[0.002s][info][gc,init] CardTable entry size: 512
[0.002s][info][gc     ] Using G1
[0.009s][info][gc,init] Version: 24-internal-adhoc.thomas.source (release)
[0.009s][info][gc,init] CPUs: 8 total, 6 available
[0.009s][info][gc,init] Memory: 15662M
[0.009s][info][gc,init] Large Page Support: Disabled
[0.009s][info][gc,init] NUMA Support: Disabled
[0.009s][info][gc,init] Compressed Oops: Enabled (Zero based)
[0.009s][info][gc,init] Heap Region Size: 2M
[0.009s][info][gc,init] Heap Min Capacity: 4G
[0.009s][info][gc,init] Heap Initial Capacity: 4G
[0.009s][info][gc,init] Heap Max Capacity: 4G
[0.009s][info][gc,init] Pre-touch: Disabled
[0.009s][info][gc,init] Parallel Workers: 6
[0.009s][info][gc,init] Concurrent Workers: 2
[0.009s][info][gc,init] Concurrent Refinement Workers: 6
[0.009s][info][gc,init] Periodic GC: Disabled
[0.009s][info][gc,metaspace] CDS archive(s) not mapped
[0.009s][info][gc,metaspace] Compressed class space mapped at: 0x0000000055000000-0x0000000095000000, reserved size: 1073741824
[0.009s][info][gc,metaspace] UseCompressedClassPointers 1, UseCompactObjectHeaders 1, narrow klass pointer bits 22, max shift 10
[0.009s][info][gc,metaspace] Narrow klass base: 0x0000000055000000, Narrow klass shift: 9, Narrow klass range: 0x40000000

SPECjbb2015 Java Business Benchmark
 (c) Standard Performance Evaluation Corporation, 2015

Preparing to launch All-in-one SPECjbb2015.

Reading property file: /shared/projects/openjdk/analysis/lilliput-benefits/specjbb/results-COH-ON-G1-with-perf-1/./config/specjbb2015.props

     0s: Enumerating plugins...
     0s:    Connectivity:
     0s:             HTTP_Grizzly: Grizzly HTTP server, JDK HTTP client
     0s:              NIO_Grizzly: Grizzly NIO server, Grizzly NIO client
     0s:               HTTP_Jetty: Jetty HTTP server, JDK HTTP client
     0s:    Snapshot:
     0s:                 InMemory: Stores snapshots in heap memory
     0s:    Data Writers:
     0s:                     Demo: Send all frame to listener
     0s:                   InFile: Writing Data into file
     0s:                   Silent: Drop all frames
     0s: 
     0s: Kit validation is skipped.
     0s: Tests are skipped.
     0s: 
     0s: [0.849s][info][gc,start    ] GC(0) Pause Young (Normal) (G1 Evacuation Pause)
[0.849s][info][gc,task     ] GC(0) Using 6 workers of 6 for evacuation
[0.854s][info][gc,phases   ] GC(0)   Pre Evacuate Collection Set: 0.33ms
[0.854s][info][gc,phases   ] GC(0)   Merge Heap Roots: 0.09ms
[0.854s][info][gc,phases   ] GC(0)   Evacuate Collection Set: 4.22ms
[0.854s][info][gc,phases   ] GC(0)   Post Evacuate Collection Set: 0.48ms
[0.854s][info][gc,phases   ] GC(0)   Other: 0.48ms
[0.854s][info][gc,heap     ] GC(0) Eden regions: 102->0(99)
[0.854s][info][gc,heap     ] GC(0) Survivor regions: 0->3(13)
[0.854s][info][gc,heap     ] GC(0) Old regions: 0->0
[0.854s][info][gc,heap     ] GC(0) Humongous regions: 0->0
[0.854s][info][gc,metaspace] GC(0) Metaspace: 21068K(21248K)->21068K(21248K) NonClass: 17068K(17152K)->17068K(17152K) Class: 3999K(4096K)->3999K(4096K)
[0.854s][info][gc          ] GC(0) Pause Young (Normal) (G1 Evacuation Pause) 204M->4M(4096M) 5.800ms
[0.854s][info][gc,cpu      ] GC(0) User=0.01s Sys=0.01s Real=0.00s
[1.009s][info][gc,start    ] GC(1) Pause Young (Concurrent Start) (Metadata GC Threshold)
[1.009s][info][gc,task     ] GC(1) Using 6 workers of 6 for evacuation
[1.012s][info][gc,phases   ] GC(1)   Pre Evacuate Collection Set: 0.32ms
[1.012s][info][gc,phases   ] GC(1)   Merge Heap Roots: 0.04ms
[1.012s][info][gc,phases   ] GC(1)   Evacuate Collection Set: 2.56ms
[1.012s][info][gc,phases   ] GC(1)   Post Evacuate Collection Set: 0.33ms
[1.012s][info][gc,phases   ] GC(1)   Other: 0.07ms
[1.012s][info][gc,heap     ] GC(1) Eden regions: 47->0(99)
[1.012s][info][gc,heap     ] GC(1) Survivor regions: 3->3(13)
[1.012s][info][gc,heap     ] GC(1) Old regions: 0->0
[1.012s][info][gc,heap     ] GC(1) Humongous regions: 0->0
[1.012s][info][gc,metaspace] GC(1) Metaspace: 21396K(21504K)->21396K(21504K) NonClass: 17365K(17408K)->17365K(17408K) Class: 4031K(4096K)->4031K(4096K)
[1.012s][info][gc          ] GC(1) Pause Young (Concurrent Start) (Metadata GC Threshold) 98M->5M(4096M) 3.441ms
[1.012s][info][gc,cpu      ] GC(1) User=0.02s Sys=0.00s Real=0.00s
[1.012s][info][gc          ] GC(2) Concurrent Mark Cycle
[1.012s][info][gc,marking  ] GC(2) Concurrent Scan Root Regions
[1.013s][info][gc,marking  ] GC(2) Concurrent Scan Root Regions 1.457ms
[1.013s][info][gc,marking  ] GC(2) Concurrent Mark
[1.013s][info][gc,marking  ] GC(2) Concurrent Mark From Roots
[1.013s][info][gc,task     ] GC(2) Using 2 workers of 2 for marking
[1.014s][info][gc,marking  ] GC(2) Concurrent Mark From Roots 0.664ms
[1.014s][info][gc,marking  ] GC(2) Concurrent Preclean
[1.014s][info][gc,marking  ] GC(2) Concurrent Preclean 0.005ms
[1.014s][info][gc,start    ] GC(2) Pause Remark
[1.015s][info][gc          ] GC(2) Pause Remark 6M->6M(4096M) 0.776ms
[1.015s][info][gc,cpu      ] GC(2) User=0.01s Sys=0.00s Real=0.00s
[1.015s][info][gc,marking  ] GC(2) Concurrent Mark 1.600ms
[1.015s][info][gc,marking  ] GC(2) Concurrent Rebuild Remembered Sets and Scrub Regions
[1.015s][info][gc,marking  ] GC(2) Concurrent Rebuild Remembered Sets and Scrub Regions 0.045ms
[1.015s][info][gc,start    ] GC(2) Pause Cleanup
[1.015s][info][gc          ] GC(2) Pause Cleanup 6M->6M(4096M) 0.011ms
[1.015s][info][gc,cpu      ] GC(2) User=0.00s Sys=0.00s Real=0.00s
[1.015s][info][gc,marking  ] GC(2) Concurrent Clear Claimed Marks
[1.015s][info][gc,marking  ] GC(2) Concurrent Clear Claimed Marks 0.007ms
[1.015s][info][gc,marking  ] GC(2) Concurrent Cleanup for Next Mark
[1.021s][info][gc,marking  ] GC(2) Concurrent Cleanup for Next Mark 5.530ms
[1.021s][info][gc          ] GC(2) Concurrent Mark Cycle 8.824ms
Ladies and gentlemen, this is your Controller speaking.
     0s: We are delighted in having you for benchmark run today.
     0s: 
     0s: Binary log file is ./specjbb2015-C-20240906-00001.data.gz
     0s: 
     0s: Performing handshake with all agents ...
     0s: 
     0s:  Agent Group1.TxInjector.CompositeTxInjector has attached to Controller
     0s:  Agent Group1.Backend.CompositeBackend has attached to Controller
     0s: 
     0s: All agents have connected.
     0s: 
     0s: Attached agents info:

Group "Group1"
    TxInjectors:
        CompositeTxInjector, includes { Driver } @ [local in-Java link]
    Backends:
        CompositeBackend, includes { SM(2),SP(2) } @ [local in-Java link]

     0s: Initializing... (init[1.205s][info][gc,start    ] GC(3) Pause Young (Normal) (G1 Evacuation Pause)
[1.205s][info][gc,task     ] GC(3) Using 6 workers of 6 for evacuation
[1.269s][info][gc,phases   ] GC(3)   Pre Evacuate Collection Set: 0.30ms
[1.269s][info][gc,phases   ] GC(3)   Merge Heap Roots: 0.07ms
[1.269s][info][gc,phases   ] GC(3)   Evacuate Collection Set: 62.39ms
[1.269s][info][gc,phases   ] GC(3)   Post Evacuate Collection Set: 0.65ms
[1.269s][info][gc,phases   ] GC(3)   Other: 0.06ms
[1.269s][info][gc,heap     ] GC(3) Eden regions: 99->0(89)
[1.269s][info][gc,heap     ] GC(3) Survivor regions: 3->13(13)
[1.269s][info][gc,heap     ] GC(3) Old regions: 0->52
[1.269s][info][gc,heap     ] GC(3) Humongous regions: 15->15
[1.269s][info][gc,metaspace] GC(3) Metaspace: 22621K(22720K)->22621K(22720K) NonClass: 18360K(18432K)->18360K(18432K) Class: 4260K(4288K)->4260K(4288K)
[1.269s][info][gc          ] GC(3) Pause Young (Normal) (G1 Evacuation Pause) 233M->160M(4096M) 63.594ms
[1.269s][info][gc,cpu      ] GC(3) User=0.29s Sys=0.08s Real=0.07s
[1.363s][info][gc,start    ] GC(4) Pause Young (Normal) (G1 Evacuation Pause)
[1.364s][info][gc,task     ] GC(4) Using 6 workers of 6 for evacuation
[1.437s][info][gc,phases   ] GC(4)   Pre Evacuate Collection Set: 0.35ms
[1.437s][info][gc,phases   ] GC(4)   Merge Heap Roots: 0.25ms
[1.437s][info][gc,phases   ] GC(4)   Evacuate Collection Set: 72.13ms
[1.437s][info][gc,phases   ] GC(4)   Post Evacuate Collection Set: 0.46ms
[1.437s][info][gc,phases   ] GC(4)   Other: 0.06ms
[1.437s][info][gc,heap     ] GC(4) Eden regions: 89->0(89)
[1.437s][info][gc,heap     ] GC(4) Survivor regions: 13->13(13)
[1.437s][info][gc,heap     ] GC(4) Old regions: 52->119
[1.437s][info][gc,heap     ] GC(4) Humongous regions: 15->15
[1.437s][info][gc,metaspace] GC(4) Metaspace: 22660K(22784K)->22660K(22784K) NonClass: 18399K(18496K)->18399K(18496K) Class: 4260K(4288K)->4260K(4288K)
[1.437s][info][gc          ] GC(4) Pause Young (Normal) (G1 Evacuation Pause) 338M->293M(4096M) 73.387ms
[1.437s][info][gc,cpu      ] GC(4) User=0.40s Sys=0.03s Real=0.08s
[1.568s][info][gc,start    ] GC(5) Pause Young (Normal) (G1 Evacuation Pause)
[1.569s][info][gc,task     ] GC(5) Using 6 workers of 6 for evacuation
[1.638s][info][gc,phases   ] GC(5)   Pre Evacuate Collection Set: 0.35ms
[1.638s][info][gc,phases   ] GC(5)   Merge Heap Roots: 0.12ms
[1.638s][info][gc,phases   ] GC(5)   Evacuate Collection Set: 68.77ms
[1.638s][info][gc,phases   ] GC(5)   Post Evacuate Collection Set: 0.24ms
[1.638s][info][gc,phases   ] GC(5)   Other: 0.05ms
[1.638s][info][gc,heap     ] GC(5) Eden regions: 89->0(89)
[1.638s][info][gc,heap     ] GC(5) Survivor regions: 13->13(13)
[1.638s][info][gc,heap     ] GC(5) Old regions: 119->192
[1.638s][info][gc,heap     ] GC(5) Humongous regions: 19->19
[1.638s][info][gc,metaspace] GC(5) Metaspace: 22663K(22784K)->22663K(22784K) NonClass: 18402K(18496K)->18402K(18496K) Class: 4260K(4288K)->4260K(4288K)
[1.638s][info][gc          ] GC(5) Pause Young (Normal) (G1 Evacuation Pause) 479M->448M(4096M) 69.682ms
[1.638s][info][gc,cpu      ] GC(5) User=0.37s Sys=0.03s Real=0.07s
[1.767s][info][gc,start    ] GC(6) Pause Young (Normal) (G1 Evacuation Pause)
[1.767s][info][gc,task     ] GC(6) Using 6 workers of 6 for evacuation
[1.872s][info][gc,phases   ] GC(6)   Pre Evacuate Collection Set: 0.33ms
[1.872s][info][gc,phases   ] GC(6)   Merge Heap Roots: 0.10ms
[1.872s][info][gc,phases   ] GC(6)   Evacuate Collection Set: 104.01ms
[1.872s][info][gc,phases   ] GC(6)   Post Evacuate Collection Set: 0.23ms
[1.872s][info][gc,phases   ] GC(6)   Other: 0.05ms
[1.872s][info][gc,heap     ] GC(6) Eden regions: 89->0(89)
[1.872s][info][gc,heap     ] GC(6) Survivor regions: 13->13(13)
[1.872s][info][gc,heap     ] GC(6) Old regions: 192->270
[1.872s][info][gc,heap     ] GC(6) Humongous regions: 19->19
[1.872s][info][gc,metaspace] GC(6) Metaspace: 22667K(22784K)->22667K(22784K) NonClass: 18406K(18496K)->18406K(18496K) Class: 4260K(4288K)->4260K(4288K)
[1.872s][info][gc          ] GC(6) Pause Young (Normal) (G1 Evacuation Pause) 626M->603M(4096M) 104.906ms
[1.872s][info][gc,cpu      ] GC(6) User=0.47s Sys=0.03s Real=0.10s
[2.010s][info][gc,start    ] GC(7) Pause Young (Normal) (G1 Evacuation Pause)
[2.010s][info][gc,task     ] GC(7) Using 6 workers of 6 for evacuation
[2.090s][info][gc,phases   ] GC(7)   Pre Evacuate Collection Set: 0.38ms
[2.090s][info][gc,phases   ] GC(7)   Merge Heap Roots: 0.05ms
[2.090s][info][gc,phases   ] GC(7)   Evacuate Collection Set: 79.36ms
[2.090s][info][gc,phases   ] GC(7)   Post Evacuate Collection Set: 0.25ms
[2.090s][info][gc,phases   ] GC(7)   Other: 0.06ms
[2.090s][info][gc,heap     ] GC(7) Eden regions: 89->0(89)
[2.090s][info][gc,heap     ] GC(7) Survivor regions: 13->13(13)
[2.090s][info][gc,heap     ] GC(7) Old regions: 270->347
[2.090s][info][gc,heap     ] GC(7) Humongous regions: 19->19
[2.090s][info][gc,metaspace] GC(7) Metaspace: 22675K(22784K)->22675K(22784K) NonClass: 18413K(18496K)->18413K(18496K) Class: 4261K(4288K)->4261K(4288K)
[2.090s][info][gc          ] GC(7) Pause Young (Normal) (G1 Evacuation Pause) 781M->758M(4096M) 80.276ms
[2.090s][info][gc,cpu      ] GC(7) User=0.45s Sys=0.03s Real=0.08s
[2.345s][info][gc,start    ] GC(8) Pause Young (Normal) (G1 Evacuation Pause)
[2.345s][info][gc,task     ] GC(8) Using 6 workers of 6 for evacuation
[2.420s][info][gc,phases   ] GC(8)   Pre Evacuate Collection Set: 0.30ms
[2.420s][info][gc,phases   ] GC(8)   Merge Heap Roots: 0.09ms
[2.420s][info][gc,phases   ] GC(8)   Evacuate Collection Set: 74.57ms
[2.420s][info][gc,phases   ] GC(8)   Post Evacuate Collection Set: 0.24ms
[2.420s][info][gc,phases   ] GC(8)   Other: 0.05ms
[2.420s][info][gc,heap     ] GC(8) Eden regions: 89->0(89)
[2.420s][info][gc,heap     ] GC(8) Survivor regions: 13->13(13)
[2.420s][info][gc,heap     ] GC(8) Old regions: 347->400
[2.420s][info][gc,heap     ] GC(8) Humongous regions: 29->29
[2.420s][info][gc,metaspace] GC(8) Metaspace: 22722K(22912K)->22722K(22912K) NonClass: 18459K(18560K)->18459K(18560K) Class: 4263K(4352K)->4263K(4352K)
[2.420s][info][gc          ] GC(8) Pause Young (Normal) (G1 Evacuation Pause) 956M->883M(4096M) 75.397ms
[2.420s][info][gc,cpu      ] GC(8) User=0.43s Sys=0.02s Real=0.08s
[2.582s][info][gc,start    ] GC(9) Pause Young (Normal) (G1 Evacuation Pause)
[2.582s][info][gc,task     ] GC(9) Using 6 workers of 6 for evacuation
[2.667s][info][gc,phases   ] GC(9)   Pre Evacuate Collection Set: 0.36ms
[2.667s][info][gc,phases   ] GC(9)   Merge Heap Roots: 0.28ms
[2.667s][info][gc,phases   ] GC(9)   Evacuate Collection Set: 84.44ms
[2.667s][info][gc,phases   ] GC(9)   Post Evacuate Collection Set: 0.26ms
[2.667s][info][gc,phases   ] GC(9)   Other: 0.06ms
[2.667s][info][gc,heap     ] GC(9) Eden regions: 89->0(89)
[2.667s][info][gc,heap     ] GC(9) Survivor regions: 13->13(13)
[2.667s][info][gc,heap     ] GC(9) Old regions: 400->466
[2.667s][info][gc,heap     ] GC(9) Humongous regions: 34->34
[2.667s][info][gc,metaspace] GC(9) Metaspace: 22730K(22912K)->22730K(22912K) NonClass: 18466K(18560K)->18466K(18560K) Class: 4263K(4352K)->4263K(4352K)
[2.667s][info][gc          ] GC(9) Pause Young (Normal) (G1 Evacuation Pause) 1071M->1026M(4096M) 85.526ms
[2.667s][info][gc,cpu      ] GC(9) User=0.48s Sys=0.02s Real=0.09s
) OK
     2s: 
     2s: Check whether properties are compliant
     2s: (validation=PASSED) Property settings are COMPLIANT.
     2s: 
     2s: Searching for high-bound for max-jOPS possible for this system
     2s: Searching from base IR = 100
     2s:       rampup IR =      0 [reconfig (term) [2.953s][info][gc,start    ] GC(10) Pause Full (System.gc())
[2.953s][info][gc,task     ] GC(10) Using 6 workers of 6 for full compaction
[2.954s][info][gc,phases,start] GC(10) Phase 1: Mark live objects
[2.969s][info][gc,phases      ] GC(10) Phase 1: Mark live objects 15.936ms
[2.970s][info][gc,phases,start] GC(10) Phase 2: Prepare compaction
[2.975s][info][gc,phases      ] GC(10) Phase 2: Prepare compaction 5.670ms
[2.975s][info][gc,phases,start] GC(10) Phase 3: Adjust pointers
[2.984s][info][gc,phases      ] GC(10) Phase 3: Adjust pointers 8.272ms
[2.984s][info][gc,phases,start] GC(10) Phase 4: Compact heap
[2.992s][info][gc,phases      ] GC(10) Phase 4: Compact heap 8.429ms
[2.992s][info][gc,phases,start] GC(10) Phase 5: Reset Metadata
[2.995s][info][gc,phases      ] GC(10) Phase 5: Reset Metadata 2.554ms
[2.999s][info][gc,heap        ] GC(10) Eden regions: 63->0(102)
[2.999s][info][gc,heap        ] GC(10) Survivor regions: 13->0(13)
[2.999s][info][gc,heap        ] GC(10) Old regions: 466->34
[2.999s][info][gc,heap        ] GC(10) Humongous regions: 46->13
[2.999s][info][gc,metaspace   ] GC(10) Metaspace: 23021K(23232K)->23021K(23232K) NonClass: 18714K(18816K)->18714K(18816K) Class: 4306K(4416K)->4306K(4416K)
[2.999s][info][gc             ] GC(10) Pause Full (System.gc()) 1174M->86M(4096M) 46.263ms
[2.999s][info][gc,cpu         ] GC(10) User=0.24s Sys=0.00s Real=0.05s
(init[3.292s][info][gc,start       ] GC(11) Pause Young (Normal) (G1 Evacuation Pause)
[3.292s][info][gc,task        ] GC(11) Using 6 workers of 6 for evacuation
[3.345s][info][gc,phases      ] GC(11)   Pre Evacuate Collection Set: 0.32ms
[3.345s][info][gc,phases      ] GC(11)   Merge Heap Roots: 0.05ms
[3.345s][info][gc,phases      ] GC(11)   Evacuate Collection Set: 52.63ms
[3.345s][info][gc,phases      ] GC(11)   Post Evacuate Collection Set: 0.35ms
[3.345s][info][gc,phases      ] GC(11)   Other: 0.05ms
[3.345s][info][gc,heap        ] GC(11) Eden regions: 102->0(89)
[3.345s][info][gc,heap        ] GC(11) Survivor regions: 0->13(13)
[3.345s][info][gc,heap        ] GC(11) Old regions: 34->92
[3.345s][info][gc,heap        ] GC(11) Humongous regions: 15->15
[3.345s][info][gc,metaspace   ] GC(11) Metaspace: 23028K(23232K)->23028K(23232K) NonClass: 18721K(18816K)->18721K(18816K) Class: 4306K(4416K)->4306K(4416K)
[3.345s][info][gc             ] GC(11) Pause Young (Normal) (G1 Evacuation Pause) 294M->231M(4096M) 53.540ms
[3.345s][info][gc,cpu         ] GC(11) User=0.32s Sys=0.00s Real=0.05s
[3.382s][info][gc,start       ] GC(12) Pause Young (Normal) (G1 Evacuation Pause)
[3.382s][info][gc,task        ] GC(12) Using 6 workers of 6 for evacuation
[3.449s][info][gc,phases      ] GC(12)   Pre Evacuate Collection Set: 0.33ms
[3.449s][info][gc,phases      ] GC(12)   Merge Heap Roots: 0.23ms
[3.449s][info][gc,phases      ] GC(12)   Evacuate Collection Set: 66.52ms
[3.449s][info][gc,phases      ] GC(12)   Post Evacuate Collection Set: 0.23ms
[3.449s][info][gc,phases      ] GC(12)   Other: 0.05ms
[3.449s][info][gc,heap        ] GC(12) Eden regions: 89->0(89)
[3.449s][info][gc,heap        ] GC(12) Survivor regions: 13->13(13)
[3.449s][info][gc,heap        ] GC(12) Old regions: 92->165
[3.449s][info][gc,heap        ] GC(12) Humongous regions: 15->15
[3.449s][info][gc,metaspace   ] GC(12) Metaspace: 23028K(23232K)->23028K(23232K) NonClass: 18721K(18816K)->18721K(18816K) Class: 4306K(4416K)->4306K(4416K)
[3.449s][info][gc             ] GC(12) Pause Young (Normal) (G1 Evacuation Pause) 409M->378M(4096M) 67.485ms
[3.449s][info][gc,cpu         ] GC(12) User=0.40s Sys=0.00s Real=0.07s
[3.485s][info][gc,start       ] GC(13) Pause Young (Normal) (G1 Evacuation Pause)
[3.485s][info][gc,task        ] GC(13) Using 6 workers of 6 for evacuation
[3.549s][info][gc,phases      ] GC(13)   Pre Evacuate Collection Set: 0.37ms
[3.549s][info][gc,phases      ] GC(13)   Merge Heap Roots: 0.07ms
[3.549s][info][gc,phases      ] GC(13)   Evacuate Collection Set: 63.84ms
[3.549s][info][gc,phases      ] GC(13)   Post Evacuate Collection Set: 0.24ms
[3.549s][info][gc,phases      ] GC(13)   Other: 0.05ms
[3.549s][info][gc,heap        ] GC(13) Eden regions: 89->0(89)
[3.549s][info][gc,heap        ] GC(13) Survivor regions: 13->13(13)
[3.549s][info][gc,heap        ] GC(13) Old regions: 165->239
[3.549s][info][gc,heap        ] GC(13) Humongous regions: 15->15
[3.549s][info][gc,metaspace   ] GC(13) Metaspace: 23028K(23232K)->23028K(23232K) NonClass: 18721K(18816K)->18721K(18816K) Class: 4306K(4416K)->4306K(4416K)
[3.549s][info][gc             ] GC(13) Pause Young (Normal) (G1 Evacuation Pause) 556M->525M(4096M) 64.708ms
[3.549s][info][gc,cpu         ] GC(13) User=0.38s Sys=0.00s Real=0.07s
[3.582s][info][gc,start       ] GC(14) Pause Young (Normal) (G1 Evacuation Pause)
[3.582s][info][gc,task        ] GC(14) Using 6 workers of 6 for evacuation
[3.645s][info][gc,phases      ] GC(14)   Pre Evacuate Collection Set: 0.35ms
[3.645s][info][gc,phases      ] GC(14)   Merge Heap Roots: 0.11ms
[3.645s][info][gc,phases      ] GC(14)   Evacuate Collection Set: 62.45ms
[3.645s][info][gc,phases      ] GC(14)   Post Evacuate Collection Set: 0.24ms
[3.645s][info][gc,phases      ] GC(14)   Other: 0.05ms
[3.645s][info][gc,heap        ] GC(14) Eden regions: 89->0(89)
[3.645s][info][gc,heap        ] GC(14) Survivor regions: 13->13(13)
[3.645s][info][gc,heap        ] GC(14) Old regions: 239->314
[3.645s][info][gc,heap        ] GC(14) Humongous regions: 15->15
[3.645s][info][gc,metaspace   ] GC(14) Metaspace: 23036K(23232K)->23036K(23232K) NonClass: 18729K(18816K)->18729K(18816K) Class: 4306K(4416K)->4306K(4416K)
[3.645s][info][gc             ] GC(14) Pause Young (Normal) (G1 Evacuation Pause) 703M->675M(4096M) 63.321ms
[3.645s][info][gc,cpu         ] GC(14) User=0.38s Sys=0.00s Real=0.06s
[3.778s][info][gc,start       ] GC(15) Pause Young (Normal) (G1 Evacuation Pause)
[3.778s][info][gc,task        ] GC(15) Using 6 workers of 6 for evacuation
[3.843s][info][gc,phases      ] GC(15)   Pre Evacuate Collection Set: 0.30ms
[3.843s][info][gc,phases      ] GC(15)   Merge Heap Roots: 0.15ms
[3.843s][info][gc,phases      ] GC(15)   Evacuate Collection Set: 64.48ms
[3.843s][info][gc,phases      ] GC(15)   Post Evacuate Collection Set: 0.25ms
[3.843s][info][gc,phases      ] GC(15)   Other: 0.05ms
[3.843s][info][gc,heap        ] GC(15) Eden regions: 89->0(103)
[3.843s][info][gc,heap        ] GC(15) Survivor regions: 13->13(13)
[3.843s][info][gc,heap        ] GC(15) Old regions: 314->377
[3.843s][info][gc,heap        ] GC(15) Humongous regions: 23->23
[3.843s][info][gc,metaspace   ] GC(15) Metaspace: 23048K(23232K)->23048K(23232K) NonClass: 18741K(18816K)->18741K(18816K) Class: 4306K(4416K)->4306K(4416K)
[3.843s][info][gc             ] GC(15) Pause Young (Normal) (G1 Evacuation Pause) 869M->817M(4096M) 65.366ms
[3.843s][info][gc,cpu         ] GC(15) User=0.39s Sys=0.00s Real=0.06s
[3.985s][info][gc,start       ] GC(16) Pause Young (Normal) (G1 Evacuation Pause)
[3.985s][info][gc,task        ] GC(16) Using 6 workers of 6 for evacuation
[4.062s][info][gc,phases      ] GC(16)   Pre Evacuate Collection Set: 0.33ms
[4.062s][info][gc,phases      ] GC(16)   Merge Heap Roots: 0.26ms
[4.062s][info][gc,phases      ] GC(16)   Evacuate Collection Set: 76.56ms
[4.062s][info][gc,phases      ] GC(16)   Post Evacuate Collection Set: 0.33ms
[4.062s][info][gc,phases      ] GC(16)   Other: 0.05ms
[4.062s][info][gc,heap        ] GC(16) Eden regions: 89->0(114)
[4.062s][info][gc,heap        ] GC(16) Survivor regions: 13->13(13)
[4.062s][info][gc,heap        ] GC(16) Old regions: 377->438
[4.062s][info][gc,heap        ] GC(16) Humongous regions: 32->32
[4.062s][info][gc,metaspace   ] GC(16) Metaspace: 23051K(23296K)->23051K(23296K) NonClass: 18745K(18880K)->18745K(18880K) Class: 4306K(4416K)->4306K(4416K)
[4.062s][info][gc             ] GC(16) Pause Young (Normal) (G1 Evacuation Pause) 1013M->957M(4096M) 77.650ms
[4.062s][info][gc,cpu         ] GC(16) User=0.46s Sys=0.01s Real=0.08s
[4.299s][info][gc,start       ] GC(17) Pause Young (Normal) (G1 Evacuation Pause)
[4.299s][info][gc,task        ] GC(17) Using 6 workers of 6 for evacuation
[4.388s][info][gc,phases      ] GC(17)   Pre Evacuate Collection Set: 0.38ms
[4.388s][info][gc,phases      ] GC(17)   Merge Heap Roots: 0.32ms
[4.388s][info][gc,phases      ] GC(17)   Evacuate Collection Set: 87.85ms
[4.388s][info][gc,phases      ] GC(17)   Post Evacuate Collection Set: 0.33ms
[4.388s][info][gc,phases      ] GC(17)   Other: 0.06ms
[4.388s][info][gc,heap        ] GC(17) Eden regions: 100->0(120)
[4.388s][info][gc,heap        ] GC(17) Survivor regions: 13->15(15)
[4.388s][info][gc,heap        ] GC(17) Old regions: 438->492
[4.388s][info][gc,heap        ] GC(17) Humongous regions: 45->45
[4.388s][info][gc,metaspace   ] GC(17) Metaspace: 23051K(23296K)->23051K(23296K) NonClass: 18745K(18880K)->18745K(18880K) Class: 4306K(4416K)->4306K(4416K)
[4.388s][info][gc             ] GC(17) Pause Young (Normal) (G1 Evacuation Pause) 1183M->1096M(4096M) 89.094ms
[4.388s][info][gc,cpu         ] GC(17) User=0.52s Sys=0.01s Real=0.09s
) ] ... (rIR:aIR:PR = 0:0:0) (tPR = 0) [OK] 
     7s:       rampup IR =     10 ... (rIR:aIR:PR = 10:12:12) (tPR = 894) [OK] 
    10s:       rampup IR =     20 ... (rIR:aIR:PR = 20:18:18) (tPR = 1387) [OK] 
    13s:       rampup IR =     30 .... (rIR:aIR:PR = 30:28:28) (tPR = 2044) [OK] 
    17s:       rampup IR =     40 .... (rIR:aIR:PR = 40:38:38) (tPR = 2609) [OK] 
    21s:       rampup IR =     50 .... (rIR:aIR:PR = 50:52:51) (tPR = 3262) [OK] 
    25s:       rampup IR =     60 ...[29.029s][info][gc,start       ] GC(18) Pause Young (Normal) (G1 Evacuation Pause)
[29.029s][info][gc,task        ] GC(18) Using 6 workers of 6 for evacuation
[29.064s][info][gc,phases      ] GC(18)   Pre Evacuate Collection Set: 0.36ms
[29.064s][info][gc,phases      ] GC(18)   Merge Heap Roots: 0.24ms
[29.064s][info][gc,phases      ] GC(18)   Evacuate Collection Set: 33.75ms
[29.064s][info][gc,phases      ] GC(18)   Post Evacuate Collection Set: 0.33ms
[29.064s][info][gc,phases      ] GC(18)   Other: 0.07ms
[29.064s][info][gc,heap        ] GC(18) Eden regions: 127->0(155)
[29.064s][info][gc,heap        ] GC(18) Survivor regions: 15->10(18)
[29.064s][info][gc,heap        ] GC(18) Old regions: 492->509
[29.064s][info][gc,heap        ] GC(18) Humongous regions: 46->46
[29.064s][info][gc,metaspace   ] GC(18) Metaspace: 25049K(25216K)->25049K(25216K) NonClass: 20563K(20672K)->20563K(20672K) Class: 4485K(4544K)->4485K(4544K)
[29.064s][info][gc             ] GC(18) Pause Young (Normal) (G1 Evacuation Pause) 1352M->1121M(4096M) 34.908ms
[29.064s][info][gc,cpu         ] GC(18) User=0.20s Sys=0.00s Real=0.03s
. (rIR:aIR:PR = 60:60:58) (tPR = 3518) [OK] 
    29s:       rampup IR =     70 .... (rIR:aIR:PR = 70:70:69) (tPR = 4383) [OK] 
    33s:       rampup IR =     80 .... (rIR:aIR:PR = 80:78:76) (tPR = 4450) [OK] 
    37s:       rampup IR =     90 .... (rIR:aIR:PR = 90:91:90) (tPR = 4513) [OK] 
    41s:       rampup IR =    100 .... (rIR:aIR:PR = 100:104:101) (tPR = 4538) [OK] 
    45s:    snapshot, IR =    100 ...[49.325s][info][gc,start       ] GC(19) Pause Young (Normal) (G1 Evacuation Pause)
[49.325s][info][gc,task        ] GC(19) Using 6 workers of 6 for evacuation
[49.350s][info][gc,phases      ] GC(19)   Pre Evacuate Collection Set: 0.40ms
[49.350s][info][gc,phases      ] GC(19)   Merge Heap Roots: 0.21ms
[49.350s][info][gc,phases      ] GC(19)   Evacuate Collection Set: 23.44ms
[49.350s][info][gc,phases      ] GC(19)   Post Evacuate Collection Set: 0.36ms
[49.350s][info][gc,phases      ] GC(19)   Other: 0.07ms
[49.350s][info][gc,heap        ] GC(19) Eden regions: 170->0(212)
[49.350s][info][gc,heap        ] GC(19) Survivor regions: 10->19(23)
[49.350s][info][gc,heap        ] GC(19) Old regions: 509->509
[49.350s][info][gc,heap        ] GC(19) Humongous regions: 46->46
[49.350s][info][gc,metaspace   ] GC(19) Metaspace: 25179K(25344K)->25179K(25344K) NonClass: 20691K(20800K)->20691K(20800K) Class: 4487K(4544K)->4487K(4544K)
[49.350s][info][gc             ] GC(19) Pause Young (Normal) (G1 Evacuation Pause) 1461M->1139M(4096M) 24.618ms
[49.350s][info][gc,cpu         ] GC(19) User=0.14s Sys=0.00s Real=0.03s
..|......................[73.268s][info][gc,start       ] GC(20) Pause Young (Normal) (G1 Evacuation Pause)
[73.268s][info][gc,task        ] GC(20) Using 6 workers of 6 for evacuation
[73.302s][info][gc,phases      ] GC(20)   Pre Evacuate Collection Set: 0.39ms
[73.302s][info][gc,phases      ] GC(20)   Merge Heap Roots: 0.22ms
[73.302s][info][gc,phases      ] GC(20)   Evacuate Collection Set: 32.93ms
[73.302s][info][gc,phases      ] GC(20)   Post Evacuate Collection Set: 0.45ms
[73.302s][info][gc,phases      ] GC(20)   Other: 0.09ms
[73.302s][info][gc,heap        ] GC(20) Eden regions: 228->0(264)
[73.302s][info][gc,heap        ] GC(20) Survivor regions: 19->24(31)
[73.302s][info][gc,heap        ] GC(20) Old regions: 509->517
[73.302s][info][gc,heap        ] GC(20) Humongous regions: 46->46
[73.302s][info][gc,metaspace   ] GC(20) Metaspace: 27172K(27392K)->27172K(27392K) NonClass: 22362K(22464K)->22362K(22464K) Class: 4810K(4928K)->4810K(4928K)
[73.302s][info][gc             ] GC(20) Pause Young (Normal) (G1 Evacuation Pause) 1595M->1164M(4096M) 34.230ms
[73.302s][info][gc,cpu         ] GC(20) User=0.19s Sys=0.01s Real=0.03s
........ (rIR:aIR:PR = 100:100:98) (tPR = 3073) [OK] 
    80s: Performing snapshot: (quiescence.....) (stop TxI) (stop BE) (saving... 103742 Kb) (term) [87.630s][info][gc,start       ] GC(21) Pause Full (System.gc())
[87.630s][info][gc,task        ] GC(21) Using 6 workers of 6 for full compaction
[87.630s][info][gc,phases,start] GC(21) Phase 1: Mark live objects
[87.645s][info][gc,phases      ] GC(21) Phase 1: Mark live objects 14.635ms
[87.645s][info][gc,phases,start] GC(21) Phase 2: Prepare compaction
[87.647s][info][gc,phases      ] GC(21) Phase 2: Prepare compaction 2.069ms
[87.647s][info][gc,phases,start] GC(21) Phase 3: Adjust pointers
[87.654s][info][gc,phases      ] GC(21) Phase 3: Adjust pointers 6.502ms
[87.654s][info][gc,phases,start] GC(21) Phase 4: Compact heap
[87.656s][info][gc,phases      ] GC(21) Phase 4: Compact heap 1.974ms
[87.656s][info][gc,phases,start] GC(21) Phase 5: Reset Metadata
[87.660s][info][gc,phases      ] GC(21) Phase 5: Reset Metadata 4.657ms
[87.666s][info][gc,heap        ] GC(21) Eden regions: 152->0(307)
[87.666s][info][gc,heap        ] GC(21) Survivor regions: 24->0(31)
[87.666s][info][gc,heap        ] GC(21) Old regions: 517->35
[87.666s][info][gc,heap        ] GC(21) Humongous regions: 331->66
[87.666s][info][gc,metaspace   ] GC(21) Metaspace: 27360K(27584K)->27360K(27584K) NonClass: 22541K(22656K)->22541K(22656K) Class: 4818K(4928K)->4818K(4928K)
[87.666s][info][gc             ] GC(21) Pause Full (System.gc()) 2038M->193M(4096M) 36.463ms
[87.666s][info][gc,cpu         ] GC(21) User=0.19s Sys=0.00s Real=0.03s
(init[88.407s][info][gc,start       ] GC(22) Pause Young (Normal) (G1 Evacuation Pause)
[88.408s][info][gc,task        ] GC(22) Using 6 workers of 6 for evacuation
[88.555s][info][gc,phases      ] GC(22)   Pre Evacuate Collection Set: 0.31ms
[88.555s][info][gc,phases      ] GC(22)   Merge Heap Roots: 0.29ms
[88.555s][info][gc,phases      ] GC(22)   Evacuate Collection Set: 146.74ms
[88.555s][info][gc,phases      ] GC(22)   Post Evacuate Collection Set: 0.45ms
[88.555s][info][gc,phases      ] GC(22)   Other: 0.08ms
[88.555s][info][gc,heap        ] GC(22) Eden regions: 285->0(235)
[88.555s][info][gc,heap        ] GC(22) Survivor regions: 0->36(36)
[88.555s][info][gc,heap        ] GC(22) Old regions: 35->97
[88.555s][info][gc,heap        ] GC(22) Humongous regions: 107->106
[88.555s][info][gc,metaspace   ] GC(22) Metaspace: 27435K(27712K)->27435K(27712K) NonClass: 22607K(22784K)->22607K(22784K) Class: 4827K(4928K)->4827K(4928K)
[88.555s][info][gc             ] GC(22) Pause Young (Normal) (G1 Evacuation Pause) 845M->469M(4096M) 147.983ms
[88.555s][info][gc,cpu         ] GC(22) User=0.86s Sys=0.01s Real=0.14s
[88.870s][info][gc,start       ] GC(23) Pause Young (Normal) (G1 Evacuation Pause)
[88.870s][info][gc,task        ] GC(23) Using 6 workers of 6 for evacuation
[89.028s][info][gc,phases      ] GC(23)   Pre Evacuate Collection Set: 0.29ms
[89.028s][info][gc,phases      ] GC(23)   Merge Heap Roots: 0.37ms
[89.028s][info][gc,phases      ] GC(23)   Evacuate Collection Set: 157.14ms
[89.028s][info][gc,phases      ] GC(23)   Post Evacuate Collection Set: 0.41ms
[89.028s][info][gc,phases      ] GC(23)   Other: 0.06ms
[89.028s][info][gc,heap        ] GC(23) Eden regions: 213->0(220)
[89.028s][info][gc,heap        ] GC(23) Survivor regions: 36->32(32)
[89.028s][info][gc,heap        ] GC(23) Old regions: 97->203
[89.028s][info][gc,heap        ] GC(23) Humongous regions: 124->123
[89.028s][info][gc,metaspace   ] GC(23) Metaspace: 27456K(27712K)->27456K(27712K) NonClass: 22626K(22784K)->22626K(22784K) Class: 4830K(4928K)->4830K(4928K)
[89.028s][info][gc             ] GC(23) Pause Young (Normal) (G1 Evacuation Pause) 931M->707M(4096M) 158.399ms
[89.029s][info][gc,cpu         ] GC(23) User=0.93s Sys=0.00s Real=0.16s
[89.534s][info][gc,start       ] GC(24) Pause Young (Normal) (G1 Evacuation Pause)
[89.534s][info][gc,task        ] GC(24) Using 6 workers of 6 for evacuation
[89.673s][info][gc,phases      ] GC(24)   Pre Evacuate Collection Set: 0.35ms
[89.673s][info][gc,phases      ] GC(24)   Merge Heap Roots: 0.41ms
[89.673s][info][gc,phases      ] GC(24)   Evacuate Collection Set: 137.52ms
[89.673s][info][gc,phases      ] GC(24)   Post Evacuate Collection Set: 0.41ms
[89.673s][info][gc,phases      ] GC(24)   Other: 0.06ms
[89.673s][info][gc,heap        ] GC(24) Eden regions: 214->0(223)
[89.673s][info][gc,heap        ] GC(24) Survivor regions: 32->31(31)
[89.673s][info][gc,heap        ] GC(24) Old regions: 203->304
[89.673s][info][gc,heap        ] GC(24) Humongous regions: 161->159
[89.673s][info][gc,metaspace   ] GC(24) Metaspace: 27463K(27712K)->27463K(27712K) NonClass: 22632K(22784K)->22632K(22784K) Class: 4831K(4928K)->4831K(4928K)
[89.673s][info][gc             ] GC(24) Pause Young (Normal) (G1 Evacuation Pause) 1211M->978M(4096M) 138.886ms
[89.673s][info][gc,cpu         ] GC(24) User=0.82s Sys=0.00s Real=0.14s
) ...
    92s:       rampup IR =      0 ... (rIR:aIR:PR = 0:0:0) (tPR = 0) [OK] 
    95s:       rampup IR =     10 [96.213s][info][gc,start       ] GC(25) Pause Young (Normal) (G1 Evacuation Pause)
[96.214s][info][gc,task        ] GC(25) Using 6 workers of 6 for evacuation
[96.392s][info][gc,phases      ] GC(25)   Pre Evacuate Collection Set: 0.33ms
[96.392s][info][gc,phases      ] GC(25)   Merge Heap Roots: 0.20ms
[96.392s][info][gc,phases      ] GC(25)   Evacuate Collection Set: 177.08ms
[96.392s][info][gc,phases      ] GC(25)   Post Evacuate Collection Set: 0.39ms
[96.392s][info][gc,phases      ] GC(25)   Other: 0.06ms
[96.392s][info][gc,heap        ] GC(25) Eden regions: 256->0(187)
[96.392s][info][gc,heap        ] GC(25) Survivor regions: 31->36(36)
[96.392s][info][gc,heap        ] GC(25) Old regions: 304->513
[96.392s][info][gc,heap        ] GC(25) Humongous regions: 159->159
[96.392s][info][gc,metaspace   ] GC(25) Metaspace: 27503K(27712K)->27503K(27712K) NonClass: 22672K(22784K)->22672K(22784K) Class: 4831K(4928K)->4831K(4928K)
[96.392s][info][gc             ] GC(25) Pause Young (Normal) (G1 Evacuation Pause) 1490M->1406M(4096M) 178.185ms
[96.392s][info][gc,cpu         ] GC(25) User=1.05s Sys=0.00s Real=0.18s
... (rIR:aIR:PR = 10:10:10) (tPR = 357) [OK] 
    98s:       rampup IR =     20 ... (rIR:aIR:PR = 20:18:18) (tPR = 529) [OK] 
   101s:       rampup IR =     30 .... (rIR:aIR:PR = 30:32:32) (tPR = 933) [OK] 
   105s:       rampup IR =     40 .... (rIR:aIR:PR = 40:40:40) (tPR = 918) [OK] 
   109s:       rampup IR =     50 .... (rIR:aIR:PR = 50:50:49) (tPR = 1180) [OK] 
   113s:       rampup IR =     60 .... (rIR:aIR:PR = 60:62:61) (tPR = 1505) [OK] 
   117s:       rampup IR =     70 .... (rIR:aIR:PR = 70:71:69) (tPR = 1812) [OK] 
   121s:       rampup IR =     80 .... (rIR:aIR:PR = 80:81:79) (tPR = 1751) [OK] 
   125s:       rampup IR =     90 .... (rIR:aIR:PR = 90:91:89) (tPR = 1790) [OK] 
   129s:       rampup IR =    100 .... (rIR:aIR:PR = 100:104:101) (tPR = 2350) [OK] 
   133s:       trying IR =    200 .... (rIR:aIR:PR = 200:201:196) (tPR = 4060) [OK] 
   137s:       trying IR =    220 ...[140.831s][info][gc,start       ] GC(26) Pause Young (Normal) (G1 Evacuation Pause)
[140.831s][info][gc,task        ] GC(26) Using 6 workers of 6 for evacuation
[140.879s][info][gc,phases      ] GC(26)   Pre Evacuate Collection Set: 0.37ms
[140.879s][info][gc,phases      ] GC(26)   Merge Heap Roots: 0.56ms
[140.879s][info][gc,phases      ] GC(26)   Evacuate Collection Set: 46.63ms
[140.879s][info][gc,phases      ] GC(26)   Post Evacuate Collection Set: 0.48ms
[140.879s][info][gc,phases      ] GC(26)   Other: 0.06ms
[140.879s][info][gc,heap        ] GC(26) Eden regions: 184->0(288)
[140.879s][info][gc,heap        ] GC(26) Survivor regions: 36->18(28)
[140.879s][info][gc,heap        ] GC(26) Old regions: 513->548
[140.879s][info][gc,heap        ] GC(26) Humongous regions: 159->159
[140.879s][info][gc,metaspace   ] GC(26) Metaspace: 27663K(27904K)->27663K(27904K) NonClass: 22829K(22976K)->22829K(22976K) Class: 4833K(4928K)->4833K(4928K)
[140.879s][info][gc             ] GC(26) Pause Young (Normal) (G1 Evacuation Pause) 1774M->1440M(4096M) 48.223ms
[140.879s][info][gc,cpu         ] GC(26) User=0.28s Sys=0.00s Real=0.05s
. (rIR:aIR:PR = 220:222:217) (tPR = 4058) [OK] 
   141s:       trying IR =    244 .... (rIR:aIR:PR = 244:244:238) (tPR = 4600) [OK] 
   145s:       trying IR =    273 .... (rIR:aIR:PR = 273:274:270) (tPR = 5353) [OK] 
   149s:       trying IR =    307 .... (rIR:aIR:PR = 307:306:299) (tPR = 6173) [OK] 
   153s:       trying IR =    349 .[155.419s][info][gc,start       ] GC(27) Pause Young (Normal) (G1 Evacuation Pause)
[155.419s][info][gc,task        ] GC(27) Using 6 workers of 6 for evacuation
[155.461s][info][gc,phases      ] GC(27)   Pre Evacuate Collection Set: 0.38ms
[155.461s][info][gc,phases      ] GC(27)   Merge Heap Roots: 0.55ms
[155.461s][info][gc,phases      ] GC(27)   Evacuate Collection Set: 39.85ms
[155.461s][info][gc,phases      ] GC(27)   Post Evacuate Collection Set: 0.52ms
[155.461s][info][gc,phases      ] GC(27)   Other: 0.06ms
[155.461s][info][gc,heap        ] GC(27) Eden regions: 276->0(337)
[155.461s][info][gc,heap        ] GC(27) Survivor regions: 18->35(37)
[155.461s][info][gc,heap        ] GC(27) Old regions: 548->548
[155.461s][info][gc,heap        ] GC(27) Humongous regions: 159->159
[155.461s][info][gc,metaspace   ] GC(27) Metaspace: 27730K(27968K)->27730K(27968K) NonClass: 22897K(23040K)->22897K(23040K) Class: 4833K(4928K)->4833K(4928K)
[155.461s][info][gc             ] GC(27) Pause Young (Normal) (G1 Evacuation Pause) 1992M->1473M(4096M) 41.506ms
[155.461s][info][gc,cpu         ] GC(27) User=0.24s Sys=0.00s Real=0.04s
.... (rIR:aIR:PR = 349:349:342) (tPR = 6749) [OK] 
   158s:       trying IR =    399 .... (rIR:aIR:PR = 399:405:396) (tPR = 7598) [OK] 
   162s:       trying IR =    458 ..[165.121s][info][gc,start       ] GC(28) Pause Young (Normal) (G1 Evacuation Pause)
[165.121s][info][gc,task        ] GC(28) Using 6 workers of 6 for evacuation
[165.177s][info][gc,phases      ] GC(28)   Pre Evacuate Collection Set: 0.38ms
[165.177s][info][gc,phases      ] GC(28)   Merge Heap Roots: 0.56ms
[165.177s][info][gc,phases      ] GC(28)   Evacuate Collection Set: 54.37ms
[165.177s][info][gc,phases      ] GC(28)   Post Evacuate Collection Set: 0.54ms
[165.177s][info][gc,phases      ] GC(28)   Other: 0.09ms
[165.177s][info][gc,heap        ] GC(28) Eden regions: 325->0(380)
[165.177s][info][gc,heap        ] GC(28) Survivor regions: 35->36(45)
[165.177s][info][gc,heap        ] GC(28) Old regions: 548->563
[165.177s][info][gc,heap        ] GC(28) Humongous regions: 159->159
[165.177s][info][gc,metaspace   ] GC(28) Metaspace: 27790K(27968K)->27790K(27968K) NonClass: 22954K(23040K)->22954K(23040K) Class: 4835K(4928K)->4835K(4928K)
[165.177s][info][gc             ] GC(28) Pause Young (Normal) (G1 Evacuation Pause) 2123M->1505M(4096M) 56.068ms
[165.177s][info][gc,cpu         ] GC(28) User=0.32s Sys=0.00s Real=0.06s
.... (rIR:aIR:PR = 458:473:463) (tPR = 8656) [OK] 
   168s:       trying IR =    530 ..... (rIR:aIR:PR = 530:534:522) (tPR = 9170) [OK] 
   173s:       trying IR =    616 [174.336s][info][gc,start       ] GC(29) Pause Young (Normal) (G1 Evacuation Pause)
[174.336s][info][gc,task        ] GC(29) Using 6 workers of 6 for evacuation
[174.393s][info][gc,phases      ] GC(29)   Pre Evacuate Collection Set: 0.39ms
[174.393s][info][gc,phases      ] GC(29)   Merge Heap Roots: 0.41ms
[174.393s][info][gc,phases      ] GC(29)   Evacuate Collection Set: 55.72ms
[174.393s][info][gc,phases      ] GC(29)   Post Evacuate Collection Set: 0.49ms
[174.393s][info][gc,phases      ] GC(29)   Other: 0.09ms
[174.393s][info][gc,heap        ] GC(29) Eden regions: 390->0(438)
[174.393s][info][gc,heap        ] GC(29) Survivor regions: 36->39(54)
[174.393s][info][gc,heap        ] GC(29) Old regions: 563->579
[174.393s][info][gc,heap        ] GC(29) Humongous regions: 159->159
[174.393s][info][gc,metaspace   ] GC(29) Metaspace: 27813K(28032K)->27813K(28032K) NonClass: 22976K(23104K)->22976K(23104K) Class: 4836K(4928K)->4836K(4928K)
[174.393s][info][gc             ] GC(29) Pause Young (Normal) (G1 Evacuation Pause) 2285M->1544M(4096M) 57.242ms
[174.393s][info][gc,cpu         ] GC(29) User=0.32s Sys=0.02s Real=0.06s
.... (rIR:aIR:PR = 616:612:599) (tPR = 10802) [OK] 
   177s:       trying IR =    719 .... (rIR:aIR:PR = 719:731:714) (tPR = 12697) [OK] 
   181s:       trying IR =    843 [182.187s][info][gc,start       ] GC(30) Pause Young (Normal) (G1 Evacuation Pause)
[182.187s][info][gc,task        ] GC(30) Using 6 workers of 6 for evacuation
[182.246s][info][gc,phases      ] GC(30)   Pre Evacuate Collection Set: 0.37ms
[182.246s][info][gc,phases      ] GC(30)   Merge Heap Roots: 0.39ms
[182.246s][info][gc,phases      ] GC(30)   Evacuate Collection Set: 57.99ms
[182.246s][info][gc,phases      ] GC(30)   Post Evacuate Collection Set: 0.56ms
[182.246s][info][gc,phases      ] GC(30)   Other: 0.08ms
[182.246s][info][gc,heap        ] GC(30) Eden regions: 453->0(497)
[182.246s][info][gc,heap        ] GC(30) Survivor regions: 39->45(62)
[182.246s][info][gc,heap        ] GC(30) Old regions: 579->596
[182.246s][info][gc,heap        ] GC(30) Humongous regions: 159->159
[182.246s][info][gc,metaspace   ] GC(30) Metaspace: 27880K(28096K)->27880K(28096K) NonClass: 23042K(23168K)->23042K(23168K) Class: 4838K(4928K)->4838K(4928K)
[182.246s][info][gc             ] GC(30) Pause Young (Normal) (G1 Evacuation Pause) 2450M->1589M(4096M) 59.531ms
[182.247s][info][gc,cpu         ] GC(30) User=0.33s Sys=0.02s Real=0.05s
.... (rIR:aIR:PR = 843:838:820) (tPR = 14422) [OK] 
   185s:       trying IR =    992 ...[188.957s][info][gc,start       ] GC(31) Pause Young (Normal) (G1 Evacuation Pause)
[188.957s][info][gc,task        ] GC(31) Using 6 workers of 6 for evacuation
[189.023s][info][gc,phases      ] GC(31)   Pre Evacuate Collection Set: 0.37ms
[189.023s][info][gc,phases      ] GC(31)   Merge Heap Roots: 0.33ms
[189.023s][info][gc,phases      ] GC(31)   Evacuate Collection Set: 64.88ms
[189.023s][info][gc,phases      ] GC(31)   Post Evacuate Collection Set: 0.55ms
[189.023s][info][gc,phases      ] GC(31)   Other: 0.08ms
[189.023s][info][gc,heap        ] GC(31) Eden regions: 511->0(556)
[189.023s][info][gc,heap        ] GC(31) Survivor regions: 45->50(70)
[189.023s][info][gc,heap        ] GC(31) Old regions: 596->615
[189.023s][info][gc,heap        ] GC(31) Humongous regions: 159->159
[189.023s][info][gc,metaspace   ] GC(31) Metaspace: 27911K(28096K)->27911K(28096K) NonClass: 23073K(23168K)->23073K(23168K) Class: 4838K(4928K)->4838K(4928K)
[189.023s][info][gc             ] GC(31) Pause Young (Normal) (G1 Evacuation Pause) 2611M->1639M(4096M) 66.335ms
[189.023s][info][gc,cpu         ] GC(31) User=0.37s Sys=0.02s Real=0.06s
. (rIR:aIR:PR = 992:996:976) (tPR = 17332) [OK] 
   189s:       trying IR =   1170 .... (rIR:aIR:PR = 1170:1177:1152) (tPR = 20062) [OK] 
   193s:       trying IR =   1384 .[194.870s][info][gc,start       ] GC(32) Pause Young (Normal) (G1 Evacuation Pause)
[194.870s][info][gc,task        ] GC(32) Using 6 workers of 6 for evacuation
[194.940s][info][gc,phases      ] GC(32)   Pre Evacuate Collection Set: 0.37ms
[194.940s][info][gc,phases      ] GC(32)   Merge Heap Roots: 0.34ms
[194.940s][info][gc,phases      ] GC(32)   Evacuate Collection Set: 68.83ms
[194.940s][info][gc,phases      ] GC(32)   Post Evacuate Collection Set: 0.62ms
[194.940s][info][gc,phases      ] GC(32)   Other: 0.09ms
[194.940s][info][gc,heap        ] GC(32) Eden regions: 568->0(611)
[194.940s][info][gc,heap        ] GC(32) Survivor regions: 50->56(78)
[194.940s][info][gc,heap        ] GC(32) Old regions: 615->635
[194.940s][info][gc,heap        ] GC(32) Humongous regions: 159->159
[194.940s][info][gc,metaspace   ] GC(32) Metaspace: 28012K(28288K)->28012K(28288K) NonClass: 23158K(23296K)->23158K(23296K) Class: 4854K(4992K)->4854K(4992K)
[194.940s][info][gc             ] GC(32) Pause Young (Normal) (G1 Evacuation Pause) 2775M->1690M(4096M) 70.372ms
[194.940s][info][gc,cpu         ] GC(32) User=0.39s Sys=0.03s Real=0.07s
... (rIR:aIR:PR = 1384:1400:1373) (tPR = 24539) [OK] 
   197s:       trying IR =   1641 ..[199.902s][info][gc,start       ] GC(33) Pause Young (Normal) (G1 Evacuation Pause)
[199.902s][info][gc,task        ] GC(33) Using 6 workers of 6 for evacuation
[199.978s][info][gc,phases      ] GC(33)   Pre Evacuate Collection Set: 0.40ms
[199.978s][info][gc,phases      ] GC(33)   Merge Heap Roots: 0.35ms
[199.978s][info][gc,phases      ] GC(33)   Evacuate Collection Set: 74.80ms
[199.978s][info][gc,phases      ] GC(33)   Post Evacuate Collection Set: 0.69ms
[199.978s][info][gc,phases      ] GC(33)   Other: 0.08ms
[199.978s][info][gc,heap        ] GC(33) Eden regions: 621->0(667)
[199.978s][info][gc,heap        ] GC(33) Survivor regions: 56->60(85)
[199.978s][info][gc,heap        ] GC(33) Old regions: 635->658
[199.978s][info][gc,heap        ] GC(33) Humongous regions: 161->161
[199.978s][info][gc,metaspace   ] GC(33) Metaspace: 28033K(28352K)->28033K(28352K) NonClass: 23178K(23360K)->23178K(23360K) Class: 4854K(4992K)->4854K(4992K)
[199.978s][info][gc             ] GC(33) Pause Young (Normal) (G1 Evacuation Pause) 2936M->1749M(4096M) 76.461ms
[199.978s][info][gc,cpu         ] GC(33) User=0.43s Sys=0.01s Real=0.08s
.. (rIR:aIR:PR = 1641:1630:1617) (tPR = 28749) [OK] 
   201s:       trying IR =   1949 ..[204.337s][info][gc,start       ] GC(34) Pause Young (Normal) (G1 Evacuation Pause)
[204.337s][info][gc,task        ] GC(34) Using 6 workers of 6 for evacuation
[204.419s][info][gc,phases      ] GC(34)   Pre Evacuate Collection Set: 0.40ms
[204.419s][info][gc,phases      ] GC(34)   Merge Heap Roots: 0.38ms
[204.419s][info][gc,phases      ] GC(34)   Evacuate Collection Set: 80.45ms
[204.419s][info][gc,phases      ] GC(34)   Post Evacuate Collection Set: 0.68ms
[204.419s][info][gc,phases      ] GC(34)   Other: 0.09ms
[204.419s][info][gc,heap        ] GC(34) Eden regions: 671->0(716)
[204.419s][info][gc,heap        ] GC(34) Survivor regions: 60->64(92)
[204.419s][info][gc,heap        ] GC(34) Old regions: 658->682
[204.419s][info][gc,heap        ] GC(34) Humongous regions: 161->161
[204.419s][info][gc,metaspace   ] GC(34) Metaspace: 28064K(28352K)->28064K(28352K) NonClass: 23209K(23360K)->23209K(23360K) Class: 4854K(4992K)->4854K(4992K)
[204.419s][info][gc             ] GC(34) Pause Young (Normal) (G1 Evacuation Pause) 3091M->1804M(4096M) 82.140ms
[204.419s][info][gc,cpu         ] GC(34) User=0.46s Sys=0.03s Real=0.08s
.. (rIR:aIR:PR = 1949:1935:1935) (tPR = 32302) [OK] 
   205s:       trying IR =   2319 ..[208.501s][info][gc,start       ] GC(35) Pause Young (Normal) (G1 Evacuation Pause)
[208.501s][info][gc,task        ] GC(35) Using 6 workers of 6 for evacuation
[208.591s][info][gc,phases      ] GC(35)   Pre Evacuate Collection Set: 0.37ms
[208.591s][info][gc,phases      ] GC(35)   Merge Heap Roots: 0.35ms
[208.591s][info][gc,phases      ] GC(35)   Evacuate Collection Set: 88.58ms
[208.591s][info][gc,phases      ] GC(35)   Post Evacuate Collection Set: 0.75ms
[208.591s][info][gc,phases      ] GC(35)   Other: 0.09ms
[208.591s][info][gc,heap        ] GC(35) Eden regions: 719->0(753)
[208.591s][info][gc,heap        ] GC(35) Survivor regions: 64->73(98)
[208.591s][info][gc,heap        ] GC(35) Old regions: 682->708
[208.591s][info][gc,heap        ] GC(35) Humongous regions: 161->161
[208.591s][info][gc,metaspace   ] GC(35) Metaspace: 28092K(28352K)->28092K(28352K) NonClass: 23238K(23360K)->23238K(23360K) Class: 4854K(4992K)->4854K(4992K)
[208.591s][info][gc             ] GC(35) Pause Young (Normal) (G1 Evacuation Pause) 3242M->1875M(4096M) 90.270ms
[208.591s][info][gc,cpu         ] GC(35) User=0.51s Sys=0.02s Real=0.09s
.. (rIR:aIR:PR = 2319:2315:2310) (tPR = 38013) [OK] 
   209s:       trying IR =   2762 ..[212.470s][info][gc,start       ] GC(36) Pause Young (Normal) (G1 Evacuation Pause)
[212.470s][info][gc,task        ] GC(36) Using 6 workers of 6 for evacuation
[212.564s][info][gc,phases      ] GC(36)   Pre Evacuate Collection Set: 0.37ms
[212.564s][info][gc,phases      ] GC(36)   Merge Heap Roots: 0.35ms
[212.564s][info][gc,phases      ] GC(36)   Evacuate Collection Set: 92.56ms
[212.564s][info][gc,phases      ] GC(36)   Post Evacuate Collection Set: 0.75ms
[212.564s][info][gc,phases      ] GC(36)   Other: 0.09ms
[212.564s][info][gc,heap        ] GC(36) Eden regions: 758->0(774)
[212.564s][info][gc,heap        ] GC(36) Survivor regions: 73->77(104)
[212.564s][info][gc,heap        ] GC(36) Old regions: 708->734
[212.564s][info][gc,heap        ] GC(36) Humongous regions: 161->161
[212.564s][info][gc,metaspace   ] GC(36) Metaspace: 28194K(28480K)->28194K(28480K) NonClass: 23334K(23488K)->23334K(23488K) Class: 4860K(4992K)->4860K(4992K)
[212.564s][info][gc             ] GC(36) Pause Young (Normal) (G1 Evacuation Pause) 3391M->1935M(4096M) 94.257ms
[212.564s][info][gc,cpu         ] GC(36) User=0.53s Sys=0.03s Real=0.09s
.. (rIR:aIR:PR = 2762:2795:2795) (tPR = 42428) [OK] 
   213s:       trying IR =   3295 ..[216.124s][info][gc,start       ] GC(37) Pause Young (Normal) (G1 Evacuation Pause)
[216.124s][info][gc,task        ] GC(37) Using 6 workers of 6 for evacuation
[216.219s][info][gc,phases      ] GC(37)   Pre Evacuate Collection Set: 0.35ms
[216.219s][info][gc,phases      ] GC(37)   Merge Heap Roots: 0.37ms
[216.219s][info][gc,phases      ] GC(37)   Evacuate Collection Set: 93.80ms
[216.219s][info][gc,phases      ] GC(37)   Post Evacuate Collection Set: 0.80ms
[216.219s][info][gc,phases      ] GC(37)   Other: 0.08ms
[216.219s][info][gc,heap        ] GC(37) Eden regions: 774->0(781)
[216.219s][info][gc,heap        ] GC(37) Survivor regions: 77->80(107)
[216.219s][info][gc,heap        ] GC(37) Old regions: 734->764
[216.219s][info][gc,heap        ] GC(37) Humongous regions: 161->161
[216.219s][info][gc,metaspace   ] GC(37) Metaspace: 28450K(28800K)->28450K(28800K) NonClass: 23570K(23744K)->23570K(23744K) Class: 4880K(5056K)->4880K(5056K)
[216.219s][info][gc             ] GC(37) Pause Young (Normal) (G1 Evacuation Pause) 3483M->1999M(4096M) 95.536ms
[216.219s][info][gc,cpu         ] GC(37) User=0.55s Sys=0.01s Real=0.10s
.. (rIR:aIR:PR = 3295:3260:3260) (tPR = 50056) [OK] 
   217s:       trying IR =   3934 .[219.479s][info][gc,start       ] GC(38) Pause Young (Concurrent Start) (G1 Evacuation Pause)
[219.479s][info][gc,task        ] GC(38) Using 6 workers of 6 for evacuation
[219.577s][info][gc,phases      ] GC(38)   Pre Evacuate Collection Set: 0.43ms
[219.577s][info][gc,phases      ] GC(38)   Merge Heap Roots: 0.40ms
[219.577s][info][gc,phases      ] GC(38)   Evacuate Collection Set: 96.62ms
[219.577s][info][gc,phases      ] GC(38)   Post Evacuate Collection Set: 0.79ms
[219.577s][info][gc,phases      ] GC(38)   Other: 0.09ms
[219.577s][info][gc,heap        ] GC(38) Eden regions: 781->0(781)
[219.577s][info][gc,heap        ] GC(38) Survivor regions: 80->84(108)
[219.577s][info][gc,heap        ] GC(38) Old regions: 764->793
[219.577s][info][gc,heap        ] GC(38) Humongous regions: 161->161
[219.577s][info][gc,metaspace   ] GC(38) Metaspace: 28587K(28928K)->28587K(28928K) NonClass: 23706K(23872K)->23706K(23872K) Class: 4880K(5056K)->4880K(5056K)
[219.577s][info][gc             ] GC(38) Pause Young (Concurrent Start) (G1 Evacuation Pause) 3561M->2065M(4096M) 98.452ms
[219.577s][info][gc             ] GC(39) Concurrent Mark Cycle
[219.577s][info][gc,marking     ] GC(39) Concurrent Scan Root Regions
[219.577s][info][gc,cpu         ] GC(38) User=0.58s Sys=0.01s Real=0.10s
[219.692s][info][gc,marking     ] GC(39) Concurrent Scan Root Regions 114.956ms
[219.692s][info][gc,marking     ] GC(39) Concurrent Mark
[219.692s][info][gc,marking     ] GC(39) Concurrent Mark From Roots
[219.692s][info][gc,task        ] GC(39) Using 2 workers of 2 for marking
.[220.336s][info][gc,marking     ] GC(39) Concurrent Mark From Roots 644.141ms
[220.336s][info][gc,marking     ] GC(39) Concurrent Preclean
[220.336s][info][gc,marking     ] GC(39) Concurrent Preclean 0.078ms
[220.337s][info][gc,start       ] GC(39) Pause Remark
[220.342s][info][gc             ] GC(39) Pause Remark 2481M->2183M(4096M) 5.157ms
[220.342s][info][gc,cpu         ] GC(39) User=0.03s Sys=0.00s Real=0.00s
[220.342s][info][gc,marking     ] GC(39) Concurrent Mark 650.155ms
[220.342s][info][gc,marking     ] GC(39) Concurrent Rebuild Remembered Sets and Scrub Regions
[220.606s][info][gc,marking     ] GC(39) Concurrent Rebuild Remembered Sets and Scrub Regions 263.576ms
[220.606s][info][gc,start       ] GC(39) Pause Cleanup
[220.606s][info][gc             ] GC(39) Pause Cleanup 2345M->2345M(4096M) 0.268ms
[220.606s][info][gc,cpu         ] GC(39) User=0.00s Sys=0.00s Real=0.00s
[220.607s][info][gc,marking     ] GC(39) Concurrent Clear Claimed Marks
[220.607s][info][gc,marking     ] GC(39) Concurrent Clear Claimed Marks 0.037ms
[220.607s][info][gc,marking     ] GC(39) Concurrent Cleanup for Next Mark
[220.611s][info][gc,marking     ] GC(39) Concurrent Cleanup for Next Mark 4.581ms
[220.611s][info][gc             ] GC(39) Concurrent Mark Cycle 1034.104ms
.. (rIR:aIR:PR = 3934:3933:3933) (tPR = 60874) [OK] 
   221s:       trying IR =   4701 [222.563s][info][gc,start       ] GC(40) Pause Young (Prepare Mixed) (G1 Evacuation Pause)
[222.563s][info][gc,task        ] GC(40) Using 6 workers of 6 for evacuation
[222.691s][info][gc,phases      ] GC(40)   Pre Evacuate Collection Set: 0.44ms
[222.691s][info][gc,phases      ] GC(40)   Merge Heap Roots: 0.72ms
[222.691s][info][gc,phases      ] GC(40)   Evacuate Collection Set: 126.42ms
[222.691s][info][gc,phases      ] GC(40)   Post Evacuate Collection Set: 1.06ms
[222.691s][info][gc,phases      ] GC(40)   Other: 0.10ms
[222.691s][info][gc,heap        ] GC(40) Eden regions: 781->0(769)
[222.691s][info][gc,heap        ] GC(40) Survivor regions: 84->86(109)
[222.691s][info][gc,heap        ] GC(40) Old regions: 728->758
[222.691s][info][gc,heap        ] GC(40) Humongous regions: 77->77
[222.691s][info][gc,metaspace   ] GC(40) Metaspace: 28611K(28928K)->28611K(28928K) NonClass: 23730K(23872K)->23730K(23872K) Class: 4880K(5056K)->4880K(5056K)
[222.691s][info][gc             ] GC(40) Pause Young (Prepare Mixed) (G1 Evacuation Pause) 3329M->1832M(4096M) 128.909ms
[222.691s][info][gc,cpu         ] GC(40) User=0.76s Sys=0.01s Real=0.13s
...[225.116s][info][gc,start       ] GC(41) Pause Young (Mixed) (G1 Evacuation Pause)
[225.116s][info][gc,task        ] GC(41) Using 6 workers of 6 for evacuation
[225.222s][info][gc,phases      ] GC(41)   Pre Evacuate Collection Set: 0.36ms
[225.222s][info][gc,phases      ] GC(41)   Merge Heap Roots: 0.61ms
[225.222s][info][gc,phases      ] GC(41)   Evacuate Collection Set: 104.33ms
[225.222s][info][gc,phases      ] GC(41)   Post Evacuate Collection Set: 0.97ms
[225.222s][info][gc,phases      ] GC(41)   Other: 0.09ms
[225.222s][info][gc,heap        ] GC(41) Eden regions: 743->0(825)
[225.222s][info][gc,heap        ] GC(41) Survivor regions: 86->86(104)
[225.222s][info][gc,heap        ] GC(41) Old regions: 758->746
[225.222s][info][gc,heap        ] GC(41) Humongous regions: 77->77
[225.222s][info][gc,metaspace   ] GC(41) Metaspace: 28614K(28928K)->28614K(28928K) NonClass: 23732K(23872K)->23732K(23872K) Class: 4881K(5056K)->4881K(5056K)
[225.222s][info][gc             ] GC(41) Pause Young (Mixed) (G1 Evacuation Pause) 3318M->1810M(4096M) 106.479ms
[225.222s][info][gc,cpu         ] GC(41) User=0.63s Sys=0.00s Real=0.11s
. (rIR:aIR:PR = 4701:4718:4718) (tPR = 72289) [OK] 
   225s:       trying IR =   5621 .[227.506s][info][gc,start       ] GC(42) Pause Young (Mixed) (G1 Evacuation Pause)
[227.506s][info][gc,task        ] GC(42) Using 6 workers of 6 for evacuation
[227.618s][info][gc,phases      ] GC(42)   Pre Evacuate Collection Set: 0.36ms
[227.618s][info][gc,phases      ] GC(42)   Merge Heap Roots: 0.64ms
[227.618s][info][gc,phases      ] GC(42)   Evacuate Collection Set: 110.30ms
[227.618s][info][gc,phases      ] GC(42)   Post Evacuate Collection Set: 1.10ms
[227.618s][info][gc,phases      ] GC(42)   Other: 0.10ms
[227.618s][info][gc,heap        ] GC(42) Eden regions: 794->0(837)
[227.618s][info][gc,heap        ] GC(42) Survivor regions: 86->88(110)
[227.618s][info][gc,heap        ] GC(42) Old regions: 746->734
[227.618s][info][gc,heap        ] GC(42) Humongous regions: 77->77
[227.618s][info][gc,metaspace   ] GC(42) Metaspace: 28633K(28928K)->28633K(28928K) NonClass: 23752K(23872K)->23752K(23872K) Class: 4881K(5056K)->4881K(5056K)
[227.618s][info][gc             ] GC(42) Pause Young (Mixed) (G1 Evacuation Pause) 3398M->1790M(4096M) 112.628ms
[227.619s][info][gc,cpu         ] GC(42) User=0.67s Sys=0.01s Real=0.12s
... (rIR:aIR:PR = 5621:5629:5629) (tPR = 85697) [OK] 
   229s:       trying IR =   6725 [229.938s][info][gc,start       ] GC(43) Pause Young (Mixed) (G1 Evacuation Pause)
[229.938s][info][gc,task        ] GC(43) Using 6 workers of 6 for evacuation
[230.049s][info][gc,phases      ] GC(43)   Pre Evacuate Collection Set: 0.37ms
[230.049s][info][gc,phases      ] GC(43)   Merge Heap Roots: 0.70ms
[230.049s][info][gc,phases      ] GC(43)   Evacuate Collection Set: 108.37ms
[230.049s][info][gc,phases      ] GC(43)   Merge Optional Heap Roots: 0.03ms
[230.049s][info][gc,phases      ] GC(43)   Evacuate Optional Collection Set: 0.23ms
[230.049s][info][gc,phases      ] GC(43)   Post Evacuate Collection Set: 1.15ms
[230.049s][info][gc,phases      ] GC(43)   Other: 0.12ms
[230.049s][info][gc,heap        ] GC(43) Eden regions: 811->0(576)
[230.049s][info][gc,heap        ] GC(43) Survivor regions: 88->88(113)
[230.049s][info][gc,heap        ] GC(43) Old regions: 734->715
[230.049s][info][gc,heap        ] GC(43) Humongous regions: 77->77
[230.049s][info][gc,metaspace   ] GC(43) Metaspace: 28634K(28928K)->28634K(28928K) NonClass: 23752K(23872K)->23752K(23872K) Class: 4881K(5056K)->4881K(5056K)
[230.049s][info][gc             ] GC(43) Pause Young (Mixed) (G1 Evacuation Pause) 3412M->1752M(4096M) 111.111ms
[230.049s][info][gc,cpu         ] GC(43) User=0.65s Sys=0.01s Real=0.11s
.[231.492s][info][gc,start       ] GC(44) Pause Young (Mixed) (G1 Evacuation Pause)
[231.492s][info][gc,task        ] GC(44) Using 6 workers of 6 for evacuation
[231.601s][info][gc,phases      ] GC(44)   Pre Evacuate Collection Set: 0.35ms
[231.601s][info][gc,phases      ] GC(44)   Merge Heap Roots: 0.61ms
[231.601s][info][gc,phases      ] GC(44)   Evacuate Collection Set: 107.42ms
[231.601s][info][gc,phases      ] GC(44)   Post Evacuate Collection Set: 0.94ms
[231.601s][info][gc,phases      ] GC(44)   Other: 0.08ms
[231.601s][info][gc,heap        ] GC(44) Eden regions: 635->0(877)
[231.601s][info][gc,heap        ] GC(44) Survivor regions: 88->47(91)
[231.601s][info][gc,heap        ] GC(44) Old regions: 715->743
[231.601s][info][gc,heap        ] GC(44) Humongous regions: 77->77
[231.601s][info][gc,metaspace   ] GC(44) Metaspace: 28668K(28992K)->28668K(28992K) NonClass: 23787K(23936K)->23787K(23936K) Class: 4881K(5056K)->4881K(5056K)
[231.601s][info][gc             ] GC(44) Pause Young (Mixed) (G1 Evacuation Pause) 3022M->1726M(4096M) 109.530ms
[231.601s][info][gc,cpu         ] GC(44) User=0.64s Sys=0.00s Real=0.11s
..[233.610s][info][gc,start       ] GC(45) Pause Young (Mixed) (G1 Evacuation Pause)
[233.610s][info][gc,task        ] GC(45) Using 6 workers of 6 for evacuation
[233.709s][info][gc,phases      ] GC(45)   Pre Evacuate Collection Set: 0.35ms
[233.709s][info][gc,phases      ] GC(45)   Merge Heap Roots: 0.70ms
[233.709s][info][gc,phases      ] GC(45)   Evacuate Collection Set: 96.48ms
[233.709s][info][gc,phases      ] GC(45)   Merge Optional Heap Roots: 0.03ms
[233.709s][info][gc,phases      ] GC(45)   Evacuate Optional Collection Set: 0.51ms
[233.709s][info][gc,phases      ] GC(45)   Post Evacuate Collection Set: 1.09ms
[233.709s][info][gc,phases      ] GC(45)   Other: 0.13ms
[233.709s][info][gc,heap        ] GC(45) Eden regions: 879->0(908)
[233.709s][info][gc,heap        ] GC(45) Survivor regions: 47->88(116)
[233.709s][info][gc,heap        ] GC(45) Old regions: 743->685
[233.709s][info][gc,heap        ] GC(45) Humongous regions: 77->77
[233.709s][info][gc,metaspace   ] GC(45) Metaspace: 28670K(28992K)->28670K(28992K) NonClass: 23788K(23936K)->23788K(23936K) Class: 4881K(5056K)->4881K(5056K)
[233.709s][info][gc             ] GC(45) Pause Young (Mixed) (G1 Evacuation Pause) 3484M->1692M(4096M) 99.434ms
[233.709s][info][gc,cpu         ] GC(45) User=0.58s Sys=0.01s Real=0.10s
. (rIR:aIR:PR = 6725:6671:6671) (tPR = 98641) [OK] 
   233s:       trying IR =   8050 .[235.600s][info][gc,start       ] GC(46) Pause Young (Mixed) (G1 Evacuation Pause)
[235.600s][info][gc,task        ] GC(46) Using 6 workers of 6 for evacuation
[235.723s][info][gc,phases      ] GC(46)   Pre Evacuate Collection Set: 0.36ms
[235.723s][info][gc,phases      ] GC(46)   Merge Heap Roots: 0.66ms
[235.723s][info][gc,phases      ] GC(46)   Evacuate Collection Set: 119.82ms
[235.723s][info][gc,phases      ] GC(46)   Merge Optional Heap Roots: 0.03ms
[235.723s][info][gc,phases      ] GC(46)   Evacuate Optional Collection Set: 0.35ms
[235.723s][info][gc,phases      ] GC(46)   Post Evacuate Collection Set: 1.18ms
[235.723s][info][gc,phases      ] GC(46)   Other: 0.11ms
[235.723s][info][gc,heap        ] GC(46) Eden regions: 907->0(926)
[235.723s][info][gc,heap        ] GC(46) Survivor regions: 88->97(125)
[235.723s][info][gc,heap        ] GC(46) Old regions: 685->658
[235.723s][info][gc,heap        ] GC(46) Humongous regions: 77->77
[235.723s][info][gc,metaspace   ] GC(46) Metaspace: 28676K(28992K)->28676K(28992K) NonClass: 23794K(23936K)->23794K(23936K) Class: 4881K(5056K)->4881K(5056K)
[235.723s][info][gc             ] GC(46) Pause Young (Mixed) (G1 Evacuation Pause) 3506M->1658M(4096M) 122.642ms
[235.723s][info][gc,cpu         ] GC(46) User=0.70s Sys=0.02s Real=0.12s
..[237.518s][info][gc,start       ] GC(47) Pause Young (Mixed) (G1 Evacuation Pause)
[237.518s][info][gc,task        ] GC(47) Using 6 workers of 6 for evacuation
[237.641s][info][gc,phases      ] GC(47)   Pre Evacuate Collection Set: 0.40ms
[237.641s][info][gc,phases      ] GC(47)   Merge Heap Roots: 0.78ms
[237.641s][info][gc,phases      ] GC(47)   Evacuate Collection Set: 119.69ms
[237.641s][info][gc,phases      ] GC(47)   Merge Optional Heap Roots: 0.07ms
[237.641s][info][gc,phases      ] GC(47)   Evacuate Optional Collection Set: 1.48ms
[237.641s][info][gc,phases      ] GC(47)   Post Evacuate Collection Set: 0.95ms
[237.641s][info][gc,phases      ] GC(47)   Other: 0.10ms
[237.641s][info][gc,heap        ] GC(47) Eden regions: 928->0(956)
[237.641s][info][gc,heap        ] GC(47) Survivor regions: 97->97(129)
[237.641s][info][gc,heap        ] GC(47) Old regions: 658->642
[237.641s][info][gc,heap        ] GC(47) Humongous regions: 77->77
[237.641s][info][gc,metaspace   ] GC(47) Metaspace: 28676K(28992K)->28676K(28992K) NonClass: 23795K(23936K)->23795K(23936K) Class: 4881K(5056K)->4881K(5056K)
[237.641s][info][gc             ] GC(47) Pause Young (Mixed) (G1 Evacuation Pause) 3514M->1628M(4096M) 123.605ms
[237.641s][info][gc,cpu         ] GC(47) User=0.73s Sys=0.00s Real=0.12s
.. (rIR:aIR:PR = 8050:8139:8139) (tPR = 120627) [OK] 
   238s:       trying IR =   9640 [239.361s][info][gc,start       ] GC(48) Pause Young (Mixed) (G1 Evacuation Pause)
[239.361s][info][gc,task        ] GC(48) Using 6 workers of 6 for evacuation
[239.488s][info][gc,phases      ] GC(48)   Pre Evacuate Collection Set: 0.37ms
[239.488s][info][gc,phases      ] GC(48)   Merge Heap Roots: 0.77ms
[239.488s][info][gc,phases      ] GC(48)   Evacuate Collection Set: 125.32ms
[239.488s][info][gc,phases      ] GC(48)   Post Evacuate Collection Set: 0.90ms
[239.488s][info][gc,phases      ] GC(48)   Other: 0.09ms
[239.488s][info][gc,heap        ] GC(48) Eden regions: 956->0(958)
[239.488s][info][gc,heap        ] GC(48) Survivor regions: 97->98(132)
[239.488s][info][gc,heap        ] GC(48) Old regions: 642->664
[239.488s][info][gc,heap        ] GC(48) Humongous regions: 77->77
[239.488s][info][gc,metaspace   ] GC(48) Metaspace: 28676K(28992K)->28676K(28992K) NonClass: 23795K(23936K)->23795K(23936K) Class: 4881K(5056K)->4881K(5056K)
[239.488s][info][gc             ] GC(48) Pause Young (Mixed) (G1 Evacuation Pause) 3540M->1674M(4096M) 127.583ms
[239.488s][info][gc,cpu         ] GC(48) User=0.75s Sys=0.00s Real=0.13s
..[241.020s][info][gc,start       ] GC(49) Pause Young (Normal) (G1 Evacuation Pause)
[241.020s][info][gc,task        ] GC(49) Using 6 workers of 6 for evacuation
[241.128s][info][gc,phases      ] GC(49)   Pre Evacuate Collection Set: 0.36ms
[241.128s][info][gc,phases      ] GC(49)   Merge Heap Roots: 0.44ms
[241.128s][info][gc,phases      ] GC(49)   Evacuate Collection Set: 106.82ms
[241.128s][info][gc,phases      ] GC(49)   Post Evacuate Collection Set: 0.81ms
[241.128s][info][gc,phases      ] GC(49)   Other: 0.08ms
[241.128s][info][gc,heap        ] GC(49) Eden regions: 958->0(957)
[241.128s][info][gc,heap        ] GC(49) Survivor regions: 98->98(132)
[241.128s][info][gc,heap        ] GC(49) Old regions: 664->696
[241.128s][info][gc,heap        ] GC(49) Humongous regions: 77->77
[241.128s][info][gc,metaspace   ] GC(49) Metaspace: 28677K(28992K)->28677K(28992K) NonClass: 23795K(23936K)->23795K(23936K) Class: 4881K(5056K)->4881K(5056K)
[241.128s][info][gc             ] GC(49) Pause Young (Normal) (G1 Evacuation Pause) 3590M->1736M(4096M) 108.633ms
[241.128s][info][gc,cpu         ] GC(49) User=0.65s Sys=0.00s Real=0.11s
.[242.623s][info][gc,start       ] GC(50) Pause Young (Normal) (G1 Evacuation Pause)
[242.623s][info][gc,task        ] GC(50) Using 6 workers of 6 for evacuation
[242.733s][info][gc,phases      ] GC(50)   Pre Evacuate Collection Set: 0.35ms
[242.733s][info][gc,phases      ] GC(50)   Merge Heap Roots: 0.43ms
[242.733s][info][gc,phases      ] GC(50)   Evacuate Collection Set: 108.81ms
[242.733s][info][gc,phases      ] GC(50)   Post Evacuate Collection Set: 0.79ms
[242.733s][info][gc,phases      ] GC(50)   Other: 0.08ms
[242.733s][info][gc,heap        ] GC(50) Eden regions: 957->0(937)
[242.733s][info][gc,heap        ] GC(50) Survivor regions: 98->102(132)
[242.733s][info][gc,heap        ] GC(50) Old regions: 696->727
[242.733s][info][gc,heap        ] GC(50) Humongous regions: 77->77
[242.733s][info][gc,metaspace   ] GC(50) Metaspace: 28706K(29056K)->28706K(29056K) NonClass: 23824K(24000K)->23824K(24000K) Class: 4881K(5056K)->4881K(5056K)
[242.733s][info][gc             ] GC(50) Pause Young (Normal) (G1 Evacuation Pause) 3650M->1808M(4096M) 110.615ms
[242.733s][info][gc,cpu         ] GC(50) User=0.66s Sys=0.00s Real=0.11s
. (rIR:aIR:PR = 9640:9536:9550) (tPR = 145917) [OK] 
   242s:       trying IR =  11548 .[244.086s][info][gc,start       ] GC(51) Pause Young (Normal) (G1 Evacuation Pause)
[244.086s][info][gc,task        ] GC(51) Using 6 workers of 6 for evacuation
[244.193s][info][gc,phases      ] GC(51)   Pre Evacuate Collection Set: 0.37ms
[244.193s][info][gc,phases      ] GC(51)   Merge Heap Roots: 0.45ms
[244.193s][info][gc,phases      ] GC(51)   Evacuate Collection Set: 105.86ms
[244.193s][info][gc,phases      ] GC(51)   Post Evacuate Collection Set: 0.86ms
[244.193s][info][gc,phases      ] GC(51)   Other: 0.07ms
[244.193s][info][gc,heap        ] GC(51) Eden regions: 937->0(913)
[244.193s][info][gc,heap        ] GC(51) Survivor regions: 102->98(130)
[244.193s][info][gc,heap        ] GC(51) Old regions: 727->759
[244.193s][info][gc,heap        ] GC(51) Humongous regions: 77->77
[244.193s][info][gc,metaspace   ] GC(51) Metaspace: 28718K(29056K)->28718K(29056K) NonClass: 23836K(24000K)->23836K(24000K) Class: 4882K(5056K)->4882K(5056K)
[244.193s][info][gc             ] GC(51) Pause Young (Normal) (G1 Evacuation Pause) 3682M->1863M(4096M) 107.753ms
[244.193s][info][gc,cpu         ] GC(51) User=0.64s Sys=0.00s Real=0.11s
.[245.391s][info][gc,start       ] GC(52) Pause Young (Normal) (G1 Evacuation Pause)
[245.391s][info][gc,task        ] GC(52) Using 6 workers of 6 for evacuation
[245.503s][info][gc,phases      ] GC(52)   Pre Evacuate Collection Set: 0.36ms
[245.503s][info][gc,phases      ] GC(52)   Merge Heap Roots: 0.52ms
[245.503s][info][gc,phases      ] GC(52)   Evacuate Collection Set: 110.33ms
[245.503s][info][gc,phases      ] GC(52)   Post Evacuate Collection Set: 0.84ms
[245.503s][info][gc,phases      ] GC(52)   Other: 0.08ms
[245.503s][info][gc,heap        ] GC(52) Eden regions: 913->0(871)
[245.503s][info][gc,heap        ] GC(52) Survivor regions: 98->103(127)
[245.503s][info][gc,heap        ] GC(52) Old regions: 759->791
[245.503s][info][gc,heap        ] GC(52) Humongous regions: 77->77
[245.503s][info][gc,metaspace   ] GC(52) Metaspace: 28723K(29056K)->28723K(29056K) NonClass: 23841K(24000K)->23841K(24000K) Class: 4882K(5056K)->4882K(5056K)
[245.503s][info][gc             ] GC(52) Pause Young (Normal) (G1 Evacuation Pause) 3689M->1936M(4096M) 112.276ms
[245.503s][info][gc,cpu         ] GC(52) User=0.66s Sys=0.01s Real=0.11s
.[246.646s][info][gc,start       ] GC(53) Pause Young (Normal) (G1 Evacuation Pause)
[246.646s][info][gc,task        ] GC(53) Using 6 workers of 6 for evacuation
[246.755s][info][gc,phases      ] GC(53)   Pre Evacuate Collection Set: 0.35ms
[246.755s][info][gc,phases      ] GC(53)   Merge Heap Roots: 0.45ms
[246.755s][info][gc,phases      ] GC(53)   Evacuate Collection Set: 107.87ms
[246.755s][info][gc,phases      ] GC(53)   Post Evacuate Collection Set: 0.82ms
[246.755s][info][gc,phases      ] GC(53)   Other: 0.08ms
[246.755s][info][gc,heap        ] GC(53) Eden regions: 871->0(843)
[246.755s][info][gc,heap        ] GC(53) Survivor regions: 103->101(122)
[246.755s][info][gc,heap        ] GC(53) Old regions: 791->823
[246.755s][info][gc,heap        ] GC(53) Humongous regions: 77->77
[246.755s][info][gc,metaspace   ] GC(53) Metaspace: 28728K(29056K)->28728K(29056K) NonClass: 23846K(24000K)->23846K(24000K) Class: 4882K(5056K)->4882K(5056K)
[246.756s][info][gc             ] GC(53) Pause Young (Normal) (G1 Evacuation Pause) 3678M->1997M(4096M) 109.700ms
[246.756s][info][gc,cpu         ] GC(53) User=0.65s Sys=0.00s Real=0.11s
.[247.926s][info][gc,start       ] GC(54) Pause Young (Normal) (G1 Evacuation Pause)
[247.926s][info][gc,task        ] GC(54) Using 6 workers of 6 for evacuation
[248.030s][info][gc,phases      ] GC(54)   Pre Evacuate Collection Set: 0.35ms
[248.030s][info][gc,phases      ] GC(54)   Merge Heap Roots: 0.42ms
[248.030s][info][gc,phases      ] GC(54)   Evacuate Collection Set: 101.75ms
[248.030s][info][gc,phases      ] GC(54)   Post Evacuate Collection Set: 0.77ms
[248.030s][info][gc,phases      ] GC(54)   Other: 0.08ms
[248.030s][info][gc,heap        ] GC(54) Eden regions: 843->0(827)
[248.030s][info][gc,heap        ] GC(54) Survivor regions: 101->93(118)
[248.030s][info][gc,heap        ] GC(54) Old regions: 823->855
[248.030s][info][gc,heap        ] GC(54) Humongous regions: 77->77
[248.030s][info][gc,metaspace   ] GC(54) Metaspace: 28728K(29056K)->28728K(29056K) NonClass: 23846K(24000K)->23846K(24000K) Class: 4882K(5056K)->4882K(5056K)
[248.030s][info][gc             ] GC(54) Pause Young (Normal) (G1 Evacuation Pause) 3683M->2044M(4096M) 103.513ms
[248.030s][info][gc,cpu         ] GC(54) User=0.61s Sys=0.00s Real=0.11s
.[249.086s][info][gc,start       ] GC(55) Pause Young (Concurrent Start) (G1 Evacuation Pause)
[249.086s][info][gc,task        ] GC(55) Using 6 workers of 6 for evacuation
[249.188s][info][gc,phases      ] GC(55)   Pre Evacuate Collection Set: 0.40ms
[249.188s][info][gc,phases      ] GC(55)   Merge Heap Roots: 0.43ms
[249.188s][info][gc,phases      ] GC(55)   Evacuate Collection Set: 100.69ms
[249.188s][info][gc,phases      ] GC(55)   Post Evacuate Collection Set: 0.76ms
[249.188s][info][gc,phases      ] GC(55)   Other: 0.12ms
[249.188s][info][gc,heap        ] GC(55) Eden regions: 827->0(800)
[249.188s][info][gc,heap        ] GC(55) Survivor regions: 93->91(115)
[249.188s][info][gc,heap        ] GC(55) Old regions: 855->886
[249.188s][info][gc,heap        ] GC(55) Humongous regions: 77->77
[249.188s][info][gc,metaspace   ] GC(55) Metaspace: 28728K(29056K)->28728K(29056K) NonClass: 23846K(24000K)->23846K(24000K) Class: 4882K(5056K)->4882K(5056K)
[249.188s][info][gc             ] GC(55) Pause Young (Concurrent Start) (G1 Evacuation Pause) 3698M->2102M(4096M) 102.539ms
[249.188s][info][gc             ] GC(56) Concurrent Mark Cycle
[249.189s][info][gc,marking     ] GC(56) Concurrent Scan Root Regions
[249.189s][info][gc,cpu         ] GC(55) User=0.61s Sys=0.00s Real=0.11s
. (rIR:aIR:PR = 11548:11534:11376) (tPR = 170430) [OK] 
   249s:       trying IR =  13837 [249.347s][info][gc,marking     ] GC(56) Concurrent Scan Root Regions 158.381ms
[249.347s][info][gc,marking     ] GC(56) Concurrent Mark
[249.347s][info][gc,marking     ] GC(56) Concurrent Mark From Roots
[249.347s][info][gc,task        ] GC(56) Using 2 workers of 2 for marking
.[250.504s][info][gc,marking     ] GC(56) Concurrent Mark From Roots 1157.147ms
[250.504s][info][gc,marking     ] GC(56) Concurrent Preclean
[250.504s][info][gc,marking     ] GC(56) Concurrent Preclean 0.255ms
[250.506s][info][gc,start       ] GC(56) Pause Remark
[250.512s][info][gc             ] GC(56) Pause Remark 3436M->3414M(4096M) 5.460ms
[250.512s][info][gc,cpu         ] GC(56) User=0.03s Sys=0.00s Real=0.01s
[250.512s][info][gc,marking     ] GC(56) Concurrent Mark 1165.203ms
[250.512s][info][gc,marking     ] GC(56) Concurrent Rebuild Remembered Sets and Scrub Regions
[250.735s][info][gc,start       ] GC(57) Pause Young (Normal) (G1 Evacuation Pause)
[250.735s][info][gc,task        ] GC(57) Using 6 workers of 6 for evacuation
[250.877s][info][gc,phases      ] GC(57)   Pre Evacuate Collection Set: 0.34ms
[250.877s][info][gc,phases      ] GC(57)   Merge Heap Roots: 0.42ms
[250.877s][info][gc,phases      ] GC(57)   Evacuate Collection Set: 140.35ms
[250.877s][info][gc,phases      ] GC(57)   Post Evacuate Collection Set: 0.88ms
[250.877s][info][gc,phases      ] GC(57)   Other: 0.09ms
[250.877s][info][gc,heap        ] GC(57) Eden regions: 800->0(779)
[250.877s][info][gc,heap        ] GC(57) Survivor regions: 91->92(112)
[250.877s][info][gc,heap        ] GC(57) Old regions: 875->905
[250.877s][info][gc,heap        ] GC(57) Humongous regions: 77->77
[250.877s][info][gc,metaspace   ] GC(57) Metaspace: 28728K(29056K)->28728K(29056K) NonClass: 23846K(24000K)->23846K(24000K) Class: 4882K(5056K)->4882K(5056K)
[250.877s][info][gc             ] GC(57) Pause Young (Normal) (G1 Evacuation Pause) 3680M->2143M(4096M) 142.210ms
[250.877s][info][gc,cpu         ] GC(57) User=0.62s Sys=0.00s Real=0.15s
[251.176s][info][gc,marking     ] GC(56) Concurrent Rebuild Remembered Sets and Scrub Regions 664.107ms
[251.179s][info][gc,start       ] GC(56) Pause Cleanup
[251.179s][info][gc             ] GC(56) Pause Cleanup 2475M->2475M(4096M) 0.348ms
[251.179s][info][gc,cpu         ] GC(56) User=0.00s Sys=0.00s Real=0.00s
[251.179s][info][gc,marking     ] GC(56) Concurrent Clear Claimed Marks
[251.179s][info][gc,marking     ] GC(56) Concurrent Clear Claimed Marks 0.035ms
[251.179s][info][gc,marking     ] GC(56) Concurrent Cleanup for Next Mark
[251.183s][info][gc,marking     ] GC(56) Concurrent Cleanup for Next Mark 4.322ms
[251.183s][info][gc             ] GC(56) Concurrent Mark Cycle 1994.990ms
.[251.972s][info][gc,start       ] GC(58) Pause Young (Prepare Mixed) (G1 Evacuation Pause)
[251.972s][info][gc,task        ] GC(58) Using 6 workers of 6 for evacuation
[252.081s][info][gc,phases      ] GC(58)   Pre Evacuate Collection Set: 0.34ms
[252.081s][info][gc,phases      ] GC(58)   Merge Heap Roots: 0.51ms
[252.081s][info][gc,phases      ] GC(58)   Evacuate Collection Set: 107.37ms
[252.081s][info][gc,phases      ] GC(58)   Post Evacuate Collection Set: 0.92ms
[252.081s][info][gc,phases      ] GC(58)   Other: 0.10ms
[252.081s][info][gc,heap        ] GC(58) Eden regions: 779->0(739)
[252.081s][info][gc,heap        ] GC(58) Survivor regions: 92->96(109)
[252.081s][info][gc,heap        ] GC(58) Old regions: 905->937
[252.081s][info][gc,heap        ] GC(58) Humongous regions: 77->77
[252.081s][info][gc,metaspace   ] GC(58) Metaspace: 28730K(29056K)->28730K(29056K) NonClass: 23848K(24000K)->23848K(24000K) Class: 4882K(5056K)->4882K(5056K)
[252.081s][info][gc             ] GC(58) Pause Young (Prepare Mixed) (G1 Evacuation Pause) 3701M->2215M(4096M) 109.351ms
[252.081s][info][gc,cpu         ] GC(58) User=0.65s Sys=0.00s Real=0.11s
.[252.947s][info][gc,start       ] GC(59) Pause Young (Mixed) (G1 Evacuation Pause)
[252.947s][info][gc,task        ] GC(59) Using 6 workers of 6 for evacuation
[253.057s][info][gc,phases      ] GC(59)   Pre Evacuate Collection Set: 0.40ms
[253.057s][info][gc,phases      ] GC(59)   Merge Heap Roots: 0.53ms
[253.057s][info][gc,phases      ] GC(59)   Evacuate Collection Set: 107.30ms
[253.057s][info][gc,phases      ] GC(59)   Post Evacuate Collection Set: 0.97ms
[253.057s][info][gc,phases      ] GC(59)   Other: 0.11ms
[253.057s][info][gc,heap        ] GC(59) Eden regions: 739->0(941)
[253.057s][info][gc,heap        ] GC(59) Survivor regions: 96->57(105)
[253.057s][info][gc,heap        ] GC(59) Old regions: 937->801
[253.057s][info][gc,heap        ] GC(59) Humongous regions: 77->77
[253.057s][info][gc,metaspace   ] GC(59) Metaspace: 28730K(29056K)->28730K(29056K) NonClass: 23848K(24000K)->23848K(24000K) Class: 4882K(5056K)->4882K(5056K)
[253.057s][info][gc             ] GC(59) Pause Young (Mixed) (G1 Evacuation Pause) 3693M->1865M(4096M) 109.455ms
[253.057s][info][gc,cpu         ] GC(59) User=0.65s Sys=0.00s Real=0.11s
.[254.252s][info][gc,start       ] GC(60) Pause Young (Mixed) (G1 Evacuation Pause)
[254.252s][info][gc,task        ] GC(60) Using 6 workers of 6 for evacuation
[254.370s][info][gc,phases      ] GC(60)   Pre Evacuate Collection Set: 0.41ms
[254.370s][info][gc,phases      ] GC(60)   Merge Heap Roots: 0.75ms
[254.370s][info][gc,phases      ] GC(60)   Evacuate Collection Set: 115.99ms
[254.370s][info][gc,phases      ] GC(60)   Post Evacuate Collection Set: 1.10ms
[254.370s][info][gc,phases      ] GC(60)   Other: 0.11ms
[254.370s][info][gc,heap        ] GC(60) Eden regions: 941->0(1042)
[254.370s][info][gc,heap        ] GC(60) Survivor regions: 57->107(125)
[254.370s][info][gc,heap        ] GC(60) Old regions: 801->612
[254.370s][info][gc,heap        ] GC(60) Humongous regions: 77->77
[254.370s][info][gc,metaspace   ] GC(60) Metaspace: 28730K(29056K)->28730K(29056K) NonClass: 23848K(24000K)->23848K(24000K) Class: 4882K(5056K)->4882K(5056K)
[254.370s][info][gc             ] GC(60) Pause Young (Mixed) (G1 Evacuation Pause) 3747M->1587M(4096M) 118.494ms
[254.370s][info][gc,cpu         ] GC(60) User=0.69s Sys=0.01s Real=0.12s
.[255.765s][info][gc,start       ] GC(61) Pause Young (Mixed) (G1 Evacuation Pause)
[255.765s][info][gc,task        ] GC(61) Using 6 workers of 6 for evacuation
[255.936s][info][gc,phases      ] GC(61)   Pre Evacuate Collection Set: 0.38ms
[255.936s][info][gc,phases      ] GC(61)   Merge Heap Roots: 0.78ms
[255.936s][info][gc,phases      ] GC(61)   Evacuate Collection Set: 168.70ms
[255.936s][info][gc,phases      ] GC(61)   Post Evacuate Collection Set: 1.20ms
[255.936s][info][gc,phases      ] GC(61)   Other: 0.12ms
[255.936s][info][gc,heap        ] GC(61) Eden regions: 1042->0(987)
[255.936s][info][gc,heap        ] GC(61) Survivor regions: 107->103(144)
[255.936s][info][gc,heap        ] GC(61) Old regions: 612->587
[255.936s][info][gc,heap        ] GC(61) Humongous regions: 77->77
[255.937s][info][gc,metaspace   ] GC(61) Metaspace: 28731K(29056K)->28731K(29056K) NonClass: 23848K(24000K)->23848K(24000K) Class: 4882K(5056K)->4882K(5056K)
[255.937s][info][gc             ] GC(61) Pause Young (Mixed) (G1 Evacuation Pause) 3671M->1531M(4096M) 171.309ms
[255.937s][info][gc,cpu         ] GC(61) User=0.78s Sys=0.00s Real=0.17s
..[257.282s][info][gc,start       ] GC(62) Pause Young (Mixed) (G1 Evacuation Pause)
[257.282s][info][gc,task        ] GC(62) Using 6 workers of 6 for evacuation
[257.423s][info][gc,phases      ] GC(62)   Pre Evacuate Collection Set: 0.36ms
[257.423s][info][gc,phases      ] GC(62)   Merge Heap Roots: 1.02ms
[257.423s][info][gc,phases      ] GC(62)   Evacuate Collection Set: 139.29ms
[257.423s][info][gc,phases      ] GC(62)   Post Evacuate Collection Set: 0.94ms
[257.423s][info][gc,phases      ] GC(62)   Other: 0.09ms
[257.423s][info][gc,heap        ] GC(62) Eden regions: 995->0(1033)
[257.423s][info][gc,heap        ] GC(62) Survivor regions: 103->102(138)
[257.423s][info][gc,heap        ] GC(62) Old regions: 587->597
[257.424s][info][gc,heap        ] GC(62) Humongous regions: 77->77
[257.424s][info][gc,metaspace   ] GC(62) Metaspace: 28731K(29056K)->28731K(29056K) NonClass: 23848K(24000K)->23848K(24000K) Class: 4882K(5056K)->4882K(5056K)
[257.424s][info][gc             ] GC(62) Pause Young (Mixed) (G1 Evacuation Pause) 3521M->1550M(4096M) 141.837ms
[257.424s][info][gc,cpu         ] GC(62) User=0.84s Sys=0.00s Real=0.14s
.[258.671s][info][gc,start       ] GC(63) Pause Young (Normal) (G1 Evacuation Pause)
[258.671s][info][gc,task        ] GC(63) Using 6 workers of 6 for evacuation
[258.838s][info][gc,phases      ] GC(63)   Pre Evacuate Collection Set: 0.36ms
[258.838s][info][gc,phases      ] GC(63)   Merge Heap Roots: 0.43ms
[258.838s][info][gc,phases      ] GC(63)   Evacuate Collection Set: 165.82ms
[258.838s][info][gc,phases      ] GC(63)   Post Evacuate Collection Set: 0.88ms
[258.838s][info][gc,phases      ] GC(63)   Other: 0.09ms
[258.838s][info][gc,heap        ] GC(63) Eden regions: 1033->0(998)
[258.838s][info][gc,heap        ] GC(63) Survivor regions: 102->121(142)
[258.838s][info][gc,heap        ] GC(63) Old regions: 597->628
[258.838s][info][gc,heap        ] GC(63) Humongous regions: 77->77
[258.838s][info][gc,metaspace   ] GC(63) Metaspace: 28731K(29056K)->28731K(29056K) NonClass: 23849K(24000K)->23849K(24000K) Class: 4882K(5056K)->4882K(5056K)
[258.838s][info][gc             ] GC(63) Pause Young (Normal) (G1 Evacuation Pause) 3616M->1650M(4096M) 167.703ms
[258.839s][info][gc,cpu         ] GC(63) User=0.75s Sys=0.00s Real=0.17s
.[260.121s][info][gc,start       ] GC(64) Pause Young (Normal) (G1 Evacuation Pause)
[260.121s][info][gc,task        ] GC(64) Using 6 workers of 6 for evacuation
[260.240s][info][gc,phases      ] GC(64)   Pre Evacuate Collection Set: 0.35ms
[260.240s][info][gc,phases      ] GC(64)   Merge Heap Roots: 0.44ms
[260.240s][info][gc,phases      ] GC(64)   Evacuate Collection Set: 117.86ms
[260.240s][info][gc,phases      ] GC(64)   Post Evacuate Collection Set: 0.86ms
[260.240s][info][gc,phases      ] GC(64)   Other: 0.09ms
[260.240s][info][gc,heap        ] GC(64) Eden regions: 998->0(1005)
[260.240s][info][gc,heap        ] GC(64) Survivor regions: 121->65(140)
[260.240s][info][gc,heap        ] GC(64) Old regions: 628->704
[260.240s][info][gc,heap        ] GC(64) Humongous regions: 77->77
[260.240s][info][gc,metaspace   ] GC(64) Metaspace: 28732K(29056K)->28732K(29056K) NonClass: 23849K(24000K)->23849K(24000K) Class: 4882K(5056K)->4882K(5056K)
[260.240s][info][gc             ] GC(64) Pause Young (Normal) (G1 Evacuation Pause) 3646M->1691M(4096M) 119.736ms
[260.240s][info][gc,cpu         ] GC(64) User=0.71s Sys=0.00s Real=0.12s
[261.537s][info][gc,start       ] GC(65) Pause Young (Normal) (G1 Evacuation Pause)
[261.537s][info][gc,task        ] GC(65) Using 6 workers of 6 for evacuation
[261.630s][info][gc,phases      ] GC(65)   Pre Evacuate Collection Set: 0.35ms
[261.630s][info][gc,phases      ] GC(65)   Merge Heap Roots: 0.42ms
[261.630s][info][gc,phases      ] GC(65)   Evacuate Collection Set: 91.78ms
[261.630s][info][gc,phases      ] GC(65)   Post Evacuate Collection Set: 0.82ms
[261.630s][info][gc,phases      ] GC(65)   Other: 0.08ms
[261.630s][info][gc,heap        ] GC(65) Eden regions: 1005->0(950)
[261.630s][info][gc,heap        ] GC(65) Survivor regions: 65->107(134)
[261.630s][info][gc,heap        ] GC(65) Old regions: 704->704
[261.630s][info][gc,heap        ] GC(65) Humongous regions: 77->77
[261.630s][info][gc,metaspace   ] GC(65) Metaspace: 28744K(29056K)->28744K(29056K) NonClass: 23862K(24000K)->23862K(24000K) Class: 4882K(5056K)->4882K(5056K)
[261.631s][info][gc             ] GC(65) Pause Young (Normal) (G1 Evacuation Pause) 3701M->1774M(4096M) 93.576ms
[261.631s][info][gc,cpu         ] GC(65) User=0.55s Sys=0.01s Real=0.09s
.[262.840s][info][gc,start       ] GC(66) Pause Young (Normal) (G1 Evacuation Pause)
[262.840s][info][gc,task        ] GC(66) Using 6 workers of 6 for evacuation
[262.973s][info][gc,phases      ] GC(66)   Pre Evacuate Collection Set: 0.35ms
[262.973s][info][gc,phases      ] GC(66)   Merge Heap Roots: 0.52ms
[262.973s][info][gc,phases      ] GC(66)   Evacuate Collection Set: 131.11ms
[262.973s][info][gc,phases      ] GC(66)   Post Evacuate Collection Set: 0.82ms
[262.973s][info][gc,phases      ] GC(66)   Other: 0.08ms
[262.973s][info][gc,heap        ] GC(66) Eden regions: 950->0(893)
[262.973s][info][gc,heap        ] GC(66) Survivor regions: 107->120(133)
[262.973s][info][gc,heap        ] GC(66) Old regions: 704->735
[262.973s][info][gc,heap        ] GC(66) Humongous regions: 77->77
[262.973s][info][gc,metaspace   ] GC(66) Metaspace: 28744K(29056K)->28744K(29056K) NonClass: 23862K(24000K)->23862K(24000K) Class: 4882K(5056K)->4882K(5056K)
[262.973s][info][gc             ] GC(66) Pause Young (Normal) (G1 Evacuation Pause) 3674M->1862M(4096M) 133.018ms
[262.973s][info][gc,cpu         ] GC(66) User=0.79s Sys=0.00s Real=0.13s
.[264.140s][info][gc,start       ] GC(67) Pause Young (Normal) (G1 Evacuation Pause)
[264.140s][info][gc,task        ] GC(67) Using 6 workers of 6 for evacuation
[264.259s][info][gc,phases      ] GC(67)   Pre Evacuate Collection Set: 0.33ms
[264.259s][info][gc,phases      ] GC(67)   Merge Heap Roots: 0.51ms
[264.259s][info][gc,phases      ] GC(67)   Evacuate Collection Set: 116.30ms
[264.259s][info][gc,phases      ] GC(67)   Post Evacuate Collection Set: 0.82ms
[264.259s][info][gc,phases      ] GC(67)   Other: 0.88ms
[264.259s][info][gc,heap        ] GC(67) Eden regions: 893->0(921)
[264.259s][info][gc,heap        ] GC(67) Survivor regions: 120->64(127)
[264.259s][info][gc,heap        ] GC(67) Old regions: 735->812
[264.259s][info][gc,heap        ] GC(67) Humongous regions: 77->77
[264.259s][info][gc,metaspace   ] GC(67) Metaspace: 28744K(29056K)->28744K(29056K) NonClass: 23862K(24000K)->23862K(24000K) Class: 4882K(5056K)->4882K(5056K)
[264.259s][info][gc             ] GC(67) Pause Young (Normal) (G1 Evacuation Pause) 3648M->1904M(4096M) 118.996ms
[264.259s][info][gc,cpu         ] GC(67) User=0.70s Sys=0.00s Real=0.12s
.[265.352s][info][gc,start       ] GC(68) Pause Young (Normal) (G1 Evacuation Pause)
[265.352s][info][gc,task        ] GC(68) Using 6 workers of 6 for evacuation
[265.440s][info][gc,phases      ] GC(68)   Pre Evacuate Collection Set: 0.35ms
[265.440s][info][gc,phases      ] GC(68)   Merge Heap Roots: 0.40ms
[265.440s][info][gc,phases      ] GC(68)   Evacuate Collection Set: 86.17ms
[265.440s][info][gc,phases      ] GC(68)   Post Evacuate Collection Set: 0.77ms
[265.440s][info][gc,phases      ] GC(68)   Other: 0.08ms
[265.440s][info][gc,heap        ] GC(68) Eden regions: 921->0(887)
[265.440s][info][gc,heap        ] GC(68) Survivor regions: 64->65(124)
[265.440s][info][gc,heap        ] GC(68) Old regions: 812->851
[265.440s][info][gc,heap        ] GC(68) Humongous regions: 77->77
[265.440s][info][gc,metaspace   ] GC(68) Metaspace: 28746K(29056K)->28746K(29056K) NonClass: 23864K(24000K)->23864K(24000K) Class: 4882K(5056K)->4882K(5056K)
[265.440s][info][gc             ] GC(68) Pause Young (Normal) (G1 Evacuation Pause) 3746M->1983M(4096M) 87.900ms
[265.440s][info][gc,cpu         ] GC(68) User=0.51s Sys=0.00s Real=0.09s
.[266.423s][info][gc,start       ] GC(69) Pause Young (Concurrent Start) (G1 Evacuation Pause)
[266.423s][info][gc,task        ] GC(69) Using 6 workers of 6 for evacuation
[266.532s][info][gc,phases      ] GC(69)   Pre Evacuate Collection Set: 0.39ms
[266.532s][info][gc,phases      ] GC(69)   Merge Heap Roots: 0.41ms
[266.532s][info][gc,phases      ] GC(69)   Evacuate Collection Set: 107.53ms
[266.532s][info][gc,phases      ] GC(69)   Post Evacuate Collection Set: 0.79ms
[266.532s][info][gc,phases      ] GC(69)   Other: 0.10ms
[266.532s][info][gc,heap        ] GC(69) Eden regions: 887->0(811)
[266.532s][info][gc,heap        ] GC(69) Survivor regions: 65->79(119)
[266.532s][info][gc,heap        ] GC(69) Old regions: 851->899
[266.532s][info][gc,heap        ] GC(69) Humongous regions: 77->77
[266.532s][info][gc,metaspace   ] GC(69) Metaspace: 28746K(29056K)->28746K(29056K) NonClass: 23864K(24000K)->23864K(24000K) Class: 4882K(5056K)->4882K(5056K)
[266.532s][info][gc             ] GC(69) Pause Young (Concurrent Start) (G1 Evacuation Pause) 3757M->2108M(4096M) 109.346ms
[266.532s][info][gc             ] GC(70) Concurrent Mark Cycle
[266.532s][info][gc,marking     ] GC(70) Concurrent Scan Root Regions
[266.532s][info][gc,cpu         ] GC(69) User=0.64s Sys=0.00s Real=0.11s
[266.694s][info][gc,marking     ] GC(70) Concurrent Scan Root Regions 161.413ms
[266.694s][info][gc,marking     ] GC(70) Concurrent Mark
[266.694s][info][gc,marking     ] GC(70) Concurrent Mark From Roots
[266.694s][info][gc,task        ] GC(70) Using 2 workers of 2 for marking
.[268.057s][info][gc,marking     ] GC(70) Concurrent Mark From Roots 1362.972ms
[268.057s][info][gc,marking     ] GC(70) Concurrent Preclean
[268.057s][info][gc,marking     ] GC(70) Concurrent Preclean 0.095ms
[268.059s][info][gc,start       ] GC(70) Pause Remark
[268.065s][info][gc             ] GC(70) Pause Remark 3544M->3532M(4096M) 6.036ms
[268.065s][info][gc,cpu         ] GC(70) User=0.03s Sys=0.01s Real=0.00s
[268.065s][info][gc,marking     ] GC(70) Concurrent Mark 1371.207ms
[268.065s][info][gc,marking     ] GC(70) Concurrent Rebuild Remembered Sets and Scrub Regions
[268.256s][info][gc,start       ] GC(71) Pause Young (Normal) (G1 Evacuation Pause)
[268.256s][info][gc,task        ] GC(71) Using 6 workers of 6 for evacuation
[268.342s][info][gc,phases      ] GC(71)   Pre Evacuate Collection Set: 0.34ms
[268.342s][info][gc,phases      ] GC(71)   Merge Heap Roots: 0.43ms
[268.342s][info][gc,phases      ] GC(71)   Evacuate Collection Set: 84.28ms
[268.342s][info][gc,phases      ] GC(71)   Post Evacuate Collection Set: 0.87ms
[268.342s][info][gc,phases      ] GC(71)   Other: 0.09ms
[268.342s][info][gc,heap        ] GC(71) Eden regions: 811->0(821)
[268.342s][info][gc,heap        ] GC(71) Survivor regions: 79->50(112)
[268.342s][info][gc,heap        ] GC(71) Old regions: 893->942
[268.342s][info][gc,heap        ] GC(71) Humongous regions: 77->77
[268.342s][info][gc,metaspace   ] GC(71) Metaspace: 28746K(29056K)->28746K(29056K) NonClass: 23864K(24000K)->23864K(24000K) Class: 4882K(5056K)->4882K(5056K)
[268.342s][info][gc             ] GC(71) Pause Young (Normal) (G1 Evacuation Pause) 3718M->2135M(4096M) 86.152ms
[268.342s][info][gc,cpu         ] GC(71) User=0.51s Sys=0.00s Real=0.09s
.[269.028s][info][gc,marking     ] GC(70) Concurrent Rebuild Remembered Sets and Scrub Regions 962.715ms
[269.028s][info][gc,start       ] GC(70) Pause Cleanup
[269.028s][info][gc             ] GC(70) Pause Cleanup 3013M->3013M(4096M) 0.325ms
[269.028s][info][gc,cpu         ] GC(70) User=0.00s Sys=0.00s Real=0.00s
[269.028s][info][gc,marking     ] GC(70) Concurrent Clear Claimed Marks
[269.028s][info][gc,marking     ] GC(70) Concurrent Clear Claimed Marks 0.036ms
[269.028s][info][gc,marking     ] GC(70) Concurrent Cleanup for Next Mark
[269.036s][info][gc,marking     ] GC(70) Concurrent Cleanup for Next Mark 8.075ms
[269.036s][info][gc             ] GC(70) Concurrent Mark Cycle 2504.271ms
[269.495s][info][gc,start       ] GC(72) Pause Young (Prepare Mixed) (G1 Evacuation Pause)
[269.495s][info][gc,task        ] GC(72) Using 6 workers of 6 for evacuation
[269.584s][info][gc,phases      ] GC(72)   Pre Evacuate Collection Set: 0.37ms
[269.584s][info][gc,phases      ] GC(72)   Merge Heap Roots: 0.56ms
[269.584s][info][gc,phases      ] GC(72)   Evacuate Collection Set: 85.87ms
[269.584s][info][gc,phases      ] GC(72)   Post Evacuate Collection Set: 0.88ms
[269.584s][info][gc,phases      ] GC(72)   Other: 0.84ms
[269.584s][info][gc,heap        ] GC(72) Eden regions: 821->0(742)
[269.584s][info][gc,heap        ] GC(72) Survivor regions: 50->92(109)
[269.584s][info][gc,heap        ] GC(72) Old regions: 942->942
[269.584s][info][gc,heap        ] GC(72) Humongous regions: 77->77
[269.584s][info][gc,metaspace   ] GC(72) Metaspace: 28746K(29056K)->28746K(29056K) NonClass: 23864K(24000K)->23864K(24000K) Class: 4882K(5056K)->4882K(5056K)
[269.584s][info][gc             ] GC(72) Pause Young (Prepare Mixed) (G1 Evacuation Pause) 3777M->2219M(4096M) 88.654ms
[269.584s][info][gc,cpu         ] GC(72) User=0.51s Sys=0.00s Real=0.09s
.[270.628s][info][gc,start       ] GC(73) Pause Young (Mixed) (G1 Evacuation Pause)
[270.628s][info][gc,task        ] GC(73) Using 6 workers of 6 for evacuation
[270.733s][info][gc,phases      ] GC(73)   Pre Evacuate Collection Set: 0.40ms
[270.733s][info][gc,phases      ] GC(73)   Merge Heap Roots: 0.53ms
[270.733s][info][gc,phases      ] GC(73)   Evacuate Collection Set: 102.33ms
[270.733s][info][gc,phases      ] GC(73)   Post Evacuate Collection Set: 1.00ms
[270.733s][info][gc,phases      ] GC(73)   Other: 0.10ms
[270.733s][info][gc,heap        ] GC(73) Eden regions: 742->0(947)
[270.733s][info][gc,heap        ] GC(73) Survivor regions: 92->49(105)
[270.733s][info][gc,heap        ] GC(73) Old regions: 942->805
[270.733s][info][gc,heap        ] GC(73) Humongous regions: 77->77
[270.733s][info][gc,metaspace   ] GC(73) Metaspace: 28747K(29056K)->28747K(29056K) NonClass: 23865K(24000K)->23865K(24000K) Class: 4882K(5056K)->4882K(5056K)
[270.733s][info][gc             ] GC(73) Pause Young (Mixed) (G1 Evacuation Pause) 3703M->1860M(4096M) 104.487ms
[270.733s][info][gc,cpu         ] GC(73) User=0.62s Sys=0.00s Real=0.10s
.[272.004s][info][gc,start       ] GC(74) Pause Young (Mixed) (G1 Evacuation Pause)
[272.004s][info][gc,task        ] GC(74) Using 6 workers of 6 for evacuation
[272.123s][info][gc,phases      ] GC(74)   Pre Evacuate Collection Set: 0.41ms
[272.123s][info][gc,phases      ] GC(74)   Merge Heap Roots: 0.81ms
[272.123s][info][gc,phases      ] GC(74)   Evacuate Collection Set: 116.17ms
[272.123s][info][gc,phases      ] GC(74)   Post Evacuate Collection Set: 1.19ms
[272.123s][info][gc,phases      ] GC(74)   Other: 0.11ms
[272.123s][info][gc,heap        ] GC(74) Eden regions: 947->0(1042)
[272.123s][info][gc,heap        ] GC(74) Survivor regions: 49->104(125)
[272.123s][info][gc,heap        ] GC(74) Old regions: 805->618
[272.123s][info][gc,heap        ] GC(74) Humongous regions: 77->77
[272.123s][info][gc,metaspace   ] GC(74) Metaspace: 28752K(29056K)->28752K(29056K) NonClass: 23870K(24000K)->23870K(24000K) Class: 4882K(5056K)->4882K(5056K)
[272.123s][info][gc             ] GC(74) Pause Young (Mixed) (G1 Evacuation Pause) 3754M->1597M(4096M) 118.847ms
[272.123s][info][gc,cpu         ] GC(74) User=0.70s Sys=0.00s Real=0.12s
.[273.358s][info][gc,start       ] GC(75) Pause Young (Mixed) (G1 Evacuation Pause)
[273.358s][info][gc,task        ] GC(75) Using 6 workers of 6 for evacuation
[273.526s][info][gc,phases      ] GC(75)   Pre Evacuate Collection Set: 0.35ms
[273.526s][info][gc,phases      ] GC(75)   Merge Heap Roots: 0.92ms
[273.526s][info][gc,phases      ] GC(75)   Evacuate Collection Set: 144.73ms
[273.526s][info][gc,phases      ] GC(75)   Merge Optional Heap Roots: 0.36ms
[273.526s][info][gc,phases      ] GC(75)   Evacuate Optional Collection Set: 20.08ms
[273.526s][info][gc,phases      ] GC(75)   Post Evacuate Collection Set: 1.24ms
[273.526s][info][gc,phases      ] GC(75)   Other: 0.10ms
[273.526s][info][gc,heap        ] GC(75) Eden regions: 1042->0(1049)
[273.526s][info][gc,heap        ] GC(75) Survivor regions: 104->115(144)
[273.526s][info][gc,heap        ] GC(75) Old regions: 618->589
[273.526s][info][gc,heap        ] GC(75) Humongous regions: 77->77
[273.526s][info][gc,metaspace   ] GC(75) Metaspace: 28752K(29056K)->28752K(29056K) NonClass: 23870K(24000K)->23870K(24000K) Class: 4882K(5056K)->4882K(5056K)
[273.526s][info][gc             ] GC(75) Pause Young (Mixed) (G1 Evacuation Pause) 3681M->1560M(4096M) 167.916ms
[273.526s][info][gc,cpu         ] GC(75) User=0.98s Sys=0.01s Real=0.16s
.[274.680s][info][gc,start       ] GC(76) Pause Young (Concurrent Start) (G1 Evacuation Pause)
[274.680s][info][gc,task        ] GC(76) Using 6 workers of 6 for evacuation
[274.855s][info][gc,phases      ] GC(76)   Pre Evacuate Collection Set: 0.36ms
[274.855s][info][gc,phases      ] GC(76)   Merge Heap Roots: 0.69ms
[274.855s][info][gc,phases      ] GC(76)   Evacuate Collection Set: 172.18ms
[274.855s][info][gc,phases      ] GC(76)   Post Evacuate Collection Set: 0.86ms
[274.855s][info][gc,phases      ] GC(76)   Other: 0.83ms
[274.855s][info][gc,heap        ] GC(76) Eden regions: 1049->0(1033)
[274.855s][info][gc,heap        ] GC(76) Survivor regions: 115->81(146)
[274.855s][info][gc,heap        ] GC(76) Old regions: 589->659
[274.855s][info][gc,heap        ] GC(76) Humongous regions: 77->77
[274.855s][info][gc,metaspace   ] GC(76) Metaspace: 28755K(29056K)->28755K(29056K) NonClass: 23873K(24000K)->23873K(24000K) Class: 4882K(5056K)->4882K(5056K)
[274.855s][info][gc             ] GC(76) Pause Young (Concurrent Start) (G1 Evacuation Pause) 3658M->1631M(4096M) 175.057ms
[274.855s][info][gc             ] GC(77) Concurrent Mark Cycle
[274.855s][info][gc,marking     ] GC(77) Concurrent Scan Root Regions
[274.855s][info][gc,cpu         ] GC(76) User=0.80s Sys=0.00s Real=0.17s
.[275.052s][info][gc,marking     ] GC(77) Concurrent Scan Root Regions 196.670ms
[275.052s][info][gc,marking     ] GC(77) Concurrent Mark
[275.052s][info][gc,marking     ] GC(77) Concurrent Mark From Roots
[275.052s][info][gc,task        ] GC(77) Using 2 workers of 2 for marking
[276.058s][info][gc,marking     ] GC(77) Concurrent Mark From Roots 1006.311ms
[276.058s][info][gc,marking     ] GC(77) Concurrent Preclean
[276.058s][info][gc,marking     ] GC(77) Concurrent Preclean 0.071ms
[276.061s][info][gc,start       ] GC(77) Pause Remark
[276.066s][info][gc             ] GC(77) Pause Remark 2933M->2933M(4096M) 4.930ms
[276.066s][info][gc,cpu         ] GC(77) User=0.03s Sys=0.00s Real=0.00s
[276.068s][info][gc,marking     ] GC(77) Concurrent Mark 1016.284ms
[276.068s][info][gc,marking     ] GC(77) Concurrent Rebuild Remembered Sets and Scrub Regions
.[276.613s][info][gc,marking     ] GC(77) Concurrent Rebuild Remembered Sets and Scrub Regions 544.701ms
[276.616s][info][gc,start       ] GC(78) Pause Young (Normal) (G1 Evacuation Pause)
[276.616s][info][gc,task        ] GC(78) Using 6 workers of 6 for evacuation
[276.723s][info][gc,phases      ] GC(78)   Pre Evacuate Collection Set: 0.32ms
[276.723s][info][gc,phases      ] GC(78)   Merge Heap Roots: 0.46ms
[276.723s][info][gc,phases      ] GC(78)   Evacuate Collection Set: 105.43ms
[276.723s][info][gc,phases      ] GC(78)   Post Evacuate Collection Set: 0.93ms
[276.723s][info][gc,phases      ] GC(78)   Other: 0.09ms
[276.723s][info][gc,heap        ] GC(78) Eden regions: 1033->0(998)
[276.723s][info][gc,heap        ] GC(78) Survivor regions: 81->76(140)
[276.723s][info][gc,heap        ] GC(78) Old regions: 659->707
[276.723s][info][gc,heap        ] GC(78) Humongous regions: 77->77
[276.723s][info][gc,metaspace   ] GC(78) Metaspace: 28755K(29056K)->28755K(29056K) NonClass: 23873K(24000K)->23873K(24000K) Class: 4882K(5056K)->4882K(5056K)
[276.723s][info][gc             ] GC(78) Pause Young (Normal) (G1 Evacuation Pause) 3697M->1718M(4096M) 107.376ms
[276.723s][info][gc,cpu         ] GC(78) User=0.64s Sys=0.00s Real=0.11s
[276.723s][info][gc,start       ] GC(77) Pause Cleanup
[276.724s][info][gc             ] GC(77) Pause Cleanup 1720M->1720M(4096M) 0.142ms
[276.724s][info][gc,cpu         ] GC(77) User=0.00s Sys=0.00s Real=0.00s
[276.724s][info][gc,marking     ] GC(77) Concurrent Clear Claimed Marks
[276.724s][info][gc,marking     ] GC(77) Concurrent Clear Claimed Marks 0.040ms
[276.724s][info][gc,marking     ] GC(77) Concurrent Cleanup for Next Mark
[276.883s][info][gc,marking     ] GC(77) Concurrent Cleanup for Next Mark 159.238ms
[276.883s][info][gc             ] GC(77) Concurrent Mark Cycle 2028.027ms
.[278.085s][info][gc,start       ] GC(79) Pause Young (Prepare Mixed) (G1 Evacuation Pause)
[278.085s][info][gc,task        ] GC(79) Using 6 workers of 6 for evacuation
[278.178s][info][gc,phases      ] GC(79)   Pre Evacuate Collection Set: 0.35ms
[278.178s][info][gc,phases      ] GC(79)   Merge Heap Roots: 0.45ms
[278.178s][info][gc,phases      ] GC(79)   Evacuate Collection Set: 91.18ms
[278.178s][info][gc,phases      ] GC(79)   Post Evacuate Collection Set: 0.85ms
[278.178s][info][gc,phases      ] GC(79)   Other: 0.09ms
[278.178s][info][gc,heap        ] GC(79) Eden regions: 998->0(975)
[278.178s][info][gc,heap        ] GC(79) Survivor regions: 76->61(135)
[278.178s][info][gc,heap        ] GC(79) Old regions: 707->756
[278.178s][info][gc,heap        ] GC(79) Humongous regions: 77->77
[278.178s][info][gc,metaspace   ] GC(79) Metaspace: 28755K(29056K)->28755K(29056K) NonClass: 23873K(24000K)->23873K(24000K) Class: 4882K(5056K)->4882K(5056K)
[278.178s][info][gc             ] GC(79) Pause Young (Prepare Mixed) (G1 Evacuation Pause) 3714M->1785M(4096M) 93.062ms
[278.179s][info][gc,cpu         ] GC(79) User=0.55s Sys=0.00s Real=0.10s
.[279.333s][info][gc,start       ] GC(80) Pause Young (Mixed) (G1 Evacuation Pause)
[279.333s][info][gc,task        ] GC(80) Using 6 workers of 6 for evacuation
[279.442s][info][gc,phases      ] GC(80)   Pre Evacuate Collection Set: 0.41ms
[279.442s][info][gc,phases      ] GC(80)   Merge Heap Roots: 0.52ms
[279.442s][info][gc,phases      ] GC(80)   Evacuate Collection Set: 107.40ms
[279.442s][info][gc,phases      ] GC(80)   Post Evacuate Collection Set: 0.93ms
[279.442s][info][gc,phases      ] GC(80)   Other: 0.10ms
[279.442s][info][gc,heap        ] GC(80) Eden regions: 975->0(1075)
[279.442s][info][gc,heap        ] GC(80) Survivor regions: 61->114(130)
[279.442s][info][gc,heap        ] GC(80) Old regions: 756->565
[279.442s][info][gc,heap        ] GC(80) Humongous regions: 77->77
[279.442s][info][gc,metaspace   ] GC(80) Metaspace: 28757K(29056K)->28757K(29056K) NonClass: 23875K(24000K)->23875K(24000K) Class: 4882K(5056K)->4882K(5056K)
[279.442s][info][gc             ] GC(80) Pause Young (Mixed) (G1 Evacuation Pause) 3735M->1510M(4096M) 109.492ms
[279.442s][info][gc,cpu         ] GC(80) User=0.65s Sys=0.00s Real=0.11s
. (rIR:aIR:PR = 13837:12901:11831) (tPR = 179362) [IR is under limit] [PR is under limit] 
   279s: Re-initializing (term[281.047s][info][gc,start       ] GC(81) Pause Young (Mixed) (G1 Evacuation Pause)
[281.047s][info][gc,task        ] GC(81) Using 6 workers of 6 for evacuation
[281.183s][info][gc,phases      ] GC(81)   Pre Evacuate Collection Set: 0.34ms
[281.183s][info][gc,phases      ] GC(81)   Merge Heap Roots: 0.60ms
[281.183s][info][gc,phases      ] GC(81)   Evacuate Collection Set: 133.63ms
[281.183s][info][gc,phases      ] GC(81)   Post Evacuate Collection Set: 0.90ms
[281.183s][info][gc,phases      ] GC(81)   Other: 0.11ms
[281.183s][info][gc,heap        ] GC(81) Eden regions: 1075->0(1056)
[281.183s][info][gc,heap        ] GC(81) Survivor regions: 114->123(149)
[281.183s][info][gc,heap        ] GC(81) Old regions: 565->566
[281.183s][info][gc,heap        ] GC(81) Humongous regions: 77->77
[281.183s][info][gc,metaspace   ] GC(81) Metaspace: 28759K(29056K)->28759K(29056K) NonClass: 23877K(24000K)->23877K(24000K) Class: 4882K(5056K)->4882K(5056K)
[281.183s][info][gc             ] GC(81) Pause Young (Mixed) (G1 Evacuation Pause) 3660M->1530M(4096M) 135.707ms
[281.183s][info][gc,cpu         ] GC(81) User=0.80s Sys=0.00s Real=0.13s
[282.533s][info][gc,start       ] GC(82) Pause Young (Concurrent Start) (G1 Evacuation Pause)
[282.533s][info][gc,task        ] GC(82) Using 6 workers of 6 for evacuation
[282.665s][info][gc,phases      ] GC(82)   Pre Evacuate Collection Set: 0.37ms
[282.665s][info][gc,phases      ] GC(82)   Merge Heap Roots: 0.44ms
[282.665s][info][gc,phases      ] GC(82)   Evacuate Collection Set: 130.46ms
[282.665s][info][gc,phases      ] GC(82)   Post Evacuate Collection Set: 0.89ms
[282.665s][info][gc,phases      ] GC(82)   Other: 0.10ms
[282.665s][info][gc,heap        ] GC(82) Eden regions: 1056->0(1045)
[282.665s][info][gc,heap        ] GC(82) Survivor regions: 123->75(148)
[282.665s][info][gc,heap        ] GC(82) Old regions: 566->652
[282.665s][info][gc,heap        ] GC(82) Humongous regions: 77->77
[282.665s][info][gc,metaspace   ] GC(82) Metaspace: 28759K(29056K)->28759K(29056K) NonClass: 23877K(24000K)->23877K(24000K) Class: 4882K(5056K)->4882K(5056K)
[282.665s][info][gc             ] GC(82) Pause Young (Concurrent Start) (G1 Evacuation Pause) 3642M->1606M(4096M) 132.387ms
[282.665s][info][gc             ] GC(83) Concurrent Mark Cycle
[282.665s][info][gc,cpu         ] GC(82) User=0.79s Sys=0.00s Real=0.13s
[282.665s][info][gc,marking     ] GC(83) Concurrent Scan Root Regions
[282.990s][info][gc,marking     ] GC(83) Concurrent Scan Root Regions 324.867ms
[282.990s][info][gc,marking     ] GC(83) Concurrent Mark
[282.990s][info][gc,marking     ] GC(83) Concurrent Mark From Roots
[282.990s][info][gc,task        ] GC(83) Using 2 workers of 2 for marking
[284.619s][info][gc,marking     ] GC(83) Concurrent Mark From Roots 1628.811ms
[284.619s][info][gc,marking     ] GC(83) Concurrent Preclean
[284.619s][info][gc,marking     ] GC(83) Concurrent Preclean 0.061ms
[284.622s][info][gc,start       ] GC(83) Pause Remark
[284.626s][info][gc             ] GC(83) Pause Remark 3614M->3614M(4096M) 4.165ms
[284.626s][info][gc,cpu         ] GC(83) User=0.02s Sys=0.00s Real=0.00s
[284.626s][info][gc,marking     ] GC(83) Concurrent Mark 1636.285ms
[284.626s][info][gc,marking     ] GC(83) Concurrent Rebuild Remembered Sets and Scrub Regions
[284.710s][info][gc,start       ] GC(84) Pause Young (Normal) (G1 Evacuation Pause)
[284.710s][info][gc,task        ] GC(84) Using 6 workers of 6 for evacuation
[284.854s][info][gc,phases      ] GC(84)   Pre Evacuate Collection Set: 0.30ms
[284.854s][info][gc,phases      ] GC(84)   Merge Heap Roots: 0.41ms
[284.854s][info][gc,phases      ] GC(84)   Evacuate Collection Set: 141.68ms
[284.854s][info][gc,phases      ] GC(84)   Post Evacuate Collection Set: 0.89ms
[284.854s][info][gc,phases      ] GC(84)   Other: 0.09ms
[284.854s][info][gc,heap        ] GC(84) Eden regions: 1045->0(1010)
[284.854s][info][gc,heap        ] GC(84) Survivor regions: 75->73(140)
[284.854s][info][gc,heap        ] GC(84) Old regions: 652->696
[284.854s][info][gc,heap        ] GC(84) Humongous regions: 77->77
[284.854s][info][gc,metaspace   ] GC(84) Metaspace: 28759K(29056K)->28759K(29056K) NonClass: 23877K(24000K)->23877K(24000K) Class: 4882K(5056K)->4882K(5056K)
[284.854s][info][gc             ] GC(84) Pause Young (Normal) (G1 Evacuation Pause) 3696M->1689M(4096M) 143.516ms
[284.854s][info][gc,cpu         ] GC(84) User=0.61s Sys=0.00s Real=0.14s
[285.221s][info][gc,marking     ] GC(83) Concurrent Rebuild Remembered Sets and Scrub Regions 594.322ms
[285.221s][info][gc,start       ] GC(83) Pause Cleanup
[285.222s][info][gc             ] GC(83) Pause Cleanup 2143M->2143M(4096M) 0.800ms
[285.222s][info][gc,cpu         ] GC(83) User=0.00s Sys=0.00s Real=0.00s
[285.222s][info][gc,marking     ] GC(83) Concurrent Clear Claimed Marks
[285.222s][info][gc,marking     ] GC(83) Concurrent Clear Claimed Marks 0.037ms
[285.222s][info][gc,marking     ] GC(83) Concurrent Cleanup for Next Mark
[285.396s][info][gc,marking     ] GC(83) Concurrent Cleanup for Next Mark 173.736ms
[285.396s][info][gc             ] GC(83) Concurrent Mark Cycle 2730.472ms
) [285.413s][info][gc,start       ] GC(85) Pause Full (System.gc())
[285.413s][info][gc,task        ] GC(85) Using 6 workers of 6 for full compaction
[285.414s][info][gc,phases,start] GC(85) Phase 1: Mark live objects
[285.429s][info][gc,phases      ] GC(85) Phase 1: Mark live objects 15.469ms
[285.429s][info][gc,phases,start] GC(85) Phase 2: Prepare compaction
[285.432s][info][gc,phases      ] GC(85) Phase 2: Prepare compaction 2.746ms
[285.432s][info][gc,phases,start] GC(85) Phase 3: Adjust pointers
[285.439s][info][gc,phases      ] GC(85) Phase 3: Adjust pointers 7.234ms
[285.439s][info][gc,phases,start] GC(85) Phase 4: Compact heap
[285.442s][info][gc,phases      ] GC(85) Phase 4: Compact heap 3.035ms
[285.442s][info][gc,phases,start] GC(85) Phase 5: Reset Metadata
[285.447s][info][gc,phases      ] GC(85) Phase 5: Reset Metadata 4.789ms
[285.453s][info][gc,heap        ] GC(85) Eden regions: 378->0(1228)
[285.453s][info][gc,heap        ] GC(85) Survivor regions: 73->0(140)
[285.453s][info][gc,heap        ] GC(85) Old regions: 696->35
[285.453s][info][gc,heap        ] GC(85) Humongous regions: 77->66
[285.453s][info][gc,metaspace   ] GC(85) Metaspace: 28760K(29056K)->28760K(29056K) NonClass: 23878K(24000K)->23878K(24000K) Class: 4882K(5056K)->4882K(5056K)
[285.453s][info][gc             ] GC(85) Pause Full (System.gc()) 2444M->194M(4096M) 40.051ms
[285.453s][info][gc,cpu         ] GC(85) User=0.20s Sys=0.00s Real=0.04s
(init[285.691s][info][gc,start       ] GC(86) Pause Young (Concurrent Start) (G1 Humongous Allocation)
[285.691s][info][gc,task        ] GC(86) Using 6 workers of 6 for evacuation
[285.705s][info][gc,phases      ] GC(86)   Pre Evacuate Collection Set: 0.33ms
[285.705s][info][gc,phases      ] GC(86)   Merge Heap Roots: 0.03ms
[285.705s][info][gc,phases      ] GC(86)   Evacuate Collection Set: 12.66ms
[285.705s][info][gc,phases      ] GC(86)   Post Evacuate Collection Set: 0.26ms
[285.705s][info][gc,phases      ] GC(86)   Other: 0.09ms
[285.705s][info][gc,heap        ] GC(86) Eden regions: 45->0(1215)
[285.705s][info][gc,heap        ] GC(86) Survivor regions: 0->13(154)
[285.705s][info][gc,heap        ] GC(86) Old regions: 35->35
[285.705s][info][gc,heap        ] GC(86) Humongous regions: 66->66
[285.705s][info][gc,metaspace   ] GC(86) Metaspace: 28769K(29056K)->28769K(29056K) NonClass: 23887K(24000K)->23887K(24000K) Class: 4882K(5056K)->4882K(5056K)
[285.705s][info][gc             ] GC(86) Pause Young (Concurrent Start) (G1 Humongous Allocation) 284M->220M(4096M) 13.509ms
[285.705s][info][gc             ] GC(87) Concurrent Mark Cycle
[285.705s][info][gc,marking     ] GC(87) Concurrent Scan Root Regions
[285.705s][info][gc,cpu         ] GC(86) User=0.07s Sys=0.01s Real=0.01s
[285.713s][info][gc,marking     ] GC(87) Concurrent Scan Root Regions 8.294ms
[285.713s][info][gc,marking     ] GC(87) Concurrent Mark
[285.713s][info][gc,marking     ] GC(87) Concurrent Mark From Roots
[285.713s][info][gc,task        ] GC(87) Using 2 workers of 2 for marking
[285.760s][info][gc,marking     ] GC(87) Concurrent Mark From Roots 46.470ms
[285.760s][info][gc,marking     ] GC(87) Concurrent Preclean
[285.760s][info][gc,marking     ] GC(87) Concurrent Preclean 0.125ms
[285.760s][info][gc,start       ] GC(87) Pause Remark
[285.762s][info][gc             ] GC(87) Pause Remark 344M->344M(4096M) 1.866ms
[285.762s][info][gc,cpu         ] GC(87) User=0.00s Sys=0.00s Real=0.00s
[285.762s][info][gc,marking     ] GC(87) Concurrent Mark 48.851ms
[285.762s][info][gc,marking     ] GC(87) Concurrent Rebuild Remembered Sets and Scrub Regions
[285.788s][info][gc,marking     ] GC(87) Concurrent Rebuild Remembered Sets and Scrub Regions 25.480ms
[285.788s][info][gc,start       ] GC(87) Pause Cleanup
[285.788s][info][gc             ] GC(87) Pause Cleanup 402M->402M(4096M) 0.063ms
[285.788s][info][gc,cpu         ] GC(87) User=0.00s Sys=0.00s Real=0.00s
[285.788s][info][gc,marking     ] GC(87) Concurrent Clear Claimed Marks
[285.788s][info][gc,marking     ] GC(87) Concurrent Clear Claimed Marks 0.035ms
[285.788s][info][gc,marking     ] GC(87) Concurrent Cleanup for Next Mark
[285.792s][info][gc,marking     ] GC(87) Concurrent Cleanup for Next Mark 4.642ms
[285.793s][info][gc             ] GC(87) Concurrent Mark Cycle 87.661ms
) ... OK
   289s: Searching from base IR = 11548
   289s:       rampup IR =      0 ... (rIR:aIR:PR = 0:0:0) (tPR = 0) [OK] 
   292s:       rampup IR =   1155 ...[296.107s][info][gc,start       ] GC(88) Pause Young (Prepare Mixed) (G1 Evacuation Pause)
[296.108s][info][gc,task        ] GC(88) Using 6 workers of 6 for evacuation
[296.591s][info][gc,mmu         ] GC(88) MMU target violated: 201.0ms (200.0ms/201.0ms)
[296.591s][info][gc,phases      ] GC(88)   Pre Evacuate Collection Set: 0.34ms
[296.591s][info][gc,phases      ] GC(88)   Merge Heap Roots: 0.56ms
[296.591s][info][gc,phases      ] GC(88)   Evacuate Collection Set: 480.71ms
[296.591s][info][gc,phases      ] GC(88)   Post Evacuate Collection Set: 1.34ms
[296.591s][info][gc,phases      ] GC(88)   Other: 0.14ms
[296.591s][info][gc,heap        ] GC(88) Eden regions: 1215->0(455)
[296.591s][info][gc,heap        ] GC(88) Survivor regions: 13->154(154)
[296.591s][info][gc,heap        ] GC(88) Old regions: 35->343
[296.591s][info][gc,heap        ] GC(88) Humongous regions: 163->155
[296.591s][info][gc,metaspace   ] GC(88) Metaspace: 28778K(29056K)->28778K(29056K) NonClass: 23896K(24000K)->23896K(24000K) Class: 4882K(5056K)->4882K(5056K)
[296.591s][info][gc             ] GC(88) Pause Young (Prepare Mixed) (G1 Evacuation Pause) 2844M->1296M(4096M) 483.209ms
[296.591s][info][gc,cpu         ] GC(88) User=2.86s Sys=0.00s Real=0.48s
. (rIR:aIR:PR = 1155:1150:1126) (tPR = 22518) [OK] 
   296s:       rampup IR =   2310 ..[298.984s][info][gc,start       ] GC(89) Pause Young (Mixed) (G1 Evacuation Pause)
[298.984s][info][gc,task        ] GC(89) Using 6 workers of 6 for evacuation
[299.182s][info][gc,phases      ] GC(89)   Pre Evacuate Collection Set: 0.36ms
[299.182s][info][gc,phases      ] GC(89)   Merge Heap Roots: 0.60ms
[299.182s][info][gc,phases      ] GC(89)   Evacuate Collection Set: 196.70ms
[299.182s][info][gc,phases      ] GC(89)   Post Evacuate Collection Set: 0.48ms
[299.182s][info][gc,phases      ] GC(89)   Other: 0.07ms
[299.182s][info][gc,heap        ] GC(89) Eden regions: 450->0(600)
[299.182s][info][gc,heap        ] GC(89) Survivor regions: 154->28(76)
[299.182s][info][gc,heap        ] GC(89) Old regions: 343->496
[299.182s][info][gc,heap        ] GC(89) Humongous regions: 155->155
[299.182s][info][gc,metaspace   ] GC(89) Metaspace: 28779K(29056K)->28779K(29056K) NonClass: 23896K(24000K)->23896K(24000K) Class: 4882K(5056K)->4882K(5056K)
[299.182s][info][gc             ] GC(89) Pause Young (Mixed) (G1 Evacuation Pause) 2196M->1350M(4096M) 198.329ms
[299.182s][info][gc,cpu         ] GC(89) User=1.17s Sys=0.00s Real=0.20s
... (rIR:aIR:PR = 2310:2306:2251) (tPR = 41236) [OK] 
   301s:       rampup IR =   3464 [302.100s][info][gc,start       ] GC(90) Pause Young (Concurrent Start) (G1 Evacuation Pause)
[302.100s][info][gc,task        ] GC(90) Using 6 workers of 6 for evacuation
[302.159s][info][gc,phases      ] GC(90)   Pre Evacuate Collection Set: 0.41ms
[302.159s][info][gc,phases      ] GC(90)   Merge Heap Roots: 0.42ms
[302.160s][info][gc,phases      ] GC(90)   Evacuate Collection Set: 57.50ms
[302.160s][info][gc,phases      ] GC(90)   Post Evacuate Collection Set: 0.74ms
[302.160s][info][gc,phases      ] GC(90)   Other: 0.09ms
[302.160s][info][gc,heap        ] GC(90) Eden regions: 648->0(668)
[302.160s][info][gc,heap        ] GC(90) Survivor regions: 28->58(85)
[302.160s][info][gc,heap        ] GC(90) Old regions: 496->496
[302.160s][info][gc,heap        ] GC(90) Humongous regions: 155->155
[302.160s][info][gc,metaspace   ] GC(90) Metaspace: 28780K(29056K)->28780K(29056K) NonClass: 23898K(24000K)->23898K(24000K) Class: 4882K(5056K)->4882K(5056K)
[302.160s][info][gc             ] GC(90) Pause Young (Concurrent Start) (G1 Evacuation Pause) 2646M->1410M(4096M) 59.294ms
[302.160s][info][gc             ] GC(91) Concurrent Mark Cycle
[302.160s][info][gc,marking     ] GC(91) Concurrent Scan Root Regions
[302.160s][info][gc,cpu         ] GC(90) User=0.35s Sys=0.00s Real=0.06s
[302.232s][info][gc,marking     ] GC(91) Concurrent Scan Root Regions 72.375ms
[302.232s][info][gc,marking     ] GC(91) Concurrent Mark
[302.232s][info][gc,marking     ] GC(91) Concurrent Mark From Roots
[302.232s][info][gc,task        ] GC(91) Using 2 workers of 2 for marking
.[302.851s][info][gc,marking     ] GC(91) Concurrent Mark From Roots 618.549ms
[302.851s][info][gc,marking     ] GC(91) Concurrent Preclean
[302.851s][info][gc,marking     ] GC(91) Concurrent Preclean 0.057ms
[302.851s][info][gc,start       ] GC(91) Pause Remark
[302.858s][info][gc             ] GC(91) Pause Remark 1842M->1622M(4096M) 6.966ms
[302.858s][info][gc,cpu         ] GC(91) User=0.04s Sys=0.00s Real=0.01s
[302.858s][info][gc,marking     ] GC(91) Concurrent Mark 626.422ms
[302.858s][info][gc,marking     ] GC(91) Concurrent Rebuild Remembered Sets and Scrub Regions
[303.084s][info][gc,marking     ] GC(91) Concurrent Rebuild Remembered Sets and Scrub Regions 225.848ms
[303.084s][info][gc,start       ] GC(91) Pause Cleanup
[303.085s][info][gc             ] GC(91) Pause Cleanup 1754M->1754M(4096M) 0.090ms
[303.085s][info][gc,cpu         ] GC(91) User=0.00s Sys=0.00s Real=0.00s
[303.085s][info][gc,marking     ] GC(91) Concurrent Clear Claimed Marks
[303.085s][info][gc,marking     ] GC(91) Concurrent Clear Claimed Marks 0.029ms
[303.085s][info][gc,marking     ] GC(91) Concurrent Cleanup for Next Mark
[303.089s][info][gc,marking     ] GC(91) Concurrent Cleanup for Next Mark 3.976ms
[303.089s][info][gc             ] GC(91) Concurrent Mark Cycle 929.097ms
.[304.375s][info][gc,start       ] GC(92) Pause Young (Prepare Mixed) (G1 Evacuation Pause)
[304.375s][info][gc,task        ] GC(92) Using 6 workers of 6 for evacuation
[304.452s][info][gc,phases      ] GC(92)   Pre Evacuate Collection Set: 0.35ms
[304.452s][info][gc,phases      ] GC(92)   Merge Heap Roots: 0.53ms
[304.452s][info][gc,phases      ] GC(92)   Evacuate Collection Set: 75.83ms
[304.452s][info][gc,phases      ] GC(92)   Post Evacuate Collection Set: 0.70ms
[304.452s][info][gc,phases      ] GC(92)   Other: 0.07ms
[304.452s][info][gc,heap        ] GC(92) Eden regions: 659->0(927)
[304.452s][info][gc,heap        ] GC(92) Survivor regions: 58->66(90)
[304.452s][info][gc,heap        ] GC(92) Old regions: 466->487
[304.452s][info][gc,heap        ] GC(92) Humongous regions: 75->75
[304.452s][info][gc,metaspace   ] GC(92) Metaspace: 28780K(29056K)->28780K(29056K) NonClass: 23898K(24000K)->23898K(24000K) Class: 4882K(5056K)->4882K(5056K)
[304.452s][info][gc             ] GC(92) Pause Young (Prepare Mixed) (G1 Evacuation Pause) 2508M->1248M(4096M) 77.610ms
[304.452s][info][gc,cpu         ] GC(92) User=0.46s Sys=0.00s Real=0.08s
.. (rIR:aIR:PR = 3464:3425:3350) (tPR = 58236) [OK] 
   305s:       rampup IR =   4619 .[307.458s][info][gc,start       ] GC(93) Pause Young (Mixed) (G1 Evacuation Pause)
[307.458s][info][gc,task        ] GC(93) Using 6 workers of 6 for evacuation
[307.557s][info][gc,phases      ] GC(93)   Pre Evacuate Collection Set: 0.35ms
[307.557s][info][gc,phases      ] GC(93)   Merge Heap Roots: 0.39ms
[307.557s][info][gc,phases      ] GC(93)   Evacuate Collection Set: 97.03ms
[307.557s][info][gc,phases      ] GC(93)   Post Evacuate Collection Set: 0.98ms
[307.557s][info][gc,phases      ] GC(93)   Other: 0.08ms
[307.557s][info][gc,heap        ] GC(93) Eden regions: 1044->0(820)
[307.557s][info][gc,heap        ] GC(93) Survivor regions: 66->111(139)
[307.557s][info][gc,heap        ] GC(93) Old regions: 487->483
[307.557s][info][gc,heap        ] GC(93) Humongous regions: 75->75
[307.557s][info][gc,metaspace   ] GC(93) Metaspace: 28781K(29056K)->28781K(29056K) NonClass: 23898K(24000K)->23898K(24000K) Class: 4882K(5056K)->4882K(5056K)
[307.557s][info][gc             ] GC(93) Pause Young (Mixed) (G1 Evacuation Pause) 3336M->1330M(4096M) 98.951ms
[307.557s][info][gc,cpu         ] GC(93) User=0.58s Sys=0.00s Real=0.10s
... (rIR:aIR:PR = 4619:4630:4601) (tPR = 78406) [OK] 
   309s:       rampup IR =   5774 [309.929s][info][gc,start       ] GC(94) Pause Young (Mixed) (G1 Evacuation Pause)
[309.929s][info][gc,task        ] GC(94) Using 6 workers of 6 for evacuation
[310.044s][info][gc,phases      ] GC(94)   Pre Evacuate Collection Set: 0.36ms
[310.044s][info][gc,phases      ] GC(94)   Merge Heap Roots: 0.43ms
[310.044s][info][gc,phases      ] GC(94)   Evacuate Collection Set: 112.81ms
[310.044s][info][gc,phases      ] GC(94)   Post Evacuate Collection Set: 0.99ms
[310.044s][info][gc,phases      ] GC(94)   Other: 0.08ms
[310.044s][info][gc,heap        ] GC(94) Eden regions: 941->0(1066)
[310.044s][info][gc,heap        ] GC(94) Survivor regions: 111->93(132)
[310.044s][info][gc,heap        ] GC(94) Old regions: 483->521
[310.044s][info][gc,heap        ] GC(94) Humongous regions: 77->77
[310.044s][info][gc,metaspace   ] GC(94) Metaspace: 28786K(29056K)->28786K(29056K) NonClass: 23904K(24000K)->23904K(24000K) Class: 4882K(5056K)->4882K(5056K)
[310.044s][info][gc             ] GC(94) Pause Young (Mixed) (G1 Evacuation Pause) 3216M->1376M(4096M) 114.829ms
[310.044s][info][gc,cpu         ] GC(94) User=0.68s Sys=0.01s Real=0.11s
..[312.185s][info][gc,start       ] GC(95) Pause Young (Mixed) (G1 Evacuation Pause)
[312.185s][info][gc,task        ] GC(95) Using 6 workers of 6 for evacuation
[312.305s][info][gc,phases      ] GC(95)   Pre Evacuate Collection Set: 0.36ms
[312.305s][info][gc,phases      ] GC(95)   Merge Heap Roots: 0.46ms
[312.305s][info][gc,phases      ] GC(95)   Evacuate Collection Set: 117.97ms
[312.305s][info][gc,phases      ] GC(95)   Post Evacuate Collection Set: 1.02ms
[312.305s][info][gc,phases      ] GC(95)   Other: 0.09ms
[312.305s][info][gc,heap        ] GC(95) Eden regions: 1066->0(1008)
[312.305s][info][gc,heap        ] GC(95) Survivor regions: 93->99(145)
[312.305s][info][gc,heap        ] GC(95) Old regions: 521->533
[312.305s][info][gc,heap        ] GC(95) Humongous regions: 77->77
[312.305s][info][gc,metaspace   ] GC(95) Metaspace: 28789K(29056K)->28789K(29056K) NonClass: 23906K(24000K)->23906K(24000K) Class: 4882K(5056K)->4882K(5056K)
[312.305s][info][gc             ] GC(95) Pause Young (Mixed) (G1 Evacuation Pause) 3508M->1414M(4096M) 120.045ms
[312.305s][info][gc,cpu         ] GC(95) User=0.71s Sys=0.00s Real=0.12s
.. (rIR:aIR:PR = 5774:5743:5743) (tPR = 91350) [OK] 
   313s:       rampup IR =   6929 [314.705s][info][gc,start       ] GC(96) Pause Young (Concurrent Start) (G1 Evacuation Pause)
[314.705s][info][gc,task        ] GC(96) Using 6 workers of 6 for evacuation
[314.821s][info][gc,phases      ] GC(96)   Pre Evacuate Collection Set: 0.43ms
[314.821s][info][gc,phases      ] GC(96)   Merge Heap Roots: 0.37ms
[314.822s][info][gc,phases      ] GC(96)   Evacuate Collection Set: 114.17ms
[314.822s][info][gc,phases      ] GC(96)   Post Evacuate Collection Set: 1.00ms
[314.822s][info][gc,phases      ] GC(96)   Other: 0.13ms
[314.822s][info][gc,heap        ] GC(96) Eden regions: 1074->0(1062)
[314.822s][info][gc,heap        ] GC(96) Survivor regions: 99->107(147)
[314.822s][info][gc,heap        ] GC(96) Old regions: 533->564
[314.822s][info][gc,heap        ] GC(96) Humongous regions: 77->77
[314.822s][info][gc,metaspace   ] GC(96) Metaspace: 28789K(29056K)->28789K(29056K) NonClass: 23906K(24000K)->23906K(24000K) Class: 4882K(5056K)->4882K(5056K)
[314.822s][info][gc             ] GC(96) Pause Young (Concurrent Start) (G1 Evacuation Pause) 3562M->1494M(4096M) 116.244ms
[314.822s][info][gc             ] GC(97) Concurrent Mark Cycle
[314.822s][info][gc,marking     ] GC(97) Concurrent Scan Root Regions
[314.822s][info][gc,cpu         ] GC(96) User=0.69s Sys=0.00s Real=0.12s
.[314.969s][info][gc,marking     ] GC(97) Concurrent Scan Root Regions 147.417ms
[314.969s][info][gc,marking     ] GC(97) Concurrent Mark
[314.969s][info][gc,marking     ] GC(97) Concurrent Mark From Roots
[314.969s][info][gc,task        ] GC(97) Using 2 workers of 2 for marking
[315.565s][info][gc,marking     ] GC(97) Concurrent Mark From Roots 595.617ms
[315.565s][info][gc,marking     ] GC(97) Concurrent Preclean
[315.565s][info][gc,marking     ] GC(97) Concurrent Preclean 0.065ms
[315.566s][info][gc,start       ] GC(97) Pause Remark
[315.572s][info][gc             ] GC(97) Pause Remark 2283M->2283M(4096M) 6.144ms
[315.572s][info][gc,cpu         ] GC(97) User=0.04s Sys=0.00s Real=0.01s
[315.573s][info][gc,marking     ] GC(97) Concurrent Mark 603.410ms
[315.573s][info][gc,marking     ] GC(97) Concurrent Rebuild Remembered Sets and Scrub Regions
[315.845s][info][gc,marking     ] GC(97) Concurrent Rebuild Remembered Sets and Scrub Regions 272.013ms
[315.845s][info][gc,start       ] GC(97) Pause Cleanup
[315.846s][info][gc             ] GC(97) Pause Cleanup 2489M->2489M(4096M) 0.841ms
[315.846s][info][gc,cpu         ] GC(97) User=0.00s Sys=0.00s Real=0.00s
[315.847s][info][gc,marking     ] GC(97) Concurrent Clear Claimed Marks
[315.847s][info][gc,marking     ] GC(97) Concurrent Clear Claimed Marks 0.062ms
[315.847s][info][gc,marking     ] GC(97) Concurrent Cleanup for Next Mark
[315.852s][info][gc,marking     ] GC(97) Concurrent Cleanup for Next Mark 4.871ms
[315.852s][info][gc             ] GC(97) Concurrent Mark Cycle 1030.585ms
..[317.086s][info][gc,start       ] GC(98) Pause Young (Prepare Mixed) (G1 Evacuation Pause)
[317.086s][info][gc,task        ] GC(98) Using 6 workers of 6 for evacuation
[317.210s][info][gc,phases      ] GC(98)   Pre Evacuate Collection Set: 0.34ms
[317.210s][info][gc,phases      ] GC(98)   Merge Heap Roots: 0.43ms
[317.210s][info][gc,phases      ] GC(98)   Evacuate Collection Set: 121.95ms
[317.210s][info][gc,phases      ] GC(98)   Post Evacuate Collection Set: 1.04ms
[317.210s][info][gc,phases      ] GC(98)   Other: 0.09ms
[317.210s][info][gc,heap        ] GC(98) Eden regions: 1062->0(1041)
[317.210s][info][gc,heap        ] GC(98) Survivor regions: 107->111(147)
[317.210s][info][gc,heap        ] GC(98) Old regions: 564->599
[317.210s][info][gc,heap        ] GC(98) Humongous regions: 77->77
[317.210s][info][gc,metaspace   ] GC(98) Metaspace: 28790K(29056K)->28790K(29056K) NonClass: 23907K(24000K)->23907K(24000K) Class: 4882K(5056K)->4882K(5056K)
[317.210s][info][gc             ] GC(98) Pause Young (Prepare Mixed) (G1 Evacuation Pause) 3618M->1571M(4096M) 123.999ms
[317.210s][info][gc,cpu         ] GC(98) User=0.73s Sys=0.00s Real=0.13s
..[319.531s][info][gc,start       ] GC(99) Pause Young (Mixed) (G1 Evacuation Pause)
[319.531s][info][gc,task        ] GC(99) Using 6 workers of 6 for evacuation
[319.665s][info][gc,phases      ] GC(99)   Pre Evacuate Collection Set: 0.39ms
[319.665s][info][gc,phases      ] GC(99)   Merge Heap Roots: 0.55ms
[319.665s][info][gc,phases      ] GC(99)   Evacuate Collection Set: 128.45ms
[319.665s][info][gc,phases      ] GC(99)   Merge Optional Heap Roots: 0.04ms
[319.665s][info][gc,phases      ] GC(99)   Evacuate Optional Collection Set: 2.52ms
[319.665s][info][gc,phases      ] GC(99)   Post Evacuate Collection Set: 1.14ms
[319.665s][info][gc,phases      ] GC(99)   Other: 0.11ms
[319.665s][info][gc,heap        ] GC(99) Eden regions: 1041->0(1119)
[319.665s][info][gc,heap        ] GC(99) Survivor regions: 111->109(144)
[319.665s][info][gc,heap        ] GC(99) Old regions: 599->490
[319.665s][info][gc,heap        ] GC(99) Humongous regions: 77->77
[319.665s][info][gc,metaspace   ] GC(99) Metaspace: 28790K(29056K)->28790K(29056K) NonClass: 23907K(24000K)->23907K(24000K) Class: 4882K(5056K)->4882K(5056K)
[319.665s][info][gc             ] GC(99) Pause Young (Mixed) (G1 Evacuation Pause) 3653M->1349M(4096M) 133.359ms
[319.665s][info][gc,cpu         ] GC(99) User=0.79s Sys=0.01s Real=0.13s
. (rIR:aIR:PR = 6929:6969:7031) (tPR = 108621) [OK] 
   319s:       rampup IR =   8084 .[321.867s][info][gc,start       ] GC(100) Pause Young (Mixed) (G1 Evacuation Pause)
[321.867s][info][gc,task        ] GC(100) Using 6 workers of 6 for evacuation
[321.991s][info][gc,phases      ] GC(100)   Pre Evacuate Collection Set: 0.37ms
[321.992s][info][gc,phases      ] GC(100)   Merge Heap Roots: 0.49ms
[321.992s][info][gc,phases      ] GC(100)   Evacuate Collection Set: 122.88ms
[321.992s][info][gc,phases      ] GC(100)   Post Evacuate Collection Set: 1.02ms
[321.992s][info][gc,phases      ] GC(100)   Other: 0.10ms
[321.992s][info][gc,heap        ] GC(100) Eden regions: 1119->0(1118)
[321.992s][info][gc,heap        ] GC(100) Survivor regions: 109->110(154)
[321.992s][info][gc,heap        ] GC(100) Old regions: 490->490
[321.992s][info][gc,heap        ] GC(100) Humongous regions: 77->77
[321.992s][info][gc,metaspace   ] GC(100) Metaspace: 28790K(29056K)->28790K(29056K) NonClass: 23907K(24000K)->23907K(24000K) Class: 4882K(5056K)->4882K(5056K)
[321.992s][info][gc             ] GC(100) Pause Young (Mixed) (G1 Evacuation Pause) 3587M->1350M(4096M) 125.000ms
[321.992s][info][gc,cpu         ] GC(100) User=0.74s Sys=0.00s Real=0.13s
...[324.120s][info][gc,start       ] GC(101) Pause Young (Concurrent Start) (G1 Evacuation Pause)
[324.120s][info][gc,task        ] GC(101) Using 6 workers of 6 for evacuation
[324.243s][info][gc,phases      ] GC(101)   Pre Evacuate Collection Set: 0.41ms
[324.243s][info][gc,phases      ] GC(101)   Merge Heap Roots: 0.45ms
[324.243s][info][gc,phases      ] GC(101)   Evacuate Collection Set: 120.53ms
[324.243s][info][gc,phases      ] GC(101)   Post Evacuate Collection Set: 1.00ms
[324.243s][info][gc,phases      ] GC(101)   Other: 0.13ms
[324.243s][info][gc,heap        ] GC(101) Eden regions: 1118->0(1115)
[324.243s][info][gc,heap        ] GC(101) Survivor regions: 110->113(154)
[324.243s][info][gc,heap        ] GC(101) Old regions: 490->522
[324.243s][info][gc,heap        ] GC(101) Humongous regions: 77->77
[324.243s][info][gc,metaspace   ] GC(101) Metaspace: 28790K(29056K)->28790K(29056K) NonClass: 23907K(24000K)->23907K(24000K) Class: 4882K(5056K)->4882K(5056K)
[324.243s][info][gc             ] GC(101) Pause Young (Concurrent Start) (G1 Evacuation Pause) 3586M->1422M(4096M) 122.657ms
[324.243s][info][gc             ] GC(102) Concurrent Mark Cycle
[324.243s][info][gc,marking     ] GC(102) Concurrent Scan Root Regions
[324.243s][info][gc,cpu         ] GC(101) User=0.73s Sys=0.00s Real=0.12s
[324.392s][info][gc,marking     ] GC(102) Concurrent Scan Root Regions 149.407ms
[324.393s][info][gc,marking     ] GC(102) Concurrent Mark
[324.393s][info][gc,marking     ] GC(102) Concurrent Mark From Roots
[324.393s][info][gc,task        ] GC(102) Using 2 workers of 2 for marking
.[325.066s][info][gc,marking     ] GC(102) Concurrent Mark From Roots 673.793ms
[325.066s][info][gc,marking     ] GC(102) Concurrent Preclean
[325.066s][info][gc,marking     ] GC(102) Concurrent Preclean 0.123ms
[325.070s][info][gc,start       ] GC(102) Pause Remark
[325.075s][info][gc             ] GC(102) Pause Remark 2166M->2166M(4096M) 4.975ms
[325.075s][info][gc,cpu         ] GC(102) User=0.03s Sys=0.00s Real=0.00s
[325.076s][info][gc,marking     ] GC(102) Concurrent Mark 683.880ms
[325.076s][info][gc,marking     ] GC(102) Concurrent Rebuild Remembered Sets and Scrub Regions
[325.319s][info][gc,marking     ] GC(102) Concurrent Rebuild Remembered Sets and Scrub Regions 242.999ms
[325.320s][info][gc,start       ] GC(102) Pause Cleanup
[325.320s][info][gc             ] GC(102) Pause Cleanup 2415M->2415M(4096M) 0.164ms
[325.320s][info][gc,cpu         ] GC(102) User=0.00s Sys=0.00s Real=0.00s
[325.320s][info][gc,marking     ] GC(102) Concurrent Clear Claimed Marks
[325.320s][info][gc,marking     ] GC(102) Concurrent Clear Claimed Marks 0.031ms
[325.320s][info][gc,marking     ] GC(102) Concurrent Cleanup for Next Mark
[325.325s][info][gc,marking     ] GC(102) Concurrent Cleanup for Next Mark 5.224ms
[325.325s][info][gc             ] GC(102) Concurrent Mark Cycle 1082.240ms
.[326.406s][info][gc,start       ] GC(103) Pause Young (Prepare Mixed) (G1 Evacuation Pause)
[326.406s][info][gc,task        ] GC(103) Using 6 workers of 6 for evacuation
[326.533s][info][gc,phases      ] GC(103)   Pre Evacuate Collection Set: 0.32ms
[326.533s][info][gc,phases      ] GC(103)   Merge Heap Roots: 0.49ms
[326.533s][info][gc,phases      ] GC(103)   Evacuate Collection Set: 125.12ms
[326.533s][info][gc,phases      ] GC(103)   Post Evacuate Collection Set: 0.97ms
[326.533s][info][gc,phases      ] GC(103)   Other: 0.09ms
[326.533s][info][gc,heap        ] GC(103) Eden regions: 1115->0(1083)
[326.533s][info][gc,heap        ] GC(103) Survivor regions: 113->114(154)
[326.533s][info][gc,heap        ] GC(103) Old regions: 522->557
[326.533s][info][gc,heap        ] GC(103) Humongous regions: 77->77
[326.533s][info][gc,metaspace   ] GC(103) Metaspace: 28790K(29056K)->28790K(29056K) NonClass: 23908K(24000K)->23908K(24000K) Class: 4882K(5056K)->4882K(5056K)
[326.533s][info][gc             ] GC(103) Pause Young (Prepare Mixed) (G1 Evacuation Pause) 3652M->1493M(4096M) 127.129ms
[326.533s][info][gc,cpu         ] GC(103) User=0.75s Sys=0.00s Real=0.13s
.. (rIR:aIR:PR = 8084:8040:8037) (tPR = 120686) [OK] 
   327s:       rampup IR =   9238 [328.544s][info][gc,start       ] GC(104) Pause Young (Mixed) (G1 Evacuation Pause)
[328.544s][info][gc,task        ] GC(104) Using 6 workers of 6 for evacuation
[328.682s][info][gc,phases      ] GC(104)   Pre Evacuate Collection Set: 0.40ms
[328.683s][info][gc,phases      ] GC(104)   Merge Heap Roots: 0.57ms
[328.683s][info][gc,phases      ] GC(104)   Evacuate Collection Set: 136.36ms
[328.683s][info][gc,phases      ] GC(104)   Post Evacuate Collection Set: 1.11ms
[328.683s][info][gc,phases      ] GC(104)   Other: 0.09ms
[328.683s][info][gc,heap        ] GC(104) Eden regions: 1083->0(1114)
[328.683s][info][gc,heap        ] GC(104) Survivor regions: 114->114(150)
[328.683s][info][gc,heap        ] GC(104) Old regions: 557->466
[328.683s][info][gc,heap        ] GC(104) Humongous regions: 77->77
[328.683s][info][gc,metaspace   ] GC(104) Metaspace: 28796K(29056K)->28796K(29056K) NonClass: 23913K(24000K)->23913K(24000K) Class: 4882K(5056K)->4882K(5056K)
[328.683s][info][gc             ] GC(104) Pause Young (Mixed) (G1 Evacuation Pause) 3659M->1311M(4096M) 138.666ms
[328.683s][info][gc,cpu         ] GC(104) User=0.81s Sys=0.00s Real=0.14s
..[330.538s][info][gc,start       ] GC(105) Pause Young (Concurrent Start) (G1 Evacuation Pause)
[330.538s][info][gc,task        ] GC(105) Using 6 workers of 6 for evacuation
[330.664s][info][gc,phases      ] GC(105)   Pre Evacuate Collection Set: 0.38ms
[330.664s][info][gc,phases      ] GC(105)   Merge Heap Roots: 0.47ms
[330.664s][info][gc,phases      ] GC(105)   Evacuate Collection Set: 123.58ms
[330.664s][info][gc,phases      ] GC(105)   Post Evacuate Collection Set: 1.06ms
[330.664s][info][gc,phases      ] GC(105)   Other: 0.13ms
[330.664s][info][gc,heap        ] GC(105) Eden regions: 1114->0(1114)
[330.664s][info][gc,heap        ] GC(105) Survivor regions: 114->114(154)
[330.664s][info][gc,heap        ] GC(105) Old regions: 466->499
[330.664s][info][gc,heap        ] GC(105) Humongous regions: 77->77
[330.664s][info][gc,metaspace   ] GC(105) Metaspace: 28796K(29056K)->28796K(29056K) NonClass: 23913K(24000K)->23913K(24000K) Class: 4882K(5056K)->4882K(5056K)
[330.664s][info][gc             ] GC(105) Pause Young (Concurrent Start) (G1 Evacuation Pause) 3539M->1377M(4096M) 125.774ms
[330.664s][info][gc             ] GC(106) Concurrent Mark Cycle
[330.664s][info][gc,marking     ] GC(106) Concurrent Scan Root Regions
[330.664s][info][gc,cpu         ] GC(105) User=0.74s Sys=0.00s Real=0.12s
[330.873s][info][gc,marking     ] GC(106) Concurrent Scan Root Regions 209.473ms
[330.873s][info][gc,marking     ] GC(106) Concurrent Mark
[330.873s][info][gc,marking     ] GC(106) Concurrent Mark From Roots
[330.873s][info][gc,task        ] GC(106) Using 2 workers of 2 for marking
.[331.628s][info][gc,marking     ] GC(106) Concurrent Mark From Roots 755.222ms
[331.629s][info][gc,marking     ] GC(106) Concurrent Preclean
[331.629s][info][gc,marking     ] GC(106) Concurrent Preclean 0.104ms
[331.630s][info][gc,start       ] GC(106) Pause Remark
[331.636s][info][gc             ] GC(106) Pause Remark 2351M->2351M(4096M) 6.002ms
[331.636s][info][gc,cpu         ] GC(106) User=0.04s Sys=0.00s Real=0.00s
[331.636s][info][gc,marking     ] GC(106) Concurrent Mark 763.070ms
[331.636s][info][gc,marking     ] GC(106) Concurrent Rebuild Remembered Sets and Scrub Regions
[332.028s][info][gc,marking     ] GC(106) Concurrent Rebuild Remembered Sets and Scrub Regions 391.313ms
[332.029s][info][gc,start       ] GC(106) Pause Cleanup
[332.029s][info][gc             ] GC(106) Pause Cleanup 2745M->2745M(4096M) 0.150ms
[332.029s][info][gc,cpu         ] GC(106) User=0.00s Sys=0.00s Real=0.00s
[332.029s][info][gc,marking     ] GC(106) Concurrent Clear Claimed Marks
[332.029s][info][gc,marking     ] GC(106) Concurrent Clear Claimed Marks 0.032ms
[332.029s][info][gc,marking     ] GC(106) Concurrent Cleanup for Next Mark
[332.038s][info][gc,marking     ] GC(106) Concurrent Cleanup for Next Mark 8.367ms
[332.038s][info][gc             ] GC(106) Concurrent Mark Cycle 1374.000ms
.[332.605s][info][gc,start       ] GC(107) Pause Young (Prepare Mixed) (G1 Evacuation Pause)
[332.605s][info][gc,task        ] GC(107) Using 6 workers of 6 for evacuation
[332.732s][info][gc,phases      ] GC(107)   Pre Evacuate Collection Set: 0.35ms
[332.732s][info][gc,phases      ] GC(107)   Merge Heap Roots: 0.51ms
[332.732s][info][gc,phases      ] GC(107)   Evacuate Collection Set: 125.20ms
[332.732s][info][gc,phases      ] GC(107)   Post Evacuate Collection Set: 0.93ms
[332.732s][info][gc,phases      ] GC(107)   Other: 0.09ms
[332.732s][info][gc,heap        ] GC(107) Eden regions: 1114->0(1104)
[332.732s][info][gc,heap        ] GC(107) Survivor regions: 114->117(154)
[332.732s][info][gc,heap        ] GC(107) Old regions: 499->530
[332.732s][info][gc,heap        ] GC(107) Humongous regions: 77->77
[332.732s][info][gc,metaspace   ] GC(107) Metaspace: 28796K(29056K)->28796K(29056K) NonClass: 23913K(24000K)->23913K(24000K) Class: 4882K(5056K)->4882K(5056K)
[332.732s][info][gc             ] GC(107) Pause Young (Prepare Mixed) (G1 Evacuation Pause) 3605M->1446M(4096M) 127.211ms
[332.732s][info][gc,cpu         ] GC(107) User=0.75s Sys=0.00s Real=0.13s
..[334.530s][info][gc,start       ] GC(108) Pause Young (Mixed) (G1 Evacuation Pause)
[334.530s][info][gc,task        ] GC(108) Using 6 workers of 6 for evacuation
[334.666s][info][gc,phases      ] GC(108)   Pre Evacuate Collection Set: 0.40ms
[334.666s][info][gc,phases      ] GC(108)   Merge Heap Roots: 0.54ms
[334.666s][info][gc,phases      ] GC(108)   Evacuate Collection Set: 133.68ms
[334.666s][info][gc,phases      ] GC(108)   Post Evacuate Collection Set: 1.02ms
[334.666s][info][gc,phases      ] GC(108)   Other: 0.08ms
[334.666s][info][gc,heap        ] GC(108) Eden regions: 1104->0(1114)
[334.666s][info][gc,heap        ] GC(108) Survivor regions: 117->114(153)
[334.666s][info][gc,heap        ] GC(108) Old regions: 530->467
[334.666s][info][gc,heap        ] GC(108) Humongous regions: 77->77
[334.666s][info][gc,metaspace   ] GC(108) Metaspace: 28796K(29056K)->28796K(29056K) NonClass: 23913K(24000K)->23913K(24000K) Class: 4882K(5056K)->4882K(5056K)
[334.666s][info][gc             ] GC(108) Pause Young (Mixed) (G1 Evacuation Pause) 3654M->1314M(4096M) 135.862ms
[334.666s][info][gc,cpu         ] GC(108) User=0.81s Sys=0.00s Real=0.13s
. (rIR:aIR:PR = 9238:9350:9358) (tPR = 140942) [OK] 
   335s:       rampup IR =  10393 .[336.417s][info][gc,start       ] GC(109) Pause Young (Concurrent Start) (G1 Evacuation Pause)
[336.417s][info][gc,task        ] GC(109) Using 6 workers of 6 for evacuation
[336.543s][info][gc,phases      ] GC(109)   Pre Evacuate Collection Set: 0.43ms
[336.543s][info][gc,phases      ] GC(109)   Merge Heap Roots: 0.48ms
[336.543s][info][gc,phases      ] GC(109)   Evacuate Collection Set: 124.00ms
[336.543s][info][gc,phases      ] GC(109)   Post Evacuate Collection Set: 0.97ms
[336.543s][info][gc,phases      ] GC(109)   Other: 0.14ms
[336.543s][info][gc,heap        ] GC(109) Eden regions: 1114->0(1112)
[336.543s][info][gc,heap        ] GC(109) Survivor regions: 114->116(154)
[336.543s][info][gc,heap        ] GC(109) Old regions: 467->500
[336.543s][info][gc,heap        ] GC(109) Humongous regions: 77->77
[336.543s][info][gc,metaspace   ] GC(109) Metaspace: 28796K(29056K)->28796K(29056K) NonClass: 23914K(24000K)->23914K(24000K) Class: 4882K(5056K)->4882K(5056K)
[336.543s][info][gc             ] GC(109) Pause Young (Concurrent Start) (G1 Evacuation Pause) 3542M->1384M(4096M) 126.133ms
[336.543s][info][gc             ] GC(110) Concurrent Mark Cycle
[336.543s][info][gc,marking     ] GC(110) Concurrent Scan Root Regions
[336.543s][info][gc,cpu         ] GC(109) User=0.74s Sys=0.00s Real=0.12s
[336.747s][info][gc,marking     ] GC(110) Concurrent Scan Root Regions 203.741ms
[336.747s][info][gc,marking     ] GC(110) Concurrent Mark
[336.747s][info][gc,marking     ] GC(110) Concurrent Mark From Roots
[336.747s][info][gc,task        ] GC(110) Using 2 workers of 2 for marking
.[337.675s][info][gc,marking     ] GC(110) Concurrent Mark From Roots 928.027ms
[337.675s][info][gc,marking     ] GC(110) Concurrent Preclean
[337.675s][info][gc,marking     ] GC(110) Concurrent Preclean 0.089ms
[337.678s][info][gc,start       ] GC(110) Pause Remark
[337.685s][info][gc             ] GC(110) Pause Remark 2508M->2508M(4096M) 6.721ms
[337.685s][info][gc,cpu         ] GC(110) User=0.04s Sys=0.00s Real=0.00s
[337.685s][info][gc,marking     ] GC(110) Concurrent Mark 938.269ms
[337.685s][info][gc,marking     ] GC(110) Concurrent Rebuild Remembered Sets and Scrub Regions
[338.092s][info][gc,marking     ] GC(110) Concurrent Rebuild Remembered Sets and Scrub Regions 406.834ms
[338.093s][info][gc,start       ] GC(110) Pause Cleanup
[338.093s][info][gc             ] GC(110) Pause Cleanup 2946M->2946M(4096M) 0.159ms
[338.093s][info][gc,cpu         ] GC(110) User=0.00s Sys=0.00s Real=0.00s
[338.094s][info][gc,marking     ] GC(110) Concurrent Clear Claimed Marks
[338.094s][info][gc,marking     ] GC(110) Concurrent Clear Claimed Marks 0.042ms
[338.094s][info][gc,marking     ] GC(110) Concurrent Cleanup for Next Mark
[338.100s][info][gc,marking     ] GC(110) Concurrent Cleanup for Next Mark 5.136ms
[338.100s][info][gc             ] GC(110) Concurrent Mark Cycle 1556.388ms
[338.554s][info][gc,start       ] GC(111) Pause Young (Prepare Mixed) (G1 Evacuation Pause)
[338.554s][info][gc,task        ] GC(111) Using 6 workers of 6 for evacuation
[338.685s][info][gc,phases      ] GC(111)   Pre Evacuate Collection Set: 0.34ms
[338.685s][info][gc,phases      ] GC(111)   Merge Heap Roots: 0.51ms
[338.685s][info][gc,phases      ] GC(111)   Evacuate Collection Set: 128.79ms
[338.685s][info][gc,phases      ] GC(111)   Post Evacuate Collection Set: 1.02ms
[338.685s][info][gc,phases      ] GC(111)   Other: 0.10ms
[338.685s][info][gc,heap        ] GC(111) Eden regions: 1112->0(1094)
[338.685s][info][gc,heap        ] GC(111) Survivor regions: 116->121(154)
[338.685s][info][gc,heap        ] GC(111) Old regions: 500->532
[338.685s][info][gc,heap        ] GC(111) Humongous regions: 77->77
[338.685s][info][gc,metaspace   ] GC(111) Metaspace: 28796K(29056K)->28796K(29056K) NonClass: 23914K(24000K)->23914K(24000K) Class: 4882K(5056K)->4882K(5056K)
[338.685s][info][gc             ] GC(111) Pause Young (Prepare Mixed) (G1 Evacuation Pause) 3608M->1457M(4096M) 130.877ms
[338.685s][info][gc,cpu         ] GC(111) User=0.78s Sys=0.00s Real=0.13s
..[340.138s][info][gc,start       ] GC(112) Pause Young (Mixed) (G1 Evacuation Pause)
[340.139s][info][gc,task        ] GC(112) Using 6 workers of 6 for evacuation
[340.275s][info][gc,phases      ] GC(112)   Pre Evacuate Collection Set: 0.42ms
[340.275s][info][gc,phases      ] GC(112)   Merge Heap Roots: 0.56ms
[340.275s][info][gc,phases      ] GC(112)   Evacuate Collection Set: 134.80ms
[340.275s][info][gc,phases      ] GC(112)   Post Evacuate Collection Set: 0.96ms
[340.275s][info][gc,phases      ] GC(112)   Other: 0.09ms
[340.275s][info][gc,heap        ] GC(112) Eden regions: 1094->0(1117)
[340.275s][info][gc,heap        ] GC(112) Survivor regions: 121->111(152)
[340.275s][info][gc,heap        ] GC(112) Old regions: 532->467
[340.275s][info][gc,heap        ] GC(112) Humongous regions: 77->77
[340.275s][info][gc,metaspace   ] GC(112) Metaspace: 28796K(29056K)->28796K(29056K) NonClass: 23914K(24000K)->23914K(24000K) Class: 4882K(5056K)->4882K(5056K)
[340.275s][info][gc             ] GC(112) Pause Young (Mixed) (G1 Evacuation Pause) 3645M->1306M(4096M) 136.957ms
[340.275s][info][gc,cpu         ] GC(112) User=0.81s Sys=0.00s Real=0.13s
..[341.768s][info][gc,start       ] GC(113) Pause Young (Concurrent Start) (G1 Evacuation Pause)
[341.768s][info][gc,task        ] GC(113) Using 6 workers of 6 for evacuation
[341.930s][info][gc,phases      ] GC(113)   Pre Evacuate Collection Set: 0.41ms
[341.930s][info][gc,phases      ] GC(113)   Merge Heap Roots: 0.45ms
[341.930s][info][gc,phases      ] GC(113)   Evacuate Collection Set: 159.80ms
[341.930s][info][gc,phases      ] GC(113)   Post Evacuate Collection Set: 1.01ms
[341.930s][info][gc,phases      ] GC(113)   Other: 0.13ms
[341.930s][info][gc,heap        ] GC(113) Eden regions: 1117->0(1113)
[341.930s][info][gc,heap        ] GC(113) Survivor regions: 111->115(154)
[341.930s][info][gc,heap        ] GC(113) Old regions: 467->498
[341.930s][info][gc,heap        ] GC(113) Humongous regions: 77->77
[341.930s][info][gc,metaspace   ] GC(113) Metaspace: 28797K(29056K)->28797K(29056K) NonClass: 23914K(24000K)->23914K(24000K) Class: 4882K(5056K)->4882K(5056K)
[341.930s][info][gc             ] GC(113) Pause Young (Concurrent Start) (G1 Evacuation Pause) 3540M->1377M(4096M) 161.929ms
[341.930s][info][gc             ] GC(114) Concurrent Mark Cycle
[341.930s][info][gc,marking     ] GC(114) Concurrent Scan Root Regions
[341.930s][info][gc,cpu         ] GC(113) User=0.73s Sys=0.01s Real=0.16s
[342.142s][info][gc,marking     ] GC(114) Concurrent Scan Root Regions 211.847ms
[342.142s][info][gc,marking     ] GC(114) Concurrent Mark
[342.142s][info][gc,marking     ] GC(114) Concurrent Mark From Roots
[342.142s][info][gc,task        ] GC(114) Using 2 workers of 2 for marking
. (rIR:aIR:PR = 10393:9925:9969) (tPR = 144958) [OK] 
   342s:       rampup IR =  11548 [343.111s][info][gc,marking     ] GC(114) Concurrent Mark From Roots 969.029ms
[343.111s][info][gc,marking     ] GC(114) Concurrent Preclean
[343.111s][info][gc,marking     ] GC(114) Concurrent Preclean 0.063ms
[343.114s][info][gc,start       ] GC(114) Pause Remark
[343.117s][info][gc             ] GC(114) Pause Remark 2541M->2541M(4096M) 3.390ms
[343.117s][info][gc,cpu         ] GC(114) User=0.01s Sys=0.00s Real=0.01s
[343.117s][info][gc,marking     ] GC(114) Concurrent Mark 975.008ms
[343.117s][info][gc,marking     ] GC(114) Concurrent Rebuild Remembered Sets and Scrub Regions
[343.463s][info][gc,marking     ] GC(114) Concurrent Rebuild Remembered Sets and Scrub Regions 345.919ms
[343.463s][info][gc,start       ] GC(114) Pause Cleanup
[343.464s][info][gc             ] GC(114) Pause Cleanup 2909M->2909M(4096M) 0.137ms
[343.464s][info][gc,cpu         ] GC(114) User=0.00s Sys=0.00s Real=0.00s
[343.464s][info][gc,marking     ] GC(114) Concurrent Clear Claimed Marks
[343.464s][info][gc,marking     ] GC(114) Concurrent Clear Claimed Marks 0.029ms
[343.464s][info][gc,marking     ] GC(114) Concurrent Cleanup for Next Mark
[343.469s][info][gc,marking     ] GC(114) Concurrent Cleanup for Next Mark 5.522ms
[343.469s][info][gc             ] GC(114) Concurrent Mark Cycle 1538.888ms
[343.967s][info][gc,start       ] GC(115) Pause Young (Prepare Mixed) (G1 Evacuation Pause)
[343.967s][info][gc,task        ] GC(115) Using 6 workers of 6 for evacuation
[344.092s][info][gc,phases      ] GC(115)   Pre Evacuate Collection Set: 0.35ms
[344.092s][info][gc,phases      ] GC(115)   Merge Heap Roots: 0.51ms
[344.092s][info][gc,phases      ] GC(115)   Evacuate Collection Set: 122.99ms
[344.092s][info][gc,phases      ] GC(115)   Post Evacuate Collection Set: 0.96ms
[344.092s][info][gc,phases      ] GC(115)   Other: 0.10ms
[344.092s][info][gc,heap        ] GC(115) Eden regions: 1113->0(1107)
[344.092s][info][gc,heap        ] GC(115) Survivor regions: 115->115(154)
[344.092s][info][gc,heap        ] GC(115) Old regions: 498->531
[344.092s][info][gc,heap        ] GC(115) Humongous regions: 77->77
[344.092s][info][gc,metaspace   ] GC(115) Metaspace: 28798K(29056K)->28798K(29056K) NonClass: 23916K(24000K)->23916K(24000K) Class: 4882K(5056K)->4882K(5056K)
[344.092s][info][gc             ] GC(115) Pause Young (Prepare Mixed) (G1 Evacuation Pause) 3603M->1442M(4096M) 125.042ms
[344.092s][info][gc,cpu         ] GC(115) User=0.74s Sys=0.00s Real=0.12s
..[345.603s][info][gc,start       ] GC(116) Pause Young (Mixed) (G1 Evacuation Pause)
[345.603s][info][gc,task        ] GC(116) Using 6 workers of 6 for evacuation
[345.751s][info][gc,phases      ] GC(116)   Pre Evacuate Collection Set: 0.38ms
[345.751s][info][gc,phases      ] GC(116)   Merge Heap Roots: 0.64ms
[345.751s][info][gc,phases      ] GC(116)   Evacuate Collection Set: 145.76ms
[345.751s][info][gc,phases      ] GC(116)   Post Evacuate Collection Set: 1.04ms
[345.751s][info][gc,phases      ] GC(116)   Other: 0.09ms
[345.751s][info][gc,heap        ] GC(116) Eden regions: 1107->0(1108)
[345.751s][info][gc,heap        ] GC(116) Survivor regions: 115->120(153)
[345.751s][info][gc,heap        ] GC(116) Old regions: 531->468
[345.751s][info][gc,heap        ] GC(116) Humongous regions: 77->77
[345.751s][info][gc,metaspace   ] GC(116) Metaspace: 28802K(29056K)->28802K(29056K) NonClass: 23919K(24000K)->23919K(24000K) Class: 4882K(5056K)->4882K(5056K)
[345.751s][info][gc             ] GC(116) Pause Young (Mixed) (G1 Evacuation Pause) 3656M->1328M(4096M) 148.041ms
[345.751s][info][gc,cpu         ] GC(116) User=0.87s Sys=0.01s Real=0.15s
.[347.237s][info][gc,start       ] GC(117) Pause Young (Concurrent Start) (G1 Evacuation Pause)
[347.237s][info][gc,task        ] GC(117) Using 6 workers of 6 for evacuation
[347.362s][info][gc,phases      ] GC(117)   Pre Evacuate Collection Set: 0.43ms
[347.362s][info][gc,phases      ] GC(117)   Merge Heap Roots: 0.53ms
[347.362s][info][gc,phases      ] GC(117)   Evacuate Collection Set: 122.11ms
[347.362s][info][gc,phases      ] GC(117)   Post Evacuate Collection Set: 0.95ms
[347.362s][info][gc,phases      ] GC(117)   Other: 0.83ms
[347.362s][info][gc,heap        ] GC(117) Eden regions: 1108->0(1113)
[347.362s][info][gc,heap        ] GC(117) Survivor regions: 120->115(154)
[347.362s][info][gc,heap        ] GC(117) Old regions: 468->500
[347.362s][info][gc,heap        ] GC(117) Humongous regions: 77->77
[347.362s][info][gc,metaspace   ] GC(117) Metaspace: 28802K(29056K)->28802K(29056K) NonClass: 23919K(24000K)->23919K(24000K) Class: 4882K(5056K)->4882K(5056K)
[347.362s][info][gc             ] GC(117) Pause Young (Concurrent Start) (G1 Evacuation Pause) 3544M->1382M(4096M) 124.999ms
[347.362s][info][gc             ] GC(118) Concurrent Mark Cycle
[347.362s][info][gc,marking     ] GC(118) Concurrent Scan Root Regions
[347.362s][info][gc,cpu         ] GC(117) User=0.74s Sys=0.00s Real=0.12s
.[347.599s][info][gc,marking     ] GC(118) Concurrent Scan Root Regions 236.411ms
[347.599s][info][gc,marking     ] GC(118) Concurrent Mark
[347.599s][info][gc,marking     ] GC(118) Concurrent Mark From Roots
[347.599s][info][gc,task        ] GC(118) Using 2 workers of 2 for marking
.[348.990s][info][gc,marking     ] GC(118) Concurrent Mark From Roots 1390.940ms
[348.990s][info][gc,marking     ] GC(118) Concurrent Preclean
[348.990s][info][gc,marking     ] GC(118) Concurrent Preclean 0.099ms
[348.992s][info][gc,start       ] GC(118) Pause Remark
[348.999s][info][gc             ] GC(118) Pause Remark 3110M->3110M(4096M) 7.180ms
[348.999s][info][gc,cpu         ] GC(118) User=0.04s Sys=0.00s Real=0.01s
[348.999s][info][gc,marking     ] GC(118) Concurrent Mark 1400.860ms
[348.999s][info][gc,marking     ] GC(118) Concurrent Rebuild Remembered Sets and Scrub Regions
[349.488s][info][gc,marking     ] GC(118) Concurrent Rebuild Remembered Sets and Scrub Regions 488.797ms
[349.488s][info][gc,start       ] GC(119) Pause Young (Normal) (G1 Evacuation Pause)
[349.488s][info][gc,task        ] GC(119) Using 6 workers of 6 for evacuation
[349.614s][info][gc,phases      ] GC(119)   Pre Evacuate Collection Set: 0.34ms
[349.614s][info][gc,phases      ] GC(119)   Merge Heap Roots: 0.53ms
[349.614s][info][gc,phases      ] GC(119)   Evacuate Collection Set: 123.23ms
[349.614s][info][gc,phases      ] GC(119)   Post Evacuate Collection Set: 0.95ms
[349.614s][info][gc,phases      ] GC(119)   Other: 0.09ms
[349.614s][info][gc,heap        ] GC(119) Eden regions: 1113->0(1104)
[349.614s][info][gc,heap        ] GC(119) Survivor regions: 115->115(154)
[349.614s][info][gc,heap        ] GC(119) Old regions: 500->534
[349.614s][info][gc,heap        ] GC(119) Humongous regions: 77->77
[349.614s][info][gc,metaspace   ] GC(119) Metaspace: 28802K(29056K)->28802K(29056K) NonClass: 23919K(24000K)->23919K(24000K) Class: 4882K(5056K)->4882K(5056K)
[349.614s][info][gc             ] GC(119) Pause Young (Normal) (G1 Evacuation Pause) 3608M->1448M(4096M) 125.243ms
[349.614s][info][gc,cpu         ] GC(119) User=0.75s Sys=0.00s Real=0.12s
.[349.938s][info][gc,start       ] GC(118) Pause Cleanup
[349.938s][info][gc             ] GC(118) Pause Cleanup 1996M->1996M(4096M) 0.161ms
[349.938s][info][gc,cpu         ] GC(118) User=0.00s Sys=0.00s Real=0.00s
[349.938s][info][gc,marking     ] GC(118) Concurrent Clear Claimed Marks
[349.938s][info][gc,marking     ] GC(118) Concurrent Clear Claimed Marks 0.032ms
[349.938s][info][gc,marking     ] GC(118) Concurrent Cleanup for Next Mark
[349.943s][info][gc,marking     ] GC(118) Concurrent Cleanup for Next Mark 5.368ms
[349.943s][info][gc             ] GC(118) Concurrent Mark Cycle 2581.308ms
[351.049s][info][gc,start       ] GC(120) Pause Young (Prepare Mixed) (G1 Evacuation Pause)
[351.049s][info][gc,task        ] GC(120) Using 6 workers of 6 for evacuation
[351.174s][info][gc,phases      ] GC(120)   Pre Evacuate Collection Set: 0.37ms
[351.174s][info][gc,phases      ] GC(120)   Merge Heap Roots: 0.46ms
[351.174s][info][gc,phases      ] GC(120)   Evacuate Collection Set: 123.74ms
[351.174s][info][gc,phases      ] GC(120)   Post Evacuate Collection Set: 0.93ms
[351.174s][info][gc,phases      ] GC(120)   Other: 0.09ms
[351.174s][info][gc,heap        ] GC(120) Eden regions: 1104->0(1062)
[351.174s][info][gc,heap        ] GC(120) Survivor regions: 115->120(153)
[351.174s][info][gc,heap        ] GC(120) Old regions: 534->566
[351.174s][info][gc,heap        ] GC(120) Humongous regions: 77->77
[351.174s][info][gc,metaspace   ] GC(120) Metaspace: 28802K(29056K)->28802K(29056K) NonClass: 23919K(24000K)->23919K(24000K) Class: 4882K(5056K)->4882K(5056K)
[351.174s][info][gc             ] GC(120) Pause Young (Prepare Mixed) (G1 Evacuation Pause) 3656M->1523M(4096M) 125.713ms
[351.174s][info][gc,cpu         ] GC(120) User=0.74s Sys=0.00s Real=0.12s
..[352.552s][info][gc,start       ] GC(121) Pause Young (Mixed) (G1 Evacuation Pause)
[352.552s][info][gc,task        ] GC(121) Using 6 workers of 6 for evacuation
[352.691s][info][gc,phases      ] GC(121)   Pre Evacuate Collection Set: 0.39ms
[352.691s][info][gc,phases      ] GC(121)   Merge Heap Roots: 0.62ms
[352.691s][info][gc,phases      ] GC(121)   Evacuate Collection Set: 136.84ms
[352.691s][info][gc,phases      ] GC(121)   Post Evacuate Collection Set: 0.81ms
[352.691s][info][gc,phases      ] GC(121)   Other: 0.09ms
[352.691s][info][gc,heap        ] GC(121) Eden regions: 1062->0(1154)
[352.691s][info][gc,heap        ] GC(121) Survivor regions: 120->71(148)
[352.691s][info][gc,heap        ] GC(121) Old regions: 566->545
[352.691s][info][gc,heap        ] GC(121) Humongous regions: 77->77
[352.691s][info][gc,metaspace   ] GC(121) Metaspace: 28802K(29056K)->28802K(29056K) NonClass: 23919K(24000K)->23919K(24000K) Class: 4882K(5056K)->4882K(5056K)
[352.691s][info][gc             ] GC(121) Pause Young (Mixed) (G1 Evacuation Pause) 3647M->1382M(4096M) 138.903ms
[352.691s][info][gc,cpu         ] GC(121) User=0.82s Sys=0.00s Real=0.14s
.[354.167s][info][gc,start       ] GC(122) Pause Young (Concurrent Start) (G1 Evacuation Pause)
[354.167s][info][gc,task        ] GC(122) Using 6 workers of 6 for evacuation
[354.276s][info][gc,phases      ] GC(122)   Pre Evacuate Collection Set: 0.38ms
[354.276s][info][gc,phases      ] GC(122)   Merge Heap Roots: 0.47ms
[354.276s][info][gc,phases      ] GC(122)   Evacuate Collection Set: 106.98ms
[354.276s][info][gc,phases      ] GC(122)   Post Evacuate Collection Set: 0.96ms
[354.276s][info][gc,phases      ] GC(122)   Other: 0.12ms
[354.276s][info][gc,heap        ] GC(122) Eden regions: 1154->0(1085)
[354.276s][info][gc,heap        ] GC(122) Survivor regions: 71->119(154)
[354.276s][info][gc,heap        ] GC(122) Old regions: 545->545
[354.276s][info][gc,heap        ] GC(122) Humongous regions: 77->77
[354.276s][info][gc,metaspace   ] GC(122) Metaspace: 28803K(29056K)->28803K(29056K) NonClass: 23921K(24000K)->23921K(24000K) Class: 4882K(5056K)->4882K(5056K)
[354.276s][info][gc             ] GC(122) Pause Young (Concurrent Start) (G1 Evacuation Pause) 3690M->1479M(4096M) 109.042ms
[354.276s][info][gc             ] GC(123) Concurrent Mark Cycle
[354.276s][info][gc,marking     ] GC(123) Concurrent Scan Root Regions
[354.276s][info][gc,cpu         ] GC(122) User=0.64s Sys=0.00s Real=0.10s
[354.441s][info][gc,marking     ] GC(123) Concurrent Scan Root Regions 164.893ms
[354.441s][info][gc,marking     ] GC(123) Concurrent Mark
[354.441s][info][gc,marking     ] GC(123) Concurrent Mark From Roots
[354.441s][info][gc,task        ] GC(123) Using 2 workers of 2 for marking
.[355.903s][info][gc,marking     ] GC(123) Concurrent Mark From Roots 1461.968ms
[355.903s][info][gc,marking     ] GC(123) Concurrent Preclean
[355.903s][info][gc,marking     ] GC(123) Concurrent Preclean 0.061ms
[355.909s][info][gc,start       ] GC(123) Pause Remark
[355.916s][info][gc             ] GC(123) Pause Remark 3073M->3073M(4096M) 6.736ms
[355.916s][info][gc,cpu         ] GC(123) User=0.04s Sys=0.00s Real=0.00s
[355.917s][info][gc,marking     ] GC(123) Concurrent Mark 1476.130ms
[355.917s][info][gc,marking     ] GC(123) Concurrent Rebuild Remembered Sets and Scrub Regions
[356.319s][info][gc,start       ] GC(124) Pause Young (Normal) (G1 Evacuation Pause)
[356.319s][info][gc,task        ] GC(124) Using 6 workers of 6 for evacuation
[356.445s][info][gc,phases      ] GC(124)   Pre Evacuate Collection Set: 0.33ms
[356.445s][info][gc,phases      ] GC(124)   Merge Heap Roots: 0.53ms
[356.445s][info][gc,phases      ] GC(124)   Evacuate Collection Set: 124.09ms
[356.445s][info][gc,phases      ] GC(124)   Post Evacuate Collection Set: 1.01ms
[356.445s][info][gc,phases      ] GC(124)   Other: 0.09ms
[356.445s][info][gc,heap        ] GC(124) Eden regions: 1085->0(1083)
[356.445s][info][gc,heap        ] GC(124) Survivor regions: 119->71(151)
[356.445s][info][gc,heap        ] GC(124) Old regions: 545->622
[356.445s][info][gc,heap        ] GC(124) Humongous regions: 77->77
[356.445s][info][gc,metaspace   ] GC(124) Metaspace: 28803K(29056K)->28803K(29056K) NonClass: 23921K(24000K)->23921K(24000K) Class: 4882K(5056K)->4882K(5056K)
[356.445s][info][gc             ] GC(124) Pause Young (Normal) (G1 Evacuation Pause) 3649M->1538M(4096M) 126.176ms
[356.445s][info][gc,cpu         ] GC(124) User=0.75s Sys=0.00s Real=0.12s
.[356.541s][info][gc,marking     ] GC(123) Concurrent Rebuild Remembered Sets and Scrub Regions 623.606ms
[356.541s][info][gc,start       ] GC(123) Pause Cleanup
[356.541s][info][gc             ] GC(123) Pause Cleanup 1667M->1667M(4096M) 0.150ms
[356.541s][info][gc,cpu         ] GC(123) User=0.00s Sys=0.00s Real=0.00s
[356.541s][info][gc,marking     ] GC(123) Concurrent Clear Claimed Marks
[356.541s][info][gc,marking     ] GC(123) Concurrent Clear Claimed Marks 0.028ms
[356.541s][info][gc,marking     ] GC(123) Concurrent Cleanup for Next Mark
[356.546s][info][gc,marking     ] GC(123) Concurrent Cleanup for Next Mark 4.982ms
[356.546s][info][gc             ] GC(123) Concurrent Mark Cycle 2270.245ms
.[357.941s][info][gc,start       ] GC(125) Pause Young (Prepare Mixed) (G1 Evacuation Pause)
[357.941s][info][gc,task        ] GC(125) Using 6 workers of 6 for evacuation
[358.052s][info][gc,phases      ] GC(125)   Pre Evacuate Collection Set: 0.35ms
[358.052s][info][gc,phases      ] GC(125)   Merge Heap Roots: 0.53ms
[358.052s][info][gc,phases      ] GC(125)   Evacuate Collection Set: 108.85ms
[358.052s][info][gc,phases      ] GC(125)   Post Evacuate Collection Set: 1.05ms
[358.052s][info][gc,phases      ] GC(125)   Other: 0.09ms
[358.052s][info][gc,heap        ] GC(125) Eden regions: 1083->0(1010)
[358.052s][info][gc,heap        ] GC(125) Survivor regions: 71->118(145)
[358.052s][info][gc,heap        ] GC(125) Old regions: 622->622
[358.052s][info][gc,heap        ] GC(125) Humongous regions: 77->77
[358.052s][info][gc,metaspace   ] GC(125) Metaspace: 28803K(29056K)->28803K(29056K) NonClass: 23921K(24000K)->23921K(24000K) Class: 4882K(5056K)->4882K(5056K)
[358.052s][info][gc             ] GC(125) Pause Young (Prepare Mixed) (G1 Evacuation Pause) 3704M->1631M(4096M) 110.995ms
[358.052s][info][gc,cpu         ] GC(125) User=0.65s Sys=0.00s Real=0.11s
.[359.290s][info][gc,start       ] GC(126) Pause Young (Mixed) (G1 Evacuation Pause)
[359.290s][info][gc,task        ] GC(126) Using 6 workers of 6 for evacuation
[359.466s][info][gc,phases      ] GC(126)   Pre Evacuate Collection Set: 0.41ms
[359.466s][info][gc,phases      ] GC(126)   Merge Heap Roots: 0.87ms
[359.466s][info][gc,phases      ] GC(126)   Evacuate Collection Set: 159.97ms
[359.466s][info][gc,phases      ] GC(126)   Merge Optional Heap Roots: 0.23ms
[359.466s][info][gc,phases      ] GC(126)   Evacuate Optional Collection Set: 13.43ms
[359.466s][info][gc,phases      ] GC(126)   Post Evacuate Collection Set: 1.33ms
[359.466s][info][gc,phases      ] GC(126)   Other: 0.07ms
[359.466s][info][gc,heap        ] GC(126) Eden regions: 1010->0(1132)
[359.466s][info][gc,heap        ] GC(126) Survivor regions: 118->80(141)
[359.466s][info][gc,heap        ] GC(126) Old regions: 622->551
[359.466s][info][gc,heap        ] GC(126) Humongous regions: 77->77
[359.466s][info][gc,metaspace   ] GC(126) Metaspace: 28803K(29056K)->28803K(29056K) NonClass: 23921K(24000K)->23921K(24000K) Class: 4882K(5056K)->4882K(5056K)
[359.466s][info][gc             ] GC(126) Pause Young (Mixed) (G1 Evacuation Pause) 3651M->1415M(4096M) 176.446ms
[359.466s][info][gc,cpu         ] GC(126) User=1.05s Sys=0.00s Real=0.17s
.[360.890s][info][gc,start       ] GC(127) Pause Young (Concurrent Start) (G1 Evacuation Pause)
[360.890s][info][gc,task        ] GC(127) Using 6 workers of 6 for evacuation
[361.000s][info][gc,phases      ] GC(127)   Pre Evacuate Collection Set: 0.38ms
[361.000s][info][gc,phases      ] GC(127)   Merge Heap Roots: 0.59ms
[361.000s][info][gc,phases      ] GC(127)   Evacuate Collection Set: 107.71ms
[361.000s][info][gc,phases      ] GC(127)   Post Evacuate Collection Set: 0.80ms
[361.000s][info][gc,phases      ] GC(127)   Other: 0.13ms
[361.000s][info][gc,heap        ] GC(127) Eden regions: 1132->0(1098)
[361.000s][info][gc,heap        ] GC(127) Survivor regions: 80->77(152)
[361.000s][info][gc,heap        ] GC(127) Old regions: 551->594
[361.000s][info][gc,heap        ] GC(127) Humongous regions: 77->77
[361.000s][info][gc,metaspace   ] GC(127) Metaspace: 28806K(29056K)->28806K(29056K) NonClass: 23923K(24000K)->23923K(24000K) Class: 4882K(5056K)->4882K(5056K)
[361.000s][info][gc             ] GC(127) Pause Young (Concurrent Start) (G1 Evacuation Pause) 3679M->1494M(4096M) 109.789ms
[361.000s][info][gc             ] GC(128) Concurrent Mark Cycle
[361.000s][info][gc,marking     ] GC(128) Concurrent Scan Root Regions
[361.000s][info][gc,cpu         ] GC(127) User=0.65s Sys=0.00s Real=0.11s
[361.240s][info][gc,marking     ] GC(128) Concurrent Scan Root Regions 239.842ms
[361.240s][info][gc,marking     ] GC(128) Concurrent Mark
[361.240s][info][gc,marking     ] GC(128) Concurrent Mark From Roots
[361.240s][info][gc,task        ] GC(128) Using 2 workers of 2 for marking
.. (rIR:aIR:PR = 11548:11156:10998) (tPR = 165022) [OK] 
   362s:    snapshot, IR =  11548 [362.842s][info][gc,marking     ] GC(128) Concurrent Mark From Roots 1601.981ms
[362.842s][info][gc,marking     ] GC(128) Concurrent Preclean
[362.842s][info][gc,marking     ] GC(128) Concurrent Preclean 0.069ms
[362.950s][info][gc,start       ] GC(128) Pause Remark
[362.957s][info][gc             ] GC(128) Pause Remark 3592M->3592M(4096M) 7.044ms
[362.957s][info][gc,cpu         ] GC(128) User=0.03s Sys=0.01s Real=0.01s
[362.958s][info][gc,marking     ] GC(128) Concurrent Mark 1717.806ms
[362.958s][info][gc,marking     ] GC(128) Concurrent Rebuild Remembered Sets and Scrub Regions
[363.042s][info][gc,start       ] GC(129) Pause Young (Normal) (G1 Evacuation Pause)
[363.042s][info][gc,task        ] GC(129) Using 6 workers of 6 for evacuation
[363.144s][info][gc,phases      ] GC(129)   Pre Evacuate Collection Set: 0.32ms
[363.144s][info][gc,phases      ] GC(129)   Merge Heap Roots: 0.45ms
[363.144s][info][gc,phases      ] GC(129)   Evacuate Collection Set: 99.81ms
[363.144s][info][gc,phases      ] GC(129)   Post Evacuate Collection Set: 0.89ms
[363.144s][info][gc,phases      ] GC(129)   Other: 0.10ms
[363.144s][info][gc,heap        ] GC(129) Eden regions: 1098->0(1066)
[363.144s][info][gc,heap        ] GC(129) Survivor regions: 77->70(147)
[363.144s][info][gc,heap        ] GC(129) Old regions: 594->642
[363.144s][info][gc,heap        ] GC(129) Humongous regions: 77->77
[363.144s][info][gc,metaspace   ] GC(129) Metaspace: 28807K(29120K)->28807K(29120K) NonClass: 23925K(24064K)->23925K(24064K) Class: 4882K(5056K)->4882K(5056K)
[363.144s][info][gc             ] GC(129) Pause Young (Normal) (G1 Evacuation Pause) 3690M->1575M(4096M) 101.682ms
[363.144s][info][gc,cpu         ] GC(129) User=0.60s Sys=0.00s Real=0.10s
[363.336s][info][gc,marking     ] GC(128) Concurrent Rebuild Remembered Sets and Scrub Regions 378.111ms
[363.339s][info][gc,start       ] GC(128) Pause Cleanup
[363.339s][info][gc             ] GC(128) Pause Cleanup 1783M->1783M(4096M) 0.197ms
[363.339s][info][gc,cpu         ] GC(128) User=0.00s Sys=0.00s Real=0.00s
[363.339s][info][gc,marking     ] GC(128) Concurrent Clear Claimed Marks
[363.339s][info][gc,marking     ] GC(128) Concurrent Clear Claimed Marks 0.031ms
[363.339s][info][gc,marking     ] GC(128) Concurrent Cleanup for Next Mark
[363.344s][info][gc,marking     ] GC(128) Concurrent Cleanup for Next Mark 4.615ms
[363.344s][info][gc             ] GC(128) Concurrent Mark Cycle 2343.844ms
.[364.637s][info][gc,start       ] GC(130) Pause Young (Prepare Mixed) (G1 Evacuation Pause)
[364.637s][info][gc,task        ] GC(130) Using 6 workers of 6 for evacuation
[364.734s][info][gc,phases      ] GC(130)   Pre Evacuate Collection Set: 0.35ms
[364.734s][info][gc,phases      ] GC(130)   Merge Heap Roots: 0.47ms
[364.734s][info][gc,phases      ] GC(130)   Evacuate Collection Set: 94.81ms
[364.734s][info][gc,phases      ] GC(130)   Post Evacuate Collection Set: 0.99ms
[364.734s][info][gc,phases      ] GC(130)   Other: 0.08ms
[364.734s][info][gc,heap        ] GC(130) Eden regions: 1066->0(1008)
[364.734s][info][gc,heap        ] GC(130) Survivor regions: 70->109(142)
[364.734s][info][gc,heap        ] GC(130) Old regions: 642->642
[364.734s][info][gc,heap        ] GC(130) Humongous regions: 77->77
[364.734s][info][gc,metaspace   ] GC(130) Metaspace: 28807K(29120K)->28807K(29120K) NonClass: 23925K(24064K)->23925K(24064K) Class: 4882K(5056K)->4882K(5056K)
[364.734s][info][gc             ] GC(130) Pause Young (Prepare Mixed) (G1 Evacuation Pause) 3707M->1654M(4096M) 96.859ms
[364.734s][info][gc,cpu         ] GC(130) User=0.57s Sys=0.00s Real=0.09s
.[366.134s][info][gc,start       ] GC(131) Pause Young (Mixed) (G1 Evacuation Pause)
[366.134s][info][gc,task        ] GC(131) Using 6 workers of 6 for evacuation
[366.262s][info][gc,phases      ] GC(131)   Pre Evacuate Collection Set: 0.44ms
[366.262s][info][gc,phases      ] GC(131)   Merge Heap Roots: 0.55ms
[366.262s][info][gc,phases      ] GC(131)   Evacuate Collection Set: 126.26ms
[366.262s][info][gc,phases      ] GC(131)   Post Evacuate Collection Set: 0.99ms
[366.262s][info][gc,phases      ] GC(131)   Other: 0.09ms
[366.262s][info][gc,heap        ] GC(131) Eden regions: 1008->0(1125)
[366.262s][info][gc,heap        ] GC(131) Survivor regions: 109->103(140)
[366.262s][info][gc,heap        ] GC(131) Old regions: 642->517
[366.262s][info][gc,heap        ] GC(131) Humongous regions: 77->77
[366.262s][info][gc,metaspace   ] GC(131) Metaspace: 28807K(29120K)->28807K(29120K) NonClass: 23925K(24064K)->23925K(24064K) Class: 4882K(5056K)->4882K(5056K)
[366.262s][info][gc             ] GC(131) Pause Young (Mixed) (G1 Evacuation Pause) 3670M->1392M(4096M) 128.456ms
[366.262s][info][gc,cpu         ] GC(131) User=0.75s Sys=0.00s Real=0.13s
..[367.711s][info][gc,start       ] GC(132) Pause Young (Concurrent Start) (G1 Evacuation Pause)
[367.711s][info][gc,task        ] GC(132) Using 6 workers of 6 for evacuation
[367.873s][info][gc,phases      ] GC(132)   Pre Evacuate Collection Set: 0.41ms
[367.873s][info][gc,phases      ] GC(132)   Merge Heap Roots: 0.47ms
[367.873s][info][gc,phases      ] GC(132)   Evacuate Collection Set: 159.83ms
[367.873s][info][gc,phases      ] GC(132)   Post Evacuate Collection Set: 0.97ms
[367.873s][info][gc,phases      ] GC(132)   Other: 0.11ms
[367.873s][info][gc,heap        ] GC(132) Eden regions: 1125->0(1094)
[367.873s][info][gc,heap        ] GC(132) Survivor regions: 103->113(154)
[367.873s][info][gc,heap        ] GC(132) Old regions: 517->548
[367.873s][info][gc,heap        ] GC(132) Humongous regions: 77->77
[367.873s][info][gc,metaspace   ] GC(132) Metaspace: 28807K(29120K)->28807K(29120K) NonClass: 23925K(24064K)->23925K(24064K) Class: 4882K(5056K)->4882K(5056K)
[367.873s][info][gc             ] GC(132) Pause Young (Concurrent Start) (G1 Evacuation Pause) 3642M->1475M(4096M) 161.942ms
[367.873s][info][gc             ] GC(133) Concurrent Mark Cycle
[367.873s][info][gc,marking     ] GC(133) Concurrent Scan Root Regions
[367.873s][info][gc,cpu         ] GC(132) User=0.73s Sys=0.00s Real=0.16s
[368.098s][info][gc,marking     ] GC(133) Concurrent Scan Root Regions 225.070ms
[368.098s][info][gc,marking     ] GC(133) Concurrent Mark
[368.098s][info][gc,marking     ] GC(133) Concurrent Mark From Roots
[368.098s][info][gc,task        ] GC(133) Using 2 workers of 2 for marking
.[369.670s][info][gc,marking     ] GC(133) Concurrent Mark From Roots 1571.884ms
[369.670s][info][gc,marking     ] GC(133) Concurrent Preclean
[369.671s][info][gc,marking     ] GC(133) Concurrent Preclean 0.103ms
[369.671s][info][gc,start       ] GC(133) Pause Remark
[369.680s][info][gc             ] GC(133) Pause Remark 3426M->3426M(4096M) 8.916ms
[369.680s][info][gc,cpu         ] GC(133) User=0.05s Sys=0.01s Real=0.01s
[369.680s][info][gc,marking     ] GC(133) Concurrent Mark 1581.441ms
[369.680s][info][gc,marking     ] GC(133) Concurrent Rebuild Remembered Sets and Scrub Regions
[369.887s][info][gc,start       ] GC(134) Pause Young (Normal) (G1 Evacuation Pause)
[369.887s][info][gc,task        ] GC(134) Using 6 workers of 6 for evacuation
[370.018s][info][gc,phases      ] GC(134)   Pre Evacuate Collection Set: 0.33ms
[370.018s][info][gc,phases      ] GC(134)   Merge Heap Roots: 0.45ms
[370.018s][info][gc,phases      ] GC(134)   Evacuate Collection Set: 128.97ms
[370.018s][info][gc,phases      ] GC(134)   Post Evacuate Collection Set: 0.97ms
[370.018s][info][gc,phases      ] GC(134)   Other: 0.10ms
[370.018s][info][gc,heap        ] GC(134) Eden regions: 1094->0(1050)
[370.018s][info][gc,heap        ] GC(134) Survivor regions: 113->120(151)
[370.018s][info][gc,heap        ] GC(134) Old regions: 548->578
[370.018s][info][gc,heap        ] GC(134) Humongous regions: 77->77
[370.018s][info][gc,metaspace   ] GC(134) Metaspace: 28807K(29120K)->28807K(29120K) NonClass: 23925K(24064K)->23925K(24064K) Class: 4882K(5056K)->4882K(5056K)
[370.018s][info][gc             ] GC(134) Pause Young (Normal) (G1 Evacuation Pause) 3663M->1549M(4096M) 130.959ms
[370.018s][info][gc,cpu         ] GC(134) User=0.78s Sys=0.00s Real=0.14s
.[370.656s][info][gc,marking     ] GC(133) Concurrent Rebuild Remembered Sets and Scrub Regions 976.067ms
[370.659s][info][gc,start       ] GC(133) Pause Cleanup
[370.659s][info][gc             ] GC(133) Pause Cleanup 2557M->2557M(4096M) 0.181ms
[370.659s][info][gc,cpu         ] GC(133) User=0.00s Sys=0.00s Real=0.00s
[370.659s][info][gc,marking     ] GC(133) Concurrent Clear Claimed Marks
[370.659s][info][gc,marking     ] GC(133) Concurrent Clear Claimed Marks 0.038ms
[370.659s][info][gc,marking     ] GC(133) Concurrent Cleanup for Next Mark
[370.664s][info][gc,marking     ] GC(133) Concurrent Cleanup for Next Mark 4.959ms
[370.664s][info][gc             ] GC(133) Concurrent Mark Cycle 2790.639ms
.[371.506s][info][gc,start       ] GC(135) Pause Young (Prepare Mixed) (G1 Evacuation Pause)
[371.506s][info][gc,task        ] GC(135) Using 6 workers of 6 for evacuation
[371.631s][info][gc,phases      ] GC(135)   Pre Evacuate Collection Set: 0.34ms
[371.631s][info][gc,phases      ] GC(135)   Merge Heap Roots: 0.55ms
[371.631s][info][gc,phases      ] GC(135)   Evacuate Collection Set: 122.91ms
[371.631s][info][gc,phases      ] GC(135)   Post Evacuate Collection Set: 0.98ms
[371.631s][info][gc,phases      ] GC(135)   Other: 0.09ms
[371.631s][info][gc,heap        ] GC(135) Eden regions: 1050->0(1056)
[371.631s][info][gc,heap        ] GC(135) Survivor regions: 120->70(147)
[371.631s][info][gc,heap        ] GC(135) Old regions: 578->657
[371.631s][info][gc,heap        ] GC(135) Humongous regions: 77->77
[371.631s][info][gc,metaspace   ] GC(135) Metaspace: 28815K(29184K)->28815K(29184K) NonClass: 23932K(24128K)->23932K(24128K) Class: 4882K(5056K)->4882K(5056K)
[371.631s][info][gc             ] GC(135) Pause Young (Prepare Mixed) (G1 Evacuation Pause) 3649M->1605M(4096M) 125.012ms
[371.631s][info][gc,cpu         ] GC(135) User=0.74s Sys=0.00s Real=0.13s
.[373.032s][info][gc,start       ] GC(136) Pause Young (Mixed) (G1 Evacuation Pause)
[373.032s][info][gc,task        ] GC(136) Using 6 workers of 6 for evacuation
[373.152s][info][gc,phases      ] GC(136)   Pre Evacuate Collection Set: 0.45ms
[373.152s][info][gc,phases      ] GC(136)   Merge Heap Roots: 0.70ms
[373.152s][info][gc,phases      ] GC(136)   Evacuate Collection Set: 118.56ms
[373.152s][info][gc,phases      ] GC(136)   Post Evacuate Collection Set: 0.87ms
[373.152s][info][gc,phases      ] GC(136)   Other: 0.10ms
[373.152s][info][gc,heap        ] GC(136) Eden regions: 1056->0(1116)
[373.152s][info][gc,heap        ] GC(136) Survivor regions: 70->112(141)
[373.152s][info][gc,heap        ] GC(136) Old regions: 657->513
[373.152s][info][gc,heap        ] GC(136) Humongous regions: 77->77
[373.152s][info][gc,metaspace   ] GC(136) Metaspace: 28815K(29184K)->28815K(29184K) NonClass: 23932K(24128K)->23932K(24128K) Class: 4882K(5056K)->4882K(5056K)
[373.152s][info][gc             ] GC(136) Pause Young (Mixed) (G1 Evacuation Pause) 3717M->1402M(4096M) 120.791ms
[373.153s][info][gc,cpu         ] GC(136) User=0.72s Sys=0.01s Real=0.12s
.[374.598s][info][gc,start       ] GC(137) Pause Young (Concurrent Start) (G1 Evacuation Pause)
[374.598s][info][gc,task        ] GC(137) Using 6 workers of 6 for evacuation
[374.717s][info][gc,phases      ] GC(137)   Pre Evacuate Collection Set: 0.42ms
[374.717s][info][gc,phases      ] GC(137)   Merge Heap Roots: 0.46ms
[374.717s][info][gc,phases      ] GC(137)   Evacuate Collection Set: 117.88ms
[374.717s][info][gc,phases      ] GC(137)   Post Evacuate Collection Set: 0.91ms
[374.717s][info][gc,phases      ] GC(137)   Other: 0.10ms
[374.717s][info][gc,heap        ] GC(137) Eden regions: 1116->0(1097)
[374.717s][info][gc,heap        ] GC(137) Survivor regions: 112->114(154)
[374.717s][info][gc,heap        ] GC(137) Old regions: 513->543
[374.718s][info][gc,heap        ] GC(137) Humongous regions: 77->77
[374.718s][info][gc,metaspace   ] GC(137) Metaspace: 28815K(29184K)->28815K(29184K) NonClass: 23932K(24128K)->23932K(24128K) Class: 4882K(5056K)->4882K(5056K)
[374.718s][info][gc             ] GC(137) Pause Young (Concurrent Start) (G1 Evacuation Pause) 3634M->1466M(4096M) 119.927ms
[374.718s][info][gc             ] GC(138) Concurrent Mark Cycle
[374.718s][info][gc,marking     ] GC(138) Concurrent Scan Root Regions
[374.718s][info][gc,cpu         ] GC(137) User=0.70s Sys=0.00s Real=0.12s
.[374.939s][info][gc,marking     ] GC(138) Concurrent Scan Root Regions 221.272ms
[374.939s][info][gc,marking     ] GC(138) Concurrent Mark
[374.939s][info][gc,marking     ] GC(138) Concurrent Mark From Roots
[374.939s][info][gc,task        ] GC(138) Using 2 workers of 2 for marking
.[376.260s][info][gc,marking     ] GC(138) Concurrent Mark From Roots 1320.900ms
[376.260s][info][gc,marking     ] GC(138) Concurrent Preclean
[376.260s][info][gc,marking     ] GC(138) Concurrent Preclean 0.071ms
[376.263s][info][gc,start       ] GC(138) Pause Remark
[376.270s][info][gc             ] GC(138) Pause Remark 3148M->3148M(4096M) 7.020ms
[376.270s][info][gc,cpu         ] GC(138) User=0.04s Sys=0.00s Real=0.01s
[376.273s][info][gc,marking     ] GC(138) Concurrent Mark 1333.632ms
[376.273s][info][gc,marking     ] GC(138) Concurrent Rebuild Remembered Sets and Scrub Regions
[376.574s][info][gc,marking     ] GC(138) Concurrent Rebuild Remembered Sets and Scrub Regions 301.470ms
[376.574s][info][gc,start       ] GC(138) Pause Cleanup
[376.574s][info][gc             ] GC(138) Pause Cleanup 3358M->3358M(4096M) 0.165ms
[376.574s][info][gc,cpu         ] GC(138) User=0.01s Sys=0.00s Real=0.00s
[376.575s][info][gc,marking     ] GC(138) Concurrent Clear Claimed Marks
[376.575s][info][gc,marking     ] GC(138) Concurrent Clear Claimed Marks 0.035ms
[376.575s][info][gc,marking     ] GC(138) Concurrent Cleanup for Next Mark
[376.581s][info][gc,marking     ] GC(138) Concurrent Cleanup for Next Mark 6.760ms
[376.582s][info][gc             ] GC(138) Concurrent Mark Cycle 1863.996ms
[376.763s][info][gc,start       ] GC(139) Pause Young (Prepare Mixed) (G1 Evacuation Pause)
[376.764s][info][gc,task        ] GC(139) Using 6 workers of 6 for evacuation
[376.923s][info][gc,phases      ] GC(139)   Pre Evacuate Collection Set: 0.36ms
[376.923s][info][gc,phases      ] GC(139)   Merge Heap Roots: 0.51ms
[376.923s][info][gc,phases      ] GC(139)   Evacuate Collection Set: 157.78ms
[376.923s][info][gc,phases      ] GC(139)   Post Evacuate Collection Set: 1.02ms
[376.923s][info][gc,phases      ] GC(139)   Other: 0.09ms
[376.923s][info][gc,heap        ] GC(139) Eden regions: 1097->0(1071)
[376.923s][info][gc,heap        ] GC(139) Survivor regions: 114->112(152)
[376.923s][info][gc,heap        ] GC(139) Old regions: 543->573
[376.923s][info][gc,heap        ] GC(139) Humongous regions: 77->77
[376.923s][info][gc,metaspace   ] GC(139) Metaspace: 28815K(29184K)->28815K(29184K) NonClass: 23932K(24128K)->23932K(24128K) Class: 4882K(5056K)->4882K(5056K)
[376.923s][info][gc             ] GC(139) Pause Young (Prepare Mixed) (G1 Evacuation Pause) 3660M->1523M(4096M) 159.897ms
[376.923s][info][gc,cpu         ] GC(139) User=0.71s Sys=0.00s Real=0.16s
..[378.306s][info][gc,start       ] GC(140) Pause Young (Mixed) (G1 Evacuation Pause)
[378.306s][info][gc,task        ] GC(140) Using 6 workers of 6 for evacuation
[378.458s][info][gc,phases      ] GC(140)   Pre Evacuate Collection Set: 0.43ms
[378.458s][info][gc,phases      ] GC(140)   Merge Heap Roots: 0.81ms
[378.458s][info][gc,phases      ] GC(140)   Evacuate Collection Set: 149.25ms
[378.458s][info][gc,phases      ] GC(140)   Merge Optional Heap Roots: 0.09ms
[378.458s][info][gc,phases      ] GC(140)   Evacuate Optional Collection Set: 0.84ms
[378.458s][info][gc,phases      ] GC(140)   Post Evacuate Collection Set: 1.05ms
[378.458s][info][gc,phases      ] GC(140)   Other: 0.09ms
[378.458s][info][gc,heap        ] GC(140) Eden regions: 1071->0(1112)
[378.458s][info][gc,heap        ] GC(140) Survivor regions: 112->116(148)
[378.458s][info][gc,heap        ] GC(140) Old regions: 573->470
[378.458s][info][gc,heap        ] GC(140) Humongous regions: 77->77
[378.458s][info][gc,metaspace   ] GC(140) Metaspace: 28815K(29184K)->28815K(29184K) NonClass: 23932K(24128K)->23932K(24128K) Class: 4882K(5056K)->4882K(5056K)
[378.458s][info][gc             ] GC(140) Pause Young (Mixed) (G1 Evacuation Pause) 3665M->1324M(4096M) 152.721ms
[378.458s][info][gc,cpu         ] GC(140) User=0.91s Sys=0.00s Real=0.16s
.[379.945s][info][gc,start       ] GC(141) Pause Young (Concurrent Start) (G1 Evacuation Pause)
[379.945s][info][gc,task        ] GC(141) Using 6 workers of 6 for evacuation
[380.076s][info][gc,phases      ] GC(141)   Pre Evacuate Collection Set: 0.39ms
[380.076s][info][gc,phases      ] GC(141)   Merge Heap Roots: 0.47ms
[380.076s][info][gc,phases      ] GC(141)   Evacuate Collection Set: 129.10ms
[380.076s][info][gc,phases      ] GC(141)   Post Evacuate Collection Set: 0.92ms
[380.076s][info][gc,phases      ] GC(141)   Other: 0.11ms
[380.076s][info][gc,heap        ] GC(141) Eden regions: 1112->0(1109)
[380.076s][info][gc,heap        ] GC(141) Survivor regions: 116->119(154)
[380.076s][info][gc,heap        ] GC(141) Old regions: 470->502
[380.076s][info][gc,heap        ] GC(141) Humongous regions: 77->77
[380.076s][info][gc,metaspace   ] GC(141) Metaspace: 28822K(29184K)->28822K(29184K) NonClass: 23939K(24128K)->23939K(24128K) Class: 4882K(5056K)->4882K(5056K)
[380.076s][info][gc             ] GC(141) Pause Young (Concurrent Start) (G1 Evacuation Pause) 3548M->1394M(4096M) 131.128ms
[380.076s][info][gc             ] GC(142) Concurrent Mark Cycle
[380.076s][info][gc,marking     ] GC(142) Concurrent Scan Root Regions
[380.076s][info][gc,cpu         ] GC(141) User=0.77s Sys=0.00s Real=0.13s
[380.325s][info][gc,marking     ] GC(142) Concurrent Scan Root Regions 248.950ms
[380.325s][info][gc,marking     ] GC(142) Concurrent Mark
[380.325s][info][gc,marking     ] GC(142) Concurrent Mark From Roots
[380.325s][info][gc,task        ] GC(142) Using 2 workers of 2 for marking
.[381.933s][info][gc,start       ] GC(143) Pause Young (Normal) (G1 Evacuation Pause)
[381.933s][info][gc,task        ] GC(143) Using 6 workers of 6 for evacuation
[382.061s][info][gc,phases      ] GC(143)   Pre Evacuate Collection Set: 0.38ms
[382.061s][info][gc,phases      ] GC(143)   Merge Heap Roots: 0.44ms
[382.061s][info][gc,phases      ] GC(143)   Evacuate Collection Set: 126.16ms
[382.061s][info][gc,phases      ] GC(143)   Post Evacuate Collection Set: 0.91ms
[382.061s][info][gc,phases      ] GC(143)   Other: 0.08ms
[382.061s][info][gc,heap        ] GC(143) Eden regions: 1109->0(1087)
[382.061s][info][gc,heap        ] GC(143) Survivor regions: 119->124(154)
[382.061s][info][gc,heap        ] GC(143) Old regions: 502->533
[382.061s][info][gc,heap        ] GC(143) Humongous regions: 77->77
[382.061s][info][gc,metaspace   ] GC(143) Metaspace: 28822K(29184K)->28822K(29184K) NonClass: 23939K(24128K)->23939K(24128K) Class: 4882K(5056K)->4882K(5056K)
[382.061s][info][gc             ] GC(143) Pause Young (Normal) (G1 Evacuation Pause) 3612M->1466M(4096M) 128.110ms
[382.061s][info][gc,cpu         ] GC(143) User=0.75s Sys=0.00s Real=0.13s
[382.122s][info][gc,marking     ] GC(142) Concurrent Mark From Roots 1796.728ms
[382.122s][info][gc,marking     ] GC(142) Concurrent Preclean
[382.122s][info][gc,marking     ] GC(142) Concurrent Preclean 0.052ms
[382.122s][info][gc,start       ] GC(142) Pause Remark
[382.128s][info][gc             ] GC(142) Pause Remark 1540M->1540M(4096M) 5.595ms
[382.128s][info][gc,cpu         ] GC(142) User=0.04s Sys=0.00s Real=0.01s
[382.128s][info][gc,marking     ] GC(142) Concurrent Mark 1803.329ms
[382.128s][info][gc,marking     ] GC(142) Concurrent Rebuild Remembered Sets and Scrub Regions
.[382.455s][info][gc,marking     ] GC(142) Concurrent Rebuild Remembered Sets and Scrub Regions 326.609ms
[382.455s][info][gc,start       ] GC(142) Pause Cleanup
[382.455s][info][gc             ] GC(142) Pause Cleanup 1835M->1835M(4096M) 0.143ms
[382.455s][info][gc,cpu         ] GC(142) User=0.00s Sys=0.00s Real=0.00s
[382.456s][info][gc,marking     ] GC(142) Concurrent Clear Claimed Marks
[382.456s][info][gc,marking     ] GC(142) Concurrent Clear Claimed Marks 0.039ms
[382.456s][info][gc,marking     ] GC(142) Concurrent Cleanup for Next Mark
[382.464s][info][gc,marking     ] GC(142) Concurrent Cleanup for Next Mark 7.870ms
[382.464s][info][gc             ] GC(142) Concurrent Mark Cycle 2388.291ms
.[383.745s][info][gc,start       ] GC(144) Pause Young (Prepare Mixed) (G1 Evacuation Pause)
[383.745s][info][gc,task        ] GC(144) Using 6 workers of 6 for evacuation
[383.908s][info][gc,phases      ] GC(144)   Pre Evacuate Collection Set: 0.38ms
[383.908s][info][gc,phases      ] GC(144)   Merge Heap Roots: 0.48ms
[383.908s][info][gc,phases      ] GC(144)   Evacuate Collection Set: 161.29ms
[383.908s][info][gc,phases      ] GC(144)   Post Evacuate Collection Set: 1.03ms
[383.908s][info][gc,phases      ] GC(144)   Other: 0.09ms
[383.908s][info][gc,heap        ] GC(144) Eden regions: 1087->0(1097)
[383.908s][info][gc,heap        ] GC(144) Survivor regions: 124->66(152)
[383.908s][info][gc,heap        ] GC(144) Old regions: 533->613
[383.908s][info][gc,heap        ] GC(144) Humongous regions: 77->77
[383.908s][info][gc,metaspace   ] GC(144) Metaspace: 28822K(29184K)->28822K(29184K) NonClass: 23939K(24128K)->23939K(24128K) Class: 4882K(5056K)->4882K(5056K)
[383.908s][info][gc             ] GC(144) Pause Young (Prepare Mixed) (G1 Evacuation Pause) 3640M->1511M(4096M) 163.408ms
[383.908s][info][gc,cpu         ] GC(144) User=0.73s Sys=0.00s Real=0.17s
.[385.180s][info][gc,start       ] GC(145) Pause Young (Mixed) (G1 Evacuation Pause)
[385.180s][info][gc,task        ] GC(145) Using 6 workers of 6 for evacuation
[385.298s][info][gc,phases      ] GC(145)   Pre Evacuate Collection Set: 0.41ms
[385.298s][info][gc,phases      ] GC(145)   Merge Heap Roots: 0.66ms
[385.298s][info][gc,phases      ] GC(145)   Evacuate Collection Set: 115.81ms
[385.298s][info][gc,phases      ] GC(145)   Post Evacuate Collection Set: 1.01ms
[385.298s][info][gc,phases      ] GC(145)   Other: 0.09ms
[385.298s][info][gc,heap        ] GC(145) Eden regions: 1097->0(1112)
[385.298s][info][gc,heap        ] GC(145) Survivor regions: 66->116(146)
[385.298s][info][gc,heap        ] GC(145) Old regions: 613->521
[385.298s][info][gc,heap        ] GC(145) Humongous regions: 77->77
[385.298s][info][gc,metaspace   ] GC(145) Metaspace: 28822K(29184K)->28822K(29184K) NonClass: 23939K(24128K)->23939K(24128K) Class: 4882K(5056K)->4882K(5056K)
[385.298s][info][gc             ] GC(145) Pause Young (Mixed) (G1 Evacuation Pause) 3705M->1427M(4096M) 118.125ms
[385.298s][info][gc,cpu         ] GC(145) User=0.69s Sys=0.00s Real=0.12s
.[386.734s][info][gc,start       ] GC(146) Pause Young (Concurrent Start) (G1 Evacuation Pause)
[386.734s][info][gc,task        ] GC(146) Using 6 workers of 6 for evacuation
[386.904s][info][gc,phases      ] GC(146)   Pre Evacuate Collection Set: 0.39ms
[386.904s][info][gc,phases      ] GC(146)   Merge Heap Roots: 0.48ms
[386.904s][info][gc,phases      ] GC(146)   Evacuate Collection Set: 167.77ms
[386.904s][info][gc,phases      ] GC(146)   Post Evacuate Collection Set: 0.92ms
[386.904s][info][gc,phases      ] GC(146)   Other: 0.12ms
[386.904s][info][gc,heap        ] GC(146) Eden regions: 1112->0(1065)
[386.904s][info][gc,heap        ] GC(146) Survivor regions: 116->126(154)
[386.904s][info][gc,heap        ] GC(146) Old regions: 521->551
[386.904s][info][gc,heap        ] GC(146) Humongous regions: 77->77
[386.904s][info][gc,metaspace   ] GC(146) Metaspace: 28822K(29184K)->28822K(29184K) NonClass: 23939K(24128K)->23939K(24128K) Class: 4882K(5056K)->4882K(5056K)
[386.904s][info][gc             ] GC(146) Pause Young (Concurrent Start) (G1 Evacuation Pause) 3651M->1505M(4096M) 169.821ms
[386.904s][info][gc             ] GC(147) Concurrent Mark Cycle
[386.904s][info][gc,marking     ] GC(147) Concurrent Scan Root Regions
[386.904s][info][gc,cpu         ] GC(146) User=0.76s Sys=0.01s Real=0.17s
[387.171s][info][gc,marking     ] GC(147) Concurrent Scan Root Regions 267.270ms
[387.171s][info][gc,marking     ] GC(147) Concurrent Mark
[387.171s][info][gc,marking     ] GC(147) Concurrent Mark From Roots
[387.171s][info][gc,task        ] GC(147) Using 2 workers of 2 for marking
.[388.281s][info][gc,marking     ] GC(147) Concurrent Mark From Roots 1109.541ms
[388.281s][info][gc,marking     ] GC(147) Concurrent Preclean
[388.281s][info][gc,marking     ] GC(147) Concurrent Preclean 0.067ms
[388.282s][info][gc,start       ] GC(147) Pause Remark
[388.286s][info][gc             ] GC(147) Pause Remark 3193M->3193M(4096M) 4.113ms
[388.286s][info][gc,cpu         ] GC(147) User=0.02s Sys=0.00s Real=0.00s
[388.288s][info][gc,marking     ] GC(147) Concurrent Mark 1116.783ms
[388.288s][info][gc,marking     ] GC(147) Concurrent Rebuild Remembered Sets and Scrub Regions
.[388.611s][info][gc,start       ] GC(148) Pause Young (Normal) (G1 Evacuation Pause)
[388.611s][info][gc,task        ] GC(148) Using 6 workers of 6 for evacuation
[388.736s][info][gc,phases      ] GC(148)   Pre Evacuate Collection Set: 0.33ms
[388.736s][info][gc,phases      ] GC(148)   Merge Heap Roots: 0.51ms
[388.736s][info][gc,phases      ] GC(148)   Evacuate Collection Set: 122.77ms
[388.736s][info][gc,phases      ] GC(148)   Post Evacuate Collection Set: 0.96ms
[388.736s][info][gc,phases      ] GC(148)   Other: 0.08ms
[388.736s][info][gc,heap        ] GC(148) Eden regions: 1065->0(1073)
[388.736s][info][gc,heap        ] GC(148) Survivor regions: 126->76(149)
[388.736s][info][gc,heap        ] GC(148) Old regions: 551->623
[388.736s][info][gc,heap        ] GC(148) Humongous regions: 77->77
[388.736s][info][gc,metaspace   ] GC(148) Metaspace: 28822K(29184K)->28822K(29184K) NonClass: 23940K(24128K)->23940K(24128K) Class: 4882K(5056K)->4882K(5056K)
[388.736s][info][gc             ] GC(148) Pause Young (Normal) (G1 Evacuation Pause) 3635M->1550M(4096M) 124.800ms
[388.736s][info][gc,cpu         ] GC(148) User=0.74s Sys=0.01s Real=0.12s
[388.944s][info][gc,marking     ] GC(147) Concurrent Rebuild Remembered Sets and Scrub Regions 656.322ms
[388.946s][info][gc,start       ] GC(147) Pause Cleanup
[388.946s][info][gc             ] GC(147) Pause Cleanup 1818M->1818M(4096M) 0.178ms
[388.946s][info][gc,cpu         ] GC(147) User=0.00s Sys=0.00s Real=0.00s
[388.946s][info][gc,marking     ] GC(147) Concurrent Clear Claimed Marks
[388.946s][info][gc,marking     ] GC(147) Concurrent Clear Claimed Marks 0.041ms
[388.946s][info][gc,marking     ] GC(147) Concurrent Cleanup for Next Mark
[388.951s][info][gc,marking     ] GC(147) Concurrent Cleanup for Next Mark 4.945ms
[388.951s][info][gc             ] GC(147) Concurrent Mark Cycle 2047.054ms
.[390.236s][info][gc,start       ] GC(149) Pause Young (Prepare Mixed) (G1 Evacuation Pause)
[390.236s][info][gc,task        ] GC(149) Using 6 workers of 6 for evacuation
[390.348s][info][gc,phases      ] GC(149)   Pre Evacuate Collection Set: 0.35ms
[390.348s][info][gc,phases      ] GC(149)   Merge Heap Roots: 0.53ms
[390.348s][info][gc,phases      ] GC(149)   Evacuate Collection Set: 109.75ms
[390.348s][info][gc,phases      ] GC(149)   Post Evacuate Collection Set: 0.94ms
[390.348s][info][gc,phases      ] GC(149)   Other: 0.09ms
[390.348s][info][gc,heap        ] GC(149) Eden regions: 1073->0(1029)
[390.348s][info][gc,heap        ] GC(149) Survivor regions: 76->74(144)
[390.348s][info][gc,heap        ] GC(149) Old regions: 623->674
[390.348s][info][gc,heap        ] GC(149) Humongous regions: 77->77
[390.348s][info][gc,metaspace   ] GC(149) Metaspace: 28822K(29184K)->28822K(29184K) NonClass: 23940K(24128K)->23940K(24128K) Class: 4882K(5056K)->4882K(5056K)
[390.348s][info][gc             ] GC(149) Pause Young (Prepare Mixed) (G1 Evacuation Pause) 3696M->1649M(4096M) 111.785ms
[390.348s][info][gc,cpu         ] GC(149) User=0.66s Sys=0.00s Real=0.12s
.[391.667s][info][gc,start       ] GC(150) Pause Young (Mixed) (G1 Evacuation Pause)
[391.667s][info][gc,task        ] GC(150) Using 6 workers of 6 for evacuation
[391.834s][info][gc,phases      ] GC(150)   Pre Evacuate Collection Set: 0.42ms
[391.834s][info][gc,phases      ] GC(150)   Merge Heap Roots: 0.88ms
[391.834s][info][gc,phases      ] GC(150)   Evacuate Collection Set: 164.41ms
[391.834s][info][gc,phases      ] GC(150)   Post Evacuate Collection Set: 1.02ms
[391.834s][info][gc,phases      ] GC(150)   Other: 0.08ms
[391.834s][info][gc,heap        ] GC(150) Eden regions: 1029->0(1120)
[391.834s][info][gc,heap        ] GC(150) Survivor regions: 74->72(138)
[391.834s][info][gc,heap        ] GC(150) Old regions: 674->573
[391.834s][info][gc,heap        ] GC(150) Humongous regions: 77->77
[391.834s][info][gc,metaspace   ] GC(150) Metaspace: 28823K(29184K)->28823K(29184K) NonClass: 23940K(24128K)->23940K(24128K) Class: 4882K(5056K)->4882K(5056K)
[391.834s][info][gc             ] GC(150) Pause Young (Mixed) (G1 Evacuation Pause) 3707M->1443M(4096M) 166.956ms
[391.834s][info][gc,cpu         ] GC(150) User=0.76s Sys=0.00s Real=0.16s
..|[393.316s][info][gc,start       ] GC(151) Pause Young (Concurrent Start) (G1 Evacuation Pause)
[393.316s][info][gc,task        ] GC(151) Using 6 workers of 6 for evacuation
[393.416s][info][gc,phases      ] GC(151)   Pre Evacuate Collection Set: 0.40ms
[393.416s][info][gc,phases      ] GC(151)   Merge Heap Roots: 0.43ms
[393.416s][info][gc,phases      ] GC(151)   Evacuate Collection Set: 98.08ms
[393.416s][info][gc,phases      ] GC(151)   Post Evacuate Collection Set: 0.93ms
[393.416s][info][gc,phases      ] GC(151)   Other: 0.12ms
[393.416s][info][gc,heap        ] GC(151) Eden regions: 1120->0(1069)
[393.416s][info][gc,heap        ] GC(151) Survivor regions: 72->113(149)
[393.416s][info][gc,heap        ] GC(151) Old regions: 573->573
[393.416s][info][gc,heap        ] GC(151) Humongous regions: 77->77
[393.416s][info][gc,metaspace   ] GC(151) Metaspace: 28823K(29184K)->28823K(29184K) NonClass: 23940K(24128K)->23940K(24128K) Class: 4882K(5056K)->4882K(5056K)
[393.416s][info][gc             ] GC(151) Pause Young (Concurrent Start) (G1 Evacuation Pause) 3683M->1525M(4096M) 100.078ms
[393.416s][info][gc             ] GC(152) Concurrent Mark Cycle
[393.416s][info][gc,marking     ] GC(152) Concurrent Scan Root Regions
[393.416s][info][gc,cpu         ] GC(151) User=0.60s Sys=0.00s Real=0.10s
[393.531s][info][gc,marking     ] GC(152) Concurrent Scan Root Regions 115.206ms
[393.532s][info][gc,marking     ] GC(152) Concurrent Mark
[393.532s][info][gc,marking     ] GC(152) Concurrent Mark From Roots
[393.532s][info][gc,task        ] GC(152) Using 2 workers of 2 for marking
[394.323s][info][gc,marking     ] GC(152) Concurrent Mark From Roots 791.494ms
[394.323s][info][gc,marking     ] GC(152) Concurrent Preclean
[394.323s][info][gc,marking     ] GC(152) Concurrent Preclean 0.100ms
[394.327s][info][gc,start       ] GC(152) Pause Remark
[394.334s][info][gc             ] GC(152) Pause Remark 2277M->2277M(4096M) 6.801ms
[394.334s][info][gc,cpu         ] GC(152) User=0.03s Sys=0.00s Real=0.00s
[394.334s][info][gc,marking     ] GC(152) Concurrent Mark 802.627ms
[394.334s][info][gc,marking     ] GC(152) Concurrent Rebuild Remembered Sets and Scrub Regions
.[394.718s][info][gc,marking     ] GC(152) Concurrent Rebuild Remembered Sets and Scrub Regions 384.141ms
[394.718s][info][gc,start       ] GC(152) Pause Cleanup
[394.719s][info][gc             ] GC(152) Pause Cleanup 2729M->2729M(4096M) 0.188ms
[394.719s][info][gc,cpu         ] GC(152) User=0.01s Sys=0.00s Real=0.00s
[394.719s][info][gc,marking     ] GC(152) Concurrent Clear Claimed Marks
[394.719s][info][gc,marking     ] GC(152) Concurrent Clear Claimed Marks 0.030ms
[394.719s][info][gc,marking     ] GC(152) Concurrent Cleanup for Next Mark
[394.726s][info][gc,marking     ] GC(152) Concurrent Cleanup for Next Mark 7.070ms
[394.726s][info][gc             ] GC(152) Concurrent Mark Cycle 1309.668ms
[395.286s][info][gc,start       ] GC(153) Pause Young (Prepare Mixed) (G1 Evacuation Pause)
[395.286s][info][gc,task        ] GC(153) Using 6 workers of 6 for evacuation
[395.410s][info][gc,phases      ] GC(153)   Pre Evacuate Collection Set: 0.37ms
[395.410s][info][gc,phases      ] GC(153)   Merge Heap Roots: 0.52ms
[395.410s][info][gc,phases      ] GC(153)   Evacuate Collection Set: 121.93ms
[395.410s][info][gc,phases      ] GC(153)   Post Evacuate Collection Set: 0.96ms
[395.410s][info][gc,phases      ] GC(153)   Other: 0.09ms
[395.410s][info][gc,heap        ] GC(153) Eden regions: 1069->0(1032)
[395.410s][info][gc,heap        ] GC(153) Survivor regions: 113->116(148)
[395.410s][info][gc,heap        ] GC(153) Old regions: 573->604
[395.410s][info][gc,heap        ] GC(153) Humongous regions: 77->77
[395.410s][info][gc,metaspace   ] GC(153) Metaspace: 28824K(29184K)->28824K(29184K) NonClass: 23942K(24128K)->23942K(24128K) Class: 4882K(5056K)->4882K(5056K)
[395.410s][info][gc             ] GC(153) Pause Young (Prepare Mixed) (G1 Evacuation Pause) 3663M->1591M(4096M) 123.995ms
[395.410s][info][gc,cpu         ] GC(153) User=0.73s Sys=0.00s Real=0.13s
.[396.593s][info][gc,start       ] GC(154) Pause Young (Mixed) (G1 Evacuation Pause)
[396.593s][info][gc,task        ] GC(154) Using 6 workers of 6 for evacuation
[396.731s][info][gc,phases      ] GC(154)   Pre Evacuate Collection Set: 0.41ms
[396.731s][info][gc,phases      ] GC(154)   Merge Heap Roots: 0.56ms
[396.731s][info][gc,phases      ] GC(154)   Evacuate Collection Set: 131.87ms
[396.731s][info][gc,phases      ] GC(154)   Merge Optional Heap Roots: 0.09ms
[396.731s][info][gc,phases      ] GC(154)   Evacuate Optional Collection Set: 3.68ms
[396.731s][info][gc,phases      ] GC(154)   Post Evacuate Collection Set: 1.11ms
[396.731s][info][gc,phases      ] GC(154)   Other: 0.11ms
[396.731s][info][gc,heap        ] GC(154) Eden regions: 1032->0(1113)
[396.731s][info][gc,heap        ] GC(154) Survivor regions: 116->115(144)
[396.731s][info][gc,heap        ] GC(154) Old regions: 604->487
[396.731s][info][gc,heap        ] GC(154) Humongous regions: 77->77
[396.731s][info][gc,metaspace   ] GC(154) Metaspace: 28825K(29184K)->28825K(29184K) NonClass: 23942K(24128K)->23942K(24128K) Class: 4882K(5056K)->4882K(5056K)
[396.731s][info][gc             ] GC(154) Pause Young (Mixed) (G1 Evacuation Pause) 3655M->1356M(4096M) 137.972ms
[396.731s][info][gc,cpu         ] GC(154) User=0.81s Sys=0.00s Real=0.14s
.[398.363s][info][gc,start       ] GC(155) Pause Young (Mixed) (G1 Evacuation Pause)
[398.363s][info][gc,task        ] GC(155) Using 6 workers of 6 for evacuation
[398.496s][info][gc,phases      ] GC(155)   Pre Evacuate Collection Set: 0.38ms
[398.496s][info][gc,phases      ] GC(155)   Merge Heap Roots: 0.85ms
[398.496s][info][gc,phases      ] GC(155)   Evacuate Collection Set: 130.84ms
[398.496s][info][gc,phases      ] GC(155)   Post Evacuate Collection Set: 0.93ms
[398.496s][info][gc,phases      ] GC(155)   Other: 0.09ms
[398.496s][info][gc,heap        ] GC(155) Eden regions: 1113->0(1115)
[398.496s][info][gc,heap        ] GC(155) Survivor regions: 115->113(154)
[398.496s][info][gc,heap        ] GC(155) Old regions: 487->495
[398.496s][info][gc,heap        ] GC(155) Humongous regions: 77->77
[398.496s][info][gc,metaspace   ] GC(155) Metaspace: 28825K(29184K)->28825K(29184K) NonClass: 23942K(24128K)->23942K(24128K) Class: 4882K(5056K)->4882K(5056K)
[398.496s][info][gc             ] GC(155) Pause Young (Mixed) (G1 Evacuation Pause) 3582M->1367M(4096M) 133.222ms
[398.496s][info][gc,cpu         ] GC(155) User=0.79s Sys=0.00s Real=0.13s
..[399.972s][info][gc,start       ] GC(156) Pause Young (Concurrent Start) (G1 Evacuation Pause)
[399.972s][info][gc,task        ] GC(156) Using 6 workers of 6 for evacuation
[400.093s][info][gc,phases      ] GC(156)   Pre Evacuate Collection Set: 0.40ms
[400.093s][info][gc,phases      ] GC(156)   Merge Heap Roots: 0.45ms
[400.093s][info][gc,phases      ] GC(156)   Evacuate Collection Set: 118.96ms
[400.093s][info][gc,phases      ] GC(156)   Post Evacuate Collection Set: 0.91ms
[400.093s][info][gc,phases      ] GC(156)   Other: 0.10ms
[400.093s][info][gc,heap        ] GC(156) Eden regions: 1115->0(1116)
[400.093s][info][gc,heap        ] GC(156) Survivor regions: 113->111(154)
[400.093s][info][gc,heap        ] GC(156) Old regions: 495->530
[400.093s][info][gc,heap        ] GC(156) Humongous regions: 77->77
[400.093s][info][gc,metaspace   ] GC(156) Metaspace: 28825K(29184K)->28825K(29184K) NonClass: 23942K(24128K)->23942K(24128K) Class: 4882K(5056K)->4882K(5056K)
[400.093s][info][gc             ] GC(156) Pause Young (Concurrent Start) (G1 Evacuation Pause) 3597M->1434M(4096M) 120.956ms
[400.093s][info][gc             ] GC(157) Concurrent Mark Cycle
[400.093s][info][gc,marking     ] GC(157) Concurrent Scan Root Regions
[400.093s][info][gc,cpu         ] GC(156) User=0.72s Sys=0.00s Real=0.12s
[400.379s][info][gc,marking     ] GC(157) Concurrent Scan Root Regions 285.817ms
[400.379s][info][gc,marking     ] GC(157) Concurrent Mark
[400.379s][info][gc,marking     ] GC(157) Concurrent Mark From Roots
[400.379s][info][gc,task        ] GC(157) Using 2 workers of 2 for marking
.[401.064s][info][gc,marking     ] GC(157) Concurrent Mark From Roots 684.470ms
[401.064s][info][gc,marking     ] GC(157) Concurrent Preclean
[401.064s][info][gc,marking     ] GC(157) Concurrent Preclean 0.080ms
[401.065s][info][gc,start       ] GC(157) Pause Remark
[401.070s][info][gc             ] GC(157) Pause Remark 2506M->2506M(4096M) 5.001ms
[401.070s][info][gc,cpu         ] GC(157) User=0.03s Sys=0.00s Real=0.01s
[401.071s][info][gc,marking     ] GC(157) Concurrent Mark 691.337ms
[401.071s][info][gc,marking     ] GC(157) Concurrent Rebuild Remembered Sets and Scrub Regions
[401.339s][info][gc,marking     ] GC(157) Concurrent Rebuild Remembered Sets and Scrub Regions 267.968ms
[401.339s][info][gc,start       ] GC(157) Pause Cleanup
[401.339s][info][gc             ] GC(157) Pause Cleanup 2854M->2854M(4096M) 0.132ms
[401.339s][info][gc,cpu         ] GC(157) User=0.00s Sys=0.00s Real=0.00s
[401.339s][info][gc,marking     ] GC(157) Concurrent Clear Claimed Marks
[401.339s][info][gc,marking     ] GC(157) Concurrent Clear Claimed Marks 0.033ms
[401.339s][info][gc,marking     ] GC(157) Concurrent Cleanup for Next Mark
[401.345s][info][gc,marking     ] GC(157) Concurrent Cleanup for Next Mark 5.658ms
[401.345s][info][gc             ] GC(157) Concurrent Mark Cycle 1251.397ms
[401.873s][info][gc,start       ] GC(158) Pause Young (Prepare Mixed) (G1 Evacuation Pause)
[401.873s][info][gc,task        ] GC(158) Using 6 workers of 6 for evacuation
[401.999s][info][gc,phases      ] GC(158)   Pre Evacuate Collection Set: 0.37ms
[401.999s][info][gc,phases      ] GC(158)   Merge Heap Roots: 0.54ms
[401.999s][info][gc,phases      ] GC(158)   Evacuate Collection Set: 123.94ms
[401.999s][info][gc,phases      ] GC(158)   Post Evacuate Collection Set: 0.96ms
[401.999s][info][gc,phases      ] GC(158)   Other: 0.09ms
[401.999s][info][gc,heap        ] GC(158) Eden regions: 1116->0(1068)
[401.999s][info][gc,heap        ] GC(158) Survivor regions: 111->121(154)
[401.999s][info][gc,heap        ] GC(158) Old regions: 530->558
[401.999s][info][gc,heap        ] GC(158) Humongous regions: 77->77
[401.999s][info][gc,metaspace   ] GC(158) Metaspace: 28825K(29184K)->28825K(29184K) NonClass: 23942K(24128K)->23942K(24128K) Class: 4882K(5056K)->4882K(5056K)
[401.999s][info][gc             ] GC(158) Pause Young (Prepare Mixed) (G1 Evacuation Pause) 3666M->1511M(4096M) 126.066ms
[401.999s][info][gc,cpu         ] GC(158) User=0.75s Sys=0.00s Real=0.13s
.[403.430s][info][gc,start       ] GC(159) Pause Young (Mixed) (G1 Evacuation Pause)
[403.430s][info][gc,task        ] GC(159) Using 6 workers of 6 for evacuation
[403.567s][info][gc,phases      ] GC(159)   Pre Evacuate Collection Set: 0.42ms
[403.567s][info][gc,phases      ] GC(159)   Merge Heap Roots: 0.68ms
[403.567s][info][gc,phases      ] GC(159)   Evacuate Collection Set: 134.50ms
[403.567s][info][gc,phases      ] GC(159)   Post Evacuate Collection Set: 0.96ms
[403.567s][info][gc,phases      ] GC(159)   Other: 0.10ms
[403.567s][info][gc,heap        ] GC(159) Eden regions: 1068->0(1165)
[403.567s][info][gc,heap        ] GC(159) Survivor regions: 121->63(149)
[403.567s][info][gc,heap        ] GC(159) Old regions: 558->528
[403.567s][info][gc,heap        ] GC(159) Humongous regions: 77->77
[403.567s][info][gc,metaspace   ] GC(159) Metaspace: 28825K(29184K)->28825K(29184K) NonClass: 23942K(24128K)->23942K(24128K) Class: 4882K(5056K)->4882K(5056K)
[403.567s][info][gc             ] GC(159) Pause Young (Mixed) (G1 Evacuation Pause) 3647M->1335M(4096M) 136.789ms
[403.567s][info][gc,cpu         ] GC(159) User=0.81s Sys=0.00s Real=0.14s
..[405.100s][info][gc,start       ] GC(160) Pause Young (Concurrent Start) (G1 Evacuation Pause)
[405.100s][info][gc,task        ] GC(160) Using 6 workers of 6 for evacuation
[405.197s][info][gc,phases      ] GC(160)   Pre Evacuate Collection Set: 0.37ms
[405.197s][info][gc,phases      ] GC(160)   Merge Heap Roots: 0.48ms
[405.197s][info][gc,phases      ] GC(160)   Evacuate Collection Set: 94.88ms
[405.197s][info][gc,phases      ] GC(160)   Post Evacuate Collection Set: 0.87ms
[405.197s][info][gc,phases      ] GC(160)   Other: 0.12ms
[405.197s][info][gc,heap        ] GC(160) Eden regions: 1165->0(1119)
[405.197s][info][gc,heap        ] GC(160) Survivor regions: 63->109(154)
[405.197s][info][gc,heap        ] GC(160) Old regions: 528->528
[405.197s][info][gc,heap        ] GC(160) Humongous regions: 77->77
[405.197s][info][gc,metaspace   ] GC(160) Metaspace: 28826K(29184K)->28826K(29184K) NonClass: 23943K(24128K)->23943K(24128K) Class: 4882K(5056K)->4882K(5056K)
[405.197s][info][gc             ] GC(160) Pause Young (Concurrent Start) (G1 Evacuation Pause) 3665M->1426M(4096M) 96.857ms
[405.197s][info][gc             ] GC(161) Concurrent Mark Cycle
[405.197s][info][gc,marking     ] GC(161) Concurrent Scan Root Regions
[405.197s][info][gc,cpu         ] GC(160) User=0.57s Sys=0.00s Real=0.10s
[405.342s][info][gc,marking     ] GC(161) Concurrent Scan Root Regions 144.857ms
[405.342s][info][gc,marking     ] GC(161) Concurrent Mark
[405.342s][info][gc,marking     ] GC(161) Concurrent Mark From Roots
[405.342s][info][gc,task        ] GC(161) Using 2 workers of 2 for marking
.[406.567s][info][gc,marking     ] GC(161) Concurrent Mark From Roots 1225.416ms
[406.567s][info][gc,marking     ] GC(161) Concurrent Preclean
[406.567s][info][gc,marking     ] GC(161) Concurrent Preclean 0.079ms
[406.568s][info][gc,start       ] GC(161) Pause Remark
[406.574s][info][gc             ] GC(161) Pause Remark 2588M->2588M(4096M) 5.381ms
[406.574s][info][gc,cpu         ] GC(161) User=0.02s Sys=0.00s Real=0.00s
[406.574s][info][gc,marking     ] GC(161) Concurrent Mark 1232.117ms
[406.574s][info][gc,marking     ] GC(161) Concurrent Rebuild Remembered Sets and Scrub Regions
.[407.448s][info][gc,marking     ] GC(161) Concurrent Rebuild Remembered Sets and Scrub Regions 873.908ms
[407.448s][info][gc,start       ] GC(162) Pause Young (Normal) (G1 Evacuation Pause)
[407.448s][info][gc,task        ] GC(162) Using 6 workers of 6 for evacuation
[407.564s][info][gc,phases      ] GC(162)   Pre Evacuate Collection Set: 0.38ms
[407.564s][info][gc,phases      ] GC(162)   Merge Heap Roots: 0.49ms
[407.564s][info][gc,phases      ] GC(162)   Evacuate Collection Set: 114.00ms
[407.564s][info][gc,phases      ] GC(162)   Post Evacuate Collection Set: 0.99ms
[407.564s][info][gc,phases      ] GC(162)   Other: 0.09ms
[407.564s][info][gc,heap        ] GC(162) Eden regions: 1119->0(1087)
[407.564s][info][gc,heap        ] GC(162) Survivor regions: 109->111(154)
[407.564s][info][gc,heap        ] GC(162) Old regions: 528->559
[407.564s][info][gc,heap        ] GC(162) Humongous regions: 77->77
[407.564s][info][gc,metaspace   ] GC(162) Metaspace: 28826K(29184K)->28826K(29184K) NonClass: 23943K(24128K)->23943K(24128K) Class: 4882K(5056K)->4882K(5056K)
[407.564s][info][gc             ] GC(162) Pause Young (Normal) (G1 Evacuation Pause) 3664M->1492M(4096M) 116.059ms
[407.564s][info][gc,cpu         ] GC(162) User=0.68s Sys=0.01s Real=0.11s
[407.564s][info][gc,start       ] GC(161) Pause Cleanup
[407.565s][info][gc             ] GC(161) Pause Cleanup 1495M->1495M(4096M) 0.103ms
[407.565s][info][gc,cpu         ] GC(161) User=0.00s Sys=0.00s Real=0.00s
[407.565s][info][gc,marking     ] GC(161) Concurrent Clear Claimed Marks
[407.565s][info][gc,marking     ] GC(161) Concurrent Clear Claimed Marks 0.043ms
[407.565s][info][gc,marking     ] GC(161) Concurrent Cleanup for Next Mark
[407.595s][info][gc,marking     ] GC(161) Concurrent Cleanup for Next Mark 30.533ms
[407.595s][info][gc             ] GC(161) Concurrent Mark Cycle 2398.372ms
.[409.172s][info][gc,start       ] GC(163) Pause Young (Prepare Mixed) (G1 Evacuation Pause)
[409.172s][info][gc,task        ] GC(163) Using 6 workers of 6 for evacuation
[409.287s][info][gc,phases      ] GC(163)   Pre Evacuate Collection Set: 0.41ms
[409.287s][info][gc,phases      ] GC(163)   Merge Heap Roots: 0.50ms
[409.287s][info][gc,phases      ] GC(163)   Evacuate Collection Set: 112.26ms
[409.287s][info][gc,phases      ] GC(163)   Post Evacuate Collection Set: 0.96ms
[409.287s][info][gc,phases      ] GC(163)   Other: 0.09ms
[409.287s][info][gc,heap        ] GC(163) Eden regions: 1087->0(1070)
[409.287s][info][gc,heap        ] GC(163) Survivor regions: 111->101(150)
[409.287s][info][gc,heap        ] GC(163) Old regions: 559->596
[409.287s][info][gc,heap        ] GC(163) Humongous regions: 77->77
[409.287s][info][gc,metaspace   ] GC(163) Metaspace: 28826K(29184K)->28826K(29184K) NonClass: 23943K(24128K)->23943K(24128K) Class: 4882K(5056K)->4882K(5056K)
[409.287s][info][gc             ] GC(163) Pause Young (Prepare Mixed) (G1 Evacuation Pause) 3666M->1545M(4096M) 114.352ms
[409.287s][info][gc,cpu         ] GC(163) User=0.67s Sys=0.00s Real=0.11s
.[410.530s][info][gc,start       ] GC(164) Pause Young (Mixed) (G1 Evacuation Pause)
[410.530s][info][gc,task        ] GC(164) Using 6 workers of 6 for evacuation
[410.688s][info][gc,phases      ] GC(164)   Pre Evacuate Collection Set: 0.39ms
[410.688s][info][gc,phases      ] GC(164)   Merge Heap Roots: 0.79ms
[410.688s][info][gc,phases      ] GC(164)   Evacuate Collection Set: 155.70ms
[410.688s][info][gc,phases      ] GC(164)   Post Evacuate Collection Set: 0.97ms
[410.688s][info][gc,phases      ] GC(164)   Other: 0.09ms
[410.688s][info][gc,heap        ] GC(164) Eden regions: 1070->0(1098)
[410.688s][info][gc,heap        ] GC(164) Survivor regions: 101->130(147)
[410.688s][info][gc,heap        ] GC(164) Old regions: 596->503
[410.688s][info][gc,heap        ] GC(164) Humongous regions: 77->77
[410.688s][info][gc,metaspace   ] GC(164) Metaspace: 28826K(29184K)->28826K(29184K) NonClass: 23943K(24128K)->23943K(24128K) Class: 4882K(5056K)->4882K(5056K)
[410.688s][info][gc             ] GC(164) Pause Young (Mixed) (G1 Evacuation Pause) 3685M->1418M(4096M) 158.078ms
[410.688s][info][gc,cpu         ] GC(164) User=0.94s Sys=0.00s Real=0.16s
.[412.126s][info][gc,start       ] GC(165) Pause Young (Concurrent Start) (G1 Evacuation Pause)
[412.126s][info][gc,task        ] GC(165) Using 6 workers of 6 for evacuation
[412.269s][info][gc,phases      ] GC(165)   Pre Evacuate Collection Set: 0.43ms
[412.269s][info][gc,phases      ] GC(165)   Merge Heap Roots: 0.50ms
[412.269s][info][gc,phases      ] GC(165)   Evacuate Collection Set: 141.15ms
[412.269s][info][gc,phases      ] GC(165)   Post Evacuate Collection Set: 0.89ms
[412.269s][info][gc,phases      ] GC(165)   Other: 0.13ms
[412.269s][info][gc,heap        ] GC(165) Eden regions: 1098->0(1110)
[412.269s][info][gc,heap        ] GC(165) Survivor regions: 130->77(154)
[412.269s][info][gc,heap        ] GC(165) Old regions: 503->585
[412.269s][info][gc,heap        ] GC(165) Humongous regions: 77->77
[412.269s][info][gc,metaspace   ] GC(165) Metaspace: 28826K(29184K)->28826K(29184K) NonClass: 23943K(24128K)->23943K(24128K) Class: 4882K(5056K)->4882K(5056K)
[412.269s][info][gc             ] GC(165) Pause Young (Concurrent Start) (G1 Evacuation Pause) 3614M->1476M(4096M) 143.229ms
[412.269s][info][gc             ] GC(166) Concurrent Mark Cycle
[412.269s][info][gc,cpu         ] GC(165) User=0.85s Sys=0.00s Real=0.15s
[412.269s][info][gc,marking     ] GC(166) Concurrent Scan Root Regions
[412.477s][info][gc,marking     ] GC(166) Concurrent Scan Root Regions 207.132ms
[412.477s][info][gc,marking     ] GC(166) Concurrent Mark
[412.477s][info][gc,marking     ] GC(166) Concurrent Mark From Roots
[412.477s][info][gc,task        ] GC(166) Using 2 workers of 2 for marking
..[413.944s][info][gc,start       ] GC(167) Pause Young (Normal) (G1 Evacuation Pause)
[413.944s][info][gc,task        ] GC(167) Using 6 workers of 6 for evacuation
[414.063s][info][gc,phases      ] GC(167)   Pre Evacuate Collection Set: 0.33ms
[414.063s][info][gc,phases      ] GC(167)   Merge Heap Roots: 0.49ms
[414.063s][info][gc,phases      ] GC(167)   Evacuate Collection Set: 117.47ms
[414.063s][info][gc,phases      ] GC(167)   Post Evacuate Collection Set: 0.89ms
[414.063s][info][gc,phases      ] GC(167)   Other: 0.08ms
[414.063s][info][gc,heap        ] GC(167) Eden regions: 1110->0(1053)
[414.063s][info][gc,heap        ] GC(167) Survivor regions: 77->89(149)
[414.063s][info][gc,heap        ] GC(167) Old regions: 585->628
[414.063s][info][gc,heap        ] GC(167) Humongous regions: 80->80
[414.063s][info][gc,metaspace   ] GC(167) Metaspace: 28826K(29184K)->28826K(29184K) NonClass: 23943K(24128K)->23943K(24128K) Class: 4882K(5056K)->4882K(5056K)
[414.063s][info][gc             ] GC(167) Pause Young (Normal) (G1 Evacuation Pause) 3702M->1592M(4096M) 119.390ms
[414.063s][info][gc,cpu         ] GC(167) User=0.70s Sys=0.00s Real=0.12s
[414.458s][info][gc,marking     ] GC(166) Concurrent Mark From Roots 1981.889ms
[414.459s][info][gc,marking     ] GC(166) Concurrent Preclean
[414.459s][info][gc,marking     ] GC(166) Concurrent Preclean 0.069ms
[414.460s][info][gc,start       ] GC(166) Pause Remark
[414.470s][info][gc             ] GC(166) Pause Remark 2136M->2136M(4096M) 9.637ms
[414.470s][info][gc,cpu         ] GC(166) User=0.05s Sys=0.00s Real=0.01s
[414.470s][info][gc,marking     ] GC(166) Concurrent Mark 1993.900ms
[414.470s][info][gc,marking     ] GC(166) Concurrent Rebuild Remembered Sets and Scrub Regions
.[414.964s][info][gc,marking     ] GC(166) Concurrent Rebuild Remembered Sets and Scrub Regions 493.281ms
[414.964s][info][gc,start       ] GC(166) Pause Cleanup
[414.964s][info][gc             ] GC(166) Pause Cleanup 2650M->2650M(4096M) 0.180ms
[414.964s][info][gc,cpu         ] GC(166) User=0.00s Sys=0.00s Real=0.00s
[414.967s][info][gc,marking     ] GC(166) Concurrent Clear Claimed Marks
[414.967s][info][gc,marking     ] GC(166) Concurrent Clear Claimed Marks 0.080ms
[414.967s][info][gc,marking     ] GC(166) Concurrent Cleanup for Next Mark
[414.973s][info][gc,marking     ] GC(166) Concurrent Cleanup for Next Mark 5.796ms
[414.973s][info][gc             ] GC(166) Concurrent Mark Cycle 2703.610ms
[415.758s][info][gc,start       ] GC(168) Pause Young (Prepare Mixed) (G1 Evacuation Pause)
[415.758s][info][gc,task        ] GC(168) Using 6 workers of 6 for evacuation
[415.914s][info][gc,phases      ] GC(168)   Pre Evacuate Collection Set: 0.36ms
[415.914s][info][gc,phases      ] GC(168)   Merge Heap Roots: 0.52ms
[415.914s][info][gc,phases      ] GC(168)   Evacuate Collection Set: 154.64ms
[415.914s][info][gc,phases      ] GC(168)   Post Evacuate Collection Set: 0.92ms
[415.914s][info][gc,phases      ] GC(168)   Other: 0.09ms
[415.914s][info][gc,heap        ] GC(168) Eden regions: 1053->0(1024)
[415.914s][info][gc,heap        ] GC(168) Survivor regions: 89->69(143)
[415.914s][info][gc,heap        ] GC(168) Old regions: 628->685
[415.914s][info][gc,heap        ] GC(168) Humongous regions: 80->80
[415.914s][info][gc,metaspace   ] GC(168) Metaspace: 28826K(29184K)->28826K(29184K) NonClass: 23943K(24128K)->23943K(24128K) Class: 4882K(5056K)->4882K(5056K)
[415.914s][info][gc             ] GC(168) Pause Young (Prepare Mixed) (G1 Evacuation Pause) 3698M->1666M(4096M) 156.680ms
[415.914s][info][gc,cpu         ] GC(168) User=0.70s Sys=0.00s Real=0.15s
..[417.528s][info][gc,start       ] GC(169) Pause Young (Mixed) (G1 Evacuation Pause)
[417.528s][info][gc,task        ] GC(169) Using 6 workers of 6 for evacuation
[417.651s][info][gc,phases      ] GC(169)   Pre Evacuate Collection Set: 0.38ms
[417.651s][info][gc,phases      ] GC(169)   Merge Heap Roots: 0.59ms
[417.651s][info][gc,phases      ] GC(169)   Evacuate Collection Set: 121.05ms
[417.651s][info][gc,phases      ] GC(169)   Post Evacuate Collection Set: 0.94ms
[417.651s][info][gc,phases      ] GC(169)   Other: 0.09ms
[417.651s][info][gc,heap        ] GC(169) Eden regions: 1024->0(1079)
[417.651s][info][gc,heap        ] GC(169) Survivor regions: 69->113(137)
[417.651s][info][gc,heap        ] GC(169) Old regions: 685->560
[417.651s][info][gc,heap        ] GC(169) Humongous regions: 80->80
[417.651s][info][gc,metaspace   ] GC(169) Metaspace: 28826K(29184K)->28826K(29184K) NonClass: 23943K(24128K)->23943K(24128K) Class: 4882K(5056K)->4882K(5056K)
[417.651s][info][gc             ] GC(169) Pause Young (Mixed) (G1 Evacuation Pause) 3714M->1503M(4096M) 123.192ms
[417.651s][info][gc,cpu         ] GC(169) User=0.73s Sys=0.00s Real=0.12s
.[419.216s][info][gc,start       ] GC(170) Pause Young (Concurrent Start) (G1 Evacuation Pause)
[419.216s][info][gc,task        ] GC(170) Using 6 workers of 6 for evacuation
[419.347s][info][gc,phases      ] GC(170)   Pre Evacuate Collection Set: 0.38ms
[419.347s][info][gc,phases      ] GC(170)   Merge Heap Roots: 0.47ms
[419.347s][info][gc,phases      ] GC(170)   Evacuate Collection Set: 129.15ms
[419.347s][info][gc,phases      ] GC(170)   Post Evacuate Collection Set: 0.97ms
[419.347s][info][gc,phases      ] GC(170)   Other: 0.12ms
[419.347s][info][gc,heap        ] GC(170) Eden regions: 1079->0(1054)
[419.347s][info][gc,heap        ] GC(170) Survivor regions: 113->109(149)
[419.347s][info][gc,heap        ] GC(170) Old regions: 560->593
[419.347s][info][gc,heap        ] GC(170) Humongous regions: 80->80
[419.347s][info][gc,metaspace   ] GC(170) Metaspace: 28826K(29184K)->28826K(29184K) NonClass: 23943K(24128K)->23943K(24128K) Class: 4882K(5056K)->4882K(5056K)
[419.347s][info][gc             ] GC(170) Pause Young (Concurrent Start) (G1 Evacuation Pause) 3661M->1563M(4096M) 131.240ms
[419.347s][info][gc             ] GC(171) Concurrent Mark Cycle
[419.347s][info][gc,marking     ] GC(171) Concurrent Scan Root Regions
[419.347s][info][gc,cpu         ] GC(170) User=0.77s Sys=0.00s Real=0.14s
.[419.589s][info][gc,marking     ] GC(171) Concurrent Scan Root Regions 242.439ms
[419.589s][info][gc,marking     ] GC(171) Concurrent Mark
[419.589s][info][gc,marking     ] GC(171) Concurrent Mark From Roots
[419.589s][info][gc,task        ] GC(171) Using 2 workers of 2 for marking
.[421.485s][info][gc,start       ] GC(172) Pause Young (Normal) (G1 Evacuation Pause)
[421.485s][info][gc,task        ] GC(172) Using 6 workers of 6 for evacuation
[421.601s][info][gc,phases      ] GC(172)   Pre Evacuate Collection Set: 0.36ms
[421.601s][info][gc,phases      ] GC(172)   Merge Heap Roots: 0.49ms
[421.601s][info][gc,phases      ] GC(172)   Evacuate Collection Set: 113.56ms
[421.601s][info][gc,phases      ] GC(172)   Post Evacuate Collection Set: 0.88ms
[421.601s][info][gc,phases      ] GC(172)   Other: 0.88ms
[421.601s][info][gc,heap        ] GC(172) Eden regions: 1054->0(1025)
[421.601s][info][gc,heap        ] GC(172) Survivor regions: 109->108(146)
[421.601s][info][gc,heap        ] GC(172) Old regions: 593->624
[421.601s][info][gc,heap        ] GC(172) Humongous regions: 80->80
[421.601s][info][gc,metaspace   ] GC(172) Metaspace: 28827K(29184K)->28827K(29184K) NonClass: 23944K(24128K)->23944K(24128K) Class: 4882K(5056K)->4882K(5056K)
[421.601s][info][gc             ] GC(172) Pause Young (Normal) (G1 Evacuation Pause) 3671M->1621M(4096M) 116.297ms
[421.601s][info][gc,cpu         ] GC(172) User=0.68s Sys=0.00s Real=0.12s
[421.672s][info][gc,marking     ] GC(171) Concurrent Mark From Roots 2083.008ms
[421.673s][info][gc,marking     ] GC(171) Concurrent Preclean
[421.673s][info][gc,marking     ] GC(171) Concurrent Preclean 0.069ms
[421.673s][info][gc,start       ] GC(171) Pause Remark
[421.678s][info][gc             ] GC(171) Pause Remark 1710M->1706M(4096M) 5.704ms
[421.678s][info][gc,cpu         ] GC(171) User=0.04s Sys=0.00s Real=0.01s
[421.679s][info][gc,marking     ] GC(171) Concurrent Mark 2089.089ms
[421.679s][info][gc,marking     ] GC(171) Concurrent Rebuild Remembered Sets and Scrub Regions
.[422.058s][info][gc,marking     ] GC(171) Concurrent Rebuild Remembered Sets and Scrub Regions 379.284ms
[422.058s][info][gc,start       ] GC(171) Pause Cleanup
[422.058s][info][gc             ] GC(171) Pause Cleanup 2089M->2089M(4096M) 0.182ms
[422.058s][info][gc,cpu         ] GC(171) User=0.00s Sys=0.00s Real=0.00s
[422.059s][info][gc,marking     ] GC(171) Concurrent Clear Claimed Marks
[422.059s][info][gc,marking     ] GC(171) Concurrent Clear Claimed Marks 0.034ms
[422.059s][info][gc,marking     ] GC(171) Concurrent Cleanup for Next Mark
[422.259s][info][gc,marking     ] GC(171) Concurrent Cleanup for Next Mark 200.087ms
[422.259s][info][gc             ] GC(171) Concurrent Mark Cycle 2911.943ms
[423.029s][info][gc,start       ] GC(173) Pause Young (Prepare Mixed) (G1 Evacuation Pause)
[423.029s][info][gc,task        ] GC(173) Using 6 workers of 6 for evacuation
[423.156s][info][gc,phases      ] GC(173)   Pre Evacuate Collection Set: 0.36ms
[423.156s][info][gc,phases      ] GC(173)   Merge Heap Roots: 0.47ms
[423.156s][info][gc,phases      ] GC(173)   Evacuate Collection Set: 124.49ms
[423.156s][info][gc,phases      ] GC(173)   Post Evacuate Collection Set: 0.91ms
[423.156s][info][gc,phases      ] GC(173)   Other: 0.09ms
[423.156s][info][gc,heap        ] GC(173) Eden regions: 1025->0(971)
[423.156s][info][gc,heap        ] GC(173) Survivor regions: 108->120(142)
[423.156s][info][gc,heap        ] GC(173) Old regions: 622->654
[423.156s][info][gc,heap        ] GC(173) Humongous regions: 80->80
[423.156s][info][gc,metaspace   ] GC(173) Metaspace: 28828K(29184K)->28828K(29184K) NonClass: 23945K(24128K)->23945K(24128K) Class: 4882K(5056K)->4882K(5056K)
[423.156s][info][gc             ] GC(173) Pause Young (Prepare Mixed) (G1 Evacuation Pause) 3667M->1707M(4096M) 126.458ms
[423.156s][info][gc,cpu         ] GC(173) User=0.74s Sys=0.00s Real=0.12s
. (rIR:aIR:PR = 11548:11076:10572) (tPR = 156556) [PR is under limit] 
   423s: Re-initializing (term[424.298s][info][gc,start       ] GC(174) Pause Young (Mixed) (G1 Evacuation Pause)
[424.298s][info][gc,task        ] GC(174) Using 6 workers of 6 for evacuation
[424.445s][info][gc,phases      ] GC(174)   Pre Evacuate Collection Set: 0.43ms
[424.445s][info][gc,phases      ] GC(174)   Merge Heap Roots: 0.55ms
[424.445s][info][gc,phases      ] GC(174)   Evacuate Collection Set: 136.07ms
[424.445s][info][gc,phases      ] GC(174)   Merge Optional Heap Roots: 0.19ms
[424.445s][info][gc,phases      ] GC(174)   Evacuate Optional Collection Set: 8.11ms
[424.445s][info][gc,phases      ] GC(174)   Post Evacuate Collection Set: 1.10ms
[424.445s][info][gc,phases      ] GC(174)   Other: 0.11ms
[424.445s][info][gc,heap        ] GC(174) Eden regions: 971->0(1133)
[424.445s][info][gc,heap        ] GC(174) Survivor regions: 120->73(137)
[424.445s][info][gc,heap        ] GC(174) Old regions: 654->556
[424.445s][info][gc,heap        ] GC(174) Humongous regions: 80->80
[424.445s][info][gc,metaspace   ] GC(174) Metaspace: 28830K(29184K)->28830K(29184K) NonClass: 23948K(24128K)->23948K(24128K) Class: 4882K(5056K)->4882K(5056K)
[424.445s][info][gc             ] GC(174) Pause Young (Mixed) (G1 Evacuation Pause) 3649M->1417M(4096M) 146.692ms
[424.445s][info][gc,cpu         ] GC(174) User=0.87s Sys=0.00s Real=0.14s
[425.734s][info][gc,start       ] GC(175) Pause Young (Mixed) (G1 Evacuation Pause)
[425.734s][info][gc,task        ] GC(175) Using 6 workers of 6 for evacuation
[425.893s][info][gc,phases      ] GC(175)   Pre Evacuate Collection Set: 0.36ms
[425.893s][info][gc,phases      ] GC(175)   Merge Heap Roots: 0.60ms
[425.893s][info][gc,phases      ] GC(175)   Evacuate Collection Set: 156.30ms
[425.893s][info][gc,phases      ] GC(175)   Post Evacuate Collection Set: 1.00ms
[425.893s][info][gc,phases      ] GC(175)   Other: 0.09ms
[425.893s][info][gc,heap        ] GC(175) Eden regions: 1133->0(1057)
[425.893s][info][gc,heap        ] GC(175) Survivor regions: 73->128(151)
[425.893s][info][gc,heap        ] GC(175) Old regions: 556->552
[425.893s][info][gc,heap        ] GC(175) Humongous regions: 80->80
[425.893s][info][gc,metaspace   ] GC(175) Metaspace: 28830K(29184K)->28830K(29184K) NonClass: 23948K(24128K)->23948K(24128K) Class: 4882K(5056K)->4882K(5056K)
[425.893s][info][gc             ] GC(175) Pause Young (Mixed) (G1 Evacuation Pause) 3683M->1519M(4096M) 158.496ms
[425.893s][info][gc,cpu         ] GC(175) User=0.70s Sys=0.00s Real=0.16s
) [427.102s][info][gc,start       ] GC(176) Pause Full (System.gc())
[427.102s][info][gc,task        ] GC(176) Using 6 workers of 6 for full compaction
[427.102s][info][gc,phases,start] GC(176) Phase 1: Mark live objects
[427.119s][info][gc,phases      ] GC(176) Phase 1: Mark live objects 16.946ms
[427.119s][info][gc,phases,start] GC(176) Phase 2: Prepare compaction
[427.123s][info][gc,phases      ] GC(176) Phase 2: Prepare compaction 3.402ms
[427.123s][info][gc,phases,start] GC(176) Phase 3: Adjust pointers
[427.130s][info][gc,phases      ] GC(176) Phase 3: Adjust pointers 7.640ms
[427.130s][info][gc,phases,start] GC(176) Phase 4: Compact heap
[427.134s][info][gc,phases      ] GC(176) Phase 4: Compact heap 3.730ms
[427.134s][info][gc,phases,start] GC(176) Phase 5: Reset Metadata
[427.139s][info][gc,phases      ] GC(176) Phase 5: Reset Metadata 4.892ms
[427.145s][info][gc,heap        ] GC(176) Eden regions: 956->0(1228)
[427.145s][info][gc,heap        ] GC(176) Survivor regions: 128->0(151)
[427.145s][info][gc,heap        ] GC(176) Old regions: 552->35
[427.145s][info][gc,heap        ] GC(176) Humongous regions: 80->66
[427.145s][info][gc,metaspace   ] GC(176) Metaspace: 28831K(29184K)->28831K(29184K) NonClass: 23948K(24128K)->23948K(24128K) Class: 4882K(5056K)->4882K(5056K)
[427.145s][info][gc             ] GC(176) Pause Full (System.gc()) 3430M->194M(4096M) 43.444ms
[427.145s][info][gc,cpu         ] GC(176) User=0.23s Sys=0.01s Real=0.04s
(init) ... OK
   431s: high-bound for max-jOPS is measured to be 13837
   431s: 
   431s: Restarting (term) [431.394s][info][gc,start       ] GC(177) Pause Full (System.gc())
[431.394s][info][gc,task        ] GC(177) Using 6 workers of 6 for full compaction
[431.395s][info][gc,phases,start] GC(177) Phase 1: Mark live objects
[431.410s][info][gc,phases      ] GC(177) Phase 1: Mark live objects 15.554ms
[431.410s][info][gc,phases,start] GC(177) Phase 2: Prepare compaction
[431.413s][info][gc,phases      ] GC(177) Phase 2: Prepare compaction 2.347ms
[431.413s][info][gc,phases,start] GC(177) Phase 3: Adjust pointers
[431.420s][info][gc,phases      ] GC(177) Phase 3: Adjust pointers 7.407ms
[431.420s][info][gc,phases,start] GC(177) Phase 4: Compact heap
[431.423s][info][gc,phases      ] GC(177) Phase 4: Compact heap 2.428ms
[431.423s][info][gc,phases,start] GC(177) Phase 5: Reset Metadata
[431.428s][info][gc,phases      ] GC(177) Phase 5: Reset Metadata 4.915ms
[431.435s][info][gc,heap        ] GC(177) Eden regions: 960->0(1228)
[431.435s][info][gc,heap        ] GC(177) Survivor regions: 0->0(151)
[431.435s][info][gc,heap        ] GC(177) Old regions: 35->35
[431.435s][info][gc,heap        ] GC(177) Humongous regions: 163->66
[431.435s][info][gc,metaspace   ] GC(177) Metaspace: 28836K(29184K)->28836K(29184K) NonClass: 23954K(24128K)->23954K(24128K) Class: 4882K(5056K)->4882K(5056K)
[431.435s][info][gc             ] GC(177) Pause Full (System.gc()) 2307M->194M(4096M) 40.227ms
[431.435s][info][gc,cpu         ] GC(177) User=0.21s Sys=0.01s Real=0.04s
(init) ... OK
   435s: 
   435s: Warmup for building throughput-responsetime curve
   435s: (10%)   IR =   1384 ..[438.569s][info][gc,start       ] GC(178) Pause Young (Normal) (G1 Evacuation Pause)
[438.569s][info][gc,task        ] GC(178) Using 6 workers of 6 for evacuation
[439.051s][info][gc,mmu         ] GC(178) MMU target violated: 201.0ms (200.0ms/201.0ms)
[439.051s][info][gc,phases      ] GC(178)   Pre Evacuate Collection Set: 0.35ms
[439.051s][info][gc,phases      ] GC(178)   Merge Heap Roots: 0.53ms
[439.051s][info][gc,phases      ] GC(178)   Evacuate Collection Set: 479.67ms
[439.051s][info][gc,phases      ] GC(178)   Post Evacuate Collection Set: 1.12ms
[439.051s][info][gc,phases      ] GC(178)   Other: 0.13ms
[439.051s][info][gc,heap        ] GC(178) Eden regions: 1228->0(352)
[439.051s][info][gc,heap        ] GC(178) Survivor regions: 0->154(154)
[439.051s][info][gc,heap        ] GC(178) Old regions: 35->343
[439.051s][info][gc,heap        ] GC(178) Humongous regions: 163->155
[439.051s][info][gc,metaspace   ] GC(178) Metaspace: 28838K(29184K)->28838K(29184K) NonClass: 23955K(24128K)->23955K(24128K) Class: 4882K(5056K)->4882K(5056K)
[439.051s][info][gc             ] GC(178) Pause Young (Normal) (G1 Evacuation Pause) 2844M->1296M(4096M) 481.922ms
[439.051s][info][gc,cpu         ] GC(178) User=2.85s Sys=0.00s Real=0.48s
...[441.793s][info][gc,start       ] GC(179) Pause Young (Concurrent Start) (G1 Evacuation Pause)
[441.793s][info][gc,task        ] GC(179) Using 6 workers of 6 for evacuation
[441.976s][info][gc,phases      ] GC(179)   Pre Evacuate Collection Set: 0.41ms
[441.976s][info][gc,phases      ] GC(179)   Merge Heap Roots: 0.49ms
[441.976s][info][gc,phases      ] GC(179)   Evacuate Collection Set: 182.17ms
[441.976s][info][gc,phases      ] GC(179)   Post Evacuate Collection Set: 0.48ms
[441.976s][info][gc,phases      ] GC(179)   Other: 0.10ms
[441.976s][info][gc,heap        ] GC(179) Eden regions: 349->0(734)
[441.976s][info][gc,heap        ] GC(179) Survivor regions: 154->22(63)
[441.976s][info][gc,heap        ] GC(179) Old regions: 343->498
[441.976s][info][gc,heap        ] GC(179) Humongous regions: 155->155
[441.976s][info][gc,metaspace   ] GC(179) Metaspace: 28838K(29184K)->28838K(29184K) NonClass: 23955K(24128K)->23955K(24128K) Class: 4882K(5056K)->4882K(5056K)
[441.976s][info][gc             ] GC(179) Pause Young (Concurrent Start) (G1 Evacuation Pause) 1994M->1341M(4096M) 183.784ms
[441.976s][info][gc             ] GC(180) Concurrent Mark Cycle
[441.976s][info][gc,marking     ] GC(180) Concurrent Scan Root Regions
[441.976s][info][gc,cpu         ] GC(179) User=1.08s Sys=0.00s Real=0.18s
.[442.097s][info][gc,marking     ] GC(180) Concurrent Scan Root Regions 120.343ms
[442.097s][info][gc,marking     ] GC(180) Concurrent Mark
[442.097s][info][gc,marking     ] GC(180) Concurrent Mark From Roots
[442.097s][info][gc,task        ] GC(180) Using 2 workers of 2 for marking
[442.539s][info][gc,marking     ] GC(180) Concurrent Mark From Roots 442.092ms
[442.539s][info][gc,marking     ] GC(180) Concurrent Preclean
[442.539s][info][gc,marking     ] GC(180) Concurrent Preclean 0.046ms
[442.539s][info][gc,start       ] GC(180) Pause Remark
[442.543s][info][gc             ] GC(180) Pause Remark 1519M->1335M(4096M) 3.508ms
[442.543s][info][gc,cpu         ] GC(180) User=0.02s Sys=0.00s Real=0.00s
[442.543s][info][gc,marking     ] GC(180) Concurrent Mark 445.911ms
[442.543s][info][gc,marking     ] GC(180) Concurrent Rebuild Remembered Sets and Scrub Regions
[442.815s][info][gc,marking     ] GC(180) Concurrent Rebuild Remembered Sets and Scrub Regions 271.826ms
[442.815s][info][gc,start       ] GC(180) Pause Cleanup
[442.815s][info][gc             ] GC(180) Pause Cleanup 1416M->1416M(4096M) 0.771ms
[442.815s][info][gc,cpu         ] GC(180) User=0.00s Sys=0.00s Real=0.00s
[442.815s][info][gc,marking     ] GC(180) Concurrent Clear Claimed Marks
[442.816s][info][gc,marking     ] GC(180) Concurrent Clear Claimed Marks 0.032ms
[442.816s][info][gc,marking     ] GC(180) Concurrent Cleanup for Next Mark
[442.819s][info][gc,marking     ] GC(180) Concurrent Cleanup for Next Mark 3.285ms
[442.819s][info][gc             ] GC(180) Concurrent Mark Cycle 842.510ms
......[448.428s][info][gc,start       ] GC(181) Pause Young (Prepare Mixed) (G1 Evacuation Pause)
[448.428s][info][gc,task        ] GC(181) Using 6 workers of 6 for evacuation
[448.489s][info][gc,phases      ] GC(181)   Pre Evacuate Collection Set: 0.37ms
[448.489s][info][gc,phases      ] GC(181)   Merge Heap Roots: 0.59ms
[448.489s][info][gc,phases      ] GC(181)   Evacuate Collection Set: 59.30ms
[448.489s][info][gc,phases      ] GC(181)   Post Evacuate Collection Set: 0.60ms
[448.489s][info][gc,phases      ] GC(181)   Other: 0.07ms
[448.489s][info][gc,heap        ] GC(181) Eden regions: 779->0(749)
[448.489s][info][gc,heap        ] GC(181) Survivor regions: 22->58(101)
[448.489s][info][gc,heap        ] GC(181) Old regions: 486->486
[448.489s][info][gc,heap        ] GC(181) Humongous regions: 75->75
[448.489s][info][gc,metaspace   ] GC(181) Metaspace: 28838K(29184K)->28838K(29184K) NonClass: 23956K(24128K)->23956K(24128K) Class: 4882K(5056K)->4882K(5056K)
[448.489s][info][gc             ] GC(181) Pause Young (Prepare Mixed) (G1 Evacuation Pause) 2715M->1230M(4096M) 61.116ms
[448.489s][info][gc,cpu         ] GC(181) User=0.36s Sys=0.00s Real=0.06s
......[454.999s][info][gc,start       ] GC(182) Pause Young (Mixed) (G1 Evacuation Pause)
[454.999s][info][gc,task        ] GC(182) Using 6 workers of 6 for evacuation
[455.079s][info][gc,phases      ] GC(182)   Pre Evacuate Collection Set: 0.36ms
[455.079s][info][gc,phases      ] GC(182)   Merge Heap Roots: 0.44ms
[455.079s][info][gc,phases      ] GC(182)   Evacuate Collection Set: 78.69ms
[455.079s][info][gc,phases      ] GC(182)   Post Evacuate Collection Set: 0.72ms
[455.079s][info][gc,phases      ] GC(182)   Other: 0.08ms
[455.079s][info][gc,heap        ] GC(182) Eden regions: 777->0(926)
[455.079s][info][gc,heap        ] GC(182) Survivor regions: 58->75(105)
[455.079s][info][gc,heap        ] GC(182) Old regions: 486->500
[455.079s][info][gc,heap        ] GC(182) Humongous regions: 75->75
[455.079s][info][gc,metaspace   ] GC(182) Metaspace: 28838K(29184K)->28838K(29184K) NonClass: 23956K(24128K)->23956K(24128K) Class: 4882K(5056K)->4882K(5056K)
[455.079s][info][gc             ] GC(182) Pause Young (Mixed) (G1 Evacuation Pause) 2784M->1291M(4096M) 80.414ms
[455.079s][info][gc,cpu         ] GC(182) User=0.48s Sys=0.00s Real=0.08s
.........[463.195s][info][gc,start       ] GC(183) Pause Young (Mixed) (G1 Evacuation Pause)
[463.195s][info][gc,task        ] GC(183) Using 6 workers of 6 for evacuation
[463.290s][info][gc,phases      ] GC(183)   Pre Evacuate Collection Set: 0.35ms
[463.290s][info][gc,phases      ] GC(183)   Merge Heap Roots: 0.38ms
[463.290s][info][gc,phases      ] GC(183)   Evacuate Collection Set: 93.34ms
[463.290s][info][gc,phases      ] GC(183)   Post Evacuate Collection Set: 0.78ms
[463.290s][info][gc,phases      ] GC(183)   Other: 0.08ms
[463.290s][info][gc,heap        ] GC(183) Eden regions: 955->0(1057)
[463.290s][info][gc,heap        ] GC(183) Survivor regions: 75->82(129)
[463.290s][info][gc,heap        ] GC(183) Old regions: 500->527
[463.290s][info][gc,heap        ] GC(183) Humongous regions: 75->75
[463.290s][info][gc,metaspace   ] GC(183) Metaspace: 28838K(29184K)->28838K(29184K) NonClass: 23956K(24128K)->23956K(24128K) Class: 4882K(5056K)->4882K(5056K)
[463.290s][info][gc             ] GC(183) Pause Young (Mixed) (G1 Evacuation Pause) 3201M->1359M(4096M) 95.055ms
[463.290s][info][gc,cpu         ] GC(183) User=0.56s Sys=0.00s Real=0.10s
.........[472.350s][info][gc,start       ] GC(184) Pause Young (Mixed) (G1 Evacuation Pause)
[472.351s][info][gc,task        ] GC(184) Using 6 workers of 6 for evacuation
[472.455s][info][gc,phases      ] GC(184)   Pre Evacuate Collection Set: 0.37ms
[472.455s][info][gc,phases      ] GC(184)   Merge Heap Roots: 0.41ms
[472.455s][info][gc,phases      ] GC(184)   Evacuate Collection Set: 102.80ms
[472.455s][info][gc,phases      ] GC(184)   Post Evacuate Collection Set: 0.95ms
[472.455s][info][gc,phases      ] GC(184)   Other: 0.09ms
[472.455s][info][gc,heap        ] GC(184) Eden regions: 1057->0(1023)
[472.455s][info][gc,heap        ] GC(184) Survivor regions: 82->92(143)
[472.455s][info][gc,heap        ] GC(184) Old regions: 527->550
[472.455s][info][gc,heap        ] GC(184) Humongous regions: 77->77
[472.455s][info][gc,metaspace   ] GC(184) Metaspace: 28839K(29184K)->28839K(29184K) NonClass: 23956K(24128K)->23956K(24128K) Class: 4882K(5056K)->4882K(5056K)
[472.455s][info][gc             ] GC(184) Pause Young (Mixed) (G1 Evacuation Pause) 3477M->1434M(4096M) 104.768ms
[472.455s][info][gc,cpu         ] GC(184) User=0.62s Sys=0.00s Real=0.10s
.........[482.079s][info][gc,start       ] GC(185) Pause Young (Concurrent Start) (G1 Evacuation Pause)
[482.079s][info][gc,task        ] GC(185) Using 6 workers of 6 for evacuation
[482.192s][info][gc,phases      ] GC(185)   Pre Evacuate Collection Set: 0.42ms
[482.192s][info][gc,phases      ] GC(185)   Merge Heap Roots: 0.46ms
[482.192s][info][gc,phases      ] GC(185)   Evacuate Collection Set: 111.54ms
[482.192s][info][gc,phases      ] GC(185)   Post Evacuate Collection Set: 0.91ms
[482.192s][info][gc,phases      ] GC(185)   Other: 0.15ms
[482.192s][info][gc,heap        ] GC(185) Eden regions: 1060->0(1048)
[482.192s][info][gc,heap        ] GC(185) Survivor regions: 92->100(144)
[482.192s][info][gc,heap        ] GC(185) Old regions: 550->583
[482.192s][info][gc,heap        ] GC(185) Humongous regions: 77->77
[482.192s][info][gc,metaspace   ] GC(185) Metaspace: 28839K(29184K)->28839K(29184K) NonClass: 23956K(24128K)->23956K(24128K) Class: 4882K(5056K)->4882K(5056K)
[482.193s][info][gc             ] GC(185) Pause Young (Concurrent Start) (G1 Evacuation Pause) 3554M->1515M(4096M) 113.623ms
[482.193s][info][gc             ] GC(186) Concurrent Mark Cycle
[482.193s][info][gc,marking     ] GC(186) Concurrent Scan Root Regions
[482.193s][info][gc,cpu         ] GC(185) User=0.67s Sys=0.00s Real=0.11s
.[482.323s][info][gc,marking     ] GC(186) Concurrent Scan Root Regions 130.227ms
[482.323s][info][gc,marking     ] GC(186) Concurrent Mark
[482.323s][info][gc,marking     ] GC(186) Concurrent Mark From Roots
[482.323s][info][gc,task        ] GC(186) Using 2 workers of 2 for marking
[482.821s][info][gc,marking     ] GC(186) Concurrent Mark From Roots 498.043ms
[482.821s][info][gc,marking     ] GC(186) Concurrent Preclean
[482.821s][info][gc,marking     ] GC(186) Concurrent Preclean 0.050ms
[482.821s][info][gc,start       ] GC(186) Pause Remark
[482.825s][info][gc             ] GC(186) Pause Remark 1686M->1668M(4096M) 3.377ms
[482.825s][info][gc,cpu         ] GC(186) User=0.02s Sys=0.00s Real=0.00s
[482.825s][info][gc,marking     ] GC(186) Concurrent Mark 501.744ms
[482.825s][info][gc,marking     ] GC(186) Concurrent Rebuild Remembered Sets and Scrub Regions
[483.029s][info][gc,marking     ] GC(186) Concurrent Rebuild Remembered Sets and Scrub Regions 204.790ms
[483.030s][info][gc,start       ] GC(186) Pause Cleanup
[483.030s][info][gc             ] GC(186) Pause Cleanup 1703M->1703M(4096M) 0.164ms
[483.030s][info][gc,cpu         ] GC(186) User=0.00s Sys=0.00s Real=0.00s
[483.030s][info][gc,marking     ] GC(186) Concurrent Clear Claimed Marks
[483.030s][info][gc,marking     ] GC(186) Concurrent Clear Claimed Marks 0.027ms
[483.030s][info][gc,marking     ] GC(186) Concurrent Cleanup for Next Mark
[483.033s][info][gc,marking     ] GC(186) Concurrent Cleanup for Next Mark 3.242ms
[483.033s][info][gc             ] GC(186) Concurrent Mark Cycle 840.490ms
..........[492.797s][info][gc,start       ] GC(187) Pause Young (Prepare Mixed) (G1 Evacuation Pause)
[492.797s][info][gc,task        ] GC(187) Using 6 workers of 6 for evacuation
[492.910s][info][gc,phases      ] GC(187)   Pre Evacuate Collection Set: 0.37ms
[492.910s][info][gc,phases      ] GC(187)   Merge Heap Roots: 0.46ms
[492.910s][info][gc,phases      ] GC(187)   Evacuate Collection Set: 110.29ms
[492.910s][info][gc,phases      ] GC(187)   Post Evacuate Collection Set: 0.97ms
[492.910s][info][gc,phases      ] GC(187)   Other: 0.09ms
[492.910s][info][gc,heap        ] GC(187) Eden regions: 1048->0(1045)
[492.910s][info][gc,heap        ] GC(187) Survivor regions: 100->100(144)
[492.910s][info][gc,heap        ] GC(187) Old regions: 574->608
[492.910s][info][gc,heap        ] GC(187) Humongous regions: 77->77
[492.910s][info][gc,metaspace   ] GC(187) Metaspace: 28839K(29184K)->28839K(29184K) NonClass: 23957K(24128K)->23957K(24128K) Class: 4882K(5056K)->4882K(5056K)
[492.910s][info][gc             ] GC(187) Pause Young (Prepare Mixed) (G1 Evacuation Pause) 3593M->1567M(4096M) 112.301ms
[492.910s][info][gc,cpu         ] GC(187) User=0.66s Sys=0.00s Real=0.11s
............[504.539s][info][gc,start       ] GC(188) Pause Young (Mixed) (G1 Evacuation Pause)
[504.539s][info][gc,task        ] GC(188) Using 6 workers of 6 for evacuation
[504.671s][info][gc,phases      ] GC(188)   Pre Evacuate Collection Set: 0.47ms
[504.671s][info][gc,phases      ] GC(188)   Merge Heap Roots: 0.63ms
[504.671s][info][gc,phases      ] GC(188)   Evacuate Collection Set: 127.16ms
[504.671s][info][gc,phases      ] GC(188)   Merge Optional Heap Roots: 0.04ms
[504.671s][info][gc,phases      ] GC(188)   Evacuate Optional Collection Set: 2.68ms
[504.671s][info][gc,phases      ] GC(188)   Post Evacuate Collection Set: 1.18ms
[504.671s][info][gc,phases      ] GC(188)   Other: 0.13ms
[504.671s][info][gc,heap        ] GC(188) Eden regions: 1045->0(1124)
[504.671s][info][gc,heap        ] GC(188) Survivor regions: 100->104(144)
[504.671s][info][gc,heap        ] GC(188) Old regions: 608->515
[504.671s][info][gc,heap        ] GC(188) Humongous regions: 77->77
[504.671s][info][gc,metaspace   ] GC(188) Metaspace: 28843K(29184K)->28843K(29184K) NonClass: 23960K(24128K)->23960K(24128K) Class: 4882K(5056K)->4882K(5056K)
[504.671s][info][gc             ] GC(188) Pause Young (Mixed) (G1 Evacuation Pause) 3657M->1387M(4096M) 132.427ms
[504.671s][info][gc,cpu         ] GC(188) User=0.79s Sys=0.00s Real=0.13s
.............[517.607s][info][gc,start       ] GC(189) Pause Young (Mixed) (G1 Evacuation Pause)
[517.607s][info][gc,task        ] GC(189) Using 6 workers of 6 for evacuation
[517.749s][info][gc,phases      ] GC(189)   Pre Evacuate Collection Set: 0.41ms
[517.749s][info][gc,phases      ] GC(189)   Merge Heap Roots: 0.79ms
[517.749s][info][gc,phases      ] GC(189)   Evacuate Collection Set: 132.51ms
[517.749s][info][gc,phases      ] GC(189)   Merge Optional Heap Roots: 0.41ms
[517.749s][info][gc,phases      ] GC(189)   Evacuate Optional Collection Set: 7.06ms
[517.749s][info][gc,phases      ] GC(189)   Post Evacuate Collection Set: 1.29ms
[517.749s][info][gc,phases      ] GC(189)   Other: 0.10ms
[517.749s][info][gc,heap        ] GC(189) Eden regions: 1124->0(1121)
[517.749s][info][gc,heap        ] GC(189) Survivor regions: 104->107(154)
[517.749s][info][gc,heap        ] GC(189) Old regions: 515->487
[517.749s][info][gc,heap        ] GC(189) Humongous regions: 77->77
[517.749s][info][gc,metaspace   ] GC(189) Metaspace: 28846K(29184K)->28846K(29184K) NonClass: 23963K(24128K)->23963K(24128K) Class: 4882K(5056K)->4882K(5056K)
[517.749s][info][gc             ] GC(189) Pause Young (Mixed) (G1 Evacuation Pause) 3635M->1339M(4096M) 142.707ms
[517.749s][info][gc,cpu         ] GC(189) User=0.85s Sys=0.00s Real=0.15s
.............[530.806s][info][gc,start       ] GC(190) Pause Young (Concurrent Start) (G1 Evacuation Pause)
[530.806s][info][gc,task        ] GC(190) Using 6 workers of 6 for evacuation
[530.930s][info][gc,phases      ] GC(190)   Pre Evacuate Collection Set: 0.40ms
[530.930s][info][gc,phases      ] GC(190)   Merge Heap Roots: 0.61ms
[530.930s][info][gc,phases      ] GC(190)   Evacuate Collection Set: 121.70ms
[530.930s][info][gc,phases      ] GC(190)   Post Evacuate Collection Set: 0.95ms
[530.930s][info][gc,phases      ] GC(190)   Other: 0.10ms
[530.930s][info][gc,heap        ] GC(190) Eden regions: 1121->0(1118)
[530.930s][info][gc,heap        ] GC(190) Survivor regions: 107->110(154)
[530.930s][info][gc,heap        ] GC(190) Old regions: 487->520
[530.930s][info][gc,heap        ] GC(190) Humongous regions: 77->77
[530.930s][info][gc,metaspace   ] GC(190) Metaspace: 28854K(29184K)->28854K(29184K) NonClass: 23971K(24128K)->23971K(24128K) Class: 4882K(5056K)->4882K(5056K)
[530.930s][info][gc             ] GC(190) Pause Young (Concurrent Start) (G1 Evacuation Pause) 3581M->1409M(4096M) 123.872ms
[530.930s][info][gc             ] GC(191) Concurrent Mark Cycle
[530.930s][info][gc,cpu         ] GC(190) User=0.73s Sys=0.00s Real=0.13s
[530.930s][info][gc,marking     ] GC(191) Concurrent Scan Root Regions
[531.043s][info][gc,marking     ] GC(191) Concurrent Scan Root Regions 113.296ms
[531.043s][info][gc,marking     ] GC(191) Concurrent Mark
[531.043s][info][gc,marking     ] GC(191) Concurrent Mark From Roots
[531.043s][info][gc,task        ] GC(191) Using 2 workers of 2 for marking
.[531.545s][info][gc,marking     ] GC(191) Concurrent Mark From Roots 502.086ms
[531.545s][info][gc,marking     ] GC(191) Concurrent Preclean
[531.545s][info][gc,marking     ] GC(191) Concurrent Preclean 0.050ms
[531.545s][info][gc,start       ] GC(191) Pause Remark
[531.548s][info][gc             ] GC(191) Pause Remark 1541M->1541M(4096M) 2.495ms
[531.548s][info][gc,cpu         ] GC(191) User=0.01s Sys=0.00s Real=0.01s
[531.548s][info][gc,marking     ] GC(191) Concurrent Mark 504.857ms
[531.548s][info][gc,marking     ] GC(191) Concurrent Rebuild Remembered Sets and Scrub Regions
[531.736s][info][gc,marking     ] GC(191) Concurrent Rebuild Remembered Sets and Scrub Regions 188.379ms
[531.736s][info][gc,start       ] GC(191) Pause Cleanup
[531.737s][info][gc             ] GC(191) Pause Cleanup 1582M->1582M(4096M) 0.140ms
[531.737s][info][gc,cpu         ] GC(191) User=0.00s Sys=0.00s Real=0.00s
[531.737s][info][gc,marking     ] GC(191) Concurrent Clear Claimed Marks
[531.737s][info][gc,marking     ] GC(191) Concurrent Clear Claimed Marks 0.026ms
[531.737s][info][gc,marking     ] GC(191) Concurrent Cleanup for Next Mark
[531.740s][info][gc,marking     ] GC(191) Concurrent Cleanup for Next Mark 3.265ms
[531.740s][info][gc             ] GC(191) Concurrent Mark Cycle 810.340ms
............[543.925s][info][gc,start       ] GC(192) Pause Young (Prepare Mixed) (G1 Evacuation Pause)
[543.926s][info][gc,task        ] GC(192) Using 6 workers of 6 for evacuation
[544.045s][info][gc,phases      ] GC(192)   Pre Evacuate Collection Set: 0.35ms
[544.045s][info][gc,phases      ] GC(192)   Merge Heap Roots: 0.54ms
[544.045s][info][gc,phases      ] GC(192)   Evacuate Collection Set: 117.22ms
[544.045s][info][gc,phases      ] GC(192)   Post Evacuate Collection Set: 0.96ms
[544.045s][info][gc,phases      ] GC(192)   Other: 0.09ms
[544.045s][info][gc,heap        ] GC(192) Eden regions: 1118->0(1098)
[544.045s][info][gc,heap        ] GC(192) Survivor regions: 110->108(154)
[544.045s][info][gc,heap        ] GC(192) Old regions: 520->554
[544.045s][info][gc,heap        ] GC(192) Humongous regions: 77->77
[544.045s][info][gc,metaspace   ] GC(192) Metaspace: 28854K(29184K)->28854K(29184K) NonClass: 23971K(24128K)->23971K(24128K) Class: 4882K(5056K)->4882K(5056K)
[544.045s][info][gc             ] GC(192) Pause Young (Prepare Mixed) (G1 Evacuation Pause) 3645M->1475M(4096M) 119.308ms
[544.045s][info][gc,cpu         ] GC(192) User=0.71s Sys=0.01s Real=0.12s
.............[556.981s][info][gc,start       ] GC(193) Pause Young (Mixed) (G1 Evacuation Pause)
[556.981s][info][gc,task        ] GC(193) Using 6 workers of 6 for evacuation
[557.112s][info][gc,phases      ] GC(193)   Pre Evacuate Collection Set: 0.40ms
[557.112s][info][gc,phases      ] GC(193)   Merge Heap Roots: 0.62ms
[557.112s][info][gc,phases      ] GC(193)   Evacuate Collection Set: 128.73ms
[557.112s][info][gc,phases      ] GC(193)   Post Evacuate Collection Set: 1.03ms
[557.112s][info][gc,phases      ] GC(193)   Other: 0.09ms
[557.112s][info][gc,heap        ] GC(193) Eden regions: 1098->0(1121)
[557.112s][info][gc,heap        ] GC(193) Survivor regions: 108->107(151)
[557.112s][info][gc,heap        ] GC(193) Old regions: 554->462
[557.112s][info][gc,heap        ] GC(193) Humongous regions: 77->77
[557.112s][info][gc,metaspace   ] GC(193) Metaspace: 28855K(29184K)->28855K(29184K) NonClass: 23972K(24128K)->23972K(24128K) Class: 4882K(5056K)->4882K(5056K)
[557.112s][info][gc             ] GC(193) Pause Young (Mixed) (G1 Evacuation Pause) 3671M->1288M(4096M) 130.998ms
[557.112s][info][gc,cpu         ] GC(193) User=0.77s Sys=0.00s Real=0.13s
..............[570.270s][info][gc,start       ] GC(194) Pause Young (Concurrent Start) (G1 Evacuation Pause)
[570.270s][info][gc,task        ] GC(194) Using 6 workers of 6 for evacuation
[570.391s][info][gc,phases      ] GC(194)   Pre Evacuate Collection Set: 0.41ms
[570.391s][info][gc,phases      ] GC(194)   Merge Heap Roots: 0.51ms
[570.391s][info][gc,phases      ] GC(194)   Evacuate Collection Set: 118.51ms
[570.391s][info][gc,phases      ] GC(194)   Post Evacuate Collection Set: 0.94ms
[570.391s][info][gc,phases      ] GC(194)   Other: 0.12ms
[570.391s][info][gc,heap        ] GC(194) Eden regions: 1121->0(1119)
[570.391s][info][gc,heap        ] GC(194) Survivor regions: 107->109(154)
[570.391s][info][gc,heap        ] GC(194) Old regions: 462->495
[570.391s][info][gc,heap        ] GC(194) Humongous regions: 77->77
[570.391s][info][gc,metaspace   ] GC(194) Metaspace: 28857K(29184K)->28857K(29184K) NonClass: 23975K(24128K)->23975K(24128K) Class: 4882K(5056K)->4882K(5056K)
[570.391s][info][gc             ] GC(194) Pause Young (Concurrent Start) (G1 Evacuation Pause) 3530M->1357M(4096M) 120.645ms
[570.391s][info][gc             ] GC(195) Concurrent Mark Cycle
[570.391s][info][gc,marking     ] GC(195) Concurrent Scan Root Regions
[570.391s][info][gc,cpu         ] GC(194) User=0.71s Sys=0.00s Real=0.12s
[570.513s][info][gc,marking     ] GC(195) Concurrent Scan Root Regions 121.802ms
[570.513s][info][gc,marking     ] GC(195) Concurrent Mark
[570.513s][info][gc,marking     ] GC(195) Concurrent Mark From Roots
[570.513s][info][gc,task        ] GC(195) Using 2 workers of 2 for marking
[571.049s][info][gc,marking     ] GC(195) Concurrent Mark From Roots 536.621ms
[571.049s][info][gc,marking     ] GC(195) Concurrent Preclean
[571.049s][info][gc,marking     ] GC(195) Concurrent Preclean 0.049ms
[571.050s][info][gc,start       ] GC(195) Pause Remark
[571.052s][info][gc             ] GC(195) Pause Remark 1485M->1485M(4096M) 2.563ms
[571.052s][info][gc,cpu         ] GC(195) User=0.02s Sys=0.00s Real=0.00s
[571.052s][info][gc,marking     ] GC(195) Concurrent Mark 539.489ms
[571.052s][info][gc,marking     ] GC(195) Concurrent Rebuild Remembered Sets and Scrub Regions
.[571.270s][info][gc,marking     ] GC(195) Concurrent Rebuild Remembered Sets and Scrub Regions 218.094ms
[571.270s][info][gc,start       ] GC(195) Pause Cleanup
[571.271s][info][gc             ] GC(195) Pause Cleanup 1521M->1521M(4096M) 0.130ms
[571.271s][info][gc,cpu         ] GC(195) User=0.00s Sys=0.00s Real=0.00s
[571.271s][info][gc,marking     ] GC(195) Concurrent Clear Claimed Marks
[571.271s][info][gc,marking     ] GC(195) Concurrent Clear Claimed Marks 0.030ms
[571.271s][info][gc,marking     ] GC(195) Concurrent Cleanup for Next Mark
[571.274s][info][gc,marking     ] GC(195) Concurrent Cleanup for Next Mark 3.753ms
[571.274s][info][gc             ] GC(195) Concurrent Mark Cycle 883.633ms
............[583.706s][info][gc,start       ] GC(196) Pause Young (Prepare Mixed) (G1 Evacuation Pause)
[583.706s][info][gc,task        ] GC(196) Using 6 workers of 6 for evacuation
[583.824s][info][gc,phases      ] GC(196)   Pre Evacuate Collection Set: 0.36ms
[583.824s][info][gc,phases      ] GC(196)   Merge Heap Roots: 0.51ms
[583.824s][info][gc,phases      ] GC(196)   Evacuate Collection Set: 115.87ms
[583.824s][info][gc,phases      ] GC(196)   Post Evacuate Collection Set: 0.99ms
[583.824s][info][gc,phases      ] GC(196)   Other: 0.09ms
[583.824s][info][gc,heap        ] GC(196) Eden regions: 1119->0(1120)
[583.824s][info][gc,heap        ] GC(196) Survivor regions: 109->108(154)
[583.824s][info][gc,heap        ] GC(196) Old regions: 495->527
[583.824s][info][gc,heap        ] GC(196) Humongous regions: 77->77
[583.824s][info][gc,metaspace   ] GC(196) Metaspace: 28858K(29184K)->28858K(29184K) NonClass: 23975K(24128K)->23975K(24128K) Class: 4882K(5056K)->4882K(5056K)
[583.824s][info][gc             ] GC(196) Pause Young (Prepare Mixed) (G1 Evacuation Pause) 3595M->1420M(4096M) 117.966ms
[583.824s][info][gc,cpu         ] GC(196) User=0.70s Sys=0.00s Real=0.12s
.............[597.120s][info][gc,start       ] GC(197) Pause Young (Mixed) (G1 Evacuation Pause)
[597.120s][info][gc,task        ] GC(197) Using 6 workers of 6 for evacuation
[597.261s][info][gc,phases      ] GC(197)   Pre Evacuate Collection Set: 0.41ms
[597.261s][info][gc,phases      ] GC(197)   Merge Heap Roots: 0.81ms
[597.262s][info][gc,phases      ] GC(197)   Evacuate Collection Set: 139.00ms
[597.262s][info][gc,phases      ] GC(197)   Post Evacuate Collection Set: 1.02ms
[597.262s][info][gc,phases      ] GC(197)   Other: 0.10ms
[597.262s][info][gc,heap        ] GC(197) Eden regions: 1120->0(1120)
[597.262s][info][gc,heap        ] GC(197) Survivor regions: 108->108(154)
[597.262s][info][gc,heap        ] GC(197) Old regions: 527->462
[597.262s][info][gc,heap        ] GC(197) Humongous regions: 77->77
[597.262s][info][gc,metaspace   ] GC(197) Metaspace: 28868K(29184K)->28868K(29184K) NonClass: 23986K(24128K)->23986K(24128K) Class: 4882K(5056K)->4882K(5056K)
[597.262s][info][gc             ] GC(197) Pause Young (Mixed) (G1 Evacuation Pause) 3660M->1292M(4096M) 141.491ms
[597.262s][info][gc,cpu         ] GC(197) User=0.84s Sys=0.00s Real=0.14s
..............[610.658s][info][gc,start       ] GC(198) Pause Young (Concurrent Start) (G1 Evacuation Pause)
[610.658s][info][gc,task        ] GC(198) Using 6 workers of 6 for evacuation
[610.776s][info][gc,phases      ] GC(198)   Pre Evacuate Collection Set: 0.42ms
[610.776s][info][gc,phases      ] GC(198)   Merge Heap Roots: 0.46ms
[610.776s][info][gc,phases      ] GC(198)   Evacuate Collection Set: 115.48ms
[610.776s][info][gc,phases      ] GC(198)   Post Evacuate Collection Set: 0.95ms
[610.776s][info][gc,phases      ] GC(198)   Other: 0.12ms
[610.776s][info][gc,heap        ] GC(198) Eden regions: 1120->0(1119)
[610.776s][info][gc,heap        ] GC(198) Survivor regions: 108->109(154)
[610.776s][info][gc,heap        ] GC(198) Old regions: 462->495
[610.776s][info][gc,heap        ] GC(198) Humongous regions: 77->77
[610.776s][info][gc,metaspace   ] GC(198) Metaspace: 28869K(29184K)->28869K(29184K) NonClass: 23987K(24128K)->23987K(24128K) Class: 4882K(5056K)->4882K(5056K)
[610.776s][info][gc             ] GC(198) Pause Young (Concurrent Start) (G1 Evacuation Pause) 3532M->1360M(4096M) 117.546ms
[610.776s][info][gc             ] GC(199) Concurrent Mark Cycle
[610.776s][info][gc,marking     ] GC(199) Concurrent Scan Root Regions
[610.776s][info][gc,cpu         ] GC(198) User=0.69s Sys=0.00s Real=0.11s
[610.885s][info][gc,marking     ] GC(199) Concurrent Scan Root Regions 108.904ms
[610.885s][info][gc,marking     ] GC(199) Concurrent Mark
[610.885s][info][gc,marking     ] GC(199) Concurrent Mark From Roots
[610.885s][info][gc,task        ] GC(199) Using 2 workers of 2 for marking
.[611.385s][info][gc,marking     ] GC(199) Concurrent Mark From Roots 500.772ms
[611.385s][info][gc,marking     ] GC(199) Concurrent Preclean
[611.386s][info][gc,marking     ] GC(199) Concurrent Preclean 0.048ms
[611.386s][info][gc,start       ] GC(199) Pause Remark
[611.388s][info][gc             ] GC(199) Pause Remark 1470M->1470M(4096M) 2.319ms
[611.388s][info][gc,cpu         ] GC(199) User=0.01s Sys=0.00s Real=0.01s
[611.388s][info][gc,marking     ] GC(199) Concurrent Mark 503.399ms
[611.388s][info][gc,marking     ] GC(199) Concurrent Rebuild Remembered Sets and Scrub Regions
[611.593s][info][gc,marking     ] GC(199) Concurrent Rebuild Remembered Sets and Scrub Regions 204.840ms
[611.593s][info][gc,start       ] GC(199) Pause Cleanup
[611.593s][info][gc             ] GC(199) Pause Cleanup 1512M->1512M(4096M) 0.137ms
[611.593s][info][gc,cpu         ] GC(199) User=0.00s Sys=0.00s Real=0.00s
[611.593s][info][gc,marking     ] GC(199) Concurrent Clear Claimed Marks
[611.593s][info][gc,marking     ] GC(199) Concurrent Clear Claimed Marks 0.032ms
[611.593s][info][gc,marking     ] GC(199) Concurrent Cleanup for Next Mark
[611.597s][info][gc,marking     ] GC(199) Concurrent Cleanup for Next Mark 3.196ms
[611.597s][info][gc             ] GC(199) Concurrent Mark Cycle 820.880ms
..... (rIR:aIR:PR = 1384:1384:1384) (tPR = 21304) [OK] 
   616s: 
   616s: Building throughput-responsetime curve
   616s: ( 0%)   IR =      0 ...|............................................................ (rIR:aIR:PR = 0:0:0) (tPR = 0) [OK] 
   679s: Performance info:
         Transaction,    Success,    Partial,     Failed,   Receipts, AvgBarcode, 
         Response times:
             Request,    Success,    Partial,     Failed,   SkipFail,     Probes,    Samples,      min,      p50,      p90,      p95,      p99,      max, 

   679s: ( 1%)   IR =    138 ....|............................................................ (rIR:aIR:PR = 138:138:138) (tPR = 2087) [OK] 
   743s: Performance info:
         Transaction,    Success,    Partial,     Failed,   Receipts, AvgBarcode, 
             Overall,       8298,          0,          0,       7877,      59.45, 
         Response times:
             Request,    Success,    Partial,     Failed,   SkipFail,     Probes,    Samples,      min,      p50,      p90,      p95,      p99,      max, 
       TotalPurchase,       7877,          0,          0,          0,       7286,       8275,      300,      400,      600,      600,      800,     1200,
     InStorePurchase,       4143,          0,          0,          0,       3878,       4348,      300,      400,      500,      600,      800,      900,
      OnlinePurchase,       2905,          0,          0,          0,       2687,       3057,      300,      400,      600,      700,      800,     1200,
        InstPurchase,        829,          0,          0,          0,        721,        870,      400,      500,      600,      700,      900,      900,
          AssocOfCat,          9,          0,          0,          0,          7,          8,    19600,    22000,    23000,    23000,    23000,    23000,
      AssocOfProduct,         84,          0,          0,          0,         78,         86,      400,      600,      800,      800,     1000,     1000,
      BusinessReport,         23,          0,          0,          0,         19,         21,    21000,    23000,    27000,    27000,    27000,    27000,
          CustBuyBeh,         83,          0,          0,          0,         77,         87,      200,      300,      300,      400,      600,      600,
       ProductReturn,        222,          0,          0,          0,        166,        244,      200,      300,      400,      500,      600,      700,

   743s: ( 2%)   IR =    277 ....|.[749.229s][info][gc,start       ] GC(200) Pause Young (Prepare Mixed) (G1 Evacuation Pause)
[749.229s][info][gc,task        ] GC(200) Using 6 workers of 6 for evacuation
[749.346s][info][gc,phases      ] GC(200)   Pre Evacuate Collection Set: 0.39ms
[749.346s][info][gc,phases      ] GC(200)   Merge Heap Roots: 0.56ms
[749.346s][info][gc,phases      ] GC(200)   Evacuate Collection Set: 114.91ms
[749.346s][info][gc,phases      ] GC(200)   Post Evacuate Collection Set: 0.98ms
[749.346s][info][gc,phases      ] GC(200)   Other: 0.09ms
[749.346s][info][gc,heap        ] GC(200) Eden regions: 1119->0(1120)
[749.346s][info][gc,heap        ] GC(200) Survivor regions: 109->108(154)
[749.346s][info][gc,heap        ] GC(200) Old regions: 495->528
[749.346s][info][gc,heap        ] GC(200) Humongous regions: 77->77
[749.346s][info][gc,metaspace   ] GC(200) Metaspace: 28880K(29184K)->28880K(29184K) NonClass: 23997K(24128K)->23997K(24128K) Class: 4882K(5056K)->4882K(5056K)
[749.346s][info][gc             ] GC(200) Pause Young (Prepare Mixed) (G1 Evacuation Pause) 3598M->1424M(4096M) 117.045ms
[749.346s][info][gc,cpu         ] GC(200) User=0.69s Sys=0.00s Real=0.11s
........................................................... (rIR:aIR:PR = 277:277:277) (tPR = 4094) [OK] 
   807s: Performance info:
         Transaction,    Success,    Partial,     Failed,   Receipts, AvgBarcode, 
             Overall,      16611,          0,          0,      15780,      59.47, 
         Response times:
             Request,    Success,    Partial,     Failed,   SkipFail,     Probes,    Samples,      min,      p50,      p90,      p95,      p99,      max, 
       TotalPurchase,      15780,          0,          0,          0,      14819,      16438,      300,      500,      800,      800,     1000,     2300,
     InStorePurchase,       8300,          0,          0,          0,       7903,       8692,      300,      500,      700,      800,     1000,     2300,
      OnlinePurchase,       5817,          0,          0,          0,       5425,       6045,      300,      500,      800,      800,     1000,     2000,
        InstPurchase,       1663,          0,          0,          0,       1491,       1701,      400,      600,      800,      900,     1100,     2300,
          AssocOfCat,         17,          0,          0,          0,         16,         16,    16500,    20350,    22300,    23000,    23000,    23000,
      AssocOfProduct,        166,          0,          0,          0,        116,        154,      400,      700,      850,      900,     1145,     1200,
      BusinessReport,         42,          0,          0,          0,         39,         44,    18200,    24000,    27500,    28000,    29000,    29000,
          CustBuyBeh,        166,          0,          0,          0,        123,        182,      200,      300,      600,      700,      817,      900,
       ProductReturn,        440,          0,          0,          0,        345,        435,      200,      300,      600,      600,      764,      900,

   807s: ( 3%)   IR =    415 ....|.[813.047s][info][gc,start       ] GC(201) Pause Young (Mixed) (G1 Evacuation Pause)
[813.047s][info][gc,task        ] GC(201) Using 6 workers of 6 for evacuation
[813.182s][info][gc,phases      ] GC(201)   Pre Evacuate Collection Set: 0.43ms
[813.182s][info][gc,phases      ] GC(201)   Merge Heap Roots: 0.76ms
[813.182s][info][gc,phases      ] GC(201)   Evacuate Collection Set: 132.87ms
[813.182s][info][gc,phases      ] GC(201)   Post Evacuate Collection Set: 1.02ms
[813.182s][info][gc,phases      ] GC(201)   Other: 0.10ms
[813.182s][info][gc,heap        ] GC(201) Eden regions: 1120->0(1120)
[813.182s][info][gc,heap        ] GC(201) Survivor regions: 108->108(154)
[813.182s][info][gc,heap        ] GC(201) Old regions: 528->463
[813.182s][info][gc,heap        ] GC(201) Humongous regions: 77->77
[813.182s][info][gc,metaspace   ] GC(201) Metaspace: 28880K(29184K)->28880K(29184K) NonClass: 23997K(24128K)->23997K(24128K) Class: 4882K(5056K)->4882K(5056K)
[813.182s][info][gc             ] GC(201) Pause Young (Mixed) (G1 Evacuation Pause) 3664M->1294M(4096M) 135.308ms
[813.182s][info][gc,cpu         ] GC(201) User=0.80s Sys=0.00s Real=0.14s
.............................................[857.942s][info][gc,start       ] GC(202) Pause Young (Concurrent Start) (G1 Evacuation Pause)
[857.942s][info][gc,task        ] GC(202) Using 6 workers of 6 for evacuation
[858.058s][info][gc,phases      ] GC(202)   Pre Evacuate Collection Set: 0.50ms
[858.058s][info][gc,phases      ] GC(202)   Merge Heap Roots: 0.52ms
[858.058s][info][gc,phases      ] GC(202)   Evacuate Collection Set: 113.44ms
[858.058s][info][gc,phases      ] GC(202)   Post Evacuate Collection Set: 0.91ms
[858.058s][info][gc,phases      ] GC(202)   Other: 0.13ms
[858.058s][info][gc,heap        ] GC(202) Eden regions: 1120->0(1120)
[858.058s][info][gc,heap        ] GC(202) Survivor regions: 108->108(154)
[858.058s][info][gc,heap        ] GC(202) Old regions: 463->494
[858.058s][info][gc,heap        ] GC(202) Humongous regions: 77->77
[858.058s][info][gc,metaspace   ] GC(202) Metaspace: 28883K(29184K)->28883K(29184K) NonClass: 24000K(24128K)->24000K(24128K) Class: 4882K(5056K)->4882K(5056K)
[858.058s][info][gc             ] GC(202) Pause Young (Concurrent Start) (G1 Evacuation Pause) 3534M->1357M(4096M) 115.633ms
[858.058s][info][gc             ] GC(203) Concurrent Mark Cycle
[858.058s][info][gc,marking     ] GC(203) Concurrent Scan Root Regions
[858.058s][info][gc,cpu         ] GC(202) User=0.68s Sys=0.00s Real=0.12s
[858.161s][info][gc,marking     ] GC(203) Concurrent Scan Root Regions 103.252ms
[858.161s][info][gc,marking     ] GC(203) Concurrent Mark
[858.161s][info][gc,marking     ] GC(203) Concurrent Mark From Roots
[858.161s][info][gc,task        ] GC(203) Using 2 workers of 2 for marking
.[858.642s][info][gc,marking     ] GC(203) Concurrent Mark From Roots 481.162ms
[858.642s][info][gc,marking     ] GC(203) Concurrent Preclean
[858.642s][info][gc,marking     ] GC(203) Concurrent Preclean 0.053ms
[858.642s][info][gc,start       ] GC(203) Pause Remark
[858.645s][info][gc             ] GC(203) Pause Remark 1389M->1389M(4096M) 2.239ms
[858.645s][info][gc,cpu         ] GC(203) User=0.01s Sys=0.00s Real=0.00s
[858.645s][info][gc,marking     ] GC(203) Concurrent Mark 483.718ms
[858.645s][info][gc,marking     ] GC(203) Concurrent Rebuild Remembered Sets and Scrub Regions
[858.836s][info][gc,marking     ] GC(203) Concurrent Rebuild Remembered Sets and Scrub Regions 191.684ms
[858.837s][info][gc,start       ] GC(203) Pause Cleanup
[858.837s][info][gc             ] GC(203) Pause Cleanup 1402M->1402M(4096M) 0.124ms
[858.837s][info][gc,cpu         ] GC(203) User=0.00s Sys=0.00s Real=0.00s
[858.837s][info][gc,marking     ] GC(203) Concurrent Clear Claimed Marks
[858.837s][info][gc,marking     ] GC(203) Concurrent Clear Claimed Marks 0.037ms
[858.837s][info][gc,marking     ] GC(203) Concurrent Cleanup for Next Mark
[858.840s][info][gc,marking     ] GC(203) Concurrent Cleanup for Next Mark 3.264ms
[858.840s][info][gc             ] GC(203) Concurrent Mark Cycle 782.438ms
............. (rIR:aIR:PR = 415:415:415) (tPR = 6234) [OK] 
   871s: Performance info:
         Transaction,    Success,    Partial,     Failed,   Receipts, AvgBarcode, 
             Overall,      24894,          0,          0,      23651,      59.48, 
         Response times:
             Request,    Success,    Partial,     Failed,   SkipFail,     Probes,    Samples,      min,      p50,      p90,      p95,      p99,      max, 
       TotalPurchase,      23651,          0,          0,          0,      22492,      24755,      300,      600,      900,     1000,     1300,   123000,
     InStorePurchase,      12446,          0,          0,          0,      11945,      13030,      300,      600,      900,     1000,     1300,   118000,
      OnlinePurchase,       8714,          0,          0,          0,       8282,       9144,      300,      600,      900,     1000,     1300,   123000,
        InstPurchase,       2491,          0,          0,          0,       2265,       2581,      400,      600,      900,     1100,     1300,     4300,
          AssocOfCat,         28,          0,          0,          0,         26,         26,    17100,    19700,    23000,    23000,    23000,    23000,
      AssocOfProduct,        249,          0,          0,          0,        190,        251,      500,      800,     1100,     1200,     1400,     1500,
      BusinessReport,         61,          0,          0,          0,         60,         65,    18400,    23000,    27000,    28000,   162000,   162000,
          CustBuyBeh,        251,          0,          0,          0,        186,        241,      100,      500,      800,      900,     1058,     1200,
       ProductReturn,        654,          0,          0,          0,        551,        682,      200,      500,      800,      900,     1317,     3400,

   871s: ( 4%)   IR =    553 ......|.................[895.107s][info][gc,start       ] GC(204) Pause Young (Prepare Mixed) (G1 Evacuation Pause)
[895.107s][info][gc,task        ] GC(204) Using 6 workers of 6 for evacuation
[895.223s][info][gc,phases      ] GC(204)   Pre Evacuate Collection Set: 0.37ms
[895.223s][info][gc,phases      ] GC(204)   Merge Heap Roots: 0.53ms
[895.223s][info][gc,phases      ] GC(204)   Evacuate Collection Set: 114.19ms
[895.223s][info][gc,phases      ] GC(204)   Post Evacuate Collection Set: 0.96ms
[895.223s][info][gc,phases      ] GC(204)   Other: 0.10ms
[895.223s][info][gc,heap        ] GC(204) Eden regions: 1120->0(1120)
[895.223s][info][gc,heap        ] GC(204) Survivor regions: 108->108(154)
[895.223s][info][gc,heap        ] GC(204) Old regions: 494->526
[895.223s][info][gc,heap        ] GC(204) Humongous regions: 77->77
[895.223s][info][gc,metaspace   ] GC(204) Metaspace: 28887K(29184K)->28887K(29184K) NonClass: 24004K(24128K)->24004K(24128K) Class: 4882K(5056K)->4882K(5056K)
[895.223s][info][gc             ] GC(204) Pause Young (Prepare Mixed) (G1 Evacuation Pause) 3597M->1420M(4096M) 116.300ms
[895.223s][info][gc,cpu         ] GC(204) User=0.69s Sys=0.00s Real=0.12s
..................................[929.200s][info][gc,start       ] GC(205) Pause Young (Mixed) (G1 Evacuation Pause)
[929.200s][info][gc,task        ] GC(205) Using 6 workers of 6 for evacuation
[929.332s][info][gc,phases      ] GC(205)   Pre Evacuate Collection Set: 0.44ms
[929.332s][info][gc,phases      ] GC(205)   Merge Heap Roots: 0.67ms
[929.332s][info][gc,phases      ] GC(205)   Evacuate Collection Set: 129.35ms
[929.332s][info][gc,phases      ] GC(205)   Post Evacuate Collection Set: 0.98ms
[929.332s][info][gc,phases      ] GC(205)   Other: 0.10ms
[929.332s][info][gc,heap        ] GC(205) Eden regions: 1120->0(1120)
[929.332s][info][gc,heap        ] GC(205) Survivor regions: 108->108(154)
[929.332s][info][gc,heap        ] GC(205) Old regions: 526->462
[929.332s][info][gc,heap        ] GC(205) Humongous regions: 77->77
[929.332s][info][gc,metaspace   ] GC(205) Metaspace: 28887K(29184K)->28887K(29184K) NonClass: 24004K(24128K)->24004K(24128K) Class: 4882K(5056K)->4882K(5056K)
[929.332s][info][gc             ] GC(205) Pause Young (Mixed) (G1 Evacuation Pause) 3660M->1293M(4096M) 131.675ms
[929.332s][info][gc,cpu         ] GC(205) User=0.78s Sys=0.00s Real=0.13s
......... (rIR:aIR:PR = 553:553:553) (tPR = 8197) [OK] 
   937s: Performance info:
         Transaction,    Success,    Partial,     Failed,   Receipts, AvgBarcode, 
             Overall,      33195,          0,          0,      31530,      59.46, 
         Response times:
             Request,    Success,    Partial,     Failed,   SkipFail,     Probes,    Samples,      min,      p50,      p90,      p95,      p99,      max, 
       TotalPurchase,      31530,          0,          0,          0,      30225,      34182,      300,      800,     1100,     1200,     1500,   136000,
     InStorePurchase,      16594,          0,          0,          0,      16026,      17943,      300,      800,     1100,     1200,     1500,   134000,
      OnlinePurchase,      11621,          0,          0,          0,      11132,      12637,      300,      700,     1100,     1200,     1500,   136000,
        InstPurchase,       3315,          0,          0,          0,       3067,       3602,      400,      700,     1000,     1200,     1400,   133000,
          AssocOfCat,         34,          0,          0,          0,         32,         35,    16800,    21000,    23000,    23000,    23000,    23000,
      AssocOfProduct,        331,          0,          0,          0,        250,        358,      500,     1000,     1300,     1400,     1741,     4900,
      BusinessReport,         82,          0,          0,          0,         80,         90,    18200,    23500,    28000,    29000,    34000,    34000,
          CustBuyBeh,        336,          0,          0,          0,        262,        375,      200,      600,     1000,     1100,     1400,     6800,
       ProductReturn,        882,          0,          0,          0,        747,        956,      200,      700,     1000,     1100,     1343,   133000,

   937s: ( 5%)   IR =    692 .....|...............[958.090s][info][gc,start       ] GC(206) Pause Young (Concurrent Start) (G1 Evacuation Pause)
[958.090s][info][gc,task        ] GC(206) Using 6 workers of 6 for evacuation
[958.206s][info][gc,phases      ] GC(206)   Pre Evacuate Collection Set: 0.44ms
[958.206s][info][gc,phases      ] GC(206)   Merge Heap Roots: 0.50ms
[958.206s][info][gc,phases      ] GC(206)   Evacuate Collection Set: 114.10ms
[958.206s][info][gc,phases      ] GC(206)   Post Evacuate Collection Set: 0.89ms
[958.206s][info][gc,phases      ] GC(206)   Other: 0.10ms
[958.206s][info][gc,heap        ] GC(206) Eden regions: 1120->0(1120)
[958.206s][info][gc,heap        ] GC(206) Survivor regions: 108->108(154)
[958.206s][info][gc,heap        ] GC(206) Old regions: 462->495
[958.206s][info][gc,heap        ] GC(206) Humongous regions: 77->77
[958.206s][info][gc,metaspace   ] GC(206) Metaspace: 28893K(29184K)->28893K(29184K) NonClass: 24010K(24128K)->24010K(24128K) Class: 4882K(5056K)->4882K(5056K)
[958.206s][info][gc             ] GC(206) Pause Young (Concurrent Start) (G1 Evacuation Pause) 3533M->1358M(4096M) 116.192ms
[958.206s][info][gc             ] GC(207) Concurrent Mark Cycle
[958.206s][info][gc,marking     ] GC(207) Concurrent Scan Root Regions
[958.206s][info][gc,cpu         ] GC(206) User=0.68s Sys=0.00s Real=0.11s
[958.323s][info][gc,marking     ] GC(207) Concurrent Scan Root Regions 117.639ms
[958.324s][info][gc,marking     ] GC(207) Concurrent Mark
[958.324s][info][gc,marking     ] GC(207) Concurrent Mark From Roots
[958.324s][info][gc,task        ] GC(207) Using 2 workers of 2 for marking
.[958.823s][info][gc,marking     ] GC(207) Concurrent Mark From Roots 499.642ms
[958.823s][info][gc,marking     ] GC(207) Concurrent Preclean
[958.823s][info][gc,marking     ] GC(207) Concurrent Preclean 0.053ms
[958.823s][info][gc,start       ] GC(207) Pause Remark
[958.826s][info][gc             ] GC(207) Pause Remark 1425M->1425M(4096M) 2.256ms
[958.826s][info][gc,cpu         ] GC(207) User=0.01s Sys=0.01s Real=0.00s
[958.826s][info][gc,marking     ] GC(207) Concurrent Mark 502.207ms
[958.826s][info][gc,marking     ] GC(207) Concurrent Rebuild Remembered Sets and Scrub Regions
[959.025s][info][gc,marking     ] GC(207) Concurrent Rebuild Remembered Sets and Scrub Regions 199.002ms
[959.025s][info][gc,start       ] GC(207) Pause Cleanup
[959.025s][info][gc             ] GC(207) Pause Cleanup 1441M->1441M(4096M) 0.119ms
[959.025s][info][gc,cpu         ] GC(207) User=0.00s Sys=0.00s Real=0.00s
[959.025s][info][gc,marking     ] GC(207) Concurrent Clear Claimed Marks
[959.025s][info][gc,marking     ] GC(207) Concurrent Clear Claimed Marks 0.028ms
[959.025s][info][gc,marking     ] GC(207) Concurrent Cleanup for Next Mark
[959.029s][info][gc,marking     ] GC(207) Concurrent Cleanup for Next Mark 3.564ms
[959.029s][info][gc             ] GC(207) Concurrent Mark Cycle 822.896ms
..........................[985.196s][info][gc,start       ] GC(208) Pause Young (Prepare Mixed) (G1 Evacuation Pause)
[985.196s][info][gc,task        ] GC(208) Using 6 workers of 6 for evacuation
[985.316s][info][gc,phases      ] GC(208)   Pre Evacuate Collection Set: 0.34ms
[985.316s][info][gc,phases      ] GC(208)   Merge Heap Roots: 0.55ms
[985.316s][info][gc,phases      ] GC(208)   Evacuate Collection Set: 118.15ms
[985.316s][info][gc,phases      ] GC(208)   Post Evacuate Collection Set: 0.97ms
[985.316s][info][gc,phases      ] GC(208)   Other: 0.09ms
[985.316s][info][gc,heap        ] GC(208) Eden regions: 1120->0(1119)
[985.316s][info][gc,heap        ] GC(208) Survivor regions: 108->109(154)
[985.316s][info][gc,heap        ] GC(208) Old regions: 495->527
[985.316s][info][gc,heap        ] GC(208) Humongous regions: 77->77
[985.316s][info][gc,metaspace   ] GC(208) Metaspace: 28894K(29184K)->28894K(29184K) NonClass: 24011K(24128K)->24011K(24128K) Class: 4882K(5056K)->4882K(5056K)
[985.316s][info][gc             ] GC(208) Pause Young (Prepare Mixed) (G1 Evacuation Pause) 3598M->1424M(4096M) 120.240ms
[985.316s][info][gc,cpu         ] GC(208) User=0.71s Sys=0.00s Real=0.12s
.................. (rIR:aIR:PR = 692:692:692) (tPR = 10391) [OK] 
  1002s: Performance info:
         Transaction,    Success,    Partial,     Failed,   Receipts, AvgBarcode, 
             Overall,      41546,          0,          0,      39467,      59.47, 
         Response times:
             Request,    Success,    Partial,     Failed,   SkipFail,     Probes,    Samples,      min,      p50,      p90,      p95,      p99,      max, 
       TotalPurchase,      39467,          0,          0,          0,      37932,      42031,      300,      900,     1300,     1400,     1700,   133000,
     InStorePurchase,      20783,          0,          0,          0,      20125,      22262,      300,      800,     1300,     1400,     1700,   124000,
      OnlinePurchase,      14535,          0,          0,          0,      13954,      15332,      300,      900,     1300,     1400,     1700,   133000,
        InstPurchase,       4149,          0,          0,          0,       3853,       4437,      400,      900,     1300,     1400,     1800,   122000,
          AssocOfCat,         43,          0,          0,          0,         42,         44,    17700,    22000,    23500,    31000,   149000,   149000,
      AssocOfProduct,        413,          0,          0,          0,        320,        423,      400,     1000,     1360,     1400,     3008,   118000,
      BusinessReport,        105,          0,          0,          0,         96,        112,    18300,    24000,    28000,    29000,    66320,    71000,
          CustBuyBeh,        414,          0,          0,          0,        324,        431,      200,      800,     1200,     1400,     1836,   120000,
       ProductReturn,       1104,          0,          0,          0,        993,       1217,      200,      800,     1200,     1300,     1600,   134000,

  1002s: ( 6%)   IR =    830 ......|..[1010.920s][info][gc,start       ] GC(209) Pause Young (Mixed) (G1 Evacuation Pause)
[1010.920s][info][gc,task        ] GC(209) Using 6 workers of 6 for evacuation
[1011.056s][info][gc,phases      ] GC(209)   Pre Evacuate Collection Set: 0.46ms
[1011.056s][info][gc,phases      ] GC(209)   Merge Heap Roots: 0.74ms
[1011.056s][info][gc,phases      ] GC(209)   Evacuate Collection Set: 133.41ms
[1011.056s][info][gc,phases      ] GC(209)   Post Evacuate Collection Set: 1.01ms
[1011.056s][info][gc,phases      ] GC(209)   Other: 0.10ms
[1011.056s][info][gc,heap        ] GC(209) Eden regions: 1119->0(1119)
[1011.056s][info][gc,heap        ] GC(209) Survivor regions: 109->109(154)
[1011.056s][info][gc,heap        ] GC(209) Old regions: 527->465
[1011.056s][info][gc,heap        ] GC(209) Humongous regions: 77->77
[1011.056s][info][gc,metaspace   ] GC(209) Metaspace: 28894K(29184K)->28894K(29184K) NonClass: 24011K(24128K)->24011K(24128K) Class: 4882K(5056K)->4882K(5056K)
[1011.056s][info][gc             ] GC(209) Pause Young (Mixed) (G1 Evacuation Pause) 3662M->1300M(4096M) 135.842ms
[1011.056s][info][gc,cpu         ] GC(209) User=0.80s Sys=0.00s Real=0.13s
.......................[1033.810s][info][gc,start       ] GC(210) Pause Young (Concurrent Start) (G1 Evacuation Pause)
[1033.810s][info][gc,task        ] GC(210) Using 6 workers of 6 for evacuation
[1033.928s][info][gc,phases      ] GC(210)   Pre Evacuate Collection Set: 0.44ms
[1033.928s][info][gc,phases      ] GC(210)   Merge Heap Roots: 0.51ms
[1033.928s][info][gc,phases      ] GC(210)   Evacuate Collection Set: 116.13ms
[1033.928s][info][gc,phases      ] GC(210)   Post Evacuate Collection Set: 0.91ms
[1033.928s][info][gc,phases      ] GC(210)   Other: 0.11ms
[1033.928s][info][gc,heap        ] GC(210) Eden regions: 1119->0(1120)
[1033.928s][info][gc,heap        ] GC(210) Survivor regions: 109->108(154)
[1033.928s][info][gc,heap        ] GC(210) Old regions: 465->498
[1033.928s][info][gc,heap        ] GC(210) Humongous regions: 77->77
[1033.928s][info][gc,metaspace   ] GC(210) Metaspace: 28894K(29184K)->28894K(29184K) NonClass: 24011K(24128K)->24011K(24128K) Class: 4882K(5056K)->4882K(5056K)
[1033.928s][info][gc             ] GC(210) Pause Young (Concurrent Start) (G1 Evacuation Pause) 3538M->1365M(4096M) 118.246ms
[1033.928s][info][gc             ] GC(211) Concurrent Mark Cycle
[1033.928s][info][gc,marking     ] GC(211) Concurrent Scan Root Regions
[1033.928s][info][gc,cpu         ] GC(210) User=0.70s Sys=0.00s Real=0.12s
[1034.040s][info][gc,marking     ] GC(211) Concurrent Scan Root Regions 112.591ms
[1034.040s][info][gc,marking     ] GC(211) Concurrent Mark
[1034.041s][info][gc,marking     ] GC(211) Concurrent Mark From Roots
[1034.041s][info][gc,task        ] GC(211) Using 2 workers of 2 for marking
[1034.551s][info][gc,marking     ] GC(211) Concurrent Mark From Roots 510.076ms
[1034.551s][info][gc,marking     ] GC(211) Concurrent Preclean
[1034.551s][info][gc,marking     ] GC(211) Concurrent Preclean 0.080ms
[1034.551s][info][gc,start       ] GC(211) Pause Remark
[1034.553s][info][gc             ] GC(211) Pause Remark 1430M->1430M(4096M) 2.453ms
[1034.553s][info][gc,cpu         ] GC(211) User=0.01s Sys=0.00s Real=0.00s
[1034.553s][info][gc,marking     ] GC(211) Concurrent Mark 512.911ms
[1034.553s][info][gc,marking     ] GC(211) Concurrent Rebuild Remembered Sets and Scrub Regions
.[1034.762s][info][gc,marking     ] GC(211) Concurrent Rebuild Remembered Sets and Scrub Regions 208.390ms
[1034.762s][info][gc,start       ] GC(211) Pause Cleanup
[1034.762s][info][gc             ] GC(211) Pause Cleanup 1454M->1454M(4096M) 0.120ms
[1034.762s][info][gc,cpu         ] GC(211) User=0.00s Sys=0.00s Real=0.00s
[1034.762s][info][gc,marking     ] GC(211) Concurrent Clear Claimed Marks
[1034.762s][info][gc,marking     ] GC(211) Concurrent Clear Claimed Marks 0.029ms
[1034.762s][info][gc,marking     ] GC(211) Concurrent Cleanup for Next Mark
[1034.766s][info][gc,marking     ] GC(211) Concurrent Cleanup for Next Mark 3.330ms
[1034.766s][info][gc             ] GC(211) Concurrent Mark Cycle 837.707ms
......................[1056.740s][info][gc,start       ] GC(212) Pause Young (Prepare Mixed) (G1 Evacuation Pause)
[1056.740s][info][gc,task        ] GC(212) Using 6 workers of 6 for evacuation
[1056.857s][info][gc,phases      ] GC(212)   Pre Evacuate Collection Set: 0.37ms
[1056.857s][info][gc,phases      ] GC(212)   Merge Heap Roots: 0.58ms
[1056.857s][info][gc,phases      ] GC(212)   Evacuate Collection Set: 115.18ms
[1056.857s][info][gc,phases      ] GC(212)   Post Evacuate Collection Set: 0.99ms
[1056.857s][info][gc,phases      ] GC(212)   Other: 0.10ms
[1056.857s][info][gc,heap        ] GC(212) Eden regions: 1120->0(1119)
[1056.857s][info][gc,heap        ] GC(212) Survivor regions: 108->109(154)
[1056.857s][info][gc,heap        ] GC(212) Old regions: 498->531
[1056.857s][info][gc,heap        ] GC(212) Humongous regions: 77->77
[1056.857s][info][gc,metaspace   ] GC(212) Metaspace: 28894K(29184K)->28894K(29184K) NonClass: 24011K(24128K)->24011K(24128K) Class: 4882K(5056K)->4882K(5056K)
[1056.857s][info][gc             ] GC(212) Pause Young (Prepare Mixed) (G1 Evacuation Pause) 3605M->1431M(4096M) 117.341ms
[1056.857s][info][gc,cpu         ] GC(212) User=0.70s Sys=0.00s Real=0.12s
............ (rIR:aIR:PR = 830:830:830) (tPR = 12036) [OK] 
  1068s: Performance info:
         Transaction,    Success,    Partial,     Failed,   Receipts, AvgBarcode, 
             Overall,      49838,          0,          0,      47343,      59.49, 
         Response times:
             Request,    Success,    Partial,     Failed,   SkipFail,     Probes,    Samples,      min,      p50,      p90,      p95,      p99,      max, 
       TotalPurchase,      47343,          0,          0,          0,      45648,      50977,      300,     1000,     1400,     1500,     2000,   139000,
     InStorePurchase,      24905,          0,          0,          0,      24247,      26926,      300,     1000,     1400,     1600,     2000,   139000,
      OnlinePurchase,      17464,          0,          0,          0,      16718,      18601,      300,      900,     1400,     1500,     1900,   139000,
        InstPurchase,       4974,          0,          0,          0,       4683,       5450,      400,     1000,     1400,     1600,     2100,   138000,
          AssocOfCat,         50,          0,          0,          0,         49,         54,    16800,    21000,    23000,    23000,    29000,    29000,
      AssocOfProduct,        498,          0,          0,          0,        419,        566,      600,     1100,     1500,     1600,     1800,     5900,
      BusinessReport,        127,          0,          0,          0,         97,        147,    18500,    24000,    28000,    28600,    39000,    39000,
          CustBuyBeh,        497,          0,          0,          0,        435,        560,      300,     1100,     1500,     1600,     2039,     9600,
       ProductReturn,       1323,          0,          0,          0,       1204,       1451,      200,      800,     1200,     1400,     1800,     7900,

  1068s: ( 7%)   IR =    969 ......|...[1077.904s][info][gc,start       ] GC(213) Pause Young (Mixed) (G1 Evacuation Pause)
[1077.904s][info][gc,task        ] GC(213) Using 6 workers of 6 for evacuation
[1078.037s][info][gc,phases      ] GC(213)   Pre Evacuate Collection Set: 0.39ms
[1078.037s][info][gc,phases      ] GC(213)   Merge Heap Roots: 0.77ms
[1078.037s][info][gc,phases      ] GC(213)   Evacuate Collection Set: 130.99ms
[1078.037s][info][gc,phases      ] GC(213)   Post Evacuate Collection Set: 0.98ms
[1078.037s][info][gc,phases      ] GC(213)   Other: 0.09ms
[1078.037s][info][gc,heap        ] GC(213) Eden regions: 1119->0(1119)
[1078.037s][info][gc,heap        ] GC(213) Survivor regions: 109->109(154)
[1078.037s][info][gc,heap        ] GC(213) Old regions: 531->466
[1078.037s][info][gc,heap        ] GC(213) Humongous regions: 77->77
[1078.037s][info][gc,metaspace   ] GC(213) Metaspace: 28894K(29184K)->28894K(29184K) NonClass: 24012K(24128K)->24012K(24128K) Class: 4882K(5056K)->4882K(5056K)
[1078.037s][info][gc             ] GC(213) Pause Young (Mixed) (G1 Evacuation Pause) 3669M->1301M(4096M) 133.369ms
[1078.037s][info][gc,cpu         ] GC(213) User=0.78s Sys=0.00s Real=0.14s
....................[1097.618s][info][gc,start       ] GC(214) Pause Young (Concurrent Start) (G1 Evacuation Pause)
[1097.618s][info][gc,task        ] GC(214) Using 6 workers of 6 for evacuation
[1097.734s][info][gc,phases      ] GC(214)   Pre Evacuate Collection Set: 0.41ms
[1097.734s][info][gc,phases      ] GC(214)   Merge Heap Roots: 0.46ms
[1097.734s][info][gc,phases      ] GC(214)   Evacuate Collection Set: 113.70ms
[1097.734s][info][gc,phases      ] GC(214)   Post Evacuate Collection Set: 0.92ms
[1097.734s][info][gc,phases      ] GC(214)   Other: 0.10ms
[1097.734s][info][gc,heap        ] GC(214) Eden regions: 1119->0(1120)
[1097.734s][info][gc,heap        ] GC(214) Survivor regions: 109->108(154)
[1097.734s][info][gc,heap        ] GC(214) Old regions: 466->498
[1097.734s][info][gc,heap        ] GC(214) Humongous regions: 77->77
[1097.734s][info][gc,metaspace   ] GC(214) Metaspace: 28894K(29184K)->28894K(29184K) NonClass: 24012K(24128K)->24012K(24128K) Class: 4882K(5056K)->4882K(5056K)
[1097.734s][info][gc             ] GC(214) Pause Young (Concurrent Start) (G1 Evacuation Pause) 3539M->1363M(4096M) 115.716ms
[1097.734s][info][gc             ] GC(215) Concurrent Mark Cycle
[1097.734s][info][gc,marking     ] GC(215) Concurrent Scan Root Regions
[1097.734s][info][gc,cpu         ] GC(214) User=0.68s Sys=0.00s Real=0.11s
[1097.856s][info][gc,marking     ] GC(215) Concurrent Scan Root Regions 121.845ms
[1097.856s][info][gc,marking     ] GC(215) Concurrent Mark
[1097.856s][info][gc,marking     ] GC(215) Concurrent Mark From Roots
[1097.856s][info][gc,task        ] GC(215) Using 2 workers of 2 for marking
[1098.384s][info][gc,marking     ] GC(215) Concurrent Mark From Roots 528.415ms
[1098.384s][info][gc,marking     ] GC(215) Concurrent Preclean
[1098.385s][info][gc,marking     ] GC(215) Concurrent Preclean 0.057ms
[1098.385s][info][gc,start       ] GC(215) Pause Remark
[1098.387s][info][gc             ] GC(215) Pause Remark 1465M->1465M(4096M) 2.388ms
[1098.387s][info][gc,cpu         ] GC(215) User=0.01s Sys=0.00s Real=0.01s
[1098.387s][info][gc,marking     ] GC(215) Concurrent Mark 531.107ms
[1098.387s][info][gc,marking     ] GC(215) Concurrent Rebuild Remembered Sets and Scrub Regions
.[1098.604s][info][gc,marking     ] GC(215) Concurrent Rebuild Remembered Sets and Scrub Regions 217.256ms
[1098.605s][info][gc,start       ] GC(215) Pause Cleanup
[1098.605s][info][gc             ] GC(215) Pause Cleanup 1501M->1501M(4096M) 0.113ms
[1098.605s][info][gc,cpu         ] GC(215) User=0.00s Sys=0.00s Real=0.00s
[1098.605s][info][gc,marking     ] GC(215) Concurrent Clear Claimed Marks
[1098.605s][info][gc,marking     ] GC(215) Concurrent Clear Claimed Marks 0.028ms
[1098.605s][info][gc,marking     ] GC(215) Concurrent Cleanup for Next Mark
[1098.608s][info][gc,marking     ] GC(215) Concurrent Cleanup for Next Mark 3.243ms
[1098.608s][info][gc             ] GC(215) Concurrent Mark Cycle 873.913ms
..................[1117.315s][info][gc,start       ] GC(216) Pause Young (Prepare Mixed) (G1 Evacuation Pause)
[1117.315s][info][gc,task        ] GC(216) Using 6 workers of 6 for evacuation
[1117.431s][info][gc,phases      ] GC(216)   Pre Evacuate Collection Set: 0.33ms
[1117.431s][info][gc,phases      ] GC(216)   Merge Heap Roots: 0.52ms
[1117.431s][info][gc,phases      ] GC(216)   Evacuate Collection Set: 114.13ms
[1117.431s][info][gc,phases      ] GC(216)   Post Evacuate Collection Set: 0.95ms
[1117.431s][info][gc,phases      ] GC(216)   Other: 0.09ms
[1117.431s][info][gc,heap        ] GC(216) Eden regions: 1120->0(1119)
[1117.431s][info][gc,heap        ] GC(216) Survivor regions: 108->109(154)
[1117.431s][info][gc,heap        ] GC(216) Old regions: 498->530
[1117.431s][info][gc,heap        ] GC(216) Humongous regions: 77->77
[1117.431s][info][gc,metaspace   ] GC(216) Metaspace: 28894K(29184K)->28894K(29184K) NonClass: 24012K(24128K)->24012K(24128K) Class: 4882K(5056K)->4882K(5056K)
[1117.432s][info][gc             ] GC(216) Pause Young (Prepare Mixed) (G1 Evacuation Pause) 3603M->1430M(4096M) 116.142ms
[1117.432s][info][gc,cpu         ] GC(216) User=0.68s Sys=0.00s Real=0.12s
.................. (rIR:aIR:PR = 969:969:969) (tPR = 14520) [OK] 
  1134s: Performance info:
         Transaction,    Success,    Partial,     Failed,   Receipts, AvgBarcode, 
             Overall,      58167,          0,          0,      55254,      59.47, 
         Response times:
             Request,    Success,    Partial,     Failed,   SkipFail,     Probes,    Samples,      min,      p50,      p90,      p95,      p99,      max, 
       TotalPurchase,      55254,          0,          0,          0,      53416,      59785,      300,     1100,     1600,     1700,     2200,   136000,
     InStorePurchase,      29097,          0,          0,          0,      28215,      31408,      300,     1100,     1600,     1700,     2200,   136000,
      OnlinePurchase,      20346,          0,          0,          0,      19713,      22038,      300,     1100,     1600,     1700,     2300,    11400,
        InstPurchase,       5811,          0,          0,          0,       5488,       6339,      400,     1100,     1600,     1800,     2400,   136000,
          AssocOfCat,         59,          0,          0,          0,         58,         64,    16900,    22000,    25000,    25000,    35000,    35000,
      AssocOfProduct,        580,          0,          0,          0,        493,        655,      500,     1300,     1700,     1800,     2200,     9100,
      BusinessReport,        145,          0,          0,          0,        108,        161,    19100,    24000,    33000,    45600,   149460,   160000,
          CustBuyBeh,        584,          0,          0,          0,        485,        636,      100,      800,     1400,     1600,     2026,     6600,
       ProductReturn,       1545,          0,          0,          0,       1388,       1692,      200,      800,     1400,     1600,     2000,     2800,

  1134s: ( 8%)   IR =   1107 .[1136.551s][info][gc,start       ] GC(217) Pause Young (Mixed) (G1 Evacuation Pause)
[1136.551s][info][gc,task        ] GC(217) Using 6 workers of 6 for evacuation
[1136.684s][info][gc,phases      ] GC(217)   Pre Evacuate Collection Set: 0.42ms
[1136.684s][info][gc,phases      ] GC(217)   Merge Heap Roots: 0.72ms
[1136.684s][info][gc,phases      ] GC(217)   Evacuate Collection Set: 130.61ms
[1136.684s][info][gc,phases      ] GC(217)   Post Evacuate Collection Set: 0.98ms
[1136.684s][info][gc,phases      ] GC(217)   Other: 0.10ms
[1136.684s][info][gc,heap        ] GC(217) Eden regions: 1119->0(1120)
[1136.684s][info][gc,heap        ] GC(217) Survivor regions: 109->108(154)
[1136.684s][info][gc,heap        ] GC(217) Old regions: 530->466
[1136.684s][info][gc,heap        ] GC(217) Humongous regions: 77->77
[1136.684s][info][gc,metaspace   ] GC(217) Metaspace: 28895K(29184K)->28895K(29184K) NonClass: 24013K(24128K)->24013K(24128K) Class: 4882K(5056K)->4882K(5056K)
[1136.684s][info][gc             ] GC(217) Pause Young (Mixed) (G1 Evacuation Pause) 3668M->1299M(4096M) 132.981ms
[1136.684s][info][gc,cpu         ] GC(217) User=0.79s Sys=0.00s Real=0.13s
....|..............[1153.916s][info][gc,start       ] GC(218) Pause Young (Concurrent Start) (G1 Evacuation Pause)
[1153.916s][info][gc,task        ] GC(218) Using 6 workers of 6 for evacuation
[1154.032s][info][gc,phases      ] GC(218)   Pre Evacuate Collection Set: 0.45ms
[1154.032s][info][gc,phases      ] GC(218)   Merge Heap Roots: 0.51ms
[1154.032s][info][gc,phases      ] GC(218)   Evacuate Collection Set: 113.81ms
[1154.032s][info][gc,phases      ] GC(218)   Post Evacuate Collection Set: 0.94ms
[1154.032s][info][gc,phases      ] GC(218)   Other: 0.13ms
[1154.032s][info][gc,heap        ] GC(218) Eden regions: 1120->0(1119)
[1154.032s][info][gc,heap        ] GC(218) Survivor regions: 108->109(154)
[1154.032s][info][gc,heap        ] GC(218) Old regions: 466->497
[1154.032s][info][gc,heap        ] GC(218) Humongous regions: 77->77
[1154.032s][info][gc,metaspace   ] GC(218) Metaspace: 28895K(29184K)->28895K(29184K) NonClass: 24013K(24128K)->24013K(24128K) Class: 4882K(5056K)->4882K(5056K)
[1154.032s][info][gc             ] GC(218) Pause Young (Concurrent Start) (G1 Evacuation Pause) 3539M->1365M(4096M) 115.974ms
[1154.032s][info][gc             ] GC(219) Concurrent Mark Cycle
[1154.032s][info][gc,marking     ] GC(219) Concurrent Scan Root Regions
[1154.032s][info][gc,cpu         ] GC(218) User=0.69s Sys=0.00s Real=0.12s
[1154.157s][info][gc,marking     ] GC(219) Concurrent Scan Root Regions 124.531ms
[1154.157s][info][gc,marking     ] GC(219) Concurrent Mark
[1154.157s][info][gc,marking     ] GC(219) Concurrent Mark From Roots
[1154.157s][info][gc,task        ] GC(219) Using 2 workers of 2 for marking
.[1154.709s][info][gc,marking     ] GC(219) Concurrent Mark From Roots 552.531ms
[1154.709s][info][gc,marking     ] GC(219) Concurrent Preclean
[1154.709s][info][gc,marking     ] GC(219) Concurrent Preclean 0.059ms
[1154.709s][info][gc,start       ] GC(219) Pause Remark
[1154.712s][info][gc             ] GC(219) Pause Remark 1487M->1487M(4096M) 2.421ms
[1154.712s][info][gc,cpu         ] GC(219) User=0.02s Sys=0.00s Real=0.00s
[1154.712s][info][gc,marking     ] GC(219) Concurrent Mark 555.272ms
[1154.712s][info][gc,marking     ] GC(219) Concurrent Rebuild Remembered Sets and Scrub Regions
[1155.050s][info][gc,marking     ] GC(219) Concurrent Rebuild Remembered Sets and Scrub Regions 337.923ms
[1155.050s][info][gc,start       ] GC(219) Pause Cleanup
[1155.050s][info][gc             ] GC(219) Pause Cleanup 1532M->1532M(4096M) 0.131ms
[1155.050s][info][gc,cpu         ] GC(219) User=0.01s Sys=0.00s Real=0.00s
[1155.050s][info][gc,marking     ] GC(219) Concurrent Clear Claimed Marks
[1155.050s][info][gc,marking     ] GC(219) Concurrent Clear Claimed Marks 0.028ms
[1155.050s][info][gc,marking     ] GC(219) Concurrent Cleanup for Next Mark
[1155.054s][info][gc,marking     ] GC(219) Concurrent Cleanup for Next Mark 3.337ms
[1155.054s][info][gc             ] GC(219) Concurrent Mark Cycle 1021.556ms
................[1171.063s][info][gc,start       ] GC(220) Pause Young (Prepare Mixed) (G1 Evacuation Pause)
[1171.063s][info][gc,task        ] GC(220) Using 6 workers of 6 for evacuation
[1171.180s][info][gc,phases      ] GC(220)   Pre Evacuate Collection Set: 0.36ms
[1171.180s][info][gc,phases      ] GC(220)   Merge Heap Roots: 0.56ms
[1171.180s][info][gc,phases      ] GC(220)   Evacuate Collection Set: 115.36ms
[1171.180s][info][gc,phases      ] GC(220)   Post Evacuate Collection Set: 0.97ms
[1171.180s][info][gc,phases      ] GC(220)   Other: 0.10ms
[1171.180s][info][gc,heap        ] GC(220) Eden regions: 1119->0(1119)
[1171.180s][info][gc,heap        ] GC(220) Survivor regions: 109->109(154)
[1171.180s][info][gc,heap        ] GC(220) Old regions: 497->529
[1171.180s][info][gc,heap        ] GC(220) Humongous regions: 77->77
[1171.180s][info][gc,metaspace   ] GC(220) Metaspace: 28895K(29184K)->28895K(29184K) NonClass: 24013K(24128K)->24013K(24128K) Class: 4882K(5056K)->4882K(5056K)
[1171.180s][info][gc             ] GC(220) Pause Young (Prepare Mixed) (G1 Evacuation Pause) 3603M->1428M(4096M) 117.498ms
[1171.180s][info][gc,cpu         ] GC(220) User=0.69s Sys=0.00s Real=0.12s
.................[1188.211s][info][gc,start       ] GC(221) Pause Young (Mixed) (G1 Evacuation Pause)
[1188.211s][info][gc,task        ] GC(221) Using 6 workers of 6 for evacuation
[1188.347s][info][gc,phases      ] GC(221)   Pre Evacuate Collection Set: 0.41ms
[1188.347s][info][gc,phases      ] GC(221)   Merge Heap Roots: 0.66ms
[1188.347s][info][gc,phases      ] GC(221)   Evacuate Collection Set: 132.92ms
[1188.347s][info][gc,phases      ] GC(221)   Post Evacuate Collection Set: 1.00ms
[1188.347s][info][gc,phases      ] GC(221)   Other: 0.09ms
[1188.347s][info][gc,heap        ] GC(221) Eden regions: 1119->0(1120)
[1188.347s][info][gc,heap        ] GC(221) Survivor regions: 109->108(154)
[1188.347s][info][gc,heap        ] GC(221) Old regions: 529->466
[1188.347s][info][gc,heap        ] GC(221) Humongous regions: 77->77
[1188.347s][info][gc,metaspace   ] GC(221) Metaspace: 28895K(29184K)->28895K(29184K) NonClass: 24013K(24128K)->24013K(24128K) Class: 4882K(5056K)->4882K(5056K)
[1188.347s][info][gc             ] GC(221) Pause Young (Mixed) (G1 Evacuation Pause) 3666M->1300M(4096M) 135.220ms
[1188.347s][info][gc,cpu         ] GC(221) User=0.80s Sys=0.00s Real=0.13s
............ (rIR:aIR:PR = 1107:1107:1107) (tPR = 16541) [OK] 
  1199s: Performance info:
         Transaction,    Success,    Partial,     Failed,   Receipts, AvgBarcode, 
             Overall,      66442,          0,          0,      63125,      59.47, 
         Response times:
             Request,    Success,    Partial,     Failed,   SkipFail,     Probes,    Samples,      min,      p50,      p90,      p95,      p99,      max, 
       TotalPurchase,      63125,          0,          0,          0,      60957,      67156,      300,     1200,     1800,     2000,     2800,   139000,
     InStorePurchase,      33183,          0,          0,          0,      32074,      35139,      300,     1200,     1800,     2000,     2900,   139000,
      OnlinePurchase,      23281,          0,          0,          0,      22558,      24911,      300,     1200,     1800,     2000,     2800,   139000,
        InstPurchase,       6661,          0,          0,          0,       6325,       7106,      400,     1100,     1700,     1900,     2500,   137000,
          AssocOfCat,         67,          0,          0,          0,         66,         71,    16200,    22000,    25800,    27800,    48000,    48000,
      AssocOfProduct,        663,          0,          0,          0,        560,        703,      500,     1500,     2000,     2200,     3192,   120000,
      BusinessReport,        165,          0,          0,          0,        130,        219,    18500,    25000,    30000,    37000,    57800,    60000,
          CustBuyBeh,        662,          0,          0,          0,        581,        750,      300,     1300,     1800,     2000,     3392,     7200,
       ProductReturn,       1760,          0,          0,          0,       1563,       1834,      200,     1300,     1800,     2000,     2700,   139000,

  1199s: ( 9%)   IR =   1245 .....[1204.815s][info][gc,start       ] GC(222) Pause Young (Concurrent Start) (G1 Evacuation Pause)
[1204.815s][info][gc,task        ] GC(222) Using 6 workers of 6 for evacuation
[1204.931s][info][gc,phases      ] GC(222)   Pre Evacuate Collection Set: 0.40ms
[1204.931s][info][gc,phases      ] GC(222)   Merge Heap Roots: 0.47ms
[1204.931s][info][gc,phases      ] GC(222)   Evacuate Collection Set: 113.97ms
[1204.931s][info][gc,phases      ] GC(222)   Post Evacuate Collection Set: 0.90ms
[1204.931s][info][gc,phases      ] GC(222)   Other: 0.12ms
[1204.931s][info][gc,heap        ] GC(222) Eden regions: 1120->0(1120)
[1204.931s][info][gc,heap        ] GC(222) Survivor regions: 108->108(154)
[1204.931s][info][gc,heap        ] GC(222) Old regions: 466->498
[1204.931s][info][gc,heap        ] GC(222) Humongous regions: 77->77
[1204.931s][info][gc,metaspace   ] GC(222) Metaspace: 28898K(29184K)->28898K(29184K) NonClass: 24015K(24128K)->24015K(24128K) Class: 4882K(5056K)->4882K(5056K)
[1204.931s][info][gc             ] GC(222) Pause Young (Concurrent Start) (G1 Evacuation Pause) 3540M->1364M(4096M) 116.020ms
[1204.931s][info][gc             ] GC(223) Concurrent Mark Cycle
[1204.931s][info][gc,marking     ] GC(223) Concurrent Scan Root Regions
[1204.931s][info][gc,cpu         ] GC(222) User=0.68s Sys=0.00s Real=0.12s
[1205.095s][info][gc,marking     ] GC(223) Concurrent Scan Root Regions 163.392ms
[1205.095s][info][gc,marking     ] GC(223) Concurrent Mark
[1205.095s][info][gc,marking     ] GC(223) Concurrent Mark From Roots
[1205.095s][info][gc,task        ] GC(223) Using 2 workers of 2 for marking
[1205.649s][info][gc,marking     ] GC(223) Concurrent Mark From Roots 553.865ms
[1205.649s][info][gc,marking     ] GC(223) Concurrent Preclean
[1205.649s][info][gc,marking     ] GC(223) Concurrent Preclean 0.060ms
[1205.649s][info][gc,start       ] GC(223) Pause Remark
[1205.651s][info][gc             ] GC(223) Pause Remark 1491M->1491M(4096M) 2.612ms
[1205.652s][info][gc,cpu         ] GC(223) User=0.02s Sys=0.00s Real=0.00s
[1205.652s][info][gc,marking     ] GC(223) Concurrent Mark 556.798ms
[1205.652s][info][gc,marking     ] GC(223) Concurrent Rebuild Remembered Sets and Scrub Regions
.[1205.877s][info][gc,marking     ] GC(223) Concurrent Rebuild Remembered Sets and Scrub Regions 225.125ms
[1205.877s][info][gc,start       ] GC(223) Pause Cleanup
[1205.877s][info][gc             ] GC(223) Pause Cleanup 1521M->1521M(4096M) 0.121ms
[1205.877s][info][gc,cpu         ] GC(223) User=0.00s Sys=0.00s Real=0.00s
[1205.877s][info][gc,marking     ] GC(223) Concurrent Clear Claimed Marks
[1205.877s][info][gc,marking     ] GC(223) Concurrent Clear Claimed Marks 0.036ms
[1205.877s][info][gc,marking     ] GC(223) Concurrent Cleanup for Next Mark
[1205.880s][info][gc,marking     ] GC(223) Concurrent Cleanup for Next Mark 3.335ms
[1205.880s][info][gc             ] GC(223) Concurrent Mark Cycle 949.204ms
.|.............[1220.134s][info][gc,start       ] GC(224) Pause Young (Prepare Mixed) (G1 Evacuation Pause)
[1220.134s][info][gc,task        ] GC(224) Using 6 workers of 6 for evacuation
[1220.250s][info][gc,phases      ] GC(224)   Pre Evacuate Collection Set: 0.37ms
[1220.250s][info][gc,phases      ] GC(224)   Merge Heap Roots: 0.53ms
[1220.250s][info][gc,phases      ] GC(224)   Evacuate Collection Set: 114.02ms
[1220.250s][info][gc,phases      ] GC(224)   Post Evacuate Collection Set: 0.95ms
[1220.250s][info][gc,phases      ] GC(224)   Other: 0.10ms
[1220.250s][info][gc,heap        ] GC(224) Eden regions: 1120->0(1119)
[1220.250s][info][gc,heap        ] GC(224) Survivor regions: 108->109(154)
[1220.250s][info][gc,heap        ] GC(224) Old regions: 498->530
[1220.250s][info][gc,heap        ] GC(224) Humongous regions: 77->77
[1220.250s][info][gc,metaspace   ] GC(224) Metaspace: 28898K(29184K)->28898K(29184K) NonClass: 24015K(24128K)->24015K(24128K) Class: 4882K(5056K)->4882K(5056K)
[1220.250s][info][gc             ] GC(224) Pause Young (Prepare Mixed) (G1 Evacuation Pause) 3604M->1430M(4096M) 116.102ms
[1220.250s][info][gc,cpu         ] GC(224) User=0.69s Sys=0.00s Real=0.12s
...............[1235.414s][info][gc,start       ] GC(225) Pause Young (Mixed) (G1 Evacuation Pause)
[1235.414s][info][gc,task        ] GC(225) Using 6 workers of 6 for evacuation
[1235.543s][info][gc,phases      ] GC(225)   Pre Evacuate Collection Set: 0.43ms
[1235.543s][info][gc,phases      ] GC(225)   Merge Heap Roots: 0.62ms
[1235.543s][info][gc,phases      ] GC(225)   Evacuate Collection Set: 126.71ms
[1235.543s][info][gc,phases      ] GC(225)   Post Evacuate Collection Set: 0.99ms
[1235.543s][info][gc,phases      ] GC(225)   Other: 0.10ms
[1235.543s][info][gc,heap        ] GC(225) Eden regions: 1119->0(1120)
[1235.543s][info][gc,heap        ] GC(225) Survivor regions: 109->108(154)
[1235.543s][info][gc,heap        ] GC(225) Old regions: 530->468
[1235.543s][info][gc,heap        ] GC(225) Humongous regions: 77->77
[1235.543s][info][gc,metaspace   ] GC(225) Metaspace: 28898K(29184K)->28898K(29184K) NonClass: 24015K(24128K)->24015K(24128K) Class: 4882K(5056K)->4882K(5056K)
[1235.543s][info][gc             ] GC(225) Pause Young (Mixed) (G1 Evacuation Pause) 3668M->1303M(4096M) 128.983ms
[1235.543s][info][gc,cpu         ] GC(225) User=0.76s Sys=0.00s Real=0.13s
...............[1250.687s][info][gc,start       ] GC(226) Pause Young (Concurrent Start) (G1 Evacuation Pause)
[1250.687s][info][gc,task        ] GC(226) Using 6 workers of 6 for evacuation
[1250.804s][info][gc,phases      ] GC(226)   Pre Evacuate Collection Set: 0.42ms
[1250.804s][info][gc,phases      ] GC(226)   Merge Heap Roots: 0.50ms
[1250.804s][info][gc,phases      ] GC(226)   Evacuate Collection Set: 114.34ms
[1250.804s][info][gc,phases      ] GC(226)   Post Evacuate Collection Set: 0.90ms
[1250.804s][info][gc,phases      ] GC(226)   Other: 0.11ms
[1250.804s][info][gc,heap        ] GC(226) Eden regions: 1120->0(1120)
[1250.804s][info][gc,heap        ] GC(226) Survivor regions: 108->108(154)
[1250.804s][info][gc,heap        ] GC(226) Old regions: 468->500
[1250.804s][info][gc,heap        ] GC(226) Humongous regions: 77->77
[1250.804s][info][gc,metaspace   ] GC(226) Metaspace: 28898K(29184K)->28898K(29184K) NonClass: 24016K(24128K)->24016K(24128K) Class: 4882K(5056K)->4882K(5056K)
[1250.804s][info][gc             ] GC(226) Pause Young (Concurrent Start) (G1 Evacuation Pause) 3543M->1368M(4096M) 116.444ms
[1250.804s][info][gc             ] GC(227) Concurrent Mark Cycle
[1250.804s][info][gc,marking     ] GC(227) Concurrent Scan Root Regions
[1250.804s][info][gc,cpu         ] GC(226) User=0.69s Sys=0.00s Real=0.11s
.[1250.969s][info][gc,marking     ] GC(227) Concurrent Scan Root Regions 165.390ms
[1250.969s][info][gc,marking     ] GC(227) Concurrent Mark
[1250.969s][info][gc,marking     ] GC(227) Concurrent Mark From Roots
[1250.969s][info][gc,task        ] GC(227) Using 2 workers of 2 for marking
.[1251.890s][info][gc,marking     ] GC(227) Concurrent Mark From Roots 920.611ms
[1251.890s][info][gc,marking     ] GC(227) Concurrent Preclean
[1251.890s][info][gc,marking     ] GC(227) Concurrent Preclean 0.081ms
[1251.890s][info][gc,start       ] GC(227) Pause Remark
[1251.893s][info][gc             ] GC(227) Pause Remark 1550M->1550M(4096M) 2.486ms
[1251.893s][info][gc,cpu         ] GC(227) User=0.01s Sys=0.00s Real=0.00s
[1251.893s][info][gc,marking     ] GC(227) Concurrent Mark 923.884ms
[1251.893s][info][gc,marking     ] GC(227) Concurrent Rebuild Remembered Sets and Scrub Regions
[1252.111s][info][gc,marking     ] GC(227) Concurrent Rebuild Remembered Sets and Scrub Regions 217.976ms
[1252.111s][info][gc,start       ] GC(227) Pause Cleanup
[1252.112s][info][gc             ] GC(227) Pause Cleanup 1593M->1593M(4096M) 0.124ms
[1252.112s][info][gc,cpu         ] GC(227) User=0.00s Sys=0.00s Real=0.00s
[1252.112s][info][gc,marking     ] GC(227) Concurrent Clear Claimed Marks
[1252.112s][info][gc,marking     ] GC(227) Concurrent Clear Claimed Marks 0.034ms
[1252.112s][info][gc,marking     ] GC(227) Concurrent Cleanup for Next Mark
[1252.115s][info][gc,marking     ] GC(227) Concurrent Cleanup for Next Mark 3.253ms
[1252.115s][info][gc             ] GC(227) Concurrent Mark Cycle 1311.028ms
..............[1265.987s][info][gc,start       ] GC(228) Pause Young (Prepare Mixed) (G1 Evacuation Pause)
[1265.987s][info][gc,task        ] GC(228) Using 6 workers of 6 for evacuation
[1266.108s][info][gc,phases      ] GC(228)   Pre Evacuate Collection Set: 0.37ms
[1266.108s][info][gc,phases      ] GC(228)   Merge Heap Roots: 0.49ms
[1266.108s][info][gc,phases      ] GC(228)   Evacuate Collection Set: 118.56ms
[1266.108s][info][gc,phases      ] GC(228)   Post Evacuate Collection Set: 0.97ms
[1266.108s][info][gc,phases      ] GC(228)   Other: 0.09ms
[1266.108s][info][gc,heap        ] GC(228) Eden regions: 1120->0(1114)
[1266.108s][info][gc,heap        ] GC(228) Survivor regions: 108->111(154)
[1266.108s][info][gc,heap        ] GC(228) Old regions: 500->532
[1266.108s][info][gc,heap        ] GC(228) Humongous regions: 77->77
[1266.108s][info][gc,metaspace   ] GC(228) Metaspace: 28898K(29184K)->28898K(29184K) NonClass: 24016K(24128K)->24016K(24128K) Class: 4882K(5056K)->4882K(5056K)
[1266.108s][info][gc             ] GC(228) Pause Young (Prepare Mixed) (G1 Evacuation Pause) 3608M->1439M(4096M) 120.639ms
[1266.108s][info][gc,cpu         ] GC(228) User=0.71s Sys=0.00s Real=0.12s
. (rIR:aIR:PR = 1245:1245:1245) (tPR = 18499) [OK] 
  1266s: Performance info:
         Transaction,    Success,    Partial,     Failed,   Receipts, AvgBarcode, 
             Overall,      74806,          0,          0,      71065,      59.48, 
         Response times:
             Request,    Success,    Partial,     Failed,   SkipFail,     Probes,    Samples,      min,      p50,      p90,      p95,      p99,      max, 
       TotalPurchase,      71065,          0,          0,          0,      68763,      78232,      300,     1300,     1900,     2100,     3300,   135000,
     InStorePurchase,      37402,          0,          0,          0,      36295,      41043,      300,     1300,     2000,     2200,     3456,   133000,
      OnlinePurchase,      26183,          0,          0,          0,      25404,      28991,      300,     1200,     1900,     2100,     3000,   135000,
        InstPurchase,       7480,          0,          0,          0,       7064,       8198,      300,     1400,     2000,     2200,     4302,   133000,
          AssocOfCat,         76,          0,          0,          0,         72,         83,    17000,    23000,    25600,    26000,    36000,    36000,
      AssocOfProduct,        744,          0,          0,          0,        630,        823,      500,     1400,     2000,     2200,     2976,   118000,
      BusinessReport,        188,          0,          0,          0,        148,        226,    19400,    26000,    32000,    36650,   122160,   158000,
          CustBuyBeh,        748,          0,          0,          0,        643,        843,      200,     1500,     1900,     2200,     3056,   119000,
       ProductReturn,       1985,          0,          0,          0,       1800,       2183,      200,     1400,     1900,     2200,     3516,   123000,

  1266s: (10%)   IR =   1384 .......|.....[1279.666s][info][gc,start       ] GC(229) Pause Young (Mixed) (G1 Evacuation Pause)
[1279.666s][info][gc,task        ] GC(229) Using 6 workers of 6 for evacuation
[1279.800s][info][gc,phases      ] GC(229)   Pre Evacuate Collection Set: 0.40ms
[1279.800s][info][gc,phases      ] GC(229)   Merge Heap Roots: 0.76ms
[1279.800s][info][gc,phases      ] GC(229)   Evacuate Collection Set: 132.22ms
[1279.800s][info][gc,phases      ] GC(229)   Post Evacuate Collection Set: 1.00ms
[1279.800s][info][gc,phases      ] GC(229)   Other: 0.09ms
[1279.800s][info][gc,heap        ] GC(229) Eden regions: 1114->0(1120)
[1279.800s][info][gc,heap        ] GC(229) Survivor regions: 111->108(154)
[1279.800s][info][gc,heap        ] GC(229) Old regions: 532->467
[1279.800s][info][gc,heap        ] GC(229) Humongous regions: 77->77
[1279.800s][info][gc,metaspace   ] GC(229) Metaspace: 28900K(29184K)->28900K(29184K) NonClass: 24017K(24128K)->24017K(24128K) Class: 4882K(5056K)->4882K(5056K)
[1279.800s][info][gc             ] GC(229) Pause Young (Mixed) (G1 Evacuation Pause) 3667M->1301M(4096M) 134.608ms
[1279.800s][info][gc,cpu         ] GC(229) User=0.80s Sys=0.00s Real=0.14s
..............[1293.417s][info][gc,start       ] GC(230) Pause Young (Concurrent Start) (G1 Evacuation Pause)
[1293.418s][info][gc,task        ] GC(230) Using 6 workers of 6 for evacuation
[1293.533s][info][gc,phases      ] GC(230)   Pre Evacuate Collection Set: 0.42ms
[1293.533s][info][gc,phases      ] GC(230)   Merge Heap Roots: 0.48ms
[1293.533s][info][gc,phases      ] GC(230)   Evacuate Collection Set: 113.36ms
[1293.533s][info][gc,phases      ] GC(230)   Post Evacuate Collection Set: 0.88ms
[1293.533s][info][gc,phases      ] GC(230)   Other: 0.12ms
[1293.533s][info][gc,heap        ] GC(230) Eden regions: 1120->0(1120)
[1293.533s][info][gc,heap        ] GC(230) Survivor regions: 108->108(154)
[1293.533s][info][gc,heap        ] GC(230) Old regions: 467->499
[1293.533s][info][gc,heap        ] GC(230) Humongous regions: 77->77
[1293.533s][info][gc,metaspace   ] GC(230) Metaspace: 28900K(29184K)->28900K(29184K) NonClass: 24017K(24128K)->24017K(24128K) Class: 4882K(5056K)->4882K(5056K)
[1293.533s][info][gc             ] GC(230) Pause Young (Concurrent Start) (G1 Evacuation Pause) 3541M->1365M(4096M) 115.410ms
[1293.533s][info][gc             ] GC(231) Concurrent Mark Cycle
[1293.533s][info][gc,marking     ] GC(231) Concurrent Scan Root Regions
[1293.533s][info][gc,cpu         ] GC(230) User=0.67s Sys=0.01s Real=0.11s
[1293.645s][info][gc,marking     ] GC(231) Concurrent Scan Root Regions 112.145ms
[1293.645s][info][gc,marking     ] GC(231) Concurrent Mark
[1293.645s][info][gc,marking     ] GC(231) Concurrent Mark From Roots
[1293.645s][info][gc,task        ] GC(231) Using 2 workers of 2 for marking
.[1294.190s][info][gc,marking     ] GC(231) Concurrent Mark From Roots 544.896ms
[1294.190s][info][gc,marking     ] GC(231) Concurrent Preclean
[1294.190s][info][gc,marking     ] GC(231) Concurrent Preclean 0.061ms
[1294.190s][info][gc,start       ] GC(231) Pause Remark
[1294.193s][info][gc             ] GC(231) Pause Remark 1477M->1477M(4096M) 2.476ms
[1294.193s][info][gc,cpu         ] GC(231) User=0.01s Sys=0.00s Real=0.00s
[1294.193s][info][gc,marking     ] GC(231) Concurrent Mark 547.703ms
[1294.193s][info][gc,marking     ] GC(231) Concurrent Rebuild Remembered Sets and Scrub Regions
[1294.403s][info][gc,marking     ] GC(231) Concurrent Rebuild Remembered Sets and Scrub Regions 210.331ms
[1294.403s][info][gc,start       ] GC(231) Pause Cleanup
[1294.403s][info][gc             ] GC(231) Pause Cleanup 1508M->1508M(4096M) 0.116ms
[1294.403s][info][gc,cpu         ] GC(231) User=0.00s Sys=0.00s Real=0.00s
[1294.403s][info][gc,marking     ] GC(231) Concurrent Clear Claimed Marks
[1294.403s][info][gc,marking     ] GC(231) Concurrent Clear Claimed Marks 0.029ms
[1294.403s][info][gc,marking     ] GC(231) Concurrent Cleanup for Next Mark
[1294.407s][info][gc,marking     ] GC(231) Concurrent Cleanup for Next Mark 3.223ms
[1294.407s][info][gc             ] GC(231) Concurrent Mark Cycle 873.861ms
.............[1307.373s][info][gc,start       ] GC(232) Pause Young (Prepare Mixed) (G1 Evacuation Pause)
[1307.373s][info][gc,task        ] GC(232) Using 6 workers of 6 for evacuation
[1307.492s][info][gc,phases      ] GC(232)   Pre Evacuate Collection Set: 0.36ms
[1307.492s][info][gc,phases      ] GC(232)   Merge Heap Roots: 0.58ms
[1307.492s][info][gc,phases      ] GC(232)   Evacuate Collection Set: 116.25ms
[1307.492s][info][gc,phases      ] GC(232)   Post Evacuate Collection Set: 0.96ms
[1307.492s][info][gc,phases      ] GC(232)   Other: 0.09ms
[1307.492s][info][gc,heap        ] GC(232) Eden regions: 1120->0(1118)
[1307.492s][info][gc,heap        ] GC(232) Survivor regions: 108->110(154)
[1307.492s][info][gc,heap        ] GC(232) Old regions: 499->530
[1307.492s][info][gc,heap        ] GC(232) Humongous regions: 77->77
[1307.492s][info][gc,metaspace   ] GC(232) Metaspace: 28901K(29184K)->28901K(29184K) NonClass: 24018K(24128K)->24018K(24128K) Class: 4882K(5056K)->4882K(5056K)
[1307.492s][info][gc             ] GC(232) Pause Young (Prepare Mixed) (G1 Evacuation Pause) 3605M->1432M(4096M) 118.386ms
[1307.492s][info][gc,cpu         ] GC(232) User=0.70s Sys=0.00s Real=0.12s
..............[1321.124s][info][gc,start       ] GC(233) Pause Young (Mixed) (G1 Evacuation Pause)
[1321.124s][info][gc,task        ] GC(233) Using 6 workers of 6 for evacuation
[1321.255s][info][gc,phases      ] GC(233)   Pre Evacuate Collection Set: 0.42ms
[1321.255s][info][gc,phases      ] GC(233)   Merge Heap Roots: 0.64ms
[1321.255s][info][gc,phases      ] GC(233)   Evacuate Collection Set: 128.56ms
[1321.255s][info][gc,phases      ] GC(233)   Post Evacuate Collection Set: 0.99ms
[1321.255s][info][gc,phases      ] GC(233)   Other: 0.09ms
[1321.255s][info][gc,heap        ] GC(233) Eden regions: 1118->0(1119)
[1321.255s][info][gc,heap        ] GC(233) Survivor regions: 110->109(154)
[1321.255s][info][gc,heap        ] GC(233) Old regions: 530->466
[1321.255s][info][gc,heap        ] GC(233) Humongous regions: 77->77
[1321.255s][info][gc,metaspace   ] GC(233) Metaspace: 28901K(29184K)->28901K(29184K) NonClass: 24018K(24128K)->24018K(24128K) Class: 4882K(5056K)->4882K(5056K)
[1321.255s][info][gc             ] GC(233) Pause Young (Mixed) (G1 Evacuation Pause) 3668M->1303M(4096M) 130.847ms
[1321.255s][info][gc,cpu         ] GC(233) User=0.77s Sys=0.00s Real=0.13s
............. (rIR:aIR:PR = 1384:1383:1383) (tPR = 20344) [OK] 
  1333s: Performance info:
         Transaction,    Success,    Partial,     Failed,   Receipts, AvgBarcode, 
             Overall,      83048,          0,          0,      78887,      59.47, 
         Response times:
             Request,    Success,    Partial,     Failed,   SkipFail,     Probes,    Samples,      min,      p50,      p90,      p95,      p99,      max, 
       TotalPurchase,      78887,          0,          0,          0,      76513,      86768,      300,     1400,     2100,     2300,     3300,   139000,
     InStorePurchase,      41488,          0,          0,          0,      40121,      45294,      300,     1400,     2100,     2300,     3300,   139000,
      OnlinePurchase,      29079,          0,          0,          0,      28329,      32106,      300,     1400,     2000,     2200,     3200,   139000,
        InstPurchase,       8320,          0,          0,          0,       8063,       9368,      400,     1300,     2000,     2200,     3200,   139000,
          AssocOfCat,         84,          0,          0,          0,         81,         92,    17100,    23000,    27000,    29050,    54000,    54000,
      AssocOfProduct,        835,          0,          0,          0,        698,        871,      500,     1600,     2100,     2300,     3612,    10800,
      BusinessReport,        206,          0,          0,          0,        133,        197,    18700,    25000,    32000,    33200,    40180,    49000,
          CustBuyBeh,        831,          0,          0,          0,        686,        869,      300,     1400,     1900,     2100,     5620,    25000,
       ProductReturn,       2205,          0,          0,          0,       2029,       2461,      200,     1100,     1900,     2100,     2800,    31000,

  1333s: (11%)   IR =   1522 [1334.812s][info][gc,start       ] GC(234) Pause Young (Concurrent Start) (G1 Evacuation Pause)
[1334.812s][info][gc,task        ] GC(234) Using 6 workers of 6 for evacuation
[1334.927s][info][gc,phases      ] GC(234)   Pre Evacuate Collection Set: 0.46ms
[1334.927s][info][gc,phases      ] GC(234)   Merge Heap Roots: 0.50ms
[1334.927s][info][gc,phases      ] GC(234)   Evacuate Collection Set: 113.74ms
[1334.927s][info][gc,phases      ] GC(234)   Post Evacuate Collection Set: 0.94ms
[1334.927s][info][gc,phases      ] GC(234)   Other: 0.12ms
[1334.927s][info][gc,heap        ] GC(234) Eden regions: 1119->0(1120)
[1334.927s][info][gc,heap        ] GC(234) Survivor regions: 109->108(154)
[1334.927s][info][gc,heap        ] GC(234) Old regions: 466->498
[1334.927s][info][gc,heap        ] GC(234) Humongous regions: 77->77
[1334.927s][info][gc,metaspace   ] GC(234) Metaspace: 28901K(29184K)->28901K(29184K) NonClass: 24019K(24128K)->24019K(24128K) Class: 4882K(5056K)->4882K(5056K)
[1334.927s][info][gc             ] GC(234) Pause Young (Concurrent Start) (G1 Evacuation Pause) 3541M->1365M(4096M) 115.880ms
[1334.928s][info][gc             ] GC(235) Concurrent Mark Cycle
[1334.928s][info][gc,marking     ] GC(235) Concurrent Scan Root Regions
[1334.928s][info][gc,cpu         ] GC(234) User=0.68s Sys=0.00s Real=0.12s
.[1335.094s][info][gc,marking     ] GC(235) Concurrent Scan Root Regions 166.135ms
[1335.094s][info][gc,marking     ] GC(235) Concurrent Mark
[1335.094s][info][gc,marking     ] GC(235) Concurrent Mark From Roots
[1335.094s][info][gc,task        ] GC(235) Using 2 workers of 2 for marking
.[1336.020s][info][gc,marking     ] GC(235) Concurrent Mark From Roots 926.505ms
[1336.020s][info][gc,marking     ] GC(235) Concurrent Preclean
[1336.020s][info][gc,marking     ] GC(235) Concurrent Preclean 0.079ms
[1336.020s][info][gc,start       ] GC(235) Pause Remark
[1336.023s][info][gc             ] GC(235) Pause Remark 1592M->1592M(4096M) 2.685ms
[1336.023s][info][gc,cpu         ] GC(235) User=0.02s Sys=0.00s Real=0.00s
[1336.023s][info][gc,marking     ] GC(235) Concurrent Mark 929.572ms
[1336.023s][info][gc,marking     ] GC(235) Concurrent Rebuild Remembered Sets and Scrub Regions
[1336.226s][info][gc,marking     ] GC(235) Concurrent Rebuild Remembered Sets and Scrub Regions 202.689ms
[1336.226s][info][gc,start       ] GC(235) Pause Cleanup
[1336.226s][info][gc             ] GC(235) Pause Cleanup 1632M->1632M(4096M) 0.116ms
[1336.226s][info][gc,cpu         ] GC(235) User=0.00s Sys=0.00s Real=0.00s
[1336.226s][info][gc,marking     ] GC(235) Concurrent Clear Claimed Marks
[1336.226s][info][gc,marking     ] GC(235) Concurrent Clear Claimed Marks 0.030ms
[1336.226s][info][gc,marking     ] GC(235) Concurrent Cleanup for Next Mark
[1336.230s][info][gc,marking     ] GC(235) Concurrent Cleanup for Next Mark 3.169ms
[1336.230s][info][gc             ] GC(235) Concurrent Mark Cycle 1302.036ms
.........|..[1347.200s][info][gc,start       ] GC(236) Pause Young (Prepare Mixed) (G1 Evacuation Pause)
[1347.200s][info][gc,task        ] GC(236) Using 6 workers of 6 for evacuation
[1347.318s][info][gc,phases      ] GC(236)   Pre Evacuate Collection Set: 0.38ms
[1347.318s][info][gc,phases      ] GC(236)   Merge Heap Roots: 0.63ms
[1347.318s][info][gc,phases      ] GC(236)   Evacuate Collection Set: 115.80ms
[1347.318s][info][gc,phases      ] GC(236)   Post Evacuate Collection Set: 0.99ms
[1347.318s][info][gc,phases      ] GC(236)   Other: 0.09ms
[1347.318s][info][gc,heap        ] GC(236) Eden regions: 1120->0(1120)
[1347.318s][info][gc,heap        ] GC(236) Survivor regions: 108->108(154)
[1347.318s][info][gc,heap        ] GC(236) Old regions: 498->530
[1347.318s][info][gc,heap        ] GC(236) Humongous regions: 77->77
[1347.318s][info][gc,metaspace   ] GC(236) Metaspace: 28901K(29184K)->28901K(29184K) NonClass: 24019K(24128K)->24019K(24128K) Class: 4882K(5056K)->4882K(5056K)
[1347.318s][info][gc             ] GC(236) Pause Young (Prepare Mixed) (G1 Evacuation Pause) 3605M->1429M(4096M) 118.051ms
[1347.318s][info][gc,cpu         ] GC(236) User=0.69s Sys=0.00s Real=0.12s
............[1359.772s][info][gc,start       ] GC(237) Pause Young (Mixed) (G1 Evacuation Pause)
[1359.772s][info][gc,task        ] GC(237) Using 6 workers of 6 for evacuation
[1359.902s][info][gc,phases      ] GC(237)   Pre Evacuate Collection Set: 0.41ms
[1359.902s][info][gc,phases      ] GC(237)   Merge Heap Roots: 0.73ms
[1359.902s][info][gc,phases      ] GC(237)   Evacuate Collection Set: 127.67ms
[1359.902s][info][gc,phases      ] GC(237)   Post Evacuate Collection Set: 1.01ms
[1359.902s][info][gc,phases      ] GC(237)   Other: 0.09ms
[1359.902s][info][gc,heap        ] GC(237) Eden regions: 1120->0(1120)
[1359.902s][info][gc,heap        ] GC(237) Survivor regions: 108->108(154)
[1359.902s][info][gc,heap        ] GC(237) Old regions: 530->468
[1359.902s][info][gc,heap        ] GC(237) Humongous regions: 77->77
[1359.902s][info][gc,metaspace   ] GC(237) Metaspace: 28901K(29184K)->28901K(29184K) NonClass: 24019K(24128K)->24019K(24128K) Class: 4882K(5056K)->4882K(5056K)
[1359.902s][info][gc             ] GC(237) Pause Young (Mixed) (G1 Evacuation Pause) 3669M->1305M(4096M) 130.038ms
[1359.902s][info][gc,cpu         ] GC(237) User=0.77s Sys=0.00s Real=0.13s
.............[1372.114s][info][gc,start       ] GC(238) Pause Young (Concurrent Start) (G1 Evacuation Pause)
[1372.114s][info][gc,task        ] GC(238) Using 6 workers of 6 for evacuation
[1372.233s][info][gc,phases      ] GC(238)   Pre Evacuate Collection Set: 0.41ms
[1372.233s][info][gc,phases      ] GC(238)   Merge Heap Roots: 0.50ms
[1372.233s][info][gc,phases      ] GC(238)   Evacuate Collection Set: 116.79ms
[1372.233s][info][gc,phases      ] GC(238)   Post Evacuate Collection Set: 0.91ms
[1372.233s][info][gc,phases      ] GC(238)   Other: 0.11ms
[1372.233s][info][gc,heap        ] GC(238) Eden regions: 1120->0(1118)
[1372.233s][info][gc,heap        ] GC(238) Survivor regions: 108->110(154)
[1372.233s][info][gc,heap        ] GC(238) Old regions: 468->500
[1372.233s][info][gc,heap        ] GC(238) Humongous regions: 77->77
[1372.233s][info][gc,metaspace   ] GC(238) Metaspace: 28901K(29184K)->28901K(29184K) NonClass: 24019K(24128K)->24019K(24128K) Class: 4882K(5056K)->4882K(5056K)
[1372.233s][info][gc             ] GC(238) Pause Young (Concurrent Start) (G1 Evacuation Pause) 3545M->1371M(4096M) 118.861ms
[1372.233s][info][gc             ] GC(239) Concurrent Mark Cycle
[1372.233s][info][gc,marking     ] GC(239) Concurrent Scan Root Regions
[1372.233s][info][gc,cpu         ] GC(238) User=0.70s Sys=0.00s Real=0.12s
[1372.344s][info][gc,marking     ] GC(239) Concurrent Scan Root Regions 111.656ms
[1372.344s][info][gc,marking     ] GC(239) Concurrent Mark
[1372.344s][info][gc,marking     ] GC(239) Concurrent Mark From Roots
[1372.344s][info][gc,task        ] GC(239) Using 2 workers of 2 for marking
[1372.887s][info][gc,marking     ] GC(239) Concurrent Mark From Roots 542.578ms
[1372.887s][info][gc,marking     ] GC(239) Concurrent Preclean
[1372.887s][info][gc,marking     ] GC(239) Concurrent Preclean 0.054ms
[1372.887s][info][gc,start       ] GC(239) Pause Remark
[1372.890s][info][gc             ] GC(239) Pause Remark 1515M->1515M(4096M) 2.545ms
[1372.890s][info][gc,cpu         ] GC(239) User=0.01s Sys=0.00s Real=0.00s
[1372.890s][info][gc,marking     ] GC(239) Concurrent Mark 545.430ms
[1372.890s][info][gc,marking     ] GC(239) Concurrent Rebuild Remembered Sets and Scrub Regions
.[1373.105s][info][gc,marking     ] GC(239) Concurrent Rebuild Remembered Sets and Scrub Regions 214.915ms
[1373.105s][info][gc,start       ] GC(239) Pause Cleanup
[1373.105s][info][gc             ] GC(239) Pause Cleanup 1548M->1548M(4096M) 0.129ms
[1373.105s][info][gc,cpu         ] GC(239) User=0.00s Sys=0.00s Real=0.00s
[1373.105s][info][gc,marking     ] GC(239) Concurrent Clear Claimed Marks
[1373.105s][info][gc,marking     ] GC(239) Concurrent Clear Claimed Marks 0.028ms
[1373.105s][info][gc,marking     ] GC(239) Concurrent Cleanup for Next Mark
[1373.108s][info][gc,marking     ] GC(239) Concurrent Cleanup for Next Mark 3.207ms
[1373.108s][info][gc             ] GC(239) Concurrent Mark Cycle 875.675ms
...........[1384.604s][info][gc,start       ] GC(240) Pause Young (Prepare Mixed) (G1 Evacuation Pause)
[1384.604s][info][gc,task        ] GC(240) Using 6 workers of 6 for evacuation
[1384.723s][info][gc,phases      ] GC(240)   Pre Evacuate Collection Set: 0.38ms
[1384.723s][info][gc,phases      ] GC(240)   Merge Heap Roots: 0.53ms
[1384.723s][info][gc,phases      ] GC(240)   Evacuate Collection Set: 116.70ms
[1384.723s][info][gc,phases      ] GC(240)   Post Evacuate Collection Set: 0.94ms
[1384.723s][info][gc,phases      ] GC(240)   Other: 0.08ms
[1384.723s][info][gc,heap        ] GC(240) Eden regions: 1118->0(1116)
[1384.723s][info][gc,heap        ] GC(240) Survivor regions: 110->110(154)
[1384.723s][info][gc,heap        ] GC(240) Old regions: 500->532
[1384.723s][info][gc,heap        ] GC(240) Humongous regions: 77->77
[1384.723s][info][gc,metaspace   ] GC(240) Metaspace: 28901K(29184K)->28901K(29184K) NonClass: 24019K(24128K)->24019K(24128K) Class: 4882K(5056K)->4882K(5056K)
[1384.723s][info][gc             ] GC(240) Pause Young (Prepare Mixed) (G1 Evacuation Pause) 3607M->1437M(4096M) 118.762ms
[1384.723s][info][gc,cpu         ] GC(240) User=0.71s Sys=0.01s Real=0.12s
.............[1397.056s][info][gc,start       ] GC(241) Pause Young (Mixed) (G1 Evacuation Pause)
[1397.056s][info][gc,task        ] GC(241) Using 6 workers of 6 for evacuation
[1397.195s][info][gc,phases      ] GC(241)   Pre Evacuate Collection Set: 0.39ms
[1397.195s][info][gc,phases      ] GC(241)   Merge Heap Roots: 0.81ms
[1397.195s][info][gc,phases      ] GC(241)   Evacuate Collection Set: 136.84ms
[1397.195s][info][gc,phases      ] GC(241)   Post Evacuate Collection Set: 1.03ms
[1397.195s][info][gc,phases      ] GC(241)   Other: 0.09ms
[1397.195s][info][gc,heap        ] GC(241) Eden regions: 1116->0(1119)
[1397.195s][info][gc,heap        ] GC(241) Survivor regions: 110->109(154)
[1397.195s][info][gc,heap        ] GC(241) Old regions: 532->468
[1397.195s][info][gc,heap        ] GC(241) Humongous regions: 77->77
[1397.195s][info][gc,metaspace   ] GC(241) Metaspace: 28901K(29184K)->28901K(29184K) NonClass: 24019K(24128K)->24019K(24128K) Class: 4882K(5056K)->4882K(5056K)
[1397.195s][info][gc             ] GC(241) Pause Young (Mixed) (G1 Evacuation Pause) 3669M->1306M(4096M) 139.314ms
[1397.195s][info][gc,cpu         ] GC(241) User=0.83s Sys=0.00s Real=0.14s
........ (rIR:aIR:PR = 1522:1522:1522) (tPR = 22651) [OK] 
  1404s: Performance info:
         Transaction,    Success,    Partial,     Failed,   Receipts, AvgBarcode, 
             Overall,      91391,          0,          0,      86815,      59.48, 
         Response times:
             Request,    Success,    Partial,     Failed,   SkipFail,     Probes,    Samples,      min,      p50,      p90,      p95,      p99,      max, 
       TotalPurchase,      86815,          0,          0,          0,      84165,     101155,      300,     1500,     2300,     2500,     3900,   144000,
     InStorePurchase,      45675,          0,          0,          0,      44404,      53153,      300,     1500,     2200,     2500,     3900,   144000,
      OnlinePurchase,      31993,          0,          0,          0,      31022,      37203,      300,     1600,     2300,     2600,     4296,   144000,
        InstPurchase,       9147,          0,          0,          0,       8739,      10799,      400,     1400,     2200,     2500,     3900,   142000,
          AssocOfCat,         90,          0,          0,          0,         79,        107,    17100,    23000,    28000,    31000,   137040,   146000,
      AssocOfProduct,        920,          0,          0,          0,        784,       1038,      500,     1800,     2500,     2700,     4649,    16600,
      BusinessReport,        230,          0,          0,          0,        175,        279,    19900,    26000,    33000,    35000,    45200,   145000,
          CustBuyBeh,        910,          0,          0,          0,        798,       1090,      300,     1700,     2300,     2500,     5363,   121000,
       ProductReturn,       2426,          0,          0,          0,       2237,       2820,      200,     1500,     2300,     2500,     3800,    16900,

  1404s: (12%)   IR =   1660 ....[1409.287s][info][gc,start       ] GC(242) Pause Young (Concurrent Start) (G1 Evacuation Pause)
[1409.287s][info][gc,task        ] GC(242) Using 6 workers of 6 for evacuation
[1409.404s][info][gc,phases      ] GC(242)   Pre Evacuate Collection Set: 0.44ms
[1409.404s][info][gc,phases      ] GC(242)   Merge Heap Roots: 0.48ms
[1409.404s][info][gc,phases      ] GC(242)   Evacuate Collection Set: 115.28ms
[1409.404s][info][gc,phases      ] GC(242)   Post Evacuate Collection Set: 0.91ms
[1409.404s][info][gc,phases      ] GC(242)   Other: 0.12ms
[1409.404s][info][gc,heap        ] GC(242) Eden regions: 1119->0(1118)
[1409.404s][info][gc,heap        ] GC(242) Survivor regions: 109->110(154)
[1409.404s][info][gc,heap        ] GC(242) Old regions: 468->501
[1409.404s][info][gc,heap        ] GC(242) Humongous regions: 77->77
[1409.404s][info][gc,metaspace   ] GC(242) Metaspace: 28907K(29184K)->28907K(29184K) NonClass: 24025K(24128K)->24025K(24128K) Class: 4882K(5056K)->4882K(5056K)
[1409.404s][info][gc             ] GC(242) Pause Young (Concurrent Start) (G1 Evacuation Pause) 3544M->1373M(4096M) 117.384ms
[1409.404s][info][gc             ] GC(243) Concurrent Mark Cycle
[1409.404s][info][gc,marking     ] GC(243) Concurrent Scan Root Regions
[1409.404s][info][gc,cpu         ] GC(242) User=0.70s Sys=0.00s Real=0.12s
[1409.519s][info][gc,marking     ] GC(243) Concurrent Scan Root Regions 115.052ms
[1409.519s][info][gc,marking     ] GC(243) Concurrent Mark
[1409.519s][info][gc,marking     ] GC(243) Concurrent Mark From Roots
[1409.519s][info][gc,task        ] GC(243) Using 2 workers of 2 for marking
.|[1410.060s][info][gc,marking     ] GC(243) Concurrent Mark From Roots 540.765ms
[1410.060s][info][gc,marking     ] GC(243) Concurrent Preclean
[1410.060s][info][gc,marking     ] GC(243) Concurrent Preclean 0.060ms
[1410.060s][info][gc,start       ] GC(243) Pause Remark
[1410.063s][info][gc             ] GC(243) Pause Remark 1542M->1542M(4096M) 2.610ms
[1410.063s][info][gc,cpu         ] GC(243) User=0.02s Sys=0.00s Real=0.00s
[1410.063s][info][gc,marking     ] GC(243) Concurrent Mark 543.740ms
[1410.063s][info][gc,marking     ] GC(243) Concurrent Rebuild Remembered Sets and Scrub Regions
[1410.268s][info][gc,marking     ] GC(243) Concurrent Rebuild Remembered Sets and Scrub Regions 204.617ms
[1410.268s][info][gc,start       ] GC(243) Pause Cleanup
[1410.268s][info][gc             ] GC(243) Pause Cleanup 1577M->1577M(4096M) 0.123ms
[1410.268s][info][gc,cpu         ] GC(243) User=0.00s Sys=0.00s Real=0.00s
[1410.268s][info][gc,marking     ] GC(243) Concurrent Clear Claimed Marks
[1410.268s][info][gc,marking     ] GC(243) Concurrent Clear Claimed Marks 0.029ms
[1410.268s][info][gc,marking     ] GC(243) Concurrent Cleanup for Next Mark
[1410.272s][info][gc,marking     ] GC(243) Concurrent Cleanup for Next Mark 4.382ms
[1410.272s][info][gc             ] GC(243) Concurrent Mark Cycle 868.302ms
..........[1420.612s][info][gc,start       ] GC(244) Pause Young (Prepare Mixed) (G1 Evacuation Pause)
[1420.612s][info][gc,task        ] GC(244) Using 6 workers of 6 for evacuation
[1420.731s][info][gc,phases      ] GC(244)   Pre Evacuate Collection Set: 0.38ms
[1420.731s][info][gc,phases      ] GC(244)   Merge Heap Roots: 0.58ms
[1420.731s][info][gc,phases      ] GC(244)   Evacuate Collection Set: 116.85ms
[1420.731s][info][gc,phases      ] GC(244)   Post Evacuate Collection Set: 0.97ms
[1420.731s][info][gc,phases      ] GC(244)   Other: 0.08ms
[1420.731s][info][gc,heap        ] GC(244) Eden regions: 1118->0(1116)
[1420.731s][info][gc,heap        ] GC(244) Survivor regions: 110->110(154)
[1420.731s][info][gc,heap        ] GC(244) Old regions: 501->532
[1420.731s][info][gc,heap        ] GC(244) Humongous regions: 77->77
[1420.731s][info][gc,metaspace   ] GC(244) Metaspace: 28907K(29184K)->28907K(29184K) NonClass: 24025K(24128K)->24025K(24128K) Class: 4882K(5056K)->4882K(5056K)
[1420.731s][info][gc             ] GC(244) Pause Young (Prepare Mixed) (G1 Evacuation Pause) 3609M->1437M(4096M) 118.975ms
[1420.731s][info][gc,cpu         ] GC(244) User=0.71s Sys=0.00s Real=0.12s
...........[1431.999s][info][gc,start       ] GC(245) Pause Young (Mixed) (G1 Evacuation Pause)
[1431.999s][info][gc,task        ] GC(245) Using 6 workers of 6 for evacuation
[1432.136s][info][gc,phases      ] GC(245)   Pre Evacuate Collection Set: 0.40ms
[1432.136s][info][gc,phases      ] GC(245)   Merge Heap Roots: 0.67ms
[1432.136s][info][gc,phases      ] GC(245)   Evacuate Collection Set: 135.28ms
[1432.136s][info][gc,phases      ] GC(245)   Post Evacuate Collection Set: 0.98ms
[1432.136s][info][gc,phases      ] GC(245)   Other: 0.09ms
[1432.136s][info][gc,heap        ] GC(245) Eden regions: 1116->0(1116)
[1432.136s][info][gc,heap        ] GC(245) Survivor regions: 110->112(154)
[1432.136s][info][gc,heap        ] GC(245) Old regions: 532->468
[1432.136s][info][gc,heap        ] GC(245) Humongous regions: 77->77
[1432.136s][info][gc,metaspace   ] GC(245) Metaspace: 28907K(29184K)->28907K(29184K) NonClass: 24025K(24128K)->24025K(24128K) Class: 4882K(5056K)->4882K(5056K)
[1432.136s][info][gc             ] GC(245) Pause Young (Mixed) (G1 Evacuation Pause) 3669M->1312M(4096M) 137.537ms
[1432.136s][info][gc,cpu         ] GC(245) User=0.81s Sys=0.00s Real=0.13s
............[1443.485s][info][gc,start       ] GC(246) Pause Young (Concurrent Start) (G1 Evacuation Pause)
[1443.485s][info][gc,task        ] GC(246) Using 6 workers of 6 for evacuation
[1443.606s][info][gc,phases      ] GC(246)   Pre Evacuate Collection Set: 0.43ms
[1443.606s][info][gc,phases      ] GC(246)   Merge Heap Roots: 0.51ms
[1443.606s][info][gc,phases      ] GC(246)   Evacuate Collection Set: 118.39ms
[1443.606s][info][gc,phases      ] GC(246)   Post Evacuate Collection Set: 0.91ms
[1443.606s][info][gc,phases      ] GC(246)   Other: 0.14ms
[1443.606s][info][gc,heap        ] GC(246) Eden regions: 1116->0(1118)
[1443.606s][info][gc,heap        ] GC(246) Survivor regions: 112->110(154)
[1443.606s][info][gc,heap        ] GC(246) Old regions: 468->500
[1443.606s][info][gc,heap        ] GC(246) Humongous regions: 77->77
[1443.606s][info][gc,metaspace   ] GC(246) Metaspace: 28907K(29184K)->28907K(29184K) NonClass: 24025K(24128K)->24025K(24128K) Class: 4882K(5056K)->4882K(5056K)
[1443.606s][info][gc             ] GC(246) Pause Young (Concurrent Start) (G1 Evacuation Pause) 3544M->1372M(4096M) 120.531ms
[1443.606s][info][gc             ] GC(247) Concurrent Mark Cycle
[1443.606s][info][gc,marking     ] GC(247) Concurrent Scan Root Regions
[1443.606s][info][gc,cpu         ] GC(246) User=0.71s Sys=0.00s Real=0.12s
[1443.724s][info][gc,marking     ] GC(247) Concurrent Scan Root Regions 117.955ms
[1443.724s][info][gc,marking     ] GC(247) Concurrent Mark
[1443.724s][info][gc,marking     ] GC(247) Concurrent Mark From Roots
[1443.724s][info][gc,task        ] GC(247) Using 2 workers of 2 for marking
.[1444.270s][info][gc,marking     ] GC(247) Concurrent Mark From Roots 545.636ms
[1444.270s][info][gc,marking     ] GC(247) Concurrent Preclean
[1444.270s][info][gc,marking     ] GC(247) Concurrent Preclean 0.044ms
[1444.270s][info][gc,start       ] GC(247) Pause Remark
[1444.272s][info][gc             ] GC(247) Pause Remark 1534M->1534M(4096M) 2.376ms
[1444.272s][info][gc,cpu         ] GC(247) User=0.02s Sys=0.00s Real=0.00s
[1444.272s][info][gc,marking     ] GC(247) Concurrent Mark 548.327ms
[1444.272s][info][gc,marking     ] GC(247) Concurrent Rebuild Remembered Sets and Scrub Regions
[1444.479s][info][gc,marking     ] GC(247) Concurrent Rebuild Remembered Sets and Scrub Regions 206.652ms
[1444.479s][info][gc,start       ] GC(247) Pause Cleanup
[1444.479s][info][gc             ] GC(247) Pause Cleanup 1586M->1586M(4096M) 0.123ms
[1444.479s][info][gc,cpu         ] GC(247) User=0.00s Sys=0.00s Real=0.00s
[1444.479s][info][gc,marking     ] GC(247) Concurrent Clear Claimed Marks
[1444.479s][info][gc,marking     ] GC(247) Concurrent Clear Claimed Marks 0.027ms
[1444.479s][info][gc,marking     ] GC(247) Concurrent Cleanup for Next Mark
[1444.483s][info][gc,marking     ] GC(247) Concurrent Cleanup for Next Mark 3.345ms
[1444.483s][info][gc             ] GC(247) Concurrent Mark Cycle 876.742ms
..........[1454.797s][info][gc,start       ] GC(248) Pause Young (Prepare Mixed) (G1 Evacuation Pause)
[1454.797s][info][gc,task        ] GC(248) Using 6 workers of 6 for evacuation
[1454.913s][info][gc,phases      ] GC(248)   Pre Evacuate Collection Set: 0.37ms
[1454.913s][info][gc,phases      ] GC(248)   Merge Heap Roots: 0.54ms
[1454.913s][info][gc,phases      ] GC(248)   Evacuate Collection Set: 114.63ms
[1454.913s][info][gc,phases      ] GC(248)   Post Evacuate Collection Set: 0.96ms
[1454.913s][info][gc,phases      ] GC(248)   Other: 0.09ms
[1454.913s][info][gc,heap        ] GC(248) Eden regions: 1118->0(1118)
[1454.913s][info][gc,heap        ] GC(248) Survivor regions: 110->109(154)
[1454.913s][info][gc,heap        ] GC(248) Old regions: 500->532
[1454.913s][info][gc,heap        ] GC(248) Humongous regions: 77->77
[1454.913s][info][gc,metaspace   ] GC(248) Metaspace: 28907K(29184K)->28907K(29184K) NonClass: 24025K(24128K)->24025K(24128K) Class: 4882K(5056K)->4882K(5056K)
[1454.913s][info][gc             ] GC(248) Pause Young (Prepare Mixed) (G1 Evacuation Pause) 3608M->1433M(4096M) 116.722ms
[1454.913s][info][gc,cpu         ] GC(248) User=0.69s Sys=0.00s Real=0.12s
............[1466.243s][info][gc,start       ] GC(249) Pause Young (Mixed) (G1 Evacuation Pause)
[1466.243s][info][gc,task        ] GC(249) Using 6 workers of 6 for evacuation
[1466.373s][info][gc,phases      ] GC(249)   Pre Evacuate Collection Set: 0.40ms
[1466.373s][info][gc,phases      ] GC(249)   Merge Heap Roots: 0.65ms
[1466.373s][info][gc,phases      ] GC(249)   Evacuate Collection Set: 128.46ms
[1466.373s][info][gc,phases      ] GC(249)   Post Evacuate Collection Set: 0.98ms
[1466.373s][info][gc,phases      ] GC(249)   Other: 0.09ms
[1466.373s][info][gc,heap        ] GC(249) Eden regions: 1118->0(1120)
[1466.373s][info][gc,heap        ] GC(249) Survivor regions: 109->108(154)
[1466.374s][info][gc,heap        ] GC(249) Old regions: 532->469
[1466.374s][info][gc,heap        ] GC(249) Humongous regions: 77->77
[1466.374s][info][gc,metaspace   ] GC(249) Metaspace: 28907K(29184K)->28907K(29184K) NonClass: 24025K(24128K)->24025K(24128K) Class: 4882K(5056K)->4882K(5056K)
[1466.374s][info][gc             ] GC(249) Pause Young (Mixed) (G1 Evacuation Pause) 3669M->1306M(4096M) 130.724ms
[1466.374s][info][gc,cpu         ] GC(249) User=0.77s Sys=0.00s Real=0.13s
.... (rIR:aIR:PR = 1660:1659:1659) (tPR = 24588) [OK] 
  1469s: Performance info:
         Transaction,    Success,    Partial,     Failed,   Receipts, AvgBarcode, 
             Overall,      99817,          0,          0,      94819,      59.48, 
         Response times:
             Request,    Success,    Partial,     Failed,   SkipFail,     Probes,    Samples,      min,      p50,      p90,      p95,      p99,      max, 
       TotalPurchase,      94819,          0,          0,          0,      92446,     101274,      300,     1600,     2400,     2700,     5200,   156000,
     InStorePurchase,      49895,          0,          0,          0,      48861,      53379,      300,     1600,     2400,     2600,     5100,   156000,
      OnlinePurchase,      34930,          0,          0,          0,      34069,      37257,      300,     1700,     2400,     2700,     5100,   151000,
        InstPurchase,       9994,          0,          0,          0,       9516,      10638,      400,     1800,     2500,     2700,     7100,   156000,
          AssocOfCat,        100,          0,          0,          0,         96,        107,    18400,    24000,    29200,    33000,   158800,   168000,
      AssocOfProduct,        996,          0,          0,          0,        881,       1090,      400,      900,     1600,     1800,     2400,     2900,
      BusinessReport,        250,          0,          0,          0,        202,        268,    19100,    27000,    33000,    40000,   156790,   169000,
          CustBuyBeh,       1002,          0,          0,          0,        871,       1090,      300,     1600,     2300,     2700,    10300,   141000,
       ProductReturn,       2650,          0,          0,          0,       2455,       2858,      300,     1400,     2300,     2500,     5282,   123000,

  1469s: (13%)   IR =   1799 ......|[1477.082s][info][gc,start       ] GC(250) Pause Young (Concurrent Start) (G1 Evacuation Pause)
[1477.082s][info][gc,task        ] GC(250) Using 6 workers of 6 for evacuation
[1477.200s][info][gc,phases      ] GC(250)   Pre Evacuate Collection Set: 0.43ms
[1477.200s][info][gc,phases      ] GC(250)   Merge Heap Roots: 0.48ms
[1477.200s][info][gc,phases      ] GC(250)   Evacuate Collection Set: 115.81ms
[1477.200s][info][gc,phases      ] GC(250)   Post Evacuate Collection Set: 0.90ms
[1477.200s][info][gc,phases      ] GC(250)   Other: 0.10ms
[1477.200s][info][gc,heap        ] GC(250) Eden regions: 1120->0(1118)
[1477.200s][info][gc,heap        ] GC(250) Survivor regions: 108->110(154)
[1477.200s][info][gc,heap        ] GC(250) Old regions: 469->500
[1477.200s][info][gc,heap        ] GC(250) Humongous regions: 77->77
[1477.200s][info][gc,metaspace   ] GC(250) Metaspace: 28910K(29184K)->28910K(29184K) NonClass: 24027K(24128K)->24027K(24128K) Class: 4882K(5056K)->4882K(5056K)
[1477.200s][info][gc             ] GC(250) Pause Young (Concurrent Start) (G1 Evacuation Pause) 3546M->1372M(4096M) 117.845ms
[1477.200s][info][gc             ] GC(251) Concurrent Mark Cycle
[1477.200s][info][gc,marking     ] GC(251) Concurrent Scan Root Regions
[1477.200s][info][gc,cpu         ] GC(250) User=0.69s Sys=0.00s Real=0.12s
.[1477.322s][info][gc,marking     ] GC(251) Concurrent Scan Root Regions 122.349ms
[1477.323s][info][gc,marking     ] GC(251) Concurrent Mark
[1477.323s][info][gc,marking     ] GC(251) Concurrent Mark From Roots
[1477.323s][info][gc,task        ] GC(251) Using 2 workers of 2 for marking
[1477.859s][info][gc,marking     ] GC(251) Concurrent Mark From Roots 536.923ms
[1477.859s][info][gc,marking     ] GC(251) Concurrent Preclean
[1477.860s][info][gc,marking     ] GC(251) Concurrent Preclean 0.054ms
[1477.860s][info][gc,start       ] GC(251) Pause Remark
[1477.862s][info][gc             ] GC(251) Pause Remark 1545M->1545M(4096M) 2.509ms
[1477.862s][info][gc,cpu         ] GC(251) User=0.02s Sys=0.00s Real=0.00s
[1477.862s][info][gc,marking     ] GC(251) Concurrent Mark 539.719ms
[1477.862s][info][gc,marking     ] GC(251) Concurrent Rebuild Remembered Sets and Scrub Regions
[1478.072s][info][gc,marking     ] GC(251) Concurrent Rebuild Remembered Sets and Scrub Regions 209.582ms
[1478.072s][info][gc,start       ] GC(251) Pause Cleanup
[1478.072s][info][gc             ] GC(251) Pause Cleanup 1580M->1580M(4096M) 0.137ms
[1478.072s][info][gc,cpu         ] GC(251) User=0.00s Sys=0.00s Real=0.00s
[1478.072s][info][gc,marking     ] GC(251) Concurrent Clear Claimed Marks
[1478.072s][info][gc,marking     ] GC(251) Concurrent Clear Claimed Marks 0.032ms
[1478.072s][info][gc,marking     ] GC(251) Concurrent Cleanup for Next Mark
[1478.075s][info][gc,marking     ] GC(251) Concurrent Cleanup for Next Mark 3.198ms
[1478.075s][info][gc             ] GC(251) Concurrent Mark Cycle 875.340ms
..........[1487.647s][info][gc,start       ] GC(252) Pause Young (Prepare Mixed) (G1 Evacuation Pause)
[1487.647s][info][gc,task        ] GC(252) Using 6 workers of 6 for evacuation
[1487.763s][info][gc,phases      ] GC(252)   Pre Evacuate Collection Set: 0.37ms
[1487.763s][info][gc,phases      ] GC(252)   Merge Heap Roots: 0.56ms
[1487.763s][info][gc,phases      ] GC(252)   Evacuate Collection Set: 114.47ms
[1487.763s][info][gc,phases      ] GC(252)   Post Evacuate Collection Set: 0.97ms
[1487.763s][info][gc,phases      ] GC(252)   Other: 0.10ms
[1487.763s][info][gc,heap        ] GC(252) Eden regions: 1118->0(1118)
[1487.763s][info][gc,heap        ] GC(252) Survivor regions: 110->109(154)
[1487.763s][info][gc,heap        ] GC(252) Old regions: 500->532
[1487.763s][info][gc,heap        ] GC(252) Humongous regions: 77->77
[1487.763s][info][gc,metaspace   ] GC(252) Metaspace: 28910K(29184K)->28910K(29184K) NonClass: 24027K(24128K)->24027K(24128K) Class: 4882K(5056K)->4882K(5056K)
[1487.763s][info][gc             ] GC(252) Pause Young (Prepare Mixed) (G1 Evacuation Pause) 3608M->1434M(4096M) 116.609ms
[1487.763s][info][gc,cpu         ] GC(252) User=0.69s Sys=0.00s Real=0.12s
..........[1498.262s][info][gc,start       ] GC(253) Pause Young (Mixed) (G1 Evacuation Pause)
[1498.262s][info][gc,task        ] GC(253) Using 6 workers of 6 for evacuation
[1498.403s][info][gc,phases      ] GC(253)   Pre Evacuate Collection Set: 0.39ms
[1498.403s][info][gc,phases      ] GC(253)   Merge Heap Roots: 0.80ms
[1498.403s][info][gc,phases      ] GC(253)   Evacuate Collection Set: 138.99ms
[1498.403s][info][gc,phases      ] GC(253)   Post Evacuate Collection Set: 0.99ms
[1498.403s][info][gc,phases      ] GC(253)   Other: 0.09ms
[1498.403s][info][gc,heap        ] GC(253) Eden regions: 1118->0(1115)
[1498.403s][info][gc,heap        ] GC(253) Survivor regions: 109->113(154)
[1498.403s][info][gc,heap        ] GC(253) Old regions: 532->469
[1498.403s][info][gc,heap        ] GC(253) Humongous regions: 77->77
[1498.403s][info][gc,metaspace   ] GC(253) Metaspace: 28910K(29184K)->28910K(29184K) NonClass: 24027K(24128K)->24027K(24128K) Class: 4882K(5056K)->4882K(5056K)
[1498.403s][info][gc             ] GC(253) Pause Young (Mixed) (G1 Evacuation Pause) 3670M->1317M(4096M) 141.396ms
[1498.403s][info][gc,cpu         ] GC(253) User=0.84s Sys=0.00s Real=0.14s
.......[1504.523s][info][gc,start       ] GC(254) Pause Young (Concurrent Start) (G1 Humongous Allocation)
[1504.524s][info][gc,task        ] GC(254) Using 6 workers of 6 for evacuation
[1504.630s][info][gc,phases      ] GC(254)   Pre Evacuate Collection Set: 0.41ms
[1504.630s][info][gc,phases      ] GC(254)   Merge Heap Roots: 0.42ms
[1504.630s][info][gc,phases      ] GC(254)   Evacuate Collection Set: 104.69ms
[1504.630s][info][gc,phases      ] GC(254)   Post Evacuate Collection Set: 0.69ms
[1504.630s][info][gc,phases      ] GC(254)   Other: 0.12ms
[1504.630s][info][gc,heap        ] GC(254) Eden regions: 664->0(1136)
[1504.630s][info][gc,heap        ] GC(254) Survivor regions: 113->92(154)
[1504.630s][info][gc,heap        ] GC(254) Old regions: 469->506
[1504.630s][info][gc,heap        ] GC(254) Humongous regions: 77->77
[1504.630s][info][gc,metaspace   ] GC(254) Metaspace: 28910K(29184K)->28910K(29184K) NonClass: 24027K(24128K)->24027K(24128K) Class: 4882K(5056K)->4882K(5056K)
[1504.630s][info][gc             ] GC(254) Pause Young (Concurrent Start) (G1 Humongous Allocation) 2645M->1349M(4096M) 106.452ms
[1504.630s][info][gc             ] GC(255) Concurrent Mark Cycle
[1504.630s][info][gc,marking     ] GC(255) Concurrent Scan Root Regions
[1504.630s][info][gc,cpu         ] GC(254) User=0.62s Sys=0.00s Real=0.11s
[1504.745s][info][gc,marking     ] GC(255) Concurrent Scan Root Regions 115.484ms
[1504.746s][info][gc,marking     ] GC(255) Concurrent Mark
[1504.746s][info][gc,marking     ] GC(255) Concurrent Mark From Roots
[1504.746s][info][gc,task        ] GC(255) Using 2 workers of 2 for marking
[1505.336s][info][gc,marking     ] GC(255) Concurrent Mark From Roots 589.998ms
[1505.336s][info][gc,marking     ] GC(255) Concurrent Preclean
[1505.336s][info][gc,marking     ] GC(255) Concurrent Preclean 0.053ms
[1505.336s][info][gc,start       ] GC(255) Pause Remark
[1505.339s][info][gc             ] GC(255) Pause Remark 1566M->1566M(4096M) 2.710ms
[1505.339s][info][gc,cpu         ] GC(255) User=0.01s Sys=0.00s Real=0.01s
[1505.339s][info][gc,marking     ] GC(255) Concurrent Mark 593.601ms
[1505.339s][info][gc,marking     ] GC(255) Concurrent Rebuild Remembered Sets and Scrub Regions
.[1505.562s][info][gc,marking     ] GC(255) Concurrent Rebuild Remembered Sets and Scrub Regions 222.635ms
[1505.562s][info][gc,start       ] GC(255) Pause Cleanup
[1505.562s][info][gc             ] GC(255) Pause Cleanup 1623M->1623M(4096M) 0.136ms
[1505.562s][info][gc,cpu         ] GC(255) User=0.00s Sys=0.00s Real=0.00s
[1505.562s][info][gc,marking     ] GC(255) Concurrent Clear Claimed Marks
[1505.562s][info][gc,marking     ] GC(255) Concurrent Clear Claimed Marks 0.031ms
[1505.562s][info][gc,marking     ] GC(255) Concurrent Cleanup for Next Mark
[1505.565s][info][gc,marking     ] GC(255) Concurrent Cleanup for Next Mark 3.250ms
[1505.565s][info][gc             ] GC(255) Concurrent Mark Cycle 935.507ms
.........[1515.060s][info][gc,start       ] GC(256) Pause Young (Prepare Mixed) (G1 Evacuation Pause)
[1515.060s][info][gc,task        ] GC(256) Using 6 workers of 6 for evacuation
[1515.171s][info][gc,phases      ] GC(256)   Pre Evacuate Collection Set: 0.34ms
[1515.171s][info][gc,phases      ] GC(256)   Merge Heap Roots: 0.50ms
[1515.171s][info][gc,phases      ] GC(256)   Evacuate Collection Set: 109.42ms
[1515.171s][info][gc,phases      ] GC(256)   Post Evacuate Collection Set: 0.97ms
[1515.171s][info][gc,phases      ] GC(256)   Other: 0.09ms
[1515.171s][info][gc,heap        ] GC(256) Eden regions: 1136->0(1132)
[1515.171s][info][gc,heap        ] GC(256) Survivor regions: 92->95(154)
[1515.171s][info][gc,heap        ] GC(256) Old regions: 506->543
[1515.171s][info][gc,heap        ] GC(256) Humongous regions: 80->80
[1515.171s][info][gc,metaspace   ] GC(256) Metaspace: 28910K(29184K)->28910K(29184K) NonClass: 24027K(24128K)->24027K(24128K) Class: 4882K(5056K)->4882K(5056K)
[1515.171s][info][gc             ] GC(256) Pause Young (Prepare Mixed) (G1 Evacuation Pause) 3627M->1434M(4096M) 111.456ms
[1515.171s][info][gc,cpu         ] GC(256) User=0.66s Sys=0.00s Real=0.11s
...........[1525.776s][info][gc,start       ] GC(257) Pause Young (Mixed) (G1 Evacuation Pause)
[1525.776s][info][gc,task        ] GC(257) Using 6 workers of 6 for evacuation
[1525.899s][info][gc,phases      ] GC(257)   Pre Evacuate Collection Set: 0.38ms
[1525.899s][info][gc,phases      ] GC(257)   Merge Heap Roots: 0.57ms
[1525.899s][info][gc,phases      ] GC(257)   Evacuate Collection Set: 120.90ms
[1525.899s][info][gc,phases      ] GC(257)   Post Evacuate Collection Set: 1.01ms
[1525.899s][info][gc,phases      ] GC(257)   Other: 0.10ms
[1525.899s][info][gc,heap        ] GC(257) Eden regions: 1132->0(1118)
[1525.899s][info][gc,heap        ] GC(257) Survivor regions: 95->110(154)
[1525.899s][info][gc,heap        ] GC(257) Old regions: 543->480
[1525.899s][info][gc,heap        ] GC(257) Humongous regions: 80->80
[1525.899s][info][gc,metaspace   ] GC(257) Metaspace: 28910K(29184K)->28910K(29184K) NonClass: 24027K(24128K)->24027K(24128K) Class: 4882K(5056K)->4882K(5056K)
[1525.899s][info][gc             ] GC(257) Pause Young (Mixed) (G1 Evacuation Pause) 3698M->1338M(4096M) 123.107ms
[1525.900s][info][gc,cpu         ] GC(257) User=0.73s Sys=0.00s Real=0.13s
..........[1536.325s][info][gc,start       ] GC(258) Pause Young (Concurrent Start) (G1 Evacuation Pause)
[1536.325s][info][gc,task        ] GC(258) Using 6 workers of 6 for evacuation
[1536.446s][info][gc,phases      ] GC(258)   Pre Evacuate Collection Set: 0.45ms
[1536.446s][info][gc,phases      ] GC(258)   Merge Heap Roots: 0.57ms
[1536.446s][info][gc,phases      ] GC(258)   Evacuate Collection Set: 118.46ms
[1536.446s][info][gc,phases      ] GC(258)   Post Evacuate Collection Set: 0.93ms
[1536.446s][info][gc,phases      ] GC(258)   Other: 0.13ms
[1536.446s][info][gc,heap        ] GC(258) Eden regions: 1118->0(1119)
[1536.446s][info][gc,heap        ] GC(258) Survivor regions: 110->109(154)
[1536.446s][info][gc,heap        ] GC(258) Old regions: 480->512
[1536.446s][info][gc,heap        ] GC(258) Humongous regions: 80->80
[1536.446s][info][gc,metaspace   ] GC(258) Metaspace: 28910K(29184K)->28910K(29184K) NonClass: 24027K(24128K)->24027K(24128K) Class: 4882K(5056K)->4882K(5056K)
[1536.446s][info][gc             ] GC(258) Pause Young (Concurrent Start) (G1 Evacuation Pause) 3574M->1400M(4096M) 120.677ms
[1536.446s][info][gc             ] GC(259) Concurrent Mark Cycle
[1536.446s][info][gc,marking     ] GC(259) Concurrent Scan Root Regions
[1536.446s][info][gc,cpu         ] GC(258) User=0.71s Sys=0.00s Real=0.12s
. (rIR:aIR:PR = 1799:1796:1796) (tPR = 26981) [OK] 
  1536s: Performance info:
         Transaction,    Success,    Partial,     Failed,   Receipts, AvgBarcode, 
             Overall,     108240,          0,          0,     102841,      59.48, 
         Response times:
             Request,    Success,    Partial,     Failed,   SkipFail,     Probes,    Samples,      min,      p50,      p90,      p95,      p99,      max, 
       TotalPurchase,     102863,          0,          0,          0,     100204,     111622,      300,     1700,     2600,     2900,     7800,   149000,
     InStorePurchase,      54148,          0,          0,          0,      52955,      58846,      300,     1700,     2600,     2900,     8300,   149000,
      OnlinePurchase,      37883,          0,          0,          0,      36956,      41107,      300,     1700,     2600,     2900,     7400,   127000,
        InstPurchase,      10832,          0,          0,          0,      10293,      11669,      400,     1600,     2600,     2900,     6330,   127000,
          AssocOfCat,        109,          0,          0,          0,        106,        118,    19200,    25000,    29000,    34000,    37430,    38000,
      AssocOfProduct,       1079,          0,          0,          0,        924,       1129,      500,     1800,     2500,     2800,    11070,   125000,
      BusinessReport,        269,          0,          0,          0,        216,        311,    18400,    28000,    35000,    44000,   139040,   169000,
          CustBuyBeh,       1083,          0,          0,          0,        957,       1198,      800,     2100,     2700,     3200,    23000,   142000,
       ProductReturn,       2860,          0,          0,          0,       2647,       3144,      200,     1900,     2700,     3100,     7700,   127000,

  1536s: (14%)   IR =   1937 [1536.584s][info][gc,marking     ] GC(259) Concurrent Scan Root Regions 138.506ms
[1536.584s][info][gc,marking     ] GC(259) Concurrent Mark
[1536.584s][info][gc,marking     ] GC(259) Concurrent Mark From Roots
[1536.584s][info][gc,task        ] GC(259) Using 2 workers of 2 for marking
[1537.177s][info][gc,marking     ] GC(259) Concurrent Mark From Roots 592.770ms
[1537.177s][info][gc,marking     ] GC(259) Concurrent Preclean
[1537.177s][info][gc,marking     ] GC(259) Concurrent Preclean 0.048ms
[1537.177s][info][gc,start       ] GC(259) Pause Remark
[1537.180s][info][gc             ] GC(259) Pause Remark 1603M->1603M(4096M) 2.938ms
[1537.180s][info][gc,cpu         ] GC(259) User=0.02s Sys=0.00s Real=0.00s
[1537.180s][info][gc,marking     ] GC(259) Concurrent Mark 596.019ms
[1537.180s][info][gc,marking     ] GC(259) Concurrent Rebuild Remembered Sets and Scrub Regions
[1537.412s][info][gc,marking     ] GC(259) Concurrent Rebuild Remembered Sets and Scrub Regions 231.217ms
[1537.412s][info][gc,start       ] GC(259) Pause Cleanup
[1537.412s][info][gc             ] GC(259) Pause Cleanup 1658M->1658M(4096M) 0.143ms
[1537.412s][info][gc,cpu         ] GC(259) User=0.00s Sys=0.00s Real=0.00s
[1537.412s][info][gc,marking     ] GC(259) Concurrent Clear Claimed Marks
[1537.412s][info][gc,marking     ] GC(259) Concurrent Clear Claimed Marks 0.034ms
[1537.412s][info][gc,marking     ] GC(259) Concurrent Cleanup for Next Mark
[1537.417s][info][gc,marking     ] GC(259) Concurrent Cleanup for Next Mark 4.651ms
[1537.417s][info][gc             ] GC(259) Concurrent Mark Cycle 971.006ms
....|.....[1546.209s][info][gc,start       ] GC(260) Pause Young (Prepare Mixed) (G1 Evacuation Pause)
[1546.209s][info][gc,task        ] GC(260) Using 6 workers of 6 for evacuation
[1546.327s][info][gc,phases      ] GC(260)   Pre Evacuate Collection Set: 0.37ms
[1546.327s][info][gc,phases      ] GC(260)   Merge Heap Roots: 0.58ms
[1546.327s][info][gc,phases      ] GC(260)   Evacuate Collection Set: 115.39ms
[1546.327s][info][gc,phases      ] GC(260)   Post Evacuate Collection Set: 1.02ms
[1546.327s][info][gc,phases      ] GC(260)   Other: 0.10ms
[1546.327s][info][gc,heap        ] GC(260) Eden regions: 1119->0(1104)
[1546.327s][info][gc,heap        ] GC(260) Survivor regions: 109->109(154)
[1546.327s][info][gc,heap        ] GC(260) Old regions: 512->543
[1546.327s][info][gc,heap        ] GC(260) Humongous regions: 80->80
[1546.327s][info][gc,metaspace   ] GC(260) Metaspace: 28910K(29184K)->28910K(29184K) NonClass: 24027K(24128K)->24027K(24128K) Class: 4882K(5056K)->4882K(5056K)
[1546.327s][info][gc             ] GC(260) Pause Young (Prepare Mixed) (G1 Evacuation Pause) 3638M->1463M(4096M) 117.577ms
[1546.327s][info][gc,cpu         ] GC(260) User=0.70s Sys=0.00s Real=0.11s
..........[1555.808s][info][gc,start       ] GC(261) Pause Young (Mixed) (G1 Evacuation Pause)
[1555.808s][info][gc,task        ] GC(261) Using 6 workers of 6 for evacuation
[1555.950s][info][gc,phases      ] GC(261)   Pre Evacuate Collection Set: 0.39ms
[1555.950s][info][gc,phases      ] GC(261)   Merge Heap Roots: 0.98ms
[1555.950s][info][gc,phases      ] GC(261)   Evacuate Collection Set: 139.56ms
[1555.950s][info][gc,phases      ] GC(261)   Post Evacuate Collection Set: 0.99ms
[1555.950s][info][gc,phases      ] GC(261)   Other: 0.09ms
[1555.950s][info][gc,heap        ] GC(261) Eden regions: 1104->0(1120)
[1555.950s][info][gc,heap        ] GC(261) Survivor regions: 109->108(152)
[1555.950s][info][gc,heap        ] GC(261) Old regions: 543->464
[1555.950s][info][gc,heap        ] GC(261) Humongous regions: 80->80
[1555.950s][info][gc,metaspace   ] GC(261) Metaspace: 28910K(29184K)->28910K(29184K) NonClass: 24028K(24128K)->24028K(24128K) Class: 4882K(5056K)->4882K(5056K)
[1555.950s][info][gc             ] GC(261) Pause Young (Mixed) (G1 Evacuation Pause) 3671M->1302M(4096M) 142.142ms
[1555.950s][info][gc,cpu         ] GC(261) User=0.84s Sys=0.00s Real=0.14s
..........[1565.571s][info][gc,start       ] GC(262) Pause Young (Concurrent Start) (G1 Evacuation Pause)
[1565.571s][info][gc,task        ] GC(262) Using 6 workers of 6 for evacuation
[1565.686s][info][gc,phases      ] GC(262)   Pre Evacuate Collection Set: 0.43ms
[1565.687s][info][gc,phases      ] GC(262)   Merge Heap Roots: 0.56ms
[1565.687s][info][gc,phases      ] GC(262)   Evacuate Collection Set: 113.39ms
[1565.687s][info][gc,phases      ] GC(262)   Post Evacuate Collection Set: 0.91ms
[1565.687s][info][gc,phases      ] GC(262)   Other: 0.13ms
[1565.687s][info][gc,heap        ] GC(262) Eden regions: 1120->0(1121)
[1565.687s][info][gc,heap        ] GC(262) Survivor regions: 108->107(154)
[1565.687s][info][gc,heap        ] GC(262) Old regions: 464->496
[1565.687s][info][gc,heap        ] GC(262) Humongous regions: 80->80
[1565.687s][info][gc,metaspace   ] GC(262) Metaspace: 28910K(29184K)->28910K(29184K) NonClass: 24028K(24128K)->24028K(24128K) Class: 4882K(5056K)->4882K(5056K)
[1565.687s][info][gc             ] GC(262) Pause Young (Concurrent Start) (G1 Evacuation Pause) 3542M->1363M(4096M) 115.591ms
[1565.687s][info][gc             ] GC(263) Concurrent Mark Cycle
[1565.687s][info][gc,marking     ] GC(263) Concurrent Scan Root Regions
[1565.687s][info][gc,cpu         ] GC(262) User=0.68s Sys=0.00s Real=0.11s
[1565.820s][info][gc,marking     ] GC(263) Concurrent Scan Root Regions 133.199ms
[1565.820s][info][gc,marking     ] GC(263) Concurrent Mark
[1565.820s][info][gc,marking     ] GC(263) Concurrent Mark From Roots
[1565.820s][info][gc,task        ] GC(263) Using 2 workers of 2 for marking
[1566.402s][info][gc,marking     ] GC(263) Concurrent Mark From Roots 581.894ms
[1566.402s][info][gc,marking     ] GC(263) Concurrent Preclean
[1566.402s][info][gc,marking     ] GC(263) Concurrent Preclean 0.058ms
[1566.402s][info][gc,start       ] GC(263) Pause Remark
[1566.405s][info][gc             ] GC(263) Pause Remark 1556M->1556M(4096M) 2.775ms
[1566.405s][info][gc,cpu         ] GC(263) User=0.02s Sys=0.00s Real=0.00s
[1566.405s][info][gc,marking     ] GC(263) Concurrent Mark 584.972ms
[1566.405s][info][gc,marking     ] GC(263) Concurrent Rebuild Remembered Sets and Scrub Regions
.[1566.625s][info][gc,marking     ] GC(263) Concurrent Rebuild Remembered Sets and Scrub Regions 219.794ms
[1566.625s][info][gc,start       ] GC(263) Pause Cleanup
[1566.625s][info][gc             ] GC(263) Pause Cleanup 1594M->1594M(4096M) 0.127ms
[1566.625s][info][gc,cpu         ] GC(263) User=0.00s Sys=0.00s Real=0.00s
[1566.625s][info][gc,marking     ] GC(263) Concurrent Clear Claimed Marks
[1566.625s][info][gc,marking     ] GC(263) Concurrent Clear Claimed Marks 0.031ms
[1566.625s][info][gc,marking     ] GC(263) Concurrent Cleanup for Next Mark
[1566.628s][info][gc,marking     ] GC(263) Concurrent Cleanup for Next Mark 3.219ms
[1566.628s][info][gc             ] GC(263) Concurrent Mark Cycle 941.695ms
........[1575.307s][info][gc,start       ] GC(264) Pause Young (Prepare Mixed) (G1 Evacuation Pause)
[1575.307s][info][gc,task        ] GC(264) Using 6 workers of 6 for evacuation
[1575.428s][info][gc,phases      ] GC(264)   Pre Evacuate Collection Set: 0.36ms
[1575.428s][info][gc,phases      ] GC(264)   Merge Heap Roots: 0.54ms
[1575.428s][info][gc,phases      ] GC(264)   Evacuate Collection Set: 118.80ms
[1575.428s][info][gc,phases      ] GC(264)   Post Evacuate Collection Set: 0.96ms
[1575.428s][info][gc,phases      ] GC(264)   Other: 0.09ms
[1575.428s][info][gc,heap        ] GC(264) Eden regions: 1121->0(1114)
[1575.428s][info][gc,heap        ] GC(264) Survivor regions: 107->112(154)
[1575.428s][info][gc,heap        ] GC(264) Old regions: 496->527
[1575.428s][info][gc,heap        ] GC(264) Humongous regions: 80->80
[1575.428s][info][gc,metaspace   ] GC(264) Metaspace: 28910K(29184K)->28910K(29184K) NonClass: 24028K(24128K)->24028K(24128K) Class: 4882K(5056K)->4882K(5056K)
[1575.428s][info][gc             ] GC(264) Pause Young (Prepare Mixed) (G1 Evacuation Pause) 3605M->1435M(4096M) 120.880ms
[1575.428s][info][gc,cpu         ] GC(264) User=0.71s Sys=0.00s Real=0.12s
..........[1585.140s][info][gc,start       ] GC(265) Pause Young (Mixed) (G1 Evacuation Pause)
[1585.140s][info][gc,task        ] GC(265) Using 6 workers of 6 for evacuation
[1585.278s][info][gc,phases      ] GC(265)   Pre Evacuate Collection Set: 0.44ms
[1585.278s][info][gc,phases      ] GC(265)   Merge Heap Roots: 0.80ms
[1585.278s][info][gc,phases      ] GC(265)   Evacuate Collection Set: 135.45ms
[1585.278s][info][gc,phases      ] GC(265)   Post Evacuate Collection Set: 1.00ms
[1585.278s][info][gc,phases      ] GC(265)   Other: 0.09ms
[1585.278s][info][gc,heap        ] GC(265) Eden regions: 1114->0(1117)
[1585.278s][info][gc,heap        ] GC(265) Survivor regions: 112->111(154)
[1585.278s][info][gc,heap        ] GC(265) Old regions: 527->469
[1585.278s][info][gc,heap        ] GC(265) Humongous regions: 80->80
[1585.278s][info][gc,metaspace   ] GC(265) Metaspace: 28910K(29184K)->28910K(29184K) NonClass: 24028K(24128K)->24028K(24128K) Class: 4882K(5056K)->4882K(5056K)
[1585.278s][info][gc             ] GC(265) Pause Young (Mixed) (G1 Evacuation Pause) 3663M->1319M(4096M) 137.917ms
[1585.278s][info][gc,cpu         ] GC(265) User=0.81s Sys=0.00s Real=0.14s
..........[1594.880s][info][gc,start       ] GC(266) Pause Young (Concurrent Start) (G1 Evacuation Pause)
[1594.880s][info][gc,task        ] GC(266) Using 6 workers of 6 for evacuation
[1594.999s][info][gc,phases      ] GC(266)   Pre Evacuate Collection Set: 0.45ms
[1594.999s][info][gc,phases      ] GC(266)   Merge Heap Roots: 0.56ms
[1594.999s][info][gc,phases      ] GC(266)   Evacuate Collection Set: 116.96ms
[1594.999s][info][gc,phases      ] GC(266)   Post Evacuate Collection Set: 0.91ms
[1594.999s][info][gc,phases      ] GC(266)   Other: 0.12ms
[1594.999s][info][gc,heap        ] GC(266) Eden regions: 1117->0(1119)
[1594.999s][info][gc,heap        ] GC(266) Survivor regions: 111->109(154)
[1594.999s][info][gc,heap        ] GC(266) Old regions: 469->501
[1594.999s][info][gc,heap        ] GC(266) Humongous regions: 80->80
[1594.999s][info][gc,metaspace   ] GC(266) Metaspace: 28910K(29184K)->28910K(29184K) NonClass: 24028K(24128K)->24028K(24128K) Class: 4882K(5056K)->4882K(5056K)
[1594.999s][info][gc             ] GC(266) Pause Young (Concurrent Start) (G1 Evacuation Pause) 3553M->1377M(4096M) 119.140ms
[1594.999s][info][gc             ] GC(267) Concurrent Mark Cycle
[1594.999s][info][gc,marking     ] GC(267) Concurrent Scan Root Regions
[1594.999s][info][gc,cpu         ] GC(266) User=0.70s Sys=0.00s Real=0.12s
[1595.125s][info][gc,marking     ] GC(267) Concurrent Scan Root Regions 125.731ms
[1595.125s][info][gc,marking     ] GC(267) Concurrent Mark
[1595.125s][info][gc,marking     ] GC(267) Concurrent Mark From Roots
[1595.125s][info][gc,task        ] GC(267) Using 2 workers of 2 for marking
.[1595.703s][info][gc,marking     ] GC(267) Concurrent Mark From Roots 578.309ms
[1595.704s][info][gc,marking     ] GC(267) Concurrent Preclean
[1595.704s][info][gc,marking     ] GC(267) Concurrent Preclean 0.071ms
[1595.704s][info][gc,start       ] GC(267) Pause Remark
[1595.707s][info][gc             ] GC(267) Pause Remark 1571M->1571M(4096M) 2.712ms
[1595.707s][info][gc,cpu         ] GC(267) User=0.01s Sys=0.00s Real=0.00s
[1595.707s][info][gc,marking     ] GC(267) Concurrent Mark 581.638ms
[1595.707s][info][gc,marking     ] GC(267) Concurrent Rebuild Remembered Sets and Scrub Regions
[1595.922s][info][gc,marking     ] GC(267) Concurrent Rebuild Remembered Sets and Scrub Regions 214.732ms
[1595.922s][info][gc,start       ] GC(267) Pause Cleanup
[1595.922s][info][gc             ] GC(267) Pause Cleanup 1612M->1612M(4096M) 0.125ms
[1595.922s][info][gc,cpu         ] GC(267) User=0.00s Sys=0.00s Real=0.00s
[1595.922s][info][gc,marking     ] GC(267) Concurrent Clear Claimed Marks
[1595.922s][info][gc,marking     ] GC(267) Concurrent Clear Claimed Marks 0.030ms
[1595.922s][info][gc,marking     ] GC(267) Concurrent Cleanup for Next Mark
[1595.926s][info][gc,marking     ] GC(267) Concurrent Cleanup for Next Mark 3.950ms
[1595.926s][info][gc             ] GC(267) Concurrent Mark Cycle 926.558ms
..... (rIR:aIR:PR = 1937:1937:1937) (tPR = 29136) [OK] 
  1600s: Performance info:
         Transaction,    Success,    Partial,     Failed,   Receipts, AvgBarcode, 
             Overall,     116270,          0,          0,     110459,      59.47, 
         Response times:
             Request,    Success,    Partial,     Failed,   SkipFail,     Probes,    Samples,      min,      p50,      p90,      p95,      p99,      max, 
       TotalPurchase,     110464,          0,          0,          0,     107934,     115934,      300,     1800,     2700,     3100,     8300,   153000,
     InStorePurchase,      58153,          0,          0,          0,      57193,      61184,      300,     1800,     2700,     3000,     8100,   153000,
      OnlinePurchase,      40685,          0,          0,          0,      39597,      42639,      300,     1900,     2800,     3100,     8900,   153000,
        InstPurchase,      11626,          0,          0,          0,      11144,      12111,      400,     1700,     2800,     3100,     6288,   153000,
          AssocOfCat,        116,          0,          0,          0,        113,        122,    18000,    24000,    28000,    34850,    46540,    47000,
      AssocOfProduct,       1160,          0,          0,          0,       1037,       1241,      400,     1400,     2100,     2500,     5700,   145000,
      BusinessReport,        290,          0,          0,          0,        213,        294,    19300,    27000,    37000,    45000,   162150,   177000,
          CustBuyBeh,       1162,          0,          0,          0,       1014,       1178,      600,     2100,     2800,     3100,     5321,   141000,
       ProductReturn,       3086,          0,          0,          0,       2828,       3234,      300,     1500,     2500,     2800,     9700,   140000,

  1600s: (15%)   IR =   2076 ...[1604.438s][info][gc,start       ] GC(268) Pause Young (Prepare Mixed) (G1 Evacuation Pause)
[1604.438s][info][gc,task        ] GC(268) Using 6 workers of 6 for evacuation
[1604.559s][info][gc,phases      ] GC(268)   Pre Evacuate Collection Set: 0.36ms
[1604.559s][info][gc,phases      ] GC(268)   Merge Heap Roots: 0.58ms
[1604.559s][info][gc,phases      ] GC(268)   Evacuate Collection Set: 118.66ms
[1604.559s][info][gc,phases      ] GC(268)   Post Evacuate Collection Set: 0.96ms
[1604.559s][info][gc,phases      ] GC(268)   Other: 0.10ms
[1604.559s][info][gc,heap        ] GC(268) Eden regions: 1119->0(1112)
[1604.559s][info][gc,heap        ] GC(268) Survivor regions: 109->110(154)
[1604.559s][info][gc,heap        ] GC(268) Old regions: 501->533
[1604.559s][info][gc,heap        ] GC(268) Humongous regions: 80->80
[1604.559s][info][gc,metaspace   ] GC(268) Metaspace: 28912K(29184K)->28912K(29184K) NonClass: 24030K(24128K)->24030K(24128K) Class: 4882K(5056K)->4882K(5056K)
[1604.559s][info][gc             ] GC(268) Pause Young (Prepare Mixed) (G1 Evacuation Pause) 3615M->1445M(4096M) 120.813ms
[1604.559s][info][gc,cpu         ] GC(268) User=0.72s Sys=0.00s Real=0.12s
....|.....[1613.478s][info][gc,start       ] GC(269) Pause Young (Mixed) (G1 Evacuation Pause)
[1613.478s][info][gc,task        ] GC(269) Using 6 workers of 6 for evacuation
[1613.609s][info][gc,phases      ] GC(269)   Pre Evacuate Collection Set: 0.43ms
[1613.609s][info][gc,phases      ] GC(269)   Merge Heap Roots: 0.66ms
[1613.609s][info][gc,phases      ] GC(269)   Evacuate Collection Set: 128.60ms
[1613.609s][info][gc,phases      ] GC(269)   Post Evacuate Collection Set: 1.00ms
[1613.609s][info][gc,phases      ] GC(269)   Other: 0.09ms
[1613.609s][info][gc,heap        ] GC(269) Eden regions: 1112->0(1120)
[1613.609s][info][gc,heap        ] GC(269) Survivor regions: 110->108(153)
[1613.609s][info][gc,heap        ] GC(269) Old regions: 533->467
[1613.609s][info][gc,heap        ] GC(269) Humongous regions: 80->80
[1613.609s][info][gc,metaspace   ] GC(269) Metaspace: 28912K(29184K)->28912K(29184K) NonClass: 24030K(24128K)->24030K(24128K) Class: 4882K(5056K)->4882K(5056K)
[1613.609s][info][gc             ] GC(269) Pause Young (Mixed) (G1 Evacuation Pause) 3669M->1309M(4096M) 130.921ms
[1613.609s][info][gc,cpu         ] GC(269) User=0.77s Sys=0.00s Real=0.13s
.........[1622.588s][info][gc,start       ] GC(270) Pause Young (Concurrent Start) (G1 Evacuation Pause)
[1622.588s][info][gc,task        ] GC(270) Using 6 workers of 6 for evacuation
[1622.703s][info][gc,phases      ] GC(270)   Pre Evacuate Collection Set: 0.47ms
[1622.703s][info][gc,phases      ] GC(270)   Merge Heap Roots: 0.52ms
[1622.703s][info][gc,phases      ] GC(270)   Evacuate Collection Set: 113.20ms
[1622.703s][info][gc,phases      ] GC(270)   Post Evacuate Collection Set: 0.91ms
[1622.703s][info][gc,phases      ] GC(270)   Other: 0.15ms
[1622.703s][info][gc,heap        ] GC(270) Eden regions: 1120->0(1120)
[1622.703s][info][gc,heap        ] GC(270) Survivor regions: 108->108(154)
[1622.703s][info][gc,heap        ] GC(270) Old regions: 467->500
[1622.703s][info][gc,heap        ] GC(270) Humongous regions: 80->80
[1622.703s][info][gc,metaspace   ] GC(270) Metaspace: 28912K(29184K)->28912K(29184K) NonClass: 24030K(24128K)->24030K(24128K) Class: 4882K(5056K)->4882K(5056K)
[1622.703s][info][gc             ] GC(270) Pause Young (Concurrent Start) (G1 Evacuation Pause) 3549M->1374M(4096M) 115.395ms
[1622.703s][info][gc             ] GC(271) Concurrent Mark Cycle
[1622.703s][info][gc,marking     ] GC(271) Concurrent Scan Root Regions
[1622.704s][info][gc,cpu         ] GC(270) User=0.69s Sys=0.00s Real=0.11s
.[1622.873s][info][gc,marking     ] GC(271) Concurrent Scan Root Regions 169.052ms
[1622.873s][info][gc,marking     ] GC(271) Concurrent Mark
[1622.873s][info][gc,marking     ] GC(271) Concurrent Mark From Roots
[1622.873s][info][gc,task        ] GC(271) Using 2 workers of 2 for marking
[1623.698s][info][gc,marking     ] GC(271) Concurrent Mark From Roots 825.826ms
[1623.698s][info][gc,marking     ] GC(271) Concurrent Preclean
[1623.699s][info][gc,marking     ] GC(271) Concurrent Preclean 0.054ms
[1623.699s][info][gc,start       ] GC(271) Pause Remark
[1623.702s][info][gc             ] GC(271) Pause Remark 1648M->1648M(4096M) 3.175ms
[1623.702s][info][gc,cpu         ] GC(271) User=0.02s Sys=0.00s Real=0.00s
[1623.702s][info][gc,marking     ] GC(271) Concurrent Mark 829.304ms
[1623.702s][info][gc,marking     ] GC(271) Concurrent Rebuild Remembered Sets and Scrub Regions
.[1623.964s][info][gc,marking     ] GC(271) Concurrent Rebuild Remembered Sets and Scrub Regions 262.376ms
[1623.964s][info][gc,start       ] GC(271) Pause Cleanup
[1623.965s][info][gc             ] GC(271) Pause Cleanup 1734M->1734M(4096M) 0.121ms
[1623.965s][info][gc,cpu         ] GC(271) User=0.00s Sys=0.00s Real=0.00s
[1623.965s][info][gc,marking     ] GC(271) Concurrent Clear Claimed Marks
[1623.965s][info][gc,marking     ] GC(271) Concurrent Clear Claimed Marks 0.029ms
[1623.965s][info][gc,marking     ] GC(271) Concurrent Cleanup for Next Mark
[1623.968s][info][gc,marking     ] GC(271) Concurrent Cleanup for Next Mark 3.513ms
[1623.968s][info][gc             ] GC(271) Concurrent Mark Cycle 1264.786ms
.......[1631.701s][info][gc,start       ] GC(272) Pause Young (Prepare Mixed) (G1 Evacuation Pause)
[1631.701s][info][gc,task        ] GC(272) Using 6 workers of 6 for evacuation
[1631.816s][info][gc,phases      ] GC(272)   Pre Evacuate Collection Set: 0.38ms
[1631.817s][info][gc,phases      ] GC(272)   Merge Heap Roots: 0.53ms
[1631.817s][info][gc,phases      ] GC(272)   Evacuate Collection Set: 113.54ms
[1631.817s][info][gc,phases      ] GC(272)   Post Evacuate Collection Set: 0.95ms
[1631.817s][info][gc,phases      ] GC(272)   Other: 0.08ms
[1631.817s][info][gc,heap        ] GC(272) Eden regions: 1120->0(1118)
[1631.817s][info][gc,heap        ] GC(272) Survivor regions: 108->108(154)
[1631.817s][info][gc,heap        ] GC(272) Old regions: 500->531
[1631.817s][info][gc,heap        ] GC(272) Humongous regions: 80->80
[1631.817s][info][gc,metaspace   ] GC(272) Metaspace: 28912K(29184K)->28912K(29184K) NonClass: 24030K(24128K)->24030K(24128K) Class: 4882K(5056K)->4882K(5056K)
[1631.817s][info][gc             ] GC(272) Pause Young (Prepare Mixed) (G1 Evacuation Pause) 3614M->1436M(4096M) 115.616ms
[1631.817s][info][gc,cpu         ] GC(272) User=0.68s Sys=0.00s Real=0.11s
..........[1640.978s][info][gc,start       ] GC(273) Pause Young (Mixed) (G1 Evacuation Pause)
[1640.978s][info][gc,task        ] GC(273) Using 6 workers of 6 for evacuation
[1641.114s][info][gc,phases      ] GC(273)   Pre Evacuate Collection Set: 0.40ms
[1641.114s][info][gc,phases      ] GC(273)   Merge Heap Roots: 0.74ms
[1641.114s][info][gc,phases      ] GC(273)   Evacuate Collection Set: 133.84ms
[1641.114s][info][gc,phases      ] GC(273)   Post Evacuate Collection Set: 0.98ms
[1641.114s][info][gc,phases      ] GC(273)   Other: 0.09ms
[1641.114s][info][gc,heap        ] GC(273) Eden regions: 1118->0(1119)
[1641.114s][info][gc,heap        ] GC(273) Survivor regions: 108->109(154)
[1641.114s][info][gc,heap        ] GC(273) Old regions: 531->468
[1641.114s][info][gc,heap        ] GC(273) Humongous regions: 80->80
[1641.114s][info][gc,metaspace   ] GC(273) Metaspace: 28912K(29184K)->28912K(29184K) NonClass: 24030K(24128K)->24030K(24128K) Class: 4882K(5056K)->4882K(5056K)
[1641.114s][info][gc             ] GC(273) Pause Young (Mixed) (G1 Evacuation Pause) 3672M->1313M(4096M) 136.182ms
[1641.114s][info][gc,cpu         ] GC(273) User=0.80s Sys=0.00s Real=0.13s
.........[1650.012s][info][gc,start       ] GC(274) Pause Young (Concurrent Start) (G1 Evacuation Pause)
[1650.013s][info][gc,task        ] GC(274) Using 6 workers of 6 for evacuation
[1650.130s][info][gc,phases      ] GC(274)   Pre Evacuate Collection Set: 0.40ms
[1650.130s][info][gc,phases      ] GC(274)   Merge Heap Roots: 0.46ms
[1650.130s][info][gc,phases      ] GC(274)   Evacuate Collection Set: 115.94ms
[1650.130s][info][gc,phases      ] GC(274)   Post Evacuate Collection Set: 0.92ms
[1650.130s][info][gc,phases      ] GC(274)   Other: 0.10ms
[1650.130s][info][gc,heap        ] GC(274) Eden regions: 1119->0(1119)
[1650.130s][info][gc,heap        ] GC(274) Survivor regions: 109->109(154)
[1650.130s][info][gc,heap        ] GC(274) Old regions: 468->500
[1650.130s][info][gc,heap        ] GC(274) Humongous regions: 80->80
[1650.130s][info][gc,metaspace   ] GC(274) Metaspace: 28912K(29184K)->28912K(29184K) NonClass: 24030K(24128K)->24030K(24128K) Class: 4882K(5056K)->4882K(5056K)
[1650.130s][info][gc             ] GC(274) Pause Young (Concurrent Start) (G1 Evacuation Pause) 3551M->1376M(4096M) 117.965ms
[1650.130s][info][gc             ] GC(275) Concurrent Mark Cycle
[1650.130s][info][gc,marking     ] GC(275) Concurrent Scan Root Regions
[1650.131s][info][gc,cpu         ] GC(274) User=0.69s Sys=0.00s Real=0.12s
[1650.272s][info][gc,marking     ] GC(275) Concurrent Scan Root Regions 141.080ms
[1650.272s][info][gc,marking     ] GC(275) Concurrent Mark
[1650.272s][info][gc,marking     ] GC(275) Concurrent Mark From Roots
[1650.272s][info][gc,task        ] GC(275) Using 2 workers of 2 for marking
.[1650.862s][info][gc,marking     ] GC(275) Concurrent Mark From Roots 590.864ms
[1650.863s][info][gc,marking     ] GC(275) Concurrent Preclean
[1650.863s][info][gc,marking     ] GC(275) Concurrent Preclean 0.068ms
[1650.863s][info][gc,start       ] GC(275) Pause Remark
[1650.865s][info][gc             ] GC(275) Pause Remark 1599M->1599M(4096M) 2.654ms
[1650.865s][info][gc,cpu         ] GC(275) User=0.01s Sys=0.00s Real=0.00s
[1650.865s][info][gc,marking     ] GC(275) Concurrent Mark 593.828ms
[1650.865s][info][gc,marking     ] GC(275) Concurrent Rebuild Remembered Sets and Scrub Regions
[1651.085s][info][gc,marking     ] GC(275) Concurrent Rebuild Remembered Sets and Scrub Regions 219.846ms
[1651.085s][info][gc,start       ] GC(275) Pause Cleanup
[1651.086s][info][gc             ] GC(275) Pause Cleanup 1645M->1645M(4096M) 0.126ms
[1651.086s][info][gc,cpu         ] GC(275) User=0.00s Sys=0.00s Real=0.00s
[1651.086s][info][gc,marking     ] GC(275) Concurrent Clear Claimed Marks
[1651.086s][info][gc,marking     ] GC(275) Concurrent Clear Claimed Marks 0.030ms
[1651.086s][info][gc,marking     ] GC(275) Concurrent Cleanup for Next Mark
[1651.089s][info][gc,marking     ] GC(275) Concurrent Cleanup for Next Mark 3.244ms
[1651.089s][info][gc             ] GC(275) Concurrent Mark Cycle 958.492ms
........[1659.113s][info][gc,start       ] GC(276) Pause Young (Prepare Mixed) (G1 Evacuation Pause)
[1659.113s][info][gc,task        ] GC(276) Using 6 workers of 6 for evacuation
[1659.231s][info][gc,phases      ] GC(276)   Pre Evacuate Collection Set: 0.38ms
[1659.231s][info][gc,phases      ] GC(276)   Merge Heap Roots: 0.59ms
[1659.231s][info][gc,phases      ] GC(276)   Evacuate Collection Set: 115.41ms
[1659.231s][info][gc,phases      ] GC(276)   Post Evacuate Collection Set: 0.97ms
[1659.231s][info][gc,phases      ] GC(276)   Other: 0.10ms
[1659.231s][info][gc,heap        ] GC(276) Eden regions: 1119->0(1117)
[1659.231s][info][gc,heap        ] GC(276) Survivor regions: 109->108(154)
[1659.231s][info][gc,heap        ] GC(276) Old regions: 500->532
[1659.231s][info][gc,heap        ] GC(276) Humongous regions: 80->80
[1659.231s][info][gc,metaspace   ] GC(276) Metaspace: 28912K(29184K)->28912K(29184K) NonClass: 24030K(24128K)->24030K(24128K) Class: 4882K(5056K)->4882K(5056K)
[1659.231s][info][gc             ] GC(276) Pause Young (Prepare Mixed) (G1 Evacuation Pause) 3614M->1439M(4096M) 117.590ms
[1659.231s][info][gc,cpu         ] GC(276) User=0.70s Sys=0.00s Real=0.12s
......... (rIR:aIR:PR = 2076:2076:2076) (tPR = 30749) [OK] 
  1667s: Performance info:
         Transaction,    Success,    Partial,     Failed,   Receipts, AvgBarcode, 
             Overall,     125109,          0,          0,     118855,      59.48, 
         Response times:
             Request,    Success,    Partial,     Failed,   SkipFail,     Probes,    Samples,      min,      p50,      p90,      p95,      p99,      max, 
       TotalPurchase,     118855,          0,          0,          0,     115814,     130845,      300,     1900,     2900,     3300,    10400,   154000,
     InStorePurchase,      62557,          0,          0,          0,      61069,      68596,      300,     2000,     3000,     3400,    11203,   154000,
      OnlinePurchase,      43781,          0,          0,          0,      42679,      48367,      300,     1900,     2900,     3300,     9200,   139000,
        InstPurchase,      12517,          0,          0,          0,      12066,      13882,      400,     1800,     2800,     3100,     9500,   134000,
          AssocOfCat,        125,          0,          0,          0,         93,        139,    18300,    25000,    33000,    37000,    44000,    44000,
      AssocOfProduct,       1249,          0,          0,          0,       1158,       1419,      500,     1700,     2600,     3000,     9300,   129000,
      BusinessReport,        312,          0,          0,          0,        235,        333,    19000,    27000,    34000,    42300,    64940,    78000,
          CustBuyBeh,       1250,          0,          0,          0,       1112,       1389,      200,     1700,     3000,     3400,    20100,   135000,
       ProductReturn,       3318,          0,          0,          0,       3067,       3649,      200,     1200,     2400,     2800,     7250,   121000,

  1667s: (16%)   IR =   2214 [1668.230s][info][gc,start       ] GC(277) Pause Young (Mixed) (G1 Evacuation Pause)
[1668.230s][info][gc,task        ] GC(277) Using 6 workers of 6 for evacuation
[1668.362s][info][gc,phases      ] GC(277)   Pre Evacuate Collection Set: 0.40ms
[1668.362s][info][gc,phases      ] GC(277)   Merge Heap Roots: 0.72ms
[1668.362s][info][gc,phases      ] GC(277)   Evacuate Collection Set: 129.52ms
[1668.362s][info][gc,phases      ] GC(277)   Post Evacuate Collection Set: 0.98ms
[1668.362s][info][gc,phases      ] GC(277)   Other: 0.09ms
[1668.362s][info][gc,heap        ] GC(277) Eden regions: 1117->0(1119)
[1668.362s][info][gc,heap        ] GC(277) Survivor regions: 108->109(154)
[1668.362s][info][gc,heap        ] GC(277) Old regions: 532->468
[1668.362s][info][gc,heap        ] GC(277) Humongous regions: 80->80
[1668.362s][info][gc,metaspace   ] GC(277) Metaspace: 28914K(29184K)->28914K(29184K) NonClass: 24032K(24128K)->24032K(24128K) Class: 4882K(5056K)->4882K(5056K)
[1668.362s][info][gc             ] GC(277) Pause Young (Mixed) (G1 Evacuation Pause) 3673M->1312M(4096M) 131.840ms
[1668.362s][info][gc,cpu         ] GC(277) User=0.78s Sys=0.00s Real=0.13s
....|.....[1676.878s][info][gc,start       ] GC(278) Pause Young (Concurrent Start) (G1 Evacuation Pause)
[1676.878s][info][gc,task        ] GC(278) Using 6 workers of 6 for evacuation
[1676.993s][info][gc,phases      ] GC(278)   Pre Evacuate Collection Set: 0.40ms
[1676.993s][info][gc,phases      ] GC(278)   Merge Heap Roots: 0.55ms
[1676.993s][info][gc,phases      ] GC(278)   Evacuate Collection Set: 113.36ms
[1676.993s][info][gc,phases      ] GC(278)   Post Evacuate Collection Set: 0.89ms
[1676.993s][info][gc,phases      ] GC(278)   Other: 0.14ms
[1676.993s][info][gc,heap        ] GC(278) Eden regions: 1119->0(1120)
[1676.993s][info][gc,heap        ] GC(278) Survivor regions: 109->108(154)
[1676.993s][info][gc,heap        ] GC(278) Old regions: 468->500
[1676.993s][info][gc,heap        ] GC(278) Humongous regions: 80->80
[1676.993s][info][gc,metaspace   ] GC(278) Metaspace: 28914K(29184K)->28914K(29184K) NonClass: 24032K(24128K)->24032K(24128K) Class: 4882K(5056K)->4882K(5056K)
[1676.993s][info][gc             ] GC(278) Pause Young (Concurrent Start) (G1 Evacuation Pause) 3550M->1373M(4096M) 115.490ms
[1676.993s][info][gc             ] GC(279) Concurrent Mark Cycle
[1676.993s][info][gc,marking     ] GC(279) Concurrent Scan Root Regions
[1676.993s][info][gc,cpu         ] GC(278) User=0.69s Sys=0.00s Real=0.11s
[1677.116s][info][gc,marking     ] GC(279) Concurrent Scan Root Regions 122.472ms
[1677.116s][info][gc,marking     ] GC(279) Concurrent Mark
[1677.116s][info][gc,marking     ] GC(279) Concurrent Mark From Roots
[1677.116s][info][gc,task        ] GC(279) Using 2 workers of 2 for marking
[1677.727s][info][gc,marking     ] GC(279) Concurrent Mark From Roots 610.717ms
[1677.727s][info][gc,marking     ] GC(279) Concurrent Preclean
[1677.727s][info][gc,marking     ] GC(279) Concurrent Preclean 0.060ms
[1677.727s][info][gc,start       ] GC(279) Pause Remark
[1677.730s][info][gc             ] GC(279) Pause Remark 1628M->1628M(4096M) 3.052ms
[1677.730s][info][gc,cpu         ] GC(279) User=0.01s Sys=0.00s Real=0.00s
[1677.730s][info][gc,marking     ] GC(279) Concurrent Mark 614.048ms
[1677.730s][info][gc,marking     ] GC(279) Concurrent Rebuild Remembered Sets and Scrub Regions
.[1677.945s][info][gc,marking     ] GC(279) Concurrent Rebuild Remembered Sets and Scrub Regions 214.552ms
[1677.945s][info][gc,start       ] GC(279) Pause Cleanup
[1677.945s][info][gc             ] GC(279) Pause Cleanup 1674M->1674M(4096M) 0.143ms
[1677.945s][info][gc,cpu         ] GC(279) User=0.00s Sys=0.00s Real=0.00s
[1677.945s][info][gc,marking     ] GC(279) Concurrent Clear Claimed Marks
[1677.945s][info][gc,marking     ] GC(279) Concurrent Clear Claimed Marks 0.036ms
[1677.945s][info][gc,marking     ] GC(279) Concurrent Cleanup for Next Mark
[1677.949s][info][gc,marking     ] GC(279) Concurrent Cleanup for Next Mark 3.753ms
[1677.949s][info][gc             ] GC(279) Concurrent Mark Cycle 955.367ms
.......[1685.368s][info][gc,start       ] GC(280) Pause Young (Prepare Mixed) (G1 Evacuation Pause)
[1685.368s][info][gc,task        ] GC(280) Using 6 workers of 6 for evacuation
[1685.486s][info][gc,phases      ] GC(280)   Pre Evacuate Collection Set: 0.37ms
[1685.486s][info][gc,phases      ] GC(280)   Merge Heap Roots: 0.65ms
[1685.486s][info][gc,phases      ] GC(280)   Evacuate Collection Set: 115.43ms
[1685.486s][info][gc,phases      ] GC(280)   Post Evacuate Collection Set: 0.95ms
[1685.486s][info][gc,phases      ] GC(280)   Other: 0.10ms
[1685.486s][info][gc,heap        ] GC(280) Eden regions: 1120->0(1117)
[1685.486s][info][gc,heap        ] GC(280) Survivor regions: 108->108(154)
[1685.486s][info][gc,heap        ] GC(280) Old regions: 500->532
[1685.486s][info][gc,heap        ] GC(280) Humongous regions: 80->80
[1685.486s][info][gc,metaspace   ] GC(280) Metaspace: 28914K(29184K)->28914K(29184K) NonClass: 24032K(24128K)->24032K(24128K) Class: 4882K(5056K)->4882K(5056K)
[1685.486s][info][gc             ] GC(280) Pause Young (Prepare Mixed) (G1 Evacuation Pause) 3613M->1438M(4096M) 117.638ms
[1685.486s][info][gc,cpu         ] GC(280) User=0.69s Sys=0.01s Real=0.11s
.........[1693.909s][info][gc,start       ] GC(281) Pause Young (Mixed) (G1 Evacuation Pause)
[1693.909s][info][gc,task        ] GC(281) Using 6 workers of 6 for evacuation
[1694.047s][info][gc,phases      ] GC(281)   Pre Evacuate Collection Set: 0.40ms
[1694.047s][info][gc,phases      ] GC(281)   Merge Heap Roots: 0.76ms
[1694.047s][info][gc,phases      ] GC(281)   Evacuate Collection Set: 135.38ms
[1694.047s][info][gc,phases      ] GC(281)   Post Evacuate Collection Set: 0.98ms
[1694.047s][info][gc,phases      ] GC(281)   Other: 0.09ms
[1694.047s][info][gc,heap        ] GC(281) Eden regions: 1117->0(1118)
[1694.047s][info][gc,heap        ] GC(281) Survivor regions: 108->110(154)
[1694.047s][info][gc,heap        ] GC(281) Old regions: 532->470
[1694.047s][info][gc,heap        ] GC(281) Humongous regions: 80->80
[1694.047s][info][gc,metaspace   ] GC(281) Metaspace: 28914K(29184K)->28914K(29184K) NonClass: 24032K(24128K)->24032K(24128K) Class: 4882K(5056K)->4882K(5056K)
[1694.047s][info][gc             ] GC(281) Pause Young (Mixed) (G1 Evacuation Pause) 3672M->1318M(4096M) 137.759ms
[1694.047s][info][gc,cpu         ] GC(281) User=0.81s Sys=0.00s Real=0.14s
........[1702.504s][info][gc,start       ] GC(282) Pause Young (Concurrent Start) (G1 Evacuation Pause)
[1702.504s][info][gc,task        ] GC(282) Using 6 workers of 6 for evacuation
[1702.622s][info][gc,phases      ] GC(282)   Pre Evacuate Collection Set: 0.41ms
[1702.622s][info][gc,phases      ] GC(282)   Merge Heap Roots: 0.54ms
[1702.622s][info][gc,phases      ] GC(282)   Evacuate Collection Set: 115.71ms
[1702.622s][info][gc,phases      ] GC(282)   Post Evacuate Collection Set: 0.89ms
[1702.622s][info][gc,phases      ] GC(282)   Other: 0.10ms
[1702.622s][info][gc,heap        ] GC(282) Eden regions: 1118->0(1120)
[1702.622s][info][gc,heap        ] GC(282) Survivor regions: 110->108(154)
[1702.622s][info][gc,heap        ] GC(282) Old regions: 470->502
[1702.622s][info][gc,heap        ] GC(282) Humongous regions: 80->80
[1702.622s][info][gc,metaspace   ] GC(282) Metaspace: 28914K(29184K)->28914K(29184K) NonClass: 24032K(24128K)->24032K(24128K) Class: 4882K(5056K)->4882K(5056K)
[1702.622s][info][gc             ] GC(282) Pause Young (Concurrent Start) (G1 Evacuation Pause) 3554M->1378M(4096M) 117.785ms
[1702.622s][info][gc             ] GC(283) Concurrent Mark Cycle
[1702.622s][info][gc,marking     ] GC(283) Concurrent Scan Root Regions
[1702.622s][info][gc,cpu         ] GC(282) User=0.70s Sys=0.00s Real=0.12s
[1702.743s][info][gc,marking     ] GC(283) Concurrent Scan Root Regions 120.985ms
[1702.743s][info][gc,marking     ] GC(283) Concurrent Mark
[1702.743s][info][gc,marking     ] GC(283) Concurrent Mark From Roots
[1702.743s][info][gc,task        ] GC(283) Using 2 workers of 2 for marking
.[1703.311s][info][gc,marking     ] GC(283) Concurrent Mark From Roots 568.352ms
[1703.311s][info][gc,marking     ] GC(283) Concurrent Preclean
[1703.311s][info][gc,marking     ] GC(283) Concurrent Preclean 0.043ms
[1703.312s][info][gc,start       ] GC(283) Pause Remark
[1703.314s][info][gc             ] GC(283) Pause Remark 1584M->1584M(4096M) 2.835ms
[1703.314s][info][gc,cpu         ] GC(283) User=0.02s Sys=0.00s Real=0.00s
[1703.315s][info][gc,marking     ] GC(283) Concurrent Mark 571.471ms
[1703.315s][info][gc,marking     ] GC(283) Concurrent Rebuild Remembered Sets and Scrub Regions
[1703.528s][info][gc,marking     ] GC(283) Concurrent Rebuild Remembered Sets and Scrub Regions 213.230ms
[1703.528s][info][gc,start       ] GC(283) Pause Cleanup
[1703.528s][info][gc             ] GC(283) Pause Cleanup 1638M->1638M(4096M) 0.127ms
[1703.528s][info][gc,cpu         ] GC(283) User=0.00s Sys=0.00s Real=0.00s
[1703.528s][info][gc,marking     ] GC(283) Concurrent Clear Claimed Marks
[1703.528s][info][gc,marking     ] GC(283) Concurrent Clear Claimed Marks 0.035ms
[1703.528s][info][gc,marking     ] GC(283) Concurrent Cleanup for Next Mark
[1703.533s][info][gc,marking     ] GC(283) Concurrent Cleanup for Next Mark 4.152ms
[1703.533s][info][gc             ] GC(283) Concurrent Mark Cycle 910.671ms
........[1711.120s][info][gc,start       ] GC(284) Pause Young (Prepare Mixed) (G1 Evacuation Pause)
[1711.120s][info][gc,task        ] GC(284) Using 6 workers of 6 for evacuation
[1711.236s][info][gc,phases      ] GC(284)   Pre Evacuate Collection Set: 0.35ms
[1711.236s][info][gc,phases      ] GC(284)   Merge Heap Roots: 0.51ms
[1711.236s][info][gc,phases      ] GC(284)   Evacuate Collection Set: 114.47ms
[1711.236s][info][gc,phases      ] GC(284)   Post Evacuate Collection Set: 0.96ms
[1711.236s][info][gc,phases      ] GC(284)   Other: 0.08ms
[1711.236s][info][gc,heap        ] GC(284) Eden regions: 1120->0(1114)
[1711.236s][info][gc,heap        ] GC(284) Survivor regions: 108->109(154)
[1711.236s][info][gc,heap        ] GC(284) Old regions: 502->533
[1711.236s][info][gc,heap        ] GC(284) Humongous regions: 80->80
[1711.236s][info][gc,metaspace   ] GC(284) Metaspace: 28914K(29184K)->28914K(29184K) NonClass: 24032K(24128K)->24032K(24128K) Class: 4882K(5056K)->4882K(5056K)
[1711.236s][info][gc             ] GC(284) Pause Young (Prepare Mixed) (G1 Evacuation Pause) 3618M->1442M(4096M) 116.502ms
[1711.236s][info][gc,cpu         ] GC(284) User=0.69s Sys=0.00s Real=0.11s
........[1719.615s][info][gc,start       ] GC(285) Pause Young (Mixed) (G1 Evacuation Pause)
[1719.615s][info][gc,task        ] GC(285) Using 6 workers of 6 for evacuation
[1719.747s][info][gc,phases      ] GC(285)   Pre Evacuate Collection Set: 0.43ms
[1719.747s][info][gc,phases      ] GC(285)   Merge Heap Roots: 0.68ms
[1719.747s][info][gc,phases      ] GC(285)   Evacuate Collection Set: 129.82ms
[1719.747s][info][gc,phases      ] GC(285)   Post Evacuate Collection Set: 0.99ms
[1719.747s][info][gc,phases      ] GC(285)   Other: 0.09ms
[1719.747s][info][gc,heap        ] GC(285) Eden regions: 1114->0(1120)
[1719.747s][info][gc,heap        ] GC(285) Survivor regions: 109->108(153)
[1719.747s][info][gc,heap        ] GC(285) Old regions: 533->469
[1719.747s][info][gc,heap        ] GC(285) Humongous regions: 80->80
[1719.747s][info][gc,metaspace   ] GC(285) Metaspace: 28914K(29184K)->28914K(29184K) NonClass: 24032K(24128K)->24032K(24128K) Class: 4882K(5056K)->4882K(5056K)
[1719.747s][info][gc             ] GC(285) Pause Young (Mixed) (G1 Evacuation Pause) 3670M->1312M(4096M) 132.143ms
[1719.747s][info][gc,cpu         ] GC(285) User=0.78s Sys=0.00s Real=0.14s
.........[1728.124s][info][gc,start       ] GC(286) Pause Young (Concurrent Start) (G1 Evacuation Pause)
[1728.124s][info][gc,task        ] GC(286) Using 6 workers of 6 for evacuation
[1728.240s][info][gc,phases      ] GC(286)   Pre Evacuate Collection Set: 0.42ms
[1728.240s][info][gc,phases      ] GC(286)   Merge Heap Roots: 0.49ms
[1728.240s][info][gc,phases      ] GC(286)   Evacuate Collection Set: 113.78ms
[1728.240s][info][gc,phases      ] GC(286)   Post Evacuate Collection Set: 0.90ms
[1728.240s][info][gc,phases      ] GC(286)   Other: 0.13ms
[1728.240s][info][gc,heap        ] GC(286) Eden regions: 1120->0(1120)
[1728.240s][info][gc,heap        ] GC(286) Survivor regions: 108->108(154)
[1728.240s][info][gc,heap        ] GC(286) Old regions: 469->501
[1728.240s][info][gc,heap        ] GC(286) Humongous regions: 80->80
[1728.240s][info][gc,metaspace   ] GC(286) Metaspace: 28914K(29184K)->28914K(29184K) NonClass: 24032K(24128K)->24032K(24128K) Class: 4882K(5056K)->4882K(5056K)
[1728.240s][info][gc             ] GC(286) Pause Young (Concurrent Start) (G1 Evacuation Pause) 3552M->1376M(4096M) 115.850ms
[1728.240s][info][gc             ] GC(287) Concurrent Mark Cycle
[1728.240s][info][gc,marking     ] GC(287) Concurrent Scan Root Regions
[1728.240s][info][gc,cpu         ] GC(286) User=0.69s Sys=0.00s Real=0.12s
[1728.364s][info][gc,marking     ] GC(287) Concurrent Scan Root Regions 124.178ms
[1728.364s][info][gc,marking     ] GC(287) Concurrent Mark
[1728.364s][info][gc,marking     ] GC(287) Concurrent Mark From Roots
[1728.364s][info][gc,task        ] GC(287) Using 2 workers of 2 for marking
.[1728.977s][info][gc,marking     ] GC(287) Concurrent Mark From Roots 612.826ms
[1728.977s][info][gc,marking     ] GC(287) Concurrent Preclean
[1728.977s][info][gc,marking     ] GC(287) Concurrent Preclean 0.043ms
[1728.977s][info][gc,start       ] GC(287) Pause Remark
[1728.980s][info][gc             ] GC(287) Pause Remark 1613M->1613M(4096M) 2.733ms
[1728.980s][info][gc,cpu         ] GC(287) User=0.02s Sys=0.00s Real=0.00s
[1728.980s][info][gc,marking     ] GC(287) Concurrent Mark 615.868ms
[1728.980s][info][gc,marking     ] GC(287) Concurrent Rebuild Remembered Sets and Scrub Regions
[1729.213s][info][gc,marking     ] GC(287) Concurrent Rebuild Remembered Sets and Scrub Regions 232.655ms
[1729.213s][info][gc,start       ] GC(287) Pause Cleanup
[1729.213s][info][gc             ] GC(287) Pause Cleanup 1674M->1674M(4096M) 0.149ms
[1729.213s][info][gc,cpu         ] GC(287) User=0.00s Sys=0.00s Real=0.00s
[1729.213s][info][gc,marking     ] GC(287) Concurrent Clear Claimed Marks
[1729.213s][info][gc,marking     ] GC(287) Concurrent Clear Claimed Marks 0.032ms
[1729.213s][info][gc,marking     ] GC(287) Concurrent Cleanup for Next Mark
[1729.217s][info][gc,marking     ] GC(287) Concurrent Cleanup for Next Mark 3.378ms
[1729.217s][info][gc             ] GC(287) Concurrent Mark Cycle 976.660ms
... (rIR:aIR:PR = 2214:2215:2215) (tPR = 32535) [OK] 
  1731s: Performance info:
         Transaction,    Success,    Partial,     Failed,   Receipts, AvgBarcode, 
             Overall,     132971,          0,          0,     126328,      59.47, 
         Response times:
             Request,    Success,    Partial,     Failed,   SkipFail,     Probes,    Samples,      min,      p50,      p90,      p95,      p99,      max, 
       TotalPurchase,     126328,          0,          0,          0,     123475,     132994,      300,     2000,     3100,     3600,    10705,   142000,
     InStorePurchase,      66476,          0,          0,          0,      65100,      70108,      300,     2000,     3100,     3600,    11200,   142000,
      OnlinePurchase,      46546,          0,          0,          0,      45573,      48872,      300,     1900,     3100,     3600,     9700,   142000,
        InstPurchase,      13306,          0,          0,          0,      12802,      14014,      400,     2200,     3100,     3600,    10600,   129000,
          AssocOfCat,        133,          0,          0,          0,        103,        142,    18600,    25000,    35000,    37850,   120530,   176000,
      AssocOfProduct,       1322,          0,          0,          0,       1204,       1438,      500,     2800,     3700,     4400,    16671,   122000,
      BusinessReport,        334,          0,          0,          0,        281,        367,    19400,    28000,    35000,    39000,    71960,   181000,
          CustBuyBeh,       1329,          0,          0,          0,       1180,       1341,      200,     2000,     3000,     3500,     8400,    23000,
       ProductReturn,       3525,          0,          0,          0,       3308,       3791,      300,     1900,     3100,     3500,     9148,   121000,

  1731s: (17%)   IR =   2352 ....[1736.353s][info][gc,start       ] GC(288) Pause Young (Prepare Mixed) (G1 Evacuation Pause)
[1736.354s][info][gc,task        ] GC(288) Using 6 workers of 6 for evacuation
[1736.472s][info][gc,phases      ] GC(288)   Pre Evacuate Collection Set: 0.35ms
[1736.472s][info][gc,phases      ] GC(288)   Merge Heap Roots: 0.53ms
[1736.472s][info][gc,phases      ] GC(288)   Evacuate Collection Set: 116.06ms
[1736.472s][info][gc,phases      ] GC(288)   Post Evacuate Collection Set: 0.99ms
[1736.472s][info][gc,phases      ] GC(288)   Other: 0.09ms
[1736.472s][info][gc,heap        ] GC(288) Eden regions: 1120->0(1111)
[1736.472s][info][gc,heap        ] GC(288) Survivor regions: 108->110(154)
[1736.472s][info][gc,heap        ] GC(288) Old regions: 501->534
[1736.472s][info][gc,heap        ] GC(288) Humongous regions: 80->80
[1736.472s][info][gc,metaspace   ] GC(288) Metaspace: 28914K(29184K)->28914K(29184K) NonClass: 24032K(24128K)->24032K(24128K) Class: 4882K(5056K)->4882K(5056K)
[1736.472s][info][gc             ] GC(288) Pause Young (Prepare Mixed) (G1 Evacuation Pause) 3616M->1445M(4096M) 118.176ms
[1736.472s][info][gc,cpu         ] GC(288) User=0.70s Sys=0.00s Real=0.12s
.|.......[1744.375s][info][gc,start       ] GC(289) Pause Young (Mixed) (G1 Evacuation Pause)
[1744.375s][info][gc,task        ] GC(289) Using 6 workers of 6 for evacuation
[1744.507s][info][gc,phases      ] GC(289)   Pre Evacuate Collection Set: 0.41ms
[1744.507s][info][gc,phases      ] GC(289)   Merge Heap Roots: 0.74ms
[1744.507s][info][gc,phases      ] GC(289)   Evacuate Collection Set: 129.99ms
[1744.507s][info][gc,phases      ] GC(289)   Post Evacuate Collection Set: 0.95ms
[1744.507s][info][gc,phases      ] GC(289)   Other: 0.10ms
[1744.507s][info][gc,heap        ] GC(289) Eden regions: 1111->0(1121)
[1744.507s][info][gc,heap        ] GC(289) Survivor regions: 110->107(153)
[1744.507s][info][gc,heap        ] GC(289) Old regions: 534->470
[1744.507s][info][gc,heap        ] GC(289) Humongous regions: 80->80
[1744.507s][info][gc,metaspace   ] GC(289) Metaspace: 28914K(29184K)->28914K(29184K) NonClass: 24032K(24128K)->24032K(24128K) Class: 4882K(5056K)->4882K(5056K)
[1744.507s][info][gc             ] GC(289) Pause Young (Mixed) (G1 Evacuation Pause) 3667M->1313M(4096M) 132.314ms
[1744.507s][info][gc,cpu         ] GC(289) User=0.78s Sys=0.00s Real=0.14s
........[1752.402s][info][gc,start       ] GC(290) Pause Young (Concurrent Start) (G1 Evacuation Pause)
[1752.402s][info][gc,task        ] GC(290) Using 6 workers of 6 for evacuation
[1752.520s][info][gc,phases      ] GC(290)   Pre Evacuate Collection Set: 0.44ms
[1752.520s][info][gc,phases      ] GC(290)   Merge Heap Roots: 0.46ms
[1752.520s][info][gc,phases      ] GC(290)   Evacuate Collection Set: 116.02ms
[1752.520s][info][gc,phases      ] GC(290)   Post Evacuate Collection Set: 0.95ms
[1752.520s][info][gc,phases      ] GC(290)   Other: 0.12ms
[1752.520s][info][gc,heap        ] GC(290) Eden regions: 1121->0(1118)
[1752.520s][info][gc,heap        ] GC(290) Survivor regions: 107->110(154)
[1752.520s][info][gc,heap        ] GC(290) Old regions: 470->502
[1752.520s][info][gc,heap        ] GC(290) Humongous regions: 80->80
[1752.520s][info][gc,metaspace   ] GC(290) Metaspace: 28914K(29184K)->28914K(29184K) NonClass: 24032K(24128K)->24032K(24128K) Class: 4882K(5056K)->4882K(5056K)
[1752.520s][info][gc             ] GC(290) Pause Young (Concurrent Start) (G1 Evacuation Pause) 3555M->1382M(4096M) 118.124ms
[1752.520s][info][gc             ] GC(291) Concurrent Mark Cycle
[1752.520s][info][gc,marking     ] GC(291) Concurrent Scan Root Regions
[1752.520s][info][gc,cpu         ] GC(290) User=0.69s Sys=0.00s Real=0.12s
[1752.661s][info][gc,marking     ] GC(291) Concurrent Scan Root Regions 140.655ms
[1752.661s][info][gc,marking     ] GC(291) Concurrent Mark
[1752.661s][info][gc,marking     ] GC(291) Concurrent Mark From Roots
[1752.661s][info][gc,task        ] GC(291) Using 2 workers of 2 for marking
.[1753.267s][info][gc,marking     ] GC(291) Concurrent Mark From Roots 605.786ms
[1753.267s][info][gc,marking     ] GC(291) Concurrent Preclean
[1753.267s][info][gc,marking     ] GC(291) Concurrent Preclean 0.052ms
[1753.267s][info][gc,start       ] GC(291) Pause Remark
[1753.270s][info][gc             ] GC(291) Pause Remark 1623M->1623M(4096M) 2.807ms
[1753.270s][info][gc,cpu         ] GC(291) User=0.01s Sys=0.00s Real=0.00s
[1753.270s][info][gc,marking     ] GC(291) Concurrent Mark 608.922ms
[1753.270s][info][gc,marking     ] GC(291) Concurrent Rebuild Remembered Sets and Scrub Regions
[1753.491s][info][gc,marking     ] GC(291) Concurrent Rebuild Remembered Sets and Scrub Regions 220.491ms
[1753.491s][info][gc,start       ] GC(291) Pause Cleanup
[1753.491s][info][gc             ] GC(291) Pause Cleanup 1678M->1678M(4096M) 0.123ms
[1753.491s][info][gc,cpu         ] GC(291) User=0.00s Sys=0.00s Real=0.00s
[1753.491s][info][gc,marking     ] GC(291) Concurrent Clear Claimed Marks
[1753.491s][info][gc,marking     ] GC(291) Concurrent Clear Claimed Marks 0.033ms
[1753.491s][info][gc,marking     ] GC(291) Concurrent Cleanup for Next Mark
[1753.496s][info][gc,marking     ] GC(291) Concurrent Cleanup for Next Mark 4.954ms
[1753.496s][info][gc             ] GC(291) Concurrent Mark Cycle 975.577ms
.......[1760.558s][info][gc,start       ] GC(292) Pause Young (Prepare Mixed) (G1 Evacuation Pause)
[1760.558s][info][gc,task        ] GC(292) Using 6 workers of 6 for evacuation
[1760.679s][info][gc,phases      ] GC(292)   Pre Evacuate Collection Set: 0.39ms
[1760.679s][info][gc,phases      ] GC(292)   Merge Heap Roots: 0.54ms
[1760.679s][info][gc,phases      ] GC(292)   Evacuate Collection Set: 119.01ms
[1760.679s][info][gc,phases      ] GC(292)   Post Evacuate Collection Set: 0.98ms
[1760.679s][info][gc,phases      ] GC(292)   Other: 0.09ms
[1760.679s][info][gc,heap        ] GC(292) Eden regions: 1118->0(1105)
[1760.679s][info][gc,heap        ] GC(292) Survivor regions: 110->113(154)
[1760.679s][info][gc,heap        ] GC(292) Old regions: 502->534
[1760.679s][info][gc,heap        ] GC(292) Humongous regions: 80->80
[1760.679s][info][gc,metaspace   ] GC(292) Metaspace: 28915K(29184K)->28915K(29184K) NonClass: 24032K(24128K)->24032K(24128K) Class: 4882K(5056K)->4882K(5056K)
[1760.679s][info][gc             ] GC(292) Pause Young (Prepare Mixed) (G1 Evacuation Pause) 3618M->1452M(4096M) 121.130ms
[1760.679s][info][gc,cpu         ] GC(292) User=0.71s Sys=0.00s Real=0.12s
........[1768.514s][info][gc,start       ] GC(293) Pause Young (Mixed) (G1 Evacuation Pause)
[1768.514s][info][gc,task        ] GC(293) Using 6 workers of 6 for evacuation
[1768.647s][info][gc,phases      ] GC(293)   Pre Evacuate Collection Set: 0.42ms
[1768.647s][info][gc,phases      ] GC(293)   Merge Heap Roots: 0.82ms
[1768.647s][info][gc,phases      ] GC(293)   Evacuate Collection Set: 131.11ms
[1768.647s][info][gc,phases      ] GC(293)   Post Evacuate Collection Set: 0.97ms
[1768.647s][info][gc,phases      ] GC(293)   Other: 0.09ms
[1768.647s][info][gc,heap        ] GC(293) Eden regions: 1105->0(1121)
[1768.647s][info][gc,heap        ] GC(293) Survivor regions: 113->107(153)
[1768.648s][info][gc,heap        ] GC(293) Old regions: 534->469
[1768.648s][info][gc,heap        ] GC(293) Humongous regions: 80->80
[1768.648s][info][gc,metaspace   ] GC(293) Metaspace: 28915K(29184K)->28915K(29184K) NonClass: 24032K(24128K)->24032K(24128K) Class: 4882K(5056K)->4882K(5056K)
[1768.648s][info][gc             ] GC(293) Pause Young (Mixed) (G1 Evacuation Pause) 3662M->1311M(4096M) 133.546ms
[1768.648s][info][gc,cpu         ] GC(293) User=0.79s Sys=0.00s Real=0.14s
........[1776.562s][info][gc,start       ] GC(294) Pause Young (Concurrent Start) (G1 Evacuation Pause)
[1776.562s][info][gc,task        ] GC(294) Using 6 workers of 6 for evacuation
[1776.682s][info][gc,phases      ] GC(294)   Pre Evacuate Collection Set: 0.41ms
[1776.682s][info][gc,phases      ] GC(294)   Merge Heap Roots: 0.48ms
[1776.682s][info][gc,phases      ] GC(294)   Evacuate Collection Set: 117.49ms
[1776.682s][info][gc,phases      ] GC(294)   Post Evacuate Collection Set: 0.90ms
[1776.682s][info][gc,phases      ] GC(294)   Other: 0.11ms
[1776.682s][info][gc,heap        ] GC(294) Eden regions: 1121->0(1118)
[1776.682s][info][gc,heap        ] GC(294) Survivor regions: 107->110(154)
[1776.682s][info][gc,heap        ] GC(294) Old regions: 469->502
[1776.682s][info][gc,heap        ] GC(294) Humongous regions: 80->80
[1776.682s][info][gc,metaspace   ] GC(294) Metaspace: 28917K(29184K)->28917K(29184K) NonClass: 24034K(24128K)->24034K(24128K) Class: 4882K(5056K)->4882K(5056K)
[1776.682s][info][gc             ] GC(294) Pause Young (Concurrent Start) (G1 Evacuation Pause) 3553M->1381M(4096M) 119.528ms
[1776.682s][info][gc             ] GC(295) Concurrent Mark Cycle
[1776.682s][info][gc,marking     ] GC(295) Concurrent Scan Root Regions
[1776.682s][info][gc,cpu         ] GC(294) User=0.70s Sys=0.00s Real=0.12s
[1776.812s][info][gc,marking     ] GC(295) Concurrent Scan Root Regions 130.210ms
[1776.812s][info][gc,marking     ] GC(295) Concurrent Mark
[1776.812s][info][gc,marking     ] GC(295) Concurrent Mark From Roots
[1776.812s][info][gc,task        ] GC(295) Using 2 workers of 2 for marking
.[1777.377s][info][gc,marking     ] GC(295) Concurrent Mark From Roots 564.945ms
[1777.377s][info][gc,marking     ] GC(295) Concurrent Preclean
[1777.377s][info][gc,marking     ] GC(295) Concurrent Preclean 0.048ms
[1777.377s][info][gc,start       ] GC(295) Pause Remark
[1777.380s][info][gc             ] GC(295) Pause Remark 1624M->1624M(4096M) 2.758ms
[1777.380s][info][gc,cpu         ] GC(295) User=0.01s Sys=0.00s Real=0.00s
[1777.380s][info][gc,marking     ] GC(295) Concurrent Mark 568.001ms
[1777.380s][info][gc,marking     ] GC(295) Concurrent Rebuild Remembered Sets and Scrub Regions
[1777.595s][info][gc,marking     ] GC(295) Concurrent Rebuild Remembered Sets and Scrub Regions 214.686ms
[1777.595s][info][gc,start       ] GC(295) Pause Cleanup
[1777.595s][info][gc             ] GC(295) Pause Cleanup 1682M->1682M(4096M) 0.140ms
[1777.595s][info][gc,cpu         ] GC(295) User=0.00s Sys=0.00s Real=0.00s
[1777.595s][info][gc,marking     ] GC(295) Concurrent Clear Claimed Marks
[1777.595s][info][gc,marking     ] GC(295) Concurrent Clear Claimed Marks 0.040ms
[1777.595s][info][gc,marking     ] GC(295) Concurrent Cleanup for Next Mark
[1777.598s][info][gc,marking     ] GC(295) Concurrent Cleanup for Next Mark 3.272ms
[1777.598s][info][gc             ] GC(295) Concurrent Mark Cycle 916.692ms
.......[1784.517s][info][gc,start       ] GC(296) Pause Young (Prepare Mixed) (G1 Evacuation Pause)
[1784.517s][info][gc,task        ] GC(296) Using 6 workers of 6 for evacuation
[1784.633s][info][gc,phases      ] GC(296)   Pre Evacuate Collection Set: 0.37ms
[1784.633s][info][gc,phases      ] GC(296)   Merge Heap Roots: 0.54ms
[1784.633s][info][gc,phases      ] GC(296)   Evacuate Collection Set: 113.84ms
[1784.633s][info][gc,phases      ] GC(296)   Post Evacuate Collection Set: 0.99ms
[1784.633s][info][gc,phases      ] GC(296)   Other: 0.10ms
[1784.633s][info][gc,heap        ] GC(296) Eden regions: 1118->0(1116)
[1784.633s][info][gc,heap        ] GC(296) Survivor regions: 110->108(154)
[1784.633s][info][gc,heap        ] GC(296) Old regions: 502->533
[1784.633s][info][gc,heap        ] GC(296) Humongous regions: 80->80
[1784.633s][info][gc,metaspace   ] GC(296) Metaspace: 28918K(29184K)->28918K(29184K) NonClass: 24035K(24128K)->24035K(24128K) Class: 4882K(5056K)->4882K(5056K)
[1784.633s][info][gc             ] GC(296) Pause Young (Prepare Mixed) (G1 Evacuation Pause) 3617M->1440M(4096M) 115.968ms
[1784.633s][info][gc,cpu         ] GC(296) User=0.69s Sys=0.00s Real=0.11s
........[1792.541s][info][gc,start       ] GC(297) Pause Young (Mixed) (G1 Evacuation Pause)
[1792.541s][info][gc,task        ] GC(297) Using 6 workers of 6 for evacuation
[1792.679s][info][gc,phases      ] GC(297)   Pre Evacuate Collection Set: 0.42ms
[1792.679s][info][gc,phases      ] GC(297)   Merge Heap Roots: 0.81ms
[1792.679s][info][gc,phases      ] GC(297)   Evacuate Collection Set: 135.73ms
[1792.679s][info][gc,phases      ] GC(297)   Post Evacuate Collection Set: 1.02ms
[1792.679s][info][gc,phases      ] GC(297)   Other: 0.09ms
[1792.679s][info][gc,heap        ] GC(297) Eden regions: 1116->0(1116)
[1792.679s][info][gc,heap        ] GC(297) Survivor regions: 108->112(153)
[1792.679s][info][gc,heap        ] GC(297) Old regions: 533->470
[1792.679s][info][gc,heap        ] GC(297) Humongous regions: 80->80
[1792.679s][info][gc,metaspace   ] GC(297) Metaspace: 28918K(29184K)->28918K(29184K) NonClass: 24036K(24128K)->24036K(24128K) Class: 4882K(5056K)->4882K(5056K)
[1792.679s][info][gc             ] GC(297) Pause Young (Mixed) (G1 Evacuation Pause) 3672M->1322M(4096M) 138.209ms
[1792.679s][info][gc,cpu         ] GC(297) User=0.81s Sys=0.01s Real=0.14s
..... (rIR:aIR:PR = 2352:2353:2353) (tPR = 34923) [OK] 
  1796s: Performance info:
         Transaction,    Success,    Partial,     Failed,   Receipts, AvgBarcode, 
             Overall,     141257,          0,          0,     134201,      59.48, 
         Response times:
             Request,    Success,    Partial,     Failed,   SkipFail,     Probes,    Samples,      min,      p50,      p90,      p95,      p99,      max, 
       TotalPurchase,     134201,          0,          0,          0,     131371,     143093,      300,     2100,     3200,     3700,    16000,   173000,
     InStorePurchase,      70657,          0,          0,          0,      69391,      75315,      300,     2200,     3300,     3700,    17100,   173000,
      OnlinePurchase,      49394,          0,          0,          0,      48399,      52876,      300,     1800,     3100,     3500,    14000,   173000,
        InstPurchase,      14150,          0,          0,          0,      13581,      14902,      400,     2200,     3200,     3700,    14588,   138000,
          AssocOfCat,        142,          0,          0,          0,         99,        141,    18100,    26000,    32000,    37900,   182500,   193000,
      AssocOfProduct,       1409,          0,          0,          0,       1268,       1518,      600,     2050,     3200,     3600,    14468,   136000,
      BusinessReport,        353,          0,          0,          0,        274,        367,    19900,    28000,    37200,    44600,   107440,   177000,
          CustBuyBeh,       1410,          0,          0,          0,       1253,       1481,      600,     2600,     3500,     4300,    27000,   121000,
       ProductReturn,       3742,          0,          0,          0,       3532,       4071,      200,     2400,     3400,     3800,    19056,   136000,

  1796s: (18%)   IR =   2491 ...[1800.352s][info][gc,start       ] GC(298) Pause Young (Concurrent Start) (G1 Evacuation Pause)
[1800.352s][info][gc,task        ] GC(298) Using 6 workers of 6 for evacuation
[1800.468s][info][gc,phases      ] GC(298)   Pre Evacuate Collection Set: 0.41ms
[1800.468s][info][gc,phases      ] GC(298)   Merge Heap Roots: 0.50ms
[1800.468s][info][gc,phases      ] GC(298)   Evacuate Collection Set: 113.98ms
[1800.468s][info][gc,phases      ] GC(298)   Post Evacuate Collection Set: 0.93ms
[1800.468s][info][gc,phases      ] GC(298)   Other: 0.12ms
[1800.468s][info][gc,heap        ] GC(298) Eden regions: 1116->0(1120)
[1800.468s][info][gc,heap        ] GC(298) Survivor regions: 112->108(154)
[1800.468s][info][gc,heap        ] GC(298) Old regions: 470->501
[1800.468s][info][gc,heap        ] GC(298) Humongous regions: 80->80
[1800.468s][info][gc,metaspace   ] GC(298) Metaspace: 28918K(29184K)->28918K(29184K) NonClass: 24036K(24128K)->24036K(24128K) Class: 4882K(5056K)->4882K(5056K)
[1800.468s][info][gc             ] GC(298) Pause Young (Concurrent Start) (G1 Evacuation Pause) 3554M->1377M(4096M) 116.101ms
[1800.468s][info][gc             ] GC(299) Concurrent Mark Cycle
[1800.468s][info][gc,marking     ] GC(299) Concurrent Scan Root Regions
[1800.468s][info][gc,cpu         ] GC(298) User=0.68s Sys=0.00s Real=0.12s
[1800.635s][info][gc,marking     ] GC(299) Concurrent Scan Root Regions 167.427ms
[1800.635s][info][gc,marking     ] GC(299) Concurrent Mark
[1800.635s][info][gc,marking     ] GC(299) Concurrent Mark From Roots
[1800.635s][info][gc,task        ] GC(299) Using 2 workers of 2 for marking
.|[1801.550s][info][gc,marking     ] GC(299) Concurrent Mark From Roots 914.736ms
[1801.550s][info][gc,marking     ] GC(299) Concurrent Preclean
[1801.550s][info][gc,marking     ] GC(299) Concurrent Preclean 0.059ms
[1801.550s][info][gc,start       ] GC(299) Pause Remark
[1801.554s][info][gc             ] GC(299) Pause Remark 1699M->1699M(4096M) 3.335ms
[1801.554s][info][gc,cpu         ] GC(299) User=0.01s Sys=0.00s Real=0.00s
[1801.554s][info][gc,marking     ] GC(299) Concurrent Mark 918.397ms
[1801.554s][info][gc,marking     ] GC(299) Concurrent Rebuild Remembered Sets and Scrub Regions
[1801.949s][info][gc,marking     ] GC(299) Concurrent Rebuild Remembered Sets and Scrub Regions 394.957ms
[1801.949s][info][gc,start       ] GC(299) Pause Cleanup
[1801.949s][info][gc             ] GC(299) Pause Cleanup 1819M->1819M(4096M) 0.126ms
[1801.949s][info][gc,cpu         ] GC(299) User=0.00s Sys=0.00s Real=0.00s
[1801.949s][info][gc,marking     ] GC(299) Concurrent Clear Claimed Marks
[1801.949s][info][gc,marking     ] GC(299) Concurrent Clear Claimed Marks 0.027ms
[1801.949s][info][gc,marking     ] GC(299) Concurrent Cleanup for Next Mark
[1801.953s][info][gc,marking     ] GC(299) Concurrent Cleanup for Next Mark 3.404ms
[1801.953s][info][gc             ] GC(299) Concurrent Mark Cycle 1484.708ms
......[1807.872s][info][gc,start       ] GC(300) Pause Young (Prepare Mixed) (G1 Evacuation Pause)
[1807.872s][info][gc,task        ] GC(300) Using 6 workers of 6 for evacuation
[1807.990s][info][gc,phases      ] GC(300)   Pre Evacuate Collection Set: 0.39ms
[1807.991s][info][gc,phases      ] GC(300)   Merge Heap Roots: 0.58ms
[1807.991s][info][gc,phases      ] GC(300)   Evacuate Collection Set: 116.16ms
[1807.991s][info][gc,phases      ] GC(300)   Post Evacuate Collection Set: 0.94ms
[1807.991s][info][gc,phases      ] GC(300)   Other: 0.09ms
[1807.991s][info][gc,heap        ] GC(300) Eden regions: 1120->0(1114)
[1807.991s][info][gc,heap        ] GC(300) Survivor regions: 108->109(154)
[1807.991s][info][gc,heap        ] GC(300) Old regions: 501->533
[1807.991s][info][gc,heap        ] GC(300) Humongous regions: 80->80
[1807.991s][info][gc,metaspace   ] GC(300) Metaspace: 28918K(29184K)->28918K(29184K) NonClass: 24036K(24128K)->24036K(24128K) Class: 4882K(5056K)->4882K(5056K)
[1807.991s][info][gc             ] GC(300) Pause Young (Prepare Mixed) (G1 Evacuation Pause) 3617M->1442M(4096M) 118.297ms
[1807.991s][info][gc,cpu         ] GC(300) User=0.69s Sys=0.00s Real=0.12s
........[1815.603s][info][gc,start       ] GC(301) Pause Young (Mixed) (G1 Evacuation Pause)
[1815.603s][info][gc,task        ] GC(301) Using 6 workers of 6 for evacuation
[1815.737s][info][gc,phases      ] GC(301)   Pre Evacuate Collection Set: 0.40ms
[1815.737s][info][gc,phases      ] GC(301)   Merge Heap Roots: 0.70ms
[1815.737s][info][gc,phases      ] GC(301)   Evacuate Collection Set: 131.05ms
[1815.737s][info][gc,phases      ] GC(301)   Post Evacuate Collection Set: 0.96ms
[1815.737s][info][gc,phases      ] GC(301)   Other: 0.09ms
[1815.737s][info][gc,heap        ] GC(301) Eden regions: 1114->0(1119)
[1815.737s][info][gc,heap        ] GC(301) Survivor regions: 109->109(153)
[1815.737s][info][gc,heap        ] GC(301) Old regions: 533->469
[1815.737s][info][gc,heap        ] GC(301) Humongous regions: 80->80
[1815.737s][info][gc,metaspace   ] GC(301) Metaspace: 28918K(29184K)->28918K(29184K) NonClass: 24036K(24128K)->24036K(24128K) Class: 4882K(5056K)->4882K(5056K)
[1815.737s][info][gc             ] GC(301) Pause Young (Mixed) (G1 Evacuation Pause) 3670M->1314M(4096M) 133.341ms
[1815.737s][info][gc,cpu         ] GC(301) User=0.79s Sys=0.00s Real=0.13s
........[1823.190s][info][gc,start       ] GC(302) Pause Young (Concurrent Start) (G1 Evacuation Pause)
[1823.190s][info][gc,task        ] GC(302) Using 6 workers of 6 for evacuation
[1823.309s][info][gc,phases      ] GC(302)   Pre Evacuate Collection Set: 0.41ms
[1823.309s][info][gc,phases      ] GC(302)   Merge Heap Roots: 0.49ms
[1823.309s][info][gc,phases      ] GC(302)   Evacuate Collection Set: 117.50ms
[1823.309s][info][gc,phases      ] GC(302)   Post Evacuate Collection Set: 0.90ms
[1823.309s][info][gc,phases      ] GC(302)   Other: 0.11ms
[1823.309s][info][gc,heap        ] GC(302) Eden regions: 1119->0(1117)
[1823.309s][info][gc,heap        ] GC(302) Survivor regions: 109->111(154)
[1823.309s][info][gc,heap        ] GC(302) Old regions: 469->501
[1823.309s][info][gc,heap        ] GC(302) Humongous regions: 80->80
[1823.309s][info][gc,metaspace   ] GC(302) Metaspace: 28918K(29184K)->28918K(29184K) NonClass: 24036K(24128K)->24036K(24128K) Class: 4882K(5056K)->4882K(5056K)
[1823.309s][info][gc             ] GC(302) Pause Young (Concurrent Start) (G1 Evacuation Pause) 3552M->1382M(4096M) 119.546ms
[1823.309s][info][gc             ] GC(303) Concurrent Mark Cycle
[1823.309s][info][gc,marking     ] GC(303) Concurrent Scan Root Regions
[1823.309s][info][gc,cpu         ] GC(302) User=0.71s Sys=0.00s Real=0.12s
[1823.451s][info][gc,marking     ] GC(303) Concurrent Scan Root Regions 141.100ms
[1823.451s][info][gc,marking     ] GC(303) Concurrent Mark
[1823.451s][info][gc,marking     ] GC(303) Concurrent Mark From Roots
[1823.451s][info][gc,task        ] GC(303) Using 2 workers of 2 for marking
.[1824.049s][info][gc,marking     ] GC(303) Concurrent Mark From Roots 598.685ms
[1824.049s][info][gc,marking     ] GC(303) Concurrent Preclean
[1824.049s][info][gc,marking     ] GC(303) Concurrent Preclean 0.043ms
[1824.049s][info][gc,start       ] GC(303) Pause Remark
[1824.052s][info][gc             ] GC(303) Pause Remark 1640M->1640M(4096M) 2.869ms
[1824.052s][info][gc,cpu         ] GC(303) User=0.01s Sys=0.00s Real=0.00s
[1824.052s][info][gc,marking     ] GC(303) Concurrent Mark 601.860ms
[1824.052s][info][gc,marking     ] GC(303) Concurrent Rebuild Remembered Sets and Scrub Regions
[1824.286s][info][gc,marking     ] GC(303) Concurrent Rebuild Remembered Sets and Scrub Regions 234.014ms
[1824.287s][info][gc,start       ] GC(303) Pause Cleanup
[1824.287s][info][gc             ] GC(303) Pause Cleanup 1706M->1706M(4096M) 0.124ms
[1824.287s][info][gc,cpu         ] GC(303) User=0.00s Sys=0.00s Real=0.00s
[1824.287s][info][gc,marking     ] GC(303) Concurrent Clear Claimed Marks
[1824.287s][info][gc,marking     ] GC(303) Concurrent Clear Claimed Marks 0.031ms
[1824.287s][info][gc,marking     ] GC(303) Concurrent Cleanup for Next Mark
[1824.290s][info][gc,marking     ] GC(303) Concurrent Cleanup for Next Mark 3.181ms
[1824.290s][info][gc             ] GC(303) Concurrent Mark Cycle 980.597ms
......[1830.744s][info][gc,start       ] GC(304) Pause Young (Prepare Mixed) (G1 Evacuation Pause)
[1830.744s][info][gc,task        ] GC(304) Using 6 workers of 6 for evacuation
[1830.863s][info][gc,phases      ] GC(304)   Pre Evacuate Collection Set: 0.35ms
[1830.863s][info][gc,phases      ] GC(304)   Merge Heap Roots: 0.53ms
[1830.863s][info][gc,phases      ] GC(304)   Evacuate Collection Set: 116.96ms
[1830.863s][info][gc,phases      ] GC(304)   Post Evacuate Collection Set: 0.97ms
[1830.863s][info][gc,phases      ] GC(304)   Other: 0.08ms
[1830.863s][info][gc,heap        ] GC(304) Eden regions: 1117->0(1112)
[1830.863s][info][gc,heap        ] GC(304) Survivor regions: 111->110(154)
[1830.863s][info][gc,heap        ] GC(304) Old regions: 501->533
[1830.863s][info][gc,heap        ] GC(304) Humongous regions: 80->80
[1830.863s][info][gc,metaspace   ] GC(304) Metaspace: 28919K(29184K)->28919K(29184K) NonClass: 24037K(24128K)->24037K(24128K) Class: 4882K(5056K)->4882K(5056K)
[1830.863s][info][gc             ] GC(304) Pause Young (Prepare Mixed) (G1 Evacuation Pause) 3616M->1444M(4096M) 119.034ms
[1830.863s][info][gc,cpu         ] GC(304) User=0.70s Sys=0.00s Real=0.12s
........[1838.277s][info][gc,start       ] GC(305) Pause Young (Mixed) (G1 Evacuation Pause)
[1838.277s][info][gc,task        ] GC(305) Using 6 workers of 6 for evacuation
[1838.413s][info][gc,phases      ] GC(305)   Pre Evacuate Collection Set: 0.44ms
[1838.414s][info][gc,phases      ] GC(305)   Merge Heap Roots: 0.80ms
[1838.414s][info][gc,phases      ] GC(305)   Evacuate Collection Set: 133.93ms
[1838.414s][info][gc,phases      ] GC(305)   Post Evacuate Collection Set: 0.98ms
[1838.414s][info][gc,phases      ] GC(305)   Other: 0.09ms
[1838.414s][info][gc,heap        ] GC(305) Eden regions: 1112->0(1118)
[1838.414s][info][gc,heap        ] GC(305) Survivor regions: 110->110(153)
[1838.414s][info][gc,heap        ] GC(305) Old regions: 533->471
[1838.414s][info][gc,heap        ] GC(305) Humongous regions: 80->80
[1838.414s][info][gc,metaspace   ] GC(305) Metaspace: 28919K(29184K)->28919K(29184K) NonClass: 24037K(24128K)->24037K(24128K) Class: 4882K(5056K)->4882K(5056K)
[1838.414s][info][gc             ] GC(305) Pause Young (Mixed) (G1 Evacuation Pause) 3668M->1320M(4096M) 136.365ms
[1838.414s][info][gc,cpu         ] GC(305) User=0.81s Sys=0.00s Real=0.13s
.......[1845.828s][info][gc,start       ] GC(306) Pause Young (Concurrent Start) (G1 Evacuation Pause)
[1845.828s][info][gc,task        ] GC(306) Using 6 workers of 6 for evacuation
[1845.947s][info][gc,phases      ] GC(306)   Pre Evacuate Collection Set: 0.38ms
[1845.947s][info][gc,phases      ] GC(306)   Merge Heap Roots: 0.47ms
[1845.947s][info][gc,phases      ] GC(306)   Evacuate Collection Set: 117.06ms
[1845.947s][info][gc,phases      ] GC(306)   Post Evacuate Collection Set: 0.91ms
[1845.947s][info][gc,phases      ] GC(306)   Other: 0.11ms
[1845.947s][info][gc,heap        ] GC(306) Eden regions: 1118->0(1118)
[1845.947s][info][gc,heap        ] GC(306) Survivor regions: 110->110(154)
[1845.947s][info][gc,heap        ] GC(306) Old regions: 471->501
[1845.947s][info][gc,heap        ] GC(306) Humongous regions: 80->80
[1845.947s][info][gc,metaspace   ] GC(306) Metaspace: 28919K(29184K)->28919K(29184K) NonClass: 24037K(24128K)->24037K(24128K) Class: 4882K(5056K)->4882K(5056K)
[1845.947s][info][gc             ] GC(306) Pause Young (Concurrent Start) (G1 Evacuation Pause) 3556M->1380M(4096M) 119.071ms
[1845.948s][info][gc             ] GC(307) Concurrent Mark Cycle
[1845.948s][info][gc,marking     ] GC(307) Concurrent Scan Root Regions
[1845.948s][info][gc,cpu         ] GC(306) User=0.70s Sys=0.00s Real=0.12s
.[1846.077s][info][gc,marking     ] GC(307) Concurrent Scan Root Regions 129.248ms
[1846.077s][info][gc,marking     ] GC(307) Concurrent Mark
[1846.077s][info][gc,marking     ] GC(307) Concurrent Mark From Roots
[1846.077s][info][gc,task        ] GC(307) Using 2 workers of 2 for marking
[1846.700s][info][gc,marking     ] GC(307) Concurrent Mark From Roots 622.807ms
[1846.700s][info][gc,marking     ] GC(307) Concurrent Preclean
[1846.700s][info][gc,marking     ] GC(307) Concurrent Preclean 0.046ms
[1846.700s][info][gc,start       ] GC(307) Pause Remark
[1846.703s][info][gc             ] GC(307) Pause Remark 1629M->1629M(4096M) 2.916ms
[1846.703s][info][gc,cpu         ] GC(307) User=0.01s Sys=0.00s Real=0.00s
[1846.703s][info][gc,marking     ] GC(307) Concurrent Mark 626.045ms
[1846.703s][info][gc,marking     ] GC(307) Concurrent Rebuild Remembered Sets and Scrub Regions
[1846.971s][info][gc,marking     ] GC(307) Concurrent Rebuild Remembered Sets and Scrub Regions 268.121ms
[1846.971s][info][gc,start       ] GC(307) Pause Cleanup
[1846.971s][info][gc             ] GC(307) Pause Cleanup 1713M->1713M(4096M) 0.133ms
[1846.971s][info][gc,cpu         ] GC(307) User=0.00s Sys=0.00s Real=0.00s
[1846.971s][info][gc,marking     ] GC(307) Concurrent Clear Claimed Marks
[1846.971s][info][gc,marking     ] GC(307) Concurrent Clear Claimed Marks 0.030ms
[1846.971s][info][gc,marking     ] GC(307) Concurrent Cleanup for Next Mark
[1846.976s][info][gc,marking     ] GC(307) Concurrent Cleanup for Next Mark 4.784ms
[1846.976s][info][gc             ] GC(307) Concurrent Mark Cycle 1028.732ms
.......[1853.529s][info][gc,start       ] GC(308) Pause Young (Prepare Mixed) (G1 Evacuation Pause)
[1853.529s][info][gc,task        ] GC(308) Using 6 workers of 6 for evacuation
[1853.648s][info][gc,phases      ] GC(308)   Pre Evacuate Collection Set: 0.36ms
[1853.648s][info][gc,phases      ] GC(308)   Merge Heap Roots: 0.51ms
[1853.648s][info][gc,phases      ] GC(308)   Evacuate Collection Set: 117.04ms
[1853.648s][info][gc,phases      ] GC(308)   Post Evacuate Collection Set: 0.96ms
[1853.648s][info][gc,phases      ] GC(308)   Other: 0.10ms
[1853.648s][info][gc,heap        ] GC(308) Eden regions: 1118->0(1112)
[1853.648s][info][gc,heap        ] GC(308) Survivor regions: 110->110(154)
[1853.648s][info][gc,heap        ] GC(308) Old regions: 501->533
[1853.648s][info][gc,heap        ] GC(308) Humongous regions: 80->80
[1853.648s][info][gc,metaspace   ] GC(308) Metaspace: 28919K(29184K)->28919K(29184K) NonClass: 24037K(24128K)->24037K(24128K) Class: 4882K(5056K)->4882K(5056K)
[1853.648s][info][gc             ] GC(308) Pause Young (Prepare Mixed) (G1 Evacuation Pause) 3616M->1445M(4096M) 119.097ms
[1853.649s][info][gc,cpu         ] GC(308) User=0.70s Sys=0.00s Real=0.12s
........ (rIR:aIR:PR = 2491:2490:2490) (tPR = 36739) [OK] 
  1860s: Performance info:
         Transaction,    Success,    Partial,     Failed,   Receipts, AvgBarcode, 
             Overall,     149526,          0,          0,     142058,      59.47, 
         Response times:
             Request,    Success,    Partial,     Failed,   SkipFail,     Probes,    Samples,      min,      p50,      p90,      p95,      p99,      max, 
       TotalPurchase,     142058,          0,          0,          0,     138629,     149066,      300,     2200,     3400,     4000,    15200,   157000,
     InStorePurchase,      74751,          0,          0,          0,      73070,      78554,      300,     2100,     3400,     3900,    14400,   157000,
      OnlinePurchase,      52340,          0,          0,          0,      51055,      54735,      300,     2200,     3400,     4000,    15828,   157000,
        InstPurchase,      14967,          0,          0,          0,      14504,      15777,      400,     2400,     3500,     4100,    16722,   157000,
          AssocOfCat,        150,          0,          0,          0,        100,        135,    18500,    25000,    33000,    38000,   125880,   168000,
      AssocOfProduct,       1492,          0,          0,          0,       1361,       1574,      500,     2900,     3850,     4400,    17200,   129000,
      BusinessReport,        373,          0,          0,          0,        303,        401,    19500,    28000,    38000,    45000,   153780,   177000,
          CustBuyBeh,       1500,          0,          0,          0,       1338,       1603,      200,     2100,     3100,     3500,    16088,   125000,
       ProductReturn,       3953,          0,          0,          0,       3705,       4177,      200,     1700,     3300,     3800,    12400,   142000,

  1860s: (19%)   IR =   2629 [1861.082s][info][gc,start       ] GC(309) Pause Young (Mixed) (G1 Evacuation Pause)
[1861.082s][info][gc,task        ] GC(309) Using 6 workers of 6 for evacuation
[1861.213s][info][gc,phases      ] GC(309)   Pre Evacuate Collection Set: 0.41ms
[1861.213s][info][gc,phases      ] GC(309)   Merge Heap Roots: 0.66ms
[1861.213s][info][gc,phases      ] GC(309)   Evacuate Collection Set: 129.20ms
[1861.213s][info][gc,phases      ] GC(309)   Post Evacuate Collection Set: 1.01ms
[1861.213s][info][gc,phases      ] GC(309)   Other: 0.09ms
[1861.213s][info][gc,heap        ] GC(309) Eden regions: 1112->0(1119)
[1861.213s][info][gc,heap        ] GC(309) Survivor regions: 110->109(153)
[1861.214s][info][gc,heap        ] GC(309) Old regions: 533->469
[1861.214s][info][gc,heap        ] GC(309) Humongous regions: 80->80
[1861.214s][info][gc,metaspace   ] GC(309) Metaspace: 28919K(29184K)->28919K(29184K) NonClass: 24037K(24128K)->24037K(24128K) Class: 4882K(5056K)->4882K(5056K)
[1861.214s][info][gc             ] GC(309) Pause Young (Mixed) (G1 Evacuation Pause) 3669M->1314M(4096M) 131.502ms
[1861.214s][info][gc,cpu         ] GC(309) User=0.78s Sys=0.00s Real=0.13s
....|...[1868.346s][info][gc,start       ] GC(310) Pause Young (Concurrent Start) (G1 Evacuation Pause)
[1868.346s][info][gc,task        ] GC(310) Using 6 workers of 6 for evacuation
[1868.463s][info][gc,phases      ] GC(310)   Pre Evacuate Collection Set: 0.43ms
[1868.463s][info][gc,phases      ] GC(310)   Merge Heap Roots: 0.44ms
[1868.463s][info][gc,phases      ] GC(310)   Evacuate Collection Set: 114.69ms
[1868.463s][info][gc,phases      ] GC(310)   Post Evacuate Collection Set: 0.94ms
[1868.463s][info][gc,phases      ] GC(310)   Other: 0.12ms
[1868.463s][info][gc,heap        ] GC(310) Eden regions: 1119->0(1119)
[1868.463s][info][gc,heap        ] GC(310) Survivor regions: 109->109(154)
[1868.463s][info][gc,heap        ] GC(310) Old regions: 469->502
[1868.463s][info][gc,heap        ] GC(310) Humongous regions: 80->80
[1868.463s][info][gc,metaspace   ] GC(310) Metaspace: 28919K(29184K)->28919K(29184K) NonClass: 24037K(24128K)->24037K(24128K) Class: 4882K(5056K)->4882K(5056K)
[1868.463s][info][gc             ] GC(310) Pause Young (Concurrent Start) (G1 Evacuation Pause) 3552M->1380M(4096M) 116.751ms
[1868.463s][info][gc             ] GC(311) Concurrent Mark Cycle
[1868.463s][info][gc,marking     ] GC(311) Concurrent Scan Root Regions
[1868.463s][info][gc,cpu         ] GC(310) User=0.69s Sys=0.00s Real=0.12s
[1868.618s][info][gc,marking     ] GC(311) Concurrent Scan Root Regions 155.085ms
[1868.618s][info][gc,marking     ] GC(311) Concurrent Mark
[1868.618s][info][gc,marking     ] GC(311) Concurrent Mark From Roots
[1868.618s][info][gc,task        ] GC(311) Using 2 workers of 2 for marking
.[1869.265s][info][gc,marking     ] GC(311) Concurrent Mark From Roots 646.956ms
[1869.265s][info][gc,marking     ] GC(311) Concurrent Preclean
[1869.265s][info][gc,marking     ] GC(311) Concurrent Preclean 0.066ms
[1869.266s][info][gc,start       ] GC(311) Pause Remark
[1869.269s][info][gc             ] GC(311) Pause Remark 1699M->1699M(4096M) 2.983ms
[1869.269s][info][gc,cpu         ] GC(311) User=0.01s Sys=0.00s Real=0.01s
[1869.269s][info][gc,marking     ] GC(311) Concurrent Mark 650.298ms
[1869.269s][info][gc,marking     ] GC(311) Concurrent Rebuild Remembered Sets and Scrub Regions
[1869.491s][info][gc,marking     ] GC(311) Concurrent Rebuild Remembered Sets and Scrub Regions 222.117ms
[1869.491s][info][gc,start       ] GC(311) Pause Cleanup
[1869.491s][info][gc             ] GC(311) Pause Cleanup 1760M->1760M(4096M) 0.134ms
[1869.491s][info][gc,cpu         ] GC(311) User=0.00s Sys=0.00s Real=0.00s
[1869.491s][info][gc,marking     ] GC(311) Concurrent Clear Claimed Marks
[1869.491s][info][gc,marking     ] GC(311) Concurrent Clear Claimed Marks 0.029ms
[1869.491s][info][gc,marking     ] GC(311) Concurrent Cleanup for Next Mark
[1869.495s][info][gc,marking     ] GC(311) Concurrent Cleanup for Next Mark 4.193ms
[1869.495s][info][gc             ] GC(311) Concurrent Mark Cycle 1032.243ms
......[1875.424s][info][gc,start       ] GC(312) Pause Young (Prepare Mixed) (G1 Evacuation Pause)
[1875.424s][info][gc,task        ] GC(312) Using 6 workers of 6 for evacuation
[1875.543s][info][gc,phases      ] GC(312)   Pre Evacuate Collection Set: 0.34ms
[1875.543s][info][gc,phases      ] GC(312)   Merge Heap Roots: 0.65ms
[1875.543s][info][gc,phases      ] GC(312)   Evacuate Collection Set: 117.26ms
[1875.543s][info][gc,phases      ] GC(312)   Post Evacuate Collection Set: 0.96ms
[1875.543s][info][gc,phases      ] GC(312)   Other: 0.09ms
[1875.543s][info][gc,heap        ] GC(312) Eden regions: 1119->0(1113)
[1875.543s][info][gc,heap        ] GC(312) Survivor regions: 109->109(154)
[1875.543s][info][gc,heap        ] GC(312) Old regions: 502->534
[1875.543s][info][gc,heap        ] GC(312) Humongous regions: 80->80
[1875.543s][info][gc,metaspace   ] GC(312) Metaspace: 28919K(29184K)->28919K(29184K) NonClass: 24037K(24128K)->24037K(24128K) Class: 4882K(5056K)->4882K(5056K)
[1875.543s][info][gc             ] GC(312) Pause Young (Prepare Mixed) (G1 Evacuation Pause) 3618M->1444M(4096M) 119.418ms
[1875.543s][info][gc,cpu         ] GC(312) User=0.70s Sys=0.00s Real=0.12s
.......[1882.676s][info][gc,start       ] GC(313) Pause Young (Mixed) (G1 Evacuation Pause)
[1882.676s][info][gc,task        ] GC(313) Using 6 workers of 6 for evacuation
[1882.808s][info][gc,phases      ] GC(313)   Pre Evacuate Collection Set: 0.42ms
[1882.808s][info][gc,phases      ] GC(313)   Merge Heap Roots: 0.72ms
[1882.808s][info][gc,phases      ] GC(313)   Evacuate Collection Set: 130.31ms
[1882.808s][info][gc,phases      ] GC(313)   Post Evacuate Collection Set: 0.99ms
[1882.808s][info][gc,phases      ] GC(313)   Other: 0.09ms
[1882.808s][info][gc,heap        ] GC(313) Eden regions: 1113->0(1120)
[1882.808s][info][gc,heap        ] GC(313) Survivor regions: 109->108(153)
[1882.808s][info][gc,heap        ] GC(313) Old regions: 534->470
[1882.808s][info][gc,heap        ] GC(313) Humongous regions: 80->80
[1882.808s][info][gc,metaspace   ] GC(313) Metaspace: 28919K(29184K)->28919K(29184K) NonClass: 24037K(24128K)->24037K(24128K) Class: 4882K(5056K)->4882K(5056K)
[1882.808s][info][gc             ] GC(313) Pause Young (Mixed) (G1 Evacuation Pause) 3670M->1314M(4096M) 132.663ms
[1882.808s][info][gc,cpu         ] GC(313) User=0.79s Sys=0.00s Real=0.14s
.......[1889.801s][info][gc,start       ] GC(314) Pause Young (Concurrent Start) (G1 Evacuation Pause)
[1889.801s][info][gc,task        ] GC(314) Using 6 workers of 6 for evacuation
[1889.918s][info][gc,phases      ] GC(314)   Pre Evacuate Collection Set: 0.46ms
[1889.918s][info][gc,phases      ] GC(314)   Merge Heap Roots: 0.54ms
[1889.918s][info][gc,phases      ] GC(314)   Evacuate Collection Set: 115.02ms
[1889.918s][info][gc,phases      ] GC(314)   Post Evacuate Collection Set: 0.91ms
[1889.918s][info][gc,phases      ] GC(314)   Other: 0.12ms
[1889.918s][info][gc,heap        ] GC(314) Eden regions: 1120->0(1120)
[1889.918s][info][gc,heap        ] GC(314) Survivor regions: 108->108(154)
[1889.918s][info][gc,heap        ] GC(314) Old regions: 470->502
[1889.918s][info][gc,heap        ] GC(314) Humongous regions: 80->80
[1889.918s][info][gc,metaspace   ] GC(314) Metaspace: 28919K(29184K)->28919K(29184K) NonClass: 24037K(24128K)->24037K(24128K) Class: 4882K(5056K)->4882K(5056K)
[1889.918s][info][gc             ] GC(314) Pause Young (Concurrent Start) (G1 Evacuation Pause) 3554M->1379M(4096M) 117.178ms
[1889.918s][info][gc             ] GC(315) Concurrent Mark Cycle
[1889.918s][info][gc,marking     ] GC(315) Concurrent Scan Root Regions
[1889.918s][info][gc,cpu         ] GC(314) User=0.69s Sys=0.00s Real=0.12s
[1890.049s][info][gc,marking     ] GC(315) Concurrent Scan Root Regions 131.026ms
[1890.049s][info][gc,marking     ] GC(315) Concurrent Mark
[1890.049s][info][gc,marking     ] GC(315) Concurrent Mark From Roots
[1890.049s][info][gc,task        ] GC(315) Using 2 workers of 2 for marking
.[1890.656s][info][gc,marking     ] GC(315) Concurrent Mark From Roots 606.421ms
[1890.656s][info][gc,marking     ] GC(315) Concurrent Preclean
[1890.656s][info][gc,marking     ] GC(315) Concurrent Preclean 0.045ms
[1890.656s][info][gc,start       ] GC(315) Pause Remark
[1890.659s][info][gc             ] GC(315) Pause Remark 1635M->1635M(4096M) 2.962ms
[1890.659s][info][gc,cpu         ] GC(315) User=0.02s Sys=0.00s Real=0.01s
[1890.659s][info][gc,marking     ] GC(315) Concurrent Mark 609.698ms
[1890.659s][info][gc,marking     ] GC(315) Concurrent Rebuild Remembered Sets and Scrub Regions
[1890.928s][info][gc,marking     ] GC(315) Concurrent Rebuild Remembered Sets and Scrub Regions 269.020ms
[1890.929s][info][gc,start       ] GC(315) Pause Cleanup
[1890.929s][info][gc             ] GC(315) Pause Cleanup 1707M->1707M(4096M) 0.125ms
[1890.929s][info][gc,cpu         ] GC(315) User=0.00s Sys=0.00s Real=0.00s
[1890.929s][info][gc,marking     ] GC(315) Concurrent Clear Claimed Marks
[1890.929s][info][gc,marking     ] GC(315) Concurrent Clear Claimed Marks 0.035ms
[1890.929s][info][gc,marking     ] GC(315) Concurrent Cleanup for Next Mark
[1890.933s][info][gc,marking     ] GC(315) Concurrent Cleanup for Next Mark 3.645ms
[1890.933s][info][gc             ] GC(315) Concurrent Mark Cycle 1014.381ms
......[1897.013s][info][gc,start       ] GC(316) Pause Young (Prepare Mixed) (G1 Evacuation Pause)
[1897.013s][info][gc,task        ] GC(316) Using 6 workers of 6 for evacuation
[1897.129s][info][gc,phases      ] GC(316)   Pre Evacuate Collection Set: 0.37ms
[1897.129s][info][gc,phases      ] GC(316)   Merge Heap Roots: 0.52ms
[1897.129s][info][gc,phases      ] GC(316)   Evacuate Collection Set: 114.62ms
[1897.129s][info][gc,phases      ] GC(316)   Post Evacuate Collection Set: 0.95ms
[1897.129s][info][gc,phases      ] GC(316)   Other: 0.08ms
[1897.129s][info][gc,heap        ] GC(316) Eden regions: 1120->0(1113)
[1897.129s][info][gc,heap        ] GC(316) Survivor regions: 108->109(154)
[1897.129s][info][gc,heap        ] GC(316) Old regions: 502->534
[1897.129s][info][gc,heap        ] GC(316) Humongous regions: 80->80
[1897.129s][info][gc,metaspace   ] GC(316) Metaspace: 28919K(29184K)->28919K(29184K) NonClass: 24037K(24128K)->24037K(24128K) Class: 4882K(5056K)->4882K(5056K)
[1897.129s][info][gc             ] GC(316) Pause Young (Prepare Mixed) (G1 Evacuation Pause) 3619M->1444M(4096M) 116.692ms
[1897.129s][info][gc,cpu         ] GC(316) User=0.70s Sys=0.00s Real=0.12s
........[1904.283s][info][gc,start       ] GC(317) Pause Young (Mixed) (G1 Evacuation Pause)
[1904.283s][info][gc,task        ] GC(317) Using 6 workers of 6 for evacuation
[1904.415s][info][gc,phases      ] GC(317)   Pre Evacuate Collection Set: 0.40ms
[1904.415s][info][gc,phases      ] GC(317)   Merge Heap Roots: 0.66ms
[1904.415s][info][gc,phases      ] GC(317)   Evacuate Collection Set: 130.20ms
[1904.415s][info][gc,phases      ] GC(317)   Post Evacuate Collection Set: 0.96ms
[1904.415s][info][gc,phases      ] GC(317)   Other: 0.09ms
[1904.415s][info][gc,heap        ] GC(317) Eden regions: 1113->0(1118)
[1904.415s][info][gc,heap        ] GC(317) Survivor regions: 109->110(153)
[1904.415s][info][gc,heap        ] GC(317) Old regions: 534->469
[1904.415s][info][gc,heap        ] GC(317) Humongous regions: 80->80
[1904.415s][info][gc,metaspace   ] GC(317) Metaspace: 28919K(29184K)->28919K(29184K) NonClass: 24037K(24128K)->24037K(24128K) Class: 4882K(5056K)->4882K(5056K)
[1904.415s][info][gc             ] GC(317) Pause Young (Mixed) (G1 Evacuation Pause) 3670M->1315M(4096M) 132.435ms
[1904.415s][info][gc,cpu         ] GC(317) User=0.78s Sys=0.00s Real=0.13s
.......[1911.391s][info][gc,start       ] GC(318) Pause Young (Concurrent Start) (G1 Evacuation Pause)
[1911.391s][info][gc,task        ] GC(318) Using 6 workers of 6 for evacuation
[1911.508s][info][gc,phases      ] GC(318)   Pre Evacuate Collection Set: 0.41ms
[1911.508s][info][gc,phases      ] GC(318)   Merge Heap Roots: 0.46ms
[1911.508s][info][gc,phases      ] GC(318)   Evacuate Collection Set: 114.91ms
[1911.508s][info][gc,phases      ] GC(318)   Post Evacuate Collection Set: 0.92ms
[1911.508s][info][gc,phases      ] GC(318)   Other: 0.11ms
[1911.508s][info][gc,heap        ] GC(318) Eden regions: 1118->0(1120)
[1911.508s][info][gc,heap        ] GC(318) Survivor regions: 110->108(154)
[1911.508s][info][gc,heap        ] GC(318) Old regions: 469->501
[1911.508s][info][gc,heap        ] GC(318) Humongous regions: 80->80
[1911.508s][info][gc,metaspace   ] GC(318) Metaspace: 28919K(29184K)->28919K(29184K) NonClass: 24037K(24128K)->24037K(24128K) Class: 4882K(5056K)->4882K(5056K)
[1911.508s][info][gc             ] GC(318) Pause Young (Concurrent Start) (G1 Evacuation Pause) 3551M->1375M(4096M) 116.935ms
[1911.508s][info][gc             ] GC(319) Concurrent Mark Cycle
[1911.508s][info][gc,marking     ] GC(319) Concurrent Scan Root Regions
[1911.508s][info][gc,cpu         ] GC(318) User=0.68s Sys=0.00s Real=0.12s
[1911.652s][info][gc,marking     ] GC(319) Concurrent Scan Root Regions 143.864ms
[1911.652s][info][gc,marking     ] GC(319) Concurrent Mark
[1911.652s][info][gc,marking     ] GC(319) Concurrent Mark From Roots
[1911.652s][info][gc,task        ] GC(319) Using 2 workers of 2 for marking
.[1912.257s][info][gc,marking     ] GC(319) Concurrent Mark From Roots 605.729ms
[1912.257s][info][gc,marking     ] GC(319) Concurrent Preclean
[1912.258s][info][gc,marking     ] GC(319) Concurrent Preclean 0.046ms
[1912.258s][info][gc,start       ] GC(319) Pause Remark
[1912.261s][info][gc             ] GC(319) Pause Remark 1646M->1646M(4096M) 3.059ms
[1912.261s][info][gc,cpu         ] GC(319) User=0.01s Sys=0.00s Real=0.00s
[1912.261s][info][gc,marking     ] GC(319) Concurrent Mark 609.082ms
[1912.261s][info][gc,marking     ] GC(319) Concurrent Rebuild Remembered Sets and Scrub Regions
[1912.509s][info][gc,marking     ] GC(319) Concurrent Rebuild Remembered Sets and Scrub Regions 248.676ms
[1912.510s][info][gc,start       ] GC(319) Pause Cleanup
[1912.510s][info][gc             ] GC(319) Pause Cleanup 1729M->1729M(4096M) 0.119ms
[1912.510s][info][gc,cpu         ] GC(319) User=0.00s Sys=0.00s Real=0.00s
[1912.510s][info][gc,marking     ] GC(319) Concurrent Clear Claimed Marks
[1912.510s][info][gc,marking     ] GC(319) Concurrent Clear Claimed Marks 0.033ms
[1912.510s][info][gc,marking     ] GC(319) Concurrent Cleanup for Next Mark
[1912.513s][info][gc,marking     ] GC(319) Concurrent Cleanup for Next Mark 3.226ms
[1912.513s][info][gc             ] GC(319) Concurrent Mark Cycle 1005.359ms
......[1918.542s][info][gc,start       ] GC(320) Pause Young (Prepare Mixed) (G1 Evacuation Pause)
[1918.542s][info][gc,task        ] GC(320) Using 6 workers of 6 for evacuation
[1918.659s][info][gc,phases      ] GC(320)   Pre Evacuate Collection Set: 0.36ms
[1918.659s][info][gc,phases      ] GC(320)   Merge Heap Roots: 0.60ms
[1918.659s][info][gc,phases      ] GC(320)   Evacuate Collection Set: 115.54ms
[1918.659s][info][gc,phases      ] GC(320)   Post Evacuate Collection Set: 0.95ms
[1918.659s][info][gc,phases      ] GC(320)   Other: 0.10ms
[1918.659s][info][gc,heap        ] GC(320) Eden regions: 1120->0(1116)
[1918.659s][info][gc,heap        ] GC(320) Survivor regions: 108->108(154)
[1918.659s][info][gc,heap        ] GC(320) Old regions: 501->533
[1918.659s][info][gc,heap        ] GC(320) Humongous regions: 80->80
[1918.659s][info][gc,metaspace   ] GC(320) Metaspace: 28919K(29184K)->28919K(29184K) NonClass: 24037K(24128K)->24037K(24128K) Class: 4882K(5056K)->4882K(5056K)
[1918.659s][info][gc             ] GC(320) Pause Young (Prepare Mixed) (G1 Evacuation Pause) 3615M->1439M(4096M) 117.713ms
[1918.660s][info][gc,cpu         ] GC(320) User=0.70s Sys=0.00s Real=0.12s
....... (rIR:aIR:PR = 2629:2629:2629) (tPR = 39103) [OK] 
  1924s: Performance info:
         Transaction,    Success,    Partial,     Failed,   Receipts, AvgBarcode, 
             Overall,     158017,          0,          0,     150120,      59.47, 
         Response times:
             Request,    Success,    Partial,     Failed,   SkipFail,     Probes,    Samples,      min,      p50,      p90,      p95,      p99,      max, 
       TotalPurchase,     150120,          0,          0,          0,     147220,     158393,      300,     2300,     3600,     4100,    14200,   177000,
     InStorePurchase,      79022,          0,          0,          0,      77558,      83162,      300,     2300,     3600,     4200,    14200,   138000,
      OnlinePurchase,      55289,          0,          0,          0,      54272,      58397,      300,     2400,     3600,     4100,    14900,   177000,
        InstPurchase,      15809,          0,          0,          0,      15390,      16834,      400,     2000,     3400,     3900,    12365,   137000,
          AssocOfCat,        157,          0,          0,          0,        108,        154,    18200,    25000,    34500,    37000,    60600,    65000,
      AssocOfProduct,       1581,          0,          0,          0,       1426,       1654,      400,     1600,     2600,     3100,     9025,    24000,
      BusinessReport,        396,          0,          0,          0,        319,        429,    19800,    28000,    37000,    44500,    92600,   177000,
          CustBuyBeh,       1579,          0,          0,          0,       1435,       1661,      300,     1600,     3100,     3500,     7866,    49000,
       ProductReturn,       4184,          0,          0,          0,       3925,       4375,      200,     2100,     3500,     4100,    16700,   136000,

  1924s: (20%)   IR =   2767 [1925.671s][info][gc,start       ] GC(321) Pause Young (Mixed) (G1 Evacuation Pause)
[1925.671s][info][gc,task        ] GC(321) Using 6 workers of 6 for evacuation
[1925.806s][info][gc,phases      ] GC(321)   Pre Evacuate Collection Set: 0.39ms
[1925.806s][info][gc,phases      ] GC(321)   Merge Heap Roots: 0.77ms
[1925.806s][info][gc,phases      ] GC(321)   Evacuate Collection Set: 132.13ms
[1925.806s][info][gc,phases      ] GC(321)   Post Evacuate Collection Set: 0.99ms
[1925.806s][info][gc,phases      ] GC(321)   Other: 0.09ms
[1925.806s][info][gc,heap        ] GC(321) Eden regions: 1116->0(1121)
[1925.806s][info][gc,heap        ] GC(321) Survivor regions: 108->107(153)
[1925.806s][info][gc,heap        ] GC(321) Old regions: 533->470
[1925.806s][info][gc,heap        ] GC(321) Humongous regions: 80->80
[1925.806s][info][gc,metaspace   ] GC(321) Metaspace: 28919K(29184K)->28919K(29184K) NonClass: 24037K(24128K)->24037K(24128K) Class: 4882K(5056K)->4882K(5056K)
[1925.806s][info][gc             ] GC(321) Pause Young (Mixed) (G1 Evacuation Pause) 3671M->1312M(4096M) 134.557ms
[1925.806s][info][gc,cpu         ] GC(321) User=0.79s Sys=0.00s Real=0.13s
.....|..[1932.539s][info][gc,start       ] GC(322) Pause Young (Concurrent Start) (G1 Evacuation Pause)
[1932.539s][info][gc,task        ] GC(322) Using 6 workers of 6 for evacuation
[1932.655s][info][gc,phases      ] GC(322)   Pre Evacuate Collection Set: 0.40ms
[1932.655s][info][gc,phases      ] GC(322)   Merge Heap Roots: 0.53ms
[1932.655s][info][gc,phases      ] GC(322)   Evacuate Collection Set: 114.45ms
[1932.655s][info][gc,phases      ] GC(322)   Post Evacuate Collection Set: 0.93ms
[1932.655s][info][gc,phases      ] GC(322)   Other: 0.10ms
[1932.655s][info][gc,heap        ] GC(322) Eden regions: 1121->0(1120)
[1932.655s][info][gc,heap        ] GC(322) Survivor regions: 107->108(154)
[1932.655s][info][gc,heap        ] GC(322) Old regions: 470->501
[1932.655s][info][gc,heap        ] GC(322) Humongous regions: 80->80
[1932.655s][info][gc,metaspace   ] GC(322) Metaspace: 28919K(29184K)->28919K(29184K) NonClass: 24037K(24128K)->24037K(24128K) Class: 4882K(5056K)->4882K(5056K)
[1932.655s][info][gc             ] GC(322) Pause Young (Concurrent Start) (G1 Evacuation Pause) 3554M->1376M(4096M) 116.556ms
[1932.655s][info][gc             ] GC(323) Concurrent Mark Cycle
[1932.655s][info][gc,marking     ] GC(323) Concurrent Scan Root Regions
[1932.655s][info][gc,cpu         ] GC(322) User=0.68s Sys=0.01s Real=0.11s
[1932.826s][info][gc,marking     ] GC(323) Concurrent Scan Root Regions 170.661ms
[1932.826s][info][gc,marking     ] GC(323) Concurrent Mark
[1932.826s][info][gc,marking     ] GC(323) Concurrent Mark From Roots
[1932.826s][info][gc,task        ] GC(323) Using 2 workers of 2 for marking
.[1933.743s][info][gc,marking     ] GC(323) Concurrent Mark From Roots 917.417ms
[1933.744s][info][gc,marking     ] GC(323) Concurrent Preclean
[1933.744s][info][gc,marking     ] GC(323) Concurrent Preclean 0.082ms
[1933.744s][info][gc,start       ] GC(323) Pause Remark
[1933.747s][info][gc             ] GC(323) Pause Remark 1751M->1751M(4096M) 3.175ms
[1933.747s][info][gc,cpu         ] GC(323) User=0.01s Sys=0.00s Real=0.01s
[1933.748s][info][gc,marking     ] GC(323) Concurrent Mark 921.986ms
[1933.748s][info][gc,marking     ] GC(323) Concurrent Rebuild Remembered Sets and Scrub Regions
[1934.146s][info][gc,marking     ] GC(323) Concurrent Rebuild Remembered Sets and Scrub Regions 397.474ms
[1934.146s][info][gc,start       ] GC(323) Pause Cleanup
[1934.146s][info][gc             ] GC(323) Pause Cleanup 1894M->1894M(4096M) 0.129ms
[1934.146s][info][gc,cpu         ] GC(323) User=0.00s Sys=0.00s Real=0.00s
[1934.147s][info][gc,marking     ] GC(323) Concurrent Clear Claimed Marks
[1934.147s][info][gc,marking     ] GC(323) Concurrent Clear Claimed Marks 0.031ms
[1934.147s][info][gc,marking     ] GC(323) Concurrent Cleanup for Next Mark
[1934.150s][info][gc,marking     ] GC(323) Concurrent Cleanup for Next Mark 3.477ms
[1934.150s][info][gc             ] GC(323) Concurrent Mark Cycle 1494.727ms
......[1939.358s][info][gc,start       ] GC(324) Pause Young (Prepare Mixed) (G1 Evacuation Pause)
[1939.358s][info][gc,task        ] GC(324) Using 6 workers of 6 for evacuation
[1939.475s][info][gc,phases      ] GC(324)   Pre Evacuate Collection Set: 0.35ms
[1939.475s][info][gc,phases      ] GC(324)   Merge Heap Roots: 0.55ms
[1939.475s][info][gc,phases      ] GC(324)   Evacuate Collection Set: 114.33ms
[1939.475s][info][gc,phases      ] GC(324)   Post Evacuate Collection Set: 0.96ms
[1939.475s][info][gc,phases      ] GC(324)   Other: 0.09ms
[1939.475s][info][gc,heap        ] GC(324) Eden regions: 1120->0(1116)
[1939.475s][info][gc,heap        ] GC(324) Survivor regions: 108->108(154)
[1939.475s][info][gc,heap        ] GC(324) Old regions: 501->533
[1939.475s][info][gc,heap        ] GC(324) Humongous regions: 80->80
[1939.475s][info][gc,metaspace   ] GC(324) Metaspace: 28919K(29184K)->28919K(29184K) NonClass: 24037K(24128K)->24037K(24128K) Class: 4882K(5056K)->4882K(5056K)
[1939.475s][info][gc             ] GC(324) Pause Young (Prepare Mixed) (G1 Evacuation Pause) 3616M->1439M(4096M) 116.423ms
[1939.475s][info][gc,cpu         ] GC(324) User=0.69s Sys=0.00s Real=0.11s
.......[1946.245s][info][gc,start       ] GC(325) Pause Young (Mixed) (G1 Evacuation Pause)
[1946.245s][info][gc,task        ] GC(325) Using 6 workers of 6 for evacuation
[1946.380s][info][gc,phases      ] GC(325)   Pre Evacuate Collection Set: 0.40ms
[1946.380s][info][gc,phases      ] GC(325)   Merge Heap Roots: 0.81ms
[1946.380s][info][gc,phases      ] GC(325)   Evacuate Collection Set: 132.57ms
[1946.380s][info][gc,phases      ] GC(325)   Post Evacuate Collection Set: 0.97ms
[1946.380s][info][gc,phases      ] GC(325)   Other: 0.09ms
[1946.380s][info][gc,heap        ] GC(325) Eden regions: 1116->0(1120)
[1946.380s][info][gc,heap        ] GC(325) Survivor regions: 108->108(153)
[1946.380s][info][gc,heap        ] GC(325) Old regions: 533->469
[1946.380s][info][gc,heap        ] GC(325) Humongous regions: 80->80
[1946.380s][info][gc,metaspace   ] GC(325) Metaspace: 28920K(29184K)->28920K(29184K) NonClass: 24037K(24128K)->24037K(24128K) Class: 4882K(5056K)->4882K(5056K)
[1946.380s][info][gc             ] GC(325) Pause Young (Mixed) (G1 Evacuation Pause) 3671M->1313M(4096M) 134.973ms
[1946.380s][info][gc,cpu         ] GC(325) User=0.80s Sys=0.00s Real=0.14s
......[1953.043s][info][gc,start       ] GC(326) Pause Young (Concurrent Start) (G1 Evacuation Pause)
[1953.044s][info][gc,task        ] GC(326) Using 6 workers of 6 for evacuation
[1953.160s][info][gc,phases      ] GC(326)   Pre Evacuate Collection Set: 0.41ms
[1953.160s][info][gc,phases      ] GC(326)   Merge Heap Roots: 0.48ms
[1953.160s][info][gc,phases      ] GC(326)   Evacuate Collection Set: 114.69ms
[1953.160s][info][gc,phases      ] GC(326)   Post Evacuate Collection Set: 0.91ms
[1953.160s][info][gc,phases      ] GC(326)   Other: 0.12ms
[1953.160s][info][gc,heap        ] GC(326) Eden regions: 1120->0(1120)
[1953.160s][info][gc,heap        ] GC(326) Survivor regions: 108->108(154)
[1953.160s][info][gc,heap        ] GC(326) Old regions: 469->501
[1953.160s][info][gc,heap        ] GC(326) Humongous regions: 80->80
[1953.160s][info][gc,metaspace   ] GC(326) Metaspace: 28920K(29184K)->28920K(29184K) NonClass: 24037K(24128K)->24037K(24128K) Class: 4882K(5056K)->4882K(5056K)
[1953.160s][info][gc             ] GC(326) Pause Young (Concurrent Start) (G1 Evacuation Pause) 3553M->1376M(4096M) 116.740ms
[1953.160s][info][gc             ] GC(327) Concurrent Mark Cycle
[1953.160s][info][gc,marking     ] GC(327) Concurrent Scan Root Regions
[1953.160s][info][gc,cpu         ] GC(326) User=0.69s Sys=0.00s Real=0.12s
.[1953.329s][info][gc,marking     ] GC(327) Concurrent Scan Root Regions 168.563ms
[1953.329s][info][gc,marking     ] GC(327) Concurrent Mark
[1953.329s][info][gc,marking     ] GC(327) Concurrent Mark From Roots
[1953.329s][info][gc,task        ] GC(327) Using 2 workers of 2 for marking
[1953.902s][info][gc,marking     ] GC(327) Concurrent Mark From Roots 573.516ms
[1953.902s][info][gc,marking     ] GC(327) Concurrent Preclean
[1953.902s][info][gc,marking     ] GC(327) Concurrent Preclean 0.048ms
[1953.903s][info][gc,start       ] GC(327) Pause Remark
[1953.905s][info][gc             ] GC(327) Pause Remark 1645M->1645M(4096M) 2.886ms
[1953.906s][info][gc,cpu         ] GC(327) User=0.01s Sys=0.00s Real=0.00s
[1953.906s][info][gc,marking     ] GC(327) Concurrent Mark 576.711ms
[1953.906s][info][gc,marking     ] GC(327) Concurrent Rebuild Remembered Sets and Scrub Regions
[1954.127s][info][gc,marking     ] GC(327) Concurrent Rebuild Remembered Sets and Scrub Regions 221.483ms
[1954.129s][info][gc,start       ] GC(327) Pause Cleanup
[1954.130s][info][gc             ] GC(327) Pause Cleanup 1730M->1730M(4096M) 0.152ms
[1954.130s][info][gc,cpu         ] GC(327) User=0.00s Sys=0.00s Real=0.00s
[1954.130s][info][gc,marking     ] GC(327) Concurrent Clear Claimed Marks
[1954.130s][info][gc,marking     ] GC(327) Concurrent Clear Claimed Marks 0.034ms
[1954.130s][info][gc,marking     ] GC(327) Concurrent Cleanup for Next Mark
[1954.136s][info][gc,marking     ] GC(327) Concurrent Cleanup for Next Mark 6.500ms
[1954.136s][info][gc             ] GC(327) Concurrent Mark Cycle 975.984ms
......[1959.854s][info][gc,start       ] GC(328) Pause Young (Prepare Mixed) (G1 Evacuation Pause)
[1959.854s][info][gc,task        ] GC(328) Using 6 workers of 6 for evacuation
[1959.972s][info][gc,phases      ] GC(328)   Pre Evacuate Collection Set: 0.37ms
[1959.972s][info][gc,phases      ] GC(328)   Merge Heap Roots: 0.50ms
[1959.972s][info][gc,phases      ] GC(328)   Evacuate Collection Set: 115.52ms
[1959.972s][info][gc,phases      ] GC(328)   Post Evacuate Collection Set: 0.96ms
[1959.972s][info][gc,phases      ] GC(328)   Other: 0.08ms
[1959.972s][info][gc,heap        ] GC(328) Eden regions: 1120->0(1115)
[1959.972s][info][gc,heap        ] GC(328) Survivor regions: 108->109(154)
[1959.972s][info][gc,heap        ] GC(328) Old regions: 501->532
[1959.972s][info][gc,heap        ] GC(328) Humongous regions: 80->80
[1959.972s][info][gc,metaspace   ] GC(328) Metaspace: 28920K(29184K)->28920K(29184K) NonClass: 24037K(24128K)->24037K(24128K) Class: 4882K(5056K)->4882K(5056K)
[1959.972s][info][gc             ] GC(328) Pause Young (Prepare Mixed) (G1 Evacuation Pause) 3616M->1440M(4096M) 117.570ms
[1959.972s][info][gc,cpu         ] GC(328) User=0.70s Sys=0.00s Real=0.12s
.......[1966.673s][info][gc,start       ] GC(329) Pause Young (Mixed) (G1 Evacuation Pause)
[1966.673s][info][gc,task        ] GC(329) Using 6 workers of 6 for evacuation
[1966.808s][info][gc,phases      ] GC(329)   Pre Evacuate Collection Set: 0.41ms
[1966.808s][info][gc,phases      ] GC(329)   Merge Heap Roots: 0.80ms
[1966.808s][info][gc,phases      ] GC(329)   Evacuate Collection Set: 132.83ms
[1966.808s][info][gc,phases      ] GC(329)   Post Evacuate Collection Set: 1.02ms
[1966.808s][info][gc,phases      ] GC(329)   Other: 0.09ms
[1966.808s][info][gc,heap        ] GC(329) Eden regions: 1115->0(1118)
[1966.808s][info][gc,heap        ] GC(329) Survivor regions: 109->110(153)
[1966.808s][info][gc,heap        ] GC(329) Old regions: 532->469
[1966.808s][info][gc,heap        ] GC(329) Humongous regions: 80->80
[1966.808s][info][gc,metaspace   ] GC(329) Metaspace: 28920K(29184K)->28920K(29184K) NonClass: 24037K(24128K)->24037K(24128K) Class: 4882K(5056K)->4882K(5056K)
[1966.808s][info][gc             ] GC(329) Pause Young (Mixed) (G1 Evacuation Pause) 3670M->1316M(4096M) 135.310ms
[1966.808s][info][gc,cpu         ] GC(329) User=0.80s Sys=0.00s Real=0.14s
.......[1973.538s][info][gc,start       ] GC(330) Pause Young (Concurrent Start) (G1 Evacuation Pause)
[1973.538s][info][gc,task        ] GC(330) Using 6 workers of 6 for evacuation
[1973.655s][info][gc,phases      ] GC(330)   Pre Evacuate Collection Set: 0.43ms
[1973.655s][info][gc,phases      ] GC(330)   Merge Heap Roots: 0.48ms
[1973.655s][info][gc,phases      ] GC(330)   Evacuate Collection Set: 115.15ms
[1973.655s][info][gc,phases      ] GC(330)   Post Evacuate Collection Set: 0.91ms
[1973.655s][info][gc,phases      ] GC(330)   Other: 0.13ms
[1973.655s][info][gc,heap        ] GC(330) Eden regions: 1118->0(1121)
[1973.655s][info][gc,heap        ] GC(330) Survivor regions: 110->107(154)
[1973.655s][info][gc,heap        ] GC(330) Old regions: 469->501
[1973.655s][info][gc,heap        ] GC(330) Humongous regions: 80->80
[1973.655s][info][gc,metaspace   ] GC(330) Metaspace: 28920K(29184K)->28920K(29184K) NonClass: 24037K(24128K)->24037K(24128K) Class: 4882K(5056K)->4882K(5056K)
[1973.655s][info][gc             ] GC(330) Pause Young (Concurrent Start) (G1 Evacuation Pause) 3552M->1373M(4096M) 117.230ms
[1973.655s][info][gc             ] GC(331) Concurrent Mark Cycle
[1973.655s][info][gc,marking     ] GC(331) Concurrent Scan Root Regions
[1973.655s][info][gc,cpu         ] GC(330) User=0.69s Sys=0.00s Real=0.11s
[1973.779s][info][gc,marking     ] GC(331) Concurrent Scan Root Regions 123.923ms
[1973.779s][info][gc,marking     ] GC(331) Concurrent Mark
[1973.779s][info][gc,marking     ] GC(331) Concurrent Mark From Roots
[1973.779s][info][gc,task        ] GC(331) Using 2 workers of 2 for marking
.[1974.379s][info][gc,marking     ] GC(331) Concurrent Mark From Roots 600.176ms
[1974.379s][info][gc,marking     ] GC(331) Concurrent Preclean
[1974.379s][info][gc,marking     ] GC(331) Concurrent Preclean 0.041ms
[1974.380s][info][gc,start       ] GC(331) Pause Remark
[1974.383s][info][gc             ] GC(331) Pause Remark 1653M->1653M(4096M) 3.150ms
[1974.383s][info][gc,cpu         ] GC(331) User=0.01s Sys=0.00s Real=0.00s
[1974.383s][info][gc,marking     ] GC(331) Concurrent Mark 603.636ms
[1974.383s][info][gc,marking     ] GC(331) Concurrent Rebuild Remembered Sets and Scrub Regions
[1974.734s][info][gc,marking     ] GC(331) Concurrent Rebuild Remembered Sets and Scrub Regions 351.643ms
[1974.735s][info][gc,start       ] GC(331) Pause Cleanup
[1974.735s][info][gc             ] GC(331) Pause Cleanup 1750M->1750M(4096M) 0.127ms
[1974.735s][info][gc,cpu         ] GC(331) User=0.00s Sys=0.00s Real=0.00s
[1974.735s][info][gc,marking     ] GC(331) Concurrent Clear Claimed Marks
[1974.735s][info][gc,marking     ] GC(331) Concurrent Clear Claimed Marks 0.028ms
[1974.735s][info][gc,marking     ] GC(331) Concurrent Cleanup for Next Mark
[1974.738s][info][gc,marking     ] GC(331) Concurrent Cleanup for Next Mark 3.619ms
[1974.739s][info][gc             ] GC(331) Concurrent Mark Cycle 1083.315ms
......[1980.423s][info][gc,start       ] GC(332) Pause Young (Prepare Mixed) (G1 Evacuation Pause)
[1980.423s][info][gc,task        ] GC(332) Using 6 workers of 6 for evacuation
[1980.539s][info][gc,phases      ] GC(332)   Pre Evacuate Collection Set: 0.37ms
[1980.539s][info][gc,phases      ] GC(332)   Merge Heap Roots: 0.55ms
[1980.539s][info][gc,phases      ] GC(332)   Evacuate Collection Set: 114.62ms
[1980.539s][info][gc,phases      ] GC(332)   Post Evacuate Collection Set: 0.94ms
[1980.539s][info][gc,phases      ] GC(332)   Other: 0.09ms
[1980.539s][info][gc,heap        ] GC(332) Eden regions: 1121->0(1117)
[1980.539s][info][gc,heap        ] GC(332) Survivor regions: 107->108(154)
[1980.539s][info][gc,heap        ] GC(332) Old regions: 501->532
[1980.539s][info][gc,heap        ] GC(332) Humongous regions: 80->80
[1980.539s][info][gc,metaspace   ] GC(332) Metaspace: 28920K(29184K)->28920K(29184K) NonClass: 24037K(24128K)->24037K(24128K) Class: 4882K(5056K)->4882K(5056K)
[1980.539s][info][gc             ] GC(332) Pause Young (Prepare Mixed) (G1 Evacuation Pause) 3615M->1438M(4096M) 116.703ms
[1980.539s][info][gc,cpu         ] GC(332) User=0.69s Sys=0.00s Real=0.12s
.......[1987.253s][info][gc,start       ] GC(333) Pause Young (Mixed) (G1 Evacuation Pause)
[1987.253s][info][gc,task        ] GC(333) Using 6 workers of 6 for evacuation
[1987.386s][info][gc,phases      ] GC(333)   Pre Evacuate Collection Set: 0.39ms
[1987.386s][info][gc,phases      ] GC(333)   Merge Heap Roots: 0.66ms
[1987.386s][info][gc,phases      ] GC(333)   Evacuate Collection Set: 130.26ms
[1987.386s][info][gc,phases      ] GC(333)   Post Evacuate Collection Set: 0.98ms
[1987.386s][info][gc,phases      ] GC(333)   Other: 0.09ms
[1987.386s][info][gc,heap        ] GC(333) Eden regions: 1117->0(1119)
[1987.386s][info][gc,heap        ] GC(333) Survivor regions: 108->109(154)
[1987.386s][info][gc,heap        ] GC(333) Old regions: 532->468
[1987.386s][info][gc,heap        ] GC(333) Humongous regions: 80->80
[1987.386s][info][gc,metaspace   ] GC(333) Metaspace: 28920K(29184K)->28920K(29184K) NonClass: 24037K(24128K)->24037K(24128K) Class: 4882K(5056K)->4882K(5056K)
[1987.386s][info][gc             ] GC(333) Pause Young (Mixed) (G1 Evacuation Pause) 3672M->1313M(4096M) 132.506ms
[1987.386s][info][gc,cpu         ] GC(333) User=0.78s Sys=0.00s Real=0.13s
... (rIR:aIR:PR = 2767:2765:2765) (tPR = 41015) [OK] 
  1990s: Performance info:
         Transaction,    Success,    Partial,     Failed,   Receipts, AvgBarcode, 
             Overall,     166047,          0,          0,     157741,      59.48, 
         Response times:
             Request,    Success,    Partial,     Failed,   SkipFail,     Probes,    Samples,      min,      p50,      p90,      p95,      p99,      max, 
       TotalPurchase,     157741,          0,          0,          0,     154515,     168924,      300,     2400,     3800,     4600,    17600,   147000,
     InStorePurchase,      82969,          0,          0,          0,      81398,      88701,      300,     2500,     3900,     4700,    17500,   147000,
      OnlinePurchase,      58117,          0,          0,          0,      57013,      62346,      300,     2200,     3800,     4500,    18200,   145000,
        InstPurchase,      16655,          0,          0,          0,      16104,      17877,      400,     2400,     3800,     4500,    15200,   139000,
          AssocOfCat,        165,          0,          0,          0,        131,        185,    18300,    26000,    30400,    35700,    43280,    45000,
      AssocOfProduct,       1671,          0,          0,          0,       1504,       1809,      500,     2900,     4100,     4750,    21000,   148000,
      BusinessReport,        414,          0,          0,          0,        336,        411,    19700,    28000,    37000,    41000,    67040,   173000,
          CustBuyBeh,       1656,          0,          0,          0,       1496,       1790,      200,     2350,     3800,     4400,    17563,    44000,
       ProductReturn,       4400,          0,          0,          0,       4171,       4756,      200,     1600,     2900,     3500,    10286,   144000,

  1990s: (21%)   IR =   2906 ...[1993.936s][info][gc,start       ] GC(334) Pause Young (Concurrent Start) (G1 Evacuation Pause)
[1993.936s][info][gc,task        ] GC(334) Using 6 workers of 6 for evacuation
[1994.057s][info][gc,phases      ] GC(334)   Pre Evacuate Collection Set: 0.41ms
[1994.057s][info][gc,phases      ] GC(334)   Merge Heap Roots: 0.48ms
[1994.057s][info][gc,phases      ] GC(334)   Evacuate Collection Set: 118.74ms
[1994.057s][info][gc,phases      ] GC(334)   Post Evacuate Collection Set: 0.93ms
[1994.057s][info][gc,phases      ] GC(334)   Other: 0.12ms
[1994.057s][info][gc,heap        ] GC(334) Eden regions: 1119->0(1117)
[1994.057s][info][gc,heap        ] GC(334) Survivor regions: 109->111(154)
[1994.057s][info][gc,heap        ] GC(334) Old regions: 468->501
[1994.057s][info][gc,heap        ] GC(334) Humongous regions: 80->80
[1994.057s][info][gc,metaspace   ] GC(334) Metaspace: 28920K(29184K)->28920K(29184K) NonClass: 24037K(24128K)->24037K(24128K) Class: 4882K(5056K)->4882K(5056K)
[1994.057s][info][gc             ] GC(334) Pause Young (Concurrent Start) (G1 Evacuation Pause) 3551M->1382M(4096M) 120.823ms
[1994.057s][info][gc             ] GC(335) Concurrent Mark Cycle
[1994.057s][info][gc,marking     ] GC(335) Concurrent Scan Root Regions
[1994.057s][info][gc,cpu         ] GC(334) User=0.72s Sys=0.00s Real=0.13s
[1994.230s][info][gc,marking     ] GC(335) Concurrent Scan Root Regions 172.693ms
[1994.230s][info][gc,marking     ] GC(335) Concurrent Mark
[1994.230s][info][gc,marking     ] GC(335) Concurrent Mark From Roots
[1994.230s][info][gc,task        ] GC(335) Using 2 workers of 2 for marking
.[1995.149s][info][gc,marking     ] GC(335) Concurrent Mark From Roots 919.155ms
[1995.149s][info][gc,marking     ] GC(335) Concurrent Preclean
[1995.149s][info][gc,marking     ] GC(335) Concurrent Preclean 0.069ms
[1995.149s][info][gc,start       ] GC(335) Pause Remark
[1995.153s][info][gc             ] GC(335) Pause Remark 1786M->1786M(4096M) 3.181ms
[1995.153s][info][gc,cpu         ] GC(335) User=0.01s Sys=0.00s Real=0.00s
[1995.153s][info][gc,marking     ] GC(335) Concurrent Mark 922.697ms
[1995.153s][info][gc,marking     ] GC(335) Concurrent Rebuild Remembered Sets and Scrub Regions
.[1995.383s][info][gc,marking     ] GC(335) Concurrent Rebuild Remembered Sets and Scrub Regions 229.931ms
[1995.383s][info][gc,start       ] GC(335) Pause Cleanup
[1995.383s][info][gc             ] GC(335) Pause Cleanup 1893M->1893M(4096M) 0.126ms
[1995.383s][info][gc,cpu         ] GC(335) User=0.00s Sys=0.00s Real=0.00s
[1995.383s][info][gc,marking     ] GC(335) Concurrent Clear Claimed Marks
[1995.383s][info][gc,marking     ] GC(335) Concurrent Clear Claimed Marks 0.028ms
[1995.383s][info][gc,marking     ] GC(335) Concurrent Cleanup for Next Mark
[1995.386s][info][gc,marking     ] GC(335) Concurrent Cleanup for Next Mark 3.505ms
[1995.386s][info][gc             ] GC(335) Concurrent Mark Cycle 1329.303ms
.|....[2000.404s][info][gc,start       ] GC(336) Pause Young (Prepare Mixed) (G1 Evacuation Pause)
[2000.404s][info][gc,task        ] GC(336) Using 6 workers of 6 for evacuation
[2000.522s][info][gc,phases      ] GC(336)   Pre Evacuate Collection Set: 0.36ms
[2000.522s][info][gc,phases      ] GC(336)   Merge Heap Roots: 0.54ms
[2000.522s][info][gc,phases      ] GC(336)   Evacuate Collection Set: 115.83ms
[2000.522s][info][gc,phases      ] GC(336)   Post Evacuate Collection Set: 0.97ms
[2000.522s][info][gc,phases      ] GC(336)   Other: 0.09ms
[2000.522s][info][gc,heap        ] GC(336) Eden regions: 1117->0(1112)
[2000.522s][info][gc,heap        ] GC(336) Survivor regions: 111->110(154)
[2000.522s][info][gc,heap        ] GC(336) Old regions: 501->533
[2000.522s][info][gc,heap        ] GC(336) Humongous regions: 80->80
[2000.522s][info][gc,metaspace   ] GC(336) Metaspace: 28920K(29184K)->28920K(29184K) NonClass: 24037K(24128K)->24037K(24128K) Class: 4882K(5056K)->4882K(5056K)
[2000.522s][info][gc             ] GC(336) Pause Young (Prepare Mixed) (G1 Evacuation Pause) 3616M->1443M(4096M) 117.911ms
[2000.522s][info][gc,cpu         ] GC(336) User=0.70s Sys=0.00s Real=0.12s
......[2006.918s][info][gc,start       ] GC(337) Pause Young (Mixed) (G1 Evacuation Pause)
[2006.918s][info][gc,task        ] GC(337) Using 6 workers of 6 for evacuation
[2007.053s][info][gc,phases      ] GC(337)   Pre Evacuate Collection Set: 0.34ms
[2007.053s][info][gc,phases      ] GC(337)   Merge Heap Roots: 0.78ms
[2007.053s][info][gc,phases      ] GC(337)   Evacuate Collection Set: 132.80ms
[2007.053s][info][gc,phases      ] GC(337)   Post Evacuate Collection Set: 1.00ms
[2007.053s][info][gc,phases      ] GC(337)   Other: 0.08ms
[2007.053s][info][gc,heap        ] GC(337) Eden regions: 1112->0(1119)
[2007.053s][info][gc,heap        ] GC(337) Survivor regions: 110->109(153)
[2007.053s][info][gc,heap        ] GC(337) Old regions: 533->472
[2007.053s][info][gc,heap        ] GC(337) Humongous regions: 80->80
[2007.053s][info][gc,metaspace   ] GC(337) Metaspace: 28920K(29184K)->28920K(29184K) NonClass: 24037K(24128K)->24037K(24128K) Class: 4882K(5056K)->4882K(5056K)
[2007.053s][info][gc             ] GC(337) Pause Young (Mixed) (G1 Evacuation Pause) 3667M->1320M(4096M) 135.123ms
[2007.053s][info][gc,cpu         ] GC(337) User=0.80s Sys=0.01s Real=0.13s
.......[2013.411s][info][gc,start       ] GC(338) Pause Young (Concurrent Start) (G1 Evacuation Pause)
[2013.411s][info][gc,task        ] GC(338) Using 6 workers of 6 for evacuation
[2013.528s][info][gc,phases      ] GC(338)   Pre Evacuate Collection Set: 0.41ms
[2013.528s][info][gc,phases      ] GC(338)   Merge Heap Roots: 0.51ms
[2013.528s][info][gc,phases      ] GC(338)   Evacuate Collection Set: 114.81ms
[2013.528s][info][gc,phases      ] GC(338)   Post Evacuate Collection Set: 0.93ms
[2013.528s][info][gc,phases      ] GC(338)   Other: 0.12ms
[2013.528s][info][gc,heap        ] GC(338) Eden regions: 1119->0(1119)
[2013.528s][info][gc,heap        ] GC(338) Survivor regions: 109->109(154)
[2013.528s][info][gc,heap        ] GC(338) Old regions: 472->503
[2013.528s][info][gc,heap        ] GC(338) Humongous regions: 80->80
[2013.528s][info][gc,metaspace   ] GC(338) Metaspace: 28920K(29184K)->28920K(29184K) NonClass: 24037K(24128K)->24037K(24128K) Class: 4882K(5056K)->4882K(5056K)
[2013.528s][info][gc             ] GC(338) Pause Young (Concurrent Start) (G1 Evacuation Pause) 3558M->1383M(4096M) 116.930ms
[2013.528s][info][gc             ] GC(339) Concurrent Mark Cycle
[2013.528s][info][gc,marking     ] GC(339) Concurrent Scan Root Regions
[2013.528s][info][gc,cpu         ] GC(338) User=0.69s Sys=0.00s Real=0.12s
[2013.658s][info][gc,marking     ] GC(339) Concurrent Scan Root Regions 130.082ms
[2013.658s][info][gc,marking     ] GC(339) Concurrent Mark
[2013.658s][info][gc,marking     ] GC(339) Concurrent Mark From Roots
[2013.658s][info][gc,task        ] GC(339) Using 2 workers of 2 for marking
.[2014.256s][info][gc,marking     ] GC(339) Concurrent Mark From Roots 598.494ms
[2014.256s][info][gc,marking     ] GC(339) Concurrent Preclean
[2014.257s][info][gc,marking     ] GC(339) Concurrent Preclean 0.050ms
[2014.257s][info][gc,start       ] GC(339) Pause Remark
[2014.260s][info][gc             ] GC(339) Pause Remark 1702M->1702M(4096M) 3.077ms
[2014.260s][info][gc,cpu         ] GC(339) User=0.01s Sys=0.00s Real=0.01s
[2014.260s][info][gc,marking     ] GC(339) Concurrent Mark 601.873ms
[2014.260s][info][gc,marking     ] GC(339) Concurrent Rebuild Remembered Sets and Scrub Regions
[2014.481s][info][gc,marking     ] GC(339) Concurrent Rebuild Remembered Sets and Scrub Regions 221.524ms
[2014.481s][info][gc,start       ] GC(339) Pause Cleanup
[2014.482s][info][gc             ] GC(339) Pause Cleanup 1766M->1766M(4096M) 0.128ms
[2014.482s][info][gc,cpu         ] GC(339) User=0.00s Sys=0.00s Real=0.00s
[2014.482s][info][gc,marking     ] GC(339) Concurrent Clear Claimed Marks
[2014.482s][info][gc,marking     ] GC(339) Concurrent Clear Claimed Marks 0.027ms
[2014.482s][info][gc,marking     ] GC(339) Concurrent Cleanup for Next Mark
[2014.485s][info][gc,marking     ] GC(339) Concurrent Cleanup for Next Mark 3.211ms
[2014.485s][info][gc             ] GC(339) Concurrent Mark Cycle 957.181ms
.....[2019.899s][info][gc,start       ] GC(340) Pause Young (Prepare Mixed) (G1 Evacuation Pause)
[2019.899s][info][gc,task        ] GC(340) Using 6 workers of 6 for evacuation
[2020.014s][info][gc,phases      ] GC(340)   Pre Evacuate Collection Set: 0.36ms
[2020.014s][info][gc,phases      ] GC(340)   Merge Heap Roots: 0.53ms
[2020.014s][info][gc,phases      ] GC(340)   Evacuate Collection Set: 113.77ms
[2020.014s][info][gc,phases      ] GC(340)   Post Evacuate Collection Set: 1.02ms
[2020.014s][info][gc,phases      ] GC(340)   Other: 0.09ms
[2020.014s][info][gc,heap        ] GC(340) Eden regions: 1119->0(1115)
[2020.014s][info][gc,heap        ] GC(340) Survivor regions: 109->108(154)
[2020.014s][info][gc,heap        ] GC(340) Old regions: 503->534
[2020.014s][info][gc,heap        ] GC(340) Humongous regions: 80->80
[2020.014s][info][gc,metaspace   ] GC(340) Metaspace: 28920K(29184K)->28920K(29184K) NonClass: 24037K(24128K)->24037K(24128K) Class: 4882K(5056K)->4882K(5056K)
[2020.014s][info][gc             ] GC(340) Pause Young (Prepare Mixed) (G1 Evacuation Pause) 3621M->1443M(4096M) 115.912ms
[2020.015s][info][gc,cpu         ] GC(340) User=0.69s Sys=0.01s Real=0.11s
.......[2026.385s][info][gc,start       ] GC(341) Pause Young (Mixed) (G1 Evacuation Pause)
[2026.385s][info][gc,task        ] GC(341) Using 6 workers of 6 for evacuation
[2026.519s][info][gc,phases      ] GC(341)   Pre Evacuate Collection Set: 0.40ms
[2026.520s][info][gc,phases      ] GC(341)   Merge Heap Roots: 0.76ms
[2026.520s][info][gc,phases      ] GC(341)   Evacuate Collection Set: 132.46ms
[2026.520s][info][gc,phases      ] GC(341)   Post Evacuate Collection Set: 0.99ms
[2026.520s][info][gc,phases      ] GC(341)   Other: 0.09ms
[2026.520s][info][gc,heap        ] GC(341) Eden regions: 1115->0(1121)
[2026.520s][info][gc,heap        ] GC(341) Survivor regions: 108->107(153)
[2026.520s][info][gc,heap        ] GC(341) Old regions: 534->469
[2026.520s][info][gc,heap        ] GC(341) Humongous regions: 80->80
[2026.520s][info][gc,metaspace   ] GC(341) Metaspace: 28920K(29184K)->28920K(29184K) NonClass: 24037K(24128K)->24037K(24128K) Class: 4882K(5056K)->4882K(5056K)
[2026.520s][info][gc             ] GC(341) Pause Young (Mixed) (G1 Evacuation Pause) 3673M->1310M(4096M) 134.864ms
[2026.520s][info][gc,cpu         ] GC(341) User=0.80s Sys=0.00s Real=0.14s
......[2032.830s][info][gc,start       ] GC(342) Pause Young (Concurrent Start) (G1 Evacuation Pause)
[2032.830s][info][gc,task        ] GC(342) Using 6 workers of 6 for evacuation
[2032.946s][info][gc,phases      ] GC(342)   Pre Evacuate Collection Set: 0.42ms
[2032.946s][info][gc,phases      ] GC(342)   Merge Heap Roots: 0.51ms
[2032.946s][info][gc,phases      ] GC(342)   Evacuate Collection Set: 114.27ms
[2032.946s][info][gc,phases      ] GC(342)   Post Evacuate Collection Set: 0.90ms
[2032.946s][info][gc,phases      ] GC(342)   Other: 0.14ms
[2032.946s][info][gc,heap        ] GC(342) Eden regions: 1121->0(1120)
[2032.946s][info][gc,heap        ] GC(342) Survivor regions: 107->108(154)
[2032.946s][info][gc,heap        ] GC(342) Old regions: 469->501
[2032.946s][info][gc,heap        ] GC(342) Humongous regions: 80->80
[2032.946s][info][gc,metaspace   ] GC(342) Metaspace: 28920K(29184K)->28920K(29184K) NonClass: 24037K(24128K)->24037K(24128K) Class: 4882K(5056K)->4882K(5056K)
[2032.946s][info][gc             ] GC(342) Pause Young (Concurrent Start) (G1 Evacuation Pause) 3552M->1376M(4096M) 116.371ms
[2032.946s][info][gc             ] GC(343) Concurrent Mark Cycle
[2032.946s][info][gc,marking     ] GC(343) Concurrent Scan Root Regions
[2032.946s][info][gc,cpu         ] GC(342) User=0.69s Sys=0.01s Real=0.11s
[2033.085s][info][gc,marking     ] GC(343) Concurrent Scan Root Regions 138.847ms
[2033.085s][info][gc,marking     ] GC(343) Concurrent Mark
[2033.085s][info][gc,marking     ] GC(343) Concurrent Mark From Roots
[2033.085s][info][gc,task        ] GC(343) Using 2 workers of 2 for marking
.[2033.696s][info][gc,marking     ] GC(343) Concurrent Mark From Roots 610.652ms
[2033.696s][info][gc,marking     ] GC(343) Concurrent Preclean
[2033.696s][info][gc,marking     ] GC(343) Concurrent Preclean 0.043ms
[2033.696s][info][gc,start       ] GC(343) Pause Remark
[2033.699s][info][gc             ] GC(343) Pause Remark 1663M->1663M(4096M) 2.933ms
[2033.699s][info][gc,cpu         ] GC(343) User=0.02s Sys=0.00s Real=0.01s
[2033.699s][info][gc,marking     ] GC(343) Concurrent Mark 613.892ms
[2033.699s][info][gc,marking     ] GC(343) Concurrent Rebuild Remembered Sets and Scrub Regions
[2033.941s][info][gc,marking     ] GC(343) Concurrent Rebuild Remembered Sets and Scrub Regions 242.224ms
[2033.941s][info][gc,start       ] GC(343) Pause Cleanup
[2033.941s][info][gc             ] GC(343) Pause Cleanup 1742M->1742M(4096M) 0.118ms
[2033.941s][info][gc,cpu         ] GC(343) User=0.00s Sys=0.00s Real=0.00s
[2033.941s][info][gc,marking     ] GC(343) Concurrent Clear Claimed Marks
[2033.941s][info][gc,marking     ] GC(343) Concurrent Clear Claimed Marks 0.029ms
[2033.941s][info][gc,marking     ] GC(343) Concurrent Cleanup for Next Mark
[2033.945s][info][gc,marking     ] GC(343) Concurrent Cleanup for Next Mark 3.655ms
[2033.945s][info][gc             ] GC(343) Concurrent Mark Cycle 999.155ms
......[2039.369s][info][gc,start       ] GC(344) Pause Young (Prepare Mixed) (G1 Evacuation Pause)
[2039.369s][info][gc,task        ] GC(344) Using 6 workers of 6 for evacuation
[2039.489s][info][gc,phases      ] GC(344)   Pre Evacuate Collection Set: 0.38ms
[2039.489s][info][gc,phases      ] GC(344)   Merge Heap Roots: 0.53ms
[2039.489s][info][gc,phases      ] GC(344)   Evacuate Collection Set: 117.61ms
[2039.489s][info][gc,phases      ] GC(344)   Post Evacuate Collection Set: 0.99ms
[2039.489s][info][gc,phases      ] GC(344)   Other: 0.08ms
[2039.489s][info][gc,heap        ] GC(344) Eden regions: 1120->0(1112)
[2039.489s][info][gc,heap        ] GC(344) Survivor regions: 108->110(154)
[2039.489s][info][gc,heap        ] GC(344) Old regions: 501->533
[2039.489s][info][gc,heap        ] GC(344) Humongous regions: 80->80
[2039.489s][info][gc,metaspace   ] GC(344) Metaspace: 28920K(29184K)->28920K(29184K) NonClass: 24037K(24128K)->24037K(24128K) Class: 4882K(5056K)->4882K(5056K)
[2039.489s][info][gc             ] GC(344) Pause Young (Prepare Mixed) (G1 Evacuation Pause) 3616M->1443M(4096M) 119.752ms
[2039.489s][info][gc,cpu         ] GC(344) User=0.71s Sys=0.00s Real=0.12s
......[2045.820s][info][gc,start       ] GC(345) Pause Young (Mixed) (G1 Evacuation Pause)
[2045.820s][info][gc,task        ] GC(345) Using 6 workers of 6 for evacuation
[2045.955s][info][gc,phases      ] GC(345)   Pre Evacuate Collection Set: 0.39ms
[2045.955s][info][gc,phases      ] GC(345)   Merge Heap Roots: 0.76ms
[2045.955s][info][gc,phases      ] GC(345)   Evacuate Collection Set: 132.38ms
[2045.955s][info][gc,phases      ] GC(345)   Post Evacuate Collection Set: 0.99ms
[2045.955s][info][gc,phases      ] GC(345)   Other: 0.10ms
[2045.955s][info][gc,heap        ] GC(345) Eden regions: 1112->0(1120)
[2045.955s][info][gc,heap        ] GC(345) Survivor regions: 110->108(153)
[2045.955s][info][gc,heap        ] GC(345) Old regions: 533->470
[2045.955s][info][gc,heap        ] GC(345) Humongous regions: 80->80
[2045.955s][info][gc,metaspace   ] GC(345) Metaspace: 28920K(29184K)->28920K(29184K) NonClass: 24037K(24128K)->24037K(24128K) Class: 4882K(5056K)->4882K(5056K)
[2045.955s][info][gc             ] GC(345) Pause Young (Mixed) (G1 Evacuation Pause) 3667M->1315M(4096M) 134.761ms
[2045.955s][info][gc,cpu         ] GC(345) User=0.80s Sys=0.00s Real=0.13s
.......[2052.324s][info][gc,start       ] GC(346) Pause Young (Concurrent Start) (G1 Evacuation Pause)
[2052.324s][info][gc,task        ] GC(346) Using 6 workers of 6 for evacuation
[2052.444s][info][gc,phases      ] GC(346)   Pre Evacuate Collection Set: 0.43ms
[2052.444s][info][gc,phases      ] GC(346)   Merge Heap Roots: 0.49ms
[2052.444s][info][gc,phases      ] GC(346)   Evacuate Collection Set: 118.44ms
[2052.444s][info][gc,phases      ] GC(346)   Post Evacuate Collection Set: 0.91ms
[2052.444s][info][gc,phases      ] GC(346)   Other: 0.10ms
[2052.444s][info][gc,heap        ] GC(346) Eden regions: 1120->0(1117)
[2052.444s][info][gc,heap        ] GC(346) Survivor regions: 108->111(154)
[2052.444s][info][gc,heap        ] GC(346) Old regions: 470->502
[2052.444s][info][gc,heap        ] GC(346) Humongous regions: 80->80
[2052.444s][info][gc,metaspace   ] GC(346) Metaspace: 28920K(29184K)->28920K(29184K) NonClass: 24037K(24128K)->24037K(24128K) Class: 4882K(5056K)->4882K(5056K)
[2052.444s][info][gc             ] GC(346) Pause Young (Concurrent Start) (G1 Evacuation Pause) 3555M->1384M(4096M) 120.506ms
[2052.444s][info][gc             ] GC(347) Concurrent Mark Cycle
[2052.444s][info][gc,marking     ] GC(347) Concurrent Scan Root Regions
[2052.444s][info][gc,cpu         ] GC(346) User=0.71s Sys=0.00s Real=0.12s
[2052.605s][info][gc,marking     ] GC(347) Concurrent Scan Root Regions 160.379ms
[2052.605s][info][gc,marking     ] GC(347) Concurrent Mark
[2052.605s][info][gc,marking     ] GC(347) Concurrent Mark From Roots
[2052.605s][info][gc,task        ] GC(347) Using 2 workers of 2 for marking
[2053.223s][info][gc,marking     ] GC(347) Concurrent Mark From Roots 618.171ms
[2053.223s][info][gc,marking     ] GC(347) Concurrent Preclean
[2053.223s][info][gc,marking     ] GC(347) Concurrent Preclean 0.066ms
[2053.223s][info][gc,start       ] GC(347) Pause Remark
[2053.227s][info][gc             ] GC(347) Pause Remark 1693M->1693M(4096M) 3.124ms
[2053.227s][info][gc,cpu         ] GC(347) User=0.01s Sys=0.00s Real=0.00s
[2053.227s][info][gc,marking     ] GC(347) Concurrent Mark 622.367ms
[2053.227s][info][gc,marking     ] GC(347) Concurrent Rebuild Remembered Sets and Scrub Regions
.[2053.473s][info][gc,marking     ] GC(347) Concurrent Rebuild Remembered Sets and Scrub Regions 245.555ms
[2053.473s][info][gc,start       ] GC(347) Pause Cleanup
[2053.473s][info][gc             ] GC(347) Pause Cleanup 1791M->1791M(4096M) 0.115ms
[2053.473s][info][gc,cpu         ] GC(347) User=0.00s Sys=0.00s Real=0.00s
[2053.473s][info][gc,marking     ] GC(347) Concurrent Clear Claimed Marks
[2053.473s][info][gc,marking     ] GC(347) Concurrent Clear Claimed Marks 0.031ms
[2053.473s][info][gc,marking     ] GC(347) Concurrent Cleanup for Next Mark
[2053.477s][info][gc,marking     ] GC(347) Concurrent Cleanup for Next Mark 3.722ms
[2053.477s][info][gc             ] GC(347) Concurrent Mark Cycle 1032.496ms
... (rIR:aIR:PR = 2906:2909:2909) (tPR = 43311) [OK] 
  2056s: Performance info:
         Transaction,    Success,    Partial,     Failed,   Receipts, AvgBarcode, 
             Overall,     174635,          0,          0,     165902,      59.47, 
         Response times:
             Request,    Success,    Partial,     Failed,   SkipFail,     Probes,    Samples,      min,      p50,      p90,      p95,      p99,      max, 
       TotalPurchase,     165908,          0,          0,          0,     162296,     179429,      300,     2500,     4000,     4800,    21700,   212000,
     InStorePurchase,      87302,          0,          0,          0,      85668,      94614,      300,     2400,     3900,     4800,    21000,   140000,
      OnlinePurchase,      61132,          0,          0,          0,      59851,      66043,      300,     2500,     4000,     4900,    22000,   212000,
        InstPurchase,      17474,          0,          0,          0,      16777,      18772,      400,     2600,     4000,     4900,    22000,   161000,
          AssocOfCat,        173,          0,          0,          0,        120,        192,    19600,    26000,    37000,    44000,    74350,    79000,
      AssocOfProduct,       1742,          0,          0,          0,       1596,       1953,      600,     2200,     3700,     4600,    12598,    38000,
      BusinessReport,        437,          0,          0,          0,        368,        476,    20000,    29000,    39000,    47300,   152000,   169000,
          CustBuyBeh,       1743,          0,          0,          0,       1538,       1888,      500,     2700,     4100,     5200,    22000,   139000,
       ProductReturn,       4638,          0,          0,          0,       4347,       5033,      200,     1600,     3400,     4100,    15732,   139000,

  2056s: (22%)   IR =   3044 ..[2058.730s][info][gc,start       ] GC(348) Pause Young (Prepare Mixed) (G1 Evacuation Pause)
[2058.730s][info][gc,task        ] GC(348) Using 6 workers of 6 for evacuation
[2058.848s][info][gc,phases      ] GC(348)   Pre Evacuate Collection Set: 0.34ms
[2058.848s][info][gc,phases      ] GC(348)   Merge Heap Roots: 0.59ms
[2058.848s][info][gc,phases      ] GC(348)   Evacuate Collection Set: 116.25ms
[2058.848s][info][gc,phases      ] GC(348)   Post Evacuate Collection Set: 0.98ms
[2058.848s][info][gc,phases      ] GC(348)   Other: 0.09ms
[2058.848s][info][gc,heap        ] GC(348) Eden regions: 1117->0(1111)
[2058.848s][info][gc,heap        ] GC(348) Survivor regions: 111->110(154)
[2058.848s][info][gc,heap        ] GC(348) Old regions: 502->534
[2058.848s][info][gc,heap        ] GC(348) Humongous regions: 80->80
[2058.848s][info][gc,metaspace   ] GC(348) Metaspace: 28920K(29184K)->28920K(29184K) NonClass: 24037K(24128K)->24037K(24128K) Class: 4882K(5056K)->4882K(5056K)
[2058.848s][info][gc             ] GC(348) Pause Young (Prepare Mixed) (G1 Evacuation Pause) 3618M->1445M(4096M) 118.409ms
[2058.848s][info][gc,cpu         ] GC(348) User=0.70s Sys=0.01s Real=0.12s
...|...[2064.895s][info][gc,start       ] GC(349) Pause Young (Mixed) (G1 Evacuation Pause)
[2064.895s][info][gc,task        ] GC(349) Using 6 workers of 6 for evacuation
[2065.033s][info][gc,phases      ] GC(349)   Pre Evacuate Collection Set: 0.39ms
[2065.033s][info][gc,phases      ] GC(349)   Merge Heap Roots: 0.70ms
[2065.033s][info][gc,phases      ] GC(349)   Evacuate Collection Set: 135.48ms
[2065.033s][info][gc,phases      ] GC(349)   Post Evacuate Collection Set: 1.00ms
[2065.033s][info][gc,phases      ] GC(349)   Other: 0.09ms
[2065.033s][info][gc,heap        ] GC(349) Eden regions: 1111->0(1117)
[2065.033s][info][gc,heap        ] GC(349) Survivor regions: 110->111(153)
[2065.033s][info][gc,heap        ] GC(349) Old regions: 534->470
[2065.033s][info][gc,heap        ] GC(349) Humongous regions: 80->80
[2065.033s][info][gc,metaspace   ] GC(349) Metaspace: 28920K(29184K)->28920K(29184K) NonClass: 24037K(24128K)->24037K(24128K) Class: 4882K(5056K)->4882K(5056K)
[2065.033s][info][gc             ] GC(349) Pause Young (Mixed) (G1 Evacuation Pause) 3667M->1320M(4096M) 137.787ms
[2065.033s][info][gc,cpu         ] GC(349) User=0.82s Sys=0.00s Real=0.14s
......[2071.121s][info][gc,start       ] GC(350) Pause Young (Concurrent Start) (G1 Evacuation Pause)
[2071.121s][info][gc,task        ] GC(350) Using 6 workers of 6 for evacuation
[2071.239s][info][gc,phases      ] GC(350)   Pre Evacuate Collection Set: 0.42ms
[2071.239s][info][gc,phases      ] GC(350)   Merge Heap Roots: 0.52ms
[2071.239s][info][gc,phases      ] GC(350)   Evacuate Collection Set: 115.72ms
[2071.239s][info][gc,phases      ] GC(350)   Post Evacuate Collection Set: 0.92ms
[2071.239s][info][gc,phases      ] GC(350)   Other: 0.11ms
[2071.239s][info][gc,heap        ] GC(350) Eden regions: 1117->0(1120)
[2071.239s][info][gc,heap        ] GC(350) Survivor regions: 111->108(154)
[2071.239s][info][gc,heap        ] GC(350) Old regions: 470->502
[2071.239s][info][gc,heap        ] GC(350) Humongous regions: 80->80
[2071.239s][info][gc,metaspace   ] GC(350) Metaspace: 28920K(29184K)->28920K(29184K) NonClass: 24037K(24128K)->24037K(24128K) Class: 4882K(5056K)->4882K(5056K)
[2071.239s][info][gc             ] GC(350) Pause Young (Concurrent Start) (G1 Evacuation Pause) 3554M->1379M(4096M) 117.849ms
[2071.239s][info][gc             ] GC(351) Concurrent Mark Cycle
[2071.239s][info][gc,marking     ] GC(351) Concurrent Scan Root Regions
[2071.239s][info][gc,cpu         ] GC(350) User=0.70s Sys=0.00s Real=0.12s
.[2071.396s][info][gc,marking     ] GC(351) Concurrent Scan Root Regions 156.982ms
[2071.396s][info][gc,marking     ] GC(351) Concurrent Mark
[2071.396s][info][gc,marking     ] GC(351) Concurrent Mark From Roots
[2071.396s][info][gc,task        ] GC(351) Using 2 workers of 2 for marking
[2072.037s][info][gc,marking     ] GC(351) Concurrent Mark From Roots 640.866ms
[2072.037s][info][gc,marking     ] GC(351) Concurrent Preclean
[2072.037s][info][gc,marking     ] GC(351) Concurrent Preclean 0.054ms
[2072.037s][info][gc,start       ] GC(351) Pause Remark
[2072.040s][info][gc             ] GC(351) Pause Remark 1719M->1719M(4096M) 3.108ms
[2072.040s][info][gc,cpu         ] GC(351) User=0.01s Sys=0.00s Real=0.00s
[2072.040s][info][gc,marking     ] GC(351) Concurrent Mark 644.309ms
[2072.040s][info][gc,marking     ] GC(351) Concurrent Rebuild Remembered Sets and Scrub Regions
.[2072.401s][info][gc,marking     ] GC(351) Concurrent Rebuild Remembered Sets and Scrub Regions 360.741ms
[2072.401s][info][gc,start       ] GC(351) Pause Cleanup
[2072.401s][info][gc             ] GC(351) Pause Cleanup 1845M->1845M(4096M) 0.118ms
[2072.401s][info][gc,cpu         ] GC(351) User=0.00s Sys=0.00s Real=0.00s
[2072.401s][info][gc,marking     ] GC(351) Concurrent Clear Claimed Marks
[2072.401s][info][gc,marking     ] GC(351) Concurrent Clear Claimed Marks 0.028ms
[2072.401s][info][gc,marking     ] GC(351) Concurrent Cleanup for Next Mark
[2072.405s][info][gc,marking     ] GC(351) Concurrent Cleanup for Next Mark 3.326ms
[2072.405s][info][gc             ] GC(351) Concurrent Mark Cycle 1165.837ms
....[2077.269s][info][gc,start       ] GC(352) Pause Young (Prepare Mixed) (G1 Evacuation Pause)
[2077.269s][info][gc,task        ] GC(352) Using 6 workers of 6 for evacuation
[2077.385s][info][gc,phases      ] GC(352)   Pre Evacuate Collection Set: 0.36ms
[2077.385s][info][gc,phases      ] GC(352)   Merge Heap Roots: 0.54ms
[2077.385s][info][gc,phases      ] GC(352)   Evacuate Collection Set: 114.22ms
[2077.385s][info][gc,phases      ] GC(352)   Post Evacuate Collection Set: 1.00ms
[2077.385s][info][gc,phases      ] GC(352)   Other: 0.08ms
[2077.385s][info][gc,heap        ] GC(352) Eden regions: 1120->0(1113)
[2077.385s][info][gc,heap        ] GC(352) Survivor regions: 108->109(154)
[2077.385s][info][gc,heap        ] GC(352) Old regions: 502->534
[2077.385s][info][gc,heap        ] GC(352) Humongous regions: 80->80
[2077.385s][info][gc,metaspace   ] GC(352) Metaspace: 28920K(29184K)->28920K(29184K) NonClass: 24037K(24128K)->24037K(24128K) Class: 4882K(5056K)->4882K(5056K)
[2077.385s][info][gc             ] GC(352) Pause Young (Prepare Mixed) (G1 Evacuation Pause) 3619M->1443M(4096M) 116.319ms
[2077.386s][info][gc,cpu         ] GC(352) User=0.69s Sys=0.00s Real=0.11s
.......[2083.423s][info][gc,start       ] GC(353) Pause Young (Mixed) (G1 Evacuation Pause)
[2083.423s][info][gc,task        ] GC(353) Using 6 workers of 6 for evacuation
[2083.558s][info][gc,phases      ] GC(353)   Pre Evacuate Collection Set: 0.43ms
[2083.558s][info][gc,phases      ] GC(353)   Merge Heap Roots: 0.79ms
[2083.558s][info][gc,phases      ] GC(353)   Evacuate Collection Set: 131.81ms
[2083.558s][info][gc,phases      ] GC(353)   Post Evacuate Collection Set: 1.00ms
[2083.558s][info][gc,phases      ] GC(353)   Other: 0.09ms
[2083.558s][info][gc,heap        ] GC(353) Eden regions: 1113->0(1121)
[2083.558s][info][gc,heap        ] GC(353) Survivor regions: 109->107(153)
[2083.558s][info][gc,heap        ] GC(353) Old regions: 534->470
[2083.558s][info][gc,heap        ] GC(353) Humongous regions: 80->80
[2083.558s][info][gc,metaspace   ] GC(353) Metaspace: 28920K(29184K)->28920K(29184K) NonClass: 24037K(24128K)->24037K(24128K) Class: 4882K(5056K)->4882K(5056K)
[2083.558s][info][gc             ] GC(353) Pause Young (Mixed) (G1 Evacuation Pause) 3669M->1312M(4096M) 134.248ms
[2083.558s][info][gc,cpu         ] GC(353) User=0.80s Sys=0.00s Real=0.14s
......[2089.646s][info][gc,start       ] GC(354) Pause Young (Concurrent Start) (G1 Evacuation Pause)
[2089.646s][info][gc,task        ] GC(354) Using 6 workers of 6 for evacuation
[2089.762s][info][gc,phases      ] GC(354)   Pre Evacuate Collection Set: 0.43ms
[2089.762s][info][gc,phases      ] GC(354)   Merge Heap Roots: 0.53ms
[2089.762s][info][gc,phases      ] GC(354)   Evacuate Collection Set: 114.64ms
[2089.762s][info][gc,phases      ] GC(354)   Post Evacuate Collection Set: 0.91ms
[2089.762s][info][gc,phases      ] GC(354)   Other: 0.10ms
[2089.762s][info][gc,heap        ] GC(354) Eden regions: 1121->0(1120)
[2089.762s][info][gc,heap        ] GC(354) Survivor regions: 107->108(154)
[2089.762s][info][gc,heap        ] GC(354) Old regions: 470->502
[2089.762s][info][gc,heap        ] GC(354) Humongous regions: 80->80
[2089.762s][info][gc,metaspace   ] GC(354) Metaspace: 28920K(29184K)->28920K(29184K) NonClass: 24037K(24128K)->24037K(24128K) Class: 4882K(5056K)->4882K(5056K)
[2089.762s][info][gc             ] GC(354) Pause Young (Concurrent Start) (G1 Evacuation Pause) 3554M->1378M(4096M) 116.753ms
[2089.762s][info][gc             ] GC(355) Concurrent Mark Cycle
[2089.762s][info][gc,marking     ] GC(355) Concurrent Scan Root Regions
[2089.762s][info][gc,cpu         ] GC(354) User=0.69s Sys=0.00s Real=0.12s
[2089.932s][info][gc,marking     ] GC(355) Concurrent Scan Root Regions 169.445ms
[2089.932s][info][gc,marking     ] GC(355) Concurrent Mark
[2089.932s][info][gc,marking     ] GC(355) Concurrent Mark From Roots
[2089.932s][info][gc,task        ] GC(355) Using 2 workers of 2 for marking
.[2090.897s][info][gc,marking     ] GC(355) Concurrent Mark From Roots 964.926ms
[2090.897s][info][gc,marking     ] GC(355) Concurrent Preclean
[2090.897s][info][gc,marking     ] GC(355) Concurrent Preclean 0.069ms
[2090.897s][info][gc,start       ] GC(355) Pause Remark
[2090.900s][info][gc             ] GC(355) Pause Remark 1818M->1818M(4096M) 3.415ms
[2090.900s][info][gc,cpu         ] GC(355) User=0.02s Sys=0.00s Real=0.00s
[2090.901s][info][gc,marking     ] GC(355) Concurrent Mark 968.757ms
[2090.901s][info][gc,marking     ] GC(355) Concurrent Rebuild Remembered Sets and Scrub Regions
[2091.258s][info][gc,marking     ] GC(355) Concurrent Rebuild Remembered Sets and Scrub Regions 357.118ms
[2091.258s][info][gc,start       ] GC(355) Pause Cleanup
[2091.258s][info][gc             ] GC(355) Pause Cleanup 1960M->1960M(4096M) 0.122ms
[2091.258s][info][gc,cpu         ] GC(355) User=0.00s Sys=0.00s Real=0.00s
[2091.258s][info][gc,marking     ] GC(355) Concurrent Clear Claimed Marks
[2091.258s][info][gc,marking     ] GC(355) Concurrent Clear Claimed Marks 0.027ms
[2091.258s][info][gc,marking     ] GC(355) Concurrent Cleanup for Next Mark
[2091.261s][info][gc,marking     ] GC(355) Concurrent Cleanup for Next Mark 3.329ms
[2091.261s][info][gc             ] GC(355) Concurrent Mark Cycle 1499.146ms
.....[2095.889s][info][gc,start       ] GC(356) Pause Young (Prepare Mixed) (G1 Evacuation Pause)
[2095.889s][info][gc,task        ] GC(356) Using 6 workers of 6 for evacuation
[2096.006s][info][gc,phases      ] GC(356)   Pre Evacuate Collection Set: 0.38ms
[2096.006s][info][gc,phases      ] GC(356)   Merge Heap Roots: 0.54ms
[2096.006s][info][gc,phases      ] GC(356)   Evacuate Collection Set: 114.84ms
[2096.006s][info][gc,phases      ] GC(356)   Post Evacuate Collection Set: 0.98ms
[2096.006s][info][gc,phases      ] GC(356)   Other: 0.10ms
[2096.006s][info][gc,heap        ] GC(356) Eden regions: 1120->0(1113)
[2096.006s][info][gc,heap        ] GC(356) Survivor regions: 108->109(154)
[2096.006s][info][gc,heap        ] GC(356) Old regions: 502->534
[2096.006s][info][gc,heap        ] GC(356) Humongous regions: 80->80
[2096.006s][info][gc,metaspace   ] GC(356) Metaspace: 28920K(29184K)->28920K(29184K) NonClass: 24037K(24128K)->24037K(24128K) Class: 4882K(5056K)->4882K(5056K)
[2096.006s][info][gc             ] GC(356) Pause Young (Prepare Mixed) (G1 Evacuation Pause) 3618M->1444M(4096M) 116.967ms
[2096.006s][info][gc,cpu         ] GC(356) User=0.69s Sys=0.00s Real=0.11s
......[2101.935s][info][gc,start       ] GC(357) Pause Young (Mixed) (G1 Evacuation Pause)
[2101.935s][info][gc,task        ] GC(357) Using 6 workers of 6 for evacuation
[2102.068s][info][gc,phases      ] GC(357)   Pre Evacuate Collection Set: 0.42ms
[2102.068s][info][gc,phases      ] GC(357)   Merge Heap Roots: 0.70ms
[2102.068s][info][gc,phases      ] GC(357)   Evacuate Collection Set: 131.19ms
[2102.068s][info][gc,phases      ] GC(357)   Post Evacuate Collection Set: 0.99ms
[2102.068s][info][gc,phases      ] GC(357)   Other: 0.09ms
[2102.068s][info][gc,heap        ] GC(357) Eden regions: 1113->0(1120)
[2102.068s][info][gc,heap        ] GC(357) Survivor regions: 109->108(153)
[2102.068s][info][gc,heap        ] GC(357) Old regions: 534->471
[2102.068s][info][gc,heap        ] GC(357) Humongous regions: 80->80
[2102.068s][info][gc,metaspace   ] GC(357) Metaspace: 28920K(29184K)->28920K(29184K) NonClass: 24037K(24128K)->24037K(24128K) Class: 4882K(5056K)->4882K(5056K)
[2102.068s][info][gc             ] GC(357) Pause Young (Mixed) (G1 Evacuation Pause) 3670M->1317M(4096M) 133.513ms
[2102.068s][info][gc,cpu         ] GC(357) User=0.79s Sys=0.00s Real=0.14s
......[2108.215s][info][gc,start       ] GC(358) Pause Young (Concurrent Start) (G1 Evacuation Pause)
[2108.215s][info][gc,task        ] GC(358) Using 6 workers of 6 for evacuation
[2108.333s][info][gc,phases      ] GC(358)   Pre Evacuate Collection Set: 0.40ms
[2108.333s][info][gc,phases      ] GC(358)   Merge Heap Roots: 0.52ms
[2108.333s][info][gc,phases      ] GC(358)   Evacuate Collection Set: 116.29ms
[2108.333s][info][gc,phases      ] GC(358)   Post Evacuate Collection Set: 0.91ms
[2108.333s][info][gc,phases      ] GC(358)   Other: 0.15ms
[2108.333s][info][gc,heap        ] GC(358) Eden regions: 1120->0(1120)
[2108.333s][info][gc,heap        ] GC(358) Survivor regions: 108->108(154)
[2108.333s][info][gc,heap        ] GC(358) Old regions: 471->503
[2108.333s][info][gc,heap        ] GC(358) Humongous regions: 80->80
[2108.333s][info][gc,metaspace   ] GC(358) Metaspace: 28920K(29184K)->28920K(29184K) NonClass: 24037K(24128K)->24037K(24128K) Class: 4882K(5056K)->4882K(5056K)
[2108.333s][info][gc             ] GC(358) Pause Young (Concurrent Start) (G1 Evacuation Pause) 3557M->1381M(4096M) 118.409ms
[2108.333s][info][gc             ] GC(359) Concurrent Mark Cycle
[2108.334s][info][gc,marking     ] GC(359) Concurrent Scan Root Regions
[2108.334s][info][gc,cpu         ] GC(358) User=0.70s Sys=0.00s Real=0.12s
.[2108.461s][info][gc,marking     ] GC(359) Concurrent Scan Root Regions 127.713ms
[2108.461s][info][gc,marking     ] GC(359) Concurrent Mark
[2108.461s][info][gc,marking     ] GC(359) Concurrent Mark From Roots
[2108.461s][info][gc,task        ] GC(359) Using 2 workers of 2 for marking
[2109.052s][info][gc,marking     ] GC(359) Concurrent Mark From Roots 590.918ms
[2109.052s][info][gc,marking     ] GC(359) Concurrent Preclean
[2109.052s][info][gc,marking     ] GC(359) Concurrent Preclean 0.056ms
[2109.052s][info][gc,start       ] GC(359) Pause Remark
[2109.055s][info][gc             ] GC(359) Pause Remark 1657M->1657M(4096M) 2.827ms
[2109.055s][info][gc,cpu         ] GC(359) User=0.02s Sys=0.00s Real=0.00s
[2109.055s][info][gc,marking     ] GC(359) Concurrent Mark 594.044ms
[2109.055s][info][gc,marking     ] GC(359) Concurrent Rebuild Remembered Sets and Scrub Regions
[2109.280s][info][gc,marking     ] GC(359) Concurrent Rebuild Remembered Sets and Scrub Regions 224.514ms
[2109.281s][info][gc,start       ] GC(359) Pause Cleanup
[2109.281s][info][gc             ] GC(359) Pause Cleanup 1736M->1736M(4096M) 0.132ms
[2109.281s][info][gc,cpu         ] GC(359) User=0.00s Sys=0.00s Real=0.00s
[2109.281s][info][gc,marking     ] GC(359) Concurrent Clear Claimed Marks
[2109.281s][info][gc,marking     ] GC(359) Concurrent Clear Claimed Marks 0.037ms
[2109.281s][info][gc,marking     ] GC(359) Concurrent Cleanup for Next Mark
[2109.285s][info][gc,marking     ] GC(359) Concurrent Cleanup for Next Mark 4.263ms
[2109.285s][info][gc             ] GC(359) Concurrent Mark Cycle 951.711ms
......[2114.460s][info][gc,start       ] GC(360) Pause Young (Prepare Mixed) (G1 Evacuation Pause)
[2114.460s][info][gc,task        ] GC(360) Using 6 workers of 6 for evacuation
[2114.576s][info][gc,phases      ] GC(360)   Pre Evacuate Collection Set: 0.39ms
[2114.576s][info][gc,phases      ] GC(360)   Merge Heap Roots: 0.52ms
[2114.576s][info][gc,phases      ] GC(360)   Evacuate Collection Set: 113.99ms
[2114.576s][info][gc,phases      ] GC(360)   Post Evacuate Collection Set: 0.97ms
[2114.576s][info][gc,phases      ] GC(360)   Other: 0.09ms
[2114.576s][info][gc,heap        ] GC(360) Eden regions: 1120->0(1115)
[2114.576s][info][gc,heap        ] GC(360) Survivor regions: 108->108(154)
[2114.576s][info][gc,heap        ] GC(360) Old regions: 503->534
[2114.576s][info][gc,heap        ] GC(360) Humongous regions: 80->80
[2114.576s][info][gc,metaspace   ] GC(360) Metaspace: 28920K(29184K)->28920K(29184K) NonClass: 24037K(24128K)->24037K(24128K) Class: 4882K(5056K)->4882K(5056K)
[2114.576s][info][gc             ] GC(360) Pause Young (Prepare Mixed) (G1 Evacuation Pause) 3621M->1442M(4096M) 116.094ms
[2114.577s][info][gc,cpu         ] GC(360) User=0.68s Sys=0.00s Real=0.11s
......[2120.628s][info][gc,start       ] GC(361) Pause Young (Mixed) (G1 Evacuation Pause)
[2120.628s][info][gc,task        ] GC(361) Using 6 workers of 6 for evacuation
[2120.759s][info][gc,phases      ] GC(361)   Pre Evacuate Collection Set: 0.41ms
[2120.759s][info][gc,phases      ] GC(361)   Merge Heap Roots: 0.73ms
[2120.759s][info][gc,phases      ] GC(361)   Evacuate Collection Set: 129.44ms
[2120.759s][info][gc,phases      ] GC(361)   Post Evacuate Collection Set: 0.98ms
[2120.759s][info][gc,phases      ] GC(361)   Other: 0.09ms
[2120.759s][info][gc,heap        ] GC(361) Eden regions: 1115->0(1120)
[2120.759s][info][gc,heap        ] GC(361) Survivor regions: 108->108(153)
[2120.759s][info][gc,heap        ] GC(361) Old regions: 534->471
[2120.759s][info][gc,heap        ] GC(361) Humongous regions: 80->80
[2120.759s][info][gc,metaspace   ] GC(361) Metaspace: 28920K(29184K)->28920K(29184K) NonClass: 24037K(24128K)->24037K(24128K) Class: 4882K(5056K)->4882K(5056K)
[2120.759s][info][gc             ] GC(361) Pause Young (Mixed) (G1 Evacuation Pause) 3672M->1316M(4096M) 131.781ms
[2120.759s][info][gc,cpu         ] GC(361) User=0.78s Sys=0.00s Real=0.13s
. (rIR:aIR:PR = 3044:3045:3045) (tPR = 45213) [OK] 
  2121s: Performance info:
         Transaction,    Success,    Partial,     Failed,   Receipts, AvgBarcode, 
             Overall,     183039,          0,          0,     173883,      59.48, 
         Response times:
             Request,    Success,    Partial,     Failed,   SkipFail,     Probes,    Samples,      min,      p50,      p90,      p95,      p99,      max, 
       TotalPurchase,     173883,          0,          0,          0,     170200,     185137,      300,     2600,     4200,     5200,    21000,   146000,
     InStorePurchase,      91568,          0,          0,          0,      89715,      97214,      300,     2700,     4200,     5300,    21000,   146000,
      OnlinePurchase,      64039,          0,          0,          0,      62710,      68327,      300,     2600,     4200,     5100,    19800,   143000,
        InstPurchase,      18276,          0,          0,          0,      17775,      19596,      400,     2500,     4100,     5100,    19400,   140000,
          AssocOfCat,        185,          0,          0,          0,        129,        186,    18000,    26000,    31000,    35300,    52730,    71000,
      AssocOfProduct,       1827,          0,          0,          0,       1662,       1941,     1000,     2900,     4500,     5500,    21000,   144000,
      BusinessReport,        456,          0,          0,          0,        380,        488,    19900,    28000,    39000,    44550,    69990,   188000,
          CustBuyBeh,       1826,          0,          0,          0,       1670,       1974,      200,     3000,     4550,     5600,    26500,   138000,
       ProductReturn,       4862,          0,          0,          0,       4549,       5130,      200,     1600,     3200,     3800,    16107,   143000,

  2121s: (23%)   IR =   3183 .....|[2126.665s][info][gc,start       ] GC(362) Pause Young (Concurrent Start) (G1 Evacuation Pause)
[2126.665s][info][gc,task        ] GC(362) Using 6 workers of 6 for evacuation
[2126.781s][info][gc,phases      ] GC(362)   Pre Evacuate Collection Set: 0.40ms
[2126.781s][info][gc,phases      ] GC(362)   Merge Heap Roots: 0.46ms
[2126.781s][info][gc,phases      ] GC(362)   Evacuate Collection Set: 113.81ms
[2126.781s][info][gc,phases      ] GC(362)   Post Evacuate Collection Set: 0.95ms
[2126.781s][info][gc,phases      ] GC(362)   Other: 0.13ms
[2126.781s][info][gc,heap        ] GC(362) Eden regions: 1120->0(1120)
[2126.781s][info][gc,heap        ] GC(362) Survivor regions: 108->108(154)
[2126.781s][info][gc,heap        ] GC(362) Old regions: 471->504
[2126.781s][info][gc,heap        ] GC(362) Humongous regions: 80->80
[2126.781s][info][gc,metaspace   ] GC(362) Metaspace: 28921K(29184K)->28921K(29184K) NonClass: 24039K(24128K)->24039K(24128K) Class: 4882K(5056K)->4882K(5056K)
[2126.781s][info][gc             ] GC(362) Pause Young (Concurrent Start) (G1 Evacuation Pause) 3556M->1381M(4096M) 115.861ms
[2126.781s][info][gc             ] GC(363) Concurrent Mark Cycle
[2126.781s][info][gc,marking     ] GC(363) Concurrent Scan Root Regions
[2126.781s][info][gc,cpu         ] GC(362) User=0.68s Sys=0.00s Real=0.12s
[2126.910s][info][gc,marking     ] GC(363) Concurrent Scan Root Regions 128.495ms
[2126.910s][info][gc,marking     ] GC(363) Concurrent Mark
[2126.910s][info][gc,marking     ] GC(363) Concurrent Mark From Roots
[2126.910s][info][gc,task        ] GC(363) Using 2 workers of 2 for marking
.[2127.500s][info][gc,marking     ] GC(363) Concurrent Mark From Roots 589.794ms
[2127.500s][info][gc,marking     ] GC(363) Concurrent Preclean
[2127.500s][info][gc,marking     ] GC(363) Concurrent Preclean 0.064ms
[2127.500s][info][gc,start       ] GC(363) Pause Remark
[2127.503s][info][gc             ] GC(363) Pause Remark 1694M->1694M(4096M) 3.186ms
[2127.503s][info][gc,cpu         ] GC(363) User=0.02s Sys=0.00s Real=0.00s
[2127.503s][info][gc,marking     ] GC(363) Concurrent Mark 593.313ms
[2127.503s][info][gc,marking     ] GC(363) Concurrent Rebuild Remembered Sets and Scrub Regions
[2127.729s][info][gc,marking     ] GC(363) Concurrent Rebuild Remembered Sets and Scrub Regions 226.131ms
[2127.729s][info][gc,start       ] GC(363) Pause Cleanup
[2127.730s][info][gc             ] GC(363) Pause Cleanup 1791M->1791M(4096M) 0.119ms
[2127.730s][info][gc,cpu         ] GC(363) User=0.00s Sys=0.00s Real=0.00s
[2127.730s][info][gc,marking     ] GC(363) Concurrent Clear Claimed Marks
[2127.730s][info][gc,marking     ] GC(363) Concurrent Clear Claimed Marks 0.028ms
[2127.730s][info][gc,marking     ] GC(363) Concurrent Cleanup for Next Mark
[2127.733s][info][gc,marking     ] GC(363) Concurrent Cleanup for Next Mark 3.205ms
[2127.733s][info][gc             ] GC(363) Concurrent Mark Cycle 951.656ms
.....[2132.574s][info][gc,start       ] GC(364) Pause Young (Prepare Mixed) (G1 Evacuation Pause)
[2132.574s][info][gc,task        ] GC(364) Using 6 workers of 6 for evacuation
[2132.691s][info][gc,phases      ] GC(364)   Pre Evacuate Collection Set: 0.40ms
[2132.691s][info][gc,phases      ] GC(364)   Merge Heap Roots: 0.65ms
[2132.691s][info][gc,phases      ] GC(364)   Evacuate Collection Set: 115.15ms
[2132.691s][info][gc,phases      ] GC(364)   Post Evacuate Collection Set: 0.95ms
[2132.691s][info][gc,phases      ] GC(364)   Other: 0.10ms
[2132.691s][info][gc,heap        ] GC(364) Eden regions: 1120->0(1113)
[2132.691s][info][gc,heap        ] GC(364) Survivor regions: 108->108(154)
[2132.691s][info][gc,heap        ] GC(364) Old regions: 504->536
[2132.691s][info][gc,heap        ] GC(364) Humongous regions: 80->80
[2132.691s][info][gc,metaspace   ] GC(364) Metaspace: 28921K(29184K)->28921K(29184K) NonClass: 24039K(24128K)->24039K(24128K) Class: 4882K(5056K)->4882K(5056K)
[2132.691s][info][gc             ] GC(364) Pause Young (Prepare Mixed) (G1 Evacuation Pause) 3621M->1446M(4096M) 117.396ms
[2132.691s][info][gc,cpu         ] GC(364) User=0.70s Sys=0.00s Real=0.12s
......[2138.503s][info][gc,start       ] GC(365) Pause Young (Mixed) (G1 Evacuation Pause)
[2138.503s][info][gc,task        ] GC(365) Using 6 workers of 6 for evacuation
[2138.636s][info][gc,phases      ] GC(365)   Pre Evacuate Collection Set: 0.43ms
[2138.636s][info][gc,phases      ] GC(365)   Merge Heap Roots: 0.80ms
[2138.636s][info][gc,phases      ] GC(365)   Evacuate Collection Set: 130.13ms
[2138.636s][info][gc,phases      ] GC(365)   Post Evacuate Collection Set: 0.96ms
[2138.636s][info][gc,phases      ] GC(365)   Other: 0.09ms
[2138.636s][info][gc,heap        ] GC(365) Eden regions: 1113->0(1120)
[2138.636s][info][gc,heap        ] GC(365) Survivor regions: 108->108(153)
[2138.636s][info][gc,heap        ] GC(365) Old regions: 536->471
[2138.636s][info][gc,heap        ] GC(365) Humongous regions: 80->80
[2138.636s][info][gc,metaspace   ] GC(365) Metaspace: 28921K(29184K)->28921K(29184K) NonClass: 24039K(24128K)->24039K(24128K) Class: 4882K(5056K)->4882K(5056K)
[2138.636s][info][gc             ] GC(365) Pause Young (Mixed) (G1 Evacuation Pause) 3672M->1316M(4096M) 132.544ms
[2138.636s][info][gc,cpu         ] GC(365) User=0.79s Sys=0.00s Real=0.13s
......[2144.482s][info][gc,start       ] GC(366) Pause Young (Concurrent Start) (G1 Evacuation Pause)
[2144.482s][info][gc,task        ] GC(366) Using 6 workers of 6 for evacuation
[2144.599s][info][gc,phases      ] GC(366)   Pre Evacuate Collection Set: 0.46ms
[2144.599s][info][gc,phases      ] GC(366)   Merge Heap Roots: 0.56ms
[2144.599s][info][gc,phases      ] GC(366)   Evacuate Collection Set: 114.96ms
[2144.599s][info][gc,phases      ] GC(366)   Post Evacuate Collection Set: 0.94ms
[2144.599s][info][gc,phases      ] GC(366)   Other: 0.12ms
[2144.599s][info][gc,heap        ] GC(366) Eden regions: 1120->0(1120)
[2144.599s][info][gc,heap        ] GC(366) Survivor regions: 108->108(154)
[2144.599s][info][gc,heap        ] GC(366) Old regions: 471->503
[2144.599s][info][gc,heap        ] GC(366) Humongous regions: 80->80
[2144.599s][info][gc,metaspace   ] GC(366) Metaspace: 28921K(29184K)->28921K(29184K) NonClass: 24039K(24128K)->24039K(24128K) Class: 4882K(5056K)->4882K(5056K)
[2144.599s][info][gc             ] GC(366) Pause Young (Concurrent Start) (G1 Evacuation Pause) 3556M->1381M(4096M) 117.188ms
[2144.599s][info][gc             ] GC(367) Concurrent Mark Cycle
[2144.599s][info][gc,marking     ] GC(367) Concurrent Scan Root Regions
[2144.599s][info][gc,cpu         ] GC(366) User=0.69s Sys=0.00s Real=0.12s
[2144.736s][info][gc,marking     ] GC(367) Concurrent Scan Root Regions 137.444ms
[2144.736s][info][gc,marking     ] GC(367) Concurrent Mark
[2144.736s][info][gc,marking     ] GC(367) Concurrent Mark From Roots
[2144.736s][info][gc,task        ] GC(367) Using 2 workers of 2 for marking
[2145.339s][info][gc,marking     ] GC(367) Concurrent Mark From Roots 602.166ms
[2145.339s][info][gc,marking     ] GC(367) Concurrent Preclean
[2145.339s][info][gc,marking     ] GC(367) Concurrent Preclean 0.048ms
[2145.339s][info][gc,start       ] GC(367) Pause Remark
[2145.342s][info][gc             ] GC(367) Pause Remark 1718M->1718M(4096M) 3.336ms
[2145.342s][info][gc,cpu         ] GC(367) User=0.02s Sys=0.00s Real=0.00s
[2145.342s][info][gc,marking     ] GC(367) Concurrent Mark 605.857ms
[2145.342s][info][gc,marking     ] GC(367) Concurrent Rebuild Remembered Sets and Scrub Regions
.[2145.567s][info][gc,marking     ] GC(367) Concurrent Rebuild Remembered Sets and Scrub Regions 224.504ms
[2145.567s][info][gc,start       ] GC(367) Pause Cleanup
[2145.567s][info][gc             ] GC(367) Pause Cleanup 1806M->1806M(4096M) 0.148ms
[2145.567s][info][gc,cpu         ] GC(367) User=0.00s Sys=0.00s Real=0.00s
[2145.567s][info][gc,marking     ] GC(367) Concurrent Clear Claimed Marks
[2145.567s][info][gc,marking     ] GC(367) Concurrent Clear Claimed Marks 0.041ms
[2145.567s][info][gc,marking     ] GC(367) Concurrent Cleanup for Next Mark
[2145.571s][info][gc,marking     ] GC(367) Concurrent Cleanup for Next Mark 3.804ms
[2145.571s][info][gc             ] GC(367) Concurrent Mark Cycle 972.199ms
....[2150.359s][info][gc,start       ] GC(368) Pause Young (Prepare Mixed) (G1 Evacuation Pause)
[2150.359s][info][gc,task        ] GC(368) Using 6 workers of 6 for evacuation
[2150.477s][info][gc,phases      ] GC(368)   Pre Evacuate Collection Set: 0.35ms
[2150.477s][info][gc,phases      ] GC(368)   Merge Heap Roots: 0.51ms
[2150.477s][info][gc,phases      ] GC(368)   Evacuate Collection Set: 116.09ms
[2150.477s][info][gc,phases      ] GC(368)   Post Evacuate Collection Set: 0.96ms
[2150.477s][info][gc,phases      ] GC(368)   Other: 0.08ms
[2150.477s][info][gc,heap        ] GC(368) Eden regions: 1120->0(1110)
[2150.477s][info][gc,heap        ] GC(368) Survivor regions: 108->110(154)
[2150.477s][info][gc,heap        ] GC(368) Old regions: 503->535
[2150.477s][info][gc,heap        ] GC(368) Humongous regions: 80->80
[2150.477s][info][gc,metaspace   ] GC(368) Metaspace: 28921K(29184K)->28921K(29184K) NonClass: 24039K(24128K)->24039K(24128K) Class: 4882K(5056K)->4882K(5056K)
[2150.477s][info][gc             ] GC(368) Pause Young (Prepare Mixed) (G1 Evacuation Pause) 3621M->1448M(4096M) 118.150ms
[2150.477s][info][gc,cpu         ] GC(368) User=0.70s Sys=0.00s Real=0.12s
......[2156.168s][info][gc,start       ] GC(369) Pause Young (Mixed) (G1 Evacuation Pause)
[2156.168s][info][gc,task        ] GC(369) Using 6 workers of 6 for evacuation
[2156.299s][info][gc,phases      ] GC(369)   Pre Evacuate Collection Set: 0.41ms
[2156.299s][info][gc,phases      ] GC(369)   Merge Heap Roots: 0.65ms
[2156.299s][info][gc,phases      ] GC(369)   Evacuate Collection Set: 128.88ms
[2156.299s][info][gc,phases      ] GC(369)   Post Evacuate Collection Set: 0.96ms
[2156.299s][info][gc,phases      ] GC(369)   Other: 0.09ms
[2156.299s][info][gc,heap        ] GC(369) Eden regions: 1110->0(1120)
[2156.299s][info][gc,heap        ] GC(369) Survivor regions: 110->108(153)
[2156.299s][info][gc,heap        ] GC(369) Old regions: 535->470
[2156.299s][info][gc,heap        ] GC(369) Humongous regions: 80->80
[2156.299s][info][gc,metaspace   ] GC(369) Metaspace: 28921K(29184K)->28921K(29184K) NonClass: 24039K(24128K)->24039K(24128K) Class: 4882K(5056K)->4882K(5056K)
[2156.299s][info][gc             ] GC(369) Pause Young (Mixed) (G1 Evacuation Pause) 3668M->1314M(4096M) 131.120ms
[2156.299s][info][gc,cpu         ] GC(369) User=0.78s Sys=0.00s Real=0.13s
......[2162.107s][info][gc,start       ] GC(370) Pause Young (Concurrent Start) (G1 Evacuation Pause)
[2162.107s][info][gc,task        ] GC(370) Using 6 workers of 6 for evacuation
[2162.224s][info][gc,phases      ] GC(370)   Pre Evacuate Collection Set: 0.41ms
[2162.224s][info][gc,phases      ] GC(370)   Merge Heap Roots: 0.52ms
[2162.224s][info][gc,phases      ] GC(370)   Evacuate Collection Set: 114.95ms
[2162.224s][info][gc,phases      ] GC(370)   Post Evacuate Collection Set: 0.92ms
[2162.224s][info][gc,phases      ] GC(370)   Other: 0.10ms
[2162.224s][info][gc,heap        ] GC(370) Eden regions: 1120->0(1120)
[2162.224s][info][gc,heap        ] GC(370) Survivor regions: 108->108(154)
[2162.224s][info][gc,heap        ] GC(370) Old regions: 470->502
[2162.224s][info][gc,heap        ] GC(370) Humongous regions: 80->80
[2162.224s][info][gc,metaspace   ] GC(370) Metaspace: 28921K(29184K)->28921K(29184K) NonClass: 24039K(24128K)->24039K(24128K) Class: 4882K(5056K)->4882K(5056K)
[2162.224s][info][gc             ] GC(370) Pause Young (Concurrent Start) (G1 Evacuation Pause) 3554M->1378M(4096M) 117.062ms
[2162.224s][info][gc             ] GC(371) Concurrent Mark Cycle
[2162.224s][info][gc,marking     ] GC(371) Concurrent Scan Root Regions
[2162.224s][info][gc,cpu         ] GC(370) User=0.69s Sys=0.00s Real=0.12s
[2162.383s][info][gc,marking     ] GC(371) Concurrent Scan Root Regions 159.721ms
[2162.384s][info][gc,marking     ] GC(371) Concurrent Mark
[2162.384s][info][gc,marking     ] GC(371) Concurrent Mark From Roots
[2162.384s][info][gc,task        ] GC(371) Using 2 workers of 2 for marking
.[2162.967s][info][gc,marking     ] GC(371) Concurrent Mark From Roots 583.762ms
[2162.967s][info][gc,marking     ] GC(371) Concurrent Preclean
[2162.967s][info][gc,marking     ] GC(371) Concurrent Preclean 0.053ms
[2162.968s][info][gc,start       ] GC(371) Pause Remark
[2162.971s][info][gc             ] GC(371) Pause Remark 1681M->1681M(4096M) 3.123ms
[2162.971s][info][gc,cpu         ] GC(371) User=0.01s Sys=0.00s Real=0.00s
[2162.972s][info][gc,marking     ] GC(371) Concurrent Mark 588.669ms
[2162.972s][info][gc,marking     ] GC(371) Concurrent Rebuild Remembered Sets and Scrub Regions
[2163.180s][info][gc,marking     ] GC(371) Concurrent Rebuild Remembered Sets and Scrub Regions 208.079ms
[2163.180s][info][gc,start       ] GC(371) Pause Cleanup
[2163.181s][info][gc             ] GC(371) Pause Cleanup 1755M->1755M(4096M) 0.122ms
[2163.181s][info][gc,cpu         ] GC(371) User=0.00s Sys=0.00s Real=0.00s
[2163.181s][info][gc,marking     ] GC(371) Concurrent Clear Claimed Marks
[2163.181s][info][gc,marking     ] GC(371) Concurrent Clear Claimed Marks 0.040ms
[2163.181s][info][gc,marking     ] GC(371) Concurrent Cleanup for Next Mark
[2163.184s][info][gc,marking     ] GC(371) Concurrent Cleanup for Next Mark 3.310ms
[2163.184s][info][gc             ] GC(371) Concurrent Mark Cycle 960.340ms
.....[2168.067s][info][gc,start       ] GC(372) Pause Young (Prepare Mixed) (G1 Evacuation Pause)
[2168.067s][info][gc,task        ] GC(372) Using 6 workers of 6 for evacuation
[2168.187s][info][gc,phases      ] GC(372)   Pre Evacuate Collection Set: 0.35ms
[2168.187s][info][gc,phases      ] GC(372)   Merge Heap Roots: 0.56ms
[2168.187s][info][gc,phases      ] GC(372)   Evacuate Collection Set: 117.51ms
[2168.187s][info][gc,phases      ] GC(372)   Post Evacuate Collection Set: 0.94ms
[2168.187s][info][gc,phases      ] GC(372)   Other: 0.09ms
[2168.187s][info][gc,heap        ] GC(372) Eden regions: 1120->0(1109)
[2168.187s][info][gc,heap        ] GC(372) Survivor regions: 108->111(154)
[2168.187s][info][gc,heap        ] GC(372) Old regions: 502->534
[2168.187s][info][gc,heap        ] GC(372) Humongous regions: 80->80
[2168.187s][info][gc,metaspace   ] GC(372) Metaspace: 28921K(29184K)->28921K(29184K) NonClass: 24039K(24128K)->24039K(24128K) Class: 4882K(5056K)->4882K(5056K)
[2168.187s][info][gc             ] GC(372) Pause Young (Prepare Mixed) (G1 Evacuation Pause) 3618M->1447M(4096M) 119.582ms
[2168.187s][info][gc,cpu         ] GC(372) User=0.70s Sys=0.00s Real=0.12s
......[2174.015s][info][gc,start       ] GC(373) Pause Young (Mixed) (G1 Evacuation Pause)
[2174.015s][info][gc,task        ] GC(373) Using 6 workers of 6 for evacuation
[2174.147s][info][gc,phases      ] GC(373)   Pre Evacuate Collection Set: 0.41ms
[2174.148s][info][gc,phases      ] GC(373)   Merge Heap Roots: 0.67ms
[2174.148s][info][gc,phases      ] GC(373)   Evacuate Collection Set: 130.26ms
[2174.148s][info][gc,phases      ] GC(373)   Post Evacuate Collection Set: 1.00ms
[2174.148s][info][gc,phases      ] GC(373)   Other: 0.09ms
[2174.148s][info][gc,heap        ] GC(373) Eden regions: 1109->0(1119)
[2174.148s][info][gc,heap        ] GC(373) Survivor regions: 111->109(153)
[2174.148s][info][gc,heap        ] GC(373) Old regions: 534->471
[2174.148s][info][gc,heap        ] GC(373) Humongous regions: 80->80
[2174.148s][info][gc,metaspace   ] GC(373) Metaspace: 28921K(29184K)->28921K(29184K) NonClass: 24039K(24128K)->24039K(24128K) Class: 4882K(5056K)->4882K(5056K)
[2174.148s][info][gc             ] GC(373) Pause Young (Mixed) (G1 Evacuation Pause) 3665M->1318M(4096M) 132.603ms
[2174.148s][info][gc,cpu         ] GC(373) User=0.78s Sys=0.00s Real=0.14s
......[2179.877s][info][gc,start       ] GC(374) Pause Young (Concurrent Start) (G1 Evacuation Pause)
[2179.878s][info][gc,task        ] GC(374) Using 6 workers of 6 for evacuation
[2179.998s][info][gc,phases      ] GC(374)   Pre Evacuate Collection Set: 0.42ms
[2179.998s][info][gc,phases      ] GC(374)   Merge Heap Roots: 0.46ms
[2179.998s][info][gc,phases      ] GC(374)   Evacuate Collection Set: 118.60ms
[2179.998s][info][gc,phases      ] GC(374)   Post Evacuate Collection Set: 0.96ms
[2179.998s][info][gc,phases      ] GC(374)   Other: 0.10ms
[2179.998s][info][gc,heap        ] GC(374) Eden regions: 1119->0(1117)
[2179.998s][info][gc,heap        ] GC(374) Survivor regions: 109->111(154)
[2179.998s][info][gc,heap        ] GC(374) Old regions: 471->503
[2179.998s][info][gc,heap        ] GC(374) Humongous regions: 80->80
[2179.998s][info][gc,metaspace   ] GC(374) Metaspace: 28921K(29184K)->28921K(29184K) NonClass: 24039K(24128K)->24039K(24128K) Class: 4882K(5056K)->4882K(5056K)
[2179.998s][info][gc             ] GC(374) Pause Young (Concurrent Start) (G1 Evacuation Pause) 3556M->1387M(4096M) 120.686ms
[2179.998s][info][gc             ] GC(375) Concurrent Mark Cycle
[2179.998s][info][gc,marking     ] GC(375) Concurrent Scan Root Regions
[2179.998s][info][gc,cpu         ] GC(374) User=0.72s Sys=0.00s Real=0.12s
[2180.133s][info][gc,marking     ] GC(375) Concurrent Scan Root Regions 135.160ms
[2180.133s][info][gc,marking     ] GC(375) Concurrent Mark
[2180.133s][info][gc,marking     ] GC(375) Concurrent Mark From Roots
[2180.133s][info][gc,task        ] GC(375) Using 2 workers of 2 for marking
.[2180.749s][info][gc,marking     ] GC(375) Concurrent Mark From Roots 615.493ms
[2180.749s][info][gc,marking     ] GC(375) Concurrent Preclean
[2180.749s][info][gc,marking     ] GC(375) Concurrent Preclean 0.068ms
[2180.750s][info][gc,start       ] GC(375) Pause Remark
[2180.753s][info][gc             ] GC(375) Pause Remark 1695M->1695M(4096M) 3.092ms
[2180.753s][info][gc,cpu         ] GC(375) User=0.02s Sys=0.00s Real=0.00s
[2180.753s][info][gc,marking     ] GC(375) Concurrent Mark 619.414ms
[2180.753s][info][gc,marking     ] GC(375) Concurrent Rebuild Remembered Sets and Scrub Regions
[2181.005s][info][gc,marking     ] GC(375) Concurrent Rebuild Remembered Sets and Scrub Regions 251.859ms
[2181.005s][info][gc,start       ] GC(375) Pause Cleanup
[2181.005s][info][gc             ] GC(375) Pause Cleanup 1801M->1801M(4096M) 0.133ms
[2181.005s][info][gc,cpu         ] GC(375) User=0.00s Sys=0.00s Real=0.00s
[2181.005s][info][gc,marking     ] GC(375) Concurrent Clear Claimed Marks
[2181.005s][info][gc,marking     ] GC(375) Concurrent Clear Claimed Marks 0.028ms
[2181.005s][info][gc,marking     ] GC(375) Concurrent Cleanup for Next Mark
[2181.009s][info][gc,marking     ] GC(375) Concurrent Cleanup for Next Mark 4.182ms
[2181.009s][info][gc             ] GC(375) Concurrent Mark Cycle 1011.145ms
.....[2185.862s][info][gc,start       ] GC(376) Pause Young (Prepare Mixed) (G1 Evacuation Pause)
[2185.862s][info][gc,task        ] GC(376) Using 6 workers of 6 for evacuation
[2185.980s][info][gc,phases      ] GC(376)   Pre Evacuate Collection Set: 0.36ms
[2185.980s][info][gc,phases      ] GC(376)   Merge Heap Roots: 0.51ms
[2185.980s][info][gc,phases      ] GC(376)   Evacuate Collection Set: 115.85ms
[2185.980s][info][gc,phases      ] GC(376)   Post Evacuate Collection Set: 0.98ms
[2185.980s][info][gc,phases      ] GC(376)   Other: 0.09ms
[2185.980s][info][gc,heap        ] GC(376) Eden regions: 1117->0(1112)
[2185.980s][info][gc,heap        ] GC(376) Survivor regions: 111->109(154)
[2185.980s][info][gc,heap        ] GC(376) Old regions: 503->535
[2185.980s][info][gc,heap        ] GC(376) Humongous regions: 80->80
[2185.980s][info][gc,metaspace   ] GC(376) Metaspace: 28921K(29184K)->28921K(29184K) NonClass: 24039K(24128K)->24039K(24128K) Class: 4882K(5056K)->4882K(5056K)
[2185.980s][info][gc             ] GC(376) Pause Young (Prepare Mixed) (G1 Evacuation Pause) 3621M->1447M(4096M) 117.922ms
[2185.980s][info][gc,cpu         ] GC(376) User=0.69s Sys=0.00s Real=0.12s
. (rIR:aIR:PR = 3183:3182:3182) (tPR = 47702) [OK] 
  2186s: Performance info:
         Transaction,    Success,    Partial,     Failed,   Receipts, AvgBarcode, 
             Overall,     191110,          0,          0,     181549,      59.47, 
         Response times:
             Request,    Success,    Partial,     Failed,   SkipFail,     Probes,    Samples,      min,      p50,      p90,      p95,      p99,      max, 
       TotalPurchase,     181555,          0,          0,          0,     177465,     193348,      300,     2700,     4300,     5400,    26000,   200000,
     InStorePurchase,      95563,          0,          0,          0,      93582,     101496,      300,     2700,     4300,     5400,    25000,   200000,
      OnlinePurchase,      66877,          0,          0,          0,      65492,      71544,      300,     2600,     4300,     5500,    26000,   179000,
        InstPurchase,      19115,          0,          0,          0,      18391,      20308,      400,     2900,     4400,     5500,    31000,   139000,
          AssocOfCat,        192,          0,          0,          0,        133,        191,    18700,    27000,    36000,    42200,   154360,   170000,
      AssocOfProduct,       1917,          0,          0,          0,       1764,       2110,      600,     2800,     4700,     6245,    31780,   121000,
      BusinessReport,        478,          0,          0,          0,        379,        489,    20000,    31000,    40000,    50500,   122000,   157000,
          CustBuyBeh,       1910,          0,          0,          0,       1723,       2022,      200,     1400,     2600,     3200,    22540,   118000,
       ProductReturn,       5063,          0,          0,          0,       4831,       5495,      200,     3100,     4500,     5500,    24120,   136000,

  2186s: (24%)   IR =   3321 ....|.[2191.548s][info][gc,start       ] GC(377) Pause Young (Mixed) (G1 Evacuation Pause)
[2191.548s][info][gc,task        ] GC(377) Using 6 workers of 6 for evacuation
[2191.681s][info][gc,phases      ] GC(377)   Pre Evacuate Collection Set: 0.40ms
[2191.681s][info][gc,phases      ] GC(377)   Merge Heap Roots: 0.70ms
[2191.681s][info][gc,phases      ] GC(377)   Evacuate Collection Set: 130.67ms
[2191.681s][info][gc,phases      ] GC(377)   Post Evacuate Collection Set: 0.95ms
[2191.681s][info][gc,phases      ] GC(377)   Other: 0.09ms
[2191.681s][info][gc,heap        ] GC(377) Eden regions: 1112->0(1120)
[2191.681s][info][gc,heap        ] GC(377) Survivor regions: 109->108(153)
[2191.681s][info][gc,heap        ] GC(377) Old regions: 535->472
[2191.681s][info][gc,heap        ] GC(377) Humongous regions: 80->80
[2191.681s][info][gc,metaspace   ] GC(377) Metaspace: 28932K(29248K)->28932K(29248K) NonClass: 24049K(24192K)->24049K(24192K) Class: 4882K(5056K)->4882K(5056K)
[2191.681s][info][gc             ] GC(377) Pause Young (Mixed) (G1 Evacuation Pause) 3671M->1318M(4096M) 132.955ms
[2191.681s][info][gc,cpu         ] GC(377) User=0.78s Sys=0.01s Real=0.13s
.....[2197.249s][info][gc,start       ] GC(378) Pause Young (Concurrent Start) (G1 Evacuation Pause)
[2197.249s][info][gc,task        ] GC(378) Using 6 workers of 6 for evacuation
[2197.366s][info][gc,phases      ] GC(378)   Pre Evacuate Collection Set: 0.40ms
[2197.366s][info][gc,phases      ] GC(378)   Merge Heap Roots: 0.49ms
[2197.366s][info][gc,phases      ] GC(378)   Evacuate Collection Set: 115.19ms
[2197.366s][info][gc,phases      ] GC(378)   Post Evacuate Collection Set: 0.93ms
[2197.366s][info][gc,phases      ] GC(378)   Other: 0.12ms
[2197.366s][info][gc,heap        ] GC(378) Eden regions: 1120->0(1118)
[2197.366s][info][gc,heap        ] GC(378) Survivor regions: 108->110(154)
[2197.366s][info][gc,heap        ] GC(378) Old regions: 472->504
[2197.366s][info][gc,heap        ] GC(378) Humongous regions: 80->80
[2197.366s][info][gc,metaspace   ] GC(378) Metaspace: 28932K(29248K)->28932K(29248K) NonClass: 24049K(24192K)->24049K(24192K) Class: 4882K(5056K)->4882K(5056K)
[2197.366s][info][gc             ] GC(378) Pause Young (Concurrent Start) (G1 Evacuation Pause) 3558M->1385M(4096M) 117.276ms
[2197.366s][info][gc             ] GC(379) Concurrent Mark Cycle
[2197.366s][info][gc,marking     ] GC(379) Concurrent Scan Root Regions
[2197.366s][info][gc,cpu         ] GC(378) User=0.69s Sys=0.00s Real=0.11s
[2197.523s][info][gc,marking     ] GC(379) Concurrent Scan Root Regions 157.039ms
[2197.524s][info][gc,marking     ] GC(379) Concurrent Mark
[2197.524s][info][gc,marking     ] GC(379) Concurrent Mark From Roots
[2197.524s][info][gc,task        ] GC(379) Using 2 workers of 2 for marking
.[2198.208s][info][gc,marking     ] GC(379) Concurrent Mark From Roots 684.652ms
[2198.208s][info][gc,marking     ] GC(379) Concurrent Preclean
[2198.208s][info][gc,marking     ] GC(379) Concurrent Preclean 0.070ms
[2198.208s][info][gc,start       ] GC(379) Pause Remark
[2198.211s][info][gc             ] GC(379) Pause Remark 1778M->1778M(4096M) 2.962ms
[2198.211s][info][gc,cpu         ] GC(379) User=0.01s Sys=0.00s Real=0.00s
[2198.211s][info][gc,marking     ] GC(379) Concurrent Mark 687.942ms
[2198.211s][info][gc,marking     ] GC(379) Concurrent Rebuild Remembered Sets and Scrub Regions
[2198.442s][info][gc,marking     ] GC(379) Concurrent Rebuild Remembered Sets and Scrub Regions 230.156ms
[2198.442s][info][gc,start       ] GC(379) Pause Cleanup
[2198.442s][info][gc             ] GC(379) Pause Cleanup 1887M->1887M(4096M) 0.139ms
[2198.442s][info][gc,cpu         ] GC(379) User=0.00s Sys=0.00s Real=0.00s
[2198.443s][info][gc,marking     ] GC(379) Concurrent Clear Claimed Marks
[2198.443s][info][gc,marking     ] GC(379) Concurrent Clear Claimed Marks 0.041ms
[2198.443s][info][gc,marking     ] GC(379) Concurrent Cleanup for Next Mark
[2198.447s][info][gc,marking     ] GC(379) Concurrent Cleanup for Next Mark 4.448ms
[2198.447s][info][gc             ] GC(379) Concurrent Mark Cycle 1080.762ms
.....[2202.898s][info][gc,start       ] GC(380) Pause Young (Prepare Mixed) (G1 Evacuation Pause)
[2202.898s][info][gc,task        ] GC(380) Using 6 workers of 6 for evacuation
[2203.014s][info][gc,phases      ] GC(380)   Pre Evacuate Collection Set: 0.35ms
[2203.014s][info][gc,phases      ] GC(380)   Merge Heap Roots: 0.52ms
[2203.014s][info][gc,phases      ] GC(380)   Evacuate Collection Set: 114.60ms
[2203.014s][info][gc,phases      ] GC(380)   Post Evacuate Collection Set: 0.96ms
[2203.014s][info][gc,phases      ] GC(380)   Other: 0.09ms
[2203.014s][info][gc,heap        ] GC(380) Eden regions: 1118->0(1113)
[2203.014s][info][gc,heap        ] GC(380) Survivor regions: 110->108(154)
[2203.014s][info][gc,heap        ] GC(380) Old regions: 504->536
[2203.014s][info][gc,heap        ] GC(380) Humongous regions: 80->80
[2203.014s][info][gc,metaspace   ] GC(380) Metaspace: 28932K(29248K)->28932K(29248K) NonClass: 24049K(24192K)->24049K(24192K) Class: 4882K(5056K)->4882K(5056K)
[2203.014s][info][gc             ] GC(380) Pause Young (Prepare Mixed) (G1 Evacuation Pause) 3621M->1446M(4096M) 116.659ms
[2203.014s][info][gc,cpu         ] GC(380) User=0.69s Sys=0.00s Real=0.11s
.....[2208.521s][info][gc,start       ] GC(381) Pause Young (Mixed) (G1 Evacuation Pause)
[2208.521s][info][gc,task        ] GC(381) Using 6 workers of 6 for evacuation
[2208.655s][info][gc,phases      ] GC(381)   Pre Evacuate Collection Set: 0.39ms
[2208.655s][info][gc,phases      ] GC(381)   Merge Heap Roots: 0.71ms
[2208.655s][info][gc,phases      ] GC(381)   Evacuate Collection Set: 131.74ms
[2208.655s][info][gc,phases      ] GC(381)   Post Evacuate Collection Set: 0.97ms
[2208.655s][info][gc,phases      ] GC(381)   Other: 0.09ms
[2208.655s][info][gc,heap        ] GC(381) Eden regions: 1113->0(1121)
[2208.655s][info][gc,heap        ] GC(381) Survivor regions: 108->107(153)
[2208.655s][info][gc,heap        ] GC(381) Old regions: 536->471
[2208.655s][info][gc,heap        ] GC(381) Humongous regions: 80->80
[2208.655s][info][gc,metaspace   ] GC(381) Metaspace: 28932K(29248K)->28932K(29248K) NonClass: 24049K(24192K)->24049K(24192K) Class: 4882K(5056K)->4882K(5056K)
[2208.655s][info][gc             ] GC(381) Pause Young (Mixed) (G1 Evacuation Pause) 3672M->1313M(4096M) 134.038ms
[2208.655s][info][gc,cpu         ] GC(381) User=0.79s Sys=0.00s Real=0.13s
......[2214.229s][info][gc,start       ] GC(382) Pause Young (Concurrent Start) (G1 Evacuation Pause)
[2214.229s][info][gc,task        ] GC(382) Using 6 workers of 6 for evacuation
[2214.349s][info][gc,phases      ] GC(382)   Pre Evacuate Collection Set: 0.39ms
[2214.349s][info][gc,phases      ] GC(382)   Merge Heap Roots: 0.52ms
[2214.349s][info][gc,phases      ] GC(382)   Evacuate Collection Set: 117.74ms
[2214.349s][info][gc,phases      ] GC(382)   Post Evacuate Collection Set: 0.93ms
[2214.349s][info][gc,phases      ] GC(382)   Other: 0.11ms
[2214.349s][info][gc,heap        ] GC(382) Eden regions: 1121->0(1118)
[2214.349s][info][gc,heap        ] GC(382) Survivor regions: 107->110(154)
[2214.349s][info][gc,heap        ] GC(382) Old regions: 471->503
[2214.349s][info][gc,heap        ] GC(382) Humongous regions: 80->80
[2214.349s][info][gc,metaspace   ] GC(382) Metaspace: 28934K(29248K)->28934K(29248K) NonClass: 24051K(24192K)->24051K(24192K) Class: 4882K(5056K)->4882K(5056K)
[2214.349s][info][gc             ] GC(382) Pause Young (Concurrent Start) (G1 Evacuation Pause) 3555M->1384M(4096M) 119.838ms
[2214.349s][info][gc             ] GC(383) Concurrent Mark Cycle
[2214.349s][info][gc,marking     ] GC(383) Concurrent Scan Root Regions
[2214.349s][info][gc,cpu         ] GC(382) User=0.71s Sys=0.00s Real=0.12s
[2214.486s][info][gc,marking     ] GC(383) Concurrent Scan Root Regions 136.961ms
[2214.486s][info][gc,marking     ] GC(383) Concurrent Mark
[2214.486s][info][gc,marking     ] GC(383) Concurrent Mark From Roots
[2214.486s][info][gc,task        ] GC(383) Using 2 workers of 2 for marking
.[2215.077s][info][gc,marking     ] GC(383) Concurrent Mark From Roots 590.800ms
[2215.077s][info][gc,marking     ] GC(383) Concurrent Preclean
[2215.077s][info][gc,marking     ] GC(383) Concurrent Preclean 0.047ms
[2215.077s][info][gc,start       ] GC(383) Pause Remark
[2215.080s][info][gc             ] GC(383) Pause Remark 1694M->1694M(4096M) 3.198ms
[2215.080s][info][gc,cpu         ] GC(383) User=0.01s Sys=0.00s Real=0.00s
[2215.080s][info][gc,marking     ] GC(383) Concurrent Mark 594.290ms
[2215.080s][info][gc,marking     ] GC(383) Concurrent Rebuild Remembered Sets and Scrub Regions
[2215.309s][info][gc,marking     ] GC(383) Concurrent Rebuild Remembered Sets and Scrub Regions 229.022ms
[2215.309s][info][gc,start       ] GC(383) Pause Cleanup
[2215.310s][info][gc             ] GC(383) Pause Cleanup 1785M->1785M(4096M) 0.132ms
[2215.310s][info][gc,cpu         ] GC(383) User=0.00s Sys=0.00s Real=0.00s
[2215.310s][info][gc,marking     ] GC(383) Concurrent Clear Claimed Marks
[2215.310s][info][gc,marking     ] GC(383) Concurrent Clear Claimed Marks 0.028ms
[2215.310s][info][gc,marking     ] GC(383) Concurrent Cleanup for Next Mark
[2215.313s][info][gc,marking     ] GC(383) Concurrent Cleanup for Next Mark 3.255ms
[2215.313s][info][gc             ] GC(383) Concurrent Mark Cycle 964.090ms
.....[2219.903s][info][gc,start       ] GC(384) Pause Young (Prepare Mixed) (G1 Evacuation Pause)
[2219.903s][info][gc,task        ] GC(384) Using 6 workers of 6 for evacuation
[2220.021s][info][gc,phases      ] GC(384)   Pre Evacuate Collection Set: 0.38ms
[2220.021s][info][gc,phases      ] GC(384)   Merge Heap Roots: 0.52ms
[2220.021s][info][gc,phases      ] GC(384)   Evacuate Collection Set: 115.58ms
[2220.021s][info][gc,phases      ] GC(384)   Post Evacuate Collection Set: 0.96ms
[2220.021s][info][gc,phases      ] GC(384)   Other: 0.10ms
[2220.021s][info][gc,heap        ] GC(384) Eden regions: 1118->0(1113)
[2220.021s][info][gc,heap        ] GC(384) Survivor regions: 110->109(154)
[2220.021s][info][gc,heap        ] GC(384) Old regions: 503->534
[2220.021s][info][gc,heap        ] GC(384) Humongous regions: 80->80
[2220.021s][info][gc,metaspace   ] GC(384) Metaspace: 28934K(29248K)->28934K(29248K) NonClass: 24051K(24192K)->24051K(24192K) Class: 4882K(5056K)->4882K(5056K)
[2220.021s][info][gc             ] GC(384) Pause Young (Prepare Mixed) (G1 Evacuation Pause) 3620M->1445M(4096M) 117.682ms
[2220.021s][info][gc,cpu         ] GC(384) User=0.70s Sys=0.00s Real=0.12s
.....[2225.549s][info][gc,start       ] GC(385) Pause Young (Mixed) (G1 Evacuation Pause)
[2225.549s][info][gc,task        ] GC(385) Using 6 workers of 6 for evacuation
[2225.683s][info][gc,phases      ] GC(385)   Pre Evacuate Collection Set: 0.40ms
[2225.683s][info][gc,phases      ] GC(385)   Merge Heap Roots: 0.72ms
[2225.683s][info][gc,phases      ] GC(385)   Evacuate Collection Set: 132.49ms
[2225.683s][info][gc,phases      ] GC(385)   Post Evacuate Collection Set: 0.81ms
[2225.683s][info][gc,phases      ] GC(385)   Other: 0.09ms
[2225.683s][info][gc,heap        ] GC(385) Eden regions: 1113->0(1119)
[2225.683s][info][gc,heap        ] GC(385) Survivor regions: 109->109(153)
[2225.683s][info][gc,heap        ] GC(385) Old regions: 534->471
[2225.683s][info][gc,heap        ] GC(385) Humongous regions: 80->80
[2225.683s][info][gc,metaspace   ] GC(385) Metaspace: 28934K(29248K)->28934K(29248K) NonClass: 24051K(24192K)->24051K(24192K) Class: 4882K(5056K)->4882K(5056K)
[2225.683s][info][gc             ] GC(385) Pause Young (Mixed) (G1 Evacuation Pause) 3671M->1319M(4096M) 134.670ms
[2225.683s][info][gc,cpu         ] GC(385) User=0.79s Sys=0.00s Real=0.13s
......[2231.266s][info][gc,start       ] GC(386) Pause Young (Concurrent Start) (G1 Evacuation Pause)
[2231.266s][info][gc,task        ] GC(386) Using 6 workers of 6 for evacuation
[2231.382s][info][gc,phases      ] GC(386)   Pre Evacuate Collection Set: 0.42ms
[2231.382s][info][gc,phases      ] GC(386)   Merge Heap Roots: 0.50ms
[2231.382s][info][gc,phases      ] GC(386)   Evacuate Collection Set: 114.00ms
[2231.382s][info][gc,phases      ] GC(386)   Post Evacuate Collection Set: 0.90ms
[2231.382s][info][gc,phases      ] GC(386)   Other: 0.11ms
[2231.382s][info][gc,heap        ] GC(386) Eden regions: 1119->0(1119)
[2231.382s][info][gc,heap        ] GC(386) Survivor regions: 109->109(154)
[2231.382s][info][gc,heap        ] GC(386) Old regions: 471->503
[2231.382s][info][gc,heap        ] GC(386) Humongous regions: 80->80
[2231.382s][info][gc,metaspace   ] GC(386) Metaspace: 28934K(29248K)->28934K(29248K) NonClass: 24051K(24192K)->24051K(24192K) Class: 4882K(5056K)->4882K(5056K)
[2231.382s][info][gc             ] GC(386) Pause Young (Concurrent Start) (G1 Evacuation Pause) 3557M->1382M(4096M) 116.065ms
[2231.382s][info][gc             ] GC(387) Concurrent Mark Cycle
[2231.382s][info][gc,marking     ] GC(387) Concurrent Scan Root Regions
[2231.382s][info][gc,cpu         ] GC(386) User=0.69s Sys=0.00s Real=0.12s
[2231.524s][info][gc,marking     ] GC(387) Concurrent Scan Root Regions 142.746ms
[2231.525s][info][gc,marking     ] GC(387) Concurrent Mark
[2231.525s][info][gc,marking     ] GC(387) Concurrent Mark From Roots
[2231.525s][info][gc,task        ] GC(387) Using 2 workers of 2 for marking
.[2232.149s][info][gc,marking     ] GC(387) Concurrent Mark From Roots 624.389ms
[2232.149s][info][gc,marking     ] GC(387) Concurrent Preclean
[2232.149s][info][gc,marking     ] GC(387) Concurrent Preclean 0.063ms
[2232.150s][info][gc,start       ] GC(387) Pause Remark
[2232.153s][info][gc             ] GC(387) Pause Remark 1758M->1758M(4096M) 3.531ms
[2232.153s][info][gc,cpu         ] GC(387) User=0.02s Sys=0.00s Real=0.00s
[2232.153s][info][gc,marking     ] GC(387) Concurrent Mark 628.841ms
[2232.153s][info][gc,marking     ] GC(387) Concurrent Rebuild Remembered Sets and Scrub Regions
[2232.385s][info][gc,marking     ] GC(387) Concurrent Rebuild Remembered Sets and Scrub Regions 231.225ms
[2232.385s][info][gc,start       ] GC(387) Pause Cleanup
[2232.385s][info][gc             ] GC(387) Pause Cleanup 1847M->1847M(4096M) 0.138ms
[2232.385s][info][gc,cpu         ] GC(387) User=0.00s Sys=0.00s Real=0.00s
[2232.385s][info][gc,marking     ] GC(387) Concurrent Clear Claimed Marks
[2232.385s][info][gc,marking     ] GC(387) Concurrent Clear Claimed Marks 0.031ms
[2232.385s][info][gc,marking     ] GC(387) Concurrent Cleanup for Next Mark
[2232.390s][info][gc,marking     ] GC(387) Concurrent Cleanup for Next Mark 4.695ms
[2232.390s][info][gc             ] GC(387) Concurrent Mark Cycle 1008.075ms
.....[2236.973s][info][gc,start       ] GC(388) Pause Young (Prepare Mixed) (G1 Evacuation Pause)
[2236.973s][info][gc,task        ] GC(388) Using 6 workers of 6 for evacuation
[2237.092s][info][gc,phases      ] GC(388)   Pre Evacuate Collection Set: 0.37ms
[2237.092s][info][gc,phases      ] GC(388)   Merge Heap Roots: 0.58ms
[2237.092s][info][gc,phases      ] GC(388)   Evacuate Collection Set: 116.59ms
[2237.092s][info][gc,phases      ] GC(388)   Post Evacuate Collection Set: 0.96ms
[2237.092s][info][gc,phases      ] GC(388)   Other: 0.10ms
[2237.092s][info][gc,heap        ] GC(388) Eden regions: 1119->0(1110)
[2237.092s][info][gc,heap        ] GC(388) Survivor regions: 109->110(154)
[2237.092s][info][gc,heap        ] GC(388) Old regions: 503->535
[2237.092s][info][gc,heap        ] GC(388) Humongous regions: 80->80
[2237.092s][info][gc,metaspace   ] GC(388) Metaspace: 28934K(29248K)->28934K(29248K) NonClass: 24051K(24192K)->24051K(24192K) Class: 4882K(5056K)->4882K(5056K)
[2237.092s][info][gc             ] GC(388) Pause Young (Prepare Mixed) (G1 Evacuation Pause) 3620M->1448M(4096M) 118.754ms
[2237.092s][info][gc,cpu         ] GC(388) User=0.70s Sys=0.00s Real=0.12s
.....[2242.557s][info][gc,start       ] GC(389) Pause Young (Mixed) (G1 Evacuation Pause)
[2242.558s][info][gc,task        ] GC(389) Using 6 workers of 6 for evacuation
[2242.697s][info][gc,phases      ] GC(389)   Pre Evacuate Collection Set: 0.41ms
[2242.697s][info][gc,phases      ] GC(389)   Merge Heap Roots: 0.73ms
[2242.697s][info][gc,phases      ] GC(389)   Evacuate Collection Set: 137.07ms
[2242.697s][info][gc,phases      ] GC(389)   Post Evacuate Collection Set: 0.99ms
[2242.697s][info][gc,phases      ] GC(389)   Other: 0.09ms
[2242.697s][info][gc,heap        ] GC(389) Eden regions: 1110->0(1119)
[2242.697s][info][gc,heap        ] GC(389) Survivor regions: 110->109(153)
[2242.697s][info][gc,heap        ] GC(389) Old regions: 535->472
[2242.697s][info][gc,heap        ] GC(389) Humongous regions: 80->80
[2242.697s][info][gc,metaspace   ] GC(389) Metaspace: 28934K(29248K)->28934K(29248K) NonClass: 24051K(24192K)->24051K(24192K) Class: 4882K(5056K)->4882K(5056K)
[2242.697s][info][gc             ] GC(389) Pause Young (Mixed) (G1 Evacuation Pause) 3668M->1320M(4096M) 139.425ms
[2242.697s][info][gc,cpu         ] GC(389) User=0.83s Sys=0.00s Real=0.14s
......[2248.240s][info][gc,start       ] GC(390) Pause Young (Concurrent Start) (G1 Evacuation Pause)
[2248.240s][info][gc,task        ] GC(390) Using 6 workers of 6 for evacuation
[2248.358s][info][gc,phases      ] GC(390)   Pre Evacuate Collection Set: 0.40ms
[2248.359s][info][gc,phases      ] GC(390)   Merge Heap Roots: 0.54ms
[2248.359s][info][gc,phases      ] GC(390)   Evacuate Collection Set: 116.97ms
[2248.359s][info][gc,phases      ] GC(390)   Post Evacuate Collection Set: 0.91ms
[2248.359s][info][gc,phases      ] GC(390)   Other: 0.11ms
[2248.359s][info][gc,heap        ] GC(390) Eden regions: 1119->0(1119)
[2248.359s][info][gc,heap        ] GC(390) Survivor regions: 109->109(154)
[2248.359s][info][gc,heap        ] GC(390) Old regions: 472->504
[2248.359s][info][gc,heap        ] GC(390) Humongous regions: 80->80
[2248.359s][info][gc,metaspace   ] GC(390) Metaspace: 28934K(29248K)->28934K(29248K) NonClass: 24051K(24192K)->24051K(24192K) Class: 4882K(5056K)->4882K(5056K)
[2248.359s][info][gc             ] GC(390) Pause Young (Concurrent Start) (G1 Evacuation Pause) 3558M->1384M(4096M) 119.065ms
[2248.359s][info][gc             ] GC(391) Concurrent Mark Cycle
[2248.359s][info][gc,marking     ] GC(391) Concurrent Scan Root Regions
[2248.359s][info][gc,cpu         ] GC(390) User=0.70s Sys=0.00s Real=0.12s
[2248.533s][info][gc,marking     ] GC(391) Concurrent Scan Root Regions 174.583ms
[2248.533s][info][gc,marking     ] GC(391) Concurrent Mark
[2248.533s][info][gc,marking     ] GC(391) Concurrent Mark From Roots
[2248.533s][info][gc,task        ] GC(391) Using 2 workers of 2 for marking
.[2249.117s][info][gc,marking     ] GC(391) Concurrent Mark From Roots 583.318ms
[2249.117s][info][gc,marking     ] GC(391) Concurrent Preclean
[2249.117s][info][gc,marking     ] GC(391) Concurrent Preclean 0.060ms
[2249.117s][info][gc,start       ] GC(391) Pause Remark
[2249.120s][info][gc             ] GC(391) Pause Remark 1727M->1727M(4096M) 3.098ms
[2249.120s][info][gc,cpu         ] GC(391) User=0.02s Sys=0.00s Real=0.00s
[2249.121s][info][gc,marking     ] GC(391) Concurrent Mark 587.826ms
[2249.121s][info][gc,marking     ] GC(391) Concurrent Rebuild Remembered Sets and Scrub Regions
[2249.352s][info][gc,marking     ] GC(391) Concurrent Rebuild Remembered Sets and Scrub Regions 230.659ms
[2249.352s][info][gc,start       ] GC(391) Pause Cleanup
[2249.352s][info][gc             ] GC(391) Pause Cleanup 1827M->1827M(4096M) 0.123ms
[2249.352s][info][gc,cpu         ] GC(391) User=0.00s Sys=0.00s Real=0.00s
[2249.352s][info][gc,marking     ] GC(391) Concurrent Clear Claimed Marks
[2249.352s][info][gc,marking     ] GC(391) Concurrent Clear Claimed Marks 0.031ms
[2249.352s][info][gc,marking     ] GC(391) Concurrent Cleanup for Next Mark
[2249.355s][info][gc,marking     ] GC(391) Concurrent Cleanup for Next Mark 3.199ms
[2249.355s][info][gc             ] GC(391) Concurrent Mark Cycle 996.831ms
.. (rIR:aIR:PR = 3321:3322:3322) (tPR = 49884) [OK] 
  2250s: Performance info:
         Transaction,    Success,    Partial,     Failed,   Receipts, AvgBarcode, 
             Overall,     199874,          0,          0,     189897,      59.48, 
         Response times:
             Request,    Success,    Partial,     Failed,   SkipFail,     Probes,    Samples,      min,      p50,      p90,      p95,      p99,      max, 
       TotalPurchase,     189902,          0,          0,          0,     186802,     199369,      300,     2800,     4600,     5900,    32000,   145000,
     InStorePurchase,      99899,          0,          0,          0,      98647,     104811,      300,     2700,     4500,     5900,    31000,   145000,
      OnlinePurchase,      69963,          0,          0,          0,      68655,      73475,      300,     2700,     4500,     5800,    31000,   145000,
        InstPurchase,      20040,          0,          0,          0,      19500,      21083,      400,     3200,     4900,     6400,    37000,   145000,
          AssocOfCat,        201,          0,          0,          0,        150,        215,    18500,    26000,    33000,    38000,    86760,   116000,
      AssocOfProduct,       1993,          0,          0,          0,       1781,       2035,      400,     1800,     3400,     4100,    16404,    62000,
      BusinessReport,        499,          0,          0,          0,        412,        526,    21000,    30000,    47000,    58650,   165000,   191000,
          CustBuyBeh,       1993,          0,          0,          0,       1833,       2092,      400,     2500,     3900,     5200,    29000,   116000,
       ProductReturn,       5287,          0,          0,          0,       4970,       5525,      200,     2600,     4200,     5300,    29740,   144000,

  2250s: (25%)   IR =   3459 ...[2253.778s][info][gc,start       ] GC(392) Pause Young (Prepare Mixed) (G1 Evacuation Pause)
[2253.778s][info][gc,task        ] GC(392) Using 6 workers of 6 for evacuation
[2253.894s][info][gc,phases      ] GC(392)   Pre Evacuate Collection Set: 0.36ms
[2253.894s][info][gc,phases      ] GC(392)   Merge Heap Roots: 0.56ms
[2253.894s][info][gc,phases      ] GC(392)   Evacuate Collection Set: 114.17ms
[2253.894s][info][gc,phases      ] GC(392)   Post Evacuate Collection Set: 0.95ms
[2253.894s][info][gc,phases      ] GC(392)   Other: 0.09ms
[2253.894s][info][gc,heap        ] GC(392) Eden regions: 1119->0(1112)
[2253.894s][info][gc,heap        ] GC(392) Survivor regions: 109->109(154)
[2253.894s][info][gc,heap        ] GC(392) Old regions: 504->535
[2253.894s][info][gc,heap        ] GC(392) Humongous regions: 80->80
[2253.894s][info][gc,metaspace   ] GC(392) Metaspace: 28934K(29248K)->28934K(29248K) NonClass: 24051K(24192K)->24051K(24192K) Class: 4882K(5056K)->4882K(5056K)
[2253.894s][info][gc             ] GC(392) Pause Young (Prepare Mixed) (G1 Evacuation Pause) 3622M->1446M(4096M) 116.279ms
[2253.894s][info][gc,cpu         ] GC(392) User=0.69s Sys=0.01s Real=0.11s
..|...[2259.238s][info][gc,start       ] GC(393) Pause Young (Mixed) (G1 Evacuation Pause)
[2259.238s][info][gc,task        ] GC(393) Using 6 workers of 6 for evacuation
[2259.371s][info][gc,phases      ] GC(393)   Pre Evacuate Collection Set: 0.42ms
[2259.371s][info][gc,phases      ] GC(393)   Merge Heap Roots: 0.75ms
[2259.371s][info][gc,phases      ] GC(393)   Evacuate Collection Set: 130.68ms
[2259.371s][info][gc,phases      ] GC(393)   Post Evacuate Collection Set: 1.01ms
[2259.371s][info][gc,phases      ] GC(393)   Other: 0.11ms
[2259.371s][info][gc,heap        ] GC(393) Eden regions: 1112->0(1119)
[2259.371s][info][gc,heap        ] GC(393) Survivor regions: 109->109(153)
[2259.371s][info][gc,heap        ] GC(393) Old regions: 535->472
[2259.371s][info][gc,heap        ] GC(393) Humongous regions: 80->80
[2259.371s][info][gc,metaspace   ] GC(393) Metaspace: 28934K(29248K)->28934K(29248K) NonClass: 24051K(24192K)->24051K(24192K) Class: 4882K(5056K)->4882K(5056K)
[2259.371s][info][gc             ] GC(393) Pause Young (Mixed) (G1 Evacuation Pause) 3670M->1321M(4096M) 133.117ms
[2259.371s][info][gc,cpu         ] GC(393) User=0.78s Sys=0.00s Real=0.13s
.....[2264.684s][info][gc,start       ] GC(394) Pause Young (Concurrent Start) (G1 Evacuation Pause)
[2264.684s][info][gc,task        ] GC(394) Using 6 workers of 6 for evacuation
[2264.802s][info][gc,phases      ] GC(394)   Pre Evacuate Collection Set: 0.40ms
[2264.802s][info][gc,phases      ] GC(394)   Merge Heap Roots: 0.54ms
[2264.802s][info][gc,phases      ] GC(394)   Evacuate Collection Set: 115.61ms
[2264.802s][info][gc,phases      ] GC(394)   Post Evacuate Collection Set: 0.89ms
[2264.802s][info][gc,phases      ] GC(394)   Other: 0.12ms
[2264.802s][info][gc,heap        ] GC(394) Eden regions: 1119->0(1119)
[2264.802s][info][gc,heap        ] GC(394) Survivor regions: 109->109(154)
[2264.802s][info][gc,heap        ] GC(394) Old regions: 472->504
[2264.802s][info][gc,heap        ] GC(394) Humongous regions: 80->80
[2264.802s][info][gc,metaspace   ] GC(394) Metaspace: 28934K(29248K)->28934K(29248K) NonClass: 24051K(24192K)->24051K(24192K) Class: 4882K(5056K)->4882K(5056K)
[2264.802s][info][gc             ] GC(394) Pause Young (Concurrent Start) (G1 Evacuation Pause) 3559M->1385M(4096M) 117.685ms
[2264.802s][info][gc             ] GC(395) Concurrent Mark Cycle
[2264.802s][info][gc,marking     ] GC(395) Concurrent Scan Root Regions
[2264.802s][info][gc,cpu         ] GC(394) User=0.69s Sys=0.00s Real=0.12s
.[2264.931s][info][gc,marking     ] GC(395) Concurrent Scan Root Regions 129.527ms
[2264.931s][info][gc,marking     ] GC(395) Concurrent Mark
[2264.931s][info][gc,marking     ] GC(395) Concurrent Mark From Roots
[2264.931s][info][gc,task        ] GC(395) Using 2 workers of 2 for marking
[2265.513s][info][gc,marking     ] GC(395) Concurrent Mark From Roots 581.197ms
[2265.513s][info][gc,marking     ] GC(395) Concurrent Preclean
[2265.513s][info][gc,marking     ] GC(395) Concurrent Preclean 0.064ms
[2265.513s][info][gc,start       ] GC(395) Pause Remark
[2265.516s][info][gc             ] GC(395) Pause Remark 1694M->1694M(4096M) 3.052ms
[2265.516s][info][gc,cpu         ] GC(395) User=0.01s Sys=0.00s Real=0.00s
[2265.516s][info][gc,marking     ] GC(395) Concurrent Mark 584.602ms
[2265.516s][info][gc,marking     ] GC(395) Concurrent Rebuild Remembered Sets and Scrub Regions
[2265.743s][info][gc,marking     ] GC(395) Concurrent Rebuild Remembered Sets and Scrub Regions 227.106ms
[2265.744s][info][gc,start       ] GC(395) Pause Cleanup
[2265.744s][info][gc             ] GC(395) Pause Cleanup 1792M->1792M(4096M) 0.142ms
[2265.744s][info][gc,cpu         ] GC(395) User=0.00s Sys=0.00s Real=0.00s
[2265.744s][info][gc,marking     ] GC(395) Concurrent Clear Claimed Marks
[2265.744s][info][gc,marking     ] GC(395) Concurrent Clear Claimed Marks 0.041ms
[2265.744s][info][gc,marking     ] GC(395) Concurrent Cleanup for Next Mark
[2265.748s][info][gc,marking     ] GC(395) Concurrent Cleanup for Next Mark 3.658ms
[2265.748s][info][gc             ] GC(395) Concurrent Mark Cycle 946.403ms
.....[2270.103s][info][gc,start       ] GC(396) Pause Young (Prepare Mixed) (G1 Evacuation Pause)
[2270.103s][info][gc,task        ] GC(396) Using 6 workers of 6 for evacuation
[2270.219s][info][gc,phases      ] GC(396)   Pre Evacuate Collection Set: 0.37ms
[2270.219s][info][gc,phases      ] GC(396)   Merge Heap Roots: 0.53ms
[2270.219s][info][gc,phases      ] GC(396)   Evacuate Collection Set: 114.22ms
[2270.219s][info][gc,phases      ] GC(396)   Post Evacuate Collection Set: 0.94ms
[2270.219s][info][gc,phases      ] GC(396)   Other: 0.09ms
[2270.219s][info][gc,heap        ] GC(396) Eden regions: 1119->0(1111)
[2270.219s][info][gc,heap        ] GC(396) Survivor regions: 109->109(154)
[2270.219s][info][gc,heap        ] GC(396) Old regions: 504->536
[2270.219s][info][gc,heap        ] GC(396) Humongous regions: 80->80
[2270.219s][info][gc,metaspace   ] GC(396) Metaspace: 28934K(29248K)->28934K(29248K) NonClass: 24051K(24192K)->24051K(24192K) Class: 4882K(5056K)->4882K(5056K)
[2270.219s][info][gc             ] GC(396) Pause Young (Prepare Mixed) (G1 Evacuation Pause) 3623M->1448M(4096M) 116.289ms
[2270.219s][info][gc,cpu         ] GC(396) User=0.69s Sys=0.00s Real=0.12s
.....[2275.583s][info][gc,start       ] GC(397) Pause Young (Mixed) (G1 Evacuation Pause)
[2275.583s][info][gc,task        ] GC(397) Using 6 workers of 6 for evacuation
[2275.713s][info][gc,phases      ] GC(397)   Pre Evacuate Collection Set: 0.41ms
[2275.713s][info][gc,phases      ] GC(397)   Merge Heap Roots: 0.66ms
[2275.713s][info][gc,phases      ] GC(397)   Evacuate Collection Set: 128.67ms
[2275.713s][info][gc,phases      ] GC(397)   Post Evacuate Collection Set: 0.96ms
[2275.713s][info][gc,phases      ] GC(397)   Other: 0.10ms
[2275.713s][info][gc,heap        ] GC(397) Eden regions: 1111->0(1121)
[2275.713s][info][gc,heap        ] GC(397) Survivor regions: 109->107(153)
[2275.713s][info][gc,heap        ] GC(397) Old regions: 536->472
[2275.713s][info][gc,heap        ] GC(397) Humongous regions: 80->80
[2275.713s][info][gc,metaspace   ] GC(397) Metaspace: 28934K(29248K)->28934K(29248K) NonClass: 24051K(24192K)->24051K(24192K) Class: 4882K(5056K)->4882K(5056K)
[2275.713s][info][gc             ] GC(397) Pause Young (Mixed) (G1 Evacuation Pause) 3670M->1316M(4096M) 130.927ms
[2275.714s][info][gc,cpu         ] GC(397) User=0.78s Sys=0.00s Real=0.13s
......[2281.040s][info][gc,start       ] GC(398) Pause Young (Concurrent Start) (G1 Evacuation Pause)
[2281.040s][info][gc,task        ] GC(398) Using 6 workers of 6 for evacuation
[2281.159s][info][gc,phases      ] GC(398)   Pre Evacuate Collection Set: 0.40ms
[2281.159s][info][gc,phases      ] GC(398)   Merge Heap Roots: 0.53ms
[2281.159s][info][gc,phases      ] GC(398)   Evacuate Collection Set: 116.66ms
[2281.159s][info][gc,phases      ] GC(398)   Post Evacuate Collection Set: 0.93ms
[2281.159s][info][gc,phases      ] GC(398)   Other: 0.14ms
[2281.159s][info][gc,heap        ] GC(398) Eden regions: 1121->0(1118)
[2281.159s][info][gc,heap        ] GC(398) Survivor regions: 107->110(154)
[2281.159s][info][gc,heap        ] GC(398) Old regions: 472->504
[2281.159s][info][gc,heap        ] GC(398) Humongous regions: 80->80
[2281.159s][info][gc,metaspace   ] GC(398) Metaspace: 28934K(29248K)->28934K(29248K) NonClass: 24051K(24192K)->24051K(24192K) Class: 4882K(5056K)->4882K(5056K)
[2281.159s][info][gc             ] GC(398) Pause Young (Concurrent Start) (G1 Evacuation Pause) 3558M->1385M(4096M) 118.806ms
[2281.159s][info][gc             ] GC(399) Concurrent Mark Cycle
[2281.159s][info][gc,marking     ] GC(399) Concurrent Scan Root Regions
[2281.159s][info][gc,cpu         ] GC(398) User=0.71s Sys=0.00s Real=0.12s
[2281.313s][info][gc,marking     ] GC(399) Concurrent Scan Root Regions 154.060ms
[2281.313s][info][gc,marking     ] GC(399) Concurrent Mark
[2281.313s][info][gc,marking     ] GC(399) Concurrent Mark From Roots
[2281.313s][info][gc,task        ] GC(399) Using 2 workers of 2 for marking
.[2281.991s][info][gc,marking     ] GC(399) Concurrent Mark From Roots 678.157ms
[2281.991s][info][gc,marking     ] GC(399) Concurrent Preclean
[2281.992s][info][gc,marking     ] GC(399) Concurrent Preclean 0.056ms
[2281.992s][info][gc,start       ] GC(399) Pause Remark
[2281.995s][info][gc             ] GC(399) Pause Remark 1788M->1788M(4096M) 3.234ms
[2281.995s][info][gc,cpu         ] GC(399) User=0.02s Sys=0.00s Real=0.00s
[2281.995s][info][gc,marking     ] GC(399) Concurrent Mark 681.728ms
[2281.995s][info][gc,marking     ] GC(399) Concurrent Rebuild Remembered Sets and Scrub Regions
[2282.352s][info][gc,marking     ] GC(399) Concurrent Rebuild Remembered Sets and Scrub Regions 357.507ms
[2282.353s][info][gc,start       ] GC(399) Pause Cleanup
[2282.353s][info][gc             ] GC(399) Pause Cleanup 1955M->1955M(4096M) 0.121ms
[2282.353s][info][gc,cpu         ] GC(399) User=0.00s Sys=0.00s Real=0.00s
[2282.353s][info][gc,marking     ] GC(399) Concurrent Clear Claimed Marks
[2282.353s][info][gc,marking     ] GC(399) Concurrent Clear Claimed Marks 0.027ms
[2282.353s][info][gc,marking     ] GC(399) Concurrent Cleanup for Next Mark
[2282.356s][info][gc,marking     ] GC(399) Concurrent Cleanup for Next Mark 3.322ms
[2282.356s][info][gc             ] GC(399) Concurrent Mark Cycle 1197.079ms
....[2286.423s][info][gc,start       ] GC(400) Pause Young (Prepare Mixed) (G1 Evacuation Pause)
[2286.423s][info][gc,task        ] GC(400) Using 6 workers of 6 for evacuation
[2286.542s][info][gc,phases      ] GC(400)   Pre Evacuate Collection Set: 0.37ms
[2286.542s][info][gc,phases      ] GC(400)   Merge Heap Roots: 0.54ms
[2286.542s][info][gc,phases      ] GC(400)   Evacuate Collection Set: 117.18ms
[2286.542s][info][gc,phases      ] GC(400)   Post Evacuate Collection Set: 0.95ms
[2286.542s][info][gc,phases      ] GC(400)   Other: 0.08ms
[2286.542s][info][gc,heap        ] GC(400) Eden regions: 1118->0(1110)
[2286.542s][info][gc,heap        ] GC(400) Survivor regions: 110->110(154)
[2286.542s][info][gc,heap        ] GC(400) Old regions: 504->535
[2286.542s][info][gc,heap        ] GC(400) Humongous regions: 80->80
[2286.542s][info][gc,metaspace   ] GC(400) Metaspace: 28934K(29248K)->28934K(29248K) NonClass: 24051K(24192K)->24051K(24192K) Class: 4882K(5056K)->4882K(5056K)
[2286.542s][info][gc             ] GC(400) Pause Young (Prepare Mixed) (G1 Evacuation Pause) 3621M->1449M(4096M) 119.233ms
[2286.542s][info][gc,cpu         ] GC(400) User=0.71s Sys=0.00s Real=0.12s
......[2291.848s][info][gc,start       ] GC(401) Pause Young (Mixed) (G1 Evacuation Pause)
[2291.848s][info][gc,task        ] GC(401) Using 6 workers of 6 for evacuation
[2291.981s][info][gc,phases      ] GC(401)   Pre Evacuate Collection Set: 0.41ms
[2291.981s][info][gc,phases      ] GC(401)   Merge Heap Roots: 0.73ms
[2291.981s][info][gc,phases      ] GC(401)   Evacuate Collection Set: 130.87ms
[2291.981s][info][gc,phases      ] GC(401)   Post Evacuate Collection Set: 0.98ms
[2291.981s][info][gc,phases      ] GC(401)   Other: 0.09ms
[2291.981s][info][gc,heap        ] GC(401) Eden regions: 1110->0(1120)
[2291.981s][info][gc,heap        ] GC(401) Survivor regions: 110->108(153)
[2291.981s][info][gc,heap        ] GC(401) Old regions: 535->472
[2291.981s][info][gc,heap        ] GC(401) Humongous regions: 80->80
[2291.981s][info][gc,metaspace   ] GC(401) Metaspace: 28934K(29248K)->28934K(29248K) NonClass: 24051K(24192K)->24051K(24192K) Class: 4882K(5056K)->4882K(5056K)
[2291.981s][info][gc             ] GC(401) Pause Young (Mixed) (G1 Evacuation Pause) 3669M->1318M(4096M) 133.227ms
[2291.981s][info][gc,cpu         ] GC(401) User=0.79s Sys=0.00s Real=0.13s
.....[2297.306s][info][gc,start       ] GC(402) Pause Young (Concurrent Start) (G1 Evacuation Pause)
[2297.306s][info][gc,task        ] GC(402) Using 6 workers of 6 for evacuation
[2297.424s][info][gc,phases      ] GC(402)   Pre Evacuate Collection Set: 0.40ms
[2297.424s][info][gc,phases      ] GC(402)   Merge Heap Roots: 0.48ms
[2297.424s][info][gc,phases      ] GC(402)   Evacuate Collection Set: 115.69ms
[2297.424s][info][gc,phases      ] GC(402)   Post Evacuate Collection Set: 0.90ms
[2297.424s][info][gc,phases      ] GC(402)   Other: 0.10ms
[2297.424s][info][gc,heap        ] GC(402) Eden regions: 1120->0(1119)
[2297.424s][info][gc,heap        ] GC(402) Survivor regions: 108->109(154)
[2297.424s][info][gc,heap        ] GC(402) Old regions: 472->503
[2297.424s][info][gc,heap        ] GC(402) Humongous regions: 80->80
[2297.424s][info][gc,metaspace   ] GC(402) Metaspace: 28934K(29248K)->28934K(29248K) NonClass: 24051K(24192K)->24051K(24192K) Class: 4882K(5056K)->4882K(5056K)
[2297.424s][info][gc             ] GC(402) Pause Young (Concurrent Start) (G1 Evacuation Pause) 3558M->1383M(4096M) 117.693ms
[2297.424s][info][gc             ] GC(403) Concurrent Mark Cycle
[2297.424s][info][gc,marking     ] GC(403) Concurrent Scan Root Regions
[2297.424s][info][gc,cpu         ] GC(402) User=0.70s Sys=0.00s Real=0.12s
[2297.597s][info][gc,marking     ] GC(403) Concurrent Scan Root Regions 172.603ms
[2297.597s][info][gc,marking     ] GC(403) Concurrent Mark
[2297.597s][info][gc,marking     ] GC(403) Concurrent Mark From Roots
[2297.597s][info][gc,task        ] GC(403) Using 2 workers of 2 for marking
.[2298.528s][info][gc,marking     ] GC(403) Concurrent Mark From Roots 931.409ms
[2298.528s][info][gc,marking     ] GC(403) Concurrent Preclean
[2298.528s][info][gc,marking     ] GC(403) Concurrent Preclean 0.066ms
[2298.528s][info][gc,start       ] GC(403) Pause Remark
[2298.532s][info][gc             ] GC(403) Pause Remark 1885M->1885M(4096M) 3.551ms
[2298.532s][info][gc,cpu         ] GC(403) User=0.02s Sys=0.00s Real=0.00s
[2298.532s][info][gc,marking     ] GC(403) Concurrent Mark 935.350ms
[2298.532s][info][gc,marking     ] GC(403) Concurrent Rebuild Remembered Sets and Scrub Regions
[2298.770s][info][gc,marking     ] GC(403) Concurrent Rebuild Remembered Sets and Scrub Regions 237.705ms
[2298.770s][info][gc,start       ] GC(403) Pause Cleanup
[2298.770s][info][gc             ] GC(403) Pause Cleanup 1985M->1985M(4096M) 0.139ms
[2298.770s][info][gc,cpu         ] GC(403) User=0.00s Sys=0.00s Real=0.00s
[2298.770s][info][gc,marking     ] GC(403) Concurrent Clear Claimed Marks
[2298.770s][info][gc,marking     ] GC(403) Concurrent Clear Claimed Marks 0.035ms
[2298.770s][info][gc,marking     ] GC(403) Concurrent Cleanup for Next Mark
[2298.774s][info][gc,marking     ] GC(403) Concurrent Cleanup for Next Mark 3.280ms
[2298.774s][info][gc             ] GC(403) Concurrent Mark Cycle 1349.503ms
.....[2302.839s][info][gc,start       ] GC(404) Pause Young (Prepare Mixed) (G1 Evacuation Pause)
[2302.839s][info][gc,task        ] GC(404) Using 6 workers of 6 for evacuation
[2302.958s][info][gc,phases      ] GC(404)   Pre Evacuate Collection Set: 0.37ms
[2302.958s][info][gc,phases      ] GC(404)   Merge Heap Roots: 0.58ms
[2302.958s][info][gc,phases      ] GC(404)   Evacuate Collection Set: 117.29ms
[2302.958s][info][gc,phases      ] GC(404)   Post Evacuate Collection Set: 0.98ms
[2302.958s][info][gc,phases      ] GC(404)   Other: 0.09ms
[2302.958s][info][gc,heap        ] GC(404) Eden regions: 1119->0(1111)
[2302.958s][info][gc,heap        ] GC(404) Survivor regions: 109->110(154)
[2302.958s][info][gc,heap        ] GC(404) Old regions: 503->534
[2302.958s][info][gc,heap        ] GC(404) Humongous regions: 80->80
[2302.958s][info][gc,metaspace   ] GC(404) Metaspace: 28934K(29248K)->28934K(29248K) NonClass: 24051K(24192K)->24051K(24192K) Class: 4882K(5056K)->4882K(5056K)
[2302.958s][info][gc             ] GC(404) Pause Young (Prepare Mixed) (G1 Evacuation Pause) 3621M->1447M(4096M) 119.451ms
[2302.958s][info][gc,cpu         ] GC(404) User=0.70s Sys=0.00s Real=0.12s
.....[2308.260s][info][gc,start       ] GC(405) Pause Young (Mixed) (G1 Evacuation Pause)
[2308.260s][info][gc,task        ] GC(405) Using 6 workers of 6 for evacuation
[2308.396s][info][gc,phases      ] GC(405)   Pre Evacuate Collection Set: 0.41ms
[2308.396s][info][gc,phases      ] GC(405)   Merge Heap Roots: 0.74ms
[2308.396s][info][gc,phases      ] GC(405)   Evacuate Collection Set: 133.06ms
[2308.396s][info][gc,phases      ] GC(405)   Post Evacuate Collection Set: 0.99ms
[2308.396s][info][gc,phases      ] GC(405)   Other: 0.09ms
[2308.396s][info][gc,heap        ] GC(405) Eden regions: 1111->0(1119)
[2308.396s][info][gc,heap        ] GC(405) Survivor regions: 110->109(153)
[2308.396s][info][gc,heap        ] GC(405) Old regions: 534->470
[2308.396s][info][gc,heap        ] GC(405) Humongous regions: 80->80
[2308.396s][info][gc,metaspace   ] GC(405) Metaspace: 28934K(29248K)->28934K(29248K) NonClass: 24051K(24192K)->24051K(24192K) Class: 4882K(5056K)->4882K(5056K)
[2308.396s][info][gc             ] GC(405) Pause Young (Mixed) (G1 Evacuation Pause) 3669M->1317M(4096M) 135.422ms
[2308.396s][info][gc,cpu         ] GC(405) User=0.80s Sys=0.00s Real=0.13s
.....[2313.622s][info][gc,start       ] GC(406) Pause Young (Concurrent Start) (G1 Evacuation Pause)
[2313.622s][info][gc,task        ] GC(406) Using 6 workers of 6 for evacuation
[2313.737s][info][gc,phases      ] GC(406)   Pre Evacuate Collection Set: 0.41ms
[2313.737s][info][gc,phases      ] GC(406)   Merge Heap Roots: 0.47ms
[2313.737s][info][gc,phases      ] GC(406)   Evacuate Collection Set: 113.38ms
[2313.737s][info][gc,phases      ] GC(406)   Post Evacuate Collection Set: 0.91ms
[2313.737s][info][gc,phases      ] GC(406)   Other: 0.11ms
[2313.737s][info][gc,heap        ] GC(406) Eden regions: 1119->0(1121)
[2313.737s][info][gc,heap        ] GC(406) Survivor regions: 109->107(154)
[2313.737s][info][gc,heap        ] GC(406) Old regions: 470->503
[2313.737s][info][gc,heap        ] GC(406) Humongous regions: 80->80
[2313.737s][info][gc,metaspace   ] GC(406) Metaspace: 28934K(29248K)->28934K(29248K) NonClass: 24051K(24192K)->24051K(24192K) Class: 4882K(5056K)->4882K(5056K)
[2313.737s][info][gc             ] GC(406) Pause Young (Concurrent Start) (G1 Evacuation Pause) 3555M->1378M(4096M) 115.440ms
[2313.737s][info][gc             ] GC(407) Concurrent Mark Cycle
[2313.737s][info][gc,marking     ] GC(407) Concurrent Scan Root Regions
[2313.737s][info][gc,cpu         ] GC(406) User=0.68s Sys=0.00s Real=0.12s
.[2313.867s][info][gc,marking     ] GC(407) Concurrent Scan Root Regions 129.689ms
[2313.867s][info][gc,marking     ] GC(407) Concurrent Mark
[2313.867s][info][gc,marking     ] GC(407) Concurrent Mark From Roots
[2313.867s][info][gc,task        ] GC(407) Using 2 workers of 2 for marking
[2314.454s][info][gc,marking     ] GC(407) Concurrent Mark From Roots 587.061ms
[2314.454s][info][gc,marking     ] GC(407) Concurrent Preclean
[2314.454s][info][gc,marking     ] GC(407) Concurrent Preclean 0.049ms
[2314.454s][info][gc,start       ] GC(407) Pause Remark
[2314.458s][info][gc             ] GC(407) Pause Remark 1719M->1719M(4096M) 3.172ms
[2314.458s][info][gc,cpu         ] GC(407) User=0.02s Sys=0.00s Real=0.01s
[2314.458s][info][gc,marking     ] GC(407) Concurrent Mark 590.564ms
[2314.458s][info][gc,marking     ] GC(407) Concurrent Rebuild Remembered Sets and Scrub Regions
[2314.686s][info][gc,marking     ] GC(407) Concurrent Rebuild Remembered Sets and Scrub Regions 228.718ms
[2314.687s][info][gc,start       ] GC(407) Pause Cleanup
[2314.687s][info][gc             ] GC(407) Pause Cleanup 1804M->1804M(4096M) 0.125ms
[2314.687s][info][gc,cpu         ] GC(407) User=0.00s Sys=0.00s Real=0.00s
[2314.687s][info][gc,marking     ] GC(407) Concurrent Clear Claimed Marks
[2314.687s][info][gc,marking     ] GC(407) Concurrent Clear Claimed Marks 0.041ms
[2314.687s][info][gc,marking     ] GC(407) Concurrent Cleanup for Next Mark
[2314.692s][info][gc,marking     ] GC(407) Concurrent Cleanup for Next Mark 4.781ms
[2314.692s][info][gc             ] GC(407) Concurrent Mark Cycle 954.905ms
.. (rIR:aIR:PR = 3459:3460:3460) (tPR = 51205) [OK] 
  2315s: Performance info:
         Transaction,    Success,    Partial,     Failed,   Receipts, AvgBarcode, 
             Overall,     207967,          0,          0,     197549,      59.47, 
         Response times:
             Request,    Success,    Partial,     Failed,   SkipFail,     Probes,    Samples,      min,      p50,      p90,      p95,      p99,      max, 
       TotalPurchase,     197549,          0,          0,          0,     193633,     210514,      300,     2900,     4800,     6400,    25000,   172000,
     InStorePurchase,     103983,          0,          0,          0,     102052,     110575,      300,     2900,     4800,     6300,    26000,   172000,
      OnlinePurchase,      72776,          0,          0,          0,      71352,      77681,      300,     2800,     4800,     6400,    24000,   141000,
        InstPurchase,      20790,          0,          0,          0,      20229,      22258,      400,     3000,     4900,     6400,    26000,   140000,
          AssocOfCat,        208,          0,          0,          0,        140,        202,    21000,    28000,    44700,    55700,    80910,   150000,
      AssocOfProduct,       2094,          0,          0,          0,       1908,       2226,      500,     3400,     5100,     6965,    28000,   165000,
      BusinessReport,        517,          0,          0,          0,        418,        538,    20000,    31000,    48000,    53000,    95440,   182000,
          CustBuyBeh,       2084,          0,          0,          0,       1910,       2189,      200,     1900,     4600,     5400,    13500,   138000,
       ProductReturn,       5515,          0,          0,          0,       5190,       5891,      200,     3400,     5200,     7100,    26080,   139000,

  2315s: (26%)   IR =   3598 ...[2319.042s][info][gc,start       ] GC(408) Pause Young (Prepare Mixed) (G1 Evacuation Pause)
[2319.043s][info][gc,task        ] GC(408) Using 6 workers of 6 for evacuation
[2319.160s][info][gc,phases      ] GC(408)   Pre Evacuate Collection Set: 0.35ms
[2319.160s][info][gc,phases      ] GC(408)   Merge Heap Roots: 0.51ms
[2319.160s][info][gc,phases      ] GC(408)   Evacuate Collection Set: 115.98ms
[2319.160s][info][gc,phases      ] GC(408)   Post Evacuate Collection Set: 0.97ms
[2319.160s][info][gc,phases      ] GC(408)   Other: 0.08ms
[2319.160s][info][gc,heap        ] GC(408) Eden regions: 1121->0(1112)
[2319.160s][info][gc,heap        ] GC(408) Survivor regions: 107->109(154)
[2319.160s][info][gc,heap        ] GC(408) Old regions: 503->535
[2319.160s][info][gc,heap        ] GC(408) Humongous regions: 80->80
[2319.161s][info][gc,metaspace   ] GC(408) Metaspace: 28934K(29248K)->28934K(29248K) NonClass: 24051K(24192K)->24051K(24192K) Class: 4882K(5056K)->4882K(5056K)
[2319.161s][info][gc             ] GC(408) Pause Young (Prepare Mixed) (G1 Evacuation Pause) 3620M->1446M(4096M) 118.025ms
[2319.161s][info][gc,cpu         ] GC(408) User=0.70s Sys=0.00s Real=0.12s
.|....[2324.166s][info][gc,start       ] GC(409) Pause Young (Mixed) (G1 Evacuation Pause)
[2324.166s][info][gc,task        ] GC(409) Using 6 workers of 6 for evacuation
[2324.299s][info][gc,phases      ] GC(409)   Pre Evacuate Collection Set: 0.39ms
[2324.299s][info][gc,phases      ] GC(409)   Merge Heap Roots: 0.65ms
[2324.299s][info][gc,phases      ] GC(409)   Evacuate Collection Set: 130.25ms
[2324.299s][info][gc,phases      ] GC(409)   Post Evacuate Collection Set: 0.97ms
[2324.299s][info][gc,phases      ] GC(409)   Other: 0.10ms
[2324.299s][info][gc,heap        ] GC(409) Eden regions: 1112->0(1118)
[2324.299s][info][gc,heap        ] GC(409) Survivor regions: 109->110(153)
[2324.299s][info][gc,heap        ] GC(409) Old regions: 535->472
[2324.299s][info][gc,heap        ] GC(409) Humongous regions: 80->80
[2324.299s][info][gc,metaspace   ] GC(409) Metaspace: 28934K(29248K)->28934K(29248K) NonClass: 24051K(24192K)->24051K(24192K) Class: 4882K(5056K)->4882K(5056K)
[2324.299s][info][gc             ] GC(409) Pause Young (Mixed) (G1 Evacuation Pause) 3670M->1321M(4096M) 132.502ms
[2324.299s][info][gc,cpu         ] GC(409) User=0.78s Sys=0.00s Real=0.14s
.....[2329.446s][info][gc,start       ] GC(410) Pause Young (Concurrent Start) (G1 Evacuation Pause)
[2329.446s][info][gc,task        ] GC(410) Using 6 workers of 6 for evacuation
[2329.579s][info][gc,phases      ] GC(410)   Pre Evacuate Collection Set: 0.53ms
[2329.579s][info][gc,phases      ] GC(410)   Merge Heap Roots: 0.64ms
[2329.579s][info][gc,phases      ] GC(410)   Evacuate Collection Set: 130.55ms
[2329.579s][info][gc,phases      ] GC(410)   Post Evacuate Collection Set: 0.94ms
[2329.579s][info][gc,phases      ] GC(410)   Other: 0.14ms
[2329.579s][info][gc,heap        ] GC(410) Eden regions: 1118->0(1121)
[2329.579s][info][gc,heap        ] GC(410) Survivor regions: 110->107(154)
[2329.579s][info][gc,heap        ] GC(410) Old regions: 472->504
[2329.579s][info][gc,heap        ] GC(410) Humongous regions: 80->80
[2329.579s][info][gc,metaspace   ] GC(410) Metaspace: 28934K(29248K)->28934K(29248K) NonClass: 24051K(24192K)->24051K(24192K) Class: 4882K(5056K)->4882K(5056K)
[2329.579s][info][gc             ] GC(410) Pause Young (Concurrent Start) (G1 Evacuation Pause) 3557M->1380M(4096M) 132.933ms
[2329.579s][info][gc             ] GC(411) Concurrent Mark Cycle
[2329.579s][info][gc,marking     ] GC(411) Concurrent Scan Root Regions
[2329.579s][info][gc,cpu         ] GC(410) User=0.78s Sys=0.01s Real=0.14s
[2329.752s][info][gc,marking     ] GC(411) Concurrent Scan Root Regions 173.168ms
[2329.752s][info][gc,marking     ] GC(411) Concurrent Mark
[2329.752s][info][gc,marking     ] GC(411) Concurrent Mark From Roots
[2329.752s][info][gc,task        ] GC(411) Using 2 workers of 2 for marking
.[2330.469s][info][gc,marking     ] GC(411) Concurrent Mark From Roots 716.251ms
[2330.469s][info][gc,marking     ] GC(411) Concurrent Preclean
[2330.469s][info][gc,marking     ] GC(411) Concurrent Preclean 0.068ms
[2330.469s][info][gc,start       ] GC(411) Pause Remark
[2330.472s][info][gc             ] GC(411) Pause Remark 1829M->1829M(4096M) 3.403ms
[2330.472s][info][gc,cpu         ] GC(411) User=0.02s Sys=0.00s Real=0.00s
[2330.472s][info][gc,marking     ] GC(411) Concurrent Mark 719.971ms
[2330.472s][info][gc,marking     ] GC(411) Concurrent Rebuild Remembered Sets and Scrub Regions
[2330.725s][info][gc,marking     ] GC(411) Concurrent Rebuild Remembered Sets and Scrub Regions 252.617ms
[2330.725s][info][gc,start       ] GC(411) Pause Cleanup
[2330.725s][info][gc             ] GC(411) Pause Cleanup 1925M->1925M(4096M) 0.140ms
[2330.725s][info][gc,cpu         ] GC(411) User=0.00s Sys=0.00s Real=0.00s
[2330.725s][info][gc,marking     ] GC(411) Concurrent Clear Claimed Marks
[2330.725s][info][gc,marking     ] GC(411) Concurrent Clear Claimed Marks 0.029ms
[2330.725s][info][gc,marking     ] GC(411) Concurrent Cleanup for Next Mark
[2330.728s][info][gc,marking     ] GC(411) Concurrent Cleanup for Next Mark 3.289ms
[2330.729s][info][gc             ] GC(411) Concurrent Mark Cycle 1149.520ms
....[2334.666s][info][gc,start       ] GC(412) Pause Young (Prepare Mixed) (G1 Evacuation Pause)
[2334.666s][info][gc,task        ] GC(412) Using 6 workers of 6 for evacuation
[2334.783s][info][gc,phases      ] GC(412)   Pre Evacuate Collection Set: 0.35ms
[2334.783s][info][gc,phases      ] GC(412)   Merge Heap Roots: 0.57ms
[2334.783s][info][gc,phases      ] GC(412)   Evacuate Collection Set: 114.90ms
[2334.783s][info][gc,phases      ] GC(412)   Post Evacuate Collection Set: 0.96ms
[2334.783s][info][gc,phases      ] GC(412)   Other: 0.08ms
[2334.783s][info][gc,heap        ] GC(412) Eden regions: 1121->0(1114)
[2334.783s][info][gc,heap        ] GC(412) Survivor regions: 107->108(154)
[2334.783s][info][gc,heap        ] GC(412) Old regions: 504->535
[2334.783s][info][gc,heap        ] GC(412) Humongous regions: 80->80
[2334.783s][info][gc,metaspace   ] GC(412) Metaspace: 28934K(29248K)->28934K(29248K) NonClass: 24051K(24192K)->24051K(24192K) Class: 4882K(5056K)->4882K(5056K)
[2334.783s][info][gc             ] GC(412) Pause Young (Prepare Mixed) (G1 Evacuation Pause) 3622M->1444M(4096M) 117.031ms
[2334.783s][info][gc,cpu         ] GC(412) User=0.69s Sys=0.00s Real=0.12s
......[2339.907s][info][gc,start       ] GC(413) Pause Young (Mixed) (G1 Evacuation Pause)
[2339.907s][info][gc,task        ] GC(413) Using 6 workers of 6 for evacuation
[2340.040s][info][gc,phases      ] GC(413)   Pre Evacuate Collection Set: 0.41ms
[2340.040s][info][gc,phases      ] GC(413)   Merge Heap Roots: 0.74ms
[2340.040s][info][gc,phases      ] GC(413)   Evacuate Collection Set: 130.30ms
[2340.040s][info][gc,phases      ] GC(413)   Post Evacuate Collection Set: 0.98ms
[2340.040s][info][gc,phases      ] GC(413)   Other: 0.09ms
[2340.040s][info][gc,heap        ] GC(413) Eden regions: 1114->0(1120)
[2340.040s][info][gc,heap        ] GC(413) Survivor regions: 108->108(153)
[2340.040s][info][gc,heap        ] GC(413) Old regions: 535->471
[2340.040s][info][gc,heap        ] GC(413) Humongous regions: 80->80
[2340.040s][info][gc,metaspace   ] GC(413) Metaspace: 28934K(29248K)->28934K(29248K) NonClass: 24051K(24192K)->24051K(24192K) Class: 4882K(5056K)->4882K(5056K)
[2340.040s][info][gc             ] GC(413) Pause Young (Mixed) (G1 Evacuation Pause) 3672M->1316M(4096M) 132.645ms
[2340.040s][info][gc,cpu         ] GC(413) User=0.79s Sys=0.00s Real=0.13s
.....[2345.153s][info][gc,start       ] GC(414) Pause Young (Concurrent Start) (G1 Evacuation Pause)
[2345.153s][info][gc,task        ] GC(414) Using 6 workers of 6 for evacuation
[2345.272s][info][gc,phases      ] GC(414)   Pre Evacuate Collection Set: 0.41ms
[2345.272s][info][gc,phases      ] GC(414)   Merge Heap Roots: 0.53ms
[2345.272s][info][gc,phases      ] GC(414)   Evacuate Collection Set: 116.85ms
[2345.272s][info][gc,phases      ] GC(414)   Post Evacuate Collection Set: 0.84ms
[2345.272s][info][gc,phases      ] GC(414)   Other: 0.13ms
[2345.272s][info][gc,heap        ] GC(414) Eden regions: 1120->0(1119)
[2345.272s][info][gc,heap        ] GC(414) Survivor regions: 108->109(154)
[2345.272s][info][gc,heap        ] GC(414) Old regions: 471->503
[2345.272s][info][gc,heap        ] GC(414) Humongous regions: 80->80
[2345.272s][info][gc,metaspace   ] GC(414) Metaspace: 28934K(29248K)->28934K(29248K) NonClass: 24051K(24192K)->24051K(24192K) Class: 4882K(5056K)->4882K(5056K)
[2345.272s][info][gc             ] GC(414) Pause Young (Concurrent Start) (G1 Evacuation Pause) 3556M->1382M(4096M) 118.910ms
[2345.272s][info][gc             ] GC(415) Concurrent Mark Cycle
[2345.272s][info][gc,marking     ] GC(415) Concurrent Scan Root Regions
[2345.272s][info][gc,cpu         ] GC(414) User=0.70s Sys=0.00s Real=0.12s
[2345.442s][info][gc,marking     ] GC(415) Concurrent Scan Root Regions 169.364ms
[2345.442s][info][gc,marking     ] GC(415) Concurrent Mark
[2345.442s][info][gc,marking     ] GC(415) Concurrent Mark From Roots
[2345.442s][info][gc,task        ] GC(415) Using 2 workers of 2 for marking
.[2346.097s][info][gc,marking     ] GC(415) Concurrent Mark From Roots 655.387ms
[2346.097s][info][gc,marking     ] GC(415) Concurrent Preclean
[2346.097s][info][gc,marking     ] GC(415) Concurrent Preclean 0.056ms
[2346.097s][info][gc,start       ] GC(415) Pause Remark
[2346.101s][info][gc             ] GC(415) Pause Remark 1778M->1778M(4096M) 3.311ms
[2346.101s][info][gc,cpu         ] GC(415) User=0.02s Sys=0.00s Real=0.00s
[2346.101s][info][gc,marking     ] GC(415) Concurrent Mark 659.018ms
[2346.101s][info][gc,marking     ] GC(415) Concurrent Rebuild Remembered Sets and Scrub Regions
[2346.360s][info][gc,marking     ] GC(415) Concurrent Rebuild Remembered Sets and Scrub Regions 258.854ms
[2346.360s][info][gc,start       ] GC(415) Pause Cleanup
[2346.360s][info][gc             ] GC(415) Pause Cleanup 1901M->1901M(4096M) 0.135ms
[2346.360s][info][gc,cpu         ] GC(415) User=0.00s Sys=0.00s Real=0.00s
[2346.360s][info][gc,marking     ] GC(415) Concurrent Clear Claimed Marks
[2346.360s][info][gc,marking     ] GC(415) Concurrent Clear Claimed Marks 0.034ms
[2346.360s][info][gc,marking     ] GC(415) Concurrent Cleanup for Next Mark
[2346.364s][info][gc,marking     ] GC(415) Concurrent Cleanup for Next Mark 3.786ms
[2346.364s][info][gc             ] GC(415) Concurrent Mark Cycle 1091.559ms
....[2350.393s][info][gc,start       ] GC(416) Pause Young (Prepare Mixed) (G1 Evacuation Pause)
[2350.393s][info][gc,task        ] GC(416) Using 6 workers of 6 for evacuation
[2350.510s][info][gc,phases      ] GC(416)   Pre Evacuate Collection Set: 0.34ms
[2350.510s][info][gc,phases      ] GC(416)   Merge Heap Roots: 0.54ms
[2350.510s][info][gc,phases      ] GC(416)   Evacuate Collection Set: 115.47ms
[2350.510s][info][gc,phases      ] GC(416)   Post Evacuate Collection Set: 0.99ms
[2350.510s][info][gc,phases      ] GC(416)   Other: 0.09ms
[2350.510s][info][gc,heap        ] GC(416) Eden regions: 1119->0(1112)
[2350.510s][info][gc,heap        ] GC(416) Survivor regions: 109->109(154)
[2350.510s][info][gc,heap        ] GC(416) Old regions: 503->535
[2350.510s][info][gc,heap        ] GC(416) Humongous regions: 80->80
[2350.510s][info][gc,metaspace   ] GC(416) Metaspace: 28934K(29248K)->28934K(29248K) NonClass: 24051K(24192K)->24051K(24192K) Class: 4882K(5056K)->4882K(5056K)
[2350.510s][info][gc             ] GC(416) Pause Young (Prepare Mixed) (G1 Evacuation Pause) 3620M->1446M(4096M) 117.577ms
[2350.510s][info][gc,cpu         ] GC(416) User=0.69s Sys=0.01s Real=0.12s
.....[2355.597s][info][gc,start       ] GC(417) Pause Young (Mixed) (G1 Evacuation Pause)
[2355.597s][info][gc,task        ] GC(417) Using 6 workers of 6 for evacuation
[2355.728s][info][gc,phases      ] GC(417)   Pre Evacuate Collection Set: 0.42ms
[2355.728s][info][gc,phases      ] GC(417)   Merge Heap Roots: 0.75ms
[2355.728s][info][gc,phases      ] GC(417)   Evacuate Collection Set: 129.48ms
[2355.728s][info][gc,phases      ] GC(417)   Post Evacuate Collection Set: 0.99ms
[2355.728s][info][gc,phases      ] GC(417)   Other: 0.09ms
[2355.728s][info][gc,heap        ] GC(417) Eden regions: 1112->0(1121)
[2355.728s][info][gc,heap        ] GC(417) Survivor regions: 109->107(153)
[2355.728s][info][gc,heap        ] GC(417) Old regions: 535->472
[2355.728s][info][gc,heap        ] GC(417) Humongous regions: 80->80
[2355.728s][info][gc,metaspace   ] GC(417) Metaspace: 28934K(29248K)->28934K(29248K) NonClass: 24051K(24192K)->24051K(24192K) Class: 4882K(5056K)->4882K(5056K)
[2355.729s][info][gc             ] GC(417) Pause Young (Mixed) (G1 Evacuation Pause) 3670M->1317M(4096M) 131.863ms
[2355.729s][info][gc,cpu         ] GC(417) User=0.78s Sys=0.00s Real=0.14s
.....[2360.893s][info][gc,start       ] GC(418) Pause Young (Concurrent Start) (G1 Evacuation Pause)
[2360.893s][info][gc,task        ] GC(418) Using 6 workers of 6 for evacuation
[2361.014s][info][gc,phases      ] GC(418)   Pre Evacuate Collection Set: 0.41ms
[2361.014s][info][gc,phases      ] GC(418)   Merge Heap Roots: 0.52ms
[2361.014s][info][gc,phases      ] GC(418)   Evacuate Collection Set: 118.81ms
[2361.014s][info][gc,phases      ] GC(418)   Post Evacuate Collection Set: 0.90ms
[2361.014s][info][gc,phases      ] GC(418)   Other: 0.11ms
[2361.014s][info][gc,heap        ] GC(418) Eden regions: 1121->0(1117)
[2361.014s][info][gc,heap        ] GC(418) Survivor regions: 107->111(154)
[2361.014s][info][gc,heap        ] GC(418) Old regions: 472->504
[2361.014s][info][gc,heap        ] GC(418) Humongous regions: 80->80
[2361.014s][info][gc,metaspace   ] GC(418) Metaspace: 28934K(29248K)->28934K(29248K) NonClass: 24051K(24192K)->24051K(24192K) Class: 4882K(5056K)->4882K(5056K)
[2361.014s][info][gc             ] GC(418) Pause Young (Concurrent Start) (G1 Evacuation Pause) 3559M->1387M(4096M) 120.918ms
[2361.014s][info][gc             ] GC(419) Concurrent Mark Cycle
[2361.014s][info][gc,marking     ] GC(419) Concurrent Scan Root Regions
[2361.014s][info][gc,cpu         ] GC(418) User=0.71s Sys=0.00s Real=0.12s
.[2361.166s][info][gc,marking     ] GC(419) Concurrent Scan Root Regions 152.612ms
[2361.167s][info][gc,marking     ] GC(419) Concurrent Mark
[2361.167s][info][gc,marking     ] GC(419) Concurrent Mark From Roots
[2361.167s][info][gc,task        ] GC(419) Using 2 workers of 2 for marking
.[2362.095s][info][gc,marking     ] GC(419) Concurrent Mark From Roots 928.371ms
[2362.095s][info][gc,marking     ] GC(419) Concurrent Preclean
[2362.095s][info][gc,marking     ] GC(419) Concurrent Preclean 0.044ms
[2362.095s][info][gc,start       ] GC(419) Pause Remark
[2362.099s][info][gc             ] GC(419) Pause Remark 1913M->1913M(4096M) 3.965ms
[2362.099s][info][gc,cpu         ] GC(419) User=0.02s Sys=0.00s Real=0.01s
[2362.099s][info][gc,marking     ] GC(419) Concurrent Mark 932.630ms
[2362.099s][info][gc,marking     ] GC(419) Concurrent Rebuild Remembered Sets and Scrub Regions
[2362.455s][info][gc,marking     ] GC(419) Concurrent Rebuild Remembered Sets and Scrub Regions 356.185ms
[2362.456s][info][gc,start       ] GC(419) Pause Cleanup
[2362.456s][info][gc             ] GC(419) Pause Cleanup 2068M->2068M(4096M) 0.130ms
[2362.456s][info][gc,cpu         ] GC(419) User=0.00s Sys=0.00s Real=0.00s
[2362.456s][info][gc,marking     ] GC(419) Concurrent Clear Claimed Marks
[2362.456s][info][gc,marking     ] GC(419) Concurrent Clear Claimed Marks 0.030ms
[2362.456s][info][gc,marking     ] GC(419) Concurrent Cleanup for Next Mark
[2362.459s][info][gc,marking     ] GC(419) Concurrent Cleanup for Next Mark 3.426ms
[2362.459s][info][gc             ] GC(419) Concurrent Mark Cycle 1445.425ms
....[2366.107s][info][gc,start       ] GC(420) Pause Young (Prepare Mixed) (G1 Evacuation Pause)
[2366.107s][info][gc,task        ] GC(420) Using 6 workers of 6 for evacuation
[2366.223s][info][gc,phases      ] GC(420)   Pre Evacuate Collection Set: 0.39ms
[2366.223s][info][gc,phases      ] GC(420)   Merge Heap Roots: 0.54ms
[2366.223s][info][gc,phases      ] GC(420)   Evacuate Collection Set: 114.18ms
[2366.223s][info][gc,phases      ] GC(420)   Post Evacuate Collection Set: 0.95ms
[2366.223s][info][gc,phases      ] GC(420)   Other: 0.09ms
[2366.223s][info][gc,heap        ] GC(420) Eden regions: 1117->0(1112)
[2366.223s][info][gc,heap        ] GC(420) Survivor regions: 111->109(154)
[2366.223s][info][gc,heap        ] GC(420) Old regions: 504->535
[2366.223s][info][gc,heap        ] GC(420) Humongous regions: 80->80
[2366.223s][info][gc,metaspace   ] GC(420) Metaspace: 28934K(29248K)->28934K(29248K) NonClass: 24051K(24192K)->24051K(24192K) Class: 4882K(5056K)->4882K(5056K)
[2366.223s][info][gc             ] GC(420) Pause Young (Prepare Mixed) (G1 Evacuation Pause) 3621M->1447M(4096M) 116.285ms
[2366.223s][info][gc,cpu         ] GC(420) User=0.68s Sys=0.00s Real=0.11s
.....[2371.350s][info][gc,start       ] GC(421) Pause Young (Mixed) (G1 Evacuation Pause)
[2371.350s][info][gc,task        ] GC(421) Using 6 workers of 6 for evacuation
[2371.481s][info][gc,phases      ] GC(421)   Pre Evacuate Collection Set: 0.42ms
[2371.481s][info][gc,phases      ] GC(421)   Merge Heap Roots: 0.65ms
[2371.481s][info][gc,phases      ] GC(421)   Evacuate Collection Set: 128.47ms
[2371.481s][info][gc,phases      ] GC(421)   Post Evacuate Collection Set: 0.98ms
[2371.481s][info][gc,phases      ] GC(421)   Other: 0.09ms
[2371.481s][info][gc,heap        ] GC(421) Eden regions: 1112->0(1120)
[2371.481s][info][gc,heap        ] GC(421) Survivor regions: 109->108(153)
[2371.481s][info][gc,heap        ] GC(421) Old regions: 535->471
[2371.481s][info][gc,heap        ] GC(421) Humongous regions: 80->80
[2371.481s][info][gc,metaspace   ] GC(421) Metaspace: 28934K(29248K)->28934K(29248K) NonClass: 24051K(24192K)->24051K(24192K) Class: 4882K(5056K)->4882K(5056K)
[2371.481s][info][gc             ] GC(421) Pause Young (Mixed) (G1 Evacuation Pause) 3671M->1316M(4096M) 130.747ms
[2371.481s][info][gc,cpu         ] GC(421) User=0.77s Sys=0.00s Real=0.13s
.....[2376.545s][info][gc,start       ] GC(422) Pause Young (Concurrent Start) (G1 Evacuation Pause)
[2376.545s][info][gc,task        ] GC(422) Using 6 workers of 6 for evacuation
[2376.663s][info][gc,phases      ] GC(422)   Pre Evacuate Collection Set: 0.41ms
[2376.663s][info][gc,phases      ] GC(422)   Merge Heap Roots: 0.58ms
[2376.663s][info][gc,phases      ] GC(422)   Evacuate Collection Set: 116.02ms
[2376.663s][info][gc,phases      ] GC(422)   Post Evacuate Collection Set: 0.93ms
[2376.663s][info][gc,phases      ] GC(422)   Other: 0.11ms
[2376.663s][info][gc,heap        ] GC(422) Eden regions: 1120->0(1119)
[2376.663s][info][gc,heap        ] GC(422) Survivor regions: 108->109(154)
[2376.663s][info][gc,heap        ] GC(422) Old regions: 471->503
[2376.663s][info][gc,heap        ] GC(422) Humongous regions: 80->80
[2376.663s][info][gc,metaspace   ] GC(422) Metaspace: 28934K(29248K)->28934K(29248K) NonClass: 24051K(24192K)->24051K(24192K) Class: 4882K(5056K)->4882K(5056K)
[2376.663s][info][gc             ] GC(422) Pause Young (Concurrent Start) (G1 Evacuation Pause) 3556M->1382M(4096M) 118.200ms
[2376.663s][info][gc             ] GC(423) Concurrent Mark Cycle
[2376.663s][info][gc,marking     ] GC(423) Concurrent Scan Root Regions
[2376.663s][info][gc,cpu         ] GC(422) User=0.70s Sys=0.01s Real=0.12s
[2376.839s][info][gc,marking     ] GC(423) Concurrent Scan Root Regions 176.248ms
[2376.839s][info][gc,marking     ] GC(423) Concurrent Mark
[2376.839s][info][gc,marking     ] GC(423) Concurrent Mark From Roots
[2376.839s][info][gc,task        ] GC(423) Using 2 workers of 2 for marking
.[2377.770s][info][gc,marking     ] GC(423) Concurrent Mark From Roots 930.200ms
[2377.770s][info][gc,marking     ] GC(423) Concurrent Preclean
[2377.770s][info][gc,marking     ] GC(423) Concurrent Preclean 0.046ms
[2377.770s][info][gc,start       ] GC(423) Pause Remark
[2377.815s][info][gc             ] GC(423) Pause Remark 1881M->1881M(4096M) 45.145ms
[2377.815s][info][gc,cpu         ] GC(423) User=0.05s Sys=0.00s Real=0.04s
[2377.815s][info][gc,marking     ] GC(423) Concurrent Mark 975.678ms
[2377.815s][info][gc,marking     ] GC(423) Concurrent Rebuild Remembered Sets and Scrub Regions
[2378.050s][info][gc,marking     ] GC(423) Concurrent Rebuild Remembered Sets and Scrub Regions 235.318ms
[2378.050s][info][gc,start       ] GC(423) Pause Cleanup
[2378.051s][info][gc             ] GC(423) Pause Cleanup 1976M->1976M(4096M) 0.126ms
[2378.051s][info][gc,cpu         ] GC(423) User=0.00s Sys=0.00s Real=0.00s
[2378.051s][info][gc,marking     ] GC(423) Concurrent Clear Claimed Marks
[2378.051s][info][gc,marking     ] GC(423) Concurrent Clear Claimed Marks 0.027ms
[2378.051s][info][gc,marking     ] GC(423) Concurrent Cleanup for Next Mark
.[2378.054s][info][gc,marking     ] GC(423) Concurrent Cleanup for Next Mark 3.438ms
[2378.054s][info][gc             ] GC(423) Concurrent Mark Cycle 1391.217ms
.. (rIR:aIR:PR = 3598:3598:3597) (tPR = 53615) [OK] 
  2379s: Performance info:
         Transaction,    Success,    Partial,     Failed,   Receipts, AvgBarcode, 
             Overall,     216525,          0,          0,     205700,      59.47, 
         Response times:
             Request,    Success,    Partial,     Failed,   SkipFail,     Probes,    Samples,      min,      p50,      p90,      p95,      p99,      max, 
       TotalPurchase,     205700,          0,          0,          0,     202072,     215756,      300,     3000,     5100,     6700,    26000,   145000,
     InStorePurchase,     108288,          0,          0,          0,     106899,     114142,      300,     3000,     5100,     6700,    26000,   145000,
      OnlinePurchase,      75761,          0,          0,          0,      74260,      79096,      300,     3000,     5100,     6700,    27000,   145000,
        InstPurchase,      21651,          0,          0,          0,      20913,      22518,      400,     3300,     5300,     6900,    28000,   139000,
          AssocOfCat,        215,          0,          0,          0,        162,        231,    18100,    27000,    38000,    47400,   154080,   173000,
      AssocOfProduct,       2174,          0,          0,          0,       1967,       2211,      600,     2600,     4400,     5600,    16900,   138000,
      BusinessReport,        537,          0,          0,          0,        447,        581,    22000,    32000,    50000,    62900,   130140,   169000,
          CustBuyBeh,       2163,          0,          0,          0,       2001,       2368,      300,     1800,     3400,     4500,    15541,   107000,
       ProductReturn,       5741,          0,          0,          0,       5454,       6092,      200,     2300,     4300,     5400,    19200,   137000,

  2379s: (27%)   IR =   3736 .[2381.857s][info][gc,start       ] GC(424) Pause Young (Prepare Mixed) (G1 Evacuation Pause)
[2381.857s][info][gc,task        ] GC(424) Using 6 workers of 6 for evacuation
[2381.976s][info][gc,phases      ] GC(424)   Pre Evacuate Collection Set: 0.34ms
[2381.976s][info][gc,phases      ] GC(424)   Merge Heap Roots: 0.52ms
[2381.976s][info][gc,phases      ] GC(424)   Evacuate Collection Set: 116.67ms
[2381.976s][info][gc,phases      ] GC(424)   Post Evacuate Collection Set: 0.98ms
[2381.976s][info][gc,phases      ] GC(424)   Other: 0.09ms
[2381.976s][info][gc,heap        ] GC(424) Eden regions: 1119->0(1110)
[2381.976s][info][gc,heap        ] GC(424) Survivor regions: 109->110(154)
[2381.976s][info][gc,heap        ] GC(424) Old regions: 503->535
[2381.976s][info][gc,heap        ] GC(424) Humongous regions: 80->80
[2381.976s][info][gc,metaspace   ] GC(424) Metaspace: 28937K(29248K)->28937K(29248K) NonClass: 24054K(24192K)->24054K(24192K) Class: 4882K(5056K)->4882K(5056K)
[2381.976s][info][gc             ] GC(424) Pause Young (Prepare Mixed) (G1 Evacuation Pause) 3620M->1449M(4096M) 118.746ms
[2381.976s][info][gc,cpu         ] GC(424) User=0.70s Sys=0.00s Real=0.11s
.....[2386.778s][info][gc,start       ] GC(425) Pause Young (Mixed) (G1 Evacuation Pause)
[2386.779s][info][gc,task        ] GC(425) Using 6 workers of 6 for evacuation
[2386.919s][info][gc,phases      ] GC(425)   Pre Evacuate Collection Set: 0.44ms
[2386.919s][info][gc,phases      ] GC(425)   Merge Heap Roots: 0.80ms
[2386.919s][info][gc,phases      ] GC(425)   Evacuate Collection Set: 137.92ms
[2386.919s][info][gc,phases      ] GC(425)   Post Evacuate Collection Set: 1.01ms
[2386.919s][info][gc,phases      ] GC(425)   Other: 0.11ms
[2386.919s][info][gc,heap        ] GC(425) Eden regions: 1110->0(1113)
[2386.919s][info][gc,heap        ] GC(425) Survivor regions: 110->115(153)
[2386.919s][info][gc,heap        ] GC(425) Old regions: 535->472
[2386.919s][info][gc,heap        ] GC(425) Humongous regions: 80->80
[2386.919s][info][gc,metaspace   ] GC(425) Metaspace: 28937K(29248K)->28937K(29248K) NonClass: 24054K(24192K)->24054K(24192K) Class: 4882K(5056K)->4882K(5056K)
[2386.919s][info][gc             ] GC(425) Pause Young (Mixed) (G1 Evacuation Pause) 3669M->1331M(4096M) 140.423ms
[2386.919s][info][gc,cpu         ] GC(425) User=0.83s Sys=0.00s Real=0.14s
.|....[2391.837s][info][gc,start       ] GC(426) Pause Young (Concurrent Start) (G1 Evacuation Pause)
[2391.837s][info][gc,task        ] GC(426) Using 6 workers of 6 for evacuation
[2391.955s][info][gc,phases      ] GC(426)   Pre Evacuate Collection Set: 0.47ms
[2391.955s][info][gc,phases      ] GC(426)   Merge Heap Roots: 0.59ms
[2391.955s][info][gc,phases      ] GC(426)   Evacuate Collection Set: 116.02ms
[2391.955s][info][gc,phases      ] GC(426)   Post Evacuate Collection Set: 0.91ms
[2391.955s][info][gc,phases      ] GC(426)   Other: 0.13ms
[2391.955s][info][gc,heap        ] GC(426) Eden regions: 1113->0(1121)
[2391.955s][info][gc,heap        ] GC(426) Survivor regions: 115->107(154)
[2391.955s][info][gc,heap        ] GC(426) Old regions: 472->505
[2391.955s][info][gc,heap        ] GC(426) Humongous regions: 80->80
[2391.955s][info][gc,metaspace   ] GC(426) Metaspace: 28937K(29248K)->28937K(29248K) NonClass: 24054K(24192K)->24054K(24192K) Class: 4882K(5056K)->4882K(5056K)
[2391.955s][info][gc             ] GC(426) Pause Young (Concurrent Start) (G1 Evacuation Pause) 3557M->1382M(4096M) 118.255ms
[2391.955s][info][gc             ] GC(427) Concurrent Mark Cycle
[2391.955s][info][gc,marking     ] GC(427) Concurrent Scan Root Regions
[2391.955s][info][gc,cpu         ] GC(426) User=0.70s Sys=0.00s Real=0.11s
[2392.088s][info][gc,marking     ] GC(427) Concurrent Scan Root Regions 132.866ms
[2392.088s][info][gc,marking     ] GC(427) Concurrent Mark
[2392.088s][info][gc,marking     ] GC(427) Concurrent Mark From Roots
[2392.088s][info][gc,task        ] GC(427) Using 2 workers of 2 for marking
.[2392.649s][info][gc,marking     ] GC(427) Concurrent Mark From Roots 560.787ms
[2392.649s][info][gc,marking     ] GC(427) Concurrent Preclean
[2392.649s][info][gc,marking     ] GC(427) Concurrent Preclean 0.076ms
[2392.649s][info][gc,start       ] GC(427) Pause Remark
[2392.653s][info][gc             ] GC(427) Pause Remark 1740M->1740M(4096M) 3.078ms
[2392.653s][info][gc,cpu         ] GC(427) User=0.01s Sys=0.00s Real=0.00s
[2392.653s][info][gc,marking     ] GC(427) Concurrent Mark 564.273ms
[2392.653s][info][gc,marking     ] GC(427) Concurrent Rebuild Remembered Sets and Scrub Regions
[2392.928s][info][gc,marking     ] GC(427) Concurrent Rebuild Remembered Sets and Scrub Regions 275.256ms
[2392.929s][info][gc,start       ] GC(427) Pause Cleanup
[2392.929s][info][gc             ] GC(427) Pause Cleanup 1874M->1874M(4096M) 0.132ms
[2392.929s][info][gc,cpu         ] GC(427) User=0.00s Sys=0.00s Real=0.00s
[2392.929s][info][gc,marking     ] GC(427) Concurrent Clear Claimed Marks
[2392.929s][info][gc,marking     ] GC(427) Concurrent Clear Claimed Marks 0.036ms
[2392.929s][info][gc,marking     ] GC(427) Concurrent Cleanup for Next Mark
[2392.934s][info][gc,marking     ] GC(427) Concurrent Cleanup for Next Mark 4.680ms
[2392.934s][info][gc             ] GC(427) Concurrent Mark Cycle 978.496ms
....[2396.860s][info][gc,start       ] GC(428) Pause Young (Prepare Mixed) (G1 Evacuation Pause)
[2396.860s][info][gc,task        ] GC(428) Using 6 workers of 6 for evacuation
[2396.977s][info][gc,phases      ] GC(428)   Pre Evacuate Collection Set: 0.34ms
[2396.977s][info][gc,phases      ] GC(428)   Merge Heap Roots: 0.57ms
[2396.977s][info][gc,phases      ] GC(428)   Evacuate Collection Set: 114.97ms
[2396.977s][info][gc,phases      ] GC(428)   Post Evacuate Collection Set: 0.97ms
[2396.977s][info][gc,phases      ] GC(428)   Other: 0.09ms
[2396.977s][info][gc,heap        ] GC(428) Eden regions: 1121->0(1111)
[2396.977s][info][gc,heap        ] GC(428) Survivor regions: 107->109(154)
[2396.977s][info][gc,heap        ] GC(428) Old regions: 505->536
[2396.977s][info][gc,heap        ] GC(428) Humongous regions: 80->80
[2396.977s][info][gc,metaspace   ] GC(428) Metaspace: 28937K(29248K)->28937K(29248K) NonClass: 24054K(24192K)->24054K(24192K) Class: 4882K(5056K)->4882K(5056K)
[2396.977s][info][gc             ] GC(428) Pause Young (Prepare Mixed) (G1 Evacuation Pause) 3624M->1447M(4096M) 117.080ms
[2396.977s][info][gc,cpu         ] GC(428) User=0.70s Sys=0.00s Real=0.12s
.....[2401.870s][info][gc,start       ] GC(429) Pause Young (Mixed) (G1 Evacuation Pause)
[2401.870s][info][gc,task        ] GC(429) Using 6 workers of 6 for evacuation
[2402.008s][info][gc,phases      ] GC(429)   Pre Evacuate Collection Set: 0.34ms
[2402.008s][info][gc,phases      ] GC(429)   Merge Heap Roots: 0.86ms
[2402.008s][info][gc,phases      ] GC(429)   Evacuate Collection Set: 135.91ms
[2402.008s][info][gc,phases      ] GC(429)   Post Evacuate Collection Set: 0.97ms
[2402.008s][info][gc,phases      ] GC(429)   Other: 0.10ms
[2402.008s][info][gc,heap        ] GC(429) Eden regions: 1111->0(1119)
[2402.008s][info][gc,heap        ] GC(429) Survivor regions: 109->109(153)
[2402.008s][info][gc,heap        ] GC(429) Old regions: 536->473
[2402.008s][info][gc,heap        ] GC(429) Humongous regions: 80->80
[2402.008s][info][gc,metaspace   ] GC(429) Metaspace: 28937K(29248K)->28937K(29248K) NonClass: 24054K(24192K)->24054K(24192K) Class: 4882K(5056K)->4882K(5056K)
[2402.008s][info][gc             ] GC(429) Pause Young (Mixed) (G1 Evacuation Pause) 3669M->1322M(4096M) 138.313ms
[2402.008s][info][gc,cpu         ] GC(429) User=0.82s Sys=0.00s Real=0.14s
.....[2406.935s][info][gc,start       ] GC(430) Pause Young (Concurrent Start) (G1 Evacuation Pause)
[2406.935s][info][gc,task        ] GC(430) Using 6 workers of 6 for evacuation
[2407.053s][info][gc,phases      ] GC(430)   Pre Evacuate Collection Set: 0.44ms
[2407.053s][info][gc,phases      ] GC(430)   Merge Heap Roots: 0.47ms
[2407.053s][info][gc,phases      ] GC(430)   Evacuate Collection Set: 115.48ms
[2407.053s][info][gc,phases      ] GC(430)   Post Evacuate Collection Set: 0.93ms
[2407.053s][info][gc,phases      ] GC(430)   Other: 0.13ms
[2407.053s][info][gc,heap        ] GC(430) Eden regions: 1119->0(1119)
[2407.053s][info][gc,heap        ] GC(430) Survivor regions: 109->109(154)
[2407.053s][info][gc,heap        ] GC(430) Old regions: 473->505
[2407.053s][info][gc,heap        ] GC(430) Humongous regions: 80->80
[2407.053s][info][gc,metaspace   ] GC(430) Metaspace: 28937K(29248K)->28937K(29248K) NonClass: 24054K(24192K)->24054K(24192K) Class: 4882K(5056K)->4882K(5056K)
[2407.053s][info][gc             ] GC(430) Pause Young (Concurrent Start) (G1 Evacuation Pause) 3560M->1386M(4096M) 117.587ms
[2407.053s][info][gc             ] GC(431) Concurrent Mark Cycle
[2407.053s][info][gc,marking     ] GC(431) Concurrent Scan Root Regions
[2407.053s][info][gc,cpu         ] GC(430) User=0.69s Sys=0.00s Real=0.12s
.[2407.196s][info][gc,marking     ] GC(431) Concurrent Scan Root Regions 143.254ms
[2407.196s][info][gc,marking     ] GC(431) Concurrent Mark
[2407.196s][info][gc,marking     ] GC(431) Concurrent Mark From Roots
[2407.196s][info][gc,task        ] GC(431) Using 2 workers of 2 for marking
[2407.877s][info][gc,marking     ] GC(431) Concurrent Mark From Roots 680.927ms
[2407.877s][info][gc,marking     ] GC(431) Concurrent Preclean
[2407.877s][info][gc,marking     ] GC(431) Concurrent Preclean 0.042ms
[2407.877s][info][gc,start       ] GC(431) Pause Remark
[2407.880s][info][gc             ] GC(431) Pause Remark 1784M->1784M(4096M) 3.345ms
[2407.880s][info][gc,cpu         ] GC(431) User=0.02s Sys=0.00s Real=0.00s
[2407.881s][info][gc,marking     ] GC(431) Concurrent Mark 684.569ms
[2407.881s][info][gc,marking     ] GC(431) Concurrent Rebuild Remembered Sets and Scrub Regions
.[2408.112s][info][gc,marking     ] GC(431) Concurrent Rebuild Remembered Sets and Scrub Regions 231.607ms
[2408.112s][info][gc,start       ] GC(431) Pause Cleanup
[2408.112s][info][gc             ] GC(431) Pause Cleanup 1884M->1884M(4096M) 0.133ms
[2408.112s][info][gc,cpu         ] GC(431) User=0.00s Sys=0.00s Real=0.00s
[2408.112s][info][gc,marking     ] GC(431) Concurrent Clear Claimed Marks
[2408.113s][info][gc,marking     ] GC(431) Concurrent Clear Claimed Marks 0.030ms
[2408.113s][info][gc,marking     ] GC(431) Concurrent Cleanup for Next Mark
[2408.116s][info][gc,marking     ] GC(431) Concurrent Cleanup for Next Mark 3.782ms
[2408.116s][info][gc             ] GC(431) Concurrent Mark Cycle 1063.725ms
...[2412.004s][info][gc,start       ] GC(432) Pause Young (Prepare Mixed) (G1 Evacuation Pause)
[2412.004s][info][gc,task        ] GC(432) Using 6 workers of 6 for evacuation
[2412.123s][info][gc,phases      ] GC(432)   Pre Evacuate Collection Set: 0.35ms
[2412.123s][info][gc,phases      ] GC(432)   Merge Heap Roots: 0.55ms
[2412.123s][info][gc,phases      ] GC(432)   Evacuate Collection Set: 117.14ms
[2412.123s][info][gc,phases      ] GC(432)   Post Evacuate Collection Set: 0.96ms
[2412.123s][info][gc,phases      ] GC(432)   Other: 0.08ms
[2412.123s][info][gc,heap        ] GC(432) Eden regions: 1119->0(1108)
[2412.123s][info][gc,heap        ] GC(432) Survivor regions: 109->110(154)
[2412.123s][info][gc,heap        ] GC(432) Old regions: 505->537
[2412.123s][info][gc,heap        ] GC(432) Humongous regions: 80->80
[2412.123s][info][gc,metaspace   ] GC(432) Metaspace: 28937K(29248K)->28937K(29248K) NonClass: 24054K(24192K)->24054K(24192K) Class: 4882K(5056K)->4882K(5056K)
[2412.123s][info][gc             ] GC(432) Pause Young (Prepare Mixed) (G1 Evacuation Pause) 3624M->1453M(4096M) 119.214ms
[2412.124s][info][gc,cpu         ] GC(432) User=0.71s Sys=0.00s Real=0.12s
.....[2417.047s][info][gc,start       ] GC(433) Pause Young (Mixed) (G1 Evacuation Pause)
[2417.047s][info][gc,task        ] GC(433) Using 6 workers of 6 for evacuation
[2417.178s][info][gc,phases      ] GC(433)   Pre Evacuate Collection Set: 0.42ms
[2417.178s][info][gc,phases      ] GC(433)   Merge Heap Roots: 0.65ms
[2417.178s][info][gc,phases      ] GC(433)   Evacuate Collection Set: 129.03ms
[2417.178s][info][gc,phases      ] GC(433)   Post Evacuate Collection Set: 0.98ms
[2417.178s][info][gc,phases      ] GC(433)   Other: 0.10ms
[2417.178s][info][gc,heap        ] GC(433) Eden regions: 1108->0(1119)
[2417.178s][info][gc,heap        ] GC(433) Survivor regions: 110->109(153)
[2417.178s][info][gc,heap        ] GC(433) Old regions: 537->473
[2417.178s][info][gc,heap        ] GC(433) Humongous regions: 80->80
[2417.178s][info][gc,metaspace   ] GC(433) Metaspace: 28937K(29248K)->28937K(29248K) NonClass: 24054K(24192K)->24054K(24192K) Class: 4882K(5056K)->4882K(5056K)
[2417.178s][info][gc             ] GC(433) Pause Young (Mixed) (G1 Evacuation Pause) 3669M->1322M(4096M) 131.311ms
[2417.178s][info][gc,cpu         ] GC(433) User=0.77s Sys=0.00s Real=0.13s
.....[2422.042s][info][gc,start       ] GC(434) Pause Young (Concurrent Start) (G1 Evacuation Pause)
[2422.042s][info][gc,task        ] GC(434) Using 6 workers of 6 for evacuation
[2422.157s][info][gc,phases      ] GC(434)   Pre Evacuate Collection Set: 0.41ms
[2422.158s][info][gc,phases      ] GC(434)   Merge Heap Roots: 0.47ms
[2422.158s][info][gc,phases      ] GC(434)   Evacuate Collection Set: 113.85ms
[2422.158s][info][gc,phases      ] GC(434)   Post Evacuate Collection Set: 0.91ms
[2422.158s][info][gc,phases      ] GC(434)   Other: 0.10ms
[2422.158s][info][gc,heap        ] GC(434) Eden regions: 1119->0(1120)
[2422.158s][info][gc,heap        ] GC(434) Survivor regions: 109->108(154)
[2422.158s][info][gc,heap        ] GC(434) Old regions: 473->504
[2422.158s][info][gc,heap        ] GC(434) Humongous regions: 80->80
[2422.158s][info][gc,metaspace   ] GC(434) Metaspace: 28937K(29248K)->28937K(29248K) NonClass: 24054K(24192K)->24054K(24192K) Class: 4882K(5056K)->4882K(5056K)
[2422.158s][info][gc             ] GC(434) Pause Young (Concurrent Start) (G1 Evacuation Pause) 3560M->1383M(4096M) 115.870ms
[2422.158s][info][gc             ] GC(435) Concurrent Mark Cycle
[2422.158s][info][gc,marking     ] GC(435) Concurrent Scan Root Regions
[2422.158s][info][gc,cpu         ] GC(434) User=0.69s Sys=0.00s Real=0.12s
.[2422.294s][info][gc,marking     ] GC(435) Concurrent Scan Root Regions 136.641ms
[2422.294s][info][gc,marking     ] GC(435) Concurrent Mark
[2422.294s][info][gc,marking     ] GC(435) Concurrent Mark From Roots
[2422.294s][info][gc,task        ] GC(435) Using 2 workers of 2 for marking
[2422.928s][info][gc,marking     ] GC(435) Concurrent Mark From Roots 633.664ms
[2422.928s][info][gc,marking     ] GC(435) Concurrent Preclean
[2422.928s][info][gc,marking     ] GC(435) Concurrent Preclean 0.057ms
[2422.928s][info][gc,start       ] GC(435) Pause Remark
[2422.932s][info][gc             ] GC(435) Pause Remark 1792M->1792M(4096M) 3.325ms
[2422.932s][info][gc,cpu         ] GC(435) User=0.02s Sys=0.00s Real=0.00s
[2422.932s][info][gc,marking     ] GC(435) Concurrent Mark 637.336ms
[2422.932s][info][gc,marking     ] GC(435) Concurrent Rebuild Remembered Sets and Scrub Regions
[2423.162s][info][gc,marking     ] GC(435) Concurrent Rebuild Remembered Sets and Scrub Regions 230.460ms
[2423.162s][info][gc,start       ] GC(435) Pause Cleanup
[2423.162s][info][gc             ] GC(435) Pause Cleanup 1880M->1880M(4096M) 0.135ms
[2423.163s][info][gc,cpu         ] GC(435) User=0.00s Sys=0.00s Real=0.00s
[2423.163s][info][gc,marking     ] GC(435) Concurrent Clear Claimed Marks
[2423.163s][info][gc,marking     ] GC(435) Concurrent Clear Claimed Marks 0.039ms
[2423.163s][info][gc,marking     ] GC(435) Concurrent Cleanup for Next Mark
[2423.168s][info][gc,marking     ] GC(435) Concurrent Cleanup for Next Mark 4.553ms
[2423.168s][info][gc             ] GC(435) Concurrent Mark Cycle 1010.413ms
.....[2427.212s][info][gc,start       ] GC(436) Pause Young (Prepare Mixed) (G1 Evacuation Pause)
[2427.212s][info][gc,task        ] GC(436) Using 6 workers of 6 for evacuation
[2427.331s][info][gc,phases      ] GC(436)   Pre Evacuate Collection Set: 0.35ms
[2427.331s][info][gc,phases      ] GC(436)   Merge Heap Roots: 0.55ms
[2427.331s][info][gc,phases      ] GC(436)   Evacuate Collection Set: 117.44ms
[2427.331s][info][gc,phases      ] GC(436)   Post Evacuate Collection Set: 0.94ms
[2427.331s][info][gc,phases      ] GC(436)   Other: 0.09ms
[2427.331s][info][gc,heap        ] GC(436) Eden regions: 1120->0(1110)
[2427.331s][info][gc,heap        ] GC(436) Survivor regions: 108->110(154)
[2427.331s][info][gc,heap        ] GC(436) Old regions: 504->535
[2427.331s][info][gc,heap        ] GC(436) Humongous regions: 80->80
[2427.331s][info][gc,metaspace   ] GC(436) Metaspace: 28937K(29248K)->28937K(29248K) NonClass: 24054K(24192K)->24054K(24192K) Class: 4882K(5056K)->4882K(5056K)
[2427.331s][info][gc             ] GC(436) Pause Young (Prepare Mixed) (G1 Evacuation Pause) 3623M->1449M(4096M) 119.496ms
[2427.331s][info][gc,cpu         ] GC(436) User=0.71s Sys=0.00s Real=0.12s
....[2432.000s][info][gc,start       ] GC(437) Pause Young (Mixed) (G1 Evacuation Pause)
[2432.000s][info][gc,task        ] GC(437) Using 6 workers of 6 for evacuation
[2432.132s][info][gc,phases      ] GC(437)   Pre Evacuate Collection Set: 0.42ms
[2432.132s][info][gc,phases      ] GC(437)   Merge Heap Roots: 0.69ms
[2432.132s][info][gc,phases      ] GC(437)   Evacuate Collection Set: 130.01ms
[2432.132s][info][gc,phases      ] GC(437)   Post Evacuate Collection Set: 0.97ms
[2432.132s][info][gc,phases      ] GC(437)   Other: 0.09ms
[2432.132s][info][gc,heap        ] GC(437) Eden regions: 1110->0(1121)
[2432.132s][info][gc,heap        ] GC(437) Survivor regions: 110->107(153)
[2432.132s][info][gc,heap        ] GC(437) Old regions: 535->471
[2432.132s][info][gc,heap        ] GC(437) Humongous regions: 80->80
[2432.132s][info][gc,metaspace   ] GC(437) Metaspace: 28937K(29248K)->28937K(29248K) NonClass: 24054K(24192K)->24054K(24192K) Class: 4882K(5056K)->4882K(5056K)
[2432.132s][info][gc             ] GC(437) Pause Young (Mixed) (G1 Evacuation Pause) 3669M->1315M(4096M) 132.315ms
[2432.132s][info][gc,cpu         ] GC(437) User=0.78s Sys=0.00s Real=0.13s
.....[2437.124s][info][gc,start       ] GC(438) Pause Young (Concurrent Start) (G1 Evacuation Pause)
[2437.124s][info][gc,task        ] GC(438) Using 6 workers of 6 for evacuation
[2437.251s][info][gc,phases      ] GC(438)   Pre Evacuate Collection Set: 0.45ms
[2437.251s][info][gc,phases      ] GC(438)   Merge Heap Roots: 0.52ms
[2437.251s][info][gc,phases      ] GC(438)   Evacuate Collection Set: 125.57ms
[2437.251s][info][gc,phases      ] GC(438)   Post Evacuate Collection Set: 0.93ms
[2437.251s][info][gc,phases      ] GC(438)   Other: 0.13ms
[2437.251s][info][gc,heap        ] GC(438) Eden regions: 1121->0(1111)
[2437.251s][info][gc,heap        ] GC(438) Survivor regions: 107->117(154)
[2437.251s][info][gc,heap        ] GC(438) Old regions: 471->504
[2437.251s][info][gc,heap        ] GC(438) Humongous regions: 80->80
[2437.251s][info][gc,metaspace   ] GC(438) Metaspace: 28937K(29248K)->28937K(29248K) NonClass: 24054K(24192K)->24054K(24192K) Class: 4882K(5056K)->4882K(5056K)
[2437.252s][info][gc             ] GC(438) Pause Young (Concurrent Start) (G1 Evacuation Pause) 3557M->1399M(4096M) 127.738ms
[2437.252s][info][gc             ] GC(439) Concurrent Mark Cycle
[2437.252s][info][gc,marking     ] GC(439) Concurrent Scan Root Regions
[2437.252s][info][gc,cpu         ] GC(438) User=0.76s Sys=0.00s Real=0.13s
.[2437.435s][info][gc,marking     ] GC(439) Concurrent Scan Root Regions 183.004ms
[2437.435s][info][gc,marking     ] GC(439) Concurrent Mark
[2437.435s][info][gc,marking     ] GC(439) Concurrent Mark From Roots
[2437.435s][info][gc,task        ] GC(439) Using 2 workers of 2 for marking
[2438.093s][info][gc,marking     ] GC(439) Concurrent Mark From Roots 658.265ms
[2438.093s][info][gc,marking     ] GC(439) Concurrent Preclean
[2438.093s][info][gc,marking     ] GC(439) Concurrent Preclean 0.053ms
[2438.093s][info][gc,start       ] GC(439) Pause Remark
[2438.097s][info][gc             ] GC(439) Pause Remark 1808M->1808M(4096M) 3.351ms
[2438.097s][info][gc,cpu         ] GC(439) User=0.02s Sys=0.00s Real=0.00s
[2438.097s][info][gc,marking     ] GC(439) Concurrent Mark 661.953ms
[2438.097s][info][gc,marking     ] GC(439) Concurrent Rebuild Remembered Sets and Scrub Regions
.[2438.359s][info][gc,marking     ] GC(439) Concurrent Rebuild Remembered Sets and Scrub Regions 262.195ms
[2438.359s][info][gc,start       ] GC(439) Pause Cleanup
[2438.359s][info][gc             ] GC(439) Pause Cleanup 1929M->1929M(4096M) 0.126ms
[2438.359s][info][gc,cpu         ] GC(439) User=0.00s Sys=0.00s Real=0.00s
[2438.359s][info][gc,marking     ] GC(439) Concurrent Clear Claimed Marks
[2438.359s][info][gc,marking     ] GC(439) Concurrent Clear Claimed Marks 0.034ms
[2438.359s][info][gc,marking     ] GC(439) Concurrent Cleanup for Next Mark
[2438.364s][info][gc,marking     ] GC(439) Concurrent Cleanup for Next Mark 4.533ms
[2438.364s][info][gc             ] GC(439) Concurrent Mark Cycle 1112.265ms
...[2442.186s][info][gc,start       ] GC(440) Pause Young (Prepare Mixed) (G1 Evacuation Pause)
[2442.186s][info][gc,task        ] GC(440) Using 6 workers of 6 for evacuation
[2442.303s][info][gc,phases      ] GC(440)   Pre Evacuate Collection Set: 0.38ms
[2442.303s][info][gc,phases      ] GC(440)   Merge Heap Roots: 0.54ms
[2442.303s][info][gc,phases      ] GC(440)   Evacuate Collection Set: 114.37ms
[2442.303s][info][gc,phases      ] GC(440)   Post Evacuate Collection Set: 0.94ms
[2442.303s][info][gc,phases      ] GC(440)   Other: 0.09ms
[2442.303s][info][gc,heap        ] GC(440) Eden regions: 1111->0(1111)
[2442.303s][info][gc,heap        ] GC(440) Survivor regions: 117->110(154)
[2442.303s][info][gc,heap        ] GC(440) Old regions: 504->534
[2442.303s][info][gc,heap        ] GC(440) Humongous regions: 80->80
[2442.303s][info][gc,metaspace   ] GC(440) Metaspace: 28937K(29248K)->28937K(29248K) NonClass: 24054K(24192K)->24054K(24192K) Class: 4882K(5056K)->4882K(5056K)
[2442.303s][info][gc             ] GC(440) Pause Young (Prepare Mixed) (G1 Evacuation Pause) 3621M->1445M(4096M) 116.456ms
[2442.303s][info][gc,cpu         ] GC(440) User=0.69s Sys=0.00s Real=0.12s
.....[2447.143s][info][gc,start       ] GC(441) Pause Young (Mixed) (G1 Evacuation Pause)
[2447.143s][info][gc,task        ] GC(441) Using 6 workers of 6 for evacuation
[2447.275s][info][gc,phases      ] GC(441)   Pre Evacuate Collection Set: 0.41ms
[2447.275s][info][gc,phases      ] GC(441)   Merge Heap Roots: 0.73ms
[2447.275s][info][gc,phases      ] GC(441)   Evacuate Collection Set: 130.31ms
[2447.275s][info][gc,phases      ] GC(441)   Post Evacuate Collection Set: 0.99ms
[2447.275s][info][gc,phases      ] GC(441)   Other: 0.10ms
[2447.275s][info][gc,heap        ] GC(441) Eden regions: 1111->0(1120)
[2447.275s][info][gc,heap        ] GC(441) Survivor regions: 110->108(153)
[2447.275s][info][gc,heap        ] GC(441) Old regions: 534->472
[2447.275s][info][gc,heap        ] GC(441) Humongous regions: 80->80
[2447.275s][info][gc,metaspace   ] GC(441) Metaspace: 28937K(29248K)->28937K(29248K) NonClass: 24054K(24192K)->24054K(24192K) Class: 4882K(5056K)->4882K(5056K)
[2447.275s][info][gc             ] GC(441) Pause Young (Mixed) (G1 Evacuation Pause) 3667M->1319M(4096M) 132.670ms
[2447.275s][info][gc,cpu         ] GC(441) User=0.78s Sys=0.00s Real=0.13s
. (rIR:aIR:PR = 3736:3735:3735) (tPR = 55437) [OK] 
  2447s: Performance info:
         Transaction,    Success,    Partial,     Failed,   Receipts, AvgBarcode, 
             Overall,     225121,          0,          0,     213855,      59.48, 
         Response times:
             Request,    Success,    Partial,     Failed,   SkipFail,     Probes,    Samples,      min,      p50,      p90,      p95,      p99,      max, 
       TotalPurchase,     213855,          0,          0,          0,     209245,     235668,      300,     3100,     5400,     7500,    45000,   183000,
     InStorePurchase,     112611,          0,          0,          0,     110256,     123814,      300,     3100,     5400,     7500,    45000,   183000,
      OnlinePurchase,      78744,          0,          0,          0,      77257,      87027,      300,     3000,     5300,     7500,    44000,   183000,
        InstPurchase,      22500,          0,          0,          0,      21732,      24827,      400,     3300,     5500,     7800,    46000,   173000,
          AssocOfCat,        222,          0,          0,          0,        188,        288,    19300,    28000,    50000,   107550,   183220,   247000,
      AssocOfProduct,       2258,          0,          0,          0,       2076,       2493,      900,     3900,     5900,     7900,    48000,   137000,
      BusinessReport,        563,          0,          0,          0,        457,        610,    23000,    31000,    49900,    69000,   158030,   264000,
          CustBuyBeh,       2250,          0,          0,          0,       2005,       2408,      300,     3600,     5800,     9255,    51820,   137000,
       ProductReturn,       5973,          0,          0,          0,       5662,       6569,      300,     3000,     5100,     7200,    48000,   155000,

  2447s: (28%)   IR =   3874 ....|[2452.039s][info][gc,start       ] GC(442) Pause Young (Concurrent Start) (G1 Evacuation Pause)
[2452.039s][info][gc,task        ] GC(442) Using 6 workers of 6 for evacuation
[2452.160s][info][gc,phases      ] GC(442)   Pre Evacuate Collection Set: 0.38ms
[2452.160s][info][gc,phases      ] GC(442)   Merge Heap Roots: 0.51ms
[2452.160s][info][gc,phases      ] GC(442)   Evacuate Collection Set: 119.01ms
[2452.160s][info][gc,phases      ] GC(442)   Post Evacuate Collection Set: 0.95ms
[2452.160s][info][gc,phases      ] GC(442)   Other: 0.11ms
[2452.160s][info][gc,heap        ] GC(442) Eden regions: 1120->0(1118)
[2452.160s][info][gc,heap        ] GC(442) Survivor regions: 108->110(154)
[2452.160s][info][gc,heap        ] GC(442) Old regions: 472->505
[2452.160s][info][gc,heap        ] GC(442) Humongous regions: 80->80
[2452.160s][info][gc,metaspace   ] GC(442) Metaspace: 28938K(29248K)->28938K(29248K) NonClass: 24055K(24192K)->24055K(24192K) Class: 4882K(5056K)->4882K(5056K)
[2452.160s][info][gc             ] GC(442) Pause Young (Concurrent Start) (G1 Evacuation Pause) 3559M->1388M(4096M) 121.095ms
[2452.160s][info][gc             ] GC(443) Concurrent Mark Cycle
[2452.160s][info][gc,marking     ] GC(443) Concurrent Scan Root Regions
[2452.160s][info][gc,cpu         ] GC(442) User=0.72s Sys=0.00s Real=0.12s
[2452.314s][info][gc,marking     ] GC(443) Concurrent Scan Root Regions 154.331ms
[2452.314s][info][gc,marking     ] GC(443) Concurrent Mark
[2452.314s][info][gc,marking     ] GC(443) Concurrent Mark From Roots
[2452.314s][info][gc,task        ] GC(443) Using 2 workers of 2 for marking
.[2453.012s][info][gc,marking     ] GC(443) Concurrent Mark From Roots 697.443ms
[2453.012s][info][gc,marking     ] GC(443) Concurrent Preclean
[2453.012s][info][gc,marking     ] GC(443) Concurrent Preclean 0.088ms
[2453.012s][info][gc,start       ] GC(443) Pause Remark
[2453.016s][info][gc             ] GC(443) Pause Remark 1840M->1840M(4096M) 3.358ms
[2453.016s][info][gc,cpu         ] GC(443) User=0.02s Sys=0.00s Real=0.00s
[2453.016s][info][gc,marking     ] GC(443) Concurrent Mark 701.678ms
[2453.016s][info][gc,marking     ] GC(443) Concurrent Rebuild Remembered Sets and Scrub Regions
[2453.259s][info][gc,marking     ] GC(443) Concurrent Rebuild Remembered Sets and Scrub Regions 243.050ms
[2453.259s][info][gc,start       ] GC(443) Pause Cleanup
[2453.259s][info][gc             ] GC(443) Pause Cleanup 1935M->1935M(4096M) 0.119ms
[2453.259s][info][gc,cpu         ] GC(443) User=0.00s Sys=0.00s Real=0.00s
[2453.259s][info][gc,marking     ] GC(443) Concurrent Clear Claimed Marks
[2453.259s][info][gc,marking     ] GC(443) Concurrent Clear Claimed Marks 0.026ms
[2453.259s][info][gc,marking     ] GC(443) Concurrent Cleanup for Next Mark
[2453.262s][info][gc,marking     ] GC(443) Concurrent Cleanup for Next Mark 3.259ms
[2453.262s][info][gc             ] GC(443) Concurrent Mark Cycle 1102.779ms
....[2456.906s][info][gc,start       ] GC(444) Pause Young (Prepare Mixed) (G1 Evacuation Pause)
[2456.906s][info][gc,task        ] GC(444) Using 6 workers of 6 for evacuation
[2457.022s][info][gc,phases      ] GC(444)   Pre Evacuate Collection Set: 0.36ms
[2457.022s][info][gc,phases      ] GC(444)   Merge Heap Roots: 0.54ms
[2457.022s][info][gc,phases      ] GC(444)   Evacuate Collection Set: 114.02ms
[2457.022s][info][gc,phases      ] GC(444)   Post Evacuate Collection Set: 0.98ms
[2457.022s][info][gc,phases      ] GC(444)   Other: 0.09ms
[2457.022s][info][gc,heap        ] GC(444) Eden regions: 1118->0(1113)
[2457.022s][info][gc,heap        ] GC(444) Survivor regions: 110->108(154)
[2457.022s][info][gc,heap        ] GC(444) Old regions: 505->536
[2457.022s][info][gc,heap        ] GC(444) Humongous regions: 80->80
[2457.022s][info][gc,metaspace   ] GC(444) Metaspace: 28938K(29248K)->28938K(29248K) NonClass: 24055K(24192K)->24055K(24192K) Class: 4882K(5056K)->4882K(5056K)
[2457.022s][info][gc             ] GC(444) Pause Young (Prepare Mixed) (G1 Evacuation Pause) 3624M->1447M(4096M) 116.110ms
[2457.022s][info][gc,cpu         ] GC(444) User=0.69s Sys=0.01s Real=0.12s
.....[2461.766s][info][gc,start       ] GC(445) Pause Young (Mixed) (G1 Evacuation Pause)
[2461.766s][info][gc,task        ] GC(445) Using 6 workers of 6 for evacuation
[2461.898s][info][gc,phases      ] GC(445)   Pre Evacuate Collection Set: 0.40ms
[2461.898s][info][gc,phases      ] GC(445)   Merge Heap Roots: 0.71ms
[2461.898s][info][gc,phases      ] GC(445)   Evacuate Collection Set: 130.31ms
[2461.898s][info][gc,phases      ] GC(445)   Post Evacuate Collection Set: 0.96ms
[2461.898s][info][gc,phases      ] GC(445)   Other: 0.09ms
[2461.898s][info][gc,heap        ] GC(445) Eden regions: 1113->0(1120)
[2461.898s][info][gc,heap        ] GC(445) Survivor regions: 108->108(153)
[2461.898s][info][gc,heap        ] GC(445) Old regions: 536->472
[2461.898s][info][gc,heap        ] GC(445) Humongous regions: 80->80
[2461.898s][info][gc,metaspace   ] GC(445) Metaspace: 28938K(29248K)->28938K(29248K) NonClass: 24055K(24192K)->24055K(24192K) Class: 4882K(5056K)->4882K(5056K)
[2461.898s][info][gc             ] GC(445) Pause Young (Mixed) (G1 Evacuation Pause) 3673M->1318M(4096M) 132.603ms
[2461.898s][info][gc,cpu         ] GC(445) User=0.78s Sys=0.00s Real=0.14s
.....[2466.563s][info][gc,start       ] GC(446) Pause Young (Concurrent Start) (G1 Evacuation Pause)
[2466.563s][info][gc,task        ] GC(446) Using 6 workers of 6 for evacuation
[2466.682s][info][gc,phases      ] GC(446)   Pre Evacuate Collection Set: 0.40ms
[2466.682s][info][gc,phases      ] GC(446)   Merge Heap Roots: 0.52ms
[2466.682s][info][gc,phases      ] GC(446)   Evacuate Collection Set: 117.70ms
[2466.682s][info][gc,phases      ] GC(446)   Post Evacuate Collection Set: 0.95ms
[2466.682s][info][gc,phases      ] GC(446)   Other: 0.11ms
[2466.682s][info][gc,heap        ] GC(446) Eden regions: 1120->0(1118)
[2466.682s][info][gc,heap        ] GC(446) Survivor regions: 108->110(154)
[2466.682s][info][gc,heap        ] GC(446) Old regions: 472->504
[2466.682s][info][gc,heap        ] GC(446) Humongous regions: 80->80
[2466.682s][info][gc,metaspace   ] GC(446) Metaspace: 28938K(29248K)->28938K(29248K) NonClass: 24055K(24192K)->24055K(24192K) Class: 4882K(5056K)->4882K(5056K)
[2466.682s][info][gc             ] GC(446) Pause Young (Concurrent Start) (G1 Evacuation Pause) 3558M->1385M(4096M) 119.816ms
[2466.683s][info][gc             ] GC(447) Concurrent Mark Cycle
[2466.683s][info][gc,marking     ] GC(447) Concurrent Scan Root Regions
[2466.683s][info][gc,cpu         ] GC(446) User=0.71s Sys=0.00s Real=0.12s
[2466.857s][info][gc,marking     ] GC(447) Concurrent Scan Root Regions 174.468ms
[2466.857s][info][gc,marking     ] GC(447) Concurrent Mark
[2466.857s][info][gc,marking     ] GC(447) Concurrent Mark From Roots
[2466.857s][info][gc,task        ] GC(447) Using 2 workers of 2 for marking
.[2467.831s][info][gc,marking     ] GC(447) Concurrent Mark From Roots 974.235ms
[2467.831s][info][gc,marking     ] GC(447) Concurrent Preclean
[2467.831s][info][gc,marking     ] GC(447) Concurrent Preclean 0.066ms
[2467.832s][info][gc,start       ] GC(447) Pause Remark
[2467.836s][info][gc             ] GC(447) Pause Remark 1915M->1915M(4096M) 3.603ms
[2467.836s][info][gc,cpu         ] GC(447) User=0.02s Sys=0.00s Real=0.00s
[2467.836s][info][gc,marking     ] GC(447) Concurrent Mark 979.321ms
[2467.836s][info][gc,marking     ] GC(447) Concurrent Rebuild Remembered Sets and Scrub Regions
[2468.201s][info][gc,marking     ] GC(447) Concurrent Rebuild Remembered Sets and Scrub Regions 364.514ms
[2468.201s][info][gc,start       ] GC(447) Pause Cleanup
[2468.201s][info][gc             ] GC(447) Pause Cleanup 2131M->2131M(4096M) 0.127ms
[2468.201s][info][gc,cpu         ] GC(447) User=0.00s Sys=0.00s Real=0.00s
[2468.201s][info][gc,marking     ] GC(447) Concurrent Clear Claimed Marks
[2468.201s][info][gc,marking     ] GC(447) Concurrent Clear Claimed Marks 0.031ms
[2468.201s][info][gc,marking     ] GC(447) Concurrent Cleanup for Next Mark
[2468.205s][info][gc,marking     ] GC(447) Concurrent Cleanup for Next Mark 4.151ms
[2468.205s][info][gc             ] GC(447) Concurrent Mark Cycle 1522.938ms
....[2471.507s][info][gc,start       ] GC(448) Pause Young (Prepare Mixed) (G1 Evacuation Pause)
[2471.507s][info][gc,task        ] GC(448) Using 6 workers of 6 for evacuation
[2471.624s][info][gc,phases      ] GC(448)   Pre Evacuate Collection Set: 0.35ms
[2471.624s][info][gc,phases      ] GC(448)   Merge Heap Roots: 0.53ms
[2471.624s][info][gc,phases      ] GC(448)   Evacuate Collection Set: 114.27ms
[2471.624s][info][gc,phases      ] GC(448)   Post Evacuate Collection Set: 0.96ms
[2471.624s][info][gc,phases      ] GC(448)   Other: 0.08ms
[2471.624s][info][gc,heap        ] GC(448) Eden regions: 1118->0(1116)
[2471.624s][info][gc,heap        ] GC(448) Survivor regions: 110->107(154)
[2471.624s][info][gc,heap        ] GC(448) Old regions: 504->535
[2471.624s][info][gc,heap        ] GC(448) Humongous regions: 80->80
[2471.624s][info][gc,metaspace   ] GC(448) Metaspace: 28938K(29248K)->28938K(29248K) NonClass: 24055K(24192K)->24055K(24192K) Class: 4882K(5056K)->4882K(5056K)
[2471.624s][info][gc             ] GC(448) Pause Young (Prepare Mixed) (G1 Evacuation Pause) 3621M->1443M(4096M) 116.341ms
[2471.624s][info][gc,cpu         ] GC(448) User=0.69s Sys=0.00s Real=0.11s
....[2476.345s][info][gc,start       ] GC(449) Pause Young (Mixed) (G1 Evacuation Pause)
[2476.345s][info][gc,task        ] GC(449) Using 6 workers of 6 for evacuation
[2476.484s][info][gc,phases      ] GC(449)   Pre Evacuate Collection Set: 0.40ms
[2476.484s][info][gc,phases      ] GC(449)   Merge Heap Roots: 0.75ms
[2476.484s][info][gc,phases      ] GC(449)   Evacuate Collection Set: 136.35ms
[2476.484s][info][gc,phases      ] GC(449)   Post Evacuate Collection Set: 0.99ms
[2476.484s][info][gc,phases      ] GC(449)   Other: 0.09ms
[2476.484s][info][gc,heap        ] GC(449) Eden regions: 1116->0(1117)
[2476.484s][info][gc,heap        ] GC(449) Survivor regions: 107->111(153)
[2476.484s][info][gc,heap        ] GC(449) Old regions: 535->471
[2476.484s][info][gc,heap        ] GC(449) Humongous regions: 80->80
[2476.484s][info][gc,metaspace   ] GC(449) Metaspace: 28938K(29248K)->28938K(29248K) NonClass: 24055K(24192K)->24055K(24192K) Class: 4882K(5056K)->4882K(5056K)
[2476.484s][info][gc             ] GC(449) Pause Young (Mixed) (G1 Evacuation Pause) 3675M->1323M(4096M) 138.734ms
[2476.484s][info][gc,cpu         ] GC(449) User=0.82s Sys=0.00s Real=0.14s
.....[2481.230s][info][gc,start       ] GC(450) Pause Young (Concurrent Start) (G1 Evacuation Pause)
[2481.230s][info][gc,task        ] GC(450) Using 6 workers of 6 for evacuation
[2481.348s][info][gc,phases      ] GC(450)   Pre Evacuate Collection Set: 0.41ms
[2481.348s][info][gc,phases      ] GC(450)   Merge Heap Roots: 0.50ms
[2481.348s][info][gc,phases      ] GC(450)   Evacuate Collection Set: 116.34ms
[2481.348s][info][gc,phases      ] GC(450)   Post Evacuate Collection Set: 0.95ms
[2481.348s][info][gc,phases      ] GC(450)   Other: 0.11ms
[2481.348s][info][gc,heap        ] GC(450) Eden regions: 1117->0(1119)
[2481.348s][info][gc,heap        ] GC(450) Survivor regions: 111->109(154)
[2481.348s][info][gc,heap        ] GC(450) Old regions: 471->504
[2481.348s][info][gc,heap        ] GC(450) Humongous regions: 80->80
[2481.348s][info][gc,metaspace   ] GC(450) Metaspace: 28938K(29248K)->28938K(29248K) NonClass: 24055K(24192K)->24055K(24192K) Class: 4882K(5056K)->4882K(5056K)
[2481.348s][info][gc             ] GC(450) Pause Young (Concurrent Start) (G1 Evacuation Pause) 3557M->1384M(4096M) 118.442ms
[2481.348s][info][gc             ] GC(451) Concurrent Mark Cycle
[2481.348s][info][gc,marking     ] GC(451) Concurrent Scan Root Regions
[2481.348s][info][gc,cpu         ] GC(450) User=0.70s Sys=0.00s Real=0.12s
.[2481.520s][info][gc,marking     ] GC(451) Concurrent Scan Root Regions 171.141ms
[2481.520s][info][gc,marking     ] GC(451) Concurrent Mark
[2481.520s][info][gc,marking     ] GC(451) Concurrent Mark From Roots
[2481.520s][info][gc,task        ] GC(451) Using 2 workers of 2 for marking
[2482.457s][info][gc,marking     ] GC(451) Concurrent Mark From Roots 937.089ms
[2482.457s][info][gc,marking     ] GC(451) Concurrent Preclean
[2482.457s][info][gc,marking     ] GC(451) Concurrent Preclean 0.047ms
[2482.457s][info][gc,start       ] GC(451) Pause Remark
[2482.461s][info][gc             ] GC(451) Pause Remark 1968M->1968M(4096M) 3.812ms
[2482.461s][info][gc,cpu         ] GC(451) User=0.02s Sys=0.00s Real=0.00s
[2482.461s][info][gc,marking     ] GC(451) Concurrent Mark 941.207ms
[2482.461s][info][gc,marking     ] GC(451) Concurrent Rebuild Remembered Sets and Scrub Regions
.[2482.723s][info][gc,marking     ] GC(451) Concurrent Rebuild Remembered Sets and Scrub Regions 262.148ms
[2482.723s][info][gc,start       ] GC(451) Pause Cleanup
[2482.723s][info][gc             ] GC(451) Pause Cleanup 2084M->2084M(4096M) 0.131ms
[2482.723s][info][gc,cpu         ] GC(451) User=0.00s Sys=0.00s Real=0.00s
[2482.723s][info][gc,marking     ] GC(451) Concurrent Clear Claimed Marks
[2482.723s][info][gc,marking     ] GC(451) Concurrent Clear Claimed Marks 0.031ms
[2482.723s][info][gc,marking     ] GC(451) Concurrent Cleanup for Next Mark
[2482.728s][info][gc,marking     ] GC(451) Concurrent Cleanup for Next Mark 4.351ms
[2482.728s][info][gc             ] GC(451) Concurrent Mark Cycle 1379.373ms
...[2486.117s][info][gc,start       ] GC(452) Pause Young (Prepare Mixed) (G1 Evacuation Pause)
[2486.117s][info][gc,task        ] GC(452) Using 6 workers of 6 for evacuation
[2486.234s][info][gc,phases      ] GC(452)   Pre Evacuate Collection Set: 0.40ms
[2486.234s][info][gc,phases      ] GC(452)   Merge Heap Roots: 0.59ms
[2486.234s][info][gc,phases      ] GC(452)   Evacuate Collection Set: 114.61ms
[2486.234s][info][gc,phases      ] GC(452)   Post Evacuate Collection Set: 0.96ms
[2486.234s][info][gc,phases      ] GC(452)   Other: 0.10ms
[2486.234s][info][gc,heap        ] GC(452) Eden regions: 1119->0(1111)
[2486.234s][info][gc,heap        ] GC(452) Survivor regions: 109->109(154)
[2486.234s][info][gc,heap        ] GC(452) Old regions: 504->536
[2486.234s][info][gc,heap        ] GC(452) Humongous regions: 80->80
[2486.234s][info][gc,metaspace   ] GC(452) Metaspace: 28938K(29248K)->28938K(29248K) NonClass: 24055K(24192K)->24055K(24192K) Class: 4882K(5056K)->4882K(5056K)
[2486.234s][info][gc             ] GC(452) Pause Young (Prepare Mixed) (G1 Evacuation Pause) 3622M->1447M(4096M) 116.791ms
[2486.234s][info][gc,cpu         ] GC(452) User=0.69s Sys=0.00s Real=0.11s
.....[2490.957s][info][gc,start       ] GC(453) Pause Young (Mixed) (G1 Evacuation Pause)
[2490.957s][info][gc,task        ] GC(453) Using 6 workers of 6 for evacuation
[2491.089s][info][gc,phases      ] GC(453)   Pre Evacuate Collection Set: 0.39ms
[2491.089s][info][gc,phases      ] GC(453)   Merge Heap Roots: 0.67ms
[2491.089s][info][gc,phases      ] GC(453)   Evacuate Collection Set: 130.22ms
[2491.089s][info][gc,phases      ] GC(453)   Post Evacuate Collection Set: 0.96ms
[2491.089s][info][gc,phases      ] GC(453)   Other: 0.09ms
[2491.089s][info][gc,heap        ] GC(453) Eden regions: 1111->0(1119)
[2491.089s][info][gc,heap        ] GC(453) Survivor regions: 109->109(153)
[2491.089s][info][gc,heap        ] GC(453) Old regions: 536->472
[2491.089s][info][gc,heap        ] GC(453) Humongous regions: 80->80
[2491.089s][info][gc,metaspace   ] GC(453) Metaspace: 28938K(29248K)->28938K(29248K) NonClass: 24055K(24192K)->24055K(24192K) Class: 4882K(5056K)->4882K(5056K)
[2491.089s][info][gc             ] GC(453) Pause Young (Mixed) (G1 Evacuation Pause) 3669M->1321M(4096M) 132.462ms
[2491.089s][info][gc,cpu         ] GC(453) User=0.79s Sys=0.00s Real=0.14s
.....[2495.793s][info][gc,start       ] GC(454) Pause Young (Concurrent Start) (G1 Evacuation Pause)
[2495.793s][info][gc,task        ] GC(454) Using 6 workers of 6 for evacuation
[2495.908s][info][gc,phases      ] GC(454)   Pre Evacuate Collection Set: 0.42ms
[2495.909s][info][gc,phases      ] GC(454)   Merge Heap Roots: 0.49ms
[2495.909s][info][gc,phases      ] GC(454)   Evacuate Collection Set: 113.68ms
[2495.909s][info][gc,phases      ] GC(454)   Post Evacuate Collection Set: 0.92ms
[2495.909s][info][gc,phases      ] GC(454)   Other: 0.11ms
[2495.909s][info][gc,heap        ] GC(454) Eden regions: 1119->0(1121)
[2495.909s][info][gc,heap        ] GC(454) Survivor regions: 109->107(154)
[2495.909s][info][gc,heap        ] GC(454) Old regions: 472->505
[2495.909s][info][gc,heap        ] GC(454) Humongous regions: 80->80
[2495.909s][info][gc,metaspace   ] GC(454) Metaspace: 28938K(29248K)->28938K(29248K) NonClass: 24055K(24192K)->24055K(24192K) Class: 4882K(5056K)->4882K(5056K)
[2495.909s][info][gc             ] GC(454) Pause Young (Concurrent Start) (G1 Evacuation Pause) 3559M->1382M(4096M) 115.738ms
[2495.909s][info][gc             ] GC(455) Concurrent Mark Cycle
[2495.909s][info][gc,marking     ] GC(455) Concurrent Scan Root Regions
[2495.909s][info][gc,cpu         ] GC(454) User=0.68s Sys=0.00s Real=0.12s
[2496.068s][info][gc,marking     ] GC(455) Concurrent Scan Root Regions 159.578ms
[2496.068s][info][gc,marking     ] GC(455) Concurrent Mark
[2496.068s][info][gc,marking     ] GC(455) Concurrent Mark From Roots
[2496.068s][info][gc,task        ] GC(455) Using 2 workers of 2 for marking
.[2496.820s][info][gc,marking     ] GC(455) Concurrent Mark From Roots 752.074ms
[2496.820s][info][gc,marking     ] GC(455) Concurrent Preclean
[2496.820s][info][gc,marking     ] GC(455) Concurrent Preclean 0.043ms
[2496.821s][info][gc,start       ] GC(455) Pause Remark
[2496.824s][info][gc             ] GC(455) Pause Remark 1877M->1877M(4096M) 3.497ms
[2496.824s][info][gc,cpu         ] GC(455) User=0.01s Sys=0.00s Real=0.00s
[2496.824s][info][gc,marking     ] GC(455) Concurrent Mark 755.907ms
[2496.824s][info][gc,marking     ] GC(455) Concurrent Rebuild Remembered Sets and Scrub Regions
[2497.069s][info][gc,marking     ] GC(455) Concurrent Rebuild Remembered Sets and Scrub Regions 244.309ms
[2497.069s][info][gc,start       ] GC(455) Pause Cleanup
[2497.069s][info][gc             ] GC(455) Pause Cleanup 1970M->1970M(4096M) 0.138ms
[2497.069s][info][gc,cpu         ] GC(455) User=0.00s Sys=0.00s Real=0.00s
[2497.071s][info][gc,marking     ] GC(455) Concurrent Clear Claimed Marks
[2497.071s][info][gc,marking     ] GC(455) Concurrent Clear Claimed Marks 0.061ms
[2497.071s][info][gc,marking     ] GC(455) Concurrent Cleanup for Next Mark
[2497.076s][info][gc,marking     ] GC(455) Concurrent Cleanup for Next Mark 4.656ms
[2497.076s][info][gc             ] GC(455) Concurrent Mark Cycle 1167.307ms
....[2500.704s][info][gc,start       ] GC(456) Pause Young (Prepare Mixed) (G1 Evacuation Pause)
[2500.705s][info][gc,task        ] GC(456) Using 6 workers of 6 for evacuation
[2500.821s][info][gc,phases      ] GC(456)   Pre Evacuate Collection Set: 0.37ms
[2500.821s][info][gc,phases      ] GC(456)   Merge Heap Roots: 0.54ms
[2500.821s][info][gc,phases      ] GC(456)   Evacuate Collection Set: 114.96ms
[2500.822s][info][gc,phases      ] GC(456)   Post Evacuate Collection Set: 0.96ms
[2500.822s][info][gc,phases      ] GC(456)   Other: 0.09ms
[2500.822s][info][gc,heap        ] GC(456) Eden regions: 1121->0(1114)
[2500.822s][info][gc,heap        ] GC(456) Survivor regions: 107->108(154)
[2500.822s][info][gc,heap        ] GC(456) Old regions: 505->535
[2500.822s][info][gc,heap        ] GC(456) Humongous regions: 80->80
[2500.822s][info][gc,metaspace   ] GC(456) Metaspace: 28938K(29248K)->28938K(29248K) NonClass: 24055K(24192K)->24055K(24192K) Class: 4882K(5056K)->4882K(5056K)
[2500.822s][info][gc             ] GC(456) Pause Young (Prepare Mixed) (G1 Evacuation Pause) 3624M->1445M(4096M) 117.072ms
[2500.822s][info][gc,cpu         ] GC(456) User=0.69s Sys=0.00s Real=0.12s
....[2505.494s][info][gc,start       ] GC(457) Pause Young (Mixed) (G1 Evacuation Pause)
[2505.494s][info][gc,task        ] GC(457) Using 6 workers of 6 for evacuation
[2505.628s][info][gc,phases      ] GC(457)   Pre Evacuate Collection Set: 0.40ms
[2505.628s][info][gc,phases      ] GC(457)   Merge Heap Roots: 0.85ms
[2505.628s][info][gc,phases      ] GC(457)   Evacuate Collection Set: 131.60ms
[2505.628s][info][gc,phases      ] GC(457)   Post Evacuate Collection Set: 0.98ms
[2505.628s][info][gc,phases      ] GC(457)   Other: 0.10ms
[2505.628s][info][gc,heap        ] GC(457) Eden regions: 1114->0(1121)
[2505.628s][info][gc,heap        ] GC(457) Survivor regions: 108->107(153)
[2505.628s][info][gc,heap        ] GC(457) Old regions: 535->471
[2505.628s][info][gc,heap        ] GC(457) Humongous regions: 80->80
[2505.628s][info][gc,metaspace   ] GC(457) Metaspace: 28938K(29248K)->28938K(29248K) NonClass: 24055K(24192K)->24055K(24192K) Class: 4882K(5056K)->4882K(5056K)
[2505.628s][info][gc             ] GC(457) Pause Young (Mixed) (G1 Evacuation Pause) 3673M->1314M(4096M) 134.091ms
[2505.628s][info][gc,cpu         ] GC(457) User=0.79s Sys=0.00s Real=0.14s
.....[2510.432s][info][gc,start       ] GC(458) Pause Young (Concurrent Start) (G1 Evacuation Pause)
[2510.432s][info][gc,task        ] GC(458) Using 6 workers of 6 for evacuation
[2510.552s][info][gc,phases      ] GC(458)   Pre Evacuate Collection Set: 0.41ms
[2510.552s][info][gc,phases      ] GC(458)   Merge Heap Roots: 0.49ms
[2510.552s][info][gc,phases      ] GC(458)   Evacuate Collection Set: 117.99ms
[2510.552s][info][gc,phases      ] GC(458)   Post Evacuate Collection Set: 0.93ms
[2510.552s][info][gc,phases      ] GC(458)   Other: 0.10ms
[2510.552s][info][gc,heap        ] GC(458) Eden regions: 1121->0(1118)
[2510.552s][info][gc,heap        ] GC(458) Survivor regions: 107->110(154)
[2510.552s][info][gc,heap        ] GC(458) Old regions: 471->503
[2510.552s][info][gc,heap        ] GC(458) Humongous regions: 80->80
[2510.552s][info][gc,metaspace   ] GC(458) Metaspace: 28938K(29248K)->28938K(29248K) NonClass: 24055K(24192K)->24055K(24192K) Class: 4882K(5056K)->4882K(5056K)
[2510.552s][info][gc             ] GC(458) Pause Young (Concurrent Start) (G1 Evacuation Pause) 3556M->1383M(4096M) 120.050ms
[2510.552s][info][gc             ] GC(459) Concurrent Mark Cycle
[2510.552s][info][gc,marking     ] GC(459) Concurrent Scan Root Regions
[2510.552s][info][gc,cpu         ] GC(458) User=0.71s Sys=0.01s Real=0.12s
.[2510.739s][info][gc,marking     ] GC(459) Concurrent Scan Root Regions 187.200ms
[2510.739s][info][gc,marking     ] GC(459) Concurrent Mark
[2510.739s][info][gc,marking     ] GC(459) Concurrent Mark From Roots
[2510.739s][info][gc,task        ] GC(459) Using 2 workers of 2 for marking
[2511.350s][info][gc,marking     ] GC(459) Concurrent Mark From Roots 610.669ms
[2511.350s][info][gc,marking     ] GC(459) Concurrent Preclean
[2511.350s][info][gc,marking     ] GC(459) Concurrent Preclean 0.068ms
[2511.350s][info][gc,start       ] GC(459) Pause Remark
[2511.353s][info][gc             ] GC(459) Pause Remark 1807M->1807M(4096M) 3.052ms
[2511.353s][info][gc,cpu         ] GC(459) User=0.01s Sys=0.00s Real=0.00s
[2511.353s][info][gc,marking     ] GC(459) Concurrent Mark 614.126ms
[2511.353s][info][gc,marking     ] GC(459) Concurrent Rebuild Remembered Sets and Scrub Regions
[2511.620s][info][gc,marking     ] GC(459) Concurrent Rebuild Remembered Sets and Scrub Regions 266.469ms
[2511.620s][info][gc,start       ] GC(459) Pause Cleanup
[2511.620s][info][gc             ] GC(459) Pause Cleanup 1944M->1944M(4096M) 0.131ms
[2511.620s][info][gc,cpu         ] GC(459) User=0.00s Sys=0.00s Real=0.00s
[2511.620s][info][gc,marking     ] GC(459) Concurrent Clear Claimed Marks
[2511.620s][info][gc,marking     ] GC(459) Concurrent Clear Claimed Marks 0.029ms
[2511.620s][info][gc,marking     ] GC(459) Concurrent Cleanup for Next Mark
[2511.623s][info][gc,marking     ] GC(459) Concurrent Cleanup for Next Mark 3.171ms
[2511.623s][info][gc             ] GC(459) Concurrent Mark Cycle 1071.496ms
. (rIR:aIR:PR = 3874:3874:3874) (tPR = 57493) [OK] 
  2511s: Performance info:
         Transaction,    Success,    Partial,     Failed,   Receipts, AvgBarcode, 
             Overall,     233513,          0,          0,     221832,      59.48, 
         Response times:
             Request,    Success,    Partial,     Failed,   SkipFail,     Probes,    Samples,      min,      p50,      p90,      p95,      p99,      max, 
       TotalPurchase,     221832,          0,          0,          0,     218400,     233247,      300,     3200,     5600,     8100,    40000,   221000,
     InStorePurchase,     116755,          0,          0,          0,     115326,     122839,      300,     3100,     5600,     8100,    40000,   221000,
      OnlinePurchase,      81730,          0,          0,          0,      80317,      85805,      300,     3200,     5600,     7970,    40000,   221000,
        InstPurchase,      23347,          0,          0,          0,      22757,      24603,      400,     3300,     5700,     8200,    39000,   146000,
          AssocOfCat,        235,          0,          0,          0,        168,        243,    21000,    28000,    41000,    58000,   122000,   160000,
      AssocOfProduct,       2335,          0,          0,          0,       2133,       2402,      500,     4300,     6600,    10200,    46970,   147000,
      BusinessReport,        581,          0,          0,          0,        499,        658,    19300,    32000,    52000,    68000,   170000,   255000,
          CustBuyBeh,       2336,          0,          0,          0,       2115,       2416,      200,     1600,     3500,     5615,    25830,   144000,
       ProductReturn,       6194,          0,          0,          0,       5854,       6527,      200,     3700,     6000,     9000,    44000,   154000,

  2511s: (29%)   IR =   4013 ...[2515.122s][info][gc,start       ] GC(460) Pause Young (Prepare Mixed) (G1 Evacuation Pause)
[2515.122s][info][gc,task        ] GC(460) Using 6 workers of 6 for evacuation
[2515.242s][info][gc,phases      ] GC(460)   Pre Evacuate Collection Set: 0.34ms
[2515.242s][info][gc,phases      ] GC(460)   Merge Heap Roots: 0.53ms
[2515.242s][info][gc,phases      ] GC(460)   Evacuate Collection Set: 118.11ms
[2515.242s][info][gc,phases      ] GC(460)   Post Evacuate Collection Set: 0.94ms
[2515.242s][info][gc,phases      ] GC(460)   Other: 0.09ms
[2515.242s][info][gc,heap        ] GC(460) Eden regions: 1118->0(1107)
[2515.242s][info][gc,heap        ] GC(460) Survivor regions: 110->112(154)
[2515.242s][info][gc,heap        ] GC(460) Old regions: 503->534
[2515.242s][info][gc,heap        ] GC(460) Humongous regions: 80->80
[2515.242s][info][gc,metaspace   ] GC(460) Metaspace: 28938K(29248K)->28938K(29248K) NonClass: 24055K(24192K)->24055K(24192K) Class: 4882K(5056K)->4882K(5056K)
[2515.242s][info][gc             ] GC(460) Pause Young (Prepare Mixed) (G1 Evacuation Pause) 3619M->1449M(4096M) 120.136ms
[2515.242s][info][gc,cpu         ] GC(460) User=0.71s Sys=0.00s Real=0.12s
..|...[2519.752s][info][gc,start       ] GC(461) Pause Young (Mixed) (G1 Evacuation Pause)
[2519.752s][info][gc,task        ] GC(461) Using 6 workers of 6 for evacuation
[2519.887s][info][gc,phases      ] GC(461)   Pre Evacuate Collection Set: 0.40ms
[2519.887s][info][gc,phases      ] GC(461)   Merge Heap Roots: 0.69ms
[2519.887s][info][gc,phases      ] GC(461)   Evacuate Collection Set: 132.84ms
[2519.887s][info][gc,phases      ] GC(461)   Post Evacuate Collection Set: 1.01ms
[2519.887s][info][gc,phases      ] GC(461)   Other: 0.10ms
[2519.887s][info][gc,heap        ] GC(461) Eden regions: 1107->0(1118)
[2519.887s][info][gc,heap        ] GC(461) Survivor regions: 112->110(153)
[2519.887s][info][gc,heap        ] GC(461) Old regions: 534->473
[2519.887s][info][gc,heap        ] GC(461) Humongous regions: 80->80
[2519.887s][info][gc,metaspace   ] GC(461) Metaspace: 28938K(29248K)->28938K(29248K) NonClass: 24055K(24192K)->24055K(24192K) Class: 4882K(5056K)->4882K(5056K)
[2519.887s][info][gc             ] GC(461) Pause Young (Mixed) (G1 Evacuation Pause) 3663M->1323M(4096M) 135.164ms
[2519.887s][info][gc,cpu         ] GC(461) User=0.80s Sys=0.00s Real=0.14s
....[2524.508s][info][gc,start       ] GC(462) Pause Young (Concurrent Start) (G1 Evacuation Pause)
[2524.508s][info][gc,task        ] GC(462) Using 6 workers of 6 for evacuation
[2524.622s][info][gc,phases      ] GC(462)   Pre Evacuate Collection Set: 0.41ms
[2524.622s][info][gc,phases      ] GC(462)   Merge Heap Roots: 0.50ms
[2524.622s][info][gc,phases      ] GC(462)   Evacuate Collection Set: 112.16ms
[2524.622s][info][gc,phases      ] GC(462)   Post Evacuate Collection Set: 0.91ms
[2524.622s][info][gc,phases      ] GC(462)   Other: 0.13ms
[2524.622s][info][gc,heap        ] GC(462) Eden regions: 1118->0(1121)
[2524.622s][info][gc,heap        ] GC(462) Survivor regions: 110->107(154)
[2524.622s][info][gc,heap        ] GC(462) Old regions: 473->504
[2524.622s][info][gc,heap        ] GC(462) Humongous regions: 80->80
[2524.622s][info][gc,metaspace   ] GC(462) Metaspace: 28938K(29248K)->28938K(29248K) NonClass: 24055K(24192K)->24055K(24192K) Class: 4882K(5056K)->4882K(5056K)
[2524.622s][info][gc             ] GC(462) Pause Young (Concurrent Start) (G1 Evacuation Pause) 3559M->1381M(4096M) 114.247ms
[2524.622s][info][gc             ] GC(463) Concurrent Mark Cycle
[2524.622s][info][gc,marking     ] GC(463) Concurrent Scan Root Regions
[2524.622s][info][gc,cpu         ] GC(462) User=0.67s Sys=0.00s Real=0.11s
.[2524.787s][info][gc,marking     ] GC(463) Concurrent Scan Root Regions 164.652ms
[2524.787s][info][gc,marking     ] GC(463) Concurrent Mark
[2524.787s][info][gc,marking     ] GC(463) Concurrent Mark From Roots
[2524.787s][info][gc,task        ] GC(463) Using 2 workers of 2 for marking
[2525.515s][info][gc,marking     ] GC(463) Concurrent Mark From Roots 728.082ms
[2525.515s][info][gc,marking     ] GC(463) Concurrent Preclean
[2525.515s][info][gc,marking     ] GC(463) Concurrent Preclean 0.064ms
[2525.515s][info][gc,start       ] GC(463) Pause Remark
[2525.519s][info][gc             ] GC(463) Pause Remark 1895M->1895M(4096M) 3.594ms
[2525.519s][info][gc,cpu         ] GC(463) User=0.02s Sys=0.00s Real=0.01s
[2525.519s][info][gc,marking     ] GC(463) Concurrent Mark 732.011ms
[2525.519s][info][gc,marking     ] GC(463) Concurrent Rebuild Remembered Sets and Scrub Regions
.[2525.751s][info][gc,marking     ] GC(463) Concurrent Rebuild Remembered Sets and Scrub Regions 231.786ms
[2525.751s][info][gc,start       ] GC(463) Pause Cleanup
[2525.751s][info][gc             ] GC(463) Pause Cleanup 1997M->1997M(4096M) 0.135ms
[2525.751s][info][gc,cpu         ] GC(463) User=0.00s Sys=0.00s Real=0.00s
[2525.751s][info][gc,marking     ] GC(463) Concurrent Clear Claimed Marks
[2525.751s][info][gc,marking     ] GC(463) Concurrent Clear Claimed Marks 0.032ms
[2525.751s][info][gc,marking     ] GC(463) Concurrent Cleanup for Next Mark
[2525.755s][info][gc,marking     ] GC(463) Concurrent Cleanup for Next Mark 3.603ms
[2525.755s][info][gc             ] GC(463) Concurrent Mark Cycle 1132.515ms
...[2529.216s][info][gc,start       ] GC(464) Pause Young (Prepare Mixed) (G1 Evacuation Pause)
[2529.216s][info][gc,task        ] GC(464) Using 6 workers of 6 for evacuation
[2529.334s][info][gc,phases      ] GC(464)   Pre Evacuate Collection Set: 0.35ms
[2529.334s][info][gc,phases      ] GC(464)   Merge Heap Roots: 0.53ms
[2529.334s][info][gc,phases      ] GC(464)   Evacuate Collection Set: 115.55ms
[2529.334s][info][gc,phases      ] GC(464)   Post Evacuate Collection Set: 0.97ms
[2529.334s][info][gc,phases      ] GC(464)   Other: 0.10ms
[2529.334s][info][gc,heap        ] GC(464) Eden regions: 1121->0(1110)
[2529.334s][info][gc,heap        ] GC(464) Survivor regions: 107->110(154)
[2529.334s][info][gc,heap        ] GC(464) Old regions: 504->535
[2529.334s][info][gc,heap        ] GC(464) Humongous regions: 80->80
[2529.334s][info][gc,metaspace   ] GC(464) Metaspace: 28938K(29248K)->28938K(29248K) NonClass: 24055K(24192K)->24055K(24192K) Class: 4882K(5056K)->4882K(5056K)
[2529.334s][info][gc             ] GC(464) Pause Young (Prepare Mixed) (G1 Evacuation Pause) 3623M->1448M(4096M) 117.622ms
[2529.334s][info][gc,cpu         ] GC(464) User=0.69s Sys=0.00s Real=0.12s
.....[2533.918s][info][gc,start       ] GC(465) Pause Young (Mixed) (G1 Evacuation Pause)
[2533.918s][info][gc,task        ] GC(465) Using 6 workers of 6 for evacuation
[2534.055s][info][gc,phases      ] GC(465)   Pre Evacuate Collection Set: 0.39ms
[2534.055s][info][gc,phases      ] GC(465)   Merge Heap Roots: 0.73ms
[2534.055s][info][gc,phases      ] GC(465)   Evacuate Collection Set: 134.68ms
[2534.055s][info][gc,phases      ] GC(465)   Post Evacuate Collection Set: 0.98ms
[2534.055s][info][gc,phases      ] GC(465)   Other: 0.09ms
[2534.055s][info][gc,heap        ] GC(465) Eden regions: 1110->0(1117)
[2534.055s][info][gc,heap        ] GC(465) Survivor regions: 110->111(153)
[2534.055s][info][gc,heap        ] GC(465) Old regions: 535->470
[2534.055s][info][gc,heap        ] GC(465) Humongous regions: 80->80
[2534.055s][info][gc,metaspace   ] GC(465) Metaspace: 28938K(29248K)->28938K(29248K) NonClass: 24055K(24192K)->24055K(24192K) Class: 4882K(5056K)->4882K(5056K)
[2534.055s][info][gc             ] GC(465) Pause Young (Mixed) (G1 Evacuation Pause) 3668M->1321M(4096M) 137.007ms
[2534.055s][info][gc,cpu         ] GC(465) User=0.81s Sys=0.00s Real=0.13s
....[2538.618s][info][gc,start       ] GC(466) Pause Young (Concurrent Start) (G1 Evacuation Pause)
[2538.618s][info][gc,task        ] GC(466) Using 6 workers of 6 for evacuation
[2538.734s][info][gc,phases      ] GC(466)   Pre Evacuate Collection Set: 0.42ms
[2538.734s][info][gc,phases      ] GC(466)   Merge Heap Roots: 0.50ms
[2538.734s][info][gc,phases      ] GC(466)   Evacuate Collection Set: 113.61ms
[2538.734s][info][gc,phases      ] GC(466)   Post Evacuate Collection Set: 0.93ms
[2538.734s][info][gc,phases      ] GC(466)   Other: 0.12ms
[2538.734s][info][gc,heap        ] GC(466) Eden regions: 1117->0(1120)
[2538.734s][info][gc,heap        ] GC(466) Survivor regions: 111->108(154)
[2538.734s][info][gc,heap        ] GC(466) Old regions: 470->503
[2538.734s][info][gc,heap        ] GC(466) Humongous regions: 80->80
[2538.734s][info][gc,metaspace   ] GC(466) Metaspace: 28938K(29248K)->28938K(29248K) NonClass: 24055K(24192K)->24055K(24192K) Class: 4882K(5056K)->4882K(5056K)
[2538.734s][info][gc             ] GC(466) Pause Young (Concurrent Start) (G1 Evacuation Pause) 3555M->1380M(4096M) 115.718ms
[2538.734s][info][gc             ] GC(467) Concurrent Mark Cycle
[2538.734s][info][gc,marking     ] GC(467) Concurrent Scan Root Regions
[2538.734s][info][gc,cpu         ] GC(466) User=0.68s Sys=0.00s Real=0.11s
.[2538.907s][info][gc,marking     ] GC(467) Concurrent Scan Root Regions 172.356ms
[2538.907s][info][gc,marking     ] GC(467) Concurrent Mark
[2538.907s][info][gc,marking     ] GC(467) Concurrent Mark From Roots
[2538.907s][info][gc,task        ] GC(467) Using 2 workers of 2 for marking
[2539.685s][info][gc,marking     ] GC(467) Concurrent Mark From Roots 778.310ms
[2539.685s][info][gc,marking     ] GC(467) Concurrent Preclean
[2539.685s][info][gc,marking     ] GC(467) Concurrent Preclean 0.048ms
[2539.685s][info][gc,start       ] GC(467) Pause Remark
[2539.689s][info][gc             ] GC(467) Pause Remark 1982M->1982M(4096M) 3.692ms
[2539.689s][info][gc,cpu         ] GC(467) User=0.01s Sys=0.00s Real=0.01s
[2539.689s][info][gc,marking     ] GC(467) Concurrent Mark 782.324ms
[2539.689s][info][gc,marking     ] GC(467) Concurrent Rebuild Remembered Sets and Scrub Regions
.[2539.932s][info][gc,marking     ] GC(467) Concurrent Rebuild Remembered Sets and Scrub Regions 243.140ms
[2539.932s][info][gc,start       ] GC(467) Pause Cleanup
[2539.932s][info][gc             ] GC(467) Pause Cleanup 2074M->2074M(4096M) 0.132ms
[2539.932s][info][gc,cpu         ] GC(467) User=0.00s Sys=0.00s Real=0.00s
[2539.932s][info][gc,marking     ] GC(467) Concurrent Clear Claimed Marks
[2539.932s][info][gc,marking     ] GC(467) Concurrent Clear Claimed Marks 0.026ms
[2539.932s][info][gc,marking     ] GC(467) Concurrent Cleanup for Next Mark
[2539.936s][info][gc,marking     ] GC(467) Concurrent Cleanup for Next Mark 3.202ms
[2539.936s][info][gc             ] GC(467) Concurrent Mark Cycle 1201.578ms
...[2543.238s][info][gc,start       ] GC(468) Pause Young (Prepare Mixed) (G1 Evacuation Pause)
[2543.238s][info][gc,task        ] GC(468) Using 6 workers of 6 for evacuation
[2543.357s][info][gc,phases      ] GC(468)   Pre Evacuate Collection Set: 0.36ms
[2543.357s][info][gc,phases      ] GC(468)   Merge Heap Roots: 0.51ms
[2543.357s][info][gc,phases      ] GC(468)   Evacuate Collection Set: 116.91ms
[2543.357s][info][gc,phases      ] GC(468)   Post Evacuate Collection Set: 0.95ms
[2543.357s][info][gc,phases      ] GC(468)   Other: 0.09ms
[2543.357s][info][gc,heap        ] GC(468) Eden regions: 1120->0(1110)
[2543.357s][info][gc,heap        ] GC(468) Survivor regions: 108->110(154)
[2543.357s][info][gc,heap        ] GC(468) Old regions: 503->535
[2543.357s][info][gc,heap        ] GC(468) Humongous regions: 80->80
[2543.357s][info][gc,metaspace   ] GC(468) Metaspace: 28938K(29248K)->28938K(29248K) NonClass: 24055K(24192K)->24055K(24192K) Class: 4882K(5056K)->4882K(5056K)
[2543.357s][info][gc             ] GC(468) Pause Young (Prepare Mixed) (G1 Evacuation Pause) 3620M->1448M(4096M) 118.958ms
[2543.357s][info][gc,cpu         ] GC(468) User=0.71s Sys=0.00s Real=0.11s
.....[2547.922s][info][gc,start       ] GC(469) Pause Young (Mixed) (G1 Evacuation Pause)
[2547.922s][info][gc,task        ] GC(469) Using 6 workers of 6 for evacuation
[2548.059s][info][gc,phases      ] GC(469)   Pre Evacuate Collection Set: 0.39ms
[2548.059s][info][gc,phases      ] GC(469)   Merge Heap Roots: 0.71ms
[2548.059s][info][gc,phases      ] GC(469)   Evacuate Collection Set: 134.43ms
[2548.059s][info][gc,phases      ] GC(469)   Post Evacuate Collection Set: 0.83ms
[2548.059s][info][gc,phases      ] GC(469)   Other: 0.09ms
[2548.059s][info][gc,heap        ] GC(469) Eden regions: 1110->0(1118)
[2548.059s][info][gc,heap        ] GC(469) Survivor regions: 110->110(153)
[2548.059s][info][gc,heap        ] GC(469) Old regions: 535->473
[2548.059s][info][gc,heap        ] GC(469) Humongous regions: 80->80
[2548.059s][info][gc,metaspace   ] GC(469) Metaspace: 28938K(29248K)->28938K(29248K) NonClass: 24055K(24192K)->24055K(24192K) Class: 4882K(5056K)->4882K(5056K)
[2548.059s][info][gc             ] GC(469) Pause Young (Mixed) (G1 Evacuation Pause) 3668M->1324M(4096M) 136.584ms
[2548.059s][info][gc,cpu         ] GC(469) User=0.80s Sys=0.00s Real=0.14s
....[2552.680s][info][gc,start       ] GC(470) Pause Young (Concurrent Start) (G1 Evacuation Pause)
[2552.680s][info][gc,task        ] GC(470) Using 6 workers of 6 for evacuation
[2552.796s][info][gc,phases      ] GC(470)   Pre Evacuate Collection Set: 0.42ms
[2552.796s][info][gc,phases      ] GC(470)   Merge Heap Roots: 0.52ms
[2552.796s][info][gc,phases      ] GC(470)   Evacuate Collection Set: 114.15ms
[2552.796s][info][gc,phases      ] GC(470)   Post Evacuate Collection Set: 0.92ms
[2552.796s][info][gc,phases      ] GC(470)   Other: 0.12ms
[2552.796s][info][gc,heap        ] GC(470) Eden regions: 1118->0(1119)
[2552.796s][info][gc,heap        ] GC(470) Survivor regions: 110->109(154)
[2552.796s][info][gc,heap        ] GC(470) Old regions: 473->505
[2552.796s][info][gc,heap        ] GC(470) Humongous regions: 80->80
[2552.796s][info][gc,metaspace   ] GC(470) Metaspace: 28938K(29248K)->28938K(29248K) NonClass: 24055K(24192K)->24055K(24192K) Class: 4882K(5056K)->4882K(5056K)
[2552.796s][info][gc             ] GC(470) Pause Young (Concurrent Start) (G1 Evacuation Pause) 3560M->1385M(4096M) 116.274ms
[2552.796s][info][gc             ] GC(471) Concurrent Mark Cycle
[2552.796s][info][gc,marking     ] GC(471) Concurrent Scan Root Regions
[2552.796s][info][gc,cpu         ] GC(470) User=0.69s Sys=0.00s Real=0.11s
.[2552.939s][info][gc,marking     ] GC(471) Concurrent Scan Root Regions 142.572ms
[2552.939s][info][gc,marking     ] GC(471) Concurrent Mark
[2552.939s][info][gc,marking     ] GC(471) Concurrent Mark From Roots
[2552.939s][info][gc,task        ] GC(471) Using 2 workers of 2 for marking
[2553.581s][info][gc,marking     ] GC(471) Concurrent Mark From Roots 642.436ms
[2553.581s][info][gc,marking     ] GC(471) Concurrent Preclean
[2553.581s][info][gc,marking     ] GC(471) Concurrent Preclean 0.056ms
[2553.582s][info][gc,start       ] GC(471) Pause Remark
[2553.586s][info][gc             ] GC(471) Pause Remark 1871M->1871M(4096M) 3.960ms
[2553.586s][info][gc,cpu         ] GC(471) User=0.02s Sys=0.00s Real=0.00s
[2553.586s][info][gc,marking     ] GC(471) Concurrent Mark 646.985ms
[2553.586s][info][gc,marking     ] GC(471) Concurrent Rebuild Remembered Sets and Scrub Regions
[2553.844s][info][gc,marking     ] GC(471) Concurrent Rebuild Remembered Sets and Scrub Regions 258.202ms
[2553.844s][info][gc,start       ] GC(471) Pause Cleanup
[2553.844s][info][gc             ] GC(471) Pause Cleanup 1974M->1974M(4096M) 0.131ms
[2553.844s][info][gc,cpu         ] GC(471) User=0.00s Sys=0.00s Real=0.00s
[2553.844s][info][gc,marking     ] GC(471) Concurrent Clear Claimed Marks
[2553.844s][info][gc,marking     ] GC(471) Concurrent Clear Claimed Marks 0.028ms
[2553.844s][info][gc,marking     ] GC(471) Concurrent Cleanup for Next Mark
[2553.848s][info][gc,marking     ] GC(471) Concurrent Cleanup for Next Mark 3.777ms
[2553.848s][info][gc             ] GC(471) Concurrent Mark Cycle 1052.054ms
....[2557.392s][info][gc,start       ] GC(472) Pause Young (Prepare Mixed) (G1 Evacuation Pause)
[2557.393s][info][gc,task        ] GC(472) Using 6 workers of 6 for evacuation
[2557.509s][info][gc,phases      ] GC(472)   Pre Evacuate Collection Set: 0.34ms
[2557.509s][info][gc,phases      ] GC(472)   Merge Heap Roots: 0.52ms
[2557.509s][info][gc,phases      ] GC(472)   Evacuate Collection Set: 114.46ms
[2557.509s][info][gc,phases      ] GC(472)   Post Evacuate Collection Set: 0.97ms
[2557.509s][info][gc,phases      ] GC(472)   Other: 0.09ms
[2557.509s][info][gc,heap        ] GC(472) Eden regions: 1119->0(1113)
[2557.509s][info][gc,heap        ] GC(472) Survivor regions: 109->108(154)
[2557.509s][info][gc,heap        ] GC(472) Old regions: 505->536
[2557.509s][info][gc,heap        ] GC(472) Humongous regions: 80->80
[2557.509s][info][gc,metaspace   ] GC(472) Metaspace: 28938K(29248K)->28938K(29248K) NonClass: 24055K(24192K)->24055K(24192K) Class: 4882K(5056K)->4882K(5056K)
[2557.509s][info][gc             ] GC(472) Pause Young (Prepare Mixed) (G1 Evacuation Pause) 3623M->1446M(4096M) 116.501ms
[2557.509s][info][gc,cpu         ] GC(472) User=0.69s Sys=0.00s Real=0.12s
.....[2562.021s][info][gc,start       ] GC(473) Pause Young (Mixed) (G1 Evacuation Pause)
[2562.021s][info][gc,task        ] GC(473) Using 6 workers of 6 for evacuation
[2562.159s][info][gc,phases      ] GC(473)   Pre Evacuate Collection Set: 0.40ms
[2562.159s][info][gc,phases      ] GC(473)   Merge Heap Roots: 0.67ms
[2562.159s][info][gc,phases      ] GC(473)   Evacuate Collection Set: 135.40ms
[2562.159s][info][gc,phases      ] GC(473)   Post Evacuate Collection Set: 0.98ms
[2562.159s][info][gc,phases      ] GC(473)   Other: 0.09ms
[2562.159s][info][gc,heap        ] GC(473) Eden regions: 1113->0(1117)
[2562.159s][info][gc,heap        ] GC(473) Survivor regions: 108->111(153)
[2562.159s][info][gc,heap        ] GC(473) Old regions: 536->472
[2562.159s][info][gc,heap        ] GC(473) Humongous regions: 80->80
[2562.159s][info][gc,metaspace   ] GC(473) Metaspace: 28938K(29248K)->28938K(29248K) NonClass: 24055K(24192K)->24055K(24192K) Class: 4882K(5056K)->4882K(5056K)
[2562.159s][info][gc             ] GC(473) Pause Young (Mixed) (G1 Evacuation Pause) 3672M->1325M(4096M) 137.696ms
[2562.159s][info][gc,cpu         ] GC(473) User=0.81s Sys=0.00s Real=0.14s
....[2566.701s][info][gc,start       ] GC(474) Pause Young (Concurrent Start) (G1 Evacuation Pause)
[2566.701s][info][gc,task        ] GC(474) Using 6 workers of 6 for evacuation
[2566.819s][info][gc,phases      ] GC(474)   Pre Evacuate Collection Set: 0.41ms
[2566.819s][info][gc,phases      ] GC(474)   Merge Heap Roots: 0.50ms
[2566.819s][info][gc,phases      ] GC(474)   Evacuate Collection Set: 116.48ms
[2566.819s][info][gc,phases      ] GC(474)   Post Evacuate Collection Set: 0.91ms
[2566.819s][info][gc,phases      ] GC(474)   Other: 0.11ms
[2566.819s][info][gc,heap        ] GC(474) Eden regions: 1117->0(1118)
[2566.819s][info][gc,heap        ] GC(474) Survivor regions: 111->110(154)
[2566.819s][info][gc,heap        ] GC(474) Old regions: 472->505
[2566.819s][info][gc,heap        ] GC(474) Humongous regions: 80->80
[2566.819s][info][gc,metaspace   ] GC(474) Metaspace: 28938K(29248K)->28938K(29248K) NonClass: 24055K(24192K)->24055K(24192K) Class: 4882K(5056K)->4882K(5056K)
[2566.819s][info][gc             ] GC(474) Pause Young (Concurrent Start) (G1 Evacuation Pause) 3559M->1387M(4096M) 118.532ms
[2566.819s][info][gc             ] GC(475) Concurrent Mark Cycle
[2566.819s][info][gc,marking     ] GC(475) Concurrent Scan Root Regions
[2566.819s][info][gc,cpu         ] GC(474) User=0.70s Sys=0.00s Real=0.12s
.[2566.951s][info][gc,marking     ] GC(475) Concurrent Scan Root Regions 131.951ms
[2566.951s][info][gc,marking     ] GC(475) Concurrent Mark
[2566.951s][info][gc,marking     ] GC(475) Concurrent Mark From Roots
[2566.951s][info][gc,task        ] GC(475) Using 2 workers of 2 for marking
[2567.573s][info][gc,marking     ] GC(475) Concurrent Mark From Roots 621.766ms
[2567.573s][info][gc,marking     ] GC(475) Concurrent Preclean
[2567.573s][info][gc,marking     ] GC(475) Concurrent Preclean 0.070ms
[2567.573s][info][gc,start       ] GC(475) Pause Remark
[2567.577s][info][gc             ] GC(475) Pause Remark 1785M->1785M(4096M) 3.491ms
[2567.577s][info][gc,cpu         ] GC(475) User=0.02s Sys=0.00s Real=0.01s
[2567.577s][info][gc,marking     ] GC(475) Concurrent Mark 625.682ms
[2567.577s][info][gc,marking     ] GC(475) Concurrent Rebuild Remembered Sets and Scrub Regions
.[2567.935s][info][gc,marking     ] GC(475) Concurrent Rebuild Remembered Sets and Scrub Regions 357.808ms
[2567.935s][info][gc,start       ] GC(475) Pause Cleanup
[2567.935s][info][gc             ] GC(475) Pause Cleanup 1953M->1953M(4096M) 0.126ms
[2567.935s][info][gc,cpu         ] GC(475) User=0.00s Sys=0.00s Real=0.00s
[2567.935s][info][gc,marking     ] GC(475) Concurrent Clear Claimed Marks
[2567.935s][info][gc,marking     ] GC(475) Concurrent Clear Claimed Marks 0.027ms
[2567.935s][info][gc,marking     ] GC(475) Concurrent Cleanup for Next Mark
[2567.938s][info][gc,marking     ] GC(475) Concurrent Cleanup for Next Mark 3.323ms
[2567.939s][info][gc             ] GC(475) Concurrent Mark Cycle 1119.215ms
...[2571.382s][info][gc,start       ] GC(476) Pause Young (Prepare Mixed) (G1 Evacuation Pause)
[2571.382s][info][gc,task        ] GC(476) Using 6 workers of 6 for evacuation
[2571.497s][info][gc,phases      ] GC(476)   Pre Evacuate Collection Set: 0.36ms
[2571.497s][info][gc,phases      ] GC(476)   Merge Heap Roots: 0.54ms
[2571.497s][info][gc,phases      ] GC(476)   Evacuate Collection Set: 112.53ms
[2571.497s][info][gc,phases      ] GC(476)   Post Evacuate Collection Set: 0.95ms
[2571.497s][info][gc,phases      ] GC(476)   Other: 0.09ms
[2571.497s][info][gc,heap        ] GC(476) Eden regions: 1118->0(1115)
[2571.497s][info][gc,heap        ] GC(476) Survivor regions: 110->107(154)
[2571.497s][info][gc,heap        ] GC(476) Old regions: 505->536
[2571.497s][info][gc,heap        ] GC(476) Humongous regions: 80->80
[2571.497s][info][gc,metaspace   ] GC(476) Metaspace: 28938K(29248K)->28938K(29248K) NonClass: 24055K(24192K)->24055K(24192K) Class: 4882K(5056K)->4882K(5056K)
[2571.497s][info][gc             ] GC(476) Pause Young (Prepare Mixed) (G1 Evacuation Pause) 3623M->1444M(4096M) 114.610ms
[2571.497s][info][gc,cpu         ] GC(476) User=0.68s Sys=0.00s Real=0.12s
.....[2576.121s][info][gc,start       ] GC(477) Pause Young (Mixed) (G1 Evacuation Pause)
[2576.121s][info][gc,task        ] GC(477) Using 6 workers of 6 for evacuation
[2576.254s][info][gc,phases      ] GC(477)   Pre Evacuate Collection Set: 0.46ms
[2576.254s][info][gc,phases      ] GC(477)   Merge Heap Roots: 0.71ms
[2576.254s][info][gc,phases      ] GC(477)   Evacuate Collection Set: 130.85ms
[2576.254s][info][gc,phases      ] GC(477)   Post Evacuate Collection Set: 1.03ms
[2576.254s][info][gc,phases      ] GC(477)   Other: 0.11ms
[2576.254s][info][gc,heap        ] GC(477) Eden regions: 1115->0(1119)
[2576.254s][info][gc,heap        ] GC(477) Survivor regions: 107->109(153)
[2576.254s][info][gc,heap        ] GC(477) Old regions: 536->472
[2576.254s][info][gc,heap        ] GC(477) Humongous regions: 80->80
[2576.254s][info][gc,metaspace   ] GC(477) Metaspace: 28938K(29248K)->28938K(29248K) NonClass: 24055K(24192K)->24055K(24192K) Class: 4882K(5056K)->4882K(5056K)
[2576.254s][info][gc             ] GC(477) Pause Young (Mixed) (G1 Evacuation Pause) 3674M->1321M(4096M) 133.293ms
[2576.254s][info][gc,cpu         ] GC(477) User=0.79s Sys=0.00s Real=0.13s
. (rIR:aIR:PR = 4013:4011:4011) (tPR = 59163) [OK] 
  2576s: Performance info:
         Transaction,    Success,    Partial,     Failed,   Receipts, AvgBarcode, 
             Overall,     241399,          0,          0,     229320,      59.47, 
         Response times:
             Request,    Success,    Partial,     Failed,   SkipFail,     Probes,    Samples,      min,      p50,      p90,      p95,      p99,      max, 
       TotalPurchase,     229320,          0,          0,          0,     225375,     245000,      300,     3300,     5700,     9000,    47000,   196000,
     InStorePurchase,     120685,          0,          0,          0,     118956,     128982,      300,     3200,     5600,     8800,    47000,   188000,
      OnlinePurchase,      84500,          0,          0,          0,      82982,      90203,      300,     3300,     5700,     9100,    48000,   196000,
        InstPurchase,      24135,          0,          0,          0,      23437,      25815,      400,     3400,     5800,     9600,    44000,   196000,
          AssocOfCat,        239,          0,          0,          0,        189,        248,    21000,    28000,    47100,    64650,   135260,   181000,
      AssocOfProduct,       2404,          0,          0,          0,       2206,       2553,      500,     1800,     4200,     5830,    23920,   139000,
      BusinessReport,        603,          0,          0,          0,        499,        613,    21000,    32000,    54000,    76600,   172000,   202000,
          CustBuyBeh,       2420,          0,          0,          0,       2223,       2579,      500,     3800,     6100,    11500,    62000,   142000,
       ProductReturn,       6413,          0,          0,          0,       6118,       6883,      300,     3100,     5500,     9500,    44000,   136000,

  2576s: (30%)   IR =   4151 ...[2580.738s][info][gc,start       ] GC(478) Pause Young (Concurrent Start) (G1 Evacuation Pause)
[2580.738s][info][gc,task        ] GC(478) Using 6 workers of 6 for evacuation
[2580.857s][info][gc,phases      ] GC(478)   Pre Evacuate Collection Set: 0.42ms
[2580.857s][info][gc,phases      ] GC(478)   Merge Heap Roots: 0.53ms
[2580.857s][info][gc,phases      ] GC(478)   Evacuate Collection Set: 116.29ms
[2580.857s][info][gc,phases      ] GC(478)   Post Evacuate Collection Set: 0.93ms
[2580.857s][info][gc,phases      ] GC(478)   Other: 0.12ms
[2580.857s][info][gc,heap        ] GC(478) Eden regions: 1119->0(1119)
[2580.857s][info][gc,heap        ] GC(478) Survivor regions: 109->109(154)
[2580.857s][info][gc,heap        ] GC(478) Old regions: 472->504
[2580.857s][info][gc,heap        ] GC(478) Humongous regions: 80->80
[2580.857s][info][gc,metaspace   ] GC(478) Metaspace: 28938K(29248K)->28938K(29248K) NonClass: 24055K(24192K)->24055K(24192K) Class: 4882K(5056K)->4882K(5056K)
[2580.857s][info][gc             ] GC(478) Pause Young (Concurrent Start) (G1 Evacuation Pause) 3559M->1383M(4096M) 118.431ms
[2580.857s][info][gc             ] GC(479) Concurrent Mark Cycle
[2580.857s][info][gc,marking     ] GC(479) Concurrent Scan Root Regions
[2580.857s][info][gc,cpu         ] GC(478) User=0.71s Sys=0.00s Real=0.12s
.[2581.028s][info][gc,marking     ] GC(479) Concurrent Scan Root Regions 171.445ms
[2581.028s][info][gc,marking     ] GC(479) Concurrent Mark
[2581.028s][info][gc,marking     ] GC(479) Concurrent Mark From Roots
[2581.028s][info][gc,task        ] GC(479) Using 2 workers of 2 for marking
.[2582.009s][info][gc,marking     ] GC(479) Concurrent Mark From Roots 980.442ms
[2582.009s][info][gc,marking     ] GC(479) Concurrent Preclean
[2582.009s][info][gc,marking     ] GC(479) Concurrent Preclean 0.083ms
[2582.010s][info][gc,start       ] GC(479) Pause Remark
[2582.014s][info][gc             ] GC(479) Pause Remark 2027M->2027M(4096M) 3.866ms
[2582.014s][info][gc,cpu         ] GC(479) User=0.02s Sys=0.00s Real=0.00s
[2582.014s][info][gc,marking     ] GC(479) Concurrent Mark 985.613ms
[2582.014s][info][gc,marking     ] GC(479) Concurrent Rebuild Remembered Sets and Scrub Regions
[2582.228s][info][gc,marking     ] GC(479) Concurrent Rebuild Remembered Sets and Scrub Regions 213.952ms
[2582.228s][info][gc,start       ] GC(479) Pause Cleanup
[2582.228s][info][gc             ] GC(479) Pause Cleanup 2137M->2137M(4096M) 0.150ms
[2582.228s][info][gc,cpu         ] GC(479) User=0.00s Sys=0.00s Real=0.00s
[2582.228s][info][gc,marking     ] GC(479) Concurrent Clear Claimed Marks
[2582.228s][info][gc,marking     ] GC(479) Concurrent Clear Claimed Marks 0.031ms
[2582.228s][info][gc,marking     ] GC(479) Concurrent Cleanup for Next Mark
[2582.233s][info][gc,marking     ] GC(479) Concurrent Cleanup for Next Mark 4.465ms
[2582.233s][info][gc             ] GC(479) Concurrent Mark Cycle 1376.123ms
..|.[2585.302s][info][gc,start       ] GC(480) Pause Young (Prepare Mixed) (G1 Evacuation Pause)
[2585.302s][info][gc,task        ] GC(480) Using 6 workers of 6 for evacuation
[2585.420s][info][gc,phases      ] GC(480)   Pre Evacuate Collection Set: 0.37ms
[2585.420s][info][gc,phases      ] GC(480)   Merge Heap Roots: 0.55ms
[2585.420s][info][gc,phases      ] GC(480)   Evacuate Collection Set: 115.48ms
[2585.420s][info][gc,phases      ] GC(480)   Post Evacuate Collection Set: 0.93ms
[2585.420s][info][gc,phases      ] GC(480)   Other: 0.10ms
[2585.420s][info][gc,heap        ] GC(480) Eden regions: 1119->0(1109)
[2585.420s][info][gc,heap        ] GC(480) Survivor regions: 109->110(154)
[2585.420s][info][gc,heap        ] GC(480) Old regions: 504->536
[2585.420s][info][gc,heap        ] GC(480) Humongous regions: 80->80
[2585.420s][info][gc,metaspace   ] GC(480) Metaspace: 28938K(29248K)->28938K(29248K) NonClass: 24055K(24192K)->24055K(24192K) Class: 4882K(5056K)->4882K(5056K)
[2585.420s][info][gc             ] GC(480) Pause Young (Prepare Mixed) (G1 Evacuation Pause) 3621M->1449M(4096M) 117.565ms
[2585.420s][info][gc,cpu         ] GC(480) User=0.69s Sys=0.00s Real=0.12s
....[2589.803s][info][gc,start       ] GC(481) Pause Young (Mixed) (G1 Evacuation Pause)
[2589.803s][info][gc,task        ] GC(481) Using 6 workers of 6 for evacuation
[2589.941s][info][gc,phases      ] GC(481)   Pre Evacuate Collection Set: 0.42ms
[2589.941s][info][gc,phases      ] GC(481)   Merge Heap Roots: 0.99ms
[2589.941s][info][gc,phases      ] GC(481)   Evacuate Collection Set: 136.15ms
[2589.941s][info][gc,phases      ] GC(481)   Post Evacuate Collection Set: 0.99ms
[2589.941s][info][gc,phases      ] GC(481)   Other: 0.09ms
[2589.941s][info][gc,heap        ] GC(481) Eden regions: 1109->0(1116)
[2589.941s][info][gc,heap        ] GC(481) Survivor regions: 110->112(153)
[2589.941s][info][gc,heap        ] GC(481) Old regions: 536->472
[2589.941s][info][gc,heap        ] GC(481) Humongous regions: 80->80
[2589.942s][info][gc,metaspace   ] GC(481) Metaspace: 28938K(29248K)->28938K(29248K) NonClass: 24055K(24192K)->24055K(24192K) Class: 4882K(5056K)->4882K(5056K)
[2589.942s][info][gc             ] GC(481) Pause Young (Mixed) (G1 Evacuation Pause) 3667M->1326M(4096M) 138.777ms
[2589.942s][info][gc,cpu         ] GC(481) User=0.82s Sys=0.00s Real=0.14s
.....[2594.340s][info][gc,start       ] GC(482) Pause Young (Concurrent Start) (G1 Evacuation Pause)
[2594.340s][info][gc,task        ] GC(482) Using 6 workers of 6 for evacuation
[2594.458s][info][gc,phases      ] GC(482)   Pre Evacuate Collection Set: 0.44ms
[2594.458s][info][gc,phases      ] GC(482)   Merge Heap Roots: 0.49ms
[2594.458s][info][gc,phases      ] GC(482)   Evacuate Collection Set: 115.96ms
[2594.458s][info][gc,phases      ] GC(482)   Post Evacuate Collection Set: 0.92ms
[2594.458s][info][gc,phases      ] GC(482)   Other: 0.09ms
[2594.458s][info][gc,heap        ] GC(482) Eden regions: 1116->0(1119)
[2594.458s][info][gc,heap        ] GC(482) Survivor regions: 112->109(154)
[2594.458s][info][gc,heap        ] GC(482) Old regions: 472->504
[2594.458s][info][gc,heap        ] GC(482) Humongous regions: 80->80
[2594.458s][info][gc,metaspace   ] GC(482) Metaspace: 28938K(29248K)->28938K(29248K) NonClass: 24055K(24192K)->24055K(24192K) Class: 4882K(5056K)->4882K(5056K)
[2594.458s][info][gc             ] GC(482) Pause Young (Concurrent Start) (G1 Evacuation Pause) 3558M->1385M(4096M) 118.029ms
[2594.458s][info][gc             ] GC(483) Concurrent Mark Cycle
[2594.458s][info][gc,marking     ] GC(483) Concurrent Scan Root Regions
[2594.458s][info][gc,cpu         ] GC(482) User=0.70s Sys=0.00s Real=0.12s
[2594.595s][info][gc,marking     ] GC(483) Concurrent Scan Root Regions 137.036ms
[2594.595s][info][gc,marking     ] GC(483) Concurrent Mark
[2594.595s][info][gc,marking     ] GC(483) Concurrent Mark From Roots
[2594.595s][info][gc,task        ] GC(483) Using 2 workers of 2 for marking
.[2595.240s][info][gc,marking     ] GC(483) Concurrent Mark From Roots 644.954ms
[2595.240s][info][gc,marking     ] GC(483) Concurrent Preclean
[2595.240s][info][gc,marking     ] GC(483) Concurrent Preclean 0.044ms
[2595.240s][info][gc,start       ] GC(483) Pause Remark
[2595.243s][info][gc             ] GC(483) Pause Remark 1815M->1815M(4096M) 3.455ms
[2595.244s][info][gc,cpu         ] GC(483) User=0.02s Sys=0.00s Real=0.00s
[2595.244s][info][gc,marking     ] GC(483) Concurrent Mark 648.727ms
[2595.244s][info][gc,marking     ] GC(483) Concurrent Rebuild Remembered Sets and Scrub Regions
[2595.605s][info][gc,marking     ] GC(483) Concurrent Rebuild Remembered Sets and Scrub Regions 361.191ms
[2595.605s][info][gc,start       ] GC(483) Pause Cleanup
[2595.605s][info][gc             ] GC(483) Pause Cleanup 2005M->2005M(4096M) 0.127ms
[2595.605s][info][gc,cpu         ] GC(483) User=0.00s Sys=0.00s Real=0.00s
[2595.605s][info][gc,marking     ] GC(483) Concurrent Clear Claimed Marks
[2595.605s][info][gc,marking     ] GC(483) Concurrent Clear Claimed Marks 0.029ms
[2595.605s][info][gc,marking     ] GC(483) Concurrent Cleanup for Next Mark
[2595.609s][info][gc,marking     ] GC(483) Concurrent Cleanup for Next Mark 4.186ms
[2595.609s][info][gc             ] GC(483) Concurrent Mark Cycle 1151.679ms
...[2598.885s][info][gc,start       ] GC(484) Pause Young (Prepare Mixed) (G1 Evacuation Pause)
[2598.885s][info][gc,task        ] GC(484) Using 6 workers of 6 for evacuation
[2599.000s][info][gc,phases      ] GC(484)   Pre Evacuate Collection Set: 0.37ms
[2599.000s][info][gc,phases      ] GC(484)   Merge Heap Roots: 0.51ms
[2599.000s][info][gc,phases      ] GC(484)   Evacuate Collection Set: 113.69ms
[2599.000s][info][gc,phases      ] GC(484)   Post Evacuate Collection Set: 0.95ms
[2599.000s][info][gc,phases      ] GC(484)   Other: 0.09ms
[2599.000s][info][gc,heap        ] GC(484) Eden regions: 1119->0(1112)
[2599.000s][info][gc,heap        ] GC(484) Survivor regions: 109->109(154)
[2599.000s][info][gc,heap        ] GC(484) Old regions: 504->535
[2599.000s][info][gc,heap        ] GC(484) Humongous regions: 80->80
[2599.000s][info][gc,metaspace   ] GC(484) Metaspace: 28940K(29248K)->28940K(29248K) NonClass: 24057K(24192K)->24057K(24192K) Class: 4882K(5056K)->4882K(5056K)
[2599.000s][info][gc             ] GC(484) Pause Young (Prepare Mixed) (G1 Evacuation Pause) 3623M->1446M(4096M) 115.754ms
[2599.000s][info][gc,cpu         ] GC(484) User=0.68s Sys=0.00s Real=0.12s
.....[2603.403s][info][gc,start       ] GC(485) Pause Young (Mixed) (G1 Evacuation Pause)
[2603.403s][info][gc,task        ] GC(485) Using 6 workers of 6 for evacuation
[2603.536s][info][gc,phases      ] GC(485)   Pre Evacuate Collection Set: 0.42ms
[2603.536s][info][gc,phases      ] GC(485)   Merge Heap Roots: 0.75ms
[2603.536s][info][gc,phases      ] GC(485)   Evacuate Collection Set: 130.71ms
[2603.536s][info][gc,phases      ] GC(485)   Post Evacuate Collection Set: 1.05ms
[2603.536s][info][gc,phases      ] GC(485)   Other: 0.11ms
[2603.536s][info][gc,heap        ] GC(485) Eden regions: 1112->0(1120)
[2603.536s][info][gc,heap        ] GC(485) Survivor regions: 109->108(153)
[2603.536s][info][gc,heap        ] GC(485) Old regions: 535->473
[2603.536s][info][gc,heap        ] GC(485) Humongous regions: 80->80
[2603.536s][info][gc,metaspace   ] GC(485) Metaspace: 28940K(29248K)->28940K(29248K) NonClass: 24057K(24192K)->24057K(24192K) Class: 4882K(5056K)->4882K(5056K)
[2603.536s][info][gc             ] GC(485) Pause Young (Mixed) (G1 Evacuation Pause) 3670M->1320M(4096M) 133.165ms
[2603.536s][info][gc,cpu         ] GC(485) User=0.79s Sys=0.00s Real=0.13s
....[2607.879s][info][gc,start       ] GC(486) Pause Young (Concurrent Start) (G1 Evacuation Pause)
[2607.879s][info][gc,task        ] GC(486) Using 6 workers of 6 for evacuation
[2607.995s][info][gc,phases      ] GC(486)   Pre Evacuate Collection Set: 0.42ms
[2607.995s][info][gc,phases      ] GC(486)   Merge Heap Roots: 0.51ms
[2607.995s][info][gc,phases      ] GC(486)   Evacuate Collection Set: 113.54ms
[2607.995s][info][gc,phases      ] GC(486)   Post Evacuate Collection Set: 0.91ms
[2607.995s][info][gc,phases      ] GC(486)   Other: 0.12ms
[2607.995s][info][gc,heap        ] GC(486) Eden regions: 1120->0(1121)
[2607.995s][info][gc,heap        ] GC(486) Survivor regions: 108->107(154)
[2607.995s][info][gc,heap        ] GC(486) Old regions: 473->505
[2607.995s][info][gc,heap        ] GC(486) Humongous regions: 80->80
[2607.995s][info][gc,metaspace   ] GC(486) Metaspace: 28940K(29248K)->28940K(29248K) NonClass: 24057K(24192K)->24057K(24192K) Class: 4882K(5056K)->4882K(5056K)
[2607.995s][info][gc             ] GC(486) Pause Young (Concurrent Start) (G1 Evacuation Pause) 3560M->1382M(4096M) 115.624ms
[2607.995s][info][gc             ] GC(487) Concurrent Mark Cycle
[2607.995s][info][gc,marking     ] GC(487) Concurrent Scan Root Regions
[2607.995s][info][gc,cpu         ] GC(486) User=0.68s Sys=0.00s Real=0.11s
.[2608.162s][info][gc,marking     ] GC(487) Concurrent Scan Root Regions 167.635ms
[2608.162s][info][gc,marking     ] GC(487) Concurrent Mark
[2608.162s][info][gc,marking     ] GC(487) Concurrent Mark From Roots
[2608.162s][info][gc,task        ] GC(487) Using 2 workers of 2 for marking
.[2609.102s][info][gc,marking     ] GC(487) Concurrent Mark From Roots 939.269ms
[2609.102s][info][gc,marking     ] GC(487) Concurrent Preclean
[2609.102s][info][gc,marking     ] GC(487) Concurrent Preclean 0.060ms
[2609.102s][info][gc,start       ] GC(487) Pause Remark
[2609.106s][info][gc             ] GC(487) Pause Remark 1966M->1966M(4096M) 4.079ms
[2609.106s][info][gc,cpu         ] GC(487) User=0.02s Sys=0.00s Real=0.00s
[2609.106s][info][gc,marking     ] GC(487) Concurrent Mark 943.695ms
[2609.106s][info][gc,marking     ] GC(487) Concurrent Rebuild Remembered Sets and Scrub Regions
[2609.470s][info][gc,marking     ] GC(487) Concurrent Rebuild Remembered Sets and Scrub Regions 363.761ms
[2609.470s][info][gc,start       ] GC(487) Pause Cleanup
[2609.470s][info][gc             ] GC(487) Pause Cleanup 2156M->2156M(4096M) 0.135ms
[2609.470s][info][gc,cpu         ] GC(487) User=0.00s Sys=0.00s Real=0.00s
[2609.470s][info][gc,marking     ] GC(487) Concurrent Clear Claimed Marks
[2609.470s][info][gc,marking     ] GC(487) Concurrent Clear Claimed Marks 0.031ms
[2609.470s][info][gc,marking     ] GC(487) Concurrent Cleanup for Next Mark
[2609.475s][info][gc,marking     ] GC(487) Concurrent Cleanup for Next Mark 4.490ms
[2609.475s][info][gc             ] GC(487) Concurrent Mark Cycle 1480.127ms
...[2612.448s][info][gc,start       ] GC(488) Pause Young (Prepare Mixed) (G1 Evacuation Pause)
[2612.448s][info][gc,task        ] GC(488) Using 6 workers of 6 for evacuation
[2612.567s][info][gc,phases      ] GC(488)   Pre Evacuate Collection Set: 0.38ms
[2612.567s][info][gc,phases      ] GC(488)   Merge Heap Roots: 0.58ms
[2612.567s][info][gc,phases      ] GC(488)   Evacuate Collection Set: 116.50ms
[2612.567s][info][gc,phases      ] GC(488)   Post Evacuate Collection Set: 0.95ms
[2612.567s][info][gc,phases      ] GC(488)   Other: 0.10ms
[2612.567s][info][gc,heap        ] GC(488) Eden regions: 1121->0(1110)
[2612.567s][info][gc,heap        ] GC(488) Survivor regions: 107->109(154)
[2612.567s][info][gc,heap        ] GC(488) Old regions: 505->537
[2612.567s][info][gc,heap        ] GC(488) Humongous regions: 80->80
[2612.567s][info][gc,metaspace   ] GC(488) Metaspace: 28943K(29248K)->28943K(29248K) NonClass: 24060K(24192K)->24060K(24192K) Class: 4882K(5056K)->4882K(5056K)
[2612.567s][info][gc             ] GC(488) Pause Young (Prepare Mixed) (G1 Evacuation Pause) 3624M->1450M(4096M) 118.643ms
[2612.567s][info][gc,cpu         ] GC(488) User=0.70s Sys=0.00s Real=0.11s
....[2617.028s][info][gc,start       ] GC(489) Pause Young (Mixed) (G1 Evacuation Pause)
[2617.028s][info][gc,task        ] GC(489) Using 6 workers of 6 for evacuation
[2617.165s][info][gc,phases      ] GC(489)   Pre Evacuate Collection Set: 0.38ms
[2617.165s][info][gc,phases      ] GC(489)   Merge Heap Roots: 0.87ms
[2617.165s][info][gc,phases      ] GC(489)   Evacuate Collection Set: 134.32ms
[2617.165s][info][gc,phases      ] GC(489)   Post Evacuate Collection Set: 0.98ms
[2617.165s][info][gc,phases      ] GC(489)   Other: 0.10ms
[2617.165s][info][gc,heap        ] GC(489) Eden regions: 1110->0(1118)
[2617.165s][info][gc,heap        ] GC(489) Survivor regions: 109->110(153)
[2617.165s][info][gc,heap        ] GC(489) Old regions: 537->473
[2617.165s][info][gc,heap        ] GC(489) Humongous regions: 80->80
[2617.165s][info][gc,metaspace   ] GC(489) Metaspace: 28943K(29248K)->28943K(29248K) NonClass: 24060K(24192K)->24060K(24192K) Class: 4882K(5056K)->4882K(5056K)
[2617.165s][info][gc             ] GC(489) Pause Young (Mixed) (G1 Evacuation Pause) 3670M->1324M(4096M) 136.790ms
[2617.165s][info][gc,cpu         ] GC(489) User=0.81s Sys=0.00s Real=0.13s
.....[2621.547s][info][gc,start       ] GC(490) Pause Young (Concurrent Start) (G1 Evacuation Pause)
[2621.547s][info][gc,task        ] GC(490) Using 6 workers of 6 for evacuation
[2621.662s][info][gc,phases      ] GC(490)   Pre Evacuate Collection Set: 0.41ms
[2621.662s][info][gc,phases      ] GC(490)   Merge Heap Roots: 0.48ms
[2621.662s][info][gc,phases      ] GC(490)   Evacuate Collection Set: 113.31ms
[2621.662s][info][gc,phases      ] GC(490)   Post Evacuate Collection Set: 0.92ms
[2621.662s][info][gc,phases      ] GC(490)   Other: 0.12ms
[2621.663s][info][gc,heap        ] GC(490) Eden regions: 1118->0(1120)
[2621.663s][info][gc,heap        ] GC(490) Survivor regions: 110->108(154)
[2621.663s][info][gc,heap        ] GC(490) Old regions: 473->505
[2621.663s][info][gc,heap        ] GC(490) Humongous regions: 80->80
[2621.663s][info][gc,metaspace   ] GC(490) Metaspace: 28943K(29248K)->28943K(29248K) NonClass: 24060K(24192K)->24060K(24192K) Class: 4882K(5056K)->4882K(5056K)
[2621.663s][info][gc             ] GC(490) Pause Young (Concurrent Start) (G1 Evacuation Pause) 3560M->1384M(4096M) 115.375ms
[2621.663s][info][gc             ] GC(491) Concurrent Mark Cycle
[2621.663s][info][gc,marking     ] GC(491) Concurrent Scan Root Regions
[2621.663s][info][gc,cpu         ] GC(490) User=0.68s Sys=0.00s Real=0.11s
[2621.838s][info][gc,marking     ] GC(491) Concurrent Scan Root Regions 175.136ms
[2621.838s][info][gc,marking     ] GC(491) Concurrent Mark
[2621.838s][info][gc,marking     ] GC(491) Concurrent Mark From Roots
[2621.838s][info][gc,task        ] GC(491) Using 2 workers of 2 for marking
.[2622.814s][info][gc,marking     ] GC(491) Concurrent Mark From Roots 976.156ms
[2622.814s][info][gc,marking     ] GC(491) Concurrent Preclean
[2622.814s][info][gc,marking     ] GC(491) Concurrent Preclean 0.064ms
[2622.814s][info][gc,start       ] GC(491) Pause Remark
[2622.818s][info][gc             ] GC(491) Pause Remark 1981M->1981M(4096M) 3.980ms
[2622.818s][info][gc,cpu         ] GC(491) User=0.02s Sys=0.00s Real=0.01s
[2622.818s][info][gc,marking     ] GC(491) Concurrent Mark 980.663ms
[2622.818s][info][gc,marking     ] GC(491) Concurrent Rebuild Remembered Sets and Scrub Regions
[2623.178s][info][gc,marking     ] GC(491) Concurrent Rebuild Remembered Sets and Scrub Regions 359.125ms
[2623.178s][info][gc,start       ] GC(491) Pause Cleanup
[2623.178s][info][gc             ] GC(491) Pause Cleanup 2138M->2138M(4096M) 0.142ms
[2623.178s][info][gc,cpu         ] GC(491) User=0.00s Sys=0.00s Real=0.00s
[2623.178s][info][gc,marking     ] GC(491) Concurrent Clear Claimed Marks
[2623.178s][info][gc,marking     ] GC(491) Concurrent Clear Claimed Marks 0.030ms
[2623.178s][info][gc,marking     ] GC(491) Concurrent Cleanup for Next Mark
.[2623.182s][info][gc,marking     ] GC(491) Concurrent Cleanup for Next Mark 3.692ms
[2623.182s][info][gc             ] GC(491) Concurrent Mark Cycle 1519.186ms
..[2626.105s][info][gc,start       ] GC(492) Pause Young (Prepare Mixed) (G1 Evacuation Pause)
[2626.106s][info][gc,task        ] GC(492) Using 6 workers of 6 for evacuation
[2626.225s][info][gc,phases      ] GC(492)   Pre Evacuate Collection Set: 0.37ms
[2626.225s][info][gc,phases      ] GC(492)   Merge Heap Roots: 0.52ms
[2626.225s][info][gc,phases      ] GC(492)   Evacuate Collection Set: 117.49ms
[2626.225s][info][gc,phases      ] GC(492)   Post Evacuate Collection Set: 0.98ms
[2626.225s][info][gc,phases      ] GC(492)   Other: 0.08ms
[2626.225s][info][gc,heap        ] GC(492) Eden regions: 1120->0(1106)
[2626.225s][info][gc,heap        ] GC(492) Survivor regions: 108->111(154)
[2626.225s][info][gc,heap        ] GC(492) Old regions: 505->537
[2626.225s][info][gc,heap        ] GC(492) Humongous regions: 80->80
[2626.225s][info][gc,metaspace   ] GC(492) Metaspace: 28943K(29248K)->28943K(29248K) NonClass: 24060K(24192K)->24060K(24192K) Class: 4882K(5056K)->4882K(5056K)
[2626.225s][info][gc             ] GC(492) Pause Young (Prepare Mixed) (G1 Evacuation Pause) 3624M->1454M(4096M) 119.576ms
[2626.225s][info][gc,cpu         ] GC(492) User=0.71s Sys=0.00s Real=0.12s
.....[2630.595s][info][gc,start       ] GC(493) Pause Young (Mixed) (G1 Evacuation Pause)
[2630.595s][info][gc,task        ] GC(493) Using 6 workers of 6 for evacuation
[2630.735s][info][gc,phases      ] GC(493)   Pre Evacuate Collection Set: 0.41ms
[2630.735s][info][gc,phases      ] GC(493)   Merge Heap Roots: 0.69ms
[2630.735s][info][gc,phases      ] GC(493)   Evacuate Collection Set: 137.74ms
[2630.735s][info][gc,phases      ] GC(493)   Post Evacuate Collection Set: 1.00ms
[2630.735s][info][gc,phases      ] GC(493)   Other: 0.09ms
[2630.735s][info][gc,heap        ] GC(493) Eden regions: 1106->0(1113)
[2630.735s][info][gc,heap        ] GC(493) Survivor regions: 111->115(153)
[2630.735s][info][gc,heap        ] GC(493) Old regions: 537->472
[2630.735s][info][gc,heap        ] GC(493) Humongous regions: 80->80
[2630.735s][info][gc,metaspace   ] GC(493) Metaspace: 28943K(29248K)->28943K(29248K) NonClass: 24060K(24192K)->24060K(24192K) Class: 4882K(5056K)->4882K(5056K)
[2630.735s][info][gc             ] GC(493) Pause Young (Mixed) (G1 Evacuation Pause) 3666M->1331M(4096M) 140.055ms
[2630.735s][info][gc,cpu         ] GC(493) User=0.83s Sys=0.00s Real=0.14s
....[2635.142s][info][gc,start       ] GC(494) Pause Young (Concurrent Start) (G1 Evacuation Pause)
[2635.142s][info][gc,task        ] GC(494) Using 6 workers of 6 for evacuation
[2635.259s][info][gc,phases      ] GC(494)   Pre Evacuate Collection Set: 0.41ms
[2635.259s][info][gc,phases      ] GC(494)   Merge Heap Roots: 0.48ms
[2635.259s][info][gc,phases      ] GC(494)   Evacuate Collection Set: 114.48ms
[2635.259s][info][gc,phases      ] GC(494)   Post Evacuate Collection Set: 0.91ms
[2635.259s][info][gc,phases      ] GC(494)   Other: 0.11ms
[2635.259s][info][gc,heap        ] GC(494) Eden regions: 1113->0(1119)
[2635.259s][info][gc,heap        ] GC(494) Survivor regions: 115->109(154)
[2635.259s][info][gc,heap        ] GC(494) Old regions: 472->503
[2635.259s][info][gc,heap        ] GC(494) Humongous regions: 80->80
[2635.259s][info][gc,metaspace   ] GC(494) Metaspace: 28946K(29248K)->28946K(29248K) NonClass: 24063K(24192K)->24063K(24192K) Class: 4882K(5056K)->4882K(5056K)
[2635.259s][info][gc             ] GC(494) Pause Young (Concurrent Start) (G1 Evacuation Pause) 3557M->1382M(4096M) 116.520ms
[2635.259s][info][gc             ] GC(495) Concurrent Mark Cycle
[2635.259s][info][gc,marking     ] GC(495) Concurrent Scan Root Regions
[2635.259s][info][gc,cpu         ] GC(494) User=0.68s Sys=0.00s Real=0.12s
.[2635.423s][info][gc,marking     ] GC(495) Concurrent Scan Root Regions 164.395ms
[2635.423s][info][gc,marking     ] GC(495) Concurrent Mark
[2635.423s][info][gc,marking     ] GC(495) Concurrent Mark From Roots
[2635.423s][info][gc,task        ] GC(495) Using 2 workers of 2 for marking
[2636.161s][info][gc,marking     ] GC(495) Concurrent Mark From Roots 738.108ms
[2636.162s][info][gc,marking     ] GC(495) Concurrent Preclean
[2636.162s][info][gc,marking     ] GC(495) Concurrent Preclean 0.057ms
[2636.162s][info][gc,start       ] GC(495) Pause Remark
[2636.167s][info][gc             ] GC(495) Pause Remark 1900M->1900M(4096M) 4.650ms
[2636.167s][info][gc,cpu         ] GC(495) User=0.02s Sys=0.00s Real=0.00s
[2636.167s][info][gc,marking     ] GC(495) Concurrent Mark 743.466ms
[2636.167s][info][gc,marking     ] GC(495) Concurrent Rebuild Remembered Sets and Scrub Regions
.[2636.464s][info][gc,marking     ] GC(495) Concurrent Rebuild Remembered Sets and Scrub Regions 297.378ms
[2636.464s][info][gc,start       ] GC(495) Pause Cleanup
[2636.465s][info][gc             ] GC(495) Pause Cleanup 2090M->2090M(4096M) 0.126ms
[2636.465s][info][gc,cpu         ] GC(495) User=0.00s Sys=0.00s Real=0.00s
[2636.465s][info][gc,marking     ] GC(495) Concurrent Clear Claimed Marks
[2636.465s][info][gc,marking     ] GC(495) Concurrent Clear Claimed Marks 0.027ms
[2636.465s][info][gc,marking     ] GC(495) Concurrent Cleanup for Next Mark
[2636.468s][info][gc,marking     ] GC(495) Concurrent Cleanup for Next Mark 3.210ms
[2636.468s][info][gc             ] GC(495) Concurrent Mark Cycle 1208.938ms
...[2639.626s][info][gc,start       ] GC(496) Pause Young (Prepare Mixed) (G1 Evacuation Pause)
[2639.626s][info][gc,task        ] GC(496) Using 6 workers of 6 for evacuation
[2639.741s][info][gc,phases      ] GC(496)   Pre Evacuate Collection Set: 0.36ms
[2639.741s][info][gc,phases      ] GC(496)   Merge Heap Roots: 0.54ms
[2639.741s][info][gc,phases      ] GC(496)   Evacuate Collection Set: 113.24ms
[2639.741s][info][gc,phases      ] GC(496)   Post Evacuate Collection Set: 0.96ms
[2639.742s][info][gc,phases      ] GC(496)   Other: 0.09ms
[2639.742s][info][gc,heap        ] GC(496) Eden regions: 1119->0(1114)
[2639.742s][info][gc,heap        ] GC(496) Survivor regions: 109->108(154)
[2639.742s][info][gc,heap        ] GC(496) Old regions: 503->535
[2639.742s][info][gc,heap        ] GC(496) Humongous regions: 80->80
[2639.742s][info][gc,metaspace   ] GC(496) Metaspace: 28946K(29248K)->28946K(29248K) NonClass: 24063K(24192K)->24063K(24192K) Class: 4882K(5056K)->4882K(5056K)
[2639.742s][info][gc             ] GC(496) Pause Young (Prepare Mixed) (G1 Evacuation Pause) 3620M->1444M(4096M) 115.322ms
[2639.742s][info][gc,cpu         ] GC(496) User=0.69s Sys=0.00s Real=0.12s
....[2644.148s][info][gc,start       ] GC(497) Pause Young (Mixed) (G1 Evacuation Pause)
[2644.148s][info][gc,task        ] GC(497) Using 6 workers of 6 for evacuation
[2644.285s][info][gc,phases      ] GC(497)   Pre Evacuate Collection Set: 0.40ms
[2644.285s][info][gc,phases      ] GC(497)   Merge Heap Roots: 0.69ms
[2644.285s][info][gc,phases      ] GC(497)   Evacuate Collection Set: 134.83ms
[2644.285s][info][gc,phases      ] GC(497)   Post Evacuate Collection Set: 0.99ms
[2644.285s][info][gc,phases      ] GC(497)   Other: 0.09ms
[2644.285s][info][gc,heap        ] GC(497) Eden regions: 1114->0(1116)
[2644.285s][info][gc,heap        ] GC(497) Survivor regions: 108->112(153)
[2644.285s][info][gc,heap        ] GC(497) Old regions: 535->472
[2644.285s][info][gc,heap        ] GC(497) Humongous regions: 80->80
[2644.285s][info][gc,metaspace   ] GC(497) Metaspace: 28946K(29248K)->28946K(29248K) NonClass: 24063K(24192K)->24063K(24192K) Class: 4882K(5056K)->4882K(5056K)
[2644.285s][info][gc             ] GC(497) Pause Young (Mixed) (G1 Evacuation Pause) 3672M->1326M(4096M) 137.131ms
[2644.285s][info][gc,cpu         ] GC(497) User=0.81s Sys=0.00s Real=0.13s
. (rIR:aIR:PR = 4151:4142:4142) (tPR = 61274) [OK] 
  2644s: Performance info:
         Transaction,    Success,    Partial,     Failed,   Receipts, AvgBarcode, 
             Overall,     249897,          0,          0,     237393,      59.48, 
         Response times:
             Request,    Success,    Partial,     Failed,   SkipFail,     Probes,    Samples,      min,      p50,      p90,      p95,      p99,      max, 
       TotalPurchase,     237392,          0,          0,          0,     232446,     261411,      300,     3500,     6500,     9800,    47000,   278000,
     InStorePurchase,     124906,          0,          0,          0,     122495,     137378,      300,     3400,     6400,     9800,    47000,   278000,
      OnlinePurchase,      87503,          0,          0,          0,      85716,      96457,      300,     3500,     6500,     9700,    46000,   209000,
        InstPurchase,      24983,          0,          0,          0,      24235,      27576,      400,     3400,     6500,     9800,    51000,   196000,
          AssocOfCat,        250,          0,          0,          0,        188,        263,    22000,    30000,    48000,    93200,   162360,   195000,
      AssocOfProduct,       2499,          0,          0,          0,       2260,       2647,      600,     3400,     5500,     7800,    35080,   196000,
      BusinessReport,        626,          0,          0,          0,        537,        698,    19600,    32000,    50000,    65050,   187010,   221000,
          CustBuyBeh,       2507,          0,          0,          0,       2318,       2760,      700,     4000,     7100,    10400,    52000,   196000,
       ProductReturn,       6624,          0,          0,          0,       6276,       7332,      200,     4000,     6900,    10800,    49340,   196000,

  2644s: (31%)   IR =   4289 ....|[2648.534s][info][gc,start       ] GC(498) Pause Young (Concurrent Start) (G1 Evacuation Pause)
[2648.534s][info][gc,task        ] GC(498) Using 6 workers of 6 for evacuation
[2648.649s][info][gc,phases      ] GC(498)   Pre Evacuate Collection Set: 0.40ms
[2648.649s][info][gc,phases      ] GC(498)   Merge Heap Roots: 0.50ms
[2648.649s][info][gc,phases      ] GC(498)   Evacuate Collection Set: 112.89ms
[2648.649s][info][gc,phases      ] GC(498)   Post Evacuate Collection Set: 0.92ms
[2648.649s][info][gc,phases      ] GC(498)   Other: 0.12ms
[2648.649s][info][gc,heap        ] GC(498) Eden regions: 1116->0(1121)
[2648.649s][info][gc,heap        ] GC(498) Survivor regions: 112->107(154)
[2648.649s][info][gc,heap        ] GC(498) Old regions: 472->504
[2648.649s][info][gc,heap        ] GC(498) Humongous regions: 80->80
[2648.649s][info][gc,metaspace   ] GC(498) Metaspace: 28946K(29248K)->28946K(29248K) NonClass: 24063K(24192K)->24063K(24192K) Class: 4882K(5056K)->4882K(5056K)
[2648.649s][info][gc             ] GC(498) Pause Young (Concurrent Start) (G1 Evacuation Pause) 3558M->1379M(4096M) 114.939ms
[2648.649s][info][gc             ] GC(499) Concurrent Mark Cycle
[2648.649s][info][gc,marking     ] GC(499) Concurrent Scan Root Regions
[2648.649s][info][gc,cpu         ] GC(498) User=0.68s Sys=0.00s Real=0.12s
[2648.792s][info][gc,marking     ] GC(499) Concurrent Scan Root Regions 143.214ms
[2648.792s][info][gc,marking     ] GC(499) Concurrent Mark
[2648.792s][info][gc,marking     ] GC(499) Concurrent Mark From Roots
[2648.792s][info][gc,task        ] GC(499) Using 2 workers of 2 for marking
.[2649.531s][info][gc,marking     ] GC(499) Concurrent Mark From Roots 738.600ms
[2649.531s][info][gc,marking     ] GC(499) Concurrent Preclean
[2649.531s][info][gc,marking     ] GC(499) Concurrent Preclean 0.078ms
[2649.531s][info][gc,start       ] GC(499) Pause Remark
[2649.535s][info][gc             ] GC(499) Pause Remark 1871M->1871M(4096M) 3.680ms
[2649.535s][info][gc,cpu         ] GC(499) User=0.02s Sys=0.00s Real=0.00s
[2649.535s][info][gc,marking     ] GC(499) Concurrent Mark 742.652ms
[2649.535s][info][gc,marking     ] GC(499) Concurrent Rebuild Remembered Sets and Scrub Regions
[2649.830s][info][gc,marking     ] GC(499) Concurrent Rebuild Remembered Sets and Scrub Regions 295.313ms
[2649.830s][info][gc,start       ] GC(499) Pause Cleanup
[2649.830s][info][gc             ] GC(499) Pause Cleanup 2017M->2017M(4096M) 0.121ms
[2649.830s][info][gc,cpu         ] GC(499) User=0.00s Sys=0.00s Real=0.00s
[2649.831s][info][gc,marking     ] GC(499) Concurrent Clear Claimed Marks
[2649.831s][info][gc,marking     ] GC(499) Concurrent Clear Claimed Marks 0.024ms
[2649.831s][info][gc,marking     ] GC(499) Concurrent Cleanup for Next Mark
[2649.834s][info][gc,marking     ] GC(499) Concurrent Cleanup for Next Mark 3.202ms
[2649.834s][info][gc             ] GC(499) Concurrent Mark Cycle 1184.793ms
...[2653.015s][info][gc,start       ] GC(500) Pause Young (Prepare Mixed) (G1 Evacuation Pause)
[2653.015s][info][gc,task        ] GC(500) Using 6 workers of 6 for evacuation
[2653.132s][info][gc,phases      ] GC(500)   Pre Evacuate Collection Set: 0.37ms
[2653.132s][info][gc,phases      ] GC(500)   Merge Heap Roots: 0.52ms
[2653.132s][info][gc,phases      ] GC(500)   Evacuate Collection Set: 115.00ms
[2653.132s][info][gc,phases      ] GC(500)   Post Evacuate Collection Set: 0.98ms
[2653.132s][info][gc,phases      ] GC(500)   Other: 0.09ms
[2653.132s][info][gc,heap        ] GC(500) Eden regions: 1121->0(1113)
[2653.132s][info][gc,heap        ] GC(500) Survivor regions: 107->108(154)
[2653.132s][info][gc,heap        ] GC(500) Old regions: 504->536
[2653.132s][info][gc,heap        ] GC(500) Humongous regions: 80->80
[2653.132s][info][gc,metaspace   ] GC(500) Metaspace: 28946K(29248K)->28946K(29248K) NonClass: 24063K(24192K)->24063K(24192K) Class: 4882K(5056K)->4882K(5056K)
[2653.132s][info][gc             ] GC(500) Pause Young (Prepare Mixed) (G1 Evacuation Pause) 3621M->1446M(4096M) 117.082ms
[2653.132s][info][gc,cpu         ] GC(500) User=0.69s Sys=0.00s Real=0.12s
.....[2657.421s][info][gc,start       ] GC(501) Pause Young (Mixed) (G1 Evacuation Pause)
[2657.421s][info][gc,task        ] GC(501) Using 6 workers of 6 for evacuation
[2657.555s][info][gc,phases      ] GC(501)   Pre Evacuate Collection Set: 0.39ms
[2657.555s][info][gc,phases      ] GC(501)   Merge Heap Roots: 0.81ms
[2657.555s][info][gc,phases      ] GC(501)   Evacuate Collection Set: 132.49ms
[2657.555s][info][gc,phases      ] GC(501)   Post Evacuate Collection Set: 1.00ms
[2657.555s][info][gc,phases      ] GC(501)   Other: 0.08ms
[2657.555s][info][gc,heap        ] GC(501) Eden regions: 1113->0(1119)
[2657.555s][info][gc,heap        ] GC(501) Survivor regions: 108->109(153)
[2657.555s][info][gc,heap        ] GC(501) Old regions: 536->473
[2657.555s][info][gc,heap        ] GC(501) Humongous regions: 80->80
[2657.555s][info][gc,metaspace   ] GC(501) Metaspace: 28946K(29248K)->28946K(29248K) NonClass: 24063K(24192K)->24063K(24192K) Class: 4882K(5056K)->4882K(5056K)
[2657.555s][info][gc             ] GC(501) Pause Young (Mixed) (G1 Evacuation Pause) 3672M->1323M(4096M) 134.902ms
[2657.555s][info][gc,cpu         ] GC(501) User=0.79s Sys=0.00s Real=0.13s
....[2661.776s][info][gc,start       ] GC(502) Pause Young (Concurrent Start) (G1 Evacuation Pause)
[2661.776s][info][gc,task        ] GC(502) Using 6 workers of 6 for evacuation
[2661.892s][info][gc,phases      ] GC(502)   Pre Evacuate Collection Set: 0.43ms
[2661.892s][info][gc,phases      ] GC(502)   Merge Heap Roots: 0.48ms
[2661.892s][info][gc,phases      ] GC(502)   Evacuate Collection Set: 113.43ms
[2661.892s][info][gc,phases      ] GC(502)   Post Evacuate Collection Set: 0.89ms
[2661.892s][info][gc,phases      ] GC(502)   Other: 0.13ms
[2661.892s][info][gc,heap        ] GC(502) Eden regions: 1119->0(1120)
[2661.892s][info][gc,heap        ] GC(502) Survivor regions: 109->108(154)
[2661.892s][info][gc,heap        ] GC(502) Old regions: 473->506
[2661.892s][info][gc,heap        ] GC(502) Humongous regions: 80->80
[2661.892s][info][gc,metaspace   ] GC(502) Metaspace: 28946K(29248K)->28946K(29248K) NonClass: 24063K(24192K)->24063K(24192K) Class: 4882K(5056K)->4882K(5056K)
[2661.892s][info][gc             ] GC(502) Pause Young (Concurrent Start) (G1 Evacuation Pause) 3561M->1386M(4096M) 115.493ms
[2661.892s][info][gc             ] GC(503) Concurrent Mark Cycle
[2661.892s][info][gc,marking     ] GC(503) Concurrent Scan Root Regions
[2661.892s][info][gc,cpu         ] GC(502) User=0.68s Sys=0.00s Real=0.12s
[2662.051s][info][gc,marking     ] GC(503) Concurrent Scan Root Regions 159.271ms
[2662.051s][info][gc,marking     ] GC(503) Concurrent Mark
[2662.051s][info][gc,marking     ] GC(503) Concurrent Mark From Roots
[2662.051s][info][gc,task        ] GC(503) Using 2 workers of 2 for marking
.[2662.760s][info][gc,marking     ] GC(503) Concurrent Mark From Roots 709.185ms
[2662.760s][info][gc,marking     ] GC(503) Concurrent Preclean
[2662.760s][info][gc,marking     ] GC(503) Concurrent Preclean 0.061ms
[2662.761s][info][gc,start       ] GC(503) Pause Remark
[2662.765s][info][gc             ] GC(503) Pause Remark 1880M->1880M(4096M) 3.320ms
[2662.765s][info][gc,cpu         ] GC(503) User=0.01s Sys=0.00s Real=0.00s
[2662.766s][info][gc,marking     ] GC(503) Concurrent Mark 714.457ms
[2662.766s][info][gc,marking     ] GC(503) Concurrent Rebuild Remembered Sets and Scrub Regions
[2663.037s][info][gc,marking     ] GC(503) Concurrent Rebuild Remembered Sets and Scrub Regions 271.171ms
[2663.037s][info][gc,start       ] GC(503) Pause Cleanup
[2663.037s][info][gc             ] GC(503) Pause Cleanup 2024M->2024M(4096M) 0.132ms
[2663.037s][info][gc,cpu         ] GC(503) User=0.00s Sys=0.00s Real=0.00s
[2663.038s][info][gc,marking     ] GC(503) Concurrent Clear Claimed Marks
[2663.038s][info][gc,marking     ] GC(503) Concurrent Clear Claimed Marks 0.033ms
[2663.038s][info][gc,marking     ] GC(503) Concurrent Cleanup for Next Mark
[2663.043s][info][gc,marking     ] GC(503) Concurrent Cleanup for Next Mark 5.640ms
[2663.043s][info][gc             ] GC(503) Concurrent Mark Cycle 1151.652ms
...[2666.192s][info][gc,start       ] GC(504) Pause Young (Prepare Mixed) (G1 Evacuation Pause)
[2666.192s][info][gc,task        ] GC(504) Using 6 workers of 6 for evacuation
[2666.312s][info][gc,phases      ] GC(504)   Pre Evacuate Collection Set: 0.34ms
[2666.312s][info][gc,phases      ] GC(504)   Merge Heap Roots: 0.52ms
[2666.312s][info][gc,phases      ] GC(504)   Evacuate Collection Set: 118.35ms
[2666.312s][info][gc,phases      ] GC(504)   Post Evacuate Collection Set: 0.98ms
[2666.312s][info][gc,phases      ] GC(504)   Other: 0.10ms
[2666.312s][info][gc,heap        ] GC(504) Eden regions: 1120->0(1103)
[2666.312s][info][gc,heap        ] GC(504) Survivor regions: 108->112(154)
[2666.312s][info][gc,heap        ] GC(504) Old regions: 506->538
[2666.312s][info][gc,heap        ] GC(504) Humongous regions: 80->80
[2666.312s][info][gc,metaspace   ] GC(504) Metaspace: 28946K(29248K)->28946K(29248K) NonClass: 24063K(24192K)->24063K(24192K) Class: 4882K(5056K)->4882K(5056K)
[2666.312s][info][gc             ] GC(504) Pause Young (Prepare Mixed) (G1 Evacuation Pause) 3626M->1458M(4096M) 120.427ms
[2666.312s][info][gc,cpu         ] GC(504) User=0.71s Sys=0.00s Real=0.12s
.....[2670.535s][info][gc,start       ] GC(505) Pause Young (Mixed) (G1 Evacuation Pause)
[2670.535s][info][gc,task        ] GC(505) Using 6 workers of 6 for evacuation
[2670.666s][info][gc,phases      ] GC(505)   Pre Evacuate Collection Set: 0.40ms
[2670.666s][info][gc,phases      ] GC(505)   Merge Heap Roots: 0.74ms
[2670.666s][info][gc,phases      ] GC(505)   Evacuate Collection Set: 128.91ms
[2670.666s][info][gc,phases      ] GC(505)   Post Evacuate Collection Set: 0.99ms
[2670.666s][info][gc,phases      ] GC(505)   Other: 0.09ms
[2670.666s][info][gc,heap        ] GC(505) Eden regions: 1103->0(1122)
[2670.666s][info][gc,heap        ] GC(505) Survivor regions: 112->106(152)
[2670.666s][info][gc,heap        ] GC(505) Old regions: 538->473
[2670.666s][info][gc,heap        ] GC(505) Humongous regions: 80->80
[2670.666s][info][gc,metaspace   ] GC(505) Metaspace: 28946K(29248K)->28946K(29248K) NonClass: 24063K(24192K)->24063K(24192K) Class: 4882K(5056K)->4882K(5056K)
[2670.666s][info][gc             ] GC(505) Pause Young (Mixed) (G1 Evacuation Pause) 3664M->1317M(4096M) 131.258ms
[2670.666s][info][gc,cpu         ] GC(505) User=0.77s Sys=0.00s Real=0.13s
....[2674.892s][info][gc,start       ] GC(506) Pause Young (Concurrent Start) (G1 Evacuation Pause)
[2674.892s][info][gc,task        ] GC(506) Using 6 workers of 6 for evacuation
[2675.007s][info][gc,phases      ] GC(506)   Pre Evacuate Collection Set: 0.38ms
[2675.007s][info][gc,phases      ] GC(506)   Merge Heap Roots: 0.50ms
[2675.007s][info][gc,phases      ] GC(506)   Evacuate Collection Set: 113.73ms
[2675.007s][info][gc,phases      ] GC(506)   Post Evacuate Collection Set: 0.89ms
[2675.007s][info][gc,phases      ] GC(506)   Other: 0.10ms
[2675.008s][info][gc,heap        ] GC(506) Eden regions: 1122->0(1120)
[2675.008s][info][gc,heap        ] GC(506) Survivor regions: 106->108(154)
[2675.008s][info][gc,heap        ] GC(506) Old regions: 473->505
[2675.008s][info][gc,heap        ] GC(506) Humongous regions: 80->80
[2675.008s][info][gc,metaspace   ] GC(506) Metaspace: 28946K(29248K)->28946K(29248K) NonClass: 24063K(24192K)->24063K(24192K) Class: 4882K(5056K)->4882K(5056K)
[2675.008s][info][gc             ] GC(506) Pause Young (Concurrent Start) (G1 Evacuation Pause) 3561M->1384M(4096M) 115.735ms
[2675.008s][info][gc             ] GC(507) Concurrent Mark Cycle
[2675.008s][info][gc,marking     ] GC(507) Concurrent Scan Root Regions
[2675.008s][info][gc,cpu         ] GC(506) User=0.68s Sys=0.01s Real=0.12s
[2675.157s][info][gc,marking     ] GC(507) Concurrent Scan Root Regions 149.096ms
[2675.157s][info][gc,marking     ] GC(507) Concurrent Mark
[2675.157s][info][gc,marking     ] GC(507) Concurrent Mark From Roots
[2675.157s][info][gc,task        ] GC(507) Using 2 workers of 2 for marking
.[2675.914s][info][gc,marking     ] GC(507) Concurrent Mark From Roots 757.018ms
[2675.914s][info][gc,marking     ] GC(507) Concurrent Preclean
[2675.914s][info][gc,marking     ] GC(507) Concurrent Preclean 0.064ms
[2675.914s][info][gc,start       ] GC(507) Pause Remark
[2675.918s][info][gc             ] GC(507) Pause Remark 1910M->1910M(4096M) 3.454ms
[2675.918s][info][gc,cpu         ] GC(507) User=0.02s Sys=0.00s Real=0.01s
[2675.918s][info][gc,marking     ] GC(507) Concurrent Mark 761.000ms
[2675.918s][info][gc,marking     ] GC(507) Concurrent Rebuild Remembered Sets and Scrub Regions
[2676.149s][info][gc,marking     ] GC(507) Concurrent Rebuild Remembered Sets and Scrub Regions 230.961ms
[2676.149s][info][gc,start       ] GC(507) Pause Cleanup
[2676.149s][info][gc             ] GC(507) Pause Cleanup 2012M->2012M(4096M) 0.128ms
[2676.149s][info][gc,cpu         ] GC(507) User=0.00s Sys=0.00s Real=0.00s
[2676.149s][info][gc,marking     ] GC(507) Concurrent Clear Claimed Marks
[2676.149s][info][gc,marking     ] GC(507) Concurrent Clear Claimed Marks 0.034ms
[2676.149s][info][gc,marking     ] GC(507) Concurrent Cleanup for Next Mark
[2676.155s][info][gc,marking     ] GC(507) Concurrent Cleanup for Next Mark 5.425ms
[2676.155s][info][gc             ] GC(507) Concurrent Mark Cycle 1147.371ms
...[2679.363s][info][gc,start       ] GC(508) Pause Young (Prepare Mixed) (G1 Evacuation Pause)
[2679.363s][info][gc,task        ] GC(508) Using 6 workers of 6 for evacuation
[2679.480s][info][gc,phases      ] GC(508)   Pre Evacuate Collection Set: 0.37ms
[2679.480s][info][gc,phases      ] GC(508)   Merge Heap Roots: 0.51ms
[2679.480s][info][gc,phases      ] GC(508)   Evacuate Collection Set: 114.77ms
[2679.480s][info][gc,phases      ] GC(508)   Post Evacuate Collection Set: 1.01ms
[2679.480s][info][gc,phases      ] GC(508)   Other: 0.08ms
[2679.480s][info][gc,heap        ] GC(508) Eden regions: 1120->0(1112)
[2679.480s][info][gc,heap        ] GC(508) Survivor regions: 108->108(154)
[2679.480s][info][gc,heap        ] GC(508) Old regions: 505->537
[2679.480s][info][gc,heap        ] GC(508) Humongous regions: 80->80
[2679.480s][info][gc,metaspace   ] GC(508) Metaspace: 28946K(29248K)->28946K(29248K) NonClass: 24063K(24192K)->24063K(24192K) Class: 4882K(5056K)->4882K(5056K)
[2679.480s][info][gc             ] GC(508) Pause Young (Prepare Mixed) (G1 Evacuation Pause) 3624M->1448M(4096M) 116.868ms
[2679.480s][info][gc,cpu         ] GC(508) User=0.69s Sys=0.00s Real=0.12s
.....[2683.725s][info][gc,start       ] GC(509) Pause Young (Mixed) (G1 Evacuation Pause)
[2683.725s][info][gc,task        ] GC(509) Using 6 workers of 6 for evacuation
[2683.862s][info][gc,phases      ] GC(509)   Pre Evacuate Collection Set: 0.41ms
[2683.862s][info][gc,phases      ] GC(509)   Merge Heap Roots: 0.68ms
[2683.862s][info][gc,phases      ] GC(509)   Evacuate Collection Set: 134.29ms
[2683.862s][info][gc,phases      ] GC(509)   Post Evacuate Collection Set: 0.98ms
[2683.862s][info][gc,phases      ] GC(509)   Other: 0.09ms
[2683.862s][info][gc,heap        ] GC(509) Eden regions: 1112->0(1116)
[2683.862s][info][gc,heap        ] GC(509) Survivor regions: 108->112(153)
[2683.862s][info][gc,heap        ] GC(509) Old regions: 537->472
[2683.862s][info][gc,heap        ] GC(509) Humongous regions: 80->80
[2683.862s][info][gc,metaspace   ] GC(509) Metaspace: 28946K(29248K)->28946K(29248K) NonClass: 24063K(24192K)->24063K(24192K) Class: 4882K(5056K)->4882K(5056K)
[2683.862s][info][gc             ] GC(509) Pause Young (Mixed) (G1 Evacuation Pause) 3672M->1327M(4096M) 136.560ms
[2683.862s][info][gc,cpu         ] GC(509) User=0.81s Sys=0.00s Real=0.14s
....[2688.125s][info][gc,start       ] GC(510) Pause Young (Concurrent Start) (G1 Evacuation Pause)
[2688.125s][info][gc,task        ] GC(510) Using 6 workers of 6 for evacuation
[2688.245s][info][gc,phases      ] GC(510)   Pre Evacuate Collection Set: 0.42ms
[2688.245s][info][gc,phases      ] GC(510)   Merge Heap Roots: 0.51ms
[2688.245s][info][gc,phases      ] GC(510)   Evacuate Collection Set: 117.81ms
[2688.245s][info][gc,phases      ] GC(510)   Post Evacuate Collection Set: 0.90ms
[2688.245s][info][gc,phases      ] GC(510)   Other: 0.13ms
[2688.245s][info][gc,heap        ] GC(510) Eden regions: 1116->0(1117)
[2688.245s][info][gc,heap        ] GC(510) Survivor regions: 112->111(154)
[2688.245s][info][gc,heap        ] GC(510) Old regions: 472->505
[2688.245s][info][gc,heap        ] GC(510) Humongous regions: 80->80
[2688.245s][info][gc,metaspace   ] GC(510) Metaspace: 28946K(29248K)->28946K(29248K) NonClass: 24063K(24192K)->24063K(24192K) Class: 4882K(5056K)->4882K(5056K)
[2688.245s][info][gc             ] GC(510) Pause Young (Concurrent Start) (G1 Evacuation Pause) 3559M->1391M(4096M) 119.903ms
[2688.245s][info][gc             ] GC(511) Concurrent Mark Cycle
[2688.245s][info][gc,marking     ] GC(511) Concurrent Scan Root Regions
[2688.245s][info][gc,cpu         ] GC(510) User=0.71s Sys=0.00s Real=0.12s
[2688.384s][info][gc,marking     ] GC(511) Concurrent Scan Root Regions 139.065ms
[2688.384s][info][gc,marking     ] GC(511) Concurrent Mark
[2688.384s][info][gc,marking     ] GC(511) Concurrent Mark From Roots
[2688.384s][info][gc,task        ] GC(511) Using 2 workers of 2 for marking
.[2689.023s][info][gc,marking     ] GC(511) Concurrent Mark From Roots 638.774ms
[2689.023s][info][gc,marking     ] GC(511) Concurrent Preclean
[2689.023s][info][gc,marking     ] GC(511) Concurrent Preclean 0.044ms
[2689.023s][info][gc,start       ] GC(511) Pause Remark
[2689.026s][info][gc             ] GC(511) Pause Remark 1853M->1853M(4096M) 3.130ms
[2689.026s][info][gc,cpu         ] GC(511) User=0.02s Sys=0.00s Real=0.00s
[2689.026s][info][gc,marking     ] GC(511) Concurrent Mark 642.213ms
[2689.026s][info][gc,marking     ] GC(511) Concurrent Rebuild Remembered Sets and Scrub Regions
[2689.278s][info][gc,marking     ] GC(511) Concurrent Rebuild Remembered Sets and Scrub Regions 251.639ms
[2689.279s][info][gc,start       ] GC(511) Pause Cleanup
[2689.279s][info][gc             ] GC(511) Pause Cleanup 2015M->2015M(4096M) 0.141ms
[2689.279s][info][gc,cpu         ] GC(511) User=0.00s Sys=0.00s Real=0.00s
[2689.279s][info][gc,marking     ] GC(511) Concurrent Clear Claimed Marks
[2689.279s][info][gc,marking     ] GC(511) Concurrent Clear Claimed Marks 0.041ms
[2689.279s][info][gc,marking     ] GC(511) Concurrent Cleanup for Next Mark
[2689.286s][info][gc,marking     ] GC(511) Concurrent Cleanup for Next Mark 6.662ms
[2689.286s][info][gc             ] GC(511) Concurrent Mark Cycle 1040.949ms
....[2692.560s][info][gc,start       ] GC(512) Pause Young (Prepare Mixed) (G1 Evacuation Pause)
[2692.560s][info][gc,task        ] GC(512) Using 6 workers of 6 for evacuation
[2692.682s][info][gc,phases      ] GC(512)   Pre Evacuate Collection Set: 0.33ms
[2692.682s][info][gc,phases      ] GC(512)   Merge Heap Roots: 0.51ms
[2692.682s][info][gc,phases      ] GC(512)   Evacuate Collection Set: 119.22ms
[2692.682s][info][gc,phases      ] GC(512)   Post Evacuate Collection Set: 0.97ms
[2692.682s][info][gc,phases      ] GC(512)   Other: 0.09ms
[2692.682s][info][gc,heap        ] GC(512) Eden regions: 1117->0(1102)
[2692.682s][info][gc,heap        ] GC(512) Survivor regions: 111->113(154)
[2692.682s][info][gc,heap        ] GC(512) Old regions: 505->537
[2692.682s][info][gc,heap        ] GC(512) Humongous regions: 80->80
[2692.682s][info][gc,metaspace   ] GC(512) Metaspace: 28946K(29248K)->28946K(29248K) NonClass: 24063K(24192K)->24063K(24192K) Class: 4882K(5056K)->4882K(5056K)
[2692.682s][info][gc             ] GC(512) Pause Young (Prepare Mixed) (G1 Evacuation Pause) 3625M->1458M(4096M) 121.250ms
[2692.682s][info][gc,cpu         ] GC(512) User=0.72s Sys=0.00s Real=0.12s
....[2696.910s][info][gc,start       ] GC(513) Pause Young (Mixed) (G1 Evacuation Pause)
[2696.910s][info][gc,task        ] GC(513) Using 6 workers of 6 for evacuation
[2697.041s][info][gc,phases      ] GC(513)   Pre Evacuate Collection Set: 0.41ms
[2697.041s][info][gc,phases      ] GC(513)   Merge Heap Roots: 0.65ms
[2697.041s][info][gc,phases      ] GC(513)   Evacuate Collection Set: 128.94ms
[2697.041s][info][gc,phases      ] GC(513)   Post Evacuate Collection Set: 0.95ms
[2697.041s][info][gc,phases      ] GC(513)   Other: 0.09ms
[2697.041s][info][gc,heap        ] GC(513) Eden regions: 1102->0(1119)
[2697.041s][info][gc,heap        ] GC(513) Survivor regions: 113->109(152)
[2697.041s][info][gc,heap        ] GC(513) Old regions: 537->473
[2697.041s][info][gc,heap        ] GC(513) Humongous regions: 80->80
[2697.041s][info][gc,metaspace   ] GC(513) Metaspace: 28946K(29248K)->28946K(29248K) NonClass: 24063K(24192K)->24063K(24192K) Class: 4882K(5056K)->4882K(5056K)
[2697.041s][info][gc             ] GC(513) Pause Young (Mixed) (G1 Evacuation Pause) 3662M->1322M(4096M) 131.180ms
[2697.041s][info][gc,cpu         ] GC(513) User=0.77s Sys=0.00s Real=0.13s
....[2701.280s][info][gc,start       ] GC(514) Pause Young (Concurrent Start) (G1 Evacuation Pause)
[2701.280s][info][gc,task        ] GC(514) Using 6 workers of 6 for evacuation
[2701.399s][info][gc,phases      ] GC(514)   Pre Evacuate Collection Set: 0.42ms
[2701.399s][info][gc,phases      ] GC(514)   Merge Heap Roots: 0.47ms
[2701.399s][info][gc,phases      ] GC(514)   Evacuate Collection Set: 116.55ms
[2701.399s][info][gc,phases      ] GC(514)   Post Evacuate Collection Set: 0.92ms
[2701.399s][info][gc,phases      ] GC(514)   Other: 0.11ms
[2701.399s][info][gc,heap        ] GC(514) Eden regions: 1119->0(1118)
[2701.399s][info][gc,heap        ] GC(514) Survivor regions: 109->110(154)
[2701.399s][info][gc,heap        ] GC(514) Old regions: 473->506
[2701.399s][info][gc,heap        ] GC(514) Humongous regions: 80->80
[2701.399s][info][gc,metaspace   ] GC(514) Metaspace: 28946K(29248K)->28946K(29248K) NonClass: 24063K(24192K)->24063K(24192K) Class: 4882K(5056K)->4882K(5056K)
[2701.399s][info][gc             ] GC(514) Pause Young (Concurrent Start) (G1 Evacuation Pause) 3560M->1390M(4096M) 118.611ms
[2701.399s][info][gc             ] GC(515) Concurrent Mark Cycle
[2701.399s][info][gc,marking     ] GC(515) Concurrent Scan Root Regions
[2701.399s][info][gc,cpu         ] GC(514) User=0.70s Sys=0.01s Real=0.12s
.[2701.539s][info][gc,marking     ] GC(515) Concurrent Scan Root Regions 140.152ms
[2701.539s][info][gc,marking     ] GC(515) Concurrent Mark
[2701.539s][info][gc,marking     ] GC(515) Concurrent Mark From Roots
[2701.539s][info][gc,task        ] GC(515) Using 2 workers of 2 for marking
[2702.185s][info][gc,marking     ] GC(515) Concurrent Mark From Roots 645.837ms
[2702.185s][info][gc,marking     ] GC(515) Concurrent Preclean
[2702.185s][info][gc,marking     ] GC(515) Concurrent Preclean 0.046ms
[2702.186s][info][gc,start       ] GC(515) Pause Remark
[2702.189s][info][gc             ] GC(515) Pause Remark 1880M->1880M(4096M) 3.124ms
[2702.189s][info][gc,cpu         ] GC(515) User=0.02s Sys=0.00s Real=0.01s
[2702.189s][info][gc,marking     ] GC(515) Concurrent Mark 650.358ms
[2702.190s][info][gc,marking     ] GC(515) Concurrent Rebuild Remembered Sets and Scrub Regions
[2702.412s][info][gc,marking     ] GC(515) Concurrent Rebuild Remembered Sets and Scrub Regions 222.819ms
[2702.413s][info][gc,start       ] GC(515) Pause Cleanup
[2702.413s][info][gc             ] GC(515) Pause Cleanup 1972M->1972M(4096M) 0.130ms
[2702.413s][info][gc,cpu         ] GC(515) User=0.00s Sys=0.00s Real=0.00s
[2702.413s][info][gc,marking     ] GC(515) Concurrent Clear Claimed Marks
[2702.413s][info][gc,marking     ] GC(515) Concurrent Clear Claimed Marks 0.031ms
[2702.413s][info][gc,marking     ] GC(515) Concurrent Cleanup for Next Mark
[2702.417s][info][gc,marking     ] GC(515) Concurrent Cleanup for Next Mark 3.950ms
[2702.417s][info][gc             ] GC(515) Concurrent Mark Cycle 1017.802ms
....[2705.596s][info][gc,start       ] GC(516) Pause Young (Prepare Mixed) (G1 Evacuation Pause)
[2705.596s][info][gc,task        ] GC(516) Using 6 workers of 6 for evacuation
[2705.710s][info][gc,phases      ] GC(516)   Pre Evacuate Collection Set: 0.34ms
[2705.710s][info][gc,phases      ] GC(516)   Merge Heap Roots: 0.53ms
[2705.710s][info][gc,phases      ] GC(516)   Evacuate Collection Set: 112.34ms
[2705.710s][info][gc,phases      ] GC(516)   Post Evacuate Collection Set: 0.96ms
[2705.710s][info][gc,phases      ] GC(516)   Other: 0.09ms
[2705.710s][info][gc,heap        ] GC(516) Eden regions: 1118->0(1113)
[2705.710s][info][gc,heap        ] GC(516) Survivor regions: 110->107(154)
[2705.710s][info][gc,heap        ] GC(516) Old regions: 506->538
[2705.710s][info][gc,heap        ] GC(516) Humongous regions: 80->80
[2705.710s][info][gc,metaspace   ] GC(516) Metaspace: 28946K(29248K)->28946K(29248K) NonClass: 24063K(24192K)->24063K(24192K) Class: 4882K(5056K)->4882K(5056K)
[2705.710s][info][gc             ] GC(516) Pause Young (Prepare Mixed) (G1 Evacuation Pause) 3626M->1447M(4096M) 114.397ms
[2705.710s][info][gc,cpu         ] GC(516) User=0.67s Sys=0.00s Real=0.12s
... (rIR:aIR:PR = 4289:4288:4288) (tPR = 63838) [OK] 
  2708s: Performance info:
         Transaction,    Success,    Partial,     Failed,   Receipts, AvgBarcode, 
             Overall,     258143,          0,          0,     245245,      59.47, 
         Response times:
             Request,    Success,    Partial,     Failed,   SkipFail,     Probes,    Samples,      min,      p50,      p90,      p95,      p99,      max, 
       TotalPurchase,     245245,          0,          0,          0,     241365,     257899,      300,     3500,     6300,     9800,    39000,   184000,
     InStorePurchase,     129124,          0,          0,          0,     127288,     135683,      300,     3400,     6300,     9600,    39000,   184000,
      OnlinePurchase,      90292,          0,          0,          0,      88945,      95172,      300,     3600,     6400,    10100,    39000,   145000,
        InstPurchase,      25829,          0,          0,          0,      25132,      27044,      400,     3500,     6200,     9300,    38000,   184000,
          AssocOfCat,        256,          0,          0,          0,        211,        295,    19300,    28000,    41000,    50000,   100920,   155000,
      AssocOfProduct,       2585,          0,          0,          0,       2438,       2750,      700,     4300,     7200,    13500,    45490,   138000,
      BusinessReport,        648,          0,          0,          0,        531,        649,    24000,    32000,    50000,    61500,   134500,   185000,
          CustBuyBeh,       2579,          0,          0,          0,       2406,       2709,      400,     3000,     6300,    10350,    35000,   136000,
       ProductReturn,       6830,          0,          0,          0,       6498,       7202,      300,     3300,     6000,     9300,    34000,   140000,

  2708s: (32%)   IR =   4428 .[2709.855s][info][gc,start       ] GC(517) Pause Young (Mixed) (G1 Evacuation Pause)
[2709.855s][info][gc,task        ] GC(517) Using 6 workers of 6 for evacuation
[2709.992s][info][gc,phases      ] GC(517)   Pre Evacuate Collection Set: 0.39ms
[2709.992s][info][gc,phases      ] GC(517)   Merge Heap Roots: 0.65ms
[2709.992s][info][gc,phases      ] GC(517)   Evacuate Collection Set: 135.69ms
[2709.992s][info][gc,phases      ] GC(517)   Post Evacuate Collection Set: 0.98ms
[2709.992s][info][gc,phases      ] GC(517)   Other: 0.09ms
[2709.992s][info][gc,heap        ] GC(517) Eden regions: 1113->0(1116)
[2709.992s][info][gc,heap        ] GC(517) Survivor regions: 107->112(153)
[2709.992s][info][gc,heap        ] GC(517) Old regions: 538->473
[2709.992s][info][gc,heap        ] GC(517) Humongous regions: 80->80
[2709.992s][info][gc,metaspace   ] GC(517) Metaspace: 28946K(29248K)->28946K(29248K) NonClass: 24063K(24192K)->24063K(24192K) Class: 4882K(5056K)->4882K(5056K)
[2709.992s][info][gc             ] GC(517) Pause Young (Mixed) (G1 Evacuation Pause) 3673M->1328M(4096M) 137.925ms
[2709.993s][info][gc,cpu         ] GC(517) User=0.82s Sys=0.00s Real=0.14s
...|.[2714.131s][info][gc,start       ] GC(518) Pause Young (Concurrent Start) (G1 Evacuation Pause)
[2714.131s][info][gc,task        ] GC(518) Using 6 workers of 6 for evacuation
[2714.253s][info][gc,phases      ] GC(518)   Pre Evacuate Collection Set: 0.39ms
[2714.253s][info][gc,phases      ] GC(518)   Merge Heap Roots: 0.53ms
[2714.253s][info][gc,phases      ] GC(518)   Evacuate Collection Set: 120.23ms
[2714.253s][info][gc,phases      ] GC(518)   Post Evacuate Collection Set: 0.90ms
[2714.253s][info][gc,phases      ] GC(518)   Other: 0.12ms
[2714.253s][info][gc,heap        ] GC(518) Eden regions: 1116->0(1115)
[2714.253s][info][gc,heap        ] GC(518) Survivor regions: 112->113(154)
[2714.253s][info][gc,heap        ] GC(518) Old regions: 473->505
[2714.253s][info][gc,heap        ] GC(518) Humongous regions: 80->80
[2714.253s][info][gc,metaspace   ] GC(518) Metaspace: 28946K(29248K)->28946K(29248K) NonClass: 24063K(24192K)->24063K(24192K) Class: 4882K(5056K)->4882K(5056K)
[2714.253s][info][gc             ] GC(518) Pause Young (Concurrent Start) (G1 Evacuation Pause) 3560M->1393M(4096M) 122.311ms
[2714.253s][info][gc             ] GC(519) Concurrent Mark Cycle
[2714.253s][info][gc,marking     ] GC(519) Concurrent Scan Root Regions
[2714.253s][info][gc,cpu         ] GC(518) User=0.73s Sys=0.01s Real=0.12s
[2714.437s][info][gc,marking     ] GC(519) Concurrent Scan Root Regions 183.256ms
[2714.437s][info][gc,marking     ] GC(519) Concurrent Mark
[2714.437s][info][gc,marking     ] GC(519) Concurrent Mark From Roots
[2714.437s][info][gc,task        ] GC(519) Using 2 workers of 2 for marking
.[2715.150s][info][gc,marking     ] GC(519) Concurrent Mark From Roots 713.346ms
[2715.150s][info][gc,marking     ] GC(519) Concurrent Preclean
[2715.150s][info][gc,marking     ] GC(519) Concurrent Preclean 0.189ms
[2715.151s][info][gc,start       ] GC(519) Pause Remark
[2715.156s][info][gc             ] GC(519) Pause Remark 1931M->1931M(4096M) 5.203ms
[2715.156s][info][gc,cpu         ] GC(519) User=0.03s Sys=0.00s Real=0.00s
[2715.158s][info][gc,marking     ] GC(519) Concurrent Mark 721.441ms
[2715.158s][info][gc,marking     ] GC(519) Concurrent Rebuild Remembered Sets and Scrub Regions
[2715.470s][info][gc,marking     ] GC(519) Concurrent Rebuild Remembered Sets and Scrub Regions 311.631ms
[2715.470s][info][gc,start       ] GC(519) Pause Cleanup
[2715.470s][info][gc             ] GC(519) Pause Cleanup 2109M->2109M(4096M) 0.142ms
[2715.470s][info][gc,cpu         ] GC(519) User=0.01s Sys=0.00s Real=0.00s
[2715.470s][info][gc,marking     ] GC(519) Concurrent Clear Claimed Marks
[2715.470s][info][gc,marking     ] GC(519) Concurrent Clear Claimed Marks 0.031ms
[2715.470s][info][gc,marking     ] GC(519) Concurrent Cleanup for Next Mark
[2715.483s][info][gc,marking     ] GC(519) Concurrent Cleanup for Next Mark 12.601ms
[2715.483s][info][gc             ] GC(519) Concurrent Mark Cycle 1229.518ms
...[2718.368s][info][gc,start       ] GC(520) Pause Young (Prepare Mixed) (G1 Evacuation Pause)
[2718.368s][info][gc,task        ] GC(520) Using 6 workers of 6 for evacuation
[2718.483s][info][gc,phases      ] GC(520)   Pre Evacuate Collection Set: 0.38ms
[2718.483s][info][gc,phases      ] GC(520)   Merge Heap Roots: 0.50ms
[2718.483s][info][gc,phases      ] GC(520)   Evacuate Collection Set: 113.00ms
[2718.483s][info][gc,phases      ] GC(520)   Post Evacuate Collection Set: 0.98ms
[2718.483s][info][gc,phases      ] GC(520)   Other: 0.09ms
[2718.483s][info][gc,heap        ] GC(520) Eden regions: 1115->0(1113)
[2718.483s][info][gc,heap        ] GC(520) Survivor regions: 113->108(154)
[2718.483s][info][gc,heap        ] GC(520) Old regions: 505->536
[2718.483s][info][gc,heap        ] GC(520) Humongous regions: 80->80
[2718.483s][info][gc,metaspace   ] GC(520) Metaspace: 28936K(29248K)->28936K(29248K) NonClass: 24056K(24192K)->24056K(24192K) Class: 4879K(5056K)->4879K(5056K)
[2718.483s][info][gc             ] GC(520) Pause Young (Prepare Mixed) (G1 Evacuation Pause) 3623M->1447M(4096M) 115.092ms
[2718.484s][info][gc,cpu         ] GC(520) User=0.68s Sys=0.00s Real=0.11s
....[2722.524s][info][gc,start       ] GC(521) Pause Young (Mixed) (G1 Evacuation Pause)
[2722.524s][info][gc,task        ] GC(521) Using 6 workers of 6 for evacuation
[2722.659s][info][gc,phases      ] GC(521)   Pre Evacuate Collection Set: 0.43ms
[2722.659s][info][gc,phases      ] GC(521)   Merge Heap Roots: 0.84ms
[2722.659s][info][gc,phases      ] GC(521)   Evacuate Collection Set: 132.50ms
[2722.659s][info][gc,phases      ] GC(521)   Post Evacuate Collection Set: 0.98ms
[2722.659s][info][gc,phases      ] GC(521)   Other: 0.09ms
[2722.659s][info][gc,heap        ] GC(521) Eden regions: 1113->0(1121)
[2722.659s][info][gc,heap        ] GC(521) Survivor regions: 108->107(153)
[2722.659s][info][gc,heap        ] GC(521) Old regions: 536->474
[2722.659s][info][gc,heap        ] GC(521) Humongous regions: 80->80
[2722.659s][info][gc,metaspace   ] GC(521) Metaspace: 28936K(29248K)->28936K(29248K) NonClass: 24056K(24192K)->24056K(24192K) Class: 4879K(5056K)->4879K(5056K)
[2722.659s][info][gc             ] GC(521) Pause Young (Mixed) (G1 Evacuation Pause) 3673M->1319M(4096M) 134.986ms
[2722.659s][info][gc,cpu         ] GC(521) User=0.80s Sys=0.00s Real=0.14s
.....[2726.825s][info][gc,start       ] GC(522) Pause Young (Concurrent Start) (G1 Evacuation Pause)
[2726.825s][info][gc,task        ] GC(522) Using 6 workers of 6 for evacuation
[2726.941s][info][gc,phases      ] GC(522)   Pre Evacuate Collection Set: 0.39ms
[2726.941s][info][gc,phases      ] GC(522)   Merge Heap Roots: 0.45ms
[2726.941s][info][gc,phases      ] GC(522)   Evacuate Collection Set: 113.40ms
[2726.941s][info][gc,phases      ] GC(522)   Post Evacuate Collection Set: 0.90ms
[2726.941s][info][gc,phases      ] GC(522)   Other: 0.11ms
[2726.941s][info][gc,heap        ] GC(522) Eden regions: 1121->0(1121)
[2726.941s][info][gc,heap        ] GC(522) Survivor regions: 107->107(154)
[2726.941s][info][gc,heap        ] GC(522) Old regions: 474->505
[2726.941s][info][gc,heap        ] GC(522) Humongous regions: 80->80
[2726.941s][info][gc,metaspace   ] GC(522) Metaspace: 28936K(29248K)->28936K(29248K) NonClass: 24056K(24192K)->24056K(24192K) Class: 4879K(5056K)->4879K(5056K)
[2726.941s][info][gc             ] GC(522) Pause Young (Concurrent Start) (G1 Evacuation Pause) 3561M->1383M(4096M) 115.383ms
[2726.941s][info][gc             ] GC(523) Concurrent Mark Cycle
[2726.941s][info][gc,marking     ] GC(523) Concurrent Scan Root Regions
[2726.941s][info][gc,cpu         ] GC(522) User=0.69s Sys=0.00s Real=0.12s
[2727.110s][info][gc,marking     ] GC(523) Concurrent Scan Root Regions 169.700ms
[2727.111s][info][gc,marking     ] GC(523) Concurrent Mark
[2727.111s][info][gc,marking     ] GC(523) Concurrent Mark From Roots
[2727.111s][info][gc,task        ] GC(523) Using 2 workers of 2 for marking
.[2727.853s][info][gc,marking     ] GC(523) Concurrent Mark From Roots 742.169ms
[2727.853s][info][gc,marking     ] GC(523) Concurrent Preclean
[2727.853s][info][gc,marking     ] GC(523) Concurrent Preclean 0.093ms
[2727.853s][info][gc,start       ] GC(523) Pause Remark
[2727.857s][info][gc             ] GC(523) Pause Remark 1894M->1894M(4096M) 3.586ms
[2727.857s][info][gc,cpu         ] GC(523) User=0.02s Sys=0.00s Real=0.00s
[2727.857s][info][gc,marking     ] GC(523) Concurrent Mark 746.120ms
[2727.857s][info][gc,marking     ] GC(523) Concurrent Rebuild Remembered Sets and Scrub Regions
[2728.212s][info][gc,marking     ] GC(523) Concurrent Rebuild Remembered Sets and Scrub Regions 355.731ms
[2728.213s][info][gc,start       ] GC(523) Pause Cleanup
[2728.213s][info][gc             ] GC(523) Pause Cleanup 2085M->2085M(4096M) 0.122ms
[2728.213s][info][gc,cpu         ] GC(523) User=0.00s Sys=0.00s Real=0.00s
[2728.213s][info][gc,marking     ] GC(523) Concurrent Clear Claimed Marks
[2728.213s][info][gc,marking     ] GC(523) Concurrent Clear Claimed Marks 0.024ms
[2728.213s][info][gc,marking     ] GC(523) Concurrent Cleanup for Next Mark
[2728.216s][info][gc,marking     ] GC(523) Concurrent Cleanup for Next Mark 3.344ms
[2728.216s][info][gc             ] GC(523) Concurrent Mark Cycle 1275.367ms
...[2731.094s][info][gc,start       ] GC(524) Pause Young (Prepare Mixed) (G1 Evacuation Pause)
[2731.094s][info][gc,task        ] GC(524) Using 6 workers of 6 for evacuation
[2731.211s][info][gc,phases      ] GC(524)   Pre Evacuate Collection Set: 0.35ms
[2731.211s][info][gc,phases      ] GC(524)   Merge Heap Roots: 0.52ms
[2731.211s][info][gc,phases      ] GC(524)   Evacuate Collection Set: 115.16ms
[2731.211s][info][gc,phases      ] GC(524)   Post Evacuate Collection Set: 0.95ms
[2731.211s][info][gc,phases      ] GC(524)   Other: 0.09ms
[2731.211s][info][gc,heap        ] GC(524) Eden regions: 1121->0(1111)
[2731.211s][info][gc,heap        ] GC(524) Survivor regions: 107->109(154)
[2731.211s][info][gc,heap        ] GC(524) Old regions: 505->536
[2731.211s][info][gc,heap        ] GC(524) Humongous regions: 80->80
[2731.211s][info][gc,metaspace   ] GC(524) Metaspace: 28936K(29248K)->28936K(29248K) NonClass: 24056K(24192K)->24056K(24192K) Class: 4879K(5056K)->4879K(5056K)
[2731.211s][info][gc             ] GC(524) Pause Young (Prepare Mixed) (G1 Evacuation Pause) 3625M->1449M(4096M) 117.201ms
[2731.211s][info][gc,cpu         ] GC(524) User=0.70s Sys=0.00s Real=0.12s
....[2735.360s][info][gc,start       ] GC(525) Pause Young (Mixed) (G1 Evacuation Pause)
[2735.360s][info][gc,task        ] GC(525) Using 6 workers of 6 for evacuation
[2735.489s][info][gc,phases      ] GC(525)   Pre Evacuate Collection Set: 0.39ms
[2735.489s][info][gc,phases      ] GC(525)   Merge Heap Roots: 0.66ms
[2735.489s][info][gc,phases      ] GC(525)   Evacuate Collection Set: 127.31ms
[2735.489s][info][gc,phases      ] GC(525)   Post Evacuate Collection Set: 0.95ms
[2735.489s][info][gc,phases      ] GC(525)   Other: 0.09ms
[2735.489s][info][gc,heap        ] GC(525) Eden regions: 1111->0(1121)
[2735.489s][info][gc,heap        ] GC(525) Survivor regions: 109->107(153)
[2735.489s][info][gc,heap        ] GC(525) Old regions: 536->472
[2735.489s][info][gc,heap        ] GC(525) Humongous regions: 80->80
[2735.489s][info][gc,metaspace   ] GC(525) Metaspace: 28936K(29248K)->28936K(29248K) NonClass: 24057K(24192K)->24057K(24192K) Class: 4879K(5056K)->4879K(5056K)
[2735.489s][info][gc             ] GC(525) Pause Young (Mixed) (G1 Evacuation Pause) 3671M->1317M(4096M) 129.560ms
[2735.489s][info][gc,cpu         ] GC(525) User=0.76s Sys=0.00s Real=0.13s
....[2739.612s][info][gc,start       ] GC(526) Pause Young (Concurrent Start) (G1 Evacuation Pause)
[2739.612s][info][gc,task        ] GC(526) Using 6 workers of 6 for evacuation
[2739.727s][info][gc,phases      ] GC(526)   Pre Evacuate Collection Set: 0.39ms
[2739.727s][info][gc,phases      ] GC(526)   Merge Heap Roots: 0.47ms
[2739.727s][info][gc,phases      ] GC(526)   Evacuate Collection Set: 113.03ms
[2739.727s][info][gc,phases      ] GC(526)   Post Evacuate Collection Set: 0.90ms
[2739.727s][info][gc,phases      ] GC(526)   Other: 0.11ms
[2739.727s][info][gc,heap        ] GC(526) Eden regions: 1121->0(1120)
[2739.727s][info][gc,heap        ] GC(526) Survivor regions: 107->108(154)
[2739.727s][info][gc,heap        ] GC(526) Old regions: 472->504
[2739.727s][info][gc,heap        ] GC(526) Humongous regions: 80->80
[2739.727s][info][gc,metaspace   ] GC(526) Metaspace: 28936K(29248K)->28936K(29248K) NonClass: 24057K(24192K)->24057K(24192K) Class: 4879K(5056K)->4879K(5056K)
[2739.727s][info][gc             ] GC(526) Pause Young (Concurrent Start) (G1 Evacuation Pause) 3559M->1382M(4096M) 115.031ms
[2739.727s][info][gc             ] GC(527) Concurrent Mark Cycle
[2739.727s][info][gc,marking     ] GC(527) Concurrent Scan Root Regions
[2739.727s][info][gc,cpu         ] GC(526) User=0.68s Sys=0.00s Real=0.12s
.[2739.900s][info][gc,marking     ] GC(527) Concurrent Scan Root Regions 172.733ms
[2739.900s][info][gc,marking     ] GC(527) Concurrent Mark
[2739.900s][info][gc,marking     ] GC(527) Concurrent Mark From Roots
[2739.900s][info][gc,task        ] GC(527) Using 2 workers of 2 for marking
[2740.539s][info][gc,marking     ] GC(527) Concurrent Mark From Roots 639.404ms
[2740.540s][info][gc,marking     ] GC(527) Concurrent Preclean
[2740.540s][info][gc,marking     ] GC(527) Concurrent Preclean 0.080ms
[2740.540s][info][gc,start       ] GC(527) Pause Remark
[2740.543s][info][gc             ] GC(527) Pause Remark 1871M->1871M(4096M) 3.325ms
[2740.543s][info][gc,cpu         ] GC(527) User=0.01s Sys=0.00s Real=0.00s
[2740.543s][info][gc,marking     ] GC(527) Concurrent Mark 643.161ms
[2740.543s][info][gc,marking     ] GC(527) Concurrent Rebuild Remembered Sets and Scrub Regions
.[2740.815s][info][gc,marking     ] GC(527) Concurrent Rebuild Remembered Sets and Scrub Regions 272.019ms
[2740.815s][info][gc,start       ] GC(527) Pause Cleanup
[2740.816s][info][gc             ] GC(527) Pause Cleanup 1983M->1983M(4096M) 0.126ms
[2740.816s][info][gc,cpu         ] GC(527) User=0.00s Sys=0.00s Real=0.00s
[2740.816s][info][gc,marking     ] GC(527) Concurrent Clear Claimed Marks
[2740.816s][info][gc,marking     ] GC(527) Concurrent Clear Claimed Marks 0.036ms
[2740.816s][info][gc,marking     ] GC(527) Concurrent Cleanup for Next Mark
[2740.820s][info][gc,marking     ] GC(527) Concurrent Cleanup for Next Mark 4.252ms
[2740.820s][info][gc             ] GC(527) Concurrent Mark Cycle 1092.737ms
...[2743.884s][info][gc,start       ] GC(528) Pause Young (Prepare Mixed) (G1 Evacuation Pause)
[2743.884s][info][gc,task        ] GC(528) Using 6 workers of 6 for evacuation
[2743.998s][info][gc,phases      ] GC(528)   Pre Evacuate Collection Set: 0.36ms
[2743.998s][info][gc,phases      ] GC(528)   Merge Heap Roots: 0.56ms
[2743.998s][info][gc,phases      ] GC(528)   Evacuate Collection Set: 112.33ms
[2743.998s][info][gc,phases      ] GC(528)   Post Evacuate Collection Set: 0.95ms
[2743.998s][info][gc,phases      ] GC(528)   Other: 0.09ms
[2743.998s][info][gc,heap        ] GC(528) Eden regions: 1120->0(1113)
[2743.998s][info][gc,heap        ] GC(528) Survivor regions: 108->108(154)
[2743.998s][info][gc,heap        ] GC(528) Old regions: 504->536
[2743.998s][info][gc,heap        ] GC(528) Humongous regions: 80->80
[2743.998s][info][gc,metaspace   ] GC(528) Metaspace: 28936K(29248K)->28936K(29248K) NonClass: 24057K(24192K)->24057K(24192K) Class: 4879K(5056K)->4879K(5056K)
[2743.998s][info][gc             ] GC(528) Pause Young (Prepare Mixed) (G1 Evacuation Pause) 3622M->1446M(4096M) 114.438ms
[2743.998s][info][gc,cpu         ] GC(528) User=0.68s Sys=0.00s Real=0.12s
....[2748.065s][info][gc,start       ] GC(529) Pause Young (Mixed) (G1 Evacuation Pause)
[2748.065s][info][gc,task        ] GC(529) Using 6 workers of 6 for evacuation
[2748.199s][info][gc,phases      ] GC(529)   Pre Evacuate Collection Set: 0.38ms
[2748.199s][info][gc,phases      ] GC(529)   Merge Heap Roots: 0.73ms
[2748.199s][info][gc,phases      ] GC(529)   Evacuate Collection Set: 131.84ms
[2748.199s][info][gc,phases      ] GC(529)   Post Evacuate Collection Set: 0.96ms
[2748.199s][info][gc,phases      ] GC(529)   Other: 0.09ms
[2748.199s][info][gc,heap        ] GC(529) Eden regions: 1113->0(1119)
[2748.199s][info][gc,heap        ] GC(529) Survivor regions: 108->109(153)
[2748.199s][info][gc,heap        ] GC(529) Old regions: 536->473
[2748.199s][info][gc,heap        ] GC(529) Humongous regions: 80->80
[2748.199s][info][gc,metaspace   ] GC(529) Metaspace: 28936K(29248K)->28936K(29248K) NonClass: 24057K(24192K)->24057K(24192K) Class: 4879K(5056K)->4879K(5056K)
[2748.199s][info][gc             ] GC(529) Pause Young (Mixed) (G1 Evacuation Pause) 3672M->1322M(4096M) 134.123ms
[2748.199s][info][gc,cpu         ] GC(529) User=0.80s Sys=0.00s Real=0.14s
....[2752.381s][info][gc,start       ] GC(530) Pause Young (Concurrent Start) (G1 Evacuation Pause)
[2752.381s][info][gc,task        ] GC(530) Using 6 workers of 6 for evacuation
[2752.496s][info][gc,phases      ] GC(530)   Pre Evacuate Collection Set: 0.42ms
[2752.496s][info][gc,phases      ] GC(530)   Merge Heap Roots: 0.47ms
[2752.496s][info][gc,phases      ] GC(530)   Evacuate Collection Set: 113.18ms
[2752.496s][info][gc,phases      ] GC(530)   Post Evacuate Collection Set: 0.91ms
[2752.496s][info][gc,phases      ] GC(530)   Other: 0.11ms
[2752.496s][info][gc,heap        ] GC(530) Eden regions: 1119->0(1121)
[2752.496s][info][gc,heap        ] GC(530) Survivor regions: 109->107(154)
[2752.496s][info][gc,heap        ] GC(530) Old regions: 473->505
[2752.496s][info][gc,heap        ] GC(530) Humongous regions: 80->80
[2752.496s][info][gc,metaspace   ] GC(530) Metaspace: 28936K(29248K)->28936K(29248K) NonClass: 24057K(24192K)->24057K(24192K) Class: 4879K(5056K)->4879K(5056K)
[2752.496s][info][gc             ] GC(530) Pause Young (Concurrent Start) (G1 Evacuation Pause) 3560M->1382M(4096M) 115.227ms
[2752.496s][info][gc             ] GC(531) Concurrent Mark Cycle
[2752.496s][info][gc,marking     ] GC(531) Concurrent Scan Root Regions
[2752.496s][info][gc,cpu         ] GC(530) User=0.68s Sys=0.00s Real=0.11s
[2752.664s][info][gc,marking     ] GC(531) Concurrent Scan Root Regions 167.849ms
[2752.664s][info][gc,marking     ] GC(531) Concurrent Mark
[2752.664s][info][gc,marking     ] GC(531) Concurrent Mark From Roots
[2752.664s][info][gc,task        ] GC(531) Using 2 workers of 2 for marking
.[2753.604s][info][gc,marking     ] GC(531) Concurrent Mark From Roots 940.337ms
[2753.604s][info][gc,marking     ] GC(531) Concurrent Preclean
[2753.604s][info][gc,marking     ] GC(531) Concurrent Preclean 0.110ms
[2753.605s][info][gc,start       ] GC(531) Pause Remark
[2753.610s][info][gc             ] GC(531) Pause Remark 2022M->2022M(4096M) 4.119ms
[2753.610s][info][gc,cpu         ] GC(531) User=0.02s Sys=0.00s Real=0.01s
[2753.610s][info][gc,marking     ] GC(531) Concurrent Mark 945.939ms
[2753.610s][info][gc,marking     ] GC(531) Concurrent Rebuild Remembered Sets and Scrub Regions
.[2753.858s][info][gc,marking     ] GC(531) Concurrent Rebuild Remembered Sets and Scrub Regions 247.960ms
[2753.858s][info][gc,start       ] GC(531) Pause Cleanup
[2753.858s][info][gc             ] GC(531) Pause Cleanup 2140M->2140M(4096M) 0.118ms
[2753.858s][info][gc,cpu         ] GC(531) User=0.00s Sys=0.00s Real=0.00s
[2753.858s][info][gc,marking     ] GC(531) Concurrent Clear Claimed Marks
[2753.858s][info][gc,marking     ] GC(531) Concurrent Clear Claimed Marks 0.025ms
[2753.858s][info][gc,marking     ] GC(531) Concurrent Cleanup for Next Mark
[2753.862s][info][gc,marking     ] GC(531) Concurrent Cleanup for Next Mark 3.550ms
[2753.862s][info][gc             ] GC(531) Concurrent Mark Cycle 1365.814ms
..[2756.641s][info][gc,start       ] GC(532) Pause Young (Prepare Mixed) (G1 Evacuation Pause)
[2756.642s][info][gc,task        ] GC(532) Using 6 workers of 6 for evacuation
[2756.765s][info][gc,phases      ] GC(532)   Pre Evacuate Collection Set: 0.34ms
[2756.765s][info][gc,phases      ] GC(532)   Merge Heap Roots: 0.49ms
[2756.765s][info][gc,phases      ] GC(532)   Evacuate Collection Set: 121.81ms
[2756.765s][info][gc,phases      ] GC(532)   Post Evacuate Collection Set: 1.01ms
[2756.765s][info][gc,phases      ] GC(532)   Other: 0.09ms
[2756.765s][info][gc,heap        ] GC(532) Eden regions: 1121->0(1101)
[2756.765s][info][gc,heap        ] GC(532) Survivor regions: 107->114(154)
[2756.765s][info][gc,heap        ] GC(532) Old regions: 505->536
[2756.765s][info][gc,heap        ] GC(532) Humongous regions: 80->80
[2756.765s][info][gc,metaspace   ] GC(532) Metaspace: 28936K(29248K)->28936K(29248K) NonClass: 24057K(24192K)->24057K(24192K) Class: 4879K(5056K)->4879K(5056K)
[2756.765s][info][gc             ] GC(532) Pause Young (Prepare Mixed) (G1 Evacuation Pause) 3624M->1459M(4096M) 123.880ms
[2756.765s][info][gc,cpu         ] GC(532) User=0.73s Sys=0.00s Real=0.12s
.....[2760.885s][info][gc,start       ] GC(533) Pause Young (Mixed) (G1 Evacuation Pause)
[2760.885s][info][gc,task        ] GC(533) Using 6 workers of 6 for evacuation
[2761.018s][info][gc,phases      ] GC(533)   Pre Evacuate Collection Set: 0.44ms
[2761.018s][info][gc,phases      ] GC(533)   Merge Heap Roots: 0.73ms
[2761.018s][info][gc,phases      ] GC(533)   Evacuate Collection Set: 131.23ms
[2761.018s][info][gc,phases      ] GC(533)   Post Evacuate Collection Set: 0.99ms
[2761.018s][info][gc,phases      ] GC(533)   Other: 0.10ms
[2761.018s][info][gc,heap        ] GC(533) Eden regions: 1101->0(1119)
[2761.018s][info][gc,heap        ] GC(533) Survivor regions: 114->109(152)
[2761.018s][info][gc,heap        ] GC(533) Old regions: 536->473
[2761.018s][info][gc,heap        ] GC(533) Humongous regions: 80->80
[2761.018s][info][gc,metaspace   ] GC(533) Metaspace: 28936K(29248K)->28936K(29248K) NonClass: 24057K(24192K)->24057K(24192K) Class: 4879K(5056K)->4879K(5056K)
[2761.019s][info][gc             ] GC(533) Pause Young (Mixed) (G1 Evacuation Pause) 3661M->1321M(4096M) 133.634ms
[2761.019s][info][gc,cpu         ] GC(533) User=0.79s Sys=0.00s Real=0.14s
....[2765.139s][info][gc,start       ] GC(534) Pause Young (Concurrent Start) (G1 Evacuation Pause)
[2765.139s][info][gc,task        ] GC(534) Using 6 workers of 6 for evacuation
[2765.258s][info][gc,phases      ] GC(534)   Pre Evacuate Collection Set: 0.44ms
[2765.258s][info][gc,phases      ] GC(534)   Merge Heap Roots: 0.53ms
[2765.258s][info][gc,phases      ] GC(534)   Evacuate Collection Set: 116.81ms
[2765.258s][info][gc,phases      ] GC(534)   Post Evacuate Collection Set: 0.91ms
[2765.258s][info][gc,phases      ] GC(534)   Other: 0.13ms
[2765.258s][info][gc,heap        ] GC(534) Eden regions: 1119->0(1117)
[2765.258s][info][gc,heap        ] GC(534) Survivor regions: 109->111(154)
[2765.258s][info][gc,heap        ] GC(534) Old regions: 473->505
[2765.258s][info][gc,heap        ] GC(534) Humongous regions: 80->80
[2765.258s][info][gc,metaspace   ] GC(534) Metaspace: 28936K(29248K)->28936K(29248K) NonClass: 24057K(24192K)->24057K(24192K) Class: 4879K(5056K)->4879K(5056K)
[2765.258s][info][gc             ] GC(534) Pause Young (Concurrent Start) (G1 Evacuation Pause) 3559M->1389M(4096M) 118.956ms
[2765.258s][info][gc             ] GC(535) Concurrent Mark Cycle
[2765.258s][info][gc,marking     ] GC(535) Concurrent Scan Root Regions
[2765.258s][info][gc,cpu         ] GC(534) User=0.70s Sys=0.00s Real=0.12s
[2765.434s][info][gc,marking     ] GC(535) Concurrent Scan Root Regions 175.596ms
[2765.434s][info][gc,marking     ] GC(535) Concurrent Mark
[2765.434s][info][gc,marking     ] GC(535) Concurrent Mark From Roots
[2765.434s][info][gc,task        ] GC(535) Using 2 workers of 2 for marking
.[2766.162s][info][gc,marking     ] GC(535) Concurrent Mark From Roots 727.952ms
[2766.162s][info][gc,marking     ] GC(535) Concurrent Preclean
[2766.162s][info][gc,marking     ] GC(535) Concurrent Preclean 0.102ms
[2766.163s][info][gc,start       ] GC(535) Pause Remark
[2766.168s][info][gc             ] GC(535) Pause Remark 1931M->1931M(4096M) 4.820ms
[2766.168s][info][gc,cpu         ] GC(535) User=0.02s Sys=0.00s Real=0.01s
[2766.169s][info][gc,marking     ] GC(535) Concurrent Mark 734.757ms
[2766.169s][info][gc,marking     ] GC(535) Concurrent Rebuild Remembered Sets and Scrub Regions
[2766.458s][info][gc,marking     ] GC(535) Concurrent Rebuild Remembered Sets and Scrub Regions 289.046ms
[2766.458s][info][gc,start       ] GC(535) Pause Cleanup
[2766.458s][info][gc             ] GC(535) Pause Cleanup 2125M->2125M(4096M) 0.135ms
[2766.458s][info][gc,cpu         ] GC(535) User=0.00s Sys=0.00s Real=0.00s
[2766.458s][info][gc,marking     ] GC(535) Concurrent Clear Claimed Marks
[2766.458s][info][gc,marking     ] GC(535) Concurrent Clear Claimed Marks 0.025ms
[2766.458s][info][gc,marking     ] GC(535) Concurrent Cleanup for Next Mark
[2766.462s][info][gc,marking     ] GC(535) Concurrent Cleanup for Next Mark 3.542ms
[2766.462s][info][gc             ] GC(535) Concurrent Mark Cycle 1203.483ms
...[2769.365s][info][gc,start       ] GC(536) Pause Young (Prepare Mixed) (G1 Evacuation Pause)
[2769.365s][info][gc,task        ] GC(536) Using 6 workers of 6 for evacuation
[2769.481s][info][gc,phases      ] GC(536)   Pre Evacuate Collection Set: 0.34ms
[2769.481s][info][gc,phases      ] GC(536)   Merge Heap Roots: 0.53ms
[2769.481s][info][gc,phases      ] GC(536)   Evacuate Collection Set: 113.67ms
[2769.481s][info][gc,phases      ] GC(536)   Post Evacuate Collection Set: 0.94ms
[2769.481s][info][gc,phases      ] GC(536)   Other: 0.10ms
[2769.481s][info][gc,heap        ] GC(536) Eden regions: 1117->0(1114)
[2769.481s][info][gc,heap        ] GC(536) Survivor regions: 111->107(154)
[2769.481s][info][gc,heap        ] GC(536) Old regions: 505->537
[2769.481s][info][gc,heap        ] GC(536) Humongous regions: 80->80
[2769.481s][info][gc,metaspace   ] GC(536) Metaspace: 28933K(29248K)->28933K(29248K) NonClass: 24055K(24192K)->24055K(24192K) Class: 4878K(5056K)->4878K(5056K)
[2769.481s][info][gc             ] GC(536) Pause Young (Prepare Mixed) (G1 Evacuation Pause) 3623M->1446M(4096M) 115.712ms
[2769.481s][info][gc,cpu         ] GC(536) User=0.68s Sys=0.00s Real=0.12s
.... (rIR:aIR:PR = 4428:4429:4429) (tPR = 66222) [OK] 
  2772s: Performance info:
         Transaction,    Success,    Partial,     Failed,   Receipts, AvgBarcode, 
             Overall,     266802,          0,          0,     253459,      59.47, 
         Response times:
             Request,    Success,    Partial,     Failed,   SkipFail,     Probes,    Samples,      min,      p50,      p90,      p95,      p99,      max, 
       TotalPurchase,     253459,          0,          0,          0,     249800,     266735,      300,     3600,     6600,    10500,    44000,   283000,
     InStorePurchase,     133387,          0,          0,          0,     131999,     140680,      300,     3500,     6500,    10300,    43000,   230000,
      OnlinePurchase,      93382,          0,          0,          0,      91908,      98167,      300,     3700,     6700,    10500,    44000,   283000,
        InstPurchase,      26690,          0,          0,          0,      25893,      27888,      400,     3600,     6800,    11600,    48000,   204000,
          AssocOfCat,        268,          0,          0,          0,        220,        305,    18700,    29000,    44400,    53700,    95860,   180000,
      AssocOfProduct,       2672,          0,          0,          0,       2453,       2775,      600,     2900,     5400,     7820,    32000,   139000,
      BusinessReport,        671,          0,          0,          0,        567,        726,    21000,    33000,    50000,    64650,   131650,   184000,
          CustBuyBeh,       2662,          0,          0,          0,       2453,       2793,      200,     4000,     6800,    13260,    38000,   128000,
       ProductReturn,       7070,          0,          0,          0,       6771,       7465,      300,     3900,     6900,    11270,    43000,   146000,

  2772s: (33%)   IR =   4566 [2773.593s][info][gc,start       ] GC(537) Pause Young (Mixed) (G1 Evacuation Pause)
[2773.593s][info][gc,task        ] GC(537) Using 6 workers of 6 for evacuation
[2773.726s][info][gc,phases      ] GC(537)   Pre Evacuate Collection Set: 0.38ms
[2773.726s][info][gc,phases      ] GC(537)   Merge Heap Roots: 0.64ms
[2773.726s][info][gc,phases      ] GC(537)   Evacuate Collection Set: 130.66ms
[2773.726s][info][gc,phases      ] GC(537)   Post Evacuate Collection Set: 1.00ms
[2773.726s][info][gc,phases      ] GC(537)   Other: 0.09ms
[2773.726s][info][gc,heap        ] GC(537) Eden regions: 1114->0(1118)
[2773.726s][info][gc,heap        ] GC(537) Survivor regions: 107->110(153)
[2773.726s][info][gc,heap        ] GC(537) Old regions: 537->473
[2773.726s][info][gc,heap        ] GC(537) Humongous regions: 80->80
[2773.726s][info][gc,metaspace   ] GC(537) Metaspace: 28933K(29248K)->28933K(29248K) NonClass: 24055K(24192K)->24055K(24192K) Class: 4878K(5056K)->4878K(5056K)
[2773.726s][info][gc             ] GC(537) Pause Young (Mixed) (G1 Evacuation Pause) 3674M->1323M(4096M) 132.907ms
[2773.726s][info][gc,cpu         ] GC(537) User=0.78s Sys=0.00s Real=0.13s
....|[2777.679s][info][gc,start       ] GC(538) Pause Young (Concurrent Start) (G1 Evacuation Pause)
[2777.679s][info][gc,task        ] GC(538) Using 6 workers of 6 for evacuation
[2777.795s][info][gc,phases      ] GC(538)   Pre Evacuate Collection Set: 0.40ms
[2777.796s][info][gc,phases      ] GC(538)   Merge Heap Roots: 0.51ms
[2777.796s][info][gc,phases      ] GC(538)   Evacuate Collection Set: 114.91ms
[2777.796s][info][gc,phases      ] GC(538)   Post Evacuate Collection Set: 0.91ms
[2777.796s][info][gc,phases      ] GC(538)   Other: 0.11ms
[2777.796s][info][gc,heap        ] GC(538) Eden regions: 1118->0(1120)
[2777.796s][info][gc,heap        ] GC(538) Survivor regions: 110->108(154)
[2777.796s][info][gc,heap        ] GC(538) Old regions: 473->505
[2777.796s][info][gc,heap        ] GC(538) Humongous regions: 80->80
[2777.796s][info][gc,metaspace   ] GC(538) Metaspace: 28933K(29248K)->28933K(29248K) NonClass: 24055K(24192K)->24055K(24192K) Class: 4878K(5056K)->4878K(5056K)
[2777.796s][info][gc             ] GC(538) Pause Young (Concurrent Start) (G1 Evacuation Pause) 3559M->1383M(4096M) 116.982ms
[2777.796s][info][gc             ] GC(539) Concurrent Mark Cycle
[2777.796s][info][gc,marking     ] GC(539) Concurrent Scan Root Regions
[2777.796s][info][gc,cpu         ] GC(538) User=0.69s Sys=0.00s Real=0.11s
.[2777.971s][info][gc,marking     ] GC(539) Concurrent Scan Root Regions 175.618ms
[2777.971s][info][gc,marking     ] GC(539) Concurrent Mark
[2777.971s][info][gc,marking     ] GC(539) Concurrent Mark From Roots
[2777.971s][info][gc,task        ] GC(539) Using 2 workers of 2 for marking
[2778.532s][info][gc,marking     ] GC(539) Concurrent Mark From Roots 560.921ms
[2778.532s][info][gc,marking     ] GC(539) Concurrent Preclean
[2778.532s][info][gc,marking     ] GC(539) Concurrent Preclean 0.117ms
[2778.532s][info][gc,start       ] GC(539) Pause Remark
[2778.536s][info][gc             ] GC(539) Pause Remark 1852M->1852M(4096M) 3.275ms
[2778.536s][info][gc,cpu         ] GC(539) User=0.02s Sys=0.00s Real=0.00s
[2778.536s][info][gc,marking     ] GC(539) Concurrent Mark 564.587ms
[2778.536s][info][gc,marking     ] GC(539) Concurrent Rebuild Remembered Sets and Scrub Regions
[2778.749s][info][gc,marking     ] GC(539) Concurrent Rebuild Remembered Sets and Scrub Regions 212.803ms
[2778.749s][info][gc,start       ] GC(539) Pause Cleanup
[2778.749s][info][gc             ] GC(539) Pause Cleanup 1972M->1972M(4096M) 0.129ms
[2778.749s][info][gc,cpu         ] GC(539) User=0.00s Sys=0.00s Real=0.00s
[2778.749s][info][gc,marking     ] GC(539) Concurrent Clear Claimed Marks
[2778.749s][info][gc,marking     ] GC(539) Concurrent Clear Claimed Marks 0.030ms
[2778.749s][info][gc,marking     ] GC(539) Concurrent Cleanup for Next Mark
[2778.752s][info][gc,marking     ] GC(539) Concurrent Cleanup for Next Mark 3.379ms
[2778.753s][info][gc             ] GC(539) Concurrent Mark Cycle 956.929ms
...[2781.862s][info][gc,start       ] GC(540) Pause Young (Prepare Mixed) (G1 Evacuation Pause)
[2781.862s][info][gc,task        ] GC(540) Using 6 workers of 6 for evacuation
[2781.979s][info][gc,phases      ] GC(540)   Pre Evacuate Collection Set: 0.37ms
[2781.979s][info][gc,phases      ] GC(540)   Merge Heap Roots: 0.54ms
[2781.979s][info][gc,phases      ] GC(540)   Evacuate Collection Set: 115.37ms
[2781.979s][info][gc,phases      ] GC(540)   Post Evacuate Collection Set: 0.98ms
[2781.979s][info][gc,phases      ] GC(540)   Other: 0.09ms
[2781.979s][info][gc,heap        ] GC(540) Eden regions: 1120->0(1107)
[2781.979s][info][gc,heap        ] GC(540) Survivor regions: 108->111(154)
[2781.979s][info][gc,heap        ] GC(540) Old regions: 505->536
[2781.979s][info][gc,heap        ] GC(540) Humongous regions: 80->80
[2781.979s][info][gc,metaspace   ] GC(540) Metaspace: 28933K(29248K)->28933K(29248K) NonClass: 24055K(24192K)->24055K(24192K) Class: 4878K(5056K)->4878K(5056K)
[2781.979s][info][gc             ] GC(540) Pause Young (Prepare Mixed) (G1 Evacuation Pause) 3623M->1452M(4096M) 117.499ms
[2781.980s][info][gc,cpu         ] GC(540) User=0.69s Sys=0.00s Real=0.12s
....[2785.967s][info][gc,start       ] GC(541) Pause Young (Mixed) (G1 Evacuation Pause)
[2785.967s][info][gc,task        ] GC(541) Using 6 workers of 6 for evacuation
[2786.103s][info][gc,phases      ] GC(541)   Pre Evacuate Collection Set: 0.41ms
[2786.103s][info][gc,phases      ] GC(541)   Merge Heap Roots: 0.76ms
[2786.103s][info][gc,phases      ] GC(541)   Evacuate Collection Set: 133.17ms
[2786.103s][info][gc,phases      ] GC(541)   Post Evacuate Collection Set: 0.96ms
[2786.103s][info][gc,phases      ] GC(541)   Other: 0.09ms
[2786.103s][info][gc,heap        ] GC(541) Eden regions: 1107->0(1119)
[2786.103s][info][gc,heap        ] GC(541) Survivor regions: 111->109(153)
[2786.103s][info][gc,heap        ] GC(541) Old regions: 536->473
[2786.103s][info][gc,heap        ] GC(541) Humongous regions: 80->80
[2786.103s][info][gc,metaspace   ] GC(541) Metaspace: 28933K(29248K)->28933K(29248K) NonClass: 24055K(24192K)->24055K(24192K) Class: 4878K(5056K)->4878K(5056K)
[2786.103s][info][gc             ] GC(541) Pause Young (Mixed) (G1 Evacuation Pause) 3666M->1321M(4096M) 135.521ms
[2786.103s][info][gc,cpu         ] GC(541) User=0.80s Sys=0.00s Real=0.13s
....[2790.078s][info][gc,start       ] GC(542) Pause Young (Concurrent Start) (G1 Evacuation Pause)
[2790.078s][info][gc,task        ] GC(542) Using 6 workers of 6 for evacuation
[2790.196s][info][gc,phases      ] GC(542)   Pre Evacuate Collection Set: 0.40ms
[2790.196s][info][gc,phases      ] GC(542)   Merge Heap Roots: 0.46ms
[2790.196s][info][gc,phases      ] GC(542)   Evacuate Collection Set: 116.09ms
[2790.196s][info][gc,phases      ] GC(542)   Post Evacuate Collection Set: 0.86ms
[2790.196s][info][gc,phases      ] GC(542)   Other: 0.13ms
[2790.196s][info][gc,heap        ] GC(542) Eden regions: 1119->0(1119)
[2790.196s][info][gc,heap        ] GC(542) Survivor regions: 109->109(154)
[2790.196s][info][gc,heap        ] GC(542) Old regions: 473->505
[2790.196s][info][gc,heap        ] GC(542) Humongous regions: 80->80
[2790.196s][info][gc,metaspace   ] GC(542) Metaspace: 28933K(29248K)->28933K(29248K) NonClass: 24055K(24192K)->24055K(24192K) Class: 4878K(5056K)->4878K(5056K)
[2790.196s][info][gc             ] GC(542) Pause Young (Concurrent Start) (G1 Evacuation Pause) 3559M->1386M(4096M) 118.099ms
[2790.196s][info][gc             ] GC(543) Concurrent Mark Cycle
[2790.196s][info][gc,marking     ] GC(543) Concurrent Scan Root Regions
[2790.196s][info][gc,cpu         ] GC(542) User=0.70s Sys=0.00s Real=0.11s
.[2790.345s][info][gc,marking     ] GC(543) Concurrent Scan Root Regions 149.162ms
[2790.345s][info][gc,marking     ] GC(543) Concurrent Mark
[2790.345s][info][gc,marking     ] GC(543) Concurrent Mark From Roots
[2790.345s][info][gc,task        ] GC(543) Using 2 workers of 2 for marking
[2790.984s][info][gc,marking     ] GC(543) Concurrent Mark From Roots 638.259ms
[2790.984s][info][gc,marking     ] GC(543) Concurrent Preclean
[2790.984s][info][gc,marking     ] GC(543) Concurrent Preclean 0.124ms
[2790.984s][info][gc,start       ] GC(543) Pause Remark
[2790.988s][info][gc             ] GC(543) Pause Remark 1896M->1896M(4096M) 3.655ms
[2790.988s][info][gc,cpu         ] GC(543) User=0.02s Sys=0.00s Real=0.01s
[2790.989s][info][gc,marking     ] GC(543) Concurrent Mark 643.262ms
[2790.989s][info][gc,marking     ] GC(543) Concurrent Rebuild Remembered Sets and Scrub Regions
.[2791.246s][info][gc,marking     ] GC(543) Concurrent Rebuild Remembered Sets and Scrub Regions 256.818ms
[2791.246s][info][gc,start       ] GC(543) Pause Cleanup
[2791.246s][info][gc             ] GC(543) Pause Cleanup 2032M->2032M(4096M) 0.116ms
[2791.246s][info][gc,cpu         ] GC(543) User=0.00s Sys=0.00s Real=0.00s
[2791.246s][info][gc,marking     ] GC(543) Concurrent Clear Claimed Marks
[2791.246s][info][gc,marking     ] GC(543) Concurrent Clear Claimed Marks 0.027ms
[2791.246s][info][gc,marking     ] GC(543) Concurrent Cleanup for Next Mark
[2791.249s][info][gc,marking     ] GC(543) Concurrent Cleanup for Next Mark 3.241ms
[2791.249s][info][gc             ] GC(543) Concurrent Mark Cycle 1052.988ms
..[2794.210s][info][gc,start       ] GC(544) Pause Young (Prepare Mixed) (G1 Evacuation Pause)
[2794.211s][info][gc,task        ] GC(544) Using 6 workers of 6 for evacuation
[2794.329s][info][gc,phases      ] GC(544)   Pre Evacuate Collection Set: 0.35ms
[2794.329s][info][gc,phases      ] GC(544)   Merge Heap Roots: 0.50ms
[2794.329s][info][gc,phases      ] GC(544)   Evacuate Collection Set: 116.62ms
[2794.329s][info][gc,phases      ] GC(544)   Post Evacuate Collection Set: 0.95ms
[2794.329s][info][gc,phases      ] GC(544)   Other: 0.09ms
[2794.329s][info][gc,heap        ] GC(544) Eden regions: 1119->0(1109)
[2794.329s][info][gc,heap        ] GC(544) Survivor regions: 109->110(154)
[2794.329s][info][gc,heap        ] GC(544) Old regions: 505->536
[2794.329s][info][gc,heap        ] GC(544) Humongous regions: 80->80
[2794.329s][info][gc,metaspace   ] GC(544) Metaspace: 28933K(29248K)->28933K(29248K) NonClass: 24055K(24192K)->24055K(24192K) Class: 4878K(5056K)->4878K(5056K)
[2794.329s][info][gc             ] GC(544) Pause Young (Prepare Mixed) (G1 Evacuation Pause) 3624M->1450M(4096M) 118.650ms
[2794.329s][info][gc,cpu         ] GC(544) User=0.70s Sys=0.00s Real=0.12s
....[2798.318s][info][gc,start       ] GC(545) Pause Young (Mixed) (G1 Evacuation Pause)
[2798.318s][info][gc,task        ] GC(545) Using 6 workers of 6 for evacuation
[2798.454s][info][gc,phases      ] GC(545)   Pre Evacuate Collection Set: 0.37ms
[2798.455s][info][gc,phases      ] GC(545)   Merge Heap Roots: 0.68ms
[2798.455s][info][gc,phases      ] GC(545)   Evacuate Collection Set: 134.63ms
[2798.455s][info][gc,phases      ] GC(545)   Post Evacuate Collection Set: 0.95ms
[2798.455s][info][gc,phases      ] GC(545)   Other: 0.09ms
[2798.455s][info][gc,heap        ] GC(545) Eden regions: 1109->0(1116)
[2798.455s][info][gc,heap        ] GC(545) Survivor regions: 110->112(153)
[2798.455s][info][gc,heap        ] GC(545) Old regions: 536->472
[2798.455s][info][gc,heap        ] GC(545) Humongous regions: 80->80
[2798.455s][info][gc,metaspace   ] GC(545) Metaspace: 28933K(29248K)->28933K(29248K) NonClass: 24055K(24192K)->24055K(24192K) Class: 4878K(5056K)->4878K(5056K)
[2798.455s][info][gc             ] GC(545) Pause Young (Mixed) (G1 Evacuation Pause) 3668M->1326M(4096M) 136.869ms
[2798.455s][info][gc,cpu         ] GC(545) User=0.81s Sys=0.00s Real=0.13s
....[2802.395s][info][gc,start       ] GC(546) Pause Young (Concurrent Start) (G1 Evacuation Pause)
[2802.395s][info][gc,task        ] GC(546) Using 6 workers of 6 for evacuation
[2802.512s][info][gc,phases      ] GC(546)   Pre Evacuate Collection Set: 0.34ms
[2802.512s][info][gc,phases      ] GC(546)   Merge Heap Roots: 0.49ms
[2802.512s][info][gc,phases      ] GC(546)   Evacuate Collection Set: 114.80ms
[2802.512s][info][gc,phases      ] GC(546)   Post Evacuate Collection Set: 0.89ms
[2802.512s][info][gc,phases      ] GC(546)   Other: 0.13ms
[2802.512s][info][gc,heap        ] GC(546) Eden regions: 1116->0(1120)
[2802.512s][info][gc,heap        ] GC(546) Survivor regions: 112->108(154)
[2802.512s][info][gc,heap        ] GC(546) Old regions: 472->505
[2802.512s][info][gc,heap        ] GC(546) Humongous regions: 80->80
[2802.512s][info][gc,metaspace   ] GC(546) Metaspace: 28933K(29248K)->28933K(29248K) NonClass: 24055K(24192K)->24055K(24192K) Class: 4878K(5056K)->4878K(5056K)
[2802.512s][info][gc             ] GC(546) Pause Young (Concurrent Start) (G1 Evacuation Pause) 3558M->1383M(4096M) 116.784ms
[2802.512s][info][gc             ] GC(547) Concurrent Mark Cycle
[2802.512s][info][gc,marking     ] GC(547) Concurrent Scan Root Regions
[2802.512s][info][gc,cpu         ] GC(546) User=0.69s Sys=0.00s Real=0.12s
.[2802.684s][info][gc,marking     ] GC(547) Concurrent Scan Root Regions 171.809ms
[2802.684s][info][gc,marking     ] GC(547) Concurrent Mark
[2802.684s][info][gc,marking     ] GC(547) Concurrent Mark From Roots
[2802.684s][info][gc,task        ] GC(547) Using 2 workers of 2 for marking
[2803.397s][info][gc,marking     ] GC(547) Concurrent Mark From Roots 713.694ms
[2803.398s][info][gc,marking     ] GC(547) Concurrent Preclean
[2803.398s][info][gc,marking     ] GC(547) Concurrent Preclean 0.073ms
[2803.398s][info][gc,start       ] GC(547) Pause Remark
[2803.402s][info][gc             ] GC(547) Pause Remark 1909M->1909M(4096M) 4.383ms
[2803.402s][info][gc,cpu         ] GC(547) User=0.02s Sys=0.00s Real=0.00s
[2803.402s][info][gc,marking     ] GC(547) Concurrent Mark 718.447ms
[2803.402s][info][gc,marking     ] GC(547) Concurrent Rebuild Remembered Sets and Scrub Regions
.[2803.686s][info][gc,marking     ] GC(547) Concurrent Rebuild Remembered Sets and Scrub Regions 283.485ms
[2803.687s][info][gc,start       ] GC(547) Pause Cleanup
[2803.687s][info][gc             ] GC(547) Pause Cleanup 2085M->2085M(4096M) 0.122ms
[2803.687s][info][gc,cpu         ] GC(547) User=0.00s Sys=0.00s Real=0.00s
[2803.687s][info][gc,marking     ] GC(547) Concurrent Clear Claimed Marks
[2803.687s][info][gc,marking     ] GC(547) Concurrent Clear Claimed Marks 0.036ms
[2803.687s][info][gc,marking     ] GC(547) Concurrent Cleanup for Next Mark
[2803.692s][info][gc,marking     ] GC(547) Concurrent Cleanup for Next Mark 4.735ms
[2803.692s][info][gc             ] GC(547) Concurrent Mark Cycle 1180.363ms
...[2806.543s][info][gc,start       ] GC(548) Pause Young (Prepare Mixed) (G1 Evacuation Pause)
[2806.543s][info][gc,task        ] GC(548) Using 6 workers of 6 for evacuation
[2806.662s][info][gc,phases      ] GC(548)   Pre Evacuate Collection Set: 0.35ms
[2806.662s][info][gc,phases      ] GC(548)   Merge Heap Roots: 0.48ms
[2806.662s][info][gc,phases      ] GC(548)   Evacuate Collection Set: 117.44ms
[2806.662s][info][gc,phases      ] GC(548)   Post Evacuate Collection Set: 0.92ms
[2806.662s][info][gc,phases      ] GC(548)   Other: 0.08ms
[2806.662s][info][gc,heap        ] GC(548) Eden regions: 1120->0(1110)
[2806.662s][info][gc,heap        ] GC(548) Survivor regions: 108->110(154)
[2806.662s][info][gc,heap        ] GC(548) Old regions: 505->535
[2806.662s][info][gc,heap        ] GC(548) Humongous regions: 80->80
[2806.662s][info][gc,metaspace   ] GC(548) Metaspace: 28931K(29248K)->28931K(29248K) NonClass: 24053K(24192K)->24053K(24192K) Class: 4877K(5056K)->4877K(5056K)
[2806.662s][info][gc             ] GC(548) Pause Young (Prepare Mixed) (G1 Evacuation Pause) 3623M->1449M(4096M) 119.421ms
[2806.662s][info][gc,cpu         ] GC(548) User=0.70s Sys=0.00s Real=0.12s
....[2810.623s][info][gc,start       ] GC(549) Pause Young (Mixed) (G1 Evacuation Pause)
[2810.623s][info][gc,task        ] GC(549) Using 6 workers of 6 for evacuation
[2810.757s][info][gc,phases      ] GC(549)   Pre Evacuate Collection Set: 0.39ms
[2810.757s][info][gc,phases      ] GC(549)   Merge Heap Roots: 0.65ms
[2810.757s][info][gc,phases      ] GC(549)   Evacuate Collection Set: 131.27ms
[2810.757s][info][gc,phases      ] GC(549)   Post Evacuate Collection Set: 0.93ms
[2810.757s][info][gc,phases      ] GC(549)   Other: 0.09ms
[2810.757s][info][gc,heap        ] GC(549) Eden regions: 1110->0(1120)
[2810.757s][info][gc,heap        ] GC(549) Survivor regions: 110->108(153)
[2810.757s][info][gc,heap        ] GC(549) Old regions: 535->473
[2810.757s][info][gc,heap        ] GC(549) Humongous regions: 80->80
[2810.757s][info][gc,metaspace   ] GC(549) Metaspace: 28931K(29248K)->28931K(29248K) NonClass: 24053K(24192K)->24053K(24192K) Class: 4877K(5056K)->4877K(5056K)
[2810.757s][info][gc             ] GC(549) Pause Young (Mixed) (G1 Evacuation Pause) 3669M->1319M(4096M) 133.468ms
[2810.757s][info][gc,cpu         ] GC(549) User=0.79s Sys=0.00s Real=0.14s
....[2814.762s][info][gc,start       ] GC(550) Pause Young (Concurrent Start) (G1 Evacuation Pause)
[2814.762s][info][gc,task        ] GC(550) Using 6 workers of 6 for evacuation
[2814.877s][info][gc,phases      ] GC(550)   Pre Evacuate Collection Set: 0.37ms
[2814.877s][info][gc,phases      ] GC(550)   Merge Heap Roots: 0.43ms
[2814.877s][info][gc,phases      ] GC(550)   Evacuate Collection Set: 113.27ms
[2814.877s][info][gc,phases      ] GC(550)   Post Evacuate Collection Set: 0.88ms
[2814.877s][info][gc,phases      ] GC(550)   Other: 0.11ms
[2814.877s][info][gc,heap        ] GC(550) Eden regions: 1120->0(1120)
[2814.877s][info][gc,heap        ] GC(550) Survivor regions: 108->108(154)
[2814.877s][info][gc,heap        ] GC(550) Old regions: 473->505
[2814.877s][info][gc,heap        ] GC(550) Humongous regions: 80->80
[2814.877s][info][gc,metaspace   ] GC(550) Metaspace: 28931K(29248K)->28931K(29248K) NonClass: 24053K(24192K)->24053K(24192K) Class: 4877K(5056K)->4877K(5056K)
[2814.877s][info][gc             ] GC(550) Pause Young (Concurrent Start) (G1 Evacuation Pause) 3559M->1384M(4096M) 115.204ms
[2814.877s][info][gc             ] GC(551) Concurrent Mark Cycle
[2814.877s][info][gc,marking     ] GC(551) Concurrent Scan Root Regions
[2814.877s][info][gc,cpu         ] GC(550) User=0.68s Sys=0.01s Real=0.12s
[2815.019s][info][gc,marking     ] GC(551) Concurrent Scan Root Regions 142.597ms
[2815.019s][info][gc,marking     ] GC(551) Concurrent Mark
[2815.019s][info][gc,marking     ] GC(551) Concurrent Mark From Roots
[2815.019s][info][gc,task        ] GC(551) Using 2 workers of 2 for marking
.[2815.725s][info][gc,marking     ] GC(551) Concurrent Mark From Roots 706.045ms
[2815.726s][info][gc,marking     ] GC(551) Concurrent Preclean
[2815.726s][info][gc,marking     ] GC(551) Concurrent Preclean 0.071ms
[2815.726s][info][gc,start       ] GC(551) Pause Remark
[2815.730s][info][gc             ] GC(551) Pause Remark 1877M->1877M(4096M) 3.770ms
[2815.730s][info][gc,cpu         ] GC(551) User=0.02s Sys=0.00s Real=0.01s
[2815.730s][info][gc,marking     ] GC(551) Concurrent Mark 710.158ms
[2815.730s][info][gc,marking     ] GC(551) Concurrent Rebuild Remembered Sets and Scrub Regions
[2815.967s][info][gc,marking     ] GC(551) Concurrent Rebuild Remembered Sets and Scrub Regions 237.699ms
[2815.967s][info][gc,start       ] GC(551) Pause Cleanup
[2815.968s][info][gc             ] GC(551) Pause Cleanup 2020M->2020M(4096M) 0.098ms
[2815.968s][info][gc,cpu         ] GC(551) User=0.00s Sys=0.00s Real=0.00s
[2815.968s][info][gc,marking     ] GC(551) Concurrent Clear Claimed Marks
[2815.968s][info][gc,marking     ] GC(551) Concurrent Clear Claimed Marks 0.024ms
[2815.968s][info][gc,marking     ] GC(551) Concurrent Cleanup for Next Mark
[2815.971s][info][gc,marking     ] GC(551) Concurrent Cleanup for Next Mark 3.225ms
[2815.971s][info][gc             ] GC(551) Concurrent Mark Cycle 1094.111ms
...[2818.887s][info][gc,start       ] GC(552) Pause Young (Prepare Mixed) (G1 Evacuation Pause)
[2818.887s][info][gc,task        ] GC(552) Using 6 workers of 6 for evacuation
[2819.005s][info][gc,phases      ] GC(552)   Pre Evacuate Collection Set: 0.30ms
[2819.005s][info][gc,phases      ] GC(552)   Merge Heap Roots: 0.55ms
[2819.005s][info][gc,phases      ] GC(552)   Evacuate Collection Set: 116.79ms
[2819.005s][info][gc,phases      ] GC(552)   Post Evacuate Collection Set: 0.94ms
[2819.005s][info][gc,phases      ] GC(552)   Other: 0.08ms
[2819.005s][info][gc,heap        ] GC(552) Eden regions: 1120->0(1108)
[2819.005s][info][gc,heap        ] GC(552) Survivor regions: 108->110(154)
[2819.005s][info][gc,heap        ] GC(552) Old regions: 505->537
[2819.005s][info][gc,heap        ] GC(552) Humongous regions: 80->80
[2819.005s][info][gc,metaspace   ] GC(552) Metaspace: 28931K(29248K)->28931K(29248K) NonClass: 24053K(24192K)->24053K(24192K) Class: 4877K(5056K)->4877K(5056K)
[2819.005s][info][gc             ] GC(552) Pause Young (Prepare Mixed) (G1 Evacuation Pause) 3624M->1452M(4096M) 118.785ms
[2819.006s][info][gc,cpu         ] GC(552) User=0.70s Sys=0.00s Real=0.12s
....[2822.972s][info][gc,start       ] GC(553) Pause Young (Mixed) (G1 Evacuation Pause)
[2822.972s][info][gc,task        ] GC(553) Using 6 workers of 6 for evacuation
[2823.108s][info][gc,phases      ] GC(553)   Pre Evacuate Collection Set: 0.37ms
[2823.108s][info][gc,phases      ] GC(553)   Merge Heap Roots: 0.78ms
[2823.108s][info][gc,phases      ] GC(553)   Evacuate Collection Set: 133.56ms
[2823.108s][info][gc,phases      ] GC(553)   Post Evacuate Collection Set: 0.95ms
[2823.108s][info][gc,phases      ] GC(553)   Other: 0.09ms
[2823.108s][info][gc,heap        ] GC(553) Eden regions: 1108->0(1120)
[2823.108s][info][gc,heap        ] GC(553) Survivor regions: 110->108(153)
[2823.108s][info][gc,heap        ] GC(553) Old regions: 537->472
[2823.108s][info][gc,heap        ] GC(553) Humongous regions: 80->80
[2823.108s][info][gc,metaspace   ] GC(553) Metaspace: 28931K(29248K)->28931K(29248K) NonClass: 24053K(24192K)->24053K(24192K) Class: 4877K(5056K)->4877K(5056K)
[2823.108s][info][gc             ] GC(553) Pause Young (Mixed) (G1 Evacuation Pause) 3668M->1317M(4096M) 135.893ms
[2823.108s][info][gc,cpu         ] GC(553) User=0.80s Sys=0.01s Real=0.14s
....[2827.110s][info][gc,start       ] GC(554) Pause Young (Concurrent Start) (G1 Evacuation Pause)
[2827.111s][info][gc,task        ] GC(554) Using 6 workers of 6 for evacuation
[2827.227s][info][gc,phases      ] GC(554)   Pre Evacuate Collection Set: 0.37ms
[2827.227s][info][gc,phases      ] GC(554)   Merge Heap Roots: 0.42ms
[2827.227s][info][gc,phases      ] GC(554)   Evacuate Collection Set: 114.45ms
[2827.227s][info][gc,phases      ] GC(554)   Post Evacuate Collection Set: 0.88ms
[2827.227s][info][gc,phases      ] GC(554)   Other: 0.12ms
[2827.227s][info][gc,heap        ] GC(554) Eden regions: 1120->0(1119)
[2827.227s][info][gc,heap        ] GC(554) Survivor regions: 108->109(154)
[2827.227s][info][gc,heap        ] GC(554) Old regions: 472->503
[2827.227s][info][gc,heap        ] GC(554) Humongous regions: 80->80
[2827.227s][info][gc,metaspace   ] GC(554) Metaspace: 28931K(29248K)->28931K(29248K) NonClass: 24053K(24192K)->24053K(24192K) Class: 4877K(5056K)->4877K(5056K)
[2827.227s][info][gc             ] GC(554) Pause Young (Concurrent Start) (G1 Evacuation Pause) 3557M->1382M(4096M) 116.378ms
[2827.227s][info][gc             ] GC(555) Concurrent Mark Cycle
[2827.227s][info][gc,marking     ] GC(555) Concurrent Scan Root Regions
[2827.227s][info][gc,cpu         ] GC(554) User=0.69s Sys=0.00s Real=0.12s
[2827.368s][info][gc,marking     ] GC(555) Concurrent Scan Root Regions 141.306ms
[2827.368s][info][gc,marking     ] GC(555) Concurrent Mark
[2827.368s][info][gc,marking     ] GC(555) Concurrent Mark From Roots
[2827.368s][info][gc,task        ] GC(555) Using 2 workers of 2 for marking
.[2827.994s][info][gc,marking     ] GC(555) Concurrent Mark From Roots 625.940ms
[2827.994s][info][gc,marking     ] GC(555) Concurrent Preclean
[2827.994s][info][gc,marking     ] GC(555) Concurrent Preclean 0.099ms
[2827.994s][info][gc,start       ] GC(555) Pause Remark
[2827.997s][info][gc             ] GC(555) Pause Remark 1849M->1849M(4096M) 2.976ms
[2827.998s][info][gc,cpu         ] GC(555) User=0.02s Sys=0.00s Real=0.01s
[2827.998s][info][gc,marking     ] GC(555) Concurrent Mark 629.278ms
[2827.998s][info][gc,marking     ] GC(555) Concurrent Rebuild Remembered Sets and Scrub Regions
[2828.229s][info][gc,marking     ] GC(555) Concurrent Rebuild Remembered Sets and Scrub Regions 231.228ms
[2828.229s][info][gc,start       ] GC(555) Pause Cleanup
[2828.229s][info][gc             ] GC(555) Pause Cleanup 1959M->1959M(4096M) 0.111ms
[2828.229s][info][gc,cpu         ] GC(555) User=0.00s Sys=0.00s Real=0.00s
[2828.229s][info][gc,marking     ] GC(555) Concurrent Clear Claimed Marks
[2828.229s][info][gc,marking     ] GC(555) Concurrent Clear Claimed Marks 0.041ms
[2828.229s][info][gc,marking     ] GC(555) Concurrent Cleanup for Next Mark
[2828.232s][info][gc,marking     ] GC(555) Concurrent Cleanup for Next Mark 3.324ms
[2828.233s][info][gc             ] GC(555) Concurrent Mark Cycle 1005.664ms
...[2831.238s][info][gc,start       ] GC(556) Pause Young (Prepare Mixed) (G1 Evacuation Pause)
[2831.238s][info][gc,task        ] GC(556) Using 6 workers of 6 for evacuation
[2831.356s][info][gc,phases      ] GC(556)   Pre Evacuate Collection Set: 0.33ms
[2831.357s][info][gc,phases      ] GC(556)   Merge Heap Roots: 0.51ms
[2831.357s][info][gc,phases      ] GC(556)   Evacuate Collection Set: 116.86ms
[2831.357s][info][gc,phases      ] GC(556)   Post Evacuate Collection Set: 0.94ms
[2831.357s][info][gc,phases      ] GC(556)   Other: 0.09ms
[2831.357s][info][gc,heap        ] GC(556) Eden regions: 1119->0(1108)
[2831.357s][info][gc,heap        ] GC(556) Survivor regions: 109->111(154)
[2831.357s][info][gc,heap        ] GC(556) Old regions: 503->535
[2831.357s][info][gc,heap        ] GC(556) Humongous regions: 80->80
[2831.357s][info][gc,metaspace   ] GC(556) Metaspace: 28931K(29248K)->28931K(29248K) NonClass: 24053K(24192K)->24053K(24192K) Class: 4877K(5056K)->4877K(5056K)
[2831.357s][info][gc             ] GC(556) Pause Young (Prepare Mixed) (G1 Evacuation Pause) 3620M->1451M(4096M) 118.864ms
[2831.357s][info][gc,cpu         ] GC(556) User=0.70s Sys=0.00s Real=0.11s
....[2835.399s][info][gc,start       ] GC(557) Pause Young (Mixed) (G1 Evacuation Pause)
[2835.399s][info][gc,task        ] GC(557) Using 6 workers of 6 for evacuation
[2835.532s][info][gc,phases      ] GC(557)   Pre Evacuate Collection Set: 0.37ms
[2835.532s][info][gc,phases      ] GC(557)   Merge Heap Roots: 0.67ms
[2835.532s][info][gc,phases      ] GC(557)   Evacuate Collection Set: 130.55ms
[2835.532s][info][gc,phases      ] GC(557)   Post Evacuate Collection Set: 0.96ms
[2835.532s][info][gc,phases      ] GC(557)   Other: 0.09ms
[2835.532s][info][gc,heap        ] GC(557) Eden regions: 1108->0(1120)
[2835.532s][info][gc,heap        ] GC(557) Survivor regions: 111->108(153)
[2835.532s][info][gc,heap        ] GC(557) Old regions: 535->473
[2835.532s][info][gc,heap        ] GC(557) Humongous regions: 80->80
[2835.532s][info][gc,metaspace   ] GC(557) Metaspace: 28931K(29248K)->28931K(29248K) NonClass: 24053K(24192K)->24053K(24192K) Class: 4877K(5056K)->4877K(5056K)
[2835.532s][info][gc             ] GC(557) Pause Young (Mixed) (G1 Evacuation Pause) 3667M->1320M(4096M) 132.772ms
[2835.532s][info][gc,cpu         ] GC(557) User=0.79s Sys=0.00s Real=0.13s
... (rIR:aIR:PR = 4566:4568:4568) (tPR = 67552) [OK] 
  2837s: Performance info:
         Transaction,    Success,    Partial,     Failed,   Receipts, AvgBarcode, 
             Overall,     277396,          0,          0,     263521,      59.48, 
         Response times:
             Request,    Success,    Partial,     Failed,   SkipFail,     Probes,    Samples,      min,      p50,      p90,      p95,      p99,      max, 
       TotalPurchase,     263520,          0,          0,          0,     258558,     275737,      300,     3600,     6500,    10900,    50000,   222000,
     InStorePurchase,     138628,          0,          0,          0,     136276,     145094,      300,     3500,     6400,    10600,    49000,   222000,
      OnlinePurchase,      97162,          0,          0,          0,      95224,     101567,      300,     3700,     6500,    11300,    50000,   222000,
        InstPurchase,      27730,          0,          0,          0,      27058,      29076,      400,     3800,     6600,    10700,    52000,   183000,
          AssocOfCat,        276,          0,          0,          0,        220,        289,    19400,    29000,    41000,    60500,   164300,   188000,
      AssocOfProduct,       2787,          0,          0,          0,       2597,       2945,      300,     3500,     6600,    11370,    46540,   171000,
      BusinessReport,        696,          0,          0,          0,        606,        756,    23000,    33000,    52000,    73000,   163580,   204000,
          CustBuyBeh,       2769,          0,          0,          0,       2553,       2932,      500,     4100,     6700,    14305,    52340,   138000,
       ProductReturn,       7347,          0,          0,          0,       6947,       7663,      200,     3100,     6200,     9300,    46000,   156000,

  2837s: (34%)   IR =   4705 .[2839.344s][info][gc,start       ] GC(558) Pause Young (Concurrent Start) (G1 Evacuation Pause)
[2839.344s][info][gc,task        ] GC(558) Using 6 workers of 6 for evacuation
[2839.463s][info][gc,phases      ] GC(558)   Pre Evacuate Collection Set: 0.36ms
[2839.463s][info][gc,phases      ] GC(558)   Merge Heap Roots: 0.51ms
[2839.463s][info][gc,phases      ] GC(558)   Evacuate Collection Set: 116.83ms
[2839.463s][info][gc,phases      ] GC(558)   Post Evacuate Collection Set: 0.89ms
[2839.463s][info][gc,phases      ] GC(558)   Other: 0.10ms
[2839.463s][info][gc,heap        ] GC(558) Eden regions: 1120->0(1117)
[2839.463s][info][gc,heap        ] GC(558) Survivor regions: 108->111(154)
[2839.463s][info][gc,heap        ] GC(558) Old regions: 473->505
[2839.463s][info][gc,heap        ] GC(558) Humongous regions: 80->80
[2839.463s][info][gc,metaspace   ] GC(558) Metaspace: 28931K(29248K)->28931K(29248K) NonClass: 24053K(24192K)->24053K(24192K) Class: 4877K(5056K)->4877K(5056K)
[2839.463s][info][gc             ] GC(558) Pause Young (Concurrent Start) (G1 Evacuation Pause) 3560M->1390M(4096M) 118.849ms
[2839.463s][info][gc             ] GC(559) Concurrent Mark Cycle
[2839.463s][info][gc,marking     ] GC(559) Concurrent Scan Root Regions
[2839.463s][info][gc,cpu         ] GC(558) User=0.70s Sys=0.00s Real=0.12s
.[2839.604s][info][gc,marking     ] GC(559) Concurrent Scan Root Regions 140.635ms
[2839.604s][info][gc,marking     ] GC(559) Concurrent Mark
[2839.604s][info][gc,marking     ] GC(559) Concurrent Mark From Roots
[2839.604s][info][gc,task        ] GC(559) Using 2 workers of 2 for marking
[2840.254s][info][gc,marking     ] GC(559) Concurrent Mark From Roots 650.338ms
[2840.254s][info][gc,marking     ] GC(559) Concurrent Preclean
[2840.254s][info][gc,marking     ] GC(559) Concurrent Preclean 0.101ms
[2840.254s][info][gc,start       ] GC(559) Pause Remark
[2840.258s][info][gc             ] GC(559) Pause Remark 1896M->1896M(4096M) 3.384ms
[2840.258s][info][gc,cpu         ] GC(559) User=0.01s Sys=0.00s Real=0.01s
[2840.258s][info][gc,marking     ] GC(559) Concurrent Mark 654.070ms
[2840.258s][info][gc,marking     ] GC(559) Concurrent Rebuild Remembered Sets and Scrub Regions
.[2840.609s][info][gc,marking     ] GC(559) Concurrent Rebuild Remembered Sets and Scrub Regions 350.562ms
[2840.609s][info][gc,start       ] GC(559) Pause Cleanup
[2840.609s][info][gc             ] GC(559) Pause Cleanup 2085M->2085M(4096M) 0.112ms
[2840.609s][info][gc,cpu         ] GC(559) User=0.00s Sys=0.00s Real=0.00s
[2840.609s][info][gc,marking     ] GC(559) Concurrent Clear Claimed Marks
[2840.609s][info][gc,marking     ] GC(559) Concurrent Clear Claimed Marks 0.022ms
[2840.609s][info][gc,marking     ] GC(559) Concurrent Cleanup for Next Mark
[2840.612s][info][gc,marking     ] GC(559) Concurrent Cleanup for Next Mark 3.411ms
[2840.612s][info][gc             ] GC(559) Concurrent Mark Cycle 1149.063ms
..|[2843.456s][info][gc,start       ] GC(560) Pause Young (Prepare Mixed) (G1 Evacuation Pause)
[2843.456s][info][gc,task        ] GC(560) Using 6 workers of 6 for evacuation
[2843.570s][info][gc,phases      ] GC(560)   Pre Evacuate Collection Set: 0.34ms
[2843.570s][info][gc,phases      ] GC(560)   Merge Heap Roots: 0.47ms
[2843.570s][info][gc,phases      ] GC(560)   Evacuate Collection Set: 112.46ms
[2843.570s][info][gc,phases      ] GC(560)   Post Evacuate Collection Set: 0.99ms
[2843.570s][info][gc,phases      ] GC(560)   Other: 0.08ms
[2843.570s][info][gc,heap        ] GC(560) Eden regions: 1117->0(1114)
[2843.570s][info][gc,heap        ] GC(560) Survivor regions: 111->107(154)
[2843.570s][info][gc,heap        ] GC(560) Old regions: 505->537
[2843.570s][info][gc,heap        ] GC(560) Humongous regions: 80->80
[2843.570s][info][gc,metaspace   ] GC(560) Metaspace: 28931K(29248K)->28931K(29248K) NonClass: 24053K(24192K)->24053K(24192K) Class: 4877K(5056K)->4877K(5056K)
[2843.570s][info][gc             ] GC(560) Pause Young (Prepare Mixed) (G1 Evacuation Pause) 3624M->1447M(4096M) 114.503ms
[2843.570s][info][gc,cpu         ] GC(560) User=0.67s Sys=0.00s Real=0.12s
....[2847.361s][info][gc,start       ] GC(561) Pause Young (Mixed) (G1 Evacuation Pause)
[2847.362s][info][gc,task        ] GC(561) Using 6 workers of 6 for evacuation
[2847.488s][info][gc,phases      ] GC(561)   Pre Evacuate Collection Set: 0.38ms
[2847.488s][info][gc,phases      ] GC(561)   Merge Heap Roots: 0.65ms
[2847.488s][info][gc,phases      ] GC(561)   Evacuate Collection Set: 124.77ms
[2847.488s][info][gc,phases      ] GC(561)   Post Evacuate Collection Set: 0.97ms
[2847.488s][info][gc,phases      ] GC(561)   Other: 0.09ms
[2847.488s][info][gc,heap        ] GC(561) Eden regions: 1114->0(1121)
[2847.488s][info][gc,heap        ] GC(561) Survivor regions: 107->107(153)
[2847.488s][info][gc,heap        ] GC(561) Old regions: 537->473
[2847.488s][info][gc,heap        ] GC(561) Humongous regions: 80->80
[2847.488s][info][gc,metaspace   ] GC(561) Metaspace: 28931K(29248K)->28931K(29248K) NonClass: 24053K(24192K)->24053K(24192K) Class: 4877K(5056K)->4877K(5056K)
[2847.488s][info][gc             ] GC(561) Pause Young (Mixed) (G1 Evacuation Pause) 3675M->1319M(4096M) 126.974ms
[2847.488s][info][gc,cpu         ] GC(561) User=0.75s Sys=0.00s Real=0.13s
....[2851.374s][info][gc,start       ] GC(562) Pause Young (Concurrent Start) (G1 Evacuation Pause)
[2851.374s][info][gc,task        ] GC(562) Using 6 workers of 6 for evacuation
[2851.491s][info][gc,phases      ] GC(562)   Pre Evacuate Collection Set: 0.39ms
[2851.491s][info][gc,phases      ] GC(562)   Merge Heap Roots: 0.47ms
[2851.491s][info][gc,phases      ] GC(562)   Evacuate Collection Set: 114.65ms
[2851.491s][info][gc,phases      ] GC(562)   Post Evacuate Collection Set: 0.89ms
[2851.491s][info][gc,phases      ] GC(562)   Other: 0.12ms
[2851.491s][info][gc,heap        ] GC(562) Eden regions: 1121->0(1120)
[2851.491s][info][gc,heap        ] GC(562) Survivor regions: 107->108(154)
[2851.491s][info][gc,heap        ] GC(562) Old regions: 473->506
[2851.491s][info][gc,heap        ] GC(562) Humongous regions: 80->80
[2851.491s][info][gc,metaspace   ] GC(562) Metaspace: 28931K(29248K)->28931K(29248K) NonClass: 24053K(24192K)->24053K(24192K) Class: 4877K(5056K)->4877K(5056K)
[2851.491s][info][gc             ] GC(562) Pause Young (Concurrent Start) (G1 Evacuation Pause) 3561M->1387M(4096M) 116.668ms
[2851.491s][info][gc             ] GC(563) Concurrent Mark Cycle
[2851.491s][info][gc,marking     ] GC(563) Concurrent Scan Root Regions
[2851.491s][info][gc,cpu         ] GC(562) User=0.69s Sys=0.00s Real=0.12s
.[2851.667s][info][gc,marking     ] GC(563) Concurrent Scan Root Regions 176.224ms
[2851.667s][info][gc,marking     ] GC(563) Concurrent Mark
[2851.667s][info][gc,marking     ] GC(563) Concurrent Mark From Roots
[2851.667s][info][gc,task        ] GC(563) Using 2 workers of 2 for marking
[2852.613s][info][gc,marking     ] GC(563) Concurrent Mark From Roots 946.195ms
[2852.613s][info][gc,marking     ] GC(563) Concurrent Preclean
[2852.613s][info][gc,marking     ] GC(563) Concurrent Preclean 0.089ms
[2852.613s][info][gc,start       ] GC(563) Pause Remark
[2852.617s][info][gc             ] GC(563) Pause Remark 2075M->2075M(4096M) 3.666ms
[2852.617s][info][gc,cpu         ] GC(563) User=0.02s Sys=0.01s Real=0.01s
[2852.617s][info][gc,marking     ] GC(563) Concurrent Mark 950.230ms
[2852.617s][info][gc,marking     ] GC(563) Concurrent Rebuild Remembered Sets and Scrub Regions
.[2852.870s][info][gc,marking     ] GC(563) Concurrent Rebuild Remembered Sets and Scrub Regions 252.402ms
[2852.870s][info][gc,start       ] GC(563) Pause Cleanup
[2852.870s][info][gc             ] GC(563) Pause Cleanup 2204M->2204M(4096M) 0.102ms
[2852.870s][info][gc,cpu         ] GC(563) User=0.00s Sys=0.00s Real=0.00s
[2852.870s][info][gc,marking     ] GC(563) Concurrent Clear Claimed Marks
[2852.870s][info][gc,marking     ] GC(563) Concurrent Clear Claimed Marks 0.024ms
[2852.870s][info][gc,marking     ] GC(563) Concurrent Cleanup for Next Mark
[2852.873s][info][gc,marking     ] GC(563) Concurrent Cleanup for Next Mark 3.437ms
[2852.873s][info][gc             ] GC(563) Concurrent Mark Cycle 1382.702ms
..[2855.397s][info][gc,start       ] GC(564) Pause Young (Prepare Mixed) (G1 Evacuation Pause)
[2855.397s][info][gc,task        ] GC(564) Using 6 workers of 6 for evacuation
[2855.513s][info][gc,phases      ] GC(564)   Pre Evacuate Collection Set: 0.32ms
[2855.513s][info][gc,phases      ] GC(564)   Merge Heap Roots: 0.51ms
[2855.513s][info][gc,phases      ] GC(564)   Evacuate Collection Set: 114.18ms
[2855.513s][info][gc,phases      ] GC(564)   Post Evacuate Collection Set: 0.96ms
[2855.513s][info][gc,phases      ] GC(564)   Other: 0.08ms
[2855.513s][info][gc,heap        ] GC(564) Eden regions: 1120->0(1108)
[2855.513s][info][gc,heap        ] GC(564) Survivor regions: 108->110(154)
[2855.513s][info][gc,heap        ] GC(564) Old regions: 506->537
[2855.513s][info][gc,heap        ] GC(564) Humongous regions: 80->80
[2855.513s][info][gc,metaspace   ] GC(564) Metaspace: 28933K(29248K)->28933K(29248K) NonClass: 24055K(24192K)->24055K(24192K) Class: 4877K(5056K)->4877K(5056K)
[2855.513s][info][gc             ] GC(564) Pause Young (Prepare Mixed) (G1 Evacuation Pause) 3627M->1451M(4096M) 116.192ms
[2855.513s][info][gc,cpu         ] GC(564) User=0.69s Sys=0.00s Real=0.11s
....[2859.377s][info][gc,start       ] GC(565) Pause Young (Mixed) (G1 Evacuation Pause)
[2859.377s][info][gc,task        ] GC(565) Using 6 workers of 6 for evacuation
[2859.515s][info][gc,phases      ] GC(565)   Pre Evacuate Collection Set: 0.34ms
[2859.515s][info][gc,phases      ] GC(565)   Merge Heap Roots: 0.69ms
[2859.515s][info][gc,phases      ] GC(565)   Evacuate Collection Set: 135.73ms
[2859.515s][info][gc,phases      ] GC(565)   Post Evacuate Collection Set: 0.92ms
[2859.515s][info][gc,phases      ] GC(565)   Other: 0.08ms
[2859.515s][info][gc,heap        ] GC(565) Eden regions: 1108->0(1117)
[2859.515s][info][gc,heap        ] GC(565) Survivor regions: 110->111(153)
[2859.515s][info][gc,heap        ] GC(565) Old regions: 537->472
[2859.515s][info][gc,heap        ] GC(565) Humongous regions: 80->80
[2859.515s][info][gc,metaspace   ] GC(565) Metaspace: 28933K(29248K)->28933K(29248K) NonClass: 24055K(24192K)->24055K(24192K) Class: 4877K(5056K)->4877K(5056K)
[2859.515s][info][gc             ] GC(565) Pause Young (Mixed) (G1 Evacuation Pause) 3667M->1323M(4096M) 137.889ms
[2859.515s][info][gc,cpu         ] GC(565) User=0.82s Sys=0.00s Real=0.13s
....[2863.428s][info][gc,start       ] GC(566) Pause Young (Concurrent Start) (G1 Evacuation Pause)
[2863.428s][info][gc,task        ] GC(566) Using 6 workers of 6 for evacuation
[2863.545s][info][gc,phases      ] GC(566)   Pre Evacuate Collection Set: 0.37ms
[2863.545s][info][gc,phases      ] GC(566)   Merge Heap Roots: 0.45ms
[2863.545s][info][gc,phases      ] GC(566)   Evacuate Collection Set: 114.57ms
[2863.545s][info][gc,phases      ] GC(566)   Post Evacuate Collection Set: 0.90ms
[2863.545s][info][gc,phases      ] GC(566)   Other: 0.13ms
[2863.545s][info][gc,heap        ] GC(566) Eden regions: 1117->0(1120)
[2863.545s][info][gc,heap        ] GC(566) Survivor regions: 111->108(154)
[2863.545s][info][gc,heap        ] GC(566) Old regions: 472->504
[2863.545s][info][gc,heap        ] GC(566) Humongous regions: 80->80
[2863.545s][info][gc,metaspace   ] GC(566) Metaspace: 28933K(29248K)->28933K(29248K) NonClass: 24055K(24192K)->24055K(24192K) Class: 4877K(5056K)->4877K(5056K)
[2863.545s][info][gc             ] GC(566) Pause Young (Concurrent Start) (G1 Evacuation Pause) 3557M->1382M(4096M) 116.532ms
[2863.545s][info][gc             ] GC(567) Concurrent Mark Cycle
[2863.545s][info][gc,marking     ] GC(567) Concurrent Scan Root Regions
[2863.545s][info][gc,cpu         ] GC(566) User=0.69s Sys=0.00s Real=0.11s
.[2863.693s][info][gc,marking     ] GC(567) Concurrent Scan Root Regions 147.576ms
[2863.693s][info][gc,marking     ] GC(567) Concurrent Mark
[2863.693s][info][gc,marking     ] GC(567) Concurrent Mark From Roots
[2863.693s][info][gc,task        ] GC(567) Using 2 workers of 2 for marking
[2864.325s][info][gc,marking     ] GC(567) Concurrent Mark From Roots 632.738ms
[2864.325s][info][gc,marking     ] GC(567) Concurrent Preclean
[2864.325s][info][gc,marking     ] GC(567) Concurrent Preclean 0.071ms
[2864.326s][info][gc,start       ] GC(567) Pause Remark
[2864.329s][info][gc             ] GC(567) Pause Remark 1891M->1891M(4096M) 3.707ms
[2864.329s][info][gc,cpu         ] GC(567) User=0.02s Sys=0.00s Real=0.01s
[2864.329s][info][gc,marking     ] GC(567) Concurrent Mark 636.786ms
[2864.329s][info][gc,marking     ] GC(567) Concurrent Rebuild Remembered Sets and Scrub Regions
[2864.565s][info][gc,marking     ] GC(567) Concurrent Rebuild Remembered Sets and Scrub Regions 235.962ms
[2864.566s][info][gc,start       ] GC(567) Pause Cleanup
[2864.566s][info][gc             ] GC(567) Pause Cleanup 2036M->2036M(4096M) 0.103ms
[2864.566s][info][gc,cpu         ] GC(567) User=0.00s Sys=0.00s Real=0.00s
[2864.566s][info][gc,marking     ] GC(567) Concurrent Clear Claimed Marks
[2864.566s][info][gc,marking     ] GC(567) Concurrent Clear Claimed Marks 0.025ms
[2864.566s][info][gc,marking     ] GC(567) Concurrent Cleanup for Next Mark
[2864.569s][info][gc,marking     ] GC(567) Concurrent Cleanup for Next Mark 3.251ms
[2864.569s][info][gc             ] GC(567) Concurrent Mark Cycle 1024.068ms
...[2867.404s][info][gc,start       ] GC(568) Pause Young (Prepare Mixed) (G1 Evacuation Pause)
[2867.404s][info][gc,task        ] GC(568) Using 6 workers of 6 for evacuation
[2867.519s][info][gc,phases      ] GC(568)   Pre Evacuate Collection Set: 0.37ms
[2867.519s][info][gc,phases      ] GC(568)   Merge Heap Roots: 0.49ms
[2867.519s][info][gc,phases      ] GC(568)   Evacuate Collection Set: 112.63ms
[2867.519s][info][gc,phases      ] GC(568)   Post Evacuate Collection Set: 0.92ms
[2867.519s][info][gc,phases      ] GC(568)   Other: 0.09ms
[2867.519s][info][gc,heap        ] GC(568) Eden regions: 1120->0(1113)
[2867.519s][info][gc,heap        ] GC(568) Survivor regions: 108->108(154)
[2867.519s][info][gc,heap        ] GC(568) Old regions: 504->536
[2867.519s][info][gc,heap        ] GC(568) Humongous regions: 80->80
[2867.519s][info][gc,metaspace   ] GC(568) Metaspace: 28933K(29248K)->28933K(29248K) NonClass: 24055K(24192K)->24055K(24192K) Class: 4877K(5056K)->4877K(5056K)
[2867.519s][info][gc             ] GC(568) Pause Young (Prepare Mixed) (G1 Evacuation Pause) 3622M->1445M(4096M) 114.651ms
[2867.519s][info][gc,cpu         ] GC(568) User=0.68s Sys=0.00s Real=0.12s
....[2871.398s][info][gc,start       ] GC(569) Pause Young (Mixed) (G1 Evacuation Pause)
[2871.398s][info][gc,task        ] GC(569) Using 6 workers of 6 for evacuation
[2871.532s][info][gc,phases      ] GC(569)   Pre Evacuate Collection Set: 0.34ms
[2871.532s][info][gc,phases      ] GC(569)   Merge Heap Roots: 0.72ms
[2871.532s][info][gc,phases      ] GC(569)   Evacuate Collection Set: 132.38ms
[2871.532s][info][gc,phases      ] GC(569)   Post Evacuate Collection Set: 0.96ms
[2871.532s][info][gc,phases      ] GC(569)   Other: 0.09ms
[2871.532s][info][gc,heap        ] GC(569) Eden regions: 1113->0(1118)
[2871.532s][info][gc,heap        ] GC(569) Survivor regions: 108->110(153)
[2871.532s][info][gc,heap        ] GC(569) Old regions: 536->474
[2871.532s][info][gc,heap        ] GC(569) Humongous regions: 80->80
[2871.532s][info][gc,metaspace   ] GC(569) Metaspace: 28933K(29248K)->28933K(29248K) NonClass: 24055K(24192K)->24055K(24192K) Class: 4877K(5056K)->4877K(5056K)
[2871.532s][info][gc             ] GC(569) Pause Young (Mixed) (G1 Evacuation Pause) 3671M->1326M(4096M) 134.614ms
[2871.532s][info][gc,cpu         ] GC(569) User=0.79s Sys=0.00s Real=0.13s
....[2875.417s][info][gc,start       ] GC(570) Pause Young (Concurrent Start) (G1 Evacuation Pause)
[2875.417s][info][gc,task        ] GC(570) Using 6 workers of 6 for evacuation
[2875.532s][info][gc,phases      ] GC(570)   Pre Evacuate Collection Set: 0.41ms
[2875.532s][info][gc,phases      ] GC(570)   Merge Heap Roots: 0.42ms
[2875.532s][info][gc,phases      ] GC(570)   Evacuate Collection Set: 113.31ms
[2875.532s][info][gc,phases      ] GC(570)   Post Evacuate Collection Set: 0.88ms
[2875.532s][info][gc,phases      ] GC(570)   Other: 0.11ms
[2875.532s][info][gc,heap        ] GC(570) Eden regions: 1118->0(1121)
[2875.532s][info][gc,heap        ] GC(570) Survivor regions: 110->107(154)
[2875.532s][info][gc,heap        ] GC(570) Old regions: 474->505
[2875.532s][info][gc,heap        ] GC(570) Humongous regions: 80->80
[2875.532s][info][gc,metaspace   ] GC(570) Metaspace: 28933K(29248K)->28933K(29248K) NonClass: 24055K(24192K)->24055K(24192K) Class: 4877K(5056K)->4877K(5056K)
[2875.532s][info][gc             ] GC(570) Pause Young (Concurrent Start) (G1 Evacuation Pause) 3562M->1382M(4096M) 115.265ms
[2875.532s][info][gc             ] GC(571) Concurrent Mark Cycle
[2875.532s][info][gc,marking     ] GC(571) Concurrent Scan Root Regions
[2875.532s][info][gc,cpu         ] GC(570) User=0.68s Sys=0.00s Real=0.12s
.[2875.663s][info][gc,marking     ] GC(571) Concurrent Scan Root Regions 131.044ms
[2875.663s][info][gc,marking     ] GC(571) Concurrent Mark
[2875.663s][info][gc,marking     ] GC(571) Concurrent Mark From Roots
[2875.663s][info][gc,task        ] GC(571) Using 2 workers of 2 for marking
[2876.283s][info][gc,marking     ] GC(571) Concurrent Mark From Roots 620.430ms
[2876.284s][info][gc,marking     ] GC(571) Concurrent Preclean
[2876.284s][info][gc,marking     ] GC(571) Concurrent Preclean 0.084ms
[2876.284s][info][gc,start       ] GC(571) Pause Remark
[2876.288s][info][gc             ] GC(571) Pause Remark 1842M->1842M(4096M) 3.534ms
[2876.288s][info][gc,cpu         ] GC(571) User=0.02s Sys=0.00s Real=0.01s
[2876.289s][info][gc,marking     ] GC(571) Concurrent Mark 625.597ms
[2876.289s][info][gc,marking     ] GC(571) Concurrent Rebuild Remembered Sets and Scrub Regions
[2876.527s][info][gc,marking     ] GC(571) Concurrent Rebuild Remembered Sets and Scrub Regions 238.576ms
[2876.529s][info][gc,start       ] GC(571) Pause Cleanup
[2876.529s][info][gc             ] GC(571) Pause Cleanup 1990M->1990M(4096M) 0.150ms
[2876.529s][info][gc,cpu         ] GC(571) User=0.00s Sys=0.00s Real=0.00s
[2876.529s][info][gc,marking     ] GC(571) Concurrent Clear Claimed Marks
[2876.529s][info][gc,marking     ] GC(571) Concurrent Clear Claimed Marks 0.041ms
[2876.529s][info][gc,marking     ] GC(571) Concurrent Cleanup for Next Mark
[2876.533s][info][gc,marking     ] GC(571) Concurrent Cleanup for Next Mark 3.943ms
[2876.533s][info][gc             ] GC(571) Concurrent Mark Cycle 1001.378ms
...[2879.378s][info][gc,start       ] GC(572) Pause Young (Prepare Mixed) (G1 Evacuation Pause)
[2879.378s][info][gc,task        ] GC(572) Using 6 workers of 6 for evacuation
[2879.492s][info][gc,phases      ] GC(572)   Pre Evacuate Collection Set: 0.34ms
[2879.493s][info][gc,phases      ] GC(572)   Merge Heap Roots: 0.49ms
[2879.493s][info][gc,phases      ] GC(572)   Evacuate Collection Set: 113.06ms
[2879.493s][info][gc,phases      ] GC(572)   Post Evacuate Collection Set: 0.89ms
[2879.493s][info][gc,phases      ] GC(572)   Other: 0.09ms
[2879.493s][info][gc,heap        ] GC(572) Eden regions: 1121->0(1113)
[2879.493s][info][gc,heap        ] GC(572) Survivor regions: 107->108(154)
[2879.493s][info][gc,heap        ] GC(572) Old regions: 505->536
[2879.493s][info][gc,heap        ] GC(572) Humongous regions: 80->80
[2879.493s][info][gc,metaspace   ] GC(572) Metaspace: 28933K(29248K)->28933K(29248K) NonClass: 24055K(24192K)->24055K(24192K) Class: 4877K(5056K)->4877K(5056K)
[2879.493s][info][gc             ] GC(572) Pause Young (Prepare Mixed) (G1 Evacuation Pause) 3624M->1446M(4096M) 115.018ms
[2879.493s][info][gc,cpu         ] GC(572) User=0.68s Sys=0.00s Real=0.11s
....[2883.372s][info][gc,start       ] GC(573) Pause Young (Mixed) (G1 Evacuation Pause)
[2883.372s][info][gc,task        ] GC(573) Using 6 workers of 6 for evacuation
[2883.503s][info][gc,phases      ] GC(573)   Pre Evacuate Collection Set: 0.37ms
[2883.503s][info][gc,phases      ] GC(573)   Merge Heap Roots: 0.64ms
[2883.503s][info][gc,phases      ] GC(573)   Evacuate Collection Set: 128.42ms
[2883.503s][info][gc,phases      ] GC(573)   Post Evacuate Collection Set: 0.94ms
[2883.503s][info][gc,phases      ] GC(573)   Other: 0.09ms
[2883.503s][info][gc,heap        ] GC(573) Eden regions: 1113->0(1122)
[2883.503s][info][gc,heap        ] GC(573) Survivor regions: 108->106(153)
[2883.503s][info][gc,heap        ] GC(573) Old regions: 536->473
[2883.503s][info][gc,heap        ] GC(573) Humongous regions: 80->80
[2883.503s][info][gc,metaspace   ] GC(573) Metaspace: 28933K(29248K)->28933K(29248K) NonClass: 24055K(24192K)->24055K(24192K) Class: 4877K(5056K)->4877K(5056K)
[2883.503s][info][gc             ] GC(573) Pause Young (Mixed) (G1 Evacuation Pause) 3672M->1317M(4096M) 130.583ms
[2883.503s][info][gc,cpu         ] GC(573) User=0.77s Sys=0.00s Real=0.13s
....[2887.365s][info][gc,start       ] GC(574) Pause Young (Concurrent Start) (G1 Evacuation Pause)
[2887.365s][info][gc,task        ] GC(574) Using 6 workers of 6 for evacuation
[2887.480s][info][gc,phases      ] GC(574)   Pre Evacuate Collection Set: 0.43ms
[2887.480s][info][gc,phases      ] GC(574)   Merge Heap Roots: 0.46ms
[2887.480s][info][gc,phases      ] GC(574)   Evacuate Collection Set: 112.24ms
[2887.480s][info][gc,phases      ] GC(574)   Post Evacuate Collection Set: 0.88ms
[2887.480s][info][gc,phases      ] GC(574)   Other: 0.12ms
[2887.480s][info][gc,heap        ] GC(574) Eden regions: 1122->0(1122)
[2887.480s][info][gc,heap        ] GC(574) Survivor regions: 106->106(154)
[2887.480s][info][gc,heap        ] GC(574) Old regions: 473->505
[2887.480s][info][gc,heap        ] GC(574) Humongous regions: 80->80
[2887.480s][info][gc,metaspace   ] GC(574) Metaspace: 28933K(29248K)->28933K(29248K) NonClass: 24055K(24192K)->24055K(24192K) Class: 4877K(5056K)->4877K(5056K)
[2887.480s][info][gc             ] GC(574) Pause Young (Concurrent Start) (G1 Evacuation Pause) 3561M->1380M(4096M) 114.275ms
[2887.480s][info][gc             ] GC(575) Concurrent Mark Cycle
[2887.480s][info][gc,marking     ] GC(575) Concurrent Scan Root Regions
[2887.480s][info][gc,cpu         ] GC(574) User=0.67s Sys=0.00s Real=0.12s
[2887.651s][info][gc,marking     ] GC(575) Concurrent Scan Root Regions 171.516ms
[2887.651s][info][gc,marking     ] GC(575) Concurrent Mark
[2887.651s][info][gc,marking     ] GC(575) Concurrent Mark From Roots
[2887.651s][info][gc,task        ] GC(575) Using 2 workers of 2 for marking
.[2888.588s][info][gc,marking     ] GC(575) Concurrent Mark From Roots 936.800ms
[2888.588s][info][gc,marking     ] GC(575) Concurrent Preclean
[2888.588s][info][gc,marking     ] GC(575) Concurrent Preclean 0.102ms
[2888.588s][info][gc,start       ] GC(575) Pause Remark
[2888.592s][info][gc             ] GC(575) Pause Remark 2025M->2025M(4096M) 4.006ms
[2888.592s][info][gc,cpu         ] GC(575) User=0.02s Sys=0.00s Real=0.00s
[2888.592s][info][gc,marking     ] GC(575) Concurrent Mark 941.177ms
[2888.592s][info][gc,marking     ] GC(575) Concurrent Rebuild Remembered Sets and Scrub Regions
.[2888.912s][info][gc,marking     ] GC(575) Concurrent Rebuild Remembered Sets and Scrub Regions 320.031ms
[2888.913s][info][gc,start       ] GC(575) Pause Cleanup
[2888.913s][info][gc             ] GC(575) Pause Cleanup 2240M->2240M(4096M) 0.114ms
[2888.913s][info][gc,cpu         ] GC(575) User=0.00s Sys=0.00s Real=0.00s
[2888.913s][info][gc,marking     ] GC(575) Concurrent Clear Claimed Marks
[2888.913s][info][gc,marking     ] GC(575) Concurrent Clear Claimed Marks 0.025ms
[2888.913s][info][gc,marking     ] GC(575) Concurrent Cleanup for Next Mark
[2888.916s][info][gc,marking     ] GC(575) Concurrent Cleanup for Next Mark 3.670ms
[2888.917s][info][gc             ] GC(575) Concurrent Mark Cycle 1436.877ms
..[2891.400s][info][gc,start       ] GC(576) Pause Young (Prepare Mixed) (G1 Evacuation Pause)
[2891.400s][info][gc,task        ] GC(576) Using 6 workers of 6 for evacuation
[2891.517s][info][gc,phases      ] GC(576)   Pre Evacuate Collection Set: 0.34ms
[2891.517s][info][gc,phases      ] GC(576)   Merge Heap Roots: 0.52ms
[2891.517s][info][gc,phases      ] GC(576)   Evacuate Collection Set: 114.98ms
[2891.517s][info][gc,phases      ] GC(576)   Post Evacuate Collection Set: 0.94ms
[2891.517s][info][gc,phases      ] GC(576)   Other: 0.10ms
[2891.517s][info][gc,heap        ] GC(576) Eden regions: 1122->0(1112)
[2891.517s][info][gc,heap        ] GC(576) Survivor regions: 106->109(154)
[2891.517s][info][gc,heap        ] GC(576) Old regions: 505->535
[2891.517s][info][gc,heap        ] GC(576) Humongous regions: 80->80
[2891.517s][info][gc,metaspace   ] GC(576) Metaspace: 28933K(29248K)->28933K(29248K) NonClass: 24055K(24192K)->24055K(24192K) Class: 4877K(5056K)->4877K(5056K)
[2891.517s][info][gc             ] GC(576) Pause Young (Prepare Mixed) (G1 Evacuation Pause) 3624M->1447M(4096M) 117.054ms
[2891.517s][info][gc,cpu         ] GC(576) User=0.69s Sys=0.00s Real=0.12s
....[2895.393s][info][gc,start       ] GC(577) Pause Young (Mixed) (G1 Evacuation Pause)
[2895.393s][info][gc,task        ] GC(577) Using 6 workers of 6 for evacuation
[2895.527s][info][gc,phases      ] GC(577)   Pre Evacuate Collection Set: 0.39ms
[2895.527s][info][gc,phases      ] GC(577)   Merge Heap Roots: 0.70ms
[2895.527s][info][gc,phases      ] GC(577)   Evacuate Collection Set: 131.42ms
[2895.527s][info][gc,phases      ] GC(577)   Post Evacuate Collection Set: 0.95ms
[2895.527s][info][gc,phases      ] GC(577)   Other: 0.09ms
[2895.527s][info][gc,heap        ] GC(577) Eden regions: 1112->0(1119)
[2895.527s][info][gc,heap        ] GC(577) Survivor regions: 109->109(153)
[2895.527s][info][gc,heap        ] GC(577) Old regions: 535->472
[2895.527s][info][gc,heap        ] GC(577) Humongous regions: 80->80
[2895.527s][info][gc,metaspace   ] GC(577) Metaspace: 28933K(29248K)->28933K(29248K) NonClass: 24055K(24192K)->24055K(24192K) Class: 4877K(5056K)->4877K(5056K)
[2895.527s][info][gc             ] GC(577) Pause Young (Mixed) (G1 Evacuation Pause) 3671M->1321M(4096M) 133.679ms
[2895.527s][info][gc,cpu         ] GC(577) User=0.79s Sys=0.00s Real=0.14s
....[2899.386s][info][gc,start       ] GC(578) Pause Young (Concurrent Start) (G1 Evacuation Pause)
[2899.386s][info][gc,task        ] GC(578) Using 6 workers of 6 for evacuation
[2899.502s][info][gc,phases      ] GC(578)   Pre Evacuate Collection Set: 0.35ms
[2899.502s][info][gc,phases      ] GC(578)   Merge Heap Roots: 0.46ms
[2899.502s][info][gc,phases      ] GC(578)   Evacuate Collection Set: 113.89ms
[2899.502s][info][gc,phases      ] GC(578)   Post Evacuate Collection Set: 0.86ms
[2899.502s][info][gc,phases      ] GC(578)   Other: 0.11ms
[2899.502s][info][gc,heap        ] GC(578) Eden regions: 1119->0(1120)
[2899.502s][info][gc,heap        ] GC(578) Survivor regions: 109->108(154)
[2899.502s][info][gc,heap        ] GC(578) Old regions: 472->505
[2899.502s][info][gc,heap        ] GC(578) Humongous regions: 80->80
[2899.502s][info][gc,metaspace   ] GC(578) Metaspace: 28933K(29248K)->28933K(29248K) NonClass: 24055K(24192K)->24055K(24192K) Class: 4877K(5056K)->4877K(5056K)
[2899.502s][info][gc             ] GC(578) Pause Young (Concurrent Start) (G1 Evacuation Pause) 3559M->1384M(4096M) 115.849ms
[2899.502s][info][gc             ] GC(579) Concurrent Mark Cycle
[2899.502s][info][gc,marking     ] GC(579) Concurrent Scan Root Regions
[2899.502s][info][gc,cpu         ] GC(578) User=0.68s Sys=0.01s Real=0.12s
[2899.676s][info][gc,marking     ] GC(579) Concurrent Scan Root Regions 174.580ms
[2899.676s][info][gc,marking     ] GC(579) Concurrent Mark
[2899.676s][info][gc,marking     ] GC(579) Concurrent Mark From Roots
[2899.676s][info][gc,task        ] GC(579) Using 2 workers of 2 for marking
.[2900.614s][info][gc,marking     ] GC(579) Concurrent Mark From Roots 937.864ms
[2900.614s][info][gc,marking     ] GC(579) Concurrent Preclean
[2900.614s][info][gc,marking     ] GC(579) Concurrent Preclean 0.080ms
[2900.615s][info][gc,start       ] GC(579) Pause Remark
[2900.619s][info][gc             ] GC(579) Pause Remark 2047M->2047M(4096M) 3.942ms
[2900.619s][info][gc,cpu         ] GC(579) User=0.03s Sys=0.00s Real=0.01s
[2900.619s][info][gc,marking     ] GC(579) Concurrent Mark 942.140ms
[2900.619s][info][gc,marking     ] GC(579) Concurrent Rebuild Remembered Sets and Scrub Regions
.[2901.017s][info][gc,marking     ] GC(579) Concurrent Rebuild Remembered Sets and Scrub Regions 398.544ms
[2901.019s][info][gc,start       ] GC(579) Pause Cleanup
[2901.019s][info][gc             ] GC(579) Pause Cleanup 2272M->2272M(4096M) 0.134ms
[2901.019s][info][gc,cpu         ] GC(579) User=0.00s Sys=0.00s Real=0.00s
[2901.020s][info][gc,marking     ] GC(579) Concurrent Clear Claimed Marks
[2901.020s][info][gc,marking     ] GC(579) Concurrent Clear Claimed Marks 0.033ms
[2901.020s][info][gc,marking     ] GC(579) Concurrent Cleanup for Next Mark
[2901.024s][info][gc,marking     ] GC(579) Concurrent Cleanup for Next Mark 4.524ms
[2901.024s][info][gc             ] GC(579) Concurrent Mark Cycle 1522.322ms
.. (rIR:aIR:PR = 4705:4705:4705) (tPR = 69193) [OK] 
  2902s: Performance info:
         Transaction,    Success,    Partial,     Failed,   Receipts, AvgBarcode, 
             Overall,     282791,          0,          0,     268625,      59.48, 
         Response times:
             Request,    Success,    Partial,     Failed,   SkipFail,     Probes,    Samples,      min,      p50,      p90,      p95,      p99,      max, 
       TotalPurchase,     268625,          0,          0,          0,     264161,     287096,      300,     3800,     7400,    13600,    49000,   190000,
     InStorePurchase,     141327,          0,          0,          0,     139383,     151456,      300,     3700,     7300,    13400,    48000,   190000,
      OnlinePurchase,      99010,          0,          0,          0,      97099,     105313,      300,     3900,     7600,    13900,    50000,   184000,
        InstPurchase,      28288,          0,          0,          0,      27679,      30327,      400,     3700,     7300,    12800,    51000,   184000,
          AssocOfCat,        287,          0,          0,          0,        216,        295,    18800,    28000,    43000,    50000,   121560,   218000,
      AssocOfProduct,       2828,          0,          0,          0,       2653,       3063,      600,     4100,     7600,    11800,    50000,   129000,
      BusinessReport,        709,          0,          0,          0,        583,        763,    19900,    33000,    56600,    68800,   161520,   199000,
          CustBuyBeh,       2849,          0,          0,          0,       2619,       3002,      200,     3300,     6500,    10985,    50000,   190000,
       ProductReturn,       7493,          0,          0,          0,       7119,       7930,      300,     4000,     7800,    14300,    51000,   137000,

  2902s: (35%)   IR =   4843 [2903.427s][info][gc,start       ] GC(580) Pause Young (Prepare Mixed) (G1 Evacuation Pause)
[2903.427s][info][gc,task        ] GC(580) Using 6 workers of 6 for evacuation
[2903.542s][info][gc,phases      ] GC(580)   Pre Evacuate Collection Set: 0.33ms
[2903.542s][info][gc,phases      ] GC(580)   Merge Heap Roots: 0.48ms
[2903.542s][info][gc,phases      ] GC(580)   Evacuate Collection Set: 113.15ms
[2903.542s][info][gc,phases      ] GC(580)   Post Evacuate Collection Set: 0.91ms
[2903.542s][info][gc,phases      ] GC(580)   Other: 0.09ms
[2903.542s][info][gc,heap        ] GC(580) Eden regions: 1120->0(1112)
[2903.542s][info][gc,heap        ] GC(580) Survivor regions: 108->108(154)
[2903.542s][info][gc,heap        ] GC(580) Old regions: 505->537
[2903.542s][info][gc,heap        ] GC(580) Humongous regions: 80->80
[2903.542s][info][gc,metaspace   ] GC(580) Metaspace: 28934K(29248K)->28934K(29248K) NonClass: 24056K(24192K)->24056K(24192K) Class: 4877K(5056K)->4877K(5056K)
[2903.542s][info][gc             ] GC(580) Pause Young (Prepare Mixed) (G1 Evacuation Pause) 3624M->1447M(4096M) 115.114ms
[2903.542s][info][gc,cpu         ] GC(580) User=0.68s Sys=0.00s Real=0.12s
....|[2907.320s][info][gc,start       ] GC(581) Pause Young (Mixed) (G1 Evacuation Pause)
[2907.320s][info][gc,task        ] GC(581) Using 6 workers of 6 for evacuation
[2907.454s][info][gc,phases      ] GC(581)   Pre Evacuate Collection Set: 0.38ms
[2907.454s][info][gc,phases      ] GC(581)   Merge Heap Roots: 0.65ms
[2907.454s][info][gc,phases      ] GC(581)   Evacuate Collection Set: 131.52ms
[2907.454s][info][gc,phases      ] GC(581)   Post Evacuate Collection Set: 0.94ms
[2907.454s][info][gc,phases      ] GC(581)   Other: 0.09ms
[2907.454s][info][gc,heap        ] GC(581) Eden regions: 1112->0(1118)
[2907.454s][info][gc,heap        ] GC(581) Survivor regions: 108->110(153)
[2907.454s][info][gc,heap        ] GC(581) Old regions: 537->473
[2907.454s][info][gc,heap        ] GC(581) Humongous regions: 80->80
[2907.454s][info][gc,metaspace   ] GC(581) Metaspace: 28934K(29248K)->28934K(29248K) NonClass: 24056K(24192K)->24056K(24192K) Class: 4877K(5056K)->4877K(5056K)
[2907.454s][info][gc             ] GC(581) Pause Young (Mixed) (G1 Evacuation Pause) 3671M->1324M(4096M) 133.706ms
[2907.454s][info][gc,cpu         ] GC(581) User=0.79s Sys=0.00s Real=0.13s
....[2911.173s][info][gc,start       ] GC(582) Pause Young (Concurrent Start) (G1 Evacuation Pause)
[2911.173s][info][gc,task        ] GC(582) Using 6 workers of 6 for evacuation
[2911.290s][info][gc,phases      ] GC(582)   Pre Evacuate Collection Set: 0.39ms
[2911.290s][info][gc,phases      ] GC(582)   Merge Heap Roots: 0.47ms
[2911.290s][info][gc,phases      ] GC(582)   Evacuate Collection Set: 115.43ms
[2911.290s][info][gc,phases      ] GC(582)   Post Evacuate Collection Set: 0.87ms
[2911.290s][info][gc,phases      ] GC(582)   Other: 0.10ms
[2911.290s][info][gc,heap        ] GC(582) Eden regions: 1118->0(1119)
[2911.290s][info][gc,heap        ] GC(582) Survivor regions: 110->109(154)
[2911.290s][info][gc,heap        ] GC(582) Old regions: 473->505
[2911.290s][info][gc,heap        ] GC(582) Humongous regions: 80->80
[2911.290s][info][gc,metaspace   ] GC(582) Metaspace: 28934K(29248K)->28934K(29248K) NonClass: 24056K(24192K)->24056K(24192K) Class: 4877K(5056K)->4877K(5056K)
[2911.290s][info][gc             ] GC(582) Pause Young (Concurrent Start) (G1 Evacuation Pause) 3560M->1386M(4096M) 117.391ms
[2911.290s][info][gc             ] GC(583) Concurrent Mark Cycle
[2911.290s][info][gc,marking     ] GC(583) Concurrent Scan Root Regions
[2911.290s][info][gc,cpu         ] GC(582) User=0.70s Sys=0.00s Real=0.12s
[2911.463s][info][gc,marking     ] GC(583) Concurrent Scan Root Regions 173.038ms
[2911.463s][info][gc,marking     ] GC(583) Concurrent Mark
[2911.463s][info][gc,marking     ] GC(583) Concurrent Mark From Roots
[2911.463s][info][gc,task        ] GC(583) Using 2 workers of 2 for marking
.[2912.202s][info][gc,marking     ] GC(583) Concurrent Mark From Roots 738.737ms
[2912.202s][info][gc,marking     ] GC(583) Concurrent Preclean
[2912.202s][info][gc,marking     ] GC(583) Concurrent Preclean 0.082ms
[2912.202s][info][gc,start       ] GC(583) Pause Remark
[2912.205s][info][gc             ] GC(583) Pause Remark 1974M->1974M(4096M) 3.034ms
[2912.205s][info][gc,cpu         ] GC(583) User=0.01s Sys=0.00s Real=0.00s
[2912.205s][info][gc,marking     ] GC(583) Concurrent Mark 742.121ms
[2912.205s][info][gc,marking     ] GC(583) Concurrent Rebuild Remembered Sets and Scrub Regions
[2912.561s][info][gc,marking     ] GC(583) Concurrent Rebuild Remembered Sets and Scrub Regions 355.293ms
[2912.561s][info][gc,start       ] GC(583) Pause Cleanup
[2912.561s][info][gc             ] GC(583) Pause Cleanup 2169M->2169M(4096M) 0.102ms
[2912.561s][info][gc,cpu         ] GC(583) User=0.00s Sys=0.00s Real=0.00s
[2912.561s][info][gc,marking     ] GC(583) Concurrent Clear Claimed Marks
[2912.561s][info][gc,marking     ] GC(583) Concurrent Clear Claimed Marks 0.023ms
[2912.561s][info][gc,marking     ] GC(583) Concurrent Cleanup for Next Mark
[2912.564s][info][gc,marking     ] GC(583) Concurrent Cleanup for Next Mark 3.542ms
[2912.564s][info][gc             ] GC(583) Concurrent Mark Cycle 1274.468ms
...[2915.080s][info][gc,start       ] GC(584) Pause Young (Prepare Mixed) (G1 Evacuation Pause)
[2915.080s][info][gc,task        ] GC(584) Using 6 workers of 6 for evacuation
[2915.198s][info][gc,phases      ] GC(584)   Pre Evacuate Collection Set: 0.33ms
[2915.198s][info][gc,phases      ] GC(584)   Merge Heap Roots: 0.49ms
[2915.198s][info][gc,phases      ] GC(584)   Evacuate Collection Set: 116.32ms
[2915.198s][info][gc,phases      ] GC(584)   Post Evacuate Collection Set: 0.93ms
[2915.198s][info][gc,phases      ] GC(584)   Other: 0.08ms
[2915.198s][info][gc,heap        ] GC(584) Eden regions: 1119->0(1110)
[2915.198s][info][gc,heap        ] GC(584) Survivor regions: 109->109(154)
[2915.198s][info][gc,heap        ] GC(584) Old regions: 505->537
[2915.198s][info][gc,heap        ] GC(584) Humongous regions: 80->80
[2915.198s][info][gc,metaspace   ] GC(584) Metaspace: 28934K(29248K)->28934K(29248K) NonClass: 24056K(24192K)->24056K(24192K) Class: 4877K(5056K)->4877K(5056K)
[2915.199s][info][gc             ] GC(584) Pause Young (Prepare Mixed) (G1 Evacuation Pause) 3624M->1450M(4096M) 118.306ms
[2915.199s][info][gc,cpu         ] GC(584) User=0.70s Sys=0.00s Real=0.12s
....[2918.947s][info][gc,start       ] GC(585) Pause Young (Mixed) (G1 Evacuation Pause)
[2918.947s][info][gc,task        ] GC(585) Using 6 workers of 6 for evacuation
[2919.084s][info][gc,phases      ] GC(585)   Pre Evacuate Collection Set: 0.33ms
[2919.084s][info][gc,phases      ] GC(585)   Merge Heap Roots: 0.71ms
[2919.084s][info][gc,phases      ] GC(585)   Evacuate Collection Set: 134.60ms
[2919.084s][info][gc,phases      ] GC(585)   Post Evacuate Collection Set: 0.97ms
[2919.084s][info][gc,phases      ] GC(585)   Other: 0.09ms
[2919.084s][info][gc,heap        ] GC(585) Eden regions: 1110->0(1118)
[2919.084s][info][gc,heap        ] GC(585) Survivor regions: 109->110(153)
[2919.084s][info][gc,heap        ] GC(585) Old regions: 537->472
[2919.084s][info][gc,heap        ] GC(585) Humongous regions: 80->80
[2919.084s][info][gc,metaspace   ] GC(585) Metaspace: 28934K(29248K)->28934K(29248K) NonClass: 24056K(24192K)->24056K(24192K) Class: 4877K(5056K)->4877K(5056K)
[2919.084s][info][gc             ] GC(585) Pause Young (Mixed) (G1 Evacuation Pause) 3670M->1323M(4096M) 136.832ms
[2919.084s][info][gc,cpu         ] GC(585) User=0.81s Sys=0.00s Real=0.13s
....[2922.812s][info][gc,start       ] GC(586) Pause Young (Concurrent Start) (G1 Evacuation Pause)
[2922.812s][info][gc,task        ] GC(586) Using 6 workers of 6 for evacuation
[2922.930s][info][gc,phases      ] GC(586)   Pre Evacuate Collection Set: 0.37ms
[2922.930s][info][gc,phases      ] GC(586)   Merge Heap Roots: 0.44ms
[2922.930s][info][gc,phases      ] GC(586)   Evacuate Collection Set: 115.93ms
[2922.930s][info][gc,phases      ] GC(586)   Post Evacuate Collection Set: 0.90ms
[2922.930s][info][gc,phases      ] GC(586)   Other: 0.11ms
[2922.930s][info][gc,heap        ] GC(586) Eden regions: 1118->0(1120)
[2922.930s][info][gc,heap        ] GC(586) Survivor regions: 110->108(154)
[2922.930s][info][gc,heap        ] GC(586) Old regions: 472->505
[2922.930s][info][gc,heap        ] GC(586) Humongous regions: 80->80
[2922.930s][info][gc,metaspace   ] GC(586) Metaspace: 28934K(29248K)->28934K(29248K) NonClass: 24056K(24192K)->24056K(24192K) Class: 4877K(5056K)->4877K(5056K)
[2922.930s][info][gc             ] GC(586) Pause Young (Concurrent Start) (G1 Evacuation Pause) 3559M->1385M(4096M) 117.886ms
[2922.930s][info][gc             ] GC(587) Concurrent Mark Cycle
[2922.930s][info][gc,marking     ] GC(587) Concurrent Scan Root Regions
[2922.930s][info][gc,cpu         ] GC(586) User=0.70s Sys=0.00s Real=0.12s
[2923.104s][info][gc,marking     ] GC(587) Concurrent Scan Root Regions 173.498ms
[2923.104s][info][gc,marking     ] GC(587) Concurrent Mark
[2923.104s][info][gc,marking     ] GC(587) Concurrent Mark From Roots
[2923.104s][info][gc,task        ] GC(587) Using 2 workers of 2 for marking
.[2923.867s][info][gc,marking     ] GC(587) Concurrent Mark From Roots 762.558ms
[2923.867s][info][gc,marking     ] GC(587) Concurrent Preclean
[2923.867s][info][gc,marking     ] GC(587) Concurrent Preclean 0.092ms
[2923.867s][info][gc,start       ] GC(587) Pause Remark
[2923.872s][info][gc             ] GC(587) Pause Remark 1937M->1937M(4096M) 5.001ms
[2923.872s][info][gc,cpu         ] GC(587) User=0.03s Sys=0.00s Real=0.01s
[2923.872s][info][gc,marking     ] GC(587) Concurrent Mark 767.958ms
[2923.872s][info][gc,marking     ] GC(587) Concurrent Rebuild Remembered Sets and Scrub Regions
[2924.173s][info][gc,marking     ] GC(587) Concurrent Rebuild Remembered Sets and Scrub Regions 301.476ms
[2924.174s][info][gc,start       ] GC(587) Pause Cleanup
[2924.174s][info][gc             ] GC(587) Pause Cleanup 2149M->2149M(4096M) 0.104ms
[2924.174s][info][gc,cpu         ] GC(587) User=0.00s Sys=0.00s Real=0.00s
[2924.174s][info][gc,marking     ] GC(587) Concurrent Clear Claimed Marks
[2924.174s][info][gc,marking     ] GC(587) Concurrent Clear Claimed Marks 0.024ms
[2924.174s][info][gc,marking     ] GC(587) Concurrent Cleanup for Next Mark
[2924.177s][info][gc,marking     ] GC(587) Concurrent Cleanup for Next Mark 3.739ms
[2924.177s][info][gc             ] GC(587) Concurrent Mark Cycle 1247.110ms
...[2926.789s][info][gc,start       ] GC(588) Pause Young (Prepare Mixed) (G1 Evacuation Pause)
[2926.790s][info][gc,task        ] GC(588) Using 6 workers of 6 for evacuation
[2926.906s][info][gc,phases      ] GC(588)   Pre Evacuate Collection Set: 0.36ms
[2926.906s][info][gc,phases      ] GC(588)   Merge Heap Roots: 0.52ms
[2926.906s][info][gc,phases      ] GC(588)   Evacuate Collection Set: 114.39ms
[2926.906s][info][gc,phases      ] GC(588)   Post Evacuate Collection Set: 0.94ms
[2926.906s][info][gc,phases      ] GC(588)   Other: 0.10ms
[2926.906s][info][gc,heap        ] GC(588) Eden regions: 1120->0(1113)
[2926.906s][info][gc,heap        ] GC(588) Survivor regions: 108->108(154)
[2926.906s][info][gc,heap        ] GC(588) Old regions: 505->536
[2926.906s][info][gc,heap        ] GC(588) Humongous regions: 80->80
[2926.906s][info][gc,metaspace   ] GC(588) Metaspace: 28931K(29248K)->28931K(29248K) NonClass: 24054K(24192K)->24054K(24192K) Class: 4876K(5056K)->4876K(5056K)
[2926.906s][info][gc             ] GC(588) Pause Young (Prepare Mixed) (G1 Evacuation Pause) 3625M->1447M(4096M) 116.454ms
[2926.906s][info][gc,cpu         ] GC(588) User=0.68s Sys=0.01s Real=0.11s
...[2930.628s][info][gc,start       ] GC(589) Pause Young (Mixed) (G1 Evacuation Pause)
[2930.628s][info][gc,task        ] GC(589) Using 6 workers of 6 for evacuation
[2930.760s][info][gc,phases      ] GC(589)   Pre Evacuate Collection Set: 0.37ms
[2930.760s][info][gc,phases      ] GC(589)   Merge Heap Roots: 0.63ms
[2930.760s][info][gc,phases      ] GC(589)   Evacuate Collection Set: 130.48ms
[2930.760s][info][gc,phases      ] GC(589)   Post Evacuate Collection Set: 0.93ms
[2930.760s][info][gc,phases      ] GC(589)   Other: 0.08ms
[2930.760s][info][gc,heap        ] GC(589) Eden regions: 1113->0(1119)
[2930.760s][info][gc,heap        ] GC(589) Survivor regions: 108->109(153)
[2930.760s][info][gc,heap        ] GC(589) Old regions: 536->473
[2930.760s][info][gc,heap        ] GC(589) Humongous regions: 80->80
[2930.760s][info][gc,metaspace   ] GC(589) Metaspace: 28931K(29248K)->28931K(29248K) NonClass: 24054K(24192K)->24054K(24192K) Class: 4876K(5056K)->4876K(5056K)
[2930.760s][info][gc             ] GC(589) Pause Young (Mixed) (G1 Evacuation Pause) 3673M->1321M(4096M) 132.641ms
[2930.760s][info][gc,cpu         ] GC(589) User=0.79s Sys=0.00s Real=0.13s
....[2934.475s][info][gc,start       ] GC(590) Pause Young (Concurrent Start) (G1 Evacuation Pause)
[2934.475s][info][gc,task        ] GC(590) Using 6 workers of 6 for evacuation
[2934.591s][info][gc,phases      ] GC(590)   Pre Evacuate Collection Set: 0.37ms
[2934.591s][info][gc,phases      ] GC(590)   Merge Heap Roots: 0.45ms
[2934.591s][info][gc,phases      ] GC(590)   Evacuate Collection Set: 114.29ms
[2934.591s][info][gc,phases      ] GC(590)   Post Evacuate Collection Set: 0.88ms
[2934.591s][info][gc,phases      ] GC(590)   Other: 0.11ms
[2934.591s][info][gc,heap        ] GC(590) Eden regions: 1119->0(1121)
[2934.591s][info][gc,heap        ] GC(590) Survivor regions: 109->107(154)
[2934.591s][info][gc,heap        ] GC(590) Old regions: 473->505
[2934.591s][info][gc,heap        ] GC(590) Humongous regions: 80->80
[2934.591s][info][gc,metaspace   ] GC(590) Metaspace: 28931K(29248K)->28931K(29248K) NonClass: 24054K(24192K)->24054K(24192K) Class: 4876K(5056K)->4876K(5056K)
[2934.592s][info][gc             ] GC(590) Pause Young (Concurrent Start) (G1 Evacuation Pause) 3559M->1382M(4096M) 116.225ms
[2934.592s][info][gc             ] GC(591) Concurrent Mark Cycle
[2934.592s][info][gc,marking     ] GC(591) Concurrent Scan Root Regions
[2934.592s][info][gc,cpu         ] GC(590) User=0.68s Sys=0.00s Real=0.12s
[2934.768s][info][gc,marking     ] GC(591) Concurrent Scan Root Regions 175.998ms
[2934.768s][info][gc,marking     ] GC(591) Concurrent Mark
[2934.768s][info][gc,marking     ] GC(591) Concurrent Mark From Roots
[2934.768s][info][gc,task        ] GC(591) Using 2 workers of 2 for marking
.[2935.567s][info][gc,marking     ] GC(591) Concurrent Mark From Roots 798.956ms
[2935.567s][info][gc,marking     ] GC(591) Concurrent Preclean
[2935.567s][info][gc,marking     ] GC(591) Concurrent Preclean 0.075ms
[2935.567s][info][gc,start       ] GC(591) Pause Remark
[2935.570s][info][gc             ] GC(591) Pause Remark 2046M->2046M(4096M) 3.228ms
[2935.570s][info][gc,cpu         ] GC(591) User=0.01s Sys=0.00s Real=0.01s
[2935.570s][info][gc,marking     ] GC(591) Concurrent Mark 802.507ms
[2935.570s][info][gc,marking     ] GC(591) Concurrent Rebuild Remembered Sets and Scrub Regions
.[2935.817s][info][gc,marking     ] GC(591) Concurrent Rebuild Remembered Sets and Scrub Regions 247.160ms
[2935.817s][info][gc,start       ] GC(591) Pause Cleanup
[2935.818s][info][gc             ] GC(591) Pause Cleanup 2176M->2176M(4096M) 0.104ms
[2935.818s][info][gc,cpu         ] GC(591) User=0.00s Sys=0.00s Real=0.00s
[2935.818s][info][gc,marking     ] GC(591) Concurrent Clear Claimed Marks
[2935.818s][info][gc,marking     ] GC(591) Concurrent Clear Claimed Marks 0.030ms
[2935.818s][info][gc,marking     ] GC(591) Concurrent Cleanup for Next Mark
[2935.821s][info][gc,marking     ] GC(591) Concurrent Cleanup for Next Mark 3.387ms
[2935.821s][info][gc             ] GC(591) Concurrent Mark Cycle 1229.757ms
..[2938.364s][info][gc,start       ] GC(592) Pause Young (Prepare Mixed) (G1 Evacuation Pause)
[2938.364s][info][gc,task        ] GC(592) Using 6 workers of 6 for evacuation
[2938.479s][info][gc,phases      ] GC(592)   Pre Evacuate Collection Set: 0.34ms
[2938.479s][info][gc,phases      ] GC(592)   Merge Heap Roots: 0.49ms
[2938.479s][info][gc,phases      ] GC(592)   Evacuate Collection Set: 113.45ms
[2938.479s][info][gc,phases      ] GC(592)   Post Evacuate Collection Set: 0.93ms
[2938.479s][info][gc,phases      ] GC(592)   Other: 0.08ms
[2938.479s][info][gc,heap        ] GC(592) Eden regions: 1121->0(1114)
[2938.479s][info][gc,heap        ] GC(592) Survivor regions: 107->107(154)
[2938.479s][info][gc,heap        ] GC(592) Old regions: 505->537
[2938.479s][info][gc,heap        ] GC(592) Humongous regions: 80->80
[2938.479s][info][gc,metaspace   ] GC(592) Metaspace: 28931K(29248K)->28931K(29248K) NonClass: 24054K(24192K)->24054K(24192K) Class: 4876K(5056K)->4876K(5056K)
[2938.479s][info][gc             ] GC(592) Pause Young (Prepare Mixed) (G1 Evacuation Pause) 3624M->1446M(4096M) 115.459ms
[2938.479s][info][gc,cpu         ] GC(592) User=0.69s Sys=0.00s Real=0.12s
....[2942.249s][info][gc,start       ] GC(593) Pause Young (Mixed) (G1 Evacuation Pause)
[2942.249s][info][gc,task        ] GC(593) Using 6 workers of 6 for evacuation
[2942.386s][info][gc,phases      ] GC(593)   Pre Evacuate Collection Set: 0.35ms
[2942.386s][info][gc,phases      ] GC(593)   Merge Heap Roots: 0.71ms
[2942.386s][info][gc,phases      ] GC(593)   Evacuate Collection Set: 134.28ms
[2942.386s][info][gc,phases      ] GC(593)   Post Evacuate Collection Set: 0.98ms
[2942.386s][info][gc,phases      ] GC(593)   Other: 0.09ms
[2942.386s][info][gc,heap        ] GC(593) Eden regions: 1114->0(1115)
[2942.386s][info][gc,heap        ] GC(593) Survivor regions: 107->113(153)
[2942.386s][info][gc,heap        ] GC(593) Old regions: 537->473
[2942.386s][info][gc,heap        ] GC(593) Humongous regions: 80->80
[2942.386s][info][gc,metaspace   ] GC(593) Metaspace: 28931K(29248K)->28931K(29248K) NonClass: 24054K(24192K)->24054K(24192K) Class: 4876K(5056K)->4876K(5056K)
[2942.386s][info][gc             ] GC(593) Pause Young (Mixed) (G1 Evacuation Pause) 3674M->1331M(4096M) 136.532ms
[2942.386s][info][gc,cpu         ] GC(593) User=0.81s Sys=0.00s Real=0.13s
....[2946.129s][info][gc,start       ] GC(594) Pause Young (Concurrent Start) (G1 Evacuation Pause)
[2946.129s][info][gc,task        ] GC(594) Using 6 workers of 6 for evacuation
[2946.246s][info][gc,phases      ] GC(594)   Pre Evacuate Collection Set: 0.36ms
[2946.246s][info][gc,phases      ] GC(594)   Merge Heap Roots: 0.47ms
[2946.246s][info][gc,phases      ] GC(594)   Evacuate Collection Set: 115.31ms
[2946.246s][info][gc,phases      ] GC(594)   Post Evacuate Collection Set: 0.88ms
[2946.246s][info][gc,phases      ] GC(594)   Other: 0.10ms
[2946.246s][info][gc,heap        ] GC(594) Eden regions: 1115->0(1119)
[2946.246s][info][gc,heap        ] GC(594) Survivor regions: 113->109(154)
[2946.246s][info][gc,heap        ] GC(594) Old regions: 473->505
[2946.246s][info][gc,heap        ] GC(594) Humongous regions: 80->80
[2946.246s][info][gc,metaspace   ] GC(594) Metaspace: 28931K(29248K)->28931K(29248K) NonClass: 24054K(24192K)->24054K(24192K) Class: 4876K(5056K)->4876K(5056K)
[2946.246s][info][gc             ] GC(594) Pause Young (Concurrent Start) (G1 Evacuation Pause) 3561M->1386M(4096M) 117.246ms
[2946.246s][info][gc             ] GC(595) Concurrent Mark Cycle
[2946.246s][info][gc,marking     ] GC(595) Concurrent Scan Root Regions
[2946.246s][info][gc,cpu         ] GC(594) User=0.70s Sys=0.00s Real=0.11s
[2946.357s][info][gc,marking     ] GC(595) Concurrent Scan Root Regions 111.324ms
[2946.357s][info][gc,marking     ] GC(595) Concurrent Mark
[2946.357s][info][gc,marking     ] GC(595) Concurrent Mark From Roots
[2946.357s][info][gc,task        ] GC(595) Using 2 workers of 2 for marking
.[2946.909s][info][gc,marking     ] GC(595) Concurrent Mark From Roots 551.154ms
[2946.909s][info][gc,marking     ] GC(595) Concurrent Preclean
[2946.909s][info][gc,marking     ] GC(595) Concurrent Preclean 0.083ms
[2946.911s][info][gc,start       ] GC(595) Pause Remark
[2946.915s][info][gc             ] GC(595) Pause Remark 1796M->1796M(4096M) 3.781ms
[2946.915s][info][gc,cpu         ] GC(595) User=0.02s Sys=0.00s Real=0.00s
[2946.915s][info][gc,marking     ] GC(595) Concurrent Mark 557.765ms
[2946.915s][info][gc,marking     ] GC(595) Concurrent Rebuild Remembered Sets and Scrub Regions
[2947.144s][info][gc,marking     ] GC(595) Concurrent Rebuild Remembered Sets and Scrub Regions 229.170ms
[2947.145s][info][gc,start       ] GC(595) Pause Cleanup
[2947.145s][info][gc             ] GC(595) Pause Cleanup 1969M->1969M(4096M) 0.098ms
[2947.145s][info][gc,cpu         ] GC(595) User=0.00s Sys=0.00s Real=0.00s
[2947.145s][info][gc,marking     ] GC(595) Concurrent Clear Claimed Marks
[2947.145s][info][gc,marking     ] GC(595) Concurrent Clear Claimed Marks 0.023ms
[2947.145s][info][gc,marking     ] GC(595) Concurrent Cleanup for Next Mark
[2947.148s][info][gc,marking     ] GC(595) Concurrent Cleanup for Next Mark 3.238ms
[2947.148s][info][gc             ] GC(595) Concurrent Mark Cycle 901.909ms
...[2950.011s][info][gc,start       ] GC(596) Pause Young (Prepare Mixed) (G1 Evacuation Pause)
[2950.011s][info][gc,task        ] GC(596) Using 6 workers of 6 for evacuation
[2950.129s][info][gc,phases      ] GC(596)   Pre Evacuate Collection Set: 0.32ms
[2950.129s][info][gc,phases      ] GC(596)   Merge Heap Roots: 0.49ms
[2950.129s][info][gc,phases      ] GC(596)   Evacuate Collection Set: 115.90ms
[2950.129s][info][gc,phases      ] GC(596)   Post Evacuate Collection Set: 0.94ms
[2950.129s][info][gc,phases      ] GC(596)   Other: 0.09ms
[2950.129s][info][gc,heap        ] GC(596) Eden regions: 1119->0(1109)
[2950.129s][info][gc,heap        ] GC(596) Survivor regions: 109->110(154)
[2950.129s][info][gc,heap        ] GC(596) Old regions: 505->536
[2950.129s][info][gc,heap        ] GC(596) Humongous regions: 80->80
[2950.129s][info][gc,metaspace   ] GC(596) Metaspace: 28931K(29248K)->28931K(29248K) NonClass: 24054K(24192K)->24054K(24192K) Class: 4876K(5056K)->4876K(5056K)
[2950.129s][info][gc             ] GC(596) Pause Young (Prepare Mixed) (G1 Evacuation Pause) 3624M->1450M(4096M) 117.898ms
[2950.129s][info][gc,cpu         ] GC(596) User=0.70s Sys=0.00s Real=0.12s
....[2953.847s][info][gc,start       ] GC(597) Pause Young (Mixed) (G1 Evacuation Pause)
[2953.847s][info][gc,task        ] GC(597) Using 6 workers of 6 for evacuation
[2953.984s][info][gc,phases      ] GC(597)   Pre Evacuate Collection Set: 0.36ms
[2953.984s][info][gc,phases      ] GC(597)   Merge Heap Roots: 0.65ms
[2953.984s][info][gc,phases      ] GC(597)   Evacuate Collection Set: 134.13ms
[2953.984s][info][gc,phases      ] GC(597)   Post Evacuate Collection Set: 0.95ms
[2953.984s][info][gc,phases      ] GC(597)   Other: 0.09ms
[2953.984s][info][gc,heap        ] GC(597) Eden regions: 1109->0(1118)
[2953.984s][info][gc,heap        ] GC(597) Survivor regions: 110->110(153)
[2953.984s][info][gc,heap        ] GC(597) Old regions: 536->472
[2953.984s][info][gc,heap        ] GC(597) Humongous regions: 80->80
[2953.984s][info][gc,metaspace   ] GC(597) Metaspace: 28931K(29248K)->28931K(29248K) NonClass: 24054K(24192K)->24054K(24192K) Class: 4876K(5056K)->4876K(5056K)
[2953.984s][info][gc             ] GC(597) Pause Young (Mixed) (G1 Evacuation Pause) 3668M->1322M(4096M) 136.309ms
[2953.984s][info][gc,cpu         ] GC(597) User=0.81s Sys=0.00s Real=0.13s
...[2957.722s][info][gc,start       ] GC(598) Pause Young (Concurrent Start) (G1 Evacuation Pause)
[2957.722s][info][gc,task        ] GC(598) Using 6 workers of 6 for evacuation
[2957.841s][info][gc,phases      ] GC(598)   Pre Evacuate Collection Set: 0.37ms
[2957.841s][info][gc,phases      ] GC(598)   Merge Heap Roots: 0.45ms
[2957.841s][info][gc,phases      ] GC(598)   Evacuate Collection Set: 116.74ms
[2957.841s][info][gc,phases      ] GC(598)   Post Evacuate Collection Set: 0.89ms
[2957.841s][info][gc,phases      ] GC(598)   Other: 0.10ms
[2957.841s][info][gc,heap        ] GC(598) Eden regions: 1118->0(1120)
[2957.841s][info][gc,heap        ] GC(598) Survivor regions: 110->108(154)
[2957.841s][info][gc,heap        ] GC(598) Old regions: 472->505
[2957.841s][info][gc,heap        ] GC(598) Humongous regions: 80->80
[2957.841s][info][gc,metaspace   ] GC(598) Metaspace: 28931K(29248K)->28931K(29248K) NonClass: 24054K(24192K)->24054K(24192K) Class: 4876K(5056K)->4876K(5056K)
[2957.841s][info][gc             ] GC(598) Pause Young (Concurrent Start) (G1 Evacuation Pause) 3558M->1384M(4096M) 118.678ms
[2957.841s][info][gc             ] GC(599) Concurrent Mark Cycle
[2957.841s][info][gc,marking     ] GC(599) Concurrent Scan Root Regions
[2957.841s][info][gc,cpu         ] GC(598) User=0.71s Sys=0.00s Real=0.12s
.[2957.958s][info][gc,marking     ] GC(599) Concurrent Scan Root Regions 117.013ms
[2957.958s][info][gc,marking     ] GC(599) Concurrent Mark
[2957.958s][info][gc,marking     ] GC(599) Concurrent Mark From Roots
[2957.958s][info][gc,task        ] GC(599) Using 2 workers of 2 for marking
[2958.526s][info][gc,marking     ] GC(599) Concurrent Mark From Roots 568.492ms
[2958.526s][info][gc,marking     ] GC(599) Concurrent Preclean
[2958.526s][info][gc,marking     ] GC(599) Concurrent Preclean 0.086ms
[2958.529s][info][gc,start       ] GC(599) Pause Remark
[2958.533s][info][gc             ] GC(599) Pause Remark 1844M->1844M(4096M) 3.706ms
[2958.533s][info][gc,cpu         ] GC(599) User=0.02s Sys=0.00s Real=0.00s
[2958.533s][info][gc,marking     ] GC(599) Concurrent Mark 575.068ms
[2958.533s][info][gc,marking     ] GC(599) Concurrent Rebuild Remembered Sets and Scrub Regions
[2958.768s][info][gc,marking     ] GC(599) Concurrent Rebuild Remembered Sets and Scrub Regions 234.977ms
[2958.768s][info][gc,start       ] GC(599) Pause Cleanup
[2958.768s][info][gc             ] GC(599) Pause Cleanup 1971M->1971M(4096M) 0.109ms
[2958.768s][info][gc,cpu         ] GC(599) User=0.00s Sys=0.00s Real=0.00s
[2958.769s][info][gc,marking     ] GC(599) Concurrent Clear Claimed Marks
[2958.769s][info][gc,marking     ] GC(599) Concurrent Clear Claimed Marks 0.032ms
[2958.769s][info][gc,marking     ] GC(599) Concurrent Cleanup for Next Mark
[2958.813s][info][gc,marking     ] GC(599) Concurrent Cleanup for Next Mark 43.928ms
[2958.813s][info][gc             ] GC(599) Concurrent Mark Cycle 972.266ms
...[2961.682s][info][gc,start       ] GC(600) Pause Young (Prepare Mixed) (G1 Evacuation Pause)
[2961.682s][info][gc,task        ] GC(600) Using 6 workers of 6 for evacuation
[2961.800s][info][gc,phases      ] GC(600)   Pre Evacuate Collection Set: 0.35ms
[2961.800s][info][gc,phases      ] GC(600)   Merge Heap Roots: 0.49ms
[2961.800s][info][gc,phases      ] GC(600)   Evacuate Collection Set: 115.91ms
[2961.800s][info][gc,phases      ] GC(600)   Post Evacuate Collection Set: 0.93ms
[2961.800s][info][gc,phases      ] GC(600)   Other: 0.08ms
[2961.800s][info][gc,heap        ] GC(600) Eden regions: 1120->0(1111)
[2961.800s][info][gc,heap        ] GC(600) Survivor regions: 108->109(154)
[2961.800s][info][gc,heap        ] GC(600) Old regions: 505->536
[2961.800s][info][gc,heap        ] GC(600) Humongous regions: 80->80
[2961.800s][info][gc,metaspace   ] GC(600) Metaspace: 28931K(29248K)->28931K(29248K) NonClass: 24054K(24192K)->24054K(24192K) Class: 4876K(5056K)->4876K(5056K)
[2961.800s][info][gc             ] GC(600) Pause Young (Prepare Mixed) (G1 Evacuation Pause) 3624M->1449M(4096M) 117.888ms
[2961.800s][info][gc,cpu         ] GC(600) User=0.70s Sys=0.00s Real=0.12s
....[2965.573s][info][gc,start       ] GC(601) Pause Young (Mixed) (G1 Evacuation Pause)
[2965.573s][info][gc,task        ] GC(601) Using 6 workers of 6 for evacuation
[2965.708s][info][gc,phases      ] GC(601)   Pre Evacuate Collection Set: 0.40ms
[2965.708s][info][gc,phases      ] GC(601)   Merge Heap Roots: 0.68ms
[2965.708s][info][gc,phases      ] GC(601)   Evacuate Collection Set: 133.25ms
[2965.708s][info][gc,phases      ] GC(601)   Post Evacuate Collection Set: 0.98ms
[2965.708s][info][gc,phases      ] GC(601)   Other: 0.09ms
[2965.708s][info][gc,heap        ] GC(601) Eden regions: 1111->0(1118)
[2965.708s][info][gc,heap        ] GC(601) Survivor regions: 109->110(153)
[2965.708s][info][gc,heap        ] GC(601) Old regions: 536->474
[2965.708s][info][gc,heap        ] GC(601) Humongous regions: 80->80
[2965.708s][info][gc,metaspace   ] GC(601) Metaspace: 28931K(29248K)->28931K(29248K) NonClass: 24054K(24192K)->24054K(24192K) Class: 4876K(5056K)->4876K(5056K)
[2965.708s][info][gc             ] GC(601) Pause Young (Mixed) (G1 Evacuation Pause) 3671M->1326M(4096M) 135.547ms
[2965.708s][info][gc,cpu         ] GC(601) User=0.80s Sys=0.00s Real=0.14s
.. (rIR:aIR:PR = 4843:4843:4843) (tPR = 71738) [OK] 
  2966s: Performance info:
         Transaction,    Success,    Partial,     Failed,   Receipts, AvgBarcode, 
             Overall,     291239,          0,          0,     276668,      59.47, 
         Response times:
             Request,    Success,    Partial,     Failed,   SkipFail,     Probes,    Samples,      min,      p50,      p90,      p95,      p99,      max, 
       TotalPurchase,     276667,          0,          0,          0,     271657,     290956,      300,     3800,     7300,    16500,    57000,   238000,
     InStorePurchase,     145595,          0,          0,          0,     143207,     153381,      300,     3900,     7400,    17400,    58000,   238000,
      OnlinePurchase,     101896,          0,          0,          0,     100253,     107189,      300,     3700,     7200,    15200,    56000,   203000,
        InstPurchase,      29176,          0,          0,          0,      28197,      30386,      400,     3700,     7000,    14600,    53000,   204000,
          AssocOfCat,        289,          0,          0,          0,        222,        296,    19400,    29000,    52300,    71150,   161330,   192000,
      AssocOfProduct,       2920,          0,          0,          0,       2728,       3069,      500,     3900,     7700,    21000,    59000,   183000,
      BusinessReport,        728,          0,          0,          0,        647,        803,    19100,    34000,    55000,    70800,   134640,   185000,
          CustBuyBeh,       2917,          0,          0,          0,       2665,       3026,      200,     4700,     8100,    14500,    57000,   144000,
       ProductReturn,       7715,          0,          0,          0,       7364,       8113,      200,     3400,     7300,    15130,    57000,   168000,

  2966s: (36%)   IR =   4981 ..[2969.383s][info][gc,start       ] GC(602) Pause Young (Concurrent Start) (G1 Evacuation Pause)
[2969.383s][info][gc,task        ] GC(602) Using 6 workers of 6 for evacuation
[2969.506s][info][gc,phases      ] GC(602)   Pre Evacuate Collection Set: 0.37ms
[2969.506s][info][gc,phases      ] GC(602)   Merge Heap Roots: 0.50ms
[2969.506s][info][gc,phases      ] GC(602)   Evacuate Collection Set: 120.26ms
[2969.506s][info][gc,phases      ] GC(602)   Post Evacuate Collection Set: 0.94ms
[2969.506s][info][gc,phases      ] GC(602)   Other: 0.13ms
[2969.506s][info][gc,heap        ] GC(602) Eden regions: 1118->0(1117)
[2969.506s][info][gc,heap        ] GC(602) Survivor regions: 110->111(154)
[2969.506s][info][gc,heap        ] GC(602) Old regions: 474->506
[2969.506s][info][gc,heap        ] GC(602) Humongous regions: 80->80
[2969.506s][info][gc,metaspace   ] GC(602) Metaspace: 28931K(29248K)->28931K(29248K) NonClass: 24054K(24192K)->24054K(24192K) Class: 4876K(5056K)->4876K(5056K)
[2969.506s][info][gc             ] GC(602) Pause Young (Concurrent Start) (G1 Evacuation Pause) 3562M->1392M(4096M) 122.335ms
[2969.506s][info][gc             ] GC(603) Concurrent Mark Cycle
[2969.506s][info][gc,marking     ] GC(603) Concurrent Scan Root Regions
[2969.506s][info][gc,cpu         ] GC(602) User=0.72s Sys=0.00s Real=0.12s
[2969.687s][info][gc,marking     ] GC(603) Concurrent Scan Root Regions 181.110ms
[2969.687s][info][gc,marking     ] GC(603) Concurrent Mark
[2969.687s][info][gc,marking     ] GC(603) Concurrent Mark From Roots
[2969.687s][info][gc,task        ] GC(603) Using 2 workers of 2 for marking
.[2970.630s][info][gc,marking     ] GC(603) Concurrent Mark From Roots 943.616ms
[2970.630s][info][gc,marking     ] GC(603) Concurrent Preclean
[2970.631s][info][gc,marking     ] GC(603) Concurrent Preclean 0.124ms
[2970.631s][info][gc,start       ] GC(603) Pause Remark
[2970.635s][info][gc             ] GC(603) Pause Remark 2122M->2122M(4096M) 3.910ms
[2970.635s][info][gc,cpu         ] GC(603) User=0.02s Sys=0.00s Real=0.00s
[2970.635s][info][gc,marking     ] GC(603) Concurrent Mark 947.947ms
[2970.635s][info][gc,marking     ] GC(603) Concurrent Rebuild Remembered Sets and Scrub Regions
[2970.890s][info][gc,marking     ] GC(603) Concurrent Rebuild Remembered Sets and Scrub Regions 254.827ms
[2970.891s][info][gc,start       ] GC(603) Pause Cleanup
[2970.891s][info][gc             ] GC(603) Pause Cleanup 2268M->2268M(4096M) 0.117ms
[2970.891s][info][gc,cpu         ] GC(603) User=0.00s Sys=0.00s Real=0.00s
[2970.891s][info][gc,marking     ] GC(603) Concurrent Clear Claimed Marks
[2970.891s][info][gc,marking     ] GC(603) Concurrent Clear Claimed Marks 0.028ms
[2970.891s][info][gc,marking     ] GC(603) Concurrent Cleanup for Next Mark
[2970.895s][info][gc,marking     ] GC(603) Concurrent Cleanup for Next Mark 3.736ms
[2970.895s][info][gc             ] GC(603) Concurrent Mark Cycle 1389.078ms
...|[2973.151s][info][gc,start       ] GC(604) Pause Young (Prepare Mixed) (G1 Evacuation Pause)
[2973.151s][info][gc,task        ] GC(604) Using 6 workers of 6 for evacuation
[2973.274s][info][gc,phases      ] GC(604)   Pre Evacuate Collection Set: 0.38ms
[2973.274s][info][gc,phases      ] GC(604)   Merge Heap Roots: 0.55ms
[2973.274s][info][gc,phases      ] GC(604)   Evacuate Collection Set: 120.47ms
[2973.274s][info][gc,phases      ] GC(604)   Post Evacuate Collection Set: 0.92ms
[2973.274s][info][gc,phases      ] GC(604)   Other: 0.08ms
[2973.274s][info][gc,heap        ] GC(604) Eden regions: 1117->0(1101)
[2973.274s][info][gc,heap        ] GC(604) Survivor regions: 111->113(154)
[2973.274s][info][gc,heap        ] GC(604) Old regions: 506->538
[2973.274s][info][gc,heap        ] GC(604) Humongous regions: 80->80
[2973.274s][info][gc,metaspace   ] GC(604) Metaspace: 28931K(29248K)->28931K(29248K) NonClass: 24054K(24192K)->24054K(24192K) Class: 4876K(5056K)->4876K(5056K)
[2973.274s][info][gc             ] GC(604) Pause Young (Prepare Mixed) (G1 Evacuation Pause) 3626M->1460M(4096M) 122.530ms
[2973.274s][info][gc,cpu         ] GC(604) User=0.72s Sys=0.00s Real=0.12s
...[2976.873s][info][gc,start       ] GC(605) Pause Young (Mixed) (G1 Evacuation Pause)
[2976.873s][info][gc,task        ] GC(605) Using 6 workers of 6 for evacuation
[2977.006s][info][gc,phases      ] GC(605)   Pre Evacuate Collection Set: 0.37ms
[2977.006s][info][gc,phases      ] GC(605)   Merge Heap Roots: 0.66ms
[2977.006s][info][gc,phases      ] GC(605)   Evacuate Collection Set: 130.69ms
[2977.006s][info][gc,phases      ] GC(605)   Post Evacuate Collection Set: 0.96ms
[2977.006s][info][gc,phases      ] GC(605)   Other: 0.10ms
[2977.006s][info][gc,heap        ] GC(605) Eden regions: 1101->0(1119)
[2977.006s][info][gc,heap        ] GC(605) Survivor regions: 113->109(152)
[2977.006s][info][gc,heap        ] GC(605) Old regions: 538->474
[2977.006s][info][gc,heap        ] GC(605) Humongous regions: 80->80
[2977.006s][info][gc,metaspace   ] GC(605) Metaspace: 28931K(29248K)->28931K(29248K) NonClass: 24054K(24192K)->24054K(24192K) Class: 4876K(5056K)->4876K(5056K)
[2977.006s][info][gc             ] GC(605) Pause Young (Mixed) (G1 Evacuation Pause) 3662M->1324M(4096M) 132.939ms
[2977.006s][info][gc,cpu         ] GC(605) User=0.79s Sys=0.00s Real=0.13s
....[2980.653s][info][gc,start       ] GC(606) Pause Young (Concurrent Start) (G1 Evacuation Pause)
[2980.654s][info][gc,task        ] GC(606) Using 6 workers of 6 for evacuation
[2980.772s][info][gc,phases      ] GC(606)   Pre Evacuate Collection Set: 0.34ms
[2980.772s][info][gc,phases      ] GC(606)   Merge Heap Roots: 0.44ms
[2980.772s][info][gc,phases      ] GC(606)   Evacuate Collection Set: 116.61ms
[2980.772s][info][gc,phases      ] GC(606)   Post Evacuate Collection Set: 0.91ms
[2980.772s][info][gc,phases      ] GC(606)   Other: 0.10ms
[2980.772s][info][gc,heap        ] GC(606) Eden regions: 1119->0(1118)
[2980.772s][info][gc,heap        ] GC(606) Survivor regions: 109->110(154)
[2980.772s][info][gc,heap        ] GC(606) Old regions: 474->506
[2980.772s][info][gc,heap        ] GC(606) Humongous regions: 80->80
[2980.772s][info][gc,metaspace   ] GC(606) Metaspace: 28931K(29248K)->28931K(29248K) NonClass: 24054K(24192K)->24054K(24192K) Class: 4876K(5056K)->4876K(5056K)
[2980.772s][info][gc             ] GC(606) Pause Young (Concurrent Start) (G1 Evacuation Pause) 3562M->1389M(4096M) 118.557ms
[2980.772s][info][gc             ] GC(607) Concurrent Mark Cycle
[2980.772s][info][gc,marking     ] GC(607) Concurrent Scan Root Regions
[2980.772s][info][gc,cpu         ] GC(606) User=0.70s Sys=0.00s Real=0.12s
[2980.954s][info][gc,marking     ] GC(607) Concurrent Scan Root Regions 181.670ms
[2980.954s][info][gc,marking     ] GC(607) Concurrent Mark
[2980.954s][info][gc,marking     ] GC(607) Concurrent Mark From Roots
[2980.954s][info][gc,task        ] GC(607) Using 2 workers of 2 for marking
.[2981.714s][info][gc,marking     ] GC(607) Concurrent Mark From Roots 760.235ms
[2981.714s][info][gc,marking     ] GC(607) Concurrent Preclean
[2981.714s][info][gc,marking     ] GC(607) Concurrent Preclean 0.088ms
[2981.715s][info][gc,start       ] GC(607) Pause Remark
[2981.718s][info][gc             ] GC(607) Pause Remark 2031M->2031M(4096M) 3.433ms
[2981.718s][info][gc,cpu         ] GC(607) User=0.02s Sys=0.00s Real=0.01s
[2981.718s][info][gc,marking     ] GC(607) Concurrent Mark 764.669ms
[2981.718s][info][gc,marking     ] GC(607) Concurrent Rebuild Remembered Sets and Scrub Regions
[2981.927s][info][gc,marking     ] GC(607) Concurrent Rebuild Remembered Sets and Scrub Regions 208.955ms
[2981.928s][info][gc,start       ] GC(607) Pause Cleanup
[2981.928s][info][gc             ] GC(607) Pause Cleanup 2160M->2160M(4096M) 0.116ms
[2981.928s][info][gc,cpu         ] GC(607) User=0.00s Sys=0.00s Real=0.00s
[2981.928s][info][gc,marking     ] GC(607) Concurrent Clear Claimed Marks
[2981.928s][info][gc,marking     ] GC(607) Concurrent Clear Claimed Marks 0.023ms
[2981.928s][info][gc,marking     ] GC(607) Concurrent Cleanup for Next Mark
[2981.932s][info][gc,marking     ] GC(607) Concurrent Cleanup for Next Mark 3.738ms
[2981.932s][info][gc             ] GC(607) Concurrent Mark Cycle 1159.484ms
...[2984.356s][info][gc,start       ] GC(608) Pause Young (Prepare Mixed) (G1 Evacuation Pause)
[2984.356s][info][gc,task        ] GC(608) Using 6 workers of 6 for evacuation
[2984.469s][info][gc,phases      ] GC(608)   Pre Evacuate Collection Set: 0.33ms
[2984.469s][info][gc,phases      ] GC(608)   Merge Heap Roots: 0.48ms
[2984.469s][info][gc,phases      ] GC(608)   Evacuate Collection Set: 111.60ms
[2984.469s][info][gc,phases      ] GC(608)   Post Evacuate Collection Set: 0.95ms
[2984.469s][info][gc,phases      ] GC(608)   Other: 0.10ms
[2984.469s][info][gc,heap        ] GC(608) Eden regions: 1118->0(1113)
[2984.469s][info][gc,heap        ] GC(608) Survivor regions: 110->107(154)
[2984.469s][info][gc,heap        ] GC(608) Old regions: 506->538
[2984.469s][info][gc,heap        ] GC(608) Humongous regions: 80->80
[2984.469s][info][gc,metaspace   ] GC(608) Metaspace: 28931K(29248K)->28931K(29248K) NonClass: 24054K(24192K)->24054K(24192K) Class: 4876K(5056K)->4876K(5056K)
[2984.469s][info][gc             ] GC(608) Pause Young (Prepare Mixed) (G1 Evacuation Pause) 3625M->1447M(4096M) 113.579ms
[2984.470s][info][gc,cpu         ] GC(608) User=0.67s Sys=0.00s Real=0.12s
....[2988.248s][info][gc,start       ] GC(609) Pause Young (Mixed) (G1 Evacuation Pause)
[2988.248s][info][gc,task        ] GC(609) Using 6 workers of 6 for evacuation
[2988.383s][info][gc,phases      ] GC(609)   Pre Evacuate Collection Set: 0.37ms
[2988.383s][info][gc,phases      ] GC(609)   Merge Heap Roots: 0.70ms
[2988.383s][info][gc,phases      ] GC(609)   Evacuate Collection Set: 132.31ms
[2988.383s][info][gc,phases      ] GC(609)   Post Evacuate Collection Set: 0.95ms
[2988.383s][info][gc,phases      ] GC(609)   Other: 0.09ms
[2988.383s][info][gc,heap        ] GC(609) Eden regions: 1113->0(1118)
[2988.383s][info][gc,heap        ] GC(609) Survivor regions: 107->110(153)
[2988.383s][info][gc,heap        ] GC(609) Old regions: 538->472
[2988.383s][info][gc,heap        ] GC(609) Humongous regions: 80->80
[2988.383s][info][gc,metaspace   ] GC(609) Metaspace: 28931K(29248K)->28931K(29248K) NonClass: 24054K(24192K)->24054K(24192K) Class: 4876K(5056K)->4876K(5056K)
[2988.383s][info][gc             ] GC(609) Pause Young (Mixed) (G1 Evacuation Pause) 3673M->1323M(4096M) 134.567ms
[2988.383s][info][gc,cpu         ] GC(609) User=0.80s Sys=0.00s Real=0.13s
....[2992.033s][info][gc,start       ] GC(610) Pause Young (Concurrent Start) (G1 Evacuation Pause)
[2992.033s][info][gc,task        ] GC(610) Using 6 workers of 6 for evacuation
[2992.151s][info][gc,phases      ] GC(610)   Pre Evacuate Collection Set: 0.35ms
[2992.151s][info][gc,phases      ] GC(610)   Merge Heap Roots: 0.52ms
[2992.151s][info][gc,phases      ] GC(610)   Evacuate Collection Set: 115.64ms
[2992.151s][info][gc,phases      ] GC(610)   Post Evacuate Collection Set: 0.85ms
[2992.151s][info][gc,phases      ] GC(610)   Other: 0.12ms
[2992.151s][info][gc,heap        ] GC(610) Eden regions: 1118->0(1118)
[2992.151s][info][gc,heap        ] GC(610) Survivor regions: 110->110(154)
[2992.151s][info][gc,heap        ] GC(610) Old regions: 472->503
[2992.151s][info][gc,heap        ] GC(610) Humongous regions: 80->80
[2992.151s][info][gc,metaspace   ] GC(610) Metaspace: 28931K(29248K)->28931K(29248K) NonClass: 24054K(24192K)->24054K(24192K) Class: 4876K(5056K)->4876K(5056K)
[2992.151s][info][gc             ] GC(610) Pause Young (Concurrent Start) (G1 Evacuation Pause) 3559M->1384M(4096M) 117.625ms
[2992.151s][info][gc             ] GC(611) Concurrent Mark Cycle
[2992.151s][info][gc,marking     ] GC(611) Concurrent Scan Root Regions
[2992.151s][info][gc,cpu         ] GC(610) User=0.70s Sys=0.00s Real=0.12s
[2992.291s][info][gc,marking     ] GC(611) Concurrent Scan Root Regions 139.923ms
[2992.291s][info][gc,marking     ] GC(611) Concurrent Mark
[2992.291s][info][gc,marking     ] GC(611) Concurrent Mark From Roots
[2992.291s][info][gc,task        ] GC(611) Using 2 workers of 2 for marking
[2992.992s][info][gc,marking     ] GC(611) Concurrent Mark From Roots 701.497ms
[2992.992s][info][gc,marking     ] GC(611) Concurrent Preclean
[2992.993s][info][gc,marking     ] GC(611) Concurrent Preclean 0.089ms
[2992.994s][info][gc,start       ] GC(611) Pause Remark
[2992.997s][info][gc             ] GC(611) Pause Remark 1998M->1998M(4096M) 3.553ms
[2992.997s][info][gc,cpu         ] GC(611) User=0.01s Sys=0.00s Real=0.01s
[2992.998s][info][gc,marking     ] GC(611) Concurrent Mark 706.709ms
[2992.998s][info][gc,marking     ] GC(611) Concurrent Rebuild Remembered Sets and Scrub Regions
.[2993.352s][info][gc,marking     ] GC(611) Concurrent Rebuild Remembered Sets and Scrub Regions 353.917ms
[2993.352s][info][gc,start       ] GC(611) Pause Cleanup
[2993.352s][info][gc             ] GC(611) Pause Cleanup 2210M->2210M(4096M) 0.112ms
[2993.352s][info][gc,cpu         ] GC(611) User=0.00s Sys=0.00s Real=0.00s
[2993.352s][info][gc,marking     ] GC(611) Concurrent Clear Claimed Marks
[2993.352s][info][gc,marking     ] GC(611) Concurrent Clear Claimed Marks 0.024ms
[2993.352s][info][gc,marking     ] GC(611) Concurrent Cleanup for Next Mark
[2993.356s][info][gc,marking     ] GC(611) Concurrent Cleanup for Next Mark 4.340ms
[2993.356s][info][gc             ] GC(611) Concurrent Mark Cycle 1205.509ms
..[2995.796s][info][gc,start       ] GC(612) Pause Young (Prepare Mixed) (G1 Evacuation Pause)
[2995.796s][info][gc,task        ] GC(612) Using 6 workers of 6 for evacuation
[2995.913s][info][gc,phases      ] GC(612)   Pre Evacuate Collection Set: 0.35ms
[2995.913s][info][gc,phases      ] GC(612)   Merge Heap Roots: 0.47ms
[2995.913s][info][gc,phases      ] GC(612)   Evacuate Collection Set: 114.60ms
[2995.913s][info][gc,phases      ] GC(612)   Post Evacuate Collection Set: 0.93ms
[2995.913s][info][gc,phases      ] GC(612)   Other: 0.09ms
[2995.913s][info][gc,heap        ] GC(612) Eden regions: 1118->0(1113)
[2995.913s][info][gc,heap        ] GC(612) Survivor regions: 110->108(154)
[2995.913s][info][gc,heap        ] GC(612) Old regions: 503->536
[2995.913s][info][gc,heap        ] GC(612) Humongous regions: 80->80
[2995.913s][info][gc,metaspace   ] GC(612) Metaspace: 28931K(29248K)->28931K(29248K) NonClass: 24054K(24192K)->24054K(24192K) Class: 4876K(5056K)->4876K(5056K)
[2995.913s][info][gc             ] GC(612) Pause Young (Prepare Mixed) (G1 Evacuation Pause) 3620M->1447M(4096M) 116.573ms
[2995.913s][info][gc,cpu         ] GC(612) User=0.69s Sys=0.00s Real=0.12s
....[2999.557s][info][gc,start       ] GC(613) Pause Young (Mixed) (G1 Evacuation Pause)
[2999.557s][info][gc,task        ] GC(613) Using 6 workers of 6 for evacuation
[2999.690s][info][gc,phases      ] GC(613)   Pre Evacuate Collection Set: 0.38ms
[2999.690s][info][gc,phases      ] GC(613)   Merge Heap Roots: 0.64ms
[2999.690s][info][gc,phases      ] GC(613)   Evacuate Collection Set: 130.40ms
[2999.690s][info][gc,phases      ] GC(613)   Post Evacuate Collection Set: 0.94ms
[2999.690s][info][gc,phases      ] GC(613)   Other: 0.09ms
[2999.690s][info][gc,heap        ] GC(613) Eden regions: 1113->0(1119)
[2999.690s][info][gc,heap        ] GC(613) Survivor regions: 108->109(153)
[2999.690s][info][gc,heap        ] GC(613) Old regions: 536->473
[2999.690s][info][gc,heap        ] GC(613) Humongous regions: 80->80
[2999.690s][info][gc,metaspace   ] GC(613) Metaspace: 28931K(29248K)->28931K(29248K) NonClass: 24054K(24192K)->24054K(24192K) Class: 4876K(5056K)->4876K(5056K)
[2999.690s][info][gc             ] GC(613) Pause Young (Mixed) (G1 Evacuation Pause) 3673M->1321M(4096M) 132.582ms
[2999.690s][info][gc,cpu         ] GC(613) User=0.78s Sys=0.01s Real=0.13s
....[3003.370s][info][gc,start       ] GC(614) Pause Young (Concurrent Start) (G1 Evacuation Pause)
[3003.370s][info][gc,task        ] GC(614) Using 6 workers of 6 for evacuation
[3003.488s][info][gc,phases      ] GC(614)   Pre Evacuate Collection Set: 0.36ms
[3003.488s][info][gc,phases      ] GC(614)   Merge Heap Roots: 0.43ms
[3003.488s][info][gc,phases      ] GC(614)   Evacuate Collection Set: 115.82ms
[3003.488s][info][gc,phases      ] GC(614)   Post Evacuate Collection Set: 0.89ms
[3003.488s][info][gc,phases      ] GC(614)   Other: 0.11ms
[3003.488s][info][gc,heap        ] GC(614) Eden regions: 1119->0(1120)
[3003.488s][info][gc,heap        ] GC(614) Survivor regions: 109->108(154)
[3003.488s][info][gc,heap        ] GC(614) Old regions: 473->505
[3003.488s][info][gc,heap        ] GC(614) Humongous regions: 80->80
[3003.488s][info][gc,metaspace   ] GC(614) Metaspace: 28931K(29248K)->28931K(29248K) NonClass: 24054K(24192K)->24054K(24192K) Class: 4876K(5056K)->4876K(5056K)
[3003.488s][info][gc             ] GC(614) Pause Young (Concurrent Start) (G1 Evacuation Pause) 3559M->1384M(4096M) 117.735ms
[3003.488s][info][gc             ] GC(615) Concurrent Mark Cycle
[3003.488s][info][gc,marking     ] GC(615) Concurrent Scan Root Regions
[3003.488s][info][gc,cpu         ] GC(614) User=0.70s Sys=0.00s Real=0.12s
[3003.666s][info][gc,marking     ] GC(615) Concurrent Scan Root Regions 177.590ms
[3003.666s][info][gc,marking     ] GC(615) Concurrent Mark
[3003.666s][info][gc,marking     ] GC(615) Concurrent Mark From Roots
[3003.666s][info][gc,task        ] GC(615) Using 2 workers of 2 for marking
.[3004.616s][info][gc,marking     ] GC(615) Concurrent Mark From Roots 949.944ms
[3004.616s][info][gc,marking     ] GC(615) Concurrent Preclean
[3004.616s][info][gc,marking     ] GC(615) Concurrent Preclean 0.108ms
[3004.617s][info][gc,start       ] GC(615) Pause Remark
[3004.621s][info][gc             ] GC(615) Pause Remark 2172M->2172M(4096M) 4.058ms
[3004.621s][info][gc,cpu         ] GC(615) User=0.03s Sys=0.00s Real=0.01s
[3004.621s][info][gc,marking     ] GC(615) Concurrent Mark 955.571ms
[3004.621s][info][gc,marking     ] GC(615) Concurrent Rebuild Remembered Sets and Scrub Regions
[3005.024s][info][gc,marking     ] GC(615) Concurrent Rebuild Remembered Sets and Scrub Regions 402.868ms
[3005.024s][info][gc,start       ] GC(615) Pause Cleanup
[3005.024s][info][gc             ] GC(615) Pause Cleanup 2418M->2418M(4096M) 0.107ms
[3005.024s][info][gc,cpu         ] GC(615) User=0.00s Sys=0.00s Real=0.00s
[3005.025s][info][gc,marking     ] GC(615) Concurrent Clear Claimed Marks
[3005.025s][info][gc,marking     ] GC(615) Concurrent Clear Claimed Marks 0.032ms
[3005.025s][info][gc,marking     ] GC(615) Concurrent Cleanup for Next Mark
[3005.028s][info][gc,marking     ] GC(615) Concurrent Cleanup for Next Mark 3.445ms
[3005.028s][info][gc             ] GC(615) Concurrent Mark Cycle 1539.945ms
...[3007.117s][info][gc,start       ] GC(616) Pause Young (Prepare Mixed) (G1 Evacuation Pause)
[3007.117s][info][gc,task        ] GC(616) Using 6 workers of 6 for evacuation
[3007.238s][info][gc,phases      ] GC(616)   Pre Evacuate Collection Set: 0.32ms
[3007.238s][info][gc,phases      ] GC(616)   Merge Heap Roots: 0.52ms
[3007.238s][info][gc,phases      ] GC(616)   Evacuate Collection Set: 119.40ms
[3007.238s][info][gc,phases      ] GC(616)   Post Evacuate Collection Set: 0.93ms
[3007.238s][info][gc,phases      ] GC(616)   Other: 0.09ms
[3007.238s][info][gc,heap        ] GC(616) Eden regions: 1120->0(1103)
[3007.238s][info][gc,heap        ] GC(616) Survivor regions: 108->113(154)
[3007.238s][info][gc,heap        ] GC(616) Old regions: 505->536
[3007.238s][info][gc,heap        ] GC(616) Humongous regions: 80->80
[3007.238s][info][gc,metaspace   ] GC(616) Metaspace: 28931K(29248K)->28931K(29248K) NonClass: 24054K(24192K)->24054K(24192K) Class: 4876K(5056K)->4876K(5056K)
[3007.238s][info][gc             ] GC(616) Pause Young (Prepare Mixed) (G1 Evacuation Pause) 3624M->1457M(4096M) 121.411ms
[3007.238s][info][gc,cpu         ] GC(616) User=0.72s Sys=0.00s Real=0.12s
...[3010.861s][info][gc,start       ] GC(617) Pause Young (Mixed) (G1 Evacuation Pause)
[3010.861s][info][gc,task        ] GC(617) Using 6 workers of 6 for evacuation
[3010.992s][info][gc,phases      ] GC(617)   Pre Evacuate Collection Set: 0.35ms
[3010.992s][info][gc,phases      ] GC(617)   Merge Heap Roots: 0.61ms
[3010.992s][info][gc,phases      ] GC(617)   Evacuate Collection Set: 128.95ms
[3010.992s][info][gc,phases      ] GC(617)   Post Evacuate Collection Set: 0.95ms
[3010.992s][info][gc,phases      ] GC(617)   Other: 0.09ms
[3010.992s][info][gc,heap        ] GC(617) Eden regions: 1103->0(1120)
[3010.992s][info][gc,heap        ] GC(617) Survivor regions: 113->108(152)
[3010.992s][info][gc,heap        ] GC(617) Old regions: 536->473
[3010.992s][info][gc,heap        ] GC(617) Humongous regions: 80->80
[3010.992s][info][gc,metaspace   ] GC(617) Metaspace: 28931K(29248K)->28931K(29248K) NonClass: 24054K(24192K)->24054K(24192K) Class: 4876K(5056K)->4876K(5056K)
[3010.992s][info][gc             ] GC(617) Pause Young (Mixed) (G1 Evacuation Pause) 3663M->1319M(4096M) 131.081ms
[3010.992s][info][gc,cpu         ] GC(617) User=0.78s Sys=0.00s Real=0.13s
....[3014.661s][info][gc,start       ] GC(618) Pause Young (Concurrent Start) (G1 Evacuation Pause)
[3014.661s][info][gc,task        ] GC(618) Using 6 workers of 6 for evacuation
[3014.777s][info][gc,phases      ] GC(618)   Pre Evacuate Collection Set: 0.36ms
[3014.777s][info][gc,phases      ] GC(618)   Merge Heap Roots: 0.44ms
[3014.777s][info][gc,phases      ] GC(618)   Evacuate Collection Set: 114.00ms
[3014.777s][info][gc,phases      ] GC(618)   Post Evacuate Collection Set: 0.87ms
[3014.777s][info][gc,phases      ] GC(618)   Other: 0.11ms
[3014.777s][info][gc,heap        ] GC(618) Eden regions: 1120->0(1120)
[3014.777s][info][gc,heap        ] GC(618) Survivor regions: 108->108(154)
[3014.777s][info][gc,heap        ] GC(618) Old regions: 473->504
[3014.777s][info][gc,heap        ] GC(618) Humongous regions: 80->80
[3014.777s][info][gc,metaspace   ] GC(618) Metaspace: 28931K(29248K)->28931K(29248K) NonClass: 24054K(24192K)->24054K(24192K) Class: 4876K(5056K)->4876K(5056K)
[3014.777s][info][gc             ] GC(618) Pause Young (Concurrent Start) (G1 Evacuation Pause) 3559M->1382M(4096M) 115.907ms
[3014.777s][info][gc             ] GC(619) Concurrent Mark Cycle
[3014.777s][info][gc,marking     ] GC(619) Concurrent Scan Root Regions
[3014.777s][info][gc,cpu         ] GC(618) User=0.69s Sys=0.00s Real=0.11s
[3014.950s][info][gc,marking     ] GC(619) Concurrent Scan Root Regions 173.330ms
[3014.950s][info][gc,marking     ] GC(619) Concurrent Mark
[3014.950s][info][gc,marking     ] GC(619) Concurrent Mark From Roots
[3014.950s][info][gc,task        ] GC(619) Using 2 workers of 2 for marking
.[3015.949s][info][gc,marking     ] GC(619) Concurrent Mark From Roots 998.517ms
[3015.949s][info][gc,marking     ] GC(619) Concurrent Preclean
[3015.949s][info][gc,marking     ] GC(619) Concurrent Preclean 0.084ms
[3015.949s][info][gc,start       ] GC(619) Pause Remark
[3015.953s][info][gc             ] GC(619) Pause Remark 2170M->2170M(4096M) 4.138ms
[3015.953s][info][gc,cpu         ] GC(619) User=0.03s Sys=0.00s Real=0.00s
[3015.953s][info][gc,marking     ] GC(619) Concurrent Mark 1003.017ms
[3015.953s][info][gc,marking     ] GC(619) Concurrent Rebuild Remembered Sets and Scrub Regions
.[3016.314s][info][gc,marking     ] GC(619) Concurrent Rebuild Remembered Sets and Scrub Regions 361.009ms
[3016.314s][info][gc,start       ] GC(619) Pause Cleanup
[3016.314s][info][gc             ] GC(619) Pause Cleanup 2375M->2375M(4096M) 0.103ms
[3016.314s][info][gc,cpu         ] GC(619) User=0.00s Sys=0.00s Real=0.00s
[3016.314s][info][gc,marking     ] GC(619) Concurrent Clear Claimed Marks
[3016.314s][info][gc,marking     ] GC(619) Concurrent Clear Claimed Marks 0.022ms
[3016.314s][info][gc,marking     ] GC(619) Concurrent Cleanup for Next Mark
[3016.319s][info][gc,marking     ] GC(619) Concurrent Cleanup for Next Mark 4.368ms
[3016.319s][info][gc             ] GC(619) Concurrent Mark Cycle 1542.213ms
..[3018.409s][info][gc,start       ] GC(620) Pause Young (Prepare Mixed) (G1 Evacuation Pause)
[3018.409s][info][gc,task        ] GC(620) Using 6 workers of 6 for evacuation
[3018.524s][info][gc,phases      ] GC(620)   Pre Evacuate Collection Set: 0.34ms
[3018.524s][info][gc,phases      ] GC(620)   Merge Heap Roots: 0.48ms
[3018.524s][info][gc,phases      ] GC(620)   Evacuate Collection Set: 113.01ms
[3018.524s][info][gc,phases      ] GC(620)   Post Evacuate Collection Set: 0.95ms
[3018.524s][info][gc,phases      ] GC(620)   Other: 0.08ms
[3018.524s][info][gc,heap        ] GC(620) Eden regions: 1120->0(1116)
[3018.524s][info][gc,heap        ] GC(620) Survivor regions: 108->107(154)
[3018.524s][info][gc,heap        ] GC(620) Old regions: 504->535
[3018.524s][info][gc,heap        ] GC(620) Humongous regions: 80->80
[3018.524s][info][gc,metaspace   ] GC(620) Metaspace: 28931K(29248K)->28931K(29248K) NonClass: 24054K(24192K)->24054K(24192K) Class: 4876K(5056K)->4876K(5056K)
[3018.524s][info][gc             ] GC(620) Pause Young (Prepare Mixed) (G1 Evacuation Pause) 3622M->1443M(4096M) 114.998ms
[3018.524s][info][gc,cpu         ] GC(620) User=0.68s Sys=0.00s Real=0.11s
....[3022.183s][info][gc,start       ] GC(621) Pause Young (Mixed) (G1 Evacuation Pause)
[3022.183s][info][gc,task        ] GC(621) Using 6 workers of 6 for evacuation
[3022.322s][info][gc,phases      ] GC(621)   Pre Evacuate Collection Set: 0.37ms
[3022.322s][info][gc,phases      ] GC(621)   Merge Heap Roots: 0.71ms
[3022.322s][info][gc,phases      ] GC(621)   Evacuate Collection Set: 136.91ms
[3022.322s][info][gc,phases      ] GC(621)   Post Evacuate Collection Set: 0.96ms
[3022.322s][info][gc,phases      ] GC(621)   Other: 0.09ms
[3022.322s][info][gc,heap        ] GC(621) Eden regions: 1116->0(1117)
[3022.322s][info][gc,heap        ] GC(621) Survivor regions: 107->111(153)
[3022.322s][info][gc,heap        ] GC(621) Old regions: 535->471
[3022.322s][info][gc,heap        ] GC(621) Humongous regions: 80->80
[3022.322s][info][gc,metaspace   ] GC(621) Metaspace: 28931K(29248K)->28931K(29248K) NonClass: 24054K(24192K)->24054K(24192K) Class: 4876K(5056K)->4876K(5056K)
[3022.322s][info][gc             ] GC(621) Pause Young (Mixed) (G1 Evacuation Pause) 3675M->1322M(4096M) 139.175ms
[3022.322s][info][gc,cpu         ] GC(621) User=0.82s Sys=0.00s Real=0.14s
...[3025.955s][info][gc,start       ] GC(622) Pause Young (Concurrent Start) (G1 Evacuation Pause)
[3025.955s][info][gc,task        ] GC(622) Using 6 workers of 6 for evacuation
[3026.075s][info][gc,phases      ] GC(622)   Pre Evacuate Collection Set: 0.39ms
[3026.075s][info][gc,phases      ] GC(622)   Merge Heap Roots: 0.49ms
[3026.075s][info][gc,phases      ] GC(622)   Evacuate Collection Set: 118.20ms
[3026.075s][info][gc,phases      ] GC(622)   Post Evacuate Collection Set: 0.90ms
[3026.075s][info][gc,phases      ] GC(622)   Other: 0.12ms
[3026.075s][info][gc,heap        ] GC(622) Eden regions: 1117->0(1116)
[3026.075s][info][gc,heap        ] GC(622) Survivor regions: 111->112(154)
[3026.075s][info][gc,heap        ] GC(622) Old regions: 471->503
[3026.075s][info][gc,heap        ] GC(622) Humongous regions: 80->80
[3026.075s][info][gc,metaspace   ] GC(622) Metaspace: 28931K(29248K)->28931K(29248K) NonClass: 24054K(24192K)->24054K(24192K) Class: 4876K(5056K)->4876K(5056K)
[3026.075s][info][gc             ] GC(622) Pause Young (Concurrent Start) (G1 Evacuation Pause) 3556M->1387M(4096M) 120.278ms
[3026.075s][info][gc             ] GC(623) Concurrent Mark Cycle
[3026.075s][info][gc,marking     ] GC(623) Concurrent Scan Root Regions
[3026.075s][info][gc,cpu         ] GC(622) User=0.71s Sys=0.00s Real=0.12s
.[3026.216s][info][gc,marking     ] GC(623) Concurrent Scan Root Regions 140.147ms
[3026.216s][info][gc,marking     ] GC(623) Concurrent Mark
[3026.216s][info][gc,marking     ] GC(623) Concurrent Mark From Roots
[3026.216s][info][gc,task        ] GC(623) Using 2 workers of 2 for marking
[3026.876s][info][gc,marking     ] GC(623) Concurrent Mark From Roots 660.541ms
[3026.876s][info][gc,marking     ] GC(623) Concurrent Preclean
[3026.876s][info][gc,marking     ] GC(623) Concurrent Preclean 0.102ms
[3026.877s][info][gc,start       ] GC(623) Pause Remark
[3026.880s][info][gc             ] GC(623) Pause Remark 1918M->1918M(4096M) 3.423ms
[3026.880s][info][gc,cpu         ] GC(623) User=0.01s Sys=0.00s Real=0.01s
[3026.883s][info][gc,marking     ] GC(623) Concurrent Mark 667.113ms
[3026.883s][info][gc,marking     ] GC(623) Concurrent Rebuild Remembered Sets and Scrub Regions
.[3027.118s][info][gc,marking     ] GC(623) Concurrent Rebuild Remembered Sets and Scrub Regions 235.370ms
[3027.118s][info][gc,start       ] GC(623) Pause Cleanup
[3027.119s][info][gc             ] GC(623) Pause Cleanup 2065M->2065M(4096M) 0.111ms
[3027.119s][info][gc,cpu         ] GC(623) User=0.00s Sys=0.00s Real=0.00s
[3027.119s][info][gc,marking     ] GC(623) Concurrent Clear Claimed Marks
[3027.119s][info][gc,marking     ] GC(623) Concurrent Clear Claimed Marks 0.028ms
[3027.119s][info][gc,marking     ] GC(623) Concurrent Cleanup for Next Mark
[3027.122s][info][gc,marking     ] GC(623) Concurrent Cleanup for Next Mark 3.696ms
[3027.122s][info][gc             ] GC(623) Concurrent Mark Cycle 1047.096ms
..[3029.847s][info][gc,start       ] GC(624) Pause Young (Prepare Mixed) (G1 Evacuation Pause)
[3029.847s][info][gc,task        ] GC(624) Using 6 workers of 6 for evacuation
[3029.964s][info][gc,phases      ] GC(624)   Pre Evacuate Collection Set: 0.33ms
[3029.964s][info][gc,phases      ] GC(624)   Merge Heap Roots: 0.48ms
[3029.964s][info][gc,phases      ] GC(624)   Evacuate Collection Set: 114.88ms
[3029.964s][info][gc,phases      ] GC(624)   Post Evacuate Collection Set: 0.92ms
[3029.964s][info][gc,phases      ] GC(624)   Other: 0.09ms
[3029.964s][info][gc,heap        ] GC(624) Eden regions: 1116->0(1112)
[3029.964s][info][gc,heap        ] GC(624) Survivor regions: 112->109(154)
[3029.964s][info][gc,heap        ] GC(624) Old regions: 503->535
[3029.964s][info][gc,heap        ] GC(624) Humongous regions: 80->80
[3029.964s][info][gc,metaspace   ] GC(624) Metaspace: 28931K(29248K)->28931K(29248K) NonClass: 24054K(24192K)->24054K(24192K) Class: 4876K(5056K)->4876K(5056K)
[3029.964s][info][gc             ] GC(624) Pause Young (Prepare Mixed) (G1 Evacuation Pause) 3619M->1446M(4096M) 116.834ms
[3029.964s][info][gc,cpu         ] GC(624) User=0.70s Sys=0.00s Real=0.11s
.... (rIR:aIR:PR = 4981:4981:4981) (tPR = 74351) [OK] 
  3032s: Performance info:
         Transaction,    Success,    Partial,     Failed,   Receipts, AvgBarcode, 
             Overall,     299741,          0,          0,     284754,      59.48, 
         Response times:
             Request,    Success,    Partial,     Failed,   SkipFail,     Probes,    Samples,      min,      p50,      p90,      p95,      p99,      max, 
       TotalPurchase,     284754,          0,          0,          0,     279277,     309036,      300,     3900,     8100,    17600,    58000,   289000,
     InStorePurchase,     149830,          0,          0,          0,     147082,     162600,      300,     3700,     7800,    16400,    57000,   289000,
      OnlinePurchase,     104910,          0,          0,          0,     102801,     113666,      300,     4000,     8400,    19000,    58000,   217000,
        InstPurchase,      30014,          0,          0,          0,      29394,      32770,      500,     4800,     9000,    19600,    65000,   217000,
          AssocOfCat,        296,          0,          0,          0,        217,        301,    19500,    31000,    46800,    59900,   138760,   169000,
      AssocOfProduct,       3000,          0,          0,          0,       2800,       3269,      600,     4800,     8800,    21000,    59000,   160000,
      BusinessReport,        745,          0,          0,          0,        622,        798,    21000,    34000,    61200,    78000,   172140,   242000,
          CustBuyBeh,       2986,          0,          0,          0,       2810,       3315,      200,     4900,     9400,    22000,    61840,   140000,
       ProductReturn,       7960,          0,          0,          0,       7564,       8595,      200,     3200,     8000,    16600,    58000,   193000,

  3032s: (37%)   IR =   5120 [3033.544s][info][gc,start       ] GC(625) Pause Young (Mixed) (G1 Evacuation Pause)
[3033.544s][info][gc,task        ] GC(625) Using 6 workers of 6 for evacuation
[3033.676s][info][gc,phases      ] GC(625)   Pre Evacuate Collection Set: 0.38ms
[3033.676s][info][gc,phases      ] GC(625)   Merge Heap Roots: 0.67ms
[3033.676s][info][gc,phases      ] GC(625)   Evacuate Collection Set: 130.32ms
[3033.676s][info][gc,phases      ] GC(625)   Post Evacuate Collection Set: 0.94ms
[3033.676s][info][gc,phases      ] GC(625)   Other: 0.09ms
[3033.676s][info][gc,heap        ] GC(625) Eden regions: 1112->0(1118)
[3033.676s][info][gc,heap        ] GC(625) Survivor regions: 109->110(153)
[3033.676s][info][gc,heap        ] GC(625) Old regions: 535->472
[3033.676s][info][gc,heap        ] GC(625) Humongous regions: 80->80
[3033.676s][info][gc,metaspace   ] GC(625) Metaspace: 28931K(29248K)->28931K(29248K) NonClass: 24054K(24192K)->24054K(24192K) Class: 4876K(5056K)->4876K(5056K)
[3033.676s][info][gc             ] GC(625) Pause Young (Mixed) (G1 Evacuation Pause) 3670M->1322M(4096M) 132.536ms
[3033.676s][info][gc,cpu         ] GC(625) User=0.78s Sys=0.00s Real=0.13s
....[3037.207s][info][gc,start       ] GC(626) Pause Young (Concurrent Start) (G1 Evacuation Pause)
[3037.207s][info][gc,task        ] GC(626) Using 6 workers of 6 for evacuation
[3037.330s][info][gc,phases      ] GC(626)   Pre Evacuate Collection Set: 0.38ms
[3037.330s][info][gc,phases      ] GC(626)   Merge Heap Roots: 0.49ms
[3037.330s][info][gc,phases      ] GC(626)   Evacuate Collection Set: 121.15ms
[3037.330s][info][gc,phases      ] GC(626)   Post Evacuate Collection Set: 0.94ms
[3037.330s][info][gc,phases      ] GC(626)   Other: 0.13ms
[3037.330s][info][gc,heap        ] GC(626) Eden regions: 1118->0(1115)
[3037.330s][info][gc,heap        ] GC(626) Survivor regions: 110->113(154)
[3037.330s][info][gc,heap        ] GC(626) Old regions: 472->504
[3037.330s][info][gc,heap        ] GC(626) Humongous regions: 80->80
[3037.330s][info][gc,metaspace   ] GC(626) Metaspace: 28931K(29248K)->28931K(29248K) NonClass: 24054K(24192K)->24054K(24192K) Class: 4876K(5056K)->4876K(5056K)
[3037.330s][info][gc             ] GC(626) Pause Young (Concurrent Start) (G1 Evacuation Pause) 3558M->1393M(4096M) 123.220ms
[3037.330s][info][gc             ] GC(627) Concurrent Mark Cycle
[3037.330s][info][gc,marking     ] GC(627) Concurrent Scan Root Regions
[3037.330s][info][gc,cpu         ] GC(626) User=0.73s Sys=0.00s Real=0.12s
[3037.515s][info][gc,marking     ] GC(627) Concurrent Scan Root Regions 184.247ms
[3037.515s][info][gc,marking     ] GC(627) Concurrent Mark
[3037.515s][info][gc,marking     ] GC(627) Concurrent Mark From Roots
[3037.515s][info][gc,task        ] GC(627) Using 2 workers of 2 for marking
.|[3038.302s][info][gc,marking     ] GC(627) Concurrent Mark From Roots 787.461ms
[3038.302s][info][gc,marking     ] GC(627) Concurrent Preclean
[3038.302s][info][gc,marking     ] GC(627) Concurrent Preclean 0.102ms
[3038.302s][info][gc,start       ] GC(627) Pause Remark
[3038.306s][info][gc             ] GC(627) Pause Remark 2089M->2089M(4096M) 3.782ms
[3038.306s][info][gc,cpu         ] GC(627) User=0.02s Sys=0.00s Real=0.00s
[3038.306s][info][gc,marking     ] GC(627) Concurrent Mark 791.601ms
[3038.306s][info][gc,marking     ] GC(627) Concurrent Rebuild Remembered Sets and Scrub Regions
[3038.537s][info][gc,marking     ] GC(627) Concurrent Rebuild Remembered Sets and Scrub Regions 230.241ms
[3038.537s][info][gc,start       ] GC(627) Pause Cleanup
[3038.537s][info][gc             ] GC(627) Pause Cleanup 2213M->2213M(4096M) 0.111ms
[3038.537s][info][gc,cpu         ] GC(627) User=0.00s Sys=0.00s Real=0.01s
[3038.537s][info][gc,marking     ] GC(627) Concurrent Clear Claimed Marks
[3038.537s][info][gc,marking     ] GC(627) Concurrent Clear Claimed Marks 0.021ms
[3038.537s][info][gc,marking     ] GC(627) Concurrent Cleanup for Next Mark
[3038.540s][info][gc,marking     ] GC(627) Concurrent Cleanup for Next Mark 3.234ms
[3038.540s][info][gc             ] GC(627) Concurrent Mark Cycle 1209.777ms
..[3040.884s][info][gc,start       ] GC(628) Pause Young (Prepare Mixed) (G1 Evacuation Pause)
[3040.884s][info][gc,task        ] GC(628) Using 6 workers of 6 for evacuation
[3041.007s][info][gc,phases      ] GC(628)   Pre Evacuate Collection Set: 0.33ms
[3041.007s][info][gc,phases      ] GC(628)   Merge Heap Roots: 0.51ms
[3041.007s][info][gc,phases      ] GC(628)   Evacuate Collection Set: 121.29ms
[3041.007s][info][gc,phases      ] GC(628)   Post Evacuate Collection Set: 0.94ms
[3041.007s][info][gc,phases      ] GC(628)   Other: 0.09ms
[3041.007s][info][gc,heap        ] GC(628) Eden regions: 1115->0(1105)
[3041.007s][info][gc,heap        ] GC(628) Survivor regions: 113->112(154)
[3041.007s][info][gc,heap        ] GC(628) Old regions: 504->536
[3041.007s][info][gc,heap        ] GC(628) Humongous regions: 80->80
[3041.007s][info][gc,metaspace   ] GC(628) Metaspace: 28931K(29248K)->28931K(29248K) NonClass: 24054K(24192K)->24054K(24192K) Class: 4876K(5056K)->4876K(5056K)
[3041.007s][info][gc             ] GC(628) Pause Young (Prepare Mixed) (G1 Evacuation Pause) 3623M->1455M(4096M) 123.299ms
[3041.007s][info][gc,cpu         ] GC(628) User=0.73s Sys=0.00s Real=0.13s
....[3044.505s][info][gc,start       ] GC(629) Pause Young (Mixed) (G1 Evacuation Pause)
[3044.505s][info][gc,task        ] GC(629) Using 6 workers of 6 for evacuation
[3044.636s][info][gc,phases      ] GC(629)   Pre Evacuate Collection Set: 0.38ms
[3044.636s][info][gc,phases      ] GC(629)   Merge Heap Roots: 0.63ms
[3044.636s][info][gc,phases      ] GC(629)   Evacuate Collection Set: 128.41ms
[3044.636s][info][gc,phases      ] GC(629)   Post Evacuate Collection Set: 0.94ms
[3044.636s][info][gc,phases      ] GC(629)   Other: 0.08ms
[3044.636s][info][gc,heap        ] GC(629) Eden regions: 1105->0(1121)
[3044.636s][info][gc,heap        ] GC(629) Survivor regions: 112->107(153)
[3044.636s][info][gc,heap        ] GC(629) Old regions: 536->473
[3044.636s][info][gc,heap        ] GC(629) Humongous regions: 80->80
[3044.636s][info][gc,metaspace   ] GC(629) Metaspace: 28931K(29248K)->28931K(29248K) NonClass: 24054K(24192K)->24054K(24192K) Class: 4876K(5056K)->4876K(5056K)
[3044.636s][info][gc             ] GC(629) Pause Young (Mixed) (G1 Evacuation Pause) 3665M->1317M(4096M) 130.580ms
[3044.636s][info][gc,cpu         ] GC(629) User=0.77s Sys=0.00s Real=0.13s
....[3048.249s][info][gc,start       ] GC(630) Pause Young (Concurrent Start) (G1 Evacuation Pause)
[3048.249s][info][gc,task        ] GC(630) Using 6 workers of 6 for evacuation
[3048.366s][info][gc,phases      ] GC(630)   Pre Evacuate Collection Set: 0.40ms
[3048.366s][info][gc,phases      ] GC(630)   Merge Heap Roots: 0.44ms
[3048.366s][info][gc,phases      ] GC(630)   Evacuate Collection Set: 115.30ms
[3048.366s][info][gc,phases      ] GC(630)   Post Evacuate Collection Set: 0.88ms
[3048.366s][info][gc,phases      ] GC(630)   Other: 0.11ms
[3048.366s][info][gc,heap        ] GC(630) Eden regions: 1121->0(1119)
[3048.366s][info][gc,heap        ] GC(630) Survivor regions: 107->109(154)
[3048.366s][info][gc,heap        ] GC(630) Old regions: 473->504
[3048.366s][info][gc,heap        ] GC(630) Humongous regions: 80->80
[3048.366s][info][gc,metaspace   ] GC(630) Metaspace: 28931K(29248K)->28931K(29248K) NonClass: 24054K(24192K)->24054K(24192K) Class: 4876K(5056K)->4876K(5056K)
[3048.366s][info][gc             ] GC(630) Pause Young (Concurrent Start) (G1 Evacuation Pause) 3559M->1385M(4096M) 117.243ms
[3048.366s][info][gc             ] GC(631) Concurrent Mark Cycle
[3048.366s][info][gc,marking     ] GC(631) Concurrent Scan Root Regions
[3048.366s][info][gc,cpu         ] GC(630) User=0.69s Sys=0.01s Real=0.11s
[3048.506s][info][gc,marking     ] GC(631) Concurrent Scan Root Regions 139.635ms
[3048.506s][info][gc,marking     ] GC(631) Concurrent Mark
[3048.506s][info][gc,marking     ] GC(631) Concurrent Mark From Roots
[3048.506s][info][gc,task        ] GC(631) Using 2 workers of 2 for marking
.[3049.164s][info][gc,marking     ] GC(631) Concurrent Mark From Roots 658.791ms
[3049.165s][info][gc,marking     ] GC(631) Concurrent Preclean
[3049.165s][info][gc,marking     ] GC(631) Concurrent Preclean 0.071ms
[3049.165s][info][gc,start       ] GC(631) Pause Remark
[3049.169s][info][gc             ] GC(631) Pause Remark 1949M->1949M(4096M) 4.196ms
[3049.169s][info][gc,cpu         ] GC(631) User=0.03s Sys=0.00s Real=0.01s
[3049.169s][info][gc,marking     ] GC(631) Concurrent Mark 663.308ms
[3049.169s][info][gc,marking     ] GC(631) Concurrent Rebuild Remembered Sets and Scrub Regions
[3049.441s][info][gc,marking     ] GC(631) Concurrent Rebuild Remembered Sets and Scrub Regions 272.176ms
[3049.441s][info][gc,start       ] GC(631) Pause Cleanup
[3049.441s][info][gc             ] GC(631) Pause Cleanup 2120M->2120M(4096M) 0.100ms
[3049.441s][info][gc,cpu         ] GC(631) User=0.00s Sys=0.00s Real=0.00s
[3049.441s][info][gc,marking     ] GC(631) Concurrent Clear Claimed Marks
[3049.441s][info][gc,marking     ] GC(631) Concurrent Clear Claimed Marks 0.021ms
[3049.441s][info][gc,marking     ] GC(631) Concurrent Cleanup for Next Mark
[3049.445s][info][gc,marking     ] GC(631) Concurrent Cleanup for Next Mark 3.396ms
[3049.445s][info][gc             ] GC(631) Concurrent Mark Cycle 1078.956ms
..[3051.904s][info][gc,start       ] GC(632) Pause Young (Prepare Mixed) (G1 Evacuation Pause)
[3051.904s][info][gc,task        ] GC(632) Using 6 workers of 6 for evacuation
[3052.024s][info][gc,phases      ] GC(632)   Pre Evacuate Collection Set: 0.33ms
[3052.024s][info][gc,phases      ] GC(632)   Merge Heap Roots: 0.47ms
[3052.024s][info][gc,phases      ] GC(632)   Evacuate Collection Set: 117.68ms
[3052.024s][info][gc,phases      ] GC(632)   Post Evacuate Collection Set: 0.93ms
[3052.024s][info][gc,phases      ] GC(632)   Other: 0.08ms
[3052.024s][info][gc,heap        ] GC(632) Eden regions: 1119->0(1111)
[3052.024s][info][gc,heap        ] GC(632) Survivor regions: 109->109(154)
[3052.024s][info][gc,heap        ] GC(632) Old regions: 504->536
[3052.024s][info][gc,heap        ] GC(632) Humongous regions: 80->80
[3052.024s][info][gc,metaspace   ] GC(632) Metaspace: 28931K(29248K)->28931K(29248K) NonClass: 24054K(24192K)->24054K(24192K) Class: 4876K(5056K)->4876K(5056K)
[3052.024s][info][gc             ] GC(632) Pause Young (Prepare Mixed) (G1 Evacuation Pause) 3623M->1448M(4096M) 119.625ms
[3052.024s][info][gc,cpu         ] GC(632) User=0.71s Sys=0.00s Real=0.12s
....[3055.564s][info][gc,start       ] GC(633) Pause Young (Mixed) (G1 Evacuation Pause)
[3055.564s][info][gc,task        ] GC(633) Using 6 workers of 6 for evacuation
[3055.697s][info][gc,phases      ] GC(633)   Pre Evacuate Collection Set: 0.38ms
[3055.697s][info][gc,phases      ] GC(633)   Merge Heap Roots: 0.78ms
[3055.697s][info][gc,phases      ] GC(633)   Evacuate Collection Set: 130.18ms
[3055.697s][info][gc,phases      ] GC(633)   Post Evacuate Collection Set: 0.94ms
[3055.697s][info][gc,phases      ] GC(633)   Other: 0.09ms
[3055.697s][info][gc,heap        ] GC(633) Eden regions: 1111->0(1120)
[3055.697s][info][gc,heap        ] GC(633) Survivor regions: 109->108(153)
[3055.697s][info][gc,heap        ] GC(633) Old regions: 536->473
[3055.697s][info][gc,heap        ] GC(633) Humongous regions: 80->80
[3055.697s][info][gc,metaspace   ] GC(633) Metaspace: 28931K(29248K)->28931K(29248K) NonClass: 24054K(24192K)->24054K(24192K) Class: 4876K(5056K)->4876K(5056K)
[3055.697s][info][gc             ] GC(633) Pause Young (Mixed) (G1 Evacuation Pause) 3670M->1320M(4096M) 132.513ms
[3055.697s][info][gc,cpu         ] GC(633) User=0.79s Sys=0.00s Real=0.13s
....[3059.186s][info][gc,start       ] GC(634) Pause Young (Concurrent Start) (G1 Evacuation Pause)
[3059.186s][info][gc,task        ] GC(634) Using 6 workers of 6 for evacuation
[3059.307s][info][gc,phases      ] GC(634)   Pre Evacuate Collection Set: 0.37ms
[3059.307s][info][gc,phases      ] GC(634)   Merge Heap Roots: 0.44ms
[3059.307s][info][gc,phases      ] GC(634)   Evacuate Collection Set: 119.36ms
[3059.307s][info][gc,phases      ] GC(634)   Post Evacuate Collection Set: 0.91ms
[3059.307s][info][gc,phases      ] GC(634)   Other: 0.10ms
[3059.307s][info][gc,heap        ] GC(634) Eden regions: 1120->0(1116)
[3059.307s][info][gc,heap        ] GC(634) Survivor regions: 108->112(154)
[3059.307s][info][gc,heap        ] GC(634) Old regions: 473->505
[3059.307s][info][gc,heap        ] GC(634) Humongous regions: 80->80
[3059.307s][info][gc,metaspace   ] GC(634) Metaspace: 28931K(29248K)->28931K(29248K) NonClass: 24054K(24192K)->24054K(24192K) Class: 4876K(5056K)->4876K(5056K)
[3059.307s][info][gc             ] GC(634) Pause Young (Concurrent Start) (G1 Evacuation Pause) 3560M->1392M(4096M) 121.311ms
[3059.307s][info][gc             ] GC(635) Concurrent Mark Cycle
[3059.307s][info][gc,marking     ] GC(635) Concurrent Scan Root Regions
[3059.307s][info][gc,cpu         ] GC(634) User=0.72s Sys=0.00s Real=0.13s
[3059.466s][info][gc,marking     ] GC(635) Concurrent Scan Root Regions 158.821ms
[3059.466s][info][gc,marking     ] GC(635) Concurrent Mark
[3059.466s][info][gc,marking     ] GC(635) Concurrent Mark From Roots
[3059.466s][info][gc,task        ] GC(635) Using 2 workers of 2 for marking
.[3060.187s][info][gc,marking     ] GC(635) Concurrent Mark From Roots 721.433ms
[3060.187s][info][gc,marking     ] GC(635) Concurrent Preclean
[3060.188s][info][gc,marking     ] GC(635) Concurrent Preclean 0.070ms
[3060.188s][info][gc,start       ] GC(635) Pause Remark
[3060.192s][info][gc             ] GC(635) Pause Remark 1942M->1942M(4096M) 3.990ms
[3060.192s][info][gc,cpu         ] GC(635) User=0.02s Sys=0.00s Real=0.00s
[3060.192s][info][gc,marking     ] GC(635) Concurrent Mark 725.727ms
[3060.192s][info][gc,marking     ] GC(635) Concurrent Rebuild Remembered Sets and Scrub Regions
[3060.474s][info][gc,marking     ] GC(635) Concurrent Rebuild Remembered Sets and Scrub Regions 282.153ms
[3060.474s][info][gc,start       ] GC(635) Pause Cleanup
[3060.474s][info][gc             ] GC(635) Pause Cleanup 2112M->2112M(4096M) 0.107ms
[3060.474s][info][gc,cpu         ] GC(635) User=0.00s Sys=0.00s Real=0.00s
[3060.474s][info][gc,marking     ] GC(635) Concurrent Clear Claimed Marks
[3060.475s][info][gc,marking     ] GC(635) Concurrent Clear Claimed Marks 0.030ms
[3060.475s][info][gc,marking     ] GC(635) Concurrent Cleanup for Next Mark
[3060.481s][info][gc,marking     ] GC(635) Concurrent Cleanup for Next Mark 6.054ms
[3060.481s][info][gc             ] GC(635) Concurrent Mark Cycle 1173.571ms
..[3062.910s][info][gc,start       ] GC(636) Pause Young (Prepare Mixed) (G1 Evacuation Pause)
[3062.910s][info][gc,task        ] GC(636) Using 6 workers of 6 for evacuation
[3063.028s][info][gc,phases      ] GC(636)   Pre Evacuate Collection Set: 0.33ms
[3063.028s][info][gc,phases      ] GC(636)   Merge Heap Roots: 0.47ms
[3063.028s][info][gc,phases      ] GC(636)   Evacuate Collection Set: 116.09ms
[3063.028s][info][gc,phases      ] GC(636)   Post Evacuate Collection Set: 0.96ms
[3063.028s][info][gc,phases      ] GC(636)   Other: 0.11ms
[3063.028s][info][gc,heap        ] GC(636) Eden regions: 1116->0(1108)
[3063.028s][info][gc,heap        ] GC(636) Survivor regions: 112->110(154)
[3063.028s][info][gc,heap        ] GC(636) Old regions: 505->537
[3063.028s][info][gc,heap        ] GC(636) Humongous regions: 80->80
[3063.028s][info][gc,metaspace   ] GC(636) Metaspace: 28931K(29248K)->28931K(29248K) NonClass: 24054K(24192K)->24054K(24192K) Class: 4876K(5056K)->4876K(5056K)
[3063.028s][info][gc             ] GC(636) Pause Young (Prepare Mixed) (G1 Evacuation Pause) 3624M->1451M(4096M) 118.099ms
[3063.028s][info][gc,cpu         ] GC(636) User=0.70s Sys=0.00s Real=0.12s
....[3066.567s][info][gc,start       ] GC(637) Pause Young (Mixed) (G1 Evacuation Pause)
[3066.567s][info][gc,task        ] GC(637) Using 6 workers of 6 for evacuation
[3066.699s][info][gc,phases      ] GC(637)   Pre Evacuate Collection Set: 0.36ms
[3066.699s][info][gc,phases      ] GC(637)   Merge Heap Roots: 0.71ms
[3066.699s][info][gc,phases      ] GC(637)   Evacuate Collection Set: 130.21ms
[3066.699s][info][gc,phases      ] GC(637)   Post Evacuate Collection Set: 0.97ms
[3066.699s][info][gc,phases      ] GC(637)   Other: 0.09ms
[3066.699s][info][gc,heap        ] GC(637) Eden regions: 1108->0(1120)
[3066.699s][info][gc,heap        ] GC(637) Survivor regions: 110->108(153)
[3066.699s][info][gc,heap        ] GC(637) Old regions: 537->473
[3066.699s][info][gc,heap        ] GC(637) Humongous regions: 80->80
[3066.699s][info][gc,metaspace   ] GC(637) Metaspace: 28931K(29248K)->28931K(29248K) NonClass: 24054K(24192K)->24054K(24192K) Class: 4876K(5056K)->4876K(5056K)
[3066.699s][info][gc             ] GC(637) Pause Young (Mixed) (G1 Evacuation Pause) 3667M->1320M(4096M) 132.468ms
[3066.699s][info][gc,cpu         ] GC(637) User=0.78s Sys=0.00s Real=0.14s
....[3070.218s][info][gc,start       ] GC(638) Pause Young (Concurrent Start) (G1 Evacuation Pause)
[3070.218s][info][gc,task        ] GC(638) Using 6 workers of 6 for evacuation
[3070.336s][info][gc,phases      ] GC(638)   Pre Evacuate Collection Set: 0.40ms
[3070.336s][info][gc,phases      ] GC(638)   Merge Heap Roots: 0.42ms
[3070.336s][info][gc,phases      ] GC(638)   Evacuate Collection Set: 116.17ms
[3070.336s][info][gc,phases      ] GC(638)   Post Evacuate Collection Set: 0.89ms
[3070.336s][info][gc,phases      ] GC(638)   Other: 0.11ms
[3070.336s][info][gc,heap        ] GC(638) Eden regions: 1120->0(1119)
[3070.336s][info][gc,heap        ] GC(638) Survivor regions: 108->109(154)
[3070.336s][info][gc,heap        ] GC(638) Old regions: 473->505
[3070.336s][info][gc,heap        ] GC(638) Humongous regions: 80->80
[3070.336s][info][gc,metaspace   ] GC(638) Metaspace: 28931K(29248K)->28931K(29248K) NonClass: 24054K(24192K)->24054K(24192K) Class: 4876K(5056K)->4876K(5056K)
[3070.336s][info][gc             ] GC(638) Pause Young (Concurrent Start) (G1 Evacuation Pause) 3560M->1387M(4096M) 118.114ms
[3070.336s][info][gc             ] GC(639) Concurrent Mark Cycle
[3070.336s][info][gc,marking     ] GC(639) Concurrent Scan Root Regions
[3070.336s][info][gc,cpu         ] GC(638) User=0.70s Sys=0.00s Real=0.11s
[3070.517s][info][gc,marking     ] GC(639) Concurrent Scan Root Regions 181.526ms
[3070.517s][info][gc,marking     ] GC(639) Concurrent Mark
[3070.517s][info][gc,marking     ] GC(639) Concurrent Mark From Roots
[3070.517s][info][gc,task        ] GC(639) Using 2 workers of 2 for marking
.[3071.290s][info][gc,marking     ] GC(639) Concurrent Mark From Roots 773.041ms
[3071.290s][info][gc,marking     ] GC(639) Concurrent Preclean
[3071.290s][info][gc,marking     ] GC(639) Concurrent Preclean 0.109ms
[3071.291s][info][gc,start       ] GC(639) Pause Remark
[3071.295s][info][gc             ] GC(639) Pause Remark 2041M->2041M(4096M) 4.004ms
[3071.295s][info][gc,cpu         ] GC(639) User=0.02s Sys=0.00s Real=0.00s
[3071.295s][info][gc,marking     ] GC(639) Concurrent Mark 778.034ms
[3071.295s][info][gc,marking     ] GC(639) Concurrent Rebuild Remembered Sets and Scrub Regions
[3071.557s][info][gc,marking     ] GC(639) Concurrent Rebuild Remembered Sets and Scrub Regions 262.034ms
[3071.558s][info][gc,start       ] GC(639) Pause Cleanup
[3071.558s][info][gc             ] GC(639) Pause Cleanup 2191M->2191M(4096M) 0.124ms
[3071.558s][info][gc,cpu         ] GC(639) User=0.00s Sys=0.00s Real=0.00s
[3071.558s][info][gc,marking     ] GC(639) Concurrent Clear Claimed Marks
[3071.558s][info][gc,marking     ] GC(639) Concurrent Clear Claimed Marks 0.031ms
[3071.558s][info][gc,marking     ] GC(639) Concurrent Cleanup for Next Mark
[3071.562s][info][gc,marking     ] GC(639) Concurrent Cleanup for Next Mark 3.619ms
[3071.562s][info][gc             ] GC(639) Concurrent Mark Cycle 1226.510ms
..[3073.943s][info][gc,start       ] GC(640) Pause Young (Prepare Mixed) (G1 Evacuation Pause)
[3073.943s][info][gc,task        ] GC(640) Using 6 workers of 6 for evacuation
[3074.062s][info][gc,phases      ] GC(640)   Pre Evacuate Collection Set: 0.37ms
[3074.062s][info][gc,phases      ] GC(640)   Merge Heap Roots: 0.50ms
[3074.062s][info][gc,phases      ] GC(640)   Evacuate Collection Set: 117.43ms
[3074.062s][info][gc,phases      ] GC(640)   Post Evacuate Collection Set: 0.93ms
[3074.062s][info][gc,phases      ] GC(640)   Other: 0.09ms
[3074.062s][info][gc,heap        ] GC(640) Eden regions: 1119->0(1106)
[3074.062s][info][gc,heap        ] GC(640) Survivor regions: 109->111(154)
[3074.062s][info][gc,heap        ] GC(640) Old regions: 505->537
[3074.062s][info][gc,heap        ] GC(640) Humongous regions: 80->80
[3074.063s][info][gc,metaspace   ] GC(640) Metaspace: 28931K(29248K)->28931K(29248K) NonClass: 24054K(24192K)->24054K(24192K) Class: 4876K(5056K)->4876K(5056K)
[3074.063s][info][gc             ] GC(640) Pause Young (Prepare Mixed) (G1 Evacuation Pause) 3625M->1454M(4096M) 119.457ms
[3074.063s][info][gc,cpu         ] GC(640) User=0.71s Sys=0.00s Real=0.12s
....[3077.600s][info][gc,start       ] GC(641) Pause Young (Mixed) (G1 Evacuation Pause)
[3077.600s][info][gc,task        ] GC(641) Using 6 workers of 6 for evacuation
[3077.734s][info][gc,phases      ] GC(641)   Pre Evacuate Collection Set: 0.39ms
[3077.734s][info][gc,phases      ] GC(641)   Merge Heap Roots: 0.67ms
[3077.734s][info][gc,phases      ] GC(641)   Evacuate Collection Set: 131.56ms
[3077.734s][info][gc,phases      ] GC(641)   Post Evacuate Collection Set: 0.99ms
[3077.734s][info][gc,phases      ] GC(641)   Other: 0.10ms
[3077.734s][info][gc,heap        ] GC(641) Eden regions: 1106->0(1120)
[3077.734s][info][gc,heap        ] GC(641) Survivor regions: 111->108(153)
[3077.734s][info][gc,heap        ] GC(641) Old regions: 537->473
[3077.734s][info][gc,heap        ] GC(641) Humongous regions: 80->80
[3077.734s][info][gc,metaspace   ] GC(641) Metaspace: 28931K(29248K)->28931K(29248K) NonClass: 24054K(24192K)->24054K(24192K) Class: 4876K(5056K)->4876K(5056K)
[3077.734s][info][gc             ] GC(641) Pause Young (Mixed) (G1 Evacuation Pause) 3666M->1321M(4096M) 133.834ms
[3077.734s][info][gc,cpu         ] GC(641) User=0.79s Sys=0.00s Real=0.13s
....[3081.315s][info][gc,start       ] GC(642) Pause Young (Concurrent Start) (G1 Evacuation Pause)
[3081.315s][info][gc,task        ] GC(642) Using 6 workers of 6 for evacuation
[3081.437s][info][gc,phases      ] GC(642)   Pre Evacuate Collection Set: 0.39ms
[3081.437s][info][gc,phases      ] GC(642)   Merge Heap Roots: 0.44ms
[3081.437s][info][gc,phases      ] GC(642)   Evacuate Collection Set: 120.05ms
[3081.437s][info][gc,phases      ] GC(642)   Post Evacuate Collection Set: 0.92ms
[3081.437s][info][gc,phases      ] GC(642)   Other: 0.11ms
[3081.437s][info][gc,heap        ] GC(642) Eden regions: 1120->0(1116)
[3081.437s][info][gc,heap        ] GC(642) Survivor regions: 108->112(154)
[3081.437s][info][gc,heap        ] GC(642) Old regions: 473->505
[3081.437s][info][gc,heap        ] GC(642) Humongous regions: 80->80
[3081.437s][info][gc,metaspace   ] GC(642) Metaspace: 28931K(29248K)->28931K(29248K) NonClass: 24054K(24192K)->24054K(24192K) Class: 4876K(5056K)->4876K(5056K)
[3081.437s][info][gc             ] GC(642) Pause Young (Concurrent Start) (G1 Evacuation Pause) 3561M->1393M(4096M) 122.058ms
[3081.437s][info][gc             ] GC(643) Concurrent Mark Cycle
[3081.437s][info][gc,marking     ] GC(643) Concurrent Scan Root Regions
[3081.437s][info][gc,cpu         ] GC(642) User=0.73s Sys=0.00s Real=0.13s
[3081.639s][info][gc,marking     ] GC(643) Concurrent Scan Root Regions 201.471ms
[3081.639s][info][gc,marking     ] GC(643) Concurrent Mark
[3081.639s][info][gc,marking     ] GC(643) Concurrent Mark From Roots
[3081.639s][info][gc,task        ] GC(643) Using 2 workers of 2 for marking
.[3082.286s][info][gc,marking     ] GC(643) Concurrent Mark From Roots 647.225ms
[3082.286s][info][gc,marking     ] GC(643) Concurrent Preclean
[3082.286s][info][gc,marking     ] GC(643) Concurrent Preclean 0.112ms
[3082.286s][info][gc,start       ] GC(643) Pause Remark
[3082.290s][info][gc             ] GC(643) Pause Remark 1977M->1977M(4096M) 3.631ms
[3082.290s][info][gc,cpu         ] GC(643) User=0.02s Sys=0.00s Real=0.01s
[3082.290s][info][gc,marking     ] GC(643) Concurrent Mark 651.267ms
[3082.290s][info][gc,marking     ] GC(643) Concurrent Rebuild Remembered Sets and Scrub Regions
[3082.536s][info][gc,marking     ] GC(643) Concurrent Rebuild Remembered Sets and Scrub Regions 245.369ms
[3082.538s][info][gc,start       ] GC(643) Pause Cleanup
[3082.538s][info][gc             ] GC(643) Pause Cleanup 2139M->2139M(4096M) 0.146ms
[3082.538s][info][gc,cpu         ] GC(643) User=0.00s Sys=0.00s Real=0.00s
[3082.538s][info][gc,marking     ] GC(643) Concurrent Clear Claimed Marks
[3082.538s][info][gc,marking     ] GC(643) Concurrent Clear Claimed Marks 0.030ms
[3082.538s][info][gc,marking     ] GC(643) Concurrent Cleanup for Next Mark
[3082.543s][info][gc,marking     ] GC(643) Concurrent Cleanup for Next Mark 5.044ms
[3082.543s][info][gc             ] GC(643) Concurrent Mark Cycle 1106.033ms
..[3084.972s][info][gc,start       ] GC(644) Pause Young (Prepare Mixed) (G1 Evacuation Pause)
[3084.972s][info][gc,task        ] GC(644) Using 6 workers of 6 for evacuation
[3085.093s][info][gc,phases      ] GC(644)   Pre Evacuate Collection Set: 0.34ms
[3085.093s][info][gc,phases      ] GC(644)   Merge Heap Roots: 0.51ms
[3085.093s][info][gc,phases      ] GC(644)   Evacuate Collection Set: 118.75ms
[3085.093s][info][gc,phases      ] GC(644)   Post Evacuate Collection Set: 0.92ms
[3085.093s][info][gc,phases      ] GC(644)   Other: 0.09ms
[3085.093s][info][gc,heap        ] GC(644) Eden regions: 1116->0(1106)
[3085.093s][info][gc,heap        ] GC(644) Survivor regions: 112->111(154)
[3085.093s][info][gc,heap        ] GC(644) Old regions: 505->537
[3085.093s][info][gc,heap        ] GC(644) Humongous regions: 80->80
[3085.093s][info][gc,metaspace   ] GC(644) Metaspace: 28931K(29248K)->28931K(29248K) NonClass: 24054K(24192K)->24054K(24192K) Class: 4876K(5056K)->4876K(5056K)
[3085.093s][info][gc             ] GC(644) Pause Young (Prepare Mixed) (G1 Evacuation Pause) 3625M->1453M(4096M) 120.732ms
[3085.093s][info][gc,cpu         ] GC(644) User=0.71s Sys=0.00s Real=0.12s
....[3088.568s][info][gc,start       ] GC(645) Pause Young (Mixed) (G1 Evacuation Pause)
[3088.569s][info][gc,task        ] GC(645) Using 6 workers of 6 for evacuation
[3088.702s][info][gc,phases      ] GC(645)   Pre Evacuate Collection Set: 0.35ms
[3088.702s][info][gc,phases      ] GC(645)   Merge Heap Roots: 0.65ms
[3088.702s][info][gc,phases      ] GC(645)   Evacuate Collection Set: 131.69ms
[3088.702s][info][gc,phases      ] GC(645)   Post Evacuate Collection Set: 0.94ms
[3088.702s][info][gc,phases      ] GC(645)   Other: 0.11ms
[3088.702s][info][gc,heap        ] GC(645) Eden regions: 1106->0(1119)
[3088.702s][info][gc,heap        ] GC(645) Survivor regions: 111->109(153)
[3088.702s][info][gc,heap        ] GC(645) Old regions: 537->473
[3088.702s][info][gc,heap        ] GC(645) Humongous regions: 80->80
[3088.702s][info][gc,metaspace   ] GC(645) Metaspace: 28931K(29248K)->28931K(29248K) NonClass: 24054K(24192K)->24054K(24192K) Class: 4876K(5056K)->4876K(5056K)
[3088.702s][info][gc             ] GC(645) Pause Young (Mixed) (G1 Evacuation Pause) 3665M->1322M(4096M) 133.879ms
[3088.702s][info][gc,cpu         ] GC(645) User=0.80s Sys=0.00s Real=0.13s
....[3092.266s][info][gc,start       ] GC(646) Pause Young (Concurrent Start) (G1 Evacuation Pause)
[3092.266s][info][gc,task        ] GC(646) Using 6 workers of 6 for evacuation
[3092.385s][info][gc,phases      ] GC(646)   Pre Evacuate Collection Set: 0.34ms
[3092.385s][info][gc,phases      ] GC(646)   Merge Heap Roots: 0.43ms
[3092.385s][info][gc,phases      ] GC(646)   Evacuate Collection Set: 116.84ms
[3092.385s][info][gc,phases      ] GC(646)   Post Evacuate Collection Set: 0.88ms
[3092.385s][info][gc,phases      ] GC(646)   Other: 0.12ms
[3092.385s][info][gc,heap        ] GC(646) Eden regions: 1119->0(1118)
[3092.385s][info][gc,heap        ] GC(646) Survivor regions: 109->110(154)
[3092.385s][info][gc,heap        ] GC(646) Old regions: 473->505
[3092.385s][info][gc,heap        ] GC(646) Humongous regions: 80->80
[3092.385s][info][gc,metaspace   ] GC(646) Metaspace: 28931K(29248K)->28931K(29248K) NonClass: 24054K(24192K)->24054K(24192K) Class: 4876K(5056K)->4876K(5056K)
[3092.385s][info][gc             ] GC(646) Pause Young (Concurrent Start) (G1 Evacuation Pause) 3560M->1387M(4096M) 118.754ms
[3092.385s][info][gc             ] GC(647) Concurrent Mark Cycle
[3092.385s][info][gc,marking     ] GC(647) Concurrent Scan Root Regions
[3092.385s][info][gc,cpu         ] GC(646) User=0.70s Sys=0.00s Real=0.12s
[3092.570s][info][gc,marking     ] GC(647) Concurrent Scan Root Regions 184.885ms
[3092.570s][info][gc,marking     ] GC(647) Concurrent Mark
[3092.570s][info][gc,marking     ] GC(647) Concurrent Mark From Roots
[3092.570s][info][gc,task        ] GC(647) Using 2 workers of 2 for marking
.[3093.333s][info][gc,marking     ] GC(647) Concurrent Mark From Roots 762.621ms
[3093.333s][info][gc,marking     ] GC(647) Concurrent Preclean
[3093.333s][info][gc,marking     ] GC(647) Concurrent Preclean 0.073ms
[3093.333s][info][gc,start       ] GC(647) Pause Remark
[3093.337s][info][gc             ] GC(647) Pause Remark 2043M->2043M(4096M) 4.352ms
[3093.337s][info][gc,cpu         ] GC(647) User=0.02s Sys=0.00s Real=0.01s
[3093.338s][info][gc,marking     ] GC(647) Concurrent Mark 767.342ms
[3093.338s][info][gc,marking     ] GC(647) Concurrent Rebuild Remembered Sets and Scrub Regions
[3093.614s][info][gc,marking     ] GC(647) Concurrent Rebuild Remembered Sets and Scrub Regions 276.033ms
[3093.614s][info][gc,start       ] GC(647) Pause Cleanup
[3093.614s][info][gc             ] GC(647) Pause Cleanup 2216M->2216M(4096M) 0.106ms
[3093.614s][info][gc,cpu         ] GC(647) User=0.00s Sys=0.00s Real=0.00s
[3093.614s][info][gc,marking     ] GC(647) Concurrent Clear Claimed Marks
[3093.614s][info][gc,marking     ] GC(647) Concurrent Clear Claimed Marks 0.023ms
[3093.614s][info][gc,marking     ] GC(647) Concurrent Cleanup for Next Mark
[3093.618s][info][gc,marking     ] GC(647) Concurrent Cleanup for Next Mark 3.739ms
[3093.618s][info][gc             ] GC(647) Concurrent Mark Cycle 1232.480ms
..[3095.893s][info][gc,start       ] GC(648) Pause Young (Prepare Mixed) (G1 Evacuation Pause)
[3095.893s][info][gc,task        ] GC(648) Using 6 workers of 6 for evacuation
[3096.012s][info][gc,phases      ] GC(648)   Pre Evacuate Collection Set: 0.33ms
[3096.012s][info][gc,phases      ] GC(648)   Merge Heap Roots: 0.48ms
[3096.012s][info][gc,phases      ] GC(648)   Evacuate Collection Set: 117.98ms
[3096.012s][info][gc,phases      ] GC(648)   Post Evacuate Collection Set: 0.93ms
[3096.012s][info][gc,phases      ] GC(648)   Other: 0.09ms
[3096.012s][info][gc,heap        ] GC(648) Eden regions: 1118->0(1107)
[3096.013s][info][gc,heap        ] GC(648) Survivor regions: 110->111(154)
[3096.013s][info][gc,heap        ] GC(648) Old regions: 505->536
[3096.013s][info][gc,heap        ] GC(648) Humongous regions: 80->80
[3096.013s][info][gc,metaspace   ] GC(648) Metaspace: 28931K(29248K)->28931K(29248K) NonClass: 24054K(24192K)->24054K(24192K) Class: 4876K(5056K)->4876K(5056K)
[3096.013s][info][gc             ] GC(648) Pause Young (Prepare Mixed) (G1 Evacuation Pause) 3623M->1452M(4096M) 119.952ms
[3096.013s][info][gc,cpu         ] GC(648) User=0.71s Sys=0.00s Real=0.12s
... (rIR:aIR:PR = 5120:5121:5121) (tPR = 76185) [OK] 
  3098s: Performance info:
         Transaction,    Success,    Partial,     Failed,   Receipts, AvgBarcode, 
             Overall,     307693,          0,          0,     292306,      59.47, 
         Response times:
             Request,    Success,    Partial,     Failed,   SkipFail,     Probes,    Samples,      min,      p50,      p90,      p95,      p99,      max, 
       TotalPurchase,     292307,          0,          0,          0,     287581,     311769,      300,     4100,     8500,    22000,    73000,   210000,
     InStorePurchase,     153850,          0,          0,          0,     151607,     164251,      300,     4200,     8600,    22000,    74480,   192000,
      OnlinePurchase,     107688,          0,          0,          0,     105950,     114647,      300,     4000,     8400,    19900,    72000,   210000,
        InstPurchase,      30769,          0,          0,          0,      30024,      32871,      400,     3900,     8100,    21000,    69280,   181000,
          AssocOfCat,        307,          0,          0,          0,        254,        374,    21000,    31000,    57000,    70750,   161000,   170000,
      AssocOfProduct,       3085,          0,          0,          0,       2900,       3304,      500,     4800,     9300,    27000,    84000,   177000,
      BusinessReport,        767,          0,          0,          0,        673,        857,    21000,    34000,    56200,    82200,   162100,   186000,
          CustBuyBeh,       3070,          0,          0,          0,       2851,       3294,      200,     4300,     8600,    18700,    71000,   145000,
       ProductReturn,       8157,          0,          0,          0,       7773,       8701,      300,     3800,     7800,    19690,    64000,   146000,

  3098s: (38%)   IR =   5258 .[3099.569s][info][gc,start       ] GC(649) Pause Young (Mixed) (G1 Evacuation Pause)
[3099.569s][info][gc,task        ] GC(649) Using 6 workers of 6 for evacuation
[3099.705s][info][gc,phases      ] GC(649)   Pre Evacuate Collection Set: 0.37ms
[3099.705s][info][gc,phases      ] GC(649)   Merge Heap Roots: 0.62ms
[3099.705s][info][gc,phases      ] GC(649)   Evacuate Collection Set: 133.33ms
[3099.705s][info][gc,phases      ] GC(649)   Post Evacuate Collection Set: 0.95ms
[3099.705s][info][gc,phases      ] GC(649)   Other: 0.09ms
[3099.705s][info][gc,heap        ] GC(649) Eden regions: 1107->0(1118)
[3099.705s][info][gc,heap        ] GC(649) Survivor regions: 111->110(153)
[3099.705s][info][gc,heap        ] GC(649) Old regions: 536->472
[3099.705s][info][gc,heap        ] GC(649) Humongous regions: 80->80
[3099.705s][info][gc,metaspace   ] GC(649) Metaspace: 28931K(29248K)->28931K(29248K) NonClass: 24054K(24192K)->24054K(24192K) Class: 4876K(5056K)->4876K(5056K)
[3099.705s][info][gc             ] GC(649) Pause Young (Mixed) (G1 Evacuation Pause) 3666M->1322M(4096M) 135.480ms
[3099.705s][info][gc,cpu         ] GC(649) User=0.80s Sys=0.00s Real=0.13s
...|[3103.134s][info][gc,start       ] GC(650) Pause Young (Concurrent Start) (G1 Evacuation Pause)
[3103.134s][info][gc,task        ] GC(650) Using 6 workers of 6 for evacuation
[3103.251s][info][gc,phases      ] GC(650)   Pre Evacuate Collection Set: 0.37ms
[3103.251s][info][gc,phases      ] GC(650)   Merge Heap Roots: 0.45ms
[3103.251s][info][gc,phases      ] GC(650)   Evacuate Collection Set: 115.57ms
[3103.251s][info][gc,phases      ] GC(650)   Post Evacuate Collection Set: 0.89ms
[3103.251s][info][gc,phases      ] GC(650)   Other: 0.10ms
[3103.251s][info][gc,heap        ] GC(650) Eden regions: 1118->0(1118)
[3103.251s][info][gc,heap        ] GC(650) Survivor regions: 110->110(154)
[3103.251s][info][gc,heap        ] GC(650) Old regions: 472->502
[3103.251s][info][gc,heap        ] GC(650) Humongous regions: 80->80
[3103.251s][info][gc,metaspace   ] GC(650) Metaspace: 28931K(29248K)->28931K(29248K) NonClass: 24054K(24192K)->24054K(24192K) Class: 4876K(5056K)->4876K(5056K)
[3103.251s][info][gc             ] GC(650) Pause Young (Concurrent Start) (G1 Evacuation Pause) 3558M->1383M(4096M) 117.525ms
[3103.251s][info][gc             ] GC(651) Concurrent Mark Cycle
[3103.251s][info][gc,marking     ] GC(651) Concurrent Scan Root Regions
[3103.251s][info][gc,cpu         ] GC(650) User=0.70s Sys=0.00s Real=0.12s
.[3103.426s][info][gc,marking     ] GC(651) Concurrent Scan Root Regions 174.389ms
[3103.426s][info][gc,marking     ] GC(651) Concurrent Mark
[3103.426s][info][gc,marking     ] GC(651) Concurrent Mark From Roots
[3103.426s][info][gc,task        ] GC(651) Using 2 workers of 2 for marking
[3104.181s][info][gc,marking     ] GC(651) Concurrent Mark From Roots 755.138ms
[3104.181s][info][gc,marking     ] GC(651) Concurrent Preclean
[3104.181s][info][gc,marking     ] GC(651) Concurrent Preclean 0.129ms
[3104.181s][info][gc,start       ] GC(651) Pause Remark
[3104.185s][info][gc             ] GC(651) Pause Remark 2024M->2024M(4096M) 3.829ms
[3104.185s][info][gc,cpu         ] GC(651) User=0.02s Sys=0.01s Real=0.00s
[3104.186s][info][gc,marking     ] GC(651) Concurrent Mark 759.808ms
[3104.186s][info][gc,marking     ] GC(651) Concurrent Rebuild Remembered Sets and Scrub Regions
.[3104.482s][info][gc,marking     ] GC(651) Concurrent Rebuild Remembered Sets and Scrub Regions 296.487ms
[3104.484s][info][gc,start       ] GC(651) Pause Cleanup
[3104.484s][info][gc             ] GC(651) Pause Cleanup 2233M->2233M(4096M) 0.137ms
[3104.484s][info][gc,cpu         ] GC(651) User=0.00s Sys=0.00s Real=0.00s
[3104.484s][info][gc,marking     ] GC(651) Concurrent Clear Claimed Marks
[3104.484s][info][gc,marking     ] GC(651) Concurrent Clear Claimed Marks 0.034ms
[3104.484s][info][gc,marking     ] GC(651) Concurrent Cleanup for Next Mark
[3104.490s][info][gc,marking     ] GC(651) Concurrent Cleanup for Next Mark 5.835ms
[3104.490s][info][gc             ] GC(651) Concurrent Mark Cycle 1239.113ms
..[3106.693s][info][gc,start       ] GC(652) Pause Young (Prepare Mixed) (G1 Evacuation Pause)
[3106.693s][info][gc,task        ] GC(652) Using 6 workers of 6 for evacuation
[3106.810s][info][gc,phases      ] GC(652)   Pre Evacuate Collection Set: 0.35ms
[3106.810s][info][gc,phases      ] GC(652)   Merge Heap Roots: 0.49ms
[3106.810s][info][gc,phases      ] GC(652)   Evacuate Collection Set: 115.21ms
[3106.810s][info][gc,phases      ] GC(652)   Post Evacuate Collection Set: 0.95ms
[3106.810s][info][gc,phases      ] GC(652)   Other: 0.10ms
[3106.810s][info][gc,heap        ] GC(652) Eden regions: 1118->0(1114)
[3106.810s][info][gc,heap        ] GC(652) Survivor regions: 110->108(154)
[3106.810s][info][gc,heap        ] GC(652) Old regions: 502->535
[3106.810s][info][gc,heap        ] GC(652) Humongous regions: 80->80
[3106.810s][info][gc,metaspace   ] GC(652) Metaspace: 28931K(29248K)->28931K(29248K) NonClass: 24054K(24192K)->24054K(24192K) Class: 4876K(5056K)->4876K(5056K)
[3106.810s][info][gc             ] GC(652) Pause Young (Prepare Mixed) (G1 Evacuation Pause) 3619M->1445M(4096M) 117.226ms
[3106.810s][info][gc,cpu         ] GC(652) User=0.69s Sys=0.00s Real=0.12s
....[3110.269s][info][gc,start       ] GC(653) Pause Young (Mixed) (G1 Evacuation Pause)
[3110.269s][info][gc,task        ] GC(653) Using 6 workers of 6 for evacuation
[3110.405s][info][gc,phases      ] GC(653)   Pre Evacuate Collection Set: 0.39ms
[3110.405s][info][gc,phases      ] GC(653)   Merge Heap Roots: 0.67ms
[3110.405s][info][gc,phases      ] GC(653)   Evacuate Collection Set: 132.96ms
[3110.405s][info][gc,phases      ] GC(653)   Post Evacuate Collection Set: 0.95ms
[3110.405s][info][gc,phases      ] GC(653)   Other: 0.09ms
[3110.405s][info][gc,heap        ] GC(653) Eden regions: 1114->0(1119)
[3110.405s][info][gc,heap        ] GC(653) Survivor regions: 108->109(153)
[3110.405s][info][gc,heap        ] GC(653) Old regions: 535->473
[3110.405s][info][gc,heap        ] GC(653) Humongous regions: 80->80
[3110.405s][info][gc,metaspace   ] GC(653) Metaspace: 28931K(29248K)->28931K(29248K) NonClass: 24054K(24192K)->24054K(24192K) Class: 4876K(5056K)->4876K(5056K)
[3110.405s][info][gc             ] GC(653) Pause Young (Mixed) (G1 Evacuation Pause) 3673M->1322M(4096M) 135.196ms
[3110.405s][info][gc,cpu         ] GC(653) User=0.80s Sys=0.00s Real=0.13s
...[3113.845s][info][gc,start       ] GC(654) Pause Young (Concurrent Start) (G1 Evacuation Pause)
[3113.845s][info][gc,task        ] GC(654) Using 6 workers of 6 for evacuation
[3113.962s][info][gc,phases      ] GC(654)   Pre Evacuate Collection Set: 0.40ms
[3113.962s][info][gc,phases      ] GC(654)   Merge Heap Roots: 0.48ms
[3113.962s][info][gc,phases      ] GC(654)   Evacuate Collection Set: 115.30ms
[3113.962s][info][gc,phases      ] GC(654)   Post Evacuate Collection Set: 0.89ms
[3113.962s][info][gc,phases      ] GC(654)   Other: 0.12ms
[3113.962s][info][gc,heap        ] GC(654) Eden regions: 1119->0(1119)
[3113.962s][info][gc,heap        ] GC(654) Survivor regions: 109->109(154)
[3113.962s][info][gc,heap        ] GC(654) Old regions: 473->504
[3113.962s][info][gc,heap        ] GC(654) Humongous regions: 80->80
[3113.962s][info][gc,metaspace   ] GC(654) Metaspace: 28931K(29248K)->28931K(29248K) NonClass: 24054K(24192K)->24054K(24192K) Class: 4876K(5056K)->4876K(5056K)
[3113.963s][info][gc             ] GC(654) Pause Young (Concurrent Start) (G1 Evacuation Pause) 3560M->1383M(4096M) 117.342ms
[3113.963s][info][gc             ] GC(655) Concurrent Mark Cycle
[3113.963s][info][gc,marking     ] GC(655) Concurrent Scan Root Regions
[3113.963s][info][gc,cpu         ] GC(654) User=0.69s Sys=0.00s Real=0.12s
[3114.106s][info][gc,marking     ] GC(655) Concurrent Scan Root Regions 143.631ms
[3114.106s][info][gc,marking     ] GC(655) Concurrent Mark
[3114.106s][info][gc,marking     ] GC(655) Concurrent Mark From Roots
[3114.106s][info][gc,task        ] GC(655) Using 2 workers of 2 for marking
.[3114.757s][info][gc,marking     ] GC(655) Concurrent Mark From Roots 651.226ms
[3114.758s][info][gc,marking     ] GC(655) Concurrent Preclean
[3114.758s][info][gc,marking     ] GC(655) Concurrent Preclean 0.072ms
[3114.758s][info][gc,start       ] GC(655) Pause Remark
[3114.762s][info][gc             ] GC(655) Pause Remark 1914M->1914M(4096M) 4.042ms
[3114.762s][info][gc,cpu         ] GC(655) User=0.02s Sys=0.00s Real=0.00s
[3114.762s][info][gc,marking     ] GC(655) Concurrent Mark 655.604ms
[3114.762s][info][gc,marking     ] GC(655) Concurrent Rebuild Remembered Sets and Scrub Regions
[3115.005s][info][gc,marking     ] GC(655) Concurrent Rebuild Remembered Sets and Scrub Regions 243.397ms
[3115.005s][info][gc,start       ] GC(655) Pause Cleanup
[3115.006s][info][gc             ] GC(655) Pause Cleanup 2058M->2058M(4096M) 0.114ms
[3115.006s][info][gc,cpu         ] GC(655) User=0.00s Sys=0.00s Real=0.00s
[3115.006s][info][gc,marking     ] GC(655) Concurrent Clear Claimed Marks
[3115.006s][info][gc,marking     ] GC(655) Concurrent Clear Claimed Marks 0.038ms
[3115.006s][info][gc,marking     ] GC(655) Concurrent Cleanup for Next Mark
[3115.011s][info][gc,marking     ] GC(655) Concurrent Cleanup for Next Mark 5.187ms
[3115.011s][info][gc             ] GC(655) Concurrent Mark Cycle 1048.468ms
...[3117.438s][info][gc,start       ] GC(656) Pause Young (Prepare Mixed) (G1 Evacuation Pause)
[3117.438s][info][gc,task        ] GC(656) Using 6 workers of 6 for evacuation
[3117.557s][info][gc,phases      ] GC(656)   Pre Evacuate Collection Set: 0.35ms
[3117.557s][info][gc,phases      ] GC(656)   Merge Heap Roots: 0.51ms
[3117.557s][info][gc,phases      ] GC(656)   Evacuate Collection Set: 117.32ms
[3117.557s][info][gc,phases      ] GC(656)   Post Evacuate Collection Set: 0.91ms
[3117.557s][info][gc,phases      ] GC(656)   Other: 0.08ms
[3117.557s][info][gc,heap        ] GC(656) Eden regions: 1119->0(1112)
[3117.557s][info][gc,heap        ] GC(656) Survivor regions: 109->109(154)
[3117.557s][info][gc,heap        ] GC(656) Old regions: 504->535
[3117.557s][info][gc,heap        ] GC(656) Humongous regions: 80->80
[3117.557s][info][gc,metaspace   ] GC(656) Metaspace: 28931K(29248K)->28931K(29248K) NonClass: 24054K(24192K)->24054K(24192K) Class: 4876K(5056K)->4876K(5056K)
[3117.557s][info][gc             ] GC(656) Pause Young (Prepare Mixed) (G1 Evacuation Pause) 3621M->1446M(4096M) 119.326ms
[3117.557s][info][gc,cpu         ] GC(656) User=0.70s Sys=0.00s Real=0.12s
...[3121.039s][info][gc,start       ] GC(657) Pause Young (Mixed) (G1 Evacuation Pause)
[3121.039s][info][gc,task        ] GC(657) Using 6 workers of 6 for evacuation
[3121.172s][info][gc,phases      ] GC(657)   Pre Evacuate Collection Set: 0.39ms
[3121.172s][info][gc,phases      ] GC(657)   Merge Heap Roots: 0.72ms
[3121.172s][info][gc,phases      ] GC(657)   Evacuate Collection Set: 131.56ms
[3121.172s][info][gc,phases      ] GC(657)   Post Evacuate Collection Set: 0.94ms
[3121.172s][info][gc,phases      ] GC(657)   Other: 0.10ms
[3121.172s][info][gc,heap        ] GC(657) Eden regions: 1112->0(1118)
[3121.172s][info][gc,heap        ] GC(657) Survivor regions: 109->110(153)
[3121.172s][info][gc,heap        ] GC(657) Old regions: 535->472
[3121.172s][info][gc,heap        ] GC(657) Humongous regions: 80->80
[3121.172s][info][gc,metaspace   ] GC(657) Metaspace: 28931K(29248K)->28931K(29248K) NonClass: 24054K(24192K)->24054K(24192K) Class: 4876K(5056K)->4876K(5056K)
[3121.172s][info][gc             ] GC(657) Pause Young (Mixed) (G1 Evacuation Pause) 3670M->1322M(4096M) 133.838ms
[3121.172s][info][gc,cpu         ] GC(657) User=0.79s Sys=0.00s Real=0.13s
....[3124.620s][info][gc,start       ] GC(658) Pause Young (Concurrent Start) (G1 Evacuation Pause)
[3124.620s][info][gc,task        ] GC(658) Using 6 workers of 6 for evacuation
[3124.736s][info][gc,phases      ] GC(658)   Pre Evacuate Collection Set: 0.41ms
[3124.736s][info][gc,phases      ] GC(658)   Merge Heap Roots: 0.47ms
[3124.736s][info][gc,phases      ] GC(658)   Evacuate Collection Set: 114.48ms
[3124.736s][info][gc,phases      ] GC(658)   Post Evacuate Collection Set: 0.88ms
[3124.736s][info][gc,phases      ] GC(658)   Other: 0.11ms
[3124.736s][info][gc,heap        ] GC(658) Eden regions: 1118->0(1120)
[3124.736s][info][gc,heap        ] GC(658) Survivor regions: 110->108(154)
[3124.736s][info][gc,heap        ] GC(658) Old regions: 472->504
[3124.736s][info][gc,heap        ] GC(658) Humongous regions: 80->80
[3124.736s][info][gc,metaspace   ] GC(658) Metaspace: 28931K(29248K)->28931K(29248K) NonClass: 24054K(24192K)->24054K(24192K) Class: 4876K(5056K)->4876K(5056K)
[3124.736s][info][gc             ] GC(658) Pause Young (Concurrent Start) (G1 Evacuation Pause) 3558M->1382M(4096M) 116.484ms
[3124.736s][info][gc             ] GC(659) Concurrent Mark Cycle
[3124.736s][info][gc,marking     ] GC(659) Concurrent Scan Root Regions
[3124.736s][info][gc,cpu         ] GC(658) User=0.69s Sys=0.00s Real=0.11s
[3124.877s][info][gc,marking     ] GC(659) Concurrent Scan Root Regions 140.341ms
[3124.877s][info][gc,marking     ] GC(659) Concurrent Mark
[3124.877s][info][gc,marking     ] GC(659) Concurrent Mark From Roots
[3124.877s][info][gc,task        ] GC(659) Using 2 workers of 2 for marking
.[3125.546s][info][gc,marking     ] GC(659) Concurrent Mark From Roots 669.372ms
[3125.546s][info][gc,marking     ] GC(659) Concurrent Preclean
[3125.546s][info][gc,marking     ] GC(659) Concurrent Preclean 0.071ms
[3125.546s][info][gc,start       ] GC(659) Pause Remark
[3125.550s][info][gc             ] GC(659) Pause Remark 1942M->1942M(4096M) 3.672ms
[3125.550s][info][gc,cpu         ] GC(659) User=0.02s Sys=0.00s Real=0.01s
[3125.550s][info][gc,marking     ] GC(659) Concurrent Mark 673.390ms
[3125.550s][info][gc,marking     ] GC(659) Concurrent Rebuild Remembered Sets and Scrub Regions
[3125.832s][info][gc,marking     ] GC(659) Concurrent Rebuild Remembered Sets and Scrub Regions 282.122ms
[3125.832s][info][gc,start       ] GC(659) Pause Cleanup
[3125.833s][info][gc             ] GC(659) Pause Cleanup 2110M->2110M(4096M) 0.093ms
[3125.833s][info][gc,cpu         ] GC(659) User=0.00s Sys=0.00s Real=0.00s
[3125.833s][info][gc,marking     ] GC(659) Concurrent Clear Claimed Marks
[3125.833s][info][gc,marking     ] GC(659) Concurrent Clear Claimed Marks 0.023ms
[3125.833s][info][gc,marking     ] GC(659) Concurrent Cleanup for Next Mark
[3125.836s][info][gc,marking     ] GC(659) Concurrent Cleanup for Next Mark 3.522ms
[3125.836s][info][gc             ] GC(659) Concurrent Mark Cycle 1099.843ms
..[3128.239s][info][gc,start       ] GC(660) Pause Young (Prepare Mixed) (G1 Evacuation Pause)
[3128.239s][info][gc,task        ] GC(660) Using 6 workers of 6 for evacuation
[3128.362s][info][gc,phases      ] GC(660)   Pre Evacuate Collection Set: 0.31ms
[3128.362s][info][gc,phases      ] GC(660)   Merge Heap Roots: 0.53ms
[3128.362s][info][gc,phases      ] GC(660)   Evacuate Collection Set: 120.48ms
[3128.362s][info][gc,phases      ] GC(660)   Post Evacuate Collection Set: 0.92ms
[3128.362s][info][gc,phases      ] GC(660)   Other: 0.08ms
[3128.362s][info][gc,heap        ] GC(660) Eden regions: 1120->0(1105)
[3128.362s][info][gc,heap        ] GC(660) Survivor regions: 108->112(154)
[3128.362s][info][gc,heap        ] GC(660) Old regions: 504->536
[3128.362s][info][gc,heap        ] GC(660) Humongous regions: 80->80
[3128.362s][info][gc,metaspace   ] GC(660) Metaspace: 28931K(29248K)->28931K(29248K) NonClass: 24054K(24192K)->24054K(24192K) Class: 4876K(5056K)->4876K(5056K)
[3128.362s][info][gc             ] GC(660) Pause Young (Prepare Mixed) (G1 Evacuation Pause) 3622M->1455M(4096M) 122.455ms
[3128.362s][info][gc,cpu         ] GC(660) User=0.72s Sys=0.01s Real=0.12s
....[3131.751s][info][gc,start       ] GC(661) Pause Young (Mixed) (G1 Evacuation Pause)
[3131.751s][info][gc,task        ] GC(661) Using 6 workers of 6 for evacuation
[3131.883s][info][gc,phases      ] GC(661)   Pre Evacuate Collection Set: 0.36ms
[3131.883s][info][gc,phases      ] GC(661)   Merge Heap Roots: 0.65ms
[3131.883s][info][gc,phases      ] GC(661)   Evacuate Collection Set: 130.01ms
[3131.883s][info][gc,phases      ] GC(661)   Post Evacuate Collection Set: 0.92ms
[3131.883s][info][gc,phases      ] GC(661)   Other: 0.09ms
[3131.883s][info][gc,heap        ] GC(661) Eden regions: 1105->0(1120)
[3131.883s][info][gc,heap        ] GC(661) Survivor regions: 112->108(153)
[3131.883s][info][gc,heap        ] GC(661) Old regions: 536->473
[3131.883s][info][gc,heap        ] GC(661) Humongous regions: 80->80
[3131.883s][info][gc,metaspace   ] GC(661) Metaspace: 28931K(29248K)->28931K(29248K) NonClass: 24054K(24192K)->24054K(24192K) Class: 4876K(5056K)->4876K(5056K)
[3131.883s][info][gc             ] GC(661) Pause Young (Mixed) (G1 Evacuation Pause) 3665M->1321M(4096M) 132.157ms
[3131.884s][info][gc,cpu         ] GC(661) User=0.78s Sys=0.00s Real=0.13s
...[3135.250s][info][gc,start       ] GC(662) Pause Young (Concurrent Start) (G1 Evacuation Pause)
[3135.250s][info][gc,task        ] GC(662) Using 6 workers of 6 for evacuation
[3135.367s][info][gc,phases      ] GC(662)   Pre Evacuate Collection Set: 0.37ms
[3135.367s][info][gc,phases      ] GC(662)   Merge Heap Roots: 0.48ms
[3135.367s][info][gc,phases      ] GC(662)   Evacuate Collection Set: 115.79ms
[3135.367s][info][gc,phases      ] GC(662)   Post Evacuate Collection Set: 0.90ms
[3135.367s][info][gc,phases      ] GC(662)   Other: 0.11ms
[3135.367s][info][gc,heap        ] GC(662) Eden regions: 1120->0(1119)
[3135.367s][info][gc,heap        ] GC(662) Survivor regions: 108->109(154)
[3135.367s][info][gc,heap        ] GC(662) Old regions: 473->507
[3135.367s][info][gc,heap        ] GC(662) Humongous regions: 80->80
[3135.367s][info][gc,metaspace   ] GC(662) Metaspace: 28931K(29248K)->28931K(29248K) NonClass: 24054K(24192K)->24054K(24192K) Class: 4876K(5056K)->4876K(5056K)
[3135.367s][info][gc             ] GC(662) Pause Young (Concurrent Start) (G1 Evacuation Pause) 3561M->1390M(4096M) 117.807ms
[3135.367s][info][gc             ] GC(663) Concurrent Mark Cycle
[3135.367s][info][gc,marking     ] GC(663) Concurrent Scan Root Regions
[3135.367s][info][gc,cpu         ] GC(662) User=0.69s Sys=0.00s Real=0.12s
.[3135.512s][info][gc,marking     ] GC(663) Concurrent Scan Root Regions 144.609ms
[3135.512s][info][gc,marking     ] GC(663) Concurrent Mark
[3135.512s][info][gc,marking     ] GC(663) Concurrent Mark From Roots
[3135.512s][info][gc,task        ] GC(663) Using 2 workers of 2 for marking
[3136.179s][info][gc,marking     ] GC(663) Concurrent Mark From Roots 667.263ms
[3136.179s][info][gc,marking     ] GC(663) Concurrent Preclean
[3136.179s][info][gc,marking     ] GC(663) Concurrent Preclean 0.071ms
[3136.179s][info][gc,start       ] GC(663) Pause Remark
[3136.183s][info][gc             ] GC(663) Pause Remark 1933M->1933M(4096M) 3.332ms
[3136.183s][info][gc,cpu         ] GC(663) User=0.02s Sys=0.00s Real=0.00s
[3136.183s][info][gc,marking     ] GC(663) Concurrent Mark 670.896ms
[3136.183s][info][gc,marking     ] GC(663) Concurrent Rebuild Remembered Sets and Scrub Regions
.[3136.539s][info][gc,marking     ] GC(663) Concurrent Rebuild Remembered Sets and Scrub Regions 355.977ms
[3136.539s][info][gc,start       ] GC(663) Pause Cleanup
[3136.539s][info][gc             ] GC(663) Pause Cleanup 2134M->2134M(4096M) 0.110ms
[3136.539s][info][gc,cpu         ] GC(663) User=0.00s Sys=0.00s Real=0.00s
[3136.539s][info][gc,marking     ] GC(663) Concurrent Clear Claimed Marks
[3136.539s][info][gc,marking     ] GC(663) Concurrent Clear Claimed Marks 0.024ms
[3136.539s][info][gc,marking     ] GC(663) Concurrent Cleanup for Next Mark
[3136.543s][info][gc,marking     ] GC(663) Concurrent Cleanup for Next Mark 3.310ms
[3136.543s][info][gc             ] GC(663) Concurrent Mark Cycle 1175.208ms
..[3138.919s][info][gc,start       ] GC(664) Pause Young (Prepare Mixed) (G1 Evacuation Pause)
[3138.919s][info][gc,task        ] GC(664) Using 6 workers of 6 for evacuation
[3139.035s][info][gc,phases      ] GC(664)   Pre Evacuate Collection Set: 0.33ms
[3139.035s][info][gc,phases      ] GC(664)   Merge Heap Roots: 0.48ms
[3139.035s][info][gc,phases      ] GC(664)   Evacuate Collection Set: 113.87ms
[3139.035s][info][gc,phases      ] GC(664)   Post Evacuate Collection Set: 0.92ms
[3139.035s][info][gc,phases      ] GC(664)   Other: 0.09ms
[3139.035s][info][gc,heap        ] GC(664) Eden regions: 1119->0(1109)
[3139.035s][info][gc,heap        ] GC(664) Survivor regions: 109->109(154)
[3139.035s][info][gc,heap        ] GC(664) Old regions: 507->538
[3139.035s][info][gc,heap        ] GC(664) Humongous regions: 80->80
[3139.035s][info][gc,metaspace   ] GC(664) Metaspace: 28931K(29248K)->28931K(29248K) NonClass: 24054K(24192K)->24054K(24192K) Class: 4876K(5056K)->4876K(5056K)
[3139.035s][info][gc             ] GC(664) Pause Young (Prepare Mixed) (G1 Evacuation Pause) 3628M->1452M(4096M) 115.824ms
[3139.035s][info][gc,cpu         ] GC(664) User=0.69s Sys=0.00s Real=0.11s
...[3142.438s][info][gc,start       ] GC(665) Pause Young (Mixed) (G1 Evacuation Pause)
[3142.438s][info][gc,task        ] GC(665) Using 6 workers of 6 for evacuation
[3142.567s][info][gc,phases      ] GC(665)   Pre Evacuate Collection Set: 0.38ms
[3142.567s][info][gc,phases      ] GC(665)   Merge Heap Roots: 0.63ms
[3142.567s][info][gc,phases      ] GC(665)   Evacuate Collection Set: 127.27ms
[3142.567s][info][gc,phases      ] GC(665)   Post Evacuate Collection Set: 0.97ms
[3142.567s][info][gc,phases      ] GC(665)   Other: 0.09ms
[3142.567s][info][gc,heap        ] GC(665) Eden regions: 1109->0(1120)
[3142.567s][info][gc,heap        ] GC(665) Survivor regions: 109->108(153)
[3142.567s][info][gc,heap        ] GC(665) Old regions: 538->475
[3142.567s][info][gc,heap        ] GC(665) Humongous regions: 80->80
[3142.567s][info][gc,metaspace   ] GC(665) Metaspace: 28931K(29248K)->28931K(29248K) NonClass: 24054K(24192K)->24054K(24192K) Class: 4876K(5056K)->4876K(5056K)
[3142.567s][info][gc             ] GC(665) Pause Young (Mixed) (G1 Evacuation Pause) 3670M->1323M(4096M) 129.477ms
[3142.567s][info][gc,cpu         ] GC(665) User=0.77s Sys=0.00s Real=0.13s
....[3146.080s][info][gc,start       ] GC(666) Pause Young (Concurrent Start) (G1 Evacuation Pause)
[3146.080s][info][gc,task        ] GC(666) Using 6 workers of 6 for evacuation
[3146.200s][info][gc,phases      ] GC(666)   Pre Evacuate Collection Set: 0.36ms
[3146.200s][info][gc,phases      ] GC(666)   Merge Heap Roots: 0.44ms
[3146.200s][info][gc,phases      ] GC(666)   Evacuate Collection Set: 117.58ms
[3146.200s][info][gc,phases      ] GC(666)   Post Evacuate Collection Set: 0.88ms
[3146.200s][info][gc,phases      ] GC(666)   Other: 0.11ms
[3146.200s][info][gc,heap        ] GC(666) Eden regions: 1120->0(1117)
[3146.200s][info][gc,heap        ] GC(666) Survivor regions: 108->111(154)
[3146.200s][info][gc,heap        ] GC(666) Old regions: 475->508
[3146.200s][info][gc,heap        ] GC(666) Humongous regions: 80->80
[3146.200s][info][gc,metaspace   ] GC(666) Metaspace: 28931K(29248K)->28931K(29248K) NonClass: 24054K(24192K)->24054K(24192K) Class: 4876K(5056K)->4876K(5056K)
[3146.200s][info][gc             ] GC(666) Pause Young (Concurrent Start) (G1 Evacuation Pause) 3563M->1395M(4096M) 119.506ms
[3146.200s][info][gc             ] GC(667) Concurrent Mark Cycle
[3146.200s][info][gc,marking     ] GC(667) Concurrent Scan Root Regions
[3146.200s][info][gc,cpu         ] GC(666) User=0.71s Sys=0.00s Real=0.12s
[3146.365s][info][gc,marking     ] GC(667) Concurrent Scan Root Regions 165.344ms
[3146.365s][info][gc,marking     ] GC(667) Concurrent Mark
[3146.365s][info][gc,marking     ] GC(667) Concurrent Mark From Roots
[3146.365s][info][gc,task        ] GC(667) Using 2 workers of 2 for marking
.[3147.050s][info][gc,marking     ] GC(667) Concurrent Mark From Roots 684.938ms
[3147.050s][info][gc,marking     ] GC(667) Concurrent Preclean
[3147.051s][info][gc,marking     ] GC(667) Concurrent Preclean 0.622ms
[3147.051s][info][gc,start       ] GC(667) Pause Remark
[3147.057s][info][gc             ] GC(667) Pause Remark 2024M->2024M(4096M) 6.328ms
[3147.057s][info][gc,cpu         ] GC(667) User=0.03s Sys=0.00s Real=0.01s
[3147.057s][info][gc,marking     ] GC(667) Concurrent Mark 692.213ms
[3147.057s][info][gc,marking     ] GC(667) Concurrent Rebuild Remembered Sets and Scrub Regions
[3147.290s][info][gc,marking     ] GC(667) Concurrent Rebuild Remembered Sets and Scrub Regions 232.832ms
[3147.290s][info][gc,start       ] GC(667) Pause Cleanup
[3147.291s][info][gc             ] GC(667) Pause Cleanup 2159M->2159M(4096M) 0.104ms
[3147.291s][info][gc,cpu         ] GC(667) User=0.00s Sys=0.00s Real=0.00s
[3147.291s][info][gc,marking     ] GC(667) Concurrent Clear Claimed Marks
[3147.291s][info][gc,marking     ] GC(667) Concurrent Clear Claimed Marks 0.023ms
[3147.291s][info][gc,marking     ] GC(667) Concurrent Cleanup for Next Mark
[3147.294s][info][gc,marking     ] GC(667) Concurrent Cleanup for Next Mark 3.860ms
[3147.295s][info][gc             ] GC(667) Concurrent Mark Cycle 1094.732ms
...[3149.635s][info][gc,start       ] GC(668) Pause Young (Prepare Mixed) (G1 Evacuation Pause)
[3149.635s][info][gc,task        ] GC(668) Using 6 workers of 6 for evacuation
[3149.754s][info][gc,phases      ] GC(668)   Pre Evacuate Collection Set: 0.32ms
[3149.754s][info][gc,phases      ] GC(668)   Merge Heap Roots: 0.48ms
[3149.754s][info][gc,phases      ] GC(668)   Evacuate Collection Set: 117.31ms
[3149.754s][info][gc,phases      ] GC(668)   Post Evacuate Collection Set: 0.92ms
[3149.754s][info][gc,phases      ] GC(668)   Other: 0.09ms
[3149.754s][info][gc,heap        ] GC(668) Eden regions: 1117->0(1104)
[3149.754s][info][gc,heap        ] GC(668) Survivor regions: 111->111(154)
[3149.754s][info][gc,heap        ] GC(668) Old regions: 508->539
[3149.754s][info][gc,heap        ] GC(668) Humongous regions: 80->80
[3149.754s][info][gc,metaspace   ] GC(668) Metaspace: 28873K(29248K)->28873K(29248K) NonClass: 24006K(24192K)->24006K(24192K) Class: 4867K(5056K)->4867K(5056K)
[3149.754s][info][gc             ] GC(668) Pause Young (Prepare Mixed) (G1 Evacuation Pause) 3629M->1459M(4096M) 119.249ms
[3149.754s][info][gc,cpu         ] GC(668) User=0.70s Sys=0.00s Real=0.12s
...[3153.210s][info][gc,start       ] GC(669) Pause Young (Mixed) (G1 Evacuation Pause)
[3153.210s][info][gc,task        ] GC(669) Using 6 workers of 6 for evacuation
[3153.344s][info][gc,phases      ] GC(669)   Pre Evacuate Collection Set: 0.39ms
[3153.344s][info][gc,phases      ] GC(669)   Merge Heap Roots: 0.62ms
[3153.344s][info][gc,phases      ] GC(669)   Evacuate Collection Set: 131.19ms
[3153.344s][info][gc,phases      ] GC(669)   Post Evacuate Collection Set: 0.96ms
[3153.344s][info][gc,phases      ] GC(669)   Other: 0.09ms
[3153.344s][info][gc,heap        ] GC(669) Eden regions: 1104->0(1118)
[3153.344s][info][gc,heap        ] GC(669) Survivor regions: 111->110(152)
[3153.344s][info][gc,heap        ] GC(669) Old regions: 539->474
[3153.344s][info][gc,heap        ] GC(669) Humongous regions: 80->80
[3153.344s][info][gc,metaspace   ] GC(669) Metaspace: 28873K(29248K)->28873K(29248K) NonClass: 24006K(24192K)->24006K(24192K) Class: 4867K(5056K)->4867K(5056K)
[3153.344s][info][gc             ] GC(669) Pause Young (Mixed) (G1 Evacuation Pause) 3667M->1326M(4096M) 133.393ms
[3153.344s][info][gc,cpu         ] GC(669) User=0.79s Sys=0.00s Real=0.13s
....[3156.756s][info][gc,start       ] GC(670) Pause Young (Concurrent Start) (G1 Evacuation Pause)
[3156.756s][info][gc,task        ] GC(670) Using 6 workers of 6 for evacuation
[3156.874s][info][gc,phases      ] GC(670)   Pre Evacuate Collection Set: 0.39ms
[3156.874s][info][gc,phases      ] GC(670)   Merge Heap Roots: 0.44ms
[3156.874s][info][gc,phases      ] GC(670)   Evacuate Collection Set: 116.06ms
[3156.874s][info][gc,phases      ] GC(670)   Post Evacuate Collection Set: 0.86ms
[3156.874s][info][gc,phases      ] GC(670)   Other: 0.12ms
[3156.874s][info][gc,heap        ] GC(670) Eden regions: 1118->0(1119)
[3156.874s][info][gc,heap        ] GC(670) Survivor regions: 110->109(154)
[3156.874s][info][gc,heap        ] GC(670) Old regions: 474->505
[3156.874s][info][gc,heap        ] GC(670) Humongous regions: 80->80
[3156.874s][info][gc,metaspace   ] GC(670) Metaspace: 28873K(29248K)->28873K(29248K) NonClass: 24006K(24192K)->24006K(24192K) Class: 4867K(5056K)->4867K(5056K)
[3156.874s][info][gc             ] GC(670) Pause Young (Concurrent Start) (G1 Evacuation Pause) 3562M->1387M(4096M) 117.993ms
[3156.874s][info][gc             ] GC(671) Concurrent Mark Cycle
[3156.874s][info][gc,marking     ] GC(671) Concurrent Scan Root Regions
[3156.874s][info][gc,cpu         ] GC(670) User=0.69s Sys=0.00s Real=0.12s
[3157.053s][info][gc,marking     ] GC(671) Concurrent Scan Root Regions 178.493ms
[3157.053s][info][gc,marking     ] GC(671) Concurrent Mark
[3157.053s][info][gc,marking     ] GC(671) Concurrent Mark From Roots
[3157.053s][info][gc,task        ] GC(671) Using 2 workers of 2 for marking
.[3157.897s][info][gc,marking     ] GC(671) Concurrent Mark From Roots 844.437ms
[3157.897s][info][gc,marking     ] GC(671) Concurrent Preclean
[3157.898s][info][gc,marking     ] GC(671) Concurrent Preclean 0.442ms
[3157.898s][info][gc,start       ] GC(671) Pause Remark
[3157.902s][info][gc             ] GC(671) Pause Remark 2102M->2102M(4096M) 3.962ms
[3157.902s][info][gc,cpu         ] GC(671) User=0.02s Sys=0.00s Real=0.00s
[3157.902s][info][gc,marking     ] GC(671) Concurrent Mark 849.113ms
[3157.902s][info][gc,marking     ] GC(671) Concurrent Rebuild Remembered Sets and Scrub Regions
[3158.184s][info][gc,marking     ] GC(671) Concurrent Rebuild Remembered Sets and Scrub Regions 282.264ms
[3158.184s][info][gc,start       ] GC(671) Pause Cleanup
[3158.185s][info][gc             ] GC(671) Pause Cleanup 2274M->2274M(4096M) 0.103ms
[3158.185s][info][gc,cpu         ] GC(671) User=0.00s Sys=0.00s Real=0.00s
[3158.185s][info][gc,marking     ] GC(671) Concurrent Clear Claimed Marks
[3158.185s][info][gc,marking     ] GC(671) Concurrent Clear Claimed Marks 0.028ms
[3158.185s][info][gc,marking     ] GC(671) Concurrent Cleanup for Next Mark
[3158.188s][info][gc,marking     ] GC(671) Concurrent Cleanup for Next Mark 3.631ms
[3158.188s][info][gc             ] GC(671) Concurrent Mark Cycle 1314.011ms
..[3160.379s][info][gc,start       ] GC(672) Pause Young (Prepare Mixed) (G1 Evacuation Pause)
[3160.379s][info][gc,task        ] GC(672) Using 6 workers of 6 for evacuation
[3160.494s][info][gc,phases      ] GC(672)   Pre Evacuate Collection Set: 0.35ms
[3160.494s][info][gc,phases      ] GC(672)   Merge Heap Roots: 0.52ms
[3160.494s][info][gc,phases      ] GC(672)   Evacuate Collection Set: 113.30ms
[3160.494s][info][gc,phases      ] GC(672)   Post Evacuate Collection Set: 0.95ms
[3160.494s][info][gc,phases      ] GC(672)   Other: 0.08ms
[3160.494s][info][gc,heap        ] GC(672) Eden regions: 1119->0(1114)
[3160.494s][info][gc,heap        ] GC(672) Survivor regions: 109->107(154)
[3160.494s][info][gc,heap        ] GC(672) Old regions: 505->537
[3160.494s][info][gc,heap        ] GC(672) Humongous regions: 80->80
[3160.494s][info][gc,metaspace   ] GC(672) Metaspace: 28873K(29248K)->28873K(29248K) NonClass: 24006K(24192K)->24006K(24192K) Class: 4867K(5056K)->4867K(5056K)
[3160.494s][info][gc             ] GC(672) Pause Young (Prepare Mixed) (G1 Evacuation Pause) 3625M->1447M(4096M) 115.331ms
[3160.494s][info][gc,cpu         ] GC(672) User=0.68s Sys=0.00s Real=0.11s
... (rIR:aIR:PR = 5258:5258:5258) (tPR = 78049) [OK] 
  3162s: Performance info:
         Transaction,    Success,    Partial,     Failed,   Receipts, AvgBarcode, 
             Overall,     317378,          0,          0,     301486,      59.48, 
         Response times:
             Request,    Success,    Partial,     Failed,   SkipFail,     Probes,    Samples,      min,      p50,      p90,      p95,      p99,      max, 
       TotalPurchase,     301493,          0,          0,          0,     295163,     315868,      300,     4200,     8900,    21000,    66000,   259000,
     InStorePurchase,     158640,          0,          0,          0,     155696,     166336,      300,     4300,     9000,    21000,    64000,   227000,
      OnlinePurchase,     111116,          0,          0,          0,     108753,     116336,      300,     4100,     8800,    21000,    71000,   259000,
        InstPurchase,      31737,          0,          0,          0,      30714,      33196,      500,     4200,     8800,    19615,    63000,   224000,
          AssocOfCat,        317,          0,          0,          0,        242,        329,    19100,    30000,    53000,    77000,   158500,   175000,
      AssocOfProduct,       3174,          0,          0,          0,       2949,       3329,      500,     3600,     7200,    16200,    64000,   196000,
      BusinessReport,        793,          0,          0,          0,        681,        844,    24000,    35000,    66500,    90000,   178550,   208000,
          CustBuyBeh,       3184,          0,          0,          0,       2934,       3306,      200,     3200,     7000,    14865,    52790,   146000,
       ProductReturn,       8424,          0,          0,          0,       7933,       8691,      100,     3400,     7600,    17200,    66000,   146000,

  3162s: (39%)   IR =   5396 .[3163.891s][info][gc,start       ] GC(673) Pause Young (Mixed) (G1 Evacuation Pause)
[3163.891s][info][gc,task        ] GC(673) Using 6 workers of 6 for evacuation
[3164.031s][info][gc,phases      ] GC(673)   Pre Evacuate Collection Set: 0.38ms
[3164.031s][info][gc,phases      ] GC(673)   Merge Heap Roots: 0.65ms
[3164.031s][info][gc,phases      ] GC(673)   Evacuate Collection Set: 137.81ms
[3164.031s][info][gc,phases      ] GC(673)   Post Evacuate Collection Set: 1.01ms
[3164.031s][info][gc,phases      ] GC(673)   Other: 0.09ms
[3164.031s][info][gc,heap        ] GC(673) Eden regions: 1114->0(1115)
[3164.031s][info][gc,heap        ] GC(673) Survivor regions: 107->113(153)
[3164.031s][info][gc,heap        ] GC(673) Old regions: 537->473
[3164.031s][info][gc,heap        ] GC(673) Humongous regions: 80->80
[3164.031s][info][gc,metaspace   ] GC(673) Metaspace: 28873K(29248K)->28873K(29248K) NonClass: 24006K(24192K)->24006K(24192K) Class: 4867K(5056K)->4867K(5056K)
[3164.031s][info][gc             ] GC(673) Pause Young (Mixed) (G1 Evacuation Pause) 3675M->1331M(4096M) 140.074ms
[3164.032s][info][gc,cpu         ] GC(673) User=0.82s Sys=0.01s Real=0.14s
...[3167.306s][info][gc,start       ] GC(674) Pause Young (Concurrent Start) (G1 Evacuation Pause)
[3167.306s][info][gc,task        ] GC(674) Using 6 workers of 6 for evacuation
[3167.423s][info][gc,phases      ] GC(674)   Pre Evacuate Collection Set: 0.38ms
[3167.423s][info][gc,phases      ] GC(674)   Merge Heap Roots: 0.46ms
[3167.423s][info][gc,phases      ] GC(674)   Evacuate Collection Set: 115.28ms
[3167.423s][info][gc,phases      ] GC(674)   Post Evacuate Collection Set: 0.88ms
[3167.423s][info][gc,phases      ] GC(674)   Other: 0.12ms
[3167.423s][info][gc,heap        ] GC(674) Eden regions: 1115->0(1119)
[3167.423s][info][gc,heap        ] GC(674) Survivor regions: 113->109(154)
[3167.423s][info][gc,heap        ] GC(674) Old regions: 473->505
[3167.423s][info][gc,heap        ] GC(674) Humongous regions: 80->80
[3167.423s][info][gc,metaspace   ] GC(674) Metaspace: 28873K(29248K)->28873K(29248K) NonClass: 24006K(24192K)->24006K(24192K) Class: 4867K(5056K)->4867K(5056K)
[3167.423s][info][gc             ] GC(674) Pause Young (Concurrent Start) (G1 Evacuation Pause) 3561M->1387M(4096M) 117.254ms
[3167.423s][info][gc             ] GC(675) Concurrent Mark Cycle
[3167.423s][info][gc,marking     ] GC(675) Concurrent Scan Root Regions
[3167.423s][info][gc,cpu         ] GC(674) User=0.69s Sys=0.00s Real=0.12s
[3167.604s][info][gc,marking     ] GC(675) Concurrent Scan Root Regions 180.664ms
[3167.604s][info][gc,marking     ] GC(675) Concurrent Mark
[3167.604s][info][gc,marking     ] GC(675) Concurrent Mark From Roots
[3167.604s][info][gc,task        ] GC(675) Using 2 workers of 2 for marking
.[3168.252s][info][gc,marking     ] GC(675) Concurrent Mark From Roots 647.852ms
[3168.252s][info][gc,marking     ] GC(675) Concurrent Preclean
[3168.252s][info][gc,marking     ] GC(675) Concurrent Preclean 0.640ms
[3168.254s][info][gc,start       ] GC(675) Pause Remark
[3168.258s][info][gc             ] GC(675) Pause Remark 1949M->1949M(4096M) 3.921ms
[3168.258s][info][gc,cpu         ] GC(675) User=0.01s Sys=0.01s Real=0.01s
[3168.258s][info][gc,marking     ] GC(675) Concurrent Mark 653.861ms
[3168.258s][info][gc,marking     ] GC(675) Concurrent Rebuild Remembered Sets and Scrub Regions
[3168.515s][info][gc,marking     ] GC(675) Concurrent Rebuild Remembered Sets and Scrub Regions 256.918ms
[3168.515s][info][gc,start       ] GC(675) Pause Cleanup
[3168.515s][info][gc             ] GC(675) Pause Cleanup 2140M->2140M(4096M) 0.102ms
[3168.515s][info][gc,cpu         ] GC(675) User=0.00s Sys=0.00s Real=0.00s
[3168.516s][info][gc,marking     ] GC(675) Concurrent Clear Claimed Marks
[3168.516s][info][gc,marking     ] GC(675) Concurrent Clear Claimed Marks 0.031ms
[3168.516s][info][gc,marking     ] GC(675) Concurrent Cleanup for Next Mark
[3168.521s][info][gc,marking     ] GC(675) Concurrent Cleanup for Next Mark 5.129ms
[3168.521s][info][gc             ] GC(675) Concurrent Mark Cycle 1097.575ms
.|..[3170.794s][info][gc,start       ] GC(676) Pause Young (Prepare Mixed) (G1 Evacuation Pause)
[3170.794s][info][gc,task        ] GC(676) Using 6 workers of 6 for evacuation
[3170.913s][info][gc,phases      ] GC(676)   Pre Evacuate Collection Set: 0.37ms
[3170.913s][info][gc,phases      ] GC(676)   Merge Heap Roots: 0.59ms
[3170.913s][info][gc,phases      ] GC(676)   Evacuate Collection Set: 117.08ms
[3170.913s][info][gc,phases      ] GC(676)   Post Evacuate Collection Set: 0.97ms
[3170.913s][info][gc,phases      ] GC(676)   Other: 0.08ms
[3170.913s][info][gc,heap        ] GC(676) Eden regions: 1119->0(1108)
[3170.913s][info][gc,heap        ] GC(676) Survivor regions: 109->110(154)
[3170.913s][info][gc,heap        ] GC(676) Old regions: 505->537
[3170.913s][info][gc,heap        ] GC(676) Humongous regions: 80->80
[3170.913s][info][gc,metaspace   ] GC(676) Metaspace: 28873K(29248K)->28873K(29248K) NonClass: 24006K(24192K)->24006K(24192K) Class: 4867K(5056K)->4867K(5056K)
[3170.913s][info][gc             ] GC(676) Pause Young (Prepare Mixed) (G1 Evacuation Pause) 3625M->1451M(4096M) 119.243ms
[3170.913s][info][gc,cpu         ] GC(676) User=0.71s Sys=0.00s Real=0.12s
...[3174.285s][info][gc,start       ] GC(677) Pause Young (Mixed) (G1 Evacuation Pause)
[3174.285s][info][gc,task        ] GC(677) Using 6 workers of 6 for evacuation
[3174.416s][info][gc,phases      ] GC(677)   Pre Evacuate Collection Set: 0.36ms
[3174.416s][info][gc,phases      ] GC(677)   Merge Heap Roots: 0.60ms
[3174.416s][info][gc,phases      ] GC(677)   Evacuate Collection Set: 128.98ms
[3174.416s][info][gc,phases      ] GC(677)   Post Evacuate Collection Set: 0.94ms
[3174.416s][info][gc,phases      ] GC(677)   Other: 0.08ms
[3174.416s][info][gc,heap        ] GC(677) Eden regions: 1108->0(1118)
[3174.416s][info][gc,heap        ] GC(677) Survivor regions: 110->110(153)
[3174.416s][info][gc,heap        ] GC(677) Old regions: 537->472
[3174.416s][info][gc,heap        ] GC(677) Humongous regions: 80->80
[3174.416s][info][gc,metaspace   ] GC(677) Metaspace: 28873K(29248K)->28873K(29248K) NonClass: 24006K(24192K)->24006K(24192K) Class: 4867K(5056K)->4867K(5056K)
[3174.416s][info][gc             ] GC(677) Pause Young (Mixed) (G1 Evacuation Pause) 3667M->1322M(4096M) 131.098ms
[3174.416s][info][gc,cpu         ] GC(677) User=0.77s Sys=0.00s Real=0.13s
....[3177.816s][info][gc,start       ] GC(678) Pause Young (Concurrent Start) (G1 Evacuation Pause)
[3177.816s][info][gc,task        ] GC(678) Using 6 workers of 6 for evacuation
[3177.931s][info][gc,phases      ] GC(678)   Pre Evacuate Collection Set: 0.38ms
[3177.931s][info][gc,phases      ] GC(678)   Merge Heap Roots: 0.44ms
[3177.931s][info][gc,phases      ] GC(678)   Evacuate Collection Set: 113.69ms
[3177.931s][info][gc,phases      ] GC(678)   Post Evacuate Collection Set: 0.89ms
[3177.931s][info][gc,phases      ] GC(678)   Other: 0.10ms
[3177.931s][info][gc,heap        ] GC(678) Eden regions: 1118->0(1119)
[3177.931s][info][gc,heap        ] GC(678) Survivor regions: 110->109(154)
[3177.931s][info][gc,heap        ] GC(678) Old regions: 472->503
[3177.931s][info][gc,heap        ] GC(678) Humongous regions: 80->80
[3177.931s][info][gc,metaspace   ] GC(678) Metaspace: 28873K(29248K)->28873K(29248K) NonClass: 24006K(24192K)->24006K(24192K) Class: 4867K(5056K)->4867K(5056K)
[3177.931s][info][gc             ] GC(678) Pause Young (Concurrent Start) (G1 Evacuation Pause) 3558M->1381M(4096M) 115.633ms
[3177.932s][info][gc             ] GC(679) Concurrent Mark Cycle
[3177.932s][info][gc,marking     ] GC(679) Concurrent Scan Root Regions
[3177.932s][info][gc,cpu         ] GC(678) User=0.68s Sys=0.00s Real=0.12s
[3178.070s][info][gc,marking     ] GC(679) Concurrent Scan Root Regions 138.054ms
[3178.070s][info][gc,marking     ] GC(679) Concurrent Mark
[3178.070s][info][gc,marking     ] GC(679) Concurrent Mark From Roots
[3178.070s][info][gc,task        ] GC(679) Using 2 workers of 2 for marking
.[3178.813s][info][gc,marking     ] GC(679) Concurrent Mark From Roots 743.406ms
[3178.813s][info][gc,marking     ] GC(679) Concurrent Preclean
[3178.814s][info][gc,marking     ] GC(679) Concurrent Preclean 0.874ms
[3178.815s][info][gc,start       ] GC(679) Pause Remark
[3178.819s][info][gc             ] GC(679) Pause Remark 2047M->2047M(4096M) 4.119ms
[3178.819s][info][gc,cpu         ] GC(679) User=0.01s Sys=0.01s Real=0.01s
[3178.819s][info][gc,marking     ] GC(679) Concurrent Mark 749.138ms
[3178.819s][info][gc,marking     ] GC(679) Concurrent Rebuild Remembered Sets and Scrub Regions
[3179.104s][info][gc,marking     ] GC(679) Concurrent Rebuild Remembered Sets and Scrub Regions 284.804ms
[3179.104s][info][gc,start       ] GC(679) Pause Cleanup
[3179.104s][info][gc             ] GC(679) Pause Cleanup 2236M->2236M(4096M) 0.107ms
[3179.104s][info][gc,cpu         ] GC(679) User=0.00s Sys=0.00s Real=0.00s
[3179.104s][info][gc,marking     ] GC(679) Concurrent Clear Claimed Marks
[3179.104s][info][gc,marking     ] GC(679) Concurrent Clear Claimed Marks 0.032ms
[3179.104s][info][gc,marking     ] GC(679) Concurrent Cleanup for Next Mark
[3179.107s][info][gc,marking     ] GC(679) Concurrent Cleanup for Next Mark 3.251ms
[3179.107s][info][gc             ] GC(679) Concurrent Mark Cycle 1175.737ms
..[3181.247s][info][gc,start       ] GC(680) Pause Young (Prepare Mixed) (G1 Evacuation Pause)
[3181.247s][info][gc,task        ] GC(680) Using 6 workers of 6 for evacuation
[3181.367s][info][gc,phases      ] GC(680)   Pre Evacuate Collection Set: 0.32ms
[3181.367s][info][gc,phases      ] GC(680)   Merge Heap Roots: 0.47ms
[3181.367s][info][gc,phases      ] GC(680)   Evacuate Collection Set: 118.51ms
[3181.367s][info][gc,phases      ] GC(680)   Post Evacuate Collection Set: 0.92ms
[3181.367s][info][gc,phases      ] GC(680)   Other: 0.09ms
[3181.367s][info][gc,heap        ] GC(680) Eden regions: 1119->0(1106)
[3181.367s][info][gc,heap        ] GC(680) Survivor regions: 109->112(154)
[3181.367s][info][gc,heap        ] GC(680) Old regions: 503->535
[3181.367s][info][gc,heap        ] GC(680) Humongous regions: 80->80
[3181.367s][info][gc,metaspace   ] GC(680) Metaspace: 28873K(29248K)->28873K(29248K) NonClass: 24006K(24192K)->24006K(24192K) Class: 4867K(5056K)->4867K(5056K)
[3181.367s][info][gc             ] GC(680) Pause Young (Prepare Mixed) (G1 Evacuation Pause) 3619M->1453M(4096M) 120.435ms
[3181.367s][info][gc,cpu         ] GC(680) User=0.71s Sys=0.00s Real=0.12s
....[3184.719s][info][gc,start       ] GC(681) Pause Young (Mixed) (G1 Evacuation Pause)
[3184.719s][info][gc,task        ] GC(681) Using 6 workers of 6 for evacuation
[3184.852s][info][gc,phases      ] GC(681)   Pre Evacuate Collection Set: 0.40ms
[3184.852s][info][gc,phases      ] GC(681)   Merge Heap Roots: 0.75ms
[3184.852s][info][gc,phases      ] GC(681)   Evacuate Collection Set: 131.10ms
[3184.852s][info][gc,phases      ] GC(681)   Post Evacuate Collection Set: 0.95ms
[3184.852s][info][gc,phases      ] GC(681)   Other: 0.09ms
[3184.852s][info][gc,heap        ] GC(681) Eden regions: 1106->0(1120)
[3184.852s][info][gc,heap        ] GC(681) Survivor regions: 112->108(153)
[3184.852s][info][gc,heap        ] GC(681) Old regions: 535->473
[3184.852s][info][gc,heap        ] GC(681) Humongous regions: 80->80
[3184.852s][info][gc,metaspace   ] GC(681) Metaspace: 28873K(29248K)->28873K(29248K) NonClass: 24006K(24192K)->24006K(24192K) Class: 4867K(5056K)->4867K(5056K)
[3184.852s][info][gc             ] GC(681) Pause Young (Mixed) (G1 Evacuation Pause) 3665M->1320M(4096M) 133.438ms
[3184.852s][info][gc,cpu         ] GC(681) User=0.79s Sys=0.00s Real=0.13s
...[3188.213s][info][gc,start       ] GC(682) Pause Young (Concurrent Start) (G1 Evacuation Pause)
[3188.213s][info][gc,task        ] GC(682) Using 6 workers of 6 for evacuation
[3188.330s][info][gc,phases      ] GC(682)   Pre Evacuate Collection Set: 0.38ms
[3188.330s][info][gc,phases      ] GC(682)   Merge Heap Roots: 0.47ms
[3188.330s][info][gc,phases      ] GC(682)   Evacuate Collection Set: 115.42ms
[3188.330s][info][gc,phases      ] GC(682)   Post Evacuate Collection Set: 0.90ms
[3188.330s][info][gc,phases      ] GC(682)   Other: 0.11ms
[3188.330s][info][gc,heap        ] GC(682) Eden regions: 1120->0(1119)
[3188.330s][info][gc,heap        ] GC(682) Survivor regions: 108->109(154)
[3188.330s][info][gc,heap        ] GC(682) Old regions: 473->505
[3188.330s][info][gc,heap        ] GC(682) Humongous regions: 80->80
[3188.330s][info][gc,metaspace   ] GC(682) Metaspace: 28873K(29248K)->28873K(29248K) NonClass: 24006K(24192K)->24006K(24192K) Class: 4867K(5056K)->4867K(5056K)
[3188.330s][info][gc             ] GC(682) Pause Young (Concurrent Start) (G1 Evacuation Pause) 3560M->1386M(4096M) 117.415ms
[3188.330s][info][gc             ] GC(683) Concurrent Mark Cycle
[3188.330s][info][gc,marking     ] GC(683) Concurrent Scan Root Regions
[3188.331s][info][gc,cpu         ] GC(682) User=0.69s Sys=0.00s Real=0.12s
[3188.509s][info][gc,marking     ] GC(683) Concurrent Scan Root Regions 178.245ms
[3188.509s][info][gc,marking     ] GC(683) Concurrent Mark
[3188.509s][info][gc,marking     ] GC(683) Concurrent Mark From Roots
[3188.509s][info][gc,task        ] GC(683) Using 2 workers of 2 for marking
.[3189.462s][info][gc,marking     ] GC(683) Concurrent Mark From Roots 953.645ms
[3189.463s][info][gc,marking     ] GC(683) Concurrent Preclean
[3189.463s][info][gc,marking     ] GC(683) Concurrent Preclean 0.671ms
[3189.463s][info][gc,start       ] GC(683) Pause Remark
[3189.468s][info][gc             ] GC(683) Pause Remark 2195M->2195M(4096M) 4.485ms
[3189.468s][info][gc,cpu         ] GC(683) User=0.02s Sys=0.00s Real=0.01s
[3189.468s][info][gc,marking     ] GC(683) Concurrent Mark 959.098ms
[3189.468s][info][gc,marking     ] GC(683) Concurrent Rebuild Remembered Sets and Scrub Regions
.[3189.865s][info][gc,marking     ] GC(683) Concurrent Rebuild Remembered Sets and Scrub Regions 396.818ms
[3189.865s][info][gc,start       ] GC(683) Pause Cleanup
[3189.865s][info][gc             ] GC(683) Pause Cleanup 2454M->2454M(4096M) 0.114ms
[3189.865s][info][gc,cpu         ] GC(683) User=0.00s Sys=0.00s Real=0.00s
[3189.865s][info][gc,marking     ] GC(683) Concurrent Clear Claimed Marks
[3189.865s][info][gc,marking     ] GC(683) Concurrent Clear Claimed Marks 0.026ms
[3189.865s][info][gc,marking     ] GC(683) Concurrent Cleanup for Next Mark
[3189.869s][info][gc,marking     ] GC(683) Concurrent Cleanup for Next Mark 3.613ms
[3189.869s][info][gc             ] GC(683) Concurrent Mark Cycle 1538.256ms
..[3191.701s][info][gc,start       ] GC(684) Pause Young (Prepare Mixed) (G1 Evacuation Pause)
[3191.701s][info][gc,task        ] GC(684) Using 6 workers of 6 for evacuation
[3191.819s][info][gc,phases      ] GC(684)   Pre Evacuate Collection Set: 0.35ms
[3191.819s][info][gc,phases      ] GC(684)   Merge Heap Roots: 0.49ms
[3191.819s][info][gc,phases      ] GC(684)   Evacuate Collection Set: 116.04ms
[3191.819s][info][gc,phases      ] GC(684)   Post Evacuate Collection Set: 0.92ms
[3191.819s][info][gc,phases      ] GC(684)   Other: 0.09ms
[3191.819s][info][gc,heap        ] GC(684) Eden regions: 1119->0(1112)
[3191.819s][info][gc,heap        ] GC(684) Survivor regions: 109->108(154)
[3191.819s][info][gc,heap        ] GC(684) Old regions: 505->537
[3191.819s][info][gc,heap        ] GC(684) Humongous regions: 80->80
[3191.819s][info][gc,metaspace   ] GC(684) Metaspace: 28873K(29248K)->28873K(29248K) NonClass: 24006K(24192K)->24006K(24192K) Class: 4867K(5056K)->4867K(5056K)
[3191.819s][info][gc             ] GC(684) Pause Young (Prepare Mixed) (G1 Evacuation Pause) 3624M->1448M(4096M) 118.013ms
[3191.819s][info][gc,cpu         ] GC(684) User=0.70s Sys=0.00s Real=0.12s
...[3195.185s][info][gc,start       ] GC(685) Pause Young (Mixed) (G1 Evacuation Pause)
[3195.185s][info][gc,task        ] GC(685) Using 6 workers of 6 for evacuation
[3195.320s][info][gc,phases      ] GC(685)   Pre Evacuate Collection Set: 0.36ms
[3195.320s][info][gc,phases      ] GC(685)   Merge Heap Roots: 0.59ms
[3195.320s][info][gc,phases      ] GC(685)   Evacuate Collection Set: 132.68ms
[3195.320s][info][gc,phases      ] GC(685)   Post Evacuate Collection Set: 0.95ms
[3195.320s][info][gc,phases      ] GC(685)   Other: 0.09ms
[3195.320s][info][gc,heap        ] GC(685) Eden regions: 1112->0(1118)
[3195.320s][info][gc,heap        ] GC(685) Survivor regions: 108->110(153)
[3195.320s][info][gc,heap        ] GC(685) Old regions: 537->473
[3195.320s][info][gc,heap        ] GC(685) Humongous regions: 80->80
[3195.320s][info][gc,metaspace   ] GC(685) Metaspace: 28873K(29248K)->28873K(29248K) NonClass: 24006K(24192K)->24006K(24192K) Class: 4867K(5056K)->4867K(5056K)
[3195.320s][info][gc             ] GC(685) Pause Young (Mixed) (G1 Evacuation Pause) 3672M->1325M(4096M) 134.794ms
[3195.320s][info][gc,cpu         ] GC(685) User=0.80s Sys=0.00s Real=0.14s
...[3198.651s][info][gc,start       ] GC(686) Pause Young (Concurrent Start) (G1 Evacuation Pause)
[3198.651s][info][gc,task        ] GC(686) Using 6 workers of 6 for evacuation
[3198.767s][info][gc,phases      ] GC(686)   Pre Evacuate Collection Set: 0.37ms
[3198.767s][info][gc,phases      ] GC(686)   Merge Heap Roots: 0.44ms
[3198.767s][info][gc,phases      ] GC(686)   Evacuate Collection Set: 114.59ms
[3198.767s][info][gc,phases      ] GC(686)   Post Evacuate Collection Set: 0.88ms
[3198.767s][info][gc,phases      ] GC(686)   Other: 0.12ms
[3198.767s][info][gc,heap        ] GC(686) Eden regions: 1118->0(1120)
[3198.767s][info][gc,heap        ] GC(686) Survivor regions: 110->108(154)
[3198.767s][info][gc,heap        ] GC(686) Old regions: 473->505
[3198.767s][info][gc,heap        ] GC(686) Humongous regions: 80->80
[3198.767s][info][gc,metaspace   ] GC(686) Metaspace: 28873K(29248K)->28873K(29248K) NonClass: 24006K(24192K)->24006K(24192K) Class: 4867K(5056K)->4867K(5056K)
[3198.767s][info][gc             ] GC(686) Pause Young (Concurrent Start) (G1 Evacuation Pause) 3561M->1385M(4096M) 116.550ms
[3198.768s][info][gc             ] GC(687) Concurrent Mark Cycle
[3198.768s][info][gc,marking     ] GC(687) Concurrent Scan Root Regions
[3198.768s][info][gc,cpu         ] GC(686) User=0.69s Sys=0.00s Real=0.12s
.[3198.893s][info][gc,marking     ] GC(687) Concurrent Scan Root Regions 125.134ms
[3198.893s][info][gc,marking     ] GC(687) Concurrent Mark
[3198.893s][info][gc,marking     ] GC(687) Concurrent Mark From Roots
[3198.893s][info][gc,task        ] GC(687) Using 2 workers of 2 for marking
[3199.573s][info][gc,marking     ] GC(687) Concurrent Mark From Roots 680.727ms
[3199.573s][info][gc,marking     ] GC(687) Concurrent Preclean
[3199.574s][info][gc,marking     ] GC(687) Concurrent Preclean 0.732ms
[3199.574s][info][gc,start       ] GC(687) Pause Remark
[3199.578s][info][gc             ] GC(687) Pause Remark 1919M->1919M(4096M) 3.760ms
[3199.578s][info][gc,cpu         ] GC(687) User=0.02s Sys=0.01s Real=0.01s
[3199.578s][info][gc,marking     ] GC(687) Concurrent Mark 685.561ms
[3199.578s][info][gc,marking     ] GC(687) Concurrent Rebuild Remembered Sets and Scrub Regions
.[3199.871s][info][gc,marking     ] GC(687) Concurrent Rebuild Remembered Sets and Scrub Regions 293.180ms
[3199.872s][info][gc,start       ] GC(687) Pause Cleanup
[3199.872s][info][gc             ] GC(687) Pause Cleanup 2145M->2145M(4096M) 0.108ms
[3199.872s][info][gc,cpu         ] GC(687) User=0.00s Sys=0.00s Real=0.00s
[3199.872s][info][gc,marking     ] GC(687) Concurrent Clear Claimed Marks
[3199.872s][info][gc,marking     ] GC(687) Concurrent Clear Claimed Marks 0.037ms
[3199.872s][info][gc,marking     ] GC(687) Concurrent Cleanup for Next Mark
[3199.877s][info][gc,marking     ] GC(687) Concurrent Cleanup for Next Mark 4.616ms
[3199.877s][info][gc             ] GC(687) Concurrent Mark Cycle 1109.284ms
..[3202.201s][info][gc,start       ] GC(688) Pause Young (Prepare Mixed) (G1 Evacuation Pause)
[3202.201s][info][gc,task        ] GC(688) Using 6 workers of 6 for evacuation
[3202.319s][info][gc,phases      ] GC(688)   Pre Evacuate Collection Set: 0.33ms
[3202.319s][info][gc,phases      ] GC(688)   Merge Heap Roots: 0.49ms
[3202.319s][info][gc,phases      ] GC(688)   Evacuate Collection Set: 115.97ms
[3202.319s][info][gc,phases      ] GC(688)   Post Evacuate Collection Set: 0.92ms
[3202.319s][info][gc,phases      ] GC(688)   Other: 0.09ms
[3202.319s][info][gc,heap        ] GC(688) Eden regions: 1120->0(1108)
[3202.319s][info][gc,heap        ] GC(688) Survivor regions: 108->110(154)
[3202.319s][info][gc,heap        ] GC(688) Old regions: 505->537
[3202.319s][info][gc,heap        ] GC(688) Humongous regions: 80->80
[3202.319s][info][gc,metaspace   ] GC(688) Metaspace: 28873K(29248K)->28873K(29248K) NonClass: 24006K(24192K)->24006K(24192K) Class: 4867K(5056K)->4867K(5056K)
[3202.319s][info][gc             ] GC(688) Pause Young (Prepare Mixed) (G1 Evacuation Pause) 3625M->1452M(4096M) 117.934ms
[3202.319s][info][gc,cpu         ] GC(688) User=0.70s Sys=0.01s Real=0.12s
...[3205.624s][info][gc,start       ] GC(689) Pause Young (Mixed) (G1 Evacuation Pause)
[3205.624s][info][gc,task        ] GC(689) Using 6 workers of 6 for evacuation
[3205.757s][info][gc,phases      ] GC(689)   Pre Evacuate Collection Set: 0.38ms
[3205.757s][info][gc,phases      ] GC(689)   Merge Heap Roots: 0.65ms
[3205.757s][info][gc,phases      ] GC(689)   Evacuate Collection Set: 130.95ms
[3205.757s][info][gc,phases      ] GC(689)   Post Evacuate Collection Set: 0.95ms
[3205.757s][info][gc,phases      ] GC(689)   Other: 0.08ms
[3205.757s][info][gc,heap        ] GC(689) Eden regions: 1108->0(1120)
[3205.757s][info][gc,heap        ] GC(689) Survivor regions: 110->108(153)
[3205.757s][info][gc,heap        ] GC(689) Old regions: 537->472
[3205.757s][info][gc,heap        ] GC(689) Humongous regions: 80->80
[3205.757s][info][gc,metaspace   ] GC(689) Metaspace: 28873K(29248K)->28873K(29248K) NonClass: 24006K(24192K)->24006K(24192K) Class: 4867K(5056K)->4867K(5056K)
[3205.757s][info][gc             ] GC(689) Pause Young (Mixed) (G1 Evacuation Pause) 3668M->1319M(4096M) 133.180ms
[3205.757s][info][gc,cpu         ] GC(689) User=0.78s Sys=0.01s Real=0.14s
....[3209.098s][info][gc,start       ] GC(690) Pause Young (Concurrent Start) (G1 Evacuation Pause)
[3209.098s][info][gc,task        ] GC(690) Using 6 workers of 6 for evacuation
[3209.217s][info][gc,phases      ] GC(690)   Pre Evacuate Collection Set: 0.37ms
[3209.217s][info][gc,phases      ] GC(690)   Merge Heap Roots: 0.46ms
[3209.217s][info][gc,phases      ] GC(690)   Evacuate Collection Set: 116.97ms
[3209.217s][info][gc,phases      ] GC(690)   Post Evacuate Collection Set: 0.89ms
[3209.217s][info][gc,phases      ] GC(690)   Other: 0.13ms
[3209.217s][info][gc,heap        ] GC(690) Eden regions: 1120->0(1118)
[3209.217s][info][gc,heap        ] GC(690) Survivor regions: 108->110(154)
[3209.217s][info][gc,heap        ] GC(690) Old regions: 472->504
[3209.217s][info][gc,heap        ] GC(690) Humongous regions: 80->80
[3209.217s][info][gc,metaspace   ] GC(690) Metaspace: 28873K(29248K)->28873K(29248K) NonClass: 24006K(24192K)->24006K(24192K) Class: 4867K(5056K)->4867K(5056K)
[3209.217s][info][gc             ] GC(690) Pause Young (Concurrent Start) (G1 Evacuation Pause) 3559M->1385M(4096M) 118.938ms
[3209.217s][info][gc             ] GC(691) Concurrent Mark Cycle
[3209.217s][info][gc,marking     ] GC(691) Concurrent Scan Root Regions
[3209.217s][info][gc,cpu         ] GC(690) User=0.70s Sys=0.00s Real=0.12s
[3209.381s][info][gc,marking     ] GC(691) Concurrent Scan Root Regions 163.629ms
[3209.381s][info][gc,marking     ] GC(691) Concurrent Mark
[3209.381s][info][gc,marking     ] GC(691) Concurrent Mark From Roots
[3209.381s][info][gc,task        ] GC(691) Using 2 workers of 2 for marking
.[3210.182s][info][gc,marking     ] GC(691) Concurrent Mark From Roots 800.911ms
[3210.182s][info][gc,marking     ] GC(691) Concurrent Preclean
[3210.182s][info][gc,marking     ] GC(691) Concurrent Preclean 0.381ms
[3210.182s][info][gc,start       ] GC(691) Pause Remark
[3210.186s][info][gc             ] GC(691) Pause Remark 2070M->2070M(4096M) 4.151ms
[3210.186s][info][gc,cpu         ] GC(691) User=0.03s Sys=0.00s Real=0.00s
[3210.186s][info][gc,marking     ] GC(691) Concurrent Mark 805.696ms
[3210.186s][info][gc,marking     ] GC(691) Concurrent Rebuild Remembered Sets and Scrub Regions
[3210.541s][info][gc,marking     ] GC(691) Concurrent Rebuild Remembered Sets and Scrub Regions 354.878ms
[3210.541s][info][gc,start       ] GC(691) Pause Cleanup
[3210.542s][info][gc             ] GC(691) Pause Cleanup 2297M->2297M(4096M) 0.107ms
[3210.542s][info][gc,cpu         ] GC(691) User=0.00s Sys=0.00s Real=0.00s
[3210.542s][info][gc,marking     ] GC(691) Concurrent Clear Claimed Marks
[3210.542s][info][gc,marking     ] GC(691) Concurrent Clear Claimed Marks 0.024ms
[3210.542s][info][gc,marking     ] GC(691) Concurrent Cleanup for Next Mark
[3210.547s][info][gc,marking     ] GC(691) Concurrent Cleanup for Next Mark 5.141ms
[3210.547s][info][gc             ] GC(691) Concurrent Mark Cycle 1329.892ms
..[3212.624s][info][gc,start       ] GC(692) Pause Young (Prepare Mixed) (G1 Evacuation Pause)
[3212.624s][info][gc,task        ] GC(692) Using 6 workers of 6 for evacuation
[3212.740s][info][gc,phases      ] GC(692)   Pre Evacuate Collection Set: 0.32ms
[3212.740s][info][gc,phases      ] GC(692)   Merge Heap Roots: 0.51ms
[3212.740s][info][gc,phases      ] GC(692)   Evacuate Collection Set: 113.90ms
[3212.740s][info][gc,phases      ] GC(692)   Post Evacuate Collection Set: 0.91ms
[3212.740s][info][gc,phases      ] GC(692)   Other: 0.09ms
[3212.740s][info][gc,heap        ] GC(692) Eden regions: 1118->0(1114)
[3212.740s][info][gc,heap        ] GC(692) Survivor regions: 110->108(154)
[3212.740s][info][gc,heap        ] GC(692) Old regions: 504->535
[3212.740s][info][gc,heap        ] GC(692) Humongous regions: 80->80
[3212.740s][info][gc,metaspace   ] GC(692) Metaspace: 28873K(29248K)->28873K(29248K) NonClass: 24006K(24192K)->24006K(24192K) Class: 4867K(5056K)->4867K(5056K)
[3212.740s][info][gc             ] GC(692) Pause Young (Prepare Mixed) (G1 Evacuation Pause) 3621M->1445M(4096M) 115.881ms
[3212.740s][info][gc,cpu         ] GC(692) User=0.68s Sys=0.00s Real=0.12s
....[3216.081s][info][gc,start       ] GC(693) Pause Young (Mixed) (G1 Evacuation Pause)
[3216.081s][info][gc,task        ] GC(693) Using 6 workers of 6 for evacuation
[3216.215s][info][gc,phases      ] GC(693)   Pre Evacuate Collection Set: 0.35ms
[3216.215s][info][gc,phases      ] GC(693)   Merge Heap Roots: 0.59ms
[3216.215s][info][gc,phases      ] GC(693)   Evacuate Collection Set: 132.43ms
[3216.215s][info][gc,phases      ] GC(693)   Post Evacuate Collection Set: 0.95ms
[3216.215s][info][gc,phases      ] GC(693)   Other: 0.09ms
[3216.215s][info][gc,heap        ] GC(693) Eden regions: 1114->0(1119)
[3216.215s][info][gc,heap        ] GC(693) Survivor regions: 108->109(153)
[3216.215s][info][gc,heap        ] GC(693) Old regions: 535->471
[3216.215s][info][gc,heap        ] GC(693) Humongous regions: 80->80
[3216.215s][info][gc,metaspace   ] GC(693) Metaspace: 28873K(29248K)->28873K(29248K) NonClass: 24006K(24192K)->24006K(24192K) Class: 4867K(5056K)->4867K(5056K)
[3216.215s][info][gc             ] GC(693) Pause Young (Mixed) (G1 Evacuation Pause) 3673M->1319M(4096M) 134.545ms
[3216.215s][info][gc,cpu         ] GC(693) User=0.80s Sys=0.00s Real=0.13s
...[3219.529s][info][gc,start       ] GC(694) Pause Young (Concurrent Start) (G1 Evacuation Pause)
[3219.529s][info][gc,task        ] GC(694) Using 6 workers of 6 for evacuation
[3219.646s][info][gc,phases      ] GC(694)   Pre Evacuate Collection Set: 0.35ms
[3219.646s][info][gc,phases      ] GC(694)   Merge Heap Roots: 0.44ms
[3219.646s][info][gc,phases      ] GC(694)   Evacuate Collection Set: 114.93ms
[3219.646s][info][gc,phases      ] GC(694)   Post Evacuate Collection Set: 0.87ms
[3219.646s][info][gc,phases      ] GC(694)   Other: 0.11ms
[3219.646s][info][gc,heap        ] GC(694) Eden regions: 1119->0(1120)
[3219.646s][info][gc,heap        ] GC(694) Survivor regions: 109->108(154)
[3219.646s][info][gc,heap        ] GC(694) Old regions: 471->504
[3219.646s][info][gc,heap        ] GC(694) Humongous regions: 80->80
[3219.646s][info][gc,metaspace   ] GC(694) Metaspace: 28873K(29248K)->28873K(29248K) NonClass: 24006K(24192K)->24006K(24192K) Class: 4867K(5056K)->4867K(5056K)
[3219.646s][info][gc             ] GC(694) Pause Young (Concurrent Start) (G1 Evacuation Pause) 3557M->1382M(4096M) 116.836ms
[3219.646s][info][gc             ] GC(695) Concurrent Mark Cycle
[3219.646s][info][gc,marking     ] GC(695) Concurrent Scan Root Regions
[3219.646s][info][gc,cpu         ] GC(694) User=0.69s Sys=0.00s Real=0.11s
[3219.822s][info][gc,marking     ] GC(695) Concurrent Scan Root Regions 175.982ms
[3219.822s][info][gc,marking     ] GC(695) Concurrent Mark
[3219.822s][info][gc,marking     ] GC(695) Concurrent Mark From Roots
[3219.822s][info][gc,task        ] GC(695) Using 2 workers of 2 for marking
.[3220.769s][info][gc,marking     ] GC(695) Concurrent Mark From Roots 946.422ms
[3220.769s][info][gc,marking     ] GC(695) Concurrent Preclean
[3220.769s][info][gc,marking     ] GC(695) Concurrent Preclean 0.334ms
[3220.769s][info][gc,start       ] GC(695) Pause Remark
[3220.815s][info][gc             ] GC(695) Pause Remark 2152M->2152M(4096M) 45.916ms
[3220.815s][info][gc,cpu         ] GC(695) User=0.02s Sys=0.00s Real=0.04s
[3220.815s][info][gc,marking     ] GC(695) Concurrent Mark 992.933ms
[3220.815s][info][gc,marking     ] GC(695) Concurrent Rebuild Remembered Sets and Scrub Regions
.[3221.123s][info][gc,marking     ] GC(695) Concurrent Rebuild Remembered Sets and Scrub Regions 308.042ms
[3221.124s][info][gc,start       ] GC(695) Pause Cleanup
[3221.124s][info][gc             ] GC(695) Pause Cleanup 2376M->2376M(4096M) 0.116ms
[3221.124s][info][gc,cpu         ] GC(695) User=0.00s Sys=0.00s Real=0.00s
[3221.124s][info][gc,marking     ] GC(695) Concurrent Clear Claimed Marks
[3221.124s][info][gc,marking     ] GC(695) Concurrent Clear Claimed Marks 0.029ms
[3221.124s][info][gc,marking     ] GC(695) Concurrent Cleanup for Next Mark
[3221.129s][info][gc,marking     ] GC(695) Concurrent Cleanup for Next Mark 4.301ms
[3221.129s][info][gc             ] GC(695) Concurrent Mark Cycle 1482.296ms
..[3223.035s][info][gc,start       ] GC(696) Pause Young (Prepare Mixed) (G1 Evacuation Pause)
[3223.035s][info][gc,task        ] GC(696) Using 6 workers of 6 for evacuation
[3223.154s][info][gc,phases      ] GC(696)   Pre Evacuate Collection Set: 0.34ms
[3223.154s][info][gc,phases      ] GC(696)   Merge Heap Roots: 0.49ms
[3223.154s][info][gc,phases      ] GC(696)   Evacuate Collection Set: 117.20ms
[3223.154s][info][gc,phases      ] GC(696)   Post Evacuate Collection Set: 0.94ms
[3223.154s][info][gc,phases      ] GC(696)   Other: 0.09ms
[3223.154s][info][gc,heap        ] GC(696) Eden regions: 1120->0(1112)
[3223.154s][info][gc,heap        ] GC(696) Survivor regions: 108->109(154)
[3223.154s][info][gc,heap        ] GC(696) Old regions: 504->535
[3223.154s][info][gc,heap        ] GC(696) Humongous regions: 80->80
[3223.154s][info][gc,metaspace   ] GC(696) Metaspace: 28873K(29248K)->28873K(29248K) NonClass: 24006K(24192K)->24006K(24192K) Class: 4867K(5056K)->4867K(5056K)
[3223.154s][info][gc             ] GC(696) Pause Young (Prepare Mixed) (G1 Evacuation Pause) 3622M->1446M(4096M) 119.208ms
[3223.154s][info][gc,cpu         ] GC(696) User=0.70s Sys=0.00s Real=0.12s
...[3226.534s][info][gc,start       ] GC(697) Pause Young (Mixed) (G1 Evacuation Pause)
[3226.534s][info][gc,task        ] GC(697) Using 6 workers of 6 for evacuation
[3226.675s][info][gc,phases      ] GC(697)   Pre Evacuate Collection Set: 0.39ms
[3226.675s][info][gc,phases      ] GC(697)   Merge Heap Roots: 0.72ms
[3226.675s][info][gc,phases      ] GC(697)   Evacuate Collection Set: 138.50ms
[3226.675s][info][gc,phases      ] GC(697)   Post Evacuate Collection Set: 0.94ms
[3226.675s][info][gc,phases      ] GC(697)   Other: 0.09ms
[3226.675s][info][gc,heap        ] GC(697) Eden regions: 1112->0(1116)
[3226.675s][info][gc,heap        ] GC(697) Survivor regions: 109->112(153)
[3226.675s][info][gc,heap        ] GC(697) Old regions: 535->472
[3226.675s][info][gc,heap        ] GC(697) Humongous regions: 80->80
[3226.675s][info][gc,metaspace   ] GC(697) Metaspace: 28873K(29248K)->28873K(29248K) NonClass: 24006K(24192K)->24006K(24192K) Class: 4867K(5056K)->4867K(5056K)
[3226.675s][info][gc             ] GC(697) Pause Young (Mixed) (G1 Evacuation Pause) 3670M->1325M(4096M) 140.784ms
[3226.675s][info][gc,cpu         ] GC(697) User=0.83s Sys=0.00s Real=0.14s
... (rIR:aIR:PR = 5396:5397:5397) (tPR = 80101) [OK] 
  3228s: Performance info:
         Transaction,    Success,    Partial,     Failed,   Receipts, AvgBarcode, 
             Overall,     324753,          0,          0,     308509,      59.48, 
         Response times:
             Request,    Success,    Partial,     Failed,   SkipFail,     Probes,    Samples,      min,      p50,      p90,      p95,      p99,      max, 
       TotalPurchase,     308513,          0,          0,          0,     301912,     333450,      300,     4400,    10200,    26000,    71000,   175000,
     InStorePurchase,     162373,          0,          0,          0,     158784,     175009,      300,     4400,    10200,    26000,    70000,   175000,
      OnlinePurchase,     113644,          0,          0,          0,     111629,     123265,      300,     4300,    10200,    25000,    71000,   161000,
        InstPurchase,      32496,          0,          0,          0,      31499,      35176,      400,     4400,    10300,    26000,    71000,   161000,
          AssocOfCat,        320,          0,          0,          0,        259,        364,    18800,    32000,    57000,    71000,   179750,   211000,
      AssocOfProduct,       3247,          0,          0,          0,       2960,       3425,      600,     5300,    11140,    27000,    75000,   150000,
      BusinessReport,        814,          0,          0,          0,        707,        885,    22000,    35000,    58000,    80000,   132000,   216000,
          CustBuyBeh,       3246,          0,          0,          0,       3017,       3519,     1200,     4200,    10800,    28000,    72600,   146000,
       ProductReturn,       8619,          0,          0,          0,       8254,       9336,      200,     3100,     8500,    19800,    56000,   147000,

  3228s: (40%)   IR =   5535 .[3230.108s][info][gc,start       ] GC(698) Pause Young (Concurrent Start) (G1 Evacuation Pause)
[3230.108s][info][gc,task        ] GC(698) Using 6 workers of 6 for evacuation
[3230.233s][info][gc,phases      ] GC(698)   Pre Evacuate Collection Set: 0.35ms
[3230.233s][info][gc,phases      ] GC(698)   Merge Heap Roots: 0.45ms
[3230.233s][info][gc,phases      ] GC(698)   Evacuate Collection Set: 123.60ms
[3230.233s][info][gc,phases      ] GC(698)   Post Evacuate Collection Set: 0.87ms
[3230.233s][info][gc,phases      ] GC(698)   Other: 0.11ms
[3230.233s][info][gc,heap        ] GC(698) Eden regions: 1116->0(1113)
[3230.233s][info][gc,heap        ] GC(698) Survivor regions: 112->115(154)
[3230.233s][info][gc,heap        ] GC(698) Old regions: 472->503
[3230.233s][info][gc,heap        ] GC(698) Humongous regions: 80->80
[3230.233s][info][gc,metaspace   ] GC(698) Metaspace: 28873K(29248K)->28873K(29248K) NonClass: 24006K(24192K)->24006K(24192K) Class: 4867K(5056K)->4867K(5056K)
[3230.233s][info][gc             ] GC(698) Pause Young (Concurrent Start) (G1 Evacuation Pause) 3557M->1394M(4096M) 125.510ms
[3230.233s][info][gc             ] GC(699) Concurrent Mark Cycle
[3230.233s][info][gc,marking     ] GC(699) Concurrent Scan Root Regions
[3230.233s][info][gc,cpu         ] GC(698) User=0.74s Sys=0.00s Real=0.12s
[3230.416s][info][gc,marking     ] GC(699) Concurrent Scan Root Regions 183.045ms
[3230.416s][info][gc,marking     ] GC(699) Concurrent Mark
[3230.416s][info][gc,marking     ] GC(699) Concurrent Mark From Roots
[3230.416s][info][gc,task        ] GC(699) Using 2 workers of 2 for marking
.[3231.224s][info][gc,marking     ] GC(699) Concurrent Mark From Roots 807.911ms
[3231.224s][info][gc,marking     ] GC(699) Concurrent Preclean
[3231.225s][info][gc,marking     ] GC(699) Concurrent Preclean 0.449ms
[3231.226s][info][gc,start       ] GC(699) Pause Remark
[3231.231s][info][gc             ] GC(699) Pause Remark 2148M->2148M(4096M) 5.285ms
[3231.231s][info][gc,cpu         ] GC(699) User=0.02s Sys=0.00s Real=0.01s
[3231.231s][info][gc,marking     ] GC(699) Concurrent Mark 814.672ms
[3231.231s][info][gc,marking     ] GC(699) Concurrent Rebuild Remembered Sets and Scrub Regions
[3231.542s][info][gc,marking     ] GC(699) Concurrent Rebuild Remembered Sets and Scrub Regions 311.120ms
[3231.545s][info][gc,start       ] GC(699) Pause Cleanup
[3231.545s][info][gc             ] GC(699) Pause Cleanup 2390M->2390M(4096M) 0.139ms
[3231.545s][info][gc,cpu         ] GC(699) User=0.00s Sys=0.00s Real=0.00s
[3231.545s][info][gc,marking     ] GC(699) Concurrent Clear Claimed Marks
[3231.545s][info][gc,marking     ] GC(699) Concurrent Clear Claimed Marks 0.040ms
[3231.545s][info][gc,marking     ] GC(699) Concurrent Cleanup for Next Mark
[3231.551s][info][gc,marking     ] GC(699) Concurrent Cleanup for Next Mark 5.416ms
[3231.551s][info][gc             ] GC(699) Concurrent Mark Cycle 1317.374ms
..|[3233.464s][info][gc,start       ] GC(700) Pause Young (Prepare Mixed) (G1 Evacuation Pause)
[3233.464s][info][gc,task        ] GC(700) Using 6 workers of 6 for evacuation
[3233.584s][info][gc,phases      ] GC(700)   Pre Evacuate Collection Set: 0.34ms
[3233.584s][info][gc,phases      ] GC(700)   Merge Heap Roots: 0.50ms
[3233.584s][info][gc,phases      ] GC(700)   Evacuate Collection Set: 118.08ms
[3233.584s][info][gc,phases      ] GC(700)   Post Evacuate Collection Set: 0.99ms
[3233.584s][info][gc,phases      ] GC(700)   Other: 0.09ms
[3233.584s][info][gc,heap        ] GC(700) Eden regions: 1113->0(1110)
[3233.584s][info][gc,heap        ] GC(700) Survivor regions: 115->110(154)
[3233.584s][info][gc,heap        ] GC(700) Old regions: 503->535
[3233.584s][info][gc,heap        ] GC(700) Humongous regions: 80->80
[3233.584s][info][gc,metaspace   ] GC(700) Metaspace: 28873K(29248K)->28873K(29248K) NonClass: 24006K(24192K)->24006K(24192K) Class: 4867K(5056K)->4867K(5056K)
[3233.584s][info][gc             ] GC(700) Pause Young (Prepare Mixed) (G1 Evacuation Pause) 3620M->1448M(4096M) 120.154ms
[3233.584s][info][gc,cpu         ] GC(700) User=0.71s Sys=0.00s Real=0.12s
...[3236.804s][info][gc,start       ] GC(701) Pause Young (Mixed) (G1 Evacuation Pause)
[3236.804s][info][gc,task        ] GC(701) Using 6 workers of 6 for evacuation
[3236.939s][info][gc,phases      ] GC(701)   Pre Evacuate Collection Set: 0.37ms
[3236.939s][info][gc,phases      ] GC(701)   Merge Heap Roots: 0.71ms
[3236.939s][info][gc,phases      ] GC(701)   Evacuate Collection Set: 132.81ms
[3236.939s][info][gc,phases      ] GC(701)   Post Evacuate Collection Set: 0.97ms
[3236.939s][info][gc,phases      ] GC(701)   Other: 0.09ms
[3236.939s][info][gc,heap        ] GC(701) Eden regions: 1110->0(1119)
[3236.939s][info][gc,heap        ] GC(701) Survivor regions: 110->109(153)
[3236.939s][info][gc,heap        ] GC(701) Old regions: 535->470
[3236.939s][info][gc,heap        ] GC(701) Humongous regions: 80->80
[3236.939s][info][gc,metaspace   ] GC(701) Metaspace: 28873K(29248K)->28873K(29248K) NonClass: 24006K(24192K)->24006K(24192K) Class: 4867K(5056K)->4867K(5056K)
[3236.939s][info][gc             ] GC(701) Pause Young (Mixed) (G1 Evacuation Pause) 3668M->1316M(4096M) 135.092ms
[3236.940s][info][gc,cpu         ] GC(701) User=0.80s Sys=0.00s Real=0.14s
....[3240.254s][info][gc,start       ] GC(702) Pause Young (Concurrent Start) (G1 Evacuation Pause)
[3240.254s][info][gc,task        ] GC(702) Using 6 workers of 6 for evacuation
[3240.371s][info][gc,phases      ] GC(702)   Pre Evacuate Collection Set: 0.38ms
[3240.371s][info][gc,phases      ] GC(702)   Merge Heap Roots: 0.46ms
[3240.371s][info][gc,phases      ] GC(702)   Evacuate Collection Set: 115.23ms
[3240.371s][info][gc,phases      ] GC(702)   Post Evacuate Collection Set: 0.91ms
[3240.371s][info][gc,phases      ] GC(702)   Other: 0.10ms
[3240.371s][info][gc,heap        ] GC(702) Eden regions: 1119->0(1118)
[3240.371s][info][gc,heap        ] GC(702) Survivor regions: 109->110(154)
[3240.371s][info][gc,heap        ] GC(702) Old regions: 470->502
[3240.371s][info][gc,heap        ] GC(702) Humongous regions: 80->80
[3240.371s][info][gc,metaspace   ] GC(702) Metaspace: 28873K(29248K)->28873K(29248K) NonClass: 24006K(24192K)->24006K(24192K) Class: 4867K(5056K)->4867K(5056K)
[3240.371s][info][gc             ] GC(702) Pause Young (Concurrent Start) (G1 Evacuation Pause) 3554M->1382M(4096M) 117.226ms
[3240.371s][info][gc             ] GC(703) Concurrent Mark Cycle
[3240.371s][info][gc,marking     ] GC(703) Concurrent Scan Root Regions
[3240.371s][info][gc,cpu         ] GC(702) User=0.70s Sys=0.00s Real=0.12s
[3240.546s][info][gc,marking     ] GC(703) Concurrent Scan Root Regions 174.779ms
[3240.546s][info][gc,marking     ] GC(703) Concurrent Mark
[3240.546s][info][gc,marking     ] GC(703) Concurrent Mark From Roots
[3240.546s][info][gc,task        ] GC(703) Using 2 workers of 2 for marking
.[3241.376s][info][gc,marking     ] GC(703) Concurrent Mark From Roots 830.389ms
[3241.376s][info][gc,marking     ] GC(703) Concurrent Preclean
[3241.376s][info][gc,marking     ] GC(703) Concurrent Preclean 0.105ms
[3241.377s][info][gc,start       ] GC(703) Pause Remark
[3241.381s][info][gc             ] GC(703) Pause Remark 2144M->2144M(4096M) 3.971ms
[3241.381s][info][gc,cpu         ] GC(703) User=0.02s Sys=0.00s Real=0.00s
[3241.381s][info][gc,marking     ] GC(703) Concurrent Mark 835.767ms
[3241.381s][info][gc,marking     ] GC(703) Concurrent Rebuild Remembered Sets and Scrub Regions
[3241.675s][info][gc,marking     ] GC(703) Concurrent Rebuild Remembered Sets and Scrub Regions 292.998ms
[3241.675s][info][gc,start       ] GC(703) Pause Cleanup
[3241.675s][info][gc             ] GC(703) Pause Cleanup 2346M->2346M(4096M) 0.109ms
[3241.675s][info][gc,cpu         ] GC(703) User=0.00s Sys=0.00s Real=0.00s
[3241.675s][info][gc,marking     ] GC(703) Concurrent Clear Claimed Marks
[3241.675s][info][gc,marking     ] GC(703) Concurrent Clear Claimed Marks 0.021ms
[3241.675s][info][gc,marking     ] GC(703) Concurrent Cleanup for Next Mark
[3241.682s][info][gc,marking     ] GC(703) Concurrent Cleanup for Next Mark 6.877ms
[3241.682s][info][gc             ] GC(703) Concurrent Mark Cycle 1311.116ms
..[3243.557s][info][gc,start       ] GC(704) Pause Young (Prepare Mixed) (G1 Evacuation Pause)
[3243.557s][info][gc,task        ] GC(704) Using 6 workers of 6 for evacuation
[3243.674s][info][gc,phases      ] GC(704)   Pre Evacuate Collection Set: 0.33ms
[3243.674s][info][gc,phases      ] GC(704)   Merge Heap Roots: 0.50ms
[3243.674s][info][gc,phases      ] GC(704)   Evacuate Collection Set: 115.44ms
[3243.674s][info][gc,phases      ] GC(704)   Post Evacuate Collection Set: 0.95ms
[3243.674s][info][gc,phases      ] GC(704)   Other: 0.08ms
[3243.674s][info][gc,heap        ] GC(704) Eden regions: 1118->0(1116)
[3243.674s][info][gc,heap        ] GC(704) Survivor regions: 110->108(154)
[3243.674s][info][gc,heap        ] GC(704) Old regions: 502->533
[3243.674s][info][gc,heap        ] GC(704) Humongous regions: 80->80
[3243.674s][info][gc,metaspace   ] GC(704) Metaspace: 28873K(29248K)->28873K(29248K) NonClass: 24006K(24192K)->24006K(24192K) Class: 4867K(5056K)->4867K(5056K)
[3243.674s][info][gc             ] GC(704) Pause Young (Prepare Mixed) (G1 Evacuation Pause) 3618M->1440M(4096M) 117.447ms
[3243.674s][info][gc,cpu         ] GC(704) User=0.70s Sys=0.00s Real=0.12s
....[3247.071s][info][gc,start       ] GC(705) Pause Young (Mixed) (G1 Evacuation Pause)
[3247.071s][info][gc,task        ] GC(705) Using 6 workers of 6 for evacuation
[3247.206s][info][gc,phases      ] GC(705)   Pre Evacuate Collection Set: 0.35ms
[3247.206s][info][gc,phases      ] GC(705)   Merge Heap Roots: 0.71ms
[3247.206s][info][gc,phases      ] GC(705)   Evacuate Collection Set: 133.43ms
[3247.206s][info][gc,phases      ] GC(705)   Post Evacuate Collection Set: 0.96ms
[3247.206s][info][gc,phases      ] GC(705)   Other: 0.09ms
[3247.206s][info][gc,heap        ] GC(705) Eden regions: 1116->0(1119)
[3247.206s][info][gc,heap        ] GC(705) Survivor regions: 108->109(153)
[3247.206s][info][gc,heap        ] GC(705) Old regions: 533->473
[3247.206s][info][gc,heap        ] GC(705) Humongous regions: 80->80
[3247.206s][info][gc,metaspace   ] GC(705) Metaspace: 28873K(29248K)->28873K(29248K) NonClass: 24006K(24192K)->24006K(24192K) Class: 4867K(5056K)->4867K(5056K)
[3247.206s][info][gc             ] GC(705) Pause Young (Mixed) (G1 Evacuation Pause) 3672M->1322M(4096M) 135.669ms
[3247.206s][info][gc,cpu         ] GC(705) User=0.81s Sys=0.00s Real=0.13s
...[3250.447s][info][gc,start       ] GC(706) Pause Young (Concurrent Start) (G1 Evacuation Pause)
[3250.447s][info][gc,task        ] GC(706) Using 6 workers of 6 for evacuation
[3250.567s][info][gc,phases      ] GC(706)   Pre Evacuate Collection Set: 0.36ms
[3250.567s][info][gc,phases      ] GC(706)   Merge Heap Roots: 0.43ms
[3250.567s][info][gc,phases      ] GC(706)   Evacuate Collection Set: 117.37ms
[3250.567s][info][gc,phases      ] GC(706)   Post Evacuate Collection Set: 0.87ms
[3250.567s][info][gc,phases      ] GC(706)   Other: 0.11ms
[3250.567s][info][gc,heap        ] GC(706) Eden regions: 1119->0(1116)
[3250.567s][info][gc,heap        ] GC(706) Survivor regions: 109->112(154)
[3250.567s][info][gc,heap        ] GC(706) Old regions: 473->504
[3250.567s][info][gc,heap        ] GC(706) Humongous regions: 80->80
[3250.567s][info][gc,metaspace   ] GC(706) Metaspace: 28873K(29248K)->28873K(29248K) NonClass: 24006K(24192K)->24006K(24192K) Class: 4867K(5056K)->4867K(5056K)
[3250.567s][info][gc             ] GC(706) Pause Young (Concurrent Start) (G1 Evacuation Pause) 3560M->1390M(4096M) 119.299ms
[3250.567s][info][gc             ] GC(707) Concurrent Mark Cycle
[3250.567s][info][gc,marking     ] GC(707) Concurrent Scan Root Regions
[3250.567s][info][gc,cpu         ] GC(706) User=0.70s Sys=0.00s Real=0.11s
[3250.757s][info][gc,marking     ] GC(707) Concurrent Scan Root Regions 190.316ms
[3250.757s][info][gc,marking     ] GC(707) Concurrent Mark
[3250.757s][info][gc,marking     ] GC(707) Concurrent Mark From Roots
[3250.757s][info][gc,task        ] GC(707) Using 2 workers of 2 for marking
.[3251.546s][info][gc,marking     ] GC(707) Concurrent Mark From Roots 788.576ms
[3251.546s][info][gc,marking     ] GC(707) Concurrent Preclean
[3251.546s][info][gc,marking     ] GC(707) Concurrent Preclean 0.533ms
[3251.548s][info][gc,start       ] GC(707) Pause Remark
[3251.552s][info][gc             ] GC(707) Pause Remark 2124M->2124M(4096M) 4.646ms
[3251.552s][info][gc,cpu         ] GC(707) User=0.02s Sys=0.00s Real=0.00s
[3251.553s][info][gc,marking     ] GC(707) Concurrent Mark 795.845ms
[3251.553s][info][gc,marking     ] GC(707) Concurrent Rebuild Remembered Sets and Scrub Regions
[3251.879s][info][gc,marking     ] GC(707) Concurrent Rebuild Remembered Sets and Scrub Regions 325.609ms
[3251.879s][info][gc,start       ] GC(707) Pause Cleanup
[3251.879s][info][gc             ] GC(707) Pause Cleanup 2339M->2339M(4096M) 0.113ms
[3251.879s][info][gc,cpu         ] GC(707) User=0.00s Sys=0.00s Real=0.00s
[3251.880s][info][gc,marking     ] GC(707) Concurrent Clear Claimed Marks
[3251.880s][info][gc,marking     ] GC(707) Concurrent Clear Claimed Marks 0.031ms
[3251.880s][info][gc,marking     ] GC(707) Concurrent Cleanup for Next Mark
[3251.885s][info][gc,marking     ] GC(707) Concurrent Cleanup for Next Mark 4.864ms
[3251.885s][info][gc             ] GC(707) Concurrent Mark Cycle 1317.904ms
..[3253.846s][info][gc,start       ] GC(708) Pause Young (Prepare Mixed) (G1 Evacuation Pause)
[3253.846s][info][gc,task        ] GC(708) Using 6 workers of 6 for evacuation
[3253.963s][info][gc,phases      ] GC(708)   Pre Evacuate Collection Set: 0.33ms
[3253.963s][info][gc,phases      ] GC(708)   Merge Heap Roots: 0.48ms
[3253.963s][info][gc,phases      ] GC(708)   Evacuate Collection Set: 115.44ms
[3253.963s][info][gc,phases      ] GC(708)   Post Evacuate Collection Set: 0.92ms
[3253.963s][info][gc,phases      ] GC(708)   Other: 0.08ms
[3253.963s][info][gc,heap        ] GC(708) Eden regions: 1116->0(1110)
[3253.963s][info][gc,heap        ] GC(708) Survivor regions: 112->109(154)
[3253.963s][info][gc,heap        ] GC(708) Old regions: 504->537
[3253.963s][info][gc,heap        ] GC(708) Humongous regions: 80->80
[3253.963s][info][gc,metaspace   ] GC(708) Metaspace: 28873K(29248K)->28873K(29248K) NonClass: 24006K(24192K)->24006K(24192K) Class: 4867K(5056K)->4867K(5056K)
[3253.963s][info][gc             ] GC(708) Pause Young (Prepare Mixed) (G1 Evacuation Pause) 3622M->1450M(4096M) 117.393ms
[3253.963s][info][gc,cpu         ] GC(708) User=0.70s Sys=0.00s Real=0.12s
....[3257.257s][info][gc,start       ] GC(709) Pause Young (Mixed) (G1 Evacuation Pause)
[3257.257s][info][gc,task        ] GC(709) Using 6 workers of 6 for evacuation
[3257.396s][info][gc,phases      ] GC(709)   Pre Evacuate Collection Set: 0.39ms
[3257.396s][info][gc,phases      ] GC(709)   Merge Heap Roots: 0.70ms
[3257.396s][info][gc,phases      ] GC(709)   Evacuate Collection Set: 136.53ms
[3257.396s][info][gc,phases      ] GC(709)   Post Evacuate Collection Set: 1.03ms
[3257.396s][info][gc,phases      ] GC(709)   Other: 0.09ms
[3257.396s][info][gc,heap        ] GC(709) Eden regions: 1110->0(1116)
[3257.396s][info][gc,heap        ] GC(709) Survivor regions: 109->112(153)
[3257.396s][info][gc,heap        ] GC(709) Old regions: 537->472
[3257.396s][info][gc,heap        ] GC(709) Humongous regions: 80->80
[3257.396s][info][gc,metaspace   ] GC(709) Metaspace: 28873K(29248K)->28873K(29248K) NonClass: 24006K(24192K)->24006K(24192K) Class: 4867K(5056K)->4867K(5056K)
[3257.396s][info][gc             ] GC(709) Pause Young (Mixed) (G1 Evacuation Pause) 3670M->1326M(4096M) 138.885ms
[3257.396s][info][gc,cpu         ] GC(709) User=0.82s Sys=0.00s Real=0.13s
...[3260.606s][info][gc,start       ] GC(710) Pause Young (Concurrent Start) (G1 Evacuation Pause)
[3260.606s][info][gc,task        ] GC(710) Using 6 workers of 6 for evacuation
[3260.722s][info][gc,phases      ] GC(710)   Pre Evacuate Collection Set: 0.37ms
[3260.722s][info][gc,phases      ] GC(710)   Merge Heap Roots: 0.47ms
[3260.722s][info][gc,phases      ] GC(710)   Evacuate Collection Set: 113.80ms
[3260.722s][info][gc,phases      ] GC(710)   Post Evacuate Collection Set: 0.88ms
[3260.722s][info][gc,phases      ] GC(710)   Other: 0.12ms
[3260.722s][info][gc,heap        ] GC(710) Eden regions: 1116->0(1121)
[3260.722s][info][gc,heap        ] GC(710) Survivor regions: 112->107(154)
[3260.722s][info][gc,heap        ] GC(710) Old regions: 472->504
[3260.722s][info][gc,heap        ] GC(710) Humongous regions: 80->80
[3260.722s][info][gc,metaspace   ] GC(710) Metaspace: 28873K(29248K)->28873K(29248K) NonClass: 24006K(24192K)->24006K(24192K) Class: 4867K(5056K)->4867K(5056K)
[3260.722s][info][gc             ] GC(710) Pause Young (Concurrent Start) (G1 Evacuation Pause) 3558M->1380M(4096M) 115.769ms
[3260.722s][info][gc             ] GC(711) Concurrent Mark Cycle
[3260.722s][info][gc,marking     ] GC(711) Concurrent Scan Root Regions
[3260.722s][info][gc,cpu         ] GC(710) User=0.68s Sys=0.00s Real=0.12s
[3260.888s][info][gc,marking     ] GC(711) Concurrent Scan Root Regions 166.676ms
[3260.888s][info][gc,marking     ] GC(711) Concurrent Mark
[3260.888s][info][gc,marking     ] GC(711) Concurrent Mark From Roots
[3260.888s][info][gc,task        ] GC(711) Using 2 workers of 2 for marking
.[3261.717s][info][gc,marking     ] GC(711) Concurrent Mark From Roots 828.358ms
[3261.717s][info][gc,marking     ] GC(711) Concurrent Preclean
[3261.717s][info][gc,marking     ] GC(711) Concurrent Preclean 0.104ms
[3261.719s][info][gc,start       ] GC(711) Pause Remark
[3261.723s][info][gc             ] GC(711) Pause Remark 2130M->2130M(4096M) 3.725ms
[3261.723s][info][gc,cpu         ] GC(711) User=0.02s Sys=0.00s Real=0.00s
[3261.723s][info][gc,marking     ] GC(711) Concurrent Mark 834.614ms
[3261.723s][info][gc,marking     ] GC(711) Concurrent Rebuild Remembered Sets and Scrub Regions
.[3262.045s][info][gc,marking     ] GC(711) Concurrent Rebuild Remembered Sets and Scrub Regions 321.555ms
[3262.045s][info][gc,start       ] GC(711) Pause Cleanup
[3262.045s][info][gc             ] GC(711) Pause Cleanup 2360M->2360M(4096M) 0.108ms
[3262.045s][info][gc,cpu         ] GC(711) User=0.01s Sys=0.00s Real=0.00s
[3262.045s][info][gc,marking     ] GC(711) Concurrent Clear Claimed Marks
[3262.045s][info][gc,marking     ] GC(711) Concurrent Clear Claimed Marks 0.020ms
[3262.045s][info][gc,marking     ] GC(711) Concurrent Cleanup for Next Mark
[3262.048s][info][gc,marking     ] GC(711) Concurrent Cleanup for Next Mark 3.204ms
[3262.048s][info][gc             ] GC(711) Concurrent Mark Cycle 1326.470ms
.[3263.986s][info][gc,start       ] GC(712) Pause Young (Prepare Mixed) (G1 Evacuation Pause)
[3263.986s][info][gc,task        ] GC(712) Using 6 workers of 6 for evacuation
[3264.103s][info][gc,phases      ] GC(712)   Pre Evacuate Collection Set: 0.33ms
[3264.103s][info][gc,phases      ] GC(712)   Merge Heap Roots: 0.49ms
[3264.103s][info][gc,phases      ] GC(712)   Evacuate Collection Set: 114.51ms
[3264.103s][info][gc,phases      ] GC(712)   Post Evacuate Collection Set: 0.94ms
[3264.103s][info][gc,phases      ] GC(712)   Other: 0.08ms
[3264.103s][info][gc,heap        ] GC(712) Eden regions: 1121->0(1113)
[3264.103s][info][gc,heap        ] GC(712) Survivor regions: 107->108(154)
[3264.103s][info][gc,heap        ] GC(712) Old regions: 504->536
[3264.103s][info][gc,heap        ] GC(712) Humongous regions: 80->80
[3264.103s][info][gc,metaspace   ] GC(712) Metaspace: 28873K(29248K)->28873K(29248K) NonClass: 24006K(24192K)->24006K(24192K) Class: 4867K(5056K)->4867K(5056K)
[3264.103s][info][gc             ] GC(712) Pause Young (Prepare Mixed) (G1 Evacuation Pause) 3622M->1447M(4096M) 116.512ms
[3264.103s][info][gc,cpu         ] GC(712) User=0.69s Sys=0.00s Real=0.12s
....[3267.421s][info][gc,start       ] GC(713) Pause Young (Mixed) (G1 Evacuation Pause)
[3267.421s][info][gc,task        ] GC(713) Using 6 workers of 6 for evacuation
[3267.556s][info][gc,phases      ] GC(713)   Pre Evacuate Collection Set: 0.34ms
[3267.556s][info][gc,phases      ] GC(713)   Merge Heap Roots: 0.71ms
[3267.556s][info][gc,phases      ] GC(713)   Evacuate Collection Set: 132.89ms
[3267.556s][info][gc,phases      ] GC(713)   Post Evacuate Collection Set: 0.95ms
[3267.556s][info][gc,phases      ] GC(713)   Other: 0.09ms
[3267.556s][info][gc,heap        ] GC(713) Eden regions: 1113->0(1118)
[3267.556s][info][gc,heap        ] GC(713) Survivor regions: 108->110(153)
[3267.556s][info][gc,heap        ] GC(713) Old regions: 536->473
[3267.556s][info][gc,heap        ] GC(713) Humongous regions: 80->80
[3267.556s][info][gc,metaspace   ] GC(713) Metaspace: 28873K(29248K)->28873K(29248K) NonClass: 24006K(24192K)->24006K(24192K) Class: 4867K(5056K)->4867K(5056K)
[3267.556s][info][gc             ] GC(713) Pause Young (Mixed) (G1 Evacuation Pause) 3673M->1324M(4096M) 135.106ms
[3267.556s][info][gc,cpu         ] GC(713) User=0.80s Sys=0.00s Real=0.13s
...[3270.839s][info][gc,start       ] GC(714) Pause Young (Concurrent Start) (G1 Evacuation Pause)
[3270.839s][info][gc,task        ] GC(714) Using 6 workers of 6 for evacuation
[3270.959s][info][gc,phases      ] GC(714)   Pre Evacuate Collection Set: 0.38ms
[3270.959s][info][gc,phases      ] GC(714)   Merge Heap Roots: 0.46ms
[3270.959s][info][gc,phases      ] GC(714)   Evacuate Collection Set: 118.03ms
[3270.959s][info][gc,phases      ] GC(714)   Post Evacuate Collection Set: 0.90ms
[3270.959s][info][gc,phases      ] GC(714)   Other: 0.13ms
[3270.959s][info][gc,heap        ] GC(714) Eden regions: 1118->0(1117)
[3270.959s][info][gc,heap        ] GC(714) Survivor regions: 110->111(154)
[3270.959s][info][gc,heap        ] GC(714) Old regions: 473->504
[3270.959s][info][gc,heap        ] GC(714) Humongous regions: 80->80
[3270.959s][info][gc,metaspace   ] GC(714) Metaspace: 28873K(29248K)->28873K(29248K) NonClass: 24006K(24192K)->24006K(24192K) Class: 4867K(5056K)->4867K(5056K)
[3270.959s][info][gc             ] GC(714) Pause Young (Concurrent Start) (G1 Evacuation Pause) 3560M->1389M(4096M) 120.022ms
[3270.959s][info][gc             ] GC(715) Concurrent Mark Cycle
[3270.959s][info][gc,marking     ] GC(715) Concurrent Scan Root Regions
[3270.959s][info][gc,cpu         ] GC(714) User=0.71s Sys=0.00s Real=0.12s
.[3271.141s][info][gc,marking     ] GC(715) Concurrent Scan Root Regions 181.864ms
[3271.141s][info][gc,marking     ] GC(715) Concurrent Mark
[3271.141s][info][gc,marking     ] GC(715) Concurrent Mark From Roots
[3271.141s][info][gc,task        ] GC(715) Using 2 workers of 2 for marking
[3272.003s][info][gc,marking     ] GC(715) Concurrent Mark From Roots 861.604ms
[3272.003s][info][gc,marking     ] GC(715) Concurrent Preclean
[3272.003s][info][gc,marking     ] GC(715) Concurrent Preclean 0.242ms
[3272.003s][info][gc,start       ] GC(715) Pause Remark
[3272.008s][info][gc             ] GC(715) Pause Remark 2177M->2177M(4096M) 4.814ms
[3272.008s][info][gc,cpu         ] GC(715) User=0.03s Sys=0.00s Real=0.01s
[3272.008s][info][gc,marking     ] GC(715) Concurrent Mark 867.477ms
[3272.008s][info][gc,marking     ] GC(715) Concurrent Rebuild Remembered Sets and Scrub Regions
.[3272.291s][info][gc,marking     ] GC(715) Concurrent Rebuild Remembered Sets and Scrub Regions 282.500ms
[3272.291s][info][gc,start       ] GC(715) Pause Cleanup
[3272.291s][info][gc             ] GC(715) Pause Cleanup 2361M->2361M(4096M) 0.120ms
[3272.291s][info][gc,cpu         ] GC(715) User=0.00s Sys=0.00s Real=0.00s
[3272.291s][info][gc,marking     ] GC(715) Concurrent Clear Claimed Marks
[3272.291s][info][gc,marking     ] GC(715) Concurrent Clear Claimed Marks 0.039ms
[3272.291s][info][gc,marking     ] GC(715) Concurrent Cleanup for Next Mark
[3272.296s][info][gc,marking     ] GC(715) Concurrent Cleanup for Next Mark 4.252ms
[3272.296s][info][gc             ] GC(715) Concurrent Mark Cycle 1336.690ms
..[3274.232s][info][gc,start       ] GC(716) Pause Young (Prepare Mixed) (G1 Evacuation Pause)
[3274.232s][info][gc,task        ] GC(716) Using 6 workers of 6 for evacuation
[3274.356s][info][gc,phases      ] GC(716)   Pre Evacuate Collection Set: 0.37ms
[3274.356s][info][gc,phases      ] GC(716)   Merge Heap Roots: 0.52ms
[3274.356s][info][gc,phases      ] GC(716)   Evacuate Collection Set: 121.74ms
[3274.356s][info][gc,phases      ] GC(716)   Post Evacuate Collection Set: 0.91ms
[3274.356s][info][gc,phases      ] GC(716)   Other: 0.08ms
[3274.356s][info][gc,heap        ] GC(716) Eden regions: 1117->0(1101)
[3274.356s][info][gc,heap        ] GC(716) Survivor regions: 111->114(154)
[3274.356s][info][gc,heap        ] GC(716) Old regions: 504->536
[3274.356s][info][gc,heap        ] GC(716) Humongous regions: 80->80
[3274.356s][info][gc,metaspace   ] GC(716) Metaspace: 28873K(29248K)->28873K(29248K) NonClass: 24006K(24192K)->24006K(24192K) Class: 4867K(5056K)->4867K(5056K)
[3274.356s][info][gc             ] GC(716) Pause Young (Prepare Mixed) (G1 Evacuation Pause) 3623M->1458M(4096M) 123.756ms
[3274.356s][info][gc,cpu         ] GC(716) User=0.73s Sys=0.00s Real=0.12s
...[3277.557s][info][gc,start       ] GC(717) Pause Young (Mixed) (G1 Evacuation Pause)
[3277.557s][info][gc,task        ] GC(717) Using 6 workers of 6 for evacuation
[3277.687s][info][gc,phases      ] GC(717)   Pre Evacuate Collection Set: 0.36ms
[3277.687s][info][gc,phases      ] GC(717)   Merge Heap Roots: 0.65ms
[3277.687s][info][gc,phases      ] GC(717)   Evacuate Collection Set: 127.59ms
[3277.687s][info][gc,phases      ] GC(717)   Post Evacuate Collection Set: 0.96ms
[3277.687s][info][gc,phases      ] GC(717)   Other: 0.09ms
[3277.687s][info][gc,heap        ] GC(717) Eden regions: 1101->0(1121)
[3277.687s][info][gc,heap        ] GC(717) Survivor regions: 114->107(152)
[3277.687s][info][gc,heap        ] GC(717) Old regions: 536->472
[3277.687s][info][gc,heap        ] GC(717) Humongous regions: 80->80
[3277.687s][info][gc,metaspace   ] GC(717) Metaspace: 28873K(29248K)->28873K(29248K) NonClass: 24006K(24192K)->24006K(24192K) Class: 4867K(5056K)->4867K(5056K)
[3277.687s][info][gc             ] GC(717) Pause Young (Mixed) (G1 Evacuation Pause) 3660M->1315M(4096M) 129.764ms
[3277.687s][info][gc,cpu         ] GC(717) User=0.77s Sys=0.00s Real=0.12s
...[3280.955s][info][gc,start       ] GC(718) Pause Young (Concurrent Start) (G1 Evacuation Pause)
[3280.955s][info][gc,task        ] GC(718) Using 6 workers of 6 for evacuation
[3281.077s][info][gc,phases      ] GC(718)   Pre Evacuate Collection Set: 0.37ms
[3281.077s][info][gc,phases      ] GC(718)   Merge Heap Roots: 0.50ms
[3281.077s][info][gc,phases      ] GC(718)   Evacuate Collection Set: 120.37ms
[3281.077s][info][gc,phases      ] GC(718)   Post Evacuate Collection Set: 0.87ms
[3281.077s][info][gc,phases      ] GC(718)   Other: 0.13ms
[3281.077s][info][gc,heap        ] GC(718) Eden regions: 1121->0(1116)
[3281.077s][info][gc,heap        ] GC(718) Survivor regions: 107->112(154)
[3281.077s][info][gc,heap        ] GC(718) Old regions: 472->504
[3281.077s][info][gc,heap        ] GC(718) Humongous regions: 80->80
[3281.077s][info][gc,metaspace   ] GC(718) Metaspace: 28873K(29248K)->28873K(29248K) NonClass: 24006K(24192K)->24006K(24192K) Class: 4867K(5056K)->4867K(5056K)
[3281.077s][info][gc             ] GC(718) Pause Young (Concurrent Start) (G1 Evacuation Pause) 3557M->1390M(4096M) 122.370ms
[3281.077s][info][gc             ] GC(719) Concurrent Mark Cycle
[3281.077s][info][gc,marking     ] GC(719) Concurrent Scan Root Regions
[3281.077s][info][gc,cpu         ] GC(718) User=0.73s Sys=0.00s Real=0.13s
.[3281.278s][info][gc,marking     ] GC(719) Concurrent Scan Root Regions 200.458ms
[3281.278s][info][gc,marking     ] GC(719) Concurrent Mark
[3281.278s][info][gc,marking     ] GC(719) Concurrent Mark From Roots
[3281.278s][info][gc,task        ] GC(719) Using 2 workers of 2 for marking
[3282.045s][info][gc,marking     ] GC(719) Concurrent Mark From Roots 766.914ms
[3282.045s][info][gc,marking     ] GC(719) Concurrent Preclean
[3282.045s][info][gc,marking     ] GC(719) Concurrent Preclean 0.177ms
[3282.045s][info][gc,start       ] GC(719) Pause Remark
[3282.050s][info][gc             ] GC(719) Pause Remark 2090M->2090M(4096M) 4.630ms
[3282.050s][info][gc,cpu         ] GC(719) User=0.02s Sys=0.00s Real=0.01s
[3282.050s][info][gc,marking     ] GC(719) Concurrent Mark 772.013ms
[3282.050s][info][gc,marking     ] GC(719) Concurrent Rebuild Remembered Sets and Scrub Regions
.[3282.328s][info][gc,marking     ] GC(719) Concurrent Rebuild Remembered Sets and Scrub Regions 277.890ms
[3282.328s][info][gc,start       ] GC(719) Pause Cleanup
[3282.328s][info][gc             ] GC(719) Pause Cleanup 2262M->2262M(4096M) 0.100ms
[3282.328s][info][gc,cpu         ] GC(719) User=0.00s Sys=0.00s Real=0.00s
[3282.328s][info][gc,marking     ] GC(719) Concurrent Clear Claimed Marks
[3282.328s][info][gc,marking     ] GC(719) Concurrent Clear Claimed Marks 0.020ms
[3282.328s][info][gc,marking     ] GC(719) Concurrent Cleanup for Next Mark
[3282.332s][info][gc,marking     ] GC(719) Concurrent Cleanup for Next Mark 3.422ms
[3282.332s][info][gc             ] GC(719) Concurrent Mark Cycle 1254.263ms
..[3284.336s][info][gc,start       ] GC(720) Pause Young (Prepare Mixed) (G1 Evacuation Pause)
[3284.336s][info][gc,task        ] GC(720) Using 6 workers of 6 for evacuation
[3284.456s][info][gc,phases      ] GC(720)   Pre Evacuate Collection Set: 0.32ms
[3284.456s][info][gc,phases      ] GC(720)   Merge Heap Roots: 0.53ms
[3284.456s][info][gc,phases      ] GC(720)   Evacuate Collection Set: 117.90ms
[3284.456s][info][gc,phases      ] GC(720)   Post Evacuate Collection Set: 0.96ms
[3284.456s][info][gc,phases      ] GC(720)   Other: 0.09ms
[3284.456s][info][gc,heap        ] GC(720) Eden regions: 1116->0(1104)
[3284.456s][info][gc,heap        ] GC(720) Survivor regions: 112->113(154)
[3284.456s][info][gc,heap        ] GC(720) Old regions: 504->535
[3284.456s][info][gc,heap        ] GC(720) Humongous regions: 80->80
[3284.456s][info][gc,metaspace   ] GC(720) Metaspace: 28873K(29248K)->28873K(29248K) NonClass: 24006K(24192K)->24006K(24192K) Class: 4867K(5056K)->4867K(5056K)
[3284.456s][info][gc             ] GC(720) Pause Young (Prepare Mixed) (G1 Evacuation Pause) 3622M->1454M(4096M) 119.951ms
[3284.456s][info][gc,cpu         ] GC(720) User=0.71s Sys=0.00s Real=0.12s
...[3287.680s][info][gc,start       ] GC(721) Pause Young (Mixed) (G1 Evacuation Pause)
[3287.680s][info][gc,task        ] GC(721) Using 6 workers of 6 for evacuation
[3287.819s][info][gc,phases      ] GC(721)   Pre Evacuate Collection Set: 0.37ms
[3287.819s][info][gc,phases      ] GC(721)   Merge Heap Roots: 0.64ms
[3287.819s][info][gc,phases      ] GC(721)   Evacuate Collection Set: 136.58ms
[3287.819s][info][gc,phases      ] GC(721)   Post Evacuate Collection Set: 0.95ms
[3287.819s][info][gc,phases      ] GC(721)   Other: 0.09ms
[3287.819s][info][gc,heap        ] GC(721) Eden regions: 1104->0(1116)
[3287.819s][info][gc,heap        ] GC(721) Survivor regions: 113->112(153)
[3287.819s][info][gc,heap        ] GC(721) Old regions: 535->474
[3287.819s][info][gc,heap        ] GC(721) Humongous regions: 80->80
[3287.819s][info][gc,metaspace   ] GC(721) Metaspace: 28873K(29248K)->28873K(29248K) NonClass: 24006K(24192K)->24006K(24192K) Class: 4867K(5056K)->4867K(5056K)
[3287.819s][info][gc             ] GC(721) Pause Young (Mixed) (G1 Evacuation Pause) 3662M->1329M(4096M) 138.741ms
[3287.819s][info][gc,cpu         ] GC(721) User=0.82s Sys=0.00s Real=0.14s
...[3291.092s][info][gc,start       ] GC(722) Pause Young (Concurrent Start) (G1 Evacuation Pause)
[3291.092s][info][gc,task        ] GC(722) Using 6 workers of 6 for evacuation
[3291.210s][info][gc,phases      ] GC(722)   Pre Evacuate Collection Set: 0.39ms
[3291.210s][info][gc,phases      ] GC(722)   Merge Heap Roots: 0.43ms
[3291.210s][info][gc,phases      ] GC(722)   Evacuate Collection Set: 116.14ms
[3291.210s][info][gc,phases      ] GC(722)   Post Evacuate Collection Set: 0.87ms
[3291.210s][info][gc,phases      ] GC(722)   Other: 0.12ms
[3291.210s][info][gc,heap        ] GC(722) Eden regions: 1116->0(1116)
[3291.210s][info][gc,heap        ] GC(722) Survivor regions: 112->112(154)
[3291.210s][info][gc,heap        ] GC(722) Old regions: 474->505
[3291.210s][info][gc,heap        ] GC(722) Humongous regions: 80->80
[3291.210s][info][gc,metaspace   ] GC(722) Metaspace: 28873K(29248K)->28873K(29248K) NonClass: 24006K(24192K)->24006K(24192K) Class: 4867K(5056K)->4867K(5056K)
[3291.210s][info][gc             ] GC(722) Pause Young (Concurrent Start) (G1 Evacuation Pause) 3561M->1392M(4096M) 118.095ms
[3291.210s][info][gc             ] GC(723) Concurrent Mark Cycle
[3291.210s][info][gc,marking     ] GC(723) Concurrent Scan Root Regions
[3291.210s][info][gc,cpu         ] GC(722) User=0.69s Sys=0.00s Real=0.12s
.[3291.353s][info][gc,marking     ] GC(723) Concurrent Scan Root Regions 143.125ms
[3291.353s][info][gc,marking     ] GC(723) Concurrent Mark
[3291.353s][info][gc,marking     ] GC(723) Concurrent Mark From Roots
[3291.353s][info][gc,task        ] GC(723) Using 2 workers of 2 for marking
[3292.044s][info][gc,marking     ] GC(723) Concurrent Mark From Roots 690.755ms
[3292.044s][info][gc,marking     ] GC(723) Concurrent Preclean
[3292.044s][info][gc,marking     ] GC(723) Concurrent Preclean 0.160ms
[3292.045s][info][gc,start       ] GC(723) Pause Remark
[3292.049s][info][gc             ] GC(723) Pause Remark 2012M->2012M(4096M) 4.191ms
[3292.049s][info][gc,cpu         ] GC(723) User=0.02s Sys=0.00s Real=0.01s
[3292.049s][info][gc,marking     ] GC(723) Concurrent Mark 695.859ms
[3292.049s][info][gc,marking     ] GC(723) Concurrent Rebuild Remembered Sets and Scrub Regions
.[3292.296s][info][gc,marking     ] GC(723) Concurrent Rebuild Remembered Sets and Scrub Regions 246.570ms
[3292.296s][info][gc,start       ] GC(723) Pause Cleanup
[3292.296s][info][gc             ] GC(723) Pause Cleanup 2184M->2184M(4096M) 0.115ms
[3292.296s][info][gc,cpu         ] GC(723) User=0.00s Sys=0.00s Real=0.00s
[3292.296s][info][gc,marking     ] GC(723) Concurrent Clear Claimed Marks
[3292.296s][info][gc,marking     ] GC(723) Concurrent Clear Claimed Marks 0.025ms
[3292.296s][info][gc,marking     ] GC(723) Concurrent Cleanup for Next Mark
[3292.300s][info][gc,marking     ] GC(723) Concurrent Cleanup for Next Mark 3.615ms
[3292.300s][info][gc             ] GC(723) Concurrent Mark Cycle 1089.650ms
. (rIR:aIR:PR = 5535:5535:5535) (tPR = 82173) [OK] 
  3293s: Performance info:
         Transaction,    Success,    Partial,     Failed,   Receipts, AvgBarcode, 
             Overall,     333911,          0,          0,     317216,      59.47, 
         Response times:
             Request,    Success,    Partial,     Failed,   SkipFail,     Probes,    Samples,      min,      p50,      p90,      p95,      p99,      max, 
       TotalPurchase,     317216,          0,          0,          0,     311478,     333311,      300,     4500,    13700,    39000,    94000,   230000,
     InStorePurchase,     166964,          0,          0,          0,     164318,     175609,      300,     4600,    13900,    39000,    94000,   230000,
      OnlinePurchase,     116846,          0,          0,          0,     114661,     122527,      300,     4300,    13300,    38000,    93000,   230000,
        InstPurchase,      33406,          0,          0,          0,      32499,      35175,      400,     4700,    14640,    42000,    96000,   221000,
          AssocOfCat,        335,          0,          0,          0,        269,        362,    19100,    32000,    61700,    99250,   180370,   191000,
      AssocOfProduct,       3337,          0,          0,          0,       3064,       3483,      500,     3600,    11300,    33000,    87000,   192000,
      BusinessReport,        832,          0,          0,          0,        712,        854,    23000,    36000,    74000,   109000,   196250,   267000,
          CustBuyBeh,       3337,          0,          0,          0,       3118,       3539,      300,     6300,    19800,    50000,   123200,   196000,
       ProductReturn,       8854,          0,          0,          0,       8403,       9202,      200,     5100,    15570,    43850,    99970,   182000,

  3293s: (41%)   IR =   5673 .[3294.540s][info][gc,start       ] GC(724) Pause Young (Prepare Mixed) (G1 Evacuation Pause)
[3294.540s][info][gc,task        ] GC(724) Using 6 workers of 6 for evacuation
[3294.656s][info][gc,phases      ] GC(724)   Pre Evacuate Collection Set: 0.33ms
[3294.656s][info][gc,phases      ] GC(724)   Merge Heap Roots: 0.47ms
[3294.656s][info][gc,phases      ] GC(724)   Evacuate Collection Set: 114.49ms
[3294.656s][info][gc,phases      ] GC(724)   Post Evacuate Collection Set: 0.91ms
[3294.656s][info][gc,phases      ] GC(724)   Other: 0.09ms
[3294.656s][info][gc,heap        ] GC(724) Eden regions: 1116->0(1110)
[3294.656s][info][gc,heap        ] GC(724) Survivor regions: 112->109(154)
[3294.656s][info][gc,heap        ] GC(724) Old regions: 505->537
[3294.656s][info][gc,heap        ] GC(724) Humongous regions: 80->80
[3294.656s][info][gc,metaspace   ] GC(724) Metaspace: 28873K(29248K)->28873K(29248K) NonClass: 24006K(24192K)->24006K(24192K) Class: 4867K(5056K)->4867K(5056K)
[3294.656s][info][gc             ] GC(724) Pause Young (Prepare Mixed) (G1 Evacuation Pause) 3624M->1449M(4096M) 116.417ms
[3294.656s][info][gc,cpu         ] GC(724) User=0.69s Sys=0.00s Real=0.11s
...[3297.867s][info][gc,start       ] GC(725) Pause Young (Mixed) (G1 Evacuation Pause)
[3297.867s][info][gc,task        ] GC(725) Using 6 workers of 6 for evacuation
[3298.011s][info][gc,phases      ] GC(725)   Pre Evacuate Collection Set: 0.37ms
[3298.011s][info][gc,phases      ] GC(725)   Merge Heap Roots: 0.75ms
[3298.011s][info][gc,phases      ] GC(725)   Evacuate Collection Set: 142.27ms
[3298.011s][info][gc,phases      ] GC(725)   Post Evacuate Collection Set: 0.83ms
[3298.011s][info][gc,phases      ] GC(725)   Other: 0.09ms
[3298.011s][info][gc,heap        ] GC(725) Eden regions: 1110->0(1111)
[3298.011s][info][gc,heap        ] GC(725) Survivor regions: 109->117(153)
[3298.011s][info][gc,heap        ] GC(725) Old regions: 537->472
[3298.011s][info][gc,heap        ] GC(725) Humongous regions: 80->80
[3298.011s][info][gc,metaspace   ] GC(725) Metaspace: 28873K(29248K)->28873K(29248K) NonClass: 24006K(24192K)->24006K(24192K) Class: 4867K(5056K)->4867K(5056K)
[3298.011s][info][gc             ] GC(725) Pause Young (Mixed) (G1 Evacuation Pause) 3669M->1336M(4096M) 144.437ms
[3298.011s][info][gc,cpu         ] GC(725) User=0.85s Sys=0.00s Real=0.14s
..|.[3301.120s][info][gc,start       ] GC(726) Pause Young (Concurrent Start) (G1 Evacuation Pause)
[3301.120s][info][gc,task        ] GC(726) Using 6 workers of 6 for evacuation
[3301.239s][info][gc,phases      ] GC(726)   Pre Evacuate Collection Set: 0.36ms
[3301.239s][info][gc,phases      ] GC(726)   Merge Heap Roots: 0.46ms
[3301.239s][info][gc,phases      ] GC(726)   Evacuate Collection Set: 116.88ms
[3301.239s][info][gc,phases      ] GC(726)   Post Evacuate Collection Set: 0.89ms
[3301.239s][info][gc,phases      ] GC(726)   Other: 0.11ms
[3301.239s][info][gc,heap        ] GC(726) Eden regions: 1111->0(1119)
[3301.239s][info][gc,heap        ] GC(726) Survivor regions: 117->109(154)
[3301.239s][info][gc,heap        ] GC(726) Old regions: 472->505
[3301.239s][info][gc,heap        ] GC(726) Humongous regions: 80->80
[3301.239s][info][gc,metaspace   ] GC(726) Metaspace: 28873K(29248K)->28873K(29248K) NonClass: 24006K(24192K)->24006K(24192K) Class: 4867K(5056K)->4867K(5056K)
[3301.239s][info][gc             ] GC(726) Pause Young (Concurrent Start) (G1 Evacuation Pause) 3558M->1386M(4096M) 118.835ms
[3301.239s][info][gc             ] GC(727) Concurrent Mark Cycle
[3301.239s][info][gc,marking     ] GC(727) Concurrent Scan Root Regions
[3301.239s][info][gc,cpu         ] GC(726) User=0.70s Sys=0.01s Real=0.12s
.[3301.378s][info][gc,marking     ] GC(727) Concurrent Scan Root Regions 138.643ms
[3301.378s][info][gc,marking     ] GC(727) Concurrent Mark
[3301.378s][info][gc,marking     ] GC(727) Concurrent Mark From Roots
[3301.378s][info][gc,task        ] GC(727) Using 2 workers of 2 for marking
[3302.058s][info][gc,marking     ] GC(727) Concurrent Mark From Roots 680.141ms
[3302.058s][info][gc,marking     ] GC(727) Concurrent Preclean
[3302.058s][info][gc,marking     ] GC(727) Concurrent Preclean 0.109ms
[3302.058s][info][gc,start       ] GC(727) Pause Remark
[3302.062s][info][gc             ] GC(727) Pause Remark 1973M->1973M(4096M) 3.635ms
[3302.062s][info][gc,cpu         ] GC(727) User=0.01s Sys=0.01s Real=0.00s
[3302.062s][info][gc,marking     ] GC(727) Concurrent Mark 684.154ms
[3302.062s][info][gc,marking     ] GC(727) Concurrent Rebuild Remembered Sets and Scrub Regions
.[3302.306s][info][gc,marking     ] GC(727) Concurrent Rebuild Remembered Sets and Scrub Regions 243.931ms
[3302.306s][info][gc,start       ] GC(727) Pause Cleanup
[3302.306s][info][gc             ] GC(727) Pause Cleanup 2137M->2137M(4096M) 0.130ms
[3302.306s][info][gc,cpu         ] GC(727) User=0.00s Sys=0.00s Real=0.00s
[3302.307s][info][gc,marking     ] GC(727) Concurrent Clear Claimed Marks
[3302.307s][info][gc,marking     ] GC(727) Concurrent Clear Claimed Marks 0.032ms
[3302.307s][info][gc,marking     ] GC(727) Concurrent Cleanup for Next Mark
[3302.316s][info][gc,marking     ] GC(727) Concurrent Cleanup for Next Mark 9.423ms
[3302.316s][info][gc             ] GC(727) Concurrent Mark Cycle 1077.522ms
..[3304.442s][info][gc,start       ] GC(728) Pause Young (Prepare Mixed) (G1 Evacuation Pause)
[3304.442s][info][gc,task        ] GC(728) Using 6 workers of 6 for evacuation
[3304.556s][info][gc,phases      ] GC(728)   Pre Evacuate Collection Set: 0.36ms
[3304.556s][info][gc,phases      ] GC(728)   Merge Heap Roots: 0.51ms
[3304.556s][info][gc,phases      ] GC(728)   Evacuate Collection Set: 112.40ms
[3304.556s][info][gc,phases      ] GC(728)   Post Evacuate Collection Set: 0.94ms
[3304.556s][info][gc,phases      ] GC(728)   Other: 0.08ms
[3304.556s][info][gc,heap        ] GC(728) Eden regions: 1119->0(1114)
[3304.556s][info][gc,heap        ] GC(728) Survivor regions: 109->107(154)
[3304.556s][info][gc,heap        ] GC(728) Old regions: 505->537
[3304.556s][info][gc,heap        ] GC(728) Humongous regions: 80->80
[3304.556s][info][gc,metaspace   ] GC(728) Metaspace: 28873K(29248K)->28873K(29248K) NonClass: 24006K(24192K)->24006K(24192K) Class: 4867K(5056K)->4867K(5056K)
[3304.556s][info][gc             ] GC(728) Pause Young (Prepare Mixed) (G1 Evacuation Pause) 3624M->1446M(4096M) 114.422ms
[3304.556s][info][gc,cpu         ] GC(728) User=0.67s Sys=0.00s Real=0.11s
...[3307.733s][info][gc,start       ] GC(729) Pause Young (Mixed) (G1 Evacuation Pause)
[3307.733s][info][gc,task        ] GC(729) Using 6 workers of 6 for evacuation
[3307.866s][info][gc,phases      ] GC(729)   Pre Evacuate Collection Set: 0.35ms
[3307.866s][info][gc,phases      ] GC(729)   Merge Heap Roots: 0.65ms
[3307.866s][info][gc,phases      ] GC(729)   Evacuate Collection Set: 131.37ms
[3307.866s][info][gc,phases      ] GC(729)   Post Evacuate Collection Set: 0.94ms
[3307.866s][info][gc,phases      ] GC(729)   Other: 0.10ms
[3307.866s][info][gc,heap        ] GC(729) Eden regions: 1114->0(1118)
[3307.866s][info][gc,heap        ] GC(729) Survivor regions: 107->110(153)
[3307.866s][info][gc,heap        ] GC(729) Old regions: 537->473
[3307.866s][info][gc,heap        ] GC(729) Humongous regions: 80->80
[3307.866s][info][gc,metaspace   ] GC(729) Metaspace: 28873K(29248K)->28873K(29248K) NonClass: 24006K(24192K)->24006K(24192K) Class: 4867K(5056K)->4867K(5056K)
[3307.866s][info][gc             ] GC(729) Pause Young (Mixed) (G1 Evacuation Pause) 3674M->1324M(4096M) 133.560ms
[3307.866s][info][gc,cpu         ] GC(729) User=0.79s Sys=0.00s Real=0.13s
...[3311.039s][info][gc,start       ] GC(730) Pause Young (Concurrent Start) (G1 Evacuation Pause)
[3311.039s][info][gc,task        ] GC(730) Using 6 workers of 6 for evacuation
[3311.157s][info][gc,phases      ] GC(730)   Pre Evacuate Collection Set: 0.36ms
[3311.157s][info][gc,phases      ] GC(730)   Merge Heap Roots: 0.43ms
[3311.157s][info][gc,phases      ] GC(730)   Evacuate Collection Set: 115.80ms
[3311.157s][info][gc,phases      ] GC(730)   Post Evacuate Collection Set: 0.91ms
[3311.157s][info][gc,phases      ] GC(730)   Other: 0.12ms
[3311.157s][info][gc,heap        ] GC(730) Eden regions: 1118->0(1118)
[3311.157s][info][gc,heap        ] GC(730) Survivor regions: 110->110(154)
[3311.157s][info][gc,heap        ] GC(730) Old regions: 473->505
[3311.157s][info][gc,heap        ] GC(730) Humongous regions: 80->80
[3311.157s][info][gc,metaspace   ] GC(730) Metaspace: 28873K(29248K)->28873K(29248K) NonClass: 24006K(24192K)->24006K(24192K) Class: 4867K(5056K)->4867K(5056K)
[3311.157s][info][gc             ] GC(730) Pause Young (Concurrent Start) (G1 Evacuation Pause) 3560M->1388M(4096M) 117.772ms
[3311.157s][info][gc             ] GC(731) Concurrent Mark Cycle
[3311.157s][info][gc,marking     ] GC(731) Concurrent Scan Root Regions
[3311.157s][info][gc,cpu         ] GC(730) User=0.70s Sys=0.00s Real=0.12s
.[3311.293s][info][gc,marking     ] GC(731) Concurrent Scan Root Regions 136.151ms
[3311.293s][info][gc,marking     ] GC(731) Concurrent Mark
[3311.293s][info][gc,marking     ] GC(731) Concurrent Mark From Roots
[3311.293s][info][gc,task        ] GC(731) Using 2 workers of 2 for marking
[3311.963s][info][gc,marking     ] GC(731) Concurrent Mark From Roots 670.109ms
[3311.964s][info][gc,marking     ] GC(731) Concurrent Preclean
[3311.964s][info][gc,marking     ] GC(731) Concurrent Preclean 0.157ms
[3311.964s][info][gc,start       ] GC(731) Pause Remark
[3311.967s][info][gc             ] GC(731) Pause Remark 1994M->1994M(4096M) 3.582ms
[3311.967s][info][gc,cpu         ] GC(731) User=0.02s Sys=0.00s Real=0.01s
[3311.967s][info][gc,marking     ] GC(731) Concurrent Mark 674.131ms
[3311.968s][info][gc,marking     ] GC(731) Concurrent Rebuild Remembered Sets and Scrub Regions
[3312.219s][info][gc,marking     ] GC(731) Concurrent Rebuild Remembered Sets and Scrub Regions 251.406ms
[3312.219s][info][gc,start       ] GC(731) Pause Cleanup
[3312.219s][info][gc             ] GC(731) Pause Cleanup 2169M->2169M(4096M) 0.106ms
[3312.219s][info][gc,cpu         ] GC(731) User=0.00s Sys=0.00s Real=0.00s
[3312.219s][info][gc,marking     ] GC(731) Concurrent Clear Claimed Marks
[3312.219s][info][gc,marking     ] GC(731) Concurrent Clear Claimed Marks 0.034ms
[3312.219s][info][gc,marking     ] GC(731) Concurrent Cleanup for Next Mark
[3312.224s][info][gc,marking     ] GC(731) Concurrent Cleanup for Next Mark 4.774ms
[3312.224s][info][gc             ] GC(731) Concurrent Mark Cycle 1067.015ms
...[3314.371s][info][gc,start       ] GC(732) Pause Young (Prepare Mixed) (G1 Evacuation Pause)
[3314.371s][info][gc,task        ] GC(732) Using 6 workers of 6 for evacuation
[3314.486s][info][gc,phases      ] GC(732)   Pre Evacuate Collection Set: 0.33ms
[3314.486s][info][gc,phases      ] GC(732)   Merge Heap Roots: 0.48ms
[3314.486s][info][gc,phases      ] GC(732)   Evacuate Collection Set: 113.35ms
[3314.486s][info][gc,phases      ] GC(732)   Post Evacuate Collection Set: 0.93ms
[3314.486s][info][gc,phases      ] GC(732)   Other: 0.08ms
[3314.486s][info][gc,heap        ] GC(732) Eden regions: 1118->0(1114)
[3314.486s][info][gc,heap        ] GC(732) Survivor regions: 110->107(154)
[3314.486s][info][gc,heap        ] GC(732) Old regions: 505->537
[3314.486s][info][gc,heap        ] GC(732) Humongous regions: 80->80
[3314.486s][info][gc,metaspace   ] GC(732) Metaspace: 28873K(29248K)->28873K(29248K) NonClass: 24006K(24192K)->24006K(24192K) Class: 4867K(5056K)->4867K(5056K)
[3314.486s][info][gc             ] GC(732) Pause Young (Prepare Mixed) (G1 Evacuation Pause) 3624M->1447M(4096M) 115.322ms
[3314.486s][info][gc,cpu         ] GC(732) User=0.68s Sys=0.00s Real=0.11s
...[3317.688s][info][gc,start       ] GC(733) Pause Young (Mixed) (G1 Evacuation Pause)
[3317.688s][info][gc,task        ] GC(733) Using 6 workers of 6 for evacuation
[3317.826s][info][gc,phases      ] GC(733)   Pre Evacuate Collection Set: 0.39ms
[3317.826s][info][gc,phases      ] GC(733)   Merge Heap Roots: 0.77ms
[3317.826s][info][gc,phases      ] GC(733)   Evacuate Collection Set: 135.78ms
[3317.827s][info][gc,phases      ] GC(733)   Post Evacuate Collection Set: 0.95ms
[3317.827s][info][gc,phases      ] GC(733)   Other: 0.10ms
[3317.827s][info][gc,heap        ] GC(733) Eden regions: 1114->0(1118)
[3317.827s][info][gc,heap        ] GC(733) Survivor regions: 107->110(153)
[3317.827s][info][gc,heap        ] GC(733) Old regions: 537->472
[3317.827s][info][gc,heap        ] GC(733) Humongous regions: 80->80
[3317.827s][info][gc,metaspace   ] GC(733) Metaspace: 28873K(29248K)->28873K(29248K) NonClass: 24006K(24192K)->24006K(24192K) Class: 4867K(5056K)->4867K(5056K)
[3317.827s][info][gc             ] GC(733) Pause Young (Mixed) (G1 Evacuation Pause) 3675M->1323M(4096M) 138.110ms
[3317.827s][info][gc,cpu         ] GC(733) User=0.82s Sys=0.00s Real=0.13s
...[3320.957s][info][gc,start       ] GC(734) Pause Young (Concurrent Start) (G1 Evacuation Pause)
[3320.957s][info][gc,task        ] GC(734) Using 6 workers of 6 for evacuation
[3321.075s][info][gc,phases      ] GC(734)   Pre Evacuate Collection Set: 0.35ms
[3321.075s][info][gc,phases      ] GC(734)   Merge Heap Roots: 0.50ms
[3321.075s][info][gc,phases      ] GC(734)   Evacuate Collection Set: 116.44ms
[3321.075s][info][gc,phases      ] GC(734)   Post Evacuate Collection Set: 0.90ms
[3321.075s][info][gc,phases      ] GC(734)   Other: 0.10ms
[3321.075s][info][gc,heap        ] GC(734) Eden regions: 1118->0(1118)
[3321.075s][info][gc,heap        ] GC(734) Survivor regions: 110->110(154)
[3321.075s][info][gc,heap        ] GC(734) Old regions: 472->505
[3321.075s][info][gc,heap        ] GC(734) Humongous regions: 80->80
[3321.075s][info][gc,metaspace   ] GC(734) Metaspace: 28873K(29248K)->28873K(29248K) NonClass: 24006K(24192K)->24006K(24192K) Class: 4867K(5056K)->4867K(5056K)
[3321.075s][info][gc             ] GC(734) Pause Young (Concurrent Start) (G1 Evacuation Pause) 3559M->1387M(4096M) 118.460ms
[3321.075s][info][gc             ] GC(735) Concurrent Mark Cycle
[3321.075s][info][gc,marking     ] GC(735) Concurrent Scan Root Regions
[3321.075s][info][gc,cpu         ] GC(734) User=0.70s Sys=0.00s Real=0.11s
[3321.265s][info][gc,marking     ] GC(735) Concurrent Scan Root Regions 189.104ms
[3321.265s][info][gc,marking     ] GC(735) Concurrent Mark
[3321.265s][info][gc,marking     ] GC(735) Concurrent Mark From Roots
[3321.265s][info][gc,task        ] GC(735) Using 2 workers of 2 for marking
.[3322.082s][info][gc,marking     ] GC(735) Concurrent Mark From Roots 817.552ms
[3322.082s][info][gc,marking     ] GC(735) Concurrent Preclean
[3322.082s][info][gc,marking     ] GC(735) Concurrent Preclean 0.165ms
[3322.083s][info][gc,start       ] GC(735) Pause Remark
[3322.088s][info][gc             ] GC(735) Pause Remark 2122M->2122M(4096M) 4.445ms
[3322.088s][info][gc,cpu         ] GC(735) User=0.02s Sys=0.00s Real=0.01s
[3322.090s][info][gc,marking     ] GC(735) Concurrent Mark 825.755ms
[3322.090s][info][gc,marking     ] GC(735) Concurrent Rebuild Remembered Sets and Scrub Regions
.[3322.346s][info][gc,marking     ] GC(735) Concurrent Rebuild Remembered Sets and Scrub Regions 255.703ms
[3322.347s][info][gc,start       ] GC(735) Pause Cleanup
[3322.347s][info][gc             ] GC(735) Pause Cleanup 2313M->2313M(4096M) 0.124ms
[3322.347s][info][gc,cpu         ] GC(735) User=0.00s Sys=0.00s Real=0.00s
[3322.347s][info][gc,marking     ] GC(735) Concurrent Clear Claimed Marks
[3322.347s][info][gc,marking     ] GC(735) Concurrent Clear Claimed Marks 0.036ms
[3322.347s][info][gc,marking     ] GC(735) Concurrent Cleanup for Next Mark
[3322.352s][info][gc,marking     ] GC(735) Concurrent Cleanup for Next Mark 4.561ms
[3322.352s][info][gc             ] GC(735) Concurrent Mark Cycle 1276.503ms
.[3324.231s][info][gc,start       ] GC(736) Pause Young (Prepare Mixed) (G1 Evacuation Pause)
[3324.232s][info][gc,task        ] GC(736) Using 6 workers of 6 for evacuation
[3324.367s][info][gc,phases      ] GC(736)   Pre Evacuate Collection Set: 0.39ms
[3324.367s][info][gc,phases      ] GC(736)   Merge Heap Roots: 0.57ms
[3324.367s][info][gc,phases      ] GC(736)   Evacuate Collection Set: 133.36ms
[3324.367s][info][gc,phases      ] GC(736)   Post Evacuate Collection Set: 0.93ms
[3324.367s][info][gc,phases      ] GC(736)   Other: 0.11ms
[3324.367s][info][gc,heap        ] GC(736) Eden regions: 1118->0(1106)
[3324.367s][info][gc,heap        ] GC(736) Survivor regions: 110->111(154)
[3324.367s][info][gc,heap        ] GC(736) Old regions: 505->537
[3324.367s][info][gc,heap        ] GC(736) Humongous regions: 80->80
[3324.367s][info][gc,metaspace   ] GC(736) Metaspace: 28873K(29248K)->28873K(29248K) NonClass: 24006K(24192K)->24006K(24192K) Class: 4867K(5056K)->4867K(5056K)
[3324.367s][info][gc             ] GC(736) Pause Young (Prepare Mixed) (G1 Evacuation Pause) 3623M->1453M(4096M) 135.503ms
[3324.367s][info][gc,cpu         ] GC(736) User=0.80s Sys=0.00s Real=0.14s
....[3327.628s][info][gc,start       ] GC(737) Pause Young (Mixed) (G1 Evacuation Pause)
[3327.628s][info][gc,task        ] GC(737) Using 6 workers of 6 for evacuation
[3327.761s][info][gc,phases      ] GC(737)   Pre Evacuate Collection Set: 0.36ms
[3327.761s][info][gc,phases      ] GC(737)   Merge Heap Roots: 0.61ms
[3327.761s][info][gc,phases      ] GC(737)   Evacuate Collection Set: 131.43ms
[3327.761s][info][gc,phases      ] GC(737)   Post Evacuate Collection Set: 0.96ms
[3327.761s][info][gc,phases      ] GC(737)   Other: 0.08ms
[3327.761s][info][gc,heap        ] GC(737) Eden regions: 1106->0(1119)
[3327.761s][info][gc,heap        ] GC(737) Survivor regions: 111->109(153)
[3327.761s][info][gc,heap        ] GC(737) Old regions: 537->473
[3327.761s][info][gc,heap        ] GC(737) Humongous regions: 80->80
[3327.761s][info][gc,metaspace   ] GC(737) Metaspace: 28873K(29248K)->28873K(29248K) NonClass: 24006K(24192K)->24006K(24192K) Class: 4867K(5056K)->4867K(5056K)
[3327.761s][info][gc             ] GC(737) Pause Young (Mixed) (G1 Evacuation Pause) 3665M->1322M(4096M) 133.565ms
[3327.761s][info][gc,cpu         ] GC(737) User=0.79s Sys=0.00s Real=0.13s
...[3330.898s][info][gc,start       ] GC(738) Pause Young (Concurrent Start) (G1 Evacuation Pause)
[3330.898s][info][gc,task        ] GC(738) Using 6 workers of 6 for evacuation
[3331.020s][info][gc,phases      ] GC(738)   Pre Evacuate Collection Set: 0.37ms
[3331.020s][info][gc,phases      ] GC(738)   Merge Heap Roots: 0.43ms
[3331.020s][info][gc,phases      ] GC(738)   Evacuate Collection Set: 121.04ms
[3331.020s][info][gc,phases      ] GC(738)   Post Evacuate Collection Set: 0.89ms
[3331.020s][info][gc,phases      ] GC(738)   Other: 0.11ms
[3331.020s][info][gc,heap        ] GC(738) Eden regions: 1119->0(1115)
[3331.020s][info][gc,heap        ] GC(738) Survivor regions: 109->113(154)
[3331.020s][info][gc,heap        ] GC(738) Old regions: 473->504
[3331.020s][info][gc,heap        ] GC(738) Humongous regions: 80->80
[3331.020s][info][gc,metaspace   ] GC(738) Metaspace: 28873K(29248K)->28873K(29248K) NonClass: 24006K(24192K)->24006K(24192K) Class: 4867K(5056K)->4867K(5056K)
[3331.021s][info][gc             ] GC(738) Pause Young (Concurrent Start) (G1 Evacuation Pause) 3560M->1393M(4096M) 122.976ms
[3331.021s][info][gc             ] GC(739) Concurrent Mark Cycle
[3331.021s][info][gc,marking     ] GC(739) Concurrent Scan Root Regions
[3331.021s][info][gc,cpu         ] GC(738) User=0.72s Sys=0.00s Real=0.12s
[3331.203s][info][gc,marking     ] GC(739) Concurrent Scan Root Regions 182.794ms
[3331.203s][info][gc,marking     ] GC(739) Concurrent Mark
[3331.203s][info][gc,marking     ] GC(739) Concurrent Mark From Roots
[3331.203s][info][gc,task        ] GC(739) Using 2 workers of 2 for marking
.[3331.979s][info][gc,marking     ] GC(739) Concurrent Mark From Roots 775.214ms
[3331.979s][info][gc,marking     ] GC(739) Concurrent Preclean
[3331.979s][info][gc,marking     ] GC(739) Concurrent Preclean 0.092ms
[3331.979s][info][gc,start       ] GC(739) Pause Remark
[3331.983s][info][gc             ] GC(739) Pause Remark 2129M->2129M(4096M) 4.298ms
[3331.983s][info][gc,cpu         ] GC(739) User=0.02s Sys=0.00s Real=0.00s
[3331.986s][info][gc,marking     ] GC(739) Concurrent Mark 782.782ms
[3331.986s][info][gc,marking     ] GC(739) Concurrent Rebuild Remembered Sets and Scrub Regions
[3332.229s][info][gc,marking     ] GC(739) Concurrent Rebuild Remembered Sets and Scrub Regions 242.837ms
[3332.229s][info][gc,start       ] GC(739) Pause Cleanup
[3332.229s][info][gc             ] GC(739) Pause Cleanup 2289M->2289M(4096M) 0.096ms
[3332.229s][info][gc,cpu         ] GC(739) User=0.00s Sys=0.00s Real=0.00s
[3332.229s][info][gc,marking     ] GC(739) Concurrent Clear Claimed Marks
[3332.229s][info][gc,marking     ] GC(739) Concurrent Clear Claimed Marks 0.022ms
[3332.229s][info][gc,marking     ] GC(739) Concurrent Cleanup for Next Mark
[3332.234s][info][gc,marking     ] GC(739) Concurrent Cleanup for Next Mark 4.472ms
[3332.234s][info][gc             ] GC(739) Concurrent Mark Cycle 1213.384ms
..[3334.181s][info][gc,start       ] GC(740) Pause Young (Prepare Mixed) (G1 Evacuation Pause)
[3334.181s][info][gc,task        ] GC(740) Using 6 workers of 6 for evacuation
[3334.303s][info][gc,phases      ] GC(740)   Pre Evacuate Collection Set: 0.32ms
[3334.303s][info][gc,phases      ] GC(740)   Merge Heap Roots: 0.47ms
[3334.303s][info][gc,phases      ] GC(740)   Evacuate Collection Set: 120.36ms
[3334.303s][info][gc,phases      ] GC(740)   Post Evacuate Collection Set: 0.95ms
[3334.303s][info][gc,phases      ] GC(740)   Other: 0.09ms
[3334.303s][info][gc,heap        ] GC(740) Eden regions: 1115->0(1104)
[3334.303s][info][gc,heap        ] GC(740) Survivor regions: 113->112(154)
[3334.303s][info][gc,heap        ] GC(740) Old regions: 504->537
[3334.303s][info][gc,heap        ] GC(740) Humongous regions: 80->80
[3334.303s][info][gc,metaspace   ] GC(740) Metaspace: 28873K(29248K)->28873K(29248K) NonClass: 24006K(24192K)->24006K(24192K) Class: 4867K(5056K)->4867K(5056K)
[3334.303s][info][gc             ] GC(740) Pause Young (Prepare Mixed) (G1 Evacuation Pause) 3623M->1456M(4096M) 122.325ms
[3334.303s][info][gc,cpu         ] GC(740) User=0.72s Sys=0.00s Real=0.12s
....[3337.499s][info][gc,start       ] GC(741) Pause Young (Mixed) (G1 Evacuation Pause)
[3337.499s][info][gc,task        ] GC(741) Using 6 workers of 6 for evacuation
[3337.629s][info][gc,phases      ] GC(741)   Pre Evacuate Collection Set: 0.40ms
[3337.629s][info][gc,phases      ] GC(741)   Merge Heap Roots: 0.67ms
[3337.629s][info][gc,phases      ] GC(741)   Evacuate Collection Set: 128.58ms
[3337.629s][info][gc,phases      ] GC(741)   Post Evacuate Collection Set: 0.95ms
[3337.629s][info][gc,phases      ] GC(741)   Other: 0.09ms
[3337.629s][info][gc,heap        ] GC(741) Eden regions: 1104->0(1120)
[3337.629s][info][gc,heap        ] GC(741) Survivor regions: 112->108(152)
[3337.629s][info][gc,heap        ] GC(741) Old regions: 537->473
[3337.629s][info][gc,heap        ] GC(741) Humongous regions: 80->80
[3337.629s][info][gc,metaspace   ] GC(741) Metaspace: 28873K(29248K)->28873K(29248K) NonClass: 24006K(24192K)->24006K(24192K) Class: 4867K(5056K)->4867K(5056K)
[3337.629s][info][gc             ] GC(741) Pause Young (Mixed) (G1 Evacuation Pause) 3664M->1319M(4096M) 130.817ms
[3337.629s][info][gc,cpu         ] GC(741) User=0.78s Sys=0.00s Real=0.13s
...[3340.773s][info][gc,start       ] GC(742) Pause Young (Concurrent Start) (G1 Evacuation Pause)
[3340.773s][info][gc,task        ] GC(742) Using 6 workers of 6 for evacuation
[3340.895s][info][gc,phases      ] GC(742)   Pre Evacuate Collection Set: 0.35ms
[3340.895s][info][gc,phases      ] GC(742)   Merge Heap Roots: 0.44ms
[3340.895s][info][gc,phases      ] GC(742)   Evacuate Collection Set: 120.19ms
[3340.895s][info][gc,phases      ] GC(742)   Post Evacuate Collection Set: 0.88ms
[3340.895s][info][gc,phases      ] GC(742)   Other: 0.09ms
[3340.895s][info][gc,heap        ] GC(742) Eden regions: 1120->0(1115)
[3340.895s][info][gc,heap        ] GC(742) Survivor regions: 108->113(154)
[3340.895s][info][gc,heap        ] GC(742) Old regions: 473->505
[3340.895s][info][gc,heap        ] GC(742) Humongous regions: 80->80
[3340.895s][info][gc,metaspace   ] GC(742) Metaspace: 28873K(29248K)->28873K(29248K) NonClass: 24006K(24192K)->24006K(24192K) Class: 4867K(5056K)->4867K(5056K)
[3340.895s][info][gc             ] GC(742) Pause Young (Concurrent Start) (G1 Evacuation Pause) 3559M->1394M(4096M) 122.113ms
[3340.895s][info][gc             ] GC(743) Concurrent Mark Cycle
[3340.895s][info][gc,marking     ] GC(743) Concurrent Scan Root Regions
[3340.895s][info][gc,cpu         ] GC(742) User=0.72s Sys=0.00s Real=0.12s
[3341.077s][info][gc,marking     ] GC(743) Concurrent Scan Root Regions 181.817ms
[3341.077s][info][gc,marking     ] GC(743) Concurrent Mark
[3341.077s][info][gc,marking     ] GC(743) Concurrent Mark From Roots
[3341.077s][info][gc,task        ] GC(743) Using 2 workers of 2 for marking
.[3342.067s][info][gc,marking     ] GC(743) Concurrent Mark From Roots 989.923ms
[3342.067s][info][gc,marking     ] GC(743) Concurrent Preclean
[3342.067s][info][gc,marking     ] GC(743) Concurrent Preclean 0.106ms
[3342.067s][info][gc,start       ] GC(743) Pause Remark
[3342.071s][info][gc             ] GC(743) Pause Remark 2208M->2208M(4096M) 4.212ms
[3342.071s][info][gc,cpu         ] GC(743) User=0.03s Sys=0.00s Real=0.00s
[3342.072s][info][gc,marking     ] GC(743) Concurrent Mark 994.639ms
[3342.072s][info][gc,marking     ] GC(743) Concurrent Rebuild Remembered Sets and Scrub Regions
.[3342.430s][info][gc,marking     ] GC(743) Concurrent Rebuild Remembered Sets and Scrub Regions 357.933ms
[3342.430s][info][gc,start       ] GC(743) Pause Cleanup
[3342.430s][info][gc             ] GC(743) Pause Cleanup 2460M->2460M(4096M) 0.119ms
[3342.430s][info][gc,cpu         ] GC(743) User=0.00s Sys=0.00s Real=0.00s
[3342.431s][info][gc,marking     ] GC(743) Concurrent Clear Claimed Marks
[3342.431s][info][gc,marking     ] GC(743) Concurrent Clear Claimed Marks 0.033ms
[3342.431s][info][gc,marking     ] GC(743) Concurrent Cleanup for Next Mark
[3342.435s][info][gc,marking     ] GC(743) Concurrent Cleanup for Next Mark 3.745ms
[3342.435s][info][gc             ] GC(743) Concurrent Mark Cycle 1539.718ms
.[3344.150s][info][gc,start       ] GC(744) Pause Young (Prepare Mixed) (G1 Evacuation Pause)
[3344.150s][info][gc,task        ] GC(744) Using 6 workers of 6 for evacuation
[3344.272s][info][gc,phases      ] GC(744)   Pre Evacuate Collection Set: 0.31ms
[3344.273s][info][gc,phases      ] GC(744)   Merge Heap Roots: 0.48ms
[3344.273s][info][gc,phases      ] GC(744)   Evacuate Collection Set: 120.60ms
[3344.273s][info][gc,phases      ] GC(744)   Post Evacuate Collection Set: 0.91ms
[3344.273s][info][gc,phases      ] GC(744)   Other: 0.08ms
[3344.273s][info][gc,heap        ] GC(744) Eden regions: 1115->0(1098)
[3344.273s][info][gc,heap        ] GC(744) Survivor regions: 113->115(154)
[3344.273s][info][gc,heap        ] GC(744) Old regions: 505->537
[3344.273s][info][gc,heap        ] GC(744) Humongous regions: 80->80
[3344.273s][info][gc,metaspace   ] GC(744) Metaspace: 28873K(29248K)->28873K(29248K) NonClass: 24006K(24192K)->24006K(24192K) Class: 4867K(5056K)->4867K(5056K)
[3344.273s][info][gc             ] GC(744) Pause Young (Prepare Mixed) (G1 Evacuation Pause) 3624M->1461M(4096M) 122.518ms
[3344.273s][info][gc,cpu         ] GC(744) User=0.72s Sys=0.00s Real=0.12s
....[3347.419s][info][gc,start       ] GC(745) Pause Young (Mixed) (G1 Evacuation Pause)
[3347.419s][info][gc,task        ] GC(745) Using 6 workers of 6 for evacuation
[3347.553s][info][gc,phases      ] GC(745)   Pre Evacuate Collection Set: 0.37ms
[3347.553s][info][gc,phases      ] GC(745)   Merge Heap Roots: 0.65ms
[3347.553s][info][gc,phases      ] GC(745)   Evacuate Collection Set: 131.89ms
[3347.553s][info][gc,phases      ] GC(745)   Post Evacuate Collection Set: 0.97ms
[3347.553s][info][gc,phases      ] GC(745)   Other: 0.08ms
[3347.553s][info][gc,heap        ] GC(745) Eden regions: 1098->0(1118)
[3347.553s][info][gc,heap        ] GC(745) Survivor regions: 115->110(152)
[3347.553s][info][gc,heap        ] GC(745) Old regions: 537->474
[3347.553s][info][gc,heap        ] GC(745) Humongous regions: 80->80
[3347.553s][info][gc,metaspace   ] GC(745) Metaspace: 28873K(29248K)->28873K(29248K) NonClass: 24006K(24192K)->24006K(24192K) Class: 4867K(5056K)->4867K(5056K)
[3347.553s][info][gc             ] GC(745) Pause Young (Mixed) (G1 Evacuation Pause) 3657M->1326M(4096M) 134.094ms
[3347.553s][info][gc,cpu         ] GC(745) User=0.80s Sys=0.00s Real=0.13s
...[3350.714s][info][gc,start       ] GC(746) Pause Young (Concurrent Start) (G1 Evacuation Pause)
[3350.714s][info][gc,task        ] GC(746) Using 6 workers of 6 for evacuation
[3350.834s][info][gc,phases      ] GC(746)   Pre Evacuate Collection Set: 0.39ms
[3350.834s][info][gc,phases      ] GC(746)   Merge Heap Roots: 0.46ms
[3350.834s][info][gc,phases      ] GC(746)   Evacuate Collection Set: 118.13ms
[3350.834s][info][gc,phases      ] GC(746)   Post Evacuate Collection Set: 0.90ms
[3350.834s][info][gc,phases      ] GC(746)   Other: 0.10ms
[3350.834s][info][gc,heap        ] GC(746) Eden regions: 1118->0(1117)
[3350.834s][info][gc,heap        ] GC(746) Survivor regions: 110->111(154)
[3350.834s][info][gc,heap        ] GC(746) Old regions: 474->506
[3350.834s][info][gc,heap        ] GC(746) Humongous regions: 80->80
[3350.834s][info][gc,metaspace   ] GC(746) Metaspace: 28873K(29248K)->28873K(29248K) NonClass: 24006K(24192K)->24006K(24192K) Class: 4867K(5056K)->4867K(5056K)
[3350.834s][info][gc             ] GC(746) Pause Young (Concurrent Start) (G1 Evacuation Pause) 3562M->1391M(4096M) 120.101ms
[3350.834s][info][gc             ] GC(747) Concurrent Mark Cycle
[3350.834s][info][gc,marking     ] GC(747) Concurrent Scan Root Regions
[3350.834s][info][gc,cpu         ] GC(746) User=0.71s Sys=0.00s Real=0.12s
[3351.012s][info][gc,marking     ] GC(747) Concurrent Scan Root Regions 178.019ms
[3351.012s][info][gc,marking     ] GC(747) Concurrent Mark
[3351.012s][info][gc,marking     ] GC(747) Concurrent Mark From Roots
[3351.012s][info][gc,task        ] GC(747) Using 2 workers of 2 for marking
.[3351.884s][info][gc,marking     ] GC(747) Concurrent Mark From Roots 872.282ms
[3351.884s][info][gc,marking     ] GC(747) Concurrent Preclean
[3351.884s][info][gc,marking     ] GC(747) Concurrent Preclean 0.122ms
[3351.885s][info][gc,start       ] GC(747) Pause Remark
[3351.889s][info][gc             ] GC(747) Pause Remark 2206M->2206M(4096M) 4.038ms
[3351.889s][info][gc,cpu         ] GC(747) User=0.02s Sys=0.00s Real=0.01s
[3351.890s][info][gc,marking     ] GC(747) Concurrent Mark 877.608ms
[3351.890s][info][gc,marking     ] GC(747) Concurrent Rebuild Remembered Sets and Scrub Regions
[3352.128s][info][gc,marking     ] GC(747) Concurrent Rebuild Remembered Sets and Scrub Regions 238.788ms
[3352.129s][info][gc,start       ] GC(747) Pause Cleanup
[3352.129s][info][gc             ] GC(747) Pause Cleanup 2363M->2363M(4096M) 0.112ms
[3352.129s][info][gc,cpu         ] GC(747) User=0.00s Sys=0.00s Real=0.00s
[3352.129s][info][gc,marking     ] GC(747) Concurrent Clear Claimed Marks
[3352.129s][info][gc,marking     ] GC(747) Concurrent Clear Claimed Marks 0.022ms
[3352.129s][info][gc,marking     ] GC(747) Concurrent Cleanup for Next Mark
[3352.135s][info][gc,marking     ] GC(747) Concurrent Cleanup for Next Mark 5.930ms
[3352.135s][info][gc             ] GC(747) Concurrent Mark Cycle 1301.026ms
..[3354.051s][info][gc,start       ] GC(748) Pause Young (Prepare Mixed) (G1 Evacuation Pause)
[3354.051s][info][gc,task        ] GC(748) Using 6 workers of 6 for evacuation
[3354.168s][info][gc,phases      ] GC(748)   Pre Evacuate Collection Set: 0.35ms
[3354.168s][info][gc,phases      ] GC(748)   Merge Heap Roots: 0.48ms
[3354.168s][info][gc,phases      ] GC(748)   Evacuate Collection Set: 115.00ms
[3354.168s][info][gc,phases      ] GC(748)   Post Evacuate Collection Set: 0.90ms
[3354.168s][info][gc,phases      ] GC(748)   Other: 0.08ms
[3354.168s][info][gc,heap        ] GC(748) Eden regions: 1117->0(1106)
[3354.168s][info][gc,heap        ] GC(748) Survivor regions: 111->111(154)
[3354.168s][info][gc,heap        ] GC(748) Old regions: 506->537
[3354.168s][info][gc,heap        ] GC(748) Humongous regions: 80->80
[3354.168s][info][gc,metaspace   ] GC(748) Metaspace: 28873K(29248K)->28873K(29248K) NonClass: 24006K(24192K)->24006K(24192K) Class: 4867K(5056K)->4867K(5056K)
[3354.168s][info][gc             ] GC(748) Pause Young (Prepare Mixed) (G1 Evacuation Pause) 3625M->1453M(4096M) 116.947ms
[3354.168s][info][gc,cpu         ] GC(748) User=0.69s Sys=0.00s Real=0.12s
...[3357.285s][info][gc,start       ] GC(749) Pause Young (Mixed) (G1 Evacuation Pause)
[3357.285s][info][gc,task        ] GC(749) Using 6 workers of 6 for evacuation
[3357.423s][info][gc,phases      ] GC(749)   Pre Evacuate Collection Set: 0.39ms
[3357.423s][info][gc,phases      ] GC(749)   Merge Heap Roots: 0.59ms
[3357.423s][info][gc,phases      ] GC(749)   Evacuate Collection Set: 135.60ms
[3357.423s][info][gc,phases      ] GC(749)   Post Evacuate Collection Set: 0.99ms
[3357.423s][info][gc,phases      ] GC(749)   Other: 0.09ms
[3357.423s][info][gc,heap        ] GC(749) Eden regions: 1106->0(1113)
[3357.423s][info][gc,heap        ] GC(749) Survivor regions: 111->115(153)
[3357.423s][info][gc,heap        ] GC(749) Old regions: 537->472
[3357.423s][info][gc,heap        ] GC(749) Humongous regions: 80->80
[3357.423s][info][gc,metaspace   ] GC(749) Metaspace: 28873K(29248K)->28873K(29248K) NonClass: 24006K(24192K)->24006K(24192K) Class: 4867K(5056K)->4867K(5056K)
[3357.423s][info][gc             ] GC(749) Pause Young (Mixed) (G1 Evacuation Pause) 3665M->1331M(4096M) 137.804ms
[3357.423s][info][gc,cpu         ] GC(749) User=0.81s Sys=0.00s Real=0.14s
... (rIR:aIR:PR = 5673:5675:5675) (tPR = 84203) [OK] 
  3359s: Performance info:
         Transaction,    Success,    Partial,     Failed,   Receipts, AvgBarcode, 
             Overall,     341697,          0,          0,     324596,      59.48, 
         Response times:
             Request,    Success,    Partial,     Failed,   SkipFail,     Probes,    Samples,      min,      p50,      p90,      p95,      p99,      max, 
       TotalPurchase,     324596,          0,          0,          0,     317844,     351716,      300,     4500,    11000,    23000,    61000,   174000,
     InStorePurchase,     170882,          0,          0,          0,     167391,     185107,      300,     4600,    11300,    24000,    61000,   174000,
      OnlinePurchase,     119555,          0,          0,          0,     117034,     129430,      300,     4300,    10600,    22000,    59000,   171000,
        InstPurchase,      34159,          0,          0,          0,      33419,      37179,      400,     4800,    11100,    24000,    64000,   174000,
          AssocOfCat,        340,          0,          0,          0,        253,        354,    23000,    32000,    51000,    61000,    82000,   152000,
      AssocOfProduct,       3421,          0,          0,          0,       3108,       3622,      500,     5300,    11500,    29000,    60540,   143000,
      BusinessReport,        848,          0,          0,          0,        757,        961,    26000,    36000,    69000,    90900,   176380,   193000,
          CustBuyBeh,       3428,          0,          0,          0,       3190,       3683,      200,     4400,    10400,    29000,    53160,   137000,
       ProductReturn,       9064,          0,          0,          0,       8735,       9957,      300,     5000,    11300,    26000,    57000,   160000,

  3359s: (42%)   IR =   5812 .[3360.704s][info][gc,start       ] GC(750) Pause Young (Concurrent Start) (G1 Evacuation Pause)
[3360.704s][info][gc,task        ] GC(750) Using 6 workers of 6 for evacuation
[3360.820s][info][gc,phases      ] GC(750)   Pre Evacuate Collection Set: 0.39ms
[3360.820s][info][gc,phases      ] GC(750)   Merge Heap Roots: 0.48ms
[3360.820s][info][gc,phases      ] GC(750)   Evacuate Collection Set: 114.05ms
[3360.820s][info][gc,phases      ] GC(750)   Post Evacuate Collection Set: 0.88ms
[3360.820s][info][gc,phases      ] GC(750)   Other: 0.11ms
[3360.820s][info][gc,heap        ] GC(750) Eden regions: 1113->0(1119)
[3360.820s][info][gc,heap        ] GC(750) Survivor regions: 115->109(154)
[3360.820s][info][gc,heap        ] GC(750) Old regions: 472->503
[3360.820s][info][gc,heap        ] GC(750) Humongous regions: 80->80
[3360.820s][info][gc,metaspace   ] GC(750) Metaspace: 28873K(29248K)->28873K(29248K) NonClass: 24006K(24192K)->24006K(24192K) Class: 4867K(5056K)->4867K(5056K)
[3360.820s][info][gc             ] GC(750) Pause Young (Concurrent Start) (G1 Evacuation Pause) 3557M->1382M(4096M) 116.053ms
[3360.820s][info][gc             ] GC(751) Concurrent Mark Cycle
[3360.820s][info][gc,marking     ] GC(751) Concurrent Scan Root Regions
[3360.820s][info][gc,cpu         ] GC(750) User=0.69s Sys=0.00s Real=0.12s
[3360.997s][info][gc,marking     ] GC(751) Concurrent Scan Root Regions 177.064ms
[3360.997s][info][gc,marking     ] GC(751) Concurrent Mark
[3360.997s][info][gc,marking     ] GC(751) Concurrent Mark From Roots
[3360.997s][info][gc,task        ] GC(751) Using 2 workers of 2 for marking
.[3361.889s][info][gc,marking     ] GC(751) Concurrent Mark From Roots 891.872ms
[3361.889s][info][gc,marking     ] GC(751) Concurrent Preclean
[3361.889s][info][gc,marking     ] GC(751) Concurrent Preclean 0.139ms
[3361.889s][info][gc,start       ] GC(751) Pause Remark
[3361.893s][info][gc             ] GC(751) Pause Remark 2238M->2238M(4096M) 3.999ms
[3361.893s][info][gc,cpu         ] GC(751) User=0.03s Sys=0.00s Real=0.00s
[3361.893s][info][gc,marking     ] GC(751) Concurrent Mark 896.281ms
[3361.893s][info][gc,marking     ] GC(751) Concurrent Rebuild Remembered Sets and Scrub Regions
[3362.188s][info][gc,marking     ] GC(751) Concurrent Rebuild Remembered Sets and Scrub Regions 294.979ms
[3362.189s][info][gc,start       ] GC(751) Pause Cleanup
[3362.189s][info][gc             ] GC(751) Pause Cleanup 2450M->2450M(4096M) 0.104ms
[3362.189s][info][gc,cpu         ] GC(751) User=0.00s Sys=0.00s Real=0.00s
[3362.189s][info][gc,marking     ] GC(751) Concurrent Clear Claimed Marks
[3362.189s][info][gc,marking     ] GC(751) Concurrent Clear Claimed Marks 0.022ms
[3362.189s][info][gc,marking     ] GC(751) Concurrent Cleanup for Next Mark
[3362.192s][info][gc,marking     ] GC(751) Concurrent Cleanup for Next Mark 3.238ms
[3362.192s][info][gc             ] GC(751) Concurrent Mark Cycle 1372.007ms
..[3363.870s][info][gc,start       ] GC(752) Pause Young (Prepare Mixed) (G1 Evacuation Pause)
[3363.870s][info][gc,task        ] GC(752) Using 6 workers of 6 for evacuation
[3363.987s][info][gc,phases      ] GC(752)   Pre Evacuate Collection Set: 0.35ms
[3363.987s][info][gc,phases      ] GC(752)   Merge Heap Roots: 0.50ms
[3363.987s][info][gc,phases      ] GC(752)   Evacuate Collection Set: 115.26ms
[3363.987s][info][gc,phases      ] GC(752)   Post Evacuate Collection Set: 0.92ms
[3363.987s][info][gc,phases      ] GC(752)   Other: 0.09ms
[3363.987s][info][gc,heap        ] GC(752) Eden regions: 1119->0(1111)
[3363.987s][info][gc,heap        ] GC(752) Survivor regions: 109->110(154)
[3363.987s][info][gc,heap        ] GC(752) Old regions: 503->534
[3363.987s][info][gc,heap        ] GC(752) Humongous regions: 80->80
[3363.988s][info][gc,metaspace   ] GC(752) Metaspace: 28873K(29248K)->28873K(29248K) NonClass: 24006K(24192K)->24006K(24192K) Class: 4867K(5056K)->4867K(5056K)
[3363.988s][info][gc             ] GC(752) Pause Young (Prepare Mixed) (G1 Evacuation Pause) 3620M->1446M(4096M) 117.245ms
[3363.988s][info][gc,cpu         ] GC(752) User=0.69s Sys=0.00s Real=0.12s
.|..[3367.111s][info][gc,start       ] GC(753) Pause Young (Mixed) (G1 Evacuation Pause)
[3367.111s][info][gc,task        ] GC(753) Using 6 workers of 6 for evacuation
[3367.249s][info][gc,phases      ] GC(753)   Pre Evacuate Collection Set: 0.38ms
[3367.249s][info][gc,phases      ] GC(753)   Merge Heap Roots: 0.72ms
[3367.249s][info][gc,phases      ] GC(753)   Evacuate Collection Set: 136.33ms
[3367.249s][info][gc,phases      ] GC(753)   Post Evacuate Collection Set: 1.04ms
[3367.249s][info][gc,phases      ] GC(753)   Other: 0.09ms
[3367.249s][info][gc,heap        ] GC(753) Eden regions: 1111->0(1116)
[3367.249s][info][gc,heap        ] GC(753) Survivor regions: 110->112(153)
[3367.249s][info][gc,heap        ] GC(753) Old regions: 534->472
[3367.249s][info][gc,heap        ] GC(753) Humongous regions: 80->80
[3367.249s][info][gc,metaspace   ] GC(753) Metaspace: 28873K(29248K)->28873K(29248K) NonClass: 24006K(24192K)->24006K(24192K) Class: 4867K(5056K)->4867K(5056K)
[3367.250s][info][gc             ] GC(753) Pause Young (Mixed) (G1 Evacuation Pause) 3668M->1325M(4096M) 138.736ms
[3367.250s][info][gc,cpu         ] GC(753) User=0.82s Sys=0.00s Real=0.14s
...[3370.330s][info][gc,start       ] GC(754) Pause Young (Concurrent Start) (G1 Evacuation Pause)
[3370.330s][info][gc,task        ] GC(754) Using 6 workers of 6 for evacuation
[3370.449s][info][gc,phases      ] GC(754)   Pre Evacuate Collection Set: 0.39ms
[3370.449s][info][gc,phases      ] GC(754)   Merge Heap Roots: 0.45ms
[3370.449s][info][gc,phases      ] GC(754)   Evacuate Collection Set: 116.86ms
[3370.449s][info][gc,phases      ] GC(754)   Post Evacuate Collection Set: 0.89ms
[3370.449s][info][gc,phases      ] GC(754)   Other: 0.09ms
[3370.449s][info][gc,heap        ] GC(754) Eden regions: 1116->0(1117)
[3370.449s][info][gc,heap        ] GC(754) Survivor regions: 112->111(154)
[3370.449s][info][gc,heap        ] GC(754) Old regions: 472->504
[3370.449s][info][gc,heap        ] GC(754) Humongous regions: 80->80
[3370.449s][info][gc,metaspace   ] GC(754) Metaspace: 28873K(29248K)->28873K(29248K) NonClass: 24006K(24192K)->24006K(24192K) Class: 4867K(5056K)->4867K(5056K)
[3370.449s][info][gc             ] GC(754) Pause Young (Concurrent Start) (G1 Evacuation Pause) 3557M->1387M(4096M) 118.806ms
[3370.449s][info][gc             ] GC(755) Concurrent Mark Cycle
[3370.449s][info][gc,marking     ] GC(755) Concurrent Scan Root Regions
[3370.449s][info][gc,cpu         ] GC(754) User=0.70s Sys=0.00s Real=0.12s
.[3370.627s][info][gc,marking     ] GC(755) Concurrent Scan Root Regions 177.813ms
[3370.627s][info][gc,marking     ] GC(755) Concurrent Mark
[3370.627s][info][gc,marking     ] GC(755) Concurrent Mark From Roots
[3370.627s][info][gc,task        ] GC(755) Using 2 workers of 2 for marking
.[3371.574s][info][gc,marking     ] GC(755) Concurrent Mark From Roots 947.724ms
[3371.574s][info][gc,marking     ] GC(755) Concurrent Preclean
[3371.574s][info][gc,marking     ] GC(755) Concurrent Preclean 0.108ms
[3371.575s][info][gc,start       ] GC(755) Pause Remark
[3371.579s][info][gc             ] GC(755) Pause Remark 2220M->2220M(4096M) 4.782ms
[3371.579s][info][gc,cpu         ] GC(755) User=0.03s Sys=0.00s Real=0.01s
[3371.579s][info][gc,marking     ] GC(755) Concurrent Mark 952.911ms
[3371.580s][info][gc,marking     ] GC(755) Concurrent Rebuild Remembered Sets and Scrub Regions
[3371.903s][info][gc,marking     ] GC(755) Concurrent Rebuild Remembered Sets and Scrub Regions 323.700ms
[3371.903s][info][gc,start       ] GC(755) Pause Cleanup
[3371.903s][info][gc             ] GC(755) Pause Cleanup 2470M->2470M(4096M) 0.100ms
[3371.903s][info][gc,cpu         ] GC(755) User=0.00s Sys=0.00s Real=0.00s
[3371.908s][info][gc,marking     ] GC(755) Concurrent Clear Claimed Marks
[3371.908s][info][gc,marking     ] GC(755) Concurrent Clear Claimed Marks 0.084ms
[3371.908s][info][gc,marking     ] GC(755) Concurrent Cleanup for Next Mark
[3371.913s][info][gc,marking     ] GC(755) Concurrent Cleanup for Next Mark 5.233ms
[3371.913s][info][gc             ] GC(755) Concurrent Mark Cycle 1464.390ms
.[3373.557s][info][gc,start       ] GC(756) Pause Young (Prepare Mixed) (G1 Evacuation Pause)
[3373.558s][info][gc,task        ] GC(756) Using 6 workers of 6 for evacuation
[3373.673s][info][gc,phases      ] GC(756)   Pre Evacuate Collection Set: 0.34ms
[3373.673s][info][gc,phases      ] GC(756)   Merge Heap Roots: 0.47ms
[3373.673s][info][gc,phases      ] GC(756)   Evacuate Collection Set: 113.82ms
[3373.673s][info][gc,phases      ] GC(756)   Post Evacuate Collection Set: 0.93ms
[3373.673s][info][gc,phases      ] GC(756)   Other: 0.09ms
[3373.673s][info][gc,heap        ] GC(756) Eden regions: 1117->0(1113)
[3373.673s][info][gc,heap        ] GC(756) Survivor regions: 111->108(154)
[3373.673s][info][gc,heap        ] GC(756) Old regions: 504->536
[3373.673s][info][gc,heap        ] GC(756) Humongous regions: 80->80
[3373.673s][info][gc,metaspace   ] GC(756) Metaspace: 28873K(29248K)->28873K(29248K) NonClass: 24006K(24192K)->24006K(24192K) Class: 4867K(5056K)->4867K(5056K)
[3373.673s][info][gc             ] GC(756) Pause Young (Prepare Mixed) (G1 Evacuation Pause) 3621M->1445M(4096M) 115.816ms
[3373.673s][info][gc,cpu         ] GC(756) User=0.69s Sys=0.00s Real=0.11s
....[3376.715s][info][gc,start       ] GC(757) Pause Young (Mixed) (G1 Evacuation Pause)
[3376.715s][info][gc,task        ] GC(757) Using 6 workers of 6 for evacuation
[3376.844s][info][gc,phases      ] GC(757)   Pre Evacuate Collection Set: 0.37ms
[3376.844s][info][gc,phases      ] GC(757)   Merge Heap Roots: 0.61ms
[3376.844s][info][gc,phases      ] GC(757)   Evacuate Collection Set: 127.65ms
[3376.844s][info][gc,phases      ] GC(757)   Post Evacuate Collection Set: 0.96ms
[3376.844s][info][gc,phases      ] GC(757)   Other: 0.08ms
[3376.844s][info][gc,heap        ] GC(757) Eden regions: 1113->0(1120)
[3376.844s][info][gc,heap        ] GC(757) Survivor regions: 108->108(153)
[3376.844s][info][gc,heap        ] GC(757) Old regions: 536->474
[3376.844s][info][gc,heap        ] GC(757) Humongous regions: 80->80
[3376.844s][info][gc,metaspace   ] GC(757) Metaspace: 28873K(29248K)->28873K(29248K) NonClass: 24006K(24192K)->24006K(24192K) Class: 4867K(5056K)->4867K(5056K)
[3376.844s][info][gc             ] GC(757) Pause Young (Mixed) (G1 Evacuation Pause) 3671M->1322M(4096M) 129.808ms
[3376.844s][info][gc,cpu         ] GC(757) User=0.77s Sys=0.00s Real=0.13s
...[3380.041s][info][gc,start       ] GC(758) Pause Young (Concurrent Start) (G1 Evacuation Pause)
[3380.041s][info][gc,task        ] GC(758) Using 6 workers of 6 for evacuation
[3380.159s][info][gc,phases      ] GC(758)   Pre Evacuate Collection Set: 0.38ms
[3380.159s][info][gc,phases      ] GC(758)   Merge Heap Roots: 0.45ms
[3380.159s][info][gc,phases      ] GC(758)   Evacuate Collection Set: 116.04ms
[3380.159s][info][gc,phases      ] GC(758)   Post Evacuate Collection Set: 0.89ms
[3380.159s][info][gc,phases      ] GC(758)   Other: 0.11ms
[3380.159s][info][gc,heap        ] GC(758) Eden regions: 1120->0(1119)
[3380.159s][info][gc,heap        ] GC(758) Survivor regions: 108->109(154)
[3380.159s][info][gc,heap        ] GC(758) Old regions: 474->506
[3380.159s][info][gc,heap        ] GC(758) Humongous regions: 80->80
[3380.159s][info][gc,metaspace   ] GC(758) Metaspace: 28873K(29248K)->28873K(29248K) NonClass: 24006K(24192K)->24006K(24192K) Class: 4867K(5056K)->4867K(5056K)
[3380.159s][info][gc             ] GC(758) Pause Young (Concurrent Start) (G1 Evacuation Pause) 3562M->1388M(4096M) 118.009ms
[3380.160s][info][gc             ] GC(759) Concurrent Mark Cycle
[3380.160s][info][gc,marking     ] GC(759) Concurrent Scan Root Regions
[3380.160s][info][gc,cpu         ] GC(758) User=0.70s Sys=0.00s Real=0.12s
[3380.347s][info][gc,marking     ] GC(759) Concurrent Scan Root Regions 187.194ms
[3380.347s][info][gc,marking     ] GC(759) Concurrent Mark
[3380.347s][info][gc,marking     ] GC(759) Concurrent Mark From Roots
[3380.347s][info][gc,task        ] GC(759) Using 2 workers of 2 for marking
.[3381.183s][info][gc,marking     ] GC(759) Concurrent Mark From Roots 836.447ms
[3381.183s][info][gc,marking     ] GC(759) Concurrent Preclean
[3381.183s][info][gc,marking     ] GC(759) Concurrent Preclean 0.072ms
[3381.183s][info][gc,start       ] GC(759) Pause Remark
[3381.187s][info][gc             ] GC(759) Pause Remark 2199M->2199M(4096M) 3.643ms
[3381.187s][info][gc,cpu         ] GC(759) User=0.01s Sys=0.00s Real=0.01s
[3381.187s][info][gc,marking     ] GC(759) Concurrent Mark 840.419ms
[3381.187s][info][gc,marking     ] GC(759) Concurrent Rebuild Remembered Sets and Scrub Regions
[3381.453s][info][gc,marking     ] GC(759) Concurrent Rebuild Remembered Sets and Scrub Regions 265.728ms
[3381.453s][info][gc,start       ] GC(759) Pause Cleanup
[3381.453s][info][gc             ] GC(759) Pause Cleanup 2358M->2358M(4096M) 0.105ms
[3381.453s][info][gc,cpu         ] GC(759) User=0.00s Sys=0.00s Real=0.00s
[3381.453s][info][gc,marking     ] GC(759) Concurrent Clear Claimed Marks
[3381.453s][info][gc,marking     ] GC(759) Concurrent Clear Claimed Marks 0.022ms
[3381.453s][info][gc,marking     ] GC(759) Concurrent Cleanup for Next Mark
[3381.458s][info][gc,marking     ] GC(759) Concurrent Cleanup for Next Mark 4.459ms
[3381.458s][info][gc             ] GC(759) Concurrent Mark Cycle 1298.251ms
..[3383.289s][info][gc,start       ] GC(760) Pause Young (Prepare Mixed) (G1 Evacuation Pause)
[3383.289s][info][gc,task        ] GC(760) Using 6 workers of 6 for evacuation
[3383.410s][info][gc,phases      ] GC(760)   Pre Evacuate Collection Set: 0.33ms
[3383.410s][info][gc,phases      ] GC(760)   Merge Heap Roots: 0.49ms
[3383.410s][info][gc,phases      ] GC(760)   Evacuate Collection Set: 119.48ms
[3383.410s][info][gc,phases      ] GC(760)   Post Evacuate Collection Set: 0.94ms
[3383.410s][info][gc,phases      ] GC(760)   Other: 0.09ms
[3383.410s][info][gc,heap        ] GC(760) Eden regions: 1119->0(1100)
[3383.410s][info][gc,heap        ] GC(760) Survivor regions: 109->114(154)
[3383.410s][info][gc,heap        ] GC(760) Old regions: 506->537
[3383.410s][info][gc,heap        ] GC(760) Humongous regions: 80->80
[3383.410s][info][gc,metaspace   ] GC(760) Metaspace: 28873K(29248K)->28873K(29248K) NonClass: 24006K(24192K)->24006K(24192K) Class: 4867K(5056K)->4867K(5056K)
[3383.410s][info][gc             ] GC(760) Pause Young (Prepare Mixed) (G1 Evacuation Pause) 3626M->1460M(4096M) 121.456ms
[3383.410s][info][gc,cpu         ] GC(760) User=0.72s Sys=0.00s Real=0.12s
...[3386.471s][info][gc,start       ] GC(761) Pause Young (Mixed) (G1 Evacuation Pause)
[3386.471s][info][gc,task        ] GC(761) Using 6 workers of 6 for evacuation
[3386.603s][info][gc,phases      ] GC(761)   Pre Evacuate Collection Set: 0.38ms
[3386.603s][info][gc,phases      ] GC(761)   Merge Heap Roots: 0.64ms
[3386.603s][info][gc,phases      ] GC(761)   Evacuate Collection Set: 129.79ms
[3386.603s][info][gc,phases      ] GC(761)   Post Evacuate Collection Set: 0.94ms
[3386.603s][info][gc,phases      ] GC(761)   Other: 0.10ms
[3386.603s][info][gc,heap        ] GC(761) Eden regions: 1100->0(1121)
[3386.603s][info][gc,heap        ] GC(761) Survivor regions: 114->107(152)
[3386.603s][info][gc,heap        ] GC(761) Old regions: 537->471
[3386.603s][info][gc,heap        ] GC(761) Humongous regions: 80->80
[3386.603s][info][gc,metaspace   ] GC(761) Metaspace: 28873K(29248K)->28873K(29248K) NonClass: 24006K(24192K)->24006K(24192K) Class: 4867K(5056K)->4867K(5056K)
[3386.603s][info][gc             ] GC(761) Pause Young (Mixed) (G1 Evacuation Pause) 3660M->1315M(4096M) 131.980ms
[3386.603s][info][gc,cpu         ] GC(761) User=0.78s Sys=0.01s Real=0.13s
....[3389.738s][info][gc,start       ] GC(762) Pause Young (Concurrent Start) (G1 Evacuation Pause)
[3389.738s][info][gc,task        ] GC(762) Using 6 workers of 6 for evacuation
[3389.854s][info][gc,phases      ] GC(762)   Pre Evacuate Collection Set: 0.35ms
[3389.854s][info][gc,phases      ] GC(762)   Merge Heap Roots: 0.44ms
[3389.854s][info][gc,phases      ] GC(762)   Evacuate Collection Set: 114.46ms
[3389.854s][info][gc,phases      ] GC(762)   Post Evacuate Collection Set: 0.92ms
[3389.854s][info][gc,phases      ] GC(762)   Other: 0.12ms
[3389.854s][info][gc,heap        ] GC(762) Eden regions: 1121->0(1120)
[3389.854s][info][gc,heap        ] GC(762) Survivor regions: 107->108(154)
[3389.854s][info][gc,heap        ] GC(762) Old regions: 471->503
[3389.854s][info][gc,heap        ] GC(762) Humongous regions: 80->80
[3389.854s][info][gc,metaspace   ] GC(762) Metaspace: 28873K(29248K)->28873K(29248K) NonClass: 24006K(24192K)->24006K(24192K) Class: 4867K(5056K)->4867K(5056K)
[3389.854s][info][gc             ] GC(762) Pause Young (Concurrent Start) (G1 Evacuation Pause) 3557M->1380M(4096M) 116.415ms
[3389.854s][info][gc             ] GC(763) Concurrent Mark Cycle
[3389.854s][info][gc,marking     ] GC(763) Concurrent Scan Root Regions
[3389.854s][info][gc,cpu         ] GC(762) User=0.69s Sys=0.00s Real=0.11s
[3390.035s][info][gc,marking     ] GC(763) Concurrent Scan Root Regions 180.990ms
[3390.035s][info][gc,marking     ] GC(763) Concurrent Mark
[3390.035s][info][gc,marking     ] GC(763) Concurrent Mark From Roots
[3390.035s][info][gc,task        ] GC(763) Using 2 workers of 2 for marking
.[3390.944s][info][gc,marking     ] GC(763) Concurrent Mark From Roots 908.336ms
[3390.944s][info][gc,marking     ] GC(763) Concurrent Preclean
[3390.944s][info][gc,marking     ] GC(763) Concurrent Preclean 0.107ms
[3390.945s][info][gc,start       ] GC(763) Pause Remark
[3390.950s][info][gc             ] GC(763) Pause Remark 2234M->2234M(4096M) 4.136ms
[3390.950s][info][gc,cpu         ] GC(763) User=0.03s Sys=0.00s Real=0.01s
[3390.950s][info][gc,marking     ] GC(763) Concurrent Mark 914.180ms
[3390.950s][info][gc,marking     ] GC(763) Concurrent Rebuild Remembered Sets and Scrub Regions
[3391.199s][info][gc,marking     ] GC(763) Concurrent Rebuild Remembered Sets and Scrub Regions 249.799ms
[3391.200s][info][gc,start       ] GC(763) Pause Cleanup
[3391.200s][info][gc             ] GC(763) Pause Cleanup 2415M->2415M(4096M) 0.105ms
[3391.200s][info][gc,cpu         ] GC(763) User=0.00s Sys=0.00s Real=0.00s
[3391.200s][info][gc,marking     ] GC(763) Concurrent Clear Claimed Marks
[3391.200s][info][gc,marking     ] GC(763) Concurrent Clear Claimed Marks 0.021ms
[3391.200s][info][gc,marking     ] GC(763) Concurrent Cleanup for Next Mark
[3391.203s][info][gc,marking     ] GC(763) Concurrent Cleanup for Next Mark 3.323ms
[3391.203s][info][gc             ] GC(763) Concurrent Mark Cycle 1348.765ms
..[3392.939s][info][gc,start       ] GC(764) Pause Young (Prepare Mixed) (G1 Evacuation Pause)
[3392.939s][info][gc,task        ] GC(764) Using 6 workers of 6 for evacuation
[3393.055s][info][gc,phases      ] GC(764)   Pre Evacuate Collection Set: 0.34ms
[3393.056s][info][gc,phases      ] GC(764)   Merge Heap Roots: 0.49ms
[3393.056s][info][gc,phases      ] GC(764)   Evacuate Collection Set: 114.87ms
[3393.056s][info][gc,phases      ] GC(764)   Post Evacuate Collection Set: 0.94ms
[3393.056s][info][gc,phases      ] GC(764)   Other: 0.09ms
[3393.056s][info][gc,heap        ] GC(764) Eden regions: 1120->0(1112)
[3393.056s][info][gc,heap        ] GC(764) Survivor regions: 108->109(154)
[3393.056s][info][gc,heap        ] GC(764) Old regions: 503->535
[3393.056s][info][gc,heap        ] GC(764) Humongous regions: 80->80
[3393.056s][info][gc,metaspace   ] GC(764) Metaspace: 28873K(29248K)->28873K(29248K) NonClass: 24006K(24192K)->24006K(24192K) Class: 4867K(5056K)->4867K(5056K)
[3393.056s][info][gc             ] GC(764) Pause Young (Prepare Mixed) (G1 Evacuation Pause) 3620M->1446M(4096M) 116.859ms
[3393.056s][info][gc,cpu         ] GC(764) User=0.69s Sys=0.00s Real=0.11s
...[3396.207s][info][gc,start       ] GC(765) Pause Young (Mixed) (G1 Evacuation Pause)
[3396.207s][info][gc,task        ] GC(765) Using 6 workers of 6 for evacuation
[3396.348s][info][gc,phases      ] GC(765)   Pre Evacuate Collection Set: 0.34ms
[3396.348s][info][gc,phases      ] GC(765)   Merge Heap Roots: 0.78ms
[3396.348s][info][gc,phases      ] GC(765)   Evacuate Collection Set: 139.14ms
[3396.348s][info][gc,phases      ] GC(765)   Post Evacuate Collection Set: 0.82ms
[3396.348s][info][gc,phases      ] GC(765)   Other: 0.09ms
[3396.348s][info][gc,heap        ] GC(765) Eden regions: 1112->0(1115)
[3396.348s][info][gc,heap        ] GC(765) Survivor regions: 109->113(153)
[3396.348s][info][gc,heap        ] GC(765) Old regions: 535->472
[3396.348s][info][gc,heap        ] GC(765) Humongous regions: 80->80
[3396.348s][info][gc,metaspace   ] GC(765) Metaspace: 28873K(29248K)->28873K(29248K) NonClass: 24006K(24192K)->24006K(24192K) Class: 4867K(5056K)->4867K(5056K)
[3396.348s][info][gc             ] GC(765) Pause Young (Mixed) (G1 Evacuation Pause) 3670M->1328M(4096M) 141.304ms
[3396.348s][info][gc,cpu         ] GC(765) User=0.84s Sys=0.00s Real=0.15s
...[3399.374s][info][gc,start       ] GC(766) Pause Young (Concurrent Start) (G1 Evacuation Pause)
[3399.374s][info][gc,task        ] GC(766) Using 6 workers of 6 for evacuation
[3399.490s][info][gc,phases      ] GC(766)   Pre Evacuate Collection Set: 0.35ms
[3399.490s][info][gc,phases      ] GC(766)   Merge Heap Roots: 0.41ms
[3399.490s][info][gc,phases      ] GC(766)   Evacuate Collection Set: 115.14ms
[3399.490s][info][gc,phases      ] GC(766)   Post Evacuate Collection Set: 0.86ms
[3399.490s][info][gc,phases      ] GC(766)   Other: 0.11ms
[3399.490s][info][gc,heap        ] GC(766) Eden regions: 1115->0(1118)
[3399.490s][info][gc,heap        ] GC(766) Survivor regions: 113->110(154)
[3399.490s][info][gc,heap        ] GC(766) Old regions: 472->504
[3399.490s][info][gc,heap        ] GC(766) Humongous regions: 80->80
[3399.491s][info][gc,metaspace   ] GC(766) Metaspace: 28873K(29248K)->28873K(29248K) NonClass: 24006K(24192K)->24006K(24192K) Class: 4867K(5056K)->4867K(5056K)
[3399.491s][info][gc             ] GC(766) Pause Young (Concurrent Start) (G1 Evacuation Pause) 3558M->1385M(4096M) 117.001ms
[3399.491s][info][gc             ] GC(767) Concurrent Mark Cycle
[3399.491s][info][gc,marking     ] GC(767) Concurrent Scan Root Regions
[3399.491s][info][gc,cpu         ] GC(766) User=0.69s Sys=0.01s Real=0.12s
[3399.661s][info][gc,marking     ] GC(767) Concurrent Scan Root Regions 169.934ms
[3399.661s][info][gc,marking     ] GC(767) Concurrent Mark
[3399.661s][info][gc,marking     ] GC(767) Concurrent Mark From Roots
[3399.661s][info][gc,task        ] GC(767) Using 2 workers of 2 for marking
.[3400.345s][info][gc,marking     ] GC(767) Concurrent Mark From Roots 684.770ms
[3400.345s][info][gc,marking     ] GC(767) Concurrent Preclean
[3400.345s][info][gc,marking     ] GC(767) Concurrent Preclean 0.089ms
[3400.346s][info][gc,start       ] GC(767) Pause Remark
[3400.349s][info][gc             ] GC(767) Pause Remark 2038M->2038M(4096M) 3.787ms
[3400.349s][info][gc,cpu         ] GC(767) User=0.02s Sys=0.00s Real=0.01s
[3400.349s][info][gc,marking     ] GC(767) Concurrent Mark 688.919ms
[3400.349s][info][gc,marking     ] GC(767) Concurrent Rebuild Remembered Sets and Scrub Regions
[3400.598s][info][gc,marking     ] GC(767) Concurrent Rebuild Remembered Sets and Scrub Regions 248.669ms
[3400.598s][info][gc,start       ] GC(767) Pause Cleanup
[3400.599s][info][gc             ] GC(767) Pause Cleanup 2212M->2212M(4096M) 0.119ms
[3400.599s][info][gc,cpu         ] GC(767) User=0.00s Sys=0.00s Real=0.00s
[3400.599s][info][gc,marking     ] GC(767) Concurrent Clear Claimed Marks
[3400.599s][info][gc,marking     ] GC(767) Concurrent Clear Claimed Marks 0.026ms
[3400.599s][info][gc,marking     ] GC(767) Concurrent Cleanup for Next Mark
[3400.604s][info][gc,marking     ] GC(767) Concurrent Cleanup for Next Mark 5.444ms
[3400.604s][info][gc             ] GC(767) Concurrent Mark Cycle 1113.626ms
..[3402.626s][info][gc,start       ] GC(768) Pause Young (Prepare Mixed) (G1 Evacuation Pause)
[3402.626s][info][gc,task        ] GC(768) Using 6 workers of 6 for evacuation
[3402.744s][info][gc,phases      ] GC(768)   Pre Evacuate Collection Set: 0.33ms
[3402.744s][info][gc,phases      ] GC(768)   Merge Heap Roots: 0.47ms
[3402.744s][info][gc,phases      ] GC(768)   Evacuate Collection Set: 116.01ms
[3402.744s][info][gc,phases      ] GC(768)   Post Evacuate Collection Set: 0.90ms
[3402.744s][info][gc,phases      ] GC(768)   Other: 0.08ms
[3402.744s][info][gc,heap        ] GC(768) Eden regions: 1118->0(1111)
[3402.744s][info][gc,heap        ] GC(768) Survivor regions: 110->109(154)
[3402.744s][info][gc,heap        ] GC(768) Old regions: 504->536
[3402.744s][info][gc,heap        ] GC(768) Humongous regions: 80->80
[3402.744s][info][gc,metaspace   ] GC(768) Metaspace: 28873K(29248K)->28873K(29248K) NonClass: 24006K(24192K)->24006K(24192K) Class: 4867K(5056K)->4867K(5056K)
[3402.744s][info][gc             ] GC(768) Pause Young (Prepare Mixed) (G1 Evacuation Pause) 3621M->1447M(4096M) 117.917ms
[3402.744s][info][gc,cpu         ] GC(768) User=0.70s Sys=0.00s Real=0.12s
....[3405.865s][info][gc,start       ] GC(769) Pause Young (Mixed) (G1 Evacuation Pause)
[3405.865s][info][gc,task        ] GC(769) Using 6 workers of 6 for evacuation
[3406.001s][info][gc,phases      ] GC(769)   Pre Evacuate Collection Set: 0.35ms
[3406.001s][info][gc,phases      ] GC(769)   Merge Heap Roots: 0.67ms
[3406.001s][info][gc,phases      ] GC(769)   Evacuate Collection Set: 133.67ms
[3406.001s][info][gc,phases      ] GC(769)   Post Evacuate Collection Set: 0.94ms
[3406.001s][info][gc,phases      ] GC(769)   Other: 0.08ms
[3406.001s][info][gc,heap        ] GC(769) Eden regions: 1111->0(1117)
[3406.001s][info][gc,heap        ] GC(769) Survivor regions: 109->111(153)
[3406.001s][info][gc,heap        ] GC(769) Old regions: 536->471
[3406.001s][info][gc,heap        ] GC(769) Humongous regions: 80->80
[3406.001s][info][gc,metaspace   ] GC(769) Metaspace: 28873K(29248K)->28873K(29248K) NonClass: 24006K(24192K)->24006K(24192K) Class: 4867K(5056K)->4867K(5056K)
[3406.001s][info][gc             ] GC(769) Pause Young (Mixed) (G1 Evacuation Pause) 3669M->1323M(4096M) 135.843ms
[3406.001s][info][gc,cpu         ] GC(769) User=0.80s Sys=0.00s Real=0.14s
...[3409.058s][info][gc,start       ] GC(770) Pause Young (Concurrent Start) (G1 Evacuation Pause)
[3409.058s][info][gc,task        ] GC(770) Using 6 workers of 6 for evacuation
[3409.176s][info][gc,phases      ] GC(770)   Pre Evacuate Collection Set: 0.40ms
[3409.176s][info][gc,phases      ] GC(770)   Merge Heap Roots: 0.46ms
[3409.176s][info][gc,phases      ] GC(770)   Evacuate Collection Set: 115.75ms
[3409.176s][info][gc,phases      ] GC(770)   Post Evacuate Collection Set: 0.90ms
[3409.176s][info][gc,phases      ] GC(770)   Other: 0.13ms
[3409.176s][info][gc,heap        ] GC(770) Eden regions: 1117->0(1119)
[3409.176s][info][gc,heap        ] GC(770) Survivor regions: 111->109(154)
[3409.176s][info][gc,heap        ] GC(770) Old regions: 471->504
[3409.176s][info][gc,heap        ] GC(770) Humongous regions: 80->80
[3409.176s][info][gc,metaspace   ] GC(770) Metaspace: 28873K(29248K)->28873K(29248K) NonClass: 24006K(24192K)->24006K(24192K) Class: 4867K(5056K)->4867K(5056K)
[3409.176s][info][gc             ] GC(770) Pause Young (Concurrent Start) (G1 Evacuation Pause) 3557M->1383M(4096M) 117.780ms
[3409.176s][info][gc             ] GC(771) Concurrent Mark Cycle
[3409.176s][info][gc,marking     ] GC(771) Concurrent Scan Root Regions
[3409.176s][info][gc,cpu         ] GC(770) User=0.69s Sys=0.00s Real=0.11s
[3409.319s][info][gc,marking     ] GC(771) Concurrent Scan Root Regions 142.644ms
[3409.319s][info][gc,marking     ] GC(771) Concurrent Mark
[3409.319s][info][gc,marking     ] GC(771) Concurrent Mark From Roots
[3409.319s][info][gc,task        ] GC(771) Using 2 workers of 2 for marking
.[3410.146s][info][gc,marking     ] GC(771) Concurrent Mark From Roots 827.090ms
[3410.146s][info][gc,marking     ] GC(771) Concurrent Preclean
[3410.146s][info][gc,marking     ] GC(771) Concurrent Preclean 0.070ms
[3410.146s][info][gc,start       ] GC(771) Pause Remark
[3410.150s][info][gc             ] GC(771) Pause Remark 2138M->2138M(4096M) 4.222ms
[3410.150s][info][gc,cpu         ] GC(771) User=0.02s Sys=0.00s Real=0.01s
[3410.150s][info][gc,marking     ] GC(771) Concurrent Mark 831.638ms
[3410.150s][info][gc,marking     ] GC(771) Concurrent Rebuild Remembered Sets and Scrub Regions
[3410.464s][info][gc,marking     ] GC(771) Concurrent Rebuild Remembered Sets and Scrub Regions 313.908ms
[3410.466s][info][gc,start       ] GC(771) Pause Cleanup
[3410.466s][info][gc             ] GC(771) Pause Cleanup 2379M->2379M(4096M) 0.143ms
[3410.466s][info][gc,cpu         ] GC(771) User=0.00s Sys=0.00s Real=0.00s
[3410.466s][info][gc,marking     ] GC(771) Concurrent Clear Claimed Marks
[3410.466s][info][gc,marking     ] GC(771) Concurrent Clear Claimed Marks 0.030ms
[3410.466s][info][gc,marking     ] GC(771) Concurrent Cleanup for Next Mark
[3410.470s][info][gc,marking     ] GC(771) Concurrent Cleanup for Next Mark 4.485ms
[3410.470s][info][gc             ] GC(771) Concurrent Mark Cycle 1294.532ms
..[3412.332s][info][gc,start       ] GC(772) Pause Young (Prepare Mixed) (G1 Evacuation Pause)
[3412.332s][info][gc,task        ] GC(772) Using 6 workers of 6 for evacuation
[3412.449s][info][gc,phases      ] GC(772)   Pre Evacuate Collection Set: 0.33ms
[3412.449s][info][gc,phases      ] GC(772)   Merge Heap Roots: 0.49ms
[3412.449s][info][gc,phases      ] GC(772)   Evacuate Collection Set: 115.96ms
[3412.449s][info][gc,phases      ] GC(772)   Post Evacuate Collection Set: 0.95ms
[3412.449s][info][gc,phases      ] GC(772)   Other: 0.09ms
[3412.449s][info][gc,heap        ] GC(772) Eden regions: 1119->0(1110)
[3412.449s][info][gc,heap        ] GC(772) Survivor regions: 109->110(154)
[3412.449s][info][gc,heap        ] GC(772) Old regions: 504->535
[3412.449s][info][gc,heap        ] GC(772) Humongous regions: 80->80
[3412.449s][info][gc,metaspace   ] GC(772) Metaspace: 28873K(29248K)->28873K(29248K) NonClass: 24006K(24192K)->24006K(24192K) Class: 4867K(5056K)->4867K(5056K)
[3412.450s][info][gc             ] GC(772) Pause Young (Prepare Mixed) (G1 Evacuation Pause) 3621M->1449M(4096M) 117.962ms
[3412.450s][info][gc,cpu         ] GC(772) User=0.70s Sys=0.00s Real=0.12s
...[3415.540s][info][gc,start       ] GC(773) Pause Young (Mixed) (G1 Evacuation Pause)
[3415.540s][info][gc,task        ] GC(773) Using 6 workers of 6 for evacuation
[3415.674s][info][gc,phases      ] GC(773)   Pre Evacuate Collection Set: 0.40ms
[3415.674s][info][gc,phases      ] GC(773)   Merge Heap Roots: 0.65ms
[3415.674s][info][gc,phases      ] GC(773)   Evacuate Collection Set: 131.54ms
[3415.674s][info][gc,phases      ] GC(773)   Post Evacuate Collection Set: 0.97ms
[3415.674s][info][gc,phases      ] GC(773)   Other: 0.09ms
[3415.674s][info][gc,heap        ] GC(773) Eden regions: 1110->0(1120)
[3415.674s][info][gc,heap        ] GC(773) Survivor regions: 110->108(153)
[3415.674s][info][gc,heap        ] GC(773) Old regions: 535->473
[3415.674s][info][gc,heap        ] GC(773) Humongous regions: 80->80
[3415.674s][info][gc,metaspace   ] GC(773) Metaspace: 28873K(29248K)->28873K(29248K) NonClass: 24006K(24192K)->24006K(24192K) Class: 4867K(5056K)->4867K(5056K)
[3415.674s][info][gc             ] GC(773) Pause Young (Mixed) (G1 Evacuation Pause) 3669M->1320M(4096M) 133.773ms
[3415.674s][info][gc,cpu         ] GC(773) User=0.80s Sys=0.00s Real=0.13s
...[3418.716s][info][gc,start       ] GC(774) Pause Young (Concurrent Start) (G1 Evacuation Pause)
[3418.716s][info][gc,task        ] GC(774) Using 6 workers of 6 for evacuation
[3418.831s][info][gc,phases      ] GC(774)   Pre Evacuate Collection Set: 0.37ms
[3418.831s][info][gc,phases      ] GC(774)   Merge Heap Roots: 0.43ms
[3418.831s][info][gc,phases      ] GC(774)   Evacuate Collection Set: 112.68ms
[3418.831s][info][gc,phases      ] GC(774)   Post Evacuate Collection Set: 0.89ms
[3418.831s][info][gc,phases      ] GC(774)   Other: 0.10ms
[3418.831s][info][gc,heap        ] GC(774) Eden regions: 1120->0(1120)
[3418.831s][info][gc,heap        ] GC(774) Survivor regions: 108->108(154)
[3418.831s][info][gc,heap        ] GC(774) Old regions: 473->504
[3418.831s][info][gc,heap        ] GC(774) Humongous regions: 80->80
[3418.831s][info][gc,metaspace   ] GC(774) Metaspace: 28873K(29248K)->28873K(29248K) NonClass: 24006K(24192K)->24006K(24192K) Class: 4867K(5056K)->4867K(5056K)
[3418.831s][info][gc             ] GC(774) Pause Young (Concurrent Start) (G1 Evacuation Pause) 3560M->1381M(4096M) 114.602ms
[3418.831s][info][gc             ] GC(775) Concurrent Mark Cycle
[3418.831s][info][gc,marking     ] GC(775) Concurrent Scan Root Regions
[3418.831s][info][gc,cpu         ] GC(774) User=0.68s Sys=0.00s Real=0.12s
.[3418.997s][info][gc,marking     ] GC(775) Concurrent Scan Root Regions 166.003ms
[3418.997s][info][gc,marking     ] GC(775) Concurrent Mark
[3418.997s][info][gc,marking     ] GC(775) Concurrent Mark From Roots
[3418.997s][info][gc,task        ] GC(775) Using 2 workers of 2 for marking
[3419.832s][info][gc,marking     ] GC(775) Concurrent Mark From Roots 835.420ms
[3419.832s][info][gc,marking     ] GC(775) Concurrent Preclean
[3419.832s][info][gc,marking     ] GC(775) Concurrent Preclean 0.070ms
[3419.833s][info][gc,start       ] GC(775) Pause Remark
[3419.836s][info][gc             ] GC(775) Pause Remark 2118M->2118M(4096M) 3.549ms
[3419.836s][info][gc,cpu         ] GC(775) User=0.02s Sys=0.00s Real=0.00s
[3419.836s][info][gc,marking     ] GC(775) Concurrent Mark 839.304ms
[3419.836s][info][gc,marking     ] GC(775) Concurrent Rebuild Remembered Sets and Scrub Regions
.[3420.197s][info][gc,marking     ] GC(775) Concurrent Rebuild Remembered Sets and Scrub Regions 360.279ms
[3420.197s][info][gc,start       ] GC(775) Pause Cleanup
[3420.198s][info][gc             ] GC(775) Pause Cleanup 2362M->2362M(4096M) 0.132ms
[3420.198s][info][gc,cpu         ] GC(775) User=0.00s Sys=0.00s Real=0.00s
[3420.198s][info][gc,marking     ] GC(775) Concurrent Clear Claimed Marks
[3420.198s][info][gc,marking     ] GC(775) Concurrent Clear Claimed Marks 0.029ms
[3420.198s][info][gc,marking     ] GC(775) Concurrent Cleanup for Next Mark
[3420.201s][info][gc,marking     ] GC(775) Concurrent Cleanup for Next Mark 3.816ms
[3420.202s][info][gc             ] GC(775) Concurrent Mark Cycle 1370.701ms
..[3421.961s][info][gc,start       ] GC(776) Pause Young (Prepare Mixed) (G1 Evacuation Pause)
[3421.961s][info][gc,task        ] GC(776) Using 6 workers of 6 for evacuation
[3422.077s][info][gc,phases      ] GC(776)   Pre Evacuate Collection Set: 0.36ms
[3422.077s][info][gc,phases      ] GC(776)   Merge Heap Roots: 0.51ms
[3422.077s][info][gc,phases      ] GC(776)   Evacuate Collection Set: 114.81ms
[3422.077s][info][gc,phases      ] GC(776)   Post Evacuate Collection Set: 0.91ms
[3422.077s][info][gc,phases      ] GC(776)   Other: 0.09ms
[3422.077s][info][gc,heap        ] GC(776) Eden regions: 1120->0(1111)
[3422.077s][info][gc,heap        ] GC(776) Survivor regions: 108->109(154)
[3422.077s][info][gc,heap        ] GC(776) Old regions: 504->536
[3422.077s][info][gc,heap        ] GC(776) Humongous regions: 80->80
[3422.077s][info][gc,metaspace   ] GC(776) Metaspace: 28873K(29248K)->28873K(29248K) NonClass: 24006K(24192K)->24006K(24192K) Class: 4867K(5056K)->4867K(5056K)
[3422.077s][info][gc             ] GC(776) Pause Young (Prepare Mixed) (G1 Evacuation Pause) 3621M->1448M(4096M) 116.802ms
[3422.077s][info][gc,cpu         ] GC(776) User=0.69s Sys=0.00s Real=0.12s
... (rIR:aIR:PR = 5812:5814:5814) (tPR = 86746) [OK] 
  3424s: Performance info:
         Transaction,    Success,    Partial,     Failed,   Receipts, AvgBarcode, 
             Overall,     351058,          0,          0,     333513,      59.48, 
         Response times:
             Request,    Success,    Partial,     Failed,   SkipFail,     Probes,    Samples,      min,      p50,      p90,      p95,      p99,      max, 
       TotalPurchase,     333506,          0,          0,          0,     327641,     355227,      300,     4800,    11800,    29000,    71000,   253000,
     InStorePurchase,     175559,          0,          0,          0,     172576,     186740,      300,     4700,    11800,    29000,    72000,   253000,
      OnlinePurchase,     122838,          0,          0,          0,     120800,     130997,      300,     4900,    12000,    29000,    70000,   212000,
        InstPurchase,      35109,          0,          0,          0,      34265,      37490,      400,     4500,    11690,    27000,    70000,   161000,
          AssocOfCat,        351,          0,          0,          0,        280,        400,    25000,    34000,    56000,    75950,   124950,   177000,
      AssocOfProduct,       3506,          0,          0,          0,       3236,       3694,      500,     3200,     8500,    18975,    55000,   147000,
      BusinessReport,        884,          0,          0,          0,        797,        978,    22000,    36000,    60000,    71000,   126890,   181000,
          CustBuyBeh,       3508,          0,          0,          0,       3248,       3758,      200,     2900,     7600,    18010,    58410,   147000,
       ProductReturn,       9296,          0,          0,          0,       8914,       9949,      300,     4900,    12500,    33000,    69000,   161000,

  3424s: (43%)   IR =   5950 [3425.199s][info][gc,start       ] GC(777) Pause Young (Mixed) (G1 Evacuation Pause)
[3425.199s][info][gc,task        ] GC(777) Using 6 workers of 6 for evacuation
[3425.331s][info][gc,phases      ] GC(777)   Pre Evacuate Collection Set: 0.37ms
[3425.332s][info][gc,phases      ] GC(777)   Merge Heap Roots: 0.68ms
[3425.332s][info][gc,phases      ] GC(777)   Evacuate Collection Set: 130.77ms
[3425.332s][info][gc,phases      ] GC(777)   Post Evacuate Collection Set: 0.95ms
[3425.332s][info][gc,phases      ] GC(777)   Other: 0.09ms
[3425.332s][info][gc,heap        ] GC(777) Eden regions: 1111->0(1117)
[3425.332s][info][gc,heap        ] GC(777) Survivor regions: 109->111(153)
[3425.332s][info][gc,heap        ] GC(777) Old regions: 536->472
[3425.332s][info][gc,heap        ] GC(777) Humongous regions: 80->80
[3425.332s][info][gc,metaspace   ] GC(777) Metaspace: 28873K(29248K)->28873K(29248K) NonClass: 24006K(24192K)->24006K(24192K) Class: 4867K(5056K)->4867K(5056K)
[3425.332s][info][gc             ] GC(777) Pause Young (Mixed) (G1 Evacuation Pause) 3670M->1323M(4096M) 132.988ms
[3425.332s][info][gc,cpu         ] GC(777) User=0.78s Sys=0.00s Real=0.13s
...[3428.377s][info][gc,start       ] GC(778) Pause Young (Concurrent Start) (G1 Evacuation Pause)
[3428.377s][info][gc,task        ] GC(778) Using 6 workers of 6 for evacuation
[3428.493s][info][gc,phases      ] GC(778)   Pre Evacuate Collection Set: 0.39ms
[3428.493s][info][gc,phases      ] GC(778)   Merge Heap Roots: 0.47ms
[3428.493s][info][gc,phases      ] GC(778)   Evacuate Collection Set: 113.66ms
[3428.493s][info][gc,phases      ] GC(778)   Post Evacuate Collection Set: 0.88ms
[3428.493s][info][gc,phases      ] GC(778)   Other: 0.13ms
[3428.493s][info][gc,heap        ] GC(778) Eden regions: 1117->0(1120)
[3428.493s][info][gc,heap        ] GC(778) Survivor regions: 111->108(154)
[3428.493s][info][gc,heap        ] GC(778) Old regions: 472->503
[3428.493s][info][gc,heap        ] GC(778) Humongous regions: 80->80
[3428.493s][info][gc,metaspace   ] GC(778) Metaspace: 28873K(29248K)->28873K(29248K) NonClass: 24006K(24192K)->24006K(24192K) Class: 4867K(5056K)->4867K(5056K)
[3428.493s][info][gc             ] GC(778) Pause Young (Concurrent Start) (G1 Evacuation Pause) 3557M->1381M(4096M) 115.652ms
[3428.493s][info][gc             ] GC(779) Concurrent Mark Cycle
[3428.493s][info][gc,marking     ] GC(779) Concurrent Scan Root Regions
[3428.493s][info][gc,cpu         ] GC(778) User=0.69s Sys=0.00s Real=0.11s
[3428.681s][info][gc,marking     ] GC(779) Concurrent Scan Root Regions 188.501ms
[3428.681s][info][gc,marking     ] GC(779) Concurrent Mark
[3428.681s][info][gc,marking     ] GC(779) Concurrent Mark From Roots
[3428.681s][info][gc,task        ] GC(779) Using 2 workers of 2 for marking
.[3429.485s][info][gc,marking     ] GC(779) Concurrent Mark From Roots 803.540ms
[3429.485s][info][gc,marking     ] GC(779) Concurrent Preclean
[3429.485s][info][gc,marking     ] GC(779) Concurrent Preclean 0.082ms
[3429.485s][info][gc,start       ] GC(779) Pause Remark
[3429.489s][info][gc             ] GC(779) Pause Remark 2131M->2131M(4096M) 4.343ms
[3429.489s][info][gc,cpu         ] GC(779) User=0.02s Sys=0.00s Real=0.01s
[3429.490s][info][gc,marking     ] GC(779) Concurrent Mark 808.191ms
[3429.490s][info][gc,marking     ] GC(779) Concurrent Rebuild Remembered Sets and Scrub Regions
[3429.732s][info][gc,marking     ] GC(779) Concurrent Rebuild Remembered Sets and Scrub Regions 242.822ms
[3429.732s][info][gc,start       ] GC(779) Pause Cleanup
[3429.733s][info][gc             ] GC(779) Pause Cleanup 2281M->2281M(4096M) 0.106ms
[3429.733s][info][gc,cpu         ] GC(779) User=0.00s Sys=0.00s Real=0.00s
[3429.733s][info][gc,marking     ] GC(779) Concurrent Clear Claimed Marks
[3429.733s][info][gc,marking     ] GC(779) Concurrent Clear Claimed Marks 0.021ms
[3429.733s][info][gc,marking     ] GC(779) Concurrent Cleanup for Next Mark
[3429.737s][info][gc,marking     ] GC(779) Concurrent Cleanup for Next Mark 4.301ms
[3429.737s][info][gc             ] GC(779) Concurrent Mark Cycle 1244.309ms
.|.[3431.510s][info][gc,start       ] GC(780) Pause Young (Prepare Mixed) (G1 Evacuation Pause)
[3431.511s][info][gc,task        ] GC(780) Using 6 workers of 6 for evacuation
[3431.629s][info][gc,phases      ] GC(780)   Pre Evacuate Collection Set: 0.33ms
[3431.629s][info][gc,phases      ] GC(780)   Merge Heap Roots: 0.48ms
[3431.629s][info][gc,phases      ] GC(780)   Evacuate Collection Set: 116.91ms
[3431.629s][info][gc,phases      ] GC(780)   Post Evacuate Collection Set: 0.93ms
[3431.629s][info][gc,phases      ] GC(780)   Other: 0.08ms
[3431.629s][info][gc,heap        ] GC(780) Eden regions: 1120->0(1109)
[3431.629s][info][gc,heap        ] GC(780) Survivor regions: 108->110(154)
[3431.629s][info][gc,heap        ] GC(780) Old regions: 503->536
[3431.629s][info][gc,heap        ] GC(780) Humongous regions: 80->80
[3431.629s][info][gc,metaspace   ] GC(780) Metaspace: 28873K(29248K)->28873K(29248K) NonClass: 24006K(24192K)->24006K(24192K) Class: 4867K(5056K)->4867K(5056K)
[3431.629s][info][gc             ] GC(780) Pause Young (Prepare Mixed) (G1 Evacuation Pause) 3621M->1449M(4096M) 118.851ms
[3431.629s][info][gc,cpu         ] GC(780) User=0.70s Sys=0.00s Real=0.12s
...[3434.685s][info][gc,start       ] GC(781) Pause Young (Mixed) (G1 Evacuation Pause)
[3434.685s][info][gc,task        ] GC(781) Using 6 workers of 6 for evacuation
[3434.820s][info][gc,phases      ] GC(781)   Pre Evacuate Collection Set: 0.39ms
[3434.821s][info][gc,phases      ] GC(781)   Merge Heap Roots: 0.81ms
[3434.821s][info][gc,phases      ] GC(781)   Evacuate Collection Set: 132.86ms
[3434.821s][info][gc,phases      ] GC(781)   Post Evacuate Collection Set: 0.95ms
[3434.821s][info][gc,phases      ] GC(781)   Other: 0.09ms
[3434.821s][info][gc,heap        ] GC(781) Eden regions: 1109->0(1119)
[3434.821s][info][gc,heap        ] GC(781) Survivor regions: 110->109(153)
[3434.821s][info][gc,heap        ] GC(781) Old regions: 536->472
[3434.821s][info][gc,heap        ] GC(781) Humongous regions: 80->80
[3434.821s][info][gc,metaspace   ] GC(781) Metaspace: 28873K(29248K)->28873K(29248K) NonClass: 24006K(24192K)->24006K(24192K) Class: 4867K(5056K)->4867K(5056K)
[3434.821s][info][gc             ] GC(781) Pause Young (Mixed) (G1 Evacuation Pause) 3667M->1320M(4096M) 135.235ms
[3434.821s][info][gc,cpu         ] GC(781) User=0.80s Sys=0.00s Real=0.14s
...[3437.885s][info][gc,start       ] GC(782) Pause Young (Concurrent Start) (G1 Evacuation Pause)
[3437.885s][info][gc,task        ] GC(782) Using 6 workers of 6 for evacuation
[3438.001s][info][gc,phases      ] GC(782)   Pre Evacuate Collection Set: 0.41ms
[3438.001s][info][gc,phases      ] GC(782)   Merge Heap Roots: 0.43ms
[3438.001s][info][gc,phases      ] GC(782)   Evacuate Collection Set: 114.17ms
[3438.001s][info][gc,phases      ] GC(782)   Post Evacuate Collection Set: 0.90ms
[3438.001s][info][gc,phases      ] GC(782)   Other: 0.10ms
[3438.001s][info][gc,heap        ] GC(782) Eden regions: 1119->0(1119)
[3438.001s][info][gc,heap        ] GC(782) Survivor regions: 109->109(154)
[3438.001s][info][gc,heap        ] GC(782) Old regions: 472->505
[3438.001s][info][gc,heap        ] GC(782) Humongous regions: 80->80
[3438.001s][info][gc,metaspace   ] GC(782) Metaspace: 28873K(29248K)->28873K(29248K) NonClass: 24006K(24192K)->24006K(24192K) Class: 4867K(5056K)->4867K(5056K)
[3438.001s][info][gc             ] GC(782) Pause Young (Concurrent Start) (G1 Evacuation Pause) 3558M->1385M(4096M) 116.162ms
[3438.002s][info][gc             ] GC(783) Concurrent Mark Cycle
[3438.002s][info][gc,marking     ] GC(783) Concurrent Scan Root Regions
[3438.002s][info][gc,cpu         ] GC(782) User=0.69s Sys=0.00s Real=0.12s
.[3438.139s][info][gc,marking     ] GC(783) Concurrent Scan Root Regions 137.002ms
[3438.139s][info][gc,marking     ] GC(783) Concurrent Mark
[3438.139s][info][gc,marking     ] GC(783) Concurrent Mark From Roots
[3438.139s][info][gc,task        ] GC(783) Using 2 workers of 2 for marking
[3438.827s][info][gc,marking     ] GC(783) Concurrent Mark From Roots 688.501ms
[3438.827s][info][gc,marking     ] GC(783) Concurrent Preclean
[3438.827s][info][gc,marking     ] GC(783) Concurrent Preclean 0.090ms
[3438.828s][info][gc,start       ] GC(783) Pause Remark
[3438.832s][info][gc             ] GC(783) Pause Remark 2049M->2049M(4096M) 3.894ms
[3438.832s][info][gc,cpu         ] GC(783) User=0.02s Sys=0.00s Real=0.00s
[3438.832s][info][gc,marking     ] GC(783) Concurrent Mark 693.322ms
[3438.832s][info][gc,marking     ] GC(783) Concurrent Rebuild Remembered Sets and Scrub Regions
[3439.071s][info][gc,marking     ] GC(783) Concurrent Rebuild Remembered Sets and Scrub Regions 239.278ms
[3439.071s][info][gc,start       ] GC(783) Pause Cleanup
[3439.072s][info][gc             ] GC(783) Pause Cleanup 2211M->2211M(4096M) 0.111ms
[3439.072s][info][gc,cpu         ] GC(783) User=0.00s Sys=0.00s Real=0.00s
[3439.072s][info][gc,marking     ] GC(783) Concurrent Clear Claimed Marks
[3439.072s][info][gc,marking     ] GC(783) Concurrent Clear Claimed Marks 0.038ms
[3439.072s][info][gc,marking     ] GC(783) Concurrent Cleanup for Next Mark
[3439.076s][info][gc,marking     ] GC(783) Concurrent Cleanup for Next Mark 3.742ms
[3439.076s][info][gc             ] GC(783) Concurrent Mark Cycle 1074.211ms
..[3441.027s][info][gc,start       ] GC(784) Pause Young (Prepare Mixed) (G1 Evacuation Pause)
[3441.027s][info][gc,task        ] GC(784) Using 6 workers of 6 for evacuation
[3441.148s][info][gc,phases      ] GC(784)   Pre Evacuate Collection Set: 0.35ms
[3441.148s][info][gc,phases      ] GC(784)   Merge Heap Roots: 0.55ms
[3441.148s][info][gc,phases      ] GC(784)   Evacuate Collection Set: 117.63ms
[3441.148s][info][gc,phases      ] GC(784)   Post Evacuate Collection Set: 0.91ms
[3441.148s][info][gc,phases      ] GC(784)   Other: 0.95ms
[3441.148s][info][gc,heap        ] GC(784) Eden regions: 1119->0(1106)
[3441.148s][info][gc,heap        ] GC(784) Survivor regions: 109->111(154)
[3441.148s][info][gc,heap        ] GC(784) Old regions: 505->537
[3441.148s][info][gc,heap        ] GC(784) Humongous regions: 80->80
[3441.148s][info][gc,metaspace   ] GC(784) Metaspace: 28873K(29248K)->28873K(29248K) NonClass: 24006K(24192K)->24006K(24192K) Class: 4867K(5056K)->4867K(5056K)
[3441.148s][info][gc             ] GC(784) Pause Young (Prepare Mixed) (G1 Evacuation Pause) 3623M->1453M(4096M) 120.530ms
[3441.148s][info][gc,cpu         ] GC(784) User=0.70s Sys=0.00s Real=0.12s
...[3444.145s][info][gc,start       ] GC(785) Pause Young (Mixed) (G1 Evacuation Pause)
[3444.145s][info][gc,task        ] GC(785) Using 6 workers of 6 for evacuation
[3444.279s][info][gc,phases      ] GC(785)   Pre Evacuate Collection Set: 0.37ms
[3444.279s][info][gc,phases      ] GC(785)   Merge Heap Roots: 0.63ms
[3444.279s][info][gc,phases      ] GC(785)   Evacuate Collection Set: 131.46ms
[3444.279s][info][gc,phases      ] GC(785)   Post Evacuate Collection Set: 0.95ms
[3444.279s][info][gc,phases      ] GC(785)   Other: 0.09ms
[3444.279s][info][gc,heap        ] GC(785) Eden regions: 1106->0(1119)
[3444.279s][info][gc,heap        ] GC(785) Survivor regions: 111->109(153)
[3444.279s][info][gc,heap        ] GC(785) Old regions: 537->472
[3444.279s][info][gc,heap        ] GC(785) Humongous regions: 80->80
[3444.279s][info][gc,metaspace   ] GC(785) Metaspace: 28873K(29248K)->28873K(29248K) NonClass: 24006K(24192K)->24006K(24192K) Class: 4867K(5056K)->4867K(5056K)
[3444.279s][info][gc             ] GC(785) Pause Young (Mixed) (G1 Evacuation Pause) 3665M->1321M(4096M) 133.638ms
[3444.279s][info][gc,cpu         ] GC(785) User=0.79s Sys=0.00s Real=0.14s
....[3447.336s][info][gc,start       ] GC(786) Pause Young (Concurrent Start) (G1 Evacuation Pause)
[3447.336s][info][gc,task        ] GC(786) Using 6 workers of 6 for evacuation
[3447.453s][info][gc,phases      ] GC(786)   Pre Evacuate Collection Set: 0.39ms
[3447.454s][info][gc,phases      ] GC(786)   Merge Heap Roots: 0.47ms
[3447.454s][info][gc,phases      ] GC(786)   Evacuate Collection Set: 115.61ms
[3447.454s][info][gc,phases      ] GC(786)   Post Evacuate Collection Set: 0.88ms
[3447.454s][info][gc,phases      ] GC(786)   Other: 0.13ms
[3447.454s][info][gc,heap        ] GC(786) Eden regions: 1119->0(1117)
[3447.454s][info][gc,heap        ] GC(786) Survivor regions: 109->111(154)
[3447.454s][info][gc,heap        ] GC(786) Old regions: 472->504
[3447.454s][info][gc,heap        ] GC(786) Humongous regions: 80->80
[3447.454s][info][gc,metaspace   ] GC(786) Metaspace: 28875K(29248K)->28875K(29248K) NonClass: 24008K(24192K)->24008K(24192K) Class: 4867K(5056K)->4867K(5056K)
[3447.454s][info][gc             ] GC(786) Pause Young (Concurrent Start) (G1 Evacuation Pause) 3559M->1387M(4096M) 117.621ms
[3447.454s][info][gc             ] GC(787) Concurrent Mark Cycle
[3447.454s][info][gc,marking     ] GC(787) Concurrent Scan Root Regions
[3447.454s][info][gc,cpu         ] GC(786) User=0.70s Sys=0.00s Real=0.12s
[3447.595s][info][gc,marking     ] GC(787) Concurrent Scan Root Regions 140.937ms
[3447.595s][info][gc,marking     ] GC(787) Concurrent Mark
[3447.595s][info][gc,marking     ] GC(787) Concurrent Mark From Roots
[3447.595s][info][gc,task        ] GC(787) Using 2 workers of 2 for marking
.[3448.290s][info][gc,marking     ] GC(787) Concurrent Mark From Roots 695.670ms
[3448.290s][info][gc,marking     ] GC(787) Concurrent Preclean
[3448.290s][info][gc,marking     ] GC(787) Concurrent Preclean 0.082ms
[3448.291s][info][gc,start       ] GC(787) Pause Remark
[3448.295s][info][gc             ] GC(787) Pause Remark 2071M->2071M(4096M) 4.504ms
[3448.295s][info][gc,cpu         ] GC(787) User=0.02s Sys=0.00s Real=0.00s
[3448.295s][info][gc,marking     ] GC(787) Concurrent Mark 700.592ms
[3448.295s][info][gc,marking     ] GC(787) Concurrent Rebuild Remembered Sets and Scrub Regions
[3448.558s][info][gc,marking     ] GC(787) Concurrent Rebuild Remembered Sets and Scrub Regions 262.756ms
[3448.559s][info][gc,start       ] GC(787) Pause Cleanup
[3448.559s][info][gc             ] GC(787) Pause Cleanup 2280M->2280M(4096M) 0.122ms
[3448.559s][info][gc,cpu         ] GC(787) User=0.00s Sys=0.00s Real=0.00s
[3448.559s][info][gc,marking     ] GC(787) Concurrent Clear Claimed Marks
[3448.559s][info][gc,marking     ] GC(787) Concurrent Clear Claimed Marks 0.024ms
[3448.559s][info][gc,marking     ] GC(787) Concurrent Cleanup for Next Mark
[3448.563s][info][gc,marking     ] GC(787) Concurrent Cleanup for Next Mark 4.101ms
[3448.563s][info][gc             ] GC(787) Concurrent Mark Cycle 1109.361ms
..[3450.484s][info][gc,start       ] GC(788) Pause Young (Prepare Mixed) (G1 Evacuation Pause)
[3450.484s][info][gc,task        ] GC(788) Using 6 workers of 6 for evacuation
[3450.601s][info][gc,phases      ] GC(788)   Pre Evacuate Collection Set: 0.34ms
[3450.601s][info][gc,phases      ] GC(788)   Merge Heap Roots: 0.46ms
[3450.601s][info][gc,phases      ] GC(788)   Evacuate Collection Set: 115.83ms
[3450.601s][info][gc,phases      ] GC(788)   Post Evacuate Collection Set: 0.97ms
[3450.601s][info][gc,phases      ] GC(788)   Other: 0.08ms
[3450.601s][info][gc,heap        ] GC(788) Eden regions: 1117->0(1110)
[3450.601s][info][gc,heap        ] GC(788) Survivor regions: 111->110(154)
[3450.601s][info][gc,heap        ] GC(788) Old regions: 504->535
[3450.601s][info][gc,heap        ] GC(788) Humongous regions: 80->80
[3450.601s][info][gc,metaspace   ] GC(788) Metaspace: 28875K(29248K)->28875K(29248K) NonClass: 24008K(24192K)->24008K(24192K) Class: 4867K(5056K)->4867K(5056K)
[3450.601s][info][gc             ] GC(788) Pause Young (Prepare Mixed) (G1 Evacuation Pause) 3621M->1449M(4096M) 117.813ms
[3450.601s][info][gc,cpu         ] GC(788) User=0.69s Sys=0.00s Real=0.12s
...[3453.651s][info][gc,start       ] GC(789) Pause Young (Mixed) (G1 Evacuation Pause)
[3453.651s][info][gc,task        ] GC(789) Using 6 workers of 6 for evacuation
[3453.788s][info][gc,phases      ] GC(789)   Pre Evacuate Collection Set: 0.38ms
[3453.788s][info][gc,phases      ] GC(789)   Merge Heap Roots: 0.71ms
[3453.788s][info][gc,phases      ] GC(789)   Evacuate Collection Set: 134.06ms
[3453.788s][info][gc,phases      ] GC(789)   Post Evacuate Collection Set: 0.95ms
[3453.788s][info][gc,phases      ] GC(789)   Other: 0.08ms
[3453.788s][info][gc,heap        ] GC(789) Eden regions: 1110->0(1120)
[3453.788s][info][gc,heap        ] GC(789) Survivor regions: 110->108(153)
[3453.788s][info][gc,heap        ] GC(789) Old regions: 535->472
[3453.788s][info][gc,heap        ] GC(789) Humongous regions: 80->80
[3453.788s][info][gc,metaspace   ] GC(789) Metaspace: 28875K(29248K)->28875K(29248K) NonClass: 24008K(24192K)->24008K(24192K) Class: 4867K(5056K)->4867K(5056K)
[3453.788s][info][gc             ] GC(789) Pause Young (Mixed) (G1 Evacuation Pause) 3669M->1319M(4096M) 136.318ms
[3453.788s][info][gc,cpu         ] GC(789) User=0.81s Sys=0.00s Real=0.14s
...[3456.810s][info][gc,start       ] GC(790) Pause Young (Concurrent Start) (G1 Evacuation Pause)
[3456.810s][info][gc,task        ] GC(790) Using 6 workers of 6 for evacuation
[3456.928s][info][gc,phases      ] GC(790)   Pre Evacuate Collection Set: 0.38ms
[3456.928s][info][gc,phases      ] GC(790)   Merge Heap Roots: 0.44ms
[3456.928s][info][gc,phases      ] GC(790)   Evacuate Collection Set: 116.19ms
[3456.928s][info][gc,phases      ] GC(790)   Post Evacuate Collection Set: 0.90ms
[3456.928s][info][gc,phases      ] GC(790)   Other: 0.11ms
[3456.928s][info][gc,heap        ] GC(790) Eden regions: 1120->0(1118)
[3456.928s][info][gc,heap        ] GC(790) Survivor regions: 108->110(154)
[3456.928s][info][gc,heap        ] GC(790) Old regions: 472->505
[3456.928s][info][gc,heap        ] GC(790) Humongous regions: 80->80
[3456.928s][info][gc,metaspace   ] GC(790) Metaspace: 28875K(29248K)->28875K(29248K) NonClass: 24008K(24192K)->24008K(24192K) Class: 4867K(5056K)->4867K(5056K)
[3456.928s][info][gc             ] GC(790) Pause Young (Concurrent Start) (G1 Evacuation Pause) 3559M->1387M(4096M) 118.152ms
[3456.928s][info][gc             ] GC(791) Concurrent Mark Cycle
[3456.928s][info][gc,marking     ] GC(791) Concurrent Scan Root Regions
[3456.928s][info][gc,cpu         ] GC(790) User=0.70s Sys=0.00s Real=0.12s
[3457.106s][info][gc,marking     ] GC(791) Concurrent Scan Root Regions 177.831ms
[3457.106s][info][gc,marking     ] GC(791) Concurrent Mark
[3457.106s][info][gc,marking     ] GC(791) Concurrent Mark From Roots
[3457.106s][info][gc,task        ] GC(791) Using 2 workers of 2 for marking
.[3458.095s][info][gc,marking     ] GC(791) Concurrent Mark From Roots 989.390ms
[3458.095s][info][gc,marking     ] GC(791) Concurrent Preclean
[3458.095s][info][gc,marking     ] GC(791) Concurrent Preclean 0.096ms
[3458.095s][info][gc,start       ] GC(791) Pause Remark
[3458.100s][info][gc             ] GC(791) Pause Remark 2301M->2301M(4096M) 4.748ms
[3458.100s][info][gc,cpu         ] GC(791) User=0.02s Sys=0.00s Real=0.01s
[3458.100s][info][gc,marking     ] GC(791) Concurrent Mark 994.516ms
[3458.100s][info][gc,marking     ] GC(791) Concurrent Rebuild Remembered Sets and Scrub Regions
[3458.389s][info][gc,marking     ] GC(791) Concurrent Rebuild Remembered Sets and Scrub Regions 288.477ms
[3458.391s][info][gc,start       ] GC(791) Pause Cleanup
[3458.391s][info][gc             ] GC(791) Pause Cleanup 2497M->2497M(4096M) 0.138ms
[3458.391s][info][gc,cpu         ] GC(791) User=0.00s Sys=0.00s Real=0.00s
[3458.391s][info][gc,marking     ] GC(791) Concurrent Clear Claimed Marks
[3458.391s][info][gc,marking     ] GC(791) Concurrent Clear Claimed Marks 0.039ms
[3458.391s][info][gc,marking     ] GC(791) Concurrent Cleanup for Next Mark
[3458.395s][info][gc,marking     ] GC(791) Concurrent Cleanup for Next Mark 4.475ms
[3458.395s][info][gc             ] GC(791) Concurrent Mark Cycle 1467.636ms
..[3459.914s][info][gc,start       ] GC(792) Pause Young (Prepare Mixed) (G1 Evacuation Pause)
[3459.914s][info][gc,task        ] GC(792) Using 6 workers of 6 for evacuation
[3460.032s][info][gc,phases      ] GC(792)   Pre Evacuate Collection Set: 0.32ms
[3460.032s][info][gc,phases      ] GC(792)   Merge Heap Roots: 0.49ms
[3460.032s][info][gc,phases      ] GC(792)   Evacuate Collection Set: 116.30ms
[3460.032s][info][gc,phases      ] GC(792)   Post Evacuate Collection Set: 0.94ms
[3460.032s][info][gc,phases      ] GC(792)   Other: 0.08ms
[3460.032s][info][gc,heap        ] GC(792) Eden regions: 1118->0(1110)
[3460.032s][info][gc,heap        ] GC(792) Survivor regions: 110->109(154)
[3460.032s][info][gc,heap        ] GC(792) Old regions: 505->537
[3460.032s][info][gc,heap        ] GC(792) Humongous regions: 80->80
[3460.032s][info][gc,metaspace   ] GC(792) Metaspace: 28875K(29248K)->28875K(29248K) NonClass: 24008K(24192K)->24008K(24192K) Class: 4867K(5056K)->4867K(5056K)
[3460.032s][info][gc             ] GC(792) Pause Young (Prepare Mixed) (G1 Evacuation Pause) 3623M->1450M(4096M) 118.278ms
[3460.032s][info][gc,cpu         ] GC(792) User=0.70s Sys=0.00s Real=0.12s
...[3463.100s][info][gc,start       ] GC(793) Pause Young (Mixed) (G1 Evacuation Pause)
[3463.100s][info][gc,task        ] GC(793) Using 6 workers of 6 for evacuation
[3463.235s][info][gc,phases      ] GC(793)   Pre Evacuate Collection Set: 0.37ms
[3463.235s][info][gc,phases      ] GC(793)   Merge Heap Roots: 0.71ms
[3463.235s][info][gc,phases      ] GC(793)   Evacuate Collection Set: 132.69ms
[3463.235s][info][gc,phases      ] GC(793)   Post Evacuate Collection Set: 0.99ms
[3463.235s][info][gc,phases      ] GC(793)   Other: 0.09ms
[3463.235s][info][gc,heap        ] GC(793) Eden regions: 1110->0(1119)
[3463.235s][info][gc,heap        ] GC(793) Survivor regions: 109->109(153)
[3463.235s][info][gc,heap        ] GC(793) Old regions: 537->475
[3463.235s][info][gc,heap        ] GC(793) Humongous regions: 80->80
[3463.235s][info][gc,metaspace   ] GC(793) Metaspace: 28875K(29248K)->28875K(29248K) NonClass: 24008K(24192K)->24008K(24192K) Class: 4867K(5056K)->4867K(5056K)
[3463.235s][info][gc             ] GC(793) Pause Young (Mixed) (G1 Evacuation Pause) 3670M->1325M(4096M) 134.982ms
[3463.235s][info][gc,cpu         ] GC(793) User=0.79s Sys=0.00s Real=0.13s
...[3466.250s][info][gc,start       ] GC(794) Pause Young (Concurrent Start) (G1 Evacuation Pause)
[3466.250s][info][gc,task        ] GC(794) Using 6 workers of 6 for evacuation
[3466.371s][info][gc,phases      ] GC(794)   Pre Evacuate Collection Set: 0.36ms
[3466.371s][info][gc,phases      ] GC(794)   Merge Heap Roots: 0.43ms
[3466.371s][info][gc,phases      ] GC(794)   Evacuate Collection Set: 118.50ms
[3466.371s][info][gc,phases      ] GC(794)   Post Evacuate Collection Set: 0.87ms
[3466.371s][info][gc,phases      ] GC(794)   Other: 0.12ms
[3466.371s][info][gc,heap        ] GC(794) Eden regions: 1119->0(1115)
[3466.371s][info][gc,heap        ] GC(794) Survivor regions: 109->113(154)
[3466.371s][info][gc,heap        ] GC(794) Old regions: 475->506
[3466.371s][info][gc,heap        ] GC(794) Humongous regions: 80->80
[3466.371s][info][gc,metaspace   ] GC(794) Metaspace: 28875K(29248K)->28875K(29248K) NonClass: 24008K(24192K)->24008K(24192K) Class: 4867K(5056K)->4867K(5056K)
[3466.371s][info][gc             ] GC(794) Pause Young (Concurrent Start) (G1 Evacuation Pause) 3563M->1395M(4096M) 120.412ms
[3466.371s][info][gc             ] GC(795) Concurrent Mark Cycle
[3466.371s][info][gc,marking     ] GC(795) Concurrent Scan Root Regions
[3466.371s][info][gc,cpu         ] GC(794) User=0.72s Sys=0.00s Real=0.12s
.[3466.511s][info][gc,marking     ] GC(795) Concurrent Scan Root Regions 139.827ms
[3466.511s][info][gc,marking     ] GC(795) Concurrent Mark
[3466.511s][info][gc,marking     ] GC(795) Concurrent Mark From Roots
[3466.511s][info][gc,task        ] GC(795) Using 2 workers of 2 for marking
[3467.164s][info][gc,marking     ] GC(795) Concurrent Mark From Roots 653.342ms
[3467.164s][info][gc,marking     ] GC(795) Concurrent Preclean
[3467.164s][info][gc,marking     ] GC(795) Concurrent Preclean 0.122ms
[3467.164s][info][gc,start       ] GC(795) Pause Remark
[3467.169s][info][gc             ] GC(795) Pause Remark 1991M->1991M(4096M) 4.700ms
[3467.169s][info][gc,cpu         ] GC(795) User=0.02s Sys=0.00s Real=0.01s
[3467.169s][info][gc,marking     ] GC(795) Concurrent Mark 658.453ms
[3467.169s][info][gc,marking     ] GC(795) Concurrent Rebuild Remembered Sets and Scrub Regions
[3467.383s][info][gc,marking     ] GC(795) Concurrent Rebuild Remembered Sets and Scrub Regions 213.468ms
[3467.384s][info][gc,start       ] GC(795) Pause Cleanup
[3467.384s][info][gc             ] GC(795) Pause Cleanup 2165M->2165M(4096M) 0.127ms
[3467.384s][info][gc,cpu         ] GC(795) User=0.00s Sys=0.00s Real=0.00s
[3467.384s][info][gc,marking     ] GC(795) Concurrent Clear Claimed Marks
[3467.384s][info][gc,marking     ] GC(795) Concurrent Clear Claimed Marks 0.028ms
[3467.384s][info][gc,marking     ] GC(795) Concurrent Cleanup for Next Mark
[3467.389s][info][gc,marking     ] GC(795) Concurrent Cleanup for Next Mark 4.821ms
[3467.389s][info][gc             ] GC(795) Concurrent Mark Cycle 1018.694ms
..[3469.414s][info][gc,start       ] GC(796) Pause Young (Prepare Mixed) (G1 Evacuation Pause)
[3469.414s][info][gc,task        ] GC(796) Using 6 workers of 6 for evacuation
[3469.529s][info][gc,phases      ] GC(796)   Pre Evacuate Collection Set: 0.32ms
[3469.529s][info][gc,phases      ] GC(796)   Merge Heap Roots: 0.48ms
[3469.529s][info][gc,phases      ] GC(796)   Evacuate Collection Set: 113.07ms
[3469.529s][info][gc,phases      ] GC(796)   Post Evacuate Collection Set: 0.93ms
[3469.529s][info][gc,phases      ] GC(796)   Other: 0.09ms
[3469.529s][info][gc,heap        ] GC(796) Eden regions: 1115->0(1112)
[3469.529s][info][gc,heap        ] GC(796) Survivor regions: 113->108(154)
[3469.529s][info][gc,heap        ] GC(796) Old regions: 506->537
[3469.529s][info][gc,heap        ] GC(796) Humongous regions: 80->80
[3469.529s][info][gc,metaspace   ] GC(796) Metaspace: 28875K(29248K)->28875K(29248K) NonClass: 24008K(24192K)->24008K(24192K) Class: 4867K(5056K)->4867K(5056K)
[3469.529s][info][gc             ] GC(796) Pause Young (Prepare Mixed) (G1 Evacuation Pause) 3625M->1448M(4096M) 115.020ms
[3469.529s][info][gc,cpu         ] GC(796) User=0.68s Sys=0.00s Real=0.12s
...[3472.554s][info][gc,start       ] GC(797) Pause Young (Mixed) (G1 Evacuation Pause)
[3472.555s][info][gc,task        ] GC(797) Using 6 workers of 6 for evacuation
[3472.695s][info][gc,phases      ] GC(797)   Pre Evacuate Collection Set: 0.35ms
[3472.695s][info][gc,phases      ] GC(797)   Merge Heap Roots: 0.69ms
[3472.695s][info][gc,phases      ] GC(797)   Evacuate Collection Set: 138.16ms
[3472.695s][info][gc,phases      ] GC(797)   Post Evacuate Collection Set: 0.95ms
[3472.695s][info][gc,phases      ] GC(797)   Other: 0.09ms
[3472.695s][info][gc,heap        ] GC(797) Eden regions: 1112->0(1116)
[3472.695s][info][gc,heap        ] GC(797) Survivor regions: 108->112(153)
[3472.695s][info][gc,heap        ] GC(797) Old regions: 537->472
[3472.695s][info][gc,heap        ] GC(797) Humongous regions: 80->80
[3472.695s][info][gc,metaspace   ] GC(797) Metaspace: 28875K(29248K)->28875K(29248K) NonClass: 24008K(24192K)->24008K(24192K) Class: 4867K(5056K)->4867K(5056K)
[3472.695s][info][gc             ] GC(797) Pause Young (Mixed) (G1 Evacuation Pause) 3672M->1327M(4096M) 140.371ms
[3472.695s][info][gc,cpu         ] GC(797) User=0.83s Sys=0.00s Real=0.14s
....[3475.719s][info][gc,start       ] GC(798) Pause Young (Concurrent Start) (G1 Evacuation Pause)
[3475.719s][info][gc,task        ] GC(798) Using 6 workers of 6 for evacuation
[3475.837s][info][gc,phases      ] GC(798)   Pre Evacuate Collection Set: 0.34ms
[3475.837s][info][gc,phases      ] GC(798)   Merge Heap Roots: 0.44ms
[3475.837s][info][gc,phases      ] GC(798)   Evacuate Collection Set: 116.90ms
[3475.837s][info][gc,phases      ] GC(798)   Post Evacuate Collection Set: 0.72ms
[3475.837s][info][gc,phases      ] GC(798)   Other: 0.10ms
[3475.837s][info][gc,heap        ] GC(798) Eden regions: 1116->0(1117)
[3475.837s][info][gc,heap        ] GC(798) Survivor regions: 112->111(154)
[3475.837s][info][gc,heap        ] GC(798) Old regions: 472->504
[3475.837s][info][gc,heap        ] GC(798) Humongous regions: 80->80
[3475.837s][info][gc,metaspace   ] GC(798) Metaspace: 28875K(29248K)->28875K(29248K) NonClass: 24008K(24192K)->24008K(24192K) Class: 4867K(5056K)->4867K(5056K)
[3475.837s][info][gc             ] GC(798) Pause Young (Concurrent Start) (G1 Evacuation Pause) 3559M->1389M(4096M) 118.645ms
[3475.837s][info][gc             ] GC(799) Concurrent Mark Cycle
[3475.837s][info][gc,marking     ] GC(799) Concurrent Scan Root Regions
[3475.837s][info][gc,cpu         ] GC(798) User=0.70s Sys=0.00s Real=0.12s
[3475.977s][info][gc,marking     ] GC(799) Concurrent Scan Root Regions 139.906ms
[3475.977s][info][gc,marking     ] GC(799) Concurrent Mark
[3475.977s][info][gc,marking     ] GC(799) Concurrent Mark From Roots
[3475.977s][info][gc,task        ] GC(799) Using 2 workers of 2 for marking
[3476.673s][info][gc,marking     ] GC(799) Concurrent Mark From Roots 695.926ms
[3476.674s][info][gc,marking     ] GC(799) Concurrent Preclean
[3476.674s][info][gc,marking     ] GC(799) Concurrent Preclean 0.091ms
[3476.674s][info][gc,start       ] GC(799) Pause Remark
[3476.678s][info][gc             ] GC(799) Pause Remark 2037M->2037M(4096M) 3.671ms
[3476.678s][info][gc,cpu         ] GC(799) User=0.02s Sys=0.00s Real=0.01s
[3476.678s][info][gc,marking     ] GC(799) Concurrent Mark 700.735ms
[3476.678s][info][gc,marking     ] GC(799) Concurrent Rebuild Remembered Sets and Scrub Regions
.[3476.973s][info][gc,marking     ] GC(799) Concurrent Rebuild Remembered Sets and Scrub Regions 294.783ms
[3476.973s][info][gc,start       ] GC(799) Pause Cleanup
[3476.973s][info][gc             ] GC(799) Pause Cleanup 2251M->2251M(4096M) 0.104ms
[3476.973s][info][gc,cpu         ] GC(799) User=0.00s Sys=0.00s Real=0.00s
[3476.973s][info][gc,marking     ] GC(799) Concurrent Clear Claimed Marks
[3476.973s][info][gc,marking     ] GC(799) Concurrent Clear Claimed Marks 0.020ms
[3476.973s][info][gc,marking     ] GC(799) Concurrent Cleanup for Next Mark
[3476.978s][info][gc,marking     ] GC(799) Concurrent Cleanup for Next Mark 4.533ms
[3476.978s][info][gc             ] GC(799) Concurrent Mark Cycle 1140.431ms
..[3478.891s][info][gc,start       ] GC(800) Pause Young (Prepare Mixed) (G1 Evacuation Pause)
[3478.891s][info][gc,task        ] GC(800) Using 6 workers of 6 for evacuation
[3479.008s][info][gc,phases      ] GC(800)   Pre Evacuate Collection Set: 0.35ms
[3479.008s][info][gc,phases      ] GC(800)   Merge Heap Roots: 0.47ms
[3479.008s][info][gc,phases      ] GC(800)   Evacuate Collection Set: 114.66ms
[3479.008s][info][gc,phases      ] GC(800)   Post Evacuate Collection Set: 0.92ms
[3479.008s][info][gc,phases      ] GC(800)   Other: 0.08ms
[3479.008s][info][gc,heap        ] GC(800) Eden regions: 1117->0(1111)
[3479.008s][info][gc,heap        ] GC(800) Survivor regions: 111->109(154)
[3479.008s][info][gc,heap        ] GC(800) Old regions: 504->536
[3479.008s][info][gc,heap        ] GC(800) Humongous regions: 80->80
[3479.008s][info][gc,metaspace   ] GC(800) Metaspace: 28875K(29248K)->28875K(29248K) NonClass: 24008K(24192K)->24008K(24192K) Class: 4867K(5056K)->4867K(5056K)
[3479.008s][info][gc             ] GC(800) Pause Young (Prepare Mixed) (G1 Evacuation Pause) 3623M->1449M(4096M) 116.614ms
[3479.008s][info][gc,cpu         ] GC(800) User=0.69s Sys=0.00s Real=0.12s
...[3482.010s][info][gc,start       ] GC(801) Pause Young (Mixed) (G1 Evacuation Pause)
[3482.010s][info][gc,task        ] GC(801) Using 6 workers of 6 for evacuation
[3482.145s][info][gc,phases      ] GC(801)   Pre Evacuate Collection Set: 0.39ms
[3482.145s][info][gc,phases      ] GC(801)   Merge Heap Roots: 0.65ms
[3482.145s][info][gc,phases      ] GC(801)   Evacuate Collection Set: 133.06ms
[3482.145s][info][gc,phases      ] GC(801)   Post Evacuate Collection Set: 0.94ms
[3482.145s][info][gc,phases      ] GC(801)   Other: 0.09ms
[3482.145s][info][gc,heap        ] GC(801) Eden regions: 1111->0(1117)
[3482.145s][info][gc,heap        ] GC(801) Survivor regions: 109->111(153)
[3482.145s][info][gc,heap        ] GC(801) Old regions: 536->474
[3482.145s][info][gc,heap        ] GC(801) Humongous regions: 80->80
[3482.145s][info][gc,metaspace   ] GC(801) Metaspace: 28875K(29248K)->28875K(29248K) NonClass: 24008K(24192K)->24008K(24192K) Class: 4867K(5056K)->4867K(5056K)
[3482.145s][info][gc             ] GC(801) Pause Young (Mixed) (G1 Evacuation Pause) 3671M->1327M(4096M) 135.272ms
[3482.145s][info][gc,cpu         ] GC(801) User=0.80s Sys=0.00s Real=0.13s
...[3485.233s][info][gc,start       ] GC(802) Pause Young (Concurrent Start) (G1 Evacuation Pause)
[3485.233s][info][gc,task        ] GC(802) Using 6 workers of 6 for evacuation
[3485.351s][info][gc,phases      ] GC(802)   Pre Evacuate Collection Set: 0.37ms
[3485.351s][info][gc,phases      ] GC(802)   Merge Heap Roots: 0.45ms
[3485.351s][info][gc,phases      ] GC(802)   Evacuate Collection Set: 116.37ms
[3485.351s][info][gc,phases      ] GC(802)   Post Evacuate Collection Set: 0.88ms
[3485.351s][info][gc,phases      ] GC(802)   Other: 0.11ms
[3485.351s][info][gc,heap        ] GC(802) Eden regions: 1117->0(1117)
[3485.351s][info][gc,heap        ] GC(802) Survivor regions: 111->111(154)
[3485.351s][info][gc,heap        ] GC(802) Old regions: 474->506
[3485.351s][info][gc,heap        ] GC(802) Humongous regions: 80->80
[3485.351s][info][gc,metaspace   ] GC(802) Metaspace: 28875K(29248K)->28875K(29248K) NonClass: 24008K(24192K)->24008K(24192K) Class: 4867K(5056K)->4867K(5056K)
[3485.351s][info][gc             ] GC(802) Pause Young (Concurrent Start) (G1 Evacuation Pause) 3561M->1392M(4096M) 118.309ms
[3485.351s][info][gc             ] GC(803) Concurrent Mark Cycle
[3485.351s][info][gc,marking     ] GC(803) Concurrent Scan Root Regions
[3485.351s][info][gc,cpu         ] GC(802) User=0.70s Sys=0.00s Real=0.12s
[3485.532s][info][gc,marking     ] GC(803) Concurrent Scan Root Regions 180.195ms
[3485.532s][info][gc,marking     ] GC(803) Concurrent Mark
[3485.532s][info][gc,marking     ] GC(803) Concurrent Mark From Roots
[3485.532s][info][gc,task        ] GC(803) Using 2 workers of 2 for marking
.[3486.532s][info][gc,marking     ] GC(803) Concurrent Mark From Roots 1000.174ms
[3486.532s][info][gc,marking     ] GC(803) Concurrent Preclean
[3486.532s][info][gc,marking     ] GC(803) Concurrent Preclean 0.097ms
[3486.532s][info][gc,start       ] GC(803) Pause Remark
[3486.537s][info][gc             ] GC(803) Pause Remark 2339M->2339M(4096M) 5.353ms
[3486.537s][info][gc,cpu         ] GC(803) User=0.03s Sys=0.00s Real=0.01s
[3486.537s][info][gc,marking     ] GC(803) Concurrent Mark 1005.878ms
[3486.537s][info][gc,marking     ] GC(803) Concurrent Rebuild Remembered Sets and Scrub Regions
.[3486.938s][info][gc,marking     ] GC(803) Concurrent Rebuild Remembered Sets and Scrub Regions 400.235ms
[3486.938s][info][gc,start       ] GC(803) Pause Cleanup
[3486.938s][info][gc             ] GC(803) Pause Cleanup 2649M->2649M(4096M) 0.103ms
[3486.938s][info][gc,cpu         ] GC(803) User=0.00s Sys=0.00s Real=0.00s
[3486.938s][info][gc,marking     ] GC(803) Concurrent Clear Claimed Marks
[3486.938s][info][gc,marking     ] GC(803) Concurrent Clear Claimed Marks 0.020ms
[3486.938s][info][gc,marking     ] GC(803) Concurrent Cleanup for Next Mark
[3486.942s][info][gc,marking     ] GC(803) Concurrent Cleanup for Next Mark 3.716ms
[3486.942s][info][gc             ] GC(803) Concurrent Mark Cycle 1590.465ms
.[3488.357s][info][gc,start       ] GC(804) Pause Young (Prepare Mixed) (G1 Evacuation Pause)
[3488.357s][info][gc,task        ] GC(804) Using 6 workers of 6 for evacuation
[3488.476s][info][gc,phases      ] GC(804)   Pre Evacuate Collection Set: 0.31ms
[3488.476s][info][gc,phases      ] GC(804)   Merge Heap Roots: 0.51ms
[3488.476s][info][gc,phases      ] GC(804)   Evacuate Collection Set: 117.05ms
[3488.476s][info][gc,phases      ] GC(804)   Post Evacuate Collection Set: 0.92ms
[3488.476s][info][gc,phases      ] GC(804)   Other: 0.08ms
[3488.476s][info][gc,heap        ] GC(804) Eden regions: 1117->0(1105)
[3488.476s][info][gc,heap        ] GC(804) Survivor regions: 111->111(154)
[3488.476s][info][gc,heap        ] GC(804) Old regions: 506->538
[3488.476s][info][gc,heap        ] GC(804) Humongous regions: 80->80
[3488.476s][info][gc,metaspace   ] GC(804) Metaspace: 28875K(29248K)->28875K(29248K) NonClass: 24008K(24192K)->24008K(24192K) Class: 4867K(5056K)->4867K(5056K)
[3488.476s][info][gc             ] GC(804) Pause Young (Prepare Mixed) (G1 Evacuation Pause) 3626M->1455M(4096M) 119.041ms
[3488.476s][info][gc,cpu         ] GC(804) User=0.70s Sys=0.00s Real=0.11s
... (rIR:aIR:PR = 5950:5951:5951) (tPR = 88642) [OK] 
  3490s: Performance info:
         Transaction,    Success,    Partial,     Failed,   Receipts, AvgBarcode, 
             Overall,     361746,          0,          0,     343628,      59.47, 
         Response times:
             Request,    Success,    Partial,     Failed,   SkipFail,     Probes,    Samples,      min,      p50,      p90,      p95,      p99,      max, 
       TotalPurchase,     343618,          0,          0,          0,     336588,     364960,      300,     4900,    16200,    38000,    91000,   258000,
     InStorePurchase,     180912,          0,          0,          0,     177525,     192114,      300,     4900,    16400,    38000,    90000,   258000,
      OnlinePurchase,     126494,          0,          0,          0,     123954,     134613,      300,     4900,    16500,    38000,    94000,   202000,
        InstPurchase,      36212,          0,          0,          0,      35109,      38233,      400,     4400,    13900,    35000,    87000,   238000,
          AssocOfCat,        360,          0,          0,          0,        275,        404,    21000,    32000,    60500,    79750,   146950,   225000,
      AssocOfProduct,       3631,          0,          0,          0,       3436,       3949,      600,     3800,    13700,    33000,    83000,   221000,
      BusinessReport,        910,          0,          0,          0,        794,        992,    24000,    37000,    75700,    99000,   178770,   258000,
          CustBuyBeh,       3624,          0,          0,          0,       3325,       3813,      600,     5200,    23000,    42000,    91720,   171000,
       ProductReturn,       9594,          0,          0,          0,       9122,      10084,      200,     4500,    13450,    34000,    85000,   161000,

  3490s: (44%)   IR =   6088 [3491.481s][info][gc,start       ] GC(805) Pause Young (Mixed) (G1 Evacuation Pause)
[3491.481s][info][gc,task        ] GC(805) Using 6 workers of 6 for evacuation
[3491.618s][info][gc,phases      ] GC(805)   Pre Evacuate Collection Set: 0.36ms
[3491.618s][info][gc,phases      ] GC(805)   Merge Heap Roots: 0.64ms
[3491.618s][info][gc,phases      ] GC(805)   Evacuate Collection Set: 134.17ms
[3491.618s][info][gc,phases      ] GC(805)   Post Evacuate Collection Set: 1.00ms
[3491.618s][info][gc,phases      ] GC(805)   Other: 0.09ms
[3491.618s][info][gc,heap        ] GC(805) Eden regions: 1105->0(1118)
[3491.618s][info][gc,heap        ] GC(805) Survivor regions: 111->110(152)
[3491.618s][info][gc,heap        ] GC(805) Old regions: 538->474
[3491.618s][info][gc,heap        ] GC(805) Humongous regions: 80->80
[3491.618s][info][gc,metaspace   ] GC(805) Metaspace: 28875K(29248K)->28875K(29248K) NonClass: 24008K(24192K)->24008K(24192K) Class: 4867K(5056K)->4867K(5056K)
[3491.618s][info][gc             ] GC(805) Pause Young (Mixed) (G1 Evacuation Pause) 3665M->1326M(4096M) 136.388ms
[3491.618s][info][gc,cpu         ] GC(805) User=0.80s Sys=0.00s Real=0.14s
...[3494.534s][info][gc,start       ] GC(806) Pause Young (Concurrent Start) (G1 Evacuation Pause)
[3494.534s][info][gc,task        ] GC(806) Using 6 workers of 6 for evacuation
[3494.653s][info][gc,phases      ] GC(806)   Pre Evacuate Collection Set: 0.36ms
[3494.653s][info][gc,phases      ] GC(806)   Merge Heap Roots: 0.44ms
[3494.653s][info][gc,phases      ] GC(806)   Evacuate Collection Set: 117.37ms
[3494.653s][info][gc,phases      ] GC(806)   Post Evacuate Collection Set: 0.89ms
[3494.653s][info][gc,phases      ] GC(806)   Other: 0.09ms
[3494.653s][info][gc,heap        ] GC(806) Eden regions: 1118->0(1118)
[3494.653s][info][gc,heap        ] GC(806) Survivor regions: 110->110(154)
[3494.653s][info][gc,heap        ] GC(806) Old regions: 474->507
[3494.653s][info][gc,heap        ] GC(806) Humongous regions: 80->80
[3494.653s][info][gc,metaspace   ] GC(806) Metaspace: 28875K(29248K)->28875K(29248K) NonClass: 24008K(24192K)->24008K(24192K) Class: 4867K(5056K)->4867K(5056K)
[3494.653s][info][gc             ] GC(806) Pause Young (Concurrent Start) (G1 Evacuation Pause) 3562M->1392M(4096M) 119.296ms
[3494.653s][info][gc             ] GC(807) Concurrent Mark Cycle
[3494.653s][info][gc,marking     ] GC(807) Concurrent Scan Root Regions
[3494.653s][info][gc,cpu         ] GC(806) User=0.71s Sys=0.00s Real=0.12s
.[3494.866s][info][gc,marking     ] GC(807) Concurrent Scan Root Regions 212.489ms
[3494.866s][info][gc,marking     ] GC(807) Concurrent Mark
[3494.866s][info][gc,marking     ] GC(807) Concurrent Mark From Roots
[3494.866s][info][gc,task        ] GC(807) Using 2 workers of 2 for marking
[3495.699s][info][gc,marking     ] GC(807) Concurrent Mark From Roots 833.327ms
[3495.699s][info][gc,marking     ] GC(807) Concurrent Preclean
[3495.699s][info][gc,marking     ] GC(807) Concurrent Preclean 0.089ms
[3495.699s][info][gc,start       ] GC(807) Pause Remark
[3495.703s][info][gc             ] GC(807) Pause Remark 2228M->2228M(4096M) 4.284ms
[3495.704s][info][gc,cpu         ] GC(807) User=0.02s Sys=0.00s Real=0.00s
[3495.704s][info][gc,marking     ] GC(807) Concurrent Mark 837.961ms
[3495.704s][info][gc,marking     ] GC(807) Concurrent Rebuild Remembered Sets and Scrub Regions
.|[3496.065s][info][gc,marking     ] GC(807) Concurrent Rebuild Remembered Sets and Scrub Regions 361.628ms
[3496.065s][info][gc,start       ] GC(807) Pause Cleanup
[3496.065s][info][gc             ] GC(807) Pause Cleanup 2459M->2459M(4096M) 0.102ms
[3496.065s][info][gc,cpu         ] GC(807) User=0.00s Sys=0.00s Real=0.00s
[3496.065s][info][gc,marking     ] GC(807) Concurrent Clear Claimed Marks
[3496.065s][info][gc,marking     ] GC(807) Concurrent Clear Claimed Marks 0.020ms
[3496.066s][info][gc,marking     ] GC(807) Concurrent Cleanup for Next Mark
[3496.070s][info][gc,marking     ] GC(807) Concurrent Cleanup for Next Mark 4.737ms
[3496.070s][info][gc             ] GC(807) Concurrent Mark Cycle 1417.292ms
.[3497.638s][info][gc,start       ] GC(808) Pause Young (Prepare Mixed) (G1 Evacuation Pause)
[3497.638s][info][gc,task        ] GC(808) Using 6 workers of 6 for evacuation
[3497.754s][info][gc,phases      ] GC(808)   Pre Evacuate Collection Set: 0.36ms
[3497.754s][info][gc,phases      ] GC(808)   Merge Heap Roots: 0.51ms
[3497.754s][info][gc,phases      ] GC(808)   Evacuate Collection Set: 114.21ms
[3497.754s][info][gc,phases      ] GC(808)   Post Evacuate Collection Set: 0.93ms
[3497.754s][info][gc,phases      ] GC(808)   Other: 0.09ms
[3497.754s][info][gc,heap        ] GC(808) Eden regions: 1118->0(1110)
[3497.754s][info][gc,heap        ] GC(808) Survivor regions: 110->108(154)
[3497.754s][info][gc,heap        ] GC(808) Old regions: 507->539
[3497.754s][info][gc,heap        ] GC(808) Humongous regions: 80->80
[3497.754s][info][gc,metaspace   ] GC(808) Metaspace: 28875K(29248K)->28875K(29248K) NonClass: 24008K(24192K)->24008K(24192K) Class: 4867K(5056K)->4867K(5056K)
[3497.754s][info][gc             ] GC(808) Pause Young (Prepare Mixed) (G1 Evacuation Pause) 3628M->1452M(4096M) 116.232ms
[3497.754s][info][gc,cpu         ] GC(808) User=0.68s Sys=0.00s Real=0.11s
...[3500.706s][info][gc,start       ] GC(809) Pause Young (Mixed) (G1 Evacuation Pause)
[3500.706s][info][gc,task        ] GC(809) Using 6 workers of 6 for evacuation
[3500.840s][info][gc,phases      ] GC(809)   Pre Evacuate Collection Set: 0.35ms
[3500.840s][info][gc,phases      ] GC(809)   Merge Heap Roots: 0.66ms
[3500.840s][info][gc,phases      ] GC(809)   Evacuate Collection Set: 131.86ms
[3500.840s][info][gc,phases      ] GC(809)   Post Evacuate Collection Set: 0.92ms
[3500.840s][info][gc,phases      ] GC(809)   Other: 0.09ms
[3500.840s][info][gc,heap        ] GC(809) Eden regions: 1110->0(1115)
[3500.840s][info][gc,heap        ] GC(809) Survivor regions: 108->113(153)
[3500.840s][info][gc,heap        ] GC(809) Old regions: 539->473
[3500.840s][info][gc,heap        ] GC(809) Humongous regions: 80->80
[3500.840s][info][gc,metaspace   ] GC(809) Metaspace: 28875K(29248K)->28875K(29248K) NonClass: 24008K(24192K)->24008K(24192K) Class: 4867K(5056K)->4867K(5056K)
[3500.840s][info][gc             ] GC(809) Pause Young (Mixed) (G1 Evacuation Pause) 3672M->1330M(4096M) 134.021ms
[3500.840s][info][gc,cpu         ] GC(809) User=0.79s Sys=0.01s Real=0.14s
...[3503.816s][info][gc,start       ] GC(810) Pause Young (Concurrent Start) (G1 Evacuation Pause)
[3503.816s][info][gc,task        ] GC(810) Using 6 workers of 6 for evacuation
[3503.933s][info][gc,phases      ] GC(810)   Pre Evacuate Collection Set: 0.37ms
[3503.933s][info][gc,phases      ] GC(810)   Merge Heap Roots: 0.44ms
[3503.933s][info][gc,phases      ] GC(810)   Evacuate Collection Set: 115.50ms
[3503.933s][info][gc,phases      ] GC(810)   Post Evacuate Collection Set: 0.88ms
[3503.933s][info][gc,phases      ] GC(810)   Other: 0.11ms
[3503.933s][info][gc,heap        ] GC(810) Eden regions: 1115->0(1119)
[3503.933s][info][gc,heap        ] GC(810) Survivor regions: 113->109(154)
[3503.933s][info][gc,heap        ] GC(810) Old regions: 473->505
[3503.933s][info][gc,heap        ] GC(810) Humongous regions: 80->80
[3503.933s][info][gc,metaspace   ] GC(810) Metaspace: 28875K(29248K)->28875K(29248K) NonClass: 24008K(24192K)->24008K(24192K) Class: 4867K(5056K)->4867K(5056K)
[3503.933s][info][gc             ] GC(810) Pause Young (Concurrent Start) (G1 Evacuation Pause) 3560M->1386M(4096M) 117.417ms
[3503.933s][info][gc             ] GC(811) Concurrent Mark Cycle
[3503.933s][info][gc,marking     ] GC(811) Concurrent Scan Root Regions
[3503.933s][info][gc,cpu         ] GC(810) User=0.70s Sys=0.00s Real=0.12s
.[3504.111s][info][gc,marking     ] GC(811) Concurrent Scan Root Regions 178.147ms
[3504.111s][info][gc,marking     ] GC(811) Concurrent Mark
[3504.111s][info][gc,marking     ] GC(811) Concurrent Mark From Roots
[3504.111s][info][gc,task        ] GC(811) Using 2 workers of 2 for marking
.[3505.102s][info][gc,marking     ] GC(811) Concurrent Mark From Roots 990.477ms
[3505.102s][info][gc,marking     ] GC(811) Concurrent Preclean
[3505.102s][info][gc,marking     ] GC(811) Concurrent Preclean 0.108ms
[3505.102s][info][gc,start       ] GC(811) Pause Remark
[3505.107s][info][gc             ] GC(811) Pause Remark 2354M->2354M(4096M) 4.874ms
[3505.107s][info][gc,cpu         ] GC(811) User=0.02s Sys=0.00s Real=0.01s
[3505.107s][info][gc,marking     ] GC(811) Concurrent Mark 995.801ms
[3505.107s][info][gc,marking     ] GC(811) Concurrent Rebuild Remembered Sets and Scrub Regions
[3505.468s][info][gc,marking     ] GC(811) Concurrent Rebuild Remembered Sets and Scrub Regions 361.058ms
[3505.469s][info][gc,start       ] GC(811) Pause Cleanup
[3505.469s][info][gc             ] GC(811) Pause Cleanup 2612M->2612M(4096M) 0.105ms
[3505.469s][info][gc,cpu         ] GC(811) User=0.00s Sys=0.00s Real=0.00s
[3505.469s][info][gc,marking     ] GC(811) Concurrent Clear Claimed Marks
[3505.469s][info][gc,marking     ] GC(811) Concurrent Clear Claimed Marks 0.019ms
[3505.469s][info][gc,marking     ] GC(811) Concurrent Cleanup for Next Mark
[3505.472s][info][gc,marking     ] GC(811) Concurrent Cleanup for Next Mark 3.435ms
[3505.472s][info][gc             ] GC(811) Concurrent Mark Cycle 1538.898ms
.[3506.906s][info][gc,start       ] GC(812) Pause Young (Prepare Mixed) (G1 Evacuation Pause)
[3506.906s][info][gc,task        ] GC(812) Using 6 workers of 6 for evacuation
[3507.026s][info][gc,phases      ] GC(812)   Pre Evacuate Collection Set: 0.38ms
[3507.026s][info][gc,phases      ] GC(812)   Merge Heap Roots: 0.55ms
[3507.026s][info][gc,phases      ] GC(812)   Evacuate Collection Set: 116.83ms
[3507.026s][info][gc,phases      ] GC(812)   Post Evacuate Collection Set: 0.96ms
[3507.026s][info][gc,phases      ] GC(812)   Other: 0.82ms
[3507.026s][info][gc,heap        ] GC(812) Eden regions: 1119->0(1110)
[3507.026s][info][gc,heap        ] GC(812) Survivor regions: 109->109(154)
[3507.026s][info][gc,heap        ] GC(812) Old regions: 505->537
[3507.026s][info][gc,heap        ] GC(812) Humongous regions: 80->80
[3507.026s][info][gc,metaspace   ] GC(812) Metaspace: 28875K(29248K)->28875K(29248K) NonClass: 24008K(24192K)->24008K(24192K) Class: 4867K(5056K)->4867K(5056K)
[3507.026s][info][gc             ] GC(812) Pause Young (Prepare Mixed) (G1 Evacuation Pause) 3624M->1450M(4096M) 119.683ms
[3507.026s][info][gc,cpu         ] GC(812) User=0.70s Sys=0.00s Real=0.12s
...[3509.980s][info][gc,start       ] GC(813) Pause Young (Mixed) (G1 Evacuation Pause)
[3509.980s][info][gc,task        ] GC(813) Using 6 workers of 6 for evacuation
[3510.115s][info][gc,phases      ] GC(813)   Pre Evacuate Collection Set: 0.39ms
[3510.115s][info][gc,phases      ] GC(813)   Merge Heap Roots: 0.67ms
[3510.115s][info][gc,phases      ] GC(813)   Evacuate Collection Set: 132.83ms
[3510.115s][info][gc,phases      ] GC(813)   Post Evacuate Collection Set: 0.95ms
[3510.115s][info][gc,phases      ] GC(813)   Other: 0.09ms
[3510.115s][info][gc,heap        ] GC(813) Eden regions: 1110->0(1119)
[3510.115s][info][gc,heap        ] GC(813) Survivor regions: 109->109(153)
[3510.115s][info][gc,heap        ] GC(813) Old regions: 537->473
[3510.115s][info][gc,heap        ] GC(813) Humongous regions: 80->80
[3510.115s][info][gc,metaspace   ] GC(813) Metaspace: 28875K(29248K)->28875K(29248K) NonClass: 24008K(24192K)->24008K(24192K) Class: 4867K(5056K)->4867K(5056K)
[3510.115s][info][gc             ] GC(813) Pause Young (Mixed) (G1 Evacuation Pause) 3670M->1321M(4096M) 135.080ms
[3510.115s][info][gc,cpu         ] GC(813) User=0.80s Sys=0.00s Real=0.13s
...[3513.050s][info][gc,start       ] GC(814) Pause Young (Concurrent Start) (G1 Evacuation Pause)
[3513.050s][info][gc,task        ] GC(814) Using 6 workers of 6 for evacuation
[3513.169s][info][gc,phases      ] GC(814)   Pre Evacuate Collection Set: 0.40ms
[3513.169s][info][gc,phases      ] GC(814)   Merge Heap Roots: 0.45ms
[3513.169s][info][gc,phases      ] GC(814)   Evacuate Collection Set: 117.34ms
[3513.169s][info][gc,phases      ] GC(814)   Post Evacuate Collection Set: 0.87ms
[3513.169s][info][gc,phases      ] GC(814)   Other: 0.10ms
[3513.169s][info][gc,heap        ] GC(814) Eden regions: 1119->0(1117)
[3513.169s][info][gc,heap        ] GC(814) Survivor regions: 109->111(154)
[3513.169s][info][gc,heap        ] GC(814) Old regions: 473->505
[3513.169s][info][gc,heap        ] GC(814) Humongous regions: 80->80
[3513.169s][info][gc,metaspace   ] GC(814) Metaspace: 28875K(29248K)->28875K(29248K) NonClass: 24008K(24192K)->24008K(24192K) Class: 4867K(5056K)->4867K(5056K)
[3513.169s][info][gc             ] GC(814) Pause Young (Concurrent Start) (G1 Evacuation Pause) 3559M->1390M(4096M) 119.317ms
[3513.169s][info][gc             ] GC(815) Concurrent Mark Cycle
[3513.169s][info][gc,marking     ] GC(815) Concurrent Scan Root Regions
[3513.169s][info][gc,cpu         ] GC(814) User=0.70s Sys=0.00s Real=0.12s
.[3513.348s][info][gc,marking     ] GC(815) Concurrent Scan Root Regions 179.494ms
[3513.348s][info][gc,marking     ] GC(815) Concurrent Mark
[3513.348s][info][gc,marking     ] GC(815) Concurrent Mark From Roots
[3513.349s][info][gc,task        ] GC(815) Using 2 workers of 2 for marking
.[3514.297s][info][gc,marking     ] GC(815) Concurrent Mark From Roots 948.176ms
[3514.297s][info][gc,marking     ] GC(815) Concurrent Preclean
[3514.297s][info][gc,marking     ] GC(815) Concurrent Preclean 0.070ms
[3514.297s][info][gc,start       ] GC(815) Pause Remark
[3514.302s][info][gc             ] GC(815) Pause Remark 2287M->2287M(4096M) 5.214ms
[3514.302s][info][gc,cpu         ] GC(815) User=0.03s Sys=0.00s Real=0.00s
[3514.302s][info][gc,marking     ] GC(815) Concurrent Mark 953.727ms
[3514.302s][info][gc,marking     ] GC(815) Concurrent Rebuild Remembered Sets and Scrub Regions
[3514.663s][info][gc,marking     ] GC(815) Concurrent Rebuild Remembered Sets and Scrub Regions 360.559ms
[3514.663s][info][gc,start       ] GC(815) Pause Cleanup
[3514.663s][info][gc             ] GC(815) Pause Cleanup 2521M->2521M(4096M) 0.096ms
[3514.663s][info][gc,cpu         ] GC(815) User=0.00s Sys=0.00s Real=0.00s
[3514.663s][info][gc,marking     ] GC(815) Concurrent Clear Claimed Marks
[3514.663s][info][gc,marking     ] GC(815) Concurrent Clear Claimed Marks 0.033ms
[3514.663s][info][gc,marking     ] GC(815) Concurrent Cleanup for Next Mark
[3514.668s][info][gc,marking     ] GC(815) Concurrent Cleanup for Next Mark 4.800ms
[3514.668s][info][gc             ] GC(815) Concurrent Mark Cycle 1499.033ms
.[3516.152s][info][gc,start       ] GC(816) Pause Young (Prepare Mixed) (G1 Evacuation Pause)
[3516.152s][info][gc,task        ] GC(816) Using 6 workers of 6 for evacuation
[3516.273s][info][gc,phases      ] GC(816)   Pre Evacuate Collection Set: 0.34ms
[3516.273s][info][gc,phases      ] GC(816)   Merge Heap Roots: 0.50ms
[3516.273s][info][gc,phases      ] GC(816)   Evacuate Collection Set: 119.03ms
[3516.273s][info][gc,phases      ] GC(816)   Post Evacuate Collection Set: 0.94ms
[3516.273s][info][gc,phases      ] GC(816)   Other: 0.08ms
[3516.273s][info][gc,heap        ] GC(816) Eden regions: 1117->0(1104)
[3516.273s][info][gc,heap        ] GC(816) Survivor regions: 111->112(154)
[3516.273s][info][gc,heap        ] GC(816) Old regions: 505->537
[3516.273s][info][gc,heap        ] GC(816) Humongous regions: 80->80
[3516.273s][info][gc,metaspace   ] GC(816) Metaspace: 28875K(29248K)->28875K(29248K) NonClass: 24008K(24192K)->24008K(24192K) Class: 4867K(5056K)->4867K(5056K)
[3516.273s][info][gc             ] GC(816) Pause Young (Prepare Mixed) (G1 Evacuation Pause) 3624M->1455M(4096M) 121.011ms
[3516.273s][info][gc,cpu         ] GC(816) User=0.71s Sys=0.00s Real=0.12s
...[3519.179s][info][gc,start       ] GC(817) Pause Young (Mixed) (G1 Evacuation Pause)
[3519.179s][info][gc,task        ] GC(817) Using 6 workers of 6 for evacuation
[3519.313s][info][gc,phases      ] GC(817)   Pre Evacuate Collection Set: 0.37ms
[3519.313s][info][gc,phases      ] GC(817)   Merge Heap Roots: 0.66ms
[3519.313s][info][gc,phases      ] GC(817)   Evacuate Collection Set: 132.71ms
[3519.313s][info][gc,phases      ] GC(817)   Post Evacuate Collection Set: 0.94ms
[3519.313s][info][gc,phases      ] GC(817)   Other: 0.08ms
[3519.313s][info][gc,heap        ] GC(817) Eden regions: 1104->0(1118)
[3519.313s][info][gc,heap        ] GC(817) Survivor regions: 112->110(152)
[3519.313s][info][gc,heap        ] GC(817) Old regions: 537->473
[3519.313s][info][gc,heap        ] GC(817) Humongous regions: 80->80
[3519.313s][info][gc,metaspace   ] GC(817) Metaspace: 28875K(29248K)->28875K(29248K) NonClass: 24008K(24192K)->24008K(24192K) Class: 4867K(5056K)->4867K(5056K)
[3519.313s][info][gc             ] GC(817) Pause Young (Mixed) (G1 Evacuation Pause) 3663M->1325M(4096M) 134.892ms
[3519.313s][info][gc,cpu         ] GC(817) User=0.80s Sys=0.00s Real=0.13s
...[3522.265s][info][gc,start       ] GC(818) Pause Young (Concurrent Start) (G1 Evacuation Pause)
[3522.265s][info][gc,task        ] GC(818) Using 6 workers of 6 for evacuation
[3522.382s][info][gc,phases      ] GC(818)   Pre Evacuate Collection Set: 0.37ms
[3522.382s][info][gc,phases      ] GC(818)   Merge Heap Roots: 0.46ms
[3522.382s][info][gc,phases      ] GC(818)   Evacuate Collection Set: 115.19ms
[3522.382s][info][gc,phases      ] GC(818)   Post Evacuate Collection Set: 0.87ms
[3522.382s][info][gc,phases      ] GC(818)   Other: 0.11ms
[3522.382s][info][gc,heap        ] GC(818) Eden regions: 1118->0(1118)
[3522.382s][info][gc,heap        ] GC(818) Survivor regions: 110->110(154)
[3522.382s][info][gc,heap        ] GC(818) Old regions: 473->505
[3522.382s][info][gc,heap        ] GC(818) Humongous regions: 80->80
[3522.382s][info][gc,metaspace   ] GC(818) Metaspace: 28875K(29248K)->28875K(29248K) NonClass: 24008K(24192K)->24008K(24192K) Class: 4867K(5056K)->4867K(5056K)
[3522.382s][info][gc             ] GC(818) Pause Young (Concurrent Start) (G1 Evacuation Pause) 3561M->1389M(4096M) 117.147ms
[3522.382s][info][gc             ] GC(819) Concurrent Mark Cycle
[3522.382s][info][gc,marking     ] GC(819) Concurrent Scan Root Regions
[3522.382s][info][gc,cpu         ] GC(818) User=0.69s Sys=0.01s Real=0.12s
.[3522.532s][info][gc,marking     ] GC(819) Concurrent Scan Root Regions 150.232ms
[3522.532s][info][gc,marking     ] GC(819) Concurrent Mark
[3522.532s][info][gc,marking     ] GC(819) Concurrent Mark From Roots
[3522.532s][info][gc,task        ] GC(819) Using 2 workers of 2 for marking
[3523.233s][info][gc,marking     ] GC(819) Concurrent Mark From Roots 700.903ms
[3523.233s][info][gc,marking     ] GC(819) Concurrent Preclean
[3523.233s][info][gc,marking     ] GC(819) Concurrent Preclean 0.156ms
[3523.234s][info][gc,start       ] GC(819) Pause Remark
[3523.238s][info][gc             ] GC(819) Pause Remark 2048M->2048M(4096M) 3.918ms
[3523.238s][info][gc,cpu         ] GC(819) User=0.02s Sys=0.00s Real=0.01s
[3523.238s][info][gc,marking     ] GC(819) Concurrent Mark 705.775ms
[3523.238s][info][gc,marking     ] GC(819) Concurrent Rebuild Remembered Sets and Scrub Regions
.[3523.486s][info][gc,marking     ] GC(819) Concurrent Rebuild Remembered Sets and Scrub Regions 248.168ms
[3523.486s][info][gc,start       ] GC(819) Pause Cleanup
[3523.486s][info][gc             ] GC(819) Pause Cleanup 2226M->2226M(4096M) 0.100ms
[3523.486s][info][gc,cpu         ] GC(819) User=0.00s Sys=0.00s Real=0.00s
[3523.486s][info][gc,marking     ] GC(819) Concurrent Clear Claimed Marks
[3523.486s][info][gc,marking     ] GC(819) Concurrent Clear Claimed Marks 0.022ms
[3523.486s][info][gc,marking     ] GC(819) Concurrent Cleanup for Next Mark
[3523.490s][info][gc,marking     ] GC(819) Concurrent Cleanup for Next Mark 3.245ms
[3523.490s][info][gc             ] GC(819) Concurrent Mark Cycle 1107.843ms
..[3525.402s][info][gc,start       ] GC(820) Pause Young (Prepare Mixed) (G1 Evacuation Pause)
[3525.402s][info][gc,task        ] GC(820) Using 6 workers of 6 for evacuation
[3525.517s][info][gc,phases      ] GC(820)   Pre Evacuate Collection Set: 0.36ms
[3525.517s][info][gc,phases      ] GC(820)   Merge Heap Roots: 0.49ms
[3525.517s][info][gc,phases      ] GC(820)   Evacuate Collection Set: 113.15ms
[3525.517s][info][gc,phases      ] GC(820)   Post Evacuate Collection Set: 0.93ms
[3525.517s][info][gc,phases      ] GC(820)   Other: 0.08ms
[3525.517s][info][gc,heap        ] GC(820) Eden regions: 1118->0(1115)
[3525.517s][info][gc,heap        ] GC(820) Survivor regions: 110->107(154)
[3525.517s][info][gc,heap        ] GC(820) Old regions: 505->536
[3525.517s][info][gc,heap        ] GC(820) Humongous regions: 80->80
[3525.517s][info][gc,metaspace   ] GC(820) Metaspace: 28875K(29248K)->28875K(29248K) NonClass: 24008K(24192K)->24008K(24192K) Class: 4867K(5056K)->4867K(5056K)
[3525.517s][info][gc             ] GC(820) Pause Young (Prepare Mixed) (G1 Evacuation Pause) 3625M->1445M(4096M) 115.157ms
[3525.517s][info][gc,cpu         ] GC(820) User=0.68s Sys=0.00s Real=0.12s
...[3528.424s][info][gc,start       ] GC(821) Pause Young (Mixed) (G1 Evacuation Pause)
[3528.424s][info][gc,task        ] GC(821) Using 6 workers of 6 for evacuation
[3528.553s][info][gc,phases      ] GC(821)   Pre Evacuate Collection Set: 0.38ms
[3528.553s][info][gc,phases      ] GC(821)   Merge Heap Roots: 0.68ms
[3528.553s][info][gc,phases      ] GC(821)   Evacuate Collection Set: 127.08ms
[3528.553s][info][gc,phases      ] GC(821)   Post Evacuate Collection Set: 0.95ms
[3528.553s][info][gc,phases      ] GC(821)   Other: 0.09ms
[3528.553s][info][gc,heap        ] GC(821) Eden regions: 1115->0(1120)
[3528.553s][info][gc,heap        ] GC(821) Survivor regions: 107->108(153)
[3528.553s][info][gc,heap        ] GC(821) Old regions: 536->472
[3528.553s][info][gc,heap        ] GC(821) Humongous regions: 80->80
[3528.553s][info][gc,metaspace   ] GC(821) Metaspace: 28875K(29248K)->28875K(29248K) NonClass: 24008K(24192K)->24008K(24192K) Class: 4867K(5056K)->4867K(5056K)
[3528.553s][info][gc             ] GC(821) Pause Young (Mixed) (G1 Evacuation Pause) 3675M->1318M(4096M) 129.310ms
[3528.553s][info][gc,cpu         ] GC(821) User=0.76s Sys=0.00s Real=0.13s
...[3531.534s][info][gc,start       ] GC(822) Pause Young (Concurrent Start) (G1 Evacuation Pause)
[3531.534s][info][gc,task        ] GC(822) Using 6 workers of 6 for evacuation
[3531.650s][info][gc,phases      ] GC(822)   Pre Evacuate Collection Set: 0.35ms
[3531.650s][info][gc,phases      ] GC(822)   Merge Heap Roots: 0.47ms
[3531.650s][info][gc,phases      ] GC(822)   Evacuate Collection Set: 113.60ms
[3531.650s][info][gc,phases      ] GC(822)   Post Evacuate Collection Set: 0.89ms
[3531.650s][info][gc,phases      ] GC(822)   Other: 0.12ms
[3531.650s][info][gc,heap        ] GC(822) Eden regions: 1120->0(1121)
[3531.650s][info][gc,heap        ] GC(822) Survivor regions: 108->107(154)
[3531.650s][info][gc,heap        ] GC(822) Old regions: 472->505
[3531.650s][info][gc,heap        ] GC(822) Humongous regions: 80->80
[3531.650s][info][gc,metaspace   ] GC(822) Metaspace: 28875K(29248K)->28875K(29248K) NonClass: 24008K(24192K)->24008K(24192K) Class: 4867K(5056K)->4867K(5056K)
[3531.650s][info][gc             ] GC(822) Pause Young (Concurrent Start) (G1 Evacuation Pause) 3558M->1382M(4096M) 115.578ms
[3531.650s][info][gc             ] GC(823) Concurrent Mark Cycle
[3531.650s][info][gc,marking     ] GC(823) Concurrent Scan Root Regions
[3531.650s][info][gc,cpu         ] GC(822) User=0.68s Sys=0.00s Real=0.12s
[3531.765s][info][gc,marking     ] GC(823) Concurrent Scan Root Regions 115.126ms
[3531.765s][info][gc,marking     ] GC(823) Concurrent Mark
[3531.765s][info][gc,marking     ] GC(823) Concurrent Mark From Roots
[3531.765s][info][gc,task        ] GC(823) Using 2 workers of 2 for marking
[3532.318s][info][gc,marking     ] GC(823) Concurrent Mark From Roots 553.601ms
[3532.319s][info][gc,marking     ] GC(823) Concurrent Preclean
[3532.319s][info][gc,marking     ] GC(823) Concurrent Preclean 0.084ms
[3532.319s][info][gc,start       ] GC(823) Pause Remark
[3532.322s][info][gc             ] GC(823) Pause Remark 1890M->1890M(4096M) 3.395ms
[3532.322s][info][gc,cpu         ] GC(823) User=0.02s Sys=0.01s Real=0.00s
[3532.322s][info][gc,marking     ] GC(823) Concurrent Mark 557.383ms
[3532.322s][info][gc,marking     ] GC(823) Concurrent Rebuild Remembered Sets and Scrub Regions
.[3532.536s][info][gc,marking     ] GC(823) Concurrent Rebuild Remembered Sets and Scrub Regions 213.986ms
[3532.537s][info][gc,start       ] GC(823) Pause Cleanup
[3532.537s][info][gc             ] GC(823) Pause Cleanup 2068M->2068M(4096M) 0.118ms
[3532.537s][info][gc,cpu         ] GC(823) User=0.00s Sys=0.00s Real=0.00s
[3532.537s][info][gc,marking     ] GC(823) Concurrent Clear Claimed Marks
[3532.537s][info][gc,marking     ] GC(823) Concurrent Clear Claimed Marks 0.031ms
[3532.537s][info][gc,marking     ] GC(823) Concurrent Cleanup for Next Mark
[3532.542s][info][gc,marking     ] GC(823) Concurrent Cleanup for Next Mark 4.590ms
[3532.542s][info][gc             ] GC(823) Concurrent Mark Cycle 892.459ms
..[3534.593s][info][gc,start       ] GC(824) Pause Young (Prepare Mixed) (G1 Evacuation Pause)
[3534.593s][info][gc,task        ] GC(824) Using 6 workers of 6 for evacuation
[3534.710s][info][gc,phases      ] GC(824)   Pre Evacuate Collection Set: 0.32ms
[3534.710s][info][gc,phases      ] GC(824)   Merge Heap Roots: 0.50ms
[3534.710s][info][gc,phases      ] GC(824)   Evacuate Collection Set: 115.39ms
[3534.710s][info][gc,phases      ] GC(824)   Post Evacuate Collection Set: 0.94ms
[3534.710s][info][gc,phases      ] GC(824)   Other: 0.08ms
[3534.710s][info][gc,heap        ] GC(824) Eden regions: 1121->0(1109)
[3534.710s][info][gc,heap        ] GC(824) Survivor regions: 107->110(154)
[3534.710s][info][gc,heap        ] GC(824) Old regions: 505->536
[3534.710s][info][gc,heap        ] GC(824) Humongous regions: 80->80
[3534.710s][info][gc,metaspace   ] GC(824) Metaspace: 28875K(29248K)->28875K(29248K) NonClass: 24008K(24192K)->24008K(24192K) Class: 4867K(5056K)->4867K(5056K)
[3534.711s][info][gc             ] GC(824) Pause Young (Prepare Mixed) (G1 Evacuation Pause) 3624M->1449M(4096M) 117.370ms
[3534.711s][info][gc,cpu         ] GC(824) User=0.70s Sys=0.00s Real=0.12s
...[3537.790s][info][gc,start       ] GC(825) Pause Young (Mixed) (G1 Evacuation Pause)
[3537.790s][info][gc,task        ] GC(825) Using 6 workers of 6 for evacuation
[3537.925s][info][gc,phases      ] GC(825)   Pre Evacuate Collection Set: 0.37ms
[3537.925s][info][gc,phases      ] GC(825)   Merge Heap Roots: 0.67ms
[3537.925s][info][gc,phases      ] GC(825)   Evacuate Collection Set: 132.26ms
[3537.925s][info][gc,phases      ] GC(825)   Post Evacuate Collection Set: 0.97ms
[3537.925s][info][gc,phases      ] GC(825)   Other: 0.09ms
[3537.925s][info][gc,heap        ] GC(825) Eden regions: 1109->0(1118)
[3537.925s][info][gc,heap        ] GC(825) Survivor regions: 110->110(153)
[3537.925s][info][gc,heap        ] GC(825) Old regions: 536->473
[3537.925s][info][gc,heap        ] GC(825) Humongous regions: 80->80
[3537.925s][info][gc,metaspace   ] GC(825) Metaspace: 28875K(29248K)->28875K(29248K) NonClass: 24008K(24192K)->24008K(24192K) Class: 4867K(5056K)->4867K(5056K)
[3537.925s][info][gc             ] GC(825) Pause Young (Mixed) (G1 Evacuation Pause) 3667M->1323M(4096M) 134.505ms
[3537.925s][info][gc,cpu         ] GC(825) User=0.79s Sys=0.01s Real=0.13s
...[3540.803s][info][gc,start       ] GC(826) Pause Young (Concurrent Start) (G1 Evacuation Pause)
[3540.803s][info][gc,task        ] GC(826) Using 6 workers of 6 for evacuation
[3540.920s][info][gc,phases      ] GC(826)   Pre Evacuate Collection Set: 0.37ms
[3540.920s][info][gc,phases      ] GC(826)   Merge Heap Roots: 0.44ms
[3540.920s][info][gc,phases      ] GC(826)   Evacuate Collection Set: 115.07ms
[3540.920s][info][gc,phases      ] GC(826)   Post Evacuate Collection Set: 0.87ms
[3540.920s][info][gc,phases      ] GC(826)   Other: 0.10ms
[3540.920s][info][gc,heap        ] GC(826) Eden regions: 1118->0(1118)
[3540.920s][info][gc,heap        ] GC(826) Survivor regions: 110->110(154)
[3540.920s][info][gc,heap        ] GC(826) Old regions: 473->505
[3540.920s][info][gc,heap        ] GC(826) Humongous regions: 80->80
[3540.920s][info][gc,metaspace   ] GC(826) Metaspace: 28875K(29248K)->28875K(29248K) NonClass: 24008K(24192K)->24008K(24192K) Class: 4867K(5056K)->4867K(5056K)
[3540.920s][info][gc             ] GC(826) Pause Young (Concurrent Start) (G1 Evacuation Pause) 3559M->1387M(4096M) 116.994ms
[3540.920s][info][gc             ] GC(827) Concurrent Mark Cycle
[3540.920s][info][gc,marking     ] GC(827) Concurrent Scan Root Regions
[3540.920s][info][gc,cpu         ] GC(826) User=0.69s Sys=0.00s Real=0.12s
[3541.109s][info][gc,marking     ] GC(827) Concurrent Scan Root Regions 188.779ms
[3541.109s][info][gc,marking     ] GC(827) Concurrent Mark
[3541.109s][info][gc,marking     ] GC(827) Concurrent Mark From Roots
[3541.109s][info][gc,task        ] GC(827) Using 2 workers of 2 for marking
.[3541.977s][info][gc,marking     ] GC(827) Concurrent Mark From Roots 868.200ms
[3541.977s][info][gc,marking     ] GC(827) Concurrent Preclean
[3541.977s][info][gc,marking     ] GC(827) Concurrent Preclean 0.070ms
[3541.978s][info][gc,start       ] GC(827) Pause Remark
[3541.982s][info][gc             ] GC(827) Pause Remark 2231M->2231M(4096M) 4.457ms
[3541.982s][info][gc,cpu         ] GC(827) User=0.03s Sys=0.00s Real=0.00s
[3541.982s][info][gc,marking     ] GC(827) Concurrent Mark 873.000ms
[3541.982s][info][gc,marking     ] GC(827) Concurrent Rebuild Remembered Sets and Scrub Regions
[3542.271s][info][gc,marking     ] GC(827) Concurrent Rebuild Remembered Sets and Scrub Regions 288.946ms
[3542.271s][info][gc,start       ] GC(827) Pause Cleanup
[3542.271s][info][gc             ] GC(827) Pause Cleanup 2439M->2439M(4096M) 0.105ms
[3542.271s][info][gc,cpu         ] GC(827) User=0.00s Sys=0.00s Real=0.00s
[3542.271s][info][gc,marking     ] GC(827) Concurrent Clear Claimed Marks
[3542.271s][info][gc,marking     ] GC(827) Concurrent Clear Claimed Marks 0.024ms
[3542.271s][info][gc,marking     ] GC(827) Concurrent Cleanup for Next Mark
[3542.275s][info][gc,marking     ] GC(827) Concurrent Cleanup for Next Mark 3.462ms
[3542.275s][info][gc             ] GC(827) Concurrent Mark Cycle 1354.683ms
..[3543.887s][info][gc,start       ] GC(828) Pause Young (Prepare Mixed) (G1 Evacuation Pause)
[3543.887s][info][gc,task        ] GC(828) Using 6 workers of 6 for evacuation
[3544.003s][info][gc,phases      ] GC(828)   Pre Evacuate Collection Set: 0.39ms
[3544.003s][info][gc,phases      ] GC(828)   Merge Heap Roots: 0.57ms
[3544.003s][info][gc,phases      ] GC(828)   Evacuate Collection Set: 114.01ms
[3544.003s][info][gc,phases      ] GC(828)   Post Evacuate Collection Set: 0.91ms
[3544.003s][info][gc,phases      ] GC(828)   Other: 0.08ms
[3544.003s][info][gc,heap        ] GC(828) Eden regions: 1118->0(1110)
[3544.003s][info][gc,heap        ] GC(828) Survivor regions: 110->109(154)
[3544.003s][info][gc,heap        ] GC(828) Old regions: 505->537
[3544.003s][info][gc,heap        ] GC(828) Humongous regions: 80->80
[3544.003s][info][gc,metaspace   ] GC(828) Metaspace: 28875K(29248K)->28875K(29248K) NonClass: 24008K(24192K)->24008K(24192K) Class: 4867K(5056K)->4867K(5056K)
[3544.003s][info][gc             ] GC(828) Pause Young (Prepare Mixed) (G1 Evacuation Pause) 3623M->1450M(4096M) 116.110ms
[3544.003s][info][gc,cpu         ] GC(828) User=0.69s Sys=0.00s Real=0.12s
...[3546.953s][info][gc,start       ] GC(829) Pause Young (Mixed) (G1 Evacuation Pause)
[3546.953s][info][gc,task        ] GC(829) Using 6 workers of 6 for evacuation
[3547.083s][info][gc,phases      ] GC(829)   Pre Evacuate Collection Set: 0.39ms
[3547.083s][info][gc,phases      ] GC(829)   Merge Heap Roots: 0.58ms
[3547.083s][info][gc,phases      ] GC(829)   Evacuate Collection Set: 127.93ms
[3547.083s][info][gc,phases      ] GC(829)   Post Evacuate Collection Set: 0.94ms
[3547.083s][info][gc,phases      ] GC(829)   Other: 0.09ms
[3547.083s][info][gc,heap        ] GC(829) Eden regions: 1110->0(1119)
[3547.083s][info][gc,heap        ] GC(829) Survivor regions: 109->109(153)
[3547.083s][info][gc,heap        ] GC(829) Old regions: 537->474
[3547.083s][info][gc,heap        ] GC(829) Humongous regions: 80->80
[3547.083s][info][gc,metaspace   ] GC(829) Metaspace: 28875K(29248K)->28875K(29248K) NonClass: 24008K(24192K)->24008K(24192K) Class: 4867K(5056K)->4867K(5056K)
[3547.083s][info][gc             ] GC(829) Pause Young (Mixed) (G1 Evacuation Pause) 3670M->1324M(4096M) 130.052ms
[3547.083s][info][gc,cpu         ] GC(829) User=0.76s Sys=0.00s Real=0.13s
...[3550.069s][info][gc,start       ] GC(830) Pause Young (Concurrent Start) (G1 Evacuation Pause)
[3550.069s][info][gc,task        ] GC(830) Using 6 workers of 6 for evacuation
[3550.192s][info][gc,phases      ] GC(830)   Pre Evacuate Collection Set: 0.34ms
[3550.192s][info][gc,phases      ] GC(830)   Merge Heap Roots: 0.45ms
[3550.192s][info][gc,phases      ] GC(830)   Evacuate Collection Set: 121.73ms
[3550.192s][info][gc,phases      ] GC(830)   Post Evacuate Collection Set: 0.89ms
[3550.192s][info][gc,phases      ] GC(830)   Other: 0.10ms
[3550.192s][info][gc,heap        ] GC(830) Eden regions: 1119->0(1113)
[3550.192s][info][gc,heap        ] GC(830) Survivor regions: 109->115(154)
[3550.192s][info][gc,heap        ] GC(830) Old regions: 474->506
[3550.192s][info][gc,heap        ] GC(830) Humongous regions: 80->80
[3550.192s][info][gc,metaspace   ] GC(830) Metaspace: 28875K(29248K)->28875K(29248K) NonClass: 24008K(24192K)->24008K(24192K) Class: 4867K(5056K)->4867K(5056K)
[3550.192s][info][gc             ] GC(830) Pause Young (Concurrent Start) (G1 Evacuation Pause) 3562M->1400M(4096M) 123.652ms
[3550.192s][info][gc             ] GC(831) Concurrent Mark Cycle
[3550.192s][info][gc,marking     ] GC(831) Concurrent Scan Root Regions
[3550.192s][info][gc,cpu         ] GC(830) User=0.74s Sys=0.00s Real=0.12s
[3550.385s][info][gc,marking     ] GC(831) Concurrent Scan Root Regions 192.818ms
[3550.385s][info][gc,marking     ] GC(831) Concurrent Mark
[3550.385s][info][gc,marking     ] GC(831) Concurrent Mark From Roots
[3550.385s][info][gc,task        ] GC(831) Using 2 workers of 2 for marking
.[3551.233s][info][gc,marking     ] GC(831) Concurrent Mark From Roots 847.556ms
[3551.233s][info][gc,marking     ] GC(831) Concurrent Preclean
[3551.233s][info][gc,marking     ] GC(831) Concurrent Preclean 0.078ms
[3551.233s][info][gc,start       ] GC(831) Pause Remark
[3551.238s][info][gc             ] GC(831) Pause Remark 2252M->2252M(4096M) 4.914ms
[3551.238s][info][gc,cpu         ] GC(831) User=0.03s Sys=0.00s Real=0.01s
[3551.238s][info][gc,marking     ] GC(831) Concurrent Mark 852.836ms
[3551.238s][info][gc,marking     ] GC(831) Concurrent Rebuild Remembered Sets and Scrub Regions
.[3551.491s][info][gc,marking     ] GC(831) Concurrent Rebuild Remembered Sets and Scrub Regions 252.917ms
[3551.491s][info][gc,start       ] GC(831) Pause Cleanup
[3551.491s][info][gc             ] GC(831) Pause Cleanup 2434M->2434M(4096M) 0.111ms
[3551.491s][info][gc,cpu         ] GC(831) User=0.00s Sys=0.00s Real=0.00s
[3551.491s][info][gc,marking     ] GC(831) Concurrent Clear Claimed Marks
[3551.491s][info][gc,marking     ] GC(831) Concurrent Clear Claimed Marks 0.025ms
[3551.491s][info][gc,marking     ] GC(831) Concurrent Cleanup for Next Mark
[3551.496s][info][gc,marking     ] GC(831) Concurrent Cleanup for Next Mark 4.550ms
[3551.496s][info][gc             ] GC(831) Concurrent Mark Cycle 1303.644ms
.[3553.096s][info][gc,start       ] GC(832) Pause Young (Prepare Mixed) (G1 Evacuation Pause)
[3553.096s][info][gc,task        ] GC(832) Using 6 workers of 6 for evacuation
[3553.215s][info][gc,phases      ] GC(832)   Pre Evacuate Collection Set: 0.34ms
[3553.215s][info][gc,phases      ] GC(832)   Merge Heap Roots: 0.47ms
[3553.215s][info][gc,phases      ] GC(832)   Evacuate Collection Set: 117.12ms
[3553.215s][info][gc,phases      ] GC(832)   Post Evacuate Collection Set: 0.95ms
[3553.215s][info][gc,phases      ] GC(832)   Other: 0.08ms
[3553.215s][info][gc,heap        ] GC(832) Eden regions: 1113->0(1105)
[3553.215s][info][gc,heap        ] GC(832) Survivor regions: 115->111(154)
[3553.215s][info][gc,heap        ] GC(832) Old regions: 506->538
[3553.215s][info][gc,heap        ] GC(832) Humongous regions: 80->80
[3553.215s][info][gc,metaspace   ] GC(832) Metaspace: 28875K(29248K)->28875K(29248K) NonClass: 24008K(24192K)->24008K(24192K) Class: 4867K(5056K)->4867K(5056K)
[3553.215s][info][gc             ] GC(832) Pause Young (Prepare Mixed) (G1 Evacuation Pause) 3626M->1456M(4096M) 119.093ms
[3553.215s][info][gc,cpu         ] GC(832) User=0.70s Sys=0.00s Real=0.12s
...[3556.198s][info][gc,start       ] GC(833) Pause Young (Mixed) (G1 Evacuation Pause)
[3556.198s][info][gc,task        ] GC(833) Using 6 workers of 6 for evacuation
[3556.335s][info][gc,phases      ] GC(833)   Pre Evacuate Collection Set: 0.38ms
[3556.335s][info][gc,phases      ] GC(833)   Merge Heap Roots: 0.77ms
[3556.335s][info][gc,phases      ] GC(833)   Evacuate Collection Set: 134.56ms
[3556.335s][info][gc,phases      ] GC(833)   Post Evacuate Collection Set: 0.95ms
[3556.335s][info][gc,phases      ] GC(833)   Other: 0.09ms
[3556.335s][info][gc,heap        ] GC(833) Eden regions: 1105->0(1119)
[3556.335s][info][gc,heap        ] GC(833) Survivor regions: 111->109(152)
[3556.335s][info][gc,heap        ] GC(833) Old regions: 538->473
[3556.335s][info][gc,heap        ] GC(833) Humongous regions: 80->80
[3556.335s][info][gc,metaspace   ] GC(833) Metaspace: 28875K(29248K)->28875K(29248K) NonClass: 24008K(24192K)->24008K(24192K) Class: 4867K(5056K)->4867K(5056K)
[3556.335s][info][gc             ] GC(833) Pause Young (Mixed) (G1 Evacuation Pause) 3666M->1321M(4096M) 136.884ms
[3556.335s][info][gc,cpu         ] GC(833) User=0.81s Sys=0.00s Real=0.13s
. (rIR:aIR:PR = 6088:6088:6088) (tPR = 90630) [OK] 
  3556s: Performance info:
         Transaction,    Success,    Partial,     Failed,   Receipts, AvgBarcode, 
             Overall,     369093,          0,          0,     350609,      59.48, 
         Response times:
             Request,    Success,    Partial,     Failed,   SkipFail,     Probes,    Samples,      min,      p50,      p90,      p95,      p99,      max, 
       TotalPurchase,     350609,          0,          0,          0,     343956,     374267,      300,     5000,    17500,    49000,   110000,   247000,
     InStorePurchase,     184463,          0,          0,          0,     181414,     197073,      300,     4900,    17100,    48000,   110000,   247000,
      OnlinePurchase,     129193,          0,          0,          0,     126774,     137806,      300,     5100,    18000,    51000,   111000,   230000,
        InstPurchase,      36953,          0,          0,          0,      35768,      39388,      400,     4900,    17600,    50000,   110000,   214000,
          AssocOfCat,        369,          0,          0,          0,        306,        396,    22000,    35000,    67600,   103750,   168180,   243000,
      AssocOfProduct,       3708,          0,          0,          0,       3413,       3871,      500,     5400,    19700,    50400,   107000,   202000,
      BusinessReport,        924,          0,          0,          0,        795,        973,    22000,    38000,    85000,   130600,   190780,   250000,
          CustBuyBeh,       3686,          0,          0,          0,       3428,       3912,      200,     3700,    13770,    37350,   102000,   200000,
       ProductReturn,       9797,          0,          0,          0,       9292,      10317,      200,     4100,    13720,    42000,   106000,   194000,

  3556s: (45%)   IR =   6227 ..[3559.265s][info][gc,start       ] GC(834) Pause Young (Concurrent Start) (G1 Evacuation Pause)
[3559.265s][info][gc,task        ] GC(834) Using 6 workers of 6 for evacuation
[3559.386s][info][gc,phases      ] GC(834)   Pre Evacuate Collection Set: 0.40ms
[3559.386s][info][gc,phases      ] GC(834)   Merge Heap Roots: 0.53ms
[3559.386s][info][gc,phases      ] GC(834)   Evacuate Collection Set: 119.14ms
[3559.386s][info][gc,phases      ] GC(834)   Post Evacuate Collection Set: 0.87ms
[3559.386s][info][gc,phases      ] GC(834)   Other: 0.11ms
[3559.386s][info][gc,heap        ] GC(834) Eden regions: 1119->0(1116)
[3559.386s][info][gc,heap        ] GC(834) Survivor regions: 109->112(154)
[3559.386s][info][gc,heap        ] GC(834) Old regions: 473->504
[3559.386s][info][gc,heap        ] GC(834) Humongous regions: 80->80
[3559.386s][info][gc,metaspace   ] GC(834) Metaspace: 28877K(29248K)->28877K(29248K) NonClass: 24010K(24192K)->24010K(24192K) Class: 4867K(5056K)->4867K(5056K)
[3559.386s][info][gc             ] GC(834) Pause Young (Concurrent Start) (G1 Evacuation Pause) 3559M->1390M(4096M) 121.222ms
[3559.386s][info][gc             ] GC(835) Concurrent Mark Cycle
[3559.386s][info][gc,marking     ] GC(835) Concurrent Scan Root Regions
[3559.386s][info][gc,cpu         ] GC(834) User=0.72s Sys=0.00s Real=0.12s
.[3559.529s][info][gc,marking     ] GC(835) Concurrent Scan Root Regions 142.498ms
[3559.529s][info][gc,marking     ] GC(835) Concurrent Mark
[3559.529s][info][gc,marking     ] GC(835) Concurrent Mark From Roots
[3559.529s][info][gc,task        ] GC(835) Using 2 workers of 2 for marking
[3560.227s][info][gc,marking     ] GC(835) Concurrent Mark From Roots 698.522ms
[3560.227s][info][gc,marking     ] GC(835) Concurrent Preclean
[3560.228s][info][gc,marking     ] GC(835) Concurrent Preclean 0.129ms
[3560.229s][info][gc,start       ] GC(835) Pause Remark
[3560.233s][info][gc             ] GC(835) Pause Remark 2078M->2078M(4096M) 4.385ms
[3560.233s][info][gc,cpu         ] GC(835) User=0.02s Sys=0.00s Real=0.00s
[3560.233s][info][gc,marking     ] GC(835) Concurrent Mark 704.511ms
[3560.233s][info][gc,marking     ] GC(835) Concurrent Rebuild Remembered Sets and Scrub Regions
[3560.484s][info][gc,marking     ] GC(835) Concurrent Rebuild Remembered Sets and Scrub Regions 251.001ms
[3560.485s][info][gc,start       ] GC(835) Pause Cleanup
[3560.485s][info][gc             ] GC(835) Pause Cleanup 2273M->2273M(4096M) 0.104ms
[3560.485s][info][gc,cpu         ] GC(835) User=0.00s Sys=0.00s Real=0.00s
[3560.485s][info][gc,marking     ] GC(835) Concurrent Clear Claimed Marks
[3560.485s][info][gc,marking     ] GC(835) Concurrent Clear Claimed Marks 0.029ms
[3560.485s][info][gc,marking     ] GC(835) Concurrent Cleanup for Next Mark
[3560.489s][info][gc,marking     ] GC(835) Concurrent Cleanup for Next Mark 4.508ms
[3560.489s][info][gc             ] GC(835) Concurrent Mark Cycle 1103.023ms
..[3562.237s][info][gc,start       ] GC(836) Pause Young (Prepare Mixed) (G1 Evacuation Pause)
[3562.237s][info][gc,task        ] GC(836) Using 6 workers of 6 for evacuation
[3562.357s][info][gc,phases      ] GC(836)   Pre Evacuate Collection Set: 0.34ms
[3562.357s][info][gc,phases      ] GC(836)   Merge Heap Roots: 0.48ms
[3562.357s][info][gc,phases      ] GC(836)   Evacuate Collection Set: 118.57ms
[3562.357s][info][gc,phases      ] GC(836)   Post Evacuate Collection Set: 0.98ms
[3562.357s][info][gc,phases      ] GC(836)   Other: 0.10ms
[3562.357s][info][gc,heap        ] GC(836) Eden regions: 1116->0(1103)
[3562.357s][info][gc,heap        ] GC(836) Survivor regions: 112->113(154)
[3562.357s][info][gc,heap        ] GC(836) Old regions: 504->536
[3562.357s][info][gc,heap        ] GC(836) Humongous regions: 80->80
[3562.357s][info][gc,metaspace   ] GC(836) Metaspace: 28877K(29248K)->28877K(29248K) NonClass: 24010K(24192K)->24010K(24192K) Class: 4867K(5056K)->4867K(5056K)
[3562.357s][info][gc             ] GC(836) Pause Young (Prepare Mixed) (G1 Evacuation Pause) 3622M->1455M(4096M) 120.600ms
[3562.357s][info][gc,cpu         ] GC(836) User=0.71s Sys=0.00s Real=0.13s
.|..[3565.227s][info][gc,start       ] GC(837) Pause Young (Mixed) (G1 Evacuation Pause)
[3565.227s][info][gc,task        ] GC(837) Using 6 workers of 6 for evacuation
[3565.363s][info][gc,phases      ] GC(837)   Pre Evacuate Collection Set: 0.38ms
[3565.363s][info][gc,phases      ] GC(837)   Merge Heap Roots: 0.61ms
[3565.363s][info][gc,phases      ] GC(837)   Evacuate Collection Set: 133.68ms
[3565.363s][info][gc,phases      ] GC(837)   Post Evacuate Collection Set: 0.97ms
[3565.363s][info][gc,phases      ] GC(837)   Other: 0.09ms
[3565.363s][info][gc,heap        ] GC(837) Eden regions: 1103->0(1117)
[3565.363s][info][gc,heap        ] GC(837) Survivor regions: 113->111(152)
[3565.363s][info][gc,heap        ] GC(837) Old regions: 536->472
[3565.363s][info][gc,heap        ] GC(837) Humongous regions: 80->80
[3565.363s][info][gc,metaspace   ] GC(837) Metaspace: 28877K(29248K)->28877K(29248K) NonClass: 24010K(24192K)->24010K(24192K) Class: 4867K(5056K)->4867K(5056K)
[3565.363s][info][gc             ] GC(837) Pause Young (Mixed) (G1 Evacuation Pause) 3661M->1325M(4096M) 135.871ms
[3565.363s][info][gc,cpu         ] GC(837) User=0.80s Sys=0.00s Real=0.13s
...[3568.222s][info][gc,start       ] GC(838) Pause Young (Concurrent Start) (G1 Evacuation Pause)
[3568.222s][info][gc,task        ] GC(838) Using 6 workers of 6 for evacuation
[3568.342s][info][gc,phases      ] GC(838)   Pre Evacuate Collection Set: 0.38ms
[3568.342s][info][gc,phases      ] GC(838)   Merge Heap Roots: 0.45ms
[3568.342s][info][gc,phases      ] GC(838)   Evacuate Collection Set: 117.74ms
[3568.342s][info][gc,phases      ] GC(838)   Post Evacuate Collection Set: 0.87ms
[3568.342s][info][gc,phases      ] GC(838)   Other: 0.13ms
[3568.342s][info][gc,heap        ] GC(838) Eden regions: 1117->0(1116)
[3568.342s][info][gc,heap        ] GC(838) Survivor regions: 111->112(154)
[3568.342s][info][gc,heap        ] GC(838) Old regions: 472->505
[3568.342s][info][gc,heap        ] GC(838) Humongous regions: 80->80
[3568.342s][info][gc,metaspace   ] GC(838) Metaspace: 28877K(29248K)->28877K(29248K) NonClass: 24010K(24192K)->24010K(24192K) Class: 4867K(5056K)->4867K(5056K)
[3568.342s][info][gc             ] GC(838) Pause Young (Concurrent Start) (G1 Evacuation Pause) 3559M->1392M(4096M) 119.696ms
[3568.342s][info][gc             ] GC(839) Concurrent Mark Cycle
[3568.342s][info][gc,marking     ] GC(839) Concurrent Scan Root Regions
[3568.342s][info][gc,cpu         ] GC(838) User=0.70s Sys=0.00s Real=0.12s
[3568.525s][info][gc,marking     ] GC(839) Concurrent Scan Root Regions 183.472ms
[3568.525s][info][gc,marking     ] GC(839) Concurrent Mark
[3568.525s][info][gc,marking     ] GC(839) Concurrent Mark From Roots
[3568.525s][info][gc,task        ] GC(839) Using 2 workers of 2 for marking
.[3569.362s][info][gc,marking     ] GC(839) Concurrent Mark From Roots 837.112ms
[3569.363s][info][gc,marking     ] GC(839) Concurrent Preclean
[3569.363s][info][gc,marking     ] GC(839) Concurrent Preclean 0.136ms
[3569.363s][info][gc,start       ] GC(839) Pause Remark
[3569.368s][info][gc             ] GC(839) Pause Remark 2222M->2222M(4096M) 4.693ms
[3569.368s][info][gc,cpu         ] GC(839) User=0.02s Sys=0.00s Real=0.01s
[3569.368s][info][gc,marking     ] GC(839) Concurrent Mark 843.129ms
[3569.368s][info][gc,marking     ] GC(839) Concurrent Rebuild Remembered Sets and Scrub Regions
.[3569.682s][info][gc,marking     ] GC(839) Concurrent Rebuild Remembered Sets and Scrub Regions 313.227ms
[3569.682s][info][gc,start       ] GC(839) Pause Cleanup
[3569.682s][info][gc             ] GC(839) Pause Cleanup 2463M->2463M(4096M) 0.104ms
[3569.682s][info][gc,cpu         ] GC(839) User=0.00s Sys=0.00s Real=0.00s
[3569.682s][info][gc,marking     ] GC(839) Concurrent Clear Claimed Marks
[3569.682s][info][gc,marking     ] GC(839) Concurrent Clear Claimed Marks 0.023ms
[3569.682s][info][gc,marking     ] GC(839) Concurrent Cleanup for Next Mark
[3569.687s][info][gc,marking     ] GC(839) Concurrent Cleanup for Next Mark 4.759ms
[3569.687s][info][gc             ] GC(839) Concurrent Mark Cycle 1345.130ms
.[3571.302s][info][gc,start       ] GC(840) Pause Young (Prepare Mixed) (G1 Evacuation Pause)
[3571.302s][info][gc,task        ] GC(840) Using 6 workers of 6 for evacuation
[3571.423s][info][gc,phases      ] GC(840)   Pre Evacuate Collection Set: 0.35ms
[3571.423s][info][gc,phases      ] GC(840)   Merge Heap Roots: 0.49ms
[3571.423s][info][gc,phases      ] GC(840)   Evacuate Collection Set: 119.26ms
[3571.423s][info][gc,phases      ] GC(840)   Post Evacuate Collection Set: 0.93ms
[3571.423s][info][gc,phases      ] GC(840)   Other: 0.09ms
[3571.423s][info][gc,heap        ] GC(840) Eden regions: 1116->0(1103)
[3571.423s][info][gc,heap        ] GC(840) Survivor regions: 112->113(154)
[3571.423s][info][gc,heap        ] GC(840) Old regions: 505->536
[3571.423s][info][gc,heap        ] GC(840) Humongous regions: 80->80
[3571.423s][info][gc,metaspace   ] GC(840) Metaspace: 28877K(29248K)->28877K(29248K) NonClass: 24010K(24192K)->24010K(24192K) Class: 4867K(5056K)->4867K(5056K)
[3571.423s][info][gc             ] GC(840) Pause Young (Prepare Mixed) (G1 Evacuation Pause) 3624M->1455M(4096M) 121.257ms
[3571.423s][info][gc,cpu         ] GC(840) User=0.71s Sys=0.00s Real=0.12s
...[3574.231s][info][gc,start       ] GC(841) Pause Young (Mixed) (G1 Evacuation Pause)
[3574.231s][info][gc,task        ] GC(841) Using 6 workers of 6 for evacuation
[3574.365s][info][gc,phases      ] GC(841)   Pre Evacuate Collection Set: 0.38ms
[3574.365s][info][gc,phases      ] GC(841)   Merge Heap Roots: 0.66ms
[3574.365s][info][gc,phases      ] GC(841)   Evacuate Collection Set: 131.97ms
[3574.365s][info][gc,phases      ] GC(841)   Post Evacuate Collection Set: 0.95ms
[3574.365s][info][gc,phases      ] GC(841)   Other: 0.09ms
[3574.365s][info][gc,heap        ] GC(841) Eden regions: 1103->0(1118)
[3574.365s][info][gc,heap        ] GC(841) Survivor regions: 113->110(152)
[3574.365s][info][gc,heap        ] GC(841) Old regions: 536->473
[3574.365s][info][gc,heap        ] GC(841) Humongous regions: 80->80
[3574.365s][info][gc,metaspace   ] GC(841) Metaspace: 28877K(29248K)->28877K(29248K) NonClass: 24010K(24192K)->24010K(24192K) Class: 4867K(5056K)->4867K(5056K)
[3574.366s][info][gc             ] GC(841) Pause Young (Mixed) (G1 Evacuation Pause) 3661M->1325M(4096M) 134.168ms
[3574.366s][info][gc,cpu         ] GC(841) User=0.79s Sys=0.00s Real=0.13s
...[3577.232s][info][gc,start       ] GC(842) Pause Young (Concurrent Start) (G1 Evacuation Pause)
[3577.232s][info][gc,task        ] GC(842) Using 6 workers of 6 for evacuation
[3577.354s][info][gc,phases      ] GC(842)   Pre Evacuate Collection Set: 0.33ms
[3577.354s][info][gc,phases      ] GC(842)   Merge Heap Roots: 0.46ms
[3577.355s][info][gc,phases      ] GC(842)   Evacuate Collection Set: 120.70ms
[3577.355s][info][gc,phases      ] GC(842)   Post Evacuate Collection Set: 0.89ms
[3577.355s][info][gc,phases      ] GC(842)   Other: 0.12ms
[3577.355s][info][gc,heap        ] GC(842) Eden regions: 1118->0(1115)
[3577.355s][info][gc,heap        ] GC(842) Survivor regions: 110->113(154)
[3577.355s][info][gc,heap        ] GC(842) Old regions: 473->505
[3577.355s][info][gc,heap        ] GC(842) Humongous regions: 80->80
[3577.355s][info][gc,metaspace   ] GC(842) Metaspace: 28877K(29248K)->28877K(29248K) NonClass: 24010K(24192K)->24010K(24192K) Class: 4867K(5056K)->4867K(5056K)
[3577.355s][info][gc             ] GC(842) Pause Young (Concurrent Start) (G1 Evacuation Pause) 3561M->1395M(4096M) 122.638ms
[3577.355s][info][gc             ] GC(843) Concurrent Mark Cycle
[3577.355s][info][gc,marking     ] GC(843) Concurrent Scan Root Regions
[3577.355s][info][gc,cpu         ] GC(842) User=0.73s Sys=0.00s Real=0.12s
.[3577.587s][info][gc,marking     ] GC(843) Concurrent Scan Root Regions 232.464ms
[3577.587s][info][gc,marking     ] GC(843) Concurrent Mark
[3577.587s][info][gc,marking     ] GC(843) Concurrent Mark From Roots
[3577.587s][info][gc,task        ] GC(843) Using 2 workers of 2 for marking
[3578.264s][info][gc,marking     ] GC(843) Concurrent Mark From Roots 676.434ms
[3578.264s][info][gc,marking     ] GC(843) Concurrent Preclean
[3578.264s][info][gc,marking     ] GC(843) Concurrent Preclean 0.086ms
[3578.264s][info][gc,start       ] GC(843) Pause Remark
[3578.267s][info][gc             ] GC(843) Pause Remark 2091M->2091M(4096M) 3.646ms
[3578.268s][info][gc,cpu         ] GC(843) User=0.02s Sys=0.00s Real=0.01s
[3578.268s][info][gc,marking     ] GC(843) Concurrent Mark 680.471ms
[3578.268s][info][gc,marking     ] GC(843) Concurrent Rebuild Remembered Sets and Scrub Regions
[3578.521s][info][gc,marking     ] GC(843) Concurrent Rebuild Remembered Sets and Scrub Regions 252.881ms
[3578.521s][info][gc,start       ] GC(843) Pause Cleanup
[3578.521s][info][gc             ] GC(843) Pause Cleanup 2285M->2285M(4096M) 0.108ms
[3578.521s][info][gc,cpu         ] GC(843) User=0.00s Sys=0.00s Real=0.00s
[3578.521s][info][gc,marking     ] GC(843) Concurrent Clear Claimed Marks
[3578.521s][info][gc,marking     ] GC(843) Concurrent Clear Claimed Marks 0.024ms
[3578.521s][info][gc,marking     ] GC(843) Concurrent Cleanup for Next Mark
[3578.524s][info][gc,marking     ] GC(843) Concurrent Cleanup for Next Mark 3.611ms
[3578.525s][info][gc             ] GC(843) Concurrent Mark Cycle 1169.915ms
..[3580.296s][info][gc,start       ] GC(844) Pause Young (Prepare Mixed) (G1 Evacuation Pause)
[3580.296s][info][gc,task        ] GC(844) Using 6 workers of 6 for evacuation
[3580.413s][info][gc,phases      ] GC(844)   Pre Evacuate Collection Set: 0.34ms
[3580.413s][info][gc,phases      ] GC(844)   Merge Heap Roots: 0.48ms
[3580.413s][info][gc,phases      ] GC(844)   Evacuate Collection Set: 115.11ms
[3580.413s][info][gc,phases      ] GC(844)   Post Evacuate Collection Set: 0.91ms
[3580.413s][info][gc,phases      ] GC(844)   Other: 0.09ms
[3580.413s][info][gc,heap        ] GC(844) Eden regions: 1115->0(1107)
[3580.413s][info][gc,heap        ] GC(844) Survivor regions: 113->111(154)
[3580.413s][info][gc,heap        ] GC(844) Old regions: 505->536
[3580.413s][info][gc,heap        ] GC(844) Humongous regions: 80->80
[3580.413s][info][gc,metaspace   ] GC(844) Metaspace: 28877K(29248K)->28877K(29248K) NonClass: 24010K(24192K)->24010K(24192K) Class: 4867K(5056K)->4867K(5056K)
[3580.413s][info][gc             ] GC(844) Pause Young (Prepare Mixed) (G1 Evacuation Pause) 3625M->1453M(4096M) 117.062ms
[3580.413s][info][gc,cpu         ] GC(844) User=0.69s Sys=0.00s Real=0.12s
...[3583.275s][info][gc,start       ] GC(845) Pause Young (Mixed) (G1 Evacuation Pause)
[3583.275s][info][gc,task        ] GC(845) Using 6 workers of 6 for evacuation
[3583.409s][info][gc,phases      ] GC(845)   Pre Evacuate Collection Set: 0.35ms
[3583.409s][info][gc,phases      ] GC(845)   Merge Heap Roots: 0.63ms
[3583.409s][info][gc,phases      ] GC(845)   Evacuate Collection Set: 131.86ms
[3583.409s][info][gc,phases      ] GC(845)   Post Evacuate Collection Set: 0.93ms
[3583.409s][info][gc,phases      ] GC(845)   Other: 0.09ms
[3583.409s][info][gc,heap        ] GC(845) Eden regions: 1107->0(1118)
[3583.409s][info][gc,heap        ] GC(845) Survivor regions: 111->110(153)
[3583.409s][info][gc,heap        ] GC(845) Old regions: 536->472
[3583.409s][info][gc,heap        ] GC(845) Humongous regions: 80->80
[3583.409s][info][gc,metaspace   ] GC(845) Metaspace: 28877K(29248K)->28877K(29248K) NonClass: 24010K(24192K)->24010K(24192K) Class: 4867K(5056K)->4867K(5056K)
[3583.409s][info][gc             ] GC(845) Pause Young (Mixed) (G1 Evacuation Pause) 3667M->1323M(4096M) 134.002ms
[3583.409s][info][gc,cpu         ] GC(845) User=0.79s Sys=0.00s Real=0.14s
...[3586.307s][info][gc,start       ] GC(846) Pause Young (Concurrent Start) (G1 Evacuation Pause)
[3586.307s][info][gc,task        ] GC(846) Using 6 workers of 6 for evacuation
[3586.427s][info][gc,phases      ] GC(846)   Pre Evacuate Collection Set: 0.40ms
[3586.427s][info][gc,phases      ] GC(846)   Merge Heap Roots: 0.47ms
[3586.427s][info][gc,phases      ] GC(846)   Evacuate Collection Set: 118.17ms
[3586.427s][info][gc,phases      ] GC(846)   Post Evacuate Collection Set: 0.89ms
[3586.427s][info][gc,phases      ] GC(846)   Other: 0.12ms
[3586.427s][info][gc,heap        ] GC(846) Eden regions: 1118->0(1116)
[3586.427s][info][gc,heap        ] GC(846) Survivor regions: 110->112(154)
[3586.427s][info][gc,heap        ] GC(846) Old regions: 472->505
[3586.427s][info][gc,heap        ] GC(846) Humongous regions: 80->80
[3586.427s][info][gc,metaspace   ] GC(846) Metaspace: 28877K(29248K)->28877K(29248K) NonClass: 24010K(24192K)->24010K(24192K) Class: 4867K(5056K)->4867K(5056K)
[3586.427s][info][gc             ] GC(846) Pause Young (Concurrent Start) (G1 Evacuation Pause) 3559M->1391M(4096M) 120.203ms
[3586.427s][info][gc             ] GC(847) Concurrent Mark Cycle
[3586.427s][info][gc,marking     ] GC(847) Concurrent Scan Root Regions
[3586.427s][info][gc,cpu         ] GC(846) User=0.71s Sys=0.00s Real=0.12s
[3586.569s][info][gc,marking     ] GC(847) Concurrent Scan Root Regions 142.005ms
[3586.569s][info][gc,marking     ] GC(847) Concurrent Mark
[3586.569s][info][gc,marking     ] GC(847) Concurrent Mark From Roots
[3586.569s][info][gc,task        ] GC(847) Using 2 workers of 2 for marking
.[3587.248s][info][gc,marking     ] GC(847) Concurrent Mark From Roots 678.890ms
[3587.248s][info][gc,marking     ] GC(847) Concurrent Preclean
[3587.248s][info][gc,marking     ] GC(847) Concurrent Preclean 0.072ms
[3587.248s][info][gc,start       ] GC(847) Pause Remark
[3587.253s][info][gc             ] GC(847) Pause Remark 2037M->2037M(4096M) 4.431ms
[3587.253s][info][gc,cpu         ] GC(847) User=0.02s Sys=0.00s Real=0.00s
[3587.253s][info][gc,marking     ] GC(847) Concurrent Mark 683.624ms
[3587.253s][info][gc,marking     ] GC(847) Concurrent Rebuild Remembered Sets and Scrub Regions
[3587.509s][info][gc,marking     ] GC(847) Concurrent Rebuild Remembered Sets and Scrub Regions 256.017ms
[3587.511s][info][gc,start       ] GC(847) Pause Cleanup
[3587.511s][info][gc             ] GC(847) Pause Cleanup 2243M->2243M(4096M) 0.127ms
[3587.511s][info][gc,cpu         ] GC(847) User=0.01s Sys=0.00s Real=0.00s
[3587.511s][info][gc,marking     ] GC(847) Concurrent Clear Claimed Marks
[3587.511s][info][gc,marking     ] GC(847) Concurrent Clear Claimed Marks 0.035ms
[3587.511s][info][gc,marking     ] GC(847) Concurrent Cleanup for Next Mark
[3587.516s][info][gc,marking     ] GC(847) Concurrent Cleanup for Next Mark 4.860ms
[3587.516s][info][gc             ] GC(847) Concurrent Mark Cycle 1089.204ms
..[3589.253s][info][gc,start       ] GC(848) Pause Young (Prepare Mixed) (G1 Evacuation Pause)
[3589.253s][info][gc,task        ] GC(848) Using 6 workers of 6 for evacuation
[3589.371s][info][gc,phases      ] GC(848)   Pre Evacuate Collection Set: 0.35ms
[3589.371s][info][gc,phases      ] GC(848)   Merge Heap Roots: 0.51ms
[3589.371s][info][gc,phases      ] GC(848)   Evacuate Collection Set: 115.88ms
[3589.371s][info][gc,phases      ] GC(848)   Post Evacuate Collection Set: 0.94ms
[3589.371s][info][gc,phases      ] GC(848)   Other: 0.09ms
[3589.371s][info][gc,heap        ] GC(848) Eden regions: 1116->0(1109)
[3589.371s][info][gc,heap        ] GC(848) Survivor regions: 112->110(154)
[3589.371s][info][gc,heap        ] GC(848) Old regions: 505->536
[3589.371s][info][gc,heap        ] GC(848) Humongous regions: 80->80
[3589.371s][info][gc,metaspace   ] GC(848) Metaspace: 28877K(29248K)->28877K(29248K) NonClass: 24010K(24192K)->24010K(24192K) Class: 4867K(5056K)->4867K(5056K)
[3589.371s][info][gc             ] GC(848) Pause Young (Prepare Mixed) (G1 Evacuation Pause) 3623M->1450M(4096M) 117.942ms
[3589.371s][info][gc,cpu         ] GC(848) User=0.70s Sys=0.00s Real=0.12s
...[3592.332s][info][gc,start       ] GC(849) Pause Young (Mixed) (G1 Evacuation Pause)
[3592.332s][info][gc,task        ] GC(849) Using 6 workers of 6 for evacuation
[3592.467s][info][gc,phases      ] GC(849)   Pre Evacuate Collection Set: 0.38ms
[3592.467s][info][gc,phases      ] GC(849)   Merge Heap Roots: 0.66ms
[3592.467s][info][gc,phases      ] GC(849)   Evacuate Collection Set: 132.81ms
[3592.467s][info][gc,phases      ] GC(849)   Post Evacuate Collection Set: 0.97ms
[3592.467s][info][gc,phases      ] GC(849)   Other: 0.09ms
[3592.467s][info][gc,heap        ] GC(849) Eden regions: 1109->0(1117)
[3592.467s][info][gc,heap        ] GC(849) Survivor regions: 110->111(153)
[3592.467s][info][gc,heap        ] GC(849) Old regions: 536->474
[3592.467s][info][gc,heap        ] GC(849) Humongous regions: 80->80
[3592.467s][info][gc,metaspace   ] GC(849) Metaspace: 28877K(29248K)->28877K(29248K) NonClass: 24010K(24192K)->24010K(24192K) Class: 4867K(5056K)->4867K(5056K)
[3592.468s][info][gc             ] GC(849) Pause Young (Mixed) (G1 Evacuation Pause) 3668M->1327M(4096M) 135.050ms
[3592.468s][info][gc,cpu         ] GC(849) User=0.80s Sys=0.00s Real=0.14s
...[3595.306s][info][gc,start       ] GC(850) Pause Young (Concurrent Start) (G1 Evacuation Pause)
[3595.306s][info][gc,task        ] GC(850) Using 6 workers of 6 for evacuation
[3595.426s][info][gc,phases      ] GC(850)   Pre Evacuate Collection Set: 0.38ms
[3595.426s][info][gc,phases      ] GC(850)   Merge Heap Roots: 0.43ms
[3595.426s][info][gc,phases      ] GC(850)   Evacuate Collection Set: 117.64ms
[3595.426s][info][gc,phases      ] GC(850)   Post Evacuate Collection Set: 0.88ms
[3595.426s][info][gc,phases      ] GC(850)   Other: 0.10ms
[3595.426s][info][gc,heap        ] GC(850) Eden regions: 1117->0(1117)
[3595.426s][info][gc,heap        ] GC(850) Survivor regions: 111->111(154)
[3595.426s][info][gc,heap        ] GC(850) Old regions: 474->505
[3595.426s][info][gc,heap        ] GC(850) Humongous regions: 80->80
[3595.426s][info][gc,metaspace   ] GC(850) Metaspace: 28877K(29248K)->28877K(29248K) NonClass: 24010K(24192K)->24010K(24192K) Class: 4867K(5056K)->4867K(5056K)
[3595.426s][info][gc             ] GC(850) Pause Young (Concurrent Start) (G1 Evacuation Pause) 3561M->1391M(4096M) 119.588ms
[3595.426s][info][gc             ] GC(851) Concurrent Mark Cycle
[3595.426s][info][gc,marking     ] GC(851) Concurrent Scan Root Regions
[3595.426s][info][gc,cpu         ] GC(850) User=0.71s Sys=0.00s Real=0.12s
[3595.607s][info][gc,marking     ] GC(851) Concurrent Scan Root Regions 181.049ms
[3595.607s][info][gc,marking     ] GC(851) Concurrent Mark
[3595.607s][info][gc,marking     ] GC(851) Concurrent Mark From Roots
[3595.607s][info][gc,task        ] GC(851) Using 2 workers of 2 for marking
.[3596.486s][info][gc,marking     ] GC(851) Concurrent Mark From Roots 879.615ms
[3596.486s][info][gc,marking     ] GC(851) Concurrent Preclean
[3596.486s][info][gc,marking     ] GC(851) Concurrent Preclean 0.073ms
[3596.487s][info][gc,start       ] GC(851) Pause Remark
[3596.491s][info][gc             ] GC(851) Pause Remark 2256M->2256M(4096M) 4.685ms
[3596.491s][info][gc,cpu         ] GC(851) User=0.02s Sys=0.00s Real=0.01s
[3596.491s][info][gc,marking     ] GC(851) Concurrent Mark 884.631ms
[3596.491s][info][gc,marking     ] GC(851) Concurrent Rebuild Remembered Sets and Scrub Regions
.[3596.743s][info][gc,marking     ] GC(851) Concurrent Rebuild Remembered Sets and Scrub Regions 251.405ms
[3596.743s][info][gc,start       ] GC(851) Pause Cleanup
[3596.743s][info][gc             ] GC(851) Pause Cleanup 2426M->2426M(4096M) 0.106ms
[3596.743s][info][gc,cpu         ] GC(851) User=0.00s Sys=0.00s Real=0.00s
[3596.743s][info][gc,marking     ] GC(851) Concurrent Clear Claimed Marks
[3596.743s][info][gc,marking     ] GC(851) Concurrent Clear Claimed Marks 0.024ms
[3596.743s][info][gc,marking     ] GC(851) Concurrent Cleanup for Next Mark
[3596.748s][info][gc,marking     ] GC(851) Concurrent Cleanup for Next Mark 4.550ms
[3596.748s][info][gc             ] GC(851) Concurrent Mark Cycle 1322.144ms
.[3598.315s][info][gc,start       ] GC(852) Pause Young (Prepare Mixed) (G1 Evacuation Pause)
[3598.315s][info][gc,task        ] GC(852) Using 6 workers of 6 for evacuation
[3598.434s][info][gc,phases      ] GC(852)   Pre Evacuate Collection Set: 0.37ms
[3598.435s][info][gc,phases      ] GC(852)   Merge Heap Roots: 0.45ms
[3598.435s][info][gc,phases      ] GC(852)   Evacuate Collection Set: 117.18ms
[3598.435s][info][gc,phases      ] GC(852)   Post Evacuate Collection Set: 0.93ms
[3598.435s][info][gc,phases      ] GC(852)   Other: 0.09ms
[3598.435s][info][gc,heap        ] GC(852) Eden regions: 1117->0(1104)
[3598.435s][info][gc,heap        ] GC(852) Survivor regions: 111->112(154)
[3598.435s][info][gc,heap        ] GC(852) Old regions: 505->537
[3598.435s][info][gc,heap        ] GC(852) Humongous regions: 80->80
[3598.435s][info][gc,metaspace   ] GC(852) Metaspace: 28877K(29248K)->28877K(29248K) NonClass: 24010K(24192K)->24010K(24192K) Class: 4867K(5056K)->4867K(5056K)
[3598.435s][info][gc             ] GC(852) Pause Young (Prepare Mixed) (G1 Evacuation Pause) 3625M->1455M(4096M) 119.136ms
[3598.435s][info][gc,cpu         ] GC(852) User=0.70s Sys=0.00s Real=0.12s
...[3601.273s][info][gc,start       ] GC(853) Pause Young (Mixed) (G1 Evacuation Pause)
[3601.273s][info][gc,task        ] GC(853) Using 6 workers of 6 for evacuation
[3601.406s][info][gc,phases      ] GC(853)   Pre Evacuate Collection Set: 0.36ms
[3601.406s][info][gc,phases      ] GC(853)   Merge Heap Roots: 0.62ms
[3601.406s][info][gc,phases      ] GC(853)   Evacuate Collection Set: 130.75ms
[3601.406s][info][gc,phases      ] GC(853)   Post Evacuate Collection Set: 0.96ms
[3601.406s][info][gc,phases      ] GC(853)   Other: 0.09ms
[3601.406s][info][gc,heap        ] GC(853) Eden regions: 1104->0(1118)
[3601.406s][info][gc,heap        ] GC(853) Survivor regions: 112->110(152)
[3601.406s][info][gc,heap        ] GC(853) Old regions: 537->473
[3601.406s][info][gc,heap        ] GC(853) Humongous regions: 80->80
[3601.406s][info][gc,metaspace   ] GC(853) Metaspace: 28877K(29248K)->28877K(29248K) NonClass: 24010K(24192K)->24010K(24192K) Class: 4867K(5056K)->4867K(5056K)
[3601.406s][info][gc             ] GC(853) Pause Young (Mixed) (G1 Evacuation Pause) 3663M->1323M(4096M) 132.909ms
[3601.406s][info][gc,cpu         ] GC(853) User=0.79s Sys=0.00s Real=0.13s
...[3604.355s][info][gc,start       ] GC(854) Pause Young (Concurrent Start) (G1 Evacuation Pause)
[3604.355s][info][gc,task        ] GC(854) Using 6 workers of 6 for evacuation
[3604.472s][info][gc,phases      ] GC(854)   Pre Evacuate Collection Set: 0.36ms
[3604.472s][info][gc,phases      ] GC(854)   Merge Heap Roots: 0.45ms
[3604.472s][info][gc,phases      ] GC(854)   Evacuate Collection Set: 114.68ms
[3604.472s][info][gc,phases      ] GC(854)   Post Evacuate Collection Set: 0.91ms
[3604.472s][info][gc,phases      ] GC(854)   Other: 0.11ms
[3604.472s][info][gc,heap        ] GC(854) Eden regions: 1118->0(1120)
[3604.472s][info][gc,heap        ] GC(854) Survivor regions: 110->108(154)
[3604.472s][info][gc,heap        ] GC(854) Old regions: 473->505
[3604.472s][info][gc,heap        ] GC(854) Humongous regions: 80->80
[3604.472s][info][gc,metaspace   ] GC(854) Metaspace: 28877K(29248K)->28877K(29248K) NonClass: 24010K(24192K)->24010K(24192K) Class: 4867K(5056K)->4867K(5056K)
[3604.472s][info][gc             ] GC(854) Pause Young (Concurrent Start) (G1 Evacuation Pause) 3559M->1384M(4096M) 116.632ms
[3604.472s][info][gc             ] GC(855) Concurrent Mark Cycle
[3604.472s][info][gc,marking     ] GC(855) Concurrent Scan Root Regions
[3604.472s][info][gc,cpu         ] GC(854) User=0.69s Sys=0.00s Real=0.12s
[3604.623s][info][gc,marking     ] GC(855) Concurrent Scan Root Regions 150.649ms
[3604.623s][info][gc,marking     ] GC(855) Concurrent Mark
[3604.623s][info][gc,marking     ] GC(855) Concurrent Mark From Roots
[3604.623s][info][gc,task        ] GC(855) Using 2 workers of 2 for marking
.[3605.323s][info][gc,marking     ] GC(855) Concurrent Mark From Roots 700.275ms
[3605.323s][info][gc,marking     ] GC(855) Concurrent Preclean
[3605.323s][info][gc,marking     ] GC(855) Concurrent Preclean 0.084ms
[3605.323s][info][gc,start       ] GC(855) Pause Remark
[3605.327s][info][gc             ] GC(855) Pause Remark 2043M->2043M(4096M) 4.344ms
[3605.328s][info][gc,cpu         ] GC(855) User=0.02s Sys=0.00s Real=0.01s
[3605.328s][info][gc,marking     ] GC(855) Concurrent Mark 704.973ms
[3605.328s][info][gc,marking     ] GC(855) Concurrent Rebuild Remembered Sets and Scrub Regions
[3605.552s][info][gc,marking     ] GC(855) Concurrent Rebuild Remembered Sets and Scrub Regions 224.203ms
[3605.552s][info][gc,start       ] GC(855) Pause Cleanup
[3605.552s][info][gc             ] GC(855) Pause Cleanup 2211M->2211M(4096M) 0.132ms
[3605.552s][info][gc,cpu         ] GC(855) User=0.00s Sys=0.00s Real=0.00s
[3605.553s][info][gc,marking     ] GC(855) Concurrent Clear Claimed Marks
[3605.553s][info][gc,marking     ] GC(855) Concurrent Clear Claimed Marks 0.034ms
[3605.553s][info][gc,marking     ] GC(855) Concurrent Cleanup for Next Mark
[3605.559s][info][gc,marking     ] GC(855) Concurrent Cleanup for Next Mark 5.744ms
[3605.559s][info][gc             ] GC(855) Concurrent Mark Cycle 1087.285ms
..[3607.336s][info][gc,start       ] GC(856) Pause Young (Prepare Mixed) (G1 Evacuation Pause)
[3607.337s][info][gc,task        ] GC(856) Using 6 workers of 6 for evacuation
[3607.456s][info][gc,phases      ] GC(856)   Pre Evacuate Collection Set: 0.33ms
[3607.456s][info][gc,phases      ] GC(856)   Merge Heap Roots: 0.45ms
[3607.456s][info][gc,phases      ] GC(856)   Evacuate Collection Set: 117.30ms
[3607.456s][info][gc,phases      ] GC(856)   Post Evacuate Collection Set: 0.95ms
[3607.456s][info][gc,phases      ] GC(856)   Other: 0.08ms
[3607.456s][info][gc,heap        ] GC(856) Eden regions: 1120->0(1109)
[3607.456s][info][gc,heap        ] GC(856) Survivor regions: 108->110(154)
[3607.456s][info][gc,heap        ] GC(856) Old regions: 505->536
[3607.456s][info][gc,heap        ] GC(856) Humongous regions: 80->80
[3607.456s][info][gc,metaspace   ] GC(856) Metaspace: 28877K(29248K)->28877K(29248K) NonClass: 24010K(24192K)->24010K(24192K) Class: 4867K(5056K)->4867K(5056K)
[3607.456s][info][gc             ] GC(856) Pause Young (Prepare Mixed) (G1 Evacuation Pause) 3624M->1450M(4096M) 119.258ms
[3607.456s][info][gc,cpu         ] GC(856) User=0.70s Sys=0.00s Real=0.12s
...[3610.334s][info][gc,start       ] GC(857) Pause Young (Mixed) (G1 Evacuation Pause)
[3610.334s][info][gc,task        ] GC(857) Using 6 workers of 6 for evacuation
[3610.473s][info][gc,phases      ] GC(857)   Pre Evacuate Collection Set: 0.37ms
[3610.473s][info][gc,phases      ] GC(857)   Merge Heap Roots: 0.79ms
[3610.473s][info][gc,phases      ] GC(857)   Evacuate Collection Set: 136.46ms
[3610.473s][info][gc,phases      ] GC(857)   Post Evacuate Collection Set: 0.96ms
[3610.473s][info][gc,phases      ] GC(857)   Other: 0.09ms
[3610.473s][info][gc,heap        ] GC(857) Eden regions: 1109->0(1117)
[3610.473s][info][gc,heap        ] GC(857) Survivor regions: 110->111(153)
[3610.473s][info][gc,heap        ] GC(857) Old regions: 536->474
[3610.473s][info][gc,heap        ] GC(857) Humongous regions: 80->80
[3610.473s][info][gc,metaspace   ] GC(857) Metaspace: 28877K(29248K)->28877K(29248K) NonClass: 24010K(24192K)->24010K(24192K) Class: 4867K(5056K)->4867K(5056K)
[3610.473s][info][gc             ] GC(857) Pause Young (Mixed) (G1 Evacuation Pause) 3668M->1328M(4096M) 138.794ms
[3610.473s][info][gc,cpu         ] GC(857) User=0.82s Sys=0.00s Real=0.14s
...[3613.341s][info][gc,start       ] GC(858) Pause Young (Concurrent Start) (G1 Evacuation Pause)
[3613.341s][info][gc,task        ] GC(858) Using 6 workers of 6 for evacuation
[3613.462s][info][gc,phases      ] GC(858)   Pre Evacuate Collection Set: 0.37ms
[3613.462s][info][gc,phases      ] GC(858)   Merge Heap Roots: 0.45ms
[3613.462s][info][gc,phases      ] GC(858)   Evacuate Collection Set: 118.83ms
[3613.462s][info][gc,phases      ] GC(858)   Post Evacuate Collection Set: 0.90ms
[3613.462s][info][gc,phases      ] GC(858)   Other: 0.12ms
[3613.462s][info][gc,heap        ] GC(858) Eden regions: 1117->0(1116)
[3613.462s][info][gc,heap        ] GC(858) Survivor regions: 111->112(154)
[3613.462s][info][gc,heap        ] GC(858) Old regions: 474->506
[3613.462s][info][gc,heap        ] GC(858) Humongous regions: 80->80
[3613.462s][info][gc,metaspace   ] GC(858) Metaspace: 28877K(29248K)->28877K(29248K) NonClass: 24010K(24192K)->24010K(24192K) Class: 4867K(5056K)->4867K(5056K)
[3613.462s][info][gc             ] GC(858) Pause Young (Concurrent Start) (G1 Evacuation Pause) 3562M->1394M(4096M) 120.822ms
[3613.462s][info][gc             ] GC(859) Concurrent Mark Cycle
[3613.462s][info][gc,marking     ] GC(859) Concurrent Scan Root Regions
[3613.462s][info][gc,cpu         ] GC(858) User=0.71s Sys=0.01s Real=0.12s
[3613.611s][info][gc,marking     ] GC(859) Concurrent Scan Root Regions 148.805ms
[3613.611s][info][gc,marking     ] GC(859) Concurrent Mark
[3613.611s][info][gc,marking     ] GC(859) Concurrent Mark From Roots
[3613.611s][info][gc,task        ] GC(859) Using 2 workers of 2 for marking
.[3614.181s][info][gc,marking     ] GC(859) Concurrent Mark From Roots 570.385ms
[3614.181s][info][gc,marking     ] GC(859) Concurrent Preclean
[3614.181s][info][gc,marking     ] GC(859) Concurrent Preclean 0.164ms
[3614.182s][info][gc,start       ] GC(859) Pause Remark
[3614.185s][info][gc             ] GC(859) Pause Remark 1956M->1956M(4096M) 3.889ms
[3614.185s][info][gc,cpu         ] GC(859) User=0.02s Sys=0.00s Real=0.00s
[3614.187s][info][gc,marking     ] GC(859) Concurrent Mark 576.581ms
[3614.187s][info][gc,marking     ] GC(859) Concurrent Rebuild Remembered Sets and Scrub Regions
[3614.440s][info][gc,marking     ] GC(859) Concurrent Rebuild Remembered Sets and Scrub Regions 252.807ms
[3614.440s][info][gc,start       ] GC(859) Pause Cleanup
[3614.440s][info][gc             ] GC(859) Pause Cleanup 2153M->2153M(4096M) 0.113ms
[3614.440s][info][gc,cpu         ] GC(859) User=0.00s Sys=0.00s Real=0.00s
[3614.441s][info][gc,marking     ] GC(859) Concurrent Clear Claimed Marks
[3614.441s][info][gc,marking     ] GC(859) Concurrent Clear Claimed Marks 0.021ms
[3614.441s][info][gc,marking     ] GC(859) Concurrent Cleanup for Next Mark
[3614.445s][info][gc,marking     ] GC(859) Concurrent Cleanup for Next Mark 4.921ms
[3614.446s][info][gc             ] GC(859) Concurrent Mark Cycle 983.639ms
..[3616.416s][info][gc,start       ] GC(860) Pause Young (Prepare Mixed) (G1 Evacuation Pause)
[3616.416s][info][gc,task        ] GC(860) Using 6 workers of 6 for evacuation
[3616.532s][info][gc,phases      ] GC(860)   Pre Evacuate Collection Set: 0.35ms
[3616.532s][info][gc,phases      ] GC(860)   Merge Heap Roots: 0.49ms
[3616.532s][info][gc,phases      ] GC(860)   Evacuate Collection Set: 113.74ms
[3616.532s][info][gc,phases      ] GC(860)   Post Evacuate Collection Set: 0.94ms
[3616.532s][info][gc,phases      ] GC(860)   Other: 0.09ms
[3616.532s][info][gc,heap        ] GC(860) Eden regions: 1116->0(1113)
[3616.532s][info][gc,heap        ] GC(860) Survivor regions: 112->107(154)
[3616.532s][info][gc,heap        ] GC(860) Old regions: 506->538
[3616.532s][info][gc,heap        ] GC(860) Humongous regions: 80->80
[3616.532s][info][gc,metaspace   ] GC(860) Metaspace: 28877K(29248K)->28877K(29248K) NonClass: 24010K(24192K)->24010K(24192K) Class: 4867K(5056K)->4867K(5056K)
[3616.532s][info][gc             ] GC(860) Pause Young (Prepare Mixed) (G1 Evacuation Pause) 3626M->1448M(4096M) 115.737ms
[3616.532s][info][gc,cpu         ] GC(860) User=0.69s Sys=0.00s Real=0.12s
...[3619.393s][info][gc,start       ] GC(861) Pause Young (Mixed) (G1 Evacuation Pause)
[3619.393s][info][gc,task        ] GC(861) Using 6 workers of 6 for evacuation
[3619.524s][info][gc,phases      ] GC(861)   Pre Evacuate Collection Set: 0.36ms
[3619.524s][info][gc,phases      ] GC(861)   Merge Heap Roots: 0.61ms
[3619.524s][info][gc,phases      ] GC(861)   Evacuate Collection Set: 129.43ms
[3619.524s][info][gc,phases      ] GC(861)   Post Evacuate Collection Set: 0.98ms
[3619.524s][info][gc,phases      ] GC(861)   Other: 0.09ms
[3619.524s][info][gc,heap        ] GC(861) Eden regions: 1113->0(1119)
[3619.524s][info][gc,heap        ] GC(861) Survivor regions: 107->109(153)
[3619.524s][info][gc,heap        ] GC(861) Old regions: 538->473
[3619.524s][info][gc,heap        ] GC(861) Humongous regions: 80->80
[3619.524s][info][gc,metaspace   ] GC(861) Metaspace: 28877K(29248K)->28877K(29248K) NonClass: 24010K(24192K)->24010K(24192K) Class: 4867K(5056K)->4867K(5056K)
[3619.524s][info][gc             ] GC(861) Pause Young (Mixed) (G1 Evacuation Pause) 3674M->1323M(4096M) 131.624ms
[3619.524s][info][gc,cpu         ] GC(861) User=0.78s Sys=0.00s Real=0.13s
...[3622.409s][info][gc,start       ] GC(862) Pause Young (Concurrent Start) (G1 Evacuation Pause)
[3622.409s][info][gc,task        ] GC(862) Using 6 workers of 6 for evacuation
[3622.527s][info][gc,phases      ] GC(862)   Pre Evacuate Collection Set: 0.37ms
[3622.527s][info][gc,phases      ] GC(862)   Merge Heap Roots: 0.50ms
[3622.527s][info][gc,phases      ] GC(862)   Evacuate Collection Set: 116.07ms
[3622.527s][info][gc,phases      ] GC(862)   Post Evacuate Collection Set: 0.90ms
[3622.527s][info][gc,phases      ] GC(862)   Other: 0.11ms
[3622.527s][info][gc,heap        ] GC(862) Eden regions: 1119->0(1119)
[3622.527s][info][gc,heap        ] GC(862) Survivor regions: 109->109(154)
[3622.527s][info][gc,heap        ] GC(862) Old regions: 473->505
[3622.527s][info][gc,heap        ] GC(862) Humongous regions: 80->80
[3622.527s][info][gc,metaspace   ] GC(862) Metaspace: 28877K(29248K)->28877K(29248K) NonClass: 24010K(24192K)->24010K(24192K) Class: 4867K(5056K)->4867K(5056K)
[3622.527s][info][gc             ] GC(862) Pause Young (Concurrent Start) (G1 Evacuation Pause) 3561M->1386M(4096M) 118.088ms
[3622.527s][info][gc             ] GC(863) Concurrent Mark Cycle
[3622.527s][info][gc,marking     ] GC(863) Concurrent Scan Root Regions
[3622.527s][info][gc,cpu         ] GC(862) User=0.70s Sys=0.00s Real=0.12s
[3622.673s][info][gc,marking     ] GC(863) Concurrent Scan Root Regions 146.049ms
[3622.673s][info][gc,marking     ] GC(863) Concurrent Mark
[3622.673s][info][gc,marking     ] GC(863) Concurrent Mark From Roots
[3622.673s][info][gc,task        ] GC(863) Using 2 workers of 2 for marking
. (rIR:aIR:PR = 6227:6220:6221) (tPR = 92281) [OK] 
  3622s: Performance info:
         Transaction,    Success,    Partial,     Failed,   Receipts, AvgBarcode, 
             Overall,     375624,          0,          0,     356837,      59.48, 
         Response times:
             Request,    Success,    Partial,     Failed,   SkipFail,     Probes,    Samples,      min,      p50,      p90,      p95,      p99,      max, 
       TotalPurchase,     356830,          0,          0,          0,     347437,     386898,      300,     5100,    17700,    39000,    93000,   222000,
     InStorePurchase,     187806,          0,          0,          0,     182930,     203808,      300,     5300,    18200,    39000,    93000,   222000,
      OnlinePurchase,     131488,          0,          0,          0,     127961,     142615,      300,     5100,    17400,    38000,    94000,   200000,
        InstPurchase,      37536,          0,          0,          0,      36546,      40475,      300,     4800,    15900,    37000,    97000,   197000,
          AssocOfCat,        375,          0,          0,          0,        312,        415,    21000,    34000,    60000,    90400,   147680,   210000,
      AssocOfProduct,       3758,          0,          0,          0,       3484,       4024,      900,     4700,    18750,    38750,    82500,   197000,
      BusinessReport,        941,          0,          0,          0,        818,       1007,    26000,    38000,    82000,   111600,   178000,   392000,
          CustBuyBeh,       3750,          0,          0,          0,       3541,       4178,      600,     5700,    18000,    41000,   111210,   188000,
       ProductReturn,       9961,          0,          0,          0,       9478,      10788,      300,     5500,    17000,    40000,   106000,   188000,

  3622s: (46%)   IR =   6365 [3623.356s][info][gc,marking     ] GC(863) Concurrent Mark From Roots 683.086ms
[3623.356s][info][gc,marking     ] GC(863) Concurrent Preclean
[3623.356s][info][gc,marking     ] GC(863) Concurrent Preclean 0.121ms
[3623.356s][info][gc,start       ] GC(863) Pause Remark
[3623.360s][info][gc             ] GC(863) Pause Remark 2006M->2006M(4096M) 3.875ms
[3623.360s][info][gc,cpu         ] GC(863) User=0.02s Sys=0.00s Real=0.01s
[3623.360s][info][gc,marking     ] GC(863) Concurrent Mark 687.377ms
[3623.360s][info][gc,marking     ] GC(863) Concurrent Rebuild Remembered Sets and Scrub Regions
[3623.620s][info][gc,marking     ] GC(863) Concurrent Rebuild Remembered Sets and Scrub Regions 259.280ms
[3623.620s][info][gc,start       ] GC(863) Pause Cleanup
[3623.620s][info][gc             ] GC(863) Pause Cleanup 2208M->2208M(4096M) 0.119ms
[3623.620s][info][gc,cpu         ] GC(863) User=0.00s Sys=0.00s Real=0.00s
[3623.620s][info][gc,marking     ] GC(863) Concurrent Clear Claimed Marks
[3623.620s][info][gc,marking     ] GC(863) Concurrent Clear Claimed Marks 0.027ms
[3623.620s][info][gc,marking     ] GC(863) Concurrent Cleanup for Next Mark
[3623.625s][info][gc,marking     ] GC(863) Concurrent Cleanup for Next Mark 4.769ms
[3623.625s][info][gc             ] GC(863) Concurrent Mark Cycle 1098.096ms
..[3625.464s][info][gc,start       ] GC(864) Pause Young (Prepare Mixed) (G1 Evacuation Pause)
[3625.464s][info][gc,task        ] GC(864) Using 6 workers of 6 for evacuation
[3625.584s][info][gc,phases      ] GC(864)   Pre Evacuate Collection Set: 0.34ms
[3625.584s][info][gc,phases      ] GC(864)   Merge Heap Roots: 0.54ms
[3625.584s][info][gc,phases      ] GC(864)   Evacuate Collection Set: 117.51ms
[3625.584s][info][gc,phases      ] GC(864)   Post Evacuate Collection Set: 0.92ms
[3625.584s][info][gc,phases      ] GC(864)   Other: 0.09ms
[3625.584s][info][gc,heap        ] GC(864) Eden regions: 1119->0(1108)
[3625.584s][info][gc,heap        ] GC(864) Survivor regions: 109->110(154)
[3625.584s][info][gc,heap        ] GC(864) Old regions: 505->537
[3625.584s][info][gc,heap        ] GC(864) Humongous regions: 80->80
[3625.584s][info][gc,metaspace   ] GC(864) Metaspace: 28878K(29248K)->28878K(29248K) NonClass: 24011K(24192K)->24011K(24192K) Class: 4867K(5056K)->4867K(5056K)
[3625.584s][info][gc             ] GC(864) Pause Young (Prepare Mixed) (G1 Evacuation Pause) 3624M->1452M(4096M) 119.551ms
[3625.584s][info][gc,cpu         ] GC(864) User=0.70s Sys=0.01s Real=0.12s
...|[3628.382s][info][gc,start       ] GC(865) Pause Young (Mixed) (G1 Evacuation Pause)
[3628.382s][info][gc,task        ] GC(865) Using 6 workers of 6 for evacuation
[3628.516s][info][gc,phases      ] GC(865)   Pre Evacuate Collection Set: 0.39ms
[3628.516s][info][gc,phases      ] GC(865)   Merge Heap Roots: 0.74ms
[3628.516s][info][gc,phases      ] GC(865)   Evacuate Collection Set: 131.48ms
[3628.516s][info][gc,phases      ] GC(865)   Post Evacuate Collection Set: 0.95ms
[3628.516s][info][gc,phases      ] GC(865)   Other: 0.09ms
[3628.516s][info][gc,heap        ] GC(865) Eden regions: 1108->0(1121)
[3628.516s][info][gc,heap        ] GC(865) Survivor regions: 110->107(153)
[3628.516s][info][gc,heap        ] GC(865) Old regions: 537->473
[3628.516s][info][gc,heap        ] GC(865) Humongous regions: 80->80
[3628.516s][info][gc,metaspace   ] GC(865) Metaspace: 28878K(29248K)->28878K(29248K) NonClass: 24011K(24192K)->24011K(24192K) Class: 4867K(5056K)->4867K(5056K)
[3628.516s][info][gc             ] GC(865) Pause Young (Mixed) (G1 Evacuation Pause) 3668M->1319M(4096M) 133.792ms
[3628.516s][info][gc,cpu         ] GC(865) User=0.79s Sys=0.00s Real=0.13s
...[3631.347s][info][gc,start       ] GC(866) Pause Young (Concurrent Start) (G1 Evacuation Pause)
[3631.347s][info][gc,task        ] GC(866) Using 6 workers of 6 for evacuation
[3631.467s][info][gc,phases      ] GC(866)   Pre Evacuate Collection Set: 0.36ms
[3631.467s][info][gc,phases      ] GC(866)   Merge Heap Roots: 0.44ms
[3631.467s][info][gc,phases      ] GC(866)   Evacuate Collection Set: 118.09ms
[3631.467s][info][gc,phases      ] GC(866)   Post Evacuate Collection Set: 0.92ms
[3631.467s][info][gc,phases      ] GC(866)   Other: 0.13ms
[3631.467s][info][gc,heap        ] GC(866) Eden regions: 1121->0(1118)
[3631.467s][info][gc,heap        ] GC(866) Survivor regions: 107->110(154)
[3631.467s][info][gc,heap        ] GC(866) Old regions: 473->505
[3631.467s][info][gc,heap        ] GC(866) Humongous regions: 80->80
[3631.467s][info][gc,metaspace   ] GC(866) Metaspace: 28878K(29248K)->28878K(29248K) NonClass: 24011K(24192K)->24011K(24192K) Class: 4867K(5056K)->4867K(5056K)
[3631.467s][info][gc             ] GC(866) Pause Young (Concurrent Start) (G1 Evacuation Pause) 3561M->1389M(4096M) 120.067ms
[3631.467s][info][gc             ] GC(867) Concurrent Mark Cycle
[3631.467s][info][gc,marking     ] GC(867) Concurrent Scan Root Regions
[3631.467s][info][gc,cpu         ] GC(866) User=0.71s Sys=0.00s Real=0.12s
[3631.615s][info][gc,marking     ] GC(867) Concurrent Scan Root Regions 147.252ms
[3631.615s][info][gc,marking     ] GC(867) Concurrent Mark
[3631.615s][info][gc,marking     ] GC(867) Concurrent Mark From Roots
[3631.615s][info][gc,task        ] GC(867) Using 2 workers of 2 for marking
.[3632.291s][info][gc,marking     ] GC(867) Concurrent Mark From Roots 676.293ms
[3632.291s][info][gc,marking     ] GC(867) Concurrent Preclean
[3632.291s][info][gc,marking     ] GC(867) Concurrent Preclean 0.118ms
[3632.291s][info][gc,start       ] GC(867) Pause Remark
[3632.296s][info][gc             ] GC(867) Pause Remark 2095M->2095M(4096M) 5.136ms
[3632.296s][info][gc,cpu         ] GC(867) User=0.03s Sys=0.00s Real=0.00s
[3632.297s][info][gc,marking     ] GC(867) Concurrent Mark 682.854ms
[3632.298s][info][gc,marking     ] GC(867) Concurrent Rebuild Remembered Sets and Scrub Regions
[3632.636s][info][gc,marking     ] GC(867) Concurrent Rebuild Remembered Sets and Scrub Regions 338.801ms
[3632.636s][info][gc,start       ] GC(867) Pause Cleanup
[3632.637s][info][gc             ] GC(867) Pause Cleanup 2391M->2391M(4096M) 0.101ms
[3632.637s][info][gc,cpu         ] GC(867) User=0.00s Sys=0.00s Real=0.00s
[3632.637s][info][gc,marking     ] GC(867) Concurrent Clear Claimed Marks
[3632.637s][info][gc,marking     ] GC(867) Concurrent Clear Claimed Marks 0.021ms
[3632.637s][info][gc,marking     ] GC(867) Concurrent Cleanup for Next Mark
[3632.640s][info][gc,marking     ] GC(867) Concurrent Cleanup for Next Mark 3.226ms
[3632.640s][info][gc             ] GC(867) Concurrent Mark Cycle 1172.620ms
..[3634.273s][info][gc,start       ] GC(868) Pause Young (Prepare Mixed) (G1 Evacuation Pause)
[3634.273s][info][gc,task        ] GC(868) Using 6 workers of 6 for evacuation
[3634.391s][info][gc,phases      ] GC(868)   Pre Evacuate Collection Set: 0.34ms
[3634.391s][info][gc,phases      ] GC(868)   Merge Heap Roots: 0.49ms
[3634.391s][info][gc,phases      ] GC(868)   Evacuate Collection Set: 115.56ms
[3634.391s][info][gc,phases      ] GC(868)   Post Evacuate Collection Set: 0.91ms
[3634.391s][info][gc,phases      ] GC(868)   Other: 0.09ms
[3634.391s][info][gc,heap        ] GC(868) Eden regions: 1118->0(1108)
[3634.391s][info][gc,heap        ] GC(868) Survivor regions: 110->110(154)
[3634.391s][info][gc,heap        ] GC(868) Old regions: 505->537
[3634.391s][info][gc,heap        ] GC(868) Humongous regions: 80->80
[3634.391s][info][gc,metaspace   ] GC(868) Metaspace: 28878K(29248K)->28878K(29248K) NonClass: 24011K(24192K)->24011K(24192K) Class: 4867K(5056K)->4867K(5056K)
[3634.391s][info][gc             ] GC(868) Pause Young (Prepare Mixed) (G1 Evacuation Pause) 3625M->1452M(4096M) 117.524ms
[3634.391s][info][gc,cpu         ] GC(868) User=0.69s Sys=0.00s Real=0.12s
...[3637.190s][info][gc,start       ] GC(869) Pause Young (Mixed) (G1 Evacuation Pause)
[3637.190s][info][gc,task        ] GC(869) Using 6 workers of 6 for evacuation
[3637.331s][info][gc,phases      ] GC(869)   Pre Evacuate Collection Set: 0.37ms
[3637.331s][info][gc,phases      ] GC(869)   Merge Heap Roots: 0.65ms
[3637.331s][info][gc,phases      ] GC(869)   Evacuate Collection Set: 139.34ms
[3637.332s][info][gc,phases      ] GC(869)   Post Evacuate Collection Set: 0.97ms
[3637.332s][info][gc,phases      ] GC(869)   Other: 0.09ms
[3637.332s][info][gc,heap        ] GC(869) Eden regions: 1108->0(1111)
[3637.332s][info][gc,heap        ] GC(869) Survivor regions: 110->117(153)
[3637.332s][info][gc,heap        ] GC(869) Old regions: 537->474
[3637.332s][info][gc,heap        ] GC(869) Humongous regions: 80->80
[3637.332s][info][gc,metaspace   ] GC(869) Metaspace: 28878K(29248K)->28878K(29248K) NonClass: 24011K(24192K)->24011K(24192K) Class: 4867K(5056K)->4867K(5056K)
[3637.332s][info][gc             ] GC(869) Pause Young (Mixed) (G1 Evacuation Pause) 3668M->1340M(4096M) 141.543ms
[3637.332s][info][gc,cpu         ] GC(869) User=0.84s Sys=0.00s Real=0.14s
...[3640.165s][info][gc,start       ] GC(870) Pause Young (Concurrent Start) (G1 Evacuation Pause)
[3640.165s][info][gc,task        ] GC(870) Using 6 workers of 6 for evacuation
[3640.282s][info][gc,phases      ] GC(870)   Pre Evacuate Collection Set: 0.43ms
[3640.282s][info][gc,phases      ] GC(870)   Merge Heap Roots: 0.47ms
[3640.282s][info][gc,phases      ] GC(870)   Evacuate Collection Set: 114.50ms
[3640.282s][info][gc,phases      ] GC(870)   Post Evacuate Collection Set: 0.90ms
[3640.282s][info][gc,phases      ] GC(870)   Other: 0.13ms
[3640.282s][info][gc,heap        ] GC(870) Eden regions: 1111->0(1119)
[3640.282s][info][gc,heap        ] GC(870) Survivor regions: 117->109(154)
[3640.282s][info][gc,heap        ] GC(870) Old regions: 474->506
[3640.282s][info][gc,heap        ] GC(870) Humongous regions: 80->80
[3640.282s][info][gc,metaspace   ] GC(870) Metaspace: 28878K(29248K)->28878K(29248K) NonClass: 24011K(24192K)->24011K(24192K) Class: 4867K(5056K)->4867K(5056K)
[3640.282s][info][gc             ] GC(870) Pause Young (Concurrent Start) (G1 Evacuation Pause) 3562M->1388M(4096M) 116.560ms
[3640.282s][info][gc             ] GC(871) Concurrent Mark Cycle
[3640.282s][info][gc,marking     ] GC(871) Concurrent Scan Root Regions
[3640.282s][info][gc,cpu         ] GC(870) User=0.69s Sys=0.00s Real=0.12s
[3640.462s][info][gc,marking     ] GC(871) Concurrent Scan Root Regions 179.747ms
[3640.462s][info][gc,marking     ] GC(871) Concurrent Mark
[3640.462s][info][gc,marking     ] GC(871) Concurrent Mark From Roots
[3640.462s][info][gc,task        ] GC(871) Using 2 workers of 2 for marking
.[3641.429s][info][gc,marking     ] GC(871) Concurrent Mark From Roots 967.616ms
[3641.429s][info][gc,marking     ] GC(871) Concurrent Preclean
[3641.430s][info][gc,marking     ] GC(871) Concurrent Preclean 0.131ms
[3641.430s][info][gc,start       ] GC(871) Pause Remark
[3641.435s][info][gc             ] GC(871) Pause Remark 2370M->2370M(4096M) 4.735ms
[3641.435s][info][gc,cpu         ] GC(871) User=0.03s Sys=0.01s Real=0.00s
[3641.436s][info][gc,marking     ] GC(871) Concurrent Mark 974.236ms
[3641.436s][info][gc,marking     ] GC(871) Concurrent Rebuild Remembered Sets and Scrub Regions
[3641.691s][info][gc,marking     ] GC(871) Concurrent Rebuild Remembered Sets and Scrub Regions 255.352ms
[3641.691s][info][gc,start       ] GC(871) Pause Cleanup
[3641.692s][info][gc             ] GC(871) Pause Cleanup 2574M->2574M(4096M) 0.112ms
[3641.692s][info][gc,cpu         ] GC(871) User=0.00s Sys=0.00s Real=0.00s
[3641.692s][info][gc,marking     ] GC(871) Concurrent Clear Claimed Marks
[3641.692s][info][gc,marking     ] GC(871) Concurrent Clear Claimed Marks 0.025ms
[3641.692s][info][gc,marking     ] GC(871) Concurrent Cleanup for Next Mark
[3641.696s][info][gc,marking     ] GC(871) Concurrent Cleanup for Next Mark 4.665ms
[3641.696s][info][gc             ] GC(871) Concurrent Mark Cycle 1414.595ms
..[3643.130s][info][gc,start       ] GC(872) Pause Young (Prepare Mixed) (G1 Evacuation Pause)
[3643.130s][info][gc,task        ] GC(872) Using 6 workers of 6 for evacuation
[3643.249s][info][gc,phases      ] GC(872)   Pre Evacuate Collection Set: 0.32ms
[3643.249s][info][gc,phases      ] GC(872)   Merge Heap Roots: 0.59ms
[3643.249s][info][gc,phases      ] GC(872)   Evacuate Collection Set: 117.51ms
[3643.249s][info][gc,phases      ] GC(872)   Post Evacuate Collection Set: 0.94ms
[3643.249s][info][gc,phases      ] GC(872)   Other: 0.08ms
[3643.249s][info][gc,heap        ] GC(872) Eden regions: 1119->0(1104)
[3643.249s][info][gc,heap        ] GC(872) Survivor regions: 109->112(154)
[3643.249s][info][gc,heap        ] GC(872) Old regions: 506->537
[3643.249s][info][gc,heap        ] GC(872) Humongous regions: 80->80
[3643.249s][info][gc,metaspace   ] GC(872) Metaspace: 28878K(29248K)->28878K(29248K) NonClass: 24011K(24192K)->24011K(24192K) Class: 4867K(5056K)->4867K(5056K)
[3643.249s][info][gc             ] GC(872) Pause Young (Prepare Mixed) (G1 Evacuation Pause) 3626M->1455M(4096M) 119.578ms
[3643.249s][info][gc,cpu         ] GC(872) User=0.71s Sys=0.00s Real=0.12s
..[3646.027s][info][gc,start       ] GC(873) Pause Young (Mixed) (G1 Evacuation Pause)
[3646.027s][info][gc,task        ] GC(873) Using 6 workers of 6 for evacuation
[3646.165s][info][gc,phases      ] GC(873)   Pre Evacuate Collection Set: 0.36ms
[3646.165s][info][gc,phases      ] GC(873)   Merge Heap Roots: 0.65ms
[3646.165s][info][gc,phases      ] GC(873)   Evacuate Collection Set: 135.67ms
[3646.165s][info][gc,phases      ] GC(873)   Post Evacuate Collection Set: 0.94ms
[3646.165s][info][gc,phases      ] GC(873)   Other: 0.08ms
[3646.165s][info][gc,heap        ] GC(873) Eden regions: 1104->0(1118)
[3646.165s][info][gc,heap        ] GC(873) Survivor regions: 112->110(152)
[3646.165s][info][gc,heap        ] GC(873) Old regions: 537->473
[3646.165s][info][gc,heap        ] GC(873) Humongous regions: 80->80
[3646.165s][info][gc,metaspace   ] GC(873) Metaspace: 28878K(29248K)->28878K(29248K) NonClass: 24011K(24192K)->24011K(24192K) Class: 4867K(5056K)->4867K(5056K)
[3646.165s][info][gc             ] GC(873) Pause Young (Mixed) (G1 Evacuation Pause) 3663M->1324M(4096M) 137.834ms
[3646.165s][info][gc,cpu         ] GC(873) User=0.82s Sys=0.00s Real=0.13s
...[3648.995s][info][gc,start       ] GC(874) Pause Young (Concurrent Start) (G1 Evacuation Pause)
[3648.995s][info][gc,task        ] GC(874) Using 6 workers of 6 for evacuation
[3649.111s][info][gc,phases      ] GC(874)   Pre Evacuate Collection Set: 0.35ms
[3649.111s][info][gc,phases      ] GC(874)   Merge Heap Roots: 0.45ms
[3649.111s][info][gc,phases      ] GC(874)   Evacuate Collection Set: 114.58ms
[3649.111s][info][gc,phases      ] GC(874)   Post Evacuate Collection Set: 0.88ms
[3649.111s][info][gc,phases      ] GC(874)   Other: 0.14ms
[3649.111s][info][gc,heap        ] GC(874) Eden regions: 1118->0(1119)
[3649.111s][info][gc,heap        ] GC(874) Survivor regions: 110->109(154)
[3649.111s][info][gc,heap        ] GC(874) Old regions: 473->505
[3649.111s][info][gc,heap        ] GC(874) Humongous regions: 80->80
[3649.111s][info][gc,metaspace   ] GC(874) Metaspace: 28878K(29248K)->28878K(29248K) NonClass: 24011K(24192K)->24011K(24192K) Class: 4867K(5056K)->4867K(5056K)
[3649.111s][info][gc             ] GC(874) Pause Young (Concurrent Start) (G1 Evacuation Pause) 3560M->1386M(4096M) 116.539ms
[3649.112s][info][gc             ] GC(875) Concurrent Mark Cycle
[3649.112s][info][gc,marking     ] GC(875) Concurrent Scan Root Regions
[3649.112s][info][gc,cpu         ] GC(874) User=0.69s Sys=0.00s Real=0.12s
.[3649.257s][info][gc,marking     ] GC(875) Concurrent Scan Root Regions 145.415ms
[3649.257s][info][gc,marking     ] GC(875) Concurrent Mark
[3649.257s][info][gc,marking     ] GC(875) Concurrent Mark From Roots
[3649.257s][info][gc,task        ] GC(875) Using 2 workers of 2 for marking
[3649.935s][info][gc,marking     ] GC(875) Concurrent Mark From Roots 678.315ms
[3649.935s][info][gc,marking     ] GC(875) Concurrent Preclean
[3649.935s][info][gc,marking     ] GC(875) Concurrent Preclean 0.120ms
[3649.936s][info][gc,start       ] GC(875) Pause Remark
[3649.940s][info][gc             ] GC(875) Pause Remark 2031M->2031M(4096M) 3.976ms
[3649.940s][info][gc,cpu         ] GC(875) User=0.02s Sys=0.00s Real=0.01s
[3649.940s][info][gc,marking     ] GC(875) Concurrent Mark 683.154ms
[3649.940s][info][gc,marking     ] GC(875) Concurrent Rebuild Remembered Sets and Scrub Regions
[3650.194s][info][gc,marking     ] GC(875) Concurrent Rebuild Remembered Sets and Scrub Regions 253.713ms
[3650.194s][info][gc,start       ] GC(875) Pause Cleanup
[3650.194s][info][gc             ] GC(875) Pause Cleanup 2260M->2260M(4096M) 0.121ms
[3650.194s][info][gc,cpu         ] GC(875) User=0.00s Sys=0.00s Real=0.00s
[3650.195s][info][gc,marking     ] GC(875) Concurrent Clear Claimed Marks
[3650.195s][info][gc,marking     ] GC(875) Concurrent Clear Claimed Marks 0.027ms
[3650.195s][info][gc,marking     ] GC(875) Concurrent Cleanup for Next Mark
[3650.200s][info][gc,marking     ] GC(875) Concurrent Cleanup for Next Mark 5.510ms
[3650.200s][info][gc             ] GC(875) Concurrent Mark Cycle 1088.972ms
..[3651.935s][info][gc,start       ] GC(876) Pause Young (Prepare Mixed) (G1 Evacuation Pause)
[3651.935s][info][gc,task        ] GC(876) Using 6 workers of 6 for evacuation
[3652.056s][info][gc,phases      ] GC(876)   Pre Evacuate Collection Set: 0.32ms
[3652.056s][info][gc,phases      ] GC(876)   Merge Heap Roots: 0.49ms
[3652.056s][info][gc,phases      ] GC(876)   Evacuate Collection Set: 119.18ms
[3652.056s][info][gc,phases      ] GC(876)   Post Evacuate Collection Set: 0.93ms
[3652.056s][info][gc,phases      ] GC(876)   Other: 0.09ms
[3652.056s][info][gc,heap        ] GC(876) Eden regions: 1119->0(1107)
[3652.056s][info][gc,heap        ] GC(876) Survivor regions: 109->111(154)
[3652.056s][info][gc,heap        ] GC(876) Old regions: 505->536
[3652.056s][info][gc,heap        ] GC(876) Humongous regions: 80->80
[3652.056s][info][gc,metaspace   ] GC(876) Metaspace: 28878K(29248K)->28878K(29248K) NonClass: 24011K(24192K)->24011K(24192K) Class: 4867K(5056K)->4867K(5056K)
[3652.056s][info][gc             ] GC(876) Pause Young (Prepare Mixed) (G1 Evacuation Pause) 3624M->1452M(4096M) 121.146ms
[3652.056s][info][gc,cpu         ] GC(876) User=0.72s Sys=0.00s Real=0.12s
...[3654.886s][info][gc,start       ] GC(877) Pause Young (Mixed) (G1 Evacuation Pause)
[3654.886s][info][gc,task        ] GC(877) Using 6 workers of 6 for evacuation
[3655.022s][info][gc,phases      ] GC(877)   Pre Evacuate Collection Set: 0.34ms
[3655.022s][info][gc,phases      ] GC(877)   Merge Heap Roots: 0.71ms
[3655.022s][info][gc,phases      ] GC(877)   Evacuate Collection Set: 133.61ms
[3655.022s][info][gc,phases      ] GC(877)   Post Evacuate Collection Set: 0.98ms
[3655.022s][info][gc,phases      ] GC(877)   Other: 0.08ms
[3655.022s][info][gc,heap        ] GC(877) Eden regions: 1107->0(1117)
[3655.022s][info][gc,heap        ] GC(877) Survivor regions: 111->111(153)
[3655.022s][info][gc,heap        ] GC(877) Old regions: 536->473
[3655.022s][info][gc,heap        ] GC(877) Humongous regions: 80->80
[3655.022s][info][gc,metaspace   ] GC(877) Metaspace: 28878K(29248K)->28878K(29248K) NonClass: 24011K(24192K)->24011K(24192K) Class: 4867K(5056K)->4867K(5056K)
[3655.022s][info][gc             ] GC(877) Pause Young (Mixed) (G1 Evacuation Pause) 3666M->1326M(4096M) 135.863ms
[3655.022s][info][gc,cpu         ] GC(877) User=0.80s Sys=0.00s Real=0.14s
...[3657.822s][info][gc,start       ] GC(878) Pause Young (Concurrent Start) (G1 Evacuation Pause)
[3657.822s][info][gc,task        ] GC(878) Using 6 workers of 6 for evacuation
[3657.944s][info][gc,phases      ] GC(878)   Pre Evacuate Collection Set: 0.41ms
[3657.944s][info][gc,phases      ] GC(878)   Merge Heap Roots: 0.44ms
[3657.944s][info][gc,phases      ] GC(878)   Evacuate Collection Set: 120.01ms
[3657.944s][info][gc,phases      ] GC(878)   Post Evacuate Collection Set: 0.90ms
[3657.944s][info][gc,phases      ] GC(878)   Other: 0.11ms
[3657.944s][info][gc,heap        ] GC(878) Eden regions: 1117->0(1116)
[3657.944s][info][gc,heap        ] GC(878) Survivor regions: 111->112(154)
[3657.944s][info][gc,heap        ] GC(878) Old regions: 473->505
[3657.944s][info][gc,heap        ] GC(878) Humongous regions: 80->80
[3657.944s][info][gc,metaspace   ] GC(878) Metaspace: 28878K(29248K)->28878K(29248K) NonClass: 24011K(24192K)->24011K(24192K) Class: 4867K(5056K)->4867K(5056K)
[3657.944s][info][gc             ] GC(878) Pause Young (Concurrent Start) (G1 Evacuation Pause) 3560M->1392M(4096M) 122.017ms
[3657.944s][info][gc             ] GC(879) Concurrent Mark Cycle
[3657.944s][info][gc,marking     ] GC(879) Concurrent Scan Root Regions
[3657.944s][info][gc,cpu         ] GC(878) User=0.71s Sys=0.00s Real=0.12s
[3658.086s][info][gc,marking     ] GC(879) Concurrent Scan Root Regions 141.351ms
[3658.086s][info][gc,marking     ] GC(879) Concurrent Mark
[3658.086s][info][gc,marking     ] GC(879) Concurrent Mark From Roots
[3658.086s][info][gc,task        ] GC(879) Using 2 workers of 2 for marking
.[3658.818s][info][gc,marking     ] GC(879) Concurrent Mark From Roots 732.468ms
[3658.818s][info][gc,marking     ] GC(879) Concurrent Preclean
[3658.819s][info][gc,marking     ] GC(879) Concurrent Preclean 0.105ms
[3658.819s][info][gc,start       ] GC(879) Pause Remark
[3658.823s][info][gc             ] GC(879) Pause Remark 2120M->2120M(4096M) 4.244ms
[3658.823s][info][gc,cpu         ] GC(879) User=0.02s Sys=0.01s Real=0.00s
[3658.823s][info][gc,marking     ] GC(879) Concurrent Mark 737.415ms
[3658.823s][info][gc,marking     ] GC(879) Concurrent Rebuild Remembered Sets and Scrub Regions
[3659.095s][info][gc,marking     ] GC(879) Concurrent Rebuild Remembered Sets and Scrub Regions 271.931ms
[3659.096s][info][gc,start       ] GC(879) Pause Cleanup
[3659.096s][info][gc             ] GC(879) Pause Cleanup 2370M->2370M(4096M) 0.121ms
[3659.096s][info][gc,cpu         ] GC(879) User=0.00s Sys=0.00s Real=0.00s
[3659.097s][info][gc,marking     ] GC(879) Concurrent Clear Claimed Marks
[3659.097s][info][gc,marking     ] GC(879) Concurrent Clear Claimed Marks 0.029ms
[3659.097s][info][gc,marking     ] GC(879) Concurrent Cleanup for Next Mark
[3659.102s][info][gc,marking     ] GC(879) Concurrent Cleanup for Next Mark 4.618ms
[3659.102s][info][gc             ] GC(879) Concurrent Mark Cycle 1157.410ms
..[3660.719s][info][gc,start       ] GC(880) Pause Young (Prepare Mixed) (G1 Evacuation Pause)
[3660.719s][info][gc,task        ] GC(880) Using 6 workers of 6 for evacuation
[3660.839s][info][gc,phases      ] GC(880)   Pre Evacuate Collection Set: 0.31ms
[3660.839s][info][gc,phases      ] GC(880)   Merge Heap Roots: 0.53ms
[3660.839s][info][gc,phases      ] GC(880)   Evacuate Collection Set: 117.80ms
[3660.839s][info][gc,phases      ] GC(880)   Post Evacuate Collection Set: 0.90ms
[3660.839s][info][gc,phases      ] GC(880)   Other: 0.08ms
[3660.839s][info][gc,heap        ] GC(880) Eden regions: 1116->0(1111)
[3660.839s][info][gc,heap        ] GC(880) Survivor regions: 112->108(154)
[3660.839s][info][gc,heap        ] GC(880) Old regions: 505->538
[3660.839s][info][gc,heap        ] GC(880) Humongous regions: 80->80
[3660.839s][info][gc,metaspace   ] GC(880) Metaspace: 28878K(29248K)->28878K(29248K) NonClass: 24011K(24192K)->24011K(24192K) Class: 4867K(5056K)->4867K(5056K)
[3660.839s][info][gc             ] GC(880) Pause Young (Prepare Mixed) (G1 Evacuation Pause) 3624M->1451M(4096M) 119.758ms
[3660.839s][info][gc,cpu         ] GC(880) User=0.71s Sys=0.00s Real=0.12s
...[3663.679s][info][gc,start       ] GC(881) Pause Young (Mixed) (G1 Evacuation Pause)
[3663.679s][info][gc,task        ] GC(881) Using 6 workers of 6 for evacuation
[3663.815s][info][gc,phases      ] GC(881)   Pre Evacuate Collection Set: 0.35ms
[3663.815s][info][gc,phases      ] GC(881)   Merge Heap Roots: 0.67ms
[3663.815s][info][gc,phases      ] GC(881)   Evacuate Collection Set: 134.09ms
[3663.815s][info][gc,phases      ] GC(881)   Post Evacuate Collection Set: 0.93ms
[3663.815s][info][gc,phases      ] GC(881)   Other: 0.09ms
[3663.815s][info][gc,heap        ] GC(881) Eden regions: 1111->0(1117)
[3663.815s][info][gc,heap        ] GC(881) Survivor regions: 108->111(153)
[3663.815s][info][gc,heap        ] GC(881) Old regions: 538->475
[3663.815s][info][gc,heap        ] GC(881) Humongous regions: 80->80
[3663.815s][info][gc,metaspace   ] GC(881) Metaspace: 28878K(29248K)->28878K(29248K) NonClass: 24011K(24192K)->24011K(24192K) Class: 4867K(5056K)->4867K(5056K)
[3663.815s][info][gc             ] GC(881) Pause Young (Mixed) (G1 Evacuation Pause) 3673M->1330M(4096M) 136.268ms
[3663.815s][info][gc,cpu         ] GC(881) User=0.81s Sys=0.00s Real=0.13s
...[3666.583s][info][gc,start       ] GC(882) Pause Young (Concurrent Start) (G1 Evacuation Pause)
[3666.583s][info][gc,task        ] GC(882) Using 6 workers of 6 for evacuation
[3666.698s][info][gc,phases      ] GC(882)   Pre Evacuate Collection Set: 0.38ms
[3666.698s][info][gc,phases      ] GC(882)   Merge Heap Roots: 0.44ms
[3666.698s][info][gc,phases      ] GC(882)   Evacuate Collection Set: 113.10ms
[3666.698s][info][gc,phases      ] GC(882)   Post Evacuate Collection Set: 0.89ms
[3666.698s][info][gc,phases      ] GC(882)   Other: 0.10ms
[3666.698s][info][gc,heap        ] GC(882) Eden regions: 1117->0(1120)
[3666.698s][info][gc,heap        ] GC(882) Survivor regions: 111->108(154)
[3666.698s][info][gc,heap        ] GC(882) Old regions: 475->506
[3666.698s][info][gc,heap        ] GC(882) Humongous regions: 80->80
[3666.698s][info][gc,metaspace   ] GC(882) Metaspace: 28878K(29248K)->28878K(29248K) NonClass: 24011K(24192K)->24011K(24192K) Class: 4867K(5056K)->4867K(5056K)
[3666.698s][info][gc             ] GC(882) Pause Young (Concurrent Start) (G1 Evacuation Pause) 3564M->1387M(4096M) 115.048ms
[3666.698s][info][gc             ] GC(883) Concurrent Mark Cycle
[3666.698s][info][gc,marking     ] GC(883) Concurrent Scan Root Regions
[3666.698s][info][gc,cpu         ] GC(882) User=0.68s Sys=0.00s Real=0.12s
[3666.839s][info][gc,marking     ] GC(883) Concurrent Scan Root Regions 141.156ms
[3666.839s][info][gc,marking     ] GC(883) Concurrent Mark
[3666.839s][info][gc,marking     ] GC(883) Concurrent Mark From Roots
[3666.839s][info][gc,task        ] GC(883) Using 2 workers of 2 for marking
.[3667.536s][info][gc,marking     ] GC(883) Concurrent Mark From Roots 696.708ms
[3667.536s][info][gc,marking     ] GC(883) Concurrent Preclean
[3667.536s][info][gc,marking     ] GC(883) Concurrent Preclean 0.088ms
[3667.538s][info][gc,start       ] GC(883) Pause Remark
[3667.542s][info][gc             ] GC(883) Pause Remark 2063M->2063M(4096M) 3.578ms
[3667.542s][info][gc,cpu         ] GC(883) User=0.02s Sys=0.00s Real=0.00s
[3667.543s][info][gc,marking     ] GC(883) Concurrent Mark 703.709ms
[3667.543s][info][gc,marking     ] GC(883) Concurrent Rebuild Remembered Sets and Scrub Regions
[3667.874s][info][gc,marking     ] GC(883) Concurrent Rebuild Remembered Sets and Scrub Regions 331.450ms
[3667.874s][info][gc,start       ] GC(883) Pause Cleanup
[3667.874s][info][gc             ] GC(883) Pause Cleanup 2335M->2335M(4096M) 0.109ms
[3667.874s][info][gc,cpu         ] GC(883) User=0.00s Sys=0.00s Real=0.00s
[3667.875s][info][gc,marking     ] GC(883) Concurrent Clear Claimed Marks
[3667.875s][info][gc,marking     ] GC(883) Concurrent Clear Claimed Marks 0.030ms
[3667.875s][info][gc,marking     ] GC(883) Concurrent Cleanup for Next Mark
[3667.879s][info][gc,marking     ] GC(883) Concurrent Cleanup for Next Mark 4.428ms
[3667.879s][info][gc             ] GC(883) Concurrent Mark Cycle 1181.350ms
..[3669.611s][info][gc,start       ] GC(884) Pause Young (Prepare Mixed) (G1 Evacuation Pause)
[3669.611s][info][gc,task        ] GC(884) Using 6 workers of 6 for evacuation
[3669.729s][info][gc,phases      ] GC(884)   Pre Evacuate Collection Set: 0.33ms
[3669.729s][info][gc,phases      ] GC(884)   Merge Heap Roots: 0.48ms
[3669.729s][info][gc,phases      ] GC(884)   Evacuate Collection Set: 115.59ms
[3669.729s][info][gc,phases      ] GC(884)   Post Evacuate Collection Set: 0.91ms
[3669.729s][info][gc,phases      ] GC(884)   Other: 0.09ms
[3669.729s][info][gc,heap        ] GC(884) Eden regions: 1120->0(1108)
[3669.729s][info][gc,heap        ] GC(884) Survivor regions: 108->109(154)
[3669.729s][info][gc,heap        ] GC(884) Old regions: 506->539
[3669.729s][info][gc,heap        ] GC(884) Humongous regions: 80->80
[3669.729s][info][gc,metaspace   ] GC(884) Metaspace: 28878K(29248K)->28878K(29248K) NonClass: 24011K(24192K)->24011K(24192K) Class: 4867K(5056K)->4867K(5056K)
[3669.729s][info][gc             ] GC(884) Pause Young (Prepare Mixed) (G1 Evacuation Pause) 3627M->1453M(4096M) 117.539ms
[3669.729s][info][gc,cpu         ] GC(884) User=0.69s Sys=0.00s Real=0.12s
...[3672.497s][info][gc,start       ] GC(885) Pause Young (Mixed) (G1 Evacuation Pause)
[3672.497s][info][gc,task        ] GC(885) Using 6 workers of 6 for evacuation
[3672.633s][info][gc,phases      ] GC(885)   Pre Evacuate Collection Set: 0.37ms
[3672.633s][info][gc,phases      ] GC(885)   Merge Heap Roots: 0.56ms
[3672.633s][info][gc,phases      ] GC(885)   Evacuate Collection Set: 134.22ms
[3672.633s][info][gc,phases      ] GC(885)   Post Evacuate Collection Set: 0.95ms
[3672.634s][info][gc,phases      ] GC(885)   Other: 0.09ms
[3672.634s][info][gc,heap        ] GC(885) Eden regions: 1108->0(1116)
[3672.634s][info][gc,heap        ] GC(885) Survivor regions: 109->112(153)
[3672.634s][info][gc,heap        ] GC(885) Old regions: 539->473
[3672.634s][info][gc,heap        ] GC(885) Humongous regions: 80->80
[3672.634s][info][gc,metaspace   ] GC(885) Metaspace: 28878K(29248K)->28878K(29248K) NonClass: 24011K(24192K)->24011K(24192K) Class: 4867K(5056K)->4867K(5056K)
[3672.634s][info][gc             ] GC(885) Pause Young (Mixed) (G1 Evacuation Pause) 3669M->1327M(4096M) 136.317ms
[3672.634s][info][gc,cpu         ] GC(885) User=0.81s Sys=0.00s Real=0.13s
...[3675.466s][info][gc,start       ] GC(886) Pause Young (Concurrent Start) (G1 Evacuation Pause)
[3675.466s][info][gc,task        ] GC(886) Using 6 workers of 6 for evacuation
[3675.580s][info][gc,phases      ] GC(886)   Pre Evacuate Collection Set: 0.37ms
[3675.580s][info][gc,phases      ] GC(886)   Merge Heap Roots: 0.44ms
[3675.580s][info][gc,phases      ] GC(886)   Evacuate Collection Set: 112.89ms
[3675.580s][info][gc,phases      ] GC(886)   Post Evacuate Collection Set: 0.89ms
[3675.580s][info][gc,phases      ] GC(886)   Other: 0.09ms
[3675.580s][info][gc,heap        ] GC(886) Eden regions: 1116->0(1121)
[3675.580s][info][gc,heap        ] GC(886) Survivor regions: 112->107(154)
[3675.580s][info][gc,heap        ] GC(886) Old regions: 473->505
[3675.580s][info][gc,heap        ] GC(886) Humongous regions: 80->80
[3675.580s][info][gc,metaspace   ] GC(886) Metaspace: 28878K(29248K)->28878K(29248K) NonClass: 24011K(24192K)->24011K(24192K) Class: 4867K(5056K)->4867K(5056K)
[3675.580s][info][gc             ] GC(886) Pause Young (Concurrent Start) (G1 Evacuation Pause) 3559M->1382M(4096M) 114.833ms
[3675.581s][info][gc             ] GC(887) Concurrent Mark Cycle
[3675.581s][info][gc,marking     ] GC(887) Concurrent Scan Root Regions
[3675.581s][info][gc,cpu         ] GC(886) User=0.68s Sys=0.00s Real=0.12s
[3675.718s][info][gc,marking     ] GC(887) Concurrent Scan Root Regions 137.050ms
[3675.718s][info][gc,marking     ] GC(887) Concurrent Mark
[3675.718s][info][gc,marking     ] GC(887) Concurrent Mark From Roots
[3675.718s][info][gc,task        ] GC(887) Using 2 workers of 2 for marking
.[3676.387s][info][gc,marking     ] GC(887) Concurrent Mark From Roots 669.779ms
[3676.388s][info][gc,marking     ] GC(887) Concurrent Preclean
[3676.388s][info][gc,marking     ] GC(887) Concurrent Preclean 0.130ms
[3676.388s][info][gc,start       ] GC(887) Pause Remark
[3676.393s][info][gc             ] GC(887) Pause Remark 2032M->2032M(4096M) 5.170ms
[3676.393s][info][gc,cpu         ] GC(887) User=0.02s Sys=0.00s Real=0.00s
[3676.393s][info][gc,marking     ] GC(887) Concurrent Mark 675.729ms
[3676.393s][info][gc,marking     ] GC(887) Concurrent Rebuild Remembered Sets and Scrub Regions
[3676.661s][info][gc,marking     ] GC(887) Concurrent Rebuild Remembered Sets and Scrub Regions 267.829ms
[3676.662s][info][gc,start       ] GC(887) Pause Cleanup
[3676.662s][info][gc             ] GC(887) Pause Cleanup 2278M->2278M(4096M) 0.107ms
[3676.662s][info][gc,cpu         ] GC(887) User=0.00s Sys=0.00s Real=0.00s
[3676.662s][info][gc,marking     ] GC(887) Concurrent Clear Claimed Marks
[3676.662s][info][gc,marking     ] GC(887) Concurrent Clear Claimed Marks 0.023ms
[3676.662s][info][gc,marking     ] GC(887) Concurrent Cleanup for Next Mark
[3676.667s][info][gc,marking     ] GC(887) Concurrent Cleanup for Next Mark 4.957ms
[3676.667s][info][gc             ] GC(887) Concurrent Mark Cycle 1086.251ms
..[3678.463s][info][gc,start       ] GC(888) Pause Young (Prepare Mixed) (G1 Evacuation Pause)
[3678.463s][info][gc,task        ] GC(888) Using 6 workers of 6 for evacuation
[3678.582s][info][gc,phases      ] GC(888)   Pre Evacuate Collection Set: 0.31ms
[3678.582s][info][gc,phases      ] GC(888)   Merge Heap Roots: 0.51ms
[3678.582s][info][gc,phases      ] GC(888)   Evacuate Collection Set: 117.29ms
[3678.582s][info][gc,phases      ] GC(888)   Post Evacuate Collection Set: 0.91ms
[3678.582s][info][gc,phases      ] GC(888)   Other: 0.09ms
[3678.582s][info][gc,heap        ] GC(888) Eden regions: 1121->0(1107)
[3678.582s][info][gc,heap        ] GC(888) Survivor regions: 107->111(154)
[3678.582s][info][gc,heap        ] GC(888) Old regions: 505->536
[3678.582s][info][gc,heap        ] GC(888) Humongous regions: 80->80
[3678.582s][info][gc,metaspace   ] GC(888) Metaspace: 28878K(29248K)->28878K(29248K) NonClass: 24011K(24192K)->24011K(24192K) Class: 4867K(5056K)->4867K(5056K)
[3678.582s][info][gc             ] GC(888) Pause Young (Prepare Mixed) (G1 Evacuation Pause) 3624M->1453M(4096M) 119.229ms
[3678.582s][info][gc,cpu         ] GC(888) User=0.71s Sys=0.00s Real=0.12s
...[3681.389s][info][gc,start       ] GC(889) Pause Young (Mixed) (G1 Evacuation Pause)
[3681.389s][info][gc,task        ] GC(889) Using 6 workers of 6 for evacuation
[3681.522s][info][gc,phases      ] GC(889)   Pre Evacuate Collection Set: 0.37ms
[3681.522s][info][gc,phases      ] GC(889)   Merge Heap Roots: 0.62ms
[3681.522s][info][gc,phases      ] GC(889)   Evacuate Collection Set: 130.95ms
[3681.522s][info][gc,phases      ] GC(889)   Post Evacuate Collection Set: 0.95ms
[3681.522s][info][gc,phases      ] GC(889)   Other: 0.09ms
[3681.522s][info][gc,heap        ] GC(889) Eden regions: 1107->0(1121)
[3681.522s][info][gc,heap        ] GC(889) Survivor regions: 111->107(153)
[3681.522s][info][gc,heap        ] GC(889) Old regions: 536->473
[3681.522s][info][gc,heap        ] GC(889) Humongous regions: 80->80
[3681.522s][info][gc,metaspace   ] GC(889) Metaspace: 28878K(29248K)->28878K(29248K) NonClass: 24011K(24192K)->24011K(24192K) Class: 4867K(5056K)->4867K(5056K)
[3681.522s][info][gc             ] GC(889) Pause Young (Mixed) (G1 Evacuation Pause) 3667M->1318M(4096M) 133.111ms
[3681.522s][info][gc,cpu         ] GC(889) User=0.79s Sys=0.00s Real=0.13s
...[3684.355s][info][gc,start       ] GC(890) Pause Young (Concurrent Start) (G1 Evacuation Pause)
[3684.355s][info][gc,task        ] GC(890) Using 6 workers of 6 for evacuation
[3684.469s][info][gc,phases      ] GC(890)   Pre Evacuate Collection Set: 0.38ms
[3684.469s][info][gc,phases      ] GC(890)   Merge Heap Roots: 0.46ms
[3684.469s][info][gc,phases      ] GC(890)   Evacuate Collection Set: 112.57ms
[3684.469s][info][gc,phases      ] GC(890)   Post Evacuate Collection Set: 0.88ms
[3684.469s][info][gc,phases      ] GC(890)   Other: 0.12ms
[3684.469s][info][gc,heap        ] GC(890) Eden regions: 1121->0(1120)
[3684.469s][info][gc,heap        ] GC(890) Survivor regions: 107->108(154)
[3684.469s][info][gc,heap        ] GC(890) Old regions: 473->505
[3684.469s][info][gc,heap        ] GC(890) Humongous regions: 80->80
[3684.469s][info][gc,metaspace   ] GC(890) Metaspace: 28878K(29248K)->28878K(29248K) NonClass: 24011K(24192K)->24011K(24192K) Class: 4867K(5056K)->4867K(5056K)
[3684.469s][info][gc             ] GC(890) Pause Young (Concurrent Start) (G1 Evacuation Pause) 3560M->1384M(4096M) 114.541ms
[3684.469s][info][gc             ] GC(891) Concurrent Mark Cycle
[3684.469s][info][gc,marking     ] GC(891) Concurrent Scan Root Regions
[3684.470s][info][gc,cpu         ] GC(890) User=0.67s Sys=0.00s Real=0.12s
[3684.639s][info][gc,marking     ] GC(891) Concurrent Scan Root Regions 169.342ms
[3684.639s][info][gc,marking     ] GC(891) Concurrent Mark
[3684.639s][info][gc,marking     ] GC(891) Concurrent Mark From Roots
[3684.639s][info][gc,task        ] GC(891) Using 2 workers of 2 for marking
.[3685.343s][info][gc,marking     ] GC(891) Concurrent Mark From Roots 703.798ms
[3685.343s][info][gc,marking     ] GC(891) Concurrent Preclean
[3685.343s][info][gc,marking     ] GC(891) Concurrent Preclean 0.107ms
[3685.343s][info][gc,start       ] GC(891) Pause Remark
[3685.348s][info][gc             ] GC(891) Pause Remark 2122M->2122M(4096M) 4.363ms
[3685.348s][info][gc,cpu         ] GC(891) User=0.02s Sys=0.00s Real=0.01s
[3685.349s][info][gc,marking     ] GC(891) Concurrent Mark 709.675ms
[3685.349s][info][gc,marking     ] GC(891) Concurrent Rebuild Remembered Sets and Scrub Regions
[3685.612s][info][gc,marking     ] GC(891) Concurrent Rebuild Remembered Sets and Scrub Regions 262.913ms
[3685.612s][info][gc,start       ] GC(891) Pause Cleanup
[3685.612s][info][gc             ] GC(891) Pause Cleanup 2336M->2336M(4096M) 0.118ms
[3685.612s][info][gc,cpu         ] GC(891) User=0.00s Sys=0.00s Real=0.00s
[3685.612s][info][gc,marking     ] GC(891) Concurrent Clear Claimed Marks
[3685.612s][info][gc,marking     ] GC(891) Concurrent Clear Claimed Marks 0.033ms
[3685.612s][info][gc,marking     ] GC(891) Concurrent Cleanup for Next Mark
[3685.618s][info][gc,marking     ] GC(891) Concurrent Cleanup for Next Mark 6.253ms
[3685.618s][info][gc             ] GC(891) Concurrent Mark Cycle 1148.985ms
.[3687.318s][info][gc,start       ] GC(892) Pause Young (Prepare Mixed) (G1 Evacuation Pause)
[3687.318s][info][gc,task        ] GC(892) Using 6 workers of 6 for evacuation
[3687.438s][info][gc,phases      ] GC(892)   Pre Evacuate Collection Set: 0.34ms
[3687.438s][info][gc,phases      ] GC(892)   Merge Heap Roots: 0.50ms
[3687.438s][info][gc,phases      ] GC(892)   Evacuate Collection Set: 117.63ms
[3687.438s][info][gc,phases      ] GC(892)   Post Evacuate Collection Set: 0.90ms
[3687.438s][info][gc,phases      ] GC(892)   Other: 0.09ms
[3687.438s][info][gc,heap        ] GC(892) Eden regions: 1120->0(1105)
[3687.438s][info][gc,heap        ] GC(892) Survivor regions: 108->112(154)
[3687.438s][info][gc,heap        ] GC(892) Old regions: 505->536
[3687.438s][info][gc,heap        ] GC(892) Humongous regions: 80->80
[3687.438s][info][gc,metaspace   ] GC(892) Metaspace: 28878K(29248K)->28878K(29248K) NonClass: 24011K(24192K)->24011K(24192K) Class: 4867K(5056K)->4867K(5056K)
[3687.438s][info][gc             ] GC(892) Pause Young (Prepare Mixed) (G1 Evacuation Pause) 3624M->1454M(4096M) 119.603ms
[3687.438s][info][gc,cpu         ] GC(892) User=0.71s Sys=0.01s Real=0.12s
.. (rIR:aIR:PR = 6365:6366:6366) (tPR = 94854) [OK] 
  3688s: Performance info:
         Transaction,    Success,    Partial,     Failed,   Receipts, AvgBarcode, 
             Overall,     384647,          0,          0,     365432,      59.48, 
         Response times:
             Request,    Success,    Partial,     Failed,   SkipFail,     Probes,    Samples,      min,      p50,      p90,      p95,      p99,      max, 
       TotalPurchase,     365439,          0,          0,          0,     357164,     389090,      300,     5400,    27000,    47000,    90000,   223000,
     InStorePurchase,     192306,          0,          0,          0,     188405,     204666,      300,     5300,    26000,    47000,    91000,   223000,
      OnlinePurchase,     134659,          0,          0,          0,     131372,     143434,      300,     5500,    27000,    47000,    88000,   218000,
        InstPurchase,      38474,          0,          0,          0,      37387,      40990,      500,     5500,    28000,    49000,    88000,   178000,
          AssocOfCat,        383,          0,          0,          0,        315,        413,    21000,    36000,    86000,   115000,   186580,   209000,
      AssocOfProduct,       3839,          0,          0,          0,       3623,       4217,      600,     5200,    26000,    45000,    85000,   157000,
      BusinessReport,        959,          0,          0,          0,        847,       1053,    26000,    37000,    79000,   103000,   163760,   222000,
          CustBuyBeh,       3847,          0,          0,          0,       3568,       4066,      400,     6400,    37000,    58000,    89330,   178000,
       ProductReturn,      10190,          0,          0,          0,       9806,      11145,      400,     5100,    28000,    47000,    80000,   246000,

  3688s: (47%)   IR =   6503 .[3690.164s][info][gc,start       ] GC(893) Pause Young (Mixed) (G1 Evacuation Pause)
[3690.164s][info][gc,task        ] GC(893) Using 6 workers of 6 for evacuation
[3690.298s][info][gc,phases      ] GC(893)   Pre Evacuate Collection Set: 0.39ms
[3690.298s][info][gc,phases      ] GC(893)   Merge Heap Roots: 0.65ms
[3690.298s][info][gc,phases      ] GC(893)   Evacuate Collection Set: 131.81ms
[3690.298s][info][gc,phases      ] GC(893)   Post Evacuate Collection Set: 1.02ms
[3690.298s][info][gc,phases      ] GC(893)   Other: 0.11ms
[3690.298s][info][gc,heap        ] GC(893) Eden regions: 1105->0(1119)
[3690.298s][info][gc,heap        ] GC(893) Survivor regions: 112->109(153)
[3690.298s][info][gc,heap        ] GC(893) Old regions: 536->473
[3690.298s][info][gc,heap        ] GC(893) Humongous regions: 80->80
[3690.298s][info][gc,metaspace   ] GC(893) Metaspace: 28878K(29248K)->28878K(29248K) NonClass: 24011K(24192K)->24011K(24192K) Class: 4867K(5056K)->4867K(5056K)
[3690.298s][info][gc             ] GC(893) Pause Young (Mixed) (G1 Evacuation Pause) 3664M->1322M(4096M) 134.136ms
[3690.298s][info][gc,cpu         ] GC(893) User=0.80s Sys=0.00s Real=0.14s
...[3693.118s][info][gc,start       ] GC(894) Pause Young (Concurrent Start) (G1 Evacuation Pause)
[3693.118s][info][gc,task        ] GC(894) Using 6 workers of 6 for evacuation
[3693.235s][info][gc,phases      ] GC(894)   Pre Evacuate Collection Set: 0.36ms
[3693.235s][info][gc,phases      ] GC(894)   Merge Heap Roots: 0.47ms
[3693.235s][info][gc,phases      ] GC(894)   Evacuate Collection Set: 114.99ms
[3693.235s][info][gc,phases      ] GC(894)   Post Evacuate Collection Set: 0.89ms
[3693.235s][info][gc,phases      ] GC(894)   Other: 0.10ms
[3693.235s][info][gc,heap        ] GC(894) Eden regions: 1119->0(1119)
[3693.235s][info][gc,heap        ] GC(894) Survivor regions: 109->109(154)
[3693.235s][info][gc,heap        ] GC(894) Old regions: 473->505
[3693.235s][info][gc,heap        ] GC(894) Humongous regions: 80->80
[3693.235s][info][gc,metaspace   ] GC(894) Metaspace: 28878K(29248K)->28878K(29248K) NonClass: 24011K(24192K)->24011K(24192K) Class: 4867K(5056K)->4867K(5056K)
[3693.235s][info][gc             ] GC(894) Pause Young (Concurrent Start) (G1 Evacuation Pause) 3560M->1386M(4096M) 116.965ms
[3693.235s][info][gc             ] GC(895) Concurrent Mark Cycle
[3693.235s][info][gc,marking     ] GC(895) Concurrent Scan Root Regions
[3693.235s][info][gc,cpu         ] GC(894) User=0.69s Sys=0.00s Real=0.11s
[3693.380s][info][gc,marking     ] GC(895) Concurrent Scan Root Regions 144.606ms
[3693.380s][info][gc,marking     ] GC(895) Concurrent Mark
[3693.380s][info][gc,marking     ] GC(895) Concurrent Mark From Roots
[3693.380s][info][gc,task        ] GC(895) Using 2 workers of 2 for marking
.[3694.093s][info][gc,marking     ] GC(895) Concurrent Mark From Roots 713.090ms
[3694.093s][info][gc,marking     ] GC(895) Concurrent Preclean
[3694.093s][info][gc,marking     ] GC(895) Concurrent Preclean 0.108ms
[3694.093s][info][gc,start       ] GC(895) Pause Remark
[3694.098s][info][gc             ] GC(895) Pause Remark 2112M->2112M(4096M) 4.331ms
[3694.098s][info][gc,cpu         ] GC(895) User=0.03s Sys=0.00s Real=0.01s
[3694.099s][info][gc,marking     ] GC(895) Concurrent Mark 718.720ms
[3694.099s][info][gc,marking     ] GC(895) Concurrent Rebuild Remembered Sets and Scrub Regions
[3694.367s][info][gc,marking     ] GC(895) Concurrent Rebuild Remembered Sets and Scrub Regions 268.380ms
[3694.368s][info][gc,start       ] GC(895) Pause Cleanup
[3694.368s][info][gc             ] GC(895) Pause Cleanup 2352M->2352M(4096M) 0.122ms
[3694.368s][info][gc,cpu         ] GC(895) User=0.00s Sys=0.00s Real=0.00s
[3694.370s][info][gc,marking     ] GC(895) Concurrent Clear Claimed Marks
[3694.370s][info][gc,marking     ] GC(895) Concurrent Clear Claimed Marks 0.051ms
[3694.370s][info][gc,marking     ] GC(895) Concurrent Cleanup for Next Mark
[3694.375s][info][gc,marking     ] GC(895) Concurrent Cleanup for Next Mark 5.488ms
[3694.375s][info][gc             ] GC(895) Concurrent Mark Cycle 1140.119ms
..[3696.005s][info][gc,start       ] GC(896) Pause Young (Prepare Mixed) (G1 Evacuation Pause)
[3696.005s][info][gc,task        ] GC(896) Using 6 workers of 6 for evacuation
[3696.122s][info][gc,phases      ] GC(896)   Pre Evacuate Collection Set: 0.36ms
[3696.122s][info][gc,phases      ] GC(896)   Merge Heap Roots: 0.50ms
[3696.122s][info][gc,phases      ] GC(896)   Evacuate Collection Set: 115.09ms
[3696.122s][info][gc,phases      ] GC(896)   Post Evacuate Collection Set: 0.91ms
[3696.122s][info][gc,phases      ] GC(896)   Other: 0.10ms
[3696.122s][info][gc,heap        ] GC(896) Eden regions: 1119->0(1111)
[3696.122s][info][gc,heap        ] GC(896) Survivor regions: 109->109(154)
[3696.122s][info][gc,heap        ] GC(896) Old regions: 505->536
[3696.122s][info][gc,heap        ] GC(896) Humongous regions: 80->80
[3696.122s][info][gc,metaspace   ] GC(896) Metaspace: 28878K(29248K)->28878K(29248K) NonClass: 24011K(24192K)->24011K(24192K) Class: 4867K(5056K)->4867K(5056K)
[3696.122s][info][gc             ] GC(896) Pause Young (Prepare Mixed) (G1 Evacuation Pause) 3624M->1448M(4096M) 117.084ms
[3696.122s][info][gc,cpu         ] GC(896) User=0.69s Sys=0.00s Real=0.12s
.|..[3698.856s][info][gc,start       ] GC(897) Pause Young (Mixed) (G1 Evacuation Pause)
[3698.857s][info][gc,task        ] GC(897) Using 6 workers of 6 for evacuation
[3698.995s][info][gc,phases      ] GC(897)   Pre Evacuate Collection Set: 0.38ms
[3698.995s][info][gc,phases      ] GC(897)   Merge Heap Roots: 0.70ms
[3698.995s][info][gc,phases      ] GC(897)   Evacuate Collection Set: 135.91ms
[3698.995s][info][gc,phases      ] GC(897)   Post Evacuate Collection Set: 1.00ms
[3698.995s][info][gc,phases      ] GC(897)   Other: 0.09ms
[3698.995s][info][gc,heap        ] GC(897) Eden regions: 1111->0(1117)
[3698.995s][info][gc,heap        ] GC(897) Survivor regions: 109->111(153)
[3698.995s][info][gc,heap        ] GC(897) Old regions: 536->473
[3698.995s][info][gc,heap        ] GC(897) Humongous regions: 80->80
[3698.995s][info][gc,metaspace   ] GC(897) Metaspace: 28878K(29248K)->28878K(29248K) NonClass: 24011K(24192K)->24011K(24192K) Class: 4867K(5056K)->4867K(5056K)
[3698.995s][info][gc             ] GC(897) Pause Young (Mixed) (G1 Evacuation Pause) 3670M->1326M(4096M) 138.197ms
[3698.995s][info][gc,cpu         ] GC(897) User=0.82s Sys=0.00s Real=0.14s
...[3701.815s][info][gc,start       ] GC(898) Pause Young (Concurrent Start) (G1 Evacuation Pause)
[3701.815s][info][gc,task        ] GC(898) Using 6 workers of 6 for evacuation
[3701.931s][info][gc,phases      ] GC(898)   Pre Evacuate Collection Set: 0.37ms
[3701.931s][info][gc,phases      ] GC(898)   Merge Heap Roots: 0.45ms
[3701.931s][info][gc,phases      ] GC(898)   Evacuate Collection Set: 114.91ms
[3701.931s][info][gc,phases      ] GC(898)   Post Evacuate Collection Set: 0.90ms
[3701.931s][info][gc,phases      ] GC(898)   Other: 0.10ms
[3701.931s][info][gc,heap        ] GC(898) Eden regions: 1117->0(1118)
[3701.931s][info][gc,heap        ] GC(898) Survivor regions: 111->110(154)
[3701.931s][info][gc,heap        ] GC(898) Old regions: 473->505
[3701.931s][info][gc,heap        ] GC(898) Humongous regions: 80->80
[3701.931s][info][gc,metaspace   ] GC(898) Metaspace: 28878K(29248K)->28878K(29248K) NonClass: 24011K(24192K)->24011K(24192K) Class: 4867K(5056K)->4867K(5056K)
[3701.931s][info][gc             ] GC(898) Pause Young (Concurrent Start) (G1 Evacuation Pause) 3560M->1387M(4096M) 116.890ms
[3701.931s][info][gc             ] GC(899) Concurrent Mark Cycle
[3701.931s][info][gc,marking     ] GC(899) Concurrent Scan Root Regions
[3701.931s][info][gc,cpu         ] GC(898) User=0.69s Sys=0.00s Real=0.12s
[3702.111s][info][gc,marking     ] GC(899) Concurrent Scan Root Regions 179.634ms
[3702.111s][info][gc,marking     ] GC(899) Concurrent Mark
[3702.111s][info][gc,marking     ] GC(899) Concurrent Mark From Roots
[3702.111s][info][gc,task        ] GC(899) Using 2 workers of 2 for marking
.[3703.111s][info][gc,marking     ] GC(899) Concurrent Mark From Roots 999.875ms
[3703.111s][info][gc,marking     ] GC(899) Concurrent Preclean
[3703.111s][info][gc,marking     ] GC(899) Concurrent Preclean 0.116ms
[3703.111s][info][gc,start       ] GC(899) Pause Remark
[3703.117s][info][gc             ] GC(899) Pause Remark 2409M->2409M(4096M) 5.461ms
[3703.117s][info][gc,cpu         ] GC(899) User=0.03s Sys=0.00s Real=0.01s
[3703.118s][info][gc,marking     ] GC(899) Concurrent Mark 1006.356ms
[3703.118s][info][gc,marking     ] GC(899) Concurrent Rebuild Remembered Sets and Scrub Regions
[3703.484s][info][gc,marking     ] GC(899) Concurrent Rebuild Remembered Sets and Scrub Regions 366.001ms
[3703.484s][info][gc,start       ] GC(899) Pause Cleanup
[3703.484s][info][gc             ] GC(899) Pause Cleanup 2727M->2727M(4096M) 0.121ms
[3703.484s][info][gc,cpu         ] GC(899) User=0.00s Sys=0.00s Real=0.00s
[3703.485s][info][gc,marking     ] GC(899) Concurrent Clear Claimed Marks
[3703.485s][info][gc,marking     ] GC(899) Concurrent Clear Claimed Marks 0.027ms
[3703.485s][info][gc,marking     ] GC(899) Concurrent Cleanup for Next Mark
[3703.488s][info][gc,marking     ] GC(899) Concurrent Cleanup for Next Mark 3.645ms
[3703.488s][info][gc             ] GC(899) Concurrent Mark Cycle 1556.818ms
.[3704.633s][info][gc,start       ] GC(900) Pause Young (Prepare Mixed) (G1 Evacuation Pause)
[3704.633s][info][gc,task        ] GC(900) Using 6 workers of 6 for evacuation
[3704.753s][info][gc,phases      ] GC(900)   Pre Evacuate Collection Set: 0.32ms
[3704.753s][info][gc,phases      ] GC(900)   Merge Heap Roots: 0.53ms
[3704.753s][info][gc,phases      ] GC(900)   Evacuate Collection Set: 118.04ms
[3704.753s][info][gc,phases      ] GC(900)   Post Evacuate Collection Set: 0.95ms
[3704.753s][info][gc,phases      ] GC(900)   Other: 0.09ms
[3704.753s][info][gc,heap        ] GC(900) Eden regions: 1118->0(1107)
[3704.753s][info][gc,heap        ] GC(900) Survivor regions: 110->111(154)
[3704.753s][info][gc,heap        ] GC(900) Old regions: 505->536
[3704.753s][info][gc,heap        ] GC(900) Humongous regions: 80->80
[3704.753s][info][gc,metaspace   ] GC(900) Metaspace: 28878K(29248K)->28878K(29248K) NonClass: 24011K(24192K)->24011K(24192K) Class: 4867K(5056K)->4867K(5056K)
[3704.753s][info][gc             ] GC(900) Pause Young (Prepare Mixed) (G1 Evacuation Pause) 3623M->1452M(4096M) 120.051ms
[3704.753s][info][gc,cpu         ] GC(900) User=0.71s Sys=0.00s Real=0.12s
...[3707.514s][info][gc,start       ] GC(901) Pause Young (Mixed) (G1 Evacuation Pause)
[3707.514s][info][gc,task        ] GC(901) Using 6 workers of 6 for evacuation
[3707.647s][info][gc,phases      ] GC(901)   Pre Evacuate Collection Set: 0.36ms
[3707.647s][info][gc,phases      ] GC(901)   Merge Heap Roots: 0.68ms
[3707.647s][info][gc,phases      ] GC(901)   Evacuate Collection Set: 130.37ms
[3707.647s][info][gc,phases      ] GC(901)   Post Evacuate Collection Set: 0.95ms
[3707.647s][info][gc,phases      ] GC(901)   Other: 0.08ms
[3707.647s][info][gc,heap        ] GC(901) Eden regions: 1107->0(1121)
[3707.647s][info][gc,heap        ] GC(901) Survivor regions: 111->107(153)
[3707.647s][info][gc,heap        ] GC(901) Old regions: 536->473
[3707.647s][info][gc,heap        ] GC(901) Humongous regions: 80->80
[3707.647s][info][gc,metaspace   ] GC(901) Metaspace: 28878K(29248K)->28878K(29248K) NonClass: 24011K(24192K)->24011K(24192K) Class: 4867K(5056K)->4867K(5056K)
[3707.647s][info][gc             ] GC(901) Pause Young (Mixed) (G1 Evacuation Pause) 3666M->1319M(4096M) 132.576ms
[3707.647s][info][gc,cpu         ] GC(901) User=0.79s Sys=0.00s Real=0.14s
...[3710.384s][info][gc,start       ] GC(902) Pause Young (Concurrent Start) (G1 Evacuation Pause)
[3710.384s][info][gc,task        ] GC(902) Using 6 workers of 6 for evacuation
[3710.499s][info][gc,phases      ] GC(902)   Pre Evacuate Collection Set: 0.36ms
[3710.499s][info][gc,phases      ] GC(902)   Merge Heap Roots: 0.46ms
[3710.499s][info][gc,phases      ] GC(902)   Evacuate Collection Set: 113.24ms
[3710.499s][info][gc,phases      ] GC(902)   Post Evacuate Collection Set: 0.88ms
[3710.499s][info][gc,phases      ] GC(902)   Other: 0.11ms
[3710.499s][info][gc,heap        ] GC(902) Eden regions: 1121->0(1121)
[3710.499s][info][gc,heap        ] GC(902) Survivor regions: 107->107(154)
[3710.499s][info][gc,heap        ] GC(902) Old regions: 473->504
[3710.499s][info][gc,heap        ] GC(902) Humongous regions: 80->80
[3710.500s][info][gc,metaspace   ] GC(902) Metaspace: 28878K(29248K)->28878K(29248K) NonClass: 24011K(24192K)->24011K(24192K) Class: 4867K(5056K)->4867K(5056K)
[3710.500s][info][gc             ] GC(902) Pause Young (Concurrent Start) (G1 Evacuation Pause) 3561M->1381M(4096M) 115.184ms
[3710.500s][info][gc             ] GC(903) Concurrent Mark Cycle
[3710.500s][info][gc,marking     ] GC(903) Concurrent Scan Root Regions
[3710.500s][info][gc,cpu         ] GC(902) User=0.68s Sys=0.00s Real=0.12s
[3710.641s][info][gc,marking     ] GC(903) Concurrent Scan Root Regions 140.957ms
[3710.641s][info][gc,marking     ] GC(903) Concurrent Mark
[3710.641s][info][gc,marking     ] GC(903) Concurrent Mark From Roots
[3710.641s][info][gc,task        ] GC(903) Using 2 workers of 2 for marking
.[3711.358s][info][gc,marking     ] GC(903) Concurrent Mark From Roots 717.617ms
[3711.358s][info][gc,marking     ] GC(903) Concurrent Preclean
[3711.358s][info][gc,marking     ] GC(903) Concurrent Preclean 0.078ms
[3711.359s][info][gc,start       ] GC(903) Pause Remark
[3711.363s][info][gc             ] GC(903) Pause Remark 2062M->2062M(4096M) 4.307ms
[3711.363s][info][gc,cpu         ] GC(903) User=0.03s Sys=0.00s Real=0.00s
[3711.364s][info][gc,marking     ] GC(903) Concurrent Mark 723.594ms
[3711.364s][info][gc,marking     ] GC(903) Concurrent Rebuild Remembered Sets and Scrub Regions
[3711.629s][info][gc,marking     ] GC(903) Concurrent Rebuild Remembered Sets and Scrub Regions 264.508ms
[3711.629s][info][gc,start       ] GC(903) Pause Cleanup
[3711.629s][info][gc             ] GC(903) Pause Cleanup 2301M->2301M(4096M) 0.123ms
[3711.629s][info][gc,cpu         ] GC(903) User=0.00s Sys=0.00s Real=0.00s
[3711.630s][info][gc,marking     ] GC(903) Concurrent Clear Claimed Marks
[3711.630s][info][gc,marking     ] GC(903) Concurrent Clear Claimed Marks 0.031ms
[3711.630s][info][gc,marking     ] GC(903) Concurrent Cleanup for Next Mark
[3711.638s][info][gc,marking     ] GC(903) Concurrent Cleanup for Next Mark 8.113ms
[3711.638s][info][gc             ] GC(903) Concurrent Mark Cycle 1138.429ms
..[3713.297s][info][gc,start       ] GC(904) Pause Young (Prepare Mixed) (G1 Evacuation Pause)
[3713.297s][info][gc,task        ] GC(904) Using 6 workers of 6 for evacuation
[3713.420s][info][gc,phases      ] GC(904)   Pre Evacuate Collection Set: 0.31ms
[3713.420s][info][gc,phases      ] GC(904)   Merge Heap Roots: 0.50ms
[3713.420s][info][gc,phases      ] GC(904)   Evacuate Collection Set: 120.92ms
[3713.420s][info][gc,phases      ] GC(904)   Post Evacuate Collection Set: 0.93ms
[3713.420s][info][gc,phases      ] GC(904)   Other: 0.09ms
[3713.420s][info][gc,heap        ] GC(904) Eden regions: 1121->0(1105)
[3713.420s][info][gc,heap        ] GC(904) Survivor regions: 107->112(154)
[3713.420s][info][gc,heap        ] GC(904) Old regions: 504->536
[3713.420s][info][gc,heap        ] GC(904) Humongous regions: 80->80
[3713.420s][info][gc,metaspace   ] GC(904) Metaspace: 28878K(29248K)->28878K(29248K) NonClass: 24011K(24192K)->24011K(24192K) Class: 4867K(5056K)->4867K(5056K)
[3713.420s][info][gc             ] GC(904) Pause Young (Prepare Mixed) (G1 Evacuation Pause) 3623M->1455M(4096M) 122.897ms
[3713.420s][info][gc,cpu         ] GC(904) User=0.73s Sys=0.00s Real=0.12s
...[3716.203s][info][gc,start       ] GC(905) Pause Young (Mixed) (G1 Evacuation Pause)
[3716.203s][info][gc,task        ] GC(905) Using 6 workers of 6 for evacuation
[3716.339s][info][gc,phases      ] GC(905)   Pre Evacuate Collection Set: 0.40ms
[3716.339s][info][gc,phases      ] GC(905)   Merge Heap Roots: 0.67ms
[3716.339s][info][gc,phases      ] GC(905)   Evacuate Collection Set: 133.50ms
[3716.339s][info][gc,phases      ] GC(905)   Post Evacuate Collection Set: 0.96ms
[3716.339s][info][gc,phases      ] GC(905)   Other: 0.09ms
[3716.339s][info][gc,heap        ] GC(905) Eden regions: 1105->0(1117)
[3716.339s][info][gc,heap        ] GC(905) Survivor regions: 112->111(153)
[3716.339s][info][gc,heap        ] GC(905) Old regions: 536->472
[3716.339s][info][gc,heap        ] GC(905) Humongous regions: 80->80
[3716.339s][info][gc,metaspace   ] GC(905) Metaspace: 28878K(29248K)->28878K(29248K) NonClass: 24011K(24192K)->24011K(24192K) Class: 4867K(5056K)->4867K(5056K)
[3716.339s][info][gc             ] GC(905) Pause Young (Mixed) (G1 Evacuation Pause) 3665M->1325M(4096M) 135.746ms
[3716.339s][info][gc,cpu         ] GC(905) User=0.81s Sys=0.00s Real=0.14s
...[3719.076s][info][gc,start       ] GC(906) Pause Young (Concurrent Start) (G1 Evacuation Pause)
[3719.076s][info][gc,task        ] GC(906) Using 6 workers of 6 for evacuation
[3719.194s][info][gc,phases      ] GC(906)   Pre Evacuate Collection Set: 0.39ms
[3719.194s][info][gc,phases      ] GC(906)   Merge Heap Roots: 0.44ms
[3719.194s][info][gc,phases      ] GC(906)   Evacuate Collection Set: 115.72ms
[3719.194s][info][gc,phases      ] GC(906)   Post Evacuate Collection Set: 0.89ms
[3719.194s][info][gc,phases      ] GC(906)   Other: 0.12ms
[3719.194s][info][gc,heap        ] GC(906) Eden regions: 1117->0(1118)
[3719.194s][info][gc,heap        ] GC(906) Survivor regions: 111->110(154)
[3719.194s][info][gc,heap        ] GC(906) Old regions: 472->504
[3719.194s][info][gc,heap        ] GC(906) Humongous regions: 80->80
[3719.194s][info][gc,metaspace   ] GC(906) Metaspace: 28878K(29248K)->28878K(29248K) NonClass: 24011K(24192K)->24011K(24192K) Class: 4867K(5056K)->4867K(5056K)
[3719.194s][info][gc             ] GC(906) Pause Young (Concurrent Start) (G1 Evacuation Pause) 3559M->1387M(4096M) 117.685ms
[3719.194s][info][gc             ] GC(907) Concurrent Mark Cycle
[3719.194s][info][gc,marking     ] GC(907) Concurrent Scan Root Regions
[3719.194s][info][gc,cpu         ] GC(906) User=0.69s Sys=0.00s Real=0.12s
[3719.382s][info][gc,marking     ] GC(907) Concurrent Scan Root Regions 188.142ms
[3719.382s][info][gc,marking     ] GC(907) Concurrent Mark
[3719.382s][info][gc,marking     ] GC(907) Concurrent Mark From Roots
[3719.382s][info][gc,task        ] GC(907) Using 2 workers of 2 for marking
.[3720.345s][info][gc,marking     ] GC(907) Concurrent Mark From Roots 963.331ms
[3720.345s][info][gc,marking     ] GC(907) Concurrent Preclean
[3720.345s][info][gc,marking     ] GC(907) Concurrent Preclean 0.115ms
[3720.346s][info][gc,start       ] GC(907) Pause Remark
[3720.350s][info][gc             ] GC(907) Pause Remark 2373M->2373M(4096M) 4.346ms
[3720.350s][info][gc,cpu         ] GC(907) User=0.03s Sys=0.00s Real=0.01s
[3720.350s][info][gc,marking     ] GC(907) Concurrent Mark 968.246ms
[3720.350s][info][gc,marking     ] GC(907) Concurrent Rebuild Remembered Sets and Scrub Regions
[3720.713s][info][gc,marking     ] GC(907) Concurrent Rebuild Remembered Sets and Scrub Regions 362.303ms
[3720.713s][info][gc,start       ] GC(907) Pause Cleanup
[3720.713s][info][gc             ] GC(907) Pause Cleanup 2673M->2673M(4096M) 0.102ms
[3720.713s][info][gc,cpu         ] GC(907) User=0.00s Sys=0.00s Real=0.00s
[3720.713s][info][gc,marking     ] GC(907) Concurrent Clear Claimed Marks
[3720.713s][info][gc,marking     ] GC(907) Concurrent Clear Claimed Marks 0.024ms
[3720.713s][info][gc,marking     ] GC(907) Concurrent Cleanup for Next Mark
[3720.718s][info][gc,marking     ] GC(907) Concurrent Cleanup for Next Mark 5.441ms
[3720.718s][info][gc             ] GC(907) Concurrent Mark Cycle 1524.627ms
..[3721.933s][info][gc,start       ] GC(908) Pause Young (Prepare Mixed) (G1 Evacuation Pause)
[3721.933s][info][gc,task        ] GC(908) Using 6 workers of 6 for evacuation
[3722.056s][info][gc,phases      ] GC(908)   Pre Evacuate Collection Set: 0.33ms
[3722.056s][info][gc,phases      ] GC(908)   Merge Heap Roots: 0.46ms
[3722.056s][info][gc,phases      ] GC(908)   Evacuate Collection Set: 121.09ms
[3722.056s][info][gc,phases      ] GC(908)   Post Evacuate Collection Set: 1.01ms
[3722.056s][info][gc,phases      ] GC(908)   Other: 0.09ms
[3722.056s][info][gc,heap        ] GC(908) Eden regions: 1118->0(1103)
[3722.056s][info][gc,heap        ] GC(908) Survivor regions: 110->113(154)
[3722.056s][info][gc,heap        ] GC(908) Old regions: 504->536
[3722.056s][info][gc,heap        ] GC(908) Humongous regions: 80->80
[3722.056s][info][gc,metaspace   ] GC(908) Metaspace: 28878K(29248K)->28878K(29248K) NonClass: 24011K(24192K)->24011K(24192K) Class: 4867K(5056K)->4867K(5056K)
[3722.056s][info][gc             ] GC(908) Pause Young (Prepare Mixed) (G1 Evacuation Pause) 3623M->1457M(4096M) 123.092ms
[3722.056s][info][gc,cpu         ] GC(908) User=0.73s Sys=0.00s Real=0.12s
..[3724.775s][info][gc,start       ] GC(909) Pause Young (Mixed) (G1 Evacuation Pause)
[3724.775s][info][gc,task        ] GC(909) Using 6 workers of 6 for evacuation
[3724.909s][info][gc,phases      ] GC(909)   Pre Evacuate Collection Set: 0.39ms
[3724.909s][info][gc,phases      ] GC(909)   Merge Heap Roots: 0.68ms
[3724.909s][info][gc,phases      ] GC(909)   Evacuate Collection Set: 132.22ms
[3724.909s][info][gc,phases      ] GC(909)   Post Evacuate Collection Set: 0.95ms
[3724.909s][info][gc,phases      ] GC(909)   Other: 0.08ms
[3724.909s][info][gc,heap        ] GC(909) Eden regions: 1103->0(1118)
[3724.909s][info][gc,heap        ] GC(909) Survivor regions: 113->110(152)
[3724.909s][info][gc,heap        ] GC(909) Old regions: 536->473
[3724.909s][info][gc,heap        ] GC(909) Humongous regions: 80->80
[3724.909s][info][gc,metaspace   ] GC(909) Metaspace: 28878K(29248K)->28878K(29248K) NonClass: 24011K(24192K)->24011K(24192K) Class: 4867K(5056K)->4867K(5056K)
[3724.909s][info][gc             ] GC(909) Pause Young (Mixed) (G1 Evacuation Pause) 3663M->1324M(4096M) 134.461ms
[3724.909s][info][gc,cpu         ] GC(909) User=0.79s Sys=0.00s Real=0.14s
...[3727.661s][info][gc,start       ] GC(910) Pause Young (Concurrent Start) (G1 Evacuation Pause)
[3727.661s][info][gc,task        ] GC(910) Using 6 workers of 6 for evacuation
[3727.779s][info][gc,phases      ] GC(910)   Pre Evacuate Collection Set: 0.35ms
[3727.779s][info][gc,phases      ] GC(910)   Merge Heap Roots: 0.45ms
[3727.779s][info][gc,phases      ] GC(910)   Evacuate Collection Set: 116.62ms
[3727.779s][info][gc,phases      ] GC(910)   Post Evacuate Collection Set: 0.89ms
[3727.779s][info][gc,phases      ] GC(910)   Other: 0.11ms
[3727.779s][info][gc,heap        ] GC(910) Eden regions: 1118->0(1118)
[3727.779s][info][gc,heap        ] GC(910) Survivor regions: 110->110(154)
[3727.779s][info][gc,heap        ] GC(910) Old regions: 473->505
[3727.779s][info][gc,heap        ] GC(910) Humongous regions: 80->80
[3727.779s][info][gc,metaspace   ] GC(910) Metaspace: 28878K(29248K)->28878K(29248K) NonClass: 24011K(24192K)->24011K(24192K) Class: 4867K(5056K)->4867K(5056K)
[3727.779s][info][gc             ] GC(910) Pause Young (Concurrent Start) (G1 Evacuation Pause) 3560M->1387M(4096M) 118.564ms
[3727.779s][info][gc             ] GC(911) Concurrent Mark Cycle
[3727.779s][info][gc,marking     ] GC(911) Concurrent Scan Root Regions
[3727.779s][info][gc,cpu         ] GC(910) User=0.70s Sys=0.00s Real=0.12s
.[3727.964s][info][gc,marking     ] GC(911) Concurrent Scan Root Regions 184.862ms
[3727.964s][info][gc,marking     ] GC(911) Concurrent Mark
[3727.964s][info][gc,marking     ] GC(911) Concurrent Mark From Roots
[3727.964s][info][gc,task        ] GC(911) Using 2 workers of 2 for marking
[3728.898s][info][gc,marking     ] GC(911) Concurrent Mark From Roots 933.219ms
[3728.899s][info][gc,marking     ] GC(911) Concurrent Preclean
[3728.899s][info][gc,marking     ] GC(911) Concurrent Preclean 0.099ms
[3728.901s][info][gc,start       ] GC(911) Pause Remark
[3728.904s][info][gc             ] GC(911) Pause Remark 2309M->2309M(4096M) 3.520ms
[3728.904s][info][gc,cpu         ] GC(911) User=0.02s Sys=0.01s Real=0.00s
[3728.905s][info][gc,marking     ] GC(911) Concurrent Mark 940.721ms
[3728.905s][info][gc,marking     ] GC(911) Concurrent Rebuild Remembered Sets and Scrub Regions
.[3729.270s][info][gc,marking     ] GC(911) Concurrent Rebuild Remembered Sets and Scrub Regions 365.262ms
[3729.270s][info][gc,start       ] GC(911) Pause Cleanup
[3729.271s][info][gc             ] GC(911) Pause Cleanup 2591M->2591M(4096M) 0.109ms
[3729.271s][info][gc,cpu         ] GC(911) User=0.00s Sys=0.00s Real=0.00s
[3729.271s][info][gc,marking     ] GC(911) Concurrent Clear Claimed Marks
[3729.271s][info][gc,marking     ] GC(911) Concurrent Clear Claimed Marks 0.021ms
[3729.271s][info][gc,marking     ] GC(911) Concurrent Cleanup for Next Mark
[3729.274s][info][gc,marking     ] GC(911) Concurrent Cleanup for Next Mark 3.525ms
[3729.274s][info][gc             ] GC(911) Concurrent Mark Cycle 1494.829ms
.[3730.605s][info][gc,start       ] GC(912) Pause Young (Prepare Mixed) (G1 Evacuation Pause)
[3730.605s][info][gc,task        ] GC(912) Using 6 workers of 6 for evacuation
[3730.722s][info][gc,phases      ] GC(912)   Pre Evacuate Collection Set: 0.33ms
[3730.722s][info][gc,phases      ] GC(912)   Merge Heap Roots: 0.49ms
[3730.722s][info][gc,phases      ] GC(912)   Evacuate Collection Set: 114.74ms
[3730.722s][info][gc,phases      ] GC(912)   Post Evacuate Collection Set: 0.93ms
[3730.722s][info][gc,phases      ] GC(912)   Other: 0.09ms
[3730.722s][info][gc,heap        ] GC(912) Eden regions: 1118->0(1111)
[3730.722s][info][gc,heap        ] GC(912) Survivor regions: 110->109(154)
[3730.722s][info][gc,heap        ] GC(912) Old regions: 505->536
[3730.722s][info][gc,heap        ] GC(912) Humongous regions: 80->80
[3730.722s][info][gc,metaspace   ] GC(912) Metaspace: 28878K(29248K)->28878K(29248K) NonClass: 24011K(24192K)->24011K(24192K) Class: 4867K(5056K)->4867K(5056K)
[3730.722s][info][gc             ] GC(912) Pause Young (Prepare Mixed) (G1 Evacuation Pause) 3623M->1448M(4096M) 116.700ms
[3730.722s][info][gc,cpu         ] GC(912) User=0.69s Sys=0.00s Real=0.12s
...[3733.450s][info][gc,start       ] GC(913) Pause Young (Mixed) (G1 Evacuation Pause)
[3733.450s][info][gc,task        ] GC(913) Using 6 workers of 6 for evacuation
[3733.584s][info][gc,phases      ] GC(913)   Pre Evacuate Collection Set: 0.37ms
[3733.584s][info][gc,phases      ] GC(913)   Merge Heap Roots: 0.69ms
[3733.584s][info][gc,phases      ] GC(913)   Evacuate Collection Set: 131.39ms
[3733.584s][info][gc,phases      ] GC(913)   Post Evacuate Collection Set: 0.94ms
[3733.584s][info][gc,phases      ] GC(913)   Other: 0.09ms
[3733.584s][info][gc,heap        ] GC(913) Eden regions: 1111->0(1121)
[3733.584s][info][gc,heap        ] GC(913) Survivor regions: 109->107(153)
[3733.584s][info][gc,heap        ] GC(913) Old regions: 536->473
[3733.584s][info][gc,heap        ] GC(913) Humongous regions: 80->80
[3733.584s][info][gc,metaspace   ] GC(913) Metaspace: 28878K(29248K)->28878K(29248K) NonClass: 24011K(24192K)->24011K(24192K) Class: 4867K(5056K)->4867K(5056K)
[3733.584s][info][gc             ] GC(913) Pause Young (Mixed) (G1 Evacuation Pause) 3670M->1319M(4096M) 133.607ms
[3733.584s][info][gc,cpu         ] GC(913) User=0.79s Sys=0.00s Real=0.13s
...[3736.346s][info][gc,start       ] GC(914) Pause Young (Concurrent Start) (G1 Evacuation Pause)
[3736.346s][info][gc,task        ] GC(914) Using 6 workers of 6 for evacuation
[3736.461s][info][gc,phases      ] GC(914)   Pre Evacuate Collection Set: 0.40ms
[3736.461s][info][gc,phases      ] GC(914)   Merge Heap Roots: 0.46ms
[3736.461s][info][gc,phases      ] GC(914)   Evacuate Collection Set: 113.53ms
[3736.461s][info][gc,phases      ] GC(914)   Post Evacuate Collection Set: 0.87ms
[3736.461s][info][gc,phases      ] GC(914)   Other: 0.10ms
[3736.461s][info][gc,heap        ] GC(914) Eden regions: 1121->0(1121)
[3736.461s][info][gc,heap        ] GC(914) Survivor regions: 107->107(154)
[3736.461s][info][gc,heap        ] GC(914) Old regions: 473->506
[3736.461s][info][gc,heap        ] GC(914) Humongous regions: 80->80
[3736.461s][info][gc,metaspace   ] GC(914) Metaspace: 28878K(29248K)->28878K(29248K) NonClass: 24011K(24192K)->24011K(24192K) Class: 4867K(5056K)->4867K(5056K)
[3736.461s][info][gc             ] GC(914) Pause Young (Concurrent Start) (G1 Evacuation Pause) 3561M->1384M(4096M) 115.518ms
[3736.461s][info][gc             ] GC(915) Concurrent Mark Cycle
[3736.461s][info][gc,marking     ] GC(915) Concurrent Scan Root Regions
[3736.461s][info][gc,cpu         ] GC(914) User=0.68s Sys=0.01s Real=0.12s
[3736.571s][info][gc,marking     ] GC(915) Concurrent Scan Root Regions 109.596ms
[3736.571s][info][gc,marking     ] GC(915) Concurrent Mark
[3736.571s][info][gc,marking     ] GC(915) Concurrent Mark From Roots
[3736.571s][info][gc,task        ] GC(915) Using 2 workers of 2 for marking
.[3737.136s][info][gc,marking     ] GC(915) Concurrent Mark From Roots 565.109ms
[3737.136s][info][gc,marking     ] GC(915) Concurrent Preclean
[3737.136s][info][gc,marking     ] GC(915) Concurrent Preclean 0.084ms
[3737.137s][info][gc,start       ] GC(915) Pause Remark
[3737.140s][info][gc             ] GC(915) Pause Remark 1910M->1910M(4096M) 3.306ms
[3737.140s][info][gc,cpu         ] GC(915) User=0.02s Sys=0.00s Real=0.00s
[3737.140s][info][gc,marking     ] GC(915) Concurrent Mark 569.440ms
[3737.140s][info][gc,marking     ] GC(915) Concurrent Rebuild Remembered Sets and Scrub Regions
[3737.479s][info][gc,marking     ] GC(915) Concurrent Rebuild Remembered Sets and Scrub Regions 338.867ms
[3737.480s][info][gc,start       ] GC(915) Pause Cleanup
[3737.480s][info][gc             ] GC(915) Pause Cleanup 2244M->2244M(4096M) 0.106ms
[3737.480s][info][gc,cpu         ] GC(915) User=0.00s Sys=0.00s Real=0.00s
[3737.480s][info][gc,marking     ] GC(915) Concurrent Clear Claimed Marks
[3737.480s][info][gc,marking     ] GC(915) Concurrent Clear Claimed Marks 0.034ms
[3737.480s][info][gc,marking     ] GC(915) Concurrent Cleanup for Next Mark
[3737.489s][info][gc,marking     ] GC(915) Concurrent Cleanup for Next Mark 8.374ms
[3737.489s][info][gc             ] GC(915) Concurrent Mark Cycle 1027.351ms
..[3739.290s][info][gc,start       ] GC(916) Pause Young (Prepare Mixed) (G1 Evacuation Pause)
[3739.290s][info][gc,task        ] GC(916) Using 6 workers of 6 for evacuation
[3739.409s][info][gc,phases      ] GC(916)   Pre Evacuate Collection Set: 0.35ms
[3739.409s][info][gc,phases      ] GC(916)   Merge Heap Roots: 0.48ms
[3739.409s][info][gc,phases      ] GC(916)   Evacuate Collection Set: 116.50ms
[3739.409s][info][gc,phases      ] GC(916)   Post Evacuate Collection Set: 0.93ms
[3739.409s][info][gc,phases      ] GC(916)   Other: 0.09ms
[3739.409s][info][gc,heap        ] GC(916) Eden regions: 1121->0(1104)
[3739.409s][info][gc,heap        ] GC(916) Survivor regions: 107->112(154)
[3739.409s][info][gc,heap        ] GC(916) Old regions: 506->537
[3739.409s][info][gc,heap        ] GC(916) Humongous regions: 80->80
[3739.409s][info][gc,metaspace   ] GC(916) Metaspace: 28878K(29248K)->28878K(29248K) NonClass: 24011K(24192K)->24011K(24192K) Class: 4867K(5056K)->4867K(5056K)
[3739.409s][info][gc             ] GC(916) Pause Young (Prepare Mixed) (G1 Evacuation Pause) 3626M->1456M(4096M) 118.506ms
[3739.409s][info][gc,cpu         ] GC(916) User=0.69s Sys=0.00s Real=0.12s
...[3742.069s][info][gc,start       ] GC(917) Pause Young (Mixed) (G1 Evacuation Pause)
[3742.069s][info][gc,task        ] GC(917) Using 6 workers of 6 for evacuation
[3742.203s][info][gc,phases      ] GC(917)   Pre Evacuate Collection Set: 0.37ms
[3742.203s][info][gc,phases      ] GC(917)   Merge Heap Roots: 0.61ms
[3742.203s][info][gc,phases      ] GC(917)   Evacuate Collection Set: 131.36ms
[3742.203s][info][gc,phases      ] GC(917)   Post Evacuate Collection Set: 0.95ms
[3742.203s][info][gc,phases      ] GC(917)   Other: 0.09ms
[3742.203s][info][gc,heap        ] GC(917) Eden regions: 1104->0(1118)
[3742.203s][info][gc,heap        ] GC(917) Survivor regions: 112->110(152)
[3742.203s][info][gc,heap        ] GC(917) Old regions: 537->474
[3742.203s][info][gc,heap        ] GC(917) Humongous regions: 80->80
[3742.203s][info][gc,metaspace   ] GC(917) Metaspace: 28878K(29248K)->28878K(29248K) NonClass: 24011K(24192K)->24011K(24192K) Class: 4867K(5056K)->4867K(5056K)
[3742.203s][info][gc             ] GC(917) Pause Young (Mixed) (G1 Evacuation Pause) 3664M->1326M(4096M) 133.535ms
[3742.203s][info][gc,cpu         ] GC(917) User=0.78s Sys=0.00s Real=0.13s
..[3744.987s][info][gc,start       ] GC(918) Pause Young (Concurrent Start) (G1 Evacuation Pause)
[3744.987s][info][gc,task        ] GC(918) Using 6 workers of 6 for evacuation
[3745.106s][info][gc,phases      ] GC(918)   Pre Evacuate Collection Set: 0.40ms
[3745.106s][info][gc,phases      ] GC(918)   Merge Heap Roots: 0.46ms
[3745.106s][info][gc,phases      ] GC(918)   Evacuate Collection Set: 117.32ms
[3745.106s][info][gc,phases      ] GC(918)   Post Evacuate Collection Set: 0.88ms
[3745.106s][info][gc,phases      ] GC(918)   Other: 0.13ms
[3745.106s][info][gc,heap        ] GC(918) Eden regions: 1118->0(1119)
[3745.106s][info][gc,heap        ] GC(918) Survivor regions: 110->109(154)
[3745.106s][info][gc,heap        ] GC(918) Old regions: 474->506
[3745.106s][info][gc,heap        ] GC(918) Humongous regions: 80->80
[3745.106s][info][gc,metaspace   ] GC(918) Metaspace: 28878K(29248K)->28878K(29248K) NonClass: 24011K(24192K)->24011K(24192K) Class: 4867K(5056K)->4867K(5056K)
[3745.106s][info][gc             ] GC(918) Pause Young (Concurrent Start) (G1 Evacuation Pause) 3562M->1389M(4096M) 119.316ms
[3745.106s][info][gc             ] GC(919) Concurrent Mark Cycle
[3745.106s][info][gc,marking     ] GC(919) Concurrent Scan Root Regions
[3745.106s][info][gc,cpu         ] GC(918) User=0.70s Sys=0.00s Real=0.11s
.[3745.285s][info][gc,marking     ] GC(919) Concurrent Scan Root Regions 178.466ms
[3745.285s][info][gc,marking     ] GC(919) Concurrent Mark
[3745.285s][info][gc,marking     ] GC(919) Concurrent Mark From Roots
[3745.285s][info][gc,task        ] GC(919) Using 2 workers of 2 for marking
.[3746.236s][info][gc,marking     ] GC(919) Concurrent Mark From Roots 950.884ms
[3746.236s][info][gc,marking     ] GC(919) Concurrent Preclean
[3746.236s][info][gc,marking     ] GC(919) Concurrent Preclean 0.110ms
[3746.237s][info][gc,start       ] GC(919) Pause Remark
[3746.242s][info][gc             ] GC(919) Pause Remark 2339M->2339M(4096M) 5.046ms
[3746.242s][info][gc,cpu         ] GC(919) User=0.02s Sys=0.00s Real=0.01s
[3746.242s][info][gc,marking     ] GC(919) Concurrent Mark 956.931ms
[3746.242s][info][gc,marking     ] GC(919) Concurrent Rebuild Remembered Sets and Scrub Regions
[3746.554s][info][gc,marking     ] GC(919) Concurrent Rebuild Remembered Sets and Scrub Regions 312.620ms
[3746.555s][info][gc,start       ] GC(919) Pause Cleanup
[3746.555s][info][gc             ] GC(919) Pause Cleanup 2582M->2582M(4096M) 0.098ms
[3746.555s][info][gc,cpu         ] GC(919) User=0.00s Sys=0.00s Real=0.00s
[3746.555s][info][gc,marking     ] GC(919) Concurrent Clear Claimed Marks
[3746.555s][info][gc,marking     ] GC(919) Concurrent Clear Claimed Marks 0.022ms
[3746.555s][info][gc,marking     ] GC(919) Concurrent Cleanup for Next Mark
[3746.558s][info][gc,marking     ] GC(919) Concurrent Cleanup for Next Mark 3.343ms
[3746.558s][info][gc             ] GC(919) Concurrent Mark Cycle 1451.816ms
.[3747.851s][info][gc,start       ] GC(920) Pause Young (Prepare Mixed) (G1 Evacuation Pause)
[3747.851s][info][gc,task        ] GC(920) Using 6 workers of 6 for evacuation
[3747.967s][info][gc,phases      ] GC(920)   Pre Evacuate Collection Set: 0.33ms
[3747.967s][info][gc,phases      ] GC(920)   Merge Heap Roots: 0.47ms
[3747.967s][info][gc,phases      ] GC(920)   Evacuate Collection Set: 114.33ms
[3747.967s][info][gc,phases      ] GC(920)   Post Evacuate Collection Set: 0.91ms
[3747.967s][info][gc,phases      ] GC(920)   Other: 0.09ms
[3747.967s][info][gc,heap        ] GC(920) Eden regions: 1119->0(1110)
[3747.967s][info][gc,heap        ] GC(920) Survivor regions: 109->109(154)
[3747.967s][info][gc,heap        ] GC(920) Old regions: 506->537
[3747.967s][info][gc,heap        ] GC(920) Humongous regions: 80->80
[3747.967s][info][gc,metaspace   ] GC(920) Metaspace: 28878K(29248K)->28878K(29248K) NonClass: 24011K(24192K)->24011K(24192K) Class: 4867K(5056K)->4867K(5056K)
[3747.967s][info][gc             ] GC(920) Pause Young (Prepare Mixed) (G1 Evacuation Pause) 3627M->1451M(4096M) 116.264ms
[3747.967s][info][gc,cpu         ] GC(920) User=0.68s Sys=0.00s Real=0.12s
...[3750.758s][info][gc,start       ] GC(921) Pause Young (Mixed) (G1 Evacuation Pause)
[3750.758s][info][gc,task        ] GC(921) Using 6 workers of 6 for evacuation
[3750.896s][info][gc,phases      ] GC(921)   Pre Evacuate Collection Set: 0.36ms
[3750.896s][info][gc,phases      ] GC(921)   Merge Heap Roots: 0.69ms
[3750.896s][info][gc,phases      ] GC(921)   Evacuate Collection Set: 135.63ms
[3750.896s][info][gc,phases      ] GC(921)   Post Evacuate Collection Set: 0.98ms
[3750.896s][info][gc,phases      ] GC(921)   Other: 0.09ms
[3750.896s][info][gc,heap        ] GC(921) Eden regions: 1110->0(1116)
[3750.896s][info][gc,heap        ] GC(921) Survivor regions: 109->112(153)
[3750.896s][info][gc,heap        ] GC(921) Old regions: 537->473
[3750.896s][info][gc,heap        ] GC(921) Humongous regions: 80->80
[3750.896s][info][gc,metaspace   ] GC(921) Metaspace: 28878K(29248K)->28878K(29248K) NonClass: 24011K(24192K)->24011K(24192K) Class: 4867K(5056K)->4867K(5056K)
[3750.896s][info][gc             ] GC(921) Pause Young (Mixed) (G1 Evacuation Pause) 3671M->1328M(4096M) 137.869ms
[3750.896s][info][gc,cpu         ] GC(921) User=0.81s Sys=0.00s Real=0.13s
...[3753.676s][info][gc,start       ] GC(922) Pause Young (Concurrent Start) (G1 Evacuation Pause)
[3753.676s][info][gc,task        ] GC(922) Using 6 workers of 6 for evacuation
[3753.793s][info][gc,phases      ] GC(922)   Pre Evacuate Collection Set: 0.39ms
[3753.793s][info][gc,phases      ] GC(922)   Merge Heap Roots: 0.47ms
[3753.793s][info][gc,phases      ] GC(922)   Evacuate Collection Set: 115.04ms
[3753.793s][info][gc,phases      ] GC(922)   Post Evacuate Collection Set: 0.90ms
[3753.793s][info][gc,phases      ] GC(922)   Other: 0.13ms
[3753.793s][info][gc,heap        ] GC(922) Eden regions: 1116->0(1119)
[3753.793s][info][gc,heap        ] GC(922) Survivor regions: 112->109(154)
[3753.793s][info][gc,heap        ] GC(922) Old regions: 473->505
[3753.793s][info][gc,heap        ] GC(922) Humongous regions: 80->80
[3753.793s][info][gc,metaspace   ] GC(922) Metaspace: 28878K(29248K)->28878K(29248K) NonClass: 24011K(24192K)->24011K(24192K) Class: 4867K(5056K)->4867K(5056K)
[3753.793s][info][gc             ] GC(922) Pause Young (Concurrent Start) (G1 Evacuation Pause) 3560M->1385M(4096M) 117.048ms
[3753.793s][info][gc             ] GC(923) Concurrent Mark Cycle
[3753.793s][info][gc,marking     ] GC(923) Concurrent Scan Root Regions
[3753.793s][info][gc,cpu         ] GC(922) User=0.70s Sys=0.00s Real=0.12s
[3753.968s][info][gc,marking     ] GC(923) Concurrent Scan Root Regions 175.237ms
[3753.968s][info][gc,marking     ] GC(923) Concurrent Mark
[3753.968s][info][gc,marking     ] GC(923) Concurrent Mark From Roots
[3753.968s][info][gc,task        ] GC(923) Using 2 workers of 2 for marking
.[3754.937s][info][gc,marking     ] GC(923) Concurrent Mark From Roots 968.597ms
[3754.937s][info][gc,marking     ] GC(923) Concurrent Preclean
[3754.937s][info][gc,marking     ] GC(923) Concurrent Preclean 0.104ms
[3754.937s][info][gc,start       ] GC(923) Pause Remark
[3754.942s][info][gc             ] GC(923) Pause Remark 2351M->2351M(4096M) 5.026ms
[3754.942s][info][gc,cpu         ] GC(923) User=0.03s Sys=0.00s Real=0.00s
[3754.942s][info][gc,marking     ] GC(923) Concurrent Mark 974.076ms
[3754.942s][info][gc,marking     ] GC(923) Concurrent Rebuild Remembered Sets and Scrub Regions
[3755.268s][info][gc,marking     ] GC(923) Concurrent Rebuild Remembered Sets and Scrub Regions 325.385ms
[3755.268s][info][gc,start       ] GC(923) Pause Cleanup
[3755.268s][info][gc             ] GC(923) Pause Cleanup 2630M->2630M(4096M) 0.115ms
[3755.268s][info][gc,cpu         ] GC(923) User=0.00s Sys=0.00s Real=0.00s
[3755.268s][info][gc,marking     ] GC(923) Concurrent Clear Claimed Marks
[3755.268s][info][gc,marking     ] GC(923) Concurrent Clear Claimed Marks 0.028ms
[3755.268s][info][gc,marking     ] GC(923) Concurrent Cleanup for Next Mark
[3755.275s][info][gc,marking     ] GC(923) Concurrent Cleanup for Next Mark 6.715ms
[3755.275s][info][gc             ] GC(923) Concurrent Mark Cycle 1481.976ms
..[3756.525s][info][gc,start       ] GC(924) Pause Young (Prepare Mixed) (G1 Evacuation Pause)
[3756.525s][info][gc,task        ] GC(924) Using 6 workers of 6 for evacuation
[3756.641s][info][gc,phases      ] GC(924)   Pre Evacuate Collection Set: 0.33ms
[3756.641s][info][gc,phases      ] GC(924)   Merge Heap Roots: 0.49ms
[3756.641s][info][gc,phases      ] GC(924)   Evacuate Collection Set: 114.60ms
[3756.641s][info][gc,phases      ] GC(924)   Post Evacuate Collection Set: 0.94ms
[3756.641s][info][gc,phases      ] GC(924)   Other: 0.09ms
[3756.641s][info][gc,heap        ] GC(924) Eden regions: 1119->0(1110)
[3756.641s][info][gc,heap        ] GC(924) Survivor regions: 109->109(154)
[3756.641s][info][gc,heap        ] GC(924) Old regions: 505->537
[3756.641s][info][gc,heap        ] GC(924) Humongous regions: 80->80
[3756.641s][info][gc,metaspace   ] GC(924) Metaspace: 28878K(29248K)->28878K(29248K) NonClass: 24011K(24192K)->24011K(24192K) Class: 4867K(5056K)->4867K(5056K)
[3756.641s][info][gc             ] GC(924) Pause Young (Prepare Mixed) (G1 Evacuation Pause) 3623M->1450M(4096M) 116.596ms
[3756.641s][info][gc,cpu         ] GC(924) User=0.69s Sys=0.00s Real=0.12s
. (rIR:aIR:PR = 6503:6505:6505) (tPR = 96773) [OK] 
  3757s: Performance info:
         Transaction,    Success,    Partial,     Failed,   Receipts, AvgBarcode, 
             Overall,     394697,          0,          0,     374956,      59.48, 
         Response times:
             Request,    Success,    Partial,     Failed,   SkipFail,     Probes,    Samples,      min,      p50,      p90,      p95,      p99,      max, 
       TotalPurchase,     374952,          0,          0,          0,     364834,     416133,      300,     5500,    29000,    53000,    94000,   230000,
     InStorePurchase,     197327,          0,          0,          0,     191609,     218097,      300,     5400,    28000,    52000,    91000,   230000,
      OnlinePurchase,     138179,          0,          0,          0,     134647,     153614,      300,     5600,    30000,    55000,    95000,   230000,
        InstPurchase,      39446,          0,          0,          0,      38578,      44422,      400,     5400,    30000,    52000,    96000,   230000,
          AssocOfCat,        393,          0,          0,          0,        309,        419,    21000,    35000,    67000,    93000,   168800,   182000,
      AssocOfProduct,       3955,          0,          0,          0,       3677,       4414,      400,     5650,    32000,    57000,   100000,   153000,
      BusinessReport,        991,          0,          0,          0,        839,       1045,    25000,    39000,    84400,   109700,   171000,   223000,
          CustBuyBeh,       3957,          0,          0,          0,       3733,       4496,      200,     5900,    26000,    56000,   100030,   179000,
       ProductReturn,      10454,          0,          0,          0,       9954,      11749,      200,     5600,    29000,    53000,    94000,   158000,

  3757s: (48%)   IR =   6642 ..[3759.396s][info][gc,start       ] GC(925) Pause Young (Mixed) (G1 Evacuation Pause)
[3759.396s][info][gc,task        ] GC(925) Using 6 workers of 6 for evacuation
[3759.529s][info][gc,phases      ] GC(925)   Pre Evacuate Collection Set: 0.36ms
[3759.529s][info][gc,phases      ] GC(925)   Merge Heap Roots: 0.66ms
[3759.529s][info][gc,phases      ] GC(925)   Evacuate Collection Set: 130.81ms
[3759.529s][info][gc,phases      ] GC(925)   Post Evacuate Collection Set: 0.91ms
[3759.529s][info][gc,phases      ] GC(925)   Other: 0.09ms
[3759.529s][info][gc,heap        ] GC(925) Eden regions: 1110->0(1120)
[3759.529s][info][gc,heap        ] GC(925) Survivor regions: 109->108(153)
[3759.529s][info][gc,heap        ] GC(925) Old regions: 537->473
[3759.529s][info][gc,heap        ] GC(925) Humongous regions: 80->80
[3759.529s][info][gc,metaspace   ] GC(925) Metaspace: 28878K(29248K)->28878K(29248K) NonClass: 24011K(24192K)->24011K(24192K) Class: 4867K(5056K)->4867K(5056K)
[3759.529s][info][gc             ] GC(925) Pause Young (Mixed) (G1 Evacuation Pause) 3670M->1320M(4096M) 132.970ms
[3759.529s][info][gc,cpu         ] GC(925) User=0.79s Sys=0.00s Real=0.14s
..[3762.228s][info][gc,start       ] GC(926) Pause Young (Concurrent Start) (G1 Evacuation Pause)
[3762.228s][info][gc,task        ] GC(926) Using 6 workers of 6 for evacuation
[3762.346s][info][gc,phases      ] GC(926)   Pre Evacuate Collection Set: 0.34ms
[3762.346s][info][gc,phases      ] GC(926)   Merge Heap Roots: 0.44ms
[3762.346s][info][gc,phases      ] GC(926)   Evacuate Collection Set: 116.53ms
[3762.346s][info][gc,phases      ] GC(926)   Post Evacuate Collection Set: 0.90ms
[3762.346s][info][gc,phases      ] GC(926)   Other: 0.11ms
[3762.346s][info][gc,heap        ] GC(926) Eden regions: 1120->0(1117)
[3762.346s][info][gc,heap        ] GC(926) Survivor regions: 108->111(154)
[3762.346s][info][gc,heap        ] GC(926) Old regions: 473->505
[3762.346s][info][gc,heap        ] GC(926) Humongous regions: 80->80
[3762.346s][info][gc,metaspace   ] GC(926) Metaspace: 28878K(29248K)->28878K(29248K) NonClass: 24011K(24192K)->24011K(24192K) Class: 4867K(5056K)->4867K(5056K)
[3762.347s][info][gc             ] GC(926) Pause Young (Concurrent Start) (G1 Evacuation Pause) 3560M->1391M(4096M) 118.455ms
[3762.347s][info][gc             ] GC(927) Concurrent Mark Cycle
[3762.347s][info][gc,marking     ] GC(927) Concurrent Scan Root Regions
[3762.347s][info][gc,cpu         ] GC(926) User=0.70s Sys=0.00s Real=0.11s
.[3762.536s][info][gc,marking     ] GC(927) Concurrent Scan Root Regions 189.579ms
[3762.536s][info][gc,marking     ] GC(927) Concurrent Mark
[3762.536s][info][gc,marking     ] GC(927) Concurrent Mark From Roots
[3762.536s][info][gc,task        ] GC(927) Using 2 workers of 2 for marking
[3763.461s][info][gc,marking     ] GC(927) Concurrent Mark From Roots 924.747ms
[3763.461s][info][gc,marking     ] GC(927) Concurrent Preclean
[3763.461s][info][gc,marking     ] GC(927) Concurrent Preclean 0.138ms
[3763.464s][info][gc,start       ] GC(927) Pause Remark
[3763.469s][info][gc             ] GC(927) Pause Remark 2367M->2367M(4096M) 5.286ms
[3763.469s][info][gc,cpu         ] GC(927) User=0.03s Sys=0.00s Real=0.01s
[3763.469s][info][gc,marking     ] GC(927) Concurrent Mark 932.808ms
[3763.469s][info][gc,marking     ] GC(927) Concurrent Rebuild Remembered Sets and Scrub Regions
.[3763.724s][info][gc,marking     ] GC(927) Concurrent Rebuild Remembered Sets and Scrub Regions 254.531ms
[3763.724s][info][gc,start       ] GC(927) Pause Cleanup
[3763.724s][info][gc             ] GC(927) Pause Cleanup 2567M->2567M(4096M) 0.109ms
[3763.724s][info][gc,cpu         ] GC(927) User=0.00s Sys=0.00s Real=0.00s
[3763.724s][info][gc,marking     ] GC(927) Concurrent Clear Claimed Marks
[3763.724s][info][gc,marking     ] GC(927) Concurrent Clear Claimed Marks 0.023ms
[3763.724s][info][gc,marking     ] GC(927) Concurrent Cleanup for Next Mark
[3763.730s][info][gc,marking     ] GC(927) Concurrent Cleanup for Next Mark 6.489ms
[3763.730s][info][gc             ] GC(927) Concurrent Mark Cycle 1383.930ms
.[3765.013s][info][gc,start       ] GC(928) Pause Young (Prepare Mixed) (G1 Evacuation Pause)
[3765.013s][info][gc,task        ] GC(928) Using 6 workers of 6 for evacuation
[3765.132s][info][gc,phases      ] GC(928)   Pre Evacuate Collection Set: 0.35ms
[3765.132s][info][gc,phases      ] GC(928)   Merge Heap Roots: 0.48ms
[3765.132s][info][gc,phases      ] GC(928)   Evacuate Collection Set: 116.36ms
[3765.132s][info][gc,phases      ] GC(928)   Post Evacuate Collection Set: 0.93ms
[3765.132s][info][gc,phases      ] GC(928)   Other: 0.09ms
[3765.132s][info][gc,heap        ] GC(928) Eden regions: 1117->0(1109)
[3765.132s][info][gc,heap        ] GC(928) Survivor regions: 111->109(154)
[3765.132s][info][gc,heap        ] GC(928) Old regions: 505->538
[3765.132s][info][gc,heap        ] GC(928) Humongous regions: 80->80
[3765.132s][info][gc,metaspace   ] GC(928) Metaspace: 28878K(29248K)->28878K(29248K) NonClass: 24011K(24192K)->24011K(24192K) Class: 4867K(5056K)->4867K(5056K)
[3765.132s][info][gc             ] GC(928) Pause Young (Prepare Mixed) (G1 Evacuation Pause) 3625M->1451M(4096M) 118.369ms
[3765.132s][info][gc,cpu         ] GC(928) User=0.70s Sys=0.00s Real=0.12s
.|..[3767.863s][info][gc,start       ] GC(929) Pause Young (Mixed) (G1 Evacuation Pause)
[3767.863s][info][gc,task        ] GC(929) Using 6 workers of 6 for evacuation
[3767.995s][info][gc,phases      ] GC(929)   Pre Evacuate Collection Set: 0.35ms
[3767.995s][info][gc,phases      ] GC(929)   Merge Heap Roots: 0.60ms
[3767.995s][info][gc,phases      ] GC(929)   Evacuate Collection Set: 130.43ms
[3767.995s][info][gc,phases      ] GC(929)   Post Evacuate Collection Set: 0.93ms
[3767.995s][info][gc,phases      ] GC(929)   Other: 0.08ms
[3767.995s][info][gc,heap        ] GC(929) Eden regions: 1109->0(1118)
[3767.995s][info][gc,heap        ] GC(929) Survivor regions: 109->110(153)
[3767.995s][info][gc,heap        ] GC(929) Old regions: 538->475
[3767.995s][info][gc,heap        ] GC(929) Humongous regions: 80->80
[3767.995s][info][gc,metaspace   ] GC(929) Metaspace: 28878K(29248K)->28878K(29248K) NonClass: 24011K(24192K)->24011K(24192K) Class: 4867K(5056K)->4867K(5056K)
[3767.995s][info][gc             ] GC(929) Pause Young (Mixed) (G1 Evacuation Pause) 3669M->1327M(4096M) 132.521ms
[3767.995s][info][gc,cpu         ] GC(929) User=0.78s Sys=0.00s Real=0.13s
...[3770.716s][info][gc,start       ] GC(930) Pause Young (Concurrent Start) (G1 Evacuation Pause)
[3770.716s][info][gc,task        ] GC(930) Using 6 workers of 6 for evacuation
[3770.835s][info][gc,phases      ] GC(930)   Pre Evacuate Collection Set: 0.39ms
[3770.835s][info][gc,phases      ] GC(930)   Merge Heap Roots: 0.45ms
[3770.835s][info][gc,phases      ] GC(930)   Evacuate Collection Set: 117.34ms
[3770.835s][info][gc,phases      ] GC(930)   Post Evacuate Collection Set: 0.87ms
[3770.835s][info][gc,phases      ] GC(930)   Other: 0.12ms
[3770.835s][info][gc,heap        ] GC(930) Eden regions: 1118->0(1117)
[3770.835s][info][gc,heap        ] GC(930) Survivor regions: 110->111(154)
[3770.835s][info][gc,heap        ] GC(930) Old regions: 475->507
[3770.835s][info][gc,heap        ] GC(930) Humongous regions: 80->80
[3770.835s][info][gc,metaspace   ] GC(930) Metaspace: 28878K(29248K)->28878K(29248K) NonClass: 24011K(24192K)->24011K(24192K) Class: 4867K(5056K)->4867K(5056K)
[3770.835s][info][gc             ] GC(930) Pause Young (Concurrent Start) (G1 Evacuation Pause) 3563M->1394M(4096M) 119.300ms
[3770.835s][info][gc             ] GC(931) Concurrent Mark Cycle
[3770.835s][info][gc,marking     ] GC(931) Concurrent Scan Root Regions
[3770.835s][info][gc,cpu         ] GC(930) User=0.70s Sys=0.00s Real=0.12s
[3770.986s][info][gc,marking     ] GC(931) Concurrent Scan Root Regions 150.480ms
[3770.986s][info][gc,marking     ] GC(931) Concurrent Mark
[3770.986s][info][gc,marking     ] GC(931) Concurrent Mark From Roots
[3770.986s][info][gc,task        ] GC(931) Using 2 workers of 2 for marking
.[3771.695s][info][gc,marking     ] GC(931) Concurrent Mark From Roots 709.229ms
[3771.695s][info][gc,marking     ] GC(931) Concurrent Preclean
[3771.695s][info][gc,marking     ] GC(931) Concurrent Preclean 0.090ms
[3771.696s][info][gc,start       ] GC(931) Pause Remark
[3771.701s][info][gc             ] GC(931) Pause Remark 2176M->2176M(4096M) 4.651ms
[3771.701s][info][gc,cpu         ] GC(931) User=0.03s Sys=0.00s Real=0.01s
[3771.702s][info][gc,marking     ] GC(931) Concurrent Mark 716.269ms
[3771.702s][info][gc,marking     ] GC(931) Concurrent Rebuild Remembered Sets and Scrub Regions
[3772.011s][info][gc,marking     ] GC(931) Concurrent Rebuild Remembered Sets and Scrub Regions 308.509ms
[3772.011s][info][gc,start       ] GC(931) Pause Cleanup
[3772.011s][info][gc             ] GC(931) Pause Cleanup 2422M->2422M(4096M) 0.121ms
[3772.011s][info][gc,cpu         ] GC(931) User=0.00s Sys=0.00s Real=0.00s
[3772.011s][info][gc,marking     ] GC(931) Concurrent Clear Claimed Marks
[3772.011s][info][gc,marking     ] GC(931) Concurrent Clear Claimed Marks 0.025ms
[3772.011s][info][gc,marking     ] GC(931) Concurrent Cleanup for Next Mark
[3772.016s][info][gc,marking     ] GC(931) Concurrent Cleanup for Next Mark 4.969ms
[3772.016s][info][gc             ] GC(931) Concurrent Mark Cycle 1180.841ms
.[3773.516s][info][gc,start       ] GC(932) Pause Young (Prepare Mixed) (G1 Evacuation Pause)
[3773.516s][info][gc,task        ] GC(932) Using 6 workers of 6 for evacuation
[3773.630s][info][gc,phases      ] GC(932)   Pre Evacuate Collection Set: 0.33ms
[3773.630s][info][gc,phases      ] GC(932)   Merge Heap Roots: 0.48ms
[3773.630s][info][gc,phases      ] GC(932)   Evacuate Collection Set: 112.05ms
[3773.630s][info][gc,phases      ] GC(932)   Post Evacuate Collection Set: 0.92ms
[3773.630s][info][gc,phases      ] GC(932)   Other: 0.08ms
[3773.630s][info][gc,heap        ] GC(932) Eden regions: 1117->0(1113)
[3773.630s][info][gc,heap        ] GC(932) Survivor regions: 111->107(154)
[3773.630s][info][gc,heap        ] GC(932) Old regions: 507->538
[3773.630s][info][gc,heap        ] GC(932) Humongous regions: 80->80
[3773.630s][info][gc,metaspace   ] GC(932) Metaspace: 28878K(29248K)->28878K(29248K) NonClass: 24011K(24192K)->24011K(24192K) Class: 4867K(5056K)->4867K(5056K)
[3773.630s][info][gc             ] GC(932) Pause Young (Prepare Mixed) (G1 Evacuation Pause) 3628M->1449M(4096M) 113.988ms
[3773.630s][info][gc,cpu         ] GC(932) User=0.67s Sys=0.00s Real=0.12s
...[3776.309s][info][gc,start       ] GC(933) Pause Young (Mixed) (G1 Evacuation Pause)
[3776.309s][info][gc,task        ] GC(933) Using 6 workers of 6 for evacuation
[3776.447s][info][gc,phases      ] GC(933)   Pre Evacuate Collection Set: 0.35ms
[3776.447s][info][gc,phases      ] GC(933)   Merge Heap Roots: 0.67ms
[3776.447s][info][gc,phases      ] GC(933)   Evacuate Collection Set: 135.66ms
[3776.447s][info][gc,phases      ] GC(933)   Post Evacuate Collection Set: 0.94ms
[3776.447s][info][gc,phases      ] GC(933)   Other: 0.08ms
[3776.447s][info][gc,heap        ] GC(933) Eden regions: 1113->0(1116)
[3776.447s][info][gc,heap        ] GC(933) Survivor regions: 107->112(153)
[3776.447s][info][gc,heap        ] GC(933) Old regions: 538->473
[3776.447s][info][gc,heap        ] GC(933) Humongous regions: 80->80
[3776.447s][info][gc,metaspace   ] GC(933) Metaspace: 28878K(29248K)->28878K(29248K) NonClass: 24011K(24192K)->24011K(24192K) Class: 4867K(5056K)->4867K(5056K)
[3776.447s][info][gc             ] GC(933) Pause Young (Mixed) (G1 Evacuation Pause) 3675M->1327M(4096M) 137.845ms
[3776.447s][info][gc,cpu         ] GC(933) User=0.82s Sys=0.00s Real=0.14s
...[3779.144s][info][gc,start       ] GC(934) Pause Young (Concurrent Start) (G1 Evacuation Pause)
[3779.144s][info][gc,task        ] GC(934) Using 6 workers of 6 for evacuation
[3779.266s][info][gc,phases      ] GC(934)   Pre Evacuate Collection Set: 0.32ms
[3779.266s][info][gc,phases      ] GC(934)   Merge Heap Roots: 0.45ms
[3779.266s][info][gc,phases      ] GC(934)   Evacuate Collection Set: 120.05ms
[3779.266s][info][gc,phases      ] GC(934)   Post Evacuate Collection Set: 0.88ms
[3779.266s][info][gc,phases      ] GC(934)   Other: 0.11ms
[3779.266s][info][gc,heap        ] GC(934) Eden regions: 1116->0(1115)
[3779.266s][info][gc,heap        ] GC(934) Survivor regions: 112->113(154)
[3779.266s][info][gc,heap        ] GC(934) Old regions: 473->505
[3779.266s][info][gc,heap        ] GC(934) Humongous regions: 80->80
[3779.266s][info][gc,metaspace   ] GC(934) Metaspace: 28878K(29248K)->28878K(29248K) NonClass: 24011K(24192K)->24011K(24192K) Class: 4867K(5056K)->4867K(5056K)
[3779.266s][info][gc             ] GC(934) Pause Young (Concurrent Start) (G1 Evacuation Pause) 3559M->1393M(4096M) 121.961ms
[3779.266s][info][gc             ] GC(935) Concurrent Mark Cycle
[3779.266s][info][gc,marking     ] GC(935) Concurrent Scan Root Regions
[3779.266s][info][gc,cpu         ] GC(934) User=0.72s Sys=0.00s Real=0.12s
[3779.450s][info][gc,marking     ] GC(935) Concurrent Scan Root Regions 183.691ms
[3779.450s][info][gc,marking     ] GC(935) Concurrent Mark
[3779.450s][info][gc,marking     ] GC(935) Concurrent Mark From Roots
[3779.450s][info][gc,task        ] GC(935) Using 2 workers of 2 for marking
.[3780.406s][info][gc,marking     ] GC(935) Concurrent Mark From Roots 956.104ms
[3780.406s][info][gc,marking     ] GC(935) Concurrent Preclean
[3780.406s][info][gc,marking     ] GC(935) Concurrent Preclean 0.105ms
[3780.409s][info][gc,start       ] GC(935) Pause Remark
[3780.414s][info][gc             ] GC(935) Pause Remark 2355M->2355M(4096M) 4.874ms
[3780.414s][info][gc,cpu         ] GC(935) User=0.02s Sys=0.00s Real=0.00s
[3780.415s][info][gc,marking     ] GC(935) Concurrent Mark 965.512ms
[3780.415s][info][gc,marking     ] GC(935) Concurrent Rebuild Remembered Sets and Scrub Regions
.[3780.820s][info][gc,marking     ] GC(935) Concurrent Rebuild Remembered Sets and Scrub Regions 404.967ms
[3780.821s][info][gc,start       ] GC(935) Pause Cleanup
[3780.821s][info][gc             ] GC(935) Pause Cleanup 2686M->2686M(4096M) 0.105ms
[3780.821s][info][gc,cpu         ] GC(935) User=0.00s Sys=0.00s Real=0.00s
[3780.821s][info][gc,marking     ] GC(935) Concurrent Clear Claimed Marks
[3780.821s][info][gc,marking     ] GC(935) Concurrent Clear Claimed Marks 0.031ms
[3780.821s][info][gc,marking     ] GC(935) Concurrent Cleanup for Next Mark
[3780.826s][info][gc,marking     ] GC(935) Concurrent Cleanup for Next Mark 4.999ms
[3780.826s][info][gc             ] GC(935) Concurrent Mark Cycle 1559.685ms
.[3782.047s][info][gc,start       ] GC(936) Pause Young (Prepare Mixed) (G1 Evacuation Pause)
[3782.047s][info][gc,task        ] GC(936) Using 6 workers of 6 for evacuation
[3782.166s][info][gc,phases      ] GC(936)   Pre Evacuate Collection Set: 0.37ms
[3782.166s][info][gc,phases      ] GC(936)   Merge Heap Roots: 0.49ms
[3782.166s][info][gc,phases      ] GC(936)   Evacuate Collection Set: 116.46ms
[3782.166s][info][gc,phases      ] GC(936)   Post Evacuate Collection Set: 0.95ms
[3782.166s][info][gc,phases      ] GC(936)   Other: 0.09ms
[3782.166s][info][gc,heap        ] GC(936) Eden regions: 1115->0(1108)
[3782.166s][info][gc,heap        ] GC(936) Survivor regions: 113->110(154)
[3782.166s][info][gc,heap        ] GC(936) Old regions: 505->537
[3782.166s][info][gc,heap        ] GC(936) Humongous regions: 80->80
[3782.166s][info][gc,metaspace   ] GC(936) Metaspace: 28878K(29248K)->28878K(29248K) NonClass: 24011K(24192K)->24011K(24192K) Class: 4867K(5056K)->4867K(5056K)
[3782.166s][info][gc             ] GC(936) Pause Young (Prepare Mixed) (G1 Evacuation Pause) 3623M->1452M(4096M) 118.483ms
[3782.166s][info][gc,cpu         ] GC(936) User=0.71s Sys=0.00s Real=0.11s
...[3784.833s][info][gc,start       ] GC(937) Pause Young (Mixed) (G1 Evacuation Pause)
[3784.833s][info][gc,task        ] GC(937) Using 6 workers of 6 for evacuation
[3784.970s][info][gc,phases      ] GC(937)   Pre Evacuate Collection Set: 0.36ms
[3784.970s][info][gc,phases      ] GC(937)   Merge Heap Roots: 0.71ms
[3784.970s][info][gc,phases      ] GC(937)   Evacuate Collection Set: 135.23ms
[3784.970s][info][gc,phases      ] GC(937)   Post Evacuate Collection Set: 0.93ms
[3784.970s][info][gc,phases      ] GC(937)   Other: 0.09ms
[3784.970s][info][gc,heap        ] GC(937) Eden regions: 1108->0(1117)
[3784.970s][info][gc,heap        ] GC(937) Survivor regions: 110->111(153)
[3784.970s][info][gc,heap        ] GC(937) Old regions: 537->473
[3784.971s][info][gc,heap        ] GC(937) Humongous regions: 80->80
[3784.971s][info][gc,metaspace   ] GC(937) Metaspace: 28878K(29248K)->28878K(29248K) NonClass: 24011K(24192K)->24011K(24192K) Class: 4867K(5056K)->4867K(5056K)
[3784.971s][info][gc             ] GC(937) Pause Young (Mixed) (G1 Evacuation Pause) 3668M->1327M(4096M) 137.461ms
[3784.971s][info][gc,cpu         ] GC(937) User=0.82s Sys=0.00s Real=0.14s
..[3787.636s][info][gc,start       ] GC(938) Pause Young (Concurrent Start) (G1 Evacuation Pause)
[3787.636s][info][gc,task        ] GC(938) Using 6 workers of 6 for evacuation
[3787.754s][info][gc,phases      ] GC(938)   Pre Evacuate Collection Set: 0.34ms
[3787.754s][info][gc,phases      ] GC(938)   Merge Heap Roots: 0.44ms
[3787.754s][info][gc,phases      ] GC(938)   Evacuate Collection Set: 116.23ms
[3787.754s][info][gc,phases      ] GC(938)   Post Evacuate Collection Set: 0.89ms
[3787.754s][info][gc,phases      ] GC(938)   Other: 0.12ms
[3787.754s][info][gc,heap        ] GC(938) Eden regions: 1117->0(1118)
[3787.754s][info][gc,heap        ] GC(938) Survivor regions: 111->110(154)
[3787.754s][info][gc,heap        ] GC(938) Old regions: 473->506
[3787.754s][info][gc,heap        ] GC(938) Humongous regions: 80->80
[3787.754s][info][gc,metaspace   ] GC(938) Metaspace: 28878K(29248K)->28878K(29248K) NonClass: 24011K(24192K)->24011K(24192K) Class: 4867K(5056K)->4867K(5056K)
[3787.754s][info][gc             ] GC(938) Pause Young (Concurrent Start) (G1 Evacuation Pause) 3561M->1389M(4096M) 118.172ms
[3787.754s][info][gc             ] GC(939) Concurrent Mark Cycle
[3787.754s][info][gc,marking     ] GC(939) Concurrent Scan Root Regions
[3787.754s][info][gc,cpu         ] GC(938) User=0.70s Sys=0.00s Real=0.12s
.[3787.934s][info][gc,marking     ] GC(939) Concurrent Scan Root Regions 179.324ms
[3787.934s][info][gc,marking     ] GC(939) Concurrent Mark
[3787.934s][info][gc,marking     ] GC(939) Concurrent Mark From Roots
[3787.934s][info][gc,task        ] GC(939) Using 2 workers of 2 for marking
.[3788.934s][info][gc,marking     ] GC(939) Concurrent Mark From Roots 1000.614ms
[3788.934s][info][gc,marking     ] GC(939) Concurrent Preclean
[3788.934s][info][gc,marking     ] GC(939) Concurrent Preclean 0.084ms
[3788.937s][info][gc,start       ] GC(939) Pause Remark
[3788.941s][info][gc             ] GC(939) Pause Remark 2385M->2385M(4096M) 4.182ms
[3788.941s][info][gc,cpu         ] GC(939) User=0.03s Sys=0.00s Real=0.00s
[3788.941s][info][gc,marking     ] GC(939) Concurrent Mark 1007.681ms
[3788.941s][info][gc,marking     ] GC(939) Concurrent Rebuild Remembered Sets and Scrub Regions
[3789.307s][info][gc,marking     ] GC(939) Concurrent Rebuild Remembered Sets and Scrub Regions 365.912ms
[3789.307s][info][gc,start       ] GC(939) Pause Cleanup
[3789.308s][info][gc             ] GC(939) Pause Cleanup 2710M->2710M(4096M) 0.113ms
[3789.308s][info][gc,cpu         ] GC(939) User=0.00s Sys=0.00s Real=0.00s
[3789.308s][info][gc,marking     ] GC(939) Concurrent Clear Claimed Marks
[3789.308s][info][gc,marking     ] GC(939) Concurrent Clear Claimed Marks 0.023ms
[3789.308s][info][gc,marking     ] GC(939) Concurrent Cleanup for Next Mark
[3789.311s][info][gc,marking     ] GC(939) Concurrent Cleanup for Next Mark 3.704ms
[3789.311s][info][gc             ] GC(939) Concurrent Mark Cycle 1557.081ms
.[3790.416s][info][gc,start       ] GC(940) Pause Young (Prepare Mixed) (G1 Evacuation Pause)
[3790.416s][info][gc,task        ] GC(940) Using 6 workers of 6 for evacuation
[3790.530s][info][gc,phases      ] GC(940)   Pre Evacuate Collection Set: 0.35ms
[3790.530s][info][gc,phases      ] GC(940)   Merge Heap Roots: 0.48ms
[3790.530s][info][gc,phases      ] GC(940)   Evacuate Collection Set: 112.31ms
[3790.530s][info][gc,phases      ] GC(940)   Post Evacuate Collection Set: 0.93ms
[3790.530s][info][gc,phases      ] GC(940)   Other: 0.09ms
[3790.530s][info][gc,heap        ] GC(940) Eden regions: 1118->0(1114)
[3790.530s][info][gc,heap        ] GC(940) Survivor regions: 110->107(154)
[3790.530s][info][gc,heap        ] GC(940) Old regions: 506->537
[3790.530s][info][gc,heap        ] GC(940) Humongous regions: 80->80
[3790.530s][info][gc,metaspace   ] GC(940) Metaspace: 28878K(29248K)->28878K(29248K) NonClass: 24011K(24192K)->24011K(24192K) Class: 4867K(5056K)->4867K(5056K)
[3790.530s][info][gc             ] GC(940) Pause Young (Prepare Mixed) (G1 Evacuation Pause) 3625M->1445M(4096M) 114.294ms
[3790.530s][info][gc,cpu         ] GC(940) User=0.67s Sys=0.01s Real=0.12s
...[3793.299s][info][gc,start       ] GC(941) Pause Young (Mixed) (G1 Evacuation Pause)
[3793.299s][info][gc,task        ] GC(941) Using 6 workers of 6 for evacuation
[3793.440s][info][gc,phases      ] GC(941)   Pre Evacuate Collection Set: 0.38ms
[3793.440s][info][gc,phases      ] GC(941)   Merge Heap Roots: 0.64ms
[3793.440s][info][gc,phases      ] GC(941)   Evacuate Collection Set: 138.87ms
[3793.440s][info][gc,phases      ] GC(941)   Post Evacuate Collection Set: 0.95ms
[3793.440s][info][gc,phases      ] GC(941)   Other: 0.08ms
[3793.440s][info][gc,heap        ] GC(941) Eden regions: 1114->0(1113)
[3793.440s][info][gc,heap        ] GC(941) Survivor regions: 107->115(153)
[3793.440s][info][gc,heap        ] GC(941) Old regions: 537->474
[3793.440s][info][gc,heap        ] GC(941) Humongous regions: 80->80
[3793.440s][info][gc,metaspace   ] GC(941) Metaspace: 28878K(29248K)->28878K(29248K) NonClass: 24011K(24192K)->24011K(24192K) Class: 4867K(5056K)->4867K(5056K)
[3793.440s][info][gc             ] GC(941) Pause Young (Mixed) (G1 Evacuation Pause) 3673M->1335M(4096M) 141.058ms
[3793.440s][info][gc,cpu         ] GC(941) User=0.83s Sys=0.00s Real=0.14s
...[3796.129s][info][gc,start       ] GC(942) Pause Young (Concurrent Start) (G1 Evacuation Pause)
[3796.129s][info][gc,task        ] GC(942) Using 6 workers of 6 for evacuation
[3796.249s][info][gc,phases      ] GC(942)   Pre Evacuate Collection Set: 0.37ms
[3796.249s][info][gc,phases      ] GC(942)   Merge Heap Roots: 0.45ms
[3796.249s][info][gc,phases      ] GC(942)   Evacuate Collection Set: 118.28ms
[3796.249s][info][gc,phases      ] GC(942)   Post Evacuate Collection Set: 0.90ms
[3796.249s][info][gc,phases      ] GC(942)   Other: 0.10ms
[3796.249s][info][gc,heap        ] GC(942) Eden regions: 1113->0(1116)
[3796.249s][info][gc,heap        ] GC(942) Survivor regions: 115->112(154)
[3796.249s][info][gc,heap        ] GC(942) Old regions: 474->505
[3796.249s][info][gc,heap        ] GC(942) Humongous regions: 80->80
[3796.249s][info][gc,metaspace   ] GC(942) Metaspace: 28878K(29248K)->28878K(29248K) NonClass: 24011K(24192K)->24011K(24192K) Class: 4867K(5056K)->4867K(5056K)
[3796.249s][info][gc             ] GC(942) Pause Young (Concurrent Start) (G1 Evacuation Pause) 3561M->1393M(4096M) 120.225ms
[3796.249s][info][gc             ] GC(943) Concurrent Mark Cycle
[3796.249s][info][gc,marking     ] GC(943) Concurrent Scan Root Regions
[3796.249s][info][gc,cpu         ] GC(942) User=0.70s Sys=0.01s Real=0.12s
[3796.391s][info][gc,marking     ] GC(943) Concurrent Scan Root Regions 141.566ms
[3796.391s][info][gc,marking     ] GC(943) Concurrent Mark
[3796.391s][info][gc,marking     ] GC(943) Concurrent Mark From Roots
[3796.391s][info][gc,task        ] GC(943) Using 2 workers of 2 for marking
.[3797.111s][info][gc,marking     ] GC(943) Concurrent Mark From Roots 720.284ms
[3797.111s][info][gc,marking     ] GC(943) Concurrent Preclean
[3797.111s][info][gc,marking     ] GC(943) Concurrent Preclean 0.080ms
[3797.111s][info][gc,start       ] GC(943) Pause Remark
[3797.115s][info][gc             ] GC(943) Pause Remark 2160M->2160M(4096M) 3.653ms
[3797.115s][info][gc,cpu         ] GC(943) User=0.02s Sys=0.00s Real=0.00s
[3797.115s][info][gc,marking     ] GC(943) Concurrent Mark 724.670ms
[3797.115s][info][gc,marking     ] GC(943) Concurrent Rebuild Remembered Sets and Scrub Regions
[3797.375s][info][gc,marking     ] GC(943) Concurrent Rebuild Remembered Sets and Scrub Regions 259.406ms
[3797.375s][info][gc,start       ] GC(943) Pause Cleanup
[3797.375s][info][gc             ] GC(943) Pause Cleanup 2353M->2353M(4096M) 0.109ms
[3797.375s][info][gc,cpu         ] GC(943) User=0.00s Sys=0.00s Real=0.00s
[3797.375s][info][gc,marking     ] GC(943) Concurrent Clear Claimed Marks
[3797.375s][info][gc,marking     ] GC(943) Concurrent Clear Claimed Marks 0.041ms
[3797.375s][info][gc,marking     ] GC(943) Concurrent Cleanup for Next Mark
[3797.380s][info][gc,marking     ] GC(943) Concurrent Cleanup for Next Mark 5.260ms
[3797.381s][info][gc             ] GC(943) Concurrent Mark Cycle 1131.518ms
.[3798.926s][info][gc,start       ] GC(944) Pause Young (Prepare Mixed) (G1 Evacuation Pause)
[3798.926s][info][gc,task        ] GC(944) Using 6 workers of 6 for evacuation
[3799.046s][info][gc,phases      ] GC(944)   Pre Evacuate Collection Set: 0.31ms
[3799.046s][info][gc,phases      ] GC(944)   Merge Heap Roots: 0.49ms
[3799.046s][info][gc,phases      ] GC(944)   Evacuate Collection Set: 117.77ms
[3799.046s][info][gc,phases      ] GC(944)   Post Evacuate Collection Set: 0.94ms
[3799.046s][info][gc,phases      ] GC(944)   Other: 0.08ms
[3799.046s][info][gc,heap        ] GC(944) Eden regions: 1116->0(1108)
[3799.046s][info][gc,heap        ] GC(944) Survivor regions: 112->110(154)
[3799.046s][info][gc,heap        ] GC(944) Old regions: 505->537
[3799.046s][info][gc,heap        ] GC(944) Humongous regions: 80->80
[3799.046s][info][gc,metaspace   ] GC(944) Metaspace: 28878K(29248K)->28878K(29248K) NonClass: 24011K(24192K)->24011K(24192K) Class: 4867K(5056K)->4867K(5056K)
[3799.046s][info][gc             ] GC(944) Pause Young (Prepare Mixed) (G1 Evacuation Pause) 3625M->1453M(4096M) 119.733ms
[3799.046s][info][gc,cpu         ] GC(944) User=0.71s Sys=0.01s Real=0.12s
...[3801.816s][info][gc,start       ] GC(945) Pause Young (Mixed) (G1 Evacuation Pause)
[3801.816s][info][gc,task        ] GC(945) Using 6 workers of 6 for evacuation
[3801.963s][info][gc,phases      ] GC(945)   Pre Evacuate Collection Set: 0.34ms
[3801.963s][info][gc,phases      ] GC(945)   Merge Heap Roots: 0.77ms
[3801.963s][info][gc,phases      ] GC(945)   Evacuate Collection Set: 144.67ms
[3801.963s][info][gc,phases      ] GC(945)   Post Evacuate Collection Set: 0.90ms
[3801.963s][info][gc,phases      ] GC(945)   Other: 0.09ms
[3801.963s][info][gc,heap        ] GC(945) Eden regions: 1108->0(1113)
[3801.963s][info][gc,heap        ] GC(945) Survivor regions: 110->115(153)
[3801.963s][info][gc,heap        ] GC(945) Old regions: 537->472
[3801.963s][info][gc,heap        ] GC(945) Humongous regions: 80->80
[3801.963s][info][gc,metaspace   ] GC(945) Metaspace: 28878K(29248K)->28878K(29248K) NonClass: 24011K(24192K)->24011K(24192K) Class: 4867K(5056K)->4867K(5056K)
[3801.963s][info][gc             ] GC(945) Pause Young (Mixed) (G1 Evacuation Pause) 3669M->1333M(4096M) 146.914ms
[3801.963s][info][gc,cpu         ] GC(945) User=0.86s Sys=0.01s Real=0.15s
...[3804.566s][info][gc,start       ] GC(946) Pause Young (Concurrent Start) (G1 Evacuation Pause)
[3804.566s][info][gc,task        ] GC(946) Using 6 workers of 6 for evacuation
[3804.684s][info][gc,phases      ] GC(946)   Pre Evacuate Collection Set: 0.36ms
[3804.684s][info][gc,phases      ] GC(946)   Merge Heap Roots: 0.45ms
[3804.684s][info][gc,phases      ] GC(946)   Evacuate Collection Set: 116.05ms
[3804.684s][info][gc,phases      ] GC(946)   Post Evacuate Collection Set: 0.88ms
[3804.684s][info][gc,phases      ] GC(946)   Other: 0.12ms
[3804.684s][info][gc,heap        ] GC(946) Eden regions: 1113->0(1119)
[3804.684s][info][gc,heap        ] GC(946) Survivor regions: 115->109(154)
[3804.684s][info][gc,heap        ] GC(946) Old regions: 472->504
[3804.684s][info][gc,heap        ] GC(946) Humongous regions: 80->80
[3804.684s][info][gc,metaspace   ] GC(946) Metaspace: 28878K(29248K)->28878K(29248K) NonClass: 24011K(24192K)->24011K(24192K) Class: 4867K(5056K)->4867K(5056K)
[3804.684s][info][gc             ] GC(946) Pause Young (Concurrent Start) (G1 Evacuation Pause) 3559M->1384M(4096M) 117.993ms
[3804.684s][info][gc             ] GC(947) Concurrent Mark Cycle
[3804.684s][info][gc,marking     ] GC(947) Concurrent Scan Root Regions
[3804.684s][info][gc,cpu         ] GC(946) User=0.69s Sys=0.00s Real=0.12s
[3804.857s][info][gc,marking     ] GC(947) Concurrent Scan Root Regions 172.507ms
[3804.857s][info][gc,marking     ] GC(947) Concurrent Mark
[3804.857s][info][gc,marking     ] GC(947) Concurrent Mark From Roots
[3804.857s][info][gc,task        ] GC(947) Using 2 workers of 2 for marking
.[3805.564s][info][gc,marking     ] GC(947) Concurrent Mark From Roots 707.325ms
[3805.564s][info][gc,marking     ] GC(947) Concurrent Preclean
[3805.564s][info][gc,marking     ] GC(947) Concurrent Preclean 0.088ms
[3805.564s][info][gc,start       ] GC(947) Pause Remark
[3805.569s][info][gc             ] GC(947) Pause Remark 2145M->2145M(4096M) 4.657ms
[3805.569s][info][gc,cpu         ] GC(947) User=0.03s Sys=0.01s Real=0.01s
[3805.569s][info][gc,marking     ] GC(947) Concurrent Mark 712.322ms
[3805.569s][info][gc,marking     ] GC(947) Concurrent Rebuild Remembered Sets and Scrub Regions
[3805.933s][info][gc,marking     ] GC(947) Concurrent Rebuild Remembered Sets and Scrub Regions 363.959ms
[3805.933s][info][gc,start       ] GC(947) Pause Cleanup
[3805.933s][info][gc             ] GC(947) Pause Cleanup 2441M->2441M(4096M) 0.119ms
[3805.933s][info][gc,cpu         ] GC(947) User=0.00s Sys=0.00s Real=0.00s
[3805.933s][info][gc,marking     ] GC(947) Concurrent Clear Claimed Marks
[3805.933s][info][gc,marking     ] GC(947) Concurrent Clear Claimed Marks 0.022ms
[3805.933s][info][gc,marking     ] GC(947) Concurrent Cleanup for Next Mark
[3805.939s][info][gc,marking     ] GC(947) Concurrent Cleanup for Next Mark 5.667ms
[3805.939s][info][gc             ] GC(947) Concurrent Mark Cycle 1254.970ms
..[3807.409s][info][gc,start       ] GC(948) Pause Young (Prepare Mixed) (G1 Evacuation Pause)
[3807.409s][info][gc,task        ] GC(948) Using 6 workers of 6 for evacuation
[3807.527s][info][gc,phases      ] GC(948)   Pre Evacuate Collection Set: 0.35ms
[3807.527s][info][gc,phases      ] GC(948)   Merge Heap Roots: 0.49ms
[3807.527s][info][gc,phases      ] GC(948)   Evacuate Collection Set: 115.60ms
[3807.527s][info][gc,phases      ] GC(948)   Post Evacuate Collection Set: 0.92ms
[3807.527s][info][gc,phases      ] GC(948)   Other: 0.08ms
[3807.527s][info][gc,heap        ] GC(948) Eden regions: 1119->0(1113)
[3807.527s][info][gc,heap        ] GC(948) Survivor regions: 109->108(154)
[3807.527s][info][gc,heap        ] GC(948) Old regions: 504->536
[3807.527s][info][gc,heap        ] GC(948) Humongous regions: 80->80
[3807.527s][info][gc,metaspace   ] GC(948) Metaspace: 28878K(29248K)->28878K(29248K) NonClass: 24011K(24192K)->24011K(24192K) Class: 4867K(5056K)->4867K(5056K)
[3807.527s][info][gc             ] GC(948) Pause Young (Prepare Mixed) (G1 Evacuation Pause) 3622M->1446M(4096M) 117.580ms
[3807.527s][info][gc,cpu         ] GC(948) User=0.69s Sys=0.00s Real=0.12s
...[3810.230s][info][gc,start       ] GC(949) Pause Young (Mixed) (G1 Evacuation Pause)
[3810.230s][info][gc,task        ] GC(949) Using 6 workers of 6 for evacuation
[3810.361s][info][gc,phases      ] GC(949)   Pre Evacuate Collection Set: 0.39ms
[3810.361s][info][gc,phases      ] GC(949)   Merge Heap Roots: 0.62ms
[3810.361s][info][gc,phases      ] GC(949)   Evacuate Collection Set: 129.21ms
[3810.361s][info][gc,phases      ] GC(949)   Post Evacuate Collection Set: 0.95ms
[3810.361s][info][gc,phases      ] GC(949)   Other: 0.09ms
[3810.361s][info][gc,heap        ] GC(949) Eden regions: 1113->0(1117)
[3810.362s][info][gc,heap        ] GC(949) Survivor regions: 108->111(153)
[3810.362s][info][gc,heap        ] GC(949) Old regions: 536->473
[3810.362s][info][gc,heap        ] GC(949) Humongous regions: 80->80
[3810.362s][info][gc,metaspace   ] GC(949) Metaspace: 28878K(29248K)->28878K(29248K) NonClass: 24011K(24192K)->24011K(24192K) Class: 4867K(5056K)->4867K(5056K)
[3810.362s][info][gc             ] GC(949) Pause Young (Mixed) (G1 Evacuation Pause) 3672M->1325M(4096M) 131.398ms
[3810.362s][info][gc,cpu         ] GC(949) User=0.78s Sys=0.00s Real=0.13s
..[3813.026s][info][gc,start       ] GC(950) Pause Young (Concurrent Start) (G1 Evacuation Pause)
[3813.026s][info][gc,task        ] GC(950) Using 6 workers of 6 for evacuation
[3813.144s][info][gc,phases      ] GC(950)   Pre Evacuate Collection Set: 0.36ms
[3813.144s][info][gc,phases      ] GC(950)   Merge Heap Roots: 0.45ms
[3813.144s][info][gc,phases      ] GC(950)   Evacuate Collection Set: 116.27ms
[3813.144s][info][gc,phases      ] GC(950)   Post Evacuate Collection Set: 0.90ms
[3813.144s][info][gc,phases      ] GC(950)   Other: 0.11ms
[3813.144s][info][gc,heap        ] GC(950) Eden regions: 1117->0(1117)
[3813.144s][info][gc,heap        ] GC(950) Survivor regions: 111->111(154)
[3813.144s][info][gc,heap        ] GC(950) Old regions: 473->505
[3813.144s][info][gc,heap        ] GC(950) Humongous regions: 80->80
[3813.144s][info][gc,metaspace   ] GC(950) Metaspace: 28878K(29248K)->28878K(29248K) NonClass: 24011K(24192K)->24011K(24192K) Class: 4867K(5056K)->4867K(5056K)
[3813.144s][info][gc             ] GC(950) Pause Young (Concurrent Start) (G1 Evacuation Pause) 3559M->1389M(4096M) 118.257ms
[3813.144s][info][gc             ] GC(951) Concurrent Mark Cycle
[3813.144s][info][gc,marking     ] GC(951) Concurrent Scan Root Regions
[3813.144s][info][gc,cpu         ] GC(950) User=0.70s Sys=0.00s Real=0.12s
.[3813.326s][info][gc,marking     ] GC(951) Concurrent Scan Root Regions 181.317ms
[3813.326s][info][gc,marking     ] GC(951) Concurrent Mark
[3813.326s][info][gc,marking     ] GC(951) Concurrent Mark From Roots
[3813.326s][info][gc,task        ] GC(951) Using 2 workers of 2 for marking
.[3814.281s][info][gc,marking     ] GC(951) Concurrent Mark From Roots 954.816ms
[3814.281s][info][gc,marking     ] GC(951) Concurrent Preclean
[3814.281s][info][gc,marking     ] GC(951) Concurrent Preclean 0.103ms
[3814.281s][info][gc,start       ] GC(951) Pause Remark
[3814.285s][info][gc             ] GC(951) Pause Remark 2329M->2329M(4096M) 4.026ms
[3814.285s][info][gc,cpu         ] GC(951) User=0.02s Sys=0.00s Real=0.00s
[3814.285s][info][gc,marking     ] GC(951) Concurrent Mark 959.320ms
[3814.285s][info][gc,marking     ] GC(951) Concurrent Rebuild Remembered Sets and Scrub Regions
[3814.603s][info][gc,marking     ] GC(951) Concurrent Rebuild Remembered Sets and Scrub Regions 317.445ms
[3814.603s][info][gc,start       ] GC(951) Pause Cleanup
[3814.603s][info][gc             ] GC(951) Pause Cleanup 2597M->2597M(4096M) 0.114ms
[3814.603s][info][gc,cpu         ] GC(951) User=0.00s Sys=0.00s Real=0.00s
[3814.603s][info][gc,marking     ] GC(951) Concurrent Clear Claimed Marks
[3814.603s][info][gc,marking     ] GC(951) Concurrent Clear Claimed Marks 0.024ms
[3814.603s][info][gc,marking     ] GC(951) Concurrent Cleanup for Next Mark
[3814.608s][info][gc,marking     ] GC(951) Concurrent Cleanup for Next Mark 4.675ms
[3814.608s][info][gc             ] GC(951) Concurrent Mark Cycle 1463.304ms
.[3815.902s][info][gc,start       ] GC(952) Pause Young (Prepare Mixed) (G1 Evacuation Pause)
[3815.902s][info][gc,task        ] GC(952) Using 6 workers of 6 for evacuation
[3816.022s][info][gc,phases      ] GC(952)   Pre Evacuate Collection Set: 0.32ms
[3816.022s][info][gc,phases      ] GC(952)   Merge Heap Roots: 0.49ms
[3816.022s][info][gc,phases      ] GC(952)   Evacuate Collection Set: 118.68ms
[3816.022s][info][gc,phases      ] GC(952)   Post Evacuate Collection Set: 0.95ms
[3816.022s][info][gc,phases      ] GC(952)   Other: 0.09ms
[3816.022s][info][gc,heap        ] GC(952) Eden regions: 1117->0(1107)
[3816.022s][info][gc,heap        ] GC(952) Survivor regions: 111->111(154)
[3816.022s][info][gc,heap        ] GC(952) Old regions: 505->536
[3816.022s][info][gc,heap        ] GC(952) Humongous regions: 80->80
[3816.022s][info][gc,metaspace   ] GC(952) Metaspace: 28878K(29248K)->28878K(29248K) NonClass: 24011K(24192K)->24011K(24192K) Class: 4867K(5056K)->4867K(5056K)
[3816.022s][info][gc             ] GC(952) Pause Young (Prepare Mixed) (G1 Evacuation Pause) 3623M->1452M(4096M) 120.666ms
[3816.022s][info][gc,cpu         ] GC(952) User=0.72s Sys=0.01s Real=0.12s
...[3818.692s][info][gc,start       ] GC(953) Pause Young (Mixed) (G1 Evacuation Pause)
[3818.692s][info][gc,task        ] GC(953) Using 6 workers of 6 for evacuation
[3818.823s][info][gc,phases      ] GC(953)   Pre Evacuate Collection Set: 0.39ms
[3818.823s][info][gc,phases      ] GC(953)   Merge Heap Roots: 0.60ms
[3818.823s][info][gc,phases      ] GC(953)   Evacuate Collection Set: 129.49ms
[3818.823s][info][gc,phases      ] GC(953)   Post Evacuate Collection Set: 0.97ms
[3818.823s][info][gc,phases      ] GC(953)   Other: 0.09ms
[3818.823s][info][gc,heap        ] GC(953) Eden regions: 1107->0(1119)
[3818.823s][info][gc,heap        ] GC(953) Survivor regions: 111->109(153)
[3818.823s][info][gc,heap        ] GC(953) Old regions: 536->472
[3818.823s][info][gc,heap        ] GC(953) Humongous regions: 80->80
[3818.823s][info][gc,metaspace   ] GC(953) Metaspace: 28878K(29248K)->28878K(29248K) NonClass: 24011K(24192K)->24011K(24192K) Class: 4867K(5056K)->4867K(5056K)
[3818.823s][info][gc             ] GC(953) Pause Young (Mixed) (G1 Evacuation Pause) 3666M->1319M(4096M) 131.667ms
[3818.824s][info][gc,cpu         ] GC(953) User=0.78s Sys=0.00s Real=0.13s
...[3821.496s][info][gc,start       ] GC(954) Pause Young (Concurrent Start) (G1 Evacuation Pause)
[3821.496s][info][gc,task        ] GC(954) Using 6 workers of 6 for evacuation
[3821.615s][info][gc,phases      ] GC(954)   Pre Evacuate Collection Set: 0.36ms
[3821.615s][info][gc,phases      ] GC(954)   Merge Heap Roots: 0.45ms
[3821.615s][info][gc,phases      ] GC(954)   Evacuate Collection Set: 117.52ms
[3821.615s][info][gc,phases      ] GC(954)   Post Evacuate Collection Set: 0.89ms
[3821.615s][info][gc,phases      ] GC(954)   Other: 0.10ms
[3821.615s][info][gc,heap        ] GC(954) Eden regions: 1119->0(1117)
[3821.615s][info][gc,heap        ] GC(954) Survivor regions: 109->111(154)
[3821.615s][info][gc,heap        ] GC(954) Old regions: 472->505
[3821.615s][info][gc,heap        ] GC(954) Humongous regions: 80->80
[3821.615s][info][gc,metaspace   ] GC(954) Metaspace: 28878K(29248K)->28878K(29248K) NonClass: 24011K(24192K)->24011K(24192K) Class: 4867K(5056K)->4867K(5056K)
[3821.615s][info][gc             ] GC(954) Pause Young (Concurrent Start) (G1 Evacuation Pause) 3557M->1389M(4096M) 119.440ms
[3821.615s][info][gc             ] GC(955) Concurrent Mark Cycle
[3821.615s][info][gc,marking     ] GC(955) Concurrent Scan Root Regions
[3821.615s][info][gc,cpu         ] GC(954) User=0.70s Sys=0.01s Real=0.12s
[3821.798s][info][gc,marking     ] GC(955) Concurrent Scan Root Regions 182.788ms
[3821.798s][info][gc,marking     ] GC(955) Concurrent Mark
[3821.798s][info][gc,marking     ] GC(955) Concurrent Mark From Roots
[3821.798s][info][gc,task        ] GC(955) Using 2 workers of 2 for marking
.[3822.660s][info][gc,marking     ] GC(955) Concurrent Mark From Roots 862.174ms
[3822.660s][info][gc,marking     ] GC(955) Concurrent Preclean
[3822.660s][info][gc,marking     ] GC(955) Concurrent Preclean 0.099ms
[3822.660s][info][gc,start       ] GC(955) Pause Remark
[3822.665s][info][gc             ] GC(955) Pause Remark 2270M->2270M(4096M) 4.150ms
[3822.665s][info][gc,cpu         ] GC(955) User=0.03s Sys=0.00s Real=0.00s
[3822.665s][info][gc,marking     ] GC(955) Concurrent Mark 866.850ms
[3822.665s][info][gc,marking     ] GC(955) Concurrent Rebuild Remembered Sets and Scrub Regions
[3823.033s][info][gc,marking     ] GC(955) Concurrent Rebuild Remembered Sets and Scrub Regions 368.567ms
[3823.034s][info][gc,start       ] GC(955) Pause Cleanup
[3823.034s][info][gc             ] GC(955) Pause Cleanup 2602M->2602M(4096M) 0.108ms
[3823.034s][info][gc,cpu         ] GC(955) User=0.00s Sys=0.00s Real=0.00s
[3823.034s][info][gc,marking     ] GC(955) Concurrent Clear Claimed Marks
[3823.034s][info][gc,marking     ] GC(955) Concurrent Clear Claimed Marks 0.024ms
[3823.034s][info][gc,marking     ] GC(955) Concurrent Cleanup for Next Mark
[3823.038s][info][gc,marking     ] GC(955) Concurrent Cleanup for Next Mark 4.628ms
[3823.038s][info][gc             ] GC(955) Concurrent Mark Cycle 1423.374ms
..[3824.328s][info][gc,start       ] GC(956) Pause Young (Prepare Mixed) (G1 Evacuation Pause)
[3824.328s][info][gc,task        ] GC(956) Using 6 workers of 6 for evacuation
[3824.446s][info][gc,phases      ] GC(956)   Pre Evacuate Collection Set: 0.34ms
[3824.446s][info][gc,phases      ] GC(956)   Merge Heap Roots: 0.49ms
[3824.446s][info][gc,phases      ] GC(956)   Evacuate Collection Set: 116.71ms
[3824.446s][info][gc,phases      ] GC(956)   Post Evacuate Collection Set: 0.93ms
[3824.446s][info][gc,phases      ] GC(956)   Other: 0.09ms
[3824.446s][info][gc,heap        ] GC(956) Eden regions: 1117->0(1108)
[3824.446s][info][gc,heap        ] GC(956) Survivor regions: 111->110(154)
[3824.446s][info][gc,heap        ] GC(956) Old regions: 505->537
[3824.446s][info][gc,heap        ] GC(956) Humongous regions: 80->80
[3824.446s][info][gc,metaspace   ] GC(956) Metaspace: 28878K(29248K)->28878K(29248K) NonClass: 24011K(24192K)->24011K(24192K) Class: 4867K(5056K)->4867K(5056K)
[3824.446s][info][gc             ] GC(956) Pause Young (Prepare Mixed) (G1 Evacuation Pause) 3623M->1452M(4096M) 118.713ms
[3824.446s][info][gc,cpu         ] GC(956) User=0.70s Sys=0.00s Real=0.11s
.. (rIR:aIR:PR = 6642:6643:6643) (tPR = 99060) [OK] 
  3826s: Performance info:
         Transaction,    Success,    Partial,     Failed,   Receipts, AvgBarcode, 
             Overall,     402877,          0,          0,     382740,      59.47, 
         Response times:
             Request,    Success,    Partial,     Failed,   SkipFail,     Probes,    Samples,      min,      p50,      p90,      p95,      p99,      max, 
       TotalPurchase,     382744,          0,          0,          0,     361561,     413353,      300,     5600,    29000,    57000,   101000,   231000,
     InStorePurchase,     201427,          0,          0,          0,     190287,     217162,      300,     5600,    30000,    57000,   101000,   230000,
      OnlinePurchase,     141025,          0,          0,          0,     133420,     152422,      300,     5600,    28000,    56000,   101000,   231000,
        InstPurchase,      40292,          0,          0,          0,      37854,      43769,      400,     5300,    29000,    56000,   104000,   216000,
          AssocOfCat,        402,          0,          0,          0,        319,        464,    22000,    35000,    65500,   111000,   174450,   215000,
      AssocOfProduct,       4032,          0,          0,          0,       3773,       4534,      400,     6300,    30000,    61000,   116000,   270000,
      BusinessReport,       1018,          0,          0,          0,        902,       1146,    27000,    39000,    82000,   126600,   176000,   228000,
          CustBuyBeh,       4019,          0,          0,          0,       3710,       4404,      100,     6000,    28000,    55750,   108000,   159000,
       ProductReturn,      10666,          0,          0,          0,      10127,      11860,      200,     6100,    29000,    62000,   113000,   190000,

  3826s: (49%)   IR =   6780 [3827.067s][info][gc,start       ] GC(957) Pause Young (Mixed) (G1 Evacuation Pause)
[3827.067s][info][gc,task        ] GC(957) Using 6 workers of 6 for evacuation
[3827.199s][info][gc,phases      ] GC(957)   Pre Evacuate Collection Set: 0.38ms
[3827.199s][info][gc,phases      ] GC(957)   Merge Heap Roots: 0.64ms
[3827.199s][info][gc,phases      ] GC(957)   Evacuate Collection Set: 130.20ms
[3827.199s][info][gc,phases      ] GC(957)   Post Evacuate Collection Set: 0.95ms
[3827.199s][info][gc,phases      ] GC(957)   Other: 0.09ms
[3827.199s][info][gc,heap        ] GC(957) Eden regions: 1108->0(1118)
[3827.199s][info][gc,heap        ] GC(957) Survivor regions: 110->110(153)
[3827.199s][info][gc,heap        ] GC(957) Old regions: 537->474
[3827.199s][info][gc,heap        ] GC(957) Humongous regions: 80->80
[3827.199s][info][gc,metaspace   ] GC(957) Metaspace: 28878K(29248K)->28878K(29248K) NonClass: 24011K(24192K)->24011K(24192K) Class: 4867K(5056K)->4867K(5056K)
[3827.199s][info][gc             ] GC(957) Pause Young (Mixed) (G1 Evacuation Pause) 3668M->1325M(4096M) 132.397ms
[3827.199s][info][gc,cpu         ] GC(957) User=0.78s Sys=0.00s Real=0.14s
...[3829.869s][info][gc,start       ] GC(958) Pause Young (Concurrent Start) (G1 Evacuation Pause)
[3829.869s][info][gc,task        ] GC(958) Using 6 workers of 6 for evacuation
[3829.987s][info][gc,phases      ] GC(958)   Pre Evacuate Collection Set: 0.35ms
[3829.987s][info][gc,phases      ] GC(958)   Merge Heap Roots: 0.45ms
[3829.987s][info][gc,phases      ] GC(958)   Evacuate Collection Set: 116.07ms
[3829.987s][info][gc,phases      ] GC(958)   Post Evacuate Collection Set: 0.88ms
[3829.987s][info][gc,phases      ] GC(958)   Other: 0.12ms
[3829.987s][info][gc,heap        ] GC(958) Eden regions: 1118->0(1120)
[3829.987s][info][gc,heap        ] GC(958) Survivor regions: 110->108(154)
[3829.987s][info][gc,heap        ] GC(958) Old regions: 474->506
[3829.987s][info][gc,heap        ] GC(958) Humongous regions: 80->80
[3829.987s][info][gc,metaspace   ] GC(958) Metaspace: 28878K(29248K)->28878K(29248K) NonClass: 24011K(24192K)->24011K(24192K) Class: 4867K(5056K)->4867K(5056K)
[3829.987s][info][gc             ] GC(958) Pause Young (Concurrent Start) (G1 Evacuation Pause) 3561M->1386M(4096M) 118.016ms
[3829.987s][info][gc             ] GC(959) Concurrent Mark Cycle
[3829.987s][info][gc,marking     ] GC(959) Concurrent Scan Root Regions
[3829.987s][info][gc,cpu         ] GC(958) User=0.70s Sys=0.00s Real=0.11s
[3830.130s][info][gc,marking     ] GC(959) Concurrent Scan Root Regions 143.373ms
[3830.130s][info][gc,marking     ] GC(959) Concurrent Mark
[3830.130s][info][gc,marking     ] GC(959) Concurrent Mark From Roots
[3830.130s][info][gc,task        ] GC(959) Using 2 workers of 2 for marking
.[3830.881s][info][gc,marking     ] GC(959) Concurrent Mark From Roots 751.136ms
[3830.881s][info][gc,marking     ] GC(959) Concurrent Preclean
[3830.882s][info][gc,marking     ] GC(959) Concurrent Preclean 0.136ms
[3830.884s][info][gc,start       ] GC(959) Pause Remark
[3830.889s][info][gc             ] GC(959) Pause Remark 2188M->2188M(4096M) 4.955ms
[3830.889s][info][gc,cpu         ] GC(959) User=0.02s Sys=0.00s Real=0.01s
[3830.890s][info][gc,marking     ] GC(959) Concurrent Mark 759.895ms
[3830.890s][info][gc,marking     ] GC(959) Concurrent Rebuild Remembered Sets and Scrub Regions
[3831.179s][info][gc,marking     ] GC(959) Concurrent Rebuild Remembered Sets and Scrub Regions 288.846ms
[3831.179s][info][gc,start       ] GC(959) Pause Cleanup
[3831.179s][info][gc             ] GC(959) Pause Cleanup 2402M->2402M(4096M) 0.106ms
[3831.179s][info][gc,cpu         ] GC(959) User=0.00s Sys=0.00s Real=0.00s
[3831.179s][info][gc,marking     ] GC(959) Concurrent Clear Claimed Marks
[3831.179s][info][gc,marking     ] GC(959) Concurrent Clear Claimed Marks 0.030ms
[3831.179s][info][gc,marking     ] GC(959) Concurrent Cleanup for Next Mark
[3831.184s][info][gc,marking     ] GC(959) Concurrent Cleanup for Next Mark 4.858ms
[3831.184s][info][gc             ] GC(959) Concurrent Mark Cycle 1197.544ms
..[3832.627s][info][gc,start       ] GC(960) Pause Young (Prepare Mixed) (G1 Evacuation Pause)
[3832.627s][info][gc,task        ] GC(960) Using 6 workers of 6 for evacuation
[3832.744s][info][gc,phases      ] GC(960)   Pre Evacuate Collection Set: 0.34ms
[3832.744s][info][gc,phases      ] GC(960)   Merge Heap Roots: 0.49ms
[3832.744s][info][gc,phases      ] GC(960)   Evacuate Collection Set: 114.52ms
[3832.744s][info][gc,phases      ] GC(960)   Post Evacuate Collection Set: 0.94ms
[3832.744s][info][gc,phases      ] GC(960)   Other: 0.09ms
[3832.744s][info][gc,heap        ] GC(960) Eden regions: 1120->0(1110)
[3832.744s][info][gc,heap        ] GC(960) Survivor regions: 108->109(154)
[3832.744s][info][gc,heap        ] GC(960) Old regions: 506->537
[3832.744s][info][gc,heap        ] GC(960) Humongous regions: 80->80
[3832.744s][info][gc,metaspace   ] GC(960) Metaspace: 28878K(29248K)->28878K(29248K) NonClass: 24011K(24192K)->24011K(24192K) Class: 4867K(5056K)->4867K(5056K)
[3832.744s][info][gc             ] GC(960) Pause Young (Prepare Mixed) (G1 Evacuation Pause) 3626M->1450M(4096M) 116.507ms
[3832.744s][info][gc,cpu         ] GC(960) User=0.68s Sys=0.00s Real=0.11s
..[3835.406s][info][gc,start       ] GC(961) Pause Young (Mixed) (G1 Evacuation Pause)
[3835.406s][info][gc,task        ] GC(961) Using 6 workers of 6 for evacuation
[3835.538s][info][gc,phases      ] GC(961)   Pre Evacuate Collection Set: 0.40ms
[3835.538s][info][gc,phases      ] GC(961)   Merge Heap Roots: 0.70ms
[3835.538s][info][gc,phases      ] GC(961)   Evacuate Collection Set: 128.96ms
[3835.538s][info][gc,phases      ] GC(961)   Post Evacuate Collection Set: 0.95ms
[3835.538s][info][gc,phases      ] GC(961)   Other: 0.85ms
[3835.538s][info][gc,heap        ] GC(961) Eden regions: 1110->0(1122)
[3835.538s][info][gc,heap        ] GC(961) Survivor regions: 109->106(153)
[3835.538s][info][gc,heap        ] GC(961) Old regions: 537->474
[3835.538s][info][gc,heap        ] GC(961) Humongous regions: 80->80
[3835.538s][info][gc,metaspace   ] GC(961) Metaspace: 28878K(29248K)->28878K(29248K) NonClass: 24011K(24192K)->24011K(24192K) Class: 4867K(5056K)->4867K(5056K)
[3835.538s][info][gc             ] GC(961) Pause Young (Mixed) (G1 Evacuation Pause) 3670M->1318M(4096M) 131.994ms
[3835.538s][info][gc,cpu         ] GC(961) User=0.78s Sys=0.00s Real=0.14s
.|..[3838.187s][info][gc,start       ] GC(962) Pause Young (Concurrent Start) (G1 Evacuation Pause)
[3838.187s][info][gc,task        ] GC(962) Using 6 workers of 6 for evacuation
[3838.304s][info][gc,phases      ] GC(962)   Pre Evacuate Collection Set: 0.38ms
[3838.305s][info][gc,phases      ] GC(962)   Merge Heap Roots: 0.48ms
[3838.305s][info][gc,phases      ] GC(962)   Evacuate Collection Set: 115.99ms
[3838.305s][info][gc,phases      ] GC(962)   Post Evacuate Collection Set: 0.89ms
[3838.305s][info][gc,phases      ] GC(962)   Other: 0.09ms
[3838.305s][info][gc,heap        ] GC(962) Eden regions: 1122->0(1118)
[3838.305s][info][gc,heap        ] GC(962) Survivor regions: 106->110(154)
[3838.305s][info][gc,heap        ] GC(962) Old regions: 474->505
[3838.305s][info][gc,heap        ] GC(962) Humongous regions: 80->80
[3838.305s][info][gc,metaspace   ] GC(962) Metaspace: 28878K(29248K)->28878K(29248K) NonClass: 24011K(24192K)->24011K(24192K) Class: 4867K(5056K)->4867K(5056K)
[3838.305s][info][gc             ] GC(962) Pause Young (Concurrent Start) (G1 Evacuation Pause) 3562M->1389M(4096M) 117.958ms
[3838.305s][info][gc             ] GC(963) Concurrent Mark Cycle
[3838.305s][info][gc,marking     ] GC(963) Concurrent Scan Root Regions
[3838.305s][info][gc,cpu         ] GC(962) User=0.70s Sys=0.00s Real=0.12s
[3838.491s][info][gc,marking     ] GC(963) Concurrent Scan Root Regions 186.661ms
[3838.491s][info][gc,marking     ] GC(963) Concurrent Mark
[3838.491s][info][gc,marking     ] GC(963) Concurrent Mark From Roots
[3838.491s][info][gc,task        ] GC(963) Using 2 workers of 2 for marking
.[3839.337s][info][gc,marking     ] GC(963) Concurrent Mark From Roots 845.956ms
[3839.337s][info][gc,marking     ] GC(963) Concurrent Preclean
[3839.338s][info][gc,marking     ] GC(963) Concurrent Preclean 0.103ms
[3839.339s][info][gc,start       ] GC(963) Pause Remark
[3839.343s][info][gc             ] GC(963) Pause Remark 2255M->2255M(4096M) 4.530ms
[3839.343s][info][gc,cpu         ] GC(963) User=0.03s Sys=0.00s Real=0.00s
[3839.343s][info][gc,marking     ] GC(963) Concurrent Mark 851.934ms
[3839.343s][info][gc,marking     ] GC(963) Concurrent Rebuild Remembered Sets and Scrub Regions
.[3839.609s][info][gc,marking     ] GC(963) Concurrent Rebuild Remembered Sets and Scrub Regions 265.979ms
[3839.609s][info][gc,start       ] GC(963) Pause Cleanup
[3839.610s][info][gc             ] GC(963) Pause Cleanup 2493M->2493M(4096M) 0.106ms
[3839.610s][info][gc,cpu         ] GC(963) User=0.00s Sys=0.00s Real=0.00s
[3839.610s][info][gc,marking     ] GC(963) Concurrent Clear Claimed Marks
[3839.610s][info][gc,marking     ] GC(963) Concurrent Clear Claimed Marks 0.020ms
[3839.610s][info][gc,marking     ] GC(963) Concurrent Cleanup for Next Mark
[3839.615s][info][gc,marking     ] GC(963) Concurrent Cleanup for Next Mark 5.105ms
[3839.615s][info][gc             ] GC(963) Concurrent Mark Cycle 1310.138ms
.[3840.961s][info][gc,start       ] GC(964) Pause Young (Prepare Mixed) (G1 Evacuation Pause)
[3840.961s][info][gc,task        ] GC(964) Using 6 workers of 6 for evacuation
[3841.080s][info][gc,phases      ] GC(964)   Pre Evacuate Collection Set: 0.33ms
[3841.080s][info][gc,phases      ] GC(964)   Merge Heap Roots: 0.47ms
[3841.080s][info][gc,phases      ] GC(964)   Evacuate Collection Set: 117.35ms
[3841.080s][info][gc,phases      ] GC(964)   Post Evacuate Collection Set: 0.91ms
[3841.080s][info][gc,phases      ] GC(964)   Other: 0.10ms
[3841.080s][info][gc,heap        ] GC(964) Eden regions: 1118->0(1108)
[3841.080s][info][gc,heap        ] GC(964) Survivor regions: 110->110(154)
[3841.080s][info][gc,heap        ] GC(964) Old regions: 505->537
[3841.080s][info][gc,heap        ] GC(964) Humongous regions: 80->80
[3841.080s][info][gc,metaspace   ] GC(964) Metaspace: 28878K(29248K)->28878K(29248K) NonClass: 24011K(24192K)->24011K(24192K) Class: 4867K(5056K)->4867K(5056K)
[3841.080s][info][gc             ] GC(964) Pause Young (Prepare Mixed) (G1 Evacuation Pause) 3625M->1453M(4096M) 119.281ms
[3841.080s][info][gc,cpu         ] GC(964) User=0.71s Sys=0.00s Real=0.12s
...[3843.662s][info][gc,start       ] GC(965) Pause Young (Mixed) (G1 Evacuation Pause)
[3843.662s][info][gc,task        ] GC(965) Using 6 workers of 6 for evacuation
[3843.798s][info][gc,phases      ] GC(965)   Pre Evacuate Collection Set: 0.34ms
[3843.798s][info][gc,phases      ] GC(965)   Merge Heap Roots: 0.65ms
[3843.798s][info][gc,phases      ] GC(965)   Evacuate Collection Set: 133.54ms
[3843.798s][info][gc,phases      ] GC(965)   Post Evacuate Collection Set: 0.96ms
[3843.798s][info][gc,phases      ] GC(965)   Other: 0.08ms
[3843.798s][info][gc,heap        ] GC(965) Eden regions: 1108->0(1118)
[3843.798s][info][gc,heap        ] GC(965) Survivor regions: 110->110(153)
[3843.798s][info][gc,heap        ] GC(965) Old regions: 537->474
[3843.798s][info][gc,heap        ] GC(965) Humongous regions: 80->80
[3843.798s][info][gc,metaspace   ] GC(965) Metaspace: 28878K(29248K)->28878K(29248K) NonClass: 24011K(24192K)->24011K(24192K) Class: 4867K(5056K)->4867K(5056K)
[3843.798s][info][gc             ] GC(965) Pause Young (Mixed) (G1 Evacuation Pause) 3669M->1326M(4096M) 135.722ms
[3843.798s][info][gc,cpu         ] GC(965) User=0.80s Sys=0.00s Real=0.14s
..[3846.447s][info][gc,start       ] GC(966) Pause Young (Concurrent Start) (G1 Evacuation Pause)
[3846.447s][info][gc,task        ] GC(966) Using 6 workers of 6 for evacuation
[3846.563s][info][gc,phases      ] GC(966)   Pre Evacuate Collection Set: 0.37ms
[3846.563s][info][gc,phases      ] GC(966)   Merge Heap Roots: 0.45ms
[3846.563s][info][gc,phases      ] GC(966)   Evacuate Collection Set: 114.95ms
[3846.563s][info][gc,phases      ] GC(966)   Post Evacuate Collection Set: 0.87ms
[3846.563s][info][gc,phases      ] GC(966)   Other: 0.11ms
[3846.563s][info][gc,heap        ] GC(966) Eden regions: 1118->0(1120)
[3846.563s][info][gc,heap        ] GC(966) Survivor regions: 110->108(154)
[3846.563s][info][gc,heap        ] GC(966) Old regions: 474->506
[3846.563s][info][gc,heap        ] GC(966) Humongous regions: 80->80
[3846.563s][info][gc,metaspace   ] GC(966) Metaspace: 28878K(29248K)->28878K(29248K) NonClass: 24011K(24192K)->24011K(24192K) Class: 4867K(5056K)->4867K(5056K)
[3846.563s][info][gc             ] GC(966) Pause Young (Concurrent Start) (G1 Evacuation Pause) 3562M->1385M(4096M) 116.881ms
[3846.563s][info][gc             ] GC(967) Concurrent Mark Cycle
[3846.563s][info][gc,marking     ] GC(967) Concurrent Scan Root Regions
[3846.563s][info][gc,cpu         ] GC(966) User=0.69s Sys=0.00s Real=0.12s
.[3846.707s][info][gc,marking     ] GC(967) Concurrent Scan Root Regions 143.594ms
[3846.707s][info][gc,marking     ] GC(967) Concurrent Mark
[3846.707s][info][gc,marking     ] GC(967) Concurrent Mark From Roots
[3846.707s][info][gc,task        ] GC(967) Using 2 workers of 2 for marking
[3847.444s][info][gc,marking     ] GC(967) Concurrent Mark From Roots 736.661ms
[3847.444s][info][gc,marking     ] GC(967) Concurrent Preclean
[3847.444s][info][gc,marking     ] GC(967) Concurrent Preclean 0.069ms
[3847.444s][info][gc,start       ] GC(967) Pause Remark
[3847.449s][info][gc             ] GC(967) Pause Remark 2153M->2153M(4096M) 4.909ms
[3847.449s][info][gc,cpu         ] GC(967) User=0.03s Sys=0.00s Real=0.01s
[3847.449s][info][gc,marking     ] GC(967) Concurrent Mark 741.891ms
[3847.449s][info][gc,marking     ] GC(967) Concurrent Rebuild Remembered Sets and Scrub Regions
.[3847.704s][info][gc,marking     ] GC(967) Concurrent Rebuild Remembered Sets and Scrub Regions 254.727ms
[3847.704s][info][gc,start       ] GC(967) Pause Cleanup
[3847.704s][info][gc             ] GC(967) Pause Cleanup 2351M->2351M(4096M) 0.103ms
[3847.704s][info][gc,cpu         ] GC(967) User=0.00s Sys=0.00s Real=0.00s
[3847.704s][info][gc,marking     ] GC(967) Concurrent Clear Claimed Marks
[3847.704s][info][gc,marking     ] GC(967) Concurrent Clear Claimed Marks 0.021ms
[3847.704s][info][gc,marking     ] GC(967) Concurrent Cleanup for Next Mark
[3847.708s][info][gc,marking     ] GC(967) Concurrent Cleanup for Next Mark 3.619ms
[3847.708s][info][gc             ] GC(967) Concurrent Mark Cycle 1144.290ms
.[3849.240s][info][gc,start       ] GC(968) Pause Young (Prepare Mixed) (G1 Evacuation Pause)
[3849.240s][info][gc,task        ] GC(968) Using 6 workers of 6 for evacuation
[3849.359s][info][gc,phases      ] GC(968)   Pre Evacuate Collection Set: 0.36ms
[3849.359s][info][gc,phases      ] GC(968)   Merge Heap Roots: 0.50ms
[3849.359s][info][gc,phases      ] GC(968)   Evacuate Collection Set: 116.88ms
[3849.359s][info][gc,phases      ] GC(968)   Post Evacuate Collection Set: 0.91ms
[3849.359s][info][gc,phases      ] GC(968)   Other: 0.09ms
[3849.359s][info][gc,heap        ] GC(968) Eden regions: 1120->0(1106)
[3849.359s][info][gc,heap        ] GC(968) Survivor regions: 108->111(154)
[3849.359s][info][gc,heap        ] GC(968) Old regions: 506->537
[3849.359s][info][gc,heap        ] GC(968) Humongous regions: 80->80
[3849.359s][info][gc,metaspace   ] GC(968) Metaspace: 28878K(29248K)->28878K(29248K) NonClass: 24011K(24192K)->24011K(24192K) Class: 4867K(5056K)->4867K(5056K)
[3849.359s][info][gc             ] GC(968) Pause Young (Prepare Mixed) (G1 Evacuation Pause) 3625M->1454M(4096M) 118.900ms
[3849.359s][info][gc,cpu         ] GC(968) User=0.70s Sys=0.00s Real=0.12s
...[3851.945s][info][gc,start       ] GC(969) Pause Young (Mixed) (G1 Evacuation Pause)
[3851.945s][info][gc,task        ] GC(969) Using 6 workers of 6 for evacuation
[3852.080s][info][gc,phases      ] GC(969)   Pre Evacuate Collection Set: 0.35ms
[3852.080s][info][gc,phases      ] GC(969)   Merge Heap Roots: 0.69ms
[3852.080s][info][gc,phases      ] GC(969)   Evacuate Collection Set: 132.28ms
[3852.080s][info][gc,phases      ] GC(969)   Post Evacuate Collection Set: 0.97ms
[3852.080s][info][gc,phases      ] GC(969)   Other: 0.09ms
[3852.080s][info][gc,heap        ] GC(969) Eden regions: 1106->0(1119)
[3852.080s][info][gc,heap        ] GC(969) Survivor regions: 111->109(153)
[3852.080s][info][gc,heap        ] GC(969) Old regions: 537->473
[3852.080s][info][gc,heap        ] GC(969) Humongous regions: 80->80
[3852.080s][info][gc,metaspace   ] GC(969) Metaspace: 28878K(29248K)->28878K(29248K) NonClass: 24011K(24192K)->24011K(24192K) Class: 4867K(5056K)->4867K(5056K)
[3852.080s][info][gc             ] GC(969) Pause Young (Mixed) (G1 Evacuation Pause) 3666M->1322M(4096M) 134.507ms
[3852.080s][info][gc,cpu         ] GC(969) User=0.79s Sys=0.00s Real=0.14s
...[3854.721s][info][gc,start       ] GC(970) Pause Young (Concurrent Start) (G1 Evacuation Pause)
[3854.721s][info][gc,task        ] GC(970) Using 6 workers of 6 for evacuation
[3854.839s][info][gc,phases      ] GC(970)   Pre Evacuate Collection Set: 0.38ms
[3854.839s][info][gc,phases      ] GC(970)   Merge Heap Roots: 0.45ms
[3854.839s][info][gc,phases      ] GC(970)   Evacuate Collection Set: 116.72ms
[3854.839s][info][gc,phases      ] GC(970)   Post Evacuate Collection Set: 0.87ms
[3854.839s][info][gc,phases      ] GC(970)   Other: 0.10ms
[3854.839s][info][gc,heap        ] GC(970) Eden regions: 1119->0(1119)
[3854.839s][info][gc,heap        ] GC(970) Survivor regions: 109->109(154)
[3854.839s][info][gc,heap        ] GC(970) Old regions: 473->505
[3854.839s][info][gc,heap        ] GC(970) Humongous regions: 80->80
[3854.839s][info][gc,metaspace   ] GC(970) Metaspace: 28878K(29248K)->28878K(29248K) NonClass: 24011K(24192K)->24011K(24192K) Class: 4867K(5056K)->4867K(5056K)
[3854.840s][info][gc             ] GC(970) Pause Young (Concurrent Start) (G1 Evacuation Pause) 3560M->1385M(4096M) 118.668ms
[3854.840s][info][gc             ] GC(971) Concurrent Mark Cycle
[3854.840s][info][gc,marking     ] GC(971) Concurrent Scan Root Regions
[3854.840s][info][gc,cpu         ] GC(970) User=0.70s Sys=0.00s Real=0.12s
[3854.983s][info][gc,marking     ] GC(971) Concurrent Scan Root Regions 143.624ms
[3854.983s][info][gc,marking     ] GC(971) Concurrent Mark
[3854.983s][info][gc,marking     ] GC(971) Concurrent Mark From Roots
[3854.983s][info][gc,task        ] GC(971) Using 2 workers of 2 for marking
.[3855.688s][info][gc,marking     ] GC(971) Concurrent Mark From Roots 704.510ms
[3855.688s][info][gc,marking     ] GC(971) Concurrent Preclean
[3855.688s][info][gc,marking     ] GC(971) Concurrent Preclean 0.081ms
[3855.688s][info][gc,start       ] GC(971) Pause Remark
[3855.693s][info][gc             ] GC(971) Pause Remark 2128M->2128M(4096M) 4.554ms
[3855.693s][info][gc,cpu         ] GC(971) User=0.02s Sys=0.00s Real=0.00s
[3855.693s][info][gc,marking     ] GC(971) Concurrent Mark 709.407ms
[3855.693s][info][gc,marking     ] GC(971) Concurrent Rebuild Remembered Sets and Scrub Regions
[3855.934s][info][gc,marking     ] GC(971) Concurrent Rebuild Remembered Sets and Scrub Regions 241.564ms
[3855.934s][info][gc,start       ] GC(971) Pause Cleanup
[3855.934s][info][gc             ] GC(971) Pause Cleanup 2307M->2307M(4096M) 0.103ms
[3855.934s][info][gc,cpu         ] GC(971) User=0.00s Sys=0.00s Real=0.00s
[3855.935s][info][gc,marking     ] GC(971) Concurrent Clear Claimed Marks
[3855.935s][info][gc,marking     ] GC(971) Concurrent Clear Claimed Marks 0.030ms
[3855.935s][info][gc,marking     ] GC(971) Concurrent Cleanup for Next Mark
[3855.940s][info][gc,marking     ] GC(971) Concurrent Cleanup for Next Mark 5.324ms
[3855.940s][info][gc             ] GC(971) Concurrent Mark Cycle 1100.395ms
.[3857.546s][info][gc,start       ] GC(972) Pause Young (Prepare Mixed) (G1 Evacuation Pause)
[3857.546s][info][gc,task        ] GC(972) Using 6 workers of 6 for evacuation
[3857.664s][info][gc,phases      ] GC(972)   Pre Evacuate Collection Set: 0.33ms
[3857.664s][info][gc,phases      ] GC(972)   Merge Heap Roots: 0.49ms
[3857.664s][info][gc,phases      ] GC(972)   Evacuate Collection Set: 116.08ms
[3857.664s][info][gc,phases      ] GC(972)   Post Evacuate Collection Set: 0.91ms
[3857.664s][info][gc,phases      ] GC(972)   Other: 0.08ms
[3857.664s][info][gc,heap        ] GC(972) Eden regions: 1119->0(1111)
[3857.664s][info][gc,heap        ] GC(972) Survivor regions: 109->109(154)
[3857.664s][info][gc,heap        ] GC(972) Old regions: 505->536
[3857.664s][info][gc,heap        ] GC(972) Humongous regions: 80->80
[3857.664s][info][gc,metaspace   ] GC(972) Metaspace: 28878K(29248K)->28878K(29248K) NonClass: 24011K(24192K)->24011K(24192K) Class: 4867K(5056K)->4867K(5056K)
[3857.664s][info][gc             ] GC(972) Pause Young (Prepare Mixed) (G1 Evacuation Pause) 3623M->1449M(4096M) 118.029ms
[3857.664s][info][gc,cpu         ] GC(972) User=0.70s Sys=0.00s Real=0.12s
...[3860.264s][info][gc,start       ] GC(973) Pause Young (Mixed) (G1 Evacuation Pause)
[3860.264s][info][gc,task        ] GC(973) Using 6 workers of 6 for evacuation
[3860.402s][info][gc,phases      ] GC(973)   Pre Evacuate Collection Set: 0.36ms
[3860.402s][info][gc,phases      ] GC(973)   Merge Heap Roots: 0.64ms
[3860.402s][info][gc,phases      ] GC(973)   Evacuate Collection Set: 135.57ms
[3860.402s][info][gc,phases      ] GC(973)   Post Evacuate Collection Set: 0.98ms
[3860.402s][info][gc,phases      ] GC(973)   Other: 0.09ms
[3860.402s][info][gc,heap        ] GC(973) Eden regions: 1111->0(1114)
[3860.402s][info][gc,heap        ] GC(973) Survivor regions: 109->114(153)
[3860.402s][info][gc,heap        ] GC(973) Old regions: 536->474
[3860.402s][info][gc,heap        ] GC(973) Humongous regions: 80->80
[3860.402s][info][gc,metaspace   ] GC(973) Metaspace: 28878K(29248K)->28878K(29248K) NonClass: 24011K(24192K)->24011K(24192K) Class: 4867K(5056K)->4867K(5056K)
[3860.402s][info][gc             ] GC(973) Pause Young (Mixed) (G1 Evacuation Pause) 3671M->1334M(4096M) 137.800ms
[3860.402s][info][gc,cpu         ] GC(973) User=0.81s Sys=0.00s Real=0.14s
...[3863.086s][info][gc,start       ] GC(974) Pause Young (Concurrent Start) (G1 Evacuation Pause)
[3863.086s][info][gc,task        ] GC(974) Using 6 workers of 6 for evacuation
[3863.205s][info][gc,phases      ] GC(974)   Pre Evacuate Collection Set: 0.35ms
[3863.205s][info][gc,phases      ] GC(974)   Merge Heap Roots: 0.47ms
[3863.205s][info][gc,phases      ] GC(974)   Evacuate Collection Set: 117.43ms
[3863.205s][info][gc,phases      ] GC(974)   Post Evacuate Collection Set: 0.91ms
[3863.205s][info][gc,phases      ] GC(974)   Other: 0.10ms
[3863.205s][info][gc,heap        ] GC(974) Eden regions: 1114->0(1117)
[3863.205s][info][gc,heap        ] GC(974) Survivor regions: 114->111(154)
[3863.205s][info][gc,heap        ] GC(974) Old regions: 474->506
[3863.205s][info][gc,heap        ] GC(974) Humongous regions: 80->80
[3863.205s][info][gc,metaspace   ] GC(974) Metaspace: 28878K(29248K)->28878K(29248K) NonClass: 24011K(24192K)->24011K(24192K) Class: 4867K(5056K)->4867K(5056K)
[3863.205s][info][gc             ] GC(974) Pause Young (Concurrent Start) (G1 Evacuation Pause) 3562M->1393M(4096M) 119.418ms
[3863.205s][info][gc             ] GC(975) Concurrent Mark Cycle
[3863.205s][info][gc,marking     ] GC(975) Concurrent Scan Root Regions
[3863.205s][info][gc,cpu         ] GC(974) User=0.71s Sys=0.01s Real=0.12s
[3863.355s][info][gc,marking     ] GC(975) Concurrent Scan Root Regions 150.294ms
[3863.355s][info][gc,marking     ] GC(975) Concurrent Mark
[3863.355s][info][gc,marking     ] GC(975) Concurrent Mark From Roots
[3863.355s][info][gc,task        ] GC(975) Using 2 workers of 2 for marking
.[3864.063s][info][gc,marking     ] GC(975) Concurrent Mark From Roots 707.483ms
[3864.063s][info][gc,marking     ] GC(975) Concurrent Preclean
[3864.063s][info][gc,marking     ] GC(975) Concurrent Preclean 0.102ms
[3864.063s][info][gc,start       ] GC(975) Pause Remark
[3864.067s][info][gc             ] GC(975) Pause Remark 2164M->2164M(4096M) 4.054ms
[3864.067s][info][gc,cpu         ] GC(975) User=0.02s Sys=0.00s Real=0.01s
[3864.069s][info][gc,marking     ] GC(975) Concurrent Mark 713.193ms
[3864.069s][info][gc,marking     ] GC(975) Concurrent Rebuild Remembered Sets and Scrub Regions
[3864.333s][info][gc,marking     ] GC(975) Concurrent Rebuild Remembered Sets and Scrub Regions 264.328ms
[3864.334s][info][gc,start       ] GC(975) Pause Cleanup
[3864.334s][info][gc             ] GC(975) Pause Cleanup 2403M->2403M(4096M) 0.116ms
[3864.334s][info][gc,cpu         ] GC(975) User=0.00s Sys=0.00s Real=0.00s
[3864.334s][info][gc,marking     ] GC(975) Concurrent Clear Claimed Marks
[3864.334s][info][gc,marking     ] GC(975) Concurrent Clear Claimed Marks 0.030ms
[3864.334s][info][gc,marking     ] GC(975) Concurrent Cleanup for Next Mark
[3864.338s][info][gc,marking     ] GC(975) Concurrent Cleanup for Next Mark 3.986ms
[3864.338s][info][gc             ] GC(975) Concurrent Mark Cycle 1133.042ms
..[3865.834s][info][gc,start       ] GC(976) Pause Young (Prepare Mixed) (G1 Evacuation Pause)
[3865.834s][info][gc,task        ] GC(976) Using 6 workers of 6 for evacuation
[3865.952s][info][gc,phases      ] GC(976)   Pre Evacuate Collection Set: 0.34ms
[3865.952s][info][gc,phases      ] GC(976)   Merge Heap Roots: 0.50ms
[3865.952s][info][gc,phases      ] GC(976)   Evacuate Collection Set: 115.98ms
[3865.952s][info][gc,phases      ] GC(976)   Post Evacuate Collection Set: 0.93ms
[3865.952s][info][gc,phases      ] GC(976)   Other: 0.09ms
[3865.952s][info][gc,heap        ] GC(976) Eden regions: 1117->0(1105)
[3865.952s][info][gc,heap        ] GC(976) Survivor regions: 111->111(154)
[3865.952s][info][gc,heap        ] GC(976) Old regions: 506->538
[3865.952s][info][gc,heap        ] GC(976) Humongous regions: 80->80
[3865.952s][info][gc,metaspace   ] GC(976) Metaspace: 28878K(29248K)->28878K(29248K) NonClass: 24011K(24192K)->24011K(24192K) Class: 4867K(5056K)->4867K(5056K)
[3865.952s][info][gc             ] GC(976) Pause Young (Prepare Mixed) (G1 Evacuation Pause) 3627M->1455M(4096M) 117.987ms
[3865.952s][info][gc,cpu         ] GC(976) User=0.69s Sys=0.00s Real=0.12s
..[3868.529s][info][gc,start       ] GC(977) Pause Young (Mixed) (G1 Evacuation Pause)
[3868.529s][info][gc,task        ] GC(977) Using 6 workers of 6 for evacuation
[3868.661s][info][gc,phases      ] GC(977)   Pre Evacuate Collection Set: 0.36ms
[3868.661s][info][gc,phases      ] GC(977)   Merge Heap Roots: 0.69ms
[3868.661s][info][gc,phases      ] GC(977)   Evacuate Collection Set: 130.29ms
[3868.661s][info][gc,phases      ] GC(977)   Post Evacuate Collection Set: 0.95ms
[3868.661s][info][gc,phases      ] GC(977)   Other: 0.09ms
[3868.661s][info][gc,heap        ] GC(977) Eden regions: 1105->0(1120)
[3868.661s][info][gc,heap        ] GC(977) Survivor regions: 111->108(152)
[3868.661s][info][gc,heap        ] GC(977) Old regions: 538->474
[3868.661s][info][gc,heap        ] GC(977) Humongous regions: 80->80
[3868.661s][info][gc,metaspace   ] GC(977) Metaspace: 28878K(29248K)->28878K(29248K) NonClass: 24011K(24192K)->24011K(24192K) Class: 4867K(5056K)->4867K(5056K)
[3868.661s][info][gc             ] GC(977) Pause Young (Mixed) (G1 Evacuation Pause) 3665M->1321M(4096M) 132.522ms
[3868.661s][info][gc,cpu         ] GC(977) User=0.79s Sys=0.00s Real=0.13s
...[3871.299s][info][gc,start       ] GC(978) Pause Young (Concurrent Start) (G1 Evacuation Pause)
[3871.299s][info][gc,task        ] GC(978) Using 6 workers of 6 for evacuation
[3871.421s][info][gc,phases      ] GC(978)   Pre Evacuate Collection Set: 0.34ms
[3871.421s][info][gc,phases      ] GC(978)   Merge Heap Roots: 0.46ms
[3871.421s][info][gc,phases      ] GC(978)   Evacuate Collection Set: 119.86ms
[3871.421s][info][gc,phases      ] GC(978)   Post Evacuate Collection Set: 0.89ms
[3871.421s][info][gc,phases      ] GC(978)   Other: 0.12ms
[3871.421s][info][gc,heap        ] GC(978) Eden regions: 1120->0(1116)
[3871.421s][info][gc,heap        ] GC(978) Survivor regions: 108->112(154)
[3871.421s][info][gc,heap        ] GC(978) Old regions: 474->506
[3871.421s][info][gc,heap        ] GC(978) Humongous regions: 80->80
[3871.421s][info][gc,metaspace   ] GC(978) Metaspace: 28878K(29248K)->28878K(29248K) NonClass: 24011K(24192K)->24011K(24192K) Class: 4867K(5056K)->4867K(5056K)
[3871.421s][info][gc             ] GC(978) Pause Young (Concurrent Start) (G1 Evacuation Pause) 3561M->1393M(4096M) 121.803ms
[3871.421s][info][gc             ] GC(979) Concurrent Mark Cycle
[3871.421s][info][gc,marking     ] GC(979) Concurrent Scan Root Regions
[3871.421s][info][gc,cpu         ] GC(978) User=0.72s Sys=0.00s Real=0.12s
[3871.564s][info][gc,marking     ] GC(979) Concurrent Scan Root Regions 142.864ms
[3871.564s][info][gc,marking     ] GC(979) Concurrent Mark
[3871.564s][info][gc,marking     ] GC(979) Concurrent Mark From Roots
[3871.564s][info][gc,task        ] GC(979) Using 2 workers of 2 for marking
.[3872.277s][info][gc,marking     ] GC(979) Concurrent Mark From Roots 713.507ms
[3872.277s][info][gc,marking     ] GC(979) Concurrent Preclean
[3872.278s][info][gc,marking     ] GC(979) Concurrent Preclean 0.104ms
[3872.278s][info][gc,start       ] GC(979) Pause Remark
[3872.282s][info][gc             ] GC(979) Pause Remark 2141M->2141M(4096M) 4.379ms
[3872.282s][info][gc,cpu         ] GC(979) User=0.02s Sys=0.00s Real=0.00s
[3872.283s][info][gc,marking     ] GC(979) Concurrent Mark 719.246ms
[3872.283s][info][gc,marking     ] GC(979) Concurrent Rebuild Remembered Sets and Scrub Regions
[3872.530s][info][gc,marking     ] GC(979) Concurrent Rebuild Remembered Sets and Scrub Regions 247.300ms
[3872.531s][info][gc,start       ] GC(979) Pause Cleanup
[3872.531s][info][gc             ] GC(979) Pause Cleanup 2322M->2322M(4096M) 0.110ms
[3872.531s][info][gc,cpu         ] GC(979) User=0.00s Sys=0.00s Real=0.00s
[3872.531s][info][gc,marking     ] GC(979) Concurrent Clear Claimed Marks
[3872.531s][info][gc,marking     ] GC(979) Concurrent Clear Claimed Marks 0.030ms
[3872.531s][info][gc,marking     ] GC(979) Concurrent Cleanup for Next Mark
[3872.537s][info][gc,marking     ] GC(979) Concurrent Cleanup for Next Mark 5.409ms
[3872.537s][info][gc             ] GC(979) Concurrent Mark Cycle 1115.707ms
..[3874.143s][info][gc,start       ] GC(980) Pause Young (Prepare Mixed) (G1 Evacuation Pause)
[3874.143s][info][gc,task        ] GC(980) Using 6 workers of 6 for evacuation
[3874.268s][info][gc,phases      ] GC(980)   Pre Evacuate Collection Set: 0.35ms
[3874.268s][info][gc,phases      ] GC(980)   Merge Heap Roots: 0.52ms
[3874.268s][info][gc,phases      ] GC(980)   Evacuate Collection Set: 123.10ms
[3874.268s][info][gc,phases      ] GC(980)   Post Evacuate Collection Set: 0.93ms
[3874.268s][info][gc,phases      ] GC(980)   Other: 0.10ms
[3874.268s][info][gc,heap        ] GC(980) Eden regions: 1116->0(1098)
[3874.268s][info][gc,heap        ] GC(980) Survivor regions: 112->115(154)
[3874.268s][info][gc,heap        ] GC(980) Old regions: 506->537
[3874.268s][info][gc,heap        ] GC(980) Humongous regions: 80->80
[3874.268s][info][gc,metaspace   ] GC(980) Metaspace: 28878K(29248K)->28878K(29248K) NonClass: 24011K(24192K)->24011K(24192K) Class: 4867K(5056K)->4867K(5056K)
[3874.268s][info][gc             ] GC(980) Pause Young (Prepare Mixed) (G1 Evacuation Pause) 3625M->1463M(4096M) 125.140ms
[3874.268s][info][gc,cpu         ] GC(980) User=0.74s Sys=0.00s Real=0.13s
...[3876.815s][info][gc,start       ] GC(981) Pause Young (Mixed) (G1 Evacuation Pause)
[3876.815s][info][gc,task        ] GC(981) Using 6 workers of 6 for evacuation
[3876.948s][info][gc,phases      ] GC(981)   Pre Evacuate Collection Set: 0.37ms
[3876.948s][info][gc,phases      ] GC(981)   Merge Heap Roots: 0.64ms
[3876.948s][info][gc,phases      ] GC(981)   Evacuate Collection Set: 130.74ms
[3876.948s][info][gc,phases      ] GC(981)   Post Evacuate Collection Set: 0.92ms
[3876.948s][info][gc,phases      ] GC(981)   Other: 0.09ms
[3876.948s][info][gc,heap        ] GC(981) Eden regions: 1098->0(1119)
[3876.948s][info][gc,heap        ] GC(981) Survivor regions: 115->109(152)
[3876.948s][info][gc,heap        ] GC(981) Old regions: 537->474
[3876.948s][info][gc,heap        ] GC(981) Humongous regions: 80->80
[3876.948s][info][gc,metaspace   ] GC(981) Metaspace: 28878K(29248K)->28878K(29248K) NonClass: 24011K(24192K)->24011K(24192K) Class: 4867K(5056K)->4867K(5056K)
[3876.948s][info][gc             ] GC(981) Pause Young (Mixed) (G1 Evacuation Pause) 3659M->1324M(4096M) 132.895ms
[3876.948s][info][gc,cpu         ] GC(981) User=0.78s Sys=0.00s Real=0.14s
..[3879.599s][info][gc,start       ] GC(982) Pause Young (Concurrent Start) (G1 Evacuation Pause)
[3879.599s][info][gc,task        ] GC(982) Using 6 workers of 6 for evacuation
[3879.716s][info][gc,phases      ] GC(982)   Pre Evacuate Collection Set: 0.36ms
[3879.716s][info][gc,phases      ] GC(982)   Merge Heap Roots: 0.44ms
[3879.716s][info][gc,phases      ] GC(982)   Evacuate Collection Set: 115.00ms
[3879.716s][info][gc,phases      ] GC(982)   Post Evacuate Collection Set: 0.93ms
[3879.716s][info][gc,phases      ] GC(982)   Other: 0.10ms
[3879.716s][info][gc,heap        ] GC(982) Eden regions: 1119->0(1119)
[3879.716s][info][gc,heap        ] GC(982) Survivor regions: 109->109(154)
[3879.716s][info][gc,heap        ] GC(982) Old regions: 474->507
[3879.716s][info][gc,heap        ] GC(982) Humongous regions: 80->80
[3879.716s][info][gc,metaspace   ] GC(982) Metaspace: 28878K(29248K)->28878K(29248K) NonClass: 24011K(24192K)->24011K(24192K) Class: 4867K(5056K)->4867K(5056K)
[3879.716s][info][gc             ] GC(982) Pause Young (Concurrent Start) (G1 Evacuation Pause) 3562M->1389M(4096M) 116.958ms
[3879.716s][info][gc             ] GC(983) Concurrent Mark Cycle
[3879.716s][info][gc,marking     ] GC(983) Concurrent Scan Root Regions
[3879.716s][info][gc,cpu         ] GC(982) User=0.69s Sys=0.00s Real=0.11s
.[3879.894s][info][gc,marking     ] GC(983) Concurrent Scan Root Regions 177.728ms
[3879.894s][info][gc,marking     ] GC(983) Concurrent Mark
[3879.894s][info][gc,marking     ] GC(983) Concurrent Mark From Roots
[3879.894s][info][gc,task        ] GC(983) Using 2 workers of 2 for marking
.[3880.889s][info][gc,marking     ] GC(983) Concurrent Mark From Roots 994.822ms
[3880.889s][info][gc,marking     ] GC(983) Concurrent Preclean
[3880.889s][info][gc,marking     ] GC(983) Concurrent Preclean 0.109ms
[3880.889s][info][gc,start       ] GC(983) Pause Remark
[3880.894s][info][gc             ] GC(983) Pause Remark 2403M->2403M(4096M) 5.324ms
[3880.894s][info][gc,cpu         ] GC(983) User=0.02s Sys=0.00s Real=0.00s
[3880.894s][info][gc,marking     ] GC(983) Concurrent Mark 1000.584ms
[3880.894s][info][gc,marking     ] GC(983) Concurrent Rebuild Remembered Sets and Scrub Regions
[3881.255s][info][gc,marking     ] GC(983) Concurrent Rebuild Remembered Sets and Scrub Regions 360.555ms
[3881.255s][info][gc,start       ] GC(983) Pause Cleanup
[3881.255s][info][gc             ] GC(983) Pause Cleanup 2688M->2688M(4096M) 0.107ms
[3881.255s][info][gc,cpu         ] GC(983) User=0.00s Sys=0.00s Real=0.00s
[3881.255s][info][gc,marking     ] GC(983) Concurrent Clear Claimed Marks
[3881.255s][info][gc,marking     ] GC(983) Concurrent Clear Claimed Marks 0.023ms
[3881.255s][info][gc,marking     ] GC(983) Concurrent Cleanup for Next Mark
[3881.260s][info][gc,marking     ] GC(983) Concurrent Cleanup for Next Mark 4.565ms
[3881.260s][info][gc             ] GC(983) Concurrent Mark Cycle 1543.906ms
.[3882.389s][info][gc,start       ] GC(984) Pause Young (Prepare Mixed) (G1 Evacuation Pause)
[3882.389s][info][gc,task        ] GC(984) Using 6 workers of 6 for evacuation
[3882.507s][info][gc,phases      ] GC(984)   Pre Evacuate Collection Set: 0.34ms
[3882.507s][info][gc,phases      ] GC(984)   Merge Heap Roots: 0.47ms
[3882.507s][info][gc,phases      ] GC(984)   Evacuate Collection Set: 116.36ms
[3882.507s][info][gc,phases      ] GC(984)   Post Evacuate Collection Set: 0.93ms
[3882.507s][info][gc,phases      ] GC(984)   Other: 0.08ms
[3882.507s][info][gc,heap        ] GC(984) Eden regions: 1119->0(1105)
[3882.507s][info][gc,heap        ] GC(984) Survivor regions: 109->111(154)
[3882.507s][info][gc,heap        ] GC(984) Old regions: 507->538
[3882.507s][info][gc,heap        ] GC(984) Humongous regions: 80->80
[3882.507s][info][gc,metaspace   ] GC(984) Metaspace: 28878K(29248K)->28878K(29248K) NonClass: 24011K(24192K)->24011K(24192K) Class: 4867K(5056K)->4867K(5056K)
[3882.507s][info][gc             ] GC(984) Pause Young (Prepare Mixed) (G1 Evacuation Pause) 3627M->1455M(4096M) 118.307ms
[3882.507s][info][gc,cpu         ] GC(984) User=0.70s Sys=0.00s Real=0.12s
...[3885.104s][info][gc,start       ] GC(985) Pause Young (Mixed) (G1 Evacuation Pause)
[3885.104s][info][gc,task        ] GC(985) Using 6 workers of 6 for evacuation
[3885.237s][info][gc,phases      ] GC(985)   Pre Evacuate Collection Set: 0.35ms
[3885.237s][info][gc,phases      ] GC(985)   Merge Heap Roots: 0.63ms
[3885.237s][info][gc,phases      ] GC(985)   Evacuate Collection Set: 131.13ms
[3885.237s][info][gc,phases      ] GC(985)   Post Evacuate Collection Set: 0.94ms
[3885.237s][info][gc,phases      ] GC(985)   Other: 0.09ms
[3885.237s][info][gc,heap        ] GC(985) Eden regions: 1105->0(1118)
[3885.237s][info][gc,heap        ] GC(985) Survivor regions: 111->110(152)
[3885.237s][info][gc,heap        ] GC(985) Old regions: 538->475
[3885.237s][info][gc,heap        ] GC(985) Humongous regions: 80->80
[3885.237s][info][gc,metaspace   ] GC(985) Metaspace: 28878K(29248K)->28878K(29248K) NonClass: 24011K(24192K)->24011K(24192K) Class: 4867K(5056K)->4867K(5056K)
[3885.237s][info][gc             ] GC(985) Pause Young (Mixed) (G1 Evacuation Pause) 3665M->1328M(4096M) 133.304ms
[3885.237s][info][gc,cpu         ] GC(985) User=0.79s Sys=0.00s Real=0.14s
...[3887.893s][info][gc,start       ] GC(986) Pause Young (Concurrent Start) (G1 Evacuation Pause)
[3887.893s][info][gc,task        ] GC(986) Using 6 workers of 6 for evacuation
[3888.015s][info][gc,phases      ] GC(986)   Pre Evacuate Collection Set: 0.34ms
[3888.015s][info][gc,phases      ] GC(986)   Merge Heap Roots: 0.42ms
[3888.015s][info][gc,phases      ] GC(986)   Evacuate Collection Set: 119.58ms
[3888.015s][info][gc,phases      ] GC(986)   Post Evacuate Collection Set: 0.88ms
[3888.015s][info][gc,phases      ] GC(986)   Other: 0.11ms
[3888.015s][info][gc,heap        ] GC(986) Eden regions: 1118->0(1115)
[3888.015s][info][gc,heap        ] GC(986) Survivor regions: 110->113(154)
[3888.015s][info][gc,heap        ] GC(986) Old regions: 475->507
[3888.015s][info][gc,heap        ] GC(986) Humongous regions: 80->80
[3888.015s][info][gc,metaspace   ] GC(986) Metaspace: 28878K(29248K)->28878K(29248K) NonClass: 24011K(24192K)->24011K(24192K) Class: 4867K(5056K)->4867K(5056K)
[3888.015s][info][gc             ] GC(986) Pause Young (Concurrent Start) (G1 Evacuation Pause) 3564M->1397M(4096M) 121.475ms
[3888.015s][info][gc             ] GC(987) Concurrent Mark Cycle
[3888.015s][info][gc,marking     ] GC(987) Concurrent Scan Root Regions
[3888.015s][info][gc,cpu         ] GC(986) User=0.72s Sys=0.00s Real=0.12s
[3888.198s][info][gc,marking     ] GC(987) Concurrent Scan Root Regions 183.043ms
[3888.198s][info][gc,marking     ] GC(987) Concurrent Mark
[3888.198s][info][gc,marking     ] GC(987) Concurrent Mark From Roots
[3888.198s][info][gc,task        ] GC(987) Using 2 workers of 2 for marking
.[3889.125s][info][gc,marking     ] GC(987) Concurrent Mark From Roots 926.665ms
[3889.125s][info][gc,marking     ] GC(987) Concurrent Preclean
[3889.125s][info][gc,marking     ] GC(987) Concurrent Preclean 0.097ms
[3889.125s][info][gc,start       ] GC(987) Pause Remark
[3889.132s][info][gc             ] GC(987) Pause Remark 2399M->2399M(4096M) 6.458ms
[3889.132s][info][gc,cpu         ] GC(987) User=0.03s Sys=0.01s Real=0.01s
[3889.133s][info][gc,marking     ] GC(987) Concurrent Mark 934.720ms
[3889.133s][info][gc,marking     ] GC(987) Concurrent Rebuild Remembered Sets and Scrub Regions
[3889.447s][info][gc,marking     ] GC(987) Concurrent Rebuild Remembered Sets and Scrub Regions 314.467ms
[3889.448s][info][gc,start       ] GC(987) Pause Cleanup
[3889.448s][info][gc             ] GC(987) Pause Cleanup 2651M->2651M(4096M) 0.130ms
[3889.448s][info][gc,cpu         ] GC(987) User=0.00s Sys=0.00s Real=0.00s
[3889.448s][info][gc,marking     ] GC(987) Concurrent Clear Claimed Marks
[3889.448s][info][gc,marking     ] GC(987) Concurrent Clear Claimed Marks 0.031ms
[3889.448s][info][gc,marking     ] GC(987) Concurrent Cleanup for Next Mark
[3889.451s][info][gc,marking     ] GC(987) Concurrent Cleanup for Next Mark 3.429ms
[3889.451s][info][gc             ] GC(987) Concurrent Mark Cycle 1436.612ms
.[3890.627s][info][gc,start       ] GC(988) Pause Young (Prepare Mixed) (G1 Evacuation Pause)
[3890.627s][info][gc,task        ] GC(988) Using 6 workers of 6 for evacuation
[3890.744s][info][gc,phases      ] GC(988)   Pre Evacuate Collection Set: 0.33ms
[3890.744s][info][gc,phases      ] GC(988)   Merge Heap Roots: 0.50ms
[3890.744s][info][gc,phases      ] GC(988)   Evacuate Collection Set: 115.96ms
[3890.744s][info][gc,phases      ] GC(988)   Post Evacuate Collection Set: 0.95ms
[3890.744s][info][gc,phases      ] GC(988)   Other: 0.08ms
[3890.744s][info][gc,heap        ] GC(988) Eden regions: 1115->0(1111)
[3890.745s][info][gc,heap        ] GC(988) Survivor regions: 113->108(154)
[3890.745s][info][gc,heap        ] GC(988) Old regions: 507->538
[3890.745s][info][gc,heap        ] GC(988) Humongous regions: 80->80
[3890.745s][info][gc,metaspace   ] GC(988) Metaspace: 28878K(29248K)->28878K(29248K) NonClass: 24011K(24192K)->24011K(24192K) Class: 4867K(5056K)->4867K(5056K)
[3890.745s][info][gc             ] GC(988) Pause Young (Prepare Mixed) (G1 Evacuation Pause) 3627M->1450M(4096M) 117.977ms
[3890.745s][info][gc,cpu         ] GC(988) User=0.70s Sys=0.00s Real=0.12s
...[3893.389s][info][gc,start       ] GC(989) Pause Young (Mixed) (G1 Evacuation Pause)
[3893.389s][info][gc,task        ] GC(989) Using 6 workers of 6 for evacuation
[3893.522s][info][gc,phases      ] GC(989)   Pre Evacuate Collection Set: 0.42ms
[3893.522s][info][gc,phases      ] GC(989)   Merge Heap Roots: 0.67ms
[3893.522s][info][gc,phases      ] GC(989)   Evacuate Collection Set: 130.38ms
[3893.522s][info][gc,phases      ] GC(989)   Post Evacuate Collection Set: 0.94ms
[3893.522s][info][gc,phases      ] GC(989)   Other: 0.09ms
[3893.522s][info][gc,heap        ] GC(989) Eden regions: 1111->0(1122)
[3893.522s][info][gc,heap        ] GC(989) Survivor regions: 108->106(153)
[3893.522s][info][gc,heap        ] GC(989) Old regions: 538->472
[3893.522s][info][gc,heap        ] GC(989) Humongous regions: 80->80
[3893.522s][info][gc,metaspace   ] GC(989) Metaspace: 28878K(29248K)->28878K(29248K) NonClass: 24011K(24192K)->24011K(24192K) Class: 4867K(5056K)->4867K(5056K)
[3893.522s][info][gc             ] GC(989) Pause Young (Mixed) (G1 Evacuation Pause) 3672M->1314M(4096M) 132.641ms
[3893.522s][info][gc,cpu         ] GC(989) User=0.78s Sys=0.00s Real=0.13s
... (rIR:aIR:PR = 6780:6796:6796) (tPR = 101192) [OK] 
  3895s: Performance info:
         Transaction,    Success,    Partial,     Failed,   Receipts, AvgBarcode, 
             Overall,     409213,          0,          0,     388732,      59.48, 
         Response times:
             Request,    Success,    Partial,     Failed,   SkipFail,     Probes,    Samples,      min,      p50,      p90,      p95,      p99,      max, 
       TotalPurchase,     388677,          0,          0,          0,     359995,     419762,      300,     5700,    33000,    66000,   131000,   264000,
     InStorePurchase,     204375,          0,          0,          0,     188782,     219878,      300,     5600,    33000,    65000,   130000,   264000,
      OnlinePurchase,     143292,          0,          0,          0,     132788,     154692,      300,     5600,    34000,    67000,   132000,   232000,
        InstPurchase,      41010,          0,          0,          0,      38425,      45192,      400,     6200,    33000,    69000,   132000,   245000,
          AssocOfCat,        411,          0,          0,          0,        335,        457,    21000,    34000,    66000,   111200,   174260,   236000,
      AssocOfProduct,       4085,          0,          0,          0,       3805,       4657,      500,     6200,    30000,    65000,   135000,   206000,
      BusinessReport,       1023,          0,          0,          0,        882,       1152,    24000,    38000,    81000,   132700,   188470,   318000,
          CustBuyBeh,       4105,          0,          0,          0,       3781,       4607,      300,     7100,    44000,    86000,   141000,   201000,
       ProductReturn,      10855,          0,          0,          0,      10479,      12497,      300,     6400,    35000,    74000,   135000,   245000,

  3895s: (50%)   IR =   6918 [3896.157s][info][gc,start       ] GC(990) Pause Young (Concurrent Start) (G1 Evacuation Pause)
[3896.157s][info][gc,task        ] GC(990) Using 6 workers of 6 for evacuation
[3896.275s][info][gc,phases      ] GC(990)   Pre Evacuate Collection Set: 0.41ms
[3896.275s][info][gc,phases      ] GC(990)   Merge Heap Roots: 0.48ms
[3896.275s][info][gc,phases      ] GC(990)   Evacuate Collection Set: 115.64ms
[3896.275s][info][gc,phases      ] GC(990)   Post Evacuate Collection Set: 0.89ms
[3896.275s][info][gc,phases      ] GC(990)   Other: 0.13ms
[3896.275s][info][gc,heap        ] GC(990) Eden regions: 1122->0(1118)
[3896.275s][info][gc,heap        ] GC(990) Survivor regions: 106->110(154)
[3896.275s][info][gc,heap        ] GC(990) Old regions: 472->504
[3896.275s][info][gc,heap        ] GC(990) Humongous regions: 80->80
[3896.275s][info][gc,metaspace   ] GC(990) Metaspace: 28878K(29248K)->28878K(29248K) NonClass: 24011K(24192K)->24011K(24192K) Class: 4867K(5056K)->4867K(5056K)
[3896.275s][info][gc             ] GC(990) Pause Young (Concurrent Start) (G1 Evacuation Pause) 3558M->1385M(4096M) 117.680ms
[3896.275s][info][gc             ] GC(991) Concurrent Mark Cycle
[3896.275s][info][gc,marking     ] GC(991) Concurrent Scan Root Regions
[3896.275s][info][gc,cpu         ] GC(990) User=0.69s Sys=0.00s Real=0.11s
[3896.453s][info][gc,marking     ] GC(991) Concurrent Scan Root Regions 177.847ms
[3896.453s][info][gc,marking     ] GC(991) Concurrent Mark
[3896.453s][info][gc,marking     ] GC(991) Concurrent Mark From Roots
[3896.453s][info][gc,task        ] GC(991) Using 2 workers of 2 for marking
.[3897.423s][info][gc,marking     ] GC(991) Concurrent Mark From Roots 970.343ms
[3897.423s][info][gc,marking     ] GC(991) Concurrent Preclean
[3897.423s][info][gc,marking     ] GC(991) Concurrent Preclean 0.135ms
[3897.424s][info][gc,start       ] GC(991) Pause Remark
[3897.427s][info][gc             ] GC(991) Pause Remark 2401M->2401M(4096M) 3.845ms
[3897.427s][info][gc,cpu         ] GC(991) User=0.02s Sys=0.00s Real=0.01s
[3897.428s][info][gc,marking     ] GC(991) Concurrent Mark 974.934ms
[3897.428s][info][gc,marking     ] GC(991) Concurrent Rebuild Remembered Sets and Scrub Regions
[3897.684s][info][gc,marking     ] GC(991) Concurrent Rebuild Remembered Sets and Scrub Regions 256.757ms
[3897.685s][info][gc,start       ] GC(991) Pause Cleanup
[3897.685s][info][gc             ] GC(991) Pause Cleanup 2635M->2635M(4096M) 0.114ms
[3897.685s][info][gc,cpu         ] GC(991) User=0.00s Sys=0.00s Real=0.00s
[3897.686s][info][gc,marking     ] GC(991) Concurrent Clear Claimed Marks
[3897.686s][info][gc,marking     ] GC(991) Concurrent Clear Claimed Marks 0.026ms
[3897.686s][info][gc,marking     ] GC(991) Concurrent Cleanup for Next Mark
[3897.690s][info][gc,marking     ] GC(991) Concurrent Cleanup for Next Mark 4.348ms
[3897.690s][info][gc             ] GC(991) Concurrent Mark Cycle 1415.328ms
..[3898.912s][info][gc,start       ] GC(992) Pause Young (Prepare Mixed) (G1 Evacuation Pause)
[3898.912s][info][gc,task        ] GC(992) Using 6 workers of 6 for evacuation
[3899.029s][info][gc,phases      ] GC(992)   Pre Evacuate Collection Set: 0.33ms
[3899.029s][info][gc,phases      ] GC(992)   Merge Heap Roots: 0.49ms
[3899.029s][info][gc,phases      ] GC(992)   Evacuate Collection Set: 115.80ms
[3899.029s][info][gc,phases      ] GC(992)   Post Evacuate Collection Set: 1.03ms
[3899.029s][info][gc,phases      ] GC(992)   Other: 0.09ms
[3899.029s][info][gc,heap        ] GC(992) Eden regions: 1118->0(1109)
[3899.029s][info][gc,heap        ] GC(992) Survivor regions: 110->110(154)
[3899.029s][info][gc,heap        ] GC(992) Old regions: 504->536
[3899.029s][info][gc,heap        ] GC(992) Humongous regions: 80->80
[3899.029s][info][gc,metaspace   ] GC(992) Metaspace: 28878K(29248K)->28878K(29248K) NonClass: 24011K(24192K)->24011K(24192K) Class: 4867K(5056K)->4867K(5056K)
[3899.029s][info][gc             ] GC(992) Pause Young (Prepare Mixed) (G1 Evacuation Pause) 3621M->1449M(4096M) 117.863ms
[3899.029s][info][gc,cpu         ] GC(992) User=0.69s Sys=0.00s Real=0.12s
..|[3901.617s][info][gc,start       ] GC(993) Pause Young (Mixed) (G1 Evacuation Pause)
[3901.617s][info][gc,task        ] GC(993) Using 6 workers of 6 for evacuation
[3901.755s][info][gc,phases      ] GC(993)   Pre Evacuate Collection Set: 0.35ms
[3901.755s][info][gc,phases      ] GC(993)   Merge Heap Roots: 0.60ms
[3901.755s][info][gc,phases      ] GC(993)   Evacuate Collection Set: 135.24ms
[3901.755s][info][gc,phases      ] GC(993)   Post Evacuate Collection Set: 0.95ms
[3901.755s][info][gc,phases      ] GC(993)   Other: 0.09ms
[3901.755s][info][gc,heap        ] GC(993) Eden regions: 1109->0(1113)
[3901.755s][info][gc,heap        ] GC(993) Survivor regions: 110->115(153)
[3901.755s][info][gc,heap        ] GC(993) Old regions: 536->473
[3901.755s][info][gc,heap        ] GC(993) Humongous regions: 80->80
[3901.755s][info][gc,metaspace   ] GC(993) Metaspace: 28878K(29248K)->28878K(29248K) NonClass: 24011K(24192K)->24011K(24192K) Class: 4867K(5056K)->4867K(5056K)
[3901.755s][info][gc             ] GC(993) Pause Young (Mixed) (G1 Evacuation Pause) 3667M->1334M(4096M) 137.365ms
[3901.755s][info][gc,cpu         ] GC(993) User=0.81s Sys=0.00s Real=0.13s
...[3904.314s][info][gc,start       ] GC(994) Pause Young (Concurrent Start) (G1 Evacuation Pause)
[3904.314s][info][gc,task        ] GC(994) Using 6 workers of 6 for evacuation
[3904.432s][info][gc,phases      ] GC(994)   Pre Evacuate Collection Set: 0.38ms
[3904.432s][info][gc,phases      ] GC(994)   Merge Heap Roots: 0.46ms
[3904.432s][info][gc,phases      ] GC(994)   Evacuate Collection Set: 116.57ms
[3904.432s][info][gc,phases      ] GC(994)   Post Evacuate Collection Set: 0.93ms
[3904.432s][info][gc,phases      ] GC(994)   Other: 0.10ms
[3904.432s][info][gc,heap        ] GC(994) Eden regions: 1113->0(1117)
[3904.432s][info][gc,heap        ] GC(994) Survivor regions: 115->111(154)
[3904.432s][info][gc,heap        ] GC(994) Old regions: 473->505
[3904.432s][info][gc,heap        ] GC(994) Humongous regions: 80->80
[3904.432s][info][gc,metaspace   ] GC(994) Metaspace: 28881K(29248K)->28881K(29248K) NonClass: 24014K(24192K)->24014K(24192K) Class: 4867K(5056K)->4867K(5056K)
[3904.432s][info][gc             ] GC(994) Pause Young (Concurrent Start) (G1 Evacuation Pause) 3560M->1389M(4096M) 118.567ms
[3904.432s][info][gc             ] GC(995) Concurrent Mark Cycle
[3904.432s][info][gc,marking     ] GC(995) Concurrent Scan Root Regions
[3904.432s][info][gc,cpu         ] GC(994) User=0.70s Sys=0.00s Real=0.12s
[3904.576s][info][gc,marking     ] GC(995) Concurrent Scan Root Regions 143.692ms
[3904.576s][info][gc,marking     ] GC(995) Concurrent Mark
[3904.576s][info][gc,marking     ] GC(995) Concurrent Mark From Roots
[3904.576s][info][gc,task        ] GC(995) Using 2 workers of 2 for marking
.[3905.287s][info][gc,marking     ] GC(995) Concurrent Mark From Roots 710.646ms
[3905.287s][info][gc,marking     ] GC(995) Concurrent Preclean
[3905.287s][info][gc,marking     ] GC(995) Concurrent Preclean 0.087ms
[3905.288s][info][gc,start       ] GC(995) Pause Remark
[3905.293s][info][gc             ] GC(995) Pause Remark 2143M->2143M(4096M) 4.704ms
[3905.293s][info][gc,cpu         ] GC(995) User=0.02s Sys=0.00s Real=0.00s
[3905.293s][info][gc,marking     ] GC(995) Concurrent Mark 716.711ms
[3905.293s][info][gc,marking     ] GC(995) Concurrent Rebuild Remembered Sets and Scrub Regions
[3905.561s][info][gc,marking     ] GC(995) Concurrent Rebuild Remembered Sets and Scrub Regions 267.683ms
[3905.561s][info][gc,start       ] GC(995) Pause Cleanup
[3905.561s][info][gc             ] GC(995) Pause Cleanup 2393M->2393M(4096M) 0.112ms
[3905.561s][info][gc,cpu         ] GC(995) User=0.00s Sys=0.00s Real=0.00s
[3905.561s][info][gc,marking     ] GC(995) Concurrent Clear Claimed Marks
[3905.561s][info][gc,marking     ] GC(995) Concurrent Clear Claimed Marks 0.023ms
[3905.561s][info][gc,marking     ] GC(995) Concurrent Cleanup for Next Mark
[3905.566s][info][gc,marking     ] GC(995) Concurrent Cleanup for Next Mark 4.886ms
[3905.566s][info][gc             ] GC(995) Concurrent Mark Cycle 1133.519ms
.[3907.017s][info][gc,start       ] GC(996) Pause Young (Prepare Mixed) (G1 Evacuation Pause)
[3907.017s][info][gc,task        ] GC(996) Using 6 workers of 6 for evacuation
[3907.135s][info][gc,phases      ] GC(996)   Pre Evacuate Collection Set: 0.35ms
[3907.135s][info][gc,phases      ] GC(996)   Merge Heap Roots: 0.47ms
[3907.135s][info][gc,phases      ] GC(996)   Evacuate Collection Set: 115.97ms
[3907.135s][info][gc,phases      ] GC(996)   Post Evacuate Collection Set: 0.97ms
[3907.135s][info][gc,phases      ] GC(996)   Other: 0.09ms
[3907.135s][info][gc,heap        ] GC(996) Eden regions: 1117->0(1110)
[3907.135s][info][gc,heap        ] GC(996) Survivor regions: 111->109(154)
[3907.135s][info][gc,heap        ] GC(996) Old regions: 505->537
[3907.135s][info][gc,heap        ] GC(996) Humongous regions: 80->80
[3907.135s][info][gc,metaspace   ] GC(996) Metaspace: 28881K(29248K)->28881K(29248K) NonClass: 24014K(24192K)->24014K(24192K) Class: 4867K(5056K)->4867K(5056K)
[3907.135s][info][gc             ] GC(996) Pause Young (Prepare Mixed) (G1 Evacuation Pause) 3623M->1450M(4096M) 117.997ms
[3907.135s][info][gc,cpu         ] GC(996) User=0.69s Sys=0.00s Real=0.11s
...[3909.762s][info][gc,start       ] GC(997) Pause Young (Mixed) (G1 Evacuation Pause)
[3909.762s][info][gc,task        ] GC(997) Using 6 workers of 6 for evacuation
[3909.899s][info][gc,phases      ] GC(997)   Pre Evacuate Collection Set: 0.34ms
[3909.899s][info][gc,phases      ] GC(997)   Merge Heap Roots: 0.64ms
[3909.899s][info][gc,phases      ] GC(997)   Evacuate Collection Set: 134.47ms
[3909.899s][info][gc,phases      ] GC(997)   Post Evacuate Collection Set: 0.92ms
[3909.899s][info][gc,phases      ] GC(997)   Other: 0.08ms
[3909.899s][info][gc,heap        ] GC(997) Eden regions: 1110->0(1116)
[3909.899s][info][gc,heap        ] GC(997) Survivor regions: 109->112(153)
[3909.899s][info][gc,heap        ] GC(997) Old regions: 537->472
[3909.899s][info][gc,heap        ] GC(997) Humongous regions: 80->80
[3909.899s][info][gc,metaspace   ] GC(997) Metaspace: 28881K(29248K)->28881K(29248K) NonClass: 24014K(24192K)->24014K(24192K) Class: 4867K(5056K)->4867K(5056K)
[3909.899s][info][gc             ] GC(997) Pause Young (Mixed) (G1 Evacuation Pause) 3670M->1326M(4096M) 136.610ms
[3909.899s][info][gc,cpu         ] GC(997) User=0.81s Sys=0.00s Real=0.14s
...[3912.438s][info][gc,start       ] GC(998) Pause Young (Concurrent Start) (G1 Evacuation Pause)
[3912.438s][info][gc,task        ] GC(998) Using 6 workers of 6 for evacuation
[3912.552s][info][gc,phases      ] GC(998)   Pre Evacuate Collection Set: 0.43ms
[3912.552s][info][gc,phases      ] GC(998)   Merge Heap Roots: 0.46ms
[3912.552s][info][gc,phases      ] GC(998)   Evacuate Collection Set: 112.62ms
[3912.552s][info][gc,phases      ] GC(998)   Post Evacuate Collection Set: 0.88ms
[3912.552s][info][gc,phases      ] GC(998)   Other: 0.10ms
[3912.552s][info][gc,heap        ] GC(998) Eden regions: 1116->0(1121)
[3912.552s][info][gc,heap        ] GC(998) Survivor regions: 112->107(154)
[3912.552s][info][gc,heap        ] GC(998) Old regions: 472->504
[3912.552s][info][gc,heap        ] GC(998) Humongous regions: 80->80
[3912.552s][info][gc,metaspace   ] GC(998) Metaspace: 28881K(29248K)->28881K(29248K) NonClass: 24014K(24192K)->24014K(24192K) Class: 4867K(5056K)->4867K(5056K)
[3912.552s][info][gc             ] GC(998) Pause Young (Concurrent Start) (G1 Evacuation Pause) 3558M->1380M(4096M) 114.611ms
[3912.552s][info][gc             ] GC(999) Concurrent Mark Cycle
[3912.552s][info][gc,marking     ] GC(999) Concurrent Scan Root Regions
[3912.552s][info][gc,cpu         ] GC(998) User=0.68s Sys=0.00s Real=0.11s
[3912.690s][info][gc,marking     ] GC(999) Concurrent Scan Root Regions 137.713ms
[3912.690s][info][gc,marking     ] GC(999) Concurrent Mark
[3912.690s][info][gc,marking     ] GC(999) Concurrent Mark From Roots
[3912.690s][info][gc,task        ] GC(999) Using 2 workers of 2 for marking
.[3913.397s][info][gc,marking     ] GC(999) Concurrent Mark From Roots 707.293ms
[3913.397s][info][gc,marking     ] GC(999) Concurrent Preclean
[3913.398s][info][gc,marking     ] GC(999) Concurrent Preclean 0.092ms
[3913.398s][info][gc,start       ] GC(999) Pause Remark
[3913.402s][info][gc             ] GC(999) Pause Remark 2084M->2084M(4096M) 4.260ms
[3913.402s][info][gc,cpu         ] GC(999) User=0.02s Sys=0.00s Real=0.00s
[3913.402s][info][gc,marking     ] GC(999) Concurrent Mark 712.060ms
[3913.402s][info][gc,marking     ] GC(999) Concurrent Rebuild Remembered Sets and Scrub Regions
[3913.675s][info][gc,marking     ] GC(999) Concurrent Rebuild Remembered Sets and Scrub Regions 273.243ms
[3913.676s][info][gc,start       ] GC(999) Pause Cleanup
[3913.676s][info][gc             ] GC(999) Pause Cleanup 2342M->2342M(4096M) 0.111ms
[3913.676s][info][gc,cpu         ] GC(999) User=0.00s Sys=0.00s Real=0.00s
[3913.676s][info][gc,marking     ] GC(999) Concurrent Clear Claimed Marks
[3913.676s][info][gc,marking     ] GC(999) Concurrent Clear Claimed Marks 0.022ms
[3913.676s][info][gc,marking     ] GC(999) Concurrent Cleanup for Next Mark
[3913.680s][info][gc,marking     ] GC(999) Concurrent Cleanup for Next Mark 4.466ms
[3913.680s][info][gc             ] GC(999) Concurrent Mark Cycle 1127.968ms
..[3915.193s][info][gc,start       ] GC(1000) Pause Young (Prepare Mixed) (G1 Evacuation Pause)
[3915.193s][info][gc,task        ] GC(1000) Using 6 workers of 6 for evacuation
[3915.313s][info][gc,phases      ] GC(1000)   Pre Evacuate Collection Set: 0.31ms
[3915.313s][info][gc,phases      ] GC(1000)   Merge Heap Roots: 0.49ms
[3915.313s][info][gc,phases      ] GC(1000)   Evacuate Collection Set: 118.11ms
[3915.313s][info][gc,phases      ] GC(1000)   Post Evacuate Collection Set: 0.92ms
[3915.313s][info][gc,phases      ] GC(1000)   Other: 0.08ms
[3915.313s][info][gc,heap        ] GC(1000) Eden regions: 1121->0(1104)
[3915.313s][info][gc,heap        ] GC(1000) Survivor regions: 107->113(154)
[3915.313s][info][gc,heap        ] GC(1000) Old regions: 504->535
[3915.313s][info][gc,heap        ] GC(1000) Humongous regions: 80->80
[3915.313s][info][gc,metaspace   ] GC(1000) Metaspace: 28881K(29248K)->28881K(29248K) NonClass: 24014K(24192K)->24014K(24192K) Class: 4867K(5056K)->4867K(5056K)
[3915.313s][info][gc             ] GC(1000) Pause Young (Prepare Mixed) (G1 Evacuation Pause) 3622M->1454M(4096M) 120.032ms
[3915.314s][info][gc,cpu         ] GC(1000) User=0.71s Sys=0.00s Real=0.12s
..[3917.828s][info][gc,start       ] GC(1001) Pause Young (Mixed) (G1 Evacuation Pause)
[3917.828s][info][gc,task        ] GC(1001) Using 6 workers of 6 for evacuation
[3917.968s][info][gc,phases      ] GC(1001)   Pre Evacuate Collection Set: 0.35ms
[3917.968s][info][gc,phases      ] GC(1001)   Merge Heap Roots: 0.76ms
[3917.968s][info][gc,phases      ] GC(1001)   Evacuate Collection Set: 137.78ms
[3917.968s][info][gc,phases      ] GC(1001)   Post Evacuate Collection Set: 0.96ms
[3917.968s][info][gc,phases      ] GC(1001)   Other: 0.09ms
[3917.968s][info][gc,heap        ] GC(1001) Eden regions: 1104->0(1114)
[3917.968s][info][gc,heap        ] GC(1001) Survivor regions: 113->114(153)
[3917.968s][info][gc,heap        ] GC(1001) Old regions: 535->473
[3917.968s][info][gc,heap        ] GC(1001) Humongous regions: 80->80
[3917.968s][info][gc,metaspace   ] GC(1001) Metaspace: 28881K(29248K)->28881K(29248K) NonClass: 24014K(24192K)->24014K(24192K) Class: 4867K(5056K)->4867K(5056K)
[3917.968s][info][gc             ] GC(1001) Pause Young (Mixed) (G1 Evacuation Pause) 3662M->1332M(4096M) 140.058ms
[3917.968s][info][gc,cpu         ] GC(1001) User=0.83s Sys=0.00s Real=0.14s
...[3920.507s][info][gc,start       ] GC(1002) Pause Young (Concurrent Start) (G1 Evacuation Pause)
[3920.507s][info][gc,task        ] GC(1002) Using 6 workers of 6 for evacuation
[3920.625s][info][gc,phases      ] GC(1002)   Pre Evacuate Collection Set: 0.37ms
[3920.625s][info][gc,phases      ] GC(1002)   Merge Heap Roots: 0.44ms
[3920.625s][info][gc,phases      ] GC(1002)   Evacuate Collection Set: 115.93ms
[3920.625s][info][gc,phases      ] GC(1002)   Post Evacuate Collection Set: 0.89ms
[3920.625s][info][gc,phases      ] GC(1002)   Other: 0.10ms
[3920.625s][info][gc,heap        ] GC(1002) Eden regions: 1114->0(1119)
[3920.625s][info][gc,heap        ] GC(1002) Survivor regions: 114->109(154)
[3920.625s][info][gc,heap        ] GC(1002) Old regions: 473->506
[3920.625s][info][gc,heap        ] GC(1002) Humongous regions: 80->80
[3920.625s][info][gc,metaspace   ] GC(1002) Metaspace: 28881K(29248K)->28881K(29248K) NonClass: 24014K(24192K)->24014K(24192K) Class: 4867K(5056K)->4867K(5056K)
[3920.625s][info][gc             ] GC(1002) Pause Young (Concurrent Start) (G1 Evacuation Pause) 3560M->1387M(4096M) 117.879ms
[3920.625s][info][gc             ] GC(1003) Concurrent Mark Cycle
[3920.625s][info][gc,marking     ] GC(1003) Concurrent Scan Root Regions
[3920.625s][info][gc,cpu         ] GC(1002) User=0.69s Sys=0.00s Real=0.12s
[3920.804s][info][gc,marking     ] GC(1003) Concurrent Scan Root Regions 179.751ms
[3920.804s][info][gc,marking     ] GC(1003) Concurrent Mark
[3920.804s][info][gc,marking     ] GC(1003) Concurrent Mark From Roots
[3920.804s][info][gc,task        ] GC(1003) Using 2 workers of 2 for marking
.[3921.505s][info][gc,marking     ] GC(1003) Concurrent Mark From Roots 700.565ms
[3921.505s][info][gc,marking     ] GC(1003) Concurrent Preclean
[3921.505s][info][gc,marking     ] GC(1003) Concurrent Preclean 0.092ms
[3921.507s][info][gc,start       ] GC(1003) Pause Remark
[3921.511s][info][gc             ] GC(1003) Pause Remark 2177M->2177M(4096M) 4.178ms
[3921.512s][info][gc,cpu         ] GC(1003) User=0.02s Sys=0.00s Real=0.00s
[3921.512s][info][gc,marking     ] GC(1003) Concurrent Mark 707.201ms
[3921.512s][info][gc,marking     ] GC(1003) Concurrent Rebuild Remembered Sets and Scrub Regions
[3921.819s][info][gc,marking     ] GC(1003) Concurrent Rebuild Remembered Sets and Scrub Regions 307.673ms
[3921.820s][info][gc,start       ] GC(1003) Pause Cleanup
[3921.820s][info][gc             ] GC(1003) Pause Cleanup 2451M->2451M(4096M) 0.106ms
[3921.820s][info][gc,cpu         ] GC(1003) User=0.00s Sys=0.00s Real=0.00s
[3921.820s][info][gc,marking     ] GC(1003) Concurrent Clear Claimed Marks
[3921.820s][info][gc,marking     ] GC(1003) Concurrent Clear Claimed Marks 0.029ms
[3921.820s][info][gc,marking     ] GC(1003) Concurrent Cleanup for Next Mark
[3921.825s][info][gc,marking     ] GC(1003) Concurrent Cleanup for Next Mark 5.173ms
[3921.825s][info][gc             ] GC(1003) Concurrent Mark Cycle 1200.688ms
.[3923.184s][info][gc,start       ] GC(1004) Pause Young (Prepare Mixed) (G1 Evacuation Pause)
[3923.184s][info][gc,task        ] GC(1004) Using 6 workers of 6 for evacuation
[3923.309s][info][gc,phases      ] GC(1004)   Pre Evacuate Collection Set: 0.32ms
[3923.309s][info][gc,phases      ] GC(1004)   Merge Heap Roots: 0.48ms
[3923.309s][info][gc,phases      ] GC(1004)   Evacuate Collection Set: 122.66ms
[3923.309s][info][gc,phases      ] GC(1004)   Post Evacuate Collection Set: 0.95ms
[3923.309s][info][gc,phases      ] GC(1004)   Other: 0.09ms
[3923.309s][info][gc,heap        ] GC(1004) Eden regions: 1119->0(1098)
[3923.309s][info][gc,heap        ] GC(1004) Survivor regions: 109->115(154)
[3923.309s][info][gc,heap        ] GC(1004) Old regions: 506->537
[3923.309s][info][gc,heap        ] GC(1004) Humongous regions: 80->80
[3923.309s][info][gc,metaspace   ] GC(1004) Metaspace: 28881K(29248K)->28881K(29248K) NonClass: 24014K(24192K)->24014K(24192K) Class: 4867K(5056K)->4867K(5056K)
[3923.309s][info][gc             ] GC(1004) Pause Young (Prepare Mixed) (G1 Evacuation Pause) 3625M->1463M(4096M) 124.628ms
[3923.309s][info][gc,cpu         ] GC(1004) User=0.73s Sys=0.00s Real=0.13s
...[3925.927s][info][gc,start       ] GC(1005) Pause Young (Mixed) (G1 Evacuation Pause)
[3925.927s][info][gc,task        ] GC(1005) Using 6 workers of 6 for evacuation
[3926.060s][info][gc,phases      ] GC(1005)   Pre Evacuate Collection Set: 0.38ms
[3926.060s][info][gc,phases      ] GC(1005)   Merge Heap Roots: 0.73ms
[3926.060s][info][gc,phases      ] GC(1005)   Evacuate Collection Set: 130.97ms
[3926.060s][info][gc,phases      ] GC(1005)   Post Evacuate Collection Set: 0.95ms
[3926.060s][info][gc,phases      ] GC(1005)   Other: 0.09ms
[3926.061s][info][gc,heap        ] GC(1005) Eden regions: 1098->0(1120)
[3926.061s][info][gc,heap        ] GC(1005) Survivor regions: 115->108(152)
[3926.061s][info][gc,heap        ] GC(1005) Old regions: 537->476
[3926.061s][info][gc,heap        ] GC(1005) Humongous regions: 80->80
[3926.061s][info][gc,metaspace   ] GC(1005) Metaspace: 28881K(29248K)->28881K(29248K) NonClass: 24014K(24192K)->24014K(24192K) Class: 4867K(5056K)->4867K(5056K)
[3926.061s][info][gc             ] GC(1005) Pause Young (Mixed) (G1 Evacuation Pause) 3659M->1326M(4096M) 133.259ms
[3926.061s][info][gc,cpu         ] GC(1005) User=0.79s Sys=0.00s Real=0.13s
...[3928.593s][info][gc,start       ] GC(1006) Pause Young (Concurrent Start) (G1 Evacuation Pause)
[3928.593s][info][gc,task        ] GC(1006) Using 6 workers of 6 for evacuation
[3928.710s][info][gc,phases      ] GC(1006)   Pre Evacuate Collection Set: 0.41ms
[3928.710s][info][gc,phases      ] GC(1006)   Merge Heap Roots: 0.46ms
[3928.710s][info][gc,phases      ] GC(1006)   Evacuate Collection Set: 114.65ms
[3928.710s][info][gc,phases      ] GC(1006)   Post Evacuate Collection Set: 0.88ms
[3928.710s][info][gc,phases      ] GC(1006)   Other: 0.12ms
[3928.710s][info][gc,heap        ] GC(1006) Eden regions: 1120->0(1120)
[3928.710s][info][gc,heap        ] GC(1006) Survivor regions: 108->108(154)
[3928.710s][info][gc,heap        ] GC(1006) Old regions: 476->509
[3928.710s][info][gc,heap        ] GC(1006) Humongous regions: 80->80
[3928.710s][info][gc,metaspace   ] GC(1006) Metaspace: 28881K(29248K)->28881K(29248K) NonClass: 24014K(24192K)->24014K(24192K) Class: 4867K(5056K)->4867K(5056K)
[3928.710s][info][gc             ] GC(1006) Pause Young (Concurrent Start) (G1 Evacuation Pause) 3566M->1392M(4096M) 116.651ms
[3928.710s][info][gc             ] GC(1007) Concurrent Mark Cycle
[3928.710s][info][gc,marking     ] GC(1007) Concurrent Scan Root Regions
[3928.710s][info][gc,cpu         ] GC(1006) User=0.69s Sys=0.00s Real=0.12s
[3928.891s][info][gc,marking     ] GC(1007) Concurrent Scan Root Regions 181.523ms
[3928.891s][info][gc,marking     ] GC(1007) Concurrent Mark
[3928.891s][info][gc,marking     ] GC(1007) Concurrent Mark From Roots
[3928.891s][info][gc,task        ] GC(1007) Using 2 workers of 2 for marking
.[3929.820s][info][gc,marking     ] GC(1007) Concurrent Mark From Roots 928.629ms
[3929.820s][info][gc,marking     ] GC(1007) Concurrent Preclean
[3929.820s][info][gc,marking     ] GC(1007) Concurrent Preclean 0.077ms
[3929.820s][info][gc,start       ] GC(1007) Pause Remark
[3929.825s][info][gc             ] GC(1007) Pause Remark 2349M->2349M(4096M) 4.929ms
[3929.825s][info][gc,cpu         ] GC(1007) User=0.03s Sys=0.00s Real=0.00s
[3929.825s][info][gc,marking     ] GC(1007) Concurrent Mark 933.922ms
[3929.825s][info][gc,marking     ] GC(1007) Concurrent Rebuild Remembered Sets and Scrub Regions
[3930.084s][info][gc,marking     ] GC(1007) Concurrent Rebuild Remembered Sets and Scrub Regions 258.190ms
[3930.085s][info][gc,start       ] GC(1007) Pause Cleanup
[3930.085s][info][gc             ] GC(1007) Pause Cleanup 2556M->2556M(4096M) 0.124ms
[3930.085s][info][gc,cpu         ] GC(1007) User=0.00s Sys=0.00s Real=0.00s
[3930.085s][info][gc,marking     ] GC(1007) Concurrent Clear Claimed Marks
[3930.085s][info][gc,marking     ] GC(1007) Concurrent Clear Claimed Marks 0.034ms
[3930.085s][info][gc,marking     ] GC(1007) Concurrent Cleanup for Next Mark
[3930.090s][info][gc,marking     ] GC(1007) Concurrent Cleanup for Next Mark 4.766ms
[3930.090s][info][gc             ] GC(1007) Concurrent Mark Cycle 1380.358ms
.[3931.377s][info][gc,start       ] GC(1008) Pause Young (Prepare Mixed) (G1 Evacuation Pause)
[3931.377s][info][gc,task        ] GC(1008) Using 6 workers of 6 for evacuation
[3931.497s][info][gc,phases      ] GC(1008)   Pre Evacuate Collection Set: 0.33ms
[3931.497s][info][gc,phases      ] GC(1008)   Merge Heap Roots: 0.49ms
[3931.497s][info][gc,phases      ] GC(1008)   Evacuate Collection Set: 118.75ms
[3931.497s][info][gc,phases      ] GC(1008)   Post Evacuate Collection Set: 0.89ms
[3931.497s][info][gc,phases      ] GC(1008)   Other: 0.09ms
[3931.497s][info][gc,heap        ] GC(1008) Eden regions: 1120->0(1101)
[3931.497s][info][gc,heap        ] GC(1008) Survivor regions: 108->112(154)
[3931.497s][info][gc,heap        ] GC(1008) Old regions: 509->540
[3931.497s][info][gc,heap        ] GC(1008) Humongous regions: 80->80
[3931.497s][info][gc,metaspace   ] GC(1008) Metaspace: 28881K(29248K)->28881K(29248K) NonClass: 24014K(24192K)->24014K(24192K) Class: 4867K(5056K)->4867K(5056K)
[3931.497s][info][gc             ] GC(1008) Pause Young (Prepare Mixed) (G1 Evacuation Pause) 3632M->1462M(4096M) 120.686ms
[3931.497s][info][gc,cpu         ] GC(1008) User=0.71s Sys=0.00s Real=0.13s
...[3934.034s][info][gc,start       ] GC(1009) Pause Young (Mixed) (G1 Evacuation Pause)
[3934.034s][info][gc,task        ] GC(1009) Using 6 workers of 6 for evacuation
[3934.167s][info][gc,phases      ] GC(1009)   Pre Evacuate Collection Set: 0.36ms
[3934.167s][info][gc,phases      ] GC(1009)   Merge Heap Roots: 0.64ms
[3934.167s][info][gc,phases      ] GC(1009)   Evacuate Collection Set: 130.35ms
[3934.167s][info][gc,phases      ] GC(1009)   Post Evacuate Collection Set: 0.94ms
[3934.167s][info][gc,phases      ] GC(1009)   Other: 0.08ms
[3934.167s][info][gc,heap        ] GC(1009) Eden regions: 1101->0(1117)
[3934.167s][info][gc,heap        ] GC(1009) Survivor regions: 112->111(152)
[3934.167s][info][gc,heap        ] GC(1009) Old regions: 540->473
[3934.167s][info][gc,heap        ] GC(1009) Humongous regions: 80->80
[3934.167s][info][gc,metaspace   ] GC(1009) Metaspace: 28881K(29248K)->28881K(29248K) NonClass: 24014K(24192K)->24014K(24192K) Class: 4867K(5056K)->4867K(5056K)
[3934.167s][info][gc             ] GC(1009) Pause Young (Mixed) (G1 Evacuation Pause) 3664M->1326M(4096M) 132.532ms
[3934.167s][info][gc,cpu         ] GC(1009) User=0.78s Sys=0.00s Real=0.13s
...[3936.717s][info][gc,start       ] GC(1010) Pause Young (Concurrent Start) (G1 Evacuation Pause)
[3936.717s][info][gc,task        ] GC(1010) Using 6 workers of 6 for evacuation
[3936.833s][info][gc,phases      ] GC(1010)   Pre Evacuate Collection Set: 0.37ms
[3936.833s][info][gc,phases      ] GC(1010)   Merge Heap Roots: 0.44ms
[3936.833s][info][gc,phases      ] GC(1010)   Evacuate Collection Set: 114.22ms
[3936.833s][info][gc,phases      ] GC(1010)   Post Evacuate Collection Set: 0.89ms
[3936.833s][info][gc,phases      ] GC(1010)   Other: 0.13ms
[3936.833s][info][gc,heap        ] GC(1010) Eden regions: 1117->0(1119)
[3936.833s][info][gc,heap        ] GC(1010) Survivor regions: 111->109(154)
[3936.833s][info][gc,heap        ] GC(1010) Old regions: 473->506
[3936.833s][info][gc,heap        ] GC(1010) Humongous regions: 80->80
[3936.833s][info][gc,metaspace   ] GC(1010) Metaspace: 28881K(29248K)->28881K(29248K) NonClass: 24014K(24192K)->24014K(24192K) Class: 4867K(5056K)->4867K(5056K)
[3936.833s][info][gc             ] GC(1010) Pause Young (Concurrent Start) (G1 Evacuation Pause) 3560M->1388M(4096M) 116.177ms
[3936.834s][info][gc             ] GC(1011) Concurrent Mark Cycle
[3936.834s][info][gc,marking     ] GC(1011) Concurrent Scan Root Regions
[3936.834s][info][gc,cpu         ] GC(1010) User=0.69s Sys=0.00s Real=0.11s
[3936.977s][info][gc,marking     ] GC(1011) Concurrent Scan Root Regions 143.151ms
[3936.977s][info][gc,marking     ] GC(1011) Concurrent Mark
[3936.977s][info][gc,marking     ] GC(1011) Concurrent Mark From Roots
[3936.977s][info][gc,task        ] GC(1011) Using 2 workers of 2 for marking
.[3937.677s][info][gc,marking     ] GC(1011) Concurrent Mark From Roots 700.337ms
[3937.677s][info][gc,marking     ] GC(1011) Concurrent Preclean
[3937.677s][info][gc,marking     ] GC(1011) Concurrent Preclean 0.084ms
[3937.678s][info][gc,start       ] GC(1011) Pause Remark
[3937.682s][info][gc             ] GC(1011) Pause Remark 2118M->2118M(4096M) 3.693ms
[3937.682s][info][gc,cpu         ] GC(1011) User=0.02s Sys=0.00s Real=0.00s
[3937.682s][info][gc,marking     ] GC(1011) Concurrent Mark 705.193ms
[3937.682s][info][gc,marking     ] GC(1011) Concurrent Rebuild Remembered Sets and Scrub Regions
[3938.040s][info][gc,marking     ] GC(1011) Concurrent Rebuild Remembered Sets and Scrub Regions 358.340ms
[3938.041s][info][gc,start       ] GC(1011) Pause Cleanup
[3938.041s][info][gc             ] GC(1011) Pause Cleanup 2467M->2467M(4096M) 0.130ms
[3938.041s][info][gc,cpu         ] GC(1011) User=0.00s Sys=0.00s Real=0.00s
[3938.043s][info][gc,marking     ] GC(1011) Concurrent Clear Claimed Marks
[3938.043s][info][gc,marking     ] GC(1011) Concurrent Clear Claimed Marks 0.058ms
[3938.043s][info][gc,marking     ] GC(1011) Concurrent Cleanup for Next Mark
[3938.051s][info][gc,marking     ] GC(1011) Concurrent Cleanup for Next Mark 7.782ms
[3938.051s][info][gc             ] GC(1011) Concurrent Mark Cycle 1217.178ms
.[3939.449s][info][gc,start       ] GC(1012) Pause Young (Prepare Mixed) (G1 Evacuation Pause)
[3939.449s][info][gc,task        ] GC(1012) Using 6 workers of 6 for evacuation
[3939.565s][info][gc,phases      ] GC(1012)   Pre Evacuate Collection Set: 0.32ms
[3939.565s][info][gc,phases      ] GC(1012)   Merge Heap Roots: 0.48ms
[3939.565s][info][gc,phases      ] GC(1012)   Evacuate Collection Set: 113.90ms
[3939.565s][info][gc,phases      ] GC(1012)   Post Evacuate Collection Set: 0.92ms
[3939.565s][info][gc,phases      ] GC(1012)   Other: 0.09ms
[3939.565s][info][gc,heap        ] GC(1012) Eden regions: 1119->0(1113)
[3939.565s][info][gc,heap        ] GC(1012) Survivor regions: 109->107(154)
[3939.565s][info][gc,heap        ] GC(1012) Old regions: 506->538
[3939.565s][info][gc,heap        ] GC(1012) Humongous regions: 80->80
[3939.565s][info][gc,metaspace   ] GC(1012) Metaspace: 28881K(29248K)->28881K(29248K) NonClass: 24014K(24192K)->24014K(24192K) Class: 4867K(5056K)->4867K(5056K)
[3939.565s][info][gc             ] GC(1012) Pause Young (Prepare Mixed) (G1 Evacuation Pause) 3626M->1447M(4096M) 115.872ms
[3939.565s][info][gc,cpu         ] GC(1012) User=0.68s Sys=0.00s Real=0.11s
...[3942.118s][info][gc,start       ] GC(1013) Pause Young (Mixed) (G1 Evacuation Pause)
[3942.118s][info][gc,task        ] GC(1013) Using 6 workers of 6 for evacuation
[3942.255s][info][gc,phases      ] GC(1013)   Pre Evacuate Collection Set: 0.35ms
[3942.255s][info][gc,phases      ] GC(1013)   Merge Heap Roots: 0.66ms
[3942.255s][info][gc,phases      ] GC(1013)   Evacuate Collection Set: 135.56ms
[3942.255s][info][gc,phases      ] GC(1013)   Post Evacuate Collection Set: 0.89ms
[3942.255s][info][gc,phases      ] GC(1013)   Other: 0.10ms
[3942.255s][info][gc,heap        ] GC(1013) Eden regions: 1113->0(1116)
[3942.255s][info][gc,heap        ] GC(1013) Survivor regions: 107->112(153)
[3942.255s][info][gc,heap        ] GC(1013) Old regions: 538->474
[3942.256s][info][gc,heap        ] GC(1013) Humongous regions: 80->80
[3942.256s][info][gc,metaspace   ] GC(1013) Metaspace: 28881K(29248K)->28881K(29248K) NonClass: 24014K(24192K)->24014K(24192K) Class: 4867K(5056K)->4867K(5056K)
[3942.256s][info][gc             ] GC(1013) Pause Young (Mixed) (G1 Evacuation Pause) 3673M->1330M(4096M) 137.703ms
[3942.256s][info][gc,cpu         ] GC(1013) User=0.81s Sys=0.00s Real=0.13s
...[3944.926s][info][gc,start       ] GC(1014) Pause Young (Concurrent Start) (G1 Evacuation Pause)
[3944.926s][info][gc,task        ] GC(1014) Using 6 workers of 6 for evacuation
[3945.044s][info][gc,phases      ] GC(1014)   Pre Evacuate Collection Set: 0.36ms
[3945.044s][info][gc,phases      ] GC(1014)   Merge Heap Roots: 0.45ms
[3945.044s][info][gc,phases      ] GC(1014)   Evacuate Collection Set: 115.62ms
[3945.044s][info][gc,phases      ] GC(1014)   Post Evacuate Collection Set: 0.89ms
[3945.044s][info][gc,phases      ] GC(1014)   Other: 0.10ms
[3945.044s][info][gc,heap        ] GC(1014) Eden regions: 1116->0(1119)
[3945.044s][info][gc,heap        ] GC(1014) Survivor regions: 112->109(154)
[3945.044s][info][gc,heap        ] GC(1014) Old regions: 474->505
[3945.044s][info][gc,heap        ] GC(1014) Humongous regions: 80->80
[3945.044s][info][gc,metaspace   ] GC(1014) Metaspace: 28881K(29248K)->28881K(29248K) NonClass: 24014K(24192K)->24014K(24192K) Class: 4867K(5056K)->4867K(5056K)
[3945.044s][info][gc             ] GC(1014) Pause Young (Concurrent Start) (G1 Evacuation Pause) 3562M->1386M(4096M) 117.545ms
[3945.044s][info][gc             ] GC(1015) Concurrent Mark Cycle
[3945.044s][info][gc,marking     ] GC(1015) Concurrent Scan Root Regions
[3945.044s][info][gc,cpu         ] GC(1014) User=0.70s Sys=0.00s Real=0.12s
[3945.181s][info][gc,marking     ] GC(1015) Concurrent Scan Root Regions 137.342ms
[3945.181s][info][gc,marking     ] GC(1015) Concurrent Mark
[3945.181s][info][gc,marking     ] GC(1015) Concurrent Mark From Roots
[3945.181s][info][gc,task        ] GC(1015) Using 2 workers of 2 for marking
.[3945.878s][info][gc,marking     ] GC(1015) Concurrent Mark From Roots 696.613ms
[3945.878s][info][gc,marking     ] GC(1015) Concurrent Preclean
[3945.878s][info][gc,marking     ] GC(1015) Concurrent Preclean 0.084ms
[3945.878s][info][gc,start       ] GC(1015) Pause Remark
[3945.880s][info][gc             ] GC(1015) Pause Remark 2145M->2145M(4096M) 2.096ms
[3945.880s][info][gc,cpu         ] GC(1015) User=0.01s Sys=0.00s Real=0.00s
[3945.881s][info][gc,marking     ] GC(1015) Concurrent Mark 699.393ms
[3945.881s][info][gc,marking     ] GC(1015) Concurrent Rebuild Remembered Sets and Scrub Regions
[3946.090s][info][gc,marking     ] GC(1015) Concurrent Rebuild Remembered Sets and Scrub Regions 209.746ms
[3946.091s][info][gc,start       ] GC(1015) Pause Cleanup
[3946.091s][info][gc             ] GC(1015) Pause Cleanup 2290M->2290M(4096M) 0.124ms
[3946.091s][info][gc,cpu         ] GC(1015) User=0.00s Sys=0.00s Real=0.00s
[3946.091s][info][gc,marking     ] GC(1015) Concurrent Clear Claimed Marks
[3946.091s][info][gc,marking     ] GC(1015) Concurrent Clear Claimed Marks 0.026ms
[3946.091s][info][gc,marking     ] GC(1015) Concurrent Cleanup for Next Mark
[3946.096s][info][gc,marking     ] GC(1015) Concurrent Cleanup for Next Mark 4.937ms
[3946.096s][info][gc             ] GC(1015) Concurrent Mark Cycle 1052.580ms
.[3947.610s][info][gc,start       ] GC(1016) Pause Young (Prepare Mixed) (G1 Evacuation Pause)
[3947.610s][info][gc,task        ] GC(1016) Using 6 workers of 6 for evacuation
[3947.725s][info][gc,phases      ] GC(1016)   Pre Evacuate Collection Set: 0.33ms
[3947.725s][info][gc,phases      ] GC(1016)   Merge Heap Roots: 0.49ms
[3947.725s][info][gc,phases      ] GC(1016)   Evacuate Collection Set: 113.10ms
[3947.725s][info][gc,phases      ] GC(1016)   Post Evacuate Collection Set: 0.90ms
[3947.725s][info][gc,phases      ] GC(1016)   Other: 0.09ms
[3947.725s][info][gc,heap        ] GC(1016) Eden regions: 1119->0(1113)
[3947.725s][info][gc,heap        ] GC(1016) Survivor regions: 109->108(154)
[3947.725s][info][gc,heap        ] GC(1016) Old regions: 505->536
[3947.725s][info][gc,heap        ] GC(1016) Humongous regions: 80->80
[3947.725s][info][gc,metaspace   ] GC(1016) Metaspace: 28881K(29248K)->28881K(29248K) NonClass: 24014K(24192K)->24014K(24192K) Class: 4867K(5056K)->4867K(5056K)
[3947.725s][info][gc             ] GC(1016) Pause Young (Prepare Mixed) (G1 Evacuation Pause) 3624M->1446M(4096M) 115.066ms
[3947.725s][info][gc,cpu         ] GC(1016) User=0.68s Sys=0.00s Real=0.11s
...[3950.275s][info][gc,start       ] GC(1017) Pause Young (Mixed) (G1 Evacuation Pause)
[3950.275s][info][gc,task        ] GC(1017) Using 6 workers of 6 for evacuation
[3950.410s][info][gc,phases      ] GC(1017)   Pre Evacuate Collection Set: 0.38ms
[3950.410s][info][gc,phases      ] GC(1017)   Merge Heap Roots: 0.61ms
[3950.410s][info][gc,phases      ] GC(1017)   Evacuate Collection Set: 132.72ms
[3950.410s][info][gc,phases      ] GC(1017)   Post Evacuate Collection Set: 0.94ms
[3950.410s][info][gc,phases      ] GC(1017)   Other: 0.08ms
[3950.410s][info][gc,heap        ] GC(1017) Eden regions: 1113->0(1118)
[3950.410s][info][gc,heap        ] GC(1017) Survivor regions: 108->110(153)
[3950.410s][info][gc,heap        ] GC(1017) Old regions: 536->473
[3950.410s][info][gc,heap        ] GC(1017) Humongous regions: 80->80
[3950.410s][info][gc,metaspace   ] GC(1017) Metaspace: 28881K(29248K)->28881K(29248K) NonClass: 24014K(24192K)->24014K(24192K) Class: 4867K(5056K)->4867K(5056K)
[3950.410s][info][gc             ] GC(1017) Pause Young (Mixed) (G1 Evacuation Pause) 3672M->1323M(4096M) 134.874ms
[3950.410s][info][gc,cpu         ] GC(1017) User=0.80s Sys=0.00s Real=0.14s
...[3953.051s][info][gc,start       ] GC(1018) Pause Young (Concurrent Start) (G1 Evacuation Pause)
[3953.051s][info][gc,task        ] GC(1018) Using 6 workers of 6 for evacuation
[3953.169s][info][gc,phases      ] GC(1018)   Pre Evacuate Collection Set: 0.41ms
[3953.169s][info][gc,phases      ] GC(1018)   Merge Heap Roots: 0.50ms
[3953.169s][info][gc,phases      ] GC(1018)   Evacuate Collection Set: 116.02ms
[3953.169s][info][gc,phases      ] GC(1018)   Post Evacuate Collection Set: 0.89ms
[3953.169s][info][gc,phases      ] GC(1018)   Other: 0.12ms
[3953.169s][info][gc,heap        ] GC(1018) Eden regions: 1118->0(1118)
[3953.169s][info][gc,heap        ] GC(1018) Survivor regions: 110->110(154)
[3953.169s][info][gc,heap        ] GC(1018) Old regions: 473->504
[3953.169s][info][gc,heap        ] GC(1018) Humongous regions: 80->80
[3953.169s][info][gc,metaspace   ] GC(1018) Metaspace: 28881K(29248K)->28881K(29248K) NonClass: 24014K(24192K)->24014K(24192K) Class: 4867K(5056K)->4867K(5056K)
[3953.169s][info][gc             ] GC(1018) Pause Young (Concurrent Start) (G1 Evacuation Pause) 3559M->1386M(4096M) 118.095ms
[3953.169s][info][gc             ] GC(1019) Concurrent Mark Cycle
[3953.169s][info][gc,marking     ] GC(1019) Concurrent Scan Root Regions
[3953.169s][info][gc,cpu         ] GC(1018) User=0.70s Sys=0.00s Real=0.12s
[3953.313s][info][gc,marking     ] GC(1019) Concurrent Scan Root Regions 143.309ms
[3953.313s][info][gc,marking     ] GC(1019) Concurrent Mark
[3953.313s][info][gc,marking     ] GC(1019) Concurrent Mark From Roots
[3953.313s][info][gc,task        ] GC(1019) Using 2 workers of 2 for marking
.[3954.046s][info][gc,marking     ] GC(1019) Concurrent Mark From Roots 733.334ms
[3954.046s][info][gc,marking     ] GC(1019) Concurrent Preclean
[3954.046s][info][gc,marking     ] GC(1019) Concurrent Preclean 0.083ms
[3954.047s][info][gc,start       ] GC(1019) Pause Remark
[3954.052s][info][gc             ] GC(1019) Pause Remark 2116M->2116M(4096M) 4.432ms
[3954.052s][info][gc,cpu         ] GC(1019) User=0.02s Sys=0.00s Real=0.00s
[3954.052s][info][gc,marking     ] GC(1019) Concurrent Mark 739.174ms
[3954.052s][info][gc,marking     ] GC(1019) Concurrent Rebuild Remembered Sets and Scrub Regions
[3954.317s][info][gc,marking     ] GC(1019) Concurrent Rebuild Remembered Sets and Scrub Regions 265.667ms
[3954.318s][info][gc,start       ] GC(1019) Pause Cleanup
[3954.318s][info][gc             ] GC(1019) Pause Cleanup 2369M->2369M(4096M) 0.118ms
[3954.318s][info][gc,cpu         ] GC(1019) User=0.00s Sys=0.00s Real=0.00s
[3954.318s][info][gc,marking     ] GC(1019) Concurrent Clear Claimed Marks
[3954.318s][info][gc,marking     ] GC(1019) Concurrent Clear Claimed Marks 0.026ms
[3954.318s][info][gc,marking     ] GC(1019) Concurrent Cleanup for Next Mark
[3954.324s][info][gc,marking     ] GC(1019) Concurrent Cleanup for Next Mark 5.720ms
[3954.324s][info][gc             ] GC(1019) Concurrent Mark Cycle 1154.426ms
.[3955.727s][info][gc,start       ] GC(1020) Pause Young (Prepare Mixed) (G1 Evacuation Pause)
[3955.727s][info][gc,task        ] GC(1020) Using 6 workers of 6 for evacuation
[3955.844s][info][gc,phases      ] GC(1020)   Pre Evacuate Collection Set: 0.35ms
[3955.844s][info][gc,phases      ] GC(1020)   Merge Heap Roots: 0.52ms
[3955.844s][info][gc,phases      ] GC(1020)   Evacuate Collection Set: 114.61ms
[3955.844s][info][gc,phases      ] GC(1020)   Post Evacuate Collection Set: 0.93ms
[3955.844s][info][gc,phases      ] GC(1020)   Other: 0.08ms
[3955.844s][info][gc,heap        ] GC(1020) Eden regions: 1118->0(1111)
[3955.844s][info][gc,heap        ] GC(1020) Survivor regions: 110->109(154)
[3955.844s][info][gc,heap        ] GC(1020) Old regions: 504->536
[3955.844s][info][gc,heap        ] GC(1020) Humongous regions: 80->80
[3955.844s][info][gc,metaspace   ] GC(1020) Metaspace: 28881K(29248K)->28881K(29248K) NonClass: 24014K(24192K)->24014K(24192K) Class: 4867K(5056K)->4867K(5056K)
[3955.844s][info][gc             ] GC(1020) Pause Young (Prepare Mixed) (G1 Evacuation Pause) 3622M->1447M(4096M) 116.640ms
[3955.844s][info][gc,cpu         ] GC(1020) User=0.69s Sys=0.00s Real=0.11s
...[3958.400s][info][gc,start       ] GC(1021) Pause Young (Mixed) (G1 Evacuation Pause)
[3958.400s][info][gc,task        ] GC(1021) Using 6 workers of 6 for evacuation
[3958.536s][info][gc,phases      ] GC(1021)   Pre Evacuate Collection Set: 0.35ms
[3958.536s][info][gc,phases      ] GC(1021)   Merge Heap Roots: 0.72ms
[3958.536s][info][gc,phases      ] GC(1021)   Evacuate Collection Set: 133.41ms
[3958.536s][info][gc,phases      ] GC(1021)   Post Evacuate Collection Set: 0.96ms
[3958.536s][info][gc,phases      ] GC(1021)   Other: 0.08ms
[3958.536s][info][gc,heap        ] GC(1021) Eden regions: 1111->0(1119)
[3958.536s][info][gc,heap        ] GC(1021) Survivor regions: 109->109(153)
[3958.536s][info][gc,heap        ] GC(1021) Old regions: 536->473
[3958.536s][info][gc,heap        ] GC(1021) Humongous regions: 80->80
[3958.536s][info][gc,metaspace   ] GC(1021) Metaspace: 28881K(29248K)->28881K(29248K) NonClass: 24014K(24192K)->24014K(24192K) Class: 4867K(5056K)->4867K(5056K)
[3958.536s][info][gc             ] GC(1021) Pause Young (Mixed) (G1 Evacuation Pause) 3669M->1323M(4096M) 135.663ms
[3958.536s][info][gc,cpu         ] GC(1021) User=0.80s Sys=0.00s Real=0.13s
... (rIR:aIR:PR = 6918:6931:6931) (tPR = 103048) [OK] 
  3960s: Performance info:
         Transaction,    Success,    Partial,     Failed,   Receipts, AvgBarcode, 
             Overall,     415956,          0,          0,     395238,      59.47, 
         Response times:
             Request,    Success,    Partial,     Failed,   SkipFail,     Probes,    Samples,      min,      p50,      p90,      p95,      p99,      max, 
       TotalPurchase,     395238,          0,          0,          0,     358111,     392460,      300,     5700,    41000,    69000,   113000,   258000,
     InStorePurchase,     208343,          0,          0,          0,     188929,     206683,      300,     6000,    42000,    69000,   114000,   258000,
      OnlinePurchase,     145389,          0,          0,          0,     131220,     143901,      300,     5400,    39000,    68000,   112000,   236000,
        InstPurchase,      41506,          0,          0,          0,      37962,      41876,      400,     5400,    39000,    66150,   109000,   231000,
          AssocOfCat,        415,          0,          0,          0,        335,        437,    22000,    36000,    86200,   119000,   159860,   210000,
      AssocOfProduct,       4150,          0,          0,          0,       3877,       4498,      500,     5900,    42000,    65000,   112000,   212000,
      BusinessReport,       1029,          0,          0,          0,        880,       1060,    27000,    42000,   112000,   154950,   207780,   256000,
          CustBuyBeh,       4155,          0,          0,          0,       3843,       4399,      200,     4900,    37000,    63000,   101000,   184000,
       ProductReturn,      10969,          0,          0,          0,       9352,      10569,      200,     5300,    38000,    67000,   114000,   223000,

  3960s: (51%)   IR =   7057 [3961.176s][info][gc,start       ] GC(1022) Pause Young (Concurrent Start) (G1 Evacuation Pause)
[3961.176s][info][gc,task        ] GC(1022) Using 6 workers of 6 for evacuation
[3961.303s][info][gc,phases      ] GC(1022)   Pre Evacuate Collection Set: 0.36ms
[3961.303s][info][gc,phases      ] GC(1022)   Merge Heap Roots: 0.45ms
[3961.303s][info][gc,phases      ] GC(1022)   Evacuate Collection Set: 124.61ms
[3961.303s][info][gc,phases      ] GC(1022)   Post Evacuate Collection Set: 0.88ms
[3961.303s][info][gc,phases      ] GC(1022)   Other: 0.10ms
[3961.303s][info][gc,heap        ] GC(1022) Eden regions: 1119->0(1111)
[3961.303s][info][gc,heap        ] GC(1022) Survivor regions: 109->117(154)
[3961.303s][info][gc,heap        ] GC(1022) Old regions: 473->504
[3961.303s][info][gc,heap        ] GC(1022) Humongous regions: 80->80
[3961.303s][info][gc,metaspace   ] GC(1022) Metaspace: 28882K(29248K)->28882K(29248K) NonClass: 24015K(24192K)->24015K(24192K) Class: 4867K(5056K)->4867K(5056K)
[3961.303s][info][gc             ] GC(1022) Pause Young (Concurrent Start) (G1 Evacuation Pause) 3561M->1401M(4096M) 126.531ms
[3961.303s][info][gc             ] GC(1023) Concurrent Mark Cycle
[3961.303s][info][gc,marking     ] GC(1023) Concurrent Scan Root Regions
[3961.303s][info][gc,cpu         ] GC(1022) User=0.75s Sys=0.00s Real=0.13s
[3961.449s][info][gc,marking     ] GC(1023) Concurrent Scan Root Regions 146.465ms
[3961.450s][info][gc,marking     ] GC(1023) Concurrent Mark
[3961.450s][info][gc,marking     ] GC(1023) Concurrent Mark From Roots
[3961.450s][info][gc,task        ] GC(1023) Using 2 workers of 2 for marking
.[3962.188s][info][gc,marking     ] GC(1023) Concurrent Mark From Roots 738.797ms
[3962.188s][info][gc,marking     ] GC(1023) Concurrent Preclean
[3962.189s][info][gc,marking     ] GC(1023) Concurrent Preclean 0.129ms
[3962.190s][info][gc,start       ] GC(1023) Pause Remark
[3962.195s][info][gc             ] GC(1023) Pause Remark 2157M->2157M(4096M) 4.131ms
[3962.195s][info][gc,cpu         ] GC(1023) User=0.02s Sys=0.00s Real=0.00s
[3962.195s][info][gc,marking     ] GC(1023) Concurrent Mark 745.126ms
[3962.195s][info][gc,marking     ] GC(1023) Concurrent Rebuild Remembered Sets and Scrub Regions
[3962.467s][info][gc,marking     ] GC(1023) Concurrent Rebuild Remembered Sets and Scrub Regions 272.718ms
[3962.469s][info][gc,start       ] GC(1023) Pause Cleanup
[3962.469s][info][gc             ] GC(1023) Pause Cleanup 2425M->2425M(4096M) 0.120ms
[3962.469s][info][gc,cpu         ] GC(1023) User=0.00s Sys=0.00s Real=0.00s
[3962.469s][info][gc,marking     ] GC(1023) Concurrent Clear Claimed Marks
[3962.469s][info][gc,marking     ] GC(1023) Concurrent Clear Claimed Marks 0.031ms
[3962.469s][info][gc,marking     ] GC(1023) Concurrent Cleanup for Next Mark
[3962.476s][info][gc,marking     ] GC(1023) Concurrent Cleanup for Next Mark 7.444ms
[3962.477s][info][gc             ] GC(1023) Concurrent Mark Cycle 1173.515ms
.[3963.802s][info][gc,start       ] GC(1024) Pause Young (Prepare Mixed) (G1 Evacuation Pause)
[3963.802s][info][gc,task        ] GC(1024) Using 6 workers of 6 for evacuation
[3963.921s][info][gc,phases      ] GC(1024)   Pre Evacuate Collection Set: 0.31ms
[3963.921s][info][gc,phases      ] GC(1024)   Merge Heap Roots: 0.55ms
[3963.921s][info][gc,phases      ] GC(1024)   Evacuate Collection Set: 117.57ms
[3963.921s][info][gc,phases      ] GC(1024)   Post Evacuate Collection Set: 0.94ms
[3963.921s][info][gc,phases      ] GC(1024)   Other: 0.08ms
[3963.921s][info][gc,heap        ] GC(1024) Eden regions: 1111->0(1110)
[3963.921s][info][gc,heap        ] GC(1024) Survivor regions: 117->110(154)
[3963.921s][info][gc,heap        ] GC(1024) Old regions: 504->535
[3963.921s][info][gc,heap        ] GC(1024) Humongous regions: 80->80
[3963.921s][info][gc,metaspace   ] GC(1024) Metaspace: 28882K(29248K)->28882K(29248K) NonClass: 24015K(24192K)->24015K(24192K) Class: 4867K(5056K)->4867K(5056K)
[3963.921s][info][gc             ] GC(1024) Pause Young (Prepare Mixed) (G1 Evacuation Pause) 3623M->1449M(4096M) 119.610ms
[3963.921s][info][gc,cpu         ] GC(1024) User=0.71s Sys=0.00s Real=0.12s
...[3966.416s][info][gc,start       ] GC(1025) Pause Young (Mixed) (G1 Evacuation Pause)
[3966.416s][info][gc,task        ] GC(1025) Using 6 workers of 6 for evacuation
[3966.548s][info][gc,phases      ] GC(1025)   Pre Evacuate Collection Set: 0.39ms
[3966.548s][info][gc,phases      ] GC(1025)   Merge Heap Roots: 0.75ms
[3966.548s][info][gc,phases      ] GC(1025)   Evacuate Collection Set: 130.13ms
[3966.548s][info][gc,phases      ] GC(1025)   Post Evacuate Collection Set: 0.94ms
[3966.548s][info][gc,phases      ] GC(1025)   Other: 0.10ms
[3966.548s][info][gc,heap        ] GC(1025) Eden regions: 1110->0(1122)
[3966.548s][info][gc,heap        ] GC(1025) Survivor regions: 110->106(153)
[3966.548s][info][gc,heap        ] GC(1025) Old regions: 535->474
[3966.548s][info][gc,heap        ] GC(1025) Humongous regions: 80->80
[3966.548s][info][gc,metaspace   ] GC(1025) Metaspace: 28882K(29248K)->28882K(29248K) NonClass: 24015K(24192K)->24015K(24192K) Class: 4867K(5056K)->4867K(5056K)
[3966.548s][info][gc             ] GC(1025) Pause Young (Mixed) (G1 Evacuation Pause) 3669M->1318M(4096M) 132.453ms
[3966.548s][info][gc,cpu         ] GC(1025) User=0.78s Sys=0.00s Real=0.14s
...[3969.090s][info][gc,start       ] GC(1026) Pause Young (Concurrent Start) (G1 Evacuation Pause)
[3969.090s][info][gc,task        ] GC(1026) Using 6 workers of 6 for evacuation
[3969.211s][info][gc,phases      ] GC(1026)   Pre Evacuate Collection Set: 0.37ms
[3969.211s][info][gc,phases      ] GC(1026)   Merge Heap Roots: 0.44ms
[3969.211s][info][gc,phases      ] GC(1026)   Evacuate Collection Set: 119.40ms
[3969.211s][info][gc,phases      ] GC(1026)   Post Evacuate Collection Set: 0.88ms
[3969.211s][info][gc,phases      ] GC(1026)   Other: 0.13ms
[3969.211s][info][gc,heap        ] GC(1026) Eden regions: 1122->0(1115)
[3969.211s][info][gc,heap        ] GC(1026) Survivor regions: 106->113(154)
[3969.211s][info][gc,heap        ] GC(1026) Old regions: 474->506
[3969.211s][info][gc,heap        ] GC(1026) Humongous regions: 80->80
[3969.211s][info][gc,metaspace   ] GC(1026) Metaspace: 28882K(29248K)->28882K(29248K) NonClass: 24015K(24192K)->24015K(24192K) Class: 4867K(5056K)->4867K(5056K)
[3969.211s][info][gc             ] GC(1026) Pause Young (Concurrent Start) (G1 Evacuation Pause) 3562M->1396M(4096M) 121.375ms
[3969.211s][info][gc             ] GC(1027) Concurrent Mark Cycle
[3969.212s][info][gc,marking     ] GC(1027) Concurrent Scan Root Regions
[3969.212s][info][gc,cpu         ] GC(1026) User=0.71s Sys=0.00s Real=0.12s
[3969.361s][info][gc,marking     ] GC(1027) Concurrent Scan Root Regions 149.806ms
[3969.361s][info][gc,marking     ] GC(1027) Concurrent Mark
[3969.361s][info][gc,marking     ] GC(1027) Concurrent Mark From Roots
[3969.361s][info][gc,task        ] GC(1027) Using 2 workers of 2 for marking
[3970.084s][info][gc,marking     ] GC(1027) Concurrent Mark From Roots 722.152ms
[3970.084s][info][gc,marking     ] GC(1027) Concurrent Preclean
.[3970.084s][info][gc,marking     ] GC(1027) Concurrent Preclean 0.085ms
[3970.084s][info][gc,start       ] GC(1027) Pause Remark
[3970.089s][info][gc             ] GC(1027) Pause Remark 2163M->2163M(4096M) 4.711ms
[3970.089s][info][gc,cpu         ] GC(1027) User=0.03s Sys=0.00s Real=0.01s
[3970.089s][info][gc,marking     ] GC(1027) Concurrent Mark 727.492ms
[3970.089s][info][gc,marking     ] GC(1027) Concurrent Rebuild Remembered Sets and Scrub Regions
[3970.354s][info][gc,marking     ] GC(1027) Concurrent Rebuild Remembered Sets and Scrub Regions 265.470ms
[3970.355s][info][gc,start       ] GC(1027) Pause Cleanup
[3970.355s][info][gc             ] GC(1027) Pause Cleanup 2405M->2405M(4096M) 0.114ms
[3970.355s][info][gc,cpu         ] GC(1027) User=0.00s Sys=0.00s Real=0.00s
[3970.355s][info][gc,marking     ] GC(1027) Concurrent Clear Claimed Marks
[3970.355s][info][gc,marking     ] GC(1027) Concurrent Clear Claimed Marks 0.023ms
[3970.355s][info][gc,marking     ] GC(1027) Concurrent Cleanup for Next Mark
[3970.360s][info][gc,marking     ] GC(1027) Concurrent Cleanup for Next Mark 4.944ms
[3970.360s][info][gc             ] GC(1027) Concurrent Mark Cycle 1148.277ms
.[3971.767s][info][gc,start       ] GC(1028) Pause Young (Prepare Mixed) (G1 Evacuation Pause)
[3971.767s][info][gc,task        ] GC(1028) Using 6 workers of 6 for evacuation
[3971.884s][info][gc,phases      ] GC(1028)   Pre Evacuate Collection Set: 0.33ms
[3971.884s][info][gc,phases      ] GC(1028)   Merge Heap Roots: 0.49ms
[3971.884s][info][gc,phases      ] GC(1028)   Evacuate Collection Set: 115.09ms
[3971.884s][info][gc,phases      ] GC(1028)   Post Evacuate Collection Set: 0.94ms
[3971.884s][info][gc,phases      ] GC(1028)   Other: 0.08ms
[3971.884s][info][gc,heap        ] GC(1028) Eden regions: 1115->0(1110)
[3971.884s][info][gc,heap        ] GC(1028) Survivor regions: 113->109(154)
[3971.884s][info][gc,heap        ] GC(1028) Old regions: 506->537
[3971.884s][info][gc,heap        ] GC(1028) Humongous regions: 80->80
[3971.884s][info][gc,metaspace   ] GC(1028) Metaspace: 28882K(29248K)->28882K(29248K) NonClass: 24015K(24192K)->24015K(24192K) Class: 4867K(5056K)->4867K(5056K)
[3971.884s][info][gc             ] GC(1028) Pause Young (Prepare Mixed) (G1 Evacuation Pause) 3626M->1450M(4096M) 117.061ms
[3971.884s][info][gc,cpu         ] GC(1028) User=0.70s Sys=0.00s Real=0.12s
...[3974.398s][info][gc,start       ] GC(1029) Pause Young (Mixed) (G1 Evacuation Pause)
[3974.398s][info][gc,task        ] GC(1029) Using 6 workers of 6 for evacuation
[3974.531s][info][gc,phases      ] GC(1029)   Pre Evacuate Collection Set: 0.37ms
[3974.531s][info][gc,phases      ] GC(1029)   Merge Heap Roots: 0.66ms
[3974.531s][info][gc,phases      ] GC(1029)   Evacuate Collection Set: 130.68ms
[3974.531s][info][gc,phases      ] GC(1029)   Post Evacuate Collection Set: 0.93ms
[3974.531s][info][gc,phases      ] GC(1029)   Other: 0.08ms
[3974.531s][info][gc,heap        ] GC(1029) Eden regions: 1110->0(1119)
[3974.531s][info][gc,heap        ] GC(1029) Survivor regions: 109->109(153)
[3974.531s][info][gc,heap        ] GC(1029) Old regions: 537->473
[3974.531s][info][gc,heap        ] GC(1029) Humongous regions: 80->80
[3974.531s][info][gc,metaspace   ] GC(1029) Metaspace: 28882K(29248K)->28882K(29248K) NonClass: 24015K(24192K)->24015K(24192K) Class: 4867K(5056K)->4867K(5056K)
[3974.531s][info][gc             ] GC(1029) Pause Young (Mixed) (G1 Evacuation Pause) 3670M->1322M(4096M) 132.862ms
[3974.531s][info][gc,cpu         ] GC(1029) User=0.79s Sys=0.00s Real=0.13s
..[3977.027s][info][gc,start       ] GC(1030) Pause Young (Concurrent Start) (G1 Evacuation Pause)
[3977.027s][info][gc,task        ] GC(1030) Using 6 workers of 6 for evacuation
[3977.147s][info][gc,phases      ] GC(1030)   Pre Evacuate Collection Set: 0.36ms
[3977.147s][info][gc,phases      ] GC(1030)   Merge Heap Roots: 0.45ms
[3977.147s][info][gc,phases      ] GC(1030)   Evacuate Collection Set: 118.78ms
[3977.147s][info][gc,phases      ] GC(1030)   Post Evacuate Collection Set: 0.89ms
[3977.147s][info][gc,phases      ] GC(1030)   Other: 0.10ms
[3977.147s][info][gc,heap        ] GC(1030) Eden regions: 1119->0(1115)
[3977.147s][info][gc,heap        ] GC(1030) Survivor regions: 109->113(154)
[3977.147s][info][gc,heap        ] GC(1030) Old regions: 473->505
[3977.147s][info][gc,heap        ] GC(1030) Humongous regions: 80->80
[3977.147s][info][gc,metaspace   ] GC(1030) Metaspace: 28882K(29248K)->28882K(29248K) NonClass: 24015K(24192K)->24015K(24192K) Class: 4867K(5056K)->4867K(5056K)
[3977.147s][info][gc             ] GC(1030) Pause Young (Concurrent Start) (G1 Evacuation Pause) 3560M->1394M(4096M) 120.721ms
[3977.147s][info][gc             ] GC(1031) Concurrent Mark Cycle
[3977.147s][info][gc,marking     ] GC(1031) Concurrent Scan Root Regions
[3977.147s][info][gc,cpu         ] GC(1030) User=0.72s Sys=0.00s Real=0.13s
.[3977.304s][info][gc,marking     ] GC(1031) Concurrent Scan Root Regions 156.775ms
[3977.304s][info][gc,marking     ] GC(1031) Concurrent Mark
[3977.304s][info][gc,marking     ] GC(1031) Concurrent Mark From Roots
[3977.304s][info][gc,task        ] GC(1031) Using 2 workers of 2 for marking
[3978.043s][info][gc,marking     ] GC(1031) Concurrent Mark From Roots 739.033ms
[3978.043s][info][gc,marking     ] GC(1031) Concurrent Preclean
[3978.044s][info][gc,marking     ] GC(1031) Concurrent Preclean 0.118ms
[3978.044s][info][gc,start       ] GC(1031) Pause Remark
[3978.048s][info][gc             ] GC(1031) Pause Remark 2174M->2174M(4096M) 3.831ms
[3978.048s][info][gc,cpu         ] GC(1031) User=0.02s Sys=0.00s Real=0.01s
[3978.048s][info][gc,marking     ] GC(1031) Concurrent Mark 743.345ms
[3978.048s][info][gc,marking     ] GC(1031) Concurrent Rebuild Remembered Sets and Scrub Regions
.[3978.344s][info][gc,marking     ] GC(1031) Concurrent Rebuild Remembered Sets and Scrub Regions 295.900ms
[3978.344s][info][gc,start       ] GC(1031) Pause Cleanup
[3978.344s][info][gc             ] GC(1031) Pause Cleanup 2411M->2411M(4096M) 0.100ms
[3978.344s][info][gc,cpu         ] GC(1031) User=0.00s Sys=0.00s Real=0.00s
[3978.344s][info][gc,marking     ] GC(1031) Concurrent Clear Claimed Marks
[3978.344s][info][gc,marking     ] GC(1031) Concurrent Clear Claimed Marks 0.021ms
[3978.344s][info][gc,marking     ] GC(1031) Concurrent Cleanup for Next Mark
[3978.348s][info][gc,marking     ] GC(1031) Concurrent Cleanup for Next Mark 4.049ms
[3978.348s][info][gc             ] GC(1031) Concurrent Mark Cycle 1200.537ms
.[3979.653s][info][gc,start       ] GC(1032) Pause Young (Prepare Mixed) (G1 Evacuation Pause)
[3979.654s][info][gc,task        ] GC(1032) Using 6 workers of 6 for evacuation
[3979.770s][info][gc,phases      ] GC(1032)   Pre Evacuate Collection Set: 0.36ms
[3979.770s][info][gc,phases      ] GC(1032)   Merge Heap Roots: 0.48ms
[3979.770s][info][gc,phases      ] GC(1032)   Evacuate Collection Set: 114.16ms
[3979.770s][info][gc,phases      ] GC(1032)   Post Evacuate Collection Set: 0.94ms
[3979.770s][info][gc,phases      ] GC(1032)   Other: 0.10ms
[3979.770s][info][gc,heap        ] GC(1032) Eden regions: 1115->0(1112)
[3979.770s][info][gc,heap        ] GC(1032) Survivor regions: 113->108(154)
[3979.770s][info][gc,heap        ] GC(1032) Old regions: 505->537
[3979.770s][info][gc,heap        ] GC(1032) Humongous regions: 80->80
[3979.770s][info][gc,metaspace   ] GC(1032) Metaspace: 28882K(29248K)->28882K(29248K) NonClass: 24015K(24192K)->24015K(24192K) Class: 4867K(5056K)->4867K(5056K)
[3979.770s][info][gc             ] GC(1032) Pause Young (Prepare Mixed) (G1 Evacuation Pause) 3624M->1447M(4096M) 116.190ms
[3979.770s][info][gc,cpu         ] GC(1032) User=0.69s Sys=0.00s Real=0.12s
...[3982.334s][info][gc,start       ] GC(1033) Pause Young (Mixed) (G1 Evacuation Pause)
[3982.334s][info][gc,task        ] GC(1033) Using 6 workers of 6 for evacuation
[3982.470s][info][gc,phases      ] GC(1033)   Pre Evacuate Collection Set: 0.36ms
[3982.470s][info][gc,phases      ] GC(1033)   Merge Heap Roots: 0.70ms
[3982.470s][info][gc,phases      ] GC(1033)   Evacuate Collection Set: 134.00ms
[3982.470s][info][gc,phases      ] GC(1033)   Post Evacuate Collection Set: 0.94ms
[3982.470s][info][gc,phases      ] GC(1033)   Other: 0.09ms
[3982.470s][info][gc,heap        ] GC(1033) Eden regions: 1112->0(1117)
[3982.470s][info][gc,heap        ] GC(1033) Survivor regions: 108->111(153)
[3982.470s][info][gc,heap        ] GC(1033) Old regions: 537->472
[3982.470s][info][gc,heap        ] GC(1033) Humongous regions: 80->80
[3982.470s][info][gc,metaspace   ] GC(1033) Metaspace: 28882K(29248K)->28882K(29248K) NonClass: 24015K(24192K)->24015K(24192K) Class: 4867K(5056K)->4867K(5056K)
[3982.470s][info][gc             ] GC(1033) Pause Young (Mixed) (G1 Evacuation Pause) 3671M->1325M(4096M) 136.223ms
[3982.470s][info][gc,cpu         ] GC(1033) User=0.81s Sys=0.00s Real=0.14s
..[3985.031s][info][gc,start       ] GC(1034) Pause Young (Concurrent Start) (G1 Evacuation Pause)
[3985.031s][info][gc,task        ] GC(1034) Using 6 workers of 6 for evacuation
[3985.149s][info][gc,phases      ] GC(1034)   Pre Evacuate Collection Set: 0.38ms
[3985.149s][info][gc,phases      ] GC(1034)   Merge Heap Roots: 0.49ms
[3985.149s][info][gc,phases      ] GC(1034)   Evacuate Collection Set: 116.23ms
[3985.149s][info][gc,phases      ] GC(1034)   Post Evacuate Collection Set: 0.88ms
[3985.149s][info][gc,phases      ] GC(1034)   Other: 0.10ms
[3985.149s][info][gc,heap        ] GC(1034) Eden regions: 1117->0(1117)
[3985.149s][info][gc,heap        ] GC(1034) Survivor regions: 111->111(154)
[3985.149s][info][gc,heap        ] GC(1034) Old regions: 472->504
[3985.149s][info][gc,heap        ] GC(1034) Humongous regions: 80->80
[3985.149s][info][gc,metaspace   ] GC(1034) Metaspace: 28882K(29248K)->28882K(29248K) NonClass: 24015K(24192K)->24015K(24192K) Class: 4867K(5056K)->4867K(5056K)
[3985.149s][info][gc             ] GC(1034) Pause Young (Concurrent Start) (G1 Evacuation Pause) 3559M->1388M(4096M) 118.216ms
[3985.149s][info][gc             ] GC(1035) Concurrent Mark Cycle
[3985.149s][info][gc,marking     ] GC(1035) Concurrent Scan Root Regions
[3985.149s][info][gc,cpu         ] GC(1034) User=0.70s Sys=0.01s Real=0.12s
.|[3985.345s][info][gc,marking     ] GC(1035) Concurrent Scan Root Regions 195.329ms
[3985.345s][info][gc,marking     ] GC(1035) Concurrent Mark
[3985.345s][info][gc,marking     ] GC(1035) Concurrent Mark From Roots
[3985.345s][info][gc,task        ] GC(1035) Using 2 workers of 2 for marking
.[3986.313s][info][gc,marking     ] GC(1035) Concurrent Mark From Roots 967.940ms
[3986.313s][info][gc,marking     ] GC(1035) Concurrent Preclean
[3986.313s][info][gc,marking     ] GC(1035) Concurrent Preclean 0.096ms
[3986.314s][info][gc,start       ] GC(1035) Pause Remark
[3986.319s][info][gc             ] GC(1035) Pause Remark 2463M->2463M(4096M) 5.711ms
[3986.320s][info][gc,cpu         ] GC(1035) User=0.03s Sys=0.00s Real=0.01s
[3986.320s][info][gc,marking     ] GC(1035) Concurrent Mark 975.584ms
[3986.320s][info][gc,marking     ] GC(1035) Concurrent Rebuild Remembered Sets and Scrub Regions
[3986.683s][info][gc,marking     ] GC(1035) Concurrent Rebuild Remembered Sets and Scrub Regions 362.487ms
[3986.683s][info][gc,start       ] GC(1035) Pause Cleanup
[3986.683s][info][gc             ] GC(1035) Pause Cleanup 2750M->2750M(4096M) 0.106ms
[3986.683s][info][gc,cpu         ] GC(1035) User=0.00s Sys=0.00s Real=0.00s
[3986.683s][info][gc,marking     ] GC(1035) Concurrent Clear Claimed Marks
[3986.683s][info][gc,marking     ] GC(1035) Concurrent Clear Claimed Marks 0.025ms
[3986.683s][info][gc,marking     ] GC(1035) Concurrent Cleanup for Next Mark
[3986.688s][info][gc,marking     ] GC(1035) Concurrent Cleanup for Next Mark 4.392ms
[3986.688s][info][gc             ] GC(1035) Concurrent Mark Cycle 1538.378ms
.[3987.693s][info][gc,start       ] GC(1036) Pause Young (Prepare Mixed) (G1 Evacuation Pause)
[3987.693s][info][gc,task        ] GC(1036) Using 6 workers of 6 for evacuation
[3987.810s][info][gc,phases      ] GC(1036)   Pre Evacuate Collection Set: 0.32ms
[3987.810s][info][gc,phases      ] GC(1036)   Merge Heap Roots: 0.50ms
[3987.810s][info][gc,phases      ] GC(1036)   Evacuate Collection Set: 115.19ms
[3987.810s][info][gc,phases      ] GC(1036)   Post Evacuate Collection Set: 0.92ms
[3987.810s][info][gc,phases      ] GC(1036)   Other: 0.08ms
[3987.810s][info][gc,heap        ] GC(1036) Eden regions: 1117->0(1111)
[3987.810s][info][gc,heap        ] GC(1036) Survivor regions: 111->109(154)
[3987.810s][info][gc,heap        ] GC(1036) Old regions: 504->536
[3987.810s][info][gc,heap        ] GC(1036) Humongous regions: 80->80
[3987.810s][info][gc,metaspace   ] GC(1036) Metaspace: 28882K(29248K)->28882K(29248K) NonClass: 24015K(24192K)->24015K(24192K) Class: 4867K(5056K)->4867K(5056K)
[3987.810s][info][gc             ] GC(1036) Pause Young (Prepare Mixed) (G1 Evacuation Pause) 3622M->1448M(4096M) 117.150ms
[3987.810s][info][gc,cpu         ] GC(1036) User=0.69s Sys=0.00s Real=0.12s
...[3990.324s][info][gc,start       ] GC(1037) Pause Young (Mixed) (G1 Evacuation Pause)
[3990.324s][info][gc,task        ] GC(1037) Using 6 workers of 6 for evacuation
[3990.458s][info][gc,phases      ] GC(1037)   Pre Evacuate Collection Set: 0.40ms
[3990.458s][info][gc,phases      ] GC(1037)   Merge Heap Roots: 0.63ms
[3990.458s][info][gc,phases      ] GC(1037)   Evacuate Collection Set: 131.74ms
[3990.458s][info][gc,phases      ] GC(1037)   Post Evacuate Collection Set: 0.95ms
[3990.458s][info][gc,phases      ] GC(1037)   Other: 0.09ms
[3990.458s][info][gc,heap        ] GC(1037) Eden regions: 1111->0(1117)
[3990.458s][info][gc,heap        ] GC(1037) Survivor regions: 109->111(153)
[3990.458s][info][gc,heap        ] GC(1037) Old regions: 536->473
[3990.458s][info][gc,heap        ] GC(1037) Humongous regions: 80->80
[3990.458s][info][gc,metaspace   ] GC(1037) Metaspace: 28882K(29248K)->28882K(29248K) NonClass: 24015K(24192K)->24015K(24192K) Class: 4867K(5056K)->4867K(5056K)
[3990.458s][info][gc             ] GC(1037) Pause Young (Mixed) (G1 Evacuation Pause) 3670M->1326M(4096M) 133.938ms
[3990.458s][info][gc,cpu         ] GC(1037) User=0.79s Sys=0.00s Real=0.14s
..[3993.007s][info][gc,start       ] GC(1038) Pause Young (Concurrent Start) (G1 Evacuation Pause)
[3993.007s][info][gc,task        ] GC(1038) Using 6 workers of 6 for evacuation
[3993.129s][info][gc,phases      ] GC(1038)   Pre Evacuate Collection Set: 0.35ms
[3993.129s][info][gc,phases      ] GC(1038)   Merge Heap Roots: 0.49ms
[3993.129s][info][gc,phases      ] GC(1038)   Evacuate Collection Set: 119.53ms
[3993.129s][info][gc,phases      ] GC(1038)   Post Evacuate Collection Set: 0.88ms
[3993.129s][info][gc,phases      ] GC(1038)   Other: 0.12ms
[3993.129s][info][gc,heap        ] GC(1038) Eden regions: 1117->0(1115)
[3993.129s][info][gc,heap        ] GC(1038) Survivor regions: 111->113(154)
[3993.129s][info][gc,heap        ] GC(1038) Old regions: 473->505
[3993.129s][info][gc,heap        ] GC(1038) Humongous regions: 80->80
[3993.129s][info][gc,metaspace   ] GC(1038) Metaspace: 28882K(29248K)->28882K(29248K) NonClass: 24015K(24192K)->24015K(24192K) Class: 4867K(5056K)->4867K(5056K)
[3993.129s][info][gc             ] GC(1038) Pause Young (Concurrent Start) (G1 Evacuation Pause) 3560M->1393M(4096M) 121.511ms
[3993.129s][info][gc             ] GC(1039) Concurrent Mark Cycle
[3993.129s][info][gc,marking     ] GC(1039) Concurrent Scan Root Regions
[3993.129s][info][gc,cpu         ] GC(1038) User=0.72s Sys=0.00s Real=0.12s
.[3993.381s][info][gc,marking     ] GC(1039) Concurrent Scan Root Regions 252.070ms
[3993.381s][info][gc,marking     ] GC(1039) Concurrent Mark
[3993.381s][info][gc,marking     ] GC(1039) Concurrent Mark From Roots
[3993.381s][info][gc,task        ] GC(1039) Using 2 workers of 2 for marking
.[3994.361s][info][gc,marking     ] GC(1039) Concurrent Mark From Roots 979.977ms
[3994.361s][info][gc,marking     ] GC(1039) Concurrent Preclean
[3994.361s][info][gc,marking     ] GC(1039) Concurrent Preclean 0.107ms
[3994.363s][info][gc,start       ] GC(1039) Pause Remark
[3994.368s][info][gc             ] GC(1039) Pause Remark 2529M->2529M(4096M) 5.362ms
[3994.368s][info][gc,cpu         ] GC(1039) User=0.03s Sys=0.00s Real=0.01s
[3994.369s][info][gc,marking     ] GC(1039) Concurrent Mark 988.127ms
[3994.369s][info][gc,marking     ] GC(1039) Concurrent Rebuild Remembered Sets and Scrub Regions
[3994.695s][info][gc,marking     ] GC(1039) Concurrent Rebuild Remembered Sets and Scrub Regions 325.754ms
[3994.695s][info][gc,start       ] GC(1039) Pause Cleanup
[3994.695s][info][gc             ] GC(1039) Pause Cleanup 2803M->2803M(4096M) 0.130ms
[3994.695s][info][gc,cpu         ] GC(1039) User=0.00s Sys=0.00s Real=0.00s
[3994.695s][info][gc,marking     ] GC(1039) Concurrent Clear Claimed Marks
[3994.695s][info][gc,marking     ] GC(1039) Concurrent Clear Claimed Marks 0.027ms
[3994.695s][info][gc,marking     ] GC(1039) Concurrent Cleanup for Next Mark
[3994.700s][info][gc,marking     ] GC(1039) Concurrent Cleanup for Next Mark 5.111ms
[3994.700s][info][gc             ] GC(1039) Concurrent Mark Cycle 1571.691ms
.[3995.646s][info][gc,start       ] GC(1040) Pause Young (Prepare Mixed) (G1 Evacuation Pause)
[3995.646s][info][gc,task        ] GC(1040) Using 6 workers of 6 for evacuation
[3995.763s][info][gc,phases      ] GC(1040)   Pre Evacuate Collection Set: 0.32ms
[3995.763s][info][gc,phases      ] GC(1040)   Merge Heap Roots: 0.50ms
[3995.763s][info][gc,phases      ] GC(1040)   Evacuate Collection Set: 115.17ms
[3995.763s][info][gc,phases      ] GC(1040)   Post Evacuate Collection Set: 0.98ms
[3995.763s][info][gc,phases      ] GC(1040)   Other: 0.09ms
[3995.763s][info][gc,heap        ] GC(1040) Eden regions: 1115->0(1113)
[3995.763s][info][gc,heap        ] GC(1040) Survivor regions: 113->108(154)
[3995.763s][info][gc,heap        ] GC(1040) Old regions: 505->536
[3995.763s][info][gc,heap        ] GC(1040) Humongous regions: 80->80
[3995.763s][info][gc,metaspace   ] GC(1040) Metaspace: 28882K(29248K)->28882K(29248K) NonClass: 24015K(24192K)->24015K(24192K) Class: 4867K(5056K)->4867K(5056K)
[3995.763s][info][gc             ] GC(1040) Pause Young (Prepare Mixed) (G1 Evacuation Pause) 3623M->1447M(4096M) 117.188ms
[3995.763s][info][gc,cpu         ] GC(1040) User=0.69s Sys=0.00s Real=0.12s
..[3998.275s][info][gc,start       ] GC(1041) Pause Young (Mixed) (G1 Evacuation Pause)
[3998.275s][info][gc,task        ] GC(1041) Using 6 workers of 6 for evacuation
[3998.417s][info][gc,phases      ] GC(1041)   Pre Evacuate Collection Set: 0.39ms
[3998.417s][info][gc,phases      ] GC(1041)   Merge Heap Roots: 0.81ms
[3998.417s][info][gc,phases      ] GC(1041)   Evacuate Collection Set: 140.00ms
[3998.417s][info][gc,phases      ] GC(1041)   Post Evacuate Collection Set: 0.95ms
[3998.417s][info][gc,phases      ] GC(1041)   Other: 0.10ms
[3998.417s][info][gc,heap        ] GC(1041) Eden regions: 1113->0(1114)
[3998.417s][info][gc,heap        ] GC(1041) Survivor regions: 108->114(153)
[3998.417s][info][gc,heap        ] GC(1041) Old regions: 536->473
[3998.417s][info][gc,heap        ] GC(1041) Humongous regions: 80->80
[3998.417s][info][gc,metaspace   ] GC(1041) Metaspace: 28882K(29248K)->28882K(29248K) NonClass: 24015K(24192K)->24015K(24192K) Class: 4867K(5056K)->4867K(5056K)
[3998.417s][info][gc             ] GC(1041) Pause Young (Mixed) (G1 Evacuation Pause) 3673M->1332M(4096M) 142.395ms
[3998.417s][info][gc,cpu         ] GC(1041) User=0.84s Sys=0.00s Real=0.15s
...[4000.999s][info][gc,start       ] GC(1042) Pause Young (Concurrent Start) (G1 Evacuation Pause)
[4000.999s][info][gc,task        ] GC(1042) Using 6 workers of 6 for evacuation
[4001.121s][info][gc,phases      ] GC(1042)   Pre Evacuate Collection Set: 0.37ms
[4001.121s][info][gc,phases      ] GC(1042)   Merge Heap Roots: 0.47ms
[4001.121s][info][gc,phases      ] GC(1042)   Evacuate Collection Set: 120.11ms
[4001.121s][info][gc,phases      ] GC(1042)   Post Evacuate Collection Set: 0.88ms
[4001.121s][info][gc,phases      ] GC(1042)   Other: 0.09ms
[4001.121s][info][gc,heap        ] GC(1042) Eden regions: 1114->0(1115)
[4001.121s][info][gc,heap        ] GC(1042) Survivor regions: 114->113(154)
[4001.121s][info][gc,heap        ] GC(1042) Old regions: 473->505
[4001.121s][info][gc,heap        ] GC(1042) Humongous regions: 80->80
[4001.121s][info][gc,metaspace   ] GC(1042) Metaspace: 28882K(29248K)->28882K(29248K) NonClass: 24015K(24192K)->24015K(24192K) Class: 4867K(5056K)->4867K(5056K)
[4001.121s][info][gc             ] GC(1042) Pause Young (Concurrent Start) (G1 Evacuation Pause) 3560M->1394M(4096M) 122.049ms
[4001.121s][info][gc             ] GC(1043) Concurrent Mark Cycle
[4001.121s][info][gc,marking     ] GC(1043) Concurrent Scan Root Regions
[4001.121s][info][gc,cpu         ] GC(1042) User=0.72s Sys=0.00s Real=0.12s
[4001.305s][info][gc,marking     ] GC(1043) Concurrent Scan Root Regions 183.913ms
[4001.305s][info][gc,marking     ] GC(1043) Concurrent Mark
[4001.305s][info][gc,marking     ] GC(1043) Concurrent Mark From Roots
[4001.305s][info][gc,task        ] GC(1043) Using 2 workers of 2 for marking
.[4002.270s][info][gc,marking     ] GC(1043) Concurrent Mark From Roots 965.206ms
[4002.270s][info][gc,marking     ] GC(1043) Concurrent Preclean
[4002.270s][info][gc,marking     ] GC(1043) Concurrent Preclean 0.119ms
[4002.272s][info][gc,start       ] GC(1043) Pause Remark
[4002.277s][info][gc             ] GC(1043) Pause Remark 2446M->2446M(4096M) 5.547ms
[4002.277s][info][gc,cpu         ] GC(1043) User=0.03s Sys=0.00s Real=0.01s
[4002.277s][info][gc,marking     ] GC(1043) Concurrent Mark 972.708ms
[4002.277s][info][gc,marking     ] GC(1043) Concurrent Rebuild Remembered Sets and Scrub Regions
.[4002.641s][info][gc,marking     ] GC(1043) Concurrent Rebuild Remembered Sets and Scrub Regions 363.951ms
[4002.642s][info][gc,start       ] GC(1043) Pause Cleanup
[4002.642s][info][gc             ] GC(1043) Pause Cleanup 2802M->2802M(4096M) 0.108ms
[4002.642s][info][gc,cpu         ] GC(1043) User=0.00s Sys=0.00s Real=0.00s
[4002.644s][info][gc,marking     ] GC(1043) Concurrent Clear Claimed Marks
[4002.644s][info][gc,marking     ] GC(1043) Concurrent Clear Claimed Marks 0.064ms
[4002.644s][info][gc,marking     ] GC(1043) Concurrent Cleanup for Next Mark
[4002.650s][info][gc,marking     ] GC(1043) Concurrent Cleanup for Next Mark 5.652ms
[4002.650s][info][gc             ] GC(1043) Concurrent Mark Cycle 1528.840ms
.[4003.587s][info][gc,start       ] GC(1044) Pause Young (Prepare Mixed) (G1 Evacuation Pause)
[4003.587s][info][gc,task        ] GC(1044) Using 6 workers of 6 for evacuation
[4003.703s][info][gc,phases      ] GC(1044)   Pre Evacuate Collection Set: 0.34ms
[4003.703s][info][gc,phases      ] GC(1044)   Merge Heap Roots: 0.50ms
[4003.703s][info][gc,phases      ] GC(1044)   Evacuate Collection Set: 114.46ms
[4003.704s][info][gc,phases      ] GC(1044)   Post Evacuate Collection Set: 0.90ms
[4003.704s][info][gc,phases      ] GC(1044)   Other: 0.09ms
[4003.704s][info][gc,heap        ] GC(1044) Eden regions: 1115->0(1112)
[4003.704s][info][gc,heap        ] GC(1044) Survivor regions: 113->108(154)
[4003.704s][info][gc,heap        ] GC(1044) Old regions: 505->537
[4003.704s][info][gc,heap        ] GC(1044) Humongous regions: 80->80
[4003.704s][info][gc,metaspace   ] GC(1044) Metaspace: 28882K(29248K)->28882K(29248K) NonClass: 24015K(24192K)->24015K(24192K) Class: 4867K(5056K)->4867K(5056K)
[4003.704s][info][gc             ] GC(1044) Pause Young (Prepare Mixed) (G1 Evacuation Pause) 3624M->1448M(4096M) 116.439ms
[4003.704s][info][gc,cpu         ] GC(1044) User=0.69s Sys=0.00s Real=0.11s
..[4006.262s][info][gc,start       ] GC(1045) Pause Young (Mixed) (G1 Evacuation Pause)
[4006.262s][info][gc,task        ] GC(1045) Using 6 workers of 6 for evacuation
[4006.400s][info][gc,phases      ] GC(1045)   Pre Evacuate Collection Set: 0.37ms
[4006.400s][info][gc,phases      ] GC(1045)   Merge Heap Roots: 0.62ms
[4006.400s][info][gc,phases      ] GC(1045)   Evacuate Collection Set: 136.29ms
[4006.400s][info][gc,phases      ] GC(1045)   Post Evacuate Collection Set: 0.95ms
[4006.400s][info][gc,phases      ] GC(1045)   Other: 0.09ms
[4006.400s][info][gc,heap        ] GC(1045) Eden regions: 1112->0(1114)
[4006.400s][info][gc,heap        ] GC(1045) Survivor regions: 108->114(153)
[4006.400s][info][gc,heap        ] GC(1045) Old regions: 537->474
[4006.400s][info][gc,heap        ] GC(1045) Humongous regions: 80->80
[4006.400s][info][gc,metaspace   ] GC(1045) Metaspace: 28882K(29248K)->28882K(29248K) NonClass: 24015K(24192K)->24015K(24192K) Class: 4867K(5056K)->4867K(5056K)
[4006.400s][info][gc             ] GC(1045) Pause Young (Mixed) (G1 Evacuation Pause) 3672M->1334M(4096M) 138.450ms
[4006.401s][info][gc,cpu         ] GC(1045) User=0.81s Sys=0.00s Real=0.14s
...[4008.868s][info][gc,start       ] GC(1046) Pause Young (Concurrent Start) (G1 Evacuation Pause)
[4008.868s][info][gc,task        ] GC(1046) Using 6 workers of 6 for evacuation
[4008.988s][info][gc,phases      ] GC(1046)   Pre Evacuate Collection Set: 0.34ms
[4008.988s][info][gc,phases      ] GC(1046)   Merge Heap Roots: 0.43ms
[4008.988s][info][gc,phases      ] GC(1046)   Evacuate Collection Set: 117.90ms
[4008.988s][info][gc,phases      ] GC(1046)   Post Evacuate Collection Set: 0.87ms
[4008.988s][info][gc,phases      ] GC(1046)   Other: 0.10ms
[4008.988s][info][gc,heap        ] GC(1046) Eden regions: 1114->0(1117)
[4008.988s][info][gc,heap        ] GC(1046) Survivor regions: 114->111(154)
[4008.988s][info][gc,heap        ] GC(1046) Old regions: 474->506
[4008.988s][info][gc,heap        ] GC(1046) Humongous regions: 80->80
[4008.988s][info][gc,metaspace   ] GC(1046) Metaspace: 28882K(29248K)->28882K(29248K) NonClass: 24015K(24192K)->24015K(24192K) Class: 4867K(5056K)->4867K(5056K)
[4008.988s][info][gc             ] GC(1046) Pause Young (Concurrent Start) (G1 Evacuation Pause) 3562M->1391M(4096M) 119.776ms
[4008.988s][info][gc             ] GC(1047) Concurrent Mark Cycle
[4008.988s][info][gc,marking     ] GC(1047) Concurrent Scan Root Regions
[4008.988s][info][gc,cpu         ] GC(1046) User=0.71s Sys=0.00s Real=0.12s
[4009.173s][info][gc,marking     ] GC(1047) Concurrent Scan Root Regions 185.095ms
[4009.173s][info][gc,marking     ] GC(1047) Concurrent Mark
[4009.173s][info][gc,marking     ] GC(1047) Concurrent Mark From Roots
[4009.173s][info][gc,task        ] GC(1047) Using 2 workers of 2 for marking
.[4010.119s][info][gc,marking     ] GC(1047) Concurrent Mark From Roots 945.219ms
[4010.119s][info][gc,marking     ] GC(1047) Concurrent Preclean
[4010.119s][info][gc,marking     ] GC(1047) Concurrent Preclean 0.107ms
[4010.119s][info][gc,start       ] GC(1047) Pause Remark
[4010.124s][info][gc             ] GC(1047) Pause Remark 2406M->2406M(4096M) 4.796ms
[4010.124s][info][gc,cpu         ] GC(1047) User=0.03s Sys=0.00s Real=0.00s
[4010.125s][info][gc,marking     ] GC(1047) Concurrent Mark 951.500ms
[4010.125s][info][gc,marking     ] GC(1047) Concurrent Rebuild Remembered Sets and Scrub Regions
[4010.431s][info][gc,marking     ] GC(1047) Concurrent Rebuild Remembered Sets and Scrub Regions 306.087ms
[4010.431s][info][gc,start       ] GC(1047) Pause Cleanup
[4010.431s][info][gc             ] GC(1047) Pause Cleanup 2650M->2650M(4096M) 0.109ms
[4010.431s][info][gc,cpu         ] GC(1047) User=0.00s Sys=0.00s Real=0.00s
[4010.432s][info][gc,marking     ] GC(1047) Concurrent Clear Claimed Marks
[4010.432s][info][gc,marking     ] GC(1047) Concurrent Clear Claimed Marks 0.046ms
[4010.432s][info][gc,marking     ] GC(1047) Concurrent Cleanup for Next Mark
[4010.441s][info][gc,marking     ] GC(1047) Concurrent Cleanup for Next Mark 8.179ms
[4010.441s][info][gc             ] GC(1047) Concurrent Mark Cycle 1452.380ms
..[4011.545s][info][gc,start       ] GC(1048) Pause Young (Prepare Mixed) (G1 Evacuation Pause)
[4011.545s][info][gc,task        ] GC(1048) Using 6 workers of 6 for evacuation
[4011.660s][info][gc,phases      ] GC(1048)   Pre Evacuate Collection Set: 0.35ms
[4011.660s][info][gc,phases      ] GC(1048)   Merge Heap Roots: 0.47ms
[4011.660s][info][gc,phases      ] GC(1048)   Evacuate Collection Set: 113.61ms
[4011.660s][info][gc,phases      ] GC(1048)   Post Evacuate Collection Set: 0.92ms
[4011.660s][info][gc,phases      ] GC(1048)   Other: 0.09ms
[4011.660s][info][gc,heap        ] GC(1048) Eden regions: 1117->0(1114)
[4011.660s][info][gc,heap        ] GC(1048) Survivor regions: 111->106(154)
[4011.660s][info][gc,heap        ] GC(1048) Old regions: 506->539
[4011.660s][info][gc,heap        ] GC(1048) Humongous regions: 80->80
[4011.660s][info][gc,metaspace   ] GC(1048) Metaspace: 28882K(29248K)->28882K(29248K) NonClass: 24015K(24192K)->24015K(24192K) Class: 4867K(5056K)->4867K(5056K)
[4011.660s][info][gc             ] GC(1048) Pause Young (Prepare Mixed) (G1 Evacuation Pause) 3625M->1448M(4096M) 115.571ms
[4011.660s][info][gc,cpu         ] GC(1048) User=0.68s Sys=0.00s Real=0.12s
..[4014.214s][info][gc,start       ] GC(1049) Pause Young (Mixed) (G1 Evacuation Pause)
[4014.214s][info][gc,task        ] GC(1049) Using 6 workers of 6 for evacuation
[4014.347s][info][gc,phases      ] GC(1049)   Pre Evacuate Collection Set: 0.36ms
[4014.347s][info][gc,phases      ] GC(1049)   Merge Heap Roots: 0.62ms
[4014.347s][info][gc,phases      ] GC(1049)   Evacuate Collection Set: 131.14ms
[4014.347s][info][gc,phases      ] GC(1049)   Post Evacuate Collection Set: 0.95ms
[4014.347s][info][gc,phases      ] GC(1049)   Other: 0.08ms
[4014.347s][info][gc,heap        ] GC(1049) Eden regions: 1114->0(1117)
[4014.347s][info][gc,heap        ] GC(1049) Survivor regions: 106->111(153)
[4014.347s][info][gc,heap        ] GC(1049) Old regions: 539->474
[4014.347s][info][gc,heap        ] GC(1049) Humongous regions: 80->80
[4014.347s][info][gc,metaspace   ] GC(1049) Metaspace: 28882K(29248K)->28882K(29248K) NonClass: 24015K(24192K)->24015K(24192K) Class: 4867K(5056K)->4867K(5056K)
[4014.347s][info][gc             ] GC(1049) Pause Young (Mixed) (G1 Evacuation Pause) 3676M->1328M(4096M) 133.274ms
[4014.347s][info][gc,cpu         ] GC(1049) User=0.79s Sys=0.00s Real=0.14s
...[4016.836s][info][gc,start       ] GC(1050) Pause Young (Concurrent Start) (G1 Evacuation Pause)
[4016.836s][info][gc,task        ] GC(1050) Using 6 workers of 6 for evacuation
[4016.953s][info][gc,phases      ] GC(1050)   Pre Evacuate Collection Set: 0.40ms
[4016.953s][info][gc,phases      ] GC(1050)   Merge Heap Roots: 0.43ms
[4016.953s][info][gc,phases      ] GC(1050)   Evacuate Collection Set: 114.59ms
[4016.953s][info][gc,phases      ] GC(1050)   Post Evacuate Collection Set: 0.89ms
[4016.953s][info][gc,phases      ] GC(1050)   Other: 0.11ms
[4016.953s][info][gc,heap        ] GC(1050) Eden regions: 1117->0(1118)
[4016.953s][info][gc,heap        ] GC(1050) Survivor regions: 111->110(154)
[4016.953s][info][gc,heap        ] GC(1050) Old regions: 474->506
[4016.953s][info][gc,heap        ] GC(1050) Humongous regions: 80->80
[4016.953s][info][gc,metaspace   ] GC(1050) Metaspace: 28882K(29248K)->28882K(29248K) NonClass: 24015K(24192K)->24015K(24192K) Class: 4867K(5056K)->4867K(5056K)
[4016.953s][info][gc             ] GC(1050) Pause Young (Concurrent Start) (G1 Evacuation Pause) 3562M->1390M(4096M) 116.567ms
[4016.953s][info][gc             ] GC(1051) Concurrent Mark Cycle
[4016.953s][info][gc,marking     ] GC(1051) Concurrent Scan Root Regions
[4016.953s][info][gc,cpu         ] GC(1050) User=0.69s Sys=0.00s Real=0.12s
[4017.153s][info][gc,marking     ] GC(1051) Concurrent Scan Root Regions 200.103ms
[4017.153s][info][gc,marking     ] GC(1051) Concurrent Mark
[4017.153s][info][gc,marking     ] GC(1051) Concurrent Mark From Roots
[4017.153s][info][gc,task        ] GC(1051) Using 2 workers of 2 for marking
.[4018.114s][info][gc,marking     ] GC(1051) Concurrent Mark From Roots 961.014ms
[4018.114s][info][gc,marking     ] GC(1051) Concurrent Preclean
[4018.114s][info][gc,marking     ] GC(1051) Concurrent Preclean 0.078ms
[4018.114s][info][gc,start       ] GC(1051) Pause Remark
[4018.120s][info][gc             ] GC(1051) Pause Remark 2440M->2440M(4096M) 5.444ms
[4018.120s][info][gc,cpu         ] GC(1051) User=0.02s Sys=0.00s Real=0.01s
[4018.120s][info][gc,marking     ] GC(1051) Concurrent Mark 966.806ms
[4018.120s][info][gc,marking     ] GC(1051) Concurrent Rebuild Remembered Sets and Scrub Regions
[4018.396s][info][gc,marking     ] GC(1051) Concurrent Rebuild Remembered Sets and Scrub Regions 276.578ms
[4018.396s][info][gc,start       ] GC(1051) Pause Cleanup
[4018.397s][info][gc             ] GC(1051) Pause Cleanup 2687M->2687M(4096M) 0.098ms
[4018.397s][info][gc,cpu         ] GC(1051) User=0.00s Sys=0.00s Real=0.00s
[4018.397s][info][gc,marking     ] GC(1051) Concurrent Clear Claimed Marks
[4018.397s][info][gc,marking     ] GC(1051) Concurrent Clear Claimed Marks 0.023ms
[4018.397s][info][gc,marking     ] GC(1051) Concurrent Cleanup for Next Mark
[4018.401s][info][gc,marking     ] GC(1051) Concurrent Cleanup for Next Mark 4.864ms
[4018.402s][info][gc             ] GC(1051) Concurrent Mark Cycle 1448.861ms
.[4019.511s][info][gc,start       ] GC(1052) Pause Young (Prepare Mixed) (G1 Evacuation Pause)
[4019.511s][info][gc,task        ] GC(1052) Using 6 workers of 6 for evacuation
[4019.630s][info][gc,phases      ] GC(1052)   Pre Evacuate Collection Set: 0.34ms
[4019.631s][info][gc,phases      ] GC(1052)   Merge Heap Roots: 0.45ms
[4019.631s][info][gc,phases      ] GC(1052)   Evacuate Collection Set: 117.24ms
[4019.631s][info][gc,phases      ] GC(1052)   Post Evacuate Collection Set: 0.93ms
[4019.631s][info][gc,phases      ] GC(1052)   Other: 0.08ms
[4019.631s][info][gc,heap        ] GC(1052) Eden regions: 1118->0(1109)
[4019.631s][info][gc,heap        ] GC(1052) Survivor regions: 110->109(154)
[4019.631s][info][gc,heap        ] GC(1052) Old regions: 506->538
[4019.631s][info][gc,heap        ] GC(1052) Humongous regions: 80->80
[4019.631s][info][gc,metaspace   ] GC(1052) Metaspace: 28882K(29248K)->28882K(29248K) NonClass: 24015K(24192K)->24015K(24192K) Class: 4867K(5056K)->4867K(5056K)
[4019.631s][info][gc             ] GC(1052) Pause Young (Prepare Mixed) (G1 Evacuation Pause) 3626M->1451M(4096M) 119.174ms
[4019.631s][info][gc,cpu         ] GC(1052) User=0.71s Sys=0.01s Real=0.12s
...[4022.123s][info][gc,start       ] GC(1053) Pause Young (Mixed) (G1 Evacuation Pause)
[4022.123s][info][gc,task        ] GC(1053) Using 6 workers of 6 for evacuation
[4022.259s][info][gc,phases      ] GC(1053)   Pre Evacuate Collection Set: 0.38ms
[4022.259s][info][gc,phases      ] GC(1053)   Merge Heap Roots: 0.63ms
[4022.259s][info][gc,phases      ] GC(1053)   Evacuate Collection Set: 133.21ms
[4022.259s][info][gc,phases      ] GC(1053)   Post Evacuate Collection Set: 0.94ms
[4022.259s][info][gc,phases      ] GC(1053)   Other: 0.09ms
[4022.259s][info][gc,heap        ] GC(1053) Eden regions: 1109->0(1118)
[4022.259s][info][gc,heap        ] GC(1053) Survivor regions: 109->110(153)
[4022.259s][info][gc,heap        ] GC(1053) Old regions: 538->473
[4022.259s][info][gc,heap        ] GC(1053) Humongous regions: 80->80
[4022.259s][info][gc,metaspace   ] GC(1053) Metaspace: 28882K(29248K)->28882K(29248K) NonClass: 24015K(24192K)->24015K(24192K) Class: 4867K(5056K)->4867K(5056K)
[4022.259s][info][gc             ] GC(1053) Pause Young (Mixed) (G1 Evacuation Pause) 3669M->1323M(4096M) 135.389ms
[4022.259s][info][gc,cpu         ] GC(1053) User=0.80s Sys=0.00s Real=0.14s
...[4024.788s][info][gc,start       ] GC(1054) Pause Young (Concurrent Start) (G1 Evacuation Pause)
[4024.788s][info][gc,task        ] GC(1054) Using 6 workers of 6 for evacuation
[4024.912s][info][gc,phases      ] GC(1054)   Pre Evacuate Collection Set: 0.35ms
[4024.912s][info][gc,phases      ] GC(1054)   Merge Heap Roots: 0.44ms
[4024.912s][info][gc,phases      ] GC(1054)   Evacuate Collection Set: 122.30ms
[4024.912s][info][gc,phases      ] GC(1054)   Post Evacuate Collection Set: 0.87ms
[4024.912s][info][gc,phases      ] GC(1054)   Other: 0.11ms
[4024.912s][info][gc,heap        ] GC(1054) Eden regions: 1118->0(1114)
[4024.912s][info][gc,heap        ] GC(1054) Survivor regions: 110->114(154)
[4024.912s][info][gc,heap        ] GC(1054) Old regions: 473->505
[4024.912s][info][gc,heap        ] GC(1054) Humongous regions: 80->80
[4024.912s][info][gc,metaspace   ] GC(1054) Metaspace: 28882K(29248K)->28882K(29248K) NonClass: 24015K(24192K)->24015K(24192K) Class: 4867K(5056K)->4867K(5056K)
[4024.912s][info][gc             ] GC(1054) Pause Young (Concurrent Start) (G1 Evacuation Pause) 3559M->1396M(4096M) 124.221ms
[4024.912s][info][gc             ] GC(1055) Concurrent Mark Cycle
[4024.912s][info][gc,marking     ] GC(1055) Concurrent Scan Root Regions
[4024.912s][info][gc,cpu         ] GC(1054) User=0.74s Sys=0.00s Real=0.12s
[4025.072s][info][gc,marking     ] GC(1055) Concurrent Scan Root Regions 159.805ms
[4025.072s][info][gc,marking     ] GC(1055) Concurrent Mark
[4025.072s][info][gc,marking     ] GC(1055) Concurrent Mark From Roots
[4025.072s][info][gc,task        ] GC(1055) Using 2 workers of 2 for marking
.[4025.748s][info][gc,marking     ] GC(1055) Concurrent Mark From Roots 676.000ms
[4025.748s][info][gc,marking     ] GC(1055) Concurrent Preclean
[4025.748s][info][gc,marking     ] GC(1055) Concurrent Preclean 0.078ms
[4025.748s][info][gc,start       ] GC(1055) Pause Remark
[4025.753s][info][gc             ] GC(1055) Pause Remark 2127M->2127M(4096M) 5.136ms
[4025.753s][info][gc,cpu         ] GC(1055) User=0.03s Sys=0.00s Real=0.00s
[4025.753s][info][gc,marking     ] GC(1055) Concurrent Mark 681.485ms
[4025.754s][info][gc,marking     ] GC(1055) Concurrent Rebuild Remembered Sets and Scrub Regions
[4026.085s][info][gc,marking     ] GC(1055) Concurrent Rebuild Remembered Sets and Scrub Regions 331.630ms
[4026.086s][info][gc,start       ] GC(1055) Pause Cleanup
[4026.086s][info][gc             ] GC(1055) Pause Cleanup 2430M->2430M(4096M) 0.112ms
[4026.086s][info][gc,cpu         ] GC(1055) User=0.00s Sys=0.00s Real=0.00s
[4026.086s][info][gc,marking     ] GC(1055) Concurrent Clear Claimed Marks
[4026.086s][info][gc,marking     ] GC(1055) Concurrent Clear Claimed Marks 0.034ms
[4026.086s][info][gc,marking     ] GC(1055) Concurrent Cleanup for Next Mark
[4026.093s][info][gc,marking     ] GC(1055) Concurrent Cleanup for Next Mark 6.516ms
[4026.093s][info][gc             ] GC(1055) Concurrent Mark Cycle 1180.554ms
.[4027.480s][info][gc,start       ] GC(1056) Pause Young (Prepare Mixed) (G1 Evacuation Pause)
[4027.480s][info][gc,task        ] GC(1056) Using 6 workers of 6 for evacuation
[4027.596s][info][gc,phases      ] GC(1056)   Pre Evacuate Collection Set: 0.33ms
[4027.596s][info][gc,phases      ] GC(1056)   Merge Heap Roots: 0.45ms
[4027.596s][info][gc,phases      ] GC(1056)   Evacuate Collection Set: 114.66ms
[4027.596s][info][gc,phases      ] GC(1056)   Post Evacuate Collection Set: 0.94ms
[4027.596s][info][gc,phases      ] GC(1056)   Other: 0.08ms
[4027.596s][info][gc,heap        ] GC(1056) Eden regions: 1114->0(1110)
[4027.596s][info][gc,heap        ] GC(1056) Survivor regions: 114->109(154)
[4027.596s][info][gc,heap        ] GC(1056) Old regions: 505->537
[4027.596s][info][gc,heap        ] GC(1056) Humongous regions: 80->80
[4027.596s][info][gc,metaspace   ] GC(1056) Metaspace: 28882K(29248K)->28882K(29248K) NonClass: 24015K(24192K)->24015K(24192K) Class: 4867K(5056K)->4867K(5056K)
[4027.596s][info][gc             ] GC(1056) Pause Young (Prepare Mixed) (G1 Evacuation Pause) 3624M->1450M(4096M) 116.604ms
[4027.596s][info][gc,cpu         ] GC(1056) User=0.69s Sys=0.00s Real=0.11s
...[4030.146s][info][gc,start       ] GC(1057) Pause Young (Mixed) (G1 Evacuation Pause)
[4030.146s][info][gc,task        ] GC(1057) Using 6 workers of 6 for evacuation
[4030.285s][info][gc,phases      ] GC(1057)   Pre Evacuate Collection Set: 0.36ms
[4030.285s][info][gc,phases      ] GC(1057)   Merge Heap Roots: 0.69ms
[4030.285s][info][gc,phases      ] GC(1057)   Evacuate Collection Set: 137.53ms
[4030.285s][info][gc,phases      ] GC(1057)   Post Evacuate Collection Set: 0.93ms
[4030.285s][info][gc,phases      ] GC(1057)   Other: 0.12ms
[4030.285s][info][gc,heap        ] GC(1057) Eden regions: 1110->0(1115)
[4030.285s][info][gc,heap        ] GC(1057) Survivor regions: 109->113(153)
[4030.285s][info][gc,heap        ] GC(1057) Old regions: 537->474
[4030.285s][info][gc,heap        ] GC(1057) Humongous regions: 80->80
[4030.285s][info][gc,metaspace   ] GC(1057) Metaspace: 28882K(29248K)->28882K(29248K) NonClass: 24015K(24192K)->24015K(24192K) Class: 4867K(5056K)->4867K(5056K)
[4030.286s][info][gc             ] GC(1057) Pause Young (Mixed) (G1 Evacuation Pause) 3670M->1331M(4096M) 139.768ms
[4030.286s][info][gc,cpu         ] GC(1057) User=0.82s Sys=0.00s Real=0.14s
...[4032.776s][info][gc,start       ] GC(1058) Pause Young (Concurrent Start) (G1 Evacuation Pause)
[4032.776s][info][gc,task        ] GC(1058) Using 6 workers of 6 for evacuation
[4032.892s][info][gc,phases      ] GC(1058)   Pre Evacuate Collection Set: 0.38ms
[4032.893s][info][gc,phases      ] GC(1058)   Merge Heap Roots: 0.44ms
[4032.893s][info][gc,phases      ] GC(1058)   Evacuate Collection Set: 114.76ms
[4032.893s][info][gc,phases      ] GC(1058)   Post Evacuate Collection Set: 0.89ms
[4032.893s][info][gc,phases      ] GC(1058)   Other: 0.12ms
[4032.893s][info][gc,heap        ] GC(1058) Eden regions: 1115->0(1119)
[4032.893s][info][gc,heap        ] GC(1058) Survivor regions: 113->109(154)
[4032.893s][info][gc,heap        ] GC(1058) Old regions: 474->507
[4032.893s][info][gc,heap        ] GC(1058) Humongous regions: 80->80
[4032.893s][info][gc,metaspace   ] GC(1058) Metaspace: 28882K(29248K)->28882K(29248K) NonClass: 24015K(24192K)->24015K(24192K) Class: 4867K(5056K)->4867K(5056K)
[4032.893s][info][gc             ] GC(1058) Pause Young (Concurrent Start) (G1 Evacuation Pause) 3561M->1389M(4096M) 116.732ms
[4032.893s][info][gc             ] GC(1059) Concurrent Mark Cycle
[4032.893s][info][gc,marking     ] GC(1059) Concurrent Scan Root Regions
[4032.893s][info][gc,cpu         ] GC(1058) User=0.68s Sys=0.01s Real=0.12s
[4033.030s][info][gc,marking     ] GC(1059) Concurrent Scan Root Regions 137.068ms
[4033.030s][info][gc,marking     ] GC(1059) Concurrent Mark
[4033.030s][info][gc,marking     ] GC(1059) Concurrent Mark From Roots
[4033.030s][info][gc,task        ] GC(1059) Using 2 workers of 2 for marking
.[4033.753s][info][gc,marking     ] GC(1059) Concurrent Mark From Roots 722.883ms
[4033.753s][info][gc,marking     ] GC(1059) Concurrent Preclean
[4033.753s][info][gc,marking     ] GC(1059) Concurrent Preclean 0.076ms
[4033.754s][info][gc,start       ] GC(1059) Pause Remark
[4033.759s][info][gc             ] GC(1059) Pause Remark 2107M->2107M(4096M) 4.592ms
[4033.759s][info][gc,cpu         ] GC(1059) User=0.03s Sys=0.00s Real=0.01s
[4033.760s][info][gc,marking     ] GC(1059) Concurrent Mark 730.150ms
[4033.760s][info][gc,marking     ] GC(1059) Concurrent Rebuild Remembered Sets and Scrub Regions
[4034.174s][info][gc,marking     ] GC(1059) Concurrent Rebuild Remembered Sets and Scrub Regions 414.189ms
[4034.174s][info][gc,start       ] GC(1059) Pause Cleanup
[4034.174s][info][gc             ] GC(1059) Pause Cleanup 2543M->2543M(4096M) 0.113ms
[4034.175s][info][gc,cpu         ] GC(1059) User=0.00s Sys=0.00s Real=0.00s
[4034.175s][info][gc,marking     ] GC(1059) Concurrent Clear Claimed Marks
[4034.175s][info][gc,marking     ] GC(1059) Concurrent Clear Claimed Marks 0.027ms
[4034.175s][info][gc,marking     ] GC(1059) Concurrent Cleanup for Next Mark
[4034.180s][info][gc,marking     ] GC(1059) Concurrent Cleanup for Next Mark 4.969ms
[4034.180s][info][gc             ] GC(1059) Concurrent Mark Cycle 1287.035ms
.[4035.515s][info][gc,start       ] GC(1060) Pause Young (Prepare Mixed) (G1 Evacuation Pause)
[4035.515s][info][gc,task        ] GC(1060) Using 6 workers of 6 for evacuation
[4035.636s][info][gc,phases      ] GC(1060)   Pre Evacuate Collection Set: 0.34ms
[4035.636s][info][gc,phases      ] GC(1060)   Merge Heap Roots: 0.50ms
[4035.636s][info][gc,phases      ] GC(1060)   Evacuate Collection Set: 118.36ms
[4035.636s][info][gc,phases      ] GC(1060)   Post Evacuate Collection Set: 0.93ms
[4035.636s][info][gc,phases      ] GC(1060)   Other: 0.09ms
[4035.636s][info][gc,heap        ] GC(1060) Eden regions: 1119->0(1105)
[4035.636s][info][gc,heap        ] GC(1060) Survivor regions: 109->111(154)
[4035.636s][info][gc,heap        ] GC(1060) Old regions: 507->538
[4035.636s][info][gc,heap        ] GC(1060) Humongous regions: 80->80
[4035.636s][info][gc,metaspace   ] GC(1060) Metaspace: 28882K(29248K)->28882K(29248K) NonClass: 24015K(24192K)->24015K(24192K) Class: 4867K(5056K)->4867K(5056K)
[4035.636s][info][gc             ] GC(1060) Pause Young (Prepare Mixed) (G1 Evacuation Pause) 3627M->1456M(4096M) 120.375ms
[4035.636s][info][gc,cpu         ] GC(1060) User=0.71s Sys=0.00s Real=0.12s
...[4038.081s][info][gc,start       ] GC(1061) Pause Young (Mixed) (G1 Evacuation Pause)
[4038.081s][info][gc,task        ] GC(1061) Using 6 workers of 6 for evacuation
[4038.219s][info][gc,phases      ] GC(1061)   Pre Evacuate Collection Set: 0.37ms
[4038.219s][info][gc,phases      ] GC(1061)   Merge Heap Roots: 0.75ms
[4038.219s][info][gc,phases      ] GC(1061)   Evacuate Collection Set: 135.29ms
[4038.219s][info][gc,phases      ] GC(1061)   Post Evacuate Collection Set: 0.96ms
[4038.219s][info][gc,phases      ] GC(1061)   Other: 0.09ms
[4038.219s][info][gc,heap        ] GC(1061) Eden regions: 1105->0(1118)
[4038.219s][info][gc,heap        ] GC(1061) Survivor regions: 111->110(152)
[4038.219s][info][gc,heap        ] GC(1061) Old regions: 538->474
[4038.219s][info][gc,heap        ] GC(1061) Humongous regions: 80->80
[4038.219s][info][gc,metaspace   ] GC(1061) Metaspace: 28882K(29248K)->28882K(29248K) NonClass: 24015K(24192K)->24015K(24192K) Class: 4867K(5056K)->4867K(5056K)
[4038.219s][info][gc             ] GC(1061) Pause Young (Mixed) (G1 Evacuation Pause) 3666M->1327M(4096M) 137.651ms
[4038.219s][info][gc,cpu         ] GC(1061) User=0.82s Sys=0.00s Real=0.14s
...[4040.743s][info][gc,start       ] GC(1062) Pause Young (Concurrent Start) (G1 Evacuation Pause)
[4040.743s][info][gc,task        ] GC(1062) Using 6 workers of 6 for evacuation
[4040.859s][info][gc,phases      ] GC(1062)   Pre Evacuate Collection Set: 0.38ms
[4040.859s][info][gc,phases      ] GC(1062)   Merge Heap Roots: 0.45ms
[4040.859s][info][gc,phases      ] GC(1062)   Evacuate Collection Set: 114.03ms
[4040.859s][info][gc,phases      ] GC(1062)   Post Evacuate Collection Set: 0.89ms
[4040.859s][info][gc,phases      ] GC(1062)   Other: 0.09ms
[4040.859s][info][gc,heap        ] GC(1062) Eden regions: 1118->0(1121)
[4040.859s][info][gc,heap        ] GC(1062) Survivor regions: 110->107(154)
[4040.859s][info][gc,heap        ] GC(1062) Old regions: 474->507
[4040.859s][info][gc,heap        ] GC(1062) Humongous regions: 80->80
[4040.859s][info][gc,metaspace   ] GC(1062) Metaspace: 28882K(29248K)->28882K(29248K) NonClass: 24015K(24192K)->24015K(24192K) Class: 4867K(5056K)->4867K(5056K)
[4040.859s][info][gc             ] GC(1062) Pause Young (Concurrent Start) (G1 Evacuation Pause) 3563M->1385M(4096M) 115.963ms
[4040.859s][info][gc             ] GC(1063) Concurrent Mark Cycle
[4040.859s][info][gc,marking     ] GC(1063) Concurrent Scan Root Regions
[4040.859s][info][gc,cpu         ] GC(1062) User=0.68s Sys=0.01s Real=0.12s
[4041.038s][info][gc,marking     ] GC(1063) Concurrent Scan Root Regions 178.894ms
[4041.038s][info][gc,marking     ] GC(1063) Concurrent Mark
[4041.038s][info][gc,marking     ] GC(1063) Concurrent Mark From Roots
[4041.038s][info][gc,task        ] GC(1063) Using 2 workers of 2 for marking
.[4041.957s][info][gc,marking     ] GC(1063) Concurrent Mark From Roots 919.402ms
[4041.957s][info][gc,marking     ] GC(1063) Concurrent Preclean
[4041.957s][info][gc,marking     ] GC(1063) Concurrent Preclean 0.104ms
[4041.957s][info][gc,start       ] GC(1063) Pause Remark
[4041.962s][info][gc             ] GC(1063) Pause Remark 2325M->2325M(4096M) 4.669ms
[4041.962s][info][gc,cpu         ] GC(1063) User=0.02s Sys=0.01s Real=0.00s
[4041.964s][info][gc,marking     ] GC(1063) Concurrent Mark 926.587ms
[4041.964s][info][gc,marking     ] GC(1063) Concurrent Rebuild Remembered Sets and Scrub Regions
[4042.347s][info][gc,marking     ] GC(1063) Concurrent Rebuild Remembered Sets and Scrub Regions 382.953ms
[4042.348s][info][gc,start       ] GC(1063) Pause Cleanup
[4042.348s][info][gc             ] GC(1063) Pause Cleanup 2737M->2737M(4096M) 0.109ms
[4042.348s][info][gc,cpu         ] GC(1063) User=0.00s Sys=0.00s Real=0.00s
[4042.348s][info][gc,marking     ] GC(1063) Concurrent Clear Claimed Marks
[4042.348s][info][gc,marking     ] GC(1063) Concurrent Clear Claimed Marks 0.029ms
[4042.348s][info][gc,marking     ] GC(1063) Concurrent Cleanup for Next Mark
[4042.357s][info][gc,marking     ] GC(1063) Concurrent Cleanup for Next Mark 8.517ms
[4042.357s][info][gc             ] GC(1063) Concurrent Mark Cycle 1498.008ms
.[4043.399s][info][gc,start       ] GC(1064) Pause Young (Prepare Mixed) (G1 Evacuation Pause)
[4043.399s][info][gc,task        ] GC(1064) Using 6 workers of 6 for evacuation
[4043.517s][info][gc,phases      ] GC(1064)   Pre Evacuate Collection Set: 0.35ms
[4043.517s][info][gc,phases      ] GC(1064)   Merge Heap Roots: 0.51ms
[4043.517s][info][gc,phases      ] GC(1064)   Evacuate Collection Set: 116.54ms
[4043.517s][info][gc,phases      ] GC(1064)   Post Evacuate Collection Set: 0.87ms
[4043.517s][info][gc,phases      ] GC(1064)   Other: 0.09ms
[4043.517s][info][gc,heap        ] GC(1064) Eden regions: 1121->0(1109)
[4043.517s][info][gc,heap        ] GC(1064) Survivor regions: 107->109(154)
[4043.517s][info][gc,heap        ] GC(1064) Old regions: 507->538
[4043.517s][info][gc,heap        ] GC(1064) Humongous regions: 80->80
[4043.518s][info][gc,metaspace   ] GC(1064) Metaspace: 28882K(29248K)->28882K(29248K) NonClass: 24015K(24192K)->24015K(24192K) Class: 4867K(5056K)->4867K(5056K)
[4043.518s][info][gc             ] GC(1064) Pause Young (Prepare Mixed) (G1 Evacuation Pause) 3627M->1453M(4096M) 118.498ms
[4043.518s][info][gc,cpu         ] GC(1064) User=0.70s Sys=0.00s Real=0.12s
... (rIR:aIR:PR = 7057:7081:7081) (tPR = 105775) [OK] 
  4045s: Performance info:
         Transaction,    Success,    Partial,     Failed,   Receipts, AvgBarcode, 
             Overall,     429867,          0,          0,     408411,      59.48, 
         Response times:
             Request,    Success,    Partial,     Failed,   SkipFail,     Probes,    Samples,      min,      p50,      p90,      p95,      p99,      max, 
       TotalPurchase,     408416,          0,          0,          0,     363007,     513089,      300,     5900,    48000,    84000,   144100,   297000,
     InStorePurchase,     215266,          0,          0,          0,     191052,     269719,      300,     6000,    49000,    85000,   146000,   264000,
      OnlinePurchase,     150138,          0,          0,          0,     133995,     189276,      300,     5800,    47000,    81000,   143000,   297000,
        InstPurchase,      43012,          0,          0,          0,      37960,      54094,      400,     5700,    49000,    84000,   143050,   276000,
          AssocOfCat,        431,          0,          0,          0,        343,        577,    23000,    38000,   104200,   156100,   201880,   235000,
      AssocOfProduct,       4299,          0,          0,          0,       3916,       5821,      500,     7000,    57000,    98000,   151000,   250000,
      BusinessReport,       1068,          0,          0,          0,        948,       1502,    27000,    42000,   100000,   142850,   201000,   402000,
          CustBuyBeh,       4307,          0,          0,          0,       4006,       5999,      200,     5100,    48000,    82000,   144000,   244000,
       ProductReturn,      11351,          0,          0,          0,       9598,      13882,      200,     5700,    48000,    86000,   140000,   264000,

  4045s: (52%)   IR =   7195 [4046.097s][info][gc,start       ] GC(1065) Pause Young (Mixed) (G1 Evacuation Pause)
[4046.097s][info][gc,task        ] GC(1065) Using 6 workers of 6 for evacuation
[4046.243s][info][gc,phases      ] GC(1065)   Pre Evacuate Collection Set: 0.34ms
[4046.243s][info][gc,phases      ] GC(1065)   Merge Heap Roots: 0.70ms
[4046.243s][info][gc,phases      ] GC(1065)   Evacuate Collection Set: 143.94ms
[4046.243s][info][gc,phases      ] GC(1065)   Post Evacuate Collection Set: 0.94ms
[4046.243s][info][gc,phases      ] GC(1065)   Other: 0.09ms
[4046.243s][info][gc,heap        ] GC(1065) Eden regions: 1109->0(1110)
[4046.243s][info][gc,heap        ] GC(1065) Survivor regions: 109->118(153)
[4046.243s][info][gc,heap        ] GC(1065) Old regions: 538->475
[4046.243s][info][gc,heap        ] GC(1065) Humongous regions: 80->80
[4046.243s][info][gc,metaspace   ] GC(1065) Metaspace: 28882K(29248K)->28882K(29248K) NonClass: 24015K(24192K)->24015K(24192K) Class: 4867K(5056K)->4867K(5056K)
[4046.243s][info][gc             ] GC(1065) Pause Young (Mixed) (G1 Evacuation Pause) 3671M->1343M(4096M) 146.151ms
[4046.243s][info][gc,cpu         ] GC(1065) User=0.87s Sys=0.00s Real=0.14s
..[4048.686s][info][gc,start       ] GC(1066) Pause Young (Concurrent Start) (G1 Evacuation Pause)
[4048.687s][info][gc,task        ] GC(1066) Using 6 workers of 6 for evacuation
[4048.802s][info][gc,phases      ] GC(1066)   Pre Evacuate Collection Set: 0.36ms
[4048.802s][info][gc,phases      ] GC(1066)   Merge Heap Roots: 0.44ms
[4048.802s][info][gc,phases      ] GC(1066)   Evacuate Collection Set: 113.46ms
[4048.802s][info][gc,phases      ] GC(1066)   Post Evacuate Collection Set: 0.87ms
[4048.802s][info][gc,phases      ] GC(1066)   Other: 0.11ms
[4048.802s][info][gc,heap        ] GC(1066) Eden regions: 1110->0(1120)
[4048.802s][info][gc,heap        ] GC(1066) Survivor regions: 118->108(154)
[4048.802s][info][gc,heap        ] GC(1066) Old regions: 475->506
[4048.802s][info][gc,heap        ] GC(1066) Humongous regions: 80->80
[4048.802s][info][gc,metaspace   ] GC(1066) Metaspace: 28882K(29248K)->28882K(29248K) NonClass: 24015K(24192K)->24015K(24192K) Class: 4867K(5056K)->4867K(5056K)
[4048.802s][info][gc             ] GC(1066) Pause Young (Concurrent Start) (G1 Evacuation Pause) 3563M->1386M(4096M) 115.374ms
[4048.802s][info][gc             ] GC(1067) Concurrent Mark Cycle
[4048.802s][info][gc,marking     ] GC(1067) Concurrent Scan Root Regions
[4048.802s][info][gc,cpu         ] GC(1066) User=0.68s Sys=0.00s Real=0.12s
[4048.948s][info][gc,marking     ] GC(1067) Concurrent Scan Root Regions 146.191ms
[4048.948s][info][gc,marking     ] GC(1067) Concurrent Mark
[4048.948s][info][gc,marking     ] GC(1067) Concurrent Mark From Roots
[4048.948s][info][gc,task        ] GC(1067) Using 2 workers of 2 for marking
.[4049.651s][info][gc,marking     ] GC(1067) Concurrent Mark From Roots 703.008ms
[4049.651s][info][gc,marking     ] GC(1067) Concurrent Preclean
[4049.651s][info][gc,marking     ] GC(1067) Concurrent Preclean 0.108ms
[4049.652s][info][gc,start       ] GC(1067) Pause Remark
[4049.655s][info][gc             ] GC(1067) Pause Remark 2107M->2107M(4096M) 3.461ms
[4049.655s][info][gc,cpu         ] GC(1067) User=0.02s Sys=0.00s Real=0.00s
[4049.657s][info][gc,marking     ] GC(1067) Concurrent Mark 708.483ms
[4049.657s][info][gc,marking     ] GC(1067) Concurrent Rebuild Remembered Sets and Scrub Regions
[4049.920s][info][gc,marking     ] GC(1067) Concurrent Rebuild Remembered Sets and Scrub Regions 263.834ms
[4049.921s][info][gc,start       ] GC(1067) Pause Cleanup
[4049.921s][info][gc             ] GC(1067) Pause Cleanup 2308M->2308M(4096M) 0.103ms
[4049.921s][info][gc,cpu         ] GC(1067) User=0.00s Sys=0.00s Real=0.00s
[4049.921s][info][gc,marking     ] GC(1067) Concurrent Clear Claimed Marks
[4049.921s][info][gc,marking     ] GC(1067) Concurrent Clear Claimed Marks 0.022ms
[4049.921s][info][gc,marking     ] GC(1067) Concurrent Cleanup for Next Mark
[4049.925s][info][gc,marking     ] GC(1067) Concurrent Cleanup for Next Mark 3.828ms
[4049.925s][info][gc             ] GC(1067) Concurrent Mark Cycle 1122.861ms
..[4051.299s][info][gc,start       ] GC(1068) Pause Young (Prepare Mixed) (G1 Evacuation Pause)
[4051.299s][info][gc,task        ] GC(1068) Using 6 workers of 6 for evacuation
[4051.419s][info][gc,phases      ] GC(1068)   Pre Evacuate Collection Set: 0.38ms
[4051.419s][info][gc,phases      ] GC(1068)   Merge Heap Roots: 0.52ms
[4051.419s][info][gc,phases      ] GC(1068)   Evacuate Collection Set: 117.77ms
[4051.419s][info][gc,phases      ] GC(1068)   Post Evacuate Collection Set: 0.93ms
[4051.419s][info][gc,phases      ] GC(1068)   Other: 0.09ms
[4051.419s][info][gc,heap        ] GC(1068) Eden regions: 1120->0(1105)
[4051.419s][info][gc,heap        ] GC(1068) Survivor regions: 108->111(154)
[4051.419s][info][gc,heap        ] GC(1068) Old regions: 506->538
[4051.419s][info][gc,heap        ] GC(1068) Humongous regions: 80->80
[4051.419s][info][gc,metaspace   ] GC(1068) Metaspace: 28882K(29248K)->28882K(29248K) NonClass: 24015K(24192K)->24015K(24192K) Class: 4867K(5056K)->4867K(5056K)
[4051.419s][info][gc             ] GC(1068) Pause Young (Prepare Mixed) (G1 Evacuation Pause) 3626M->1456M(4096M) 119.833ms
[4051.419s][info][gc,cpu         ] GC(1068) User=0.71s Sys=0.00s Real=0.12s
..|[4053.901s][info][gc,start       ] GC(1069) Pause Young (Mixed) (G1 Evacuation Pause)
[4053.901s][info][gc,task        ] GC(1069) Using 6 workers of 6 for evacuation
[4054.032s][info][gc,phases      ] GC(1069)   Pre Evacuate Collection Set: 0.39ms
[4054.032s][info][gc,phases      ] GC(1069)   Merge Heap Roots: 0.67ms
[4054.032s][info][gc,phases      ] GC(1069)   Evacuate Collection Set: 128.66ms
[4054.032s][info][gc,phases      ] GC(1069)   Post Evacuate Collection Set: 0.96ms
[4054.032s][info][gc,phases      ] GC(1069)   Other: 0.09ms
[4054.032s][info][gc,heap        ] GC(1069) Eden regions: 1105->0(1119)
[4054.032s][info][gc,heap        ] GC(1069) Survivor regions: 111->109(152)
[4054.032s][info][gc,heap        ] GC(1069) Old regions: 538->473
[4054.032s][info][gc,heap        ] GC(1069) Humongous regions: 80->80
[4054.032s][info][gc,metaspace   ] GC(1069) Metaspace: 28882K(29248K)->28882K(29248K) NonClass: 24015K(24192K)->24015K(24192K) Class: 4867K(5056K)->4867K(5056K)
[4054.032s][info][gc             ] GC(1069) Pause Young (Mixed) (G1 Evacuation Pause) 3666M->1322M(4096M) 130.908ms
[4054.032s][info][gc,cpu         ] GC(1069) User=0.77s Sys=0.00s Real=0.13s
...[4056.514s][info][gc,start       ] GC(1070) Pause Young (Concurrent Start) (G1 Evacuation Pause)
[4056.514s][info][gc,task        ] GC(1070) Using 6 workers of 6 for evacuation
[4056.631s][info][gc,phases      ] GC(1070)   Pre Evacuate Collection Set: 0.33ms
[4056.631s][info][gc,phases      ] GC(1070)   Merge Heap Roots: 0.45ms
[4056.631s][info][gc,phases      ] GC(1070)   Evacuate Collection Set: 115.00ms
[4056.631s][info][gc,phases      ] GC(1070)   Post Evacuate Collection Set: 0.87ms
[4056.631s][info][gc,phases      ] GC(1070)   Other: 0.10ms
[4056.631s][info][gc,heap        ] GC(1070) Eden regions: 1119->0(1120)
[4056.631s][info][gc,heap        ] GC(1070) Survivor regions: 109->108(154)
[4056.631s][info][gc,heap        ] GC(1070) Old regions: 473->506
[4056.631s][info][gc,heap        ] GC(1070) Humongous regions: 80->80
[4056.631s][info][gc,metaspace   ] GC(1070) Metaspace: 28882K(29248K)->28882K(29248K) NonClass: 24015K(24192K)->24015K(24192K) Class: 4867K(5056K)->4867K(5056K)
[4056.631s][info][gc             ] GC(1070) Pause Young (Concurrent Start) (G1 Evacuation Pause) 3560M->1386M(4096M) 116.886ms
[4056.631s][info][gc             ] GC(1071) Concurrent Mark Cycle
[4056.631s][info][gc,marking     ] GC(1071) Concurrent Scan Root Regions
[4056.631s][info][gc,cpu         ] GC(1070) User=0.69s Sys=0.00s Real=0.12s
[4056.809s][info][gc,marking     ] GC(1071) Concurrent Scan Root Regions 178.217ms
[4056.809s][info][gc,marking     ] GC(1071) Concurrent Mark
[4056.809s][info][gc,marking     ] GC(1071) Concurrent Mark From Roots
[4056.809s][info][gc,task        ] GC(1071) Using 2 workers of 2 for marking
.[4057.741s][info][gc,marking     ] GC(1071) Concurrent Mark From Roots 932.236ms
[4057.741s][info][gc,marking     ] GC(1071) Concurrent Preclean
[4057.742s][info][gc,marking     ] GC(1071) Concurrent Preclean 0.109ms
[4057.745s][info][gc,start       ] GC(1071) Pause Remark
[4057.751s][info][gc             ] GC(1071) Pause Remark 2440M->2440M(4096M) 5.524ms
[4057.751s][info][gc,cpu         ] GC(1071) User=0.03s Sys=0.00s Real=0.01s
[4057.752s][info][gc,marking     ] GC(1071) Concurrent Mark 942.425ms
[4057.752s][info][gc,marking     ] GC(1071) Concurrent Rebuild Remembered Sets and Scrub Regions
.[4058.102s][info][gc,marking     ] GC(1071) Concurrent Rebuild Remembered Sets and Scrub Regions 350.179ms
[4058.102s][info][gc,start       ] GC(1071) Pause Cleanup
[4058.102s][info][gc             ] GC(1071) Pause Cleanup 2733M->2733M(4096M) 0.105ms
[4058.102s][info][gc,cpu         ] GC(1071) User=0.00s Sys=0.00s Real=0.00s
[4058.102s][info][gc,marking     ] GC(1071) Concurrent Clear Claimed Marks
[4058.102s][info][gc,marking     ] GC(1071) Concurrent Clear Claimed Marks 0.023ms
[4058.102s][info][gc,marking     ] GC(1071) Concurrent Cleanup for Next Mark
[4058.106s][info][gc,marking     ] GC(1071) Concurrent Cleanup for Next Mark 4.334ms
[4058.106s][info][gc             ] GC(1071) Concurrent Mark Cycle 1475.649ms
.[4059.130s][info][gc,start       ] GC(1072) Pause Young (Prepare Mixed) (G1 Evacuation Pause)
[4059.130s][info][gc,task        ] GC(1072) Using 6 workers of 6 for evacuation
[4059.248s][info][gc,phases      ] GC(1072)   Pre Evacuate Collection Set: 0.32ms
[4059.248s][info][gc,phases      ] GC(1072)   Merge Heap Roots: 0.49ms
[4059.248s][info][gc,phases      ] GC(1072)   Evacuate Collection Set: 116.17ms
[4059.248s][info][gc,phases      ] GC(1072)   Post Evacuate Collection Set: 0.93ms
[4059.248s][info][gc,phases      ] GC(1072)   Other: 0.08ms
[4059.248s][info][gc,heap        ] GC(1072) Eden regions: 1120->0(1108)
[4059.248s][info][gc,heap        ] GC(1072) Survivor regions: 108->110(154)
[4059.248s][info][gc,heap        ] GC(1072) Old regions: 506->537
[4059.248s][info][gc,heap        ] GC(1072) Humongous regions: 80->80
[4059.248s][info][gc,metaspace   ] GC(1072) Metaspace: 28882K(29248K)->28882K(29248K) NonClass: 24015K(24192K)->24015K(24192K) Class: 4867K(5056K)->4867K(5056K)
[4059.248s][info][gc             ] GC(1072) Pause Young (Prepare Mixed) (G1 Evacuation Pause) 3626M->1453M(4096M) 118.130ms
[4059.248s][info][gc,cpu         ] GC(1072) User=0.70s Sys=0.00s Real=0.12s
..[4061.724s][info][gc,start       ] GC(1073) Pause Young (Mixed) (G1 Evacuation Pause)
[4061.724s][info][gc,task        ] GC(1073) Using 6 workers of 6 for evacuation
[4061.862s][info][gc,phases      ] GC(1073)   Pre Evacuate Collection Set: 0.36ms
[4061.862s][info][gc,phases      ] GC(1073)   Merge Heap Roots: 0.75ms
[4061.862s][info][gc,phases      ] GC(1073)   Evacuate Collection Set: 135.79ms
[4061.862s][info][gc,phases      ] GC(1073)   Post Evacuate Collection Set: 0.89ms
[4061.862s][info][gc,phases      ] GC(1073)   Other: 0.09ms
[4061.862s][info][gc,heap        ] GC(1073) Eden regions: 1108->0(1116)
[4061.862s][info][gc,heap        ] GC(1073) Survivor regions: 110->112(153)
[4061.862s][info][gc,heap        ] GC(1073) Old regions: 537->473
[4061.862s][info][gc,heap        ] GC(1073) Humongous regions: 80->80
[4061.862s][info][gc,metaspace   ] GC(1073) Metaspace: 28882K(29248K)->28882K(29248K) NonClass: 24015K(24192K)->24015K(24192K) Class: 4867K(5056K)->4867K(5056K)
[4061.862s][info][gc             ] GC(1073) Pause Young (Mixed) (G1 Evacuation Pause) 3669M->1328M(4096M) 138.019ms
[4061.862s][info][gc,cpu         ] GC(1073) User=0.81s Sys=0.00s Real=0.14s
...[4064.307s][info][gc,start       ] GC(1074) Pause Young (Concurrent Start) (G1 Evacuation Pause)
[4064.307s][info][gc,task        ] GC(1074) Using 6 workers of 6 for evacuation
[4064.427s][info][gc,phases      ] GC(1074)   Pre Evacuate Collection Set: 0.38ms
[4064.427s][info][gc,phases      ] GC(1074)   Merge Heap Roots: 0.45ms
[4064.427s][info][gc,phases      ] GC(1074)   Evacuate Collection Set: 118.86ms
[4064.427s][info][gc,phases      ] GC(1074)   Post Evacuate Collection Set: 0.88ms
[4064.427s][info][gc,phases      ] GC(1074)   Other: 0.11ms
[4064.427s][info][gc,heap        ] GC(1074) Eden regions: 1116->0(1116)
[4064.427s][info][gc,heap        ] GC(1074) Survivor regions: 112->112(154)
[4064.427s][info][gc,heap        ] GC(1074) Old regions: 473->506
[4064.427s][info][gc,heap        ] GC(1074) Humongous regions: 80->80
[4064.427s][info][gc,metaspace   ] GC(1074) Metaspace: 28882K(29248K)->28882K(29248K) NonClass: 24015K(24192K)->24015K(24192K) Class: 4867K(5056K)->4867K(5056K)
[4064.428s][info][gc             ] GC(1074) Pause Young (Concurrent Start) (G1 Evacuation Pause) 3560M->1393M(4096M) 120.800ms
[4064.428s][info][gc             ] GC(1075) Concurrent Mark Cycle
[4064.428s][info][gc,marking     ] GC(1075) Concurrent Scan Root Regions
[4064.428s][info][gc,cpu         ] GC(1074) User=0.71s Sys=0.00s Real=0.13s
[4064.631s][info][gc,marking     ] GC(1075) Concurrent Scan Root Regions 203.063ms
[4064.631s][info][gc,marking     ] GC(1075) Concurrent Mark
[4064.631s][info][gc,marking     ] GC(1075) Concurrent Mark From Roots
[4064.631s][info][gc,task        ] GC(1075) Using 2 workers of 2 for marking
.[4065.539s][info][gc,marking     ] GC(1075) Concurrent Mark From Roots 908.758ms
[4065.540s][info][gc,marking     ] GC(1075) Concurrent Preclean
[4065.540s][info][gc,marking     ] GC(1075) Concurrent Preclean 0.099ms
[4065.541s][info][gc,start       ] GC(1075) Pause Remark
[4065.546s][info][gc             ] GC(1075) Pause Remark 2417M->2417M(4096M) 5.728ms
[4065.546s][info][gc,cpu         ] GC(1075) User=0.03s Sys=0.00s Real=0.00s
[4065.549s][info][gc,marking     ] GC(1075) Concurrent Mark 918.101ms
[4065.549s][info][gc,marking     ] GC(1075) Concurrent Rebuild Remembered Sets and Scrub Regions
[4065.912s][info][gc,marking     ] GC(1075) Concurrent Rebuild Remembered Sets and Scrub Regions 363.211ms
[4065.912s][info][gc,start       ] GC(1075) Pause Cleanup
[4065.912s][info][gc             ] GC(1075) Pause Cleanup 2774M->2774M(4096M) 0.099ms
[4065.912s][info][gc,cpu         ] GC(1075) User=0.00s Sys=0.00s Real=0.00s
[4065.912s][info][gc,marking     ] GC(1075) Concurrent Clear Claimed Marks
[4065.912s][info][gc,marking     ] GC(1075) Concurrent Clear Claimed Marks 0.022ms
[4065.912s][info][gc,marking     ] GC(1075) Concurrent Cleanup for Next Mark
[4065.916s][info][gc,marking     ] GC(1075) Concurrent Cleanup for Next Mark 3.234ms
[4065.916s][info][gc             ] GC(1075) Concurrent Mark Cycle 1488.100ms
.[4066.910s][info][gc,start       ] GC(1076) Pause Young (Prepare Mixed) (G1 Evacuation Pause)
[4066.910s][info][gc,task        ] GC(1076) Using 6 workers of 6 for evacuation
[4067.029s][info][gc,phases      ] GC(1076)   Pre Evacuate Collection Set: 0.34ms
[4067.029s][info][gc,phases      ] GC(1076)   Merge Heap Roots: 0.49ms
[4067.029s][info][gc,phases      ] GC(1076)   Evacuate Collection Set: 117.30ms
[4067.029s][info][gc,phases      ] GC(1076)   Post Evacuate Collection Set: 0.92ms
[4067.029s][info][gc,phases      ] GC(1076)   Other: 0.08ms
[4067.029s][info][gc,heap        ] GC(1076) Eden regions: 1116->0(1106)
[4067.029s][info][gc,heap        ] GC(1076) Survivor regions: 112->111(154)
[4067.029s][info][gc,heap        ] GC(1076) Old regions: 506->537
[4067.029s][info][gc,heap        ] GC(1076) Humongous regions: 80->80
[4067.029s][info][gc,metaspace   ] GC(1076) Metaspace: 28882K(29248K)->28882K(29248K) NonClass: 24015K(24192K)->24015K(24192K) Class: 4867K(5056K)->4867K(5056K)
[4067.029s][info][gc             ] GC(1076) Pause Young (Prepare Mixed) (G1 Evacuation Pause) 3625M->1454M(4096M) 119.262ms
[4067.029s][info][gc,cpu         ] GC(1076) User=0.71s Sys=0.00s Real=0.12s
...[4069.477s][info][gc,start       ] GC(1077) Pause Young (Mixed) (G1 Evacuation Pause)
[4069.477s][info][gc,task        ] GC(1077) Using 6 workers of 6 for evacuation
[4069.613s][info][gc,phases      ] GC(1077)   Pre Evacuate Collection Set: 0.36ms
[4069.613s][info][gc,phases      ] GC(1077)   Merge Heap Roots: 0.68ms
[4069.613s][info][gc,phases      ] GC(1077)   Evacuate Collection Set: 133.71ms
[4069.613s][info][gc,phases      ] GC(1077)   Post Evacuate Collection Set: 0.93ms
[4069.613s][info][gc,phases      ] GC(1077)   Other: 0.10ms
[4069.613s][info][gc,heap        ] GC(1077) Eden regions: 1106->0(1118)
[4069.613s][info][gc,heap        ] GC(1077) Survivor regions: 111->110(153)
[4069.613s][info][gc,heap        ] GC(1077) Old regions: 537->474
[4069.613s][info][gc,heap        ] GC(1077) Humongous regions: 80->80
[4069.613s][info][gc,metaspace   ] GC(1077) Metaspace: 28882K(29248K)->28882K(29248K) NonClass: 24015K(24192K)->24015K(24192K) Class: 4867K(5056K)->4867K(5056K)
[4069.613s][info][gc             ] GC(1077) Pause Young (Mixed) (G1 Evacuation Pause) 3666M->1326M(4096M) 135.935ms
[4069.613s][info][gc,cpu         ] GC(1077) User=0.80s Sys=0.00s Real=0.13s
..[4072.105s][info][gc,start       ] GC(1078) Pause Young (Concurrent Start) (G1 Evacuation Pause)
[4072.105s][info][gc,task        ] GC(1078) Using 6 workers of 6 for evacuation
[4072.232s][info][gc,phases      ] GC(1078)   Pre Evacuate Collection Set: 0.37ms
[4072.232s][info][gc,phases      ] GC(1078)   Merge Heap Roots: 0.44ms
[4072.232s][info][gc,phases      ] GC(1078)   Evacuate Collection Set: 125.50ms
[4072.232s][info][gc,phases      ] GC(1078)   Post Evacuate Collection Set: 0.90ms
[4072.233s][info][gc,phases      ] GC(1078)   Other: 0.12ms
[4072.233s][info][gc,heap        ] GC(1078) Eden regions: 1118->0(1113)
[4072.233s][info][gc,heap        ] GC(1078) Survivor regions: 110->115(154)
[4072.233s][info][gc,heap        ] GC(1078) Old regions: 474->507
[4072.233s][info][gc,heap        ] GC(1078) Humongous regions: 80->80
[4072.233s][info][gc,metaspace   ] GC(1078) Metaspace: 28882K(29248K)->28882K(29248K) NonClass: 24015K(24192K)->24015K(24192K) Class: 4867K(5056K)->4867K(5056K)
[4072.233s][info][gc             ] GC(1078) Pause Young (Concurrent Start) (G1 Evacuation Pause) 3562M->1402M(4096M) 127.456ms
[4072.233s][info][gc             ] GC(1079) Concurrent Mark Cycle
[4072.233s][info][gc,marking     ] GC(1079) Concurrent Scan Root Regions
[4072.233s][info][gc,cpu         ] GC(1078) User=0.76s Sys=0.00s Real=0.13s
.[4072.426s][info][gc,marking     ] GC(1079) Concurrent Scan Root Regions 193.727ms
[4072.426s][info][gc,marking     ] GC(1079) Concurrent Mark
[4072.426s][info][gc,marking     ] GC(1079) Concurrent Mark From Roots
[4072.426s][info][gc,task        ] GC(1079) Using 2 workers of 2 for marking
.[4073.347s][info][gc,marking     ] GC(1079) Concurrent Mark From Roots 920.886ms
[4073.347s][info][gc,marking     ] GC(1079) Concurrent Preclean
[4073.347s][info][gc,marking     ] GC(1079) Concurrent Preclean 0.077ms
[4073.348s][info][gc,start       ] GC(1079) Pause Remark
[4073.353s][info][gc             ] GC(1079) Pause Remark 2446M->2446M(4096M) 5.086ms
[4073.353s][info][gc,cpu         ] GC(1079) User=0.03s Sys=0.00s Real=0.00s
[4073.353s][info][gc,marking     ] GC(1079) Concurrent Mark 926.304ms
[4073.353s][info][gc,marking     ] GC(1079) Concurrent Rebuild Remembered Sets and Scrub Regions
[4073.658s][info][gc,marking     ] GC(1079) Concurrent Rebuild Remembered Sets and Scrub Regions 305.212ms
[4073.658s][info][gc,start       ] GC(1079) Pause Cleanup
[4073.658s][info][gc             ] GC(1079) Pause Cleanup 2696M->2696M(4096M) 0.112ms
[4073.658s][info][gc,cpu         ] GC(1079) User=0.00s Sys=0.00s Real=0.00s
[4073.658s][info][gc,marking     ] GC(1079) Concurrent Clear Claimed Marks
[4073.658s][info][gc,marking     ] GC(1079) Concurrent Clear Claimed Marks 0.021ms
[4073.658s][info][gc,marking     ] GC(1079) Concurrent Cleanup for Next Mark
[4073.663s][info][gc,marking     ] GC(1079) Concurrent Cleanup for Next Mark 4.575ms
[4073.663s][info][gc             ] GC(1079) Concurrent Mark Cycle 1430.336ms
.[4074.662s][info][gc,start       ] GC(1080) Pause Young (Prepare Mixed) (G1 Evacuation Pause)
[4074.662s][info][gc,task        ] GC(1080) Using 6 workers of 6 for evacuation
[4074.779s][info][gc,phases      ] GC(1080)   Pre Evacuate Collection Set: 0.32ms
[4074.779s][info][gc,phases      ] GC(1080)   Merge Heap Roots: 0.49ms
[4074.779s][info][gc,phases      ] GC(1080)   Evacuate Collection Set: 115.48ms
[4074.779s][info][gc,phases      ] GC(1080)   Post Evacuate Collection Set: 0.92ms
[4074.779s][info][gc,phases      ] GC(1080)   Other: 0.08ms
[4074.779s][info][gc,heap        ] GC(1080) Eden regions: 1113->0(1109)
[4074.779s][info][gc,heap        ] GC(1080) Survivor regions: 115->109(154)
[4074.779s][info][gc,heap        ] GC(1080) Old regions: 507->538
[4074.779s][info][gc,heap        ] GC(1080) Humongous regions: 80->80
[4074.779s][info][gc,metaspace   ] GC(1080) Metaspace: 28882K(29248K)->28882K(29248K) NonClass: 24015K(24192K)->24015K(24192K) Class: 4867K(5056K)->4867K(5056K)
[4074.779s][info][gc             ] GC(1080) Pause Young (Prepare Mixed) (G1 Evacuation Pause) 3628M->1453M(4096M) 117.438ms
[4074.779s][info][gc,cpu         ] GC(1080) User=0.70s Sys=0.01s Real=0.12s
...[4077.268s][info][gc,start       ] GC(1081) Pause Young (Mixed) (G1 Evacuation Pause)
[4077.269s][info][gc,task        ] GC(1081) Using 6 workers of 6 for evacuation
[4077.404s][info][gc,phases      ] GC(1081)   Pre Evacuate Collection Set: 0.36ms
[4077.404s][info][gc,phases      ] GC(1081)   Merge Heap Roots: 0.60ms
[4077.404s][info][gc,phases      ] GC(1081)   Evacuate Collection Set: 133.56ms
[4077.404s][info][gc,phases      ] GC(1081)   Post Evacuate Collection Set: 0.96ms
[4077.404s][info][gc,phases      ] GC(1081)   Other: 0.09ms
[4077.404s][info][gc,heap        ] GC(1081) Eden regions: 1109->0(1115)
[4077.404s][info][gc,heap        ] GC(1081) Survivor regions: 109->113(153)
[4077.404s][info][gc,heap        ] GC(1081) Old regions: 538->473
[4077.404s][info][gc,heap        ] GC(1081) Humongous regions: 80->80
[4077.404s][info][gc,metaspace   ] GC(1081) Metaspace: 28882K(29248K)->28882K(29248K) NonClass: 24015K(24192K)->24015K(24192K) Class: 4867K(5056K)->4867K(5056K)
[4077.404s][info][gc             ] GC(1081) Pause Young (Mixed) (G1 Evacuation Pause) 3671M->1331M(4096M) 135.705ms
[4077.404s][info][gc,cpu         ] GC(1081) User=0.80s Sys=0.00s Real=0.13s
..[4079.801s][info][gc,start       ] GC(1082) Pause Young (Concurrent Start) (G1 Evacuation Pause)
[4079.802s][info][gc,task        ] GC(1082) Using 6 workers of 6 for evacuation
[4079.918s][info][gc,phases      ] GC(1082)   Pre Evacuate Collection Set: 0.32ms
[4079.918s][info][gc,phases      ] GC(1082)   Merge Heap Roots: 0.47ms
[4079.918s][info][gc,phases      ] GC(1082)   Evacuate Collection Set: 114.83ms
[4079.918s][info][gc,phases      ] GC(1082)   Post Evacuate Collection Set: 0.90ms
[4079.918s][info][gc,phases      ] GC(1082)   Other: 0.11ms
[4079.918s][info][gc,heap        ] GC(1082) Eden regions: 1115->0(1119)
[4079.918s][info][gc,heap        ] GC(1082) Survivor regions: 113->109(154)
[4079.918s][info][gc,heap        ] GC(1082) Old regions: 473->505
[4079.918s][info][gc,heap        ] GC(1082) Humongous regions: 80->80
[4079.918s][info][gc,metaspace   ] GC(1082) Metaspace: 28882K(29248K)->28882K(29248K) NonClass: 24015K(24192K)->24015K(24192K) Class: 4867K(5056K)->4867K(5056K)
[4079.918s][info][gc             ] GC(1082) Pause Young (Concurrent Start) (G1 Evacuation Pause) 3561M->1386M(4096M) 116.776ms
[4079.918s][info][gc             ] GC(1083) Concurrent Mark Cycle
[4079.918s][info][gc,marking     ] GC(1083) Concurrent Scan Root Regions
[4079.918s][info][gc,cpu         ] GC(1082) User=0.69s Sys=0.00s Real=0.12s
[4080.101s][info][gc,marking     ] GC(1083) Concurrent Scan Root Regions 182.382ms
[4080.101s][info][gc,marking     ] GC(1083) Concurrent Mark
[4080.101s][info][gc,marking     ] GC(1083) Concurrent Mark From Roots
[4080.101s][info][gc,task        ] GC(1083) Using 2 workers of 2 for marking
.[4080.875s][info][gc,marking     ] GC(1083) Concurrent Mark From Roots 774.660ms
[4080.875s][info][gc,marking     ] GC(1083) Concurrent Preclean
[4080.876s][info][gc,marking     ] GC(1083) Concurrent Preclean 0.090ms
[4080.879s][info][gc,start       ] GC(1083) Pause Remark
[4080.884s][info][gc             ] GC(1083) Pause Remark 2204M->2204M(4096M) 4.396ms
[4080.884s][info][gc,cpu         ] GC(1083) User=0.03s Sys=0.00s Real=0.00s
[4080.884s][info][gc,marking     ] GC(1083) Concurrent Mark 782.880ms
[4080.884s][info][gc,marking     ] GC(1083) Concurrent Rebuild Remembered Sets and Scrub Regions
[4081.154s][info][gc,marking     ] GC(1083) Concurrent Rebuild Remembered Sets and Scrub Regions 270.175ms
[4081.154s][info][gc,start       ] GC(1083) Pause Cleanup
[4081.154s][info][gc             ] GC(1083) Pause Cleanup 2477M->2477M(4096M) 0.110ms
[4081.154s][info][gc,cpu         ] GC(1083) User=0.00s Sys=0.00s Real=0.00s
[4081.155s][info][gc,marking     ] GC(1083) Concurrent Clear Claimed Marks
[4081.155s][info][gc,marking     ] GC(1083) Concurrent Clear Claimed Marks 0.035ms
[4081.155s][info][gc,marking     ] GC(1083) Concurrent Cleanup for Next Mark
[4081.162s][info][gc,marking     ] GC(1083) Concurrent Cleanup for Next Mark 6.881ms
[4081.162s][info][gc             ] GC(1083) Concurrent Mark Cycle 1243.477ms
..[4082.494s][info][gc,start       ] GC(1084) Pause Young (Prepare Mixed) (G1 Evacuation Pause)
[4082.494s][info][gc,task        ] GC(1084) Using 6 workers of 6 for evacuation
[4082.615s][info][gc,phases      ] GC(1084)   Pre Evacuate Collection Set: 0.35ms
[4082.615s][info][gc,phases      ] GC(1084)   Merge Heap Roots: 0.47ms
[4082.615s][info][gc,phases      ] GC(1084)   Evacuate Collection Set: 119.79ms
[4082.615s][info][gc,phases      ] GC(1084)   Post Evacuate Collection Set: 0.97ms
[4082.615s][info][gc,phases      ] GC(1084)   Other: 0.09ms
[4082.615s][info][gc,heap        ] GC(1084) Eden regions: 1119->0(1102)
[4082.615s][info][gc,heap        ] GC(1084) Survivor regions: 109->113(154)
[4082.615s][info][gc,heap        ] GC(1084) Old regions: 505->537
[4082.615s][info][gc,heap        ] GC(1084) Humongous regions: 80->80
[4082.615s][info][gc,metaspace   ] GC(1084) Metaspace: 28882K(29248K)->28882K(29248K) NonClass: 24015K(24192K)->24015K(24192K) Class: 4867K(5056K)->4867K(5056K)
[4082.615s][info][gc             ] GC(1084) Pause Young (Prepare Mixed) (G1 Evacuation Pause) 3624M->1458M(4096M) 121.799ms
[4082.615s][info][gc,cpu         ] GC(1084) User=0.72s Sys=0.00s Real=0.12s
..[4085.104s][info][gc,start       ] GC(1085) Pause Young (Mixed) (G1 Evacuation Pause)
[4085.104s][info][gc,task        ] GC(1085) Using 6 workers of 6 for evacuation
[4085.244s][info][gc,phases      ] GC(1085)   Pre Evacuate Collection Set: 0.36ms
[4085.244s][info][gc,phases      ] GC(1085)   Merge Heap Roots: 0.75ms
[4085.244s][info][gc,phases      ] GC(1085)   Evacuate Collection Set: 138.08ms
[4085.244s][info][gc,phases      ] GC(1085)   Post Evacuate Collection Set: 0.94ms
[4085.244s][info][gc,phases      ] GC(1085)   Other: 0.09ms
[4085.244s][info][gc,heap        ] GC(1085) Eden regions: 1102->0(1116)
[4085.244s][info][gc,heap        ] GC(1085) Survivor regions: 113->112(152)
[4085.244s][info][gc,heap        ] GC(1085) Old regions: 537->474
[4085.244s][info][gc,heap        ] GC(1085) Humongous regions: 80->80
[4085.244s][info][gc,metaspace   ] GC(1085) Metaspace: 28882K(29248K)->28882K(29248K) NonClass: 24015K(24192K)->24015K(24192K) Class: 4867K(5056K)->4867K(5056K)
[4085.244s][info][gc             ] GC(1085) Pause Young (Mixed) (G1 Evacuation Pause) 3662M->1331M(4096M) 140.349ms
[4085.244s][info][gc,cpu         ] GC(1085) User=0.83s Sys=0.00s Real=0.14s
...[4087.674s][info][gc,start       ] GC(1086) Pause Young (Concurrent Start) (G1 Evacuation Pause)
[4087.674s][info][gc,task        ] GC(1086) Using 6 workers of 6 for evacuation
[4087.791s][info][gc,phases      ] GC(1086)   Pre Evacuate Collection Set: 0.39ms
[4087.791s][info][gc,phases      ] GC(1086)   Merge Heap Roots: 0.46ms
[4087.791s][info][gc,phases      ] GC(1086)   Evacuate Collection Set: 114.76ms
[4087.791s][info][gc,phases      ] GC(1086)   Post Evacuate Collection Set: 0.90ms
[4087.791s][info][gc,phases      ] GC(1086)   Other: 0.11ms
[4087.791s][info][gc,heap        ] GC(1086) Eden regions: 1116->0(1118)
[4087.791s][info][gc,heap        ] GC(1086) Survivor regions: 112->110(154)
[4087.791s][info][gc,heap        ] GC(1086) Old regions: 474->506
[4087.791s][info][gc,heap        ] GC(1086) Humongous regions: 80->80
[4087.791s][info][gc,metaspace   ] GC(1086) Metaspace: 28882K(29248K)->28882K(29248K) NonClass: 24015K(24192K)->24015K(24192K) Class: 4867K(5056K)->4867K(5056K)
[4087.791s][info][gc             ] GC(1086) Pause Young (Concurrent Start) (G1 Evacuation Pause) 3563M->1390M(4096M) 116.754ms
[4087.791s][info][gc             ] GC(1087) Concurrent Mark Cycle
[4087.791s][info][gc,marking     ] GC(1087) Concurrent Scan Root Regions
[4087.791s][info][gc,cpu         ] GC(1086) User=0.69s Sys=0.00s Real=0.12s
[4087.937s][info][gc,marking     ] GC(1087) Concurrent Scan Root Regions 145.743ms
[4087.937s][info][gc,marking     ] GC(1087) Concurrent Mark
[4087.937s][info][gc,marking     ] GC(1087) Concurrent Mark From Roots
[4087.937s][info][gc,task        ] GC(1087) Using 2 workers of 2 for marking
.[4088.633s][info][gc,marking     ] GC(1087) Concurrent Mark From Roots 695.993ms
[4088.633s][info][gc,marking     ] GC(1087) Concurrent Preclean
[4088.633s][info][gc,marking     ] GC(1087) Concurrent Preclean 0.097ms
[4088.635s][info][gc,start       ] GC(1087) Pause Remark
[4088.639s][info][gc             ] GC(1087) Pause Remark 2120M->2120M(4096M) 4.670ms
[4088.640s][info][gc,cpu         ] GC(1087) User=0.03s Sys=0.00s Real=0.01s
[4088.640s][info][gc,marking     ] GC(1087) Concurrent Mark 703.241ms
[4088.640s][info][gc,marking     ] GC(1087) Concurrent Rebuild Remembered Sets and Scrub Regions
[4088.986s][info][gc,marking     ] GC(1087) Concurrent Rebuild Remembered Sets and Scrub Regions 346.263ms
[4088.986s][info][gc,start       ] GC(1087) Pause Cleanup
[4088.986s][info][gc             ] GC(1087) Pause Cleanup 2464M->2464M(4096M) 0.112ms
[4088.986s][info][gc,cpu         ] GC(1087) User=0.00s Sys=0.00s Real=0.00s
[4088.986s][info][gc,marking     ] GC(1087) Concurrent Clear Claimed Marks
[4088.987s][info][gc,marking     ] GC(1087) Concurrent Clear Claimed Marks 0.031ms
[4088.987s][info][gc,marking     ] GC(1087) Concurrent Cleanup for Next Mark
[4088.992s][info][gc,marking     ] GC(1087) Concurrent Cleanup for Next Mark 5.393ms
[4088.992s][info][gc             ] GC(1087) Concurrent Mark Cycle 1201.208ms
.[4090.270s][info][gc,start       ] GC(1088) Pause Young (Prepare Mixed) (G1 Evacuation Pause)
[4090.271s][info][gc,task        ] GC(1088) Using 6 workers of 6 for evacuation
[4090.396s][info][gc,phases      ] GC(1088)   Pre Evacuate Collection Set: 0.31ms
[4090.396s][info][gc,phases      ] GC(1088)   Merge Heap Roots: 0.49ms
[4090.396s][info][gc,phases      ] GC(1088)   Evacuate Collection Set: 123.28ms
[4090.396s][info][gc,phases      ] GC(1088)   Post Evacuate Collection Set: 0.94ms
[4090.396s][info][gc,phases      ] GC(1088)   Other: 0.09ms
[4090.396s][info][gc,heap        ] GC(1088) Eden regions: 1118->0(1097)
[4090.396s][info][gc,heap        ] GC(1088) Survivor regions: 110->115(154)
[4090.396s][info][gc,heap        ] GC(1088) Old regions: 506->538
[4090.396s][info][gc,heap        ] GC(1088) Humongous regions: 80->80
[4090.396s][info][gc,metaspace   ] GC(1088) Metaspace: 28882K(29248K)->28882K(29248K) NonClass: 24015K(24192K)->24015K(24192K) Class: 4867K(5056K)->4867K(5056K)
[4090.396s][info][gc             ] GC(1088) Pause Young (Prepare Mixed) (G1 Evacuation Pause) 3626M->1465M(4096M) 125.238ms
[4090.396s][info][gc,cpu         ] GC(1088) User=0.74s Sys=0.00s Real=0.12s
...[4092.865s][info][gc,start       ] GC(1089) Pause Young (Mixed) (G1 Evacuation Pause)
[4092.865s][info][gc,task        ] GC(1089) Using 6 workers of 6 for evacuation
[4092.997s][info][gc,phases      ] GC(1089)   Pre Evacuate Collection Set: 0.37ms
[4092.997s][info][gc,phases      ] GC(1089)   Merge Heap Roots: 0.63ms
[4092.997s][info][gc,phases      ] GC(1089)   Evacuate Collection Set: 130.01ms
[4092.997s][info][gc,phases      ] GC(1089)   Post Evacuate Collection Set: 0.94ms
[4092.997s][info][gc,phases      ] GC(1089)   Other: 0.09ms
[4092.997s][info][gc,heap        ] GC(1089) Eden regions: 1097->0(1119)
[4092.997s][info][gc,heap        ] GC(1089) Survivor regions: 115->109(152)
[4092.997s][info][gc,heap        ] GC(1089) Old regions: 538->474
[4092.997s][info][gc,heap        ] GC(1089) Humongous regions: 80->80
[4092.997s][info][gc,metaspace   ] GC(1089) Metaspace: 28882K(29248K)->28882K(29248K) NonClass: 24015K(24192K)->24015K(24192K) Class: 4867K(5056K)->4867K(5056K)
[4092.997s][info][gc             ] GC(1089) Pause Young (Mixed) (G1 Evacuation Pause) 3659M->1323M(4096M) 132.180ms
[4092.997s][info][gc,cpu         ] GC(1089) User=0.78s Sys=0.00s Real=0.14s
...[4095.432s][info][gc,start       ] GC(1090) Pause Young (Concurrent Start) (G1 Evacuation Pause)
[4095.432s][info][gc,task        ] GC(1090) Using 6 workers of 6 for evacuation
[4095.545s][info][gc,phases      ] GC(1090)   Pre Evacuate Collection Set: 0.37ms
[4095.545s][info][gc,phases      ] GC(1090)   Merge Heap Roots: 0.45ms
[4095.545s][info][gc,phases      ] GC(1090)   Evacuate Collection Set: 111.85ms
[4095.545s][info][gc,phases      ] GC(1090)   Post Evacuate Collection Set: 0.88ms
[4095.545s][info][gc,phases      ] GC(1090)   Other: 0.09ms
[4095.545s][info][gc,heap        ] GC(1090) Eden regions: 1119->0(1122)
[4095.545s][info][gc,heap        ] GC(1090) Survivor regions: 109->106(154)
[4095.545s][info][gc,heap        ] GC(1090) Old regions: 474->506
[4095.545s][info][gc,heap        ] GC(1090) Humongous regions: 80->80
[4095.545s][info][gc,metaspace   ] GC(1090) Metaspace: 28882K(29248K)->28882K(29248K) NonClass: 24015K(24192K)->24015K(24192K) Class: 4867K(5056K)->4867K(5056K)
[4095.545s][info][gc             ] GC(1090) Pause Young (Concurrent Start) (G1 Evacuation Pause) 3561M->1381M(4096M) 113.773ms
[4095.545s][info][gc             ] GC(1091) Concurrent Mark Cycle
[4095.545s][info][gc,marking     ] GC(1091) Concurrent Scan Root Regions
[4095.545s][info][gc,cpu         ] GC(1090) User=0.67s Sys=0.00s Real=0.11s
[4095.721s][info][gc,marking     ] GC(1091) Concurrent Scan Root Regions 175.501ms
[4095.721s][info][gc,marking     ] GC(1091) Concurrent Mark
[4095.721s][info][gc,marking     ] GC(1091) Concurrent Mark From Roots
[4095.721s][info][gc,task        ] GC(1091) Using 2 workers of 2 for marking
.[4096.715s][info][gc,marking     ] GC(1091) Concurrent Mark From Roots 993.877ms
[4096.715s][info][gc,marking     ] GC(1091) Concurrent Preclean
[4096.715s][info][gc,marking     ] GC(1091) Concurrent Preclean 0.113ms
[4096.716s][info][gc,start       ] GC(1091) Pause Remark
[4096.721s][info][gc             ] GC(1091) Pause Remark 2455M->2455M(4096M) 5.115ms
[4096.721s][info][gc,cpu         ] GC(1091) User=0.03s Sys=0.00s Real=0.01s
[4096.721s][info][gc,marking     ] GC(1091) Concurrent Mark 1000.068ms
[4096.721s][info][gc,marking     ] GC(1091) Concurrent Rebuild Remembered Sets and Scrub Regions
[4097.038s][info][gc,marking     ] GC(1091) Concurrent Rebuild Remembered Sets and Scrub Regions 317.247ms
[4097.039s][info][gc,start       ] GC(1091) Pause Cleanup
[4097.039s][info][gc             ] GC(1091) Pause Cleanup 2709M->2709M(4096M) 0.107ms
[4097.039s][info][gc,cpu         ] GC(1091) User=0.00s Sys=0.00s Real=0.00s
[4097.039s][info][gc,marking     ] GC(1091) Concurrent Clear Claimed Marks
[4097.039s][info][gc,marking     ] GC(1091) Concurrent Clear Claimed Marks 0.038ms
[4097.039s][info][gc,marking     ] GC(1091) Concurrent Cleanup for Next Mark
[4097.044s][info][gc,marking     ] GC(1091) Concurrent Cleanup for Next Mark 4.821ms
[4097.044s][info][gc             ] GC(1091) Concurrent Mark Cycle 1498.891ms
.[4098.102s][info][gc,start       ] GC(1092) Pause Young (Prepare Mixed) (G1 Evacuation Pause)
[4098.102s][info][gc,task        ] GC(1092) Using 6 workers of 6 for evacuation
[4098.224s][info][gc,phases      ] GC(1092)   Pre Evacuate Collection Set: 0.34ms
[4098.224s][info][gc,phases      ] GC(1092)   Merge Heap Roots: 0.47ms
[4098.224s][info][gc,phases      ] GC(1092)   Evacuate Collection Set: 119.72ms
[4098.224s][info][gc,phases      ] GC(1092)   Post Evacuate Collection Set: 0.96ms
[4098.224s][info][gc,phases      ] GC(1092)   Other: 0.09ms
[4098.224s][info][gc,heap        ] GC(1092) Eden regions: 1122->0(1104)
[4098.224s][info][gc,heap        ] GC(1092) Survivor regions: 106->112(154)
[4098.224s][info][gc,heap        ] GC(1092) Old regions: 506->537
[4098.224s][info][gc,heap        ] GC(1092) Humongous regions: 80->80
[4098.224s][info][gc,metaspace   ] GC(1092) Metaspace: 28882K(29248K)->28882K(29248K) NonClass: 24015K(24192K)->24015K(24192K) Class: 4867K(5056K)->4867K(5056K)
[4098.224s][info][gc             ] GC(1092) Pause Young (Prepare Mixed) (G1 Evacuation Pause) 3625M->1457M(4096M) 121.731ms
[4098.224s][info][gc,cpu         ] GC(1092) User=0.72s Sys=0.00s Real=0.12s
...[4100.653s][info][gc,start       ] GC(1093) Pause Young (Mixed) (G1 Evacuation Pause)
[4100.653s][info][gc,task        ] GC(1093) Using 6 workers of 6 for evacuation
[4100.785s][info][gc,phases      ] GC(1093)   Pre Evacuate Collection Set: 0.38ms
[4100.785s][info][gc,phases      ] GC(1093)   Merge Heap Roots: 0.59ms
[4100.785s][info][gc,phases      ] GC(1093)   Evacuate Collection Set: 130.39ms
[4100.785s][info][gc,phases      ] GC(1093)   Post Evacuate Collection Set: 0.96ms
[4100.785s][info][gc,phases      ] GC(1093)   Other: 0.10ms
[4100.785s][info][gc,heap        ] GC(1093) Eden regions: 1104->0(1119)
[4100.785s][info][gc,heap        ] GC(1093) Survivor regions: 112->109(152)
[4100.785s][info][gc,heap        ] GC(1093) Old regions: 537->473
[4100.785s][info][gc,heap        ] GC(1093) Humongous regions: 80->80
[4100.785s][info][gc,metaspace   ] GC(1093) Metaspace: 28882K(29248K)->28882K(29248K) NonClass: 24015K(24192K)->24015K(24192K) Class: 4867K(5056K)->4867K(5056K)
[4100.785s][info][gc             ] GC(1093) Pause Young (Mixed) (G1 Evacuation Pause) 3665M->1321M(4096M) 132.528ms
[4100.785s][info][gc,cpu         ] GC(1093) User=0.79s Sys=0.00s Real=0.13s
..[4103.278s][info][gc,start       ] GC(1094) Pause Young (Concurrent Start) (G1 Evacuation Pause)
[4103.278s][info][gc,task        ] GC(1094) Using 6 workers of 6 for evacuation
[4103.401s][info][gc,phases      ] GC(1094)   Pre Evacuate Collection Set: 0.34ms
[4103.401s][info][gc,phases      ] GC(1094)   Merge Heap Roots: 0.45ms
[4103.401s][info][gc,phases      ] GC(1094)   Evacuate Collection Set: 121.27ms
[4103.401s][info][gc,phases      ] GC(1094)   Post Evacuate Collection Set: 0.92ms
[4103.401s][info][gc,phases      ] GC(1094)   Other: 0.11ms
[4103.401s][info][gc,heap        ] GC(1094) Eden regions: 1119->0(1115)
[4103.401s][info][gc,heap        ] GC(1094) Survivor regions: 109->113(154)
[4103.401s][info][gc,heap        ] GC(1094) Old regions: 473->505
[4103.401s][info][gc,heap        ] GC(1094) Humongous regions: 80->80
[4103.401s][info][gc,metaspace   ] GC(1094) Metaspace: 28882K(29248K)->28882K(29248K) NonClass: 24015K(24192K)->24015K(24192K) Class: 4867K(5056K)->4867K(5056K)
[4103.401s][info][gc             ] GC(1094) Pause Young (Concurrent Start) (G1 Evacuation Pause) 3559M->1394M(4096M) 123.220ms
[4103.401s][info][gc             ] GC(1095) Concurrent Mark Cycle
[4103.401s][info][gc,marking     ] GC(1095) Concurrent Scan Root Regions
[4103.401s][info][gc,cpu         ] GC(1094) User=0.73s Sys=0.00s Real=0.12s
.[4103.583s][info][gc,marking     ] GC(1095) Concurrent Scan Root Regions 182.574ms
[4103.583s][info][gc,marking     ] GC(1095) Concurrent Mark
[4103.584s][info][gc,marking     ] GC(1095) Concurrent Mark From Roots
[4103.584s][info][gc,task        ] GC(1095) Using 2 workers of 2 for marking
.[4104.549s][info][gc,marking     ] GC(1095) Concurrent Mark From Roots 965.225ms
[4104.549s][info][gc,marking     ] GC(1095) Concurrent Preclean
[4104.549s][info][gc,marking     ] GC(1095) Concurrent Preclean 0.108ms
[4104.551s][info][gc,start       ] GC(1095) Pause Remark
[4104.557s][info][gc             ] GC(1095) Pause Remark 2456M->2456M(4096M) 5.820ms
[4104.557s][info][gc,cpu         ] GC(1095) User=0.03s Sys=0.00s Real=0.01s
[4104.557s][info][gc,marking     ] GC(1095) Concurrent Mark 973.550ms
[4104.557s][info][gc,marking     ] GC(1095) Concurrent Rebuild Remembered Sets and Scrub Regions
[4104.968s][info][gc,marking     ] GC(1095) Concurrent Rebuild Remembered Sets and Scrub Regions 411.116ms
[4104.969s][info][gc,start       ] GC(1095) Pause Cleanup
[4104.969s][info][gc             ] GC(1095) Pause Cleanup 2799M->2799M(4096M) 0.120ms
[4104.969s][info][gc,cpu         ] GC(1095) User=0.00s Sys=0.00s Real=0.00s
[4104.969s][info][gc,marking     ] GC(1095) Concurrent Clear Claimed Marks
[4104.970s][info][gc,marking     ] GC(1095) Concurrent Clear Claimed Marks 0.031ms
[4104.970s][info][gc,marking     ] GC(1095) Concurrent Cleanup for Next Mark
[4104.974s][info][gc,marking     ] GC(1095) Concurrent Cleanup for Next Mark 4.549ms
[4104.974s][info][gc             ] GC(1095) Concurrent Mark Cycle 1573.299ms
.[4105.871s][info][gc,start       ] GC(1096) Pause Young (Prepare Mixed) (G1 Evacuation Pause)
[4105.871s][info][gc,task        ] GC(1096) Using 6 workers of 6 for evacuation
[4105.988s][info][gc,phases      ] GC(1096)   Pre Evacuate Collection Set: 0.34ms
[4105.988s][info][gc,phases      ] GC(1096)   Merge Heap Roots: 0.48ms
[4105.988s][info][gc,phases      ] GC(1096)   Evacuate Collection Set: 114.31ms
[4105.988s][info][gc,phases      ] GC(1096)   Post Evacuate Collection Set: 0.92ms
[4105.988s][info][gc,phases      ] GC(1096)   Other: 0.09ms
[4105.988s][info][gc,heap        ] GC(1096) Eden regions: 1115->0(1112)
[4105.988s][info][gc,heap        ] GC(1096) Survivor regions: 113->108(154)
[4105.988s][info][gc,heap        ] GC(1096) Old regions: 505->537
[4105.988s][info][gc,heap        ] GC(1096) Humongous regions: 80->80
[4105.988s][info][gc,metaspace   ] GC(1096) Metaspace: 28882K(29248K)->28882K(29248K) NonClass: 24015K(24192K)->24015K(24192K) Class: 4867K(5056K)->4867K(5056K)
[4105.988s][info][gc             ] GC(1096) Pause Young (Prepare Mixed) (G1 Evacuation Pause) 3624M->1448M(4096M) 116.258ms
[4105.988s][info][gc,cpu         ] GC(1096) User=0.69s Sys=0.00s Real=0.12s
...[4108.482s][info][gc,start       ] GC(1097) Pause Young (Mixed) (G1 Evacuation Pause)
[4108.482s][info][gc,task        ] GC(1097) Using 6 workers of 6 for evacuation
[4108.619s][info][gc,phases      ] GC(1097)   Pre Evacuate Collection Set: 0.39ms
[4108.619s][info][gc,phases      ] GC(1097)   Merge Heap Roots: 0.72ms
[4108.619s][info][gc,phases      ] GC(1097)   Evacuate Collection Set: 134.68ms
[4108.619s][info][gc,phases      ] GC(1097)   Post Evacuate Collection Set: 0.94ms
[4108.619s][info][gc,phases      ] GC(1097)   Other: 0.09ms
[4108.619s][info][gc,heap        ] GC(1097) Eden regions: 1112->0(1119)
[4108.619s][info][gc,heap        ] GC(1097) Survivor regions: 108->109(153)
[4108.619s][info][gc,heap        ] GC(1097) Old regions: 537->474
[4108.619s][info][gc,heap        ] GC(1097) Humongous regions: 80->80
[4108.619s][info][gc,metaspace   ] GC(1097) Metaspace: 28882K(29248K)->28882K(29248K) NonClass: 24015K(24192K)->24015K(24192K) Class: 4867K(5056K)->4867K(5056K)
[4108.619s][info][gc             ] GC(1097) Pause Young (Mixed) (G1 Evacuation Pause) 3672M->1324M(4096M) 136.946ms
[4108.619s][info][gc,cpu         ] GC(1097) User=0.80s Sys=0.00s Real=0.14s
..[4111.115s][info][gc,start       ] GC(1098) Pause Young (Concurrent Start) (G1 Evacuation Pause)
[4111.115s][info][gc,task        ] GC(1098) Using 6 workers of 6 for evacuation
[4111.232s][info][gc,phases      ] GC(1098)   Pre Evacuate Collection Set: 0.36ms
[4111.232s][info][gc,phases      ] GC(1098)   Merge Heap Roots: 0.45ms
[4111.232s][info][gc,phases      ] GC(1098)   Evacuate Collection Set: 115.64ms
[4111.233s][info][gc,phases      ] GC(1098)   Post Evacuate Collection Set: 0.86ms
[4111.233s][info][gc,phases      ] GC(1098)   Other: 0.11ms
[4111.233s][info][gc,heap        ] GC(1098) Eden regions: 1119->0(1118)
[4111.233s][info][gc,heap        ] GC(1098) Survivor regions: 109->110(154)
[4111.233s][info][gc,heap        ] GC(1098) Old regions: 474->506
[4111.233s][info][gc,heap        ] GC(1098) Humongous regions: 80->80
[4111.233s][info][gc,metaspace   ] GC(1098) Metaspace: 28882K(29248K)->28882K(29248K) NonClass: 24015K(24192K)->24015K(24192K) Class: 4867K(5056K)->4867K(5056K)
[4111.233s][info][gc             ] GC(1098) Pause Young (Concurrent Start) (G1 Evacuation Pause) 3562M->1389M(4096M) 117.561ms
[4111.233s][info][gc             ] GC(1099) Concurrent Mark Cycle
[4111.233s][info][gc,marking     ] GC(1099) Concurrent Scan Root Regions
[4111.233s][info][gc,cpu         ] GC(1098) User=0.69s Sys=0.00s Real=0.12s
[4111.412s][info][gc,marking     ] GC(1099) Concurrent Scan Root Regions 178.915ms
[4111.412s][info][gc,marking     ] GC(1099) Concurrent Mark
[4111.412s][info][gc,marking     ] GC(1099) Concurrent Mark From Roots
[4111.412s][info][gc,task        ] GC(1099) Using 2 workers of 2 for marking
.[4112.393s][info][gc,marking     ] GC(1099) Concurrent Mark From Roots 981.594ms
[4112.393s][info][gc,marking     ] GC(1099) Concurrent Preclean
[4112.393s][info][gc,marking     ] GC(1099) Concurrent Preclean 0.100ms
[4112.397s][info][gc,start       ] GC(1099) Pause Remark
[4112.401s][info][gc             ] GC(1099) Pause Remark 2463M->2463M(4096M) 4.395ms
[4112.401s][info][gc,cpu         ] GC(1099) User=0.03s Sys=0.00s Real=0.00s
[4112.401s][info][gc,marking     ] GC(1099) Concurrent Mark 989.866ms
[4112.401s][info][gc,marking     ] GC(1099) Concurrent Rebuild Remembered Sets and Scrub Regions
.[4112.720s][info][gc,marking     ] GC(1099) Concurrent Rebuild Remembered Sets and Scrub Regions 318.093ms
[4112.720s][info][gc,start       ] GC(1099) Pause Cleanup
[4112.720s][info][gc             ] GC(1099) Pause Cleanup 2740M->2740M(4096M) 0.109ms
[4112.720s][info][gc,cpu         ] GC(1099) User=0.00s Sys=0.00s Real=0.00s
[4112.720s][info][gc,marking     ] GC(1099) Concurrent Clear Claimed Marks
[4112.720s][info][gc,marking     ] GC(1099) Concurrent Clear Claimed Marks 0.029ms
[4112.720s][info][gc,marking     ] GC(1099) Concurrent Cleanup for Next Mark
[4112.724s][info][gc,marking     ] GC(1099) Concurrent Cleanup for Next Mark 4.401ms
[4112.724s][info][gc             ] GC(1099) Concurrent Mark Cycle 1491.772ms
. (rIR:aIR:PR = 7195:7205:7205) (tPR = 107242) [OK] 
  4113s: Performance info:
         Transaction,    Success,    Partial,     Failed,   Receipts, AvgBarcode, 
             Overall,     436126,          0,          0,     414294,      59.48, 
         Response times:
             Request,    Success,    Partial,     Failed,   SkipFail,     Probes,    Samples,      min,      p50,      p90,      p95,      p99,      max, 
       TotalPurchase,     414294,          0,          0,          0,     363171,     408015,      300,     6000,    48000,    83000,   139000,   311000,
     InStorePurchase,     217757,          0,          0,          0,     190416,     213894,      300,     6100,    49000,    83000,   140000,   311000,
      OnlinePurchase,     152929,          0,          0,          0,     134009,     150494,      300,     5800,    47000,    82000,   139000,   311000,
        InstPurchase,      43608,          0,          0,          0,      38746,      43627,      300,     5900,    47000,    83000,   140000,   246000,
          AssocOfCat,        434,          0,          0,          0,        354,        461,    26000,    39000,   113600,   148900,   224760,   245000,
      AssocOfProduct,       4362,          0,          0,          0,       4021,       4683,      500,     5200,    42000,    78800,   132000,   239000,
      BusinessReport,       1093,          0,          0,          0,        938,       1168,    26000,    42000,   121100,   163550,   211620,   371000,
          CustBuyBeh,       4349,          0,          0,          0,       4043,       4768,      200,     7000,    56000,    89550,   148000,   214000,
       ProductReturn,      11593,          0,          0,          0,       9870,      11568,      300,     5400,    42000,    79000,   131000,   311000,

  4113s: (53%)   IR =   7334 [4113.727s][info][gc,start       ] GC(1100) Pause Young (Prepare Mixed) (G1 Evacuation Pause)
[4113.727s][info][gc,task        ] GC(1100) Using 6 workers of 6 for evacuation
[4113.844s][info][gc,phases      ] GC(1100)   Pre Evacuate Collection Set: 0.37ms
[4113.844s][info][gc,phases      ] GC(1100)   Merge Heap Roots: 0.59ms
[4113.844s][info][gc,phases      ] GC(1100)   Evacuate Collection Set: 114.99ms
[4113.844s][info][gc,phases      ] GC(1100)   Post Evacuate Collection Set: 0.96ms
[4113.844s][info][gc,phases      ] GC(1100)   Other: 0.10ms
[4113.844s][info][gc,heap        ] GC(1100) Eden regions: 1118->0(1109)
[4113.844s][info][gc,heap        ] GC(1100) Survivor regions: 110->109(154)
[4113.844s][info][gc,heap        ] GC(1100) Old regions: 506->538
[4113.844s][info][gc,heap        ] GC(1100) Humongous regions: 80->80
[4113.844s][info][gc,metaspace   ] GC(1100) Metaspace: 28882K(29248K)->28882K(29248K) NonClass: 24015K(24192K)->24015K(24192K) Class: 4867K(5056K)->4867K(5056K)
[4113.844s][info][gc             ] GC(1100) Pause Young (Prepare Mixed) (G1 Evacuation Pause) 3625M->1452M(4096M) 117.186ms
[4113.844s][info][gc,cpu         ] GC(1100) User=0.70s Sys=0.00s Real=0.11s
..[4116.302s][info][gc,start       ] GC(1101) Pause Young (Mixed) (G1 Evacuation Pause)
[4116.302s][info][gc,task        ] GC(1101) Using 6 workers of 6 for evacuation
[4116.437s][info][gc,phases      ] GC(1101)   Pre Evacuate Collection Set: 0.38ms
[4116.437s][info][gc,phases      ] GC(1101)   Merge Heap Roots: 0.61ms
[4116.437s][info][gc,phases      ] GC(1101)   Evacuate Collection Set: 132.75ms
[4116.437s][info][gc,phases      ] GC(1101)   Post Evacuate Collection Set: 0.99ms
[4116.437s][info][gc,phases      ] GC(1101)   Other: 0.09ms
[4116.437s][info][gc,heap        ] GC(1101) Eden regions: 1109->0(1117)
[4116.437s][info][gc,heap        ] GC(1101) Survivor regions: 109->111(153)
[4116.437s][info][gc,heap        ] GC(1101) Old regions: 538->474
[4116.437s][info][gc,heap        ] GC(1101) Humongous regions: 80->80
[4116.437s][info][gc,metaspace   ] GC(1101) Metaspace: 28882K(29248K)->28882K(29248K) NonClass: 24015K(24192K)->24015K(24192K) Class: 4867K(5056K)->4867K(5056K)
[4116.437s][info][gc             ] GC(1101) Pause Young (Mixed) (G1 Evacuation Pause) 3670M->1329M(4096M) 134.939ms
[4116.437s][info][gc,cpu         ] GC(1101) User=0.79s Sys=0.00s Real=0.14s
..|.[4118.847s][info][gc,start       ] GC(1102) Pause Young (Concurrent Start) (G1 Evacuation Pause)
[4118.848s][info][gc,task        ] GC(1102) Using 6 workers of 6 for evacuation
[4118.968s][info][gc,phases      ] GC(1102)   Pre Evacuate Collection Set: 0.38ms
[4118.968s][info][gc,phases      ] GC(1102)   Merge Heap Roots: 0.44ms
[4118.968s][info][gc,phases      ] GC(1102)   Evacuate Collection Set: 118.57ms
[4118.968s][info][gc,phases      ] GC(1102)   Post Evacuate Collection Set: 0.88ms
[4118.968s][info][gc,phases      ] GC(1102)   Other: 0.12ms
[4118.968s][info][gc,heap        ] GC(1102) Eden regions: 1117->0(1116)
[4118.968s][info][gc,heap        ] GC(1102) Survivor regions: 111->112(154)
[4118.968s][info][gc,heap        ] GC(1102) Old regions: 474->505
[4118.968s][info][gc,heap        ] GC(1102) Humongous regions: 80->80
[4118.968s][info][gc,metaspace   ] GC(1102) Metaspace: 28882K(29248K)->28882K(29248K) NonClass: 24015K(24192K)->24015K(24192K) Class: 4867K(5056K)->4867K(5056K)
[4118.968s][info][gc             ] GC(1102) Pause Young (Concurrent Start) (G1 Evacuation Pause) 3563M->1393M(4096M) 120.512ms
[4118.968s][info][gc             ] GC(1103) Concurrent Mark Cycle
[4118.968s][info][gc,marking     ] GC(1103) Concurrent Scan Root Regions
[4118.968s][info][gc,cpu         ] GC(1102) User=0.71s Sys=0.00s Real=0.12s
[4119.156s][info][gc,marking     ] GC(1103) Concurrent Scan Root Regions 187.525ms
[4119.156s][info][gc,marking     ] GC(1103) Concurrent Mark
[4119.156s][info][gc,marking     ] GC(1103) Concurrent Mark From Roots
[4119.156s][info][gc,task        ] GC(1103) Using 2 workers of 2 for marking
.[4120.126s][info][gc,marking     ] GC(1103) Concurrent Mark From Roots 969.966ms
[4120.126s][info][gc,marking     ] GC(1103) Concurrent Preclean
[4120.126s][info][gc,marking     ] GC(1103) Concurrent Preclean 0.141ms
[4120.127s][info][gc,start       ] GC(1103) Pause Remark
[4120.133s][info][gc             ] GC(1103) Pause Remark 2471M->2471M(4096M) 6.042ms
[4120.133s][info][gc,cpu         ] GC(1103) User=0.03s Sys=0.00s Real=0.00s
[4120.134s][info][gc,marking     ] GC(1103) Concurrent Mark 978.017ms
[4120.134s][info][gc,marking     ] GC(1103) Concurrent Rebuild Remembered Sets and Scrub Regions
[4120.499s][info][gc,marking     ] GC(1103) Concurrent Rebuild Remembered Sets and Scrub Regions 365.018ms
[4120.499s][info][gc,start       ] GC(1103) Pause Cleanup
[4120.499s][info][gc             ] GC(1103) Pause Cleanup 2815M->2815M(4096M) 0.106ms
[4120.499s][info][gc,cpu         ] GC(1103) User=0.00s Sys=0.00s Real=0.00s
[4120.499s][info][gc,marking     ] GC(1103) Concurrent Clear Claimed Marks
[4120.499s][info][gc,marking     ] GC(1103) Concurrent Clear Claimed Marks 0.021ms
[4120.499s][info][gc,marking     ] GC(1103) Concurrent Cleanup for Next Mark
[4120.504s][info][gc,marking     ] GC(1103) Concurrent Cleanup for Next Mark 4.565ms
[4120.504s][info][gc             ] GC(1103) Concurrent Mark Cycle 1535.639ms
.[4121.394s][info][gc,start       ] GC(1104) Pause Young (Prepare Mixed) (G1 Evacuation Pause)
[4121.394s][info][gc,task        ] GC(1104) Using 6 workers of 6 for evacuation
[4121.509s][info][gc,phases      ] GC(1104)   Pre Evacuate Collection Set: 0.34ms
[4121.509s][info][gc,phases      ] GC(1104)   Merge Heap Roots: 0.49ms
[4121.509s][info][gc,phases      ] GC(1104)   Evacuate Collection Set: 113.03ms
[4121.509s][info][gc,phases      ] GC(1104)   Post Evacuate Collection Set: 0.91ms
[4121.509s][info][gc,phases      ] GC(1104)   Other: 0.08ms
[4121.509s][info][gc,heap        ] GC(1104) Eden regions: 1116->0(1114)
[4121.509s][info][gc,heap        ] GC(1104) Survivor regions: 112->107(154)
[4121.509s][info][gc,heap        ] GC(1104) Old regions: 505->537
[4121.509s][info][gc,heap        ] GC(1104) Humongous regions: 80->80
[4121.509s][info][gc,metaspace   ] GC(1104) Metaspace: 28882K(29248K)->28882K(29248K) NonClass: 24015K(24192K)->24015K(24192K) Class: 4867K(5056K)->4867K(5056K)
[4121.509s][info][gc             ] GC(1104) Pause Young (Prepare Mixed) (G1 Evacuation Pause) 3625M->1446M(4096M) 114.983ms
[4121.509s][info][gc,cpu         ] GC(1104) User=0.68s Sys=0.00s Real=0.12s
...[4123.911s][info][gc,start       ] GC(1105) Pause Young (Mixed) (G1 Evacuation Pause)
[4123.911s][info][gc,task        ] GC(1105) Using 6 workers of 6 for evacuation
[4124.048s][info][gc,phases      ] GC(1105)   Pre Evacuate Collection Set: 0.36ms
[4124.048s][info][gc,phases      ] GC(1105)   Merge Heap Roots: 0.65ms
[4124.048s][info][gc,phases      ] GC(1105)   Evacuate Collection Set: 134.84ms
[4124.048s][info][gc,phases      ] GC(1105)   Post Evacuate Collection Set: 0.95ms
[4124.048s][info][gc,phases      ] GC(1105)   Other: 0.08ms
[4124.048s][info][gc,heap        ] GC(1105) Eden regions: 1114->0(1117)
[4124.048s][info][gc,heap        ] GC(1105) Survivor regions: 107->111(153)
[4124.048s][info][gc,heap        ] GC(1105) Old regions: 537->474
[4124.048s][info][gc,heap        ] GC(1105) Humongous regions: 80->80
[4124.048s][info][gc,metaspace   ] GC(1105) Metaspace: 28882K(29248K)->28882K(29248K) NonClass: 24015K(24192K)->24015K(24192K) Class: 4867K(5056K)->4867K(5056K)
[4124.048s][info][gc             ] GC(1105) Pause Young (Mixed) (G1 Evacuation Pause) 3674M->1327M(4096M) 137.009ms
[4124.048s][info][gc,cpu         ] GC(1105) User=0.82s Sys=0.00s Real=0.14s
..[4126.529s][info][gc,start       ] GC(1106) Pause Young (Concurrent Start) (G1 Evacuation Pause)
[4126.529s][info][gc,task        ] GC(1106) Using 6 workers of 6 for evacuation
[4126.645s][info][gc,phases      ] GC(1106)   Pre Evacuate Collection Set: 0.38ms
[4126.645s][info][gc,phases      ] GC(1106)   Merge Heap Roots: 0.46ms
[4126.645s][info][gc,phases      ] GC(1106)   Evacuate Collection Set: 114.29ms
[4126.645s][info][gc,phases      ] GC(1106)   Post Evacuate Collection Set: 0.89ms
[4126.645s][info][gc,phases      ] GC(1106)   Other: 0.12ms
[4126.645s][info][gc,heap        ] GC(1106) Eden regions: 1117->0(1120)
[4126.645s][info][gc,heap        ] GC(1106) Survivor regions: 111->108(154)
[4126.645s][info][gc,heap        ] GC(1106) Old regions: 474->506
[4126.645s][info][gc,heap        ] GC(1106) Humongous regions: 80->80
[4126.645s][info][gc,metaspace   ] GC(1106) Metaspace: 28882K(29248K)->28882K(29248K) NonClass: 24015K(24192K)->24015K(24192K) Class: 4867K(5056K)->4867K(5056K)
[4126.645s][info][gc             ] GC(1106) Pause Young (Concurrent Start) (G1 Evacuation Pause) 3561M->1386M(4096M) 116.284ms
[4126.645s][info][gc             ] GC(1107) Concurrent Mark Cycle
[4126.645s][info][gc,marking     ] GC(1107) Concurrent Scan Root Regions
[4126.645s][info][gc,cpu         ] GC(1106) User=0.68s Sys=0.00s Real=0.11s
.[4126.822s][info][gc,marking     ] GC(1107) Concurrent Scan Root Regions 176.757ms
[4126.822s][info][gc,marking     ] GC(1107) Concurrent Mark
[4126.822s][info][gc,marking     ] GC(1107) Concurrent Mark From Roots
[4126.822s][info][gc,task        ] GC(1107) Using 2 workers of 2 for marking
.[4127.825s][info][gc,marking     ] GC(1107) Concurrent Mark From Roots 1002.812ms
[4127.825s][info][gc,marking     ] GC(1107) Concurrent Preclean
[4127.825s][info][gc,marking     ] GC(1107) Concurrent Preclean 0.104ms
[4127.826s][info][gc,start       ] GC(1107) Pause Remark
[4127.830s][info][gc             ] GC(1107) Pause Remark 2476M->2476M(4096M) 4.030ms
[4127.830s][info][gc,cpu         ] GC(1107) User=0.02s Sys=0.00s Real=0.01s
[4127.830s][info][gc,marking     ] GC(1107) Concurrent Mark 1007.976ms
[4127.830s][info][gc,marking     ] GC(1107) Concurrent Rebuild Remembered Sets and Scrub Regions
[4128.201s][info][gc,marking     ] GC(1107) Concurrent Rebuild Remembered Sets and Scrub Regions 371.128ms
[4128.202s][info][gc,start       ] GC(1107) Pause Cleanup
[4128.202s][info][gc             ] GC(1107) Pause Cleanup 2781M->2781M(4096M) 0.124ms
[4128.202s][info][gc,cpu         ] GC(1107) User=0.00s Sys=0.00s Real=0.00s
[4128.202s][info][gc,marking     ] GC(1107) Concurrent Clear Claimed Marks
[4128.202s][info][gc,marking     ] GC(1107) Concurrent Clear Claimed Marks 0.026ms
[4128.202s][info][gc,marking     ] GC(1107) Concurrent Cleanup for Next Mark
[4128.209s][info][gc,marking     ] GC(1107) Concurrent Cleanup for Next Mark 7.007ms
[4128.209s][info][gc             ] GC(1107) Concurrent Mark Cycle 1564.187ms
.[4129.145s][info][gc,start       ] GC(1108) Pause Young (Prepare Mixed) (G1 Evacuation Pause)
[4129.145s][info][gc,task        ] GC(1108) Using 6 workers of 6 for evacuation
[4129.272s][info][gc,phases      ] GC(1108)   Pre Evacuate Collection Set: 0.31ms
[4129.272s][info][gc,phases      ] GC(1108)   Merge Heap Roots: 0.51ms
[4129.272s][info][gc,phases      ] GC(1108)   Evacuate Collection Set: 125.38ms
[4129.272s][info][gc,phases      ] GC(1108)   Post Evacuate Collection Set: 0.83ms
[4129.272s][info][gc,phases      ] GC(1108)   Other: 0.09ms
[4129.273s][info][gc,heap        ] GC(1108) Eden regions: 1120->0(1093)
[4129.273s][info][gc,heap        ] GC(1108) Survivor regions: 108->117(154)
[4129.273s][info][gc,heap        ] GC(1108) Old regions: 506->538
[4129.273s][info][gc,heap        ] GC(1108) Humongous regions: 80->80
[4129.273s][info][gc,metaspace   ] GC(1108) Metaspace: 28882K(29248K)->28882K(29248K) NonClass: 24015K(24192K)->24015K(24192K) Class: 4867K(5056K)->4867K(5056K)
[4129.273s][info][gc             ] GC(1108) Pause Young (Prepare Mixed) (G1 Evacuation Pause) 3626M->1467M(4096M) 127.253ms
[4129.273s][info][gc,cpu         ] GC(1108) User=0.76s Sys=0.00s Real=0.13s
..[4131.608s][info][gc,start       ] GC(1109) Pause Young (Mixed) (G1 Evacuation Pause)
[4131.608s][info][gc,task        ] GC(1109) Using 6 workers of 6 for evacuation
[4131.745s][info][gc,phases      ] GC(1109)   Pre Evacuate Collection Set: 0.37ms
[4131.745s][info][gc,phases      ] GC(1109)   Merge Heap Roots: 0.76ms
[4131.745s][info][gc,phases      ] GC(1109)   Evacuate Collection Set: 134.74ms
[4131.745s][info][gc,phases      ] GC(1109)   Post Evacuate Collection Set: 0.96ms
[4131.745s][info][gc,phases      ] GC(1109)   Other: 0.09ms
[4131.745s][info][gc,heap        ] GC(1109) Eden regions: 1093->0(1121)
[4131.745s][info][gc,heap        ] GC(1109) Survivor regions: 117->107(152)
[4131.745s][info][gc,heap        ] GC(1109) Old regions: 538->474
[4131.745s][info][gc,heap        ] GC(1109) Humongous regions: 80->80
[4131.745s][info][gc,metaspace   ] GC(1109) Metaspace: 28882K(29248K)->28882K(29248K) NonClass: 24015K(24192K)->24015K(24192K) Class: 4867K(5056K)->4867K(5056K)
[4131.745s][info][gc             ] GC(1109) Pause Young (Mixed) (G1 Evacuation Pause) 3653M->1321M(4096M) 137.064ms
[4131.745s][info][gc,cpu         ] GC(1109) User=0.81s Sys=0.01s Real=0.13s
...[4134.159s][info][gc,start       ] GC(1110) Pause Young (Concurrent Start) (G1 Evacuation Pause)
[4134.159s][info][gc,task        ] GC(1110) Using 6 workers of 6 for evacuation
[4134.281s][info][gc,phases      ] GC(1110)   Pre Evacuate Collection Set: 0.37ms
[4134.281s][info][gc,phases      ] GC(1110)   Merge Heap Roots: 0.46ms
[4134.281s][info][gc,phases      ] GC(1110)   Evacuate Collection Set: 120.24ms
[4134.281s][info][gc,phases      ] GC(1110)   Post Evacuate Collection Set: 0.94ms
[4134.281s][info][gc,phases      ] GC(1110)   Other: 0.12ms
[4134.281s][info][gc,heap        ] GC(1110) Eden regions: 1121->0(1116)
[4134.281s][info][gc,heap        ] GC(1110) Survivor regions: 107->112(154)
[4134.281s][info][gc,heap        ] GC(1110) Old regions: 474->506
[4134.281s][info][gc,heap        ] GC(1110) Humongous regions: 80->80
[4134.281s][info][gc,metaspace   ] GC(1110) Metaspace: 28882K(29248K)->28882K(29248K) NonClass: 24015K(24192K)->24015K(24192K) Class: 4867K(5056K)->4867K(5056K)
[4134.281s][info][gc             ] GC(1110) Pause Young (Concurrent Start) (G1 Evacuation Pause) 3563M->1393M(4096M) 122.259ms
[4134.281s][info][gc             ] GC(1111) Concurrent Mark Cycle
[4134.281s][info][gc,marking     ] GC(1111) Concurrent Scan Root Regions
[4134.281s][info][gc,cpu         ] GC(1110) User=0.72s Sys=0.00s Real=0.12s
[4134.403s][info][gc,marking     ] GC(1111) Concurrent Scan Root Regions 121.680ms
[4134.403s][info][gc,marking     ] GC(1111) Concurrent Mark
[4134.403s][info][gc,marking     ] GC(1111) Concurrent Mark From Roots
[4134.403s][info][gc,task        ] GC(1111) Using 2 workers of 2 for marking
.[4135.020s][info][gc,marking     ] GC(1111) Concurrent Mark From Roots 616.969ms
[4135.020s][info][gc,marking     ] GC(1111) Concurrent Preclean
[4135.020s][info][gc,marking     ] GC(1111) Concurrent Preclean 0.097ms
[4135.021s][info][gc,start       ] GC(1111) Pause Remark
[4135.025s][info][gc             ] GC(1111) Pause Remark 1983M->1983M(4096M) 3.423ms
[4135.025s][info][gc,cpu         ] GC(1111) User=0.02s Sys=0.00s Real=0.00s
[4135.025s][info][gc,marking     ] GC(1111) Concurrent Mark 621.777ms
[4135.025s][info][gc,marking     ] GC(1111) Concurrent Rebuild Remembered Sets and Scrub Regions
[4135.241s][info][gc,marking     ] GC(1111) Concurrent Rebuild Remembered Sets and Scrub Regions 216.647ms
[4135.243s][info][gc,start       ] GC(1111) Pause Cleanup
[4135.243s][info][gc             ] GC(1111) Pause Cleanup 2165M->2165M(4096M) 0.126ms
[4135.243s][info][gc,cpu         ] GC(1111) User=0.00s Sys=0.00s Real=0.00s
[4135.243s][info][gc,marking     ] GC(1111) Concurrent Clear Claimed Marks
[4135.243s][info][gc,marking     ] GC(1111) Concurrent Clear Claimed Marks 0.022ms
[4135.243s][info][gc,marking     ] GC(1111) Concurrent Cleanup for Next Mark
[4135.248s][info][gc,marking     ] GC(1111) Concurrent Cleanup for Next Mark 4.967ms
[4135.248s][info][gc             ] GC(1111) Concurrent Mark Cycle 966.853ms
.[4136.767s][info][gc,start       ] GC(1112) Pause Young (Prepare Mixed) (G1 Evacuation Pause)
[4136.767s][info][gc,task        ] GC(1112) Using 6 workers of 6 for evacuation
[4136.887s][info][gc,phases      ] GC(1112)   Pre Evacuate Collection Set: 0.33ms
[4136.887s][info][gc,phases      ] GC(1112)   Merge Heap Roots: 0.48ms
[4136.887s][info][gc,phases      ] GC(1112)   Evacuate Collection Set: 117.42ms
[4136.887s][info][gc,phases      ] GC(1112)   Post Evacuate Collection Set: 0.93ms
[4136.887s][info][gc,phases      ] GC(1112)   Other: 0.08ms
[4136.887s][info][gc,heap        ] GC(1112) Eden regions: 1116->0(1107)
[4136.887s][info][gc,heap        ] GC(1112) Survivor regions: 112->110(154)
[4136.887s][info][gc,heap        ] GC(1112) Old regions: 506->538
[4136.887s][info][gc,heap        ] GC(1112) Humongous regions: 80->80
[4136.887s][info][gc,metaspace   ] GC(1112) Metaspace: 28882K(29248K)->28882K(29248K) NonClass: 24015K(24192K)->24015K(24192K) Class: 4867K(5056K)->4867K(5056K)
[4136.887s][info][gc             ] GC(1112) Pause Young (Prepare Mixed) (G1 Evacuation Pause) 3625M->1453M(4096M) 119.382ms
[4136.887s][info][gc,cpu         ] GC(1112) User=0.71s Sys=0.00s Real=0.11s
...[4139.272s][info][gc,start       ] GC(1113) Pause Young (Mixed) (G1 Evacuation Pause)
[4139.272s][info][gc,task        ] GC(1113) Using 6 workers of 6 for evacuation
[4139.407s][info][gc,phases      ] GC(1113)   Pre Evacuate Collection Set: 0.36ms
[4139.407s][info][gc,phases      ] GC(1113)   Merge Heap Roots: 0.68ms
[4139.407s][info][gc,phases      ] GC(1113)   Evacuate Collection Set: 132.87ms
[4139.407s][info][gc,phases      ] GC(1113)   Post Evacuate Collection Set: 0.94ms
[4139.407s][info][gc,phases      ] GC(1113)   Other: 0.09ms
[4139.407s][info][gc,heap        ] GC(1113) Eden regions: 1107->0(1117)
[4139.407s][info][gc,heap        ] GC(1113) Survivor regions: 110->111(153)
[4139.407s][info][gc,heap        ] GC(1113) Old regions: 538->475
[4139.407s][info][gc,heap        ] GC(1113) Humongous regions: 80->80
[4139.407s][info][gc,metaspace   ] GC(1113) Metaspace: 28882K(29248K)->28882K(29248K) NonClass: 24015K(24192K)->24015K(24192K) Class: 4867K(5056K)->4867K(5056K)
[4139.407s][info][gc             ] GC(1113) Pause Young (Mixed) (G1 Evacuation Pause) 3667M->1329M(4096M) 135.077ms
[4139.407s][info][gc,cpu         ] GC(1113) User=0.80s Sys=0.00s Real=0.14s
..[4141.872s][info][gc,start       ] GC(1114) Pause Young (Concurrent Start) (G1 Evacuation Pause)
[4141.872s][info][gc,task        ] GC(1114) Using 6 workers of 6 for evacuation
[4141.990s][info][gc,phases      ] GC(1114)   Pre Evacuate Collection Set: 0.39ms
[4141.990s][info][gc,phases      ] GC(1114)   Merge Heap Roots: 0.46ms
[4141.990s][info][gc,phases      ] GC(1114)   Evacuate Collection Set: 115.86ms
[4141.990s][info][gc,phases      ] GC(1114)   Post Evacuate Collection Set: 0.91ms
[4141.990s][info][gc,phases      ] GC(1114)   Other: 0.11ms
[4141.990s][info][gc,heap        ] GC(1114) Eden regions: 1117->0(1119)
[4141.990s][info][gc,heap        ] GC(1114) Survivor regions: 111->109(154)
[4141.990s][info][gc,heap        ] GC(1114) Old regions: 475->507
[4141.990s][info][gc,heap        ] GC(1114) Humongous regions: 80->80
[4141.990s][info][gc,metaspace   ] GC(1114) Metaspace: 28882K(29248K)->28882K(29248K) NonClass: 24015K(24192K)->24015K(24192K) Class: 4867K(5056K)->4867K(5056K)
[4141.990s][info][gc             ] GC(1114) Pause Young (Concurrent Start) (G1 Evacuation Pause) 3563M->1389M(4096M) 117.873ms
[4141.990s][info][gc             ] GC(1115) Concurrent Mark Cycle
[4141.990s][info][gc,marking     ] GC(1115) Concurrent Scan Root Regions
[4141.990s][info][gc,cpu         ] GC(1114) User=0.70s Sys=0.01s Real=0.12s
.[4142.145s][info][gc,marking     ] GC(1115) Concurrent Scan Root Regions 155.490ms
[4142.145s][info][gc,marking     ] GC(1115) Concurrent Mark
[4142.146s][info][gc,marking     ] GC(1115) Concurrent Mark From Roots
[4142.146s][info][gc,task        ] GC(1115) Using 2 workers of 2 for marking
[4142.892s][info][gc,marking     ] GC(1115) Concurrent Mark From Roots 746.707ms
[4142.892s][info][gc,marking     ] GC(1115) Concurrent Preclean
[4142.892s][info][gc,marking     ] GC(1115) Concurrent Preclean 0.131ms
[4142.897s][info][gc,start       ] GC(1115) Pause Remark
[4142.900s][info][gc             ] GC(1115) Pause Remark 2175M->2175M(4096M) 2.416ms
[4142.900s][info][gc,cpu         ] GC(1115) User=0.00s Sys=0.00s Real=0.00s
[4142.900s][info][gc,marking     ] GC(1115) Concurrent Mark 754.301ms
[4142.900s][info][gc,marking     ] GC(1115) Concurrent Rebuild Remembered Sets and Scrub Regions
.[4143.164s][info][gc,marking     ] GC(1115) Concurrent Rebuild Remembered Sets and Scrub Regions 264.634ms
[4143.165s][info][gc,start       ] GC(1115) Pause Cleanup
[4143.165s][info][gc             ] GC(1115) Pause Cleanup 2430M->2430M(4096M) 0.104ms
[4143.165s][info][gc,cpu         ] GC(1115) User=0.00s Sys=0.00s Real=0.00s
[4143.167s][info][gc,marking     ] GC(1115) Concurrent Clear Claimed Marks
[4143.167s][info][gc,marking     ] GC(1115) Concurrent Clear Claimed Marks 0.057ms
[4143.167s][info][gc,marking     ] GC(1115) Concurrent Cleanup for Next Mark
[4143.173s][info][gc,marking     ] GC(1115) Concurrent Cleanup for Next Mark 6.210ms
[4143.173s][info][gc             ] GC(1115) Concurrent Mark Cycle 1183.249ms
.[4144.425s][info][gc,start       ] GC(1116) Pause Young (Prepare Mixed) (G1 Evacuation Pause)
[4144.425s][info][gc,task        ] GC(1116) Using 6 workers of 6 for evacuation
[4144.544s][info][gc,phases      ] GC(1116)   Pre Evacuate Collection Set: 0.31ms
[4144.544s][info][gc,phases      ] GC(1116)   Merge Heap Roots: 0.49ms
[4144.544s][info][gc,phases      ] GC(1116)   Evacuate Collection Set: 117.18ms
[4144.544s][info][gc,phases      ] GC(1116)   Post Evacuate Collection Set: 0.93ms
[4144.544s][info][gc,phases      ] GC(1116)   Other: 0.08ms
[4144.544s][info][gc,heap        ] GC(1116) Eden regions: 1119->0(1107)
[4144.544s][info][gc,heap        ] GC(1116) Survivor regions: 109->110(154)
[4144.544s][info][gc,heap        ] GC(1116) Old regions: 507->538
[4144.544s][info][gc,heap        ] GC(1116) Humongous regions: 80->80
[4144.544s][info][gc,metaspace   ] GC(1116) Metaspace: 28882K(29248K)->28882K(29248K) NonClass: 24015K(24192K)->24015K(24192K) Class: 4867K(5056K)->4867K(5056K)
[4144.544s][info][gc             ] GC(1116) Pause Young (Prepare Mixed) (G1 Evacuation Pause) 3627M->1455M(4096M) 119.122ms
[4144.544s][info][gc,cpu         ] GC(1116) User=0.70s Sys=0.00s Real=0.12s
..[4146.965s][info][gc,start       ] GC(1117) Pause Young (Mixed) (G1 Evacuation Pause)
[4146.965s][info][gc,task        ] GC(1117) Using 6 workers of 6 for evacuation
[4147.106s][info][gc,phases      ] GC(1117)   Pre Evacuate Collection Set: 0.36ms
[4147.106s][info][gc,phases      ] GC(1117)   Merge Heap Roots: 0.67ms
[4147.106s][info][gc,phases      ] GC(1117)   Evacuate Collection Set: 137.99ms
[4147.106s][info][gc,phases      ] GC(1117)   Post Evacuate Collection Set: 0.97ms
[4147.106s][info][gc,phases      ] GC(1117)   Other: 0.09ms
[4147.106s][info][gc,heap        ] GC(1117) Eden regions: 1107->0(1117)
[4147.106s][info][gc,heap        ] GC(1117) Survivor regions: 110->111(153)
[4147.106s][info][gc,heap        ] GC(1117) Old regions: 538->475
[4147.106s][info][gc,heap        ] GC(1117) Humongous regions: 80->80
[4147.106s][info][gc,metaspace   ] GC(1117) Metaspace: 28882K(29248K)->28882K(29248K) NonClass: 24015K(24192K)->24015K(24192K) Class: 4867K(5056K)->4867K(5056K)
[4147.106s][info][gc             ] GC(1117) Pause Young (Mixed) (G1 Evacuation Pause) 3669M->1330M(4096M) 140.239ms
[4147.106s][info][gc,cpu         ] GC(1117) User=0.83s Sys=0.00s Real=0.14s
...[4149.571s][info][gc,start       ] GC(1118) Pause Young (Concurrent Start) (G1 Evacuation Pause)
[4149.571s][info][gc,task        ] GC(1118) Using 6 workers of 6 for evacuation
[4149.687s][info][gc,phases      ] GC(1118)   Pre Evacuate Collection Set: 0.37ms
[4149.688s][info][gc,phases      ] GC(1118)   Merge Heap Roots: 0.45ms
[4149.688s][info][gc,phases      ] GC(1118)   Evacuate Collection Set: 114.72ms
[4149.688s][info][gc,phases      ] GC(1118)   Post Evacuate Collection Set: 0.87ms
[4149.688s][info][gc,phases      ] GC(1118)   Other: 0.12ms
[4149.688s][info][gc,heap        ] GC(1118) Eden regions: 1117->0(1119)
[4149.688s][info][gc,heap        ] GC(1118) Survivor regions: 111->109(154)
[4149.688s][info][gc,heap        ] GC(1118) Old regions: 475->506
[4149.688s][info][gc,heap        ] GC(1118) Humongous regions: 80->80
[4149.688s][info][gc,metaspace   ] GC(1118) Metaspace: 28882K(29248K)->28882K(29248K) NonClass: 24015K(24192K)->24015K(24192K) Class: 4867K(5056K)->4867K(5056K)
[4149.688s][info][gc             ] GC(1118) Pause Young (Concurrent Start) (G1 Evacuation Pause) 3564M->1388M(4096M) 116.663ms
[4149.688s][info][gc             ] GC(1119) Concurrent Mark Cycle
[4149.688s][info][gc,marking     ] GC(1119) Concurrent Scan Root Regions
[4149.688s][info][gc,cpu         ] GC(1118) User=0.70s Sys=0.00s Real=0.12s
[4149.873s][info][gc,marking     ] GC(1119) Concurrent Scan Root Regions 185.408ms
[4149.873s][info][gc,marking     ] GC(1119) Concurrent Mark
[4149.873s][info][gc,marking     ] GC(1119) Concurrent Mark From Roots
[4149.873s][info][gc,task        ] GC(1119) Using 2 workers of 2 for marking
.[4150.584s][info][gc,marking     ] GC(1119) Concurrent Mark From Roots 711.075ms
[4150.584s][info][gc,marking     ] GC(1119) Concurrent Preclean
[4150.584s][info][gc,marking     ] GC(1119) Concurrent Preclean 0.097ms
[4150.585s][info][gc,start       ] GC(1119) Pause Remark
[4150.589s][info][gc             ] GC(1119) Pause Remark 2186M->2186M(4096M) 3.816ms
[4150.589s][info][gc,cpu         ] GC(1119) User=0.02s Sys=0.00s Real=0.01s
[4150.591s][info][gc,marking     ] GC(1119) Concurrent Mark 717.408ms
[4150.591s][info][gc,marking     ] GC(1119) Concurrent Rebuild Remembered Sets and Scrub Regions
[4150.919s][info][gc,marking     ] GC(1119) Concurrent Rebuild Remembered Sets and Scrub Regions 328.429ms
[4150.919s][info][gc,start       ] GC(1119) Pause Cleanup
[4150.920s][info][gc             ] GC(1119) Pause Cleanup 2500M->2500M(4096M) 0.116ms
[4150.920s][info][gc,cpu         ] GC(1119) User=0.00s Sys=0.00s Real=0.00s
[4150.921s][info][gc,marking     ] GC(1119) Concurrent Clear Claimed Marks
[4150.921s][info][gc,marking     ] GC(1119) Concurrent Clear Claimed Marks 0.049ms
[4150.921s][info][gc,marking     ] GC(1119) Concurrent Cleanup for Next Mark
[4150.926s][info][gc,marking     ] GC(1119) Concurrent Cleanup for Next Mark 5.268ms
[4150.926s][info][gc             ] GC(1119) Concurrent Mark Cycle 1238.528ms
.[4152.077s][info][gc,start       ] GC(1120) Pause Young (Prepare Mixed) (G1 Evacuation Pause)
[4152.077s][info][gc,task        ] GC(1120) Using 6 workers of 6 for evacuation
[4152.195s][info][gc,phases      ] GC(1120)   Pre Evacuate Collection Set: 0.33ms
[4152.195s][info][gc,phases      ] GC(1120)   Merge Heap Roots: 0.49ms
[4152.195s][info][gc,phases      ] GC(1120)   Evacuate Collection Set: 116.22ms
[4152.195s][info][gc,phases      ] GC(1120)   Post Evacuate Collection Set: 0.93ms
[4152.195s][info][gc,phases      ] GC(1120)   Other: 0.09ms
[4152.195s][info][gc,heap        ] GC(1120) Eden regions: 1119->0(1106)
[4152.195s][info][gc,heap        ] GC(1120) Survivor regions: 109->111(154)
[4152.195s][info][gc,heap        ] GC(1120) Old regions: 506->537
[4152.195s][info][gc,heap        ] GC(1120) Humongous regions: 80->80
[4152.195s][info][gc,metaspace   ] GC(1120) Metaspace: 28882K(29248K)->28882K(29248K) NonClass: 24015K(24192K)->24015K(24192K) Class: 4867K(5056K)->4867K(5056K)
[4152.195s][info][gc             ] GC(1120) Pause Young (Prepare Mixed) (G1 Evacuation Pause) 3626M->1454M(4096M) 118.199ms
[4152.195s][info][gc,cpu         ] GC(1120) User=0.70s Sys=0.00s Real=0.11s
...[4154.602s][info][gc,start       ] GC(1121) Pause Young (Mixed) (G1 Evacuation Pause)
[4154.602s][info][gc,task        ] GC(1121) Using 6 workers of 6 for evacuation
[4154.738s][info][gc,phases      ] GC(1121)   Pre Evacuate Collection Set: 0.36ms
[4154.738s][info][gc,phases      ] GC(1121)   Merge Heap Roots: 0.64ms
[4154.738s][info][gc,phases      ] GC(1121)   Evacuate Collection Set: 134.18ms
[4154.738s][info][gc,phases      ] GC(1121)   Post Evacuate Collection Set: 1.00ms
[4154.738s][info][gc,phases      ] GC(1121)   Other: 0.09ms
[4154.738s][info][gc,heap        ] GC(1121) Eden regions: 1106->0(1117)
[4154.738s][info][gc,heap        ] GC(1121) Survivor regions: 111->111(153)
[4154.738s][info][gc,heap        ] GC(1121) Old regions: 537->475
[4154.738s][info][gc,heap        ] GC(1121) Humongous regions: 80->80
[4154.738s][info][gc,metaspace   ] GC(1121) Metaspace: 28882K(29248K)->28882K(29248K) NonClass: 24015K(24192K)->24015K(24192K) Class: 4867K(5056K)->4867K(5056K)
[4154.738s][info][gc             ] GC(1121) Pause Young (Mixed) (G1 Evacuation Pause) 3666M->1330M(4096M) 136.403ms
[4154.738s][info][gc,cpu         ] GC(1121) User=0.81s Sys=0.00s Real=0.14s
..[4157.221s][info][gc,start       ] GC(1122) Pause Young (Concurrent Start) (G1 Evacuation Pause)
[4157.221s][info][gc,task        ] GC(1122) Using 6 workers of 6 for evacuation
[4157.343s][info][gc,phases      ] GC(1122)   Pre Evacuate Collection Set: 0.39ms
[4157.343s][info][gc,phases      ] GC(1122)   Merge Heap Roots: 0.43ms
[4157.343s][info][gc,phases      ] GC(1122)   Evacuate Collection Set: 119.59ms
[4157.343s][info][gc,phases      ] GC(1122)   Post Evacuate Collection Set: 0.87ms
[4157.343s][info][gc,phases      ] GC(1122)   Other: 0.12ms
[4157.343s][info][gc,heap        ] GC(1122) Eden regions: 1117->0(1117)
[4157.343s][info][gc,heap        ] GC(1122) Survivor regions: 111->111(154)
[4157.343s][info][gc,heap        ] GC(1122) Old regions: 475->507
[4157.343s][info][gc,heap        ] GC(1122) Humongous regions: 80->80
[4157.343s][info][gc,metaspace   ] GC(1122) Metaspace: 28882K(29248K)->28882K(29248K) NonClass: 24015K(24192K)->24015K(24192K) Class: 4867K(5056K)->4867K(5056K)
[4157.343s][info][gc             ] GC(1122) Pause Young (Concurrent Start) (G1 Evacuation Pause) 3564M->1394M(4096M) 121.542ms
[4157.343s][info][gc             ] GC(1123) Concurrent Mark Cycle
[4157.343s][info][gc,marking     ] GC(1123) Concurrent Scan Root Regions
[4157.343s][info][gc,cpu         ] GC(1122) User=0.72s Sys=0.00s Real=0.12s
.[4157.536s][info][gc,marking     ] GC(1123) Concurrent Scan Root Regions 193.315ms
[4157.536s][info][gc,marking     ] GC(1123) Concurrent Mark
[4157.536s][info][gc,marking     ] GC(1123) Concurrent Mark From Roots
[4157.536s][info][gc,task        ] GC(1123) Using 2 workers of 2 for marking
[4158.511s][info][gc,marking     ] GC(1123) Concurrent Mark From Roots 974.526ms
[4158.511s][info][gc,marking     ] GC(1123) Concurrent Preclean
[4158.511s][info][gc,marking     ] GC(1123) Concurrent Preclean 0.098ms
[4158.514s][info][gc,start       ] GC(1123) Pause Remark
[4158.518s][info][gc             ] GC(1123) Pause Remark 2512M->2512M(4096M) 4.264ms
[4158.518s][info][gc,cpu         ] GC(1123) User=0.02s Sys=0.00s Real=0.01s
[4158.518s][info][gc,marking     ] GC(1123) Concurrent Mark 981.618ms
[4158.518s][info][gc,marking     ] GC(1123) Concurrent Rebuild Remembered Sets and Scrub Regions
.[4158.926s][info][gc,marking     ] GC(1123) Concurrent Rebuild Remembered Sets and Scrub Regions 408.544ms
[4158.927s][info][gc,start       ] GC(1123) Pause Cleanup
[4158.928s][info][gc             ] GC(1123) Pause Cleanup 2890M->2890M(4096M) 0.122ms
[4158.928s][info][gc,cpu         ] GC(1123) User=0.00s Sys=0.00s Real=0.00s
[4158.928s][info][gc,marking     ] GC(1123) Concurrent Clear Claimed Marks
[4158.928s][info][gc,marking     ] GC(1123) Concurrent Clear Claimed Marks 0.029ms
[4158.928s][info][gc,marking     ] GC(1123) Concurrent Cleanup for Next Mark
[4158.935s][info][gc,marking     ] GC(1123) Concurrent Cleanup for Next Mark 7.001ms
[4158.935s][info][gc             ] GC(1123) Concurrent Mark Cycle 1591.876ms
.[4159.761s][info][gc,start       ] GC(1124) Pause Young (Prepare Mixed) (G1 Evacuation Pause)
[4159.761s][info][gc,task        ] GC(1124) Using 6 workers of 6 for evacuation
[4159.884s][info][gc,phases      ] GC(1124)   Pre Evacuate Collection Set: 0.32ms
[4159.884s][info][gc,phases      ] GC(1124)   Merge Heap Roots: 0.49ms
[4159.884s][info][gc,phases      ] GC(1124)   Evacuate Collection Set: 121.36ms
[4159.884s][info][gc,phases      ] GC(1124)   Post Evacuate Collection Set: 0.92ms
[4159.884s][info][gc,phases      ] GC(1124)   Other: 0.09ms
[4159.884s][info][gc,heap        ] GC(1124) Eden regions: 1117->0(1102)
[4159.884s][info][gc,heap        ] GC(1124) Survivor regions: 111->113(154)
[4159.884s][info][gc,heap        ] GC(1124) Old regions: 507->537
[4159.884s][info][gc,heap        ] GC(1124) Humongous regions: 80->80
[4159.884s][info][gc,metaspace   ] GC(1124) Metaspace: 28882K(29248K)->28882K(29248K) NonClass: 24015K(24192K)->24015K(24192K) Class: 4867K(5056K)->4867K(5056K)
[4159.884s][info][gc             ] GC(1124) Pause Young (Prepare Mixed) (G1 Evacuation Pause) 3628M->1458M(4096M) 123.323ms
[4159.884s][info][gc,cpu         ] GC(1124) User=0.73s Sys=0.00s Real=0.12s
..[4162.236s][info][gc,start       ] GC(1125) Pause Young (Mixed) (G1 Evacuation Pause)
[4162.236s][info][gc,task        ] GC(1125) Using 6 workers of 6 for evacuation
[4162.373s][info][gc,phases      ] GC(1125)   Pre Evacuate Collection Set: 0.38ms
[4162.373s][info][gc,phases      ] GC(1125)   Merge Heap Roots: 0.63ms
[4162.373s][info][gc,phases      ] GC(1125)   Evacuate Collection Set: 135.68ms
[4162.373s][info][gc,phases      ] GC(1125)   Post Evacuate Collection Set: 0.98ms
[4162.373s][info][gc,phases      ] GC(1125)   Other: 0.09ms
[4162.373s][info][gc,heap        ] GC(1125) Eden regions: 1102->0(1116)
[4162.373s][info][gc,heap        ] GC(1125) Survivor regions: 113->112(152)
[4162.373s][info][gc,heap        ] GC(1125) Old regions: 537->473
[4162.373s][info][gc,heap        ] GC(1125) Humongous regions: 80->80
[4162.373s][info][gc,metaspace   ] GC(1125) Metaspace: 28882K(29248K)->28882K(29248K) NonClass: 24015K(24192K)->24015K(24192K) Class: 4867K(5056K)->4867K(5056K)
[4162.373s][info][gc             ] GC(1125) Pause Young (Mixed) (G1 Evacuation Pause) 3662M->1328M(4096M) 137.890ms
[4162.373s][info][gc,cpu         ] GC(1125) User=0.81s Sys=0.00s Real=0.14s
...[4164.853s][info][gc,start       ] GC(1126) Pause Young (Concurrent Start) (G1 Evacuation Pause)
[4164.853s][info][gc,task        ] GC(1126) Using 6 workers of 6 for evacuation
[4164.971s][info][gc,phases      ] GC(1126)   Pre Evacuate Collection Set: 0.40ms
[4164.971s][info][gc,phases      ] GC(1126)   Merge Heap Roots: 0.45ms
[4164.971s][info][gc,phases      ] GC(1126)   Evacuate Collection Set: 116.25ms
[4164.971s][info][gc,phases      ] GC(1126)   Post Evacuate Collection Set: 0.90ms
[4164.971s][info][gc,phases      ] GC(1126)   Other: 0.10ms
[4164.971s][info][gc,heap        ] GC(1126) Eden regions: 1116->0(1118)
[4164.971s][info][gc,heap        ] GC(1126) Survivor regions: 112->110(154)
[4164.971s][info][gc,heap        ] GC(1126) Old regions: 473->505
[4164.971s][info][gc,heap        ] GC(1126) Humongous regions: 80->80
[4164.971s][info][gc,metaspace   ] GC(1126) Metaspace: 28882K(29248K)->28882K(29248K) NonClass: 24015K(24192K)->24015K(24192K) Class: 4867K(5056K)->4867K(5056K)
[4164.971s][info][gc             ] GC(1126) Pause Young (Concurrent Start) (G1 Evacuation Pause) 3560M->1388M(4096M) 118.227ms
[4164.971s][info][gc             ] GC(1127) Concurrent Mark Cycle
[4164.971s][info][gc,marking     ] GC(1127) Concurrent Scan Root Regions
[4164.971s][info][gc,cpu         ] GC(1126) User=0.70s Sys=0.00s Real=0.12s
[4165.113s][info][gc,marking     ] GC(1127) Concurrent Scan Root Regions 142.483ms
[4165.114s][info][gc,marking     ] GC(1127) Concurrent Mark
[4165.114s][info][gc,marking     ] GC(1127) Concurrent Mark From Roots
[4165.114s][info][gc,task        ] GC(1127) Using 2 workers of 2 for marking
.[4166.001s][info][gc,marking     ] GC(1127) Concurrent Mark From Roots 887.742ms
[4166.001s][info][gc,marking     ] GC(1127) Concurrent Preclean
[4166.001s][info][gc,marking     ] GC(1127) Concurrent Preclean 0.108ms
[4166.003s][info][gc,start       ] GC(1127) Pause Remark
[4166.007s][info][gc             ] GC(1127) Pause Remark 2356M->2356M(4096M) 4.278ms
[4166.007s][info][gc,cpu         ] GC(1127) User=0.02s Sys=0.00s Real=0.01s
[4166.008s][info][gc,marking     ] GC(1127) Concurrent Mark 894.534ms
[4166.008s][info][gc,marking     ] GC(1127) Concurrent Rebuild Remembered Sets and Scrub Regions
[4166.273s][info][gc,marking     ] GC(1127) Concurrent Rebuild Remembered Sets and Scrub Regions 265.131ms
[4166.273s][info][gc,start       ] GC(1127) Pause Cleanup
[4166.273s][info][gc             ] GC(1127) Pause Cleanup 2618M->2618M(4096M) 0.100ms
[4166.273s][info][gc,cpu         ] GC(1127) User=0.00s Sys=0.00s Real=0.00s
[4166.274s][info][gc,marking     ] GC(1127) Concurrent Clear Claimed Marks
[4166.274s][info][gc,marking     ] GC(1127) Concurrent Clear Claimed Marks 0.023ms
[4166.274s][info][gc,marking     ] GC(1127) Concurrent Cleanup for Next Mark
[4166.278s][info][gc,marking     ] GC(1127) Concurrent Cleanup for Next Mark 4.430ms
[4166.278s][info][gc             ] GC(1127) Concurrent Mark Cycle 1307.112ms
.[4167.423s][info][gc,start       ] GC(1128) Pause Young (Prepare Mixed) (G1 Evacuation Pause)
[4167.423s][info][gc,task        ] GC(1128) Using 6 workers of 6 for evacuation
[4167.543s][info][gc,phases      ] GC(1128)   Pre Evacuate Collection Set: 0.35ms
[4167.543s][info][gc,phases      ] GC(1128)   Merge Heap Roots: 0.51ms
[4167.543s][info][gc,phases      ] GC(1128)   Evacuate Collection Set: 118.23ms
[4167.543s][info][gc,phases      ] GC(1128)   Post Evacuate Collection Set: 0.93ms
[4167.543s][info][gc,phases      ] GC(1128)   Other: 0.09ms
[4167.543s][info][gc,heap        ] GC(1128) Eden regions: 1118->0(1108)
[4167.543s][info][gc,heap        ] GC(1128) Survivor regions: 110->111(154)
[4167.543s][info][gc,heap        ] GC(1128) Old regions: 505->535
[4167.543s][info][gc,heap        ] GC(1128) Humongous regions: 80->80
[4167.543s][info][gc,metaspace   ] GC(1128) Metaspace: 28882K(29248K)->28882K(29248K) NonClass: 24015K(24192K)->24015K(24192K) Class: 4867K(5056K)->4867K(5056K)
[4167.543s][info][gc             ] GC(1128) Pause Young (Prepare Mixed) (G1 Evacuation Pause) 3624M->1450M(4096M) 120.233ms
[4167.543s][info][gc,cpu         ] GC(1128) User=0.71s Sys=0.00s Real=0.12s
...[4169.899s][info][gc,start       ] GC(1129) Pause Young (Mixed) (G1 Evacuation Pause)
[4169.899s][info][gc,task        ] GC(1129) Using 6 workers of 6 for evacuation
[4170.032s][info][gc,phases      ] GC(1129)   Pre Evacuate Collection Set: 0.39ms
[4170.032s][info][gc,phases      ] GC(1129)   Merge Heap Roots: 0.62ms
[4170.032s][info][gc,phases      ] GC(1129)   Evacuate Collection Set: 131.71ms
[4170.032s][info][gc,phases      ] GC(1129)   Post Evacuate Collection Set: 0.97ms
[4170.033s][info][gc,phases      ] GC(1129)   Other: 0.09ms
[4170.033s][info][gc,heap        ] GC(1129) Eden regions: 1108->0(1120)
[4170.033s][info][gc,heap        ] GC(1129) Survivor regions: 111->108(153)
[4170.033s][info][gc,heap        ] GC(1129) Old regions: 535->474
[4170.033s][info][gc,heap        ] GC(1129) Humongous regions: 80->80
[4170.033s][info][gc,metaspace   ] GC(1129) Metaspace: 28882K(29248K)->28882K(29248K) NonClass: 24015K(24192K)->24015K(24192K) Class: 4867K(5056K)->4867K(5056K)
[4170.033s][info][gc             ] GC(1129) Pause Young (Mixed) (G1 Evacuation Pause) 3666M->1321M(4096M) 133.916ms
[4170.033s][info][gc,cpu         ] GC(1129) User=0.80s Sys=0.00s Real=0.13s
..[4172.561s][info][gc,start       ] GC(1130) Pause Young (Concurrent Start) (G1 Evacuation Pause)
[4172.561s][info][gc,task        ] GC(1130) Using 6 workers of 6 for evacuation
[4172.678s][info][gc,phases      ] GC(1130)   Pre Evacuate Collection Set: 0.40ms
[4172.678s][info][gc,phases      ] GC(1130)   Merge Heap Roots: 0.45ms
[4172.678s][info][gc,phases      ] GC(1130)   Evacuate Collection Set: 115.18ms
[4172.678s][info][gc,phases      ] GC(1130)   Post Evacuate Collection Set: 0.93ms
[4172.678s][info][gc,phases      ] GC(1130)   Other: 0.12ms
[4172.678s][info][gc,heap        ] GC(1130) Eden regions: 1120->0(1117)
[4172.678s][info][gc,heap        ] GC(1130) Survivor regions: 108->111(154)
[4172.678s][info][gc,heap        ] GC(1130) Old regions: 474->505
[4172.678s][info][gc,heap        ] GC(1130) Humongous regions: 80->80
[4172.678s][info][gc,metaspace   ] GC(1130) Metaspace: 28882K(29248K)->28882K(29248K) NonClass: 24015K(24192K)->24015K(24192K) Class: 4867K(5056K)->4867K(5056K)
[4172.678s][info][gc             ] GC(1130) Pause Young (Concurrent Start) (G1 Evacuation Pause) 3561M->1389M(4096M) 117.210ms
[4172.678s][info][gc             ] GC(1131) Concurrent Mark Cycle
[4172.678s][info][gc,marking     ] GC(1131) Concurrent Scan Root Regions
[4172.678s][info][gc,cpu         ] GC(1130) User=0.69s Sys=0.00s Real=0.12s
.[4172.854s][info][gc,marking     ] GC(1131) Concurrent Scan Root Regions 175.525ms
[4172.854s][info][gc,marking     ] GC(1131) Concurrent Mark
[4172.854s][info][gc,marking     ] GC(1131) Concurrent Mark From Roots
[4172.854s][info][gc,task        ] GC(1131) Using 2 workers of 2 for marking
.[4173.816s][info][gc,marking     ] GC(1131) Concurrent Mark From Roots 962.533ms
[4173.816s][info][gc,marking     ] GC(1131) Concurrent Preclean
[4173.817s][info][gc,marking     ] GC(1131) Concurrent Preclean 0.098ms
[4173.820s][info][gc,start       ] GC(1131) Pause Remark
[4173.825s][info][gc             ] GC(1131) Pause Remark 2465M->2465M(4096M) 5.434ms
[4173.825s][info][gc,cpu         ] GC(1131) User=0.03s Sys=0.00s Real=0.00s
[4173.825s][info][gc,marking     ] GC(1131) Concurrent Mark 971.488ms
[4173.825s][info][gc,marking     ] GC(1131) Concurrent Rebuild Remembered Sets and Scrub Regions
[4174.200s][info][gc,marking     ] GC(1131) Concurrent Rebuild Remembered Sets and Scrub Regions 374.549ms
[4174.200s][info][gc,start       ] GC(1131) Pause Cleanup
[4174.200s][info][gc             ] GC(1131) Pause Cleanup 2847M->2847M(4096M) 0.113ms
[4174.200s][info][gc,cpu         ] GC(1131) User=0.00s Sys=0.00s Real=0.00s
[4174.200s][info][gc,marking     ] GC(1131) Concurrent Clear Claimed Marks
[4174.200s][info][gc,marking     ] GC(1131) Concurrent Clear Claimed Marks 0.028ms
[4174.200s][info][gc,marking     ] GC(1131) Concurrent Cleanup for Next Mark
[4174.208s][info][gc,marking     ] GC(1131) Concurrent Cleanup for Next Mark 7.730ms
[4174.208s][info][gc             ] GC(1131) Concurrent Mark Cycle 1529.960ms
.[4175.016s][info][gc,start       ] GC(1132) Pause Young (Prepare Mixed) (G1 Evacuation Pause)
[4175.016s][info][gc,task        ] GC(1132) Using 6 workers of 6 for evacuation
[4175.137s][info][gc,phases      ] GC(1132)   Pre Evacuate Collection Set: 0.32ms
[4175.137s][info][gc,phases      ] GC(1132)   Merge Heap Roots: 0.46ms
[4175.137s][info][gc,phases      ] GC(1132)   Evacuate Collection Set: 118.92ms
[4175.137s][info][gc,phases      ] GC(1132)   Post Evacuate Collection Set: 0.92ms
[4175.137s][info][gc,phases      ] GC(1132)   Other: 0.09ms
[4175.137s][info][gc,heap        ] GC(1132) Eden regions: 1117->0(1103)
[4175.137s][info][gc,heap        ] GC(1132) Survivor regions: 111->113(154)
[4175.137s][info][gc,heap        ] GC(1132) Old regions: 505->536
[4175.137s][info][gc,heap        ] GC(1132) Humongous regions: 80->80
[4175.137s][info][gc,metaspace   ] GC(1132) Metaspace: 28882K(29248K)->28882K(29248K) NonClass: 24015K(24192K)->24015K(24192K) Class: 4867K(5056K)->4867K(5056K)
[4175.137s][info][gc             ] GC(1132) Pause Young (Prepare Mixed) (G1 Evacuation Pause) 3623M->1456M(4096M) 120.861ms
[4175.137s][info][gc,cpu         ] GC(1132) User=0.72s Sys=0.00s Real=0.13s
..[4177.550s][info][gc,start       ] GC(1133) Pause Young (Mixed) (G1 Evacuation Pause)
[4177.550s][info][gc,task        ] GC(1133) Using 6 workers of 6 for evacuation
[4177.682s][info][gc,phases      ] GC(1133)   Pre Evacuate Collection Set: 0.39ms
[4177.682s][info][gc,phases      ] GC(1133)   Merge Heap Roots: 0.66ms
[4177.682s][info][gc,phases      ] GC(1133)   Evacuate Collection Set: 129.88ms
[4177.682s][info][gc,phases      ] GC(1133)   Post Evacuate Collection Set: 0.96ms
[4177.682s][info][gc,phases      ] GC(1133)   Other: 0.10ms
[4177.682s][info][gc,heap        ] GC(1133) Eden regions: 1103->0(1121)
[4177.682s][info][gc,heap        ] GC(1133) Survivor regions: 113->107(152)
[4177.682s][info][gc,heap        ] GC(1133) Old regions: 536->474
[4177.682s][info][gc,heap        ] GC(1133) Humongous regions: 80->80
[4177.682s][info][gc,metaspace   ] GC(1133) Metaspace: 28882K(29248K)->28882K(29248K) NonClass: 24015K(24192K)->24015K(24192K) Class: 4867K(5056K)->4867K(5056K)
[4177.682s][info][gc             ] GC(1133) Pause Young (Mixed) (G1 Evacuation Pause) 3662M->1319M(4096M) 132.123ms
[4177.682s][info][gc,cpu         ] GC(1133) User=0.78s Sys=0.00s Real=0.13s
. (rIR:aIR:PR = 7334:7336:7335) (tPR = 108859) [OK] 
  4177s: Performance info:
         Transaction,    Success,    Partial,     Failed,   Receipts, AvgBarcode, 
             Overall,     440674,          0,          0,     418407,      59.47, 
         Response times:
             Request,    Success,    Partial,     Failed,   SkipFail,     Probes,    Samples,      min,      p50,      p90,      p95,      p99,      max, 
       TotalPurchase,     418712,          0,          0,          0,     355696,     383852,      300,     6200,    64000,   105000,   177000,   316000,
     InStorePurchase,     220565,          0,          0,          0,     186907,     201417,      300,     6300,    63000,   105000,   178000,   316000,
      OnlinePurchase,     154483,          0,          0,          0,     130983,     141337,      300,     6300,    65000,   106000,   177000,   302000,
        InstPurchase,      43664,          0,          0,          0,      37806,      41098,      400,     6000,    62000,   103000,   172000,   292000,
          AssocOfCat,        439,          0,          0,          0,        379,        514,    22000,    36000,   105500,   149750,   219550,   247000,
      AssocOfProduct,       4411,          0,          0,          0,       4088,       4606,      600,     7100,    68000,   112650,   182000,   260000,
      BusinessReport,       1099,          0,          0,          0,        971,       1177,    22000,    41000,    98200,   150200,   218000,   261000,
          CustBuyBeh,       4400,          0,          0,          0,       4050,       4582,      100,     5000,    56700,    94000,   165000,   243000,
       ProductReturn,      11652,          0,          0,          0,       9991,      11104,      200,     5700,    60000,   103000,   182000,   253000,

  4177s: (54%)   IR =   7472 ..[4180.144s][info][gc,start       ] GC(1134) Pause Young (Concurrent Start) (G1 Evacuation Pause)
[4180.144s][info][gc,task        ] GC(1134) Using 6 workers of 6 for evacuation
[4180.262s][info][gc,phases      ] GC(1134)   Pre Evacuate Collection Set: 0.37ms
[4180.262s][info][gc,phases      ] GC(1134)   Merge Heap Roots: 0.45ms
[4180.262s][info][gc,phases      ] GC(1134)   Evacuate Collection Set: 116.28ms
[4180.262s][info][gc,phases      ] GC(1134)   Post Evacuate Collection Set: 0.94ms
[4180.262s][info][gc,phases      ] GC(1134)   Other: 0.11ms
[4180.262s][info][gc,heap        ] GC(1134) Eden regions: 1121->0(1118)
[4180.262s][info][gc,heap        ] GC(1134) Survivor regions: 107->110(154)
[4180.262s][info][gc,heap        ] GC(1134) Old regions: 474->505
[4180.262s][info][gc,heap        ] GC(1134) Humongous regions: 80->80
[4180.262s][info][gc,metaspace   ] GC(1134) Metaspace: 28882K(29248K)->28882K(29248K) NonClass: 24015K(24192K)->24015K(24192K) Class: 4867K(5056K)->4867K(5056K)
[4180.262s][info][gc             ] GC(1134) Pause Young (Concurrent Start) (G1 Evacuation Pause) 3561M->1388M(4096M) 118.281ms
[4180.263s][info][gc             ] GC(1135) Concurrent Mark Cycle
[4180.263s][info][gc,marking     ] GC(1135) Concurrent Scan Root Regions
[4180.263s][info][gc,cpu         ] GC(1134) User=0.70s Sys=0.00s Real=0.12s
[4180.441s][info][gc,marking     ] GC(1135) Concurrent Scan Root Regions 178.747ms
[4180.441s][info][gc,marking     ] GC(1135) Concurrent Mark
[4180.441s][info][gc,marking     ] GC(1135) Concurrent Mark From Roots
[4180.441s][info][gc,task        ] GC(1135) Using 2 workers of 2 for marking
.[4181.425s][info][gc,marking     ] GC(1135) Concurrent Mark From Roots 983.337ms
[4181.425s][info][gc,marking     ] GC(1135) Concurrent Preclean
[4181.425s][info][gc,marking     ] GC(1135) Concurrent Preclean 0.136ms
[4181.425s][info][gc,start       ] GC(1135) Pause Remark
[4181.429s][info][gc             ] GC(1135) Pause Remark 2429M->2429M(4096M) 3.994ms
[4181.429s][info][gc,cpu         ] GC(1135) User=0.02s Sys=0.00s Real=0.01s
[4181.429s][info][gc,marking     ] GC(1135) Concurrent Mark 987.775ms
[4181.429s][info][gc,marking     ] GC(1135) Concurrent Rebuild Remembered Sets and Scrub Regions
[4181.840s][info][gc,marking     ] GC(1135) Concurrent Rebuild Remembered Sets and Scrub Regions 411.041ms
[4181.840s][info][gc,start       ] GC(1135) Pause Cleanup
[4181.840s][info][gc             ] GC(1135) Pause Cleanup 2791M->2791M(4096M) 0.108ms
[4181.840s][info][gc,cpu         ] GC(1135) User=0.00s Sys=0.00s Real=0.00s
[4181.841s][info][gc,marking     ] GC(1135) Concurrent Clear Claimed Marks
[4181.842s][info][gc,marking     ] GC(1135) Concurrent Clear Claimed Marks 0.044ms
[4181.842s][info][gc,marking     ] GC(1135) Concurrent Cleanup for Next Mark
[4181.853s][info][gc,marking     ] GC(1135) Concurrent Cleanup for Next Mark 11.140ms
[4181.853s][info][gc             ] GC(1135) Concurrent Mark Cycle 1590.241ms
.[4182.619s][info][gc,start       ] GC(1136) Pause Young (Prepare Mixed) (G1 Evacuation Pause)
[4182.619s][info][gc,task        ] GC(1136) Using 6 workers of 6 for evacuation
[4182.738s][info][gc,phases      ] GC(1136)   Pre Evacuate Collection Set: 0.33ms
[4182.738s][info][gc,phases      ] GC(1136)   Merge Heap Roots: 0.50ms
[4182.738s][info][gc,phases      ] GC(1136)   Evacuate Collection Set: 117.52ms
[4182.738s][info][gc,phases      ] GC(1136)   Post Evacuate Collection Set: 0.95ms
[4182.738s][info][gc,phases      ] GC(1136)   Other: 0.09ms
[4182.738s][info][gc,heap        ] GC(1136) Eden regions: 1118->0(1109)
[4182.738s][info][gc,heap        ] GC(1136) Survivor regions: 110->110(154)
[4182.738s][info][gc,heap        ] GC(1136) Old regions: 505->536
[4182.738s][info][gc,heap        ] GC(1136) Humongous regions: 80->80
[4182.738s][info][gc,metaspace   ] GC(1136) Metaspace: 28882K(29248K)->28882K(29248K) NonClass: 24015K(24192K)->24015K(24192K) Class: 4867K(5056K)->4867K(5056K)
[4182.738s][info][gc             ] GC(1136) Pause Young (Prepare Mixed) (G1 Evacuation Pause) 3624M->1451M(4096M) 119.524ms
[4182.738s][info][gc,cpu         ] GC(1136) User=0.71s Sys=0.00s Real=0.12s
..|.[4185.191s][info][gc,start       ] GC(1137) Pause Young (Mixed) (G1 Evacuation Pause)
[4185.191s][info][gc,task        ] GC(1137) Using 6 workers of 6 for evacuation
[4185.327s][info][gc,phases      ] GC(1137)   Pre Evacuate Collection Set: 0.36ms
[4185.327s][info][gc,phases      ] GC(1137)   Merge Heap Roots: 0.72ms
[4185.327s][info][gc,phases      ] GC(1137)   Evacuate Collection Set: 134.42ms
[4185.327s][info][gc,phases      ] GC(1137)   Post Evacuate Collection Set: 0.95ms
[4185.327s][info][gc,phases      ] GC(1137)   Other: 0.09ms
[4185.327s][info][gc,heap        ] GC(1137) Eden regions: 1109->0(1118)
[4185.327s][info][gc,heap        ] GC(1137) Survivor regions: 110->110(153)
[4185.327s][info][gc,heap        ] GC(1137) Old regions: 536->474
[4185.327s][info][gc,heap        ] GC(1137) Humongous regions: 80->80
[4185.327s][info][gc,metaspace   ] GC(1137) Metaspace: 28882K(29248K)->28882K(29248K) NonClass: 24015K(24192K)->24015K(24192K) Class: 4867K(5056K)->4867K(5056K)
[4185.327s][info][gc             ] GC(1137) Pause Young (Mixed) (G1 Evacuation Pause) 3669M->1326M(4096M) 136.682ms
[4185.327s][info][gc,cpu         ] GC(1137) User=0.81s Sys=0.00s Real=0.14s
..[4187.660s][info][gc,start       ] GC(1138) Pause Young (Concurrent Start) (G1 Evacuation Pause)
[4187.660s][info][gc,task        ] GC(1138) Using 6 workers of 6 for evacuation
[4187.777s][info][gc,phases      ] GC(1138)   Pre Evacuate Collection Set: 0.39ms
[4187.777s][info][gc,phases      ] GC(1138)   Merge Heap Roots: 0.42ms
[4187.777s][info][gc,phases      ] GC(1138)   Evacuate Collection Set: 114.89ms
[4187.777s][info][gc,phases      ] GC(1138)   Post Evacuate Collection Set: 0.89ms
[4187.777s][info][gc,phases      ] GC(1138)   Other: 0.13ms
[4187.777s][info][gc,heap        ] GC(1138) Eden regions: 1118->0(1119)
[4187.777s][info][gc,heap        ] GC(1138) Survivor regions: 110->109(154)
[4187.777s][info][gc,heap        ] GC(1138) Old regions: 474->505
[4187.777s][info][gc,heap        ] GC(1138) Humongous regions: 80->80
[4187.777s][info][gc,metaspace   ] GC(1138) Metaspace: 28882K(29248K)->28882K(29248K) NonClass: 24015K(24192K)->24015K(24192K) Class: 4867K(5056K)->4867K(5056K)
[4187.777s][info][gc             ] GC(1138) Pause Young (Concurrent Start) (G1 Evacuation Pause) 3562M->1386M(4096M) 116.855ms
[4187.777s][info][gc             ] GC(1139) Concurrent Mark Cycle
[4187.777s][info][gc,cpu         ] GC(1138) User=0.69s Sys=0.00s Real=0.12s
[4187.777s][info][gc,marking     ] GC(1139) Concurrent Scan Root Regions
[4187.914s][info][gc,marking     ] GC(1139) Concurrent Scan Root Regions 136.615ms
[4187.914s][info][gc,marking     ] GC(1139) Concurrent Mark
[4187.914s][info][gc,marking     ] GC(1139) Concurrent Mark From Roots
[4187.914s][info][gc,task        ] GC(1139) Using 2 workers of 2 for marking
.[4188.920s][info][gc,marking     ] GC(1139) Concurrent Mark From Roots 1006.465ms
[4188.920s][info][gc,marking     ] GC(1139) Concurrent Preclean
[4188.921s][info][gc,marking     ] GC(1139) Concurrent Preclean 0.103ms
[4188.921s][info][gc,start       ] GC(1139) Pause Remark
[4188.926s][info][gc             ] GC(1139) Pause Remark 2424M->2424M(4096M) 5.337ms
[4188.926s][info][gc,cpu         ] GC(1139) User=0.03s Sys=0.00s Real=0.00s
[4188.927s][info][gc,marking     ] GC(1139) Concurrent Mark 1012.662ms
[4188.927s][info][gc,marking     ] GC(1139) Concurrent Rebuild Remembered Sets and Scrub Regions
.[4189.309s][info][gc,marking     ] GC(1139) Concurrent Rebuild Remembered Sets and Scrub Regions 382.737ms
[4189.310s][info][gc,start       ] GC(1139) Pause Cleanup
[4189.310s][info][gc             ] GC(1139) Pause Cleanup 2874M->2874M(4096M) 0.132ms
[4189.310s][info][gc,cpu         ] GC(1139) User=0.00s Sys=0.00s Real=0.00s
[4189.310s][info][gc,marking     ] GC(1139) Concurrent Clear Claimed Marks
[4189.310s][info][gc,marking     ] GC(1139) Concurrent Clear Claimed Marks 0.031ms
[4189.310s][info][gc,marking     ] GC(1139) Concurrent Cleanup for Next Mark
[4189.315s][info][gc,marking     ] GC(1139) Concurrent Cleanup for Next Mark 4.412ms
[4189.315s][info][gc             ] GC(1139) Concurrent Mark Cycle 1537.689ms
.[4190.172s][info][gc,start       ] GC(1140) Pause Young (Prepare Mixed) (G1 Evacuation Pause)
[4190.172s][info][gc,task        ] GC(1140) Using 6 workers of 6 for evacuation
[4190.293s][info][gc,phases      ] GC(1140)   Pre Evacuate Collection Set: 0.35ms
[4190.293s][info][gc,phases      ] GC(1140)   Merge Heap Roots: 0.49ms
[4190.293s][info][gc,phases      ] GC(1140)   Evacuate Collection Set: 118.62ms
[4190.293s][info][gc,phases      ] GC(1140)   Post Evacuate Collection Set: 0.94ms
[4190.293s][info][gc,phases      ] GC(1140)   Other: 0.10ms
[4190.293s][info][gc,heap        ] GC(1140) Eden regions: 1119->0(1104)
[4190.293s][info][gc,heap        ] GC(1140) Survivor regions: 109->112(154)
[4190.293s][info][gc,heap        ] GC(1140) Old regions: 505->537
[4190.293s][info][gc,heap        ] GC(1140) Humongous regions: 80->80
[4190.293s][info][gc,metaspace   ] GC(1140) Metaspace: 28882K(29248K)->28882K(29248K) NonClass: 24015K(24192K)->24015K(24192K) Class: 4867K(5056K)->4867K(5056K)
[4190.293s][info][gc             ] GC(1140) Pause Young (Prepare Mixed) (G1 Evacuation Pause) 3624M->1456M(4096M) 120.614ms
[4190.293s][info][gc,cpu         ] GC(1140) User=0.71s Sys=0.00s Real=0.12s
..[4192.675s][info][gc,start       ] GC(1141) Pause Young (Mixed) (G1 Evacuation Pause)
[4192.675s][info][gc,task        ] GC(1141) Using 6 workers of 6 for evacuation
[4192.809s][info][gc,phases      ] GC(1141)   Pre Evacuate Collection Set: 0.37ms
[4192.809s][info][gc,phases      ] GC(1141)   Merge Heap Roots: 0.67ms
[4192.809s][info][gc,phases      ] GC(1141)   Evacuate Collection Set: 132.58ms
[4192.809s][info][gc,phases      ] GC(1141)   Post Evacuate Collection Set: 0.98ms
[4192.809s][info][gc,phases      ] GC(1141)   Other: 0.08ms
[4192.809s][info][gc,heap        ] GC(1141) Eden regions: 1104->0(1120)
[4192.809s][info][gc,heap        ] GC(1141) Survivor regions: 112->108(152)
[4192.809s][info][gc,heap        ] GC(1141) Old regions: 537->474
[4192.809s][info][gc,heap        ] GC(1141) Humongous regions: 80->80
[4192.809s][info][gc,metaspace   ] GC(1141) Metaspace: 28882K(29248K)->28882K(29248K) NonClass: 24015K(24192K)->24015K(24192K) Class: 4867K(5056K)->4867K(5056K)
[4192.809s][info][gc             ] GC(1141) Pause Young (Mixed) (G1 Evacuation Pause) 3664M->1323M(4096M) 134.804ms
[4192.809s][info][gc,cpu         ] GC(1141) User=0.79s Sys=0.00s Real=0.14s
...[4195.208s][info][gc,start       ] GC(1142) Pause Young (Concurrent Start) (G1 Evacuation Pause)
[4195.209s][info][gc,task        ] GC(1142) Using 6 workers of 6 for evacuation
[4195.330s][info][gc,phases      ] GC(1142)   Pre Evacuate Collection Set: 0.35ms
[4195.330s][info][gc,phases      ] GC(1142)   Merge Heap Roots: 0.44ms
[4195.330s][info][gc,phases      ] GC(1142)   Evacuate Collection Set: 120.02ms
[4195.330s][info][gc,phases      ] GC(1142)   Post Evacuate Collection Set: 0.89ms
[4195.330s][info][gc,phases      ] GC(1142)   Other: 0.11ms
[4195.330s][info][gc,heap        ] GC(1142) Eden regions: 1120->0(1116)
[4195.330s][info][gc,heap        ] GC(1142) Survivor regions: 108->112(154)
[4195.330s][info][gc,heap        ] GC(1142) Old regions: 474->506
[4195.330s][info][gc,heap        ] GC(1142) Humongous regions: 80->80
[4195.330s][info][gc,metaspace   ] GC(1142) Metaspace: 28882K(29248K)->28882K(29248K) NonClass: 24015K(24192K)->24015K(24192K) Class: 4867K(5056K)->4867K(5056K)
[4195.330s][info][gc             ] GC(1142) Pause Young (Concurrent Start) (G1 Evacuation Pause) 3563M->1394M(4096M) 121.937ms
[4195.330s][info][gc             ] GC(1143) Concurrent Mark Cycle
[4195.330s][info][gc,marking     ] GC(1143) Concurrent Scan Root Regions
[4195.330s][info][gc,cpu         ] GC(1142) User=0.72s Sys=0.00s Real=0.12s
[4195.475s][info][gc,marking     ] GC(1143) Concurrent Scan Root Regions 144.279ms
[4195.475s][info][gc,marking     ] GC(1143) Concurrent Mark
[4195.475s][info][gc,marking     ] GC(1143) Concurrent Mark From Roots
[4195.475s][info][gc,task        ] GC(1143) Using 2 workers of 2 for marking
.[4196.188s][info][gc,marking     ] GC(1143) Concurrent Mark From Roots 712.994ms
[4196.188s][info][gc,marking     ] GC(1143) Concurrent Preclean
[4196.188s][info][gc,marking     ] GC(1143) Concurrent Preclean 0.097ms
[4196.188s][info][gc,start       ] GC(1143) Pause Remark
[4196.194s][info][gc             ] GC(1143) Pause Remark 2186M->2186M(4096M) 5.608ms
[4196.194s][info][gc,cpu         ] GC(1143) User=0.03s Sys=0.00s Real=0.00s
[4196.195s][info][gc,marking     ] GC(1143) Concurrent Mark 720.046ms
[4196.195s][info][gc,marking     ] GC(1143) Concurrent Rebuild Remembered Sets and Scrub Regions
[4196.465s][info][gc,marking     ] GC(1143) Concurrent Rebuild Remembered Sets and Scrub Regions 269.981ms
[4196.466s][info][gc,start       ] GC(1143) Pause Cleanup
[4196.466s][info][gc             ] GC(1143) Pause Cleanup 2448M->2448M(4096M) 0.116ms
[4196.466s][info][gc,cpu         ] GC(1143) User=0.00s Sys=0.00s Real=0.00s
[4196.466s][info][gc,marking     ] GC(1143) Concurrent Clear Claimed Marks
[4196.466s][info][gc,marking     ] GC(1143) Concurrent Clear Claimed Marks 0.029ms
[4196.466s][info][gc,marking     ] GC(1143) Concurrent Cleanup for Next Mark
[4196.471s][info][gc,marking     ] GC(1143) Concurrent Cleanup for Next Mark 4.558ms
[4196.471s][info][gc             ] GC(1143) Concurrent Mark Cycle 1140.530ms
.[4197.706s][info][gc,start       ] GC(1144) Pause Young (Prepare Mixed) (G1 Evacuation Pause)
[4197.706s][info][gc,task        ] GC(1144) Using 6 workers of 6 for evacuation
[4197.826s][info][gc,phases      ] GC(1144)   Pre Evacuate Collection Set: 0.32ms
[4197.826s][info][gc,phases      ] GC(1144)   Merge Heap Roots: 0.47ms
[4197.826s][info][gc,phases      ] GC(1144)   Evacuate Collection Set: 118.58ms
[4197.826s][info][gc,phases      ] GC(1144)   Post Evacuate Collection Set: 0.96ms
[4197.826s][info][gc,phases      ] GC(1144)   Other: 0.08ms
[4197.826s][info][gc,heap        ] GC(1144) Eden regions: 1116->0(1103)
[4197.826s][info][gc,heap        ] GC(1144) Survivor regions: 112->112(154)
[4197.826s][info][gc,heap        ] GC(1144) Old regions: 506->538
[4197.826s][info][gc,heap        ] GC(1144) Humongous regions: 80->80
[4197.826s][info][gc,metaspace   ] GC(1144) Metaspace: 28882K(29248K)->28882K(29248K) NonClass: 24015K(24192K)->24015K(24192K) Class: 4867K(5056K)->4867K(5056K)
[4197.826s][info][gc             ] GC(1144) Pause Young (Prepare Mixed) (G1 Evacuation Pause) 3626M->1457M(4096M) 120.542ms
[4197.826s][info][gc,cpu         ] GC(1144) User=0.71s Sys=0.00s Real=0.12s
...[4200.248s][info][gc,start       ] GC(1145) Pause Young (Mixed) (G1 Evacuation Pause)
[4200.249s][info][gc,task        ] GC(1145) Using 6 workers of 6 for evacuation
[4200.384s][info][gc,phases      ] GC(1145)   Pre Evacuate Collection Set: 0.38ms
[4200.384s][info][gc,phases      ] GC(1145)   Merge Heap Roots: 0.65ms
[4200.384s][info][gc,phases      ] GC(1145)   Evacuate Collection Set: 133.17ms
[4200.384s][info][gc,phases      ] GC(1145)   Post Evacuate Collection Set: 0.95ms
[4200.384s][info][gc,phases      ] GC(1145)   Other: 0.09ms
[4200.384s][info][gc,heap        ] GC(1145) Eden regions: 1103->0(1116)
[4200.384s][info][gc,heap        ] GC(1145) Survivor regions: 112->112(152)
[4200.384s][info][gc,heap        ] GC(1145) Old regions: 538->475
[4200.384s][info][gc,heap        ] GC(1145) Humongous regions: 80->80
[4200.384s][info][gc,metaspace   ] GC(1145) Metaspace: 28882K(29248K)->28882K(29248K) NonClass: 24015K(24192K)->24015K(24192K) Class: 4867K(5056K)->4867K(5056K)
[4200.384s][info][gc             ] GC(1145) Pause Young (Mixed) (G1 Evacuation Pause) 3663M->1331M(4096M) 135.386ms
[4200.384s][info][gc,cpu         ] GC(1145) User=0.80s Sys=0.00s Real=0.13s
..[4202.766s][info][gc,start       ] GC(1146) Pause Young (Concurrent Start) (G1 Evacuation Pause)
[4202.766s][info][gc,task        ] GC(1146) Using 6 workers of 6 for evacuation
[4202.883s][info][gc,phases      ] GC(1146)   Pre Evacuate Collection Set: 0.39ms
[4202.883s][info][gc,phases      ] GC(1146)   Merge Heap Roots: 0.46ms
[4202.883s][info][gc,phases      ] GC(1146)   Evacuate Collection Set: 115.48ms
[4202.883s][info][gc,phases      ] GC(1146)   Post Evacuate Collection Set: 0.91ms
[4202.883s][info][gc,phases      ] GC(1146)   Other: 0.12ms
[4202.883s][info][gc,heap        ] GC(1146) Eden regions: 1116->0(1119)
[4202.883s][info][gc,heap        ] GC(1146) Survivor regions: 112->109(154)
[4202.883s][info][gc,heap        ] GC(1146) Old regions: 475->507
[4202.883s][info][gc,heap        ] GC(1146) Humongous regions: 80->80
[4202.883s][info][gc,metaspace   ] GC(1146) Metaspace: 28882K(29248K)->28882K(29248K) NonClass: 24015K(24192K)->24015K(24192K) Class: 4867K(5056K)->4867K(5056K)
[4202.883s][info][gc             ] GC(1146) Pause Young (Concurrent Start) (G1 Evacuation Pause) 3563M->1391M(4096M) 117.502ms
[4202.884s][info][gc             ] GC(1147) Concurrent Mark Cycle
[4202.884s][info][gc,marking     ] GC(1147) Concurrent Scan Root Regions
[4202.884s][info][gc,cpu         ] GC(1146) User=0.69s Sys=0.00s Real=0.12s
[4203.064s][info][gc,marking     ] GC(1147) Concurrent Scan Root Regions 180.194ms
[4203.064s][info][gc,marking     ] GC(1147) Concurrent Mark
[4203.064s][info][gc,marking     ] GC(1147) Concurrent Mark From Roots
[4203.064s][info][gc,task        ] GC(1147) Using 2 workers of 2 for marking
.[4204.093s][info][gc,marking     ] GC(1147) Concurrent Mark From Roots 1028.993ms
[4204.093s][info][gc,marking     ] GC(1147) Concurrent Preclean
[4204.093s][info][gc,marking     ] GC(1147) Concurrent Preclean 0.103ms
[4204.095s][info][gc,start       ] GC(1147) Pause Remark
[4204.099s][info][gc             ] GC(1147) Pause Remark 2495M->2495M(4096M) 3.681ms
[4204.099s][info][gc,cpu         ] GC(1147) User=0.02s Sys=0.00s Real=0.01s
[4204.099s][info][gc,marking     ] GC(1147) Concurrent Mark 1035.658ms
[4204.099s][info][gc,marking     ] GC(1147) Concurrent Rebuild Remembered Sets and Scrub Regions
.[4204.379s][info][gc,marking     ] GC(1147) Concurrent Rebuild Remembered Sets and Scrub Regions 279.873ms
[4204.380s][info][gc,start       ] GC(1147) Pause Cleanup
[4204.380s][info][gc             ] GC(1147) Pause Cleanup 2795M->2795M(4096M) 0.121ms
[4204.380s][info][gc,cpu         ] GC(1147) User=0.00s Sys=0.00s Real=0.00s
[4204.380s][info][gc,marking     ] GC(1147) Concurrent Clear Claimed Marks
[4204.380s][info][gc,marking     ] GC(1147) Concurrent Clear Claimed Marks 0.028ms
[4204.380s][info][gc,marking     ] GC(1147) Concurrent Cleanup for Next Mark
[4204.386s][info][gc,marking     ] GC(1147) Concurrent Cleanup for Next Mark 5.534ms
[4204.386s][info][gc             ] GC(1147) Concurrent Mark Cycle 1502.102ms
.[4205.317s][info][gc,start       ] GC(1148) Pause Young (Prepare Mixed) (G1 Evacuation Pause)
[4205.317s][info][gc,task        ] GC(1148) Using 6 workers of 6 for evacuation
[4205.439s][info][gc,phases      ] GC(1148)   Pre Evacuate Collection Set: 0.32ms
[4205.439s][info][gc,phases      ] GC(1148)   Merge Heap Roots: 0.51ms
[4205.439s][info][gc,phases      ] GC(1148)   Evacuate Collection Set: 119.89ms
[4205.439s][info][gc,phases      ] GC(1148)   Post Evacuate Collection Set: 0.93ms
[4205.439s][info][gc,phases      ] GC(1148)   Other: 0.09ms
[4205.439s][info][gc,heap        ] GC(1148) Eden regions: 1119->0(1100)
[4205.439s][info][gc,heap        ] GC(1148) Survivor regions: 109->113(154)
[4205.439s][info][gc,heap        ] GC(1148) Old regions: 507->539
[4205.439s][info][gc,heap        ] GC(1148) Humongous regions: 80->80
[4205.439s][info][gc,metaspace   ] GC(1148) Metaspace: 28882K(29248K)->28882K(29248K) NonClass: 24015K(24192K)->24015K(24192K) Class: 4867K(5056K)->4867K(5056K)
[4205.439s][info][gc             ] GC(1148) Pause Young (Prepare Mixed) (G1 Evacuation Pause) 3629M->1462M(4096M) 121.873ms
[4205.439s][info][gc,cpu         ] GC(1148) User=0.72s Sys=0.00s Real=0.12s
..[4207.754s][info][gc,start       ] GC(1149) Pause Young (Mixed) (G1 Evacuation Pause)
[4207.754s][info][gc,task        ] GC(1149) Using 6 workers of 6 for evacuation
[4207.887s][info][gc,phases      ] GC(1149)   Pre Evacuate Collection Set: 0.36ms
[4207.887s][info][gc,phases      ] GC(1149)   Merge Heap Roots: 0.65ms
[4207.887s][info][gc,phases      ] GC(1149)   Evacuate Collection Set: 130.80ms
[4207.887s][info][gc,phases      ] GC(1149)   Post Evacuate Collection Set: 0.98ms
[4207.887s][info][gc,phases      ] GC(1149)   Other: 0.09ms
[4207.887s][info][gc,heap        ] GC(1149) Eden regions: 1100->0(1120)
[4207.887s][info][gc,heap        ] GC(1149) Survivor regions: 113->108(152)
[4207.887s][info][gc,heap        ] GC(1149) Old regions: 539->475
[4207.887s][info][gc,heap        ] GC(1149) Humongous regions: 80->80
[4207.887s][info][gc,metaspace   ] GC(1149) Metaspace: 28882K(29248K)->28882K(29248K) NonClass: 24015K(24192K)->24015K(24192K) Class: 4867K(5056K)->4867K(5056K)
[4207.887s][info][gc             ] GC(1149) Pause Young (Mixed) (G1 Evacuation Pause) 3662M->1324M(4096M) 133.017ms
[4207.887s][info][gc,cpu         ] GC(1149) User=0.79s Sys=0.00s Real=0.14s
...[4210.336s][info][gc,start       ] GC(1150) Pause Young (Concurrent Start) (G1 Evacuation Pause)
[4210.336s][info][gc,task        ] GC(1150) Using 6 workers of 6 for evacuation
[4210.457s][info][gc,phases      ] GC(1150)   Pre Evacuate Collection Set: 0.35ms
[4210.457s][info][gc,phases      ] GC(1150)   Merge Heap Roots: 0.43ms
[4210.457s][info][gc,phases      ] GC(1150)   Evacuate Collection Set: 118.30ms
[4210.457s][info][gc,phases      ] GC(1150)   Post Evacuate Collection Set: 0.90ms
[4210.457s][info][gc,phases      ] GC(1150)   Other: 0.11ms
[4210.457s][info][gc,heap        ] GC(1150) Eden regions: 1120->0(1117)
[4210.457s][info][gc,heap        ] GC(1150) Survivor regions: 108->111(154)
[4210.457s][info][gc,heap        ] GC(1150) Old regions: 475->506
[4210.457s][info][gc,heap        ] GC(1150) Humongous regions: 80->80
[4210.457s][info][gc,metaspace   ] GC(1150) Metaspace: 28882K(29248K)->28882K(29248K) NonClass: 24015K(24192K)->24015K(24192K) Class: 4867K(5056K)->4867K(5056K)
[4210.457s][info][gc             ] GC(1150) Pause Young (Concurrent Start) (G1 Evacuation Pause) 3564M->1393M(4096M) 120.230ms
[4210.457s][info][gc             ] GC(1151) Concurrent Mark Cycle
[4210.457s][info][gc,marking     ] GC(1151) Concurrent Scan Root Regions
[4210.457s][info][gc,cpu         ] GC(1150) User=0.71s Sys=0.00s Real=0.12s
[4210.640s][info][gc,marking     ] GC(1151) Concurrent Scan Root Regions 182.973ms
[4210.640s][info][gc,marking     ] GC(1151) Concurrent Mark
[4210.640s][info][gc,marking     ] GC(1151) Concurrent Mark From Roots
[4210.640s][info][gc,task        ] GC(1151) Using 2 workers of 2 for marking
.[4211.616s][info][gc,marking     ] GC(1151) Concurrent Mark From Roots 975.940ms
[4211.616s][info][gc,marking     ] GC(1151) Concurrent Preclean
[4211.616s][info][gc,marking     ] GC(1151) Concurrent Preclean 0.101ms
[4211.617s][info][gc,start       ] GC(1151) Pause Remark
[4211.622s][info][gc             ] GC(1151) Pause Remark 2505M->2505M(4096M) 4.606ms
[4211.622s][info][gc,cpu         ] GC(1151) User=0.03s Sys=0.00s Real=0.00s
[4211.623s][info][gc,marking     ] GC(1151) Concurrent Mark 983.236ms
[4211.623s][info][gc,marking     ] GC(1151) Concurrent Rebuild Remembered Sets and Scrub Regions
[4211.981s][info][gc,marking     ] GC(1151) Concurrent Rebuild Remembered Sets and Scrub Regions 357.840ms
[4211.981s][info][gc,start       ] GC(1151) Pause Cleanup
[4211.982s][info][gc             ] GC(1151) Pause Cleanup 2825M->2825M(4096M) 0.110ms
[4211.982s][info][gc,cpu         ] GC(1151) User=0.00s Sys=0.00s Real=0.00s
[4211.982s][info][gc,marking     ] GC(1151) Concurrent Clear Claimed Marks
[4211.982s][info][gc,marking     ] GC(1151) Concurrent Clear Claimed Marks 0.030ms
[4211.982s][info][gc,marking     ] GC(1151) Concurrent Cleanup for Next Mark
[4211.986s][info][gc,marking     ] GC(1151) Concurrent Cleanup for Next Mark 4.290ms
[4211.986s][info][gc             ] GC(1151) Concurrent Mark Cycle 1529.457ms
.[4212.797s][info][gc,start       ] GC(1152) Pause Young (Prepare Mixed) (G1 Evacuation Pause)
[4212.797s][info][gc,task        ] GC(1152) Using 6 workers of 6 for evacuation
[4212.917s][info][gc,phases      ] GC(1152)   Pre Evacuate Collection Set: 0.32ms
[4212.917s][info][gc,phases      ] GC(1152)   Merge Heap Roots: 0.50ms
[4212.917s][info][gc,phases      ] GC(1152)   Evacuate Collection Set: 118.31ms
[4212.917s][info][gc,phases      ] GC(1152)   Post Evacuate Collection Set: 0.93ms
[4212.917s][info][gc,phases      ] GC(1152)   Other: 0.09ms
[4212.917s][info][gc,heap        ] GC(1152) Eden regions: 1117->0(1104)
[4212.917s][info][gc,heap        ] GC(1152) Survivor regions: 111->112(154)
[4212.917s][info][gc,heap        ] GC(1152) Old regions: 506->537
[4212.917s][info][gc,heap        ] GC(1152) Humongous regions: 80->80
[4212.917s][info][gc,metaspace   ] GC(1152) Metaspace: 28882K(29248K)->28882K(29248K) NonClass: 24015K(24192K)->24015K(24192K) Class: 4867K(5056K)->4867K(5056K)
[4212.917s][info][gc             ] GC(1152) Pause Young (Prepare Mixed) (G1 Evacuation Pause) 3627M->1456M(4096M) 120.276ms
[4212.917s][info][gc,cpu         ] GC(1152) User=0.71s Sys=0.00s Real=0.13s
...[4215.309s][info][gc,start       ] GC(1153) Pause Young (Mixed) (G1 Evacuation Pause)
[4215.309s][info][gc,task        ] GC(1153) Using 6 workers of 6 for evacuation
[4215.450s][info][gc,phases      ] GC(1153)   Pre Evacuate Collection Set: 0.41ms
[4215.450s][info][gc,phases      ] GC(1153)   Merge Heap Roots: 0.75ms
[4215.450s][info][gc,phases      ] GC(1153)   Evacuate Collection Set: 138.80ms
[4215.450s][info][gc,phases      ] GC(1153)   Post Evacuate Collection Set: 0.96ms
[4215.450s][info][gc,phases      ] GC(1153)   Other: 0.08ms
[4215.450s][info][gc,heap        ] GC(1153) Eden regions: 1104->0(1115)
[4215.450s][info][gc,heap        ] GC(1153) Survivor regions: 112->113(152)
[4215.450s][info][gc,heap        ] GC(1153) Old regions: 537->474
[4215.450s][info][gc,heap        ] GC(1153) Humongous regions: 80->80
[4215.450s][info][gc,metaspace   ] GC(1153) Metaspace: 28882K(29248K)->28882K(29248K) NonClass: 24015K(24192K)->24015K(24192K) Class: 4867K(5056K)->4867K(5056K)
[4215.450s][info][gc             ] GC(1153) Pause Young (Mixed) (G1 Evacuation Pause) 3664M->1332M(4096M) 141.128ms
[4215.450s][info][gc,cpu         ] GC(1153) User=0.83s Sys=0.00s Real=0.14s
..[4217.811s][info][gc,start       ] GC(1154) Pause Young (Concurrent Start) (G1 Evacuation Pause)
[4217.811s][info][gc,task        ] GC(1154) Using 6 workers of 6 for evacuation
[4217.929s][info][gc,phases      ] GC(1154)   Pre Evacuate Collection Set: 0.40ms
[4217.929s][info][gc,phases      ] GC(1154)   Merge Heap Roots: 0.48ms
[4217.929s][info][gc,phases      ] GC(1154)   Evacuate Collection Set: 116.29ms
[4217.929s][info][gc,phases      ] GC(1154)   Post Evacuate Collection Set: 0.90ms
[4217.929s][info][gc,phases      ] GC(1154)   Other: 0.12ms
[4217.929s][info][gc,heap        ] GC(1154) Eden regions: 1115->0(1118)
[4217.929s][info][gc,heap        ] GC(1154) Survivor regions: 113->110(154)
[4217.929s][info][gc,heap        ] GC(1154) Old regions: 474->505
[4217.929s][info][gc,heap        ] GC(1154) Humongous regions: 80->80
[4217.929s][info][gc,metaspace   ] GC(1154) Metaspace: 28882K(29248K)->28882K(29248K) NonClass: 24015K(24192K)->24015K(24192K) Class: 4867K(5056K)->4867K(5056K)
[4217.929s][info][gc             ] GC(1154) Pause Young (Concurrent Start) (G1 Evacuation Pause) 3562M->1388M(4096M) 118.332ms
[4217.929s][info][gc             ] GC(1155) Concurrent Mark Cycle
[4217.929s][info][gc,marking     ] GC(1155) Concurrent Scan Root Regions
[4217.929s][info][gc,cpu         ] GC(1154) User=0.70s Sys=0.00s Real=0.12s
[4218.107s][info][gc,marking     ] GC(1155) Concurrent Scan Root Regions 177.868ms
[4218.107s][info][gc,marking     ] GC(1155) Concurrent Mark
[4218.107s][info][gc,marking     ] GC(1155) Concurrent Mark From Roots
[4218.107s][info][gc,task        ] GC(1155) Using 2 workers of 2 for marking
.[4219.110s][info][gc,marking     ] GC(1155) Concurrent Mark From Roots 1002.434ms
[4219.110s][info][gc,marking     ] GC(1155) Concurrent Preclean
[4219.110s][info][gc,marking     ] GC(1155) Concurrent Preclean 0.104ms
[4219.113s][info][gc,start       ] GC(1155) Pause Remark
[4219.118s][info][gc             ] GC(1155) Pause Remark 2474M->2474M(4096M) 5.333ms
[4219.118s][info][gc,cpu         ] GC(1155) User=0.03s Sys=0.00s Real=0.01s
[4219.118s][info][gc,marking     ] GC(1155) Concurrent Mark 1010.956ms
[4219.118s][info][gc,marking     ] GC(1155) Concurrent Rebuild Remembered Sets and Scrub Regions
.[4219.411s][info][gc,marking     ] GC(1155) Concurrent Rebuild Remembered Sets and Scrub Regions 292.953ms
[4219.411s][info][gc,start       ] GC(1155) Pause Cleanup
[4219.411s][info][gc             ] GC(1155) Pause Cleanup 2789M->2789M(4096M) 0.107ms
[4219.412s][info][gc,cpu         ] GC(1155) User=0.00s Sys=0.00s Real=0.00s
[4219.412s][info][gc,marking     ] GC(1155) Concurrent Clear Claimed Marks
[4219.412s][info][gc,marking     ] GC(1155) Concurrent Clear Claimed Marks 0.022ms
[4219.412s][info][gc,marking     ] GC(1155) Concurrent Cleanup for Next Mark
[4219.417s][info][gc,marking     ] GC(1155) Concurrent Cleanup for Next Mark 4.975ms
[4219.417s][info][gc             ] GC(1155) Concurrent Mark Cycle 1487.265ms
.[4220.331s][info][gc,start       ] GC(1156) Pause Young (Prepare Mixed) (G1 Evacuation Pause)
[4220.332s][info][gc,task        ] GC(1156) Using 6 workers of 6 for evacuation
[4220.452s][info][gc,phases      ] GC(1156)   Pre Evacuate Collection Set: 0.35ms
[4220.452s][info][gc,phases      ] GC(1156)   Merge Heap Roots: 0.49ms
[4220.452s][info][gc,phases      ] GC(1156)   Evacuate Collection Set: 118.99ms
[4220.452s][info][gc,phases      ] GC(1156)   Post Evacuate Collection Set: 0.95ms
[4220.452s][info][gc,phases      ] GC(1156)   Other: 0.09ms
[4220.452s][info][gc,heap        ] GC(1156) Eden regions: 1118->0(1104)
[4220.452s][info][gc,heap        ] GC(1156) Survivor regions: 110->112(154)
[4220.452s][info][gc,heap        ] GC(1156) Old regions: 505->537
[4220.452s][info][gc,heap        ] GC(1156) Humongous regions: 80->80
[4220.452s][info][gc,metaspace   ] GC(1156) Metaspace: 28882K(29248K)->28882K(29248K) NonClass: 24015K(24192K)->24015K(24192K) Class: 4867K(5056K)->4867K(5056K)
[4220.452s][info][gc             ] GC(1156) Pause Young (Prepare Mixed) (G1 Evacuation Pause) 3624M->1457M(4096M) 120.992ms
[4220.452s][info][gc,cpu         ] GC(1156) User=0.72s Sys=0.00s Real=0.12s
..[4222.796s][info][gc,start       ] GC(1157) Pause Young (Mixed) (G1 Evacuation Pause)
[4222.796s][info][gc,task        ] GC(1157) Using 6 workers of 6 for evacuation
[4222.933s][info][gc,phases      ] GC(1157)   Pre Evacuate Collection Set: 0.39ms
[4222.933s][info][gc,phases      ] GC(1157)   Merge Heap Roots: 0.67ms
[4222.933s][info][gc,phases      ] GC(1157)   Evacuate Collection Set: 134.25ms
[4222.933s][info][gc,phases      ] GC(1157)   Post Evacuate Collection Set: 0.92ms
[4222.933s][info][gc,phases      ] GC(1157)   Other: 0.09ms
[4222.933s][info][gc,heap        ] GC(1157) Eden regions: 1104->0(1117)
[4222.933s][info][gc,heap        ] GC(1157) Survivor regions: 112->111(152)
[4222.933s][info][gc,heap        ] GC(1157) Old regions: 537->473
[4222.933s][info][gc,heap        ] GC(1157) Humongous regions: 80->80
[4222.933s][info][gc,metaspace   ] GC(1157) Metaspace: 28882K(29248K)->28882K(29248K) NonClass: 24015K(24192K)->24015K(24192K) Class: 4867K(5056K)->4867K(5056K)
[4222.933s][info][gc             ] GC(1157) Pause Young (Mixed) (G1 Evacuation Pause) 3665M->1327M(4096M) 136.467ms
[4222.933s][info][gc,cpu         ] GC(1157) User=0.80s Sys=0.00s Real=0.14s
..[4225.291s][info][gc,start       ] GC(1158) Pause Young (Concurrent Start) (G1 Evacuation Pause)
[4225.291s][info][gc,task        ] GC(1158) Using 6 workers of 6 for evacuation
[4225.413s][info][gc,phases      ] GC(1158)   Pre Evacuate Collection Set: 0.37ms
[4225.414s][info][gc,phases      ] GC(1158)   Merge Heap Roots: 0.44ms
[4225.414s][info][gc,phases      ] GC(1158)   Evacuate Collection Set: 120.63ms
[4225.414s][info][gc,phases      ] GC(1158)   Post Evacuate Collection Set: 0.94ms
[4225.414s][info][gc,phases      ] GC(1158)   Other: 0.13ms
[4225.414s][info][gc,heap        ] GC(1158) Eden regions: 1117->0(1114)
[4225.414s][info][gc,heap        ] GC(1158) Survivor regions: 111->114(154)
[4225.414s][info][gc,heap        ] GC(1158) Old regions: 473->505
[4225.414s][info][gc,heap        ] GC(1158) Humongous regions: 80->80
[4225.414s][info][gc,metaspace   ] GC(1158) Metaspace: 28882K(29248K)->28882K(29248K) NonClass: 24015K(24192K)->24015K(24192K) Class: 4867K(5056K)->4867K(5056K)
[4225.414s][info][gc             ] GC(1158) Pause Young (Concurrent Start) (G1 Evacuation Pause) 3561M->1396M(4096M) 122.652ms
[4225.414s][info][gc             ] GC(1159) Concurrent Mark Cycle
[4225.414s][info][gc,marking     ] GC(1159) Concurrent Scan Root Regions
[4225.414s][info][gc,cpu         ] GC(1158) User=0.72s Sys=0.00s Real=0.12s
.[4225.530s][info][gc,marking     ] GC(1159) Concurrent Scan Root Regions 116.817ms
[4225.530s][info][gc,marking     ] GC(1159) Concurrent Mark
[4225.530s][info][gc,marking     ] GC(1159) Concurrent Mark From Roots
[4225.530s][info][gc,task        ] GC(1159) Using 2 workers of 2 for marking
[4226.160s][info][gc,marking     ] GC(1159) Concurrent Mark From Roots 629.117ms
[4226.160s][info][gc,marking     ] GC(1159) Concurrent Preclean
[4226.160s][info][gc,marking     ] GC(1159) Concurrent Preclean 0.107ms
[4226.162s][info][gc,start       ] GC(1159) Pause Remark
[4226.165s][info][gc             ] GC(1159) Pause Remark 2020M->2020M(4096M) 3.848ms
[4226.166s][info][gc,cpu         ] GC(1159) User=0.02s Sys=0.00s Real=0.00s
[4226.166s][info][gc,marking     ] GC(1159) Concurrent Mark 635.220ms
[4226.166s][info][gc,marking     ] GC(1159) Concurrent Rebuild Remembered Sets and Scrub Regions
[4226.400s][info][gc,marking     ] GC(1159) Concurrent Rebuild Remembered Sets and Scrub Regions 234.352ms
[4226.403s][info][gc,start       ] GC(1159) Pause Cleanup
[4226.403s][info][gc             ] GC(1159) Pause Cleanup 2226M->2226M(4096M) 0.158ms
[4226.403s][info][gc,cpu         ] GC(1159) User=0.00s Sys=0.00s Real=0.00s
[4226.404s][info][gc,marking     ] GC(1159) Concurrent Clear Claimed Marks
[4226.404s][info][gc,marking     ] GC(1159) Concurrent Clear Claimed Marks 0.043ms
[4226.404s][info][gc,marking     ] GC(1159) Concurrent Cleanup for Next Mark
[4226.426s][info][gc,marking     ] GC(1159) Concurrent Cleanup for Next Mark 21.585ms
[4226.426s][info][gc             ] GC(1159) Concurrent Mark Cycle 1012.140ms
..[4227.846s][info][gc,start       ] GC(1160) Pause Young (Prepare Mixed) (G1 Evacuation Pause)
[4227.846s][info][gc,task        ] GC(1160) Using 6 workers of 6 for evacuation
[4227.966s][info][gc,phases      ] GC(1160)   Pre Evacuate Collection Set: 0.35ms
[4227.966s][info][gc,phases      ] GC(1160)   Merge Heap Roots: 0.54ms
[4227.966s][info][gc,phases      ] GC(1160)   Evacuate Collection Set: 117.99ms
[4227.966s][info][gc,phases      ] GC(1160)   Post Evacuate Collection Set: 0.92ms
[4227.966s][info][gc,phases      ] GC(1160)   Other: 0.10ms
[4227.966s][info][gc,heap        ] GC(1160) Eden regions: 1114->0(1106)
[4227.966s][info][gc,heap        ] GC(1160) Survivor regions: 114->111(154)
[4227.966s][info][gc,heap        ] GC(1160) Old regions: 505->537
[4227.966s][info][gc,heap        ] GC(1160) Humongous regions: 80->80
[4227.966s][info][gc,metaspace   ] GC(1160) Metaspace: 28882K(29248K)->28882K(29248K) NonClass: 24015K(24192K)->24015K(24192K) Class: 4867K(5056K)->4867K(5056K)
[4227.966s][info][gc             ] GC(1160) Pause Young (Prepare Mixed) (G1 Evacuation Pause) 3624M->1454M(4096M) 120.053ms
[4227.966s][info][gc,cpu         ] GC(1160) User=0.71s Sys=0.00s Real=0.12s
..[4230.293s][info][gc,start       ] GC(1161) Pause Young (Mixed) (G1 Evacuation Pause)
[4230.293s][info][gc,task        ] GC(1161) Using 6 workers of 6 for evacuation
[4230.432s][info][gc,phases      ] GC(1161)   Pre Evacuate Collection Set: 0.39ms
[4230.432s][info][gc,phases      ] GC(1161)   Merge Heap Roots: 0.70ms
[4230.432s][info][gc,phases      ] GC(1161)   Evacuate Collection Set: 136.90ms
[4230.432s][info][gc,phases      ] GC(1161)   Post Evacuate Collection Set: 0.96ms
[4230.432s][info][gc,phases      ] GC(1161)   Other: 0.09ms
[4230.432s][info][gc,heap        ] GC(1161) Eden regions: 1106->0(1115)
[4230.432s][info][gc,heap        ] GC(1161) Survivor regions: 111->113(153)
[4230.432s][info][gc,heap        ] GC(1161) Old regions: 537->475
[4230.432s][info][gc,heap        ] GC(1161) Humongous regions: 80->80
[4230.432s][info][gc,metaspace   ] GC(1161) Metaspace: 28882K(29248K)->28882K(29248K) NonClass: 24015K(24192K)->24015K(24192K) Class: 4867K(5056K)->4867K(5056K)
[4230.432s][info][gc             ] GC(1161) Pause Young (Mixed) (G1 Evacuation Pause) 3666M->1334M(4096M) 139.179ms
[4230.432s][info][gc,cpu         ] GC(1161) User=0.82s Sys=0.00s Real=0.14s
...[4232.820s][info][gc,start       ] GC(1162) Pause Young (Concurrent Start) (G1 Evacuation Pause)
[4232.820s][info][gc,task        ] GC(1162) Using 6 workers of 6 for evacuation
[4232.942s][info][gc,phases      ] GC(1162)   Pre Evacuate Collection Set: 0.35ms
[4232.942s][info][gc,phases      ] GC(1162)   Merge Heap Roots: 0.46ms
[4232.942s][info][gc,phases      ] GC(1162)   Evacuate Collection Set: 120.54ms
[4232.942s][info][gc,phases      ] GC(1162)   Post Evacuate Collection Set: 0.89ms
[4232.942s][info][gc,phases      ] GC(1162)   Other: 0.11ms
[4232.942s][info][gc,heap        ] GC(1162) Eden regions: 1115->0(1117)
[4232.942s][info][gc,heap        ] GC(1162) Survivor regions: 113->111(154)
[4232.942s][info][gc,heap        ] GC(1162) Old regions: 475->508
[4232.942s][info][gc,heap        ] GC(1162) Humongous regions: 80->80
[4232.942s][info][gc,metaspace   ] GC(1162) Metaspace: 28882K(29248K)->28882K(29248K) NonClass: 24015K(24192K)->24015K(24192K) Class: 4867K(5056K)->4867K(5056K)
[4232.942s][info][gc             ] GC(1162) Pause Young (Concurrent Start) (G1 Evacuation Pause) 3564M->1396M(4096M) 122.478ms
[4232.942s][info][gc             ] GC(1163) Concurrent Mark Cycle
[4232.942s][info][gc,marking     ] GC(1163) Concurrent Scan Root Regions
[4232.942s][info][gc,cpu         ] GC(1162) User=0.73s Sys=0.00s Real=0.12s
[4233.087s][info][gc,marking     ] GC(1163) Concurrent Scan Root Regions 144.790ms
[4233.087s][info][gc,marking     ] GC(1163) Concurrent Mark
[4233.087s][info][gc,marking     ] GC(1163) Concurrent Mark From Roots
[4233.087s][info][gc,task        ] GC(1163) Using 2 workers of 2 for marking
.[4233.833s][info][gc,marking     ] GC(1163) Concurrent Mark From Roots 746.057ms
[4233.833s][info][gc,marking     ] GC(1163) Concurrent Preclean
[4233.833s][info][gc,marking     ] GC(1163) Concurrent Preclean 0.115ms
[4233.834s][info][gc,start       ] GC(1163) Pause Remark
[4233.840s][info][gc             ] GC(1163) Pause Remark 2145M->2145M(4096M) 5.664ms
[4233.840s][info][gc,cpu         ] GC(1163) User=0.03s Sys=0.00s Real=0.01s
[4233.840s][info][gc,marking     ] GC(1163) Concurrent Mark 753.224ms
[4233.840s][info][gc,marking     ] GC(1163) Concurrent Rebuild Remembered Sets and Scrub Regions
[4234.082s][info][gc,marking     ] GC(1163) Concurrent Rebuild Remembered Sets and Scrub Regions 241.334ms
[4234.082s][info][gc,start       ] GC(1163) Pause Cleanup
[4234.082s][info][gc             ] GC(1163) Pause Cleanup 2381M->2381M(4096M) 0.100ms
[4234.082s][info][gc,cpu         ] GC(1163) User=0.00s Sys=0.00s Real=0.00s
[4234.082s][info][gc,marking     ] GC(1163) Concurrent Clear Claimed Marks
[4234.082s][info][gc,marking     ] GC(1163) Concurrent Clear Claimed Marks 0.023ms
[4234.082s][info][gc,marking     ] GC(1163) Concurrent Cleanup for Next Mark
[4234.086s][info][gc,marking     ] GC(1163) Concurrent Cleanup for Next Mark 4.542ms
[4234.086s][info][gc             ] GC(1163) Concurrent Mark Cycle 1144.315ms
.[4235.357s][info][gc,start       ] GC(1164) Pause Young (Prepare Mixed) (G1 Evacuation Pause)
[4235.357s][info][gc,task        ] GC(1164) Using 6 workers of 6 for evacuation
[4235.475s][info][gc,phases      ] GC(1164)   Pre Evacuate Collection Set: 0.35ms
[4235.475s][info][gc,phases      ] GC(1164)   Merge Heap Roots: 0.47ms
[4235.475s][info][gc,phases      ] GC(1164)   Evacuate Collection Set: 115.98ms
[4235.475s][info][gc,phases      ] GC(1164)   Post Evacuate Collection Set: 0.93ms
[4235.475s][info][gc,phases      ] GC(1164)   Other: 0.09ms
[4235.475s][info][gc,heap        ] GC(1164) Eden regions: 1117->0(1104)
[4235.475s][info][gc,heap        ] GC(1164) Survivor regions: 111->111(154)
[4235.475s][info][gc,heap        ] GC(1164) Old regions: 508->539
[4235.475s][info][gc,heap        ] GC(1164) Humongous regions: 80->80
[4235.475s][info][gc,metaspace   ] GC(1164) Metaspace: 28882K(29248K)->28882K(29248K) NonClass: 24015K(24192K)->24015K(24192K) Class: 4867K(5056K)->4867K(5056K)
[4235.475s][info][gc             ] GC(1164) Pause Young (Prepare Mixed) (G1 Evacuation Pause) 3630M->1457M(4096M) 117.970ms
[4235.475s][info][gc,cpu         ] GC(1164) User=0.69s Sys=0.00s Real=0.11s
...[4237.857s][info][gc,start       ] GC(1165) Pause Young (Mixed) (G1 Evacuation Pause)
[4237.857s][info][gc,task        ] GC(1165) Using 6 workers of 6 for evacuation
[4237.992s][info][gc,phases      ] GC(1165)   Pre Evacuate Collection Set: 0.35ms
[4237.992s][info][gc,phases      ] GC(1165)   Merge Heap Roots: 0.72ms
[4237.992s][info][gc,phases      ] GC(1165)   Evacuate Collection Set: 132.35ms
[4237.992s][info][gc,phases      ] GC(1165)   Post Evacuate Collection Set: 0.95ms
[4237.992s][info][gc,phases      ] GC(1165)   Other: 0.09ms
[4237.992s][info][gc,heap        ] GC(1165) Eden regions: 1104->0(1118)
[4237.992s][info][gc,heap        ] GC(1165) Survivor regions: 111->110(152)
[4237.992s][info][gc,heap        ] GC(1165) Old regions: 539->474
[4237.992s][info][gc,heap        ] GC(1165) Humongous regions: 80->80
[4237.992s][info][gc,metaspace   ] GC(1165) Metaspace: 28882K(29248K)->28882K(29248K) NonClass: 24015K(24192K)->24015K(24192K) Class: 4867K(5056K)->4867K(5056K)
[4237.992s][info][gc             ] GC(1165) Pause Young (Mixed) (G1 Evacuation Pause) 3665M->1326M(4096M) 134.616ms
[4237.992s][info][gc,cpu         ] GC(1165) User=0.79s Sys=0.00s Real=0.13s
..[4240.334s][info][gc,start       ] GC(1166) Pause Young (Concurrent Start) (G1 Evacuation Pause)
[4240.334s][info][gc,task        ] GC(1166) Using 6 workers of 6 for evacuation
[4240.457s][info][gc,phases      ] GC(1166)   Pre Evacuate Collection Set: 0.35ms
[4240.457s][info][gc,phases      ] GC(1166)   Merge Heap Roots: 0.46ms
[4240.457s][info][gc,phases      ] GC(1166)   Evacuate Collection Set: 121.52ms
[4240.457s][info][gc,phases      ] GC(1166)   Post Evacuate Collection Set: 0.88ms
[4240.457s][info][gc,phases      ] GC(1166)   Other: 0.11ms
[4240.457s][info][gc,heap        ] GC(1166) Eden regions: 1118->0(1114)
[4240.457s][info][gc,heap        ] GC(1166) Survivor regions: 110->114(154)
[4240.457s][info][gc,heap        ] GC(1166) Old regions: 474->507
[4240.457s][info][gc,heap        ] GC(1166) Humongous regions: 80->80
[4240.457s][info][gc,metaspace   ] GC(1166) Metaspace: 28882K(29248K)->28882K(29248K) NonClass: 24015K(24192K)->24015K(24192K) Class: 4867K(5056K)->4867K(5056K)
[4240.457s][info][gc             ] GC(1166) Pause Young (Concurrent Start) (G1 Evacuation Pause) 3562M->1400M(4096M) 123.455ms
[4240.457s][info][gc             ] GC(1167) Concurrent Mark Cycle
[4240.457s][info][gc,marking     ] GC(1167) Concurrent Scan Root Regions
[4240.457s][info][gc,cpu         ] GC(1166) User=0.73s Sys=0.00s Real=0.13s
[4240.600s][info][gc,marking     ] GC(1167) Concurrent Scan Root Regions 142.414ms
[4240.600s][info][gc,marking     ] GC(1167) Concurrent Mark
[4240.613s][info][gc,marking     ] GC(1167) Concurrent Mark From Roots
[4240.613s][info][gc,task        ] GC(1167) Using 2 workers of 2 for marking
.[4241.378s][info][gc,marking     ] GC(1167) Concurrent Mark From Roots 765.703ms
[4241.379s][info][gc,marking     ] GC(1167) Concurrent Preclean
[4241.379s][info][gc,marking     ] GC(1167) Concurrent Preclean 0.080ms
[4241.381s][info][gc,start       ] GC(1167) Pause Remark
[4241.386s][info][gc             ] GC(1167) Pause Remark 2254M->2254M(4096M) 4.545ms
[4241.386s][info][gc,cpu         ] GC(1167) User=0.02s Sys=0.00s Real=0.00s
[4241.386s][info][gc,marking     ] GC(1167) Concurrent Mark 786.082ms
[4241.386s][info][gc,marking     ] GC(1167) Concurrent Rebuild Remembered Sets and Scrub Regions
.[4241.657s][info][gc,marking     ] GC(1167) Concurrent Rebuild Remembered Sets and Scrub Regions 271.279ms
[4241.657s][info][gc,start       ] GC(1167) Pause Cleanup
[4241.657s][info][gc             ] GC(1167) Pause Cleanup 2522M->2522M(4096M) 0.098ms
[4241.657s][info][gc,cpu         ] GC(1167) User=0.00s Sys=0.00s Real=0.00s
[4241.657s][info][gc,marking     ] GC(1167) Concurrent Clear Claimed Marks
[4241.657s][info][gc,marking     ] GC(1167) Concurrent Clear Claimed Marks 0.022ms
[4241.657s][info][gc,marking     ] GC(1167) Concurrent Cleanup for Next Mark
[4241.664s][info][gc,marking     ] GC(1167) Concurrent Cleanup for Next Mark 6.034ms
[4241.664s][info][gc             ] GC(1167) Concurrent Mark Cycle 1206.243ms
.[4242.839s][info][gc,start       ] GC(1168) Pause Young (Prepare Mixed) (G1 Evacuation Pause)
[4242.839s][info][gc,task        ] GC(1168) Using 6 workers of 6 for evacuation
[4242.959s][info][gc,phases      ] GC(1168)   Pre Evacuate Collection Set: 0.33ms
[4242.959s][info][gc,phases      ] GC(1168)   Merge Heap Roots: 0.48ms
[4242.959s][info][gc,phases      ] GC(1168)   Evacuate Collection Set: 118.00ms
[4242.959s][info][gc,phases      ] GC(1168)   Post Evacuate Collection Set: 0.93ms
[4242.959s][info][gc,phases      ] GC(1168)   Other: 0.09ms
[4242.959s][info][gc,heap        ] GC(1168) Eden regions: 1114->0(1102)
[4242.959s][info][gc,heap        ] GC(1168) Survivor regions: 114->112(154)
[4242.959s][info][gc,heap        ] GC(1168) Old regions: 507->539
[4242.959s][info][gc,heap        ] GC(1168) Humongous regions: 80->80
[4242.959s][info][gc,metaspace   ] GC(1168) Metaspace: 28882K(29248K)->28882K(29248K) NonClass: 24015K(24192K)->24015K(24192K) Class: 4867K(5056K)->4867K(5056K)
[4242.959s][info][gc             ] GC(1168) Pause Young (Prepare Mixed) (G1 Evacuation Pause) 3628M->1459M(4096M) 119.954ms
[4242.959s][info][gc,cpu         ] GC(1168) User=0.71s Sys=0.00s Real=0.12s
.. (rIR:aIR:PR = 7472:7463:7463) (tPR = 111379) [OK] 
  4244s: Performance info:
         Transaction,    Success,    Partial,     Failed,   Receipts, AvgBarcode, 
             Overall,     453007,          0,          0,     430330,      59.47, 
         Response times:
             Request,    Success,    Partial,     Failed,   SkipFail,     Probes,    Samples,      min,      p50,      p90,      p95,      p99,      max, 
       TotalPurchase,     430330,          0,          0,          0,     357740,     404453,      300,     6400,    68000,   107000,   160000,   310000,
     InStorePurchase,     226212,          0,          0,          0,     188101,     212550,      300,     6400,    68000,   107000,   162000,   310000,
      OnlinePurchase,     158739,          0,          0,          0,     131998,     149250,      300,     6400,    68000,   106000,   158000,   294000,
        InstPurchase,      45379,          0,          0,          0,      37641,      42653,      400,     6500,    68000,   107000,   157000,   294000,
          AssocOfCat,        450,          0,          0,          0,        360,        466,    22000,    38000,   133000,   167950,   209290,   271000,
      AssocOfProduct,       4536,          0,          0,          0,       4183,       4908,      300,     7000,    72000,   114000,   158910,   250000,
      BusinessReport,       1131,          0,          0,          0,       1020,       1231,    26000,    42000,   120800,   160400,   203000,   280000,
          CustBuyBeh,       4547,          0,          0,          0,       4180,       4788,      200,     4600,    55000,    97000,   149220,   294000,
       ProductReturn,      12013,          0,          0,          0,      10236,      11738,      500,     6800,    75000,   107050,   157000,   250000,

  4244s: (55%)   IR =   7610 [4245.344s][info][gc,start       ] GC(1169) Pause Young (Mixed) (G1 Evacuation Pause)
[4245.344s][info][gc,task        ] GC(1169) Using 6 workers of 6 for evacuation
[4245.481s][info][gc,phases      ] GC(1169)   Pre Evacuate Collection Set: 0.37ms
[4245.482s][info][gc,phases      ] GC(1169)   Merge Heap Roots: 0.65ms
[4245.482s][info][gc,phases      ] GC(1169)   Evacuate Collection Set: 135.18ms
[4245.482s][info][gc,phases      ] GC(1169)   Post Evacuate Collection Set: 0.94ms
[4245.482s][info][gc,phases      ] GC(1169)   Other: 0.09ms
[4245.482s][info][gc,heap        ] GC(1169) Eden regions: 1102->0(1115)
[4245.482s][info][gc,heap        ] GC(1169) Survivor regions: 112->113(152)
[4245.482s][info][gc,heap        ] GC(1169) Old regions: 539->474
[4245.482s][info][gc,heap        ] GC(1169) Humongous regions: 80->80
[4245.482s][info][gc,metaspace   ] GC(1169) Metaspace: 28882K(29248K)->28882K(29248K) NonClass: 24015K(24192K)->24015K(24192K) Class: 4867K(5056K)->4867K(5056K)
[4245.482s][info][gc             ] GC(1169) Pause Young (Mixed) (G1 Evacuation Pause) 3663M->1332M(4096M) 137.362ms
[4245.482s][info][gc,cpu         ] GC(1169) User=0.81s Sys=0.00s Real=0.14s
...[4247.809s][info][gc,start       ] GC(1170) Pause Young (Concurrent Start) (G1 Evacuation Pause)
[4247.809s][info][gc,task        ] GC(1170) Using 6 workers of 6 for evacuation
[4247.926s][info][gc,phases      ] GC(1170)   Pre Evacuate Collection Set: 0.42ms
[4247.926s][info][gc,phases      ] GC(1170)   Merge Heap Roots: 0.50ms
[4247.927s][info][gc,phases      ] GC(1170)   Evacuate Collection Set: 115.05ms
[4247.927s][info][gc,phases      ] GC(1170)   Post Evacuate Collection Set: 0.89ms
[4247.927s][info][gc,phases      ] GC(1170)   Other: 0.12ms
[4247.927s][info][gc,heap        ] GC(1170) Eden regions: 1115->0(1118)
[4247.927s][info][gc,heap        ] GC(1170) Survivor regions: 113->110(154)
[4247.927s][info][gc,heap        ] GC(1170) Old regions: 474->506
[4247.927s][info][gc,heap        ] GC(1170) Humongous regions: 80->80
[4247.927s][info][gc,metaspace   ] GC(1170) Metaspace: 28882K(29248K)->28882K(29248K) NonClass: 24015K(24192K)->24015K(24192K) Class: 4867K(5056K)->4867K(5056K)
[4247.927s][info][gc             ] GC(1170) Pause Young (Concurrent Start) (G1 Evacuation Pause) 3562M->1389M(4096M) 117.103ms
[4247.927s][info][gc             ] GC(1171) Concurrent Mark Cycle
[4247.927s][info][gc,marking     ] GC(1171) Concurrent Scan Root Regions
[4247.927s][info][gc,cpu         ] GC(1170) User=0.69s Sys=0.00s Real=0.11s
[4248.109s][info][gc,marking     ] GC(1171) Concurrent Scan Root Regions 182.789ms
[4248.109s][info][gc,marking     ] GC(1171) Concurrent Mark
[4248.109s][info][gc,marking     ] GC(1171) Concurrent Mark From Roots
[4248.109s][info][gc,task        ] GC(1171) Using 2 workers of 2 for marking
.[4249.127s][info][gc,marking     ] GC(1171) Concurrent Mark From Roots 1017.359ms
[4249.127s][info][gc,marking     ] GC(1171) Concurrent Preclean
[4249.127s][info][gc,marking     ] GC(1171) Concurrent Preclean 0.130ms
[4249.131s][info][gc,start       ] GC(1171) Pause Remark
[4249.136s][info][gc             ] GC(1171) Pause Remark 2529M->2529M(4096M) 5.176ms
[4249.136s][info][gc,cpu         ] GC(1171) User=0.03s Sys=0.00s Real=0.00s
[4249.137s][info][gc,marking     ] GC(1171) Concurrent Mark 1027.069ms
[4249.137s][info][gc,marking     ] GC(1171) Concurrent Rebuild Remembered Sets and Scrub Regions
[4249.484s][info][gc,marking     ] GC(1171) Concurrent Rebuild Remembered Sets and Scrub Regions 347.596ms
[4249.484s][info][gc,start       ] GC(1171) Pause Cleanup
[4249.484s][info][gc             ] GC(1171) Pause Cleanup 2871M->2871M(4096M) 0.102ms
[4249.484s][info][gc,cpu         ] GC(1171) User=0.00s Sys=0.00s Real=0.00s
[4249.484s][info][gc,marking     ] GC(1171) Concurrent Clear Claimed Marks
[4249.484s][info][gc,marking     ] GC(1171) Concurrent Clear Claimed Marks 0.021ms
[4249.484s][info][gc,marking     ] GC(1171) Concurrent Cleanup for Next Mark
[4249.488s][info][gc,marking     ] GC(1171) Concurrent Cleanup for Next Mark 3.216ms
[4249.488s][info][gc             ] GC(1171) Concurrent Mark Cycle 1561.141ms
.[4250.307s][info][gc,start       ] GC(1172) Pause Young (Prepare Mixed) (G1 Evacuation Pause)
[4250.307s][info][gc,task        ] GC(1172) Using 6 workers of 6 for evacuation
[4250.428s][info][gc,phases      ] GC(1172)   Pre Evacuate Collection Set: 0.31ms
[4250.428s][info][gc,phases      ] GC(1172)   Merge Heap Roots: 0.50ms
[4250.428s][info][gc,phases      ] GC(1172)   Evacuate Collection Set: 119.47ms
[4250.428s][info][gc,phases      ] GC(1172)   Post Evacuate Collection Set: 0.95ms
[4250.428s][info][gc,phases      ] GC(1172)   Other: 0.08ms
[4250.428s][info][gc,heap        ] GC(1172) Eden regions: 1118->0(1100)
[4250.428s][info][gc,heap        ] GC(1172) Survivor regions: 110->114(154)
[4250.428s][info][gc,heap        ] GC(1172) Old regions: 506->537
[4250.428s][info][gc,heap        ] GC(1172) Humongous regions: 80->80
[4250.428s][info][gc,metaspace   ] GC(1172) Metaspace: 28882K(29248K)->28882K(29248K) NonClass: 24015K(24192K)->24015K(24192K) Class: 4867K(5056K)->4867K(5056K)
[4250.428s][info][gc             ] GC(1172) Pause Young (Prepare Mixed) (G1 Evacuation Pause) 3625M->1461M(4096M) 121.451ms
[4250.428s][info][gc,cpu         ] GC(1172) User=0.72s Sys=0.00s Real=0.13s
..|.[4252.760s][info][gc,start       ] GC(1173) Pause Young (Mixed) (G1 Evacuation Pause)
[4252.760s][info][gc,task        ] GC(1173) Using 6 workers of 6 for evacuation
[4252.896s][info][gc,phases      ] GC(1173)   Pre Evacuate Collection Set: 0.35ms
[4252.896s][info][gc,phases      ] GC(1173)   Merge Heap Roots: 0.72ms
[4252.896s][info][gc,phases      ] GC(1173)   Evacuate Collection Set: 134.40ms
[4252.896s][info][gc,phases      ] GC(1173)   Post Evacuate Collection Set: 0.95ms
[4252.896s][info][gc,phases      ] GC(1173)   Other: 0.09ms
[4252.896s][info][gc,heap        ] GC(1173) Eden regions: 1100->0(1117)
[4252.896s][info][gc,heap        ] GC(1173) Survivor regions: 114->111(152)
[4252.896s][info][gc,heap        ] GC(1173) Old regions: 537->473
[4252.896s][info][gc,heap        ] GC(1173) Humongous regions: 80->80
[4252.896s][info][gc,metaspace   ] GC(1173) Metaspace: 28882K(29248K)->28882K(29248K) NonClass: 24015K(24192K)->24015K(24192K) Class: 4867K(5056K)->4867K(5056K)
[4252.896s][info][gc             ] GC(1173) Pause Young (Mixed) (G1 Evacuation Pause) 3661M->1326M(4096M) 136.650ms
[4252.896s][info][gc,cpu         ] GC(1173) User=0.80s Sys=0.00s Real=0.13s
..[4255.254s][info][gc,start       ] GC(1174) Pause Young (Concurrent Start) (G1 Evacuation Pause)
[4255.254s][info][gc,task        ] GC(1174) Using 6 workers of 6 for evacuation
[4255.376s][info][gc,phases      ] GC(1174)   Pre Evacuate Collection Set: 0.40ms
[4255.376s][info][gc,phases      ] GC(1174)   Merge Heap Roots: 0.43ms
[4255.376s][info][gc,phases      ] GC(1174)   Evacuate Collection Set: 119.65ms
[4255.376s][info][gc,phases      ] GC(1174)   Post Evacuate Collection Set: 0.76ms
[4255.376s][info][gc,phases      ] GC(1174)   Other: 0.12ms
[4255.376s][info][gc,heap        ] GC(1174) Eden regions: 1117->0(1116)
[4255.376s][info][gc,heap        ] GC(1174) Survivor regions: 111->112(154)
[4255.376s][info][gc,heap        ] GC(1174) Old regions: 473->505
[4255.376s][info][gc,heap        ] GC(1174) Humongous regions: 80->80
[4255.376s][info][gc,metaspace   ] GC(1174) Metaspace: 28882K(29248K)->28882K(29248K) NonClass: 24015K(24192K)->24015K(24192K) Class: 4867K(5056K)->4867K(5056K)
[4255.376s][info][gc             ] GC(1174) Pause Young (Concurrent Start) (G1 Evacuation Pause) 3560M->1392M(4096M) 121.518ms
[4255.376s][info][gc             ] GC(1175) Concurrent Mark Cycle
[4255.376s][info][gc,marking     ] GC(1175) Concurrent Scan Root Regions
[4255.376s][info][gc,cpu         ] GC(1174) User=0.72s Sys=0.00s Real=0.12s
[4255.567s][info][gc,marking     ] GC(1175) Concurrent Scan Root Regions 191.489ms
[4255.567s][info][gc,marking     ] GC(1175) Concurrent Mark
[4255.567s][info][gc,marking     ] GC(1175) Concurrent Mark From Roots
[4255.567s][info][gc,task        ] GC(1175) Using 2 workers of 2 for marking
.[4256.556s][info][gc,marking     ] GC(1175) Concurrent Mark From Roots 988.686ms
[4256.556s][info][gc,marking     ] GC(1175) Concurrent Preclean
[4256.556s][info][gc,marking     ] GC(1175) Concurrent Preclean 0.103ms
[4256.558s][info][gc,start       ] GC(1175) Pause Remark
[4256.562s][info][gc             ] GC(1175) Pause Remark 2538M->2538M(4096M) 4.237ms
[4256.562s][info][gc,cpu         ] GC(1175) User=0.02s Sys=0.00s Real=0.00s
[4256.563s][info][gc,marking     ] GC(1175) Concurrent Mark 995.304ms
[4256.563s][info][gc,marking     ] GC(1175) Concurrent Rebuild Remembered Sets and Scrub Regions
.[4256.979s][info][gc,marking     ] GC(1175) Concurrent Rebuild Remembered Sets and Scrub Regions 416.561ms
[4256.981s][info][gc,start       ] GC(1175) Pause Cleanup
[4256.981s][info][gc             ] GC(1175) Pause Cleanup 2958M->2958M(4096M) 0.134ms
[4256.981s][info][gc,cpu         ] GC(1175) User=0.00s Sys=0.00s Real=0.00s
[4256.981s][info][gc,marking     ] GC(1175) Concurrent Clear Claimed Marks
[4256.981s][info][gc,marking     ] GC(1175) Concurrent Clear Claimed Marks 0.027ms
[4256.981s][info][gc,marking     ] GC(1175) Concurrent Cleanup for Next Mark
[4256.990s][info][gc,marking     ] GC(1175) Concurrent Cleanup for Next Mark 8.417ms
[4256.990s][info][gc             ] GC(1175) Concurrent Mark Cycle 1614.090ms
[4257.747s][info][gc,start       ] GC(1176) Pause Young (Prepare Mixed) (G1 Evacuation Pause)
[4257.747s][info][gc,task        ] GC(1176) Using 6 workers of 6 for evacuation
[4257.866s][info][gc,phases      ] GC(1176)   Pre Evacuate Collection Set: 0.35ms
[4257.866s][info][gc,phases      ] GC(1176)   Merge Heap Roots: 0.47ms
[4257.866s][info][gc,phases      ] GC(1176)   Evacuate Collection Set: 117.00ms
[4257.866s][info][gc,phases      ] GC(1176)   Post Evacuate Collection Set: 0.93ms
[4257.866s][info][gc,phases      ] GC(1176)   Other: 0.08ms
[4257.866s][info][gc,heap        ] GC(1176) Eden regions: 1116->0(1108)
[4257.866s][info][gc,heap        ] GC(1176) Survivor regions: 112->110(154)
[4257.866s][info][gc,heap        ] GC(1176) Old regions: 505->537
[4257.866s][info][gc,heap        ] GC(1176) Humongous regions: 80->80
[4257.866s][info][gc,metaspace   ] GC(1176) Metaspace: 28882K(29248K)->28882K(29248K) NonClass: 24015K(24192K)->24015K(24192K) Class: 4867K(5056K)->4867K(5056K)
[4257.866s][info][gc             ] GC(1176) Pause Young (Prepare Mixed) (G1 Evacuation Pause) 3624M->1451M(4096M) 118.956ms
[4257.866s][info][gc,cpu         ] GC(1176) User=0.70s Sys=0.00s Real=0.12s
...[4260.150s][info][gc,start       ] GC(1177) Pause Young (Mixed) (G1 Evacuation Pause)
[4260.150s][info][gc,task        ] GC(1177) Using 6 workers of 6 for evacuation
[4260.285s][info][gc,phases      ] GC(1177)   Pre Evacuate Collection Set: 0.36ms
[4260.285s][info][gc,phases      ] GC(1177)   Merge Heap Roots: 0.72ms
[4260.285s][info][gc,phases      ] GC(1177)   Evacuate Collection Set: 132.43ms
[4260.285s][info][gc,phases      ] GC(1177)   Post Evacuate Collection Set: 0.93ms
[4260.285s][info][gc,phases      ] GC(1177)   Other: 0.09ms
[4260.285s][info][gc,heap        ] GC(1177) Eden regions: 1108->0(1118)
[4260.285s][info][gc,heap        ] GC(1177) Survivor regions: 110->110(153)
[4260.285s][info][gc,heap        ] GC(1177) Old regions: 537->474
[4260.285s][info][gc,heap        ] GC(1177) Humongous regions: 80->80
[4260.285s][info][gc,metaspace   ] GC(1177) Metaspace: 28882K(29248K)->28882K(29248K) NonClass: 24015K(24192K)->24015K(24192K) Class: 4867K(5056K)->4867K(5056K)
[4260.285s][info][gc             ] GC(1177) Pause Young (Mixed) (G1 Evacuation Pause) 3667M->1326M(4096M) 134.679ms
[4260.285s][info][gc,cpu         ] GC(1177) User=0.79s Sys=0.00s Real=0.13s
..[4262.608s][info][gc,start       ] GC(1178) Pause Young (Concurrent Start) (G1 Evacuation Pause)
[4262.608s][info][gc,task        ] GC(1178) Using 6 workers of 6 for evacuation
[4262.724s][info][gc,phases      ] GC(1178)   Pre Evacuate Collection Set: 0.35ms
[4262.724s][info][gc,phases      ] GC(1178)   Merge Heap Roots: 0.46ms
[4262.724s][info][gc,phases      ] GC(1178)   Evacuate Collection Set: 114.71ms
[4262.724s][info][gc,phases      ] GC(1178)   Post Evacuate Collection Set: 0.91ms
[4262.724s][info][gc,phases      ] GC(1178)   Other: 0.10ms
[4262.725s][info][gc,heap        ] GC(1178) Eden regions: 1118->0(1119)
[4262.725s][info][gc,heap        ] GC(1178) Survivor regions: 110->109(154)
[4262.725s][info][gc,heap        ] GC(1178) Old regions: 474->506
[4262.725s][info][gc,heap        ] GC(1178) Humongous regions: 80->80
[4262.725s][info][gc,metaspace   ] GC(1178) Metaspace: 28882K(29248K)->28882K(29248K) NonClass: 24015K(24192K)->24015K(24192K) Class: 4867K(5056K)->4867K(5056K)
[4262.725s][info][gc             ] GC(1178) Pause Young (Concurrent Start) (G1 Evacuation Pause) 3562M->1388M(4096M) 116.672ms
[4262.725s][info][gc             ] GC(1179) Concurrent Mark Cycle
[4262.725s][info][gc,marking     ] GC(1179) Concurrent Scan Root Regions
[4262.725s][info][gc,cpu         ] GC(1178) User=0.69s Sys=0.00s Real=0.11s
[4262.866s][info][gc,marking     ] GC(1179) Concurrent Scan Root Regions 140.935ms
[4262.866s][info][gc,marking     ] GC(1179) Concurrent Mark
[4262.866s][info][gc,marking     ] GC(1179) Concurrent Mark From Roots
[4262.866s][info][gc,task        ] GC(1179) Using 2 workers of 2 for marking
.[4263.566s][info][gc,marking     ] GC(1179) Concurrent Mark From Roots 700.518ms
[4263.566s][info][gc,marking     ] GC(1179) Concurrent Preclean
[4263.566s][info][gc,marking     ] GC(1179) Concurrent Preclean 0.085ms
[4263.567s][info][gc,start       ] GC(1179) Pause Remark
[4263.572s][info][gc             ] GC(1179) Pause Remark 2150M->2150M(4096M) 5.260ms
[4263.572s][info][gc,cpu         ] GC(1179) User=0.03s Sys=0.00s Real=0.00s
[4263.573s][info][gc,marking     ] GC(1179) Concurrent Mark 707.245ms
[4263.573s][info][gc,marking     ] GC(1179) Concurrent Rebuild Remembered Sets and Scrub Regions
[4263.825s][info][gc,marking     ] GC(1179) Concurrent Rebuild Remembered Sets and Scrub Regions 252.110ms
[4263.825s][info][gc,start       ] GC(1179) Pause Cleanup
[4263.825s][info][gc             ] GC(1179) Pause Cleanup 2332M->2332M(4096M) 0.108ms
[4263.825s][info][gc,cpu         ] GC(1179) User=0.00s Sys=0.00s Real=0.00s
[4263.825s][info][gc,marking     ] GC(1179) Concurrent Clear Claimed Marks
[4263.825s][info][gc,marking     ] GC(1179) Concurrent Clear Claimed Marks 0.026ms
[4263.825s][info][gc,marking     ] GC(1179) Concurrent Cleanup for Next Mark
[4263.831s][info][gc,marking     ] GC(1179) Concurrent Cleanup for Next Mark 6.014ms
[4263.831s][info][gc             ] GC(1179) Concurrent Mark Cycle 1106.884ms
..[4265.132s][info][gc,start       ] GC(1180) Pause Young (Prepare Mixed) (G1 Evacuation Pause)
[4265.132s][info][gc,task        ] GC(1180) Using 6 workers of 6 for evacuation
[4265.255s][info][gc,phases      ] GC(1180)   Pre Evacuate Collection Set: 0.33ms
[4265.255s][info][gc,phases      ] GC(1180)   Merge Heap Roots: 0.49ms
[4265.255s][info][gc,phases      ] GC(1180)   Evacuate Collection Set: 121.92ms
[4265.255s][info][gc,phases      ] GC(1180)   Post Evacuate Collection Set: 0.90ms
[4265.255s][info][gc,phases      ] GC(1180)   Other: 0.08ms
[4265.255s][info][gc,heap        ] GC(1180) Eden regions: 1119->0(1099)
[4265.255s][info][gc,heap        ] GC(1180) Survivor regions: 109->114(154)
[4265.255s][info][gc,heap        ] GC(1180) Old regions: 506->538
[4265.255s][info][gc,heap        ] GC(1180) Humongous regions: 80->80
[4265.255s][info][gc,metaspace   ] GC(1180) Metaspace: 28882K(29248K)->28882K(29248K) NonClass: 24015K(24192K)->24015K(24192K) Class: 4867K(5056K)->4867K(5056K)
[4265.255s][info][gc             ] GC(1180) Pause Young (Prepare Mixed) (G1 Evacuation Pause) 3626M->1462M(4096M) 123.877ms
[4265.256s][info][gc,cpu         ] GC(1180) User=0.73s Sys=0.00s Real=0.12s
..[4267.485s][info][gc,start       ] GC(1181) Pause Young (Mixed) (G1 Evacuation Pause)
[4267.485s][info][gc,task        ] GC(1181) Using 6 workers of 6 for evacuation
[4267.620s][info][gc,phases      ] GC(1181)   Pre Evacuate Collection Set: 0.33ms
[4267.620s][info][gc,phases      ] GC(1181)   Merge Heap Roots: 0.62ms
[4267.620s][info][gc,phases      ] GC(1181)   Evacuate Collection Set: 132.77ms
[4267.620s][info][gc,phases      ] GC(1181)   Post Evacuate Collection Set: 0.94ms
[4267.620s][info][gc,phases      ] GC(1181)   Other: 0.08ms
[4267.620s][info][gc,heap        ] GC(1181) Eden regions: 1099->0(1119)
[4267.620s][info][gc,heap        ] GC(1181) Survivor regions: 114->109(152)
[4267.620s][info][gc,heap        ] GC(1181) Old regions: 538->474
[4267.620s][info][gc,heap        ] GC(1181) Humongous regions: 80->80
[4267.620s][info][gc,metaspace   ] GC(1181) Metaspace: 28882K(29248K)->28882K(29248K) NonClass: 24015K(24192K)->24015K(24192K) Class: 4867K(5056K)->4867K(5056K)
[4267.620s][info][gc             ] GC(1181) Pause Young (Mixed) (G1 Evacuation Pause) 3660M->1325M(4096M) 134.875ms
[4267.620s][info][gc,cpu         ] GC(1181) User=0.79s Sys=0.00s Real=0.14s
...[4269.986s][info][gc,start       ] GC(1182) Pause Young (Concurrent Start) (G1 Evacuation Pause)
[4269.987s][info][gc,task        ] GC(1182) Using 6 workers of 6 for evacuation
[4270.109s][info][gc,phases      ] GC(1182)   Pre Evacuate Collection Set: 0.34ms
[4270.109s][info][gc,phases      ] GC(1182)   Merge Heap Roots: 0.42ms
[4270.109s][info][gc,phases      ] GC(1182)   Evacuate Collection Set: 120.33ms
[4270.109s][info][gc,phases      ] GC(1182)   Post Evacuate Collection Set: 0.89ms
[4270.109s][info][gc,phases      ] GC(1182)   Other: 0.11ms
[4270.109s][info][gc,heap        ] GC(1182) Eden regions: 1119->0(1117)
[4270.109s][info][gc,heap        ] GC(1182) Survivor regions: 109->111(154)
[4270.109s][info][gc,heap        ] GC(1182) Old regions: 474->507
[4270.109s][info][gc,heap        ] GC(1182) Humongous regions: 80->80
[4270.109s][info][gc,metaspace   ] GC(1182) Metaspace: 28882K(29248K)->28882K(29248K) NonClass: 24015K(24192K)->24015K(24192K) Class: 4867K(5056K)->4867K(5056K)
[4270.109s][info][gc             ] GC(1182) Pause Young (Concurrent Start) (G1 Evacuation Pause) 3563M->1394M(4096M) 122.227ms
[4270.109s][info][gc             ] GC(1183) Concurrent Mark Cycle
[4270.109s][info][gc,marking     ] GC(1183) Concurrent Scan Root Regions
[4270.109s][info][gc,cpu         ] GC(1182) User=0.73s Sys=0.00s Real=0.13s
[4270.280s][info][gc,marking     ] GC(1183) Concurrent Scan Root Regions 170.902ms
[4270.280s][info][gc,marking     ] GC(1183) Concurrent Mark
[4270.280s][info][gc,marking     ] GC(1183) Concurrent Mark From Roots
[4270.280s][info][gc,task        ] GC(1183) Using 2 workers of 2 for marking
.[4271.104s][info][gc,marking     ] GC(1183) Concurrent Mark From Roots 823.965ms
[4271.104s][info][gc,marking     ] GC(1183) Concurrent Preclean
[4271.104s][info][gc,marking     ] GC(1183) Concurrent Preclean 0.086ms
[4271.107s][info][gc,start       ] GC(1183) Pause Remark
[4271.113s][info][gc             ] GC(1183) Pause Remark 2348M->2348M(4096M) 6.279ms
[4271.113s][info][gc,cpu         ] GC(1183) User=0.04s Sys=0.00s Real=0.00s
[4271.113s][info][gc,marking     ] GC(1183) Concurrent Mark 833.741ms
[4271.113s][info][gc,marking     ] GC(1183) Concurrent Rebuild Remembered Sets and Scrub Regions
[4271.395s][info][gc,marking     ] GC(1183) Concurrent Rebuild Remembered Sets and Scrub Regions 281.590ms
[4271.397s][info][gc,start       ] GC(1183) Pause Cleanup
[4271.397s][info][gc             ] GC(1183) Pause Cleanup 2614M->2614M(4096M) 0.142ms
[4271.397s][info][gc,cpu         ] GC(1183) User=0.00s Sys=0.00s Real=0.00s
[4271.398s][info][gc,marking     ] GC(1183) Concurrent Clear Claimed Marks
[4271.398s][info][gc,marking     ] GC(1183) Concurrent Clear Claimed Marks 0.029ms
[4271.398s][info][gc,marking     ] GC(1183) Concurrent Cleanup for Next Mark
[4271.403s][info][gc,marking     ] GC(1183) Concurrent Cleanup for Next Mark 5.390ms
[4271.403s][info][gc             ] GC(1183) Concurrent Mark Cycle 1294.251ms
.[4272.491s][info][gc,start       ] GC(1184) Pause Young (Prepare Mixed) (G1 Evacuation Pause)
[4272.491s][info][gc,task        ] GC(1184) Using 6 workers of 6 for evacuation
[4272.609s][info][gc,phases      ] GC(1184)   Pre Evacuate Collection Set: 0.33ms
[4272.609s][info][gc,phases      ] GC(1184)   Merge Heap Roots: 0.47ms
[4272.609s][info][gc,phases      ] GC(1184)   Evacuate Collection Set: 116.28ms
[4272.609s][info][gc,phases      ] GC(1184)   Post Evacuate Collection Set: 0.92ms
[4272.609s][info][gc,phases      ] GC(1184)   Other: 0.08ms
[4272.609s][info][gc,heap        ] GC(1184) Eden regions: 1117->0(1107)
[4272.609s][info][gc,heap        ] GC(1184) Survivor regions: 111->110(154)
[4272.609s][info][gc,heap        ] GC(1184) Old regions: 507->538
[4272.609s][info][gc,heap        ] GC(1184) Humongous regions: 80->80
[4272.609s][info][gc,metaspace   ] GC(1184) Metaspace: 28882K(29248K)->28882K(29248K) NonClass: 24015K(24192K)->24015K(24192K) Class: 4867K(5056K)->4867K(5056K)
[4272.609s][info][gc             ] GC(1184) Pause Young (Prepare Mixed) (G1 Evacuation Pause) 3628M->1454M(4096M) 118.222ms
[4272.609s][info][gc,cpu         ] GC(1184) User=0.70s Sys=0.00s Real=0.12s
..[4274.941s][info][gc,start       ] GC(1185) Pause Young (Mixed) (G1 Evacuation Pause)
[4274.941s][info][gc,task        ] GC(1185) Using 6 workers of 6 for evacuation
[4275.075s][info][gc,phases      ] GC(1185)   Pre Evacuate Collection Set: 0.37ms
[4275.075s][info][gc,phases      ] GC(1185)   Merge Heap Roots: 0.69ms
[4275.075s][info][gc,phases      ] GC(1185)   Evacuate Collection Set: 131.57ms
[4275.075s][info][gc,phases      ] GC(1185)   Post Evacuate Collection Set: 0.94ms
[4275.075s][info][gc,phases      ] GC(1185)   Other: 0.09ms
[4275.075s][info][gc,heap        ] GC(1185) Eden regions: 1107->0(1119)
[4275.075s][info][gc,heap        ] GC(1185) Survivor regions: 110->109(153)
[4275.075s][info][gc,heap        ] GC(1185) Old regions: 538->476
[4275.075s][info][gc,heap        ] GC(1185) Humongous regions: 80->80
[4275.075s][info][gc,metaspace   ] GC(1185) Metaspace: 28882K(29248K)->28882K(29248K) NonClass: 24015K(24192K)->24015K(24192K) Class: 4867K(5056K)->4867K(5056K)
[4275.075s][info][gc             ] GC(1185) Pause Young (Mixed) (G1 Evacuation Pause) 3668M->1328M(4096M) 133.799ms
[4275.075s][info][gc,cpu         ] GC(1185) User=0.79s Sys=0.00s Real=0.13s
...[4277.473s][info][gc,start       ] GC(1186) Pause Young (Concurrent Start) (G1 Evacuation Pause)
[4277.473s][info][gc,task        ] GC(1186) Using 6 workers of 6 for evacuation
[4277.589s][info][gc,phases      ] GC(1186)   Pre Evacuate Collection Set: 0.36ms
[4277.589s][info][gc,phases      ] GC(1186)   Merge Heap Roots: 0.46ms
[4277.589s][info][gc,phases      ] GC(1186)   Evacuate Collection Set: 113.91ms
[4277.589s][info][gc,phases      ] GC(1186)   Post Evacuate Collection Set: 0.89ms
[4277.589s][info][gc,phases      ] GC(1186)   Other: 0.11ms
[4277.589s][info][gc,heap        ] GC(1186) Eden regions: 1119->0(1120)
[4277.589s][info][gc,heap        ] GC(1186) Survivor regions: 109->108(154)
[4277.589s][info][gc,heap        ] GC(1186) Old regions: 476->508
[4277.589s][info][gc,heap        ] GC(1186) Humongous regions: 80->80
[4277.589s][info][gc,metaspace   ] GC(1186) Metaspace: 28882K(29248K)->28882K(29248K) NonClass: 24015K(24192K)->24015K(24192K) Class: 4867K(5056K)->4867K(5056K)
[4277.589s][info][gc             ] GC(1186) Pause Young (Concurrent Start) (G1 Evacuation Pause) 3566M->1389M(4096M) 115.861ms
[4277.589s][info][gc             ] GC(1187) Concurrent Mark Cycle
[4277.589s][info][gc,marking     ] GC(1187) Concurrent Scan Root Regions
[4277.589s][info][gc,cpu         ] GC(1186) User=0.69s Sys=0.01s Real=0.12s
[4277.765s][info][gc,marking     ] GC(1187) Concurrent Scan Root Regions 176.232ms
[4277.765s][info][gc,marking     ] GC(1187) Concurrent Mark
[4277.765s][info][gc,marking     ] GC(1187) Concurrent Mark From Roots
[4277.765s][info][gc,task        ] GC(1187) Using 2 workers of 2 for marking
.[4278.816s][info][gc,marking     ] GC(1187) Concurrent Mark From Roots 1051.332ms
[4278.816s][info][gc,marking     ] GC(1187) Concurrent Preclean
[4278.817s][info][gc,marking     ] GC(1187) Concurrent Preclean 0.102ms
[4278.817s][info][gc,start       ] GC(1187) Pause Remark
[4278.822s][info][gc             ] GC(1187) Pause Remark 2548M->2548M(4096M) 5.409ms
[4278.822s][info][gc,cpu         ] GC(1187) User=0.03s Sys=0.00s Real=0.01s
[4278.823s][info][gc,marking     ] GC(1187) Concurrent Mark 1058.160ms
[4278.823s][info][gc,marking     ] GC(1187) Concurrent Rebuild Remembered Sets and Scrub Regions
[4279.202s][info][gc,marking     ] GC(1187) Concurrent Rebuild Remembered Sets and Scrub Regions 379.110ms
[4279.203s][info][gc,start       ] GC(1187) Pause Cleanup
[4279.203s][info][gc             ] GC(1187) Pause Cleanup 2947M->2947M(4096M) 0.111ms
[4279.203s][info][gc,cpu         ] GC(1187) User=0.00s Sys=0.00s Real=0.00s
[4279.203s][info][gc,marking     ] GC(1187) Concurrent Clear Claimed Marks
[4279.203s][info][gc,marking     ] GC(1187) Concurrent Clear Claimed Marks 0.032ms
[4279.203s][info][gc,marking     ] GC(1187) Concurrent Cleanup for Next Mark
.[4279.207s][info][gc,marking     ] GC(1187) Concurrent Cleanup for Next Mark 4.312ms
[4279.207s][info][gc             ] GC(1187) Concurrent Mark Cycle 1618.546ms
[4279.953s][info][gc,start       ] GC(1188) Pause Young (Prepare Mixed) (G1 Evacuation Pause)
[4279.953s][info][gc,task        ] GC(1188) Using 6 workers of 6 for evacuation
[4280.073s][info][gc,phases      ] GC(1188)   Pre Evacuate Collection Set: 0.31ms
[4280.073s][info][gc,phases      ] GC(1188)   Merge Heap Roots: 0.51ms
[4280.073s][info][gc,phases      ] GC(1188)   Evacuate Collection Set: 118.47ms
[4280.073s][info][gc,phases      ] GC(1188)   Post Evacuate Collection Set: 0.91ms
[4280.073s][info][gc,phases      ] GC(1188)   Other: 0.09ms
[4280.073s][info][gc,heap        ] GC(1188) Eden regions: 1120->0(1102)
[4280.073s][info][gc,heap        ] GC(1188) Survivor regions: 108->112(154)
[4280.073s][info][gc,heap        ] GC(1188) Old regions: 508->539
[4280.073s][info][gc,heap        ] GC(1188) Humongous regions: 80->80
[4280.073s][info][gc,metaspace   ] GC(1188) Metaspace: 28882K(29248K)->28882K(29248K) NonClass: 24015K(24192K)->24015K(24192K) Class: 4867K(5056K)->4867K(5056K)
[4280.073s][info][gc             ] GC(1188) Pause Young (Prepare Mixed) (G1 Evacuation Pause) 3629M->1460M(4096M) 120.416ms
[4280.073s][info][gc,cpu         ] GC(1188) User=0.72s Sys=0.00s Real=0.12s
...[4282.376s][info][gc,start       ] GC(1189) Pause Young (Mixed) (G1 Evacuation Pause)
[4282.376s][info][gc,task        ] GC(1189) Using 6 workers of 6 for evacuation
[4282.511s][info][gc,phases      ] GC(1189)   Pre Evacuate Collection Set: 0.36ms
[4282.511s][info][gc,phases      ] GC(1189)   Merge Heap Roots: 0.66ms
[4282.511s][info][gc,phases      ] GC(1189)   Evacuate Collection Set: 133.14ms
[4282.511s][info][gc,phases      ] GC(1189)   Post Evacuate Collection Set: 0.98ms
[4282.511s][info][gc,phases      ] GC(1189)   Other: 0.09ms
[4282.511s][info][gc,heap        ] GC(1189) Eden regions: 1102->0(1119)
[4282.511s][info][gc,heap        ] GC(1189) Survivor regions: 112->109(152)
[4282.511s][info][gc,heap        ] GC(1189) Old regions: 539->473
[4282.511s][info][gc,heap        ] GC(1189) Humongous regions: 80->80
[4282.511s][info][gc,metaspace   ] GC(1189) Metaspace: 28882K(29248K)->28882K(29248K) NonClass: 24015K(24192K)->24015K(24192K) Class: 4867K(5056K)->4867K(5056K)
[4282.511s][info][gc             ] GC(1189) Pause Young (Mixed) (G1 Evacuation Pause) 3664M->1322M(4096M) 135.369ms
[4282.511s][info][gc,cpu         ] GC(1189) User=0.80s Sys=0.00s Real=0.14s
..[4284.848s][info][gc,start       ] GC(1190) Pause Young (Concurrent Start) (G1 Evacuation Pause)
[4284.849s][info][gc,task        ] GC(1190) Using 6 workers of 6 for evacuation
[4284.973s][info][gc,phases      ] GC(1190)   Pre Evacuate Collection Set: 0.36ms
[4284.973s][info][gc,phases      ] GC(1190)   Merge Heap Roots: 0.42ms
[4284.973s][info][gc,phases      ] GC(1190)   Evacuate Collection Set: 122.72ms
[4284.973s][info][gc,phases      ] GC(1190)   Post Evacuate Collection Set: 0.89ms
[4284.973s][info][gc,phases      ] GC(1190)   Other: 0.12ms
[4284.973s][info][gc,heap        ] GC(1190) Eden regions: 1119->0(1114)
[4284.973s][info][gc,heap        ] GC(1190) Survivor regions: 109->114(154)
[4284.973s][info][gc,heap        ] GC(1190) Old regions: 473->505
[4284.973s][info][gc,heap        ] GC(1190) Humongous regions: 80->80
[4284.973s][info][gc,metaspace   ] GC(1190) Metaspace: 28882K(29248K)->28882K(29248K) NonClass: 24015K(24192K)->24015K(24192K) Class: 4867K(5056K)->4867K(5056K)
[4284.973s][info][gc             ] GC(1190) Pause Young (Concurrent Start) (G1 Evacuation Pause) 3560M->1397M(4096M) 124.671ms
[4284.973s][info][gc             ] GC(1191) Concurrent Mark Cycle
[4284.973s][info][gc,marking     ] GC(1191) Concurrent Scan Root Regions
[4284.973s][info][gc,cpu         ] GC(1190) User=0.73s Sys=0.01s Real=0.12s
[4285.124s][info][gc,marking     ] GC(1191) Concurrent Scan Root Regions 150.733ms
[4285.124s][info][gc,marking     ] GC(1191) Concurrent Mark
[4285.124s][info][gc,marking     ] GC(1191) Concurrent Mark From Roots
[4285.124s][info][gc,task        ] GC(1191) Using 2 workers of 2 for marking
.[4285.928s][info][gc,marking     ] GC(1191) Concurrent Mark From Roots 803.690ms
[4285.928s][info][gc,marking     ] GC(1191) Concurrent Preclean
[4285.928s][info][gc,marking     ] GC(1191) Concurrent Preclean 0.106ms
[4285.931s][info][gc,start       ] GC(1191) Pause Remark
[4285.935s][info][gc             ] GC(1191) Pause Remark 2251M->2251M(4096M) 4.046ms
[4285.935s][info][gc,cpu         ] GC(1191) User=0.02s Sys=0.00s Real=0.00s
[4285.936s][info][gc,marking     ] GC(1191) Concurrent Mark 812.081ms
[4285.936s][info][gc,marking     ] GC(1191) Concurrent Rebuild Remembered Sets and Scrub Regions
.[4286.311s][info][gc,marking     ] GC(1191) Concurrent Rebuild Remembered Sets and Scrub Regions 374.642ms
[4286.314s][info][gc,start       ] GC(1191) Pause Cleanup
[4286.315s][info][gc             ] GC(1191) Pause Cleanup 2667M->2667M(4096M) 0.137ms
[4286.315s][info][gc,cpu         ] GC(1191) User=0.00s Sys=0.00s Real=0.00s
[4286.315s][info][gc,marking     ] GC(1191) Concurrent Clear Claimed Marks
[4286.315s][info][gc,marking     ] GC(1191) Concurrent Clear Claimed Marks 0.030ms
[4286.315s][info][gc,marking     ] GC(1191) Concurrent Cleanup for Next Mark
[4286.320s][info][gc,marking     ] GC(1191) Concurrent Cleanup for Next Mark 5.694ms
[4286.320s][info][gc             ] GC(1191) Concurrent Mark Cycle 1347.227ms
.[4287.338s][info][gc,start       ] GC(1192) Pause Young (Prepare Mixed) (G1 Evacuation Pause)
[4287.338s][info][gc,task        ] GC(1192) Using 6 workers of 6 for evacuation
[4287.458s][info][gc,phases      ] GC(1192)   Pre Evacuate Collection Set: 0.34ms
[4287.458s][info][gc,phases      ] GC(1192)   Merge Heap Roots: 0.49ms
[4287.458s][info][gc,phases      ] GC(1192)   Evacuate Collection Set: 118.15ms
[4287.458s][info][gc,phases      ] GC(1192)   Post Evacuate Collection Set: 0.95ms
[4287.458s][info][gc,phases      ] GC(1192)   Other: 0.09ms
[4287.458s][info][gc,heap        ] GC(1192) Eden regions: 1114->0(1106)
[4287.458s][info][gc,heap        ] GC(1192) Survivor regions: 114->111(154)
[4287.458s][info][gc,heap        ] GC(1192) Old regions: 505->537
[4287.458s][info][gc,heap        ] GC(1192) Humongous regions: 80->80
[4287.458s][info][gc,metaspace   ] GC(1192) Metaspace: 28882K(29248K)->28882K(29248K) NonClass: 24015K(24192K)->24015K(24192K) Class: 4867K(5056K)->4867K(5056K)
[4287.458s][info][gc             ] GC(1192) Pause Young (Prepare Mixed) (G1 Evacuation Pause) 3625M->1453M(4096M) 120.175ms
[4287.458s][info][gc,cpu         ] GC(1192) User=0.71s Sys=0.00s Real=0.12s
..[4289.768s][info][gc,start       ] GC(1193) Pause Young (Mixed) (G1 Evacuation Pause)
[4289.768s][info][gc,task        ] GC(1193) Using 6 workers of 6 for evacuation
[4289.905s][info][gc,phases      ] GC(1193)   Pre Evacuate Collection Set: 0.36ms
[4289.905s][info][gc,phases      ] GC(1193)   Merge Heap Roots: 0.76ms
[4289.905s][info][gc,phases      ] GC(1193)   Evacuate Collection Set: 134.53ms
[4289.905s][info][gc,phases      ] GC(1193)   Post Evacuate Collection Set: 0.95ms
[4289.905s][info][gc,phases      ] GC(1193)   Other: 0.09ms
[4289.905s][info][gc,heap        ] GC(1193) Eden regions: 1106->0(1119)
[4289.905s][info][gc,heap        ] GC(1193) Survivor regions: 111->109(153)
[4289.905s][info][gc,heap        ] GC(1193) Old regions: 537->475
[4289.905s][info][gc,heap        ] GC(1193) Humongous regions: 80->80
[4289.905s][info][gc,metaspace   ] GC(1193) Metaspace: 28882K(29248K)->28882K(29248K) NonClass: 24015K(24192K)->24015K(24192K) Class: 4867K(5056K)->4867K(5056K)
[4289.905s][info][gc             ] GC(1193) Pause Young (Mixed) (G1 Evacuation Pause) 3665M->1325M(4096M) 136.825ms
[4289.905s][info][gc,cpu         ] GC(1193) User=0.81s Sys=0.00s Real=0.13s
..[4292.203s][info][gc,start       ] GC(1194) Pause Young (Concurrent Start) (G1 Evacuation Pause)
[4292.203s][info][gc,task        ] GC(1194) Using 6 workers of 6 for evacuation
[4292.328s][info][gc,phases      ] GC(1194)   Pre Evacuate Collection Set: 0.35ms
[4292.328s][info][gc,phases      ] GC(1194)   Merge Heap Roots: 0.47ms
[4292.328s][info][gc,phases      ] GC(1194)   Evacuate Collection Set: 123.94ms
[4292.329s][info][gc,phases      ] GC(1194)   Post Evacuate Collection Set: 0.90ms
[4292.329s][info][gc,phases      ] GC(1194)   Other: 0.11ms
[4292.329s][info][gc,heap        ] GC(1194) Eden regions: 1119->0(1112)
[4292.329s][info][gc,heap        ] GC(1194) Survivor regions: 109->116(154)
[4292.329s][info][gc,heap        ] GC(1194) Old regions: 475->507
[4292.329s][info][gc,heap        ] GC(1194) Humongous regions: 80->80
[4292.329s][info][gc,metaspace   ] GC(1194) Metaspace: 28882K(29248K)->28882K(29248K) NonClass: 24015K(24192K)->24015K(24192K) Class: 4867K(5056K)->4867K(5056K)
[4292.329s][info][gc             ] GC(1194) Pause Young (Concurrent Start) (G1 Evacuation Pause) 3563M->1405M(4096M) 125.909ms
[4292.329s][info][gc             ] GC(1195) Concurrent Mark Cycle
[4292.329s][info][gc,marking     ] GC(1195) Concurrent Scan Root Regions
[4292.329s][info][gc,cpu         ] GC(1194) User=0.74s Sys=0.00s Real=0.13s
.[4292.523s][info][gc,marking     ] GC(1195) Concurrent Scan Root Regions 194.215ms
[4292.523s][info][gc,marking     ] GC(1195) Concurrent Mark
[4292.523s][info][gc,marking     ] GC(1195) Concurrent Mark From Roots
[4292.523s][info][gc,task        ] GC(1195) Using 2 workers of 2 for marking
.[4293.477s][info][gc,marking     ] GC(1195) Concurrent Mark From Roots 953.993ms
[4293.477s][info][gc,marking     ] GC(1195) Concurrent Preclean
[4293.477s][info][gc,marking     ] GC(1195) Concurrent Preclean 0.117ms
[4293.478s][info][gc,start       ] GC(1195) Pause Remark
[4293.484s][info][gc             ] GC(1195) Pause Remark 2533M->2533M(4096M) 5.633ms
[4293.484s][info][gc,cpu         ] GC(1195) User=0.03s Sys=0.00s Real=0.00s
[4293.485s][info][gc,marking     ] GC(1195) Concurrent Mark 961.999ms
[4293.485s][info][gc,marking     ] GC(1195) Concurrent Rebuild Remembered Sets and Scrub Regions
[4293.758s][info][gc,marking     ] GC(1195) Concurrent Rebuild Remembered Sets and Scrub Regions 272.710ms
[4293.758s][info][gc,start       ] GC(1195) Pause Cleanup
[4293.758s][info][gc             ] GC(1195) Pause Cleanup 2813M->2813M(4096M) 0.124ms
[4293.758s][info][gc,cpu         ] GC(1195) User=0.00s Sys=0.00s Real=0.00s
[4293.759s][info][gc,marking     ] GC(1195) Concurrent Clear Claimed Marks
[4293.759s][info][gc,marking     ] GC(1195) Concurrent Clear Claimed Marks 0.020ms
[4293.759s][info][gc,marking     ] GC(1195) Concurrent Cleanup for Next Mark
[4293.763s][info][gc,marking     ] GC(1195) Concurrent Cleanup for Next Mark 4.179ms
[4293.763s][info][gc             ] GC(1195) Concurrent Mark Cycle 1434.207ms
.[4294.738s][info][gc,start       ] GC(1196) Pause Young (Prepare Mixed) (G1 Evacuation Pause)
[4294.738s][info][gc,task        ] GC(1196) Using 6 workers of 6 for evacuation
[4294.856s][info][gc,phases      ] GC(1196)   Pre Evacuate Collection Set: 0.33ms
[4294.856s][info][gc,phases      ] GC(1196)   Merge Heap Roots: 0.51ms
[4294.856s][info][gc,phases      ] GC(1196)   Evacuate Collection Set: 116.07ms
[4294.856s][info][gc,phases      ] GC(1196)   Post Evacuate Collection Set: 0.92ms
[4294.856s][info][gc,phases      ] GC(1196)   Other: 0.09ms
[4294.856s][info][gc,heap        ] GC(1196) Eden regions: 1112->0(1108)
[4294.856s][info][gc,heap        ] GC(1196) Survivor regions: 116->109(154)
[4294.856s][info][gc,heap        ] GC(1196) Old regions: 507->539
[4294.856s][info][gc,heap        ] GC(1196) Humongous regions: 80->80
[4294.856s][info][gc,metaspace   ] GC(1196) Metaspace: 28882K(29248K)->28882K(29248K) NonClass: 24015K(24192K)->24015K(24192K) Class: 4867K(5056K)->4867K(5056K)
[4294.856s][info][gc             ] GC(1196) Pause Young (Prepare Mixed) (G1 Evacuation Pause) 3629M->1455M(4096M) 118.080ms
[4294.856s][info][gc,cpu         ] GC(1196) User=0.70s Sys=0.00s Real=0.11s
..[4297.121s][info][gc,start       ] GC(1197) Pause Young (Mixed) (G1 Evacuation Pause)
[4297.121s][info][gc,task        ] GC(1197) Using 6 workers of 6 for evacuation
[4297.260s][info][gc,phases      ] GC(1197)   Pre Evacuate Collection Set: 0.41ms
[4297.260s][info][gc,phases      ] GC(1197)   Merge Heap Roots: 0.72ms
[4297.260s][info][gc,phases      ] GC(1197)   Evacuate Collection Set: 136.53ms
[4297.260s][info][gc,phases      ] GC(1197)   Post Evacuate Collection Set: 0.96ms
[4297.260s][info][gc,phases      ] GC(1197)   Other: 0.09ms
[4297.260s][info][gc,heap        ] GC(1197) Eden regions: 1108->0(1118)
[4297.260s][info][gc,heap        ] GC(1197) Survivor regions: 109->110(153)
[4297.260s][info][gc,heap        ] GC(1197) Old regions: 539->473
[4297.260s][info][gc,heap        ] GC(1197) Humongous regions: 80->80
[4297.260s][info][gc,metaspace   ] GC(1197) Metaspace: 28882K(29248K)->28882K(29248K) NonClass: 24015K(24192K)->24015K(24192K) Class: 4867K(5056K)->4867K(5056K)
[4297.260s][info][gc             ] GC(1197) Pause Young (Mixed) (G1 Evacuation Pause) 3671M->1324M(4096M) 138.836ms
[4297.260s][info][gc,cpu         ] GC(1197) User=0.82s Sys=0.00s Real=0.14s
...[4299.580s][info][gc,start       ] GC(1198) Pause Young (Concurrent Start) (G1 Evacuation Pause)
[4299.580s][info][gc,task        ] GC(1198) Using 6 workers of 6 for evacuation
[4299.700s][info][gc,phases      ] GC(1198)   Pre Evacuate Collection Set: 0.34ms
[4299.700s][info][gc,phases      ] GC(1198)   Merge Heap Roots: 0.46ms
[4299.700s][info][gc,phases      ] GC(1198)   Evacuate Collection Set: 118.77ms
[4299.700s][info][gc,phases      ] GC(1198)   Post Evacuate Collection Set: 0.83ms
[4299.700s][info][gc,phases      ] GC(1198)   Other: 0.11ms
[4299.700s][info][gc,heap        ] GC(1198) Eden regions: 1118->0(1117)
[4299.700s][info][gc,heap        ] GC(1198) Survivor regions: 110->111(154)
[4299.700s][info][gc,heap        ] GC(1198) Old regions: 473->506
[4299.700s][info][gc,heap        ] GC(1198) Humongous regions: 80->80
[4299.700s][info][gc,metaspace   ] GC(1198) Metaspace: 28882K(29248K)->28882K(29248K) NonClass: 24015K(24192K)->24015K(24192K) Class: 4867K(5056K)->4867K(5056K)
[4299.700s][info][gc             ] GC(1198) Pause Young (Concurrent Start) (G1 Evacuation Pause) 3560M->1392M(4096M) 120.647ms
[4299.700s][info][gc             ] GC(1199) Concurrent Mark Cycle
[4299.700s][info][gc,cpu         ] GC(1198) User=0.71s Sys=0.00s Real=0.12s
[4299.700s][info][gc,marking     ] GC(1199) Concurrent Scan Root Regions
[4299.842s][info][gc,marking     ] GC(1199) Concurrent Scan Root Regions 141.777ms
[4299.842s][info][gc,marking     ] GC(1199) Concurrent Mark
[4299.842s][info][gc,marking     ] GC(1199) Concurrent Mark From Roots
[4299.842s][info][gc,task        ] GC(1199) Using 2 workers of 2 for marking
[4300.544s][info][gc,marking     ] GC(1199) Concurrent Mark From Roots 701.995ms
[4300.544s][info][gc,marking     ] GC(1199) Concurrent Preclean
[4300.544s][info][gc,marking     ] GC(1199) Concurrent Preclean 0.079ms
[4300.544s][info][gc,start       ] GC(1199) Pause Remark
[4300.550s][info][gc             ] GC(1199) Pause Remark 2184M->2184M(4096M) 5.877ms
[4300.550s][info][gc,cpu         ] GC(1199) User=0.03s Sys=0.00s Real=0.01s
[4300.550s][info][gc,marking     ] GC(1199) Concurrent Mark 708.325ms
[4300.550s][info][gc,marking     ] GC(1199) Concurrent Rebuild Remembered Sets and Scrub Regions
.[4300.865s][info][gc,marking     ] GC(1199) Concurrent Rebuild Remembered Sets and Scrub Regions 314.656ms
[4300.865s][info][gc,start       ] GC(1199) Pause Cleanup
[4300.865s][info][gc             ] GC(1199) Pause Cleanup 2441M->2441M(4096M) 0.102ms
[4300.865s][info][gc,cpu         ] GC(1199) User=0.00s Sys=0.00s Real=0.00s
[4300.868s][info][gc,marking     ] GC(1199) Concurrent Clear Claimed Marks
[4300.868s][info][gc,marking     ] GC(1199) Concurrent Clear Claimed Marks 0.059ms
[4300.868s][info][gc,marking     ] GC(1199) Concurrent Cleanup for Next Mark
[4300.887s][info][gc,marking     ] GC(1199) Concurrent Cleanup for Next Mark 18.608ms
[4300.887s][info][gc             ] GC(1199) Concurrent Mark Cycle 1186.602ms
.[4302.083s][info][gc,start       ] GC(1200) Pause Young (Prepare Mixed) (G1 Evacuation Pause)
[4302.083s][info][gc,task        ] GC(1200) Using 6 workers of 6 for evacuation
[4302.205s][info][gc,phases      ] GC(1200)   Pre Evacuate Collection Set: 0.32ms
[4302.205s][info][gc,phases      ] GC(1200)   Merge Heap Roots: 0.47ms
[4302.205s][info][gc,phases      ] GC(1200)   Evacuate Collection Set: 119.91ms
[4302.205s][info][gc,phases      ] GC(1200)   Post Evacuate Collection Set: 0.94ms
[4302.205s][info][gc,phases      ] GC(1200)   Other: 0.09ms
[4302.205s][info][gc,heap        ] GC(1200) Eden regions: 1117->0(1102)
[4302.205s][info][gc,heap        ] GC(1200) Survivor regions: 111->113(154)
[4302.205s][info][gc,heap        ] GC(1200) Old regions: 506->537
[4302.205s][info][gc,heap        ] GC(1200) Humongous regions: 80->80
[4302.205s][info][gc,metaspace   ] GC(1200) Metaspace: 28882K(29248K)->28882K(29248K) NonClass: 24015K(24192K)->24015K(24192K) Class: 4867K(5056K)->4867K(5056K)
[4302.205s][info][gc             ] GC(1200) Pause Young (Prepare Mixed) (G1 Evacuation Pause) 3626M->1458M(4096M) 121.867ms
[4302.205s][info][gc,cpu         ] GC(1200) User=0.72s Sys=0.00s Real=0.12s
..[4304.522s][info][gc,start       ] GC(1201) Pause Young (Mixed) (G1 Evacuation Pause)
[4304.522s][info][gc,task        ] GC(1201) Using 6 workers of 6 for evacuation
[4304.657s][info][gc,phases      ] GC(1201)   Pre Evacuate Collection Set: 0.38ms
[4304.657s][info][gc,phases      ] GC(1201)   Merge Heap Roots: 0.74ms
[4304.657s][info][gc,phases      ] GC(1201)   Evacuate Collection Set: 132.85ms
[4304.657s][info][gc,phases      ] GC(1201)   Post Evacuate Collection Set: 0.93ms
[4304.657s][info][gc,phases      ] GC(1201)   Other: 0.09ms
[4304.657s][info][gc,heap        ] GC(1201) Eden regions: 1102->0(1121)
[4304.657s][info][gc,heap        ] GC(1201) Survivor regions: 113->107(152)
[4304.657s][info][gc,heap        ] GC(1201) Old regions: 537->475
[4304.657s][info][gc,heap        ] GC(1201) Humongous regions: 80->80
[4304.657s][info][gc,metaspace   ] GC(1201) Metaspace: 28882K(29248K)->28882K(29248K) NonClass: 24015K(24192K)->24015K(24192K) Class: 4867K(5056K)->4867K(5056K)
[4304.657s][info][gc             ] GC(1201) Pause Young (Mixed) (G1 Evacuation Pause) 3662M->1322M(4096M) 135.124ms
[4304.657s][info][gc,cpu         ] GC(1201) User=0.80s Sys=0.00s Real=0.14s
...[4307.045s][info][gc,start       ] GC(1202) Pause Young (Concurrent Start) (G1 Evacuation Pause)
[4307.045s][info][gc,task        ] GC(1202) Using 6 workers of 6 for evacuation
[4307.168s][info][gc,phases      ] GC(1202)   Pre Evacuate Collection Set: 0.36ms
[4307.168s][info][gc,phases      ] GC(1202)   Merge Heap Roots: 0.45ms
[4307.168s][info][gc,phases      ] GC(1202)   Evacuate Collection Set: 121.12ms
[4307.168s][info][gc,phases      ] GC(1202)   Post Evacuate Collection Set: 0.89ms
[4307.168s][info][gc,phases      ] GC(1202)   Other: 0.13ms
[4307.168s][info][gc,heap        ] GC(1202) Eden regions: 1121->0(1114)
[4307.168s][info][gc,heap        ] GC(1202) Survivor regions: 107->114(154)
[4307.168s][info][gc,heap        ] GC(1202) Old regions: 475->507
[4307.168s][info][gc,heap        ] GC(1202) Humongous regions: 80->80
[4307.168s][info][gc,metaspace   ] GC(1202) Metaspace: 28882K(29248K)->28882K(29248K) NonClass: 24015K(24192K)->24015K(24192K) Class: 4867K(5056K)->4867K(5056K)
[4307.168s][info][gc             ] GC(1202) Pause Young (Concurrent Start) (G1 Evacuation Pause) 3564M->1400M(4096M) 123.087ms
[4307.168s][info][gc             ] GC(1203) Concurrent Mark Cycle
[4307.168s][info][gc,marking     ] GC(1203) Concurrent Scan Root Regions
[4307.168s][info][gc,cpu         ] GC(1202) User=0.73s Sys=0.00s Real=0.13s
[4307.319s][info][gc,marking     ] GC(1203) Concurrent Scan Root Regions 150.411ms
[4307.319s][info][gc,marking     ] GC(1203) Concurrent Mark
[4307.319s][info][gc,marking     ] GC(1203) Concurrent Mark From Roots
[4307.319s][info][gc,task        ] GC(1203) Using 2 workers of 2 for marking
.[4308.090s][info][gc,marking     ] GC(1203) Concurrent Mark From Roots 771.098ms
[4308.090s][info][gc,marking     ] GC(1203) Concurrent Preclean
[4308.090s][info][gc,marking     ] GC(1203) Concurrent Preclean 0.093ms
[4308.092s][info][gc,start       ] GC(1203) Pause Remark
[4308.096s][info][gc             ] GC(1203) Pause Remark 2284M->2284M(4096M) 4.321ms
[4308.096s][info][gc,cpu         ] GC(1203) User=0.03s Sys=0.00s Real=0.00s
[4308.096s][info][gc,marking     ] GC(1203) Concurrent Mark 777.515ms
[4308.096s][info][gc,marking     ] GC(1203) Concurrent Rebuild Remembered Sets and Scrub Regions
[4308.366s][info][gc,marking     ] GC(1203) Concurrent Rebuild Remembered Sets and Scrub Regions 270.145ms
[4308.368s][info][gc,start       ] GC(1203) Pause Cleanup
[4308.368s][info][gc             ] GC(1203) Pause Cleanup 2548M->2548M(4096M) 0.129ms
[4308.368s][info][gc,cpu         ] GC(1203) User=0.00s Sys=0.00s Real=0.00s
[4308.369s][info][gc,marking     ] GC(1203) Concurrent Clear Claimed Marks
[4308.369s][info][gc,marking     ] GC(1203) Concurrent Clear Claimed Marks 0.022ms
[4308.369s][info][gc,marking     ] GC(1203) Concurrent Cleanup for Next Mark
[4308.373s][info][gc,marking     ] GC(1203) Concurrent Cleanup for Next Mark 4.689ms
[4308.373s][info][gc             ] GC(1203) Concurrent Mark Cycle 1205.027ms
.[4309.501s][info][gc,start       ] GC(1204) Pause Young (Prepare Mixed) (G1 Evacuation Pause)
[4309.501s][info][gc,task        ] GC(1204) Using 6 workers of 6 for evacuation
[4309.617s][info][gc,phases      ] GC(1204)   Pre Evacuate Collection Set: 0.34ms
[4309.617s][info][gc,phases      ] GC(1204)   Merge Heap Roots: 0.51ms
[4309.617s][info][gc,phases      ] GC(1204)   Evacuate Collection Set: 114.50ms
[4309.617s][info][gc,phases      ] GC(1204)   Post Evacuate Collection Set: 0.93ms
[4309.617s][info][gc,phases      ] GC(1204)   Other: 0.09ms
[4309.617s][info][gc,heap        ] GC(1204) Eden regions: 1114->0(1110)
[4309.617s][info][gc,heap        ] GC(1204) Survivor regions: 114->108(154)
[4309.617s][info][gc,heap        ] GC(1204) Old regions: 507->539
[4309.617s][info][gc,heap        ] GC(1204) Humongous regions: 80->80
[4309.617s][info][gc,metaspace   ] GC(1204) Metaspace: 28882K(29248K)->28882K(29248K) NonClass: 24015K(24192K)->24015K(24192K) Class: 4867K(5056K)->4867K(5056K)
[4309.617s][info][gc             ] GC(1204) Pause Young (Prepare Mixed) (G1 Evacuation Pause) 3628M->1452M(4096M) 116.508ms
[4309.617s][info][gc,cpu         ] GC(1204) User=0.69s Sys=0.00s Real=0.12s
...[4311.966s][info][gc,start       ] GC(1205) Pause Young (Mixed) (G1 Evacuation Pause)
[4311.966s][info][gc,task        ] GC(1205) Using 6 workers of 6 for evacuation
[4312.099s][info][gc,phases      ] GC(1205)   Pre Evacuate Collection Set: 0.38ms
[4312.099s][info][gc,phases      ] GC(1205)   Merge Heap Roots: 0.64ms
[4312.099s][info][gc,phases      ] GC(1205)   Evacuate Collection Set: 131.39ms
[4312.099s][info][gc,phases      ] GC(1205)   Post Evacuate Collection Set: 0.98ms
[4312.099s][info][gc,phases      ] GC(1205)   Other: 0.09ms
[4312.099s][info][gc,heap        ] GC(1205) Eden regions: 1110->0(1118)
[4312.099s][info][gc,heap        ] GC(1205) Survivor regions: 108->110(153)
[4312.099s][info][gc,heap        ] GC(1205) Old regions: 539->473
[4312.099s][info][gc,heap        ] GC(1205) Humongous regions: 80->80
[4312.099s][info][gc,metaspace   ] GC(1205) Metaspace: 28882K(29248K)->28882K(29248K) NonClass: 24015K(24192K)->24015K(24192K) Class: 4867K(5056K)->4867K(5056K)
[4312.099s][info][gc             ] GC(1205) Pause Young (Mixed) (G1 Evacuation Pause) 3672M->1324M(4096M) 133.609ms
[4312.099s][info][gc,cpu         ] GC(1205) User=0.79s Sys=0.00s Real=0.14s
. (rIR:aIR:PR = 7610:7592:7593) (tPR = 112122) [OK] 
  4312s: Performance info:
         Transaction,    Success,    Partial,     Failed,   Receipts, AvgBarcode, 
             Overall,     463045,          0,          0,     439837,      59.47, 
         Response times:
             Request,    Success,    Partial,     Failed,   SkipFail,     Probes,    Samples,      min,      p50,      p90,      p95,      p99,      max, 
       TotalPurchase,     439846,          0,          0,          0,     359846,     408247,      300,     6600,    74000,   112000,   194000,   378000,
     InStorePurchase,     231127,          0,          0,          0,     189656,     214736,      300,     6600,    74000,   113000,   195000,   378000,
      OnlinePurchase,     162151,          0,          0,          0,     132474,     150390,      300,     6600,    74000,   112000,   195000,   378000,
        InstPurchase,      46568,          0,          0,          0,      37716,      43121,      400,     6300,    71000,   108000,   187000,   370000,
          AssocOfCat,        465,          0,          0,          0,        378,        496,    24000,    37000,   106900,   154300,   195120,   228000,
      AssocOfProduct,       4649,          0,          0,          0,       4376,       5251,      600,     6400,    71000,   111000,   191480,   276000,
      BusinessReport,       1159,          0,          0,          0,       1067,       1316,    28000,    46000,   144000,   191300,   269660,   332000,
          CustBuyBeh,       4645,          0,          0,          0,       4287,       5120,      200,     7300,    72000,   110000,   196790,   370000,
       ProductReturn,      12290,          0,          0,          0,       9372,      10849,      200,     4500,    63000,    98000,   184500,   363000,

  4312s: (56%)   IR =   7749 .[4314.443s][info][gc,start       ] GC(1206) Pause Young (Concurrent Start) (G1 Evacuation Pause)
[4314.443s][info][gc,task        ] GC(1206) Using 6 workers of 6 for evacuation
[4314.561s][info][gc,phases      ] GC(1206)   Pre Evacuate Collection Set: 0.40ms
[4314.561s][info][gc,phases      ] GC(1206)   Merge Heap Roots: 0.47ms
[4314.561s][info][gc,phases      ] GC(1206)   Evacuate Collection Set: 116.26ms
[4314.561s][info][gc,phases      ] GC(1206)   Post Evacuate Collection Set: 0.88ms
[4314.561s][info][gc,phases      ] GC(1206)   Other: 0.11ms
[4314.561s][info][gc,heap        ] GC(1206) Eden regions: 1118->0(1119)
[4314.561s][info][gc,heap        ] GC(1206) Survivor regions: 110->109(154)
[4314.561s][info][gc,heap        ] GC(1206) Old regions: 473->506
[4314.561s][info][gc,heap        ] GC(1206) Humongous regions: 80->80
[4314.561s][info][gc,metaspace   ] GC(1206) Metaspace: 28882K(29248K)->28882K(29248K) NonClass: 24015K(24192K)->24015K(24192K) Class: 4867K(5056K)->4867K(5056K)
[4314.561s][info][gc             ] GC(1206) Pause Young (Concurrent Start) (G1 Evacuation Pause) 3560M->1387M(4096M) 118.272ms
[4314.561s][info][gc             ] GC(1207) Concurrent Mark Cycle
[4314.561s][info][gc,marking     ] GC(1207) Concurrent Scan Root Regions
[4314.561s][info][gc,cpu         ] GC(1206) User=0.69s Sys=0.00s Real=0.12s
[4314.741s][info][gc,marking     ] GC(1207) Concurrent Scan Root Regions 179.836ms
[4314.741s][info][gc,marking     ] GC(1207) Concurrent Mark
[4314.741s][info][gc,marking     ] GC(1207) Concurrent Mark From Roots
[4314.741s][info][gc,task        ] GC(1207) Using 2 workers of 2 for marking
.[4315.701s][info][gc,marking     ] GC(1207) Concurrent Mark From Roots 960.528ms
[4315.701s][info][gc,marking     ] GC(1207) Concurrent Preclean
[4315.701s][info][gc,marking     ] GC(1207) Concurrent Preclean 0.122ms
[4315.703s][info][gc,start       ] GC(1207) Pause Remark
[4315.708s][info][gc             ] GC(1207) Pause Remark 2475M->2475M(4096M) 5.071ms
[4315.708s][info][gc,cpu         ] GC(1207) User=0.03s Sys=0.00s Real=0.01s
[4315.708s][info][gc,marking     ] GC(1207) Concurrent Mark 967.568ms
[4315.708s][info][gc,marking     ] GC(1207) Concurrent Rebuild Remembered Sets and Scrub Regions
.[4316.035s][info][gc,marking     ] GC(1207) Concurrent Rebuild Remembered Sets and Scrub Regions 326.319ms
[4316.035s][info][gc,start       ] GC(1207) Pause Cleanup
[4316.035s][info][gc             ] GC(1207) Pause Cleanup 2777M->2777M(4096M) 0.119ms
[4316.035s][info][gc,cpu         ] GC(1207) User=0.00s Sys=0.00s Real=0.00s
[4316.035s][info][gc,marking     ] GC(1207) Concurrent Clear Claimed Marks
[4316.035s][info][gc,marking     ] GC(1207) Concurrent Clear Claimed Marks 0.027ms
[4316.035s][info][gc,marking     ] GC(1207) Concurrent Cleanup for Next Mark
[4316.041s][info][gc,marking     ] GC(1207) Concurrent Cleanup for Next Mark 5.636ms
[4316.041s][info][gc             ] GC(1207) Concurrent Mark Cycle 1480.016ms
[4316.888s][info][gc,start       ] GC(1208) Pause Young (Prepare Mixed) (G1 Evacuation Pause)
[4316.888s][info][gc,task        ] GC(1208) Using 6 workers of 6 for evacuation
[4317.008s][info][gc,phases      ] GC(1208)   Pre Evacuate Collection Set: 0.36ms
[4317.008s][info][gc,phases      ] GC(1208)   Merge Heap Roots: 0.55ms
[4317.008s][info][gc,phases      ] GC(1208)   Evacuate Collection Set: 116.50ms
[4317.008s][info][gc,phases      ] GC(1208)   Post Evacuate Collection Set: 1.00ms
[4317.008s][info][gc,phases      ] GC(1208)   Other: 0.85ms
[4317.008s][info][gc,heap        ] GC(1208) Eden regions: 1119->0(1107)
[4317.008s][info][gc,heap        ] GC(1208) Survivor regions: 109->110(154)
[4317.008s][info][gc,heap        ] GC(1208) Old regions: 506->538
[4317.008s][info][gc,heap        ] GC(1208) Humongous regions: 80->80
[4317.008s][info][gc,metaspace   ] GC(1208) Metaspace: 28882K(29248K)->28882K(29248K) NonClass: 24015K(24192K)->24015K(24192K) Class: 4867K(5056K)->4867K(5056K)
[4317.008s][info][gc             ] GC(1208) Pause Young (Prepare Mixed) (G1 Evacuation Pause) 3625M->1454M(4096M) 119.384ms
[4317.008s][info][gc,cpu         ] GC(1208) User=0.70s Sys=0.00s Real=0.12s
...[4319.289s][info][gc,start       ] GC(1209) Pause Young (Mixed) (G1 Evacuation Pause)
[4319.289s][info][gc,task        ] GC(1209) Using 6 workers of 6 for evacuation
[4319.430s][info][gc,phases      ] GC(1209)   Pre Evacuate Collection Set: 0.32ms
[4319.430s][info][gc,phases      ] GC(1209)   Merge Heap Roots: 0.73ms
[4319.430s][info][gc,phases      ] GC(1209)   Evacuate Collection Set: 139.62ms
[4319.430s][info][gc,phases      ] GC(1209)   Post Evacuate Collection Set: 0.96ms
[4319.430s][info][gc,phases      ] GC(1209)   Other: 0.09ms
[4319.430s][info][gc,heap        ] GC(1209) Eden regions: 1107->0(1113)
[4319.430s][info][gc,heap        ] GC(1209) Survivor regions: 110->115(153)
[4319.430s][info][gc,heap        ] GC(1209) Old regions: 538->474
[4319.430s][info][gc,heap        ] GC(1209) Humongous regions: 80->80
[4319.430s][info][gc,metaspace   ] GC(1209) Metaspace: 28882K(29248K)->28882K(29248K) NonClass: 24015K(24192K)->24015K(24192K) Class: 4867K(5056K)->4867K(5056K)
[4319.431s][info][gc             ] GC(1209) Pause Young (Mixed) (G1 Evacuation Pause) 3668M->1337M(4096M) 141.867ms
[4319.431s][info][gc,cpu         ] GC(1209) User=0.83s Sys=0.00s Real=0.14s
..[4321.746s][info][gc,start       ] GC(1210) Pause Young (Concurrent Start) (G1 Evacuation Pause)
[4321.746s][info][gc,task        ] GC(1210) Using 6 workers of 6 for evacuation
[4321.862s][info][gc,phases      ] GC(1210)   Pre Evacuate Collection Set: 0.37ms
[4321.862s][info][gc,phases      ] GC(1210)   Merge Heap Roots: 0.45ms
[4321.862s][info][gc,phases      ] GC(1210)   Evacuate Collection Set: 114.57ms
[4321.862s][info][gc,phases      ] GC(1210)   Post Evacuate Collection Set: 0.92ms
[4321.862s][info][gc,phases      ] GC(1210)   Other: 0.12ms
[4321.862s][info][gc,heap        ] GC(1210) Eden regions: 1113->0(1120)
[4321.862s][info][gc,heap        ] GC(1210) Survivor regions: 115->108(154)
[4321.862s][info][gc,heap        ] GC(1210) Old regions: 474->507
[4321.862s][info][gc,heap        ] GC(1210) Humongous regions: 80->80
[4321.862s][info][gc,metaspace   ] GC(1210) Metaspace: 28882K(29248K)->28882K(29248K) NonClass: 24015K(24192K)->24015K(24192K) Class: 4867K(5056K)->4867K(5056K)
[4321.863s][info][gc             ] GC(1210) Pause Young (Concurrent Start) (G1 Evacuation Pause) 3563M->1388M(4096M) 116.560ms
[4321.863s][info][gc             ] GC(1211) Concurrent Mark Cycle
[4321.863s][info][gc,marking     ] GC(1211) Concurrent Scan Root Regions
[4321.863s][info][gc,cpu         ] GC(1210) User=0.69s Sys=0.00s Real=0.12s
[4322.001s][info][gc,marking     ] GC(1211) Concurrent Scan Root Regions 138.835ms
[4322.001s][info][gc,marking     ] GC(1211) Concurrent Mark
[4322.001s][info][gc,marking     ] GC(1211) Concurrent Mark From Roots
[4322.001s][info][gc,task        ] GC(1211) Using 2 workers of 2 for marking
.[4322.701s][info][gc,marking     ] GC(1211) Concurrent Mark From Roots 699.042ms
[4322.701s][info][gc,marking     ] GC(1211) Concurrent Preclean
[4322.701s][info][gc,marking     ] GC(1211) Concurrent Preclean 0.104ms
[4322.703s][info][gc,start       ] GC(1211) Pause Remark
[4322.708s][info][gc             ] GC(1211) Pause Remark 2146M->2146M(4096M) 4.732ms
[4322.708s][info][gc,cpu         ] GC(1211) User=0.03s Sys=0.00s Real=0.01s
[4322.708s][info][gc,marking     ] GC(1211) Concurrent Mark 706.175ms
[4322.708s][info][gc,marking     ] GC(1211) Concurrent Rebuild Remembered Sets and Scrub Regions
[4323.023s][info][gc,marking     ] GC(1211) Concurrent Rebuild Remembered Sets and Scrub Regions 315.319ms
[4323.026s][info][gc,start       ] GC(1211) Pause Cleanup
[4323.026s][info][gc             ] GC(1211) Pause Cleanup 2452M->2452M(4096M) 0.133ms
[4323.026s][info][gc,cpu         ] GC(1211) User=0.00s Sys=0.00s Real=0.00s
[4323.026s][info][gc,marking     ] GC(1211) Concurrent Clear Claimed Marks
[4323.026s][info][gc,marking     ] GC(1211) Concurrent Clear Claimed Marks 0.021ms
[4323.026s][info][gc,marking     ] GC(1211) Concurrent Cleanup for Next Mark
[4323.031s][info][gc,marking     ] GC(1211) Concurrent Cleanup for Next Mark 4.788ms
[4323.031s][info][gc             ] GC(1211) Concurrent Mark Cycle 1168.148ms
..[4324.226s][info][gc,start       ] GC(1212) Pause Young (Prepare Mixed) (G1 Evacuation Pause)
[4324.226s][info][gc,task        ] GC(1212) Using 6 workers of 6 for evacuation
[4324.349s][info][gc,phases      ] GC(1212)   Pre Evacuate Collection Set: 0.34ms
[4324.349s][info][gc,phases      ] GC(1212)   Merge Heap Roots: 0.49ms
[4324.349s][info][gc,phases      ] GC(1212)   Evacuate Collection Set: 120.88ms
[4324.349s][info][gc,phases      ] GC(1212)   Post Evacuate Collection Set: 0.93ms
[4324.349s][info][gc,phases      ] GC(1212)   Other: 0.09ms
[4324.349s][info][gc,heap        ] GC(1212) Eden regions: 1120->0(1097)
[4324.349s][info][gc,heap        ] GC(1212) Survivor regions: 108->115(154)
[4324.349s][info][gc,heap        ] GC(1212) Old regions: 507->538
[4324.349s][info][gc,heap        ] GC(1212) Humongous regions: 80->80
[4324.349s][info][gc,metaspace   ] GC(1212) Metaspace: 28882K(29248K)->28882K(29248K) NonClass: 24015K(24192K)->24015K(24192K) Class: 4867K(5056K)->4867K(5056K)
[4324.349s][info][gc             ] GC(1212) Pause Young (Prepare Mixed) (G1 Evacuation Pause) 3628M->1463M(4096M) 122.877ms
[4324.349s][info][gc,cpu         ] GC(1212) User=0.73s Sys=0.00s Real=0.13s
.|.[4326.585s][info][gc,start       ] GC(1213) Pause Young (Mixed) (G1 Evacuation Pause)
[4326.585s][info][gc,task        ] GC(1213) Using 6 workers of 6 for evacuation
[4326.723s][info][gc,phases      ] GC(1213)   Pre Evacuate Collection Set: 0.35ms
[4326.723s][info][gc,phases      ] GC(1213)   Merge Heap Roots: 0.61ms
[4326.723s][info][gc,phases      ] GC(1213)   Evacuate Collection Set: 136.22ms
[4326.723s][info][gc,phases      ] GC(1213)   Post Evacuate Collection Set: 0.95ms
[4326.723s][info][gc,phases      ] GC(1213)   Other: 0.08ms
[4326.723s][info][gc,heap        ] GC(1213) Eden regions: 1097->0(1116)
[4326.723s][info][gc,heap        ] GC(1213) Survivor regions: 115->112(152)
[4326.723s][info][gc,heap        ] GC(1213) Old regions: 538->473
[4326.723s][info][gc,heap        ] GC(1213) Humongous regions: 80->80
[4326.723s][info][gc,metaspace   ] GC(1213) Metaspace: 28882K(29248K)->28882K(29248K) NonClass: 24015K(24192K)->24015K(24192K) Class: 4867K(5056K)->4867K(5056K)
[4326.723s][info][gc             ] GC(1213) Pause Young (Mixed) (G1 Evacuation Pause) 3657M->1329M(4096M) 138.339ms
[4326.723s][info][gc,cpu         ] GC(1213) User=0.82s Sys=0.00s Real=0.14s
..[4328.956s][info][gc,start       ] GC(1214) Pause Young (Concurrent Start) (G1 Evacuation Pause)
[4328.956s][info][gc,task        ] GC(1214) Using 6 workers of 6 for evacuation
[4329.075s][info][gc,phases      ] GC(1214)   Pre Evacuate Collection Set: 0.36ms
[4329.075s][info][gc,phases      ] GC(1214)   Merge Heap Roots: 0.46ms
[4329.075s][info][gc,phases      ] GC(1214)   Evacuate Collection Set: 117.29ms
[4329.075s][info][gc,phases      ] GC(1214)   Post Evacuate Collection Set: 0.91ms
[4329.075s][info][gc,phases      ] GC(1214)   Other: 0.09ms
[4329.075s][info][gc,heap        ] GC(1214) Eden regions: 1116->0(1117)
[4329.075s][info][gc,heap        ] GC(1214) Survivor regions: 112->111(154)
[4329.075s][info][gc,heap        ] GC(1214) Old regions: 473->505
[4329.075s][info][gc,heap        ] GC(1214) Humongous regions: 80->80
[4329.075s][info][gc,metaspace   ] GC(1214) Metaspace: 28882K(29248K)->28882K(29248K) NonClass: 24015K(24192K)->24015K(24192K) Class: 4867K(5056K)->4867K(5056K)
[4329.075s][info][gc             ] GC(1214) Pause Young (Concurrent Start) (G1 Evacuation Pause) 3561M->1390M(4096M) 119.242ms
[4329.075s][info][gc             ] GC(1215) Concurrent Mark Cycle
[4329.075s][info][gc,marking     ] GC(1215) Concurrent Scan Root Regions
[4329.075s][info][gc,cpu         ] GC(1214) User=0.70s Sys=0.01s Real=0.12s
[4329.257s][info][gc,marking     ] GC(1215) Concurrent Scan Root Regions 182.217ms
[4329.257s][info][gc,marking     ] GC(1215) Concurrent Mark
[4329.257s][info][gc,marking     ] GC(1215) Concurrent Mark From Roots
[4329.257s][info][gc,task        ] GC(1215) Using 2 workers of 2 for marking
.[4330.215s][info][gc,marking     ] GC(1215) Concurrent Mark From Roots 958.037ms
[4330.216s][info][gc,marking     ] GC(1215) Concurrent Preclean
[4330.216s][info][gc,marking     ] GC(1215) Concurrent Preclean 0.109ms
[4330.217s][info][gc,start       ] GC(1215) Pause Remark
[4330.222s][info][gc             ] GC(1215) Pause Remark 2466M->2466M(4096M) 4.502ms
[4330.222s][info][gc,cpu         ] GC(1215) User=0.02s Sys=0.00s Real=0.00s
[4330.222s][info][gc,marking     ] GC(1215) Concurrent Mark 964.854ms
[4330.222s][info][gc,marking     ] GC(1215) Concurrent Rebuild Remembered Sets and Scrub Regions
.[4330.595s][info][gc,marking     ] GC(1215) Concurrent Rebuild Remembered Sets and Scrub Regions 372.994ms
[4330.595s][info][gc,start       ] GC(1215) Pause Cleanup
[4330.596s][info][gc             ] GC(1215) Pause Cleanup 2844M->2844M(4096M) 0.109ms
[4330.596s][info][gc,cpu         ] GC(1215) User=0.00s Sys=0.00s Real=0.00s
[4330.596s][info][gc,marking     ] GC(1215) Concurrent Clear Claimed Marks
[4330.596s][info][gc,marking     ] GC(1215) Concurrent Clear Claimed Marks 0.030ms
[4330.596s][info][gc,marking     ] GC(1215) Concurrent Cleanup for Next Mark
[4330.607s][info][gc,marking     ] GC(1215) Concurrent Cleanup for Next Mark 11.360ms
[4330.607s][info][gc             ] GC(1215) Concurrent Mark Cycle 1531.975ms
.[4331.461s][info][gc,start       ] GC(1216) Pause Young (Prepare Mixed) (G1 Evacuation Pause)
[4331.462s][info][gc,task        ] GC(1216) Using 6 workers of 6 for evacuation
[4331.577s][info][gc,phases      ] GC(1216)   Pre Evacuate Collection Set: 0.35ms
[4331.577s][info][gc,phases      ] GC(1216)   Merge Heap Roots: 0.48ms
[4331.577s][info][gc,phases      ] GC(1216)   Evacuate Collection Set: 113.66ms
[4331.577s][info][gc,phases      ] GC(1216)   Post Evacuate Collection Set: 0.95ms
[4331.577s][info][gc,phases      ] GC(1216)   Other: 0.09ms
[4331.577s][info][gc,heap        ] GC(1216) Eden regions: 1117->0(1112)
[4331.577s][info][gc,heap        ] GC(1216) Survivor regions: 111->108(154)
[4331.577s][info][gc,heap        ] GC(1216) Old regions: 505->537
[4331.577s][info][gc,heap        ] GC(1216) Humongous regions: 80->80
[4331.577s][info][gc,metaspace   ] GC(1216) Metaspace: 28882K(29248K)->28882K(29248K) NonClass: 24015K(24192K)->24015K(24192K) Class: 4867K(5056K)->4867K(5056K)
[4331.577s][info][gc             ] GC(1216) Pause Young (Prepare Mixed) (G1 Evacuation Pause) 3624M->1449M(4096M) 115.662ms
[4331.577s][info][gc,cpu         ] GC(1216) User=0.68s Sys=0.00s Real=0.12s
..[4333.933s][info][gc,start       ] GC(1217) Pause Young (Mixed) (G1 Evacuation Pause)
[4333.933s][info][gc,task        ] GC(1217) Using 6 workers of 6 for evacuation
[4334.068s][info][gc,phases      ] GC(1217)   Pre Evacuate Collection Set: 0.37ms
[4334.068s][info][gc,phases      ] GC(1217)   Merge Heap Roots: 0.67ms
[4334.068s][info][gc,phases      ] GC(1217)   Evacuate Collection Set: 133.38ms
[4334.068s][info][gc,phases      ] GC(1217)   Post Evacuate Collection Set: 0.96ms
[4334.068s][info][gc,phases      ] GC(1217)   Other: 0.09ms
[4334.068s][info][gc,heap        ] GC(1217) Eden regions: 1112->0(1117)
[4334.068s][info][gc,heap        ] GC(1217) Survivor regions: 108->111(153)
[4334.068s][info][gc,heap        ] GC(1217) Old regions: 537->474
[4334.068s][info][gc,heap        ] GC(1217) Humongous regions: 80->80
[4334.069s][info][gc,metaspace   ] GC(1217) Metaspace: 28882K(29248K)->28882K(29248K) NonClass: 24015K(24192K)->24015K(24192K) Class: 4867K(5056K)->4867K(5056K)
[4334.069s][info][gc             ] GC(1217) Pause Young (Mixed) (G1 Evacuation Pause) 3673M->1329M(4096M) 135.601ms
[4334.069s][info][gc,cpu         ] GC(1217) User=0.80s Sys=0.00s Real=0.14s
..[4336.305s][info][gc,start       ] GC(1218) Pause Young (Concurrent Start) (G1 Evacuation Pause)
[4336.305s][info][gc,task        ] GC(1218) Using 6 workers of 6 for evacuation
[4336.423s][info][gc,phases      ] GC(1218)   Pre Evacuate Collection Set: 0.38ms
[4336.423s][info][gc,phases      ] GC(1218)   Merge Heap Roots: 0.45ms
[4336.423s][info][gc,phases      ] GC(1218)   Evacuate Collection Set: 116.71ms
[4336.423s][info][gc,phases      ] GC(1218)   Post Evacuate Collection Set: 0.89ms
[4336.423s][info][gc,phases      ] GC(1218)   Other: 0.10ms
[4336.423s][info][gc,heap        ] GC(1218) Eden regions: 1117->0(1117)
[4336.423s][info][gc,heap        ] GC(1218) Survivor regions: 111->111(154)
[4336.423s][info][gc,heap        ] GC(1218) Old regions: 474->507
[4336.423s][info][gc,heap        ] GC(1218) Humongous regions: 80->80
[4336.423s][info][gc,metaspace   ] GC(1218) Metaspace: 28882K(29248K)->28882K(29248K) NonClass: 24015K(24192K)->24015K(24192K) Class: 4867K(5056K)->4867K(5056K)
[4336.423s][info][gc             ] GC(1218) Pause Young (Concurrent Start) (G1 Evacuation Pause) 3563M->1393M(4096M) 118.653ms
[4336.424s][info][gc             ] GC(1219) Concurrent Mark Cycle
[4336.424s][info][gc,marking     ] GC(1219) Concurrent Scan Root Regions
[4336.424s][info][gc,cpu         ] GC(1218) User=0.70s Sys=0.01s Real=0.12s
.[4336.551s][info][gc,marking     ] GC(1219) Concurrent Scan Root Regions 127.883ms
[4336.551s][info][gc,marking     ] GC(1219) Concurrent Mark
[4336.551s][info][gc,marking     ] GC(1219) Concurrent Mark From Roots
[4336.551s][info][gc,task        ] GC(1219) Using 2 workers of 2 for marking
[4337.187s][info][gc,marking     ] GC(1219) Concurrent Mark From Roots 635.968ms
[4337.188s][info][gc,marking     ] GC(1219) Concurrent Preclean
[4337.188s][info][gc,marking     ] GC(1219) Concurrent Preclean 0.104ms
[4337.191s][info][gc,start       ] GC(1219) Pause Remark
[4337.194s][info][gc             ] GC(1219) Pause Remark 2103M->2103M(4096M) 2.563ms
[4337.194s][info][gc,cpu         ] GC(1219) User=0.01s Sys=0.00s Real=0.00s
[4337.194s][info][gc,marking     ] GC(1219) Concurrent Mark 642.699ms
[4337.194s][info][gc,marking     ] GC(1219) Concurrent Rebuild Remembered Sets and Scrub Regions
[4337.432s][info][gc,marking     ] GC(1219) Concurrent Rebuild Remembered Sets and Scrub Regions 238.165ms
[4337.433s][info][gc,start       ] GC(1219) Pause Cleanup
[4337.433s][info][gc             ] GC(1219) Pause Cleanup 2364M->2364M(4096M) 0.778ms
[4337.433s][info][gc,cpu         ] GC(1219) User=0.00s Sys=0.00s Real=0.00s
[4337.433s][info][gc,marking     ] GC(1219) Concurrent Clear Claimed Marks
[4337.433s][info][gc,marking     ] GC(1219) Concurrent Clear Claimed Marks 0.023ms
[4337.433s][info][gc,marking     ] GC(1219) Concurrent Cleanup for Next Mark
[4337.439s][info][gc,marking     ] GC(1219) Concurrent Cleanup for Next Mark 5.155ms
[4337.439s][info][gc             ] GC(1219) Concurrent Mark Cycle 1015.108ms
..[4338.681s][info][gc,start       ] GC(1220) Pause Young (Prepare Mixed) (G1 Evacuation Pause)
[4338.681s][info][gc,task        ] GC(1220) Using 6 workers of 6 for evacuation
[4338.800s][info][gc,phases      ] GC(1220)   Pre Evacuate Collection Set: 0.31ms
[4338.800s][info][gc,phases      ] GC(1220)   Merge Heap Roots: 0.51ms
[4338.800s][info][gc,phases      ] GC(1220)   Evacuate Collection Set: 116.95ms
[4338.800s][info][gc,phases      ] GC(1220)   Post Evacuate Collection Set: 0.93ms
[4338.800s][info][gc,phases      ] GC(1220)   Other: 0.08ms
[4338.800s][info][gc,heap        ] GC(1220) Eden regions: 1117->0(1107)
[4338.800s][info][gc,heap        ] GC(1220) Survivor regions: 111->110(154)
[4338.800s][info][gc,heap        ] GC(1220) Old regions: 507->538
[4338.800s][info][gc,heap        ] GC(1220) Humongous regions: 80->80
[4338.800s][info][gc,metaspace   ] GC(1220) Metaspace: 28882K(29248K)->28882K(29248K) NonClass: 24015K(24192K)->24015K(24192K) Class: 4867K(5056K)->4867K(5056K)
[4338.800s][info][gc             ] GC(1220) Pause Young (Prepare Mixed) (G1 Evacuation Pause) 3627M->1454M(4096M) 118.914ms
[4338.800s][info][gc,cpu         ] GC(1220) User=0.70s Sys=0.01s Real=0.12s
..[4341.095s][info][gc,start       ] GC(1221) Pause Young (Mixed) (G1 Evacuation Pause)
[4341.095s][info][gc,task        ] GC(1221) Using 6 workers of 6 for evacuation
[4341.233s][info][gc,phases      ] GC(1221)   Pre Evacuate Collection Set: 0.38ms
[4341.233s][info][gc,phases      ] GC(1221)   Merge Heap Roots: 0.63ms
[4341.233s][info][gc,phases      ] GC(1221)   Evacuate Collection Set: 135.66ms
[4341.233s][info][gc,phases      ] GC(1221)   Post Evacuate Collection Set: 0.95ms
[4341.233s][info][gc,phases      ] GC(1221)   Other: 0.10ms
[4341.233s][info][gc,heap        ] GC(1221) Eden regions: 1107->0(1114)
[4341.233s][info][gc,heap        ] GC(1221) Survivor regions: 110->114(153)
[4341.233s][info][gc,heap        ] GC(1221) Old regions: 538->473
[4341.233s][info][gc,heap        ] GC(1221) Humongous regions: 80->80
[4341.233s][info][gc,metaspace   ] GC(1221) Metaspace: 28882K(29248K)->28882K(29248K) NonClass: 24015K(24192K)->24015K(24192K) Class: 4867K(5056K)->4867K(5056K)
[4341.233s][info][gc             ] GC(1221) Pause Young (Mixed) (G1 Evacuation Pause) 3668M->1332M(4096M) 137.856ms
[4341.233s][info][gc,cpu         ] GC(1221) User=0.82s Sys=0.00s Real=0.14s
..[4343.459s][info][gc,start       ] GC(1222) Pause Young (Concurrent Start) (G1 Evacuation Pause)
[4343.459s][info][gc,task        ] GC(1222) Using 6 workers of 6 for evacuation
[4343.578s][info][gc,phases      ] GC(1222)   Pre Evacuate Collection Set: 0.41ms
[4343.578s][info][gc,phases      ] GC(1222)   Merge Heap Roots: 0.43ms
[4343.578s][info][gc,phases      ] GC(1222)   Evacuate Collection Set: 116.49ms
[4343.578s][info][gc,phases      ] GC(1222)   Post Evacuate Collection Set: 0.87ms
[4343.578s][info][gc,phases      ] GC(1222)   Other: 0.12ms
[4343.578s][info][gc,heap        ] GC(1222) Eden regions: 1114->0(1118)
[4343.578s][info][gc,heap        ] GC(1222) Survivor regions: 114->110(154)
[4343.578s][info][gc,heap        ] GC(1222) Old regions: 473->505
[4343.578s][info][gc,heap        ] GC(1222) Humongous regions: 80->80
[4343.578s][info][gc,metaspace   ] GC(1222) Metaspace: 28882K(29248K)->28882K(29248K) NonClass: 24015K(24192K)->24015K(24192K) Class: 4867K(5056K)->4867K(5056K)
[4343.578s][info][gc             ] GC(1222) Pause Young (Concurrent Start) (G1 Evacuation Pause) 3560M->1388M(4096M) 118.463ms
[4343.578s][info][gc             ] GC(1223) Concurrent Mark Cycle
[4343.578s][info][gc,marking     ] GC(1223) Concurrent Scan Root Regions
[4343.578s][info][gc,cpu         ] GC(1222) User=0.70s Sys=0.00s Real=0.12s
.[4343.764s][info][gc,marking     ] GC(1223) Concurrent Scan Root Regions 186.467ms
[4343.764s][info][gc,marking     ] GC(1223) Concurrent Mark
[4343.764s][info][gc,marking     ] GC(1223) Concurrent Mark From Roots
[4343.764s][info][gc,task        ] GC(1223) Using 2 workers of 2 for marking
.[4344.720s][info][gc,marking     ] GC(1223) Concurrent Mark From Roots 955.783ms
[4344.720s][info][gc,marking     ] GC(1223) Concurrent Preclean
[4344.720s][info][gc,marking     ] GC(1223) Concurrent Preclean 0.108ms
[4344.722s][info][gc,start       ] GC(1223) Pause Remark
[4344.727s][info][gc             ] GC(1223) Pause Remark 2520M->2520M(4096M) 5.100ms
[4344.727s][info][gc,cpu         ] GC(1223) User=0.03s Sys=0.00s Real=0.01s
[4344.728s][info][gc,marking     ] GC(1223) Concurrent Mark 963.730ms
[4344.728s][info][gc,marking     ] GC(1223) Concurrent Rebuild Remembered Sets and Scrub Regions
[4345.138s][info][gc,marking     ] GC(1223) Concurrent Rebuild Remembered Sets and Scrub Regions 410.459ms
[4345.141s][info][gc,start       ] GC(1223) Pause Cleanup
[4345.141s][info][gc             ] GC(1223) Pause Cleanup 2918M->2918M(4096M) 0.142ms
[4345.141s][info][gc,cpu         ] GC(1223) User=0.00s Sys=0.00s Real=0.00s
[4345.141s][info][gc,marking     ] GC(1223) Concurrent Clear Claimed Marks
[4345.141s][info][gc,marking     ] GC(1223) Concurrent Clear Claimed Marks 0.030ms
[4345.141s][info][gc,marking     ] GC(1223) Concurrent Cleanup for Next Mark
[4345.148s][info][gc,marking     ] GC(1223) Concurrent Cleanup for Next Mark 7.442ms
[4345.149s][info][gc             ] GC(1223) Concurrent Mark Cycle 1570.947ms
.[4345.897s][info][gc,start       ] GC(1224) Pause Young (Prepare Mixed) (G1 Evacuation Pause)
[4345.897s][info][gc,task        ] GC(1224) Using 6 workers of 6 for evacuation
[4346.021s][info][gc,phases      ] GC(1224)   Pre Evacuate Collection Set: 0.30ms
[4346.021s][info][gc,phases      ] GC(1224)   Merge Heap Roots: 0.49ms
[4346.021s][info][gc,phases      ] GC(1224)   Evacuate Collection Set: 122.66ms
[4346.021s][info][gc,phases      ] GC(1224)   Post Evacuate Collection Set: 0.98ms
[4346.021s][info][gc,phases      ] GC(1224)   Other: 0.08ms
[4346.021s][info][gc,heap        ] GC(1224) Eden regions: 1118->0(1099)
[4346.021s][info][gc,heap        ] GC(1224) Survivor regions: 110->114(154)
[4346.021s][info][gc,heap        ] GC(1224) Old regions: 505->538
[4346.021s][info][gc,heap        ] GC(1224) Humongous regions: 80->80
[4346.021s][info][gc,metaspace   ] GC(1224) Metaspace: 28882K(29248K)->28882K(29248K) NonClass: 24015K(24192K)->24015K(24192K) Class: 4867K(5056K)->4867K(5056K)
[4346.021s][info][gc             ] GC(1224) Pause Young (Prepare Mixed) (G1 Evacuation Pause) 3624M->1463M(4096M) 124.638ms
[4346.021s][info][gc,cpu         ] GC(1224) User=0.73s Sys=0.00s Real=0.13s
..[4348.249s][info][gc,start       ] GC(1225) Pause Young (Mixed) (G1 Evacuation Pause)
[4348.249s][info][gc,task        ] GC(1225) Using 6 workers of 6 for evacuation
[4348.386s][info][gc,phases      ] GC(1225)   Pre Evacuate Collection Set: 0.38ms
[4348.386s][info][gc,phases      ] GC(1225)   Merge Heap Roots: 0.68ms
[4348.386s][info][gc,phases      ] GC(1225)   Evacuate Collection Set: 135.31ms
[4348.386s][info][gc,phases      ] GC(1225)   Post Evacuate Collection Set: 0.94ms
[4348.386s][info][gc,phases      ] GC(1225)   Other: 0.10ms
[4348.386s][info][gc,heap        ] GC(1225) Eden regions: 1099->0(1115)
[4348.386s][info][gc,heap        ] GC(1225) Survivor regions: 114->113(152)
[4348.386s][info][gc,heap        ] GC(1225) Old regions: 538->474
[4348.386s][info][gc,heap        ] GC(1225) Humongous regions: 80->80
[4348.386s][info][gc,metaspace   ] GC(1225) Metaspace: 28882K(29248K)->28882K(29248K) NonClass: 24015K(24192K)->24015K(24192K) Class: 4867K(5056K)->4867K(5056K)
[4348.386s][info][gc             ] GC(1225) Pause Young (Mixed) (G1 Evacuation Pause) 3661M->1331M(4096M) 137.563ms
[4348.386s][info][gc,cpu         ] GC(1225) User=0.82s Sys=0.00s Real=0.13s
...[4350.667s][info][gc,start       ] GC(1226) Pause Young (Concurrent Start) (G1 Evacuation Pause)
[4350.667s][info][gc,task        ] GC(1226) Using 6 workers of 6 for evacuation
[4350.787s][info][gc,phases      ] GC(1226)   Pre Evacuate Collection Set: 0.38ms
[4350.787s][info][gc,phases      ] GC(1226)   Merge Heap Roots: 0.42ms
[4350.787s][info][gc,phases      ] GC(1226)   Evacuate Collection Set: 118.87ms
[4350.787s][info][gc,phases      ] GC(1226)   Post Evacuate Collection Set: 0.94ms
[4350.787s][info][gc,phases      ] GC(1226)   Other: 0.12ms
[4350.787s][info][gc,heap        ] GC(1226) Eden regions: 1115->0(1117)
[4350.787s][info][gc,heap        ] GC(1226) Survivor regions: 113->111(154)
[4350.787s][info][gc,heap        ] GC(1226) Old regions: 474->506
[4350.787s][info][gc,heap        ] GC(1226) Humongous regions: 80->80
[4350.788s][info][gc,metaspace   ] GC(1226) Metaspace: 28882K(29248K)->28882K(29248K) NonClass: 24015K(24192K)->24015K(24192K) Class: 4867K(5056K)->4867K(5056K)
[4350.788s][info][gc             ] GC(1226) Pause Young (Concurrent Start) (G1 Evacuation Pause) 3561M->1393M(4096M) 120.865ms
[4350.788s][info][gc             ] GC(1227) Concurrent Mark Cycle
[4350.788s][info][gc,marking     ] GC(1227) Concurrent Scan Root Regions
[4350.788s][info][gc,cpu         ] GC(1226) User=0.72s Sys=0.00s Real=0.13s
[4350.968s][info][gc,marking     ] GC(1227) Concurrent Scan Root Regions 180.166ms
[4350.968s][info][gc,marking     ] GC(1227) Concurrent Mark
[4350.968s][info][gc,marking     ] GC(1227) Concurrent Mark From Roots
[4350.968s][info][gc,task        ] GC(1227) Using 2 workers of 2 for marking
.[4351.947s][info][gc,marking     ] GC(1227) Concurrent Mark From Roots 979.437ms
[4351.947s][info][gc,marking     ] GC(1227) Concurrent Preclean
[4351.947s][info][gc,marking     ] GC(1227) Concurrent Preclean 0.104ms
[4351.950s][info][gc,start       ] GC(1227) Pause Remark
[4351.956s][info][gc             ] GC(1227) Pause Remark 2481M->2481M(4096M) 5.707ms
[4351.956s][info][gc,cpu         ] GC(1227) User=0.03s Sys=0.00s Real=0.00s
[4351.956s][info][gc,marking     ] GC(1227) Concurrent Mark 988.431ms
[4351.956s][info][gc,marking     ] GC(1227) Concurrent Rebuild Remembered Sets and Scrub Regions
[4352.287s][info][gc,marking     ] GC(1227) Concurrent Rebuild Remembered Sets and Scrub Regions 330.241ms
[4352.287s][info][gc,start       ] GC(1227) Pause Cleanup
[4352.287s][info][gc             ] GC(1227) Pause Cleanup 2773M->2773M(4096M) 0.106ms
[4352.287s][info][gc,cpu         ] GC(1227) User=0.00s Sys=0.00s Real=0.00s
[4352.288s][info][gc,marking     ] GC(1227) Concurrent Clear Claimed Marks
[4352.288s][info][gc,marking     ] GC(1227) Concurrent Clear Claimed Marks 0.036ms
[4352.288s][info][gc,marking     ] GC(1227) Concurrent Cleanup for Next Mark
[4352.292s][info][gc,marking     ] GC(1227) Concurrent Cleanup for Next Mark 4.585ms
[4352.292s][info][gc             ] GC(1227) Concurrent Mark Cycle 1504.740ms
.[4353.204s][info][gc,start       ] GC(1228) Pause Young (Prepare Mixed) (G1 Evacuation Pause)
[4353.204s][info][gc,task        ] GC(1228) Using 6 workers of 6 for evacuation
[4353.322s][info][gc,phases      ] GC(1228)   Pre Evacuate Collection Set: 0.32ms
[4353.322s][info][gc,phases      ] GC(1228)   Merge Heap Roots: 0.49ms
[4353.322s][info][gc,phases      ] GC(1228)   Evacuate Collection Set: 116.10ms
[4353.322s][info][gc,phases      ] GC(1228)   Post Evacuate Collection Set: 0.94ms
[4353.322s][info][gc,phases      ] GC(1228)   Other: 0.08ms
[4353.322s][info][gc,heap        ] GC(1228) Eden regions: 1117->0(1106)
[4353.322s][info][gc,heap        ] GC(1228) Survivor regions: 111->111(154)
[4353.322s][info][gc,heap        ] GC(1228) Old regions: 506->537
[4353.322s][info][gc,heap        ] GC(1228) Humongous regions: 80->80
[4353.322s][info][gc,metaspace   ] GC(1228) Metaspace: 28882K(29248K)->28882K(29248K) NonClass: 24015K(24192K)->24015K(24192K) Class: 4867K(5056K)->4867K(5056K)
[4353.322s][info][gc             ] GC(1228) Pause Young (Prepare Mixed) (G1 Evacuation Pause) 3627M->1455M(4096M) 118.080ms
[4353.322s][info][gc,cpu         ] GC(1228) User=0.70s Sys=0.00s Real=0.12s
..[4355.626s][info][gc,start       ] GC(1229) Pause Young (Mixed) (G1 Evacuation Pause)
[4355.626s][info][gc,task        ] GC(1229) Using 6 workers of 6 for evacuation
[4355.763s][info][gc,phases      ] GC(1229)   Pre Evacuate Collection Set: 0.36ms
[4355.763s][info][gc,phases      ] GC(1229)   Merge Heap Roots: 0.74ms
[4355.763s][info][gc,phases      ] GC(1229)   Evacuate Collection Set: 134.22ms
[4355.763s][info][gc,phases      ] GC(1229)   Post Evacuate Collection Set: 0.96ms
[4355.763s][info][gc,phases      ] GC(1229)   Other: 0.09ms
[4355.763s][info][gc,heap        ] GC(1229) Eden regions: 1106->0(1119)
[4355.763s][info][gc,heap        ] GC(1229) Survivor regions: 111->109(153)
[4355.763s][info][gc,heap        ] GC(1229) Old regions: 537->472
[4355.763s][info][gc,heap        ] GC(1229) Humongous regions: 80->80
[4355.763s][info][gc,metaspace   ] GC(1229) Metaspace: 28882K(29248K)->28882K(29248K) NonClass: 24015K(24192K)->24015K(24192K) Class: 4867K(5056K)->4867K(5056K)
[4355.763s][info][gc             ] GC(1229) Pause Young (Mixed) (G1 Evacuation Pause) 3667M->1321M(4096M) 136.505ms
[4355.763s][info][gc,cpu         ] GC(1229) User=0.81s Sys=0.00s Real=0.14s
...[4358.082s][info][gc,start       ] GC(1230) Pause Young (Concurrent Start) (G1 Evacuation Pause)
[4358.082s][info][gc,task        ] GC(1230) Using 6 workers of 6 for evacuation
[4358.202s][info][gc,phases      ] GC(1230)   Pre Evacuate Collection Set: 0.37ms
[4358.202s][info][gc,phases      ] GC(1230)   Merge Heap Roots: 0.43ms
[4358.202s][info][gc,phases      ] GC(1230)   Evacuate Collection Set: 118.26ms
[4358.202s][info][gc,phases      ] GC(1230)   Post Evacuate Collection Set: 0.92ms
[4358.202s][info][gc,phases      ] GC(1230)   Other: 0.11ms
[4358.202s][info][gc,heap        ] GC(1230) Eden regions: 1119->0(1118)
[4358.202s][info][gc,heap        ] GC(1230) Survivor regions: 109->110(154)
[4358.202s][info][gc,heap        ] GC(1230) Old regions: 472->505
[4358.202s][info][gc,heap        ] GC(1230) Humongous regions: 80->80
[4358.202s][info][gc,metaspace   ] GC(1230) Metaspace: 28882K(29248K)->28882K(29248K) NonClass: 24015K(24192K)->24015K(24192K) Class: 4867K(5056K)->4867K(5056K)
[4358.203s][info][gc             ] GC(1230) Pause Young (Concurrent Start) (G1 Evacuation Pause) 3559M->1389M(4096M) 120.242ms
[4358.203s][info][gc             ] GC(1231) Concurrent Mark Cycle
[4358.203s][info][gc,marking     ] GC(1231) Concurrent Scan Root Regions
[4358.203s][info][gc,cpu         ] GC(1230) User=0.71s Sys=0.00s Real=0.12s
[4358.382s][info][gc,marking     ] GC(1231) Concurrent Scan Root Regions 179.311ms
[4358.382s][info][gc,marking     ] GC(1231) Concurrent Mark
[4358.382s][info][gc,marking     ] GC(1231) Concurrent Mark From Roots
[4358.382s][info][gc,task        ] GC(1231) Using 2 workers of 2 for marking
.[4359.366s][info][gc,marking     ] GC(1231) Concurrent Mark From Roots 983.675ms
[4359.366s][info][gc,marking     ] GC(1231) Concurrent Preclean
[4359.366s][info][gc,marking     ] GC(1231) Concurrent Preclean 0.106ms
[4359.369s][info][gc,start       ] GC(1231) Pause Remark
[4359.373s][info][gc             ] GC(1231) Pause Remark 2547M->2547M(4096M) 3.538ms
[4359.373s][info][gc,cpu         ] GC(1231) User=0.02s Sys=0.00s Real=0.00s
[4359.373s][info][gc,marking     ] GC(1231) Concurrent Mark 990.925ms
[4359.373s][info][gc,marking     ] GC(1231) Concurrent Rebuild Remembered Sets and Scrub Regions
[4359.684s][info][gc,marking     ] GC(1231) Concurrent Rebuild Remembered Sets and Scrub Regions 311.085ms
[4359.686s][info][gc,start       ] GC(1231) Pause Cleanup
[4359.686s][info][gc             ] GC(1231) Pause Cleanup 2899M->2899M(4096M) 0.142ms
[4359.686s][info][gc,cpu         ] GC(1231) User=0.00s Sys=0.00s Real=0.00s
[4359.687s][info][gc,marking     ] GC(1231) Concurrent Clear Claimed Marks
[4359.687s][info][gc,marking     ] GC(1231) Concurrent Clear Claimed Marks 0.035ms
[4359.687s][info][gc,marking     ] GC(1231) Concurrent Cleanup for Next Mark
[4359.694s][info][gc,marking     ] GC(1231) Concurrent Cleanup for Next Mark 6.999ms
[4359.694s][info][gc             ] GC(1231) Concurrent Mark Cycle 1491.263ms
.[4360.387s][info][gc,start       ] GC(1232) Pause Young (Prepare Mixed) (G1 Evacuation Pause)
[4360.387s][info][gc,task        ] GC(1232) Using 6 workers of 6 for evacuation
[4360.503s][info][gc,phases      ] GC(1232)   Pre Evacuate Collection Set: 0.34ms
[4360.503s][info][gc,phases      ] GC(1232)   Merge Heap Roots: 0.48ms
[4360.503s][info][gc,phases      ] GC(1232)   Evacuate Collection Set: 114.54ms
[4360.503s][info][gc,phases      ] GC(1232)   Post Evacuate Collection Set: 0.92ms
[4360.503s][info][gc,phases      ] GC(1232)   Other: 0.09ms
[4360.503s][info][gc,heap        ] GC(1232) Eden regions: 1118->0(1113)
[4360.503s][info][gc,heap        ] GC(1232) Survivor regions: 110->108(154)
[4360.503s][info][gc,heap        ] GC(1232) Old regions: 505->536
[4360.503s][info][gc,heap        ] GC(1232) Humongous regions: 80->80
[4360.503s][info][gc,metaspace   ] GC(1232) Metaspace: 28882K(29248K)->28882K(29248K) NonClass: 24015K(24192K)->24015K(24192K) Class: 4867K(5056K)->4867K(5056K)
[4360.503s][info][gc             ] GC(1232) Pause Young (Prepare Mixed) (G1 Evacuation Pause) 3625M->1446M(4096M) 116.499ms
[4360.503s][info][gc,cpu         ] GC(1232) User=0.69s Sys=0.00s Real=0.11s
..[4362.849s][info][gc,start       ] GC(1233) Pause Young (Mixed) (G1 Evacuation Pause)
[4362.849s][info][gc,task        ] GC(1233) Using 6 workers of 6 for evacuation
[4362.984s][info][gc,phases      ] GC(1233)   Pre Evacuate Collection Set: 0.39ms
[4362.984s][info][gc,phases      ] GC(1233)   Merge Heap Roots: 0.63ms
[4362.984s][info][gc,phases      ] GC(1233)   Evacuate Collection Set: 133.26ms
[4362.984s][info][gc,phases      ] GC(1233)   Post Evacuate Collection Set: 0.95ms
[4362.985s][info][gc,phases      ] GC(1233)   Other: 0.09ms
[4362.985s][info][gc,heap        ] GC(1233) Eden regions: 1113->0(1117)
[4362.985s][info][gc,heap        ] GC(1233) Survivor regions: 108->111(153)
[4362.985s][info][gc,heap        ] GC(1233) Old regions: 536->473
[4362.985s][info][gc,heap        ] GC(1233) Humongous regions: 80->80
[4362.985s][info][gc,metaspace   ] GC(1233) Metaspace: 28882K(29248K)->28882K(29248K) NonClass: 24015K(24192K)->24015K(24192K) Class: 4867K(5056K)->4867K(5056K)
[4362.985s][info][gc             ] GC(1233) Pause Young (Mixed) (G1 Evacuation Pause) 3672M->1325M(4096M) 135.471ms
[4362.985s][info][gc,cpu         ] GC(1233) User=0.80s Sys=0.00s Real=0.13s
...[4365.291s][info][gc,start       ] GC(1234) Pause Young (Concurrent Start) (G1 Evacuation Pause)
[4365.291s][info][gc,task        ] GC(1234) Using 6 workers of 6 for evacuation
[4365.410s][info][gc,phases      ] GC(1234)   Pre Evacuate Collection Set: 0.36ms
[4365.410s][info][gc,phases      ] GC(1234)   Merge Heap Roots: 0.43ms
[4365.410s][info][gc,phases      ] GC(1234)   Evacuate Collection Set: 117.86ms
[4365.410s][info][gc,phases      ] GC(1234)   Post Evacuate Collection Set: 0.88ms
[4365.410s][info][gc,phases      ] GC(1234)   Other: 0.11ms
[4365.410s][info][gc,heap        ] GC(1234) Eden regions: 1117->0(1118)
[4365.410s][info][gc,heap        ] GC(1234) Survivor regions: 111->110(154)
[4365.410s][info][gc,heap        ] GC(1234) Old regions: 473->505
[4365.410s][info][gc,heap        ] GC(1234) Humongous regions: 80->80
[4365.410s][info][gc,metaspace   ] GC(1234) Metaspace: 28882K(29248K)->28882K(29248K) NonClass: 24015K(24192K)->24015K(24192K) Class: 4867K(5056K)->4867K(5056K)
[4365.410s][info][gc             ] GC(1234) Pause Young (Concurrent Start) (G1 Evacuation Pause) 3559M->1388M(4096M) 119.782ms
[4365.410s][info][gc             ] GC(1235) Concurrent Mark Cycle
[4365.410s][info][gc,marking     ] GC(1235) Concurrent Scan Root Regions
[4365.410s][info][gc,cpu         ] GC(1234) User=0.71s Sys=0.00s Real=0.12s
[4365.599s][info][gc,marking     ] GC(1235) Concurrent Scan Root Regions 188.323ms
[4365.599s][info][gc,marking     ] GC(1235) Concurrent Mark
[4365.599s][info][gc,marking     ] GC(1235) Concurrent Mark From Roots
[4365.599s][info][gc,task        ] GC(1235) Using 2 workers of 2 for marking
.[4366.620s][info][gc,marking     ] GC(1235) Concurrent Mark From Roots 1021.331ms
[4366.620s][info][gc,marking     ] GC(1235) Concurrent Preclean
[4366.620s][info][gc,marking     ] GC(1235) Concurrent Preclean 0.088ms
[4366.623s][info][gc,start       ] GC(1235) Pause Remark
[4366.626s][info][gc             ] GC(1235) Pause Remark 2592M->2592M(4096M) 2.663ms
[4366.626s][info][gc,cpu         ] GC(1235) User=0.02s Sys=0.00s Real=0.00s
[4366.626s][info][gc,marking     ] GC(1235) Concurrent Mark 1027.148ms
[4366.626s][info][gc,marking     ] GC(1235) Concurrent Rebuild Remembered Sets and Scrub Regions
[4367.035s][info][gc,marking     ] GC(1235) Concurrent Rebuild Remembered Sets and Scrub Regions 409.204ms
[4367.035s][info][gc,start       ] GC(1235) Pause Cleanup
[4367.035s][info][gc             ] GC(1235) Pause Cleanup 3000M->3000M(4096M) 0.110ms
[4367.035s][info][gc,cpu         ] GC(1235) User=0.00s Sys=0.00s Real=0.00s
[4367.036s][info][gc,marking     ] GC(1235) Concurrent Clear Claimed Marks
[4367.036s][info][gc,marking     ] GC(1235) Concurrent Clear Claimed Marks 0.033ms
[4367.036s][info][gc,marking     ] GC(1235) Concurrent Cleanup for Next Mark
[4367.042s][info][gc,marking     ] GC(1235) Concurrent Cleanup for Next Mark 5.718ms
[4367.042s][info][gc             ] GC(1235) Concurrent Mark Cycle 1631.262ms
.[4367.700s][info][gc,start       ] GC(1236) Pause Young (Prepare Mixed) (G1 Evacuation Pause)
[4367.700s][info][gc,task        ] GC(1236) Using 6 workers of 6 for evacuation
[4367.817s][info][gc,phases      ] GC(1236)   Pre Evacuate Collection Set: 0.33ms
[4367.817s][info][gc,phases      ] GC(1236)   Merge Heap Roots: 0.49ms
[4367.817s][info][gc,phases      ] GC(1236)   Evacuate Collection Set: 115.48ms
[4367.817s][info][gc,phases      ] GC(1236)   Post Evacuate Collection Set: 0.94ms
[4367.817s][info][gc,phases      ] GC(1236)   Other: 0.10ms
[4367.817s][info][gc,heap        ] GC(1236) Eden regions: 1118->0(1109)
[4367.817s][info][gc,heap        ] GC(1236) Survivor regions: 110->110(154)
[4367.817s][info][gc,heap        ] GC(1236) Old regions: 505->536
[4367.818s][info][gc,heap        ] GC(1236) Humongous regions: 80->80
[4367.818s][info][gc,metaspace   ] GC(1236) Metaspace: 28882K(29248K)->28882K(29248K) NonClass: 24015K(24192K)->24015K(24192K) Class: 4867K(5056K)->4867K(5056K)
[4367.818s][info][gc             ] GC(1236) Pause Young (Prepare Mixed) (G1 Evacuation Pause) 3624M->1450M(4096M) 117.470ms
[4367.818s][info][gc,cpu         ] GC(1236) User=0.69s Sys=0.00s Real=0.12s
...[4370.108s][info][gc,start       ] GC(1237) Pause Young (Mixed) (G1 Evacuation Pause)
[4370.108s][info][gc,task        ] GC(1237) Using 6 workers of 6 for evacuation
[4370.246s][info][gc,phases      ] GC(1237)   Pre Evacuate Collection Set: 0.35ms
[4370.246s][info][gc,phases      ] GC(1237)   Merge Heap Roots: 0.70ms
[4370.246s][info][gc,phases      ] GC(1237)   Evacuate Collection Set: 135.55ms
[4370.246s][info][gc,phases      ] GC(1237)   Post Evacuate Collection Set: 0.96ms
[4370.246s][info][gc,phases      ] GC(1237)   Other: 0.09ms
[4370.246s][info][gc,heap        ] GC(1237) Eden regions: 1109->0(1116)
[4370.246s][info][gc,heap        ] GC(1237) Survivor regions: 110->112(153)
[4370.246s][info][gc,heap        ] GC(1237) Old regions: 536->474
[4370.246s][info][gc,heap        ] GC(1237) Humongous regions: 80->80
[4370.246s][info][gc,metaspace   ] GC(1237) Metaspace: 28882K(29248K)->28882K(29248K) NonClass: 24015K(24192K)->24015K(24192K) Class: 4867K(5056K)->4867K(5056K)
[4370.246s][info][gc             ] GC(1237) Pause Young (Mixed) (G1 Evacuation Pause) 3668M->1329M(4096M) 137.802ms
[4370.246s][info][gc,cpu         ] GC(1237) User=0.81s Sys=0.00s Real=0.13s
..[4372.551s][info][gc,start       ] GC(1238) Pause Young (Concurrent Start) (G1 Evacuation Pause)
[4372.551s][info][gc,task        ] GC(1238) Using 6 workers of 6 for evacuation
[4372.667s][info][gc,phases      ] GC(1238)   Pre Evacuate Collection Set: 0.36ms
[4372.667s][info][gc,phases      ] GC(1238)   Merge Heap Roots: 0.45ms
[4372.667s][info][gc,phases      ] GC(1238)   Evacuate Collection Set: 113.55ms
[4372.667s][info][gc,phases      ] GC(1238)   Post Evacuate Collection Set: 0.87ms
[4372.667s][info][gc,phases      ] GC(1238)   Other: 0.11ms
[4372.667s][info][gc,heap        ] GC(1238) Eden regions: 1116->0(1120)
[4372.667s][info][gc,heap        ] GC(1238) Survivor regions: 112->108(154)
[4372.667s][info][gc,heap        ] GC(1238) Old regions: 474->506
[4372.667s][info][gc,heap        ] GC(1238) Humongous regions: 80->80
[4372.667s][info][gc,metaspace   ] GC(1238) Metaspace: 28882K(29248K)->28882K(29248K) NonClass: 24015K(24192K)->24015K(24192K) Class: 4867K(5056K)->4867K(5056K)
[4372.667s][info][gc             ] GC(1238) Pause Young (Concurrent Start) (G1 Evacuation Pause) 3561M->1385M(4096M) 115.471ms
[4372.667s][info][gc             ] GC(1239) Concurrent Mark Cycle
[4372.667s][info][gc,marking     ] GC(1239) Concurrent Scan Root Regions
[4372.667s][info][gc,cpu         ] GC(1238) User=0.68s Sys=0.00s Real=0.11s
[4372.870s][info][gc,marking     ] GC(1239) Concurrent Scan Root Regions 203.024ms
[4372.870s][info][gc,marking     ] GC(1239) Concurrent Mark
[4372.870s][info][gc,marking     ] GC(1239) Concurrent Mark From Roots
[4372.870s][info][gc,task        ] GC(1239) Using 2 workers of 2 for marking
.[4373.636s][info][gc,marking     ] GC(1239) Concurrent Mark From Roots 766.051ms
[4373.636s][info][gc,marking     ] GC(1239) Concurrent Preclean
[4373.636s][info][gc,marking     ] GC(1239) Concurrent Preclean 0.110ms
[4373.637s][info][gc,start       ] GC(1239) Pause Remark
[4373.641s][info][gc             ] GC(1239) Pause Remark 2309M->2309M(4096M) 4.052ms
[4373.641s][info][gc,cpu         ] GC(1239) User=0.03s Sys=0.00s Real=0.00s
[4373.643s][info][gc,marking     ] GC(1239) Concurrent Mark 772.817ms
[4373.643s][info][gc,marking     ] GC(1239) Concurrent Rebuild Remembered Sets and Scrub Regions
[4373.999s][info][gc,marking     ] GC(1239) Concurrent Rebuild Remembered Sets and Scrub Regions 355.889ms
[4374.001s][info][gc,start       ] GC(1239) Pause Cleanup
[4374.001s][info][gc             ] GC(1239) Pause Cleanup 2637M->2637M(4096M) 0.142ms
[4374.001s][info][gc,cpu         ] GC(1239) User=0.00s Sys=0.00s Real=0.00s
[4374.001s][info][gc,marking     ] GC(1239) Concurrent Clear Claimed Marks
[4374.001s][info][gc,marking     ] GC(1239) Concurrent Clear Claimed Marks 0.027ms
[4374.001s][info][gc,marking     ] GC(1239) Concurrent Cleanup for Next Mark
[4374.006s][info][gc,marking     ] GC(1239) Concurrent Cleanup for Next Mark 4.331ms
[4374.006s][info][gc             ] GC(1239) Concurrent Mark Cycle 1338.953ms
.[4374.992s][info][gc,start       ] GC(1240) Pause Young (Prepare Mixed) (G1 Evacuation Pause)
[4374.992s][info][gc,task        ] GC(1240) Using 6 workers of 6 for evacuation
[4375.112s][info][gc,phases      ] GC(1240)   Pre Evacuate Collection Set: 0.34ms
[4375.112s][info][gc,phases      ] GC(1240)   Merge Heap Roots: 0.50ms
[4375.112s][info][gc,phases      ] GC(1240)   Evacuate Collection Set: 118.25ms
[4375.112s][info][gc,phases      ] GC(1240)   Post Evacuate Collection Set: 0.96ms
[4375.112s][info][gc,phases      ] GC(1240)   Other: 0.09ms
[4375.112s][info][gc,heap        ] GC(1240) Eden regions: 1120->0(1105)
[4375.112s][info][gc,heap        ] GC(1240) Survivor regions: 108->111(154)
[4375.112s][info][gc,heap        ] GC(1240) Old regions: 506->538
[4375.112s][info][gc,heap        ] GC(1240) Humongous regions: 80->80
[4375.112s][info][gc,metaspace   ] GC(1240) Metaspace: 28882K(29248K)->28882K(29248K) NonClass: 24015K(24192K)->24015K(24192K) Class: 4867K(5056K)->4867K(5056K)
[4375.112s][info][gc             ] GC(1240) Pause Young (Prepare Mixed) (G1 Evacuation Pause) 3625M->1456M(4096M) 120.294ms
[4375.112s][info][gc,cpu         ] GC(1240) User=0.71s Sys=0.00s Real=0.12s
...[4377.413s][info][gc,start       ] GC(1241) Pause Young (Mixed) (G1 Evacuation Pause)
[4377.413s][info][gc,task        ] GC(1241) Using 6 workers of 6 for evacuation
[4377.550s][info][gc,phases      ] GC(1241)   Pre Evacuate Collection Set: 0.36ms
[4377.550s][info][gc,phases      ] GC(1241)   Merge Heap Roots: 0.74ms
[4377.550s][info][gc,phases      ] GC(1241)   Evacuate Collection Set: 134.80ms
[4377.550s][info][gc,phases      ] GC(1241)   Post Evacuate Collection Set: 0.93ms
[4377.550s][info][gc,phases      ] GC(1241)   Other: 0.09ms
[4377.550s][info][gc,heap        ] GC(1241) Eden regions: 1105->0(1120)
[4377.550s][info][gc,heap        ] GC(1241) Survivor regions: 111->108(152)
[4377.550s][info][gc,heap        ] GC(1241) Old regions: 538->473
[4377.550s][info][gc,heap        ] GC(1241) Humongous regions: 80->80
[4377.550s][info][gc,metaspace   ] GC(1241) Metaspace: 28882K(29248K)->28882K(29248K) NonClass: 24015K(24192K)->24015K(24192K) Class: 4867K(5056K)->4867K(5056K)
[4377.550s][info][gc             ] GC(1241) Pause Young (Mixed) (G1 Evacuation Pause) 3666M->1320M(4096M) 137.037ms
[4377.550s][info][gc,cpu         ] GC(1241) User=0.81s Sys=0.00s Real=0.14s
..[4379.862s][info][gc,start       ] GC(1242) Pause Young (Concurrent Start) (G1 Evacuation Pause)
[4379.862s][info][gc,task        ] GC(1242) Using 6 workers of 6 for evacuation
[4379.978s][info][gc,phases      ] GC(1242)   Pre Evacuate Collection Set: 0.33ms
[4379.978s][info][gc,phases      ] GC(1242)   Merge Heap Roots: 0.48ms
[4379.978s][info][gc,phases      ] GC(1242)   Evacuate Collection Set: 113.53ms
[4379.978s][info][gc,phases      ] GC(1242)   Post Evacuate Collection Set: 0.88ms
[4379.978s][info][gc,phases      ] GC(1242)   Other: 0.11ms
[4379.978s][info][gc,heap        ] GC(1242) Eden regions: 1120->0(1120)
[4379.978s][info][gc,heap        ] GC(1242) Survivor regions: 108->108(154)
[4379.978s][info][gc,heap        ] GC(1242) Old regions: 473->505
[4379.978s][info][gc,heap        ] GC(1242) Humongous regions: 80->80
[4379.978s][info][gc,metaspace   ] GC(1242) Metaspace: 28882K(29248K)->28882K(29248K) NonClass: 24015K(24192K)->24015K(24192K) Class: 4867K(5056K)->4867K(5056K)
[4379.978s][info][gc             ] GC(1242) Pause Young (Concurrent Start) (G1 Evacuation Pause) 3560M->1385M(4096M) 115.462ms
[4379.978s][info][gc             ] GC(1243) Concurrent Mark Cycle
[4379.978s][info][gc,marking     ] GC(1243) Concurrent Scan Root Regions
[4379.978s][info][gc,cpu         ] GC(1242) User=0.68s Sys=0.00s Real=0.12s
[4380.160s][info][gc,marking     ] GC(1243) Concurrent Scan Root Regions 182.161ms
[4380.160s][info][gc,marking     ] GC(1243) Concurrent Mark
[4380.160s][info][gc,marking     ] GC(1243) Concurrent Mark From Roots
[4380.160s][info][gc,task        ] GC(1243) Using 2 workers of 2 for marking
.[4381.155s][info][gc,marking     ] GC(1243) Concurrent Mark From Roots 994.800ms
[4381.155s][info][gc,marking     ] GC(1243) Concurrent Preclean
[4381.155s][info][gc,marking     ] GC(1243) Concurrent Preclean 0.116ms
[4381.157s][info][gc,start       ] GC(1243) Pause Remark
[4381.163s][info][gc             ] GC(1243) Pause Remark 2553M->2553M(4096M) 5.439ms
[4381.163s][info][gc,cpu         ] GC(1243) User=0.03s Sys=0.00s Real=0.00s
[4381.163s][info][gc,marking     ] GC(1243) Concurrent Mark 1003.187ms
[4381.163s][info][gc,marking     ] GC(1243) Concurrent Rebuild Remembered Sets and Scrub Regions
.[4381.529s][info][gc,marking     ] GC(1243) Concurrent Rebuild Remembered Sets and Scrub Regions 366.223ms
[4381.531s][info][gc,start       ] GC(1243) Pause Cleanup
[4381.531s][info][gc             ] GC(1243) Pause Cleanup 2921M->2921M(4096M) 0.132ms
[4381.531s][info][gc,cpu         ] GC(1243) User=0.00s Sys=0.00s Real=0.00s
[4381.531s][info][gc,marking     ] GC(1243) Concurrent Clear Claimed Marks
[4381.531s][info][gc,marking     ] GC(1243) Concurrent Clear Claimed Marks 0.021ms
[4381.531s][info][gc,marking     ] GC(1243) Concurrent Cleanup for Next Mark
[4381.540s][info][gc,marking     ] GC(1243) Concurrent Cleanup for Next Mark 9.125ms
[4381.540s][info][gc             ] GC(1243) Concurrent Mark Cycle 1562.536ms
.[4382.251s][info][gc,start       ] GC(1244) Pause Young (Prepare Mixed) (G1 Evacuation Pause)
[4382.251s][info][gc,task        ] GC(1244) Using 6 workers of 6 for evacuation
[4382.376s][info][gc,phases      ] GC(1244)   Pre Evacuate Collection Set: 0.36ms
[4382.376s][info][gc,phases      ] GC(1244)   Merge Heap Roots: 0.51ms
[4382.376s][info][gc,phases      ] GC(1244)   Evacuate Collection Set: 123.21ms
[4382.376s][info][gc,phases      ] GC(1244)   Post Evacuate Collection Set: 0.91ms
[4382.376s][info][gc,phases      ] GC(1244)   Other: 0.09ms
[4382.376s][info][gc,heap        ] GC(1244) Eden regions: 1120->0(1098)
[4382.376s][info][gc,heap        ] GC(1244) Survivor regions: 108->115(154)
[4382.376s][info][gc,heap        ] GC(1244) Old regions: 505->537
[4382.376s][info][gc,heap        ] GC(1244) Humongous regions: 80->80
[4382.376s][info][gc,metaspace   ] GC(1244) Metaspace: 28882K(29248K)->28882K(29248K) NonClass: 24015K(24192K)->24015K(24192K) Class: 4867K(5056K)->4867K(5056K)
[4382.376s][info][gc             ] GC(1244) Pause Young (Prepare Mixed) (G1 Evacuation Pause) 3625M->1462M(4096M) 125.203ms
[4382.376s][info][gc,cpu         ] GC(1244) User=0.74s Sys=0.00s Real=0.12s
..[4384.616s][info][gc,start       ] GC(1245) Pause Young (Mixed) (G1 Evacuation Pause)
[4384.616s][info][gc,task        ] GC(1245) Using 6 workers of 6 for evacuation
[4384.751s][info][gc,phases      ] GC(1245)   Pre Evacuate Collection Set: 0.36ms
[4384.751s][info][gc,phases      ] GC(1245)   Merge Heap Roots: 0.61ms
[4384.751s][info][gc,phases      ] GC(1245)   Evacuate Collection Set: 132.62ms
[4384.751s][info][gc,phases      ] GC(1245)   Post Evacuate Collection Set: 0.94ms
[4384.751s][info][gc,phases      ] GC(1245)   Other: 0.08ms
[4384.751s][info][gc,heap        ] GC(1245) Eden regions: 1098->0(1118)
[4384.751s][info][gc,heap        ] GC(1245) Survivor regions: 115->110(152)
[4384.751s][info][gc,heap        ] GC(1245) Old regions: 537->473
[4384.751s][info][gc,heap        ] GC(1245) Humongous regions: 80->80
[4384.751s][info][gc,metaspace   ] GC(1245) Metaspace: 28882K(29248K)->28882K(29248K) NonClass: 24015K(24192K)->24015K(24192K) Class: 4867K(5056K)->4867K(5056K)
[4384.751s][info][gc             ] GC(1245) Pause Young (Mixed) (G1 Evacuation Pause) 3658M->1325M(4096M) 134.744ms
[4384.751s][info][gc,cpu         ] GC(1245) User=0.80s Sys=0.00s Real=0.14s
.. (rIR:aIR:PR = 7749:7750:7750) (tPR = 115686) [OK] 
  4386s: Performance info:
         Transaction,    Success,    Partial,     Failed,   Receipts, AvgBarcode, 
             Overall,     472694,          0,          0,     448929,      59.47, 
         Response times:
             Request,    Success,    Partial,     Failed,   SkipFail,     Probes,    Samples,      min,      p50,      p90,      p95,      p99,      max, 
       TotalPurchase,     448931,          0,          0,          0,     359091,     442775,      200,     6700,    81000,   114000,   165000,   391000,
     InStorePurchase,     236307,          0,          0,          0,     188597,     232459,      300,     6600,    80000,   113000,   165000,   391000,
      OnlinePurchase,     165033,          0,          0,          0,     132231,     162940,      200,     6900,    82000,   115000,   165000,   305000,
        InstPurchase,      47591,          0,          0,          0,      38263,      47376,      300,     6800,    81000,   112000,   169000,   334000,
          AssocOfCat,        472,          0,          0,          0,        382,        565,    23000,    40000,   137800,   180400,   233680,   283000,
      AssocOfProduct,       4746,          0,          0,          0,       4282,       5492,      500,     6000,    74000,   110000,   164070,   293000,
      BusinessReport,       1183,          0,          0,          0,       1019,       1378,    27000,    46000,   143000,   175000,   232840,   344000,
          CustBuyBeh,       4724,          0,          0,          0,       4398,       5629,      300,     6200,    80000,   110000,   165700,   291000,
       ProductReturn,      12639,          0,          0,          0,       9580,      12135,      200,     7000,    82000,   113000,   163640,   305000,

  4386s: (57%)   IR =   7887 [4387.038s][info][gc,start       ] GC(1246) Pause Young (Concurrent Start) (G1 Evacuation Pause)
[4387.038s][info][gc,task        ] GC(1246) Using 6 workers of 6 for evacuation
[4387.159s][info][gc,phases      ] GC(1246)   Pre Evacuate Collection Set: 0.39ms
[4387.159s][info][gc,phases      ] GC(1246)   Merge Heap Roots: 0.51ms
[4387.159s][info][gc,phases      ] GC(1246)   Evacuate Collection Set: 118.61ms
[4387.159s][info][gc,phases      ] GC(1246)   Post Evacuate Collection Set: 0.87ms
[4387.159s][info][gc,phases      ] GC(1246)   Other: 0.12ms
[4387.159s][info][gc,heap        ] GC(1246) Eden regions: 1118->0(1116)
[4387.159s][info][gc,heap        ] GC(1246) Survivor regions: 110->112(154)
[4387.159s][info][gc,heap        ] GC(1246) Old regions: 473->505
[4387.159s][info][gc,heap        ] GC(1246) Humongous regions: 80->80
[4387.159s][info][gc,metaspace   ] GC(1246) Metaspace: 28882K(29248K)->28882K(29248K) NonClass: 24015K(24192K)->24015K(24192K) Class: 4867K(5056K)->4867K(5056K)
[4387.159s][info][gc             ] GC(1246) Pause Young (Concurrent Start) (G1 Evacuation Pause) 3561M->1392M(4096M) 120.657ms
[4387.159s][info][gc             ] GC(1247) Concurrent Mark Cycle
[4387.159s][info][gc,marking     ] GC(1247) Concurrent Scan Root Regions
[4387.159s][info][gc,cpu         ] GC(1246) User=0.71s Sys=0.00s Real=0.12s
[4387.337s][info][gc,marking     ] GC(1247) Concurrent Scan Root Regions 177.758ms
[4387.337s][info][gc,marking     ] GC(1247) Concurrent Mark
[4387.337s][info][gc,marking     ] GC(1247) Concurrent Mark From Roots
[4387.337s][info][gc,task        ] GC(1247) Using 2 workers of 2 for marking
.[4388.058s][info][gc,marking     ] GC(1247) Concurrent Mark From Roots 721.463ms
[4388.058s][info][gc,marking     ] GC(1247) Concurrent Preclean
[4388.058s][info][gc,marking     ] GC(1247) Concurrent Preclean 0.135ms
[4388.058s][info][gc,start       ] GC(1247) Pause Remark
[4388.062s][info][gc             ] GC(1247) Pause Remark 2229M->2229M(4096M) 3.497ms
[4388.062s][info][gc,cpu         ] GC(1247) User=0.02s Sys=0.00s Real=0.00s
[4388.062s][info][gc,marking     ] GC(1247) Concurrent Mark 725.473ms
[4388.062s][info][gc,marking     ] GC(1247) Concurrent Rebuild Remembered Sets and Scrub Regions
[4388.329s][info][gc,marking     ] GC(1247) Concurrent Rebuild Remembered Sets and Scrub Regions 266.514ms
[4388.330s][info][gc,start       ] GC(1247) Pause Cleanup
[4388.330s][info][gc             ] GC(1247) Pause Cleanup 2498M->2498M(4096M) 0.124ms
[4388.330s][info][gc,cpu         ] GC(1247) User=0.00s Sys=0.00s Real=0.00s
[4388.332s][info][gc,marking     ] GC(1247) Concurrent Clear Claimed Marks
[4388.332s][info][gc,marking     ] GC(1247) Concurrent Clear Claimed Marks 0.037ms
[4388.332s][info][gc,marking     ] GC(1247) Concurrent Cleanup for Next Mark
[4388.336s][info][gc,marking     ] GC(1247) Concurrent Cleanup for Next Mark 4.656ms
[4388.336s][info][gc             ] GC(1247) Concurrent Mark Cycle 1177.660ms
..[4389.416s][info][gc,start       ] GC(1248) Pause Young (Prepare Mixed) (G1 Evacuation Pause)
[4389.417s][info][gc,task        ] GC(1248) Using 6 workers of 6 for evacuation
[4389.534s][info][gc,phases      ] GC(1248)   Pre Evacuate Collection Set: 0.33ms
[4389.534s][info][gc,phases      ] GC(1248)   Merge Heap Roots: 0.47ms
[4389.534s][info][gc,phases      ] GC(1248)   Evacuate Collection Set: 115.21ms
[4389.534s][info][gc,phases      ] GC(1248)   Post Evacuate Collection Set: 0.90ms
[4389.534s][info][gc,phases      ] GC(1248)   Other: 0.10ms
[4389.534s][info][gc,heap        ] GC(1248) Eden regions: 1116->0(1111)
[4389.534s][info][gc,heap        ] GC(1248) Survivor regions: 112->108(154)
[4389.534s][info][gc,heap        ] GC(1248) Old regions: 505->538
[4389.534s][info][gc,heap        ] GC(1248) Humongous regions: 80->80
[4389.534s][info][gc,metaspace   ] GC(1248) Metaspace: 28882K(29248K)->28882K(29248K) NonClass: 24015K(24192K)->24015K(24192K) Class: 4867K(5056K)->4867K(5056K)
[4389.534s][info][gc             ] GC(1248) Pause Young (Prepare Mixed) (G1 Evacuation Pause) 3624M->1450M(4096M) 117.137ms
[4389.534s][info][gc,cpu         ] GC(1248) User=0.70s Sys=0.00s Real=0.12s
..[4391.770s][info][gc,start       ] GC(1249) Pause Young (Mixed) (G1 Evacuation Pause)
[4391.770s][info][gc,task        ] GC(1249) Using 6 workers of 6 for evacuation
[4391.909s][info][gc,phases      ] GC(1249)   Pre Evacuate Collection Set: 0.36ms
[4391.909s][info][gc,phases      ] GC(1249)   Merge Heap Roots: 0.70ms
[4391.909s][info][gc,phases      ] GC(1249)   Evacuate Collection Set: 136.90ms
[4391.909s][info][gc,phases      ] GC(1249)   Post Evacuate Collection Set: 0.96ms
[4391.909s][info][gc,phases      ] GC(1249)   Other: 0.09ms
[4391.909s][info][gc,heap        ] GC(1249) Eden regions: 1111->0(1115)
[4391.909s][info][gc,heap        ] GC(1249) Survivor regions: 108->113(153)
[4391.909s][info][gc,heap        ] GC(1249) Old regions: 538->474
[4391.909s][info][gc,heap        ] GC(1249) Humongous regions: 80->80
[4391.909s][info][gc,metaspace   ] GC(1249) Metaspace: 28882K(29248K)->28882K(29248K) NonClass: 24015K(24192K)->24015K(24192K) Class: 4867K(5056K)->4867K(5056K)
[4391.909s][info][gc             ] GC(1249) Pause Young (Mixed) (G1 Evacuation Pause) 3672M->1331M(4096M) 139.138ms
[4391.909s][info][gc,cpu         ] GC(1249) User=0.82s Sys=0.00s Real=0.14s
..[4394.257s][info][gc,start       ] GC(1250) Pause Young (Concurrent Start) (G1 Evacuation Pause)
[4394.257s][info][gc,task        ] GC(1250) Using 6 workers of 6 for evacuation
[4394.381s][info][gc,phases      ] GC(1250)   Pre Evacuate Collection Set: 0.38ms
[4394.381s][info][gc,phases      ] GC(1250)   Merge Heap Roots: 0.47ms
[4394.381s][info][gc,phases      ] GC(1250)   Evacuate Collection Set: 122.02ms
[4394.381s][info][gc,phases      ] GC(1250)   Post Evacuate Collection Set: 0.91ms
[4394.381s][info][gc,phases      ] GC(1250)   Other: 0.13ms
[4394.381s][info][gc,heap        ] GC(1250) Eden regions: 1115->0(1113)
[4394.381s][info][gc,heap        ] GC(1250) Survivor regions: 113->115(154)
[4394.381s][info][gc,heap        ] GC(1250) Old regions: 474->505
[4394.381s][info][gc,heap        ] GC(1250) Humongous regions: 80->80
[4394.381s][info][gc,metaspace   ] GC(1250) Metaspace: 28882K(29248K)->28882K(29248K) NonClass: 24015K(24192K)->24015K(24192K) Class: 4867K(5056K)->4867K(5056K)
[4394.381s][info][gc             ] GC(1250) Pause Young (Concurrent Start) (G1 Evacuation Pause) 3561M->1398M(4096M) 124.050ms
[4394.381s][info][gc             ] GC(1251) Concurrent Mark Cycle
[4394.381s][info][gc,marking     ] GC(1251) Concurrent Scan Root Regions
[4394.381s][info][gc,cpu         ] GC(1250) User=0.73s Sys=0.00s Real=0.12s
.[4394.525s][info][gc,marking     ] GC(1251) Concurrent Scan Root Regions 144.219ms
[4394.525s][info][gc,marking     ] GC(1251) Concurrent Mark
[4394.525s][info][gc,marking     ] GC(1251) Concurrent Mark From Roots
[4394.525s][info][gc,task        ] GC(1251) Using 2 workers of 2 for marking
[4395.224s][info][gc,marking     ] GC(1251) Concurrent Mark From Roots 698.316ms
[4395.224s][info][gc,marking     ] GC(1251) Concurrent Preclean
[4395.224s][info][gc,marking     ] GC(1251) Concurrent Preclean 0.087ms
[4395.226s][info][gc,start       ] GC(1251) Pause Remark
[4395.231s][info][gc             ] GC(1251) Pause Remark 2124M->2124M(4096M) 4.394ms
[4395.231s][info][gc,cpu         ] GC(1251) User=0.02s Sys=0.00s Real=0.01s
[4395.231s][info][gc,marking     ] GC(1251) Concurrent Mark 705.479ms
[4395.231s][info][gc,marking     ] GC(1251) Concurrent Rebuild Remembered Sets and Scrub Regions
.[4395.504s][info][gc,marking     ] GC(1251) Concurrent Rebuild Remembered Sets and Scrub Regions 273.412ms
[4395.506s][info][gc,start       ] GC(1251) Pause Cleanup
[4395.506s][info][gc             ] GC(1251) Pause Cleanup 2414M->2414M(4096M) 0.127ms
[4395.506s][info][gc,cpu         ] GC(1251) User=0.00s Sys=0.00s Real=0.00s
[4395.506s][info][gc,marking     ] GC(1251) Concurrent Clear Claimed Marks
[4395.506s][info][gc,marking     ] GC(1251) Concurrent Clear Claimed Marks 0.026ms
[4395.506s][info][gc,marking     ] GC(1251) Concurrent Cleanup for Next Mark
[4395.511s][info][gc,marking     ] GC(1251) Concurrent Cleanup for Next Mark 4.680ms
[4395.511s][info][gc             ] GC(1251) Concurrent Mark Cycle 1129.813ms
.[4396.674s][info][gc,start       ] GC(1252) Pause Young (Prepare Mixed) (G1 Evacuation Pause)
[4396.674s][info][gc,task        ] GC(1252) Using 6 workers of 6 for evacuation
[4396.793s][info][gc,phases      ] GC(1252)   Pre Evacuate Collection Set: 0.35ms
[4396.793s][info][gc,phases      ] GC(1252)   Merge Heap Roots: 0.49ms
[4396.793s][info][gc,phases      ] GC(1252)   Evacuate Collection Set: 117.25ms
[4396.793s][info][gc,phases      ] GC(1252)   Post Evacuate Collection Set: 0.94ms
[4396.793s][info][gc,phases      ] GC(1252)   Other: 0.09ms
[4396.793s][info][gc,heap        ] GC(1252) Eden regions: 1113->0(1109)
[4396.793s][info][gc,heap        ] GC(1252) Survivor regions: 115->110(154)
[4396.793s][info][gc,heap        ] GC(1252) Old regions: 505->536
[4396.793s][info][gc,heap        ] GC(1252) Humongous regions: 80->80
[4396.793s][info][gc,metaspace   ] GC(1252) Metaspace: 28882K(29248K)->28882K(29248K) NonClass: 24015K(24192K)->24015K(24192K) Class: 4867K(5056K)->4867K(5056K)
[4396.793s][info][gc             ] GC(1252) Pause Young (Prepare Mixed) (G1 Evacuation Pause) 3624M->1449M(4096M) 119.283ms
[4396.793s][info][gc,cpu         ] GC(1252) User=0.71s Sys=0.00s Real=0.12s
..|[4399.056s][info][gc,start       ] GC(1253) Pause Young (Mixed) (G1 Evacuation Pause)
[4399.056s][info][gc,task        ] GC(1253) Using 6 workers of 6 for evacuation
[4399.194s][info][gc,phases      ] GC(1253)   Pre Evacuate Collection Set: 0.37ms
[4399.194s][info][gc,phases      ] GC(1253)   Merge Heap Roots: 0.73ms
[4399.194s][info][gc,phases      ] GC(1253)   Evacuate Collection Set: 135.34ms
[4399.194s][info][gc,phases      ] GC(1253)   Post Evacuate Collection Set: 0.94ms
[4399.194s][info][gc,phases      ] GC(1253)   Other: 0.09ms
[4399.194s][info][gc,heap        ] GC(1253) Eden regions: 1109->0(1119)
[4399.194s][info][gc,heap        ] GC(1253) Survivor regions: 110->109(153)
[4399.194s][info][gc,heap        ] GC(1253) Old regions: 536->472
[4399.194s][info][gc,heap        ] GC(1253) Humongous regions: 80->80
[4399.194s][info][gc,metaspace   ] GC(1253) Metaspace: 28882K(29248K)->28882K(29248K) NonClass: 24015K(24192K)->24015K(24192K) Class: 4867K(5056K)->4867K(5056K)
[4399.194s][info][gc             ] GC(1253) Pause Young (Mixed) (G1 Evacuation Pause) 3667M->1321M(4096M) 137.613ms
[4399.194s][info][gc,cpu         ] GC(1253) User=0.81s Sys=0.00s Real=0.14s
...[4401.456s][info][gc,start       ] GC(1254) Pause Young (Concurrent Start) (G1 Evacuation Pause)
[4401.456s][info][gc,task        ] GC(1254) Using 6 workers of 6 for evacuation
[4401.571s][info][gc,phases      ] GC(1254)   Pre Evacuate Collection Set: 0.41ms
[4401.571s][info][gc,phases      ] GC(1254)   Merge Heap Roots: 0.46ms
[4401.571s][info][gc,phases      ] GC(1254)   Evacuate Collection Set: 112.79ms
[4401.571s][info][gc,phases      ] GC(1254)   Post Evacuate Collection Set: 0.88ms
[4401.571s][info][gc,phases      ] GC(1254)   Other: 0.12ms
[4401.571s][info][gc,heap        ] GC(1254) Eden regions: 1119->0(1123)
[4401.571s][info][gc,heap        ] GC(1254) Survivor regions: 109->105(154)
[4401.571s][info][gc,heap        ] GC(1254) Old regions: 472->504
[4401.571s][info][gc,heap        ] GC(1254) Humongous regions: 80->80
[4401.571s][info][gc,metaspace   ] GC(1254) Metaspace: 28882K(29248K)->28882K(29248K) NonClass: 24015K(24192K)->24015K(24192K) Class: 4867K(5056K)->4867K(5056K)
[4401.571s][info][gc             ] GC(1254) Pause Young (Concurrent Start) (G1 Evacuation Pause) 3559M->1377M(4096M) 114.807ms
[4401.571s][info][gc             ] GC(1255) Concurrent Mark Cycle
[4401.571s][info][gc,marking     ] GC(1255) Concurrent Scan Root Regions
[4401.571s][info][gc,cpu         ] GC(1254) User=0.68s Sys=0.00s Real=0.12s
[4401.708s][info][gc,marking     ] GC(1255) Concurrent Scan Root Regions 137.544ms
[4401.708s][info][gc,marking     ] GC(1255) Concurrent Mark
[4401.708s][info][gc,marking     ] GC(1255) Concurrent Mark From Roots
[4401.708s][info][gc,task        ] GC(1255) Using 2 workers of 2 for marking
[4402.499s][info][gc,marking     ] GC(1255) Concurrent Mark From Roots 790.365ms
[4402.499s][info][gc,marking     ] GC(1255) Concurrent Preclean
[4402.499s][info][gc,marking     ] GC(1255) Concurrent Preclean 0.110ms
[4402.502s][info][gc,start       ] GC(1255) Pause Remark
[4402.507s][info][gc             ] GC(1255) Pause Remark 2231M->2231M(4096M) 5.056ms
[4402.507s][info][gc,cpu         ] GC(1255) User=0.03s Sys=0.00s Real=0.01s
[4402.508s][info][gc,marking     ] GC(1255) Concurrent Mark 799.153ms
[4402.508s][info][gc,marking     ] GC(1255) Concurrent Rebuild Remembered Sets and Scrub Regions
.[4402.844s][info][gc,marking     ] GC(1255) Concurrent Rebuild Remembered Sets and Scrub Regions 336.311ms
[4402.846s][info][gc,start       ] GC(1255) Pause Cleanup
[4402.846s][info][gc             ] GC(1255) Pause Cleanup 2587M->2587M(4096M) 0.157ms
[4402.846s][info][gc,cpu         ] GC(1255) User=0.00s Sys=0.00s Real=0.00s
[4402.847s][info][gc,marking     ] GC(1255) Concurrent Clear Claimed Marks
[4402.847s][info][gc,marking     ] GC(1255) Concurrent Clear Claimed Marks 0.043ms
[4402.847s][info][gc,marking     ] GC(1255) Concurrent Cleanup for Next Mark
[4402.855s][info][gc,marking     ] GC(1255) Concurrent Cleanup for Next Mark 7.866ms
[4402.855s][info][gc             ] GC(1255) Concurrent Mark Cycle 1284.458ms
.[4403.829s][info][gc,start       ] GC(1256) Pause Young (Prepare Mixed) (G1 Evacuation Pause)
[4403.829s][info][gc,task        ] GC(1256) Using 6 workers of 6 for evacuation
[4403.950s][info][gc,phases      ] GC(1256)   Pre Evacuate Collection Set: 0.33ms
[4403.950s][info][gc,phases      ] GC(1256)   Merge Heap Roots: 0.46ms
[4403.950s][info][gc,phases      ] GC(1256)   Evacuate Collection Set: 119.41ms
[4403.950s][info][gc,phases      ] GC(1256)   Post Evacuate Collection Set: 0.94ms
[4403.950s][info][gc,phases      ] GC(1256)   Other: 0.09ms
[4403.950s][info][gc,heap        ] GC(1256) Eden regions: 1123->0(1101)
[4403.950s][info][gc,heap        ] GC(1256) Survivor regions: 105->114(154)
[4403.950s][info][gc,heap        ] GC(1256) Old regions: 504->536
[4403.950s][info][gc,heap        ] GC(1256) Humongous regions: 80->80
[4403.950s][info][gc,metaspace   ] GC(1256) Metaspace: 28882K(29248K)->28882K(29248K) NonClass: 24015K(24192K)->24015K(24192K) Class: 4867K(5056K)->4867K(5056K)
[4403.950s][info][gc             ] GC(1256) Pause Young (Prepare Mixed) (G1 Evacuation Pause) 3623M->1457M(4096M) 121.373ms
[4403.950s][info][gc,cpu         ] GC(1256) User=0.72s Sys=0.00s Real=0.12s
..[4406.224s][info][gc,start       ] GC(1257) Pause Young (Mixed) (G1 Evacuation Pause)
[4406.224s][info][gc,task        ] GC(1257) Using 6 workers of 6 for evacuation
[4406.357s][info][gc,phases      ] GC(1257)   Pre Evacuate Collection Set: 0.35ms
[4406.357s][info][gc,phases      ] GC(1257)   Merge Heap Roots: 0.65ms
[4406.357s][info][gc,phases      ] GC(1257)   Evacuate Collection Set: 131.09ms
[4406.357s][info][gc,phases      ] GC(1257)   Post Evacuate Collection Set: 0.91ms
[4406.357s][info][gc,phases      ] GC(1257)   Other: 0.08ms
[4406.357s][info][gc,heap        ] GC(1257) Eden regions: 1101->0(1116)
[4406.357s][info][gc,heap        ] GC(1257) Survivor regions: 114->112(152)
[4406.357s][info][gc,heap        ] GC(1257) Old regions: 536->474
[4406.357s][info][gc,heap        ] GC(1257) Humongous regions: 80->80
[4406.357s][info][gc,metaspace   ] GC(1257) Metaspace: 28882K(29248K)->28882K(29248K) NonClass: 24015K(24192K)->24015K(24192K) Class: 4867K(5056K)->4867K(5056K)
[4406.357s][info][gc             ] GC(1257) Pause Young (Mixed) (G1 Evacuation Pause) 3659M->1329M(4096M) 133.225ms
[4406.357s][info][gc,cpu         ] GC(1257) User=0.79s Sys=0.00s Real=0.14s
..[4408.495s][info][gc,start       ] GC(1258) Pause Young (Concurrent Start) (G1 Evacuation Pause)
[4408.495s][info][gc,task        ] GC(1258) Using 6 workers of 6 for evacuation
[4408.611s][info][gc,phases      ] GC(1258)   Pre Evacuate Collection Set: 0.35ms
[4408.611s][info][gc,phases      ] GC(1258)   Merge Heap Roots: 0.44ms
[4408.611s][info][gc,phases      ] GC(1258)   Evacuate Collection Set: 113.50ms
[4408.611s][info][gc,phases      ] GC(1258)   Post Evacuate Collection Set: 0.88ms
[4408.611s][info][gc,phases      ] GC(1258)   Other: 0.10ms
[4408.611s][info][gc,heap        ] GC(1258) Eden regions: 1116->0(1121)
[4408.611s][info][gc,heap        ] GC(1258) Survivor regions: 112->107(154)
[4408.611s][info][gc,heap        ] GC(1258) Old regions: 474->506
[4408.611s][info][gc,heap        ] GC(1258) Humongous regions: 80->80
[4408.611s][info][gc,metaspace   ] GC(1258) Metaspace: 28882K(29248K)->28882K(29248K) NonClass: 24015K(24192K)->24015K(24192K) Class: 4867K(5056K)->4867K(5056K)
[4408.611s][info][gc             ] GC(1258) Pause Young (Concurrent Start) (G1 Evacuation Pause) 3561M->1384M(4096M) 115.428ms
[4408.611s][info][gc             ] GC(1259) Concurrent Mark Cycle
[4408.611s][info][gc,marking     ] GC(1259) Concurrent Scan Root Regions
[4408.611s][info][gc,cpu         ] GC(1258) User=0.68s Sys=0.00s Real=0.12s
[4408.801s][info][gc,marking     ] GC(1259) Concurrent Scan Root Regions 190.114ms
[4408.801s][info][gc,marking     ] GC(1259) Concurrent Mark
[4408.801s][info][gc,marking     ] GC(1259) Concurrent Mark From Roots
[4408.801s][info][gc,task        ] GC(1259) Using 2 workers of 2 for marking
.[4409.769s][info][gc,marking     ] GC(1259) Concurrent Mark From Roots 967.478ms
[4409.769s][info][gc,marking     ] GC(1259) Concurrent Preclean
[4409.769s][info][gc,marking     ] GC(1259) Concurrent Preclean 0.100ms
[4409.770s][info][gc,start       ] GC(1259) Pause Remark
[4409.815s][info][gc             ] GC(1259) Pause Remark 2484M->2484M(4096M) 44.464ms
[4409.815s][info][gc,cpu         ] GC(1259) User=0.07s Sys=0.00s Real=0.04s
[4409.816s][info][gc,marking     ] GC(1259) Concurrent Mark 1015.319ms
[4409.816s][info][gc,marking     ] GC(1259) Concurrent Rebuild Remembered Sets and Scrub Regions
.[4410.100s][info][gc,marking     ] GC(1259) Concurrent Rebuild Remembered Sets and Scrub Regions 283.097ms
[4410.100s][info][gc,start       ] GC(1259) Pause Cleanup
[4410.100s][info][gc             ] GC(1259) Pause Cleanup 2760M->2760M(4096M) 0.117ms
[4410.100s][info][gc,cpu         ] GC(1259) User=0.00s Sys=0.00s Real=0.00s
[4410.100s][info][gc,marking     ] GC(1259) Concurrent Clear Claimed Marks
[4410.100s][info][gc,marking     ] GC(1259) Concurrent Clear Claimed Marks 0.027ms
[4410.100s][info][gc,marking     ] GC(1259) Concurrent Cleanup for Next Mark
[4410.105s][info][gc,marking     ] GC(1259) Concurrent Cleanup for Next Mark 5.409ms
[4410.105s][info][gc             ] GC(1259) Concurrent Mark Cycle 1494.551ms
[4410.915s][info][gc,start       ] GC(1260) Pause Young (Prepare Mixed) (G1 Evacuation Pause)
[4410.915s][info][gc,task        ] GC(1260) Using 6 workers of 6 for evacuation
[4411.037s][info][gc,phases      ] GC(1260)   Pre Evacuate Collection Set: 0.31ms
[4411.037s][info][gc,phases      ] GC(1260)   Merge Heap Roots: 0.51ms
[4411.037s][info][gc,phases      ] GC(1260)   Evacuate Collection Set: 119.82ms
[4411.037s][info][gc,phases      ] GC(1260)   Post Evacuate Collection Set: 0.93ms
[4411.037s][info][gc,phases      ] GC(1260)   Other: 0.09ms
[4411.037s][info][gc,heap        ] GC(1260) Eden regions: 1121->0(1104)
[4411.037s][info][gc,heap        ] GC(1260) Survivor regions: 107->111(154)
[4411.037s][info][gc,heap        ] GC(1260) Old regions: 506->539
[4411.037s][info][gc,heap        ] GC(1260) Humongous regions: 80->80
[4411.037s][info][gc,metaspace   ] GC(1260) Metaspace: 28882K(29248K)->28882K(29248K) NonClass: 24015K(24192K)->24015K(24192K) Class: 4867K(5056K)->4867K(5056K)
[4411.037s][info][gc             ] GC(1260) Pause Young (Prepare Mixed) (G1 Evacuation Pause) 3626M->1457M(4096M) 121.810ms
[4411.037s][info][gc,cpu         ] GC(1260) User=0.72s Sys=0.00s Real=0.13s
...[4413.365s][info][gc,start       ] GC(1261) Pause Young (Mixed) (G1 Evacuation Pause)
[4413.365s][info][gc,task        ] GC(1261) Using 6 workers of 6 for evacuation
[4413.499s][info][gc,phases      ] GC(1261)   Pre Evacuate Collection Set: 0.36ms
[4413.499s][info][gc,phases      ] GC(1261)   Merge Heap Roots: 0.75ms
[4413.499s][info][gc,phases      ] GC(1261)   Evacuate Collection Set: 132.30ms
[4413.499s][info][gc,phases      ] GC(1261)   Post Evacuate Collection Set: 0.94ms
[4413.499s][info][gc,phases      ] GC(1261)   Other: 0.09ms
[4413.499s][info][gc,heap        ] GC(1261) Eden regions: 1104->0(1118)
[4413.499s][info][gc,heap        ] GC(1261) Survivor regions: 111->110(152)
[4413.499s][info][gc,heap        ] GC(1261) Old regions: 539->473
[4413.499s][info][gc,heap        ] GC(1261) Humongous regions: 80->80
[4413.499s][info][gc,metaspace   ] GC(1261) Metaspace: 28882K(29248K)->28882K(29248K) NonClass: 24015K(24192K)->24015K(24192K) Class: 4867K(5056K)->4867K(5056K)
[4413.499s][info][gc             ] GC(1261) Pause Young (Mixed) (G1 Evacuation Pause) 3665M->1325M(4096M) 134.560ms
[4413.499s][info][gc,cpu         ] GC(1261) User=0.80s Sys=0.00s Real=0.14s
..[4415.681s][info][gc,start       ] GC(1262) Pause Young (Concurrent Start) (G1 Evacuation Pause)
[4415.681s][info][gc,task        ] GC(1262) Using 6 workers of 6 for evacuation
[4415.805s][info][gc,phases      ] GC(1262)   Pre Evacuate Collection Set: 0.37ms
[4415.806s][info][gc,phases      ] GC(1262)   Merge Heap Roots: 0.43ms
[4415.806s][info][gc,phases      ] GC(1262)   Evacuate Collection Set: 122.35ms
[4415.806s][info][gc,phases      ] GC(1262)   Post Evacuate Collection Set: 0.90ms
[4415.806s][info][gc,phases      ] GC(1262)   Other: 0.12ms
[4415.806s][info][gc,heap        ] GC(1262) Eden regions: 1118->0(1114)
[4415.806s][info][gc,heap        ] GC(1262) Survivor regions: 110->114(154)
[4415.806s][info][gc,heap        ] GC(1262) Old regions: 473->505
[4415.806s][info][gc,heap        ] GC(1262) Humongous regions: 80->80
[4415.806s][info][gc,metaspace   ] GC(1262) Metaspace: 28882K(29248K)->28882K(29248K) NonClass: 24015K(24192K)->24015K(24192K) Class: 4867K(5056K)->4867K(5056K)
[4415.806s][info][gc             ] GC(1262) Pause Young (Concurrent Start) (G1 Evacuation Pause) 3561M->1396M(4096M) 124.310ms
[4415.806s][info][gc             ] GC(1263) Concurrent Mark Cycle
[4415.806s][info][gc,marking     ] GC(1263) Concurrent Scan Root Regions
[4415.806s][info][gc,cpu         ] GC(1262) User=0.74s Sys=0.00s Real=0.12s
[4415.952s][info][gc,marking     ] GC(1263) Concurrent Scan Root Regions 146.842ms
[4415.953s][info][gc,marking     ] GC(1263) Concurrent Mark
[4415.953s][info][gc,marking     ] GC(1263) Concurrent Mark From Roots
[4415.953s][info][gc,task        ] GC(1263) Using 2 workers of 2 for marking
.[4416.675s][info][gc,marking     ] GC(1263) Concurrent Mark From Roots 722.246ms
[4416.675s][info][gc,marking     ] GC(1263) Concurrent Preclean
[4416.675s][info][gc,marking     ] GC(1263) Concurrent Preclean 0.099ms
[4416.679s][info][gc,start       ] GC(1263) Pause Remark
[4416.684s][info][gc             ] GC(1263) Pause Remark 2178M->2178M(4096M) 4.949ms
[4416.684s][info][gc,cpu         ] GC(1263) User=0.02s Sys=0.01s Real=0.00s
[4416.684s][info][gc,marking     ] GC(1263) Concurrent Mark 731.620ms
[4416.684s][info][gc,marking     ] GC(1263) Concurrent Rebuild Remembered Sets and Scrub Regions
[4416.997s][info][gc,marking     ] GC(1263) Concurrent Rebuild Remembered Sets and Scrub Regions 313.254ms
[4416.998s][info][gc,start       ] GC(1263) Pause Cleanup
[4416.998s][info][gc             ] GC(1263) Pause Cleanup 2486M->2486M(4096M) 0.125ms
[4416.998s][info][gc,cpu         ] GC(1263) User=0.00s Sys=0.00s Real=0.00s
[4416.998s][info][gc,marking     ] GC(1263) Concurrent Clear Claimed Marks
[4416.998s][info][gc,marking     ] GC(1263) Concurrent Clear Claimed Marks 0.034ms
[4416.998s][info][gc,marking     ] GC(1263) Concurrent Cleanup for Next Mark
[4417.005s][info][gc,marking     ] GC(1263) Concurrent Cleanup for Next Mark 6.317ms
[4417.005s][info][gc             ] GC(1263) Concurrent Mark Cycle 1198.997ms
.[4418.056s][info][gc,start       ] GC(1264) Pause Young (Prepare Mixed) (G1 Evacuation Pause)
[4418.056s][info][gc,task        ] GC(1264) Using 6 workers of 6 for evacuation
[4418.173s][info][gc,phases      ] GC(1264)   Pre Evacuate Collection Set: 0.35ms
[4418.173s][info][gc,phases      ] GC(1264)   Merge Heap Roots: 0.49ms
[4418.173s][info][gc,phases      ] GC(1264)   Evacuate Collection Set: 115.58ms
[4418.173s][info][gc,phases      ] GC(1264)   Post Evacuate Collection Set: 0.93ms
[4418.173s][info][gc,phases      ] GC(1264)   Other: 0.09ms
[4418.173s][info][gc,heap        ] GC(1264) Eden regions: 1114->0(1108)
[4418.173s][info][gc,heap        ] GC(1264) Survivor regions: 114->110(154)
[4418.173s][info][gc,heap        ] GC(1264) Old regions: 505->537
[4418.173s][info][gc,heap        ] GC(1264) Humongous regions: 80->80
[4418.173s][info][gc,metaspace   ] GC(1264) Metaspace: 28882K(29248K)->28882K(29248K) NonClass: 24015K(24192K)->24015K(24192K) Class: 4867K(5056K)->4867K(5056K)
[4418.174s][info][gc             ] GC(1264) Pause Young (Prepare Mixed) (G1 Evacuation Pause) 3624M->1452M(4096M) 117.576ms
[4418.174s][info][gc,cpu         ] GC(1264) User=0.70s Sys=0.00s Real=0.12s
...[4420.382s][info][gc,start       ] GC(1265) Pause Young (Mixed) (G1 Evacuation Pause)
[4420.382s][info][gc,task        ] GC(1265) Using 6 workers of 6 for evacuation
[4420.517s][info][gc,phases      ] GC(1265)   Pre Evacuate Collection Set: 0.37ms
[4420.517s][info][gc,phases      ] GC(1265)   Merge Heap Roots: 0.65ms
[4420.517s][info][gc,phases      ] GC(1265)   Evacuate Collection Set: 133.65ms
[4420.517s][info][gc,phases      ] GC(1265)   Post Evacuate Collection Set: 0.95ms
[4420.517s][info][gc,phases      ] GC(1265)   Other: 0.09ms
[4420.517s][info][gc,heap        ] GC(1265) Eden regions: 1108->0(1118)
[4420.517s][info][gc,heap        ] GC(1265) Survivor regions: 110->110(153)
[4420.517s][info][gc,heap        ] GC(1265) Old regions: 537->473
[4420.517s][info][gc,heap        ] GC(1265) Humongous regions: 80->80
[4420.517s][info][gc,metaspace   ] GC(1265) Metaspace: 28882K(29248K)->28882K(29248K) NonClass: 24015K(24192K)->24015K(24192K) Class: 4867K(5056K)->4867K(5056K)
[4420.517s][info][gc             ] GC(1265) Pause Young (Mixed) (G1 Evacuation Pause) 3668M->1325M(4096M) 135.829ms
[4420.517s][info][gc,cpu         ] GC(1265) User=0.80s Sys=0.00s Real=0.14s
..[4422.838s][info][gc,start       ] GC(1266) Pause Young (Concurrent Start) (G1 Evacuation Pause)
[4422.839s][info][gc,task        ] GC(1266) Using 6 workers of 6 for evacuation
[4422.956s][info][gc,phases      ] GC(1266)   Pre Evacuate Collection Set: 0.35ms
[4422.956s][info][gc,phases      ] GC(1266)   Merge Heap Roots: 0.43ms
[4422.956s][info][gc,phases      ] GC(1266)   Evacuate Collection Set: 115.65ms
[4422.956s][info][gc,phases      ] GC(1266)   Post Evacuate Collection Set: 0.89ms
[4422.956s][info][gc,phases      ] GC(1266)   Other: 0.09ms
[4422.956s][info][gc,heap        ] GC(1266) Eden regions: 1118->0(1118)
[4422.956s][info][gc,heap        ] GC(1266) Survivor regions: 110->110(154)
[4422.956s][info][gc,heap        ] GC(1266) Old regions: 473->504
[4422.956s][info][gc,heap        ] GC(1266) Humongous regions: 80->80
[4422.956s][info][gc,metaspace   ] GC(1266) Metaspace: 28882K(29248K)->28882K(29248K) NonClass: 24015K(24192K)->24015K(24192K) Class: 4867K(5056K)->4867K(5056K)
[4422.956s][info][gc             ] GC(1266) Pause Young (Concurrent Start) (G1 Evacuation Pause) 3561M->1386M(4096M) 117.559ms
[4422.956s][info][gc             ] GC(1267) Concurrent Mark Cycle
[4422.956s][info][gc,marking     ] GC(1267) Concurrent Scan Root Regions
[4422.956s][info][gc,cpu         ] GC(1266) User=0.70s Sys=0.00s Real=0.11s
[4423.147s][info][gc,marking     ] GC(1267) Concurrent Scan Root Regions 190.696ms
[4423.147s][info][gc,marking     ] GC(1267) Concurrent Mark
[4423.147s][info][gc,marking     ] GC(1267) Concurrent Mark From Roots
[4423.147s][info][gc,task        ] GC(1267) Using 2 workers of 2 for marking
.[4423.940s][info][gc,marking     ] GC(1267) Concurrent Mark From Roots 792.751ms
[4423.940s][info][gc,marking     ] GC(1267) Concurrent Preclean
[4423.940s][info][gc,marking     ] GC(1267) Concurrent Preclean 0.105ms
[4423.941s][info][gc,start       ] GC(1267) Pause Remark
[4423.945s][info][gc             ] GC(1267) Pause Remark 2266M->2266M(4096M) 3.852ms
[4423.945s][info][gc,cpu         ] GC(1267) User=0.02s Sys=0.00s Real=0.00s
[4423.945s][info][gc,marking     ] GC(1267) Concurrent Mark 798.053ms
[4423.945s][info][gc,marking     ] GC(1267) Concurrent Rebuild Remembered Sets and Scrub Regions
[4424.194s][info][gc,marking     ] GC(1267) Concurrent Rebuild Remembered Sets and Scrub Regions 249.217ms
[4424.196s][info][gc,start       ] GC(1267) Pause Cleanup
[4424.196s][info][gc             ] GC(1267) Pause Cleanup 2530M->2530M(4096M) 0.139ms
[4424.196s][info][gc,cpu         ] GC(1267) User=0.00s Sys=0.00s Real=0.00s
[4424.197s][info][gc,marking     ] GC(1267) Concurrent Clear Claimed Marks
[4424.197s][info][gc,marking     ] GC(1267) Concurrent Clear Claimed Marks 0.033ms
[4424.197s][info][gc,marking     ] GC(1267) Concurrent Cleanup for Next Mark
[4424.204s][info][gc,marking     ] GC(1267) Concurrent Cleanup for Next Mark 7.007ms
[4424.204s][info][gc             ] GC(1267) Concurrent Mark Cycle 1248.148ms
.[4425.153s][info][gc,start       ] GC(1268) Pause Young (Prepare Mixed) (G1 Evacuation Pause)
[4425.153s][info][gc,task        ] GC(1268) Using 6 workers of 6 for evacuation
[4425.274s][info][gc,phases      ] GC(1268)   Pre Evacuate Collection Set: 0.32ms
[4425.274s][info][gc,phases      ] GC(1268)   Merge Heap Roots: 0.47ms
[4425.274s][info][gc,phases      ] GC(1268)   Evacuate Collection Set: 119.68ms
[4425.274s][info][gc,phases      ] GC(1268)   Post Evacuate Collection Set: 0.91ms
[4425.274s][info][gc,phases      ] GC(1268)   Other: 0.09ms
[4425.274s][info][gc,heap        ] GC(1268) Eden regions: 1118->0(1103)
[4425.274s][info][gc,heap        ] GC(1268) Survivor regions: 110->113(154)
[4425.274s][info][gc,heap        ] GC(1268) Old regions: 504->536
[4425.274s][info][gc,heap        ] GC(1268) Humongous regions: 80->80
[4425.274s][info][gc,metaspace   ] GC(1268) Metaspace: 28882K(29248K)->28882K(29248K) NonClass: 24015K(24192K)->24015K(24192K) Class: 4867K(5056K)->4867K(5056K)
[4425.274s][info][gc             ] GC(1268) Pause Young (Prepare Mixed) (G1 Evacuation Pause) 3622M->1456M(4096M) 121.593ms
[4425.274s][info][gc,cpu         ] GC(1268) User=0.71s Sys=0.00s Real=0.12s
...[4427.586s][info][gc,start       ] GC(1269) Pause Young (Mixed) (G1 Evacuation Pause)
[4427.586s][info][gc,task        ] GC(1269) Using 6 workers of 6 for evacuation
[4427.721s][info][gc,phases      ] GC(1269)   Pre Evacuate Collection Set: 0.36ms
[4427.721s][info][gc,phases      ] GC(1269)   Merge Heap Roots: 0.60ms
[4427.721s][info][gc,phases      ] GC(1269)   Evacuate Collection Set: 132.82ms
[4427.721s][info][gc,phases      ] GC(1269)   Post Evacuate Collection Set: 0.88ms
[4427.721s][info][gc,phases      ] GC(1269)   Other: 0.09ms
[4427.721s][info][gc,heap        ] GC(1269) Eden regions: 1103->0(1118)
[4427.721s][info][gc,heap        ] GC(1269) Survivor regions: 113->110(152)
[4427.721s][info][gc,heap        ] GC(1269) Old regions: 536->473
[4427.721s][info][gc,heap        ] GC(1269) Humongous regions: 80->80
[4427.721s][info][gc,metaspace   ] GC(1269) Metaspace: 28882K(29248K)->28882K(29248K) NonClass: 24015K(24192K)->24015K(24192K) Class: 4867K(5056K)->4867K(5056K)
[4427.721s][info][gc             ] GC(1269) Pause Young (Mixed) (G1 Evacuation Pause) 3662M->1324M(4096M) 134.902ms
[4427.721s][info][gc,cpu         ] GC(1269) User=0.80s Sys=0.01s Real=0.14s
..[4429.934s][info][gc,start       ] GC(1270) Pause Young (Concurrent Start) (G1 Evacuation Pause)
[4429.934s][info][gc,task        ] GC(1270) Using 6 workers of 6 for evacuation
[4430.055s][info][gc,phases      ] GC(1270)   Pre Evacuate Collection Set: 0.35ms
[4430.055s][info][gc,phases      ] GC(1270)   Merge Heap Roots: 0.46ms
[4430.055s][info][gc,phases      ] GC(1270)   Evacuate Collection Set: 119.74ms
[4430.055s][info][gc,phases      ] GC(1270)   Post Evacuate Collection Set: 0.92ms
[4430.055s][info][gc,phases      ] GC(1270)   Other: 0.11ms
[4430.055s][info][gc,heap        ] GC(1270) Eden regions: 1118->0(1116)
[4430.055s][info][gc,heap        ] GC(1270) Survivor regions: 110->112(154)
[4430.055s][info][gc,heap        ] GC(1270) Old regions: 473->505
[4430.055s][info][gc,heap        ] GC(1270) Humongous regions: 80->80
[4430.055s][info][gc,metaspace   ] GC(1270) Metaspace: 28882K(29248K)->28882K(29248K) NonClass: 24015K(24192K)->24015K(24192K) Class: 4867K(5056K)->4867K(5056K)
[4430.055s][info][gc             ] GC(1270) Pause Young (Concurrent Start) (G1 Evacuation Pause) 3560M->1391M(4096M) 121.721ms
[4430.055s][info][gc             ] GC(1271) Concurrent Mark Cycle
[4430.055s][info][gc,marking     ] GC(1271) Concurrent Scan Root Regions
[4430.055s][info][gc,cpu         ] GC(1270) User=0.72s Sys=0.00s Real=0.12s
[4430.169s][info][gc,marking     ] GC(1271) Concurrent Scan Root Regions 113.894ms
[4430.169s][info][gc,marking     ] GC(1271) Concurrent Mark
[4430.169s][info][gc,marking     ] GC(1271) Concurrent Mark From Roots
[4430.169s][info][gc,task        ] GC(1271) Using 2 workers of 2 for marking
.[4430.765s][info][gc,marking     ] GC(1271) Concurrent Mark From Roots 595.858ms
[4430.765s][info][gc,marking     ] GC(1271) Concurrent Preclean
[4430.765s][info][gc,marking     ] GC(1271) Concurrent Preclean 0.079ms
[4430.766s][info][gc,start       ] GC(1271) Pause Remark
[4430.770s][info][gc             ] GC(1271) Pause Remark 1961M->1961M(4096M) 3.683ms
[4430.770s][info][gc,cpu         ] GC(1271) User=0.02s Sys=0.00s Real=0.01s
[4430.770s][info][gc,marking     ] GC(1271) Concurrent Mark 600.983ms
[4430.770s][info][gc,marking     ] GC(1271) Concurrent Rebuild Remembered Sets and Scrub Regions
[4430.992s][info][gc,marking     ] GC(1271) Concurrent Rebuild Remembered Sets and Scrub Regions 221.384ms
[4430.993s][info][gc,start       ] GC(1271) Pause Cleanup
[4430.993s][info][gc             ] GC(1271) Pause Cleanup 2189M->2189M(4096M) 0.121ms
[4430.993s][info][gc,cpu         ] GC(1271) User=0.00s Sys=0.00s Real=0.00s
[4430.993s][info][gc,marking     ] GC(1271) Concurrent Clear Claimed Marks
[4430.993s][info][gc,marking     ] GC(1271) Concurrent Clear Claimed Marks 0.025ms
[4430.993s][info][gc,marking     ] GC(1271) Concurrent Cleanup for Next Mark
[4431.004s][info][gc,marking     ] GC(1271) Concurrent Cleanup for Next Mark 11.438ms
[4431.004s][info][gc             ] GC(1271) Concurrent Mark Cycle 948.825ms
.[4432.351s][info][gc,start       ] GC(1272) Pause Young (Prepare Mixed) (G1 Evacuation Pause)
[4432.351s][info][gc,task        ] GC(1272) Using 6 workers of 6 for evacuation
[4432.473s][info][gc,phases      ] GC(1272)   Pre Evacuate Collection Set: 0.31ms
[4432.473s][info][gc,phases      ] GC(1272)   Merge Heap Roots: 0.49ms
[4432.473s][info][gc,phases      ] GC(1272)   Evacuate Collection Set: 120.33ms
[4432.473s][info][gc,phases      ] GC(1272)   Post Evacuate Collection Set: 0.92ms
[4432.473s][info][gc,phases      ] GC(1272)   Other: 0.08ms
[4432.473s][info][gc,heap        ] GC(1272) Eden regions: 1116->0(1104)
[4432.473s][info][gc,heap        ] GC(1272) Survivor regions: 112->112(154)
[4432.473s][info][gc,heap        ] GC(1272) Old regions: 505->537
[4432.473s][info][gc,heap        ] GC(1272) Humongous regions: 80->80
[4432.473s][info][gc,metaspace   ] GC(1272) Metaspace: 28882K(29248K)->28882K(29248K) NonClass: 24015K(24192K)->24015K(24192K) Class: 4867K(5056K)->4867K(5056K)
[4432.473s][info][gc             ] GC(1272) Pause Young (Prepare Mixed) (G1 Evacuation Pause) 3623M->1457M(4096M) 122.293ms
[4432.473s][info][gc,cpu         ] GC(1272) User=0.72s Sys=0.00s Real=0.12s
...[4434.742s][info][gc,start       ] GC(1273) Pause Young (Mixed) (G1 Evacuation Pause)
[4434.743s][info][gc,task        ] GC(1273) Using 6 workers of 6 for evacuation
[4434.882s][info][gc,phases      ] GC(1273)   Pre Evacuate Collection Set: 0.37ms
[4434.882s][info][gc,phases      ] GC(1273)   Merge Heap Roots: 0.66ms
[4434.882s][info][gc,phases      ] GC(1273)   Evacuate Collection Set: 137.58ms
[4434.882s][info][gc,phases      ] GC(1273)   Post Evacuate Collection Set: 0.95ms
[4434.882s][info][gc,phases      ] GC(1273)   Other: 0.09ms
[4434.882s][info][gc,heap        ] GC(1273) Eden regions: 1104->0(1115)
[4434.882s][info][gc,heap        ] GC(1273) Survivor regions: 112->113(152)
[4434.882s][info][gc,heap        ] GC(1273) Old regions: 537->473
[4434.882s][info][gc,heap        ] GC(1273) Humongous regions: 80->80
[4434.882s][info][gc,metaspace   ] GC(1273) Metaspace: 28882K(29248K)->28882K(29248K) NonClass: 24015K(24192K)->24015K(24192K) Class: 4867K(5056K)->4867K(5056K)
[4434.882s][info][gc             ] GC(1273) Pause Young (Mixed) (G1 Evacuation Pause) 3665M->1330M(4096M) 139.785ms
[4434.882s][info][gc,cpu         ] GC(1273) User=0.82s Sys=0.00s Real=0.14s
..[4437.191s][info][gc,start       ] GC(1274) Pause Young (Concurrent Start) (G1 Evacuation Pause)
[4437.191s][info][gc,task        ] GC(1274) Using 6 workers of 6 for evacuation
[4437.313s][info][gc,phases      ] GC(1274)   Pre Evacuate Collection Set: 0.37ms
[4437.313s][info][gc,phases      ] GC(1274)   Merge Heap Roots: 0.43ms
[4437.313s][info][gc,phases      ] GC(1274)   Evacuate Collection Set: 120.90ms
[4437.313s][info][gc,phases      ] GC(1274)   Post Evacuate Collection Set: 0.89ms
[4437.313s][info][gc,phases      ] GC(1274)   Other: 0.10ms
[4437.313s][info][gc,heap        ] GC(1274) Eden regions: 1115->0(1113)
[4437.313s][info][gc,heap        ] GC(1274) Survivor regions: 113->115(154)
[4437.313s][info][gc,heap        ] GC(1274) Old regions: 473->505
[4437.313s][info][gc,heap        ] GC(1274) Humongous regions: 80->80
[4437.313s][info][gc,metaspace   ] GC(1274) Metaspace: 28882K(29248K)->28882K(29248K) NonClass: 24015K(24192K)->24015K(24192K) Class: 4867K(5056K)->4867K(5056K)
[4437.314s][info][gc             ] GC(1274) Pause Young (Concurrent Start) (G1 Evacuation Pause) 3560M->1397M(4096M) 122.838ms
[4437.314s][info][gc             ] GC(1275) Concurrent Mark Cycle
[4437.314s][info][gc,marking     ] GC(1275) Concurrent Scan Root Regions
[4437.314s][info][gc,cpu         ] GC(1274) User=0.72s Sys=0.00s Real=0.12s
[4437.431s][info][gc,marking     ] GC(1275) Concurrent Scan Root Regions 116.939ms
[4437.431s][info][gc,marking     ] GC(1275) Concurrent Mark
[4437.431s][info][gc,marking     ] GC(1275) Concurrent Mark From Roots
[4437.431s][info][gc,task        ] GC(1275) Using 2 workers of 2 for marking
.[4438.032s][info][gc,marking     ] GC(1275) Concurrent Mark From Roots 601.469ms
[4438.032s][info][gc,marking     ] GC(1275) Concurrent Preclean
[4438.032s][info][gc,marking     ] GC(1275) Concurrent Preclean 0.076ms
[4438.035s][info][gc,start       ] GC(1275) Pause Remark
[4438.038s][info][gc             ] GC(1275) Pause Remark 1945M->1945M(4096M) 3.320ms
[4438.038s][info][gc,cpu         ] GC(1275) User=0.01s Sys=0.00s Real=0.01s
[4438.038s][info][gc,marking     ] GC(1275) Concurrent Mark 607.498ms
[4438.038s][info][gc,marking     ] GC(1275) Concurrent Rebuild Remembered Sets and Scrub Regions
[4438.327s][info][gc,marking     ] GC(1275) Concurrent Rebuild Remembered Sets and Scrub Regions 288.966ms
[4438.329s][info][gc,start       ] GC(1275) Pause Cleanup
[4438.329s][info][gc             ] GC(1275) Pause Cleanup 2305M->2305M(4096M) 0.134ms
[4438.329s][info][gc,cpu         ] GC(1275) User=0.00s Sys=0.00s Real=0.00s
[4438.329s][info][gc,marking     ] GC(1275) Concurrent Clear Claimed Marks
[4438.329s][info][gc,marking     ] GC(1275) Concurrent Clear Claimed Marks 0.031ms
[4438.329s][info][gc,marking     ] GC(1275) Concurrent Cleanup for Next Mark
[4438.335s][info][gc,marking     ] GC(1275) Concurrent Cleanup for Next Mark 5.555ms
[4438.335s][info][gc             ] GC(1275) Concurrent Mark Cycle 1021.544ms
.[4439.496s][info][gc,start       ] GC(1276) Pause Young (Prepare Mixed) (G1 Evacuation Pause)
[4439.496s][info][gc,task        ] GC(1276) Using 6 workers of 6 for evacuation
[4439.612s][info][gc,phases      ] GC(1276)   Pre Evacuate Collection Set: 0.32ms
[4439.612s][info][gc,phases      ] GC(1276)   Merge Heap Roots: 0.49ms
[4439.612s][info][gc,phases      ] GC(1276)   Evacuate Collection Set: 114.13ms
[4439.612s][info][gc,phases      ] GC(1276)   Post Evacuate Collection Set: 0.95ms
[4439.612s][info][gc,phases      ] GC(1276)   Other: 0.09ms
[4439.612s][info][gc,heap        ] GC(1276) Eden regions: 1113->0(1114)
[4439.612s][info][gc,heap        ] GC(1276) Survivor regions: 115->107(154)
[4439.612s][info][gc,heap        ] GC(1276) Old regions: 505->537
[4439.612s][info][gc,heap        ] GC(1276) Humongous regions: 80->80
[4439.612s][info][gc,metaspace   ] GC(1276) Metaspace: 28882K(29248K)->28882K(29248K) NonClass: 24015K(24192K)->24015K(24192K) Class: 4867K(5056K)->4867K(5056K)
[4439.612s][info][gc             ] GC(1276) Pause Young (Prepare Mixed) (G1 Evacuation Pause) 3623M->1445M(4096M) 116.150ms
[4439.612s][info][gc,cpu         ] GC(1276) User=0.69s Sys=0.00s Real=0.12s
...[4441.884s][info][gc,start       ] GC(1277) Pause Young (Mixed) (G1 Evacuation Pause)
[4441.884s][info][gc,task        ] GC(1277) Using 6 workers of 6 for evacuation
[4442.022s][info][gc,phases      ] GC(1277)   Pre Evacuate Collection Set: 0.41ms
[4442.022s][info][gc,phases      ] GC(1277)   Merge Heap Roots: 0.80ms
[4442.022s][info][gc,phases      ] GC(1277)   Evacuate Collection Set: 135.57ms
[4442.022s][info][gc,phases      ] GC(1277)   Post Evacuate Collection Set: 0.95ms
[4442.022s][info][gc,phases      ] GC(1277)   Other: 0.09ms
[4442.022s][info][gc,heap        ] GC(1277) Eden regions: 1114->0(1119)
[4442.022s][info][gc,heap        ] GC(1277) Survivor regions: 107->109(153)
[4442.022s][info][gc,heap        ] GC(1277) Old regions: 537->475
[4442.022s][info][gc,heap        ] GC(1277) Humongous regions: 80->80
[4442.022s][info][gc,metaspace   ] GC(1277) Metaspace: 28882K(29248K)->28882K(29248K) NonClass: 24015K(24192K)->24015K(24192K) Class: 4867K(5056K)->4867K(5056K)
[4442.022s][info][gc             ] GC(1277) Pause Young (Mixed) (G1 Evacuation Pause) 3673M->1325M(4096M) 137.952ms
[4442.022s][info][gc,cpu         ] GC(1277) User=0.82s Sys=0.00s Real=0.14s
..[4444.307s][info][gc,start       ] GC(1278) Pause Young (Concurrent Start) (G1 Evacuation Pause)
[4444.307s][info][gc,task        ] GC(1278) Using 6 workers of 6 for evacuation
[4444.431s][info][gc,phases      ] GC(1278)   Pre Evacuate Collection Set: 0.35ms
[4444.431s][info][gc,phases      ] GC(1278)   Merge Heap Roots: 0.46ms
[4444.431s][info][gc,phases      ] GC(1278)   Evacuate Collection Set: 122.01ms
[4444.431s][info][gc,phases      ] GC(1278)   Post Evacuate Collection Set: 0.95ms
[4444.431s][info][gc,phases      ] GC(1278)   Other: 0.12ms
[4444.431s][info][gc,heap        ] GC(1278) Eden regions: 1119->0(1111)
[4444.431s][info][gc,heap        ] GC(1278) Survivor regions: 109->117(154)
[4444.431s][info][gc,heap        ] GC(1278) Old regions: 475->506
[4444.431s][info][gc,heap        ] GC(1278) Humongous regions: 80->80
[4444.431s][info][gc,metaspace   ] GC(1278) Metaspace: 28882K(29248K)->28882K(29248K) NonClass: 24015K(24192K)->24015K(24192K) Class: 4867K(5056K)->4867K(5056K)
[4444.431s][info][gc             ] GC(1278) Pause Young (Concurrent Start) (G1 Evacuation Pause) 3563M->1404M(4096M) 124.011ms
[4444.431s][info][gc             ] GC(1279) Concurrent Mark Cycle
[4444.431s][info][gc,marking     ] GC(1279) Concurrent Scan Root Regions
[4444.431s][info][gc,cpu         ] GC(1278) User=0.73s Sys=0.00s Real=0.12s
[4444.580s][info][gc,marking     ] GC(1279) Concurrent Scan Root Regions 148.354ms
[4444.580s][info][gc,marking     ] GC(1279) Concurrent Mark
[4444.580s][info][gc,marking     ] GC(1279) Concurrent Mark From Roots
[4444.580s][info][gc,task        ] GC(1279) Using 2 workers of 2 for marking
.[4445.306s][info][gc,marking     ] GC(1279) Concurrent Mark From Roots 725.666ms
[4445.306s][info][gc,marking     ] GC(1279) Concurrent Preclean
[4445.306s][info][gc,marking     ] GC(1279) Concurrent Preclean 0.101ms
[4445.307s][info][gc,start       ] GC(1279) Pause Remark
[4445.311s][info][gc             ] GC(1279) Pause Remark 2200M->2200M(4096M) 4.496ms
[4445.311s][info][gc,cpu         ] GC(1279) User=0.03s Sys=0.00s Real=0.00s
[4445.311s][info][gc,marking     ] GC(1279) Concurrent Mark 731.621ms
[4445.311s][info][gc,marking     ] GC(1279) Concurrent Rebuild Remembered Sets and Scrub Regions
[4445.597s][info][gc,marking     ] GC(1279) Concurrent Rebuild Remembered Sets and Scrub Regions 285.313ms
[4445.599s][info][gc,start       ] GC(1279) Pause Cleanup
[4445.599s][info][gc             ] GC(1279) Pause Cleanup 2512M->2512M(4096M) 0.144ms
[4445.599s][info][gc,cpu         ] GC(1279) User=0.00s Sys=0.00s Real=0.00s
[4445.599s][info][gc,marking     ] GC(1279) Concurrent Clear Claimed Marks
[4445.599s][info][gc,marking     ] GC(1279) Concurrent Clear Claimed Marks 0.031ms
[4445.599s][info][gc,marking     ] GC(1279) Concurrent Cleanup for Next Mark
[4445.606s][info][gc,marking     ] GC(1279) Concurrent Cleanup for Next Mark 6.951ms
[4445.606s][info][gc             ] GC(1279) Concurrent Mark Cycle 1174.884ms
.[4446.668s][info][gc,start       ] GC(1280) Pause Young (Prepare Mixed) (G1 Evacuation Pause)
[4446.668s][info][gc,task        ] GC(1280) Using 6 workers of 6 for evacuation
[4446.785s][info][gc,phases      ] GC(1280)   Pre Evacuate Collection Set: 0.34ms
[4446.785s][info][gc,phases      ] GC(1280)   Merge Heap Roots: 0.49ms
[4446.785s][info][gc,phases      ] GC(1280)   Evacuate Collection Set: 114.83ms
[4446.785s][info][gc,phases      ] GC(1280)   Post Evacuate Collection Set: 0.93ms
[4446.785s][info][gc,phases      ] GC(1280)   Other: 0.08ms
[4446.785s][info][gc,heap        ] GC(1280) Eden regions: 1111->0(1112)
[4446.785s][info][gc,heap        ] GC(1280) Survivor regions: 117->107(154)
[4446.785s][info][gc,heap        ] GC(1280) Old regions: 506->539
[4446.785s][info][gc,heap        ] GC(1280) Humongous regions: 80->80
[4446.785s][info][gc,metaspace   ] GC(1280) Metaspace: 28882K(29248K)->28882K(29248K) NonClass: 24015K(24192K)->24015K(24192K) Class: 4867K(5056K)->4867K(5056K)
[4446.785s][info][gc             ] GC(1280) Pause Young (Prepare Mixed) (G1 Evacuation Pause) 3626M->1451M(4096M) 116.817ms
[4446.785s][info][gc,cpu         ] GC(1280) User=0.69s Sys=0.01s Real=0.11s
...[4449.065s][info][gc,start       ] GC(1281) Pause Young (Mixed) (G1 Evacuation Pause)
[4449.065s][info][gc,task        ] GC(1281) Using 6 workers of 6 for evacuation
[4449.206s][info][gc,phases      ] GC(1281)   Pre Evacuate Collection Set: 0.37ms
[4449.206s][info][gc,phases      ] GC(1281)   Merge Heap Roots: 0.62ms
[4449.206s][info][gc,phases      ] GC(1281)   Evacuate Collection Set: 138.70ms
[4449.206s][info][gc,phases      ] GC(1281)   Post Evacuate Collection Set: 0.99ms
[4449.206s][info][gc,phases      ] GC(1281)   Other: 0.09ms
[4449.206s][info][gc,heap        ] GC(1281) Eden regions: 1112->0(1112)
[4449.206s][info][gc,heap        ] GC(1281) Survivor regions: 107->116(153)
[4449.206s][info][gc,heap        ] GC(1281) Old regions: 539->474
[4449.206s][info][gc,heap        ] GC(1281) Humongous regions: 80->80
[4449.206s][info][gc,metaspace   ] GC(1281) Metaspace: 28882K(29248K)->28882K(29248K) NonClass: 24015K(24192K)->24015K(24192K) Class: 4867K(5056K)->4867K(5056K)
[4449.206s][info][gc             ] GC(1281) Pause Young (Mixed) (G1 Evacuation Pause) 3675M->1339M(4096M) 140.896ms
[4449.206s][info][gc,cpu         ] GC(1281) User=0.84s Sys=0.00s Real=0.14s
..[4451.388s][info][gc,start       ] GC(1282) Pause Young (Concurrent Start) (G1 Evacuation Pause)
[4451.388s][info][gc,task        ] GC(1282) Using 6 workers of 6 for evacuation
[4451.507s][info][gc,phases      ] GC(1282)   Pre Evacuate Collection Set: 0.39ms
[4451.507s][info][gc,phases      ] GC(1282)   Merge Heap Roots: 0.44ms
[4451.507s][info][gc,phases      ] GC(1282)   Evacuate Collection Set: 116.80ms
[4451.507s][info][gc,phases      ] GC(1282)   Post Evacuate Collection Set: 0.89ms
[4451.507s][info][gc,phases      ] GC(1282)   Other: 0.12ms
[4451.507s][info][gc,heap        ] GC(1282) Eden regions: 1112->0(1119)
[4451.507s][info][gc,heap        ] GC(1282) Survivor regions: 116->109(154)
[4451.507s][info][gc,heap        ] GC(1282) Old regions: 474->506
[4451.507s][info][gc,heap        ] GC(1282) Humongous regions: 80->80
[4451.507s][info][gc,metaspace   ] GC(1282) Metaspace: 28882K(29248K)->28882K(29248K) NonClass: 24015K(24192K)->24015K(24192K) Class: 4867K(5056K)->4867K(5056K)
[4451.507s][info][gc             ] GC(1282) Pause Young (Concurrent Start) (G1 Evacuation Pause) 3563M->1388M(4096M) 118.773ms
[4451.507s][info][gc             ] GC(1283) Concurrent Mark Cycle
[4451.507s][info][gc,marking     ] GC(1283) Concurrent Scan Root Regions
[4451.507s][info][gc,cpu         ] GC(1282) User=0.70s Sys=0.00s Real=0.12s
[4451.683s][info][gc,marking     ] GC(1283) Concurrent Scan Root Regions 176.173ms
[4451.683s][info][gc,marking     ] GC(1283) Concurrent Mark
[4451.684s][info][gc,marking     ] GC(1283) Concurrent Mark From Roots
[4451.684s][info][gc,task        ] GC(1283) Using 2 workers of 2 for marking
.[4452.638s][info][gc,marking     ] GC(1283) Concurrent Mark From Roots 954.436ms
[4452.638s][info][gc,marking     ] GC(1283) Concurrent Preclean
[4452.638s][info][gc,marking     ] GC(1283) Concurrent Preclean 0.113ms
[4452.641s][info][gc,start       ] GC(1283) Pause Remark
[4452.646s][info][gc             ] GC(1283) Pause Remark 2478M->2478M(4096M) 4.988ms
[4452.646s][info][gc,cpu         ] GC(1283) User=0.03s Sys=0.00s Real=0.00s
[4452.647s][info][gc,marking     ] GC(1283) Concurrent Mark 963.421ms
[4452.647s][info][gc,marking     ] GC(1283) Concurrent Rebuild Remembered Sets and Scrub Regions
.[4453.060s][info][gc,marking     ] GC(1283) Concurrent Rebuild Remembered Sets and Scrub Regions 412.975ms
[4453.060s][info][gc,start       ] GC(1283) Pause Cleanup
[4453.060s][info][gc             ] GC(1283) Pause Cleanup 2852M->2852M(4096M) 0.127ms
[4453.060s][info][gc,cpu         ] GC(1283) User=0.00s Sys=0.00s Real=0.00s
[4453.060s][info][gc,marking     ] GC(1283) Concurrent Clear Claimed Marks
[4453.060s][info][gc,marking     ] GC(1283) Concurrent Clear Claimed Marks 0.026ms
[4453.060s][info][gc,marking     ] GC(1283) Concurrent Cleanup for Next Mark
[4453.065s][info][gc,marking     ] GC(1283) Concurrent Cleanup for Next Mark 5.093ms
[4453.065s][info][gc             ] GC(1283) Concurrent Mark Cycle 1558.254ms
[4453.855s][info][gc,start       ] GC(1284) Pause Young (Prepare Mixed) (G1 Evacuation Pause)
[4453.855s][info][gc,task        ] GC(1284) Using 6 workers of 6 for evacuation
[4453.975s][info][gc,phases      ] GC(1284)   Pre Evacuate Collection Set: 0.32ms
[4453.975s][info][gc,phases      ] GC(1284)   Merge Heap Roots: 0.52ms
[4453.975s][info][gc,phases      ] GC(1284)   Evacuate Collection Set: 118.10ms
[4453.975s][info][gc,phases      ] GC(1284)   Post Evacuate Collection Set: 0.96ms
[4453.975s][info][gc,phases      ] GC(1284)   Other: 0.10ms
[4453.975s][info][gc,heap        ] GC(1284) Eden regions: 1119->0(1106)
[4453.975s][info][gc,heap        ] GC(1284) Survivor regions: 109->110(154)
[4453.975s][info][gc,heap        ] GC(1284) Old regions: 506->539
[4453.975s][info][gc,heap        ] GC(1284) Humongous regions: 80->80
[4453.975s][info][gc,metaspace   ] GC(1284) Metaspace: 28882K(29248K)->28882K(29248K) NonClass: 24015K(24192K)->24015K(24192K) Class: 4867K(5056K)->4867K(5056K)
[4453.975s][info][gc             ] GC(1284) Pause Young (Prepare Mixed) (G1 Evacuation Pause) 3626M->1455M(4096M) 120.161ms
[4453.975s][info][gc,cpu         ] GC(1284) User=0.71s Sys=0.00s Real=0.12s
...[4456.219s][info][gc,start       ] GC(1285) Pause Young (Mixed) (G1 Evacuation Pause)
[4456.219s][info][gc,task        ] GC(1285) Using 6 workers of 6 for evacuation
[4456.355s][info][gc,phases      ] GC(1285)   Pre Evacuate Collection Set: 0.37ms
[4456.355s][info][gc,phases      ] GC(1285)   Merge Heap Roots: 0.70ms
[4456.355s][info][gc,phases      ] GC(1285)   Evacuate Collection Set: 133.42ms
[4456.355s][info][gc,phases      ] GC(1285)   Post Evacuate Collection Set: 0.93ms
[4456.355s][info][gc,phases      ] GC(1285)   Other: 0.10ms
[4456.355s][info][gc,heap        ] GC(1285) Eden regions: 1106->0(1118)
[4456.355s][info][gc,heap        ] GC(1285) Survivor regions: 110->110(152)
[4456.355s][info][gc,heap        ] GC(1285) Old regions: 539->474
[4456.355s][info][gc,heap        ] GC(1285) Humongous regions: 80->80
[4456.355s][info][gc,metaspace   ] GC(1285) Metaspace: 28882K(29248K)->28882K(29248K) NonClass: 24015K(24192K)->24015K(24192K) Class: 4867K(5056K)->4867K(5056K)
[4456.355s][info][gc             ] GC(1285) Pause Young (Mixed) (G1 Evacuation Pause) 3667M->1325M(4096M) 135.663ms
[4456.355s][info][gc,cpu         ] GC(1285) User=0.80s Sys=0.00s Real=0.13s
..[4458.631s][info][gc,start       ] GC(1286) Pause Young (Concurrent Start) (G1 Evacuation Pause)
[4458.631s][info][gc,task        ] GC(1286) Using 6 workers of 6 for evacuation
[4458.748s][info][gc,phases      ] GC(1286)   Pre Evacuate Collection Set: 0.37ms
[4458.748s][info][gc,phases      ] GC(1286)   Merge Heap Roots: 0.47ms
[4458.748s][info][gc,phases      ] GC(1286)   Evacuate Collection Set: 115.56ms
[4458.748s][info][gc,phases      ] GC(1286)   Post Evacuate Collection Set: 0.87ms
[4458.748s][info][gc,phases      ] GC(1286)   Other: 0.10ms
[4458.748s][info][gc,heap        ] GC(1286) Eden regions: 1118->0(1120)
[4458.748s][info][gc,heap        ] GC(1286) Survivor regions: 110->108(154)
[4458.748s][info][gc,heap        ] GC(1286) Old regions: 474->505
[4458.748s][info][gc,heap        ] GC(1286) Humongous regions: 80->80
[4458.748s][info][gc,metaspace   ] GC(1286) Metaspace: 28882K(29248K)->28882K(29248K) NonClass: 24015K(24192K)->24015K(24192K) Class: 4867K(5056K)->4867K(5056K)
[4458.748s][info][gc             ] GC(1286) Pause Young (Concurrent Start) (G1 Evacuation Pause) 3561M->1385M(4096M) 117.500ms
[4458.748s][info][gc             ] GC(1287) Concurrent Mark Cycle
[4458.748s][info][gc,marking     ] GC(1287) Concurrent Scan Root Regions
[4458.748s][info][gc,cpu         ] GC(1286) User=0.69s Sys=0.00s Real=0.12s
[4458.926s][info][gc,marking     ] GC(1287) Concurrent Scan Root Regions 177.139ms
[4458.926s][info][gc,marking     ] GC(1287) Concurrent Mark
[4458.926s][info][gc,marking     ] GC(1287) Concurrent Mark From Roots
[4458.926s][info][gc,task        ] GC(1287) Using 2 workers of 2 for marking
. (rIR:aIR:PR = 7887:7838:7838) (tPR = 115327) [OK] 
  4458s: Performance info:
         Transaction,    Success,    Partial,     Failed,   Receipts, AvgBarcode, 
             Overall,     475228,          0,          0,     451357,      59.48, 
         Response times:
             Request,    Success,    Partial,     Failed,   SkipFail,     Probes,    Samples,      min,      p50,      p90,      p95,      p99,      max, 
       TotalPurchase,     451348,          0,          0,          0,     354154,     436343,      300,     6800,   107000,   155000,   256000,   544000,
     InStorePurchase,     238231,          0,          0,          0,     186398,     229657,      300,     6800,   108000,   158000,   268000,   544000,
      OnlinePurchase,     165325,          0,          0,          0,     130325,     160607,      300,     6700,   105000,   150000,   251000,   534000,
        InstPurchase,      47792,          0,          0,          0,      37431,      46079,      400,     6900,   104000,   144000,   233000,   494000,
          AssocOfCat,        478,          0,          0,          0,        372,        559,    21000,    41000,   173000,   205000,   264200,   340000,
      AssocOfProduct,       4771,          0,          0,          0,       4430,       5685,      600,     7700,   112000,   158000,   261000,   454000,
      BusinessReport,       1192,          0,          0,          0,       1005,       1403,    27000,    47000,   179600,   223000,   378000,   515000,
          CustBuyBeh,       4775,          0,          0,          0,       4440,       5721,      200,     7000,   106000,   152000,   297000,   452000,
       ProductReturn,      12655,          0,          0,          0,       9566,      12073,      300,     7400,   113000,   158000,   272000,   388000,

  4458s: (58%)   IR =   8025 [4459.629s][info][gc,marking     ] GC(1287) Concurrent Mark From Roots 703.216ms
[4459.629s][info][gc,marking     ] GC(1287) Concurrent Preclean
[4459.629s][info][gc,marking     ] GC(1287) Concurrent Preclean 0.088ms
[4459.629s][info][gc,start       ] GC(1287) Pause Remark
[4459.633s][info][gc             ] GC(1287) Pause Remark 2097M->2097M(4096M) 3.642ms
[4459.633s][info][gc,cpu         ] GC(1287) User=0.02s Sys=0.00s Real=0.00s
[4459.633s][info][gc,marking     ] GC(1287) Concurrent Mark 707.256ms
[4459.633s][info][gc,marking     ] GC(1287) Concurrent Rebuild Remembered Sets and Scrub Regions
[4459.952s][info][gc,marking     ] GC(1287) Concurrent Rebuild Remembered Sets and Scrub Regions 319.011ms
[4459.953s][info][gc,start       ] GC(1287) Pause Cleanup
[4459.953s][info][gc             ] GC(1287) Pause Cleanup 2461M->2461M(4096M) 0.123ms
[4459.953s][info][gc,cpu         ] GC(1287) User=0.00s Sys=0.00s Real=0.00s
[4459.953s][info][gc,marking     ] GC(1287) Concurrent Clear Claimed Marks
[4459.953s][info][gc,marking     ] GC(1287) Concurrent Clear Claimed Marks 0.037ms
[4459.953s][info][gc,marking     ] GC(1287) Concurrent Cleanup for Next Mark
[4459.965s][info][gc,marking     ] GC(1287) Concurrent Cleanup for Next Mark 11.516ms
[4459.965s][info][gc             ] GC(1287) Concurrent Mark Cycle 1216.692ms
.[4461.115s][info][gc,start       ] GC(1288) Pause Young (Prepare Mixed) (G1 Evacuation Pause)
[4461.115s][info][gc,task        ] GC(1288) Using 6 workers of 6 for evacuation
[4461.234s][info][gc,phases      ] GC(1288)   Pre Evacuate Collection Set: 0.33ms
[4461.234s][info][gc,phases      ] GC(1288)   Merge Heap Roots: 0.51ms
[4461.234s][info][gc,phases      ] GC(1288)   Evacuate Collection Set: 116.55ms
[4461.234s][info][gc,phases      ] GC(1288)   Post Evacuate Collection Set: 0.94ms
[4461.234s][info][gc,phases      ] GC(1288)   Other: 0.09ms
[4461.234s][info][gc,heap        ] GC(1288) Eden regions: 1120->0(1105)
[4461.234s][info][gc,heap        ] GC(1288) Survivor regions: 108->112(154)
[4461.234s][info][gc,heap        ] GC(1288) Old regions: 505->536
[4461.234s][info][gc,heap        ] GC(1288) Humongous regions: 80->80
[4461.234s][info][gc,metaspace   ] GC(1288) Metaspace: 28883K(29248K)->28883K(29248K) NonClass: 24015K(24192K)->24015K(24192K) Class: 4867K(5056K)->4867K(5056K)
[4461.234s][info][gc             ] GC(1288) Pause Young (Prepare Mixed) (G1 Evacuation Pause) 3625M->1455M(4096M) 118.571ms
[4461.234s][info][gc,cpu         ] GC(1288) User=0.71s Sys=0.00s Real=0.12s
...[4463.427s][info][gc,start       ] GC(1289) Pause Young (Mixed) (G1 Evacuation Pause)
[4463.427s][info][gc,task        ] GC(1289) Using 6 workers of 6 for evacuation
[4463.559s][info][gc,phases      ] GC(1289)   Pre Evacuate Collection Set: 0.37ms
[4463.560s][info][gc,phases      ] GC(1289)   Merge Heap Roots: 0.65ms
[4463.560s][info][gc,phases      ] GC(1289)   Evacuate Collection Set: 130.62ms
[4463.560s][info][gc,phases      ] GC(1289)   Post Evacuate Collection Set: 0.93ms
[4463.560s][info][gc,phases      ] GC(1289)   Other: 0.09ms
[4463.560s][info][gc,heap        ] GC(1289) Eden regions: 1105->0(1120)
[4463.560s][info][gc,heap        ] GC(1289) Survivor regions: 112->108(153)
[4463.560s][info][gc,heap        ] GC(1289) Old regions: 536->472
[4463.560s][info][gc,heap        ] GC(1289) Humongous regions: 80->80
[4463.560s][info][gc,metaspace   ] GC(1289) Metaspace: 28883K(29248K)->28883K(29248K) NonClass: 24015K(24192K)->24015K(24192K) Class: 4867K(5056K)->4867K(5056K)
[4463.560s][info][gc             ] GC(1289) Pause Young (Mixed) (G1 Evacuation Pause) 3665M->1318M(4096M) 132.796ms
[4463.560s][info][gc,cpu         ] GC(1289) User=0.79s Sys=0.00s Real=0.14s
..[4465.773s][info][gc,start       ] GC(1290) Pause Young (Concurrent Start) (G1 Evacuation Pause)
[4465.773s][info][gc,task        ] GC(1290) Using 6 workers of 6 for evacuation
[4465.894s][info][gc,phases      ] GC(1290)   Pre Evacuate Collection Set: 0.37ms
[4465.894s][info][gc,phases      ] GC(1290)   Merge Heap Roots: 0.61ms
[4465.894s][info][gc,phases      ] GC(1290)   Evacuate Collection Set: 119.76ms
[4465.894s][info][gc,phases      ] GC(1290)   Post Evacuate Collection Set: 0.88ms
[4465.894s][info][gc,phases      ] GC(1290)   Other: 0.11ms
[4465.894s][info][gc,heap        ] GC(1290) Eden regions: 1120->0(1115)
[4465.894s][info][gc,heap        ] GC(1290) Survivor regions: 108->113(154)
[4465.894s][info][gc,heap        ] GC(1290) Old regions: 472->505
[4465.894s][info][gc,heap        ] GC(1290) Humongous regions: 80->80
[4465.894s][info][gc,metaspace   ] GC(1290) Metaspace: 28883K(29248K)->28883K(29248K) NonClass: 24015K(24192K)->24015K(24192K) Class: 4867K(5056K)->4867K(5056K)
[4465.895s][info][gc             ] GC(1290) Pause Young (Concurrent Start) (G1 Evacuation Pause) 3558M->1393M(4096M) 121.854ms
[4465.895s][info][gc             ] GC(1291) Concurrent Mark Cycle
[4465.895s][info][gc,marking     ] GC(1291) Concurrent Scan Root Regions
[4465.895s][info][gc,cpu         ] GC(1290) User=0.72s Sys=0.00s Real=0.12s
[4466.037s][info][gc,marking     ] GC(1291) Concurrent Scan Root Regions 142.118ms
[4466.037s][info][gc,marking     ] GC(1291) Concurrent Mark
[4466.037s][info][gc,marking     ] GC(1291) Concurrent Mark From Roots
[4466.037s][info][gc,task        ] GC(1291) Using 2 workers of 2 for marking
.[4466.744s][info][gc,marking     ] GC(1291) Concurrent Mark From Roots 707.559ms
[4466.744s][info][gc,marking     ] GC(1291) Concurrent Preclean
[4466.744s][info][gc,marking     ] GC(1291) Concurrent Preclean 0.100ms
[4466.746s][info][gc,start       ] GC(1291) Pause Remark
[4466.751s][info][gc             ] GC(1291) Pause Remark 2199M->2199M(4096M) 5.556ms
[4466.752s][info][gc,cpu         ] GC(1291) User=0.03s Sys=0.00s Real=0.01s
[4466.752s][info][gc,marking     ] GC(1291) Concurrent Mark 715.432ms
[4466.752s][info][gc,marking     ] GC(1291) Concurrent Rebuild Remembered Sets and Scrub Regions
[4467.086s][info][gc,marking     ] GC(1291) Concurrent Rebuild Remembered Sets and Scrub Regions 333.460ms
[4467.087s][info][gc,start       ] GC(1291) Pause Cleanup
[4467.087s][info][gc             ] GC(1291) Pause Cleanup 2489M->2489M(4096M) 0.121ms
[4467.087s][info][gc,cpu         ] GC(1291) User=0.00s Sys=0.00s Real=0.00s
[4467.087s][info][gc,marking     ] GC(1291) Concurrent Clear Claimed Marks
[4467.087s][info][gc,marking     ] GC(1291) Concurrent Clear Claimed Marks 0.033ms
[4467.087s][info][gc,marking     ] GC(1291) Concurrent Cleanup for Next Mark
[4467.092s][info][gc,marking     ] GC(1291) Concurrent Cleanup for Next Mark 5.260ms
[4467.092s][info][gc             ] GC(1291) Concurrent Mark Cycle 1197.654ms
.[4468.131s][info][gc,start       ] GC(1292) Pause Young (Prepare Mixed) (G1 Evacuation Pause)
[4468.131s][info][gc,task        ] GC(1292) Using 6 workers of 6 for evacuation
[4468.253s][info][gc,phases      ] GC(1292)   Pre Evacuate Collection Set: 0.31ms
[4468.253s][info][gc,phases      ] GC(1292)   Merge Heap Roots: 0.49ms
[4468.253s][info][gc,phases      ] GC(1292)   Evacuate Collection Set: 119.81ms
[4468.253s][info][gc,phases      ] GC(1292)   Post Evacuate Collection Set: 0.95ms
[4468.253s][info][gc,phases      ] GC(1292)   Other: 0.09ms
[4468.253s][info][gc,heap        ] GC(1292) Eden regions: 1115->0(1100)
[4468.253s][info][gc,heap        ] GC(1292) Survivor regions: 113->114(154)
[4468.253s][info][gc,heap        ] GC(1292) Old regions: 505->537
[4468.253s][info][gc,heap        ] GC(1292) Humongous regions: 80->80
[4468.253s][info][gc,metaspace   ] GC(1292) Metaspace: 28883K(29248K)->28883K(29248K) NonClass: 24015K(24192K)->24015K(24192K) Class: 4867K(5056K)->4867K(5056K)
[4468.253s][info][gc             ] GC(1292) Pause Young (Prepare Mixed) (G1 Evacuation Pause) 3623M->1460M(4096M) 121.797ms
[4468.253s][info][gc,cpu         ] GC(1292) User=0.72s Sys=0.00s Real=0.12s
..|[4470.427s][info][gc,start       ] GC(1293) Pause Young (Mixed) (G1 Evacuation Pause)
[4470.427s][info][gc,task        ] GC(1293) Using 6 workers of 6 for evacuation
[4470.561s][info][gc,phases      ] GC(1293)   Pre Evacuate Collection Set: 0.37ms
[4470.561s][info][gc,phases      ] GC(1293)   Merge Heap Roots: 0.76ms
[4470.561s][info][gc,phases      ] GC(1293)   Evacuate Collection Set: 130.79ms
[4470.561s][info][gc,phases      ] GC(1293)   Post Evacuate Collection Set: 0.94ms
[4470.561s][info][gc,phases      ] GC(1293)   Other: 0.83ms
[4470.561s][info][gc,heap        ] GC(1293) Eden regions: 1100->0(1122)
[4470.561s][info][gc,heap        ] GC(1293) Survivor regions: 114->106(152)
[4470.561s][info][gc,heap        ] GC(1293) Old regions: 537->474
[4470.561s][info][gc,heap        ] GC(1293) Humongous regions: 80->80
[4470.561s][info][gc,metaspace   ] GC(1293) Metaspace: 28883K(29248K)->28883K(29248K) NonClass: 24015K(24192K)->24015K(24192K) Class: 4867K(5056K)->4867K(5056K)
[4470.561s][info][gc             ] GC(1293) Pause Young (Mixed) (G1 Evacuation Pause) 3660M->1319M(4096M) 133.818ms
[4470.561s][info][gc,cpu         ] GC(1293) User=0.78s Sys=0.00s Real=0.13s
...[4472.748s][info][gc,start       ] GC(1294) Pause Young (Concurrent Start) (G1 Evacuation Pause)
[4472.748s][info][gc,task        ] GC(1294) Using 6 workers of 6 for evacuation
[4472.871s][info][gc,phases      ] GC(1294)   Pre Evacuate Collection Set: 0.35ms
[4472.871s][info][gc,phases      ] GC(1294)   Merge Heap Roots: 0.44ms
[4472.871s][info][gc,phases      ] GC(1294)   Evacuate Collection Set: 120.62ms
[4472.871s][info][gc,phases      ] GC(1294)   Post Evacuate Collection Set: 0.89ms
[4472.871s][info][gc,phases      ] GC(1294)   Other: 0.10ms
[4472.871s][info][gc,heap        ] GC(1294) Eden regions: 1122->0(1114)
[4472.871s][info][gc,heap        ] GC(1294) Survivor regions: 106->114(154)
[4472.871s][info][gc,heap        ] GC(1294) Old regions: 474->506
[4472.871s][info][gc,heap        ] GC(1294) Humongous regions: 80->80
[4472.871s][info][gc,metaspace   ] GC(1294) Metaspace: 28883K(29248K)->28883K(29248K) NonClass: 24015K(24192K)->24015K(24192K) Class: 4867K(5056K)->4867K(5056K)
[4472.871s][info][gc             ] GC(1294) Pause Young (Concurrent Start) (G1 Evacuation Pause) 3563M->1397M(4096M) 122.527ms
[4472.871s][info][gc             ] GC(1295) Concurrent Mark Cycle
[4472.871s][info][gc,marking     ] GC(1295) Concurrent Scan Root Regions
[4472.871s][info][gc,cpu         ] GC(1294) User=0.73s Sys=0.00s Real=0.12s
[4473.019s][info][gc,marking     ] GC(1295) Concurrent Scan Root Regions 147.861ms
[4473.019s][info][gc,marking     ] GC(1295) Concurrent Mark
[4473.019s][info][gc,marking     ] GC(1295) Concurrent Mark From Roots
[4473.019s][info][gc,task        ] GC(1295) Using 2 workers of 2 for marking
.[4473.872s][info][gc,marking     ] GC(1295) Concurrent Mark From Roots 852.791ms
[4473.872s][info][gc,marking     ] GC(1295) Concurrent Preclean
[4473.872s][info][gc,marking     ] GC(1295) Concurrent Preclean 0.107ms
[4473.872s][info][gc,start       ] GC(1295) Pause Remark
[4473.876s][info][gc             ] GC(1295) Pause Remark 2297M->2297M(4096M) 3.792ms
[4473.876s][info][gc,cpu         ] GC(1295) User=0.02s Sys=0.00s Real=0.00s
[4473.878s][info][gc,marking     ] GC(1295) Concurrent Mark 859.311ms
[4473.878s][info][gc,marking     ] GC(1295) Concurrent Rebuild Remembered Sets and Scrub Regions
[4474.164s][info][gc,marking     ] GC(1295) Concurrent Rebuild Remembered Sets and Scrub Regions 285.870ms
[4474.165s][info][gc,start       ] GC(1295) Pause Cleanup
[4474.165s][info][gc             ] GC(1295) Pause Cleanup 2597M->2597M(4096M) 0.142ms
[4474.165s][info][gc,cpu         ] GC(1295) User=0.00s Sys=0.00s Real=0.00s
[4474.165s][info][gc,marking     ] GC(1295) Concurrent Clear Claimed Marks
[4474.165s][info][gc,marking     ] GC(1295) Concurrent Clear Claimed Marks 0.039ms
[4474.165s][info][gc,marking     ] GC(1295) Concurrent Cleanup for Next Mark
[4474.180s][info][gc,marking     ] GC(1295) Concurrent Cleanup for Next Mark 14.237ms
[4474.180s][info][gc             ] GC(1295) Concurrent Mark Cycle 1308.816ms
.[4475.155s][info][gc,start       ] GC(1296) Pause Young (Prepare Mixed) (G1 Evacuation Pause)
[4475.155s][info][gc,task        ] GC(1296) Using 6 workers of 6 for evacuation
[4475.277s][info][gc,phases      ] GC(1296)   Pre Evacuate Collection Set: 0.34ms
[4475.277s][info][gc,phases      ] GC(1296)   Merge Heap Roots: 0.53ms
[4475.277s][info][gc,phases      ] GC(1296)   Evacuate Collection Set: 120.37ms
[4475.277s][info][gc,phases      ] GC(1296)   Post Evacuate Collection Set: 0.94ms
[4475.277s][info][gc,phases      ] GC(1296)   Other: 0.09ms
[4475.277s][info][gc,heap        ] GC(1296) Eden regions: 1114->0(1104)
[4475.277s][info][gc,heap        ] GC(1296) Survivor regions: 114->112(154)
[4475.277s][info][gc,heap        ] GC(1296) Old regions: 506->537
[4475.277s][info][gc,heap        ] GC(1296) Humongous regions: 80->80
[4475.277s][info][gc,metaspace   ] GC(1296) Metaspace: 28883K(29248K)->28883K(29248K) NonClass: 24015K(24192K)->24015K(24192K) Class: 4867K(5056K)->4867K(5056K)
[4475.277s][info][gc             ] GC(1296) Pause Young (Prepare Mixed) (G1 Evacuation Pause) 3625M->1457M(4096M) 122.415ms
[4475.277s][info][gc,cpu         ] GC(1296) User=0.72s Sys=0.00s Real=0.13s
..[4477.417s][info][gc,start       ] GC(1297) Pause Young (Mixed) (G1 Evacuation Pause)
[4477.417s][info][gc,task        ] GC(1297) Using 6 workers of 6 for evacuation
[4477.558s][info][gc,phases      ] GC(1297)   Pre Evacuate Collection Set: 0.37ms
[4477.558s][info][gc,phases      ] GC(1297)   Merge Heap Roots: 0.69ms
[4477.558s][info][gc,phases      ] GC(1297)   Evacuate Collection Set: 138.40ms
[4477.558s][info][gc,phases      ] GC(1297)   Post Evacuate Collection Set: 0.97ms
[4477.558s][info][gc,phases      ] GC(1297)   Other: 0.09ms
[4477.558s][info][gc,heap        ] GC(1297) Eden regions: 1104->0(1116)
[4477.558s][info][gc,heap        ] GC(1297) Survivor regions: 112->112(152)
[4477.558s][info][gc,heap        ] GC(1297) Old regions: 537->472
[4477.558s][info][gc,heap        ] GC(1297) Humongous regions: 80->80
[4477.558s][info][gc,metaspace   ] GC(1297) Metaspace: 28883K(29248K)->28883K(29248K) NonClass: 24015K(24192K)->24015K(24192K) Class: 4867K(5056K)->4867K(5056K)
[4477.558s][info][gc             ] GC(1297) Pause Young (Mixed) (G1 Evacuation Pause) 3665M->1325M(4096M) 140.636ms
[4477.558s][info][gc,cpu         ] GC(1297) User=0.84s Sys=0.00s Real=0.14s
..[4479.687s][info][gc,start       ] GC(1298) Pause Young (Concurrent Start) (G1 Evacuation Pause)
[4479.687s][info][gc,task        ] GC(1298) Using 6 workers of 6 for evacuation
[4479.803s][info][gc,phases      ] GC(1298)   Pre Evacuate Collection Set: 0.42ms
[4479.803s][info][gc,phases      ] GC(1298)   Merge Heap Roots: 0.44ms
[4479.803s][info][gc,phases      ] GC(1298)   Evacuate Collection Set: 114.07ms
[4479.803s][info][gc,phases      ] GC(1298)   Post Evacuate Collection Set: 0.91ms
[4479.803s][info][gc,phases      ] GC(1298)   Other: 0.13ms
[4479.803s][info][gc,heap        ] GC(1298) Eden regions: 1116->0(1120)
[4479.803s][info][gc,heap        ] GC(1298) Survivor regions: 112->108(154)
[4479.803s][info][gc,heap        ] GC(1298) Old regions: 472->504
[4479.803s][info][gc,heap        ] GC(1298) Humongous regions: 80->80
[4479.803s][info][gc,metaspace   ] GC(1298) Metaspace: 28883K(29248K)->28883K(29248K) NonClass: 24015K(24192K)->24015K(24192K) Class: 4867K(5056K)->4867K(5056K)
[4479.803s][info][gc             ] GC(1298) Pause Young (Concurrent Start) (G1 Evacuation Pause) 3557M->1382M(4096M) 116.103ms
[4479.803s][info][gc             ] GC(1299) Concurrent Mark Cycle
[4479.803s][info][gc,marking     ] GC(1299) Concurrent Scan Root Regions
[4479.803s][info][gc,cpu         ] GC(1298) User=0.69s Sys=0.00s Real=0.11s
.[4479.997s][info][gc,marking     ] GC(1299) Concurrent Scan Root Regions 194.367ms
[4479.998s][info][gc,marking     ] GC(1299) Concurrent Mark
[4479.998s][info][gc,marking     ] GC(1299) Concurrent Mark From Roots
[4479.998s][info][gc,task        ] GC(1299) Using 2 workers of 2 for marking
[4480.720s][info][gc,marking     ] GC(1299) Concurrent Mark From Roots 722.239ms
[4480.720s][info][gc,marking     ] GC(1299) Concurrent Preclean
[4480.720s][info][gc,marking     ] GC(1299) Concurrent Preclean 0.102ms
[4480.725s][info][gc,start       ] GC(1299) Pause Remark
[4480.730s][info][gc             ] GC(1299) Pause Remark 2272M->2272M(4096M) 5.243ms
[4480.730s][info][gc,cpu         ] GC(1299) User=0.02s Sys=0.00s Real=0.01s
[4480.731s][info][gc,marking     ] GC(1299) Concurrent Mark 732.983ms
[4480.731s][info][gc,marking     ] GC(1299) Concurrent Rebuild Remembered Sets and Scrub Regions
.[4481.143s][info][gc,marking     ] GC(1299) Concurrent Rebuild Remembered Sets and Scrub Regions 411.991ms
[4481.143s][info][gc,start       ] GC(1299) Pause Cleanup
[4481.143s][info][gc             ] GC(1299) Pause Cleanup 2691M->2691M(4096M) 0.123ms
[4481.143s][info][gc,cpu         ] GC(1299) User=0.00s Sys=0.00s Real=0.00s
[4481.143s][info][gc,marking     ] GC(1299) Concurrent Clear Claimed Marks
[4481.143s][info][gc,marking     ] GC(1299) Concurrent Clear Claimed Marks 0.028ms
[4481.143s][info][gc,marking     ] GC(1299) Concurrent Cleanup for Next Mark
[4481.149s][info][gc,marking     ] GC(1299) Concurrent Cleanup for Next Mark 6.105ms
[4481.149s][info][gc             ] GC(1299) Concurrent Mark Cycle 1346.260ms
.[4482.144s][info][gc,start       ] GC(1300) Pause Young (Prepare Mixed) (G1 Evacuation Pause)
[4482.144s][info][gc,task        ] GC(1300) Using 6 workers of 6 for evacuation
[4482.261s][info][gc,phases      ] GC(1300)   Pre Evacuate Collection Set: 0.33ms
[4482.261s][info][gc,phases      ] GC(1300)   Merge Heap Roots: 0.48ms
[4482.261s][info][gc,phases      ] GC(1300)   Evacuate Collection Set: 115.72ms
[4482.261s][info][gc,phases      ] GC(1300)   Post Evacuate Collection Set: 0.91ms
[4482.261s][info][gc,phases      ] GC(1300)   Other: 0.08ms
[4482.261s][info][gc,heap        ] GC(1300) Eden regions: 1120->0(1107)
[4482.261s][info][gc,heap        ] GC(1300) Survivor regions: 108->111(154)
[4482.261s][info][gc,heap        ] GC(1300) Old regions: 504->536
[4482.261s][info][gc,heap        ] GC(1300) Humongous regions: 80->80
[4482.261s][info][gc,metaspace   ] GC(1300) Metaspace: 28883K(29248K)->28883K(29248K) NonClass: 24015K(24192K)->24015K(24192K) Class: 4867K(5056K)->4867K(5056K)
[4482.261s][info][gc             ] GC(1300) Pause Young (Prepare Mixed) (G1 Evacuation Pause) 3622M->1452M(4096M) 117.642ms
[4482.261s][info][gc,cpu         ] GC(1300) User=0.69s Sys=0.00s Real=0.12s
..[4484.427s][info][gc,start       ] GC(1301) Pause Young (Mixed) (G1 Evacuation Pause)
[4484.427s][info][gc,task        ] GC(1301) Using 6 workers of 6 for evacuation
[4484.565s][info][gc,phases      ] GC(1301)   Pre Evacuate Collection Set: 0.37ms
[4484.565s][info][gc,phases      ] GC(1301)   Merge Heap Roots: 0.67ms
[4484.565s][info][gc,phases      ] GC(1301)   Evacuate Collection Set: 135.14ms
[4484.565s][info][gc,phases      ] GC(1301)   Post Evacuate Collection Set: 0.92ms
[4484.565s][info][gc,phases      ] GC(1301)   Other: 0.09ms
[4484.565s][info][gc,heap        ] GC(1301) Eden regions: 1107->0(1115)
[4484.565s][info][gc,heap        ] GC(1301) Survivor regions: 111->113(153)
[4484.565s][info][gc,heap        ] GC(1301) Old regions: 536->475
[4484.565s][info][gc,heap        ] GC(1301) Humongous regions: 80->80
[4484.565s][info][gc,metaspace   ] GC(1301) Metaspace: 28883K(29248K)->28883K(29248K) NonClass: 24015K(24192K)->24015K(24192K) Class: 4867K(5056K)->4867K(5056K)
[4484.565s][info][gc             ] GC(1301) Pause Young (Mixed) (G1 Evacuation Pause) 3666M->1335M(4096M) 137.320ms
[4484.565s][info][gc,cpu         ] GC(1301) User=0.81s Sys=0.00s Real=0.13s
..[4486.711s][info][gc,start       ] GC(1302) Pause Young (Concurrent Start) (G1 Evacuation Pause)
[4486.711s][info][gc,task        ] GC(1302) Using 6 workers of 6 for evacuation
[4486.834s][info][gc,phases      ] GC(1302)   Pre Evacuate Collection Set: 0.37ms
[4486.834s][info][gc,phases      ] GC(1302)   Merge Heap Roots: 0.43ms
[4486.834s][info][gc,phases      ] GC(1302)   Evacuate Collection Set: 120.73ms
[4486.834s][info][gc,phases      ] GC(1302)   Post Evacuate Collection Set: 0.79ms
[4486.834s][info][gc,phases      ] GC(1302)   Other: 0.11ms
[4486.834s][info][gc,heap        ] GC(1302) Eden regions: 1115->0(1116)
[4486.834s][info][gc,heap        ] GC(1302) Survivor regions: 113->112(154)
[4486.834s][info][gc,heap        ] GC(1302) Old regions: 475->509
[4486.834s][info][gc,heap        ] GC(1302) Humongous regions: 80->80
[4486.834s][info][gc,metaspace   ] GC(1302) Metaspace: 28883K(29248K)->28883K(29248K) NonClass: 24015K(24192K)->24015K(24192K) Class: 4867K(5056K)->4867K(5056K)
[4486.834s][info][gc             ] GC(1302) Pause Young (Concurrent Start) (G1 Evacuation Pause) 3565M->1400M(4096M) 122.578ms
[4486.834s][info][gc             ] GC(1303) Concurrent Mark Cycle
[4486.834s][info][gc,marking     ] GC(1303) Concurrent Scan Root Regions
[4486.834s][info][gc,cpu         ] GC(1302) User=0.72s Sys=0.00s Real=0.12s
.[4487.020s][info][gc,marking     ] GC(1303) Concurrent Scan Root Regions 186.136ms
[4487.020s][info][gc,marking     ] GC(1303) Concurrent Mark
[4487.020s][info][gc,marking     ] GC(1303) Concurrent Mark From Roots
[4487.020s][info][gc,task        ] GC(1303) Using 2 workers of 2 for marking
.[4488.019s][info][gc,marking     ] GC(1303) Concurrent Mark From Roots 999.179ms
[4488.019s][info][gc,marking     ] GC(1303) Concurrent Preclean
[4488.019s][info][gc,marking     ] GC(1303) Concurrent Preclean 0.107ms
[4488.021s][info][gc,start       ] GC(1303) Pause Remark
[4488.026s][info][gc             ] GC(1303) Pause Remark 2526M->2526M(4096M) 4.572ms
[4488.026s][info][gc,cpu         ] GC(1303) User=0.02s Sys=0.00s Real=0.00s
[4488.027s][info][gc,marking     ] GC(1303) Concurrent Mark 1006.858ms
[4488.027s][info][gc,marking     ] GC(1303) Concurrent Rebuild Remembered Sets and Scrub Regions
[4488.395s][info][gc,marking     ] GC(1303) Concurrent Rebuild Remembered Sets and Scrub Regions 367.598ms
[4488.398s][info][gc,start       ] GC(1303) Pause Cleanup
[4488.398s][info][gc             ] GC(1303) Pause Cleanup 2942M->2942M(4096M) 0.132ms
[4488.398s][info][gc,cpu         ] GC(1303) User=0.00s Sys=0.00s Real=0.00s
[4488.398s][info][gc,marking     ] GC(1303) Concurrent Clear Claimed Marks
[4488.398s][info][gc,marking     ] GC(1303) Concurrent Clear Claimed Marks 0.031ms
[4488.398s][info][gc,marking     ] GC(1303) Concurrent Cleanup for Next Mark
[4488.405s][info][gc,marking     ] GC(1303) Concurrent Cleanup for Next Mark 6.700ms
[4488.405s][info][gc             ] GC(1303) Concurrent Mark Cycle 1570.729ms
.[4489.073s][info][gc,start       ] GC(1304) Pause Young (Prepare Mixed) (G1 Evacuation Pause)
[4489.073s][info][gc,task        ] GC(1304) Using 6 workers of 6 for evacuation
[4489.197s][info][gc,phases      ] GC(1304)   Pre Evacuate Collection Set: 0.33ms
[4489.197s][info][gc,phases      ] GC(1304)   Merge Heap Roots: 0.51ms
[4489.197s][info][gc,phases      ] GC(1304)   Evacuate Collection Set: 122.21ms
[4489.197s][info][gc,phases      ] GC(1304)   Post Evacuate Collection Set: 0.92ms
[4489.197s][info][gc,phases      ] GC(1304)   Other: 0.08ms
[4489.197s][info][gc,heap        ] GC(1304) Eden regions: 1116->0(1095)
[4489.197s][info][gc,heap        ] GC(1304) Survivor regions: 112->115(154)
[4489.197s][info][gc,heap        ] GC(1304) Old regions: 509->540
[4489.197s][info][gc,heap        ] GC(1304) Humongous regions: 80->80
[4489.197s][info][gc,metaspace   ] GC(1304) Metaspace: 28883K(29248K)->28883K(29248K) NonClass: 24015K(24192K)->24015K(24192K) Class: 4867K(5056K)->4867K(5056K)
[4489.197s][info][gc             ] GC(1304) Pause Young (Prepare Mixed) (G1 Evacuation Pause) 3632M->1468M(4096M) 124.177ms
[4489.197s][info][gc,cpu         ] GC(1304) User=0.73s Sys=0.01s Real=0.13s
..[4491.346s][info][gc,start       ] GC(1305) Pause Young (Mixed) (G1 Evacuation Pause)
[4491.346s][info][gc,task        ] GC(1305) Using 6 workers of 6 for evacuation
[4491.479s][info][gc,phases      ] GC(1305)   Pre Evacuate Collection Set: 0.39ms
[4491.479s][info][gc,phases      ] GC(1305)   Merge Heap Roots: 0.59ms
[4491.479s][info][gc,phases      ] GC(1305)   Evacuate Collection Set: 130.95ms
[4491.479s][info][gc,phases      ] GC(1305)   Post Evacuate Collection Set: 0.93ms
[4491.479s][info][gc,phases      ] GC(1305)   Other: 0.10ms
[4491.479s][info][gc,heap        ] GC(1305) Eden regions: 1095->0(1117)
[4491.479s][info][gc,heap        ] GC(1305) Survivor regions: 115->111(152)
[4491.479s][info][gc,heap        ] GC(1305) Old regions: 540->474
[4491.479s][info][gc,heap        ] GC(1305) Humongous regions: 80->80
[4491.479s][info][gc,metaspace   ] GC(1305) Metaspace: 28883K(29248K)->28883K(29248K) NonClass: 24015K(24192K)->24015K(24192K) Class: 4867K(5056K)->4867K(5056K)
[4491.479s][info][gc             ] GC(1305) Pause Young (Mixed) (G1 Evacuation Pause) 3658M->1328M(4096M) 133.119ms
[4491.479s][info][gc,cpu         ] GC(1305) User=0.79s Sys=0.00s Real=0.14s
..[4493.693s][info][gc,start       ] GC(1306) Pause Young (Concurrent Start) (G1 Evacuation Pause)
[4493.693s][info][gc,task        ] GC(1306) Using 6 workers of 6 for evacuation
[4493.808s][info][gc,phases      ] GC(1306)   Pre Evacuate Collection Set: 0.37ms
[4493.808s][info][gc,phases      ] GC(1306)   Merge Heap Roots: 0.44ms
[4493.808s][info][gc,phases      ] GC(1306)   Evacuate Collection Set: 113.44ms
[4493.808s][info][gc,phases      ] GC(1306)   Post Evacuate Collection Set: 0.89ms
[4493.808s][info][gc,phases      ] GC(1306)   Other: 0.09ms
[4493.808s][info][gc,heap        ] GC(1306) Eden regions: 1117->0(1120)
[4493.808s][info][gc,heap        ] GC(1306) Survivor regions: 111->108(154)
[4493.808s][info][gc,heap        ] GC(1306) Old regions: 474->506
[4493.808s][info][gc,heap        ] GC(1306) Humongous regions: 80->80
[4493.808s][info][gc,metaspace   ] GC(1306) Metaspace: 28883K(29248K)->28883K(29248K) NonClass: 24015K(24192K)->24015K(24192K) Class: 4867K(5056K)->4867K(5056K)
[4493.808s][info][gc             ] GC(1306) Pause Young (Concurrent Start) (G1 Evacuation Pause) 3562M->1387M(4096M) 115.357ms
[4493.808s][info][gc             ] GC(1307) Concurrent Mark Cycle
[4493.808s][info][gc,marking     ] GC(1307) Concurrent Scan Root Regions
[4493.808s][info][gc,cpu         ] GC(1306) User=0.68s Sys=0.00s Real=0.12s
[4493.985s][info][gc,marking     ] GC(1307) Concurrent Scan Root Regions 176.411ms
[4493.985s][info][gc,marking     ] GC(1307) Concurrent Mark
[4493.985s][info][gc,marking     ] GC(1307) Concurrent Mark From Roots
[4493.985s][info][gc,task        ] GC(1307) Using 2 workers of 2 for marking
.[4495.000s][info][gc,marking     ] GC(1307) Concurrent Mark From Roots 1014.937ms
[4495.000s][info][gc,marking     ] GC(1307) Concurrent Preclean
[4495.000s][info][gc,marking     ] GC(1307) Concurrent Preclean 0.107ms
[4495.001s][info][gc,start       ] GC(1307) Pause Remark
[4495.005s][info][gc             ] GC(1307) Pause Remark 2571M->2571M(4096M) 4.335ms
[4495.005s][info][gc,cpu         ] GC(1307) User=0.02s Sys=0.00s Real=0.00s
[4495.007s][info][gc,marking     ] GC(1307) Concurrent Mark 1022.055ms
[4495.007s][info][gc,marking     ] GC(1307) Concurrent Rebuild Remembered Sets and Scrub Regions
.[4495.372s][info][gc,marking     ] GC(1307) Concurrent Rebuild Remembered Sets and Scrub Regions 365.779ms
[4495.373s][info][gc,start       ] GC(1307) Pause Cleanup
[4495.373s][info][gc             ] GC(1307) Pause Cleanup 2901M->2901M(4096M) 0.116ms
[4495.373s][info][gc,cpu         ] GC(1307) User=0.00s Sys=0.00s Real=0.00s
[4495.373s][info][gc,marking     ] GC(1307) Concurrent Clear Claimed Marks
[4495.373s][info][gc,marking     ] GC(1307) Concurrent Clear Claimed Marks 0.030ms
[4495.373s][info][gc,marking     ] GC(1307) Concurrent Cleanup for Next Mark
[4495.379s][info][gc,marking     ] GC(1307) Concurrent Cleanup for Next Mark 5.443ms
[4495.379s][info][gc             ] GC(1307) Concurrent Mark Cycle 1570.829ms
.[4496.047s][info][gc,start       ] GC(1308) Pause Young (Prepare Mixed) (G1 Evacuation Pause)
[4496.047s][info][gc,task        ] GC(1308) Using 6 workers of 6 for evacuation
[4496.170s][info][gc,phases      ] GC(1308)   Pre Evacuate Collection Set: 0.32ms
[4496.170s][info][gc,phases      ] GC(1308)   Merge Heap Roots: 0.49ms
[4496.170s][info][gc,phases      ] GC(1308)   Evacuate Collection Set: 120.40ms
[4496.170s][info][gc,phases      ] GC(1308)   Post Evacuate Collection Set: 0.99ms
[4496.170s][info][gc,phases      ] GC(1308)   Other: 0.09ms
[4496.170s][info][gc,heap        ] GC(1308) Eden regions: 1120->0(1103)
[4496.170s][info][gc,heap        ] GC(1308) Survivor regions: 108->112(154)
[4496.170s][info][gc,heap        ] GC(1308) Old regions: 506->538
[4496.170s][info][gc,heap        ] GC(1308) Humongous regions: 80->80
[4496.170s][info][gc,metaspace   ] GC(1308) Metaspace: 28883K(29248K)->28883K(29248K) NonClass: 24015K(24192K)->24015K(24192K) Class: 4867K(5056K)->4867K(5056K)
[4496.170s][info][gc             ] GC(1308) Pause Young (Prepare Mixed) (G1 Evacuation Pause) 3627M->1458M(4096M) 122.418ms
[4496.170s][info][gc,cpu         ] GC(1308) User=0.72s Sys=0.00s Real=0.12s
..[4498.344s][info][gc,start       ] GC(1309) Pause Young (Mixed) (G1 Evacuation Pause)
[4498.344s][info][gc,task        ] GC(1309) Using 6 workers of 6 for evacuation
[4498.480s][info][gc,phases      ] GC(1309)   Pre Evacuate Collection Set: 0.39ms
[4498.480s][info][gc,phases      ] GC(1309)   Merge Heap Roots: 0.66ms
[4498.480s][info][gc,phases      ] GC(1309)   Evacuate Collection Set: 134.29ms
[4498.480s][info][gc,phases      ] GC(1309)   Post Evacuate Collection Set: 0.93ms
[4498.480s][info][gc,phases      ] GC(1309)   Other: 0.08ms
[4498.480s][info][gc,heap        ] GC(1309) Eden regions: 1103->0(1116)
[4498.480s][info][gc,heap        ] GC(1309) Survivor regions: 112->112(152)
[4498.480s][info][gc,heap        ] GC(1309) Old regions: 538->474
[4498.480s][info][gc,heap        ] GC(1309) Humongous regions: 80->80
[4498.480s][info][gc,metaspace   ] GC(1309) Metaspace: 28883K(29248K)->28883K(29248K) NonClass: 24015K(24192K)->24015K(24192K) Class: 4867K(5056K)->4867K(5056K)
[4498.480s][info][gc             ] GC(1309) Pause Young (Mixed) (G1 Evacuation Pause) 3664M->1329M(4096M) 136.489ms
[4498.480s][info][gc,cpu         ] GC(1309) User=0.81s Sys=0.00s Real=0.14s
..[4500.720s][info][gc,start       ] GC(1310) Pause Young (Concurrent Start) (G1 Evacuation Pause)
[4500.720s][info][gc,task        ] GC(1310) Using 6 workers of 6 for evacuation
[4500.841s][info][gc,phases      ] GC(1310)   Pre Evacuate Collection Set: 0.33ms
[4500.842s][info][gc,phases      ] GC(1310)   Merge Heap Roots: 0.43ms
[4500.842s][info][gc,phases      ] GC(1310)   Evacuate Collection Set: 119.18ms
[4500.842s][info][gc,phases      ] GC(1310)   Post Evacuate Collection Set: 0.97ms
[4500.842s][info][gc,phases      ] GC(1310)   Other: 0.11ms
[4500.842s][info][gc,heap        ] GC(1310) Eden regions: 1116->0(1116)
[4500.842s][info][gc,heap        ] GC(1310) Survivor regions: 112->112(154)
[4500.842s][info][gc,heap        ] GC(1310) Old regions: 474->505
[4500.842s][info][gc,heap        ] GC(1310) Humongous regions: 80->80
[4500.842s][info][gc,metaspace   ] GC(1310) Metaspace: 28883K(29248K)->28883K(29248K) NonClass: 24015K(24192K)->24015K(24192K) Class: 4867K(5056K)->4867K(5056K)
[4500.842s][info][gc             ] GC(1310) Pause Young (Concurrent Start) (G1 Evacuation Pause) 3561M->1393M(4096M) 121.163ms
[4500.842s][info][gc             ] GC(1311) Concurrent Mark Cycle
[4500.842s][info][gc,marking     ] GC(1311) Concurrent Scan Root Regions
[4500.842s][info][gc,cpu         ] GC(1310) User=0.71s Sys=0.00s Real=0.12s
[4500.982s][info][gc,marking     ] GC(1311) Concurrent Scan Root Regions 140.760ms
[4500.982s][info][gc,marking     ] GC(1311) Concurrent Mark
[4500.982s][info][gc,marking     ] GC(1311) Concurrent Mark From Roots
[4500.982s][info][gc,task        ] GC(1311) Using 2 workers of 2 for marking
.[4501.738s][info][gc,marking     ] GC(1311) Concurrent Mark From Roots 755.112ms
[4501.738s][info][gc,marking     ] GC(1311) Concurrent Preclean
[4501.738s][info][gc,marking     ] GC(1311) Concurrent Preclean 0.101ms
[4501.739s][info][gc,start       ] GC(1311) Pause Remark
[4501.744s][info][gc             ] GC(1311) Pause Remark 2243M->2243M(4096M) 4.640ms
[4501.744s][info][gc,cpu         ] GC(1311) User=0.02s Sys=0.00s Real=0.00s
[4501.744s][info][gc,marking     ] GC(1311) Concurrent Mark 761.404ms
[4501.744s][info][gc,marking     ] GC(1311) Concurrent Rebuild Remembered Sets and Scrub Regions
.[4502.074s][info][gc,marking     ] GC(1311) Concurrent Rebuild Remembered Sets and Scrub Regions 329.951ms
[4502.074s][info][gc,start       ] GC(1311) Pause Cleanup
[4502.074s][info][gc             ] GC(1311) Pause Cleanup 2518M->2518M(4096M) 0.107ms
[4502.074s][info][gc,cpu         ] GC(1311) User=0.00s Sys=0.00s Real=0.00s
[4502.074s][info][gc,marking     ] GC(1311) Concurrent Clear Claimed Marks
[4502.074s][info][gc,marking     ] GC(1311) Concurrent Clear Claimed Marks 0.023ms
[4502.074s][info][gc,marking     ] GC(1311) Concurrent Cleanup for Next Mark
[4502.080s][info][gc,marking     ] GC(1311) Concurrent Cleanup for Next Mark 5.832ms
[4502.080s][info][gc             ] GC(1311) Concurrent Mark Cycle 1238.440ms
[4503.042s][info][gc,start       ] GC(1312) Pause Young (Prepare Mixed) (G1 Evacuation Pause)
[4503.042s][info][gc,task        ] GC(1312) Using 6 workers of 6 for evacuation
[4503.162s][info][gc,phases      ] GC(1312)   Pre Evacuate Collection Set: 0.34ms
[4503.162s][info][gc,phases      ] GC(1312)   Merge Heap Roots: 0.51ms
[4503.162s][info][gc,phases      ] GC(1312)   Evacuate Collection Set: 117.94ms
[4503.162s][info][gc,phases      ] GC(1312)   Post Evacuate Collection Set: 0.94ms
[4503.162s][info][gc,phases      ] GC(1312)   Other: 0.08ms
[4503.162s][info][gc,heap        ] GC(1312) Eden regions: 1116->0(1108)
[4503.162s][info][gc,heap        ] GC(1312) Survivor regions: 112->110(154)
[4503.162s][info][gc,heap        ] GC(1312) Old regions: 505->537
[4503.162s][info][gc,heap        ] GC(1312) Humongous regions: 80->80
[4503.162s][info][gc,metaspace   ] GC(1312) Metaspace: 28883K(29248K)->28883K(29248K) NonClass: 24015K(24192K)->24015K(24192K) Class: 4867K(5056K)->4867K(5056K)
[4503.162s][info][gc             ] GC(1312) Pause Young (Prepare Mixed) (G1 Evacuation Pause) 3625M->1453M(4096M) 119.928ms
[4503.162s][info][gc,cpu         ] GC(1312) User=0.71s Sys=0.00s Real=0.12s
...[4505.386s][info][gc,start       ] GC(1313) Pause Young (Mixed) (G1 Evacuation Pause)
[4505.386s][info][gc,task        ] GC(1313) Using 6 workers of 6 for evacuation
[4505.523s][info][gc,phases      ] GC(1313)   Pre Evacuate Collection Set: 0.36ms
[4505.523s][info][gc,phases      ] GC(1313)   Merge Heap Roots: 0.68ms
[4505.523s][info][gc,phases      ] GC(1313)   Evacuate Collection Set: 134.10ms
[4505.523s][info][gc,phases      ] GC(1313)   Post Evacuate Collection Set: 0.93ms
[4505.523s][info][gc,phases      ] GC(1313)   Other: 0.10ms
[4505.523s][info][gc,heap        ] GC(1313) Eden regions: 1108->0(1118)
[4505.523s][info][gc,heap        ] GC(1313) Survivor regions: 110->110(153)
[4505.523s][info][gc,heap        ] GC(1313) Old regions: 537->473
[4505.523s][info][gc,heap        ] GC(1313) Humongous regions: 80->80
[4505.523s][info][gc,metaspace   ] GC(1313) Metaspace: 28883K(29248K)->28883K(29248K) NonClass: 24015K(24192K)->24015K(24192K) Class: 4867K(5056K)->4867K(5056K)
[4505.523s][info][gc             ] GC(1313) Pause Young (Mixed) (G1 Evacuation Pause) 3669M->1324M(4096M) 136.297ms
[4505.523s][info][gc,cpu         ] GC(1313) User=0.81s Sys=0.00s Real=0.14s
..[4507.761s][info][gc,start       ] GC(1314) Pause Young (Concurrent Start) (G1 Evacuation Pause)
[4507.761s][info][gc,task        ] GC(1314) Using 6 workers of 6 for evacuation
[4507.878s][info][gc,phases      ] GC(1314)   Pre Evacuate Collection Set: 0.41ms
[4507.878s][info][gc,phases      ] GC(1314)   Merge Heap Roots: 0.47ms
[4507.878s][info][gc,phases      ] GC(1314)   Evacuate Collection Set: 114.80ms
[4507.878s][info][gc,phases      ] GC(1314)   Post Evacuate Collection Set: 0.90ms
[4507.878s][info][gc,phases      ] GC(1314)   Other: 0.14ms
[4507.878s][info][gc,heap        ] GC(1314) Eden regions: 1118->0(1118)
[4507.878s][info][gc,heap        ] GC(1314) Survivor regions: 110->110(154)
[4507.878s][info][gc,heap        ] GC(1314) Old regions: 473->505
[4507.878s][info][gc,heap        ] GC(1314) Humongous regions: 80->80
[4507.878s][info][gc,metaspace   ] GC(1314) Metaspace: 28883K(29248K)->28883K(29248K) NonClass: 24015K(24192K)->24015K(24192K) Class: 4867K(5056K)->4867K(5056K)
[4507.878s][info][gc             ] GC(1314) Pause Young (Concurrent Start) (G1 Evacuation Pause) 3560M->1388M(4096M) 116.872ms
[4507.878s][info][gc             ] GC(1315) Concurrent Mark Cycle
[4507.878s][info][gc,marking     ] GC(1315) Concurrent Scan Root Regions
[4507.878s][info][gc,cpu         ] GC(1314) User=0.70s Sys=0.00s Real=0.12s
[4508.055s][info][gc,marking     ] GC(1315) Concurrent Scan Root Regions 176.675ms
[4508.055s][info][gc,marking     ] GC(1315) Concurrent Mark
[4508.055s][info][gc,marking     ] GC(1315) Concurrent Mark From Roots
[4508.055s][info][gc,task        ] GC(1315) Using 2 workers of 2 for marking
.[4509.058s][info][gc,marking     ] GC(1315) Concurrent Mark From Roots 1003.468ms
[4509.058s][info][gc,marking     ] GC(1315) Concurrent Preclean
[4509.058s][info][gc,marking     ] GC(1315) Concurrent Preclean 0.101ms
[4509.061s][info][gc,start       ] GC(1315) Pause Remark
[4509.065s][info][gc             ] GC(1315) Pause Remark 2516M->2516M(4096M) 3.835ms
[4509.065s][info][gc,cpu         ] GC(1315) User=0.02s Sys=0.00s Real=0.00s
[4509.065s][info][gc,marking     ] GC(1315) Concurrent Mark 1010.467ms
[4509.065s][info][gc,marking     ] GC(1315) Concurrent Rebuild Remembered Sets and Scrub Regions
.[4509.429s][info][gc,marking     ] GC(1315) Concurrent Rebuild Remembered Sets and Scrub Regions 364.119ms
[4509.430s][info][gc,start       ] GC(1315) Pause Cleanup
[4509.430s][info][gc             ] GC(1315) Pause Cleanup 2894M->2894M(4096M) 0.121ms
[4509.430s][info][gc,cpu         ] GC(1315) User=0.00s Sys=0.00s Real=0.00s
[4509.431s][info][gc,marking     ] GC(1315) Concurrent Clear Claimed Marks
[4509.431s][info][gc,marking     ] GC(1315) Concurrent Clear Claimed Marks 0.037ms
[4509.431s][info][gc,marking     ] GC(1315) Concurrent Cleanup for Next Mark
[4509.437s][info][gc,marking     ] GC(1315) Concurrent Cleanup for Next Mark 5.325ms
[4509.437s][info][gc             ] GC(1315) Concurrent Mark Cycle 1558.744ms
[4510.037s][info][gc,start       ] GC(1316) Pause Young (Prepare Mixed) (G1 Evacuation Pause)
[4510.037s][info][gc,task        ] GC(1316) Using 6 workers of 6 for evacuation
[4510.155s][info][gc,phases      ] GC(1316)   Pre Evacuate Collection Set: 0.32ms
[4510.155s][info][gc,phases      ] GC(1316)   Merge Heap Roots: 0.52ms
[4510.155s][info][gc,phases      ] GC(1316)   Evacuate Collection Set: 116.45ms
[4510.155s][info][gc,phases      ] GC(1316)   Post Evacuate Collection Set: 0.92ms
[4510.155s][info][gc,phases      ] GC(1316)   Other: 0.09ms
[4510.155s][info][gc,heap        ] GC(1316) Eden regions: 1118->0(1108)
[4510.155s][info][gc,heap        ] GC(1316) Survivor regions: 110->110(154)
[4510.155s][info][gc,heap        ] GC(1316) Old regions: 505->537
[4510.155s][info][gc,heap        ] GC(1316) Humongous regions: 80->80
[4510.155s][info][gc,metaspace   ] GC(1316) Metaspace: 28883K(29248K)->28883K(29248K) NonClass: 24015K(24192K)->24015K(24192K) Class: 4867K(5056K)->4867K(5056K)
[4510.155s][info][gc             ] GC(1316) Pause Young (Prepare Mixed) (G1 Evacuation Pause) 3624M->1453M(4096M) 118.439ms
[4510.155s][info][gc,cpu         ] GC(1316) User=0.70s Sys=0.00s Real=0.12s
...[4512.268s][info][gc,start       ] GC(1317) Pause Young (Mixed) (G1 Evacuation Pause)
[4512.268s][info][gc,task        ] GC(1317) Using 6 workers of 6 for evacuation
[4512.407s][info][gc,phases      ] GC(1317)   Pre Evacuate Collection Set: 0.35ms
[4512.407s][info][gc,phases      ] GC(1317)   Merge Heap Roots: 0.66ms
[4512.407s][info][gc,phases      ] GC(1317)   Evacuate Collection Set: 136.64ms
[4512.407s][info][gc,phases      ] GC(1317)   Post Evacuate Collection Set: 0.95ms
[4512.407s][info][gc,phases      ] GC(1317)   Other: 0.09ms
[4512.407s][info][gc,heap        ] GC(1317) Eden regions: 1108->0(1113)
[4512.407s][info][gc,heap        ] GC(1317) Survivor regions: 110->115(153)
[4512.407s][info][gc,heap        ] GC(1317) Old regions: 537->474
[4512.407s][info][gc,heap        ] GC(1317) Humongous regions: 80->80
[4512.407s][info][gc,metaspace   ] GC(1317) Metaspace: 28883K(29248K)->28883K(29248K) NonClass: 24015K(24192K)->24015K(24192K) Class: 4867K(5056K)->4867K(5056K)
[4512.407s][info][gc             ] GC(1317) Pause Young (Mixed) (G1 Evacuation Pause) 3669M->1336M(4096M) 138.824ms
[4512.407s][info][gc,cpu         ] GC(1317) User=0.82s Sys=0.00s Real=0.13s
..[4514.562s][info][gc,start       ] GC(1318) Pause Young (Concurrent Start) (G1 Evacuation Pause)
[4514.562s][info][gc,task        ] GC(1318) Using 6 workers of 6 for evacuation
[4514.683s][info][gc,phases      ] GC(1318)   Pre Evacuate Collection Set: 0.34ms
[4514.683s][info][gc,phases      ] GC(1318)   Merge Heap Roots: 0.46ms
[4514.683s][info][gc,phases      ] GC(1318)   Evacuate Collection Set: 118.89ms
[4514.683s][info][gc,phases      ] GC(1318)   Post Evacuate Collection Set: 0.86ms
[4514.683s][info][gc,phases      ] GC(1318)   Other: 0.12ms
[4514.683s][info][gc,heap        ] GC(1318) Eden regions: 1113->0(1115)
[4514.683s][info][gc,heap        ] GC(1318) Survivor regions: 115->113(154)
[4514.683s][info][gc,heap        ] GC(1318) Old regions: 474->505
[4514.683s][info][gc,heap        ] GC(1318) Humongous regions: 80->80
[4514.683s][info][gc,metaspace   ] GC(1318) Metaspace: 28883K(29248K)->28883K(29248K) NonClass: 24015K(24192K)->24015K(24192K) Class: 4867K(5056K)->4867K(5056K)
[4514.683s][info][gc             ] GC(1318) Pause Young (Concurrent Start) (G1 Evacuation Pause) 3562M->1394M(4096M) 120.810ms
[4514.683s][info][gc             ] GC(1319) Concurrent Mark Cycle
[4514.683s][info][gc,marking     ] GC(1319) Concurrent Scan Root Regions
[4514.683s][info][gc,cpu         ] GC(1318) User=0.72s Sys=0.00s Real=0.12s
[4514.866s][info][gc,marking     ] GC(1319) Concurrent Scan Root Regions 183.474ms
[4514.866s][info][gc,marking     ] GC(1319) Concurrent Mark
[4514.866s][info][gc,marking     ] GC(1319) Concurrent Mark From Roots
[4514.866s][info][gc,task        ] GC(1319) Using 2 workers of 2 for marking
.[4515.875s][info][gc,marking     ] GC(1319) Concurrent Mark From Roots 1008.891ms
[4515.875s][info][gc,marking     ] GC(1319) Concurrent Preclean
[4515.876s][info][gc,marking     ] GC(1319) Concurrent Preclean 0.105ms
[4515.877s][info][gc,start       ] GC(1319) Pause Remark
[4515.883s][info][gc             ] GC(1319) Pause Remark 2524M->2524M(4096M) 5.602ms
[4515.883s][info][gc,cpu         ] GC(1319) User=0.03s Sys=0.00s Real=0.00s
[4515.883s][info][gc,marking     ] GC(1319) Concurrent Mark 1016.250ms
[4515.883s][info][gc,marking     ] GC(1319) Concurrent Rebuild Remembered Sets and Scrub Regions
.[4516.267s][info][gc,marking     ] GC(1319) Concurrent Rebuild Remembered Sets and Scrub Regions 384.215ms
[4516.267s][info][gc,start       ] GC(1319) Pause Cleanup
[4516.267s][info][gc             ] GC(1319) Pause Cleanup 2964M->2964M(4096M) 0.109ms
[4516.267s][info][gc,cpu         ] GC(1319) User=0.00s Sys=0.00s Real=0.00s
[4516.267s][info][gc,marking     ] GC(1319) Concurrent Clear Claimed Marks
[4516.267s][info][gc,marking     ] GC(1319) Concurrent Clear Claimed Marks 0.024ms
[4516.267s][info][gc,marking     ] GC(1319) Concurrent Cleanup for Next Mark
[4516.273s][info][gc,marking     ] GC(1319) Concurrent Cleanup for Next Mark 5.389ms
[4516.273s][info][gc             ] GC(1319) Concurrent Mark Cycle 1589.812ms
[4516.870s][info][gc,start       ] GC(1320) Pause Young (Prepare Mixed) (G1 Evacuation Pause)
[4516.870s][info][gc,task        ] GC(1320) Using 6 workers of 6 for evacuation
[4516.987s][info][gc,phases      ] GC(1320)   Pre Evacuate Collection Set: 0.34ms
[4516.987s][info][gc,phases      ] GC(1320)   Merge Heap Roots: 0.48ms
[4516.987s][info][gc,phases      ] GC(1320)   Evacuate Collection Set: 114.60ms
[4516.987s][info][gc,phases      ] GC(1320)   Post Evacuate Collection Set: 0.94ms
[4516.987s][info][gc,phases      ] GC(1320)   Other: 0.09ms
[4516.987s][info][gc,heap        ] GC(1320) Eden regions: 1115->0(1112)
[4516.987s][info][gc,heap        ] GC(1320) Survivor regions: 113->108(154)
[4516.987s][info][gc,heap        ] GC(1320) Old regions: 505->537
[4516.987s][info][gc,heap        ] GC(1320) Humongous regions: 80->80
[4516.987s][info][gc,metaspace   ] GC(1320) Metaspace: 28883K(29248K)->28883K(29248K) NonClass: 24015K(24192K)->24015K(24192K) Class: 4867K(5056K)->4867K(5056K)
[4516.987s][info][gc             ] GC(1320) Pause Young (Prepare Mixed) (G1 Evacuation Pause) 3624M->1449M(4096M) 116.593ms
[4516.987s][info][gc,cpu         ] GC(1320) User=0.69s Sys=0.00s Real=0.11s
..[4519.235s][info][gc,start       ] GC(1321) Pause Young (Mixed) (G1 Evacuation Pause)
[4519.235s][info][gc,task        ] GC(1321) Using 6 workers of 6 for evacuation
[4519.375s][info][gc,phases      ] GC(1321)   Pre Evacuate Collection Set: 0.39ms
[4519.375s][info][gc,phases      ] GC(1321)   Merge Heap Roots: 0.74ms
[4519.375s][info][gc,phases      ] GC(1321)   Evacuate Collection Set: 137.54ms
[4519.375s][info][gc,phases      ] GC(1321)   Post Evacuate Collection Set: 0.96ms
[4519.375s][info][gc,phases      ] GC(1321)   Other: 0.09ms
[4519.375s][info][gc,heap        ] GC(1321) Eden regions: 1112->0(1115)
[4519.375s][info][gc,heap        ] GC(1321) Survivor regions: 108->113(153)
[4519.375s][info][gc,heap        ] GC(1321) Old regions: 537->472
[4519.375s][info][gc,heap        ] GC(1321) Humongous regions: 80->80
[4519.375s][info][gc,metaspace   ] GC(1321) Metaspace: 28883K(29248K)->28883K(29248K) NonClass: 24015K(24192K)->24015K(24192K) Class: 4867K(5056K)->4867K(5056K)
[4519.375s][info][gc             ] GC(1321) Pause Young (Mixed) (G1 Evacuation Pause) 3673M->1328M(4096M) 139.851ms
[4519.375s][info][gc,cpu         ] GC(1321) User=0.82s Sys=0.00s Real=0.14s
...[4521.462s][info][gc,start       ] GC(1322) Pause Young (Concurrent Start) (G1 Evacuation Pause)
[4521.462s][info][gc,task        ] GC(1322) Using 6 workers of 6 for evacuation
[4521.577s][info][gc,phases      ] GC(1322)   Pre Evacuate Collection Set: 0.39ms
[4521.577s][info][gc,phases      ] GC(1322)   Merge Heap Roots: 0.45ms
[4521.577s][info][gc,phases      ] GC(1322)   Evacuate Collection Set: 113.04ms
[4521.577s][info][gc,phases      ] GC(1322)   Post Evacuate Collection Set: 0.88ms
[4521.577s][info][gc,phases      ] GC(1322)   Other: 0.12ms
[4521.577s][info][gc,heap        ] GC(1322) Eden regions: 1115->0(1120)
[4521.577s][info][gc,heap        ] GC(1322) Survivor regions: 113->108(154)
[4521.577s][info][gc,heap        ] GC(1322) Old regions: 472->503
[4521.577s][info][gc,heap        ] GC(1322) Humongous regions: 80->80
[4521.577s][info][gc,metaspace   ] GC(1322) Metaspace: 28883K(29248K)->28883K(29248K) NonClass: 24015K(24192K)->24015K(24192K) Class: 4867K(5056K)->4867K(5056K)
[4521.577s][info][gc             ] GC(1322) Pause Young (Concurrent Start) (G1 Evacuation Pause) 3558M->1380M(4096M) 115.026ms
[4521.577s][info][gc             ] GC(1323) Concurrent Mark Cycle
[4521.577s][info][gc,marking     ] GC(1323) Concurrent Scan Root Regions
[4521.577s][info][gc,cpu         ] GC(1322) User=0.68s Sys=0.00s Real=0.12s
[4521.754s][info][gc,marking     ] GC(1323) Concurrent Scan Root Regions 177.007ms
[4521.754s][info][gc,marking     ] GC(1323) Concurrent Mark
[4521.754s][info][gc,marking     ] GC(1323) Concurrent Mark From Roots
[4521.754s][info][gc,task        ] GC(1323) Using 2 workers of 2 for marking
.[4522.713s][info][gc,marking     ] GC(1323) Concurrent Mark From Roots 958.417ms
[4522.713s][info][gc,marking     ] GC(1323) Concurrent Preclean
[4522.713s][info][gc,marking     ] GC(1323) Concurrent Preclean 0.103ms
[4522.714s][info][gc,start       ] GC(1323) Pause Remark
[4522.719s][info][gc             ] GC(1323) Pause Remark 2484M->2484M(4096M) 5.405ms
[4522.719s][info][gc,cpu         ] GC(1323) User=0.03s Sys=0.00s Real=0.01s
[4522.719s][info][gc,marking     ] GC(1323) Concurrent Mark 964.982ms
[4522.719s][info][gc,marking     ] GC(1323) Concurrent Rebuild Remembered Sets and Scrub Regions
[4523.096s][info][gc,marking     ] GC(1323) Concurrent Rebuild Remembered Sets and Scrub Regions 376.565ms
[4523.098s][info][gc,start       ] GC(1323) Pause Cleanup
[4523.098s][info][gc             ] GC(1323) Pause Cleanup 2852M->2852M(4096M) 0.134ms
[4523.098s][info][gc,cpu         ] GC(1323) User=0.00s Sys=0.00s Real=0.00s
[4523.098s][info][gc,marking     ] GC(1323) Concurrent Clear Claimed Marks
[4523.098s][info][gc,marking     ] GC(1323) Concurrent Clear Claimed Marks 0.029ms
[4523.098s][info][gc,marking     ] GC(1323) Concurrent Cleanup for Next Mark
[4523.111s][info][gc,marking     ] GC(1323) Concurrent Cleanup for Next Mark 13.513ms
[4523.112s][info][gc             ] GC(1323) Concurrent Mark Cycle 1534.269ms
.[4523.835s][info][gc,start       ] GC(1324) Pause Young (Prepare Mixed) (G1 Evacuation Pause)
[4523.835s][info][gc,task        ] GC(1324) Using 6 workers of 6 for evacuation
[4523.953s][info][gc,phases      ] GC(1324)   Pre Evacuate Collection Set: 0.33ms
[4523.953s][info][gc,phases      ] GC(1324)   Merge Heap Roots: 0.51ms
[4523.953s][info][gc,phases      ] GC(1324)   Evacuate Collection Set: 116.38ms
[4523.953s][info][gc,phases      ] GC(1324)   Post Evacuate Collection Set: 0.94ms
[4523.953s][info][gc,phases      ] GC(1324)   Other: 0.09ms
[4523.953s][info][gc,heap        ] GC(1324) Eden regions: 1120->0(1109)
[4523.953s][info][gc,heap        ] GC(1324) Survivor regions: 108->110(154)
[4523.953s][info][gc,heap        ] GC(1324) Old regions: 503->536
[4523.953s][info][gc,heap        ] GC(1324) Humongous regions: 80->80
[4523.953s][info][gc,metaspace   ] GC(1324) Metaspace: 28883K(29248K)->28883K(29248K) NonClass: 24015K(24192K)->24015K(24192K) Class: 4867K(5056K)->4867K(5056K)
[4523.953s][info][gc             ] GC(1324) Pause Young (Prepare Mixed) (G1 Evacuation Pause) 3620M->1450M(4096M) 118.391ms
[4523.953s][info][gc,cpu         ] GC(1324) User=0.70s Sys=0.00s Real=0.12s
..[4526.209s][info][gc,start       ] GC(1325) Pause Young (Mixed) (G1 Evacuation Pause)
[4526.209s][info][gc,task        ] GC(1325) Using 6 workers of 6 for evacuation
[4526.350s][info][gc,phases      ] GC(1325)   Pre Evacuate Collection Set: 0.35ms
[4526.350s][info][gc,phases      ] GC(1325)   Merge Heap Roots: 0.64ms
[4526.350s][info][gc,phases      ] GC(1325)   Evacuate Collection Set: 138.49ms
[4526.350s][info][gc,phases      ] GC(1325)   Post Evacuate Collection Set: 0.96ms
[4526.350s][info][gc,phases      ] GC(1325)   Other: 0.09ms
[4526.350s][info][gc,heap        ] GC(1325) Eden regions: 1109->0(1113)
[4526.350s][info][gc,heap        ] GC(1325) Survivor regions: 110->115(153)
[4526.350s][info][gc,heap        ] GC(1325) Old regions: 536->473
[4526.350s][info][gc,heap        ] GC(1325) Humongous regions: 80->80
[4526.350s][info][gc,metaspace   ] GC(1325) Metaspace: 28883K(29248K)->28883K(29248K) NonClass: 24015K(24192K)->24015K(24192K) Class: 4867K(5056K)->4867K(5056K)
[4526.350s][info][gc             ] GC(1325) Pause Young (Mixed) (G1 Evacuation Pause) 3668M->1334M(4096M) 140.651ms
[4526.350s][info][gc,cpu         ] GC(1325) User=0.84s Sys=0.00s Real=0.14s
...[4528.480s][info][gc,start       ] GC(1326) Pause Young (Concurrent Start) (G1 Evacuation Pause)
[4528.480s][info][gc,task        ] GC(1326) Using 6 workers of 6 for evacuation
[4528.595s][info][gc,phases      ] GC(1326)   Pre Evacuate Collection Set: 0.43ms
[4528.595s][info][gc,phases      ] GC(1326)   Merge Heap Roots: 0.47ms
[4528.595s][info][gc,phases      ] GC(1326)   Evacuate Collection Set: 113.64ms
[4528.595s][info][gc,phases      ] GC(1326)   Post Evacuate Collection Set: 0.88ms
[4528.595s][info][gc,phases      ] GC(1326)   Other: 0.12ms
[4528.595s][info][gc,heap        ] GC(1326) Eden regions: 1113->0(1119)
[4528.595s][info][gc,heap        ] GC(1326) Survivor regions: 115->109(154)
[4528.595s][info][gc,heap        ] GC(1326) Old regions: 473->506
[4528.595s][info][gc,heap        ] GC(1326) Humongous regions: 80->80
[4528.595s][info][gc,metaspace   ] GC(1326) Metaspace: 28883K(29248K)->28883K(29248K) NonClass: 24015K(24192K)->24015K(24192K) Class: 4867K(5056K)->4867K(5056K)
[4528.595s][info][gc             ] GC(1326) Pause Young (Concurrent Start) (G1 Evacuation Pause) 3560M->1388M(4096M) 115.681ms
[4528.595s][info][gc             ] GC(1327) Concurrent Mark Cycle
[4528.595s][info][gc,marking     ] GC(1327) Concurrent Scan Root Regions
[4528.595s][info][gc,cpu         ] GC(1326) User=0.68s Sys=0.00s Real=0.11s
[4528.782s][info][gc,marking     ] GC(1327) Concurrent Scan Root Regions 186.597ms
[4528.782s][info][gc,marking     ] GC(1327) Concurrent Mark
[4528.782s][info][gc,marking     ] GC(1327) Concurrent Mark From Roots
[4528.782s][info][gc,task        ] GC(1327) Using 2 workers of 2 for marking
.[4529.758s][info][gc,marking     ] GC(1327) Concurrent Mark From Roots 975.887ms
[4529.758s][info][gc,marking     ] GC(1327) Concurrent Preclean
[4529.758s][info][gc,marking     ] GC(1327) Concurrent Preclean 0.121ms
[4529.761s][info][gc,start       ] GC(1327) Pause Remark
[4529.767s][info][gc             ] GC(1327) Pause Remark 2494M->2494M(4096M) 5.633ms
[4529.767s][info][gc,cpu         ] GC(1327) User=0.03s Sys=0.00s Real=0.01s
[4529.767s][info][gc,marking     ] GC(1327) Concurrent Mark 984.963ms
[4529.767s][info][gc,marking     ] GC(1327) Concurrent Rebuild Remembered Sets and Scrub Regions
[4530.066s][info][gc,marking     ] GC(1327) Concurrent Rebuild Remembered Sets and Scrub Regions 299.233ms
[4530.066s][info][gc,start       ] GC(1327) Pause Cleanup
[4530.067s][info][gc             ] GC(1327) Pause Cleanup 2781M->2781M(4096M) 0.109ms
[4530.067s][info][gc,cpu         ] GC(1327) User=0.00s Sys=0.00s Real=0.00s
[4530.069s][info][gc,marking     ] GC(1327) Concurrent Clear Claimed Marks
[4530.069s][info][gc,marking     ] GC(1327) Concurrent Clear Claimed Marks 0.062ms
[4530.069s][info][gc,marking     ] GC(1327) Concurrent Cleanup for Next Mark
[4530.077s][info][gc,marking     ] GC(1327) Concurrent Cleanup for Next Mark 7.855ms
[4530.077s][info][gc             ] GC(1327) Concurrent Mark Cycle 1481.887ms
. (rIR:aIR:PR = 8025:8075:8076) (tPR = 118860) [OK] 
  4530s: Performance info:
         Transaction,    Success,    Partial,     Failed,   Receipts, AvgBarcode, 
             Overall,     492241,          0,          0,     467775,      59.47, 
         Response times:
             Request,    Success,    Partial,     Failed,   SkipFail,     Probes,    Samples,      min,      p50,      p90,      p95,      p99,      max, 
       TotalPurchase,     467698,          0,          0,          0,     353927,     429489,      300,     7300,   101000,   155000,   217000,   522000,
     InStorePurchase,     247748,          0,          0,          0,     186434,     226307,      300,     7300,   102000,   155000,   217000,   522000,
      OnlinePurchase,     171297,          0,          0,          0,     130051,     157921,      300,     7300,   100000,   154000,   218000,   521000,
        InstPurchase,      48653,          0,          0,          0,      37442,      45261,      400,     7500,   102000,   154000,   211000,   473000,
          AssocOfCat,        491,          0,          0,          0,        411,        563,    22000,    39000,   153200,   195600,   246720,   308000,
      AssocOfProduct,       4906,          0,          0,          0,       3375,       4251,      300,     8700,   109000,   157400,   206480,   317000,
      BusinessReport,       1224,          0,          0,          0,       1075,       1370,    27000,    49000,   159900,   205450,   279580,   498000,
          CustBuyBeh,       4932,          0,          0,          0,       3324,       4155,      300,     8900,   105000,   159000,   220000,   318000,
       ProductReturn,      12945,          0,          0,          0,       9891,      12167,      200,     6800,    96000,   146000,   202000,   521000,

  4530s: (59%)   IR =   8164 [4530.843s][info][gc,start       ] GC(1328) Pause Young (Prepare Mixed) (G1 Evacuation Pause)
[4530.844s][info][gc,task        ] GC(1328) Using 6 workers of 6 for evacuation
[4530.967s][info][gc,phases      ] GC(1328)   Pre Evacuate Collection Set: 0.32ms
[4530.967s][info][gc,phases      ] GC(1328)   Merge Heap Roots: 0.47ms
[4530.967s][info][gc,phases      ] GC(1328)   Evacuate Collection Set: 121.26ms
[4530.967s][info][gc,phases      ] GC(1328)   Post Evacuate Collection Set: 0.98ms
[4530.967s][info][gc,phases      ] GC(1328)   Other: 0.09ms
[4530.967s][info][gc,heap        ] GC(1328) Eden regions: 1119->0(1103)
[4530.967s][info][gc,heap        ] GC(1328) Survivor regions: 109->112(154)
[4530.967s][info][gc,heap        ] GC(1328) Old regions: 506->538
[4530.967s][info][gc,heap        ] GC(1328) Humongous regions: 80->80
[4530.967s][info][gc,metaspace   ] GC(1328) Metaspace: 28883K(29248K)->28883K(29248K) NonClass: 24016K(24192K)->24016K(24192K) Class: 4867K(5056K)->4867K(5056K)
[4530.967s][info][gc             ] GC(1328) Pause Young (Prepare Mixed) (G1 Evacuation Pause) 3626M->1459M(4096M) 123.273ms
[4530.967s][info][gc,cpu         ] GC(1328) User=0.73s Sys=0.00s Real=0.12s
..[4533.051s][info][gc,start       ] GC(1329) Pause Young (Mixed) (G1 Evacuation Pause)
[4533.051s][info][gc,task        ] GC(1329) Using 6 workers of 6 for evacuation
[4533.191s][info][gc,phases      ] GC(1329)   Pre Evacuate Collection Set: 0.36ms
[4533.191s][info][gc,phases      ] GC(1329)   Merge Heap Roots: 0.62ms
[4533.191s][info][gc,phases      ] GC(1329)   Evacuate Collection Set: 137.62ms
[4533.191s][info][gc,phases      ] GC(1329)   Post Evacuate Collection Set: 0.96ms
[4533.191s][info][gc,phases      ] GC(1329)   Other: 0.09ms
[4533.191s][info][gc,heap        ] GC(1329) Eden regions: 1103->0(1114)
[4533.191s][info][gc,heap        ] GC(1329) Survivor regions: 112->114(152)
[4533.191s][info][gc,heap        ] GC(1329) Old regions: 538->473
[4533.191s][info][gc,heap        ] GC(1329) Humongous regions: 80->80
[4533.191s][info][gc,metaspace   ] GC(1329) Metaspace: 28883K(29248K)->28883K(29248K) NonClass: 24016K(24192K)->24016K(24192K) Class: 4867K(5056K)->4867K(5056K)
[4533.191s][info][gc             ] GC(1329) Pause Young (Mixed) (G1 Evacuation Pause) 3665M->1332M(4096M) 139.773ms
[4533.191s][info][gc,cpu         ] GC(1329) User=0.83s Sys=0.00s Real=0.14s
..[4535.360s][info][gc,start       ] GC(1330) Pause Young (Concurrent Start) (G1 Evacuation Pause)
[4535.360s][info][gc,task        ] GC(1330) Using 6 workers of 6 for evacuation
[4535.477s][info][gc,phases      ] GC(1330)   Pre Evacuate Collection Set: 0.36ms
[4535.477s][info][gc,phases      ] GC(1330)   Merge Heap Roots: 0.45ms
[4535.477s][info][gc,phases      ] GC(1330)   Evacuate Collection Set: 115.39ms
[4535.477s][info][gc,phases      ] GC(1330)   Post Evacuate Collection Set: 0.89ms
[4535.477s][info][gc,phases      ] GC(1330)   Other: 0.11ms
[4535.477s][info][gc,heap        ] GC(1330) Eden regions: 1114->0(1118)
[4535.477s][info][gc,heap        ] GC(1330) Survivor regions: 114->110(154)
[4535.477s][info][gc,heap        ] GC(1330) Old regions: 473->505
[4535.477s][info][gc,heap        ] GC(1330) Humongous regions: 80->80
[4535.477s][info][gc,metaspace   ] GC(1330) Metaspace: 28883K(29248K)->28883K(29248K) NonClass: 24016K(24192K)->24016K(24192K) Class: 4867K(5056K)->4867K(5056K)
[4535.477s][info][gc             ] GC(1330) Pause Young (Concurrent Start) (G1 Evacuation Pause) 3560M->1387M(4096M) 117.325ms
[4535.477s][info][gc             ] GC(1331) Concurrent Mark Cycle
[4535.477s][info][gc,marking     ] GC(1331) Concurrent Scan Root Regions
[4535.477s][info][gc,cpu         ] GC(1330) User=0.69s Sys=0.00s Real=0.12s
.[4535.638s][info][gc,marking     ] GC(1331) Concurrent Scan Root Regions 160.630ms
[4535.638s][info][gc,marking     ] GC(1331) Concurrent Mark
[4535.638s][info][gc,marking     ] GC(1331) Concurrent Mark From Roots
[4535.638s][info][gc,task        ] GC(1331) Using 2 workers of 2 for marking
[4536.340s][info][gc,marking     ] GC(1331) Concurrent Mark From Roots 701.630ms
[4536.340s][info][gc,marking     ] GC(1331) Concurrent Preclean
[4536.340s][info][gc,marking     ] GC(1331) Concurrent Preclean 0.107ms
[4536.342s][info][gc,start       ] GC(1331) Pause Remark
[4536.347s][info][gc             ] GC(1331) Pause Remark 2183M->2183M(4096M) 5.116ms
[4536.347s][info][gc,cpu         ] GC(1331) User=0.02s Sys=0.00s Real=0.01s
[4536.347s][info][gc,marking     ] GC(1331) Concurrent Mark 708.967ms
[4536.347s][info][gc,marking     ] GC(1331) Concurrent Rebuild Remembered Sets and Scrub Regions
.[4536.713s][info][gc,marking     ] GC(1331) Concurrent Rebuild Remembered Sets and Scrub Regions 365.693ms
[4536.713s][info][gc,start       ] GC(1331) Pause Cleanup
[4536.713s][info][gc             ] GC(1331) Pause Cleanup 2601M->2601M(4096M) 0.107ms
[4536.713s][info][gc,cpu         ] GC(1331) User=0.00s Sys=0.00s Real=0.00s
[4536.713s][info][gc,marking     ] GC(1331) Concurrent Clear Claimed Marks
[4536.713s][info][gc,marking     ] GC(1331) Concurrent Clear Claimed Marks 0.021ms
[4536.713s][info][gc,marking     ] GC(1331) Concurrent Cleanup for Next Mark
[4536.717s][info][gc,marking     ] GC(1331) Concurrent Cleanup for Next Mark 3.427ms
[4536.717s][info][gc             ] GC(1331) Concurrent Mark Cycle 1239.167ms
.[4537.769s][info][gc,start       ] GC(1332) Pause Young (Prepare Mixed) (G1 Evacuation Pause)
[4537.770s][info][gc,task        ] GC(1332) Using 6 workers of 6 for evacuation
[4537.893s][info][gc,phases      ] GC(1332)   Pre Evacuate Collection Set: 0.34ms
[4537.893s][info][gc,phases      ] GC(1332)   Merge Heap Roots: 0.47ms
[4537.893s][info][gc,phases      ] GC(1332)   Evacuate Collection Set: 121.96ms
[4537.893s][info][gc,phases      ] GC(1332)   Post Evacuate Collection Set: 0.96ms
[4537.893s][info][gc,phases      ] GC(1332)   Other: 0.09ms
[4537.893s][info][gc,heap        ] GC(1332) Eden regions: 1118->0(1100)
[4537.893s][info][gc,heap        ] GC(1332) Survivor regions: 110->114(154)
[4537.893s][info][gc,heap        ] GC(1332) Old regions: 505->537
[4537.893s][info][gc,heap        ] GC(1332) Humongous regions: 80->80
[4537.893s][info][gc,metaspace   ] GC(1332) Metaspace: 28883K(29248K)->28883K(29248K) NonClass: 24016K(24192K)->24016K(24192K) Class: 4867K(5056K)->4867K(5056K)
[4537.893s][info][gc             ] GC(1332) Pause Young (Prepare Mixed) (G1 Evacuation Pause) 3623M->1459M(4096M) 123.947ms
[4537.893s][info][gc,cpu         ] GC(1332) User=0.74s Sys=0.00s Real=0.12s
..[4540.053s][info][gc,start       ] GC(1333) Pause Young (Mixed) (G1 Evacuation Pause)
[4540.053s][info][gc,task        ] GC(1333) Using 6 workers of 6 for evacuation
[4540.192s][info][gc,phases      ] GC(1333)   Pre Evacuate Collection Set: 0.35ms
[4540.192s][info][gc,phases      ] GC(1333)   Merge Heap Roots: 0.69ms
[4540.192s][info][gc,phases      ] GC(1333)   Evacuate Collection Set: 136.80ms
[4540.192s][info][gc,phases      ] GC(1333)   Post Evacuate Collection Set: 0.95ms
[4540.192s][info][gc,phases      ] GC(1333)   Other: 0.08ms
[4540.192s][info][gc,heap        ] GC(1333) Eden regions: 1100->0(1116)
[4540.192s][info][gc,heap        ] GC(1333) Survivor regions: 114->112(152)
[4540.192s][info][gc,heap        ] GC(1333) Old regions: 537->474
[4540.192s][info][gc,heap        ] GC(1333) Humongous regions: 80->80
[4540.192s][info][gc,metaspace   ] GC(1333) Metaspace: 28883K(29248K)->28883K(29248K) NonClass: 24016K(24192K)->24016K(24192K) Class: 4867K(5056K)->4867K(5056K)
[4540.192s][info][gc             ] GC(1333) Pause Young (Mixed) (G1 Evacuation Pause) 3659M->1331M(4096M) 139.001ms
[4540.192s][info][gc,cpu         ] GC(1333) User=0.82s Sys=0.00s Real=0.14s
..[4542.395s][info][gc,start       ] GC(1334) Pause Young (Concurrent Start) (G1 Evacuation Pause)
[4542.395s][info][gc,task        ] GC(1334) Using 6 workers of 6 for evacuation
[4542.511s][info][gc,phases      ] GC(1334)   Pre Evacuate Collection Set: 0.39ms
[4542.511s][info][gc,phases      ] GC(1334)   Merge Heap Roots: 0.47ms
[4542.511s][info][gc,phases      ] GC(1334)   Evacuate Collection Set: 113.51ms
[4542.511s][info][gc,phases      ] GC(1334)   Post Evacuate Collection Set: 0.89ms
[4542.511s][info][gc,phases      ] GC(1334)   Other: 0.12ms
[4542.511s][info][gc,heap        ] GC(1334) Eden regions: 1116->0(1122)
[4542.511s][info][gc,heap        ] GC(1334) Survivor regions: 112->106(154)
[4542.511s][info][gc,heap        ] GC(1334) Old regions: 474->507
[4542.511s][info][gc,heap        ] GC(1334) Humongous regions: 80->80
[4542.511s][info][gc,metaspace   ] GC(1334) Metaspace: 28883K(29248K)->28883K(29248K) NonClass: 24016K(24192K)->24016K(24192K) Class: 4867K(5056K)->4867K(5056K)
[4542.511s][info][gc             ] GC(1334) Pause Young (Concurrent Start) (G1 Evacuation Pause) 3563M->1384M(4096M) 115.534ms
[4542.511s][info][gc             ] GC(1335) Concurrent Mark Cycle
[4542.511s][info][gc,marking     ] GC(1335) Concurrent Scan Root Regions
[4542.511s][info][gc,cpu         ] GC(1334) User=0.68s Sys=0.00s Real=0.12s
.[4542.693s][info][gc,marking     ] GC(1335) Concurrent Scan Root Regions 182.083ms
[4542.693s][info][gc,marking     ] GC(1335) Concurrent Mark
[4542.693s][info][gc,marking     ] GC(1335) Concurrent Mark From Roots
[4542.693s][info][gc,task        ] GC(1335) Using 2 workers of 2 for marking
[4543.677s][info][gc,marking     ] GC(1335) Concurrent Mark From Roots 984.700ms
[4543.678s][info][gc,marking     ] GC(1335) Concurrent Preclean
[4543.678s][info][gc,marking     ] GC(1335) Concurrent Preclean 0.101ms
[4543.679s][info][gc,start       ] GC(1335) Pause Remark
[4543.684s][info][gc             ] GC(1335) Pause Remark 2506M->2506M(4096M) 4.805ms
[4543.684s][info][gc,cpu         ] GC(1335) User=0.03s Sys=0.00s Real=0.00s
[4543.685s][info][gc,marking     ] GC(1335) Concurrent Mark 992.066ms
[4543.685s][info][gc,marking     ] GC(1335) Concurrent Rebuild Remembered Sets and Scrub Regions
.[4544.102s][info][gc,marking     ] GC(1335) Concurrent Rebuild Remembered Sets and Scrub Regions 417.176ms
[4544.103s][info][gc,start       ] GC(1335) Pause Cleanup
[4544.103s][info][gc             ] GC(1335) Pause Cleanup 2942M->2942M(4096M) 0.114ms
[4544.103s][info][gc,cpu         ] GC(1335) User=0.00s Sys=0.00s Real=0.00s
[4544.103s][info][gc,marking     ] GC(1335) Concurrent Clear Claimed Marks
[4544.103s][info][gc,marking     ] GC(1335) Concurrent Clear Claimed Marks 0.022ms
[4544.103s][info][gc,marking     ] GC(1335) Concurrent Cleanup for Next Mark
[4544.115s][info][gc,marking     ] GC(1335) Concurrent Cleanup for Next Mark 11.871ms
[4544.115s][info][gc             ] GC(1335) Concurrent Mark Cycle 1604.011ms
.[4544.713s][info][gc,start       ] GC(1336) Pause Young (Prepare Mixed) (G1 Evacuation Pause)
[4544.713s][info][gc,task        ] GC(1336) Using 6 workers of 6 for evacuation
[4544.830s][info][gc,phases      ] GC(1336)   Pre Evacuate Collection Set: 0.35ms
[4544.830s][info][gc,phases      ] GC(1336)   Merge Heap Roots: 0.50ms
[4544.830s][info][gc,phases      ] GC(1336)   Evacuate Collection Set: 114.75ms
[4544.830s][info][gc,phases      ] GC(1336)   Post Evacuate Collection Set: 0.97ms
[4544.830s][info][gc,phases      ] GC(1336)   Other: 0.09ms
[4544.830s][info][gc,heap        ] GC(1336) Eden regions: 1122->0(1107)
[4544.830s][info][gc,heap        ] GC(1336) Survivor regions: 106->110(154)
[4544.830s][info][gc,heap        ] GC(1336) Old regions: 507->538
[4544.830s][info][gc,heap        ] GC(1336) Humongous regions: 80->80
[4544.830s][info][gc,metaspace   ] GC(1336) Metaspace: 28883K(29248K)->28883K(29248K) NonClass: 24016K(24192K)->24016K(24192K) Class: 4867K(5056K)->4867K(5056K)
[4544.830s][info][gc             ] GC(1336) Pause Young (Prepare Mixed) (G1 Evacuation Pause) 3628M->1453M(4096M) 116.783ms
[4544.830s][info][gc,cpu         ] GC(1336) User=0.69s Sys=0.00s Real=0.12s
..[4547.029s][info][gc,start       ] GC(1337) Pause Young (Mixed) (G1 Evacuation Pause)
[4547.029s][info][gc,task        ] GC(1337) Using 6 workers of 6 for evacuation
[4547.168s][info][gc,phases      ] GC(1337)   Pre Evacuate Collection Set: 0.41ms
[4547.168s][info][gc,phases      ] GC(1337)   Merge Heap Roots: 0.77ms
[4547.168s][info][gc,phases      ] GC(1337)   Evacuate Collection Set: 136.63ms
[4547.168s][info][gc,phases      ] GC(1337)   Post Evacuate Collection Set: 0.96ms
[4547.168s][info][gc,phases      ] GC(1337)   Other: 0.09ms
[4547.168s][info][gc,heap        ] GC(1337) Eden regions: 1107->0(1117)
[4547.168s][info][gc,heap        ] GC(1337) Survivor regions: 110->111(153)
[4547.168s][info][gc,heap        ] GC(1337) Old regions: 538->473
[4547.168s][info][gc,heap        ] GC(1337) Humongous regions: 80->80
[4547.168s][info][gc,metaspace   ] GC(1337) Metaspace: 28883K(29248K)->28883K(29248K) NonClass: 24016K(24192K)->24016K(24192K) Class: 4867K(5056K)->4867K(5056K)
[4547.168s][info][gc             ] GC(1337) Pause Young (Mixed) (G1 Evacuation Pause) 3667M->1325M(4096M) 139.019ms
[4547.168s][info][gc,cpu         ] GC(1337) User=0.83s Sys=0.00s Real=0.14s
..[4549.345s][info][gc,start       ] GC(1338) Pause Young (Concurrent Start) (G1 Evacuation Pause)
[4549.345s][info][gc,task        ] GC(1338) Using 6 workers of 6 for evacuation
[4549.465s][info][gc,phases      ] GC(1338)   Pre Evacuate Collection Set: 0.34ms
[4549.465s][info][gc,phases      ] GC(1338)   Merge Heap Roots: 0.42ms
[4549.465s][info][gc,phases      ] GC(1338)   Evacuate Collection Set: 118.96ms
[4549.465s][info][gc,phases      ] GC(1338)   Post Evacuate Collection Set: 0.90ms
[4549.465s][info][gc,phases      ] GC(1338)   Other: 0.11ms
[4549.465s][info][gc,heap        ] GC(1338) Eden regions: 1117->0(1116)
[4549.465s][info][gc,heap        ] GC(1338) Survivor regions: 111->112(154)
[4549.465s][info][gc,heap        ] GC(1338) Old regions: 473->505
[4549.465s][info][gc,heap        ] GC(1338) Humongous regions: 80->80
[4549.465s][info][gc,metaspace   ] GC(1338) Metaspace: 28883K(29248K)->28883K(29248K) NonClass: 24016K(24192K)->24016K(24192K) Class: 4867K(5056K)->4867K(5056K)
[4549.465s][info][gc             ] GC(1338) Pause Young (Concurrent Start) (G1 Evacuation Pause) 3559M->1393M(4096M) 120.867ms
[4549.465s][info][gc             ] GC(1339) Concurrent Mark Cycle
[4549.465s][info][gc,marking     ] GC(1339) Concurrent Scan Root Regions
[4549.465s][info][gc,cpu         ] GC(1338) User=0.71s Sys=0.00s Real=0.12s
[4549.606s][info][gc,marking     ] GC(1339) Concurrent Scan Root Regions 140.810ms
[4549.606s][info][gc,marking     ] GC(1339) Concurrent Mark
[4549.606s][info][gc,marking     ] GC(1339) Concurrent Mark From Roots
[4549.606s][info][gc,task        ] GC(1339) Using 2 workers of 2 for marking
.[4550.315s][info][gc,marking     ] GC(1339) Concurrent Mark From Roots 708.353ms
[4550.315s][info][gc,marking     ] GC(1339) Concurrent Preclean
[4550.315s][info][gc,marking     ] GC(1339) Concurrent Preclean 0.117ms
[4550.318s][info][gc,start       ] GC(1339) Pause Remark
[4550.324s][info][gc             ] GC(1339) Pause Remark 2193M->2193M(4096M) 5.980ms
[4550.324s][info][gc,cpu         ] GC(1339) User=0.03s Sys=0.00s Real=0.00s
[4550.324s][info][gc,marking     ] GC(1339) Concurrent Mark 718.076ms
[4550.324s][info][gc,marking     ] GC(1339) Concurrent Rebuild Remembered Sets and Scrub Regions
[4550.699s][info][gc,marking     ] GC(1339) Concurrent Rebuild Remembered Sets and Scrub Regions 374.453ms
[4550.699s][info][gc,start       ] GC(1339) Pause Cleanup
[4550.699s][info][gc             ] GC(1339) Pause Cleanup 2629M->2629M(4096M) 0.111ms
[4550.699s][info][gc,cpu         ] GC(1339) User=0.00s Sys=0.00s Real=0.00s
[4550.699s][info][gc,marking     ] GC(1339) Concurrent Clear Claimed Marks
[4550.699s][info][gc,marking     ] GC(1339) Concurrent Clear Claimed Marks 0.027ms
[4550.699s][info][gc,marking     ] GC(1339) Concurrent Cleanup for Next Mark
[4550.704s][info][gc,marking     ] GC(1339) Concurrent Cleanup for Next Mark 4.986ms
[4550.704s][info][gc             ] GC(1339) Concurrent Mark Cycle 1238.978ms
.[4551.640s][info][gc,start       ] GC(1340) Pause Young (Prepare Mixed) (G1 Evacuation Pause)
[4551.640s][info][gc,task        ] GC(1340) Using 6 workers of 6 for evacuation
[4551.755s][info][gc,phases      ] GC(1340)   Pre Evacuate Collection Set: 0.33ms
[4551.755s][info][gc,phases      ] GC(1340)   Merge Heap Roots: 0.51ms
[4551.755s][info][gc,phases      ] GC(1340)   Evacuate Collection Set: 113.41ms
[4551.755s][info][gc,phases      ] GC(1340)   Post Evacuate Collection Set: 0.91ms
[4551.755s][info][gc,phases      ] GC(1340)   Other: 0.10ms
[4551.755s][info][gc,heap        ] GC(1340) Eden regions: 1116->0(1113)
[4551.755s][info][gc,heap        ] GC(1340) Survivor regions: 112->108(154)
[4551.755s][info][gc,heap        ] GC(1340) Old regions: 505->536
[4551.755s][info][gc,heap        ] GC(1340) Humongous regions: 80->80
[4551.755s][info][gc,metaspace   ] GC(1340) Metaspace: 28883K(29248K)->28883K(29248K) NonClass: 24016K(24192K)->24016K(24192K) Class: 4867K(5056K)->4867K(5056K)
[4551.755s][info][gc             ] GC(1340) Pause Young (Prepare Mixed) (G1 Evacuation Pause) 3625M->1446M(4096M) 115.419ms
[4551.755s][info][gc,cpu         ] GC(1340) User=0.68s Sys=0.00s Real=0.11s
...[4553.954s][info][gc,start       ] GC(1341) Pause Young (Mixed) (G1 Evacuation Pause)
[4553.954s][info][gc,task        ] GC(1341) Using 6 workers of 6 for evacuation
[4554.088s][info][gc,phases      ] GC(1341)   Pre Evacuate Collection Set: 0.37ms
[4554.088s][info][gc,phases      ] GC(1341)   Merge Heap Roots: 0.67ms
[4554.088s][info][gc,phases      ] GC(1341)   Evacuate Collection Set: 131.82ms
[4554.088s][info][gc,phases      ] GC(1341)   Post Evacuate Collection Set: 0.94ms
[4554.088s][info][gc,phases      ] GC(1341)   Other: 0.08ms
[4554.088s][info][gc,heap        ] GC(1341) Eden regions: 1113->0(1116)
[4554.088s][info][gc,heap        ] GC(1341) Survivor regions: 108->112(153)
[4554.088s][info][gc,heap        ] GC(1341) Old regions: 536->474
[4554.088s][info][gc,heap        ] GC(1341) Humongous regions: 80->80
[4554.088s][info][gc,metaspace   ] GC(1341) Metaspace: 28883K(29248K)->28883K(29248K) NonClass: 24016K(24192K)->24016K(24192K) Class: 4867K(5056K)->4867K(5056K)
[4554.088s][info][gc             ] GC(1341) Pause Young (Mixed) (G1 Evacuation Pause) 3672M->1329M(4096M) 134.018ms
[4554.088s][info][gc,cpu         ] GC(1341) User=0.79s Sys=0.00s Real=0.14s
..[4556.247s][info][gc,start       ] GC(1342) Pause Young (Concurrent Start) (G1 Evacuation Pause)
[4556.247s][info][gc,task        ] GC(1342) Using 6 workers of 6 for evacuation
[4556.365s][info][gc,phases      ] GC(1342)   Pre Evacuate Collection Set: 0.40ms
[4556.365s][info][gc,phases      ] GC(1342)   Merge Heap Roots: 0.44ms
[4556.365s][info][gc,phases      ] GC(1342)   Evacuate Collection Set: 116.45ms
[4556.365s][info][gc,phases      ] GC(1342)   Post Evacuate Collection Set: 0.88ms
[4556.365s][info][gc,phases      ] GC(1342)   Other: 0.09ms
[4556.365s][info][gc,heap        ] GC(1342) Eden regions: 1116->0(1117)
[4556.365s][info][gc,heap        ] GC(1342) Survivor regions: 112->111(154)
[4556.365s][info][gc,heap        ] GC(1342) Old regions: 474->506
[4556.365s][info][gc,heap        ] GC(1342) Humongous regions: 80->80
[4556.365s][info][gc,metaspace   ] GC(1342) Metaspace: 28883K(29248K)->28883K(29248K) NonClass: 24016K(24192K)->24016K(24192K) Class: 4867K(5056K)->4867K(5056K)
[4556.365s][info][gc             ] GC(1342) Pause Young (Concurrent Start) (G1 Evacuation Pause) 3561M->1391M(4096M) 118.403ms
[4556.365s][info][gc             ] GC(1343) Concurrent Mark Cycle
[4556.365s][info][gc,marking     ] GC(1343) Concurrent Scan Root Regions
[4556.365s][info][gc,cpu         ] GC(1342) User=0.69s Sys=0.01s Real=0.12s
[4556.557s][info][gc,marking     ] GC(1343) Concurrent Scan Root Regions 191.621ms
[4556.557s][info][gc,marking     ] GC(1343) Concurrent Mark
[4556.557s][info][gc,marking     ] GC(1343) Concurrent Mark From Roots
[4556.557s][info][gc,task        ] GC(1343) Using 2 workers of 2 for marking
.[4557.592s][info][gc,marking     ] GC(1343) Concurrent Mark From Roots 1035.044ms
[4557.592s][info][gc,marking     ] GC(1343) Concurrent Preclean
[4557.592s][info][gc,marking     ] GC(1343) Concurrent Preclean 0.120ms
[4557.594s][info][gc,start       ] GC(1343) Pause Remark
[4557.599s][info][gc             ] GC(1343) Pause Remark 2643M->2643M(4096M) 4.462ms
[4557.599s][info][gc,cpu         ] GC(1343) User=0.02s Sys=0.00s Real=0.01s
[4557.599s][info][gc,marking     ] GC(1343) Concurrent Mark 1042.257ms
[4557.599s][info][gc,marking     ] GC(1343) Concurrent Rebuild Remembered Sets and Scrub Regions
.[4558.001s][info][gc,marking     ] GC(1343) Concurrent Rebuild Remembered Sets and Scrub Regions 401.316ms
[4558.001s][info][gc,start       ] GC(1343) Pause Cleanup
[4558.001s][info][gc             ] GC(1343) Pause Cleanup 3042M->3042M(4096M) 0.114ms
[4558.001s][info][gc,cpu         ] GC(1343) User=0.00s Sys=0.00s Real=0.00s
[4558.001s][info][gc,marking     ] GC(1343) Concurrent Clear Claimed Marks
[4558.001s][info][gc,marking     ] GC(1343) Concurrent Clear Claimed Marks 0.026ms
[4558.001s][info][gc,marking     ] GC(1343) Concurrent Cleanup for Next Mark
[4558.007s][info][gc,marking     ] GC(1343) Concurrent Cleanup for Next Mark 6.216ms
[4558.007s][info][gc             ] GC(1343) Concurrent Mark Cycle 1641.988ms
[4558.597s][info][gc,start       ] GC(1344) Pause Young (Prepare Mixed) (G1 Evacuation Pause)
[4558.597s][info][gc,task        ] GC(1344) Using 6 workers of 6 for evacuation
[4558.715s][info][gc,phases      ] GC(1344)   Pre Evacuate Collection Set: 0.38ms
[4558.715s][info][gc,phases      ] GC(1344)   Merge Heap Roots: 0.53ms
[4558.715s][info][gc,phases      ] GC(1344)   Evacuate Collection Set: 116.39ms
[4558.715s][info][gc,phases      ] GC(1344)   Post Evacuate Collection Set: 0.94ms
[4558.715s][info][gc,phases      ] GC(1344)   Other: 0.09ms
[4558.715s][info][gc,heap        ] GC(1344) Eden regions: 1117->0(1111)
[4558.715s][info][gc,heap        ] GC(1344) Survivor regions: 111->108(154)
[4558.715s][info][gc,heap        ] GC(1344) Old regions: 506->538
[4558.715s][info][gc,heap        ] GC(1344) Humongous regions: 80->80
[4558.715s][info][gc,metaspace   ] GC(1344) Metaspace: 28883K(29248K)->28883K(29248K) NonClass: 24016K(24192K)->24016K(24192K) Class: 4867K(5056K)->4867K(5056K)
[4558.715s][info][gc             ] GC(1344) Pause Young (Prepare Mixed) (G1 Evacuation Pause) 3625M->1449M(4096M) 118.480ms
[4558.715s][info][gc,cpu         ] GC(1344) User=0.70s Sys=0.00s Real=0.12s
..[4560.799s][info][gc,start       ] GC(1345) Pause Young (Mixed) (G1 Evacuation Pause)
[4560.799s][info][gc,task        ] GC(1345) Using 6 workers of 6 for evacuation
[4560.933s][info][gc,phases      ] GC(1345)   Pre Evacuate Collection Set: 0.36ms
[4560.933s][info][gc,phases      ] GC(1345)   Merge Heap Roots: 0.63ms
[4560.933s][info][gc,phases      ] GC(1345)   Evacuate Collection Set: 132.79ms
[4560.933s][info][gc,phases      ] GC(1345)   Post Evacuate Collection Set: 0.95ms
[4560.933s][info][gc,phases      ] GC(1345)   Other: 0.09ms
[4560.933s][info][gc,heap        ] GC(1345) Eden regions: 1111->0(1117)
[4560.933s][info][gc,heap        ] GC(1345) Survivor regions: 108->111(153)
[4560.933s][info][gc,heap        ] GC(1345) Old regions: 538->473
[4560.933s][info][gc,heap        ] GC(1345) Humongous regions: 80->80
[4560.933s][info][gc,metaspace   ] GC(1345) Metaspace: 28883K(29248K)->28883K(29248K) NonClass: 24016K(24192K)->24016K(24192K) Class: 4867K(5056K)->4867K(5056K)
[4560.933s][info][gc             ] GC(1345) Pause Young (Mixed) (G1 Evacuation Pause) 3671M->1325M(4096M) 134.946ms
[4560.934s][info][gc,cpu         ] GC(1345) User=0.79s Sys=0.00s Real=0.13s
.|..[4563.148s][info][gc,start       ] GC(1346) Pause Young (Concurrent Start) (G1 Evacuation Pause)
[4563.148s][info][gc,task        ] GC(1346) Using 6 workers of 6 for evacuation
[4563.266s][info][gc,phases      ] GC(1346)   Pre Evacuate Collection Set: 0.38ms
[4563.266s][info][gc,phases      ] GC(1346)   Merge Heap Roots: 0.44ms
[4563.266s][info][gc,phases      ] GC(1346)   Evacuate Collection Set: 115.50ms
[4563.266s][info][gc,phases      ] GC(1346)   Post Evacuate Collection Set: 0.90ms
[4563.266s][info][gc,phases      ] GC(1346)   Other: 0.12ms
[4563.266s][info][gc,heap        ] GC(1346) Eden regions: 1117->0(1118)
[4563.266s][info][gc,heap        ] GC(1346) Survivor regions: 111->110(154)
[4563.266s][info][gc,heap        ] GC(1346) Old regions: 473->505
[4563.266s][info][gc,heap        ] GC(1346) Humongous regions: 80->80
[4563.266s][info][gc,metaspace   ] GC(1346) Metaspace: 28883K(29248K)->28883K(29248K) NonClass: 24016K(24192K)->24016K(24192K) Class: 4867K(5056K)->4867K(5056K)
[4563.266s][info][gc             ] GC(1346) Pause Young (Concurrent Start) (G1 Evacuation Pause) 3559M->1388M(4096M) 117.471ms
[4563.266s][info][gc             ] GC(1347) Concurrent Mark Cycle
[4563.266s][info][gc,marking     ] GC(1347) Concurrent Scan Root Regions
[4563.266s][info][gc,cpu         ] GC(1346) User=0.69s Sys=0.00s Real=0.11s
[4563.446s][info][gc,marking     ] GC(1347) Concurrent Scan Root Regions 180.476ms
[4563.446s][info][gc,marking     ] GC(1347) Concurrent Mark
[4563.446s][info][gc,marking     ] GC(1347) Concurrent Mark From Roots
[4563.446s][info][gc,task        ] GC(1347) Using 2 workers of 2 for marking
.[4564.422s][info][gc,marking     ] GC(1347) Concurrent Mark From Roots 975.207ms
[4564.422s][info][gc,marking     ] GC(1347) Concurrent Preclean
[4564.422s][info][gc,marking     ] GC(1347) Concurrent Preclean 0.114ms
[4564.426s][info][gc,start       ] GC(1347) Pause Remark
[4564.432s][info][gc             ] GC(1347) Pause Remark 2528M->2528M(4096M) 5.839ms
[4564.432s][info][gc,cpu         ] GC(1347) User=0.03s Sys=0.00s Real=0.01s
[4564.432s][info][gc,marking     ] GC(1347) Concurrent Mark 985.534ms
[4564.432s][info][gc,marking     ] GC(1347) Concurrent Rebuild Remembered Sets and Scrub Regions
[4564.714s][info][gc,marking     ] GC(1347) Concurrent Rebuild Remembered Sets and Scrub Regions 282.222ms
[4564.716s][info][gc,start       ] GC(1347) Pause Cleanup
[4564.716s][info][gc             ] GC(1347) Pause Cleanup 2834M->2834M(4096M) 0.136ms
[4564.716s][info][gc,cpu         ] GC(1347) User=0.00s Sys=0.00s Real=0.00s
[4564.717s][info][gc,marking     ] GC(1347) Concurrent Clear Claimed Marks
[4564.717s][info][gc,marking     ] GC(1347) Concurrent Clear Claimed Marks 0.031ms
[4564.717s][info][gc,marking     ] GC(1347) Concurrent Cleanup for Next Mark
[4564.725s][info][gc,marking     ] GC(1347) Concurrent Cleanup for Next Mark 8.159ms
[4564.725s][info][gc             ] GC(1347) Concurrent Mark Cycle 1458.914ms
.[4565.439s][info][gc,start       ] GC(1348) Pause Young (Prepare Mixed) (G1 Evacuation Pause)
[4565.439s][info][gc,task        ] GC(1348) Using 6 workers of 6 for evacuation
[4565.561s][info][gc,phases      ] GC(1348)   Pre Evacuate Collection Set: 0.33ms
[4565.561s][info][gc,phases      ] GC(1348)   Merge Heap Roots: 0.48ms
[4565.561s][info][gc,phases      ] GC(1348)   Evacuate Collection Set: 120.56ms
[4565.561s][info][gc,phases      ] GC(1348)   Post Evacuate Collection Set: 0.95ms
[4565.561s][info][gc,phases      ] GC(1348)   Other: 0.08ms
[4565.561s][info][gc,heap        ] GC(1348) Eden regions: 1118->0(1102)
[4565.561s][info][gc,heap        ] GC(1348) Survivor regions: 110->113(154)
[4565.561s][info][gc,heap        ] GC(1348) Old regions: 505->537
[4565.561s][info][gc,heap        ] GC(1348) Humongous regions: 80->80
[4565.561s][info][gc,metaspace   ] GC(1348) Metaspace: 28883K(29248K)->28883K(29248K) NonClass: 24016K(24192K)->24016K(24192K) Class: 4867K(5056K)->4867K(5056K)
[4565.561s][info][gc             ] GC(1348) Pause Young (Prepare Mixed) (G1 Evacuation Pause) 3624M->1457M(4096M) 122.531ms
[4565.561s][info][gc,cpu         ] GC(1348) User=0.73s Sys=0.01s Real=0.12s
..[4567.719s][info][gc,start       ] GC(1349) Pause Young (Mixed) (G1 Evacuation Pause)
[4567.719s][info][gc,task        ] GC(1349) Using 6 workers of 6 for evacuation
[4567.854s][info][gc,phases      ] GC(1349)   Pre Evacuate Collection Set: 0.35ms
[4567.854s][info][gc,phases      ] GC(1349)   Merge Heap Roots: 0.67ms
[4567.854s][info][gc,phases      ] GC(1349)   Evacuate Collection Set: 133.21ms
[4567.854s][info][gc,phases      ] GC(1349)   Post Evacuate Collection Set: 0.95ms
[4567.854s][info][gc,phases      ] GC(1349)   Other: 0.09ms
[4567.854s][info][gc,heap        ] GC(1349) Eden regions: 1102->0(1119)
[4567.854s][info][gc,heap        ] GC(1349) Survivor regions: 113->109(152)
[4567.854s][info][gc,heap        ] GC(1349) Old regions: 537->474
[4567.854s][info][gc,heap        ] GC(1349) Humongous regions: 80->80
[4567.854s][info][gc,metaspace   ] GC(1349) Metaspace: 28883K(29248K)->28883K(29248K) NonClass: 24016K(24192K)->24016K(24192K) Class: 4867K(5056K)->4867K(5056K)
[4567.854s][info][gc             ] GC(1349) Pause Young (Mixed) (G1 Evacuation Pause) 3661M->1325M(4096M) 135.396ms
[4567.854s][info][gc,cpu         ] GC(1349) User=0.81s Sys=0.00s Real=0.13s
..[4569.953s][info][gc,start       ] GC(1350) Pause Young (Concurrent Start) (G1 Evacuation Pause)
[4569.953s][info][gc,task        ] GC(1350) Using 6 workers of 6 for evacuation
[4570.071s][info][gc,phases      ] GC(1350)   Pre Evacuate Collection Set: 0.40ms
[4570.071s][info][gc,phases      ] GC(1350)   Merge Heap Roots: 0.44ms
[4570.071s][info][gc,phases      ] GC(1350)   Evacuate Collection Set: 116.36ms
[4570.071s][info][gc,phases      ] GC(1350)   Post Evacuate Collection Set: 0.90ms
[4570.071s][info][gc,phases      ] GC(1350)   Other: 0.10ms
[4570.071s][info][gc,heap        ] GC(1350) Eden regions: 1119->0(1118)
[4570.071s][info][gc,heap        ] GC(1350) Survivor regions: 109->110(154)
[4570.071s][info][gc,heap        ] GC(1350) Old regions: 474->505
[4570.071s][info][gc,heap        ] GC(1350) Humongous regions: 80->80
[4570.071s][info][gc,metaspace   ] GC(1350) Metaspace: 28883K(29248K)->28883K(29248K) NonClass: 24016K(24192K)->24016K(24192K) Class: 4867K(5056K)->4867K(5056K)
[4570.071s][info][gc             ] GC(1350) Pause Young (Concurrent Start) (G1 Evacuation Pause) 3563M->1389M(4096M) 118.352ms
[4570.071s][info][gc             ] GC(1351) Concurrent Mark Cycle
[4570.071s][info][gc,marking     ] GC(1351) Concurrent Scan Root Regions
[4570.071s][info][gc,cpu         ] GC(1350) User=0.70s Sys=0.00s Real=0.12s
.[4570.229s][info][gc,marking     ] GC(1351) Concurrent Scan Root Regions 158.350ms
[4570.229s][info][gc,marking     ] GC(1351) Concurrent Mark
[4570.230s][info][gc,marking     ] GC(1351) Concurrent Mark From Roots
[4570.230s][info][gc,task        ] GC(1351) Using 2 workers of 2 for marking
[4571.002s][info][gc,marking     ] GC(1351) Concurrent Mark From Roots 772.135ms
[4571.002s][info][gc,marking     ] GC(1351) Concurrent Preclean
[4571.002s][info][gc,marking     ] GC(1351) Concurrent Preclean 0.106ms
[4571.003s][info][gc,start       ] GC(1351) Pause Remark
[4571.006s][info][gc             ] GC(1351) Pause Remark 2267M->2267M(4096M) 3.614ms
[4571.006s][info][gc,cpu         ] GC(1351) User=0.02s Sys=0.00s Real=0.00s
[4571.006s][info][gc,marking     ] GC(1351) Concurrent Mark 776.819ms
[4571.006s][info][gc,marking     ] GC(1351) Concurrent Rebuild Remembered Sets and Scrub Regions
.[4571.290s][info][gc,marking     ] GC(1351) Concurrent Rebuild Remembered Sets and Scrub Regions 283.925ms
[4571.292s][info][gc,start       ] GC(1351) Pause Cleanup
[4571.292s][info][gc             ] GC(1351) Pause Cleanup 2557M->2557M(4096M) 0.134ms
[4571.292s][info][gc,cpu         ] GC(1351) User=0.00s Sys=0.00s Real=0.00s
[4571.292s][info][gc,marking     ] GC(1351) Concurrent Clear Claimed Marks
[4571.292s][info][gc,marking     ] GC(1351) Concurrent Clear Claimed Marks 0.031ms
[4571.292s][info][gc,marking     ] GC(1351) Concurrent Cleanup for Next Mark
[4571.315s][info][gc,marking     ] GC(1351) Concurrent Cleanup for Next Mark 22.370ms
[4571.315s][info][gc             ] GC(1351) Concurrent Mark Cycle 1243.824ms
.[4572.312s][info][gc,start       ] GC(1352) Pause Young (Prepare Mixed) (G1 Evacuation Pause)
[4572.313s][info][gc,task        ] GC(1352) Using 6 workers of 6 for evacuation
[4572.436s][info][gc,phases      ] GC(1352)   Pre Evacuate Collection Set: 0.34ms
[4572.436s][info][gc,phases      ] GC(1352)   Merge Heap Roots: 0.47ms
[4572.436s][info][gc,phases      ] GC(1352)   Evacuate Collection Set: 121.34ms
[4572.436s][info][gc,phases      ] GC(1352)   Post Evacuate Collection Set: 0.95ms
[4572.436s][info][gc,phases      ] GC(1352)   Other: 0.09ms
[4572.436s][info][gc,heap        ] GC(1352) Eden regions: 1118->0(1101)
[4572.436s][info][gc,heap        ] GC(1352) Survivor regions: 110->113(154)
[4572.436s][info][gc,heap        ] GC(1352) Old regions: 505->538
[4572.436s][info][gc,heap        ] GC(1352) Humongous regions: 80->80
[4572.436s][info][gc,metaspace   ] GC(1352) Metaspace: 28883K(29248K)->28883K(29248K) NonClass: 24016K(24192K)->24016K(24192K) Class: 4867K(5056K)->4867K(5056K)
[4572.436s][info][gc             ] GC(1352) Pause Young (Prepare Mixed) (G1 Evacuation Pause) 3625M->1461M(4096M) 123.334ms
[4572.436s][info][gc,cpu         ] GC(1352) User=0.73s Sys=0.01s Real=0.12s
..[4574.483s][info][gc,start       ] GC(1353) Pause Young (Mixed) (G1 Evacuation Pause)
[4574.483s][info][gc,task        ] GC(1353) Using 6 workers of 6 for evacuation
[4574.619s][info][gc,phases      ] GC(1353)   Pre Evacuate Collection Set: 0.39ms
[4574.619s][info][gc,phases      ] GC(1353)   Merge Heap Roots: 0.68ms
[4574.619s][info][gc,phases      ] GC(1353)   Evacuate Collection Set: 134.34ms
[4574.619s][info][gc,phases      ] GC(1353)   Post Evacuate Collection Set: 0.96ms
[4574.619s][info][gc,phases      ] GC(1353)   Other: 0.09ms
[4574.619s][info][gc,heap        ] GC(1353) Eden regions: 1101->0(1116)
[4574.619s][info][gc,heap        ] GC(1353) Survivor regions: 113->112(152)
[4574.619s][info][gc,heap        ] GC(1353) Old regions: 538->473
[4574.619s][info][gc,heap        ] GC(1353) Humongous regions: 80->80
[4574.619s][info][gc,metaspace   ] GC(1353) Metaspace: 28883K(29248K)->28883K(29248K) NonClass: 24016K(24192K)->24016K(24192K) Class: 4867K(5056K)->4867K(5056K)
[4574.619s][info][gc             ] GC(1353) Pause Young (Mixed) (G1 Evacuation Pause) 3663M->1327M(4096M) 136.598ms
[4574.619s][info][gc,cpu         ] GC(1353) User=0.81s Sys=0.00s Real=0.14s
..[4576.813s][info][gc,start       ] GC(1354) Pause Young (Concurrent Start) (G1 Evacuation Pause)
[4576.813s][info][gc,task        ] GC(1354) Using 6 workers of 6 for evacuation
[4576.936s][info][gc,phases      ] GC(1354)   Pre Evacuate Collection Set: 0.33ms
[4576.936s][info][gc,phases      ] GC(1354)   Merge Heap Roots: 0.44ms
[4576.936s][info][gc,phases      ] GC(1354)   Evacuate Collection Set: 121.84ms
[4576.936s][info][gc,phases      ] GC(1354)   Post Evacuate Collection Set: 0.80ms
[4576.936s][info][gc,phases      ] GC(1354)   Other: 0.11ms
[4576.936s][info][gc,heap        ] GC(1354) Eden regions: 1116->0(1113)
[4576.936s][info][gc,heap        ] GC(1354) Survivor regions: 112->115(154)
[4576.936s][info][gc,heap        ] GC(1354) Old regions: 473->504
[4576.936s][info][gc,heap        ] GC(1354) Humongous regions: 80->80
[4576.936s][info][gc,metaspace   ] GC(1354) Metaspace: 28883K(29248K)->28883K(29248K) NonClass: 24016K(24192K)->24016K(24192K) Class: 4867K(5056K)->4867K(5056K)
[4576.936s][info][gc             ] GC(1354) Pause Young (Concurrent Start) (G1 Evacuation Pause) 3559M->1395M(4096M) 123.661ms
[4576.936s][info][gc             ] GC(1355) Concurrent Mark Cycle
[4576.936s][info][gc,marking     ] GC(1355) Concurrent Scan Root Regions
[4576.936s][info][gc,cpu         ] GC(1354) User=0.74s Sys=0.00s Real=0.12s
[4577.110s][info][gc,marking     ] GC(1355) Concurrent Scan Root Regions 173.645ms
[4577.110s][info][gc,marking     ] GC(1355) Concurrent Mark
[4577.110s][info][gc,marking     ] GC(1355) Concurrent Mark From Roots
[4577.110s][info][gc,task        ] GC(1355) Using 2 workers of 2 for marking
.[4578.000s][info][gc,marking     ] GC(1355) Concurrent Mark From Roots 890.441ms
[4578.000s][info][gc,marking     ] GC(1355) Concurrent Preclean
[4578.001s][info][gc,marking     ] GC(1355) Concurrent Preclean 0.106ms
[4578.002s][info][gc,start       ] GC(1355) Pause Remark
[4578.008s][info][gc             ] GC(1355) Pause Remark 2421M->2421M(4096M) 5.123ms
[4578.008s][info][gc,cpu         ] GC(1355) User=0.02s Sys=0.00s Real=0.01s
[4578.008s][info][gc,marking     ] GC(1355) Concurrent Mark 898.414ms
[4578.008s][info][gc,marking     ] GC(1355) Concurrent Rebuild Remembered Sets and Scrub Regions
[4578.278s][info][gc,marking     ] GC(1355) Concurrent Rebuild Remembered Sets and Scrub Regions 269.187ms
[4578.279s][info][gc,start       ] GC(1355) Pause Cleanup
[4578.279s][info][gc             ] GC(1355) Pause Cleanup 2673M->2673M(4096M) 0.131ms
[4578.279s][info][gc,cpu         ] GC(1355) User=0.00s Sys=0.00s Real=0.00s
[4578.279s][info][gc,marking     ] GC(1355) Concurrent Clear Claimed Marks
[4578.279s][info][gc,marking     ] GC(1355) Concurrent Clear Claimed Marks 0.028ms
[4578.279s][info][gc,marking     ] GC(1355) Concurrent Cleanup for Next Mark
[4578.342s][info][gc,marking     ] GC(1355) Concurrent Cleanup for Next Mark 62.743ms
[4578.342s][info][gc             ] GC(1355) Concurrent Mark Cycle 1405.809ms
.[4578.994s][info][gc,start       ] GC(1356) Pause Young (Prepare Mixed) (G1 Evacuation Pause)
[4578.994s][info][gc,task        ] GC(1356) Using 6 workers of 6 for evacuation
[4579.115s][info][gc,phases      ] GC(1356)   Pre Evacuate Collection Set: 0.34ms
[4579.115s][info][gc,phases      ] GC(1356)   Merge Heap Roots: 0.50ms
[4579.115s][info][gc,phases      ] GC(1356)   Evacuate Collection Set: 119.36ms
[4579.115s][info][gc,phases      ] GC(1356)   Post Evacuate Collection Set: 0.95ms
[4579.115s][info][gc,phases      ] GC(1356)   Other: 0.09ms
[4579.115s][info][gc,heap        ] GC(1356) Eden regions: 1113->0(1105)
[4579.115s][info][gc,heap        ] GC(1356) Survivor regions: 115->112(154)
[4579.115s][info][gc,heap        ] GC(1356) Old regions: 504->536
[4579.115s][info][gc,heap        ] GC(1356) Humongous regions: 80->80
[4579.115s][info][gc,metaspace   ] GC(1356) Metaspace: 28883K(29248K)->28883K(29248K) NonClass: 24016K(24192K)->24016K(24192K) Class: 4867K(5056K)->4867K(5056K)
[4579.115s][info][gc             ] GC(1356) Pause Young (Prepare Mixed) (G1 Evacuation Pause) 3621M->1455M(4096M) 121.373ms
[4579.115s][info][gc,cpu         ] GC(1356) User=0.72s Sys=0.00s Real=0.12s
..[4581.257s][info][gc,start       ] GC(1357) Pause Young (Mixed) (G1 Evacuation Pause)
[4581.257s][info][gc,task        ] GC(1357) Using 6 workers of 6 for evacuation
[4581.395s][info][gc,phases      ] GC(1357)   Pre Evacuate Collection Set: 0.37ms
[4581.395s][info][gc,phases      ] GC(1357)   Merge Heap Roots: 0.64ms
[4581.395s][info][gc,phases      ] GC(1357)   Evacuate Collection Set: 135.14ms
[4581.395s][info][gc,phases      ] GC(1357)   Post Evacuate Collection Set: 0.94ms
[4581.395s][info][gc,phases      ] GC(1357)   Other: 0.08ms
[4581.395s][info][gc,heap        ] GC(1357) Eden regions: 1105->0(1118)
[4581.395s][info][gc,heap        ] GC(1357) Survivor regions: 112->110(153)
[4581.395s][info][gc,heap        ] GC(1357) Old regions: 536->473
[4581.395s][info][gc,heap        ] GC(1357) Humongous regions: 80->80
[4581.395s][info][gc,metaspace   ] GC(1357) Metaspace: 28883K(29248K)->28883K(29248K) NonClass: 24016K(24192K)->24016K(24192K) Class: 4867K(5056K)->4867K(5056K)
[4581.395s][info][gc             ] GC(1357) Pause Young (Mixed) (G1 Evacuation Pause) 3665M->1323M(4096M) 137.301ms
[4581.395s][info][gc,cpu         ] GC(1357) User=0.82s Sys=0.00s Real=0.13s
...[4583.515s][info][gc,start       ] GC(1358) Pause Young (Concurrent Start) (G1 Evacuation Pause)
[4583.515s][info][gc,task        ] GC(1358) Using 6 workers of 6 for evacuation
[4583.637s][info][gc,phases      ] GC(1358)   Pre Evacuate Collection Set: 0.38ms
[4583.637s][info][gc,phases      ] GC(1358)   Merge Heap Roots: 0.47ms
[4583.637s][info][gc,phases      ] GC(1358)   Evacuate Collection Set: 120.61ms
[4583.637s][info][gc,phases      ] GC(1358)   Post Evacuate Collection Set: 0.85ms
[4583.637s][info][gc,phases      ] GC(1358)   Other: 0.10ms
[4583.637s][info][gc,heap        ] GC(1358) Eden regions: 1118->0(1114)
[4583.637s][info][gc,heap        ] GC(1358) Survivor regions: 110->114(154)
[4583.637s][info][gc,heap        ] GC(1358) Old regions: 473->503
[4583.637s][info][gc,heap        ] GC(1358) Humongous regions: 80->80
[4583.637s][info][gc,metaspace   ] GC(1358) Metaspace: 28883K(29248K)->28883K(29248K) NonClass: 24016K(24192K)->24016K(24192K) Class: 4867K(5056K)->4867K(5056K)
[4583.637s][info][gc             ] GC(1358) Pause Young (Concurrent Start) (G1 Evacuation Pause) 3559M->1392M(4096M) 122.531ms
[4583.637s][info][gc             ] GC(1359) Concurrent Mark Cycle
[4583.637s][info][gc,marking     ] GC(1359) Concurrent Scan Root Regions
[4583.637s][info][gc,cpu         ] GC(1358) User=0.73s Sys=0.00s Real=0.13s
[4583.781s][info][gc,marking     ] GC(1359) Concurrent Scan Root Regions 143.884ms
[4583.781s][info][gc,marking     ] GC(1359) Concurrent Mark
[4583.781s][info][gc,marking     ] GC(1359) Concurrent Mark From Roots
[4583.781s][info][gc,task        ] GC(1359) Using 2 workers of 2 for marking
.[4584.517s][info][gc,marking     ] GC(1359) Concurrent Mark From Roots 735.709ms
[4584.517s][info][gc,marking     ] GC(1359) Concurrent Preclean
[4584.517s][info][gc,marking     ] GC(1359) Concurrent Preclean 0.101ms
[4584.518s][info][gc,start       ] GC(1359) Pause Remark
[4584.523s][info][gc             ] GC(1359) Pause Remark 2242M->2242M(4096M) 4.139ms
[4584.523s][info][gc,cpu         ] GC(1359) User=0.02s Sys=0.00s Real=0.00s
[4584.523s][info][gc,marking     ] GC(1359) Concurrent Mark 741.760ms
[4584.523s][info][gc,marking     ] GC(1359) Concurrent Rebuild Remembered Sets and Scrub Regions
[4584.866s][info][gc,marking     ] GC(1359) Concurrent Rebuild Remembered Sets and Scrub Regions 343.426ms
[4584.866s][info][gc,start       ] GC(1359) Pause Cleanup
[4584.867s][info][gc             ] GC(1359) Pause Cleanup 2540M->2540M(4096M) 0.111ms
[4584.867s][info][gc,cpu         ] GC(1359) User=0.00s Sys=0.00s Real=0.00s
[4584.867s][info][gc,marking     ] GC(1359) Concurrent Clear Claimed Marks
[4584.867s][info][gc,marking     ] GC(1359) Concurrent Clear Claimed Marks 0.027ms
[4584.867s][info][gc,marking     ] GC(1359) Concurrent Cleanup for Next Mark
[4584.873s][info][gc,marking     ] GC(1359) Concurrent Cleanup for Next Mark 5.956ms
[4584.873s][info][gc             ] GC(1359) Concurrent Mark Cycle 1235.695ms
.[4585.761s][info][gc,start       ] GC(1360) Pause Young (Prepare Mixed) (G1 Evacuation Pause)
[4585.761s][info][gc,task        ] GC(1360) Using 6 workers of 6 for evacuation
[4585.886s][info][gc,phases      ] GC(1360)   Pre Evacuate Collection Set: 0.32ms
[4585.886s][info][gc,phases      ] GC(1360)   Merge Heap Roots: 0.50ms
[4585.886s][info][gc,phases      ] GC(1360)   Evacuate Collection Set: 122.62ms
[4585.886s][info][gc,phases      ] GC(1360)   Post Evacuate Collection Set: 0.92ms
[4585.886s][info][gc,phases      ] GC(1360)   Other: 0.08ms
[4585.886s][info][gc,heap        ] GC(1360) Eden regions: 1114->0(1098)
[4585.886s][info][gc,heap        ] GC(1360) Survivor regions: 114->116(154)
[4585.886s][info][gc,heap        ] GC(1360) Old regions: 503->535
[4585.886s][info][gc,heap        ] GC(1360) Humongous regions: 80->80
[4585.886s][info][gc,metaspace   ] GC(1360) Metaspace: 28883K(29248K)->28883K(29248K) NonClass: 24016K(24192K)->24016K(24192K) Class: 4867K(5056K)->4867K(5056K)
[4585.886s][info][gc             ] GC(1360) Pause Young (Prepare Mixed) (G1 Evacuation Pause) 3620M->1461M(4096M) 124.575ms
[4585.886s][info][gc,cpu         ] GC(1360) User=0.74s Sys=0.00s Real=0.12s
..[4587.972s][info][gc,start       ] GC(1361) Pause Young (Mixed) (G1 Evacuation Pause)
[4587.972s][info][gc,task        ] GC(1361) Using 6 workers of 6 for evacuation
[4588.112s][info][gc,phases      ] GC(1361)   Pre Evacuate Collection Set: 0.39ms
[4588.112s][info][gc,phases      ] GC(1361)   Merge Heap Roots: 0.79ms
[4588.112s][info][gc,phases      ] GC(1361)   Evacuate Collection Set: 137.15ms
[4588.112s][info][gc,phases      ] GC(1361)   Post Evacuate Collection Set: 0.96ms
[4588.112s][info][gc,phases      ] GC(1361)   Other: 0.09ms
[4588.112s][info][gc,heap        ] GC(1361) Eden regions: 1098->0(1117)
[4588.112s][info][gc,heap        ] GC(1361) Survivor regions: 116->111(152)
[4588.112s][info][gc,heap        ] GC(1361) Old regions: 535->474
[4588.112s][info][gc,heap        ] GC(1361) Humongous regions: 80->80
[4588.112s][info][gc,metaspace   ] GC(1361) Metaspace: 28883K(29248K)->28883K(29248K) NonClass: 24016K(24192K)->24016K(24192K) Class: 4867K(5056K)->4867K(5056K)
[4588.112s][info][gc             ] GC(1361) Pause Young (Mixed) (G1 Evacuation Pause) 3657M->1329M(4096M) 139.506ms
[4588.112s][info][gc,cpu         ] GC(1361) User=0.83s Sys=0.00s Real=0.14s
..[4590.210s][info][gc,start       ] GC(1362) Pause Young (Concurrent Start) (G1 Evacuation Pause)
[4590.210s][info][gc,task        ] GC(1362) Using 6 workers of 6 for evacuation
[4590.331s][info][gc,phases      ] GC(1362)   Pre Evacuate Collection Set: 0.33ms
[4590.331s][info][gc,phases      ] GC(1362)   Merge Heap Roots: 0.45ms
[4590.331s][info][gc,phases      ] GC(1362)   Evacuate Collection Set: 119.19ms
[4590.331s][info][gc,phases      ] GC(1362)   Post Evacuate Collection Set: 0.89ms
[4590.331s][info][gc,phases      ] GC(1362)   Other: 0.11ms
[4590.331s][info][gc,heap        ] GC(1362) Eden regions: 1117->0(1116)
[4590.331s][info][gc,heap        ] GC(1362) Survivor regions: 111->112(154)
[4590.331s][info][gc,heap        ] GC(1362) Old regions: 474->507
[4590.331s][info][gc,heap        ] GC(1362) Humongous regions: 80->80
[4590.331s][info][gc,metaspace   ] GC(1362) Metaspace: 28883K(29248K)->28883K(29248K) NonClass: 24016K(24192K)->24016K(24192K) Class: 4867K(5056K)->4867K(5056K)
[4590.331s][info][gc             ] GC(1362) Pause Young (Concurrent Start) (G1 Evacuation Pause) 3563M->1396M(4096M) 121.118ms
[4590.331s][info][gc             ] GC(1363) Concurrent Mark Cycle
[4590.331s][info][gc,marking     ] GC(1363) Concurrent Scan Root Regions
[4590.331s][info][gc,cpu         ] GC(1362) User=0.72s Sys=0.00s Real=0.12s
[4590.514s][info][gc,marking     ] GC(1363) Concurrent Scan Root Regions 182.541ms
[4590.514s][info][gc,marking     ] GC(1363) Concurrent Mark
[4590.514s][info][gc,marking     ] GC(1363) Concurrent Mark From Roots
[4590.514s][info][gc,task        ] GC(1363) Using 2 workers of 2 for marking
.[4591.467s][info][gc,marking     ] GC(1363) Concurrent Mark From Roots 953.400ms
[4591.467s][info][gc,marking     ] GC(1363) Concurrent Preclean
[4591.467s][info][gc,marking     ] GC(1363) Concurrent Preclean 0.103ms
[4591.471s][info][gc,start       ] GC(1363) Pause Remark
[4591.475s][info][gc             ] GC(1363) Pause Remark 2480M->2480M(4096M) 4.729ms
[4591.475s][info][gc,cpu         ] GC(1363) User=0.03s Sys=0.00s Real=0.00s
[4591.477s][info][gc,marking     ] GC(1363) Concurrent Mark 962.830ms
[4591.477s][info][gc,marking     ] GC(1363) Concurrent Rebuild Remembered Sets and Scrub Regions
.[4591.749s][info][gc,marking     ] GC(1363) Concurrent Rebuild Remembered Sets and Scrub Regions 272.601ms
[4591.750s][info][gc,start       ] GC(1363) Pause Cleanup
[4591.750s][info][gc             ] GC(1363) Pause Cleanup 2791M->2791M(4096M) 0.113ms
[4591.750s][info][gc,cpu         ] GC(1363) User=0.00s Sys=0.00s Real=0.00s
[4591.750s][info][gc,marking     ] GC(1363) Concurrent Clear Claimed Marks
[4591.750s][info][gc,marking     ] GC(1363) Concurrent Clear Claimed Marks 0.032ms
[4591.750s][info][gc,marking     ] GC(1363) Concurrent Cleanup for Next Mark
[4591.766s][info][gc,marking     ] GC(1363) Concurrent Cleanup for Next Mark 15.492ms
[4591.766s][info][gc             ] GC(1363) Concurrent Mark Cycle 1434.389ms
[4592.557s][info][gc,start       ] GC(1364) Pause Young (Prepare Mixed) (G1 Evacuation Pause)
[4592.557s][info][gc,task        ] GC(1364) Using 6 workers of 6 for evacuation
[4592.676s][info][gc,phases      ] GC(1364)   Pre Evacuate Collection Set: 0.34ms
[4592.676s][info][gc,phases      ] GC(1364)   Merge Heap Roots: 0.56ms
[4592.676s][info][gc,phases      ] GC(1364)   Evacuate Collection Set: 116.83ms
[4592.676s][info][gc,phases      ] GC(1364)   Post Evacuate Collection Set: 0.94ms
[4592.676s][info][gc,phases      ] GC(1364)   Other: 0.84ms
[4592.676s][info][gc,heap        ] GC(1364) Eden regions: 1116->0(1106)
[4592.676s][info][gc,heap        ] GC(1364) Survivor regions: 112->111(154)
[4592.676s][info][gc,heap        ] GC(1364) Old regions: 507->537
[4592.676s][info][gc,heap        ] GC(1364) Humongous regions: 80->80
[4592.676s][info][gc,metaspace   ] GC(1364) Metaspace: 28883K(29248K)->28883K(29248K) NonClass: 24016K(24192K)->24016K(24192K) Class: 4867K(5056K)->4867K(5056K)
[4592.676s][info][gc             ] GC(1364) Pause Young (Prepare Mixed) (G1 Evacuation Pause) 3628M->1454M(4096M) 119.639ms
[4592.677s][info][gc,cpu         ] GC(1364) User=0.70s Sys=0.00s Real=0.11s
...[4594.814s][info][gc,start       ] GC(1365) Pause Young (Mixed) (G1 Evacuation Pause)
[4594.814s][info][gc,task        ] GC(1365) Using 6 workers of 6 for evacuation
[4594.947s][info][gc,phases      ] GC(1365)   Pre Evacuate Collection Set: 0.38ms
[4594.947s][info][gc,phases      ] GC(1365)   Merge Heap Roots: 0.65ms
[4594.947s][info][gc,phases      ] GC(1365)   Evacuate Collection Set: 130.49ms
[4594.947s][info][gc,phases      ] GC(1365)   Post Evacuate Collection Set: 0.93ms
[4594.947s][info][gc,phases      ] GC(1365)   Other: 0.10ms
[4594.947s][info][gc,heap        ] GC(1365) Eden regions: 1106->0(1118)
[4594.947s][info][gc,heap        ] GC(1365) Survivor regions: 111->110(153)
[4594.947s][info][gc,heap        ] GC(1365) Old regions: 537->474
[4594.947s][info][gc,heap        ] GC(1365) Humongous regions: 80->80
[4594.947s][info][gc,metaspace   ] GC(1365) Metaspace: 28883K(29248K)->28883K(29248K) NonClass: 24016K(24192K)->24016K(24192K) Class: 4867K(5056K)->4867K(5056K)
[4594.947s][info][gc             ] GC(1365) Pause Young (Mixed) (G1 Evacuation Pause) 3666M->1326M(4096M) 132.685ms
[4594.947s][info][gc,cpu         ] GC(1365) User=0.79s Sys=0.00s Real=0.14s
..[4597.115s][info][gc,start       ] GC(1366) Pause Young (Concurrent Start) (G1 Evacuation Pause)
[4597.116s][info][gc,task        ] GC(1366) Using 6 workers of 6 for evacuation
[4597.233s][info][gc,phases      ] GC(1366)   Pre Evacuate Collection Set: 0.36ms
[4597.233s][info][gc,phases      ] GC(1366)   Merge Heap Roots: 0.42ms
[4597.233s][info][gc,phases      ] GC(1366)   Evacuate Collection Set: 115.89ms
[4597.233s][info][gc,phases      ] GC(1366)   Post Evacuate Collection Set: 0.89ms
[4597.233s][info][gc,phases      ] GC(1366)   Other: 0.11ms
[4597.233s][info][gc,heap        ] GC(1366) Eden regions: 1118->0(1119)
[4597.233s][info][gc,heap        ] GC(1366) Survivor regions: 110->109(154)
[4597.233s][info][gc,heap        ] GC(1366) Old regions: 474->507
[4597.233s][info][gc,heap        ] GC(1366) Humongous regions: 80->80
[4597.233s][info][gc,metaspace   ] GC(1366) Metaspace: 28883K(29248K)->28883K(29248K) NonClass: 24016K(24192K)->24016K(24192K) Class: 4867K(5056K)->4867K(5056K)
[4597.233s][info][gc             ] GC(1366) Pause Young (Concurrent Start) (G1 Evacuation Pause) 3562M->1390M(4096M) 117.792ms
[4597.233s][info][gc             ] GC(1367) Concurrent Mark Cycle
[4597.233s][info][gc,marking     ] GC(1367) Concurrent Scan Root Regions
[4597.233s][info][gc,cpu         ] GC(1366) User=0.70s Sys=0.00s Real=0.12s
[4597.431s][info][gc,marking     ] GC(1367) Concurrent Scan Root Regions 197.898ms
[4597.431s][info][gc,marking     ] GC(1367) Concurrent Mark
[4597.431s][info][gc,marking     ] GC(1367) Concurrent Mark From Roots
[4597.431s][info][gc,task        ] GC(1367) Using 2 workers of 2 for marking
.[4598.245s][info][gc,marking     ] GC(1367) Concurrent Mark From Roots 813.559ms
[4598.245s][info][gc,marking     ] GC(1367) Concurrent Preclean
[4598.245s][info][gc,marking     ] GC(1367) Concurrent Preclean 0.106ms
[4598.246s][info][gc,start       ] GC(1367) Pause Remark
[4598.251s][info][gc             ] GC(1367) Pause Remark 2358M->2358M(4096M) 5.256ms
[4598.251s][info][gc,cpu         ] GC(1367) User=0.03s Sys=0.00s Real=0.01s
[4598.253s][info][gc,marking     ] GC(1367) Concurrent Mark 821.776ms
[4598.253s][info][gc,marking     ] GC(1367) Concurrent Rebuild Remembered Sets and Scrub Regions
[4598.522s][info][gc,marking     ] GC(1367) Concurrent Rebuild Remembered Sets and Scrub Regions 269.258ms
[4598.524s][info][gc,start       ] GC(1367) Pause Cleanup
[4598.524s][info][gc             ] GC(1367) Pause Cleanup 2638M->2638M(4096M) 0.131ms
[4598.524s][info][gc,cpu         ] GC(1367) User=0.00s Sys=0.00s Real=0.00s
[4598.524s][info][gc,marking     ] GC(1367) Concurrent Clear Claimed Marks
[4598.525s][info][gc,marking     ] GC(1367) Concurrent Clear Claimed Marks 0.042ms
[4598.525s][info][gc,marking     ] GC(1367) Concurrent Cleanup for Next Mark
[4598.530s][info][gc,marking     ] GC(1367) Concurrent Cleanup for Next Mark 5.004ms
[4598.530s][info][gc             ] GC(1367) Concurrent Mark Cycle 1296.300ms
.[4599.397s][info][gc,start       ] GC(1368) Pause Young (Prepare Mixed) (G1 Evacuation Pause)
[4599.397s][info][gc,task        ] GC(1368) Using 6 workers of 6 for evacuation
[4599.517s][info][gc,phases      ] GC(1368)   Pre Evacuate Collection Set: 0.33ms
[4599.517s][info][gc,phases      ] GC(1368)   Merge Heap Roots: 0.48ms
[4599.517s][info][gc,phases      ] GC(1368)   Evacuate Collection Set: 117.89ms
[4599.517s][info][gc,phases      ] GC(1368)   Post Evacuate Collection Set: 0.90ms
[4599.517s][info][gc,phases      ] GC(1368)   Other: 0.11ms
[4599.517s][info][gc,heap        ] GC(1368) Eden regions: 1119->0(1104)
[4599.517s][info][gc,heap        ] GC(1368) Survivor regions: 109->112(154)
[4599.517s][info][gc,heap        ] GC(1368) Old regions: 507->537
[4599.517s][info][gc,heap        ] GC(1368) Humongous regions: 80->80
[4599.517s][info][gc,metaspace   ] GC(1368) Metaspace: 28883K(29248K)->28883K(29248K) NonClass: 24016K(24192K)->24016K(24192K) Class: 4867K(5056K)->4867K(5056K)
[4599.517s][info][gc             ] GC(1368) Pause Young (Prepare Mixed) (G1 Evacuation Pause) 3628M->1457M(4096M) 119.853ms
[4599.517s][info][gc,cpu         ] GC(1368) User=0.71s Sys=0.00s Real=0.12s
..[4601.731s][info][gc,start       ] GC(1369) Pause Young (Mixed) (G1 Evacuation Pause)
[4601.731s][info][gc,task        ] GC(1369) Using 6 workers of 6 for evacuation
[4601.867s][info][gc,phases      ] GC(1369)   Pre Evacuate Collection Set: 0.37ms
[4601.867s][info][gc,phases      ] GC(1369)   Merge Heap Roots: 0.61ms
[4601.867s][info][gc,phases      ] GC(1369)   Evacuate Collection Set: 133.70ms
[4601.867s][info][gc,phases      ] GC(1369)   Post Evacuate Collection Set: 0.95ms
[4601.867s][info][gc,phases      ] GC(1369)   Other: 0.09ms
[4601.867s][info][gc,heap        ] GC(1369) Eden regions: 1104->0(1117)
[4601.867s][info][gc,heap        ] GC(1369) Survivor regions: 112->111(152)
[4601.867s][info][gc,heap        ] GC(1369) Old regions: 537->473
[4601.867s][info][gc,heap        ] GC(1369) Humongous regions: 80->80
[4601.867s][info][gc,metaspace   ] GC(1369) Metaspace: 28883K(29248K)->28883K(29248K) NonClass: 24016K(24192K)->24016K(24192K) Class: 4867K(5056K)->4867K(5056K)
[4601.867s][info][gc             ] GC(1369) Pause Young (Mixed) (G1 Evacuation Pause) 3665M->1326M(4096M) 135.842ms
[4601.867s][info][gc,cpu         ] GC(1369) User=0.80s Sys=0.00s Real=0.13s
...[4603.938s][info][gc,start       ] GC(1370) Pause Young (Concurrent Start) (G1 Evacuation Pause)
[4603.938s][info][gc,task        ] GC(1370) Using 6 workers of 6 for evacuation
[4604.057s][info][gc,phases      ] GC(1370)   Pre Evacuate Collection Set: 0.37ms
[4604.057s][info][gc,phases      ] GC(1370)   Merge Heap Roots: 0.44ms
[4604.057s][info][gc,phases      ] GC(1370)   Evacuate Collection Set: 117.25ms
[4604.057s][info][gc,phases      ] GC(1370)   Post Evacuate Collection Set: 0.88ms
[4604.057s][info][gc,phases      ] GC(1370)   Other: 0.12ms
[4604.058s][info][gc,heap        ] GC(1370) Eden regions: 1117->0(1118)
[4604.058s][info][gc,heap        ] GC(1370) Survivor regions: 111->110(154)
[4604.058s][info][gc,heap        ] GC(1370) Old regions: 473->506
[4604.058s][info][gc,heap        ] GC(1370) Humongous regions: 80->80
[4604.058s][info][gc,metaspace   ] GC(1370) Metaspace: 28883K(29248K)->28883K(29248K) NonClass: 24016K(24192K)->24016K(24192K) Class: 4867K(5056K)->4867K(5056K)
[4604.058s][info][gc             ] GC(1370) Pause Young (Concurrent Start) (G1 Evacuation Pause) 3560M->1390M(4096M) 119.185ms
[4604.058s][info][gc             ] GC(1371) Concurrent Mark Cycle
[4604.058s][info][gc,marking     ] GC(1371) Concurrent Scan Root Regions
[4604.058s][info][gc,cpu         ] GC(1370) User=0.70s Sys=0.00s Real=0.12s
[4604.205s][info][gc,marking     ] GC(1371) Concurrent Scan Root Regions 147.071ms
[4604.205s][info][gc,marking     ] GC(1371) Concurrent Mark
[4604.205s][info][gc,marking     ] GC(1371) Concurrent Mark From Roots
[4604.205s][info][gc,task        ] GC(1371) Using 2 workers of 2 for marking
[4604.929s][info][gc,marking     ] GC(1371) Concurrent Mark From Roots 723.788ms
[4604.929s][info][gc,marking     ] GC(1371) Concurrent Preclean
[4604.929s][info][gc,marking     ] GC(1371) Concurrent Preclean 0.105ms
[4604.931s][info][gc,start       ] GC(1371) Pause Remark
[4604.936s][info][gc             ] GC(1371) Pause Remark 2150M->2150M(4096M) 4.795ms
[4604.936s][info][gc,cpu         ] GC(1371) User=0.02s Sys=0.00s Real=0.00s
[4604.936s][info][gc,marking     ] GC(1371) Concurrent Mark 731.574ms
[4604.936s][info][gc,marking     ] GC(1371) Concurrent Rebuild Remembered Sets and Scrub Regions
[4605.221s][info][gc,marking     ] GC(1371) Concurrent Rebuild Remembered Sets and Scrub Regions 284.224ms
[4605.222s][info][gc,start       ] GC(1371) Pause Cleanup
[4605.222s][info][gc             ] GC(1371) Pause Cleanup 2450M->2450M(4096M) 0.130ms
[4605.222s][info][gc,cpu         ] GC(1371) User=0.00s Sys=0.00s Real=0.00s
[4605.222s][info][gc,marking     ] GC(1371) Concurrent Clear Claimed Marks
[4605.222s][info][gc,marking     ] GC(1371) Concurrent Clear Claimed Marks 0.028ms
[4605.222s][info][gc,marking     ] GC(1371) Concurrent Cleanup for Next Mark
.[4605.227s][info][gc,marking     ] GC(1371) Concurrent Cleanup for Next Mark 4.961ms
[4605.227s][info][gc             ] GC(1371) Concurrent Mark Cycle 1169.556ms
.[4606.246s][info][gc,start       ] GC(1372) Pause Young (Prepare Mixed) (G1 Evacuation Pause)
[4606.246s][info][gc,task        ] GC(1372) Using 6 workers of 6 for evacuation
[4606.372s][info][gc,phases      ] GC(1372)   Pre Evacuate Collection Set: 0.30ms
[4606.372s][info][gc,phases      ] GC(1372)   Merge Heap Roots: 0.46ms
[4606.372s][info][gc,phases      ] GC(1372)   Evacuate Collection Set: 124.11ms
[4606.372s][info][gc,phases      ] GC(1372)   Post Evacuate Collection Set: 0.94ms
[4606.372s][info][gc,phases      ] GC(1372)   Other: 0.09ms
[4606.372s][info][gc,heap        ] GC(1372) Eden regions: 1118->0(1100)
[4606.372s][info][gc,heap        ] GC(1372) Survivor regions: 110->114(154)
[4606.372s][info][gc,heap        ] GC(1372) Old regions: 506->537
[4606.372s][info][gc,heap        ] GC(1372) Humongous regions: 80->80
[4606.372s][info][gc,metaspace   ] GC(1372) Metaspace: 28883K(29248K)->28883K(29248K) NonClass: 24016K(24192K)->24016K(24192K) Class: 4867K(5056K)->4867K(5056K)
[4606.372s][info][gc             ] GC(1372) Pause Young (Prepare Mixed) (G1 Evacuation Pause) 3626M->1460M(4096M) 126.025ms
[4606.372s][info][gc,cpu         ] GC(1372) User=0.75s Sys=0.00s Real=0.13s
..[4608.593s][info][gc,start       ] GC(1373) Pause Young (Mixed) (G1 Evacuation Pause)
[4608.593s][info][gc,task        ] GC(1373) Using 6 workers of 6 for evacuation
[4608.727s][info][gc,phases      ] GC(1373)   Pre Evacuate Collection Set: 0.37ms
[4608.727s][info][gc,phases      ] GC(1373)   Merge Heap Roots: 0.67ms
[4608.727s][info][gc,phases      ] GC(1373)   Evacuate Collection Set: 131.92ms
[4608.727s][info][gc,phases      ] GC(1373)   Post Evacuate Collection Set: 0.96ms
[4608.727s][info][gc,phases      ] GC(1373)   Other: 0.08ms
[4608.727s][info][gc,heap        ] GC(1373) Eden regions: 1100->0(1121)
[4608.727s][info][gc,heap        ] GC(1373) Survivor regions: 114->107(152)
[4608.727s][info][gc,heap        ] GC(1373) Old regions: 537->474
[4608.727s][info][gc,heap        ] GC(1373) Humongous regions: 80->80
[4608.727s][info][gc,metaspace   ] GC(1373) Metaspace: 28883K(29248K)->28883K(29248K) NonClass: 24016K(24192K)->24016K(24192K) Class: 4867K(5056K)->4867K(5056K)
[4608.727s][info][gc             ] GC(1373) Pause Young (Mixed) (G1 Evacuation Pause) 3660M->1321M(4096M) 134.136ms
[4608.728s][info][gc,cpu         ] GC(1373) User=0.79s Sys=0.00s Real=0.14s
..[4610.919s][info][gc,start       ] GC(1374) Pause Young (Concurrent Start) (G1 Evacuation Pause)
[4610.919s][info][gc,task        ] GC(1374) Using 6 workers of 6 for evacuation
[4611.037s][info][gc,phases      ] GC(1374)   Pre Evacuate Collection Set: 0.37ms
[4611.037s][info][gc,phases      ] GC(1374)   Merge Heap Roots: 0.48ms
[4611.037s][info][gc,phases      ] GC(1374)   Evacuate Collection Set: 116.48ms
[4611.037s][info][gc,phases      ] GC(1374)   Post Evacuate Collection Set: 0.96ms
[4611.037s][info][gc,phases      ] GC(1374)   Other: 0.12ms
[4611.037s][info][gc,heap        ] GC(1374) Eden regions: 1121->0(1117)
[4611.037s][info][gc,heap        ] GC(1374) Survivor regions: 107->111(154)
[4611.037s][info][gc,heap        ] GC(1374) Old regions: 474->507
[4611.037s][info][gc,heap        ] GC(1374) Humongous regions: 80->80
[4611.037s][info][gc,metaspace   ] GC(1374) Metaspace: 28883K(29248K)->28883K(29248K) NonClass: 24016K(24192K)->24016K(24192K) Class: 4867K(5056K)->4867K(5056K)
[4611.037s][info][gc             ] GC(1374) Pause Young (Concurrent Start) (G1 Evacuation Pause) 3563M->1394M(4096M) 118.547ms
[4611.037s][info][gc             ] GC(1375) Concurrent Mark Cycle
[4611.037s][info][gc,marking     ] GC(1375) Concurrent Scan Root Regions
[4611.037s][info][gc,cpu         ] GC(1374) User=0.70s Sys=0.00s Real=0.12s
.[4611.236s][info][gc,marking     ] GC(1375) Concurrent Scan Root Regions 198.704ms
[4611.236s][info][gc,marking     ] GC(1375) Concurrent Mark
[4611.236s][info][gc,marking     ] GC(1375) Concurrent Mark From Roots
[4611.236s][info][gc,task        ] GC(1375) Using 2 workers of 2 for marking
[4612.228s][info][gc,marking     ] GC(1375) Concurrent Mark From Roots 991.603ms
[4612.228s][info][gc,marking     ] GC(1375) Concurrent Preclean
[4612.228s][info][gc,marking     ] GC(1375) Concurrent Preclean 0.108ms
[4612.228s][info][gc,start       ] GC(1375) Pause Remark
[4612.233s][info][gc             ] GC(1375) Pause Remark 2578M->2578M(4096M) 4.717ms
[4612.233s][info][gc,cpu         ] GC(1375) User=0.03s Sys=0.00s Real=0.00s
[4612.233s][info][gc,marking     ] GC(1375) Concurrent Mark 997.346ms
[4612.233s][info][gc,marking     ] GC(1375) Concurrent Rebuild Remembered Sets and Scrub Regions
.[4612.592s][info][gc,marking     ] GC(1375) Concurrent Rebuild Remembered Sets and Scrub Regions 358.486ms
[4612.592s][info][gc,start       ] GC(1375) Pause Cleanup
[4612.592s][info][gc             ] GC(1375) Pause Cleanup 2956M->2956M(4096M) 0.118ms
[4612.592s][info][gc,cpu         ] GC(1375) User=0.00s Sys=0.00s Real=0.00s
[4612.592s][info][gc,marking     ] GC(1375) Concurrent Clear Claimed Marks
[4612.593s][info][gc,marking     ] GC(1375) Concurrent Clear Claimed Marks 0.028ms
[4612.593s][info][gc,marking     ] GC(1375) Concurrent Cleanup for Next Mark
[4612.598s][info][gc,marking     ] GC(1375) Concurrent Cleanup for Next Mark 5.015ms
[4612.598s][info][gc             ] GC(1375) Concurrent Mark Cycle 1560.426ms
[4613.256s][info][gc,start       ] GC(1376) Pause Young (Prepare Mixed) (G1 Evacuation Pause)
[4613.256s][info][gc,task        ] GC(1376) Using 6 workers of 6 for evacuation
[4613.379s][info][gc,phases      ] GC(1376)   Pre Evacuate Collection Set: 0.35ms
[4613.379s][info][gc,phases      ] GC(1376)   Merge Heap Roots: 0.55ms
[4613.379s][info][gc,phases      ] GC(1376)   Evacuate Collection Set: 120.92ms
[4613.379s][info][gc,phases      ] GC(1376)   Post Evacuate Collection Set: 1.02ms
[4613.379s][info][gc,phases      ] GC(1376)   Other: 0.83ms
[4613.379s][info][gc,heap        ] GC(1376) Eden regions: 1117->0(1097)
[4613.379s][info][gc,heap        ] GC(1376) Survivor regions: 111->115(154)
[4613.379s][info][gc,heap        ] GC(1376) Old regions: 507->538
[4613.379s][info][gc,heap        ] GC(1376) Humongous regions: 80->80
[4613.379s][info][gc,metaspace   ] GC(1376) Metaspace: 28883K(29248K)->28883K(29248K) NonClass: 24016K(24192K)->24016K(24192K) Class: 4867K(5056K)->4867K(5056K)
[4613.379s][info][gc             ] GC(1376) Pause Young (Prepare Mixed) (G1 Evacuation Pause) 3628M->1463M(4096M) 123.813ms
[4613.379s][info][gc,cpu         ] GC(1376) User=0.73s Sys=0.00s Real=0.13s
...[4615.604s][info][gc,start       ] GC(1377) Pause Young (Mixed) (G1 Evacuation Pause)
[4615.604s][info][gc,task        ] GC(1377) Using 6 workers of 6 for evacuation
[4615.735s][info][gc,phases      ] GC(1377)   Pre Evacuate Collection Set: 0.40ms
[4615.735s][info][gc,phases      ] GC(1377)   Merge Heap Roots: 0.67ms
[4615.735s][info][gc,phases      ] GC(1377)   Evacuate Collection Set: 129.51ms
[4615.735s][info][gc,phases      ] GC(1377)   Post Evacuate Collection Set: 0.97ms
[4615.735s][info][gc,phases      ] GC(1377)   Other: 0.10ms
[4615.735s][info][gc,heap        ] GC(1377) Eden regions: 1097->0(1120)
[4615.735s][info][gc,heap        ] GC(1377) Survivor regions: 115->108(152)
[4615.735s][info][gc,heap        ] GC(1377) Old regions: 538->474
[4615.735s][info][gc,heap        ] GC(1377) Humongous regions: 80->80
[4615.735s][info][gc,metaspace   ] GC(1377) Metaspace: 28883K(29248K)->28883K(29248K) NonClass: 24016K(24192K)->24016K(24192K) Class: 4867K(5056K)->4867K(5056K)
[4615.735s][info][gc             ] GC(1377) Pause Young (Mixed) (G1 Evacuation Pause) 3657M->1321M(4096M) 131.794ms
[4615.736s][info][gc,cpu         ] GC(1377) User=0.78s Sys=0.00s Real=0.13s
..[4617.924s][info][gc,start       ] GC(1378) Pause Young (Concurrent Start) (G1 Evacuation Pause)
[4617.924s][info][gc,task        ] GC(1378) Using 6 workers of 6 for evacuation
[4618.039s][info][gc,phases      ] GC(1378)   Pre Evacuate Collection Set: 0.41ms
[4618.040s][info][gc,phases      ] GC(1378)   Merge Heap Roots: 0.43ms
[4618.040s][info][gc,phases      ] GC(1378)   Evacuate Collection Set: 113.95ms
[4618.040s][info][gc,phases      ] GC(1378)   Post Evacuate Collection Set: 0.90ms
[4618.040s][info][gc,phases      ] GC(1378)   Other: 0.10ms
[4618.040s][info][gc,heap        ] GC(1378) Eden regions: 1120->0(1119)
[4618.040s][info][gc,heap        ] GC(1378) Survivor regions: 108->109(154)
[4618.040s][info][gc,heap        ] GC(1378) Old regions: 474->505
[4618.040s][info][gc,heap        ] GC(1378) Humongous regions: 80->80
[4618.040s][info][gc,metaspace   ] GC(1378) Metaspace: 28883K(29248K)->28883K(29248K) NonClass: 24016K(24192K)->24016K(24192K) Class: 4867K(5056K)->4867K(5056K)
[4618.040s][info][gc             ] GC(1378) Pause Young (Concurrent Start) (G1 Evacuation Pause) 3561M->1385M(4096M) 115.915ms
[4618.040s][info][gc             ] GC(1379) Concurrent Mark Cycle
[4618.040s][info][gc,marking     ] GC(1379) Concurrent Scan Root Regions
[4618.040s][info][gc,cpu         ] GC(1378) User=0.68s Sys=0.00s Real=0.12s
[4618.221s][info][gc,marking     ] GC(1379) Concurrent Scan Root Regions 181.237ms
[4618.221s][info][gc,marking     ] GC(1379) Concurrent Mark
[4618.221s][info][gc,marking     ] GC(1379) Concurrent Mark From Roots
[4618.221s][info][gc,task        ] GC(1379) Using 2 workers of 2 for marking
.[4619.188s][info][gc,marking     ] GC(1379) Concurrent Mark From Roots 966.779ms
[4619.188s][info][gc,marking     ] GC(1379) Concurrent Preclean
[4619.188s][info][gc,marking     ] GC(1379) Concurrent Preclean 0.102ms
[4619.192s][info][gc,start       ] GC(1379) Pause Remark
[4619.197s][info][gc             ] GC(1379) Pause Remark 2461M->2461M(4096M) 4.900ms
[4619.197s][info][gc,cpu         ] GC(1379) User=0.03s Sys=0.00s Real=0.01s
[4619.197s][info][gc,marking     ] GC(1379) Concurrent Mark 976.550ms
[4619.198s][info][gc,marking     ] GC(1379) Concurrent Rebuild Remembered Sets and Scrub Regions
[4619.475s][info][gc,marking     ] GC(1379) Concurrent Rebuild Remembered Sets and Scrub Regions 277.711ms
[4619.475s][info][gc,start       ] GC(1379) Pause Cleanup
[4619.476s][info][gc             ] GC(1379) Pause Cleanup 2749M->2749M(4096M) 0.115ms
[4619.476s][info][gc,cpu         ] GC(1379) User=0.00s Sys=0.00s Real=0.00s
[4619.476s][info][gc,marking     ] GC(1379) Concurrent Clear Claimed Marks
[4619.476s][info][gc,marking     ] GC(1379) Concurrent Clear Claimed Marks 0.024ms
[4619.476s][info][gc,marking     ] GC(1379) Concurrent Cleanup for Next Mark
.[4619.481s][info][gc,marking     ] GC(1379) Concurrent Cleanup for Next Mark 5.446ms
[4619.481s][info][gc             ] GC(1379) Concurrent Mark Cycle 1441.605ms
[4620.190s][info][gc,start       ] GC(1380) Pause Young (Prepare Mixed) (G1 Evacuation Pause)
[4620.190s][info][gc,task        ] GC(1380) Using 6 workers of 6 for evacuation
[4620.311s][info][gc,phases      ] GC(1380)   Pre Evacuate Collection Set: 0.33ms
[4620.311s][info][gc,phases      ] GC(1380)   Merge Heap Roots: 0.47ms
[4620.311s][info][gc,phases      ] GC(1380)   Evacuate Collection Set: 118.53ms
[4620.311s][info][gc,phases      ] GC(1380)   Post Evacuate Collection Set: 0.92ms
[4620.311s][info][gc,phases      ] GC(1380)   Other: 0.09ms
[4620.311s][info][gc,heap        ] GC(1380) Eden regions: 1119->0(1104)
[4620.311s][info][gc,heap        ] GC(1380) Survivor regions: 109->112(154)
[4620.311s][info][gc,heap        ] GC(1380) Old regions: 505->537
[4620.311s][info][gc,heap        ] GC(1380) Humongous regions: 80->80
[4620.311s][info][gc,metaspace   ] GC(1380) Metaspace: 28883K(29248K)->28883K(29248K) NonClass: 24016K(24192K)->24016K(24192K) Class: 4867K(5056K)->4867K(5056K)
[4620.311s][info][gc             ] GC(1380) Pause Young (Prepare Mixed) (G1 Evacuation Pause) 3623M->1457M(4096M) 120.497ms
[4620.311s][info][gc,cpu         ] GC(1380) User=0.71s Sys=0.00s Real=0.12s
.. (rIR:aIR:PR = 8164:8215:8215) (tPR = 121796) [OK] 
  4621s: Performance info:
         Transaction,    Success,    Partial,     Failed,   Receipts, AvgBarcode, 
             Overall,     497050,          0,          0,     472280,      59.47, 
         Response times:
             Request,    Success,    Partial,     Failed,   SkipFail,     Probes,    Samples,      min,      p50,      p90,      p95,      p99,      max, 
       TotalPurchase,     472255,          0,          0,          0,     355051,     549687,      300,     7200,   102000,   140000,   220000,   494000,
     InStorePurchase,     249221,          0,          0,          0,     185877,     288581,      300,     7200,   102000,   140000,   220000,   494000,
      OnlinePurchase,     173055,          0,          0,          0,     131128,     202101,      300,     7200,   103000,   140000,   218000,   459000,
        InstPurchase,      49979,          0,          0,          0,      38046,      59005,      400,     7300,   103000,   140000,   216000,   491000,
          AssocOfCat,        492,          0,          0,          0,        407,        760,    28000,    49500,   174000,   213950,   282560,   313000,
      AssocOfProduct,       4940,          0,          0,          0,       3411,       5512,      900,     7900,   109000,   147000,   216000,   317000,
      BusinessReport,       1239,          0,          0,          0,       1071,       1804,    28000,    50000,   166500,   195500,   279950,   330000,
          CustBuyBeh,       4975,          0,          0,          0,       3395,       5469,      200,     7800,   101000,   135000,   202600,   292000,
       ProductReturn,      13139,          0,          0,          0,       9991,      15881,      200,     7400,   102000,   140000,   207180,   459000,

  4621s: (60%)   IR =   8302 [4622.462s][info][gc,start       ] GC(1381) Pause Young (Mixed) (G1 Evacuation Pause)
[4622.462s][info][gc,task        ] GC(1381) Using 6 workers of 6 for evacuation
[4622.595s][info][gc,phases      ] GC(1381)   Pre Evacuate Collection Set: 0.39ms
[4622.595s][info][gc,phases      ] GC(1381)   Merge Heap Roots: 0.70ms
[4622.595s][info][gc,phases      ] GC(1381)   Evacuate Collection Set: 130.94ms
[4622.595s][info][gc,phases      ] GC(1381)   Post Evacuate Collection Set: 0.94ms
[4622.595s][info][gc,phases      ] GC(1381)   Other: 0.09ms
[4622.595s][info][gc,heap        ] GC(1381) Eden regions: 1104->0(1121)
[4622.595s][info][gc,heap        ] GC(1381) Survivor regions: 112->107(152)
[4622.595s][info][gc,heap        ] GC(1381) Old regions: 537->475
[4622.595s][info][gc,heap        ] GC(1381) Humongous regions: 80->80
[4622.595s][info][gc,metaspace   ] GC(1381) Metaspace: 28883K(29248K)->28883K(29248K) NonClass: 24016K(24192K)->24016K(24192K) Class: 4867K(5056K)->4867K(5056K)
[4622.595s][info][gc             ] GC(1381) Pause Young (Mixed) (G1 Evacuation Pause) 3665M->1322M(4096M) 133.183ms
[4622.595s][info][gc,cpu         ] GC(1381) User=0.78s Sys=0.00s Real=0.13s
...[4624.748s][info][gc,start       ] GC(1382) Pause Young (Concurrent Start) (G1 Evacuation Pause)
[4624.748s][info][gc,task        ] GC(1382) Using 6 workers of 6 for evacuation
[4624.868s][info][gc,phases      ] GC(1382)   Pre Evacuate Collection Set: 0.35ms
[4624.868s][info][gc,phases      ] GC(1382)   Merge Heap Roots: 0.47ms
[4624.868s][info][gc,phases      ] GC(1382)   Evacuate Collection Set: 118.68ms
[4624.868s][info][gc,phases      ] GC(1382)   Post Evacuate Collection Set: 0.89ms
[4624.868s][info][gc,phases      ] GC(1382)   Other: 0.11ms
[4624.868s][info][gc,heap        ] GC(1382) Eden regions: 1121->0(1117)
[4624.868s][info][gc,heap        ] GC(1382) Survivor regions: 107->111(154)
[4624.868s][info][gc,heap        ] GC(1382) Old regions: 475->507
[4624.868s][info][gc,heap        ] GC(1382) Humongous regions: 80->80
[4624.868s][info][gc,metaspace   ] GC(1382) Metaspace: 28883K(29248K)->28883K(29248K) NonClass: 24016K(24192K)->24016K(24192K) Class: 4867K(5056K)->4867K(5056K)
[4624.868s][info][gc             ] GC(1382) Pause Young (Concurrent Start) (G1 Evacuation Pause) 3564M->1394M(4096M) 120.641ms
[4624.868s][info][gc             ] GC(1383) Concurrent Mark Cycle
[4624.868s][info][gc,marking     ] GC(1383) Concurrent Scan Root Regions
[4624.868s][info][gc,cpu         ] GC(1382) User=0.72s Sys=0.00s Real=0.12s
[4625.006s][info][gc,marking     ] GC(1383) Concurrent Scan Root Regions 137.612ms
[4625.006s][info][gc,marking     ] GC(1383) Concurrent Mark
[4625.006s][info][gc,marking     ] GC(1383) Concurrent Mark From Roots
[4625.006s][info][gc,task        ] GC(1383) Using 2 workers of 2 for marking
[4625.701s][info][gc,marking     ] GC(1383) Concurrent Mark From Roots 694.554ms
[4625.701s][info][gc,marking     ] GC(1383) Concurrent Preclean
[4625.701s][info][gc,marking     ] GC(1383) Concurrent Preclean 0.108ms
[4625.701s][info][gc,start       ] GC(1383) Pause Remark
[4625.705s][info][gc             ] GC(1383) Pause Remark 2103M->2103M(4096M) 3.768ms
[4625.705s][info][gc,cpu         ] GC(1383) User=0.02s Sys=0.00s Real=0.00s
[4625.709s][info][gc,marking     ] GC(1383) Concurrent Mark 702.993ms
[4625.709s][info][gc,marking     ] GC(1383) Concurrent Rebuild Remembered Sets and Scrub Regions
.[4626.028s][info][gc,marking     ] GC(1383) Concurrent Rebuild Remembered Sets and Scrub Regions 318.713ms
[4626.029s][info][gc,start       ] GC(1383) Pause Cleanup
[4626.029s][info][gc             ] GC(1383) Pause Cleanup 2416M->2416M(4096M) 0.123ms
[4626.029s][info][gc,cpu         ] GC(1383) User=0.00s Sys=0.00s Real=0.00s
[4626.029s][info][gc,marking     ] GC(1383) Concurrent Clear Claimed Marks
[4626.030s][info][gc,marking     ] GC(1383) Concurrent Clear Claimed Marks 0.031ms
[4626.030s][info][gc,marking     ] GC(1383) Concurrent Cleanup for Next Mark
[4626.084s][info][gc,marking     ] GC(1383) Concurrent Cleanup for Next Mark 54.084ms
[4626.084s][info][gc             ] GC(1383) Concurrent Mark Cycle 1215.325ms
.[4626.971s][info][gc,start       ] GC(1384) Pause Young (Prepare Mixed) (G1 Evacuation Pause)
[4626.971s][info][gc,task        ] GC(1384) Using 6 workers of 6 for evacuation
[4627.093s][info][gc,phases      ] GC(1384)   Pre Evacuate Collection Set: 0.32ms
[4627.093s][info][gc,phases      ] GC(1384)   Merge Heap Roots: 0.46ms
[4627.093s][info][gc,phases      ] GC(1384)   Evacuate Collection Set: 119.56ms
[4627.093s][info][gc,phases      ] GC(1384)   Post Evacuate Collection Set: 0.91ms
[4627.093s][info][gc,phases      ] GC(1384)   Other: 0.08ms
[4627.093s][info][gc,heap        ] GC(1384) Eden regions: 1117->0(1101)
[4627.093s][info][gc,heap        ] GC(1384) Survivor regions: 111->113(154)
[4627.093s][info][gc,heap        ] GC(1384) Old regions: 507->538
[4627.093s][info][gc,heap        ] GC(1384) Humongous regions: 80->80
[4627.093s][info][gc,metaspace   ] GC(1384) Metaspace: 28883K(29248K)->28883K(29248K) NonClass: 24016K(24192K)->24016K(24192K) Class: 4867K(5056K)->4867K(5056K)
[4627.093s][info][gc             ] GC(1384) Pause Young (Prepare Mixed) (G1 Evacuation Pause) 3628M->1461M(4096M) 121.473ms
[4627.093s][info][gc,cpu         ] GC(1384) User=0.72s Sys=0.00s Real=0.12s
..[4629.247s][info][gc,start       ] GC(1385) Pause Young (Mixed) (G1 Evacuation Pause)
[4629.247s][info][gc,task        ] GC(1385) Using 6 workers of 6 for evacuation
[4629.384s][info][gc,phases      ] GC(1385)   Pre Evacuate Collection Set: 0.41ms
[4629.384s][info][gc,phases      ] GC(1385)   Merge Heap Roots: 0.63ms
[4629.384s][info][gc,phases      ] GC(1385)   Evacuate Collection Set: 134.39ms
[4629.384s][info][gc,phases      ] GC(1385)   Post Evacuate Collection Set: 0.93ms
[4629.384s][info][gc,phases      ] GC(1385)   Other: 0.08ms
[4629.384s][info][gc,heap        ] GC(1385) Eden regions: 1101->0(1115)
[4629.384s][info][gc,heap        ] GC(1385) Survivor regions: 113->113(152)
[4629.384s][info][gc,heap        ] GC(1385) Old regions: 538->475
[4629.384s][info][gc,heap        ] GC(1385) Humongous regions: 80->80
[4629.384s][info][gc,metaspace   ] GC(1385) Metaspace: 28883K(29248K)->28883K(29248K) NonClass: 24016K(24192K)->24016K(24192K) Class: 4867K(5056K)->4867K(5056K)
[4629.384s][info][gc             ] GC(1385) Pause Young (Mixed) (G1 Evacuation Pause) 3663M->1334M(4096M) 136.577ms
[4629.384s][info][gc,cpu         ] GC(1385) User=0.81s Sys=0.00s Real=0.13s
..[4631.388s][info][gc,start       ] GC(1386) Pause Young (Concurrent Start) (G1 Evacuation Pause)
[4631.388s][info][gc,task        ] GC(1386) Using 6 workers of 6 for evacuation
[4631.507s][info][gc,phases      ] GC(1386)   Pre Evacuate Collection Set: 0.37ms
[4631.507s][info][gc,phases      ] GC(1386)   Merge Heap Roots: 0.44ms
[4631.508s][info][gc,phases      ] GC(1386)   Evacuate Collection Set: 117.96ms
[4631.508s][info][gc,phases      ] GC(1386)   Post Evacuate Collection Set: 0.90ms
[4631.508s][info][gc,phases      ] GC(1386)   Other: 0.11ms
[4631.508s][info][gc,heap        ] GC(1386) Eden regions: 1115->0(1117)
[4631.508s][info][gc,heap        ] GC(1386) Survivor regions: 113->111(154)
[4631.508s][info][gc,heap        ] GC(1386) Old regions: 475->507
[4631.508s][info][gc,heap        ] GC(1386) Humongous regions: 80->80
[4631.508s][info][gc,metaspace   ] GC(1386) Metaspace: 28883K(29248K)->28883K(29248K) NonClass: 24016K(24192K)->24016K(24192K) Class: 4867K(5056K)->4867K(5056K)
[4631.508s][info][gc             ] GC(1386) Pause Young (Concurrent Start) (G1 Evacuation Pause) 3564M->1393M(4096M) 119.905ms
[4631.508s][info][gc             ] GC(1387) Concurrent Mark Cycle
[4631.508s][info][gc,marking     ] GC(1387) Concurrent Scan Root Regions
[4631.508s][info][gc,cpu         ] GC(1386) User=0.71s Sys=0.00s Real=0.12s
[4631.707s][info][gc,marking     ] GC(1387) Concurrent Scan Root Regions 199.145ms
[4631.707s][info][gc,marking     ] GC(1387) Concurrent Mark
[4631.707s][info][gc,marking     ] GC(1387) Concurrent Mark From Roots
[4631.707s][info][gc,task        ] GC(1387) Using 2 workers of 2 for marking
.[4632.737s][info][gc,marking     ] GC(1387) Concurrent Mark From Roots 1029.958ms
[4632.737s][info][gc,marking     ] GC(1387) Concurrent Preclean
[4632.737s][info][gc,marking     ] GC(1387) Concurrent Preclean 0.088ms
[4632.739s][info][gc,start       ] GC(1387) Pause Remark
[4632.744s][info][gc             ] GC(1387) Pause Remark 2607M->2607M(4096M) 5.153ms
[4632.744s][info][gc,cpu         ] GC(1387) User=0.03s Sys=0.00s Real=0.00s
[4632.744s][info][gc,marking     ] GC(1387) Concurrent Mark 1037.541ms
[4632.744s][info][gc,marking     ] GC(1387) Concurrent Rebuild Remembered Sets and Scrub Regions
.[4633.060s][info][gc,marking     ] GC(1387) Concurrent Rebuild Remembered Sets and Scrub Regions 315.378ms
[4633.061s][info][gc,start       ] GC(1387) Pause Cleanup
[4633.061s][info][gc             ] GC(1387) Pause Cleanup 2899M->2899M(4096M) 0.134ms
[4633.061s][info][gc,cpu         ] GC(1387) User=0.00s Sys=0.00s Real=0.00s
[4633.061s][info][gc,marking     ] GC(1387) Concurrent Clear Claimed Marks
[4633.061s][info][gc,marking     ] GC(1387) Concurrent Clear Claimed Marks 0.034ms
[4633.061s][info][gc,marking     ] GC(1387) Concurrent Cleanup for Next Mark
[4633.076s][info][gc,marking     ] GC(1387) Concurrent Cleanup for Next Mark 14.256ms
[4633.076s][info][gc             ] GC(1387) Concurrent Mark Cycle 1568.237ms
[4633.619s][info][gc,start       ] GC(1388) Pause Young (Prepare Mixed) (G1 Evacuation Pause)
[4633.619s][info][gc,task        ] GC(1388) Using 6 workers of 6 for evacuation
[4633.736s][info][gc,phases      ] GC(1388)   Pre Evacuate Collection Set: 0.34ms
[4633.736s][info][gc,phases      ] GC(1388)   Merge Heap Roots: 0.48ms
[4633.736s][info][gc,phases      ] GC(1388)   Evacuate Collection Set: 115.31ms
[4633.736s][info][gc,phases      ] GC(1388)   Post Evacuate Collection Set: 0.91ms
[4633.736s][info][gc,phases      ] GC(1388)   Other: 0.08ms
[4633.736s][info][gc,heap        ] GC(1388) Eden regions: 1117->0(1110)
[4633.736s][info][gc,heap        ] GC(1388) Survivor regions: 111->108(154)
[4633.736s][info][gc,heap        ] GC(1388) Old regions: 507->539
[4633.736s][info][gc,heap        ] GC(1388) Humongous regions: 80->80
[4633.736s][info][gc,metaspace   ] GC(1388) Metaspace: 28883K(29248K)->28883K(29248K) NonClass: 24016K(24192K)->24016K(24192K) Class: 4867K(5056K)->4867K(5056K)
[4633.736s][info][gc             ] GC(1388) Pause Young (Prepare Mixed) (G1 Evacuation Pause) 3627M->1452M(4096M) 117.276ms
[4633.736s][info][gc,cpu         ] GC(1388) User=0.69s Sys=0.00s Real=0.11s
..[4635.848s][info][gc,start       ] GC(1389) Pause Young (Mixed) (G1 Evacuation Pause)
[4635.848s][info][gc,task        ] GC(1389) Using 6 workers of 6 for evacuation
[4635.987s][info][gc,phases      ] GC(1389)   Pre Evacuate Collection Set: 0.37ms
[4635.987s][info][gc,phases      ] GC(1389)   Merge Heap Roots: 0.66ms
[4635.987s][info][gc,phases      ] GC(1389)   Evacuate Collection Set: 136.82ms
[4635.987s][info][gc,phases      ] GC(1389)   Post Evacuate Collection Set: 0.94ms
[4635.987s][info][gc,phases      ] GC(1389)   Other: 0.09ms
[4635.987s][info][gc,heap        ] GC(1389) Eden regions: 1110->0(1114)
[4635.987s][info][gc,heap        ] GC(1389) Survivor regions: 108->114(153)
[4635.987s][info][gc,heap        ] GC(1389) Old regions: 539->474
[4635.987s][info][gc,heap        ] GC(1389) Humongous regions: 80->80
[4635.987s][info][gc,metaspace   ] GC(1389) Metaspace: 28883K(29248K)->28883K(29248K) NonClass: 24016K(24192K)->24016K(24192K) Class: 4867K(5056K)->4867K(5056K)
[4635.987s][info][gc             ] GC(1389) Pause Young (Mixed) (G1 Evacuation Pause) 3672M->1334M(4096M) 139.016ms
[4635.987s][info][gc,cpu         ] GC(1389) User=0.82s Sys=0.00s Real=0.14s
..[4638.065s][info][gc,start       ] GC(1390) Pause Young (Concurrent Start) (G1 Evacuation Pause)
[4638.065s][info][gc,task        ] GC(1390) Using 6 workers of 6 for evacuation
[4638.185s][info][gc,phases      ] GC(1390)   Pre Evacuate Collection Set: 0.34ms
[4638.185s][info][gc,phases      ] GC(1390)   Merge Heap Roots: 0.43ms
[4638.185s][info][gc,phases      ] GC(1390)   Evacuate Collection Set: 118.13ms
[4638.185s][info][gc,phases      ] GC(1390)   Post Evacuate Collection Set: 0.91ms
[4638.185s][info][gc,phases      ] GC(1390)   Other: 0.10ms
[4638.185s][info][gc,heap        ] GC(1390) Eden regions: 1114->0(1115)
[4638.185s][info][gc,heap        ] GC(1390) Survivor regions: 114->113(154)
[4638.185s][info][gc,heap        ] GC(1390) Old regions: 474->505
[4638.185s][info][gc,heap        ] GC(1390) Humongous regions: 80->80
[4638.185s][info][gc,metaspace   ] GC(1390) Metaspace: 28883K(29248K)->28883K(29248K) NonClass: 24016K(24192K)->24016K(24192K) Class: 4867K(5056K)->4867K(5056K)
[4638.185s][info][gc             ] GC(1390) Pause Young (Concurrent Start) (G1 Evacuation Pause) 3562M->1394M(4096M) 120.052ms
[4638.185s][info][gc             ] GC(1391) Concurrent Mark Cycle
[4638.185s][info][gc,marking     ] GC(1391) Concurrent Scan Root Regions
[4638.185s][info][gc,cpu         ] GC(1390) User=0.71s Sys=0.00s Real=0.12s
.[4638.367s][info][gc,marking     ] GC(1391) Concurrent Scan Root Regions 182.056ms
[4638.368s][info][gc,marking     ] GC(1391) Concurrent Mark
[4638.368s][info][gc,marking     ] GC(1391) Concurrent Mark From Roots
[4638.368s][info][gc,task        ] GC(1391) Using 2 workers of 2 for marking
.[4639.314s][info][gc,marking     ] GC(1391) Concurrent Mark From Roots 946.276ms
[4639.314s][info][gc,marking     ] GC(1391) Concurrent Preclean
[4639.314s][info][gc,marking     ] GC(1391) Concurrent Preclean 0.100ms
[4639.314s][info][gc,start       ] GC(1391) Pause Remark
[4639.320s][info][gc             ] GC(1391) Pause Remark 2473M->2473M(4096M) 6.027ms
[4639.320s][info][gc,cpu         ] GC(1391) User=0.04s Sys=0.00s Real=0.01s
[4639.320s][info][gc,marking     ] GC(1391) Concurrent Mark 952.879ms
[4639.320s][info][gc,marking     ] GC(1391) Concurrent Rebuild Remembered Sets and Scrub Regions
[4639.681s][info][gc,marking     ] GC(1391) Concurrent Rebuild Remembered Sets and Scrub Regions 360.447ms
[4639.682s][info][gc,start       ] GC(1391) Pause Cleanup
[4639.682s][info][gc             ] GC(1391) Pause Cleanup 2870M->2870M(4096M) 0.128ms
[4639.682s][info][gc,cpu         ] GC(1391) User=0.00s Sys=0.00s Real=0.00s
[4639.682s][info][gc,marking     ] GC(1391) Concurrent Clear Claimed Marks
[4639.682s][info][gc,marking     ] GC(1391) Concurrent Clear Claimed Marks 0.025ms
[4639.682s][info][gc,marking     ] GC(1391) Concurrent Cleanup for Next Mark
[4639.713s][info][gc,marking     ] GC(1391) Concurrent Cleanup for Next Mark 30.647ms
[4639.713s][info][gc             ] GC(1391) Concurrent Mark Cycle 1527.523ms
.[4640.344s][info][gc,start       ] GC(1392) Pause Young (Prepare Mixed) (G1 Evacuation Pause)
[4640.344s][info][gc,task        ] GC(1392) Using 6 workers of 6 for evacuation
[4640.465s][info][gc,phases      ] GC(1392)   Pre Evacuate Collection Set: 0.32ms
[4640.465s][info][gc,phases      ] GC(1392)   Merge Heap Roots: 0.48ms
[4640.465s][info][gc,phases      ] GC(1392)   Evacuate Collection Set: 119.27ms
[4640.465s][info][gc,phases      ] GC(1392)   Post Evacuate Collection Set: 0.91ms
[4640.465s][info][gc,phases      ] GC(1392)   Other: 0.08ms
[4640.465s][info][gc,heap        ] GC(1392) Eden regions: 1115->0(1102)
[4640.465s][info][gc,heap        ] GC(1392) Survivor regions: 113->113(154)
[4640.465s][info][gc,heap        ] GC(1392) Old regions: 505->537
[4640.465s][info][gc,heap        ] GC(1392) Humongous regions: 80->80
[4640.465s][info][gc,metaspace   ] GC(1392) Metaspace: 28883K(29248K)->28883K(29248K) NonClass: 24016K(24192K)->24016K(24192K) Class: 4867K(5056K)->4867K(5056K)
[4640.465s][info][gc             ] GC(1392) Pause Young (Prepare Mixed) (G1 Evacuation Pause) 3624M->1459M(4096M) 121.192ms
[4640.465s][info][gc,cpu         ] GC(1392) User=0.72s Sys=0.00s Real=0.12s
..[4642.451s][info][gc,start       ] GC(1393) Pause Young (Mixed) (G1 Evacuation Pause)
[4642.451s][info][gc,task        ] GC(1393) Using 6 workers of 6 for evacuation
[4642.583s][info][gc,phases      ] GC(1393)   Pre Evacuate Collection Set: 0.37ms
[4642.583s][info][gc,phases      ] GC(1393)   Merge Heap Roots: 0.55ms
[4642.583s][info][gc,phases      ] GC(1393)   Evacuate Collection Set: 129.27ms
[4642.583s][info][gc,phases      ] GC(1393)   Post Evacuate Collection Set: 0.92ms
[4642.583s][info][gc,phases      ] GC(1393)   Other: 0.08ms
[4642.583s][info][gc,heap        ] GC(1393) Eden regions: 1102->0(1120)
[4642.583s][info][gc,heap        ] GC(1393) Survivor regions: 113->108(152)
[4642.583s][info][gc,heap        ] GC(1393) Old regions: 537->474
[4642.583s][info][gc,heap        ] GC(1393) Humongous regions: 80->80
[4642.583s][info][gc,metaspace   ] GC(1393) Metaspace: 28883K(29248K)->28883K(29248K) NonClass: 24016K(24192K)->24016K(24192K) Class: 4867K(5056K)->4867K(5056K)
[4642.583s][info][gc             ] GC(1393) Pause Young (Mixed) (G1 Evacuation Pause) 3663M->1321M(4096M) 131.322ms
[4642.583s][info][gc,cpu         ] GC(1393) User=0.78s Sys=0.00s Real=0.13s
..[4644.752s][info][gc,start       ] GC(1394) Pause Young (Concurrent Start) (G1 Evacuation Pause)
[4644.752s][info][gc,task        ] GC(1394) Using 6 workers of 6 for evacuation
[4644.868s][info][gc,phases      ] GC(1394)   Pre Evacuate Collection Set: 0.36ms
[4644.868s][info][gc,phases      ] GC(1394)   Merge Heap Roots: 0.46ms
[4644.868s][info][gc,phases      ] GC(1394)   Evacuate Collection Set: 114.42ms
[4644.868s][info][gc,phases      ] GC(1394)   Post Evacuate Collection Set: 0.87ms
[4644.868s][info][gc,phases      ] GC(1394)   Other: 0.12ms
[4644.868s][info][gc,heap        ] GC(1394) Eden regions: 1120->0(1119)
[4644.868s][info][gc,heap        ] GC(1394) Survivor regions: 108->109(154)
[4644.868s][info][gc,heap        ] GC(1394) Old regions: 474->505
[4644.868s][info][gc,heap        ] GC(1394) Humongous regions: 80->80
[4644.868s][info][gc,metaspace   ] GC(1394) Metaspace: 28883K(29248K)->28883K(29248K) NonClass: 24016K(24192K)->24016K(24192K) Class: 4867K(5056K)->4867K(5056K)
[4644.868s][info][gc             ] GC(1394) Pause Young (Concurrent Start) (G1 Evacuation Pause) 3561M->1386M(4096M) 116.369ms
[4644.868s][info][gc             ] GC(1395) Concurrent Mark Cycle
[4644.868s][info][gc,marking     ] GC(1395) Concurrent Scan Root Regions
[4644.868s][info][gc,cpu         ] GC(1394) User=0.69s Sys=0.00s Real=0.12s
[4645.052s][info][gc,marking     ] GC(1395) Concurrent Scan Root Regions 183.817ms
[4645.052s][info][gc,marking     ] GC(1395) Concurrent Mark
[4645.052s][info][gc,marking     ] GC(1395) Concurrent Mark From Roots
[4645.052s][info][gc,task        ] GC(1395) Using 2 workers of 2 for marking
.[4646.062s][info][gc,marking     ] GC(1395) Concurrent Mark From Roots 1009.164ms
[4646.062s][info][gc,marking     ] GC(1395) Concurrent Preclean
[4646.062s][info][gc,marking     ] GC(1395) Concurrent Preclean 0.132ms
[4646.065s][info][gc,start       ] GC(1395) Pause Remark
[4646.069s][info][gc             ] GC(1395) Pause Remark 2542M->2542M(4096M) 4.483ms
[4646.069s][info][gc,cpu         ] GC(1395) User=0.03s Sys=0.00s Real=0.01s
[4646.069s][info][gc,marking     ] GC(1395) Concurrent Mark 1017.037ms
[4646.069s][info][gc,marking     ] GC(1395) Concurrent Rebuild Remembered Sets and Scrub Regions
.[4646.463s][info][gc,marking     ] GC(1395) Concurrent Rebuild Remembered Sets and Scrub Regions 393.305ms
[4646.466s][info][gc,start       ] GC(1395) Pause Cleanup
[4646.466s][info][gc             ] GC(1395) Pause Cleanup 2994M->2994M(4096M) 0.136ms
[4646.466s][info][gc,cpu         ] GC(1395) User=0.00s Sys=0.00s Real=0.00s
[4646.466s][info][gc,marking     ] GC(1395) Concurrent Clear Claimed Marks
[4646.466s][info][gc,marking     ] GC(1395) Concurrent Clear Claimed Marks 0.029ms
[4646.466s][info][gc,marking     ] GC(1395) Concurrent Cleanup for Next Mark
[4646.475s][info][gc,marking     ] GC(1395) Concurrent Cleanup for Next Mark 9.030ms
[4646.475s][info][gc             ] GC(1395) Concurrent Mark Cycle 1607.043ms
[4647.061s][info][gc,start       ] GC(1396) Pause Young (Prepare Mixed) (G1 Evacuation Pause)
[4647.061s][info][gc,task        ] GC(1396) Using 6 workers of 6 for evacuation
[4647.181s][info][gc,phases      ] GC(1396)   Pre Evacuate Collection Set: 0.34ms
[4647.181s][info][gc,phases      ] GC(1396)   Merge Heap Roots: 0.48ms
[4647.181s][info][gc,phases      ] GC(1396)   Evacuate Collection Set: 117.99ms
[4647.181s][info][gc,phases      ] GC(1396)   Post Evacuate Collection Set: 0.94ms
[4647.181s][info][gc,phases      ] GC(1396)   Other: 0.10ms
[4647.181s][info][gc,heap        ] GC(1396) Eden regions: 1119->0(1103)
[4647.181s][info][gc,heap        ] GC(1396) Survivor regions: 109->113(154)
[4647.181s][info][gc,heap        ] GC(1396) Old regions: 505->536
[4647.181s][info][gc,heap        ] GC(1396) Humongous regions: 80->80
[4647.181s][info][gc,metaspace   ] GC(1396) Metaspace: 28883K(29248K)->28883K(29248K) NonClass: 24016K(24192K)->24016K(24192K) Class: 4867K(5056K)->4867K(5056K)
[4647.181s][info][gc             ] GC(1396) Pause Young (Prepare Mixed) (G1 Evacuation Pause) 3624M->1456M(4096M) 119.970ms
[4647.181s][info][gc,cpu         ] GC(1396) User=0.71s Sys=0.00s Real=0.12s
..[4649.282s][info][gc,start       ] GC(1397) Pause Young (Mixed) (G1 Evacuation Pause)
[4649.282s][info][gc,task        ] GC(1397) Using 6 workers of 6 for evacuation
[4649.419s][info][gc,phases      ] GC(1397)   Pre Evacuate Collection Set: 0.36ms
[4649.419s][info][gc,phases      ] GC(1397)   Merge Heap Roots: 0.70ms
[4649.419s][info][gc,phases      ] GC(1397)   Evacuate Collection Set: 134.97ms
[4649.419s][info][gc,phases      ] GC(1397)   Post Evacuate Collection Set: 0.94ms
[4649.419s][info][gc,phases      ] GC(1397)   Other: 0.09ms
[4649.419s][info][gc,heap        ] GC(1397) Eden regions: 1103->0(1117)
[4649.419s][info][gc,heap        ] GC(1397) Survivor regions: 113->111(152)
[4649.419s][info][gc,heap        ] GC(1397) Old regions: 536->472
[4649.419s][info][gc,heap        ] GC(1397) Humongous regions: 80->80
[4649.419s][info][gc,metaspace   ] GC(1397) Metaspace: 28883K(29248K)->28883K(29248K) NonClass: 24016K(24192K)->24016K(24192K) Class: 4867K(5056K)->4867K(5056K)
[4649.419s][info][gc             ] GC(1397) Pause Young (Mixed) (G1 Evacuation Pause) 3662M->1324M(4096M) 137.222ms
[4649.419s][info][gc,cpu         ] GC(1397) User=0.81s Sys=0.00s Real=0.14s
...[4651.576s][info][gc,start       ] GC(1398) Pause Young (Concurrent Start) (G1 Evacuation Pause)
[4651.576s][info][gc,task        ] GC(1398) Using 6 workers of 6 for evacuation
[4651.692s][info][gc,phases      ] GC(1398)   Pre Evacuate Collection Set: 0.33ms
[4651.692s][info][gc,phases      ] GC(1398)   Merge Heap Roots: 0.45ms
[4651.692s][info][gc,phases      ] GC(1398)   Evacuate Collection Set: 113.88ms
[4651.692s][info][gc,phases      ] GC(1398)   Post Evacuate Collection Set: 0.88ms
[4651.692s][info][gc,phases      ] GC(1398)   Other: 0.14ms
[4651.692s][info][gc,heap        ] GC(1398) Eden regions: 1117->0(1120)
[4651.692s][info][gc,heap        ] GC(1398) Survivor regions: 111->108(154)
[4651.692s][info][gc,heap        ] GC(1398) Old regions: 472->504
[4651.692s][info][gc,heap        ] GC(1398) Humongous regions: 80->80
[4651.692s][info][gc,metaspace   ] GC(1398) Metaspace: 28883K(29248K)->28883K(29248K) NonClass: 24016K(24192K)->24016K(24192K) Class: 4867K(5056K)->4867K(5056K)
[4651.692s][info][gc             ] GC(1398) Pause Young (Concurrent Start) (G1 Evacuation Pause) 3558M->1382M(4096M) 115.811ms
[4651.692s][info][gc             ] GC(1399) Concurrent Mark Cycle
[4651.692s][info][gc,marking     ] GC(1399) Concurrent Scan Root Regions
[4651.692s][info][gc,cpu         ] GC(1398) User=0.69s Sys=0.00s Real=0.12s
[4651.850s][info][gc,marking     ] GC(1399) Concurrent Scan Root Regions 158.287ms
[4651.850s][info][gc,marking     ] GC(1399) Concurrent Mark
[4651.850s][info][gc,marking     ] GC(1399) Concurrent Mark From Roots
[4651.850s][info][gc,task        ] GC(1399) Using 2 workers of 2 for marking
.|[4652.590s][info][gc,marking     ] GC(1399) Concurrent Mark From Roots 740.117ms
[4652.590s][info][gc,marking     ] GC(1399) Concurrent Preclean
[4652.590s][info][gc,marking     ] GC(1399) Concurrent Preclean 0.088ms
[4652.591s][info][gc,start       ] GC(1399) Pause Remark
[4652.596s][info][gc             ] GC(1399) Pause Remark 2148M->2148M(4096M) 5.073ms
[4652.596s][info][gc,cpu         ] GC(1399) User=0.03s Sys=0.00s Real=0.00s
[4652.598s][info][gc,marking     ] GC(1399) Concurrent Mark 747.794ms
[4652.598s][info][gc,marking     ] GC(1399) Concurrent Rebuild Remembered Sets and Scrub Regions
[4652.934s][info][gc,marking     ] GC(1399) Concurrent Rebuild Remembered Sets and Scrub Regions 335.756ms
[4652.935s][info][gc,start       ] GC(1399) Pause Cleanup
[4652.936s][info][gc             ] GC(1399) Pause Cleanup 2446M->2446M(4096M) 0.130ms
[4652.936s][info][gc,cpu         ] GC(1399) User=0.00s Sys=0.00s Real=0.00s
[4652.936s][info][gc,marking     ] GC(1399) Concurrent Clear Claimed Marks
[4652.936s][info][gc,marking     ] GC(1399) Concurrent Clear Claimed Marks 0.034ms
[4652.936s][info][gc,marking     ] GC(1399) Concurrent Cleanup for Next Mark
[4652.945s][info][gc,marking     ] GC(1399) Concurrent Cleanup for Next Mark 8.686ms
[4652.945s][info][gc             ] GC(1399) Concurrent Mark Cycle 1252.974ms
.[4653.828s][info][gc,start       ] GC(1400) Pause Young (Prepare Mixed) (G1 Evacuation Pause)
[4653.828s][info][gc,task        ] GC(1400) Using 6 workers of 6 for evacuation
[4653.949s][info][gc,phases      ] GC(1400)   Pre Evacuate Collection Set: 0.37ms
[4653.949s][info][gc,phases      ] GC(1400)   Merge Heap Roots: 0.48ms
[4653.949s][info][gc,phases      ] GC(1400)   Evacuate Collection Set: 118.28ms
[4653.949s][info][gc,phases      ] GC(1400)   Post Evacuate Collection Set: 0.94ms
[4653.949s][info][gc,phases      ] GC(1400)   Other: 0.09ms
[4653.949s][info][gc,heap        ] GC(1400) Eden regions: 1120->0(1109)
[4653.949s][info][gc,heap        ] GC(1400) Survivor regions: 108->110(154)
[4653.949s][info][gc,heap        ] GC(1400) Old regions: 504->536
[4653.949s][info][gc,heap        ] GC(1400) Humongous regions: 80->80
[4653.949s][info][gc,metaspace   ] GC(1400) Metaspace: 28883K(29248K)->28883K(29248K) NonClass: 24016K(24192K)->24016K(24192K) Class: 4867K(5056K)->4867K(5056K)
[4653.949s][info][gc             ] GC(1400) Pause Young (Prepare Mixed) (G1 Evacuation Pause) 3622M->1450M(4096M) 120.309ms
[4653.949s][info][gc,cpu         ] GC(1400) User=0.71s Sys=0.00s Real=0.12s
..[4656.021s][info][gc,start       ] GC(1401) Pause Young (Mixed) (G1 Evacuation Pause)
[4656.021s][info][gc,task        ] GC(1401) Using 6 workers of 6 for evacuation
[4656.160s][info][gc,phases      ] GC(1401)   Pre Evacuate Collection Set: 0.37ms
[4656.160s][info][gc,phases      ] GC(1401)   Merge Heap Roots: 0.70ms
[4656.160s][info][gc,phases      ] GC(1401)   Evacuate Collection Set: 137.68ms
[4656.160s][info][gc,phases      ] GC(1401)   Post Evacuate Collection Set: 0.95ms
[4656.160s][info][gc,phases      ] GC(1401)   Other: 0.09ms
[4656.160s][info][gc,heap        ] GC(1401) Eden regions: 1109->0(1116)
[4656.160s][info][gc,heap        ] GC(1401) Survivor regions: 110->112(153)
[4656.160s][info][gc,heap        ] GC(1401) Old regions: 536->473
[4656.160s][info][gc,heap        ] GC(1401) Humongous regions: 80->80
[4656.161s][info][gc,metaspace   ] GC(1401) Metaspace: 28883K(29248K)->28883K(29248K) NonClass: 24016K(24192K)->24016K(24192K) Class: 4867K(5056K)->4867K(5056K)
[4656.161s][info][gc             ] GC(1401) Pause Young (Mixed) (G1 Evacuation Pause) 3668M->1327M(4096M) 139.912ms
[4656.161s][info][gc,cpu         ] GC(1401) User=0.82s Sys=0.00s Real=0.14s
..[4658.261s][info][gc,start       ] GC(1402) Pause Young (Concurrent Start) (G1 Evacuation Pause)
[4658.261s][info][gc,task        ] GC(1402) Using 6 workers of 6 for evacuation
[4658.382s][info][gc,phases      ] GC(1402)   Pre Evacuate Collection Set: 0.41ms
[4658.382s][info][gc,phases      ] GC(1402)   Merge Heap Roots: 0.48ms
[4658.382s][info][gc,phases      ] GC(1402)   Evacuate Collection Set: 118.82ms
[4658.382s][info][gc,phases      ] GC(1402)   Post Evacuate Collection Set: 0.88ms
[4658.382s][info][gc,phases      ] GC(1402)   Other: 0.13ms
[4658.382s][info][gc,heap        ] GC(1402) Eden regions: 1116->0(1115)
[4658.382s][info][gc,heap        ] GC(1402) Survivor regions: 112->113(154)
[4658.382s][info][gc,heap        ] GC(1402) Old regions: 473->505
[4658.382s][info][gc,heap        ] GC(1402) Humongous regions: 80->80
[4658.382s][info][gc,metaspace   ] GC(1402) Metaspace: 28883K(29248K)->28883K(29248K) NonClass: 24016K(24192K)->24016K(24192K) Class: 4867K(5056K)->4867K(5056K)
[4658.382s][info][gc             ] GC(1402) Pause Young (Concurrent Start) (G1 Evacuation Pause) 3559M->1394M(4096M) 120.842ms
[4658.382s][info][gc             ] GC(1403) Concurrent Mark Cycle
[4658.382s][info][gc,marking     ] GC(1403) Concurrent Scan Root Regions
[4658.382s][info][gc,cpu         ] GC(1402) User=0.72s Sys=0.00s Real=0.12s
[4658.563s][info][gc,marking     ] GC(1403) Concurrent Scan Root Regions 180.790ms
[4658.563s][info][gc,marking     ] GC(1403) Concurrent Mark
[4658.563s][info][gc,marking     ] GC(1403) Concurrent Mark From Roots
[4658.563s][info][gc,task        ] GC(1403) Using 2 workers of 2 for marking
.[4659.602s][info][gc,marking     ] GC(1403) Concurrent Mark From Roots 1038.858ms
[4659.602s][info][gc,marking     ] GC(1403) Concurrent Preclean
[4659.605s][info][gc,marking     ] GC(1403) Concurrent Preclean 3.499ms
[4659.610s][info][gc,start       ] GC(1403) Pause Remark
[4659.615s][info][gc             ] GC(1403) Pause Remark 2612M->2612M(4096M) 5.103ms
[4659.615s][info][gc,cpu         ] GC(1403) User=0.03s Sys=0.00s Real=0.00s
[4659.615s][info][gc,marking     ] GC(1403) Concurrent Mark 1052.646ms
[4659.615s][info][gc,marking     ] GC(1403) Concurrent Rebuild Remembered Sets and Scrub Regions
.[4660.025s][info][gc,marking     ] GC(1403) Concurrent Rebuild Remembered Sets and Scrub Regions 410.005ms
[4660.026s][info][gc,start       ] GC(1403) Pause Cleanup
[4660.027s][info][gc             ] GC(1403) Pause Cleanup 3054M->3054M(4096M) 0.126ms
[4660.027s][info][gc,cpu         ] GC(1403) User=0.00s Sys=0.00s Real=0.00s
[4660.027s][info][gc,marking     ] GC(1403) Concurrent Clear Claimed Marks
[4660.027s][info][gc,marking     ] GC(1403) Concurrent Clear Claimed Marks 0.032ms
[4660.027s][info][gc,marking     ] GC(1403) Concurrent Cleanup for Next Mark
[4660.035s][info][gc,marking     ] GC(1403) Concurrent Cleanup for Next Mark 8.311ms
[4660.035s][info][gc             ] GC(1403) Concurrent Mark Cycle 1653.244ms
[4660.546s][info][gc,start       ] GC(1404) Pause Young (Prepare Mixed) (G1 Evacuation Pause)
[4660.546s][info][gc,task        ] GC(1404) Using 6 workers of 6 for evacuation
[4660.665s][info][gc,phases      ] GC(1404)   Pre Evacuate Collection Set: 0.33ms
[4660.665s][info][gc,phases      ] GC(1404)   Merge Heap Roots: 0.49ms
[4660.665s][info][gc,phases      ] GC(1404)   Evacuate Collection Set: 117.05ms
[4660.665s][info][gc,phases      ] GC(1404)   Post Evacuate Collection Set: 0.96ms
[4660.665s][info][gc,phases      ] GC(1404)   Other: 0.09ms
[4660.665s][info][gc,heap        ] GC(1404) Eden regions: 1115->0(1109)
[4660.665s][info][gc,heap        ] GC(1404) Survivor regions: 113->110(154)
[4660.665s][info][gc,heap        ] GC(1404) Old regions: 505->536
[4660.665s][info][gc,heap        ] GC(1404) Humongous regions: 80->80
[4660.665s][info][gc,metaspace   ] GC(1404) Metaspace: 28883K(29248K)->28883K(29248K) NonClass: 24016K(24192K)->24016K(24192K) Class: 4867K(5056K)->4867K(5056K)
[4660.665s][info][gc             ] GC(1404) Pause Young (Prepare Mixed) (G1 Evacuation Pause) 3624M->1451M(4096M) 119.063ms
[4660.665s][info][gc,cpu         ] GC(1404) User=0.71s Sys=0.00s Real=0.12s
...[4662.823s][info][gc,start       ] GC(1405) Pause Young (Mixed) (G1 Evacuation Pause)
[4662.823s][info][gc,task        ] GC(1405) Using 6 workers of 6 for evacuation
[4662.960s][info][gc,phases      ] GC(1405)   Pre Evacuate Collection Set: 0.38ms
[4662.960s][info][gc,phases      ] GC(1405)   Merge Heap Roots: 0.70ms
[4662.960s][info][gc,phases      ] GC(1405)   Evacuate Collection Set: 134.86ms
[4662.960s][info][gc,phases      ] GC(1405)   Post Evacuate Collection Set: 0.98ms
[4662.960s][info][gc,phases      ] GC(1405)   Other: 0.09ms
[4662.960s][info][gc,heap        ] GC(1405) Eden regions: 1109->0(1117)
[4662.960s][info][gc,heap        ] GC(1405) Survivor regions: 110->111(153)
[4662.960s][info][gc,heap        ] GC(1405) Old regions: 536->474
[4662.960s][info][gc,heap        ] GC(1405) Humongous regions: 80->80
[4662.960s][info][gc,metaspace   ] GC(1405) Metaspace: 28883K(29248K)->28883K(29248K) NonClass: 24016K(24192K)->24016K(24192K) Class: 4867K(5056K)->4867K(5056K)
[4662.960s][info][gc             ] GC(1405) Pause Young (Mixed) (G1 Evacuation Pause) 3669M->1327M(4096M) 137.139ms
[4662.960s][info][gc,cpu         ] GC(1405) User=0.81s Sys=0.00s Real=0.14s
..[4665.112s][info][gc,start       ] GC(1406) Pause Young (Concurrent Start) (G1 Evacuation Pause)
[4665.112s][info][gc,task        ] GC(1406) Using 6 workers of 6 for evacuation
[4665.229s][info][gc,phases      ] GC(1406)   Pre Evacuate Collection Set: 0.39ms
[4665.229s][info][gc,phases      ] GC(1406)   Merge Heap Roots: 0.44ms
[4665.229s][info][gc,phases      ] GC(1406)   Evacuate Collection Set: 115.32ms
[4665.229s][info][gc,phases      ] GC(1406)   Post Evacuate Collection Set: 0.87ms
[4665.229s][info][gc,phases      ] GC(1406)   Other: 0.11ms
[4665.229s][info][gc,heap        ] GC(1406) Eden regions: 1117->0(1117)
[4665.229s][info][gc,heap        ] GC(1406) Survivor regions: 111->111(154)
[4665.229s][info][gc,heap        ] GC(1406) Old regions: 474->505
[4665.229s][info][gc,heap        ] GC(1406) Humongous regions: 80->80
[4665.229s][info][gc,metaspace   ] GC(1406) Metaspace: 28883K(29248K)->28883K(29248K) NonClass: 24016K(24192K)->24016K(24192K) Class: 4867K(5056K)->4867K(5056K)
[4665.229s][info][gc             ] GC(1406) Pause Young (Concurrent Start) (G1 Evacuation Pause) 3561M->1390M(4096M) 117.263ms
[4665.229s][info][gc             ] GC(1407) Concurrent Mark Cycle
[4665.229s][info][gc,marking     ] GC(1407) Concurrent Scan Root Regions
[4665.229s][info][gc,cpu         ] GC(1406) User=0.69s Sys=0.00s Real=0.12s
[4665.439s][info][gc,marking     ] GC(1407) Concurrent Scan Root Regions 209.493ms
[4665.439s][info][gc,marking     ] GC(1407) Concurrent Mark
[4665.439s][info][gc,marking     ] GC(1407) Concurrent Mark From Roots
[4665.439s][info][gc,task        ] GC(1407) Using 2 workers of 2 for marking
.[4666.180s][info][gc,marking     ] GC(1407) Concurrent Mark From Roots 740.922ms
[4666.180s][info][gc,marking     ] GC(1407) Concurrent Preclean
[4666.180s][info][gc,marking     ] GC(1407) Concurrent Preclean 0.124ms
[4666.182s][info][gc,start       ] GC(1407) Pause Remark
[4666.187s][info][gc             ] GC(1407) Pause Remark 2312M->2312M(4096M) 4.662ms
[4666.187s][info][gc,cpu         ] GC(1407) User=0.03s Sys=0.00s Real=0.01s
[4666.187s][info][gc,marking     ] GC(1407) Concurrent Mark 748.125ms
[4666.187s][info][gc,marking     ] GC(1407) Concurrent Rebuild Remembered Sets and Scrub Regions
[4666.445s][info][gc,marking     ] GC(1407) Concurrent Rebuild Remembered Sets and Scrub Regions 258.157ms
[4666.446s][info][gc,start       ] GC(1407) Pause Cleanup
[4666.446s][info][gc             ] GC(1407) Pause Cleanup 2522M->2522M(4096M) 0.120ms
[4666.446s][info][gc,cpu         ] GC(1407) User=0.00s Sys=0.00s Real=0.00s
[4666.446s][info][gc,marking     ] GC(1407) Concurrent Clear Claimed Marks
[4666.447s][info][gc,marking     ] GC(1407) Concurrent Clear Claimed Marks 0.050ms
[4666.447s][info][gc,marking     ] GC(1407) Concurrent Cleanup for Next Mark
[4666.453s][info][gc,marking     ] GC(1407) Concurrent Cleanup for Next Mark 6.017ms
[4666.453s][info][gc             ] GC(1407) Concurrent Mark Cycle 1223.198ms
.[4667.418s][info][gc,start       ] GC(1408) Pause Young (Prepare Mixed) (G1 Evacuation Pause)
[4667.418s][info][gc,task        ] GC(1408) Using 6 workers of 6 for evacuation
[4667.536s][info][gc,phases      ] GC(1408)   Pre Evacuate Collection Set: 0.35ms
[4667.536s][info][gc,phases      ] GC(1408)   Merge Heap Roots: 0.49ms
[4667.536s][info][gc,phases      ] GC(1408)   Evacuate Collection Set: 115.29ms
[4667.536s][info][gc,phases      ] GC(1408)   Post Evacuate Collection Set: 0.93ms
[4667.536s][info][gc,phases      ] GC(1408)   Other: 0.08ms
[4667.536s][info][gc,heap        ] GC(1408) Eden regions: 1117->0(1110)
[4667.536s][info][gc,heap        ] GC(1408) Survivor regions: 111->109(154)
[4667.536s][info][gc,heap        ] GC(1408) Old regions: 505->537
[4667.536s][info][gc,heap        ] GC(1408) Humongous regions: 80->80
[4667.536s][info][gc,metaspace   ] GC(1408) Metaspace: 28883K(29248K)->28883K(29248K) NonClass: 24016K(24192K)->24016K(24192K) Class: 4867K(5056K)->4867K(5056K)
[4667.536s][info][gc             ] GC(1408) Pause Young (Prepare Mixed) (G1 Evacuation Pause) 3624M->1451M(4096M) 117.274ms
[4667.536s][info][gc,cpu         ] GC(1408) User=0.69s Sys=0.00s Real=0.11s
..[4669.649s][info][gc,start       ] GC(1409) Pause Young (Mixed) (G1 Evacuation Pause)
[4669.649s][info][gc,task        ] GC(1409) Using 6 workers of 6 for evacuation
[4669.783s][info][gc,phases      ] GC(1409)   Pre Evacuate Collection Set: 0.39ms
[4669.783s][info][gc,phases      ] GC(1409)   Merge Heap Roots: 0.67ms
[4669.783s][info][gc,phases      ] GC(1409)   Evacuate Collection Set: 131.88ms
[4669.783s][info][gc,phases      ] GC(1409)   Post Evacuate Collection Set: 0.99ms
[4669.783s][info][gc,phases      ] GC(1409)   Other: 0.09ms
[4669.783s][info][gc,heap        ] GC(1409) Eden regions: 1110->0(1118)
[4669.783s][info][gc,heap        ] GC(1409) Survivor regions: 109->110(153)
[4669.783s][info][gc,heap        ] GC(1409) Old regions: 537->474
[4669.783s][info][gc,heap        ] GC(1409) Humongous regions: 80->80
[4669.783s][info][gc,metaspace   ] GC(1409) Metaspace: 28883K(29248K)->28883K(29248K) NonClass: 24016K(24192K)->24016K(24192K) Class: 4867K(5056K)->4867K(5056K)
[4669.783s][info][gc             ] GC(1409) Pause Young (Mixed) (G1 Evacuation Pause) 3671M->1325M(4096M) 134.176ms
[4669.783s][info][gc,cpu         ] GC(1409) User=0.79s Sys=0.00s Real=0.13s
...[4671.872s][info][gc,start       ] GC(1410) Pause Young (Concurrent Start) (G1 Evacuation Pause)
[4671.872s][info][gc,task        ] GC(1410) Using 6 workers of 6 for evacuation
[4671.991s][info][gc,phases      ] GC(1410)   Pre Evacuate Collection Set: 0.38ms
[4671.991s][info][gc,phases      ] GC(1410)   Merge Heap Roots: 0.46ms
[4671.991s][info][gc,phases      ] GC(1410)   Evacuate Collection Set: 117.59ms
[4671.991s][info][gc,phases      ] GC(1410)   Post Evacuate Collection Set: 0.88ms
[4671.991s][info][gc,phases      ] GC(1410)   Other: 0.10ms
[4671.991s][info][gc,heap        ] GC(1410) Eden regions: 1118->0(1116)
[4671.991s][info][gc,heap        ] GC(1410) Survivor regions: 110->112(154)
[4671.991s][info][gc,heap        ] GC(1410) Old regions: 474->506
[4671.991s][info][gc,heap        ] GC(1410) Humongous regions: 80->80
[4671.991s][info][gc,metaspace   ] GC(1410) Metaspace: 28883K(29248K)->28883K(29248K) NonClass: 24016K(24192K)->24016K(24192K) Class: 4867K(5056K)->4867K(5056K)
[4671.991s][info][gc             ] GC(1410) Pause Young (Concurrent Start) (G1 Evacuation Pause) 3561M->1393M(4096M) 119.552ms
[4671.991s][info][gc             ] GC(1411) Concurrent Mark Cycle
[4671.991s][info][gc,marking     ] GC(1411) Concurrent Scan Root Regions
[4671.991s][info][gc,cpu         ] GC(1410) User=0.71s Sys=0.00s Real=0.12s
[4672.170s][info][gc,marking     ] GC(1411) Concurrent Scan Root Regions 178.903ms
[4672.170s][info][gc,marking     ] GC(1411) Concurrent Mark
[4672.170s][info][gc,marking     ] GC(1411) Concurrent Mark From Roots
[4672.170s][info][gc,task        ] GC(1411) Using 2 workers of 2 for marking
.[4673.146s][info][gc,marking     ] GC(1411) Concurrent Mark From Roots 975.222ms
[4673.146s][info][gc,marking     ] GC(1411) Concurrent Preclean
[4673.146s][info][gc,marking     ] GC(1411) Concurrent Preclean 0.104ms
[4673.149s][info][gc,start       ] GC(1411) Pause Remark
[4673.153s][info][gc             ] GC(1411) Pause Remark 2523M->2523M(4096M) 3.728ms
[4673.153s][info][gc,cpu         ] GC(1411) User=0.02s Sys=0.00s Real=0.00s
[4673.153s][info][gc,marking     ] GC(1411) Concurrent Mark 982.304ms
[4673.153s][info][gc,marking     ] GC(1411) Concurrent Rebuild Remembered Sets and Scrub Regions
[4673.531s][info][gc,marking     ] GC(1411) Concurrent Rebuild Remembered Sets and Scrub Regions 378.016ms
[4673.533s][info][gc,start       ] GC(1411) Pause Cleanup
[4673.533s][info][gc             ] GC(1411) Pause Cleanup 2955M->2955M(4096M) 0.133ms
[4673.533s][info][gc,cpu         ] GC(1411) User=0.00s Sys=0.00s Real=0.00s
[4673.533s][info][gc,marking     ] GC(1411) Concurrent Clear Claimed Marks
[4673.533s][info][gc,marking     ] GC(1411) Concurrent Clear Claimed Marks 0.034ms
[4673.533s][info][gc,marking     ] GC(1411) Concurrent Cleanup for Next Mark
[4673.538s][info][gc,marking     ] GC(1411) Concurrent Cleanup for Next Mark 4.852ms
[4673.538s][info][gc             ] GC(1411) Concurrent Mark Cycle 1546.386ms
.[4674.189s][info][gc,start       ] GC(1412) Pause Young (Prepare Mixed) (G1 Evacuation Pause)
[4674.189s][info][gc,task        ] GC(1412) Using 6 workers of 6 for evacuation
[4674.311s][info][gc,phases      ] GC(1412)   Pre Evacuate Collection Set: 0.35ms
[4674.311s][info][gc,phases      ] GC(1412)   Merge Heap Roots: 0.56ms
[4674.311s][info][gc,phases      ] GC(1412)   Evacuate Collection Set: 120.39ms
[4674.311s][info][gc,phases      ] GC(1412)   Post Evacuate Collection Set: 0.92ms
[4674.311s][info][gc,phases      ] GC(1412)   Other: 0.09ms
[4674.311s][info][gc,heap        ] GC(1412) Eden regions: 1116->0(1100)
[4674.311s][info][gc,heap        ] GC(1412) Survivor regions: 112->114(154)
[4674.311s][info][gc,heap        ] GC(1412) Old regions: 506->537
[4674.311s][info][gc,heap        ] GC(1412) Humongous regions: 80->80
[4674.311s][info][gc,metaspace   ] GC(1412) Metaspace: 28883K(29248K)->28883K(29248K) NonClass: 24016K(24192K)->24016K(24192K) Class: 4867K(5056K)->4867K(5056K)
[4674.311s][info][gc             ] GC(1412) Pause Young (Prepare Mixed) (G1 Evacuation Pause) 3625M->1461M(4096M) 122.451ms
[4674.312s][info][gc,cpu         ] GC(1412) User=0.73s Sys=0.00s Real=0.12s
..[4676.370s][info][gc,start       ] GC(1413) Pause Young (Mixed) (G1 Evacuation Pause)
[4676.370s][info][gc,task        ] GC(1413) Using 6 workers of 6 for evacuation
[4676.500s][info][gc,phases      ] GC(1413)   Pre Evacuate Collection Set: 0.37ms
[4676.500s][info][gc,phases      ] GC(1413)   Merge Heap Roots: 0.67ms
[4676.500s][info][gc,phases      ] GC(1413)   Evacuate Collection Set: 128.71ms
[4676.500s][info][gc,phases      ] GC(1413)   Post Evacuate Collection Set: 0.95ms
[4676.500s][info][gc,phases      ] GC(1413)   Other: 0.08ms
[4676.500s][info][gc,heap        ] GC(1413) Eden regions: 1100->0(1120)
[4676.500s][info][gc,heap        ] GC(1413) Survivor regions: 114->108(152)
[4676.500s][info][gc,heap        ] GC(1413) Old regions: 537->473
[4676.500s][info][gc,heap        ] GC(1413) Humongous regions: 80->80
[4676.501s][info][gc,metaspace   ] GC(1413) Metaspace: 28883K(29248K)->28883K(29248K) NonClass: 24016K(24192K)->24016K(24192K) Class: 4867K(5056K)->4867K(5056K)
[4676.501s][info][gc             ] GC(1413) Pause Young (Mixed) (G1 Evacuation Pause) 3661M->1319M(4096M) 130.921ms
[4676.501s][info][gc,cpu         ] GC(1413) User=0.77s Sys=0.00s Real=0.13s
..[4678.678s][info][gc,start       ] GC(1414) Pause Young (Concurrent Start) (G1 Evacuation Pause)
[4678.678s][info][gc,task        ] GC(1414) Using 6 workers of 6 for evacuation
[4678.800s][info][gc,phases      ] GC(1414)   Pre Evacuate Collection Set: 0.37ms
[4678.800s][info][gc,phases      ] GC(1414)   Merge Heap Roots: 0.45ms
[4678.800s][info][gc,phases      ] GC(1414)   Evacuate Collection Set: 120.18ms
[4678.800s][info][gc,phases      ] GC(1414)   Post Evacuate Collection Set: 0.88ms
[4678.800s][info][gc,phases      ] GC(1414)   Other: 0.11ms
[4678.800s][info][gc,heap        ] GC(1414) Eden regions: 1120->0(1116)
[4678.800s][info][gc,heap        ] GC(1414) Survivor regions: 108->112(154)
[4678.800s][info][gc,heap        ] GC(1414) Old regions: 473->505
[4678.800s][info][gc,heap        ] GC(1414) Humongous regions: 80->80
[4678.800s][info][gc,metaspace   ] GC(1414) Metaspace: 28883K(29248K)->28883K(29248K) NonClass: 24016K(24192K)->24016K(24192K) Class: 4867K(5056K)->4867K(5056K)
[4678.800s][info][gc             ] GC(1414) Pause Young (Concurrent Start) (G1 Evacuation Pause) 3559M->1393M(4096M) 122.106ms
[4678.800s][info][gc             ] GC(1415) Concurrent Mark Cycle
[4678.800s][info][gc,marking     ] GC(1415) Concurrent Scan Root Regions
[4678.800s][info][gc,cpu         ] GC(1414) User=0.72s Sys=0.00s Real=0.12s
.[4679.026s][info][gc,marking     ] GC(1415) Concurrent Scan Root Regions 225.424ms
[4679.026s][info][gc,marking     ] GC(1415) Concurrent Mark
[4679.026s][info][gc,marking     ] GC(1415) Concurrent Mark From Roots
[4679.026s][info][gc,task        ] GC(1415) Using 2 workers of 2 for marking
[4679.816s][info][gc,marking     ] GC(1415) Concurrent Mark From Roots 790.073ms
[4679.816s][info][gc,marking     ] GC(1415) Concurrent Preclean
[4679.816s][info][gc,marking     ] GC(1415) Concurrent Preclean 0.119ms
[4679.816s][info][gc,start       ] GC(1415) Pause Remark
[4679.821s][info][gc             ] GC(1415) Pause Remark 2301M->2301M(4096M) 4.813ms
[4679.821s][info][gc,cpu         ] GC(1415) User=0.02s Sys=0.00s Real=0.01s
[4679.822s][info][gc,marking     ] GC(1415) Concurrent Mark 795.692ms
[4679.822s][info][gc,marking     ] GC(1415) Concurrent Rebuild Remembered Sets and Scrub Regions
.[4680.206s][info][gc,marking     ] GC(1415) Concurrent Rebuild Remembered Sets and Scrub Regions 384.190ms
[4680.206s][info][gc,start       ] GC(1415) Pause Cleanup
[4680.206s][info][gc             ] GC(1415) Pause Cleanup 2745M->2745M(4096M) 0.122ms
[4680.206s][info][gc,cpu         ] GC(1415) User=0.00s Sys=0.00s Real=0.00s
[4680.206s][info][gc,marking     ] GC(1415) Concurrent Clear Claimed Marks
[4680.206s][info][gc,marking     ] GC(1415) Concurrent Clear Claimed Marks 0.024ms
[4680.206s][info][gc,marking     ] GC(1415) Concurrent Cleanup for Next Mark
[4680.247s][info][gc,marking     ] GC(1415) Concurrent Cleanup for Next Mark 40.967ms
[4680.247s][info][gc             ] GC(1415) Concurrent Mark Cycle 1446.929ms
[4680.864s][info][gc,start       ] GC(1416) Pause Young (Prepare Mixed) (G1 Evacuation Pause)
[4680.864s][info][gc,task        ] GC(1416) Using 6 workers of 6 for evacuation
[4680.985s][info][gc,phases      ] GC(1416)   Pre Evacuate Collection Set: 0.36ms
[4680.985s][info][gc,phases      ] GC(1416)   Merge Heap Roots: 0.47ms
[4680.985s][info][gc,phases      ] GC(1416)   Evacuate Collection Set: 118.86ms
[4680.985s][info][gc,phases      ] GC(1416)   Post Evacuate Collection Set: 0.96ms
[4680.985s][info][gc,phases      ] GC(1416)   Other: 0.09ms
[4680.985s][info][gc,heap        ] GC(1416) Eden regions: 1116->0(1102)
[4680.985s][info][gc,heap        ] GC(1416) Survivor regions: 112->114(154)
[4680.985s][info][gc,heap        ] GC(1416) Old regions: 505->535
[4680.985s][info][gc,heap        ] GC(1416) Humongous regions: 80->80
[4680.985s][info][gc,metaspace   ] GC(1416) Metaspace: 28883K(29248K)->28883K(29248K) NonClass: 24016K(24192K)->24016K(24192K) Class: 4867K(5056K)->4867K(5056K)
[4680.985s][info][gc             ] GC(1416) Pause Young (Prepare Mixed) (G1 Evacuation Pause) 3625M->1456M(4096M) 120.866ms
[4680.985s][info][gc,cpu         ] GC(1416) User=0.71s Sys=0.00s Real=0.12s
...[4683.117s][info][gc,start       ] GC(1417) Pause Young (Mixed) (G1 Evacuation Pause)
[4683.117s][info][gc,task        ] GC(1417) Using 6 workers of 6 for evacuation
[4683.256s][info][gc,phases      ] GC(1417)   Pre Evacuate Collection Set: 0.36ms
[4683.256s][info][gc,phases      ] GC(1417)   Merge Heap Roots: 0.71ms
[4683.256s][info][gc,phases      ] GC(1417)   Evacuate Collection Set: 136.38ms
[4683.256s][info][gc,phases      ] GC(1417)   Post Evacuate Collection Set: 0.95ms
[4683.256s][info][gc,phases      ] GC(1417)   Other: 0.09ms
[4683.256s][info][gc,heap        ] GC(1417) Eden regions: 1102->0(1116)
[4683.256s][info][gc,heap        ] GC(1417) Survivor regions: 114->112(152)
[4683.256s][info][gc,heap        ] GC(1417) Old regions: 535->473
[4683.256s][info][gc,heap        ] GC(1417) Humongous regions: 80->80
[4683.256s][info][gc,metaspace   ] GC(1417) Metaspace: 28883K(29248K)->28883K(29248K) NonClass: 24016K(24192K)->24016K(24192K) Class: 4867K(5056K)->4867K(5056K)
[4683.256s][info][gc             ] GC(1417) Pause Young (Mixed) (G1 Evacuation Pause) 3660M->1328M(4096M) 138.649ms
[4683.256s][info][gc,cpu         ] GC(1417) User=0.82s Sys=0.00s Real=0.13s
..[4685.371s][info][gc,start       ] GC(1418) Pause Young (Concurrent Start) (G1 Evacuation Pause)
[4685.371s][info][gc,task        ] GC(1418) Using 6 workers of 6 for evacuation
[4685.486s][info][gc,phases      ] GC(1418)   Pre Evacuate Collection Set: 0.40ms
[4685.486s][info][gc,phases      ] GC(1418)   Merge Heap Roots: 0.47ms
[4685.486s][info][gc,phases      ] GC(1418)   Evacuate Collection Set: 112.92ms
[4685.486s][info][gc,phases      ] GC(1418)   Post Evacuate Collection Set: 0.89ms
[4685.486s][info][gc,phases      ] GC(1418)   Other: 0.11ms
[4685.486s][info][gc,heap        ] GC(1418) Eden regions: 1116->0(1121)
[4685.486s][info][gc,heap        ] GC(1418) Survivor regions: 112->107(154)
[4685.486s][info][gc,heap        ] GC(1418) Old regions: 473->505
[4685.486s][info][gc,heap        ] GC(1418) Humongous regions: 80->80
[4685.486s][info][gc,metaspace   ] GC(1418) Metaspace: 28883K(29248K)->28883K(29248K) NonClass: 24016K(24192K)->24016K(24192K) Class: 4867K(5056K)->4867K(5056K)
[4685.486s][info][gc             ] GC(1418) Pause Young (Concurrent Start) (G1 Evacuation Pause) 3560M->1381M(4096M) 114.930ms
[4685.486s][info][gc             ] GC(1419) Concurrent Mark Cycle
[4685.486s][info][gc,marking     ] GC(1419) Concurrent Scan Root Regions
[4685.486s][info][gc,cpu         ] GC(1418) User=0.68s Sys=0.00s Real=0.11s
[4685.694s][info][gc,marking     ] GC(1419) Concurrent Scan Root Regions 207.601ms
[4685.694s][info][gc,marking     ] GC(1419) Concurrent Mark
[4685.694s][info][gc,marking     ] GC(1419) Concurrent Mark From Roots
[4685.694s][info][gc,task        ] GC(1419) Using 2 workers of 2 for marking
.[4686.818s][info][gc,marking     ] GC(1419) Concurrent Mark From Roots 1124.050ms
[4686.818s][info][gc,marking     ] GC(1419) Concurrent Preclean
[4686.818s][info][gc,marking     ] GC(1419) Concurrent Preclean 0.100ms
[4686.821s][info][gc,start       ] GC(1419) Pause Remark
[4686.827s][info][gc             ] GC(1419) Pause Remark 2651M->2651M(4096M) 6.006ms
[4686.827s][info][gc,cpu         ] GC(1419) User=0.03s Sys=0.00s Real=0.00s
[4686.828s][info][gc,marking     ] GC(1419) Concurrent Mark 1134.622ms
[4686.828s][info][gc,marking     ] GC(1419) Concurrent Rebuild Remembered Sets and Scrub Regions
[4687.192s][info][gc,marking     ] GC(1419) Concurrent Rebuild Remembered Sets and Scrub Regions 363.173ms
[4687.193s][info][gc,start       ] GC(1419) Pause Cleanup
[4687.193s][info][gc             ] GC(1419) Pause Cleanup 3031M->3031M(4096M) 0.131ms
[4687.193s][info][gc,cpu         ] GC(1419) User=0.00s Sys=0.00s Real=0.00s
[4687.193s][info][gc,marking     ] GC(1419) Concurrent Clear Claimed Marks
[4687.193s][info][gc,marking     ] GC(1419) Concurrent Clear Claimed Marks 0.039ms
[4687.193s][info][gc,marking     ] GC(1419) Concurrent Cleanup for Next Mark
.[4687.203s][info][gc,marking     ] GC(1419) Concurrent Cleanup for Next Mark 10.230ms
[4687.203s][info][gc             ] GC(1419) Concurrent Mark Cycle 1717.343ms
[4687.685s][info][gc,start       ] GC(1420) Pause Young (Prepare Mixed) (G1 Evacuation Pause)
[4687.685s][info][gc,task        ] GC(1420) Using 6 workers of 6 for evacuation
[4687.803s][info][gc,phases      ] GC(1420)   Pre Evacuate Collection Set: 0.37ms
[4687.803s][info][gc,phases      ] GC(1420)   Merge Heap Roots: 0.53ms
[4687.803s][info][gc,phases      ] GC(1420)   Evacuate Collection Set: 115.55ms
[4687.803s][info][gc,phases      ] GC(1420)   Post Evacuate Collection Set: 0.91ms
[4687.803s][info][gc,phases      ] GC(1420)   Other: 0.08ms
[4687.803s][info][gc,heap        ] GC(1420) Eden regions: 1121->0(1112)
[4687.803s][info][gc,heap        ] GC(1420) Survivor regions: 107->108(154)
[4687.803s][info][gc,heap        ] GC(1420) Old regions: 505->537
[4687.803s][info][gc,heap        ] GC(1420) Humongous regions: 80->80
[4687.803s][info][gc,metaspace   ] GC(1420) Metaspace: 28883K(29248K)->28883K(29248K) NonClass: 24016K(24192K)->24016K(24192K) Class: 4867K(5056K)->4867K(5056K)
[4687.803s][info][gc             ] GC(1420) Pause Young (Prepare Mixed) (G1 Evacuation Pause) 3623M->1448M(4096M) 117.565ms
[4687.803s][info][gc,cpu         ] GC(1420) User=0.69s Sys=0.00s Real=0.12s
..[4689.912s][info][gc,start       ] GC(1421) Pause Young (Mixed) (G1 Evacuation Pause)
[4689.912s][info][gc,task        ] GC(1421) Using 6 workers of 6 for evacuation
[4690.052s][info][gc,phases      ] GC(1421)   Pre Evacuate Collection Set: 0.40ms
[4690.052s][info][gc,phases      ] GC(1421)   Merge Heap Roots: 0.65ms
[4690.052s][info][gc,phases      ] GC(1421)   Evacuate Collection Set: 138.13ms
[4690.052s][info][gc,phases      ] GC(1421)   Post Evacuate Collection Set: 0.95ms
[4690.052s][info][gc,phases      ] GC(1421)   Other: 0.10ms
[4690.052s][info][gc,heap        ] GC(1421) Eden regions: 1112->0(1112)
[4690.052s][info][gc,heap        ] GC(1421) Survivor regions: 108->116(153)
[4690.052s][info][gc,heap        ] GC(1421) Old regions: 537->475
[4690.052s][info][gc,heap        ] GC(1421) Humongous regions: 80->80
[4690.052s][info][gc,metaspace   ] GC(1421) Metaspace: 28883K(29248K)->28883K(29248K) NonClass: 24016K(24192K)->24016K(24192K) Class: 4867K(5056K)->4867K(5056K)
[4690.052s][info][gc             ] GC(1421) Pause Young (Mixed) (G1 Evacuation Pause) 3672M->1340M(4096M) 140.365ms
[4690.052s][info][gc,cpu         ] GC(1421) User=0.83s Sys=0.00s Real=0.14s
..[4692.155s][info][gc,start       ] GC(1422) Pause Young (Concurrent Start) (G1 Evacuation Pause)
[4692.155s][info][gc,task        ] GC(1422) Using 6 workers of 6 for evacuation
[4692.274s][info][gc,phases      ] GC(1422)   Pre Evacuate Collection Set: 0.35ms
[4692.274s][info][gc,phases      ] GC(1422)   Merge Heap Roots: 0.44ms
[4692.274s][info][gc,phases      ] GC(1422)   Evacuate Collection Set: 116.41ms
[4692.274s][info][gc,phases      ] GC(1422)   Post Evacuate Collection Set: 0.88ms
[4692.274s][info][gc,phases      ] GC(1422)   Other: 0.11ms
[4692.274s][info][gc,heap        ] GC(1422) Eden regions: 1112->0(1117)
[4692.274s][info][gc,heap        ] GC(1422) Survivor regions: 116->111(154)
[4692.274s][info][gc,heap        ] GC(1422) Old regions: 475->506
[4692.274s][info][gc,heap        ] GC(1422) Humongous regions: 80->80
[4692.274s][info][gc,metaspace   ] GC(1422) Metaspace: 28883K(29248K)->28883K(29248K) NonClass: 24016K(24192K)->24016K(24192K) Class: 4867K(5056K)->4867K(5056K)
[4692.274s][info][gc             ] GC(1422) Pause Young (Concurrent Start) (G1 Evacuation Pause) 3564M->1391M(4096M) 118.339ms
[4692.274s][info][gc             ] GC(1423) Concurrent Mark Cycle
[4692.274s][info][gc,marking     ] GC(1423) Concurrent Scan Root Regions
[4692.274s][info][gc,cpu         ] GC(1422) User=0.70s Sys=0.00s Real=0.12s
.[4692.453s][info][gc,marking     ] GC(1423) Concurrent Scan Root Regions 178.954ms
[4692.453s][info][gc,marking     ] GC(1423) Concurrent Mark
[4692.453s][info][gc,marking     ] GC(1423) Concurrent Mark From Roots
[4692.453s][info][gc,task        ] GC(1423) Using 2 workers of 2 for marking
.[4693.451s][info][gc,marking     ] GC(1423) Concurrent Mark From Roots 998.292ms
[4693.451s][info][gc,marking     ] GC(1423) Concurrent Preclean
[4693.451s][info][gc,marking     ] GC(1423) Concurrent Preclean 0.097ms
[4693.453s][info][gc,start       ] GC(1423) Pause Remark
[4693.458s][info][gc             ] GC(1423) Pause Remark 2505M->2505M(4096M) 5.397ms
[4693.459s][info][gc,cpu         ] GC(1423) User=0.03s Sys=0.00s Real=0.01s
[4693.459s][info][gc,marking     ] GC(1423) Concurrent Mark 1005.777ms
[4693.459s][info][gc,marking     ] GC(1423) Concurrent Rebuild Remembered Sets and Scrub Regions
[4693.922s][info][gc,marking     ] GC(1423) Concurrent Rebuild Remembered Sets and Scrub Regions 463.835ms
[4693.924s][info][gc,start       ] GC(1423) Pause Cleanup
[4693.925s][info][gc             ] GC(1423) Pause Cleanup 3001M->3001M(4096M) 0.136ms
[4693.925s][info][gc,cpu         ] GC(1423) User=0.00s Sys=0.00s Real=0.00s
[4693.925s][info][gc,marking     ] GC(1423) Concurrent Clear Claimed Marks
[4693.925s][info][gc,marking     ] GC(1423) Concurrent Clear Claimed Marks 0.031ms
[4693.925s][info][gc,marking     ] GC(1423) Concurrent Cleanup for Next Mark
[4693.933s][info][gc,marking     ] GC(1423) Concurrent Cleanup for Next Mark 8.192ms
[4693.933s][info][gc             ] GC(1423) Concurrent Mark Cycle 1659.204ms
.[4694.476s][info][gc,start       ] GC(1424) Pause Young (Prepare Mixed) (G1 Evacuation Pause)
[4694.476s][info][gc,task        ] GC(1424) Using 6 workers of 6 for evacuation
[4694.592s][info][gc,phases      ] GC(1424)   Pre Evacuate Collection Set: 0.37ms
[4694.592s][info][gc,phases      ] GC(1424)   Merge Heap Roots: 0.51ms
[4694.592s][info][gc,phases      ] GC(1424)   Evacuate Collection Set: 114.47ms
[4694.592s][info][gc,phases      ] GC(1424)   Post Evacuate Collection Set: 0.95ms
[4694.592s][info][gc,phases      ] GC(1424)   Other: 0.09ms
[4694.592s][info][gc,heap        ] GC(1424) Eden regions: 1117->0(1111)
[4694.592s][info][gc,heap        ] GC(1424) Survivor regions: 111->108(154)
[4694.592s][info][gc,heap        ] GC(1424) Old regions: 506->538
[4694.592s][info][gc,heap        ] GC(1424) Humongous regions: 80->80
[4694.592s][info][gc,metaspace   ] GC(1424) Metaspace: 28883K(29248K)->28883K(29248K) NonClass: 24016K(24192K)->24016K(24192K) Class: 4867K(5056K)->4867K(5056K)
[4694.592s][info][gc             ] GC(1424) Pause Young (Prepare Mixed) (G1 Evacuation Pause) 3625M->1449M(4096M) 116.532ms
[4694.593s][info][gc,cpu         ] GC(1424) User=0.68s Sys=0.01s Real=0.12s
..[4696.568s][info][gc,start       ] GC(1425) Pause Young (Mixed) (G1 Evacuation Pause)
[4696.568s][info][gc,task        ] GC(1425) Using 6 workers of 6 for evacuation
[4696.703s][info][gc,phases      ] GC(1425)   Pre Evacuate Collection Set: 0.37ms
[4696.703s][info][gc,phases      ] GC(1425)   Merge Heap Roots: 0.71ms
[4696.703s][info][gc,phases      ] GC(1425)   Evacuate Collection Set: 133.34ms
[4696.703s][info][gc,phases      ] GC(1425)   Post Evacuate Collection Set: 0.95ms
[4696.703s][info][gc,phases      ] GC(1425)   Other: 0.10ms
[4696.703s][info][gc,heap        ] GC(1425) Eden regions: 1111->0(1120)
[4696.703s][info][gc,heap        ] GC(1425) Survivor regions: 108->108(153)
[4696.703s][info][gc,heap        ] GC(1425) Old regions: 538->473
[4696.703s][info][gc,heap        ] GC(1425) Humongous regions: 80->80
[4696.703s][info][gc,metaspace   ] GC(1425) Metaspace: 28883K(29248K)->28883K(29248K) NonClass: 24016K(24192K)->24016K(24192K) Class: 4867K(5056K)->4867K(5056K)
[4696.703s][info][gc             ] GC(1425) Pause Young (Mixed) (G1 Evacuation Pause) 3671M->1320M(4096M) 135.596ms
[4696.703s][info][gc,cpu         ] GC(1425) User=0.80s Sys=0.00s Real=0.13s
..[4698.874s][info][gc,start       ] GC(1426) Pause Young (Concurrent Start) (G1 Evacuation Pause)
[4698.874s][info][gc,task        ] GC(1426) Using 6 workers of 6 for evacuation
[4698.993s][info][gc,phases      ] GC(1426)   Pre Evacuate Collection Set: 0.37ms
[4698.993s][info][gc,phases      ] GC(1426)   Merge Heap Roots: 0.44ms
[4698.993s][info][gc,phases      ] GC(1426)   Evacuate Collection Set: 116.50ms
[4698.993s][info][gc,phases      ] GC(1426)   Post Evacuate Collection Set: 0.86ms
[4698.993s][info][gc,phases      ] GC(1426)   Other: 0.11ms
[4698.993s][info][gc,heap        ] GC(1426) Eden regions: 1120->0(1119)
[4698.993s][info][gc,heap        ] GC(1426) Survivor regions: 108->109(154)
[4698.993s][info][gc,heap        ] GC(1426) Old regions: 473->506
[4698.993s][info][gc,heap        ] GC(1426) Humongous regions: 80->80
[4698.993s][info][gc,metaspace   ] GC(1426) Metaspace: 28883K(29248K)->28883K(29248K) NonClass: 24016K(24192K)->24016K(24192K) Class: 4867K(5056K)->4867K(5056K)
[4698.993s][info][gc             ] GC(1426) Pause Young (Concurrent Start) (G1 Evacuation Pause) 3560M->1388M(4096M) 118.426ms
[4698.993s][info][gc             ] GC(1427) Concurrent Mark Cycle
[4698.993s][info][gc,marking     ] GC(1427) Concurrent Scan Root Regions
[4698.993s][info][gc,cpu         ] GC(1426) User=0.70s Sys=0.01s Real=0.12s
[4699.180s][info][gc,marking     ] GC(1427) Concurrent Scan Root Regions 186.954ms
[4699.180s][info][gc,marking     ] GC(1427) Concurrent Mark
[4699.180s][info][gc,marking     ] GC(1427) Concurrent Mark From Roots
[4699.180s][info][gc,task        ] GC(1427) Using 2 workers of 2 for marking
.[4700.148s][info][gc,marking     ] GC(1427) Concurrent Mark From Roots 967.704ms
[4700.148s][info][gc,marking     ] GC(1427) Concurrent Preclean
[4700.148s][info][gc,marking     ] GC(1427) Concurrent Preclean 0.094ms
[4700.152s][info][gc,start       ] GC(1427) Pause Remark
[4700.157s][info][gc             ] GC(1427) Pause Remark 2530M->2530M(4096M) 5.208ms
[4700.157s][info][gc,cpu         ] GC(1427) User=0.02s Sys=0.00s Real=0.01s
[4700.157s][info][gc,marking     ] GC(1427) Concurrent Mark 977.490ms
[4700.157s][info][gc,marking     ] GC(1427) Concurrent Rebuild Remembered Sets and Scrub Regions
.[4700.521s][info][gc,marking     ] GC(1427) Concurrent Rebuild Remembered Sets and Scrub Regions 363.909ms
[4700.521s][info][gc,start       ] GC(1427) Pause Cleanup
[4700.522s][info][gc             ] GC(1427) Pause Cleanup 2886M->2886M(4096M) 0.170ms
[4700.522s][info][gc,cpu         ] GC(1427) User=0.00s Sys=0.00s Real=0.00s
[4700.522s][info][gc,marking     ] GC(1427) Concurrent Clear Claimed Marks
[4700.522s][info][gc,marking     ] GC(1427) Concurrent Clear Claimed Marks 0.024ms
[4700.522s][info][gc,marking     ] GC(1427) Concurrent Cleanup for Next Mark
[4700.527s][info][gc,marking     ] GC(1427) Concurrent Cleanup for Next Mark 5.128ms
[4700.527s][info][gc             ] GC(1427) Concurrent Mark Cycle 1534.097ms
[4701.190s][info][gc,start       ] GC(1428) Pause Young (Prepare Mixed) (G1 Evacuation Pause)
[4701.190s][info][gc,task        ] GC(1428) Using 6 workers of 6 for evacuation
[4701.315s][info][gc,phases      ] GC(1428)   Pre Evacuate Collection Set: 0.30ms
[4701.315s][info][gc,phases      ] GC(1428)   Merge Heap Roots: 0.47ms
[4701.315s][info][gc,phases      ] GC(1428)   Evacuate Collection Set: 122.69ms
[4701.315s][info][gc,phases      ] GC(1428)   Post Evacuate Collection Set: 0.94ms
[4701.315s][info][gc,phases      ] GC(1428)   Other: 0.09ms
[4701.315s][info][gc,heap        ] GC(1428) Eden regions: 1119->0(1096)
[4701.315s][info][gc,heap        ] GC(1428) Survivor regions: 109->116(154)
[4701.315s][info][gc,heap        ] GC(1428) Old regions: 506->537
[4701.315s][info][gc,heap        ] GC(1428) Humongous regions: 80->80
[4701.315s][info][gc,metaspace   ] GC(1428) Metaspace: 28883K(29248K)->28883K(29248K) NonClass: 24016K(24192K)->24016K(24192K) Class: 4867K(5056K)->4867K(5056K)
[4701.315s][info][gc             ] GC(1428) Pause Young (Prepare Mixed) (G1 Evacuation Pause) 3626M->1463M(4096M) 124.626ms
[4701.315s][info][gc,cpu         ] GC(1428) User=0.73s Sys=0.00s Real=0.12s
..[4703.443s][info][gc,start       ] GC(1429) Pause Young (Mixed) (G1 Evacuation Pause)
[4703.443s][info][gc,task        ] GC(1429) Using 6 workers of 6 for evacuation
[4703.583s][info][gc,phases      ] GC(1429)   Pre Evacuate Collection Set: 0.36ms
[4703.583s][info][gc,phases      ] GC(1429)   Merge Heap Roots: 0.70ms
[4703.583s][info][gc,phases      ] GC(1429)   Evacuate Collection Set: 137.48ms
[4703.583s][info][gc,phases      ] GC(1429)   Post Evacuate Collection Set: 0.93ms
[4703.583s][info][gc,phases      ] GC(1429)   Other: 0.08ms
[4703.583s][info][gc,heap        ] GC(1429) Eden regions: 1096->0(1116)
[4703.583s][info][gc,heap        ] GC(1429) Survivor regions: 116->112(152)
[4703.583s][info][gc,heap        ] GC(1429) Old regions: 537->474
[4703.583s][info][gc,heap        ] GC(1429) Humongous regions: 80->80
[4703.583s][info][gc,metaspace   ] GC(1429) Metaspace: 28883K(29248K)->28883K(29248K) NonClass: 24016K(24192K)->24016K(24192K) Class: 4867K(5056K)->4867K(5056K)
[4703.583s][info][gc             ] GC(1429) Pause Young (Mixed) (G1 Evacuation Pause) 3655M->1330M(4096M) 139.675ms
[4703.583s][info][gc,cpu         ] GC(1429) User=0.83s Sys=0.00s Real=0.14s
...[4705.692s][info][gc,start       ] GC(1430) Pause Young (Concurrent Start) (G1 Evacuation Pause)
[4705.692s][info][gc,task        ] GC(1430) Using 6 workers of 6 for evacuation
[4705.811s][info][gc,phases      ] GC(1430)   Pre Evacuate Collection Set: 0.37ms
[4705.811s][info][gc,phases      ] GC(1430)   Merge Heap Roots: 0.42ms
[4705.811s][info][gc,phases      ] GC(1430)   Evacuate Collection Set: 116.43ms
[4705.811s][info][gc,phases      ] GC(1430)   Post Evacuate Collection Set: 0.88ms
[4705.811s][info][gc,phases      ] GC(1430)   Other: 0.11ms
[4705.811s][info][gc,heap        ] GC(1430) Eden regions: 1116->0(1119)
[4705.811s][info][gc,heap        ] GC(1430) Survivor regions: 112->109(154)
[4705.811s][info][gc,heap        ] GC(1430) Old regions: 474->506
[4705.811s][info][gc,heap        ] GC(1430) Humongous regions: 80->80
[4705.811s][info][gc,metaspace   ] GC(1430) Metaspace: 28883K(29248K)->28883K(29248K) NonClass: 24016K(24192K)->24016K(24192K) Class: 4867K(5056K)->4867K(5056K)
[4705.811s][info][gc             ] GC(1430) Pause Young (Concurrent Start) (G1 Evacuation Pause) 3562M->1387M(4096M) 118.348ms
[4705.811s][info][gc             ] GC(1431) Concurrent Mark Cycle
[4705.811s][info][gc,marking     ] GC(1431) Concurrent Scan Root Regions
[4705.811s][info][gc,cpu         ] GC(1430) User=0.70s Sys=0.00s Real=0.12s
[4705.992s][info][gc,marking     ] GC(1431) Concurrent Scan Root Regions 180.808ms
[4705.992s][info][gc,marking     ] GC(1431) Concurrent Mark
[4705.992s][info][gc,marking     ] GC(1431) Concurrent Mark From Roots
[4705.992s][info][gc,task        ] GC(1431) Using 2 workers of 2 for marking
.[4707.035s][info][gc,marking     ] GC(1431) Concurrent Mark From Roots 1043.621ms
[4707.035s][info][gc,marking     ] GC(1431) Concurrent Preclean
[4707.035s][info][gc,marking     ] GC(1431) Concurrent Preclean 0.098ms
[4707.037s][info][gc,start       ] GC(1431) Pause Remark
[4707.042s][info][gc             ] GC(1431) Pause Remark 2555M->2555M(4096M) 5.413ms
[4707.042s][info][gc,cpu         ] GC(1431) User=0.03s Sys=0.00s Real=0.00s
[4707.042s][info][gc,marking     ] GC(1431) Concurrent Mark 1050.853ms
[4707.042s][info][gc,marking     ] GC(1431) Concurrent Rebuild Remembered Sets and Scrub Regions
[4707.413s][info][gc,marking     ] GC(1431) Concurrent Rebuild Remembered Sets and Scrub Regions 370.122ms
[4707.413s][info][gc,start       ] GC(1431) Pause Cleanup
[4707.413s][info][gc             ] GC(1431) Pause Cleanup 3011M->3011M(4096M) 0.113ms
[4707.413s][info][gc,cpu         ] GC(1431) User=0.00s Sys=0.00s Real=0.00s
[4707.413s][info][gc,marking     ] GC(1431) Concurrent Clear Claimed Marks
[4707.413s][info][gc,marking     ] GC(1431) Concurrent Clear Claimed Marks 0.023ms
[4707.413s][info][gc,marking     ] GC(1431) Concurrent Cleanup for Next Mark
[4707.417s][info][gc,marking     ] GC(1431) Concurrent Cleanup for Next Mark 4.474ms
[4707.418s][info][gc             ] GC(1431) Concurrent Mark Cycle 1606.789ms
