[0.002s][info][gc,init] CardTable entry size: 512
[0.002s][info][gc     ] Using Parallel
[0.002s][info][gc,init] Version: 24-internal-adhoc.thomas.source (release)
[0.002s][info][gc,init] CPUs: 8 total, 6 available
[0.002s][info][gc,init] Memory: 15662M
[0.002s][info][gc,init] Large Page Support: Disabled
[0.002s][info][gc,init] NUMA Support: Disabled
[0.002s][info][gc,init] Compressed Oops: Enabled (Zero based)
[0.002s][info][gc,init] Alignments: Space 512K, Generation 512K, Heap 2M
[0.002s][info][gc,init] Heap Min Capacity: 2M
[0.002s][info][gc,init] Heap Initial Capacity: 246M
[0.002s][info][gc,init] Heap Max Capacity: 8G
[0.002s][info][gc,init] Pre-touch: Disabled
[0.002s][info][gc,init] Parallel Workers: 6
[0.002s][info][gc,metaspace] CDS archive(s) not mapped
[0.002s][info][gc,metaspace] Compressed class space mapped at: 0x00000000be000000-0x00000000fe000000, reserved size: 1073741824
[0.002s][info][gc,metaspace] UseCompressedClassPointers 1, UseCompactObjectHeaders 0, narrow klass pointer bits 32, max shift 3
[0.002s][info][gc,metaspace] Narrow klass base: 0x0000000000000000, Narrow klass shift: 0, Narrow klass range: 0xfe000000

SPECjbb2015 Java Business Benchmark
 (c) Standard Performance Evaluation Corporation, 2015

Preparing to launch All-in-one SPECjbb2015.

Reading property file: /shared/projects/openjdk/analysis/lilliput-benefits/specjbb/results-COH-OFF-Parallel-FullGC-8G-1/./config/specjbb2015.props

     0s: Enumerating plugins...
     0s:    Connectivity:
     0s:             HTTP_Grizzly: Grizzly HTTP server, JDK HTTP client
     0s:              NIO_Grizzly: Grizzly NIO server, Grizzly NIO client
     0s:               HTTP_Jetty: Jetty HTTP server, JDK HTTP client
     0s:    Snapshot:
     0s:                 InMemory: Stores snapshots in heap memory
     0s:    Data Writers:
     0s:                     Demo: Send all frame to listener
     0s:                   InFile: Writing Data into file
     0s:                   Silent: Drop all frames
     0s: 
     0s: Kit validation is skipped.
     0s: Tests are skipped.
     0s: 
     0s: [0.425s][info][gc,start    ] GC(0) Pause Young (Allocation Failure)
[0.429s][info][gc,heap     ] GC(0) PSYoungGen: 63488K(73728K)->3946K(73728K) Eden: 63488K(63488K)->0K(63488K) From: 0K(10240K)->3946K(10240K)
[0.429s][info][gc,heap     ] GC(0) ParOldGen: 0K(167936K)->16K(167936K)
[0.429s][info][gc,metaspace] GC(0) Metaspace: 16283K(16448K)->16283K(16448K) NonClass: 14481K(14528K)->14481K(14528K) Class: 1801K(1920K)->1801K(1920K)
[0.429s][info][gc          ] GC(0) Pause Young (Allocation Failure) 62M->3M(236M) 3.379ms
[0.429s][info][gc,cpu      ] GC(0) User=0.01s Sys=0.00s Real=0.00s
[0.601s][info][gc,start    ] GC(1) Pause Young (Allocation Failure)
[0.604s][info][gc,heap     ] GC(1) PSYoungGen: 67434K(73728K)->4167K(73728K) Eden: 63488K(63488K)->0K(63488K) From: 3946K(10240K)->4167K(10240K)
[0.604s][info][gc,heap     ] GC(1) ParOldGen: 16K(167936K)->24K(167936K)
[0.604s][info][gc,metaspace] GC(1) Metaspace: 18034K(18240K)->18034K(18240K) NonClass: 15918K(16000K)->15918K(16000K) Class: 2115K(2240K)->2115K(2240K)
[0.604s][info][gc          ] GC(1) Pause Young (Allocation Failure) 65M->4M(236M) 3.145ms
[0.604s][info][gc,cpu      ] GC(1) User=0.01s Sys=0.00s Real=0.00s
[0.803s][info][gc,start    ] GC(2) Pause Young (Allocation Failure)
[0.805s][info][gc,heap     ] GC(2) PSYoungGen: 67655K(73728K)->4533K(73728K) Eden: 63488K(63488K)->0K(63488K) From: 4167K(10240K)->4533K(10240K)
[0.805s][info][gc,heap     ] GC(2) ParOldGen: 24K(167936K)->32K(167936K)
[0.805s][info][gc,metaspace] GC(2) Metaspace: 20240K(20416K)->20240K(20416K) NonClass: 17822K(17920K)->17822K(17920K) Class: 2418K(2496K)->2418K(2496K)
[0.805s][info][gc          ] GC(2) Pause Young (Allocation Failure) 66M->4M(236M) 2.354ms
[0.805s][info][gc,cpu      ] GC(2) User=0.01s Sys=0.00s Real=0.00s
[0.954s][info][gc,start    ] GC(3) Pause Young (Allocation Failure)
[0.958s][info][gc,heap     ] GC(3) PSYoungGen: 68021K(73728K)->5154K(137216K) Eden: 63488K(63488K)->0K(126976K) From: 4533K(10240K)->5154K(10240K)
[0.958s][info][gc,heap     ] GC(3) ParOldGen: 32K(167936K)->40K(167936K)
[0.958s][info][gc,metaspace] GC(3) Metaspace: 21091K(21312K)->21091K(21312K) NonClass: 18578K(18688K)->18578K(18688K) Class: 2513K(2624K)->2513K(2624K)
[0.958s][info][gc          ] GC(3) Pause Young (Allocation Failure) 66M->5M(298M) 4.137ms
[0.958s][info][gc,cpu      ] GC(3) User=0.02s Sys=0.00s Real=0.00s
[1.059s][info][gc,start    ] GC(4) Pause Full (Metadata GC Threshold)
[1.059s][info][gc,phases,start] GC(4) Marking Phase
[1.063s][info][gc,phases      ] GC(4) Marking Phase 4.054ms
[1.063s][info][gc,phases,start] GC(4) Summary Phase
[1.063s][info][gc,phases      ] GC(4) Summary Phase 0.008ms
[1.063s][info][gc,phases,start] GC(4) Forward
[1.064s][info][gc,phases      ] GC(4) Forward 0.412ms
[1.064s][info][gc,phases,start] GC(4) Adjust Pointers
[1.065s][info][gc,phases      ] GC(4) Adjust Pointers 1.471ms
[1.065s][info][gc,phases,start] GC(4) Compaction Phase
[1.067s][info][gc,phases      ] GC(4) Compaction Phase 1.234ms
[1.067s][info][gc,phases,start] GC(4) Post Compact
[1.067s][info][gc,phases      ] GC(4) Post Compact 0.540ms
[1.067s][info][gc,heap        ] GC(4) PSYoungGen: 65320K(137216K)->0K(137216K) Eden: 60166K(126976K)->0K(126976K) From: 5154K(10240K)->0K(10240K)
[1.067s][info][gc,heap        ] GC(4) ParOldGen: 40K(167936K)->5272K(167936K)
[1.067s][info][gc,metaspace   ] GC(4) Metaspace: 21369K(21504K)->21369K(21504K) NonClass: 18839K(18880K)->18839K(18880K) Class: 2530K(2624K)->2530K(2624K)
[1.067s][info][gc             ] GC(4) Pause Full (Metadata GC Threshold) 63M->5M(298M) 7.888ms
[1.067s][info][gc,cpu         ] GC(4) User=0.03s Sys=0.01s Real=0.01s
Ladies and gentlemen, this is your Controller speaking.
     0s: We are delighted in having you for benchmark run today.
     0s: 
     0s: Binary log file is ./specjbb2015-C-20240916-00001.data.gz
     0s: 
     0s: Performing handshake with all agents ...
     0s: 
     0s:  Agent Group1.TxInjector.CompositeTxInjector has attached to Controller
     0s:  Agent Group1.Backend.CompositeBackend has attached to Controller
     0s: 
     0s: All agents have connected.
     0s: 
     0s: Attached agents info:

Group "Group1"
    TxInjectors:
        CompositeTxInjector, includes { Driver } @ [local in-Java link]
    Backends:
        CompositeBackend, includes { SM(2),SP(2) } @ [local in-Java link]

     0s: Initializing... (init[1.134s][info][gc,start       ] GC(5) Pause Young (Allocation Failure)
[1.166s][info][gc,heap        ] GC(5) PSYoungGen: 126976K(137216K)->10223K(137216K) Eden: 126976K(126976K)->0K(126976K) From: 0K(10240K)->10223K(10240K)
[1.166s][info][gc,heap        ] GC(5) ParOldGen: 5272K(167936K)->67732K(167936K)
[1.166s][info][gc,metaspace   ] GC(5) Metaspace: 22543K(22720K)->22543K(22720K) NonClass: 19870K(19968K)->19870K(19968K) Class: 2673K(2752K)->2673K(2752K)
[1.166s][info][gc             ] GC(5) Pause Young (Allocation Failure) 129M->76M(298M) 32.090ms
[1.166s][info][gc,cpu         ] GC(5) User=0.09s Sys=0.09s Real=0.03s
[1.249s][info][gc,start       ] GC(6) Pause Young (Allocation Failure)
[1.304s][info][gc,heap        ] GC(6) PSYoungGen: 137199K(137216K)->51705K(267776K) Eden: 126976K(126976K)->0K(216064K) From: 10223K(10240K)->51705K(51712K)
[1.304s][info][gc,heap        ] GC(6) ParOldGen: 67732K(167936K)->110584K(167936K)
[1.304s][info][gc,metaspace   ] GC(6) Metaspace: 22624K(22848K)->22624K(22848K) NonClass: 19951K(20096K)->19951K(20096K) Class: 2673K(2752K)->2673K(2752K)
[1.304s][info][gc             ] GC(6) Pause Young (Allocation Failure) 200M->158M(425M) 54.940ms
[1.304s][info][gc,cpu         ] GC(6) User=0.19s Sys=0.14s Real=0.06s
[1.458s][info][gc,start       ] GC(7) Pause Young (Allocation Failure)
[1.563s][info][gc,heap        ] GC(7) PSYoungGen: 267769K(267776K)->89582K(305664K) Eden: 216064K(216064K)->0K(216064K) From: 51705K(51712K)->89582K(89600K)
[1.563s][info][gc,heap        ] GC(7) ParOldGen: 110584K(167936K)->222644K(222720K)
[1.563s][info][gc,metaspace   ] GC(7) Metaspace: 22670K(22848K)->22670K(22848K) NonClass: 19995K(20096K)->19995K(20096K) Class: 2674K(2752K)->2674K(2752K)
[1.564s][info][gc             ] GC(7) Pause Young (Allocation Failure) 369M->304M(516M) 105.066ms
[1.564s][info][gc,cpu         ] GC(7) User=0.41s Sys=0.21s Real=0.11s
[1.704s][info][gc,start       ] GC(8) Pause Young (Allocation Failure)
[1.846s][info][gc,heap        ] GC(8) PSYoungGen: 305646K(305664K)->166895K(517120K) Eden: 216064K(216064K)->0K(350208K) From: 89582K(89600K)->166895K(166912K)
[1.846s][info][gc,heap        ] GC(8) ParOldGen: 222644K(222720K)->327804K(328192K)
[1.846s][info][gc,metaspace   ] GC(8) Metaspace: 22675K(22848K)->22675K(22848K) NonClass: 20001K(20096K)->20001K(20096K) Class: 2674K(2752K)->2674K(2752K)
[1.846s][info][gc             ] GC(8) Pause Young (Allocation Failure) 515M->483M(825M) 141.726ms
[1.846s][info][gc,cpu         ] GC(8) User=0.60s Sys=0.24s Real=0.14s
[1.966s][info][gc,start       ] GC(9) Pause Young (Allocation Failure)
[2.183s][info][gc,heap        ] GC(9) PSYoungGen: 517103K(517120K)->248831K(599040K) Eden: 350208K(350208K)->0K(350208K) From: 166895K(166912K)->248831K(248832K)
[2.183s][info][gc,heap        ] GC(9) ParOldGen: 327804K(328192K)->554600K(555008K)
[2.183s][info][gc,metaspace   ] GC(9) Metaspace: 22687K(22848K)->22687K(22848K) NonClass: 20013K(20096K)->20013K(20096K) Class: 2674K(2752K)->2674K(2752K)
[2.183s][info][gc             ] GC(9) Pause Young (Allocation Failure) 825M->784M(1127M) 216.854ms
[2.183s][info][gc,cpu         ] GC(9) User=0.88s Sys=0.39s Real=0.22s
[2.441s][info][gc,start       ] GC(10) Pause Young (Allocation Failure)
[2.683s][info][gc,heap        ] GC(10) PSYoungGen: 599039K(599040K)->389624K(849920K) Eden: 350208K(350208K)->0K(460288K) From: 248831K(248832K)->389624K(389632K)
[2.683s][info][gc,heap        ] GC(10) ParOldGen: 554600K(555008K)->630890K(631296K)
[2.683s][info][gc,metaspace   ] GC(10) Metaspace: 22732K(22848K)->22732K(22848K) NonClass: 20056K(20096K)->20056K(20096K) Class: 2675K(2752K)->2675K(2752K)
[2.683s][info][gc             ] GC(10) Pause Young (Allocation Failure) 1126M->996M(1446M) 242.536ms
[2.683s][info][gc,cpu         ] GC(10) User=0.91s Sys=0.52s Real=0.24s
) OK
     2s: 
     2s: Check whether properties are compliant
     2s: (validation=PASSED) Property settings are COMPLIANT.
     2s: 
     2s: Searching for high-bound for max-jOPS possible for this system
     2s: Searching from base IR = 100
     2s:       rampup IR =      0 [reconfig (term) [3.102s][info][gc,start       ] GC(11) Pause Full (System.gc())
[3.102s][info][gc,phases,start] GC(11) Marking Phase
[3.122s][info][gc,phases      ] GC(11) Marking Phase 19.787ms
[3.122s][info][gc,phases,start] GC(11) Summary Phase
[3.122s][info][gc,phases      ] GC(11) Summary Phase 0.045ms
[3.122s][info][gc,phases,start] GC(11) Forward
[3.135s][info][gc,phases      ] GC(11) Forward 12.908ms
[3.135s][info][gc,phases,start] GC(11) Adjust Pointers
[3.146s][info][gc,phases      ] GC(11) Adjust Pointers 10.862ms
[3.146s][info][gc,phases,start] GC(11) Compaction Phase
[3.162s][info][gc,phases      ] GC(11) Compaction Phase 16.252ms
[3.162s][info][gc,phases,start] GC(11) Post Compact
[3.169s][info][gc,phases      ] GC(11) Post Compact 7.000ms
[3.169s][info][gc,heap        ] GC(11) PSYoungGen: 758312K(849920K)->0K(849920K) Eden: 368687K(460288K)->0K(460288K) From: 389624K(389632K)->0K(389632K)
[3.169s][info][gc,heap        ] GC(11) ParOldGen: 630890K(631296K)->97736K(631296K)
[3.169s][info][gc,metaspace   ] GC(11) Metaspace: 23038K(23168K)->23038K(23168K) NonClass: 20335K(20416K)->20335K(20416K) Class: 2702K(2752K)->2702K(2752K)
[3.169s][info][gc             ] GC(11) Pause Full (System.gc()) 1356M->95M(1446M) 67.183ms
[3.169s][info][gc,cpu         ] GC(11) User=0.28s Sys=0.01s Real=0.06s
(init[3.505s][info][gc,start       ] GC(12) Pause Young (Allocation Failure)
[3.622s][info][gc,heap        ] GC(12) PSYoungGen: 460288K(849920K)->343303K(950272K) Eden: 460288K(460288K)->0K(460288K) From: 0K(389632K)->343303K(489984K)
[3.622s][info][gc,heap        ] GC(12) ParOldGen: 97736K(631296K)->97744K(631296K)
[3.622s][info][gc,metaspace   ] GC(12) Metaspace: 23048K(23168K)->23048K(23168K) NonClass: 20345K(20416K)->20345K(20416K) Class: 2702K(2752K)->2702K(2752K)
[3.622s][info][gc             ] GC(12) Pause Young (Allocation Failure) 544M->430M(1544M) 116.328ms
[3.622s][info][gc,cpu         ] GC(12) User=0.61s Sys=0.07s Real=0.12s
[3.675s][info][gc,start       ] GC(13) Pause Young (Allocation Failure)
[3.961s][info][gc,heap        ] GC(13) PSYoungGen: 803591K(950272K)->394624K(1216512K) Eden: 460288K(460288K)->0K(691200K) From: 343303K(489984K)->394624K(525312K)
[3.961s][info][gc,heap        ] GC(13) ParOldGen: 97744K(631296K)->442039K(631296K)
[3.961s][info][gc,metaspace   ] GC(13) Metaspace: 23053K(23168K)->23053K(23168K) NonClass: 20350K(20416K)->20350K(20416K) Class: 2702K(2752K)->2702K(2752K)
[3.961s][info][gc             ] GC(13) Pause Young (Allocation Failure) 880M->817M(1804M) 286.033ms
[3.961s][info][gc,cpu         ] GC(13) User=1.19s Sys=0.52s Real=0.29s
) ] ... (rIR:aIR:PR = 0:0:0) (tPR = 0) [OK] 
     7s:       rampup IR =     10 [7.636s][info][gc,start       ] GC(14) Pause Young (Allocation Failure)
[7.916s][info][gc,heap        ] GC(14) PSYoungGen: 1085824K(1216512K)->306038K(1262080K) Eden: 691200K(691200K)->0K(691200K) From: 394624K(525312K)->306038K(570880K)
[7.916s][info][gc,heap        ] GC(14) ParOldGen: 442039K(631296K)->838344K(838656K)
[7.916s][info][gc,metaspace   ] GC(14) Metaspace: 23115K(23232K)->23115K(23232K) NonClass: 20412K(20480K)->20412K(20480K) Class: 2703K(2752K)->2703K(2752K)
[7.916s][info][gc             ] GC(14) Pause Young (Allocation Failure) 1492M->1117M(2051M) 280.377ms
[7.916s][info][gc,cpu         ] GC(14) User=1.40s Sys=0.27s Real=0.28s
... (rIR:aIR:PR = 10:9:9) (tPR = 695) [OK] 
    10s:       rampup IR =     20 ... (rIR:aIR:PR = 20:22:22) (tPR = 1825) [OK] 
    13s:       rampup IR =     30 .... (rIR:aIR:PR = 30:32:32) (tPR = 2337) [OK] 
    17s:       rampup IR =     40 .... (rIR:aIR:PR = 40:38:38) (tPR = 2575) [OK] 
    21s:       rampup IR =     50 .... (rIR:aIR:PR = 50:52:51) (tPR = 3362) [OK] 
    25s:       rampup IR =     60 .... (rIR:aIR:PR = 60:67:65) (tPR = 4035) [OK] 
    29s:       rampup IR =     70 .... (rIR:aIR:PR = 70:75:74) (tPR = 4344) [OK] 
    33s:       rampup IR =     80 .... (rIR:aIR:PR = 80:76:74) (tPR = 4260) [OK] 
    37s:       rampup IR =     90 .... (rIR:aIR:PR = 90:94:91) (tPR = 4488) [OK] 
    41s:       rampup IR =    100 .... (rIR:aIR:PR = 100:100:97) (tPR = 4623) [OK] 
    45s:    snapshot, IR =    100 ...[49.172s][info][gc,start       ] GC(15) Pause Young (Allocation Failure)
[49.302s][info][gc,heap        ] GC(15) PSYoungGen: 997238K(1262080K)->37664K(1665024K) Eden: 691200K(691200K)->0K(1105920K) From: 306038K(570880K)->37664K(559104K)
[49.302s][info][gc,heap        ] GC(15) ParOldGen: 838344K(838656K)->1144842K(1145344K)
[49.302s][info][gc,metaspace   ] GC(15) Metaspace: 25243K(25472K)->25243K(25472K) NonClass: 22418K(22528K)->22418K(22528K) Class: 2825K(2944K)->2825K(2944K)
[49.302s][info][gc             ] GC(15) Pause Young (Allocation Failure) 1792M->1154M(2744M) 129.734ms
[49.302s][info][gc,cpu         ] GC(15) User=0.64s Sys=0.11s Real=0.13s
.|.............................. (rIR:aIR:PR = 100:100:98) (tPR = 3174) [OK] 
    79s: Performing snapshot: (quiescence.....) (stop TxI) (stop BE) (saving... [85.258s][info][gc,start       ] GC(16) Pause Young (Allocation Failure)
[85.315s][info][gc,heap        ] GC(16) PSYoungGen: 1131919K(1665024K)->155072K(1672192K) Eden: 1094255K(1105920K)->0K(1105920K) From: 37664K(559104K)->155072K(566272K)
[85.315s][info][gc,heap        ] GC(16) ParOldGen: 1144842K(1145344K)->1180097K(1180160K)
[85.315s][info][gc,metaspace   ] GC(16) Metaspace: 27369K(27584K)->27369K(27584K) NonClass: 24330K(24448K)->24330K(24448K) Class: 3038K(3136K)->3038K(3136K)
[85.315s][info][gc             ] GC(16) Pause Young (Allocation Failure) 2223M->1303M(2785M) 57.317ms
[85.316s][info][gc,cpu         ] GC(16) User=0.31s Sys=0.02s Real=0.06s
103315 Kb) (term) [86.626s][info][gc,start       ] GC(17) Pause Full (System.gc())
[86.626s][info][gc,phases,start] GC(17) Marking Phase
[86.649s][info][gc,phases      ] GC(17) Marking Phase 23.205ms
[86.649s][info][gc,phases,start] GC(17) Summary Phase
[86.649s][info][gc,phases      ] GC(17) Summary Phase 0.033ms
[86.649s][info][gc,phases,start] GC(17) Forward
[86.666s][info][gc,phases      ] GC(17) Forward 17.628ms
[86.667s][info][gc,phases,start] GC(17) Adjust Pointers
[86.680s][info][gc,phases      ] GC(17) Adjust Pointers 13.986ms
[86.681s][info][gc,phases,start] GC(17) Compaction Phase
[86.707s][info][gc,phases      ] GC(17) Compaction Phase 26.756ms
[86.708s][info][gc,phases,start] GC(17) Post Compact
[86.712s][info][gc,phases      ] GC(17) Post Compact 4.311ms
[86.712s][info][gc,heap        ] GC(17) PSYoungGen: 543071K(1672192K)->0K(1672192K) Eden: 387998K(1105920K)->0K(1105920K) From: 155072K(566272K)->0K(566272K)
[86.712s][info][gc,heap        ] GC(17) ParOldGen: 1180097K(1180160K)->202783K(1180160K)
[86.712s][info][gc,metaspace   ] GC(17) Metaspace: 27381K(27648K)->27377K(27648K) NonClass: 24342K(24512K)->24339K(24512K) Class: 3038K(3136K)->3037K(3136K)
[86.712s][info][gc             ] GC(17) Pause Full (System.gc()) 1682M->198M(2785M) 86.493ms
[86.712s][info][gc,cpu         ] GC(17) User=0.34s Sys=0.01s Real=0.09s
(init[87.495s][info][gc,start       ] GC(18) Pause Young (Allocation Failure)
[87.797s][info][gc,heap        ] GC(18) PSYoungGen: 1105920K(1672192K)->460508K(2128896K) Eden: 1105920K(1105920K)->0K(1593856K) From: 0K(566272K)->460508K(535040K)
[87.797s][info][gc,heap        ] GC(18) ParOldGen: 202783K(1180160K)->202791K(1180160K)
[87.797s][info][gc,metaspace   ] GC(18) Metaspace: 27464K(27712K)->27464K(27712K) NonClass: 24418K(24512K)->24418K(24512K) Class: 3046K(3200K)->3046K(3200K)
[87.797s][info][gc             ] GC(18) Pause Young (Allocation Failure) 1278M->647M(3231M) 302.222ms
[87.797s][info][gc,cpu         ] GC(18) User=1.18s Sys=0.63s Real=0.30s
) ...
    91s:       rampup IR =      0 ... (rIR:aIR:PR = 0:0:0) (tPR = 0) [OK] 
    94s:       rampup IR =     10 ... (rIR:aIR:PR = 10:12:12) (tPR = 248) [OK] 
    97s:       rampup IR =     20 ... (rIR:aIR:PR = 20:17:17) (tPR = 658) [OK] 
   100s:       rampup IR =     30 .... (rIR:aIR:PR = 30:30:30) (tPR = 744) [OK] 
   104s:       rampup IR =     40 .... (rIR:aIR:PR = 40:39:39) (tPR = 911) [OK] 
   108s:       rampup IR =     50 .... (rIR:aIR:PR = 50:51:50) (tPR = 921) [OK] 
   112s:       rampup IR =     60 .[114.166s][info][gc,start       ] GC(19) Pause Young (Allocation Failure)
[114.597s][info][gc,heap        ] GC(19) PSYoungGen: 2054364K(2128896K)->601065K(2194944K) Eden: 1593856K(1593856K)->0K(1593856K) From: 460508K(535040K)->601065K(601088K)
[114.597s][info][gc,heap        ] GC(19) ParOldGen: 202791K(1180160K)->559928K(1180160K)
[114.597s][info][gc,metaspace   ] GC(19) Metaspace: 27588K(27904K)->27588K(27904K) NonClass: 24538K(24704K)->24538K(24704K) Class: 3049K(3200K)->3049K(3200K)
[114.597s][info][gc             ] GC(19) Pause Young (Allocation Failure) 2204M->1133M(3296M) 431.697ms
[114.598s][info][gc,cpu         ] GC(19) User=1.80s Sys=0.78s Real=0.43s
... (rIR:aIR:PR = 60:63:61) (tPR = 1304) [OK] 
   116s:       rampup IR =     70 .... (rIR:aIR:PR = 70:73:71) (tPR = 1630) [OK] 
   120s:       rampup IR =     80 .... (rIR:aIR:PR = 80:84:82) (tPR = 1943) [OK] 
   124s:       rampup IR =     90 .... (rIR:aIR:PR = 90:92:90) (tPR = 1741) [OK] 
   128s:       rampup IR =    100 .... (rIR:aIR:PR = 100:105:102) (tPR = 2548) [OK] 
   132s:       trying IR =    200 .... (rIR:aIR:PR = 200:201:197) (tPR = 3781) [OK] 
   136s:       trying IR =    220 .... (rIR:aIR:PR = 220:214:208) (tPR = 4443) [OK] 
   140s:       trying IR =    244 .... (rIR:aIR:PR = 244:246:241) (tPR = 4909) [OK] 
   144s:       trying IR =    273 ..[146.823s][info][gc,start       ] GC(20) Pause Full (Diagnostic Command)
[146.823s][info][gc,phases,start] GC(20) Marking Phase
[147.073s][info][gc,phases      ] GC(20) Marking Phase 249.705ms
[147.073s][info][gc,phases,start] GC(20) Summary Phase
[147.073s][info][gc,phases      ] GC(20) Summary Phase 0.027ms
[147.073s][info][gc,phases,start] GC(20) Forward
[147.191s][info][gc,phases      ] GC(20) Forward 117.550ms
[147.191s][info][gc,phases,start] GC(20) Adjust Pointers
[147.347s][info][gc,phases      ] GC(20) Adjust Pointers 156.397ms
[147.347s][info][gc,phases,start] GC(20) Compaction Phase
[147.533s][info][gc,phases      ] GC(20) Compaction Phase 185.667ms
[147.533s][info][gc,phases,start] GC(20) Post Compact
[147.535s][info][gc,phases      ] GC(20) Post Compact 1.868ms
[147.535s][info][gc,heap        ] GC(20) PSYoungGen: 1310477K(2194944K)->0K(2194944K) Eden: 709412K(1593856K)->0K(1593856K) From: 601065K(601088K)->0K(601088K)
[147.535s][info][gc,heap        ] GC(20) ParOldGen: 559928K(1180160K)->1136380K(1180160K)
[147.535s][info][gc,metaspace   ] GC(20) Metaspace: 27730K(27968K)->27730K(27968K) NonClass: 24679K(24768K)->24679K(24768K) Class: 3050K(3200K)->3050K(3200K)
[147.535s][info][gc             ] GC(20) Pause Full (Diagnostic Command) 1826M->1109M(3296M) 711.702ms
[147.535s][info][gc,cpu         ] GC(20) User=4.06s Sys=0.01s Real=0.71s
.. (rIR:aIR:PR = 273:275:269) (tPR = 5267) [OK] 
   148s:       trying IR =    307 .... (rIR:aIR:PR = 307:313:307) (tPR = 5966) [OK] 
   152s:       trying IR =    349 ...... (rIR:aIR:PR = 349:353:346) (tPR = 6596) [OK] 
   158s:       trying IR =    399 .... (rIR:aIR:PR = 399:397:390) (tPR = 7574) [OK] 
   162s:       trying IR =    458 .... (rIR:aIR:PR = 458:465:457) (tPR = 7971) [OK] 
   166s:       trying IR =    530 .[168.495s][info][gc,start       ] GC(21) Pause Young (Allocation Failure)
[168.539s][info][gc,heap        ] GC(21) PSYoungGen: 1593856K(2194944K)->89872K(1763840K) Eden: 1593856K(1593856K)->0K(1162752K) From: 0K(601088K)->89872K(601088K)
[168.539s][info][gc,heap        ] GC(21) ParOldGen: 1136380K(1180160K)->1136380K(1180160K)
[168.539s][info][gc,metaspace   ] GC(21) Metaspace: 27821K(28096K)->27821K(28096K) NonClass: 24768K(24896K)->24768K(24896K) Class: 3053K(3200K)->3053K(3200K)
[168.539s][info][gc             ] GC(21) Pause Young (Allocation Failure) 2666M->1197M(2875M) 44.771ms
[168.539s][info][gc,cpu         ] GC(21) User=0.25s Sys=0.00s Real=0.04s
.... (rIR:aIR:PR = 530:537:526) (tPR = 9855) [OK] 
   171s:       trying IR =    616 .... (rIR:aIR:PR = 616:615:602) (tPR = 11222) [OK] 
   175s:       trying IR =    719 ..[177.917s][info][gc,start       ] GC(22) Pause Young (Allocation Failure)
[177.977s][info][gc,heap        ] GC(22) PSYoungGen: 1252624K(1763840K)->63493K(1979392K) Eden: 1162752K(1162752K)->0K(1162752K) From: 89872K(601088K)->63493K(816640K)
[177.977s][info][gc,heap        ] GC(22) ParOldGen: 1136380K(1180160K)->1218508K(1218560K)
[177.977s][info][gc,metaspace   ] GC(22) Metaspace: 27866K(28096K)->27866K(28096K) NonClass: 24812K(24896K)->24812K(24896K) Class: 3054K(3200K)->3054K(3200K)
[177.977s][info][gc             ] GC(22) Pause Young (Allocation Failure) 2333M->1251M(3123M) 59.552ms
[177.977s][info][gc,cpu         ] GC(22) User=0.33s Sys=0.02s Real=0.06s
.. (rIR:aIR:PR = 719:723:708) (tPR = 11857) [OK] 
   179s:       trying IR =    843 .... (rIR:aIR:PR = 843:857:838) (tPR = 14286) [OK] 
   183s:       trying IR =    992 .[185.024s][info][gc,start       ] GC(23) Pause Young (Allocation Failure)
[185.076s][info][gc,heap        ] GC(23) PSYoungGen: 1226245K(1979392K)->65655K(1912832K) Eden: 1162752K(1162752K)->0K(1182208K) From: 63493K(816640K)->65655K(730624K)
[185.076s][info][gc,heap        ] GC(23) ParOldGen: 1218508K(1218560K)->1276428K(1276928K)
[185.076s][info][gc,metaspace   ] GC(23) Metaspace: 27936K(28224K)->27936K(28224K) NonClass: 24880K(25024K)->24880K(25024K) Class: 3056K(3200K)->3056K(3200K)
[185.076s][info][gc             ] GC(23) Pause Young (Allocation Failure) 2387M->1310M(3115M) 52.232ms
[185.076s][info][gc,cpu         ] GC(23) User=0.28s Sys=0.02s Real=0.05s
... (rIR:aIR:PR = 992:989:967) (tPR = 17757) [OK] 
   187s:       trying IR =   1170 ...[190.668s][info][gc,start       ] GC(24) Pause Young (Allocation Failure)
[190.724s][info][gc,heap        ] GC(24) PSYoungGen: 1247863K(1912832K)->73552K(1955840K) Eden: 1182208K(1182208K)->0K(1182208K) From: 65655K(730624K)->73552K(773632K)
[190.724s][info][gc,heap        ] GC(24) ParOldGen: 1276428K(1276928K)->1335708K(1335808K)
[190.724s][info][gc,metaspace   ] GC(24) Metaspace: 27959K(28224K)->27959K(28224K) NonClass: 24903K(25024K)->24903K(25024K) Class: 3056K(3200K)->3056K(3200K)
[190.725s][info][gc             ] GC(24) Pause Young (Allocation Failure) 2465M->1376M(3214M) 56.144ms
[190.725s][info][gc,cpu         ] GC(24) User=0.31s Sys=0.02s Real=0.06s
. (rIR:aIR:PR = 1170:1150:1125) (tPR = 19254) [OK] 
   191s:       trying IR =   1384 ...[195.224s][info][gc,start       ] GC(25) Pause Young (Allocation Failure)
[195.278s][info][gc,heap        ] GC(25) PSYoungGen: 1255760K(1955840K)->66667K(1951744K) Eden: 1182208K(1182208K)->0K(1276416K) From: 73552K(773632K)->66667K(675328K)
[195.278s][info][gc,heap        ] GC(25) ParOldGen: 1335708K(1335808K)->1397973K(1398272K)
[195.278s][info][gc,metaspace   ] GC(25) Metaspace: 28057K(28288K)->28057K(28288K) NonClass: 24985K(25088K)->24985K(25088K) Class: 3072K(3200K)->3072K(3200K)
[195.278s][info][gc             ] GC(25) Pause Young (Allocation Failure) 2530M->1430M(3271M) 53.212ms
[195.278s][info][gc,cpu         ] GC(25) User=0.30s Sys=0.02s Real=0.05s
. (rIR:aIR:PR = 1384:1376:1359) (tPR = 24906) [OK] 
   195s:       trying IR =   1641 ...[199.255s][info][gc,start       ] GC(26) Pause Young (Allocation Failure)
[199.309s][info][gc,heap        ] GC(26) PSYoungGen: 1343083K(1951744K)->76240K(1994752K) Eden: 1276416K(1276416K)->0K(1276416K) From: 66667K(675328K)->76240K(718336K)
[199.309s][info][gc,heap        ] GC(26) ParOldGen: 1397973K(1398272K)->1457112K(1457152K)
[199.309s][info][gc,metaspace   ] GC(26) Metaspace: 28083K(28352K)->28083K(28352K) NonClass: 25011K(25152K)->25011K(25152K) Class: 3072K(3200K)->3072K(3200K)
[199.309s][info][gc             ] GC(26) Pause Young (Allocation Failure) 2676M->1497M(3371M) 54.278ms
[199.309s][info][gc,cpu         ] GC(26) User=0.30s Sys=0.02s Real=0.05s
. (rIR:aIR:PR = 1641:1651:1642) (tPR = 27265) [OK] 
   199s:       trying IR =   1949 ..[202.645s][info][gc,start       ] GC(27) Pause Young (Allocation Failure)
[202.699s][info][gc,heap        ] GC(27) PSYoungGen: 1352656K(1994752K)->70713K(2004992K) Eden: 1276416K(1276416K)->0K(1390080K) From: 76240K(718336K)->70713K(614912K)
[202.700s][info][gc,heap        ] GC(27) ParOldGen: 1457112K(1457152K)->1523824K(1524224K)
[202.700s][info][gc,metaspace   ] GC(27) Metaspace: 28097K(28416K)->28097K(28416K) NonClass: 25025K(25216K)->25025K(25216K) Class: 3072K(3200K)->3072K(3200K)
[202.700s][info][gc             ] GC(27) Pause Young (Allocation Failure) 2743M->1557M(3446M) 54.895ms
[202.700s][info][gc,cpu         ] GC(27) User=0.30s Sys=0.02s Real=0.05s
.. (rIR:aIR:PR = 1949:1938:1938) (tPR = 32973) [OK] 
   203s:       trying IR =   2319 ..[205.976s][info][gc,start       ] GC(28) Pause Young (Allocation Failure)
[206.038s][info][gc,heap        ] GC(28) PSYoungGen: 1460793K(2004992K)->85088K(2047488K) Eden: 1390080K(1390080K)->0K(1390080K) From: 70713K(614912K)->85088K(657408K)
[206.038s][info][gc,heap        ] GC(28) ParOldGen: 1523824K(1524224K)->1586250K(1586688K)
[206.038s][info][gc,metaspace   ] GC(28) Metaspace: 28138K(28416K)->28138K(28416K) NonClass: 25066K(25216K)->25066K(25216K) Class: 3072K(3200K)->3072K(3200K)
[206.038s][info][gc             ] GC(28) Pause Young (Allocation Failure) 2914M->1632M(3549M) 61.800ms
[206.038s][info][gc,cpu         ] GC(28) User=0.34s Sys=0.02s Real=0.06s
.. (rIR:aIR:PR = 2319:2315:2315) (tPR = 38770) [OK] 
   207s:       trying IR =   2762 .[209.114s][info][gc,start       ] GC(29) Pause Young (Allocation Failure)
[209.179s][info][gc,heap        ] GC(29) PSYoungGen: 1475168K(2047488K)->84880K(2065408K) Eden: 1390080K(1390080K)->0K(1513984K) From: 85088K(657408K)->84880K(551424K)
[209.179s][info][gc,heap        ] GC(29) ParOldGen: 1586250K(1586688K)->1658042K(1658368K)
[209.179s][info][gc,metaspace   ] GC(29) Metaspace: 28154K(28416K)->28154K(28416K) NonClass: 25082K(25216K)->25082K(25216K) Class: 3072K(3200K)->3072K(3200K)
[209.179s][info][gc             ] GC(29) Pause Young (Allocation Failure) 2989M->1702M(3636M) 65.152ms
[209.179s][info][gc,cpu         ] GC(29) User=0.36s Sys=0.02s Real=0.06s
... (rIR:aIR:PR = 2762:2795:2795) (tPR = 44009) [OK] 
   211s:       trying IR =   3295 [212.279s][info][gc,start       ] GC(30) Pause Young (Allocation Failure)
[212.343s][info][gc,heap        ] GC(30) PSYoungGen: 1598864K(2065408K)->93566K(2106880K) Eden: 1513984K(1513984K)->0K(1513984K) From: 84880K(551424K)->93566K(592896K)
[212.343s][info][gc,heap        ] GC(30) ParOldGen: 1658042K(1658368K)->1729002K(1729024K)
[212.343s][info][gc,metaspace   ] GC(30) Metaspace: 28278K(28608K)->28278K(28608K) NonClass: 25194K(25344K)->25194K(25344K) Class: 3084K(3264K)->3084K(3264K)
[212.343s][info][gc             ] GC(30) Pause Young (Allocation Failure) 3180M->1779M(3746M) 64.779ms
[212.343s][info][gc,cpu         ] GC(30) User=0.37s Sys=0.02s Real=0.07s
...[215.219s][info][gc,start       ] GC(31) Pause Young (Allocation Failure)
[215.286s][info][gc,heap        ] GC(31) PSYoungGen: 1607550K(2106880K)->97855K(2131456K) Eden: 1513984K(1513984K)->0K(1642496K) From: 93566K(592896K)->97855K(488960K)
[215.286s][info][gc,heap        ] GC(31) ParOldGen: 1729002K(1729024K)->1804953K(1805312K)
[215.286s][info][gc,metaspace   ] GC(31) Metaspace: 28489K(28864K)->28489K(28864K) NonClass: 25392K(25600K)->25392K(25600K) Class: 3097K(3264K)->3097K(3264K)
[215.286s][info][gc             ] GC(31) Pause Young (Allocation Failure) 3258M->1858M(3844M) 66.995ms
[215.286s][info][gc,cpu         ] GC(31) User=0.37s Sys=0.02s Real=0.07s
. (rIR:aIR:PR = 3295:3285:3285) (tPR = 50338) [OK] 
   215s:       trying IR =   3934 ..[217.998s][info][gc,start       ] GC(32) Pause Young (Allocation Failure)
[218.070s][info][gc,heap        ] GC(32) PSYoungGen: 1740351K(2131456K)->103328K(2171904K) Eden: 1642496K(1642496K)->0K(1642496K) From: 97855K(488960K)->103328K(529408K)
[218.070s][info][gc,heap        ] GC(32) ParOldGen: 1804953K(1805312K)->1882993K(1883136K)
[218.070s][info][gc,metaspace   ] GC(32) Metaspace: 28614K(28928K)->28614K(28928K) NonClass: 25517K(25664K)->25517K(25664K) Class: 3097K(3264K)->3097K(3264K)
[218.070s][info][gc             ] GC(32) Pause Young (Allocation Failure) 3462M->1939M(3960M) 71.504ms
[218.070s][info][gc,cpu         ] GC(32) User=0.40s Sys=0.02s Real=0.07s
.. (rIR:aIR:PR = 3934:3959:3959) (tPR = 59726) [OK] 
   219s:       trying IR =   4701 [220.724s][info][gc,start       ] GC(33) Pause Young (Allocation Failure)
[220.797s][info][gc,heap        ] GC(33) PSYoungGen: 1745824K(2171904K)->109696K(2198016K) Eden: 1642496K(1642496K)->0K(1768448K) From: 103328K(529408K)->109696K(429568K)
[220.797s][info][gc,heap        ] GC(33) ParOldGen: 1882993K(1883136K)->1964189K(1964544K)
[220.797s][info][gc,metaspace   ] GC(33) Metaspace: 28640K(28992K)->28640K(28992K) NonClass: 25542K(25728K)->25542K(25728K) Class: 3097K(3264K)->3097K(3264K)
[220.797s][info][gc             ] GC(33) Pause Young (Allocation Failure) 3543M->2025M(4065M) 73.179ms
[220.797s][info][gc,cpu         ] GC(33) User=0.40s Sys=0.03s Real=0.07s
...[223.224s][info][gc,start       ] GC(34) Pause Young (Allocation Failure)
[223.304s][info][gc,heap        ] GC(34) PSYoungGen: 1878144K(2198016K)->119920K(2236928K) Eden: 1768448K(1768448K)->0K(1768448K) From: 109696K(429568K)->119920K(468480K)
[223.304s][info][gc,heap        ] GC(34) ParOldGen: 1964189K(1964544K)->2051005K(2051072K)
[223.304s][info][gc,metaspace   ] GC(34) Metaspace: 28643K(28992K)->28643K(28992K) NonClass: 25545K(25728K)->25545K(25728K) Class: 3097K(3264K)->3097K(3264K)
[223.304s][info][gc             ] GC(34) Pause Young (Allocation Failure) 3752M->2120M(4187M) 80.280ms
[223.304s][info][gc,cpu         ] GC(34) User=0.44s Sys=0.02s Real=0.08s
. (rIR:aIR:PR = 4701:4798:4801) (tPR = 72384) [OK] 
   223s:       trying IR =   5621 .[225.485s][info][gc,start       ] GC(35) Pause Young (Allocation Failure)
[225.562s][info][gc,heap        ] GC(35) PSYoungGen: 1888368K(2236928K)->115632K(2265088K) Eden: 1768448K(1768448K)->0K(1888768K) From: 119920K(468480K)->115632K(376320K)
[225.562s][info][gc,heap        ] GC(35) ParOldGen: 2051005K(2051072K)->2136693K(2137088K)
[225.562s][info][gc,metaspace   ] GC(35) Metaspace: 28664K(28992K)->28664K(28992K) NonClass: 25566K(25728K)->25566K(25728K) Class: 3097K(3264K)->3097K(3264K)
[225.562s][info][gc             ] GC(35) Pause Young (Allocation Failure) 3847M->2199M(4299M) 77.236ms
[225.562s][info][gc,cpu         ] GC(35) User=0.43s Sys=0.03s Real=0.08s
..[227.760s][info][gc,start       ] GC(36) Pause Young (Allocation Failure)
[227.842s][info][gc,heap        ] GC(36) PSYoungGen: 2004400K(2265088K)->124009K(2300928K) Eden: 1888768K(1888768K)->0K(1888768K) From: 115632K(376320K)->124009K(412160K)
[227.842s][info][gc,heap        ] GC(36) ParOldGen: 2136693K(2137088K)->2226221K(2226688K)
[227.842s][info][gc,metaspace   ] GC(36) Metaspace: 28664K(28992K)->28664K(28992K) NonClass: 25566K(25728K)->25566K(25728K) Class: 3097K(3264K)->3097K(3264K)
[227.842s][info][gc             ] GC(36) Pause Young (Allocation Failure) 4044M->2295M(4421M) 82.715ms
[227.843s][info][gc,cpu         ] GC(36) User=0.45s Sys=0.02s Real=0.09s
. (rIR:aIR:PR = 5621:5510:5506) (tPR = 84270) [OK] 
   227s:       trying IR =   6725 .[229.758s][info][gc,start       ] GC(37) Pause Young (Allocation Failure)
[229.842s][info][gc,heap        ] GC(37) PSYoungGen: 2012777K(2300928K)->123968K(2326528K) Eden: 1888768K(1888768K)->0K(1997312K) From: 124009K(412160K)->123968K(329216K)
[229.842s][info][gc,heap        ] GC(37) ParOldGen: 2226221K(2226688K)->2316909K(2317312K)
[229.842s][info][gc,metaspace   ] GC(37) Metaspace: 28665K(28992K)->28665K(28992K) NonClass: 25567K(25728K)->25567K(25728K) Class: 3097K(3264K)->3097K(3264K)
[229.842s][info][gc             ] GC(37) Pause Young (Allocation Failure) 4139M->2383M(4535M) 83.757ms
[229.842s][info][gc,cpu         ] GC(37) User=0.46s Sys=0.03s Real=0.09s
..[231.760s][info][gc,start       ] GC(38) Pause Young (Allocation Failure)
[231.842s][info][gc,heap        ] GC(38) PSYoungGen: 2121280K(2326528K)->122752K(2360320K) Eden: 1997312K(1997312K)->0K(1997312K) From: 123968K(329216K)->122752K(363008K)
[231.842s][info][gc,heap        ] GC(38) ParOldGen: 2316909K(2317312K)->2408429K(2408448K)
[231.842s][info][gc,metaspace   ] GC(38) Metaspace: 28689K(28992K)->28689K(28992K) NonClass: 25591K(25728K)->25591K(25728K) Class: 3097K(3264K)->3097K(3264K)
[231.842s][info][gc             ] GC(38) Pause Young (Allocation Failure) 4334M->2471M(4657M) 81.771ms
[231.842s][info][gc,cpu         ] GC(38) User=0.45s Sys=0.02s Real=0.08s
. (rIR:aIR:PR = 6725:6699:6698) (tPR = 101808) [OK] 
   231s:       trying IR =   8050 .[233.529s][info][gc,start       ] GC(39) Pause Young (Allocation Failure)
[233.618s][info][gc,heap        ] GC(39) PSYoungGen: 2120064K(2360320K)->130868K(2378240K) Eden: 1997312K(1997312K)->0K(2091008K) From: 122752K(363008K)->130868K(287232K)
[233.618s][info][gc,heap        ] GC(39) ParOldGen: 2408429K(2408448K)->2499173K(2499584K)
[233.618s][info][gc,metaspace   ] GC(39) Metaspace: 28692K(28992K)->28692K(28992K) NonClass: 25594K(25728K)->25594K(25728K) Class: 3097K(3264K)->3097K(3264K)
[233.618s][info][gc             ] GC(39) Pause Young (Allocation Failure) 4422M->2568M(4763M) 89.046ms
[233.618s][info][gc,cpu         ] GC(39) User=0.49s Sys=0.03s Real=0.09s
..[235.276s][info][gc,start       ] GC(40) Pause Young (Allocation Failure)
[235.373s][info][gc,heap        ] GC(40) PSYoungGen: 2221876K(2378240K)->149429K(2412032K) Eden: 2091008K(2091008K)->0K(2091008K) From: 130868K(287232K)->149429K(321024K)
[235.373s][info][gc,heap        ] GC(40) ParOldGen: 2499173K(2499584K)->2593517K(2593792K)
[235.373s][info][gc,metaspace   ] GC(40) Metaspace: 28700K(28992K)->28700K(28992K) NonClass: 25602K(25728K)->25602K(25728K) Class: 3097K(3264K)->3097K(3264K)
[235.373s][info][gc             ] GC(40) Pause Young (Allocation Failure) 4610M->2678M(4888M) 96.320ms
[235.373s][info][gc,cpu         ] GC(40) User=0.52s Sys=0.04s Real=0.10s
. (rIR:aIR:PR = 8050:8108:8119) (tPR = 128152) [OK] 
   235s:       trying IR =   9640 [236.867s][info][gc,start       ] GC(41) Pause Young (Allocation Failure)
[236.960s][info][gc,heap        ] GC(41) PSYoungGen: 2240437K(2412032K)->141266K(2433024K) Eden: 2091008K(2091008K)->0K(2166272K) From: 149429K(321024K)->141266K(266752K)
[236.960s][info][gc,heap        ] GC(41) ParOldGen: 2593517K(2593792K)->2690277K(2690560K)
[236.960s][info][gc,metaspace   ] GC(41) Metaspace: 28700K(28992K)->28700K(28992K) NonClass: 25602K(25728K)->25602K(25728K) Class: 3097K(3264K)->3097K(3264K)
[236.960s][info][gc             ] GC(41) Pause Young (Allocation Failure) 4720M->2765M(5003M) 92.560ms
[236.960s][info][gc,cpu         ] GC(41) User=0.50s Sys=0.04s Real=0.10s
..[238.331s][info][gc,start       ] GC(42) Pause Young (Allocation Failure)
[238.432s][info][gc,heap        ] GC(42) PSYoungGen: 2307538K(2433024K)->161328K(2460160K) Eden: 2166272K(2166272K)->0K(2166272K) From: 141266K(266752K)->161328K(293888K)
[238.432s][info][gc,heap        ] GC(42) ParOldGen: 2690277K(2690560K)->2787069K(2787328K)
[238.432s][info][gc,metaspace   ] GC(42) Metaspace: 28701K(28992K)->28701K(28992K) NonClass: 25603K(25728K)->25603K(25728K) Class: 3097K(3264K)->3097K(3264K)
[238.432s][info][gc             ] GC(42) Pause Young (Allocation Failure) 4880M->2879M(5124M) 100.656ms
[238.432s][info][gc,cpu         ] GC(42) User=0.55s Sys=0.03s Real=0.10s
.[239.837s][info][gc,start       ] GC(43) Pause Young (Allocation Failure)
[239.933s][info][gc,heap        ] GC(43) PSYoungGen: 2327600K(2460160K)->148468K(2473984K) Eden: 2166272K(2166272K)->0K(2213888K) From: 161328K(293888K)->148468K(260096K)
[239.933s][info][gc,heap        ] GC(43) ParOldGen: 2787069K(2787328K)->2883193K(2883584K)
[239.933s][info][gc,metaspace   ] GC(43) Metaspace: 28712K(28992K)->28712K(28992K) NonClass: 25614K(25728K)->25614K(25728K) Class: 3097K(3264K)->3097K(3264K)
[239.933s][info][gc             ] GC(43) Pause Young (Allocation Failure) 4994M->2960M(5232M) 95.339ms
[239.933s][info][gc,cpu         ] GC(43) User=0.53s Sys=0.03s Real=0.10s
..[241.479s][info][gc,start       ] GC(44) Pause Young (Allocation Failure)
[241.589s][info][gc,heap        ] GC(44) PSYoungGen: 2362356K(2473984K)->174408K(2490880K) Eden: 2213888K(2213888K)->0K(2213888K) From: 148468K(260096K)->174408K(276992K)
[241.589s][info][gc,heap        ] GC(44) ParOldGen: 2883193K(2883584K)->2977773K(2977792K)
[241.589s][info][gc,metaspace   ] GC(44) Metaspace: 28725K(29056K)->28725K(29056K) NonClass: 25627K(25792K)->25627K(25792K) Class: 3098K(3264K)->3098K(3264K)
[241.589s][info][gc             ] GC(44) Pause Young (Allocation Failure) 5122M->3078M(5340M) 110.111ms
[241.589s][info][gc,cpu         ] GC(44) User=0.62s Sys=0.03s Real=0.11s
. (rIR:aIR:PR = 9640:9907:9977) (tPR = 157904) [OK] 
   241s:       trying IR =  11548 [242.896s][info][gc,start       ] GC(45) Pause Young (Allocation Failure)
[242.993s][info][gc,heap        ] GC(45) PSYoungGen: 2388296K(2490880K)->144160K(2493952K) Eden: 2213888K(2213888K)->0K(2242560K) From: 174408K(276992K)->144160K(251392K)
[242.993s][info][gc,heap        ] GC(45) ParOldGen: 2977773K(2977792K)->3081557K(3081728K)
[242.993s][info][gc,metaspace   ] GC(45) Metaspace: 28729K(29056K)->28729K(29056K) NonClass: 25631K(25792K)->25631K(25792K) Class: 3098K(3264K)->3098K(3264K)
[242.993s][info][gc             ] GC(45) Pause Young (Allocation Failure) 5240M->3150M(5445M) 97.131ms
[242.993s][info][gc,cpu         ] GC(45) User=0.53s Sys=0.03s Real=0.10s
..[244.281s][info][gc,start       ] GC(46) Pause Young (Allocation Failure)
[244.381s][info][gc,heap        ] GC(46) PSYoungGen: 2386720K(2493952K)->156032K(2506752K) Eden: 2242560K(2242560K)->0K(2242560K) From: 144160K(251392K)->156032K(264192K)
[244.381s][info][gc,heap        ] GC(46) ParOldGen: 3081557K(3081728K)->3179849K(3180032K)
[244.381s][info][gc,metaspace   ] GC(46) Metaspace: 28729K(29056K)->28729K(29056K) NonClass: 25631K(25792K)->25631K(25792K) Class: 3098K(3264K)->3098K(3264K)
[244.381s][info][gc             ] GC(46) Pause Young (Allocation Failure) 5340M->3257M(5553M) 99.804ms
[244.381s][info][gc,cpu         ] GC(46) User=0.54s Sys=0.03s Real=0.10s
.[245.647s][info][gc,start       ] GC(47) Pause Young (Allocation Failure)
[245.748s][info][gc,heap        ] GC(47) PSYoungGen: 2398592K(2506752K)->152384K(2509824K) Eden: 2242560K(2242560K)->0K(2274816K) From: 156032K(264192K)->152384K(235008K)
[245.749s][info][gc,heap        ] GC(47) ParOldGen: 3179849K(3180032K)->3277633K(3277824K)
[245.749s][info][gc,metaspace   ] GC(47) Metaspace: 28740K(29056K)->28740K(29056K) NonClass: 25641K(25792K)->25641K(25792K) Class: 3098K(3264K)->3098K(3264K)
[245.749s][info][gc             ] GC(47) Pause Young (Allocation Failure) 5447M->3349M(5652M) 101.966ms
[245.749s][info][gc,cpu         ] GC(47) User=0.55s Sys=0.05s Real=0.10s
.[247.057s][info][gc,start       ] GC(48) Pause Young (Allocation Failure)
[247.161s][info][gc,heap        ] GC(48) PSYoungGen: 2427200K(2509824K)->161992K(2523648K) Eden: 2274816K(2274816K)->0K(2274816K) From: 152384K(235008K)->161992K(248832K)
[247.161s][info][gc,heap        ] GC(48) ParOldGen: 3277633K(3277824K)->3378745K(3379200K)
[247.161s][info][gc,metaspace   ] GC(48) Metaspace: 28740K(29056K)->28740K(29056K) NonClass: 25641K(25792K)->25641K(25792K) Class: 3098K(3264K)->3098K(3264K)
[247.161s][info][gc             ] GC(48) Pause Young (Allocation Failure) 5571M->3457M(5764M) 103.761ms
[247.161s][info][gc,cpu         ] GC(48) User=0.58s Sys=0.03s Real=0.11s
. (rIR:aIR:PR = 11548:11551:11399) (tPR = 168721) [OK] 
   247s:       trying IR =  13837 [248.415s][info][gc,start       ] GC(49) Pause Young (Allocation Failure)
[248.537s][info][gc,heap        ] GC(49) PSYoungGen: 2436808K(2523648K)->179785K(2545664K) Eden: 2274816K(2274816K)->0K(2300416K) From: 161992K(248832K)->179785K(245248K)
[248.537s][info][gc,heap        ] GC(49) ParOldGen: 3378745K(3379200K)->3478737K(3479040K)
[248.537s][info][gc,metaspace   ] GC(49) Metaspace: 28742K(29056K)->28742K(29056K) NonClass: 25643K(25792K)->25643K(25792K) Class: 3098K(3264K)->3098K(3264K)
[248.538s][info][gc             ] GC(49) Pause Young (Allocation Failure) 5679M->3572M(5883M) 122.609ms
[248.538s][info][gc,cpu         ] GC(49) User=0.61s Sys=0.11s Real=0.12s
.[249.840s][info][gc,start       ] GC(50) Pause Young (Allocation Failure)
[249.990s][info][gc,heap        ] GC(50) PSYoungGen: 2480201K(2545664K)->155488K(2456064K) Eden: 2300416K(2300416K)->0K(2300416K) From: 179785K(245248K)->155488K(155648K)
[249.990s][info][gc,heap        ] GC(50) ParOldGen: 3478737K(3479040K)->3583153K(3583488K)
[249.990s][info][gc,metaspace   ] GC(50) Metaspace: 28742K(29056K)->28742K(29056K) NonClass: 25644K(25792K)->25644K(25792K) Class: 3098K(3264K)->3098K(3264K)
[249.990s][info][gc             ] GC(50) Pause Young (Allocation Failure) 5819M->3651M(5898M) 150.293ms
[249.991s][info][gc,cpu         ] GC(50) User=0.57s Sys=0.03s Real=0.15s
.[251.219s][info][gc,start       ] GC(51) Pause Young (Allocation Failure)
[251.324s][info][gc,heap        ] GC(51) PSYoungGen: 2455904K(2456064K)->165696K(2546176K) Eden: 2300416K(2300416K)->0K(2306048K) From: 155488K(155648K)->165696K(240128K)
[251.324s][info][gc,heap        ] GC(51) ParOldGen: 3583153K(3583488K)->3681329K(3681792K)
[251.324s][info][gc,metaspace   ] GC(51) Metaspace: 28743K(29056K)->28743K(29056K) NonClass: 25644K(25792K)->25644K(25792K) Class: 3098K(3264K)->3098K(3264K)
[251.324s][info][gc             ] GC(51) Pause Young (Allocation Failure) 5897M->3756M(6082M) 105.286ms
[251.324s][info][gc,cpu         ] GC(51) User=0.59s Sys=0.02s Real=0.11s
..[252.589s][info][gc,start       ] GC(52) Pause Young (Allocation Failure)
[252.700s][info][gc,heap        ] GC(52) PSYoungGen: 2471744K(2546176K)->172688K(2543104K) Eden: 2306048K(2306048K)->0K(2306048K) From: 165696K(240128K)->172688K(237056K)
[252.700s][info][gc,heap        ] GC(52) ParOldGen: 3681329K(3681792K)->3792177K(3792384K)
[252.700s][info][gc,metaspace   ] GC(52) Metaspace: 28743K(29056K)->28743K(29056K) NonClass: 25644K(25792K)->25644K(25792K) Class: 3098K(3264K)->3098K(3264K)
[252.700s][info][gc             ] GC(52) Pause Young (Allocation Failure) 6008M->3871M(6187M) 110.970ms
[252.700s][info][gc,cpu         ] GC(52) User=0.61s Sys=0.03s Real=0.12s
.[253.958s][info][gc,start       ] GC(53) Pause Young (Allocation Failure)
[254.071s][info][gc,heap        ] GC(53) PSYoungGen: 2478736K(2543104K)->184358K(2551808K) Eden: 2306048K(2306048K)->0K(2315776K) From: 172688K(237056K)->184358K(236032K)
[254.071s][info][gc,heap        ] GC(53) ParOldGen: 3792177K(3792384K)->3892401K(3892736K)
[254.071s][info][gc,metaspace   ] GC(53) Metaspace: 28744K(29056K)->28744K(29056K) NonClass: 25645K(25792K)->25645K(25792K) Class: 3098K(3264K)->3098K(3264K)
[254.071s][info][gc             ] GC(53) Pause Young (Allocation Failure) 6123M->3981M(6293M) 113.861ms
[254.071s][info][gc,cpu         ] GC(53) User=0.62s Sys=0.04s Real=0.12s
.[255.347s][info][gc,start       ] GC(54) Pause Young (Allocation Failure)
[255.449s][info][gc,heap        ] GC(54) PSYoungGen: 2500134K(2551808K)->153908K(2469888K) Eden: 2315776K(2315776K)->0K(2315776K) From: 184358K(236032K)->153908K(154112K)
[255.449s][info][gc,heap        ] GC(54) ParOldGen: 3892401K(3892736K)->4002225K(4002304K)
[255.449s][info][gc,metaspace   ] GC(54) Metaspace: 28744K(29056K)->28744K(29056K) NonClass: 25646K(25792K)->25646K(25792K) Class: 3098K(3264K)->3098K(3264K)
[255.449s][info][gc             ] GC(54) Pause Young (Allocation Failure) 6242M->4058M(6320M) 102.263ms
[255.449s][info][gc,cpu         ] GC(54) User=0.56s Sys=0.03s Real=0.10s
.[256.781s][info][gc,start       ] GC(55) Pause Young (Allocation Failure)
[256.928s][info][gc,heap        ] GC(55) PSYoungGen: 2469684K(2469888K)->152340K(2558976K) Eden: 2315776K(2315776K)->0K(2327552K) From: 153908K(154112K)->152340K(231424K)
[256.928s][info][gc,heap        ] GC(55) ParOldGen: 4002225K(4002304K)->4104625K(4104704K)
[256.928s][info][gc,metaspace   ] GC(55) Metaspace: 28745K(29056K)->28745K(29056K) NonClass: 25646K(25792K)->25646K(25792K) Class: 3098K(3264K)->3098K(3264K)
[256.928s][info][gc             ] GC(55) Pause Young (Allocation Failure) 6320M->4157M(6507M) 146.140ms
[256.928s][info][gc,cpu         ] GC(55) User=0.55s Sys=0.04s Real=0.14s
.[258.315s][info][gc,start       ] GC(56) Pause Young (Allocation Failure)
[258.427s][info][gc,heap        ] GC(56) PSYoungGen: 2479892K(2558976K)->179024K(2552320K) Eden: 2327552K(2327552K)->0K(2327552K) From: 152340K(231424K)->179024K(224768K)
[258.427s][info][gc,heap        ] GC(56) ParOldGen: 4104625K(4104704K)->4206257K(4206592K)
[258.427s][info][gc,metaspace   ] GC(56) Metaspace: 28745K(29056K)->28745K(29056K) NonClass: 25646K(25792K)->25646K(25792K) Class: 3098K(3264K)->3098K(3264K)
[258.428s][info][gc             ] GC(56) Pause Young (Allocation Failure) 6430M->4282M(6600M) 112.423ms
[258.428s][info][gc,cpu         ] GC(56) User=0.62s Sys=0.04s Real=0.11s
.[259.531s][info][gc,start       ] GC(57) Pause Young (Allocation Failure)
[259.642s][info][gc,heap        ] GC(57) PSYoungGen: 2506576K(2552320K)->184384K(2563072K) Eden: 2327552K(2327552K)->0K(2336768K) From: 179024K(224768K)->184384K(226304K)
[259.642s][info][gc,heap        ] GC(57) ParOldGen: 4206257K(4206592K)->4303801K(4303872K)
[259.642s][info][gc,metaspace   ] GC(57) Metaspace: 28745K(29056K)->28745K(29056K) NonClass: 25647K(25792K)->25647K(25792K) Class: 3098K(3264K)->3098K(3264K)
[259.642s][info][gc             ] GC(57) Pause Young (Allocation Failure) 6555M->4382M(6706M) 110.428ms
[259.642s][info][gc,cpu         ] GC(57) User=0.61s Sys=0.04s Real=0.11s
.[260.915s][info][gc,start       ] GC(58) Pause Young (Allocation Failure)
[261.032s][info][gc,heap        ] GC(58) PSYoungGen: 2521152K(2563072K)->177166K(2566144K) Eden: 2336768K(2336768K)->0K(2336768K) From: 184384K(226304K)->177166K(229376K)
[261.032s][info][gc,heap        ] GC(58) ParOldGen: 4303801K(4303872K)->4423025K(4423168K)
[261.032s][info][gc,metaspace   ] GC(58) Metaspace: 28754K(29056K)->28754K(29056K) NonClass: 25656K(25792K)->25656K(25792K) Class: 3098K(3264K)->3098K(3264K)
[261.032s][info][gc             ] GC(58) Pause Young (Allocation Failure) 6664M->4492M(6825M) 116.828ms
[261.032s][info][gc,cpu         ] GC(58) User=0.63s Sys=0.04s Real=0.12s
.[262.381s][info][gc,start       ] GC(59) Pause Young (Allocation Failure)
[262.487s][info][gc,heap        ] GC(59) PSYoungGen: 2513934K(2566144K)->156912K(2554368K) Eden: 2336768K(2336768K)->0K(2338304K) From: 177166K(229376K)->156912K(216064K)
[262.487s][info][gc,heap        ] GC(59) ParOldGen: 4423025K(4423168K)->4535441K(4535808K)
[262.487s][info][gc,metaspace   ] GC(59) Metaspace: 28754K(29056K)->28754K(29056K) NonClass: 25656K(25792K)->25656K(25792K) Class: 3098K(3264K)->3098K(3264K)
[262.487s][info][gc             ] GC(59) Pause Young (Allocation Failure) 6774M->4582M(6924M) 105.478ms
[262.487s][info][gc,cpu         ] GC(59) User=0.58s Sys=0.04s Real=0.10s
.[263.803s][info][gc,start       ] GC(60) Pause Young (Allocation Failure)
[263.953s][info][gc,heap        ] GC(60) PSYoungGen: 2495216K(2554368K)->156672K(2561024K) Eden: 2338304K(2338304K)->0K(2338304K) From: 156912K(216064K)->156672K(222720K)
[263.953s][info][gc,heap        ] GC(60) ParOldGen: 4535441K(4535808K)->4640465K(4640768K)
[263.953s][info][gc,metaspace   ] GC(60) Metaspace: 28756K(29056K)->28756K(29056K) NonClass: 25658K(25792K)->25658K(25792K) Class: 3098K(3264K)->3098K(3264K)
[263.953s][info][gc             ] GC(60) Pause Young (Allocation Failure) 6865M->4684M(7033M) 149.736ms
[263.953s][info][gc,cpu         ] GC(60) User=0.57s Sys=0.03s Real=0.15s
.[265.251s][info][gc,start       ] GC(61) Pause Young (Allocation Failure)
[265.354s][info][gc,heap        ] GC(61) PSYoungGen: 2494976K(2561024K)->156432K(2562560K) Eden: 2338304K(2338304K)->0K(2355712K) From: 156672K(222720K)->156432K(206848K)
[265.354s][info][gc,heap        ] GC(61) ParOldGen: 4640465K(4640768K)->4740517K(4740608K)
[265.354s][info][gc,metaspace   ] GC(61) Metaspace: 28757K(29056K)->28757K(29056K) NonClass: 25659K(25792K)->25659K(25792K) Class: 3098K(3264K)->3098K(3264K)
[265.354s][info][gc             ] GC(61) Pause Young (Allocation Failure) 6968M->4782M(7132M) 102.883ms
[265.354s][info][gc,cpu         ] GC(61) User=0.57s Sys=0.04s Real=0.10s
.[266.454s][info][gc,start       ] GC(62) Pause Young (Allocation Failure)
[266.569s][info][gc,heap        ] GC(62) PSYoungGen: 2512144K(2562560K)->193088K(2568704K) Eden: 2355712K(2355712K)->0K(2355712K) From: 156432K(206848K)->193088K(212992K)
[266.569s][info][gc,heap        ] GC(62) ParOldGen: 4740517K(4740608K)->4841317K(4841472K)
[266.569s][info][gc,metaspace   ] GC(62) Metaspace: 28757K(29056K)->28757K(29056K) NonClass: 25659K(25792K)->25659K(25792K) Class: 3098K(3264K)->3098K(3264K)
[266.569s][info][gc             ] GC(62) Pause Young (Allocation Failure) 7082M->4916M(7236M) 114.500ms
[266.569s][info][gc,cpu         ] GC(62) User=0.63s Sys=0.03s Real=0.11s
.[267.973s][info][gc,start       ] GC(63) Pause Young (Allocation Failure)
[268.089s][info][gc,heap        ] GC(63) PSYoungGen: 2548800K(2568704K)->168848K(2579456K) Eden: 2355712K(2355712K)->0K(2360320K) From: 193088K(212992K)->168848K(219136K)
[268.089s][info][gc,heap        ] GC(63) ParOldGen: 4841317K(4841472K)->4964053K(4964352K)
[268.089s][info][gc,metaspace   ] GC(63) Metaspace: 28757K(29056K)->28757K(29056K) NonClass: 25659K(25792K)->25659K(25792K) Class: 3098K(3264K)->3098K(3264K)
[268.089s][info][gc             ] GC(63) Pause Young (Allocation Failure) 7216M->5012M(7367M) 116.665ms
[268.089s][info][gc,cpu         ] GC(63) User=0.63s Sys=0.05s Real=0.11s
..[269.425s][info][gc,start       ] GC(64) Pause Young (Allocation Failure)
[269.538s][info][gc,heap        ] GC(64) PSYoungGen: 2529168K(2579456K)->173940K(2534400K) Eden: 2360320K(2360320K)->0K(2360320K) From: 168848K(219136K)->173940K(174080K)
[269.538s][info][gc,heap        ] GC(64) ParOldGen: 4964053K(4964352K)->5073429K(5073920K)
[269.538s][info][gc,metaspace   ] GC(64) Metaspace: 28757K(29056K)->28757K(29056K) NonClass: 25659K(25792K)->25659K(25792K) Class: 3098K(3264K)->3098K(3264K)
[269.538s][info][gc             ] GC(64) Pause Young (Allocation Failure) 7317M->5124M(7430M) 112.838ms
[269.538s][info][gc,cpu         ] GC(64) User=0.62s Sys=0.04s Real=0.11s
.[270.972s][info][gc,start       ] GC(65) Pause Young (Allocation Failure)
[271.071s][info][gc,heap        ] GC(65) PSYoungGen: 2534260K(2534400K)->149269K(2576896K) Eden: 2360320K(2360320K)->0K(2362880K) From: 173940K(174080K)->149269K(214016K)
[271.071s][info][gc,heap        ] GC(65) ParOldGen: 5073429K(5073920K)->5174069K(5174272K)
[271.071s][info][gc,metaspace   ] GC(65) Metaspace: 28760K(29056K)->28760K(29056K) NonClass: 25662K(25792K)->25662K(25792K) Class: 3098K(3264K)->3098K(3264K)
[271.071s][info][gc             ] GC(65) Pause Young (Allocation Failure) 7429M->5198M(7569M) 99.683ms
[271.071s][info][gc,cpu         ] GC(65) User=0.55s Sys=0.03s Real=0.10s
.[272.478s][info][gc,start       ] GC(66) Pause Young (Allocation Failure)
[272.582s][info][gc,heap        ] GC(66) PSYoungGen: 2512149K(2576896K)->163104K(2574848K) Eden: 2362880K(2362880K)->0K(2362880K) From: 149269K(214016K)->163104K(211968K)
[272.582s][info][gc,heap        ] GC(66) ParOldGen: 5174069K(5174272K)->5271885K(5272064K)
[272.582s][info][gc,metaspace   ] GC(66) Metaspace: 28765K(29056K)->28765K(29056K) NonClass: 25666K(25792K)->25666K(25792K) Class: 3098K(3264K)->3098K(3264K)
[272.582s][info][gc             ] GC(66) Pause Young (Allocation Failure) 7506M->5307M(7663M) 104.788ms
[272.583s][info][gc,cpu         ] GC(66) User=0.58s Sys=0.03s Real=0.11s
.[273.923s][info][gc,start       ] GC(67) Pause Young (Allocation Failure)
[274.031s][info][gc,heap        ] GC(67) PSYoungGen: 2525984K(2574848K)->159252K(2580480K) Eden: 2362880K(2362880K)->0K(2373632K) From: 163104K(211968K)->159252K(206848K)
[274.032s][info][gc,heap        ] GC(67) ParOldGen: 5271885K(5272064K)->5376069K(5376512K)
[274.032s][info][gc,metaspace   ] GC(67) Metaspace: 28766K(29056K)->28766K(29056K) NonClass: 25668K(25792K)->25668K(25792K) Class: 3098K(3264K)->3098K(3264K)
[274.032s][info][gc             ] GC(67) Pause Young (Allocation Failure) 7615M->5405M(7770M) 108.405ms
[274.032s][info][gc,cpu         ] GC(67) User=0.60s Sys=0.04s Real=0.11s
.[275.381s][info][gc,start       ] GC(68) Pause Young (Allocation Failure)
[275.489s][info][gc,heap        ] GC(68) PSYoungGen: 2532884K(2580480K)->168320K(2577408K) Eden: 2373632K(2373632K)->0K(2373632K) From: 159252K(206848K)->168320K(203776K)
[275.489s][info][gc,heap        ] GC(68) ParOldGen: 5376069K(5376512K)->5485877K(5486080K)
[275.489s][info][gc,metaspace   ] GC(68) Metaspace: 28766K(29056K)->28766K(29056K) NonClass: 25668K(25792K)->25668K(25792K) Class: 3098K(3264K)->3098K(3264K)
[275.489s][info][gc             ] GC(68) Pause Young (Allocation Failure) 7723M->5521M(7874M) 108.888ms
[275.490s][info][gc,cpu         ] GC(68) User=0.61s Sys=0.02s Real=0.10s
.[276.699s][info][gc,start       ] GC(69) Pause Full (Allocation Failure)
[276.699s][info][gc,phases,start] GC(69) Marking Phase
[277.120s][info][gc,phases      ] GC(69) Marking Phase 421.155ms
[277.120s][info][gc,phases,start] GC(69) Summary Phase
[277.120s][info][gc,phases      ] GC(69) Summary Phase 0.106ms
[277.120s][info][gc,phases,start] GC(69) Forward
[277.281s][info][gc,phases      ] GC(69) Forward 160.766ms
[277.281s][info][gc,phases,start] GC(69) Adjust Pointers
[277.529s][info][gc,phases      ] GC(69) Adjust Pointers 247.821ms
[277.529s][info][gc,phases,start] GC(69) Compaction Phase
[277.718s][info][gc,phases      ] GC(69) Compaction Phase 189.391ms
[277.720s][info][gc,phases,start] GC(69) Post Compact
[277.735s][info][gc,phases      ] GC(69) Post Compact 14.483ms
[277.847s][info][gc,heap        ] GC(69) PSYoungGen: 2541952K(2577408K)->0K(2587136K) Eden: 2373632K(2373632K)->0K(2385408K) From: 168320K(203776K)->0K(201728K)
[277.847s][info][gc,heap        ] GC(69) ParOldGen: 5485877K(5486080K)->1558373K(1753088K)
[277.847s][info][gc,metaspace   ] GC(69) Metaspace: 28768K(29056K)->28768K(29056K) NonClass: 25670K(25792K)->25670K(25792K) Class: 3098K(3264K)->3098K(3264K)
[277.847s][info][gc             ] GC(69) Pause Full (Allocation Failure) 7839M->1521M(4238M) 1148.695ms
[277.847s][info][gc,cpu         ] GC(69) User=5.36s Sys=0.16s Real=1.15s
?. (rIR:aIR:PR = 13837:11909:11341) (tPR = 168425) [IR is under limit] [PR is under limit] 
   277s: Re-initializing (term) [279.212s][info][gc,start       ] GC(70) Pause Full (System.gc())
[279.212s][info][gc,phases,start] GC(70) Marking Phase
[279.235s][info][gc,phases      ] GC(70) Marking Phase 22.801ms
[279.235s][info][gc,phases,start] GC(70) Summary Phase
[279.235s][info][gc,phases      ] GC(70) Summary Phase 0.040ms
[279.235s][info][gc,phases,start] GC(70) Forward
[279.238s][info][gc,phases      ] GC(70) Forward 3.577ms
[279.238s][info][gc,phases,start] GC(70) Adjust Pointers
[279.254s][info][gc,phases      ] GC(70) Adjust Pointers 15.498ms
[279.254s][info][gc,phases,start] GC(70) Compaction Phase
[279.272s][info][gc,phases      ] GC(70) Compaction Phase 18.126ms
[279.272s][info][gc,phases,start] GC(70) Post Compact
[279.275s][info][gc,phases      ] GC(70) Post Compact 3.291ms
[279.275s][info][gc,heap        ] GC(70) PSYoungGen: 2366096K(2587136K)->0K(2587136K) Eden: 2366096K(2385408K)->0K(2385408K) From: 0K(201728K)->0K(201728K)
[279.275s][info][gc,heap        ] GC(70) ParOldGen: 1558373K(1753088K)->203848K(1753088K)
[279.275s][info][gc,metaspace   ] GC(70) Metaspace: 28780K(29120K)->28780K(29120K) NonClass: 25682K(25856K)->25682K(25856K) Class: 3098K(3264K)->3098K(3264K)
[279.275s][info][gc             ] GC(70) Pause Full (System.gc()) 3832M->199M(4238M) 63.572ms
[279.276s][info][gc,cpu         ] GC(70) User=0.30s Sys=0.00s Real=0.06s
(init[280.523s][info][gc,start       ] GC(71) Pause Young (Allocation Failure)
[280.845s][info][gc,heap        ] GC(71) PSYoungGen: 2385408K(2587136K)->201709K(2587136K) Eden: 2385408K(2385408K)->0K(2385408K) From: 0K(201728K)->201709K(201728K)
[280.845s][info][gc,heap        ] GC(71) ParOldGen: 203848K(1753088K)->954789K(1753088K)
[280.845s][info][gc,metaspace   ] GC(71) Metaspace: 28791K(29120K)->28791K(29120K) NonClass: 25692K(25856K)->25692K(25856K) Class: 3098K(3264K)->3098K(3264K)
[280.845s][info][gc             ] GC(71) Pause Young (Allocation Failure) 2528M->1129M(4238M) 321.822ms
[280.845s][info][gc,cpu         ] GC(71) User=1.92s Sys=0.00s Real=0.32s
) ... OK
   283s: Searching from base IR = 11548
   283s:       rampup IR =      0 ... (rIR:aIR:PR = 0:0:0) (tPR = 0) [OK] 
   286s:       rampup IR =   1155 .... (rIR:aIR:PR = 1155:1161:1136) (tPR = 22472) [OK] 
   290s:       rampup IR =   2310 ...[294.679s][info][gc,start       ] GC(72) Pause Young (Allocation Failure)
[294.805s][info][gc,heap        ] GC(72) PSYoungGen: 2587117K(2587136K)->155024K(2044416K) Eden: 2385408K(2385408K)->0K(1835520K) From: 201709K(201728K)->155024K(208896K)
[294.805s][info][gc,heap        ] GC(72) ParOldGen: 954789K(1753088K)->1123824K(1753088K)
[294.805s][info][gc,metaspace   ] GC(72) Metaspace: 28800K(29120K)->28800K(29120K) NonClass: 25701K(25856K)->25701K(25856K) Class: 3098K(3264K)->3098K(3264K)
[294.805s][info][gc             ] GC(72) Pause Young (Allocation Failure) 3458M->1248M(3708M) 125.725ms
[294.805s][info][gc,cpu         ] GC(72) User=0.75s Sys=0.00s Real=0.13s
. (rIR:aIR:PR = 2310:2266:2213) (tPR = 43137) [OK] 
   294s:       rampup IR =   3464 ..[297.477s][info][gc,start       ] GC(73) Pause Young (Allocation Failure)
[297.566s][info][gc,heap        ] GC(73) PSYoungGen: 1990544K(2044416K)->101813K(2315776K) Eden: 1835520K(1835520K)->0K(1835520K) From: 155024K(208896K)->101813K(480256K)
[297.566s][info][gc,heap        ] GC(73) ParOldGen: 1123824K(1753088K)->1254625K(1753088K)
[297.566s][info][gc,metaspace   ] GC(73) Metaspace: 28800K(29120K)->28800K(29120K) NonClass: 25701K(25856K)->25701K(25856K) Class: 3098K(3264K)->3098K(3264K)
[297.566s][info][gc             ] GC(73) Pause Young (Allocation Failure) 3041M->1324M(3973M) 89.961ms
[297.567s][info][gc,cpu         ] GC(73) User=0.52s Sys=0.00s Real=0.09s
... (rIR:aIR:PR = 3464:3456:3382) (tPR = 60816) [OK] 
   299s:       rampup IR =   4619 [300.060s][info][gc,start       ] GC(74) Pause Young (Allocation Failure)
[300.131s][info][gc,heap        ] GC(74) PSYoungGen: 1937333K(2315776K)->100151K(2302464K) Eden: 1835520K(1835520K)->0K(1837568K) From: 101813K(480256K)->100151K(464896K)
[300.131s][info][gc,heap        ] GC(74) ParOldGen: 1254625K(1753088K)->1339570K(1753088K)
[300.131s][info][gc,metaspace   ] GC(74) Metaspace: 28804K(29120K)->28804K(29120K) NonClass: 25705K(25856K)->25705K(25856K) Class: 3098K(3264K)->3098K(3264K)
[300.131s][info][gc             ] GC(74) Pause Young (Allocation Failure) 3117M->1405M(3960M) 70.770ms
[300.131s][info][gc,cpu         ] GC(74) User=0.42s Sys=0.00s Real=0.07s
..[302.127s][info][gc,start       ] GC(75) Pause Young (Allocation Failure)
[302.197s][info][gc,heap        ] GC(75) PSYoungGen: 1937719K(2302464K)->105819K(2310144K) Eden: 1837568K(1837568K)->0K(1837568K) From: 100151K(464896K)->105819K(472576K)
[302.197s][info][gc,heap        ] GC(75) ParOldGen: 1339570K(1753088K)->1424674K(1753088K)
[302.197s][info][gc,metaspace   ] GC(75) Metaspace: 28805K(29120K)->28805K(29120K) NonClass: 25706K(25856K)->25706K(25856K) Class: 3098K(3264K)->3098K(3264K)
[302.197s][info][gc             ] GC(75) Pause Young (Allocation Failure) 3200M->1494M(3968M) 70.041ms
[302.197s][info][gc,cpu         ] GC(75) User=0.41s Sys=0.00s Real=0.07s
.. (rIR:aIR:PR = 4619:4664:4649) (tPR = 79621) [OK] 
   303s:       rampup IR =   5774 [304.079s][info][gc,start       ] GC(76) Pause Young (Allocation Failure)
[304.153s][info][gc,heap        ] GC(76) PSYoungGen: 1943387K(2310144K)->107741K(2301952K) Eden: 1837568K(1837568K)->0K(1859584K) From: 105819K(472576K)->107741K(442368K)
[304.153s][info][gc,heap        ] GC(76) ParOldGen: 1424674K(1753088K)->1514154K(1753088K)
[304.153s][info][gc,metaspace   ] GC(76) Metaspace: 28805K(29120K)->28805K(29120K) NonClass: 25706K(25856K)->25706K(25856K) Class: 3098K(3264K)->3098K(3264K)
[304.153s][info][gc             ] GC(76) Pause Young (Allocation Failure) 3289M->1583M(3960M) 74.028ms
[304.153s][info][gc,cpu         ] GC(76) User=0.43s Sys=0.00s Real=0.08s
.[305.800s][info][gc,start       ] GC(77) Pause Young (Allocation Failure)
[305.878s][info][gc,heap        ] GC(77) PSYoungGen: 1967325K(2301952K)->113456K(2312192K) Eden: 1859584K(1859584K)->0K(1859584K) From: 107741K(442368K)->113456K(452608K)
[305.878s][info][gc,heap        ] GC(77) ParOldGen: 1514154K(1753088K)->1596068K(1753088K)
[305.878s][info][gc,metaspace   ] GC(77) Metaspace: 28814K(29120K)->28814K(29120K) NonClass: 25715K(25856K)->25715K(25856K) Class: 3098K(3264K)->3098K(3264K)
[305.878s][info][gc             ] GC(77) Pause Young (Allocation Failure) 3399M->1669M(3970M) 77.697ms
[305.878s][info][gc,cpu         ] GC(77) User=0.46s Sys=0.00s Real=0.07s
..[307.672s][info][gc,start       ] GC(78) Pause Young (Allocation Failure)
[307.752s][info][gc,heap        ] GC(78) PSYoungGen: 1973040K(2312192K)->114032K(2317824K) Eden: 1859584K(1859584K)->0K(1904128K) From: 113456K(452608K)->114032K(413696K)
[307.752s][info][gc,heap        ] GC(78) ParOldGen: 1596068K(1753088K)->1685388K(1753088K)
[307.752s][info][gc,metaspace   ] GC(78) Metaspace: 28814K(29120K)->28814K(29120K) NonClass: 25715K(25856K)->25715K(25856K) Class: 3098K(3264K)->3098K(3264K)
[307.752s][info][gc             ] GC(78) Pause Young (Allocation Failure) 3485M->1757M(3975M) 79.594ms
[307.752s][info][gc,cpu         ] GC(78) User=0.46s Sys=0.01s Real=0.08s
. (rIR:aIR:PR = 5774:5780:5782) (tPR = 90696) [OK] 
   307s:       rampup IR =   6929 .[309.431s][info][gc,start       ] GC(79) Pause Young (Allocation Failure)
[309.512s][info][gc,heap        ] GC(79) PSYoungGen: 2018160K(2317824K)->126018K(2329088K) Eden: 1904128K(1904128K)->0K(1904128K) From: 114032K(413696K)->126018K(424960K)
[309.512s][info][gc,heap        ] GC(79) ParOldGen: 1685388K(1753088K)->1773013K(1773056K)
[309.512s][info][gc,metaspace   ] GC(79) Metaspace: 28814K(29120K)->28814K(29120K) NonClass: 25715K(25856K)->25715K(25856K) Class: 3098K(3264K)->3098K(3264K)
[309.512s][info][gc             ] GC(79) Pause Young (Allocation Failure) 3616M->1854M(4006M) 80.197ms
[309.512s][info][gc,cpu         ] GC(79) User=0.46s Sys=0.01s Real=0.08s
..[311.145s][info][gc,start       ] GC(80) Pause Young (Allocation Failure)
[311.231s][info][gc,heap        ] GC(80) PSYoungGen: 2030146K(2329088K)->128231K(2342400K) Eden: 1904128K(1904128K)->0K(1962496K) From: 126018K(424960K)->128231K(379904K)
[311.231s][info][gc,heap        ] GC(80) ParOldGen: 1773013K(1773056K)->1864050K(1864192K)
[311.231s][info][gc,metaspace   ] GC(80) Metaspace: 28814K(29120K)->28814K(29120K) NonClass: 25715K(25856K)->25715K(25856K) Class: 3098K(3264K)->3098K(3264K)
[311.231s][info][gc             ] GC(80) Pause Young (Allocation Failure) 3714M->1945M(4108M) 86.852ms
[311.231s][info][gc,cpu         ] GC(80) User=0.47s Sys=0.04s Real=0.09s
. (rIR:aIR:PR = 6929:7044:7052) (tPR = 107783) [OK] 
   311s:       rampup IR =   8084 [312.916s][info][gc,start       ] GC(81) Pause Young (Allocation Failure)
[313.006s][info][gc,heap        ] GC(81) PSYoungGen: 2090727K(2342400K)->135936K(2354176K) Eden: 1962496K(1962496K)->0K(1962496K) From: 128231K(379904K)->135936K(391680K)
[313.006s][info][gc,heap        ] GC(81) ParOldGen: 1864050K(1864192K)->1955139K(1955328K)
[313.006s][info][gc,metaspace   ] GC(81) Metaspace: 28814K(29120K)->28814K(29120K) NonClass: 25715K(25856K)->25715K(25856K) Class: 3098K(3264K)->3098K(3264K)
[313.006s][info][gc             ] GC(81) Pause Young (Allocation Failure) 3862M->2042M(4208M) 89.832ms
[313.006s][info][gc,cpu         ] GC(81) User=0.50s Sys=0.03s Real=0.09s
..[314.568s][info][gc,start       ] GC(82) Pause Young (Allocation Failure)
[314.657s][info][gc,heap        ] GC(82) PSYoungGen: 2098432K(2354176K)->136388K(2377216K) Eden: 1962496K(1962496K)->0K(2030080K) From: 135936K(391680K)->136388K(347136K)
[314.657s][info][gc,heap        ] GC(82) ParOldGen: 1955139K(1955328K)->2049619K(2050048K)
[314.657s][info][gc,metaspace   ] GC(82) Metaspace: 28815K(29120K)->28815K(29120K) NonClass: 25716K(25856K)->25716K(25856K) Class: 3098K(3264K)->3098K(3264K)
[314.657s][info][gc             ] GC(82) Pause Young (Allocation Failure) 3958M->2134M(4323M) 89.571ms
[314.657s][info][gc,cpu         ] GC(82) User=0.49s Sys=0.03s Real=0.09s
..[316.252s][info][gc,start       ] GC(83) Pause Young (Allocation Failure)
[316.337s][info][gc,heap        ] GC(83) PSYoungGen: 2166468K(2377216K)->127264K(2387968K) Eden: 2030080K(2030080K)->0K(2030080K) From: 136388K(347136K)->127264K(357888K)
[316.337s][info][gc,heap        ] GC(83) ParOldGen: 2049619K(2050048K)->2144175K(2144256K)
[316.337s][info][gc,metaspace   ] GC(83) Metaspace: 28815K(29120K)->28815K(29120K) NonClass: 25716K(25856K)->25716K(25856K) Class: 3098K(3264K)->3098K(3264K)
[316.337s][info][gc             ] GC(83) Pause Young (Allocation Failure) 4117M->2218M(4426M) 84.928ms
[316.337s][info][gc,cpu         ] GC(83) User=0.46s Sys=0.03s Real=0.08s
. (rIR:aIR:PR = 8084:8236:8229) (tPR = 123688) [OK] 
   316s:       rampup IR =   9238 [317.890s][info][gc,start       ] GC(84) Pause Young (Allocation Failure)
[317.985s][info][gc,heap        ] GC(84) PSYoungGen: 2157344K(2387968K)->149168K(2406912K) Eden: 2030080K(2030080K)->0K(2094592K) From: 127264K(357888K)->149168K(312320K)
[317.985s][info][gc,heap        ] GC(84) ParOldGen: 2144175K(2144256K)->2238095K(2238464K)
[317.985s][info][gc,metaspace   ] GC(84) Metaspace: 28815K(29120K)->28815K(29120K) NonClass: 25716K(25856K)->25716K(25856K) Class: 3098K(3264K)->3098K(3264K)
[317.985s][info][gc             ] GC(84) Pause Young (Allocation Failure) 4200M->2331M(4536M) 95.178ms
[317.985s][info][gc,cpu         ] GC(84) User=0.52s Sys=0.03s Real=0.09s
..[319.424s][info][gc,start       ] GC(85) Pause Young (Allocation Failure)
[319.521s][info][gc,heap        ] GC(85) PSYoungGen: 2243760K(2406912K)->145860K(2420736K) Eden: 2094592K(2094592K)->0K(2094592K) From: 149168K(312320K)->145860K(326144K)
[319.521s][info][gc,heap        ] GC(85) ParOldGen: 2238095K(2238464K)->2333735K(2334208K)
[319.521s][info][gc,metaspace   ] GC(85) Metaspace: 28815K(29120K)->28815K(29120K) NonClass: 25716K(25856K)->25716K(25856K) Class: 3098K(3264K)->3098K(3264K)
[319.521s][info][gc             ] GC(85) Pause Young (Allocation Failure) 4376M->2421M(4643M) 96.214ms
[319.521s][info][gc,cpu         ] GC(85) User=0.53s Sys=0.04s Real=0.10s
.[320.923s][info][gc,start       ] GC(86) Pause Young (Allocation Failure)
[321.010s][info][gc,heap        ] GC(86) PSYoungGen: 2240452K(2420736K)->132224K(2447360K) Eden: 2094592K(2094592K)->0K(2158592K) From: 145860K(326144K)->132224K(288768K)
[321.010s][info][gc,heap        ] GC(86) ParOldGen: 2333735K(2334208K)->2428751K(2428928K)
[321.010s][info][gc,metaspace   ] GC(86) Metaspace: 28815K(29120K)->28815K(29120K) NonClass: 25716K(25856K)->25716K(25856K) Class: 3098K(3264K)->3098K(3264K)
[321.010s][info][gc             ] GC(86) Pause Young (Allocation Failure) 4466M->2500M(4762M) 86.982ms
[321.010s][info][gc,cpu         ] GC(86) User=0.49s Sys=0.02s Real=0.09s
..[322.545s][info][gc,start       ] GC(87) Pause Young (Allocation Failure)
[322.642s][info][gc,heap        ] GC(87) PSYoungGen: 2290816K(2447360K)->152890K(2458112K) Eden: 2158592K(2158592K)->0K(2158592K) From: 132224K(288768K)->152890K(299520K)
[322.642s][info][gc,heap        ] GC(87) ParOldGen: 2428751K(2428928K)->2525263K(2525696K)
[322.642s][info][gc,metaspace   ] GC(87) Metaspace: 28816K(29120K)->28816K(29120K) NonClass: 25717K(25856K)->25717K(25856K) Class: 3098K(3264K)->3098K(3264K)
[322.643s][info][gc             ] GC(87) Pause Young (Allocation Failure) 4608M->2615M(4867M) 97.946ms
[322.643s][info][gc,cpu         ] GC(87) User=0.54s Sys=0.03s Real=0.10s
. (rIR:aIR:PR = 9238:9435:9448) (tPR = 142302) [OK] 
   322s:       rampup IR =  10393 [324.025s][info][gc,start       ] GC(88) Pause Young (Allocation Failure)
[324.117s][info][gc,heap        ] GC(88) PSYoungGen: 2311482K(2458112K)->137664K(2480128K) Eden: 2158592K(2158592K)->0K(2211840K) From: 152890K(299520K)->137664K(268288K)
[324.117s][info][gc,heap        ] GC(88) ParOldGen: 2525263K(2525696K)->2623855K(2624000K)
[324.117s][info][gc,metaspace   ] GC(88) Metaspace: 28816K(29120K)->28816K(29120K) NonClass: 25717K(25856K)->25717K(25856K) Class: 3098K(3264K)->3098K(3264K)
[324.117s][info][gc             ] GC(88) Pause Young (Allocation Failure) 4723M->2696M(4984M) 92.808ms
[324.117s][info][gc,cpu         ] GC(88) User=0.50s Sys=0.04s Real=0.09s
..[325.581s][info][gc,start       ] GC(89) Pause Young (Allocation Failure)
[325.680s][info][gc,heap        ] GC(89) PSYoungGen: 2349504K(2480128K)->158100K(2486272K) Eden: 2211840K(2211840K)->0K(2211840K) From: 137664K(268288K)->158100K(274432K)
[325.680s][info][gc,heap        ] GC(89) ParOldGen: 2623855K(2624000K)->2720355K(2720768K)
[325.680s][info][gc,metaspace   ] GC(89) Metaspace: 28816K(29120K)->28816K(29120K) NonClass: 25717K(25856K)->25717K(25856K) Class: 3098K(3264K)->3098K(3264K)
[325.680s][info][gc             ] GC(89) Pause Young (Allocation Failure) 4856M->2810M(5085M) 99.270ms
[325.680s][info][gc,cpu         ] GC(89) User=0.56s Sys=0.02s Real=0.10s
.[327.103s][info][gc,start       ] GC(90) Pause Young (Allocation Failure)
[327.203s][info][gc,heap        ] GC(90) PSYoungGen: 2369940K(2486272K)->154176K(2505216K) Eden: 2211840K(2211840K)->0K(2257408K) From: 158100K(274432K)->154176K(247808K)
[327.203s][info][gc,heap        ] GC(90) ParOldGen: 2720355K(2720768K)->2819275K(2819584K)
[327.203s][info][gc,metaspace   ] GC(90) Metaspace: 28816K(29120K)->28816K(29120K) NonClass: 25717K(25856K)->25717K(25856K) Class: 3098K(3264K)->3098K(3264K)
[327.203s][info][gc             ] GC(90) Pause Young (Allocation Failure) 4970M->2903M(5200M) 99.614ms
[327.203s][info][gc,cpu         ] GC(90) User=0.53s Sys=0.05s Real=0.10s
.. (rIR:aIR:PR = 10393:10334:10488) (tPR = 159388) [OK] 
   328s:       rampup IR =  11548 [328.549s][info][gc,start       ] GC(91) Pause Young (Allocation Failure)
[328.649s][info][gc,heap        ] GC(91) PSYoungGen: 2411584K(2505216K)->154640K(2511360K) Eden: 2257408K(2257408K)->0K(2257408K) From: 154176K(247808K)->154640K(253952K)
[328.649s][info][gc,heap        ] GC(91) ParOldGen: 2819275K(2819584K)->2921419K(2921472K)
[328.649s][info][gc,metaspace   ] GC(91) Metaspace: 28816K(29120K)->28816K(29120K) NonClass: 25717K(25856K)->25717K(25856K) Class: 3098K(3264K)->3098K(3264K)
[328.649s][info][gc             ] GC(91) Pause Young (Allocation Failure) 5108M->3003M(5305M) 100.064ms
[328.649s][info][gc,cpu         ] GC(91) User=0.55s Sys=0.02s Real=0.10s
.[329.943s][info][gc,start       ] GC(92) Pause Young (Allocation Failure)
[330.037s][info][gc,heap        ] GC(92) PSYoungGen: 2412048K(2511360K)->144288K(2529792K) Eden: 2257408K(2257408K)->0K(2297344K) From: 154640K(253952K)->144288K(232448K)
[330.037s][info][gc,heap        ] GC(92) ParOldGen: 2921419K(2921472K)->3020687K(3020800K)
[330.037s][info][gc,metaspace   ] GC(92) Metaspace: 28816K(29120K)->28816K(29120K) NonClass: 25717K(25856K)->25717K(25856K) Class: 3098K(3264K)->3098K(3264K)
[330.037s][info][gc             ] GC(92) Pause Young (Allocation Failure) 5208M->3090M(5420M) 94.104ms
[330.037s][info][gc,cpu         ] GC(92) User=0.52s Sys=0.03s Real=0.09s
.[331.373s][info][gc,start       ] GC(93) Pause Young (Allocation Failure)
[331.477s][info][gc,heap        ] GC(93) PSYoungGen: 2441632K(2529792K)->160053K(2534400K) Eden: 2297344K(2297344K)->0K(2297344K) From: 144288K(232448K)->160053K(237056K)
[331.477s][info][gc,heap        ] GC(93) ParOldGen: 3020687K(3020800K)->3123291K(3123712K)
[331.477s][info][gc,metaspace   ] GC(93) Metaspace: 28816K(29120K)->28816K(29120K) NonClass: 25717K(25856K)->25717K(25856K) Class: 3098K(3264K)->3098K(3264K)
[331.477s][info][gc             ] GC(93) Pause Young (Allocation Failure) 5334M->3206M(5525M) 104.019ms
[331.477s][info][gc,cpu         ] GC(93) User=0.57s Sys=0.03s Real=0.10s
..[332.736s][info][gc,start       ] GC(94) Pause Young (Allocation Failure)
[332.839s][info][gc,heap        ] GC(94) PSYoungGen: 2457397K(2534400K)->162906K(2551808K) Eden: 2297344K(2297344K)->0K(2327552K) From: 160053K(237056K)->162906K(224256K)
[332.839s][info][gc,heap        ] GC(94) ParOldGen: 3123291K(3123712K)->3221051K(3221504K)
[332.839s][info][gc,metaspace   ] GC(94) Metaspace: 28818K(29120K)->28818K(29120K) NonClass: 25719K(25856K)->25719K(25856K) Class: 3098K(3264K)->3098K(3264K)
[332.839s][info][gc             ] GC(94) Pause Young (Allocation Failure) 5449M->3304M(5638M) 102.838ms
[332.839s][info][gc,cpu         ] GC(94) User=0.56s Sys=0.03s Real=0.10s
.[334.173s][info][gc,start       ] GC(95) Pause Young (Allocation Failure)
[334.274s][info][gc,heap        ] GC(95) PSYoungGen: 2490458K(2551808K)->159136K(2554880K) Eden: 2327552K(2327552K)->0K(2327552K) From: 162906K(224256K)->159136K(227328K)
[334.274s][info][gc,heap        ] GC(95) ParOldGen: 3221051K(3221504K)->3323247K(3323392K)
[334.274s][info][gc,metaspace   ] GC(95) Metaspace: 28818K(29120K)->28818K(29120K) NonClass: 25719K(25856K)->25719K(25856K) Class: 3098K(3264K)->3098K(3264K)
[334.274s][info][gc             ] GC(95) Pause Young (Allocation Failure) 5577M->3400M(5740M) 101.287ms
[334.274s][info][gc,cpu         ] GC(95) User=0.55s Sys=0.04s Real=0.10s
.[335.623s][info][gc,start       ] GC(96) Pause Young (Allocation Failure)
[335.723s][info][gc,heap        ] GC(96) PSYoungGen: 2486688K(2554880K)->147616K(2559488K) Eden: 2327552K(2327552K)->0K(2346496K) From: 159136K(227328K)->147616K(212992K)
[335.723s][info][gc,heap        ] GC(96) ParOldGen: 3323247K(3323392K)->3429503K(3429888K)
[335.723s][info][gc,metaspace   ] GC(96) Metaspace: 28819K(29120K)->28819K(29120K) NonClass: 25720K(25856K)->25720K(25856K) Class: 3098K(3264K)->3098K(3264K)
[335.723s][info][gc             ] GC(96) Pause Young (Allocation Failure) 5673M->3493M(5849M) 99.719ms
[335.723s][info][gc,cpu         ] GC(96) User=0.54s Sys=0.03s Real=0.10s
. (rIR:aIR:PR = 11548:11081:11078) (tPR = 163496) [OK] 
   335s:    snapshot, IR =  11548 .[337.096s][info][gc,start       ] GC(97) Pause Young (Allocation Failure)
[337.196s][info][gc,heap        ] GC(97) PSYoungGen: 2494112K(2559488K)->155634K(2563072K) Eden: 2346496K(2346496K)->0K(2346496K) From: 147616K(212992K)->155634K(216576K)
[337.196s][info][gc,heap        ] GC(97) ParOldGen: 3429503K(3429888K)->3526839K(3527168K)
[337.196s][info][gc,metaspace   ] GC(97) Metaspace: 28820K(29120K)->28820K(29120K) NonClass: 25721K(25856K)->25721K(25856K) Class: 3098K(3264K)->3098K(3264K)
[337.196s][info][gc             ] GC(97) Pause Young (Allocation Failure) 5784M->3596M(5947M) 100.211ms
[337.196s][info][gc,cpu         ] GC(97) User=0.55s Sys=0.04s Real=0.10s
.[338.574s][info][gc,start       ] GC(98) Pause Young (Allocation Failure)
[338.678s][info][gc,heap        ] GC(98) PSYoungGen: 2502130K(2563072K)->165639K(2578432K) Eden: 2346496K(2346496K)->0K(2367488K) From: 155634K(216576K)->165639K(210944K)
[338.678s][info][gc,heap        ] GC(98) ParOldGen: 3526839K(3527168K)->3630263K(3630592K)
[338.678s][info][gc,metaspace   ] GC(98) Metaspace: 28821K(29120K)->28821K(29120K) NonClass: 25722K(25856K)->25722K(25856K) Class: 3098K(3264K)->3098K(3264K)
[338.678s][info][gc             ] GC(98) Pause Young (Allocation Failure) 5887M->3706M(6063M) 104.647ms
[338.678s][info][gc,cpu         ] GC(98) User=0.57s Sys=0.03s Real=0.10s
.[340.036s][info][gc,start       ] GC(99) Pause Young (Allocation Failure)
[340.139s][info][gc,heap        ] GC(99) PSYoungGen: 2533127K(2578432K)->156160K(2577408K) Eden: 2367488K(2367488K)->0K(2367488K) From: 165639K(210944K)->156160K(209920K)
[340.139s][info][gc,heap        ] GC(99) ParOldGen: 3630263K(3630592K)->3736943K(3737088K)
[340.139s][info][gc,metaspace   ] GC(99) Metaspace: 28821K(29120K)->28821K(29120K) NonClass: 25722K(25856K)->25722K(25856K) Class: 3098K(3264K)->3098K(3264K)
[340.139s][info][gc             ] GC(99) Pause Young (Allocation Failure) 6018M->3801M(6166M) 102.702ms
[340.139s][info][gc,cpu         ] GC(99) User=0.57s Sys=0.03s Real=0.10s
..[341.471s][info][gc,start       ] GC(100) Pause Young (Allocation Failure)
[341.577s][info][gc,heap        ] GC(100) PSYoungGen: 2523648K(2577408K)->159824K(2583040K) Eden: 2367488K(2367488K)->0K(2378240K) From: 156160K(209920K)->159824K(204800K)
[341.577s][info][gc,heap        ] GC(100) ParOldGen: 3736943K(3737088K)->3840519K(3841024K)
[341.577s][info][gc,metaspace   ] GC(100) Metaspace: 28824K(29120K)->28824K(29120K) NonClass: 25725K(25856K)->25725K(25856K) Class: 3098K(3264K)->3098K(3264K)
[341.577s][info][gc             ] GC(100) Pause Young (Allocation Failure) 6113M->3906M(6273M) 105.677ms
[341.577s][info][gc,cpu         ] GC(100) User=0.56s Sys=0.04s Real=0.10s
.[343.036s][info][gc,start       ] GC(101) Pause Young (Allocation Failure)
[343.134s][info][gc,heap        ] GC(101) PSYoungGen: 2538064K(2583040K)->143712K(2579968K) Eden: 2378240K(2378240K)->0K(2378240K) From: 159824K(204800K)->143712K(201728K)
[343.135s][info][gc,heap        ] GC(101) ParOldGen: 3840519K(3841024K)->3944999K(3945472K)
[343.135s][info][gc,metaspace   ] GC(101) Metaspace: 28825K(29120K)->28825K(29120K) NonClass: 25726K(25856K)->25726K(25856K) Class: 3098K(3264K)->3098K(3264K)
[343.135s][info][gc             ] GC(101) Pause Young (Allocation Failure) 6229M->3992M(6372M) 98.109ms
[343.135s][info][gc,cpu         ] GC(101) User=0.54s Sys=0.02s Real=0.10s
.|.[344.475s][info][gc,start       ] GC(102) Pause Young (Allocation Failure)
[344.580s][info][gc,heap        ] GC(102) PSYoungGen: 2521952K(2579968K)->163744K(2589696K) Eden: 2378240K(2378240K)->0K(2390528K) From: 143712K(201728K)->163744K(199168K)
[344.580s][info][gc,heap        ] GC(102) ParOldGen: 3944999K(3945472K)->4046295K(4046336K)
[344.580s][info][gc,metaspace   ] GC(102) Metaspace: 28825K(29120K)->28825K(29120K) NonClass: 25726K(25856K)->25726K(25856K) Class: 3098K(3264K)->3098K(3264K)
[344.580s][info][gc             ] GC(102) Pause Young (Allocation Failure) 6315M->4111M(6480M) 105.407ms
[344.580s][info][gc,cpu         ] GC(102) User=0.56s Sys=0.04s Real=0.11s
.[345.999s][info][gc,start       ] GC(103) Pause Young (Allocation Failure)
[346.106s][info][gc,heap        ] GC(103) PSYoungGen: 2554272K(2589696K)->168085K(2588672K) Eden: 2390528K(2390528K)->0K(2390528K) From: 163744K(199168K)->168085K(198144K)
[346.106s][info][gc,heap        ] GC(103) ParOldGen: 4046295K(4046336K)->4154087K(4154368K)
[346.106s][info][gc,metaspace   ] GC(103) Metaspace: 28825K(29120K)->28825K(29120K) NonClass: 25726K(25856K)->25726K(25856K) Class: 3098K(3264K)->3098K(3264K)
[346.106s][info][gc             ] GC(103) Pause Young (Allocation Failure) 6445M->4220M(6585M) 107.077ms
[346.106s][info][gc,cpu         ] GC(103) User=0.59s Sys=0.03s Real=0.11s
.[347.448s][info][gc,start       ] GC(104) Pause Young (Allocation Failure)
[347.565s][info][gc,heap        ] GC(104) PSYoungGen: 2558613K(2588672K)->176090K(2591232K) Eden: 2390528K(2390528K)->0K(2392576K) From: 168085K(198144K)->176090K(198656K)
[347.565s][info][gc,heap        ] GC(104) ParOldGen: 4154087K(4154368K)->4254879K(4255232K)
[347.565s][info][gc,metaspace   ] GC(104) Metaspace: 28825K(29120K)->28825K(29120K) NonClass: 25726K(25856K)->25726K(25856K) Class: 3098K(3264K)->3098K(3264K)
[347.565s][info][gc             ] GC(104) Pause Young (Allocation Failure) 6555M->4327M(6686M) 116.307ms
[347.565s][info][gc,cpu         ] GC(104) User=0.60s Sys=0.07s Real=0.12s
..[348.980s][info][gc,start       ] GC(105) Pause Young (Allocation Failure)
[349.087s][info][gc,heap        ] GC(105) PSYoungGen: 2568438K(2591232K)->167328K(2594304K) Eden: 2392347K(2392576K)->0K(2392576K) From: 176090K(198656K)->167328K(201728K)
[349.087s][info][gc,heap        ] GC(105) ParOldGen: 4254879K(4255232K)->4362655K(4362752K)
[349.087s][info][gc,metaspace   ] GC(105) Metaspace: 28827K(29120K)->28827K(29120K) NonClass: 25728K(25856K)->25728K(25856K) Class: 3098K(3264K)->3098K(3264K)
[349.087s][info][gc             ] GC(105) Pause Young (Allocation Failure) 6663M->4423M(6794M) 107.561ms
[349.087s][info][gc,cpu         ] GC(105) User=0.59s Sys=0.03s Real=0.11s
.[350.453s][info][gc,start       ] GC(106) Pause Young (Allocation Failure)
[350.560s][info][gc,heap        ] GC(106) PSYoungGen: 2559904K(2594304K)->167128K(2590208K) Eden: 2392576K(2392576K)->0K(2393600K) From: 167328K(201728K)->167128K(196608K)
[350.560s][info][gc,heap        ] GC(106) ParOldGen: 4362655K(4362752K)->4466935K(4467200K)
[350.560s][info][gc,metaspace   ] GC(106) Metaspace: 28827K(29120K)->28827K(29120K) NonClass: 25728K(25856K)->25728K(25856K) Class: 3098K(3264K)->3098K(3264K)
[350.560s][info][gc             ] GC(106) Pause Young (Allocation Failure) 6760M->4525M(6892M) 107.193ms
[350.560s][info][gc,cpu         ] GC(106) User=0.60s Sys=0.03s Real=0.11s
..[352.008s][info][gc,start       ] GC(107) Pause Young (Allocation Failure)
[352.125s][info][gc,heap        ] GC(107) PSYoungGen: 2560728K(2590208K)->182894K(2576896K) Eden: 2393600K(2393600K)->0K(2393600K) From: 167128K(196608K)->182894K(183296K)
[352.125s][info][gc,heap        ] GC(107) ParOldGen: 4466935K(4467200K)->4573975K(4574208K)
[352.125s][info][gc,metaspace   ] GC(107) Metaspace: 28827K(29120K)->28827K(29120K) NonClass: 25728K(25856K)->25728K(25856K) Class: 3098K(3264K)->3098K(3264K)
[352.125s][info][gc             ] GC(107) Pause Young (Allocation Failure) 6862M->4645M(6983M) 116.732ms
[352.125s][info][gc,cpu         ] GC(107) User=0.64s Sys=0.04s Real=0.12s
.[353.435s][info][gc,start       ] GC(108) Pause Young (Allocation Failure)
[353.544s][info][gc,heap        ] GC(108) PSYoungGen: 2576494K(2576896K)->171540K(2592768K) Eden: 2393600K(2393600K)->0K(2388992K) From: 182894K(183296K)->171540K(203776K)
[353.544s][info][gc,heap        ] GC(108) ParOldGen: 4573975K(4574208K)->4670647K(4670976K)
[353.544s][info][gc,metaspace   ] GC(108) Metaspace: 28827K(29120K)->28827K(29120K) NonClass: 25728K(25856K)->25728K(25856K) Class: 3098K(3264K)->3098K(3264K)
[353.544s][info][gc             ] GC(108) Pause Young (Allocation Failure) 6982M->4728M(7093M) 108.982ms
[353.544s][info][gc,cpu         ] GC(108) User=0.58s Sys=0.05s Real=0.11s
.[354.934s][info][gc,start       ] GC(109) Pause Young (Allocation Failure)
[355.052s][info][gc,heap        ] GC(109) PSYoungGen: 2560532K(2592768K)->176292K(2592256K) Eden: 2388992K(2388992K)->0K(2388992K) From: 171540K(203776K)->176292K(203264K)
[355.052s][info][gc,heap        ] GC(109) ParOldGen: 4670647K(4670976K)->4781375K(4781568K)
[355.052s][info][gc,metaspace   ] GC(109) Metaspace: 28827K(29120K)->28827K(29120K) NonClass: 25728K(25856K)->25728K(25856K) Class: 3098K(3264K)->3098K(3264K)
[355.052s][info][gc             ] GC(109) Pause Young (Allocation Failure) 7061M->4841M(7201M) 118.085ms
[355.052s][info][gc,cpu         ] GC(109) User=0.64s Sys=0.03s Real=0.12s
..[356.383s][info][gc,start       ] GC(110) Pause Young (Allocation Failure)
[356.487s][info][gc,heap        ] GC(110) PSYoungGen: 2565284K(2592256K)->163072K(2586112K) Eden: 2388992K(2388992K)->0K(2388992K) From: 176292K(203264K)->163072K(197120K)
[356.487s][info][gc,heap        ] GC(110) ParOldGen: 4781375K(4781568K)->4886135K(4886528K)
[356.487s][info][gc,metaspace   ] GC(110) Metaspace: 28828K(29120K)->28828K(29120K) NonClass: 25729K(25856K)->25729K(25856K) Class: 3098K(3264K)->3098K(3264K)
[356.487s][info][gc             ] GC(110) Pause Young (Allocation Failure) 7174M->4930M(7297M) 104.833ms
[356.488s][info][gc,cpu         ] GC(110) User=0.57s Sys=0.04s Real=0.10s
.[357.846s][info][gc,start       ] GC(111) Pause Young (Allocation Failure)
[358.008s][info][gc,heap        ] GC(111) PSYoungGen: 2552064K(2586112K)->181579K(2589184K) Eden: 2388992K(2388992K)->0K(2388992K) From: 163072K(197120K)->181579K(200192K)
[358.008s][info][gc,heap        ] GC(111) ParOldGen: 4886135K(4886528K)->4992239K(4992512K)
[358.008s][info][gc,metaspace   ] GC(111) Metaspace: 28828K(29120K)->28828K(29120K) NonClass: 25729K(25856K)->25729K(25856K) Class: 3098K(3264K)->3098K(3264K)
[358.008s][info][gc             ] GC(111) Pause Young (Allocation Failure) 7263M->5052M(7404M) 161.790ms
[358.008s][info][gc,cpu         ] GC(111) User=0.65s Sys=0.03s Real=0.16s
.[359.314s][info][gc,start       ] GC(112) Pause Young (Allocation Failure)
[359.415s][info][gc,heap        ] GC(112) PSYoungGen: 2570571K(2589184K)->155552K(2593792K) Eden: 2388992K(2388992K)->0K(2391552K) From: 181579K(200192K)->155552K(202240K)
[359.415s][info][gc,heap        ] GC(112) ParOldGen: 4992239K(4992512K)->5094047K(5094400K)
[359.415s][info][gc,metaspace   ] GC(112) Metaspace: 28828K(29120K)->28828K(29120K) NonClass: 25729K(25856K)->25729K(25856K) Class: 3098K(3264K)->3098K(3264K)
[359.415s][info][gc             ] GC(112) Pause Young (Allocation Failure) 7385M->5126M(7508M) 101.134ms
[359.415s][info][gc,cpu         ] GC(112) User=0.54s Sys=0.04s Real=0.10s
..[360.756s][info][gc,start       ] GC(113) Pause Young (Allocation Failure)
[360.911s][info][gc,heap        ] GC(113) PSYoungGen: 2547104K(2593792K)->161760K(2553344K) Eden: 2391552K(2391552K)->0K(2391552K) From: 155552K(202240K)->161760K(161792K)
[360.911s][info][gc,heap        ] GC(113) ParOldGen: 5094047K(5094400K)->5200335K(5200384K)
[360.911s][info][gc,metaspace   ] GC(113) Metaspace: 28831K(29120K)->28831K(29120K) NonClass: 25732K(25856K)->25732K(25856K) Class: 3098K(3264K)->3098K(3264K)
[360.911s][info][gc             ] GC(113) Pause Young (Allocation Failure) 7462M->5236M(7572M) 155.433ms
[360.911s][info][gc,cpu         ] GC(113) User=0.58s Sys=0.05s Real=0.16s
.[362.252s][info][gc,start       ] GC(114) Pause Young (Allocation Failure)
[362.359s][info][gc,heap        ] GC(114) PSYoungGen: 2553312K(2553344K)->166500K(2593280K) Eden: 2391552K(2391552K)->0K(2395136K) From: 161760K(161792K)->166500K(198144K)
[362.359s][info][gc,heap        ] GC(114) ParOldGen: 5200335K(5200384K)->5303103K(5303296K)
[362.359s][info][gc,metaspace   ] GC(114) Metaspace: 28831K(29120K)->28831K(29120K) NonClass: 25732K(25856K)->25732K(25856K) Class: 3098K(3264K)->3098K(3264K)
[362.359s][info][gc             ] GC(114) Pause Young (Allocation Failure) 7571M->5341M(7711M) 106.638ms
[362.359s][info][gc,cpu         ] GC(114) User=0.59s Sys=0.04s Real=0.10s
..[363.742s][info][gc,start       ] GC(115) Pause Young (Allocation Failure)
[363.851s][info][gc,heap        ] GC(115) PSYoungGen: 2561636K(2593280K)->159984K(2590720K) Eden: 2395136K(2395136K)->0K(2395136K) From: 166500K(198144K)->159984K(195584K)
[363.851s][info][gc,heap        ] GC(115) ParOldGen: 5303103K(5303296K)->5407519K(5407744K)
[363.851s][info][gc,metaspace   ] GC(115) Metaspace: 28831K(29120K)->28831K(29120K) NonClass: 25732K(25856K)->25732K(25856K) Class: 3098K(3264K)->3098K(3264K)
[363.851s][info][gc             ] GC(115) Pause Young (Allocation Failure) 7680M->5437M(7811M) 109.081ms
[363.851s][info][gc,cpu         ] GC(115) User=0.57s Sys=0.05s Real=0.11s
.[365.294s][info][gc,start       ] GC(116) Pause Young (Allocation Failure)
[365.393s][info][gc,heap        ] GC(116) PSYoungGen: 2555120K(2590720K)->148432K(2596352K) Eden: 2395136K(2395136K)->0K(2402816K) From: 159984K(195584K)->148432K(193536K)
[365.393s][info][gc,heap        ] GC(116) ParOldGen: 5407519K(5407744K)->5514183K(5514240K)
[365.393s][info][gc,metaspace   ] GC(116) Metaspace: 28837K(29120K)->28837K(29120K) NonClass: 25738K(25856K)->25738K(25856K) Class: 3098K(3264K)->3098K(3264K)
[365.393s][info][gc             ] GC(116) Pause Young (Allocation Failure) 7776M->5529M(7920M) 99.560ms
[365.393s][info][gc,cpu         ] GC(116) User=0.55s Sys=0.02s Real=0.10s
.[366.686s][info][gc,start       ] GC(117) Pause Full (Allocation Failure)
[366.686s][info][gc,phases,start] GC(117) Marking Phase
[367.071s][info][gc,phases      ] GC(117) Marking Phase 385.011ms
[367.071s][info][gc,phases,start] GC(117) Summary Phase
[367.071s][info][gc,phases      ] GC(117) Summary Phase 0.104ms
[367.071s][info][gc,phases,start] GC(117) Forward
[367.226s][info][gc,phases      ] GC(117) Forward 154.869ms
[367.226s][info][gc,phases,start] GC(117) Adjust Pointers
[367.473s][info][gc,phases      ] GC(117) Adjust Pointers 247.001ms
[367.473s][info][gc,phases,start] GC(117) Compaction Phase
[367.667s][info][gc,phases      ] GC(117) Compaction Phase 193.955ms
[367.669s][info][gc,phases,start] GC(117) Post Compact
[367.676s][info][gc,phases      ] GC(117) Post Compact 7.010ms
[367.797s][info][gc,heap        ] GC(117) PSYoungGen: 2551248K(2596352K)->0K(2595840K) Eden: 2402816K(2402816K)->0K(2402816K) From: 148432K(193536K)->0K(193024K)
[367.797s][info][gc,heap        ] GC(117) ParOldGen: 5514183K(5514240K)->1487052K(1681408K)
[367.797s][info][gc,metaspace   ] GC(117) Metaspace: 28837K(29120K)->28837K(29120K) NonClass: 25738K(25856K)->25738K(25856K) Class: 3098K(3264K)->3098K(3264K)
[367.797s][info][gc             ] GC(117) Pause Full (Allocation Failure) 7876M->1452M(4177M) 1111.267ms
[367.797s][info][gc,cpu         ] GC(117) User=5.19s Sys=0.12s Real=1.11s
..[369.123s][info][gc,start       ] GC(118) Pause Young (Allocation Failure)
[369.192s][info][gc,heap        ] GC(118) PSYoungGen: 2402816K(2595840K)->165344K(2599424K) Eden: 2402816K(2402816K)->0K(2409984K) From: 0K(193024K)->165344K(189440K)
[369.192s][info][gc,heap        ] GC(118) ParOldGen: 1487052K(1681408K)->1487052K(1681408K)
[369.192s][info][gc,metaspace   ] GC(118) Metaspace: 28837K(29120K)->28837K(29120K) NonClass: 25738K(25856K)->25738K(25856K) Class: 3098K(3264K)->3098K(3264K)
[369.192s][info][gc             ] GC(118) Pause Young (Allocation Failure) 3798M->1613M(4180M) 69.391ms
[369.192s][info][gc,cpu         ] GC(118) User=0.40s Sys=0.00s Real=0.07s
.[370.511s][info][gc,start       ] GC(119) Pause Young (Allocation Failure)
[370.614s][info][gc,heap        ] GC(119) PSYoungGen: 2575328K(2599424K)->169999K(2600960K) Eden: 2409984K(2409984K)->0K(2409984K) From: 165344K(189440K)->169999K(190976K)
[370.614s][info][gc,heap        ] GC(119) ParOldGen: 1487052K(1681408K)->1595668K(1681408K)
[370.614s][info][gc,metaspace   ] GC(119) Metaspace: 28837K(29120K)->28837K(29120K) NonClass: 25738K(25856K)->25738K(25856K) Class: 3098K(3264K)->3098K(3264K)
[370.614s][info][gc             ] GC(119) Pause Young (Allocation Failure) 3967M->1724M(4182M) 103.437ms
[370.614s][info][gc,cpu         ] GC(119) User=0.60s Sys=0.00s Real=0.10s
.[372.049s][info][gc,start       ] GC(120) Pause Young (Allocation Failure)
[372.143s][info][gc,heap        ] GC(120) PSYoungGen: 2579983K(2600960K)->157456K(2601984K) Eden: 2409984K(2409984K)->0K(2414080K) From: 169999K(190976K)->157456K(187904K)
[372.143s][info][gc,heap        ] GC(120) ParOldGen: 1595668K(1681408K)->1701708K(1701888K)
[372.143s][info][gc,metaspace   ] GC(120) Metaspace: 28837K(29120K)->28837K(29120K) NonClass: 25738K(25856K)->25738K(25856K) Class: 3098K(3264K)->3098K(3264K)
[372.143s][info][gc             ] GC(120) Pause Young (Allocation Failure) 4077M->1815M(4203M) 93.540ms
[372.143s][info][gc,cpu         ] GC(120) User=0.55s Sys=0.01s Real=0.10s
.[373.386s][info][gc,start       ] GC(121) Pause Young (Allocation Failure)
[373.489s][info][gc,heap        ] GC(121) PSYoungGen: 2571536K(2601984K)->174048K(2603520K) Eden: 2414080K(2414080K)->0K(2414080K) From: 157456K(187904K)->174048K(189440K)
[373.489s][info][gc,heap        ] GC(121) ParOldGen: 1701708K(1701888K)->1798684K(1799168K)
[373.489s][info][gc,metaspace   ] GC(121) Metaspace: 28837K(29120K)->28837K(29120K) NonClass: 25738K(25856K)->25738K(25856K) Class: 3098K(3264K)->3098K(3264K)
[373.489s][info][gc             ] GC(121) Pause Young (Allocation Failure) 4173M->1926M(4299M) 102.474ms
[373.489s][info][gc,cpu         ] GC(121) User=0.57s Sys=0.03s Real=0.10s
. (rIR:aIR:PR = 11548:11260:11257) (tPR = 168021) [OK] 
   373s: Performing snapshot: (quiescence.....) (stop TxI) (stop BE) (saving... [380.692s][info][gc,start       ] GC(122) Pause Young (Allocation Failure)
[380.899s][info][gc,heap        ] GC(122) PSYoungGen: 2577516K(2603520K)->190960K(2285568K) Eden: 2403468K(2414080K)->0K(2094592K) From: 174048K(189440K)->190960K(190976K)
[380.899s][info][gc,heap        ] GC(122) ParOldGen: 1798684K(1799168K)->2211666K(2211840K)
[380.899s][info][gc,metaspace   ] GC(122) Metaspace: 28838K(29120K)->28838K(29120K) NonClass: 25739K(25856K)->25739K(25856K) Class: 3098K(3264K)->3098K(3264K)
[380.899s][info][gc             ] GC(122) Pause Young (Allocation Failure) 4273M->2346M(4392M) 206.772ms
[380.899s][info][gc,cpu         ] GC(122) User=0.90s Sys=0.13s Real=0.20s
226282 Kb) (term) [384.618s][info][gc,start       ] GC(123) Pause Full (System.gc())
[384.618s][info][gc,phases,start] GC(123) Marking Phase
[384.639s][info][gc,phases      ] GC(123) Marking Phase 21.494ms
[384.639s][info][gc,phases,start] GC(123) Summary Phase
[384.639s][info][gc,phases      ] GC(123) Summary Phase 0.040ms
[384.639s][info][gc,phases,start] GC(123) Forward
[384.642s][info][gc,phases      ] GC(123) Forward 2.882ms
[384.642s][info][gc,phases,start] GC(123) Adjust Pointers
[384.657s][info][gc,phases      ] GC(123) Adjust Pointers 15.337ms
[384.657s][info][gc,phases,start] GC(123) Compaction Phase
[384.689s][info][gc,phases      ] GC(123) Compaction Phase 31.328ms
[384.689s][info][gc,phases,start] GC(123) Post Compact
[384.692s][info][gc,phases      ] GC(123) Post Compact 3.099ms
[384.692s][info][gc,heap        ] GC(123) PSYoungGen: 1122981K(2285568K)->0K(2285568K) Eden: 932021K(2094592K)->0K(2094592K) From: 190960K(190976K)->0K(190976K)
[384.692s][info][gc,heap        ] GC(123) ParOldGen: 2211666K(2211840K)->326578K(2211840K)
[384.692s][info][gc,metaspace   ] GC(123) Metaspace: 28838K(29120K)->28838K(29120K) NonClass: 25739K(25856K)->25739K(25856K) Class: 3098K(3264K)->3098K(3264K)
[384.692s][info][gc             ] GC(123) Pause Full (System.gc()) 3256M->318M(4392M) 74.492ms
[384.692s][info][gc,cpu         ] GC(123) User=0.37s Sys=0.01s Real=0.08s
(init[385.605s][info][gc,start       ] GC(124) Pause Young (Allocation Failure)
[385.903s][info][gc,heap        ] GC(124) PSYoungGen: 2094592K(2285568K)->350708K(2445312K) Eden: 2094592K(2094592K)->0K(2094592K) From: 0K(190976K)->350708K(350720K)
[385.903s][info][gc,heap        ] GC(124) ParOldGen: 326578K(2211840K)->617495K(2211840K)
[385.903s][info][gc,metaspace   ] GC(124) Metaspace: 28852K(29120K)->28852K(29120K) NonClass: 25751K(25856K)->25751K(25856K) Class: 3100K(3264K)->3100K(3264K)
[385.903s][info][gc             ] GC(124) Pause Young (Allocation Failure) 2364M->945M(4548M) 297.998ms
[385.903s][info][gc,cpu         ] GC(124) User=1.63s Sys=0.00s Real=0.30s
[387.564s][info][gc,start       ] GC(125) Pause Young (Allocation Failure)
[387.826s][info][gc,heap        ] GC(125) PSYoungGen: 2445300K(2445312K)->350706K(1840128K) Eden: 2094592K(2094592K)->0K(1489408K) From: 350708K(350720K)->350706K(350720K)
[387.826s][info][gc,heap        ] GC(125) ParOldGen: 617495K(2211840K)->1007641K(2211840K)
[387.826s][info][gc,metaspace   ] GC(125) Metaspace: 28859K(29120K)->28859K(29120K) NonClass: 25757K(25856K)->25757K(25856K) Class: 3101K(3264K)->3101K(3264K)
[387.826s][info][gc             ] GC(125) Pause Young (Allocation Failure) 2991M->1326M(3957M) 262.454ms
[387.826s][info][gc,cpu         ] GC(125) User=1.57s Sys=0.00s Real=0.26s
) ...
   390s:       rampup IR =      0 ... (rIR:aIR:PR = 0:0:0) (tPR = 0) [OK] 
   393s:       rampup IR =   1155 .... (rIR:aIR:PR = 1155:1156:1156) (tPR = 16543) [OK] 
   397s:       rampup IR =   2310 [398.576s][info][gc,start       ] GC(126) Pause Young (Allocation Failure)
[398.811s][info][gc,heap        ] GC(126) PSYoungGen: 1840114K(1840128K)->442469K(1932288K) Eden: 1489408K(1489408K)->0K(1489408K) From: 350706K(350720K)->442469K(442880K)
[398.811s][info][gc,heap        ] GC(126) ParOldGen: 1007641K(2211840K)->1320741K(2211840K)
[398.811s][info][gc,metaspace   ] GC(126) Metaspace: 28887K(29184K)->28887K(29184K) NonClass: 25786K(25920K)->25786K(25920K) Class: 3101K(3264K)->3101K(3264K)
[398.811s][info][gc             ] GC(126) Pause Young (Allocation Failure) 2781M->1721M(4047M) 235.113ms
[398.811s][info][gc,cpu         ] GC(126) User=1.40s Sys=0.00s Real=0.24s
.... (rIR:aIR:PR = 2310:2316:2316) (tPR = 34268) [OK] 
   401s:       rampup IR =   3464 [402.713s][info][gc,start       ] GC(127) Pause Young (Allocation Failure)
[402.858s][info][gc,heap        ] GC(127) PSYoungGen: 1931877K(1932288K)->102512K(2124288K) Eden: 1489408K(1489408K)->0K(1453568K) From: 442469K(442880K)->102512K(670720K)
[402.858s][info][gc,heap        ] GC(127) ParOldGen: 1320741K(2211840K)->1678142K(2211840K)
[402.858s][info][gc,metaspace   ] GC(127) Metaspace: 28888K(29184K)->28888K(29184K) NonClass: 25786K(25920K)->25786K(25920K) Class: 3101K(3264K)->3101K(3264K)
[402.858s][info][gc             ] GC(127) Pause Young (Allocation Failure) 3176M->1738M(4234M) 145.771ms
[402.858s][info][gc,cpu         ] GC(127) User=0.87s Sys=0.00s Real=0.14s
...[405.596s][info][gc,start       ] GC(128) Pause Young (Allocation Failure)
[405.664s][info][gc,heap        ] GC(128) PSYoungGen: 1556080K(2124288K)->96704K(1550336K) Eden: 1453568K(1453568K)->0K(1453568K) From: 102512K(670720K)->96704K(96768K)
[405.664s][info][gc,heap        ] GC(128) ParOldGen: 1678142K(2211840K)->1759094K(2211840K)
[405.664s][info][gc,metaspace   ] GC(128) Metaspace: 28890K(29184K)->28890K(29184K) NonClass: 25788K(25920K)->25788K(25920K) Class: 3101K(3264K)->3101K(3264K)
[405.664s][info][gc             ] GC(128) Pause Young (Allocation Failure) 3158M->1812M(3674M) 68.438ms
[405.664s][info][gc,cpu         ] GC(128) User=0.40s Sys=0.00s Real=0.07s
. (rIR:aIR:PR = 3464:3456:3456) (tPR = 52104) [OK] 
   405s:       rampup IR =   4619 ..[407.956s][info][gc,start       ] GC(129) Pause Young (Allocation Failure)
[408.022s][info][gc,heap        ] GC(129) PSYoungGen: 1550272K(1550336K)->97056K(2130432K) Eden: 1453568K(1453568K)->0K(1463296K) From: 96704K(96768K)->97056K(667136K)
[408.022s][info][gc,heap        ] GC(129) ParOldGen: 1759094K(2211840K)->1835623K(2211840K)
[408.022s][info][gc,metaspace   ] GC(129) Metaspace: 28890K(29184K)->28890K(29184K) NonClass: 25788K(25920K)->25788K(25920K) Class: 3101K(3264K)->3101K(3264K)
[408.022s][info][gc             ] GC(129) Pause Young (Allocation Failure) 3231M->1887M(4240M) 66.179ms
[408.022s][info][gc,cpu         ] GC(129) User=0.39s Sys=0.00s Real=0.07s
.. (rIR:aIR:PR = 4619:4636:4636) (tPR = 66943) [OK] 
   409s:       rampup IR =   5774 [410.113s][info][gc,start       ] GC(130) Pause Young (Allocation Failure)
[410.182s][info][gc,heap        ] GC(130) PSYoungGen: 1560352K(2130432K)->102180K(1565696K) Eden: 1463296K(1463296K)->0K(1463296K) From: 97056K(667136K)->102180K(102400K)
[410.182s][info][gc,heap        ] GC(130) ParOldGen: 1835623K(2211840K)->1914959K(2211840K)
[410.182s][info][gc,metaspace   ] GC(130) Metaspace: 28890K(29184K)->28890K(29184K) NonClass: 25788K(25920K)->25788K(25920K) Class: 3101K(3264K)->3101K(3264K)
[410.182s][info][gc             ] GC(130) Pause Young (Allocation Failure) 3316M->1969M(3689M) 68.865ms
[410.182s][info][gc,cpu         ] GC(130) User=0.40s Sys=0.00s Real=0.07s
..[411.968s][info][gc,start       ] GC(131) Pause Young (Allocation Failure)
[412.037s][info][gc,heap        ] GC(131) PSYoungGen: 1565476K(1565696K)->106980K(2131968K) Eden: 1463296K(1463296K)->0K(1488384K) From: 102180K(102400K)->106980K(643584K)
[412.037s][info][gc,heap        ] GC(131) ParOldGen: 1914959K(2211840K)->1991711K(2211840K)
[412.037s][info][gc,metaspace   ] GC(131) Metaspace: 28890K(29184K)->28890K(29184K) NonClass: 25788K(25920K)->25788K(25920K) Class: 3101K(3264K)->3101K(3264K)
[412.037s][info][gc             ] GC(131) Pause Young (Allocation Failure) 3398M->2049M(4242M) 69.181ms
[412.037s][info][gc,cpu         ] GC(131) User=0.41s Sys=0.00s Real=0.07s
.[413.768s][info][gc,start       ] GC(132) Pause Young (Allocation Failure)
[413.836s][info][gc,heap        ] GC(132) PSYoungGen: 1595364K(2131968K)->102672K(2114560K) Eden: 1488384K(1488384K)->0K(1488384K) From: 106980K(643584K)->102672K(626176K)
[413.836s][info][gc,heap        ] GC(132) ParOldGen: 1991711K(2211840K)->2073271K(2211840K)
[413.836s][info][gc,metaspace   ] GC(132) Metaspace: 28890K(29184K)->28890K(29184K) NonClass: 25788K(25920K)->25788K(25920K) Class: 3101K(3264K)->3101K(3264K)
[413.836s][info][gc             ] GC(132) Pause Young (Allocation Failure) 3503M->2124M(4225M) 68.028ms
[413.836s][info][gc,cpu         ] GC(132) User=0.40s Sys=0.00s Real=0.07s
. (rIR:aIR:PR = 5774:5815:5815) (tPR = 89737) [OK] 
   413s:       rampup IR =   6929 .[415.296s][info][gc,start       ] GC(133) Pause Young (Allocation Failure)
[415.368s][info][gc,heap        ] GC(133) PSYoungGen: 1591056K(2114560K)->110372K(2148352K) Eden: 1488384K(1488384K)->0K(1547776K) From: 102672K(626176K)->110372K(600576K)
[415.368s][info][gc,heap        ] GC(133) ParOldGen: 2073271K(2211840K)->2151367K(2211840K)
[415.368s][info][gc,metaspace   ] GC(133) Metaspace: 28891K(29184K)->28891K(29184K) NonClass: 25790K(25920K)->25790K(25920K) Class: 3101K(3264K)->3101K(3264K)
[415.368s][info][gc             ] GC(133) Pause Young (Allocation Failure) 3578M->2208M(4258M) 71.553ms
[415.368s][info][gc,cpu         ] GC(133) User=0.42s Sys=0.00s Real=0.07s
.[416.895s][info][gc,start       ] GC(134) Pause Young (Allocation Failure)
[416.966s][info][gc,heap        ] GC(134) PSYoungGen: 1658148K(2148352K)->109120K(2134016K) Eden: 1547776K(1547776K)->0K(1547776K) From: 110372K(600576K)->109120K(586240K)
[416.966s][info][gc,heap        ] GC(134) ParOldGen: 2151367K(2211840K)->2229831K(2230272K)
[416.966s][info][gc,metaspace   ] GC(134) Metaspace: 28891K(29184K)->28891K(29184K) NonClass: 25790K(25920K)->25790K(25920K) Class: 3101K(3264K)->3101K(3264K)
[416.966s][info][gc             ] GC(134) Pause Young (Allocation Failure) 3720M->2284M(4262M) 71.012ms
[416.966s][info][gc,cpu         ] GC(134) User=0.40s Sys=0.01s Real=0.07s
.. (rIR:aIR:PR = 6929:6823:6823) (tPR = 100221) [OK] 
   417s:       rampup IR =   8084 [418.466s][info][gc,start       ] GC(135) Pause Young (Allocation Failure)
[418.539s][info][gc,heap        ] GC(135) PSYoungGen: 1656896K(2134016K)->107520K(2187776K) Eden: 1547776K(1547776K)->0K(1631232K) From: 109120K(586240K)->107520K(556544K)
[418.539s][info][gc,heap        ] GC(135) ParOldGen: 2229831K(2230272K)->2309919K(2310144K)
[418.539s][info][gc,metaspace   ] GC(135) Metaspace: 28895K(29248K)->28895K(29248K) NonClass: 25794K(25984K)->25794K(25984K) Class: 3101K(3264K)->3101K(3264K)
[418.539s][info][gc             ] GC(135) Pause Young (Allocation Failure) 3795M->2360M(4392M) 73.148ms
[418.539s][info][gc,cpu         ] GC(135) User=0.40s Sys=0.03s Real=0.07s
.[419.927s][info][gc,start       ] GC(136) Pause Young (Allocation Failure)
[419.999s][info][gc,heap        ] GC(136) PSYoungGen: 1738752K(2187776K)->109248K(2173440K) Eden: 1631232K(1631232K)->0K(1631232K) From: 107520K(556544K)->109248K(542208K)
[419.999s][info][gc,heap        ] GC(136) ParOldGen: 2309919K(2310144K)->2390239K(2390528K)
[419.999s][info][gc,metaspace   ] GC(136) Metaspace: 28895K(29248K)->28895K(29248K) NonClass: 25794K(25984K)->25794K(25984K) Class: 3101K(3264K)->3101K(3264K)
[419.999s][info][gc             ] GC(136) Pause Young (Allocation Failure) 3953M->2440M(4457M) 72.580ms
[420.000s][info][gc,cpu         ] GC(136) User=0.41s Sys=0.02s Real=0.07s
..[421.284s][info][gc,start       ] GC(137) Pause Young (Allocation Failure)
[421.360s][info][gc,heap        ] GC(137) PSYoungGen: 1740480K(2173440K)->112196K(2230784K) Eden: 1631232K(1631232K)->0K(1720320K) From: 109248K(542208K)->112196K(510464K)
[421.360s][info][gc,heap        ] GC(137) ParOldGen: 2390239K(2390528K)->2477687K(2478080K)
[421.360s][info][gc,metaspace   ] GC(137) Metaspace: 28896K(29248K)->28896K(29248K) NonClass: 25794K(25984K)->25794K(25984K) Class: 3101K(3264K)->3101K(3264K)
[421.360s][info][gc             ] GC(137) Pause Young (Allocation Failure) 4033M->2529M(4598M) 76.861ms
[421.360s][info][gc,cpu         ] GC(137) User=0.43s Sys=0.03s Real=0.08s
.[422.799s][info][gc,start       ] GC(138) Pause Young (Allocation Failure)
[422.880s][info][gc,heap        ] GC(138) PSYoungGen: 1832516K(2230784K)->130373K(2216960K) Eden: 1720320K(1720320K)->0K(1720320K) From: 112196K(510464K)->130373K(496640K)
[422.880s][info][gc,heap        ] GC(138) ParOldGen: 2477687K(2478080K)->2556727K(2556928K)
[422.880s][info][gc,metaspace   ] GC(138) Metaspace: 28896K(29248K)->28896K(29248K) NonClass: 25794K(25984K)->25794K(25984K) Class: 3101K(3264K)->3101K(3264K)
[422.880s][info][gc             ] GC(138) Pause Young (Allocation Failure) 4209M->2624M(4662M) 80.571ms
[422.880s][info][gc,cpu         ] GC(138) User=0.45s Sys=0.03s Real=0.08s
. (rIR:aIR:PR = 8084:8191:8192) (tPR = 122614) [OK] 
   422s:       rampup IR =   9238 .[424.149s][info][gc,start       ] GC(139) Pause Young (Allocation Failure)
[424.228s][info][gc,heap        ] GC(139) PSYoungGen: 1850693K(2216960K)->116384K(2277376K) Eden: 1720320K(1720320K)->0K(1810944K) From: 130373K(496640K)->116384K(466432K)
[424.228s][info][gc,heap        ] GC(139) ParOldGen: 2556727K(2556928K)->2645591K(2646016K)
[424.228s][info][gc,metaspace   ] GC(139) Metaspace: 28897K(29248K)->28897K(29248K) NonClass: 25796K(25984K)->25796K(25984K) Class: 3101K(3264K)->3101K(3264K)
[424.228s][info][gc             ] GC(139) Pause Young (Allocation Failure) 4304M->2697M(4808M) 78.926ms
[424.228s][info][gc,cpu         ] GC(139) User=0.45s Sys=0.02s Real=0.08s
.[425.483s][info][gc,start       ] GC(140) Pause Young (Allocation Failure)
[425.567s][info][gc,heap        ] GC(140) PSYoungGen: 1927328K(2277376K)->132921K(2260480K) Eden: 1810944K(1810944K)->0K(1810944K) From: 116384K(466432K)->132921K(449536K)
[425.567s][info][gc,heap        ] GC(140) ParOldGen: 2645591K(2646016K)->2730663K(2731008K)
[425.567s][info][gc,metaspace   ] GC(140) Metaspace: 28898K(29248K)->28898K(29248K) NonClass: 25797K(25984K)->25797K(25984K) Class: 3101K(3264K)->3101K(3264K)
[425.567s][info][gc             ] GC(140) Pause Young (Allocation Failure) 4465M->2796M(4874M) 83.973ms
[425.567s][info][gc,cpu         ] GC(140) User=0.46s Sys=0.03s Real=0.08s
.[426.864s][info][gc,start       ] GC(141) Pause Young (Allocation Failure)
[426.952s][info][gc,heap        ] GC(141) PSYoungGen: 1943865K(2260480K)->138608K(2323456K) Eden: 1810944K(1810944K)->0K(1903104K) From: 132921K(449536K)->138608K(420352K)
[426.952s][info][gc,heap        ] GC(141) ParOldGen: 2730663K(2731008K)->2817556K(2818048K)
[426.952s][info][gc,metaspace   ] GC(141) Metaspace: 28898K(29248K)->28898K(29248K) NonClass: 25797K(25984K)->25797K(25984K) Class: 3101K(3264K)->3101K(3264K)
[426.952s][info][gc             ] GC(141) Pause Young (Allocation Failure) 4564M->2886M(5021M) 87.146ms
[426.952s][info][gc,cpu         ] GC(141) User=0.49s Sys=0.03s Real=0.09s
.. (rIR:aIR:PR = 9238:9515:9513) (tPR = 140875) [OK] 
   427s:       rampup IR =  10393 [428.310s][info][gc,start       ] GC(142) Pause Young (Allocation Failure)
[428.397s][info][gc,heap        ] GC(142) PSYoungGen: 2041712K(2323456K)->137765K(2306048K) Eden: 1903104K(1903104K)->0K(1903104K) From: 138608K(420352K)->137765K(402944K)
[428.397s][info][gc,heap        ] GC(142) ParOldGen: 2817556K(2818048K)->2905844K(2906112K)
[428.397s][info][gc,metaspace   ] GC(142) Metaspace: 28899K(29248K)->28899K(29248K) NonClass: 25797K(25984K)->25797K(25984K) Class: 3101K(3264K)->3101K(3264K)
[428.397s][info][gc             ] GC(142) Pause Young (Allocation Failure) 4745M->2972M(5090M) 86.874ms
[428.397s][info][gc,cpu         ] GC(142) User=0.48s Sys=0.03s Real=0.08s
.[429.570s][info][gc,start       ] GC(143) Pause Young (Allocation Failure)
[429.655s][info][gc,heap        ] GC(143) PSYoungGen: 2040869K(2306048K)->129664K(2373120K) Eden: 1903104K(1903104K)->0K(1991168K) From: 137765K(402944K)->129664K(381952K)
[429.655s][info][gc,heap        ] GC(143) ParOldGen: 2905844K(2906112K)->3001116K(3001344K)
[429.655s][info][gc,metaspace   ] GC(143) Metaspace: 28899K(29248K)->28899K(29248K) NonClass: 25798K(25984K)->25798K(25984K) Class: 3101K(3264K)->3101K(3264K)
[429.655s][info][gc             ] GC(143) Pause Young (Allocation Failure) 4830M->3057M(5248M) 85.847ms
[429.655s][info][gc,cpu         ] GC(143) User=0.47s Sys=0.04s Real=0.09s
.[430.896s][info][gc,start       ] GC(144) Pause Young (Allocation Failure)
[430.991s][info][gc,heap        ] GC(144) PSYoungGen: 2120832K(2373120K)->157314K(2354688K) Eden: 1991168K(1991168K)->0K(1991168K) From: 129664K(381952K)->157314K(363520K)
[430.991s][info][gc,heap        ] GC(144) ParOldGen: 3001116K(3001344K)->3090892K(3090944K)
[430.991s][info][gc,metaspace   ] GC(144) Metaspace: 28899K(29248K)->28899K(29248K) NonClass: 25798K(25984K)->25798K(25984K) Class: 3101K(3264K)->3101K(3264K)
[430.991s][info][gc             ] GC(144) Pause Young (Allocation Failure) 5001M->3172M(5318M) 95.158ms
[430.991s][info][gc,cpu         ] GC(144) User=0.54s Sys=0.02s Real=0.10s
.. (rIR:aIR:PR = 10393:10659:10659) (tPR = 159747) [OK] 
   431s:       rampup IR =  11548 [432.295s][info][gc,start       ] GC(145) Pause Young (Allocation Failure)
[432.388s][info][gc,heap        ] GC(145) PSYoungGen: 2148482K(2354688K)->142021K(2411520K) Eden: 1991168K(1991168K)->0K(2067456K) From: 157314K(363520K)->142021K(344064K)
[432.388s][info][gc,heap        ] GC(145) ParOldGen: 3090892K(3090944K)->3190132K(3190272K)
[432.388s][info][gc,metaspace   ] GC(145) Metaspace: 28906K(29248K)->28906K(29248K) NonClass: 25805K(25984K)->25805K(25984K) Class: 3101K(3264K)->3101K(3264K)
[432.388s][info][gc             ] GC(145) Pause Young (Allocation Failure) 5116M->3254M(5470M) 92.529ms
[432.388s][info][gc,cpu         ] GC(145) User=0.52s Sys=0.03s Real=0.09s
.[433.565s][info][gc,start       ] GC(146) Pause Young (Allocation Failure)
[433.652s][info][gc,heap        ] GC(146) PSYoungGen: 2209477K(2411520K)->134880K(2394624K) Eden: 2067456K(2067456K)->0K(2067456K) From: 142021K(344064K)->134880K(327168K)
[433.652s][info][gc,heap        ] GC(146) ParOldGen: 3190132K(3190272K)->3282620K(3282944K)
[433.652s][info][gc,metaspace   ] GC(146) Metaspace: 28909K(29248K)->28909K(29248K) NonClass: 25807K(25984K)->25807K(25984K) Class: 3101K(3264K)->3101K(3264K)
[433.652s][info][gc             ] GC(146) Pause Young (Allocation Failure) 5273M->3337M(5544M) 86.410ms
[433.652s][info][gc,cpu         ] GC(146) User=0.47s Sys=0.04s Real=0.09s
.[434.837s][info][gc,start       ] GC(147) Pause Young (Allocation Failure)
[434.978s][info][gc,heap        ] GC(147) PSYoungGen: 2202336K(2394624K)->149952K(2452480K) Eden: 2067456K(2067456K)->0K(2141184K) From: 134880K(327168K)->149952K(311296K)
[434.978s][info][gc,heap        ] GC(147) ParOldGen: 3282620K(3282944K)->3375080K(3375104K)
[434.978s][info][gc,metaspace   ] GC(147) Metaspace: 28909K(29248K)->28909K(29248K) NonClass: 25807K(25984K)->25807K(25984K) Class: 3101K(3264K)->3101K(3264K)
[434.978s][info][gc             ] GC(147) Pause Young (Allocation Failure) 5356M->3442M(5691M) 140.726ms
[434.978s][info][gc,cpu         ] GC(147) User=0.53s Sys=0.03s Real=0.14s
.[436.169s][info][gc,start       ] GC(148) Pause Young (Allocation Failure)
[436.261s][info][gc,heap        ] GC(148) PSYoungGen: 2291136K(2452480K)->146288K(2437632K) Eden: 2141184K(2141184K)->0K(2141184K) From: 149952K(311296K)->146288K(296448K)
[436.261s][info][gc,heap        ] GC(148) ParOldGen: 3375080K(3375104K)->3471200K(3471360K)
[436.261s][info][gc,metaspace   ] GC(148) Metaspace: 28912K(29248K)->28912K(29248K) NonClass: 25810K(25984K)->25810K(25984K) Class: 3101K(3264K)->3101K(3264K)
[436.261s][info][gc             ] GC(148) Pause Young (Allocation Failure) 5533M->3532M(5770M) 92.690ms
[436.261s][info][gc,cpu         ] GC(148) User=0.52s Sys=0.03s Real=0.10s
. (rIR:aIR:PR = 11548:11319:11402) (tPR = 173148) [OK] 
   436s:       trying IR =  11648 .[437.587s][info][gc,start       ] GC(149) Pause Young (Allocation Failure)
[437.683s][info][gc,heap        ] GC(149) PSYoungGen: 2287472K(2437632K)->152421K(2483200K) Eden: 2141184K(2141184K)->0K(2200576K) From: 146288K(296448K)->152421K(282624K)
[437.683s][info][gc,heap        ] GC(149) ParOldGen: 3471200K(3471360K)->3570736K(3571200K)
[437.683s][info][gc,metaspace   ] GC(149) Metaspace: 28912K(29248K)->28912K(29248K) NonClass: 25810K(25984K)->25810K(25984K) Class: 3101K(3264K)->3101K(3264K)
[437.683s][info][gc             ] GC(149) Pause Young (Allocation Failure) 5623M->3635M(5912M) 96.171ms
[437.683s][info][gc,cpu         ] GC(149) User=0.53s Sys=0.03s Real=0.10s
.[438.979s][info][gc,start       ] GC(150) Pause Young (Allocation Failure)
[439.074s][info][gc,heap        ] GC(150) PSYoungGen: 2352997K(2483200K)->144485K(2470912K) Eden: 2200576K(2200576K)->0K(2200576K) From: 152421K(282624K)->144485K(270336K)
[439.074s][info][gc,heap        ] GC(150) ParOldGen: 3570736K(3571200K)->3672704K(3673088K)
[439.074s][info][gc,metaspace   ] GC(150) Metaspace: 28912K(29248K)->28912K(29248K) NonClass: 25810K(25984K)->25810K(25984K) Class: 3101K(3264K)->3101K(3264K)
[439.074s][info][gc             ] GC(150) Pause Young (Allocation Failure) 5784M->3727M(6000M) 94.865ms
[439.074s][info][gc,cpu         ] GC(150) User=0.53s Sys=0.03s Real=0.10s
.[440.322s][info][gc,start       ] GC(151) Pause Young (Allocation Failure)
[440.419s][info][gc,heap        ] GC(151) PSYoungGen: 2345061K(2470912K)->157040K(2510336K) Eden: 2200576K(2200576K)->0K(2251264K) From: 144485K(270336K)->157040K(259072K)
[440.419s][info][gc,heap        ] GC(151) ParOldGen: 3672704K(3673088K)->3769628K(3769856K)
[440.419s][info][gc,metaspace   ] GC(151) Metaspace: 28912K(29248K)->28912K(29248K) NonClass: 25810K(25984K)->25810K(25984K) Class: 3101K(3264K)->3101K(3264K)
[440.419s][info][gc             ] GC(151) Pause Young (Allocation Failure) 5876M->3834M(6133M) 96.343ms
[440.419s][info][gc,cpu         ] GC(151) User=0.55s Sys=0.02s Real=0.09s
.[441.706s][info][gc,start       ] GC(152) Pause Young (Allocation Failure)
[441.806s][info][gc,heap        ] GC(152) PSYoungGen: 2408304K(2510336K)->159962K(2502144K) Eden: 2251264K(2251264K)->0K(2251264K) From: 157040K(259072K)->159962K(250880K)
[441.806s][info][gc,heap        ] GC(152) ParOldGen: 3769628K(3769856K)->3872676K(3872768K)
[441.806s][info][gc,metaspace   ] GC(152) Metaspace: 28912K(29248K)->28912K(29248K) NonClass: 25810K(25984K)->25810K(25984K) Class: 3101K(3264K)->3101K(3264K)
[441.806s][info][gc             ] GC(152) Pause Young (Allocation Failure) 6033M->3938M(6225M) 100.668ms
[441.806s][info][gc,cpu         ] GC(152) User=0.55s Sys=0.04s Real=0.10s
..[443.119s][info][gc,start       ] GC(153) Pause Young (Allocation Failure)
[443.213s][info][gc,heap        ] GC(153) PSYoungGen: 2411226K(2502144K)->147840K(2536448K) Eden: 2251264K(2251264K)->0K(2294784K) From: 159962K(250880K)->147840K(241664K)
[443.213s][info][gc,heap        ] GC(153) ParOldGen: 3872676K(3872768K)->3971732K(3972096K)
[443.213s][info][gc,metaspace   ] GC(153) Metaspace: 28912K(29248K)->28912K(29248K) NonClass: 25810K(25984K)->25810K(25984K) Class: 3101K(3264K)->3101K(3264K)
[443.213s][info][gc             ] GC(153) Pause Young (Allocation Failure) 6136M->4023M(6356M) 93.638ms
[443.213s][info][gc,cpu         ] GC(153) User=0.53s Sys=0.02s Real=0.10s
.[444.564s][info][gc,start       ] GC(154) Pause Young (Allocation Failure)
[444.675s][info][gc,heap        ] GC(154) PSYoungGen: 2442624K(2536448K)->172309K(2530816K) Eden: 2294784K(2294784K)->0K(2294784K) From: 147840K(241664K)->172309K(236032K)
[444.675s][info][gc,heap        ] GC(154) ParOldGen: 3971732K(3972096K)->4074748K(4075008K)
[444.675s][info][gc,metaspace   ] GC(154) Metaspace: 28912K(29248K)->28912K(29248K) NonClass: 25810K(25984K)->25810K(25984K) Class: 3101K(3264K)->3101K(3264K)
[444.675s][info][gc             ] GC(154) Pause Young (Allocation Failure) 6264M->4147M(6451M) 110.951ms
[444.675s][info][gc,cpu         ] GC(154) User=0.62s Sys=0.03s Real=0.11s
. (rIR:aIR:PR = 11648:11512:11513) (tPR = 168955) [OK] 
   445s:       trying IR =  11668 [445.964s][info][gc,start       ] GC(155) Pause Young (Allocation Failure)
[446.068s][info][gc,heap        ] GC(155) PSYoungGen: 2467093K(2530816K)->167850K(2556928K) Eden: 2294784K(2294784K)->0K(2321408K) From: 172309K(236032K)->167850K(235520K)
[446.068s][info][gc,heap        ] GC(155) ParOldGen: 4074748K(4075008K)->4170908K(4171264K)
[446.068s][info][gc,metaspace   ] GC(155) Metaspace: 28912K(29248K)->28912K(29248K) NonClass: 25810K(25984K)->25810K(25984K) Class: 3101K(3264K)->3101K(3264K)
[446.068s][info][gc             ] GC(155) Pause Young (Allocation Failure) 6388M->4237M(6570M) 103.554ms
[446.068s][info][gc,cpu         ] GC(155) User=0.57s Sys=0.04s Real=0.10s
..[447.467s][info][gc,start       ] GC(156) Pause Young (Allocation Failure)
[447.578s][info][gc,heap        ] GC(156) PSYoungGen: 2489258K(2556928K)->172590K(2553856K) Eden: 2321408K(2321408K)->0K(2321408K) From: 167850K(235520K)->172590K(232448K)
[447.578s][info][gc,heap        ] GC(156) ParOldGen: 4170908K(4171264K)->4282020K(4282368K)
[447.578s][info][gc,metaspace   ] GC(156) Metaspace: 28912K(29248K)->28912K(29248K) NonClass: 25810K(25984K)->25810K(25984K) Class: 3101K(3264K)->3101K(3264K)
[447.578s][info][gc             ] GC(156) Pause Young (Allocation Failure) 6504M->4350M(6676M) 110.978ms
[447.578s][info][gc,cpu         ] GC(156) User=0.62s Sys=0.03s Real=0.11s
[447.801s][info][gc,start       ] GC(157) Pause Full (Diagnostic Command)
[447.801s][info][gc,phases,start] GC(157) Marking Phase
[448.101s][info][gc,phases      ] GC(157) Marking Phase 299.576ms
[448.101s][info][gc,phases,start] GC(157) Summary Phase
[448.101s][info][gc,phases      ] GC(157) Summary Phase 0.075ms
[448.102s][info][gc,phases,start] GC(157) Forward
[448.242s][info][gc,phases      ] GC(157) Forward 140.340ms
[448.242s][info][gc,phases,start] GC(157) Adjust Pointers
[448.462s][info][gc,phases      ] GC(157) Adjust Pointers 220.254ms
[448.462s][info][gc,phases,start] GC(157) Compaction Phase
[448.686s][info][gc,phases      ] GC(157) Compaction Phase 223.597ms
[448.688s][info][gc,phases,start] GC(157) Post Compact
[448.692s][info][gc,phases      ] GC(157) Post Compact 4.262ms
[448.693s][info][gc,heap        ] GC(157) PSYoungGen: 567630K(2553856K)->0K(2553856K) Eden: 395039K(2321408K)->0K(2321408K) From: 172590K(232448K)->0K(232448K)
[448.693s][info][gc,heap        ] GC(157) ParOldGen: 4282020K(4282368K)->1336979K(4282368K)
[448.693s][info][gc,metaspace   ] GC(157) Metaspace: 28912K(29248K)->28912K(29248K) NonClass: 25810K(25984K)->25810K(25984K) Class: 3101K(3264K)->3101K(3264K)
[448.693s][info][gc             ] GC(157) Pause Full (Diagnostic Command) 4735M->1305M(6676M) 891.560ms
[448.693s][info][gc,cpu         ] GC(157) User=4.93s Sys=0.00s Real=0.89s
..[450.026s][info][gc,start       ] GC(158) Pause Young (Allocation Failure)
[450.093s][info][gc,heap        ] GC(158) PSYoungGen: 2321408K(2553856K)->158094K(2554368K) Eden: 2321408K(2321408K)->0K(2332160K) From: 0K(232448K)->158094K(222208K)
[450.093s][info][gc,heap        ] GC(158) ParOldGen: 1336979K(4282368K)->1336979K(4282368K)
[450.093s][info][gc,metaspace   ] GC(158) Metaspace: 28923K(29248K)->28923K(29248K) NonClass: 25821K(25984K)->25821K(25984K) Class: 3101K(3264K)->3101K(3264K)
[450.093s][info][gc             ] GC(158) Pause Young (Allocation Failure) 3572M->1460M(6676M) 67.169ms
[450.093s][info][gc,cpu         ] GC(158) User=0.40s Sys=0.00s Real=0.07s
.[451.305s][info][gc,start       ] GC(159) Pause Young (Allocation Failure)
[451.400s][info][gc,heap        ] GC(159) PSYoungGen: 2490254K(2554368K)->168372K(2556928K) Eden: 2332160K(2332160K)->0K(2332160K) From: 158094K(222208K)->168372K(224768K)
[451.400s][info][gc,heap        ] GC(159) ParOldGen: 1336979K(4282368K)->1430747K(4282368K)
[451.400s][info][gc,metaspace   ] GC(159) Metaspace: 28923K(29248K)->28923K(29248K) NonClass: 25821K(25984K)->25821K(25984K) Class: 3101K(3264K)->3101K(3264K)
[451.400s][info][gc             ] GC(159) Pause Young (Allocation Failure) 3737M->1561M(6679M) 95.488ms
[451.400s][info][gc,cpu         ] GC(159) User=0.56s Sys=0.00s Real=0.10s
.[452.640s][info][gc,start       ] GC(160) Pause Young (Allocation Failure)
[452.742s][info][gc,heap        ] GC(160) PSYoungGen: 2500532K(2556928K)->171216K(2568192K) Eden: 2332160K(2332160K)->0K(2349056K) From: 168372K(224768K)->171216K(219136K)
[452.742s][info][gc,heap        ] GC(160) ParOldGen: 1430747K(4282368K)->1539811K(4282368K)
[452.742s][info][gc,metaspace   ] GC(160) Metaspace: 28924K(29248K)->28924K(29248K) NonClass: 25822K(25984K)->25822K(25984K) Class: 3101K(3264K)->3101K(3264K)
[452.742s][info][gc             ] GC(160) Pause Young (Allocation Failure) 3839M->1670M(6690M) 102.415ms
[452.742s][info][gc,cpu         ] GC(160) User=0.58s Sys=0.03s Real=0.10s
.[454.146s][info][gc,start       ] GC(161) Pause Young (Allocation Failure)
[454.236s][info][gc,heap        ] GC(161) PSYoungGen: 2520272K(2568192K)->149344K(2569728K) Eden: 2349056K(2349056K)->0K(2349056K) From: 171216K(219136K)->149344K(220672K)
[454.236s][info][gc,heap        ] GC(161) ParOldGen: 1539811K(4282368K)->1647131K(4282368K)
[454.236s][info][gc,metaspace   ] GC(161) Metaspace: 28924K(29248K)->28924K(29248K) NonClass: 25822K(25984K)->25822K(25984K) Class: 3101K(3264K)->3101K(3264K)
[454.236s][info][gc             ] GC(161) Pause Young (Allocation Failure) 3964M->1754M(6691M) 89.377ms
[454.236s][info][gc,cpu         ] GC(161) User=0.53s Sys=0.00s Real=0.09s
.[455.518s][info][gc,start       ] GC(162) Pause Young (Allocation Failure)
[455.620s][info][gc,heap        ] GC(162) PSYoungGen: 2498400K(2569728K)->172219K(2572800K) Eden: 2349056K(2349056K)->0K(2356736K) From: 149344K(220672K)->172219K(216064K)
[455.620s][info][gc,heap        ] GC(162) ParOldGen: 1647131K(4282368K)->1745307K(4282368K)
[455.620s][info][gc,metaspace   ] GC(162) Metaspace: 28924K(29248K)->28924K(29248K) NonClass: 25822K(25984K)->25822K(25984K) Class: 3101K(3264K)->3101K(3264K)
[455.620s][info][gc             ] GC(162) Pause Young (Allocation Failure) 4048M->1872M(6694M) 101.609ms
[455.620s][info][gc,cpu         ] GC(162) User=0.59s Sys=0.00s Real=0.11s
..[456.986s][info][gc,start       ] GC(163) Pause Young (Allocation Failure)
[457.081s][info][gc,heap        ] GC(163) PSYoungGen: 2528955K(2572800K)->159216K(2572288K) Eden: 2356736K(2356736K)->0K(2356736K) From: 172219K(216064K)->159216K(215552K)
[457.081s][info][gc,heap        ] GC(163) ParOldGen: 1745307K(4282368K)->1853571K(4282368K)
[457.081s][info][gc,metaspace   ] GC(163) Metaspace: 28924K(29248K)->28924K(29248K) NonClass: 25822K(25984K)->25822K(25984K) Class: 3101K(3264K)->3101K(3264K)
[457.081s][info][gc             ] GC(163) Pause Young (Allocation Failure) 4174M->1965M(6694M) 94.885ms
[457.081s][info][gc,cpu         ] GC(163) User=0.55s Sys=0.00s Real=0.10s
.[458.300s][info][gc,start       ] GC(164) Pause Young (Allocation Failure)
[458.391s][info][gc,heap        ] GC(164) PSYoungGen: 2515952K(2572288K)->158240K(2575872K) Eden: 2356736K(2356736K)->0K(2369024K) From: 159216K(215552K)->158240K(206848K)
[458.391s][info][gc,heap        ] GC(164) ParOldGen: 1853571K(4282368K)->1953755K(4282368K)
[458.391s][info][gc,metaspace   ] GC(164) Metaspace: 28924K(29248K)->28924K(29248K) NonClass: 25822K(25984K)->25822K(25984K) Class: 3101K(3264K)->3101K(3264K)
[458.391s][info][gc             ] GC(164) Pause Young (Allocation Failure) 4267M->2062M(6697M) 90.765ms
[458.391s][info][gc,cpu         ] GC(164) User=0.53s Sys=0.00s Real=0.09s
.[459.742s][info][gc,start       ] GC(165) Pause Young (Allocation Failure)
[459.842s][info][gc,heap        ] GC(165) PSYoungGen: 2527264K(2575872K)->164028K(2574336K) Eden: 2369024K(2369024K)->0K(2369024K) From: 158240K(206848K)->164028K(205312K)
[459.842s][info][gc,heap        ] GC(165) ParOldGen: 1953755K(4282368K)->2062643K(4282368K)
[459.842s][info][gc,metaspace   ] GC(165) Metaspace: 28924K(29248K)->28924K(29248K) NonClass: 25822K(25984K)->25822K(25984K) Class: 3101K(3264K)->3101K(3264K)
[459.842s][info][gc             ] GC(165) Pause Young (Allocation Failure) 4375M->2174M(6696M) 100.174ms
[459.842s][info][gc,cpu         ] GC(165) User=0.59s Sys=0.00s Real=0.10s
.[461.136s][info][gc,start       ] GC(166) Pause Young (Allocation Failure)
[461.236s][info][gc,heap        ] GC(166) PSYoungGen: 2533052K(2574336K)->168996K(2586624K) Eden: 2369024K(2369024K)->0K(2384384K) From: 164028K(205312K)->168996K(202240K)
[461.236s][info][gc,heap        ] GC(166) ParOldGen: 2062643K(4282368K)->2158395K(4282368K)
[461.236s][info][gc,metaspace   ] GC(166) Metaspace: 28924K(29248K)->28924K(29248K) NonClass: 25822K(25984K)->25822K(25984K) Class: 3101K(3264K)->3101K(3264K)
[461.236s][info][gc             ] GC(166) Pause Young (Allocation Failure) 4487M->2272M(6708M) 99.957ms
[461.236s][info][gc,cpu         ] GC(166) User=0.58s Sys=0.01s Real=0.10s
.[462.524s][info][gc,start       ] GC(167) Pause Young (Allocation Failure)
[462.622s][info][gc,heap        ] GC(167) PSYoungGen: 2553380K(2586624K)->162629K(2586112K) Eden: 2384384K(2384384K)->0K(2384384K) From: 168996K(202240K)->162629K(201728K)
[462.622s][info][gc,heap        ] GC(167) ParOldGen: 2158395K(4282368K)->2267955K(4282368K)
[462.622s][info][gc,metaspace   ] GC(167) Metaspace: 28924K(29248K)->28924K(29248K) NonClass: 25822K(25984K)->25822K(25984K) Class: 3101K(3264K)->3101K(3264K)
[462.622s][info][gc             ] GC(167) Pause Young (Allocation Failure) 4601M->2373M(6707M) 97.216ms
[462.622s][info][gc,cpu         ] GC(167) User=0.57s Sys=0.00s Real=0.10s
. (rIR:aIR:PR = 11668:11284:11289) (tPR = 165889) [OK] 
   462s:       trying IR =  11692 .[463.844s][info][gc,start       ] GC(168) Pause Young (Allocation Failure)
[463.981s][info][gc,heap        ] GC(168) PSYoungGen: 2547013K(2586112K)->182624K(2585600K) Eden: 2384384K(2384384K)->0K(2387456K) From: 162629K(201728K)->182624K(198144K)
[463.981s][info][gc,heap        ] GC(168) ParOldGen: 2267955K(4282368K)->2366915K(4282368K)
[463.981s][info][gc,metaspace   ] GC(168) Metaspace: 28924K(29248K)->28924K(29248K) NonClass: 25822K(25984K)->25822K(25984K) Class: 3101K(3264K)->3101K(3264K)
[463.981s][info][gc             ] GC(168) Pause Young (Allocation Failure) 4702M->2489M(6707M) 137.140ms
[463.981s][info][gc,cpu         ] GC(168) User=0.60s Sys=0.03s Real=0.14s
.[465.331s][info][gc,start       ] GC(169) Pause Young (Allocation Failure)
[465.430s][info][gc,heap        ] GC(169) PSYoungGen: 2570080K(2585600K)->161704K(2590208K) Eden: 2387456K(2387456K)->0K(2387456K) From: 182624K(198144K)->161704K(202752K)
[465.430s][info][gc,heap        ] GC(169) ParOldGen: 2366915K(4282368K)->2481243K(4282368K)
[465.430s][info][gc,metaspace   ] GC(169) Metaspace: 28924K(29248K)->28924K(29248K) NonClass: 25822K(25984K)->25822K(25984K) Class: 3101K(3264K)->3101K(3264K)
[465.430s][info][gc             ] GC(169) Pause Young (Allocation Failure) 4821M->2581M(6711M) 98.514ms
[465.430s][info][gc,cpu         ] GC(169) User=0.58s Sys=0.00s Real=0.09s
.[466.763s][info][gc,start       ] GC(170) Pause Young (Allocation Failure)
[466.912s][info][gc,heap        ] GC(170) PSYoungGen: 2549160K(2590208K)->177856K(2591744K) Eden: 2387456K(2387456K)->0K(2393088K) From: 161704K(202752K)->177856K(198656K)
[466.912s][info][gc,heap        ] GC(170) ParOldGen: 2481243K(4282368K)->2586267K(4282368K)
[466.912s][info][gc,metaspace   ] GC(170) Metaspace: 28924K(29248K)->28924K(29248K) NonClass: 25822K(25984K)->25822K(25984K) Class: 3101K(3264K)->3101K(3264K)
[466.912s][info][gc             ] GC(170) Pause Young (Allocation Failure) 4912M->2699M(6713M) 148.969ms
[466.912s][info][gc,cpu         ] GC(170) User=0.61s Sys=0.00s Real=0.15s
. (rIR:aIR:PR = 11692:11514:11181) (tPR = 164778) [OK] 
   466s:       trying IR =  11721 [468.151s][info][gc,start       ] GC(171) Pause Young (Allocation Failure)
[468.244s][info][gc,heap        ] GC(171) PSYoungGen: 2570944K(2591744K)->158240K(2593792K) Eden: 2393088K(2393088K)->0K(2393088K) From: 177856K(198656K)->158240K(200704K)
[468.244s][info][gc,heap        ] GC(171) ParOldGen: 2586267K(4282368K)->2687771K(4282368K)
[468.244s][info][gc,metaspace   ] GC(171) Metaspace: 28924K(29248K)->28924K(29248K) NonClass: 25822K(25984K)->25822K(25984K) Class: 3101K(3264K)->3101K(3264K)
[468.244s][info][gc             ] GC(171) Pause Young (Allocation Failure) 5036M->2779M(6715M) 93.183ms
[468.244s][info][gc,cpu         ] GC(171) User=0.55s Sys=0.00s Real=0.09s
..[469.496s][info][gc,start       ] GC(172) Pause Young (Allocation Failure)
[469.602s][info][gc,heap        ] GC(172) PSYoungGen: 2551328K(2593792K)->178032K(2592768K) Eden: 2393088K(2393088K)->0K(2394624K) From: 158240K(200704K)->178032K(198144K)
[469.602s][info][gc,heap        ] GC(172) ParOldGen: 2687771K(4282368K)->2796339K(4282368K)
[469.602s][info][gc,metaspace   ] GC(172) Metaspace: 28924K(29248K)->28924K(29248K) NonClass: 25822K(25984K)->25822K(25984K) Class: 3101K(3264K)->3101K(3264K)
[469.602s][info][gc             ] GC(172) Pause Young (Allocation Failure) 5116M->2904M(6714M) 105.228ms
[469.602s][info][gc,cpu         ] GC(172) User=0.62s Sys=0.00s Real=0.11s
.[471.004s][info][gc,start       ] GC(173) Pause Young (Allocation Failure)
[471.110s][info][gc,heap        ] GC(173) PSYoungGen: 2572656K(2592768K)->167847K(2594816K) Eden: 2394624K(2394624K)->0K(2394624K) From: 178032K(198144K)->167847K(200192K)
[471.110s][info][gc,heap        ] GC(173) ParOldGen: 2796339K(4282368K)->2906283K(4282368K)
[471.110s][info][gc,metaspace   ] GC(173) Metaspace: 28924K(29248K)->28924K(29248K) NonClass: 25822K(25984K)->25822K(25984K) Class: 3101K(3264K)->3101K(3264K)
[471.110s][info][gc             ] GC(173) Pause Young (Allocation Failure) 5243M->3002M(6716M) 106.000ms
[471.110s][info][gc,cpu         ] GC(173) User=0.63s Sys=0.00s Real=0.11s
.[472.385s][info][gc,start       ] GC(174) Pause Young (Allocation Failure)
[472.484s][info][gc,heap        ] GC(174) PSYoungGen: 2562471K(2594816K)->167904K(2591232K) Eden: 2394624K(2394624K)->0K(2398208K) From: 167847K(200192K)->167904K(193024K)
[472.484s][info][gc,heap        ] GC(174) ParOldGen: 2906283K(4282368K)->3007955K(4282368K)
[472.484s][info][gc,metaspace   ] GC(174) Metaspace: 28927K(29248K)->28927K(29248K) NonClass: 25826K(25984K)->25826K(25984K) Class: 3101K(3264K)->3101K(3264K)
[472.484s][info][gc             ] GC(174) Pause Young (Allocation Failure) 5340M->3101M(6712M) 98.228ms
[472.484s][info][gc,cpu         ] GC(174) User=0.58s Sys=0.00s Real=0.10s
..[473.811s][info][gc,start       ] GC(175) Pause Young (Allocation Failure)
[473.960s][info][gc,heap        ] GC(175) PSYoungGen: 2566112K(2591232K)->172085K(2593280K) Eden: 2398208K(2398208K)->0K(2398208K) From: 167904K(193024K)->172085K(195072K)
[473.960s][info][gc,heap        ] GC(175) ParOldGen: 3007955K(4282368K)->3114075K(4282368K)
[473.960s][info][gc,metaspace   ] GC(175) Metaspace: 28927K(29248K)->28927K(29248K) NonClass: 25826K(25984K)->25826K(25984K) Class: 3101K(3264K)->3101K(3264K)
[473.960s][info][gc             ] GC(175) Pause Young (Allocation Failure) 5443M->3209M(6714M) 148.265ms
[473.960s][info][gc,cpu         ] GC(175) User=0.60s Sys=0.01s Real=0.14s
. (rIR:aIR:PR = 11721:11913:12132) (tPR = 180232) [OK] 
   474s:       trying IR =  11755 [475.335s][info][gc,start       ] GC(176) Pause Young (Allocation Failure)
[475.435s][info][gc,heap        ] GC(176) PSYoungGen: 2570293K(2593280K)->166536K(2595328K) Eden: 2398208K(2398208K)->0K(2406400K) From: 172085K(195072K)->166536K(188928K)
[475.435s][info][gc,heap        ] GC(176) ParOldGen: 3114075K(4282368K)->3217235K(4282368K)
[475.435s][info][gc,metaspace   ] GC(176) Metaspace: 28928K(29248K)->28928K(29248K) NonClass: 25827K(25984K)->25827K(25984K) Class: 3101K(3264K)->3101K(3264K)
[475.435s][info][gc             ] GC(176) Pause Young (Allocation Failure) 5551M->3304M(6716M) 99.708ms
[475.435s][info][gc,cpu         ] GC(176) User=0.59s Sys=0.01s Real=0.10s
.[476.771s][info][gc,start       ] GC(177) Pause Young (Allocation Failure)
[476.913s][info][gc,heap        ] GC(177) PSYoungGen: 2572936K(2595328K)->157824K(2598400K) Eden: 2406400K(2406400K)->0K(2406400K) From: 166536K(188928K)->157824K(192000K)
[476.913s][info][gc,heap        ] GC(177) ParOldGen: 3217235K(4282368K)->3325251K(4282368K)
[476.913s][info][gc,metaspace   ] GC(177) Metaspace: 28928K(29248K)->28928K(29248K) NonClass: 25827K(25984K)->25827K(25984K) Class: 3101K(3264K)->3101K(3264K)
[476.913s][info][gc             ] GC(177) Pause Young (Allocation Failure) 5654M->3401M(6719M) 141.850ms
[476.913s][info][gc,cpu         ] GC(177) User=0.56s Sys=0.00s Real=0.14s
..[478.244s][info][gc,start       ] GC(178) Pause Young (Allocation Failure)
[478.338s][info][gc,heap        ] GC(178) PSYoungGen: 2564224K(2598400K)->153728K(2601984K) Eden: 2406400K(2406400K)->0K(2413056K) From: 157824K(192000K)->153728K(188928K)
[478.338s][info][gc,heap        ] GC(178) ParOldGen: 3325251K(4282368K)->3426059K(4282368K)
[478.338s][info][gc,metaspace   ] GC(178) Metaspace: 28928K(29248K)->28928K(29248K) NonClass: 25827K(25984K)->25827K(25984K) Class: 3101K(3264K)->3101K(3264K)
[478.338s][info][gc             ] GC(178) Pause Young (Allocation Failure) 5751M->3495M(6723M) 93.500ms
[478.338s][info][gc,cpu         ] GC(178) User=0.55s Sys=0.00s Real=0.09s
.[479.687s][info][gc,start       ] GC(179) Pause Young (Allocation Failure)
[479.789s][info][gc,heap        ] GC(179) PSYoungGen: 2566784K(2601984K)->170244K(2603520K) Eden: 2413056K(2413056K)->0K(2413056K) From: 153728K(188928K)->170244K(190464K)
[479.789s][info][gc,heap        ] GC(179) ParOldGen: 3426059K(4282368K)->3531203K(4282368K)
[479.789s][info][gc,metaspace   ] GC(179) Metaspace: 28928K(29248K)->28928K(29248K) NonClass: 25827K(25984K)->25827K(25984K) Class: 3101K(3264K)->3101K(3264K)
[479.789s][info][gc             ] GC(179) Pause Young (Allocation Failure) 5852M->3614M(6724M) 102.282ms
[479.789s][info][gc,cpu         ] GC(179) User=0.60s Sys=0.00s Real=0.10s
. (rIR:aIR:PR = 11755:11645:11647) (tPR = 176921) [OK] 
   479s:       trying IR =  11797 .[481.174s][info][gc,start       ] GC(180) Pause Young (Allocation Failure)
[481.273s][info][gc,heap        ] GC(180) PSYoungGen: 2583300K(2603520K)->169520K(2604032K) Eden: 2413056K(2413056K)->0K(2415616K) From: 170244K(190464K)->169520K(188416K)
[481.273s][info][gc,heap        ] GC(180) ParOldGen: 3531203K(4282368K)->3631907K(4282368K)
[481.273s][info][gc,metaspace   ] GC(180) Metaspace: 28928K(29248K)->28928K(29248K) NonClass: 25827K(25984K)->25827K(25984K) Class: 3101K(3264K)->3101K(3264K)
[481.273s][info][gc             ] GC(180) Pause Young (Allocation Failure) 5971M->3712M(6725M) 98.879ms
[481.273s][info][gc,cpu         ] GC(180) User=0.59s Sys=0.00s Real=0.10s
.[482.660s][info][gc,start       ] GC(181) Pause Young (Allocation Failure)
[482.758s][info][gc,heap        ] GC(181) PSYoungGen: 2585136K(2604032K)->159456K(2605056K) Eden: 2415616K(2415616K)->0K(2415616K) From: 169520K(188416K)->159456K(189440K)
[482.758s][info][gc,heap        ] GC(181) ParOldGen: 3631907K(4282368K)->3744307K(4282368K)
[482.758s][info][gc,metaspace   ] GC(181) Metaspace: 28928K(29248K)->28928K(29248K) NonClass: 25827K(25984K)->25827K(25984K) Class: 3101K(3264K)->3101K(3264K)
[482.758s][info][gc             ] GC(181) Pause Young (Allocation Failure) 6071M->3812M(6726M) 98.401ms
[482.758s][info][gc,cpu         ] GC(181) User=0.58s Sys=0.00s Real=0.09s
.[484.187s][info][gc,start       ] GC(182) Pause Young (Allocation Failure)
[484.284s][info][gc,heap        ] GC(182) PSYoungGen: 2575072K(2605056K)->158656K(2605056K) Eden: 2415616K(2415616K)->0K(2418688K) From: 159456K(189440K)->158656K(186368K)
[484.284s][info][gc,heap        ] GC(182) ParOldGen: 3744307K(4282368K)->3848275K(4282368K)
[484.284s][info][gc,metaspace   ] GC(182) Metaspace: 28928K(29248K)->28928K(29248K) NonClass: 25827K(25984K)->25827K(25984K) Class: 3101K(3264K)->3101K(3264K)
[484.284s][info][gc             ] GC(182) Pause Young (Allocation Failure) 6171M->3913M(6726M) 97.249ms
[484.284s][info][gc,cpu         ] GC(182) User=0.57s Sys=0.00s Real=0.10s
..[485.630s][info][gc,start       ] GC(183) Pause Young (Allocation Failure)
[485.728s][info][gc,heap        ] GC(183) PSYoungGen: 2577344K(2605056K)->161429K(2605568K) Eden: 2418688K(2418688K)->0K(2418688K) From: 158656K(186368K)->161429K(186880K)
[485.728s][info][gc,heap        ] GC(183) ParOldGen: 3848275K(4282368K)->3952763K(4282368K)
[485.728s][info][gc,metaspace   ] GC(183) Metaspace: 28928K(29248K)->28928K(29248K) NonClass: 25827K(25984K)->25827K(25984K) Class: 3101K(3264K)->3101K(3264K)
[485.728s][info][gc             ] GC(183) Pause Young (Allocation Failure) 6275M->4017M(6726M) 98.273ms
[485.728s][info][gc,cpu         ] GC(183) User=0.58s Sys=0.00s Real=0.09s
. (rIR:aIR:PR = 11797:11346:11354) (tPR = 170230) [OK] 
   486s:       trying IR =  11847 [487.154s][info][gc,start       ] GC(184) Pause Young (Allocation Failure)
[487.248s][info][gc,heap        ] GC(184) PSYoungGen: 2580117K(2605568K)->154848K(2608128K) Eden: 2418688K(2418688K)->0K(2423296K) From: 161429K(186880K)->154848K(184832K)
[487.248s][info][gc,heap        ] GC(184) ParOldGen: 3952763K(4282368K)->4053883K(4282368K)
[487.248s][info][gc,metaspace   ] GC(184) Metaspace: 28928K(29248K)->28928K(29248K) NonClass: 25827K(25984K)->25827K(25984K) Class: 3101K(3264K)->3101K(3264K)
[487.248s][info][gc             ] GC(184) Pause Young (Allocation Failure) 6379M->4110M(6729M) 94.540ms
[487.249s][info][gc,cpu         ] GC(184) User=0.55s Sys=0.00s Real=0.09s
..[488.647s][info][gc,start       ] GC(185) Pause Young (Allocation Failure)
[488.753s][info][gc,heap        ] GC(185) PSYoungGen: 2578144K(2608128K)->172272K(2607616K) Eden: 2423296K(2423296K)->0K(2423296K) From: 154848K(184832K)->172272K(184320K)
[488.753s][info][gc,heap        ] GC(185) ParOldGen: 4053883K(4282368K)->4162235K(4282368K)
[488.753s][info][gc,metaspace   ] GC(185) Metaspace: 28928K(29248K)->28928K(29248K) NonClass: 25827K(25984K)->25827K(25984K) Class: 3101K(3264K)->3101K(3264K)
[488.753s][info][gc             ] GC(185) Pause Young (Allocation Failure) 6476M->4232M(6728M) 106.039ms
[488.753s][info][gc,cpu         ] GC(185) User=0.63s Sys=0.00s Real=0.11s
.[490.120s][info][gc,start       ] GC(186) Pause Young (Allocation Failure)
[490.216s][info][gc,heap        ] GC(186) PSYoungGen: 2595568K(2607616K)->160688K(2610176K) Eden: 2423296K(2423296K)->0K(2425856K) From: 172272K(184320K)->160688K(184320K)
[490.216s][info][gc,heap        ] GC(186) ParOldGen: 4162235K(4282368K)->4262939K(4282368K)
[490.216s][info][gc,metaspace   ] GC(186) Metaspace: 28930K(29248K)->28930K(29248K) NonClass: 25828K(25984K)->25828K(25984K) Class: 3101K(3264K)->3101K(3264K)
[490.216s][info][gc             ] GC(186) Pause Young (Allocation Failure) 6599M->4319M(6731M) 96.111ms
[490.216s][info][gc,cpu         ] GC(186) User=0.56s Sys=0.00s Real=0.10s
. (rIR:aIR:PR = 11847:11487:11555) (tPR = 166133) [OK] 
   490s:       trying IR =  11906 .[491.579s][info][gc,start       ] GC(187) Pause Young (Allocation Failure)
[491.684s][info][gc,heap        ] GC(187) PSYoungGen: 2586544K(2610176K)->168169K(2610176K) Eden: 2425856K(2425856K)->0K(2425856K) From: 160688K(184320K)->168169K(184320K)
[491.684s][info][gc,heap        ] GC(187) ParOldGen: 4262939K(4282368K)->4370891K(4370944K)
[491.684s][info][gc,metaspace   ] GC(187) Metaspace: 28931K(29248K)->28931K(29248K) NonClass: 25830K(25984K)->25830K(25984K) Class: 3101K(3264K)->3101K(3264K)
[491.684s][info][gc             ] GC(187) Pause Young (Allocation Failure) 6688M->4432M(6817M) 105.233ms
[491.685s][info][gc,cpu         ] GC(187) User=0.59s Sys=0.03s Real=0.11s
.[493.058s][info][gc,start       ] GC(188) Pause Young (Allocation Failure)
[493.160s][info][gc,heap        ] GC(188) PSYoungGen: 2594025K(2610176K)->163200K(2608128K) Eden: 2425856K(2425856K)->0K(2427904K) From: 168169K(184320K)->163200K(180224K)
[493.160s][info][gc,heap        ] GC(188) ParOldGen: 4370891K(4370944K)->4473211K(4473344K)
[493.160s][info][gc,metaspace   ] GC(188) Metaspace: 28931K(29248K)->28931K(29248K) NonClass: 25830K(25984K)->25830K(25984K) Class: 3101K(3264K)->3101K(3264K)
[493.161s][info][gc             ] GC(188) Pause Young (Allocation Failure) 6801M->4527M(6915M) 102.514ms
[493.161s][info][gc,cpu         ] GC(188) User=0.57s Sys=0.03s Real=0.11s
.[494.512s][info][gc,start       ] GC(189) Pause Young (Allocation Failure)
[494.615s][info][gc,heap        ] GC(189) PSYoungGen: 2591104K(2608128K)->163387K(2609664K) Eden: 2427904K(2427904K)->0K(2427904K) From: 163200K(180224K)->163387K(181760K)
[494.615s][info][gc,heap        ] GC(189) ParOldGen: 4473211K(4473344K)->4580683K(4580864K)
[494.615s][info][gc,metaspace   ] GC(189) Metaspace: 28931K(29248K)->28931K(29248K) NonClass: 25830K(25984K)->25830K(25984K) Class: 3101K(3264K)->3101K(3264K)
[494.615s][info][gc             ] GC(189) Pause Young (Allocation Failure) 6898M->4632M(7022M) 102.871ms
[494.615s][info][gc,cpu         ] GC(189) User=0.57s Sys=0.03s Real=0.10s
.. (rIR:aIR:PR = 11906:11813:11844) (tPR = 174718) [OK] 
   495s:       trying IR =  11978 [495.996s][info][gc,start       ] GC(190) Pause Young (Allocation Failure)
[496.097s][info][gc,heap        ] GC(190) PSYoungGen: 2591291K(2609664K)->156869K(2613248K) Eden: 2427904K(2427904K)->0K(2434048K) From: 163387K(181760K)->156869K(179200K)
[496.097s][info][gc,heap        ] GC(190) ParOldGen: 4580683K(4580864K)->4684707K(4684800K)
[496.097s][info][gc,metaspace   ] GC(190) Metaspace: 28931K(29248K)->28931K(29248K) NonClass: 25830K(25984K)->25830K(25984K) Class: 3101K(3264K)->3101K(3264K)
[496.097s][info][gc             ] GC(190) Pause Young (Allocation Failure) 7003M->4728M(7127M) 101.240ms
[496.097s][info][gc,cpu         ] GC(190) User=0.57s Sys=0.03s Real=0.10s
.[497.417s][info][gc,start       ] GC(191) Pause Young (Allocation Failure)
[497.522s][info][gc,heap        ] GC(191) PSYoungGen: 2590917K(2613248K)->166869K(2613760K) Eden: 2434048K(2434048K)->0K(2434048K) From: 156869K(179200K)->166869K(179712K)
[497.522s][info][gc,heap        ] GC(191) ParOldGen: 4684707K(4684800K)->4790691K(4790784K)
[497.522s][info][gc,metaspace   ] GC(191) Metaspace: 28931K(29248K)->28931K(29248K) NonClass: 25830K(25984K)->25830K(25984K) Class: 3101K(3264K)->3101K(3264K)
[497.522s][info][gc             ] GC(191) Pause Young (Allocation Failure) 7105M->4841M(7231M) 105.044ms
[497.522s][info][gc,cpu         ] GC(191) User=0.59s Sys=0.02s Real=0.11s
..[498.922s][info][gc,start       ] GC(192) Pause Young (Allocation Failure)
[499.031s][info][gc,heap        ] GC(192) PSYoungGen: 2600917K(2613760K)->171952K(2613248K) Eden: 2434048K(2434048K)->0K(2433536K) From: 166869K(179712K)->171952K(179712K)
[499.031s][info][gc,heap        ] GC(192) ParOldGen: 4790691K(4790784K)->4897635K(4897792K)
[499.031s][info][gc,metaspace   ] GC(192) Metaspace: 28931K(29248K)->28931K(29248K) NonClass: 25830K(25984K)->25830K(25984K) Class: 3101K(3264K)->3101K(3264K)
[499.031s][info][gc             ] GC(192) Pause Young (Allocation Failure) 7218M->4950M(7335M) 109.601ms
[499.031s][info][gc,cpu         ] GC(192) User=0.59s Sys=0.04s Real=0.11s
. (rIR:aIR:PR = 11978:11958:11958) (tPR = 171162) [OK] 
   499s:       trying IR =  12064 [500.368s][info][gc,start       ] GC(193) Pause Young (Allocation Failure)
[500.471s][info][gc,heap        ] GC(193) PSYoungGen: 2605488K(2613248K)->160724K(2614784K) Eden: 2433536K(2433536K)->0K(2433536K) From: 171952K(179712K)->160724K(181248K)
[500.471s][info][gc,heap        ] GC(193) ParOldGen: 4897635K(4897792K)->5001931K(5002240K)
[500.471s][info][gc,metaspace   ] GC(193) Metaspace: 28931K(29248K)->28931K(29248K) NonClass: 25830K(25984K)->25830K(25984K) Class: 3101K(3264K)->3101K(3264K)
[500.471s][info][gc             ] GC(193) Pause Young (Allocation Failure) 7327M->5041M(7438M) 102.549ms
[500.471s][info][gc,cpu         ] GC(193) User=0.57s Sys=0.03s Real=0.11s
.[501.771s][info][gc,start       ] GC(194) Pause Young (Allocation Failure)
[501.930s][info][gc,heap        ] GC(194) PSYoungGen: 2594260K(2614784K)->180208K(2528768K) Eden: 2433536K(2433536K)->0K(2348544K) From: 160724K(181248K)->180208K(180224K)
[501.930s][info][gc,heap        ] GC(194) ParOldGen: 5001931K(5002240K)->5108451K(5108736K)
[501.930s][info][gc,metaspace   ] GC(194) Metaspace: 28931K(29248K)->28931K(29248K) NonClass: 25830K(25984K)->25830K(25984K) Class: 3101K(3264K)->3101K(3264K)
[501.930s][info][gc             ] GC(194) Pause Young (Allocation Failure) 7418M->5164M(7458M) 159.658ms
[501.930s][info][gc,cpu         ] GC(194) User=0.62s Sys=0.04s Real=0.16s
..[503.246s][info][gc,start       ] GC(195) Pause Young (Allocation Failure)
[503.346s][info][gc,heap        ] GC(195) PSYoungGen: 2528752K(2528768K)->148896K(2572288K) Eden: 2348544K(2348544K)->0K(2348544K) From: 180208K(180224K)->148896K(223744K)
[503.346s][info][gc,heap        ] GC(195) ParOldGen: 5108451K(5108736K)->5222779K(5222912K)
[503.346s][info][gc,metaspace   ] GC(195) Metaspace: 28931K(29248K)->28931K(29248K) NonClass: 25830K(25984K)->25830K(25984K) Class: 3101K(3264K)->3101K(3264K)
[503.346s][info][gc             ] GC(195) Pause Young (Allocation Failure) 7458M->5245M(7612M) 100.564ms
[503.346s][info][gc,cpu         ] GC(195) User=0.55s Sys=0.05s Real=0.10s
. (rIR:aIR:PR = 12064:12064:11895) (tPR = 179476) [OK] 
   504s:       trying IR =  12167 [504.697s][info][gc,start       ] GC(196) Pause Young (Allocation Failure)
[504.804s][info][gc,heap        ] GC(196) PSYoungGen: 2497440K(2572288K)->169872K(2564096K) Eden: 2348544K(2348544K)->0K(2348544K) From: 148896K(223744K)->169872K(215552K)
[504.804s][info][gc,heap        ] GC(196) ParOldGen: 5222779K(5222912K)->5325667K(5325824K)
[504.804s][info][gc,metaspace   ] GC(196) Metaspace: 28931K(29248K)->28931K(29248K) NonClass: 25830K(25984K)->25830K(25984K) Class: 3101K(3264K)->3101K(3264K)
[504.804s][info][gc             ] GC(196) Pause Young (Allocation Failure) 7539M->5366M(7705M) 107.020ms
[504.804s][info][gc,cpu         ] GC(196) User=0.61s Sys=0.03s Real=0.11s
.[506.119s][info][gc,start       ] GC(197) Pause Young (Allocation Failure)
[506.225s][info][gc,heap        ] GC(197) PSYoungGen: 2518416K(2564096K)->165748K(2568192K) Eden: 2348544K(2348544K)->0K(2348544K) From: 169872K(215552K)->165748K(219648K)
[506.225s][info][gc,heap        ] GC(197) ParOldGen: 5325667K(5325824K)->5428163K(5428224K)
[506.225s][info][gc,metaspace   ] GC(197) Metaspace: 28932K(29248K)->28932K(29248K) NonClass: 25830K(25984K)->25830K(25984K) Class: 3101K(3264K)->3101K(3264K)
[506.225s][info][gc             ] GC(197) Pause Young (Allocation Failure) 7660M->5462M(7809M) 105.886ms
[506.225s][info][gc,cpu         ] GC(197) User=0.58s Sys=0.04s Real=0.11s
..[507.542s][info][gc,start       ] GC(198) Pause Young (Allocation Failure)
[507.642s][info][gc,heap        ] GC(198) PSYoungGen: 2514292K(2568192K)->155923K(2572800K) Eden: 2348544K(2348544K)->0K(2360320K) From: 165748K(219648K)->155923K(212480K)
[507.642s][info][gc,heap        ] GC(198) ParOldGen: 5428163K(5428224K)->5530163K(5530624K)
[507.642s][info][gc,metaspace   ] GC(198) Metaspace: 28936K(29248K)->28936K(29248K) NonClass: 25835K(25984K)->25835K(25984K) Class: 3101K(3264K)->3101K(3264K)
[507.642s][info][gc             ] GC(198) Pause Young (Allocation Failure) 7756M->5552M(7913M) 99.647ms
[507.642s][info][gc,cpu         ] GC(198) User=0.56s Sys=0.03s Real=0.10s
.[509.011s][info][gc,start       ] GC(199) Pause Full (Allocation Failure)
[509.011s][info][gc,phases,start] GC(199) Marking Phase
[509.321s][info][gc,phases      ] GC(199) Marking Phase 309.960ms
[509.321s][info][gc,phases,start] GC(199) Summary Phase
[509.321s][info][gc,phases      ] GC(199) Summary Phase 0.098ms
[509.321s][info][gc,phases,start] GC(199) Forward
[509.450s][info][gc,phases      ] GC(199) Forward 128.576ms
[509.450s][info][gc,phases,start] GC(199) Adjust Pointers
[509.669s][info][gc,phases      ] GC(199) Adjust Pointers 218.730ms
[509.669s][info][gc,phases,start] GC(199) Compaction Phase
[509.819s][info][gc,phases      ] GC(199) Compaction Phase 150.047ms
[509.820s][info][gc,phases,start] GC(199) Post Compact
[509.827s][info][gc,phases      ] GC(199) Post Compact 6.834ms
[509.939s][info][gc,heap        ] GC(199) PSYoungGen: 2516243K(2572800K)->0K(2574848K) Eden: 2360320K(2360320K)->0K(2360320K) From: 155923K(212480K)->0K(214528K)
[509.939s][info][gc,heap        ] GC(199) ParOldGen: 5530163K(5530624K)->1611220K(1809920K)
[509.939s][info][gc,metaspace   ] GC(199) Metaspace: 28936K(29248K)->28936K(29248K) NonClass: 25835K(25984K)->25835K(25984K) Class: 3101K(3264K)->3101K(3264K)
[509.939s][info][gc             ] GC(199) Pause Full (Allocation Failure) 7857M->1573M(4282M) 927.329ms
[509.939s][info][gc,cpu         ] GC(199) User=4.39s Sys=0.11s Real=0.92s
.[511.131s][info][gc,start       ] GC(200) Pause Young (Allocation Failure)
[511.218s][info][gc,heap        ] GC(200) PSYoungGen: 2360320K(2574848K)->207520K(2563072K) Eden: 2360320K(2360320K)->0K(2348544K) From: 0K(214528K)->207520K(214528K)
[511.218s][info][gc,heap        ] GC(200) ParOldGen: 1611220K(1809920K)->1611220K(1809920K)
[511.218s][info][gc,metaspace   ] GC(200) Metaspace: 28936K(29248K)->28936K(29248K) NonClass: 25835K(25984K)->25835K(25984K) Class: 3101K(3264K)->3101K(3264K)
[511.218s][info][gc             ] GC(200) Pause Young (Allocation Failure) 3878M->1776M(4270M) 86.449ms
[511.218s][info][gc,cpu         ] GC(200) User=0.50s Sys=0.01s Real=0.08s
.[512.475s][info][gc,start       ] GC(201) Pause Young (Allocation Failure)
[512.572s][info][gc,heap        ] GC(201) PSYoungGen: 2556064K(2563072K)->156896K(2572288K) Eden: 2348544K(2348544K)->0K(2348544K) From: 207520K(214528K)->156896K(223744K)
[512.572s][info][gc,heap        ] GC(201) ParOldGen: 1611220K(1809920K)->1731516K(1809920K)
[512.572s][info][gc,metaspace   ] GC(201) Metaspace: 28936K(29248K)->28936K(29248K) NonClass: 25835K(25984K)->25835K(25984K) Class: 3101K(3264K)->3101K(3264K)
[512.572s][info][gc             ] GC(201) Pause Young (Allocation Failure) 4069M->1844M(4279M) 97.084ms
[512.572s][info][gc,cpu         ] GC(201) User=0.57s Sys=0.00s Real=0.10s
..[513.988s][info][gc,start       ] GC(202) Pause Young (Allocation Failure)
[514.090s][info][gc,heap        ] GC(202) PSYoungGen: 2505440K(2572288K)->171968K(2561024K) Eden: 2348544K(2348544K)->0K(2350592K) From: 156896K(223744K)->171968K(210432K)
[514.090s][info][gc,heap        ] GC(202) ParOldGen: 1731516K(1809920K)->1836756K(1837056K)
[514.090s][info][gc,metaspace   ] GC(202) Metaspace: 28936K(29248K)->28936K(29248K) NonClass: 25835K(25984K)->25835K(25984K) Class: 3101K(3264K)->3101K(3264K)
[514.090s][info][gc             ] GC(202) Pause Young (Allocation Failure) 4137M->1961M(4295M) 102.228ms
[514.090s][info][gc,cpu         ] GC(202) User=0.59s Sys=0.01s Real=0.11s
.[515.302s][info][gc,start       ] GC(203) Pause Young (Allocation Failure)
[515.401s][info][gc,heap        ] GC(203) PSYoungGen: 2522560K(2561024K)->170832K(2567680K) Eden: 2350592K(2350592K)->0K(2350592K) From: 171968K(210432K)->170832K(217088K)
[515.401s][info][gc,heap        ] GC(203) ParOldGen: 1836756K(1837056K)->1936088K(1936384K)
[515.401s][info][gc,metaspace   ] GC(203) Metaspace: 28936K(29248K)->28936K(29248K) NonClass: 25835K(25984K)->25835K(25984K) Class: 3101K(3264K)->3101K(3264K)
[515.401s][info][gc             ] GC(203) Pause Young (Allocation Failure) 4257M->2057M(4398M) 99.411ms
[515.401s][info][gc,cpu         ] GC(203) User=0.55s Sys=0.02s Real=0.10s
.[516.662s][info][gc,start       ] GC(204) Pause Young (Allocation Failure)
[516.757s][info][gc,heap        ] GC(204) PSYoungGen: 2521424K(2567680K)->149760K(2576384K) Eden: 2350592K(2350592K)->0K(2365952K) From: 170832K(217088K)->149760K(210432K)
[516.757s][info][gc,heap        ] GC(204) ParOldGen: 1936088K(1936384K)->2046360K(2046464K)
[516.757s][info][gc,metaspace   ] GC(204) Metaspace: 28936K(29248K)->28936K(29248K) NonClass: 25835K(25984K)->25835K(25984K) Class: 3101K(3264K)->3101K(3264K)
[516.757s][info][gc             ] GC(204) Pause Young (Allocation Failure) 4353M->2144M(4514M) 95.772ms
[516.757s][info][gc,cpu         ] GC(204) User=0.52s Sys=0.03s Real=0.09s
.[518.136s][info][gc,start       ] GC(205) Pause Young (Allocation Failure)
[518.241s][info][gc,heap        ] GC(205) PSYoungGen: 2515712K(2576384K)->174628K(2578944K) Eden: 2365952K(2365952K)->0K(2365952K) From: 149760K(210432K)->174628K(212992K)
[518.241s][info][gc,heap        ] GC(205) ParOldGen: 2046360K(2046464K)->2149344K(2149376K)
[518.241s][info][gc,metaspace   ] GC(205) Metaspace: 28936K(29248K)->28936K(29248K) NonClass: 25835K(25984K)->25835K(25984K) Class: 3101K(3264K)->3101K(3264K)
[518.241s][info][gc             ] GC(205) Pause Young (Allocation Failure) 4455M->2269M(4617M) 105.146ms
[518.241s][info][gc,cpu         ] GC(205) User=0.60s Sys=0.02s Real=0.11s
.[519.466s][info][gc,start       ] GC(206) Pause Young (Allocation Failure)
[519.563s][info][gc,heap        ] GC(206) PSYoungGen: 2540580K(2578944K)->161172K(2577920K) Eden: 2365952K(2365952K)->0K(2372608K) From: 174628K(212992K)->161172K(205312K)
[519.563s][info][gc,heap        ] GC(206) ParOldGen: 2149344K(2149376K)->2248056K(2248192K)
[519.563s][info][gc,metaspace   ] GC(206) Metaspace: 28936K(29248K)->28936K(29248K) NonClass: 25835K(25984K)->25835K(25984K) Class: 3101K(3264K)->3101K(3264K)
[519.563s][info][gc             ] GC(206) Pause Young (Allocation Failure) 4580M->2352M(4713M) 96.742ms
[519.563s][info][gc,cpu         ] GC(206) User=0.53s Sys=0.03s Real=0.10s
.[520.755s][info][gc,start       ] GC(207) Pause Young (Allocation Failure)
[520.907s][info][gc,heap        ] GC(207) PSYoungGen: 2533780K(2577920K)->175872K(2580480K) Eden: 2372608K(2372608K)->0K(2372608K) From: 161172K(205312K)->175872K(207872K)
[520.907s][info][gc,heap        ] GC(207) ParOldGen: 2248056K(2248192K)->2353184K(2353664K)
[520.907s][info][gc,metaspace   ] GC(207) Metaspace: 28936K(29248K)->28936K(29248K) NonClass: 25835K(25984K)->25835K(25984K) Class: 3101K(3264K)->3101K(3264K)
[520.907s][info][gc             ] GC(207) Pause Young (Allocation Failure) 4669M->2469M(4818M) 151.357ms
[520.907s][info][gc,cpu         ] GC(207) User=0.59s Sys=0.02s Real=0.15s
.[522.202s][info][gc,start       ] GC(208) Pause Young (Allocation Failure)
[522.303s][info][gc,heap        ] GC(208) PSYoungGen: 2548480K(2580480K)->159559K(2584064K) Eden: 2372608K(2372608K)->0K(2381824K) From: 175872K(207872K)->159559K(202240K)
[522.303s][info][gc,heap        ] GC(208) ParOldGen: 2353184K(2353664K)->2465320K(2465792K)
[522.303s][info][gc,metaspace   ] GC(208) Metaspace: 28936K(29248K)->28936K(29248K) NonClass: 25835K(25984K)->25835K(25984K) Class: 3101K(3264K)->3101K(3264K)
[522.303s][info][gc             ] GC(208) Pause Young (Allocation Failure) 4786M->2563M(4931M) 100.773ms
[522.303s][info][gc,cpu         ] GC(208) User=0.56s Sys=0.03s Real=0.10s
..[523.682s][info][gc,start       ] GC(209) Pause Young (Allocation Failure)
[523.777s][info][gc,heap        ] GC(209) PSYoungGen: 2541383K(2584064K)->150432K(2586624K) Eden: 2381824K(2381824K)->0K(2381824K) From: 159559K(202240K)->150432K(204800K)
[523.778s][info][gc,heap        ] GC(209) ParOldGen: 2465320K(2465792K)->2571584K(2571776K)
[523.778s][info][gc,metaspace   ] GC(209) Metaspace: 28936K(29248K)->28936K(29248K) NonClass: 25835K(25984K)->25835K(25984K) Class: 3101K(3264K)->3101K(3264K)
[523.778s][info][gc             ] GC(209) Pause Young (Allocation Failure) 4889M->2658M(5037M) 95.180ms
[523.778s][info][gc,cpu         ] GC(209) User=0.54s Sys=0.02s Real=0.09s
.[524.986s][info][gc,start       ] GC(210) Pause Young (Allocation Failure)
[525.100s][info][gc,heap        ] GC(210) PSYoungGen: 2532256K(2586624K)->199328K(2575360K) Eden: 2381824K(2381824K)->0K(2371072K) From: 150432K(204800K)->199328K(204288K)
[525.100s][info][gc,heap        ] GC(210) ParOldGen: 2571584K(2571776K)->2667016K(2667520K)
[525.100s][info][gc,metaspace   ] GC(210) Metaspace: 28937K(29248K)->28937K(29248K) NonClass: 25835K(25984K)->25835K(25984K) Class: 3101K(3264K)->3101K(3264K)
[525.100s][info][gc             ] GC(210) Pause Young (Allocation Failure) 4984M->2799M(5120M) 113.928ms
[525.100s][info][gc,cpu         ] GC(210) User=0.63s Sys=0.05s Real=0.12s
.[526.506s][info][gc,start       ] GC(211) Pause Young (Allocation Failure)
[526.621s][info][gc,heap        ] GC(211) PSYoungGen: 2570400K(2575360K)->183557K(2554880K) Eden: 2371072K(2371072K)->0K(2371072K) From: 199328K(204288K)->183557K(183808K)
[526.621s][info][gc,heap        ] GC(211) ParOldGen: 2667016K(2667520K)->2784064K(2784256K)
[526.621s][info][gc,metaspace   ] GC(211) Metaspace: 28938K(29248K)->28938K(29248K) NonClass: 25836K(25984K)->25836K(25984K) Class: 3101K(3264K)->3101K(3264K)
[526.621s][info][gc             ] GC(211) Pause Young (Allocation Failure) 5114M->2898M(5214M) 115.900ms
[526.622s][info][gc,cpu         ] GC(211) User=0.65s Sys=0.04s Real=0.12s
.[527.726s][info][gc,start       ] GC(212) Pause Young (Allocation Failure)
[527.825s][info][gc,heap        ] GC(212) PSYoungGen: 2554629K(2554880K)->175232K(2585600K) Eden: 2371072K(2371072K)->0K(2372608K) From: 183557K(183808K)->175232K(212992K)
[527.825s][info][gc,heap        ] GC(212) ParOldGen: 2784064K(2784256K)->2874608K(2874880K)
[527.825s][info][gc,metaspace   ] GC(212) Metaspace: 28938K(29248K)->28938K(29248K) NonClass: 25836K(25984K)->25836K(25984K) Class: 3101K(3264K)->3101K(3264K)
[527.825s][info][gc             ] GC(212) Pause Young (Allocation Failure) 5213M->2978M(5332M) 98.240ms
[527.825s][info][gc,cpu         ] GC(212) User=0.55s Sys=0.02s Real=0.10s
.[529.233s][info][gc,start       ] GC(213) Pause Young (Allocation Failure)
[529.339s][info][gc,heap        ] GC(213) PSYoungGen: 2547840K(2585600K)->165252K(2537984K) Eden: 2372608K(2372608K)->0K(2372608K) From: 175232K(212992K)->165252K(165376K)
[529.339s][info][gc,heap        ] GC(213) ParOldGen: 2874608K(2874880K)->2993504K(2993664K)
[529.339s][info][gc,metaspace   ] GC(213) Metaspace: 28938K(29248K)->28938K(29248K) NonClass: 25836K(25984K)->25836K(25984K) Class: 3101K(3264K)->3101K(3264K)
[529.339s][info][gc             ] GC(213) Pause Young (Allocation Failure) 5295M->3084M(5402M) 106.614ms
[529.339s][info][gc,cpu         ] GC(213) User=0.60s Sys=0.02s Real=0.10s
.. (rIR:aIR:PR = 12167:11700:11657) (tPR = 177391) [OK] 
   530s:       trying IR =  12291 [530.621s][info][gc,start       ] GC(214) Pause Young (Allocation Failure)
[530.724s][info][gc,heap        ] GC(214) PSYoungGen: 2537860K(2537984K)->168852K(2584064K) Eden: 2372608K(2372608K)->0K(2376192K) From: 165252K(165376K)->168852K(207872K)
[530.724s][info][gc,heap        ] GC(214) ParOldGen: 2993504K(2993664K)->3088976K(3089408K)
[530.724s][info][gc,metaspace   ] GC(214) Metaspace: 28938K(29248K)->28938K(29248K) NonClass: 25836K(25984K)->25836K(25984K) Class: 3101K(3264K)->3101K(3264K)
[530.724s][info][gc             ] GC(214) Pause Young (Allocation Failure) 5401M->3181M(5540M) 103.091ms
[530.725s][info][gc,cpu         ] GC(214) User=0.58s Sys=0.03s Real=0.10s
.[532.075s][info][gc,start       ] GC(215) Pause Young (Allocation Failure)
[532.175s][info][gc,heap        ] GC(215) PSYoungGen: 2545044K(2584064K)->162672K(2580480K) Eden: 2376192K(2376192K)->0K(2376192K) From: 168852K(207872K)->162672K(204288K)
[532.175s][info][gc,heap        ] GC(215) ParOldGen: 3088976K(3089408K)->3192064K(3192320K)
[532.175s][info][gc,metaspace   ] GC(215) Metaspace: 28938K(29248K)->28938K(29248K) NonClass: 25836K(25984K)->25836K(25984K) Class: 3101K(3264K)->3101K(3264K)
[532.175s][info][gc             ] GC(215) Pause Young (Allocation Failure) 5501M->3276M(5637M) 99.970ms
[532.175s][info][gc,cpu         ] GC(215) User=0.53s Sys=0.04s Real=0.10s
.[533.457s][info][gc,start       ] GC(216) Pause Young (Allocation Failure)
[533.553s][info][gc,heap        ] GC(216) PSYoungGen: 2538864K(2580480K)->151840K(2586624K) Eden: 2376192K(2376192K)->0K(2383872K) From: 162672K(204288K)->151840K(202752K)
[533.553s][info][gc,heap        ] GC(216) ParOldGen: 3192064K(3192320K)->3302272K(3302400K)
[533.553s][info][gc,metaspace   ] GC(216) Metaspace: 28938K(29248K)->28938K(29248K) NonClass: 25836K(25984K)->25836K(25984K) Class: 3101K(3264K)->3101K(3264K)
[533.553s][info][gc             ] GC(216) Pause Young (Allocation Failure) 5596M->3373M(5751M) 96.708ms
[533.554s][info][gc,cpu         ] GC(216) User=0.53s Sys=0.03s Real=0.10s
.[534.825s][info][gc,start       ] GC(217) Pause Young (Allocation Failure)
[534.974s][info][gc,heap        ] GC(217) PSYoungGen: 2535712K(2586624K)->173216K(2586624K) Eden: 2383872K(2383872K)->0K(2383872K) From: 151840K(202752K)->173216K(202752K)
[534.974s][info][gc,heap        ] GC(217) ParOldGen: 3302272K(3302400K)->3402024K(3402240K)
[534.974s][info][gc,metaspace   ] GC(217) Metaspace: 28938K(29248K)->28938K(29248K) NonClass: 25836K(25984K)->25836K(25984K) Class: 3101K(3264K)->3101K(3264K)
[534.974s][info][gc             ] GC(217) Pause Young (Allocation Failure) 5701M->3491M(5848M) 149.838ms
[534.974s][info][gc,cpu         ] GC(217) User=0.57s Sys=0.04s Real=0.15s
.[536.215s][info][gc,start       ] GC(218) Pause Young (Allocation Failure)
[536.326s][info][gc,heap        ] GC(218) PSYoungGen: 2557088K(2586624K)->184320K(2589696K) Eden: 2383872K(2383872K)->0K(2388480K) From: 173216K(202752K)->184320K(201216K)
[536.326s][info][gc,heap        ] GC(218) ParOldGen: 3402024K(3402240K)->3501152K(3501568K)
[536.326s][info][gc,metaspace   ] GC(218) Metaspace: 28938K(29248K)->28938K(29248K) NonClass: 25836K(25984K)->25836K(25984K) Class: 3101K(3264K)->3101K(3264K)
[536.326s][info][gc             ] GC(218) Pause Young (Allocation Failure) 5819M->3599M(5948M) 110.378ms
[536.326s][info][gc,cpu         ] GC(218) User=0.61s Sys=0.03s Real=0.11s
.[537.606s][info][gc,start       ] GC(219) Pause Young (Allocation Failure)
[537.706s][info][gc,heap        ] GC(219) PSYoungGen: 2572800K(2589696K)->158176K(2591744K) Eden: 2388480K(2388480K)->0K(2388480K) From: 184320K(201216K)->158176K(203264K)
[537.706s][info][gc,heap        ] GC(219) ParOldGen: 3501152K(3501568K)->3612696K(3613184K)
[537.706s][info][gc,metaspace   ] GC(219) Metaspace: 28938K(29248K)->28938K(29248K) NonClass: 25836K(25984K)->25836K(25984K) Class: 3101K(3264K)->3101K(3264K)
[537.706s][info][gc             ] GC(219) Pause Young (Allocation Failure) 5931M->3682M(6059M) 99.993ms
[537.706s][info][gc,cpu         ] GC(219) User=0.56s Sys=0.02s Real=0.10s
. (rIR:aIR:PR = 12291:12377:12098) (tPR = 185268) [OK] 
   538s:       trying IR =  12440 [539.037s][info][gc,start       ] GC(220) Pause Young (Allocation Failure)
[539.142s][info][gc,heap        ] GC(220) PSYoungGen: 2546656K(2591744K)->174036K(2588672K) Eden: 2388480K(2388480K)->0K(2390528K) From: 158176K(203264K)->174036K(198144K)
[539.142s][info][gc,heap        ] GC(220) ParOldGen: 3612696K(3613184K)->3716376K(3716608K)
[539.142s][info][gc,metaspace   ] GC(220) Metaspace: 28938K(29248K)->28938K(29248K) NonClass: 25836K(25984K)->25836K(25984K) Class: 3101K(3264K)->3101K(3264K)
[539.142s][info][gc             ] GC(220) Pause Young (Allocation Failure) 6014M->3799M(6157M) 104.887ms
[539.142s][info][gc,cpu         ] GC(220) User=0.59s Sys=0.03s Real=0.11s
.[540.506s][info][gc,start       ] GC(221) Pause Young (Allocation Failure)
[540.605s][info][gc,heap        ] GC(221) PSYoungGen: 2564564K(2588672K)->151540K(2591232K) Eden: 2390528K(2390528K)->0K(2390528K) From: 174036K(198144K)->151540K(200704K)
[540.605s][info][gc,heap        ] GC(221) ParOldGen: 3716376K(3716608K)->3823944K(3824128K)
[540.605s][info][gc,metaspace   ] GC(221) Metaspace: 28938K(29248K)->28938K(29248K) NonClass: 25836K(25984K)->25836K(25984K) Class: 3101K(3264K)->3101K(3264K)
[540.605s][info][gc             ] GC(221) Pause Young (Allocation Failure) 6133M->3882M(6265M) 98.623ms
[540.605s][info][gc,cpu         ] GC(221) User=0.55s Sys=0.03s Real=0.10s
.[541.830s][info][gc,start       ] GC(222) Pause Young (Allocation Failure)
[541.978s][info][gc,heap        ] GC(222) PSYoungGen: 2542068K(2591232K)->168384K(2589184K) Eden: 2390528K(2390528K)->0K(2394624K) From: 151540K(200704K)->168384K(194560K)
[541.978s][info][gc,heap        ] GC(222) ParOldGen: 3823944K(3824128K)->3921464K(3921920K)
[541.978s][info][gc,metaspace   ] GC(222) Metaspace: 28938K(29248K)->28938K(29248K) NonClass: 25837K(25984K)->25837K(25984K) Class: 3101K(3264K)->3101K(3264K)
[541.978s][info][gc             ] GC(222) Pause Young (Allocation Failure) 6216M->3993M(6358M) 147.808ms
[541.978s][info][gc,cpu         ] GC(222) User=0.56s Sys=0.02s Real=0.14s
..[543.235s][info][gc,start       ] GC(223) Pause Young (Allocation Failure)
[543.335s][info][gc,heap        ] GC(223) PSYoungGen: 2563008K(2589184K)->158144K(2592256K) Eden: 2394624K(2394624K)->0K(2394624K) From: 168384K(194560K)->158144K(197632K)
[543.335s][info][gc,heap        ] GC(223) ParOldGen: 3921464K(3921920K)->4030320K(4030464K)
[543.335s][info][gc,metaspace   ] GC(223) Metaspace: 28938K(29248K)->28938K(29248K) NonClass: 25837K(25984K)->25837K(25984K) Class: 3101K(3264K)->3101K(3264K)
[543.335s][info][gc             ] GC(223) Pause Young (Allocation Failure) 6332M->4090M(6467M) 100.270ms
[543.335s][info][gc,cpu         ] GC(223) User=0.55s Sys=0.04s Real=0.10s
.[544.682s][info][gc,start       ] GC(224) Pause Young (Allocation Failure)
[544.786s][info][gc,heap        ] GC(224) PSYoungGen: 2552768K(2592256K)->165264K(2592256K) Eden: 2394624K(2394624K)->0K(2401792K) From: 158144K(197632K)->165264K(190464K)
[544.786s][info][gc,heap        ] GC(224) ParOldGen: 4030320K(4030464K)->4139728K(4140032K)
[544.786s][info][gc,metaspace   ] GC(224) Metaspace: 28938K(29248K)->28938K(29248K) NonClass: 25837K(25984K)->25837K(25984K) Class: 3101K(3264K)->3101K(3264K)
[544.786s][info][gc             ] GC(224) Pause Young (Allocation Failure) 6428M->4204M(6574M) 104.304ms
[544.786s][info][gc,cpu         ] GC(224) User=0.59s Sys=0.02s Real=0.10s
. (rIR:aIR:PR = 12440:12306:12249) (tPR = 180126) [OK] 
   545s:       trying IR =  12618 [546.081s][info][gc,start       ] GC(225) Pause Young (Allocation Failure)
[546.180s][info][gc,heap        ] GC(225) PSYoungGen: 2567056K(2592256K)->158816K(2595840K) Eden: 2401792K(2401792K)->0K(2401792K) From: 165264K(190464K)->158816K(194048K)
[546.180s][info][gc,heap        ] GC(225) ParOldGen: 4139728K(4140032K)->4237336K(4237824K)
[546.180s][info][gc,metaspace   ] GC(225) Metaspace: 28938K(29248K)->28938K(29248K) NonClass: 25837K(25984K)->25837K(25984K) Class: 3101K(3264K)->3101K(3264K)
[546.180s][info][gc             ] GC(225) Pause Young (Allocation Failure) 6549M->4293M(6673M) 98.702ms
[546.180s][info][gc,cpu         ] GC(225) User=0.55s Sys=0.03s Real=0.10s
.[547.485s][info][gc,start       ] GC(226) Pause Young (Allocation Failure)
[547.588s][info][gc,heap        ] GC(226) PSYoungGen: 2560608K(2595840K)->162048K(2596352K) Eden: 2401792K(2401792K)->0K(2409472K) From: 158816K(194048K)->162048K(186880K)
[547.588s][info][gc,heap        ] GC(226) ParOldGen: 4237336K(4237824K)->4347912K(4348416K)
[547.588s][info][gc,metaspace   ] GC(226) Metaspace: 28938K(29248K)->28938K(29248K) NonClass: 25837K(25984K)->25837K(25984K) Class: 3101K(3264K)->3101K(3264K)
[547.588s][info][gc             ] GC(226) Pause Young (Allocation Failure) 6638M->4404M(6782M) 102.555ms
[547.588s][info][gc,cpu         ] GC(226) User=0.58s Sys=0.02s Real=0.10s
..[548.927s][info][gc,start       ] GC(227) Pause Young (Allocation Failure)
[549.034s][info][gc,heap        ] GC(227) PSYoungGen: 2571520K(2596352K)->176256K(2599936K) Eden: 2409472K(2409472K)->0K(2409472K) From: 162048K(186880K)->176256K(190464K)
[549.034s][info][gc,heap        ] GC(227) ParOldGen: 4347912K(4348416K)->4451456K(4451840K)
[549.034s][info][gc,metaspace   ] GC(227) Metaspace: 28938K(29248K)->28938K(29248K) NonClass: 25837K(25984K)->25837K(25984K) Class: 3101K(3264K)->3101K(3264K)
[549.034s][info][gc             ] GC(227) Pause Young (Allocation Failure) 6757M->4519M(6886M) 106.857ms
[549.034s][info][gc,cpu         ] GC(227) User=0.60s Sys=0.03s Real=0.11s
.[550.336s][info][gc,start       ] GC(228) Pause Young (Allocation Failure)
[550.442s][info][gc,heap        ] GC(228) PSYoungGen: 2585728K(2599936K)->169464K(2604032K) Eden: 2409472K(2409472K)->0K(2413568K) From: 176256K(190464K)->169464K(190464K)
[550.442s][info][gc,heap        ] GC(228) ParOldGen: 4451456K(4451840K)->4559832K(4559872K)
[550.442s][info][gc,metaspace   ] GC(228) Metaspace: 28938K(29248K)->28938K(29248K) NonClass: 25837K(25984K)->25837K(25984K) Class: 3101K(3264K)->3101K(3264K)
[550.442s][info][gc             ] GC(228) Pause Young (Allocation Failure) 6872M->4618M(6996M) 106.184ms
[550.442s][info][gc,cpu         ] GC(228) User=0.60s Sys=0.03s Real=0.11s
.[551.794s][info][gc,start       ] GC(229) Pause Young (Allocation Failure)
[551.949s][info][gc,heap        ] GC(229) PSYoungGen: 2583032K(2604032K)->169470K(2604032K) Eden: 2413568K(2413568K)->0K(2413568K) From: 169464K(190464K)->169470K(190464K)
[551.949s][info][gc,heap        ] GC(229) ParOldGen: 4559832K(4559872K)->4667256K(4667392K)
[551.949s][info][gc,metaspace   ] GC(229) Metaspace: 28938K(29248K)->28938K(29248K) NonClass: 25837K(25984K)->25837K(25984K) Class: 3101K(3264K)->3101K(3264K)
[551.949s][info][gc             ] GC(229) Pause Young (Allocation Failure) 6975M->4723M(7101M) 154.497ms
[551.949s][info][gc,cpu         ] GC(229) User=0.61s Sys=0.03s Real=0.15s
.[553.273s][info][gc,start       ] GC(230) Pause Young (Allocation Failure)
[553.379s][info][gc,heap        ] GC(230) PSYoungGen: 2583038K(2604032K)->176736K(2602496K) Eden: 2413568K(2413568K)->0K(2413568K) From: 169470K(190464K)->176736K(188928K)
[553.379s][info][gc,heap        ] GC(230) ParOldGen: 4667256K(4667392K)->4771928K(4772352K)
[553.379s][info][gc,metaspace   ] GC(230) Metaspace: 28938K(29248K)->28938K(29248K) NonClass: 25837K(25984K)->25837K(25984K) Class: 3101K(3264K)->3101K(3264K)
[553.379s][info][gc             ] GC(230) Pause Young (Allocation Failure) 7080M->4832M(7202M) 105.694ms
[553.379s][info][gc,cpu         ] GC(230) User=0.58s Sys=0.04s Real=0.10s
..[554.672s][info][gc,start       ] GC(231) Pause Young (Allocation Failure)
[554.779s][info][gc,heap        ] GC(231) PSYoungGen: 2590304K(2602496K)->172267K(2604032K) Eden: 2413568K(2413568K)->0K(2413568K) From: 176736K(188928K)->172267K(190464K)
[554.779s][info][gc,heap        ] GC(231) ParOldGen: 4771928K(4772352K)->4879120K(4879360K)
[554.779s][info][gc,metaspace   ] GC(231) Metaspace: 28938K(29248K)->28938K(29248K) NonClass: 25837K(25984K)->25837K(25984K) Class: 3101K(3264K)->3101K(3264K)
[554.779s][info][gc             ] GC(231) Pause Young (Allocation Failure) 7189M->4932M(7308M) 107.015ms
[554.779s][info][gc,cpu         ] GC(231) User=0.59s Sys=0.04s Real=0.10s
.[556.152s][info][gc,start       ] GC(232) Pause Young (Allocation Failure)
[556.256s][info][gc,heap        ] GC(232) PSYoungGen: 2585835K(2604032K)->168021K(2600960K) Eden: 2413568K(2413568K)->0K(2415616K) From: 172267K(190464K)->168021K(185344K)
[556.256s][info][gc,heap        ] GC(232) ParOldGen: 4879120K(4879360K)->4983432K(4983808K)
[556.256s][info][gc,metaspace   ] GC(232) Metaspace: 28938K(29248K)->28938K(29248K) NonClass: 25837K(25984K)->25837K(25984K) Class: 3101K(3264K)->3101K(3264K)
[556.256s][info][gc             ] GC(232) Pause Young (Allocation Failure) 7289M->5030M(7407M) 104.122ms
[556.256s][info][gc,cpu         ] GC(232) User=0.59s Sys=0.03s Real=0.10s
.[557.546s][info][gc,start       ] GC(233) Pause Young (Allocation Failure)
[557.654s][info][gc,heap        ] GC(233) PSYoungGen: 2583637K(2600960K)->175541K(2603520K) Eden: 2415616K(2415616K)->0K(2415616K) From: 168021K(185344K)->175541K(187904K)
[557.654s][info][gc,heap        ] GC(233) ParOldGen: 4983432K(4983808K)->5089136K(5089280K)
[557.654s][info][gc,metaspace   ] GC(233) Metaspace: 28938K(29248K)->28938K(29248K) NonClass: 25837K(25984K)->25837K(25984K) Class: 3101K(3264K)->3101K(3264K)
[557.654s][info][gc             ] GC(233) Pause Young (Allocation Failure) 7389M->5141M(7512M) 108.010ms
[557.654s][info][gc,cpu         ] GC(233) User=0.60s Sys=0.04s Real=0.11s
..[559.024s][info][gc,start       ] GC(234) Pause Young (Allocation Failure)
[559.132s][info][gc,heap        ] GC(234) PSYoungGen: 2591157K(2603520K)->176704K(2605568K) Eden: 2415616K(2415616K)->0K(2417152K) From: 175541K(187904K)->176704K(188416K)
[559.132s][info][gc,heap        ] GC(234) ParOldGen: 5089136K(5089280K)->5196816K(5197312K)
[559.132s][info][gc,metaspace   ] GC(234) Metaspace: 28938K(29248K)->28938K(29248K) NonClass: 25837K(25984K)->25837K(25984K) Class: 3101K(3264K)->3101K(3264K)
[559.132s][info][gc             ] GC(234) Pause Young (Allocation Failure) 7500M->5247M(7620M) 108.846ms
[559.132s][info][gc,cpu         ] GC(234) User=0.61s Sys=0.02s Real=0.11s
.[560.436s][info][gc,start       ] GC(235) Pause Young (Allocation Failure)
[560.541s][info][gc,heap        ] GC(235) PSYoungGen: 2593856K(2605568K)->167360K(2584576K) Eden: 2417152K(2417152K)->0K(2417152K) From: 176704K(188416K)->167360K(167424K)
[560.541s][info][gc,heap        ] GC(235) ParOldGen: 5196816K(5197312K)->5303032K(5303296K)
[560.541s][info][gc,metaspace   ] GC(235) Metaspace: 28938K(29248K)->28938K(29248K) NonClass: 25837K(25984K)->25837K(25984K) Class: 3101K(3264K)->3101K(3264K)
[560.541s][info][gc             ] GC(235) Pause Young (Allocation Failure) 7608M->5342M(7703M) 105.109ms
[560.541s][info][gc,cpu         ] GC(235) User=0.57s Sys=0.04s Real=0.11s
.[561.908s][info][gc,start       ] GC(236) Pause Young (Allocation Failure)
[562.028s][info][gc,heap        ] GC(236) PSYoungGen: 2584512K(2584576K)->187887K(2514944K) Eden: 2417152K(2417152K)->0K(2327040K) From: 167360K(167424K)->187887K(187904K)
[562.028s][info][gc,heap        ] GC(236) ParOldGen: 5303032K(5303296K)->5415584K(5415936K)
[562.028s][info][gc,metaspace   ] GC(236) Metaspace: 28939K(29248K)->28939K(29248K) NonClass: 25837K(25984K)->25837K(25984K) Class: 3101K(3264K)->3101K(3264K)
[562.028s][info][gc             ] GC(236) Pause Young (Allocation Failure) 7702M->5472M(7745M) 119.964ms
[562.028s][info][gc,cpu         ] GC(236) User=0.65s Sys=0.05s Real=0.12s
.[563.334s][info][gc,start       ] GC(237) Pause Young (Allocation Failure)
[563.444s][info][gc,heap        ] GC(237) PSYoungGen: 2514927K(2514944K)->184144K(2561536K) Eden: 2327040K(2327040K)->0K(2327040K) From: 187887K(187904K)->184144K(234496K)
[563.444s][info][gc,heap        ] GC(237) ParOldGen: 5415584K(5415936K)->5517528K(5517824K)
[563.444s][info][gc,metaspace   ] GC(237) Metaspace: 28939K(29248K)->28939K(29248K) NonClass: 25837K(25984K)->25837K(25984K) Class: 3101K(3264K)->3101K(3264K)
[563.444s][info][gc             ] GC(237) Pause Young (Allocation Failure) 7744M->5568M(7890M) 109.532ms
[563.444s][info][gc,cpu         ] GC(237) User=0.62s Sys=0.03s Real=0.11s
.[564.680s][info][gc,start       ] GC(238) Pause Full (Allocation Failure)
[564.680s][info][gc,phases,start] GC(238) Marking Phase
[565.045s][info][gc,phases      ] GC(238) Marking Phase 364.381ms
[565.045s][info][gc,phases,start] GC(238) Summary Phase
[565.045s][info][gc,phases      ] GC(238) Summary Phase 0.105ms
[565.045s][info][gc,phases,start] GC(238) Forward
[565.178s][info][gc,phases      ] GC(238) Forward 133.395ms
[565.178s][info][gc,phases,start] GC(238) Adjust Pointers
[565.398s][info][gc,phases      ] GC(238) Adjust Pointers 219.465ms
[565.398s][info][gc,phases,start] GC(238) Compaction Phase
[565.551s][info][gc,phases      ] GC(238) Compaction Phase 153.264ms
[565.553s][info][gc,phases,start] GC(238) Post Compact
[565.560s][info][gc,phases      ] GC(238) Post Compact 6.874ms
[565.677s][info][gc,heap        ] GC(238) PSYoungGen: 2511184K(2561536K)->0K(2556928K) Eden: 2327040K(2327040K)->0K(2331648K) From: 184144K(234496K)->0K(225280K)
[565.677s][info][gc,heap        ] GC(238) ParOldGen: 5517528K(5517824K)->1623967K(1831424K)
[565.677s][info][gc,metaspace   ] GC(238) Metaspace: 28939K(29248K)->28939K(29248K) NonClass: 25838K(25984K)->25838K(25984K) Class: 3101K(3264K)->3101K(3264K)
[565.677s][info][gc             ] GC(238) Pause Full (Allocation Failure) 7840M->1585M(4285M) 996.315ms
[565.677s][info][gc,cpu         ] GC(238) User=4.47s Sys=0.12s Real=0.99s
.[566.734s][info][gc,start       ] GC(239) Pause Young (Allocation Failure)
[566.814s][info][gc,heap        ] GC(239) PSYoungGen: 2331648K(2556928K)->196644K(2561536K) Eden: 2331648K(2331648K)->0K(2331648K) From: 0K(225280K)->196644K(229888K)
[566.814s][info][gc,heap        ] GC(239) ParOldGen: 1623967K(1831424K)->1623967K(1831424K)
[566.814s][info][gc,metaspace   ] GC(239) Metaspace: 28939K(29248K)->28939K(29248K) NonClass: 25838K(25984K)->25838K(25984K) Class: 3101K(3264K)->3101K(3264K)
[566.814s][info][gc             ] GC(239) Pause Young (Allocation Failure) 3862M->1777M(4290M) 80.498ms
[566.814s][info][gc,cpu         ] GC(239) User=0.47s Sys=0.00s Real=0.08s
..[568.310s][info][gc,start       ] GC(240) Pause Young (Allocation Failure)
[568.400s][info][gc,heap        ] GC(240) PSYoungGen: 2528292K(2561536K)->129184K(2556416K) Eden: 2331648K(2331648K)->0K(2326016K) From: 196644K(229888K)->129184K(230400K)
[568.400s][info][gc,heap        ] GC(240) ParOldGen: 1623967K(1831424K)->1751767K(1831424K)
[568.400s][info][gc,metaspace   ] GC(240) Metaspace: 28939K(29248K)->28939K(29248K) NonClass: 25838K(25984K)->25838K(25984K) Class: 3101K(3264K)->3101K(3264K)
[568.400s][info][gc             ] GC(240) Pause Young (Allocation Failure) 4054M->1836M(4285M) 89.637ms
[568.400s][info][gc,cpu         ] GC(240) User=0.53s Sys=0.00s Real=0.09s
.[569.690s][info][gc,start       ] GC(241) Pause Young (Allocation Failure)
[569.793s][info][gc,heap        ] GC(241) PSYoungGen: 2455200K(2556416K)->185028K(2561024K) Eden: 2326016K(2326016K)->0K(2326016K) From: 129184K(230400K)->185028K(235008K)
[569.793s][info][gc,heap        ] GC(241) ParOldGen: 1751767K(1831424K)->1847167K(1847296K)
[569.793s][info][gc,metaspace   ] GC(241) Metaspace: 28939K(29248K)->28939K(29248K) NonClass: 25838K(25984K)->25838K(25984K) Class: 3101K(3264K)->3101K(3264K)
[569.793s][info][gc             ] GC(241) Pause Young (Allocation Failure) 4108M->1984M(4305M) 102.983ms
[569.793s][info][gc,cpu         ] GC(241) User=0.61s Sys=0.01s Real=0.10s
.[571.077s][info][gc,start       ] GC(242) Pause Young (Allocation Failure)
[571.174s][info][gc,heap        ] GC(242) PSYoungGen: 2511044K(2561024K)->157440K(2556416K) Eden: 2326016K(2326016K)->0K(2329088K) From: 185028K(235008K)->157440K(227328K)
[571.174s][info][gc,heap        ] GC(242) ParOldGen: 1847167K(1847296K)->1950151K(1950208K)
[571.174s][info][gc,metaspace   ] GC(242) Metaspace: 28939K(29248K)->28939K(29248K) NonClass: 25838K(25984K)->25838K(25984K) Class: 3101K(3264K)->3101K(3264K)
[571.174s][info][gc             ] GC(242) Pause Young (Allocation Failure) 4256M->2058M(4401M) 96.601ms
[571.174s][info][gc,cpu         ] GC(242) User=0.53s Sys=0.03s Real=0.10s
.[572.493s][info][gc,start       ] GC(243) Pause Young (Allocation Failure)
[572.590s][info][gc,heap        ] GC(243) PSYoungGen: 2486528K(2556416K)->157056K(2559488K) Eden: 2329088K(2329088K)->0K(2329088K) From: 157440K(227328K)->157056K(230400K)
[572.590s][info][gc,heap        ] GC(243) ParOldGen: 1950151K(1950208K)->2057391K(2057728K)
[572.590s][info][gc,metaspace   ] GC(243) Metaspace: 28939K(29248K)->28939K(29248K) NonClass: 25838K(25984K)->25838K(25984K) Class: 3101K(3264K)->3101K(3264K)
[572.590s][info][gc             ] GC(243) Pause Young (Allocation Failure) 4332M->2162M(4509M) 97.470ms
[572.590s][info][gc,cpu         ] GC(243) User=0.53s Sys=0.04s Real=0.10s
.[573.688s][info][gc,start       ] GC(244) Pause Young (Allocation Failure)
[573.799s][info][gc,heap        ] GC(244) PSYoungGen: 2486144K(2559488K)->194816K(2563584K) Eden: 2329088K(2329088K)->0K(2335232K) From: 157056K(230400K)->194816K(228352K)
[573.799s][info][gc,heap        ] GC(244) ParOldGen: 2057391K(2057728K)->2159675K(2160128K)
[573.799s][info][gc,metaspace   ] GC(244) Metaspace: 28939K(29248K)->28939K(29248K) NonClass: 25838K(25984K)->25838K(25984K) Class: 3101K(3264K)->3101K(3264K)
[573.799s][info][gc             ] GC(244) Pause Young (Allocation Failure) 4437M->2299M(4613M) 110.297ms
[573.799s][info][gc,cpu         ] GC(244) User=0.61s Sys=0.04s Real=0.11s
.[575.108s][info][gc,start       ] GC(245) Pause Young (Allocation Failure)
[575.226s][info][gc,heap        ] GC(245) PSYoungGen: 2530048K(2563584K)->169717K(2505216K) Eden: 2335232K(2335232K)->0K(2335232K) From: 194816K(228352K)->169717K(169984K)
[575.226s][info][gc,heap        ] GC(245) ParOldGen: 2159675K(2160128K)->2307299K(2307584K)
[575.226s][info][gc,metaspace   ] GC(245) Metaspace: 28939K(29248K)->28939K(29248K) NonClass: 25838K(25984K)->25838K(25984K) Class: 3101K(3264K)->3101K(3264K)
[575.226s][info][gc             ] GC(245) Pause Young (Allocation Failure) 4579M->2418M(4700M) 118.241ms
[575.226s][info][gc,cpu         ] GC(245) User=0.67s Sys=0.03s Real=0.12s
. (rIR:aIR:PR = 12618:12085:11498) (tPR = 168987) [PR is under limit] 
   575s: Re-initializing (term[576.386s][info][gc,start       ] GC(246) Pause Young (Allocation Failure)
[576.486s][info][gc,heap        ] GC(246) PSYoungGen: 2504949K(2505216K)->170976K(2567680K) Eden: 2335232K(2335232K)->0K(2341376K) From: 169717K(169984K)->170976K(226304K)
[576.486s][info][gc,heap        ] GC(246) ParOldGen: 2307299K(2307584K)->2403867K(2404352K)
[576.486s][info][gc,metaspace   ] GC(246) Metaspace: 28940K(29248K)->28940K(29248K) NonClass: 25838K(25984K)->25838K(25984K) Class: 3101K(3264K)->3101K(3264K)
[576.487s][info][gc             ] GC(246) Pause Young (Allocation Failure) 4699M->2514M(4855M) 100.625ms
[576.487s][info][gc,cpu         ] GC(246) User=0.57s Sys=0.03s Real=0.10s
[577.737s][info][gc,start       ] GC(247) Pause Young (Allocation Failure)
[577.906s][info][gc,heap        ] GC(247) PSYoungGen: 2512352K(2567680K)->201880K(2563584K) Eden: 2341376K(2341376K)->0K(2341376K) From: 170976K(226304K)->201880K(222208K)
[577.906s][info][gc,heap        ] GC(247) ParOldGen: 2403867K(2404352K)->2519539K(2519552K)
[577.906s][info][gc,metaspace   ] GC(247) Metaspace: 28940K(29248K)->28940K(29248K) NonClass: 25839K(25984K)->25839K(25984K) Class: 3101K(3264K)->3101K(3264K)
[577.906s][info][gc             ] GC(247) Pause Young (Allocation Failure) 4800M->2657M(4964M) 169.084ms
[577.906s][info][gc,cpu         ] GC(247) User=0.68s Sys=0.04s Real=0.17s
) [578.933s][info][gc,start       ] GC(248) Pause Full (System.gc())
[578.933s][info][gc,phases,start] GC(248) Marking Phase
[578.954s][info][gc,phases      ] GC(248) Marking Phase 21.017ms
[578.954s][info][gc,phases,start] GC(248) Summary Phase
[578.954s][info][gc,phases      ] GC(248) Summary Phase 0.047ms
[578.954s][info][gc,phases,start] GC(248) Forward
[578.958s][info][gc,phases      ] GC(248) Forward 3.816ms
[578.958s][info][gc,phases,start] GC(248) Adjust Pointers
[578.973s][info][gc,phases      ] GC(248) Adjust Pointers 15.294ms
[578.973s][info][gc,phases,start] GC(248) Compaction Phase
[579.018s][info][gc,phases      ] GC(248) Compaction Phase 44.492ms
[579.018s][info][gc,phases,start] GC(248) Post Compact
[579.022s][info][gc,phases      ] GC(248) Post Compact 3.854ms
[579.022s][info][gc,heap        ] GC(248) PSYoungGen: 2005953K(2563584K)->0K(2563584K) Eden: 1804072K(2341376K)->0K(2341376K) From: 201880K(222208K)->0K(222208K)
[579.022s][info][gc,heap        ] GC(248) ParOldGen: 2519539K(2519552K)->326776K(2519552K)
[579.022s][info][gc,metaspace   ] GC(248) Metaspace: 28940K(29248K)->28940K(29248K) NonClass: 25839K(25984K)->25839K(25984K) Class: 3101K(3264K)->3101K(3264K)
[579.022s][info][gc             ] GC(248) Pause Full (System.gc()) 4419M->319M(4964M) 88.786ms
[579.022s][info][gc,cpu         ] GC(248) User=0.45s Sys=0.00s Real=0.09s
(init[580.026s][info][gc,start       ] GC(249) Pause Young (Allocation Failure)
[580.354s][info][gc,heap        ] GC(249) PSYoungGen: 2341376K(2563584K)->227318K(2169344K) Eden: 2341376K(2341376K)->0K(1942016K) From: 0K(222208K)->227318K(227328K)
[580.354s][info][gc,heap        ] GC(249) ParOldGen: 326776K(2519552K)->830667K(2519552K)
[580.354s][info][gc,metaspace   ] GC(249) Metaspace: 28943K(29248K)->28943K(29248K) NonClass: 25841K(25984K)->25841K(25984K) Class: 3102K(3264K)->3102K(3264K)
[580.354s][info][gc             ] GC(249) Pause Young (Allocation Failure) 2605M->1033M(4579M) 328.520ms
[580.354s][info][gc,cpu         ] GC(249) User=1.96s Sys=0.00s Real=0.33s
[581.810s][info][gc,start       ] GC(250) Pause Young (Allocation Failure)
[582.111s][info][gc,heap        ] GC(250) PSYoungGen: 2169334K(2169344K)->426989K(2369024K) Eden: 1942016K(1942016K)->0K(1942016K) From: 227318K(227328K)->426989K(427008K)
[582.111s][info][gc,heap        ] GC(250) ParOldGen: 830667K(2519552K)->1209315K(2519552K)
[582.111s][info][gc,metaspace   ] GC(250) Metaspace: 28943K(29248K)->28943K(29248K) NonClass: 25841K(25984K)->25841K(25984K) Class: 3102K(3264K)->3102K(3264K)
[582.111s][info][gc             ] GC(250) Pause Young (Allocation Failure) 2929M->1597M(4774M) 300.827ms
[582.111s][info][gc,cpu         ] GC(250) User=1.75s Sys=0.00s Real=0.30s
) ... OK
   584s: Searching from base IR = 12440
   584s:       rampup IR =      0 ... (rIR:aIR:PR = 0:0:0) (tPR = 0) [OK] 
   587s:       rampup IR =   1244 .... (rIR:aIR:PR = 1244:1252:1252) (tPR = 17310) [OK] 
   591s:       rampup IR =   2488 .[593.924s][info][gc,start       ] GC(251) Pause Young (Allocation Failure)
[594.164s][info][gc,heap        ] GC(251) PSYoungGen: 2369005K(2369024K)->370672K(1991168K) Eden: 1942016K(1942016K)->0K(1564160K) From: 426989K(427008K)->370672K(427008K)
[594.164s][info][gc,heap        ] GC(251) ParOldGen: 1209315K(2519552K)->1594002K(2519552K)
[594.164s][info][gc,metaspace   ] GC(251) Metaspace: 28959K(29248K)->28959K(29248K) NonClass: 25857K(25984K)->25857K(25984K) Class: 3102K(3264K)->3102K(3264K)
[594.164s][info][gc             ] GC(251) Pause Young (Allocation Failure) 3494M->1918M(4405M) 239.421ms
[594.164s][info][gc,cpu         ] GC(251) User=1.43s Sys=0.00s Real=0.24s
.... (rIR:aIR:PR = 2488:2483:2483) (tPR = 35872) [OK] 
   597s:       rampup IR =   3732 [598.026s][info][gc,start       ] GC(252) Pause Young (Allocation Failure)
[598.160s][info][gc,heap        ] GC(252) PSYoungGen: 1934832K(1991168K)->108464K(1672704K) Eden: 1564160K(1564160K)->0K(1564160K) From: 370672K(427008K)->108464K(108544K)
[598.160s][info][gc,heap        ] GC(252) ParOldGen: 1594002K(2519552K)->1892914K(2519552K)
[598.160s][info][gc,metaspace   ] GC(252) Metaspace: 28959K(29248K)->28959K(29248K) NonClass: 25857K(25984K)->25857K(25984K) Class: 3102K(3264K)->3102K(3264K)
[598.160s][info][gc             ] GC(252) Pause Young (Allocation Failure) 3446M->1954M(4094M) 133.968ms
[598.160s][info][gc,cpu         ] GC(252) User=0.79s Sys=0.00s Real=0.14s
...[600.893s][info][gc,start       ] GC(253) Pause Young (Allocation Failure)
[600.966s][info][gc,heap        ] GC(253) PSYoungGen: 1671092K(1672704K)->104224K(2183168K) Eden: 1562628K(1564160K)->0K(1566720K) From: 108464K(108544K)->104224K(616448K)
[600.966s][info][gc,heap        ] GC(253) ParOldGen: 1892914K(2519552K)->1977027K(2519552K)
[600.966s][info][gc,metaspace   ] GC(253) Metaspace: 28960K(29248K)->28960K(29248K) NonClass: 25858K(25984K)->25858K(25984K) Class: 3102K(3264K)->3102K(3264K)
[600.966s][info][gc             ] GC(253) Pause Young (Allocation Failure) 3480M->2032M(4592M) 72.242ms
[600.966s][info][gc,cpu         ] GC(253) User=0.42s Sys=0.00s Real=0.07s
.. (rIR:aIR:PR = 3732:3774:3801) (tPR = 56029) [OK] 
   602s:       rampup IR =   4976 .[603.378s][info][gc,start       ] GC(254) Pause Young (Allocation Failure)
[603.449s][info][gc,heap        ] GC(254) PSYoungGen: 1670944K(2183168K)->105333K(1672192K) Eden: 1566720K(1566720K)->0K(1566720K) From: 104224K(616448K)->105333K(105472K)
[603.449s][info][gc,heap        ] GC(254) ParOldGen: 1977027K(2519552K)->2059603K(2519552K)
[603.449s][info][gc,metaspace   ] GC(254) Metaspace: 28963K(29248K)->28963K(29248K) NonClass: 25861K(25984K)->25861K(25984K) Class: 3102K(3264K)->3102K(3264K)
[603.449s][info][gc             ] GC(254) Pause Young (Allocation Failure) 3562M->2114M(4093M) 71.016ms
[603.449s][info][gc,cpu         ] GC(254) User=0.42s Sys=0.00s Real=0.07s
..[605.642s][info][gc,start       ] GC(255) Pause Young (Allocation Failure)
[605.712s][info][gc,heap        ] GC(255) PSYoungGen: 1672053K(1672192K)->109200K(2184192K) Eden: 1566720K(1566720K)->0K(1579520K) From: 105333K(105472K)->109200K(604672K)
[605.712s][info][gc,heap        ] GC(255) ParOldGen: 2059603K(2519552K)->2137400K(2519552K)
[605.712s][info][gc,metaspace   ] GC(255) Metaspace: 28963K(29248K)->28963K(29248K) NonClass: 25861K(25984K)->25861K(25984K) Class: 3102K(3264K)->3102K(3264K)
[605.712s][info][gc             ] GC(255) Pause Young (Allocation Failure) 3644M->2193M(4593M) 70.068ms
[605.712s][info][gc,cpu         ] GC(255) User=0.42s Sys=0.00s Real=0.07s
. (rIR:aIR:PR = 4976:4978:4978) (tPR = 76224) [OK] 
   606s:       rampup IR =   6220 .[607.667s][info][gc,start       ] GC(256) Pause Young (Allocation Failure)
[607.740s][info][gc,heap        ] GC(256) PSYoungGen: 1688720K(2184192K)->111968K(2171392K) Eden: 1579520K(1579520K)->0K(1579520K) From: 109200K(604672K)->111968K(591872K)
[607.740s][info][gc,heap        ] GC(256) ParOldGen: 2137400K(2519552K)->2221704K(2519552K)
[607.740s][info][gc,metaspace   ] GC(256) Metaspace: 28965K(29248K)->28965K(29248K) NonClass: 25862K(25984K)->25862K(25984K) Class: 3102K(3264K)->3102K(3264K)
[607.740s][info][gc             ] GC(256) Pause Young (Allocation Failure) 3736M->2278M(4581M) 73.102ms
[607.740s][info][gc,cpu         ] GC(256) User=0.43s Sys=0.01s Real=0.08s
..[609.380s][info][gc,start       ] GC(257) Pause Young (Allocation Failure)
[609.450s][info][gc,heap        ] GC(257) PSYoungGen: 1691488K(2171392K)->102384K(2188800K) Eden: 1579520K(1579520K)->0K(1614848K) From: 111968K(591872K)->102384K(573952K)
[609.450s][info][gc,heap        ] GC(257) ParOldGen: 2221704K(2519552K)->2307304K(2519552K)
[609.450s][info][gc,metaspace   ] GC(257) Metaspace: 28965K(29248K)->28965K(29248K) NonClass: 25862K(25984K)->25862K(25984K) Class: 3102K(3264K)->3102K(3264K)
[609.450s][info][gc             ] GC(257) Pause Young (Allocation Failure) 3821M->2353M(4598M) 70.408ms
[609.450s][info][gc,cpu         ] GC(257) User=0.41s Sys=0.00s Real=0.08s
. (rIR:aIR:PR = 6220:6249:6249) (tPR = 94709) [OK] 
   610s:       rampup IR =   7464 [611.103s][info][gc,start       ] GC(258) Pause Young (Allocation Failure)
[611.176s][info][gc,heap        ] GC(258) PSYoungGen: 1717232K(2188800K)->116800K(2176000K) Eden: 1614848K(1614848K)->0K(1614848K) From: 102384K(573952K)->116800K(561152K)
[611.176s][info][gc,heap        ] GC(258) ParOldGen: 2307304K(2519552K)->2387456K(2519552K)
[611.176s][info][gc,metaspace   ] GC(258) Metaspace: 28965K(29248K)->28965K(29248K) NonClass: 25862K(25984K)->25862K(25984K) Class: 3102K(3264K)->3102K(3264K)
[611.176s][info][gc             ] GC(258) Pause Young (Allocation Failure) 3930M->2445M(4585M) 73.574ms
[611.176s][info][gc,cpu         ] GC(258) User=0.44s Sys=0.00s Real=0.07s
..[612.649s][info][gc,start       ] GC(259) Pause Young (Allocation Failure)
[612.727s][info][gc,heap        ] GC(259) PSYoungGen: 1731648K(2176000K)->119332K(2214400K) Eden: 1614848K(1614848K)->0K(1681408K) From: 116800K(561152K)->119332K(532992K)
[612.727s][info][gc,heap        ] GC(259) ParOldGen: 2387456K(2519552K)->2472780K(2519552K)
[612.727s][info][gc,metaspace   ] GC(259) Metaspace: 28972K(29248K)->28972K(29248K) NonClass: 25869K(25984K)->25869K(25984K) Class: 3103K(3264K)->3103K(3264K)
[612.727s][info][gc             ] GC(259) Pause Young (Allocation Failure) 4022M->2531M(4623M) 77.796ms
[612.727s][info][gc,cpu         ] GC(259) User=0.46s Sys=0.01s Real=0.08s
.[614.191s][info][gc,start       ] GC(260) Pause Young (Allocation Failure)
[614.265s][info][gc,heap        ] GC(260) PSYoungGen: 1800740K(2214400K)->111028K(2202624K) Eden: 1681408K(1681408K)->0K(1681408K) From: 119332K(532992K)->111028K(521216K)
[614.265s][info][gc,heap        ] GC(260) ParOldGen: 2472780K(2519552K)->2554060K(2554368K)
[614.265s][info][gc,metaspace   ] GC(260) Metaspace: 28972K(29248K)->28972K(29248K) NonClass: 25869K(25984K)->25869K(25984K) Class: 3103K(3264K)->3103K(3264K)
[614.265s][info][gc             ] GC(260) Pause Young (Allocation Failure) 4173M->2602M(4645M) 74.262ms
[614.265s][info][gc,cpu         ] GC(260) User=0.43s Sys=0.01s Real=0.07s
. (rIR:aIR:PR = 7464:7366:7408) (tPR = 111613) [OK] 
   614s:       rampup IR =   8708 .[615.668s][info][gc,start       ] GC(261) Pause Young (Allocation Failure)
[615.749s][info][gc,heap        ] GC(261) PSYoungGen: 1792436K(2202624K)->123349K(2252800K) Eden: 1681408K(1681408K)->0K(1763840K) From: 111028K(521216K)->123349K(488960K)
[615.749s][info][gc,heap        ] GC(261) ParOldGen: 2554060K(2554368K)->2637852K(2638336K)
[615.749s][info][gc,metaspace   ] GC(261) Metaspace: 28972K(29248K)->28972K(29248K) NonClass: 25869K(25984K)->25869K(25984K) Class: 3103K(3264K)->3103K(3264K)
[615.749s][info][gc             ] GC(261) Pause Young (Allocation Failure) 4244M->2696M(4776M) 81.759ms
[615.749s][info][gc,cpu         ] GC(261) User=0.45s Sys=0.03s Real=0.08s
.[617.085s][info][gc,start       ] GC(262) Pause Young (Allocation Failure)
[617.172s][info][gc,heap        ] GC(262) PSYoungGen: 1887189K(2252800K)->139076K(2244096K) Eden: 1763840K(1763840K)->0K(1763840K) From: 123349K(488960K)->139076K(480256K)
[617.172s][info][gc,heap        ] GC(262) ParOldGen: 2637852K(2638336K)->2720140K(2720256K)
[617.172s][info][gc,metaspace   ] GC(262) Metaspace: 28972K(29248K)->28972K(29248K) NonClass: 25869K(25984K)->25869K(25984K) Class: 3103K(3264K)->3103K(3264K)
[617.172s][info][gc             ] GC(262) Pause Young (Allocation Failure) 4418M->2792M(4848M) 86.452ms
[617.172s][info][gc,cpu         ] GC(262) User=0.48s Sys=0.03s Real=0.09s
.. (rIR:aIR:PR = 8708:8884:8884) (tPR = 131142) [OK] 
   618s:       rampup IR =   9952 [618.529s][info][gc,start       ] GC(263) Pause Young (Allocation Failure)
[618.619s][info][gc,heap        ] GC(263) PSYoungGen: 1902916K(2244096K)->121360K(2296320K) Eden: 1763840K(1763840K)->0K(1846272K) From: 139076K(480256K)->121360K(450048K)
[618.619s][info][gc,heap        ] GC(263) ParOldGen: 2720140K(2720256K)->2812172K(2812416K)
[618.619s][info][gc,metaspace   ] GC(263) Metaspace: 28972K(29248K)->28972K(29248K) NonClass: 25869K(25984K)->25869K(25984K) Class: 3103K(3264K)->3103K(3264K)
[618.619s][info][gc             ] GC(263) Pause Young (Allocation Failure) 4514M->2864M(4989M) 90.421ms
[618.619s][info][gc,cpu         ] GC(263) User=0.51s Sys=0.02s Real=0.09s
.[619.858s][info][gc,start       ] GC(264) Pause Young (Allocation Failure)
[619.943s][info][gc,heap        ] GC(264) PSYoungGen: 1967632K(2296320K)->132672K(2283520K) Eden: 1846272K(1846272K)->0K(1846272K) From: 121360K(450048K)->132672K(437248K)
[619.943s][info][gc,heap        ] GC(264) ParOldGen: 2812172K(2812416K)->2895492K(2895872K)
[619.943s][info][gc,metaspace   ] GC(264) Metaspace: 28972K(29248K)->28972K(29248K) NonClass: 25869K(25984K)->25869K(25984K) Class: 3103K(3264K)->3103K(3264K)
[619.943s][info][gc             ] GC(264) Pause Young (Allocation Failure) 4667M->2957M(5058M) 85.238ms
[619.943s][info][gc,cpu         ] GC(264) User=0.48s Sys=0.02s Real=0.09s
.[621.228s][info][gc,start       ] GC(265) Pause Young (Allocation Failure)
[621.308s][info][gc,heap        ] GC(265) PSYoungGen: 1978944K(2283520K)->120704K(2340864K) Eden: 1846272K(1846272K)->0K(1926656K) From: 132672K(437248K)->120704K(414208K)
[621.308s][info][gc,heap        ] GC(265) ParOldGen: 2895492K(2895872K)->2983748K(2983936K)
[621.308s][info][gc,metaspace   ] GC(265) Metaspace: 28972K(29248K)->28972K(29248K) NonClass: 25869K(25984K)->25869K(25984K) Class: 3103K(3264K)->3103K(3264K)
[621.308s][info][gc             ] GC(265) Pause Young (Allocation Failure) 4760M->3031M(5200M) 80.653ms
[621.308s][info][gc,cpu         ] GC(265) User=0.44s Sys=0.03s Real=0.08s
..[622.649s][info][gc,start       ] GC(266) Pause Young (Allocation Failure)
[622.739s][info][gc,heap        ] GC(266) PSYoungGen: 2047360K(2340864K)->139866K(2325504K) Eden: 1926656K(1926656K)->0K(1926656K) From: 120704K(414208K)->139866K(398848K)
[622.739s][info][gc,heap        ] GC(266) ParOldGen: 2983748K(2983936K)->3075652K(3076096K)
[622.739s][info][gc,metaspace   ] GC(266) Metaspace: 28972K(29248K)->28972K(29248K) NonClass: 25869K(25984K)->25869K(25984K) Class: 3103K(3264K)->3103K(3264K)
[622.739s][info][gc             ] GC(266) Pause Young (Allocation Failure) 4913M->3140M(5275M) 89.816ms
[622.739s][info][gc,cpu         ] GC(266) User=0.51s Sys=0.02s Real=0.09s
.[623.978s][info][gc,start       ] GC(267) Pause Young (Allocation Failure)
[624.068s][info][gc,heap        ] GC(267) PSYoungGen: 2066522K(2325504K)->139796K(2378240K) Eden: 1926656K(1926656K)->0K(2001920K) From: 139866K(398848K)->139796K(376320K)
[624.068s][info][gc,heap        ] GC(267) ParOldGen: 3075652K(3076096K)->3165580K(3165696K)
[624.068s][info][gc,metaspace   ] GC(267) Metaspace: 28972K(29248K)->28972K(29248K) NonClass: 25869K(25984K)->25869K(25984K) Class: 3103K(3264K)->3103K(3264K)
[624.068s][info][gc             ] GC(267) Pause Young (Allocation Failure) 5021M->3227M(5414M) 89.852ms
[624.068s][info][gc,cpu         ] GC(267) User=0.50s Sys=0.02s Real=0.09s
. (rIR:aIR:PR = 9952:9621:9619) (tPR = 141686) [OK] 
   624s:       rampup IR =  11196 .[625.416s][info][gc,start       ] GC(268) Pause Young (Allocation Failure)
[625.514s][info][gc,heap        ] GC(268) PSYoungGen: 2141716K(2378240K)->153689K(2361856K) Eden: 2001920K(2001920K)->0K(2001920K) From: 139796K(376320K)->153689K(359936K)
[625.514s][info][gc,heap        ] GC(268) ParOldGen: 3165580K(3165696K)->3255464K(3255808K)
[625.514s][info][gc,metaspace   ] GC(268) Metaspace: 28972K(29248K)->28972K(29248K) NonClass: 25869K(25984K)->25869K(25984K) Class: 3103K(3264K)->3103K(3264K)
[625.514s][info][gc             ] GC(268) Pause Young (Allocation Failure) 5182M->3329M(5486M) 97.808ms
[625.514s][info][gc,cpu         ] GC(268) User=0.55s Sys=0.03s Real=0.10s
.[626.732s][info][gc,start       ] GC(269) Pause Young (Allocation Failure)
[626.825s][info][gc,heap        ] GC(269) PSYoungGen: 2155609K(2361856K)->142912K(2415616K) Eden: 2001920K(2001920K)->0K(2075648K) From: 153689K(359936K)->142912K(339968K)
[626.825s][info][gc,heap        ] GC(269) ParOldGen: 3255464K(3255808K)->3351208K(3351552K)
[626.825s][info][gc,metaspace   ] GC(269) Metaspace: 28972K(29248K)->28972K(29248K) NonClass: 25869K(25984K)->25869K(25984K) Class: 3103K(3264K)->3103K(3264K)
[626.825s][info][gc             ] GC(269) Pause Young (Allocation Failure) 5284M->3412M(5632M) 92.719ms
[626.825s][info][gc,cpu         ] GC(269) User=0.52s Sys=0.03s Real=0.09s
.[628.038s][info][gc,start       ] GC(270) Pause Young (Allocation Failure)
[628.130s][info][gc,heap        ] GC(270) PSYoungGen: 2218560K(2415616K)->142144K(2399744K) Eden: 2075648K(2075648K)->0K(2075648K) From: 142912K(339968K)->142144K(324096K)
[628.130s][info][gc,heap        ] GC(270) ParOldGen: 3351208K(3351552K)->3445884K(3446272K)
[628.130s][info][gc,metaspace   ] GC(270) Metaspace: 28972K(29248K)->28972K(29248K) NonClass: 25869K(25984K)->25869K(25984K) Class: 3103K(3264K)->3103K(3264K)
[628.130s][info][gc             ] GC(270) Pause Young (Allocation Failure) 5439M->3503M(5709M) 91.998ms
[628.130s][info][gc,cpu         ] GC(270) User=0.51s Sys=0.02s Real=0.09s
.[629.379s][info][gc,start       ] GC(271) Pause Young (Allocation Failure)
[629.475s][info][gc,heap        ] GC(271) PSYoungGen: 2217792K(2399744K)->150724K(2456064K) Eden: 2075648K(2075648K)->0K(2146816K) From: 142144K(324096K)->150724K(309248K)
[629.475s][info][gc,heap        ] GC(271) ParOldGen: 3445884K(3446272K)->3539180K(3539456K)
[629.475s][info][gc,metaspace   ] GC(271) Metaspace: 28972K(29248K)->28972K(29248K) NonClass: 25869K(25984K)->25869K(25984K) Class: 3103K(3264K)->3103K(3264K)
[629.475s][info][gc             ] GC(271) Pause Young (Allocation Failure) 5530M->3603M(5855M) 95.693ms
[629.475s][info][gc,cpu         ] GC(271) User=0.54s Sys=0.02s Real=0.10s
.. (rIR:aIR:PR = 11196:10991:10998) (tPR = 166011) [OK] 
   630s:       rampup IR =  12440 [630.723s][info][gc,start       ] GC(272) Pause Young (Allocation Failure)
[630.819s][info][gc,heap        ] GC(272) PSYoungGen: 2297540K(2456064K)->144277K(2441216K) Eden: 2146816K(2146816K)->0K(2146816K) From: 150724K(309248K)->144277K(294400K)
[630.819s][info][gc,heap        ] GC(272) ParOldGen: 3539180K(3539456K)->3639532K(3639808K)
[630.819s][info][gc,metaspace   ] GC(272) Metaspace: 28972K(29248K)->28972K(29248K) NonClass: 25869K(25984K)->25869K(25984K) Class: 3103K(3264K)->3103K(3264K)
[630.819s][info][gc             ] GC(272) Pause Young (Allocation Failure) 5699M->3695M(5938M) 95.575ms
[630.819s][info][gc,cpu         ] GC(272) User=0.53s Sys=0.04s Real=0.09s
.[632.020s][info][gc,start       ] GC(273) Pause Young (Allocation Failure)
[632.127s][info][gc,heap        ] GC(273) PSYoungGen: 2291093K(2441216K)->178272K(2477056K) Eden: 2146816K(2146816K)->0K(2195456K) From: 144277K(294400K)->178272K(281600K)
[632.127s][info][gc,heap        ] GC(273) ParOldGen: 3639532K(3639808K)->3734576K(3735040K)
[632.127s][info][gc,metaspace   ] GC(273) Metaspace: 28972K(29248K)->28972K(29248K) NonClass: 25869K(25984K)->25869K(25984K) Class: 3103K(3264K)->3103K(3264K)
[632.127s][info][gc             ] GC(273) Pause Young (Allocation Failure) 5791M->3821M(6066M) 107.419ms
[632.127s][info][gc,cpu         ] GC(273) User=0.60s Sys=0.04s Real=0.11s
.[633.343s][info][gc,start       ] GC(274) Pause Young (Allocation Failure)
[633.440s][info][gc,heap        ] GC(274) PSYoungGen: 2373728K(2477056K)->150165K(2473984K) Eden: 2195456K(2195456K)->0K(2195456K) From: 178272K(281600K)->150165K(278528K)
[633.440s][info][gc,heap        ] GC(274) ParOldGen: 3734576K(3735040K)->3832920K(3833344K)
[633.440s][info][gc,metaspace   ] GC(274) Metaspace: 28972K(29248K)->28972K(29248K) NonClass: 25869K(25984K)->25869K(25984K) Class: 3103K(3264K)->3103K(3264K)
[633.440s][info][gc             ] GC(274) Pause Young (Allocation Failure) 5965M->3889M(6159M) 97.129ms
[633.440s][info][gc,cpu         ] GC(274) User=0.54s Sys=0.03s Real=0.10s
.[634.756s][info][gc,start       ] GC(275) Pause Young (Allocation Failure)
[634.899s][info][gc,heap        ] GC(275) PSYoungGen: 2345621K(2473984K)->140416K(2508800K) Eden: 2195456K(2195456K)->0K(2244608K) From: 150165K(278528K)->140416K(264192K)
[634.899s][info][gc,heap        ] GC(275) ParOldGen: 3832920K(3833344K)->3939512K(3939840K)
[634.899s][info][gc,metaspace   ] GC(275) Metaspace: 28972K(29248K)->28972K(29248K) NonClass: 25869K(25984K)->25869K(25984K) Class: 3103K(3264K)->3103K(3264K)
[634.899s][info][gc             ] GC(275) Pause Young (Allocation Failure) 6033M->3984M(6297M) 142.917ms
[634.899s][info][gc,cpu         ] GC(275) User=0.54s Sys=0.03s Real=0.14s
.[636.088s][info][gc,start       ] GC(276) Pause Young (Allocation Failure)
[636.198s][info][gc,heap        ] GC(276) PSYoungGen: 2385024K(2508800K)->182676K(2502656K) Eden: 2244608K(2244608K)->0K(2244608K) From: 140416K(264192K)->182676K(258048K)
[636.198s][info][gc,heap        ] GC(276) ParOldGen: 3939512K(3939840K)->4030632K(4030976K)
[636.198s][info][gc,metaspace   ] GC(276) Metaspace: 28972K(29248K)->28972K(29248K) NonClass: 25869K(25984K)->25869K(25984K) Class: 3103K(3264K)->3103K(3264K)
[636.198s][info][gc             ] GC(276) Pause Young (Allocation Failure) 6176M->4114M(6380M) 109.238ms
[636.198s][info][gc,cpu         ] GC(276) User=0.62s Sys=0.03s Real=0.11s
..[637.446s][info][gc,start       ] GC(277) Pause Young (Allocation Failure)
[637.547s][info][gc,heap        ] GC(277) PSYoungGen: 2427284K(2502656K)->152464K(2524160K) Eden: 2244608K(2244608K)->0K(2279424K) From: 182676K(258048K)->152464K(244736K)
[637.547s][info][gc,heap        ] GC(277) ParOldGen: 4030632K(4030976K)->4135728K(4135936K)
[637.547s][info][gc,metaspace   ] GC(277) Metaspace: 28972K(29248K)->28972K(29248K) NonClass: 25869K(25984K)->25869K(25984K) Class: 3103K(3264K)->3103K(3264K)
[637.547s][info][gc             ] GC(277) Pause Young (Allocation Failure) 6306M->4187M(6504M) 101.600ms
[637.548s][info][gc,cpu         ] GC(277) User=0.57s Sys=0.02s Real=0.10s
.[638.937s][info][gc,start       ] GC(278) Pause Young (Allocation Failure)
[639.039s][info][gc,heap        ] GC(278) PSYoungGen: 2431888K(2524160K)->153232K(2528256K) Eden: 2279424K(2279424K)->0K(2279424K) From: 152464K(244736K)->153232K(248832K)
[639.039s][info][gc,heap        ] GC(278) ParOldGen: 4135728K(4135936K)->4243808K(4243968K)
[639.039s][info][gc,metaspace   ] GC(278) Metaspace: 28972K(29248K)->28972K(29248K) NonClass: 25869K(25984K)->25869K(25984K) Class: 3103K(3264K)->3103K(3264K)
[639.039s][info][gc             ] GC(278) Pause Young (Allocation Failure) 6413M->4293M(6613M) 102.020ms
[639.039s][info][gc,cpu         ] GC(278) User=0.56s Sys=0.04s Real=0.10s
.[640.309s][info][gc,start       ] GC(279) Pause Young (Allocation Failure)
[640.410s][info][gc,heap        ] GC(279) PSYoungGen: 2432656K(2528256K)->165328K(2542592K) Eden: 2279424K(2279424K)->0K(2307072K) From: 153232K(248832K)->165328K(235520K)
[640.410s][info][gc,heap        ] GC(279) ParOldGen: 4243808K(4243968K)->4338016K(4338176K)
[640.410s][info][gc,metaspace   ] GC(279) Metaspace: 28972K(29248K)->28972K(29248K) NonClass: 25869K(25984K)->25869K(25984K) Class: 3103K(3264K)->3103K(3264K)
[640.410s][info][gc             ] GC(279) Pause Young (Allocation Failure) 6519M->4397M(6719M) 101.285ms
[640.410s][info][gc,cpu         ] GC(279) User=0.56s Sys=0.03s Real=0.11s
.[641.655s][info][gc,start       ] GC(280) Pause Young (Allocation Failure)
[641.758s][info][gc,heap        ] GC(280) PSYoungGen: 2472400K(2542592K)->160036K(2542592K) Eden: 2307072K(2307072K)->0K(2307072K) From: 165328K(235520K)->160036K(235520K)
[641.758s][info][gc,heap        ] GC(280) ParOldGen: 4338016K(4338176K)->4437136K(4437504K)
[641.758s][info][gc,metaspace   ] GC(280) Metaspace: 28974K(29248K)->28974K(29248K) NonClass: 25871K(25984K)->25871K(25984K) Class: 3103K(3264K)->3103K(3264K)
[641.758s][info][gc             ] GC(280) Pause Young (Allocation Failure) 6650M->4489M(6816M) 102.435ms
[641.758s][info][gc,cpu         ] GC(280) User=0.57s Sys=0.03s Real=0.10s
.[643.133s][info][gc,start       ] GC(281) Pause Young (Allocation Failure)
[643.248s][info][gc,heap        ] GC(281) PSYoungGen: 2467108K(2542592K)->175510K(2554368K) Eden: 2307072K(2307072K)->0K(2325504K) From: 160036K(235520K)->175510K(228864K)
[643.248s][info][gc,heap        ] GC(281) ParOldGen: 4437136K(4437504K)->4545097K(4545536K)
[643.248s][info][gc,metaspace   ] GC(281) Metaspace: 28974K(29248K)->28974K(29248K) NonClass: 25871K(25984K)->25871K(25984K) Class: 3103K(3264K)->3103K(3264K)
[643.248s][info][gc             ] GC(281) Pause Young (Allocation Failure) 6742M->4609M(6933M) 115.723ms
[643.248s][info][gc,cpu         ] GC(281) User=0.65s Sys=0.03s Real=0.11s
.[644.513s][info][gc,start       ] GC(282) Pause Young (Allocation Failure)
[644.630s][info][gc,heap        ] GC(282) PSYoungGen: 2501014K(2554368K)->197533K(2553856K) Eden: 2325504K(2325504K)->0K(2325504K) From: 175510K(228864K)->197533K(228352K)
[644.630s][info][gc,heap        ] GC(282) ParOldGen: 4545097K(4545536K)->4642841K(4643328K)
[644.630s][info][gc,metaspace   ] GC(282) Metaspace: 28974K(29248K)->28974K(29248K) NonClass: 25871K(25984K)->25871K(25984K) Class: 3103K(3264K)->3103K(3264K)
[644.630s][info][gc             ] GC(282) Pause Young (Allocation Failure) 6880M->4726M(7028M) 117.352ms
[644.631s][info][gc,cpu         ] GC(282) User=0.65s Sys=0.05s Real=0.12s
.[645.979s][info][gc,start       ] GC(283) Pause Young (Allocation Failure)
[646.086s][info][gc,heap        ] GC(283) PSYoungGen: 2523037K(2553856K)->161337K(2560512K) Eden: 2325504K(2325504K)->0K(2331136K) From: 197533K(228352K)->161337K(229376K)
[646.086s][info][gc,heap        ] GC(283) ParOldGen: 4642841K(4643328K)->4757601K(4758016K)
[646.086s][info][gc,metaspace   ] GC(283) Metaspace: 28974K(29248K)->28974K(29248K) NonClass: 25871K(25984K)->25871K(25984K) Class: 3103K(3264K)->3103K(3264K)
[646.086s][info][gc             ] GC(283) Pause Young (Allocation Failure) 6997M->4803M(7147M) 107.518ms
[646.086s][info][gc,cpu         ] GC(283) User=0.60s Sys=0.03s Real=0.11s
.[647.327s][info][gc,start       ] GC(284) Pause Young (Allocation Failure)
[647.434s][info][gc,heap        ] GC(284) PSYoungGen: 2492473K(2560512K)->172656K(2560000K) Eden: 2331136K(2331136K)->0K(2331136K) From: 161337K(229376K)->172656K(228864K)
[647.435s][info][gc,heap        ] GC(284) ParOldGen: 4757601K(4758016K)->4851169K(4851200K)
[647.435s][info][gc,metaspace   ] GC(284) Metaspace: 28974K(29248K)->28974K(29248K) NonClass: 25871K(25984K)->25871K(25984K) Class: 3103K(3264K)->3103K(3264K)
[647.435s][info][gc             ] GC(284) Pause Young (Allocation Failure) 7080M->4906M(7237M) 107.400ms
[647.435s][info][gc,cpu         ] GC(284) User=0.61s Sys=0.02s Real=0.11s
.[648.708s][info][gc,start       ] GC(285) Pause Young (Allocation Failure)
[648.821s][info][gc,heap        ] GC(285) PSYoungGen: 2503792K(2560000K)->175648K(2565120K) Eden: 2331136K(2331136K)->0K(2339328K) From: 172656K(228864K)->175648K(225792K)
[648.821s][info][gc,heap        ] GC(285) ParOldGen: 4851169K(4851200K)->4958945K(4959232K)
[648.821s][info][gc,metaspace   ] GC(285) Metaspace: 28974K(29248K)->28974K(29248K) NonClass: 25871K(25984K)->25871K(25984K) Class: 3103K(3264K)->3103K(3264K)
[648.821s][info][gc             ] GC(285) Pause Young (Allocation Failure) 7182M->5014M(7348M) 112.452ms
[648.821s][info][gc,cpu         ] GC(285) User=0.63s Sys=0.03s Real=0.12s
..[650.159s][info][gc,start       ] GC(286) Pause Young (Allocation Failure)
[650.268s][info][gc,heap        ] GC(286) PSYoungGen: 2514976K(2565120K)->169280K(2563584K) Eden: 2339328K(2339328K)->0K(2339328K) From: 175648K(225792K)->169280K(224256K)
[650.268s][info][gc,heap        ] GC(286) ParOldGen: 4958945K(4959232K)->5063377K(5063680K)
[650.268s][info][gc,metaspace   ] GC(286) Metaspace: 28974K(29248K)->28974K(29248K) NonClass: 25871K(25984K)->25871K(25984K) Class: 3103K(3264K)->3103K(3264K)
[650.268s][info][gc             ] GC(286) Pause Young (Allocation Failure) 7298M->5110M(7448M) 109.507ms
[650.268s][info][gc,cpu         ] GC(286) User=0.61s Sys=0.04s Real=0.11s
.[651.581s][info][gc,start       ] GC(287) Pause Young (Allocation Failure)
[651.685s][info][gc,heap        ] GC(287) PSYoungGen: 2508608K(2563584K)->153904K(2568192K) Eden: 2339328K(2339328K)->0K(2349568K) From: 169280K(224256K)->153904K(218624K)
[651.685s][info][gc,heap        ] GC(287) ParOldGen: 5063377K(5063680K)->5167401K(5167616K)
[651.685s][info][gc,metaspace   ] GC(287) Metaspace: 28974K(29248K)->28974K(29248K) NonClass: 25871K(25984K)->25871K(25984K) Class: 3103K(3264K)->3103K(3264K)
[651.685s][info][gc             ] GC(287) Pause Young (Allocation Failure) 7394M->5196M(7554M) 103.608ms
[651.685s][info][gc,cpu         ] GC(287) User=0.57s Sys=0.04s Real=0.10s
.[653.051s][info][gc,start       ] GC(288) Pause Young (Allocation Failure)
[653.152s][info][gc,heap        ] GC(288) PSYoungGen: 2503472K(2568192K)->157696K(2566144K) Eden: 2349568K(2349568K)->0K(2349568K) From: 153904K(218624K)->157696K(216576K)
[653.152s][info][gc,heap        ] GC(288) ParOldGen: 5167401K(5167616K)->5267673K(5267968K)
[653.152s][info][gc,metaspace   ] GC(288) Metaspace: 28974K(29248K)->28974K(29248K) NonClass: 25871K(25984K)->25871K(25984K) Class: 3103K(3264K)->3103K(3264K)
[653.152s][info][gc             ] GC(288) Pause Young (Allocation Failure) 7491M->5298M(7650M) 101.173ms
[653.152s][info][gc,cpu         ] GC(288) User=0.56s Sys=0.03s Real=0.10s
.[654.431s][info][gc,start       ] GC(289) Pause Young (Allocation Failure)
[654.535s][info][gc,heap        ] GC(289) PSYoungGen: 2507264K(2566144K)->159104K(2575360K) Eden: 2349568K(2349568K)->0K(2364928K) From: 157696K(216576K)->159104K(210432K)
[654.535s][info][gc,heap        ] GC(289) ParOldGen: 5267673K(5267968K)->5372957K(5373440K)
[654.535s][info][gc,metaspace   ] GC(289) Metaspace: 28974K(29248K)->28974K(29248K) NonClass: 25871K(25984K)->25871K(25984K) Class: 3103K(3264K)->3103K(3264K)
[654.535s][info][gc             ] GC(289) Pause Young (Allocation Failure) 7592M->5402M(7762M) 103.791ms
[654.535s][info][gc,cpu         ] GC(289) User=0.58s Sys=0.03s Real=0.10s
.[655.843s][info][gc,start       ] GC(290) Pause Young (Allocation Failure)
[656.000s][info][gc,heap        ] GC(290) PSYoungGen: 2524032K(2575360K)->173962K(2573312K) Eden: 2364928K(2364928K)->0K(2364928K) From: 159104K(210432K)->173962K(208384K)
[656.000s][info][gc,heap        ] GC(290) ParOldGen: 5372957K(5373440K)->5476893K(5477376K)
[656.000s][info][gc,metaspace   ] GC(290) Metaspace: 28974K(29248K)->28974K(29248K) NonClass: 25871K(25984K)->25871K(25984K) Class: 3103K(3264K)->3103K(3264K)
[656.000s][info][gc             ] GC(290) Pause Young (Allocation Failure) 7711M->5518M(7862M) 156.225ms
[656.000s][info][gc,cpu         ] GC(290) User=0.63s Sys=0.03s Real=0.15s
.[657.359s][info][gc,start       ] GC(291) Pause Full (Allocation Failure)
[657.359s][info][gc,phases,start] GC(291) Marking Phase
[657.668s][info][gc,phases      ] GC(291) Marking Phase 308.779ms
[657.668s][info][gc,phases,start] GC(291) Summary Phase
[657.668s][info][gc,phases      ] GC(291) Summary Phase 0.102ms
[657.668s][info][gc,phases,start] GC(291) Forward
[657.808s][info][gc,phases      ] GC(291) Forward 139.810ms
[657.808s][info][gc,phases,start] GC(291) Adjust Pointers
[658.050s][info][gc,phases      ] GC(291) Adjust Pointers 241.626ms
[658.050s][info][gc,phases,start] GC(291) Compaction Phase
[658.239s][info][gc,phases      ] GC(291) Compaction Phase 189.610ms
[658.243s][info][gc,phases,start] GC(291) Post Compact
[658.249s][info][gc,phases      ] GC(291) Post Compact 6.917ms
[658.364s][info][gc,heap        ] GC(291) PSYoungGen: 2538890K(2573312K)->0K(2585088K) Eden: 2364928K(2364928K)->0K(2377216K) From: 173962K(208384K)->0K(207872K)
[658.364s][info][gc,heap        ] GC(291) ParOldGen: 5476893K(5477376K)->1621269K(1846272K)
[658.364s][info][gc,metaspace   ] GC(291) Metaspace: 28974K(29248K)->28974K(29248K) NonClass: 25871K(25984K)->25871K(25984K) Class: 3103K(3264K)->3103K(3264K)
[658.365s][info][gc             ] GC(291) Pause Full (Allocation Failure) 7827M->1583M(4327M) 1005.383ms
[658.365s][info][gc,cpu         ] GC(291) User=4.86s Sys=0.11s Real=1.01s
?.[659.597s][info][gc,start       ] GC(292) Pause Young (Allocation Failure)
[659.677s][info][gc,heap        ] GC(292) PSYoungGen: 2377216K(2585088K)->197440K(2574848K) Eden: 2377216K(2377216K)->0K(2377216K) From: 0K(207872K)->197440K(197632K)
[659.677s][info][gc,heap        ] GC(292) ParOldGen: 1621269K(1846272K)->1621269K(1846272K)
[659.677s][info][gc,metaspace   ] GC(292) Metaspace: 28974K(29248K)->28974K(29248K) NonClass: 25871K(25984K)->25871K(25984K) Class: 3103K(3264K)->3103K(3264K)
[659.677s][info][gc             ] GC(292) Pause Young (Allocation Failure) 3904M->1776M(4317M) 80.430ms
[659.677s][info][gc,cpu         ] GC(292) User=0.48s Sys=0.00s Real=0.08s
.[661.061s][info][gc,start       ] GC(293) Pause Young (Allocation Failure)
[661.160s][info][gc,heap        ] GC(293) PSYoungGen: 2574656K(2574848K)->162468K(2584064K) Eden: 2377216K(2377216K)->0K(2368512K) From: 197440K(197632K)->162468K(215552K)
[661.160s][info][gc,heap        ] GC(293) ParOldGen: 1621269K(1846272K)->1735645K(1846272K)
[661.160s][info][gc,metaspace   ] GC(293) Metaspace: 28974K(29248K)->28974K(29248K) NonClass: 25871K(25984K)->25871K(25984K) Class: 3103K(3264K)->3103K(3264K)
[661.160s][info][gc             ] GC(293) Pause Young (Allocation Failure) 4097M->1853M(4326M) 99.214ms
[661.160s][info][gc,cpu         ] GC(293) User=0.58s Sys=0.01s Real=0.10s
. (rIR:aIR:PR = 12440:12201:11394) (tPR = 169929) [PR is under limit] 
   661s: Re-initializing (term[662.355s][info][gc,start       ] GC(294) Pause Young (Allocation Failure)
[662.458s][info][gc,heap        ] GC(294) PSYoungGen: 2530980K(2584064K)->184032K(2580480K) Eden: 2368512K(2368512K)->0K(2368512K) From: 162468K(215552K)->184032K(211968K)
[662.458s][info][gc,heap        ] GC(294) ParOldGen: 1735645K(1846272K)->1832357K(1846272K)
[662.458s][info][gc,metaspace   ] GC(294) Metaspace: 28975K(29248K)->28975K(29248K) NonClass: 25872K(25984K)->25872K(25984K) Class: 3103K(3264K)->3103K(3264K)
[662.458s][info][gc             ] GC(294) Pause Young (Allocation Failure) 4166M->1969M(4323M) 102.098ms
[662.458s][info][gc,cpu         ] GC(294) User=0.60s Sys=0.00s Real=0.10s
) [663.156s][info][gc,start       ] GC(295) Pause Full (System.gc())
[663.156s][info][gc,phases,start] GC(295) Marking Phase
[663.178s][info][gc,phases      ] GC(295) Marking Phase 22.096ms
[663.178s][info][gc,phases,start] GC(295) Summary Phase
[663.178s][info][gc,phases      ] GC(295) Summary Phase 0.040ms
[663.178s][info][gc,phases,start] GC(295) Forward
[663.181s][info][gc,phases      ] GC(295) Forward 2.980ms
[663.181s][info][gc,phases,start] GC(295) Adjust Pointers
[663.195s][info][gc,phases      ] GC(295) Adjust Pointers 14.046ms
[663.195s][info][gc,phases,start] GC(295) Compaction Phase
[663.228s][info][gc,phases      ] GC(295) Compaction Phase 33.574ms
[663.228s][info][gc,phases,start] GC(295) Post Compact
[663.232s][info][gc,phases      ] GC(295) Post Compact 3.080ms
[663.232s][info][gc,heap        ] GC(295) PSYoungGen: 1675014K(2580480K)->0K(2580480K) Eden: 1490982K(2368512K)->0K(2368512K) From: 184032K(211968K)->0K(211968K)
[663.232s][info][gc,heap        ] GC(295) ParOldGen: 1832357K(1846272K)->326624K(1846272K)
[663.232s][info][gc,metaspace   ] GC(295) Metaspace: 28975K(29248K)->28975K(29248K) NonClass: 25872K(25984K)->25872K(25984K) Class: 3103K(3264K)->3103K(3264K)
[663.232s][info][gc             ] GC(295) Pause Full (System.gc()) 3425M->318M(4323M) 76.078ms
[663.232s][info][gc,cpu         ] GC(295) User=0.38s Sys=0.00s Real=0.08s
(init[664.243s][info][gc,start       ] GC(296) Pause Young (Allocation Failure)
[664.589s][info][gc,heap        ] GC(296) PSYoungGen: 2368512K(2580480K)->213488K(2167808K) Eden: 2368512K(2368512K)->0K(1954304K) From: 0K(211968K)->213488K(213504K)
[664.589s][info][gc,heap        ] GC(296) ParOldGen: 326624K(1846272K)->854105K(1846272K)
[664.589s][info][gc,metaspace   ] GC(296) Metaspace: 28979K(29248K)->28979K(29248K) NonClass: 25876K(25984K)->25876K(25984K) Class: 3103K(3264K)->3103K(3264K)
[664.589s][info][gc             ] GC(296) Pause Young (Allocation Failure) 2631M->1042M(3920M) 346.231ms
[664.589s][info][gc,cpu         ] GC(296) User=2.00s Sys=0.06s Real=0.34s
[665.830s][info][gc,start       ] GC(297) Pause Young (Allocation Failure)
[666.130s][info][gc,heap        ] GC(297) PSYoungGen: 2167792K(2167808K)->420861K(2375168K) Eden: 1954304K(1954304K)->0K(1954304K) From: 213488K(213504K)->420861K(420864K)
[666.131s][info][gc,heap        ] GC(297) ParOldGen: 854105K(1846272K)->1213544K(1846272K)
[666.131s][info][gc,metaspace   ] GC(297) Metaspace: 28984K(29248K)->28984K(29248K) NonClass: 25881K(25984K)->25881K(25984K) Class: 3103K(3264K)->3103K(3264K)
[666.131s][info][gc             ] GC(297) Pause Young (Allocation Failure) 2951M->1596M(4122M) 300.338ms
[666.131s][info][gc,cpu         ] GC(297) User=1.74s Sys=0.00s Real=0.30s
) ... OK
   669s: high-bound for max-jOPS is measured to be 13837
   669s: 
   669s: Restarting (term) [669.173s][info][gc,start       ] GC(298) Pause Full (System.gc())
[669.173s][info][gc,phases,start] GC(298) Marking Phase
[669.193s][info][gc,phases      ] GC(298) Marking Phase 19.812ms
[669.193s][info][gc,phases,start] GC(298) Summary Phase
[669.193s][info][gc,phases      ] GC(298) Summary Phase 0.022ms
[669.193s][info][gc,phases,start] GC(298) Forward
[669.195s][info][gc,phases      ] GC(298) Forward 1.564ms
[669.195s][info][gc,phases,start] GC(298) Adjust Pointers
[669.208s][info][gc,phases      ] GC(298) Adjust Pointers 13.638ms
[669.208s][info][gc,phases,start] GC(298) Compaction Phase
[669.219s][info][gc,phases      ] GC(298) Compaction Phase 10.469ms
[669.219s][info][gc,phases,start] GC(298) Post Compact
[669.221s][info][gc,phases      ] GC(298) Post Compact 1.633ms
[669.221s][info][gc,heap        ] GC(298) PSYoungGen: 780826K(2375168K)->0K(2375168K) Eden: 359964K(1954304K)->0K(1954304K) From: 420861K(420864K)->0K(420864K)
[669.221s][info][gc,heap        ] GC(298) ParOldGen: 1213544K(1846272K)->326115K(1846272K)
[669.221s][info][gc,metaspace   ] GC(298) Metaspace: 28985K(29248K)->28985K(29248K) NonClass: 25882K(25984K)->25882K(25984K) Class: 3103K(3264K)->3103K(3264K)
[669.221s][info][gc             ] GC(298) Pause Full (System.gc()) 1947M->318M(4122M) 47.365ms
[669.221s][info][gc,cpu         ] GC(298) User=0.21s Sys=0.00s Real=0.05s
(init[670.353s][info][gc,start       ] GC(299) Pause Young (Allocation Failure)
[670.625s][info][gc,heap        ] GC(299) PSYoungGen: 1954304K(2375168K)->420861K(1825280K) Eden: 1954304K(1954304K)->0K(1404416K) From: 0K(420864K)->420861K(420864K)
[670.625s][info][gc,heap        ] GC(299) ParOldGen: 326115K(1846272K)->515603K(1846272K)
[670.625s][info][gc,metaspace   ] GC(299) Metaspace: 28990K(29248K)->28990K(29248K) NonClass: 25887K(25984K)->25887K(25984K) Class: 3103K(3264K)->3103K(3264K)
[670.625s][info][gc             ] GC(299) Pause Young (Allocation Failure) 2226M->914M(3585M) 271.776ms
[670.625s][info][gc,cpu         ] GC(299) User=1.62s Sys=0.01s Real=0.27s
[671.422s][info][gc,start       ] GC(300) Pause Young (Allocation Failure)
[671.686s][info][gc,heap        ] GC(300) PSYoungGen: 1825277K(1825280K)->480793K(1885696K) Eden: 1404416K(1404416K)->0K(1404416K) From: 420861K(420864K)->480793K(481280K)
[671.686s][info][gc,heap        ] GC(300) ParOldGen: 515603K(1846272K)->763490K(1846272K)
[671.686s][info][gc,metaspace   ] GC(300) Metaspace: 28990K(29248K)->28990K(29248K) NonClass: 25887K(25984K)->25887K(25984K) Class: 3103K(3264K)->3103K(3264K)
[671.686s][info][gc             ] GC(300) Pause Young (Allocation Failure) 2286M->1215M(3644M) 264.358ms
[671.686s][info][gc,cpu         ] GC(300) User=1.57s Sys=0.00s Real=0.26s
) ... OK
   675s: 
   675s: Warmup for building throughput-responsetime curve
   675s: (10%)   IR =   1384 [675.451s][info][gc,start       ] GC(301) Pause Young (Allocation Failure)
[675.762s][info][gc,heap        ] GC(301) PSYoungGen: 1885209K(1885696K)->719358K(1651712K) Eden: 1404416K(1404416K)->0K(932352K) From: 480793K(481280K)->719358K(719360K)
[675.762s][info][gc,heap        ] GC(301) ParOldGen: 763490K(1846272K)->1107190K(1846272K)
[675.762s][info][gc,metaspace   ] GC(301) Metaspace: 28998K(29312K)->28998K(29312K) NonClass: 25895K(26048K)->25895K(26048K) Class: 3103K(3264K)->3103K(3264K)
[675.762s][info][gc             ] GC(301) Pause Young (Allocation Failure) 2586M->1783M(3416M) 310.552ms
[675.762s][info][gc,cpu         ] GC(301) User=1.85s Sys=0.00s Real=0.31s
....[679.678s][info][gc,start       ] GC(302) Pause Young (Allocation Failure)
[679.874s][info][gc,heap        ] GC(302) PSYoungGen: 1651710K(1651712K)->59248K(1864192K) Eden: 932352K(932352K)->0K(932352K) From: 719358K(719360K)->59248K(931840K)
[679.874s][info][gc,heap        ] GC(302) ParOldGen: 1107190K(1846272K)->1740775K(1846272K)
[679.874s][info][gc,metaspace   ] GC(302) Metaspace: 28998K(29312K)->28998K(29312K) NonClass: 25895K(26048K)->25895K(26048K) Class: 3103K(3264K)->3103K(3264K)
[679.874s][info][gc             ] GC(302) Pause Young (Allocation Failure) 2694M->1757M(3623M) 195.987ms
[679.874s][info][gc,cpu         ] GC(302) User=1.16s Sys=0.00s Real=0.20s
....[684.183s][info][gc,start       ] GC(303) Pause Young (Allocation Failure)
[684.237s][info][gc,heap        ] GC(303) PSYoungGen: 991220K(1864192K)->65728K(1864192K) Eden: 931971K(932352K)->0K(932352K) From: 59248K(931840K)->65728K(931840K)
[684.237s][info][gc,heap        ] GC(303) ParOldGen: 1740775K(1846272K)->1793667K(1846272K)
[684.237s][info][gc,metaspace   ] GC(303) Metaspace: 28999K(29312K)->28999K(29312K) NonClass: 25896K(26048K)->25896K(26048K) Class: 3103K(3264K)->3103K(3264K)
[684.237s][info][gc             ] GC(303) Pause Young (Allocation Failure) 2667M->1815M(3623M) 54.459ms
[684.237s][info][gc,cpu         ] GC(303) User=0.33s Sys=0.00s Real=0.05s
.....[688.896s][info][gc,start       ] GC(304) Pause Young (Allocation Failure)
[688.946s][info][gc,heap        ] GC(304) PSYoungGen: 998080K(1864192K)->63600K(1864192K) Eden: 932352K(932352K)->0K(932352K) From: 65728K(931840K)->63600K(931840K)
[688.946s][info][gc,heap        ] GC(304) ParOldGen: 1793667K(1846272K)->1848524K(1848832K)
[688.946s][info][gc,metaspace   ] GC(304) Metaspace: 28999K(29312K)->28999K(29312K) NonClass: 25896K(26048K)->25896K(26048K) Class: 3103K(3264K)->3103K(3264K)
[688.946s][info][gc             ] GC(304) Pause Young (Allocation Failure) 2726M->1867M(3626M) 49.742ms
[688.946s][info][gc,cpu         ] GC(304) User=0.30s Sys=0.01s Real=0.05s
.....[693.465s][info][gc,start       ] GC(305) Pause Young (Allocation Failure)
[693.514s][info][gc,heap        ] GC(305) PSYoungGen: 995952K(1864192K)->61008K(1830400K) Eden: 932352K(932352K)->0K(932352K) From: 63600K(931840K)->61008K(898048K)
[693.514s][info][gc,heap        ] GC(305) ParOldGen: 1848524K(1848832K)->1904428K(1904640K)
[693.514s][info][gc,metaspace   ] GC(305) Metaspace: 28999K(29312K)->28999K(29312K) NonClass: 25896K(26048K)->25896K(26048K) Class: 3103K(3264K)->3103K(3264K)
[693.514s][info][gc             ] GC(305) Pause Young (Allocation Failure) 2777M->1919M(3647M) 49.060ms
[693.514s][info][gc,cpu         ] GC(305) User=0.27s Sys=0.02s Real=0.05s
....[698.333s][info][gc,start       ] GC(306) Pause Young (Allocation Failure)
[698.383s][info][gc,heap        ] GC(306) PSYoungGen: 993360K(1830400K)->66144K(1847296K) Eden: 932352K(932352K)->0K(932352K) From: 61008K(898048K)->66144K(914944K)
[698.383s][info][gc,heap        ] GC(306) ParOldGen: 1904428K(1904640K)->1958116K(1958400K)
[698.383s][info][gc,metaspace   ] GC(306) Metaspace: 28999K(29312K)->28999K(29312K) NonClass: 25896K(26048K)->25896K(26048K) Class: 3103K(3264K)->3103K(3264K)
[698.383s][info][gc             ] GC(306) Pause Young (Allocation Failure) 2829M->1976M(3716M) 49.732ms
[698.383s][info][gc,cpu         ] GC(306) User=0.27s Sys=0.02s Real=0.05s
.....[703.022s][info][gc,start       ] GC(307) Pause Young (Allocation Failure)
[703.070s][info][gc,heap        ] GC(307) PSYoungGen: 998496K(1847296K)->64400K(1833472K) Eden: 932352K(932352K)->0K(991744K) From: 66144K(914944K)->64400K(841728K)
[703.070s][info][gc,heap        ] GC(307) ParOldGen: 1958116K(1958400K)->2014700K(2014720K)
[703.070s][info][gc,metaspace   ] GC(307) Metaspace: 28999K(29312K)->28999K(29312K) NonClass: 25896K(26048K)->25896K(26048K) Class: 3103K(3264K)->3103K(3264K)
[703.070s][info][gc             ] GC(307) Pause Young (Allocation Failure) 2887M->2030M(3758M) 48.552ms
[703.071s][info][gc,cpu         ] GC(307) User=0.27s Sys=0.02s Real=0.05s
.....[708.039s][info][gc,start       ] GC(308) Pause Young (Allocation Failure)
[708.092s][info][gc,heap        ] GC(308) PSYoungGen: 1056144K(1833472K)->74912K(1852928K) Eden: 991744K(991744K)->0K(991744K) From: 64400K(841728K)->74912K(861184K)
[708.092s][info][gc,heap        ] GC(308) ParOldGen: 2014700K(2014720K)->2070228K(2070528K)
[708.092s][info][gc,metaspace   ] GC(308) Metaspace: 28999K(29312K)->28999K(29312K) NonClass: 25896K(26048K)->25896K(26048K) Class: 3103K(3264K)->3103K(3264K)
[708.092s][info][gc             ] GC(308) Pause Young (Allocation Failure) 2998M->2094M(3831M) 53.214ms
[708.092s][info][gc,cpu         ] GC(308) User=0.30s Sys=0.02s Real=0.06s
.....[713.312s][info][gc,start       ] GC(309) Pause Young (Allocation Failure)
[713.365s][info][gc,heap        ] GC(309) PSYoungGen: 1066656K(1852928K)->71568K(1880576K) Eden: 991744K(991744K)->0K(1106432K) From: 74912K(861184K)->71568K(774144K)
[713.365s][info][gc,heap        ] GC(309) ParOldGen: 2070228K(2070528K)->2128429K(2128896K)
[713.365s][info][gc,metaspace   ] GC(309) Metaspace: 28999K(29312K)->28999K(29312K) NonClass: 25896K(26048K)->25896K(26048K) Class: 3103K(3264K)->3103K(3264K)
[713.365s][info][gc             ] GC(309) Pause Young (Allocation Failure) 3063M->2148M(3915M) 52.293ms
[713.365s][info][gc,cpu         ] GC(309) User=0.29s Sys=0.02s Real=0.05s
......[718.787s][info][gc,start       ] GC(310) Pause Young (Allocation Failure)
[718.841s][info][gc,heap        ] GC(310) PSYoungGen: 1178000K(1880576K)->73776K(1901056K) Eden: 1106432K(1106432K)->0K(1106432K) From: 71568K(774144K)->73776K(794624K)
[718.841s][info][gc,heap        ] GC(310) ParOldGen: 2128429K(2128896K)->2188877K(2189312K)
[718.841s][info][gc,metaspace   ] GC(310) Metaspace: 28999K(29312K)->28999K(29312K) NonClass: 25896K(26048K)->25896K(26048K) Class: 3103K(3264K)->3103K(3264K)
[718.841s][info][gc             ] GC(310) Pause Young (Allocation Failure) 3228M->2209M(3994M) 53.849ms
[718.841s][info][gc,cpu         ] GC(310) User=0.30s Sys=0.01s Real=0.06s
......[724.564s][info][gc,start       ] GC(311) Pause Young (Allocation Failure)
[724.619s][info][gc,heap        ] GC(311) PSYoungGen: 1180208K(1901056K)->74656K(1937920K) Eden: 1106432K(1106432K)->0K(1237504K) From: 73776K(794624K)->74656K(700416K)
[724.619s][info][gc,heap        ] GC(311) ParOldGen: 2188877K(2189312K)->2251717K(2251776K)
[724.619s][info][gc,metaspace   ] GC(311) Metaspace: 28999K(29312K)->28999K(29312K) NonClass: 25896K(26048K)->25896K(26048K) Class: 3103K(3264K)->3103K(3264K)
[724.619s][info][gc             ] GC(311) Pause Young (Allocation Failure) 3290M->2271M(4091M) 54.663ms
[724.619s][info][gc,cpu         ] GC(311) User=0.30s Sys=0.02s Real=0.05s
......[730.905s][info][gc,start       ] GC(312) Pause Young (Allocation Failure)
[730.962s][info][gc,heap        ] GC(312) PSYoungGen: 1312160K(1937920K)->83712K(1962496K) Eden: 1237504K(1237504K)->0K(1237504K) From: 74656K(700416K)->83712K(724992K)
[730.962s][info][gc,heap        ] GC(312) ParOldGen: 2251717K(2251776K)->2314557K(2314752K)
[730.962s][info][gc,metaspace   ] GC(312) Metaspace: 28999K(29312K)->28999K(29312K) NonClass: 25896K(26048K)->25896K(26048K) Class: 3103K(3264K)->3103K(3264K)
[730.962s][info][gc             ] GC(312) Pause Young (Allocation Failure) 3480M->2342M(4177M) 57.221ms
[730.962s][info][gc,cpu         ] GC(312) User=0.32s Sys=0.02s Real=0.06s
......[737.308s][info][gc,start       ] GC(313) Pause Young (Allocation Failure)
[737.368s][info][gc,heap        ] GC(313) PSYoungGen: 1321216K(1962496K)->84768K(1987072K) Eden: 1237504K(1237504K)->0K(1370624K) From: 83712K(724992K)->84768K(616448K)
[737.368s][info][gc,heap        ] GC(313) ParOldGen: 2314557K(2314752K)->2384133K(2384384K)
[737.368s][info][gc,metaspace   ] GC(313) Metaspace: 29003K(29312K)->29003K(29312K) NonClass: 25900K(26048K)->25900K(26048K) Class: 3103K(3264K)->3103K(3264K)
[737.368s][info][gc             ] GC(313) Pause Young (Allocation Failure) 3550M->2411M(4269M) 60.193ms
[737.368s][info][gc,cpu         ] GC(313) User=0.33s Sys=0.02s Real=0.06s
........[744.477s][info][gc,start       ] GC(314) Pause Young (Allocation Failure)
[744.539s][info][gc,heap        ] GC(314) PSYoungGen: 1455392K(1987072K)->91296K(2022912K) Eden: 1370624K(1370624K)->0K(1370624K) From: 84768K(616448K)->91296K(652288K)
[744.539s][info][gc,heap        ] GC(314) ParOldGen: 2384133K(2384384K)->2452489K(2452992K)
[744.539s][info][gc,metaspace   ] GC(314) Metaspace: 29003K(29312K)->29003K(29312K) NonClass: 25900K(26048K)->25900K(26048K) Class: 3103K(3264K)->3103K(3264K)
[744.539s][info][gc             ] GC(314) Pause Young (Allocation Failure) 3749M->2484M(4371M) 62.046ms
[744.539s][info][gc,cpu         ] GC(314) User=0.35s Sys=0.02s Real=0.06s
....[748.857s][info][gc,start       ] GC(315) Pause Full (Diagnostic Command)
[748.857s][info][gc,phases,start] GC(315) Marking Phase
[749.138s][info][gc,phases      ] GC(315) Marking Phase 280.130ms
[749.138s][info][gc,phases,start] GC(315) Summary Phase
[749.138s][info][gc,phases      ] GC(315) Summary Phase 0.047ms
[749.138s][info][gc,phases,start] GC(315) Forward
[749.268s][info][gc,phases      ] GC(315) Forward 130.234ms
[749.268s][info][gc,phases,start] GC(315) Adjust Pointers
[749.473s][info][gc,phases      ] GC(315) Adjust Pointers 204.556ms
[749.473s][info][gc,phases,start] GC(315) Compaction Phase
[749.663s][info][gc,phases      ] GC(315) Compaction Phase 190.169ms
[749.664s][info][gc,phases,start] GC(315) Post Compact
[749.667s][info][gc,phases      ] GC(315) Post Compact 2.933ms
[749.667s][info][gc,heap        ] GC(315) PSYoungGen: 957137K(2022912K)->0K(2022912K) Eden: 865841K(1370624K)->0K(1370624K) From: 91296K(652288K)->0K(652288K)
[749.667s][info][gc,heap        ] GC(315) ParOldGen: 2452489K(2452992K)->1315670K(2452992K)
[749.667s][info][gc,metaspace   ] GC(315) Metaspace: 29003K(29312K)->29003K(29312K) NonClass: 25900K(26048K)->25900K(26048K) Class: 3103K(3264K)->3103K(3264K)
[749.667s][info][gc             ] GC(315) Pause Full (Diagnostic Command) 3329M->1284M(4371M) 809.480ms
[749.667s][info][gc,cpu         ] GC(315) User=4.59s Sys=0.00s Real=0.81s
.......[755.812s][info][gc,start       ] GC(316) Pause Young (Allocation Failure)
[755.854s][info][gc,heap        ] GC(316) PSYoungGen: 1370624K(2022912K)->96245K(2031616K) Eden: 1370624K(1370624K)->0K(1498112K) From: 0K(652288K)->96245K(533504K)
[755.854s][info][gc,heap        ] GC(316) ParOldGen: 1315670K(2452992K)->1315670K(2452992K)
[755.854s][info][gc,metaspace   ] GC(316) Metaspace: 29004K(29312K)->29004K(29312K) NonClass: 25900K(26048K)->25900K(26048K) Class: 3103K(3264K)->3103K(3264K)
[755.855s][info][gc             ] GC(316) Pause Young (Allocation Failure) 2623M->1378M(4379M) 42.798ms
[755.855s][info][gc,cpu         ] GC(316) User=0.25s Sys=0.00s Real=0.04s
.......[763.526s][info][gc,start       ] GC(317) Pause Young (Allocation Failure)
[763.588s][info][gc,heap        ] GC(317) PSYoungGen: 1594357K(2031616K)->170432K(2079744K) Eden: 1498112K(1498112K)->0K(1498112K) From: 96245K(533504K)->170432K(581632K)
[763.588s][info][gc,heap        ] GC(317) ParOldGen: 1315670K(2452992K)->1315670K(2452992K)
[763.589s][info][gc,metaspace   ] GC(317) Metaspace: 29004K(29312K)->29004K(29312K) NonClass: 25900K(26048K)->25900K(26048K) Class: 3103K(3264K)->3103K(3264K)
[763.589s][info][gc             ] GC(317) Pause Young (Allocation Failure) 2841M->1451M(4426M) 62.602ms
[763.589s][info][gc,cpu         ] GC(317) User=0.37s Sys=0.00s Real=0.06s
........[771.159s][info][gc,start       ] GC(318) Pause Young (Allocation Failure)
[771.239s][info][gc,heap        ] GC(318) PSYoungGen: 1668544K(2079744K)->234848K(2163200K) Eden: 1498112K(1498112K)->0K(1634816K) From: 170432K(581632K)->234848K(528384K)
[771.239s][info][gc,heap        ] GC(318) ParOldGen: 1315670K(2452992K)->1315670K(2452992K)
[771.239s][info][gc,metaspace   ] GC(318) Metaspace: 29004K(29312K)->29004K(29312K) NonClass: 25901K(26048K)->25901K(26048K) Class: 3103K(3264K)->3103K(3264K)
[771.239s][info][gc             ] GC(318) Pause Young (Allocation Failure) 2914M->1514M(4508M) 79.934ms
[771.239s][info][gc,cpu         ] GC(318) User=0.47s Sys=0.00s Real=0.08s
.........[779.693s][info][gc,start       ] GC(319) Pause Young (Allocation Failure)
[779.789s][info][gc,heap        ] GC(319) PSYoungGen: 1869664K(2163200K)->292544K(2170880K) Eden: 1634816K(1634816K)->0K(1634816K) From: 234848K(528384K)->292544K(536064K)
[779.789s][info][gc,heap        ] GC(319) ParOldGen: 1315670K(2452992K)->1315670K(2452992K)
[779.789s][info][gc,metaspace   ] GC(319) Metaspace: 29004K(29312K)->29004K(29312K) NonClass: 25901K(26048K)->25901K(26048K) Class: 3103K(3264K)->3103K(3264K)
[779.789s][info][gc             ] GC(319) Pause Young (Allocation Failure) 3110M->1570M(4515M) 96.078ms
[779.789s][info][gc,cpu         ] GC(319) User=0.57s Sys=0.00s Real=0.09s
........[788.082s][info][gc,start       ] GC(320) Pause Young (Allocation Failure)
[788.190s][info][gc,heap        ] GC(320) PSYoungGen: 1927360K(2170880K)->340288K(2201088K) Eden: 1634816K(1634816K)->0K(1654272K) From: 292544K(536064K)->340288K(546816K)
[788.190s][info][gc,heap        ] GC(320) ParOldGen: 1315670K(2452992K)->1315670K(2452992K)
[788.190s][info][gc,metaspace   ] GC(320) Metaspace: 29004K(29312K)->29004K(29312K) NonClass: 25901K(26048K)->25901K(26048K) Class: 3103K(3264K)->3103K(3264K)
[788.190s][info][gc             ] GC(320) Pause Young (Allocation Failure) 3167M->1617M(4545M) 108.132ms
[788.190s][info][gc,cpu         ] GC(320) User=0.64s Sys=0.00s Real=0.11s
........[796.604s][info][gc,start       ] GC(321) Pause Young (Allocation Failure)
[796.724s][info][gc,heap        ] GC(321) PSYoungGen: 1994560K(2201088K)->346160K(2000896K) Eden: 1654272K(1654272K)->0K(1654272K) From: 340288K(546816K)->346160K(346624K)
[796.724s][info][gc,heap        ] GC(321) ParOldGen: 1315670K(2452992K)->1347126K(2452992K)
[796.724s][info][gc,metaspace   ] GC(321) Metaspace: 29004K(29312K)->29004K(29312K) NonClass: 25901K(26048K)->25901K(26048K) Class: 3103K(3264K)->3103K(3264K)
[796.724s][info][gc             ] GC(321) Pause Young (Allocation Failure) 3232M->1653M(4349M) 120.685ms
[796.724s][info][gc,cpu         ] GC(321) User=0.71s Sys=0.00s Real=0.12s
.........[804.994s][info][gc,start       ] GC(322) Pause Young (Allocation Failure)
[805.116s][info][gc,heap        ] GC(322) PSYoungGen: 2000432K(2000896K)->356245K(2172416K) Eden: 1654272K(1654272K)->0K(1582592K) From: 346160K(346624K)->356245K(589824K)
[805.116s][info][gc,heap        ] GC(322) ParOldGen: 1347126K(2452992K)->1379726K(2452992K)
[805.116s][info][gc,metaspace   ] GC(322) Metaspace: 29004K(29312K)->29004K(29312K) NonClass: 25901K(26048K)->25901K(26048K) Class: 3103K(3264K)->3103K(3264K)
[805.116s][info][gc             ] GC(322) Pause Young (Allocation Failure) 3269M->1695M(4517M) 122.490ms
[805.116s][info][gc,cpu         ] GC(322) User=0.72s Sys=0.00s Real=0.12s
........[813.170s][info][gc,start       ] GC(323) Pause Young (Allocation Failure)
[813.292s][info][gc,heap        ] GC(323) PSYoungGen: 1938837K(2172416K)->354512K(1937408K) Eden: 1582592K(1582592K)->0K(1582592K) From: 356245K(589824K)->354512K(354816K)
[813.292s][info][gc,heap        ] GC(323) ParOldGen: 1379726K(2452992K)->1411774K(2452992K)
[813.292s][info][gc,metaspace   ] GC(323) Metaspace: 29004K(29312K)->29004K(29312K) NonClass: 25901K(26048K)->25901K(26048K) Class: 3103K(3264K)->3103K(3264K)
[813.292s][info][gc             ] GC(323) Pause Young (Allocation Failure) 3240M->1724M(4287M) 121.594ms
[813.292s][info][gc,cpu         ] GC(323) User=0.72s Sys=0.00s Real=0.12s
........[821.283s][info][gc,start       ] GC(324) Pause Young (Allocation Failure)
[821.404s][info][gc,heap        ] GC(324) PSYoungGen: 1937104K(1937408K)->350528K(2169856K) Eden: 1582592K(1582592K)->0K(1552896K) From: 354512K(354816K)->350528K(616960K)
[821.404s][info][gc,heap        ] GC(324) ParOldGen: 1411774K(2452992K)->1447070K(2452992K)
[821.404s][info][gc,metaspace   ] GC(324) Metaspace: 29004K(29312K)->29004K(29312K) NonClass: 25901K(26048K)->25901K(26048K) Class: 3103K(3264K)->3103K(3264K)
[821.404s][info][gc             ] GC(324) Pause Young (Allocation Failure) 3270M->1755M(4514M) 120.940ms
[821.404s][info][gc,cpu         ] GC(324) User=0.72s Sys=0.00s Real=0.12s
........[829.275s][info][gc,start       ] GC(325) Pause Young (Allocation Failure)
[829.397s][info][gc,heap        ] GC(325) PSYoungGen: 1903424K(2169856K)->304272K(1857536K) Eden: 1552896K(1552896K)->0K(1552896K) From: 350528K(616960K)->304272K(304640K)
[829.397s][info][gc,heap        ] GC(325) ParOldGen: 1447070K(2452992K)->1527870K(2452992K)
[829.397s][info][gc,metaspace   ] GC(325) Metaspace: 29007K(29312K)->29007K(29312K) NonClass: 25904K(26048K)->25904K(26048K) Class: 3103K(3264K)->3103K(3264K)
[829.397s][info][gc             ] GC(325) Pause Young (Allocation Failure) 3271M->1789M(4209M) 122.213ms
[829.398s][info][gc,cpu         ] GC(325) User=0.73s Sys=0.00s Real=0.12s
........[837.229s][info][gc,start       ] GC(326) Pause Young (Allocation Failure)
[837.338s][info][gc,heap        ] GC(326) PSYoungGen: 1857168K(1857536K)->246816K(2196992K) Eden: 1552896K(1552896K)->0K(1591808K) From: 304272K(304640K)->246816K(605184K)
[837.339s][info][gc,heap        ] GC(326) ParOldGen: 1527870K(2452992K)->1628158K(2452992K)
[837.339s][info][gc,metaspace   ] GC(326) Metaspace: 29007K(29312K)->29007K(29312K) NonClass: 25904K(26048K)->25904K(26048K) Class: 3103K(3264K)->3103K(3264K)
[837.339s][info][gc             ] GC(326) Pause Young (Allocation Failure) 3305M->1831M(4541M) 109.526ms
[837.339s][info][gc,cpu         ] GC(326) User=0.65s Sys=0.00s Real=0.11s
........[845.231s][info][gc,start       ] GC(327) Pause Young (Allocation Failure)
[845.330s][info][gc,heap        ] GC(327) PSYoungGen: 1838624K(2196992K)->181728K(2162688K) Eden: 1591808K(1591808K)->0K(1591808K) From: 246816K(605184K)->181728K(570880K)
[845.330s][info][gc,heap        ] GC(327) ParOldGen: 1628158K(2452992K)->1746790K(2452992K)
[845.330s][info][gc,metaspace   ] GC(327) Metaspace: 29008K(29312K)->29008K(29312K) NonClass: 25905K(26048K)->25905K(26048K) Class: 3103K(3264K)->3103K(3264K)
[845.330s][info][gc             ] GC(327) Pause Young (Allocation Failure) 3385M->1883M(4507M) 99.401ms
[845.330s][info][gc,cpu         ] GC(327) User=0.58s Sys=0.01s Real=0.10s
........[853.383s][info][gc,start       ] GC(328) Pause Young (Allocation Failure)
[853.468s][info][gc,heap        ] GC(328) PSYoungGen: 1773536K(2162688K)->103872K(2178048K) Eden: 1591808K(1591808K)->0K(1626624K) From: 181728K(570880K)->103872K(551424K)
[853.468s][info][gc,heap        ] GC(328) ParOldGen: 1746790K(2452992K)->1891734K(2452992K)
[853.468s][info][gc,metaspace   ] GC(328) Metaspace: 29008K(29312K)->29008K(29312K) NonClass: 25905K(26048K)->25905K(26048K) Class: 3103K(3264K)->3103K(3264K)
[853.468s][info][gc             ] GC(328) Pause Young (Allocation Failure) 3437M->1948M(4522M) 84.751ms
[853.468s][info][gc,cpu         ] GC(328) User=0.50s Sys=0.00s Real=0.08s
... (rIR:aIR:PR = 1384:1384:1384) (tPR = 20510) [OK] 
   855s: 
   855s: Building throughput-responsetime curve
   855s: ( 0%)   IR =      0 ...|............................................................ (rIR:aIR:PR = 0:0:0) (tPR = 0) [OK] 
   918s: Performance info:
         Transaction,    Success,    Partial,     Failed,   Receipts, AvgBarcode, 
         Response times:
             Request,    Success,    Partial,     Failed,   SkipFail,     Probes,    Samples,      min,      p50,      p90,      p95,      p99,      max, 

   918s: ( 1%)   IR =    138 ....|.....................................................[976.652s][info][gc,start       ] GC(329) Pause Young (Allocation Failure)
[976.722s][info][gc,heap        ] GC(329) PSYoungGen: 1730496K(2178048K)->106812K(2171392K) Eden: 1626624K(1626624K)->0K(1626624K) From: 103872K(551424K)->106812K(544768K)
[976.722s][info][gc,heap        ] GC(329) ParOldGen: 1891734K(2452992K)->1973166K(2452992K)
[976.722s][info][gc,metaspace   ] GC(329) Metaspace: 29013K(29312K)->29013K(29312K) NonClass: 25910K(26048K)->25910K(26048K) Class: 3103K(3264K)->3103K(3264K)
[976.722s][info][gc             ] GC(329) Pause Young (Allocation Failure) 3537M->2031M(4516M) 69.251ms
[976.722s][info][gc,cpu         ] GC(329) User=0.40s Sys=0.00s Real=0.07s
....... (rIR:aIR:PR = 138:138:138) (tPR = 2138) [OK] 
   982s: Performance info:
         Transaction,    Success,    Partial,     Failed,   Receipts, AvgBarcode, 
             Overall,       8301,          0,          0,       7882,      59.48, 
         Response times:
             Request,    Success,    Partial,     Failed,   SkipFail,     Probes,    Samples,      min,      p50,      p90,      p95,      p99,      max, 
       TotalPurchase,       7882,          0,          0,          0,       7282,       8217,      300,      400,      500,      600,      700,     1200,
     InStorePurchase,       4146,          0,          0,          0,       3844,       4279,      300,      400,      500,      500,      700,     1200,
      OnlinePurchase,       2909,          0,          0,          0,       2723,       3050,      300,      400,      500,      600,      700,     1200,
        InstPurchase,        827,          0,          0,          0,        715,        888,      400,      500,      500,      600,      700,     1000,
          AssocOfCat,          9,          0,          0,          0,          7,          8,    16900,    18600,    24000,    24000,    24000,    24000,
      AssocOfProduct,         84,          0,          0,          0,         82,         87,      400,      500,      700,      700,      800,      800,
      BusinessReport,         22,          0,          0,          0,         21,         22,    19300,    27000,    29000,    85950,    96000,    96000,
          CustBuyBeh,         84,          0,          0,          0,         81,         87,      200,      200,      300,      400,      600,      600,
       ProductReturn,        220,          0,          0,          0,        163,        232,      200,      300,      300,      500,      500,      500,

   982s: ( 2%)   IR =    277 ....|..................................[1021.086s][info][gc,start       ] GC(330) Pause Young (Allocation Failure)
[1021.153s][info][gc,heap        ] GC(330) PSYoungGen: 1733436K(2171392K)->185388K(2215936K) Eden: 1626624K(1626624K)->0K(1716736K) From: 106812K(544768K)->185388K(499200K)
[1021.153s][info][gc,heap        ] GC(330) ParOldGen: 1973166K(2452992K)->1973166K(2452992K)
[1021.153s][info][gc,metaspace   ] GC(330) Metaspace: 29020K(29312K)->29020K(29312K) NonClass: 25917K(26048K)->25917K(26048K) Class: 3103K(3264K)->3103K(3264K)
[1021.153s][info][gc             ] GC(330) Pause Young (Allocation Failure) 3619M->2107M(4559M) 66.910ms
[1021.153s][info][gc,cpu         ] GC(330) User=0.40s Sys=0.00s Real=0.07s
.......................... (rIR:aIR:PR = 277:277:277) (tPR = 4121) [OK] 
  1046s: Performance info:
         Transaction,    Success,    Partial,     Failed,   Receipts, AvgBarcode, 
             Overall,      16636,          0,          0,      15799,      59.48, 
         Response times:
             Request,    Success,    Partial,     Failed,   SkipFail,     Probes,    Samples,      min,      p50,      p90,      p95,      p99,      max, 
       TotalPurchase,      15799,          0,          0,          0,      14807,      16548,      300,      500,      700,      800,     1000,    69000,
     InStorePurchase,       8314,          0,          0,          0,       7841,       8628,      300,      500,      700,      800,     1000,    69000,
      OnlinePurchase,       5822,          0,          0,          0,       5499,       6180,      300,      500,      700,      800,     1000,    69000,
        InstPurchase,       1663,          0,          0,          0,       1467,       1740,      400,      500,      700,      800,     1000,     1700,
          AssocOfCat,         18,          0,          0,          0,         15,         16,    16100,    20250,    23900,    26000,    26000,    26000,
      AssocOfProduct,        166,          0,          0,          0,        121,        174,      400,      650,      900,     1000,     1100,     1100,
      BusinessReport,         42,          0,          0,          0,         42,         44,    19000,    25000,    29000,    29000,    29000,    29000,
          CustBuyBeh,        167,          0,          0,          0,        118,        158,      200,      300,      600,      700,      800,      800,
       ProductReturn,        444,          0,          0,          0,        385,        494,      200,      300,      600,      600,      800,     1300,

  1046s: ( 3%)   IR =    415 ..[1049.796s][info][gc,start       ] GC(331) Pause Full (Diagnostic Command)
[1049.796s][info][gc,phases,start] GC(331) Marking Phase
[1050.077s][info][gc,phases      ] GC(331) Marking Phase 281.022ms
[1050.077s][info][gc,phases,start] GC(331) Summary Phase
[1050.077s][info][gc,phases      ] GC(331) Summary Phase 0.046ms
[1050.077s][info][gc,phases,start] GC(331) Forward
[1050.227s][info][gc,phases      ] GC(331) Forward 149.979ms
[1050.227s][info][gc,phases,start] GC(331) Adjust Pointers
[1050.431s][info][gc,phases      ] GC(331) Adjust Pointers 203.926ms
[1050.431s][info][gc,phases,start] GC(331) Compaction Phase
[1050.651s][info][gc,phases      ] GC(331) Compaction Phase 219.314ms
[1050.653s][info][gc,phases,start] GC(331) Post Compact
[1050.656s][info][gc,phases      ] GC(331) Post Compact 2.826ms
[1050.656s][info][gc,heap        ] GC(331) PSYoungGen: 1353700K(2215936K)->0K(2215936K) Eden: 1168312K(1716736K)->0K(1716736K) From: 185388K(499200K)->0K(499200K)
[1050.656s][info][gc,heap        ] GC(331) ParOldGen: 1973166K(2452992K)->1301888K(2452992K)
[1050.656s][info][gc,metaspace   ] GC(331) Metaspace: 29020K(29312K)->29020K(29312K) NonClass: 25917K(26048K)->25917K(26048K) Class: 3103K(3264K)->3103K(3264K)
[1050.656s][info][gc             ] GC(331) Pause Full (Diagnostic Command) 3248M->1271M(4559M) 860.073ms
[1050.656s][info][gc,cpu         ] GC(331) User=4.74s Sys=0.00s Real=0.86s
....|........................[1078.440s][info][gc,start       ] GC(332) Pause Young (Allocation Failure)
[1078.486s][info][gc,heap        ] GC(332) PSYoungGen: 1716736K(2215936K)->107152K(2225152K) Eden: 1716736K(1716736K)->0K(1716736K) From: 0K(499200K)->107152K(508416K)
[1078.486s][info][gc,heap        ] GC(332) ParOldGen: 1301888K(2452992K)->1301888K(2452992K)
[1078.486s][info][gc,metaspace   ] GC(332) Metaspace: 29020K(29312K)->29020K(29312K) NonClass: 25917K(26048K)->25917K(26048K) Class: 3103K(3264K)->3103K(3264K)
[1078.486s][info][gc             ] GC(332) Pause Young (Allocation Failure) 2947M->1376M(4568M) 45.771ms
[1078.486s][info][gc,cpu         ] GC(332) User=0.27s Sys=0.00s Real=0.04s
..............................[1107.936s][info][gc,start       ] GC(333) Pause Young (Allocation Failure)
[1108.005s][info][gc,heap        ] GC(333) PSYoungGen: 1823888K(2225152K)->192880K(2233856K) Eden: 1716736K(1716736K)->0K(1789952K) From: 107152K(508416K)->192880K(443904K)
[1108.005s][info][gc,heap        ] GC(333) ParOldGen: 1301888K(2452992K)->1301888K(2452992K)
[1108.005s][info][gc,metaspace   ] GC(333) Metaspace: 29020K(29312K)->29020K(29312K) NonClass: 25917K(26048K)->25917K(26048K) Class: 3103K(3264K)->3103K(3264K)
[1108.005s][info][gc             ] GC(333) Pause Young (Allocation Failure) 3052M->1459M(4577M) 69.509ms
[1108.005s][info][gc,cpu         ] GC(333) User=0.41s Sys=0.00s Real=0.07s
...... (rIR:aIR:PR = 415:415:415) (tPR = 6245) [OK] 
  1113s: Performance info:
         Transaction,    Success,    Partial,     Failed,   Receipts, AvgBarcode, 
             Overall,      24893,          0,          0,      23649,      59.44, 
         Response times:
             Request,    Success,    Partial,     Failed,   SkipFail,     Probes,    Samples,      min,      p50,      p90,      p95,      p99,      max, 
       TotalPurchase,      23649,          0,          0,          0,      22377,      25655,      300,      600,      900,     1000,     1400,    71000,
     InStorePurchase,      12433,          0,          0,          0,      11866,      13516,      300,      600,      900,     1000,     1200,    71000,
      OnlinePurchase,       8728,          0,          0,          0,       8258,       9462,      300,      600,      900,     1000,     4300,    71000,
        InstPurchase,       2488,          0,          0,          0,       2253,       2677,      400,      600,      900,     1000,     1200,     2100,
          AssocOfCat,         24,          0,          0,          0,         23,         26,    17700,    19850,    24300,    30850,    34000,    34000,
      AssocOfProduct,        248,          0,          0,          0,        188,        270,      400,      800,     1100,     1100,     1529,     2700,
      BusinessReport,         63,          0,          0,          0,         58,         68,    19300,    26000,    30000,    31550,    35000,    35000,
          CustBuyBeh,        249,          0,          0,          0,        187,        260,      200,      500,      700,      995,     4300,     4300,
       ProductReturn,        660,          0,          0,          0,        574,        755,      200,      500,      800,      900,     1200,     1500,

  1113s: ( 4%)   IR =    553 .....|.............[1132.322s][info][gc,start       ] GC(334) Pause Young (Allocation Failure)
[1132.413s][info][gc,heap        ] GC(334) PSYoungGen: 1982832K(2233856K)->267232K(2259968K) Eden: 1789952K(1789952K)->0K(1789952K) From: 192880K(443904K)->267232K(470016K)
[1132.413s][info][gc,heap        ] GC(334) ParOldGen: 1301888K(2452992K)->1301888K(2452992K)
[1132.413s][info][gc,metaspace   ] GC(334) Metaspace: 29023K(29376K)->29023K(29376K) NonClass: 25920K(26112K)->25920K(26112K) Class: 3103K(3264K)->3103K(3264K)
[1132.413s][info][gc             ] GC(334) Pause Young (Allocation Failure) 3207M->1532M(4602M) 90.760ms
[1132.413s][info][gc,cpu         ] GC(334) User=0.54s Sys=0.00s Real=0.09s
.......................[1155.278s][info][gc,start       ] GC(335) Pause Young (Allocation Failure)
[1155.385s][info][gc,heap        ] GC(335) PSYoungGen: 2057184K(2259968K)->319056K(2299904K) Eden: 1789952K(1789952K)->0K(1832448K) From: 267232K(470016K)->319056K(467456K)
[1155.385s][info][gc,heap        ] GC(335) ParOldGen: 1301888K(2452992K)->1301888K(2452992K)
[1155.385s][info][gc,metaspace   ] GC(335) Metaspace: 29023K(29376K)->29023K(29376K) NonClass: 25920K(26112K)->25920K(26112K) Class: 3103K(3264K)->3103K(3264K)
[1155.385s][info][gc             ] GC(335) Pause Young (Allocation Failure) 3280M->1582M(4641M) 106.185ms
[1155.385s][info][gc,cpu         ] GC(335) User=0.63s Sys=0.00s Real=0.11s
.......................[1178.472s][info][gc,start       ] GC(336) Pause Young (Allocation Failure)
[1178.588s][info][gc,heap        ] GC(336) PSYoungGen: 2151504K(2299904K)->363248K(2195968K) Eden: 1832448K(1832448K)->0K(1832448K) From: 319056K(467456K)->363248K(363520K)
[1178.588s][info][gc,heap        ] GC(336) ParOldGen: 1301888K(2452992K)->1301888K(2452992K)
[1178.588s][info][gc,metaspace   ] GC(336) Metaspace: 29023K(29376K)->29023K(29376K) NonClass: 25920K(26112K)->25920K(26112K) Class: 3103K(3264K)->3103K(3264K)
[1178.588s][info][gc             ] GC(336) Pause Young (Allocation Failure) 3372M->1626M(4540M) 115.842ms
[1178.588s][info][gc,cpu         ] GC(336) User=0.68s Sys=0.00s Real=0.11s
. (rIR:aIR:PR = 553:553:553) (tPR = 8210) [OK] 
  1178s: Performance info:
         Transaction,    Success,    Partial,     Failed,   Receipts, AvgBarcode, 
             Overall,      33203,          0,          0,      31546,      59.47, 
         Response times:
             Request,    Success,    Partial,     Failed,   SkipFail,     Probes,    Samples,      min,      p50,      p90,      p95,      p99,      max, 
       TotalPurchase,      31546,          0,          0,          0,      30027,      33660,      300,      700,     1100,     1200,     1500,   118000,
     InStorePurchase,      16598,          0,          0,          0,      16021,      17931,      300,      700,     1000,     1200,     1500,   118000,
      OnlinePurchase,      11629,          0,          0,          0,      10958,      12217,      300,      700,     1000,     1100,     1500,     4800,
        InstPurchase,       3319,          0,          0,          0,       3048,       3512,      400,      700,     1100,     1200,     1500,   118000,
          AssocOfCat,         32,          0,          0,          0,         29,         35,    16800,    19900,    25000,    27000,    27000,    27000,
      AssocOfProduct,        333,          0,          0,          0,        264,        351,      300,      800,     1000,     1100,     1248,     2300,
      BusinessReport,         84,          0,          0,          0,         81,         90,    19000,    27000,    30000,    33450,   118000,   118000,
          CustBuyBeh,        330,          0,          0,          0,        240,        324,      200,      600,      900,     1000,     1200,     1800,
       ProductReturn,        878,          0,          0,          0,        753,        890,      200,      700,     1000,     1100,     1209,     2700,

  1178s: ( 5%)   IR =    692 ....|..............[1197.177s][info][gc,start       ] GC(337) Pause Young (Allocation Failure)
[1197.315s][info][gc,heap        ] GC(337) PSYoungGen: 2195696K(2195968K)->404452K(2215936K) Eden: 1832448K(1832448K)->0K(1707520K) From: 363248K(363520K)->404452K(508416K)
[1197.315s][info][gc,heap        ] GC(337) ParOldGen: 1301888K(2452992K)->1301888K(2452992K)
[1197.315s][info][gc,metaspace   ] GC(337) Metaspace: 29024K(29376K)->29024K(29376K) NonClass: 25921K(26112K)->25921K(26112K) Class: 3103K(3264K)->3103K(3264K)
[1197.315s][info][gc             ] GC(337) Pause Young (Allocation Failure) 3415M->1666M(4559M) 137.949ms
[1197.315s][info][gc,cpu         ] GC(337) User=0.76s Sys=0.06s Real=0.14s
.................[1214.400s][info][gc,start       ] GC(338) Pause Young (Allocation Failure)
[1214.533s][info][gc,heap        ] GC(338) PSYoungGen: 2111972K(2215936K)->424544K(2132480K) Eden: 1707520K(1707520K)->0K(1707520K) From: 404452K(508416K)->424544K(424960K)
[1214.533s][info][gc,heap        ] GC(338) ParOldGen: 1301888K(2452992K)->1301888K(2452992K)
[1214.533s][info][gc,metaspace   ] GC(338) Metaspace: 29024K(29376K)->29024K(29376K) NonClass: 25921K(26112K)->25921K(26112K) Class: 3103K(3264K)->3103K(3264K)
[1214.533s][info][gc             ] GC(338) Pause Young (Allocation Failure) 3333M->1685M(4478M) 133.306ms
[1214.533s][info][gc,cpu         ] GC(338) User=0.78s Sys=0.01s Real=0.13s
.................[1231.758s][info][gc,start       ] GC(339) Pause Young (Allocation Failure)
[1231.897s][info][gc,heap        ] GC(339) PSYoungGen: 2132064K(2132480K)->445520K(2148864K) Eden: 1707520K(1707520K)->0K(1570304K) From: 424544K(424960K)->445520K(578560K)
[1231.897s][info][gc,heap        ] GC(339) ParOldGen: 1301888K(2452992K)->1301888K(2452992K)
[1231.897s][info][gc,metaspace   ] GC(339) Metaspace: 29024K(29376K)->29024K(29376K) NonClass: 25921K(26112K)->25921K(26112K) Class: 3103K(3264K)->3103K(3264K)
[1231.897s][info][gc             ] GC(339) Pause Young (Allocation Failure) 3353M->1706M(4494M) 139.083ms
[1231.897s][info][gc,cpu         ] GC(339) User=0.83s Sys=0.00s Real=0.14s
............ (rIR:aIR:PR = 692:692:692) (tPR = 10102) [OK] 
  1242s: Performance info:
         Transaction,    Success,    Partial,     Failed,   Receipts, AvgBarcode, 
             Overall,      41650,          0,          0,      39566,      59.46, 
         Response times:
             Request,    Success,    Partial,     Failed,   SkipFail,     Probes,    Samples,      min,      p50,      p90,      p95,      p99,      max, 
       TotalPurchase,      39566,          0,          0,          0,      38193,      41862,      300,      800,     1200,     1300,     1700,   146000,
     InStorePurchase,      20836,          0,          0,          0,      20202,      22023,      300,      800,     1200,     1300,     1700,   146000,
      OnlinePurchase,      14571,          0,          0,          0,      14081,      15435,      300,      800,     1200,     1300,     1700,   146000,
        InstPurchase,       4159,          0,          0,          0,       3910,       4404,      400,      800,     1200,     1300,     1700,   139000,
          AssocOfCat,         43,          0,          0,          0,         40,         44,    16200,    19500,    24500,    25000,    28000,    28000,
      AssocOfProduct,        416,          0,          0,          0,        332,        427,      400,     1000,     1300,     1400,     1672,     1900,
      BusinessReport,        104,          0,          0,          0,         94,        108,    19300,    26000,    30000,    31550,   155300,   167000,
          CustBuyBeh,        419,          0,          0,          0,        335,        423,      200,      700,     1100,     1200,     1400,     1500,
       ProductReturn,       1102,          0,          0,          0,        984,       1157,      200,      800,     1200,     1300,     1600,     5000,

  1242s: ( 6%)   IR =    830 ....[1247.016s][info][gc,start       ] GC(340) Pause Young (Allocation Failure)
[1247.156s][info][gc,heap        ] GC(340) PSYoungGen: 2015824K(2148864K)->460464K(2031104K) Eden: 1570304K(1570304K)->0K(1570304K) From: 445520K(578560K)->460464K(460800K)
[1247.156s][info][gc,heap        ] GC(340) ParOldGen: 1301888K(2452992K)->1301888K(2452992K)
[1247.156s][info][gc,metaspace   ] GC(340) Metaspace: 29026K(29376K)->29026K(29376K) NonClass: 25922K(26112K)->25922K(26112K) Class: 3103K(3264K)->3103K(3264K)
[1247.156s][info][gc             ] GC(340) Pause Young (Allocation Failure) 3239M->1721M(4379M) 140.618ms
[1247.156s][info][gc,cpu         ] GC(340) User=0.83s Sys=0.00s Real=0.14s
.|............[1260.327s][info][gc,start       ] GC(341) Pause Young (Allocation Failure)
[1260.474s][info][gc,heap        ] GC(341) PSYoungGen: 2030768K(2031104K)->479988K(2088960K) Eden: 1570304K(1570304K)->0K(1444352K) From: 460464K(460800K)->479988K(644608K)
[1260.474s][info][gc,heap        ] GC(341) ParOldGen: 1301888K(2452992K)->1301888K(2452992K)
[1260.474s][info][gc,metaspace   ] GC(341) Metaspace: 29026K(29376K)->29026K(29376K) NonClass: 25922K(26112K)->25922K(26112K) Class: 3103K(3264K)->3103K(3264K)
[1260.474s][info][gc             ] GC(341) Pause Young (Allocation Failure) 3254M->1740M(4435M) 146.771ms
[1260.474s][info][gc,cpu         ] GC(341) User=0.87s Sys=0.00s Real=0.15s
............[1272.600s][info][gc,start       ] GC(342) Pause Young (Allocation Failure)
[1272.750s][info][gc,heap        ] GC(342) PSYoungGen: 1924340K(2088960K)->489621K(1934336K) Eden: 1444352K(1444352K)->0K(1444352K) From: 479988K(644608K)->489621K(489984K)
[1272.750s][info][gc,heap        ] GC(342) ParOldGen: 1301888K(2452992K)->1301888K(2452992K)
[1272.750s][info][gc,metaspace   ] GC(342) Metaspace: 29026K(29376K)->29026K(29376K) NonClass: 25922K(26112K)->25922K(26112K) Class: 3103K(3264K)->3103K(3264K)
[1272.750s][info][gc             ] GC(342) Pause Young (Allocation Failure) 3150M->1749M(4284M) 149.680ms
[1272.750s][info][gc,cpu         ] GC(342) User=0.89s Sys=0.00s Real=0.15s
............[1284.716s][info][gc,start       ] GC(343) Pause Young (Allocation Failure)
[1284.865s][info][gc,heap        ] GC(343) PSYoungGen: 1933973K(1934336K)->491456K(2052608K) Eden: 1444352K(1444352K)->0K(1350144K) From: 489621K(489984K)->491456K(702464K)
[1284.865s][info][gc,heap        ] GC(343) ParOldGen: 1301888K(2452992K)->1301888K(2452992K)
[1284.865s][info][gc,metaspace   ] GC(343) Metaspace: 29026K(29376K)->29026K(29376K) NonClass: 25923K(26112K)->25923K(26112K) Class: 3103K(3264K)->3103K(3264K)
[1284.865s][info][gc             ] GC(343) Pause Young (Allocation Failure) 3160M->1751M(4400M) 149.396ms
[1284.865s][info][gc,cpu         ] GC(343) User=0.90s Sys=0.00s Real=0.15s
............[1296.249s][info][gc,start       ] GC(344) Pause Young (Allocation Failure)
[1296.400s][info][gc,heap        ] GC(344) PSYoungGen: 1841600K(2052608K)->497472K(1847808K) Eden: 1350144K(1350144K)->0K(1350144K) From: 491456K(702464K)->497472K(497664K)
[1296.400s][info][gc,heap        ] GC(344) ParOldGen: 1301888K(2452992K)->1301888K(2452992K)
[1296.400s][info][gc,metaspace   ] GC(344) Metaspace: 29026K(29376K)->29026K(29376K) NonClass: 25923K(26112K)->25923K(26112K) Class: 3103K(3264K)->3103K(3264K)
[1296.400s][info][gc             ] GC(344) Pause Young (Allocation Failure) 3069M->1757M(4200M) 150.882ms
[1296.400s][info][gc,cpu         ] GC(344) User=0.90s Sys=0.00s Real=0.15s
............[1307.943s][info][gc,start       ] GC(345) Pause Young (Allocation Failure)
[1308.097s][info][gc,heap        ] GC(345) PSYoungGen: 1847616K(1847808K)->502480K(2031616K) Eden: 1350144K(1350144K)->0K(1292800K) From: 497472K(497664K)->502480K(738816K)
[1308.097s][info][gc,heap        ] GC(345) ParOldGen: 1301888K(2452992K)->1301888K(2452992K)
[1308.097s][info][gc,metaspace   ] GC(345) Metaspace: 29026K(29376K)->29026K(29376K) NonClass: 25923K(26112K)->25923K(26112K) Class: 3103K(3264K)->3103K(3264K)
[1308.097s][info][gc             ] GC(345) Pause Young (Allocation Failure) 3075M->1762M(4379M) 153.829ms
[1308.097s][info][gc,cpu         ] GC(345) User=0.91s Sys=0.00s Real=0.15s
 (rIR:aIR:PR = 830:829:829) (tPR = 12264) [OK] 
  1307s: Performance info:
         Transaction,    Success,    Partial,     Failed,   Receipts, AvgBarcode, 
             Overall,      49787,          0,          0,      47301,      59.48, 
         Response times:
             Request,    Success,    Partial,     Failed,   SkipFail,     Probes,    Samples,      min,      p50,      p90,      p95,      p99,      max, 
       TotalPurchase,      47301,          0,          0,          0,      45653,      50595,      300,      900,     1400,     1500,     2200,   158000,
     InStorePurchase,      24885,          0,          0,          0,      24244,      26740,      300,      900,     1300,     1500,     2500,   153000,
      OnlinePurchase,      17429,          0,          0,          0,      16749,      18545,      300,      900,     1400,     1500,     2000,   158000,
        InstPurchase,       4987,          0,          0,          0,       4660,       5310,      400,     1000,     1400,     1600,     3745,   153000,
          AssocOfCat,         49,          0,          0,          0,         47,         53,    15900,    19500,    25600,    26600,    30000,    30000,
      AssocOfProduct,        499,          0,          0,          0,        412,        528,      500,     1200,     1500,     1600,     3265,     7000,
      BusinessReport,        123,          0,          0,          0,         94,        144,    19600,    26000,    30000,    31000,   115650,   180000,
          CustBuyBeh,        493,          0,          0,          0,        422,        570,      200,      600,     1000,     1200,     3696,   151000,
       ProductReturn,       1322,          0,          0,          0,       1143,       1359,      200,     1100,     1400,     1500,     6180,   153000,

  1307s: ( 7%)   IR =    969 ......|...[1317.578s][info][gc,start       ] GC(346) Pause Young (Allocation Failure)
[1317.732s][info][gc,heap        ] GC(346) PSYoungGen: 1795280K(2031616K)->511088K(1804288K) Eden: 1292800K(1292800K)->0K(1292800K) From: 502480K(738816K)->511088K(511488K)
[1317.732s][info][gc,heap        ] GC(346) ParOldGen: 1301888K(2452992K)->1301888K(2452992K)
[1317.732s][info][gc,metaspace   ] GC(346) Metaspace: 29028K(29376K)->29028K(29376K) NonClass: 25925K(26112K)->25925K(26112K) Class: 3103K(3264K)->3103K(3264K)
[1317.732s][info][gc             ] GC(346) Pause Young (Allocation Failure) 3024M->1770M(4157M) 154.139ms
[1317.732s][info][gc,cpu         ] GC(346) User=0.92s Sys=0.00s Real=0.16s
.........[1326.646s][info][gc,start       ] GC(347) Pause Young (Allocation Failure)
[1326.801s][info][gc,heap        ] GC(347) PSYoungGen: 1803888K(1804288K)->505632K(2024448K) Eden: 1292800K(1292800K)->0K(1262080K) From: 511088K(511488K)->505632K(762368K)
[1326.801s][info][gc,heap        ] GC(347) ParOldGen: 1301888K(2452992K)->1307561K(2452992K)
[1326.801s][info][gc,metaspace   ] GC(347) Metaspace: 29028K(29376K)->29028K(29376K) NonClass: 25925K(26112K)->25925K(26112K) Class: 3103K(3264K)->3103K(3264K)
[1326.801s][info][gc             ] GC(347) Pause Young (Allocation Failure) 3032M->1770M(4372M) 154.788ms
[1326.801s][info][gc,cpu         ] GC(347) User=0.92s Sys=0.00s Real=0.16s
.........[1335.977s][info][gc,start       ] GC(348) Pause Young (Allocation Failure)
[1336.131s][info][gc,heap        ] GC(348) PSYoungGen: 1767712K(2024448K)->495552K(2029056K) Eden: 1262080K(1262080K)->0K(1262080K) From: 505632K(762368K)->495552K(766976K)
[1336.131s][info][gc,heap        ] GC(348) ParOldGen: 1307561K(2452992K)->1320393K(2452992K)
[1336.131s][info][gc,metaspace   ] GC(348) Metaspace: 29028K(29376K)->29028K(29376K) NonClass: 25925K(26112K)->25925K(26112K) Class: 3103K(3264K)->3103K(3264K)
[1336.131s][info][gc             ] GC(348) Pause Young (Allocation Failure) 3003M->1773M(4377M) 154.178ms
[1336.131s][info][gc,cpu         ] GC(348) User=0.92s Sys=0.00s Real=0.16s
.........[1345.072s][info][gc,start       ] GC(349) Pause Young (Allocation Failure)
[1345.226s][info][gc,heap        ] GC(349) PSYoungGen: 1757632K(2029056K)->488384K(2012160K) Eden: 1262080K(1262080K)->0K(1265152K) From: 495552K(766976K)->488384K(747008K)
[1345.226s][info][gc,heap        ] GC(349) ParOldGen: 1320393K(2452992K)->1336713K(2452992K)
[1345.226s][info][gc,metaspace   ] GC(349) Metaspace: 29028K(29376K)->29028K(29376K) NonClass: 25925K(26112K)->25925K(26112K) Class: 3103K(3264K)->3103K(3264K)
[1345.226s][info][gc             ] GC(349) Pause Young (Allocation Failure) 3005M->1782M(4360M) 153.968ms
[1345.226s][info][gc,cpu         ] GC(349) User=0.91s Sys=0.00s Real=0.15s
......[1350.800s][info][gc,start       ] GC(350) Pause Full (Diagnostic Command)
[1350.800s][info][gc,phases,start] GC(350) Marking Phase
[1351.080s][info][gc,phases      ] GC(350) Marking Phase 279.680ms
[1351.080s][info][gc,phases,start] GC(350) Summary Phase
[1351.080s][info][gc,phases      ] GC(350) Summary Phase 0.037ms
[1351.080s][info][gc,phases,start] GC(350) Forward
[1351.208s][info][gc,phases      ] GC(350) Forward 127.547ms
[1351.208s][info][gc,phases,start] GC(350) Adjust Pointers
[1351.407s][info][gc,phases      ] GC(350) Adjust Pointers 199.721ms
[1351.407s][info][gc,phases,start] GC(350) Compaction Phase
[1351.592s][info][gc,phases      ] GC(350) Compaction Phase 184.603ms
[1351.594s][info][gc,phases,start] GC(350) Post Compact
[1351.597s][info][gc,phases      ] GC(350) Post Compact 2.372ms
[1351.597s][info][gc,heap        ] GC(350) PSYoungGen: 1289532K(2012160K)->0K(2012160K) Eden: 801148K(1265152K)->0K(1265152K) From: 488384K(747008K)->0K(747008K)
[1351.597s][info][gc,heap        ] GC(350) ParOldGen: 1336713K(2452992K)->1311959K(2452992K)
[1351.597s][info][gc,metaspace   ] GC(350) Metaspace: 29028K(29376K)->29028K(29376K) NonClass: 25925K(26112K)->25925K(26112K) Class: 3103K(3264K)->3103K(3264K)
[1351.597s][info][gc             ] GC(350) Pause Full (Diagnostic Command) 2564M->1281M(4360M) 796.464ms
[1351.597s][info][gc,cpu         ] GC(350) User=4.51s Sys=0.00s Real=0.79s
.........[1359.967s][info][gc,start       ] GC(351) Pause Young (Allocation Failure)
[1360.003s][info][gc,heap        ] GC(351) PSYoungGen: 1265152K(2012160K)->82432K(1348096K) Eden: 1265152K(1265152K)->0K(1265152K) From: 0K(747008K)->82432K(82944K)
[1360.003s][info][gc,heap        ] GC(351) ParOldGen: 1311959K(2452992K)->1311959K(2452992K)
[1360.003s][info][gc,metaspace   ] GC(351) Metaspace: 29028K(29376K)->29028K(29376K) NonClass: 25925K(26112K)->25925K(26112K) Class: 3103K(3264K)->3103K(3264K)
[1360.003s][info][gc             ] GC(351) Pause Young (Allocation Failure) 2516M->1361M(3712M) 36.317ms
[1360.004s][info][gc,cpu         ] GC(351) User=0.21s Sys=0.00s Real=0.04s
.........[1369.259s][info][gc,start       ] GC(352) Pause Young (Allocation Failure)
[1369.315s][info][gc,heap        ] GC(352) PSYoungGen: 1347584K(1348096K)->151680K(2013184K) Eden: 1265152K(1265152K)->0K(1232384K) From: 82432K(82944K)->151680K(780800K)
[1369.316s][info][gc,heap        ] GC(352) ParOldGen: 1311959K(2452992K)->1311959K(2452992K)
[1369.316s][info][gc,metaspace   ] GC(352) Metaspace: 29030K(29376K)->29030K(29376K) NonClass: 25927K(26112K)->25927K(26112K) Class: 3103K(3264K)->3103K(3264K)
[1369.316s][info][gc             ] GC(352) Pause Young (Allocation Failure) 2597M->1429M(4361M) 56.391ms
[1369.316s][info][gc,cpu         ] GC(352) User=0.33s Sys=0.00s Real=0.06s
...... (rIR:aIR:PR = 969:969:969) (tPR = 14752) [OK] 
  1374s: Performance info:
         Transaction,    Success,    Partial,     Failed,   Receipts, AvgBarcode, 
             Overall,      58635,          0,          0,      55686,      59.47, 
         Response times:
             Request,    Success,    Partial,     Failed,   SkipFail,     Probes,    Samples,      min,      p50,      p90,      p95,      p99,      max, 
       TotalPurchase,      55686,          0,          0,          0,      53205,      60166,      300,     1100,     1600,     1800,    39000,   158000,
     InStorePurchase,      29309,          0,          0,          0,      28121,      31762,      300,     1100,     1600,     1800,    47000,   158000,
      OnlinePurchase,      20527,          0,          0,          0,      19571,      22039,      300,     1100,     1500,     1800,    39000,   158000,
        InstPurchase,       5850,          0,          0,          0,       5513,       6365,      400,      900,     1400,     1600,    37000,   157000,
          AssocOfCat,         60,          0,          0,          0,         50,         63,    16700,    19500,    25000,    29200,    86000,    86000,
      AssocOfProduct,        590,          0,          0,          0,        466,        615,      500,     1300,     1800,     2320,    70360,    92000,
      BusinessReport,        147,          0,          0,          0,        109,        144,    19200,    26000,    32500,    78250,   556250,   860000,
          CustBuyBeh,        595,          0,          0,          0,        492,        643,      200,      500,     1100,     1300,    32000,   156000,
       ProductReturn,       1557,          0,          0,          0,       1411,       1768,      200,     1200,     1600,     1900,    15800,   157000,

  1374s: ( 8%)   IR =   1107 ...[1377.817s][info][gc,start       ] GC(353) Pause Young (Allocation Failure)
[1377.891s][info][gc,heap        ] GC(353) PSYoungGen: 1384064K(2013184K)->214512K(1446912K) Eden: 1232384K(1232384K)->0K(1232384K) From: 151680K(780800K)->214512K(214528K)
[1377.891s][info][gc,heap        ] GC(353) ParOldGen: 1311959K(2452992K)->1311959K(2452992K)
[1377.891s][info][gc,metaspace   ] GC(353) Metaspace: 29031K(29376K)->29031K(29376K) NonClass: 25927K(26112K)->25927K(26112K) Class: 3103K(3264K)->3103K(3264K)
[1377.891s][info][gc             ] GC(353) Pause Young (Allocation Failure) 2632M->1490M(3808M) 73.989ms
[1377.891s][info][gc,cpu         ] GC(353) User=0.44s Sys=0.00s Real=0.08s
.|......[1385.561s][info][gc,start       ] GC(354) Pause Young (Allocation Failure)
[1385.645s][info][gc,heap        ] GC(354) PSYoungGen: 1446896K(1446912K)->256864K(2024448K) Eden: 1232384K(1232384K)->0K(1259008K) From: 214512K(214528K)->256864K(765440K)
[1385.646s][info][gc,heap        ] GC(354) ParOldGen: 1311959K(2452992K)->1311959K(2452992K)
[1385.646s][info][gc,metaspace   ] GC(354) Metaspace: 29031K(29376K)->29031K(29376K) NonClass: 25927K(26112K)->25927K(26112K) Class: 3103K(3264K)->3103K(3264K)
[1385.646s][info][gc             ] GC(354) Pause Young (Allocation Failure) 2694M->1532M(4372M) 84.421ms
[1385.646s][info][gc,cpu         ] GC(354) User=0.50s Sys=0.00s Real=0.08s
.........[1393.677s][info][gc,start       ] GC(355) Pause Young (Allocation Failure)
[1393.772s][info][gc,heap        ] GC(355) PSYoungGen: 1515872K(2024448K)->298112K(1557504K) Eden: 1259008K(1259008K)->0K(1259008K) From: 256864K(765440K)->298112K(298496K)
[1393.772s][info][gc,heap        ] GC(355) ParOldGen: 1311959K(2452992K)->1311959K(2452992K)
[1393.772s][info][gc,metaspace   ] GC(355) Metaspace: 29031K(29376K)->29031K(29376K) NonClass: 25927K(26112K)->25927K(26112K) Class: 3103K(3264K)->3103K(3264K)
[1393.772s][info][gc             ] GC(355) Pause Young (Allocation Failure) 2761M->1572M(3916M) 95.802ms
[1393.772s][info][gc,cpu         ] GC(355) User=0.57s Sys=0.00s Real=0.10s
.......[1401.603s][info][gc,start       ] GC(356) Pause Young (Allocation Failure)
[1401.713s][info][gc,heap        ] GC(356) PSYoungGen: 1557120K(1557504K)->339124K(2034176K) Eden: 1259008K(1259008K)->0K(1327104K) From: 298112K(298496K)->339124K(707072K)
[1401.713s][info][gc,heap        ] GC(356) ParOldGen: 1311959K(2452992K)->1311959K(2452992K)
[1401.713s][info][gc,metaspace   ] GC(356) Metaspace: 29031K(29376K)->29031K(29376K) NonClass: 25927K(26112K)->25927K(26112K) Class: 3103K(3264K)->3103K(3264K)
[1401.713s][info][gc             ] GC(356) Pause Young (Allocation Failure) 2801M->1612M(4382M) 110.079ms
[1401.713s][info][gc,cpu         ] GC(356) User=0.66s Sys=0.00s Real=0.11s
.........[1410.046s][info][gc,start       ] GC(357) Pause Young (Allocation Failure)
[1410.159s][info][gc,heap        ] GC(357) PSYoungGen: 1666228K(2034176K)->363296K(1997824K) Eden: 1327104K(1327104K)->0K(1327104K) From: 339124K(707072K)->363296K(670720K)
[1410.159s][info][gc,heap        ] GC(357) ParOldGen: 1311959K(2452992K)->1311959K(2452992K)
[1410.159s][info][gc,metaspace   ] GC(357) Metaspace: 29031K(29376K)->29031K(29376K) NonClass: 25927K(26112K)->25927K(26112K) Class: 3103K(3264K)->3103K(3264K)
[1410.159s][info][gc             ] GC(357) Pause Young (Allocation Failure) 2908M->1635M(4346M) 113.226ms
[1410.159s][info][gc,cpu         ] GC(357) User=0.67s Sys=0.00s Real=0.11s
........[1418.291s][info][gc,start       ] GC(358) Pause Young (Allocation Failure)
[1418.416s][info][gc,heap        ] GC(358) PSYoungGen: 1690400K(1997824K)->395301K(2076160K) Eden: 1327104K(1327104K)->0K(1428480K) From: 363296K(670720K)->395301K(647680K)
[1418.416s][info][gc,heap        ] GC(358) ParOldGen: 1311959K(2452992K)->1311959K(2452992K)
[1418.416s][info][gc,metaspace   ] GC(358) Metaspace: 29031K(29376K)->29031K(29376K) NonClass: 25927K(26112K)->25927K(26112K) Class: 3103K(3264K)->3103K(3264K)
[1418.416s][info][gc             ] GC(358) Pause Young (Allocation Failure) 2931M->1667M(4423M) 125.029ms
[1418.416s][info][gc,cpu         ] GC(358) User=0.74s Sys=0.00s Real=0.12s
.........[1427.371s][info][gc,start       ] GC(359) Pause Young (Allocation Failure)
[1427.500s][info][gc,heap        ] GC(359) PSYoungGen: 1823781K(2076160K)->413088K(2065920K) Eden: 1428480K(1428480K)->0K(1428480K) From: 395301K(647680K)->413088K(637440K)
[1427.500s][info][gc,heap        ] GC(359) ParOldGen: 1311959K(2452992K)->1311959K(2452992K)
[1427.500s][info][gc,metaspace   ] GC(359) Metaspace: 29032K(29376K)->29032K(29376K) NonClass: 25929K(26112K)->25929K(26112K) Class: 3103K(3264K)->3103K(3264K)
[1427.500s][info][gc             ] GC(359) Pause Young (Allocation Failure) 3062M->1684M(4413M) 128.398ms
[1427.500s][info][gc,cpu         ] GC(359) User=0.76s Sys=0.00s Real=0.13s
.........[1436.475s][info][gc,start       ] GC(360) Pause Young (Allocation Failure)
[1436.608s][info][gc,heap        ] GC(360) PSYoungGen: 1841568K(2065920K)->433024K(2143232K) Eden: 1428480K(1428480K)->0K(1509376K) From: 413088K(637440K)->433024K(633856K)
[1436.608s][info][gc,heap        ] GC(360) ParOldGen: 1311959K(2452992K)->1311959K(2452992K)
[1436.608s][info][gc,metaspace   ] GC(360) Metaspace: 29032K(29376K)->29032K(29376K) NonClass: 25929K(26112K)->25929K(26112K) Class: 3103K(3264K)->3103K(3264K)
[1436.608s][info][gc             ] GC(360) Pause Young (Allocation Failure) 3079M->1704M(4488M) 133.808ms
[1436.608s][info][gc,cpu         ] GC(360) User=0.80s Sys=0.01s Real=0.13s
... (rIR:aIR:PR = 1107:1107:1107) (tPR = 16533) [OK] 
  1438s: Performance info:
         Transaction,    Success,    Partial,     Failed,   Receipts, AvgBarcode, 
             Overall,      66525,          0,          0,      63198,      59.47, 
         Response times:
             Request,    Success,    Partial,     Failed,   SkipFail,     Probes,    Samples,      min,      p50,      p90,      p95,      p99,      max, 
       TotalPurchase,      63198,          0,          0,          0,      60765,      65851,      300,     1200,     1700,     1900,     4248,   137000,
     InStorePurchase,      33265,          0,          0,          0,      32008,      34602,      300,     1200,     1700,     1900,     4600,   137000,
      OnlinePurchase,      23281,          0,          0,          0,      22457,      24250,      300,     1100,     1700,     1900,     3900,   137000,
        InstPurchase,       6652,          0,          0,          0,       6300,       6999,      400,     1000,     1600,     1800,     3200,   115000,
          AssocOfCat,         68,          0,          0,          0,         64,         70,    16500,    19600,    24000,    25000,    31000,    31000,
      AssocOfProduct,        667,          0,          0,          0,        546,        686,      500,     1400,     1800,     1965,     4726,    98000,
      BusinessReport,        170,          0,          0,          0,        115,        152,    19100,    27000,    31000,    33000,   147290,   151000,
          CustBuyBeh,        659,          0,          0,          0,        562,        719,      600,     1400,     1800,     1900,     5120,     9400,
       ProductReturn,       1763,          0,          0,          0,       1567,       1835,      200,     1200,     1700,     1900,     6464,   137000,

  1438s: ( 9%)   IR =   1245 .....|.[1445.228s][info][gc,start       ] GC(361) Pause Young (Allocation Failure)
[1445.372s][info][gc,heap        ] GC(361) PSYoungGen: 1942400K(2143232K)->458778K(2144768K) Eden: 1509376K(1509376K)->0K(1509376K) From: 433024K(633856K)->458778K(635392K)
[1445.372s][info][gc,heap        ] GC(361) ParOldGen: 1311959K(2452992K)->1311959K(2452992K)
[1445.372s][info][gc,metaspace   ] GC(361) Metaspace: 29034K(29376K)->29034K(29376K) NonClass: 25931K(26112K)->25931K(26112K) Class: 3103K(3264K)->3103K(3264K)
[1445.372s][info][gc             ] GC(361) Pause Young (Allocation Failure) 3178M->1729M(4490M) 144.630ms
[1445.372s][info][gc,cpu         ] GC(361) User=0.85s Sys=0.00s Real=0.15s
........[1453.746s][info][gc,start       ] GC(362) Pause Young (Allocation Failure)
[1453.888s][info][gc,heap        ] GC(362) PSYoungGen: 1968154K(2144768K)->464480K(2136064K) Eden: 1509376K(1509376K)->0K(1491456K) From: 458778K(635392K)->464480K(644608K)
[1453.888s][info][gc,heap        ] GC(362) ParOldGen: 1311959K(2452992K)->1311959K(2452992K)
[1453.888s][info][gc,metaspace   ] GC(362) Metaspace: 29034K(29376K)->29034K(29376K) NonClass: 25931K(26112K)->25931K(26112K) Class: 3103K(3264K)->3103K(3264K)
[1453.888s][info][gc             ] GC(362) Pause Young (Allocation Failure) 3203M->1734M(4481M) 142.071ms
[1453.888s][info][gc,cpu         ] GC(362) User=0.85s Sys=0.00s Real=0.14s
.........[1462.219s][info][gc,start       ] GC(363) Pause Young (Allocation Failure)
[1462.370s][info][gc,heap        ] GC(363) PSYoungGen: 1955936K(2136064K)->459382K(1951232K) Eden: 1491456K(1491456K)->0K(1491456K) From: 464480K(644608K)->459382K(459776K)
[1462.370s][info][gc,heap        ] GC(363) ParOldGen: 1311959K(2452992K)->1333503K(2452992K)
[1462.370s][info][gc,metaspace   ] GC(363) Metaspace: 29034K(29376K)->29034K(29376K) NonClass: 25931K(26112K)->25931K(26112K) Class: 3103K(3264K)->3103K(3264K)
[1462.370s][info][gc             ] GC(363) Pause Young (Allocation Failure) 3191M->1750M(4301M) 150.581ms
[1462.370s][info][gc,cpu         ] GC(363) User=0.90s Sys=0.00s Real=0.15s
........[1470.642s][info][gc,start       ] GC(364) Pause Young (Allocation Failure)
[1470.787s][info][gc,heap        ] GC(364) PSYoungGen: 1950838K(1951232K)->444608K(2146816K) Eden: 1491456K(1491456K)->0K(1491968K) From: 459382K(459776K)->444608K(654848K)
[1470.787s][info][gc,heap        ] GC(364) ParOldGen: 1333503K(2452992K)->1356551K(2452992K)
[1470.787s][info][gc,metaspace   ] GC(364) Metaspace: 29034K(29376K)->29034K(29376K) NonClass: 25931K(26112K)->25931K(26112K) Class: 3103K(3264K)->3103K(3264K)
[1470.787s][info][gc             ] GC(364) Pause Young (Allocation Failure) 3207M->1758M(4492M) 144.344ms
[1470.787s][info][gc,cpu         ] GC(364) User=0.85s Sys=0.00s Real=0.14s
.........[1479.060s][info][gc,start       ] GC(365) Pause Young (Allocation Failure)
[1479.202s][info][gc,heap        ] GC(365) PSYoungGen: 1936576K(2146816K)->431936K(1924096K) Eden: 1491968K(1491968K)->0K(1491968K) From: 444608K(654848K)->431936K(432128K)
[1479.202s][info][gc,heap        ] GC(365) ParOldGen: 1356551K(2452992K)->1383583K(2452992K)
[1479.202s][info][gc,metaspace   ] GC(365) Metaspace: 29034K(29376K)->29034K(29376K) NonClass: 25931K(26112K)->25931K(26112K) Class: 3103K(3264K)->3103K(3264K)
[1479.202s][info][gc             ] GC(365) Pause Young (Allocation Failure) 3215M->1772M(4274M) 141.817ms
[1479.202s][info][gc,cpu         ] GC(365) User=0.85s Sys=0.00s Real=0.14s
........[1487.516s][info][gc,start       ] GC(366) Pause Young (Allocation Failure)
[1487.654s][info][gc,heap        ] GC(366) PSYoungGen: 1923904K(1924096K)->417184K(2146304K) Eden: 1491968K(1491968K)->0K(1508352K) From: 431936K(432128K)->417184K(637952K)
[1487.654s][info][gc,heap        ] GC(366) ParOldGen: 1383583K(2452992K)->1415663K(2452992K)
[1487.654s][info][gc,metaspace   ] GC(366) Metaspace: 29034K(29376K)->29034K(29376K) NonClass: 25931K(26112K)->25931K(26112K) Class: 3103K(3264K)->3103K(3264K)
[1487.654s][info][gc             ] GC(366) Pause Young (Allocation Failure) 3229M->1789M(4491M) 138.451ms
[1487.654s][info][gc,cpu         ] GC(366) User=0.83s Sys=0.00s Real=0.14s
.........[1495.926s][info][gc,start       ] GC(367) Pause Young (Allocation Failure)
[1496.062s][info][gc,heap        ] GC(367) PSYoungGen: 1925536K(2146304K)->394240K(2129920K) Eden: 1508352K(1508352K)->0K(1508352K) From: 417184K(637952K)->394240K(621568K)
[1496.062s][info][gc,heap        ] GC(367) ParOldGen: 1415663K(2452992K)->1456799K(2452992K)
[1496.062s][info][gc,metaspace   ] GC(367) Metaspace: 29034K(29376K)->29034K(29376K) NonClass: 25931K(26112K)->25931K(26112K) Class: 3103K(3264K)->3103K(3264K)
[1496.062s][info][gc             ] GC(367) Pause Young (Allocation Failure) 3262M->1807M(4475M) 135.847ms
[1496.062s][info][gc,cpu         ] GC(367) User=0.80s Sys=0.00s Real=0.14s
........ (rIR:aIR:PR = 1245:1244:1244) (tPR = 18465) [OK] 
  1503s: Performance info:
         Transaction,    Success,    Partial,     Failed,   Receipts, AvgBarcode, 
             Overall,      74875,          0,          0,      71128,      59.46, 
         Response times:
             Request,    Success,    Partial,     Failed,   SkipFail,     Probes,    Samples,      min,      p50,      p90,      p95,      p99,      max, 
       TotalPurchase,      71128,          0,          0,          0,      68621,      75699,      300,     1200,     1800,     2000,     4700,   155000,
     InStorePurchase,      37443,          0,          0,          0,      36226,      39811,      300,     1200,     1800,     2000,     5188,   155000,
      OnlinePurchase,      26206,          0,          0,          0,      25275,      27894,      300,     1200,     1800,     2000,     3500,   155000,
        InstPurchase,       7479,          0,          0,          0,       7120,       7994,      400,     1400,     1900,     2100,     6105,   155000,
          AssocOfCat,         76,          0,          0,          0,         73,         81,    16000,    19800,    24000,    25900,    53000,    53000,
      AssocOfProduct,        747,          0,          0,          0,        645,        795,      800,     1700,     2100,     2500,     9204,    12000,
      BusinessReport,        188,          0,          0,          0,        126,        181,    19900,    27000,    32000,    34000,   178720,   182000,
          CustBuyBeh,        740,          0,          0,          0,        614,        785,      400,     1400,     1900,     2100,     7914,   146000,
       ProductReturn,       1996,          0,          0,          0,       1813,       2117,      300,     1400,     1800,     2000,     7946,   154000,

  1503s: (10%)   IR =   1384 [1504.576s][info][gc,start       ] GC(368) Pause Young (Allocation Failure)
[1504.706s][info][gc,heap        ] GC(368) PSYoungGen: 1902592K(2129920K)->367200K(2151424K) Eden: 1508352K(1508352K)->0K(1551360K) From: 394240K(621568K)->367200K(600064K)
[1504.706s][info][gc,heap        ] GC(368) ParOldGen: 1456799K(2452992K)->1509363K(2452992K)
[1504.706s][info][gc,metaspace   ] GC(368) Metaspace: 29035K(29376K)->29035K(29376K) NonClass: 25932K(26112K)->25932K(26112K) Class: 3103K(3264K)->3103K(3264K)
[1504.706s][info][gc             ] GC(368) Pause Young (Allocation Failure) 3280M->1832M(4496M) 130.263ms
[1504.706s][info][gc,cpu         ] GC(368) User=0.77s Sys=0.00s Real=0.13s
....|....[1512.376s][info][gc,start       ] GC(369) Pause Young (Allocation Failure)
[1512.501s][info][gc,heap        ] GC(369) PSYoungGen: 1918560K(2151424K)->332288K(2136576K) Eden: 1551360K(1551360K)->0K(1551360K) From: 367200K(600064K)->332288K(585216K)
[1512.501s][info][gc,heap        ] GC(369) ParOldGen: 1509363K(2452992K)->1573283K(2452992K)
[1512.501s][info][gc,metaspace   ] GC(369) Metaspace: 29035K(29376K)->29035K(29376K) NonClass: 25932K(26112K)->25932K(26112K) Class: 3103K(3264K)->3103K(3264K)
[1512.501s][info][gc             ] GC(369) Pause Young (Allocation Failure) 3347M->1860M(4482M) 125.010ms
[1512.501s][info][gc,cpu         ] GC(369) User=0.74s Sys=0.00s Real=0.13s
........[1520.312s][info][gc,start       ] GC(370) Pause Young (Allocation Failure)
[1520.431s][info][gc,heap        ] GC(370) PSYoungGen: 1883648K(2136576K)->294016K(2190336K) Eden: 1551360K(1551360K)->0K(1613312K) From: 332288K(585216K)->294016K(577024K)
[1520.431s][info][gc,heap        ] GC(370) ParOldGen: 1573283K(2452992K)->1648603K(2452992K)
[1520.431s][info][gc,metaspace   ] GC(370) Metaspace: 29035K(29376K)->29035K(29376K) NonClass: 25932K(26112K)->25932K(26112K) Class: 3103K(3264K)->3103K(3264K)
[1520.431s][info][gc             ] GC(370) Pause Young (Allocation Failure) 3375M->1897M(4534M) 119.615ms
[1520.431s][info][gc,cpu         ] GC(370) User=0.71s Sys=0.00s Real=0.12s
........[1528.463s][info][gc,start       ] GC(371) Pause Young (Allocation Failure)
[1528.573s][info][gc,heap        ] GC(371) PSYoungGen: 1907328K(2190336K)->246080K(2187776K) Eden: 1613312K(1613312K)->0K(1613312K) From: 294016K(577024K)->246080K(574464K)
[1528.573s][info][gc,heap        ] GC(371) ParOldGen: 1648603K(2452992K)->1741411K(2452992K)
[1528.573s][info][gc,metaspace   ] GC(371) Metaspace: 29035K(29376K)->29035K(29376K) NonClass: 25932K(26112K)->25932K(26112K) Class: 3103K(3264K)->3103K(3264K)
[1528.573s][info][gc             ] GC(371) Pause Young (Allocation Failure) 3472M->1940M(4532M) 109.411ms
[1528.573s][info][gc,cpu         ] GC(371) User=0.65s Sys=0.00s Real=0.11s
........[1536.646s][info][gc,start       ] GC(372) Pause Young (Allocation Failure)
[1536.745s][info][gc,heap        ] GC(372) PSYoungGen: 1859392K(2187776K)->184064K(2199040K) Eden: 1613312K(1613312K)->0K(1621504K) From: 246080K(574464K)->184064K(577536K)
[1536.745s][info][gc,heap        ] GC(372) ParOldGen: 1741411K(2452992K)->1857507K(2452992K)
[1536.745s][info][gc,metaspace   ] GC(372) Metaspace: 29035K(29376K)->29035K(29376K) NonClass: 25932K(26112K)->25932K(26112K) Class: 3103K(3264K)->3103K(3264K)
[1536.745s][info][gc             ] GC(372) Pause Young (Allocation Failure) 3516M->1993M(4543M) 99.535ms
[1536.745s][info][gc,cpu         ] GC(372) User=0.59s Sys=0.01s Real=0.10s
.........[1544.959s][info][gc,start       ] GC(373) Pause Young (Allocation Failure)
[1545.044s][info][gc,heap        ] GC(373) PSYoungGen: 1805568K(2199040K)->103936K(1725440K) Eden: 1621504K(1621504K)->0K(1621504K) From: 184064K(577536K)->103936K(103936K)
[1545.044s][info][gc,heap        ] GC(373) ParOldGen: 1857507K(2452992K)->2003523K(2452992K)
[1545.044s][info][gc,metaspace   ] GC(373) Metaspace: 29035K(29376K)->29035K(29376K) NonClass: 25932K(26112K)->25932K(26112K) Class: 3103K(3264K)->3103K(3264K)
[1545.044s][info][gc             ] GC(373) Pause Young (Allocation Failure) 3577M->2058M(4080M) 85.815ms
[1545.044s][info][gc,cpu         ] GC(373) User=0.51s Sys=0.00s Real=0.09s
........[1553.237s][info][gc,start       ] GC(374) Pause Young (Allocation Failure)
[1553.305s][info][gc,heap        ] GC(374) PSYoungGen: 1725440K(1725440K)->105280K(2172928K) Eden: 1621504K(1621504K)->0K(1568256K) From: 103936K(103936K)->105280K(604672K)
[1553.305s][info][gc,heap        ] GC(374) ParOldGen: 2003523K(2452992K)->2086179K(2452992K)
[1553.305s][info][gc,metaspace   ] GC(374) Metaspace: 29035K(29376K)->29035K(29376K) NonClass: 25932K(26112K)->25932K(26112K) Class: 3103K(3264K)->3103K(3264K)
[1553.305s][info][gc             ] GC(374) Pause Young (Allocation Failure) 3641M->2140M(4517M) 68.256ms
[1553.305s][info][gc,cpu         ] GC(374) User=0.40s Sys=0.00s Real=0.07s
........[1561.298s][info][gc,start       ] GC(375) Pause Young (Allocation Failure)
[1561.366s][info][gc,heap        ] GC(375) PSYoungGen: 1673536K(2172928K)->102176K(1670656K) Eden: 1568256K(1568256K)->0K(1568256K) From: 105280K(604672K)->102176K(102400K)
[1561.366s][info][gc,heap        ] GC(375) ParOldGen: 2086179K(2452992K)->2168891K(2452992K)
[1561.366s][info][gc,metaspace   ] GC(375) Metaspace: 29035K(29376K)->29035K(29376K) NonClass: 25932K(26112K)->25932K(26112K) Class: 3103K(3264K)->3103K(3264K)
[1561.366s][info][gc             ] GC(375) Pause Young (Allocation Failure) 3671M->2217M(4027M) 68.023ms
[1561.366s][info][gc,cpu         ] GC(375) User=0.41s Sys=0.00s Real=0.07s
....... (rIR:aIR:PR = 1384:1383:1383) (tPR = 20439) [OK] 
  1567s: Performance info:
         Transaction,    Success,    Partial,     Failed,   Receipts, AvgBarcode, 
             Overall,      83049,          0,          0,      78899,      59.50, 
         Response times:
             Request,    Success,    Partial,     Failed,   SkipFail,     Probes,    Samples,      min,      p50,      p90,      p95,      p99,      max, 
       TotalPurchase,      78899,          0,          0,          0,      76418,      82906,      300,     1400,     2000,     2200,     3300,   132000,
     InStorePurchase,      41530,          0,          0,          0,      40518,      43870,      300,     1400,     2000,     2200,     3400,   132000,
      OnlinePurchase,      29059,          0,          0,          0,      28008,      30319,      300,     1300,     2000,     2200,     3100,   132000,
        InstPurchase,       8310,          0,          0,          0,       7892,       8717,      400,     1400,     2000,     2200,     3000,   128000,
          AssocOfCat,         83,          0,          0,          0,         81,         87,    16100,    19400,    25000,    26000,    40000,    40000,
      AssocOfProduct,        830,          0,          0,          0,        727,        905,      400,     1100,     1700,     1900,     2400,     4800,
      BusinessReport,        208,          0,          0,          0,        150,        211,    21000,    27000,    32000,    33400,    46280,    95000,
          CustBuyBeh,        828,          0,          0,          0,        710,        892,      200,     1000,     1600,     1900,     3028,   128000,
       ProductReturn,       2201,          0,          0,          0,       1994,       2243,      200,     1300,     1900,     2100,     3436,   123000,

  1567s: (11%)   IR =   1522 .[1569.137s][info][gc,start       ] GC(376) Pause Young (Allocation Failure)
[1569.203s][info][gc,heap        ] GC(376) PSYoungGen: 1670432K(1670656K)->99936K(2182144K) Eden: 1568256K(1568256K)->0K(1565696K) From: 102176K(102400K)->99936K(616448K)
[1569.203s][info][gc,heap        ] GC(376) ParOldGen: 2168891K(2452992K)->2250651K(2452992K)
[1569.203s][info][gc,metaspace   ] GC(376) Metaspace: 29035K(29376K)->29035K(29376K) NonClass: 25932K(26112K)->25932K(26112K) Class: 3103K(3264K)->3103K(3264K)
[1569.203s][info][gc             ] GC(376) Pause Young (Allocation Failure) 3749M->2295M(4526M) 66.666ms
[1569.203s][info][gc,cpu         ] GC(376) User=0.39s Sys=0.00s Real=0.07s
.....|..[1576.453s][info][gc,start       ] GC(377) Pause Young (Allocation Failure)
[1576.520s][info][gc,heap        ] GC(377) PSYoungGen: 1665572K(2182144K)->181824K(1747968K) Eden: 1565636K(1565696K)->0K(1565696K) From: 99936K(616448K)->181824K(182272K)
[1576.520s][info][gc,heap        ] GC(377) ParOldGen: 2250651K(2452992K)->2250651K(2452992K)
[1576.520s][info][gc,metaspace   ] GC(377) Metaspace: 29035K(29376K)->29035K(29376K) NonClass: 25932K(26112K)->25932K(26112K) Class: 3103K(3264K)->3103K(3264K)
[1576.520s][info][gc             ] GC(377) Pause Young (Allocation Failure) 3824M->2375M(4102M) 66.940ms
[1576.520s][info][gc,cpu         ] GC(377) User=0.39s Sys=0.00s Real=0.07s
.......[1583.589s][info][gc,start       ] GC(378) Pause Young (Allocation Failure)
[1583.673s][info][gc,heap        ] GC(378) PSYoungGen: 1747520K(1747968K)->244768K(2190336K) Eden: 1565696K(1565696K)->0K(1597440K) From: 181824K(182272K)->244768K(592896K)
[1583.673s][info][gc,heap        ] GC(378) ParOldGen: 2250651K(2452992K)->2250651K(2452992K)
[1583.673s][info][gc,metaspace   ] GC(378) Metaspace: 29035K(29376K)->29035K(29376K) NonClass: 25932K(26112K)->25932K(26112K) Class: 3103K(3264K)->3103K(3264K)
[1583.673s][info][gc             ] GC(378) Pause Young (Allocation Failure) 3904M->2436M(4534M) 84.371ms
[1583.673s][info][gc,cpu         ] GC(378) User=0.50s Sys=0.00s Real=0.09s
........[1591.124s][info][gc,start       ] GC(379) Pause Young (Allocation Failure)
[1591.225s][info][gc,heap        ] GC(379) PSYoungGen: 1842208K(2190336K)->299264K(2158592K) Eden: 1597440K(1597440K)->0K(1597440K) From: 244768K(592896K)->299264K(561152K)
[1591.225s][info][gc,heap        ] GC(379) ParOldGen: 2250651K(2452992K)->2250651K(2452992K)
[1591.225s][info][gc,metaspace   ] GC(379) Metaspace: 29035K(29376K)->29035K(29376K) NonClass: 25932K(26112K)->25932K(26112K) Class: 3103K(3264K)->3103K(3264K)
[1591.225s][info][gc             ] GC(379) Pause Young (Allocation Failure) 3996M->2490M(4503M) 100.847ms
[1591.225s][info][gc,cpu         ] GC(379) User=0.59s Sys=0.00s Real=0.10s
.......[1598.334s][info][gc,start       ] GC(380) Pause Young (Allocation Failure)
[1598.447s][info][gc,heap        ] GC(380) PSYoungGen: 1896704K(2158592K)->299296K(2202624K) Eden: 1597440K(1597440K)->0K(1655808K) From: 299264K(561152K)->299296K(546816K)
[1598.447s][info][gc,heap        ] GC(380) ParOldGen: 2250651K(2452992K)->2293419K(2452992K)
[1598.447s][info][gc,metaspace   ] GC(380) Metaspace: 29035K(29376K)->29035K(29376K) NonClass: 25932K(26112K)->25932K(26112K) Class: 3103K(3264K)->3103K(3264K)
[1598.447s][info][gc             ] GC(380) Pause Young (Allocation Failure) 4050M->2531M(4546M) 112.916ms
[1598.447s][info][gc,cpu         ] GC(380) User=0.66s Sys=0.00s Real=0.11s
.......[1605.936s][info][gc,start       ] GC(381) Pause Young (Allocation Failure)
[1606.051s][info][gc,heap        ] GC(381) PSYoungGen: 1955104K(2202624K)->305764K(2188800K) Eden: 1655808K(1655808K)->0K(1655808K) From: 299296K(546816K)->305764K(532992K)
[1606.051s][info][gc,heap        ] GC(381) ParOldGen: 2293419K(2452992K)->2336011K(2452992K)
[1606.051s][info][gc,metaspace   ] GC(381) Metaspace: 29035K(29376K)->29035K(29376K) NonClass: 25932K(26112K)->25932K(26112K) Class: 3103K(3264K)->3103K(3264K)
[1606.051s][info][gc             ] GC(381) Pause Young (Allocation Failure) 4148M->2579M(4533M) 114.598ms
[1606.051s][info][gc,cpu         ] GC(381) User=0.67s Sys=0.00s Real=0.12s
........[1613.722s][info][gc,start       ] GC(382) Pause Young (Allocation Failure)
[1613.837s][info][gc,heap        ] GC(382) PSYoungGen: 1961572K(2188800K)->305984K(2249728K) Eden: 1655808K(1655808K)->0K(1727488K) From: 305764K(532992K)->305984K(522240K)
[1613.837s][info][gc,heap        ] GC(382) ParOldGen: 2336011K(2452992K)->2376971K(2452992K)
[1613.837s][info][gc,metaspace   ] GC(382) Metaspace: 29035K(29376K)->29035K(29376K) NonClass: 25932K(26112K)->25932K(26112K) Class: 3103K(3264K)->3103K(3264K)
[1613.837s][info][gc             ] GC(382) Pause Young (Allocation Failure) 4196M->2620M(4592M) 115.543ms
[1613.838s][info][gc,cpu         ] GC(382) User=0.68s Sys=0.00s Real=0.11s
........[1621.629s][info][gc,start       ] GC(383) Pause Young (Allocation Failure)
[1621.746s][info][gc,heap        ] GC(383) PSYoungGen: 2033472K(2249728K)->257792K(2238464K) Eden: 1727488K(1727488K)->0K(1727488K) From: 305984K(522240K)->257792K(510976K)
[1621.746s][info][gc,heap        ] GC(383) ParOldGen: 2376971K(2452992K)->2469699K(2469888K)
[1621.746s][info][gc,metaspace   ] GC(383) Metaspace: 29035K(29376K)->29035K(29376K) NonClass: 25932K(26112K)->25932K(26112K) Class: 3103K(3264K)->3103K(3264K)
[1621.746s][info][gc             ] GC(383) Pause Young (Allocation Failure) 4307M->2663M(4598M) 117.366ms
[1621.746s][info][gc,cpu         ] GC(383) User=0.69s Sys=0.01s Real=0.12s
........[1629.664s][info][gc,start       ] GC(384) Pause Young (Allocation Failure)
[1629.777s][info][gc,heap        ] GC(384) PSYoungGen: 1985280K(2238464K)->200352K(2262528K) Eden: 1727488K(1727488K)->0K(1773056K) From: 257792K(510976K)->200352K(489472K)
[1629.777s][info][gc,heap        ] GC(384) ParOldGen: 2469699K(2469888K)->2588227K(2588672K)
[1629.777s][info][gc,metaspace   ] GC(384) Metaspace: 29035K(29376K)->29035K(29376K) NonClass: 25932K(26112K)->25932K(26112K) Class: 3103K(3264K)->3103K(3264K)
[1629.777s][info][gc             ] GC(384) Pause Young (Allocation Failure) 4350M->2723M(4737M) 112.565ms
[1629.777s][info][gc,cpu         ] GC(384) User=0.61s Sys=0.04s Real=0.11s
..... (rIR:aIR:PR = 1522:1522:1522) (tPR = 22602) [OK] 
  1633s: Performance info:
         Transaction,    Success,    Partial,     Failed,   Receipts, AvgBarcode, 
             Overall,      91428,          0,          0,      86860,      59.47, 
         Response times:
             Request,    Success,    Partial,     Failed,   SkipFail,     Probes,    Samples,      min,      p50,      p90,      p95,      p99,      max, 
       TotalPurchase,      86860,          0,          0,          0,      84221,      94016,      300,     1500,     2100,     2400,     5000,   122000,
     InStorePurchase,      45709,          0,          0,          0,      44449,      49401,      300,     1400,     2100,     2300,     4698,   122000,
      OnlinePurchase,      31995,          0,          0,          0,      31048,      34633,      300,     1600,     2200,     2400,     6000,   122000,
        InstPurchase,       9156,          0,          0,          0,       8724,       9982,      400,     1200,     2000,     2200,     3500,   118000,
          AssocOfCat,         91,          0,          0,          0,         90,         99,    16000,    21000,    26000,    28000,   151000,   151000,
      AssocOfProduct,        912,          0,          0,          0,        802,       1019,      400,     1600,     2400,     2600,     6200,    69000,
      BusinessReport,        228,          0,          0,          0,        166,        244,    19500,    28500,    33000,    44750,   146100,   152000,
          CustBuyBeh,        915,          0,          0,          0,        794,        981,      300,     1500,     2100,     2300,     5154,    11000,
       ProductReturn,       2422,          0,          0,          0,       2241,       2678,      200,     1400,     2200,     2400,     3242,    15600,

  1633s: (12%)   IR =   1660 ...[1637.508s][info][gc,start       ] GC(385) Pause Young (Allocation Failure)
[1637.606s][info][gc,heap        ] GC(385) PSYoungGen: 1973408K(2262528K)->112672K(2252288K) Eden: 1773056K(1773056K)->0K(1773056K) From: 200352K(489472K)->112672K(479232K)
[1637.606s][info][gc,heap        ] GC(385) ParOldGen: 2588227K(2588672K)->2738979K(2739200K)
[1637.606s][info][gc,metaspace   ] GC(385) Metaspace: 29035K(29376K)->29035K(29376K) NonClass: 25932K(26112K)->25932K(26112K) Class: 3103K(3264K)->3103K(3264K)
[1637.606s][info][gc             ] GC(385) Pause Young (Allocation Failure) 4454M->2784M(4874M) 98.049ms
[1637.606s][info][gc,cpu         ] GC(385) User=0.53s Sys=0.05s Real=0.10s
..|.....[1645.016s][info][gc,start       ] GC(386) Pause Young (Allocation Failure)
[1645.094s][info][gc,heap        ] GC(386) PSYoungGen: 1885728K(2252288K)->111424K(2310144K) Eden: 1773056K(1773056K)->0K(1827328K) From: 112672K(479232K)->111424K(482816K)
[1645.094s][info][gc,heap        ] GC(386) ParOldGen: 2738979K(2739200K)->2826363K(2826752K)
[1645.094s][info][gc,metaspace   ] GC(386) Metaspace: 29035K(29376K)->29035K(29376K) NonClass: 25932K(26112K)->25932K(26112K) Class: 3103K(3264K)->3103K(3264K)
[1645.094s][info][gc             ] GC(386) Pause Young (Allocation Failure) 4516M->2868M(5016M) 77.473ms
[1645.094s][info][gc,cpu         ] GC(386) User=0.42s Sys=0.03s Real=0.08s
.......[1651.754s][info][gc,start       ] GC(387) Pause Full (Diagnostic Command)
[1651.754s][info][gc,phases,start] GC(387) Marking Phase
[1652.051s][info][gc,phases      ] GC(387) Marking Phase 296.980ms
[1652.051s][info][gc,phases,start] GC(387) Summary Phase
[1652.051s][info][gc,phases      ] GC(387) Summary Phase 0.059ms
[1652.051s][info][gc,phases,start] GC(387) Forward
[1652.225s][info][gc,phases      ] GC(387) Forward 173.759ms
[1652.225s][info][gc,phases,start] GC(387) Adjust Pointers
[1652.440s][info][gc,phases      ] GC(387) Adjust Pointers 214.442ms
[1652.440s][info][gc,phases,start] GC(387) Compaction Phase
[1652.623s][info][gc,phases      ] GC(387) Compaction Phase 183.655ms
[1652.626s][info][gc,phases,start] GC(387) Post Compact
[1652.630s][info][gc,phases      ] GC(387) Post Compact 3.861ms
[1652.630s][info][gc,heap        ] GC(387) PSYoungGen: 1727332K(2310144K)->0K(2310144K) Eden: 1615908K(1827328K)->0K(1827328K) From: 111424K(482816K)->0K(482816K)
[1652.630s][info][gc,heap        ] GC(387) ParOldGen: 2826363K(2826752K)->1326385K(2826752K)
[1652.630s][info][gc,metaspace   ] GC(387) Metaspace: 29035K(29376K)->29035K(29376K) NonClass: 25932K(26112K)->25932K(26112K) Class: 3103K(3264K)->3103K(3264K)
[1652.630s][info][gc             ] GC(387) Pause Full (Diagnostic Command) 4446M->1295M(5016M) 875.538ms
[1652.630s][info][gc,cpu         ] GC(387) User=4.65s Sys=0.00s Real=0.87s
.......[1659.377s][info][gc,start       ] GC(388) Pause Young (Allocation Failure)
[1659.427s][info][gc,heap        ] GC(388) PSYoungGen: 1827328K(2310144K)->119061K(1946624K) Eden: 1827328K(1827328K)->0K(1827328K) From: 0K(482816K)->119061K(119296K)
[1659.427s][info][gc,heap        ] GC(388) ParOldGen: 1326385K(2826752K)->1326385K(2826752K)
[1659.427s][info][gc,metaspace   ] GC(388) Metaspace: 29035K(29376K)->29035K(29376K) NonClass: 25932K(26112K)->25932K(26112K) Class: 3103K(3264K)->3103K(3264K)
[1659.427s][info][gc             ] GC(388) Pause Young (Allocation Failure) 3079M->1411M(4661M) 50.118ms
[1659.427s][info][gc,cpu         ] GC(388) User=0.30s Sys=0.00s Real=0.05s
........[1667.227s][info][gc,start       ] GC(389) Pause Young (Allocation Failure)
[1667.305s][info][gc,heap        ] GC(389) PSYoungGen: 1946389K(1946624K)->212469K(2331136K) Eden: 1827328K(1827328K)->0K(1853952K) From: 119061K(119296K)->212469K(477184K)
[1667.305s][info][gc,heap        ] GC(389) ParOldGen: 1326385K(2826752K)->1326385K(2826752K)
[1667.305s][info][gc,metaspace   ] GC(389) Metaspace: 29035K(29376K)->29035K(29376K) NonClass: 25932K(26112K)->25932K(26112K) Class: 3103K(3264K)->3103K(3264K)
[1667.305s][info][gc             ] GC(389) Pause Young (Allocation Failure) 3196M->1502M(5037M) 78.074ms
[1667.305s][info][gc,cpu         ] GC(389) User=0.47s Sys=0.00s Real=0.08s
........[1675.010s][info][gc,start       ] GC(390) Pause Young (Allocation Failure)
[1675.108s][info][gc,heap        ] GC(390) PSYoungGen: 2066421K(2331136K)->283893K(2307584K) Eden: 1853952K(1853952K)->0K(1853952K) From: 212469K(477184K)->283893K(453632K)
[1675.108s][info][gc,heap        ] GC(390) ParOldGen: 1326385K(2826752K)->1326385K(2826752K)
[1675.108s][info][gc,metaspace   ] GC(390) Metaspace: 29035K(29376K)->29035K(29376K) NonClass: 25932K(26112K)->25932K(26112K) Class: 3103K(3264K)->3103K(3264K)
[1675.108s][info][gc             ] GC(390) Pause Young (Allocation Failure) 3313M->1572M(5014M) 97.145ms
[1675.108s][info][gc,cpu         ] GC(390) User=0.57s Sys=0.00s Real=0.09s
........[1683.019s][info][gc,start       ] GC(391) Pause Young (Allocation Failure)
[1683.127s][info][gc,heap        ] GC(391) PSYoungGen: 2137845K(2307584K)->274528K(2323968K) Eden: 1853952K(1853952K)->0K(1870336K) From: 283893K(453632K)->274528K(453632K)
[1683.127s][info][gc,heap        ] GC(391) ParOldGen: 1326385K(2826752K)->1384310K(2826752K)
[1683.127s][info][gc,metaspace   ] GC(391) Metaspace: 29035K(29376K)->29035K(29376K) NonClass: 25932K(26112K)->25932K(26112K) Class: 3103K(3264K)->3103K(3264K)
[1683.127s][info][gc             ] GC(391) Pause Young (Allocation Failure) 3383M->1619M(5030M) 108.235ms
[1683.127s][info][gc,cpu         ] GC(391) User=0.64s Sys=0.01s Real=0.11s
........[1690.837s][info][gc,start       ] GC(392) Pause Young (Allocation Failure)
[1690.945s][info][gc,heap        ] GC(392) PSYoungGen: 2144864K(2323968K)->274112K(2318848K) Eden: 1870336K(1870336K)->0K(1870336K) From: 274528K(453632K)->274112K(448512K)
[1690.945s][info][gc,heap        ] GC(392) ParOldGen: 1384310K(2826752K)->1438662K(2826752K)
[1690.945s][info][gc,metaspace   ] GC(392) Metaspace: 29035K(29376K)->29035K(29376K) NonClass: 25932K(26112K)->25932K(26112K) Class: 3103K(3264K)->3103K(3264K)
[1690.945s][info][gc             ] GC(392) Pause Young (Allocation Failure) 3446M->1672M(5025M) 107.795ms
[1690.945s][info][gc,cpu         ] GC(392) User=0.63s Sys=0.00s Real=0.11s
........[1698.736s][info][gc,start       ] GC(393) Pause Young (Allocation Failure)
[1698.844s][info][gc,heap        ] GC(393) PSYoungGen: 2144448K(2318848K)->275968K(2341376K) Eden: 1870336K(1870336K)->0K(1900032K) From: 274112K(448512K)->275968K(441344K)
[1698.844s][info][gc,heap        ] GC(393) ParOldGen: 1438662K(2826752K)->1492910K(2826752K)
[1698.844s][info][gc,metaspace   ] GC(393) Metaspace: 29035K(29376K)->29035K(29376K) NonClass: 25932K(26112K)->25932K(26112K) Class: 3103K(3264K)->3103K(3264K)
[1698.844s][info][gc             ] GC(393) Pause Young (Allocation Failure) 3499M->1727M(5047M) 108.677ms
[1698.844s][info][gc,cpu         ] GC(393) User=0.65s Sys=0.00s Real=0.11s
. (rIR:aIR:PR = 1660:1659:1659) (tPR = 24696) [OK] 
  1699s: Performance info:
         Transaction,    Success,    Partial,     Failed,   Receipts, AvgBarcode, 
             Overall,     100581,          0,          0,      95552,      59.48, 
         Response times:
             Request,    Success,    Partial,     Failed,   SkipFail,     Probes,    Samples,      min,      p50,      p90,      p95,      p99,      max, 
       TotalPurchase,      95552,          0,          0,          0,      92312,     101636,      300,     1600,     2300,     2600,    79000,   150000,
     InStorePurchase,      50297,          0,          0,          0,      48762,      53500,      300,     1600,     2300,     2700,    79000,   150000,
      OnlinePurchase,      35186,          0,          0,          0,      34155,      37529,      300,     1500,     2300,     2600,    80000,   150000,
        InstPurchase,      10069,          0,          0,          0,       9395,      10607,      400,     1500,     2400,     2700,    77000,   134000,
          AssocOfCat,         98,          0,          0,          0,         95,        108,    16400,    22000,    29100,    32550,   142060,   148000,
      AssocOfProduct,       1007,          0,          0,          0,        888,       1104,      500,     1700,     2500,     2800,    66000,   130000,
      BusinessReport,        250,          0,          0,          0,        206,        295,    20000,    29000,    33000,    44400,   187760,   970000,
          CustBuyBeh,       1007,          0,          0,          0,        882,       1100,      200,     1700,     2400,     2700,    82000,   133000,
       ProductReturn,       2667,          0,          0,          0,       2443,       2802,      200,     1800,     2400,     2700,    59000,   129000,

  1699s: (13%)   IR =   1799 ....|..[1706.233s][info][gc,start       ] GC(394) Pause Young (Allocation Failure)
[1706.342s][info][gc,heap        ] GC(394) PSYoungGen: 2176000K(2341376K)->275552K(2336256K) Eden: 1900032K(1900032K)->0K(1900032K) From: 275968K(441344K)->275552K(436224K)
[1706.342s][info][gc,heap        ] GC(394) ParOldGen: 1492910K(2826752K)->1548662K(2826752K)
[1706.342s][info][gc,metaspace   ] GC(394) Metaspace: 29038K(29376K)->29038K(29376K) NonClass: 25935K(26112K)->25935K(26112K) Class: 3103K(3264K)->3103K(3264K)
[1706.342s][info][gc             ] GC(394) Pause Young (Allocation Failure) 3582M->1781M(5042M) 109.684ms
[1706.343s][info][gc,cpu         ] GC(394) User=0.65s Sys=0.00s Real=0.11s
.......[1713.672s][info][gc,start       ] GC(395) Pause Young (Allocation Failure)
[1713.781s][info][gc,heap        ] GC(395) PSYoungGen: 2175584K(2336256K)->280384K(2353152K) Eden: 1900032K(1900032K)->0K(1923584K) From: 275552K(436224K)->280384K(429568K)
[1713.781s][info][gc,heap        ] GC(395) ParOldGen: 1548662K(2826752K)->1602078K(2826752K)
[1713.781s][info][gc,metaspace   ] GC(395) Metaspace: 29038K(29376K)->29038K(29376K) NonClass: 25935K(26112K)->25935K(26112K) Class: 3103K(3264K)->3103K(3264K)
[1713.781s][info][gc             ] GC(395) Pause Young (Allocation Failure) 3636M->1838M(5058M) 109.273ms
[1713.781s][info][gc,cpu         ] GC(395) User=0.65s Sys=0.00s Real=0.11s
........[1721.272s][info][gc,start       ] GC(396) Pause Young (Allocation Failure)
[1721.382s][info][gc,heap        ] GC(396) PSYoungGen: 2203968K(2353152K)->212160K(2348032K) Eden: 1923584K(1923584K)->0K(1923584K) From: 280384K(429568K)->212160K(424448K)
[1721.382s][info][gc,heap        ] GC(396) ParOldGen: 1602078K(2826752K)->1726086K(2826752K)
[1721.382s][info][gc,metaspace   ] GC(396) Metaspace: 29038K(29376K)->29038K(29376K) NonClass: 25935K(26112K)->25935K(26112K) Class: 3103K(3264K)->3103K(3264K)
[1721.382s][info][gc             ] GC(396) Pause Young (Allocation Failure) 3716M->1892M(5053M) 110.151ms
[1721.382s][info][gc,cpu         ] GC(396) User=0.65s Sys=0.00s Real=0.11s
.......[1728.753s][info][gc,start       ] GC(397) Pause Young (Allocation Failure)
[1728.849s][info][gc,heap        ] GC(397) PSYoungGen: 2135744K(2348032K)->121664K(2350592K) Eden: 1923584K(1923584K)->0K(1937920K) From: 212160K(424448K)->121664K(412672K)
[1728.849s][info][gc,heap        ] GC(397) ParOldGen: 1726086K(2826752K)->1889030K(2826752K)
[1728.849s][info][gc,metaspace   ] GC(397) Metaspace: 29038K(29376K)->29038K(29376K) NonClass: 25935K(26112K)->25935K(26112K) Class: 3103K(3264K)->3103K(3264K)
[1728.849s][info][gc             ] GC(397) Pause Young (Allocation Failure) 3771M->1963M(5056M) 96.420ms
[1728.849s][info][gc,cpu         ] GC(397) User=0.58s Sys=0.00s Real=0.09s
........[1736.321s][info][gc,start       ] GC(398) Pause Young (Allocation Failure)
[1736.397s][info][gc,heap        ] GC(398) PSYoungGen: 2059584K(2350592K)->121984K(2354688K) Eden: 1937920K(1937920K)->0K(1937920K) From: 121664K(412672K)->121984K(416768K)
[1736.397s][info][gc,heap        ] GC(398) ParOldGen: 1889030K(2826752K)->1980166K(2826752K)
[1736.397s][info][gc,metaspace   ] GC(398) Metaspace: 29038K(29376K)->29038K(29376K) NonClass: 25935K(26112K)->25935K(26112K) Class: 3103K(3264K)->3103K(3264K)
[1736.397s][info][gc             ] GC(398) Pause Young (Allocation Failure) 3856M->2052M(5060M) 75.774ms
[1736.397s][info][gc,cpu         ] GC(398) User=0.44s Sys=0.00s Real=0.07s
.......[1743.807s][info][gc,start       ] GC(399) Pause Young (Allocation Failure)
[1743.883s][info][gc,heap        ] GC(399) PSYoungGen: 2059904K(2354688K)->120960K(2374656K) Eden: 1937920K(1937920K)->0K(1961984K) From: 121984K(416768K)->120960K(412672K)
[1743.883s][info][gc,heap        ] GC(399) ParOldGen: 1980166K(2826752K)->2072766K(2826752K)
[1743.883s][info][gc,metaspace   ] GC(399) Metaspace: 29038K(29376K)->29038K(29376K) NonClass: 25935K(26112K)->25935K(26112K) Class: 3103K(3264K)->3103K(3264K)
[1743.883s][info][gc             ] GC(399) Pause Young (Allocation Failure) 3945M->2142M(5079M) 76.489ms
[1743.883s][info][gc,cpu         ] GC(399) User=0.45s Sys=0.00s Real=0.08s
........[1751.380s][info][gc,start       ] GC(400) Pause Young (Allocation Failure)
[1751.460s][info][gc,heap        ] GC(400) PSYoungGen: 2082944K(2374656K)->132640K(2095104K) Eden: 1961984K(1961984K)->0K(1961984K) From: 120960K(412672K)->132640K(133120K)
[1751.460s][info][gc,heap        ] GC(400) ParOldGen: 2072766K(2826752K)->2162518K(2826752K)
[1751.460s][info][gc,metaspace   ] GC(400) Metaspace: 29038K(29376K)->29038K(29376K) NonClass: 25935K(26112K)->25935K(26112K) Class: 3103K(3264K)->3103K(3264K)
[1751.460s][info][gc             ] GC(400) Pause Young (Allocation Failure) 4058M->2241M(4806M) 80.245ms
[1751.460s][info][gc,cpu         ] GC(400) User=0.47s Sys=0.00s Real=0.09s
........[1759.051s][info][gc,start       ] GC(401) Pause Young (Allocation Failure)
[1759.131s][info][gc,heap        ] GC(401) PSYoungGen: 2094624K(2095104K)->122112K(2382848K) Eden: 1961984K(1961984K)->0K(1975296K) From: 132640K(133120K)->122112K(407552K)
[1759.131s][info][gc,heap        ] GC(401) ParOldGen: 2162518K(2826752K)->2262726K(2826752K)
[1759.131s][info][gc,metaspace   ] GC(401) Metaspace: 29038K(29376K)->29038K(29376K) NonClass: 25935K(26112K)->25935K(26112K) Class: 3103K(3264K)->3103K(3264K)
[1759.131s][info][gc             ] GC(401) Pause Young (Allocation Failure) 4157M->2328M(5087M) 80.229ms
[1759.131s][info][gc,cpu         ] GC(401) User=0.48s Sys=0.00s Real=0.08s
..... (rIR:aIR:PR = 1799:1800:1800) (tPR = 26483) [OK] 
  1763s: Performance info:
         Transaction,    Success,    Partial,     Failed,   Receipts, AvgBarcode, 
             Overall,     108312,          0,          0,     102895,      59.48, 
         Response times:
             Request,    Success,    Partial,     Failed,   SkipFail,     Probes,    Samples,      min,      p50,      p90,      p95,      p99,      max, 
       TotalPurchase,     102895,          0,          0,          0,      99762,     107660,      300,     1600,     2400,     2700,     4200,   114000,
     InStorePurchase,      54146,          0,          0,          0,      52647,      56638,      300,     1600,     2400,     2700,     4161,   114000,
      OnlinePurchase,      37913,          0,          0,          0,      36727,      39625,      300,     1700,     2500,     2700,     4400,   114000,
        InstPurchase,      10836,          0,          0,          0,      10388,      11397,      400,     1300,     2200,     2400,     3300,   113000,
          AssocOfCat,        109,          0,          0,          0,        107,        115,    16500,    21000,    28000,    32000,    98000,   110000,
      AssocOfProduct,       1082,          0,          0,          0,        925,       1104,      500,     1550,     2300,     2400,     3785,   114000,
      BusinessReport,        272,          0,          0,          0,        201,        260,    19400,    28000,    33000,    37000,    80330,   136000,
          CustBuyBeh,       1083,          0,          0,          0,        949,       1162,      200,     1200,     1800,     2100,     2937,    12500,
       ProductReturn,       2871,          0,          0,          0,       2690,       3086,      200,     1200,     2200,     2500,     3213,   112000,

  1763s: (14%)   IR =   1937 ..[1766.549s][info][gc,start       ] GC(402) Pause Young (Allocation Failure)
[1766.628s][info][gc,heap        ] GC(402) PSYoungGen: 2097408K(2382848K)->128448K(2376192K) Eden: 1975296K(1975296K)->0K(1975296K) From: 122112K(407552K)->128448K(400896K)
[1766.628s][info][gc,heap        ] GC(402) ParOldGen: 2262726K(2826752K)->2354782K(2826752K)
[1766.628s][info][gc,metaspace   ] GC(402) Metaspace: 29038K(29376K)->29038K(29376K) NonClass: 25935K(26112K)->25935K(26112K) Class: 3103K(3264K)->3103K(3264K)
[1766.628s][info][gc             ] GC(402) Pause Young (Allocation Failure) 4257M->2425M(5081M) 78.959ms
[1766.628s][info][gc,cpu         ] GC(402) User=0.47s Sys=0.00s Real=0.08s
....|...[1773.698s][info][gc,start       ] GC(403) Pause Young (Allocation Failure)
[1773.777s][info][gc,heap        ] GC(403) PSYoungGen: 2103744K(2376192K)->123680K(2385920K) Eden: 1975296K(1975296K)->0K(1996800K) From: 128448K(400896K)->123680K(389120K)
[1773.777s][info][gc,heap        ] GC(403) ParOldGen: 2354782K(2826752K)->2449462K(2826752K)
[1773.777s][info][gc,metaspace   ] GC(403) Metaspace: 29038K(29376K)->29038K(29376K) NonClass: 25935K(26112K)->25935K(26112K) Class: 3103K(3264K)->3103K(3264K)
[1773.777s][info][gc             ] GC(403) Pause Young (Allocation Failure) 4354M->2512M(5090M) 78.318ms
[1773.777s][info][gc,cpu         ] GC(403) User=0.46s Sys=0.00s Real=0.08s
.......[1780.905s][info][gc,start       ] GC(404) Pause Young (Allocation Failure)
[1780.985s][info][gc,heap        ] GC(404) PSYoungGen: 2120480K(2385920K)->122592K(2379264K) Eden: 1996800K(1996800K)->0K(1996800K) From: 123680K(389120K)->122592K(382464K)
[1780.985s][info][gc,heap        ] GC(404) ParOldGen: 2449462K(2826752K)->2541550K(2826752K)
[1780.985s][info][gc,metaspace   ] GC(404) Metaspace: 29038K(29376K)->29038K(29376K) NonClass: 25935K(26112K)->25935K(26112K) Class: 3103K(3264K)->3103K(3264K)
[1780.985s][info][gc             ] GC(404) Pause Young (Allocation Failure) 4462M->2601M(5084M) 79.107ms
[1780.985s][info][gc,cpu         ] GC(404) User=0.47s Sys=0.00s Real=0.08s
........[1788.165s][info][gc,start       ] GC(405) Pause Young (Allocation Failure)
[1788.246s][info][gc,heap        ] GC(405) PSYoungGen: 2119392K(2379264K)->129776K(2401792K) Eden: 1996800K(1996800K)->0K(2036224K) From: 122592K(382464K)->129776K(365568K)
[1788.246s][info][gc,heap        ] GC(405) ParOldGen: 2541550K(2826752K)->2634238K(2826752K)
[1788.246s][info][gc,metaspace   ] GC(405) Metaspace: 29038K(29376K)->29038K(29376K) NonClass: 25935K(26112K)->25935K(26112K) Class: 3103K(3264K)->3103K(3264K)
[1788.246s][info][gc             ] GC(405) Pause Young (Allocation Failure) 4551M->2699M(5106M) 80.793ms
[1788.246s][info][gc,cpu         ] GC(405) User=0.48s Sys=0.00s Real=0.08s
.......[1795.615s][info][gc,start       ] GC(406) Pause Young (Allocation Failure)
[1795.695s][info][gc,heap        ] GC(406) PSYoungGen: 2166000K(2401792K)->128128K(2396672K) Eden: 2036224K(2036224K)->0K(2036224K) From: 129776K(365568K)->128128K(360448K)
[1795.695s][info][gc,heap        ] GC(406) ParOldGen: 2634238K(2826752K)->2726966K(2826752K)
[1795.695s][info][gc,metaspace   ] GC(406) Metaspace: 29039K(29376K)->29039K(29376K) NonClass: 25936K(26112K)->25936K(26112K) Class: 3103K(3264K)->3103K(3264K)
[1795.695s][info][gc             ] GC(406) Pause Young (Allocation Failure) 4687M->2788M(5101M) 80.572ms
[1795.695s][info][gc,cpu         ] GC(406) User=0.48s Sys=0.00s Real=0.08s
.......[1802.904s][info][gc,start       ] GC(407) Pause Young (Allocation Failure)
[1802.984s][info][gc,heap        ] GC(407) PSYoungGen: 2164352K(2396672K)->123168K(2424832K) Eden: 2036224K(2036224K)->0K(2080768K) From: 128128K(360448K)->123168K(344064K)
[1802.984s][info][gc,heap        ] GC(407) ParOldGen: 2726966K(2826752K)->2822526K(2826752K)
[1802.984s][info][gc,metaspace   ] GC(407) Metaspace: 29039K(29376K)->29039K(29376K) NonClass: 25936K(26112K)->25936K(26112K) Class: 3103K(3264K)->3103K(3264K)
[1802.984s][info][gc             ] GC(407) Pause Young (Allocation Failure) 4776M->2876M(5128M) 79.931ms
[1802.984s][info][gc,cpu         ] GC(407) User=0.47s Sys=0.00s Real=0.08s
........[1810.396s][info][gc,start       ] GC(408) Pause Young (Allocation Failure)
[1810.480s][info][gc,heap        ] GC(408) PSYoungGen: 2203936K(2424832K)->128832K(2419200K) Eden: 2080768K(2080768K)->0K(2080768K) From: 123168K(344064K)->128832K(338432K)
[1810.480s][info][gc,heap        ] GC(408) ParOldGen: 2822526K(2826752K)->2914782K(2914816K)
[1810.480s][info][gc,metaspace   ] GC(408) Metaspace: 29039K(29376K)->29039K(29376K) NonClass: 25936K(26112K)->25936K(26112K) Class: 3103K(3264K)->3103K(3264K)
[1810.480s][info][gc             ] GC(408) Pause Young (Allocation Failure) 4908M->2972M(5209M) 83.540ms
[1810.480s][info][gc,cpu         ] GC(408) User=0.45s Sys=0.03s Real=0.09s
........[1818.090s][info][gc,start       ] GC(409) Pause Young (Allocation Failure)
[1818.177s][info][gc,heap        ] GC(409) PSYoungGen: 2209600K(2419200K)->129920K(2445824K) Eden: 2080768K(2080768K)->0K(2125312K) From: 128832K(338432K)->129920K(320512K)
[1818.177s][info][gc,heap        ] GC(409) ParOldGen: 2914782K(2914816K)->3009262K(3009536K)
[1818.177s][info][gc,metaspace   ] GC(409) Metaspace: 29044K(29376K)->29044K(29376K) NonClass: 25941K(26112K)->25941K(26112K) Class: 3103K(3264K)->3103K(3264K)
[1818.177s][info][gc             ] GC(409) Pause Young (Allocation Failure) 5004M->3065M(5327M) 86.802ms
[1818.177s][info][gc,cpu         ] GC(409) User=0.49s Sys=0.02s Real=0.08s
.......[1825.726s][info][gc,start       ] GC(410) Pause Young (Allocation Failure)
[1825.812s][info][gc,heap        ] GC(410) PSYoungGen: 2255232K(2445824K)->131328K(2440192K) Eden: 2125312K(2125312K)->0K(2125312K) From: 129920K(320512K)->131328K(314880K)
[1825.812s][info][gc,heap        ] GC(410) ParOldGen: 3009262K(3009536K)->3106126K(3106304K)
[1825.812s][info][gc,metaspace   ] GC(410) Metaspace: 29044K(29376K)->29044K(29376K) NonClass: 25941K(26112K)->25941K(26112K) Class: 3103K(3264K)->3103K(3264K)
[1825.812s][info][gc             ] GC(410) Pause Young (Allocation Failure) 5141M->3161M(5416M) 85.623ms
[1825.812s][info][gc,cpu         ] GC(410) User=0.48s Sys=0.03s Real=0.09s
..... (rIR:aIR:PR = 1937:1938:1938) (tPR = 28718) [OK] 
  1829s: Performance info:
         Transaction,    Success,    Partial,     Failed,   Receipts, AvgBarcode, 
             Overall,     116450,          0,          0,     110621,      59.47, 
         Response times:
             Request,    Success,    Partial,     Failed,   SkipFail,     Probes,    Samples,      min,      p50,      p90,      p95,      p99,      max, 
       TotalPurchase,     110621,          0,          0,          0,     107904,     120115,      300,     1700,     2600,     2800,     4200,    91000,
     InStorePurchase,      58225,          0,          0,          0,      56897,      63068,      300,     1800,     2600,     2800,     4100,    90000,
      OnlinePurchase,      40762,          0,          0,          0,      39807,      44444,      300,     1600,     2500,     2700,     4100,    90000,
        InstPurchase,      11634,          0,          0,          0,      11200,      12603,      400,     1800,     2600,     2800,     5200,    91000,
          AssocOfCat,        117,          0,          0,          0,        110,        126,    15800,    21000,    28000,    29650,    34190,    35000,
      AssocOfProduct,       1165,          0,          0,          0,       1027,       1242,      700,     2100,     2700,     2900,     7057,    87000,
      BusinessReport,        293,          0,          0,          0,        221,        298,    23000,    29000,    35000,    41000,    67450,   115000,
          CustBuyBeh,       1166,          0,          0,          0,       1007,       1235,      200,     1900,     2700,     2900,     4728,    89000,
       ProductReturn,       3088,          0,          0,          0,       2886,       3408,      200,     1500,     2200,     2400,     4500,    88000,

  1829s: (15%)   IR =   2076 ...[1833.181s][info][gc,start       ] GC(411) Pause Young (Allocation Failure)
[1833.268s][info][gc,heap        ] GC(411) PSYoungGen: 2256640K(2440192K)->130912K(2470400K) Eden: 2125312K(2125312K)->0K(2171392K) From: 131328K(314880K)->130912K(299008K)
[1833.268s][info][gc,heap        ] GC(411) ParOldGen: 3106126K(3106304K)->3202910K(3203072K)
[1833.268s][info][gc,metaspace   ] GC(411) Metaspace: 29051K(29376K)->29051K(29376K) NonClass: 25948K(26112K)->25948K(26112K) Class: 3103K(3264K)->3103K(3264K)
[1833.268s][info][gc             ] GC(411) Pause Young (Allocation Failure) 5237M->3255M(5540M) 86.292ms
[1833.268s][info][gc,cpu         ] GC(411) User=0.48s Sys=0.03s Real=0.08s
.|......[1840.597s][info][gc,start       ] GC(412) Pause Young (Allocation Failure)
[1840.689s][info][gc,heap        ] GC(412) PSYoungGen: 2302304K(2470400K)->142292K(2463744K) Eden: 2171392K(2171392K)->0K(2171392K) From: 130912K(299008K)->142292K(292352K)
[1840.689s][info][gc,heap        ] GC(412) ParOldGen: 3202910K(3203072K)->3298790K(3298816K)
[1840.689s][info][gc,metaspace   ] GC(412) Metaspace: 29052K(29376K)->29052K(29376K) NonClass: 25948K(26112K)->25948K(26112K) Class: 3103K(3264K)->3103K(3264K)
[1840.689s][info][gc             ] GC(412) Pause Young (Allocation Failure) 5376M->3360M(5627M) 91.592ms
[1840.689s][info][gc,cpu         ] GC(412) User=0.51s Sys=0.04s Real=0.09s
.......[1847.882s][info][gc,start       ] GC(413) Pause Young (Allocation Failure)
[1847.970s][info][gc,heap        ] GC(413) PSYoungGen: 2313684K(2463744K)->131744K(2493952K) Eden: 2171392K(2171392K)->0K(2214400K) From: 142292K(292352K)->131744K(279552K)
[1847.970s][info][gc,heap        ] GC(413) ParOldGen: 3298790K(3298816K)->3397550K(3397632K)
[1847.970s][info][gc,metaspace   ] GC(413) Metaspace: 29052K(29376K)->29052K(29376K) NonClass: 25949K(26112K)->25949K(26112K) Class: 3103K(3264K)->3103K(3264K)
[1847.970s][info][gc             ] GC(413) Pause Young (Allocation Failure) 5480M->3446M(5753M) 88.230ms
[1847.970s][info][gc,cpu         ] GC(413) User=0.48s Sys=0.03s Real=0.08s
........[1855.280s][info][gc,start       ] GC(414) Pause Young (Allocation Failure)
[1855.369s][info][gc,heap        ] GC(414) PSYoungGen: 2346144K(2493952K)->135232K(2484224K) Eden: 2214400K(2214400K)->0K(2214400K) From: 131744K(279552K)->135232K(269824K)
[1855.369s][info][gc,heap        ] GC(414) ParOldGen: 3397550K(3397632K)->3494950K(3495424K)
[1855.369s][info][gc,metaspace   ] GC(414) Metaspace: 29052K(29376K)->29052K(29376K) NonClass: 25949K(26112K)->25949K(26112K) Class: 3103K(3264K)->3103K(3264K)
[1855.369s][info][gc             ] GC(414) Pause Young (Allocation Failure) 5609M->3545M(5839M) 88.450ms
[1855.369s][info][gc,cpu         ] GC(414) User=0.49s Sys=0.03s Real=0.08s
.......[1862.820s][info][gc,start       ] GC(415) Pause Young (Allocation Failure)
[1862.909s][info][gc,heap        ] GC(415) PSYoungGen: 2349632K(2484224K)->136608K(2515968K) Eden: 2214400K(2214400K)->0K(2255872K) From: 135232K(269824K)->136608K(260096K)
[1862.910s][info][gc,heap        ] GC(415) ParOldGen: 3494950K(3495424K)->3592942K(3593216K)
[1862.910s][info][gc,metaspace   ] GC(415) Metaspace: 29052K(29376K)->29052K(29376K) NonClass: 25949K(26112K)->25949K(26112K) Class: 3103K(3264K)->3103K(3264K)
[1862.910s][info][gc             ] GC(415) Pause Young (Allocation Failure) 5707M->3642M(5966M) 89.988ms
[1862.910s][info][gc,cpu         ] GC(415) User=0.50s Sys=0.03s Real=0.09s
........[1870.420s][info][gc,start       ] GC(416) Pause Young (Allocation Failure)
[1870.510s][info][gc,heap        ] GC(416) PSYoungGen: 2392480K(2515968K)->138880K(2506752K) Eden: 2255872K(2255872K)->0K(2255872K) From: 136608K(260096K)->138880K(250880K)
[1870.510s][info][gc,heap        ] GC(416) ParOldGen: 3592942K(3593216K)->3692918K(3693056K)
[1870.510s][info][gc,metaspace   ] GC(416) Metaspace: 29052K(29376K)->29052K(29376K) NonClass: 25949K(26112K)->25949K(26112K) Class: 3103K(3264K)->3103K(3264K)
[1870.510s][info][gc             ] GC(416) Pause Young (Allocation Failure) 5845M->3741M(6054M) 90.112ms
[1870.510s][info][gc,cpu         ] GC(416) User=0.49s Sys=0.04s Real=0.09s
.......[1877.960s][info][gc,start       ] GC(417) Pause Young (Allocation Failure)
[1878.049s][info][gc,heap        ] GC(417) PSYoungGen: 2394752K(2506752K)->135136K(2534400K) Eden: 2255872K(2255872K)->0K(2292736K) From: 138880K(250880K)->135136K(241664K)
[1878.049s][info][gc,heap        ] GC(417) ParOldGen: 3692918K(3693056K)->3792694K(3792896K)
[1878.049s][info][gc,metaspace   ] GC(417) Metaspace: 29052K(29376K)->29052K(29376K) NonClass: 25949K(26112K)->25949K(26112K) Class: 3103K(3264K)->3103K(3264K)
[1878.049s][info][gc             ] GC(417) Pause Young (Allocation Failure) 5944M->3835M(6179M) 88.717ms
[1878.049s][info][gc,cpu         ] GC(417) User=0.49s Sys=0.03s Real=0.08s
........[1885.781s][info][gc,start       ] GC(418) Pause Young (Allocation Failure)
[1885.874s][info][gc,heap        ] GC(418) PSYoungGen: 2427872K(2534400K)->144461K(2526720K) Eden: 2292736K(2292736K)->0K(2292736K) From: 135136K(241664K)->144461K(233984K)
[1885.874s][info][gc,heap        ] GC(418) ParOldGen: 3792694K(3792896K)->3889918K(3890176K)
[1885.874s][info][gc,metaspace   ] GC(418) Metaspace: 29052K(29376K)->29052K(29376K) NonClass: 25949K(26112K)->25949K(26112K) Class: 3103K(3264K)->3103K(3264K)
[1885.874s][info][gc             ] GC(418) Pause Young (Allocation Failure) 6074M->3939M(6266M) 93.042ms
[1885.874s][info][gc,cpu         ] GC(418) User=0.52s Sys=0.03s Real=0.09s
........[1893.525s][info][gc,start       ] GC(419) Pause Young (Allocation Failure)
[1893.617s][info][gc,heap        ] GC(419) PSYoungGen: 2437197K(2526720K)->139840K(2552320K) Eden: 2292736K(2292736K)->0K(2327552K) From: 144461K(233984K)->139840K(224768K)
[1893.617s][info][gc,heap        ] GC(419) ParOldGen: 3889918K(3890176K)->3991598K(3992064K)
[1893.617s][info][gc,metaspace   ] GC(419) Metaspace: 29052K(29376K)->29052K(29376K) NonClass: 25949K(26112K)->25949K(26112K) Class: 3103K(3264K)->3103K(3264K)
[1893.617s][info][gc             ] GC(419) Pause Young (Allocation Failure) 6178M->4034M(6391M) 92.170ms
[1893.617s][info][gc,cpu         ] GC(419) User=0.51s Sys=0.03s Real=0.09s
. (rIR:aIR:PR = 2076:2078:2078) (tPR = 30998) [OK] 
  1893s: Performance info:
         Transaction,    Success,    Partial,     Failed,   Receipts, AvgBarcode, 
             Overall,     124745,          0,          0,     118500,      59.47, 
         Response times:
             Request,    Success,    Partial,     Failed,   SkipFail,     Probes,    Samples,      min,      p50,      p90,      p95,      p99,      max, 
       TotalPurchase,     118496,          0,          0,          0,     115940,     125004,      300,     1800,     2700,     3000,     6300,    99000,
     InStorePurchase,      62363,          0,          0,          0,      61355,      66163,      300,     1800,     2700,     3000,     6400,    99000,
      OnlinePurchase,      43644,          0,          0,          0,      42536,      45647,      300,     1900,     2700,     3000,     6400,    99000,
        InstPurchase,      12489,          0,          0,          0,      12049,      13194,      400,     1700,     2600,     2900,     5705,    97000,
          AssocOfCat,        127,          0,          0,          0,         88,        129,    16600,    21000,    28000,    32000,   124000,   127000,
      AssocOfProduct,       1243,          0,          0,          0,       1092,       1275,      500,     2200,     2900,     3200,     4248,    12100,
      BusinessReport,        312,          0,          0,          0,        243,        309,    21000,    29000,    34000,    39000,    47700,    61000,
          CustBuyBeh,       1253,          0,          0,          0,       1129,       1326,      200,      700,     1400,     1900,     2873,     5300,
       ProductReturn,       3309,          0,          0,          0,       3094,       3496,      200,     1100,     2400,     2700,     3803,    15700,

  1893s: (16%)   IR =   2214 ......|[1900.919s][info][gc,start       ] GC(420) Pause Young (Allocation Failure)
[1901.013s][info][gc,heap        ] GC(420) PSYoungGen: 2467392K(2552320K)->145600K(2545152K) Eden: 2327552K(2327552K)->0K(2327552K) From: 139840K(224768K)->145600K(217600K)
[1901.013s][info][gc,heap        ] GC(420) ParOldGen: 3991598K(3992064K)->4091526K(4091904K)
[1901.013s][info][gc,metaspace   ] GC(420) Metaspace: 29054K(29376K)->29054K(29376K) NonClass: 25951K(26112K)->25951K(26112K) Class: 3103K(3264K)->3103K(3264K)
[1901.013s][info][gc             ] GC(420) Pause Young (Allocation Failure) 6307M->4137M(6481M) 94.312ms
[1901.013s][info][gc,cpu         ] GC(420) User=0.53s Sys=0.03s Real=0.10s
........[1908.361s][info][gc,start       ] GC(421) Pause Young (Allocation Failure)
[1908.458s][info][gc,heap        ] GC(421) PSYoungGen: 2473152K(2545152K)->142816K(2571264K) Eden: 2327552K(2327552K)->0K(2360320K) From: 145600K(217600K)->142816K(210944K)
[1908.458s][info][gc,heap        ] GC(421) ParOldGen: 4091526K(4091904K)->4192886K(4193280K)
[1908.458s][info][gc,metaspace   ] GC(421) Metaspace: 29054K(29376K)->29054K(29376K) NonClass: 25951K(26112K)->25951K(26112K) Class: 3103K(3264K)->3103K(3264K)
[1908.458s][info][gc             ] GC(421) Pause Young (Allocation Failure) 6410M->4234M(6606M) 96.979ms
[1908.458s][info][gc,cpu         ] GC(421) User=0.50s Sys=0.06s Real=0.09s
.......[1915.824s][info][gc,start       ] GC(422) Pause Young (Allocation Failure)
[1915.921s][info][gc,heap        ] GC(422) PSYoungGen: 2503136K(2571264K)->151072K(2564608K) Eden: 2360320K(2360320K)->0K(2360320K) From: 142816K(210944K)->151072K(204288K)
[1915.921s][info][gc,heap        ] GC(422) ParOldGen: 4192886K(4193280K)->4295094K(4295168K)
[1915.921s][info][gc,metaspace   ] GC(422) Metaspace: 29054K(29376K)->29054K(29376K) NonClass: 25951K(26112K)->25951K(26112K) Class: 3103K(3264K)->3103K(3264K)
[1915.921s][info][gc             ] GC(422) Pause Young (Allocation Failure) 6539M->4341M(6699M) 96.957ms
[1915.921s][info][gc,cpu         ] GC(422) User=0.54s Sys=0.03s Real=0.10s
........[1923.307s][info][gc,start       ] GC(423) Pause Young (Allocation Failure)
[1923.408s][info][gc,heap        ] GC(423) PSYoungGen: 2511392K(2564608K)->145942K(2586624K) Eden: 2360320K(2360320K)->0K(2385920K) From: 151072K(204288K)->145942K(200704K)
[1923.408s][info][gc,heap        ] GC(423) ParOldGen: 4295094K(4295168K)->4397606K(4398080K)
[1923.408s][info][gc,metaspace   ] GC(423) Metaspace: 29054K(29376K)->29054K(29376K) NonClass: 25951K(26112K)->25951K(26112K) Class: 3103K(3264K)->3103K(3264K)
[1923.408s][info][gc             ] GC(423) Pause Young (Allocation Failure) 6646M->4437M(6821M) 101.132ms
[1923.408s][info][gc,cpu         ] GC(423) User=0.56s Sys=0.03s Real=0.10s
.......[1930.860s][info][gc,start       ] GC(424) Pause Young (Allocation Failure)
[1930.958s][info][gc,heap        ] GC(424) PSYoungGen: 2531862K(2586624K)->150005K(2582016K) Eden: 2385920K(2385920K)->0K(2385920K) From: 145942K(200704K)->150005K(196096K)
[1930.958s][info][gc,heap        ] GC(424) ParOldGen: 4397606K(4398080K)->4500430K(4500480K)
[1930.958s][info][gc,metaspace   ] GC(424) Metaspace: 29054K(29376K)->29054K(29376K) NonClass: 25951K(26112K)->25951K(26112K) Class: 3103K(3264K)->3103K(3264K)
[1930.958s][info][gc             ] GC(424) Pause Young (Allocation Failure) 6767M->4541M(6916M) 97.777ms
[1930.958s][info][gc,cpu         ] GC(424) User=0.55s Sys=0.02s Real=0.10s
........[1938.510s][info][gc,start       ] GC(425) Pause Young (Allocation Failure)
[1938.607s][info][gc,heap        ] GC(425) PSYoungGen: 2535925K(2582016K)->145504K(2595328K) Eden: 2385920K(2385920K)->0K(2403840K) From: 150005K(196096K)->145504K(191488K)
[1938.607s][info][gc,heap        ] GC(425) ParOldGen: 4500430K(4500480K)->4603878K(4603904K)
[1938.607s][info][gc,metaspace   ] GC(425) Metaspace: 29054K(29376K)->29054K(29376K) NonClass: 25951K(26112K)->25951K(26112K) Class: 3103K(3264K)->3103K(3264K)
[1938.607s][info][gc             ] GC(425) Pause Young (Allocation Failure) 6871M->4638M(7030M) 97.534ms
[1938.607s][info][gc,cpu         ] GC(425) User=0.53s Sys=0.04s Real=0.10s
........[1946.158s][info][gc,start       ] GC(426) Pause Young (Allocation Failure)
[1946.254s][info][gc,heap        ] GC(426) PSYoungGen: 2549344K(2595328K)->145536K(2591744K) Eden: 2403840K(2403840K)->0K(2403840K) From: 145504K(191488K)->145536K(187904K)
[1946.254s][info][gc,heap        ] GC(426) ParOldGen: 4603878K(4603904K)->4706166K(4706304K)
[1946.254s][info][gc,metaspace   ] GC(426) Metaspace: 29054K(29376K)->29054K(29376K) NonClass: 25951K(26112K)->25951K(26112K) Class: 3103K(3264K)->3103K(3264K)
[1946.254s][info][gc             ] GC(426) Pause Young (Allocation Failure) 6985M->4737M(7127M) 96.078ms
[1946.254s][info][gc,cpu         ] GC(426) User=0.54s Sys=0.03s Real=0.10s
......[1952.784s][info][gc,start       ] GC(427) Pause Full (Diagnostic Command)
[1952.784s][info][gc,phases,start] GC(427) Marking Phase
[1953.081s][info][gc,phases      ] GC(427) Marking Phase 296.575ms
[1953.081s][info][gc,phases,start] GC(427) Summary Phase
[1953.081s][info][gc,phases      ] GC(427) Summary Phase 0.085ms
[1953.081s][info][gc,phases,start] GC(427) Forward
[1953.260s][info][gc,phases      ] GC(427) Forward 178.869ms
[1953.260s][info][gc,phases,start] GC(427) Adjust Pointers
[1953.479s][info][gc,phases      ] GC(427) Adjust Pointers 218.665ms
[1953.479s][info][gc,phases,start] GC(427) Compaction Phase
[1953.675s][info][gc,phases      ] GC(427) Compaction Phase 195.752ms
[1953.676s][info][gc,phases,start] GC(427) Post Compact
[1953.682s][info][gc,phases      ] GC(427) Post Compact 6.028ms
[1953.682s][info][gc,heap        ] GC(427) PSYoungGen: 2267926K(2591744K)->0K(2591744K) Eden: 2122390K(2403840K)->0K(2403840K) From: 145536K(187904K)->0K(187904K)
[1953.682s][info][gc,heap        ] GC(427) ParOldGen: 4706166K(4706304K)->1317994K(4706304K)
[1953.682s][info][gc,metaspace   ] GC(427) Metaspace: 29054K(29376K)->29054K(29376K) NonClass: 25951K(26112K)->25951K(26112K) Class: 3103K(3264K)->3103K(3264K)
[1953.682s][info][gc             ] GC(427) Pause Full (Diagnostic Command) 6810M->1287M(7127M) 898.021ms
[1953.682s][info][gc,cpu         ] GC(427) User=4.74s Sys=0.01s Real=0.90s
.......[1960.433s][info][gc,start       ] GC(428) Pause Young (Allocation Failure)
[1960.495s][info][gc,heap        ] GC(428) PSYoungGen: 2403840K(2591744K)->146304K(2604032K) Eden: 2403840K(2403840K)->0K(2420224K) From: 0K(187904K)->146304K(183808K)
[1960.495s][info][gc,heap        ] GC(428) ParOldGen: 1317994K(4706304K)->1317994K(4706304K)
[1960.495s][info][gc,metaspace   ] GC(428) Metaspace: 29054K(29376K)->29054K(29376K) NonClass: 25951K(26112K)->25951K(26112K) Class: 3103K(3264K)->3103K(3264K)
[1960.495s][info][gc             ] GC(428) Pause Young (Allocation Failure) 3634M->1429M(7139M) 62.459ms
[1960.495s][info][gc,cpu         ] GC(428) User=0.36s Sys=0.02s Real=0.06s
. (rIR:aIR:PR = 2214:2214:2214) (tPR = 32933) [OK] 
  1960s: Performance info:
         Transaction,    Success,    Partial,     Failed,   Receipts, AvgBarcode, 
             Overall,     134195,          0,          0,     127491,      59.48, 
         Response times:
             Request,    Success,    Partial,     Failed,   SkipFail,     Probes,    Samples,      min,      p50,      p90,      p95,      p99,      max, 
       TotalPurchase,     127485,          0,          0,          0,     123717,     138260,      300,     1900,     2900,     3400,    88000,   177000,
     InStorePurchase,      67076,          0,          0,          0,      65318,      72819,      300,     1900,     2900,     3400,    89000,   177000,
      OnlinePurchase,      46975,          0,          0,          0,      45743,      51140,      300,     1800,     2900,     3400,    85000,   177000,
        InstPurchase,      13434,          0,          0,          0,      12656,      14301,      400,     2000,     3000,     3400,    92000,   177000,
          AssocOfCat,        134,          0,          0,          0,        103,        154,    17600,    24000,    31000,    35250,   132700,   136000,
      AssocOfProduct,       1344,          0,          0,          0,       1138,       1405,      400,     2100,     2900,     3300,   127000,   131000,
      BusinessReport,        333,          0,          0,          0,        263,        376,    22000,    30000,    35000,    39150,   179000,   186000,
          CustBuyBeh,       1339,          0,          0,          0,       1182,       1452,      200,     1900,     2800,     3200,   124000,   129000,
       ProductReturn,       3562,          0,          0,          0,       3285,       3898,      300,     2100,     2900,     3300,   122000,   177000,

  1960s: (17%)   IR =   2352 .......[1967.795s][info][gc,start       ] GC(429) Pause Young (Allocation Failure)
[1967.886s][info][gc,heap        ] GC(429) PSYoungGen: 2566528K(2604032K)->180192K(2600448K) Eden: 2420224K(2420224K)->0K(2420224K) From: 146304K(183808K)->180192K(180224K)
[1967.886s][info][gc,heap        ] GC(429) ParOldGen: 1317994K(4706304K)->1394802K(4706304K)
[1967.886s][info][gc,metaspace   ] GC(429) Metaspace: 29054K(29376K)->29054K(29376K) NonClass: 25951K(26112K)->25951K(26112K) Class: 3103K(3264K)->3103K(3264K)
[1967.886s][info][gc             ] GC(429) Pause Young (Allocation Failure) 3793M->1538M(7135M) 90.807ms
[1967.886s][info][gc,cpu         ] GC(429) User=0.54s Sys=0.00s Real=0.09s
.|......[1974.941s][info][gc,start       ] GC(430) Pause Young (Allocation Failure)
[1975.036s][info][gc,heap        ] GC(430) PSYoungGen: 2600416K(2600448K)->145888K(2563584K) Eden: 2420224K(2420224K)->0K(2368000K) From: 180192K(180224K)->145888K(195584K)
[1975.036s][info][gc,heap        ] GC(430) ParOldGen: 1394802K(4706304K)->1521410K(4706304K)
[1975.036s][info][gc,metaspace   ] GC(430) Metaspace: 29054K(29376K)->29054K(29376K) NonClass: 25951K(26112K)->25951K(26112K) Class: 3103K(3264K)->3103K(3264K)
[1975.036s][info][gc             ] GC(430) Pause Young (Allocation Failure) 3901M->1628M(7099M) 95.745ms
[1975.036s][info][gc,cpu         ] GC(430) User=0.57s Sys=0.00s Real=0.09s
.......[1982.024s][info][gc,start       ] GC(431) Pause Young (Allocation Failure)
[1982.115s][info][gc,heap        ] GC(431) PSYoungGen: 2513888K(2563584K)->147988K(2582016K) Eden: 2368000K(2368000K)->0K(2368000K) From: 145888K(195584K)->147988K(214016K)
[1982.115s][info][gc,heap        ] GC(431) ParOldGen: 1521410K(4706304K)->1627002K(4706304K)
[1982.115s][info][gc,metaspace   ] GC(431) Metaspace: 29054K(29376K)->29054K(29376K) NonClass: 25951K(26112K)->25951K(26112K) Class: 3103K(3264K)->3103K(3264K)
[1982.115s][info][gc             ] GC(431) Pause Young (Allocation Failure) 3940M->1733M(7117M) 91.242ms
[1982.115s][info][gc,cpu         ] GC(431) User=0.54s Sys=0.00s Real=0.09s
.......[1989.096s][info][gc,start       ] GC(432) Pause Young (Allocation Failure)
[1989.186s][info][gc,heap        ] GC(432) PSYoungGen: 2515988K(2582016K)->148672K(2568192K) Eden: 2368000K(2368000K)->0K(2372608K) From: 147988K(214016K)->148672K(195584K)
[1989.186s][info][gc,heap        ] GC(432) ParOldGen: 1627002K(4706304K)->1727986K(4706304K)
[1989.186s][info][gc,metaspace   ] GC(432) Metaspace: 29054K(29376K)->29054K(29376K) NonClass: 25951K(26112K)->25951K(26112K) Class: 3103K(3264K)->3103K(3264K)
[1989.186s][info][gc             ] GC(432) Pause Young (Allocation Failure) 4045M->1832M(7104M) 89.675ms
[1989.186s][info][gc,cpu         ] GC(432) User=0.54s Sys=0.00s Real=0.09s
.......[1996.193s][info][gc,start       ] GC(433) Pause Young (Allocation Failure)
[1996.281s][info][gc,heap        ] GC(433) PSYoungGen: 2521280K(2568192K)->143744K(2577408K) Eden: 2372608K(2372608K)->0K(2372608K) From: 148672K(195584K)->143744K(204800K)
[1996.281s][info][gc,heap        ] GC(433) ParOldGen: 1727986K(4706304K)->1831330K(4706304K)
[1996.281s][info][gc,metaspace   ] GC(433) Metaspace: 29054K(29376K)->29054K(29376K) NonClass: 25951K(26112K)->25951K(26112K) Class: 3103K(3264K)->3103K(3264K)
[1996.281s][info][gc             ] GC(433) Pause Young (Allocation Failure) 4149M->1928M(7113M) 87.571ms
[1996.281s][info][gc,cpu         ] GC(433) User=0.52s Sys=0.00s Real=0.09s
.......[2003.229s][info][gc,start       ] GC(434) Pause Young (Allocation Failure)
[2003.317s][info][gc,heap        ] GC(434) PSYoungGen: 2516352K(2577408K)->142656K(2582016K) Eden: 2372608K(2372608K)->0K(2389504K) From: 143744K(204800K)->142656K(192512K)
[2003.317s][info][gc,heap        ] GC(434) ParOldGen: 1831330K(4706304K)->1933938K(4706304K)
[2003.317s][info][gc,metaspace   ] GC(434) Metaspace: 29054K(29376K)->29054K(29376K) NonClass: 25951K(26112K)->25951K(26112K) Class: 3103K(3264K)->3103K(3264K)
[2003.317s][info][gc             ] GC(434) Pause Young (Allocation Failure) 4245M->2027M(7117M) 87.902ms
[2003.317s][info][gc,cpu         ] GC(434) User=0.52s Sys=0.00s Real=0.09s
.......[2010.308s][info][gc,start       ] GC(435) Pause Young (Allocation Failure)
[2010.396s][info][gc,heap        ] GC(435) PSYoungGen: 2532160K(2582016K)->144672K(2588160K) Eden: 2389504K(2389504K)->0K(2389504K) From: 142656K(192512K)->144672K(198656K)
[2010.396s][info][gc,heap        ] GC(435) ParOldGen: 1933938K(4706304K)->2035602K(4706304K)
[2010.396s][info][gc,metaspace   ] GC(435) Metaspace: 29054K(29376K)->29054K(29376K) NonClass: 25951K(26112K)->25951K(26112K) Class: 3103K(3264K)->3103K(3264K)
[2010.396s][info][gc             ] GC(435) Pause Young (Allocation Failure) 4361M->2129M(7123M) 87.686ms
[2010.396s][info][gc,cpu         ] GC(435) User=0.52s Sys=0.00s Real=0.09s
.......[2017.493s][info][gc,start       ] GC(436) Pause Young (Allocation Failure)
[2017.584s][info][gc,heap        ] GC(436) PSYoungGen: 2534176K(2588160K)->148672K(2587648K) Eden: 2389504K(2389504K)->0K(2402304K) From: 144672K(198656K)->148672K(185344K)
[2017.584s][info][gc,heap        ] GC(436) ParOldGen: 2035602K(4706304K)->2138514K(4706304K)
[2017.584s][info][gc,metaspace   ] GC(436) Metaspace: 29054K(29376K)->29054K(29376K) NonClass: 25951K(26112K)->25951K(26112K) Class: 3103K(3264K)->3103K(3264K)
[2017.584s][info][gc             ] GC(436) Pause Young (Allocation Failure) 4462M->2233M(7123M) 91.344ms
[2017.584s][info][gc,cpu         ] GC(436) User=0.54s Sys=0.00s Real=0.09s
.......[2024.552s][info][gc,start       ] GC(437) Pause Young (Allocation Failure)
[2024.641s][info][gc,heap        ] GC(437) PSYoungGen: 2550976K(2587648K)->145376K(2593792K) Eden: 2402304K(2402304K)->0K(2402304K) From: 148672K(185344K)->145376K(191488K)
[2024.641s][info][gc,heap        ] GC(437) ParOldGen: 2138514K(4706304K)->2242122K(4706304K)
[2024.641s][info][gc,metaspace   ] GC(437) Metaspace: 29054K(29376K)->29054K(29376K) NonClass: 25951K(26112K)->25951K(26112K) Class: 3103K(3264K)->3103K(3264K)
[2024.641s][info][gc             ] GC(437) Pause Young (Allocation Failure) 4579M->2331M(7129M) 88.640ms
[2024.641s][info][gc,cpu         ] GC(437) User=0.52s Sys=0.00s Real=0.09s
..... (rIR:aIR:PR = 2352:2352:2352) (tPR = 34881) [OK] 
  2028s: Performance info:
         Transaction,    Success,    Partial,     Failed,   Receipts, AvgBarcode, 
             Overall,     141207,          0,          0,     134150,      59.48, 
         Response times:
             Request,    Success,    Partial,     Failed,   SkipFail,     Probes,    Samples,      min,      p50,      p90,      p95,      p99,      max, 
       TotalPurchase,     134150,          0,          0,          0,     130592,     149742,      200,     2000,     3000,     3400,     6700,   100000,
     InStorePurchase,      70584,          0,          0,          0,      68871,      78828,      200,     1900,     3000,     3400,     6300,   100000,
      OnlinePurchase,      49453,          0,          0,          0,      48201,      55231,      300,     2100,     3100,     3400,     7100,   100000,
        InstPurchase,      14113,          0,          0,          0,      13520,      15683,      400,     1800,     2800,     3100,     6916,    95000,
          AssocOfCat,        141,          0,          0,          0,        100,        171,    15800,    22000,    30000,    32400,    67280,   122000,
      AssocOfProduct,       1414,          0,          0,          0,       1269,       1625,      400,     2200,     3100,     3600,     7744,    91000,
      BusinessReport,        352,          0,          0,          0,        271,        399,    23000,    30000,    35000,    40000,   119000,   132000,
          CustBuyBeh,       1421,          0,          0,          0,       1257,       1549,      500,     2400,     3100,     3400,     9150,    92000,
       ProductReturn,       3729,          0,          0,          0,       3474,       4164,      200,     1400,     2800,     3200,     5200,    98000,

  2028s: (18%)   IR =   2491 ..[2031.651s][info][gc,start       ] GC(438) Pause Young (Allocation Failure)
[2031.744s][info][gc,heap        ] GC(438) PSYoungGen: 2547680K(2593792K)->149599K(2594304K) Eden: 2402304K(2402304K)->0K(2416128K) From: 145376K(191488K)->149599K(178176K)
[2031.744s][info][gc,heap        ] GC(438) ParOldGen: 2242122K(4706304K)->2344338K(4706304K)
[2031.744s][info][gc,metaspace   ] GC(438) Metaspace: 29054K(29376K)->29054K(29376K) NonClass: 25951K(26112K)->25951K(26112K) Class: 3103K(3264K)->3103K(3264K)
[2031.744s][info][gc             ] GC(438) Pause Young (Allocation Failure) 4677M->2435M(7129M) 92.674ms
[2031.744s][info][gc,cpu         ] GC(438) User=0.54s Sys=0.01s Real=0.09s
.....|..[2038.473s][info][gc,start       ] GC(439) Pause Young (Allocation Failure)
[2038.562s][info][gc,heap        ] GC(439) PSYoungGen: 2565727K(2594304K)->147776K(2600960K) Eden: 2416128K(2416128K)->0K(2416128K) From: 149599K(178176K)->147776K(184832K)
[2038.562s][info][gc,heap        ] GC(439) ParOldGen: 2344338K(4706304K)->2449106K(4706304K)
[2038.562s][info][gc,metaspace   ] GC(439) Metaspace: 29054K(29376K)->29054K(29376K) NonClass: 25951K(26112K)->25951K(26112K) Class: 3103K(3264K)->3103K(3264K)
[2038.562s][info][gc             ] GC(439) Pause Young (Allocation Failure) 4794M->2536M(7136M) 89.097ms
[2038.562s][info][gc,cpu         ] GC(439) User=0.53s Sys=0.00s Real=0.09s
.......[2045.194s][info][gc,start       ] GC(440) Pause Young (Allocation Failure)
[2045.285s][info][gc,heap        ] GC(440) PSYoungGen: 2563904K(2600960K)->145824K(2603008K) Eden: 2416128K(2416128K)->0K(2429440K) From: 147776K(184832K)->145824K(173568K)
[2045.285s][info][gc,heap        ] GC(440) ParOldGen: 2449106K(4706304K)->2554042K(4706304K)
[2045.285s][info][gc,metaspace   ] GC(440) Metaspace: 29054K(29376K)->29054K(29376K) NonClass: 25951K(26112K)->25951K(26112K) Class: 3103K(3264K)->3103K(3264K)
[2045.285s][info][gc             ] GC(440) Pause Young (Allocation Failure) 4895M->2636M(7138M) 91.257ms
[2045.285s][info][gc,cpu         ] GC(440) User=0.53s Sys=0.00s Real=0.09s
.......[2052.073s][info][gc,start       ] GC(441) Pause Young (Allocation Failure)
[2052.164s][info][gc,heap        ] GC(441) PSYoungGen: 2575264K(2603008K)->146432K(2608640K) Eden: 2429440K(2429440K)->0K(2429440K) From: 145824K(173568K)->146432K(179200K)
[2052.164s][info][gc,heap        ] GC(441) ParOldGen: 2554042K(4706304K)->2657842K(4706304K)
[2052.164s][info][gc,metaspace   ] GC(441) Metaspace: 29054K(29376K)->29054K(29376K) NonClass: 25951K(26112K)->25951K(26112K) Class: 3103K(3264K)->3103K(3264K)
[2052.164s][info][gc             ] GC(441) Pause Young (Allocation Failure) 5009M->2738M(7143M) 90.282ms
[2052.164s][info][gc,cpu         ] GC(441) User=0.54s Sys=0.00s Real=0.09s
.......[2059.014s][info][gc,start       ] GC(442) Pause Young (Allocation Failure)
[2059.106s][info][gc,heap        ] GC(442) PSYoungGen: 2575872K(2608640K)->148448K(2609664K) Eden: 2429440K(2429440K)->0K(2439680K) From: 146432K(179200K)->148448K(169984K)
[2059.106s][info][gc,heap        ] GC(442) ParOldGen: 2657842K(4706304K)->2761458K(4706304K)
[2059.106s][info][gc,metaspace   ] GC(442) Metaspace: 29054K(29376K)->29054K(29376K) NonClass: 25951K(26112K)->25951K(26112K) Class: 3103K(3264K)->3103K(3264K)
[2059.106s][info][gc             ] GC(442) Pause Young (Allocation Failure) 5111M->2841M(7144M) 92.634ms
[2059.106s][info][gc,cpu         ] GC(442) User=0.53s Sys=0.01s Real=0.09s
......[2065.675s][info][gc,start       ] GC(443) Pause Young (Allocation Failure)
[2065.765s][info][gc,heap        ] GC(443) PSYoungGen: 2588128K(2609664K)->145760K(2614272K) Eden: 2439680K(2439680K)->0K(2439680K) From: 148448K(169984K)->145760K(174592K)
[2065.765s][info][gc,heap        ] GC(443) ParOldGen: 2761458K(4706304K)->2867386K(4706304K)
[2065.765s][info][gc,metaspace   ] GC(443) Metaspace: 29054K(29376K)->29054K(29376K) NonClass: 25951K(26112K)->25951K(26112K) Class: 3103K(3264K)->3103K(3264K)
[2065.765s][info][gc             ] GC(443) Pause Young (Allocation Failure) 5224M->2942M(7149M) 90.122ms
[2065.765s][info][gc,cpu         ] GC(443) User=0.54s Sys=0.00s Real=0.09s
.......[2072.635s][info][gc,start       ] GC(444) Pause Young (Allocation Failure)
[2072.727s][info][gc,heap        ] GC(444) PSYoungGen: 2585440K(2614272K)->150848K(2616320K) Eden: 2439680K(2439680K)->0K(2448896K) From: 145760K(174592K)->150848K(167424K)
[2072.727s][info][gc,heap        ] GC(444) ParOldGen: 2867386K(4706304K)->2968282K(4706304K)
[2072.727s][info][gc,metaspace   ] GC(444) Metaspace: 29054K(29376K)->29054K(29376K) NonClass: 25951K(26112K)->25951K(26112K) Class: 3103K(3264K)->3103K(3264K)
[2072.727s][info][gc             ] GC(444) Pause Young (Allocation Failure) 5325M->3046M(7151M) 91.958ms
[2072.727s][info][gc,cpu         ] GC(444) User=0.54s Sys=0.00s Real=0.09s
.......[2079.473s][info][gc,start       ] GC(445) Pause Young (Allocation Failure)
[2079.568s][info][gc,heap        ] GC(445) PSYoungGen: 2599744K(2616320K)->154325K(2619904K) Eden: 2448896K(2448896K)->0K(2448896K) From: 150848K(167424K)->154325K(171008K)
[2079.568s][info][gc,heap        ] GC(445) ParOldGen: 2968282K(4706304K)->3073242K(4706304K)
[2079.568s][info][gc,metaspace   ] GC(445) Metaspace: 29054K(29376K)->29054K(29376K) NonClass: 25951K(26112K)->25951K(26112K) Class: 3103K(3264K)->3103K(3264K)
[2079.568s][info][gc             ] GC(445) Pause Young (Allocation Failure) 5437M->3151M(7154M) 94.129ms
[2079.568s][info][gc,cpu         ] GC(445) User=0.56s Sys=0.00s Real=0.09s
.......[2086.496s][info][gc,start       ] GC(446) Pause Young (Allocation Failure)
[2086.587s][info][gc,heap        ] GC(446) PSYoungGen: 2603221K(2619904K)->151872K(2622464K) Eden: 2448896K(2448896K)->0K(2454528K) From: 154325K(171008K)->151872K(167936K)
[2086.587s][info][gc,heap        ] GC(446) ParOldGen: 3073242K(4706304K)->3176106K(4706304K)
[2086.587s][info][gc,metaspace   ] GC(446) Metaspace: 29054K(29376K)->29054K(29376K) NonClass: 25951K(26112K)->25951K(26112K) Class: 3103K(3264K)->3103K(3264K)
[2086.587s][info][gc             ] GC(446) Pause Young (Allocation Failure) 5543M->3249M(7157M) 91.385ms
[2086.587s][info][gc,cpu         ] GC(446) User=0.54s Sys=0.00s Real=0.09s
.......[2093.284s][info][gc,start       ] GC(447) Pause Young (Allocation Failure)
[2093.375s][info][gc,heap        ] GC(447) PSYoungGen: 2606400K(2622464K)->147424K(2624000K) Eden: 2454528K(2454528K)->0K(2454528K) From: 151872K(167936K)->147424K(169472K)
[2093.375s][info][gc,heap        ] GC(447) ParOldGen: 3176106K(4706304K)->3283290K(4706304K)
[2093.375s][info][gc,metaspace   ] GC(447) Metaspace: 29054K(29376K)->29054K(29376K) NonClass: 25951K(26112K)->25951K(26112K) Class: 3103K(3264K)->3103K(3264K)
[2093.375s][info][gc             ] GC(447) Pause Young (Allocation Failure) 5646M->3350M(7158M) 91.578ms
[2093.375s][info][gc,cpu         ] GC(447) User=0.54s Sys=0.00s Real=0.09s
... (rIR:aIR:PR = 2491:2489:2489) (tPR = 36610) [OK] 
  2095s: Performance info:
         Transaction,    Success,    Partial,     Failed,   Receipts, AvgBarcode, 
             Overall,     149426,          0,          0,     141946,      59.47, 
         Response times:
             Request,    Success,    Partial,     Failed,   SkipFail,     Probes,    Samples,      min,      p50,      p90,      p95,      p99,      max, 
       TotalPurchase,     141946,          0,          0,          0,     138928,     155910,      300,     2100,     3200,     3500,     9300,   143000,
     InStorePurchase,      74717,          0,          0,          0,      73424,      82089,      300,     2100,     3200,     3600,     9410,   119000,
      OnlinePurchase,      52282,          0,          0,          0,      51139,      57480,      300,     2000,     3200,     3500,     9300,   143000,
        InstPurchase,      14947,          0,          0,          0,      14365,      16341,      400,     1900,     3100,     3500,     7758,   115000,
          AssocOfCat,        152,          0,          0,          0,        112,        156,    16800,    24000,    29000,    32300,    38150,    41000,
      AssocOfProduct,       1497,          0,          0,          0,       1301,       1593,      400,     2000,     3000,     3400,    15300,    98000,
      BusinessReport,        373,          0,          0,          0,        297,        399,    21000,    29000,    36000,    41000,    56000,   133000,
          CustBuyBeh,       1495,          0,          0,          0,       1302,       1561,      100,     2000,     3300,     3700,    10028,    99000,
       ProductReturn,       3963,          0,          0,          0,       3643,       4228,      200,     2400,     3300,     3600,     9584,   100000,

  2095s: (19%)   IR =   2629 ....|[2099.904s][info][gc,start       ] GC(448) Pause Young (Allocation Failure)
[2099.995s][info][gc,heap        ] GC(448) PSYoungGen: 2601952K(2624000K)->146406K(2624512K) Eden: 2454528K(2454528K)->0K(2458624K) From: 147424K(169472K)->146406K(165888K)
[2099.995s][info][gc,heap        ] GC(448) ParOldGen: 3283290K(4706304K)->3387602K(4706304K)
[2099.995s][info][gc,metaspace   ] GC(448) Metaspace: 29056K(29376K)->29056K(29376K) NonClass: 25953K(26112K)->25953K(26112K) Class: 3103K(3264K)->3103K(3264K)
[2099.995s][info][gc             ] GC(448) Pause Young (Allocation Failure) 5747M->3451M(7159M) 90.884ms
[2099.995s][info][gc,cpu         ] GC(448) User=0.54s Sys=0.00s Real=0.09s
......[2106.562s][info][gc,start       ] GC(449) Pause Young (Allocation Failure)
[2106.655s][info][gc,heap        ] GC(449) PSYoungGen: 2605030K(2624512K)->153920K(2625536K) Eden: 2458624K(2458624K)->0K(2458624K) From: 146406K(165888K)->153920K(166912K)
[2106.655s][info][gc,heap        ] GC(449) ParOldGen: 3387602K(4706304K)->3489002K(4706304K)
[2106.655s][info][gc,metaspace   ] GC(449) Metaspace: 29056K(29376K)->29056K(29376K) NonClass: 25953K(26112K)->25953K(26112K) Class: 3103K(3264K)->3103K(3264K)
[2106.655s][info][gc             ] GC(449) Pause Young (Allocation Failure) 5852M->3557M(7160M) 92.229ms
[2106.655s][info][gc,cpu         ] GC(449) User=0.55s Sys=0.00s Real=0.09s
.......[2113.081s][info][gc,start       ] GC(450) Pause Young (Allocation Failure)
[2113.173s][info][gc,heap        ] GC(450) PSYoungGen: 2612544K(2625536K)->146848K(2626048K) Eden: 2458624K(2458624K)->0K(2462208K) From: 153920K(166912K)->146848K(163840K)
[2113.173s][info][gc,heap        ] GC(450) ParOldGen: 3489002K(4706304K)->3597162K(4706304K)
[2113.173s][info][gc,metaspace   ] GC(450) Metaspace: 29056K(29376K)->29056K(29376K) NonClass: 25953K(26112K)->25953K(26112K) Class: 3103K(3264K)->3103K(3264K)
[2113.173s][info][gc             ] GC(450) Pause Young (Allocation Failure) 5958M->3656M(7160M) 92.882ms
[2113.173s][info][gc,cpu         ] GC(450) User=0.55s Sys=0.00s Real=0.09s
......[2119.740s][info][gc,start       ] GC(451) Pause Young (Allocation Failure)
[2119.833s][info][gc,heap        ] GC(451) PSYoungGen: 2609056K(2626048K)->152224K(2627584K) Eden: 2462208K(2462208K)->0K(2462208K) From: 146848K(163840K)->152224K(165376K)
[2119.833s][info][gc,heap        ] GC(451) ParOldGen: 3597162K(4706304K)->3700898K(4706304K)
[2119.833s][info][gc,metaspace   ] GC(451) Metaspace: 29056K(29376K)->29056K(29376K) NonClass: 25953K(26112K)->25953K(26112K) Class: 3103K(3264K)->3103K(3264K)
[2119.833s][info][gc             ] GC(451) Pause Young (Allocation Failure) 6060M->3762M(7162M) 92.988ms
[2119.833s][info][gc,cpu         ] GC(451) User=0.55s Sys=0.00s Real=0.09s
.......[2126.323s][info][gc,start       ] GC(452) Pause Young (Allocation Failure)
[2126.417s][info][gc,heap        ] GC(452) PSYoungGen: 2614432K(2627584K)->152704K(2629120K) Eden: 2462208K(2462208K)->0K(2465792K) From: 152224K(165376K)->152704K(163328K)
[2126.417s][info][gc,heap        ] GC(452) ParOldGen: 3700898K(4706304K)->3806730K(4706304K)
[2126.417s][info][gc,metaspace   ] GC(452) Metaspace: 29056K(29376K)->29056K(29376K) NonClass: 25953K(26112K)->25953K(26112K) Class: 3103K(3264K)->3103K(3264K)
[2126.417s][info][gc             ] GC(452) Pause Young (Allocation Failure) 6167M->3866M(7163M) 94.757ms
[2126.417s][info][gc,cpu         ] GC(452) User=0.56s Sys=0.00s Real=0.09s
......[2132.731s][info][gc,start       ] GC(453) Pause Young (Allocation Failure)
[2132.826s][info][gc,heap        ] GC(453) PSYoungGen: 2618496K(2629120K)->151904K(2630144K) Eden: 2465792K(2465792K)->0K(2465792K) From: 152704K(163328K)->151904K(164352K)
[2132.826s][info][gc,heap        ] GC(453) ParOldGen: 3806730K(4706304K)->3912418K(4706304K)
[2132.826s][info][gc,metaspace   ] GC(453) Metaspace: 29056K(29376K)->29056K(29376K) NonClass: 25953K(26112K)->25953K(26112K) Class: 3103K(3264K)->3103K(3264K)
[2132.826s][info][gc             ] GC(453) Pause Young (Allocation Failure) 6274M->3969M(7164M) 94.592ms
[2132.826s][info][gc,cpu         ] GC(453) User=0.56s Sys=0.00s Real=0.09s
.......[2139.313s][info][gc,start       ] GC(454) Pause Young (Allocation Failure)
[2139.405s][info][gc,heap        ] GC(454) PSYoungGen: 2617696K(2630144K)->148896K(2629120K) Eden: 2465792K(2465792K)->0K(2467840K) From: 151904K(164352K)->148896K(161280K)
[2139.405s][info][gc,heap        ] GC(454) ParOldGen: 3912418K(4706304K)->4015954K(4706304K)
[2139.405s][info][gc,metaspace   ] GC(454) Metaspace: 29056K(29376K)->29056K(29376K) NonClass: 25953K(26112K)->25953K(26112K) Class: 3103K(3264K)->3103K(3264K)
[2139.405s][info][gc             ] GC(454) Pause Young (Allocation Failure) 6377M->4067M(7163M) 91.678ms
[2139.405s][info][gc,cpu         ] GC(454) User=0.54s Sys=0.00s Real=0.09s
.......[2145.932s][info][gc,start       ] GC(455) Pause Young (Allocation Failure)
[2146.024s][info][gc,heap        ] GC(455) PSYoungGen: 2616736K(2629120K)->147392K(2630656K) Eden: 2467840K(2467840K)->0K(2467840K) From: 148896K(161280K)->147392K(162816K)
[2146.024s][info][gc,heap        ] GC(455) ParOldGen: 4015954K(4706304K)->4120434K(4706304K)
[2146.024s][info][gc,metaspace   ] GC(455) Metaspace: 29056K(29376K)->29056K(29376K) NonClass: 25953K(26112K)->25953K(26112K) Class: 3103K(3264K)->3103K(3264K)
[2146.024s][info][gc             ] GC(455) Pause Young (Allocation Failure) 6477M->4167M(7165M) 91.852ms
[2146.024s][info][gc,cpu         ] GC(455) User=0.54s Sys=0.00s Real=0.09s
......[2152.431s][info][gc,start       ] GC(456) Pause Young (Allocation Failure)
[2152.522s][info][gc,heap        ] GC(456) PSYoungGen: 2615232K(2630656K)->147264K(2631680K) Eden: 2467840K(2467840K)->0K(2471424K) From: 147392K(162816K)->147264K(160256K)
[2152.522s][info][gc,heap        ] GC(456) ParOldGen: 4120434K(4706304K)->4225146K(4706304K)
[2152.522s][info][gc,metaspace   ] GC(456) Metaspace: 29056K(29376K)->29056K(29376K) NonClass: 25953K(26112K)->25953K(26112K) Class: 3103K(3264K)->3103K(3264K)
[2152.522s][info][gc             ] GC(456) Pause Young (Allocation Failure) 6577M->4269M(7166M) 91.605ms
[2152.522s][info][gc,cpu         ] GC(456) User=0.54s Sys=0.00s Real=0.09s
.......[2159.249s][info][gc,start       ] GC(457) Pause Young (Allocation Failure)
[2159.344s][info][gc,heap        ] GC(457) PSYoungGen: 2618688K(2631680K)->154208K(2632704K) Eden: 2471424K(2471424K)->0K(2471424K) From: 147264K(160256K)->154208K(161280K)
[2159.344s][info][gc,heap        ] GC(457) ParOldGen: 4225146K(4706304K)->4327458K(4706304K)
[2159.344s][info][gc,metaspace   ] GC(457) Metaspace: 29056K(29376K)->29056K(29376K) NonClass: 25953K(26112K)->25953K(26112K) Class: 3103K(3264K)->3103K(3264K)
[2159.344s][info][gc             ] GC(457) Pause Young (Allocation Failure) 6683M->4376M(7167M) 94.655ms
[2159.344s][info][gc,cpu         ] GC(457) User=0.56s Sys=0.00s Real=0.10s
. (rIR:aIR:PR = 2629:2629:2629) (tPR = 39100) [OK] 
  2159s: Performance info:
         Transaction,    Success,    Partial,     Failed,   Receipts, AvgBarcode, 
             Overall,     157841,          0,          0,     149957,      59.48, 
         Response times:
             Request,    Success,    Partial,     Failed,   SkipFail,     Probes,    Samples,      min,      p50,      p90,      p95,      p99,      max, 
       TotalPurchase,     149957,          0,          0,          0,     146794,     157622,      300,     2100,     3300,     3600,    10300,   148000,
     InStorePurchase,      78943,          0,          0,          0,      77426,      82990,      300,     2100,     3200,     3600,    10200,   148000,
      OnlinePurchase,      55233,          0,          0,          0,      54104,      57887,      300,     2100,     3300,     3600,    10200,   148000,
        InstPurchase,      15781,          0,          0,          0,      15264,      16745,      400,     2500,     3400,     3800,    11400,   124000,
          AssocOfCat,        157,          0,          0,          0,        120,        173,    17700,    26000,    33000,    36000,    70860,   116000,
      AssocOfProduct,       1572,          0,          0,          0,       1425,       1696,      500,     2300,     3400,     3800,    11303,   101000,
      BusinessReport,        392,          0,          0,          0,        306,        397,    19900,    31000,    38000,    44000,    66320,   161000,
          CustBuyBeh,       1583,          0,          0,          0,       1413,       1652,      300,     1700,     3200,     3500,     4741,   102000,
       ProductReturn,       4180,          0,          0,          0,       3939,       4421,      200,     2300,     3400,     3700,    14078,   104000,

  2159s: (20%)   IR =   2767 .....[2165.341s][info][gc,start       ] GC(458) Pause Young (Allocation Failure)
[2165.433s][info][gc,heap        ] GC(458) PSYoungGen: 2625632K(2632704K)->144448K(2634240K) Eden: 2471424K(2471424K)->0K(2472448K) From: 154208K(161280K)->144448K(161792K)
[2165.433s][info][gc,heap        ] GC(458) ParOldGen: 4327458K(4706304K)->4436914K(4706304K)
[2165.433s][info][gc,metaspace   ] GC(458) Metaspace: 29056K(29376K)->29056K(29376K) NonClass: 25953K(26112K)->25953K(26112K) Class: 3103K(3264K)->3103K(3264K)
[2165.433s][info][gc             ] GC(458) Pause Young (Allocation Failure) 6790M->4473M(7168M) 91.941ms
[2165.433s][info][gc,cpu         ] GC(458) User=0.55s Sys=0.00s Real=0.09s
.|.....[2171.618s][info][gc,start       ] GC(459) Pause Young (Allocation Failure)
[2171.715s][info][gc,heap        ] GC(459) PSYoungGen: 2616896K(2634240K)->156693K(2629632K) Eden: 2472448K(2472448K)->0K(2472448K) From: 144448K(161792K)->156693K(157184K)
[2171.715s][info][gc,heap        ] GC(459) ParOldGen: 4436914K(4706304K)->4538010K(4706304K)
[2171.715s][info][gc,metaspace   ] GC(459) Metaspace: 29056K(29376K)->29056K(29376K) NonClass: 25953K(26112K)->25953K(26112K) Class: 3103K(3264K)->3103K(3264K)
[2171.715s][info][gc             ] GC(459) Pause Young (Allocation Failure) 6888M->4584M(7164M) 97.027ms
[2171.715s][info][gc,cpu         ] GC(459) User=0.57s Sys=0.00s Real=0.10s
......[2177.822s][info][gc,start       ] GC(460) Pause Young (Allocation Failure)
[2177.915s][info][gc,heap        ] GC(460) PSYoungGen: 2629141K(2629632K)->147488K(2633728K) Eden: 2472448K(2472448K)->0K(2470912K) From: 156693K(157184K)->147488K(162816K)
[2177.915s][info][gc,heap        ] GC(460) ParOldGen: 4538010K(4706304K)->4642898K(4706304K)
[2177.915s][info][gc,metaspace   ] GC(460) Metaspace: 29056K(29376K)->29056K(29376K) NonClass: 25953K(26112K)->25953K(26112K) Class: 3103K(3264K)->3103K(3264K)
[2177.915s][info][gc             ] GC(460) Pause Young (Allocation Failure) 6999M->4678M(7168M) 92.315ms
[2177.915s][info][gc,cpu         ] GC(460) User=0.54s Sys=0.00s Real=0.09s
.......[2184.159s][info][gc,start       ] GC(461) Pause Young (Allocation Failure)
[2184.254s][info][gc,heap        ] GC(461) PSYoungGen: 2618400K(2633728K)->148576K(2619904K) Eden: 2470912K(2470912K)->0K(2470912K) From: 147488K(162816K)->148576K(148992K)
[2184.254s][info][gc,heap        ] GC(461) ParOldGen: 4642898K(4706304K)->4748482K(4748800K)
[2184.254s][info][gc,metaspace   ] GC(461) Metaspace: 29056K(29376K)->29056K(29376K) NonClass: 25953K(26112K)->25953K(26112K) Class: 3103K(3264K)->3103K(3264K)
[2184.254s][info][gc             ] GC(461) Pause Young (Allocation Failure) 7091M->4782M(7196M) 95.101ms
[2184.254s][info][gc,cpu         ] GC(461) User=0.54s Sys=0.02s Real=0.10s
......[2190.361s][info][gc,start       ] GC(462) Pause Young (Allocation Failure)
[2190.462s][info][gc,heap        ] GC(462) PSYoungGen: 2619488K(2619904K)->155541K(2631168K) Eden: 2470912K(2470912K)->0K(2469888K) From: 148576K(148992K)->155541K(161280K)
[2190.462s][info][gc,heap        ] GC(462) ParOldGen: 4748482K(4748800K)->4852826K(4853248K)
[2190.462s][info][gc,metaspace   ] GC(462) Metaspace: 29056K(29376K)->29056K(29376K) NonClass: 25953K(26112K)->25953K(26112K) Class: 3103K(3264K)->3103K(3264K)
[2190.462s][info][gc             ] GC(462) Pause Young (Allocation Failure) 7195M->4890M(7309M) 101.653ms
[2190.462s][info][gc,cpu         ] GC(462) User=0.58s Sys=0.03s Real=0.10s
......[2196.756s][info][gc,start       ] GC(463) Pause Young (Allocation Failure)
[2196.855s][info][gc,heap        ] GC(463) PSYoungGen: 2625429K(2631168K)->154752K(2632192K) Eden: 2469888K(2469888K)->0K(2469888K) From: 155541K(161280K)->154752K(162304K)
[2196.855s][info][gc,heap        ] GC(463) ParOldGen: 4852826K(4853248K)->4955922K(4956160K)
[2196.855s][info][gc,metaspace   ] GC(463) Metaspace: 29056K(29376K)->29056K(29376K) NonClass: 25953K(26112K)->25953K(26112K) Class: 3103K(3264K)->3103K(3264K)
[2196.855s][info][gc             ] GC(463) Pause Young (Allocation Failure) 7302M->4990M(7410M) 99.008ms
[2196.855s][info][gc,cpu         ] GC(463) User=0.55s Sys=0.04s Real=0.10s
.......[2202.982s][info][gc,start       ] GC(464) Pause Young (Allocation Failure)
[2203.080s][info][gc,heap        ] GC(464) PSYoungGen: 2624640K(2632192K)->147008K(2633216K) Eden: 2469888K(2469888K)->0K(2470912K) From: 154752K(162304K)->147008K(162304K)
[2203.080s][info][gc,heap        ] GC(464) ParOldGen: 4955922K(4956160K)->5063826K(5064192K)
[2203.080s][info][gc,metaspace   ] GC(464) Metaspace: 29056K(29376K)->29056K(29376K) NonClass: 25953K(26112K)->25953K(26112K) Class: 3103K(3264K)->3103K(3264K)
[2203.080s][info][gc             ] GC(464) Pause Young (Allocation Failure) 7402M->5088M(7517M) 98.039ms
[2203.080s][info][gc,cpu         ] GC(464) User=0.55s Sys=0.03s Real=0.09s
......[2209.317s][info][gc,start       ] GC(465) Pause Young (Allocation Failure)
[2209.417s][info][gc,heap        ] GC(465) PSYoungGen: 2617920K(2633216K)->156800K(2628096K) Eden: 2470912K(2470912K)->0K(2470912K) From: 147008K(162304K)->156800K(157184K)
[2209.417s][info][gc,heap        ] GC(465) ParOldGen: 5063826K(5064192K)->5166922K(5167104K)
[2209.417s][info][gc,metaspace   ] GC(465) Metaspace: 29056K(29376K)->29056K(29376K) NonClass: 25953K(26112K)->25953K(26112K) Class: 3103K(3264K)->3103K(3264K)
[2209.417s][info][gc             ] GC(465) Pause Young (Allocation Failure) 7501M->5198M(7612M) 100.371ms
[2209.417s][info][gc,cpu         ] GC(465) User=0.56s Sys=0.03s Real=0.10s
......[2215.444s][info][gc,start       ] GC(466) Pause Young (Allocation Failure)
[2215.548s][info][gc,heap        ] GC(466) PSYoungGen: 2627712K(2628096K)->158916K(2629632K) Eden: 2470912K(2470912K)->0K(2466304K) From: 156800K(157184K)->158916K(163328K)
[2215.548s][info][gc,heap        ] GC(466) ParOldGen: 5166922K(5167104K)->5274162K(5274624K)
[2215.548s][info][gc,metaspace   ] GC(466) Metaspace: 29056K(29376K)->29056K(29376K) NonClass: 25953K(26112K)->25953K(26112K) Class: 3103K(3264K)->3103K(3264K)
[2215.548s][info][gc             ] GC(466) Pause Young (Allocation Failure) 7611M->5305M(7719M) 104.003ms
[2215.548s][info][gc,cpu         ] GC(466) User=0.57s Sys=0.04s Real=0.10s
......[2221.676s][info][gc,start       ] GC(467) Pause Young (Allocation Failure)
[2221.775s][info][gc,heap        ] GC(467) PSYoungGen: 2625220K(2629632K)->152177K(2631168K) Eden: 2466304K(2466304K)->0K(2466304K) From: 158916K(163328K)->152177K(164864K)
[2221.775s][info][gc,heap        ] GC(467) ParOldGen: 5274162K(5274624K)->5377306K(5377536K)
[2221.775s][info][gc,metaspace   ] GC(467) Metaspace: 29056K(29376K)->29056K(29376K) NonClass: 25953K(26112K)->25953K(26112K) Class: 3103K(3264K)->3103K(3264K)
[2221.775s][info][gc             ] GC(467) Pause Young (Allocation Failure) 7714M->5399M(7821M) 98.392ms
[2221.775s][info][gc,cpu         ] GC(467) User=0.55s Sys=0.03s Real=0.10s
..... (rIR:aIR:PR = 2767:2767:2767) (tPR = 40995) [OK] 
  2225s: Performance info:
         Transaction,    Success,    Partial,     Failed,   Receipts, AvgBarcode, 
             Overall,     166171,          0,          0,     157866,      59.47, 
         Response times:
             Request,    Success,    Partial,     Failed,   SkipFail,     Probes,    Samples,      min,      p50,      p90,      p95,      p99,      max, 
       TotalPurchase,     157866,          0,          0,          0,     154542,     171475,      300,     2300,     3500,     3900,    10600,   115000,
     InStorePurchase,      83039,          0,          0,          0,      81676,      90411,      300,     2400,     3500,     3900,    11000,   115000,
      OnlinePurchase,      58212,          0,          0,          0,      56811,      63008,      300,     2000,     3400,     3800,     9200,   114000,
        InstPurchase,      16615,          0,          0,          0,      16055,      18056,      400,     2400,     3500,     3900,    11600,   112000,
          AssocOfCat,        165,          0,          0,          0,        124,        176,    17800,    25000,    30000,    31000,   127920,   131000,
      AssocOfProduct,       1661,          0,          0,          0,       1499,       1853,      400,     1900,     3100,     3500,     6946,    98000,
      BusinessReport,        415,          0,          0,          0,        347,        459,    21000,    31000,    38000,    44000,    84600,   156000,
          CustBuyBeh,       1659,          0,          0,          0,       1473,       1811,      200,     3000,     3800,     4300,    16800,   109000,
       ProductReturn,       4405,          0,          0,          0,       4103,       4848,      200,     1400,     3000,     3500,     6202,   107000,

  2225s: (21%)   IR =   2906 .[2227.881s][info][gc,start       ] GC(468) Pause Young (Allocation Failure)
[2227.979s][info][gc,heap        ] GC(468) PSYoungGen: 2618481K(2631168K)->148400K(2629632K) Eden: 2466304K(2466304K)->0K(2467328K) From: 152177K(164864K)->148400K(162304K)
[2227.979s][info][gc,heap        ] GC(468) ParOldGen: 5377306K(5377536K)->5482730K(5483008K)
[2227.979s][info][gc,metaspace   ] GC(468) Metaspace: 29056K(29376K)->29056K(29376K) NonClass: 25953K(26112K)->25953K(26112K) Class: 3103K(3264K)->3103K(3264K)
[2227.979s][info][gc             ] GC(468) Pause Young (Allocation Failure) 7808M->5499M(7922M) 98.007ms
[2227.979s][info][gc,cpu         ] GC(468) User=0.55s Sys=0.02s Real=0.09s
......|[2233.845s][info][gc,start       ] GC(469) Pause Full (Allocation Failure)
[2233.845s][info][gc,phases,start] GC(469) Marking Phase
[2234.143s][info][gc,phases      ] GC(469) Marking Phase 298.449ms
[2234.143s][info][gc,phases,start] GC(469) Summary Phase
[2234.143s][info][gc,phases      ] GC(469) Summary Phase 0.096ms
[2234.143s][info][gc,phases,start] GC(469) Forward
[2234.261s][info][gc,phases      ] GC(469) Forward 118.130ms
[2234.261s][info][gc,phases,start] GC(469) Adjust Pointers
[2234.464s][info][gc,phases      ] GC(469) Adjust Pointers 202.778ms
[2234.464s][info][gc,phases,start] GC(469) Compaction Phase
[2234.609s][info][gc,phases      ] GC(469) Compaction Phase 144.918ms
[2234.611s][info][gc,phases,start] GC(469) Post Compact
[2234.618s][info][gc,phases      ] GC(469) Post Compact 6.957ms
[2234.739s][info][gc,heap        ] GC(469) PSYoungGen: 2615728K(2629632K)->0K(2630656K) Eden: 2467328K(2467328K)->0K(2467328K) From: 148400K(162304K)->0K(163328K)
[2234.739s][info][gc,heap        ] GC(469) ParOldGen: 5482730K(5483008K)->1591562K(1814016K)
[2234.739s][info][gc,metaspace   ] GC(469) Metaspace: 29056K(29376K)->29056K(29376K) NonClass: 25953K(26112K)->25953K(26112K) Class: 3103K(3264K)->3103K(3264K)
[2234.739s][info][gc             ] GC(469) Pause Full (Allocation Failure) 7908M->1554M(4340M) 894.451ms
[2234.739s][info][gc,cpu         ] GC(469) User=4.22s Sys=0.12s Real=0.89s
......[2239.837s][info][gc,start       ] GC(470) Pause Young (Allocation Failure)
[2239.899s][info][gc,heap        ] GC(470) PSYoungGen: 2467328K(2630656K)->149024K(2631680K) Eden: 2467328K(2467328K)->0K(2469376K) From: 0K(163328K)->149024K(162304K)
[2239.899s][info][gc,heap        ] GC(470) ParOldGen: 1591562K(1814016K)->1591562K(1814016K)
[2239.899s][info][gc,metaspace   ] GC(470) Metaspace: 29056K(29376K)->29056K(29376K) NonClass: 25953K(26112K)->25953K(26112K) Class: 3103K(3264K)->3103K(3264K)
[2239.899s][info][gc             ] GC(470) Pause Young (Allocation Failure) 3963M->1699M(4341M) 62.331ms
[2239.899s][info][gc,cpu         ] GC(470) User=0.37s Sys=0.00s Real=0.06s
.....[2245.747s][info][gc,start       ] GC(471) Pause Young (Allocation Failure)
[2245.840s][info][gc,heap        ] GC(471) PSYoungGen: 2618400K(2631680K)->158308K(2628096K) Eden: 2469376K(2469376K)->0K(2469376K) From: 149024K(162304K)->158308K(158720K)
[2245.840s][info][gc,heap        ] GC(471) ParOldGen: 1591562K(1814016K)->1696834K(1814016K)
[2245.840s][info][gc,metaspace   ] GC(471) Metaspace: 29056K(29376K)->29056K(29376K) NonClass: 25953K(26112K)->25953K(26112K) Class: 3103K(3264K)->3103K(3264K)
[2245.840s][info][gc             ] GC(471) Pause Young (Allocation Failure) 4111M->1811M(4338M) 93.271ms
[2245.840s][info][gc,cpu         ] GC(471) User=0.56s Sys=0.00s Real=0.10s
......[2251.686s][info][gc,start       ] GC(472) Pause Young (Allocation Failure)
[2251.776s][info][gc,heap        ] GC(472) PSYoungGen: 2627684K(2628096K)->150048K(2632704K) Eden: 2469376K(2469376K)->0K(2468352K) From: 158308K(158720K)->150048K(164352K)
[2251.776s][info][gc,heap        ] GC(472) ParOldGen: 1696834K(1814016K)->1801906K(1814016K)
[2251.776s][info][gc,metaspace   ] GC(472) Metaspace: 29056K(29376K)->29056K(29376K) NonClass: 25953K(26112K)->25953K(26112K) Class: 3103K(3264K)->3103K(3264K)
[2251.776s][info][gc             ] GC(472) Pause Young (Allocation Failure) 4223M->1906M(4342M) 90.361ms
[2251.776s][info][gc,cpu         ] GC(472) User=0.53s Sys=0.00s Real=0.09s
...[2253.854s][info][gc,start       ] GC(473) Pause Full (Diagnostic Command)
[2253.854s][info][gc,phases,start] GC(473) Marking Phase
[2254.146s][info][gc,phases      ] GC(473) Marking Phase 292.465ms
[2254.146s][info][gc,phases,start] GC(473) Summary Phase
[2254.146s][info][gc,phases      ] GC(473) Summary Phase 0.042ms
[2254.146s][info][gc,phases,start] GC(473) Forward
[2254.268s][info][gc,phases      ] GC(473) Forward 121.294ms
[2254.268s][info][gc,phases,start] GC(473) Adjust Pointers
[2254.471s][info][gc,phases      ] GC(473) Adjust Pointers 203.120ms
[2254.471s][info][gc,phases,start] GC(473) Compaction Phase
[2254.654s][info][gc,phases      ] GC(473) Compaction Phase 183.157ms
[2254.655s][info][gc,phases,start] GC(473) Post Compact
[2254.657s][info][gc,phases      ] GC(473) Post Compact 2.447ms
[2254.657s][info][gc,heap        ] GC(473) PSYoungGen: 1070077K(2632704K)->0K(2632704K) Eden: 920029K(2468352K)->0K(2468352K) From: 150048K(164352K)->0K(164352K)
[2254.657s][info][gc,heap        ] GC(473) ParOldGen: 1801906K(1814016K)->1320127K(1814016K)
[2254.657s][info][gc,metaspace   ] GC(473) Metaspace: 29056K(29376K)->29056K(29376K) NonClass: 25953K(26112K)->25953K(26112K) Class: 3103K(3264K)->3103K(3264K)
[2254.657s][info][gc             ] GC(473) Pause Full (Diagnostic Command) 2804M->1289M(4342M) 803.579ms
[2254.657s][info][gc,cpu         ] GC(473) User=4.53s Sys=0.00s Real=0.80s
.....[2259.822s][info][gc,start       ] GC(474) Pause Young (Allocation Failure)
[2259.888s][info][gc,heap        ] GC(474) PSYoungGen: 2468352K(2632704K)->157796K(2631680K) Eden: 2468352K(2468352K)->0K(2468352K) From: 0K(164352K)->157796K(163328K)
[2259.888s][info][gc,heap        ] GC(474) ParOldGen: 1320127K(1814016K)->1320127K(1814016K)
[2259.888s][info][gc,metaspace   ] GC(474) Metaspace: 29056K(29376K)->29056K(29376K) NonClass: 25953K(26112K)->25953K(26112K) Class: 3103K(3264K)->3103K(3264K)
[2259.888s][info][gc             ] GC(474) Pause Young (Allocation Failure) 3699M->1443M(4341M) 66.129ms
[2259.888s][info][gc,cpu         ] GC(474) User=0.39s Sys=0.00s Real=0.06s
......[2265.793s][info][gc,start       ] GC(475) Pause Young (Allocation Failure)
[2265.885s][info][gc,heap        ] GC(475) PSYoungGen: 2626148K(2631680K)->152000K(2631680K) Eden: 2468352K(2468352K)->0K(2468352K) From: 157796K(163328K)->152000K(163328K)
[2265.885s][info][gc,heap        ] GC(475) ParOldGen: 1320127K(1814016K)->1427943K(1814016K)
[2265.885s][info][gc,metaspace   ] GC(475) Metaspace: 29056K(29376K)->29056K(29376K) NonClass: 25953K(26112K)->25953K(26112K) Class: 3103K(3264K)->3103K(3264K)
[2265.885s][info][gc             ] GC(475) Pause Young (Allocation Failure) 3853M->1542M(4341M) 91.836ms
[2265.885s][info][gc,cpu         ] GC(475) User=0.54s Sys=0.00s Real=0.09s
......[2271.749s][info][gc,start       ] GC(476) Pause Young (Allocation Failure)
[2271.839s][info][gc,heap        ] GC(476) PSYoungGen: 2620352K(2631680K)->150976K(2631680K) Eden: 2468352K(2468352K)->0K(2468352K) From: 152000K(163328K)->150976K(163328K)
[2271.839s][info][gc,heap        ] GC(476) ParOldGen: 1427943K(1814016K)->1534111K(1814016K)
[2271.839s][info][gc,metaspace   ] GC(476) Metaspace: 29056K(29376K)->29056K(29376K) NonClass: 25953K(26112K)->25953K(26112K) Class: 3103K(3264K)->3103K(3264K)
[2271.839s][info][gc             ] GC(476) Pause Young (Allocation Failure) 3953M->1645M(4341M) 90.012ms
[2271.840s][info][gc,cpu         ] GC(476) User=0.54s Sys=0.00s Real=0.09s
......[2277.710s][info][gc,start       ] GC(477) Pause Young (Allocation Failure)
[2277.801s][info][gc,heap        ] GC(477) PSYoungGen: 2619328K(2631680K)->153984K(2631680K) Eden: 2468352K(2468352K)->0K(2469376K) From: 150976K(163328K)->153984K(162304K)
[2277.801s][info][gc,heap        ] GC(477) ParOldGen: 1534111K(1814016K)->1638911K(1814016K)
[2277.801s][info][gc,metaspace   ] GC(477) Metaspace: 29056K(29376K)->29056K(29376K) NonClass: 25953K(26112K)->25953K(26112K) Class: 3103K(3264K)->3103K(3264K)
[2277.801s][info][gc             ] GC(477) Pause Young (Allocation Failure) 4056M->1750M(4341M) 90.485ms
[2277.801s][info][gc,cpu         ] GC(477) User=0.54s Sys=0.00s Real=0.09s
......[2283.604s][info][gc,start       ] GC(478) Pause Young (Allocation Failure)
[2283.695s][info][gc,heap        ] GC(478) PSYoungGen: 2623360K(2631680K)->150016K(2631680K) Eden: 2469376K(2469376K)->0K(2469376K) From: 153984K(162304K)->150016K(162304K)
[2283.695s][info][gc,heap        ] GC(478) ParOldGen: 1638911K(1814016K)->1744695K(1814016K)
[2283.695s][info][gc,metaspace   ] GC(478) Metaspace: 29060K(29376K)->29060K(29376K) NonClass: 25957K(26112K)->25957K(26112K) Class: 3103K(3264K)->3103K(3264K)
[2283.695s][info][gc             ] GC(478) Pause Young (Allocation Failure) 4162M->1850M(4341M) 91.251ms
[2283.695s][info][gc,cpu         ] GC(478) User=0.54s Sys=0.00s Real=0.09s
......[2289.601s][info][gc,start       ] GC(479) Pause Young (Allocation Failure)
[2289.694s][info][gc,heap        ] GC(479) PSYoungGen: 2619392K(2631680K)->151104K(2632192K) Eden: 2469376K(2469376K)->0K(2471936K) From: 150016K(162304K)->151104K(160256K)
[2289.694s][info][gc,heap        ] GC(479) ParOldGen: 1744695K(1814016K)->1848191K(1848320K)
[2289.694s][info][gc,metaspace   ] GC(479) Metaspace: 29060K(29376K)->29060K(29376K) NonClass: 25957K(26112K)->25957K(26112K) Class: 3103K(3264K)->3103K(3264K)
[2289.694s][info][gc             ] GC(479) Pause Young (Allocation Failure) 4261M->1952M(4375M) 93.285ms
[2289.694s][info][gc,cpu         ] GC(479) User=0.54s Sys=0.01s Real=0.09s
..... (rIR:aIR:PR = 2906:2905:2905) (tPR = 43083) [OK] 
  2293s: Performance info:
         Transaction,    Success,    Partial,     Failed,   Receipts, AvgBarcode, 
             Overall,     177040,          0,          0,     168196,      59.47, 
         Response times:
             Request,    Success,    Partial,     Failed,   SkipFail,     Probes,    Samples,      min,      p50,      p90,      p95,      p99,      max, 
       TotalPurchase,     168196,          0,          0,          0,     162770,     185433,      300,     2300,     3800,     4900,    91000,   930000,
     InStorePurchase,      88511,          0,          0,          0,      85790,      97576,      300,     2300,     3700,     4400,    86460,   930000,
      OnlinePurchase,      61979,          0,          0,          0,      60197,      68427,      300,     2300,     3800,     5600,    90000,   930000,
        InstPurchase,      17706,          0,          0,          0,      16783,      19430,      400,     2800,     4000,     6500,   103000,   900000,
          AssocOfCat,        176,          0,          0,          0,        125,        176,    18000,    26000,    32000,    37150,   197910,   211000,
      AssocOfProduct,       1767,          0,          0,          0,       1570,       1894,      600,     2800,     3900,     4600,   112000,   900000,
      BusinessReport,        441,          0,          0,          0,        344,        471,    21000,    32000,    42000,    65000,   276000,   860000,
          CustBuyBeh,       1778,          0,          0,          0,       1595,       1939,      200,     2900,     3900,     5500,   137000,   142000,
       ProductReturn,       4682,          0,          0,          0,       4349,       5203,      200,     1700,     3300,     4880,    69000,   174000,

  2293s: (22%)   IR =   3044 .[2295.499s][info][gc,start       ] GC(480) Pause Young (Allocation Failure)
[2295.593s][info][gc,heap        ] GC(480) PSYoungGen: 2623040K(2632192K)->150592K(2632704K) Eden: 2471936K(2471936K)->0K(2471936K) From: 151104K(160256K)->150592K(160768K)
[2295.593s][info][gc,heap        ] GC(480) ParOldGen: 1848191K(1848320K)->1953759K(1953792K)
[2295.593s][info][gc,metaspace   ] GC(480) Metaspace: 29060K(29376K)->29060K(29376K) NonClass: 25957K(26112K)->25957K(26112K) Class: 3103K(3264K)->3103K(3264K)
[2295.593s][info][gc             ] GC(480) Pause Young (Allocation Failure) 4366M->2055M(4479M) 94.037ms
[2295.593s][info][gc,cpu         ] GC(480) User=0.53s Sys=0.02s Real=0.10s
...|...[2301.217s][info][gc,start       ] GC(481) Pause Young (Allocation Failure)
[2301.312s][info][gc,heap        ] GC(481) PSYoungGen: 2622528K(2632704K)->150080K(2634240K) Eden: 2471936K(2471936K)->0K(2475008K) From: 150592K(160768K)->150080K(159232K)
[2301.312s][info][gc,heap        ] GC(481) ParOldGen: 1953759K(1953792K)->2059087K(2059264K)
[2301.312s][info][gc,metaspace   ] GC(481) Metaspace: 29060K(29376K)->29060K(29376K) NonClass: 25957K(26112K)->25957K(26112K) Class: 3103K(3264K)->3103K(3264K)
[2301.312s][info][gc             ] GC(481) Pause Young (Allocation Failure) 4469M->2157M(4583M) 95.442ms
[2301.312s][info][gc,cpu         ] GC(481) User=0.53s Sys=0.05s Real=0.10s
.....[2306.862s][info][gc,start       ] GC(482) Pause Young (Allocation Failure)
[2306.955s][info][gc,heap        ] GC(482) PSYoungGen: 2625088K(2634240K)->147520K(2634752K) Eden: 2475008K(2475008K)->0K(2475008K) From: 150080K(159232K)->147520K(159744K)
[2306.955s][info][gc,heap        ] GC(482) ParOldGen: 2059087K(2059264K)->2164695K(2164736K)
[2306.955s][info][gc,metaspace   ] GC(482) Metaspace: 29060K(29376K)->29060K(29376K) NonClass: 25957K(26112K)->25957K(26112K) Class: 3103K(3264K)->3103K(3264K)
[2306.955s][info][gc             ] GC(482) Pause Young (Allocation Failure) 4574M->2258M(4687M) 93.427ms
[2306.955s][info][gc,cpu         ] GC(482) User=0.51s Sys=0.04s Real=0.09s
......[2312.521s][info][gc,start       ] GC(483) Pause Young (Allocation Failure)
[2312.617s][info][gc,heap        ] GC(483) PSYoungGen: 2622528K(2634752K)->149984K(2635264K) Eden: 2475008K(2475008K)->0K(2476544K) From: 147520K(159744K)->149984K(158720K)
[2312.617s][info][gc,heap        ] GC(483) ParOldGen: 2164695K(2164736K)->2271183K(2271232K)
[2312.617s][info][gc,metaspace   ] GC(483) Metaspace: 29060K(29376K)->29060K(29376K) NonClass: 25957K(26112K)->25957K(26112K) Class: 3103K(3264K)->3103K(3264K)
[2312.617s][info][gc             ] GC(483) Pause Young (Allocation Failure) 4675M->2364M(4791M) 95.393ms
[2312.617s][info][gc,cpu         ] GC(483) User=0.53s Sys=0.03s Real=0.09s
......[2318.242s][info][gc,start       ] GC(484) Pause Young (Allocation Failure)
[2318.336s][info][gc,heap        ] GC(484) PSYoungGen: 2626528K(2635264K)->150432K(2635776K) Eden: 2476544K(2476544K)->0K(2476544K) From: 149984K(158720K)->150432K(159232K)
[2318.336s][info][gc,heap        ] GC(484) ParOldGen: 2271183K(2271232K)->2373903K(2374144K)
[2318.336s][info][gc,metaspace   ] GC(484) Metaspace: 29060K(29376K)->29060K(29376K) NonClass: 25957K(26112K)->25957K(26112K) Class: 3103K(3264K)->3103K(3264K)
[2318.336s][info][gc             ] GC(484) Pause Young (Allocation Failure) 4782M->2465M(4892M) 94.162ms
[2318.336s][info][gc,cpu         ] GC(484) User=0.52s Sys=0.04s Real=0.09s
.....[2323.863s][info][gc,start       ] GC(485) Pause Young (Allocation Failure)
[2323.957s][info][gc,heap        ] GC(485) PSYoungGen: 2626976K(2635776K)->147904K(2636288K) Eden: 2476544K(2476544K)->0K(2478080K) From: 150432K(159232K)->147904K(158208K)
[2323.957s][info][gc,heap        ] GC(485) ParOldGen: 2373903K(2374144K)->2479327K(2479616K)
[2323.957s][info][gc,metaspace   ] GC(485) Metaspace: 29060K(29376K)->29060K(29376K) NonClass: 25957K(26112K)->25957K(26112K) Class: 3103K(3264K)->3103K(3264K)
[2323.957s][info][gc             ] GC(485) Pause Young (Allocation Failure) 4883M->2565M(4996M) 93.949ms
[2323.957s][info][gc,cpu         ] GC(485) User=0.53s Sys=0.02s Real=0.09s
......[2329.604s][info][gc,start       ] GC(486) Pause Young (Allocation Failure)
[2329.702s][info][gc,heap        ] GC(486) PSYoungGen: 2625984K(2636288K)->158181K(2636288K) Eden: 2478080K(2478080K)->0K(2478080K) From: 147904K(158208K)->158181K(158208K)
[2329.702s][info][gc,heap        ] GC(486) ParOldGen: 2479327K(2479616K)->2584151K(2584576K)
[2329.702s][info][gc,metaspace   ] GC(486) Metaspace: 29060K(29376K)->29060K(29376K) NonClass: 25957K(26112K)->25957K(26112K) Class: 3103K(3264K)->3103K(3264K)
[2329.702s][info][gc             ] GC(486) Pause Young (Allocation Failure) 4985M->2678M(5098M) 97.892ms
[2329.702s][info][gc,cpu         ] GC(486) User=0.55s Sys=0.03s Real=0.10s
......[2335.274s][info][gc,start       ] GC(487) Pause Young (Allocation Failure)
[2335.369s][info][gc,heap        ] GC(487) PSYoungGen: 2636261K(2636288K)->149056K(2560512K) Eden: 2478080K(2478080K)->0K(2400768K) From: 158181K(158208K)->149056K(159744K)
[2335.369s][info][gc,heap        ] GC(487) ParOldGen: 2584151K(2584576K)->2689471K(2689536K)
[2335.369s][info][gc,metaspace   ] GC(487) Metaspace: 29060K(29376K)->29060K(29376K) NonClass: 25957K(26112K)->25957K(26112K) Class: 3103K(3264K)->3103K(3264K)
[2335.369s][info][gc             ] GC(487) Pause Young (Allocation Failure) 5098M->2771M(5127M) 95.000ms
[2335.369s][info][gc,cpu         ] GC(487) User=0.52s Sys=0.04s Real=0.09s
.....[2340.737s][info][gc,start       ] GC(488) Pause Young (Allocation Failure)
[2340.835s][info][gc,heap        ] GC(488) PSYoungGen: 2549824K(2560512K)->153044K(2598400K) Eden: 2400768K(2400768K)->0K(2400768K) From: 149056K(159744K)->153044K(197632K)
[2340.835s][info][gc,heap        ] GC(488) ParOldGen: 2689471K(2689536K)->2796055K(2796544K)
[2340.835s][info][gc,metaspace   ] GC(488) Metaspace: 29060K(29376K)->29060K(29376K) NonClass: 25957K(26112K)->25957K(26112K) Class: 3103K(3264K)->3103K(3264K)
[2340.835s][info][gc             ] GC(488) Pause Young (Allocation Failure) 5116M->2879M(5268M) 98.161ms
[2340.835s][info][gc,cpu         ] GC(488) User=0.55s Sys=0.04s Real=0.10s
......[2346.337s][info][gc,start       ] GC(489) Pause Young (Allocation Failure)
[2346.432s][info][gc,heap        ] GC(489) PSYoungGen: 2553812K(2598400K)->148160K(2592768K) Eden: 2400768K(2400768K)->0K(2403328K) From: 153044K(197632K)->148160K(189440K)
[2346.432s][info][gc,heap        ] GC(489) ParOldGen: 2796055K(2796544K)->2897655K(2897920K)
[2346.432s][info][gc,metaspace   ] GC(489) Metaspace: 29060K(29376K)->29060K(29376K) NonClass: 25957K(26112K)->25957K(26112K) Class: 3103K(3264K)->3103K(3264K)
[2346.432s][info][gc             ] GC(489) Pause Young (Allocation Failure) 5224M->2974M(5362M) 95.045ms
[2346.432s][info][gc,cpu         ] GC(489) User=0.54s Sys=0.02s Real=0.10s
.....[2351.858s][info][gc,start       ] GC(490) Pause Young (Allocation Failure)
[2351.951s][info][gc,heap        ] GC(490) PSYoungGen: 2551488K(2592768K)->144704K(2596864K) Eden: 2403328K(2403328K)->0K(2403328K) From: 148160K(189440K)->144704K(193536K)
[2351.951s][info][gc,heap        ] GC(490) ParOldGen: 2897655K(2897920K)->3002751K(3002880K)
[2351.951s][info][gc,metaspace   ] GC(490) Metaspace: 29060K(29376K)->29060K(29376K) NonClass: 25957K(26112K)->25957K(26112K) Class: 3103K(3264K)->3103K(3264K)
[2351.951s][info][gc             ] GC(490) Pause Young (Allocation Failure) 5321M->3073M(5468M) 93.493ms
[2351.951s][info][gc,cpu         ] GC(490) User=0.52s Sys=0.03s Real=0.10s
......[2357.356s][info][gc,start       ] GC(491) Pause Young (Allocation Failure)
[2357.449s][info][gc,heap        ] GC(491) PSYoungGen: 2548032K(2596864K)->145728K(2598400K) Eden: 2403328K(2403328K)->0K(2409984K) From: 144704K(193536K)->145728K(188416K)
[2357.449s][info][gc,heap        ] GC(491) ParOldGen: 3002751K(3002880K)->3106447K(3106816K)
[2357.449s][info][gc,metaspace   ] GC(491) Metaspace: 29060K(29376K)->29060K(29376K) NonClass: 25957K(26112K)->25957K(26112K) Class: 3103K(3264K)->3103K(3264K)
[2357.449s][info][gc             ] GC(491) Pause Young (Allocation Failure) 5420M->3175M(5571M) 92.953ms
[2357.449s][info][gc,cpu         ] GC(491) User=0.51s Sys=0.04s Real=0.09s
. (rIR:aIR:PR = 3044:3044:3044) (tPR = 45321) [OK] 
  2357s: Performance info:
         Transaction,    Success,    Partial,     Failed,   Receipts, AvgBarcode, 
             Overall,     182764,          0,          0,     173628,      59.48, 
         Response times:
             Request,    Success,    Partial,     Failed,   SkipFail,     Probes,    Samples,      min,      p50,      p90,      p95,      p99,      max, 
       TotalPurchase,     173628,          0,          0,          0,     169778,     182497,      300,     2400,     3800,     4200,     9500,   139000,
     InStorePurchase,      91409,          0,          0,          0,      89263,      95744,      300,     2400,     3700,     4100,     9200,   139000,
      OnlinePurchase,      63956,          0,          0,          0,      62796,      67420,      300,     2300,     3800,     4200,     9379,   139000,
        InstPurchase,      18263,          0,          0,          0,      17719,      19333,      400,     2800,     3900,     4500,    12000,   108000,
          AssocOfCat,        182,          0,          0,          0,        144,        216,    16800,    24500,    33000,    36150,    96990,   121000,
      AssocOfProduct,       1824,          0,          0,          0,       1663,       1949,      500,     2900,     4200,     4750,    11450,   122000,
      BusinessReport,        456,          0,          0,          0,        363,        469,    21000,    32000,    40000,    45000,   130200,   159000,
          CustBuyBeh,       1826,          0,          0,          0,       1641,       1925,      200,     2400,     3500,     4000,     8014,    98000,
       ProductReturn,       4848,          0,          0,          0,       4594,       5145,      200,     2100,     3400,     3900,     9308,   101000,

  2357s: (23%)   IR =   3183 ....[2362.791s][info][gc,start       ] GC(492) Pause Young (Allocation Failure)
[2362.886s][info][gc,heap        ] GC(492) PSYoungGen: 2555712K(2598400K)->150016K(2600960K) Eden: 2409984K(2409984K)->0K(2409984K) From: 145728K(188416K)->150016K(190976K)
[2362.886s][info][gc,heap        ] GC(492) ParOldGen: 3106447K(3106816K)->3209687K(3209728K)
[2362.886s][info][gc,metaspace   ] GC(492) Metaspace: 29062K(29376K)->29062K(29376K) NonClass: 25959K(26112K)->25959K(26112K) Class: 3103K(3264K)->3103K(3264K)
[2362.886s][info][gc             ] GC(492) Pause Young (Allocation Failure) 5529M->3280M(5674M) 95.009ms
[2362.886s][info][gc,cpu         ] GC(492) User=0.54s Sys=0.03s Real=0.09s
.|.....[2368.121s][info][gc,start       ] GC(493) Pause Young (Allocation Failure)
[2368.222s][info][gc,heap        ] GC(493) PSYoungGen: 2560000K(2600960K)->157956K(2599424K) Eden: 2409984K(2409984K)->0K(2416128K) From: 150016K(190976K)->157956K(183296K)
[2368.222s][info][gc,heap        ] GC(493) ParOldGen: 3209687K(3209728K)->3313943K(3314176K)
[2368.222s][info][gc,metaspace   ] GC(493) Metaspace: 29062K(29376K)->29062K(29376K) NonClass: 25959K(26112K)->25959K(26112K) Class: 3103K(3264K)->3103K(3264K)
[2368.222s][info][gc             ] GC(493) Pause Young (Allocation Failure) 5634M->3390M(5775M) 100.907ms
[2368.222s][info][gc,cpu         ] GC(493) User=0.56s Sys=0.04s Real=0.10s
.....[2373.426s][info][gc,start       ] GC(494) Pause Young (Allocation Failure)
[2373.521s][info][gc,heap        ] GC(494) PSYoungGen: 2574084K(2599424K)->148832K(2602496K) Eden: 2416128K(2416128K)->0K(2416128K) From: 157956K(183296K)->148832K(186368K)
[2373.521s][info][gc,heap        ] GC(494) ParOldGen: 3313943K(3314176K)->3418167K(3418624K)
[2373.521s][info][gc,metaspace   ] GC(494) Metaspace: 29062K(29376K)->29062K(29376K) NonClass: 25959K(26112K)->25959K(26112K) Class: 3103K(3264K)->3103K(3264K)
[2373.521s][info][gc             ] GC(494) Pause Young (Allocation Failure) 5750M->3483M(5880M) 95.023ms
[2373.521s][info][gc,cpu         ] GC(494) User=0.53s Sys=0.03s Real=0.10s
.....[2378.724s][info][gc,start       ] GC(495) Pause Young (Allocation Failure)
[2378.820s][info][gc,heap        ] GC(495) PSYoungGen: 2564960K(2602496K)->148916K(2605568K) Eden: 2416128K(2416128K)->0K(2425344K) From: 148832K(186368K)->148916K(180224K)
[2378.820s][info][gc,heap        ] GC(495) ParOldGen: 3418167K(3418624K)->3523655K(3524096K)
[2378.820s][info][gc,metaspace   ] GC(495) Metaspace: 29062K(29376K)->29062K(29376K) NonClass: 25959K(26112K)->25959K(26112K) Class: 3103K(3264K)->3103K(3264K)
[2378.820s][info][gc             ] GC(495) Pause Young (Allocation Failure) 5842M->3586M(5986M) 96.149ms
[2378.820s][info][gc,cpu         ] GC(495) User=0.54s Sys=0.03s Real=0.10s
.....[2383.984s][info][gc,start       ] GC(496) Pause Young (Allocation Failure)
[2384.078s][info][gc,heap        ] GC(496) PSYoungGen: 2574260K(2605568K)->145120K(2608128K) Eden: 2425344K(2425344K)->0K(2425344K) From: 148916K(180224K)->145120K(182784K)
[2384.078s][info][gc,heap        ] GC(496) ParOldGen: 3523655K(3524096K)->3626295K(3626496K)
[2384.078s][info][gc,metaspace   ] GC(496) Metaspace: 29062K(29376K)->29062K(29376K) NonClass: 25959K(26112K)->25959K(26112K) Class: 3103K(3264K)->3103K(3264K)
[2384.078s][info][gc             ] GC(496) Pause Young (Allocation Failure) 5954M->3683M(6088M) 93.597ms
[2384.078s][info][gc,cpu         ] GC(496) User=0.51s Sys=0.04s Real=0.09s
......[2389.342s][info][gc,start       ] GC(497) Pause Young (Allocation Failure)
[2389.436s][info][gc,heap        ] GC(497) PSYoungGen: 2570464K(2608128K)->147616K(2609152K) Eden: 2425344K(2425344K)->0K(2432000K) From: 145120K(182784K)->147616K(177152K)
[2389.436s][info][gc,heap        ] GC(497) ParOldGen: 3626295K(3626496K)->3729703K(3729920K)
[2389.436s][info][gc,metaspace   ] GC(497) Metaspace: 29062K(29376K)->29062K(29376K) NonClass: 25959K(26112K)->25959K(26112K) Class: 3103K(3264K)->3103K(3264K)
[2389.436s][info][gc             ] GC(497) Pause Young (Allocation Failure) 6051M->3786M(6190M) 94.922ms
[2389.437s][info][gc,cpu         ] GC(497) User=0.53s Sys=0.04s Real=0.09s
.....[2394.757s][info][gc,start       ] GC(498) Pause Young (Allocation Failure)
[2394.852s][info][gc,heap        ] GC(498) PSYoungGen: 2579616K(2609152K)->149952K(2611712K) Eden: 2432000K(2432000K)->0K(2432000K) From: 147616K(177152K)->149952K(179712K)
[2394.852s][info][gc,heap        ] GC(498) ParOldGen: 3729703K(3729920K)->3831599K(3831808K)
[2394.852s][info][gc,metaspace   ] GC(498) Metaspace: 29062K(29376K)->29062K(29376K) NonClass: 25959K(26112K)->25959K(26112K) Class: 3103K(3264K)->3103K(3264K)
[2394.852s][info][gc             ] GC(498) Pause Young (Allocation Failure) 6161M->3888M(6292M) 95.016ms
[2394.852s][info][gc,cpu         ] GC(498) User=0.54s Sys=0.03s Real=0.10s
.....[2400.043s][info][gc,start       ] GC(499) Pause Young (Allocation Failure)
[2400.138s][info][gc,heap        ] GC(499) PSYoungGen: 2581952K(2611712K)->145952K(2612736K) Eden: 2432000K(2432000K)->0K(2438656K) From: 149952K(179712K)->145952K(174080K)
[2400.138s][info][gc,heap        ] GC(499) ParOldGen: 3831599K(3831808K)->3935487K(3935744K)
[2400.138s][info][gc,metaspace   ] GC(499) Metaspace: 29062K(29376K)->29062K(29376K) NonClass: 25959K(26112K)->25959K(26112K) Class: 3103K(3264K)->3103K(3264K)
[2400.138s][info][gc             ] GC(499) Pause Young (Allocation Failure) 6263M->3985M(6395M) 95.646ms
[2400.138s][info][gc,cpu         ] GC(499) User=0.53s Sys=0.03s Real=0.09s
......[2405.422s][info][gc,start       ] GC(500) Pause Young (Allocation Failure)
[2405.517s][info][gc,heap        ] GC(500) PSYoungGen: 2584608K(2612736K)->147968K(2614784K) Eden: 2438656K(2438656K)->0K(2438656K) From: 145952K(174080K)->147968K(176128K)
[2405.517s][info][gc,heap        ] GC(500) ParOldGen: 3935487K(3935744K)->4039407K(4039680K)
[2405.517s][info][gc,metaspace   ] GC(500) Metaspace: 29062K(29376K)->29062K(29376K) NonClass: 25959K(26112K)->25959K(26112K) Class: 3103K(3264K)->3103K(3264K)
[2405.517s][info][gc             ] GC(500) Pause Young (Allocation Failure) 6367M->4089M(6498M) 95.068ms
[2405.517s][info][gc,cpu         ] GC(500) User=0.53s Sys=0.04s Real=0.09s
.....[2410.777s][info][gc,start       ] GC(501) Pause Young (Allocation Failure)
[2410.876s][info][gc,heap        ] GC(501) PSYoungGen: 2586624K(2614784K)->157088K(2618368K) Eden: 2438656K(2438656K)->0K(2445312K) From: 147968K(176128K)->157088K(173056K)
[2410.876s][info][gc,heap        ] GC(501) ParOldGen: 4039407K(4039680K)->4143615K(4143616K)
[2410.876s][info][gc,metaspace   ] GC(501) Metaspace: 29062K(29376K)->29062K(29376K) NonClass: 25959K(26112K)->25959K(26112K) Class: 3103K(3264K)->3103K(3264K)
[2410.876s][info][gc             ] GC(501) Pause Young (Allocation Failure) 6470M->4199M(6603M) 99.143ms
[2410.876s][info][gc,cpu         ] GC(501) User=0.55s Sys=0.03s Real=0.10s
......[2416.187s][info][gc,start       ] GC(502) Pause Young (Allocation Failure)
[2416.286s][info][gc,heap        ] GC(502) PSYoungGen: 2602400K(2618368K)->154096K(2619392K) Eden: 2445312K(2445312K)->0K(2445312K) From: 157088K(173056K)->154096K(174080K)
[2416.286s][info][gc,heap        ] GC(502) ParOldGen: 4143615K(4143616K)->4247423K(4247552K)
[2416.286s][info][gc,metaspace   ] GC(502) Metaspace: 29062K(29376K)->29062K(29376K) NonClass: 25959K(26112K)->25959K(26112K) Class: 3103K(3264K)->3103K(3264K)
[2416.286s][info][gc             ] GC(502) Pause Young (Allocation Failure) 6587M->4298M(6706M) 98.965ms
[2416.286s][info][gc,cpu         ] GC(502) User=0.54s Sys=0.04s Real=0.10s
.....[2421.511s][info][gc,start       ] GC(503) Pause Young (Allocation Failure)
[2421.607s][info][gc,heap        ] GC(503) PSYoungGen: 2599408K(2619392K)->148096K(2618880K) Eden: 2445312K(2445312K)->0K(2448896K) From: 154096K(174080K)->148096K(169984K)
[2421.607s][info][gc,heap        ] GC(503) ParOldGen: 4247423K(4247552K)->4352911K(4353024K)
[2421.607s][info][gc,metaspace   ] GC(503) Metaspace: 29062K(29376K)->29062K(29376K) NonClass: 25959K(26112K)->25959K(26112K) Class: 3103K(3264K)->3103K(3264K)
[2421.607s][info][gc             ] GC(503) Pause Young (Allocation Failure) 6686M->4395M(6808M) 96.115ms
[2421.607s][info][gc,cpu         ] GC(503) User=0.53s Sys=0.03s Real=0.09s
.. (rIR:aIR:PR = 3183:3183:3183) (tPR = 47124) [OK] 
  2423s: Performance info:
         Transaction,    Success,    Partial,     Failed,   Receipts, AvgBarcode, 
             Overall,     191439,          0,          0,     181864,      59.48, 
         Response times:
             Request,    Success,    Partial,     Failed,   SkipFail,     Probes,    Samples,      min,      p50,      p90,      p95,      p99,      max, 
       TotalPurchase,     181862,          0,          0,          0,     178292,     193723,      300,     2500,     4000,     4500,    14900,   126000,
     InStorePurchase,      95736,          0,          0,          0,      94091,     102052,      300,     2600,     4000,     4600,    14600,   104000,
      OnlinePurchase,      66962,          0,          0,          0,      65603,      71222,      300,     2500,     3900,     4500,    15800,   115000,
        InstPurchase,      19164,          0,          0,          0,      18598,      20449,      400,     2100,     3900,     4500,    12900,   126000,
          AssocOfCat,        191,          0,          0,          0,        142,        195,    17400,    26000,    33000,    35200,    52800,   120000,
      AssocOfProduct,       1930,          0,          0,          0,       1751,       2053,      400,     2900,     4300,     4900,    16420,   101000,
      BusinessReport,        475,          0,          0,          0,        391,        492,    22000,    31000,    39000,    46000,   128560,   159000,
          CustBuyBeh,       1920,          0,          0,          0,       1753,       2044,      200,     1500,     2900,     3300,     8055,    97000,
       ProductReturn,       5059,          0,          0,          0,       4752,       5385,      200,     2400,     3800,     4300,    13456,   100000,

  2423s: (24%)   IR =   3321 ...[2426.827s][info][gc,start       ] GC(504) Pause Young (Allocation Failure)
[2426.930s][info][gc,heap        ] GC(504) PSYoungGen: 2596992K(2618880K)->161696K(2620416K) Eden: 2448896K(2448896K)->0K(2448896K) From: 148096K(169984K)->161696K(171520K)
[2426.930s][info][gc,heap        ] GC(504) ParOldGen: 4352911K(4353024K)->4456535K(4456960K)
[2426.930s][info][gc,metaspace   ] GC(504) Metaspace: 29062K(29376K)->29062K(29376K) NonClass: 25959K(26112K)->25959K(26112K) Class: 3103K(3264K)->3103K(3264K)
[2426.930s][info][gc             ] GC(504) Pause Young (Allocation Failure) 6787M->4509M(6911M) 102.394ms
[2426.930s][info][gc,cpu         ] GC(504) User=0.58s Sys=0.02s Real=0.10s
....|.[2431.953s][info][gc,start       ] GC(505) Pause Young (Allocation Failure)
[2432.051s][info][gc,heap        ] GC(505) PSYoungGen: 2610592K(2620416K)->146624K(2623488K) Eden: 2448896K(2448896K)->0K(2450944K) From: 161696K(171520K)->146624K(172544K)
[2432.051s][info][gc,heap        ] GC(505) ParOldGen: 4456535K(4456960K)->4561895K(4561920K)
[2432.051s][info][gc,metaspace   ] GC(505) Metaspace: 29062K(29376K)->29062K(29376K) NonClass: 25959K(26112K)->25959K(26112K) Class: 3103K(3264K)->3103K(3264K)
[2432.051s][info][gc             ] GC(505) Pause Young (Allocation Failure) 6901M->4598M(7017M) 97.543ms
[2432.051s][info][gc,cpu         ] GC(505) User=0.54s Sys=0.04s Real=0.10s
.....[2437.094s][info][gc,start       ] GC(506) Pause Young (Allocation Failure)
[2437.190s][info][gc,heap        ] GC(506) PSYoungGen: 2597568K(2623488K)->146464K(2597888K) Eden: 2450944K(2450944K)->0K(2450944K) From: 146624K(172544K)->146464K(146944K)
[2437.190s][info][gc,heap        ] GC(506) ParOldGen: 4561895K(4561920K)->4666559K(4666880K)
[2437.190s][info][gc,metaspace   ] GC(506) Metaspace: 29062K(29376K)->29062K(29376K) NonClass: 25959K(26112K)->25959K(26112K) Class: 3103K(3264K)->3103K(3264K)
[2437.190s][info][gc             ] GC(506) Pause Young (Allocation Failure) 6991M->4700M(7094M) 96.115ms
[2437.190s][info][gc,cpu         ] GC(506) User=0.53s Sys=0.04s Real=0.10s
......[2442.315s][info][gc,start       ] GC(507) Pause Young (Allocation Failure)
[2442.411s][info][gc,heap        ] GC(507) PSYoungGen: 2597408K(2597888K)->150880K(2624000K) Eden: 2450944K(2450944K)->0K(2452992K) From: 146464K(146944K)->150880K(171008K)
[2442.411s][info][gc,heap        ] GC(507) ParOldGen: 4666559K(4666880K)->4769191K(4769280K)
[2442.411s][info][gc,metaspace   ] GC(507) Metaspace: 29062K(29376K)->29062K(29376K) NonClass: 25959K(26112K)->25959K(26112K) Class: 3103K(3264K)->3103K(3264K)
[2442.411s][info][gc             ] GC(507) Pause Young (Allocation Failure) 7093M->4804M(7220M) 96.590ms
[2442.411s][info][gc,cpu         ] GC(507) User=0.54s Sys=0.03s Real=0.10s
.....[2447.535s][info][gc,start       ] GC(508) Pause Young (Allocation Failure)
[2447.632s][info][gc,heap        ] GC(508) PSYoungGen: 2603872K(2624000K)->150752K(2622464K) Eden: 2452992K(2452992K)->0K(2452992K) From: 150880K(171008K)->150752K(169472K)
[2447.632s][info][gc,heap        ] GC(508) ParOldGen: 4769191K(4769280K)->4873815K(4874240K)
[2447.632s][info][gc,metaspace   ] GC(508) Metaspace: 29062K(29376K)->29062K(29376K) NonClass: 25959K(26112K)->25959K(26112K) Class: 3103K(3264K)->3103K(3264K)
[2447.632s][info][gc             ] GC(508) Pause Young (Allocation Failure) 7200M->4906M(7321M) 97.756ms
[2447.632s][info][gc,cpu         ] GC(508) User=0.55s Sys=0.03s Real=0.10s
.....[2452.755s][info][gc,start       ] GC(509) Pause Young (Allocation Failure)
[2452.852s][info][gc,heap        ] GC(509) PSYoungGen: 2603744K(2622464K)->152448K(2625024K) Eden: 2452992K(2452992K)->0K(2457088K) From: 150752K(169472K)->152448K(167936K)
[2452.853s][info][gc,heap        ] GC(509) ParOldGen: 4873815K(4874240K)->4978743K(4979200K)
[2452.853s][info][gc,metaspace   ] GC(509) Metaspace: 29062K(29376K)->29062K(29376K) NonClass: 25959K(26112K)->25959K(26112K) Class: 3103K(3264K)->3103K(3264K)
[2452.853s][info][gc             ] GC(509) Pause Young (Allocation Failure) 7302M->5010M(7426M) 97.280ms
[2452.853s][info][gc,cpu         ] GC(509) User=0.54s Sys=0.03s Real=0.10s
.....[2457.833s][info][gc,start       ] GC(510) Pause Young (Allocation Failure)
[2457.930s][info][gc,heap        ] GC(510) PSYoungGen: 2609536K(2625024K)->144640K(2623488K) Eden: 2457088K(2457088K)->0K(2457088K) From: 152448K(167936K)->144640K(166400K)
[2457.930s][info][gc,heap        ] GC(510) ParOldGen: 4978743K(4979200K)->5084847K(5085184K)
[2457.930s][info][gc,metaspace   ] GC(510) Metaspace: 29062K(29376K)->29062K(29376K) NonClass: 25959K(26112K)->25959K(26112K) Class: 3103K(3264K)->3103K(3264K)
[2457.930s][info][gc             ] GC(510) Pause Young (Allocation Failure) 7410M->5106M(7528M) 96.390ms
[2457.930s][info][gc,cpu         ] GC(510) User=0.54s Sys=0.02s Real=0.10s
.....[2463.133s][info][gc,start       ] GC(511) Pause Young (Allocation Failure)
[2463.231s][info][gc,heap        ] GC(511) PSYoungGen: 2601728K(2623488K)->150752K(2628096K) Eden: 2457088K(2457088K)->0K(2463232K) From: 144640K(166400K)->150752K(164864K)
[2463.232s][info][gc,heap        ] GC(511) ParOldGen: 5084847K(5085184K)->5187519K(5187584K)
[2463.232s][info][gc,metaspace   ] GC(511) Metaspace: 29062K(29376K)->29062K(29376K) NonClass: 25959K(26112K)->25959K(26112K) Class: 3103K(3264K)->3103K(3264K)
[2463.232s][info][gc             ] GC(511) Pause Young (Allocation Failure) 7506M->5213M(7632M) 98.191ms
[2463.232s][info][gc,cpu         ] GC(511) User=0.54s Sys=0.03s Real=0.10s
.....[2468.255s][info][gc,start       ] GC(512) Pause Young (Allocation Failure)
[2468.352s][info][gc,heap        ] GC(512) PSYoungGen: 2613984K(2628096K)->148352K(2628096K) Eden: 2463232K(2463232K)->0K(2463232K) From: 150752K(164864K)->148352K(164864K)
[2468.352s][info][gc,heap        ] GC(512) ParOldGen: 5187519K(5187584K)->5294383K(5294592K)
[2468.352s][info][gc,metaspace   ] GC(512) Metaspace: 29062K(29376K)->29062K(29376K) NonClass: 25959K(26112K)->25959K(26112K) Class: 3103K(3264K)->3103K(3264K)
[2468.352s][info][gc             ] GC(512) Pause Young (Allocation Failure) 7618M->5315M(7737M) 97.608ms
[2468.352s][info][gc,cpu         ] GC(512) User=0.54s Sys=0.04s Real=0.10s
......[2473.395s][info][gc,start       ] GC(513) Pause Young (Allocation Failure)
[2473.492s][info][gc,heap        ] GC(513) PSYoungGen: 2611584K(2628096K)->148128K(2630144K) Eden: 2463232K(2463232K)->0K(2467328K) From: 148352K(164864K)->148128K(162816K)
[2473.492s][info][gc,heap        ] GC(513) ParOldGen: 5294383K(5294592K)->5398303K(5398528K)
[2473.492s][info][gc,metaspace   ] GC(513) Metaspace: 29062K(29376K)->29062K(29376K) NonClass: 25959K(26112K)->25959K(26112K) Class: 3103K(3264K)->3103K(3264K)
[2473.492s][info][gc             ] GC(513) Pause Young (Allocation Failure) 7720M->5416M(7840M) 96.883ms
[2473.492s][info][gc,cpu         ] GC(513) User=0.53s Sys=0.03s Real=0.10s
.....[2478.635s][info][gc,start       ] GC(514) Pause Young (Allocation Failure)
[2478.733s][info][gc,heap        ] GC(514) PSYoungGen: 2615456K(2630144K)->151616K(2630144K) Eden: 2467328K(2467328K)->0K(2467328K) From: 148128K(162816K)->151616K(162816K)
[2478.733s][info][gc,heap        ] GC(514) ParOldGen: 5398303K(5398528K)->5502647K(5502976K)
[2478.733s][info][gc,metaspace   ] GC(514) Metaspace: 29062K(29376K)->29062K(29376K) NonClass: 25959K(26112K)->25959K(26112K) Class: 3103K(3264K)->3103K(3264K)
[2478.733s][info][gc             ] GC(514) Pause Young (Allocation Failure) 7825M->5521M(7942M) 97.723ms
[2478.733s][info][gc,cpu         ] GC(514) User=0.55s Sys=0.04s Real=0.10s
.....[2483.837s][info][gc,start       ] GC(515) Pause Full (Allocation Failure)
[2483.837s][info][gc,phases,start] GC(515) Marking Phase
[2484.139s][info][gc,phases      ] GC(515) Marking Phase 302.452ms
[2484.139s][info][gc,phases,start] GC(515) Summary Phase
[2484.139s][info][gc,phases      ] GC(515) Summary Phase 0.099ms
[2484.139s][info][gc,phases,start] GC(515) Forward
[2484.266s][info][gc,phases      ] GC(515) Forward 126.929ms
[2484.266s][info][gc,phases,start] GC(515) Adjust Pointers
[2484.471s][info][gc,phases      ] GC(515) Adjust Pointers 204.486ms
[2484.471s][info][gc,phases,start] GC(515) Compaction Phase
[2484.615s][info][gc,phases      ] GC(515) Compaction Phase 144.097ms
[2484.616s][info][gc,phases,start] GC(515) Post Compact
[2484.623s][info][gc,phases      ] GC(515) Post Compact 6.921ms
[2484.739s][info][gc,heap        ] GC(515) PSYoungGen: 2618944K(2630144K)->0K(2632704K) Eden: 2467328K(2467328K)->0K(2470400K) From: 151616K(162816K)->0K(162304K)
[2484.739s][info][gc,heap        ] GC(515) ParOldGen: 5502647K(5502976K)->1594057K(1824256K)
[2484.739s][info][gc,metaspace   ] GC(515) Metaspace: 29062K(29376K)->29062K(29376K) NonClass: 25959K(26112K)->25959K(26112K) Class: 3103K(3264K)->3103K(3264K)
[2484.739s][info][gc             ] GC(515) Pause Full (Allocation Failure) 7931M->1556M(4352M) 902.023ms
[2484.739s][info][gc,cpu         ] GC(515) User=4.23s Sys=0.12s Real=0.90s
.....[2489.067s][info][gc,start       ] GC(516) Pause Young (Allocation Failure)
[2489.128s][info][gc,heap        ] GC(516) PSYoungGen: 2470400K(2632704K)->148960K(2632704K) Eden: 2470400K(2470400K)->0K(2470400K) From: 0K(162304K)->148960K(162304K)
[2489.128s][info][gc,heap        ] GC(516) ParOldGen: 1594057K(1824256K)->1594057K(1824256K)
[2489.128s][info][gc,metaspace   ] GC(516) Metaspace: 29062K(29376K)->29062K(29376K) NonClass: 25959K(26112K)->25959K(26112K) Class: 3103K(3264K)->3103K(3264K)
[2489.128s][info][gc             ] GC(516) Pause Young (Allocation Failure) 3969M->1702M(4352M) 61.036ms
[2489.128s][info][gc,cpu         ] GC(516) User=0.36s Sys=0.00s Real=0.06s
.. (rIR:aIR:PR = 3321:3323:3323) (tPR = 49531) [OK] 
  2490s: Performance info:
         Transaction,    Success,    Partial,     Failed,   Receipts, AvgBarcode, 
             Overall,     201668,          0,          0,     191598,      59.48, 
         Response times:
             Request,    Success,    Partial,     Failed,   SkipFail,     Probes,    Samples,      min,      p50,      p90,      p95,      p99,      max, 
       TotalPurchase,     191598,          0,          0,          0,     184940,     211124,      300,     2600,     4200,     5200,   113000,  1100000,
     InStorePurchase,     100812,          0,          0,          0,      97594,     111205,      300,     2600,     4200,     5200,   140000,  1100000,
      OnlinePurchase,      70594,          0,          0,          0,      68092,      77760,      300,     2500,     4100,     5100,   113000,  1100000,
        InstPurchase,      20192,          0,          0,          0,      19254,      22159,      400,     3100,     4500,     5400,   124000,  1100000,
          AssocOfCat,        204,          0,          0,          0,        140,        200,    17900,    26000,    36000,    44000,    70000,   126000,
      AssocOfProduct,       2018,          0,          0,          0,       1824,       2231,      700,     3000,     4480,     5740,    72000,   107000,
      BusinessReport,        502,          0,          0,          0,        408,        565,    22000,    32000,    40000,    46700,    54000,    67000,
          CustBuyBeh,       2009,          0,          0,          0,       1783,       2151,      100,     2200,     3600,     4400,   101000,   108000,
       ProductReturn,       5337,          0,          0,          0,       4948,       5853,      300,     2800,     4200,     5300,    64000,   106000,

  2490s: (25%)   IR =   3459 ...[2494.074s][info][gc,start       ] GC(517) Pause Young (Allocation Failure)
[2494.163s][info][gc,heap        ] GC(517) PSYoungGen: 2619360K(2632704K)->147968K(2633216K) Eden: 2470400K(2470400K)->0K(2471936K) From: 148960K(162304K)->147968K(161280K)
[2494.163s][info][gc,heap        ] GC(517) ParOldGen: 1594057K(1824256K)->1699689K(1824256K)
[2494.163s][info][gc,metaspace   ] GC(517) Metaspace: 29062K(29376K)->29062K(29376K) NonClass: 25959K(26112K)->25959K(26112K) Class: 3103K(3264K)->3103K(3264K)
[2494.163s][info][gc             ] GC(517) Pause Young (Allocation Failure) 4114M->1804M(4353M) 89.471ms
[2494.163s][info][gc,cpu         ] GC(517) User=0.52s Sys=0.00s Real=0.09s
...|..[2499.065s][info][gc,start       ] GC(518) Pause Young (Allocation Failure)
[2499.155s][info][gc,heap        ] GC(518) PSYoungGen: 2619904K(2633216K)->147808K(2632704K) Eden: 2471936K(2471936K)->0K(2471936K) From: 147968K(161280K)->147808K(160768K)
[2499.155s][info][gc,heap        ] GC(518) ParOldGen: 1699689K(1824256K)->1804089K(1824256K)
[2499.155s][info][gc,metaspace   ] GC(518) Metaspace: 29063K(29376K)->29063K(29376K) NonClass: 25959K(26112K)->25959K(26112K) Class: 3103K(3264K)->3103K(3264K)
[2499.155s][info][gc             ] GC(518) Pause Young (Allocation Failure) 4218M->1906M(4352M) 89.962ms
[2499.155s][info][gc,cpu         ] GC(518) User=0.53s Sys=0.00s Real=0.09s
.....[2504.079s][info][gc,start       ] GC(519) Pause Young (Allocation Failure)
[2504.174s][info][gc,heap        ] GC(519) PSYoungGen: 2619744K(2632704K)->150271K(2634240K) Eden: 2471936K(2471936K)->0K(2475008K) From: 147808K(160768K)->150271K(159232K)
[2504.174s][info][gc,heap        ] GC(519) ParOldGen: 1804089K(1824256K)->1908265K(1908736K)
[2504.174s][info][gc,metaspace   ] GC(519) Metaspace: 29063K(29376K)->29063K(29376K) NonClass: 25959K(26112K)->25959K(26112K) Class: 3103K(3264K)->3103K(3264K)
[2504.174s][info][gc             ] GC(519) Pause Young (Allocation Failure) 4320M->2010M(4436M) 95.243ms
[2504.174s][info][gc,cpu         ] GC(519) User=0.52s Sys=0.03s Real=0.10s
.....[2509.076s][info][gc,start       ] GC(520) Pause Young (Allocation Failure)
[2509.172s][info][gc,heap        ] GC(520) PSYoungGen: 2625279K(2634240K)->149056K(2634240K) Eden: 2475008K(2475008K)->0K(2475008K) From: 150271K(159232K)->149056K(159232K)
[2509.172s][info][gc,heap        ] GC(520) ParOldGen: 1908265K(1908736K)->2013817K(2014208K)
[2509.172s][info][gc,metaspace   ] GC(520) Metaspace: 29063K(29376K)->29063K(29376K) NonClass: 25959K(26112K)->25959K(26112K) Class: 3103K(3264K)->3103K(3264K)
[2509.172s][info][gc             ] GC(520) Pause Young (Allocation Failure) 4427M->2112M(4539M) 95.498ms
[2509.172s][info][gc,cpu         ] GC(520) User=0.53s Sys=0.03s Real=0.10s
.....[2514.118s][info][gc,start       ] GC(521) Pause Young (Allocation Failure)
[2514.213s][info][gc,heap        ] GC(521) PSYoungGen: 2624064K(2634240K)->152512K(2635264K) Eden: 2475008K(2475008K)->0K(2477056K) From: 149056K(159232K)->152512K(158208K)
[2514.213s][info][gc,heap        ] GC(521) ParOldGen: 2013817K(2014208K)->2118553K(2118656K)
[2514.213s][info][gc,metaspace   ] GC(521) Metaspace: 29063K(29376K)->29063K(29376K) NonClass: 25959K(26112K)->25959K(26112K) Class: 3103K(3264K)->3103K(3264K)
[2514.213s][info][gc             ] GC(521) Pause Young (Allocation Failure) 4529M->2217M(4642M) 95.573ms
[2514.213s][info][gc,cpu         ] GC(521) User=0.53s Sys=0.04s Real=0.10s
.....[2519.134s][info][gc,start       ] GC(522) Pause Young (Allocation Failure)
[2519.228s][info][gc,heap        ] GC(522) PSYoungGen: 2629568K(2635264K)->149344K(2635776K) Eden: 2477056K(2477056K)->0K(2477056K) From: 152512K(158208K)->149344K(158720K)
[2519.228s][info][gc,heap        ] GC(522) ParOldGen: 2118553K(2118656K)->2224513K(2224640K)
[2519.228s][info][gc,metaspace   ] GC(522) Metaspace: 29063K(29376K)->29063K(29376K) NonClass: 25959K(26112K)->25959K(26112K) Class: 3103K(3264K)->3103K(3264K)
[2519.228s][info][gc             ] GC(522) Pause Young (Allocation Failure) 4636M->2318M(4746M) 94.212ms
[2519.228s][info][gc,cpu         ] GC(522) User=0.53s Sys=0.03s Real=0.09s
.....[2524.072s][info][gc,start       ] GC(523) Pause Young (Allocation Failure)
[2524.171s][info][gc,heap        ] GC(523) PSYoungGen: 2626400K(2635776K)->153365K(2636288K) Eden: 2477056K(2477056K)->0K(2478592K) From: 149344K(158720K)->153365K(157696K)
[2524.171s][info][gc,heap        ] GC(523) ParOldGen: 2224513K(2224640K)->2330081K(2330112K)
[2524.171s][info][gc,metaspace   ] GC(523) Metaspace: 29063K(29376K)->29063K(29376K) NonClass: 25959K(26112K)->25959K(26112K) Class: 3103K(3264K)->3103K(3264K)
[2524.171s][info][gc             ] GC(523) Pause Young (Allocation Failure) 4737M->2425M(4850M) 98.880ms
[2524.171s][info][gc,cpu         ] GC(523) User=0.55s Sys=0.03s Real=0.10s
.....[2529.115s][info][gc,start       ] GC(524) Pause Young (Allocation Failure)
[2529.210s][info][gc,heap        ] GC(524) PSYoungGen: 2631957K(2636288K)->150016K(2636800K) Eden: 2478592K(2478592K)->0K(2478592K) From: 153365K(157696K)->150016K(158208K)
[2529.210s][info][gc,heap        ] GC(524) ParOldGen: 2330081K(2330112K)->2432633K(2433024K)
[2529.210s][info][gc,metaspace   ] GC(524) Metaspace: 29063K(29376K)->29063K(29376K) NonClass: 25959K(26112K)->25959K(26112K) Class: 3103K(3264K)->3103K(3264K)
[2529.210s][info][gc             ] GC(524) Pause Young (Allocation Failure) 4845M->2522M(4951M) 94.246ms
[2529.210s][info][gc,cpu         ] GC(524) User=0.52s Sys=0.03s Real=0.09s
.....[2534.193s][info][gc,start       ] GC(525) Pause Young (Allocation Failure)
[2534.288s][info][gc,heap        ] GC(525) PSYoungGen: 2628608K(2636800K)->153120K(2637312K) Eden: 2478592K(2478592K)->0K(2479616K) From: 150016K(158208K)->153120K(157696K)
[2534.288s][info][gc,heap        ] GC(525) ParOldGen: 2432633K(2433024K)->2537337K(2537472K)
[2534.288s][info][gc,metaspace   ] GC(525) Metaspace: 29063K(29376K)->29063K(29376K) NonClass: 25959K(26112K)->25959K(26112K) Class: 3103K(3264K)->3103K(3264K)
[2534.288s][info][gc             ] GC(525) Pause Young (Allocation Failure) 4942M->2627M(5053M) 95.475ms
[2534.288s][info][gc,cpu         ] GC(525) User=0.52s Sys=0.03s Real=0.09s
.....[2539.171s][info][gc,start       ] GC(526) Pause Young (Allocation Failure)
[2539.266s][info][gc,heap        ] GC(526) PSYoungGen: 2632736K(2637312K)->147680K(2637824K) Eden: 2479616K(2479616K)->0K(2479616K) From: 153120K(157696K)->147680K(158208K)
[2539.266s][info][gc,heap        ] GC(526) ParOldGen: 2537337K(2537472K)->2645217K(2645504K)
[2539.266s][info][gc,metaspace   ] GC(526) Metaspace: 29063K(29376K)->29063K(29376K) NonClass: 25959K(26112K)->25959K(26112K) Class: 3103K(3264K)->3103K(3264K)
[2539.266s][info][gc             ] GC(526) Pause Young (Allocation Failure) 5048M->2727M(5159M) 95.290ms
[2539.266s][info][gc,cpu         ] GC(526) User=0.53s Sys=0.03s Real=0.09s
.....[2544.256s][info][gc,start       ] GC(527) Pause Young (Allocation Failure)
[2544.354s][info][gc,heap        ] GC(527) PSYoungGen: 2627296K(2637824K)->156608K(2635264K) Eden: 2479616K(2479616K)->0K(2477568K) From: 147680K(158208K)->156608K(157696K)
[2544.354s][info][gc,heap        ] GC(527) ParOldGen: 2645217K(2645504K)->2748625K(2748928K)
[2544.354s][info][gc,metaspace   ] GC(527) Metaspace: 29063K(29376K)->29063K(29376K) NonClass: 25959K(26112K)->25959K(26112K) Class: 3103K(3264K)->3103K(3264K)
[2544.354s][info][gc             ] GC(527) Pause Young (Allocation Failure) 5148M->2837M(5258M) 97.660ms
[2544.354s][info][gc,cpu         ] GC(527) User=0.54s Sys=0.04s Real=0.10s
.....[2549.182s][info][gc,start       ] GC(528) Pause Young (Allocation Failure)
[2549.281s][info][gc,heap        ] GC(528) PSYoungGen: 2634176K(2635264K)->153956K(2631680K) Eden: 2477568K(2477568K)->0K(2477568K) From: 156608K(157696K)->153956K(154112K)
[2549.281s][info][gc,heap        ] GC(528) ParOldGen: 2748625K(2748928K)->2856257K(2856448K)
[2549.281s][info][gc,metaspace   ] GC(528) Metaspace: 29063K(29376K)->29063K(29376K) NonClass: 25959K(26112K)->25959K(26112K) Class: 3103K(3264K)->3103K(3264K)
[2549.281s][info][gc             ] GC(528) Pause Young (Allocation Failure) 5256M->2939M(5359M) 98.212ms
[2549.281s][info][gc,cpu         ] GC(528) User=0.55s Sys=0.03s Real=0.10s
.....[2554.222s][info][gc,start       ] GC(529) Pause Young (Allocation Failure)
[2554.317s][info][gc,heap        ] GC(529) PSYoungGen: 2631524K(2631680K)->150304K(2636800K) Eden: 2477568K(2477568K)->0K(2477056K) From: 153956K(154112K)->150304K(159744K)
[2554.317s][info][gc,heap        ] GC(529) ParOldGen: 2856257K(2856448K)->2959745K(2959872K)
[2554.317s][info][gc,metaspace   ] GC(529) Metaspace: 29063K(29376K)->29063K(29376K) NonClass: 25959K(26112K)->25959K(26112K) Class: 3103K(3264K)->3103K(3264K)
[2554.317s][info][gc             ] GC(529) Pause Young (Allocation Failure) 5359M->3037M(5465M) 95.192ms
[2554.318s][info][gc,cpu         ] GC(529) User=0.52s Sys=0.04s Real=0.09s
[2554.821s][info][gc,start       ] GC(530) Pause Full (Diagnostic Command)
[2554.821s][info][gc,phases,start] GC(530) Marking Phase
[2555.117s][info][gc,phases      ] GC(530) Marking Phase 295.936ms
[2555.117s][info][gc,phases,start] GC(530) Summary Phase
[2555.117s][info][gc,phases      ] GC(530) Summary Phase 0.045ms
[2555.117s][info][gc,phases,start] GC(530) Forward
[2555.249s][info][gc,phases      ] GC(530) Forward 131.263ms
[2555.249s][info][gc,phases,start] GC(530) Adjust Pointers
[2555.452s][info][gc,phases      ] GC(530) Adjust Pointers 203.441ms
[2555.452s][info][gc,phases,start] GC(530) Compaction Phase
[2555.637s][info][gc,phases      ] GC(530) Compaction Phase 184.955ms
[2555.638s][info][gc,phases,start] GC(530) Post Compact
[2555.641s][info][gc,phases      ] GC(530) Post Compact 2.999ms
[2555.641s][info][gc,heap        ] GC(530) PSYoungGen: 430539K(2636800K)->0K(2636800K) Eden: 280235K(2477056K)->0K(2477056K) From: 150304K(159744K)->0K(159744K)
[2555.641s][info][gc,heap        ] GC(530) ParOldGen: 2959745K(2959872K)->1326325K(2959872K)
[2555.641s][info][gc,metaspace   ] GC(530) Metaspace: 29063K(29376K)->29063K(29376K) NonClass: 25959K(26112K)->25959K(26112K) Class: 3103K(3264K)->3103K(3264K)
[2555.641s][info][gc             ] GC(530) Pause Full (Diagnostic Command) 3310M->1295M(5465M) 819.880ms
[2555.641s][info][gc,cpu         ] GC(530) User=4.49s Sys=0.00s Real=0.82s
... (rIR:aIR:PR = 3459:3459:3459) (tPR = 51417) [OK] 
  2557s: Performance info:
         Transaction,    Success,    Partial,     Failed,   Receipts, AvgBarcode, 
             Overall,     210091,          0,          0,     199584,      59.47, 
         Response times:
             Request,    Success,    Partial,     Failed,   SkipFail,     Probes,    Samples,      min,      p50,      p90,      p95,      p99,      max, 
       TotalPurchase,     199584,          0,          0,          0,     193255,     215757,      300,     2700,     4300,     5100,    71000,   840000,
     InStorePurchase,     105049,          0,          0,          0,     101902,     113597,      300,     2800,     4300,     5200,    70000,   840000,
      OnlinePurchase,      73534,          0,          0,          0,      71252,      79412,      300,     2600,     4200,     5000,    71000,   840000,
        InstPurchase,      21001,          0,          0,          0,      20101,      22748,      400,     2100,     4200,     5000,    71000,   830000,
          AssocOfCat,        210,          0,          0,          0,        170,        257,    17500,    26000,    32000,    36000,    92080,   132000,
      AssocOfProduct,       2099,          0,          0,          0,       1912,       2346,      700,     3400,     4600,     5700,    18500,   101000,
      BusinessReport,        526,          0,          0,          0,        434,        580,    23000,    33000,    43900,    50000,   135190,   870000,
          CustBuyBeh,       2100,          0,          0,          0,       1872,       2227,      200,     2200,     3900,     5000,    12332,    98000,
       ProductReturn,       5572,          0,          0,          0,       5264,       6134,      200,     3000,     4300,     4900,    17265,   105000,

  2557s: (26%)   IR =   3598 ..[2559.699s][info][gc,start       ] GC(531) Pause Young (Allocation Failure)
[2559.768s][info][gc,heap        ] GC(531) PSYoungGen: 2477056K(2636800K)->159200K(2636288K) Eden: 2477056K(2477056K)->0K(2477056K) From: 0K(159744K)->159200K(159232K)
[2559.768s][info][gc,heap        ] GC(531) ParOldGen: 1326325K(2959872K)->1335005K(2959872K)
[2559.768s][info][gc,metaspace   ] GC(531) Metaspace: 29063K(29376K)->29063K(29376K) NonClass: 25959K(26112K)->25959K(26112K) Class: 3103K(3264K)->3103K(3264K)
[2559.768s][info][gc             ] GC(531) Pause Young (Allocation Failure) 3714M->1459M(5465M) 68.865ms
[2559.768s][info][gc,cpu         ] GC(531) User=0.41s Sys=0.00s Real=0.07s
....|[2564.510s][info][gc,start       ] GC(532) Pause Young (Allocation Failure)
[2564.599s][info][gc,heap        ] GC(532) PSYoungGen: 2636256K(2636288K)->151200K(2628096K) Eden: 2477056K(2477056K)->0K(2468352K) From: 159200K(159232K)->151200K(159744K)
[2564.599s][info][gc,heap        ] GC(532) ParOldGen: 1335005K(2959872K)->1442589K(2959872K)
[2564.599s][info][gc,metaspace   ] GC(532) Metaspace: 29063K(29376K)->29063K(29376K) NonClass: 25959K(26112K)->25959K(26112K) Class: 3103K(3264K)->3103K(3264K)
[2564.599s][info][gc             ] GC(532) Pause Young (Allocation Failure) 3878M->1556M(5457M) 89.672ms
[2564.599s][info][gc,cpu         ] GC(532) User=0.53s Sys=0.00s Real=0.09s
.....[2569.366s][info][gc,start       ] GC(533) Pause Young (Allocation Failure)
[2569.460s][info][gc,heap        ] GC(533) PSYoungGen: 2619552K(2628096K)->160553K(2629120K) Eden: 2468352K(2468352K)->0K(2468352K) From: 151200K(159744K)->160553K(160768K)
[2569.460s][info][gc,heap        ] GC(533) ParOldGen: 1442589K(2959872K)->1547413K(2959872K)
[2569.460s][info][gc,metaspace   ] GC(533) Metaspace: 29063K(29376K)->29063K(29376K) NonClass: 25959K(26112K)->25959K(26112K) Class: 3103K(3264K)->3103K(3264K)
[2569.460s][info][gc             ] GC(533) Pause Young (Allocation Failure) 3966M->1667M(5458M) 93.754ms
[2569.460s][info][gc,cpu         ] GC(533) User=0.56s Sys=0.00s Real=0.10s
.....[2574.180s][info][gc,start       ] GC(534) Pause Young (Allocation Failure)
[2574.271s][info][gc,heap        ] GC(534) PSYoungGen: 2628905K(2629120K)->151320K(2631168K) Eden: 2468352K(2468352K)->0K(2465792K) From: 160553K(160768K)->151320K(165376K)
[2574.271s][info][gc,heap        ] GC(534) ParOldGen: 1547413K(2959872K)->1652149K(2959872K)
[2574.271s][info][gc,metaspace   ] GC(534) Metaspace: 29063K(29376K)->29063K(29376K) NonClass: 25959K(26112K)->25959K(26112K) Class: 3103K(3264K)->3103K(3264K)
[2574.271s][info][gc             ] GC(534) Pause Young (Allocation Failure) 4078M->1761M(5460M) 91.040ms
[2574.271s][info][gc,cpu         ] GC(534) User=0.54s Sys=0.00s Real=0.10s
.....[2578.906s][info][gc,start       ] GC(535) Pause Young (Allocation Failure)
[2578.998s][info][gc,heap        ] GC(535) PSYoungGen: 2617112K(2631168K)->150336K(2616320K) Eden: 2465792K(2465792K)->0K(2465792K) From: 151320K(165376K)->150336K(150528K)
[2578.998s][info][gc,heap        ] GC(535) ParOldGen: 1652149K(2959872K)->1758181K(2959872K)
[2578.998s][info][gc,metaspace   ] GC(535) Metaspace: 29063K(29376K)->29063K(29376K) NonClass: 25959K(26112K)->25959K(26112K) Class: 3103K(3264K)->3103K(3264K)
[2578.998s][info][gc             ] GC(535) Pause Young (Allocation Failure) 4169M->1863M(5445M) 91.222ms
[2578.998s][info][gc,cpu         ] GC(535) User=0.54s Sys=0.01s Real=0.09s
.....[2583.821s][info][gc,start       ] GC(536) Pause Young (Allocation Failure)
[2583.916s][info][gc,heap        ] GC(536) PSYoungGen: 2616128K(2616320K)->163392K(2626048K) Eden: 2465792K(2465792K)->0K(2462208K) From: 150336K(150528K)->163392K(163840K)
[2583.916s][info][gc,heap        ] GC(536) ParOldGen: 1758181K(2959872K)->1861373K(2959872K)
[2583.916s][info][gc,metaspace   ] GC(536) Metaspace: 29063K(29376K)->29063K(29376K) NonClass: 25959K(26112K)->25959K(26112K) Class: 3103K(3264K)->3103K(3264K)
[2583.916s][info][gc             ] GC(536) Pause Young (Allocation Failure) 4271M->1977M(5455M) 95.076ms
[2583.916s][info][gc,cpu         ] GC(536) User=0.57s Sys=0.00s Real=0.09s
....[2588.557s][info][gc,start       ] GC(537) Pause Young (Allocation Failure)
[2588.648s][info][gc,heap        ] GC(537) PSYoungGen: 2625600K(2626048K)->148992K(2629120K) Eden: 2462208K(2462208K)->0K(2462208K) From: 163392K(163840K)->148992K(166912K)
[2588.648s][info][gc,heap        ] GC(537) ParOldGen: 1861373K(2959872K)->1968677K(2959872K)
[2588.648s][info][gc,metaspace   ] GC(537) Metaspace: 29063K(29376K)->29063K(29376K) NonClass: 25959K(26112K)->25959K(26112K) Class: 3103K(3264K)->3103K(3264K)
[2588.648s][info][gc             ] GC(537) Pause Young (Allocation Failure) 4381M->2068M(5458M) 90.987ms
[2588.648s][info][gc,cpu         ] GC(537) User=0.54s Sys=0.00s Real=0.09s
.....[2593.311s][info][gc,start       ] GC(538) Pause Young (Allocation Failure)
[2593.402s][info][gc,heap        ] GC(538) PSYoungGen: 2611200K(2629120K)->150496K(2627584K) Eden: 2462208K(2462208K)->0K(2462720K) From: 148992K(166912K)->150496K(164864K)
[2593.402s][info][gc,heap        ] GC(538) ParOldGen: 1968677K(2959872K)->2071573K(2959872K)
[2593.402s][info][gc,metaspace   ] GC(538) Metaspace: 29063K(29376K)->29063K(29376K) NonClass: 25959K(26112K)->25959K(26112K) Class: 3103K(3264K)->3103K(3264K)
[2593.402s][info][gc             ] GC(538) Pause Young (Allocation Failure) 4472M->2169M(5456M) 90.201ms
[2593.402s][info][gc,cpu         ] GC(538) User=0.53s Sys=0.00s Real=0.09s
.....[2598.143s][info][gc,start       ] GC(539) Pause Young (Allocation Failure)
[2598.233s][info][gc,heap        ] GC(539) PSYoungGen: 2613216K(2627584K)->150720K(2628608K) Eden: 2462720K(2462720K)->0K(2462720K) From: 150496K(164864K)->150720K(165888K)
[2598.233s][info][gc,heap        ] GC(539) ParOldGen: 2071573K(2959872K)->2176997K(2959872K)
[2598.233s][info][gc,metaspace   ] GC(539) Metaspace: 29063K(29376K)->29063K(29376K) NonClass: 25959K(26112K)->25959K(26112K) Class: 3103K(3264K)->3103K(3264K)
[2598.233s][info][gc             ] GC(539) Pause Young (Allocation Failure) 4574M->2273M(5457M) 89.879ms
[2598.233s][info][gc,cpu         ] GC(539) User=0.53s Sys=0.00s Real=0.09s
.....[2602.958s][info][gc,start       ] GC(540) Pause Young (Allocation Failure)
[2603.049s][info][gc,heap        ] GC(540) PSYoungGen: 2613440K(2628608K)->147808K(2629120K) Eden: 2462720K(2462720K)->0K(2465280K) From: 150720K(165888K)->147808K(163840K)
[2603.049s][info][gc,heap        ] GC(540) ParOldGen: 2176997K(2959872K)->2282997K(2959872K)
[2603.049s][info][gc,metaspace   ] GC(540) Metaspace: 29063K(29376K)->29063K(29376K) NonClass: 25959K(26112K)->25959K(26112K) Class: 3103K(3264K)->3103K(3264K)
[2603.049s][info][gc             ] GC(540) Pause Young (Allocation Failure) 4678M->2373M(5458M) 90.714ms
[2603.049s][info][gc,cpu         ] GC(540) User=0.54s Sys=0.00s Real=0.09s
.....[2607.792s][info][gc,start       ] GC(541) Pause Young (Allocation Failure)
[2607.883s][info][gc,heap        ] GC(541) PSYoungGen: 2613088K(2629120K)->152640K(2629632K) Eden: 2465280K(2465280K)->0K(2465280K) From: 147808K(163840K)->152640K(164352K)
[2607.883s][info][gc,heap        ] GC(541) ParOldGen: 2282997K(2959872K)->2387493K(2959872K)
[2607.883s][info][gc,metaspace   ] GC(541) Metaspace: 29063K(29376K)->29063K(29376K) NonClass: 25959K(26112K)->25959K(26112K) Class: 3103K(3264K)->3103K(3264K)
[2607.883s][info][gc             ] GC(541) Pause Young (Allocation Failure) 4781M->2480M(5458M) 91.153ms
[2607.883s][info][gc,cpu         ] GC(541) User=0.54s Sys=0.00s Real=0.09s
....[2612.529s][info][gc,start       ] GC(542) Pause Young (Allocation Failure)
[2612.621s][info][gc,heap        ] GC(542) PSYoungGen: 2617920K(2629632K)->150464K(2631168K) Eden: 2465280K(2465280K)->0K(2468352K) From: 152640K(164352K)->150464K(162816K)
[2612.621s][info][gc,heap        ] GC(542) ParOldGen: 2387493K(2959872K)->2492269K(2959872K)
[2612.621s][info][gc,metaspace   ] GC(542) Metaspace: 29063K(29376K)->29063K(29376K) NonClass: 25959K(26112K)->25959K(26112K) Class: 3103K(3264K)->3103K(3264K)
[2612.621s][info][gc             ] GC(542) Pause Young (Allocation Failure) 4888M->2580M(5460M) 91.695ms
[2612.621s][info][gc,cpu         ] GC(542) User=0.54s Sys=0.00s Real=0.10s
.....[2617.342s][info][gc,start       ] GC(543) Pause Young (Allocation Failure)
[2617.433s][info][gc,heap        ] GC(543) PSYoungGen: 2618816K(2631168K)->150912K(2631168K) Eden: 2468352K(2468352K)->0K(2468352K) From: 150464K(162816K)->150912K(162816K)
[2617.433s][info][gc,heap        ] GC(543) ParOldGen: 2492269K(2959872K)->2597141K(2959872K)
[2617.433s][info][gc,metaspace   ] GC(543) Metaspace: 29063K(29376K)->29063K(29376K) NonClass: 25959K(26112K)->25959K(26112K) Class: 3103K(3264K)->3103K(3264K)
[2617.433s][info][gc             ] GC(543) Pause Young (Allocation Failure) 4991M->2683M(5460M) 91.414ms
[2617.433s][info][gc,cpu         ] GC(543) User=0.54s Sys=0.00s Real=0.09s
.....[2622.130s][info][gc,start       ] GC(544) Pause Young (Allocation Failure)
[2622.223s][info][gc,heap        ] GC(544) PSYoungGen: 2619264K(2631168K)->153744K(2632192K) Eden: 2468352K(2468352K)->0K(2470400K) From: 150912K(162816K)->153744K(161792K)
[2622.223s][info][gc,heap        ] GC(544) ParOldGen: 2597141K(2959872K)->2703093K(2959872K)
[2622.223s][info][gc,metaspace   ] GC(544) Metaspace: 29063K(29376K)->29063K(29376K) NonClass: 25959K(26112K)->25959K(26112K) Class: 3103K(3264K)->3103K(3264K)
[2622.223s][info][gc             ] GC(544) Pause Young (Allocation Failure) 5094M->2789M(5461M) 93.360ms
[2622.223s][info][gc,cpu         ] GC(544) User=0.55s Sys=0.00s Real=0.09s
.. (rIR:aIR:PR = 3598:3598:3598) (tPR = 53443) [OK] 
  2623s: Performance info:
         Transaction,    Success,    Partial,     Failed,   Receipts, AvgBarcode, 
             Overall,     216068,          0,          0,     205264,      59.47, 
         Response times:
             Request,    Success,    Partial,     Failed,   SkipFail,     Probes,    Samples,      min,      p50,      p90,      p95,      p99,      max, 
       TotalPurchase,     205265,          0,          0,          0,     201658,     222020,      300,     2800,     4400,     5000,    14600,    98000,
     InStorePurchase,     108027,          0,          0,          0,     106236,     116718,      300,     2900,     4500,     5100,    15081,    98000,
      OnlinePurchase,      75631,          0,          0,          0,      74335,      81763,      300,     2700,     4300,     4900,    14200,    97000,
        InstPurchase,      21607,          0,          0,          0,      21087,      23539,      400,     2300,     4300,     4900,    12860,    97000,
          AssocOfCat,        216,          0,          0,          0,        160,        223,    17900,    27000,    33000,    37000,    46280,   115000,
      AssocOfProduct,       2163,          0,          0,          0,       1944,       2306,      400,     3400,     4800,     5600,    16479,    97000,
      BusinessReport,        540,          0,          0,          0,        457,        595,    23000,    33000,    40400,    47200,   129040,   144000,
          CustBuyBeh,       2157,          0,          0,          0,       1960,       2312,      200,     1400,     2500,     2900,     6787,    94000,
       ProductReturn,       5726,          0,          0,          0,       5465,       6373,      200,     2700,     4300,     4900,    14726,    97000,

  2623s: (27%)   IR =   3736 ...[2626.806s][info][gc,start       ] GC(545) Pause Young (Allocation Failure)
[2626.896s][info][gc,heap        ] GC(545) PSYoungGen: 2624144K(2632192K)->151616K(2632192K) Eden: 2470400K(2470400K)->0K(2470400K) From: 153744K(161792K)->151616K(161792K)
[2626.897s][info][gc,heap        ] GC(545) ParOldGen: 2703093K(2959872K)->2807573K(2959872K)
[2626.897s][info][gc,metaspace   ] GC(545) Metaspace: 29063K(29376K)->29063K(29376K) NonClass: 25960K(26112K)->25960K(26112K) Class: 3103K(3264K)->3103K(3264K)
[2626.897s][info][gc             ] GC(545) Pause Young (Allocation Failure) 5202M->2889M(5461M) 90.679ms
[2626.897s][info][gc,cpu         ] GC(545) User=0.54s Sys=0.00s Real=0.09s
...|.[2631.437s][info][gc,start       ] GC(546) Pause Young (Allocation Failure)
[2631.528s][info][gc,heap        ] GC(546) PSYoungGen: 2622016K(2632192K)->151680K(2633728K) Eden: 2470400K(2470400K)->0K(2472960K) From: 151616K(161792K)->151680K(160768K)
[2631.528s][info][gc,heap        ] GC(546) ParOldGen: 2807573K(2959872K)->2910837K(2959872K)
[2631.528s][info][gc,metaspace   ] GC(546) Metaspace: 29063K(29376K)->29063K(29376K) NonClass: 25960K(26112K)->25960K(26112K) Class: 3103K(3264K)->3103K(3264K)
[2631.528s][info][gc             ] GC(546) Pause Young (Allocation Failure) 5302M->2990M(5462M) 90.884ms
[2631.528s][info][gc,cpu         ] GC(546) User=0.54s Sys=0.00s Real=0.09s
.....[2636.066s][info][gc,start       ] GC(547) Pause Young (Allocation Failure)
[2636.163s][info][gc,heap        ] GC(547) PSYoungGen: 2624640K(2633728K)->154532K(2633216K) Eden: 2472960K(2472960K)->0K(2472960K) From: 151680K(160768K)->154532K(160256K)
[2636.163s][info][gc,heap        ] GC(547) ParOldGen: 2910837K(2959872K)->3017205K(3017216K)
[2636.163s][info][gc,metaspace   ] GC(547) Metaspace: 29063K(29376K)->29063K(29376K) NonClass: 25960K(26112K)->25960K(26112K) Class: 3103K(3264K)->3103K(3264K)
[2636.163s][info][gc             ] GC(547) Pause Young (Allocation Failure) 5405M->3097M(5518M) 96.806ms
[2636.163s][info][gc,cpu         ] GC(547) User=0.55s Sys=0.02s Real=0.10s
....[2640.723s][info][gc,start       ] GC(548) Pause Young (Allocation Failure)
[2640.819s][info][gc,heap        ] GC(548) PSYoungGen: 2627492K(2633216K)->153888K(2635264K) Eden: 2472960K(2472960K)->0K(2475520K) From: 154532K(160256K)->153888K(159744K)
[2640.819s][info][gc,heap        ] GC(548) ParOldGen: 3017205K(3017216K)->3122669K(3122688K)
[2640.819s][info][gc,metaspace   ] GC(548) Metaspace: 29063K(29376K)->29063K(29376K) NonClass: 25960K(26112K)->25960K(26112K) Class: 3103K(3264K)->3103K(3264K)
[2640.819s][info][gc             ] GC(548) Pause Young (Allocation Failure) 5512M->3199M(5623M) 95.857ms
[2640.819s][info][gc,cpu         ] GC(548) User=0.54s Sys=0.03s Real=0.09s
.....[2645.405s][info][gc,start       ] GC(549) Pause Young (Allocation Failure)
[2645.501s][info][gc,heap        ] GC(549) PSYoungGen: 2629408K(2635264K)->151584K(2635264K) Eden: 2475520K(2475520K)->0K(2475520K) From: 153888K(159744K)->151584K(159744K)
[2645.501s][info][gc,heap        ] GC(549) ParOldGen: 3122669K(3122688K)->3228461K(3228672K)
[2645.501s][info][gc,metaspace   ] GC(549) Metaspace: 29063K(29376K)->29063K(29376K) NonClass: 25960K(26112K)->25960K(26112K) Class: 3103K(3264K)->3103K(3264K)
[2645.501s][info][gc             ] GC(549) Pause Young (Allocation Failure) 5617M->3300M(5726M) 95.970ms
[2645.501s][info][gc,cpu         ] GC(549) User=0.54s Sys=0.03s Real=0.10s
.....[2650.004s][info][gc,start       ] GC(550) Pause Young (Allocation Failure)
[2650.104s][info][gc,heap        ] GC(550) PSYoungGen: 2627104K(2635264K)->155892K(2634752K) Eden: 2475520K(2475520K)->0K(2475520K) From: 151584K(159744K)->155892K(159232K)
[2650.104s][info][gc,heap        ] GC(550) ParOldGen: 3228461K(3228672K)->3334317K(3334656K)
[2650.104s][info][gc,metaspace   ] GC(550) Metaspace: 29063K(29376K)->29063K(29376K) NonClass: 25960K(26112K)->25960K(26112K) Class: 3103K(3264K)->3103K(3264K)
[2650.104s][info][gc             ] GC(550) Pause Young (Allocation Failure) 5718M->3408M(5829M) 99.820ms
[2650.104s][info][gc,cpu         ] GC(550) User=0.56s Sys=0.03s Real=0.10s
....[2654.623s][info][gc,start       ] GC(551) Pause Young (Allocation Failure)
[2654.719s][info][gc,heap        ] GC(551) PSYoungGen: 2631412K(2634752K)->150368K(2635776K) Eden: 2475520K(2475520K)->0K(2475520K) From: 155892K(159232K)->150368K(160256K)
[2654.719s][info][gc,heap        ] GC(551) ParOldGen: 3334317K(3334656K)->3438685K(3439104K)
[2654.719s][info][gc,metaspace   ] GC(551) Metaspace: 29063K(29376K)->29063K(29376K) NonClass: 25960K(26112K)->25960K(26112K) Class: 3103K(3264K)->3103K(3264K)
[2654.719s][info][gc             ] GC(551) Pause Young (Allocation Failure) 5825M->3504M(5932M) 95.893ms
[2654.719s][info][gc,cpu         ] GC(551) User=0.53s Sys=0.03s Real=0.09s
.....[2659.266s][info][gc,start       ] GC(552) Pause Young (Allocation Failure)
[2659.369s][info][gc,heap        ] GC(552) PSYoungGen: 2625888K(2635776K)->159732K(2553344K) Eden: 2475520K(2475520K)->0K(2393600K) From: 150368K(160256K)->159732K(159744K)
[2659.370s][info][gc,heap        ] GC(552) ParOldGen: 3438685K(3439104K)->3545997K(3546112K)
[2659.370s][info][gc,metaspace   ] GC(552) Metaspace: 29063K(29376K)->29063K(29376K) NonClass: 25960K(26112K)->25960K(26112K) Class: 3103K(3264K)->3103K(3264K)
[2659.370s][info][gc             ] GC(552) Pause Young (Allocation Failure) 5922M->3618M(5956M) 103.277ms
[2659.370s][info][gc,cpu         ] GC(552) User=0.59s Sys=0.03s Real=0.10s
....[2663.785s][info][gc,start       ] GC(553) Pause Young (Allocation Failure)
[2663.883s][info][gc,heap        ] GC(553) PSYoungGen: 2553332K(2553344K)->154352K(2594816K) Eden: 2393600K(2393600K)->0K(2393600K) From: 159732K(159744K)->154352K(201216K)
[2663.883s][info][gc,heap        ] GC(553) ParOldGen: 3545997K(3546112K)->3652277K(3652608K)
[2663.883s][info][gc,metaspace   ] GC(553) Metaspace: 29063K(29376K)->29063K(29376K) NonClass: 25960K(26112K)->25960K(26112K) Class: 3103K(3264K)->3103K(3264K)
[2663.883s][info][gc             ] GC(553) Pause Young (Allocation Failure) 5956M->3717M(6101M) 98.503ms
[2663.883s][info][gc,cpu         ] GC(553) User=0.54s Sys=0.04s Real=0.10s
.....[2668.259s][info][gc,start       ] GC(554) Pause Young (Allocation Failure)
[2668.355s][info][gc,heap        ] GC(554) PSYoungGen: 2547952K(2594816K)->151376K(2589696K) Eden: 2393600K(2393600K)->0K(2395648K) From: 154352K(201216K)->151376K(194048K)
[2668.355s][info][gc,heap        ] GC(554) ParOldGen: 3652277K(3652608K)->3755685K(3756032K)
[2668.355s][info][gc,metaspace   ] GC(554) Metaspace: 29063K(29376K)->29063K(29376K) NonClass: 25960K(26112K)->25960K(26112K) Class: 3103K(3264K)->3103K(3264K)
[2668.355s][info][gc             ] GC(554) Pause Young (Allocation Failure) 6054M->3815M(6197M) 96.330ms
[2668.355s][info][gc,cpu         ] GC(554) User=0.53s Sys=0.05s Real=0.10s
....[2672.777s][info][gc,start       ] GC(555) Pause Young (Allocation Failure)
[2672.871s][info][gc,heap        ] GC(555) PSYoungGen: 2547024K(2589696K)->150208K(2593280K) Eden: 2395648K(2395648K)->0K(2395648K) From: 151376K(194048K)->150208K(197632K)
[2672.871s][info][gc,heap        ] GC(555) ParOldGen: 3755685K(3756032K)->3859205K(3859456K)
[2672.871s][info][gc,metaspace   ] GC(555) Metaspace: 29063K(29376K)->29063K(29376K) NonClass: 25960K(26112K)->25960K(26112K) Class: 3103K(3264K)->3103K(3264K)
[2672.871s][info][gc             ] GC(555) Pause Young (Allocation Failure) 6154M->3915M(6301M) 93.973ms
[2672.871s][info][gc,cpu         ] GC(555) User=0.52s Sys=0.03s Real=0.10s
.....[2677.235s][info][gc,start       ] GC(556) Pause Young (Allocation Failure)
[2677.328s][info][gc,heap        ] GC(556) PSYoungGen: 2545856K(2593280K)->145760K(2594816K) Eden: 2395648K(2395648K)->0K(2402304K) From: 150208K(197632K)->145760K(192512K)
[2677.328s][info][gc,heap        ] GC(556) ParOldGen: 3859205K(3859456K)->3963805K(3963904K)
[2677.328s][info][gc,metaspace   ] GC(556) Metaspace: 29065K(29376K)->29065K(29376K) NonClass: 25962K(26112K)->25962K(26112K) Class: 3103K(3264K)->3103K(3264K)
[2677.328s][info][gc             ] GC(556) Pause Young (Allocation Failure) 6254M->4013M(6405M) 93.380ms
[2677.328s][info][gc,cpu         ] GC(556) User=0.53s Sys=0.02s Real=0.09s
....[2681.769s][info][gc,start       ] GC(557) Pause Young (Allocation Failure)
[2681.865s][info][gc,heap        ] GC(557) PSYoungGen: 2548064K(2594816K)->150912K(2597376K) Eden: 2402304K(2402304K)->0K(2402304K) From: 145760K(192512K)->150912K(195072K)
[2681.865s][info][gc,heap        ] GC(557) ParOldGen: 3963805K(3963904K)->4066317K(4066816K)
[2681.865s][info][gc,metaspace   ] GC(557) Metaspace: 29065K(29376K)->29065K(29376K) NonClass: 25962K(26112K)->25962K(26112K) Class: 3103K(3264K)->3103K(3264K)
[2681.865s][info][gc             ] GC(557) Pause Young (Allocation Failure) 6359M->4118M(6508M) 95.477ms
[2681.865s][info][gc,cpu         ] GC(557) User=0.53s Sys=0.03s Real=0.10s
.....[2686.225s][info][gc,start       ] GC(558) Pause Young (Allocation Failure)
[2686.322s][info][gc,heap        ] GC(558) PSYoungGen: 2553216K(2597376K)->152373K(2595328K) Eden: 2402304K(2402304K)->0K(2407936K) From: 150912K(195072K)->152373K(187392K)
[2686.322s][info][gc,heap        ] GC(558) ParOldGen: 4066317K(4066816K)->4170237K(4170240K)
[2686.322s][info][gc,metaspace   ] GC(558) Metaspace: 29065K(29376K)->29065K(29376K) NonClass: 25962K(26112K)->25962K(26112K) Class: 3103K(3264K)->3103K(3264K)
[2686.322s][info][gc             ] GC(558) Pause Young (Allocation Failure) 6464M->4221M(6607M) 97.569ms
[2686.322s][info][gc,cpu         ] GC(558) User=0.55s Sys=0.04s Real=0.10s
.... (rIR:aIR:PR = 3736:3735:3735) (tPR = 55562) [OK] 
  2689s: Performance info:
         Transaction,    Success,    Partial,     Failed,   Receipts, AvgBarcode, 
             Overall,     224736,          0,          0,     213503,      59.48, 
         Response times:
             Request,    Success,    Partial,     Failed,   SkipFail,     Probes,    Samples,      min,      p50,      p90,      p95,      p99,      max, 
       TotalPurchase,     213503,          0,          0,          0,     210170,     231978,      300,     2900,     4600,     5300,    17100,   133000,
     InStorePurchase,     112356,          0,          0,          0,     110584,     121798,      300,     2800,     4600,     5300,    17100,   133000,
      OnlinePurchase,      78648,          0,          0,          0,      77650,      85636,      300,     2900,     4600,     5300,    17300,   131000,
        InstPurchase,      22499,          0,          0,          0,      21936,      24544,      400,     3000,     4600,     5200,    15700,   112000,
          AssocOfCat,        221,          0,          0,          0,        165,        241,    19100,    30000,    36800,    39000,   111820,   146000,
      AssocOfProduct,       2249,          0,          0,          0,       2036,       2410,      600,     2600,     4200,     4900,    14078,   101000,
      BusinessReport,        565,          0,          0,          0,        474,        615,    19600,    34000,    46000,    50000,   130680,   173000,
          CustBuyBeh,       2242,          0,          0,          0,       2071,       2487,      200,     2400,     3800,     4600,    14784,   102000,
       ProductReturn,       5956,          0,          0,          0,       5697,       6550,      200,     2300,     4200,     5000,    12598,   129000,

  2689s: (28%)   IR =   3874 [2690.763s][info][gc,start       ] GC(559) Pause Young (Allocation Failure)
[2690.859s][info][gc,heap        ] GC(559) PSYoungGen: 2560309K(2595328K)->150577K(2598400K) Eden: 2407936K(2407936K)->0K(2407936K) From: 152373K(187392K)->150577K(190464K)
[2690.859s][info][gc,heap        ] GC(559) ParOldGen: 4170237K(4170240K)->4273421K(4273664K)
[2690.859s][info][gc,metaspace   ] GC(559) Metaspace: 29065K(29376K)->29065K(29376K) NonClass: 25962K(26112K)->25962K(26112K) Class: 3103K(3264K)->3103K(3264K)
[2690.859s][info][gc             ] GC(559) Pause Young (Allocation Failure) 6572M->4320M(6711M) 96.290ms
[2690.859s][info][gc,cpu         ] GC(559) User=0.53s Sys=0.04s Real=0.09s
.....[2695.100s][info][gc,start       ] GC(560) Pause Young (Allocation Failure)
[2695.195s][info][gc,heap        ] GC(560) PSYoungGen: 2558513K(2598400K)->145664K(2602496K) Eden: 2407936K(2407936K)->0K(2417152K) From: 150577K(190464K)->145664K(185344K)
[2695.195s][info][gc,heap        ] GC(560) ParOldGen: 4273421K(4273664K)->4377313K(4377600K)
[2695.195s][info][gc,metaspace   ] GC(560) Metaspace: 29065K(29376K)->29065K(29376K) NonClass: 25962K(26112K)->25962K(26112K) Class: 3103K(3264K)->3103K(3264K)
[2695.195s][info][gc             ] GC(560) Pause Young (Allocation Failure) 6671M->4416M(6816M) 94.448ms
[2695.195s][info][gc,cpu         ] GC(560) User=0.51s Sys=0.04s Real=0.09s
..|..[2699.397s][info][gc,start       ] GC(561) Pause Young (Allocation Failure)
[2699.493s][info][gc,heap        ] GC(561) PSYoungGen: 2562816K(2602496K)->148519K(2604544K) Eden: 2417152K(2417152K)->0K(2417152K) From: 145664K(185344K)->148519K(187392K)
[2699.493s][info][gc,heap        ] GC(561) ParOldGen: 4377313K(4377600K)->4480857K(4481024K)
[2699.493s][info][gc,metaspace   ] GC(561) Metaspace: 29065K(29376K)->29065K(29376K) NonClass: 25962K(26112K)->25962K(26112K) Class: 3103K(3264K)->3103K(3264K)
[2699.494s][info][gc             ] GC(561) Pause Young (Allocation Failure) 6777M->4520M(6919M) 96.949ms
[2699.494s][info][gc,cpu         ] GC(561) User=0.54s Sys=0.03s Real=0.10s
....[2703.815s][info][gc,start       ] GC(562) Pause Young (Allocation Failure)
[2703.912s][info][gc,heap        ] GC(562) PSYoungGen: 2565671K(2604544K)->151232K(2604544K) Eden: 2417152K(2417152K)->0K(2423296K) From: 148519K(187392K)->151232K(181248K)
[2703.912s][info][gc,heap        ] GC(562) ParOldGen: 4480857K(4481024K)->4583745K(4583936K)
[2703.912s][info][gc,metaspace   ] GC(562) Metaspace: 29065K(29376K)->29065K(29376K) NonClass: 25962K(26112K)->25962K(26112K) Class: 3103K(3264K)->3103K(3264K)
[2703.912s][info][gc             ] GC(562) Pause Young (Allocation Failure) 6881M->4624M(7020M) 96.312ms
[2703.912s][info][gc,cpu         ] GC(562) User=0.55s Sys=0.02s Real=0.10s
.....[2708.170s][info][gc,start       ] GC(563) Pause Young (Allocation Failure)
[2708.268s][info][gc,heap        ] GC(563) PSYoungGen: 2574528K(2604544K)->152836K(2606592K) Eden: 2423296K(2423296K)->0K(2423296K) From: 151232K(181248K)->152836K(183296K)
[2708.268s][info][gc,heap        ] GC(563) ParOldGen: 4583745K(4583936K)->4688849K(4688896K)
[2708.268s][info][gc,metaspace   ] GC(563) Metaspace: 29068K(29376K)->29068K(29376K) NonClass: 25965K(26112K)->25965K(26112K) Class: 3103K(3264K)->3103K(3264K)
[2708.268s][info][gc             ] GC(563) Pause Young (Allocation Failure) 6990M->4728M(7124M) 98.413ms
[2708.268s][info][gc,cpu         ] GC(563) User=0.55s Sys=0.03s Real=0.10s
....[2712.588s][info][gc,start       ] GC(564) Pause Young (Allocation Failure)
[2712.683s][info][gc,heap        ] GC(564) PSYoungGen: 2576132K(2606592K)->150816K(2609152K) Eden: 2423296K(2423296K)->0K(2432000K) From: 152836K(183296K)->150816K(177152K)
[2712.683s][info][gc,heap        ] GC(564) ParOldGen: 4688849K(4688896K)->4790801K(4791296K)
[2712.683s][info][gc,metaspace   ] GC(564) Metaspace: 29068K(29376K)->29068K(29376K) NonClass: 25965K(26112K)->25965K(26112K) Class: 3103K(3264K)->3103K(3264K)
[2712.683s][info][gc             ] GC(564) Pause Young (Allocation Failure) 7094M->4825M(7227M) 95.140ms
[2712.683s][info][gc,cpu         ] GC(564) User=0.52s Sys=0.04s Real=0.10s
.....[2716.955s][info][gc,start       ] GC(565) Pause Young (Allocation Failure)
[2717.050s][info][gc,heap        ] GC(565) PSYoungGen: 2582816K(2609152K)->145184K(2610688K) Eden: 2432000K(2432000K)->0K(2432000K) From: 150816K(177152K)->145184K(178688K)
[2717.050s][info][gc,heap        ] GC(565) ParOldGen: 4790801K(4791296K)->4896201K(4896256K)
[2717.050s][info][gc,metaspace   ] GC(565) Metaspace: 29068K(29376K)->29068K(29376K) NonClass: 25965K(26112K)->25965K(26112K) Class: 3103K(3264K)->3103K(3264K)
[2717.050s][info][gc             ] GC(565) Pause Young (Allocation Failure) 7200M->4923M(7331M) 94.874ms
[2717.050s][info][gc,cpu         ] GC(565) User=0.52s Sys=0.03s Real=0.10s
....[2721.370s][info][gc,start       ] GC(566) Pause Young (Allocation Failure)
[2721.466s][info][gc,heap        ] GC(566) PSYoungGen: 2577184K(2610688K)->148928K(2613760K) Eden: 2432000K(2432000K)->0K(2439680K) From: 145184K(178688K)->148928K(174080K)
[2721.466s][info][gc,heap        ] GC(566) ParOldGen: 4896201K(4896256K)->4999985K(5000192K)
[2721.466s][info][gc,metaspace   ] GC(566) Metaspace: 29068K(29376K)->29068K(29376K) NonClass: 25965K(26112K)->25965K(26112K) Class: 3103K(3264K)->3103K(3264K)
[2721.466s][info][gc             ] GC(566) Pause Young (Allocation Failure) 7298M->5028M(7435M) 96.140ms
[2721.466s][info][gc,cpu         ] GC(566) User=0.53s Sys=0.04s Real=0.10s
....[2725.785s][info][gc,start       ] GC(567) Pause Young (Allocation Failure)
[2725.883s][info][gc,heap        ] GC(567) PSYoungGen: 2588608K(2613760K)->151456K(2615808K) Eden: 2439680K(2439680K)->0K(2439680K) From: 148928K(174080K)->151456K(176128K)
[2725.883s][info][gc,heap        ] GC(567) ParOldGen: 4999985K(5000192K)->5104497K(5104640K)
[2725.883s][info][gc,metaspace   ] GC(567) Metaspace: 29068K(29376K)->29068K(29376K) NonClass: 25965K(26112K)->25965K(26112K) Class: 3103K(3264K)->3103K(3264K)
[2725.883s][info][gc             ] GC(567) Pause Young (Allocation Failure) 7410M->5132M(7539M) 97.586ms
[2725.883s][info][gc,cpu         ] GC(567) User=0.55s Sys=0.03s Real=0.10s
.....[2730.224s][info][gc,start       ] GC(568) Pause Young (Allocation Failure)
[2730.320s][info][gc,heap        ] GC(568) PSYoungGen: 2591136K(2615808K)->148640K(2616832K) Eden: 2439680K(2439680K)->0K(2445824K) From: 151456K(176128K)->148640K(171008K)
[2730.320s][info][gc,heap        ] GC(568) ParOldGen: 5104497K(5104640K)->5208985K(5209088K)
[2730.320s][info][gc,metaspace   ] GC(568) Metaspace: 29068K(29376K)->29068K(29376K) NonClass: 25965K(26112K)->25965K(26112K) Class: 3103K(3264K)->3103K(3264K)
[2730.320s][info][gc             ] GC(568) Pause Young (Allocation Failure) 7515M->5232M(7642M) 96.727ms
[2730.320s][info][gc,cpu         ] GC(568) User=0.53s Sys=0.03s Real=0.10s
....[2734.668s][info][gc,start       ] GC(569) Pause Young (Allocation Failure)
[2734.766s][info][gc,heap        ] GC(569) PSYoungGen: 2594464K(2616832K)->151456K(2618368K) Eden: 2445824K(2445824K)->0K(2445824K) From: 148640K(171008K)->151456K(172544K)
[2734.766s][info][gc,heap        ] GC(569) ParOldGen: 5208985K(5209088K)->5313097K(5313536K)
[2734.766s][info][gc,metaspace   ] GC(569) Metaspace: 29068K(29376K)->29068K(29376K) NonClass: 25965K(26112K)->25965K(26112K) Class: 3103K(3264K)->3103K(3264K)
[2734.766s][info][gc             ] GC(569) Pause Young (Allocation Failure) 7620M->5336M(7746M) 97.697ms
[2734.766s][info][gc,cpu         ] GC(569) User=0.54s Sys=0.03s Real=0.10s
....[2738.907s][info][gc,start       ] GC(570) Pause Young (Allocation Failure)
[2739.004s][info][gc,heap        ] GC(570) PSYoungGen: 2597280K(2618368K)->142240K(2622464K) Eden: 2445824K(2445824K)->0K(2452480K) From: 151456K(172544K)->142240K(169984K)
[2739.004s][info][gc,heap        ] GC(570) ParOldGen: 5313097K(5313536K)->5420177K(5420544K)
[2739.004s][info][gc,metaspace   ] GC(570) Metaspace: 29068K(29376K)->29068K(29376K) NonClass: 25965K(26112K)->25965K(26112K) Class: 3103K(3264K)->3103K(3264K)
[2739.004s][info][gc             ] GC(570) Pause Young (Allocation Failure) 7724M->5432M(7854M) 96.465ms
[2739.004s][info][gc,cpu         ] GC(570) User=0.53s Sys=0.03s Real=0.10s
.....[2743.361s][info][gc,start       ] GC(571) Pause Young (Allocation Failure)
[2743.459s][info][gc,heap        ] GC(571) PSYoungGen: 2594720K(2622464K)->153984K(2622976K) Eden: 2452480K(2452480K)->0K(2452480K) From: 142240K(169984K)->153984K(170496K)
[2743.459s][info][gc,heap        ] GC(571) ParOldGen: 5420177K(5420544K)->5521929K(5522432K)
[2743.459s][info][gc,metaspace   ] GC(571) Metaspace: 29068K(29376K)->29068K(29376K) NonClass: 25965K(26112K)->25965K(26112K) Class: 3103K(3264K)->3103K(3264K)
[2743.459s][info][gc             ] GC(571) Pause Young (Allocation Failure) 7827M->5542M(7954M) 98.099ms
[2743.459s][info][gc,cpu         ] GC(571) User=0.55s Sys=0.03s Real=0.09s
....[2747.881s][info][gc,start       ] GC(572) Pause Full (Allocation Failure)
[2747.881s][info][gc,phases,start] GC(572) Marking Phase
[2748.188s][info][gc,phases      ] GC(572) Marking Phase 307.053ms
[2748.188s][info][gc,phases,start] GC(572) Summary Phase
[2748.188s][info][gc,phases      ] GC(572) Summary Phase 0.094ms
[2748.188s][info][gc,phases,start] GC(572) Forward
[2748.312s][info][gc,phases      ] GC(572) Forward 124.468ms
[2748.312s][info][gc,phases,start] GC(572) Adjust Pointers
[2748.524s][info][gc,phases      ] GC(572) Adjust Pointers 211.525ms
[2748.524s][info][gc,phases,start] GC(572) Compaction Phase
[2748.670s][info][gc,phases      ] GC(572) Compaction Phase 146.067ms
[2748.671s][info][gc,phases,start] GC(572) Post Compact
[2748.678s][info][gc,phases      ] GC(572) Post Compact 6.862ms
[2748.801s][info][gc,heap        ] GC(572) PSYoungGen: 2606464K(2622976K)->0K(2625536K) Eden: 2452480K(2452480K)->0K(2455552K) From: 153984K(170496K)->0K(169984K)
[2748.801s][info][gc,heap        ] GC(572) ParOldGen: 5521929K(5522432K)->1597519K(1837056K)
[2748.801s][info][gc,metaspace   ] GC(572) Metaspace: 29068K(29376K)->29068K(29376K) NonClass: 25965K(26112K)->25965K(26112K) Class: 3103K(3264K)->3103K(3264K)
[2748.801s][info][gc             ] GC(572) Pause Full (Allocation Failure) 7937M->1560M(4358M) 920.067ms
[2748.801s][info][gc,cpu         ] GC(572) User=4.32s Sys=0.13s Real=0.92s
....[2752.315s][info][gc,start       ] GC(573) Pause Young (Allocation Failure)
[2752.380s][info][gc,heap        ] GC(573) PSYoungGen: 2455552K(2625536K)->156612K(2625536K) Eden: 2455552K(2455552K)->0K(2455552K) From: 0K(169984K)->156612K(169984K)
[2752.380s][info][gc,heap        ] GC(573) ParOldGen: 1597519K(1837056K)->1597519K(1837056K)
[2752.380s][info][gc,metaspace   ] GC(573) Metaspace: 29068K(29376K)->29068K(29376K) NonClass: 25965K(26112K)->25965K(26112K) Class: 3103K(3264K)->3103K(3264K)
[2752.380s][info][gc             ] GC(573) Pause Young (Allocation Failure) 3958M->1713M(4358M) 64.834ms
[2752.380s][info][gc,cpu         ] GC(573) User=0.38s Sys=0.00s Real=0.06s
....[2756.806s][info][gc,start       ] GC(574) Pause Young (Allocation Failure)
[2756.897s][info][gc,heap        ] GC(574) PSYoungGen: 2612164K(2625536K)->153824K(2624000K) Eden: 2455552K(2455552K)->0K(2456064K) From: 156612K(169984K)->153824K(167936K)
[2756.897s][info][gc,heap        ] GC(574) ParOldGen: 1597519K(1837056K)->1702135K(1837056K)
[2756.897s][info][gc,metaspace   ] GC(574) Metaspace: 29068K(29376K)->29068K(29376K) NonClass: 25965K(26112K)->25965K(26112K) Class: 3103K(3264K)->3103K(3264K)
[2756.897s][info][gc             ] GC(574) Pause Young (Allocation Failure) 4111M->1812M(4356M) 91.008ms
[2756.897s][info][gc,cpu         ] GC(574) User=0.54s Sys=0.00s Real=0.09s
.. (rIR:aIR:PR = 3874:3873:3873) (tPR = 57528) [OK] 
  2757s: Performance info:
         Transaction,    Success,    Partial,     Failed,   Receipts, AvgBarcode, 
             Overall,     236102,          0,          0,     224278,      59.48, 
         Response times:
             Request,    Success,    Partial,     Failed,   SkipFail,     Probes,    Samples,      min,      p50,      p90,      p95,      p99,      max, 
       TotalPurchase,     224277,          0,          0,          0,     216945,     246422,      300,     3000,     5000,     6800,   129000,   930000,
     InStorePurchase,     118023,          0,          0,          0,     114435,     129821,      300,     2900,     4900,     6700,   129000,   930000,
      OnlinePurchase,      82634,          0,          0,          0,      79764,      90366,      300,     3000,     5000,     6800,   129000,   930000,
        InstPurchase,      23620,          0,          0,          0,      22746,      26235,      400,     3400,     5200,     7300,   136000,   930000,
          AssocOfCat,        237,          0,          0,          0,        160,        233,    18300,    27000,    36000,    38300,    52320,   127000,
      AssocOfProduct,       2376,          0,          0,          0,       2170,       2622,      400,     3000,     4800,     6100,    21000,    74000,
      BusinessReport,        589,          0,          0,          0,        487,        673,    25000,    34000,    46000,    52300,   111000,   152000,
          CustBuyBeh,       2363,          0,          0,          0,       2136,       2628,      300,     3100,     4800,     7800,   145000,   930000,
       ProductReturn,       6259,          0,          0,          0,       5833,       6785,      200,     3200,     5100,     6870,    97000,   114000,

  2757s: (29%)   IR =   4013 ...[2761.198s][info][gc,start       ] GC(575) Pause Young (Allocation Failure)
[2761.289s][info][gc,heap        ] GC(575) PSYoungGen: 2609888K(2624000K)->151134K(2625024K) Eden: 2456064K(2456064K)->0K(2456064K) From: 153824K(167936K)->151134K(168960K)
[2761.289s][info][gc,heap        ] GC(575) ParOldGen: 1702135K(1837056K)->1806775K(1837056K)
[2761.289s][info][gc,metaspace   ] GC(575) Metaspace: 29068K(29376K)->29068K(29376K) NonClass: 25965K(26112K)->25965K(26112K) Class: 3103K(3264K)->3103K(3264K)
[2761.289s][info][gc             ] GC(575) Pause Young (Allocation Failure) 4210M->1912M(4357M) 90.673ms
[2761.289s][info][gc,cpu         ] GC(575) User=0.54s Sys=0.00s Real=0.09s
..|..[2765.470s][info][gc,start       ] GC(576) Pause Young (Allocation Failure)
[2765.567s][info][gc,heap        ] GC(576) PSYoungGen: 2607198K(2625024K)->152864K(2624512K) Eden: 2456064K(2456064K)->0K(2459648K) From: 151134K(168960K)->152864K(164864K)
[2765.567s][info][gc,heap        ] GC(576) ParOldGen: 1806775K(1837056K)->1912999K(1913344K)
[2765.567s][info][gc,metaspace   ] GC(576) Metaspace: 29068K(29376K)->29068K(29376K) NonClass: 25965K(26112K)->25965K(26112K) Class: 3103K(3264K)->3103K(3264K)
[2765.567s][info][gc             ] GC(576) Pause Young (Allocation Failure) 4310M->2017M(4431M) 96.497ms
[2765.567s][info][gc,cpu         ] GC(576) User=0.55s Sys=0.01s Real=0.09s
....[2769.747s][info][gc,start       ] GC(577) Pause Young (Allocation Failure)
[2769.842s][info][gc,heap        ] GC(577) PSYoungGen: 2612512K(2624512K)->152640K(2625536K) Eden: 2459648K(2459648K)->0K(2459648K) From: 152864K(164864K)->152640K(165888K)
[2769.842s][info][gc,heap        ] GC(577) ParOldGen: 1912999K(1913344K)->2016967K(2017280K)
[2769.842s][info][gc,metaspace   ] GC(577) Metaspace: 29068K(29376K)->29068K(29376K) NonClass: 25965K(26112K)->25965K(26112K) Class: 3103K(3264K)->3103K(3264K)
[2769.842s][info][gc             ] GC(577) Pause Young (Allocation Failure) 4419M->2118M(4534M) 95.217ms
[2769.842s][info][gc,cpu         ] GC(577) User=0.53s Sys=0.04s Real=0.10s
.....[2774.002s][info][gc,start       ] GC(578) Pause Young (Allocation Failure)
[2774.099s][info][gc,heap        ] GC(578) PSYoungGen: 2612288K(2625536K)->152020K(2628096K) Eden: 2459648K(2459648K)->0K(2465280K) From: 152640K(165888K)->152020K(162816K)
[2774.099s][info][gc,heap        ] GC(578) ParOldGen: 2016967K(2017280K)->2122023K(2122240K)
[2774.099s][info][gc,metaspace   ] GC(578) Metaspace: 29068K(29376K)->29068K(29376K) NonClass: 25965K(26112K)->25965K(26112K) Class: 3103K(3264K)->3103K(3264K)
[2774.099s][info][gc             ] GC(578) Pause Young (Allocation Failure) 4520M->2220M(4639M) 97.512ms
[2774.100s][info][gc,cpu         ] GC(578) User=0.54s Sys=0.05s Real=0.09s
....[2778.312s][info][gc,start       ] GC(579) Pause Young (Allocation Failure)
[2778.409s][info][gc,heap        ] GC(579) PSYoungGen: 2617300K(2628096K)->155760K(2629120K) Eden: 2465280K(2465280K)->0K(2465280K) From: 152020K(162816K)->155760K(163840K)
[2778.410s][info][gc,heap        ] GC(579) ParOldGen: 2122023K(2122240K)->2225079K(2225152K)
[2778.410s][info][gc,metaspace   ] GC(579) Metaspace: 29069K(29376K)->29069K(29376K) NonClass: 25966K(26112K)->25966K(26112K) Class: 3103K(3264K)->3103K(3264K)
[2778.410s][info][gc             ] GC(579) Pause Young (Allocation Failure) 4628M->2325M(4740M) 97.621ms
[2778.410s][info][gc,cpu         ] GC(579) User=0.54s Sys=0.04s Real=0.09s
....[2782.652s][info][gc,start       ] GC(580) Pause Young (Allocation Failure)
[2782.753s][info][gc,heap        ] GC(580) PSYoungGen: 2621040K(2629120K)->162204K(2627072K) Eden: 2465280K(2465280K)->0K(2463232K) From: 155760K(163840K)->162204K(163840K)
[2782.753s][info][gc,heap        ] GC(580) ParOldGen: 2225079K(2225152K)->2330511K(2330624K)
[2782.753s][info][gc,metaspace   ] GC(580) Metaspace: 29069K(29376K)->29069K(29376K) NonClass: 25966K(26112K)->25966K(26112K) Class: 3103K(3264K)->3103K(3264K)
[2782.753s][info][gc             ] GC(580) Pause Young (Allocation Failure) 4732M->2434M(4841M) 101.179ms
[2782.753s][info][gc,cpu         ] GC(580) User=0.56s Sys=0.04s Real=0.10s
....[2786.858s][info][gc,start       ] GC(581) Pause Young (Allocation Failure)
[2786.952s][info][gc,heap        ] GC(581) PSYoungGen: 2625436K(2627072K)->145760K(2629632K) Eden: 2463232K(2463232K)->0K(2463232K) From: 162204K(163840K)->145760K(166400K)
[2786.952s][info][gc,heap        ] GC(581) ParOldGen: 2330511K(2330624K)->2435471K(2435584K)
[2786.952s][info][gc,metaspace   ] GC(581) Metaspace: 29069K(29376K)->29069K(29376K) NonClass: 25966K(26112K)->25966K(26112K) Class: 3103K(3264K)->3103K(3264K)
[2786.952s][info][gc             ] GC(581) Pause Young (Allocation Failure) 4839M->2520M(4946M) 94.124ms
[2786.952s][info][gc,cpu         ] GC(581) User=0.52s Sys=0.04s Real=0.10s
.....[2791.293s][info][gc,start       ] GC(582) Pause Young (Allocation Failure)
[2791.390s][info][gc,heap        ] GC(582) PSYoungGen: 2608992K(2629632K)->155328K(2628608K) Eden: 2463232K(2463232K)->0K(2463232K) From: 145760K(166400K)->155328K(165376K)
[2791.390s][info][gc,heap        ] GC(582) ParOldGen: 2435471K(2435584K)->2537399K(2537472K)
[2791.390s][info][gc,metaspace   ] GC(582) Metaspace: 29069K(29376K)->29069K(29376K) NonClass: 25966K(26112K)->25966K(26112K) Class: 3103K(3264K)->3103K(3264K)
[2791.390s][info][gc             ] GC(582) Pause Young (Allocation Failure) 4926M->2629M(5045M) 96.535ms
[2791.390s][info][gc,cpu         ] GC(582) User=0.53s Sys=0.04s Real=0.10s
....[2795.511s][info][gc,start       ] GC(583) Pause Young (Allocation Failure)
[2795.608s][info][gc,heap        ] GC(583) PSYoungGen: 2618560K(2628608K)->149824K(2629120K) Eden: 2463232K(2463232K)->0K(2463232K) From: 155328K(165376K)->149824K(165888K)
[2795.608s][info][gc,heap        ] GC(583) ParOldGen: 2537399K(2537472K)->2646191K(2646528K)
[2795.608s][info][gc,metaspace   ] GC(583) Metaspace: 29069K(29376K)->29069K(29376K) NonClass: 25966K(26112K)->25966K(26112K) Class: 3103K(3264K)->3103K(3264K)
[2795.608s][info][gc             ] GC(583) Pause Young (Allocation Failure) 5035M->2730M(5152M) 96.436ms
[2795.608s][info][gc,cpu         ] GC(583) User=0.54s Sys=0.03s Real=0.09s
....[2799.841s][info][gc,start       ] GC(584) Pause Young (Allocation Failure)
[2799.934s][info][gc,heap        ] GC(584) PSYoungGen: 2613056K(2629120K)->147200K(2629120K) Eden: 2463232K(2463232K)->0K(2464768K) From: 149824K(165888K)->147200K(164352K)
[2799.934s][info][gc,heap        ] GC(584) ParOldGen: 2646191K(2646528K)->2748111K(2748416K)
[2799.934s][info][gc,metaspace   ] GC(584) Metaspace: 29069K(29376K)->29069K(29376K) NonClass: 25966K(26112K)->25966K(26112K) Class: 3103K(3264K)->3103K(3264K)
[2799.934s][info][gc             ] GC(584) Pause Young (Allocation Failure) 5135M->2827M(5251M) 93.145ms
[2799.934s][info][gc,cpu         ] GC(584) User=0.51s Sys=0.04s Real=0.09s
.....[2804.155s][info][gc,start       ] GC(585) Pause Young (Allocation Failure)
[2804.251s][info][gc,heap        ] GC(585) PSYoungGen: 2611968K(2629120K)->150000K(2629632K) Eden: 2464768K(2464768K)->0K(2464768K) From: 147200K(164352K)->150000K(164864K)
[2804.251s][info][gc,heap        ] GC(585) ParOldGen: 2748111K(2748416K)->2853559K(2853888K)
[2804.251s][info][gc,metaspace   ] GC(585) Metaspace: 29069K(29376K)->29069K(29376K) NonClass: 25966K(26112K)->25966K(26112K) Class: 3103K(3264K)->3103K(3264K)
[2804.251s][info][gc             ] GC(585) Pause Young (Allocation Failure) 5234M->2933M(5355M) 95.447ms
[2804.251s][info][gc,cpu         ] GC(585) User=0.53s Sys=0.03s Real=0.10s
....[2808.411s][info][gc,start       ] GC(586) Pause Young (Allocation Failure)
[2808.505s][info][gc,heap        ] GC(586) PSYoungGen: 2614768K(2629632K)->148544K(2629120K) Eden: 2464768K(2464768K)->0K(2466816K) From: 150000K(164864K)->148544K(162304K)
[2808.505s][info][gc,heap        ] GC(586) ParOldGen: 2853559K(2853888K)->2958775K(2958848K)
[2808.505s][info][gc,metaspace   ] GC(586) Metaspace: 29069K(29376K)->29069K(29376K) NonClass: 25966K(26112K)->25966K(26112K) Class: 3103K(3264K)->3103K(3264K)
[2808.505s][info][gc             ] GC(586) Pause Young (Allocation Failure) 5340M->3034M(5457M) 93.937ms
[2808.505s][info][gc,cpu         ] GC(586) User=0.52s Sys=0.04s Real=0.09s
....[2812.766s][info][gc,start       ] GC(587) Pause Young (Allocation Failure)
[2812.865s][info][gc,heap        ] GC(587) PSYoungGen: 2615360K(2629120K)->159956K(2630144K) Eden: 2466816K(2466816K)->0K(2466816K) From: 148544K(162304K)->159956K(163328K)
[2812.865s][info][gc,heap        ] GC(587) ParOldGen: 2958775K(2958848K)->3061519K(3061760K)
[2812.865s][info][gc,metaspace   ] GC(587) Metaspace: 29069K(29376K)->29069K(29376K) NonClass: 25966K(26112K)->25966K(26112K) Class: 3103K(3264K)->3103K(3264K)
[2812.865s][info][gc             ] GC(587) Pause Young (Allocation Failure) 5443M->3145M(5558M) 99.450ms
[2812.865s][info][gc,cpu         ] GC(587) User=0.57s Sys=0.03s Real=0.10s
.....[2817.078s][info][gc,start       ] GC(588) Pause Young (Allocation Failure)
[2817.172s][info][gc,heap        ] GC(588) PSYoungGen: 2626772K(2630144K)->149248K(2631168K) Eden: 2466816K(2466816K)->0K(2465792K) From: 159956K(163328K)->149248K(165376K)
[2817.172s][info][gc,heap        ] GC(588) ParOldGen: 3061519K(3061760K)->3166455K(3166720K)
[2817.172s][info][gc,metaspace   ] GC(588) Metaspace: 29069K(29376K)->29069K(29376K) NonClass: 25966K(26112K)->25966K(26112K) Class: 3103K(3264K)->3103K(3264K)
[2817.172s][info][gc             ] GC(588) Pause Young (Allocation Failure) 5554M->3237M(5662M) 94.093ms
[2817.172s][info][gc,cpu         ] GC(588) User=0.54s Sys=0.02s Real=0.10s
....[2821.355s][info][gc,start       ] GC(589) Pause Young (Allocation Failure)
[2821.450s][info][gc,heap        ] GC(589) PSYoungGen: 2615040K(2631168K)->149056K(2615296K) Eden: 2465792K(2465792K)->0K(2465792K) From: 149248K(165376K)->149056K(149504K)
[2821.450s][info][gc,heap        ] GC(589) ParOldGen: 3166455K(3166720K)->3272639K(3272704K)
[2821.450s][info][gc,metaspace   ] GC(589) Metaspace: 29069K(29376K)->29069K(29376K) NonClass: 25966K(26112K)->25966K(26112K) Class: 3103K(3264K)->3103K(3264K)
[2821.450s][info][gc             ] GC(589) Pause Young (Allocation Failure) 5645M->3341M(5750M) 95.009ms
[2821.451s][info][gc,cpu         ] GC(589) User=0.53s Sys=0.03s Real=0.10s
.. (rIR:aIR:PR = 4013:4015:4015) (tPR = 59757) [OK] 
  2822s: Performance info:
         Transaction,    Success,    Partial,     Failed,   Receipts, AvgBarcode, 
             Overall,     241079,          0,          0,     229043,      59.48, 
         Response times:
             Request,    Success,    Partial,     Failed,   SkipFail,     Probes,    Samples,      min,      p50,      p90,      p95,      p99,      max, 
       TotalPurchase,     229046,          0,          0,          0,     224990,     243849,      300,     3000,     5000,     5800,    22000,   151000,
     InStorePurchase,     120507,          0,          0,          0,     118602,     128382,      300,     3000,     5000,     5900,    22000,   151000,
      OnlinePurchase,      84441,          0,          0,          0,      83013,      89905,      300,     3200,     5000,     5900,    23000,   151000,
        InstPurchase,      24098,          0,          0,          0,      23375,      25562,      400,     2800,     4700,     5500,    19100,   151000,
          AssocOfCat,        241,          0,          0,          0,        203,        282,    17800,    26000,    35000,    40700,   133680,   151000,
      AssocOfProduct,       2406,          0,          0,          0,       2238,       2644,      500,     3600,     5500,     6400,    33000,   105000,
      BusinessReport,        602,          0,          0,          0,        521,        651,    25000,    34000,    46000,    53400,   144400,   170000,
          CustBuyBeh,       2407,          0,          0,          0,       2209,       2581,      200,     2400,     4000,     4800,    17808,   105000,
       ProductReturn,       6380,          0,          0,          0,       6052,       6783,      300,     3100,     4900,     5800,    22000,   151000,

  2822s: (30%)   IR =   4151 ..[2825.570s][info][gc,start       ] GC(590) Pause Young (Allocation Failure)
[2825.666s][info][gc,heap        ] GC(590) PSYoungGen: 2614848K(2615296K)->152672K(2630144K) Eden: 2465792K(2465792K)->0K(2466304K) From: 149056K(149504K)->152672K(163840K)
[2825.666s][info][gc,heap        ] GC(590) ParOldGen: 3272639K(3272704K)->3376375K(3376640K)
[2825.666s][info][gc,metaspace   ] GC(590) Metaspace: 29069K(29376K)->29069K(29376K) NonClass: 25966K(26112K)->25966K(26112K) Class: 3103K(3264K)->3103K(3264K)
[2825.666s][info][gc             ] GC(590) Pause Young (Allocation Failure) 5749M->3446M(5866M) 96.271ms
[2825.666s][info][gc,cpu         ] GC(590) User=0.54s Sys=0.03s Real=0.10s
..|..[2829.720s][info][gc,start       ] GC(591) Pause Young (Allocation Failure)
[2829.816s][info][gc,heap        ] GC(591) PSYoungGen: 2618976K(2630144K)->152320K(2629632K) Eden: 2466304K(2466304K)->0K(2466304K) From: 152672K(163840K)->152320K(163328K)
[2829.816s][info][gc,heap        ] GC(591) ParOldGen: 3376375K(3376640K)->3481855K(3482112K)
[2829.816s][info][gc,metaspace   ] GC(591) Metaspace: 29069K(29376K)->29069K(29376K) NonClass: 25966K(26112K)->25966K(26112K) Class: 3103K(3264K)->3103K(3264K)
[2829.816s][info][gc             ] GC(591) Pause Young (Allocation Failure) 5854M->3548M(5968M) 95.997ms
[2829.816s][info][gc,cpu         ] GC(591) User=0.54s Sys=0.03s Real=0.09s
....[2833.852s][info][gc,start       ] GC(592) Pause Young (Allocation Failure)
[2833.947s][info][gc,heap        ] GC(592) PSYoungGen: 2618624K(2629632K)->146144K(2631168K) Eden: 2466304K(2466304K)->0K(2468864K) From: 152320K(163328K)->146144K(162304K)
[2833.947s][info][gc,heap        ] GC(592) ParOldGen: 3481855K(3482112K)->3586327K(3586560K)
[2833.947s][info][gc,metaspace   ] GC(592) Metaspace: 29069K(29376K)->29069K(29376K) NonClass: 25966K(26112K)->25966K(26112K) Class: 3103K(3264K)->3103K(3264K)
[2833.947s][info][gc             ] GC(592) Pause Young (Allocation Failure) 5957M->3644M(6072M) 94.982ms
[2833.947s][info][gc,cpu         ] GC(592) User=0.53s Sys=0.03s Real=0.09s
.....[2838.047s][info][gc,start       ] GC(593) Pause Young (Allocation Failure)
[2838.143s][info][gc,heap        ] GC(593) PSYoungGen: 2615008K(2631168K)->149920K(2631168K) Eden: 2468864K(2468864K)->0K(2468864K) From: 146144K(162304K)->149920K(162304K)
[2838.143s][info][gc,heap        ] GC(593) ParOldGen: 3586327K(3586560K)->3690031K(3690496K)
[2838.143s][info][gc,metaspace   ] GC(593) Metaspace: 29069K(29376K)->29069K(29376K) NonClass: 25966K(26112K)->25966K(26112K) Class: 3103K(3264K)->3103K(3264K)
[2838.143s][info][gc             ] GC(593) Pause Young (Allocation Failure) 6055M->3749M(6173M) 95.491ms
[2838.143s][info][gc,cpu         ] GC(593) User=0.52s Sys=0.04s Real=0.10s
....[2842.220s][info][gc,start       ] GC(594) Pause Young (Allocation Failure)
[2842.316s][info][gc,heap        ] GC(594) PSYoungGen: 2618784K(2631168K)->148928K(2633216K) Eden: 2468864K(2468864K)->0K(2471936K) From: 149920K(162304K)->148928K(161280K)
[2842.316s][info][gc,heap        ] GC(594) ParOldGen: 3690031K(3690496K)->3796271K(3796480K)
[2842.316s][info][gc,metaspace   ] GC(594) Metaspace: 29069K(29376K)->29069K(29376K) NonClass: 25966K(26112K)->25966K(26112K) Class: 3103K(3264K)->3103K(3264K)
[2842.316s][info][gc             ] GC(594) Pause Young (Allocation Failure) 6160M->3852M(6279M) 96.754ms
[2842.316s][info][gc,cpu         ] GC(594) User=0.53s Sys=0.04s Real=0.10s
....[2846.396s][info][gc,start       ] GC(595) Pause Young (Allocation Failure)
[2846.493s][info][gc,heap        ] GC(595) PSYoungGen: 2620864K(2633216K)->151104K(2632704K) Eden: 2471936K(2471936K)->0K(2471936K) From: 148928K(161280K)->151104K(160768K)
[2846.493s][info][gc,heap        ] GC(595) ParOldGen: 3796271K(3796480K)->3900423K(3900928K)
[2846.493s][info][gc,metaspace   ] GC(595) Metaspace: 29069K(29376K)->29069K(29376K) NonClass: 25966K(26112K)->25966K(26112K) Class: 3103K(3264K)->3103K(3264K)
[2846.493s][info][gc             ] GC(595) Pause Young (Allocation Failure) 6266M->3956M(6380M) 96.457ms
[2846.493s][info][gc,cpu         ] GC(595) User=0.54s Sys=0.04s Real=0.10s
....[2850.534s][info][gc,start       ] GC(596) Pause Young (Allocation Failure)
[2850.631s][info][gc,heap        ] GC(596) PSYoungGen: 2623040K(2632704K)->150784K(2634240K) Eden: 2471936K(2471936K)->0K(2474496K) From: 151104K(160768K)->150784K(159744K)
[2850.631s][info][gc,heap        ] GC(596) ParOldGen: 3900423K(3900928K)->4006111K(4006400K)
[2850.631s][info][gc,metaspace   ] GC(596) Metaspace: 29069K(29376K)->29069K(29376K) NonClass: 25966K(26112K)->25966K(26112K) Class: 3103K(3264K)->3103K(3264K)
[2850.631s][info][gc             ] GC(596) Pause Young (Allocation Failure) 6370M->4059M(6485M) 96.649ms
[2850.631s][info][gc,cpu         ] GC(596) User=0.54s Sys=0.03s Real=0.10s
....[2854.770s][info][gc,start       ] GC(597) Pause Young (Allocation Failure)
[2854.867s][info][gc,heap        ] GC(597) PSYoungGen: 2625280K(2634240K)->156096K(2633728K) Eden: 2474496K(2474496K)->0K(2474496K) From: 150784K(159744K)->156096K(159232K)
[2854.867s][info][gc,heap        ] GC(597) ParOldGen: 4006111K(4006400K)->4109647K(4109824K)
[2854.867s][info][gc,metaspace   ] GC(597) Metaspace: 29069K(29376K)->29069K(29376K) NonClass: 25966K(26112K)->25966K(26112K) Class: 3103K(3264K)->3103K(3264K)
[2854.867s][info][gc             ] GC(597) Pause Young (Allocation Failure) 6475M->4165M(6585M) 96.833ms
[2854.867s][info][gc,cpu         ] GC(597) User=0.54s Sys=0.04s Real=0.09s
.[2855.805s][info][gc,start       ] GC(598) Pause Full (Diagnostic Command)
[2855.805s][info][gc,phases,start] GC(598) Marking Phase
[2856.103s][info][gc,phases      ] GC(598) Marking Phase 297.386ms
[2856.103s][info][gc,phases,start] GC(598) Summary Phase
[2856.103s][info][gc,phases      ] GC(598) Summary Phase 0.068ms
[2856.103s][info][gc,phases,start] GC(598) Forward
[2856.330s][info][gc,phases      ] GC(598) Forward 226.083ms
[2856.330s][info][gc,phases,start] GC(598) Adjust Pointers
[2856.541s][info][gc,phases      ] GC(598) Adjust Pointers 211.603ms
[2856.541s][info][gc,phases,start] GC(598) Compaction Phase
[2856.732s][info][gc,phases      ] GC(598) Compaction Phase 190.918ms
[2856.734s][info][gc,phases,start] GC(598) Post Compact
[2856.739s][info][gc,phases      ] GC(598) Post Compact 4.266ms
[2856.739s][info][gc,heap        ] GC(598) PSYoungGen: 820935K(2633728K)->0K(2633728K) Eden: 664839K(2474496K)->0K(2474496K) From: 156096K(159232K)->0K(159232K)
[2856.739s][info][gc,heap        ] GC(598) ParOldGen: 4109647K(4109824K)->1328580K(4109824K)
[2856.739s][info][gc,metaspace   ] GC(598) Metaspace: 29069K(29376K)->29069K(29376K) NonClass: 25966K(26112K)->25966K(26112K) Class: 3103K(3264K)->3103K(3264K)
[2856.739s][info][gc             ] GC(598) Pause Full (Diagnostic Command) 4815M->1297M(6585M) 933.395ms
[2856.739s][info][gc,cpu         ] GC(598) User=4.71s Sys=0.01s Real=0.93s
....[2859.960s][info][gc,start       ] GC(599) Pause Young (Allocation Failure)
[2860.021s][info][gc,heap        ] GC(599) PSYoungGen: 2474496K(2633728K)->148384K(2636288K) Eden: 2474496K(2474496K)->0K(2476032K) From: 0K(159232K)->148384K(160256K)
[2860.021s][info][gc,heap        ] GC(599) ParOldGen: 1328580K(4109824K)->1328580K(4109824K)
[2860.021s][info][gc,metaspace   ] GC(599) Metaspace: 29069K(29376K)->29069K(29376K) NonClass: 25966K(26112K)->25966K(26112K) Class: 3103K(3264K)->3103K(3264K)
[2860.021s][info][gc             ] GC(599) Pause Young (Allocation Failure) 3713M->1442M(6588M) 60.729ms
[2860.021s][info][gc,cpu         ] GC(599) User=0.36s Sys=0.00s Real=0.06s
....[2864.109s][info][gc,start       ] GC(600) Pause Young (Allocation Failure)
[2864.201s][info][gc,heap        ] GC(600) PSYoungGen: 2624416K(2636288K)->152496K(2628608K) Eden: 2476032K(2476032K)->0K(2476032K) From: 148384K(160256K)->152496K(152576K)
[2864.201s][info][gc,heap        ] GC(600) ParOldGen: 1328580K(4109824K)->1433620K(4109824K)
[2864.201s][info][gc,metaspace   ] GC(600) Metaspace: 29069K(29376K)->29069K(29376K) NonClass: 25966K(26112K)->25966K(26112K) Class: 3103K(3264K)->3103K(3264K)
[2864.201s][info][gc             ] GC(600) Pause Young (Allocation Failure) 3860M->1548M(6580M) 91.724ms
[2864.201s][info][gc,cpu         ] GC(600) User=0.54s Sys=0.00s Real=0.10s
....[2868.302s][info][gc,start       ] GC(601) Pause Young (Allocation Failure)
[2868.393s][info][gc,heap        ] GC(601) PSYoungGen: 2628528K(2628608K)->152384K(2635264K) Eden: 2476032K(2476032K)->0K(2476032K) From: 152496K(152576K)->152384K(159232K)
[2868.393s][info][gc,heap        ] GC(601) ParOldGen: 1433620K(4109824K)->1537236K(4109824K)
[2868.393s][info][gc,metaspace   ] GC(601) Metaspace: 29069K(29376K)->29069K(29376K) NonClass: 25966K(26112K)->25966K(26112K) Class: 3103K(3264K)->3103K(3264K)
[2868.393s][info][gc             ] GC(601) Pause Young (Allocation Failure) 3966M->1650M(6587M) 91.343ms
[2868.393s][info][gc,cpu         ] GC(601) User=0.54s Sys=0.00s Real=0.09s
....[2872.513s][info][gc,start       ] GC(602) Pause Young (Allocation Failure)
[2872.605s][info][gc,heap        ] GC(602) PSYoungGen: 2628416K(2635264K)->152768K(2635264K) Eden: 2476032K(2476032K)->0K(2476032K) From: 152384K(159232K)->152768K(159232K)
[2872.605s][info][gc,heap        ] GC(602) ParOldGen: 1537236K(4109824K)->1643108K(4109824K)
[2872.605s][info][gc,metaspace   ] GC(602) Metaspace: 29069K(29376K)->29069K(29376K) NonClass: 25966K(26112K)->25966K(26112K) Class: 3103K(3264K)->3103K(3264K)
[2872.605s][info][gc             ] GC(602) Pause Young (Allocation Failure) 4068M->1753M(6587M) 92.353ms
[2872.605s][info][gc,cpu         ] GC(602) User=0.54s Sys=0.00s Real=0.09s
....[2876.705s][info][gc,start       ] GC(603) Pause Young (Allocation Failure)
[2876.800s][info][gc,heap        ] GC(603) PSYoungGen: 2628800K(2635264K)->158693K(2554368K) Eden: 2476032K(2476032K)->0K(2395648K) From: 152768K(159232K)->158693K(158720K)
[2876.800s][info][gc,heap        ] GC(603) ParOldGen: 1643108K(4109824K)->1749724K(4109824K)
[2876.800s][info][gc,metaspace   ] GC(603) Metaspace: 29069K(29376K)->29069K(29376K) NonClass: 25966K(26112K)->25966K(26112K) Class: 3103K(3264K)->3103K(3264K)
[2876.800s][info][gc             ] GC(603) Pause Young (Allocation Failure) 4171M->1863M(6508M) 95.579ms
[2876.801s][info][gc,cpu         ] GC(603) User=0.56s Sys=0.00s Real=0.10s
....[2880.785s][info][gc,start       ] GC(604) Pause Young (Allocation Failure)
[2880.876s][info][gc,heap        ] GC(604) PSYoungGen: 2554341K(2554368K)->150528K(2595840K) Eden: 2395648K(2395648K)->0K(2395648K) From: 158693K(158720K)->150528K(200192K)
[2880.876s][info][gc,heap        ] GC(604) ParOldGen: 1749724K(4109824K)->1855236K(4109824K)
[2880.876s][info][gc,metaspace   ] GC(604) Metaspace: 29069K(29376K)->29069K(29376K) NonClass: 25966K(26112K)->25966K(26112K) Class: 3103K(3264K)->3103K(3264K)
[2880.876s][info][gc             ] GC(604) Pause Young (Allocation Failure) 4203M->1958M(6548M) 91.672ms
[2880.876s][info][gc,cpu         ] GC(604) User=0.54s Sys=0.00s Real=0.09s
....[2884.780s][info][gc,start       ] GC(605) Pause Young (Allocation Failure)
[2884.871s][info][gc,heap        ] GC(605) PSYoungGen: 2546176K(2595840K)->148832K(2591232K) Eden: 2395648K(2395648K)->0K(2397184K) From: 150528K(200192K)->148832K(194048K)
[2884.871s][info][gc,heap        ] GC(605) ParOldGen: 1855236K(4109824K)->1959092K(4109824K)
[2884.871s][info][gc,metaspace   ] GC(605) Metaspace: 29069K(29376K)->29069K(29376K) NonClass: 25966K(26112K)->25966K(26112K) Class: 3103K(3264K)->3103K(3264K)
[2884.871s][info][gc             ] GC(605) Pause Young (Allocation Failure) 4298M->2058M(6544M) 90.609ms
[2884.871s][info][gc,cpu         ] GC(605) User=0.53s Sys=0.00s Real=0.09s
.... (rIR:aIR:PR = 4151:4148:4148) (tPR = 61772) [OK] 
  2887s: Performance info:
         Transaction,    Success,    Partial,     Failed,   Receipts, AvgBarcode, 
             Overall,     252578,          0,          0,     239952,      59.47, 
         Response times:
             Request,    Success,    Partial,     Failed,   SkipFail,     Probes,    Samples,      min,      p50,      p90,      p95,      p99,      max, 
       TotalPurchase,     239950,          0,          0,          0,     234217,     252112,      300,     3200,     5300,     7600,   248000,   387000,
     InStorePurchase,     126258,          0,          0,          0,     123336,     132405,      300,     3200,     5300,     7700,   241000,   348000,
      OnlinePurchase,      88408,          0,          0,          0,      86463,      93179,      300,     3100,     5400,     7600,   255000,   387000,
        InstPurchase,      25284,          0,          0,          0,      24418,      26528,      400,     3300,     5400,     7400,   273000,   387000,
          AssocOfCat,        250,          0,          0,          0,        207,        278,    18700,    29000,    48000,    90150,   400000,   400000,
      AssocOfProduct,       2527,          0,          0,          0,       2323,       2692,      400,     3800,     5800,     8500,   292000,   370000,
      BusinessReport,        628,          0,          0,          0,        535,        663,    25000,    35000,    47000,    56000,   237720,   378000,
          CustBuyBeh,       2535,          0,          0,          0,       2283,       2634,      200,     1900,     4700,     6400,   148600,   387000,
       ProductReturn,       6685,          0,          0,          0,       6235,       6999,      200,     2900,     5200,     9300,   265000,   371000,

  2887s: (31%)   IR =   4289 [2888.894s][info][gc,start       ] GC(606) Pause Young (Allocation Failure)
[2888.984s][info][gc,heap        ] GC(606) PSYoungGen: 2546016K(2591232K)->149152K(2594304K) Eden: 2397184K(2397184K)->0K(2397184K) From: 148832K(194048K)->149152K(197120K)
[2888.984s][info][gc,heap        ] GC(606) ParOldGen: 1959092K(4109824K)->2061900K(4109824K)
[2888.984s][info][gc,metaspace   ] GC(606) Metaspace: 29069K(29376K)->29069K(29376K) NonClass: 25966K(26112K)->25966K(26112K) Class: 3103K(3264K)->3103K(3264K)
[2888.984s][info][gc             ] GC(606) Pause Young (Allocation Failure) 4399M->2159M(6547M) 90.170ms
[2888.984s][info][gc,cpu         ] GC(606) User=0.53s Sys=0.00s Real=0.09s
....[2892.797s][info][gc,start       ] GC(607) Pause Young (Allocation Failure)
[2892.892s][info][gc,heap        ] GC(607) PSYoungGen: 2546336K(2594304K)->158400K(2590208K) Eden: 2397184K(2397184K)->0K(2403328K) From: 149152K(197120K)->158400K(186880K)
[2892.892s][info][gc,heap        ] GC(607) ParOldGen: 2061900K(4109824K)->2167284K(4109824K)
[2892.892s][info][gc,metaspace   ] GC(607) Metaspace: 29069K(29376K)->29069K(29376K) NonClass: 25966K(26112K)->25966K(26112K) Class: 3103K(3264K)->3103K(3264K)
[2892.892s][info][gc             ] GC(607) Pause Young (Allocation Failure) 4500M->2271M(6543M) 94.960ms
[2892.892s][info][gc,cpu         ] GC(607) User=0.57s Sys=0.00s Real=0.10s
....[2896.653s][info][gc,start       ] GC(608) Pause Young (Allocation Failure)
[2896.743s][info][gc,heap        ] GC(608) PSYoungGen: 2561728K(2590208K)->148320K(2595328K) Eden: 2403328K(2403328K)->0K(2403328K) From: 158400K(186880K)->148320K(192000K)
[2896.744s][info][gc,heap        ] GC(608) ParOldGen: 2167284K(4109824K)->2270708K(4109824K)
[2896.744s][info][gc,metaspace   ] GC(608) Metaspace: 29069K(29376K)->29069K(29376K) NonClass: 25966K(26112K)->25966K(26112K) Class: 3103K(3264K)->3103K(3264K)
[2896.744s][info][gc             ] GC(608) Pause Young (Allocation Failure) 4618M->2362M(6548M) 90.232ms
[2896.744s][info][gc,cpu         ] GC(608) User=0.53s Sys=0.00s Real=0.09s
.|...[2900.543s][info][gc,start       ] GC(609) Pause Young (Allocation Failure)
[2900.632s][info][gc,heap        ] GC(609) PSYoungGen: 2551648K(2595328K)->147488K(2599424K) Eden: 2403328K(2403328K)->0K(2413568K) From: 148320K(192000K)->147488K(185856K)
[2900.632s][info][gc,heap        ] GC(609) ParOldGen: 2270708K(4109824K)->2372268K(4109824K)
[2900.632s][info][gc,metaspace   ] GC(609) Metaspace: 29069K(29376K)->29069K(29376K) NonClass: 25966K(26112K)->25966K(26112K) Class: 3103K(3264K)->3103K(3264K)
[2900.632s][info][gc             ] GC(609) Pause Young (Allocation Failure) 4709M->2460M(6552M) 89.469ms
[2900.632s][info][gc,cpu         ] GC(609) User=0.53s Sys=0.00s Real=0.09s
....[2904.534s][info][gc,start       ] GC(610) Pause Young (Allocation Failure)
[2904.628s][info][gc,heap        ] GC(610) PSYoungGen: 2561056K(2599424K)->156101K(2602496K) Eden: 2413568K(2413568K)->0K(2413568K) From: 147488K(185856K)->156101K(188928K)
[2904.628s][info][gc,heap        ] GC(610) ParOldGen: 2372268K(4109824K)->2474836K(4109824K)
[2904.628s][info][gc,metaspace   ] GC(610) Metaspace: 29069K(29376K)->29069K(29376K) NonClass: 25966K(26112K)->25966K(26112K) Class: 3103K(3264K)->3103K(3264K)
[2904.628s][info][gc             ] GC(610) Pause Young (Allocation Failure) 4817M->2569M(6555M) 93.816ms
[2904.628s][info][gc,cpu         ] GC(610) User=0.55s Sys=0.00s Real=0.09s
....[2908.434s][info][gc,start       ] GC(611) Pause Young (Allocation Failure)
[2908.525s][info][gc,heap        ] GC(611) PSYoungGen: 2569669K(2602496K)->151040K(2602496K) Eden: 2413568K(2413568K)->0K(2420736K) From: 156101K(188928K)->151040K(181760K)
[2908.525s][info][gc,heap        ] GC(611) ParOldGen: 2474836K(4109824K)->2578980K(4109824K)
[2908.525s][info][gc,metaspace   ] GC(611) Metaspace: 29069K(29376K)->29069K(29376K) NonClass: 25966K(26112K)->25966K(26112K) Class: 3103K(3264K)->3103K(3264K)
[2908.525s][info][gc             ] GC(611) Pause Young (Allocation Failure) 4926M->2666M(6555M) 91.487ms
[2908.525s][info][gc,cpu         ] GC(611) User=0.54s Sys=0.00s Real=0.09s
....[2912.466s][info][gc,start       ] GC(612) Pause Young (Allocation Failure)
[2912.558s][info][gc,heap        ] GC(612) PSYoungGen: 2571776K(2602496K)->151040K(2605056K) Eden: 2420736K(2420736K)->0K(2420736K) From: 151040K(181760K)->151040K(184320K)
[2912.558s][info][gc,heap        ] GC(612) ParOldGen: 2578980K(4109824K)->2681244K(4109824K)
[2912.558s][info][gc,metaspace   ] GC(612) Metaspace: 29069K(29376K)->29069K(29376K) NonClass: 25966K(26112K)->25966K(26112K) Class: 3103K(3264K)->3103K(3264K)
[2912.558s][info][gc             ] GC(612) Pause Young (Allocation Failure) 5030M->2765M(6557M) 91.739ms
[2912.558s][info][gc,cpu         ] GC(612) User=0.54s Sys=0.00s Real=0.09s
....[2916.253s][info][gc,start       ] GC(613) Pause Young (Allocation Failure)
[2916.345s][info][gc,heap        ] GC(613) PSYoungGen: 2571776K(2605056K)->149140K(2608128K) Eden: 2420736K(2420736K)->0K(2429440K) From: 151040K(184320K)->149140K(178688K)
[2916.345s][info][gc,heap        ] GC(613) ParOldGen: 2681244K(4109824K)->2788132K(4109824K)
[2916.345s][info][gc,metaspace   ] GC(613) Metaspace: 29069K(29376K)->29069K(29376K) NonClass: 25966K(26112K)->25966K(26112K) Class: 3103K(3264K)->3103K(3264K)
[2916.345s][info][gc             ] GC(613) Pause Young (Allocation Failure) 5129M->2868M(6560M) 92.024ms
[2916.345s][info][gc,cpu         ] GC(613) User=0.54s Sys=0.00s Real=0.09s
....[2920.283s][info][gc,start       ] GC(614) Pause Young (Allocation Failure)
[2920.374s][info][gc,heap        ] GC(614) PSYoungGen: 2578580K(2608128K)->150048K(2610176K) Eden: 2429440K(2429440K)->0K(2429440K) From: 149140K(178688K)->150048K(180736K)
[2920.374s][info][gc,heap        ] GC(614) ParOldGen: 2788132K(4109824K)->2887996K(4109824K)
[2920.374s][info][gc,metaspace   ] GC(614) Metaspace: 29069K(29376K)->29069K(29376K) NonClass: 25966K(26112K)->25966K(26112K) Class: 3103K(3264K)->3103K(3264K)
[2920.374s][info][gc             ] GC(614) Pause Young (Allocation Failure) 5240M->2966M(6562M) 91.010ms
[2920.374s][info][gc,cpu         ] GC(614) User=0.54s Sys=0.00s Real=0.09s
....[2924.321s][info][gc,start       ] GC(615) Pause Young (Allocation Failure)
[2924.417s][info][gc,heap        ] GC(615) PSYoungGen: 2579488K(2610176K)->156756K(2611712K) Eden: 2429440K(2429440K)->0K(2436096K) From: 150048K(180736K)->156756K(175616K)
[2924.417s][info][gc,heap        ] GC(615) ParOldGen: 2887996K(4109824K)->2992260K(4109824K)
[2924.417s][info][gc,metaspace   ] GC(615) Metaspace: 29069K(29376K)->29069K(29376K) NonClass: 25966K(26112K)->25966K(26112K) Class: 3103K(3264K)->3103K(3264K)
[2924.417s][info][gc             ] GC(615) Pause Young (Allocation Failure) 5339M->3075M(6564M) 95.908ms
[2924.417s][info][gc,cpu         ] GC(615) User=0.56s Sys=0.01s Real=0.09s
....[2928.256s][info][gc,start       ] GC(616) Pause Young (Allocation Failure)
[2928.350s][info][gc,heap        ] GC(616) PSYoungGen: 2592852K(2611712K)->152416K(2613760K) Eden: 2436096K(2436096K)->0K(2436096K) From: 156756K(175616K)->152416K(177664K)
[2928.350s][info][gc,heap        ] GC(616) ParOldGen: 2992260K(4109824K)->3097132K(4109824K)
[2928.350s][info][gc,metaspace   ] GC(616) Metaspace: 29069K(29376K)->29069K(29376K) NonClass: 25966K(26112K)->25966K(26112K) Class: 3103K(3264K)->3103K(3264K)
[2928.350s][info][gc             ] GC(616) Pause Young (Allocation Failure) 5454M->3173M(6566M) 93.280ms
[2928.350s][info][gc,cpu         ] GC(616) User=0.55s Sys=0.00s Real=0.09s
....[2932.165s][info][gc,start       ] GC(617) Pause Young (Allocation Failure)
[2932.257s][info][gc,heap        ] GC(617) PSYoungGen: 2588512K(2613760K)->151152K(2615296K) Eden: 2436096K(2436096K)->0K(2442752K) From: 152416K(177664K)->151152K(172544K)
[2932.257s][info][gc,heap        ] GC(617) ParOldGen: 3097132K(4109824K)->3201068K(4109824K)
[2932.257s][info][gc,metaspace   ] GC(617) Metaspace: 29069K(29376K)->29069K(29376K) NonClass: 25966K(26112K)->25966K(26112K) Class: 3103K(3264K)->3103K(3264K)
[2932.257s][info][gc             ] GC(617) Pause Young (Allocation Failure) 5552M->3273M(6567M) 92.385ms
[2932.257s][info][gc,cpu         ] GC(617) User=0.55s Sys=0.00s Real=0.09s
....[2936.202s][info][gc,start       ] GC(618) Pause Young (Allocation Failure)
[2936.297s][info][gc,heap        ] GC(618) PSYoungGen: 2593904K(2615296K)->157061K(2616832K) Eden: 2442752K(2442752K)->0K(2442752K) From: 151152K(172544K)->157061K(174080K)
[2936.297s][info][gc,heap        ] GC(618) ParOldGen: 3201068K(4109824K)->3303212K(4109824K)
[2936.297s][info][gc,metaspace   ] GC(618) Metaspace: 29069K(29376K)->29069K(29376K) NonClass: 25966K(26112K)->25966K(26112K) Class: 3103K(3264K)->3103K(3264K)
[2936.297s][info][gc             ] GC(618) Pause Young (Allocation Failure) 5659M->3379M(6569M) 94.577ms
[2936.297s][info][gc,cpu         ] GC(618) User=0.56s Sys=0.00s Real=0.09s
....[2940.176s][info][gc,start       ] GC(619) Pause Young (Allocation Failure)
[2940.270s][info][gc,heap        ] GC(619) PSYoungGen: 2599813K(2616832K)->146944K(2620416K) Eden: 2442752K(2442752K)->0K(2448896K) From: 157061K(174080K)->146944K(171520K)
[2940.270s][info][gc,heap        ] GC(619) ParOldGen: 3303212K(4109824K)->3409396K(4109824K)
[2940.270s][info][gc,metaspace   ] GC(619) Metaspace: 29069K(29376K)->29069K(29376K) NonClass: 25966K(26112K)->25966K(26112K) Class: 3103K(3264K)->3103K(3264K)
[2940.270s][info][gc             ] GC(619) Pause Young (Allocation Failure) 5764M->3472M(6572M) 93.491ms
[2940.270s][info][gc,cpu         ] GC(619) User=0.55s Sys=0.01s Real=0.10s
....[2944.169s][info][gc,start       ] GC(620) Pause Young (Allocation Failure)
[2944.263s][info][gc,heap        ] GC(620) PSYoungGen: 2595840K(2620416K)->148160K(2621440K) Eden: 2448896K(2448896K)->0K(2448896K) From: 146944K(171520K)->148160K(172544K)
[2944.263s][info][gc,heap        ] GC(620) ParOldGen: 3409396K(4109824K)->3512908K(4109824K)
[2944.263s][info][gc,metaspace   ] GC(620) Metaspace: 29069K(29376K)->29069K(29376K) NonClass: 25966K(26112K)->25966K(26112K) Class: 3103K(3264K)->3103K(3264K)
[2944.263s][info][gc             ] GC(620) Pause Young (Allocation Failure) 5864M->3575M(6573M) 93.813ms
[2944.263s][info][gc,cpu         ] GC(620) User=0.55s Sys=0.00s Real=0.10s
....[2948.222s][info][gc,start       ] GC(621) Pause Young (Allocation Failure)
[2948.314s][info][gc,heap        ] GC(621) PSYoungGen: 2597056K(2621440K)->150048K(2619904K) Eden: 2448896K(2448896K)->0K(2451456K) From: 148160K(172544K)->150048K(168448K)
[2948.314s][info][gc,heap        ] GC(621) ParOldGen: 3512908K(4109824K)->3615636K(4109824K)
[2948.314s][info][gc,metaspace   ] GC(621) Metaspace: 29069K(29376K)->29069K(29376K) NonClass: 25966K(26112K)->25966K(26112K) Class: 3103K(3264K)->3103K(3264K)
[2948.314s][info][gc             ] GC(621) Pause Young (Allocation Failure) 5966M->3677M(6572M) 91.470ms
[2948.314s][info][gc,cpu         ] GC(621) User=0.54s Sys=0.00s Real=0.09s
....[2952.174s][info][gc,start       ] GC(622) Pause Young (Allocation Failure)
[2952.269s][info][gc,heap        ] GC(622) PSYoungGen: 2601504K(2619904K)->147296K(2621952K) Eden: 2451456K(2451456K)->0K(2451456K) From: 150048K(168448K)->147296K(170496K)
[2952.269s][info][gc,heap        ] GC(622) ParOldGen: 3615636K(4109824K)->3721788K(4109824K)
[2952.269s][info][gc,metaspace   ] GC(622) Metaspace: 29069K(29376K)->29069K(29376K) NonClass: 25966K(26112K)->25966K(26112K) Class: 3103K(3264K)->3103K(3264K)
[2952.269s][info][gc             ] GC(622) Pause Young (Allocation Failure) 6071M->3778M(6574M) 94.223ms
[2952.269s][info][gc,cpu         ] GC(622) User=0.55s Sys=0.00s Real=0.09s
....[2956.228s][info][gc,start       ] GC(623) Pause Young (Allocation Failure)
[2956.321s][info][gc,heap        ] GC(623) PSYoungGen: 2598752K(2621952K)->151424K(2620928K) Eden: 2451456K(2451456K)->0K(2455552K) From: 147296K(170496K)->151424K(165376K)
[2956.321s][info][gc,heap        ] GC(623) ParOldGen: 3721788K(4109824K)->3824588K(4109824K)
[2956.321s][info][gc,metaspace   ] GC(623) Metaspace: 29069K(29376K)->29069K(29376K) NonClass: 25966K(26112K)->25966K(26112K) Class: 3103K(3264K)->3103K(3264K)
[2956.321s][info][gc             ] GC(623) Pause Young (Allocation Failure) 6172M->3882M(6573M) 92.403ms
[2956.321s][info][gc,cpu         ] GC(623) User=0.54s Sys=0.00s Real=0.10s
. (rIR:aIR:PR = 4289:4290:4290) (tPR = 63826) [OK] 
  2956s: Performance info:
         Transaction,    Success,    Partial,     Failed,   Receipts, AvgBarcode, 
             Overall,     257704,          0,          0,     244818,      59.48, 
         Response times:
             Request,    Success,    Partial,     Failed,   SkipFail,     Probes,    Samples,      min,      p50,      p90,      p95,      p99,      max, 
       TotalPurchase,     244818,          0,          0,          0,     240789,     278010,      300,     3200,     5300,     6500,    25000,   137000,
     InStorePurchase,     128878,          0,          0,          0,     127072,     146592,      300,     3200,     5300,     6400,    24000,   136000,
      OnlinePurchase,      90164,          0,          0,          0,      88825,     102556,      300,     3300,     5300,     6500,    25000,   136000,
        InstPurchase,      25776,          0,          0,          0,      24892,      28862,      400,     3100,     5400,     6600,    24000,   137000,
          AssocOfCat,        258,          0,          0,          0,        194,        265,    18200,    26000,    34000,    38000,    52340,   117000,
      AssocOfProduct,       2581,          0,          0,          0,       2399,       2959,      400,     3700,     5700,     7000,    31000,    99000,
      BusinessReport,        644,          0,          0,          0,        534,        712,    24000,    35000,    48000,    53350,   132870,   153000,
          CustBuyBeh,       2583,          0,          0,          0,       2373,       2937,      200,     3100,     5400,     6300,    28000,   101000,
       ProductReturn,       6820,          0,          0,          0,       6456,       7700,      200,     3300,     5300,     6500,    27000,   101000,

  2956s: (32%)   IR =   4428 ..[2960.050s][info][gc,start       ] GC(624) Pause Young (Allocation Failure)
[2960.143s][info][gc,heap        ] GC(624) PSYoungGen: 2606976K(2620928K)->146080K(2623488K) Eden: 2455552K(2455552K)->0K(2455552K) From: 151424K(165376K)->146080K(167936K)
[2960.143s][info][gc,heap        ] GC(624) ParOldGen: 3824588K(4109824K)->3932076K(4109824K)
[2960.143s][info][gc,metaspace   ] GC(624) Metaspace: 29069K(29376K)->29069K(29376K) NonClass: 25966K(26112K)->25966K(26112K) Class: 3103K(3264K)->3103K(3264K)
[2960.143s][info][gc             ] GC(624) Pause Young (Allocation Failure) 6280M->3982M(6575M) 92.329ms
[2960.143s][info][gc,cpu         ] GC(624) User=0.54s Sys=0.00s Real=0.09s
....[2963.922s][info][gc,start       ] GC(625) Pause Young (Allocation Failure)
[2964.016s][info][gc,heap        ] GC(625) PSYoungGen: 2601632K(2623488K)->148576K(2625536K) Eden: 2455552K(2455552K)->0K(2460672K) From: 146080K(167936K)->148576K(164864K)
[2964.016s][info][gc,heap        ] GC(625) ParOldGen: 3932076K(4109824K)->4035556K(4109824K)
[2964.016s][info][gc,metaspace   ] GC(625) Metaspace: 29069K(29376K)->29069K(29376K) NonClass: 25966K(26112K)->25966K(26112K) Class: 3103K(3264K)->3103K(3264K)
[2964.016s][info][gc             ] GC(625) Pause Young (Allocation Failure) 6380M->4086M(6577M) 93.442ms
[2964.016s][info][gc,cpu         ] GC(625) User=0.55s Sys=0.00s Real=0.09s
.|...[2967.896s][info][gc,start       ] GC(626) Pause Young (Allocation Failure)
[2967.990s][info][gc,heap        ] GC(626) PSYoungGen: 2609248K(2625536K)->150176K(2627072K) Eden: 2460672K(2460672K)->0K(2460672K) From: 148576K(164864K)->150176K(166400K)
[2967.990s][info][gc,heap        ] GC(626) ParOldGen: 4035556K(4109824K)->4140692K(4141056K)
[2967.990s][info][gc,metaspace   ] GC(626) Metaspace: 29069K(29376K)->29069K(29376K) NonClass: 25966K(26112K)->25966K(26112K) Class: 3103K(3264K)->3103K(3264K)
[2967.990s][info][gc             ] GC(626) Pause Young (Allocation Failure) 6489M->4190M(6609M) 94.077ms
[2967.990s][info][gc,cpu         ] GC(626) User=0.56s Sys=0.01s Real=0.09s
....[2971.688s][info][gc,start       ] GC(627) Pause Young (Allocation Failure)
[2971.785s][info][gc,heap        ] GC(627) PSYoungGen: 2610848K(2627072K)->148256K(2627072K) Eden: 2460672K(2460672K)->0K(2464256K) From: 150176K(166400K)->148256K(162816K)
[2971.785s][info][gc,heap        ] GC(627) ParOldGen: 4140692K(4141056K)->4247956K(4248064K)
[2971.785s][info][gc,metaspace   ] GC(627) Metaspace: 29069K(29376K)->29069K(29376K) NonClass: 25966K(26112K)->25966K(26112K) Class: 3103K(3264K)->3103K(3264K)
[2971.785s][info][gc             ] GC(627) Pause Young (Allocation Failure) 6593M->4293M(6714M) 96.668ms
[2971.785s][info][gc,cpu         ] GC(627) User=0.53s Sys=0.03s Real=0.10s
....[2975.667s][info][gc,start       ] GC(628) Pause Young (Allocation Failure)
[2975.764s][info][gc,heap        ] GC(628) PSYoungGen: 2612512K(2627072K)->153696K(2628608K) Eden: 2464256K(2464256K)->0K(2464256K) From: 148256K(162816K)->153696K(164352K)
[2975.764s][info][gc,heap        ] GC(628) ParOldGen: 4247956K(4248064K)->4349540K(4349952K)
[2975.764s][info][gc,metaspace   ] GC(628) Metaspace: 29069K(29376K)->29069K(29376K) NonClass: 25966K(26112K)->25966K(26112K) Class: 3103K(3264K)->3103K(3264K)
[2975.764s][info][gc             ] GC(628) Pause Young (Allocation Failure) 6699M->4397M(6815M) 97.153ms
[2975.764s][info][gc,cpu         ] GC(628) User=0.55s Sys=0.03s Real=0.10s
....[2979.498s][info][gc,start       ] GC(629) Pause Young (Allocation Failure)
[2979.596s][info][gc,heap        ] GC(629) PSYoungGen: 2617952K(2628608K)->149504K(2629632K) Eden: 2464256K(2464256K)->0K(2467328K) From: 153696K(164352K)->149504K(162304K)
[2979.596s][info][gc,heap        ] GC(629) ParOldGen: 4349540K(4349952K)->4456140K(4456448K)
[2979.596s][info][gc,metaspace   ] GC(629) Metaspace: 29069K(29376K)->29069K(29376K) NonClass: 25966K(26112K)->25966K(26112K) Class: 3103K(3264K)->3103K(3264K)
[2979.596s][info][gc             ] GC(629) Pause Young (Allocation Failure) 6804M->4497M(6920M) 98.466ms
[2979.596s][info][gc,cpu         ] GC(629) User=0.54s Sys=0.04s Real=0.10s
....[2983.394s][info][gc,start       ] GC(630) Pause Young (Allocation Failure)
[2983.492s][info][gc,heap        ] GC(630) PSYoungGen: 2616832K(2629632K)->149951K(2630656K) Eden: 2467328K(2467328K)->0K(2467328K) From: 149504K(162304K)->149951K(163328K)
[2983.492s][info][gc,heap        ] GC(630) ParOldGen: 4456140K(4456448K)->4559852K(4559872K)
[2983.492s][info][gc,metaspace   ] GC(630) Metaspace: 29069K(29376K)->29069K(29376K) NonClass: 25966K(26112K)->25966K(26112K) Class: 3103K(3264K)->3103K(3264K)
[2983.492s][info][gc             ] GC(630) Pause Young (Allocation Failure) 6907M->4599M(7022M) 97.786ms
[2983.492s][info][gc,cpu         ] GC(630) User=0.53s Sys=0.04s Real=0.10s
....[2987.236s][info][gc,start       ] GC(631) Pause Young (Allocation Failure)
[2987.336s][info][gc,heap        ] GC(631) PSYoungGen: 2617279K(2630656K)->154772K(2632704K) Eden: 2467328K(2467328K)->0K(2470400K) From: 149951K(163328K)->154772K(162304K)
[2987.336s][info][gc,heap        ] GC(631) ParOldGen: 4559852K(4559872K)->4664140K(4664320K)
[2987.336s][info][gc,metaspace   ] GC(631) Metaspace: 29069K(29376K)->29069K(29376K) NonClass: 25966K(26112K)->25966K(26112K) Class: 3103K(3264K)->3103K(3264K)
[2987.336s][info][gc             ] GC(631) Pause Young (Allocation Failure) 7008M->4705M(7126M) 99.925ms
[2987.336s][info][gc,cpu         ] GC(631) User=0.56s Sys=0.02s Real=0.10s
....[2991.213s][info][gc,start       ] GC(632) Pause Young (Allocation Failure)
[2991.311s][info][gc,heap        ] GC(632) PSYoungGen: 2625172K(2632704K)->151872K(2632704K) Eden: 2470400K(2470400K)->0K(2470400K) From: 154772K(162304K)->151872K(162304K)
[2991.311s][info][gc,heap        ] GC(632) ParOldGen: 4664140K(4664320K)->4766980K(4767232K)
[2991.311s][info][gc,metaspace   ] GC(632) Metaspace: 29069K(29376K)->29069K(29376K) NonClass: 25966K(26112K)->25966K(26112K) Class: 3103K(3264K)->3103K(3264K)
[2991.311s][info][gc             ] GC(632) Pause Young (Allocation Failure) 7118M->4803M(7226M) 97.985ms
[2991.311s][info][gc,cpu         ] GC(632) User=0.55s Sys=0.03s Real=0.10s
...[2995.085s][info][gc,start       ] GC(633) Pause Young (Allocation Failure)
[2995.190s][info][gc,heap        ] GC(633) PSYoungGen: 2622272K(2632704K)->158164K(2631168K) Eden: 2470400K(2470400K)->0K(2469376K) From: 151872K(162304K)->158164K(161792K)
[2995.190s][info][gc,heap        ] GC(633) ParOldGen: 4766980K(4767232K)->4873044K(4873216K)
[2995.190s][info][gc,metaspace   ] GC(633) Metaspace: 29069K(29376K)->29069K(29376K) NonClass: 25966K(26112K)->25966K(26112K) Class: 3103K(3264K)->3103K(3264K)
[2995.190s][info][gc             ] GC(633) Pause Young (Allocation Failure) 7216M->4913M(7328M) 105.813ms
[2995.190s][info][gc,cpu         ] GC(633) User=0.58s Sys=0.04s Real=0.11s
....[2999.006s][info][gc,start       ] GC(634) Pause Young (Allocation Failure)
[2999.105s][info][gc,heap        ] GC(634) PSYoungGen: 2627540K(2631168K)->148080K(2632704K) Eden: 2469376K(2469376K)->0K(2469376K) From: 158164K(161792K)->148080K(163328K)
[2999.105s][info][gc,heap        ] GC(634) ParOldGen: 4873044K(4873216K)->4977524K(4977664K)
[2999.105s][info][gc,metaspace   ] GC(634) Metaspace: 29069K(29376K)->29069K(29376K) NonClass: 25966K(26112K)->25966K(26112K) Class: 3103K(3264K)->3103K(3264K)
[2999.105s][info][gc             ] GC(634) Pause Young (Allocation Failure) 7324M->5005M(7432M) 98.393ms
[2999.105s][info][gc,cpu         ] GC(634) User=0.55s Sys=0.03s Real=0.10s
....[3002.867s][info][gc,start       ] GC(635) Pause Young (Allocation Failure)
[3002.966s][info][gc,heap        ] GC(635) PSYoungGen: 2617456K(2632704K)->152132K(2630144K) Eden: 2469376K(2469376K)->0K(2469888K) From: 148080K(163328K)->152132K(160256K)
[3002.966s][info][gc,heap        ] GC(635) ParOldGen: 4977524K(4977664K)->5081940K(5082112K)
[3002.966s][info][gc,metaspace   ] GC(635) Metaspace: 29069K(29376K)->29069K(29376K) NonClass: 25966K(26112K)->25966K(26112K) Class: 3103K(3264K)->3103K(3264K)
[3002.966s][info][gc             ] GC(635) Pause Young (Allocation Failure) 7416M->5111M(7531M) 99.418ms
[3002.966s][info][gc,cpu         ] GC(635) User=0.55s Sys=0.03s Real=0.10s
....[3006.733s][info][gc,start       ] GC(636) Pause Young (Allocation Failure)
[3006.831s][info][gc,heap        ] GC(636) PSYoungGen: 2622020K(2630144K)->152960K(2631680K) Eden: 2469888K(2469888K)->0K(2469888K) From: 152132K(160256K)->152960K(161792K)
[3006.831s][info][gc,heap        ] GC(636) ParOldGen: 5081940K(5082112K)->5185796K(5186048K)
[3006.831s][info][gc,metaspace   ] GC(636) Metaspace: 29069K(29376K)->29069K(29376K) NonClass: 25966K(26112K)->25966K(26112K) Class: 3103K(3264K)->3103K(3264K)
[3006.831s][info][gc             ] GC(636) Pause Young (Allocation Failure) 7523M->5213M(7634M) 97.746ms
[3006.831s][info][gc,cpu         ] GC(636) User=0.53s Sys=0.04s Real=0.10s
....[3010.590s][info][gc,start       ] GC(637) Pause Young (Allocation Failure)
[3010.694s][info][gc,heap        ] GC(637) PSYoungGen: 2622848K(2631680K)->156805K(2632704K) Eden: 2469888K(2469888K)->0K(2471424K) From: 152960K(161792K)->156805K(161280K)
[3010.694s][info][gc,heap        ] GC(637) ParOldGen: 5185796K(5186048K)->5290452K(5290496K)
[3010.694s][info][gc,metaspace   ] GC(637) Metaspace: 29069K(29376K)->29069K(29376K) NonClass: 25966K(26112K)->25966K(26112K) Class: 3103K(3264K)->3103K(3264K)
[3010.694s][info][gc             ] GC(637) Pause Young (Allocation Failure) 7625M->5319M(7737M) 103.970ms
[3010.694s][info][gc,cpu         ] GC(637) User=0.57s Sys=0.04s Real=0.10s
....[3014.611s][info][gc,start       ] GC(638) Pause Young (Allocation Failure)
[3014.712s][info][gc,heap        ] GC(638) PSYoungGen: 2628229K(2632704K)->155168K(2633728K) Eden: 2471424K(2471424K)->0K(2471424K) From: 156805K(161280K)->155168K(162304K)
[3014.712s][info][gc,heap        ] GC(638) ParOldGen: 5290452K(5290496K)->5393108K(5393408K)
[3014.712s][info][gc,metaspace   ] GC(638) Metaspace: 29069K(29376K)->29069K(29376K) NonClass: 25966K(26112K)->25966K(26112K) Class: 3103K(3264K)->3103K(3264K)
[3014.712s][info][gc             ] GC(638) Pause Young (Allocation Failure) 7733M->5418M(7839M) 101.066ms
[3014.712s][info][gc,cpu         ] GC(638) User=0.57s Sys=0.03s Real=0.10s
....[3018.415s][info][gc,start       ] GC(639) Pause Young (Allocation Failure)
[3018.518s][info][gc,heap        ] GC(639) PSYoungGen: 2626592K(2633728K)->154852K(2633728K) Eden: 2471424K(2471424K)->0K(2471424K) From: 155168K(162304K)->154852K(162304K)
[3018.518s][info][gc,heap        ] GC(639) ParOldGen: 5393108K(5393408K)->5501860K(5501952K)
[3018.518s][info][gc,metaspace   ] GC(639) Metaspace: 29069K(29376K)->29069K(29376K) NonClass: 25966K(26112K)->25966K(26112K) Class: 3103K(3264K)->3103K(3264K)
[3018.518s][info][gc             ] GC(639) Pause Young (Allocation Failure) 7831M->5524M(7945M) 103.141ms
[3018.518s][info][gc,cpu         ] GC(639) User=0.57s Sys=0.03s Real=0.10s
....[3022.346s][info][gc,start       ] GC(640) Pause Full (Allocation Failure)
[3022.346s][info][gc,phases,start] GC(640) Marking Phase
[3022.652s][info][gc,phases      ] GC(640) Marking Phase 306.275ms
[3022.652s][info][gc,phases,start] GC(640) Summary Phase
[3022.652s][info][gc,phases      ] GC(640) Summary Phase 0.107ms
[3022.652s][info][gc,phases,start] GC(640) Forward
[3022.774s][info][gc,phases      ] GC(640) Forward 122.181ms
[3022.774s][info][gc,phases,start] GC(640) Adjust Pointers
[3022.981s][info][gc,phases      ] GC(640) Adjust Pointers 206.578ms
[3022.981s][info][gc,phases,start] GC(640) Compaction Phase
[3023.126s][info][gc,phases      ] GC(640) Compaction Phase 145.454ms
[3023.127s][info][gc,phases,start] GC(640) Post Compact
[3023.134s][info][gc,phases      ] GC(640) Post Compact 6.975ms
[3023.251s][info][gc,heap        ] GC(640) PSYoungGen: 2626276K(2633728K)->0K(2633728K) Eden: 2471424K(2471424K)->0K(2471424K) From: 154852K(162304K)->0K(162304K)
[3023.251s][info][gc,heap        ] GC(640) ParOldGen: 5501860K(5501952K)->1601545K(1848320K)
[3023.251s][info][gc,metaspace   ] GC(640) Metaspace: 29069K(29376K)->29069K(29376K) NonClass: 25966K(26112K)->25966K(26112K) Class: 3103K(3264K)->3103K(3264K)
[3023.251s][info][gc             ] GC(640) Pause Full (Allocation Failure) 7937M->1564M(4377M) 905.079ms
[3023.251s][info][gc,cpu         ] GC(640) User=4.28s Sys=0.11s Real=0.91s
.. (rIR:aIR:PR = 4428:4426:4426) (tPR = 65825) [OK] 
  3024s: Performance info:
         Transaction,    Success,    Partial,     Failed,   Receipts, AvgBarcode, 
             Overall,     266241,          0,          0,     252990,      59.48, 
         Response times:
             Request,    Success,    Partial,     Failed,   SkipFail,     Probes,    Samples,      min,      p50,      p90,      p95,      p99,      max, 
       TotalPurchase,     252989,          0,          0,          0,     245222,     278200,      300,     3400,     5900,    12700,   221000,   357000,
     InStorePurchase,     133202,          0,          0,          0,     129403,     146720,      300,     3300,     5900,    12300,   221000,   357000,
      OnlinePurchase,      93200,          0,          0,          0,      90235,     102027,      300,     3600,     6100,    13100,   224000,   357000,
        InstPurchase,      26587,          0,          0,          0,      25584,      29453,      400,     3200,     5600,    12500,   225000,   357000,
          AssocOfCat,        267,          0,          0,          0,        210,        303,    17900,    28000,    39000,    46000,   148560,   188000,
      AssocOfProduct,       2651,          0,          0,          0,       2376,       2828,      400,     3900,     5900,     9855,   206000,   208000,
      BusinessReport,        664,          0,          0,          0,        567,        780,    25000,    36000,    55900,   116650,   441000,  1000000,
          CustBuyBeh,       2656,          0,          0,          0,       2452,       2966,      100,     2900,     5300,     7700,   159310,   166000,
       ProductReturn,       7013,          0,          0,          0,       6580,       7765,      200,     4100,     6340,    11770,    59000,   279000,

  3024s: (33%)   IR =   4566 .[3026.155s][info][gc,start       ] GC(641) Pause Young (Allocation Failure)
[3026.220s][info][gc,heap        ] GC(641) PSYoungGen: 2471424K(2633728K)->154992K(2633728K) Eden: 2471424K(2471424K)->0K(2471424K) From: 0K(162304K)->154992K(162304K)
[3026.220s][info][gc,heap        ] GC(641) ParOldGen: 1601545K(1848320K)->1601545K(1848320K)
[3026.220s][info][gc,metaspace   ] GC(641) Metaspace: 29069K(29376K)->29069K(29376K) NonClass: 25966K(26112K)->25966K(26112K) Class: 3103K(3264K)->3103K(3264K)
[3026.220s][info][gc             ] GC(641) Pause Young (Allocation Failure) 3977M->1715M(4377M) 64.930ms
[3026.220s][info][gc,cpu         ] GC(641) User=0.38s Sys=0.00s Real=0.06s
....[3030.037s][info][gc,start       ] GC(642) Pause Young (Allocation Failure)
[3030.131s][info][gc,heap        ] GC(642) PSYoungGen: 2626416K(2633728K)->152928K(2624512K) Eden: 2471424K(2471424K)->0K(2471424K) From: 154992K(162304K)->152928K(153088K)
[3030.131s][info][gc,heap        ] GC(642) ParOldGen: 1601545K(1848320K)->1711181K(1848320K)
[3030.131s][info][gc,metaspace   ] GC(642) Metaspace: 29069K(29376K)->29069K(29376K) NonClass: 25966K(26112K)->25966K(26112K) Class: 3103K(3264K)->3103K(3264K)
[3030.131s][info][gc             ] GC(642) Pause Young (Allocation Failure) 4128M->1820M(4368M) 93.886ms
[3030.131s][info][gc,cpu         ] GC(642) User=0.55s Sys=0.00s Real=0.10s
.|...[3033.763s][info][gc,start       ] GC(643) Pause Young (Allocation Failure)
[3033.859s][info][gc,heap        ] GC(643) PSYoungGen: 2624352K(2624512K)->158932K(2631168K) Eden: 2471424K(2471424K)->0K(2469888K) From: 152928K(153088K)->158932K(161280K)
[3033.859s][info][gc,heap        ] GC(643) ParOldGen: 1711181K(1848320K)->1816061K(1848320K)
[3033.859s][info][gc,metaspace   ] GC(643) Metaspace: 29069K(29376K)->29069K(29376K) NonClass: 25966K(26112K)->25966K(26112K) Class: 3103K(3264K)->3103K(3264K)
[3033.859s][info][gc             ] GC(643) Pause Young (Allocation Failure) 4233M->1928M(4374M) 95.486ms
[3033.859s][info][gc,cpu         ] GC(643) User=0.57s Sys=0.00s Real=0.09s
....[3037.518s][info][gc,start       ] GC(644) Pause Young (Allocation Failure)
[3037.612s][info][gc,heap        ] GC(644) PSYoungGen: 2628820K(2631168K)->150976K(2632704K) Eden: 2469888K(2469888K)->0K(2469888K) From: 158932K(161280K)->150976K(162816K)
[3037.612s][info][gc,heap        ] GC(644) ParOldGen: 1816061K(1848320K)->1920325K(1920512K)
[3037.612s][info][gc,metaspace   ] GC(644) Metaspace: 29069K(29376K)->29069K(29376K) NonClass: 25966K(26112K)->25966K(26112K) Class: 3103K(3264K)->3103K(3264K)
[3037.612s][info][gc             ] GC(644) Pause Young (Allocation Failure) 4340M->2022M(4446M) 94.748ms
[3037.613s][info][gc,cpu         ] GC(644) User=0.54s Sys=0.02s Real=0.10s
...[3041.313s][info][gc,start       ] GC(645) Pause Young (Allocation Failure)
[3041.414s][info][gc,heap        ] GC(645) PSYoungGen: 2620864K(2632704K)->158777K(2631680K) Eden: 2469888K(2469888K)->0K(2469376K) From: 150976K(162816K)->158777K(162304K)
[3041.414s][info][gc,heap        ] GC(645) ParOldGen: 1920325K(1920512K)->2024397K(2024448K)
[3041.414s][info][gc,metaspace   ] GC(645) Metaspace: 29069K(29376K)->29069K(29376K) NonClass: 25966K(26112K)->25966K(26112K) Class: 3103K(3264K)->3103K(3264K)
[3041.414s][info][gc             ] GC(645) Pause Young (Allocation Failure) 4434M->2132M(4547M) 100.295ms
[3041.414s][info][gc,cpu         ] GC(645) User=0.55s Sys=0.04s Real=0.10s
....[3045.058s][info][gc,start       ] GC(646) Pause Young (Allocation Failure)
[3045.152s][info][gc,heap        ] GC(646) PSYoungGen: 2628153K(2631680K)->147776K(2632704K) Eden: 2469376K(2469376K)->0K(2469376K) From: 158777K(162304K)->147776K(163328K)
[3045.152s][info][gc,heap        ] GC(646) ParOldGen: 2024397K(2024448K)->2130357K(2130432K)
[3045.152s][info][gc,metaspace   ] GC(646) Metaspace: 29069K(29376K)->29069K(29376K) NonClass: 25966K(26112K)->25966K(26112K) Class: 3103K(3264K)->3103K(3264K)
[3045.152s][info][gc             ] GC(646) Pause Young (Allocation Failure) 4543M->2224M(4651M) 94.332ms
[3045.152s][info][gc,cpu         ] GC(646) User=0.52s Sys=0.04s Real=0.10s
....[3048.828s][info][gc,start       ] GC(647) Pause Young (Allocation Failure)
[3048.921s][info][gc,heap        ] GC(647) PSYoungGen: 2617152K(2632704K)->146592K(2631680K) Eden: 2469376K(2469376K)->0K(2468352K) From: 147776K(163328K)->146592K(163328K)
[3048.921s][info][gc,heap        ] GC(647) ParOldGen: 2130357K(2130432K)->2234237K(2234368K)
[3048.921s][info][gc,metaspace   ] GC(647) Metaspace: 29069K(29376K)->29069K(29376K) NonClass: 25966K(26112K)->25966K(26112K) Class: 3103K(3264K)->3103K(3264K)
[3048.921s][info][gc             ] GC(647) Pause Young (Allocation Failure) 4636M->2325M(4752M) 93.011ms
[3048.922s][info][gc,cpu         ] GC(647) User=0.52s Sys=0.03s Real=0.10s
....[3052.729s][info][gc,start       ] GC(648) Pause Young (Allocation Failure)
[3052.826s][info][gc,heap        ] GC(648) PSYoungGen: 2614944K(2631680K)->157312K(2626048K) Eden: 2468352K(2468352K)->0K(2468352K) From: 146592K(163328K)->157312K(157696K)
[3052.826s][info][gc,heap        ] GC(648) ParOldGen: 2234237K(2234368K)->2337901K(2338304K)
[3052.826s][info][gc,metaspace   ] GC(648) Metaspace: 29069K(29376K)->29069K(29376K) NonClass: 25966K(26112K)->25966K(26112K) Class: 3103K(3264K)->3103K(3264K)
[3052.826s][info][gc             ] GC(648) Pause Young (Allocation Failure) 4735M->2436M(4848M) 97.357ms
[3052.826s][info][gc,cpu         ] GC(648) User=0.55s Sys=0.03s Real=0.10s
....[3056.490s][info][gc,start       ] GC(649) Pause Young (Allocation Failure)
[3056.592s][info][gc,heap        ] GC(649) PSYoungGen: 2625664K(2626048K)->161860K(2627584K) Eden: 2468352K(2468352K)->0K(2463232K) From: 157312K(157696K)->161860K(164352K)
[3056.592s][info][gc,heap        ] GC(649) ParOldGen: 2337901K(2338304K)->2445069K(2445312K)
[3056.592s][info][gc,metaspace   ] GC(649) Metaspace: 29069K(29376K)->29069K(29376K) NonClass: 25966K(26112K)->25966K(26112K) Class: 3103K(3264K)->3103K(3264K)
[3056.592s][info][gc             ] GC(649) Pause Young (Allocation Failure) 4847M->2545M(4954M) 102.021ms
[3056.592s][info][gc,cpu         ] GC(649) User=0.57s Sys=0.04s Real=0.10s
...[3060.299s][info][gc,start       ] GC(650) Pause Young (Allocation Failure)
[3060.396s][info][gc,heap        ] GC(650) PSYoungGen: 2625092K(2627584K)->155744K(2629632K) Eden: 2463232K(2463232K)->0K(2463232K) From: 161860K(164352K)->155744K(166400K)
[3060.396s][info][gc,heap        ] GC(650) ParOldGen: 2445069K(2445312K)->2550717K(2550784K)
[3060.396s][info][gc,metaspace   ] GC(650) Metaspace: 29069K(29376K)->29069K(29376K) NonClass: 25966K(26112K)->25966K(26112K) Class: 3103K(3264K)->3103K(3264K)
[3060.396s][info][gc             ] GC(650) Pause Young (Allocation Failure) 4951M->2643M(5059M) 97.152ms
[3060.396s][info][gc,cpu         ] GC(650) User=0.54s Sys=0.03s Real=0.10s
....[3064.041s][info][gc,start       ] GC(651) Pause Young (Allocation Failure)
[3064.142s][info][gc,heap        ] GC(651) PSYoungGen: 2618976K(2629632K)->156640K(2629120K) Eden: 2463232K(2463232K)->0K(2463744K) From: 155744K(166400K)->156640K(165376K)
[3064.142s][info][gc,heap        ] GC(651) ParOldGen: 2550717K(2550784K)->2657645K(2657792K)
[3064.142s][info][gc,metaspace   ] GC(651) Metaspace: 29069K(29376K)->29069K(29376K) NonClass: 25966K(26112K)->25966K(26112K) Class: 3103K(3264K)->3103K(3264K)
[3064.142s][info][gc             ] GC(651) Pause Young (Allocation Failure) 5048M->2748M(5163M) 100.454ms
[3064.142s][info][gc,cpu         ] GC(651) User=0.55s Sys=0.04s Real=0.10s
....[3067.779s][info][gc,start       ] GC(652) Pause Young (Allocation Failure)
[3067.878s][info][gc,heap        ] GC(652) PSYoungGen: 2620384K(2629120K)->157428K(2629632K) Eden: 2463744K(2463744K)->0K(2463744K) From: 156640K(165376K)->157428K(165888K)
[3067.878s][info][gc,heap        ] GC(652) ParOldGen: 2657645K(2657792K)->2762733K(2762752K)
[3067.878s][info][gc,metaspace   ] GC(652) Metaspace: 29069K(29376K)->29069K(29376K) NonClass: 25966K(26112K)->25966K(26112K) Class: 3103K(3264K)->3103K(3264K)
[3067.878s][info][gc             ] GC(652) Pause Young (Allocation Failure) 5154M->2851M(5266M) 99.144ms
[3067.878s][info][gc,cpu         ] GC(652) User=0.56s Sys=0.03s Real=0.10s
....[3071.605s][info][gc,start       ] GC(653) Pause Young (Allocation Failure)
[3071.702s][info][gc,heap        ] GC(653) PSYoungGen: 2621172K(2629632K)->154368K(2628096K) Eden: 2463744K(2463744K)->0K(2464256K) From: 157428K(165888K)->154368K(163840K)
[3071.702s][info][gc,heap        ] GC(653) ParOldGen: 2762733K(2762752K)->2865669K(2866176K)
[3071.702s][info][gc,metaspace   ] GC(653) Metaspace: 29069K(29376K)->29069K(29376K) NonClass: 25966K(26112K)->25966K(26112K) Class: 3103K(3264K)->3103K(3264K)
[3071.702s][info][gc             ] GC(653) Pause Young (Allocation Failure) 5257M->2949M(5365M) 96.940ms
[3071.702s][info][gc,cpu         ] GC(653) User=0.54s Sys=0.03s Real=0.10s
...[3075.385s][info][gc,start       ] GC(654) Pause Young (Allocation Failure)
[3075.483s][info][gc,heap        ] GC(654) PSYoungGen: 2618624K(2628096K)->152096K(2629120K) Eden: 2464256K(2464256K)->0K(2464256K) From: 154368K(163840K)->152096K(164864K)
[3075.483s][info][gc,heap        ] GC(654) ParOldGen: 2865669K(2866176K)->2972613K(2972672K)
[3075.483s][info][gc,metaspace   ] GC(654) Metaspace: 29069K(29376K)->29069K(29376K) NonClass: 25966K(26112K)->25966K(26112K) Class: 3103K(3264K)->3103K(3264K)
[3075.483s][info][gc             ] GC(654) Pause Young (Allocation Failure) 5355M->3051M(5470M) 97.411ms
[3075.483s][info][gc,cpu         ] GC(654) User=0.55s Sys=0.02s Real=0.10s
....[3079.128s][info][gc,start       ] GC(655) Pause Young (Allocation Failure)
[3079.226s][info][gc,heap        ] GC(655) PSYoungGen: 2616352K(2629120K)->149573K(2629632K) Eden: 2464256K(2464256K)->0K(2466816K) From: 152096K(164864K)->149573K(162816K)
[3079.226s][info][gc,heap        ] GC(655) ParOldGen: 2972613K(2972672K)->3077901K(3078144K)
[3079.226s][info][gc,metaspace   ] GC(655) Metaspace: 29069K(29376K)->29069K(29376K) NonClass: 25966K(26112K)->25966K(26112K) Class: 3103K(3264K)->3103K(3264K)
[3079.226s][info][gc             ] GC(655) Pause Young (Allocation Failure) 5457M->3151M(5574M) 98.071ms
[3079.226s][info][gc,cpu         ] GC(655) User=0.53s Sys=0.04s Real=0.10s
....[3082.840s][info][gc,start       ] GC(656) Pause Young (Allocation Failure)
[3082.934s][info][gc,heap        ] GC(656) PSYoungGen: 2616389K(2629632K)->145760K(2630656K) Eden: 2466816K(2466816K)->0K(2466816K) From: 149573K(162816K)->145760K(163840K)
[3082.934s][info][gc,heap        ] GC(656) ParOldGen: 3077901K(3078144K)->3182413K(3182592K)
[3082.934s][info][gc,metaspace   ] GC(656) Metaspace: 29069K(29376K)->29069K(29376K) NonClass: 25966K(26112K)->25966K(26112K) Class: 3103K(3264K)->3103K(3264K)
[3082.934s][info][gc             ] GC(656) Pause Young (Allocation Failure) 5560M->3250M(5677M) 94.519ms
[3082.934s][info][gc,cpu         ] GC(656) User=0.52s Sys=0.04s Real=0.10s
....[3086.712s][info][gc,start       ] GC(657) Pause Young (Allocation Failure)
[3086.809s][info][gc,heap        ] GC(657) PSYoungGen: 2612576K(2630656K)->156480K(2631680K) Eden: 2466816K(2466816K)->0K(2467328K) From: 145760K(163840K)->156480K(164352K)
[3086.809s][info][gc,heap        ] GC(657) ParOldGen: 3182413K(3182592K)->3286053K(3286528K)
[3086.809s][info][gc,metaspace   ] GC(657) Metaspace: 29069K(29376K)->29069K(29376K) NonClass: 25966K(26112K)->25966K(26112K) Class: 3103K(3264K)->3103K(3264K)
[3086.809s][info][gc             ] GC(657) Pause Young (Allocation Failure) 5659M->3361M(5779M) 97.118ms
[3086.809s][info][gc,cpu         ] GC(657) User=0.53s Sys=0.04s Real=0.09s
...[3090.502s][info][gc,start       ] GC(658) Pause Young (Allocation Failure)
[3090.599s][info][gc,heap        ] GC(658) PSYoungGen: 2623808K(2631680K)->152160K(2619904K) Eden: 2467328K(2467328K)->0K(2467328K) From: 156480K(164352K)->152160K(152576K)
[3090.599s][info][gc,heap        ] GC(658) ParOldGen: 3286053K(3286528K)->3393229K(3393536K)
[3090.599s][info][gc,metaspace   ] GC(658) Metaspace: 29069K(29376K)->29069K(29376K) NonClass: 25966K(26112K)->25966K(26112K) Class: 3103K(3264K)->3103K(3264K)
[3090.599s][info][gc             ] GC(658) Pause Young (Allocation Failure) 5771M->3462M(5872M) 97.021ms
[3090.599s][info][gc,cpu         ] GC(658) User=0.52s Sys=0.05s Real=0.09s
. (rIR:aIR:PR = 4566:4560:4560) (tPR = 67553) [OK] 
  3090s: Performance info:
         Transaction,    Success,    Partial,     Failed,   Receipts, AvgBarcode, 
             Overall,     274797,          0,          0,     261066,      59.47, 
         Response times:
             Request,    Success,    Partial,     Failed,   SkipFail,     Probes,    Samples,      min,      p50,      p90,      p95,      p99,      max, 
       TotalPurchase,     261065,          0,          0,          0,     256918,     283108,      300,     3500,     5800,     7300,    28000,   143000,
     InStorePurchase,     137383,          0,          0,          0,     135615,     149255,      300,     3500,     5800,     7200,    28000,   121000,
      OnlinePurchase,      96192,          0,          0,          0,      94585,     104283,      300,     3400,     5800,     7200,    27000,   143000,
        InstPurchase,      27490,          0,          0,          0,      26718,      29570,      400,     3400,     5900,     7400,    28000,   141000,
          AssocOfCat,        272,          0,          0,          0,        230,        318,    17700,    28000,    40000,    46050,   110270,   140000,
      AssocOfProduct,       2745,          0,          0,          0,       2506,       2915,      700,     3000,     5400,     6720,    23000,   109000,
      BusinessReport,        686,          0,          0,          0,        600,        786,    24000,    35000,    49000,    55000,   132780,   156000,
          CustBuyBeh,       2745,          0,          0,          0,       2525,       2948,      300,     3400,     6000,     8600,    31000,   110000,
       ProductReturn,       7278,          0,          0,          0,       6864,       7731,      300,     3300,     5900,     7500,    26000,   109000,

  3090s: (34%)   IR =   4705 ...[3094.197s][info][gc,start       ] GC(659) Pause Young (Allocation Failure)
[3094.293s][info][gc,heap        ] GC(659) PSYoungGen: 2619488K(2619904K)->148672K(2631680K) Eden: 2467328K(2467328K)->0K(2467840K) From: 152160K(152576K)->148672K(163840K)
[3094.293s][info][gc,heap        ] GC(659) ParOldGen: 3393229K(3393536K)->3500501K(3500544K)
[3094.293s][info][gc,metaspace   ] GC(659) Metaspace: 29069K(29376K)->29069K(29376K) NonClass: 25966K(26112K)->25966K(26112K) Class: 3103K(3264K)->3103K(3264K)
[3094.293s][info][gc             ] GC(659) Pause Young (Allocation Failure) 5871M->3563M(5988M) 95.760ms
[3094.293s][info][gc,cpu         ] GC(659) User=0.53s Sys=0.03s Real=0.10s
.|...[3097.873s][info][gc,start       ] GC(660) Pause Young (Allocation Failure)
[3097.968s][info][gc,heap        ] GC(660) PSYoungGen: 2616512K(2631680K)->146752K(2631168K) Eden: 2467840K(2467840K)->0K(2467840K) From: 148672K(163840K)->146752K(163328K)
[3097.968s][info][gc,heap        ] GC(660) ParOldGen: 3500501K(3500544K)->3604149K(3604480K)
[3097.968s][info][gc,metaspace   ] GC(660) Metaspace: 29069K(29376K)->29069K(29376K) NonClass: 25966K(26112K)->25966K(26112K) Class: 3103K(3264K)->3103K(3264K)
[3097.968s][info][gc             ] GC(660) Pause Young (Allocation Failure) 5973M->3662M(6089M) 95.397ms
[3097.968s][info][gc,cpu         ] GC(660) User=0.54s Sys=0.03s Real=0.09s
...[3101.535s][info][gc,start       ] GC(661) Pause Young (Allocation Failure)
[3101.634s][info][gc,heap        ] GC(661) PSYoungGen: 2614592K(2631168K)->155584K(2631680K) Eden: 2467840K(2467840K)->0K(2468352K) From: 146752K(163328K)->155584K(163328K)
[3101.634s][info][gc,heap        ] GC(661) ParOldGen: 3604149K(3604480K)->3708757K(3708928K)
[3101.634s][info][gc,metaspace   ] GC(661) Metaspace: 29069K(29376K)->29069K(29376K) NonClass: 25966K(26112K)->25966K(26112K) Class: 3103K(3264K)->3103K(3264K)
[3101.634s][info][gc             ] GC(661) Pause Young (Allocation Failure) 6072M->3773M(6192M) 99.509ms
[3101.634s][info][gc,cpu         ] GC(661) User=0.56s Sys=0.02s Real=0.10s
....[3105.198s][info][gc,start       ] GC(662) Pause Young (Allocation Failure)
[3105.296s][info][gc,heap        ] GC(662) PSYoungGen: 2623936K(2631680K)->150240K(2618880K) Eden: 2468352K(2468352K)->0K(2468352K) From: 155584K(163328K)->150240K(150528K)
[3105.296s][info][gc,heap        ] GC(662) ParOldGen: 3708757K(3708928K)->3815645K(3815936K)
[3105.296s][info][gc,metaspace   ] GC(662) Metaspace: 29069K(29376K)->29069K(29376K) NonClass: 25966K(26112K)->25966K(26112K) Class: 3103K(3264K)->3103K(3264K)
[3105.296s][info][gc             ] GC(662) Pause Young (Allocation Failure) 6184M->3872M(6284M) 97.925ms
[3105.296s][info][gc,cpu         ] GC(662) User=0.55s Sys=0.02s Real=0.10s
....[3108.918s][info][gc,start       ] GC(663) Pause Young (Allocation Failure)
[3109.015s][info][gc,heap        ] GC(663) PSYoungGen: 2618592K(2618880K)->152288K(2632704K) Eden: 2468352K(2468352K)->0K(2469888K) From: 150240K(150528K)->152288K(162816K)
[3109.015s][info][gc,heap        ] GC(663) ParOldGen: 3815645K(3815936K)->3919357K(3919360K)
[3109.015s][info][gc,metaspace   ] GC(663) Metaspace: 29069K(29376K)->29069K(29376K) NonClass: 25966K(26112K)->25966K(26112K) Class: 3103K(3264K)->3103K(3264K)
[3109.015s][info][gc             ] GC(663) Pause Young (Allocation Failure) 6283M->3976M(6398M) 96.890ms
[3109.015s][info][gc,cpu         ] GC(663) User=0.54s Sys=0.03s Real=0.10s
...[3112.632s][info][gc,start       ] GC(664) Pause Young (Allocation Failure)
[3112.730s][info][gc,heap        ] GC(664) PSYoungGen: 2622176K(2632704K)->154592K(2631680K) Eden: 2469888K(2469888K)->0K(2469888K) From: 152288K(162816K)->154592K(161792K)
[3112.730s][info][gc,heap        ] GC(664) ParOldGen: 3919357K(3919360K)->4025845K(4025856K)
[3112.730s][info][gc,metaspace   ] GC(664) Metaspace: 29069K(29376K)->29069K(29376K) NonClass: 25966K(26112K)->25966K(26112K) Class: 3103K(3264K)->3103K(3264K)
[3112.730s][info][gc             ] GC(664) Pause Young (Allocation Failure) 6388M->4082M(6501M) 98.216ms
[3112.730s][info][gc,cpu         ] GC(664) User=0.54s Sys=0.04s Real=0.10s
....[3116.223s][info][gc,start       ] GC(665) Pause Young (Allocation Failure)
[3116.321s][info][gc,heap        ] GC(665) PSYoungGen: 2624480K(2631680K)->148032K(2633216K) Eden: 2469888K(2469888K)->0K(2471424K) From: 154592K(161792K)->148032K(161792K)
[3116.321s][info][gc,heap        ] GC(665) ParOldGen: 4025845K(4025856K)->4132597K(4132864K)
[3116.321s][info][gc,metaspace   ] GC(665) Metaspace: 29069K(29376K)->29069K(29376K) NonClass: 25966K(26112K)->25966K(26112K) Class: 3103K(3264K)->3103K(3264K)
[3116.321s][info][gc             ] GC(665) Pause Young (Allocation Failure) 6494M->4180M(6607M) 97.830ms
[3116.321s][info][gc,cpu         ] GC(665) User=0.54s Sys=0.04s Real=0.10s
....[3119.975s][info][gc,start       ] GC(666) Pause Young (Allocation Failure)
[3120.071s][info][gc,heap        ] GC(666) PSYoungGen: 2619456K(2633216K)->148864K(2633216K) Eden: 2471424K(2471424K)->0K(2471424K) From: 148032K(161792K)->148864K(161792K)
[3120.071s][info][gc,heap        ] GC(666) ParOldGen: 4132597K(4132864K)->4235253K(4235264K)
[3120.071s][info][gc,metaspace   ] GC(666) Metaspace: 29069K(29376K)->29069K(29376K) NonClass: 25966K(26112K)->25966K(26112K) Class: 3103K(3264K)->3103K(3264K)
[3120.071s][info][gc             ] GC(666) Pause Young (Allocation Failure) 6593M->4281M(6707M) 96.591ms
[3120.071s][info][gc,cpu         ] GC(666) User=0.53s Sys=0.03s Real=0.10s
...[3123.546s][info][gc,start       ] GC(667) Pause Young (Allocation Failure)
[3123.653s][info][gc,heap        ] GC(667) PSYoungGen: 2620288K(2633216K)->161257K(2543616K) Eden: 2471424K(2471424K)->0K(2382336K) From: 148864K(161792K)->161257K(161280K)
[3123.653s][info][gc,heap        ] GC(667) ParOldGen: 4235253K(4235264K)->4351037K(4351488K)
[3123.653s][info][gc,metaspace   ] GC(667) Metaspace: 29069K(29376K)->29069K(29376K) NonClass: 25966K(26112K)->25966K(26112K) Class: 3103K(3264K)->3103K(3264K)
[3123.653s][info][gc             ] GC(667) Pause Young (Allocation Failure) 6694M->4406M(6733M) 107.708ms
[3123.653s][info][gc,cpu         ] GC(667) User=0.61s Sys=0.03s Real=0.11s
....[3127.167s][info][gc,start       ] GC(668) Pause Young (Allocation Failure)
[3127.260s][info][gc,heap        ] GC(668) PSYoungGen: 2543593K(2543616K)->150880K(2589184K) Eden: 2382336K(2382336K)->0K(2382336K) From: 161257K(161280K)->150880K(206848K)
[3127.260s][info][gc,heap        ] GC(668) ParOldGen: 4351037K(4351488K)->4446045K(4446208K)
[3127.260s][info][gc,metaspace   ] GC(668) Metaspace: 29069K(29376K)->29069K(29376K) NonClass: 25966K(26112K)->25966K(26112K) Class: 3103K(3264K)->3103K(3264K)
[3127.260s][info][gc             ] GC(668) Pause Young (Allocation Failure) 6733M->4489M(6870M) 93.204ms
[3127.260s][info][gc,cpu         ] GC(668) User=0.52s Sys=0.03s Real=0.10s
...[3130.694s][info][gc,start       ] GC(669) Pause Young (Allocation Failure)
[3130.794s][info][gc,heap        ] GC(669) PSYoungGen: 2533216K(2589184K)->152992K(2582016K) Eden: 2382336K(2382336K)->0K(2384384K) From: 150880K(206848K)->152992K(197632K)
[3130.794s][info][gc,heap        ] GC(669) ParOldGen: 4446045K(4446208K)->4550909K(4551168K)
[3130.794s][info][gc,metaspace   ] GC(669) Metaspace: 29069K(29376K)->29069K(29376K) NonClass: 25966K(26112K)->25966K(26112K) Class: 3103K(3264K)->3103K(3264K)
[3130.794s][info][gc             ] GC(669) Pause Young (Allocation Failure) 6815M->4593M(6966M) 100.511ms
[3130.795s][info][gc,cpu         ] GC(669) User=0.55s Sys=0.04s Real=0.10s
....[3134.281s][info][gc,start       ] GC(670) Pause Young (Allocation Failure)
[3134.375s][info][gc,heap        ] GC(670) PSYoungGen: 2537376K(2582016K)->148224K(2586624K) Eden: 2384384K(2384384K)->0K(2384384K) From: 152992K(197632K)->148224K(202240K)
[3134.375s][info][gc,heap        ] GC(670) ParOldGen: 4550909K(4551168K)->4652957K(4653056K)
[3134.375s][info][gc,metaspace   ] GC(670) Metaspace: 29069K(29376K)->29069K(29376K) NonClass: 25966K(26112K)->25966K(26112K) Class: 3103K(3264K)->3103K(3264K)
[3134.375s][info][gc             ] GC(670) Pause Young (Allocation Failure) 6922M->4688M(7070M) 94.343ms
[3134.375s][info][gc,cpu         ] GC(670) User=0.52s Sys=0.02s Real=0.09s
....[3137.813s][info][gc,start       ] GC(671) Pause Young (Allocation Failure)
[3137.909s][info][gc,heap        ] GC(671) PSYoungGen: 2532608K(2586624K)->150144K(2588160K) Eden: 2384384K(2384384K)->0K(2393088K) From: 148224K(202240K)->150144K(195072K)
[3137.909s][info][gc,heap        ] GC(671) ParOldGen: 4652957K(4653056K)->4756605K(4756992K)
[3137.909s][info][gc,metaspace   ] GC(671) Metaspace: 29069K(29376K)->29069K(29376K) NonClass: 25966K(26112K)->25966K(26112K) Class: 3103K(3264K)->3103K(3264K)
[3137.909s][info][gc             ] GC(671) Pause Young (Allocation Failure) 7017M->4791M(7173M) 95.793ms
[3137.909s][info][gc,cpu         ] GC(671) User=0.54s Sys=0.03s Real=0.09s
...[3141.446s][info][gc,start       ] GC(672) Pause Young (Allocation Failure)
[3141.544s][info][gc,heap        ] GC(672) PSYoungGen: 2543232K(2588160K)->153504K(2591744K) Eden: 2393088K(2393088K)->0K(2393088K) From: 150144K(195072K)->153504K(198656K)
[3141.544s][info][gc,heap        ] GC(672) ParOldGen: 4756605K(4756992K)->4858533K(4858880K)
[3141.544s][info][gc,metaspace   ] GC(672) Metaspace: 29069K(29376K)->29069K(29376K) NonClass: 25966K(26112K)->25966K(26112K) Class: 3103K(3264K)->3103K(3264K)
[3141.544s][info][gc             ] GC(672) Pause Young (Allocation Failure) 7128M->4894M(7276M) 97.677ms
[3141.544s][info][gc,cpu         ] GC(672) User=0.54s Sys=0.02s Real=0.10s
....[3144.926s][info][gc,start       ] GC(673) Pause Young (Allocation Failure)
[3145.021s][info][gc,heap        ] GC(673) PSYoungGen: 2546592K(2591744K)->141280K(2595840K) Eden: 2393088K(2393088K)->0K(2401792K) From: 153504K(198656K)->141280K(194048K)
[3145.021s][info][gc,heap        ] GC(673) ParOldGen: 4858533K(4858880K)->4964877K(4965376K)
[3145.021s][info][gc,metaspace   ] GC(673) Metaspace: 29069K(29376K)->29069K(29376K) NonClass: 25966K(26112K)->25966K(26112K) Class: 3103K(3264K)->3103K(3264K)
[3145.021s][info][gc             ] GC(673) Pause Young (Allocation Failure) 7231M->4986M(7384M) 95.385ms
[3145.021s][info][gc,cpu         ] GC(673) User=0.52s Sys=0.04s Real=0.10s
...[3148.477s][info][gc,start       ] GC(674) Pause Young (Allocation Failure)
[3148.575s][info][gc,heap        ] GC(674) PSYoungGen: 2543072K(2595840K)->147680K(2596864K) Eden: 2401792K(2401792K)->0K(2401792K) From: 141280K(194048K)->147680K(195072K)
[3148.575s][info][gc,heap        ] GC(674) ParOldGen: 4964877K(4965376K)->5065797K(5066240K)
[3148.575s][info][gc,metaspace   ] GC(674) Metaspace: 29069K(29376K)->29069K(29376K) NonClass: 25966K(26112K)->25966K(26112K) Class: 3103K(3264K)->3103K(3264K)
[3148.575s][info][gc             ] GC(674) Pause Young (Allocation Failure) 7331M->5091M(7483M) 97.660ms
[3148.575s][info][gc,cpu         ] GC(674) User=0.54s Sys=0.03s Real=0.10s
....[3152.091s][info][gc,start       ] GC(675) Pause Young (Allocation Failure)
[3152.189s][info][gc,heap        ] GC(675) PSYoungGen: 2549472K(2596864K)->149376K(2596864K) Eden: 2401792K(2401792K)->0K(2407936K) From: 147680K(195072K)->149376K(188928K)
[3152.189s][info][gc,heap        ] GC(675) ParOldGen: 5065797K(5066240K)->5168045K(5168128K)
[3152.189s][info][gc,metaspace   ] GC(675) Metaspace: 29069K(29376K)->29069K(29376K) NonClass: 25966K(26112K)->25966K(26112K) Class: 3103K(3264K)->3103K(3264K)
[3152.189s][info][gc             ] GC(675) Pause Young (Allocation Failure) 7436M->5192M(7583M) 97.640ms
[3152.189s][info][gc,cpu         ] GC(675) User=0.54s Sys=0.04s Real=0.09s
... (rIR:aIR:PR = 4705:4705:4705) (tPR = 69976) [OK] 
  3154s: Performance info:
         Transaction,    Success,    Partial,     Failed,   Receipts, AvgBarcode, 
             Overall,     283122,          0,          0,     268965,      59.47, 
         Response times:
             Request,    Success,    Partial,     Failed,   SkipFail,     Probes,    Samples,      min,      p50,      p90,      p95,      p99,      max, 
       TotalPurchase,     268963,          0,          0,          0,     264427,     282203,      300,     3600,     6100,     7600,    29000,   141000,
     InStorePurchase,     141548,          0,          0,          0,     139354,     148255,      300,     3500,     6100,     7500,    28000,   139000,
      OnlinePurchase,      99068,          0,          0,          0,      97506,     104167,      300,     3800,     6300,     7900,    30320,   141000,
        InstPurchase,      28347,          0,          0,          0,      27567,      29781,      400,     3300,     6000,     7400,    28180,   135000,
          AssocOfCat,        285,          0,          0,          0,        230,        304,    19500,    30000,    40000,    47000,   139950,   153000,
      AssocOfProduct,       2833,          0,          0,          0,       2543,       2838,      400,     3000,     5300,     6405,    19400,   129000,
      BusinessReport,        708,          0,          0,          0,        588,        733,    24000,    35000,    47000,    54000,    89240,   168000,
          CustBuyBeh,       2832,          0,          0,          0,       2630,       2963,      200,     2700,     6400,     7700,    28000,   129000,
       ProductReturn,       7498,          0,          0,          0,       7105,       7843,      200,     3400,     6100,     7600,    33000,   137000,

  3154s: (35%)   IR =   4843 [3155.547s][info][gc,start       ] GC(676) Pause Young (Allocation Failure)
[3155.645s][info][gc,heap        ] GC(676) PSYoungGen: 2557312K(2596864K)->146624K(2598400K) Eden: 2407936K(2407936K)->0K(2407936K) From: 149376K(188928K)->146624K(190464K)
[3155.645s][info][gc,heap        ] GC(676) ParOldGen: 5168045K(5168128K)->5272173K(5272576K)
[3155.645s][info][gc,metaspace   ] GC(676) Metaspace: 29069K(29376K)->29069K(29376K) NonClass: 25966K(26112K)->25966K(26112K) Class: 3103K(3264K)->3103K(3264K)
[3155.645s][info][gc             ] GC(676) Pause Young (Allocation Failure) 7544M->5291M(7686M) 98.596ms
[3155.645s][info][gc,cpu         ] GC(676) User=0.55s Sys=0.02s Real=0.10s
..[3156.911s][info][gc,start       ] GC(677) Pause Full (Diagnostic Command)
[3156.911s][info][gc,phases,start] GC(677) Marking Phase
[3157.207s][info][gc,phases      ] GC(677) Marking Phase 295.785ms
[3157.207s][info][gc,phases,start] GC(677) Summary Phase
[3157.207s][info][gc,phases      ] GC(677) Summary Phase 0.087ms
[3157.207s][info][gc,phases,start] GC(677) Forward
[3157.405s][info][gc,phases      ] GC(677) Forward 198.083ms
[3157.405s][info][gc,phases,start] GC(677) Adjust Pointers
[3157.617s][info][gc,phases      ] GC(677) Adjust Pointers 212.162ms
[3157.617s][info][gc,phases,start] GC(677) Compaction Phase
[3157.794s][info][gc,phases      ] GC(677) Compaction Phase 176.581ms
[3157.795s][info][gc,phases,start] GC(677) Post Compact
[3157.800s][info][gc,phases      ] GC(677) Post Compact 5.486ms
[3157.801s][info][gc,heap        ] GC(677) PSYoungGen: 1074521K(2598400K)->0K(2598400K) Eden: 927897K(2407936K)->0K(2407936K) From: 146624K(190464K)->0K(190464K)
[3157.801s][info][gc,heap        ] GC(677) ParOldGen: 5272173K(5272576K)->1324661K(5272576K)
[3157.801s][info][gc,metaspace   ] GC(677) Metaspace: 29069K(29376K)->29069K(29376K) NonClass: 25966K(26112K)->25966K(26112K) Class: 3103K(3264K)->3103K(3264K)
[3157.801s][info][gc             ] GC(677) Pause Full (Diagnostic Command) 6197M->1293M(7686M) 889.594ms
[3157.801s][info][gc,cpu         ] GC(677) User=4.60s Sys=0.01s Real=0.89s
...[3160.418s][info][gc,start       ] GC(678) Pause Young (Allocation Failure)
[3160.481s][info][gc,heap        ] GC(678) PSYoungGen: 2407936K(2598400K)->153664K(2599936K) Eden: 2407936K(2407936K)->0K(2417152K) From: 0K(190464K)->153664K(182784K)
[3160.481s][info][gc,heap        ] GC(678) ParOldGen: 1324661K(5272576K)->1324661K(5272576K)
[3160.481s][info][gc,metaspace   ] GC(678) Metaspace: 29069K(29376K)->29069K(29376K) NonClass: 25966K(26112K)->25966K(26112K) Class: 3103K(3264K)->3103K(3264K)
[3160.481s][info][gc             ] GC(678) Pause Young (Allocation Failure) 3645M->1443M(7688M) 62.476ms
[3160.481s][info][gc,cpu         ] GC(678) User=0.37s Sys=0.00s Real=0.07s
.|...[3163.900s][info][gc,start       ] GC(679) Pause Young (Allocation Failure)
[3163.988s][info][gc,heap        ] GC(679) PSYoungGen: 2570816K(2599936K)->144736K(2602496K) Eden: 2417152K(2417152K)->0K(2417152K) From: 153664K(182784K)->144736K(185344K)
[3163.988s][info][gc,heap        ] GC(679) ParOldGen: 1324661K(5272576K)->1428669K(5272576K)
[3163.988s][info][gc,metaspace   ] GC(679) Metaspace: 29069K(29376K)->29069K(29376K) NonClass: 25966K(26112K)->25966K(26112K) Class: 3103K(3264K)->3103K(3264K)
[3163.988s][info][gc             ] GC(679) Pause Young (Allocation Failure) 3804M->1536M(7690M) 88.179ms
[3163.988s][info][gc,cpu         ] GC(679) User=0.52s Sys=0.00s Real=0.08s
...[3167.371s][info][gc,start       ] GC(680) Pause Young (Allocation Failure)
[3167.463s][info][gc,heap        ] GC(680) PSYoungGen: 2561888K(2602496K)->152085K(2604544K) Eden: 2417152K(2417152K)->0K(2426880K) From: 144736K(185344K)->152085K(177664K)
[3167.463s][info][gc,heap        ] GC(680) ParOldGen: 1428669K(5272576K)->1532293K(5272576K)
[3167.463s][info][gc,metaspace   ] GC(680) Metaspace: 29069K(29376K)->29069K(29376K) NonClass: 25966K(26112K)->25966K(26112K) Class: 3103K(3264K)->3103K(3264K)
[3167.463s][info][gc             ] GC(680) Pause Young (Allocation Failure) 3897M->1644M(7692M) 92.085ms
[3167.463s][info][gc,cpu         ] GC(680) User=0.55s Sys=0.00s Real=0.09s
...[3170.775s][info][gc,start       ] GC(681) Pause Young (Allocation Failure)
[3170.864s][info][gc,heap        ] GC(681) PSYoungGen: 2578965K(2604544K)->149056K(2608128K) Eden: 2426880K(2426880K)->0K(2426880K) From: 152085K(177664K)->149056K(181248K)
[3170.864s][info][gc,heap        ] GC(681) ParOldGen: 1532293K(5272576K)->1636165K(5272576K)
[3170.864s][info][gc,metaspace   ] GC(681) Metaspace: 29069K(29376K)->29069K(29376K) NonClass: 25966K(26112K)->25966K(26112K) Class: 3103K(3264K)->3103K(3264K)
[3170.864s][info][gc             ] GC(681) Pause Young (Allocation Failure) 4014M->1743M(7696M) 89.109ms
[3170.864s][info][gc,cpu         ] GC(681) User=0.53s Sys=0.00s Real=0.09s
....[3174.383s][info][gc,start       ] GC(682) Pause Young (Allocation Failure)
[3174.473s][info][gc,heap        ] GC(682) PSYoungGen: 2575936K(2608128K)->151296K(2608128K) Eden: 2426880K(2426880K)->0K(2435584K) From: 149056K(181248K)->151296K(172544K)
[3174.473s][info][gc,heap        ] GC(682) ParOldGen: 1636165K(5272576K)->1736949K(5272576K)
[3174.473s][info][gc,metaspace   ] GC(682) Metaspace: 29069K(29376K)->29069K(29376K) NonClass: 25966K(26112K)->25966K(26112K) Class: 3103K(3264K)->3103K(3264K)
[3174.473s][info][gc             ] GC(682) Pause Young (Allocation Failure) 4113M->1843M(7696M) 89.826ms
[3174.473s][info][gc,cpu         ] GC(682) User=0.53s Sys=0.00s Real=0.09s
...[3177.871s][info][gc,start       ] GC(683) Pause Young (Allocation Failure)
[3177.964s][info][gc,heap        ] GC(683) PSYoungGen: 2586880K(2608128K)->152245K(2612224K) Eden: 2435584K(2435584K)->0K(2435584K) From: 151296K(172544K)->152245K(176640K)
[3177.964s][info][gc,heap        ] GC(683) ParOldGen: 1736949K(5272576K)->1842197K(5272576K)
[3177.964s][info][gc,metaspace   ] GC(683) Metaspace: 29069K(29376K)->29069K(29376K) NonClass: 25966K(26112K)->25966K(26112K) Class: 3103K(3264K)->3103K(3264K)
[3177.964s][info][gc             ] GC(683) Pause Young (Allocation Failure) 4222M->1947M(7700M) 92.757ms
[3177.964s][info][gc,cpu         ] GC(683) User=0.55s Sys=0.00s Real=0.09s
....[3181.337s][info][gc,start       ] GC(684) Pause Young (Allocation Failure)
[3181.427s][info][gc,heap        ] GC(684) PSYoungGen: 2587829K(2612224K)->146912K(2615296K) Eden: 2435584K(2435584K)->0K(2444800K) From: 152245K(176640K)->146912K(170496K)
[3181.427s][info][gc,heap        ] GC(684) ParOldGen: 1842197K(5272576K)->1946709K(5272576K)
[3181.427s][info][gc,metaspace   ] GC(684) Metaspace: 29069K(29376K)->29069K(29376K) NonClass: 25966K(26112K)->25966K(26112K) Class: 3103K(3264K)->3103K(3264K)
[3181.427s][info][gc             ] GC(684) Pause Young (Allocation Failure) 4326M->2044M(7703M) 89.868ms
[3181.427s][info][gc,cpu         ] GC(684) User=0.53s Sys=0.00s Real=0.09s
...[3184.962s][info][gc,start       ] GC(685) Pause Young (Allocation Failure)
[3185.053s][info][gc,heap        ] GC(685) PSYoungGen: 2591712K(2615296K)->150451K(2618368K) Eden: 2444800K(2444800K)->0K(2444800K) From: 146912K(170496K)->150451K(173568K)
[3185.053s][info][gc,heap        ] GC(685) ParOldGen: 1946709K(5272576K)->2049717K(5272576K)
[3185.053s][info][gc,metaspace   ] GC(685) Metaspace: 29069K(29376K)->29069K(29376K) NonClass: 25966K(26112K)->25966K(26112K) Class: 3103K(3264K)->3103K(3264K)
[3185.053s][info][gc             ] GC(685) Pause Young (Allocation Failure) 4432M->2148M(7706M) 90.947ms
[3185.053s][info][gc,cpu         ] GC(685) User=0.53s Sys=0.00s Real=0.09s
....[3188.430s][info][gc,start       ] GC(686) Pause Young (Allocation Failure)
[3188.521s][info][gc,heap        ] GC(686) PSYoungGen: 2595251K(2618368K)->150848K(2618368K) Eden: 2444800K(2444800K)->0K(2450944K) From: 150451K(173568K)->150848K(167424K)
[3188.521s][info][gc,heap        ] GC(686) ParOldGen: 2049717K(5272576K)->2156189K(5272576K)
[3188.521s][info][gc,metaspace   ] GC(686) Metaspace: 29069K(29376K)->29069K(29376K) NonClass: 25966K(26112K)->25966K(26112K) Class: 3103K(3264K)->3103K(3264K)
[3188.521s][info][gc             ] GC(686) Pause Young (Allocation Failure) 4536M->2252M(7706M) 90.940ms
[3188.521s][info][gc,cpu         ] GC(686) User=0.54s Sys=0.00s Real=0.09s
...[3191.945s][info][gc,start       ] GC(687) Pause Young (Allocation Failure)
[3192.037s][info][gc,heap        ] GC(687) PSYoungGen: 2601792K(2618368K)->151268K(2620928K) Eden: 2450944K(2450944K)->0K(2450944K) From: 150848K(167424K)->151268K(169984K)
[3192.037s][info][gc,heap        ] GC(687) ParOldGen: 2156189K(5272576K)->2260381K(5272576K)
[3192.037s][info][gc,metaspace   ] GC(687) Metaspace: 29069K(29376K)->29069K(29376K) NonClass: 25966K(26112K)->25966K(26112K) Class: 3103K(3264K)->3103K(3264K)
[3192.037s][info][gc             ] GC(687) Pause Young (Allocation Failure) 4646M->2355M(7708M) 92.255ms
[3192.037s][info][gc,cpu         ] GC(687) User=0.55s Sys=0.00s Real=0.09s
....[3195.497s][info][gc,start       ] GC(688) Pause Young (Allocation Failure)
[3195.591s][info][gc,heap        ] GC(688) PSYoungGen: 2602212K(2620928K)->158885K(2625536K) Eden: 2450944K(2450944K)->0K(2457600K) From: 151268K(169984K)->158885K(167936K)
[3195.591s][info][gc,heap        ] GC(688) ParOldGen: 2260381K(5272576K)->2362821K(5272576K)
[3195.591s][info][gc,metaspace   ] GC(688) Metaspace: 29069K(29376K)->29069K(29376K) NonClass: 25966K(26112K)->25966K(26112K) Class: 3103K(3264K)->3103K(3264K)
[3195.591s][info][gc             ] GC(688) Pause Young (Allocation Failure) 4748M->2462M(7713M) 93.999ms
[3195.591s][info][gc,cpu         ] GC(688) User=0.56s Sys=0.00s Real=0.10s
...[3199.011s][info][gc,start       ] GC(689) Pause Young (Allocation Failure)
[3199.101s][info][gc,heap        ] GC(689) PSYoungGen: 2616485K(2625536K)->146784K(2626560K) Eden: 2457600K(2457600K)->0K(2457600K) From: 158885K(167936K)->146784K(168960K)
[3199.101s][info][gc,heap        ] GC(689) ParOldGen: 2362821K(5272576K)->2467797K(5272576K)
[3199.101s][info][gc,metaspace   ] GC(689) Metaspace: 29069K(29376K)->29069K(29376K) NonClass: 25966K(26112K)->25966K(26112K) Class: 3103K(3264K)->3103K(3264K)
[3199.101s][info][gc             ] GC(689) Pause Young (Allocation Failure) 4862M->2553M(7714M) 90.251ms
[3199.101s][info][gc,cpu         ] GC(689) User=0.53s Sys=0.00s Real=0.09s
....[3202.541s][info][gc,start       ] GC(690) Pause Young (Allocation Failure)
[3202.634s][info][gc,heap        ] GC(690) PSYoungGen: 2604384K(2626560K)->156272K(2626560K) Eden: 2457600K(2457600K)->0K(2458624K) From: 146784K(168960K)->156272K(167936K)
[3202.634s][info][gc,heap        ] GC(690) ParOldGen: 2467797K(5272576K)->2571557K(5272576K)
[3202.634s][info][gc,metaspace   ] GC(690) Metaspace: 29069K(29376K)->29069K(29376K) NonClass: 25966K(26112K)->25966K(26112K) Class: 3103K(3264K)->3103K(3264K)
[3202.634s][info][gc             ] GC(690) Pause Young (Allocation Failure) 4953M->2663M(7714M) 92.531ms
[3202.634s][info][gc,cpu         ] GC(690) User=0.55s Sys=0.00s Real=0.09s
...[3206.093s][info][gc,start       ] GC(691) Pause Young (Allocation Failure)
[3206.185s][info][gc,heap        ] GC(691) PSYoungGen: 2614896K(2626560K)->148032K(2627072K) Eden: 2458624K(2458624K)->0K(2458624K) From: 156272K(167936K)->148032K(168448K)
[3206.185s][info][gc,heap        ] GC(691) ParOldGen: 2571557K(5272576K)->2675645K(5272576K)
[3206.185s][info][gc,metaspace   ] GC(691) Metaspace: 29069K(29376K)->29069K(29376K) NonClass: 25966K(26112K)->25966K(26112K) Class: 3103K(3264K)->3103K(3264K)
[3206.185s][info][gc             ] GC(691) Pause Young (Allocation Failure) 5064M->2757M(7714M) 91.756ms
[3206.185s][info][gc,cpu         ] GC(691) User=0.54s Sys=0.00s Real=0.09s
....[3209.593s][info][gc,start       ] GC(692) Pause Young (Allocation Failure)
[3209.685s][info][gc,heap        ] GC(692) PSYoungGen: 2606656K(2627072K)->154816K(2627072K) Eden: 2458624K(2458624K)->0K(2460160K) From: 148032K(168448K)->154816K(166912K)
[3209.685s][info][gc,heap        ] GC(692) ParOldGen: 2675645K(5272576K)->2779973K(5272576K)
[3209.685s][info][gc,metaspace   ] GC(692) Metaspace: 29069K(29376K)->29069K(29376K) NonClass: 25966K(26112K)->25966K(26112K) Class: 3103K(3264K)->3103K(3264K)
[3209.685s][info][gc             ] GC(692) Pause Young (Allocation Failure) 5158M->2866M(7714M) 92.886ms
[3209.686s][info][gc,cpu         ] GC(692) User=0.56s Sys=0.00s Real=0.09s
...[3213.186s][info][gc,start       ] GC(693) Pause Young (Allocation Failure)
[3213.278s][info][gc,heap        ] GC(693) PSYoungGen: 2614976K(2627072K)->152416K(2627072K) Eden: 2460160K(2460160K)->0K(2460160K) From: 154816K(166912K)->152416K(166912K)
[3213.278s][info][gc,heap        ] GC(693) ParOldGen: 2779973K(5272576K)->2882805K(5272576K)
[3213.278s][info][gc,metaspace   ] GC(693) Metaspace: 29069K(29376K)->29069K(29376K) NonClass: 25966K(26112K)->25966K(26112K) Class: 3103K(3264K)->3103K(3264K)
[3213.278s][info][gc             ] GC(693) Pause Young (Allocation Failure) 5268M->2964M(7714M) 91.627ms
[3213.278s][info][gc,cpu         ] GC(693) User=0.55s Sys=0.00s Real=0.09s
....[3216.674s][info][gc,start       ] GC(694) Pause Young (Allocation Failure)
[3216.766s][info][gc,heap        ] GC(694) PSYoungGen: 2612576K(2627072K)->150784K(2628096K) Eden: 2460160K(2460160K)->0K(2463232K) From: 152416K(166912K)->150784K(164864K)
[3216.766s][info][gc,heap        ] GC(694) ParOldGen: 2882805K(5272576K)->2989373K(5272576K)
[3216.766s][info][gc,metaspace   ] GC(694) Metaspace: 29069K(29376K)->29069K(29376K) NonClass: 25966K(26112K)->25966K(26112K) Class: 3103K(3264K)->3103K(3264K)
[3216.766s][info][gc             ] GC(694) Pause Young (Allocation Failure) 5366M->3066M(7715M) 91.446ms
[3216.766s][info][gc,cpu         ] GC(694) User=0.54s Sys=0.00s Real=0.09s
...[3220.282s][info][gc,start       ] GC(695) Pause Young (Allocation Failure)
[3220.374s][info][gc,heap        ] GC(695) PSYoungGen: 2614016K(2628096K)->152032K(2628096K) Eden: 2463232K(2463232K)->0K(2463232K) From: 150784K(164864K)->152032K(164864K)
[3220.374s][info][gc,heap        ] GC(695) ParOldGen: 2989373K(5272576K)->3092613K(5272576K)
[3220.374s][info][gc,metaspace   ] GC(695) Metaspace: 29069K(29376K)->29069K(29376K) NonClass: 25966K(26112K)->25966K(26112K) Class: 3103K(3264K)->3103K(3264K)
[3220.374s][info][gc             ] GC(695) Pause Young (Allocation Failure) 5472M->3168M(7715M) 92.312ms
[3220.374s][info][gc,cpu         ] GC(695) User=0.54s Sys=0.00s Real=0.09s
.. (rIR:aIR:PR = 4843:4842:4842) (tPR = 72461) [OK] 
  3221s: Performance info:
         Transaction,    Success,    Partial,     Failed,   Receipts, AvgBarcode, 
             Overall,     292966,          0,          0,     278285,      59.48, 
         Response times:
             Request,    Success,    Partial,     Failed,   SkipFail,     Probes,    Samples,      min,      p50,      p90,      p95,      p99,      max, 
       TotalPurchase,     278287,          0,          0,          0,     274210,     302026,      300,     3700,     6600,    10300,    62000,   162000,
     InStorePurchase,     146443,          0,          0,          0,     144730,     159391,      300,     3600,     6600,    10300,    62000,   157000,
      OnlinePurchase,     102516,          0,          0,          0,     100918,     110843,      300,     3700,     6500,    10200,    60000,   157000,
        InstPurchase,      29328,          0,          0,          0,      28562,      31792,      400,     3900,     6900,    10600,    73000,   162000,
          AssocOfCat,        296,          0,          0,          0,        231,        310,    19100,    31000,    42800,    51450,   205560,   220000,
      AssocOfProduct,       2932,          0,          0,          0,       2751,       3187,      600,     3800,     6700,     9760,    70000,   248000,
      BusinessReport,        734,          0,          0,          0,        629,        780,    26000,    36000,    52000,    58000,   169000,   229000,
          CustBuyBeh,       2937,          0,          0,          0,       2682,       3109,      100,     1800,     5900,     7950,    73000,   228000,
       ProductReturn,       7782,          0,          0,          0,       7382,       8476,      300,     3300,     6500,    11100,   160000,   175000,

  3221s: (36%)   IR =   4981 ..[3223.827s][info][gc,start       ] GC(696) Pause Young (Allocation Failure)
[3223.921s][info][gc,heap        ] GC(696) PSYoungGen: 2615264K(2628096K)->151616K(2630144K) Eden: 2463232K(2463232K)->0K(2467328K) From: 152032K(164864K)->151616K(162816K)
[3223.921s][info][gc,heap        ] GC(696) ParOldGen: 3092613K(5272576K)->3197949K(5272576K)
[3223.921s][info][gc,metaspace   ] GC(696) Metaspace: 29069K(29376K)->29069K(29376K) NonClass: 25966K(26112K)->25966K(26112K) Class: 3103K(3264K)->3103K(3264K)
[3223.922s][info][gc             ] GC(696) Pause Young (Allocation Failure) 5574M->3271M(7717M) 94.135ms
[3223.922s][info][gc,cpu         ] GC(696) User=0.56s Sys=0.01s Real=0.10s
...|[3227.275s][info][gc,start       ] GC(697) Pause Young (Allocation Failure)
[3227.369s][info][gc,heap        ] GC(697) PSYoungGen: 2618944K(2630144K)->151328K(2629632K) Eden: 2467328K(2467328K)->0K(2467328K) From: 151616K(162816K)->151328K(162304K)
[3227.369s][info][gc,heap        ] GC(697) ParOldGen: 3197949K(5272576K)->3303557K(5272576K)
[3227.369s][info][gc,metaspace   ] GC(697) Metaspace: 29069K(29376K)->29069K(29376K) NonClass: 25966K(26112K)->25966K(26112K) Class: 3103K(3264K)->3103K(3264K)
[3227.369s][info][gc             ] GC(697) Pause Young (Allocation Failure) 5680M->3373M(7717M) 93.510ms
[3227.369s][info][gc,cpu         ] GC(697) User=0.55s Sys=0.00s Real=0.09s
....[3230.726s][info][gc,start       ] GC(698) Pause Young (Allocation Failure)
[3230.819s][info][gc,heap        ] GC(698) PSYoungGen: 2618656K(2629632K)->152928K(2632704K) Eden: 2467328K(2467328K)->0K(2471936K) From: 151328K(162304K)->152928K(160768K)
[3230.819s][info][gc,heap        ] GC(698) ParOldGen: 3303557K(5272576K)->3408581K(5272576K)
[3230.819s][info][gc,metaspace   ] GC(698) Metaspace: 29069K(29376K)->29069K(29376K) NonClass: 25966K(26112K)->25966K(26112K) Class: 3103K(3264K)->3103K(3264K)
[3230.819s][info][gc             ] GC(698) Pause Young (Allocation Failure) 5783M->3478M(7720M) 92.823ms
[3230.819s][info][gc,cpu         ] GC(698) User=0.55s Sys=0.00s Real=0.09s
...[3234.228s][info][gc,start       ] GC(699) Pause Young (Allocation Failure)
[3234.320s][info][gc,heap        ] GC(699) PSYoungGen: 2624864K(2632704K)->151136K(2632704K) Eden: 2471936K(2471936K)->0K(2471936K) From: 152928K(160768K)->151136K(160768K)
[3234.320s][info][gc,heap        ] GC(699) ParOldGen: 3408581K(5272576K)->3512389K(5272576K)
[3234.320s][info][gc,metaspace   ] GC(699) Metaspace: 29069K(29376K)->29069K(29376K) NonClass: 25966K(26112K)->25966K(26112K) Class: 3103K(3264K)->3103K(3264K)
[3234.320s][info][gc             ] GC(699) Pause Young (Allocation Failure) 5892M->3577M(7720M) 92.670ms
[3234.320s][info][gc,cpu         ] GC(699) User=0.55s Sys=0.00s Real=0.10s
....[3237.621s][info][gc,start       ] GC(700) Pause Young (Allocation Failure)
[3237.715s][info][gc,heap        ] GC(700) PSYoungGen: 2623072K(2632704K)->152096K(2634752K) Eden: 2471936K(2471936K)->0K(2475008K) From: 151136K(160768K)->152096K(159744K)
[3237.715s][info][gc,heap        ] GC(700) ParOldGen: 3512389K(5272576K)->3618245K(5272576K)
[3237.715s][info][gc,metaspace   ] GC(700) Metaspace: 29069K(29376K)->29069K(29376K) NonClass: 25966K(26112K)->25966K(26112K) Class: 3103K(3264K)->3103K(3264K)
[3237.715s][info][gc             ] GC(700) Pause Young (Allocation Failure) 5991M->3681M(7722M) 94.091ms
[3237.715s][info][gc,cpu         ] GC(700) User=0.56s Sys=0.00s Real=0.09s
...[3241.132s][info][gc,start       ] GC(701) Pause Young (Allocation Failure)
[3241.224s][info][gc,heap        ] GC(701) PSYoungGen: 2627104K(2634752K)->151040K(2634752K) Eden: 2475008K(2475008K)->0K(2475008K) From: 152096K(159744K)->151040K(159744K)
[3241.224s][info][gc,heap        ] GC(701) ParOldGen: 3618245K(5272576K)->3720653K(5272576K)
[3241.224s][info][gc,metaspace   ] GC(701) Metaspace: 29069K(29376K)->29069K(29376K) NonClass: 25966K(26112K)->25966K(26112K) Class: 3103K(3264K)->3103K(3264K)
[3241.224s][info][gc             ] GC(701) Pause Young (Allocation Failure) 6098M->3780M(7722M) 92.130ms
[3241.224s][info][gc,cpu         ] GC(701) User=0.54s Sys=0.00s Real=0.09s
....[3244.618s][info][gc,start       ] GC(702) Pause Young (Allocation Failure)
[3244.715s][info][gc,heap        ] GC(702) PSYoungGen: 2626048K(2634752K)->158704K(2554368K) Eden: 2475008K(2475008K)->0K(2395648K) From: 151040K(159744K)->158704K(158720K)
[3244.715s][info][gc,heap        ] GC(702) ParOldGen: 3720653K(5272576K)->3827093K(5272576K)
[3244.715s][info][gc,metaspace   ] GC(702) Metaspace: 29069K(29376K)->29069K(29376K) NonClass: 25966K(26112K)->25966K(26112K) Class: 3103K(3264K)->3103K(3264K)
[3244.715s][info][gc             ] GC(702) Pause Young (Allocation Failure) 6197M->3892M(7643M) 96.981ms
[3244.715s][info][gc,cpu         ] GC(702) User=0.57s Sys=0.00s Real=0.10s
...[3248.051s][info][gc,start       ] GC(703) Pause Young (Allocation Failure)
[3248.144s][info][gc,heap        ] GC(703) PSYoungGen: 2554352K(2554368K)->149760K(2595840K) Eden: 2395648K(2395648K)->0K(2395648K) From: 158704K(158720K)->149760K(200192K)
[3248.144s][info][gc,heap        ] GC(703) ParOldGen: 3827093K(5272576K)->3932517K(5272576K)
[3248.144s][info][gc,metaspace   ] GC(703) Metaspace: 29069K(29376K)->29069K(29376K) NonClass: 25966K(26112K)->25966K(26112K) Class: 3103K(3264K)->3103K(3264K)
[3248.144s][info][gc             ] GC(703) Pause Young (Allocation Failure) 6231M->3986M(7684M) 93.092ms
[3248.144s][info][gc,cpu         ] GC(703) User=0.55s Sys=0.00s Real=0.09s
...[3251.399s][info][gc,start       ] GC(704) Pause Young (Allocation Failure)
[3251.491s][info][gc,heap        ] GC(704) PSYoungGen: 2545408K(2595840K)->147136K(2592256K) Eden: 2395648K(2395648K)->0K(2397184K) From: 149760K(200192K)->147136K(195072K)
[3251.491s][info][gc,heap        ] GC(704) ParOldGen: 3932517K(5272576K)->4037045K(5272576K)
[3251.491s][info][gc,metaspace   ] GC(704) Metaspace: 29069K(29376K)->29069K(29376K) NonClass: 25966K(26112K)->25966K(26112K) Class: 3103K(3264K)->3103K(3264K)
[3251.491s][info][gc             ] GC(704) Pause Young (Allocation Failure) 6326M->4086M(7680M) 91.989ms
[3251.491s][info][gc,cpu         ] GC(704) User=0.54s Sys=0.00s Real=0.10s
....[3254.800s][info][gc,start       ] GC(705) Pause Young (Allocation Failure)
[3254.898s][info][gc,heap        ] GC(705) PSYoungGen: 2544320K(2592256K)->161792K(2594816K) Eden: 2397184K(2397184K)->0K(2397184K) From: 147136K(195072K)->161792K(197632K)
[3254.898s][info][gc,heap        ] GC(705) ParOldGen: 4037045K(5272576K)->4139469K(5272576K)
[3254.898s][info][gc,metaspace   ] GC(705) Metaspace: 29069K(29376K)->29069K(29376K) NonClass: 25966K(26112K)->25966K(26112K) Class: 3103K(3264K)->3103K(3264K)
[3254.898s][info][gc             ] GC(705) Pause Young (Allocation Failure) 6427M->4200M(7683M) 98.089ms
[3254.898s][info][gc,cpu         ] GC(705) User=0.59s Sys=0.00s Real=0.09s
...[3258.008s][info][gc,start       ] GC(706) Pause Young (Allocation Failure)
[3258.099s][info][gc,heap        ] GC(706) PSYoungGen: 2558976K(2594816K)->139168K(2597888K) Eden: 2397184K(2397184K)->0K(2403328K) From: 161792K(197632K)->139168K(194560K)
[3258.099s][info][gc,heap        ] GC(706) ParOldGen: 4139469K(5272576K)->4244597K(5272576K)
[3258.099s][info][gc,metaspace   ] GC(706) Metaspace: 29069K(29376K)->29069K(29376K) NonClass: 25966K(26112K)->25966K(26112K) Class: 3103K(3264K)->3103K(3264K)
[3258.099s][info][gc             ] GC(706) Pause Young (Allocation Failure) 6541M->4281M(7686M) 91.111ms
[3258.099s][info][gc,cpu         ] GC(706) User=0.53s Sys=0.00s Real=0.09s
...[3261.436s][info][gc,start       ] GC(707) Pause Young (Allocation Failure)
[3261.527s][info][gc,heap        ] GC(707) PSYoungGen: 2542496K(2597888K)->148256K(2597888K) Eden: 2403328K(2403328K)->0K(2403328K) From: 139168K(194560K)->148256K(194560K)
[3261.527s][info][gc,heap        ] GC(707) ParOldGen: 4244597K(5272576K)->4343077K(5272576K)
[3261.527s][info][gc,metaspace   ] GC(707) Metaspace: 29069K(29376K)->29069K(29376K) NonClass: 25966K(26112K)->25966K(26112K) Class: 3103K(3264K)->3103K(3264K)
[3261.527s][info][gc             ] GC(707) Pause Young (Allocation Failure) 6628M->4386M(7686M) 91.114ms
[3261.527s][info][gc,cpu         ] GC(707) User=0.54s Sys=0.00s Real=0.09s
....[3264.787s][info][gc,start       ] GC(708) Pause Young (Allocation Failure)
[3264.886s][info][gc,heap        ] GC(708) PSYoungGen: 2551584K(2597888K)->164133K(2600448K) Eden: 2403328K(2403328K)->0K(2407936K) From: 148256K(194560K)->164133K(192512K)
[3264.886s][info][gc,heap        ] GC(708) ParOldGen: 4343077K(5272576K)->4446037K(5272576K)
[3264.886s][info][gc,metaspace   ] GC(708) Metaspace: 29069K(29376K)->29069K(29376K) NonClass: 25966K(26112K)->25966K(26112K) Class: 3103K(3264K)->3103K(3264K)
[3264.886s][info][gc             ] GC(708) Pause Young (Allocation Failure) 6733M->4502M(7688M) 98.798ms
[3264.886s][info][gc,cpu         ] GC(708) User=0.59s Sys=0.00s Real=0.10s
...[3268.164s][info][gc,start       ] GC(709) Pause Young (Allocation Failure)
[3268.255s][info][gc,heap        ] GC(709) PSYoungGen: 2572069K(2600448K)->145824K(2599936K) Eden: 2407936K(2407936K)->0K(2407936K) From: 164133K(192512K)->145824K(192000K)
[3268.255s][info][gc,heap        ] GC(709) ParOldGen: 4446037K(5272576K)->4550005K(5272576K)
[3268.255s][info][gc,metaspace   ] GC(709) Metaspace: 29069K(29376K)->29069K(29376K) NonClass: 25966K(26112K)->25966K(26112K) Class: 3103K(3264K)->3103K(3264K)
[3268.255s][info][gc             ] GC(709) Pause Young (Allocation Failure) 6853M->4585M(7688M) 91.670ms
[3268.256s][info][gc,cpu         ] GC(709) User=0.54s Sys=0.00s Real=0.09s
....[3271.596s][info][gc,start       ] GC(710) Pause Young (Allocation Failure)
[3271.690s][info][gc,heap        ] GC(710) PSYoungGen: 2553760K(2599936K)->151840K(2600960K) Eden: 2407936K(2407936K)->0K(2413568K) From: 145824K(192000K)->151840K(187392K)
[3271.690s][info][gc,heap        ] GC(710) ParOldGen: 4550005K(5272576K)->4652013K(5272576K)
[3271.690s][info][gc,metaspace   ] GC(710) Metaspace: 29069K(29376K)->29069K(29376K) NonClass: 25966K(26112K)->25966K(26112K) Class: 3103K(3264K)->3103K(3264K)
[3271.690s][info][gc             ] GC(710) Pause Young (Allocation Failure) 6937M->4691M(7689M) 94.247ms
[3271.690s][info][gc,cpu         ] GC(710) User=0.56s Sys=0.00s Real=0.10s
...[3274.907s][info][gc,start       ] GC(711) Pause Young (Allocation Failure)
[3275.000s][info][gc,heap        ] GC(711) PSYoungGen: 2565408K(2600960K)->148128K(2601472K) Eden: 2413568K(2413568K)->0K(2413568K) From: 151840K(187392K)->148128K(187904K)
[3275.000s][info][gc,heap        ] GC(711) ParOldGen: 4652013K(5272576K)->4756285K(5272576K)
[3275.000s][info][gc,metaspace   ] GC(711) Metaspace: 29069K(29376K)->29069K(29376K) NonClass: 25966K(26112K)->25966K(26112K) Class: 3103K(3264K)->3103K(3264K)
[3275.000s][info][gc             ] GC(711) Pause Young (Allocation Failure) 7048M->4789M(7689M) 93.410ms
[3275.000s][info][gc,cpu         ] GC(711) User=0.55s Sys=0.00s Real=0.10s
...[3278.325s][info][gc,start       ] GC(712) Pause Young (Allocation Failure)
[3278.421s][info][gc,heap        ] GC(712) PSYoungGen: 2561696K(2601472K)->156512K(2604032K) Eden: 2413568K(2413568K)->0K(2421760K) From: 148128K(187904K)->156512K(182272K)
[3278.421s][info][gc,heap        ] GC(712) ParOldGen: 4756285K(5272576K)->4857653K(5272576K)
[3278.421s][info][gc,metaspace   ] GC(712) Metaspace: 29069K(29376K)->29069K(29376K) NonClass: 25966K(26112K)->25966K(26112K) Class: 3103K(3264K)->3103K(3264K)
[3278.421s][info][gc             ] GC(712) Pause Young (Allocation Failure) 7146M->4896M(7692M) 96.189ms
[3278.421s][info][gc,cpu         ] GC(712) User=0.57s Sys=0.00s Real=0.10s
....[3281.776s][info][gc,start       ] GC(713) Pause Young (Allocation Failure)
[3281.870s][info][gc,heap        ] GC(713) PSYoungGen: 2578272K(2604032K)->152832K(2605568K) Eden: 2421760K(2421760K)->0K(2421760K) From: 156512K(182272K)->152832K(183808K)
[3281.870s][info][gc,heap        ] GC(713) ParOldGen: 4857653K(5272576K)->4962637K(5272576K)
[3281.870s][info][gc,metaspace   ] GC(713) Metaspace: 29069K(29376K)->29069K(29376K) NonClass: 25966K(26112K)->25966K(26112K) Class: 3103K(3264K)->3103K(3264K)
[3281.870s][info][gc             ] GC(713) Pause Young (Allocation Failure) 7261M->4995M(7693M) 94.377ms
[3281.870s][info][gc,cpu         ] GC(713) User=0.56s Sys=0.00s Real=0.10s
...[3285.091s][info][gc,start       ] GC(714) Pause Young (Allocation Failure)
[3285.184s][info][gc,heap        ] GC(714) PSYoungGen: 2574592K(2605568K)->144928K(2611712K) Eden: 2421760K(2421760K)->0K(2430464K) From: 152832K(183808K)->144928K(181248K)
[3285.184s][info][gc,heap        ] GC(714) ParOldGen: 4962637K(5272576K)->5067229K(5272576K)
[3285.184s][info][gc,metaspace   ] GC(714) Metaspace: 29069K(29376K)->29069K(29376K) NonClass: 25966K(26112K)->25966K(26112K) Class: 3103K(3264K)->3103K(3264K)
[3285.184s][info][gc             ] GC(714) Pause Young (Allocation Failure) 7360M->5089M(7699M) 93.711ms
[3285.184s][info][gc,cpu         ] GC(714) User=0.55s Sys=0.00s Real=0.09s
.. (rIR:aIR:PR = 4981:4982:4982) (tPR = 74046) [OK] 
  3286s: Performance info:
         Transaction,    Success,    Partial,     Failed,   Receipts, AvgBarcode, 
             Overall,     299619,          0,          0,     284655,      59.48, 
         Response times:
             Request,    Success,    Partial,     Failed,   SkipFail,     Probes,    Samples,      min,      p50,      p90,      p95,      p99,      max, 
       TotalPurchase,     284655,          0,          0,          0,     280796,     304690,      300,     3700,     6400,     8100,    32000,   143000,
     InStorePurchase,     149852,          0,          0,          0,     148109,     160377,      300,     3700,     6300,     8000,    32000,   140000,
      OnlinePurchase,     104864,          0,          0,          0,     103457,     112394,      300,     4000,     6600,     8300,    33000,   143000,
        InstPurchase,      29939,          0,          0,          0,      29230,      31919,      300,     3400,     6100,     7600,    30000,   129000,
          AssocOfCat,        300,          0,          0,          0,        243,        320,    18000,    28000,    38900,    44000,   136790,   140000,
      AssocOfProduct,       2989,          0,          0,          0,       2792,       3200,      500,     3700,     6200,     7700,    33000,   111000,
      BusinessReport,        746,          0,          0,          0,        664,        835,    26000,    37000,    51000,    58000,   135920,   163000,
          CustBuyBeh,       2997,          0,          0,          0,       2794,       3180,      500,     4200,     6300,     8300,    36000,   111000,
       ProductReturn,       7932,          0,          0,          0,       7521,       8432,      200,     3400,     6100,     7600,    33000,   117000,

  3286s: (37%)   IR =   5120 .[3288.468s][info][gc,start       ] GC(715) Pause Young (Allocation Failure)
[3288.562s][info][gc,heap        ] GC(715) PSYoungGen: 2575392K(2611712K)->154528K(2611200K) Eden: 2430464K(2430464K)->0K(2430464K) From: 144928K(181248K)->154528K(180736K)
[3288.562s][info][gc,heap        ] GC(715) ParOldGen: 5067229K(5272576K)->5168517K(5272576K)
[3288.562s][info][gc,metaspace   ] GC(715) Metaspace: 29069K(29376K)->29069K(29376K) NonClass: 25966K(26112K)->25966K(26112K) Class: 3103K(3264K)->3103K(3264K)
[3288.562s][info][gc             ] GC(715) Pause Young (Allocation Failure) 7463M->5198M(7699M) 94.186ms
[3288.562s][info][gc,cpu         ] GC(715) User=0.56s Sys=0.00s Real=0.10s
...|.[3291.877s][info][gc,start       ] GC(716) Pause Young (Allocation Failure)
[3291.970s][info][gc,heap        ] GC(716) PSYoungGen: 2584992K(2611200K)->147360K(2613760K) Eden: 2430464K(2430464K)->0K(2435584K) From: 154528K(180736K)->147360K(178176K)
[3291.970s][info][gc,heap        ] GC(716) ParOldGen: 5168517K(5272576K)->5272485K(5272576K)
[3291.970s][info][gc,metaspace   ] GC(716) Metaspace: 29069K(29376K)->29069K(29376K) NonClass: 25966K(26112K)->25966K(26112K) Class: 3103K(3264K)->3103K(3264K)
[3291.970s][info][gc             ] GC(716) Pause Young (Allocation Failure) 7571M->5292M(7701M) 93.167ms
[3291.970s][info][gc,cpu         ] GC(716) User=0.54s Sys=0.01s Real=0.10s
...[3295.209s][info][gc,start       ] GC(717) Pause Young (Allocation Failure)
[3295.305s][info][gc,heap        ] GC(717) PSYoungGen: 2582944K(2613760K)->149312K(2612224K) Eden: 2435584K(2435584K)->0K(2435584K) From: 147360K(178176K)->149312K(176640K)
[3295.305s][info][gc,heap        ] GC(717) ParOldGen: 5272485K(5272576K)->5377253K(5377536K)
[3295.305s][info][gc,metaspace   ] GC(717) Metaspace: 29069K(29376K)->29069K(29376K) NonClass: 25966K(26112K)->25966K(26112K) Class: 3103K(3264K)->3103K(3264K)
[3295.305s][info][gc             ] GC(717) Pause Young (Allocation Failure) 7671M->5397M(7802M) 96.140ms
[3295.305s][info][gc,cpu         ] GC(717) User=0.53s Sys=0.04s Real=0.10s
...[3298.483s][info][gc,start       ] GC(718) Pause Young (Allocation Failure)
[3298.579s][info][gc,heap        ] GC(718) PSYoungGen: 2584896K(2612224K)->147808K(2617344K) Eden: 2435584K(2435584K)->0K(2442240K) From: 149312K(176640K)->147808K(175104K)
[3298.579s][info][gc,heap        ] GC(718) ParOldGen: 5377253K(5377536K)->5482637K(5483008K)
[3298.579s][info][gc,metaspace   ] GC(718) Metaspace: 29069K(29376K)->29069K(29376K) NonClass: 25966K(26112K)->25966K(26112K) Class: 3103K(3264K)->3103K(3264K)
[3298.580s][info][gc             ] GC(718) Pause Young (Allocation Failure) 7775M->5498M(7910M) 96.826ms
[3298.580s][info][gc,cpu         ] GC(718) User=0.53s Sys=0.04s Real=0.09s
....[3301.832s][info][gc,start       ] GC(719) Pause Young (Allocation Failure)
[3301.929s][info][gc,heap        ] GC(719) PSYoungGen: 2590048K(2617344K)->145344K(2616320K) Eden: 2442240K(2442240K)->0K(2442240K) From: 147808K(175104K)->145344K(174080K)
[3301.929s][info][gc,heap        ] GC(719) ParOldGen: 5482637K(5483008K)->5584957K(5585408K)
[3301.929s][info][gc,metaspace   ] GC(719) Metaspace: 29069K(29376K)->29069K(29376K) NonClass: 25966K(26112K)->25966K(26112K) Class: 3103K(3264K)->3103K(3264K)
[3301.929s][info][gc             ] GC(719) Pause Young (Allocation Failure) 7883M->5595M(8009M) 96.345ms
[3301.929s][info][gc,cpu         ] GC(719) User=0.54s Sys=0.02s Real=0.09s
...[3305.189s][info][gc,start       ] GC(720) Pause Full (Allocation Failure)
[3305.189s][info][gc,phases,start] GC(720) Marking Phase
[3305.496s][info][gc,phases      ] GC(720) Marking Phase 307.825ms
[3305.496s][info][gc,phases,start] GC(720) Summary Phase
[3305.497s][info][gc,phases      ] GC(720) Summary Phase 0.095ms
[3305.497s][info][gc,phases,start] GC(720) Forward
[3305.627s][info][gc,phases      ] GC(720) Forward 130.237ms
[3305.627s][info][gc,phases,start] GC(720) Adjust Pointers
[3305.833s][info][gc,phases      ] GC(720) Adjust Pointers 205.847ms
[3305.833s][info][gc,phases,start] GC(720) Compaction Phase
[3305.978s][info][gc,phases      ] GC(720) Compaction Phase 145.447ms
[3305.980s][info][gc,phases,start] GC(720) Post Compact
[3305.987s][info][gc,phases      ] GC(720) Post Compact 7.065ms
[3306.112s][info][gc,heap        ] GC(720) PSYoungGen: 2587584K(2616320K)->0K(2619904K) Eden: 2442240K(2442240K)->0K(2446848K) From: 145344K(174080K)->0K(173056K)
[3306.113s][info][gc,heap        ] GC(720) ParOldGen: 5584957K(5585408K)->1606453K(1859072K)
[3306.113s][info][gc,metaspace   ] GC(720) Metaspace: 29069K(29376K)->29069K(29376K) NonClass: 25966K(26112K)->25966K(26112K) Class: 3103K(3264K)->3103K(3264K)
[3306.113s][info][gc             ] GC(720) Pause Full (Allocation Failure) 7980M->1568M(4374M) 923.941ms
[3306.113s][info][gc,cpu         ] GC(720) User=4.29s Sys=0.12s Real=0.93s
...[3308.501s][info][gc,start       ] GC(721) Pause Young (Allocation Failure)
[3308.567s][info][gc,heap        ] GC(721) PSYoungGen: 2446848K(2619904K)->161888K(2619904K) Eden: 2446848K(2446848K)->0K(2446848K) From: 0K(173056K)->161888K(173056K)
[3308.567s][info][gc,heap        ] GC(721) ParOldGen: 1606453K(1859072K)->1606453K(1859072K)
[3308.567s][info][gc,metaspace   ] GC(721) Metaspace: 29069K(29376K)->29069K(29376K) NonClass: 25966K(26112K)->25966K(26112K) Class: 3103K(3264K)->3103K(3264K)
[3308.567s][info][gc             ] GC(721) Pause Young (Allocation Failure) 3958M->1726M(4374M) 65.748ms
[3308.567s][info][gc,cpu         ] GC(721) User=0.39s Sys=0.00s Real=0.06s
...[3311.865s][info][gc,start       ] GC(722) Pause Young (Allocation Failure)
[3311.955s][info][gc,heap        ] GC(722) PSYoungGen: 2608736K(2619904K)->146304K(2621952K) Eden: 2446848K(2446848K)->0K(2447872K) From: 161888K(173056K)->146304K(174080K)
[3311.955s][info][gc,heap        ] GC(722) ParOldGen: 1606453K(1859072K)->1710981K(1859072K)
[3311.955s][info][gc,metaspace   ] GC(722) Metaspace: 29069K(29376K)->29069K(29376K) NonClass: 25966K(26112K)->25966K(26112K) Class: 3103K(3264K)->3103K(3264K)
[3311.955s][info][gc             ] GC(722) Pause Young (Allocation Failure) 4116M->1813M(4376M) 89.374ms
[3311.955s][info][gc,cpu         ] GC(722) User=0.52s Sys=0.00s Real=0.09s
....[3315.231s][info][gc,start       ] GC(723) Pause Young (Allocation Failure)
[3315.324s][info][gc,heap        ] GC(723) PSYoungGen: 2594176K(2621952K)->156708K(2621440K) Eden: 2447872K(2447872K)->0K(2447872K) From: 146304K(174080K)->156708K(173568K)
[3315.324s][info][gc,heap        ] GC(723) ParOldGen: 1710981K(1859072K)->1815173K(1859072K)
[3315.324s][info][gc,metaspace   ] GC(723) Metaspace: 29069K(29376K)->29069K(29376K) NonClass: 25966K(26112K)->25966K(26112K) Class: 3103K(3264K)->3103K(3264K)
[3315.324s][info][gc             ] GC(723) Pause Young (Allocation Failure) 4204M->1925M(4375M) 93.361ms
[3315.324s][info][gc,cpu         ] GC(723) User=0.55s Sys=0.00s Real=0.09s
...[3318.535s][info][gc,start       ] GC(724) Pause Young (Allocation Failure)
[3318.628s][info][gc,heap        ] GC(724) PSYoungGen: 2604580K(2621440K)->151392K(2620416K) Eden: 2447872K(2447872K)->0K(2449408K) From: 156708K(173568K)->151392K(171008K)
[3318.628s][info][gc,heap        ] GC(724) ParOldGen: 1815173K(1859072K)->1920877K(1921024K)
[3318.628s][info][gc,metaspace   ] GC(724) Metaspace: 29069K(29376K)->29069K(29376K) NonClass: 25966K(26112K)->25966K(26112K) Class: 3103K(3264K)->3103K(3264K)
[3318.628s][info][gc             ] GC(724) Pause Young (Allocation Failure) 4316M->2023M(4435M) 93.711ms
[3318.629s][info][gc,cpu         ] GC(724) User=0.53s Sys=0.03s Real=0.09s
...[3321.869s][info][gc,start       ] GC(725) Pause Young (Allocation Failure)
[3321.967s][info][gc,heap        ] GC(725) PSYoungGen: 2600800K(2620416K)->156272K(2620928K) Eden: 2449408K(2449408K)->0K(2449408K) From: 151392K(171008K)->156272K(171520K)
[3321.967s][info][gc,heap        ] GC(725) ParOldGen: 1920877K(1921024K)->2022173K(2022400K)
[3321.967s][info][gc,metaspace   ] GC(725) Metaspace: 29069K(29376K)->29069K(29376K) NonClass: 25966K(26112K)->25966K(26112K) Class: 3103K(3264K)->3103K(3264K)
[3321.967s][info][gc             ] GC(725) Pause Young (Allocation Failure) 4415M->2127M(4534M) 98.441ms
[3321.967s][info][gc,cpu         ] GC(725) User=0.55s Sys=0.03s Real=0.10s
....[3325.247s][info][gc,start       ] GC(726) Pause Young (Allocation Failure)
[3325.342s][info][gc,heap        ] GC(726) PSYoungGen: 2605680K(2620928K)->150080K(2621440K) Eden: 2449408K(2449408K)->0K(2453504K) From: 156272K(171520K)->150080K(167936K)
[3325.342s][info][gc,heap        ] GC(726) ParOldGen: 2022173K(2022400K)->2126957K(2127360K)
[3325.342s][info][gc,metaspace   ] GC(726) Metaspace: 29069K(29376K)->29069K(29376K) NonClass: 25966K(26112K)->25966K(26112K) Class: 3103K(3264K)->3103K(3264K)
[3325.342s][info][gc             ] GC(726) Pause Young (Allocation Failure) 4519M->2223M(4637M) 94.617ms
[3325.342s][info][gc,cpu         ] GC(726) User=0.54s Sys=0.02s Real=0.10s
...[3328.560s][info][gc,start       ] GC(727) Pause Young (Allocation Failure)
[3328.654s][info][gc,heap        ] GC(727) PSYoungGen: 2603584K(2621440K)->151360K(2622976K) Eden: 2453504K(2453504K)->0K(2453504K) From: 150080K(167936K)->151360K(169472K)
[3328.654s][info][gc,heap        ] GC(727) ParOldGen: 2126957K(2127360K)->2232317K(2232320K)
[3328.654s][info][gc,metaspace   ] GC(727) Metaspace: 29069K(29376K)->29069K(29376K) NonClass: 25966K(26112K)->25966K(26112K) Class: 3103K(3264K)->3103K(3264K)
[3328.654s][info][gc             ] GC(727) Pause Young (Allocation Failure) 4619M->2327M(4741M) 94.105ms
[3328.654s][info][gc,cpu         ] GC(727) User=0.53s Sys=0.03s Real=0.10s
...[3331.912s][info][gc,start       ] GC(728) Pause Young (Allocation Failure)
[3332.006s][info][gc,heap        ] GC(728) PSYoungGen: 2604864K(2622976K)->147648K(2624000K) Eden: 2453504K(2453504K)->0K(2458112K) From: 151360K(169472K)->147648K(165888K)
[3332.007s][info][gc,heap        ] GC(728) ParOldGen: 2232317K(2232320K)->2336269K(2336768K)
[3332.007s][info][gc,metaspace   ] GC(728) Metaspace: 29069K(29376K)->29069K(29376K) NonClass: 25966K(26112K)->25966K(26112K) Class: 3103K(3264K)->3103K(3264K)
[3332.007s][info][gc             ] GC(728) Pause Young (Allocation Failure) 4723M->2425M(4844M) 94.194ms
[3332.007s][info][gc,cpu         ] GC(728) User=0.52s Sys=0.04s Real=0.09s
...[3335.224s][info][gc,start       ] GC(729) Pause Young (Allocation Failure)
[3335.318s][info][gc,heap        ] GC(729) PSYoungGen: 2605760K(2624000K)->150400K(2625536K) Eden: 2458112K(2458112K)->0K(2458112K) From: 147648K(165888K)->150400K(167424K)
[3335.318s][info][gc,heap        ] GC(729) ParOldGen: 2336269K(2336768K)->2440789K(2441216K)
[3335.318s][info][gc,metaspace   ] GC(729) Metaspace: 29069K(29376K)->29069K(29376K) NonClass: 25966K(26112K)->25966K(26112K) Class: 3103K(3264K)->3103K(3264K)
[3335.318s][info][gc             ] GC(729) Pause Young (Allocation Failure) 4826M->2530M(4948M) 94.219ms
[3335.318s][info][gc,cpu         ] GC(729) User=0.52s Sys=0.03s Real=0.09s
....[3338.554s][info][gc,start       ] GC(730) Pause Young (Allocation Failure)
[3338.662s][info][gc,heap        ] GC(730) PSYoungGen: 2608512K(2625536K)->156352K(2628096K) Eden: 2458112K(2458112K)->0K(2462208K) From: 150400K(167424K)->156352K(165888K)
[3338.662s][info][gc,heap        ] GC(730) ParOldGen: 2440789K(2441216K)->2546085K(2546176K)
[3338.662s][info][gc,metaspace   ] GC(730) Metaspace: 29069K(29376K)->29069K(29376K) NonClass: 25966K(26112K)->25966K(26112K) Class: 3103K(3264K)->3103K(3264K)
[3338.662s][info][gc             ] GC(730) Pause Young (Allocation Failure) 4930M->2639M(5053M) 107.993ms
[3338.662s][info][gc,cpu         ] GC(730) User=0.60s Sys=0.04s Real=0.11s
...[3341.940s][info][gc,start       ] GC(731) Pause Young (Allocation Failure)
[3342.044s][info][gc,heap        ] GC(731) PSYoungGen: 2618560K(2628096K)->158496K(2628608K) Eden: 2462208K(2462208K)->0K(2462208K) From: 156352K(165888K)->158496K(166400K)
[3342.044s][info][gc,heap        ] GC(731) ParOldGen: 2546085K(2546176K)->2648573K(2648576K)
[3342.044s][info][gc,metaspace   ] GC(731) Metaspace: 29069K(29376K)->29069K(29376K) NonClass: 25966K(26112K)->25966K(26112K) Class: 3103K(3264K)->3103K(3264K)
[3342.044s][info][gc             ] GC(731) Pause Young (Allocation Failure) 5043M->2741M(5153M) 103.868ms
[3342.044s][info][gc,cpu         ] GC(731) User=0.57s Sys=0.03s Real=0.10s
...[3345.322s][info][gc,start       ] GC(732) Pause Young (Allocation Failure)
[3345.422s][info][gc,heap        ] GC(732) PSYoungGen: 2620704K(2628608K)->159284K(2626560K) Eden: 2462208K(2462208K)->0K(2459136K) From: 158496K(166400K)->159284K(167424K)
[3345.422s][info][gc,heap        ] GC(732) ParOldGen: 2648573K(2648576K)->2754581K(2755072K)
[3345.422s][info][gc,metaspace   ] GC(732) Metaspace: 29069K(29376K)->29069K(29376K) NonClass: 25966K(26112K)->25966K(26112K) Class: 3103K(3264K)->3103K(3264K)
[3345.422s][info][gc             ] GC(732) Pause Young (Allocation Failure) 5145M->2845M(5255M) 99.334ms
[3345.422s][info][gc,cpu         ] GC(732) User=0.55s Sys=0.03s Real=0.10s
....[3348.641s][info][gc,start       ] GC(733) Pause Young (Allocation Failure)
[3348.740s][info][gc,heap        ] GC(733) PSYoungGen: 2618420K(2626560K)->158101K(2627584K) Eden: 2459136K(2459136K)->0K(2459136K) From: 159284K(167424K)->158101K(168448K)
[3348.740s][info][gc,heap        ] GC(733) ParOldGen: 2754581K(2755072K)->2858893K(2859008K)
[3348.740s][info][gc,metaspace   ] GC(733) Metaspace: 29069K(29376K)->29069K(29376K) NonClass: 25966K(26112K)->25966K(26112K) Class: 3103K(3264K)->3103K(3264K)
[3348.740s][info][gc             ] GC(733) Pause Young (Allocation Failure) 5247M->2946M(5358M) 98.949ms
[3348.740s][info][gc,cpu         ] GC(733) User=0.56s Sys=0.03s Real=0.10s
... (rIR:aIR:PR = 5120:5123:5123) (tPR = 75850) [OK] 
  3351s: Performance info:
         Transaction,    Success,    Partial,     Failed,   Receipts, AvgBarcode, 
             Overall,     311587,          0,          0,     295994,      59.47, 
         Response times:
             Request,    Success,    Partial,     Failed,   SkipFail,     Probes,    Samples,      min,      p50,      p90,      p95,      p99,      max, 
       TotalPurchase,     295994,          0,          0,          0,     288815,     310518,      200,     3900,     7000,    13400,   247000,   930000,
     InStorePurchase,     155789,          0,          0,          0,     152093,     163299,      300,     3900,     7100,    13100,   242000,   930000,
      OnlinePurchase,     108995,          0,          0,          0,     106515,     114608,      200,     3800,     7000,    13200,   236000,   386000,
        InstPurchase,      31210,          0,          0,          0,      30207,      32611,      400,     4200,     7200,    15600,   271000,   383000,
          AssocOfCat,        311,          0,          0,          0,        246,        333,    21000,    30000,    41000,    54300,   332640,   362000,
      AssocOfProduct,       3115,          0,          0,          0,       2899,       3335,      500,     3400,     6400,    15980,   216000,   324000,
      BusinessReport,        778,          0,          0,          0,        668,        829,    25000,    38000,    53000,    65000,   220400,   291000,
          CustBuyBeh,       3124,          0,          0,          0,       2834,       3208,      100,     1700,     6200,     8300,   133000,   362000,
       ProductReturn,       8265,          0,          0,          0,       7806,       8612,      200,     3600,     7000,    15035,   254000,   360000,

  3351s: (38%)   IR =   5258 [3352.041s][info][gc,start       ] GC(734) Pause Young (Allocation Failure)
[3352.137s][info][gc,heap        ] GC(734) PSYoungGen: 2617237K(2627584K)->150816K(2625536K) Eden: 2459136K(2459136K)->0K(2459136K) From: 158101K(168448K)->150816K(166400K)
[3352.137s][info][gc,heap        ] GC(734) ParOldGen: 2858893K(2859008K)->2962309K(2962432K)
[3352.137s][info][gc,metaspace   ] GC(734) Metaspace: 29069K(29376K)->29069K(29376K) NonClass: 25966K(26112K)->25966K(26112K) Class: 3103K(3264K)->3103K(3264K)
[3352.137s][info][gc             ] GC(734) Pause Young (Allocation Failure) 5347M->3040M(5457M) 95.878ms
[3352.137s][info][gc,cpu         ] GC(734) User=0.53s Sys=0.04s Real=0.09s
...[3355.254s][info][gc,start       ] GC(735) Pause Young (Allocation Failure)
[3355.350s][info][gc,heap        ] GC(735) PSYoungGen: 2609952K(2625536K)->149248K(2626560K) Eden: 2459136K(2459136K)->0K(2459136K) From: 150816K(166400K)->149248K(167424K)
[3355.350s][info][gc,heap        ] GC(735) ParOldGen: 2962309K(2962432K)->3069461K(3069952K)
[3355.350s][info][gc,metaspace   ] GC(735) Metaspace: 29069K(29376K)->29069K(29376K) NonClass: 25966K(26112K)->25966K(26112K) Class: 3103K(3264K)->3103K(3264K)
[3355.350s][info][gc             ] GC(735) Pause Young (Allocation Failure) 5441M->3143M(5563M) 95.609ms
[3355.350s][info][gc,cpu         ] GC(735) User=0.54s Sys=0.03s Real=0.09s
...|.[3358.563s][info][gc,start       ] GC(736) Pause Young (Allocation Failure)
[3358.662s][info][gc,heap        ] GC(736) PSYoungGen: 2608384K(2626560K)->155380K(2627072K) Eden: 2459136K(2459136K)->0K(2461696K) From: 149248K(167424K)->155380K(165376K)
[3358.662s][info][gc,heap        ] GC(736) ParOldGen: 3069461K(3069952K)->3173645K(3173888K)
[3358.662s][info][gc,metaspace   ] GC(736) Metaspace: 29069K(29376K)->29069K(29376K) NonClass: 25966K(26112K)->25966K(26112K) Class: 3103K(3264K)->3103K(3264K)
[3358.662s][info][gc             ] GC(736) Pause Young (Allocation Failure) 5544M->3251M(5665M) 98.651ms
[3358.662s][info][gc,cpu         ] GC(736) User=0.54s Sys=0.05s Real=0.10s
...[3361.896s][info][gc,start       ] GC(737) Pause Young (Allocation Failure)
[3361.992s][info][gc,heap        ] GC(737) PSYoungGen: 2617076K(2627072K)->149664K(2628096K) Eden: 2461696K(2461696K)->0K(2461696K) From: 155380K(165376K)->149664K(166400K)
[3361.992s][info][gc,heap        ] GC(737) ParOldGen: 3173645K(3173888K)->3277517K(3277824K)
[3361.992s][info][gc,metaspace   ] GC(737) Metaspace: 29069K(29376K)->29069K(29376K) NonClass: 25966K(26112K)->25966K(26112K) Class: 3103K(3264K)->3103K(3264K)
[3361.992s][info][gc             ] GC(737) Pause Young (Allocation Failure) 5655M->3346M(5767M) 95.786ms
[3361.992s][info][gc,cpu         ] GC(737) User=0.54s Sys=0.03s Real=0.10s
...[3365.101s][info][gc,start       ] GC(738) Pause Young (Allocation Failure)
[3365.199s][info][gc,heap        ] GC(738) PSYoungGen: 2611360K(2628096K)->153316K(2627072K) Eden: 2461696K(2461696K)->0K(2463744K) From: 149664K(166400K)->153316K(163328K)
[3365.199s][info][gc,heap        ] GC(738) ParOldGen: 3277517K(3277824K)->3385293K(3385344K)
[3365.199s][info][gc,metaspace   ] GC(738) Metaspace: 29069K(29376K)->29069K(29376K) NonClass: 25966K(26112K)->25966K(26112K) Class: 3103K(3264K)->3103K(3264K)
[3365.199s][info][gc             ] GC(738) Pause Young (Allocation Failure) 5750M->3455M(5871M) 98.313ms
[3365.200s][info][gc,cpu         ] GC(738) User=0.55s Sys=0.03s Real=0.09s
...[3368.370s][info][gc,start       ] GC(739) Pause Young (Allocation Failure)
[3368.471s][info][gc,heap        ] GC(739) PSYoungGen: 2617060K(2627072K)->161577K(2628608K) Eden: 2463744K(2463744K)->0K(2463744K) From: 153316K(163328K)->161577K(164864K)
[3368.471s][info][gc,heap        ] GC(739) ParOldGen: 3385293K(3385344K)->3488397K(3488768K)
[3368.471s][info][gc,metaspace   ] GC(739) Metaspace: 29069K(29376K)->29069K(29376K) NonClass: 25966K(26112K)->25966K(26112K) Class: 3103K(3264K)->3103K(3264K)
[3368.471s][info][gc             ] GC(739) Pause Young (Allocation Failure) 5861M->3564M(5974M) 100.698ms
[3368.471s][info][gc,cpu         ] GC(739) User=0.58s Sys=0.02s Real=0.10s
....[3371.650s][info][gc,start       ] GC(740) Pause Young (Allocation Failure)
[3371.746s][info][gc,heap        ] GC(740) PSYoungGen: 2625321K(2628608K)->153536K(2629632K) Eden: 2463744K(2463744K)->0K(2463744K) From: 161577K(164864K)->153536K(165888K)
[3371.746s][info][gc,heap        ] GC(740) ParOldGen: 3488397K(3488768K)->3592589K(3592704K)
[3371.746s][info][gc,metaspace   ] GC(740) Metaspace: 29069K(29376K)->29069K(29376K) NonClass: 25966K(26112K)->25966K(26112K) Class: 3103K(3264K)->3103K(3264K)
[3371.746s][info][gc             ] GC(740) Pause Young (Allocation Failure) 5970M->3658M(6076M) 95.828ms
[3371.746s][info][gc,cpu         ] GC(740) User=0.54s Sys=0.03s Real=0.09s
...[3374.947s][info][gc,start       ] GC(741) Pause Young (Allocation Failure)
[3375.046s][info][gc,heap        ] GC(741) PSYoungGen: 2617280K(2629632K)->153828K(2629120K) Eden: 2463744K(2463744K)->0K(2463744K) From: 153536K(165888K)->153828K(165376K)
[3375.046s][info][gc,heap        ] GC(741) ParOldGen: 3592589K(3592704K)->3697797K(3698176K)
[3375.046s][info][gc,metaspace   ] GC(741) Metaspace: 29069K(29376K)->29069K(29376K) NonClass: 25966K(26112K)->25966K(26112K) Class: 3103K(3264K)->3103K(3264K)
[3375.046s][info][gc             ] GC(741) Pause Young (Allocation Failure) 6064M->3761M(6179M) 98.907ms
[3375.046s][info][gc,cpu         ] GC(741) User=0.53s Sys=0.05s Real=0.10s
...[3378.203s][info][gc,start       ] GC(742) Pause Young (Allocation Failure)
[3378.299s][info][gc,heap        ] GC(742) PSYoungGen: 2617572K(2629120K)->149984K(2629632K) Eden: 2463744K(2463744K)->0K(2465280K) From: 153828K(165376K)->149984K(164352K)
[3378.299s][info][gc,heap        ] GC(742) ParOldGen: 3697797K(3698176K)->3802781K(3803136K)
[3378.299s][info][gc,metaspace   ] GC(742) Metaspace: 29069K(29376K)->29069K(29376K) NonClass: 25966K(26112K)->25966K(26112K) Class: 3103K(3264K)->3103K(3264K)
[3378.299s][info][gc             ] GC(742) Pause Young (Allocation Failure) 6167M->3860M(6282M) 96.599ms
[3378.299s][info][gc,cpu         ] GC(742) User=0.54s Sys=0.03s Real=0.09s
....[3381.520s][info][gc,start       ] GC(743) Pause Young (Allocation Failure)
[3381.616s][info][gc,heap        ] GC(743) PSYoungGen: 2615264K(2629632K)->152672K(2629120K) Eden: 2465280K(2465280K)->0K(2465280K) From: 149984K(164352K)->152672K(163840K)
[3381.616s][info][gc,heap        ] GC(743) ParOldGen: 3802781K(3803136K)->3907421K(3907584K)
[3381.616s][info][gc,metaspace   ] GC(743) Metaspace: 29069K(29376K)->29069K(29376K) NonClass: 25966K(26112K)->25966K(26112K) Class: 3103K(3264K)->3103K(3264K)
[3381.616s][info][gc             ] GC(743) Pause Young (Allocation Failure) 6267M->3964M(6383M) 96.501ms
[3381.616s][info][gc,cpu         ] GC(743) User=0.53s Sys=0.04s Real=0.10s
...[3384.793s][info][gc,start       ] GC(744) Pause Young (Allocation Failure)
[3384.890s][info][gc,heap        ] GC(744) PSYoungGen: 2617952K(2629120K)->154880K(2631680K) Eden: 2465280K(2465280K)->0K(2468352K) From: 152672K(163840K)->154880K(163328K)
[3384.890s][info][gc,heap        ] GC(744) ParOldGen: 3907421K(3907584K)->4012149K(4012544K)
[3384.890s][info][gc,metaspace   ] GC(744) Metaspace: 29069K(29376K)->29069K(29376K) NonClass: 25966K(26112K)->25966K(26112K) Class: 3103K(3264K)->3103K(3264K)
[3384.890s][info][gc             ] GC(744) Pause Young (Allocation Failure) 6372M->4069M(6488M) 97.346ms
[3384.890s][info][gc,cpu         ] GC(744) User=0.54s Sys=0.03s Real=0.10s
...[3388.105s][info][gc,start       ] GC(745) Pause Young (Allocation Failure)
[3388.205s][info][gc,heap        ] GC(745) PSYoungGen: 2623232K(2631680K)->156208K(2631168K) Eden: 2468352K(2468352K)->0K(2468352K) From: 154880K(163328K)->156208K(162816K)
[3388.205s][info][gc,heap        ] GC(745) ParOldGen: 4012149K(4012544K)->4116701K(4116992K)
[3388.205s][info][gc,metaspace   ] GC(745) Metaspace: 29069K(29376K)->29069K(29376K) NonClass: 25966K(26112K)->25966K(26112K) Class: 3103K(3264K)->3103K(3264K)
[3388.205s][info][gc             ] GC(745) Pause Young (Allocation Failure) 6479M->4172M(6590M) 100.177ms
[3388.205s][info][gc,cpu         ] GC(745) User=0.54s Sys=0.04s Real=0.10s
...[3391.260s][info][gc,start       ] GC(746) Pause Young (Allocation Failure)
[3391.354s][info][gc,heap        ] GC(746) PSYoungGen: 2624560K(2631168K)->146560K(2632192K) Eden: 2468352K(2468352K)->0K(2469376K) From: 156208K(162816K)->146560K(162816K)
[3391.354s][info][gc,heap        ] GC(746) ParOldGen: 4116701K(4116992K)->4222757K(4222976K)
[3391.354s][info][gc,metaspace   ] GC(746) Metaspace: 29069K(29376K)->29069K(29376K) NonClass: 25966K(26112K)->25966K(26112K) Class: 3103K(3264K)->3103K(3264K)
[3391.355s][info][gc             ] GC(746) Pause Young (Allocation Failure) 6583M->4266M(6694M) 94.993ms
[3391.355s][info][gc,cpu         ] GC(746) User=0.53s Sys=0.03s Real=0.10s
....[3394.638s][info][gc,start       ] GC(747) Pause Young (Allocation Failure)
[3394.736s][info][gc,heap        ] GC(747) PSYoungGen: 2615936K(2632192K)->156544K(2632704K) Eden: 2469376K(2469376K)->0K(2469376K) From: 146560K(162816K)->156544K(163328K)
[3394.736s][info][gc,heap        ] GC(747) ParOldGen: 4222757K(4222976K)->4323621K(4323840K)
[3394.736s][info][gc,metaspace   ] GC(747) Metaspace: 29069K(29376K)->29069K(29376K) NonClass: 25966K(26112K)->25966K(26112K) Class: 3103K(3264K)->3103K(3264K)
[3394.736s][info][gc             ] GC(747) Pause Young (Allocation Failure) 6678M->4375M(6793M) 97.626ms
[3394.736s][info][gc,cpu         ] GC(747) User=0.55s Sys=0.02s Real=0.10s
...[3397.913s][info][gc,start       ] GC(748) Pause Young (Allocation Failure)
[3398.014s][info][gc,heap        ] GC(748) PSYoungGen: 2625920K(2632704K)->152554K(2631680K) Eden: 2469376K(2469376K)->0K(2469376K) From: 156544K(163328K)->152554K(162304K)
[3398.014s][info][gc,heap        ] GC(748) ParOldGen: 4323621K(4323840K)->4429629K(4429824K)
[3398.014s][info][gc,metaspace   ] GC(748) Metaspace: 29069K(29376K)->29069K(29376K) NonClass: 25966K(26112K)->25966K(26112K) Class: 3103K(3264K)->3103K(3264K)
[3398.014s][info][gc             ] GC(748) Pause Young (Allocation Failure) 6786M->4474M(6896M) 101.318ms
[3398.014s][info][gc,cpu         ] GC(748) User=0.57s Sys=0.02s Real=0.10s
...[3401.162s][info][gc,start       ] GC(749) Pause Young (Allocation Failure)
[3401.259s][info][gc,heap        ] GC(749) PSYoungGen: 2621930K(2631680K)->152928K(2632192K) Eden: 2469376K(2469376K)->0K(2469376K) From: 152554K(162304K)->152928K(162816K)
[3401.259s][info][gc,heap        ] GC(749) ParOldGen: 4429629K(4429824K)->4534189K(4534272K)
[3401.259s][info][gc,metaspace   ] GC(749) Metaspace: 29069K(29376K)->29069K(29376K) NonClass: 25966K(26112K)->25966K(26112K) Class: 3103K(3264K)->3103K(3264K)
[3401.259s][info][gc             ] GC(749) Pause Young (Allocation Failure) 6886M->4577M(6998M) 96.948ms
[3401.259s][info][gc,cpu         ] GC(749) User=0.55s Sys=0.03s Real=0.09s
...[3404.502s][info][gc,start       ] GC(750) Pause Young (Allocation Failure)
[3404.601s][info][gc,heap        ] GC(750) PSYoungGen: 2622304K(2632192K)->154386K(2632704K) Eden: 2469376K(2469376K)->0K(2471424K) From: 152928K(162816K)->154386K(161280K)
[3404.601s][info][gc,heap        ] GC(750) ParOldGen: 4534189K(4534272K)->4638333K(4638720K)
[3404.601s][info][gc,metaspace   ] GC(750) Metaspace: 29069K(29376K)->29069K(29376K) NonClass: 25966K(26112K)->25966K(26112K) Class: 3103K(3264K)->3103K(3264K)
[3404.601s][info][gc             ] GC(750) Pause Young (Allocation Failure) 6988M->4680M(7101M) 98.598ms
[3404.601s][info][gc,cpu         ] GC(750) User=0.54s Sys=0.04s Real=0.10s
....[3407.699s][info][gc,start       ] GC(751) Pause Young (Allocation Failure)
[3407.795s][info][gc,heap        ] GC(751) PSYoungGen: 2625810K(2632704K)->150400K(2632704K) Eden: 2471424K(2471424K)->0K(2471424K) From: 154386K(161280K)->150400K(161280K)
[3407.795s][info][gc,heap        ] GC(751) ParOldGen: 4638333K(4638720K)->4745117K(4745216K)
[3407.795s][info][gc,metaspace   ] GC(751) Metaspace: 29069K(29376K)->29069K(29376K) NonClass: 25966K(26112K)->25966K(26112K) Class: 3103K(3264K)->3103K(3264K)
[3407.795s][info][gc             ] GC(751) Pause Young (Allocation Failure) 7093M->4780M(7205M) 95.977ms
[3407.795s][info][gc,cpu         ] GC(751) User=0.54s Sys=0.03s Real=0.10s
...[3410.995s][info][gc,start       ] GC(752) Pause Young (Allocation Failure)
[3411.095s][info][gc,heap        ] GC(752) PSYoungGen: 2621824K(2632704K)->156496K(2633728K) Eden: 2471424K(2471424K)->0K(2472448K) From: 150400K(161280K)->156496K(161280K)
[3411.095s][info][gc,heap        ] GC(752) ParOldGen: 4745117K(4745216K)->4846333K(4846592K)
[3411.095s][info][gc,metaspace   ] GC(752) Metaspace: 29069K(29376K)->29069K(29376K) NonClass: 25966K(26112K)->25966K(26112K) Class: 3103K(3264K)->3103K(3264K)
[3411.095s][info][gc             ] GC(752) Pause Young (Allocation Failure) 7194M->4885M(7305M) 100.272ms
[3411.095s][info][gc,cpu         ] GC(752) User=0.55s Sys=0.03s Real=0.10s
...[3414.333s][info][gc,start       ] GC(753) Pause Young (Allocation Failure)
[3414.430s][info][gc,heap        ] GC(753) PSYoungGen: 2628944K(2633728K)->151296K(2634240K) Eden: 2472448K(2472448K)->0K(2472448K) From: 156496K(161280K)->151296K(161792K)
[3414.430s][info][gc,heap        ] GC(753) ParOldGen: 4846333K(4846592K)->4952125K(4952576K)
[3414.430s][info][gc,metaspace   ] GC(753) Metaspace: 29069K(29376K)->29069K(29376K) NonClass: 25966K(26112K)->25966K(26112K) Class: 3103K(3264K)->3103K(3264K)
[3414.430s][info][gc             ] GC(753) Pause Young (Allocation Failure) 7300M->4983M(7409M) 97.597ms
[3414.430s][info][gc,cpu         ] GC(753) User=0.56s Sys=0.02s Real=0.10s
....[3417.628s][info][gc,start       ] GC(754) Pause Young (Allocation Failure)
[3417.730s][info][gc,heap        ] GC(754) PSYoungGen: 2623744K(2634240K)->159505K(2631680K) Eden: 2472448K(2472448K)->0K(2470400K) From: 151296K(161792K)->159505K(161280K)
[3417.730s][info][gc,heap        ] GC(754) ParOldGen: 4952125K(4952576K)->5057101K(5057536K)
[3417.730s][info][gc,metaspace   ] GC(754) Metaspace: 29069K(29376K)->29069K(29376K) NonClass: 25966K(26112K)->25966K(26112K) Class: 3103K(3264K)->3103K(3264K)
[3417.730s][info][gc             ] GC(754) Pause Young (Allocation Failure) 7398M->5094M(7509M) 101.458ms
[3417.730s][info][gc,cpu         ] GC(754) User=0.56s Sys=0.04s Real=0.10s
 (rIR:aIR:PR = 5258:5256:5256) (tPR = 78196) [OK] 
  3417s: Performance info:
         Transaction,    Success,    Partial,     Failed,   Receipts, AvgBarcode, 
             Overall,     316184,          0,          0,     300398,      59.47, 
         Response times:
             Request,    Success,    Partial,     Failed,   SkipFail,     Probes,    Samples,      min,      p50,      p90,      p95,      p99,      max, 
       TotalPurchase,     300398,          0,          0,          0,     295750,     325400,      300,     3900,     6800,     8700,    30000,   159000,
     InStorePurchase,     158113,          0,          0,          0,     156187,     171559,      300,     4100,     6900,     9000,    31000,   159000,
      OnlinePurchase,     110661,          0,          0,          0,     108842,     119771,      300,     3500,     6600,     8400,    29000,   159000,
        InstPurchase,      31624,          0,          0,          0,      30721,      34070,      300,     4200,     6900,     8600,    32000,   158000,
          AssocOfCat,        313,          0,          0,          0,        253,        350,    18800,    31000,    40900,    49800,   132430,   160000,
      AssocOfProduct,       3159,          0,          0,          0,       2950,       3456,      400,     3100,     6100,     7700,    25000,   121000,
      BusinessReport,        785,          0,          0,          0,        676,        875,    26000,    37000,    52000,    58000,   139480,   159000,
          CustBuyBeh,       3165,          0,          0,          0,       2941,       3419,      300,     3600,     6300,     7600,    26800,   150000,
       ProductReturn,       8364,          0,          0,          0,       7975,       9113,      200,     4300,     6800,     8700,    34000,   125000,

  3417s: (39%)   IR =   5396 ...[3420.924s][info][gc,start       ] GC(755) Pause Young (Allocation Failure)
[3421.023s][info][gc,heap        ] GC(755) PSYoungGen: 2629905K(2631680K)->150336K(2633216K) Eden: 2470400K(2470400K)->0K(2470400K) From: 159505K(161280K)->150336K(162816K)
[3421.023s][info][gc,heap        ] GC(755) ParOldGen: 5057101K(5057536K)->5162389K(5162496K)
[3421.023s][info][gc,metaspace   ] GC(755) Metaspace: 29069K(29376K)->29069K(29376K) NonClass: 25966K(26112K)->25966K(26112K) Class: 3103K(3264K)->3103K(3264K)
[3421.023s][info][gc             ] GC(755) Pause Young (Allocation Failure) 7506M->5188M(7613M) 98.055ms
[3421.023s][info][gc,cpu         ] GC(755) User=0.54s Sys=0.03s Real=0.10s
...|[3424.064s][info][gc,start       ] GC(756) Pause Young (Allocation Failure)
[3424.161s][info][gc,heap        ] GC(756) PSYoungGen: 2620736K(2633216K)->147584K(2632704K) Eden: 2470400K(2470400K)->0K(2470400K) From: 150336K(162816K)->147584K(162304K)
[3424.161s][info][gc,heap        ] GC(756) ParOldGen: 5162389K(5162496K)->5269205K(5269504K)
[3424.161s][info][gc,metaspace   ] GC(756) Metaspace: 29069K(29376K)->29069K(29376K) NonClass: 25966K(26112K)->25966K(26112K) Class: 3103K(3264K)->3103K(3264K)
[3424.161s][info][gc             ] GC(756) Pause Young (Allocation Failure) 7600M->5289M(7717M) 97.361ms
[3424.161s][info][gc,cpu         ] GC(756) User=0.54s Sys=0.04s Real=0.10s
...[3427.277s][info][gc,start       ] GC(757) Pause Young (Allocation Failure)
[3427.375s][info][gc,heap        ] GC(757) PSYoungGen: 2617984K(2632704K)->151008K(2621440K) Eden: 2470400K(2470400K)->0K(2470400K) From: 147584K(162304K)->151008K(151040K)
[3427.375s][info][gc,heap        ] GC(757) ParOldGen: 5269205K(5269504K)->5371869K(5371904K)
[3427.375s][info][gc,metaspace   ] GC(757) Metaspace: 29069K(29376K)->29069K(29376K) NonClass: 25966K(26112K)->25966K(26112K) Class: 3103K(3264K)->3103K(3264K)
[3427.375s][info][gc             ] GC(757) Pause Young (Allocation Failure) 7702M->5393M(7806M) 97.606ms
[3427.375s][info][gc,cpu         ] GC(757) User=0.54s Sys=0.04s Real=0.10s
...[3430.497s][info][gc,start       ] GC(758) Pause Young (Allocation Failure)
[3430.598s][info][gc,heap        ] GC(758) PSYoungGen: 2621408K(2621440K)->159860K(2630144K) Eden: 2470400K(2470400K)->0K(2468352K) From: 151008K(151040K)->159860K(161792K)
[3430.598s][info][gc,heap        ] GC(758) ParOldGen: 5371869K(5371904K)->5476037K(5476352K)
[3430.598s][info][gc,metaspace   ] GC(758) Metaspace: 29069K(29376K)->29069K(29376K) NonClass: 25966K(26112K)->25966K(26112K) Class: 3103K(3264K)->3103K(3264K)
[3430.598s][info][gc             ] GC(758) Pause Young (Allocation Failure) 7805M->5503M(7916M) 101.021ms
[3430.598s][info][gc,cpu         ] GC(758) User=0.57s Sys=0.03s Real=0.10s
...[3433.718s][info][gc,start       ] GC(759) Pause Young (Allocation Failure)
[3433.820s][info][gc,heap        ] GC(759) PSYoungGen: 2628212K(2630144K)->159444K(2628096K) Eden: 2468352K(2468352K)->0K(2468352K) From: 159860K(161792K)->159444K(159744K)
[3433.820s][info][gc,heap        ] GC(759) ParOldGen: 5476037K(5476352K)->5581389K(5581824K)
[3433.820s][info][gc,metaspace   ] GC(759) Metaspace: 29069K(29376K)->29069K(29376K) NonClass: 25966K(26112K)->25966K(26112K) Class: 3103K(3264K)->3103K(3264K)
[3433.820s][info][gc             ] GC(759) Pause Young (Allocation Failure) 7914M->5606M(8017M) 102.035ms
[3433.820s][info][gc,cpu         ] GC(759) User=0.57s Sys=0.04s Real=0.11s
....[3436.878s][info][gc,start       ] GC(760) Pause Full (Allocation Failure)
[3436.878s][info][gc,phases,start] GC(760) Marking Phase
[3437.183s][info][gc,phases      ] GC(760) Marking Phase 305.148ms
[3437.183s][info][gc,phases,start] GC(760) Summary Phase
[3437.183s][info][gc,phases      ] GC(760) Summary Phase 0.098ms
[3437.183s][info][gc,phases,start] GC(760) Forward
[3437.306s][info][gc,phases      ] GC(760) Forward 122.592ms
[3437.306s][info][gc,phases,start] GC(760) Adjust Pointers
[3437.511s][info][gc,phases      ] GC(760) Adjust Pointers 205.756ms
[3437.511s][info][gc,phases,start] GC(760) Compaction Phase
[3437.657s][info][gc,phases      ] GC(760) Compaction Phase 145.864ms
[3437.659s][info][gc,phases,start] GC(760) Post Compact
[3437.666s][info][gc,phases      ] GC(760) Post Compact 7.063ms
[3437.791s][info][gc,heap        ] GC(760) PSYoungGen: 2627796K(2628096K)->0K(2631168K) Eden: 2468352K(2468352K)->0K(2466304K) From: 159444K(159744K)->0K(164864K)
[3437.791s][info][gc,heap        ] GC(760) ParOldGen: 5581389K(5581824K)->1605973K(1865216K)
[3437.791s][info][gc,metaspace   ] GC(760) Metaspace: 29069K(29376K)->29069K(29376K) NonClass: 25966K(26112K)->25966K(26112K) Class: 3103K(3264K)->3103K(3264K)
[3437.791s][info][gc             ] GC(760) Pause Full (Allocation Failure) 8016M->1568M(4391M) 913.562ms
[3437.791s][info][gc,cpu         ] GC(760) User=4.30s Sys=0.13s Real=0.92s
...[3440.078s][info][gc,start       ] GC(761) Pause Young (Allocation Failure)
[3440.139s][info][gc,heap        ] GC(761) PSYoungGen: 2466304K(2631168K)->149920K(2616320K) Eden: 2466304K(2466304K)->0K(2466304K) From: 0K(164864K)->149920K(150016K)
[3440.139s][info][gc,heap        ] GC(761) ParOldGen: 1605973K(1865216K)->1605973K(1865216K)
[3440.139s][info][gc,metaspace   ] GC(761) Metaspace: 29069K(29376K)->29069K(29376K) NonClass: 25966K(26112K)->25966K(26112K) Class: 3103K(3264K)->3103K(3264K)
[3440.139s][info][gc             ] GC(761) Pause Young (Allocation Failure) 3976M->1714M(4376M) 61.310ms
[3440.139s][info][gc,cpu         ] GC(761) User=0.37s Sys=0.00s Real=0.06s
...[3443.298s][info][gc,start       ] GC(762) Pause Young (Allocation Failure)
[3443.389s][info][gc,heap        ] GC(762) PSYoungGen: 2616224K(2616320K)->152512K(2631168K) Eden: 2466304K(2466304K)->0K(2466816K) From: 149920K(150016K)->152512K(164352K)
[3443.389s][info][gc,heap        ] GC(762) ParOldGen: 1605973K(1865216K)->1711373K(1865216K)
[3443.389s][info][gc,metaspace   ] GC(762) Metaspace: 29069K(29376K)->29069K(29376K) NonClass: 25966K(26112K)->25966K(26112K) Class: 3103K(3264K)->3103K(3264K)
[3443.389s][info][gc             ] GC(762) Pause Young (Allocation Failure) 4123M->1820M(4391M) 91.327ms
[3443.389s][info][gc,cpu         ] GC(762) User=0.54s Sys=0.00s Real=0.09s
...[3446.487s][info][gc,start       ] GC(763) Pause Young (Allocation Failure)
[3446.578s][info][gc,heap        ] GC(763) PSYoungGen: 2619328K(2631168K)->151776K(2630656K) Eden: 2466816K(2466816K)->0K(2466816K) From: 152512K(164352K)->151776K(163840K)
[3446.578s][info][gc,heap        ] GC(763) ParOldGen: 1711373K(1865216K)->1817445K(1865216K)
[3446.578s][info][gc,metaspace   ] GC(763) Metaspace: 29069K(29376K)->29069K(29376K) NonClass: 25966K(26112K)->25966K(26112K) Class: 3103K(3264K)->3103K(3264K)
[3446.578s][info][gc             ] GC(763) Pause Young (Allocation Failure) 4229M->1923M(4390M) 90.993ms
[3446.578s][info][gc,cpu         ] GC(763) User=0.54s Sys=0.00s Real=0.09s
...[3449.622s][info][gc,start       ] GC(764) Pause Young (Allocation Failure)
[3449.719s][info][gc,heap        ] GC(764) PSYoungGen: 2618592K(2630656K)->159808K(2629120K) Eden: 2466816K(2466816K)->0K(2466304K) From: 151776K(163840K)->159808K(162816K)
[3449.719s][info][gc,heap        ] GC(764) ParOldGen: 1817445K(1865216K)->1922357K(1922560K)
[3449.719s][info][gc,metaspace   ] GC(764) Metaspace: 29069K(29376K)->29069K(29376K) NonClass: 25966K(26112K)->25966K(26112K) Class: 3103K(3264K)->3103K(3264K)
[3449.719s][info][gc             ] GC(764) Pause Young (Allocation Failure) 4332M->2033M(4445M) 96.932ms
[3449.719s][info][gc,cpu         ] GC(764) User=0.55s Sys=0.02s Real=0.09s
...[3452.840s][info][gc,start       ] GC(765) Pause Young (Allocation Failure)
[3452.943s][info][gc,heap        ] GC(765) PSYoungGen: 2626112K(2629120K)->161824K(2628608K) Eden: 2466304K(2466304K)->0K(2466304K) From: 159808K(162816K)->161824K(162304K)
[3452.943s][info][gc,heap        ] GC(765) ParOldGen: 1922357K(1922560K)->2026629K(2027008K)
[3452.943s][info][gc,metaspace   ] GC(765) Metaspace: 29069K(29376K)->29069K(29376K) NonClass: 25966K(26112K)->25966K(26112K) Class: 3103K(3264K)->3103K(3264K)
[3452.943s][info][gc             ] GC(765) Pause Young (Allocation Failure) 4441M->2137M(4546M) 102.884ms
[3452.943s][info][gc,cpu         ] GC(765) User=0.57s Sys=0.03s Real=0.10s
....[3456.063s][info][gc,start       ] GC(766) Pause Young (Allocation Failure)
[3456.159s][info][gc,heap        ] GC(766) PSYoungGen: 2628128K(2628608K)->151936K(2630144K) Eden: 2466304K(2466304K)->0K(2463744K) From: 161824K(162304K)->151936K(166400K)
[3456.159s][info][gc,heap        ] GC(766) ParOldGen: 2026629K(2027008K)->2130909K(2130944K)
[3456.159s][info][gc,metaspace   ] GC(766) Metaspace: 29069K(29376K)->29069K(29376K) NonClass: 25966K(26112K)->25966K(26112K) Class: 3103K(3264K)->3103K(3264K)
[3456.159s][info][gc             ] GC(766) Pause Young (Allocation Failure) 4545M->2229M(4649M) 95.600ms
[3456.159s][info][gc,cpu         ] GC(766) User=0.52s Sys=0.04s Real=0.09s
..[3457.985s][info][gc,start       ] GC(767) Pause Full (Diagnostic Command)
[3457.985s][info][gc,phases,start] GC(767) Marking Phase
[3458.291s][info][gc,phases      ] GC(767) Marking Phase 305.628ms
[3458.291s][info][gc,phases,start] GC(767) Summary Phase
[3458.291s][info][gc,phases      ] GC(767) Summary Phase 0.056ms
[3458.291s][info][gc,phases,start] GC(767) Forward
[3458.428s][info][gc,phases      ] GC(767) Forward 136.962ms
[3458.428s][info][gc,phases,start] GC(767) Adjust Pointers
[3458.640s][info][gc,phases      ] GC(767) Adjust Pointers 211.639ms
[3458.640s][info][gc,phases,start] GC(767) Compaction Phase
[3458.810s][info][gc,phases      ] GC(767) Compaction Phase 170.559ms
[3458.812s][info][gc,phases,start] GC(767) Post Compact
[3458.815s][info][gc,phases      ] GC(767) Post Compact 3.178ms
[3458.815s][info][gc,heap        ] GC(767) PSYoungGen: 1662441K(2630144K)->0K(2630144K) Eden: 1510505K(2463744K)->0K(2463744K) From: 151936K(166400K)->0K(166400K)
[3458.815s][info][gc,heap        ] GC(767) ParOldGen: 2130909K(2130944K)->1332151K(2130944K)
[3458.815s][info][gc,metaspace   ] GC(767) Metaspace: 29069K(29376K)->29069K(29376K) NonClass: 25966K(26112K)->25966K(26112K) Class: 3103K(3264K)->3103K(3264K)
[3458.815s][info][gc             ] GC(767) Pause Full (Diagnostic Command) 3704M->1300M(4649M) 829.948ms
[3458.815s][info][gc,cpu         ] GC(767) User=4.62s Sys=0.00s Real=0.83s
...[3461.251s][info][gc,start       ] GC(768) Pause Young (Allocation Failure)
[3461.315s][info][gc,heap        ] GC(768) PSYoungGen: 2463744K(2630144K)->153471K(2617344K) Eden: 2463744K(2463744K)->0K(2463744K) From: 0K(166400K)->153471K(153600K)
[3461.315s][info][gc,heap        ] GC(768) ParOldGen: 1332151K(2130944K)->1332151K(2130944K)
[3461.315s][info][gc,metaspace   ] GC(768) Metaspace: 29069K(29376K)->29069K(29376K) NonClass: 25966K(26112K)->25966K(26112K) Class: 3103K(3264K)->3103K(3264K)
[3461.315s][info][gc             ] GC(768) Pause Young (Allocation Failure) 3706M->1450M(4637M) 63.922ms
[3461.315s][info][gc,cpu         ] GC(768) User=0.37s Sys=0.00s Real=0.06s
...[3464.430s][info][gc,start       ] GC(769) Pause Young (Allocation Failure)
[3464.520s][info][gc,heap        ] GC(769) PSYoungGen: 2617215K(2617344K)->151808K(2629120K) Eden: 2463744K(2463744K)->0K(2464256K) From: 153471K(153600K)->151808K(164864K)
[3464.521s][info][gc,heap        ] GC(769) ParOldGen: 1332151K(2130944K)->1438519K(2130944K)
[3464.521s][info][gc,metaspace   ] GC(769) Metaspace: 29069K(29376K)->29069K(29376K) NonClass: 25966K(26112K)->25966K(26112K) Class: 3103K(3264K)->3103K(3264K)
[3464.521s][info][gc             ] GC(769) Pause Young (Allocation Failure) 3856M->1553M(4648M) 90.137ms
[3464.521s][info][gc,cpu         ] GC(769) User=0.54s Sys=0.00s Real=0.09s
...[3467.543s][info][gc,start       ] GC(770) Pause Young (Allocation Failure)
[3467.638s][info][gc,heap        ] GC(770) PSYoungGen: 2616064K(2629120K)->156388K(2628608K) Eden: 2464256K(2464256K)->0K(2464256K) From: 151808K(164864K)->156388K(164352K)
[3467.638s][info][gc,heap        ] GC(770) ParOldGen: 1438519K(2130944K)->1544575K(2130944K)
[3467.638s][info][gc,metaspace   ] GC(770) Metaspace: 29069K(29376K)->29069K(29376K) NonClass: 25966K(26112K)->25966K(26112K) Class: 3103K(3264K)->3103K(3264K)
[3467.638s][info][gc             ] GC(770) Pause Young (Allocation Failure) 3959M->1661M(4648M) 94.825ms
[3467.638s][info][gc,cpu         ] GC(770) User=0.57s Sys=0.00s Real=0.09s
...[3470.739s][info][gc,start       ] GC(771) Pause Young (Allocation Failure)
[3470.831s][info][gc,heap        ] GC(771) PSYoungGen: 2620644K(2628608K)->154100K(2631168K) Eden: 2464256K(2464256K)->0K(2467328K) From: 156388K(164352K)->154100K(163840K)
[3470.831s][info][gc,heap        ] GC(771) ParOldGen: 1544575K(2130944K)->1647847K(2130944K)
[3470.831s][info][gc,metaspace   ] GC(771) Metaspace: 29069K(29376K)->29069K(29376K) NonClass: 25966K(26112K)->25966K(26112K) Class: 3103K(3264K)->3103K(3264K)
[3470.831s][info][gc             ] GC(771) Pause Young (Allocation Failure) 4067M->1759M(4650M) 92.160ms
[3470.831s][info][gc,cpu         ] GC(771) User=0.55s Sys=0.00s Real=0.10s
...[3473.919s][info][gc,start       ] GC(772) Pause Young (Allocation Failure)
[3474.008s][info][gc,heap        ] GC(772) PSYoungGen: 2621428K(2631168K)->147232K(2630656K) Eden: 2467328K(2467328K)->0K(2467328K) From: 154100K(163840K)->147232K(163328K)
[3474.008s][info][gc,heap        ] GC(772) ParOldGen: 1647847K(2130944K)->1751287K(2130944K)
[3474.008s][info][gc,metaspace   ] GC(772) Metaspace: 29069K(29376K)->29069K(29376K) NonClass: 25966K(26112K)->25966K(26112K) Class: 3103K(3264K)->3103K(3264K)
[3474.008s][info][gc             ] GC(772) Pause Young (Allocation Failure) 4169M->1854M(4650M) 89.022ms
[3474.008s][info][gc,cpu         ] GC(772) User=0.53s Sys=0.00s Real=0.09s
....[3477.109s][info][gc,start       ] GC(773) Pause Young (Allocation Failure)
[3477.202s][info][gc,heap        ] GC(773) PSYoungGen: 2614560K(2630656K)->158052K(2630656K) Eden: 2467328K(2467328K)->0K(2467328K) From: 147232K(163328K)->158052K(163328K)
[3477.202s][info][gc,heap        ] GC(773) ParOldGen: 1751287K(2130944K)->1854935K(2130944K)
[3477.202s][info][gc,metaspace   ] GC(773) Metaspace: 29069K(29376K)->29069K(29376K) NonClass: 25966K(26112K)->25966K(26112K) Class: 3103K(3264K)->3103K(3264K)
[3477.202s][info][gc             ] GC(773) Pause Young (Allocation Failure) 4263M->1965M(4650M) 93.378ms
[3477.202s][info][gc,cpu         ] GC(773) User=0.55s Sys=0.00s Real=0.10s
...[3480.345s][info][gc,start       ] GC(774) Pause Young (Allocation Failure)
[3480.436s][info][gc,heap        ] GC(774) PSYoungGen: 2625380K(2630656K)->152256K(2631680K) Eden: 2467328K(2467328K)->0K(2467328K) From: 158052K(163328K)->152256K(164352K)
[3480.436s][info][gc,heap        ] GC(774) ParOldGen: 1854935K(2130944K)->1958319K(2130944K)
[3480.436s][info][gc,metaspace   ] GC(774) Metaspace: 29069K(29376K)->29069K(29376K) NonClass: 25966K(26112K)->25966K(26112K) Class: 3103K(3264K)->3103K(3264K)
[3480.436s][info][gc             ] GC(774) Pause Young (Allocation Failure) 4375M->2061M(4651M) 91.007ms
[3480.436s][info][gc,cpu         ] GC(774) User=0.55s Sys=0.00s Real=0.09s
...[3483.537s][info][gc,start       ] GC(775) Pause Young (Allocation Failure)
[3483.631s][info][gc,heap        ] GC(775) PSYoungGen: 2619584K(2631680K)->155552K(2631680K) Eden: 2467328K(2467328K)->0K(2468352K) From: 152256K(164352K)->155552K(163328K)
[3483.631s][info][gc,heap        ] GC(775) ParOldGen: 1958319K(2130944K)->2065239K(2130944K)
[3483.631s][info][gc,metaspace   ] GC(775) Metaspace: 29069K(29376K)->29069K(29376K) NonClass: 25966K(26112K)->25966K(26112K) Class: 3103K(3264K)->3103K(3264K)
[3483.631s][info][gc             ] GC(775) Pause Young (Allocation Failure) 4470M->2168M(4651M) 93.910ms
[3483.631s][info][gc,cpu         ] GC(775) User=0.56s Sys=0.00s Real=0.10s
. (rIR:aIR:PR = 5396:5393:5393) (tPR = 80316) [OK] 
  3483s: Performance info:
         Transaction,    Success,    Partial,     Failed,   Receipts, AvgBarcode, 
             Overall,     324885,          0,          0,     308637,      59.47, 
         Response times:
             Request,    Success,    Partial,     Failed,   SkipFail,     Probes,    Samples,      min,      p50,      p90,      p95,      p99,      max, 
       TotalPurchase,     308637,          0,          0,          0,     294753,     334779,      300,     4100,     8000,    22000,    90000,  1100000,
     InStorePurchase,     162444,          0,          0,          0,     154819,     175699,      300,     4100,     8000,    21000,   107000,  1100000,
      OnlinePurchase,     113732,          0,          0,          0,     109000,     123608,      300,     4200,     7900,    23000,    89000,  1100000,
        InstPurchase,      32461,          0,          0,          0,      30934,      35472,      400,     4000,     8100,    23000,    88000,  1000000,
          AssocOfCat,        327,          0,          0,          0,        255,        361,    19700,    31000,    46000,    70900,   136520,   151000,
      AssocOfProduct,       3249,          0,          0,          0,       2961,       3605,     1500,     4500,     8200,    25000,   135000,   920000,
      BusinessReport,        809,          0,          0,          0,        652,        831,    27000,    37000,    54800,    73000,   157000,   890000,
          CustBuyBeh,       3258,          0,          0,          0,       2955,       3461,      100,     1200,     6000,    10200,    79000,   170000,
       ProductReturn,       8605,          0,          0,          0,       8012,       9254,      300,     4700,     8500,    29000,   140950,   920000,

  3483s: (40%)   IR =   5535 ..[3486.650s][info][gc,start       ] GC(776) Pause Young (Allocation Failure)
[3486.746s][info][gc,heap        ] GC(776) PSYoungGen: 2623904K(2631680K)->161172K(2629632K) Eden: 2468352K(2468352K)->0K(2468352K) From: 155552K(163328K)->161172K(161280K)
[3486.746s][info][gc,heap        ] GC(776) ParOldGen: 2065239K(2130944K)->2169231K(2169344K)
[3486.746s][info][gc,metaspace   ] GC(776) Metaspace: 29069K(29376K)->29069K(29376K) NonClass: 25966K(26112K)->25966K(26112K) Class: 3103K(3264K)->3103K(3264K)
[3486.746s][info][gc             ] GC(776) Pause Young (Allocation Failure) 4579M->2275M(4686M) 96.222ms
[3486.746s][info][gc,cpu         ] GC(776) User=0.56s Sys=0.01s Real=0.09s
...[3489.862s][info][gc,start       ] GC(777) Pause Young (Allocation Failure)
[3489.959s][info][gc,heap        ] GC(777) PSYoungGen: 2629524K(2629632K)->155584K(2631680K) Eden: 2468352K(2468352K)->0K(2466816K) From: 161172K(161280K)->155584K(164864K)
[3489.959s][info][gc,heap        ] GC(777) ParOldGen: 2169231K(2169344K)->2272783K(2273280K)
[3489.959s][info][gc,metaspace   ] GC(777) Metaspace: 29069K(29376K)->29069K(29376K) NonClass: 25966K(26112K)->25966K(26112K) Class: 3103K(3264K)->3103K(3264K)
[3489.959s][info][gc             ] GC(777) Pause Young (Allocation Failure) 4686M->2371M(4790M) 96.853ms
[3489.959s][info][gc,cpu         ] GC(777) User=0.53s Sys=0.04s Real=0.09s
..|.[3492.934s][info][gc,start       ] GC(778) Pause Young (Allocation Failure)
[3493.028s][info][gc,heap        ] GC(778) PSYoungGen: 2622400K(2631680K)->146944K(2631168K) Eden: 2466816K(2466816K)->0K(2466816K) From: 155584K(164864K)->146944K(164352K)
[3493.028s][info][gc,heap        ] GC(778) ParOldGen: 2272783K(2273280K)->2379015K(2379264K)
[3493.028s][info][gc,metaspace   ] GC(778) Metaspace: 29069K(29376K)->29069K(29376K) NonClass: 25966K(26112K)->25966K(26112K) Class: 3103K(3264K)->3103K(3264K)
[3493.028s][info][gc             ] GC(778) Pause Young (Allocation Failure) 4780M->2466M(4893M) 93.892ms
[3493.028s][info][gc,cpu         ] GC(778) User=0.53s Sys=0.03s Real=0.09s
...[3496.066s][info][gc,start       ] GC(779) Pause Young (Allocation Failure)
[3496.163s][info][gc,heap        ] GC(779) PSYoungGen: 2613760K(2631168K)->153760K(2630144K) Eden: 2466816K(2466816K)->0K(2466816K) From: 146944K(164352K)->153760K(163328K)
[3496.163s][info][gc,heap        ] GC(779) ParOldGen: 2379015K(2379264K)->2482927K(2483200K)
[3496.163s][info][gc,metaspace   ] GC(779) Metaspace: 29069K(29376K)->29069K(29376K) NonClass: 25966K(26112K)->25966K(26112K) Class: 3103K(3264K)->3103K(3264K)
[3496.163s][info][gc             ] GC(779) Pause Young (Allocation Failure) 4875M->2574M(4993M) 96.945ms
[3496.163s][info][gc,cpu         ] GC(779) User=0.55s Sys=0.03s Real=0.10s
....[3499.222s][info][gc,start       ] GC(780) Pause Young (Allocation Failure)
[3499.317s][info][gc,heap        ] GC(780) PSYoungGen: 2620576K(2630144K)->151776K(2630656K) Eden: 2466816K(2466816K)->0K(2466816K) From: 153760K(163328K)->151776K(163840K)
[3499.317s][info][gc,heap        ] GC(780) ParOldGen: 2482927K(2483200K)->2587519K(2587648K)
[3499.317s][info][gc,metaspace   ] GC(780) Metaspace: 29069K(29376K)->29069K(29376K) NonClass: 25966K(26112K)->25966K(26112K) Class: 3103K(3264K)->3103K(3264K)
[3499.317s][info][gc             ] GC(780) Pause Young (Allocation Failure) 4983M->2675M(5096M) 94.634ms
[3499.317s][info][gc,cpu         ] GC(780) User=0.52s Sys=0.04s Real=0.09s
...[3502.316s][info][gc,start       ] GC(781) Pause Young (Allocation Failure)
[3502.411s][info][gc,heap        ] GC(781) PSYoungGen: 2618592K(2630656K)->150912K(2631168K) Eden: 2466816K(2466816K)->0K(2468864K) From: 151776K(163840K)->150912K(162304K)
[3502.412s][info][gc,heap        ] GC(781) ParOldGen: 2587519K(2587648K)->2694143K(2694144K)
[3502.412s][info][gc,metaspace   ] GC(781) Metaspace: 29069K(29376K)->29069K(29376K) NonClass: 25966K(26112K)->25966K(26112K) Class: 3103K(3264K)->3103K(3264K)
[3502.412s][info][gc             ] GC(781) Pause Young (Allocation Failure) 5084M->2778M(5200M) 95.317ms
[3502.412s][info][gc,cpu         ] GC(781) User=0.53s Sys=0.04s Real=0.10s
...[3505.390s][info][gc,start       ] GC(782) Pause Young (Allocation Failure)
[3505.488s][info][gc,heap        ] GC(782) PSYoungGen: 2619776K(2631168K)->156772K(2631680K) Eden: 2468864K(2468864K)->0K(2468864K) From: 150912K(162304K)->156772K(162816K)
[3505.488s][info][gc,heap        ] GC(782) ParOldGen: 2694143K(2694144K)->2798935K(2799104K)
[3505.488s][info][gc,metaspace   ] GC(782) Metaspace: 29069K(29376K)->29069K(29376K) NonClass: 25966K(26112K)->25966K(26112K) Class: 3103K(3264K)->3103K(3264K)
[3505.488s][info][gc             ] GC(782) Pause Young (Allocation Failure) 5189M->2886M(5303M) 97.920ms
[3505.488s][info][gc,cpu         ] GC(782) User=0.55s Sys=0.03s Real=0.09s
...[3508.527s][info][gc,start       ] GC(783) Pause Young (Allocation Failure)
[3508.621s][info][gc,heap        ] GC(783) PSYoungGen: 2625636K(2631680K)->153536K(2632192K) Eden: 2468864K(2468864K)->0K(2470400K) From: 156772K(162816K)->153536K(161792K)
[3508.621s][info][gc,heap        ] GC(783) ParOldGen: 2798935K(2799104K)->2902183K(2902528K)
[3508.621s][info][gc,metaspace   ] GC(783) Metaspace: 29071K(29376K)->29071K(29376K) NonClass: 25968K(26112K)->25968K(26112K) Class: 3103K(3264K)->3103K(3264K)
[3508.621s][info][gc             ] GC(783) Pause Young (Allocation Failure) 5297M->2984M(5405M) 94.642ms
[3508.621s][info][gc,cpu         ] GC(783) User=0.53s Sys=0.04s Real=0.10s
...[3511.622s][info][gc,start       ] GC(784) Pause Young (Allocation Failure)
[3511.722s][info][gc,heap        ] GC(784) PSYoungGen: 2623936K(2632192K)->160692K(2631168K) Eden: 2470400K(2470400K)->0K(2470400K) From: 153536K(161792K)->160692K(160768K)
[3511.722s][info][gc,heap        ] GC(784) ParOldGen: 2902183K(2902528K)->3007951K(3008000K)
[3511.722s][info][gc,metaspace   ] GC(784) Metaspace: 29071K(29376K)->29071K(29376K) NonClass: 25968K(26112K)->25968K(26112K) Class: 3103K(3264K)->3103K(3264K)
[3511.722s][info][gc             ] GC(784) Pause Young (Allocation Failure) 5396M->3094M(5507M) 99.488ms
[3511.722s][info][gc,cpu         ] GC(784) User=0.56s Sys=0.03s Real=0.10s
...[3514.756s][info][gc,start       ] GC(785) Pause Young (Allocation Failure)
[3514.856s][info][gc,heap        ] GC(785) PSYoungGen: 2631092K(2631168K)->160784K(2629120K) Eden: 2470400K(2470400K)->0K(2465280K) From: 160692K(160768K)->160784K(163840K)
[3514.856s][info][gc,heap        ] GC(785) ParOldGen: 3007951K(3008000K)->3112143K(3112448K)
[3514.856s][info][gc,metaspace   ] GC(785) Metaspace: 29071K(29376K)->29071K(29376K) NonClass: 25968K(26112K)->25968K(26112K) Class: 3103K(3264K)->3103K(3264K)
[3514.856s][info][gc             ] GC(785) Pause Young (Allocation Failure) 5506M->3196M(5607M) 99.123ms
[3514.856s][info][gc,cpu         ] GC(785) User=0.56s Sys=0.03s Real=0.10s
...[3517.901s][info][gc,start       ] GC(786) Pause Young (Allocation Failure)
[3517.998s][info][gc,heap        ] GC(786) PSYoungGen: 2626064K(2629120K)->154736K(2630656K) Eden: 2465280K(2465280K)->0K(2465280K) From: 160784K(163840K)->154736K(165376K)
[3517.998s][info][gc,heap        ] GC(786) ParOldGen: 3112143K(3112448K)->3217103K(3217408K)
[3517.998s][info][gc,metaspace   ] GC(786) Metaspace: 29071K(29376K)->29071K(29376K) NonClass: 25968K(26112K)->25968K(26112K) Class: 3103K(3264K)->3103K(3264K)
[3517.998s][info][gc             ] GC(786) Pause Young (Allocation Failure) 5603M->3292M(5711M) 96.953ms
[3517.998s][info][gc,cpu         ] GC(786) User=0.54s Sys=0.03s Real=0.09s
...[3520.982s][info][gc,start       ] GC(787) Pause Young (Allocation Failure)
[3521.080s][info][gc,heap        ] GC(787) PSYoungGen: 2620016K(2630656K)->152880K(2629120K) Eden: 2465280K(2465280K)->0K(2466304K) From: 154736K(165376K)->152880K(162816K)
[3521.080s][info][gc,heap        ] GC(787) ParOldGen: 3217103K(3217408K)->3323391K(3323392K)
[3521.080s][info][gc,metaspace   ] GC(787) Metaspace: 29071K(29376K)->29071K(29376K) NonClass: 25968K(26112K)->25968K(26112K) Class: 3103K(3264K)->3103K(3264K)
[3521.080s][info][gc             ] GC(787) Pause Young (Allocation Failure) 5700M->3394M(5813M) 97.652ms
[3521.080s][info][gc,cpu         ] GC(787) User=0.55s Sys=0.03s Real=0.09s
...[3524.115s][info][gc,start       ] GC(788) Pause Young (Allocation Failure)
[3524.210s][info][gc,heap        ] GC(788) PSYoungGen: 2619184K(2629120K)->148960K(2630144K) Eden: 2466304K(2466304K)->0K(2466304K) From: 152880K(162816K)->148960K(163840K)
[3524.210s][info][gc,heap        ] GC(788) ParOldGen: 3323391K(3323392K)->3428007K(3428352K)
[3524.210s][info][gc,metaspace   ] GC(788) Metaspace: 29071K(29376K)->29071K(29376K) NonClass: 25968K(26112K)->25968K(26112K) Class: 3103K(3264K)->3103K(3264K)
[3524.210s][info][gc             ] GC(788) Pause Young (Allocation Failure) 5803M->3493M(5916M) 95.494ms
[3524.210s][info][gc,cpu         ] GC(788) User=0.53s Sys=0.04s Real=0.10s
...[3527.147s][info][gc,start       ] GC(789) Pause Young (Allocation Failure)
[3527.242s][info][gc,heap        ] GC(789) PSYoungGen: 2615264K(2630144K)->145632K(2631168K) Eden: 2466304K(2466304K)->0K(2467328K) From: 148960K(163840K)->145632K(163840K)
[3527.242s][info][gc,heap        ] GC(789) ParOldGen: 3428007K(3428352K)->3533607K(3533824K)
[3527.242s][info][gc,metaspace   ] GC(789) Metaspace: 29071K(29376K)->29071K(29376K) NonClass: 25968K(26112K)->25968K(26112K) Class: 3103K(3264K)->3103K(3264K)
[3527.242s][info][gc             ] GC(789) Pause Young (Allocation Failure) 5901M->3593M(6020M) 95.166ms
[3527.242s][info][gc,cpu         ] GC(789) User=0.53s Sys=0.03s Real=0.10s
....[3530.322s][info][gc,start       ] GC(790) Pause Young (Allocation Failure)
[3530.416s][info][gc,heap        ] GC(790) PSYoungGen: 2612960K(2631168K)->155424K(2631680K) Eden: 2467328K(2467328K)->0K(2467328K) From: 145632K(163840K)->155424K(164352K)
[3530.416s][info][gc,heap        ] GC(790) ParOldGen: 3533607K(3533824K)->3634343K(3634688K)
[3530.416s][info][gc,metaspace   ] GC(790) Metaspace: 29071K(29376K)->29071K(29376K) NonClass: 25968K(26112K)->25968K(26112K) Class: 3103K(3264K)->3103K(3264K)
[3530.416s][info][gc             ] GC(790) Pause Young (Allocation Failure) 6002M->3700M(6119M) 94.976ms
[3530.417s][info][gc,cpu         ] GC(790) User=0.53s Sys=0.03s Real=0.09s
...[3533.371s][info][gc,start       ] GC(791) Pause Young (Allocation Failure)
[3533.467s][info][gc,heap        ] GC(791) PSYoungGen: 2622752K(2631680K)->148960K(2630656K) Eden: 2467328K(2467328K)->0K(2467328K) From: 155424K(164352K)->148960K(163328K)
[3533.467s][info][gc,heap        ] GC(791) ParOldGen: 3634343K(3634688K)->3741159K(3741184K)
[3533.467s][info][gc,metaspace   ] GC(791) Metaspace: 29071K(29376K)->29071K(29376K) NonClass: 25968K(26112K)->25968K(26112K) Class: 3103K(3264K)->3103K(3264K)
[3533.467s][info][gc             ] GC(791) Pause Young (Allocation Failure) 6110M->3798M(6222M) 95.781ms
[3533.467s][info][gc,cpu         ] GC(791) User=0.53s Sys=0.04s Real=0.09s
...[3536.546s][info][gc,start       ] GC(792) Pause Young (Allocation Failure)
[3536.642s][info][gc,heap        ] GC(792) PSYoungGen: 2616288K(2630656K)->155712K(2631168K) Eden: 2467328K(2467328K)->0K(2467328K) From: 148960K(163328K)->155712K(163840K)
[3536.642s][info][gc,heap        ] GC(792) ParOldGen: 3741159K(3741184K)->3843271K(3843584K)
[3536.642s][info][gc,metaspace   ] GC(792) Metaspace: 29071K(29376K)->29071K(29376K) NonClass: 25968K(26112K)->25968K(26112K) Class: 3103K(3264K)->3103K(3264K)
[3536.642s][info][gc             ] GC(792) Pause Young (Allocation Failure) 6208M->3905M(6323M) 95.841ms
[3536.642s][info][gc,cpu         ] GC(792) User=0.53s Sys=0.03s Real=0.10s
...[3539.718s][info][gc,start       ] GC(793) Pause Young (Allocation Failure)
[3539.820s][info][gc,heap        ] GC(793) PSYoungGen: 2623040K(2631168K)->162640K(2627072K) Eden: 2467328K(2467328K)->0K(2463232K) From: 155712K(163840K)->162640K(163840K)
[3539.820s][info][gc,heap        ] GC(793) ParOldGen: 3843271K(3843584K)->3950575K(3950592K)
[3539.820s][info][gc,metaspace   ] GC(793) Metaspace: 29071K(29376K)->29071K(29376K) NonClass: 25968K(26112K)->25968K(26112K) Class: 3103K(3264K)->3103K(3264K)
[3539.820s][info][gc             ] GC(793) Pause Young (Allocation Failure) 6314M->4016M(6423M) 102.562ms
[3539.820s][info][gc,cpu         ] GC(793) User=0.57s Sys=0.04s Real=0.11s
...[3542.783s][info][gc,start       ] GC(794) Pause Young (Allocation Failure)
[3542.880s][info][gc,heap        ] GC(794) PSYoungGen: 2625872K(2627072K)->153408K(2629632K) Eden: 2463232K(2463232K)->0K(2463232K) From: 162640K(163840K)->153408K(166400K)
[3542.880s][info][gc,heap        ] GC(794) ParOldGen: 3950575K(3950592K)->4056727K(4057088K)
[3542.880s][info][gc,metaspace   ] GC(794) Metaspace: 29071K(29376K)->29071K(29376K) NonClass: 25968K(26112K)->25968K(26112K) Class: 3103K(3264K)->3103K(3264K)
[3542.880s][info][gc             ] GC(794) Pause Young (Allocation Failure) 6422M->4111M(6530M) 96.560ms
[3542.880s][info][gc,cpu         ] GC(794) User=0.54s Sys=0.04s Real=0.10s
...[3545.846s][info][gc,start       ] GC(795) Pause Young (Allocation Failure)
[3545.944s][info][gc,heap        ] GC(795) PSYoungGen: 2616640K(2629632K)->152484K(2626560K) Eden: 2463232K(2463232K)->0K(2464256K) From: 153408K(166400K)->152484K(162304K)
[3545.944s][info][gc,heap        ] GC(795) ParOldGen: 4056727K(4057088K)->4160583K(4161024K)
[3545.944s][info][gc,metaspace   ] GC(795) Metaspace: 29071K(29376K)->29071K(29376K) NonClass: 25968K(26112K)->25968K(26112K) Class: 3103K(3264K)->3103K(3264K)
[3545.944s][info][gc             ] GC(795) Pause Young (Allocation Failure) 6516M->4211M(6628M) 98.013ms
[3545.944s][info][gc,cpu         ] GC(795) User=0.55s Sys=0.03s Real=0.10s
...[3549.015s][info][gc,start       ] GC(796) Pause Young (Allocation Failure)
[3549.113s][info][gc,heap        ] GC(796) PSYoungGen: 2616740K(2626560K)->153457K(2628608K) Eden: 2464256K(2464256K)->0K(2464256K) From: 152484K(162304K)->153457K(164352K)
[3549.113s][info][gc,heap        ] GC(796) ParOldGen: 4160583K(4161024K)->4264183K(4264448K)
[3549.113s][info][gc,metaspace   ] GC(796) Metaspace: 29071K(29376K)->29071K(29376K) NonClass: 25968K(26112K)->25968K(26112K) Class: 3103K(3264K)->3103K(3264K)
[3549.113s][info][gc             ] GC(796) Pause Young (Allocation Failure) 6618M->4314M(6731M) 98.080ms
[3549.113s][info][gc,cpu         ] GC(796) User=0.54s Sys=0.03s Real=0.10s
... (rIR:aIR:PR = 5535:5536:5536) (tPR = 81625) [OK] 
  3551s: Performance info:
         Transaction,    Success,    Partial,     Failed,   Receipts, AvgBarcode, 
             Overall,     333063,          0,          0,     316420,      59.47, 
         Response times:
             Request,    Success,    Partial,     Failed,   SkipFail,     Probes,    Samples,      min,      p50,      p90,      p95,      p99,      max, 
       TotalPurchase,     316420,          0,          0,          0,     311336,     347151,      300,     4100,     7400,    10100,    36000,   153000,
     InStorePurchase,     166564,          0,          0,          0,     163971,     182650,      300,     4300,     7400,    10400,    36000,   146000,
      OnlinePurchase,     116563,          0,          0,          0,     114989,     128232,      300,     3900,     7300,     9800,    35000,   153000,
        InstPurchase,      33293,          0,          0,          0,      32376,      36269,      400,     3800,     7200,     9900,    34000,   117000,
          AssocOfCat,        331,          0,          0,          0,        248,        337,    18900,    31000,    40000,    48100,    64000,   143000,
      AssocOfProduct,       3330,          0,          0,          0,       3127,       3705,      800,     4900,     7800,    12670,    37940,   120000,
      BusinessReport,        837,          0,          0,          0,        698,        862,    27000,    38000,    57000,    67850,   143740,   178000,
          CustBuyBeh,       3323,          0,          0,          0,       3019,       3622,      300,     3500,     7300,    10070,    36000,   109000,
       ProductReturn,       8822,          0,          0,          0,       8410,       9602,      200,     4200,     7000,     9500,    34000,   124000,

  3551s: (41%)   IR =   5673 [3552.052s][info][gc,start       ] GC(797) Pause Young (Allocation Failure)
[3552.151s][info][gc,heap        ] GC(797) PSYoungGen: 2617713K(2628608K)->154932K(2629632K) Eden: 2464256K(2464256K)->0K(2468352K) From: 153457K(164352K)->154932K(161280K)
[3552.151s][info][gc,heap        ] GC(797) ParOldGen: 4264183K(4264448K)->4370599K(4370944K)
[3552.151s][info][gc,metaspace   ] GC(797) Metaspace: 29071K(29376K)->29071K(29376K) NonClass: 25968K(26112K)->25968K(26112K) Class: 3103K(3264K)->3103K(3264K)
[3552.151s][info][gc             ] GC(797) Pause Young (Allocation Failure) 6720M->4419M(6836M) 99.078ms
[3552.151s][info][gc,cpu         ] GC(797) User=0.56s Sys=0.03s Real=0.10s
...[3555.110s][info][gc,start       ] GC(798) Pause Young (Allocation Failure)
[3555.207s][info][gc,heap        ] GC(798) PSYoungGen: 2623284K(2629632K)->149504K(2631168K) Eden: 2468352K(2468352K)->0K(2468352K) From: 154932K(161280K)->149504K(162816K)
[3555.207s][info][gc,heap        ] GC(798) ParOldGen: 4370599K(4370944K)->4472935K(4473344K)
[3555.207s][info][gc,metaspace   ] GC(798) Metaspace: 29071K(29376K)->29071K(29376K) NonClass: 25968K(26112K)->25968K(26112K) Class: 3103K(3264K)->3103K(3264K)
[3555.207s][info][gc             ] GC(798) Pause Young (Allocation Failure) 6829M->4514M(6938M) 96.398ms
[3555.207s][info][gc,cpu         ] GC(798) User=0.53s Sys=0.03s Real=0.09s
.|..[3558.185s][info][gc,start       ] GC(799) Pause Young (Allocation Failure)
[3558.283s][info][gc,heap        ] GC(799) PSYoungGen: 2617856K(2631168K)->154705K(2632192K) Eden: 2468352K(2468352K)->0K(2470400K) From: 149504K(162816K)->154705K(161792K)
[3558.283s][info][gc,heap        ] GC(799) ParOldGen: 4472935K(4473344K)->4576335K(4576768K)
[3558.283s][info][gc,metaspace   ] GC(799) Metaspace: 29071K(29376K)->29071K(29376K) NonClass: 25968K(26112K)->25968K(26112K) Class: 3103K(3264K)->3103K(3264K)
[3558.283s][info][gc             ] GC(799) Pause Young (Allocation Failure) 6924M->4620M(7040M) 98.273ms
[3558.283s][info][gc,cpu         ] GC(799) User=0.56s Sys=0.02s Real=0.10s
...[3561.134s][info][gc,start       ] GC(800) Pause Young (Allocation Failure)
[3561.230s][info][gc,heap        ] GC(800) PSYoungGen: 2625105K(2632192K)->145440K(2632704K) Eden: 2470400K(2470400K)->0K(2470400K) From: 154705K(161792K)->145440K(162304K)
[3561.230s][info][gc,heap        ] GC(800) ParOldGen: 4576335K(4576768K)->4684271K(4684288K)
[3561.230s][info][gc,metaspace   ] GC(800) Metaspace: 29071K(29376K)->29071K(29376K) NonClass: 25968K(26112K)->25968K(26112K) Class: 3103K(3264K)->3103K(3264K)
[3561.230s][info][gc             ] GC(800) Pause Young (Allocation Failure) 7032M->4716M(7145M) 96.204ms
[3561.230s][info][gc,cpu         ] GC(800) User=0.53s Sys=0.03s Real=0.10s
...[3564.244s][info][gc,start       ] GC(801) Pause Young (Allocation Failure)
[3564.349s][info][gc,heap        ] GC(801) PSYoungGen: 2615840K(2632704K)->162805K(2547200K) Eden: 2470400K(2470400K)->0K(2384384K) From: 145440K(162304K)->162805K(162816K)
[3564.349s][info][gc,heap        ] GC(801) ParOldGen: 4684271K(4684288K)->4792807K(4792832K)
[3564.349s][info][gc,metaspace   ] GC(801) Metaspace: 29071K(29376K)->29071K(29376K) NonClass: 25968K(26112K)->25968K(26112K) Class: 3103K(3264K)->3103K(3264K)
[3564.349s][info][gc             ] GC(801) Pause Young (Allocation Failure) 7129M->4839M(7168M) 105.075ms
[3564.349s][info][gc,cpu         ] GC(801) User=0.58s Sys=0.04s Real=0.10s
...[3567.187s][info][gc,start       ] GC(802) Pause Young (Allocation Failure)
[3567.282s][info][gc,heap        ] GC(802) PSYoungGen: 2547189K(2547200K)->145024K(2590208K) Eden: 2384384K(2384384K)->0K(2384384K) From: 162805K(162816K)->145024K(205824K)
[3567.282s][info][gc,heap        ] GC(802) ParOldGen: 4792807K(4792832K)->4898255K(4898304K)
[3567.282s][info][gc,metaspace   ] GC(802) Metaspace: 29071K(29376K)->29071K(29376K) NonClass: 25968K(26112K)->25968K(26112K) Class: 3103K(3264K)->3103K(3264K)
[3567.282s][info][gc             ] GC(802) Pause Young (Allocation Failure) 7167M->4925M(7313M) 94.715ms
[3567.282s][info][gc,cpu         ] GC(802) User=0.53s Sys=0.03s Real=0.10s
...[3570.029s][info][gc,start       ] GC(803) Pause Young (Allocation Failure)
[3570.128s][info][gc,heap        ] GC(803) PSYoungGen: 2529408K(2590208K)->151333K(2584576K) Eden: 2384384K(2384384K)->0K(2384896K) From: 145024K(205824K)->151333K(199680K)
[3570.128s][info][gc,heap        ] GC(803) ParOldGen: 4898255K(4898304K)->5000639K(5000704K)
[3570.128s][info][gc,metaspace   ] GC(803) Metaspace: 29071K(29376K)->29071K(29376K) NonClass: 25968K(26112K)->25968K(26112K) Class: 3103K(3264K)->3103K(3264K)
[3570.128s][info][gc             ] GC(803) Pause Young (Allocation Failure) 7253M->5031M(7407M) 98.557ms
[3570.128s][info][gc,cpu         ] GC(803) User=0.56s Sys=0.03s Real=0.10s
...[3573.006s][info][gc,start       ] GC(804) Pause Young (Allocation Failure)
[3573.102s][info][gc,heap        ] GC(804) PSYoungGen: 2536229K(2584576K)->145760K(2587648K) Eden: 2384896K(2384896K)->0K(2384896K) From: 151333K(199680K)->145760K(202752K)
[3573.102s][info][gc,heap        ] GC(804) ParOldGen: 5000639K(5000704K)->5100471K(5100544K)
[3573.102s][info][gc,metaspace   ] GC(804) Metaspace: 29071K(29376K)->29071K(29376K) NonClass: 25968K(26112K)->25968K(26112K) Class: 3103K(3264K)->3103K(3264K)
[3573.103s][info][gc             ] GC(804) Pause Young (Allocation Failure) 7360M->5123M(7508M) 96.061ms
[3573.103s][info][gc,cpu         ] GC(804) User=0.53s Sys=0.04s Real=0.10s
...[3575.939s][info][gc,start       ] GC(805) Pause Young (Allocation Failure)
[3576.034s][info][gc,heap        ] GC(805) PSYoungGen: 2530656K(2587648K)->144608K(2588672K) Eden: 2384896K(2384896K)->0K(2392064K) From: 145760K(202752K)->144608K(196608K)
[3576.034s][info][gc,heap        ] GC(805) ParOldGen: 5100471K(5100544K)->5204207K(5204480K)
[3576.034s][info][gc,metaspace   ] GC(805) Metaspace: 29071K(29376K)->29071K(29376K) NonClass: 25968K(26112K)->25968K(26112K) Class: 3103K(3264K)->3103K(3264K)
[3576.034s][info][gc             ] GC(805) Pause Young (Allocation Failure) 7452M->5223M(7610M) 95.120ms
[3576.034s][info][gc,cpu         ] GC(805) User=0.53s Sys=0.03s Real=0.10s
...[3578.911s][info][gc,start       ] GC(806) Pause Young (Allocation Failure)
[3579.006s][info][gc,heap        ] GC(806) PSYoungGen: 2536672K(2588672K)->143136K(2591744K) Eden: 2392064K(2392064K)->0K(2392064K) From: 144608K(196608K)->143136K(199680K)
[3579.006s][info][gc,heap        ] GC(806) ParOldGen: 5204207K(5204480K)->5306903K(5307392K)
[3579.006s][info][gc,metaspace   ] GC(806) Metaspace: 29071K(29376K)->29071K(29376K) NonClass: 25968K(26112K)->25968K(26112K) Class: 3103K(3264K)->3103K(3264K)
[3579.006s][info][gc             ] GC(806) Pause Young (Allocation Failure) 7559M->5322M(7714M) 95.048ms
[3579.006s][info][gc,cpu         ] GC(806) User=0.53s Sys=0.04s Real=0.09s
...[3581.837s][info][gc,start       ] GC(807) Pause Young (Allocation Failure)
[3581.932s][info][gc,heap        ] GC(807) PSYoungGen: 2535200K(2591744K)->146144K(2590208K) Eden: 2392064K(2392064K)->0K(2397696K) From: 143136K(199680K)->146144K(192512K)
[3581.932s][info][gc,heap        ] GC(807) ParOldGen: 5306903K(5307392K)->5408487K(5408768K)
[3581.932s][info][gc,metaspace   ] GC(807) Metaspace: 29071K(29376K)->29071K(29376K) NonClass: 25968K(26112K)->25968K(26112K) Class: 3103K(3264K)->3103K(3264K)
[3581.932s][info][gc             ] GC(807) Pause Young (Allocation Failure) 7658M->5424M(7811M) 95.561ms
[3581.932s][info][gc,cpu         ] GC(807) User=0.53s Sys=0.03s Real=0.10s
...[3584.741s][info][gc,start       ] GC(808) Pause Young (Allocation Failure)
[3584.845s][info][gc,heap        ] GC(808) PSYoungGen: 2543840K(2590208K)->166265K(2593792K) Eden: 2397696K(2397696K)->0K(2397696K) From: 146144K(192512K)->166265K(196096K)
[3584.845s][info][gc,heap        ] GC(808) ParOldGen: 5408487K(5408768K)->5512559K(5512704K)
[3584.845s][info][gc,metaspace   ] GC(808) Metaspace: 29071K(29376K)->29071K(29376K) NonClass: 25968K(26112K)->25968K(26112K) Class: 3103K(3264K)->3103K(3264K)
[3584.845s][info][gc             ] GC(808) Pause Young (Allocation Failure) 7765M->5545M(7916M) 104.028ms
[3584.845s][info][gc,cpu         ] GC(808) User=0.59s Sys=0.03s Real=0.10s
...[3587.685s][info][gc,start       ] GC(809) Pause Full (Allocation Failure)
[3587.685s][info][gc,phases,start] GC(809) Marking Phase
[3587.991s][info][gc,phases      ] GC(809) Marking Phase 306.028ms
[3587.991s][info][gc,phases,start] GC(809) Summary Phase
[3587.991s][info][gc,phases      ] GC(809) Summary Phase 0.094ms
[3587.991s][info][gc,phases,start] GC(809) Forward
[3588.107s][info][gc,phases      ] GC(809) Forward 116.077ms
[3588.107s][info][gc,phases,start] GC(809) Adjust Pointers
[3588.314s][info][gc,phases      ] GC(809) Adjust Pointers 206.625ms
[3588.314s][info][gc,phases,start] GC(809) Compaction Phase
[3588.459s][info][gc,phases      ] GC(809) Compaction Phase 145.761ms
[3588.461s][info][gc,phases,start] GC(809) Post Compact
[3588.468s][info][gc,phases      ] GC(809) Post Compact 6.969ms
[3588.586s][info][gc,heap        ] GC(809) PSYoungGen: 2563961K(2593792K)->0K(2599936K) Eden: 2397696K(2397696K)->0K(2403840K) From: 166265K(196096K)->0K(196096K)
[3588.586s][info][gc,heap        ] GC(809) ParOldGen: 5512559K(5512704K)->1609278K(1874432K)
[3588.586s][info][gc,metaspace   ] GC(809) Metaspace: 29071K(29376K)->29071K(29376K) NonClass: 25968K(26112K)->25968K(26112K) Class: 3103K(3264K)->3103K(3264K)
[3588.586s][info][gc             ] GC(809) Pause Full (Allocation Failure) 7887M->1571M(4369M) 901.403ms
[3588.586s][info][gc,cpu         ] GC(809) User=4.28s Sys=0.12s Real=0.90s
...[3590.650s][info][gc,start       ] GC(810) Pause Young (Allocation Failure)
[3590.711s][info][gc,heap        ] GC(810) PSYoungGen: 2403840K(2599936K)->150496K(2554368K) Eden: 2403840K(2403840K)->0K(2403840K) From: 0K(196096K)->150496K(150528K)
[3590.712s][info][gc,heap        ] GC(810) ParOldGen: 1609278K(1874432K)->1609278K(1874432K)
[3590.712s][info][gc,metaspace   ] GC(810) Metaspace: 29071K(29376K)->29071K(29376K) NonClass: 25968K(26112K)->25968K(26112K) Class: 3103K(3264K)->3103K(3264K)
[3590.712s][info][gc             ] GC(810) Pause Young (Allocation Failure) 3919M->1718M(4325M) 61.481ms
[3590.712s][info][gc,cpu         ] GC(810) User=0.37s Sys=0.00s Real=0.06s
...[3593.604s][info][gc,start       ] GC(811) Pause Young (Allocation Failure)
[3593.699s][info][gc,heap        ] GC(811) PSYoungGen: 2554336K(2554368K)->156944K(2599936K) Eden: 2403840K(2403840K)->0K(2406912K) From: 150496K(150528K)->156944K(193024K)
[3593.699s][info][gc,heap        ] GC(811) ParOldGen: 1609278K(1874432K)->1712782K(1874432K)
[3593.699s][info][gc,metaspace   ] GC(811) Metaspace: 29071K(29376K)->29071K(29376K) NonClass: 25968K(26112K)->25968K(26112K) Class: 3103K(3264K)->3103K(3264K)
[3593.699s][info][gc             ] GC(811) Pause Young (Allocation Failure) 4066M->1825M(4369M) 94.331ms
[3593.699s][info][gc,cpu         ] GC(811) User=0.56s Sys=0.00s Real=0.09s
..[3596.570s][info][gc,start       ] GC(812) Pause Young (Allocation Failure)
[3596.666s][info][gc,heap        ] GC(812) PSYoungGen: 2563856K(2599936K)->161834K(2596864K) Eden: 2406912K(2406912K)->0K(2406912K) From: 156944K(193024K)->161834K(189952K)
[3596.666s][info][gc,heap        ] GC(812) ParOldGen: 1712782K(1874432K)->1816558K(1874432K)
[3596.666s][info][gc,metaspace   ] GC(812) Metaspace: 29071K(29376K)->29071K(29376K) NonClass: 25968K(26112K)->25968K(26112K) Class: 3103K(3264K)->3103K(3264K)
[3596.666s][info][gc             ] GC(812) Pause Young (Allocation Failure) 4176M->1932M(4366M) 96.096ms
[3596.666s][info][gc,cpu         ] GC(812) User=0.57s Sys=0.00s Real=0.09s
...[3599.526s][info][gc,start       ] GC(813) Pause Young (Allocation Failure)
[3599.624s][info][gc,heap        ] GC(813) PSYoungGen: 2568746K(2596864K)->162032K(2602496K) Eden: 2406912K(2406912K)->0K(2414080K) From: 161834K(189952K)->162032K(188416K)
[3599.624s][info][gc,heap        ] GC(813) ParOldGen: 1816558K(1874432K)->1919750K(1920000K)
[3599.624s][info][gc,metaspace   ] GC(813) Metaspace: 29071K(29376K)->29071K(29376K) NonClass: 25968K(26112K)->25968K(26112K) Class: 3103K(3264K)->3103K(3264K)
[3599.624s][info][gc             ] GC(813) Pause Young (Allocation Failure) 4282M->2032M(4416M) 97.325ms
[3599.624s][info][gc,cpu         ] GC(813) User=0.57s Sys=0.01s Real=0.10s
...[3602.547s][info][gc,start       ] GC(814) Pause Young (Allocation Failure)
[3602.647s][info][gc,heap        ] GC(814) PSYoungGen: 2576112K(2602496K)->166388K(2601472K) Eden: 2414080K(2414080K)->0K(2414080K) From: 162032K(188416K)->166388K(187392K)
[3602.647s][info][gc,heap        ] GC(814) ParOldGen: 1919750K(1920000K)->2022038K(2022400K)
[3602.647s][info][gc,metaspace   ] GC(814) Metaspace: 29071K(29376K)->29071K(29376K) NonClass: 25968K(26112K)->25968K(26112K) Class: 3103K(3264K)->3103K(3264K)
[3602.647s][info][gc             ] GC(814) Pause Young (Allocation Failure) 4390M->2137M(4515M) 100.309ms
[3602.647s][info][gc,cpu         ] GC(814) User=0.55s Sys=0.04s Real=0.10s
...[3605.537s][info][gc,start       ] GC(815) Pause Young (Allocation Failure)
[3605.635s][info][gc,heap        ] GC(815) PSYoungGen: 2580468K(2601472K)->156448K(2604544K) Eden: 2414080K(2414080K)->0K(2421248K) From: 166388K(187392K)->156448K(183296K)
[3605.635s][info][gc,heap        ] GC(815) ParOldGen: 2022038K(2022400K)->2127790K(2127872K)
[3605.635s][info][gc,metaspace   ] GC(815) Metaspace: 29071K(29376K)->29071K(29376K) NonClass: 25968K(26112K)->25968K(26112K) Class: 3103K(3264K)->3103K(3264K)
[3605.635s][info][gc             ] GC(815) Pause Young (Allocation Failure) 4494M->2230M(4621M) 97.960ms
[3605.635s][info][gc,cpu         ] GC(815) User=0.55s Sys=0.02s Real=0.10s
...[3608.588s][info][gc,start       ] GC(816) Pause Young (Allocation Failure)
[3608.681s][info][gc,heap        ] GC(816) PSYoungGen: 2577696K(2604544K)->153760K(2606080K) Eden: 2421248K(2421248K)->0K(2421248K) From: 156448K(183296K)->153760K(184832K)
[3608.681s][info][gc,heap        ] GC(816) ParOldGen: 2127790K(2127872K)->2230702K(2230784K)
[3608.681s][info][gc,metaspace   ] GC(816) Metaspace: 29071K(29376K)->29071K(29376K) NonClass: 25968K(26112K)->25968K(26112K) Class: 3103K(3264K)->3103K(3264K)
[3608.681s][info][gc             ] GC(816) Pause Young (Allocation Failure) 4595M->2328M(4723M) 93.468ms
[3608.681s][info][gc,cpu         ] GC(816) User=0.53s Sys=0.03s Real=0.10s
...[3611.489s][info][gc,start       ] GC(817) Pause Young (Allocation Failure)
[3611.583s][info][gc,heap        ] GC(817) PSYoungGen: 2575008K(2606080K)->147840K(2609152K) Eden: 2421248K(2421248K)->0K(2427904K) From: 153760K(184832K)->147840K(181248K)
[3611.583s][info][gc,heap        ] GC(817) ParOldGen: 2230702K(2230784K)->2337918K(2338304K)
[3611.583s][info][gc,metaspace   ] GC(817) Metaspace: 29071K(29376K)->29071K(29376K) NonClass: 25968K(26112K)->25968K(26112K) Class: 3103K(3264K)->3103K(3264K)
[3611.583s][info][gc             ] GC(817) Pause Young (Allocation Failure) 4693M->2427M(4831M) 94.544ms
[3611.583s][info][gc,cpu         ] GC(817) User=0.54s Sys=0.02s Real=0.10s
...[3614.444s][info][gc,start       ] GC(818) Pause Young (Allocation Failure)
[3614.539s][info][gc,heap        ] GC(818) PSYoungGen: 2575744K(2609152K)->155061K(2610176K) Eden: 2427904K(2427904K)->0K(2427904K) From: 147840K(181248K)->155061K(182272K)
[3614.539s][info][gc,heap        ] GC(818) ParOldGen: 2337918K(2338304K)->2439430K(2439680K)
[3614.539s][info][gc,metaspace   ] GC(818) Metaspace: 29071K(29376K)->29071K(29376K) NonClass: 25968K(26112K)->25968K(26112K) Class: 3103K(3264K)->3103K(3264K)
[3614.539s][info][gc             ] GC(818) Pause Young (Allocation Failure) 4798M->2533M(4931M) 95.319ms
[3614.539s][info][gc,cpu         ] GC(818) User=0.54s Sys=0.03s Real=0.09s
.. (rIR:aIR:PR = 5673:5674:5674) (tPR = 84107) [OK] 
  3615s: Performance info:
         Transaction,    Success,    Partial,     Failed,   Receipts, AvgBarcode, 
             Overall,     342980,          0,          0,     325855,      59.47, 
         Response times:
             Request,    Success,    Partial,     Failed,   SkipFail,     Probes,    Samples,      min,      p50,      p90,      p95,      p99,      max, 
       TotalPurchase,     325866,          0,          0,          0,     316875,     343381,      300,     4400,     8700,    23000,   264000,  1200000,
     InStorePurchase,     171512,          0,          0,          0,     167318,     180939,      300,     4200,     8600,    22000,   282000,   990000,
      OnlinePurchase,     120067,          0,          0,          0,     116653,     126595,      300,     4600,     8800,    24000,   264000,  1200000,
        InstPurchase,      34287,          0,          0,          0,      32904,      35847,      400,     4600,     8900,    24000,   259000,   910000,
          AssocOfCat,        344,          0,          0,          0,        256,        347,    19400,    33000,    48200,    75400,   134280,   144000,
      AssocOfProduct,       3417,          0,          0,          0,       3085,       3560,      400,     4200,     7700,    21950,   166000,   220000,
      BusinessReport,        858,          0,          0,          0,        720,        865,    27000,    39000,    61000,    89700,   214000,   235000,
          CustBuyBeh,       3428,          0,          0,          0,       3161,       3686,      200,     4500,     8600,    23000,   160000,   226000,
       ProductReturn,       9079,          0,          0,          0,       8550,       9547,      100,     3600,     8500,    19800,    77000,   142000,

  3615s: (42%)   IR =   5812 .[3617.406s][info][gc,start       ] GC(819) Pause Young (Allocation Failure)
[3617.504s][info][gc,heap        ] GC(819) PSYoungGen: 2582965K(2610176K)->153440K(2610688K) Eden: 2427904K(2427904K)->0K(2433536K) From: 155061K(182272K)->153440K(177152K)
[3617.504s][info][gc,heap        ] GC(819) ParOldGen: 2439430K(2439680K)->2542718K(2543104K)
[3617.504s][info][gc,metaspace   ] GC(819) Metaspace: 29071K(29376K)->29071K(29376K) NonClass: 25968K(26112K)->25968K(26112K) Class: 3103K(3264K)->3103K(3264K)
[3617.504s][info][gc             ] GC(819) Pause Young (Allocation Failure) 4904M->2632M(5033M) 98.062ms
[3617.504s][info][gc,cpu         ] GC(819) User=0.53s Sys=0.05s Real=0.10s
...[3620.361s][info][gc,start       ] GC(820) Pause Young (Allocation Failure)
[3620.460s][info][gc,heap        ] GC(820) PSYoungGen: 2586976K(2610688K)->160213K(2611712K) Eden: 2433536K(2433536K)->0K(2433536K) From: 153440K(177152K)->160213K(178176K)
[3620.460s][info][gc,heap        ] GC(820) ParOldGen: 2542718K(2543104K)->2646910K(2647040K)
[3620.460s][info][gc,metaspace   ] GC(820) Metaspace: 29071K(29376K)->29071K(29376K) NonClass: 25968K(26112K)->25968K(26112K) Class: 3103K(3264K)->3103K(3264K)
[3620.460s][info][gc             ] GC(820) Pause Young (Allocation Failure) 5009M->2741M(5135M) 99.066ms
[3620.460s][info][gc,cpu         ] GC(820) User=0.55s Sys=0.04s Real=0.10s
.|..[3623.230s][info][gc,start       ] GC(821) Pause Young (Allocation Failure)
[3623.329s][info][gc,heap        ] GC(821) PSYoungGen: 2593749K(2611712K)->155424K(2613248K) Eden: 2433536K(2433536K)->0K(2440192K) From: 160213K(178176K)->155424K(173056K)
[3623.329s][info][gc,heap        ] GC(821) ParOldGen: 2646910K(2647040K)->2751958K(2752000K)
[3623.329s][info][gc,metaspace   ] GC(821) Metaspace: 29071K(29376K)->29071K(29376K) NonClass: 25968K(26112K)->25968K(26112K) Class: 3103K(3264K)->3103K(3264K)
[3623.329s][info][gc             ] GC(821) Pause Young (Allocation Failure) 5117M->2839M(5239M) 98.366ms
[3623.329s][info][gc,cpu         ] GC(821) User=0.55s Sys=0.03s Real=0.09s
...[3626.170s][info][gc,start       ] GC(822) Pause Young (Allocation Failure)
[3626.266s][info][gc,heap        ] GC(822) PSYoungGen: 2595616K(2613248K)->148160K(2615808K) Eden: 2440192K(2440192K)->0K(2440192K) From: 155424K(173056K)->148160K(175616K)
[3626.266s][info][gc,heap        ] GC(822) ParOldGen: 2751958K(2752000K)->2855142K(2855424K)
[3626.266s][info][gc,metaspace   ] GC(822) Metaspace: 29071K(29376K)->29071K(29376K) NonClass: 25968K(26112K)->25968K(26112K) Class: 3103K(3264K)->3103K(3264K)
[3626.266s][info][gc             ] GC(822) Pause Young (Allocation Failure) 5222M->2932M(5343M) 95.906ms
[3626.266s][info][gc,cpu         ] GC(822) User=0.53s Sys=0.03s Real=0.09s
...[3629.126s][info][gc,start       ] GC(823) Pause Young (Allocation Failure)
[3629.223s][info][gc,heap        ] GC(823) PSYoungGen: 2588352K(2615808K)->151253K(2617856K) Eden: 2440192K(2440192K)->0K(2445312K) From: 148160K(175616K)->151253K(172544K)
[3629.223s][info][gc,heap        ] GC(823) ParOldGen: 2855142K(2855424K)->2957710K(2957824K)
[3629.223s][info][gc,metaspace   ] GC(823) Metaspace: 29071K(29376K)->29071K(29376K) NonClass: 25968K(26112K)->25968K(26112K) Class: 3103K(3264K)->3103K(3264K)
[3629.223s][info][gc             ] GC(823) Pause Young (Allocation Failure) 5315M->3036M(5445M) 97.437ms
[3629.223s][info][gc,cpu         ] GC(823) User=0.54s Sys=0.04s Real=0.10s
...[3632.105s][info][gc,start       ] GC(824) Pause Young (Allocation Failure)
[3632.201s][info][gc,heap        ] GC(824) PSYoungGen: 2596565K(2617856K)->151141K(2619392K) Eden: 2445312K(2445312K)->0K(2445312K) From: 151253K(172544K)->151141K(174080K)
[3632.201s][info][gc,heap        ] GC(824) ParOldGen: 2957710K(2957824K)->3061542K(3061760K)
[3632.201s][info][gc,metaspace   ] GC(824) Metaspace: 29071K(29376K)->29071K(29376K) NonClass: 25968K(26112K)->25968K(26112K) Class: 3103K(3264K)->3103K(3264K)
[3632.201s][info][gc             ] GC(824) Pause Young (Allocation Failure) 5424M->3137M(5548M) 96.036ms
[3632.201s][info][gc,cpu         ] GC(824) User=0.54s Sys=0.04s Real=0.10s
...[3634.943s][info][gc,start       ] GC(825) Pause Young (Allocation Failure)
[3635.039s][info][gc,heap        ] GC(825) PSYoungGen: 2596453K(2619392K)->141056K(2621952K) Eden: 2445312K(2445312K)->0K(2448896K) From: 151141K(174080K)->141056K(173056K)
[3635.039s][info][gc,heap        ] GC(825) ParOldGen: 3061542K(3061760K)->3168702K(3168768K)
[3635.039s][info][gc,metaspace   ] GC(825) Metaspace: 29071K(29376K)->29071K(29376K) NonClass: 25968K(26112K)->25968K(26112K) Class: 3103K(3264K)->3103K(3264K)
[3635.039s][info][gc             ] GC(825) Pause Young (Allocation Failure) 5525M->3232M(5655M) 95.689ms
[3635.039s][info][gc,cpu         ] GC(825) User=0.54s Sys=0.03s Real=0.09s
...[3637.979s][info][gc,start       ] GC(826) Pause Young (Allocation Failure)
[3638.075s][info][gc,heap        ] GC(826) PSYoungGen: 2589952K(2621952K)->155232K(2604544K) Eden: 2448896K(2448896K)->0K(2448896K) From: 141056K(173056K)->155232K(155648K)
[3638.075s][info][gc,heap        ] GC(826) ParOldGen: 3168702K(3168768K)->3267766K(3268096K)
[3638.075s][info][gc,metaspace   ] GC(826) Metaspace: 29071K(29376K)->29071K(29376K) NonClass: 25968K(26112K)->25968K(26112K) Class: 3103K(3264K)->3103K(3264K)
[3638.075s][info][gc             ] GC(826) Pause Young (Allocation Failure) 5623M->3342M(5735M) 95.527ms
[3638.075s][info][gc,cpu         ] GC(826) User=0.53s Sys=0.04s Real=0.10s
...[3640.903s][info][gc,start       ] GC(827) Pause Young (Allocation Failure)
[3640.999s][info][gc,heap        ] GC(827) PSYoungGen: 2604128K(2604544K)->146912K(2621952K) Eden: 2448896K(2448896K)->0K(2449920K) From: 155232K(155648K)->146912K(172032K)
[3640.999s][info][gc,heap        ] GC(827) ParOldGen: 3267766K(3268096K)->3375030K(3375104K)
[3640.999s][info][gc,metaspace   ] GC(827) Metaspace: 29071K(29376K)->29071K(29376K) NonClass: 25968K(26112K)->25968K(26112K) Class: 3103K(3264K)->3103K(3264K)
[3640.999s][info][gc             ] GC(827) Pause Young (Allocation Failure) 5734M->3439M(5856M) 95.979ms
[3640.999s][info][gc,cpu         ] GC(827) User=0.53s Sys=0.04s Real=0.09s
..[3643.797s][info][gc,start       ] GC(828) Pause Young (Allocation Failure)
[3643.900s][info][gc,heap        ] GC(828) PSYoungGen: 2596832K(2621952K)->161013K(2621440K) Eden: 2449920K(2449920K)->0K(2449920K) From: 146912K(172032K)->161013K(171520K)
[3643.900s][info][gc,heap        ] GC(828) ParOldGen: 3375030K(3375104K)->3480958K(3481088K)
[3643.900s][info][gc,metaspace   ] GC(828) Metaspace: 29071K(29376K)->29071K(29376K) NonClass: 25968K(26112K)->25968K(26112K) Class: 3103K(3264K)->3103K(3264K)
[3643.900s][info][gc             ] GC(828) Pause Young (Allocation Failure) 5831M->3556M(5959M) 103.420ms
[3643.900s][info][gc,cpu         ] GC(828) User=0.58s Sys=0.03s Real=0.11s
...[3646.741s][info][gc,start       ] GC(829) Pause Young (Allocation Failure)
[3646.837s][info][gc,heap        ] GC(829) PSYoungGen: 2610933K(2621440K)->154848K(2622464K) Eden: 2449920K(2449920K)->0K(2451968K) From: 161013K(171520K)->154848K(170496K)
[3646.837s][info][gc,heap        ] GC(829) ParOldGen: 3480958K(3481088K)->3583430K(3583488K)
[3646.837s][info][gc,metaspace   ] GC(829) Metaspace: 29071K(29376K)->29071K(29376K) NonClass: 25968K(26112K)->25968K(26112K) Class: 3103K(3264K)->3103K(3264K)
[3646.837s][info][gc             ] GC(829) Pause Young (Allocation Failure) 5949M->3650M(6060M) 96.235ms
[3646.837s][info][gc,cpu         ] GC(829) User=0.52s Sys=0.04s Real=0.09s
...[3649.683s][info][gc,start       ] GC(830) Pause Young (Allocation Failure)
[3649.785s][info][gc,heap        ] GC(830) PSYoungGen: 2606816K(2622464K)->159492K(2622976K) Eden: 2451968K(2451968K)->0K(2451968K) From: 154848K(170496K)->159492K(171008K)
[3649.785s][info][gc,heap        ] GC(830) ParOldGen: 3583430K(3583488K)->3688566K(3688960K)
[3649.785s][info][gc,metaspace   ] GC(830) Metaspace: 29071K(29376K)->29071K(29376K) NonClass: 25968K(26112K)->25968K(26112K) Class: 3103K(3264K)->3103K(3264K)
[3649.785s][info][gc             ] GC(830) Pause Young (Allocation Failure) 6045M->3757M(6164M) 102.034ms
[3649.785s][info][gc,cpu         ] GC(830) User=0.56s Sys=0.04s Real=0.10s
...[3652.658s][info][gc,start       ] GC(831) Pause Young (Allocation Failure)
[3652.754s][info][gc,heap        ] GC(831) PSYoungGen: 2611460K(2622976K)->153632K(2622464K) Eden: 2451968K(2451968K)->0K(2453504K) From: 159492K(171008K)->153632K(168960K)
[3652.754s][info][gc,heap        ] GC(831) ParOldGen: 3688566K(3688960K)->3792510K(3792896K)
[3652.754s][info][gc,metaspace   ] GC(831) Metaspace: 29071K(29376K)->29071K(29376K) NonClass: 25968K(26112K)->25968K(26112K) Class: 3103K(3264K)->3103K(3264K)
[3652.754s][info][gc             ] GC(831) Pause Young (Allocation Failure) 6152M->3853M(6265M) 96.576ms
[3652.754s][info][gc,cpu         ] GC(831) User=0.54s Sys=0.03s Real=0.10s
...[3655.613s][info][gc,start       ] GC(832) Pause Young (Allocation Failure)
[3655.711s][info][gc,heap        ] GC(832) PSYoungGen: 2607136K(2622464K)->158912K(2623488K) Eden: 2453504K(2453504K)->0K(2453504K) From: 153632K(168960K)->158912K(169984K)
[3655.711s][info][gc,heap        ] GC(832) ParOldGen: 3792510K(3792896K)->3896566K(3896832K)
[3655.711s][info][gc,metaspace   ] GC(832) Metaspace: 29071K(29376K)->29071K(29376K) NonClass: 25968K(26112K)->25968K(26112K) Class: 3103K(3264K)->3103K(3264K)
[3655.711s][info][gc             ] GC(832) Pause Young (Allocation Failure) 6249M->3960M(6367M) 98.535ms
[3655.711s][info][gc,cpu         ] GC(832) User=0.55s Sys=0.02s Real=0.10s
...[3658.552s][info][gc,start       ] GC(833) Pause Young (Allocation Failure)
[3658.648s][info][gc,heap        ] GC(833) PSYoungGen: 2612416K(2623488K)->153248K(2624000K) Eden: 2453504K(2453504K)->0K(2456064K) From: 158912K(169984K)->153248K(167936K)
[3658.648s][info][gc,heap        ] GC(833) ParOldGen: 3896566K(3896832K)->4000070K(4000256K)
[3658.648s][info][gc,metaspace   ] GC(833) Metaspace: 29071K(29376K)->29071K(29376K) NonClass: 25968K(26112K)->25968K(26112K) Class: 3103K(3264K)->3103K(3264K)
[3658.648s][info][gc             ] GC(833) Pause Young (Allocation Failure) 6356M->4055M(6469M) 96.561ms
[3658.648s][info][gc,cpu         ] GC(833) User=0.54s Sys=0.03s Real=0.09s
...[3661.514s][info][gc,start       ] GC(834) Pause Young (Allocation Failure)
[3661.613s][info][gc,heap        ] GC(834) PSYoungGen: 2609312K(2624000K)->158323K(2625024K) Eden: 2456064K(2456064K)->0K(2456064K) From: 153248K(167936K)->158323K(168960K)
[3661.613s][info][gc,heap        ] GC(834) ParOldGen: 4000070K(4000256K)->4106630K(4106752K)
[3661.613s][info][gc,metaspace   ] GC(834) Metaspace: 29071K(29376K)->29071K(29376K) NonClass: 25968K(26112K)->25968K(26112K) Class: 3103K(3264K)->3103K(3264K)
[3661.613s][info][gc             ] GC(834) Pause Young (Allocation Failure) 6454M->4164M(6574M) 99.400ms
[3661.613s][info][gc,cpu         ] GC(834) User=0.54s Sys=0.04s Real=0.10s
...[3664.424s][info][gc,start       ] GC(835) Pause Young (Allocation Failure)
[3664.520s][info][gc,heap        ] GC(835) PSYoungGen: 2614387K(2625024K)->149600K(2626048K) Eden: 2456064K(2456064K)->0K(2458112K) From: 158323K(168960K)->149600K(167936K)
[3664.520s][info][gc,heap        ] GC(835) ParOldGen: 4106630K(4106752K)->4211590K(4211712K)
[3664.520s][info][gc,metaspace   ] GC(835) Metaspace: 29071K(29376K)->29071K(29376K) NonClass: 25968K(26112K)->25968K(26112K) Class: 3103K(3264K)->3103K(3264K)
[3664.520s][info][gc             ] GC(835) Pause Young (Allocation Failure) 6563M->4258M(6677M) 96.071ms
[3664.520s][info][gc,cpu         ] GC(835) User=0.53s Sys=0.04s Real=0.10s
...[3667.375s][info][gc,start       ] GC(836) Pause Young (Allocation Failure)
[3667.470s][info][gc,heap        ] GC(836) PSYoungGen: 2607712K(2626048K)->149440K(2626560K) Eden: 2458112K(2458112K)->0K(2458112K) From: 149600K(167936K)->149440K(168448K)
[3667.470s][info][gc,heap        ] GC(836) ParOldGen: 4211590K(4211712K)->4314438K(4314624K)
[3667.470s][info][gc,metaspace   ] GC(836) Metaspace: 29071K(29376K)->29071K(29376K) NonClass: 25968K(26112K)->25968K(26112K) Class: 3103K(3264K)->3103K(3264K)
[3667.470s][info][gc             ] GC(836) Pause Young (Allocation Failure) 6659M->4359M(6778M) 94.752ms
[3667.470s][info][gc,cpu         ] GC(836) User=0.52s Sys=0.04s Real=0.10s
...[3670.345s][info][gc,start       ] GC(837) Pause Young (Allocation Failure)
[3670.443s][info][gc,heap        ] GC(837) PSYoungGen: 2607552K(2626560K)->152512K(2625536K) Eden: 2458112K(2458112K)->0K(2459648K) From: 149440K(168448K)->152512K(165888K)
[3670.443s][info][gc,heap        ] GC(837) ParOldGen: 4314438K(4314624K)->4416974K(4417024K)
[3670.443s][info][gc,metaspace   ] GC(837) Metaspace: 29071K(29376K)->29071K(29376K) NonClass: 25968K(26112K)->25968K(26112K) Class: 3103K(3264K)->3103K(3264K)
[3670.443s][info][gc             ] GC(837) Pause Young (Allocation Failure) 6759M->4462M(6877M) 97.707ms
[3670.443s][info][gc,cpu         ] GC(837) User=0.56s Sys=0.02s Real=0.10s
...[3673.322s][info][gc,start       ] GC(838) Pause Young (Allocation Failure)
[3673.420s][info][gc,heap        ] GC(838) PSYoungGen: 2612160K(2625536K)->150240K(2626560K) Eden: 2459648K(2459648K)->0K(2459648K) From: 152512K(165888K)->150240K(166912K)
[3673.420s][info][gc,heap        ] GC(838) ParOldGen: 4416974K(4417024K)->4523022K(4523520K)
[3673.420s][info][gc,metaspace   ] GC(838) Metaspace: 29071K(29376K)->29071K(29376K) NonClass: 25968K(26112K)->25968K(26112K) Class: 3103K(3264K)->3103K(3264K)
[3673.420s][info][gc             ] GC(838) Pause Young (Allocation Failure) 6864M->4563M(6982M) 98.050ms
[3673.420s][info][gc,cpu         ] GC(838) User=0.55s Sys=0.03s Real=0.10s
...[3676.202s][info][gc,start       ] GC(839) Pause Young (Allocation Failure)
[3676.301s][info][gc,heap        ] GC(839) PSYoungGen: 2609888K(2626560K)->151424K(2628096K) Eden: 2459648K(2459648K)->0K(2463232K) From: 150240K(166912K)->151424K(164864K)
[3676.301s][info][gc,heap        ] GC(839) ParOldGen: 4523022K(4523520K)->4627790K(4627968K)
[3676.301s][info][gc,metaspace   ] GC(839) Metaspace: 29071K(29376K)->29071K(29376K) NonClass: 25968K(26112K)->25968K(26112K) Class: 3103K(3264K)->3103K(3264K)
[3676.301s][info][gc             ] GC(839) Pause Young (Allocation Failure) 6965M->4667M(7086M) 98.572ms
[3676.301s][info][gc,cpu         ] GC(839) User=0.54s Sys=0.04s Real=0.10s
...[3679.197s][info][gc,start       ] GC(840) Pause Young (Allocation Failure)
[3679.297s][info][gc,heap        ] GC(840) PSYoungGen: 2614656K(2628096K)->157876K(2628608K) Eden: 2463232K(2463232K)->0K(2463232K) From: 151424K(164864K)->157876K(165376K)
[3679.297s][info][gc,heap        ] GC(840) ParOldGen: 4627790K(4627968K)->4730830K(4730880K)
[3679.297s][info][gc,metaspace   ] GC(840) Metaspace: 29071K(29376K)->29071K(29376K) NonClass: 25968K(26112K)->25968K(26112K) Class: 3103K(3264K)->3103K(3264K)
[3679.297s][info][gc             ] GC(840) Pause Young (Allocation Failure) 7072M->4774M(7187M) 100.051ms
[3679.297s][info][gc,cpu         ] GC(840) User=0.55s Sys=0.03s Real=0.10s
.. (rIR:aIR:PR = 5812:5810:5810) (tPR = 86876) [OK] 
  3680s: Performance info:
         Transaction,    Success,    Partial,     Failed,   Receipts, AvgBarcode, 
             Overall,     349100,          0,          0,     331653,      59.48, 
         Response times:
             Request,    Success,    Partial,     Failed,   SkipFail,     Probes,    Samples,      min,      p50,      p90,      p95,      p99,      max, 
       TotalPurchase,     331652,          0,          0,          0,     326225,     353266,      300,     4400,     8200,    12800,    42000,   161000,
     InStorePurchase,     174496,          0,          0,          0,     171735,     185584,      300,     4500,     8200,    13000,    42000,   161000,
      OnlinePurchase,     122247,          0,          0,          0,     120356,     130347,      300,     4400,     8200,    12600,    41000,   150000,
        InstPurchase,      34909,          0,          0,          0,      34134,      37335,      400,     4100,     8100,    12700,    41000,   119000,
          AssocOfCat,        350,          0,          0,          0,        270,        386,    19200,    33000,    50000,    61000,   137390,   174000,
      AssocOfProduct,       3492,          0,          0,          0,       3259,       3687,      600,     4300,     7900,    12160,    36000,   115000,
      BusinessReport,        868,          0,          0,          0,        771,        948,    25000,    39000,    59000,    71550,   136530,   171000,
          CustBuyBeh,       3479,          0,          0,          0,       3213,       3715,      200,     5200,     8400,    16520,    52680,   117000,
       ProductReturn,       9258,          0,          0,          0,       8904,       9989,      200,     4100,     7900,    13300,    40000,   115000,

  3680s: (43%)   IR =   5950 .[3682.129s][info][gc,start       ] GC(841) Pause Young (Allocation Failure)
[3682.229s][info][gc,heap        ] GC(841) PSYoungGen: 2621108K(2628608K)->154500K(2629120K) Eden: 2463232K(2463232K)->0K(2464768K) From: 157876K(165376K)->154500K(164352K)
[3682.229s][info][gc,heap        ] GC(841) ParOldGen: 4730830K(4730880K)->4836734K(4836864K)
[3682.229s][info][gc,metaspace   ] GC(841) Metaspace: 29071K(29376K)->29071K(29376K) NonClass: 25968K(26112K)->25968K(26112K) Class: 3103K(3264K)->3103K(3264K)
[3682.229s][info][gc             ] GC(841) Pause Young (Allocation Failure) 7179M->4874M(7291M) 100.575ms
[3682.229s][info][gc,cpu         ] GC(841) User=0.58s Sys=0.02s Real=0.10s
..[3685.000s][info][gc,start       ] GC(842) Pause Young (Allocation Failure)
[3685.096s][info][gc,heap        ] GC(842) PSYoungGen: 2619268K(2629120K)->147520K(2629632K) Eden: 2464768K(2464768K)->0K(2464768K) From: 154500K(164352K)->147520K(164864K)
[3685.096s][info][gc,heap        ] GC(842) ParOldGen: 4836734K(4836864K)->4940502K(4940800K)
[3685.096s][info][gc,metaspace   ] GC(842) Metaspace: 29071K(29376K)->29071K(29376K) NonClass: 25968K(26112K)->25968K(26112K) Class: 3103K(3264K)->3103K(3264K)
[3685.096s][info][gc             ] GC(842) Pause Young (Allocation Failure) 7281M->4968M(7393M) 95.940ms
[3685.096s][info][gc,cpu         ] GC(842) User=0.53s Sys=0.04s Real=0.09s
...[3687.938s][info][gc,start       ] GC(843) Pause Young (Allocation Failure)
[3688.035s][info][gc,heap        ] GC(843) PSYoungGen: 2612288K(2629632K)->150528K(2630144K) Eden: 2464768K(2464768K)->0K(2466304K) From: 147520K(164864K)->150528K(163840K)
[3688.035s][info][gc,heap        ] GC(843) ParOldGen: 4940502K(4940800K)->5043918K(5044224K)
[3688.035s][info][gc,metaspace   ] GC(843) Metaspace: 29071K(29376K)->29071K(29376K) NonClass: 25968K(26112K)->25968K(26112K) Class: 3103K(3264K)->3103K(3264K)
[3688.035s][info][gc             ] GC(843) Pause Young (Allocation Failure) 7375M->5072M(7494M) 97.279ms
[3688.035s][info][gc,cpu         ] GC(843) User=0.54s Sys=0.03s Real=0.10s
...[3690.806s][info][gc,start       ] GC(844) Pause Young (Allocation Failure)
[3690.909s][info][gc,heap        ] GC(844) PSYoungGen: 2616832K(2630144K)->160000K(2626560K) Eden: 2466304K(2466304K)->0K(2466304K) From: 150528K(163840K)->160000K(160256K)
[3690.909s][info][gc,heap        ] GC(844) ParOldGen: 5043918K(5044224K)->5151486K(5151744K)
[3690.909s][info][gc,metaspace   ] GC(844) Metaspace: 29071K(29376K)->29071K(29376K) NonClass: 25968K(26112K)->25968K(26112K) Class: 3103K(3264K)->3103K(3264K)
[3690.909s][info][gc             ] GC(844) Pause Young (Allocation Failure) 7481M->5186M(7596M) 102.566ms
[3690.909s][info][gc,cpu         ] GC(844) User=0.58s Sys=0.03s Real=0.10s
.|..[3693.731s][info][gc,start       ] GC(845) Pause Young (Allocation Failure)
[3693.836s][info][gc,heap        ] GC(845) PSYoungGen: 2626304K(2626560K)->163957K(2625024K) Eden: 2466304K(2466304K)->0K(2459136K) From: 160000K(160256K)->163957K(165888K)
[3693.836s][info][gc,heap        ] GC(845) ParOldGen: 5151486K(5151744K)->5254686K(5255168K)
[3693.836s][info][gc,metaspace   ] GC(845) Metaspace: 29071K(29376K)->29071K(29376K) NonClass: 25968K(26112K)->25968K(26112K) Class: 3103K(3264K)->3103K(3264K)
[3693.836s][info][gc             ] GC(845) Pause Young (Allocation Failure) 7595M->5291M(7695M) 104.533ms
[3693.836s][info][gc,cpu         ] GC(845) User=0.58s Sys=0.05s Real=0.10s
...[3696.559s][info][gc,start       ] GC(846) Pause Young (Allocation Failure)
[3696.657s][info][gc,heap        ] GC(846) PSYoungGen: 2623093K(2625024K)->148896K(2627584K) Eden: 2459136K(2459136K)->0K(2459136K) From: 163957K(165888K)->148896K(168448K)
[3696.657s][info][gc,heap        ] GC(846) ParOldGen: 5254686K(5255168K)->5361566K(5361664K)
[3696.657s][info][gc,metaspace   ] GC(846) Metaspace: 29071K(29376K)->29071K(29376K) NonClass: 25968K(26112K)->25968K(26112K) Class: 3103K(3264K)->3103K(3264K)
[3696.657s][info][gc             ] GC(846) Pause Young (Allocation Failure) 7693M->5381M(7802M) 97.299ms
[3696.657s][info][gc,cpu         ] GC(846) User=0.54s Sys=0.03s Real=0.10s
...[3699.529s][info][gc,start       ] GC(847) Pause Young (Allocation Failure)
[3699.632s][info][gc,heap        ] GC(847) PSYoungGen: 2608032K(2627584K)->167088K(2620928K) Eden: 2459136K(2459136K)->0K(2452992K) From: 148896K(168448K)->167088K(167936K)
[3699.632s][info][gc,heap        ] GC(847) ParOldGen: 5361566K(5361664K)->5462990K(5463040K)
[3699.632s][info][gc,metaspace   ] GC(847) Metaspace: 29071K(29376K)->29071K(29376K) NonClass: 25968K(26112K)->25968K(26112K) Class: 3103K(3264K)->3103K(3264K)
[3699.632s][info][gc             ] GC(847) Pause Young (Allocation Failure) 7782M->5498M(7894M) 103.292ms
[3699.632s][info][gc,cpu         ] GC(847) User=0.59s Sys=0.03s Real=0.11s
...[3702.329s][info][gc,start       ] GC(848) Pause Young (Allocation Failure)
[3702.427s][info][gc,heap        ] GC(848) PSYoungGen: 2620080K(2620928K)->150048K(2624512K) Eden: 2452992K(2452992K)->0K(2452992K) From: 167088K(167936K)->150048K(171520K)
[3702.427s][info][gc,heap        ] GC(848) ParOldGen: 5462990K(5463040K)->5571406K(5571584K)
[3702.427s][info][gc,metaspace   ] GC(848) Metaspace: 29071K(29376K)->29071K(29376K) NonClass: 25968K(26112K)->25968K(26112K) Class: 3103K(3264K)->3103K(3264K)
[3702.427s][info][gc             ] GC(848) Pause Young (Allocation Failure) 7893M->5587M(8004M) 97.536ms
[3702.427s][info][gc,cpu         ] GC(848) User=0.53s Sys=0.04s Real=0.10s
...[3705.173s][info][gc,start       ] GC(849) Pause Full (Allocation Failure)
[3705.173s][info][gc,phases,start] GC(849) Marking Phase
[3705.481s][info][gc,phases      ] GC(849) Marking Phase 308.496ms
[3705.481s][info][gc,phases,start] GC(849) Summary Phase
[3705.481s][info][gc,phases      ] GC(849) Summary Phase 0.095ms
[3705.481s][info][gc,phases,start] GC(849) Forward
[3705.612s][info][gc,phases      ] GC(849) Forward 130.544ms
[3705.612s][info][gc,phases,start] GC(849) Adjust Pointers
[3705.821s][info][gc,phases      ] GC(849) Adjust Pointers 209.313ms
[3705.821s][info][gc,phases,start] GC(849) Compaction Phase
[3705.971s][info][gc,phases      ] GC(849) Compaction Phase 149.862ms
[3705.972s][info][gc,phases,start] GC(849) Post Compact
[3705.979s][info][gc,phases      ] GC(849) Post Compact 7.074ms
[3706.107s][info][gc,heap        ] GC(849) PSYoungGen: 2603040K(2624512K)->0K(2623488K) Eden: 2452992K(2452992K)->0K(2454016K) From: 150048K(171520K)->0K(169472K)
[3706.107s][info][gc,heap        ] GC(849) ParOldGen: 5571406K(5571584K)->1615100K(1886208K)
[3706.107s][info][gc,metaspace   ] GC(849) Metaspace: 29071K(29376K)->29071K(29376K) NonClass: 25968K(26112K)->25968K(26112K) Class: 3103K(3264K)->3103K(3264K)
[3706.107s][info][gc             ] GC(849) Pause Full (Allocation Failure) 7982M->1577M(4404M) 934.363ms
[3706.107s][info][gc,cpu         ] GC(849) User=4.36s Sys=0.13s Real=0.93s
..[3708.047s][info][gc,start       ] GC(850) Pause Young (Allocation Failure)
[3708.109s][info][gc,heap        ] GC(850) PSYoungGen: 2454016K(2623488K)->151632K(2624512K) Eden: 2454016K(2454016K)->0K(2454016K) From: 0K(169472K)->151632K(170496K)
[3708.109s][info][gc,heap        ] GC(850) ParOldGen: 1615100K(1886208K)->1615100K(1886208K)
[3708.109s][info][gc,metaspace   ] GC(850) Metaspace: 29071K(29376K)->29071K(29376K) NonClass: 25968K(26112K)->25968K(26112K) Class: 3103K(3264K)->3103K(3264K)
[3708.109s][info][gc             ] GC(850) Pause Young (Allocation Failure) 3973M->1725M(4405M) 61.648ms
[3708.109s][info][gc,cpu         ] GC(850) User=0.36s Sys=0.00s Real=0.06s
...[3710.890s][info][gc,start       ] GC(851) Pause Young (Allocation Failure)
[3710.977s][info][gc,heap        ] GC(851) PSYoungGen: 2605648K(2624512K)->144864K(2625024K) Eden: 2454016K(2454016K)->0K(2455552K) From: 151632K(170496K)->144864K(169472K)
[3710.977s][info][gc,heap        ] GC(851) ParOldGen: 1615100K(1886208K)->1720416K(1886208K)
[3710.977s][info][gc,metaspace   ] GC(851) Metaspace: 29071K(29376K)->29071K(29376K) NonClass: 25968K(26112K)->25968K(26112K) Class: 3103K(3264K)->3103K(3264K)
[3710.977s][info][gc             ] GC(851) Pause Young (Allocation Failure) 4121M->1821M(4405M) 87.395ms
[3710.977s][info][gc,cpu         ] GC(851) User=0.52s Sys=0.00s Real=0.09s
...[3713.878s][info][gc,start       ] GC(852) Pause Young (Allocation Failure)
[3713.970s][info][gc,heap        ] GC(852) PSYoungGen: 2600416K(2625024K)->156004K(2625536K) Eden: 2455552K(2455552K)->0K(2455552K) From: 144864K(169472K)->156004K(169984K)
[3713.970s][info][gc,heap        ] GC(852) ParOldGen: 1720416K(1886208K)->1822776K(1886208K)
[3713.970s][info][gc,metaspace   ] GC(852) Metaspace: 29071K(29376K)->29071K(29376K) NonClass: 25968K(26112K)->25968K(26112K) Class: 3103K(3264K)->3103K(3264K)
[3713.970s][info][gc             ] GC(852) Pause Young (Allocation Failure) 4219M->1932M(4406M) 92.899ms
[3713.970s][info][gc,cpu         ] GC(852) User=0.55s Sys=0.00s Real=0.10s
...[3716.677s][info][gc,start       ] GC(853) Pause Young (Allocation Failure)
[3716.776s][info][gc,heap        ] GC(853) PSYoungGen: 2611556K(2625536K)->161881K(2624000K) Eden: 2455552K(2455552K)->0K(2455040K) From: 156004K(169984K)->161881K(168960K)
[3716.776s][info][gc,heap        ] GC(853) ParOldGen: 1822776K(1886208K)->1930664K(1930752K)
[3716.776s][info][gc,metaspace   ] GC(853) Metaspace: 29071K(29376K)->29071K(29376K) NonClass: 25968K(26112K)->25968K(26112K) Class: 3103K(3264K)->3103K(3264K)
[3716.776s][info][gc             ] GC(853) Pause Young (Allocation Failure) 4330M->2043M(4448M) 98.924ms
[3716.776s][info][gc,cpu         ] GC(853) User=0.58s Sys=0.02s Real=0.10s
...[3719.590s][info][gc,start       ] GC(854) Pause Young (Allocation Failure)
[3719.685s][info][gc,heap        ] GC(854) PSYoungGen: 2616921K(2624000K)->155136K(2625536K) Eden: 2455040K(2455040K)->0K(2455040K) From: 161881K(168960K)->155136K(170496K)
[3719.685s][info][gc,heap        ] GC(854) ParOldGen: 1930664K(1930752K)->2032192K(2032640K)
[3719.685s][info][gc,metaspace   ] GC(854) Metaspace: 29071K(29376K)->29071K(29376K) NonClass: 25968K(26112K)->25968K(26112K) Class: 3103K(3264K)->3103K(3264K)
[3719.685s][info][gc             ] GC(854) Pause Young (Allocation Failure) 4441M->2136M(4549M) 94.755ms
[3719.685s][info][gc,cpu         ] GC(854) User=0.53s Sys=0.03s Real=0.09s
...[3722.503s][info][gc,start       ] GC(855) Pause Young (Allocation Failure)
[3722.597s][info][gc,heap        ] GC(855) PSYoungGen: 2610176K(2625536K)->154848K(2621952K) Eden: 2455040K(2455040K)->0K(2456064K) From: 155136K(170496K)->154848K(165888K)
[3722.597s][info][gc,heap        ] GC(855) ParOldGen: 2032192K(2032640K)->2136624K(2137088K)
[3722.597s][info][gc,metaspace   ] GC(855) Metaspace: 29071K(29376K)->29071K(29376K) NonClass: 25968K(26112K)->25968K(26112K) Class: 3103K(3264K)->3103K(3264K)
[3722.597s][info][gc             ] GC(855) Pause Young (Allocation Failure) 4533M->2237M(4647M) 94.727ms
[3722.597s][info][gc,cpu         ] GC(855) User=0.53s Sys=0.03s Real=0.09s
..[3725.347s][info][gc,start       ] GC(856) Pause Young (Allocation Failure)
[3725.446s][info][gc,heap        ] GC(856) PSYoungGen: 2610912K(2621952K)->156224K(2624000K) Eden: 2456064K(2456064K)->0K(2456064K) From: 154848K(165888K)->156224K(167936K)
[3725.446s][info][gc,heap        ] GC(856) ParOldGen: 2136624K(2137088K)->2242440K(2242560K)
[3725.446s][info][gc,metaspace   ] GC(856) Metaspace: 29071K(29376K)->29071K(29376K) NonClass: 25968K(26112K)->25968K(26112K) Class: 3103K(3264K)->3103K(3264K)
[3725.446s][info][gc             ] GC(856) Pause Young (Allocation Failure) 4636M->2342M(4752M) 98.845ms
[3725.446s][info][gc,cpu         ] GC(856) User=0.56s Sys=0.03s Real=0.10s
...[3728.214s][info][gc,start       ] GC(857) Pause Young (Allocation Failure)
[3728.308s][info][gc,heap        ] GC(857) PSYoungGen: 2612288K(2624000K)->150112K(2626560K) Eden: 2456064K(2456064K)->0K(2460672K) From: 156224K(167936K)->150112K(165888K)
[3728.308s][info][gc,heap        ] GC(857) ParOldGen: 2242440K(2242560K)->2345248K(2345472K)
[3728.308s][info][gc,metaspace   ] GC(857) Metaspace: 29071K(29376K)->29071K(29376K) NonClass: 25968K(26112K)->25968K(26112K) Class: 3103K(3264K)->3103K(3264K)
[3728.308s][info][gc             ] GC(857) Pause Young (Allocation Failure) 4740M->2436M(4855M) 93.541ms
[3728.308s][info][gc,cpu         ] GC(857) User=0.52s Sys=0.04s Real=0.09s
...[3731.128s][info][gc,start       ] GC(858) Pause Young (Allocation Failure)
[3731.226s][info][gc,heap        ] GC(858) PSYoungGen: 2610784K(2626560K)->158804K(2627584K) Eden: 2460672K(2460672K)->0K(2460672K) From: 150112K(165888K)->158804K(166912K)
[3731.226s][info][gc,heap        ] GC(858) ParOldGen: 2345248K(2345472K)->2449112K(2449408K)
[3731.226s][info][gc,metaspace   ] GC(858) Metaspace: 29071K(29376K)->29071K(29376K) NonClass: 25968K(26112K)->25968K(26112K) Class: 3103K(3264K)->3103K(3264K)
[3731.226s][info][gc             ] GC(858) Pause Young (Allocation Failure) 4839M->2546M(4958M) 98.166ms
[3731.226s][info][gc,cpu         ] GC(858) User=0.55s Sys=0.02s Real=0.10s
...[3733.992s][info][gc,start       ] GC(859) Pause Young (Allocation Failure)
[3734.094s][info][gc,heap        ] GC(859) PSYoungGen: 2619476K(2627584K)->160389K(2627584K) Eden: 2460672K(2460672K)->0K(2460160K) From: 158804K(166912K)->160389K(167424K)
[3734.094s][info][gc,heap        ] GC(859) ParOldGen: 2449112K(2449408K)->2555312K(2555392K)
[3734.094s][info][gc,metaspace   ] GC(859) Metaspace: 29071K(29376K)->29071K(29376K) NonClass: 25968K(26112K)->25968K(26112K) Class: 3103K(3264K)->3103K(3264K)
[3734.094s][info][gc             ] GC(859) Pause Young (Allocation Failure) 4949M->2652M(5061M) 101.366ms
[3734.094s][info][gc,cpu         ] GC(859) User=0.56s Sys=0.03s Real=0.10s
...[3736.848s][info][gc,start       ] GC(860) Pause Young (Allocation Failure)
[3736.940s][info][gc,heap        ] GC(860) PSYoungGen: 2620549K(2627584K)->145824K(2606080K) Eden: 2460160K(2460160K)->0K(2460160K) From: 160389K(167424K)->145824K(145920K)
[3736.940s][info][gc,heap        ] GC(860) ParOldGen: 2555312K(2555392K)->2659768K(2659840K)
[3736.940s][info][gc,metaspace   ] GC(860) Metaspace: 29071K(29376K)->29071K(29376K) NonClass: 25968K(26112K)->25968K(26112K) Class: 3103K(3264K)->3103K(3264K)
[3736.940s][info][gc             ] GC(860) Pause Young (Allocation Failure) 5054M->2739M(5142M) 92.589ms
[3736.940s][info][gc,cpu         ] GC(860) User=0.51s Sys=0.04s Real=0.10s
...[3739.756s][info][gc,start       ] GC(861) Pause Young (Allocation Failure)
[3739.850s][info][gc,heap        ] GC(861) PSYoungGen: 2600244K(2606080K)->154784K(2628608K) Eden: 2454420K(2460160K)->0K(2460160K) From: 145824K(145920K)->154784K(168448K)
[3739.850s][info][gc,heap        ] GC(861) ParOldGen: 2659768K(2659840K)->2763400K(2763776K)
[3739.850s][info][gc,metaspace   ] GC(861) Metaspace: 29071K(29376K)->29071K(29376K) NonClass: 25968K(26112K)->25968K(26112K) Class: 3103K(3264K)->3103K(3264K)
[3739.850s][info][gc             ] GC(861) Pause Young (Allocation Failure) 5136M->2849M(5266M) 94.752ms
[3739.850s][info][gc,cpu         ] GC(861) User=0.54s Sys=0.02s Real=0.10s
...[3742.705s][info][gc,start       ] GC(862) Pause Young (Allocation Failure)
[3742.800s][info][gc,heap        ] GC(862) PSYoungGen: 2614944K(2628608K)->156000K(2616320K) Eden: 2460160K(2460160K)->0K(2460160K) From: 154784K(168448K)->156000K(156160K)
[3742.800s][info][gc,heap        ] GC(862) ParOldGen: 2763400K(2763776K)->2866472K(2866688K)
[3742.800s][info][gc,metaspace   ] GC(862) Metaspace: 29071K(29376K)->29071K(29376K) NonClass: 25968K(26112K)->25968K(26112K) Class: 3103K(3264K)->3103K(3264K)
[3742.800s][info][gc             ] GC(862) Pause Young (Allocation Failure) 5252M->2951M(5354M) 95.016ms
[3742.800s][info][gc,cpu         ] GC(862) User=0.53s Sys=0.03s Real=0.10s
...[3745.589s][info][gc,start       ] GC(863) Pause Young (Allocation Failure)
[3745.684s][info][gc,heap        ] GC(863) PSYoungGen: 2616160K(2616320K)->153632K(2627584K) Eden: 2460160K(2460160K)->0K(2461184K) From: 156000K(156160K)->153632K(166400K)
[3745.684s][info][gc,heap        ] GC(863) ParOldGen: 2866472K(2866688K)->2971768K(2972160K)
[3745.684s][info][gc,metaspace   ] GC(863) Metaspace: 29071K(29376K)->29071K(29376K) NonClass: 25968K(26112K)->25968K(26112K) Class: 3103K(3264K)->3103K(3264K)
[3745.684s][info][gc             ] GC(863) Pause Young (Allocation Failure) 5354M->3052M(5468M) 95.569ms
[3745.684s][info][gc,cpu         ] GC(863) User=0.54s Sys=0.03s Real=0.10s
..[3748.402s][info][gc,start       ] GC(864) Pause Young (Allocation Failure)
[3748.495s][info][gc,heap        ] GC(864) PSYoungGen: 2614816K(2627584K)->148288K(2626560K) Eden: 2461184K(2461184K)->0K(2461184K) From: 153632K(166400K)->148288K(165376K)
[3748.495s][info][gc,heap        ] GC(864) ParOldGen: 2971768K(2972160K)->3076992K(3077120K)
[3748.495s][info][gc,metaspace   ] GC(864) Metaspace: 29071K(29376K)->29071K(29376K) NonClass: 25968K(26112K)->25968K(26112K) Class: 3103K(3264K)->3103K(3264K)
[3748.495s][info][gc             ] GC(864) Pause Young (Allocation Failure) 5455M->3149M(5570M) 93.320ms
[3748.495s][info][gc,cpu         ] GC(864) User=0.52s Sys=0.04s Real=0.09s
...[3751.308s][info][gc,start       ] GC(865) Pause Young (Allocation Failure)
[3751.405s][info][gc,heap        ] GC(865) PSYoungGen: 2609472K(2626560K)->152448K(2629632K) Eden: 2461184K(2461184K)->0K(2465280K) From: 148288K(165376K)->152448K(164352K)
[3751.405s][info][gc,heap        ] GC(865) ParOldGen: 3076992K(3077120K)->3179512K(3179520K)
[3751.405s][info][gc,metaspace   ] GC(865) Metaspace: 29071K(29376K)->29071K(29376K) NonClass: 25968K(26112K)->25968K(26112K) Class: 3103K(3264K)->3103K(3264K)
[3751.405s][info][gc             ] GC(865) Pause Young (Allocation Failure) 5553M->3253M(5673M) 96.873ms
[3751.405s][info][gc,cpu         ] GC(865) User=0.54s Sys=0.03s Real=0.10s
. (rIR:aIR:PR = 5950:5950:5950) (tPR = 88319) [OK] 
  3751s: Performance info:
         Transaction,    Success,    Partial,     Failed,   Receipts, AvgBarcode, 
             Overall,     359305,          0,          0,     341336,      59.48, 
         Response times:
             Request,    Success,    Partial,     Failed,   SkipFail,     Probes,    Samples,      min,      p50,      p90,      p95,      p99,      max, 
       TotalPurchase,     341336,          0,          0,          0,     331162,     393120,      300,     4600,     9600,    28000,   477000,   950000,
     InStorePurchase,     179656,          0,          0,          0,     174324,     206429,      300,     4600,     9600,    27000,   495000,   950000,
      OnlinePurchase,     125787,          0,          0,          0,     122399,     145384,      300,     4500,     9600,    28000,   463000,   950000,
        InstPurchase,      35893,          0,          0,          0,      34439,      41307,      400,     5100,     9900,    31000,   526000,   950000,
          AssocOfCat,        362,          0,          0,          0,        284,        433,    19500,    33000,    54000,    89200,   210940,   264000,
      AssocOfProduct,       3598,          0,          0,          0,       3290,       4177,      300,     3900,     8600,    22100,   339000,   490000,
      BusinessReport,        900,          0,          0,          0,        768,       1005,    21000,    41000,    61400,    99600,   542000,  1100000,
          CustBuyBeh,       3588,          0,          0,          0,       3259,       4108,      200,     5200,    10700,    29000,   364000,   490000,
       ProductReturn,       9521,          0,          0,          0,       8889,      10865,      200,     4100,     8600,    26000,   466000,   630000,

  3751s: (44%)   IR =   6088 ..[3754.123s][info][gc,start       ] GC(866) Pause Young (Allocation Failure)
[3754.223s][info][gc,heap        ] GC(866) PSYoungGen: 2617728K(2629632K)->160528K(2629632K) Eden: 2465280K(2465280K)->0K(2465280K) From: 152448K(164352K)->160528K(164352K)
[3754.223s][info][gc,heap        ] GC(866) ParOldGen: 3179512K(3179520K)->3284768K(3284992K)
[3754.223s][info][gc,metaspace   ] GC(866) Metaspace: 29072K(29376K)->29072K(29376K) NonClass: 25969K(26112K)->25969K(26112K) Class: 3103K(3264K)->3103K(3264K)
[3754.223s][info][gc             ] GC(866) Pause Young (Allocation Failure) 5661M->3364M(5776M) 100.043ms
[3754.223s][info][gc,cpu         ] GC(866) User=0.55s Sys=0.03s Real=0.10s
...|[3756.995s][info][gc,start       ] GC(867) Pause Young (Allocation Failure)
[3757.100s][info][gc,heap        ] GC(867) PSYoungGen: 2625808K(2629632K)->165721K(2624000K) Eden: 2465280K(2465280K)->0K(2458112K) From: 160528K(164352K)->165721K(165888K)
[3757.100s][info][gc,heap        ] GC(867) ParOldGen: 3284768K(3284992K)->3388584K(3388928K)
[3757.100s][info][gc,metaspace   ] GC(867) Metaspace: 29072K(29376K)->29072K(29376K) NonClass: 25969K(26112K)->25969K(26112K) Class: 3103K(3264K)->3103K(3264K)
[3757.100s][info][gc             ] GC(867) Pause Young (Allocation Failure) 5772M->3471M(5872M) 105.256ms
[3757.100s][info][gc,cpu         ] GC(867) User=0.59s Sys=0.03s Real=0.11s
..[3758.991s][info][gc,start       ] GC(868) Pause Full (Diagnostic Command)
[3758.991s][info][gc,phases,start] GC(868) Marking Phase
[3759.296s][info][gc,phases      ] GC(868) Marking Phase 304.546ms
[3759.296s][info][gc,phases,start] GC(868) Summary Phase
[3759.296s][info][gc,phases      ] GC(868) Summary Phase 0.068ms
[3759.296s][info][gc,phases,start] GC(868) Forward
[3759.439s][info][gc,phases      ] GC(868) Forward 143.763ms
[3759.439s][info][gc,phases,start] GC(868) Adjust Pointers
[3759.655s][info][gc,phases      ] GC(868) Adjust Pointers 215.539ms
[3759.655s][info][gc,phases,start] GC(868) Compaction Phase
[3759.825s][info][gc,phases      ] GC(868) Compaction Phase 169.758ms
[3759.826s][info][gc,phases,start] GC(868) Post Compact
[3759.830s][info][gc,phases      ] GC(868) Post Compact 4.442ms
[3759.830s][info][gc,heap        ] GC(868) PSYoungGen: 1935160K(2624000K)->0K(2624000K) Eden: 1769439K(2458112K)->0K(2458112K) From: 165721K(165888K)->0K(165888K)
[3759.830s][info][gc,heap        ] GC(868) ParOldGen: 3388584K(3388928K)->1331505K(3388928K)
[3759.830s][info][gc,metaspace   ] GC(868) Metaspace: 29072K(29376K)->29072K(29376K) NonClass: 25969K(26112K)->25969K(26112K) Class: 3103K(3264K)->3103K(3264K)
[3759.830s][info][gc             ] GC(868) Pause Full (Diagnostic Command) 5198M->1300M(5872M) 839.482ms
[3759.830s][info][gc,cpu         ] GC(868) User=4.57s Sys=0.00s Real=0.84s
...[3761.842s][info][gc,start       ] GC(869) Pause Young (Allocation Failure)
[3761.903s][info][gc,heap        ] GC(869) PSYoungGen: 2458112K(2624000K)->147136K(2627072K) Eden: 2458112K(2458112K)->0K(2458112K) From: 0K(165888K)->147136K(168960K)
[3761.903s][info][gc,heap        ] GC(869) ParOldGen: 1331505K(3388928K)->1331505K(3388928K)
[3761.903s][info][gc,metaspace   ] GC(869) Metaspace: 29072K(29376K)->29072K(29376K) NonClass: 25969K(26112K)->25969K(26112K) Class: 3103K(3264K)->3103K(3264K)
[3761.903s][info][gc             ] GC(869) Pause Young (Allocation Failure) 3700M->1443M(5875M) 60.427ms
[3761.903s][info][gc,cpu         ] GC(869) User=0.36s Sys=0.00s Real=0.06s
..[3764.601s][info][gc,start       ] GC(870) Pause Young (Allocation Failure)
[3764.693s][info][gc,heap        ] GC(870) PSYoungGen: 2605248K(2627072K)->151872K(2626048K) Eden: 2458112K(2458112K)->0K(2458112K) From: 147136K(168960K)->151872K(167936K)
[3764.693s][info][gc,heap        ] GC(870) ParOldGen: 1331505K(3388928K)->1437737K(3388928K)
[3764.693s][info][gc,metaspace   ] GC(870) Metaspace: 29072K(29376K)->29072K(29376K) NonClass: 25969K(26112K)->25969K(26112K) Class: 3103K(3264K)->3103K(3264K)
[3764.693s][info][gc             ] GC(870) Pause Young (Allocation Failure) 3844M->1552M(5874M) 91.662ms
[3764.693s][info][gc,cpu         ] GC(870) User=0.55s Sys=0.00s Real=0.09s
...[3767.465s][info][gc,start       ] GC(871) Pause Young (Allocation Failure)
[3767.555s][info][gc,heap        ] GC(871) PSYoungGen: 2609984K(2626048K)->153120K(2626560K) Eden: 2458112K(2458112K)->0K(2458112K) From: 151872K(167936K)->153120K(168448K)
[3767.555s][info][gc,heap        ] GC(871) ParOldGen: 1437737K(3388928K)->1540761K(3388928K)
[3767.555s][info][gc,metaspace   ] GC(871) Metaspace: 29072K(29376K)->29072K(29376K) NonClass: 25969K(26112K)->25969K(26112K) Class: 3103K(3264K)->3103K(3264K)
[3767.555s][info][gc             ] GC(871) Pause Young (Allocation Failure) 3952M->1654M(5874M) 90.610ms
[3767.555s][info][gc,cpu         ] GC(871) User=0.54s Sys=0.00s Real=0.09s
...[3770.298s][info][gc,start       ] GC(872) Pause Young (Allocation Failure)
[3770.390s][info][gc,heap        ] GC(872) PSYoungGen: 2611232K(2626560K)->152832K(2626560K) Eden: 2458112K(2458112K)->0K(2460672K) From: 153120K(168448K)->152832K(165888K)
[3770.390s][info][gc,heap        ] GC(872) ParOldGen: 1540761K(3388928K)->1645833K(3388928K)
[3770.390s][info][gc,metaspace   ] GC(872) Metaspace: 29072K(29376K)->29072K(29376K) NonClass: 25969K(26112K)->25969K(26112K) Class: 3103K(3264K)->3103K(3264K)
[3770.390s][info][gc             ] GC(872) Pause Young (Allocation Failure) 4054M->1756M(5874M) 91.703ms
[3770.390s][info][gc,cpu         ] GC(872) User=0.55s Sys=0.00s Real=0.09s
...[3773.138s][info][gc,start       ] GC(873) Pause Young (Allocation Failure)
[3773.228s][info][gc,heap        ] GC(873) PSYoungGen: 2613504K(2626560K)->148800K(2626560K) Eden: 2460672K(2460672K)->0K(2460672K) From: 152832K(165888K)->148800K(165888K)
[3773.228s][info][gc,heap        ] GC(873) ParOldGen: 1645833K(3388928K)->1751785K(3388928K)
[3773.228s][info][gc,metaspace   ] GC(873) Metaspace: 29072K(29376K)->29072K(29376K) NonClass: 25969K(26112K)->25969K(26112K) Class: 3103K(3264K)->3103K(3264K)
[3773.228s][info][gc             ] GC(873) Pause Young (Allocation Failure) 4159M->1856M(5874M) 90.585ms
[3773.228s][info][gc,cpu         ] GC(873) User=0.53s Sys=0.00s Real=0.09s
...[3775.924s][info][gc,start       ] GC(874) Pause Young (Allocation Failure)
[3776.013s][info][gc,heap        ] GC(874) PSYoungGen: 2609472K(2626560K)->146880K(2630144K) Eden: 2460672K(2460672K)->0K(2464256K) From: 148800K(165888K)->146880K(165888K)
[3776.013s][info][gc,heap        ] GC(874) ParOldGen: 1751785K(3388928K)->1855993K(3388928K)
[3776.013s][info][gc,metaspace   ] GC(874) Metaspace: 29072K(29376K)->29072K(29376K) NonClass: 25969K(26112K)->25969K(26112K) Class: 3103K(3264K)->3103K(3264K)
[3776.013s][info][gc             ] GC(874) Pause Young (Allocation Failure) 4259M->1955M(5878M) 89.047ms
[3776.013s][info][gc,cpu         ] GC(874) User=0.52s Sys=0.00s Real=0.09s
..[3778.723s][info][gc,start       ] GC(875) Pause Young (Allocation Failure)
[3778.823s][info][gc,heap        ] GC(875) PSYoungGen: 2611136K(2630144K)->165860K(2630144K) Eden: 2464256K(2464256K)->0K(2464256K) From: 146880K(165888K)->165860K(165888K)
[3778.823s][info][gc,heap        ] GC(875) ParOldGen: 1855993K(3388928K)->1962825K(3388928K)
[3778.823s][info][gc,metaspace   ] GC(875) Metaspace: 29072K(29376K)->29072K(29376K) NonClass: 25969K(26112K)->25969K(26112K) Class: 3103K(3264K)->3103K(3264K)
[3778.823s][info][gc             ] GC(875) Pause Young (Allocation Failure) 4362M->2078M(5878M) 99.501ms
[3778.823s][info][gc,cpu         ] GC(875) User=0.59s Sys=0.00s Real=0.10s
...[3781.483s][info][gc,start       ] GC(876) Pause Young (Allocation Failure)
[3781.573s][info][gc,heap        ] GC(876) PSYoungGen: 2630116K(2630144K)->150592K(2548224K) Eden: 2464256K(2464256K)->0K(2382336K) From: 165860K(165888K)->150592K(165888K)
[3781.574s][info][gc,heap        ] GC(876) ParOldGen: 1962825K(3388928K)->2067793K(3388928K)
[3781.574s][info][gc,metaspace   ] GC(876) Metaspace: 29072K(29376K)->29072K(29376K) NonClass: 25969K(26112K)->25969K(26112K) Class: 3103K(3264K)->3103K(3264K)
[3781.574s][info][gc             ] GC(876) Pause Young (Allocation Failure) 4485M->2166M(5798M) 90.766ms
[3781.574s][info][gc,cpu         ] GC(876) User=0.54s Sys=0.00s Real=0.09s
...[3784.331s][info][gc,start       ] GC(877) Pause Young (Allocation Failure)
[3784.428s][info][gc,heap        ] GC(877) PSYoungGen: 2532928K(2548224K)->166420K(2589184K) Eden: 2382336K(2382336K)->0K(2382336K) From: 150592K(165888K)->166420K(206848K)
[3784.428s][info][gc,heap        ] GC(877) ParOldGen: 2067793K(3388928K)->2170785K(3388928K)
[3784.428s][info][gc,metaspace   ] GC(877) Metaspace: 29072K(29376K)->29072K(29376K) NonClass: 25969K(26112K)->25969K(26112K) Class: 3103K(3264K)->3103K(3264K)
[3784.428s][info][gc             ] GC(877) Pause Young (Allocation Failure) 4492M->2282M(5838M) 97.202ms
[3784.428s][info][gc,cpu         ] GC(877) User=0.58s Sys=0.00s Real=0.09s
...[3787.094s][info][gc,start       ] GC(878) Pause Young (Allocation Failure)
[3787.189s][info][gc,heap        ] GC(878) PSYoungGen: 2548756K(2589184K)->155269K(2580992K) Eden: 2382336K(2382336K)->0K(2385408K) From: 166420K(206848K)->155269K(195584K)
[3787.189s][info][gc,heap        ] GC(878) ParOldGen: 2170785K(3388928K)->2276993K(3388928K)
[3787.189s][info][gc,metaspace   ] GC(878) Metaspace: 29072K(29376K)->29072K(29376K) NonClass: 25969K(26112K)->25969K(26112K) Class: 3103K(3264K)->3103K(3264K)
[3787.189s][info][gc             ] GC(878) Pause Young (Allocation Failure) 4608M->2375M(5830M) 95.093ms
[3787.189s][info][gc,cpu         ] GC(878) User=0.56s Sys=0.00s Real=0.09s
..[3789.796s][info][gc,start       ] GC(879) Pause Young (Allocation Failure)
[3789.888s][info][gc,heap        ] GC(879) PSYoungGen: 2540677K(2580992K)->152640K(2586624K) Eden: 2385408K(2385408K)->0K(2385408K) From: 155269K(195584K)->152640K(201216K)
[3789.888s][info][gc,heap        ] GC(879) ParOldGen: 2276993K(3388928K)->2379713K(3388928K)
[3789.888s][info][gc,metaspace   ] GC(879) Metaspace: 29072K(29376K)->29072K(29376K) NonClass: 25969K(26112K)->25969K(26112K) Class: 3103K(3264K)->3103K(3264K)
[3789.888s][info][gc             ] GC(879) Pause Young (Allocation Failure) 4704M->2473M(5835M) 91.823ms
[3789.888s][info][gc,cpu         ] GC(879) User=0.54s Sys=0.01s Real=0.09s
...[3792.523s][info][gc,start       ] GC(880) Pause Young (Allocation Failure)
[3792.614s][info][gc,heap        ] GC(880) PSYoungGen: 2538048K(2586624K)->151488K(2588672K) Eden: 2385408K(2385408K)->0K(2395648K) From: 152640K(201216K)->151488K(193024K)
[3792.614s][info][gc,heap        ] GC(880) ParOldGen: 2379713K(3388928K)->2482465K(3388928K)
[3792.614s][info][gc,metaspace   ] GC(880) Metaspace: 29072K(29376K)->29072K(29376K) NonClass: 25969K(26112K)->25969K(26112K) Class: 3103K(3264K)->3103K(3264K)
[3792.614s][info][gc             ] GC(880) Pause Young (Allocation Failure) 4802M->2572M(5837M) 90.908ms
[3792.614s][info][gc,cpu         ] GC(880) User=0.54s Sys=0.00s Real=0.09s
...[3795.251s][info][gc,start       ] GC(881) Pause Young (Allocation Failure)
[3795.344s][info][gc,heap        ] GC(881) PSYoungGen: 2547136K(2588672K)->153700K(2592768K) Eden: 2395648K(2395648K)->0K(2395648K) From: 151488K(193024K)->153700K(197120K)
[3795.344s][info][gc,heap        ] GC(881) ParOldGen: 2482465K(3388928K)->2584937K(3388928K)
[3795.344s][info][gc,metaspace   ] GC(881) Metaspace: 29072K(29376K)->29072K(29376K) NonClass: 25969K(26112K)->25969K(26112K) Class: 3103K(3264K)->3103K(3264K)
[3795.344s][info][gc             ] GC(881) Pause Young (Allocation Failure) 4911M->2674M(5841M) 93.122ms
[3795.344s][info][gc,cpu         ] GC(881) User=0.55s Sys=0.00s Real=0.09s
...[3797.978s][info][gc,start       ] GC(882) Pause Young (Allocation Failure)
[3798.070s][info][gc,heap        ] GC(882) PSYoungGen: 2549348K(2592768K)->152640K(2593280K) Eden: 2395648K(2395648K)->0K(2404352K) From: 153700K(197120K)->152640K(188928K)
[3798.070s][info][gc,heap        ] GC(882) ParOldGen: 2584937K(3388928K)->2688497K(3388928K)
[3798.070s][info][gc,metaspace   ] GC(882) Metaspace: 29072K(29376K)->29072K(29376K) NonClass: 25969K(26112K)->25969K(26112K) Class: 3103K(3264K)->3103K(3264K)
[3798.070s][info][gc             ] GC(882) Pause Young (Allocation Failure) 5013M->2774M(5842M) 92.500ms
[3798.070s][info][gc,cpu         ] GC(882) User=0.55s Sys=0.00s Real=0.10s
..[3800.726s][info][gc,start       ] GC(883) Pause Young (Allocation Failure)
[3800.816s][info][gc,heap        ] GC(883) PSYoungGen: 2556992K(2593280K)->150784K(2596864K) Eden: 2404352K(2404352K)->0K(2404352K) From: 152640K(188928K)->150784K(192512K)
[3800.816s][info][gc,heap        ] GC(883) ParOldGen: 2688497K(3388928K)->2791113K(3388928K)
[3800.817s][info][gc,metaspace   ] GC(883) Metaspace: 29072K(29376K)->29072K(29376K) NonClass: 25969K(26112K)->25969K(26112K) Class: 3103K(3264K)->3103K(3264K)
[3800.817s][info][gc             ] GC(883) Pause Young (Allocation Failure) 5122M->2872M(5845M) 90.481ms
[3800.817s][info][gc,cpu         ] GC(883) User=0.54s Sys=0.00s Real=0.09s
...[3803.511s][info][gc,start       ] GC(884) Pause Young (Allocation Failure)
[3803.604s][info][gc,heap        ] GC(884) PSYoungGen: 2555136K(2596864K)->155925K(2595840K) Eden: 2404352K(2404352K)->0K(2412544K) From: 150784K(192512K)->155925K(183296K)
[3803.604s][info][gc,heap        ] GC(884) ParOldGen: 2791113K(3388928K)->2894505K(3388928K)
[3803.604s][info][gc,metaspace   ] GC(884) Metaspace: 29072K(29376K)->29072K(29376K) NonClass: 25969K(26112K)->25969K(26112K) Class: 3103K(3264K)->3103K(3264K)
[3803.604s][info][gc             ] GC(884) Pause Young (Allocation Failure) 5220M->2978M(5844M) 93.014ms
[3803.604s][info][gc,cpu         ] GC(884) User=0.55s Sys=0.00s Real=0.09s
...[3806.303s][info][gc,start       ] GC(885) Pause Young (Allocation Failure)
[3806.395s][info][gc,heap        ] GC(885) PSYoungGen: 2568469K(2595840K)->152480K(2600448K) Eden: 2412544K(2412544K)->0K(2412544K) From: 155925K(183296K)->152480K(187904K)
[3806.395s][info][gc,heap        ] GC(885) ParOldGen: 2894505K(3388928K)->2998073K(3388928K)
[3806.395s][info][gc,metaspace   ] GC(885) Metaspace: 29072K(29376K)->29072K(29376K) NonClass: 25969K(26112K)->25969K(26112K) Class: 3103K(3264K)->3103K(3264K)
[3806.395s][info][gc             ] GC(885) Pause Young (Allocation Failure) 5334M->3076M(5849M) 92.214ms
[3806.395s][info][gc,cpu         ] GC(885) User=0.55s Sys=0.00s Real=0.09s
...[3809.075s][info][gc,start       ] GC(886) Pause Young (Allocation Failure)
[3809.166s][info][gc,heap        ] GC(886) PSYoungGen: 2565024K(2600448K)->148224K(2604032K) Eden: 2412544K(2412544K)->0K(2422272K) From: 152480K(187904K)->148224K(181760K)
[3809.166s][info][gc,heap        ] GC(886) ParOldGen: 2998073K(3388928K)->3104041K(3388928K)
[3809.166s][info][gc,metaspace   ] GC(886) Metaspace: 29072K(29376K)->29072K(29376K) NonClass: 25969K(26112K)->25969K(26112K) Class: 3103K(3264K)->3103K(3264K)
[3809.166s][info][gc             ] GC(886) Pause Young (Allocation Failure) 5432M->3176M(5852M) 91.207ms
[3809.166s][info][gc,cpu         ] GC(886) User=0.54s Sys=0.00s Real=0.09s
..[3811.843s][info][gc,start       ] GC(887) Pause Young (Allocation Failure)
[3811.933s][info][gc,heap        ] GC(887) PSYoungGen: 2570496K(2604032K)->143168K(2607104K) Eden: 2422272K(2422272K)->0K(2422272K) From: 148224K(181760K)->143168K(184832K)
[3811.933s][info][gc,heap        ] GC(887) ParOldGen: 3104041K(3388928K)->3206937K(3388928K)
[3811.933s][info][gc,metaspace   ] GC(887) Metaspace: 29072K(29376K)->29072K(29376K) NonClass: 25969K(26112K)->25969K(26112K) Class: 3103K(3264K)->3103K(3264K)
[3811.933s][info][gc             ] GC(887) Pause Young (Allocation Failure) 5541M->3271M(5855M) 90.209ms
[3811.933s][info][gc,cpu         ] GC(887) User=0.53s Sys=0.00s Real=0.09s
...[3814.651s][info][gc,start       ] GC(888) Pause Young (Allocation Failure)
[3814.746s][info][gc,heap        ] GC(888) PSYoungGen: 2565440K(2607104K)->160196K(2608640K) Eden: 2422272K(2422272K)->0K(2426880K) From: 143168K(184832K)->160196K(181760K)
[3814.746s][info][gc,heap        ] GC(888) ParOldGen: 3206937K(3388928K)->3309465K(3388928K)
[3814.746s][info][gc,metaspace   ] GC(888) Metaspace: 29072K(29376K)->29072K(29376K) NonClass: 25969K(26112K)->25969K(26112K) Class: 3103K(3264K)->3103K(3264K)
[3814.746s][info][gc             ] GC(888) Pause Young (Allocation Failure) 5637M->3388M(5857M) 95.025ms
[3814.746s][info][gc,cpu         ] GC(888) User=0.56s Sys=0.00s Real=0.09s
... (rIR:aIR:PR = 6088:6088:6088) (tPR = 90474) [OK] 
  3816s: Performance info:
         Transaction,    Success,    Partial,     Failed,   Receipts, AvgBarcode, 
             Overall,     367562,          0,          0,     349182,      59.47, 
         Response times:
             Request,    Success,    Partial,     Failed,   SkipFail,     Probes,    Samples,      min,      p50,      p90,      p95,      p99,      max, 
       TotalPurchase,     349182,          0,          0,          0,     337335,     371397,      300,     4700,     9700,    28000,    74000,   920000,
     InStorePurchase,     183857,          0,          0,          0,     177364,     194824,      300,     4900,     9700,    28000,    74000,   920000,
      OnlinePurchase,     128582,          0,          0,          0,     124494,     137058,      300,     4600,     9700,    28000,    74000,   900000,
        InstPurchase,      36743,          0,          0,          0,      35477,      39515,      400,     4400,     9400,    25000,    75000,   900000,
          AssocOfCat,        368,          0,          0,          0,        298,        380,    19500,    33000,    50900,    72950,   153000,   940000,
      AssocOfProduct,       3671,          0,          0,          0,       3346,       3846,     1100,     4400,     9800,    27000,    91000,   850000,
      BusinessReport,        919,          0,          0,          0,        802,       1001,    27000,    39000,    59000,    75000,   146980,   207000,
          CustBuyBeh,       3682,          0,          0,          0,       3411,       3957,      600,     5400,     9700,    29100,    90000,   850000,
       ProductReturn,       9740,          0,          0,          0,       9328,      10442,      200,     5400,    10400,    34000,    81000,   850000,

  3816s: (45%)   IR =   6227 [3817.443s][info][gc,start       ] GC(889) Pause Young (Allocation Failure)
[3817.536s][info][gc,heap        ] GC(889) PSYoungGen: 2587076K(2608640K)->151232K(2610176K) Eden: 2426880K(2426880K)->0K(2426880K) From: 160196K(181760K)->151232K(183296K)
[3817.536s][info][gc,heap        ] GC(889) ParOldGen: 3309465K(3388928K)->3413793K(3414016K)
[3817.536s][info][gc,metaspace   ] GC(889) Metaspace: 29072K(29376K)->29072K(29376K) NonClass: 25969K(26112K)->25969K(26112K) Class: 3103K(3264K)->3103K(3264K)
[3817.536s][info][gc             ] GC(889) Pause Young (Allocation Failure) 5758M->3481M(5883M) 92.980ms
[3817.536s][info][gc,cpu         ] GC(889) User=0.54s Sys=0.01s Real=0.09s
...[3820.146s][info][gc,start       ] GC(890) Pause Young (Allocation Failure)
[3820.246s][info][gc,heap        ] GC(890) PSYoungGen: 2578112K(2610176K)->158293K(2610176K) Eden: 2426880K(2426880K)->0K(2431488K) From: 151232K(183296K)->158293K(178688K)
[3820.246s][info][gc,heap        ] GC(890) ParOldGen: 3413793K(3414016K)->3517745K(3517952K)
[3820.246s][info][gc,metaspace   ] GC(890) Metaspace: 29072K(29376K)->29072K(29376K) NonClass: 25969K(26112K)->25969K(26112K) Class: 3103K(3264K)->3103K(3264K)
[3820.246s][info][gc             ] GC(890) Pause Young (Allocation Failure) 5851M->3589M(5984M) 99.460ms
[3820.246s][info][gc,cpu         ] GC(890) User=0.56s Sys=0.03s Real=0.10s
.|.[3822.845s][info][gc,start       ] GC(891) Pause Young (Allocation Failure)
[3822.941s][info][gc,heap        ] GC(891) PSYoungGen: 2589781K(2610176K)->150336K(2611200K) Eden: 2431488K(2431488K)->0K(2431488K) From: 158293K(178688K)->150336K(179712K)
[3822.941s][info][gc,heap        ] GC(891) ParOldGen: 3517745K(3517952K)->3621833K(3621888K)
[3822.941s][info][gc,metaspace   ] GC(891) Metaspace: 29072K(29376K)->29072K(29376K) NonClass: 25969K(26112K)->25969K(26112K) Class: 3103K(3264K)->3103K(3264K)
[3822.941s][info][gc             ] GC(891) Pause Young (Allocation Failure) 5964M->3683M(6087M) 95.905ms
[3822.941s][info][gc,cpu         ] GC(891) User=0.53s Sys=0.04s Real=0.10s
...[3825.599s][info][gc,start       ] GC(892) Pause Young (Allocation Failure)
[3825.696s][info][gc,heap        ] GC(892) PSYoungGen: 2581824K(2611200K)->152960K(2613760K) Eden: 2431488K(2431488K)->0K(2438144K) From: 150336K(179712K)->152960K(175616K)
[3825.696s][info][gc,heap        ] GC(892) ParOldGen: 3621833K(3621888K)->3725409K(3725824K)
[3825.696s][info][gc,metaspace   ] GC(892) Metaspace: 29072K(29376K)->29072K(29376K) NonClass: 25969K(26112K)->25969K(26112K) Class: 3103K(3264K)->3103K(3264K)
[3825.696s][info][gc             ] GC(892) Pause Young (Allocation Failure) 6058M->3787M(6191M) 97.125ms
[3825.696s][info][gc,cpu         ] GC(892) User=0.55s Sys=0.03s Real=0.10s
...[3828.363s][info][gc,start       ] GC(893) Pause Young (Allocation Failure)
[3828.462s][info][gc,heap        ] GC(893) PSYoungGen: 2591104K(2613760K)->159093K(2614784K) Eden: 2438144K(2438144K)->0K(2438144K) From: 152960K(175616K)->159093K(176640K)
[3828.462s][info][gc,heap        ] GC(893) ParOldGen: 3725409K(3725824K)->3827721K(3828224K)
[3828.462s][info][gc,metaspace   ] GC(893) Metaspace: 29072K(29376K)->29072K(29376K) NonClass: 25969K(26112K)->25969K(26112K) Class: 3103K(3264K)->3103K(3264K)
[3828.462s][info][gc             ] GC(893) Pause Young (Allocation Failure) 6168M->3893M(6292M) 99.133ms
[3828.462s][info][gc,cpu         ] GC(893) User=0.55s Sys=0.03s Real=0.10s
...[3831.080s][info][gc,start       ] GC(894) Pause Young (Allocation Failure)
[3831.175s][info][gc,heap        ] GC(894) PSYoungGen: 2597237K(2614784K)->146720K(2618368K) Eden: 2438144K(2438144K)->0K(2443776K) From: 159093K(176640K)->146720K(174592K)
[3831.175s][info][gc,heap        ] GC(894) ParOldGen: 3827721K(3828224K)->3934409K(3934720K)
[3831.175s][info][gc,metaspace   ] GC(894) Metaspace: 29072K(29376K)->29072K(29376K) NonClass: 25969K(26112K)->25969K(26112K) Class: 3103K(3264K)->3103K(3264K)
[3831.175s][info][gc             ] GC(894) Pause Young (Allocation Failure) 6274M->3985M(6399M) 95.179ms
[3831.176s][info][gc,cpu         ] GC(894) User=0.54s Sys=0.03s Real=0.09s
..[3833.854s][info][gc,start       ] GC(895) Pause Young (Allocation Failure)
[3833.952s][info][gc,heap        ] GC(895) PSYoungGen: 2590496K(2618368K)->151504K(2618880K) Eden: 2443776K(2443776K)->0K(2443776K) From: 146720K(174592K)->151504K(175104K)
[3833.952s][info][gc,heap        ] GC(895) ParOldGen: 3934409K(3934720K)->4036857K(4037120K)
[3833.952s][info][gc,metaspace   ] GC(895) Metaspace: 29072K(29376K)->29072K(29376K) NonClass: 25969K(26112K)->25969K(26112K) Class: 3103K(3264K)->3103K(3264K)
[3833.952s][info][gc             ] GC(895) Pause Young (Allocation Failure) 6371M->4090M(6500M) 97.742ms
[3833.952s][info][gc,cpu         ] GC(895) User=0.53s Sys=0.04s Real=0.10s
...[3836.592s][info][gc,start       ] GC(896) Pause Young (Allocation Failure)
[3836.691s][info][gc,heap        ] GC(896) PSYoungGen: 2595280K(2618880K)->158868K(2619904K) Eden: 2443776K(2443776K)->0K(2446336K) From: 151504K(175104K)->158868K(173568K)
[3836.691s][info][gc,heap        ] GC(896) ParOldGen: 4036857K(4037120K)->4140993K(4141056K)
[3836.691s][info][gc,metaspace   ] GC(896) Metaspace: 29072K(29376K)->29072K(29376K) NonClass: 25969K(26112K)->25969K(26112K) Class: 3103K(3264K)->3103K(3264K)
[3836.691s][info][gc             ] GC(896) Pause Young (Allocation Failure) 6476M->4199M(6602M) 99.214ms
[3836.691s][info][gc,cpu         ] GC(896) User=0.55s Sys=0.05s Real=0.10s
...[3839.381s][info][gc,start       ] GC(897) Pause Young (Allocation Failure)
[3839.481s][info][gc,heap        ] GC(897) PSYoungGen: 2605204K(2619904K)->159252K(2619904K) Eden: 2446336K(2446336K)->0K(2446336K) From: 158868K(173568K)->159252K(173568K)
[3839.481s][info][gc,heap        ] GC(897) ParOldGen: 4140993K(4141056K)->4244793K(4244992K)
[3839.481s][info][gc,metaspace   ] GC(897) Metaspace: 29072K(29376K)->29072K(29376K) NonClass: 25969K(26112K)->25969K(26112K) Class: 3103K(3264K)->3103K(3264K)
[3839.481s][info][gc             ] GC(897) Pause Young (Allocation Failure) 6588M->4300M(6704M) 100.125ms
[3839.481s][info][gc,cpu         ] GC(897) User=0.57s Sys=0.03s Real=0.10s
..[3841.996s][info][gc,start       ] GC(898) Pause Young (Allocation Failure)
[3842.091s][info][gc,heap        ] GC(898) PSYoungGen: 2605588K(2619904K)->141248K(2621440K) Eden: 2446336K(2446336K)->0K(2447872K) From: 159252K(173568K)->141248K(173568K)
[3842.091s][info][gc,heap        ] GC(898) ParOldGen: 4244793K(4244992K)->4353081K(4353536K)
[3842.091s][info][gc,metaspace   ] GC(898) Metaspace: 29072K(29376K)->29072K(29376K) NonClass: 25969K(26112K)->25969K(26112K) Class: 3103K(3264K)->3103K(3264K)
[3842.091s][info][gc             ] GC(898) Pause Young (Allocation Failure) 6689M->4388M(6811M) 95.008ms
[3842.091s][info][gc,cpu         ] GC(898) User=0.52s Sys=0.03s Real=0.10s
...[3844.799s][info][gc,start       ] GC(899) Pause Young (Allocation Failure)
[3844.900s][info][gc,heap        ] GC(899) PSYoungGen: 2589120K(2621440K)->167744K(2615808K) Eden: 2447872K(2447872K)->0K(2447872K) From: 141248K(173568K)->167744K(167936K)
[3844.900s][info][gc,heap        ] GC(899) ParOldGen: 4353081K(4353536K)->4451225K(4451328K)
[3844.900s][info][gc,metaspace   ] GC(899) Metaspace: 29072K(29376K)->29072K(29376K) NonClass: 25969K(26112K)->25969K(26112K) Class: 3103K(3264K)->3103K(3264K)
[3844.900s][info][gc             ] GC(899) Pause Young (Allocation Failure) 6779M->4510M(6901M) 101.896ms
[3844.900s][info][gc,cpu         ] GC(899) User=0.58s Sys=0.02s Real=0.11s
...[3847.574s][info][gc,start       ] GC(900) Pause Young (Allocation Failure)
[3847.674s][info][gc,heap        ] GC(900) PSYoungGen: 2615616K(2615808K)->159589K(2619392K) Eden: 2447872K(2447872K)->0K(2442240K) From: 167744K(167936K)->159589K(177152K)
[3847.674s][info][gc,heap        ] GC(900) ParOldGen: 4451225K(4451328K)->4557217K(4557312K)
[3847.674s][info][gc,metaspace   ] GC(900) Metaspace: 29072K(29376K)->29072K(29376K) NonClass: 25969K(26112K)->25969K(26112K) Class: 3103K(3264K)->3103K(3264K)
[3847.674s][info][gc             ] GC(900) Pause Young (Allocation Failure) 6901M->4606M(7008M) 99.743ms
[3847.674s][info][gc,cpu         ] GC(900) User=0.56s Sys=0.03s Real=0.10s
...[3850.275s][info][gc,start       ] GC(901) Pause Young (Allocation Failure)
[3850.376s][info][gc,heap        ] GC(901) PSYoungGen: 2601829K(2619392K)->157461K(2599936K) Eden: 2442240K(2442240K)->0K(2442240K) From: 159589K(177152K)->157461K(157696K)
[3850.376s][info][gc,heap        ] GC(901) ParOldGen: 4557217K(4557312K)->4662569K(4662784K)
[3850.376s][info][gc,metaspace   ] GC(901) Metaspace: 29072K(29376K)->29072K(29376K) NonClass: 25969K(26112K)->25969K(26112K) Class: 3103K(3264K)->3103K(3264K)
[3850.376s][info][gc             ] GC(901) Pause Young (Allocation Failure) 6991M->4707M(7092M) 101.058ms
[3850.376s][info][gc,cpu         ] GC(901) User=0.56s Sys=0.04s Real=0.10s
..[3853.060s][info][gc,start       ] GC(902) Pause Young (Allocation Failure)
[3853.158s][info][gc,heap        ] GC(902) PSYoungGen: 2599701K(2599936K)->154624K(2618880K) Eden: 2442240K(2442240K)->0K(2443776K) From: 157461K(157696K)->154624K(175104K)
[3853.158s][info][gc,heap        ] GC(902) ParOldGen: 4662569K(4662784K)->4765169K(4765184K)
[3853.158s][info][gc,metaspace   ] GC(902) Metaspace: 29072K(29376K)->29072K(29376K) NonClass: 25969K(26112K)->25969K(26112K) Class: 3103K(3264K)->3103K(3264K)
[3853.158s][info][gc             ] GC(902) Pause Young (Allocation Failure) 7092M->4804M(7211M) 98.687ms
[3853.158s][info][gc,cpu         ] GC(902) User=0.55s Sys=0.03s Real=0.10s
...[3855.722s][info][gc,start       ] GC(903) Pause Young (Allocation Failure)
[3855.824s][info][gc,heap        ] GC(903) PSYoungGen: 2598400K(2618880K)->161504K(2617344K) Eden: 2443776K(2443776K)->0K(2443776K) From: 154624K(175104K)->161504K(173568K)
[3855.824s][info][gc,heap        ] GC(903) ParOldGen: 4765169K(4765184K)->4872433K(4872704K)
[3855.824s][info][gc,metaspace   ] GC(903) Metaspace: 29072K(29376K)->29072K(29376K) NonClass: 25969K(26112K)->25969K(26112K) Class: 3103K(3264K)->3103K(3264K)
[3855.824s][info][gc             ] GC(903) Pause Young (Allocation Failure) 7190M->4915M(7314M) 102.697ms
[3855.824s][info][gc,cpu         ] GC(903) User=0.59s Sys=0.02s Real=0.10s
...[3858.504s][info][gc,start       ] GC(904) Pause Young (Allocation Failure)
[3858.601s][info][gc,heap        ] GC(904) PSYoungGen: 2605280K(2617344K)->153888K(2620416K) Eden: 2443776K(2443776K)->0K(2448384K) From: 161504K(173568K)->153888K(172032K)
[3858.601s][info][gc,heap        ] GC(904) ParOldGen: 4872433K(4872704K)->4974345K(4974592K)
[3858.601s][info][gc,metaspace   ] GC(904) Metaspace: 29072K(29376K)->29072K(29376K) NonClass: 25969K(26112K)->25969K(26112K) Class: 3103K(3264K)->3103K(3264K)
[3858.601s][info][gc             ] GC(904) Pause Young (Allocation Failure) 7302M->5008M(7417M) 97.240ms
[3858.601s][info][gc,cpu         ] GC(904) User=0.54s Sys=0.03s Real=0.10s
...[3861.265s][info][gc,start       ] GC(905) Pause Young (Allocation Failure)
[3861.377s][info][gc,heap        ] GC(905) PSYoungGen: 2602272K(2620416K)->172525K(2620928K) Eden: 2448384K(2448384K)->0K(2448384K) From: 153888K(172032K)->172525K(172544K)
[3861.377s][info][gc,heap        ] GC(905) ParOldGen: 4974345K(4974592K)->5086385K(5086720K)
[3861.377s][info][gc,metaspace   ] GC(905) Metaspace: 29072K(29376K)->29072K(29376K) NonClass: 25969K(26112K)->25969K(26112K) Class: 3103K(3264K)->3103K(3264K)
[3861.377s][info][gc             ] GC(905) Pause Young (Allocation Failure) 7399M->5135M(7527M) 112.122ms
[3861.377s][info][gc,cpu         ] GC(905) User=0.63s Sys=0.03s Real=0.11s
..[3864.006s][info][gc,start       ] GC(906) Pause Young (Allocation Failure)
[3864.105s][info][gc,heap        ] GC(906) PSYoungGen: 2620909K(2620928K)->153604K(2539008K) Eden: 2448384K(2448384K)->0K(2363904K) From: 172525K(172544K)->153604K(175104K)
[3864.105s][info][gc,heap        ] GC(906) ParOldGen: 5086385K(5086720K)->5188753K(5189120K)
[3864.105s][info][gc,metaspace   ] GC(906) Metaspace: 29072K(29376K)->29072K(29376K) NonClass: 25969K(26112K)->25969K(26112K) Class: 3103K(3264K)->3103K(3264K)
[3864.105s][info][gc             ] GC(906) Pause Young (Allocation Failure) 7526M->5217M(7547M) 98.940ms
[3864.105s][info][gc,cpu         ] GC(906) User=0.55s Sys=0.04s Real=0.10s
...[3866.653s][info][gc,start       ] GC(907) Pause Young (Allocation Failure)
[3866.757s][info][gc,heap        ] GC(907) PSYoungGen: 2517508K(2539008K)->163988K(2579968K) Eden: 2363904K(2363904K)->0K(2363904K) From: 153604K(175104K)->163988K(216064K)
[3866.757s][info][gc,heap        ] GC(907) ParOldGen: 5188753K(5189120K)->5293921K(5294080K)
[3866.757s][info][gc,metaspace   ] GC(907) Metaspace: 29072K(29376K)->29072K(29376K) NonClass: 25969K(26112K)->25969K(26112K) Class: 3103K(3264K)->3103K(3264K)
[3866.757s][info][gc             ] GC(907) Pause Young (Allocation Failure) 7525M->5329M(7689M) 104.084ms
[3866.757s][info][gc,cpu         ] GC(907) User=0.59s Sys=0.03s Real=0.10s
...[3869.276s][info][gc,start       ] GC(908) Pause Young (Allocation Failure)
[3869.371s][info][gc,heap        ] GC(908) PSYoungGen: 2527892K(2579968K)->145664K(2573824K) Eden: 2363904K(2363904K)->0K(2368000K) From: 163988K(216064K)->145664K(205824K)
[3869.371s][info][gc,heap        ] GC(908) ParOldGen: 5293921K(5294080K)->5396841K(5396992K)
[3869.371s][info][gc,metaspace   ] GC(908) Metaspace: 29072K(29376K)->29072K(29376K) NonClass: 25969K(26112K)->25969K(26112K) Class: 3103K(3264K)->3103K(3264K)
[3869.371s][info][gc             ] GC(908) Pause Young (Allocation Failure) 7638M->5412M(7784M) 95.710ms
[3869.371s][info][gc,cpu         ] GC(908) User=0.54s Sys=0.02s Real=0.10s
..[3871.911s][info][gc,start       ] GC(909) Pause Young (Allocation Failure)
[3872.008s][info][gc,heap        ] GC(909) PSYoungGen: 2513664K(2573824K)->148147K(2578944K) Eden: 2368000K(2368000K)->0K(2368000K) From: 145664K(205824K)->148147K(210944K)
[3872.008s][info][gc,heap        ] GC(909) ParOldGen: 5396841K(5396992K)->5497753K(5497856K)
[3872.008s][info][gc,metaspace   ] GC(909) Metaspace: 29072K(29376K)->29072K(29376K) NonClass: 25969K(26112K)->25969K(26112K) Class: 3103K(3264K)->3103K(3264K)
[3872.008s][info][gc             ] GC(909) Pause Young (Allocation Failure) 7725M->5513M(7887M) 97.137ms
[3872.008s][info][gc,cpu         ] GC(909) User=0.55s Sys=0.03s Real=0.09s
...[3874.603s][info][gc,start       ] GC(910) Pause Full (Allocation Failure)
[3874.603s][info][gc,phases,start] GC(910) Marking Phase
[3874.913s][info][gc,phases      ] GC(910) Marking Phase 309.756ms
[3874.913s][info][gc,phases,start] GC(910) Summary Phase
[3874.913s][info][gc,phases      ] GC(910) Summary Phase 0.109ms
[3874.913s][info][gc,phases,start] GC(910) Forward
[3875.037s][info][gc,phases      ] GC(910) Forward 124.232ms
[3875.037s][info][gc,phases,start] GC(910) Adjust Pointers
[3875.245s][info][gc,phases      ] GC(910) Adjust Pointers 208.414ms
[3875.246s][info][gc,phases,start] GC(910) Compaction Phase
[3875.393s][info][gc,phases      ] GC(910) Compaction Phase 147.015ms
[3875.394s][info][gc,phases,start] GC(910) Post Compact
[3875.400s][info][gc,phases      ] GC(910) Post Compact 6.927ms
[3875.522s][info][gc,heap        ] GC(910) PSYoungGen: 2516147K(2578944K)->0K(2583552K) Eden: 2368000K(2368000K)->0K(2375680K) From: 148147K(210944K)->0K(207872K)
[3875.522s][info][gc,heap        ] GC(910) ParOldGen: 5497753K(5497856K)->1615293K(1892352K)
[3875.522s][info][gc,metaspace   ] GC(910) Metaspace: 29072K(29376K)->29072K(29376K) NonClass: 25969K(26112K)->25969K(26112K) Class: 3103K(3264K)->3103K(3264K)
[3875.522s][info][gc             ] GC(910) Pause Full (Allocation Failure) 7826M->1577M(4371M) 919.272ms
[3875.522s][info][gc,cpu         ] GC(910) User=4.32s Sys=0.12s Real=0.92s
..[3877.259s][info][gc,start       ] GC(911) Pause Young (Allocation Failure)
[3877.319s][info][gc,heap        ] GC(911) PSYoungGen: 2375680K(2583552K)->145440K(2585088K) Eden: 2375680K(2375680K)->0K(2375680K) From: 0K(207872K)->145440K(209408K)
[3877.319s][info][gc,heap        ] GC(911) ParOldGen: 1615293K(1892352K)->1615293K(1892352K)
[3877.319s][info][gc,metaspace   ] GC(911) Metaspace: 29072K(29376K)->29072K(29376K) NonClass: 25969K(26112K)->25969K(26112K) Class: 3103K(3264K)->3103K(3264K)
[3877.319s][info][gc             ] GC(911) Pause Young (Allocation Failure) 3897M->1719M(4372M) 59.896ms
[3877.319s][info][gc,cpu         ] GC(911) User=0.35s Sys=0.00s Real=0.06s
...[3879.915s][info][gc,start       ] GC(912) Pause Young (Allocation Failure)
[3880.002s][info][gc,heap        ] GC(912) PSYoungGen: 2521120K(2585088K)->142816K(2583552K) Eden: 2375680K(2375680K)->0K(2378752K) From: 145440K(209408K)->142816K(204800K)
[3880.002s][info][gc,heap        ] GC(912) ParOldGen: 1615293K(1892352K)->1717765K(1892352K)
[3880.002s][info][gc,metaspace   ] GC(912) Metaspace: 29072K(29376K)->29072K(29376K) NonClass: 25969K(26112K)->25969K(26112K) Class: 3103K(3264K)->3103K(3264K)
[3880.002s][info][gc             ] GC(912) Pause Young (Allocation Failure) 4039M->1816M(4371M) 87.490ms
[3880.002s][info][gc,cpu         ] GC(912) User=0.52s Sys=0.00s Real=0.09s
.. (rIR:aIR:PR = 6227:6227:6227) (tPR = 92902) [OK] 
  3881s: Performance info:
         Transaction,    Success,    Partial,     Failed,   Receipts, AvgBarcode, 
             Overall,     377123,          0,          0,     358281,      59.47, 
         Response times:
             Request,    Success,    Partial,     Failed,   SkipFail,     Probes,    Samples,      min,      p50,      p90,      p95,      p99,      max, 
       TotalPurchase,     358281,          0,          0,          0,     347036,     376500,      300,     4800,    10700,    31000,   119000,  1100000,
     InStorePurchase,     188569,          0,          0,          0,     182820,     197813,      300,     4900,    10800,    31000,   179000,  1100000,
      OnlinePurchase,     132021,          0,          0,          0,     127937,     138903,      300,     4700,    10600,    31000,   119000,  1100000,
        InstPurchase,      37691,          0,          0,          0,      36279,      39784,      300,     4700,    10700,    31000,   173000,   930000,
          AssocOfCat,        375,          0,          0,          0,        307,        407,    18600,    33000,    52000,    85600,   143000,   166000,
      AssocOfProduct,       3759,          0,          0,          0,       3472,       3979,      600,     6400,    14300,    45000,   127000,   145000,
      BusinessReport,        941,          0,          0,          0,        791,        969,    25000,    39000,    69000,   112000,   213000,  1100000,
          CustBuyBeh,       3777,          0,          0,          0,       3458,       3924,      300,     3700,     9500,    28000,   117000,   980000,
       ProductReturn,       9990,          0,          0,          0,       9349,      10413,      200,     5300,    11500,    32000,    79000,   112000,

  3881s: (46%)   IR =   6365 .[3882.719s][info][gc,start       ] GC(913) Pause Young (Allocation Failure)
[3882.811s][info][gc,heap        ] GC(913) PSYoungGen: 2521568K(2583552K)->158464K(2585088K) Eden: 2378752K(2378752K)->0K(2378752K) From: 142816K(204800K)->158464K(206336K)
[3882.811s][info][gc,heap        ] GC(913) ParOldGen: 1717765K(1892352K)->1818397K(1892352K)
[3882.811s][info][gc,metaspace   ] GC(913) Metaspace: 29072K(29376K)->29072K(29376K) NonClass: 25969K(26112K)->25969K(26112K) Class: 3103K(3264K)->3103K(3264K)
[3882.811s][info][gc             ] GC(913) Pause Young (Allocation Failure) 4139M->1930M(4372M) 92.207ms
[3882.811s][info][gc,cpu         ] GC(913) User=0.55s Sys=0.00s Real=0.10s
..[3885.281s][info][gc,start       ] GC(914) Pause Young (Allocation Failure)
[3885.375s][info][gc,heap        ] GC(914) PSYoungGen: 2537216K(2585088K)->151504K(2587136K) Eden: 2378752K(2378752K)->0K(2387456K) From: 158464K(206336K)->151504K(199680K)
[3885.375s][info][gc,heap        ] GC(914) ParOldGen: 1818397K(1892352K)->1925741K(1926144K)
[3885.375s][info][gc,metaspace   ] GC(914) Metaspace: 29072K(29376K)->29072K(29376K) NonClass: 25969K(26112K)->25969K(26112K) Class: 3103K(3264K)->3103K(3264K)
[3885.375s][info][gc             ] GC(914) Pause Young (Allocation Failure) 4253M->2028M(4407M) 93.875ms
[3885.375s][info][gc,cpu         ] GC(914) User=0.54s Sys=0.01s Real=0.09s
...|[3887.849s][info][gc,start       ] GC(915) Pause Young (Allocation Failure)
[3887.946s][info][gc,heap        ] GC(915) PSYoungGen: 2538960K(2587136K)->152660K(2586624K) Eden: 2387456K(2387456K)->0K(2387456K) From: 151504K(199680K)->152660K(199168K)
[3887.946s][info][gc,heap        ] GC(915) ParOldGen: 1925741K(1926144K)->2028157K(2028544K)
[3887.946s][info][gc,metaspace   ] GC(915) Metaspace: 29072K(29376K)->29072K(29376K) NonClass: 25969K(26112K)->25969K(26112K) Class: 3103K(3264K)->3103K(3264K)
[3887.947s][info][gc             ] GC(915) Pause Young (Allocation Failure) 4360M->2129M(4507M) 97.436ms
[3887.947s][info][gc,cpu         ] GC(915) User=0.54s Sys=0.04s Real=0.10s
..[3890.461s][info][gc,start       ] GC(916) Pause Young (Allocation Failure)
[3890.553s][info][gc,heap        ] GC(916) PSYoungGen: 2540116K(2586624K)->148576K(2594816K) Eden: 2387456K(2387456K)->0K(2399232K) From: 152660K(199168K)->148576K(195584K)
[3890.553s][info][gc,heap        ] GC(916) ParOldGen: 2028157K(2028544K)->2130421K(2130432K)
[3890.553s][info][gc,metaspace   ] GC(916) Metaspace: 29072K(29376K)->29072K(29376K) NonClass: 25969K(26112K)->25969K(26112K) Class: 3103K(3264K)->3103K(3264K)
[3890.553s][info][gc             ] GC(916) Pause Young (Allocation Failure) 4461M->2225M(4614M) 92.457ms
[3890.553s][info][gc,cpu         ] GC(916) User=0.52s Sys=0.03s Real=0.09s
...[3893.134s][info][gc,start       ] GC(917) Pause Young (Allocation Failure)
[3893.232s][info][gc,heap        ] GC(917) PSYoungGen: 2547808K(2594816K)->154692K(2593280K) Eden: 2399232K(2399232K)->0K(2399232K) From: 148576K(195584K)->154692K(194048K)
[3893.232s][info][gc,heap        ] GC(917) ParOldGen: 2130421K(2130432K)->2233357K(2233856K)
[3893.232s][info][gc,metaspace   ] GC(917) Metaspace: 29072K(29376K)->29072K(29376K) NonClass: 25969K(26112K)->25969K(26112K) Class: 3103K(3264K)->3103K(3264K)
[3893.232s][info][gc             ] GC(917) Pause Young (Allocation Failure) 4568M->2332M(4714M) 98.661ms
[3893.232s][info][gc,cpu         ] GC(917) User=0.55s Sys=0.03s Real=0.10s
...[3895.799s][info][gc,start       ] GC(918) Pause Young (Allocation Failure)
[3895.900s][info][gc,heap        ] GC(918) PSYoungGen: 2553924K(2593280K)->167172K(2596352K) Eden: 2399232K(2399232K)->0K(2405888K) From: 154692K(194048K)->167172K(190464K)
[3895.900s][info][gc,heap        ] GC(918) ParOldGen: 2233357K(2233856K)->2336589K(2336768K)
[3895.900s][info][gc,metaspace   ] GC(918) Metaspace: 29072K(29376K)->29072K(29376K) NonClass: 25969K(26112K)->25969K(26112K) Class: 3103K(3264K)->3103K(3264K)
[3895.900s][info][gc             ] GC(918) Pause Young (Allocation Failure) 4675M->2445M(4817M) 101.776ms
[3895.900s][info][gc,cpu         ] GC(918) User=0.58s Sys=0.02s Real=0.11s
..[3898.317s][info][gc,start       ] GC(919) Pause Young (Allocation Failure)
[3898.410s][info][gc,heap        ] GC(919) PSYoungGen: 2573060K(2596352K)->143808K(2596864K) Eden: 2405888K(2405888K)->0K(2405888K) From: 167172K(190464K)->143808K(190976K)
[3898.410s][info][gc,heap        ] GC(919) ParOldGen: 2336589K(2336768K)->2442037K(2442240K)
[3898.410s][info][gc,metaspace   ] GC(919) Metaspace: 29072K(29376K)->29072K(29376K) NonClass: 25969K(26112K)->25969K(26112K) Class: 3103K(3264K)->3103K(3264K)
[3898.410s][info][gc             ] GC(919) Pause Young (Allocation Failure) 4794M->2525M(4921M) 92.724ms
[3898.410s][info][gc,cpu         ] GC(919) User=0.51s Sys=0.03s Real=0.09s
...[3901.045s][info][gc,start       ] GC(920) Pause Young (Allocation Failure)
[3901.143s][info][gc,heap        ] GC(920) PSYoungGen: 2549696K(2596864K)->158772K(2601472K) Eden: 2405888K(2405888K)->0K(2415104K) From: 143808K(190976K)->158772K(186368K)
[3901.143s][info][gc,heap        ] GC(920) ParOldGen: 2442037K(2442240K)->2541245K(2541568K)
[3901.143s][info][gc,metaspace   ] GC(920) Metaspace: 29072K(29376K)->29072K(29376K) NonClass: 25969K(26112K)->25969K(26112K) Class: 3103K(3264K)->3103K(3264K)
[3901.143s][info][gc             ] GC(920) Pause Young (Allocation Failure) 4874M->2636M(5022M) 98.660ms
[3901.143s][info][gc,cpu         ] GC(920) User=0.54s Sys=0.04s Real=0.10s
...[3903.626s][info][gc,start       ] GC(921) Pause Young (Allocation Failure)
[3903.721s][info][gc,heap        ] GC(921) PSYoungGen: 2573876K(2601472K)->150144K(2603008K) Eden: 2415104K(2415104K)->0K(2415104K) From: 158772K(186368K)->150144K(187904K)
[3903.721s][info][gc,heap        ] GC(921) ParOldGen: 2541245K(2541568K)->2646365K(2646528K)
[3903.721s][info][gc,metaspace   ] GC(921) Metaspace: 29072K(29376K)->29072K(29376K) NonClass: 25969K(26112K)->25969K(26112K) Class: 3103K(3264K)->3103K(3264K)
[3903.721s][info][gc             ] GC(921) Pause Young (Allocation Failure) 4995M->2730M(5126M) 94.938ms
[3903.721s][info][gc,cpu         ] GC(921) User=0.53s Sys=0.03s Real=0.10s
..[3906.277s][info][gc,start       ] GC(922) Pause Young (Allocation Failure)
[3906.372s][info][gc,heap        ] GC(922) PSYoungGen: 2565248K(2603008K)->149408K(2604544K) Eden: 2415104K(2415104K)->0K(2422272K) From: 150144K(187904K)->149408K(182272K)
[3906.372s][info][gc,heap        ] GC(922) ParOldGen: 2646365K(2646528K)->2748909K(2748928K)
[3906.372s][info][gc,metaspace   ] GC(922) Metaspace: 29072K(29376K)->29072K(29376K) NonClass: 25969K(26112K)->25969K(26112K) Class: 3103K(3264K)->3103K(3264K)
[3906.372s][info][gc             ] GC(922) Pause Young (Allocation Failure) 5089M->2830M(5228M) 94.657ms
[3906.372s][info][gc,cpu         ] GC(922) User=0.54s Sys=0.02s Real=0.10s
...[3908.990s][info][gc,start       ] GC(923) Pause Young (Allocation Failure)
[3909.086s][info][gc,heap        ] GC(923) PSYoungGen: 2571680K(2604544K)->150272K(2606080K) Eden: 2422272K(2422272K)->0K(2422272K) From: 149408K(182272K)->150272K(183808K)
[3909.086s][info][gc,heap        ] GC(923) ParOldGen: 2748909K(2748928K)->2852245K(2852352K)
[3909.086s][info][gc,metaspace   ] GC(923) Metaspace: 29072K(29376K)->29072K(29376K) NonClass: 25969K(26112K)->25969K(26112K) Class: 3103K(3264K)->3103K(3264K)
[3909.086s][info][gc             ] GC(923) Pause Young (Allocation Failure) 5195M->2932M(5330M) 95.716ms
[3909.086s][info][gc,cpu         ] GC(923) User=0.54s Sys=0.02s Real=0.09s
..[3911.594s][info][gc,start       ] GC(924) Pause Young (Allocation Failure)
[3911.691s][info][gc,heap        ] GC(924) PSYoungGen: 2572544K(2606080K)->154464K(2607616K) Eden: 2422272K(2422272K)->0K(2430464K) From: 150272K(183808K)->154464K(177152K)
[3911.691s][info][gc,heap        ] GC(924) ParOldGen: 2852245K(2852352K)->2956909K(2957312K)
[3911.691s][info][gc,metaspace   ] GC(924) Metaspace: 29072K(29376K)->29072K(29376K) NonClass: 25969K(26112K)->25969K(26112K) Class: 3103K(3264K)->3103K(3264K)
[3911.691s][info][gc             ] GC(924) Pause Young (Allocation Failure) 5297M->3038M(5434M) 97.004ms
[3911.691s][info][gc,cpu         ] GC(924) User=0.54s Sys=0.03s Real=0.10s
...[3914.297s][info][gc,start       ] GC(925) Pause Young (Allocation Failure)
[3914.392s][info][gc,heap        ] GC(925) PSYoungGen: 2584928K(2607616K)->151424K(2609664K) Eden: 2430464K(2430464K)->0K(2430464K) From: 154464K(177152K)->151424K(179200K)
[3914.392s][info][gc,heap        ] GC(925) ParOldGen: 2956909K(2957312K)->3059669K(3059712K)
[3914.392s][info][gc,metaspace   ] GC(925) Metaspace: 29072K(29376K)->29072K(29376K) NonClass: 25969K(26112K)->25969K(26112K) Class: 3103K(3264K)->3103K(3264K)
[3914.392s][info][gc             ] GC(925) Pause Young (Allocation Failure) 5411M->3135M(5536M) 94.811ms
[3914.392s][info][gc,cpu         ] GC(925) User=0.53s Sys=0.03s Real=0.10s
...[3916.973s][info][gc,start       ] GC(926) Pause Young (Allocation Failure)
[3917.069s][info][gc,heap        ] GC(926) PSYoungGen: 2581888K(2609664K)->151168K(2612224K) Eden: 2430464K(2430464K)->0K(2439168K) From: 151424K(179200K)->151168K(173056K)
[3917.069s][info][gc,heap        ] GC(926) ParOldGen: 3059669K(3059712K)->3164365K(3164672K)
[3917.069s][info][gc,metaspace   ] GC(926) Metaspace: 29072K(29376K)->29072K(29376K) NonClass: 25969K(26112K)->25969K(26112K) Class: 3103K(3264K)->3103K(3264K)
[3917.069s][info][gc             ] GC(926) Pause Young (Allocation Failure) 5509M->3237M(5641M) 95.774ms
[3917.069s][info][gc,cpu         ] GC(926) User=0.53s Sys=0.03s Real=0.09s
..[3919.634s][info][gc,start       ] GC(927) Pause Young (Allocation Failure)
[3919.733s][info][gc,heap        ] GC(927) PSYoungGen: 2590336K(2612224K)->154966K(2614784K) Eden: 2439168K(2439168K)->0K(2439168K) From: 151168K(173056K)->154966K(175616K)
[3919.733s][info][gc,heap        ] GC(927) ParOldGen: 3164365K(3164672K)->3269541K(3269632K)
[3919.733s][info][gc,metaspace   ] GC(927) Metaspace: 29072K(29376K)->29072K(29376K) NonClass: 25969K(26112K)->25969K(26112K) Class: 3103K(3264K)->3103K(3264K)
[3919.733s][info][gc             ] GC(927) Pause Young (Allocation Failure) 5619M->3344M(5746M) 98.589ms
[3919.733s][info][gc,cpu         ] GC(927) User=0.55s Sys=0.03s Real=0.10s
...[3922.309s][info][gc,start       ] GC(928) Pause Young (Allocation Failure)
[3922.409s][info][gc,heap        ] GC(928) PSYoungGen: 2594134K(2614784K)->161076K(2620416K) Eden: 2439168K(2439168K)->0K(2446336K) From: 154966K(175616K)->161076K(174080K)
[3922.409s][info][gc,heap        ] GC(928) ParOldGen: 3269541K(3269632K)->3371493K(3371520K)
[3922.409s][info][gc,metaspace   ] GC(928) Metaspace: 29072K(29376K)->29072K(29376K) NonClass: 25969K(26112K)->25969K(26112K) Class: 3103K(3264K)->3103K(3264K)
[3922.409s][info][gc             ] GC(928) Pause Young (Allocation Failure) 5726M->3449M(5851M) 100.211ms
[3922.410s][info][gc,cpu         ] GC(928) User=0.57s Sys=0.03s Real=0.10s
...[3925.026s][info][gc,start       ] GC(929) Pause Young (Allocation Failure)
[3925.121s][info][gc,heap        ] GC(929) PSYoungGen: 2607412K(2620416K)->148384K(2620928K) Eden: 2446336K(2446336K)->0K(2446336K) From: 161076K(174080K)->148384K(174592K)
[3925.121s][info][gc,heap        ] GC(929) ParOldGen: 3371493K(3371520K)->3476029K(3476480K)
[3925.121s][info][gc,metaspace   ] GC(929) Metaspace: 29072K(29376K)->29072K(29376K) NonClass: 25969K(26112K)->25969K(26112K) Class: 3103K(3264K)->3103K(3264K)
[3925.121s][info][gc             ] GC(929) Pause Young (Allocation Failure) 5838M->3539M(5954M) 95.605ms
[3925.121s][info][gc,cpu         ] GC(929) User=0.53s Sys=0.03s Real=0.10s
..[3927.602s][info][gc,start       ] GC(930) Pause Young (Allocation Failure)
[3927.698s][info][gc,heap        ] GC(930) PSYoungGen: 2594720K(2620928K)->148864K(2619904K) Eden: 2446336K(2446336K)->0K(2447872K) From: 148384K(174592K)->148864K(172032K)
[3927.698s][info][gc,heap        ] GC(930) ParOldGen: 3476029K(3476480K)->3581909K(3581952K)
[3927.698s][info][gc,metaspace   ] GC(930) Metaspace: 29072K(29376K)->29072K(29376K) NonClass: 25969K(26112K)->25969K(26112K) Class: 3103K(3264K)->3103K(3264K)
[3927.698s][info][gc             ] GC(930) Pause Young (Allocation Failure) 5928M->3643M(6056M) 95.863ms
[3927.698s][info][gc,cpu         ] GC(930) User=0.53s Sys=0.03s Real=0.09s
...[3930.342s][info][gc,start       ] GC(931) Pause Young (Allocation Failure)
[3930.438s][info][gc,heap        ] GC(931) PSYoungGen: 2596736K(2619904K)->154816K(2620416K) Eden: 2447872K(2447872K)->0K(2447872K) From: 148864K(172032K)->154816K(172544K)
[3930.438s][info][gc,heap        ] GC(931) ParOldGen: 3581909K(3581952K)->3682005K(3682304K)
[3930.438s][info][gc,metaspace   ] GC(931) Metaspace: 29072K(29376K)->29072K(29376K) NonClass: 25969K(26112K)->25969K(26112K) Class: 3103K(3264K)->3103K(3264K)
[3930.438s][info][gc             ] GC(931) Pause Young (Allocation Failure) 6033M->3746M(6155M) 95.619ms
[3930.438s][info][gc,cpu         ] GC(931) User=0.55s Sys=0.02s Real=0.09s
...[3933.067s][info][gc,start       ] GC(932) Pause Young (Allocation Failure)
[3933.166s][info][gc,heap        ] GC(932) PSYoungGen: 2602688K(2620416K)->155701K(2622464K) Eden: 2447872K(2447872K)->0K(2452480K) From: 154816K(172544K)->155701K(169984K)
[3933.166s][info][gc,heap        ] GC(932) ParOldGen: 3682005K(3682304K)->3788477K(3788800K)
[3933.166s][info][gc,metaspace   ] GC(932) Metaspace: 29072K(29376K)->29072K(29376K) NonClass: 25969K(26112K)->25969K(26112K) Class: 3103K(3264K)->3103K(3264K)
[3933.166s][info][gc             ] GC(932) Pause Young (Allocation Failure) 6137M->3851M(6261M) 98.901ms
[3933.166s][info][gc,cpu         ] GC(932) User=0.55s Sys=0.03s Real=0.10s
..[3935.749s][info][gc,start       ] GC(933) Pause Young (Allocation Failure)
[3935.848s][info][gc,heap        ] GC(933) PSYoungGen: 2608181K(2622464K)->155328K(2622464K) Eden: 2452480K(2452480K)->0K(2452480K) From: 155701K(169984K)->155328K(169984K)
[3935.848s][info][gc,heap        ] GC(933) ParOldGen: 3788477K(3788800K)->3892469K(3892736K)
[3935.848s][info][gc,metaspace   ] GC(933) Metaspace: 29072K(29376K)->29072K(29376K) NonClass: 25969K(26112K)->25969K(26112K) Class: 3103K(3264K)->3103K(3264K)
[3935.848s][info][gc             ] GC(933) Pause Young (Allocation Failure) 6246M->3952M(6362M) 98.269ms
[3935.848s][info][gc,cpu         ] GC(933) User=0.55s Sys=0.04s Real=0.10s
...[3938.371s][info][gc,start       ] GC(934) Pause Young (Allocation Failure)
[3938.470s][info][gc,heap        ] GC(934) PSYoungGen: 2607808K(2622464K)->155359K(2625024K) Eden: 2452480K(2452480K)->0K(2457088K) From: 155328K(169984K)->155359K(167936K)
[3938.470s][info][gc,heap        ] GC(934) ParOldGen: 3892469K(3892736K)->3997725K(3998208K)
[3938.470s][info][gc,metaspace   ] GC(934) Metaspace: 29072K(29376K)->29072K(29376K) NonClass: 25969K(26112K)->25969K(26112K) Class: 3103K(3264K)->3103K(3264K)
[3938.470s][info][gc             ] GC(934) Pause Young (Allocation Failure) 6347M->4055M(6468M) 98.982ms
[3938.470s][info][gc,cpu         ] GC(934) User=0.56s Sys=0.03s Real=0.09s
...[3941.105s][info][gc,start       ] GC(935) Pause Young (Allocation Failure)
[3941.205s][info][gc,heap        ] GC(935) PSYoungGen: 2612447K(2625024K)->159008K(2625024K) Eden: 2457088K(2457088K)->0K(2457088K) From: 155359K(167936K)->159008K(167936K)
[3941.205s][info][gc,heap        ] GC(935) ParOldGen: 3997725K(3998208K)->4101021K(4101120K)
[3941.205s][info][gc,metaspace   ] GC(935) Metaspace: 29072K(29376K)->29072K(29376K) NonClass: 25969K(26112K)->25969K(26112K) Class: 3103K(3264K)->3103K(3264K)
[3941.205s][info][gc             ] GC(935) Pause Young (Allocation Failure) 6455M->4160M(6568M) 100.251ms
[3941.205s][info][gc,cpu         ] GC(935) User=0.56s Sys=0.04s Real=0.10s
..[3943.815s][info][gc,start       ] GC(936) Pause Young (Allocation Failure)
[3943.918s][info][gc,heap        ] GC(936) PSYoungGen: 2616096K(2625024K)->163589K(2623488K) Eden: 2457088K(2457088K)->0K(2455040K) From: 159008K(167936K)->163589K(168448K)
[3943.918s][info][gc,heap        ] GC(936) ParOldGen: 4101021K(4101120K)->4205645K(4206080K)
[3943.918s][info][gc,metaspace   ] GC(936) Metaspace: 29072K(29376K)->29072K(29376K) NonClass: 25969K(26112K)->25969K(26112K) Class: 3103K(3264K)->3103K(3264K)
[3943.918s][info][gc             ] GC(936) Pause Young (Allocation Failure) 6559M->4266M(6669M) 103.514ms
[3943.918s][info][gc,cpu         ] GC(936) User=0.57s Sys=0.04s Real=0.10s
...[3946.466s][info][gc,start       ] GC(937) Pause Young (Allocation Failure)
[3946.564s][info][gc,heap        ] GC(937) PSYoungGen: 2618629K(2623488K)->156464K(2625536K) Eden: 2455040K(2455040K)->0K(2455040K) From: 163589K(168448K)->156464K(170496K)
[3946.564s][info][gc,heap        ] GC(937) ParOldGen: 4205645K(4206080K)->4310869K(4311040K)
[3946.564s][info][gc,metaspace   ] GC(937) Metaspace: 29072K(29376K)->29072K(29376K) NonClass: 25969K(26112K)->25969K(26112K) Class: 3103K(3264K)->3103K(3264K)
[3946.565s][info][gc             ] GC(937) Pause Young (Allocation Failure) 6664M->4362M(6774M) 98.449ms
[3946.565s][info][gc,cpu         ] GC(937) User=0.56s Sys=0.03s Real=0.10s
.. (rIR:aIR:PR = 6365:6367:6367) (tPR = 94077) [OK] 
  3947s: Performance info:
         Transaction,    Success,    Partial,     Failed,   Receipts, AvgBarcode, 
             Overall,     384070,          0,          0,     364856,      59.48, 
         Response times:
             Request,    Success,    Partial,     Failed,   SkipFail,     Probes,    Samples,      min,      p50,      p90,      p95,      p99,      max, 
       TotalPurchase,     364856,          0,          0,          0,     358514,     394654,      300,     4700,     9400,    18600,    59000,   160000,
     InStorePurchase,     192062,          0,          0,          0,     189093,     207834,      300,     4700,     9400,    18500,    59000,   156000,
      OnlinePurchase,     134388,          0,          0,          0,     132153,     145343,      300,     4600,     9300,    18100,    58000,   160000,
        InstPurchase,      38406,          0,          0,          0,      37268,      41477,      400,     5400,    10100,    21000,    65000,   148000,
          AssocOfCat,        379,          0,          0,          0,        317,        444,    22000,    34000,    56000,    69000,   129750,   190000,
      AssocOfProduct,       3841,          0,          0,          0,       3589,       4170,      500,     3200,     7000,    11445,    41290,   106000,
      BusinessReport,        961,          0,          0,          0,        845,       1046,    27000,    41000,    64000,    84000,   153060,   195000,
          CustBuyBeh,       3851,          0,          0,          0,       3600,       4156,      500,     4700,     9200,    16600,    64000,   134000,
       ProductReturn,      10182,          0,          0,          0,       9755,      10943,      200,     5200,     9400,    21000,    65000,   132000,

  3947s: (47%)   IR =   6503 .[3949.183s][info][gc,start       ] GC(938) Pause Young (Allocation Failure)
[3949.283s][info][gc,heap        ] GC(938) PSYoungGen: 2611504K(2625536K)->158245K(2623488K) Eden: 2455040K(2455040K)->0K(2456064K) From: 156464K(170496K)->158245K(167424K)
[3949.283s][info][gc,heap        ] GC(938) ParOldGen: 4310869K(4311040K)->4413877K(4413952K)
[3949.283s][info][gc,metaspace   ] GC(938) Metaspace: 29072K(29376K)->29072K(29376K) NonClass: 25969K(26112K)->25969K(26112K) Class: 3103K(3264K)->3103K(3264K)
[3949.283s][info][gc             ] GC(938) Pause Young (Allocation Failure) 6760M->4464M(6872M) 100.024ms
[3949.283s][info][gc,cpu         ] GC(938) User=0.55s Sys=0.04s Real=0.10s
..[3951.805s][info][gc,start       ] GC(939) Pause Young (Allocation Failure)
[3951.910s][info][gc,heap        ] GC(939) PSYoungGen: 2614309K(2623488K)->167204K(2623488K) Eden: 2456064K(2456064K)->0K(2456064K) From: 158245K(167424K)->167204K(167424K)
[3951.910s][info][gc,heap        ] GC(939) ParOldGen: 4413877K(4413952K)->4520453K(4520960K)
[3951.910s][info][gc,metaspace   ] GC(939) Metaspace: 29072K(29376K)->29072K(29376K) NonClass: 25969K(26112K)->25969K(26112K) Class: 3103K(3264K)->3103K(3264K)
[3951.910s][info][gc             ] GC(939) Pause Young (Allocation Failure) 6863M->4577M(6977M) 104.495ms
[3951.910s][info][gc,cpu         ] GC(939) User=0.59s Sys=0.03s Real=0.11s
..|.[3954.469s][info][gc,start       ] GC(940) Pause Young (Allocation Failure)
[3954.568s][info][gc,heap        ] GC(940) PSYoungGen: 2623268K(2623488K)->155264K(2625536K) Eden: 2456064K(2456064K)->0K(2454016K) From: 167204K(167424K)->155264K(171520K)
[3954.568s][info][gc,heap        ] GC(940) ParOldGen: 4520453K(4520960K)->4624461K(4624896K)
[3954.568s][info][gc,metaspace   ] GC(940) Metaspace: 29072K(29376K)->29072K(29376K) NonClass: 25969K(26112K)->25969K(26112K) Class: 3103K(3264K)->3103K(3264K)
[3954.568s][info][gc             ] GC(940) Pause Young (Allocation Failure) 6976M->4667M(7080M) 99.251ms
[3954.568s][info][gc,cpu         ] GC(940) User=0.57s Sys=0.02s Real=0.10s
...[3957.144s][info][gc,start       ] GC(941) Pause Young (Allocation Failure)
[3957.242s][info][gc,heap        ] GC(941) PSYoungGen: 2609280K(2625536K)->150464K(2624512K) Eden: 2454016K(2454016K)->0K(2454016K) From: 155264K(171520K)->150464K(170496K)
[3957.242s][info][gc,heap        ] GC(941) ParOldGen: 4624461K(4624896K)->4729949K(4730368K)
[3957.242s][info][gc,metaspace   ] GC(941) Metaspace: 29072K(29376K)->29072K(29376K) NonClass: 25969K(26112K)->25969K(26112K) Class: 3103K(3264K)->3103K(3264K)
[3957.242s][info][gc             ] GC(941) Pause Young (Allocation Failure) 7064M->4766M(7182M) 98.717ms
[3957.242s][info][gc,cpu         ] GC(941) User=0.56s Sys=0.03s Real=0.10s
..[3959.728s][info][gc,start       ] GC(942) Pause Young (Allocation Failure)
[3959.826s][info][gc,heap        ] GC(942) PSYoungGen: 2604480K(2624512K)->154176K(2624512K) Eden: 2454016K(2454016K)->0K(2455040K) From: 150464K(170496K)->154176K(169472K)
[3959.826s][info][gc,heap        ] GC(942) ParOldGen: 4729949K(4730368K)->4835797K(4835840K)
[3959.826s][info][gc,metaspace   ] GC(942) Metaspace: 29072K(29376K)->29072K(29376K) NonClass: 25969K(26112K)->25969K(26112K) Class: 3103K(3264K)->3103K(3264K)
[3959.826s][info][gc             ] GC(942) Pause Young (Allocation Failure) 7162M->4873M(7285M) 98.021ms
[3959.826s][info][gc,cpu         ] GC(942) User=0.55s Sys=0.04s Real=0.10s
...[3962.345s][info][gc,start       ] GC(943) Pause Young (Allocation Failure)
[3962.441s][info][gc,heap        ] GC(943) PSYoungGen: 2609216K(2624512K)->150336K(2624512K) Eden: 2455040K(2455040K)->0K(2455040K) From: 154176K(169472K)->150336K(169472K)
[3962.441s][info][gc,heap        ] GC(943) ParOldGen: 4835797K(4835840K)->4938725K(4938752K)
[3962.441s][info][gc,metaspace   ] GC(943) Metaspace: 29072K(29376K)->29072K(29376K) NonClass: 25969K(26112K)->25969K(26112K) Class: 3103K(3264K)->3103K(3264K)
[3962.441s][info][gc             ] GC(943) Pause Young (Allocation Failure) 7270M->4969M(7386M) 96.713ms
[3962.441s][info][gc,cpu         ] GC(943) User=0.55s Sys=0.03s Real=0.10s
...[3965.073s][info][gc,start       ] GC(944) Pause Young (Allocation Failure)
[3965.172s][info][gc,heap        ] GC(944) PSYoungGen: 2605376K(2624512K)->153760K(2625024K) Eden: 2455040K(2455040K)->0K(2457600K) From: 150336K(169472K)->153760K(167424K)
[3965.173s][info][gc,heap        ] GC(944) ParOldGen: 4938725K(4938752K)->5042133K(5042176K)
[3965.173s][info][gc,metaspace   ] GC(944) Metaspace: 29072K(29376K)->29072K(29376K) NonClass: 25969K(26112K)->25969K(26112K) Class: 3103K(3264K)->3103K(3264K)
[3965.173s][info][gc             ] GC(944) Pause Young (Allocation Failure) 7367M->5074M(7487M) 99.632ms
[3965.173s][info][gc,cpu         ] GC(944) User=0.56s Sys=0.03s Real=0.10s
..[3967.604s][info][gc,start       ] GC(945) Pause Young (Allocation Failure)
[3967.703s][info][gc,heap        ] GC(945) PSYoungGen: 2611360K(2625024K)->150496K(2625536K) Eden: 2457600K(2457600K)->0K(2457600K) From: 153760K(167424K)->150496K(167936K)
[3967.703s][info][gc,heap        ] GC(945) ParOldGen: 5042133K(5042176K)->5151165K(5151232K)
[3967.703s][info][gc,metaspace   ] GC(945) Metaspace: 29072K(29376K)->29072K(29376K) NonClass: 25969K(26112K)->25969K(26112K) Class: 3103K(3264K)->3103K(3264K)
[3967.703s][info][gc             ] GC(945) Pause Young (Allocation Failure) 7474M->5177M(7594M) 98.182ms
[3967.703s][info][gc,cpu         ] GC(945) User=0.56s Sys=0.02s Real=0.10s
...[3970.284s][info][gc,start       ] GC(946) Pause Young (Allocation Failure)
[3970.382s][info][gc,heap        ] GC(946) PSYoungGen: 2608096K(2625536K)->154385K(2626048K) Eden: 2457600K(2457600K)->0K(2460672K) From: 150496K(167936K)->154385K(165376K)
[3970.382s][info][gc,heap        ] GC(946) ParOldGen: 5151165K(5151232K)->5252493K(5252608K)
[3970.382s][info][gc,metaspace   ] GC(946) Metaspace: 29072K(29376K)->29072K(29376K) NonClass: 25969K(26112K)->25969K(26112K) Class: 3103K(3264K)->3103K(3264K)
[3970.382s][info][gc             ] GC(946) Pause Young (Allocation Failure) 7577M->5280M(7694M) 98.297ms
[3970.382s][info][gc,cpu         ] GC(946) User=0.56s Sys=0.03s Real=0.10s
..[3972.922s][info][gc,start       ] GC(947) Pause Young (Allocation Failure)
[3973.018s][info][gc,heap        ] GC(947) PSYoungGen: 2615057K(2626048K)->148320K(2627072K) Eden: 2460672K(2460672K)->0K(2460672K) From: 154385K(165376K)->148320K(166400K)
[3973.018s][info][gc,heap        ] GC(947) ParOldGen: 5252493K(5252608K)->5357493K(5357568K)
[3973.018s][info][gc,metaspace   ] GC(947) Metaspace: 29072K(29376K)->29072K(29376K) NonClass: 25969K(26112K)->25969K(26112K) Class: 3103K(3264K)->3103K(3264K)
[3973.018s][info][gc             ] GC(947) Pause Young (Allocation Failure) 7683M->5376M(7797M) 96.811ms
[3973.018s][info][gc,cpu         ] GC(947) User=0.53s Sys=0.03s Real=0.09s
...[3975.600s][info][gc,start       ] GC(948) Pause Young (Allocation Failure)
[3975.701s][info][gc,heap        ] GC(948) PSYoungGen: 2608992K(2627072K)->159456K(2628608K) Eden: 2460672K(2460672K)->0K(2462208K) From: 148320K(166400K)->159456K(166400K)
[3975.701s][info][gc,heap        ] GC(948) ParOldGen: 5357493K(5357568K)->5462405K(5462528K)
[3975.701s][info][gc,metaspace   ] GC(948) Metaspace: 29072K(29376K)->29072K(29376K) NonClass: 25969K(26112K)->25969K(26112K) Class: 3103K(3264K)->3103K(3264K)
[3975.701s][info][gc             ] GC(948) Pause Young (Allocation Failure) 7779M->5490M(7901M) 100.504ms
[3975.701s][info][gc,cpu         ] GC(948) User=0.56s Sys=0.03s Real=0.10s
...[3978.187s][info][gc,start       ] GC(949) Pause Young (Allocation Failure)
[3978.284s][info][gc,heap        ] GC(949) PSYoungGen: 2621664K(2628608K)->147744K(2629120K) Eden: 2462208K(2462208K)->0K(2462208K) From: 159456K(166400K)->147744K(166912K)
[3978.284s][info][gc,heap        ] GC(949) ParOldGen: 5462405K(5462528K)->5567805K(5568000K)
[3978.284s][info][gc,metaspace   ] GC(949) Metaspace: 29072K(29376K)->29072K(29376K) NonClass: 25969K(26112K)->25969K(26112K) Class: 3103K(3264K)->3103K(3264K)
[3978.284s][info][gc             ] GC(949) Pause Young (Allocation Failure) 7894M->5581M(8005M) 97.226ms
[3978.284s][info][gc,cpu         ] GC(949) User=0.53s Sys=0.04s Real=0.10s
..[3980.829s][info][gc,start       ] GC(950) Pause Full (Allocation Failure)
[3980.829s][info][gc,phases,start] GC(950) Marking Phase
[3981.137s][info][gc,phases      ] GC(950) Marking Phase 308.122ms
[3981.137s][info][gc,phases,start] GC(950) Summary Phase
[3981.138s][info][gc,phases      ] GC(950) Summary Phase 0.096ms
[3981.138s][info][gc,phases,start] GC(950) Forward
[3981.267s][info][gc,phases      ] GC(950) Forward 129.286ms
[3981.267s][info][gc,phases,start] GC(950) Adjust Pointers
[3981.475s][info][gc,phases      ] GC(950) Adjust Pointers 207.584ms
[3981.475s][info][gc,phases,start] GC(950) Compaction Phase
[3981.621s][info][gc,phases      ] GC(950) Compaction Phase 146.625ms
[3981.622s][info][gc,phases,start] GC(950) Post Compact
[3981.629s][info][gc,phases      ] GC(950) Post Compact 7.054ms
[3981.751s][info][gc,heap        ] GC(950) PSYoungGen: 2609952K(2629120K)->0K(2629120K) Eden: 2462208K(2462208K)->0K(2462208K) From: 147744K(166912K)->0K(166912K)
[3981.751s][info][gc,heap        ] GC(950) ParOldGen: 5567805K(5568000K)->1608078K(1888768K)
[3981.751s][info][gc,metaspace   ] GC(950) Metaspace: 29072K(29376K)->29072K(29376K) NonClass: 25969K(26112K)->25969K(26112K) Class: 3103K(3264K)->3103K(3264K)
[3981.751s][info][gc             ] GC(950) Pause Full (Allocation Failure) 7986M->1570M(4412M) 921.764ms
[3981.751s][info][gc,cpu         ] GC(950) User=4.31s Sys=0.13s Real=0.93s
..[3983.546s][info][gc,start       ] GC(951) Pause Young (Allocation Failure)
[3983.609s][info][gc,heap        ] GC(951) PSYoungGen: 2462208K(2629120K)->158016K(2620416K) Eden: 2462208K(2462208K)->0K(2462208K) From: 0K(166912K)->158016K(158208K)
[3983.609s][info][gc,heap        ] GC(951) ParOldGen: 1608078K(1888768K)->1608078K(1888768K)
[3983.609s][info][gc,metaspace   ] GC(951) Metaspace: 29072K(29376K)->29072K(29376K) NonClass: 25969K(26112K)->25969K(26112K) Class: 3103K(3264K)->3103K(3264K)
[3983.609s][info][gc             ] GC(951) Pause Young (Allocation Failure) 3974M->1724M(4403M) 63.282ms
[3983.609s][info][gc,cpu         ] GC(951) User=0.37s Sys=0.00s Real=0.06s
...[3986.194s][info][gc,start       ] GC(952) Pause Young (Allocation Failure)
[3986.286s][info][gc,heap        ] GC(952) PSYoungGen: 2620224K(2620416K)->153877K(2630144K) Eden: 2462208K(2462208K)->0K(2462720K) From: 158016K(158208K)->153877K(167424K)
[3986.286s][info][gc,heap        ] GC(952) ParOldGen: 1608078K(1888768K)->1714054K(1888768K)
[3986.286s][info][gc,metaspace   ] GC(952) Metaspace: 29072K(29376K)->29072K(29376K) NonClass: 25969K(26112K)->25969K(26112K) Class: 3103K(3264K)->3103K(3264K)
[3986.286s][info][gc             ] GC(952) Pause Young (Allocation Failure) 4129M->1824M(4413M) 92.160ms
[3986.286s][info][gc,cpu         ] GC(952) User=0.55s Sys=0.00s Real=0.09s
...[3988.847s][info][gc,start       ] GC(953) Pause Young (Allocation Failure)
[3988.937s][info][gc,heap        ] GC(953) PSYoungGen: 2616597K(2630144K)->147104K(2628608K) Eden: 2462719K(2462720K)->0K(2462720K) From: 153877K(167424K)->147104K(165888K)
[3988.937s][info][gc,heap        ] GC(953) ParOldGen: 1714054K(1888768K)->1819166K(1888768K)
[3988.937s][info][gc,metaspace   ] GC(953) Metaspace: 29072K(29376K)->29072K(29376K) NonClass: 25969K(26112K)->25969K(26112K) Class: 3103K(3264K)->3103K(3264K)
[3988.937s][info][gc             ] GC(953) Pause Young (Allocation Failure) 4229M->1920M(4411M) 89.563ms
[3988.937s][info][gc,cpu         ] GC(953) User=0.53s Sys=0.00s Real=0.09s
..[3991.445s][info][gc,start       ] GC(954) Pause Young (Allocation Failure)
[3991.536s][info][gc,heap        ] GC(954) PSYoungGen: 2609824K(2628608K)->150400K(2629120K) Eden: 2462720K(2462720K)->0K(2463744K) From: 147104K(165888K)->150400K(165376K)
[3991.536s][info][gc,heap        ] GC(954) ParOldGen: 1819166K(1888768K)->1923654K(1924096K)
[3991.536s][info][gc,metaspace   ] GC(954) Metaspace: 29072K(29376K)->29072K(29376K) NonClass: 25969K(26112K)->25969K(26112K) Class: 3103K(3264K)->3103K(3264K)
[3991.536s][info][gc             ] GC(954) Pause Young (Allocation Failure) 4325M->2025M(4446M) 91.010ms
[3991.536s][info][gc,cpu         ] GC(954) User=0.53s Sys=0.01s Real=0.09s
...[3994.090s][info][gc,start       ] GC(955) Pause Young (Allocation Failure)
[3994.189s][info][gc,heap        ] GC(955) PSYoungGen: 2614144K(2629120K)->159520K(2629120K) Eden: 2463744K(2463744K)->0K(2463744K) From: 150400K(165376K)->159520K(165376K)
[3994.189s][info][gc,heap        ] GC(955) ParOldGen: 1923654K(1924096K)->2027062K(2027520K)
[3994.189s][info][gc,metaspace   ] GC(955) Metaspace: 29072K(29376K)->29072K(29376K) NonClass: 25969K(26112K)->25969K(26112K) Class: 3103K(3264K)->3103K(3264K)
[3994.189s][info][gc             ] GC(955) Pause Young (Allocation Failure) 4431M->2135M(4547M) 99.505ms
[3994.189s][info][gc,cpu         ] GC(955) User=0.57s Sys=0.02s Real=0.09s
..[3996.721s][info][gc,start       ] GC(956) Pause Young (Allocation Failure)
[3996.821s][info][gc,heap        ] GC(956) PSYoungGen: 2623264K(2629120K)->160787K(2626560K) Eden: 2463744K(2463744K)->0K(2460160K) From: 159520K(165376K)->160787K(166400K)
[3996.821s][info][gc,heap        ] GC(956) ParOldGen: 2027062K(2027520K)->2132510K(2132992K)
[3996.821s][info][gc,metaspace   ] GC(956) Metaspace: 29072K(29376K)->29072K(29376K) NonClass: 25969K(26112K)->25969K(26112K) Class: 3103K(3264K)->3103K(3264K)
[3996.821s][info][gc             ] GC(956) Pause Young (Allocation Failure) 4541M->2239M(4648M) 99.673ms
[3996.821s][info][gc,cpu         ] GC(956) User=0.56s Sys=0.04s Real=0.10s
...[3999.361s][info][gc,start       ] GC(957) Pause Young (Allocation Failure)
[3999.457s][info][gc,heap        ] GC(957) PSYoungGen: 2620947K(2626560K)->152757K(2628096K) Eden: 2460160K(2460160K)->0K(2460160K) From: 160787K(166400K)->152757K(167936K)
[3999.457s][info][gc,heap        ] GC(957) ParOldGen: 2132510K(2132992K)->2236750K(2236928K)
[3999.457s][info][gc,metaspace   ] GC(957) Metaspace: 29072K(29376K)->29072K(29376K) NonClass: 25969K(26112K)->25969K(26112K) Class: 3103K(3264K)->3103K(3264K)
[3999.457s][info][gc             ] GC(957) Pause Young (Allocation Failure) 4642M->2333M(4751M) 95.840ms
[3999.457s][info][gc,cpu         ] GC(957) User=0.53s Sys=0.04s Real=0.09s
...[4002.011s][info][gc,start       ] GC(958) Pause Young (Allocation Failure)
[4002.106s][info][gc,heap        ] GC(958) PSYoungGen: 2612917K(2628096K)->149888K(2626560K) Eden: 2460160K(2460160K)->0K(2461184K) From: 152757K(167936K)->149888K(165376K)
[4002.106s][info][gc,heap        ] GC(958) ParOldGen: 2236750K(2236928K)->2340870K(2341376K)
[4002.106s][info][gc,metaspace   ] GC(958) Metaspace: 29072K(29376K)->29072K(29376K) NonClass: 25969K(26112K)->25969K(26112K) Class: 3103K(3264K)->3103K(3264K)
[4002.106s][info][gc             ] GC(958) Pause Young (Allocation Failure) 4736M->2432M(4851M) 95.189ms
[4002.106s][info][gc,cpu         ] GC(958) User=0.52s Sys=0.04s Real=0.09s
..[4004.707s][info][gc,start       ] GC(959) Pause Young (Allocation Failure)
[4004.805s][info][gc,heap        ] GC(959) PSYoungGen: 2611072K(2626560K)->158688K(2627584K) Eden: 2461184K(2461184K)->0K(2461184K) From: 149888K(165376K)->158688K(166400K)
[4004.805s][info][gc,heap        ] GC(959) ParOldGen: 2340870K(2341376K)->2446598K(2446848K)
[4004.805s][info][gc,metaspace   ] GC(959) Metaspace: 29072K(29376K)->29072K(29376K) NonClass: 25969K(26112K)->25969K(26112K) Class: 3103K(3264K)->3103K(3264K)
[4004.805s][info][gc             ] GC(959) Pause Young (Allocation Failure) 4835M->2544M(4955M) 98.439ms
[4004.805s][info][gc,cpu         ] GC(959) User=0.54s Sys=0.04s Real=0.10s
...[4007.326s][info][gc,start       ] GC(960) Pause Young (Allocation Failure)
[4007.421s][info][gc,heap        ] GC(960) PSYoungGen: 2619872K(2627584K)->150496K(2629120K) Eden: 2461184K(2461184K)->0K(2462720K) From: 158688K(166400K)->150496K(166400K)
[4007.421s][info][gc,heap        ] GC(960) ParOldGen: 2446598K(2446848K)->2551934K(2552320K)
[4007.421s][info][gc,metaspace   ] GC(960) Metaspace: 29072K(29376K)->29072K(29376K) NonClass: 25969K(26112K)->25969K(26112K) Class: 3103K(3264K)->3103K(3264K)
[4007.421s][info][gc             ] GC(960) Pause Young (Allocation Failure) 4947M->2639M(5060M) 94.747ms
[4007.421s][info][gc,cpu         ] GC(960) User=0.53s Sys=0.03s Real=0.10s
...[4009.983s][info][gc,start       ] GC(961) Pause Young (Allocation Failure)
[4010.078s][info][gc,heap        ] GC(961) PSYoungGen: 2613216K(2629120K)->149888K(2629120K) Eden: 2462720K(2462720K)->0K(2462720K) From: 150496K(166400K)->149888K(166400K)
[4010.078s][info][gc,heap        ] GC(961) ParOldGen: 2551934K(2552320K)->2655238K(2655744K)
[4010.078s][info][gc,metaspace   ] GC(961) Metaspace: 29072K(29376K)->29072K(29376K) NonClass: 25969K(26112K)->25969K(26112K) Class: 3103K(3264K)->3103K(3264K)
[4010.078s][info][gc             ] GC(961) Pause Young (Allocation Failure) 5044M->2739M(5161M) 94.469ms
[4010.078s][info][gc,cpu         ] GC(961) User=0.51s Sys=0.05s Real=0.09s
..[4012.690s][info][gc,start       ] GC(962) Pause Young (Allocation Failure)
[4012.792s][info][gc,heap        ] GC(962) PSYoungGen: 2612608K(2629120K)->163875K(2625024K) Eden: 2462720K(2462720K)->0K(2459136K) From: 149888K(166400K)->163875K(165888K)
[4012.792s][info][gc,heap        ] GC(962) ParOldGen: 2655238K(2655744K)->2761086K(2761216K)
[4012.792s][info][gc,metaspace   ] GC(962) Metaspace: 29072K(29376K)->29072K(29376K) NonClass: 25969K(26112K)->25969K(26112K) Class: 3103K(3264K)->3103K(3264K)
[4012.792s][info][gc             ] GC(962) Pause Young (Allocation Failure) 5144M->2856M(5260M) 102.469ms
[4012.792s][info][gc,cpu         ] GC(962) User=0.58s Sys=0.03s Real=0.11s
.. (rIR:aIR:PR = 6503:6502:6502) (tPR = 96503) [OK] 
  4013s: Performance info:
         Transaction,    Success,    Partial,     Failed,   Receipts, AvgBarcode, 
             Overall,     395893,          0,          0,     376106,      59.47, 
         Response times:
             Request,    Success,    Partial,     Failed,   SkipFail,     Probes,    Samples,      min,      p50,      p90,      p95,      p99,      max, 
       TotalPurchase,     376137,          0,          0,          0,     361693,     397670,      300,     5100,    10800,    17500,    50000,   950000,
     InStorePurchase,     197973,          0,          0,          0,     189935,     208240,      300,     5000,    10700,    17500,    49000,   930000,
      OnlinePurchase,     138550,          0,          0,          0,     133247,     146701,      300,     5100,    10800,    17700,    50000,   950000,
        InstPurchase,      39614,          0,          0,          0,      38511,      42729,      300,     5100,    11000,    18050,    52000,   950000,
          AssocOfCat,        398,          0,          0,          0,        303,        401,    19900,    35000,    57000,    65900,   131860,   154000,
      AssocOfProduct,       3959,          0,          0,          0,       3666,       4201,     1000,     5400,    10800,    21000,    47980,   118000,
      BusinessReport,        992,          0,          0,          0,        845,       1039,    27000,    40000,    60000,    72000,   146600,   177000,
          CustBuyBeh,       3958,          0,          0,          0,       3672,       4252,      200,     4400,     8800,    15500,    37000,   118000,
       ProductReturn,      10483,          0,          0,          0,       9931,      11148,      200,     6000,    11300,    28000,    53000,   950000,

  4013s: (48%)   IR =   6642 .[4015.241s][info][gc,start       ] GC(963) Pause Young (Allocation Failure)
[4015.337s][info][gc,heap        ] GC(963) PSYoungGen: 2623011K(2625024K)->148640K(2627584K) Eden: 2459136K(2459136K)->0K(2459136K) From: 163875K(165888K)->148640K(168448K)
[4015.337s][info][gc,heap        ] GC(963) ParOldGen: 2761086K(2761216K)->2868966K(2869248K)
[4015.337s][info][gc,metaspace   ] GC(963) Metaspace: 29072K(29376K)->29072K(29376K) NonClass: 25969K(26112K)->25969K(26112K) Class: 3103K(3264K)->3103K(3264K)
[4015.337s][info][gc             ] GC(963) Pause Young (Allocation Failure) 5257M->2946M(5368M) 95.397ms
[4015.337s][info][gc,cpu         ] GC(963) User=0.53s Sys=0.03s Real=0.09s
..[4017.766s][info][gc,start       ] GC(964) Pause Young (Allocation Failure)
[4017.866s][info][gc,heap        ] GC(964) PSYoungGen: 2607776K(2627584K)->156756K(2627072K) Eden: 2459136K(2459136K)->0K(2459648K) From: 148640K(168448K)->156756K(167424K)
[4017.866s][info][gc,heap        ] GC(964) ParOldGen: 2868966K(2869248K)->2973270K(2973696K)
[4017.866s][info][gc,metaspace   ] GC(964) Metaspace: 29072K(29376K)->29072K(29376K) NonClass: 25969K(26112K)->25969K(26112K) Class: 3103K(3264K)->3103K(3264K)
[4017.866s][info][gc             ] GC(964) Pause Young (Allocation Failure) 5348M->3056M(5469M) 99.906ms
[4017.866s][info][gc,cpu         ] GC(964) User=0.56s Sys=0.03s Real=0.10s
..|.[4020.425s][info][gc,start       ] GC(965) Pause Young (Allocation Failure)
[4020.520s][info][gc,heap        ] GC(965) PSYoungGen: 2616404K(2627072K)->154016K(2613760K) Eden: 2459648K(2459648K)->0K(2459648K) From: 156756K(167424K)->154016K(154112K)
[4020.520s][info][gc,heap        ] GC(965) ParOldGen: 2973270K(2973696K)->3074366K(3074560K)
[4020.520s][info][gc,metaspace   ] GC(965) Metaspace: 29072K(29376K)->29072K(29376K) NonClass: 25969K(26112K)->25969K(26112K) Class: 3103K(3264K)->3103K(3264K)
[4020.520s][info][gc             ] GC(965) Pause Young (Allocation Failure) 5458M->3152M(5555M) 94.822ms
[4020.520s][info][gc,cpu         ] GC(965) User=0.53s Sys=0.03s Real=0.10s
...[4023.017s][info][gc,start       ] GC(966) Pause Young (Allocation Failure)
[4023.113s][info][gc,heap        ] GC(966) PSYoungGen: 2613664K(2613760K)->148128K(2627072K) Eden: 2459648K(2459648K)->0K(2460672K) From: 154016K(154112K)->148128K(166400K)
[4023.113s][info][gc,heap        ] GC(966) ParOldGen: 3074366K(3074560K)->3180974K(3181056K)
[4023.113s][info][gc,metaspace   ] GC(966) Metaspace: 29072K(29376K)->29072K(29376K) NonClass: 25969K(26112K)->25969K(26112K) Class: 3103K(3264K)->3103K(3264K)
[4023.113s][info][gc             ] GC(966) Pause Young (Allocation Failure) 5554M->3251M(5672M) 96.019ms
[4023.113s][info][gc,cpu         ] GC(966) User=0.53s Sys=0.03s Real=0.10s
..[4025.639s][info][gc,start       ] GC(967) Pause Young (Allocation Failure)
[4025.735s][info][gc,heap        ] GC(967) PSYoungGen: 2608800K(2627072K)->156128K(2627072K) Eden: 2460672K(2460672K)->0K(2460672K) From: 148128K(166400K)->156128K(166400K)
[4025.735s][info][gc,heap        ] GC(967) ParOldGen: 3180974K(3181056K)->3285046K(3285504K)
[4025.735s][info][gc,metaspace   ] GC(967) Metaspace: 29072K(29376K)->29072K(29376K) NonClass: 25969K(26112K)->25969K(26112K) Class: 3103K(3264K)->3103K(3264K)
[4025.735s][info][gc             ] GC(967) Pause Young (Allocation Failure) 5654M->3360M(5774M) 96.233ms
[4025.735s][info][gc,cpu         ] GC(967) User=0.54s Sys=0.03s Real=0.10s
...[4028.200s][info][gc,start       ] GC(968) Pause Young (Allocation Failure)
[4028.299s][info][gc,heap        ] GC(968) PSYoungGen: 2616800K(2627072K)->155781K(2629120K) Eden: 2460672K(2460672K)->0K(2463744K) From: 156128K(166400K)->155781K(165376K)
[4028.299s][info][gc,heap        ] GC(968) ParOldGen: 3285046K(3285504K)->3390958K(3390976K)
[4028.299s][info][gc,metaspace   ] GC(968) Metaspace: 29072K(29376K)->29072K(29376K) NonClass: 25969K(26112K)->25969K(26112K) Class: 3103K(3264K)->3103K(3264K)
[4028.299s][info][gc             ] GC(968) Pause Young (Allocation Failure) 5763M->3463M(5879M) 98.341ms
[4028.299s][info][gc,cpu         ] GC(968) User=0.54s Sys=0.04s Real=0.09s
..[4030.814s][info][gc,start       ] GC(969) Pause Young (Allocation Failure)
[4030.914s][info][gc,heap        ] GC(969) PSYoungGen: 2619525K(2629120K)->159424K(2629120K) Eden: 2463744K(2463744K)->0K(2463744K) From: 155781K(165376K)->159424K(165376K)
[4030.914s][info][gc,heap        ] GC(969) ParOldGen: 3390958K(3390976K)->3493798K(3493888K)
[4030.914s][info][gc,metaspace   ] GC(969) Metaspace: 29072K(29376K)->29072K(29376K) NonClass: 25969K(26112K)->25969K(26112K) Class: 3103K(3264K)->3103K(3264K)
[4030.914s][info][gc             ] GC(969) Pause Young (Allocation Failure) 5869M->3567M(5979M) 99.789ms
[4030.914s][info][gc,cpu         ] GC(969) User=0.55s Sys=0.04s Real=0.10s
...[4033.378s][info][gc,start       ] GC(970) Pause Young (Allocation Failure)
[4033.476s][info][gc,heap        ] GC(970) PSYoungGen: 2623168K(2629120K)->157829K(2629632K) Eden: 2463744K(2463744K)->0K(2463232K) From: 159424K(165376K)->157829K(166400K)
[4033.476s][info][gc,heap        ] GC(970) ParOldGen: 3493798K(3493888K)->3599030K(3599360K)
[4033.476s][info][gc,metaspace   ] GC(970) Metaspace: 29072K(29376K)->29072K(29376K) NonClass: 25969K(26112K)->25969K(26112K) Class: 3103K(3264K)->3103K(3264K)
[4033.476s][info][gc             ] GC(970) Pause Young (Allocation Failure) 5973M->3668M(6083M) 98.865ms
[4033.476s][info][gc,cpu         ] GC(970) User=0.54s Sys=0.04s Real=0.10s
..[4035.943s][info][gc,start       ] GC(971) Pause Young (Allocation Failure)
[4036.041s][info][gc,heap        ] GC(971) PSYoungGen: 2621061K(2629632K)->154272K(2617856K) Eden: 2463232K(2463232K)->0K(2463232K) From: 157829K(166400K)->154272K(154624K)
[4036.041s][info][gc,heap        ] GC(971) ParOldGen: 3599030K(3599360K)->3703294K(3703296K)
[4036.041s][info][gc,metaspace   ] GC(971) Metaspace: 29072K(29376K)->29072K(29376K) NonClass: 25969K(26112K)->25969K(26112K) Class: 3103K(3264K)->3103K(3264K)
[4036.041s][info][gc             ] GC(971) Pause Young (Allocation Failure) 6074M->3767M(6173M) 98.207ms
[4036.041s][info][gc,cpu         ] GC(971) User=0.55s Sys=0.03s Real=0.10s
...[4038.581s][info][gc,start       ] GC(972) Pause Young (Allocation Failure)
[4038.680s][info][gc,heap        ] GC(972) PSYoungGen: 2617504K(2617856K)->156928K(2628608K) Eden: 2463232K(2463232K)->0K(2463232K) From: 154272K(154624K)->156928K(165376K)
[4038.680s][info][gc,heap        ] GC(972) ParOldGen: 3703294K(3703296K)->3807046K(3807232K)
[4038.680s][info][gc,metaspace   ] GC(972) Metaspace: 29072K(29376K)->29072K(29376K) NonClass: 25969K(26112K)->25969K(26112K) Class: 3103K(3264K)->3103K(3264K)
[4038.680s][info][gc             ] GC(972) Pause Young (Allocation Failure) 6172M->3871M(6285M) 99.359ms
[4038.680s][info][gc,cpu         ] GC(972) User=0.56s Sys=0.02s Real=0.10s
...[4041.108s][info][gc,start       ] GC(973) Pause Young (Allocation Failure)
[4041.208s][info][gc,heap        ] GC(973) PSYoungGen: 2620160K(2628608K)->156596K(2628608K) Eden: 2463232K(2463232K)->0K(2463232K) From: 156928K(165376K)->156596K(165376K)
[4041.208s][info][gc,heap        ] GC(973) ParOldGen: 3807046K(3807232K)->3914742K(3914752K)
[4041.208s][info][gc,metaspace   ] GC(973) Metaspace: 29072K(29376K)->29072K(29376K) NonClass: 25969K(26112K)->25969K(26112K) Class: 3103K(3264K)->3103K(3264K)
[4041.208s][info][gc             ] GC(973) Pause Young (Allocation Failure) 6276M->3975M(6390M) 100.258ms
[4041.208s][info][gc,cpu         ] GC(973) User=0.57s Sys=0.03s Real=0.10s
..[4043.706s][info][gc,start       ] GC(974) Pause Young (Allocation Failure)
[4043.803s][info][gc,heap        ] GC(974) PSYoungGen: 2619828K(2628608K)->154592K(2629120K) Eden: 2463232K(2463232K)->0K(2465792K) From: 156596K(165376K)->154592K(163328K)
[4043.804s][info][gc,heap        ] GC(974) ParOldGen: 3914742K(3914752K)->4016542K(4016640K)
[4043.804s][info][gc,metaspace   ] GC(974) Metaspace: 29072K(29376K)->29072K(29376K) NonClass: 25969K(26112K)->25969K(26112K) Class: 3103K(3264K)->3103K(3264K)
[4043.804s][info][gc             ] GC(974) Pause Young (Allocation Failure) 6381M->4073M(6490M) 97.332ms
[4043.804s][info][gc,cpu         ] GC(974) User=0.55s Sys=0.02s Real=0.10s
...[4046.332s][info][gc,start       ] GC(975) Pause Young (Allocation Failure)
[4046.430s][info][gc,heap        ] GC(975) PSYoungGen: 2620384K(2629120K)->153504K(2629632K) Eden: 2465792K(2465792K)->0K(2465792K) From: 154592K(163328K)->153504K(163840K)
[4046.430s][info][gc,heap        ] GC(975) ParOldGen: 4016542K(4016640K)->4121430K(4121600K)
[4046.430s][info][gc,metaspace   ] GC(975) Metaspace: 29072K(29376K)->29072K(29376K) NonClass: 25969K(26112K)->25969K(26112K) Class: 3103K(3264K)->3103K(3264K)
[4046.430s][info][gc             ] GC(975) Pause Young (Allocation Failure) 6481M->4174M(6593M) 97.897ms
[4046.430s][info][gc,cpu         ] GC(975) User=0.56s Sys=0.03s Real=0.10s
..[4048.846s][info][gc,start       ] GC(976) Pause Young (Allocation Failure)
[4048.944s][info][gc,heap        ] GC(976) PSYoungGen: 2619296K(2629632K)->149813K(2632192K) Eden: 2465792K(2465792K)->0K(2468864K) From: 153504K(163840K)->149813K(163328K)
[4048.944s][info][gc,heap        ] GC(976) ParOldGen: 4121430K(4121600K)->4229318K(4229632K)
[4048.944s][info][gc,metaspace   ] GC(976) Metaspace: 29072K(29376K)->29072K(29376K) NonClass: 25969K(26112K)->25969K(26112K) Class: 3103K(3264K)->3103K(3264K)
[4048.944s][info][gc             ] GC(976) Pause Young (Allocation Failure) 6582M->4276M(6701M) 98.144ms
[4048.944s][info][gc,cpu         ] GC(976) User=0.54s Sys=0.03s Real=0.10s
...[4051.540s][info][gc,start       ] GC(977) Pause Young (Allocation Failure)
[4051.641s][info][gc,heap        ] GC(977) PSYoungGen: 2618677K(2632192K)->163216K(2632192K) Eden: 2468864K(2468864K)->0K(2468864K) From: 149813K(163328K)->163216K(163328K)
[4051.641s][info][gc,heap        ] GC(977) ParOldGen: 4229318K(4229632K)->4330318K(4330496K)
[4051.641s][info][gc,metaspace   ] GC(977) Metaspace: 29072K(29376K)->29072K(29376K) NonClass: 25969K(26112K)->25969K(26112K) Class: 3103K(3264K)->3103K(3264K)
[4051.641s][info][gc             ] GC(977) Pause Young (Allocation Failure) 6687M->4388M(6799M) 100.332ms
[4051.641s][info][gc,cpu         ] GC(977) User=0.57s Sys=0.02s Real=0.10s
..[4054.068s][info][gc,start       ] GC(978) Pause Young (Allocation Failure)
[4054.166s][info][gc,heap        ] GC(978) PSYoungGen: 2632080K(2632192K)->147904K(2628096K) Eden: 2468864K(2468864K)->0K(2464256K) From: 163216K(163328K)->147904K(163840K)
[4054.166s][info][gc,heap        ] GC(978) ParOldGen: 4330318K(4330496K)->4437078K(4437504K)
[4054.166s][info][gc,metaspace   ] GC(978) Metaspace: 29072K(29376K)->29072K(29376K) NonClass: 25969K(26112K)->25969K(26112K) Class: 3103K(3264K)->3103K(3264K)
[4054.166s][info][gc             ] GC(978) Pause Young (Allocation Failure) 6799M->4477M(6900M) 97.326ms
[4054.166s][info][gc,cpu         ] GC(978) User=0.55s Sys=0.03s Real=0.10s
...[4056.620s][info][gc,start       ] GC(979) Pause Young (Allocation Failure)
[4056.719s][info][gc,heap        ] GC(979) PSYoungGen: 2612160K(2628096K)->158448K(2622976K) Eden: 2464256K(2464256K)->0K(2464256K) From: 147904K(163840K)->158448K(158720K)
[4056.719s][info][gc,heap        ] GC(979) ParOldGen: 4437078K(4437504K)->4541374K(4541440K)
[4056.719s][info][gc,metaspace   ] GC(979) Metaspace: 29072K(29376K)->29072K(29376K) NonClass: 25969K(26112K)->25969K(26112K) Class: 3103K(3264K)->3103K(3264K)
[4056.719s][info][gc             ] GC(979) Pause Young (Allocation Failure) 6884M->4589M(6996M) 99.338ms
[4056.720s][info][gc,cpu         ] GC(979) User=0.55s Sys=0.04s Real=0.09s
...[4059.209s][info][gc,start       ] GC(980) Pause Young (Allocation Failure)
[4059.306s][info][gc,heap        ] GC(980) PSYoungGen: 2622704K(2622976K)->150336K(2630144K) Eden: 2464256K(2464256K)->0K(2463744K) From: 158448K(158720K)->150336K(166400K)
[4059.306s][info][gc,heap        ] GC(980) ParOldGen: 4541374K(4541440K)->4645798K(4645888K)
[4059.306s][info][gc,metaspace   ] GC(980) Metaspace: 29072K(29376K)->29072K(29376K) NonClass: 25969K(26112K)->25969K(26112K) Class: 3103K(3264K)->3103K(3264K)
[4059.306s][info][gc             ] GC(980) Pause Young (Allocation Failure) 6996M->4683M(7105M) 97.295ms
[4059.306s][info][gc,cpu         ] GC(980) User=0.55s Sys=0.03s Real=0.10s
[4060.028s][info][gc,start       ] GC(981) Pause Full (Diagnostic Command)
[4060.028s][info][gc,phases,start] GC(981) Marking Phase
[4060.329s][info][gc,phases      ] GC(981) Marking Phase 301.445ms
[4060.329s][info][gc,phases,start] GC(981) Summary Phase
[4060.329s][info][gc,phases      ] GC(981) Summary Phase 0.084ms
[4060.330s][info][gc,phases,start] GC(981) Forward
[4060.467s][info][gc,phases      ] GC(981) Forward 137.232ms
[4060.467s][info][gc,phases,start] GC(981) Adjust Pointers
[4060.677s][info][gc,phases      ] GC(981) Adjust Pointers 209.887ms
[4060.677s][info][gc,phases,start] GC(981) Compaction Phase
[4060.849s][info][gc,phases      ] GC(981) Compaction Phase 171.243ms
[4060.851s][info][gc,phases,start] GC(981) Post Compact
[4060.856s][info][gc,phases      ] GC(981) Post Compact 4.928ms
[4060.856s][info][gc,heap        ] GC(981) PSYoungGen: 987899K(2630144K)->0K(2630144K) Eden: 837563K(2463744K)->0K(2463744K) From: 150336K(166400K)->0K(166400K)
[4060.856s][info][gc,heap        ] GC(981) ParOldGen: 4645798K(4645888K)->1331426K(4645888K)
[4060.856s][info][gc,metaspace   ] GC(981) Metaspace: 29072K(29376K)->29072K(29376K) NonClass: 25969K(26112K)->25969K(26112K) Class: 3103K(3264K)->3103K(3264K)
[4060.856s][info][gc             ] GC(981) Pause Full (Diagnostic Command) 5501M->1300M(7105M) 827.798ms
[4060.856s][info][gc,cpu         ] GC(981) User=4.48s Sys=0.00s Real=0.83s
..[4062.685s][info][gc,start       ] GC(982) Pause Young (Allocation Failure)
[4062.749s][info][gc,heap        ] GC(982) PSYoungGen: 2463744K(2630144K)->158272K(2629632K) Eden: 2463744K(2463744K)->0K(2463744K) From: 0K(166400K)->158272K(165888K)
[4062.749s][info][gc,heap        ] GC(982) ParOldGen: 1331426K(4645888K)->1331426K(4645888K)
[4062.749s][info][gc,metaspace   ] GC(982) Metaspace: 29072K(29376K)->29072K(29376K) NonClass: 25969K(26112K)->25969K(26112K) Class: 3103K(3264K)->3103K(3264K)
[4062.749s][info][gc             ] GC(982) Pause Young (Allocation Failure) 3706M->1454M(7105M) 63.549ms
[4062.749s][info][gc,cpu         ] GC(982) User=0.37s Sys=0.00s Real=0.06s
...[4065.281s][info][gc,start       ] GC(983) Pause Young (Allocation Failure)
[4065.372s][info][gc,heap        ] GC(983) PSYoungGen: 2622016K(2629632K)->150880K(2629632K) Eden: 2463744K(2463744K)->0K(2463744K) From: 158272K(165888K)->150880K(165888K)
[4065.372s][info][gc,heap        ] GC(983) ParOldGen: 1331426K(4645888K)->1438330K(4645888K)
[4065.372s][info][gc,metaspace   ] GC(983) Metaspace: 29072K(29376K)->29072K(29376K) NonClass: 25969K(26112K)->25969K(26112K) Class: 3103K(3264K)->3103K(3264K)
[4065.372s][info][gc             ] GC(983) Pause Young (Allocation Failure) 3860M->1551M(7105M) 90.910ms
[4065.372s][info][gc,cpu         ] GC(983) User=0.53s Sys=0.00s Real=0.09s
..[4067.850s][info][gc,start       ] GC(984) Pause Young (Allocation Failure)
[4067.939s][info][gc,heap        ] GC(984) PSYoungGen: 2614624K(2629632K)->146400K(2629632K) Eden: 2463744K(2463744K)->0K(2463744K) From: 150880K(165888K)->146400K(165888K)
[4067.939s][info][gc,heap        ] GC(984) ParOldGen: 1438330K(4645888K)->1542562K(4645888K)
[4067.939s][info][gc,metaspace   ] GC(984) Metaspace: 29072K(29376K)->29072K(29376K) NonClass: 25969K(26112K)->25969K(26112K) Class: 3103K(3264K)->3103K(3264K)
[4067.939s][info][gc             ] GC(984) Pause Young (Allocation Failure) 3957M->1649M(7105M) 88.276ms
[4067.939s][info][gc,cpu         ] GC(984) User=0.52s Sys=0.00s Real=0.08s
...[4070.455s][info][gc,start       ] GC(985) Pause Young (Allocation Failure)
[4070.548s][info][gc,heap        ] GC(985) PSYoungGen: 2610144K(2629632K)->157184K(2629120K) Eden: 2463744K(2463744K)->0K(2463232K) From: 146400K(165888K)->157184K(165888K)
[4070.548s][info][gc,heap        ] GC(985) ParOldGen: 1542562K(4645888K)->1645970K(4645888K)
[4070.548s][info][gc,metaspace   ] GC(985) Metaspace: 29072K(29376K)->29072K(29376K) NonClass: 25969K(26112K)->25969K(26112K) Class: 3103K(3264K)->3103K(3264K)
[4070.548s][info][gc             ] GC(985) Pause Young (Allocation Failure) 4055M->1760M(7104M) 93.029ms
[4070.548s][info][gc,cpu         ] GC(985) User=0.56s Sys=0.00s Real=0.09s
...[4073.069s][info][gc,start       ] GC(986) Pause Young (Allocation Failure)
[4073.161s][info][gc,heap        ] GC(986) PSYoungGen: 2620416K(2629120K)->149152K(2629632K) Eden: 2463232K(2463232K)->0K(2463232K) From: 157184K(165888K)->149152K(166400K)
[4073.161s][info][gc,heap        ] GC(986) ParOldGen: 1645970K(4645888K)->1752058K(4645888K)
[4073.161s][info][gc,metaspace   ] GC(986) Metaspace: 29072K(29376K)->29072K(29376K) NonClass: 25969K(26112K)->25969K(26112K) Class: 3103K(3264K)->3103K(3264K)
[4073.161s][info][gc             ] GC(986) Pause Young (Allocation Failure) 4166M->1856M(7105M) 92.227ms
[4073.161s][info][gc,cpu         ] GC(986) User=0.54s Sys=0.01s Real=0.10s
..[4075.657s][info][gc,start       ] GC(987) Pause Young (Allocation Failure)
[4075.750s][info][gc,heap        ] GC(987) PSYoungGen: 2612384K(2629632K)->156064K(2628608K) Eden: 2463232K(2463232K)->0K(2463744K) From: 149152K(166400K)->156064K(164864K)
[4075.750s][info][gc,heap        ] GC(987) ParOldGen: 1752058K(4645888K)->1856410K(4645888K)
[4075.750s][info][gc,metaspace   ] GC(987) Metaspace: 29072K(29376K)->29072K(29376K) NonClass: 25969K(26112K)->25969K(26112K) Class: 3103K(3264K)->3103K(3264K)
[4075.750s][info][gc             ] GC(987) Pause Young (Allocation Failure) 4262M->1965M(7104M) 93.198ms
[4075.750s][info][gc,cpu         ] GC(987) User=0.55s Sys=0.00s Real=0.09s
...[4078.223s][info][gc,start       ] GC(988) Pause Young (Allocation Failure)
[4078.319s][info][gc,heap        ] GC(988) PSYoungGen: 2619808K(2628608K)->158710K(2629120K) Eden: 2463744K(2463744K)->0K(2463744K) From: 156064K(164864K)->158710K(165376K)
[4078.319s][info][gc,heap        ] GC(988) ParOldGen: 1856410K(4645888K)->1961418K(4645888K)
[4078.319s][info][gc,metaspace   ] GC(988) Metaspace: 29072K(29376K)->29072K(29376K) NonClass: 25969K(26112K)->25969K(26112K) Class: 3103K(3264K)->3103K(3264K)
[4078.319s][info][gc             ] GC(988) Pause Young (Allocation Failure) 4371M->2070M(7104M) 96.293ms
[4078.319s][info][gc,cpu         ] GC(988) User=0.58s Sys=0.00s Real=0.09s
.. (rIR:aIR:PR = 6642:6643:6643) (tPR = 99005) [OK] 
  4079s: Performance info:
         Transaction,    Success,    Partial,     Failed,   Receipts, AvgBarcode, 
             Overall,     405170,          0,          0,     384922,      59.47, 
         Response times:
             Request,    Success,    Partial,     Failed,   SkipFail,     Probes,    Samples,      min,      p50,      p90,      p95,      p99,      max, 
       TotalPurchase,     384922,          0,          0,          0,     362452,     395854,      300,     5100,    11100,    30000,   172000,   353000,
     InStorePurchase,     202472,          0,          0,          0,     190843,     207861,      300,     5000,    11100,    29000,   173000,   274000,
      OnlinePurchase,     142001,          0,          0,          0,     133834,     146079,      300,     5200,    11200,    30000,   161000,   265000,
        InstPurchase,      40449,          0,          0,          0,      37775,      41914,      400,     5100,    11100,    31000,   159000,   353000,
          AssocOfCat,        404,          0,          0,          0,        325,        435,    22000,    36000,    62000,    86400,   136840,   168000,
      AssocOfProduct,       4055,          0,          0,          0,       3706,       4226,      800,     4800,     9800,    24000,   248600,   353000,
      BusinessReport,       1012,          0,          0,          0,        885,       1056,    28000,    41000,    61000,    81150,   280000,   355000,
          CustBuyBeh,       4049,          0,          0,          0,       3714,       4248,      200,     4600,    10500,    28000,   256000,   353000,
       ProductReturn,      10727,          0,          0,          0,      10254,      11446,      200,     5200,    11500,    28650,   138660,   290000,

  4079s: (49%)   IR =   6780 [4080.853s][info][gc,start       ] GC(989) Pause Young (Allocation Failure)
[4080.949s][info][gc,heap        ] GC(989) PSYoungGen: 2622454K(2629120K)->160292K(2627584K) Eden: 2463744K(2463744K)->0K(2461184K) From: 158710K(165376K)->160292K(166400K)
[4080.949s][info][gc,heap        ] GC(989) ParOldGen: 1961418K(4645888K)->2064362K(4645888K)
[4080.949s][info][gc,metaspace   ] GC(989) Metaspace: 29072K(29376K)->29072K(29376K) NonClass: 25969K(26112K)->25969K(26112K) Class: 3103K(3264K)->3103K(3264K)
[4080.949s][info][gc             ] GC(989) Pause Young (Allocation Failure) 4476M->2172M(7103M) 96.167ms
[4080.949s][info][gc,cpu         ] GC(989) User=0.57s Sys=0.00s Real=0.09s
...[4083.403s][info][gc,start       ] GC(990) Pause Young (Allocation Failure)
[4083.496s][info][gc,heap        ] GC(990) PSYoungGen: 2621476K(2627584K)->153280K(2628608K) Eden: 2461184K(2461184K)->0K(2461184K) From: 160292K(166400K)->153280K(167424K)
[4083.496s][info][gc,heap        ] GC(990) ParOldGen: 2064362K(4645888K)->2170330K(4645888K)
[4083.496s][info][gc,metaspace   ] GC(990) Metaspace: 29072K(29376K)->29072K(29376K) NonClass: 25969K(26112K)->25969K(26112K) Class: 3103K(3264K)->3103K(3264K)
[4083.496s][info][gc             ] GC(990) Pause Young (Allocation Failure) 4576M->2269M(7104M) 92.627ms
[4083.496s][info][gc,cpu         ] GC(990) User=0.55s Sys=0.00s Real=0.09s
..[4085.841s][info][gc,start       ] GC(991) Pause Young (Allocation Failure)
[4085.932s][info][gc,heap        ] GC(991) PSYoungGen: 2614464K(2628608K)->142208K(2627584K) Eden: 2461184K(2461184K)->0K(2461184K) From: 153280K(167424K)->142208K(166400K)
[4085.932s][info][gc,heap        ] GC(991) ParOldGen: 2170330K(4645888K)->2276466K(4645888K)
[4085.932s][info][gc,metaspace   ] GC(991) Metaspace: 29072K(29376K)->29072K(29376K) NonClass: 25969K(26112K)->25969K(26112K) Class: 3103K(3264K)->3103K(3264K)
[4085.932s][info][gc             ] GC(991) Pause Young (Allocation Failure) 4672M->2361M(7103M) 90.509ms
[4085.932s][info][gc,cpu         ] GC(991) User=0.53s Sys=0.00s Real=0.09s
...[4088.484s][info][gc,start       ] GC(992) Pause Young (Allocation Failure)
[4088.576s][info][gc,heap        ] GC(992) PSYoungGen: 2603392K(2627584K)->156480K(2628608K) Eden: 2461184K(2461184K)->0K(2461184K) From: 142208K(166400K)->156480K(167424K)
[4088.576s][info][gc,heap        ] GC(992) ParOldGen: 2276466K(4645888K)->2376842K(4645888K)
[4088.576s][info][gc,metaspace   ] GC(992) Metaspace: 29072K(29376K)->29072K(29376K) NonClass: 25969K(26112K)->25969K(26112K) Class: 3103K(3264K)->3103K(3264K)
[4088.576s][info][gc             ] GC(992) Pause Young (Allocation Failure) 4765M->2473M(7104M) 92.192ms
[4088.576s][info][gc,cpu         ] GC(992) User=0.54s Sys=0.00s Real=0.09s
.|.[4090.968s][info][gc,start       ] GC(993) Pause Young (Allocation Failure)
[4091.064s][info][gc,heap        ] GC(993) PSYoungGen: 2617664K(2628608K)->157536K(2628096K) Eden: 2461184K(2461184K)->0K(2461184K) From: 156480K(167424K)->157536K(166912K)
[4091.064s][info][gc,heap        ] GC(993) ParOldGen: 2376842K(4645888K)->2485714K(4645888K)
[4091.064s][info][gc,metaspace   ] GC(993) Metaspace: 29072K(29376K)->29072K(29376K) NonClass: 25969K(26112K)->25969K(26112K) Class: 3103K(3264K)->3103K(3264K)
[4091.064s][info][gc             ] GC(993) Pause Young (Allocation Failure) 4877M->2581M(7103M) 95.672ms
[4091.064s][info][gc,cpu         ] GC(993) User=0.57s Sys=0.00s Real=0.10s
...[4093.540s][info][gc,start       ] GC(994) Pause Young (Allocation Failure)
[4093.633s][info][gc,heap        ] GC(994) PSYoungGen: 2618720K(2628096K)->155712K(2617344K) Eden: 2461184K(2461184K)->0K(2461184K) From: 157536K(166912K)->155712K(156160K)
[4093.633s][info][gc,heap        ] GC(994) ParOldGen: 2485714K(4645888K)->2588682K(4645888K)
[4093.633s][info][gc,metaspace   ] GC(994) Metaspace: 29072K(29376K)->29072K(29376K) NonClass: 25969K(26112K)->25969K(26112K) Class: 3103K(3264K)->3103K(3264K)
[4093.633s][info][gc             ] GC(994) Pause Young (Allocation Failure) 4984M->2680M(7093M) 92.557ms
[4093.633s][info][gc,cpu         ] GC(994) User=0.55s Sys=0.00s Real=0.09s
..[4096.056s][info][gc,start       ] GC(995) Pause Young (Allocation Failure)
[4096.150s][info][gc,heap        ] GC(995) PSYoungGen: 2616896K(2617344K)->153877K(2629120K) Eden: 2461184K(2461184K)->0K(2462720K) From: 155712K(156160K)->153877K(166400K)
[4096.150s][info][gc,heap        ] GC(995) ParOldGen: 2588682K(4645888K)->2694810K(4645888K)
[4096.150s][info][gc,metaspace   ] GC(995) Metaspace: 29072K(29376K)->29072K(29376K) NonClass: 25969K(26112K)->25969K(26112K) Class: 3103K(3264K)->3103K(3264K)
[4096.150s][info][gc             ] GC(995) Pause Young (Allocation Failure) 5083M->2781M(7104M) 94.319ms
[4096.150s][info][gc,cpu         ] GC(995) User=0.56s Sys=0.00s Real=0.10s
...[4098.615s][info][gc,start       ] GC(996) Pause Young (Allocation Failure)
[4098.709s][info][gc,heap        ] GC(996) PSYoungGen: 2616597K(2629120K)->157312K(2628096K) Eden: 2462720K(2462720K)->0K(2462720K) From: 153877K(166400K)->157312K(165376K)
[4098.709s][info][gc,heap        ] GC(996) ParOldGen: 2694810K(4645888K)->2797906K(4645888K)
[4098.709s][info][gc,metaspace   ] GC(996) Metaspace: 29072K(29376K)->29072K(29376K) NonClass: 25969K(26112K)->25969K(26112K) Class: 3103K(3264K)->3103K(3264K)
[4098.709s][info][gc             ] GC(996) Pause Young (Allocation Failure) 5186M->2885M(7103M) 93.285ms
[4098.709s][info][gc,cpu         ] GC(996) User=0.56s Sys=0.00s Real=0.09s
...[4101.198s][info][gc,start       ] GC(997) Pause Young (Allocation Failure)
[4101.292s][info][gc,heap        ] GC(997) PSYoungGen: 2620032K(2628096K)->154699K(2629632K) Eden: 2462720K(2462720K)->0K(2465280K) From: 157312K(165376K)->154699K(164352K)
[4101.292s][info][gc,heap        ] GC(997) ParOldGen: 2797906K(4645888K)->2903514K(4645888K)
[4101.292s][info][gc,metaspace   ] GC(997) Metaspace: 29072K(29376K)->29072K(29376K) NonClass: 25969K(26112K)->25969K(26112K) Class: 3103K(3264K)->3103K(3264K)
[4101.292s][info][gc             ] GC(997) Pause Young (Allocation Failure) 5290M->2986M(7105M) 93.968ms
[4101.292s][info][gc,cpu         ] GC(997) User=0.56s Sys=0.00s Real=0.10s
..[4103.747s][info][gc,start       ] GC(998) Pause Young (Allocation Failure)
[4103.841s][info][gc,heap        ] GC(998) PSYoungGen: 2619979K(2629632K)->154304K(2629632K) Eden: 2465280K(2465280K)->0K(2465280K) From: 154699K(164352K)->154304K(164352K)
[4103.841s][info][gc,heap        ] GC(998) ParOldGen: 2903514K(4645888K)->3009466K(4645888K)
[4103.841s][info][gc,metaspace   ] GC(998) Metaspace: 29072K(29376K)->29072K(29376K) NonClass: 25969K(26112K)->25969K(26112K) Class: 3103K(3264K)->3103K(3264K)
[4103.841s][info][gc             ] GC(998) Pause Young (Allocation Failure) 5394M->3089M(7105M) 93.698ms
[4103.841s][info][gc,cpu         ] GC(998) User=0.55s Sys=0.00s Real=0.10s
...[4106.253s][info][gc,start       ] GC(999) Pause Young (Allocation Failure)
[4106.349s][info][gc,heap        ] GC(999) PSYoungGen: 2619584K(2629632K)->161684K(2628608K) Eden: 2465280K(2465280K)->0K(2465280K) From: 154304K(164352K)->161684K(163328K)
[4106.349s][info][gc,heap        ] GC(999) ParOldGen: 3009466K(4645888K)->3113034K(4645888K)
[4106.349s][info][gc,metaspace   ] GC(999) Metaspace: 29072K(29376K)->29072K(29376K) NonClass: 25969K(26112K)->25969K(26112K) Class: 3103K(3264K)->3103K(3264K)
[4106.349s][info][gc             ] GC(999) Pause Young (Allocation Failure) 5497M->3197M(7104M) 96.167ms
[4106.349s][info][gc,cpu         ] GC(999) User=0.57s Sys=0.00s Real=0.09s
..[4108.808s][info][gc,start       ] GC(1000) Pause Young (Allocation Failure)
[4108.901s][info][gc,heap        ] GC(1000) PSYoungGen: 2626964K(2628608K)->157120K(2630656K) Eden: 2465280K(2465280K)->0K(2465280K) From: 161684K(163328K)->157120K(165376K)
[4108.901s][info][gc,heap        ] GC(1000) ParOldGen: 3113034K(4645888K)->3215602K(4645888K)
[4108.901s][info][gc,metaspace   ] GC(1000) Metaspace: 29072K(29376K)->29072K(29376K) NonClass: 25969K(26112K)->25969K(26112K) Class: 3103K(3264K)->3103K(3264K)
[4108.901s][info][gc             ] GC(1000) Pause Young (Allocation Failure) 5605M->3293M(7106M) 93.304ms
[4108.901s][info][gc,cpu         ] GC(1000) User=0.55s Sys=0.00s Real=0.10s
...[4111.367s][info][gc,start       ] GC(1001) Pause Young (Allocation Failure)
[4111.462s][info][gc,heap        ] GC(1001) PSYoungGen: 2622400K(2630656K)->156512K(2629120K) Eden: 2465280K(2465280K)->0K(2465792K) From: 157120K(165376K)->156512K(163328K)
[4111.462s][info][gc,heap        ] GC(1001) ParOldGen: 3215602K(4645888K)->3319098K(4645888K)
[4111.462s][info][gc,metaspace   ] GC(1001) Metaspace: 29072K(29376K)->29072K(29376K) NonClass: 25969K(26112K)->25969K(26112K) Class: 3103K(3264K)->3103K(3264K)
[4111.462s][info][gc             ] GC(1001) Pause Young (Allocation Failure) 5701M->3394M(7104M) 95.221ms
[4111.462s][info][gc,cpu         ] GC(1001) User=0.57s Sys=0.00s Real=0.10s
..[4113.894s][info][gc,start       ] GC(1002) Pause Young (Allocation Failure)
[4113.986s][info][gc,heap        ] GC(1002) PSYoungGen: 2622304K(2629120K)->145408K(2630144K) Eden: 2465792K(2465792K)->0K(2465792K) From: 156512K(163328K)->145408K(164352K)
[4113.986s][info][gc,heap        ] GC(1002) ParOldGen: 3319098K(4645888K)->3426210K(4645888K)
[4113.986s][info][gc,metaspace   ] GC(1002) Metaspace: 29072K(29376K)->29072K(29376K) NonClass: 25969K(26112K)->25969K(26112K) Class: 3103K(3264K)->3103K(3264K)
[4113.986s][info][gc             ] GC(1002) Pause Young (Allocation Failure) 5802M->3487M(7105M) 91.997ms
[4113.986s][info][gc,cpu         ] GC(1002) User=0.54s Sys=0.01s Real=0.09s
...[4116.424s][info][gc,start       ] GC(1003) Pause Young (Allocation Failure)
[4116.520s][info][gc,heap        ] GC(1003) PSYoungGen: 2611200K(2630144K)->160628K(2628608K) Eden: 2465792K(2465792K)->0K(2463232K) From: 145408K(164352K)->160628K(165376K)
[4116.520s][info][gc,heap        ] GC(1003) ParOldGen: 3426210K(4645888K)->3529130K(4645888K)
[4116.520s][info][gc,metaspace   ] GC(1003) Metaspace: 29072K(29376K)->29072K(29376K) NonClass: 25969K(26112K)->25969K(26112K) Class: 3103K(3264K)->3103K(3264K)
[4116.520s][info][gc             ] GC(1003) Pause Young (Allocation Failure) 5895M->3603M(7104M) 96.282ms
[4116.521s][info][gc,cpu         ] GC(1003) User=0.56s Sys=0.01s Real=0.10s
..[4118.941s][info][gc,start       ] GC(1004) Pause Young (Allocation Failure)
[4119.033s][info][gc,heap        ] GC(1004) PSYoungGen: 2623860K(2628608K)->147360K(2610688K) Eden: 2463232K(2463232K)->0K(2463232K) From: 160628K(165376K)->147360K(147456K)
[4119.033s][info][gc,heap        ] GC(1004) ParOldGen: 3529130K(4645888K)->3634866K(4645888K)
[4119.033s][info][gc,metaspace   ] GC(1004) Metaspace: 29072K(29376K)->29072K(29376K) NonClass: 25969K(26112K)->25969K(26112K) Class: 3103K(3264K)->3103K(3264K)
[4119.033s][info][gc             ] GC(1004) Pause Young (Allocation Failure) 6008M->3693M(7086M) 92.010ms
[4119.033s][info][gc,cpu         ] GC(1004) User=0.54s Sys=0.00s Real=0.09s
...[4121.497s][info][gc,start       ] GC(1005) Pause Young (Allocation Failure)
[4121.597s][info][gc,heap        ] GC(1005) PSYoungGen: 2610592K(2610688K)->162519K(2626048K) Eden: 2463232K(2463232K)->0K(2459136K) From: 147360K(147456K)->162519K(166912K)
[4121.597s][info][gc,heap        ] GC(1005) ParOldGen: 3634866K(4645888K)->3739346K(4645888K)
[4121.597s][info][gc,metaspace   ] GC(1005) Metaspace: 29072K(29376K)->29072K(29376K) NonClass: 25969K(26112K)->25969K(26112K) Class: 3103K(3264K)->3103K(3264K)
[4121.597s][info][gc             ] GC(1005) Pause Young (Allocation Failure) 6099M->3810M(7101M) 100.584ms
[4121.597s][info][gc,cpu         ] GC(1005) User=0.60s Sys=0.00s Real=0.10s
..[4124.005s][info][gc,start       ] GC(1006) Pause Young (Allocation Failure)
[4124.098s][info][gc,heap        ] GC(1006) PSYoungGen: 2621655K(2626048K)->151744K(2627584K) Eden: 2459136K(2459136K)->0K(2459136K) From: 162519K(166912K)->151744K(168448K)
[4124.098s][info][gc,heap        ] GC(1006) ParOldGen: 3739346K(4645888K)->3843074K(4645888K)
[4124.098s][info][gc,metaspace   ] GC(1006) Metaspace: 29072K(29376K)->29072K(29376K) NonClass: 25969K(26112K)->25969K(26112K) Class: 3103K(3264K)->3103K(3264K)
[4124.098s][info][gc             ] GC(1006) Pause Young (Allocation Failure) 6211M->3901M(7103M) 93.385ms
[4124.098s][info][gc,cpu         ] GC(1006) User=0.55s Sys=0.00s Real=0.09s
...[4126.537s][info][gc,start       ] GC(1007) Pause Young (Allocation Failure)
[4126.630s][info][gc,heap        ] GC(1007) PSYoungGen: 2610880K(2627584K)->152992K(2625024K) Eden: 2459136K(2459136K)->0K(2459648K) From: 151744K(168448K)->152992K(165376K)
[4126.630s][info][gc,heap        ] GC(1007) ParOldGen: 3843074K(4645888K)->3947514K(4645888K)
[4126.630s][info][gc,metaspace   ] GC(1007) Metaspace: 29072K(29376K)->29072K(29376K) NonClass: 25969K(26112K)->25969K(26112K) Class: 3103K(3264K)->3103K(3264K)
[4126.631s][info][gc             ] GC(1007) Pause Young (Allocation Failure) 6302M->4004M(7100M) 93.452ms
[4126.631s][info][gc,cpu         ] GC(1007) User=0.56s Sys=0.00s Real=0.10s
..[4129.099s][info][gc,start       ] GC(1008) Pause Young (Allocation Failure)
[4129.196s][info][gc,heap        ] GC(1008) PSYoungGen: 2612640K(2625024K)->155264K(2626560K) Eden: 2459648K(2459648K)->0K(2459648K) From: 152992K(165376K)->155264K(166912K)
[4129.196s][info][gc,heap        ] GC(1008) ParOldGen: 3947514K(4645888K)->4051250K(4645888K)
[4129.196s][info][gc,metaspace   ] GC(1008) Metaspace: 29072K(29376K)->29072K(29376K) NonClass: 25969K(26112K)->25969K(26112K) Class: 3103K(3264K)->3103K(3264K)
[4129.196s][info][gc             ] GC(1008) Pause Young (Allocation Failure) 6406M->4107M(7102M) 96.646ms
[4129.196s][info][gc,cpu         ] GC(1008) User=0.57s Sys=0.01s Real=0.10s
...[4131.681s][info][gc,start       ] GC(1009) Pause Young (Allocation Failure)
[4131.775s][info][gc,heap        ] GC(1009) PSYoungGen: 2614912K(2626560K)->157920K(2628608K) Eden: 2459648K(2459648K)->0K(2463232K) From: 155264K(166912K)->157920K(165376K)
[4131.775s][info][gc,heap        ] GC(1009) ParOldGen: 4051250K(4645888K)->4156226K(4645888K)
[4131.775s][info][gc,metaspace   ] GC(1009) Metaspace: 29072K(29376K)->29072K(29376K) NonClass: 25969K(26112K)->25969K(26112K) Class: 3103K(3264K)->3103K(3264K)
[4131.775s][info][gc             ] GC(1009) Pause Young (Allocation Failure) 6509M->4213M(7104M) 94.427ms
[4131.775s][info][gc,cpu         ] GC(1009) User=0.56s Sys=0.00s Real=0.09s
..[4134.164s][info][gc,start       ] GC(1010) Pause Young (Allocation Failure)
[4134.259s][info][gc,heap        ] GC(1010) PSYoungGen: 2621152K(2628608K)->149952K(2629120K) Eden: 2463232K(2463232K)->0K(2463232K) From: 157920K(165376K)->149952K(165888K)
[4134.259s][info][gc,heap        ] GC(1010) ParOldGen: 4156226K(4645888K)->4263282K(4645888K)
[4134.259s][info][gc,metaspace   ] GC(1010) Metaspace: 29072K(29376K)->29072K(29376K) NonClass: 25969K(26112K)->25969K(26112K) Class: 3103K(3264K)->3103K(3264K)
[4134.259s][info][gc             ] GC(1010) Pause Young (Allocation Failure) 6618M->4309M(7104M) 94.696ms
[4134.259s][info][gc,cpu         ] GC(1010) User=0.56s Sys=0.00s Real=0.09s
...[4136.659s][info][gc,start       ] GC(1011) Pause Young (Allocation Failure)
[4136.755s][info][gc,heap        ] GC(1011) PSYoungGen: 2613184K(2629120K)->160544K(2628096K) Eden: 2463232K(2463232K)->0K(2462208K) From: 149952K(165888K)->160544K(165888K)
[4136.755s][info][gc,heap        ] GC(1011) ParOldGen: 4263282K(4645888K)->4365850K(4645888K)
[4136.755s][info][gc,metaspace   ] GC(1011) Metaspace: 29072K(29376K)->29072K(29376K) NonClass: 25969K(26112K)->25969K(26112K) Class: 3103K(3264K)->3103K(3264K)
[4136.755s][info][gc             ] GC(1011) Pause Young (Allocation Failure) 6715M->4420M(7103M) 96.328ms
[4136.755s][info][gc,cpu         ] GC(1011) User=0.57s Sys=0.00s Real=0.10s
..[4139.210s][info][gc,start       ] GC(1012) Pause Young (Allocation Failure)
[4139.306s][info][gc,heap        ] GC(1012) PSYoungGen: 2622752K(2628096K)->153088K(2629120K) Eden: 2462208K(2462208K)->0K(2462208K) From: 160544K(165888K)->153088K(166912K)
[4139.306s][info][gc,heap        ] GC(1012) ParOldGen: 4365850K(4645888K)->4470322K(4645888K)
[4139.306s][info][gc,metaspace   ] GC(1012) Metaspace: 29072K(29376K)->29072K(29376K) NonClass: 25969K(26112K)->25969K(26112K) Class: 3103K(3264K)->3103K(3264K)
[4139.306s][info][gc             ] GC(1012) Pause Young (Allocation Failure) 6824M->4515M(7104M) 95.284ms
[4139.306s][info][gc,cpu         ] GC(1012) User=0.56s Sys=0.00s Real=0.09s
...[4141.784s][info][gc,start       ] GC(1013) Pause Young (Allocation Failure)
[4141.881s][info][gc,heap        ] GC(1013) PSYoungGen: 2615296K(2629120K)->160896K(2627072K) Eden: 2462208K(2462208K)->0K(2461184K) From: 153088K(166912K)->160896K(165888K)
[4141.881s][info][gc,heap        ] GC(1013) ParOldGen: 4470322K(4645888K)->4574610K(4645888K)
[4141.882s][info][gc,metaspace   ] GC(1013) Metaspace: 29072K(29376K)->29072K(29376K) NonClass: 25969K(26112K)->25969K(26112K) Class: 3103K(3264K)->3103K(3264K)
[4141.882s][info][gc             ] GC(1013) Pause Young (Allocation Failure) 6919M->4624M(7102M) 97.893ms
[4141.882s][info][gc,cpu         ] GC(1013) User=0.58s Sys=0.01s Real=0.10s
...[4144.333s][info][gc,start       ] GC(1014) Pause Young (Allocation Failure)
[4144.436s][info][gc,heap        ] GC(1014) PSYoungGen: 2622080K(2627072K)->165109K(2626560K) Eden: 2461184K(2461184K)->0K(2461184K) From: 160896K(165888K)->165109K(165376K)
[4144.436s][info][gc,heap        ] GC(1014) ParOldGen: 4574610K(4645888K)->4680858K(4681216K)
[4144.436s][info][gc,metaspace   ] GC(1014) Metaspace: 29072K(29376K)->29072K(29376K) NonClass: 25969K(26112K)->25969K(26112K) Class: 3103K(3264K)->3103K(3264K)
[4144.436s][info][gc             ] GC(1014) Pause Young (Allocation Failure) 7028M->4732M(7136M) 103.369ms
[4144.437s][info][gc,cpu         ] GC(1014) User=0.59s Sys=0.01s Real=0.10s
..[4146.857s][info][gc,start       ] GC(1015) Pause Young (Allocation Failure)
[4146.954s][info][gc,heap        ] GC(1015) PSYoungGen: 2626293K(2626560K)->147328K(2625536K) Eden: 2461184K(2461184K)->0K(2456064K) From: 165109K(165376K)->147328K(169472K)
[4146.954s][info][gc,heap        ] GC(1015) ParOldGen: 4680858K(4681216K)->4784826K(4785152K)
[4146.954s][info][gc,metaspace   ] GC(1015) Metaspace: 29072K(29376K)->29072K(29376K) NonClass: 25969K(26112K)->25969K(26112K) Class: 3103K(3264K)->3103K(3264K)
[4146.954s][info][gc             ] GC(1015) Pause Young (Allocation Failure) 7135M->4816M(7237M) 96.959ms
[4146.954s][info][gc,cpu         ] GC(1015) User=0.53s Sys=0.03s Real=0.10s
... (rIR:aIR:PR = 6780:6777:6777) (tPR = 100444) [OK] 
  4149s: Performance info:
         Transaction,    Success,    Partial,     Failed,   Receipts, AvgBarcode, 
             Overall,     408549,          0,          0,     388096,      59.47, 
         Response times:
             Request,    Success,    Partial,     Failed,   SkipFail,     Probes,    Samples,      min,      p50,      p90,      p95,      p99,      max, 
       TotalPurchase,     388113,          0,          0,          0,     362538,     418046,      300,     4900,     9800,    16900,    53530,   157000,
     InStorePurchase,     204189,          0,          0,          0,     190502,     219167,      300,     4700,     9500,    16200,    53000,   154000,
      OnlinePurchase,     143029,          0,          0,          0,     133508,     154279,      300,     5200,    10100,    17700,    55000,   149000,
        InstPurchase,      40895,          0,          0,          0,      38528,      44600,      400,     4700,     9800,    17400,    52000,   157000,
          AssocOfCat,        409,          0,          0,          0,        345,        499,    19300,    35000,    53000,    59000,   135000,   144000,
      AssocOfProduct,       4075,          0,          0,          0,       3786,       4584,      400,     6300,    10300,    17275,    54150,   122000,
      BusinessReport,       1024,          0,          0,          0,        872,       1143,    27000,    43000,    62000,    73000,   139000,   153000,
          CustBuyBeh,       4091,          0,          0,          0,       3854,       4703,      300,     5900,    10500,    18760,    57000,   121000,
       ProductReturn,      10843,          0,          0,          0,      10359,      12199,      200,     5500,    10300,    19600,    56000,   135000,

  4149s: (50%)   IR =   6918 [4149.410s][info][gc,start       ] GC(1016) Pause Young (Allocation Failure)
[4149.509s][info][gc,heap        ] GC(1016) PSYoungGen: 2603392K(2625536K)->150624K(2626048K) Eden: 2456064K(2456064K)->0K(2456064K) From: 147328K(169472K)->150624K(169984K)
[4149.509s][info][gc,heap        ] GC(1016) ParOldGen: 4784826K(4785152K)->4890586K(4890624K)
[4149.509s][info][gc,metaspace   ] GC(1016) Metaspace: 29072K(29376K)->29072K(29376K) NonClass: 25969K(26112K)->25969K(26112K) Class: 3103K(3264K)->3103K(3264K)
[4149.509s][info][gc             ] GC(1016) Pause Young (Allocation Failure) 7215M->4923M(7340M) 99.394ms
[4149.509s][info][gc,cpu         ] GC(1016) User=0.55s Sys=0.03s Real=0.10s
..[4151.892s][info][gc,start       ] GC(1017) Pause Young (Allocation Failure)
[4151.992s][info][gc,heap        ] GC(1017) PSYoungGen: 2606688K(2626048K)->155140K(2622976K) Eden: 2456064K(2456064K)->0K(2456576K) From: 150624K(169984K)->155140K(166400K)
[4151.992s][info][gc,heap        ] GC(1017) ParOldGen: 4890586K(4890624K)->4995170K(4995584K)
[4151.992s][info][gc,metaspace   ] GC(1017) Metaspace: 29072K(29376K)->29072K(29376K) NonClass: 25969K(26112K)->25969K(26112K) Class: 3103K(3264K)->3103K(3264K)
[4151.992s][info][gc             ] GC(1017) Pause Young (Allocation Failure) 7321M->5029M(7440M) 100.300ms
[4151.992s][info][gc,cpu         ] GC(1017) User=0.56s Sys=0.03s Real=0.10s
..|[4154.297s][info][gc,start       ] GC(1018) Pause Young (Allocation Failure)
[4154.396s][info][gc,heap        ] GC(1018) PSYoungGen: 2611716K(2622976K)->152096K(2624512K) Eden: 2456576K(2456576K)->0K(2456576K) From: 155140K(166400K)->152096K(167936K)
[4154.397s][info][gc,heap        ] GC(1018) ParOldGen: 4995170K(4995584K)->5101346K(5101568K)
[4154.397s][info][gc,metaspace   ] GC(1018) Metaspace: 29072K(29376K)->29072K(29376K) NonClass: 25969K(26112K)->25969K(26112K) Class: 3103K(3264K)->3103K(3264K)
[4154.397s][info][gc             ] GC(1018) Pause Young (Allocation Failure) 7428M->5130M(7545M) 99.767ms
[4154.397s][info][gc,cpu         ] GC(1018) User=0.56s Sys=0.04s Real=0.10s
...[4156.846s][info][gc,start       ] GC(1019) Pause Young (Allocation Failure)
[4156.945s][info][gc,heap        ] GC(1019) PSYoungGen: 2608672K(2624512K)->149664K(2626560K) Eden: 2456576K(2456576K)->0K(2460672K) From: 152096K(167936K)->149664K(165888K)
[4156.945s][info][gc,heap        ] GC(1019) ParOldGen: 5101346K(5101568K)->5203626K(5203968K)
[4156.945s][info][gc,metaspace   ] GC(1019) Metaspace: 29072K(29376K)->29072K(29376K) NonClass: 25969K(26112K)->25969K(26112K) Class: 3103K(3264K)->3103K(3264K)
[4156.945s][info][gc             ] GC(1019) Pause Young (Allocation Failure) 7529M->5227M(7647M) 98.725ms
[4156.945s][info][gc,cpu         ] GC(1019) User=0.55s Sys=0.02s Real=0.10s
..[4159.357s][info][gc,start       ] GC(1020) Pause Young (Allocation Failure)
[4159.455s][info][gc,heap        ] GC(1020) PSYoungGen: 2610336K(2626560K)->154048K(2627584K) Eden: 2460672K(2460672K)->0K(2460672K) From: 149664K(165888K)->154048K(166912K)
[4159.455s][info][gc,heap        ] GC(1020) ParOldGen: 5203626K(5203968K)->5308898K(5308928K)
[4159.455s][info][gc,metaspace   ] GC(1020) Metaspace: 29072K(29376K)->29072K(29376K) NonClass: 25969K(26112K)->25969K(26112K) Class: 3103K(3264K)->3103K(3264K)
[4159.455s][info][gc             ] GC(1020) Pause Young (Allocation Failure) 7630M->5334M(7750M) 98.101ms
[4159.455s][info][gc,cpu         ] GC(1020) User=0.54s Sys=0.04s Real=0.10s
...[4161.759s][info][gc,start       ] GC(1021) Pause Young (Allocation Failure)
[4161.859s][info][gc,heap        ] GC(1021) PSYoungGen: 2614720K(2627584K)->152640K(2627072K) Eden: 2460672K(2460672K)->0K(2463232K) From: 154048K(166912K)->152640K(163840K)
[4161.859s][info][gc,heap        ] GC(1021) ParOldGen: 5308898K(5308928K)->5415874K(5415936K)
[4161.859s][info][gc,metaspace   ] GC(1021) Metaspace: 29072K(29376K)->29072K(29376K) NonClass: 25969K(26112K)->25969K(26112K) Class: 3103K(3264K)->3103K(3264K)
[4161.859s][info][gc             ] GC(1021) Pause Young (Allocation Failure) 7737M->5438M(7854M) 100.266ms
[4161.859s][info][gc,cpu         ] GC(1021) User=0.56s Sys=0.03s Real=0.10s
..[4164.277s][info][gc,start       ] GC(1022) Pause Young (Allocation Failure)
[4164.377s][info][gc,heap        ] GC(1022) PSYoungGen: 2615872K(2627072K)->159104K(2628096K) Eden: 2463232K(2463232K)->0K(2463232K) From: 152640K(163840K)->159104K(164864K)
[4164.377s][info][gc,heap        ] GC(1022) ParOldGen: 5415874K(5415936K)->5517346K(5517824K)
[4164.377s][info][gc,metaspace   ] GC(1022) Metaspace: 29072K(29376K)->29072K(29376K) NonClass: 25969K(26112K)->25969K(26112K) Class: 3103K(3264K)->3103K(3264K)
[4164.377s][info][gc             ] GC(1022) Pause Young (Allocation Failure) 7843M->5543M(7955M) 100.776ms
[4164.377s][info][gc,cpu         ] GC(1022) User=0.55s Sys=0.04s Real=0.10s
...[4166.811s][info][gc,start       ] GC(1023) Pause Full (Allocation Failure)
[4166.811s][info][gc,phases,start] GC(1023) Marking Phase
[4167.126s][info][gc,phases      ] GC(1023) Marking Phase 314.705ms
[4167.126s][info][gc,phases,start] GC(1023) Summary Phase
[4167.126s][info][gc,phases      ] GC(1023) Summary Phase 0.102ms
[4167.126s][info][gc,phases,start] GC(1023) Forward
[4167.252s][info][gc,phases      ] GC(1023) Forward 126.174ms
[4167.252s][info][gc,phases,start] GC(1023) Adjust Pointers
[4167.466s][info][gc,phases      ] GC(1023) Adjust Pointers 213.800ms
[4167.466s][info][gc,phases,start] GC(1023) Compaction Phase
[4167.617s][info][gc,phases      ] GC(1023) Compaction Phase 151.045ms
[4167.618s][info][gc,phases,start] GC(1023) Post Compact
[4167.625s][info][gc,phases      ] GC(1023) Post Compact 7.014ms
[4167.749s][info][gc,heap        ] GC(1023) PSYoungGen: 2622336K(2628096K)->0K(2630656K) Eden: 2463232K(2463232K)->0K(2465280K) From: 159104K(164864K)->0K(165376K)
[4167.749s][info][gc,heap        ] GC(1023) ParOldGen: 5517346K(5517824K)->1623540K(1908736K)
[4167.749s][info][gc,metaspace   ] GC(1023) Metaspace: 29072K(29376K)->29072K(29376K) NonClass: 25969K(26112K)->25969K(26112K) Class: 3103K(3264K)->3103K(3264K)
[4167.749s][info][gc             ] GC(1023) Pause Full (Allocation Failure) 7948M->1585M(4433M) 938.109ms
[4167.749s][info][gc,cpu         ] GC(1023) User=4.41s Sys=0.13s Real=0.93s
..[4169.376s][info][gc,start       ] GC(1024) Pause Young (Allocation Failure)
[4169.438s][info][gc,heap        ] GC(1024) PSYoungGen: 2465280K(2630656K)->152576K(2618368K) Eden: 2465280K(2465280K)->0K(2465280K) From: 0K(165376K)->152576K(153088K)
[4169.438s][info][gc,heap        ] GC(1024) ParOldGen: 1623540K(1908736K)->1623540K(1908736K)
[4169.438s][info][gc,metaspace   ] GC(1024) Metaspace: 29072K(29376K)->29072K(29376K) NonClass: 25969K(26112K)->25969K(26112K) Class: 3103K(3264K)->3103K(3264K)
[4169.438s][info][gc             ] GC(1024) Pause Young (Allocation Failure) 3992M->1734M(4421M) 62.440ms
[4169.439s][info][gc,cpu         ] GC(1024) User=0.37s Sys=0.00s Real=0.06s
...[4171.813s][info][gc,start       ] GC(1025) Pause Young (Allocation Failure)
[4171.909s][info][gc,heap        ] GC(1025) PSYoungGen: 2617856K(2618368K)->161056K(2628096K) Eden: 2465280K(2465280K)->0K(2463232K) From: 152576K(153088K)->161056K(164864K)
[4171.909s][info][gc,heap        ] GC(1025) ParOldGen: 1623540K(1908736K)->1726836K(1908736K)
[4171.909s][info][gc,metaspace   ] GC(1025) Metaspace: 29072K(29376K)->29072K(29376K) NonClass: 25969K(26112K)->25969K(26112K) Class: 3103K(3264K)->3103K(3264K)
[4171.909s][info][gc             ] GC(1025) Pause Young (Allocation Failure) 4141M->1843M(4430M) 95.287ms
[4171.909s][info][gc,cpu         ] GC(1025) User=0.57s Sys=0.00s Real=0.09s
..[4174.194s][info][gc,start       ] GC(1026) Pause Young (Allocation Failure)
[4174.286s][info][gc,heap        ] GC(1026) PSYoungGen: 2624288K(2628096K)->153796K(2629632K) Eden: 2463232K(2463232K)->0K(2463232K) From: 161056K(164864K)->153796K(166400K)
[4174.286s][info][gc,heap        ] GC(1026) ParOldGen: 1726836K(1908736K)->1835092K(1908736K)
[4174.286s][info][gc,metaspace   ] GC(1026) Metaspace: 29072K(29376K)->29072K(29376K) NonClass: 25969K(26112K)->25969K(26112K) Class: 3103K(3264K)->3103K(3264K)
[4174.286s][info][gc             ] GC(1026) Pause Young (Allocation Failure) 4249M->1942M(4432M) 92.686ms
[4174.286s][info][gc,cpu         ] GC(1026) User=0.55s Sys=0.00s Real=0.09s
..[4176.762s][info][gc,start       ] GC(1027) Pause Young (Allocation Failure)
[4176.860s][info][gc,heap        ] GC(1027) PSYoungGen: 2617028K(2629632K)->165344K(2547712K) Eden: 2463232K(2463232K)->0K(2382336K) From: 153796K(166400K)->165344K(165376K)
[4176.860s][info][gc,heap        ] GC(1027) ParOldGen: 1835092K(1908736K)->1939236K(1939456K)
[4176.860s][info][gc,metaspace   ] GC(1027) Metaspace: 29072K(29376K)->29072K(29376K) NonClass: 25969K(26112K)->25969K(26112K) Class: 3103K(3264K)->3103K(3264K)
[4176.860s][info][gc             ] GC(1027) Pause Young (Allocation Failure) 4347M->2055M(4382M) 97.310ms
[4176.860s][info][gc,cpu         ] GC(1027) User=0.57s Sys=0.00s Real=0.09s
...[4179.134s][info][gc,start       ] GC(1028) Pause Young (Allocation Failure)
[4179.230s][info][gc,heap        ] GC(1028) PSYoungGen: 2547680K(2547712K)->147744K(2589184K) Eden: 2382336K(2382336K)->0K(2382336K) From: 165344K(165376K)->147744K(206848K)
[4179.230s][info][gc,heap        ] GC(1028) ParOldGen: 1939236K(1939456K)->2045668K(2045952K)
[4179.230s][info][gc,metaspace   ] GC(1028) Metaspace: 29072K(29376K)->29072K(29376K) NonClass: 25969K(26112K)->25969K(26112K) Class: 3103K(3264K)->3103K(3264K)
[4179.230s][info][gc             ] GC(1028) Pause Young (Allocation Failure) 4381M->2142M(4526M) 95.919ms
[4179.230s][info][gc,cpu         ] GC(1028) User=0.54s Sys=0.03s Real=0.10s
..[4181.566s][info][gc,start       ] GC(1029) Pause Young (Allocation Failure)
[4181.661s][info][gc,heap        ] GC(1029) PSYoungGen: 2530080K(2589184K)->152768K(2584064K) Eden: 2382336K(2382336K)->0K(2383360K) From: 147744K(206848K)->152768K(200704K)
[4181.661s][info][gc,heap        ] GC(1029) ParOldGen: 2045668K(2045952K)->2147820K(2147840K)
[4181.661s][info][gc,metaspace   ] GC(1029) Metaspace: 29072K(29376K)->29072K(29376K) NonClass: 25969K(26112K)->25969K(26112K) Class: 3103K(3264K)->3103K(3264K)
[4181.661s][info][gc             ] GC(1029) Pause Young (Allocation Failure) 4468M->2246M(4621M) 94.999ms
[4181.661s][info][gc,cpu         ] GC(1029) User=0.53s Sys=0.04s Real=0.10s
...[4183.993s][info][gc,start       ] GC(1030) Pause Young (Allocation Failure)
[4184.086s][info][gc,heap        ] GC(1030) PSYoungGen: 2536128K(2584064K)->144384K(2587136K) Eden: 2383360K(2383360K)->0K(2383360K) From: 152768K(200704K)->144384K(203776K)
[4184.086s][info][gc,heap        ] GC(1030) ParOldGen: 2147820K(2147840K)->2252564K(2252800K)
[4184.086s][info][gc,metaspace   ] GC(1030) Metaspace: 29072K(29376K)->29072K(29376K) NonClass: 25969K(26112K)->25969K(26112K) Class: 3103K(3264K)->3103K(3264K)
[4184.086s][info][gc             ] GC(1030) Pause Young (Allocation Failure) 4574M->2340M(4726M) 92.703ms
[4184.086s][info][gc,cpu         ] GC(1030) User=0.52s Sys=0.03s Real=0.09s
..[4186.396s][info][gc,start       ] GC(1031) Pause Young (Allocation Failure)
[4186.493s][info][gc,heap        ] GC(1031) PSYoungGen: 2527744K(2587136K)->154228K(2585600K) Eden: 2383360K(2383360K)->0K(2388992K) From: 144384K(203776K)->154228K(196608K)
[4186.493s][info][gc,heap        ] GC(1031) ParOldGen: 2252564K(2252800K)->2355764K(2356224K)
[4186.493s][info][gc,metaspace   ] GC(1031) Metaspace: 29072K(29376K)->29072K(29376K) NonClass: 25969K(26112K)->25969K(26112K) Class: 3103K(3264K)->3103K(3264K)
[4186.493s][info][gc             ] GC(1031) Pause Young (Allocation Failure) 4668M->2451M(4826M) 97.192ms
[4186.493s][info][gc,cpu         ] GC(1031) User=0.54s Sys=0.03s Real=0.10s
..[4188.807s][info][gc,start       ] GC(1032) Pause Young (Allocation Failure)
[4188.903s][info][gc,heap        ] GC(1032) PSYoungGen: 2543220K(2585600K)->154176K(2589184K) Eden: 2388992K(2388992K)->0K(2388992K) From: 154228K(196608K)->154176K(200192K)
[4188.903s][info][gc,heap        ] GC(1032) ParOldGen: 2355764K(2356224K)->2457852K(2458112K)
[4188.903s][info][gc,metaspace   ] GC(1032) Metaspace: 29072K(29376K)->29072K(29376K) NonClass: 25969K(26112K)->25969K(26112K) Class: 3103K(3264K)->3103K(3264K)
[4188.903s][info][gc             ] GC(1032) Pause Young (Allocation Failure) 4784M->2550M(4929M) 95.308ms
[4188.903s][info][gc,cpu         ] GC(1032) User=0.54s Sys=0.02s Real=0.10s
...[4191.203s][info][gc,start       ] GC(1033) Pause Young (Allocation Failure)
[4191.302s][info][gc,heap        ] GC(1033) PSYoungGen: 2543168K(2589184K)->157892K(2589184K) Eden: 2388992K(2388992K)->0K(2398720K) From: 154176K(200192K)->157892K(190464K)
[4191.302s][info][gc,heap        ] GC(1033) ParOldGen: 2457852K(2458112K)->2561940K(2562048K)
[4191.302s][info][gc,metaspace   ] GC(1033) Metaspace: 29072K(29376K)->29072K(29376K) NonClass: 25969K(26112K)->25969K(26112K) Class: 3103K(3264K)->3103K(3264K)
[4191.302s][info][gc             ] GC(1033) Pause Young (Allocation Failure) 4883M->2656M(5030M) 99.104ms
[4191.302s][info][gc,cpu         ] GC(1033) User=0.55s Sys=0.03s Real=0.10s
..[4193.675s][info][gc,start       ] GC(1034) Pause Young (Allocation Failure)
[4193.773s][info][gc,heap        ] GC(1034) PSYoungGen: 2556612K(2589184K)->157600K(2592768K) Eden: 2398720K(2398720K)->0K(2398720K) From: 157892K(190464K)->157600K(194048K)
[4193.773s][info][gc,heap        ] GC(1034) ParOldGen: 2561940K(2562048K)->2665004K(2665472K)
[4193.773s][info][gc,metaspace   ] GC(1034) Metaspace: 29072K(29376K)->29072K(29376K) NonClass: 25969K(26112K)->25969K(26112K) Class: 3103K(3264K)->3103K(3264K)
[4193.773s][info][gc             ] GC(1034) Pause Young (Allocation Failure) 4998M->2756M(5135M) 97.969ms
[4193.773s][info][gc,cpu         ] GC(1034) User=0.54s Sys=0.04s Real=0.10s
..[4195.951s][info][gc,start       ] GC(1035) Pause Young (Allocation Failure)
[4196.049s][info][gc,heap        ] GC(1035) PSYoungGen: 2556320K(2592768K)->147061K(2599424K) Eden: 2398720K(2398720K)->0K(2411008K) From: 157600K(194048K)->147061K(188416K)
[4196.049s][info][gc,heap        ] GC(1035) ParOldGen: 2665004K(2665472K)->2771668K(2771968K)
[4196.049s][info][gc,metaspace   ] GC(1035) Metaspace: 29072K(29376K)->29072K(29376K) NonClass: 25969K(26112K)->25969K(26112K) Class: 3103K(3264K)->3103K(3264K)
[4196.049s][info][gc             ] GC(1035) Pause Young (Allocation Failure) 5098M->2850M(5245M) 97.296ms
[4196.049s][info][gc,cpu         ] GC(1035) User=0.55s Sys=0.03s Real=0.09s
...[4198.432s][info][gc,start       ] GC(1036) Pause Young (Allocation Failure)
[4198.526s][info][gc,heap        ] GC(1036) PSYoungGen: 2558069K(2599424K)->153536K(2600960K) Eden: 2411008K(2411008K)->0K(2411008K) From: 147061K(188416K)->153536K(189952K)
[4198.526s][info][gc,heap        ] GC(1036) ParOldGen: 2771668K(2771968K)->2870980K(2871296K)
[4198.526s][info][gc,metaspace   ] GC(1036) Metaspace: 29072K(29376K)->29072K(29376K) NonClass: 25969K(26112K)->25969K(26112K) Class: 3103K(3264K)->3103K(3264K)
[4198.526s][info][gc             ] GC(1036) Pause Young (Allocation Failure) 5204M->2953M(5344M) 94.444ms
[4198.526s][info][gc,cpu         ] GC(1036) User=0.54s Sys=0.03s Real=0.09s
..[4200.870s][info][gc,start       ] GC(1037) Pause Young (Allocation Failure)
[4200.966s][info][gc,heap        ] GC(1037) PSYoungGen: 2564544K(2600960K)->151312K(2602496K) Eden: 2411008K(2411008K)->0K(2418176K) From: 153536K(189952K)->151312K(184320K)
[4200.966s][info][gc,heap        ] GC(1037) ParOldGen: 2870980K(2871296K)->2975212K(2975232K)
[4200.966s][info][gc,metaspace   ] GC(1037) Metaspace: 29072K(29376K)->29072K(29376K) NonClass: 25969K(26112K)->25969K(26112K) Class: 3103K(3264K)->3103K(3264K)
[4200.966s][info][gc             ] GC(1037) Pause Young (Allocation Failure) 5308M->3053M(5447M) 95.946ms
[4200.966s][info][gc,cpu         ] GC(1037) User=0.53s Sys=0.04s Real=0.10s
...[4203.305s][info][gc,start       ] GC(1038) Pause Young (Allocation Failure)
[4203.404s][info][gc,heap        ] GC(1038) PSYoungGen: 2569488K(2602496K)->157861K(2604032K) Eden: 2418176K(2418176K)->0K(2418176K) From: 151312K(184320K)->157861K(185856K)
[4203.404s][info][gc,heap        ] GC(1038) ParOldGen: 2975212K(2975232K)->3080660K(3080704K)
[4203.404s][info][gc,metaspace   ] GC(1038) Metaspace: 29072K(29376K)->29072K(29376K) NonClass: 25969K(26112K)->25969K(26112K) Class: 3103K(3264K)->3103K(3264K)
[4203.404s][info][gc             ] GC(1038) Pause Young (Allocation Failure) 5414M->3162M(5551M) 99.782ms
[4203.404s][info][gc,cpu         ] GC(1038) User=0.57s Sys=0.02s Real=0.10s
..[4205.747s][info][gc,start       ] GC(1039) Pause Young (Allocation Failure)
[4205.846s][info][gc,heap        ] GC(1039) PSYoungGen: 2576037K(2604032K)->160980K(2609152K) Eden: 2418176K(2418176K)->0K(2426880K) From: 157861K(185856K)->160980K(182272K)
[4205.846s][info][gc,heap        ] GC(1039) ParOldGen: 3080660K(3080704K)->3182196K(3182592K)
[4205.846s][info][gc,metaspace   ] GC(1039) Metaspace: 29072K(29376K)->29072K(29376K) NonClass: 25969K(26112K)->25969K(26112K) Class: 3103K(3264K)->3103K(3264K)
[4205.846s][info][gc             ] GC(1039) Pause Young (Allocation Failure) 5524M->3264M(5656M) 98.864ms
[4205.846s][info][gc,cpu         ] GC(1039) User=0.56s Sys=0.03s Real=0.10s
...[4208.171s][info][gc,start       ] GC(1040) Pause Young (Allocation Failure)
[4208.267s][info][gc,heap        ] GC(1040) PSYoungGen: 2587860K(2609152K)->148256K(2609152K) Eden: 2426880K(2426880K)->0K(2426880K) From: 160980K(182272K)->148256K(182272K)
[4208.267s][info][gc,heap        ] GC(1040) ParOldGen: 3182196K(3182592K)->3285756K(3286016K)
[4208.267s][info][gc,metaspace   ] GC(1040) Metaspace: 29072K(29376K)->29072K(29376K) NonClass: 25969K(26112K)->25969K(26112K) Class: 3103K(3264K)->3103K(3264K)
[4208.267s][info][gc             ] GC(1040) Pause Young (Allocation Failure) 5634M->3353M(5757M) 95.999ms
[4208.267s][info][gc,cpu         ] GC(1040) User=0.53s Sys=0.03s Real=0.09s
..[4210.644s][info][gc,start       ] GC(1041) Pause Young (Allocation Failure)
[4210.740s][info][gc,heap        ] GC(1041) PSYoungGen: 2575136K(2609152K)->154336K(2610688K) Eden: 2426880K(2426880K)->0K(2432512K) From: 148256K(182272K)->154336K(178176K)
[4210.740s][info][gc,heap        ] GC(1041) ParOldGen: 3285756K(3286016K)->3388268K(3388416K)
[4210.740s][info][gc,metaspace   ] GC(1041) Metaspace: 29072K(29376K)->29072K(29376K) NonClass: 25969K(26112K)->25969K(26112K) Class: 3103K(3264K)->3103K(3264K)
[4210.741s][info][gc             ] GC(1041) Pause Young (Allocation Failure) 5723M->3459M(5858M) 96.078ms
[4210.741s][info][gc,cpu         ] GC(1041) User=0.53s Sys=0.03s Real=0.10s
...[4213.095s][info][gc,start       ] GC(1042) Pause Young (Allocation Failure)
[4213.197s][info][gc,heap        ] GC(1042) PSYoungGen: 2586848K(2610688K)->160825K(2611712K) Eden: 2432512K(2432512K)->0K(2432512K) From: 154336K(178176K)->160825K(179200K)
[4213.197s][info][gc,heap        ] GC(1042) ParOldGen: 3388268K(3388416K)->3492804K(3492864K)
[4213.197s][info][gc,metaspace   ] GC(1042) Metaspace: 29072K(29376K)->29072K(29376K) NonClass: 25969K(26112K)->25969K(26112K) Class: 3103K(3264K)->3103K(3264K)
[4213.197s][info][gc             ] GC(1042) Pause Young (Allocation Failure) 5835M->3567M(5961M) 101.821ms
[4213.197s][info][gc,cpu         ] GC(1042) User=0.57s Sys=0.03s Real=0.10s
. (rIR:aIR:PR = 6918:6925:6925) (tPR = 103178) [OK] 
  4213s: Performance info:
         Transaction,    Success,    Partial,     Failed,   Receipts, AvgBarcode, 
             Overall,     420394,          0,          0,     399327,      59.48, 
         Response times:
             Request,    Success,    Partial,     Failed,   SkipFail,     Probes,    Samples,      min,      p50,      p90,      p95,      p99,      max, 
       TotalPurchase,     399327,          0,          0,          0,     360711,     389901,      300,     5300,    15200,    47000,   126000,  1100000,
     InStorePurchase,     210295,          0,          0,          0,     190282,     205418,      300,     5400,    15300,    47000,   125000,  1100000,
      OnlinePurchase,     147006,          0,          0,          0,     132207,     142855,      300,     5100,    15100,    46000,   130000,  1100000,
        InstPurchase,      42026,          0,          0,          0,      38222,      41628,      300,     5700,    15200,    48000,   119000,  1000000,
          AssocOfCat,        420,          0,          0,          0,        335,        433,    18800,    34000,    51000,    62600,   156640,   236000,
      AssocOfProduct,       4204,          0,          0,          0,       3866,       4438,      400,     5400,    13610,    40000,   131000,   960000,
      BusinessReport,       1050,          0,          0,          0,        914,       1106,    29000,    43000,    67300,    98000,   248090,  1000000,
          CustBuyBeh,       4197,          0,          0,          0,       3860,       4399,      300,     5900,    15100,    49000,   136000,   236000,
       ProductReturn,      11197,          0,          0,          0,       9358,      10391,      200,     6300,    16700,    54000,   168000,   960000,

  4213s: (51%)   IR =   7057 .[4215.510s][info][gc,start       ] GC(1043) Pause Young (Allocation Failure)
[4215.607s][info][gc,heap        ] GC(1043) PSYoungGen: 2593337K(2611712K)->152468K(2613248K) Eden: 2432512K(2432512K)->0K(2438144K) From: 160825K(179200K)->152468K(175104K)
[4215.607s][info][gc,heap        ] GC(1043) ParOldGen: 3492804K(3492864K)->3596772K(3596800K)
[4215.607s][info][gc,metaspace   ] GC(1043) Metaspace: 29072K(29376K)->29072K(29376K) NonClass: 25969K(26112K)->25969K(26112K) Class: 3103K(3264K)->3103K(3264K)
[4215.607s][info][gc             ] GC(1043) Pause Young (Allocation Failure) 5943M->3661M(6064M) 97.308ms
[4215.607s][info][gc,cpu         ] GC(1043) User=0.55s Sys=0.04s Real=0.10s
..[4217.906s][info][gc,start       ] GC(1044) Pause Young (Allocation Failure)
[4218.000s][info][gc,heap        ] GC(1044) PSYoungGen: 2590612K(2613248K)->145184K(2615296K) Eden: 2438144K(2438144K)->0K(2438144K) From: 152468K(175104K)->145184K(177152K)
[4218.000s][info][gc,heap        ] GC(1044) ParOldGen: 3596772K(3596800K)->3701092K(3701248K)
[4218.000s][info][gc,metaspace   ] GC(1044) Metaspace: 29072K(29376K)->29072K(29376K) NonClass: 25969K(26112K)->25969K(26112K) Class: 3103K(3264K)->3103K(3264K)
[4218.000s][info][gc             ] GC(1044) Pause Young (Allocation Failure) 6042M->3756M(6168M) 94.296ms
[4218.000s][info][gc,cpu         ] GC(1044) User=0.53s Sys=0.03s Real=0.10s
.|..[4220.343s][info][gc,start       ] GC(1045) Pause Young (Allocation Failure)
[4220.440s][info][gc,heap        ] GC(1045) PSYoungGen: 2583328K(2615296K)->152640K(2615808K) Eden: 2438144K(2438144K)->0K(2441728K) From: 145184K(177152K)->152640K(174080K)
[4220.440s][info][gc,heap        ] GC(1045) ParOldGen: 3701092K(3701248K)->3803284K(3803648K)
[4220.440s][info][gc,metaspace   ] GC(1045) Metaspace: 29072K(29376K)->29072K(29376K) NonClass: 25969K(26112K)->25969K(26112K) Class: 3103K(3264K)->3103K(3264K)
[4220.440s][info][gc             ] GC(1045) Pause Young (Allocation Failure) 6137M->3863M(6269M) 96.141ms
[4220.440s][info][gc,cpu         ] GC(1045) User=0.53s Sys=0.04s Real=0.09s
..[4222.778s][info][gc,start       ] GC(1046) Pause Young (Allocation Failure)
[4222.876s][info][gc,heap        ] GC(1046) PSYoungGen: 2594368K(2615808K)->155808K(2617344K) Eden: 2441728K(2441728K)->0K(2441728K) From: 152640K(174080K)->155808K(175616K)
[4222.876s][info][gc,heap        ] GC(1046) ParOldGen: 3803284K(3803648K)->3909404K(3909632K)
[4222.876s][info][gc,metaspace   ] GC(1046) Metaspace: 29072K(29376K)->29072K(29376K) NonClass: 25969K(26112K)->25969K(26112K) Class: 3103K(3264K)->3103K(3264K)
[4222.876s][info][gc             ] GC(1046) Pause Young (Allocation Failure) 6247M->3969M(6374M) 97.697ms
[4222.876s][info][gc,cpu         ] GC(1046) User=0.55s Sys=0.04s Real=0.10s
...[4225.241s][info][gc,start       ] GC(1047) Pause Young (Allocation Failure)
[4225.336s][info][gc,heap        ] GC(1047) PSYoungGen: 2597536K(2617344K)->151360K(2618880K) Eden: 2441728K(2441728K)->0K(2446848K) From: 155808K(175616K)->151360K(172032K)
[4225.336s][info][gc,heap        ] GC(1047) ParOldGen: 3909404K(3909632K)->4013316K(4013568K)
[4225.336s][info][gc,metaspace   ] GC(1047) Metaspace: 29072K(29376K)->29072K(29376K) NonClass: 25969K(26112K)->25969K(26112K) Class: 3103K(3264K)->3103K(3264K)
[4225.336s][info][gc             ] GC(1047) Pause Young (Allocation Failure) 6354M->4067M(6477M) 95.172ms
[4225.336s][info][gc,cpu         ] GC(1047) User=0.53s Sys=0.03s Real=0.09s
..[4227.598s][info][gc,start       ] GC(1048) Pause Young (Allocation Failure)
[4227.698s][info][gc,heap        ] GC(1048) PSYoungGen: 2598208K(2618880K)->161216K(2619392K) Eden: 2446848K(2446848K)->0K(2446848K) From: 151360K(172032K)->161216K(172544K)
[4227.698s][info][gc,heap        ] GC(1048) ParOldGen: 4013316K(4013568K)->4119228K(4119552K)
[4227.698s][info][gc,metaspace   ] GC(1048) Metaspace: 29072K(29376K)->29072K(29376K) NonClass: 25969K(26112K)->25969K(26112K) Class: 3103K(3264K)->3103K(3264K)
[4227.698s][info][gc             ] GC(1048) Pause Young (Allocation Failure) 6456M->4180M(6581M) 100.614ms
[4227.698s][info][gc,cpu         ] GC(1048) User=0.57s Sys=0.03s Real=0.10s
..[4229.992s][info][gc,start       ] GC(1049) Pause Young (Allocation Failure)
[4230.088s][info][gc,heap        ] GC(1049) PSYoungGen: 2608064K(2619392K)->151088K(2621952K) Eden: 2446848K(2446848K)->0K(2450432K) From: 161216K(172544K)->151088K(171520K)
[4230.088s][info][gc,heap        ] GC(1049) ParOldGen: 4119228K(4119552K)->4221940K(4221952K)
[4230.088s][info][gc,metaspace   ] GC(1049) Metaspace: 29072K(29376K)->29072K(29376K) NonClass: 25969K(26112K)->25969K(26112K) Class: 3103K(3264K)->3103K(3264K)
[4230.088s][info][gc             ] GC(1049) Pause Young (Allocation Failure) 6569M->4270M(6683M) 96.267ms
[4230.088s][info][gc,cpu         ] GC(1049) User=0.54s Sys=0.03s Real=0.09s
...[4232.439s][info][gc,start       ] GC(1050) Pause Young (Allocation Failure)
[4232.536s][info][gc,heap        ] GC(1050) PSYoungGen: 2601520K(2621952K)->156480K(2622464K) Eden: 2450432K(2450432K)->0K(2450432K) From: 151088K(171520K)->156480K(172032K)
[4232.536s][info][gc,heap        ] GC(1050) ParOldGen: 4221940K(4221952K)->4323988K(4324352K)
[4232.536s][info][gc,metaspace   ] GC(1050) Metaspace: 29072K(29376K)->29072K(29376K) NonClass: 25969K(26112K)->25969K(26112K) Class: 3103K(3264K)->3103K(3264K)
[4232.536s][info][gc             ] GC(1050) Pause Young (Allocation Failure) 6663M->4375M(6784M) 97.937ms
[4232.537s][info][gc,cpu         ] GC(1050) User=0.54s Sys=0.03s Real=0.10s
..[4234.856s][info][gc,start       ] GC(1051) Pause Young (Allocation Failure)
[4234.953s][info][gc,heap        ] GC(1051) PSYoungGen: 2606912K(2622464K)->145440K(2623488K) Eden: 2450432K(2450432K)->0K(2452480K) From: 156480K(172032K)->145440K(171008K)
[4234.953s][info][gc,heap        ] GC(1051) ParOldGen: 4323988K(4324352K)->4432044K(4432384K)
[4234.953s][info][gc,metaspace   ] GC(1051) Metaspace: 29072K(29376K)->29072K(29376K) NonClass: 25969K(26112K)->25969K(26112K) Class: 3103K(3264K)->3103K(3264K)
[4234.953s][info][gc             ] GC(1051) Pause Young (Allocation Failure) 6768M->4470M(6890M) 96.778ms
[4234.953s][info][gc,cpu         ] GC(1051) User=0.54s Sys=0.04s Real=0.10s
...[4237.302s][info][gc,start       ] GC(1052) Pause Young (Allocation Failure)
[4237.399s][info][gc,heap        ] GC(1052) PSYoungGen: 2597920K(2623488K)->153600K(2623488K) Eden: 2452480K(2452480K)->0K(2452480K) From: 145440K(171008K)->153600K(171008K)
[4237.399s][info][gc,heap        ] GC(1052) ParOldGen: 4432044K(4432384K)->4534940K(4535296K)
[4237.399s][info][gc,metaspace   ] GC(1052) Metaspace: 29072K(29376K)->29072K(29376K) NonClass: 25969K(26112K)->25969K(26112K) Class: 3103K(3264K)->3103K(3264K)
[4237.399s][info][gc             ] GC(1052) Pause Young (Allocation Failure) 6865M->4578M(6991M) 97.071ms
[4237.399s][info][gc,cpu         ] GC(1052) User=0.53s Sys=0.05s Real=0.09s
..[4239.692s][info][gc,start       ] GC(1053) Pause Young (Allocation Failure)
[4239.794s][info][gc,heap        ] GC(1053) PSYoungGen: 2606080K(2623488K)->164036K(2621440K) Eden: 2452480K(2452480K)->0K(2451968K) From: 153600K(171008K)->164036K(169472K)
[4239.794s][info][gc,heap        ] GC(1053) ParOldGen: 4534940K(4535296K)->4640068K(4640256K)
[4239.794s][info][gc,metaspace   ] GC(1053) Metaspace: 29072K(29376K)->29072K(29376K) NonClass: 25969K(26112K)->25969K(26112K) Class: 3103K(3264K)->3103K(3264K)
[4239.794s][info][gc             ] GC(1053) Pause Young (Allocation Failure) 6973M->4691M(7091M) 102.814ms
[4239.795s][info][gc,cpu         ] GC(1053) User=0.57s Sys=0.04s Real=0.10s
..[4242.170s][info][gc,start       ] GC(1054) Pause Young (Allocation Failure)
[4242.268s][info][gc,heap        ] GC(1054) PSYoungGen: 2616004K(2621440K)->150720K(2623488K) Eden: 2451968K(2451968K)->0K(2451968K) From: 164036K(169472K)->150720K(171520K)
[4242.268s][info][gc,heap        ] GC(1054) ParOldGen: 4640068K(4640256K)->4743380K(4743680K)
[4242.268s][info][gc,metaspace   ] GC(1054) Metaspace: 29072K(29376K)->29072K(29376K) NonClass: 25969K(26112K)->25969K(26112K) Class: 3103K(3264K)->3103K(3264K)
[4242.268s][info][gc             ] GC(1054) Pause Young (Allocation Failure) 7086M->4779M(7194M) 97.953ms
[4242.268s][info][gc,cpu         ] GC(1054) User=0.54s Sys=0.03s Real=0.09s
...[4244.521s][info][gc,start       ] GC(1055) Pause Young (Allocation Failure)
[4244.623s][info][gc,heap        ] GC(1055) PSYoungGen: 2602688K(2623488K)->155840K(2620928K) Eden: 2451968K(2451968K)->0K(2453504K) From: 150720K(171520K)->155840K(167424K)
[4244.623s][info][gc,heap        ] GC(1055) ParOldGen: 4743380K(4743680K)->4849636K(4849664K)
[4244.623s][info][gc,metaspace   ] GC(1055) Metaspace: 29074K(29376K)->29074K(29376K) NonClass: 25971K(26112K)->25971K(26112K) Class: 3103K(3264K)->3103K(3264K)
[4244.623s][info][gc             ] GC(1055) Pause Young (Allocation Failure) 7173M->4888M(7295M) 102.745ms
[4244.623s][info][gc,cpu         ] GC(1055) User=0.58s Sys=0.03s Real=0.10s
..[4246.973s][info][gc,start       ] GC(1056) Pause Young (Allocation Failure)
[4247.073s][info][gc,heap        ] GC(1056) PSYoungGen: 2609344K(2620928K)->154613K(2622976K) Eden: 2453504K(2453504K)->0K(2453504K) From: 155840K(167424K)->154613K(169472K)
[4247.073s][info][gc,heap        ] GC(1056) ParOldGen: 4849636K(4849664K)->4952652K(4953088K)
[4247.073s][info][gc,metaspace   ] GC(1056) Metaspace: 29074K(29376K)->29074K(29376K) NonClass: 25971K(26112K)->25971K(26112K) Class: 3103K(3264K)->3103K(3264K)
[4247.073s][info][gc             ] GC(1056) Pause Young (Allocation Failure) 7284M->4987M(7398M) 100.104ms
[4247.073s][info][gc,cpu         ] GC(1056) User=0.57s Sys=0.03s Real=0.10s
...[4249.420s][info][gc,start       ] GC(1057) Pause Young (Allocation Failure)
[4249.518s][info][gc,heap        ] GC(1057) PSYoungGen: 2608117K(2622976K)->155168K(2624000K) Eden: 2453504K(2453504K)->0K(2458624K) From: 154613K(169472K)->155168K(165376K)
[4249.518s][info][gc,heap        ] GC(1057) ParOldGen: 4952652K(4953088K)->5057260K(5057536K)
[4249.518s][info][gc,metaspace   ] GC(1057) Metaspace: 29074K(29376K)->29074K(29376K) NonClass: 25971K(26112K)->25971K(26112K) Class: 3103K(3264K)->3103K(3264K)
[4249.518s][info][gc             ] GC(1057) Pause Young (Allocation Failure) 7383M->5090M(7501M) 98.409ms
[4249.518s][info][gc,cpu         ] GC(1057) User=0.56s Sys=0.02s Real=0.09s
..[4251.843s][info][gc,start       ] GC(1058) Pause Young (Allocation Failure)
[4251.945s][info][gc,heap        ] GC(1058) PSYoungGen: 2613792K(2624000K)->156080K(2625536K) Eden: 2458624K(2458624K)->0K(2458624K) From: 155168K(165376K)->156080K(166912K)
[4251.945s][info][gc,heap        ] GC(1058) ParOldGen: 5057260K(5057536K)->5161892K(5161984K)
[4251.945s][info][gc,metaspace   ] GC(1058) Metaspace: 29074K(29376K)->29074K(29376K) NonClass: 25971K(26112K)->25971K(26112K) Class: 3103K(3264K)->3103K(3264K)
[4251.945s][info][gc             ] GC(1058) Pause Young (Allocation Failure) 7491M->5193M(7605M) 102.739ms
[4251.945s][info][gc,cpu         ] GC(1058) User=0.57s Sys=0.03s Real=0.10s
..[4254.221s][info][gc,start       ] GC(1059) Pause Young (Allocation Failure)
[4254.320s][info][gc,heap        ] GC(1059) PSYoungGen: 2614704K(2625536K)->151808K(2627584K) Eden: 2458624K(2458624K)->0K(2462720K) From: 156080K(166912K)->151808K(164864K)
[4254.320s][info][gc,heap        ] GC(1059) ParOldGen: 5161892K(5161984K)->5266964K(5267456K)
[4254.320s][info][gc,metaspace   ] GC(1059) Metaspace: 29074K(29376K)->29074K(29376K) NonClass: 25971K(26112K)->25971K(26112K) Class: 3103K(3264K)->3103K(3264K)
[4254.320s][info][gc             ] GC(1059) Pause Young (Allocation Failure) 7594M->5291M(7710M) 99.259ms
[4254.320s][info][gc,cpu         ] GC(1059) User=0.56s Sys=0.03s Real=0.10s
...[4256.657s][info][gc,start       ] GC(1060) Pause Young (Allocation Failure)
[4256.758s][info][gc,heap        ] GC(1060) PSYoungGen: 2614528K(2627584K)->157152K(2628608K) Eden: 2462720K(2462720K)->0K(2462720K) From: 151808K(164864K)->157152K(165888K)
[4256.758s][info][gc,heap        ] GC(1060) ParOldGen: 5266964K(5267456K)->5369044K(5369344K)
[4256.758s][info][gc,metaspace   ] GC(1060) Metaspace: 29074K(29376K)->29074K(29376K) NonClass: 25971K(26112K)->25971K(26112K) Class: 3103K(3264K)->3103K(3264K)
[4256.758s][info][gc             ] GC(1060) Pause Young (Allocation Failure) 7696M->5396M(7810M) 101.549ms
[4256.758s][info][gc,cpu         ] GC(1060) User=0.58s Sys=0.02s Real=0.10s
..[4259.127s][info][gc,start       ] GC(1061) Pause Young (Allocation Failure)
[4259.225s][info][gc,heap        ] GC(1061) PSYoungGen: 2619872K(2628608K)->153184K(2628608K) Eden: 2462720K(2462720K)->0K(2464768K) From: 157152K(165888K)->153184K(163840K)
[4259.225s][info][gc,heap        ] GC(1061) ParOldGen: 5369044K(5369344K)->5472756K(5472768K)
[4259.225s][info][gc,metaspace   ] GC(1061) Metaspace: 29074K(29376K)->29074K(29376K) NonClass: 25971K(26112K)->25971K(26112K) Class: 3103K(3264K)->3103K(3264K)
[4259.225s][info][gc             ] GC(1061) Pause Young (Allocation Failure) 7801M->5494M(7911M) 97.945ms
[4259.225s][info][gc,cpu         ] GC(1061) User=0.55s Sys=0.03s Real=0.10s
...[4261.614s][info][gc,start       ] GC(1062) Pause Young (Allocation Failure)
[4261.715s][info][gc,heap        ] GC(1062) PSYoungGen: 2617952K(2628608K)->160208K(2629632K) Eden: 2464768K(2464768K)->0K(2464768K) From: 153184K(163840K)->160208K(164864K)
[4261.716s][info][gc,heap        ] GC(1062) ParOldGen: 5472756K(5472768K)->5579172K(5579264K)
[4261.716s][info][gc,metaspace   ] GC(1062) Metaspace: 29074K(29376K)->29074K(29376K) NonClass: 25971K(26112K)->25971K(26112K) Class: 3103K(3264K)->3103K(3264K)
[4261.716s][info][gc             ] GC(1062) Pause Young (Allocation Failure) 7901M->5604M(8016M) 101.332ms
[4261.716s][info][gc,cpu         ] GC(1062) User=0.57s Sys=0.03s Real=0.10s
..[4264.054s][info][gc,start       ] GC(1063) Pause Full (Allocation Failure)
[4264.054s][info][gc,phases,start] GC(1063) Marking Phase
[4264.361s][info][gc,phases      ] GC(1063) Marking Phase 306.344ms
[4264.361s][info][gc,phases,start] GC(1063) Summary Phase
[4264.361s][info][gc,phases      ] GC(1063) Summary Phase 0.104ms
[4264.361s][info][gc,phases,start] GC(1063) Forward
[4264.491s][info][gc,phases      ] GC(1063) Forward 130.062ms
[4264.491s][info][gc,phases,start] GC(1063) Adjust Pointers
[4264.700s][info][gc,phases      ] GC(1063) Adjust Pointers 208.797ms
[4264.700s][info][gc,phases,start] GC(1063) Compaction Phase
[4264.846s][info][gc,phases      ] GC(1063) Compaction Phase 145.996ms
[4264.848s][info][gc,phases,start] GC(1063) Post Compact
[4264.855s][info][gc,phases      ] GC(1063) Post Compact 7.022ms
[4264.984s][info][gc,heap        ] GC(1063) PSYoungGen: 2624976K(2629632K)->0K(2630144K) Eden: 2464768K(2464768K)->0K(2464256K) From: 160208K(164864K)->0K(165888K)
[4264.984s][info][gc,heap        ] GC(1063) ParOldGen: 5579172K(5579264K)->1611029K(1901056K)
[4264.984s][info][gc,metaspace   ] GC(1063) Metaspace: 29074K(29376K)->29074K(29376K) NonClass: 25971K(26112K)->25971K(26112K) Class: 3103K(3264K)->3103K(3264K)
[4264.984s][info][gc             ] GC(1063) Pause Full (Allocation Failure) 8011M->1573M(4425M) 929.372ms
[4264.984s][info][gc,cpu         ] GC(1063) User=4.30s Sys=0.13s Real=0.93s
..[4266.458s][info][gc,start       ] GC(1064) Pause Young (Allocation Failure)
[4266.530s][info][gc,heap        ] GC(1064) PSYoungGen: 2464256K(2630144K)->165881K(2630144K) Eden: 2464256K(2464256K)->0K(2464256K) From: 0K(165888K)->165881K(165888K)
[4266.530s][info][gc,heap        ] GC(1064) ParOldGen: 1611029K(1901056K)->1615613K(1901056K)
[4266.530s][info][gc,metaspace   ] GC(1064) Metaspace: 29074K(29376K)->29074K(29376K) NonClass: 25971K(26112K)->25971K(26112K) Class: 3103K(3264K)->3103K(3264K)
[4266.530s][info][gc             ] GC(1064) Pause Young (Allocation Failure) 3979M->1739M(4425M) 72.268ms
[4266.530s][info][gc,cpu         ] GC(1064) User=0.43s Sys=0.00s Real=0.08s
..[4268.912s][info][gc,start       ] GC(1065) Pause Young (Allocation Failure)
[4269.002s][info][gc,heap        ] GC(1065) PSYoungGen: 2630137K(2630144K)->153524K(2622976K) Eden: 2464256K(2464256K)->0K(2457088K) From: 165881K(165888K)->153524K(165888K)
[4269.003s][info][gc,heap        ] GC(1065) ParOldGen: 1615613K(1901056K)->1716877K(1901056K)
[4269.003s][info][gc,metaspace   ] GC(1065) Metaspace: 29074K(29376K)->29074K(29376K) NonClass: 25971K(26112K)->25971K(26112K) Class: 3103K(3264K)->3103K(3264K)
[4269.003s][info][gc             ] GC(1065) Pause Young (Allocation Failure) 4146M->1826M(4418M) 90.856ms
[4269.003s][info][gc,cpu         ] GC(1065) User=0.53s Sys=0.00s Real=0.09s
...[4271.393s][info][gc,start       ] GC(1066) Pause Young (Allocation Failure)
[4271.484s][info][gc,heap        ] GC(1066) PSYoungGen: 2610612K(2622976K)->152480K(2626560K) Eden: 2457088K(2457088K)->0K(2457088K) From: 153524K(165888K)->152480K(169472K)
[4271.484s][info][gc,heap        ] GC(1066) ParOldGen: 1716877K(1901056K)->1820989K(1901056K)
[4271.484s][info][gc,metaspace   ] GC(1066) Metaspace: 29074K(29376K)->29074K(29376K) NonClass: 25971K(26112K)->25971K(26112K) Class: 3103K(3264K)->3103K(3264K)
[4271.484s][info][gc             ] GC(1066) Pause Young (Allocation Failure) 4226M->1927M(4421M) 91.584ms
[4271.484s][info][gc,cpu         ] GC(1066) User=0.54s Sys=0.00s Real=0.09s
..[4273.751s][info][gc,start       ] GC(1067) Pause Young (Allocation Failure)
[4273.843s][info][gc,heap        ] GC(1067) PSYoungGen: 2609568K(2626560K)->152480K(2625024K) Eden: 2457088K(2457088K)->0K(2457600K) From: 152480K(169472K)->152480K(167424K)
[4273.843s][info][gc,heap        ] GC(1067) ParOldGen: 1820989K(1901056K)->1927469K(1927680K)
[4273.843s][info][gc,metaspace   ] GC(1067) Metaspace: 29074K(29376K)->29074K(29376K) NonClass: 25971K(26112K)->25971K(26112K) Class: 3103K(3264K)->3103K(3264K)
[4273.843s][info][gc             ] GC(1067) Pause Young (Allocation Failure) 4326M->2031M(4446M) 91.972ms
[4273.843s][info][gc,cpu         ] GC(1067) User=0.54s Sys=0.01s Real=0.09s
...[4276.228s][info][gc,start       ] GC(1068) Pause Young (Allocation Failure)
[4276.323s][info][gc,heap        ] GC(1068) PSYoungGen: 2610080K(2625024K)->155072K(2626048K) Eden: 2457600K(2457600K)->0K(2457600K) From: 152480K(167424K)->155072K(168448K)
[4276.323s][info][gc,heap        ] GC(1068) ParOldGen: 1927469K(1927680K)->2028133K(2028544K)
[4276.323s][info][gc,metaspace   ] GC(1068) Metaspace: 29074K(29376K)->29074K(29376K) NonClass: 25971K(26112K)->25971K(26112K) Class: 3103K(3264K)->3103K(3264K)
[4276.323s][info][gc             ] GC(1068) Pause Young (Allocation Failure) 4431M->2132M(4545M) 95.347ms
[4276.323s][info][gc,cpu         ] GC(1068) User=0.53s Sys=0.04s Real=0.10s
..[4278.708s][info][gc,start       ] GC(1069) Pause Young (Allocation Failure)
[4278.820s][info][gc,heap        ] GC(1069) PSYoungGen: 2612672K(2626048K)->167417K(2535424K) Eden: 2457600K(2457600K)->0K(2368000K) From: 155072K(168448K)->167417K(167424K)
[4278.820s][info][gc,heap        ] GC(1069) ParOldGen: 2028133K(2028544K)->2145941K(2146304K)
[4278.820s][info][gc,metaspace   ] GC(1069) Metaspace: 29074K(29376K)->29074K(29376K) NonClass: 25971K(26112K)->25971K(26112K) Class: 3103K(3264K)->3103K(3264K)
[4278.820s][info][gc             ] GC(1069) Pause Young (Allocation Failure) 4532M->2259M(4572M) 112.439ms
[4278.820s][info][gc,cpu         ] GC(1069) User=0.62s Sys=0.04s Real=0.12s
. (rIR:aIR:PR = 7057:7056:7056) (tPR = 104368) [OK] 
  4278s: Performance info:
         Transaction,    Success,    Partial,     Failed,   Receipts, AvgBarcode, 
             Overall,     429681,          0,          0,     408237,      59.48, 
         Response times:
             Request,    Success,    Partial,     Failed,   SkipFail,     Probes,    Samples,      min,      p50,      p90,      p95,      p99,      max, 
       TotalPurchase,     408237,          0,          0,          0,     360906,     389275,      300,     5300,    14600,    37000,    60000,  1100000,
     InStorePurchase,     214728,          0,          0,          0,     190158,     204786,      300,     5200,    14500,    36650,    60000,  1100000,
      OnlinePurchase,     150469,          0,          0,          0,     132817,     143149,      300,     5400,    14700,    37000,    60000,  1100000,
        InstPurchase,      43040,          0,          0,          0,      37931,      41340,      400,     5300,    14300,    37000,    61000,  1100000,
          AssocOfCat,        429,          0,          0,          0,        332,        431,    21000,    38000,    66800,    87000,   119480,  1100000,
      AssocOfProduct,       4298,          0,          0,          0,       3954,       4483,      500,     5500,    13460,    35000,   100000,   940000,
      BusinessReport,       1073,          0,          0,          0,        927,       1138,    27000,    44000,    68000,    98000,   157610,   188000,
          CustBuyBeh,       4293,          0,          0,          0,       3993,       4551,      600,     6400,    16300,    33400,    67000,   131000,
       ProductReturn,      11351,          0,          0,          0,       9558,      10583,      200,     5300,    15600,    38000,   102000,  1100000,

  4278s: (52%)   IR =   7195 .[4281.012s][info][gc,start       ] GC(1070) Pause Young (Allocation Failure)
[4281.109s][info][gc,heap        ] GC(1070) PSYoungGen: 2535417K(2535424K)->157640K(2582016K) Eden: 2368000K(2368000K)->0K(2368000K) From: 167417K(167424K)->157640K(214016K)
[4281.109s][info][gc,heap        ] GC(1070) ParOldGen: 2145941K(2146304K)->2243461K(2243584K)
[4281.109s][info][gc,metaspace   ] GC(1070) Metaspace: 29074K(29376K)->29074K(29376K) NonClass: 25971K(26112K)->25971K(26112K) Class: 3103K(3264K)->3103K(3264K)
[4281.109s][info][gc             ] GC(1070) Pause Young (Allocation Failure) 4571M->2344M(4712M) 97.144ms
[4281.109s][info][gc,cpu         ] GC(1070) User=0.54s Sys=0.03s Real=0.09s
...[4283.346s][info][gc,start       ] GC(1071) Pause Young (Allocation Failure)
[4283.443s][info][gc,heap        ] GC(1071) PSYoungGen: 2525640K(2582016K)->154889K(2575360K) Eden: 2368000K(2368000K)->0K(2370560K) From: 157640K(214016K)->154889K(204800K)
[4283.443s][info][gc,heap        ] GC(1071) ParOldGen: 2243461K(2243584K)->2345749K(2345984K)
[4283.443s][info][gc,metaspace   ] GC(1071) Metaspace: 29074K(29376K)->29074K(29376K) NonClass: 25971K(26112K)->25971K(26112K) Class: 3103K(3264K)->3103K(3264K)
[4283.443s][info][gc             ] GC(1071) Pause Young (Allocation Failure) 4657M->2442M(4806M) 96.348ms
[4283.443s][info][gc,cpu         ] GC(1071) User=0.54s Sys=0.04s Real=0.10s
.|.[4285.625s][info][gc,start       ] GC(1072) Pause Young (Allocation Failure)
[4285.717s][info][gc,heap        ] GC(1072) PSYoungGen: 2525449K(2575360K)->148352K(2579968K) Eden: 2370560K(2370560K)->0K(2370560K) From: 154889K(204800K)->148352K(209408K)
[4285.717s][info][gc,heap        ] GC(1072) ParOldGen: 2345749K(2345984K)->2449845K(2449920K)
[4285.717s][info][gc,metaspace   ] GC(1072) Metaspace: 29074K(29376K)->29074K(29376K) NonClass: 25971K(26112K)->25971K(26112K) Class: 3103K(3264K)->3103K(3264K)
[4285.717s][info][gc             ] GC(1072) Pause Young (Allocation Failure) 4757M->2537M(4912M) 92.831ms
[4285.717s][info][gc,cpu         ] GC(1072) User=0.52s Sys=0.03s Real=0.09s
..[4287.995s][info][gc,start       ] GC(1073) Pause Young (Allocation Failure)
[4288.088s][info][gc,heap        ] GC(1073) PSYoungGen: 2518912K(2579968K)->147872K(2582016K) Eden: 2370560K(2370560K)->0K(2378752K) From: 148352K(209408K)->147872K(203264K)
[4288.088s][info][gc,heap        ] GC(1073) ParOldGen: 2449845K(2449920K)->2549901K(2550272K)
[4288.088s][info][gc,metaspace   ] GC(1073) Metaspace: 29074K(29376K)->29074K(29376K) NonClass: 25971K(26112K)->25971K(26112K) Class: 3103K(3264K)->3103K(3264K)
[4288.088s][info][gc             ] GC(1073) Pause Young (Allocation Failure) 4852M->2634M(5012M) 93.019ms
[4288.088s][info][gc,cpu         ] GC(1073) User=0.52s Sys=0.03s Real=0.09s
...[4290.277s][info][gc,start       ] GC(1074) Pause Young (Allocation Failure)
[4290.370s][info][gc,heap        ] GC(1074) PSYoungGen: 2526624K(2582016K)->146656K(2585088K) Eden: 2378752K(2378752K)->0K(2378752K) From: 147872K(203264K)->146656K(206336K)
[4290.370s][info][gc,heap        ] GC(1074) ParOldGen: 2549901K(2550272K)->2655341K(2655744K)
[4290.370s][info][gc,metaspace   ] GC(1074) Metaspace: 29074K(29376K)->29074K(29376K) NonClass: 25971K(26112K)->25971K(26112K) Class: 3103K(3264K)->3103K(3264K)
[4290.370s][info][gc             ] GC(1074) Pause Young (Allocation Failure) 4957M->2736M(5118M) 93.766ms
[4290.370s][info][gc,cpu         ] GC(1074) User=0.51s Sys=0.04s Real=0.10s
..[4292.528s][info][gc,start       ] GC(1075) Pause Young (Allocation Failure)
[4292.620s][info][gc,heap        ] GC(1075) PSYoungGen: 2525408K(2585088K)->146208K(2585088K) Eden: 2378752K(2378752K)->0K(2384896K) From: 146656K(206336K)->146208K(200192K)
[4292.620s][info][gc,heap        ] GC(1075) ParOldGen: 2655341K(2655744K)->2757989K(2758144K)
[4292.620s][info][gc,metaspace   ] GC(1075) Metaspace: 29074K(29376K)->29074K(29376K) NonClass: 25971K(26112K)->25971K(26112K) Class: 3103K(3264K)->3103K(3264K)
[4292.620s][info][gc             ] GC(1075) Pause Young (Allocation Failure) 5059M->2836M(5218M) 91.958ms
[4292.620s][info][gc,cpu         ] GC(1075) User=0.50s Sys=0.03s Real=0.10s
..[4294.860s][info][gc,start       ] GC(1076) Pause Young (Allocation Failure)
[4294.952s][info][gc,heap        ] GC(1076) PSYoungGen: 2531104K(2585088K)->144736K(2588160K) Eden: 2384896K(2384896K)->0K(2384896K) From: 146208K(200192K)->144736K(203264K)
[4294.952s][info][gc,heap        ] GC(1076) ParOldGen: 2757989K(2758144K)->2857669K(2857984K)
[4294.952s][info][gc,metaspace   ] GC(1076) Metaspace: 29074K(29376K)->29074K(29376K) NonClass: 25971K(26112K)->25971K(26112K) Class: 3103K(3264K)->3103K(3264K)
[4294.952s][info][gc             ] GC(1076) Pause Young (Allocation Failure) 5165M->2932M(5318M) 92.036ms
[4294.952s][info][gc,cpu         ] GC(1076) User=0.52s Sys=0.03s Real=0.09s
...[4297.214s][info][gc,start       ] GC(1077) Pause Young (Allocation Failure)
[4297.313s][info][gc,heap        ] GC(1077) PSYoungGen: 2529632K(2588160K)->153952K(2584576K) Eden: 2384896K(2384896K)->0K(2391552K) From: 144736K(203264K)->153952K(193024K)
[4297.313s][info][gc,heap        ] GC(1077) ParOldGen: 2857669K(2857984K)->2962413K(2962432K)
[4297.313s][info][gc,metaspace   ] GC(1077) Metaspace: 29074K(29376K)->29074K(29376K) NonClass: 25971K(26112K)->25971K(26112K) Class: 3103K(3264K)->3103K(3264K)
[4297.313s][info][gc             ] GC(1077) Pause Young (Allocation Failure) 5261M->3043M(5417M) 98.660ms
[4297.313s][info][gc,cpu         ] GC(1077) User=0.56s Sys=0.03s Real=0.10s
..[4299.603s][info][gc,start       ] GC(1078) Pause Young (Allocation Failure)
[4299.699s][info][gc,heap        ] GC(1078) PSYoungGen: 2545504K(2584576K)->155520K(2589184K) Eden: 2391552K(2391552K)->0K(2391552K) From: 153952K(193024K)->155520K(197632K)
[4299.699s][info][gc,heap        ] GC(1078) ParOldGen: 2962413K(2962432K)->3063981K(3064320K)
[4299.699s][info][gc,metaspace   ] GC(1078) Metaspace: 29074K(29376K)->29074K(29376K) NonClass: 25971K(26112K)->25971K(26112K) Class: 3103K(3264K)->3103K(3264K)
[4299.699s][info][gc             ] GC(1078) Pause Young (Allocation Failure) 5378M->3144M(5521M) 96.011ms
[4299.699s][info][gc,cpu         ] GC(1078) User=0.55s Sys=0.03s Real=0.09s
..[4301.903s][info][gc,start       ] GC(1079) Pause Young (Allocation Failure)
[4301.996s][info][gc,heap        ] GC(1079) PSYoungGen: 2547072K(2589184K)->141600K(2595328K) Eden: 2391552K(2391552K)->0K(2404352K) From: 155520K(197632K)->141600K(190976K)
[4301.996s][info][gc,heap        ] GC(1079) ParOldGen: 3063981K(3064320K)->3170597K(3170816K)
[4301.996s][info][gc,metaspace   ] GC(1079) Metaspace: 29074K(29376K)->29074K(29376K) NonClass: 25971K(26112K)->25971K(26112K) Class: 3103K(3264K)->3103K(3264K)
[4301.996s][info][gc             ] GC(1079) Pause Young (Allocation Failure) 5479M->3234M(5631M) 93.618ms
[4301.996s][info][gc,cpu         ] GC(1079) User=0.52s Sys=0.03s Real=0.09s
...[4304.168s][info][gc,start       ] GC(1080) Pause Young (Allocation Failure)
[4304.266s][info][gc,heap        ] GC(1080) PSYoungGen: 2545952K(2595328K)->151024K(2597376K) Eden: 2404352K(2404352K)->0K(2404352K) From: 141600K(190976K)->151024K(193024K)
[4304.266s][info][gc,heap        ] GC(1080) ParOldGen: 3170597K(3170816K)->3274197K(3274240K)
[4304.266s][info][gc,metaspace   ] GC(1080) Metaspace: 29074K(29376K)->29074K(29376K) NonClass: 25971K(26112K)->25971K(26112K) Class: 3103K(3264K)->3103K(3264K)
[4304.266s][info][gc             ] GC(1080) Pause Young (Allocation Failure) 5582M->3344M(5734M) 97.553ms
[4304.266s][info][gc,cpu         ] GC(1080) User=0.54s Sys=0.03s Real=0.10s
..[4306.493s][info][gc,start       ] GC(1081) Pause Young (Allocation Failure)
[4306.590s][info][gc,heap        ] GC(1081) PSYoungGen: 2555376K(2597376K)->158832K(2598400K) Eden: 2404352K(2404352K)->0K(2412544K) From: 151024K(193024K)->158832K(185856K)
[4306.590s][info][gc,heap        ] GC(1081) ParOldGen: 3274197K(3274240K)->3375725K(3376128K)
[4306.590s][info][gc,metaspace   ] GC(1081) Metaspace: 29074K(29376K)->29074K(29376K) NonClass: 25971K(26112K)->25971K(26112K) Class: 3103K(3264K)->3103K(3264K)
[4306.590s][info][gc             ] GC(1081) Pause Young (Allocation Failure) 5692M->3451M(5834M) 97.029ms
[4306.590s][info][gc,cpu         ] GC(1081) User=0.53s Sys=0.04s Real=0.10s
..[4308.815s][info][gc,start       ] GC(1082) Pause Young (Allocation Failure)
[4308.910s][info][gc,heap        ] GC(1082) PSYoungGen: 2571376K(2598400K)->145216K(2600448K) Eden: 2412544K(2412544K)->0K(2412544K) From: 158832K(185856K)->145216K(187904K)
[4308.910s][info][gc,heap        ] GC(1082) ParOldGen: 3375725K(3376128K)->3481285K(3481600K)
[4308.910s][info][gc,metaspace   ] GC(1082) Metaspace: 29074K(29376K)->29074K(29376K) NonClass: 25971K(26112K)->25971K(26112K) Class: 3103K(3264K)->3103K(3264K)
[4308.910s][info][gc             ] GC(1082) Pause Young (Allocation Failure) 5807M->3541M(5939M) 95.075ms
[4308.910s][info][gc,cpu         ] GC(1082) User=0.53s Sys=0.03s Real=0.10s
...[4311.221s][info][gc,start       ] GC(1083) Pause Young (Allocation Failure)
[4311.318s][info][gc,heap        ] GC(1083) PSYoungGen: 2557760K(2600448K)->155808K(2600960K) Eden: 2412544K(2412544K)->0K(2421248K) From: 145216K(187904K)->155808K(179712K)
[4311.318s][info][gc,heap        ] GC(1083) ParOldGen: 3481285K(3481600K)->3583445K(3583488K)
[4311.318s][info][gc,metaspace   ] GC(1083) Metaspace: 29074K(29376K)->29074K(29376K) NonClass: 25971K(26112K)->25971K(26112K) Class: 3103K(3264K)->3103K(3264K)
[4311.318s][info][gc             ] GC(1083) Pause Young (Allocation Failure) 5897M->3651M(6039M) 97.816ms
[4311.318s][info][gc,cpu         ] GC(1083) User=0.55s Sys=0.03s Real=0.09s
..[4313.500s][info][gc,start       ] GC(1084) Pause Young (Allocation Failure)
[4313.599s][info][gc,heap        ] GC(1084) PSYoungGen: 2577056K(2600960K)->156005K(2605056K) Eden: 2421248K(2421248K)->0K(2421248K) From: 155808K(179712K)->156005K(183808K)
[4313.599s][info][gc,heap        ] GC(1084) ParOldGen: 3583445K(3583488K)->3690741K(3691008K)
[4313.599s][info][gc,metaspace   ] GC(1084) Metaspace: 29074K(29376K)->29074K(29376K) NonClass: 25971K(26112K)->25971K(26112K) Class: 3103K(3264K)->3103K(3264K)
[4313.599s][info][gc             ] GC(1084) Pause Young (Allocation Failure) 6016M->3756M(6148M) 99.163ms
[4313.599s][info][gc,cpu         ] GC(1084) User=0.54s Sys=0.04s Real=0.09s
..[4315.863s][info][gc,start       ] GC(1085) Pause Young (Allocation Failure)
[4315.964s][info][gc,heap        ] GC(1085) PSYoungGen: 2577253K(2605056K)->159934K(2609664K) Eden: 2421248K(2421248K)->0K(2430976K) From: 156005K(183808K)->159934K(178688K)
[4315.964s][info][gc,heap        ] GC(1085) ParOldGen: 3690741K(3691008K)->3790341K(3790848K)
[4315.964s][info][gc,metaspace   ] GC(1085) Metaspace: 29074K(29376K)->29074K(29376K) NonClass: 25971K(26112K)->25971K(26112K) Class: 3103K(3264K)->3103K(3264K)
[4315.964s][info][gc             ] GC(1085) Pause Young (Allocation Failure) 6121M->3857M(6250M) 100.313ms
[4315.964s][info][gc,cpu         ] GC(1085) User=0.55s Sys=0.04s Real=0.10s
...[4318.262s][info][gc,start       ] GC(1086) Pause Young (Allocation Failure)
[4318.364s][info][gc,heap        ] GC(1086) PSYoungGen: 2590910K(2609664K)->158835K(2611712K) Eden: 2430976K(2430976K)->0K(2430976K) From: 159934K(178688K)->158835K(180736K)
[4318.364s][info][gc,heap        ] GC(1086) ParOldGen: 3790341K(3790848K)->3895429K(3895808K)
[4318.364s][info][gc,metaspace   ] GC(1086) Metaspace: 29074K(29376K)->29074K(29376K) NonClass: 25971K(26112K)->25971K(26112K) Class: 3103K(3264K)->3103K(3264K)
[4318.364s][info][gc             ] GC(1086) Pause Young (Allocation Failure) 6231M->3959M(6355M) 101.175ms
[4318.364s][info][gc,cpu         ] GC(1086) User=0.57s Sys=0.03s Real=0.10s
..[4320.609s][info][gc,start       ] GC(1087) Pause Young (Allocation Failure)
[4320.708s][info][gc,heap        ] GC(1087) PSYoungGen: 2589811K(2611712K)->159936K(2613760K) Eden: 2430976K(2430976K)->0K(2436096K) From: 158835K(180736K)->159936K(177664K)
[4320.708s][info][gc,heap        ] GC(1087) ParOldGen: 3895429K(3895808K)->4000821K(4001280K)
[4320.708s][info][gc,metaspace   ] GC(1087) Metaspace: 29074K(29376K)->29074K(29376K) NonClass: 25971K(26112K)->25971K(26112K) Class: 3103K(3264K)->3103K(3264K)
[4320.708s][info][gc             ] GC(1087) Pause Young (Allocation Failure) 6333M->4063M(6460M) 99.434ms
[4320.708s][info][gc,cpu         ] GC(1087) User=0.56s Sys=0.03s Real=0.10s
..[4322.990s][info][gc,start       ] GC(1088) Pause Young (Allocation Failure)
[4323.091s][info][gc,heap        ] GC(1088) PSYoungGen: 2596032K(2613760K)->161525K(2614784K) Eden: 2436096K(2436096K)->0K(2436096K) From: 159936K(177664K)->161525K(178688K)
[4323.091s][info][gc,heap        ] GC(1088) ParOldGen: 4000821K(4001280K)->4102269K(4102656K)
[4323.091s][info][gc,metaspace   ] GC(1088) Metaspace: 29074K(29376K)->29074K(29376K) NonClass: 25971K(26112K)->25971K(26112K) Class: 3103K(3264K)->3103K(3264K)
[4323.091s][info][gc             ] GC(1088) Pause Young (Allocation Failure) 6442M->4163M(6560M) 101.145ms
[4323.091s][info][gc,cpu         ] GC(1088) User=0.57s Sys=0.03s Real=0.10s
...[4325.336s][info][gc,start       ] GC(1089) Pause Young (Allocation Failure)
[4325.433s][info][gc,heap        ] GC(1089) PSYoungGen: 2597621K(2614784K)->150048K(2614784K) Eden: 2436096K(2436096K)->0K(2439168K) From: 161525K(178688K)->150048K(175616K)
[4325.433s][info][gc,heap        ] GC(1089) ParOldGen: 4102269K(4102656K)->4207525K(4207616K)
[4325.433s][info][gc,metaspace   ] GC(1089) Metaspace: 29074K(29376K)->29074K(29376K) NonClass: 25971K(26112K)->25971K(26112K) Class: 3103K(3264K)->3103K(3264K)
[4325.433s][info][gc             ] GC(1089) Pause Young (Allocation Failure) 6542M->4255M(6662M) 97.155ms
[4325.433s][info][gc,cpu         ] GC(1089) User=0.54s Sys=0.03s Real=0.10s
..[4327.754s][info][gc,start       ] GC(1090) Pause Young (Allocation Failure)
[4327.853s][info][gc,heap        ] GC(1090) PSYoungGen: 2589216K(2614784K)->159936K(2616320K) Eden: 2439168K(2439168K)->0K(2439168K) From: 150048K(175616K)->159936K(177152K)
[4327.853s][info][gc,heap        ] GC(1090) ParOldGen: 4207525K(4207616K)->4310085K(4310528K)
[4327.853s][info][gc,metaspace   ] GC(1090) Metaspace: 29074K(29376K)->29074K(29376K) NonClass: 25971K(26112K)->25971K(26112K) Class: 3103K(3264K)->3103K(3264K)
[4327.853s][info][gc             ] GC(1090) Pause Young (Allocation Failure) 6637M->4365M(6764M) 99.305ms
[4327.853s][info][gc,cpu         ] GC(1090) User=0.56s Sys=0.03s Real=0.10s
..[4330.047s][info][gc,start       ] GC(1091) Pause Young (Allocation Failure)
[4330.146s][info][gc,heap        ] GC(1091) PSYoungGen: 2599104K(2616320K)->147136K(2617344K) Eden: 2439168K(2439168K)->0K(2442240K) From: 159936K(177152K)->147136K(175104K)
[4330.146s][info][gc,heap        ] GC(1091) ParOldGen: 4310085K(4310528K)->4415789K(4416000K)
[4330.146s][info][gc,metaspace   ] GC(1091) Metaspace: 29074K(29376K)->29074K(29376K) NonClass: 25971K(26112K)->25971K(26112K) Class: 3103K(3264K)->3103K(3264K)
[4330.146s][info][gc             ] GC(1091) Pause Young (Allocation Failure) 6747M->4455M(6868M) 98.580ms
[4330.146s][info][gc,cpu         ] GC(1091) User=0.55s Sys=0.03s Real=0.10s
...[4332.475s][info][gc,start       ] GC(1092) Pause Young (Allocation Failure)
[4332.572s][info][gc,heap        ] GC(1092) PSYoungGen: 2589376K(2617344K)->150912K(2618368K) Eden: 2442240K(2442240K)->0K(2442240K) From: 147136K(175104K)->150912K(176128K)
[4332.572s][info][gc,heap        ] GC(1092) ParOldGen: 4415789K(4416000K)->4519525K(4519936K)
[4332.572s][info][gc,metaspace   ] GC(1092) Metaspace: 29074K(29376K)->29074K(29376K) NonClass: 25971K(26112K)->25971K(26112K) Class: 3103K(3264K)->3103K(3264K)
[4332.572s][info][gc             ] GC(1092) Pause Young (Allocation Failure) 6840M->4560M(6971M) 97.931ms
[4332.573s][info][gc,cpu         ] GC(1092) User=0.54s Sys=0.03s Real=0.10s
..[4334.883s][info][gc,start       ] GC(1093) Pause Young (Allocation Failure)
[4334.980s][info][gc,heap        ] GC(1093) PSYoungGen: 2593152K(2618368K)->150976K(2616832K) Eden: 2442240K(2442240K)->0K(2444800K) From: 150912K(176128K)->150976K(172032K)
[4334.980s][info][gc,heap        ] GC(1093) ParOldGen: 4519525K(4519936K)->4622757K(4622848K)
[4334.980s][info][gc,metaspace   ] GC(1093) Metaspace: 29074K(29376K)->29074K(29376K) NonClass: 25971K(26112K)->25971K(26112K) Class: 3103K(3264K)->3103K(3264K)
[4334.980s][info][gc             ] GC(1093) Pause Young (Allocation Failure) 6945M->4661M(7070M) 97.149ms
[4334.980s][info][gc,cpu         ] GC(1093) User=0.55s Sys=0.03s Real=0.10s
..[4337.268s][info][gc,start       ] GC(1094) Pause Young (Allocation Failure)
[4337.369s][info][gc,heap        ] GC(1094) PSYoungGen: 2595776K(2616832K)->154745K(2618368K) Eden: 2444800K(2444800K)->0K(2444800K) From: 150976K(172032K)->154745K(173568K)
[4337.369s][info][gc,heap        ] GC(1094) ParOldGen: 4622757K(4622848K)->4728093K(4728320K)
[4337.369s][info][gc,metaspace   ] GC(1094) Metaspace: 29074K(29376K)->29074K(29376K) NonClass: 25971K(26112K)->25971K(26112K) Class: 3103K(3264K)->3103K(3264K)
[4337.369s][info][gc             ] GC(1094) Pause Young (Allocation Failure) 7049M->4768M(7174M) 101.161ms
[4337.369s][info][gc,cpu         ] GC(1094) User=0.57s Sys=0.03s Real=0.10s
...[4339.603s][info][gc,start       ] GC(1095) Pause Young (Allocation Failure)
[4339.700s][info][gc,heap        ] GC(1095) PSYoungGen: 2599545K(2618368K)->152800K(2619392K) Eden: 2444800K(2444800K)->0K(2450432K) From: 154745K(173568K)->152800K(168960K)
[4339.700s][info][gc,heap        ] GC(1095) ParOldGen: 4728093K(4728320K)->4831021K(4831232K)
[4339.700s][info][gc,metaspace   ] GC(1095) Metaspace: 29074K(29376K)->29074K(29376K) NonClass: 25971K(26112K)->25971K(26112K) Class: 3103K(3264K)->3103K(3264K)
[4339.700s][info][gc             ] GC(1095) Pause Young (Allocation Failure) 7155M->4867M(7276M) 96.563ms
[4339.700s][info][gc,cpu         ] GC(1095) User=0.54s Sys=0.03s Real=0.09s
..[4341.961s][info][gc,start       ] GC(1096) Pause Young (Allocation Failure)
[4342.059s][info][gc,heap        ] GC(1096) PSYoungGen: 2603232K(2619392K)->150176K(2620928K) Eden: 2450432K(2450432K)->0K(2450432K) From: 152800K(168960K)->150176K(170496K)
[4342.059s][info][gc,heap        ] GC(1096) ParOldGen: 4831021K(4831232K)->4934325K(4934656K)
[4342.059s][info][gc,metaspace   ] GC(1096) Metaspace: 29074K(29376K)->29074K(29376K) NonClass: 25971K(26112K)->25971K(26112K) Class: 3103K(3264K)->3103K(3264K)
[4342.059s][info][gc             ] GC(1096) Pause Young (Allocation Failure) 7260M->4965M(7378M) 98.242ms
[4342.059s][info][gc,cpu         ] GC(1096) User=0.54s Sys=0.04s Real=0.09s
..[4344.367s][info][gc,start       ] GC(1097) Pause Young (Allocation Failure)
[4344.472s][info][gc,heap        ] GC(1097) PSYoungGen: 2600608K(2620928K)->167428K(2619392K) Eden: 2450432K(2450432K)->0K(2449920K) From: 150176K(170496K)->167428K(169472K)
[4344.472s][info][gc,heap        ] GC(1097) ParOldGen: 4934325K(4934656K)->5038037K(5038080K)
[4344.472s][info][gc,metaspace   ] GC(1097) Metaspace: 29074K(29376K)->29074K(29376K) NonClass: 25971K(26112K)->25971K(26112K) Class: 3103K(3264K)->3103K(3264K)
[4344.472s][info][gc             ] GC(1097) Pause Young (Allocation Failure) 7358M->5083M(7478M) 104.924ms
[4344.472s][info][gc,cpu         ] GC(1097) User=0.59s Sys=0.04s Real=0.11s
. (rIR:aIR:PR = 7195:7169:7169) (tPR = 106327) [OK] 
  4344s: Performance info:
         Transaction,    Success,    Partial,     Failed,   Receipts, AvgBarcode, 
             Overall,     432553,          0,          0,     410876,      59.48, 
         Response times:
             Request,    Success,    Partial,     Failed,   SkipFail,     Probes,    Samples,      min,      p50,      p90,      p95,      p99,      max, 
       TotalPurchase,     410875,          0,          0,          0,     363836,     394283,      300,     5400,    12700,    30000,    70000,   171000,
     InStorePurchase,     215816,          0,          0,          0,     190753,     206368,      300,     5400,    12700,    30000,    70000,   171000,
      OnlinePurchase,     151760,          0,          0,          0,     134340,     145788,      300,     5400,    12600,    30000,    69000,   160000,
        InstPurchase,      43299,          0,          0,          0,      38743,      42127,      400,     5200,    12600,    29000,    69000,   155000,
          AssocOfCat,        437,          0,          0,          0,        342,        440,    22000,    36000,    61000,    78950,   134490,   162000,
      AssocOfProduct,       4334,          0,          0,          0,       4057,       4535,      400,     3700,    12440,    28000,    68000,   119000,
      BusinessReport,       1081,          0,          0,          0,        941,       1138,    26000,    43000,    66000,    87050,   159000,   191000,
          CustBuyBeh,       4337,          0,          0,          0,       4029,       4580,     1000,     5600,    12490,    35000,    67190,   114000,
       ProductReturn,      11488,          0,          0,          0,       9868,      11016,      200,     4300,    11300,    26000,    64830,   128000,

  4344s: (53%)   IR =   7334 ..[4346.810s][info][gc,start       ] GC(1098) Pause Young (Allocation Failure)
[4346.913s][info][gc,heap        ] GC(1098) PSYoungGen: 2617348K(2619392K)->166165K(2616320K) Eden: 2449920K(2449920K)->0K(2449920K) From: 167428K(169472K)->166165K(166400K)
[4346.913s][info][gc,heap        ] GC(1098) ParOldGen: 5038037K(5038080K)->5140933K(5140992K)
[4346.913s][info][gc,metaspace   ] GC(1098) Metaspace: 29076K(29376K)->29076K(29376K) NonClass: 25973K(26112K)->25973K(26112K) Class: 3103K(3264K)->3103K(3264K)
[4346.913s][info][gc             ] GC(1098) Pause Young (Allocation Failure) 7475M->5182M(7575M) 102.624ms
[4346.913s][info][gc,cpu         ] GC(1098) User=0.57s Sys=0.03s Real=0.10s
..[4349.088s][info][gc,start       ] GC(1099) Pause Young (Allocation Failure)
[4349.188s][info][gc,heap        ] GC(1099) PSYoungGen: 2616085K(2616320K)->156304K(2622464K) Eden: 2449920K(2449920K)->0K(2447360K) From: 166165K(166400K)->156304K(175104K)
[4349.188s][info][gc,heap        ] GC(1099) ParOldGen: 5140933K(5140992K)->5247125K(5247488K)
[4349.188s][info][gc,metaspace   ] GC(1099) Metaspace: 29076K(29376K)->29076K(29376K) NonClass: 25973K(26112K)->25973K(26112K) Class: 3103K(3264K)->3103K(3264K)
[4349.188s][info][gc             ] GC(1099) Pause Young (Allocation Failure) 7575M->5276M(7685M) 100.398ms
[4349.188s][info][gc,cpu         ] GC(1099) User=0.56s Sys=0.03s Real=0.10s
..[4351.474s][info][gc,start       ] GC(1100) Pause Young (Allocation Failure)
[4351.571s][info][gc,heap        ] GC(1100) PSYoungGen: 2603664K(2622464K)->152448K(2599936K) Eden: 2447360K(2447360K)->0K(2447360K) From: 156304K(175104K)->152448K(152576K)
[4351.571s][info][gc,heap        ] GC(1100) ParOldGen: 5247125K(5247488K)->5351525K(5351936K)
[4351.571s][info][gc,metaspace   ] GC(1100) Metaspace: 29076K(29376K)->29076K(29376K) NonClass: 25973K(26112K)->25973K(26112K) Class: 3103K(3264K)->3103K(3264K)
[4351.571s][info][gc             ] GC(1100) Pause Young (Allocation Failure) 7666M->5374M(7765M) 97.680ms
[4351.571s][info][gc,cpu         ] GC(1100) User=0.54s Sys=0.03s Real=0.10s
...|[4353.803s][info][gc,start       ] GC(1101) Pause Young (Allocation Failure)
[4353.902s][info][gc,heap        ] GC(1101) PSYoungGen: 2599808K(2599936K)->156640K(2621440K) Eden: 2447360K(2447360K)->0K(2448896K) From: 152448K(152576K)->156640K(172544K)
[4353.902s][info][gc,heap        ] GC(1101) ParOldGen: 5351525K(5351936K)->5455245K(5455360K)
[4353.902s][info][gc,metaspace   ] GC(1101) Metaspace: 29076K(29376K)->29076K(29376K) NonClass: 25973K(26112K)->25973K(26112K) Class: 3103K(3264K)->3103K(3264K)
[4353.902s][info][gc             ] GC(1101) Pause Young (Allocation Failure) 7764M->5480M(7887M) 99.115ms
[4353.902s][info][gc,cpu         ] GC(1101) User=0.55s Sys=0.03s Real=0.10s
..[4356.113s][info][gc,start       ] GC(1102) Pause Young (Allocation Failure)
[4356.213s][info][gc,heap        ] GC(1102) PSYoungGen: 2605536K(2621440K)->150304K(2619904K) Eden: 2448896K(2448896K)->0K(2448896K) From: 156640K(172544K)->150304K(171008K)
[4356.213s][info][gc,heap        ] GC(1102) ParOldGen: 5455245K(5455360K)->5558829K(5559296K)
[4356.213s][info][gc,metaspace   ] GC(1102) Metaspace: 29076K(29376K)->29076K(29376K) NonClass: 25973K(26112K)->25973K(26112K) Class: 3103K(3264K)->3103K(3264K)
[4356.213s][info][gc             ] GC(1102) Pause Young (Allocation Failure) 7871M->5575M(7987M) 99.775ms
[4356.213s][info][gc,cpu         ] GC(1102) User=0.54s Sys=0.04s Real=0.10s
..[4358.441s][info][gc,start       ] GC(1103) Pause Full (Allocation Failure)
[4358.441s][info][gc,phases,start] GC(1103) Marking Phase
[4358.755s][info][gc,phases      ] GC(1103) Marking Phase 314.362ms
[4358.755s][info][gc,phases,start] GC(1103) Summary Phase
[4358.755s][info][gc,phases      ] GC(1103) Summary Phase 0.100ms
[4358.756s][info][gc,phases,start] GC(1103) Forward
[4358.880s][info][gc,phases      ] GC(1103) Forward 123.852ms
[4358.880s][info][gc,phases,start] GC(1103) Adjust Pointers
[4359.093s][info][gc,phases      ] GC(1103) Adjust Pointers 213.569ms
[4359.093s][info][gc,phases,start] GC(1103) Compaction Phase
[4359.246s][info][gc,phases      ] GC(1103) Compaction Phase 152.525ms
[4359.248s][info][gc,phases,start] GC(1103) Post Compact
[4359.254s][info][gc,phases      ] GC(1103) Post Compact 6.886ms
[4359.379s][info][gc,heap        ] GC(1103) PSYoungGen: 2599200K(2619904K)->0K(2622976K) Eden: 2448896K(2448896K)->0K(2452480K) From: 150304K(171008K)->0K(170496K)
[4359.379s][info][gc,heap        ] GC(1103) ParOldGen: 5558829K(5559296K)->1625527K(1920512K)
[4359.379s][info][gc,metaspace   ] GC(1103) Metaspace: 29076K(29376K)->29076K(29376K) NonClass: 25973K(26112K)->25973K(26112K) Class: 3103K(3264K)->3103K(3264K)
[4359.379s][info][gc             ] GC(1103) Pause Full (Allocation Failure) 7966M->1587M(4437M) 938.373ms
[4359.379s][info][gc,cpu         ] GC(1103) User=4.45s Sys=0.12s Real=0.93s
..[4360.810s][info][gc,start       ] GC(1104) Pause Young (Allocation Failure)
[4360.882s][info][gc,heap        ] GC(1104) PSYoungGen: 2452480K(2622976K)->170464K(2622976K) Eden: 2452480K(2452480K)->0K(2452480K) From: 0K(170496K)->170464K(170496K)
[4360.882s][info][gc,heap        ] GC(1104) ParOldGen: 1625527K(1920512K)->1626055K(1920512K)
[4360.882s][info][gc,metaspace   ] GC(1104) Metaspace: 29076K(29376K)->29076K(29376K) NonClass: 25973K(26112K)->25973K(26112K) Class: 3103K(3264K)->3103K(3264K)
[4360.882s][info][gc             ] GC(1104) Pause Young (Allocation Failure) 3982M->1754M(4437M) 71.373ms
[4360.882s][info][gc,cpu         ] GC(1104) User=0.42s Sys=0.00s Real=0.07s
[4361.095s][info][gc,start       ] GC(1105) Pause Full (Diagnostic Command)
[4361.095s][info][gc,phases,start] GC(1105) Marking Phase
[4361.397s][info][gc,phases      ] GC(1105) Marking Phase 302.182ms
[4361.397s][info][gc,phases,start] GC(1105) Summary Phase
[4361.397s][info][gc,phases      ] GC(1105) Summary Phase 0.029ms
[4361.397s][info][gc,phases,start] GC(1105) Forward
[4361.520s][info][gc,phases      ] GC(1105) Forward 122.054ms
[4361.520s][info][gc,phases,start] GC(1105) Adjust Pointers
[4361.725s][info][gc,phases      ] GC(1105) Adjust Pointers 205.476ms
[4361.725s][info][gc,phases,start] GC(1105) Compaction Phase
[4361.895s][info][gc,phases      ] GC(1105) Compaction Phase 170.277ms
[4361.896s][info][gc,phases,start] GC(1105) Post Compact
[4361.898s][info][gc,phases      ] GC(1105) Post Compact 1.835ms
[4361.898s][info][gc,heap        ] GC(1105) PSYoungGen: 479252K(2622976K)->0K(2622976K) Eden: 308788K(2452480K)->0K(2452480K) From: 170464K(170496K)->0K(170496K)
[4361.898s][info][gc,heap        ] GC(1105) ParOldGen: 1626055K(1920512K)->1343727K(1920512K)
[4361.898s][info][gc,metaspace   ] GC(1105) Metaspace: 29076K(29376K)->29076K(29376K) NonClass: 25973K(26112K)->25973K(26112K) Class: 3103K(3264K)->3103K(3264K)
[4361.898s][info][gc             ] GC(1105) Pause Full (Diagnostic Command) 2055M->1312M(4437M) 803.059ms
[4361.898s][info][gc,cpu         ] GC(1105) User=4.50s Sys=0.00s Real=0.80s
..[4363.418s][info][gc,start       ] GC(1106) Pause Young (Allocation Failure)
[4363.484s][info][gc,heap        ] GC(1106) PSYoungGen: 2452480K(2622976K)->159012K(2621952K) Eden: 2452480K(2452480K)->0K(2448896K) From: 0K(170496K)->159012K(173056K)
[4363.484s][info][gc,heap        ] GC(1106) ParOldGen: 1343727K(1920512K)->1343727K(1920512K)
[4363.484s][info][gc,metaspace   ] GC(1106) Metaspace: 29076K(29376K)->29076K(29376K) NonClass: 25973K(26112K)->25973K(26112K) Class: 3103K(3264K)->3103K(3264K)
[4363.484s][info][gc             ] GC(1106) Pause Young (Allocation Failure) 3707M->1467M(4436M) 66.177ms
[4363.484s][info][gc,cpu         ] GC(1106) User=0.39s Sys=0.00s Real=0.07s
..[4365.735s][info][gc,start       ] GC(1107) Pause Young (Allocation Failure)
[4365.832s][info][gc,heap        ] GC(1107) PSYoungGen: 2607908K(2621952K)->164768K(2613760K) Eden: 2448896K(2448896K)->0K(2448896K) From: 159012K(173056K)->164768K(164864K)
[4365.832s][info][gc,heap        ] GC(1107) ParOldGen: 1343727K(1920512K)->1450740K(1920512K)
[4365.832s][info][gc,metaspace   ] GC(1107) Metaspace: 29076K(29376K)->29076K(29376K) NonClass: 25973K(26112K)->25973K(26112K) Class: 3103K(3264K)->3103K(3264K)
[4365.832s][info][gc             ] GC(1107) Pause Young (Allocation Failure) 3859M->1577M(4428M) 97.289ms
[4365.832s][info][gc,cpu         ] GC(1107) User=0.58s Sys=0.00s Real=0.10s
...[4368.007s][info][gc,start       ] GC(1108) Pause Young (Allocation Failure)
[4368.095s][info][gc,heap        ] GC(1108) PSYoungGen: 2613664K(2613760K)->144992K(2619904K) Eden: 2448896K(2448896K)->0K(2444800K) From: 164768K(164864K)->144992K(175104K)
[4368.095s][info][gc,heap        ] GC(1108) ParOldGen: 1450740K(1920512K)->1555972K(1920512K)
[4368.095s][info][gc,metaspace   ] GC(1108) Metaspace: 29076K(29376K)->29076K(29376K) NonClass: 25973K(26112K)->25973K(26112K) Class: 3103K(3264K)->3103K(3264K)
[4368.095s][info][gc             ] GC(1108) Pause Young (Allocation Failure) 3969M->1661M(4434M) 88.500ms
[4368.095s][info][gc,cpu         ] GC(1108) User=0.52s Sys=0.00s Real=0.09s
..[4370.413s][info][gc,start       ] GC(1109) Pause Young (Allocation Failure)
[4370.503s][info][gc,heap        ] GC(1109) PSYoungGen: 2589792K(2619904K)->155456K(2600448K) Eden: 2444800K(2444800K)->0K(2444800K) From: 144992K(175104K)->155456K(155648K)
[4370.503s][info][gc,heap        ] GC(1109) ParOldGen: 1555972K(1920512K)->1657076K(1920512K)
[4370.503s][info][gc,metaspace   ] GC(1109) Metaspace: 29076K(29376K)->29076K(29376K) NonClass: 25973K(26112K)->25973K(26112K) Class: 3103K(3264K)->3103K(3264K)
[4370.504s][info][gc             ] GC(1109) Pause Young (Allocation Failure) 4048M->1770M(4415M) 90.455ms
[4370.504s][info][gc,cpu         ] GC(1109) User=0.54s Sys=0.00s Real=0.09s
..[4372.709s][info][gc,start       ] GC(1110) Pause Young (Allocation Failure)
[4372.805s][info][gc,heap        ] GC(1110) PSYoungGen: 2600256K(2600448K)->158240K(2620928K) Eden: 2444800K(2444800K)->0K(2446848K) From: 155456K(155648K)->158240K(174080K)
[4372.805s][info][gc,heap        ] GC(1110) ParOldGen: 1657076K(1920512K)->1765164K(1920512K)
[4372.805s][info][gc,metaspace   ] GC(1110) Metaspace: 29076K(29376K)->29076K(29376K) NonClass: 25973K(26112K)->25973K(26112K) Class: 3103K(3264K)->3103K(3264K)
[4372.805s][info][gc             ] GC(1110) Pause Young (Allocation Failure) 4157M->1878M(4435M) 95.584ms
[4372.805s][info][gc,cpu         ] GC(1110) User=0.56s Sys=0.00s Real=0.10s
...[4375.032s][info][gc,start       ] GC(1111) Pause Young (Allocation Failure)
[4375.122s][info][gc,heap        ] GC(1111) PSYoungGen: 2605088K(2620928K)->149184K(2619392K) Eden: 2446848K(2446848K)->0K(2446848K) From: 158240K(174080K)->149184K(172544K)
[4375.122s][info][gc,heap        ] GC(1111) ParOldGen: 1765164K(1920512K)->1866836K(1920512K)
[4375.122s][info][gc,metaspace   ] GC(1111) Metaspace: 29076K(29376K)->29076K(29376K) NonClass: 25973K(26112K)->25973K(26112K) Class: 3103K(3264K)->3103K(3264K)
[4375.122s][info][gc             ] GC(1111) Pause Young (Allocation Failure) 4267M->1968M(4433M) 89.676ms
[4375.122s][info][gc,cpu         ] GC(1111) User=0.53s Sys=0.00s Real=0.09s
..[4377.378s][info][gc,start       ] GC(1112) Pause Young (Allocation Failure)
[4377.477s][info][gc,heap        ] GC(1112) PSYoungGen: 2596032K(2619392K)->161520K(2621440K) Eden: 2446848K(2446848K)->0K(2448896K) From: 149184K(172544K)->161520K(172544K)
[4377.477s][info][gc,heap        ] GC(1112) ParOldGen: 1866836K(1920512K)->1971908K(1972224K)
[4377.477s][info][gc,metaspace   ] GC(1112) Metaspace: 29076K(29376K)->29076K(29376K) NonClass: 25973K(26112K)->25973K(26112K) Class: 3103K(3264K)->3103K(3264K)
[4377.477s][info][gc             ] GC(1112) Pause Young (Allocation Failure) 4358M->2083M(4486M) 99.023ms
[4377.477s][info][gc,cpu         ] GC(1112) User=0.57s Sys=0.02s Real=0.10s
..[4379.684s][info][gc,start       ] GC(1113) Pause Young (Allocation Failure)
[4379.783s][info][gc,heap        ] GC(1113) PSYoungGen: 2610416K(2621440K)->157234K(2621952K) Eden: 2448896K(2448896K)->0K(2448896K) From: 161520K(172544K)->157234K(173056K)
[4379.783s][info][gc,heap        ] GC(1113) ParOldGen: 1971908K(1972224K)->2076652K(2076672K)
[4379.783s][info][gc,metaspace   ] GC(1113) Metaspace: 29076K(29376K)->29076K(29376K) NonClass: 25973K(26112K)->25973K(26112K) Class: 3103K(3264K)->3103K(3264K)
[4379.783s][info][gc             ] GC(1113) Pause Young (Allocation Failure) 4474M->2181M(4588M) 99.278ms
[4379.783s][info][gc,cpu         ] GC(1113) User=0.57s Sys=0.01s Real=0.10s
...[4381.998s][info][gc,start       ] GC(1114) Pause Young (Allocation Failure)
[4382.091s][info][gc,heap        ] GC(1114) PSYoungGen: 2606130K(2621952K)->146400K(2621440K) Eden: 2448896K(2448896K)->0K(2449920K) From: 157234K(173056K)->146400K(171520K)
[4382.091s][info][gc,heap        ] GC(1114) ParOldGen: 2076652K(2076672K)->2180636K(2181120K)
[4382.091s][info][gc,metaspace   ] GC(1114) Metaspace: 29076K(29376K)->29076K(29376K) NonClass: 25973K(26112K)->25973K(26112K) Class: 3103K(3264K)->3103K(3264K)
[4382.091s][info][gc             ] GC(1114) Pause Young (Allocation Failure) 4573M->2272M(4690M) 93.175ms
[4382.091s][info][gc,cpu         ] GC(1114) User=0.51s Sys=0.03s Real=0.10s
..[4384.386s][info][gc,start       ] GC(1115) Pause Young (Allocation Failure)
[4384.487s][info][gc,heap        ] GC(1115) PSYoungGen: 2596320K(2621440K)->160416K(2621952K) Eden: 2449920K(2449920K)->0K(2449920K) From: 146400K(171520K)->160416K(172032K)
[4384.487s][info][gc,heap        ] GC(1115) ParOldGen: 2180636K(2181120K)->2284324K(2284544K)
[4384.487s][info][gc,metaspace   ] GC(1115) Metaspace: 29076K(29376K)->29076K(29376K) NonClass: 25973K(26112K)->25973K(26112K) Class: 3103K(3264K)->3103K(3264K)
[4384.487s][info][gc             ] GC(1115) Pause Young (Allocation Failure) 4664M->2387M(4791M) 100.375ms
[4384.487s][info][gc,cpu         ] GC(1115) User=0.56s Sys=0.04s Real=0.10s
..[4386.754s][info][gc,start       ] GC(1116) Pause Young (Allocation Failure)
[4386.857s][info][gc,heap        ] GC(1116) PSYoungGen: 2610336K(2621952K)->166868K(2618880K) Eden: 2449920K(2449920K)->0K(2446848K) From: 160416K(172032K)->166868K(172032K)
[4386.857s][info][gc,heap        ] GC(1116) ParOldGen: 2284324K(2284544K)->2389636K(2390016K)
[4386.857s][info][gc,metaspace   ] GC(1116) Metaspace: 29076K(29376K)->29076K(29376K) NonClass: 25973K(26112K)->25973K(26112K) Class: 3103K(3264K)->3103K(3264K)
[4386.857s][info][gc             ] GC(1116) Pause Young (Allocation Failure) 4779M->2496M(4891M) 102.261ms
[4386.857s][info][gc,cpu         ] GC(1116) User=0.56s Sys=0.04s Real=0.10s
...[4389.129s][info][gc,start       ] GC(1117) Pause Young (Allocation Failure)
[4389.224s][info][gc,heap        ] GC(1117) PSYoungGen: 2613716K(2618880K)->150816K(2621440K) Eden: 2446848K(2446848K)->0K(2446848K) From: 166868K(172032K)->150816K(174592K)
[4389.224s][info][gc,heap        ] GC(1117) ParOldGen: 2389636K(2390016K)->2493340K(2493440K)
[4389.224s][info][gc,metaspace   ] GC(1117) Metaspace: 29076K(29376K)->29076K(29376K) NonClass: 25973K(26112K)->25973K(26112K) Class: 3103K(3264K)->3103K(3264K)
[4389.224s][info][gc             ] GC(1117) Pause Young (Allocation Failure) 4886M->2582M(4995M) 94.827ms
[4389.224s][info][gc,cpu         ] GC(1117) User=0.53s Sys=0.03s Real=0.10s
..[4391.504s][info][gc,start       ] GC(1118) Pause Young (Allocation Failure)
[4391.606s][info][gc,heap        ] GC(1118) PSYoungGen: 2597664K(2621440K)->166288K(2618368K) Eden: 2446848K(2446848K)->0K(2444800K) From: 150816K(174592K)->166288K(173568K)
[4391.606s][info][gc,heap        ] GC(1118) ParOldGen: 2493340K(2493440K)->2599012K(2599424K)
[4391.606s][info][gc,metaspace   ] GC(1118) Metaspace: 29076K(29376K)->29076K(29376K) NonClass: 25973K(26112K)->25973K(26112K) Class: 3103K(3264K)->3103K(3264K)
[4391.606s][info][gc             ] GC(1118) Pause Young (Allocation Failure) 4971M->2700M(5095M) 102.277ms
[4391.606s][info][gc,cpu         ] GC(1118) User=0.56s Sys=0.04s Real=0.10s
..[4393.845s][info][gc,start       ] GC(1119) Pause Young (Allocation Failure)
[4393.941s][info][gc,heap        ] GC(1119) PSYoungGen: 2611088K(2618368K)->149984K(2620416K) Eden: 2444800K(2444800K)->0K(2444800K) From: 166288K(173568K)->149984K(175616K)
[4393.941s][info][gc,heap        ] GC(1119) ParOldGen: 2599012K(2599424K)->2703916K(2704384K)
[4393.941s][info][gc,metaspace   ] GC(1119) Metaspace: 29076K(29376K)->29076K(29376K) NonClass: 25973K(26112K)->25973K(26112K) Class: 3103K(3264K)->3103K(3264K)
[4393.941s][info][gc             ] GC(1119) Pause Young (Allocation Failure) 5087M->2787M(5200M) 96.059ms
[4393.941s][info][gc,cpu         ] GC(1119) User=0.53s Sys=0.03s Real=0.10s
...[4396.140s][info][gc,start       ] GC(1120) Pause Young (Allocation Failure)
[4396.238s][info][gc,heap        ] GC(1120) PSYoungGen: 2594784K(2620416K)->153712K(2617856K) Eden: 2444800K(2444800K)->0K(2445312K) From: 149984K(175616K)->153712K(172544K)
[4396.238s][info][gc,heap        ] GC(1120) ParOldGen: 2703916K(2704384K)->2808716K(2808832K)
[4396.238s][info][gc,metaspace   ] GC(1120) Metaspace: 29076K(29376K)->29076K(29376K) NonClass: 25973K(26112K)->25973K(26112K) Class: 3103K(3264K)->3103K(3264K)
[4396.238s][info][gc             ] GC(1120) Pause Young (Allocation Failure) 5174M->2892M(5299M) 97.912ms
[4396.238s][info][gc,cpu         ] GC(1120) User=0.55s Sys=0.03s Real=0.09s
..[4398.480s][info][gc,start       ] GC(1121) Pause Young (Allocation Failure)
[4398.577s][info][gc,heap        ] GC(1121) PSYoungGen: 2599024K(2617856K)->155712K(2619392K) Eden: 2445312K(2445312K)->0K(2445312K) From: 153712K(172544K)->155712K(174080K)
[4398.577s][info][gc,heap        ] GC(1121) ParOldGen: 2808716K(2808832K)->2911492K(2911744K)
[4398.577s][info][gc,metaspace   ] GC(1121) Metaspace: 29076K(29376K)->29076K(29376K) NonClass: 25973K(26112K)->25973K(26112K) Class: 3103K(3264K)->3103K(3264K)
[4398.577s][info][gc             ] GC(1121) Pause Young (Allocation Failure) 5280M->2995M(5401M) 96.546ms
[4398.577s][info][gc,cpu         ] GC(1121) User=0.53s Sys=0.03s Real=0.09s
..[4400.798s][info][gc,start       ] GC(1122) Pause Young (Allocation Failure)
[4400.899s][info][gc,heap        ] GC(1122) PSYoungGen: 2601024K(2619392K)->161029K(2621952K) Eden: 2445312K(2445312K)->0K(2449408K) From: 155712K(174080K)->161029K(172544K)
[4400.899s][info][gc,heap        ] GC(1122) ParOldGen: 2911492K(2911744K)->3017380K(3017728K)
[4400.899s][info][gc,metaspace   ] GC(1122) Metaspace: 29076K(29376K)->29076K(29376K) NonClass: 25973K(26112K)->25973K(26112K) Class: 3103K(3264K)->3103K(3264K)
[4400.899s][info][gc             ] GC(1122) Pause Young (Allocation Failure) 5383M->3103M(5507M) 101.690ms
[4400.899s][info][gc,cpu         ] GC(1122) User=0.57s Sys=0.03s Real=0.10s
...[4403.138s][info][gc,start       ] GC(1123) Pause Young (Allocation Failure)
[4403.233s][info][gc,heap        ] GC(1123) PSYoungGen: 2610437K(2621952K)->150816K(2621952K) Eden: 2449408K(2449408K)->0K(2449408K) From: 161029K(172544K)->150816K(172544K)
[4403.233s][info][gc,heap        ] GC(1123) ParOldGen: 3017380K(3017728K)->3120388K(3120640K)
[4403.233s][info][gc,metaspace   ] GC(1123) Metaspace: 29076K(29376K)->29076K(29376K) NonClass: 25973K(26112K)->25973K(26112K) Class: 3103K(3264K)->3103K(3264K)
[4403.233s][info][gc             ] GC(1123) Pause Young (Allocation Failure) 5495M->3194M(5608M) 94.933ms
[4403.233s][info][gc,cpu         ] GC(1123) User=0.53s Sys=0.04s Real=0.10s
..[4405.471s][info][gc,start       ] GC(1124) Pause Young (Allocation Failure)
[4405.571s][info][gc,heap        ] GC(1124) PSYoungGen: 2600224K(2621952K)->162816K(2621952K) Eden: 2449408K(2449408K)->0K(2449920K) From: 150816K(172544K)->162816K(172032K)
[4405.571s][info][gc,heap        ] GC(1124) ParOldGen: 3120388K(3120640K)->3224716K(3225088K)
[4405.571s][info][gc,metaspace   ] GC(1124) Metaspace: 29076K(29376K)->29076K(29376K) NonClass: 25973K(26112K)->25973K(26112K) Class: 3103K(3264K)->3103K(3264K)
[4405.571s][info][gc             ] GC(1124) Pause Young (Allocation Failure) 5586M->3308M(5710M) 100.423ms
[4405.571s][info][gc,cpu         ] GC(1124) User=0.56s Sys=0.04s Real=0.10s
..[4407.817s][info][gc,start       ] GC(1125) Pause Young (Allocation Failure)
[4407.915s][info][gc,heap        ] GC(1125) PSYoungGen: 2612736K(2621952K)->155136K(2605056K) Eden: 2449920K(2449920K)->0K(2449920K) From: 162816K(172032K)->155136K(155136K)
[4407.915s][info][gc,heap        ] GC(1125) ParOldGen: 3224716K(3225088K)->3330604K(3331072K)
[4407.915s][info][gc,metaspace   ] GC(1125) Metaspace: 29076K(29376K)->29076K(29376K) NonClass: 25973K(26112K)->25973K(26112K) Class: 3103K(3264K)->3103K(3264K)
[4407.915s][info][gc             ] GC(1125) Pause Young (Allocation Failure) 5700M->3404M(5797M) 97.671ms
[4407.915s][info][gc,cpu         ] GC(1125) User=0.55s Sys=0.03s Real=0.10s
...[4410.145s][info][gc,start       ] GC(1126) Pause Young (Allocation Failure)
[4410.246s][info][gc,heap        ] GC(1126) PSYoungGen: 2605056K(2605056K)->162112K(2621952K) Eden: 2449920K(2449920K)->0K(2450432K) From: 155136K(155136K)->162112K(171520K)
[4410.246s][info][gc,heap        ] GC(1126) ParOldGen: 3330604K(3331072K)->3433996K(3434496K)
[4410.246s][info][gc,metaspace   ] GC(1126) Metaspace: 29076K(29376K)->29076K(29376K) NonClass: 25973K(26112K)->25973K(26112K) Class: 3103K(3264K)->3103K(3264K)
[4410.246s][info][gc             ] GC(1126) Pause Young (Allocation Failure) 5796M->3511M(5914M) 100.957ms
[4410.246s][info][gc,cpu         ] GC(1126) User=0.57s Sys=0.02s Real=0.10s
..[4412.529s][info][gc,start       ] GC(1127) Pause Young (Allocation Failure)
[4412.626s][info][gc,heap        ] GC(1127) PSYoungGen: 2612544K(2621952K)->155456K(2622464K) Eden: 2450432K(2450432K)->0K(2450432K) From: 162112K(171520K)->155456K(172032K)
[4412.626s][info][gc,heap        ] GC(1127) ParOldGen: 3433996K(3434496K)->3538020K(3538432K)
[4412.626s][info][gc,metaspace   ] GC(1127) Metaspace: 29076K(29376K)->29076K(29376K) NonClass: 25973K(26112K)->25973K(26112K) Class: 3103K(3264K)->3103K(3264K)
[4412.626s][info][gc             ] GC(1127) Pause Young (Allocation Failure) 5904M->3606M(6016M) 97.429ms
[4412.626s][info][gc,cpu         ] GC(1127) User=0.53s Sys=0.04s Real=0.10s
.. (rIR:aIR:PR = 7334:7324:7324) (tPR = 108788) [OK] 
  4413s: Performance info:
         Transaction,    Success,    Partial,     Failed,   Receipts, AvgBarcode, 
             Overall,     442817,          0,          0,     420665,      59.48, 
         Response times:
             Request,    Success,    Partial,     Failed,   SkipFail,     Probes,    Samples,      min,      p50,      p90,      p95,      p99,      max, 
       TotalPurchase,     420669,          0,          0,          0,     351928,     419394,      300,     5400,    21000,    50000,   183000,  1200000,
     InStorePurchase,     220899,          0,          0,          0,     185136,     220526,      300,     5200,    19500,    52000,   300000,  1200000,
      OnlinePurchase,     155335,          0,          0,          0,     129395,     153862,      300,     5700,    22000,    55000,   163000,  1200000,
        InstPurchase,      44435,          0,          0,          0,      37397,      45006,      400,     5700,    19230,    49000,   234000,  1100000,
          AssocOfCat,        442,          0,          0,          0,        349,        489,    21000,    37000,    68000,   103500,   178600,   207000,
      AssocOfProduct,       4442,          0,          0,          0,       4018,       5046,      600,     7500,    33000,    73300,   247000,  1100000,
      BusinessReport,       1106,          0,          0,          0,        951,       1250,    28000,    49000,    96900,   149000,   257840,  1100000,
          CustBuyBeh,       4431,          0,          0,          0,       4012,       4959,      200,     5200,    17300,    53000,   284000,  1100000,
       ProductReturn,      11731,          0,          0,          0,       9777,      11883,      300,     5600,    21000,    58000,   288000,  1100000,

  4413s: (54%)   IR =   7472 [4414.885s][info][gc,start       ] GC(1128) Pause Young (Allocation Failure)
[4414.984s][info][gc,heap        ] GC(1128) PSYoungGen: 2605888K(2622464K)->155600K(2622464K) Eden: 2450432K(2450432K)->0K(2452992K) From: 155456K(172032K)->155600K(169472K)
[4414.984s][info][gc,heap        ] GC(1128) ParOldGen: 3538020K(3538432K)->3644404K(3644416K)
[4414.984s][info][gc,metaspace   ] GC(1128) Metaspace: 29076K(29376K)->29076K(29376K) NonClass: 25973K(26112K)->25973K(26112K) Class: 3103K(3264K)->3103K(3264K)
[4414.984s][info][gc             ] GC(1128) Pause Young (Allocation Failure) 5999M->3710M(6120M) 98.662ms
[4414.984s][info][gc,cpu         ] GC(1128) User=0.55s Sys=0.04s Real=0.10s
...[4417.134s][info][gc,start       ] GC(1129) Pause Young (Allocation Failure)
[4417.230s][info][gc,heap        ] GC(1129) PSYoungGen: 2608592K(2622464K)->148032K(2622976K) Eden: 2452992K(2452992K)->0K(2452992K) From: 155600K(169472K)->148032K(169984K)
[4417.230s][info][gc,heap        ] GC(1129) ParOldGen: 3644404K(3644416K)->3748540K(3748864K)
[4417.230s][info][gc,metaspace   ] GC(1129) Metaspace: 29076K(29376K)->29076K(29376K) NonClass: 25973K(26112K)->25973K(26112K) Class: 3103K(3264K)->3103K(3264K)
[4417.230s][info][gc             ] GC(1129) Pause Young (Allocation Failure) 6106M->3805M(6222M) 95.376ms
[4417.230s][info][gc,cpu         ] GC(1129) User=0.52s Sys=0.05s Real=0.09s
..[4419.368s][info][gc,start       ] GC(1130) Pause Young (Allocation Failure)
[4419.464s][info][gc,heap        ] GC(1130) PSYoungGen: 2601024K(2622976K)->151072K(2625024K) Eden: 2452992K(2452992K)->0K(2456064K) From: 148032K(169984K)->151072K(168960K)
[4419.464s][info][gc,heap        ] GC(1130) ParOldGen: 3748540K(3748864K)->3852708K(3852800K)
[4419.464s][info][gc,metaspace   ] GC(1130) Metaspace: 29076K(29376K)->29076K(29376K) NonClass: 25973K(26112K)->25973K(26112K) Class: 3103K(3264K)->3103K(3264K)
[4419.464s][info][gc             ] GC(1130) Pause Young (Allocation Failure) 6200M->3909M(6326M) 96.126ms
[4419.464s][info][gc,cpu         ] GC(1130) User=0.53s Sys=0.03s Real=0.10s
..[4421.689s][info][gc,start       ] GC(1131) Pause Young (Allocation Failure)
[4421.795s][info][gc,heap        ] GC(1131) PSYoungGen: 2607136K(2625024K)->169456K(2625536K) Eden: 2456064K(2456064K)->0K(2456064K) From: 151072K(168960K)->169456K(169472K)
[4421.795s][info][gc,heap        ] GC(1131) ParOldGen: 3852708K(3852800K)->3957068K(3957248K)
[4421.795s][info][gc,metaspace   ] GC(1131) Metaspace: 29076K(29376K)->29076K(29376K) NonClass: 25973K(26112K)->25973K(26112K) Class: 3103K(3264K)->3103K(3264K)
[4421.795s][info][gc             ] GC(1131) Pause Young (Allocation Failure) 6308M->4029M(6428M) 105.559ms
[4421.795s][info][gc,cpu         ] GC(1131) User=0.58s Sys=0.04s Real=0.11s
..[4424.013s][info][gc,start       ] GC(1132) Pause Young (Allocation Failure)
[4424.113s][info][gc,heap        ] GC(1132) PSYoungGen: 2625520K(2625536K)->153665K(2546688K) Eden: 2456064K(2456064K)->0K(2376192K) From: 169456K(169472K)->153665K(170496K)
[4424.113s][info][gc,heap        ] GC(1132) ParOldGen: 3957068K(3957248K)->4061948K(4062208K)
[4424.113s][info][gc,metaspace   ] GC(1132) Metaspace: 29076K(29376K)->29076K(29376K) NonClass: 25973K(26112K)->25973K(26112K) Class: 3103K(3264K)->3103K(3264K)
[4424.113s][info][gc             ] GC(1132) Pause Young (Allocation Failure) 6428M->4116M(6454M) 99.965ms
[4424.113s][info][gc,cpu         ] GC(1132) User=0.56s Sys=0.02s Real=0.10s
..|.[4426.219s][info][gc,start       ] GC(1133) Pause Young (Allocation Failure)
[4426.317s][info][gc,heap        ] GC(1133) PSYoungGen: 2529857K(2546688K)->151424K(2586112K) Eden: 2376192K(2376192K)->0K(2376192K) From: 153665K(170496K)->151424K(209920K)
[4426.317s][info][gc,heap        ] GC(1133) ParOldGen: 4061948K(4062208K)->4168180K(4168192K)
[4426.317s][info][gc,metaspace   ] GC(1133) Metaspace: 29076K(29376K)->29076K(29376K) NonClass: 25973K(26112K)->25973K(26112K) Class: 3103K(3264K)->3103K(3264K)
[4426.317s][info][gc             ] GC(1133) Pause Young (Allocation Failure) 6437M->4218M(6596M) 98.115ms
[4426.317s][info][gc,cpu         ] GC(1133) User=0.54s Sys=0.03s Real=0.10s
..[4428.483s][info][gc,start       ] GC(1134) Pause Young (Allocation Failure)
[4428.586s][info][gc,heap        ] GC(1134) PSYoungGen: 2527616K(2586112K)->164389K(2575872K) Eden: 2376192K(2376192K)->0K(2378240K) From: 151424K(209920K)->164389K(197632K)
[4428.586s][info][gc,heap        ] GC(1134) ParOldGen: 4168180K(4168192K)->4267972K(4268032K)
[4428.586s][info][gc,metaspace   ] GC(1134) Metaspace: 29076K(29376K)->29076K(29376K) NonClass: 25973K(26112K)->25973K(26112K) Class: 3103K(3264K)->3103K(3264K)
[4428.586s][info][gc             ] GC(1134) Pause Young (Allocation Failure) 6538M->4328M(6683M) 102.541ms
[4428.586s][info][gc,cpu         ] GC(1134) User=0.58s Sys=0.04s Real=0.10s
..[4430.694s][info][gc,start       ] GC(1135) Pause Young (Allocation Failure)
[4430.795s][info][gc,heap        ] GC(1135) PSYoungGen: 2542629K(2575872K)->159924K(2582016K) Eden: 2378240K(2378240K)->0K(2378240K) From: 164389K(197632K)->159924K(203776K)
[4430.795s][info][gc,heap        ] GC(1135) ParOldGen: 4267972K(4268032K)->4372772K(4372992K)
[4430.795s][info][gc,metaspace   ] GC(1135) Metaspace: 29076K(29376K)->29076K(29376K) NonClass: 25973K(26112K)->25973K(26112K) Class: 3103K(3264K)->3103K(3264K)
[4430.795s][info][gc             ] GC(1135) Pause Young (Allocation Failure) 6650M->4426M(6792M) 101.324ms
[4430.795s][info][gc,cpu         ] GC(1135) User=0.57s Sys=0.04s Real=0.10s
..[4432.942s][info][gc,start       ] GC(1136) Pause Young (Allocation Failure)
[4433.038s][info][gc,heap        ] GC(1136) PSYoungGen: 2538164K(2582016K)->152112K(2586112K) Eden: 2378240K(2378240K)->0K(2391552K) From: 159924K(203776K)->152112K(194560K)
[4433.038s][info][gc,heap        ] GC(1136) ParOldGen: 4372772K(4372992K)->4473412K(4473856K)
[4433.038s][info][gc,metaspace   ] GC(1136) Metaspace: 29076K(29376K)->29076K(29376K) NonClass: 25973K(26112K)->25973K(26112K) Class: 3103K(3264K)->3103K(3264K)
[4433.038s][info][gc             ] GC(1136) Pause Young (Allocation Failure) 6748M->4517M(6894M) 96.458ms
[4433.038s][info][gc,cpu         ] GC(1136) User=0.54s Sys=0.03s Real=0.09s
..[4435.111s][info][gc,start       ] GC(1137) Pause Young (Allocation Failure)
[4435.207s][info][gc,heap        ] GC(1137) PSYoungGen: 2543664K(2586112K)->148373K(2590720K) Eden: 2391552K(2391552K)->0K(2391552K) From: 152112K(194560K)->148373K(199168K)
[4435.207s][info][gc,heap        ] GC(1137) ParOldGen: 4473412K(4473856K)->4579276K(4579328K)
[4435.207s][info][gc,metaspace   ] GC(1137) Metaspace: 29076K(29376K)->29076K(29376K) NonClass: 25973K(26112K)->25973K(26112K) Class: 3103K(3264K)->3103K(3264K)
[4435.207s][info][gc             ] GC(1137) Pause Young (Allocation Failure) 6852M->4616M(7002M) 96.112ms
[4435.207s][info][gc,cpu         ] GC(1137) User=0.54s Sys=0.04s Real=0.09s
...[4437.389s][info][gc,start       ] GC(1138) Pause Young (Allocation Failure)
[4437.490s][info][gc,heap        ] GC(1138) PSYoungGen: 2539925K(2590720K)->163353K(2590208K) Eden: 2391552K(2391552K)->0K(2399232K) From: 148373K(199168K)->163353K(190976K)
[4437.490s][info][gc,heap        ] GC(1138) ParOldGen: 4579276K(4579328K)->4679620K(4679680K)
[4437.490s][info][gc,metaspace   ] GC(1138) Metaspace: 29076K(29376K)->29076K(29376K) NonClass: 25973K(26112K)->25973K(26112K) Class: 3103K(3264K)->3103K(3264K)
[4437.490s][info][gc             ] GC(1138) Pause Young (Allocation Failure) 6952M->4729M(7099M) 101.133ms
[4437.490s][info][gc,cpu         ] GC(1138) User=0.57s Sys=0.03s Real=0.11s
..[4439.642s][info][gc,start       ] GC(1139) Pause Young (Allocation Failure)
[4439.740s][info][gc,heap        ] GC(1139) PSYoungGen: 2562585K(2590208K)->154272K(2594304K) Eden: 2399232K(2399232K)->0K(2399232K) From: 163353K(190976K)->154272K(195072K)
[4439.740s][info][gc,heap        ] GC(1139) ParOldGen: 4679620K(4679680K)->4783132K(4783616K)
[4439.740s][info][gc,metaspace   ] GC(1139) Metaspace: 29077K(29376K)->29077K(29376K) NonClass: 25974K(26112K)->25974K(26112K) Class: 3103K(3264K)->3103K(3264K)
[4439.740s][info][gc             ] GC(1139) Pause Young (Allocation Failure) 7072M->4821M(7205M) 98.023ms
[4439.740s][info][gc,cpu         ] GC(1139) User=0.55s Sys=0.03s Real=0.09s
..[4441.875s][info][gc,start       ] GC(1140) Pause Young (Allocation Failure)
[4441.971s][info][gc,heap        ] GC(1140) PSYoungGen: 2553504K(2594304K)->147072K(2596864K) Eden: 2399232K(2399232K)->0K(2407936K) From: 154272K(195072K)->147072K(188928K)
[4441.971s][info][gc,heap        ] GC(1140) ParOldGen: 4783132K(4783616K)->4887436K(4887552K)
[4441.971s][info][gc,metaspace   ] GC(1140) Metaspace: 29077K(29376K)->29077K(29376K) NonClass: 25974K(26112K)->25974K(26112K) Class: 3103K(3264K)->3103K(3264K)
[4441.971s][info][gc             ] GC(1140) Pause Young (Allocation Failure) 7164M->4916M(7309M) 95.615ms
[4441.971s][info][gc,cpu         ] GC(1140) User=0.54s Sys=0.03s Real=0.10s
..[4444.120s][info][gc,start       ] GC(1141) Pause Young (Allocation Failure)
[4444.217s][info][gc,heap        ] GC(1141) PSYoungGen: 2555008K(2596864K)->148416K(2599936K) Eden: 2407936K(2407936K)->0K(2407936K) From: 147072K(188928K)->148416K(192000K)
[4444.217s][info][gc,heap        ] GC(1141) ParOldGen: 4887436K(4887552K)->4992156K(4992512K)
[4444.217s][info][gc,metaspace   ] GC(1141) Metaspace: 29077K(29376K)->29077K(29376K) NonClass: 25974K(26112K)->25974K(26112K) Class: 3103K(3264K)->3103K(3264K)
[4444.217s][info][gc             ] GC(1141) Pause Young (Allocation Failure) 7268M->5020M(7414M) 96.412ms
[4444.217s][info][gc,cpu         ] GC(1141) User=0.53s Sys=0.03s Real=0.09s
...[4446.317s][info][gc,start       ] GC(1142) Pause Young (Allocation Failure)
[4446.425s][info][gc,heap        ] GC(1142) PSYoungGen: 2556352K(2599936K)->167465K(2603520K) Eden: 2407936K(2407936K)->0K(2413568K) From: 148416K(192000K)->167465K(189952K)
[4446.425s][info][gc,heap        ] GC(1142) ParOldGen: 4992156K(4992512K)->5096460K(5096960K)
[4446.425s][info][gc,metaspace   ] GC(1142) Metaspace: 29077K(29376K)->29077K(29376K) NonClass: 25974K(26112K)->25974K(26112K) Class: 3103K(3264K)->3103K(3264K)
[4446.425s][info][gc             ] GC(1142) Pause Young (Allocation Failure) 7371M->5140M(7520M) 108.386ms
[4446.425s][info][gc,cpu         ] GC(1142) User=0.60s Sys=0.04s Real=0.11s
..[4448.587s][info][gc,start       ] GC(1143) Pause Young (Allocation Failure)
[4448.687s][info][gc,heap        ] GC(1143) PSYoungGen: 2581033K(2603520K)->155234K(2569216K) Eden: 2413568K(2413568K)->0K(2413568K) From: 167465K(189952K)->155234K(155648K)
[4448.687s][info][gc,heap        ] GC(1143) ParOldGen: 5096460K(5096960K)->5199444K(5199872K)
[4448.687s][info][gc,metaspace   ] GC(1143) Metaspace: 29077K(29376K)->29077K(29376K) NonClass: 25974K(26112K)->25974K(26112K) Class: 3103K(3264K)->3103K(3264K)
[4448.687s][info][gc             ] GC(1143) Pause Young (Allocation Failure) 7497M->5229M(7587M) 99.823ms
[4448.687s][info][gc,cpu         ] GC(1143) User=0.56s Sys=0.03s Real=0.10s
..[4450.799s][info][gc,start       ] GC(1144) Pause Young (Allocation Failure)
[4450.901s][info][gc,heap        ] GC(1144) PSYoungGen: 2568802K(2569216K)->159301K(2606080K) Eden: 2413568K(2413568K)->0K(2417664K) From: 155234K(155648K)->159301K(188416K)
[4450.901s][info][gc,heap        ] GC(1144) ParOldGen: 5199444K(5199872K)->5301972K(5302272K)
[4450.901s][info][gc,metaspace   ] GC(1144) Metaspace: 29077K(29376K)->29077K(29376K) NonClass: 25974K(26112K)->25974K(26112K) Class: 3103K(3264K)->3103K(3264K)
[4450.901s][info][gc             ] GC(1144) Pause Young (Allocation Failure) 7586M->5333M(7723M) 101.726ms
[4450.901s][info][gc,cpu         ] GC(1144) User=0.57s Sys=0.03s Real=0.11s
..[4453.113s][info][gc,start       ] GC(1145) Pause Young (Allocation Failure)
[4453.215s][info][gc,heap        ] GC(1145) PSYoungGen: 2576965K(2606080K)->160453K(2603520K) Eden: 2417664K(2417664K)->0K(2417664K) From: 159301K(188416K)->160453K(185856K)
[4453.215s][info][gc,heap        ] GC(1145) ParOldGen: 5301972K(5302272K)->5402852K(5403136K)
[4453.215s][info][gc,metaspace   ] GC(1145) Metaspace: 29077K(29376K)->29077K(29376K) NonClass: 25974K(26112K)->25974K(26112K) Class: 3103K(3264K)->3103K(3264K)
[4453.215s][info][gc             ] GC(1145) Pause Young (Allocation Failure) 7694M->5432M(7819M) 101.513ms
[4453.215s][info][gc,cpu         ] GC(1145) User=0.57s Sys=0.04s Real=0.10s
...[4455.410s][info][gc,start       ] GC(1146) Pause Young (Allocation Failure)
[4455.508s][info][gc,heap        ] GC(1146) PSYoungGen: 2578117K(2603520K)->150208K(2606592K) Eden: 2417664K(2417664K)->0K(2422784K) From: 160453K(185856K)->150208K(183808K)
[4455.508s][info][gc,heap        ] GC(1146) ParOldGen: 5402852K(5403136K)->5508124K(5508608K)
[4455.508s][info][gc,metaspace   ] GC(1146) Metaspace: 29077K(29376K)->29077K(29376K) NonClass: 25974K(26112K)->25974K(26112K) Class: 3103K(3264K)->3103K(3264K)
[4455.508s][info][gc             ] GC(1146) Pause Young (Allocation Failure) 7793M->5525M(7925M) 98.555ms
[4455.508s][info][gc,cpu         ] GC(1146) User=0.56s Sys=0.02s Real=0.10s
..[4457.663s][info][gc,start       ] GC(1147) Pause Full (Allocation Failure)
[4457.663s][info][gc,phases,start] GC(1147) Marking Phase
[4457.973s][info][gc,phases      ] GC(1147) Marking Phase 310.436ms
[4457.973s][info][gc,phases,start] GC(1147) Summary Phase
[4457.974s][info][gc,phases      ] GC(1147) Summary Phase 0.106ms
[4457.974s][info][gc,phases,start] GC(1147) Forward
[4458.100s][info][gc,phases      ] GC(1147) Forward 126.408ms
[4458.100s][info][gc,phases,start] GC(1147) Adjust Pointers
[4458.311s][info][gc,phases      ] GC(1147) Adjust Pointers 211.416ms
[4458.311s][info][gc,phases,start] GC(1147) Compaction Phase
[4458.461s][info][gc,phases      ] GC(1147) Compaction Phase 149.789ms
[4458.463s][info][gc,phases,start] GC(1147) Post Compact
[4458.470s][info][gc,phases      ] GC(1147) Post Compact 6.844ms
[4458.596s][info][gc,heap        ] GC(1147) PSYoungGen: 2572992K(2606592K)->0K(2605568K) Eden: 2422784K(2422784K)->0K(2422784K) From: 150208K(183808K)->0K(182784K)
[4458.596s][info][gc,heap        ] GC(1147) ParOldGen: 5508124K(5508608K)->1614528K(1916928K)
[4458.596s][info][gc,metaspace   ] GC(1147) Metaspace: 29077K(29376K)->29077K(29376K) NonClass: 25974K(26112K)->25974K(26112K) Class: 3103K(3264K)->3103K(3264K)
[4458.596s][info][gc             ] GC(1147) Pause Full (Allocation Failure) 7891M->1576M(4416M) 933.238ms
[4458.596s][info][gc,cpu         ] GC(1147) User=4.36s Sys=0.12s Real=0.93s
..[4460.008s][info][gc,start       ] GC(1148) Pause Young (Allocation Failure)
[4460.073s][info][gc,heap        ] GC(1148) PSYoungGen: 2422784K(2605568K)->157936K(2609152K) Eden: 2422784K(2422784K)->0K(2430464K) From: 0K(182784K)->157936K(178688K)
[4460.073s][info][gc,heap        ] GC(1148) ParOldGen: 1614528K(1916928K)->1614528K(1916928K)
[4460.073s][info][gc,metaspace   ] GC(1148) Metaspace: 29077K(29376K)->29077K(29376K) NonClass: 25974K(26112K)->25974K(26112K) Class: 3103K(3264K)->3103K(3264K)
[4460.073s][info][gc             ] GC(1148) Pause Young (Allocation Failure) 3942M->1730M(4420M) 64.671ms
[4460.073s][info][gc,cpu         ] GC(1148) User=0.38s Sys=0.00s Real=0.07s
..[4462.221s][info][gc,start       ] GC(1149) Pause Young (Allocation Failure)
[4462.309s][info][gc,heap        ] GC(1149) PSYoungGen: 2588400K(2609152K)->147296K(2610688K) Eden: 2430464K(2430464K)->0K(2430464K) From: 157936K(178688K)->147296K(180224K)
[4462.309s][info][gc,heap        ] GC(1149) ParOldGen: 1614528K(1916928K)->1719288K(1916928K)
[4462.309s][info][gc,metaspace   ] GC(1149) Metaspace: 29077K(29376K)->29077K(29376K) NonClass: 25974K(26112K)->25974K(26112K) Class: 3103K(3264K)->3103K(3264K)
[4462.309s][info][gc             ] GC(1149) Pause Young (Allocation Failure) 4104M->1822M(4421M) 88.727ms
[4462.309s][info][gc,cpu         ] GC(1149) User=0.52s Sys=0.00s Real=0.08s
..[4464.514s][info][gc,start       ] GC(1150) Pause Young (Allocation Failure)
[4464.610s][info][gc,heap        ] GC(1150) PSYoungGen: 2577760K(2610688K)->162880K(2615296K) Eden: 2430464K(2430464K)->0K(2436096K) From: 147296K(180224K)->162880K(179200K)
[4464.610s][info][gc,heap        ] GC(1150) ParOldGen: 1719288K(1916928K)->1820776K(1916928K)
[4464.610s][info][gc,metaspace   ] GC(1150) Metaspace: 29077K(29376K)->29077K(29376K) NonClass: 25974K(26112K)->25974K(26112K) Class: 3103K(3264K)->3103K(3264K)
[4464.610s][info][gc             ] GC(1150) Pause Young (Allocation Failure) 4196M->1937M(4426M) 96.086ms
[4464.610s][info][gc,cpu         ] GC(1150) User=0.56s Sys=0.00s Real=0.10s
...[4466.789s][info][gc,start       ] GC(1151) Pause Young (Allocation Failure)
[4466.885s][info][gc,heap        ] GC(1151) PSYoungGen: 2598976K(2615296K)->161504K(2615808K) Eden: 2436096K(2436096K)->0K(2436096K) From: 162880K(179200K)->161504K(179712K)
[4466.885s][info][gc,heap        ] GC(1151) ParOldGen: 1820776K(1916928K)->1925208K(1925632K)
[4466.885s][info][gc,metaspace   ] GC(1151) Metaspace: 29077K(29376K)->29077K(29376K) NonClass: 25974K(26112K)->25974K(26112K) Class: 3103K(3264K)->3103K(3264K)
[4466.885s][info][gc             ] GC(1151) Pause Young (Allocation Failure) 4316M->2037M(4435M) 96.846ms
[4466.886s][info][gc,cpu         ] GC(1151) User=0.57s Sys=0.01s Real=0.10s
..[4469.071s][info][gc,start       ] GC(1152) Pause Young (Allocation Failure)
[4469.170s][info][gc,heap        ] GC(1152) PSYoungGen: 2597600K(2615808K)->158368K(2612224K) Eden: 2436096K(2436096K)->0K(2437120K) From: 161504K(179712K)->158368K(175104K)
[4469.170s][info][gc,heap        ] GC(1152) ParOldGen: 1925208K(1925632K)->2028160K(2028544K)
[4469.170s][info][gc,metaspace   ] GC(1152) Metaspace: 29077K(29376K)->29077K(29376K) NonClass: 25974K(26112K)->25974K(26112K) Class: 3103K(3264K)->3103K(3264K)
[4469.170s][info][gc             ] GC(1152) Pause Young (Allocation Failure) 4416M->2135M(4532M) 99.423ms
[4469.170s][info][gc,cpu         ] GC(1152) User=0.55s Sys=0.03s Real=0.10s
..[4471.344s][info][gc,start       ] GC(1153) Pause Young (Allocation Failure)
[4471.441s][info][gc,heap        ] GC(1153) PSYoungGen: 2595488K(2612224K)->152371K(2614272K) Eden: 2437120K(2437120K)->0K(2437120K) From: 158368K(175104K)->152371K(177152K)
[4471.441s][info][gc,heap        ] GC(1153) ParOldGen: 2028160K(2028544K)->2132784K(2132992K)
[4471.441s][info][gc,metaspace   ] GC(1153) Metaspace: 29077K(29376K)->29077K(29376K) NonClass: 25974K(26112K)->25974K(26112K) Class: 3103K(3264K)->3103K(3264K)
[4471.441s][info][gc             ] GC(1153) Pause Young (Allocation Failure) 4515M->2231M(4636M) 97.032ms
[4471.441s][info][gc,cpu         ] GC(1153) User=0.54s Sys=0.03s Real=0.10s
..[4473.622s][info][gc,start       ] GC(1154) Pause Young (Allocation Failure)
[4473.718s][info][gc,heap        ] GC(1154) PSYoungGen: 2589491K(2614272K)->154368K(2615808K) Eden: 2437120K(2437120K)->0K(2442752K) From: 152371K(177152K)->154368K(173056K)
[4473.718s][info][gc,heap        ] GC(1154) ParOldGen: 2132784K(2132992K)->2236856K(2236928K)
[4473.718s][info][gc,metaspace   ] GC(1154) Metaspace: 29077K(29376K)->29077K(29376K) NonClass: 25974K(26112K)->25974K(26112K) Class: 3103K(3264K)->3103K(3264K)
[4473.718s][info][gc             ] GC(1154) Pause Young (Allocation Failure) 4611M->2335M(4739M) 95.842ms
[4473.718s][info][gc,cpu         ] GC(1154) User=0.53s Sys=0.04s Real=0.09s
...[4475.851s][info][gc,start       ] GC(1155) Pause Young (Allocation Failure)
[4475.945s][info][gc,heap        ] GC(1155) PSYoungGen: 2597120K(2615808K)->151376K(2617856K) Eden: 2442752K(2442752K)->0K(2442752K) From: 154368K(173056K)->151376K(175104K)
[4475.945s][info][gc,heap        ] GC(1155) ParOldGen: 2236856K(2236928K)->2340768K(2340864K)
[4475.945s][info][gc,metaspace   ] GC(1155) Metaspace: 29077K(29376K)->29077K(29376K) NonClass: 25974K(26112K)->25974K(26112K) Class: 3103K(3264K)->3103K(3264K)
[4475.945s][info][gc             ] GC(1155) Pause Young (Allocation Failure) 4720M->2433M(4842M) 94.303ms
[4475.945s][info][gc,cpu         ] GC(1155) User=0.52s Sys=0.04s Real=0.09s
..[4478.246s][info][gc,start       ] GC(1156) Pause Young (Allocation Failure)
[4478.342s][info][gc,heap        ] GC(1156) PSYoungGen: 2594128K(2617856K)->154432K(2616832K) Eden: 2442752K(2442752K)->0K(2446848K) From: 151376K(175104K)->154432K(169984K)
[4478.342s][info][gc,heap        ] GC(1156) ParOldGen: 2340768K(2340864K)->2443456K(2443776K)
[4478.342s][info][gc,metaspace   ] GC(1156) Metaspace: 29077K(29376K)->29077K(29376K) NonClass: 25974K(26112K)->25974K(26112K) Class: 3103K(3264K)->3103K(3264K)
[4478.342s][info][gc             ] GC(1156) Pause Young (Allocation Failure) 4819M->2537M(4942M) 96.087ms
[4478.342s][info][gc,cpu         ] GC(1156) User=0.53s Sys=0.03s Real=0.10s
..[4480.554s][info][gc,start       ] GC(1157) Pause Young (Allocation Failure)
[4480.651s][info][gc,heap        ] GC(1157) PSYoungGen: 2601280K(2616832K)->154736K(2619392K) Eden: 2446848K(2446848K)->0K(2446848K) From: 154432K(169984K)->154736K(172544K)
[4480.651s][info][gc,heap        ] GC(1157) ParOldGen: 2443456K(2443776K)->2549992K(2550272K)
[4480.651s][info][gc,metaspace   ] GC(1157) Metaspace: 29077K(29376K)->29077K(29376K) NonClass: 25974K(26112K)->25974K(26112K) Class: 3103K(3264K)->3103K(3264K)
[4480.651s][info][gc             ] GC(1157) Pause Young (Allocation Failure) 4926M->2641M(5048M) 97.097ms
[4480.651s][info][gc,cpu         ] GC(1157) User=0.54s Sys=0.03s Real=0.10s
..[4482.745s][info][gc,start       ] GC(1158) Pause Young (Allocation Failure)
[4482.844s][info][gc,heap        ] GC(1158) PSYoungGen: 2601584K(2619392K)->158176K(2620416K) Eden: 2446848K(2446848K)->0K(2451968K) From: 154736K(172544K)->158176K(168448K)
[4482.844s][info][gc,heap        ] GC(1158) ParOldGen: 2549992K(2550272K)->2655080K(2655232K)
[4482.844s][info][gc,metaspace   ] GC(1158) Metaspace: 29077K(29376K)->29077K(29376K) NonClass: 25974K(26112K)->25974K(26112K) Class: 3103K(3264K)->3103K(3264K)
[4482.844s][info][gc             ] GC(1158) Pause Young (Allocation Failure) 5030M->2747M(5152M) 98.980ms
[4482.844s][info][gc,cpu         ] GC(1158) User=0.55s Sys=0.03s Real=0.10s
...[4485.079s][info][gc,start       ] GC(1159) Pause Young (Allocation Failure)
[4485.177s][info][gc,heap        ] GC(1159) PSYoungGen: 2610144K(2620416K)->156992K(2622464K) Eden: 2451968K(2451968K)->0K(2451968K) From: 158176K(168448K)->156992K(170496K)
[4485.177s][info][gc,heap        ] GC(1159) ParOldGen: 2655080K(2655232K)->2756040K(2756096K)
[4485.177s][info][gc,metaspace   ] GC(1159) Metaspace: 29077K(29376K)->29077K(29376K) NonClass: 25974K(26112K)->25974K(26112K) Class: 3103K(3264K)->3103K(3264K)
[4485.177s][info][gc             ] GC(1159) Pause Young (Allocation Failure) 5141M->2844M(5252M) 98.298ms
[4485.177s][info][gc,cpu         ] GC(1159) User=0.55s Sys=0.03s Real=0.10s
. (rIR:aIR:PR = 7472:7462:7462) (tPR = 111265) [OK] 
  4485s: Performance info:
         Transaction,    Success,    Partial,     Failed,   Receipts, AvgBarcode, 
             Overall,     453386,          0,          0,     430669,      59.47, 
         Response times:
             Request,    Success,    Partial,     Failed,   SkipFail,     Probes,    Samples,      min,      p50,      p90,      p95,      p99,      max, 
       TotalPurchase,     430676,          0,          0,          0,     359413,     432972,      300,     5400,    15600,    39000,    70000,   990000,
     InStorePurchase,     226188,          0,          0,          0,     189106,     227496,      300,     5500,    15800,    39000,    70000,   990000,
      OnlinePurchase,     159010,          0,          0,          0,     132600,     159731,      300,     5400,    15300,    38000,    70000,   990000,
        InstPurchase,      45478,          0,          0,          0,      37707,      45745,      400,     5300,    15700,    36000,    69000,   990000,
          AssocOfCat,        451,          0,          0,          0,        352,        519,    19800,    36000,    60000,    83000,   144800,   181000,
      AssocOfProduct,       4538,          0,          0,          0,       4221,       5323,     1000,     6300,    18100,    37000,    70000,   167000,
      BusinessReport,       1137,          0,          0,          0,       1007,       1363,    29000,    47000,    81000,   110000,   162720,   197000,
          CustBuyBeh,       4545,          0,          0,          0,       4167,       5281,      300,     3000,    11680,    27000,    66000,   990000,
       ProductReturn,      12040,          0,          0,          0,      10262,      12656,      200,     3200,    12800,    33000,    64430,   980000,

  4485s: (55%)   IR =   7610 .[4487.411s][info][gc,start       ] GC(1160) Pause Young (Allocation Failure)
[4487.512s][info][gc,heap        ] GC(1160) PSYoungGen: 2608960K(2622464K)->163156K(2624512K) Eden: 2451968K(2451968K)->0K(2455040K) From: 156992K(170496K)->163156K(169472K)
[4487.512s][info][gc,heap        ] GC(1160) ParOldGen: 2756040K(2756096K)->2861816K(2862080K)
[4487.512s][info][gc,metaspace   ] GC(1160) Metaspace: 29077K(29376K)->29077K(29376K) NonClass: 25974K(26112K)->25974K(26112K) Class: 3103K(3264K)->3103K(3264K)
[4487.512s][info][gc             ] GC(1160) Pause Young (Allocation Failure) 5239M->2954M(5358M) 100.981ms
[4487.512s][info][gc,cpu         ] GC(1160) User=0.56s Sys=0.04s Real=0.10s
..[4489.564s][info][gc,start       ] GC(1161) Pause Young (Allocation Failure)
[4489.668s][info][gc,heap        ] GC(1161) PSYoungGen: 2618196K(2624512K)->169002K(2624512K) Eden: 2455040K(2455040K)->0K(2455040K) From: 163156K(169472K)->169002K(169472K)
[4489.668s][info][gc,heap        ] GC(1161) ParOldGen: 2861816K(2862080K)->2967024K(2967040K)
[4489.668s][info][gc,metaspace   ] GC(1161) Metaspace: 29077K(29376K)->29077K(29376K) NonClass: 25974K(26112K)->25974K(26112K) Class: 3103K(3264K)->3103K(3264K)
[4489.668s][info][gc             ] GC(1161) Pause Young (Allocation Failure) 5351M->3062M(5460M) 104.783ms
[4489.668s][info][gc,cpu         ] GC(1161) User=0.59s Sys=0.03s Real=0.10s
..[4491.769s][info][gc,start       ] GC(1162) Pause Young (Allocation Failure)
[4491.867s][info][gc,heap        ] GC(1162) PSYoungGen: 2624042K(2624512K)->158656K(2622464K) Eden: 2455040K(2455040K)->0K(2450944K) From: 169002K(169472K)->158656K(171520K)
[4491.867s][info][gc,heap        ] GC(1162) ParOldGen: 2967024K(2967040K)->3070208K(3070464K)
[4491.867s][info][gc,metaspace   ] GC(1162) Metaspace: 29077K(29376K)->29077K(29376K) NonClass: 25974K(26112K)->25974K(26112K) Class: 3103K(3264K)->3103K(3264K)
[4491.867s][info][gc             ] GC(1162) Pause Young (Allocation Failure) 5460M->3153M(5559M) 98.685ms
[4491.867s][info][gc,cpu         ] GC(1162) User=0.54s Sys=0.04s Real=0.10s
...[4493.996s][info][gc,start       ] GC(1163) Pause Young (Allocation Failure)
[4494.095s][info][gc,heap        ] GC(1163) PSYoungGen: 2609600K(2622464K)->157557K(2608640K) Eden: 2450944K(2450944K)->0K(2450944K) From: 158656K(171520K)->157557K(157696K)
[4494.095s][info][gc,heap        ] GC(1163) ParOldGen: 3070208K(3070464K)->3174576K(3174912K)
[4494.095s][info][gc,metaspace   ] GC(1163) Metaspace: 29077K(29376K)->29077K(29376K) NonClass: 25974K(26112K)->25974K(26112K) Class: 3103K(3264K)->3103K(3264K)
[4494.095s][info][gc             ] GC(1163) Pause Young (Allocation Failure) 5546M->3254M(5648M) 98.649ms
[4494.095s][info][gc,cpu         ] GC(1163) User=0.54s Sys=0.03s Real=0.10s
..[4496.333s][info][gc,start       ] GC(1164) Pause Young (Allocation Failure)
[4496.435s][info][gc,heap        ] GC(1164) PSYoungGen: 2608501K(2608640K)->164821K(2621952K) Eden: 2450944K(2450944K)->0K(2450944K) From: 157557K(157696K)->164821K(171008K)
[4496.435s][info][gc,heap        ] GC(1164) ParOldGen: 3174576K(3174912K)->3279320K(3279360K)
[4496.435s][info][gc,metaspace   ] GC(1164) Metaspace: 29077K(29376K)->29077K(29376K) NonClass: 25974K(26112K)->25974K(26112K) Class: 3103K(3264K)->3103K(3264K)
[4496.435s][info][gc             ] GC(1164) Pause Young (Allocation Failure) 5647M->3363M(5763M) 102.343ms
[4496.435s][info][gc,cpu         ] GC(1164) User=0.56s Sys=0.04s Real=0.10s
..|[4498.631s][info][gc,start       ] GC(1165) Pause Young (Allocation Failure)
[4498.729s][info][gc,heap        ] GC(1165) PSYoungGen: 2615765K(2621952K)->157792K(2622976K) Eden: 2450944K(2450944K)->0K(2450944K) From: 164821K(171008K)->157792K(172032K)
[4498.729s][info][gc,heap        ] GC(1165) ParOldGen: 3279320K(3279360K)->3384456K(3384832K)
[4498.729s][info][gc,metaspace   ] GC(1165) Metaspace: 29077K(29376K)->29077K(29376K) NonClass: 25974K(26112K)->25974K(26112K) Class: 3103K(3264K)->3103K(3264K)
[4498.729s][info][gc             ] GC(1165) Pause Young (Allocation Failure) 5756M->3459M(5867M) 98.195ms
[4498.729s][info][gc,cpu         ] GC(1165) User=0.56s Sys=0.03s Real=0.09s
..[4500.826s][info][gc,start       ] GC(1166) Pause Young (Allocation Failure)
[4500.925s][info][gc,heap        ] GC(1166) PSYoungGen: 2608736K(2622976K)->155744K(2622976K) Eden: 2450944K(2450944K)->0K(2452992K) From: 157792K(172032K)->155744K(169984K)
[4500.925s][info][gc,heap        ] GC(1166) ParOldGen: 3384456K(3384832K)->3490664K(3490816K)
[4500.925s][info][gc,metaspace   ] GC(1166) Metaspace: 29077K(29376K)->29077K(29376K) NonClass: 25974K(26112K)->25974K(26112K) Class: 3103K(3264K)->3103K(3264K)
[4500.925s][info][gc             ] GC(1166) Pause Young (Allocation Failure) 5852M->3560M(5970M) 99.443ms
[4500.925s][info][gc,cpu         ] GC(1166) User=0.55s Sys=0.03s Real=0.10s
...[4503.077s][info][gc,start       ] GC(1167) Pause Young (Allocation Failure)
[4503.178s][info][gc,heap        ] GC(1167) PSYoungGen: 2608736K(2622976K)->158228K(2623488K) Eden: 2452992K(2452992K)->0K(2452992K) From: 155744K(169984K)->158228K(170496K)
[4503.178s][info][gc,heap        ] GC(1167) ParOldGen: 3490664K(3490816K)->3594400K(3594752K)
[4503.178s][info][gc,metaspace   ] GC(1167) Metaspace: 29077K(29376K)->29077K(29376K) NonClass: 25974K(26112K)->25974K(26112K) Class: 3103K(3264K)->3103K(3264K)
[4503.178s][info][gc             ] GC(1167) Pause Young (Allocation Failure) 5956M->3664M(6072M) 100.998ms
[4503.178s][info][gc,cpu         ] GC(1167) User=0.57s Sys=0.03s Real=0.10s
..[4505.281s][info][gc,start       ] GC(1168) Pause Young (Allocation Failure)
[4505.384s][info][gc,heap        ] GC(1168) PSYoungGen: 2611220K(2623488K)->165205K(2623488K) Eden: 2452992K(2452992K)->0K(2454016K) From: 158228K(170496K)->165205K(169472K)
[4505.384s][info][gc,heap        ] GC(1168) ParOldGen: 3594400K(3594752K)->3700056K(3700224K)
[4505.384s][info][gc,metaspace   ] GC(1168) Metaspace: 29077K(29376K)->29077K(29376K) NonClass: 25974K(26112K)->25974K(26112K) Class: 3103K(3264K)->3103K(3264K)
[4505.384s][info][gc             ] GC(1168) Pause Young (Allocation Failure) 6060M->3774M(6175M) 103.466ms
[4505.384s][info][gc,cpu         ] GC(1168) User=0.58s Sys=0.03s Real=0.10s
..[4507.502s][info][gc,start       ] GC(1169) Pause Young (Allocation Failure)
[4507.604s][info][gc,heap        ] GC(1169) PSYoungGen: 2619221K(2623488K)->161397K(2625024K) Eden: 2454016K(2454016K)->0K(2454016K) From: 165205K(169472K)->161397K(171008K)
[4507.604s][info][gc,heap        ] GC(1169) ParOldGen: 3700056K(3700224K)->3804752K(3805184K)
[4507.604s][info][gc,metaspace   ] GC(1169) Metaspace: 29077K(29376K)->29077K(29376K) NonClass: 25974K(26112K)->25974K(26112K) Class: 3103K(3264K)->3103K(3264K)
[4507.604s][info][gc             ] GC(1169) Pause Young (Allocation Failure) 6171M->3873M(6279M) 101.862ms
[4507.604s][info][gc,cpu         ] GC(1169) User=0.57s Sys=0.03s Real=0.10s
..[4509.739s][info][gc,start       ] GC(1170) Pause Young (Allocation Failure)
[4509.837s][info][gc,heap        ] GC(1170) PSYoungGen: 2615413K(2625024K)->156032K(2623488K) Eden: 2454016K(2454016K)->0K(2454528K) From: 161397K(171008K)->156032K(168960K)
[4509.837s][info][gc,heap        ] GC(1170) ParOldGen: 3804752K(3805184K)->3907456K(3907584K)
[4509.837s][info][gc,metaspace   ] GC(1170) Metaspace: 29077K(29376K)->29077K(29376K) NonClass: 25974K(26112K)->25974K(26112K) Class: 3103K(3264K)->3103K(3264K)
[4509.837s][info][gc             ] GC(1170) Pause Young (Allocation Failure) 6269M->3968M(6378M) 98.126ms
[4509.837s][info][gc,cpu         ] GC(1170) User=0.55s Sys=0.03s Real=0.10s
...[4512.040s][info][gc,start       ] GC(1171) Pause Young (Allocation Failure)
[4512.138s][info][gc,heap        ] GC(1171) PSYoungGen: 2610560K(2623488K)->156496K(2624512K) Eden: 2454528K(2454528K)->0K(2454528K) From: 156032K(168960K)->156496K(169984K)
[4512.138s][info][gc,heap        ] GC(1171) ParOldGen: 3907456K(3907584K)->4010568K(4011008K)
[4512.138s][info][gc,metaspace   ] GC(1171) Metaspace: 29077K(29376K)->29077K(29376K) NonClass: 25974K(26112K)->25974K(26112K) Class: 3103K(3264K)->3103K(3264K)
[4512.138s][info][gc             ] GC(1171) Pause Young (Allocation Failure) 6365M->4069M(6480M) 97.546ms
[4512.138s][info][gc,cpu         ] GC(1171) User=0.54s Sys=0.04s Real=0.09s
..[4514.266s][info][gc,start       ] GC(1172) Pause Young (Allocation Failure)
[4514.362s][info][gc,heap        ] GC(1172) PSYoungGen: 2611024K(2624512K)->149056K(2625536K) Eden: 2454528K(2454528K)->0K(2456064K) From: 156496K(169984K)->149056K(169472K)
[4514.362s][info][gc,heap        ] GC(1172) ParOldGen: 4010568K(4011008K)->4117480K(4117504K)
[4514.362s][info][gc,metaspace   ] GC(1172) Metaspace: 29077K(29376K)->29077K(29376K) NonClass: 25974K(26112K)->25974K(26112K) Class: 3103K(3264K)->3103K(3264K)
[4514.362s][info][gc             ] GC(1172) Pause Young (Allocation Failure) 6466M->4166M(6585M) 96.157ms
[4514.362s][info][gc,cpu         ] GC(1172) User=0.54s Sys=0.02s Real=0.10s
..[4516.569s][info][gc,start       ] GC(1173) Pause Young (Allocation Failure)
[4516.675s][info][gc,heap        ] GC(1173) PSYoungGen: 2605120K(2625536K)->169957K(2626048K) Eden: 2456064K(2456064K)->0K(2456064K) From: 149056K(169472K)->169957K(169984K)
[4516.675s][info][gc,heap        ] GC(1173) ParOldGen: 4117480K(4117504K)->4219776K(4219904K)
[4516.675s][info][gc,metaspace   ] GC(1173) Metaspace: 29077K(29376K)->29077K(29376K) NonClass: 25974K(26112K)->25974K(26112K) Class: 3103K(3264K)->3103K(3264K)
[4516.675s][info][gc             ] GC(1173) Pause Young (Allocation Failure) 6565M->4286M(6685M) 105.531ms
[4516.675s][info][gc,cpu         ] GC(1173) User=0.59s Sys=0.03s Real=0.11s
..[4518.730s][info][gc,start       ] GC(1174) Pause Young (Allocation Failure)
[4518.831s][info][gc,heap        ] GC(1174) PSYoungGen: 2626021K(2626048K)->158099K(2548224K) Eden: 2456064K(2456064K)->0K(2378240K) From: 169957K(169984K)->158099K(169984K)
[4518.831s][info][gc,heap        ] GC(1174) ParOldGen: 4219776K(4219904K)->4326400K(4326912K)
[4518.831s][info][gc,metaspace   ] GC(1174) Metaspace: 29077K(29376K)->29077K(29376K) NonClass: 25974K(26112K)->25974K(26112K) Class: 3103K(3264K)->3103K(3264K)
[4518.831s][info][gc             ] GC(1174) Pause Young (Allocation Failure) 6685M->4379M(6714M) 101.396ms
[4518.831s][info][gc,cpu         ] GC(1174) User=0.57s Sys=0.03s Real=0.10s
..[4520.885s][info][gc,start       ] GC(1175) Pause Young (Allocation Failure)
[4520.981s][info][gc,heap        ] GC(1175) PSYoungGen: 2536339K(2548224K)->144256K(2587136K) Eden: 2378240K(2378240K)->0K(2378240K) From: 158099K(169984K)->144256K(208896K)
[4520.981s][info][gc,heap        ] GC(1175) ParOldGen: 4326400K(4326912K)->4431776K(4431872K)
[4520.981s][info][gc,metaspace   ] GC(1175) Metaspace: 29077K(29376K)->29077K(29376K) NonClass: 25974K(26112K)->25974K(26112K) Class: 3103K(3264K)->3103K(3264K)
[4520.981s][info][gc             ] GC(1175) Pause Young (Allocation Failure) 6701M->4468M(6854M) 95.912ms
[4520.981s][info][gc,cpu         ] GC(1175) User=0.53s Sys=0.03s Real=0.10s
...[4523.112s][info][gc,start       ] GC(1176) Pause Young (Allocation Failure)
[4523.210s][info][gc,heap        ] GC(1176) PSYoungGen: 2522496K(2587136K)->152448K(2583040K) Eden: 2378240K(2378240K)->0K(2378240K) From: 144256K(208896K)->152448K(204800K)
[4523.210s][info][gc,heap        ] GC(1176) ParOldGen: 4431776K(4431872K)->4533680K(4533760K)
[4523.210s][info][gc,metaspace   ] GC(1176) Metaspace: 29077K(29376K)->29077K(29376K) NonClass: 25974K(26112K)->25974K(26112K) Class: 3103K(3264K)->3103K(3264K)
[4523.210s][info][gc             ] GC(1176) Pause Young (Allocation Failure) 6791M->4576M(6950M) 98.466ms
[4523.210s][info][gc,cpu         ] GC(1176) User=0.54s Sys=0.04s Real=0.10s
..[4525.286s][info][gc,start       ] GC(1177) Pause Young (Allocation Failure)
[4525.384s][info][gc,heap        ] GC(1177) PSYoungGen: 2530688K(2583040K)->150132K(2585088K) Eden: 2378240K(2378240K)->0K(2378240K) From: 152448K(204800K)->150132K(206848K)
[4525.384s][info][gc,heap        ] GC(1177) ParOldGen: 4533680K(4533760K)->4639704K(4639744K)
[4525.384s][info][gc,metaspace   ] GC(1177) Metaspace: 29077K(29376K)->29077K(29376K) NonClass: 25974K(26112K)->25974K(26112K) Class: 3103K(3264K)->3103K(3264K)
[4525.384s][info][gc             ] GC(1177) Pause Young (Allocation Failure) 6898M->4677M(7055M) 97.187ms
[4525.384s][info][gc,cpu         ] GC(1177) User=0.53s Sys=0.04s Real=0.10s
..[4527.511s][info][gc,start       ] GC(1178) Pause Young (Allocation Failure)
[4527.608s][info][gc,heap        ] GC(1178) PSYoungGen: 2528372K(2585088K)->149344K(2586112K) Eden: 2378240K(2378240K)->0K(2384384K) From: 150132K(206848K)->149344K(201728K)
[4527.608s][info][gc,heap        ] GC(1178) ParOldGen: 4639704K(4639744K)->4741088K(4741120K)
[4527.608s][info][gc,metaspace   ] GC(1178) Metaspace: 29077K(29376K)->29077K(29376K) NonClass: 25974K(26112K)->25974K(26112K) Class: 3103K(3264K)->3103K(3264K)
[4527.608s][info][gc             ] GC(1178) Pause Young (Allocation Failure) 7000M->4775M(7155M) 96.929ms
[4527.608s][info][gc,cpu         ] GC(1178) User=0.54s Sys=0.03s Real=0.09s
..[4529.702s][info][gc,start       ] GC(1179) Pause Young (Allocation Failure)
[4529.799s][info][gc,heap        ] GC(1179) PSYoungGen: 2533728K(2586112K)->153312K(2587648K) Eden: 2384384K(2384384K)->0K(2384384K) From: 149344K(201728K)->153312K(203264K)
[4529.799s][info][gc,heap        ] GC(1179) ParOldGen: 4741088K(4741120K)->4842992K(4843008K)
[4529.799s][info][gc,metaspace   ] GC(1179) Metaspace: 29077K(29376K)->29077K(29376K) NonClass: 25974K(26112K)->25974K(26112K) Class: 3103K(3264K)->3103K(3264K)
[4529.800s][info][gc             ] GC(1179) Pause Young (Allocation Failure) 7104M->4879M(7256M) 97.095ms
[4529.800s][info][gc,cpu         ] GC(1179) User=0.54s Sys=0.03s Real=0.09s
..[4531.863s][info][gc,start       ] GC(1180) Pause Young (Allocation Failure)
[4531.958s][info][gc,heap        ] GC(1180) PSYoungGen: 2537696K(2587648K)->142752K(2591744K) Eden: 2384384K(2384384K)->0K(2392064K) From: 153312K(203264K)->142752K(199680K)
[4531.958s][info][gc,heap        ] GC(1180) ParOldGen: 4842992K(4843008K)->4947288K(4947456K)
[4531.958s][info][gc,metaspace   ] GC(1180) Metaspace: 29077K(29376K)->29077K(29376K) NonClass: 25974K(26112K)->25974K(26112K) Class: 3103K(3264K)->3103K(3264K)
[4531.958s][info][gc             ] GC(1180) Pause Young (Allocation Failure) 7207M->4970M(7362M) 94.802ms
[4531.958s][info][gc,cpu         ] GC(1180) User=0.53s Sys=0.03s Real=0.09s
...[4534.077s][info][gc,start       ] GC(1181) Pause Young (Allocation Failure)
[4534.175s][info][gc,heap        ] GC(1181) PSYoungGen: 2534816K(2591744K)->152528K(2591744K) Eden: 2392064K(2392064K)->0K(2392064K) From: 142752K(199680K)->152528K(199680K)
[4534.175s][info][gc,heap        ] GC(1181) ParOldGen: 4947288K(4947456K)->5049696K(5049856K)
[4534.175s][info][gc,metaspace   ] GC(1181) Metaspace: 29077K(29376K)->29077K(29376K) NonClass: 25974K(26112K)->25974K(26112K) Class: 3103K(3264K)->3103K(3264K)
[4534.176s][info][gc             ] GC(1181) Pause Young (Allocation Failure) 7306M->5080M(7462M) 98.195ms
[4534.176s][info][gc,cpu         ] GC(1181) User=0.55s Sys=0.03s Real=0.10s
..[4536.262s][info][gc,start       ] GC(1182) Pause Young (Allocation Failure)
[4536.363s][info][gc,heap        ] GC(1182) PSYoungGen: 2544592K(2591744K)->157332K(2592256K) Eden: 2392064K(2392064K)->0K(2399744K) From: 152528K(199680K)->157332K(192512K)
[4536.363s][info][gc,heap        ] GC(1182) ParOldGen: 5049696K(5049856K)->5152912K(5153280K)
[4536.363s][info][gc,metaspace   ] GC(1182) Metaspace: 29077K(29376K)->29077K(29376K) NonClass: 25974K(26112K)->25974K(26112K) Class: 3103K(3264K)->3103K(3264K)
[4536.363s][info][gc             ] GC(1182) Pause Young (Allocation Failure) 7416M->5185M(7564M) 101.462ms
[4536.364s][info][gc,cpu         ] GC(1182) User=0.57s Sys=0.03s Real=0.10s
..[4538.533s][info][gc,start       ] GC(1183) Pause Young (Allocation Failure)
[4538.634s][info][gc,heap        ] GC(1183) PSYoungGen: 2557076K(2592256K)->161120K(2592768K) Eden: 2399744K(2399744K)->0K(2399744K) From: 157332K(192512K)->161120K(193024K)
[4538.634s][info][gc,heap        ] GC(1183) ParOldGen: 5152912K(5153280K)->5254224K(5254656K)
[4538.634s][info][gc,metaspace   ] GC(1183) Metaspace: 29077K(29376K)->29077K(29376K) NonClass: 25974K(26112K)->25974K(26112K) Class: 3103K(3264K)->3103K(3264K)
[4538.634s][info][gc             ] GC(1183) Pause Young (Allocation Failure) 7529M->5288M(7663M) 100.947ms
[4538.634s][info][gc,cpu         ] GC(1183) User=0.56s Sys=0.04s Real=0.10s
..[4540.737s][info][gc,start       ] GC(1184) Pause Young (Allocation Failure)
[4540.836s][info][gc,heap        ] GC(1184) PSYoungGen: 2560864K(2592768K)->154816K(2599936K) Eden: 2399744K(2399744K)->0K(2412544K) From: 161120K(193024K)->154816K(187392K)
[4540.836s][info][gc,heap        ] GC(1184) ParOldGen: 5254224K(5254656K)->5356744K(5357056K)
[4540.836s][info][gc,metaspace   ] GC(1184) Metaspace: 29077K(29376K)->29077K(29376K) NonClass: 25974K(26112K)->25974K(26112K) Class: 3103K(3264K)->3103K(3264K)
[4540.836s][info][gc             ] GC(1184) Pause Young (Allocation Failure) 7631M->5382M(7770M) 98.873ms
[4540.836s][info][gc,cpu         ] GC(1184) User=0.54s Sys=0.05s Real=0.10s
..[4542.926s][info][gc,start       ] GC(1185) Pause Young (Allocation Failure)
[4543.027s][info][gc,heap        ] GC(1185) PSYoungGen: 2567360K(2599936K)->151957K(2600448K) Eden: 2412544K(2412544K)->0K(2412544K) From: 154816K(187392K)->151957K(187904K)
[4543.027s][info][gc,heap        ] GC(1185) ParOldGen: 5356744K(5357056K)->5460904K(5460992K)
[4543.027s][info][gc,metaspace   ] GC(1185) Metaspace: 29077K(29376K)->29077K(29376K) NonClass: 25974K(26112K)->25974K(26112K) Class: 3103K(3264K)->3103K(3264K)
[4543.027s][info][gc             ] GC(1185) Pause Young (Allocation Failure) 7738M->5481M(7872M) 101.040ms
[4543.027s][info][gc,cpu         ] GC(1185) User=0.55s Sys=0.04s Real=0.10s
...[4545.208s][info][gc,start       ] GC(1186) Pause Young (Allocation Failure)
[4545.306s][info][gc,heap        ] GC(1186) PSYoungGen: 2564501K(2600448K)->151264K(2605056K) Eden: 2412544K(2412544K)->0K(2421760K) From: 151957K(187904K)->151264K(183296K)
[4545.306s][info][gc,heap        ] GC(1186) ParOldGen: 5460904K(5460992K)->5563472K(5563904K)
[4545.306s][info][gc,metaspace   ] GC(1186) Metaspace: 29077K(29376K)->29077K(29376K) NonClass: 25974K(26112K)->25974K(26112K) Class: 3103K(3264K)->3103K(3264K)
[4545.306s][info][gc             ] GC(1186) Pause Young (Allocation Failure) 7837M->5580M(7977M) 97.514ms
[4545.306s][info][gc,cpu         ] GC(1186) User=0.54s Sys=0.04s Real=0.10s
..[4547.370s][info][gc,start       ] GC(1187) Pause Full (Allocation Failure)
[4547.370s][info][gc,phases,start] GC(1187) Marking Phase
[4547.681s][info][gc,phases      ] GC(1187) Marking Phase 311.317ms
[4547.681s][info][gc,phases,start] GC(1187) Summary Phase
[4547.681s][info][gc,phases      ] GC(1187) Summary Phase 0.095ms
[4547.681s][info][gc,phases,start] GC(1187) Forward
[4547.814s][info][gc,phases      ] GC(1187) Forward 132.503ms
[4547.814s][info][gc,phases,start] GC(1187) Adjust Pointers
[4548.023s][info][gc,phases      ] GC(1187) Adjust Pointers 208.798ms
[4548.023s][info][gc,phases,start] GC(1187) Compaction Phase
[4548.171s][info][gc,phases      ] GC(1187) Compaction Phase 148.082ms
[4548.172s][info][gc,phases,start] GC(1187) Post Compact
[4548.179s][info][gc,phases      ] GC(1187) Post Compact 7.005ms
[4548.307s][info][gc,heap        ] GC(1187) PSYoungGen: 2573024K(2605056K)->0K(2606080K) Eden: 2421760K(2421760K)->0K(2421760K) From: 151264K(183296K)->0K(184320K)
[4548.307s][info][gc,heap        ] GC(1187) ParOldGen: 5563472K(5563904K)->1617051K(1923584K)
[4548.307s][info][gc,metaspace   ] GC(1187) Metaspace: 29077K(29376K)->29077K(29376K) NonClass: 25974K(26112K)->25974K(26112K) Class: 3103K(3264K)->3103K(3264K)
[4548.307s][info][gc             ] GC(1187) Pause Full (Allocation Failure) 7945M->1579M(4423M) 937.433ms
[4548.307s][info][gc,cpu         ] GC(1187) User=4.34s Sys=0.13s Real=0.94s
..[4549.591s][info][gc,start       ] GC(1188) Pause Young (Allocation Failure)
[4549.661s][info][gc,heap        ] GC(1188) PSYoungGen: 2421759K(2606080K)->169024K(2607616K) Eden: 2421759K(2421760K)->0K(2423296K) From: 0K(184320K)->169024K(184320K)
[4549.661s][info][gc,heap        ] GC(1188) ParOldGen: 1617051K(1923584K)->1617051K(1923584K)
[4549.661s][info][gc,metaspace   ] GC(1188) Metaspace: 29077K(29376K)->29077K(29376K) NonClass: 25974K(26112K)->25974K(26112K) Class: 3103K(3264K)->3103K(3264K)
[4549.661s][info][gc             ] GC(1188) Pause Young (Allocation Failure) 3944M->1744M(4425M) 69.506ms
[4549.661s][info][gc,cpu         ] GC(1188) User=0.41s Sys=0.00s Real=0.07s
..[4551.756s][info][gc,start       ] GC(1189) Pause Young (Allocation Failure)
[4551.849s][info][gc,heap        ] GC(1189) PSYoungGen: 2592320K(2607616K)->155968K(2579456K) Eden: 2423296K(2423296K)->0K(2423296K) From: 169024K(184320K)->155968K(156160K)
[4551.849s][info][gc,heap        ] GC(1189) ParOldGen: 1617051K(1923584K)->1725107K(1923584K)
[4551.849s][info][gc,metaspace   ] GC(1189) Metaspace: 29077K(29376K)->29077K(29376K) NonClass: 25974K(26112K)->25974K(26112K) Class: 3103K(3264K)->3103K(3264K)
[4551.849s][info][gc             ] GC(1189) Pause Young (Allocation Failure) 4110M->1836M(4397M) 92.972ms
[4551.849s][info][gc,cpu         ] GC(1189) User=0.56s Sys=0.00s Real=0.09s
..[4553.962s][info][gc,start       ] GC(1190) Pause Young (Allocation Failure)
[4554.052s][info][gc,heap        ] GC(1190) PSYoungGen: 2579264K(2579456K)->147680K(2610176K) Eden: 2423296K(2423296K)->0K(2426368K) From: 155968K(156160K)->147680K(183808K)
[4554.052s][info][gc,heap        ] GC(1190) ParOldGen: 1725107K(1923584K)->1829579K(1923584K)
[4554.052s][info][gc,metaspace   ] GC(1190) Metaspace: 29077K(29376K)->29077K(29376K) NonClass: 25974K(26112K)->25974K(26112K) Class: 3103K(3264K)->3103K(3264K)
[4554.052s][info][gc             ] GC(1190) Pause Young (Allocation Failure) 4203M->1930M(4427M) 90.113ms
[4554.052s][info][gc,cpu         ] GC(1190) User=0.54s Sys=0.00s Real=0.09s
..[4556.178s][info][gc,start       ] GC(1191) Pause Young (Allocation Failure)
[4556.274s][info][gc,heap        ] GC(1191) PSYoungGen: 2574048K(2610176K)->157207K(2609152K) Eden: 2426368K(2426368K)->0K(2426368K) From: 147680K(183808K)->157207K(182784K)
[4556.274s][info][gc,heap        ] GC(1191) ParOldGen: 1829579K(1923584K)->1934123K(1934336K)
[4556.274s][info][gc,metaspace   ] GC(1191) Metaspace: 29077K(29376K)->29077K(29376K) NonClass: 25974K(26112K)->25974K(26112K) Class: 3103K(3264K)->3103K(3264K)
[4556.274s][info][gc             ] GC(1191) Pause Young (Allocation Failure) 4300M->2042M(4437M) 96.109ms
[4556.274s][info][gc,cpu         ] GC(1191) User=0.56s Sys=0.00s Real=0.10s
...[4558.469s][info][gc,start       ] GC(1192) Pause Young (Allocation Failure)
[4558.567s][info][gc,heap        ] GC(1192) PSYoungGen: 2583575K(2609152K)->156832K(2611200K) Eden: 2426368K(2426368K)->0K(2431488K) From: 157207K(182784K)->156832K(179712K)
[4558.567s][info][gc,heap        ] GC(1192) ParOldGen: 1934123K(1934336K)->2035619K(2035712K)
[4558.567s][info][gc,metaspace   ] GC(1192) Metaspace: 29077K(29376K)->29077K(29376K) NonClass: 25974K(26112K)->25974K(26112K) Class: 3103K(3264K)->3103K(3264K)
[4558.567s][info][gc             ] GC(1192) Pause Young (Allocation Failure) 4411M->2141M(4538M) 97.920ms
[4558.567s][info][gc,cpu         ] GC(1192) User=0.56s Sys=0.02s Real=0.10s
 (rIR:aIR:PR = 7610:7628:7628) (tPR = 113704) [OK] 
  4558s: Performance info:
         Transaction,    Success,    Partial,     Failed,   Receipts, AvgBarcode, 
             Overall,     461085,          0,          0,     437947,      59.47, 
         Response times:
             Request,    Success,    Partial,     Failed,   SkipFail,     Probes,    Samples,      min,      p50,      p90,      p95,      p99,      max, 
       TotalPurchase,     437947,          0,          0,          0,     355128,     435166,      300,     5600,    22000,    51000,   564000,  1300000,
     InStorePurchase,     229933,          0,          0,          0,     187238,     229270,      300,     5600,    22000,    51000,   567000,  1100000,
      OnlinePurchase,     161905,          0,          0,          0,     130626,     160380,      300,     5700,    22000,    51000,   567140,  1300000,
        InstPurchase,      46109,          0,          0,          0,      37264,      45516,      300,     5200,    21000,    47000,   541000,   910000,
          AssocOfCat,        458,          0,          0,          0,        360,        546,    21000,    36000,    58000,    80300,   337300,   592000,
      AssocOfProduct,       4571,          0,          0,          0,       4170,       5351,      600,     4100,    17200,    41000,   398000,   529000,
      BusinessReport,       1151,          0,          0,          0,       1018,       1362,    26000,    48000,    85000,   122700,   680000,  1100000,
          CustBuyBeh,       4608,          0,          0,          0,       4277,       5508,      300,     5600,    28000,    50000,   396000,   529000,
       ProductReturn,      12350,          0,          0,          0,       9283,      11644,      300,     6300,    27000,    54000,   660000,   820000,

  4558s: (56%)   IR =   7749 ..[4560.741s][info][gc,start       ] GC(1193) Pause Young (Allocation Failure)
[4560.842s][info][gc,heap        ] GC(1193) PSYoungGen: 2588320K(2611200K)->163744K(2609664K) Eden: 2431488K(2431488K)->0K(2431488K) From: 156832K(179712K)->163744K(178176K)
[4560.842s][info][gc,heap        ] GC(1193) ParOldGen: 2035619K(2035712K)->2141883K(2142208K)
[4560.842s][info][gc,metaspace   ] GC(1193) Metaspace: 29077K(29376K)->29077K(29376K) NonClass: 25974K(26112K)->25974K(26112K) Class: 3103K(3264K)->3103K(3264K)
[4560.842s][info][gc             ] GC(1193) Pause Young (Allocation Failure) 4515M->2251M(4640M) 100.909ms
[4560.842s][info][gc,cpu         ] GC(1193) User=0.57s Sys=0.03s Real=0.10s
..[4562.880s][info][gc,start       ] GC(1194) Pause Young (Allocation Failure)
[4562.980s][info][gc,heap        ] GC(1194) PSYoungGen: 2595232K(2609664K)->156772K(2614784K) Eden: 2431488K(2431488K)->0K(2439168K) From: 163744K(178176K)->156772K(175616K)
[4562.980s][info][gc,heap        ] GC(1194) ParOldGen: 2141883K(2142208K)->2246795K(2247168K)
[4562.980s][info][gc,metaspace   ] GC(1194) Metaspace: 29077K(29376K)->29077K(29376K) NonClass: 25974K(26112K)->25974K(26112K) Class: 3103K(3264K)->3103K(3264K)
[4562.980s][info][gc             ] GC(1194) Pause Young (Allocation Failure) 4626M->2347M(4748M) 100.180ms
[4562.981s][info][gc,cpu         ] GC(1194) User=0.57s Sys=0.02s Real=0.10s
..[4565.086s][info][gc,start       ] GC(1195) Pause Young (Allocation Failure)
[4565.183s][info][gc,heap        ] GC(1195) PSYoungGen: 2595940K(2614784K)->156016K(2615808K) Eden: 2439168K(2439168K)->0K(2439168K) From: 156772K(175616K)->156016K(176640K)
[4565.183s][info][gc,heap        ] GC(1195) ParOldGen: 2246795K(2247168K)->2349115K(2349568K)
[4565.183s][info][gc,metaspace   ] GC(1195) Metaspace: 29077K(29376K)->29077K(29376K) NonClass: 25974K(26112K)->25974K(26112K) Class: 3103K(3264K)->3103K(3264K)
[4565.183s][info][gc             ] GC(1195) Pause Young (Allocation Failure) 4729M->2446M(4849M) 96.825ms
[4565.183s][info][gc,cpu         ] GC(1195) User=0.54s Sys=0.03s Real=0.10s
..[4567.283s][info][gc,start       ] GC(1196) Pause Young (Allocation Failure)
[4567.381s][info][gc,heap        ] GC(1196) PSYoungGen: 2595184K(2615808K)->157236K(2615808K) Eden: 2439168K(2439168K)->0K(2444288K) From: 156016K(176640K)->157236K(171520K)
[4567.381s][info][gc,heap        ] GC(1196) ParOldGen: 2349115K(2349568K)->2454091K(2454528K)
[4567.381s][info][gc,metaspace   ] GC(1196) Metaspace: 29077K(29376K)->29077K(29376K) NonClass: 25974K(26112K)->25974K(26112K) Class: 3103K(3264K)->3103K(3264K)
[4567.381s][info][gc             ] GC(1196) Pause Young (Allocation Failure) 4828M->2550M(4951M) 98.181ms
[4567.381s][info][gc,cpu         ] GC(1196) User=0.55s Sys=0.02s Real=0.10s
..[4569.465s][info][gc,start       ] GC(1197) Pause Young (Allocation Failure)
[4569.561s][info][gc,heap        ] GC(1197) PSYoungGen: 2601524K(2615808K)->154112K(2617344K) Eden: 2444288K(2444288K)->0K(2444288K) From: 157236K(171520K)->154112K(173056K)
[4569.561s][info][gc,heap        ] GC(1197) ParOldGen: 2454091K(2454528K)->2558443K(2558464K)
[4569.561s][info][gc,metaspace   ] GC(1197) Metaspace: 29077K(29376K)->29077K(29376K) NonClass: 25974K(26112K)->25974K(26112K) Class: 3103K(3264K)->3103K(3264K)
[4569.561s][info][gc             ] GC(1197) Pause Young (Allocation Failure) 4937M->2648M(5054M) 95.928ms
[4569.561s][info][gc,cpu         ] GC(1197) User=0.53s Sys=0.04s Real=0.10s
...[4571.727s][info][gc,start       ] GC(1198) Pause Young (Allocation Failure)
[4571.827s][info][gc,heap        ] GC(1198) PSYoungGen: 2598400K(2617344K)->160736K(2622464K) Eden: 2444288K(2444288K)->0K(2450944K) From: 154112K(173056K)->160736K(171520K)
[4571.827s][info][gc,heap        ] GC(1198) ParOldGen: 2558443K(2558464K)->2663411K(2663424K)
[4571.827s][info][gc,metaspace   ] GC(1198) Metaspace: 29077K(29376K)->29077K(29376K) NonClass: 25974K(26112K)->25974K(26112K) Class: 3103K(3264K)->3103K(3264K)
[4571.827s][info][gc             ] GC(1198) Pause Young (Allocation Failure) 5035M->2757M(5162M) 99.986ms
[4571.827s][info][gc,cpu         ] GC(1198) User=0.56s Sys=0.03s Real=0.10s
..|[4573.838s][info][gc,start       ] GC(1199) Pause Young (Allocation Failure)
[4573.936s][info][gc,heap        ] GC(1199) PSYoungGen: 2611680K(2622464K)->152101K(2622976K) Eden: 2450944K(2450944K)->0K(2450944K) From: 160736K(171520K)->152101K(172032K)
[4573.936s][info][gc,heap        ] GC(1199) ParOldGen: 2663411K(2663424K)->2770691K(2770944K)
[4573.936s][info][gc,metaspace   ] GC(1199) Metaspace: 29077K(29376K)->29077K(29376K) NonClass: 25974K(26112K)->25974K(26112K) Class: 3103K(3264K)->3103K(3264K)
[4573.936s][info][gc             ] GC(1199) Pause Young (Allocation Failure) 5151M->2854M(5267M) 98.093ms
[4573.937s][info][gc,cpu         ] GC(1199) User=0.56s Sys=0.02s Real=0.10s
..[4576.075s][info][gc,start       ] GC(1200) Pause Young (Allocation Failure)
[4576.170s][info][gc,heap        ] GC(1200) PSYoungGen: 2603045K(2622976K)->153504K(2621952K) Eden: 2450944K(2450944K)->0K(2452480K) From: 152101K(172032K)->153504K(169472K)
[4576.170s][info][gc,heap        ] GC(1200) ParOldGen: 2770691K(2770944K)->2870723K(2870784K)
[4576.170s][info][gc,metaspace   ] GC(1200) Metaspace: 29077K(29376K)->29077K(29376K) NonClass: 25974K(26112K)->25974K(26112K) Class: 3103K(3264K)->3103K(3264K)
[4576.170s][info][gc             ] GC(1200) Pause Young (Allocation Failure) 5247M->2953M(5364M) 95.096ms
[4576.170s][info][gc,cpu         ] GC(1200) User=0.53s Sys=0.03s Real=0.10s
..[4578.271s][info][gc,start       ] GC(1201) Pause Young (Allocation Failure)
[4578.371s][info][gc,heap        ] GC(1201) PSYoungGen: 2605984K(2621952K)->156181K(2622976K) Eden: 2452480K(2452480K)->0K(2452480K) From: 153504K(169472K)->156181K(170496K)
[4578.371s][info][gc,heap        ] GC(1201) ParOldGen: 2870723K(2870784K)->2978211K(2978304K)
[4578.371s][info][gc,metaspace   ] GC(1201) Metaspace: 29077K(29376K)->29077K(29376K) NonClass: 25974K(26112K)->25974K(26112K) Class: 3103K(3264K)->3103K(3264K)
[4578.371s][info][gc             ] GC(1201) Pause Young (Allocation Failure) 5348M->3060M(5470M) 99.679ms
[4578.371s][info][gc,cpu         ] GC(1201) User=0.55s Sys=0.03s Real=0.10s
..[4580.410s][info][gc,start       ] GC(1202) Pause Young (Allocation Failure)
[4580.508s][info][gc,heap        ] GC(1202) PSYoungGen: 2608661K(2622976K)->156736K(2623488K) Eden: 2452480K(2452480K)->0K(2456064K) From: 156181K(170496K)->156736K(167424K)
[4580.508s][info][gc,heap        ] GC(1202) ParOldGen: 2978211K(2978304K)->3080931K(3081216K)
[4580.508s][info][gc,metaspace   ] GC(1202) Metaspace: 29077K(29376K)->29077K(29376K) NonClass: 25974K(26112K)->25974K(26112K) Class: 3103K(3264K)->3103K(3264K)
[4580.508s][info][gc             ] GC(1202) Pause Young (Allocation Failure) 5455M->3161M(5571M) 97.701ms
[4580.508s][info][gc,cpu         ] GC(1202) User=0.55s Sys=0.03s Real=0.09s
..[4582.646s][info][gc,start       ] GC(1203) Pause Young (Allocation Failure)
[4582.747s][info][gc,heap        ] GC(1203) PSYoungGen: 2612800K(2623488K)->158705K(2624512K) Eden: 2456064K(2456064K)->0K(2456064K) From: 156736K(167424K)->158705K(168448K)
[4582.747s][info][gc,heap        ] GC(1203) ParOldGen: 3080931K(3081216K)->3185651K(3185664K)
[4582.747s][info][gc,metaspace   ] GC(1203) Metaspace: 29077K(29376K)->29077K(29376K) NonClass: 25974K(26112K)->25974K(26112K) Class: 3103K(3264K)->3103K(3264K)
[4582.747s][info][gc             ] GC(1203) Pause Young (Allocation Failure) 5560M->3265M(5674M) 101.092ms
[4582.747s][info][gc,cpu         ] GC(1203) User=0.57s Sys=0.03s Real=0.10s
...[4584.840s][info][gc,start       ] GC(1204) Pause Young (Allocation Failure)
[4584.933s][info][gc,heap        ] GC(1204) PSYoungGen: 2614769K(2624512K)->145280K(2626048K) Eden: 2456064K(2456064K)->0K(2458112K) From: 158705K(168448K)->145280K(167936K)
[4584.933s][info][gc,heap        ] GC(1204) ParOldGen: 3185651K(3185664K)->3291123K(3291136K)
[4584.933s][info][gc,metaspace   ] GC(1204) Metaspace: 29077K(29376K)->29077K(29376K) NonClass: 25974K(26112K)->25974K(26112K) Class: 3103K(3264K)->3103K(3264K)
[4584.933s][info][gc             ] GC(1204) Pause Young (Allocation Failure) 5664M->3355M(5778M) 93.429ms
[4584.933s][info][gc,cpu         ] GC(1204) User=0.52s Sys=0.03s Real=0.10s
..[4587.106s][info][gc,start       ] GC(1205) Pause Young (Allocation Failure)
[4587.203s][info][gc,heap        ] GC(1205) PSYoungGen: 2603392K(2626048K)->158112K(2627072K) Eden: 2458112K(2458112K)->0K(2458112K) From: 145280K(167936K)->158112K(168960K)
[4587.203s][info][gc,heap        ] GC(1205) ParOldGen: 3291123K(3291136K)->3392787K(3393024K)
[4587.203s][info][gc,metaspace   ] GC(1205) Metaspace: 29077K(29376K)->29077K(29376K) NonClass: 25974K(26112K)->25974K(26112K) Class: 3103K(3264K)->3103K(3264K)
[4587.203s][info][gc             ] GC(1205) Pause Young (Allocation Failure) 5756M->3467M(5879M) 97.860ms
[4587.203s][info][gc,cpu         ] GC(1205) User=0.55s Sys=0.03s Real=0.10s
..[4589.266s][info][gc,start       ] GC(1206) Pause Young (Allocation Failure)
[4589.364s][info][gc,heap        ] GC(1206) PSYoungGen: 2616224K(2627072K)->154323K(2624512K) Eden: 2458112K(2458112K)->0K(2458624K) From: 158112K(168960K)->154323K(165888K)
[4589.364s][info][gc,heap        ] GC(1206) ParOldGen: 3392787K(3393024K)->3499483K(3499520K)
[4589.364s][info][gc,metaspace   ] GC(1206) Metaspace: 29077K(29376K)->29077K(29376K) NonClass: 25974K(26112K)->25974K(26112K) Class: 3103K(3264K)->3103K(3264K)
[4589.364s][info][gc             ] GC(1206) Pause Young (Allocation Failure) 5868M->3568M(5980M) 97.890ms
[4589.364s][info][gc,cpu         ] GC(1206) User=0.55s Sys=0.03s Real=0.10s
..[4591.459s][info][gc,start       ] GC(1207) Pause Young (Allocation Failure)
[4591.558s][info][gc,heap        ] GC(1207) PSYoungGen: 2612947K(2624512K)->161520K(2626048K) Eden: 2458624K(2458624K)->0K(2458624K) From: 154323K(165888K)->161520K(167424K)
[4591.558s][info][gc,heap        ] GC(1207) ParOldGen: 3499483K(3499520K)->3600859K(3600896K)
[4591.558s][info][gc,metaspace   ] GC(1207) Metaspace: 29077K(29376K)->29077K(29376K) NonClass: 25974K(26112K)->25974K(26112K) Class: 3103K(3264K)->3103K(3264K)
[4591.558s][info][gc             ] GC(1207) Pause Young (Allocation Failure) 5969M->3674M(6081M) 99.183ms
[4591.558s][info][gc,cpu         ] GC(1207) User=0.55s Sys=0.03s Real=0.10s
..[4593.756s][info][gc,start       ] GC(1208) Pause Young (Allocation Failure)
[4593.854s][info][gc,heap        ] GC(1208) PSYoungGen: 2620144K(2626048K)->156160K(2627584K) Eden: 2458624K(2458624K)->0K(2460160K) From: 161520K(167424K)->156160K(167424K)
[4593.854s][info][gc,heap        ] GC(1208) ParOldGen: 3600859K(3600896K)->3707339K(3707392K)
[4593.854s][info][gc,metaspace   ] GC(1208) Metaspace: 29077K(29376K)->29077K(29376K) NonClass: 25974K(26112K)->25974K(26112K) Class: 3103K(3264K)->3103K(3264K)
[4593.854s][info][gc             ] GC(1208) Pause Young (Allocation Failure) 6075M->3772M(6186M) 98.380ms
[4593.854s][info][gc,cpu         ] GC(1208) User=0.56s Sys=0.03s Real=0.10s
...[4595.959s][info][gc,start       ] GC(1209) Pause Young (Allocation Failure)
[4596.057s][info][gc,heap        ] GC(1209) PSYoungGen: 2616320K(2627584K)->151168K(2627584K) Eden: 2460160K(2460160K)->0K(2460160K) From: 156160K(167424K)->151168K(167424K)
[4596.057s][info][gc,heap        ] GC(1209) ParOldGen: 3707339K(3707392K)->3812275K(3812352K)
[4596.057s][info][gc,metaspace   ] GC(1209) Metaspace: 29077K(29376K)->29077K(29376K) NonClass: 25974K(26112K)->25974K(26112K) Class: 3103K(3264K)->3103K(3264K)
[4596.057s][info][gc             ] GC(1209) Pause Young (Allocation Failure) 6175M->3870M(6289M) 97.695ms
[4596.057s][info][gc,cpu         ] GC(1209) User=0.55s Sys=0.03s Real=0.10s
..[4598.191s][info][gc,start       ] GC(1210) Pause Young (Allocation Failure)
[4598.290s][info][gc,heap        ] GC(1210) PSYoungGen: 2611328K(2627584K)->155631K(2627072K) Eden: 2460160K(2460160K)->0K(2461696K) From: 151168K(167424K)->155631K(165376K)
[4598.290s][info][gc,heap        ] GC(1210) ParOldGen: 3812275K(3812352K)->3914291K(3914752K)
[4598.290s][info][gc,metaspace   ] GC(1210) Metaspace: 29077K(29376K)->29077K(29376K) NonClass: 25974K(26112K)->25974K(26112K) Class: 3103K(3264K)->3103K(3264K)
[4598.290s][info][gc             ] GC(1210) Pause Young (Allocation Failure) 6273M->3974M(6388M) 98.683ms
[4598.290s][info][gc,cpu         ] GC(1210) User=0.55s Sys=0.04s Real=0.10s
..[4600.394s][info][gc,start       ] GC(1211) Pause Young (Allocation Failure)
[4600.491s][info][gc,heap        ] GC(1211) PSYoungGen: 2617327K(2627072K)->153824K(2627584K) Eden: 2461696K(2461696K)->0K(2461696K) From: 155631K(165376K)->153824K(165888K)
[4600.491s][info][gc,heap        ] GC(1211) ParOldGen: 3914291K(3914752K)->4019795K(4020224K)
[4600.491s][info][gc,metaspace   ] GC(1211) Metaspace: 29077K(29376K)->29077K(29376K) NonClass: 25974K(26112K)->25974K(26112K) Class: 3103K(3264K)->3103K(3264K)
[4600.491s][info][gc             ] GC(1211) Pause Young (Allocation Failure) 6378M->4075M(6492M) 97.959ms
[4600.492s][info][gc,cpu         ] GC(1211) User=0.54s Sys=0.03s Real=0.10s
..[4602.609s][info][gc,start       ] GC(1212) Pause Young (Allocation Failure)
[4602.710s][info][gc,heap        ] GC(1212) PSYoungGen: 2615520K(2627584K)->159088K(2629632K) Eden: 2461696K(2461696K)->0K(2464256K) From: 153824K(165888K)->159088K(165376K)
[4602.710s][info][gc,heap        ] GC(1212) ParOldGen: 4019795K(4020224K)->4124363K(4124672K)
[4602.710s][info][gc,metaspace   ] GC(1212) Metaspace: 29077K(29376K)->29077K(29376K) NonClass: 25974K(26112K)->25974K(26112K) Class: 3103K(3264K)->3103K(3264K)
[4602.710s][info][gc             ] GC(1212) Pause Young (Allocation Failure) 6479M->4183M(6596M) 101.278ms
[4602.710s][info][gc,cpu         ] GC(1212) User=0.57s Sys=0.02s Real=0.11s
...[4604.910s][info][gc,start       ] GC(1213) Pause Young (Allocation Failure)
[4605.006s][info][gc,heap        ] GC(1213) PSYoungGen: 2623344K(2629632K)->148960K(2630144K) Eden: 2464256K(2464256K)->0K(2464256K) From: 159088K(165376K)->148960K(165888K)
[4605.006s][info][gc,heap        ] GC(1213) ParOldGen: 4124363K(4124672K)->4226635K(4227072K)
[4605.006s][info][gc,metaspace   ] GC(1213) Metaspace: 29077K(29376K)->29077K(29376K) NonClass: 25974K(26112K)->25974K(26112K) Class: 3103K(3264K)->3103K(3264K)
[4605.006s][info][gc             ] GC(1213) Pause Young (Allocation Failure) 6589M->4273M(6696M) 95.493ms
[4605.006s][info][gc,cpu         ] GC(1213) User=0.53s Sys=0.03s Real=0.09s
..[4607.161s][info][gc,start       ] GC(1214) Pause Young (Allocation Failure)
[4607.262s][info][gc,heap        ] GC(1214) PSYoungGen: 2613216K(2630144K)->159616K(2629120K) Eden: 2464256K(2464256K)->0K(2463232K) From: 148960K(165888K)->159616K(165888K)
[4607.262s][info][gc,heap        ] GC(1214) ParOldGen: 4226635K(4227072K)->4331803K(4332032K)
[4607.262s][info][gc,metaspace   ] GC(1214) Metaspace: 29077K(29376K)->29077K(29376K) NonClass: 25974K(26112K)->25974K(26112K) Class: 3103K(3264K)->3103K(3264K)
[4607.262s][info][gc             ] GC(1214) Pause Young (Allocation Failure) 6679M->4386M(6798M) 100.637ms
[4607.262s][info][gc,cpu         ] GC(1214) User=0.55s Sys=0.04s Real=0.10s
..[4609.366s][info][gc,start       ] GC(1215) Pause Young (Allocation Failure)
[4609.466s][info][gc,heap        ] GC(1215) PSYoungGen: 2622848K(2629120K)->156064K(2619392K) Eden: 2463232K(2463232K)->0K(2463232K) From: 159616K(165888K)->156064K(156160K)
[4609.466s][info][gc,heap        ] GC(1215) ParOldGen: 4331803K(4332032K)->4437787K(4438016K)
[4609.466s][info][gc,metaspace   ] GC(1215) Metaspace: 29077K(29376K)->29077K(29376K) NonClass: 25974K(26112K)->25974K(26112K) Class: 3103K(3264K)->3103K(3264K)
[4609.466s][info][gc             ] GC(1215) Pause Young (Allocation Failure) 6791M->4486M(6892M) 99.592ms
[4609.466s][info][gc,cpu         ] GC(1215) User=0.56s Sys=0.03s Real=0.10s
..[4611.584s][info][gc,start       ] GC(1216) Pause Young (Allocation Failure)
[4611.684s][info][gc,heap        ] GC(1216) PSYoungGen: 2619296K(2619392K)->153696K(2629632K) Eden: 2463232K(2463232K)->0K(2464256K) From: 156064K(156160K)->153696K(165376K)
[4611.684s][info][gc,heap        ] GC(1216) ParOldGen: 4437787K(4438016K)->4542147K(4542464K)
[4611.684s][info][gc,metaspace   ] GC(1216) Metaspace: 29077K(29376K)->29077K(29376K) NonClass: 25974K(26112K)->25974K(26112K) Class: 3103K(3264K)->3103K(3264K)
[4611.684s][info][gc             ] GC(1216) Pause Young (Allocation Failure) 6891M->4585M(7004M) 100.429ms
[4611.684s][info][gc,cpu         ] GC(1216) User=0.56s Sys=0.04s Real=0.10s
..[4613.891s][info][gc,start       ] GC(1217) Pause Young (Allocation Failure)
[4613.986s][info][gc,heap        ] GC(1217) PSYoungGen: 2617952K(2629632K)->148672K(2629120K) Eden: 2464256K(2464256K)->0K(2464256K) From: 153696K(165376K)->148672K(164864K)
[4613.986s][info][gc,heap        ] GC(1217) ParOldGen: 4542147K(4542464K)->4645163K(4645376K)
[4613.986s][info][gc,metaspace   ] GC(1217) Metaspace: 29077K(29376K)->29077K(29376K) NonClass: 25974K(26112K)->25974K(26112K) Class: 3103K(3264K)->3103K(3264K)
[4613.986s][info][gc             ] GC(1217) Pause Young (Allocation Failure) 6992M->4681M(7104M) 94.957ms
[4613.986s][info][gc,cpu         ] GC(1217) User=0.53s Sys=0.04s Real=0.09s
...[4616.100s][info][gc,start       ] GC(1218) Pause Young (Allocation Failure)
[4616.202s][info][gc,heap        ] GC(1218) PSYoungGen: 2612928K(2629120K)->159872K(2629632K) Eden: 2464256K(2464256K)->0K(2464256K) From: 148672K(164864K)->159872K(165376K)
[4616.202s][info][gc,heap        ] GC(1218) ParOldGen: 4645163K(4645376K)->4750803K(4750848K)
[4616.202s][info][gc,metaspace   ] GC(1218) Metaspace: 29077K(29376K)->29077K(29376K) NonClass: 25974K(26112K)->25974K(26112K) Class: 3103K(3264K)->3103K(3264K)
[4616.202s][info][gc             ] GC(1218) Pause Young (Allocation Failure) 7087M->4795M(7207M) 102.518ms
[4616.202s][info][gc,cpu         ] GC(1218) User=0.58s Sys=0.02s Real=0.11s
..[4618.311s][info][gc,start       ] GC(1219) Pause Young (Allocation Failure)
[4618.409s][info][gc,heap        ] GC(1219) PSYoungGen: 2624128K(2629632K)->151584K(2630144K) Eden: 2464256K(2464256K)->0K(2464256K) From: 159872K(165376K)->151584K(165888K)
[4618.409s][info][gc,heap        ] GC(1219) ParOldGen: 4750803K(4750848K)->4855315K(4855808K)
[4618.409s][info][gc,metaspace   ] GC(1219) Metaspace: 29077K(29376K)->29077K(29376K) NonClass: 25974K(26112K)->25974K(26112K) Class: 3103K(3264K)->3103K(3264K)
[4618.409s][info][gc             ] GC(1219) Pause Young (Allocation Failure) 7202M->4889M(7310M) 98.105ms
[4618.409s][info][gc,cpu         ] GC(1219) User=0.54s Sys=0.05s Real=0.09s
..[4620.471s][info][gc,start       ] GC(1220) Pause Young (Allocation Failure)
[4620.571s][info][gc,heap        ] GC(1220) PSYoungGen: 2615840K(2630144K)->158000K(2630144K) Eden: 2464256K(2464256K)->0K(2464256K) From: 151584K(165888K)->158000K(165888K)
[4620.571s][info][gc,heap        ] GC(1220) ParOldGen: 4855315K(4855808K)->4958971K(4959232K)
[4620.571s][info][gc,metaspace   ] GC(1220) Metaspace: 29077K(29376K)->29077K(29376K) NonClass: 25974K(26112K)->25974K(26112K) Class: 3103K(3264K)->3103K(3264K)
[4620.571s][info][gc             ] GC(1220) Pause Young (Allocation Failure) 7296M->4997M(7411M) 100.198ms
[4620.571s][info][gc,cpu         ] GC(1220) User=0.55s Sys=0.04s Real=0.10s
..[4622.733s][info][gc,start       ] GC(1221) Pause Young (Allocation Failure)
[4622.841s][info][gc,heap        ] GC(1221) PSYoungGen: 2622256K(2630144K)->165861K(2630144K) Eden: 2464256K(2464256K)->0K(2464256K) From: 158000K(165888K)->165861K(165888K)
[4622.841s][info][gc,heap        ] GC(1221) ParOldGen: 4958971K(4959232K)->5070739K(5070848K)
[4622.842s][info][gc,metaspace   ] GC(1221) Metaspace: 29077K(29376K)->29077K(29376K) NonClass: 25974K(26112K)->25974K(26112K) Class: 3103K(3264K)->3103K(3264K)
[4622.842s][info][gc             ] GC(1221) Pause Young (Allocation Failure) 7403M->5113M(7520M) 108.212ms
[4622.842s][info][gc,cpu         ] GC(1221) User=0.60s Sys=0.03s Real=0.11s
..[4624.921s][info][gc,start       ] GC(1222) Pause Young (Allocation Failure)
[4625.020s][info][gc,heap        ] GC(1222) PSYoungGen: 2630117K(2630144K)->151940K(2545152K) Eden: 2464256K(2464256K)->0K(2379264K) From: 165861K(165888K)->151940K(165888K)
[4625.020s][info][gc,heap        ] GC(1222) ParOldGen: 5070739K(5070848K)->5171075K(5171200K)
[4625.020s][info][gc,metaspace   ] GC(1222) Metaspace: 29077K(29376K)->29077K(29376K) NonClass: 25974K(26112K)->25974K(26112K) Class: 3103K(3264K)->3103K(3264K)
[4625.020s][info][gc             ] GC(1222) Pause Young (Allocation Failure) 7520M->5198M(7535M) 98.426ms
[4625.020s][info][gc,cpu         ] GC(1222) User=0.55s Sys=0.03s Real=0.09s
..[4627.081s][info][gc,start       ] GC(1223) Pause Young (Allocation Failure)
[4627.182s][info][gc,heap        ] GC(1223) PSYoungGen: 2531204K(2545152K)->159065K(2587648K) Eden: 2379264K(2379264K)->0K(2379264K) From: 151940K(165888K)->159065K(208384K)
[4627.182s][info][gc,heap        ] GC(1223) ParOldGen: 5171075K(5171200K)->5274843K(5275136K)
[4627.182s][info][gc,metaspace   ] GC(1223) Metaspace: 29077K(29376K)->29077K(29376K) NonClass: 25974K(26112K)->25974K(26112K) Class: 3103K(3264K)->3103K(3264K)
[4627.182s][info][gc             ] GC(1223) Pause Young (Allocation Failure) 7521M->5306M(7678M) 101.057ms
[4627.182s][info][gc,cpu         ] GC(1223) User=0.56s Sys=0.03s Real=0.10s
...[4629.228s][info][gc,start       ] GC(1224) Pause Young (Allocation Failure)
[4629.326s][info][gc,heap        ] GC(1224) PSYoungGen: 2538329K(2587648K)->147328K(2582528K) Eden: 2379264K(2379264K)->0K(2382336K) From: 159065K(208384K)->147328K(200192K)
[4629.326s][info][gc,heap        ] GC(1224) ParOldGen: 5274843K(5275136K)->5378907K(5379072K)
[4629.326s][info][gc,metaspace   ] GC(1224) Metaspace: 29077K(29376K)->29077K(29376K) NonClass: 25974K(26112K)->25974K(26112K) Class: 3103K(3264K)->3103K(3264K)
[4629.326s][info][gc             ] GC(1224) Pause Young (Allocation Failure) 7630M->5396M(7775M) 97.832ms
[4629.326s][info][gc,cpu         ] GC(1224) User=0.54s Sys=0.03s Real=0.10s
..[4631.372s][info][gc,start       ] GC(1225) Pause Young (Allocation Failure)
[4631.471s][info][gc,heap        ] GC(1225) PSYoungGen: 2529664K(2582528K)->152768K(2586624K) Eden: 2382336K(2382336K)->0K(2382336K) From: 147328K(200192K)->152768K(204288K)
[4631.471s][info][gc,heap        ] GC(1225) ParOldGen: 5378907K(5379072K)->5481131K(5481472K)
[4631.471s][info][gc,metaspace   ] GC(1225) Metaspace: 29077K(29376K)->29077K(29376K) NonClass: 25974K(26112K)->25974K(26112K) Class: 3103K(3264K)->3103K(3264K)
[4631.471s][info][gc             ] GC(1225) Pause Young (Allocation Failure) 7723M->5501M(7879M) 98.967ms
[4631.471s][info][gc,cpu         ] GC(1225) User=0.56s Sys=0.02s Real=0.10s
..[4633.551s][info][gc,start       ] GC(1226) Pause Young (Allocation Failure)
[4633.652s][info][gc,heap        ] GC(1226) PSYoungGen: 2535104K(2586624K)->152864K(2584576K) Eden: 2382336K(2382336K)->0K(2389504K) From: 152768K(204288K)->152864K(195072K)
[4633.652s][info][gc,heap        ] GC(1226) ParOldGen: 5481131K(5481472K)->5583363K(5583872K)
[4633.652s][info][gc,metaspace   ] GC(1226) Metaspace: 29077K(29376K)->29077K(29376K) NonClass: 25974K(26112K)->25974K(26112K) Class: 3103K(3264K)->3103K(3264K)
[4633.652s][info][gc             ] GC(1226) Pause Young (Allocation Failure) 7828M->5601M(7977M) 100.517ms
[4633.652s][info][gc,cpu         ] GC(1226) User=0.56s Sys=0.03s Real=0.10s
. (rIR:aIR:PR = 7749:7723:7723) (tPR = 114832) [OK] 
  4634s: Performance info:
         Transaction,    Success,    Partial,     Failed,   Receipts, AvgBarcode, 
             Overall,     467542,          0,          0,     444112,      59.47, 
         Response times:
             Request,    Success,    Partial,     Failed,   SkipFail,     Probes,    Samples,      min,      p50,      p90,      p95,      p99,      max, 
       TotalPurchase,     444112,          0,          0,          0,     363473,     456306,      300,     5300,    14500,    32000,    61000,   167000,
     InStorePurchase,     233896,          0,          0,          0,     191159,     239686,      300,     5300,    14500,    31000,    61000,   167000,
      OnlinePurchase,     163300,          0,          0,          0,     133779,     167648,      300,     5600,    15000,    33000,    63000,   167000,
        InstPurchase,      46916,          0,          0,          0,      38535,      48972,      400,     4400,    12600,    29000,    55000,   164000,
          AssocOfCat,        469,          0,          0,          0,        384,        604,    24000,    39000,    65000,   100000,   148950,   167000,
      AssocOfProduct,       4687,          0,          0,          0,       4390,       5760,     1500,     7000,    18200,    40000,    65000,   164000,
      BusinessReport,       1168,          0,          0,          0,       1055,       1447,    26000,    48000,    72000,    90600,   153520,   201000,
          CustBuyBeh,       4693,          0,          0,          0,       4453,       5849,      900,     6800,    18100,    41000,    73500,   164000,
       ProductReturn,      12413,          0,          0,          0,       9537,      12266,      200,     5700,    15500,    35000,    65000,   164000,

  4634s: (57%)   IR =   7887 .[4635.764s][info][gc,start       ] GC(1227) Pause Full (Allocation Failure)
[4635.764s][info][gc,phases,start] GC(1227) Marking Phase
[4636.079s][info][gc,phases      ] GC(1227) Marking Phase 314.474ms
[4636.079s][info][gc,phases,start] GC(1227) Summary Phase
[4636.079s][info][gc,phases      ] GC(1227) Summary Phase 0.111ms
[4636.079s][info][gc,phases,start] GC(1227) Forward
[4636.204s][info][gc,phases      ] GC(1227) Forward 124.995ms
[4636.204s][info][gc,phases,start] GC(1227) Adjust Pointers
[4636.416s][info][gc,phases      ] GC(1227) Adjust Pointers 212.121ms
[4636.416s][info][gc,phases,start] GC(1227) Compaction Phase
[4636.568s][info][gc,phases      ] GC(1227) Compaction Phase 152.024ms
[4636.570s][info][gc,phases,start] GC(1227) Post Compact
[4636.577s][info][gc,phases      ] GC(1227) Post Compact 6.915ms
[4636.700s][info][gc,heap        ] GC(1227) PSYoungGen: 2542368K(2584576K)->0K(2589184K) Eden: 2389504K(2389504K)->0K(2389504K) From: 152864K(195072K)->0K(199680K)
[4636.700s][info][gc,heap        ] GC(1227) ParOldGen: 5583363K(5583872K)->1627706K(1943040K)
[4636.700s][info][gc,metaspace   ] GC(1227) Metaspace: 29077K(29376K)->29077K(29376K) NonClass: 25974K(26112K)->25974K(26112K) Class: 3103K(3264K)->3103K(3264K)
[4636.700s][info][gc             ] GC(1227) Pause Full (Allocation Failure) 7935M->1589M(4426M) 935.405ms
[4636.700s][info][gc,cpu         ] GC(1227) User=4.44s Sys=0.12s Real=0.93s
..[4638.025s][info][gc,start       ] GC(1228) Pause Young (Allocation Failure)
[4638.090s][info][gc,heap        ] GC(1228) PSYoungGen: 2389504K(2589184K)->155579K(2591232K) Eden: 2389504K(2389504K)->0K(2396672K) From: 0K(199680K)->155579K(194560K)
[4638.090s][info][gc,heap        ] GC(1228) ParOldGen: 1627706K(1943040K)->1627706K(1943040K)
[4638.090s][info][gc,metaspace   ] GC(1228) Metaspace: 29077K(29376K)->29077K(29376K) NonClass: 25974K(26112K)->25974K(26112K) Class: 3103K(3264K)->3103K(3264K)
[4638.090s][info][gc             ] GC(1228) Pause Young (Allocation Failure) 3923M->1741M(4428M) 65.429ms
[4638.090s][info][gc,cpu         ] GC(1228) User=0.38s Sys=0.00s Real=0.07s
..[4640.030s][info][gc,start       ] GC(1229) Pause Young (Allocation Failure)
[4640.118s][info][gc,heap        ] GC(1229) PSYoungGen: 2552251K(2591232K)->148288K(2593792K) Eden: 2396672K(2396672K)->0K(2396672K) From: 155579K(194560K)->148288K(197120K)
[4640.118s][info][gc,heap        ] GC(1229) ParOldGen: 1627706K(1943040K)->1729690K(1943040K)
[4640.118s][info][gc,metaspace   ] GC(1229) Metaspace: 29077K(29376K)->29077K(29376K) NonClass: 25974K(26112K)->25974K(26112K) Class: 3103K(3264K)->3103K(3264K)
[4640.118s][info][gc             ] GC(1229) Pause Young (Allocation Failure) 4081M->1833M(4430M) 88.725ms
[4640.119s][info][gc,cpu         ] GC(1229) User=0.53s Sys=0.00s Real=0.09s
..[4642.132s][info][gc,start       ] GC(1230) Pause Young (Allocation Failure)
[4642.223s][info][gc,heap        ] GC(1230) PSYoungGen: 2544960K(2593792K)->148736K(2594816K) Eden: 2396672K(2396672K)->0K(2403328K) From: 148288K(197120K)->148736K(191488K)
[4642.223s][info][gc,heap        ] GC(1230) ParOldGen: 1729690K(1943040K)->1835090K(1943040K)
[4642.223s][info][gc,metaspace   ] GC(1230) Metaspace: 29077K(29376K)->29077K(29376K) NonClass: 25974K(26112K)->25974K(26112K) Class: 3103K(3264K)->3103K(3264K)
[4642.223s][info][gc             ] GC(1230) Pause Young (Allocation Failure) 4174M->1937M(4431M) 91.265ms
[4642.223s][info][gc,cpu         ] GC(1230) User=0.54s Sys=0.00s Real=0.09s
.|.[4644.235s][info][gc,start       ] GC(1231) Pause Young (Allocation Failure)
[4644.331s][info][gc,heap        ] GC(1231) PSYoungGen: 2552064K(2594816K)->161220K(2597376K) Eden: 2403328K(2403328K)->0K(2403328K) From: 148736K(191488K)->161220K(194048K)
[4644.331s][info][gc,heap        ] GC(1231) ParOldGen: 1835090K(1943040K)->1937290K(1943040K)
[4644.331s][info][gc,metaspace   ] GC(1231) Metaspace: 29077K(29376K)->29077K(29376K) NonClass: 25974K(26112K)->25974K(26112K) Class: 3103K(3264K)->3103K(3264K)
[4644.331s][info][gc             ] GC(1231) Pause Young (Allocation Failure) 4284M->2049M(4434M) 95.899ms
[4644.331s][info][gc,cpu         ] GC(1231) User=0.56s Sys=0.00s Real=0.10s
..[4646.368s][info][gc,start       ] GC(1232) Pause Young (Allocation Failure)
[4646.468s][info][gc,heap        ] GC(1232) PSYoungGen: 2564548K(2597376K)->161157K(2596864K) Eden: 2403328K(2403328K)->0K(2410496K) From: 161220K(194048K)->161157K(186368K)
[4646.469s][info][gc,heap        ] GC(1232) ParOldGen: 1937290K(1943040K)->2041042K(2041344K)
[4646.469s][info][gc,metaspace   ] GC(1232) Metaspace: 29077K(29376K)->29077K(29376K) NonClass: 25974K(26112K)->25974K(26112K) Class: 3103K(3264K)->3103K(3264K)
[4646.469s][info][gc             ] GC(1232) Pause Young (Allocation Failure) 4396M->2150M(4529M) 100.859ms
[4646.469s][info][gc,cpu         ] GC(1232) User=0.56s Sys=0.03s Real=0.10s
..[4648.485s][info][gc,start       ] GC(1233) Pause Young (Allocation Failure)
[4648.582s][info][gc,heap        ] GC(1233) PSYoungGen: 2571653K(2596864K)->151584K(2599424K) Eden: 2410496K(2410496K)->0K(2410496K) From: 161157K(186368K)->151584K(188928K)
[4648.582s][info][gc,heap        ] GC(1233) ParOldGen: 2041042K(2041344K)->2146186K(2146304K)
[4648.582s][info][gc,metaspace   ] GC(1233) Metaspace: 29077K(29376K)->29077K(29376K) NonClass: 25974K(26112K)->25974K(26112K) Class: 3103K(3264K)->3103K(3264K)
[4648.582s][info][gc             ] GC(1233) Pause Young (Allocation Failure) 4504M->2243M(4634M) 97.314ms
[4648.582s][info][gc,cpu         ] GC(1233) User=0.55s Sys=0.02s Real=0.10s
..[4650.676s][info][gc,start       ] GC(1234) Pause Young (Allocation Failure)
[4650.774s][info][gc,heap        ] GC(1234) PSYoungGen: 2562080K(2599424K)->160640K(2601984K) Eden: 2410496K(2410496K)->0K(2419712K) From: 151584K(188928K)->160640K(182272K)
[4650.774s][info][gc,heap        ] GC(1234) ParOldGen: 2146186K(2146304K)->2249114K(2249216K)
[4650.774s][info][gc,metaspace   ] GC(1234) Metaspace: 29077K(29376K)->29077K(29376K) NonClass: 25974K(26112K)->25974K(26112K) Class: 3103K(3264K)->3103K(3264K)
[4650.774s][info][gc             ] GC(1234) Pause Young (Allocation Failure) 4597M->2353M(4737M) 98.254ms
[4650.774s][info][gc,cpu         ] GC(1234) User=0.55s Sys=0.03s Real=0.10s
...[4652.803s][info][gc,start       ] GC(1235) Pause Young (Allocation Failure)
[4652.904s][info][gc,heap        ] GC(1235) PSYoungGen: 2580352K(2601984K)->164596K(2605056K) Eden: 2419712K(2419712K)->0K(2419712K) From: 160640K(182272K)->164596K(185344K)
[4652.904s][info][gc,heap        ] GC(1235) ParOldGen: 2249114K(2249216K)->2351754K(2352128K)
[4652.904s][info][gc,metaspace   ] GC(1235) Metaspace: 29077K(29376K)->29077K(29376K) NonClass: 25974K(26112K)->25974K(26112K) Class: 3103K(3264K)->3103K(3264K)
[4652.904s][info][gc             ] GC(1235) Pause Young (Allocation Failure) 4716M->2457M(4841M) 100.590ms
[4652.904s][info][gc,cpu         ] GC(1235) User=0.56s Sys=0.03s Real=0.10s
..[4654.901s][info][gc,start       ] GC(1236) Pause Young (Allocation Failure)
[4654.993s][info][gc,heap        ] GC(1236) PSYoungGen: 2584308K(2605056K)->142720K(2610176K) Eden: 2419712K(2419712K)->0K(2425344K) From: 164596K(185344K)->142720K(184832K)
[4654.993s][info][gc,heap        ] GC(1236) ParOldGen: 2351754K(2352128K)->2457442K(2457600K)
[4654.993s][info][gc,metaspace   ] GC(1236) Metaspace: 29077K(29376K)->29077K(29376K) NonClass: 25974K(26112K)->25974K(26112K) Class: 3103K(3264K)->3103K(3264K)
[4654.993s][info][gc             ] GC(1236) Pause Young (Allocation Failure) 4820M->2539M(4949M) 91.995ms
[4654.993s][info][gc,cpu         ] GC(1236) User=0.51s Sys=0.04s Real=0.09s
..[4657.034s][info][gc,start       ] GC(1237) Pause Young (Allocation Failure)
[4657.131s][info][gc,heap        ] GC(1237) PSYoungGen: 2568064K(2610176K)->152480K(2577920K) Eden: 2425344K(2425344K)->0K(2425344K) From: 142720K(184832K)->152480K(152576K)
[4657.131s][info][gc,heap        ] GC(1237) ParOldGen: 2457442K(2457600K)->2560122K(2560512K)
[4657.131s][info][gc,metaspace   ] GC(1237) Metaspace: 29077K(29376K)->29077K(29376K) NonClass: 25974K(26112K)->25974K(26112K) Class: 3103K(3264K)->3103K(3264K)
[4657.131s][info][gc             ] GC(1237) Pause Young (Allocation Failure) 4907M->2649M(5018M) 96.860ms
[4657.131s][info][gc,cpu         ] GC(1237) User=0.54s Sys=0.04s Real=0.10s
..[4659.213s][info][gc,start       ] GC(1238) Pause Young (Allocation Failure)
[4659.310s][info][gc,heap        ] GC(1238) PSYoungGen: 2577824K(2577920K)->157312K(2611712K) Eden: 2425344K(2425344K)->0K(2428416K) From: 152480K(152576K)->157312K(183296K)
[4659.310s][info][gc,heap        ] GC(1238) ParOldGen: 2560122K(2560512K)->2663554K(2663936K)
[4659.310s][info][gc,metaspace   ] GC(1238) Metaspace: 29077K(29376K)->29077K(29376K) NonClass: 25974K(26112K)->25974K(26112K) Class: 3103K(3264K)->3103K(3264K)
[4659.310s][info][gc             ] GC(1238) Pause Young (Allocation Failure) 5017M->2754M(5152M) 97.236ms
[4659.310s][info][gc,cpu         ] GC(1238) User=0.54s Sys=0.03s Real=0.10s
..[4661.396s][info][gc,start       ] GC(1239) Pause Young (Allocation Failure)
[4661.492s][info][gc,heap        ] GC(1239) PSYoungGen: 2585728K(2611712K)->150624K(2609152K) Eden: 2428416K(2428416K)->0K(2428416K) From: 157312K(183296K)->150624K(180736K)
[4661.492s][info][gc,heap        ] GC(1239) ParOldGen: 2663554K(2663936K)->2769002K(2769408K)
[4661.492s][info][gc,metaspace   ] GC(1239) Metaspace: 29077K(29376K)->29077K(29376K) NonClass: 25974K(26112K)->25974K(26112K) Class: 3103K(3264K)->3103K(3264K)
[4661.492s][info][gc             ] GC(1239) Pause Young (Allocation Failure) 5126M->2851M(5252M) 95.775ms
[4661.492s][info][gc,cpu         ] GC(1239) User=0.53s Sys=0.03s Real=0.10s
.[4662.096s][info][gc,start       ] GC(1240) Pause Full (Diagnostic Command)
[4662.096s][info][gc,phases,start] GC(1240) Marking Phase
[4662.399s][info][gc,phases      ] GC(1240) Marking Phase 303.021ms
[4662.399s][info][gc,phases,start] GC(1240) Summary Phase
[4662.399s][info][gc,phases      ] GC(1240) Summary Phase 0.049ms
[4662.399s][info][gc,phases,start] GC(1240) Forward
[4662.553s][info][gc,phases      ] GC(1240) Forward 154.206ms
[4662.553s][info][gc,phases,start] GC(1240) Adjust Pointers
[4662.767s][info][gc,phases      ] GC(1240) Adjust Pointers 213.421ms
[4662.767s][info][gc,phases,start] GC(1240) Compaction Phase
[4662.946s][info][gc,phases      ] GC(1240) Compaction Phase 179.270ms
[4662.949s][info][gc,phases,start] GC(1240) Post Compact
[4662.952s][info][gc,phases      ] GC(1240) Post Compact 3.353ms
[4662.952s][info][gc,heap        ] GC(1240) PSYoungGen: 986553K(2609152K)->0K(2609152K) Eden: 835929K(2428416K)->0K(2428416K) From: 150624K(180736K)->0K(180736K)
[4662.952s][info][gc,heap        ] GC(1240) ParOldGen: 2769002K(2769408K)->1336819K(2769408K)
[4662.952s][info][gc,metaspace   ] GC(1240) Metaspace: 29077K(29376K)->29077K(29376K) NonClass: 25974K(26112K)->25974K(26112K) Class: 3103K(3264K)->3103K(3264K)
[4662.952s][info][gc             ] GC(1240) Pause Full (Diagnostic Command) 3667M->1305M(5252M) 856.217ms
[4662.952s][info][gc,cpu         ] GC(1240) User=4.66s Sys=0.00s Real=0.86s
..[4664.296s][info][gc,start       ] GC(1241) Pause Young (Allocation Failure)
[4664.366s][info][gc,heap        ] GC(1241) PSYoungGen: 2428416K(2609152K)->167882K(2610176K) Eden: 2428416K(2428416K)->0K(2430464K) From: 0K(180736K)->167882K(179712K)
[4664.366s][info][gc,heap        ] GC(1241) ParOldGen: 1336819K(2769408K)->1336819K(2769408K)
[4664.366s][info][gc,metaspace   ] GC(1241) Metaspace: 29077K(29376K)->29077K(29376K) NonClass: 25974K(26112K)->25974K(26112K) Class: 3103K(3264K)->3103K(3264K)
[4664.366s][info][gc             ] GC(1241) Pause Young (Allocation Failure) 3676M->1469M(5253M) 69.850ms
[4664.366s][info][gc,cpu         ] GC(1241) User=0.41s Sys=0.00s Real=0.07s
..[4666.411s][info][gc,start       ] GC(1242) Pause Young (Allocation Failure)
[4666.507s][info][gc,heap        ] GC(1242) PSYoungGen: 2598346K(2610176K)->167125K(2611712K) Eden: 2430464K(2430464K)->0K(2430464K) From: 167882K(179712K)->167125K(181248K)
[4666.507s][info][gc,heap        ] GC(1242) ParOldGen: 1336819K(2769408K)->1441787K(2769408K)
[4666.507s][info][gc,metaspace   ] GC(1242) Metaspace: 29077K(29376K)->29077K(29376K) NonClass: 25974K(26112K)->25974K(26112K) Class: 3103K(3264K)->3103K(3264K)
[4666.507s][info][gc             ] GC(1242) Pause Young (Allocation Failure) 3842M->1571M(5255M) 96.631ms
[4666.507s][info][gc,cpu         ] GC(1242) User=0.58s Sys=0.00s Real=0.09s
..[4668.594s][info][gc,start       ] GC(1243) Pause Young (Allocation Failure)
[4668.688s][info][gc,heap        ] GC(1243) PSYoungGen: 2597589K(2611712K)->162197K(2613760K) Eden: 2430464K(2430464K)->0K(2431488K) From: 167125K(181248K)->162197K(182272K)
[4668.688s][info][gc,heap        ] GC(1243) ParOldGen: 1441787K(2769408K)->1545731K(2769408K)
[4668.688s][info][gc,metaspace   ] GC(1243) Metaspace: 29077K(29376K)->29077K(29376K) NonClass: 25974K(26112K)->25974K(26112K) Class: 3103K(3264K)->3103K(3264K)
[4668.688s][info][gc             ] GC(1243) Pause Young (Allocation Failure) 3944M->1667M(5257M) 94.665ms
[4668.689s][info][gc,cpu         ] GC(1243) User=0.56s Sys=0.00s Real=0.09s
..[4670.759s][info][gc,start       ] GC(1244) Pause Young (Allocation Failure)
[4670.856s][info][gc,heap        ] GC(1244) PSYoungGen: 2593685K(2613760K)->166954K(2613248K) Eden: 2431488K(2431488K)->0K(2431488K) From: 162197K(182272K)->166954K(181760K)
[4670.856s][info][gc,heap        ] GC(1244) ParOldGen: 1545731K(2769408K)->1650747K(2769408K)
[4670.856s][info][gc,metaspace   ] GC(1244) Metaspace: 29077K(29376K)->29077K(29376K) NonClass: 25974K(26112K)->25974K(26112K) Class: 3103K(3264K)->3103K(3264K)
[4670.856s][info][gc             ] GC(1244) Pause Young (Allocation Failure) 4042M->1775M(5256M) 97.470ms
[4670.856s][info][gc,cpu         ] GC(1244) User=0.58s Sys=0.00s Real=0.10s
..[4672.894s][info][gc,start       ] GC(1245) Pause Young (Allocation Failure)
[4672.986s][info][gc,heap        ] GC(1245) PSYoungGen: 2598442K(2613248K)->157648K(2610688K) Eden: 2431488K(2431488K)->0K(2432000K) From: 166954K(181760K)->157648K(178688K)
[4672.986s][info][gc,heap        ] GC(1245) ParOldGen: 1650747K(2769408K)->1753691K(2769408K)
[4672.986s][info][gc,metaspace   ] GC(1245) Metaspace: 29077K(29376K)->29077K(29376K) NonClass: 25974K(26112K)->25974K(26112K) Class: 3103K(3264K)->3103K(3264K)
[4672.986s][info][gc             ] GC(1245) Pause Young (Allocation Failure) 4149M->1866M(5254M) 92.624ms
[4672.986s][info][gc,cpu         ] GC(1245) User=0.55s Sys=0.00s Real=0.09s
..[4675.030s][info][gc,start       ] GC(1246) Pause Young (Allocation Failure)
[4675.121s][info][gc,heap        ] GC(1246) PSYoungGen: 2589648K(2610688K)->150992K(2612224K) Eden: 2432000K(2432000K)->0K(2432000K) From: 157648K(178688K)->150992K(180224K)
[4675.122s][info][gc,heap        ] GC(1246) ParOldGen: 1753691K(2769408K)->1859587K(2769408K)
[4675.122s][info][gc,metaspace   ] GC(1246) Metaspace: 29077K(29376K)->29077K(29376K) NonClass: 25974K(26112K)->25974K(26112K) Class: 3103K(3264K)->3103K(3264K)
[4675.122s][info][gc             ] GC(1246) Pause Young (Allocation Failure) 4241M->1963M(5255M) 91.663ms
[4675.122s][info][gc,cpu         ] GC(1246) User=0.53s Sys=0.00s Real=0.10s
...[4677.169s][info][gc,start       ] GC(1247) Pause Young (Allocation Failure)
[4677.261s][info][gc,heap        ] GC(1247) PSYoungGen: 2582992K(2612224K)->155248K(2612224K) Eden: 2432000K(2432000K)->0K(2436096K) From: 150992K(180224K)->155248K(176128K)
[4677.261s][info][gc,heap        ] GC(1247) ParOldGen: 1859587K(2769408K)->1961699K(2769408K)
[4677.261s][info][gc,metaspace   ] GC(1247) Metaspace: 29077K(29376K)->29077K(29376K) NonClass: 25974K(26112K)->25974K(26112K) Class: 3103K(3264K)->3103K(3264K)
[4677.261s][info][gc             ] GC(1247) Pause Young (Allocation Failure) 4338M->2067M(5255M) 92.263ms
[4677.261s][info][gc,cpu         ] GC(1247) User=0.55s Sys=0.00s Real=0.10s
..[4679.328s][info][gc,start       ] GC(1248) Pause Young (Allocation Failure)
[4679.421s][info][gc,heap        ] GC(1248) PSYoungGen: 2591344K(2612224K)->155136K(2614272K) Eden: 2436096K(2436096K)->0K(2436096K) From: 155248K(176128K)->155136K(178176K)
[4679.421s][info][gc,heap        ] GC(1248) ParOldGen: 1961699K(2769408K)->2065483K(2769408K)
[4679.421s][info][gc,metaspace   ] GC(1248) Metaspace: 29077K(29376K)->29077K(29376K) NonClass: 25974K(26112K)->25974K(26112K) Class: 3103K(3264K)->3103K(3264K)
[4679.421s][info][gc             ] GC(1248) Pause Young (Allocation Failure) 4446M->2168M(5257M) 92.719ms
[4679.421s][info][gc,cpu         ] GC(1248) User=0.55s Sys=0.00s Real=0.10s
..[4681.448s][info][gc,start       ] GC(1249) Pause Young (Allocation Failure)
[4681.542s][info][gc,heap        ] GC(1249) PSYoungGen: 2591232K(2614272K)->150624K(2616320K) Eden: 2436096K(2436096K)->0K(2441216K) From: 155136K(178176K)->150624K(175104K)
[4681.542s][info][gc,heap        ] GC(1249) ParOldGen: 2065483K(2769408K)->2171867K(2769408K)
[4681.542s][info][gc,metaspace   ] GC(1249) Metaspace: 29077K(29376K)->29077K(29376K) NonClass: 25974K(26112K)->25974K(26112K) Class: 3103K(3264K)->3103K(3264K)
[4681.542s][info][gc             ] GC(1249) Pause Young (Allocation Failure) 4547M->2268M(5259M) 93.666ms
[4681.542s][info][gc,cpu         ] GC(1249) User=0.55s Sys=0.00s Real=0.10s
..[4683.588s][info][gc,start       ] GC(1250) Pause Young (Allocation Failure)
[4683.683s][info][gc,heap        ] GC(1250) PSYoungGen: 2591840K(2616320K)->162304K(2617344K) Eden: 2441216K(2441216K)->0K(2441216K) From: 150624K(175104K)->162304K(176128K)
[4683.683s][info][gc,heap        ] GC(1250) ParOldGen: 2171867K(2769408K)->2274107K(2769408K)
[4683.683s][info][gc,metaspace   ] GC(1250) Metaspace: 29077K(29376K)->29077K(29376K) NonClass: 25974K(26112K)->25974K(26112K) Class: 3103K(3264K)->3103K(3264K)
[4683.683s][info][gc             ] GC(1250) Pause Young (Allocation Failure) 4652M->2379M(5260M) 94.764ms
[4683.683s][info][gc,cpu         ] GC(1250) User=0.56s Sys=0.00s Real=0.10s
..[4685.762s][info][gc,start       ] GC(1251) Pause Young (Allocation Failure)
[4685.858s][info][gc,heap        ] GC(1251) PSYoungGen: 2603520K(2617344K)->162528K(2619904K) Eden: 2441216K(2441216K)->0K(2443776K) From: 162304K(176128K)->162528K(176128K)
[4685.858s][info][gc,heap        ] GC(1251) ParOldGen: 2274107K(2769408K)->2377619K(2769408K)
[4685.858s][info][gc,metaspace   ] GC(1251) Metaspace: 29077K(29376K)->29077K(29376K) NonClass: 25974K(26112K)->25974K(26112K) Class: 3103K(3264K)->3103K(3264K)
[4685.858s][info][gc             ] GC(1251) Pause Young (Allocation Failure) 4763M->2480M(5263M) 96.621ms
[4685.858s][info][gc,cpu         ] GC(1251) User=0.57s Sys=0.00s Real=0.09s
..[4687.898s][info][gc,start       ] GC(1252) Pause Young (Allocation Failure)
[4687.988s][info][gc,heap        ] GC(1252) PSYoungGen: 2606304K(2619904K)->148192K(2619904K) Eden: 2443776K(2443776K)->0K(2443776K) From: 162528K(176128K)->148192K(176128K)
[4687.988s][info][gc,heap        ] GC(1252) ParOldGen: 2377619K(2769408K)->2481067K(2769408K)
[4687.988s][info][gc,metaspace   ] GC(1252) Metaspace: 29077K(29376K)->29077K(29376K) NonClass: 25974K(26112K)->25974K(26112K) Class: 3103K(3264K)->3103K(3264K)
[4687.988s][info][gc             ] GC(1252) Pause Young (Allocation Failure) 4867M->2567M(5263M) 90.514ms
[4687.988s][info][gc,cpu         ] GC(1252) User=0.54s Sys=0.00s Real=0.09s
..[4690.121s][info][gc,start       ] GC(1253) Pause Young (Allocation Failure)
[4690.221s][info][gc,heap        ] GC(1253) PSYoungGen: 2591968K(2619904K)->166644K(2616832K) Eden: 2443776K(2443776K)->0K(2440704K) From: 148192K(176128K)->166644K(176128K)
[4690.221s][info][gc,heap        ] GC(1253) ParOldGen: 2481067K(2769408K)->2586155K(2769408K)
[4690.221s][info][gc,metaspace   ] GC(1253) Metaspace: 29077K(29376K)->29077K(29376K) NonClass: 25974K(26112K)->25974K(26112K) Class: 3103K(3264K)->3103K(3264K)
[4690.221s][info][gc             ] GC(1253) Pause Young (Allocation Failure) 4954M->2688M(5260M) 100.128ms
[4690.221s][info][gc,cpu         ] GC(1253) User=0.59s Sys=0.00s Real=0.10s
..[4692.215s][info][gc,start       ] GC(1254) Pause Young (Allocation Failure)
[4692.311s][info][gc,heap        ] GC(1254) PSYoungGen: 2607348K(2616832K)->156864K(2618368K) Eden: 2440704K(2440704K)->0K(2440704K) From: 166644K(176128K)->156864K(177664K)
[4692.311s][info][gc,heap        ] GC(1254) ParOldGen: 2586155K(2769408K)->2690451K(2769408K)
[4692.311s][info][gc,metaspace   ] GC(1254) Metaspace: 29077K(29376K)->29077K(29376K) NonClass: 25974K(26112K)->25974K(26112K) Class: 3103K(3264K)->3103K(3264K)
[4692.311s][info][gc             ] GC(1254) Pause Young (Allocation Failure) 5071M->2780M(5261M) 95.746ms
[4692.311s][info][gc,cpu         ] GC(1254) User=0.56s Sys=0.00s Real=0.10s
...[4694.433s][info][gc,start       ] GC(1255) Pause Young (Allocation Failure)
[4694.527s][info][gc,heap        ] GC(1255) PSYoungGen: 2597568K(2618368K)->156288K(2615296K) Eden: 2440704K(2440704K)->0K(2442240K) From: 156864K(177664K)->156288K(173056K)
[4694.527s][info][gc,heap        ] GC(1255) ParOldGen: 2690451K(2769408K)->2793211K(2793472K)
[4694.527s][info][gc,metaspace   ] GC(1255) Metaspace: 29077K(29376K)->29077K(29376K) NonClass: 25974K(26112K)->25974K(26112K) Class: 3103K(3264K)->3103K(3264K)
[4694.527s][info][gc             ] GC(1255) Pause Young (Allocation Failure) 5164M->2880M(5282M) 94.037ms
[4694.527s][info][gc,cpu         ] GC(1255) User=0.55s Sys=0.01s Real=0.09s
..[4696.519s][info][gc,start       ] GC(1256) Pause Young (Allocation Failure)
[4696.620s][info][gc,heap        ] GC(1256) PSYoungGen: 2598528K(2615296K)->160336K(2616832K) Eden: 2442240K(2442240K)->0K(2442240K) From: 156288K(173056K)->160336K(174592K)
[4696.620s][info][gc,heap        ] GC(1256) ParOldGen: 2793211K(2793472K)->2901323K(2901504K)
[4696.620s][info][gc,metaspace   ] GC(1256) Metaspace: 29077K(29376K)->29077K(29376K) NonClass: 25974K(26112K)->25974K(26112K) Class: 3103K(3264K)->3103K(3264K)
[4696.620s][info][gc             ] GC(1256) Pause Young (Allocation Failure) 5265M->2989M(5389M) 100.927ms
[4696.620s][info][gc,cpu         ] GC(1256) User=0.56s Sys=0.03s Real=0.10s
..[4698.683s][info][gc,start       ] GC(1257) Pause Young (Allocation Failure)
[4698.782s][info][gc,heap        ] GC(1257) PSYoungGen: 2602576K(2616832K)->160288K(2618880K) Eden: 2442240K(2442240K)->0K(2447360K) From: 160336K(174592K)->160288K(171520K)
[4698.782s][info][gc,heap        ] GC(1257) ParOldGen: 2901323K(2901504K)->3003819K(3003904K)
[4698.782s][info][gc,metaspace   ] GC(1257) Metaspace: 29077K(29376K)->29077K(29376K) NonClass: 25974K(26112K)->25974K(26112K) Class: 3103K(3264K)->3103K(3264K)
[4698.782s][info][gc             ] GC(1257) Pause Young (Allocation Failure) 5374M->3089M(5491M) 98.868ms
[4698.782s][info][gc,cpu         ] GC(1257) User=0.55s Sys=0.03s Real=0.10s
..[4700.875s][info][gc,start       ] GC(1258) Pause Young (Allocation Failure)
[4700.970s][info][gc,heap        ] GC(1258) PSYoungGen: 2607648K(2618880K)->151184K(2620416K) Eden: 2447360K(2447360K)->0K(2447360K) From: 160288K(171520K)->151184K(173056K)
[4700.970s][info][gc,heap        ] GC(1258) ParOldGen: 3003819K(3003904K)->3108131K(3108352K)
[4700.970s][info][gc,metaspace   ] GC(1258) Metaspace: 29077K(29376K)->29077K(29376K) NonClass: 25974K(26112K)->25974K(26112K) Class: 3103K(3264K)->3103K(3264K)
[4700.970s][info][gc             ] GC(1258) Pause Young (Allocation Failure) 5479M->3182M(5594M) 95.825ms
[4700.970s][info][gc,cpu         ] GC(1258) User=0.53s Sys=0.02s Real=0.10s
..[4703.037s][info][gc,start       ] GC(1259) Pause Young (Allocation Failure)
[4703.136s][info][gc,heap        ] GC(1259) PSYoungGen: 2598544K(2620416K)->155877K(2619904K) Eden: 2447360K(2447360K)->0K(2449920K) From: 151184K(173056K)->155877K(169984K)
[4703.136s][info][gc,heap        ] GC(1259) ParOldGen: 3108131K(3108352K)->3212171K(3212288K)
[4703.136s][info][gc,metaspace   ] GC(1259) Metaspace: 29077K(29376K)->29077K(29376K) NonClass: 25974K(26112K)->25974K(26112K) Class: 3103K(3264K)->3103K(3264K)
[4703.136s][info][gc             ] GC(1259) Pause Young (Allocation Failure) 5572M->3289M(5695M) 98.871ms
[4703.136s][info][gc,cpu         ] GC(1259) User=0.55s Sys=0.04s Real=0.10s
. (rIR:aIR:PR = 7887:7905:7905) (tPR = 116766) [OK] 
  4703s: Performance info:
         Transaction,    Success,    Partial,     Failed,   Receipts, AvgBarcode, 
             Overall,     478797,          0,          0,     454944,      59.47, 
         Response times:
             Request,    Success,    Partial,     Failed,   SkipFail,     Probes,    Samples,      min,      p50,      p90,      p95,      p99,      max, 
       TotalPurchase,     454944,          0,          0,          0,     356072,     414974,      300,     5800,    30000,    59000,   322000,  1100000,
     InStorePurchase,     240101,          0,          0,          0,     187174,     218266,      300,     5700,    27000,    58000,   322000,  1100000,
      OnlinePurchase,     166823,          0,          0,          0,     131349,     152593,      300,     5700,    33000,    61000,   336000,  1100000,
        InstPurchase,      48020,          0,          0,          0,      37549,      44115,      400,     5800,    28000,    61000,   378000,   469000,
          AssocOfCat,        480,          0,          0,          0,        378,        504,    21000,    39000,    84500,   155500,   584250,   910000,
      AssocOfProduct,       4778,          0,          0,          0,       4559,       5494,      700,     5400,    23000,    53250,   341000,   541000,
      BusinessReport,       1195,          0,          0,          0,       1034,       1315,    28000,    50000,   112000,   163000,   469840,  1100000,
          CustBuyBeh,       4768,          0,          0,          0,       4394,       5301,      200,     6300,    27000,    56000,   411000,   579000,
       ProductReturn,      12632,          0,          0,          0,       9734,      11711,      300,     4300,    23000,    49000,   368000,   542000,

  4703s: (58%)   IR =   8025 .[4705.226s][info][gc,start       ] GC(1260) Pause Young (Allocation Failure)
[4705.328s][info][gc,heap        ] GC(1260) PSYoungGen: 2605797K(2619904K)->164436K(2621440K) Eden: 2449920K(2449920K)->0K(2449920K) From: 155877K(169984K)->164436K(171520K)
[4705.328s][info][gc,heap        ] GC(1260) ParOldGen: 3212171K(3212288K)->3314579K(3314688K)
[4705.328s][info][gc,metaspace   ] GC(1260) Metaspace: 29077K(29376K)->29077K(29376K) NonClass: 25974K(26112K)->25974K(26112K) Class: 3103K(3264K)->3103K(3264K)
[4705.328s][info][gc             ] GC(1260) Pause Young (Allocation Failure) 5681M->3397M(5797M) 102.195ms
[4705.328s][info][gc,cpu         ] GC(1260) User=0.57s Sys=0.03s Real=0.10s
..[4707.373s][info][gc,start       ] GC(1261) Pause Young (Allocation Failure)
[4707.473s][info][gc,heap        ] GC(1261) PSYoungGen: 2614356K(2621440K)->157395K(2622976K) Eden: 2449920K(2449920K)->0K(2451456K) From: 164436K(171520K)->157395K(171520K)
[4707.473s][info][gc,heap        ] GC(1261) ParOldGen: 3314579K(3314688K)->3423435K(3423744K)
[4707.473s][info][gc,metaspace   ] GC(1261) Metaspace: 29077K(29376K)->29077K(29376K) NonClass: 25974K(26112K)->25974K(26112K) Class: 3103K(3264K)->3103K(3264K)
[4707.473s][info][gc             ] GC(1261) Pause Young (Allocation Failure) 5789M->3496M(5905M) 99.882ms
[4707.473s][info][gc,cpu         ] GC(1261) User=0.56s Sys=0.03s Real=0.10s
...[4709.558s][info][gc,start       ] GC(1262) Pause Young (Allocation Failure)
[4709.661s][info][gc,heap        ] GC(1262) PSYoungGen: 2608851K(2622976K)->169109K(2620928K) Eden: 2451456K(2451456K)->0K(2451456K) From: 157395K(171520K)->169109K(169472K)
[4709.661s][info][gc,heap        ] GC(1262) ParOldGen: 3423435K(3423744K)->3525619K(3525632K)
[4709.661s][info][gc,metaspace   ] GC(1262) Metaspace: 29077K(29376K)->29077K(29376K) NonClass: 25974K(26112K)->25974K(26112K) Class: 3103K(3264K)->3103K(3264K)
[4709.661s][info][gc             ] GC(1262) Pause Young (Allocation Failure) 5890M->3608M(6002M) 103.382ms
[4709.661s][info][gc,cpu         ] GC(1262) User=0.57s Sys=0.04s Real=0.11s
..[4711.641s][info][gc,start       ] GC(1263) Pause Young (Allocation Failure)
[4711.742s][info][gc,heap        ] GC(1263) PSYoungGen: 2620565K(2620928K)->159424K(2622976K) Eden: 2451456K(2451456K)->0K(2448896K) From: 169109K(169472K)->159424K(174080K)
[4711.742s][info][gc,heap        ] GC(1263) ParOldGen: 3525619K(3525632K)->3632107K(3632128K)
[4711.742s][info][gc,metaspace   ] GC(1263) Metaspace: 29077K(29376K)->29077K(29376K) NonClass: 25974K(26112K)->25974K(26112K) Class: 3103K(3264K)->3103K(3264K)
[4711.742s][info][gc             ] GC(1263) Pause Young (Allocation Failure) 6002M->3702M(6108M) 100.839ms
[4711.742s][info][gc,cpu         ] GC(1263) User=0.56s Sys=0.04s Real=0.10s
..|[4713.780s][info][gc,start       ] GC(1264) Pause Young (Allocation Failure)
[4713.885s][info][gc,heap        ] GC(1264) PSYoungGen: 2608320K(2622976K)->169184K(2618368K) Eden: 2448896K(2448896K)->0K(2448896K) From: 159424K(174080K)->169184K(169472K)
[4713.885s][info][gc,heap        ] GC(1264) ParOldGen: 3632107K(3632128K)->3735131K(3735552K)
[4713.885s][info][gc,metaspace   ] GC(1264) Metaspace: 29077K(29376K)->29077K(29376K) NonClass: 25974K(26112K)->25974K(26112K) Class: 3103K(3264K)->3103K(3264K)
[4713.885s][info][gc             ] GC(1264) Pause Young (Allocation Failure) 6094M->3812M(6205M) 104.317ms
[4713.885s][info][gc,cpu         ] GC(1264) User=0.59s Sys=0.02s Real=0.10s
..[4715.914s][info][gc,start       ] GC(1265) Pause Young (Allocation Failure)
[4716.010s][info][gc,heap        ] GC(1265) PSYoungGen: 2618080K(2618368K)->147200K(2618880K) Eden: 2448896K(2448896K)->0K(2443776K) From: 169184K(169472K)->147200K(175104K)
[4716.010s][info][gc,heap        ] GC(1265) ParOldGen: 3735131K(3735552K)->3841139K(3841536K)
[4716.010s][info][gc,metaspace   ] GC(1265) Metaspace: 29077K(29376K)->29077K(29376K) NonClass: 25974K(26112K)->25974K(26112K) Class: 3103K(3264K)->3103K(3264K)
[4716.010s][info][gc             ] GC(1265) Pause Young (Allocation Failure) 6204M->3894M(6309M) 96.069ms
[4716.010s][info][gc,cpu         ] GC(1265) User=0.54s Sys=0.03s Real=0.10s
..[4718.002s][info][gc,start       ] GC(1266) Pause Young (Allocation Failure)
[4718.099s][info][gc,heap        ] GC(1266) PSYoungGen: 2590976K(2618880K)->151712K(2619904K) Eden: 2443776K(2443776K)->0K(2443776K) From: 147200K(175104K)->151712K(176128K)
[4718.099s][info][gc,heap        ] GC(1266) ParOldGen: 3841139K(3841536K)->3943795K(3943936K)
[4718.099s][info][gc,metaspace   ] GC(1266) Metaspace: 29077K(29376K)->29077K(29376K) NonClass: 25974K(26112K)->25974K(26112K) Class: 3103K(3264K)->3103K(3264K)
[4718.099s][info][gc             ] GC(1266) Pause Young (Allocation Failure) 6281M->3999M(6410M) 97.162ms
[4718.099s][info][gc,cpu         ] GC(1266) User=0.54s Sys=0.04s Real=0.09s
..[4720.144s][info][gc,start       ] GC(1267) Pause Young (Allocation Failure)
[4720.246s][info][gc,heap        ] GC(1267) PSYoungGen: 2595488K(2619904K)->160052K(2617344K) Eden: 2443776K(2443776K)->0K(2444288K) From: 151712K(176128K)->160052K(173056K)
[4720.246s][info][gc,heap        ] GC(1267) ParOldGen: 3943795K(3943936K)->4049347K(4049408K)
[4720.246s][info][gc,metaspace   ] GC(1267) Metaspace: 29077K(29376K)->29077K(29376K) NonClass: 25974K(26112K)->25974K(26112K) Class: 3103K(3264K)->3103K(3264K)
[4720.246s][info][gc             ] GC(1267) Pause Young (Allocation Failure) 6386M->4110M(6510M) 102.659ms
[4720.246s][info][gc,cpu         ] GC(1267) User=0.57s Sys=0.04s Real=0.10s
..[4722.218s][info][gc,start       ] GC(1268) Pause Young (Allocation Failure)
[4722.313s][info][gc,heap        ] GC(1268) PSYoungGen: 2604340K(2617344K)->151712K(2618880K) Eden: 2444288K(2444288K)->0K(2444288K) From: 160052K(173056K)->151712K(174592K)
[4722.313s][info][gc,heap        ] GC(1268) ParOldGen: 4049347K(4049408K)->4152419K(4152832K)
[4722.313s][info][gc,metaspace   ] GC(1268) Metaspace: 29077K(29376K)->29077K(29376K) NonClass: 25974K(26112K)->25974K(26112K) Class: 3103K(3264K)->3103K(3264K)
[4722.313s][info][gc             ] GC(1268) Pause Young (Allocation Failure) 6497M->4203M(6613M) 95.914ms
[4722.314s][info][gc,cpu         ] GC(1268) User=0.53s Sys=0.03s Real=0.10s
..[4724.358s][info][gc,start       ] GC(1269) Pause Young (Allocation Failure)
[4724.460s][info][gc,heap        ] GC(1269) PSYoungGen: 2596000K(2618880K)->160452K(2619904K) Eden: 2444288K(2444288K)->0K(2447360K) From: 151712K(174592K)->160452K(172544K)
[4724.460s][info][gc,heap        ] GC(1269) ParOldGen: 4152419K(4152832K)->4255251K(4255744K)
[4724.460s][info][gc,metaspace   ] GC(1269) Metaspace: 29077K(29376K)->29077K(29376K) NonClass: 25974K(26112K)->25974K(26112K) Class: 3103K(3264K)->3103K(3264K)
[4724.460s][info][gc             ] GC(1269) Pause Young (Allocation Failure) 6590M->4312M(6714M) 101.637ms
[4724.460s][info][gc,cpu         ] GC(1269) User=0.56s Sys=0.04s Real=0.10s
..[4726.505s][info][gc,start       ] GC(1270) Pause Young (Allocation Failure)
[4726.605s][info][gc,heap        ] GC(1270) PSYoungGen: 2607812K(2619904K)->159760K(2620928K) Eden: 2447360K(2447360K)->0K(2447360K) From: 160452K(172544K)->159760K(173568K)
[4726.605s][info][gc,heap        ] GC(1270) ParOldGen: 4255251K(4255744K)->4361235K(4361728K)
[4726.605s][info][gc,metaspace   ] GC(1270) Metaspace: 29077K(29376K)->29077K(29376K) NonClass: 25974K(26112K)->25974K(26112K) Class: 3103K(3264K)->3103K(3264K)
[4726.605s][info][gc             ] GC(1270) Pause Young (Allocation Failure) 6702M->4415M(6819M) 100.369ms
[4726.605s][info][gc,cpu         ] GC(1270) User=0.54s Sys=0.04s Real=0.10s
..[4728.577s][info][gc,start       ] GC(1271) Pause Young (Allocation Failure)
[4728.675s][info][gc,heap        ] GC(1271) PSYoungGen: 2607120K(2620928K)->151744K(2621440K) Eden: 2447360K(2447360K)->0K(2449920K) From: 159760K(173568K)->151744K(171520K)
[4728.675s][info][gc,heap        ] GC(1271) ParOldGen: 4361235K(4361728K)->4467011K(4467200K)
[4728.675s][info][gc,metaspace   ] GC(1271) Metaspace: 29077K(29376K)->29077K(29376K) NonClass: 25974K(26112K)->25974K(26112K) Class: 3103K(3264K)->3103K(3264K)
[4728.675s][info][gc             ] GC(1271) Pause Young (Allocation Failure) 6805M->4510M(6922M) 98.172ms
[4728.675s][info][gc,cpu         ] GC(1271) User=0.55s Sys=0.04s Real=0.10s
...[4730.751s][info][gc,start       ] GC(1272) Pause Young (Allocation Failure)
[4730.852s][info][gc,heap        ] GC(1272) PSYoungGen: 2601664K(2621440K)->159136K(2621952K) Eden: 2449920K(2449920K)->0K(2449920K) From: 151744K(171520K)->159136K(172032K)
[4730.852s][info][gc,heap        ] GC(1272) ParOldGen: 4467011K(4467200K)->4569163K(4569600K)
[4730.852s][info][gc,metaspace   ] GC(1272) Metaspace: 29077K(29376K)->29077K(29376K) NonClass: 25974K(26112K)->25974K(26112K) Class: 3103K(3264K)->3103K(3264K)
[4730.852s][info][gc             ] GC(1272) Pause Young (Allocation Failure) 6903M->4617M(7023M) 100.840ms
[4730.852s][info][gc,cpu         ] GC(1272) User=0.55s Sys=0.04s Real=0.10s
..[4732.863s][info][gc,start       ] GC(1273) Pause Young (Allocation Failure)
[4732.961s][info][gc,heap        ] GC(1273) PSYoungGen: 2609056K(2621952K)->153808K(2621952K) Eden: 2449920K(2449920K)->0K(2452480K) From: 159136K(172032K)->153808K(169472K)
[4732.961s][info][gc,heap        ] GC(1273) ParOldGen: 4569163K(4569600K)->4674243K(4674560K)
[4732.961s][info][gc,metaspace   ] GC(1273) Metaspace: 29077K(29376K)->29077K(29376K) NonClass: 25974K(26112K)->25974K(26112K) Class: 3103K(3264K)->3103K(3264K)
[4732.961s][info][gc             ] GC(1273) Pause Young (Allocation Failure) 7009M->4714M(7125M) 98.794ms
[4732.961s][info][gc,cpu         ] GC(1273) User=0.54s Sys=0.03s Real=0.10s
..[4734.860s][info][gc,start       ] GC(1274) Pause Young (Allocation Failure)
[4734.958s][info][gc,heap        ] GC(1274) PSYoungGen: 2606288K(2621952K)->147936K(2622976K) Eden: 2452480K(2452480K)->0K(2452480K) From: 153808K(169472K)->147936K(170496K)
[4734.958s][info][gc,heap        ] GC(1274) ParOldGen: 4674243K(4674560K)->4781587K(4782080K)
[4734.958s][info][gc,metaspace   ] GC(1274) Metaspace: 29077K(29376K)->29077K(29376K) NonClass: 25974K(26112K)->25974K(26112K) Class: 3103K(3264K)->3103K(3264K)
[4734.958s][info][gc             ] GC(1274) Pause Young (Allocation Failure) 7109M->4813M(7231M) 98.380ms
[4734.958s][info][gc,cpu         ] GC(1274) User=0.55s Sys=0.03s Real=0.10s
..[4737.106s][info][gc,start       ] GC(1275) Pause Young (Allocation Failure)
[4737.204s][info][gc,heap        ] GC(1275) PSYoungGen: 2600416K(2622976K)->155136K(2624000K) Eden: 2452480K(2452480K)->0K(2454528K) From: 147936K(170496K)->155136K(169472K)
[4737.204s][info][gc,heap        ] GC(1275) ParOldGen: 4781587K(4782080K)->4881339K(4881408K)
[4737.204s][info][gc,metaspace   ] GC(1275) Metaspace: 29077K(29376K)->29077K(29376K) NonClass: 25974K(26112K)->25974K(26112K) Class: 3103K(3264K)->3103K(3264K)
[4737.204s][info][gc             ] GC(1275) Pause Young (Allocation Failure) 7208M->4918M(7329M) 98.049ms
[4737.204s][info][gc,cpu         ] GC(1275) User=0.54s Sys=0.03s Real=0.10s
..[4739.262s][info][gc,start       ] GC(1276) Pause Young (Allocation Failure)
[4739.367s][info][gc,heap        ] GC(1276) PSYoungGen: 2609664K(2624000K)->164933K(2624512K) Eden: 2454528K(2454528K)->0K(2454528K) From: 155136K(169472K)->164933K(169984K)
[4739.367s][info][gc,heap        ] GC(1276) ParOldGen: 4881339K(4881408K)->4989491K(4989952K)
[4739.367s][info][gc,metaspace   ] GC(1276) Metaspace: 29077K(29376K)->29077K(29376K) NonClass: 25974K(26112K)->25974K(26112K) Class: 3103K(3264K)->3103K(3264K)
[4739.367s][info][gc             ] GC(1276) Pause Young (Allocation Failure) 7315M->5033M(7436M) 105.115ms
[4739.367s][info][gc,cpu         ] GC(1276) User=0.58s Sys=0.04s Real=0.10s
..[4741.329s][info][gc,start       ] GC(1277) Pause Young (Allocation Failure)
[4741.429s][info][gc,heap        ] GC(1277) PSYoungGen: 2619461K(2624512K)->153280K(2625024K) Eden: 2454528K(2454528K)->0K(2453504K) From: 164933K(169984K)->153280K(171520K)
[4741.429s][info][gc,heap        ] GC(1277) ParOldGen: 4989491K(4989952K)->5095283K(5095424K)
[4741.429s][info][gc,metaspace   ] GC(1277) Metaspace: 29077K(29376K)->29077K(29376K) NonClass: 25974K(26112K)->25974K(26112K) Class: 3103K(3264K)->3103K(3264K)
[4741.429s][info][gc             ] GC(1277) Pause Young (Allocation Failure) 7430M->5125M(7539M) 100.316ms
[4741.429s][info][gc,cpu         ] GC(1277) User=0.56s Sys=0.03s Real=0.10s
..[4743.470s][info][gc,start       ] GC(1278) Pause Young (Allocation Failure)
[4743.571s][info][gc,heap        ] GC(1278) PSYoungGen: 2606784K(2625024K)->159573K(2613248K) Eden: 2453504K(2453504K)->0K(2453504K) From: 153280K(171520K)->159573K(159744K)
[4743.571s][info][gc,heap        ] GC(1278) ParOldGen: 5095283K(5095424K)->5197107K(5197312K)
[4743.571s][info][gc,metaspace   ] GC(1278) Metaspace: 29077K(29376K)->29077K(29376K) NonClass: 25974K(26112K)->25974K(26112K) Class: 3103K(3264K)->3103K(3264K)
[4743.571s][info][gc             ] GC(1278) Pause Young (Allocation Failure) 7521M->5231M(7627M) 100.683ms
[4743.571s][info][gc,cpu         ] GC(1278) User=0.57s Sys=0.02s Real=0.10s
..[4745.566s][info][gc,start       ] GC(1279) Pause Young (Allocation Failure)
[4745.670s][info][gc,heap        ] GC(1279) PSYoungGen: 2613077K(2613248K)->158902K(2624512K) Eden: 2453504K(2453504K)->0K(2454016K) From: 159573K(159744K)->158902K(170496K)
[4745.671s][info][gc,heap        ] GC(1279) ParOldGen: 5197107K(5197312K)->5303435K(5303808K)
[4745.671s][info][gc,metaspace   ] GC(1279) Metaspace: 29077K(29376K)->29077K(29376K) NonClass: 25974K(26112K)->25974K(26112K) Class: 3103K(3264K)->3103K(3264K)
[4745.671s][info][gc             ] GC(1279) Pause Young (Allocation Failure) 7627M->5334M(7742M) 104.229ms
[4745.671s][info][gc,cpu         ] GC(1279) User=0.57s Sys=0.05s Real=0.11s
...[4747.826s][info][gc,start       ] GC(1280) Pause Young (Allocation Failure)
[4747.928s][info][gc,heap        ] GC(1280) PSYoungGen: 2612918K(2624512K)->160096K(2624000K) Eden: 2454016K(2454016K)->0K(2454016K) From: 158902K(170496K)->160096K(169984K)
[4747.928s][info][gc,heap        ] GC(1280) ParOldGen: 5303435K(5303808K)->5405099K(5405184K)
[4747.928s][info][gc,metaspace   ] GC(1280) Metaspace: 29077K(29376K)->29077K(29376K) NonClass: 25974K(26112K)->25974K(26112K) Class: 3103K(3264K)->3103K(3264K)
[4747.928s][info][gc             ] GC(1280) Pause Young (Allocation Failure) 7730M->5434M(7841M) 101.477ms
[4747.928s][info][gc,cpu         ] GC(1280) User=0.58s Sys=0.03s Real=0.10s
..[4749.915s][info][gc,start       ] GC(1281) Pause Young (Allocation Failure)
[4750.016s][info][gc,heap        ] GC(1281) PSYoungGen: 2614112K(2624000K)->153680K(2624512K) Eden: 2454016K(2454016K)->0K(2456064K) From: 160096K(169984K)->153680K(168448K)
[4750.016s][info][gc,heap        ] GC(1281) ParOldGen: 5405099K(5405184K)->5512387K(5512704K)
[4750.016s][info][gc,metaspace   ] GC(1281) Metaspace: 29077K(29376K)->29077K(29376K) NonClass: 25974K(26112K)->25974K(26112K) Class: 3103K(3264K)->3103K(3264K)
[4750.016s][info][gc             ] GC(1281) Pause Young (Allocation Failure) 7831M->5533M(7946M) 101.432ms
[4750.016s][info][gc,cpu         ] GC(1281) User=0.56s Sys=0.03s Real=0.10s
..[4752.156s][info][gc,start       ] GC(1282) Pause Full (Allocation Failure)
[4752.156s][info][gc,phases,start] GC(1282) Marking Phase
[4752.473s][info][gc,phases      ] GC(1282) Marking Phase 317.396ms
[4752.473s][info][gc,phases,start] GC(1282) Summary Phase
[4752.473s][info][gc,phases      ] GC(1282) Summary Phase 0.096ms
[4752.473s][info][gc,phases,start] GC(1282) Forward
[4752.596s][info][gc,phases      ] GC(1282) Forward 122.381ms
[4752.596s][info][gc,phases,start] GC(1282) Adjust Pointers
[4752.808s][info][gc,phases      ] GC(1282) Adjust Pointers 211.879ms
[4752.808s][info][gc,phases,start] GC(1282) Compaction Phase
[4752.955s][info][gc,phases      ] GC(1282) Compaction Phase 147.105ms
[4752.956s][info][gc,phases,start] GC(1282) Post Compact
[4752.963s][info][gc,phases      ] GC(1282) Post Compact 7.018ms
[4753.084s][info][gc,heap        ] GC(1282) PSYoungGen: 2609744K(2624512K)->0K(2625024K) Eden: 2456064K(2456064K)->0K(2456064K) From: 153680K(168448K)->0K(168960K)
[4753.084s][info][gc,heap        ] GC(1282) ParOldGen: 5512387K(5512704K)->1618616K(1942528K)
[4753.084s][info][gc,metaspace   ] GC(1282) Metaspace: 29077K(29376K)->29077K(29376K) NonClass: 25974K(26112K)->25974K(26112K) Class: 3103K(3264K)->3103K(3264K)
[4753.084s][info][gc             ] GC(1282) Pause Full (Allocation Failure) 7931M->1580M(4460M) 928.250ms
[4753.084s][info][gc,cpu         ] GC(1282) User=4.39s Sys=0.12s Real=0.93s
..[4754.390s][info][gc,start       ] GC(1283) Pause Young (Allocation Failure)
[4754.457s][info][gc,heap        ] GC(1283) PSYoungGen: 2456064K(2625024K)->165152K(2622976K) Eden: 2456064K(2456064K)->0K(2454016K) From: 0K(168960K)->165152K(168960K)
[4754.457s][info][gc,heap        ] GC(1283) ParOldGen: 1618616K(1942528K)->1618616K(1942528K)
[4754.457s][info][gc,metaspace   ] GC(1283) Metaspace: 29077K(29376K)->29077K(29376K) NonClass: 25974K(26112K)->25974K(26112K) Class: 3103K(3264K)->3103K(3264K)
[4754.457s][info][gc             ] GC(1283) Pause Young (Allocation Failure) 3979M->1741M(4458M) 67.526ms
[4754.457s][info][gc,cpu         ] GC(1283) User=0.39s Sys=0.00s Real=0.06s
..[4756.378s][info][gc,start       ] GC(1284) Pause Young (Allocation Failure)
[4756.469s][info][gc,heap        ] GC(1284) PSYoungGen: 2619168K(2622976K)->149952K(2625024K) Eden: 2454016K(2454016K)->0K(2454016K) From: 165152K(168960K)->149952K(171008K)
[4756.469s][info][gc,heap        ] GC(1284) ParOldGen: 1618616K(1942528K)->1726592K(1942528K)
[4756.469s][info][gc,metaspace   ] GC(1284) Metaspace: 29077K(29376K)->29077K(29376K) NonClass: 25974K(26112K)->25974K(26112K) Class: 3103K(3264K)->3103K(3264K)
[4756.469s][info][gc             ] GC(1284) Pause Young (Allocation Failure) 4138M->1832M(4460M) 91.444ms
[4756.469s][info][gc,cpu         ] GC(1284) User=0.54s Sys=0.00s Real=0.09s
..[4758.540s][info][gc,start       ] GC(1285) Pause Young (Allocation Failure)
[4758.635s][info][gc,heap        ] GC(1285) PSYoungGen: 2603968K(2625024K)->165600K(2620928K) Eden: 2454016K(2454016K)->0K(2449920K) From: 149952K(171008K)->165600K(171008K)
[4758.635s][info][gc,heap        ] GC(1285) ParOldGen: 1726592K(1942528K)->1826080K(1942528K)
[4758.635s][info][gc,metaspace   ] GC(1285) Metaspace: 29077K(29376K)->29077K(29376K) NonClass: 25974K(26112K)->25974K(26112K) Class: 3103K(3264K)->3103K(3264K)
[4758.635s][info][gc             ] GC(1285) Pause Young (Allocation Failure) 4229M->1945M(4456M) 95.220ms
[4758.636s][info][gc,cpu         ] GC(1285) User=0.56s Sys=0.00s Real=0.09s
..[4760.649s][info][gc,start       ] GC(1286) Pause Young (Allocation Failure)
[4760.743s][info][gc,heap        ] GC(1286) PSYoungGen: 2615520K(2620928K)->157024K(2622976K) Eden: 2449920K(2449920K)->0K(2449920K) From: 165600K(171008K)->157024K(173056K)
[4760.743s][info][gc,heap        ] GC(1286) ParOldGen: 1826080K(1942528K)->1932896K(1942528K)
[4760.743s][info][gc,metaspace   ] GC(1286) Metaspace: 29077K(29376K)->29077K(29376K) NonClass: 25974K(26112K)->25974K(26112K) Class: 3103K(3264K)->3103K(3264K)
[4760.743s][info][gc             ] GC(1286) Pause Young (Allocation Failure) 4337M->2040M(4458M) 94.636ms
[4760.743s][info][gc,cpu         ] GC(1286) User=0.56s Sys=0.00s Real=0.10s
..[4762.851s][info][gc,start       ] GC(1287) Pause Young (Allocation Failure)
[4762.951s][info][gc,heap        ] GC(1287) PSYoungGen: 2606944K(2622976K)->158661K(2620416K) Eden: 2449920K(2449920K)->0K(2451456K) From: 157024K(173056K)->158661K(168960K)
[4762.952s][info][gc,heap        ] GC(1287) ParOldGen: 1932896K(1942528K)->2038128K(2038272K)
[4762.952s][info][gc,metaspace   ] GC(1287) Metaspace: 29077K(29376K)->29077K(29376K) NonClass: 25974K(26112K)->25974K(26112K) Class: 3103K(3264K)->3103K(3264K)
[4762.952s][info][gc             ] GC(1287) Pause Young (Allocation Failure) 4433M->2145M(4549M) 100.040ms
[4762.952s][info][gc,cpu         ] GC(1287) User=0.57s Sys=0.02s Real=0.10s
..[4764.932s][info][gc,start       ] GC(1288) Pause Young (Allocation Failure)
[4765.029s][info][gc,heap        ] GC(1288) PSYoungGen: 2610117K(2620416K)->153905K(2621952K) Eden: 2451456K(2451456K)->0K(2451456K) From: 158661K(168960K)->153905K(170496K)
[4765.029s][info][gc,heap        ] GC(1288) ParOldGen: 2038128K(2038272K)->2141752K(2142208K)
[4765.029s][info][gc,metaspace   ] GC(1288) Metaspace: 29077K(29376K)->29077K(29376K) NonClass: 25974K(26112K)->25974K(26112K) Class: 3103K(3264K)->3103K(3264K)
[4765.029s][info][gc             ] GC(1288) Pause Young (Allocation Failure) 4539M->2241M(4652M) 96.686ms
[4765.029s][info][gc,cpu         ] GC(1288) User=0.53s Sys=0.04s Real=0.09s
..[4767.154s][info][gc,start       ] GC(1289) Pause Young (Allocation Failure)
[4767.251s][info][gc,heap        ] GC(1289) PSYoungGen: 2605361K(2621952K)->152459K(2624000K) Eden: 2451456K(2451456K)->0K(2455552K) From: 153905K(170496K)->152459K(168448K)
[4767.251s][info][gc,heap        ] GC(1289) ParOldGen: 2141752K(2142208K)->2247768K(2248192K)
[4767.251s][info][gc,metaspace   ] GC(1289) Metaspace: 29077K(29376K)->29077K(29376K) NonClass: 25974K(26112K)->25974K(26112K) Class: 3103K(3264K)->3103K(3264K)
[4767.251s][info][gc             ] GC(1289) Pause Young (Allocation Failure) 4635M->2343M(4758M) 96.719ms
[4767.251s][info][gc,cpu         ] GC(1289) User=0.54s Sys=0.03s Real=0.10s
...[4769.338s][info][gc,start       ] GC(1290) Pause Young (Allocation Failure)
[4769.438s][info][gc,heap        ] GC(1290) PSYoungGen: 2608011K(2624000K)->161557K(2625024K) Eden: 2455552K(2455552K)->0K(2455552K) From: 152459K(168448K)->161557K(169472K)
[4769.438s][info][gc,heap        ] GC(1290) ParOldGen: 2247768K(2248192K)->2350768K(2351104K)
[4769.438s][info][gc,metaspace   ] GC(1290) Metaspace: 29077K(29376K)->29077K(29376K) NonClass: 25974K(26112K)->25974K(26112K) Class: 3103K(3264K)->3103K(3264K)
[4769.438s][info][gc             ] GC(1290) Pause Young (Allocation Failure) 4741M->2453M(4859M) 99.772ms
[4769.438s][info][gc,cpu         ] GC(1290) User=0.57s Sys=0.02s Real=0.10s
..[4771.410s][info][gc,start       ] GC(1291) Pause Young (Allocation Failure)
[4771.507s][info][gc,heap        ] GC(1291) PSYoungGen: 2617109K(2625024K)->150560K(2626048K) Eden: 2455552K(2455552K)->0K(2456064K) From: 161557K(169472K)->150560K(169984K)
[4771.507s][info][gc,heap        ] GC(1291) ParOldGen: 2350768K(2351104K)->2456160K(2456576K)
[4771.507s][info][gc,metaspace   ] GC(1291) Metaspace: 29077K(29376K)->29077K(29376K) NonClass: 25974K(26112K)->25974K(26112K) Class: 3103K(3264K)->3103K(3264K)
[4771.507s][info][gc             ] GC(1291) Pause Young (Allocation Failure) 4851M->2545M(4963M) 96.630ms
[4771.507s][info][gc,cpu         ] GC(1291) User=0.54s Sys=0.02s Real=0.09s
..[4773.601s][info][gc,start       ] GC(1292) Pause Young (Allocation Failure)
[4773.699s][info][gc,heap        ] GC(1292) PSYoungGen: 2606624K(2626048K)->160256K(2626048K) Eden: 2456064K(2456064K)->0K(2456064K) From: 150560K(169984K)->160256K(169984K)
[4773.699s][info][gc,heap        ] GC(1292) ParOldGen: 2456160K(2456576K)->2558352K(2558464K)
[4773.699s][info][gc,metaspace   ] GC(1292) Metaspace: 29077K(29376K)->29077K(29376K) NonClass: 25974K(26112K)->25974K(26112K) Class: 3103K(3264K)->3103K(3264K)
[4773.699s][info][gc             ] GC(1292) Pause Young (Allocation Failure) 4944M->2654M(5063M) 97.499ms
[4773.699s][info][gc,cpu         ] GC(1292) User=0.54s Sys=0.04s Real=0.09s
. (rIR:aIR:PR = 8025:8023:8022) (tPR = 119316) [OK] 
  4774s: Performance info:
         Transaction,    Success,    Partial,     Failed,   Receipts, AvgBarcode, 
             Overall,     487931,          0,          0,     463615,      59.47, 
         Response times:
             Request,    Success,    Partial,     Failed,   SkipFail,     Probes,    Samples,      min,      p50,      p90,      p95,      p99,      max, 
       TotalPurchase,     463598,          0,          0,          0,     356124,     425952,      300,     5600,    26000,    56000,   237000,  1100000,
     InStorePurchase,     243823,          0,          0,          0,     187750,     224165,      300,     5600,    27000,    56000,   238000,  1100000,
      OnlinePurchase,     171214,          0,          0,          0,     131057,     157017,      300,     5600,    25000,    57000,   237000,  1100000,
        InstPurchase,      48561,          0,          0,          0,      37317,      44770,      400,     5200,    22000,    53000,   276000,  1000000,
          AssocOfCat,        490,          0,          0,          0,        392,        550,    25000,    40000,    92900,   138250,   259410,  1100000,
      AssocOfProduct,       4863,          0,          0,          0,       3281,       4088,      700,     6100,    28000,    53000,   173110,   228000,
      BusinessReport,       1222,          0,          0,          0,       1032,       1389,    30000,    49000,    84000,   145000,   241000,   304000,
          CustBuyBeh,       4866,          0,          0,          0,       3400,       4249,      500,     6000,    27000,    58500,   155000,   224000,
       ProductReturn,      12904,          0,          0,          0,       9732,      11943,      200,     5100,    23000,    52000,   191000,   226000,

  4774s: (59%)   IR =   8164 .[4775.686s][info][gc,start       ] GC(1293) Pause Young (Allocation Failure)
[4775.789s][info][gc,heap        ] GC(1293) PSYoungGen: 2616320K(2626048K)->167376K(2620928K) Eden: 2456064K(2456064K)->0K(2450944K) From: 160256K(169984K)->167376K(169984K)
[4775.789s][info][gc,heap        ] GC(1293) ParOldGen: 2558352K(2558464K)->2666536K(2667008K)
[4775.789s][info][gc,metaspace   ] GC(1293) Metaspace: 29077K(29376K)->29077K(29376K) NonClass: 25974K(26112K)->25974K(26112K) Class: 3103K(3264K)->3103K(3264K)
[4775.789s][info][gc             ] GC(1293) Pause Young (Allocation Failure) 5053M->2767M(5164M) 103.224ms
[4775.789s][info][gc,cpu         ] GC(1293) User=0.57s Sys=0.04s Real=0.10s
..[4777.817s][info][gc,start       ] GC(1294) Pause Young (Allocation Failure)
[4777.923s][info][gc,heap        ] GC(1294) PSYoungGen: 2618320K(2620928K)->164080K(2615296K) Eden: 2450944K(2450944K)->0K(2450944K) From: 167376K(169984K)->164080K(164352K)
[4777.923s][info][gc,heap        ] GC(1294) ParOldGen: 2666536K(2667008K)->2769752K(2769920K)
[4777.923s][info][gc,metaspace   ] GC(1294) Metaspace: 29077K(29376K)->29077K(29376K) NonClass: 25974K(26112K)->25974K(26112K) Class: 3103K(3264K)->3103K(3264K)
[4777.923s][info][gc             ] GC(1294) Pause Young (Allocation Failure) 5160M->2865M(5259M) 105.558ms
[4777.923s][info][gc,cpu         ] GC(1294) User=0.58s Sys=0.03s Real=0.11s
..[4779.883s][info][gc,start       ] GC(1295) Pause Young (Allocation Failure)
[4779.979s][info][gc,heap        ] GC(1295) PSYoungGen: 2615024K(2615296K)->144544K(2620928K) Eden: 2450944K(2450944K)->0K(2447872K) From: 164080K(164352K)->144544K(173056K)
[4779.979s][info][gc,heap        ] GC(1295) ParOldGen: 2769752K(2769920K)->2874544K(2874880K)
[4779.979s][info][gc,metaspace   ] GC(1295) Metaspace: 29077K(29376K)->29077K(29376K) NonClass: 25974K(26112K)->25974K(26112K) Class: 3103K(3264K)->3103K(3264K)
[4779.979s][info][gc             ] GC(1295) Pause Young (Allocation Failure) 5258M->2948M(5367M) 96.353ms
[4779.979s][info][gc,cpu         ] GC(1295) User=0.52s Sys=0.04s Real=0.09s
..[4781.922s][info][gc,start       ] GC(1296) Pause Young (Allocation Failure)
[4782.022s][info][gc,heap        ] GC(1296) PSYoungGen: 2592416K(2620928K)->157952K(2621952K) Eden: 2447872K(2447872K)->0K(2447872K) From: 144544K(173056K)->157952K(174080K)
[4782.022s][info][gc,heap        ] GC(1296) ParOldGen: 2874544K(2874880K)->2976392K(2976768K)
[4782.022s][info][gc,metaspace   ] GC(1296) Metaspace: 29077K(29376K)->29077K(29376K) NonClass: 25974K(26112K)->25974K(26112K) Class: 3103K(3264K)->3103K(3264K)
[4782.022s][info][gc             ] GC(1296) Pause Young (Allocation Failure) 5338M->3060M(5467M) 99.859ms
[4782.022s][info][gc,cpu         ] GC(1296) User=0.56s Sys=0.02s Real=0.10s
..[4783.968s][info][gc,start       ] GC(1297) Pause Young (Allocation Failure)
[4784.067s][info][gc,heap        ] GC(1297) PSYoungGen: 2605824K(2621952K)->149648K(2620928K) Eden: 2447872K(2447872K)->0K(2448896K) From: 157952K(174080K)->149648K(172032K)
[4784.067s][info][gc,heap        ] GC(1297) ParOldGen: 2976392K(2976768K)->3085664K(3085824K)
[4784.067s][info][gc,metaspace   ] GC(1297) Metaspace: 29077K(29376K)->29077K(29376K) NonClass: 25974K(26112K)->25974K(26112K) Class: 3103K(3264K)->3103K(3264K)
[4784.067s][info][gc             ] GC(1297) Pause Young (Allocation Failure) 5451M->3159M(5573M) 98.456ms
[4784.067s][info][gc,cpu         ] GC(1297) User=0.55s Sys=0.04s Real=0.10s
..[4786.014s][info][gc,start       ] GC(1298) Pause Young (Allocation Failure)
[4786.108s][info][gc,heap        ] GC(1298) PSYoungGen: 2598544K(2620928K)->148064K(2621440K) Eden: 2448896K(2448896K)->0K(2448896K) From: 149648K(172032K)->148064K(172544K)
[4786.108s][info][gc,heap        ] GC(1298) ParOldGen: 3085664K(3085824K)->3185880K(3186176K)
[4786.108s][info][gc,metaspace   ] GC(1298) Metaspace: 29077K(29376K)->29077K(29376K) NonClass: 25974K(26112K)->25974K(26112K) Class: 3103K(3264K)->3103K(3264K)
[4786.108s][info][gc             ] GC(1298) Pause Young (Allocation Failure) 5550M->3255M(5671M) 93.396ms
[4786.108s][info][gc,cpu         ] GC(1298) User=0.52s Sys=0.03s Real=0.09s
..[4788.152s][info][gc,start       ] GC(1299) Pause Young (Allocation Failure)
[4788.253s][info][gc,heap        ] GC(1299) PSYoungGen: 2596960K(2621440K)->159797K(2623488K) Eden: 2448896K(2448896K)->0K(2450944K) From: 148064K(172544K)->159797K(172544K)
[4788.253s][info][gc,heap        ] GC(1299) ParOldGen: 3185880K(3186176K)->3290024K(3290112K)
[4788.253s][info][gc,metaspace   ] GC(1299) Metaspace: 29077K(29376K)->29077K(29376K) NonClass: 25974K(26112K)->25974K(26112K) Class: 3103K(3264K)->3103K(3264K)
[4788.253s][info][gc             ] GC(1299) Pause Young (Allocation Failure) 5647M->3368M(5775M) 101.012ms
[4788.253s][info][gc,cpu         ] GC(1299) User=0.56s Sys=0.03s Real=0.10s
.|.[4790.307s][info][gc,start       ] GC(1300) Pause Young (Allocation Failure)
[4790.406s][info][gc,heap        ] GC(1300) PSYoungGen: 2610741K(2623488K)->155424K(2606592K) Eden: 2450944K(2450944K)->0K(2450944K) From: 159797K(172544K)->155424K(155648K)
[4790.406s][info][gc,heap        ] GC(1300) ParOldGen: 3290024K(3290112K)->3393568K(3394048K)
[4790.406s][info][gc,metaspace   ] GC(1300) Metaspace: 29077K(29376K)->29077K(29376K) NonClass: 25974K(26112K)->25974K(26112K) Class: 3103K(3264K)->3103K(3264K)
[4790.406s][info][gc             ] GC(1300) Pause Young (Allocation Failure) 5762M->3465M(5860M) 98.488ms
[4790.406s][info][gc,cpu         ] GC(1300) User=0.55s Sys=0.03s Real=0.10s
..[4792.356s][info][gc,start       ] GC(1301) Pause Young (Allocation Failure)
[4792.454s][info][gc,heap        ] GC(1301) PSYoungGen: 2606368K(2606592K)->149504K(2622464K) Eden: 2450944K(2450944K)->0K(2451456K) From: 155424K(155648K)->149504K(171008K)
[4792.454s][info][gc,heap        ] GC(1301) ParOldGen: 3393568K(3394048K)->3500672K(3501056K)
[4792.454s][info][gc,metaspace   ] GC(1301) Metaspace: 29077K(29376K)->29077K(29376K) NonClass: 25974K(26112K)->25974K(26112K) Class: 3103K(3264K)->3103K(3264K)
[4792.454s][info][gc             ] GC(1301) Pause Young (Allocation Failure) 5859M->3564M(5980M) 97.629ms
[4792.454s][info][gc,cpu         ] GC(1301) User=0.54s Sys=0.03s Real=0.10s
..[4794.458s][info][gc,start       ] GC(1302) Pause Young (Allocation Failure)
[4794.554s][info][gc,heap        ] GC(1302) PSYoungGen: 2600960K(2622464K)->156256K(2621952K) Eden: 2451456K(2451456K)->0K(2451456K) From: 149504K(171008K)->156256K(170496K)
[4794.554s][info][gc,heap        ] GC(1302) ParOldGen: 3500672K(3501056K)->3601808K(3601920K)
[4794.554s][info][gc,metaspace   ] GC(1302) Metaspace: 29077K(29376K)->29077K(29376K) NonClass: 25974K(26112K)->25974K(26112K) Class: 3103K(3264K)->3103K(3264K)
[4794.554s][info][gc             ] GC(1302) Pause Young (Allocation Failure) 5958M->3669M(6078M) 96.752ms
[4794.554s][info][gc,cpu         ] GC(1302) User=0.54s Sys=0.03s Real=0.10s
...[4796.576s][info][gc,start       ] GC(1303) Pause Young (Allocation Failure)
[4796.675s][info][gc,heap        ] GC(1303) PSYoungGen: 2607712K(2621952K)->154112K(2624512K) Eden: 2451456K(2451456K)->0K(2455552K) From: 156256K(170496K)->154112K(168960K)
[4796.675s][info][gc,heap        ] GC(1303) ParOldGen: 3601808K(3601920K)->3709560K(3709952K)
[4796.675s][info][gc,metaspace   ] GC(1303) Metaspace: 29077K(29376K)->29077K(29376K) NonClass: 25974K(26112K)->25974K(26112K) Class: 3103K(3264K)->3103K(3264K)
[4796.675s][info][gc             ] GC(1303) Pause Young (Allocation Failure) 6063M->3773M(6186M) 99.138ms
[4796.675s][info][gc,cpu         ] GC(1303) User=0.55s Sys=0.03s Real=0.10s
..[4798.655s][info][gc,start       ] GC(1304) Pause Young (Allocation Failure)
[4798.756s][info][gc,heap        ] GC(1304) PSYoungGen: 2609664K(2624512K)->163156K(2624000K) Eden: 2455552K(2455552K)->0K(2455552K) From: 154112K(168960K)->163156K(168448K)
[4798.756s][info][gc,heap        ] GC(1304) ParOldGen: 3709560K(3709952K)->3813224K(3813376K)
[4798.756s][info][gc,metaspace   ] GC(1304) Metaspace: 29077K(29376K)->29077K(29376K) NonClass: 25974K(26112K)->25974K(26112K) Class: 3103K(3264K)->3103K(3264K)
[4798.756s][info][gc             ] GC(1304) Pause Young (Allocation Failure) 6171M->3883M(6286M) 101.495ms
[4798.756s][info][gc,cpu         ] GC(1304) User=0.57s Sys=0.02s Real=0.10s
..[4800.793s][info][gc,start       ] GC(1305) Pause Young (Allocation Failure)
[4800.892s][info][gc,heap        ] GC(1305) PSYoungGen: 2618708K(2624000K)->157184K(2626560K) Eden: 2455552K(2455552K)->0K(2457088K) From: 163156K(168448K)->157184K(169472K)
[4800.892s][info][gc,heap        ] GC(1305) ParOldGen: 3813224K(3813376K)->3917400K(3917824K)
[4800.892s][info][gc,metaspace   ] GC(1305) Metaspace: 29077K(29376K)->29077K(29376K) NonClass: 25974K(26112K)->25974K(26112K) Class: 3103K(3264K)->3103K(3264K)
[4800.892s][info][gc             ] GC(1305) Pause Young (Allocation Failure) 6281M->3979M(6391M) 99.121ms
[4800.892s][info][gc,cpu         ] GC(1305) User=0.55s Sys=0.04s Real=0.10s
..[4802.920s][info][gc,start       ] GC(1306) Pause Young (Allocation Failure)
[4803.014s][info][gc,heap        ] GC(1306) PSYoungGen: 2614272K(2626560K)->143680K(2626048K) Eden: 2457088K(2457088K)->0K(2457088K) From: 157184K(169472K)->143680K(168960K)
[4803.014s][info][gc,heap        ] GC(1306) ParOldGen: 3917400K(3917824K)->4022600K(4022784K)
[4803.014s][info][gc,metaspace   ] GC(1306) Metaspace: 29077K(29376K)->29077K(29376K) NonClass: 25974K(26112K)->25974K(26112K) Class: 3103K(3264K)->3103K(3264K)
[4803.014s][info][gc             ] GC(1306) Pause Young (Allocation Failure) 6378M->4068M(6493M) 93.797ms
[4803.014s][info][gc,cpu         ] GC(1306) User=0.51s Sys=0.03s Real=0.09s
..[4805.050s][info][gc,start       ] GC(1307) Pause Young (Allocation Failure)
[4805.150s][info][gc,heap        ] GC(1307) PSYoungGen: 2600768K(2626048K)->156224K(2626048K) Eden: 2457088K(2457088K)->0K(2457088K) From: 143680K(168960K)->156224K(168960K)
[4805.150s][info][gc,heap        ] GC(1307) ParOldGen: 4022600K(4022784K)->4123960K(4124160K)
[4805.150s][info][gc,metaspace   ] GC(1307) Metaspace: 29077K(29376K)->29077K(29376K) NonClass: 25974K(26112K)->25974K(26112K) Class: 3103K(3264K)->3103K(3264K)
[4805.150s][info][gc             ] GC(1307) Pause Young (Allocation Failure) 6468M->4179M(6592M) 100.094ms
[4805.150s][info][gc,cpu         ] GC(1307) User=0.55s Sys=0.04s Real=0.10s
..[4807.116s][info][gc,start       ] GC(1308) Pause Young (Allocation Failure)
[4807.214s][info][gc,heap        ] GC(1308) PSYoungGen: 2613312K(2626048K)->151456K(2626048K) Eden: 2457088K(2457088K)->0K(2457088K) From: 156224K(168960K)->151456K(168960K)
[4807.214s][info][gc,heap        ] GC(1308) ParOldGen: 4123960K(4124160K)->4229096K(4229120K)
[4807.214s][info][gc,metaspace   ] GC(1308) Metaspace: 29077K(29376K)->29077K(29376K) NonClass: 25974K(26112K)->25974K(26112K) Class: 3103K(3264K)->3103K(3264K)
[4807.214s][info][gc             ] GC(1308) Pause Young (Allocation Failure) 6579M->4277M(6694M) 97.909ms
[4807.214s][info][gc,cpu         ] GC(1308) User=0.53s Sys=0.05s Real=0.10s
..[4809.260s][info][gc,start       ] GC(1309) Pause Young (Allocation Failure)
[4809.361s][info][gc,heap        ] GC(1309) PSYoungGen: 2608544K(2626048K)->158240K(2626048K) Eden: 2457088K(2457088K)->0K(2458112K) From: 151456K(168960K)->158240K(167936K)
[4809.361s][info][gc,heap        ] GC(1309) ParOldGen: 4229096K(4229120K)->4334600K(4335104K)
[4809.361s][info][gc,metaspace   ] GC(1309) Metaspace: 29077K(29376K)->29077K(29376K) NonClass: 25974K(26112K)->25974K(26112K) Class: 3103K(3264K)->3103K(3264K)
[4809.361s][info][gc             ] GC(1309) Pause Young (Allocation Failure) 6677M->4387M(6798M) 101.410ms
[4809.361s][info][gc,cpu         ] GC(1309) User=0.56s Sys=0.03s Real=0.11s
..[4811.316s][info][gc,start       ] GC(1310) Pause Young (Allocation Failure)
[4811.414s][info][gc,heap        ] GC(1310) PSYoungGen: 2616352K(2626048K)->153120K(2626048K) Eden: 2458112K(2458112K)->0K(2458112K) From: 158240K(167936K)->153120K(167936K)
[4811.414s][info][gc,heap        ] GC(1310) ParOldGen: 4334600K(4335104K)->4437800K(4438016K)
[4811.414s][info][gc,metaspace   ] GC(1310) Metaspace: 29077K(29376K)->29077K(29376K) NonClass: 25974K(26112K)->25974K(26112K) Class: 3103K(3264K)->3103K(3264K)
[4811.414s][info][gc             ] GC(1310) Pause Young (Allocation Failure) 6788M->4483M(6898M) 98.675ms
[4811.414s][info][gc,cpu         ] GC(1310) User=0.55s Sys=0.03s Real=0.10s
..[4813.406s][info][gc,start       ] GC(1311) Pause Young (Allocation Failure)
[4813.504s][info][gc,heap        ] GC(1311) PSYoungGen: 2611232K(2626048K)->155520K(2627584K) Eden: 2458112K(2458112K)->0K(2460672K) From: 153120K(167936K)->155520K(166912K)
[4813.504s][info][gc,heap        ] GC(1311) ParOldGen: 4437800K(4438016K)->4542544K(4542976K)
[4813.504s][info][gc,metaspace   ] GC(1311) Metaspace: 29077K(29376K)->29077K(29376K) NonClass: 25974K(26112K)->25974K(26112K) Class: 3103K(3264K)->3103K(3264K)
[4813.504s][info][gc             ] GC(1311) Pause Young (Allocation Failure) 6883M->4587M(7002M) 98.204ms
[4813.504s][info][gc,cpu         ] GC(1311) User=0.54s Sys=0.03s Real=0.10s
..[4815.492s][info][gc,start       ] GC(1312) Pause Young (Allocation Failure)
[4815.590s][info][gc,heap        ] GC(1312) PSYoungGen: 2616192K(2627584K)->153312K(2627072K) Eden: 2460672K(2460672K)->0K(2460672K) From: 155520K(166912K)->153312K(166400K)
[4815.590s][info][gc,heap        ] GC(1312) ParOldGen: 4542544K(4542976K)->4648240K(4648448K)
[4815.590s][info][gc,metaspace   ] GC(1312) Metaspace: 29077K(29376K)->29077K(29376K) NonClass: 25974K(26112K)->25974K(26112K) Class: 3103K(3264K)->3103K(3264K)
[4815.590s][info][gc             ] GC(1312) Pause Young (Allocation Failure) 6990M->4689M(7105M) 98.611ms
[4815.590s][info][gc,cpu         ] GC(1312) User=0.55s Sys=0.03s Real=0.10s
..[4817.547s][info][gc,start       ] GC(1313) Pause Young (Allocation Failure)
[4817.648s][info][gc,heap        ] GC(1313) PSYoungGen: 2613984K(2627072K)->159392K(2627584K) Eden: 2460672K(2460672K)->0K(2462208K) From: 153312K(166400K)->159392K(165376K)
[4817.648s][info][gc,heap        ] GC(1313) ParOldGen: 4648240K(4648448K)->4752016K(4752384K)
[4817.648s][info][gc,metaspace   ] GC(1313) Metaspace: 29077K(29376K)->29077K(29376K) NonClass: 25974K(26112K)->25974K(26112K) Class: 3103K(3264K)->3103K(3264K)
[4817.648s][info][gc             ] GC(1313) Pause Young (Allocation Failure) 7092M->4796M(7207M) 101.728ms
[4817.648s][info][gc,cpu         ] GC(1313) User=0.57s Sys=0.03s Real=0.10s
...[4819.698s][info][gc,start       ] GC(1314) Pause Young (Allocation Failure)
[4819.798s][info][gc,heap        ] GC(1314) PSYoungGen: 2621600K(2627584K)->156704K(2628096K) Eden: 2462208K(2462208K)->0K(2462208K) From: 159392K(165376K)->156704K(165888K)
[4819.798s][info][gc,heap        ] GC(1314) ParOldGen: 4752016K(4752384K)->4857184K(4857344K)
[4819.798s][info][gc,metaspace   ] GC(1314) Metaspace: 29077K(29376K)->29077K(29376K) NonClass: 25974K(26112K)->25974K(26112K) Class: 3103K(3264K)->3103K(3264K)
[4819.798s][info][gc             ] GC(1314) Pause Young (Allocation Failure) 7200M->4896M(7310M) 99.749ms
[4819.798s][info][gc,cpu         ] GC(1314) User=0.55s Sys=0.03s Real=0.10s
..[4821.759s][info][gc,start       ] GC(1315) Pause Young (Allocation Failure)
[4821.861s][info][gc,heap        ] GC(1315) PSYoungGen: 2618912K(2628096K)->157872K(2630144K) Eden: 2462208K(2462208K)->0K(2464768K) From: 156704K(165888K)->157872K(165376K)
[4821.861s][info][gc,heap        ] GC(1315) ParOldGen: 4857184K(4857344K)->4962664K(4962816K)
[4821.861s][info][gc,metaspace   ] GC(1315) Metaspace: 29077K(29376K)->29077K(29376K) NonClass: 25974K(26112K)->25974K(26112K) Class: 3103K(3264K)->3103K(3264K)
[4821.861s][info][gc             ] GC(1315) Pause Young (Allocation Failure) 7300M->5000M(7415M) 101.900ms
[4821.861s][info][gc,cpu         ] GC(1315) User=0.56s Sys=0.04s Real=0.11s
..[4823.905s][info][gc,start       ] GC(1316) Pause Young (Allocation Failure)
[4824.001s][info][gc,heap        ] GC(1316) PSYoungGen: 2622640K(2630144K)->146624K(2630144K) Eden: 2464768K(2464768K)->0K(2464768K) From: 157872K(165376K)->146624K(165376K)
[4824.001s][info][gc,heap        ] GC(1316) ParOldGen: 4962664K(4962816K)->5065432K(5065728K)
[4824.001s][info][gc,metaspace   ] GC(1316) Metaspace: 29077K(29376K)->29077K(29376K) NonClass: 25974K(26112K)->25974K(26112K) Class: 3103K(3264K)->3103K(3264K)
[4824.001s][info][gc             ] GC(1316) Pause Young (Allocation Failure) 7407M->5089M(7515M) 96.302ms
[4824.001s][info][gc,cpu         ] GC(1316) User=0.52s Sys=0.04s Real=0.10s
..[4826.111s][info][gc,start       ] GC(1317) Pause Young (Allocation Failure)
[4826.211s][info][gc,heap        ] GC(1317) PSYoungGen: 2611392K(2630144K)->156992K(2630144K) Eden: 2464768K(2464768K)->0K(2464256K) From: 146624K(165376K)->156992K(165888K)
[4826.211s][info][gc,heap        ] GC(1317) ParOldGen: 5065432K(5065728K)->5168528K(5168640K)
[4826.211s][info][gc,metaspace   ] GC(1317) Metaspace: 29077K(29376K)->29077K(29376K) NonClass: 25974K(26112K)->25974K(26112K) Class: 3103K(3264K)->3103K(3264K)
[4826.211s][info][gc             ] GC(1317) Pause Young (Allocation Failure) 7496M->5200M(7616M) 100.716ms
[4826.211s][info][gc,cpu         ] GC(1317) User=0.55s Sys=0.04s Real=0.10s
..[4828.205s][info][gc,start       ] GC(1318) Pause Young (Allocation Failure)
[4828.306s][info][gc,heap        ] GC(1318) PSYoungGen: 2621248K(2630144K)->151392K(2615808K) Eden: 2464256K(2464256K)->0K(2464256K) From: 156992K(165888K)->151392K(151552K)
[4828.306s][info][gc,heap        ] GC(1318) ParOldGen: 5168528K(5168640K)->5274440K(5274624K)
[4828.306s][info][gc,metaspace   ] GC(1318) Metaspace: 29077K(29376K)->29077K(29376K) NonClass: 25974K(26112K)->25974K(26112K) Class: 3103K(3264K)->3103K(3264K)
[4828.306s][info][gc             ] GC(1318) Pause Young (Allocation Failure) 7607M->5298M(7705M) 101.627ms
[4828.306s][info][gc,cpu         ] GC(1318) User=0.56s Sys=0.04s Real=0.10s
..[4830.259s][info][gc,start       ] GC(1319) Pause Young (Allocation Failure)
[4830.358s][info][gc,heap        ] GC(1319) PSYoungGen: 2615648K(2615808K)->152160K(2630144K) Eden: 2464256K(2464256K)->0K(2464768K) From: 151392K(151552K)->152160K(165376K)
[4830.358s][info][gc,heap        ] GC(1319) ParOldGen: 5274440K(5274624K)->5379416K(5379584K)
[4830.358s][info][gc,metaspace   ] GC(1319) Metaspace: 29077K(29376K)->29077K(29376K) NonClass: 25974K(26112K)->25974K(26112K) Class: 3103K(3264K)->3103K(3264K)
[4830.358s][info][gc             ] GC(1319) Pause Young (Allocation Failure) 7705M->5401M(7822M) 98.787ms
[4830.358s][info][gc,cpu         ] GC(1319) User=0.56s Sys=0.03s Real=0.10s
..[4832.409s][info][gc,start       ] GC(1320) Pause Young (Allocation Failure)
[4832.512s][info][gc,heap        ] GC(1320) PSYoungGen: 2616928K(2630144K)->158720K(2629632K) Eden: 2464768K(2464768K)->0K(2464768K) From: 152160K(165376K)->158720K(164864K)
[4832.512s][info][gc,heap        ] GC(1320) ParOldGen: 5379416K(5379584K)->5483928K(5484032K)
[4832.512s][info][gc,metaspace   ] GC(1320) Metaspace: 29077K(29376K)->29077K(29376K) NonClass: 25974K(26112K)->25974K(26112K) Class: 3103K(3264K)->3103K(3264K)
[4832.512s][info][gc             ] GC(1320) Pause Young (Allocation Failure) 7808M->5510M(7923M) 102.256ms
[4832.512s][info][gc,cpu         ] GC(1320) User=0.56s Sys=0.04s Real=0.11s
..[4834.635s][info][gc,start       ] GC(1321) Pause Young (Allocation Failure)
[4834.735s][info][gc,heap        ] GC(1321) PSYoungGen: 2623488K(2629632K)->159904K(2629632K) Eden: 2464768K(2464768K)->0K(2464256K) From: 158720K(164864K)->159904K(165376K)
[4834.735s][info][gc,heap        ] GC(1321) ParOldGen: 5483928K(5484032K)->5586912K(5586944K)
[4834.735s][info][gc,metaspace   ] GC(1321) Metaspace: 29077K(29376K)->29077K(29376K) NonClass: 25974K(26112K)->25974K(26112K) Class: 3103K(3264K)->3103K(3264K)
[4834.736s][info][gc             ] GC(1321) Pause Young (Allocation Failure) 7917M->5612M(8024M) 100.772ms
[4834.736s][info][gc,cpu         ] GC(1321) User=0.56s Sys=0.03s Real=0.10s
..[4836.735s][info][gc,start       ] GC(1322) Pause Full (Allocation Failure)
[4836.735s][info][gc,phases,start] GC(1322) Marking Phase
[4837.047s][info][gc,phases      ] GC(1322) Marking Phase 312.332ms
[4837.047s][info][gc,phases,start] GC(1322) Summary Phase
[4837.047s][info][gc,phases      ] GC(1322) Summary Phase 0.097ms
[4837.047s][info][gc,phases,start] GC(1322) Forward
[4837.182s][info][gc,phases      ] GC(1322) Forward 134.390ms
[4837.182s][info][gc,phases,start] GC(1322) Adjust Pointers
[4837.394s][info][gc,phases      ] GC(1322) Adjust Pointers 212.019ms
[4837.394s][info][gc,phases,start] GC(1322) Compaction Phase
[4837.544s][info][gc,phases      ] GC(1322) Compaction Phase 150.484ms
[4837.545s][info][gc,phases,start] GC(1322) Post Compact
[4837.552s][info][gc,phases      ] GC(1322) Post Compact 7.029ms
[4837.674s][info][gc,heap        ] GC(1322) PSYoungGen: 2624160K(2629632K)->0K(2630144K) Eden: 2464256K(2464256K)->0K(2464256K) From: 159904K(165376K)->0K(165888K)
[4837.674s][info][gc,heap        ] GC(1322) ParOldGen: 5586912K(5586944K)->1622226K(1950208K)
[4837.674s][info][gc,metaspace   ] GC(1322) Metaspace: 29077K(29376K)->29077K(29376K) NonClass: 25974K(26112K)->25974K(26112K) Class: 3103K(3264K)->3103K(3264K)
[4837.674s][info][gc             ] GC(1322) Pause Full (Allocation Failure) 8018M->1584M(4473M) 938.967ms
[4837.674s][info][gc,cpu         ] GC(1322) User=4.39s Sys=0.12s Real=0.94s
..[4839.045s][info][gc,start       ] GC(1323) Pause Young (Allocation Failure)
[4839.107s][info][gc,heap        ] GC(1323) PSYoungGen: 2464256K(2630144K)->150976K(2630144K) Eden: 2464256K(2464256K)->0K(2464256K) From: 0K(165888K)->150976K(165888K)
[4839.107s][info][gc,heap        ] GC(1323) ParOldGen: 1622226K(1950208K)->1622226K(1950208K)
[4839.107s][info][gc,metaspace   ] GC(1323) Metaspace: 29077K(29376K)->29077K(29376K) NonClass: 25974K(26112K)->25974K(26112K) Class: 3103K(3264K)->3103K(3264K)
[4839.107s][info][gc             ] GC(1323) Pause Young (Allocation Failure) 3990M->1731M(4473M) 61.882ms
[4839.107s][info][gc,cpu         ] GC(1323) User=0.36s Sys=0.00s Real=0.06s
..[4840.931s][info][gc,start       ] GC(1324) Pause Young (Allocation Failure)
[4841.024s][info][gc,heap        ] GC(1324) PSYoungGen: 2615232K(2630144K)->153813K(2618368K) Eden: 2464256K(2464256K)->0K(2464256K) From: 150976K(165888K)->153813K(154112K)
[4841.024s][info][gc,heap        ] GC(1324) ParOldGen: 1622226K(1950208K)->1725666K(1950208K)
[4841.024s][info][gc,metaspace   ] GC(1324) Metaspace: 29077K(29376K)->29077K(29376K) NonClass: 25974K(26112K)->25974K(26112K) Class: 3103K(3264K)->3103K(3264K)
[4841.024s][info][gc             ] GC(1324) Pause Young (Allocation Failure) 4138M->1835M(4461M) 93.120ms
[4841.024s][info][gc,cpu         ] GC(1324) User=0.55s Sys=0.00s Real=0.09s
..[4842.996s][info][gc,start       ] GC(1325) Pause Young (Allocation Failure)
[4843.089s][info][gc,heap        ] GC(1325) PSYoungGen: 2618069K(2618368K)->158165K(2628608K) Eden: 2464256K(2464256K)->0K(2463744K) From: 153813K(154112K)->158165K(164864K)
[4843.090s][info][gc,heap        ] GC(1325) ParOldGen: 1725666K(1950208K)->1830154K(1950208K)
[4843.090s][info][gc,metaspace   ] GC(1325) Metaspace: 29077K(29376K)->29077K(29376K) NonClass: 25974K(26112K)->25974K(26112K) Class: 3103K(3264K)->3103K(3264K)
[4843.090s][info][gc             ] GC(1325) Pause Young (Allocation Failure) 4241M->1941M(4471M) 93.438ms
[4843.090s][info][gc,cpu         ] GC(1325) User=0.56s Sys=0.00s Real=0.09s
..[4845.077s][info][gc,start       ] GC(1326) Pause Young (Allocation Failure)
[4845.174s][info][gc,heap        ] GC(1326) PSYoungGen: 2621909K(2628608K)->159914K(2629120K) Eden: 2463744K(2463744K)->0K(2463744K) From: 158165K(164864K)->159914K(165376K)
[4845.174s][info][gc,heap        ] GC(1326) ParOldGen: 1830154K(1950208K)->1936554K(1950208K)
[4845.174s][info][gc,metaspace   ] GC(1326) Metaspace: 29077K(29376K)->29077K(29376K) NonClass: 25974K(26112K)->25974K(26112K) Class: 3103K(3264K)->3103K(3264K)
[4845.174s][info][gc             ] GC(1326) Pause Young (Allocation Failure) 4347M->2047M(4472M) 96.960ms
[4845.174s][info][gc,cpu         ] GC(1326) User=0.58s Sys=0.00s Real=0.10s
..[4847.213s][info][gc,start       ] GC(1327) Pause Young (Allocation Failure)
[4847.314s][info][gc,heap        ] GC(1327) PSYoungGen: 2623658K(2629120K)->162851K(2627072K) Eden: 2463744K(2463744K)->0K(2461184K) From: 159914K(165376K)->162851K(165888K)
[4847.314s][info][gc,heap        ] GC(1327) ParOldGen: 1936554K(1950208K)->2040194K(2040320K)
[4847.314s][info][gc,metaspace   ] GC(1327) Metaspace: 29077K(29376K)->29077K(29376K) NonClass: 25974K(26112K)->25974K(26112K) Class: 3103K(3264K)->3103K(3264K)
[4847.314s][info][gc             ] GC(1327) Pause Young (Allocation Failure) 4453M->2151M(4558M) 101.006ms
[4847.314s][info][gc,cpu         ] GC(1327) User=0.58s Sys=0.02s Real=0.10s
.. (rIR:aIR:PR = 8164:8154:8154) (tPR = 121404) [OK] 
  4848s: Performance info:
         Transaction,    Success,    Partial,     Failed,   Receipts, AvgBarcode, 
             Overall,     492382,          0,          0,     467679,      59.47, 
         Response times:
             Request,    Success,    Partial,     Failed,   SkipFail,     Probes,    Samples,      min,      p50,      p90,      p95,      p99,      max, 
       TotalPurchase,     467677,          0,          0,          0,     356568,     449018,      300,     5700,    27000,    62000,   547000,  1100000,
     InStorePurchase,     246680,          0,          0,          0,     187125,     234909,      300,     5600,    27000,    61000,   554000,  1100000,
      OnlinePurchase,     171630,          0,          0,          0,     131628,     166129,      300,     5800,    28000,    63000,   547000,  1100000,
        InstPurchase,      49367,          0,          0,          0,      37815,      47980,      400,     5800,    26000,    60000,   543000,   950000,
          AssocOfCat,        492,          0,          0,          0,        426,        615,    22000,    39000,    81000,   139200,   380840,   475000,
      AssocOfProduct,       4949,          0,          0,          0,       3397,       4537,      300,     5400,    27200,    69000,   534000,   650000,
      BusinessReport,       1231,          0,          0,          0,       1094,       1505,    29000,    51000,    86000,   138400,   423000,   555000,
          CustBuyBeh,       4895,          0,          0,          0,       3396,       4493,      500,     5000,    26000,    56000,   563000,   650000,
       ProductReturn,      13129,          0,          0,          0,       9951,      12968,      200,     5300,    25000,    58000,   327000,   516000,

  4848s: (60%)   IR =   8302 [4849.285s][info][gc,start       ] GC(1328) Pause Young (Allocation Failure)
[4849.384s][info][gc,heap        ] GC(1328) PSYoungGen: 2624035K(2627072K)->154976K(2628608K) Eden: 2461184K(2461184K)->0K(2461184K) From: 162851K(165888K)->154976K(167424K)
[4849.384s][info][gc,heap        ] GC(1328) ParOldGen: 2040194K(2040320K)->2146426K(2146816K)
[4849.384s][info][gc,metaspace   ] GC(1328) Metaspace: 29077K(29376K)->29077K(29376K) NonClass: 25974K(26112K)->25974K(26112K) Class: 3103K(3264K)->3103K(3264K)
[4849.384s][info][gc             ] GC(1328) Pause Young (Allocation Failure) 4554M->2247M(4663M) 98.771ms
[4849.384s][info][gc,cpu         ] GC(1328) User=0.55s Sys=0.02s Real=0.10s
..[4851.326s][info][gc,start       ] GC(1329) Pause Young (Allocation Failure)
[4851.426s][info][gc,heap        ] GC(1329) PSYoungGen: 2616160K(2628608K)->163888K(2626048K) Eden: 2461184K(2461184K)->0K(2459136K) From: 154976K(167424K)->163888K(166912K)
[4851.426s][info][gc,heap        ] GC(1329) ParOldGen: 2146426K(2146816K)->2250002K(2250240K)
[4851.426s][info][gc,metaspace   ] GC(1329) Metaspace: 29077K(29376K)->29077K(29376K) NonClass: 25974K(26112K)->25974K(26112K) Class: 3103K(3264K)->3103K(3264K)
[4851.426s][info][gc             ] GC(1329) Pause Young (Allocation Failure) 4650M->2357M(4762M) 100.532ms
[4851.426s][info][gc,cpu         ] GC(1329) User=0.56s Sys=0.03s Real=0.10s
..[4853.404s][info][gc,start       ] GC(1330) Pause Young (Allocation Failure)
[4853.500s][info][gc,heap        ] GC(1330) PSYoungGen: 2623024K(2626048K)->154304K(2627584K) Eden: 2459136K(2459136K)->0K(2459136K) From: 163888K(166912K)->154304K(168448K)
[4853.500s][info][gc,heap        ] GC(1330) ParOldGen: 2250002K(2250240K)->2354962K(2355200K)
[4853.500s][info][gc,metaspace   ] GC(1330) Metaspace: 29077K(29376K)->29077K(29376K) NonClass: 25974K(26112K)->25974K(26112K) Class: 3103K(3264K)->3103K(3264K)
[4853.500s][info][gc             ] GC(1330) Pause Young (Allocation Failure) 4758M->2450M(4866M) 96.869ms
[4853.500s][info][gc,cpu         ] GC(1330) User=0.53s Sys=0.04s Real=0.10s
..[4855.462s][info][gc,start       ] GC(1331) Pause Young (Allocation Failure)
[4855.564s][info][gc,heap        ] GC(1331) PSYoungGen: 2613440K(2627584K)->165696K(2624000K) Eden: 2459136K(2459136K)->0K(2456064K) From: 154304K(168448K)->165696K(167936K)
[4855.564s][info][gc,heap        ] GC(1331) ParOldGen: 2354962K(2355200K)->2460034K(2460160K)
[4855.564s][info][gc,metaspace   ] GC(1331) Metaspace: 29077K(29376K)->29077K(29376K) NonClass: 25974K(26112K)->25974K(26112K) Class: 3103K(3264K)->3103K(3264K)
[4855.564s][info][gc             ] GC(1331) Pause Young (Allocation Failure) 4851M->2564M(4965M) 101.554ms
[4855.564s][info][gc,cpu         ] GC(1331) User=0.57s Sys=0.03s Real=0.10s
..[4857.541s][info][gc,start       ] GC(1332) Pause Young (Allocation Failure)
[4857.640s][info][gc,heap        ] GC(1332) PSYoungGen: 2621760K(2624000K)->158176K(2626048K) Eden: 2456064K(2456064K)->0K(2456064K) From: 165696K(167936K)->158176K(169984K)
[4857.640s][info][gc,heap        ] GC(1332) ParOldGen: 2460034K(2460160K)->2563962K(2564096K)
[4857.640s][info][gc,metaspace   ] GC(1332) Metaspace: 29077K(29376K)->29077K(29376K) NonClass: 25974K(26112K)->25974K(26112K) Class: 3103K(3264K)->3103K(3264K)
[4857.640s][info][gc             ] GC(1332) Pause Young (Allocation Failure) 4962M->2658M(5068M) 99.025ms
[4857.640s][info][gc,cpu         ] GC(1332) User=0.56s Sys=0.03s Real=0.10s
..[4859.632s][info][gc,start       ] GC(1333) Pause Young (Allocation Failure)
[4859.735s][info][gc,heap        ] GC(1333) PSYoungGen: 2614240K(2626048K)->164872K(2624000K) Eden: 2456064K(2456064K)->0K(2455040K) From: 158176K(169984K)->164872K(168960K)
[4859.735s][info][gc,heap        ] GC(1333) ParOldGen: 2563962K(2564096K)->2670362K(2670592K)
[4859.735s][info][gc,metaspace   ] GC(1333) Metaspace: 29077K(29376K)->29077K(29376K) NonClass: 25974K(26112K)->25974K(26112K) Class: 3103K(3264K)->3103K(3264K)
[4859.735s][info][gc             ] GC(1333) Pause Young (Allocation Failure) 5056M->2768M(5170M) 102.411ms
[4859.735s][info][gc,cpu         ] GC(1333) User=0.57s Sys=0.03s Real=0.10s
..|[4861.680s][info][gc,start       ] GC(1334) Pause Young (Allocation Failure)
[4861.783s][info][gc,heap        ] GC(1334) PSYoungGen: 2619912K(2624000K)->169716K(2625024K) Eden: 2455040K(2455040K)->0K(2455040K) From: 164872K(168960K)->169716K(169984K)
[4861.783s][info][gc,heap        ] GC(1334) ParOldGen: 2670362K(2670592K)->2772666K(2772992K)
[4861.783s][info][gc,metaspace   ] GC(1334) Metaspace: 29077K(29376K)->29077K(29376K) NonClass: 25974K(26112K)->25974K(26112K) Class: 3103K(3264K)->3103K(3264K)
[4861.783s][info][gc             ] GC(1334) Pause Young (Allocation Failure) 5166M->2873M(5271M) 103.198ms
[4861.783s][info][gc,cpu         ] GC(1334) User=0.59s Sys=0.02s Real=0.11s
..[4863.680s][info][gc,start       ] GC(1335) Pause Young (Allocation Failure)
[4863.778s][info][gc,heap        ] GC(1335) PSYoungGen: 2624756K(2625024K)->155872K(2620928K) Eden: 2455040K(2455040K)->0K(2449920K) From: 169716K(169984K)->155872K(171008K)
[4863.778s][info][gc,heap        ] GC(1335) ParOldGen: 2772666K(2772992K)->2878810K(2878976K)
[4863.778s][info][gc,metaspace   ] GC(1335) Metaspace: 29077K(29376K)->29077K(29376K) NonClass: 25974K(26112K)->25974K(26112K) Class: 3103K(3264K)->3103K(3264K)
[4863.778s][info][gc             ] GC(1335) Pause Young (Allocation Failure) 5270M->2963M(5371M) 98.218ms
[4863.779s][info][gc,cpu         ] GC(1335) User=0.55s Sys=0.02s Real=0.09s
..[4865.784s][info][gc,start       ] GC(1336) Pause Young (Allocation Failure)
[4865.883s][info][gc,heap        ] GC(1336) PSYoungGen: 2605792K(2620928K)->160416K(2622976K) Eden: 2449920K(2449920K)->0K(2449920K) From: 155872K(171008K)->160416K(173056K)
[4865.883s][info][gc,heap        ] GC(1336) ParOldGen: 2878810K(2878976K)->2981730K(2981888K)
[4865.883s][info][gc,metaspace   ] GC(1336) Metaspace: 29077K(29376K)->29077K(29376K) NonClass: 25974K(26112K)->25974K(26112K) Class: 3103K(3264K)->3103K(3264K)
[4865.883s][info][gc             ] GC(1336) Pause Young (Allocation Failure) 5356M->3068M(5473M) 99.415ms
[4865.883s][info][gc,cpu         ] GC(1336) User=0.56s Sys=0.02s Real=0.10s
..[4867.889s][info][gc,start       ] GC(1337) Pause Young (Allocation Failure)
[4867.986s][info][gc,heap        ] GC(1337) PSYoungGen: 2610336K(2622976K)->150880K(2621952K) Eden: 2449920K(2449920K)->0K(2450944K) From: 160416K(173056K)->150880K(171008K)
[4867.986s][info][gc,heap        ] GC(1337) ParOldGen: 2981730K(2981888K)->3084882K(3085312K)
[4867.986s][info][gc,metaspace   ] GC(1337) Metaspace: 29077K(29376K)->29077K(29376K) NonClass: 25974K(26112K)->25974K(26112K) Class: 3103K(3264K)->3103K(3264K)
[4867.986s][info][gc             ] GC(1337) Pause Young (Allocation Failure) 5461M->3159M(5573M) 97.046ms
[4867.986s][info][gc,cpu         ] GC(1337) User=0.54s Sys=0.03s Real=0.10s
..[4869.978s][info][gc,start       ] GC(1338) Pause Young (Allocation Failure)
[4870.076s][info][gc,heap        ] GC(1338) PSYoungGen: 2601824K(2621952K)->154112K(2622976K) Eden: 2450944K(2450944K)->0K(2450944K) From: 150880K(171008K)->154112K(172032K)
[4870.076s][info][gc,heap        ] GC(1338) ParOldGen: 3084882K(3085312K)->3191426K(3191808K)
[4870.076s][info][gc,metaspace   ] GC(1338) Metaspace: 29077K(29376K)->29077K(29376K) NonClass: 25974K(26112K)->25974K(26112K) Class: 3103K(3264K)->3103K(3264K)
[4870.076s][info][gc             ] GC(1338) Pause Young (Allocation Failure) 5553M->3267M(5678M) 98.182ms
[4870.076s][info][gc,cpu         ] GC(1338) User=0.55s Sys=0.03s Real=0.10s
..[4872.015s][info][gc,start       ] GC(1339) Pause Young (Allocation Failure)
[4872.113s][info][gc,heap        ] GC(1339) PSYoungGen: 2605056K(2622976K)->156149K(2621440K) Eden: 2450944K(2450944K)->0K(2452480K) From: 154112K(172032K)->156149K(168960K)
[4872.113s][info][gc,heap        ] GC(1339) ParOldGen: 3191426K(3191808K)->3295554K(3295744K)
[4872.113s][info][gc,metaspace   ] GC(1339) Metaspace: 29077K(29376K)->29077K(29376K) NonClass: 25974K(26112K)->25974K(26112K) Class: 3103K(3264K)->3103K(3264K)
[4872.113s][info][gc             ] GC(1339) Pause Young (Allocation Failure) 5660M->3370M(5778M) 97.736ms
[4872.113s][info][gc,cpu         ] GC(1339) User=0.54s Sys=0.03s Real=0.10s
..[4874.044s][info][gc,start       ] GC(1340) Pause Young (Allocation Failure)
[4874.141s][info][gc,heap        ] GC(1340) PSYoungGen: 2608629K(2621440K)->151167K(2622976K) Eden: 2452480K(2452480K)->0K(2452480K) From: 156149K(168960K)->151167K(170496K)
[4874.141s][info][gc,heap        ] GC(1340) ParOldGen: 3295554K(3295744K)->3398506K(3398656K)
[4874.141s][info][gc,metaspace   ] GC(1340) Metaspace: 29077K(29376K)->29077K(29376K) NonClass: 25974K(26112K)->25974K(26112K) Class: 3103K(3264K)->3103K(3264K)
[4874.141s][info][gc             ] GC(1340) Pause Young (Allocation Failure) 5765M->3466M(5880M) 96.344ms
[4874.141s][info][gc,cpu         ] GC(1340) User=0.53s Sys=0.03s Real=0.10s
..[4876.048s][info][gc,start       ] GC(1341) Pause Young (Allocation Failure)
[4876.145s][info][gc,heap        ] GC(1341) PSYoungGen: 2603647K(2622976K)->148336K(2625536K) Eden: 2452480K(2452480K)->0K(2455040K) From: 151167K(170496K)->148336K(170496K)
[4876.145s][info][gc,heap        ] GC(1341) ParOldGen: 3398506K(3398656K)->3505874K(3506176K)
[4876.145s][info][gc,metaspace   ] GC(1341) Metaspace: 29077K(29376K)->29077K(29376K) NonClass: 25974K(26112K)->25974K(26112K) Class: 3103K(3264K)->3103K(3264K)
[4876.145s][info][gc             ] GC(1341) Pause Young (Allocation Failure) 5861M->3568M(5988M) 96.432ms
[4876.145s][info][gc,cpu         ] GC(1341) User=0.52s Sys=0.04s Real=0.10s
...[4878.216s][info][gc,start       ] GC(1342) Pause Young (Allocation Failure)
[4878.313s][info][gc,heap        ] GC(1342) PSYoungGen: 2603376K(2625536K)->152352K(2607616K) Eden: 2455040K(2455040K)->0K(2455040K) From: 148336K(170496K)->152352K(152576K)
[4878.313s][info][gc,heap        ] GC(1342) ParOldGen: 3505874K(3506176K)->3606546K(3607040K)
[4878.313s][info][gc,metaspace   ] GC(1342) Metaspace: 29077K(29376K)->29077K(29376K) NonClass: 25974K(26112K)->25974K(26112K) Class: 3103K(3264K)->3103K(3264K)
[4878.313s][info][gc             ] GC(1342) Pause Young (Allocation Failure) 5966M->3670M(6069M) 96.793ms
[4878.313s][info][gc,cpu         ] GC(1342) User=0.53s Sys=0.03s Real=0.10s
..[4880.363s][info][gc,start       ] GC(1343) Pause Young (Allocation Failure)
[4880.464s][info][gc,heap        ] GC(1343) PSYoungGen: 2607392K(2607616K)->160928K(2624512K) Eden: 2455040K(2455040K)->0K(2454528K) From: 152352K(152576K)->160928K(169984K)
[4880.464s][info][gc,heap        ] GC(1343) ParOldGen: 3606546K(3607040K)->3710234K(3710464K)
[4880.464s][info][gc,metaspace   ] GC(1343) Metaspace: 29077K(29376K)->29077K(29376K) NonClass: 25974K(26112K)->25974K(26112K) Class: 3103K(3264K)->3103K(3264K)
[4880.464s][info][gc             ] GC(1343) Pause Young (Allocation Failure) 6068M->3780M(6186M) 100.986ms
[4880.464s][info][gc,cpu         ] GC(1343) User=0.56s Sys=0.03s Real=0.10s
..[4882.339s][info][gc,start       ] GC(1344) Pause Young (Allocation Failure)
[4882.440s][info][gc,heap        ] GC(1344) PSYoungGen: 2615456K(2624512K)->154016K(2625024K) Eden: 2454528K(2454528K)->0K(2454528K) From: 160928K(169984K)->154016K(170496K)
[4882.440s][info][gc,heap        ] GC(1344) ParOldGen: 3710234K(3710464K)->3817202K(3817472K)
[4882.440s][info][gc,metaspace   ] GC(1344) Metaspace: 29077K(29376K)->29077K(29376K) NonClass: 25974K(26112K)->25974K(26112K) Class: 3103K(3264K)->3103K(3264K)
[4882.440s][info][gc             ] GC(1344) Pause Young (Allocation Failure) 6177M->3878M(6291M) 100.752ms
[4882.440s][info][gc,cpu         ] GC(1344) User=0.55s Sys=0.04s Real=0.10s
..[4884.453s][info][gc,start       ] GC(1345) Pause Young (Allocation Failure)
[4884.557s][info][gc,heap        ] GC(1345) PSYoungGen: 2608544K(2625024K)->169444K(2544640K) Eden: 2454528K(2454528K)->0K(2375168K) From: 154016K(170496K)->169444K(169472K)
[4884.557s][info][gc,heap        ] GC(1345) ParOldGen: 3817202K(3817472K)->3918938K(3919360K)
[4884.557s][info][gc,metaspace   ] GC(1345) Metaspace: 29077K(29376K)->29077K(29376K) NonClass: 25974K(26112K)->25974K(26112K) Class: 3103K(3264K)->3103K(3264K)
[4884.557s][info][gc             ] GC(1345) Pause Young (Allocation Failure) 6275M->3992M(6312M) 103.961ms
[4884.557s][info][gc,cpu         ] GC(1345) User=0.57s Sys=0.04s Real=0.10s
..[4886.422s][info][gc,start       ] GC(1346) Pause Young (Allocation Failure)
[4886.521s][info][gc,heap        ] GC(1346) PSYoungGen: 2544612K(2544640K)->153696K(2585600K) Eden: 2375168K(2375168K)->0K(2375168K) From: 169444K(169472K)->153696K(210432K)
[4886.521s][info][gc,heap        ] GC(1346) ParOldGen: 3918938K(3919360K)->4025290K(4025344K)
[4886.521s][info][gc,metaspace   ] GC(1346) Metaspace: 29077K(29376K)->29077K(29376K) NonClass: 25974K(26112K)->25974K(26112K) Class: 3103K(3264K)->3103K(3264K)
[4886.521s][info][gc             ] GC(1346) Pause Young (Allocation Failure) 6312M->4081M(6456M) 98.854ms
[4886.521s][info][gc,cpu         ] GC(1346) User=0.56s Sys=0.03s Real=0.10s
..[4888.389s][info][gc,start       ] GC(1347) Pause Young (Allocation Failure)
[4888.487s][info][gc,heap        ] GC(1347) PSYoungGen: 2528864K(2585600K)->152032K(2579968K) Eden: 2375168K(2375168K)->0K(2376704K) From: 153696K(210432K)->152032K(203264K)
[4888.487s][info][gc,heap        ] GC(1347) ParOldGen: 4025290K(4025344K)->4126402K(4126720K)
[4888.487s][info][gc,metaspace   ] GC(1347) Metaspace: 29077K(29376K)->29077K(29376K) NonClass: 25974K(26112K)->25974K(26112K) Class: 3103K(3264K)->3103K(3264K)
[4888.487s][info][gc             ] GC(1347) Pause Young (Allocation Failure) 6400M->4178M(6549M) 97.406ms
[4888.487s][info][gc,cpu         ] GC(1347) User=0.56s Sys=0.02s Real=0.10s
..[4890.362s][info][gc,start       ] GC(1348) Pause Young (Allocation Failure)
[4890.462s][info][gc,heap        ] GC(1348) PSYoungGen: 2528736K(2579968K)->154004K(2583552K) Eden: 2376704K(2376704K)->0K(2376704K) From: 152032K(203264K)->154004K(206848K)
[4890.462s][info][gc,heap        ] GC(1348) ParOldGen: 4126402K(4126720K)->4232362K(4232704K)
[4890.462s][info][gc,metaspace   ] GC(1348) Metaspace: 29077K(29376K)->29077K(29376K) NonClass: 25974K(26112K)->25974K(26112K) Class: 3103K(3264K)->3103K(3264K)
[4890.462s][info][gc             ] GC(1348) Pause Young (Allocation Failure) 6499M->4283M(6656M) 99.541ms
[4890.462s][info][gc,cpu         ] GC(1348) User=0.55s Sys=0.04s Real=0.10s
..[4892.368s][info][gc,start       ] GC(1349) Pause Young (Allocation Failure)
[4892.466s][info][gc,heap        ] GC(1349) PSYoungGen: 2530708K(2583552K)->152288K(2583552K) Eden: 2376704K(2376704K)->0K(2384384K) From: 154004K(206848K)->152288K(199168K)
[4892.466s][info][gc,heap        ] GC(1349) ParOldGen: 4232362K(4232704K)->4334314K(4334592K)
[4892.466s][info][gc,metaspace   ] GC(1349) Metaspace: 29077K(29376K)->29077K(29376K) NonClass: 25974K(26112K)->25974K(26112K) Class: 3103K(3264K)->3103K(3264K)
[4892.466s][info][gc             ] GC(1349) Pause Young (Allocation Failure) 6604M->4381M(6756M) 97.403ms
[4892.466s][info][gc,cpu         ] GC(1349) User=0.54s Sys=0.02s Real=0.10s
..[4894.344s][info][gc,start       ] GC(1350) Pause Young (Allocation Failure)
[4894.444s][info][gc,heap        ] GC(1350) PSYoungGen: 2536672K(2583552K)->157828K(2587136K) Eden: 2384384K(2384384K)->0K(2384384K) From: 152288K(199168K)->157828K(202752K)
[4894.444s][info][gc,heap        ] GC(1350) ParOldGen: 4334314K(4334592K)->4437154K(4437504K)
[4894.444s][info][gc,metaspace   ] GC(1350) Metaspace: 29077K(29376K)->29077K(29376K) NonClass: 25974K(26112K)->25974K(26112K) Class: 3103K(3264K)->3103K(3264K)
[4894.444s][info][gc             ] GC(1350) Pause Young (Allocation Failure) 6709M->4487M(6860M) 100.349ms
[4894.444s][info][gc,cpu         ] GC(1350) User=0.57s Sys=0.02s Real=0.10s
..[4896.429s][info][gc,start       ] GC(1351) Pause Young (Allocation Failure)
[4896.532s][info][gc,heap        ] GC(1351) PSYoungGen: 2542212K(2587136K)->164533K(2588160K) Eden: 2384384K(2384384K)->0K(2394112K) From: 157828K(202752K)->164533K(194048K)
[4896.532s][info][gc,heap        ] GC(1351) ParOldGen: 4437154K(4437504K)->4537498K(4537856K)
[4896.532s][info][gc,metaspace   ] GC(1351) Metaspace: 29077K(29376K)->29077K(29376K) NonClass: 25974K(26112K)->25974K(26112K) Class: 3103K(3264K)->3103K(3264K)
[4896.532s][info][gc             ] GC(1351) Pause Young (Allocation Failure) 6815M->4591M(6959M) 103.480ms
[4896.532s][info][gc,cpu         ] GC(1351) User=0.58s Sys=0.03s Real=0.11s
..[4898.414s][info][gc,start       ] GC(1352) Pause Young (Allocation Failure)
[4898.524s][info][gc,heap        ] GC(1352) PSYoungGen: 2558645K(2588160K)->170016K(2590720K) Eden: 2394112K(2394112K)->0K(2394112K) From: 164533K(194048K)->170016K(196608K)
[4898.524s][info][gc,heap        ] GC(1352) ParOldGen: 4537498K(4537856K)->4644426K(4644864K)
[4898.524s][info][gc,metaspace   ] GC(1352) Metaspace: 29077K(29376K)->29077K(29376K) NonClass: 25974K(26112K)->25974K(26112K) Class: 3103K(3264K)->3103K(3264K)
[4898.524s][info][gc             ] GC(1352) Pause Young (Allocation Failure) 6929M->4701M(7066M) 110.017ms
[4898.524s][info][gc,cpu         ] GC(1352) User=0.61s Sys=0.04s Real=0.11s
..[4900.429s][info][gc,start       ] GC(1353) Pause Young (Allocation Failure)
[4900.526s][info][gc,heap        ] GC(1353) PSYoungGen: 2564128K(2590720K)->148704K(2596864K) Eden: 2394112K(2394112K)->0K(2403328K) From: 170016K(196608K)->148704K(193536K)
[4900.526s][info][gc,heap        ] GC(1353) ParOldGen: 4644426K(4644864K)->4747194K(4747264K)
[4900.526s][info][gc,metaspace   ] GC(1353) Metaspace: 29077K(29376K)->29077K(29376K) NonClass: 25974K(26112K)->25974K(26112K) Class: 3103K(3264K)->3103K(3264K)
[4900.526s][info][gc             ] GC(1353) Pause Young (Allocation Failure) 7039M->4781M(7172M) 97.006ms
[4900.526s][info][gc,cpu         ] GC(1353) User=0.54s Sys=0.03s Real=0.10s
..[4902.434s][info][gc,start       ] GC(1354) Pause Young (Allocation Failure)
[4902.529s][info][gc,heap        ] GC(1354) PSYoungGen: 2552032K(2596864K)->147776K(2598400K) Eden: 2403328K(2403328K)->0K(2403328K) From: 148704K(193536K)->147776K(195072K)
[4902.529s][info][gc,heap        ] GC(1354) ParOldGen: 4747194K(4747264K)->4848986K(4849152K)
[4902.529s][info][gc,metaspace   ] GC(1354) Metaspace: 29077K(29376K)->29077K(29376K) NonClass: 25974K(26112K)->25974K(26112K) Class: 3103K(3264K)->3103K(3264K)
[4902.529s][info][gc             ] GC(1354) Pause Young (Allocation Failure) 7128M->4879M(7273M) 95.151ms
[4902.529s][info][gc,cpu         ] GC(1354) User=0.52s Sys=0.03s Real=0.09s
..[4904.453s][info][gc,start       ] GC(1355) Pause Young (Allocation Failure)
[4904.556s][info][gc,heap        ] GC(1355) PSYoungGen: 2551104K(2598400K)->156585K(2595328K) Eden: 2403328K(2403328K)->0K(2406912K) From: 147776K(195072K)->156585K(188416K)
[4904.556s][info][gc,heap        ] GC(1355) ParOldGen: 4848986K(4849152K)->4950434K(4950528K)
[4904.556s][info][gc,metaspace   ] GC(1355) Metaspace: 29077K(29376K)->29077K(29376K) NonClass: 25974K(26112K)->25974K(26112K) Class: 3103K(3264K)->3103K(3264K)
[4904.556s][info][gc             ] GC(1355) Pause Young (Allocation Failure) 7226M->4987M(7369M) 103.282ms
[4904.556s][info][gc,cpu         ] GC(1355) User=0.58s Sys=0.02s Real=0.10s
..[4906.513s][info][gc,start       ] GC(1356) Pause Young (Allocation Failure)
[4906.612s][info][gc,heap        ] GC(1356) PSYoungGen: 2563497K(2595328K)->156416K(2598400K) Eden: 2406912K(2406912K)->0K(2406912K) From: 156585K(188416K)->156416K(191488K)
[4906.612s][info][gc,heap        ] GC(1356) ParOldGen: 4950434K(4950528K)->5052746K(5052928K)
[4906.612s][info][gc,metaspace   ] GC(1356) Metaspace: 29077K(29376K)->29077K(29376K) NonClass: 25974K(26112K)->25974K(26112K) Class: 3103K(3264K)->3103K(3264K)
[4906.612s][info][gc             ] GC(1356) Pause Young (Allocation Failure) 7337M->5087M(7472M) 99.491ms
[4906.612s][info][gc,cpu         ] GC(1356) User=0.55s Sys=0.04s Real=0.10s
..[4908.495s][info][gc,start       ] GC(1357) Pause Young (Allocation Failure)
[4908.592s][info][gc,heap        ] GC(1357) PSYoungGen: 2563328K(2598400K)->148032K(2601984K) Eden: 2406912K(2406912K)->0K(2415616K) From: 156416K(191488K)->148032K(186368K)
[4908.592s][info][gc,heap        ] GC(1357) ParOldGen: 5052746K(5052928K)->5161218K(5161472K)
[4908.592s][info][gc,metaspace   ] GC(1357) Metaspace: 29077K(29376K)->29077K(29376K) NonClass: 25974K(26112K)->25974K(26112K) Class: 3103K(3264K)->3103K(3264K)
[4908.592s][info][gc             ] GC(1357) Pause Young (Allocation Failure) 7437M->5184M(7581M) 97.542ms
[4908.592s][info][gc,cpu         ] GC(1357) User=0.54s Sys=0.02s Real=0.10s
..[4910.582s][info][gc,start       ] GC(1358) Pause Young (Allocation Failure)
[4910.683s][info][gc,heap        ] GC(1358) PSYoungGen: 2563648K(2601984K)->161488K(2603520K) Eden: 2415616K(2415616K)->0K(2415616K) From: 148032K(186368K)->161488K(187904K)
[4910.683s][info][gc,heap        ] GC(1358) ParOldGen: 5161218K(5161472K)->5260994K(5261312K)
[4910.683s][info][gc,metaspace   ] GC(1358) Metaspace: 29077K(29376K)->29077K(29376K) NonClass: 25974K(26112K)->25974K(26112K) Class: 3103K(3264K)->3103K(3264K)
[4910.683s][info][gc             ] GC(1358) Pause Young (Allocation Failure) 7543M->5295M(7680M) 100.985ms
[4910.683s][info][gc,cpu         ] GC(1358) User=0.57s Sys=0.02s Real=0.10s
..[4912.567s][info][gc,start       ] GC(1359) Pause Young (Allocation Failure)
[4912.668s][info][gc,heap        ] GC(1359) PSYoungGen: 2577104K(2603520K)->158048K(2603008K) Eden: 2415616K(2415616K)->0K(2421760K) From: 161488K(187904K)->158048K(181248K)
[4912.668s][info][gc,heap        ] GC(1359) ParOldGen: 5260994K(5261312K)->5364130K(5364224K)
[4912.668s][info][gc,metaspace   ] GC(1359) Metaspace: 29077K(29376K)->29077K(29376K) NonClass: 25974K(26112K)->25974K(26112K) Class: 3103K(3264K)->3103K(3264K)
[4912.668s][info][gc             ] GC(1359) Pause Young (Allocation Failure) 7654M->5392M(7780M) 100.394ms
[4912.668s][info][gc,cpu         ] GC(1359) User=0.55s Sys=0.03s Real=0.10s
..[4914.586s][info][gc,start       ] GC(1360) Pause Young (Allocation Failure)
[4914.688s][info][gc,heap        ] GC(1360) PSYoungGen: 2579808K(2603008K)->160485K(2605568K) Eden: 2421760K(2421760K)->0K(2421760K) From: 158048K(181248K)->160485K(183808K)
[4914.688s][info][gc,heap        ] GC(1360) ParOldGen: 5364130K(5364224K)->5467090K(5467136K)
[4914.688s][info][gc,metaspace   ] GC(1360) Metaspace: 29077K(29376K)->29077K(29376K) NonClass: 25974K(26112K)->25974K(26112K) Class: 3103K(3264K)->3103K(3264K)
[4914.688s][info][gc             ] GC(1360) Pause Young (Allocation Failure) 7757M->5495M(7883M) 101.572ms
[4914.688s][info][gc,cpu         ] GC(1360) User=0.57s Sys=0.03s Real=0.10s
..[4916.593s][info][gc,start       ] GC(1361) Pause Young (Allocation Failure)
[4916.691s][info][gc,heap        ] GC(1361) PSYoungGen: 2582245K(2605568K)->153664K(2608640K) Eden: 2421760K(2421760K)->0K(2430464K) From: 160485K(183808K)->153664K(178176K)
[4916.691s][info][gc,heap        ] GC(1361) ParOldGen: 5467090K(5467136K)->5571586K(5572096K)
[4916.691s][info][gc,metaspace   ] GC(1361) Metaspace: 29077K(29376K)->29077K(29376K) NonClass: 25974K(26112K)->25974K(26112K) Class: 3103K(3264K)->3103K(3264K)
[4916.691s][info][gc             ] GC(1361) Pause Young (Allocation Failure) 7860M->5591M(7989M) 98.578ms
[4916.691s][info][gc,cpu         ] GC(1361) User=0.55s Sys=0.03s Real=0.10s
..[4918.749s][info][gc,start       ] GC(1362) Pause Full (Allocation Failure)
[4918.749s][info][gc,phases,start] GC(1362) Marking Phase
[4919.062s][info][gc,phases      ] GC(1362) Marking Phase 312.745ms
[4919.062s][info][gc,phases,start] GC(1362) Summary Phase
[4919.062s][info][gc,phases      ] GC(1362) Summary Phase 0.112ms
[4919.062s][info][gc,phases,start] GC(1362) Forward
[4919.192s][info][gc,phases      ] GC(1362) Forward 130.421ms
[4919.192s][info][gc,phases,start] GC(1362) Adjust Pointers
[4919.405s][info][gc,phases      ] GC(1362) Adjust Pointers 213.008ms
[4919.405s][info][gc,phases,start] GC(1362) Compaction Phase
[4919.556s][info][gc,phases      ] GC(1362) Compaction Phase 151.015ms
[4919.558s][info][gc,phases,start] GC(1362) Post Compact
[4919.565s][info][gc,phases      ] GC(1362) Post Compact 6.869ms
[4919.688s][info][gc,heap        ] GC(1362) PSYoungGen: 2584128K(2608640K)->0K(2610688K) Eden: 2430464K(2430464K)->0K(2430464K) From: 153664K(178176K)->0K(180224K)
[4919.688s][info][gc,heap        ] GC(1362) ParOldGen: 5571586K(5572096K)->1623608K(1958912K)
[4919.688s][info][gc,metaspace   ] GC(1362) Metaspace: 29077K(29376K)->29077K(29376K) NonClass: 25974K(26112K)->25974K(26112K) Class: 3103K(3264K)->3103K(3264K)
[4919.688s][info][gc             ] GC(1362) Pause Full (Allocation Failure) 7964M->1585M(4462M) 938.669ms
[4919.688s][info][gc,cpu         ] GC(1362) User=4.40s Sys=0.12s Real=0.94s
..[4921.079s][info][gc,start       ] GC(1363) Pause Young (Allocation Failure)
[4921.141s][info][gc,heap        ] GC(1363) PSYoungGen: 2430464K(2610688K)->146660K(2615808K) Eden: 2430464K(2430464K)->0K(2435584K) From: 0K(180224K)->146660K(180224K)
[4921.141s][info][gc,heap        ] GC(1363) ParOldGen: 1623608K(1958912K)->1623608K(1958912K)
[4921.141s][info][gc,metaspace   ] GC(1363) Metaspace: 29077K(29376K)->29077K(29376K) NonClass: 25974K(26112K)->25974K(26112K) Class: 3103K(3264K)->3103K(3264K)
[4921.141s][info][gc             ] GC(1363) Pause Young (Allocation Failure) 3959M->1728M(4467M) 61.297ms
[4921.141s][info][gc,cpu         ] GC(1363) User=0.35s Sys=0.00s Real=0.07s
. (rIR:aIR:PR = 8302:8282:8282) (tPR = 122582) [OK] 
  4921s: Performance info:
         Transaction,    Success,    Partial,     Failed,   Receipts, AvgBarcode, 
             Overall,     504206,          0,          0,     478813,      59.47, 
         Response times:
             Request,    Success,    Partial,     Failed,   SkipFail,     Probes,    Samples,      min,      p50,      p90,      p95,      p99,      max, 
       TotalPurchase,     478814,          0,          0,          0,     356786,     438954,      300,     6000,    38000,    73000,   283000,  1200000,
     InStorePurchase,     252737,          0,          0,          0,     187398,     230773,      300,     6000,    38000,    74000,   298000,  1200000,
      OnlinePurchase,     175716,          0,          0,          0,     131082,     161663,      300,     6100,    38000,    73000,   282000,  1200000,
        InstPurchase,      50361,          0,          0,          0,      38306,      46518,      300,     5500,    36000,    71000,   279000,  1200000,
          AssocOfCat,        510,          0,          0,          0,        414,        614,    23000,    40000,    91000,   153250,   395700,   474000,
      AssocOfProduct,       5064,          0,          0,          0,       3496,       4474,      600,     5900,    40000,    76000,   255000,   960000,
      BusinessReport,       1257,          0,          0,          0,       1109,       1519,    30000,    50000,   106000,   159000,   359600,  1200000,
          CustBuyBeh,       5053,          0,          0,          0,       3493,       4459,      200,     6200,    35000,    78000,   319000,  1100000,
       ProductReturn,      13510,          0,          0,          0,       8906,      11483,      200,     4400,    32000,    65000,   248000,   474000,

  4921s: (61%)   IR =   8441 .[4922.981s][info][gc,start       ] GC(1364) Pause Young (Allocation Failure)
[4923.076s][info][gc,heap        ] GC(1364) PSYoungGen: 2582244K(2615808K)->165897K(2601984K) Eden: 2435584K(2435584K)->0K(2435584K) From: 146660K(180224K)->165897K(166400K)
[4923.076s][info][gc,heap        ] GC(1364) ParOldGen: 1623608K(1958912K)->1720967K(1958912K)
[4923.076s][info][gc,metaspace   ] GC(1364) Metaspace: 29077K(29376K)->29077K(29376K) NonClass: 25974K(26112K)->25974K(26112K) Class: 3103K(3264K)->3103K(3264K)
[4923.076s][info][gc             ] GC(1364) Pause Young (Allocation Failure) 4107M->1842M(4454M) 94.585ms
[4923.076s][info][gc,cpu         ] GC(1364) User=0.56s Sys=0.00s Real=0.09s
..[4924.977s][info][gc,start       ] GC(1365) Pause Young (Allocation Failure)
[4925.070s][info][gc,heap        ] GC(1365) PSYoungGen: 2601481K(2601984K)->154212K(2616320K) Eden: 2435584K(2435584K)->0K(2435072K) From: 165897K(166400K)->154212K(181248K)
[4925.070s][info][gc,heap        ] GC(1365) ParOldGen: 1720967K(1958912K)->1829567K(1958912K)
[4925.070s][info][gc,metaspace   ] GC(1365) Metaspace: 29077K(29376K)->29077K(29376K) NonClass: 25974K(26112K)->25974K(26112K) Class: 3103K(3264K)->3103K(3264K)
[4925.070s][info][gc             ] GC(1365) Pause Young (Allocation Failure) 4221M->1937M(4468M) 93.134ms
[4925.071s][info][gc,cpu         ] GC(1365) User=0.56s Sys=0.00s Real=0.10s
..[4926.972s][info][gc,start       ] GC(1366) Pause Young (Allocation Failure)
[4927.060s][info][gc,heap        ] GC(1366) PSYoungGen: 2589284K(2616320K)->144640K(2614784K) Eden: 2435072K(2435072K)->0K(2435072K) From: 154212K(181248K)->144640K(179712K)
[4927.060s][info][gc,heap        ] GC(1366) ParOldGen: 1829567K(1958912K)->1934911K(1958912K)
[4927.060s][info][gc,metaspace   ] GC(1366) Metaspace: 29077K(29376K)->29077K(29376K) NonClass: 25974K(26112K)->25974K(26112K) Class: 3103K(3264K)->3103K(3264K)
[4927.060s][info][gc             ] GC(1366) Pause Young (Allocation Failure) 4315M->2030M(4466M) 87.978ms
[4927.060s][info][gc,cpu         ] GC(1366) User=0.53s Sys=0.00s Real=0.08s
.|.[4929.039s][info][gc,start       ] GC(1367) Pause Young (Allocation Failure)
[4929.138s][info][gc,heap        ] GC(1367) PSYoungGen: 2579712K(2614784K)->160261K(2615296K) Eden: 2435072K(2435072K)->0K(2436096K) From: 144640K(179712K)->160261K(179200K)
[4929.138s][info][gc,heap        ] GC(1367) ParOldGen: 1934911K(1958912K)->2035455K(2035712K)
[4929.138s][info][gc,metaspace   ] GC(1367) Metaspace: 29077K(29376K)->29077K(29376K) NonClass: 25974K(26112K)->25974K(26112K) Class: 3103K(3264K)->3103K(3264K)
[4929.138s][info][gc             ] GC(1367) Pause Young (Allocation Failure) 4408M->2144M(4542M) 98.939ms
[4929.138s][info][gc,cpu         ] GC(1367) User=0.56s Sys=0.03s Real=0.10s
..[4931.043s][info][gc,start       ] GC(1368) Pause Young (Allocation Failure)
[4931.138s][info][gc,heap        ] GC(1368) PSYoungGen: 2596357K(2615296K)->149248K(2614784K) Eden: 2436096K(2436096K)->0K(2436096K) From: 160261K(179200K)->149248K(178688K)
[4931.138s][info][gc,heap        ] GC(1368) ParOldGen: 2035455K(2035712K)->2139535K(2139648K)
[4931.138s][info][gc,metaspace   ] GC(1368) Metaspace: 29077K(29376K)->29077K(29376K) NonClass: 25974K(26112K)->25974K(26112K) Class: 3103K(3264K)->3103K(3264K)
[4931.139s][info][gc             ] GC(1368) Pause Young (Allocation Failure) 4523M->2235M(4643M) 95.351ms
[4931.139s][info][gc,cpu         ] GC(1368) User=0.52s Sys=0.03s Real=0.09s
..[4933.041s][info][gc,start       ] GC(1369) Pause Young (Allocation Failure)
[4933.136s][info][gc,heap        ] GC(1369) PSYoungGen: 2585344K(2614784K)->149120K(2616320K) Eden: 2436096K(2436096K)->0K(2439168K) From: 149248K(178688K)->149120K(177152K)
[4933.136s][info][gc,heap        ] GC(1369) ParOldGen: 2139535K(2139648K)->2243295K(2243584K)
[4933.136s][info][gc,metaspace   ] GC(1369) Metaspace: 29077K(29376K)->29077K(29376K) NonClass: 25974K(26112K)->25974K(26112K) Class: 3103K(3264K)->3103K(3264K)
[4933.136s][info][gc             ] GC(1369) Pause Young (Allocation Failure) 4614M->2336M(4746M) 94.628ms
[4933.136s][info][gc,cpu         ] GC(1369) User=0.51s Sys=0.04s Real=0.09s
..[4935.050s][info][gc,start       ] GC(1370) Pause Young (Allocation Failure)
[4935.143s][info][gc,heap        ] GC(1370) PSYoungGen: 2588288K(2616320K)->146880K(2615808K) Eden: 2439168K(2439168K)->0K(2439168K) From: 149120K(177152K)->146880K(176640K)
[4935.143s][info][gc,heap        ] GC(1370) ParOldGen: 2243295K(2243584K)->2348215K(2348544K)
[4935.143s][info][gc,metaspace   ] GC(1370) Metaspace: 29077K(29376K)->29077K(29376K) NonClass: 25974K(26112K)->25974K(26112K) Class: 3103K(3264K)->3103K(3264K)
[4935.143s][info][gc             ] GC(1370) Pause Young (Allocation Failure) 4718M->2436M(4848M) 93.078ms
[4935.143s][info][gc,cpu         ] GC(1370) User=0.51s Sys=0.03s Real=0.09s
..[4937.063s][info][gc,start       ] GC(1371) Pause Young (Allocation Failure)
[4937.157s][info][gc,heap        ] GC(1371) PSYoungGen: 2586048K(2615808K)->149536K(2617344K) Eden: 2439168K(2439168K)->0K(2443264K) From: 146880K(176640K)->149536K(174080K)
[4937.157s][info][gc,heap        ] GC(1371) ParOldGen: 2348215K(2348544K)->2451327K(2451456K)
[4937.157s][info][gc,metaspace   ] GC(1371) Metaspace: 29077K(29376K)->29077K(29376K) NonClass: 25974K(26112K)->25974K(26112K) Class: 3103K(3264K)->3103K(3264K)
[4937.157s][info][gc             ] GC(1371) Pause Young (Allocation Failure) 4818M->2539M(4950M) 93.952ms
[4937.157s][info][gc,cpu         ] GC(1371) User=0.52s Sys=0.03s Real=0.09s
..[4939.110s][info][gc,start       ] GC(1372) Pause Young (Allocation Failure)
[4939.209s][info][gc,heap        ] GC(1372) PSYoungGen: 2592800K(2617344K)->158560K(2617856K) Eden: 2443264K(2443264K)->0K(2443264K) From: 149536K(174080K)->158560K(174592K)
[4939.209s][info][gc,heap        ] GC(1372) ParOldGen: 2451327K(2451456K)->2555343K(2555392K)
[4939.209s][info][gc,metaspace   ] GC(1372) Metaspace: 29077K(29376K)->29077K(29376K) NonClass: 25974K(26112K)->25974K(26112K) Class: 3103K(3264K)->3103K(3264K)
[4939.209s][info][gc             ] GC(1372) Pause Young (Allocation Failure) 4925M->2650M(5052M) 98.727ms
[4939.209s][info][gc,cpu         ] GC(1372) User=0.56s Sys=0.03s Real=0.09s
..[4941.169s][info][gc,start       ] GC(1373) Pause Young (Allocation Failure)
[4941.269s][info][gc,heap        ] GC(1373) PSYoungGen: 2601824K(2617856K)->162373K(2619392K) Eden: 2443264K(2443264K)->0K(2444800K) From: 158560K(174592K)->162373K(174592K)
[4941.269s][info][gc,heap        ] GC(1373) ParOldGen: 2555343K(2555392K)->2659367K(2659840K)
[4941.269s][info][gc,metaspace   ] GC(1373) Metaspace: 29077K(29376K)->29077K(29376K) NonClass: 25974K(26112K)->25974K(26112K) Class: 3103K(3264K)->3103K(3264K)
[4941.269s][info][gc             ] GC(1373) Pause Young (Allocation Failure) 5036M->2755M(5155M) 100.491ms
[4941.269s][info][gc,cpu         ] GC(1373) User=0.55s Sys=0.05s Real=0.10s
..[4943.234s][info][gc,start       ] GC(1374) Pause Young (Allocation Failure)
[4943.329s][info][gc,heap        ] GC(1374) PSYoungGen: 2607173K(2619392K)->150752K(2595840K) Eden: 2444800K(2444800K)->0K(2444800K) From: 162373K(174592K)->150752K(151040K)
[4943.329s][info][gc,heap        ] GC(1374) ParOldGen: 2659367K(2659840K)->2764887K(2765312K)
[4943.329s][info][gc,metaspace   ] GC(1374) Metaspace: 29077K(29376K)->29077K(29376K) NonClass: 25974K(26112K)->25974K(26112K) Class: 3103K(3264K)->3103K(3264K)
[4943.329s][info][gc             ] GC(1374) Pause Young (Allocation Failure) 5143M->2847M(5235M) 95.365ms
[4943.329s][info][gc,cpu         ] GC(1374) User=0.54s Sys=0.03s Real=0.09s
..[4945.167s][info][gc,start       ] GC(1375) Pause Young (Allocation Failure)
[4945.264s][info][gc,heap        ] GC(1375) PSYoungGen: 2595552K(2595840K)->152704K(2621440K) Eden: 2444800K(2444800K)->0K(2447360K) From: 150752K(151040K)->152704K(174080K)
[4945.264s][info][gc,heap        ] GC(1375) ParOldGen: 2764887K(2765312K)->2868983K(2869248K)
[4945.264s][info][gc,metaspace   ] GC(1375) Metaspace: 29077K(29376K)->29077K(29376K) NonClass: 25974K(26112K)->25974K(26112K) Class: 3103K(3264K)->3103K(3264K)
[4945.264s][info][gc             ] GC(1375) Pause Young (Allocation Failure) 5234M->2950M(5362M) 96.868ms
[4945.264s][info][gc,cpu         ] GC(1375) User=0.54s Sys=0.03s Real=0.10s
..[4947.154s][info][gc,start       ] GC(1376) Pause Young (Allocation Failure)
[4947.250s][info][gc,heap        ] GC(1376) PSYoungGen: 2600064K(2621440K)->154912K(2619904K) Eden: 2447360K(2447360K)->0K(2447360K) From: 152704K(174080K)->154912K(172544K)
[4947.250s][info][gc,heap        ] GC(1376) ParOldGen: 2868983K(2869248K)->2970519K(2970624K)
[4947.250s][info][gc,metaspace   ] GC(1376) Metaspace: 29077K(29376K)->29077K(29376K) NonClass: 25974K(26112K)->25974K(26112K) Class: 3103K(3264K)->3103K(3264K)
[4947.250s][info][gc             ] GC(1376) Pause Young (Allocation Failure) 5340M->3052M(5459M) 96.212ms
[4947.251s][info][gc,cpu         ] GC(1376) User=0.54s Sys=0.03s Real=0.10s
..[4949.147s][info][gc,start       ] GC(1377) Pause Young (Allocation Failure)
[4949.249s][info][gc,heap        ] GC(1377) PSYoungGen: 2602272K(2619904K)->163941K(2618368K) Eden: 2447360K(2447360K)->0K(2447360K) From: 154912K(172544K)->163941K(171008K)
[4949.249s][info][gc,heap        ] GC(1377) ParOldGen: 2970519K(2970624K)->3077759K(3078144K)
[4949.249s][info][gc,metaspace   ] GC(1377) Metaspace: 29077K(29376K)->29077K(29376K) NonClass: 25974K(26112K)->25974K(26112K) Class: 3103K(3264K)->3103K(3264K)
[4949.249s][info][gc             ] GC(1377) Pause Young (Allocation Failure) 5442M->3165M(5563M) 101.956ms
[4949.249s][info][gc,cpu         ] GC(1377) User=0.57s Sys=0.03s Real=0.10s
..[4951.124s][info][gc,start       ] GC(1378) Pause Young (Allocation Failure)
[4951.223s][info][gc,heap        ] GC(1378) PSYoungGen: 2611301K(2618368K)->154377K(2620416K) Eden: 2447360K(2447360K)->0K(2447360K) From: 163941K(171008K)->154377K(173056K)
[4951.223s][info][gc,heap        ] GC(1378) ParOldGen: 3077759K(3078144K)->3183239K(3183616K)
[4951.223s][info][gc,metaspace   ] GC(1378) Metaspace: 29077K(29376K)->29077K(29376K) NonClass: 25974K(26112K)->25974K(26112K) Class: 3103K(3264K)->3103K(3264K)
[4951.223s][info][gc             ] GC(1378) Pause Young (Allocation Failure) 5555M->3259M(5668M) 99.264ms
[4951.223s][info][gc,cpu         ] GC(1378) User=0.54s Sys=0.04s Real=0.10s
..[4953.214s][info][gc,start       ] GC(1379) Pause Young (Allocation Failure)
[4953.314s][info][gc,heap        ] GC(1379) PSYoungGen: 2601737K(2620416K)->160150K(2622464K) Eden: 2447360K(2447360K)->0K(2451456K) From: 154377K(173056K)->160150K(171008K)
[4953.314s][info][gc,heap        ] GC(1379) ParOldGen: 3183239K(3183616K)->3285159K(3285504K)
[4953.314s][info][gc,metaspace   ] GC(1379) Metaspace: 29077K(29376K)->29077K(29376K) NonClass: 25974K(26112K)->25974K(26112K) Class: 3103K(3264K)->3103K(3264K)
[4953.314s][info][gc             ] GC(1379) Pause Young (Allocation Failure) 5649M->3364M(5769M) 100.000ms
[4953.314s][info][gc,cpu         ] GC(1379) User=0.56s Sys=0.02s Real=0.10s
..[4955.139s][info][gc,start       ] GC(1380) Pause Young (Allocation Failure)
[4955.235s][info][gc,heap        ] GC(1380) PSYoungGen: 2611606K(2622464K)->148512K(2622976K) Eden: 2451456K(2451456K)->0K(2451456K) From: 160150K(171008K)->148512K(171520K)
[4955.235s][info][gc,heap        ] GC(1380) ParOldGen: 3285159K(3285504K)->3392975K(3393024K)
[4955.235s][info][gc,metaspace   ] GC(1380) Metaspace: 29077K(29376K)->29077K(29376K) NonClass: 25974K(26112K)->25974K(26112K) Class: 3103K(3264K)->3103K(3264K)
[4955.235s][info][gc             ] GC(1380) Pause Young (Allocation Failure) 5758M->3458M(5875M) 95.988ms
[4955.235s][info][gc,cpu         ] GC(1380) User=0.53s Sys=0.03s Real=0.10s
..[4957.184s][info][gc,start       ] GC(1381) Pause Young (Allocation Failure)
[4957.280s][info][gc,heap        ] GC(1381) PSYoungGen: 2599968K(2622976K)->153248K(2622464K) Eden: 2451456K(2451456K)->0K(2453504K) From: 148512K(171520K)->153248K(168960K)
[4957.280s][info][gc,heap        ] GC(1381) ParOldGen: 3392975K(3393024K)->3496047K(3496448K)
[4957.280s][info][gc,metaspace   ] GC(1381) Metaspace: 29077K(29376K)->29077K(29376K) NonClass: 25974K(26112K)->25974K(26112K) Class: 3103K(3264K)->3103K(3264K)
[4957.280s][info][gc             ] GC(1381) Pause Young (Allocation Failure) 5852M->3563M(5975M) 96.111ms
[4957.280s][info][gc,cpu         ] GC(1381) User=0.55s Sys=0.02s Real=0.10s
..[4959.142s][info][gc,start       ] GC(1382) Pause Young (Allocation Failure)
[4959.238s][info][gc,heap        ] GC(1382) PSYoungGen: 2606752K(2622464K)->146432K(2623488K) Eden: 2453504K(2453504K)->0K(2453504K) From: 153248K(168960K)->146432K(169984K)
[4959.238s][info][gc,heap        ] GC(1382) ParOldGen: 3496047K(3496448K)->3603207K(3603456K)
[4959.238s][info][gc,metaspace   ] GC(1382) Metaspace: 29077K(29376K)->29077K(29376K) NonClass: 25974K(26112K)->25974K(26112K) Class: 3103K(3264K)->3103K(3264K)
[4959.238s][info][gc             ] GC(1382) Pause Young (Allocation Failure) 5959M->3661M(6081M) 95.236ms
[4959.238s][info][gc,cpu         ] GC(1382) User=0.53s Sys=0.03s Real=0.09s
..[4961.234s][info][gc,start       ] GC(1383) Pause Young (Allocation Failure)
[4961.331s][info][gc,heap        ] GC(1383) PSYoungGen: 2599936K(2623488K)->157856K(2626048K) Eden: 2453504K(2453504K)->0K(2456064K) From: 146432K(169984K)->157856K(169984K)
[4961.331s][info][gc,heap        ] GC(1383) ParOldGen: 3603207K(3603456K)->3702711K(3702784K)
[4961.331s][info][gc,metaspace   ] GC(1383) Metaspace: 29077K(29376K)->29077K(29376K) NonClass: 25974K(26112K)->25974K(26112K) Class: 3103K(3264K)->3103K(3264K)
[4961.331s][info][gc             ] GC(1383) Pause Young (Allocation Failure) 6057M->3770M(6180M) 97.178ms
[4961.331s][info][gc,cpu         ] GC(1383) User=0.54s Sys=0.03s Real=0.10s
..[4963.159s][info][gc,start       ] GC(1384) Pause Full (Diagnostic Command)
[4963.159s][info][gc,phases,start] GC(1384) Marking Phase
[4963.475s][info][gc,phases      ] GC(1384) Marking Phase 315.776ms
[4963.475s][info][gc,phases,start] GC(1384) Summary Phase
[4963.475s][info][gc,phases      ] GC(1384) Summary Phase 0.078ms
[4963.475s][info][gc,phases,start] GC(1384) Forward
[4963.655s][info][gc,phases      ] GC(1384) Forward 179.704ms
[4963.655s][info][gc,phases,start] GC(1384) Adjust Pointers
[4963.882s][info][gc,phases      ] GC(1384) Adjust Pointers 227.182ms
[4963.882s][info][gc,phases,start] GC(1384) Compaction Phase
[4964.067s][info][gc,phases      ] GC(1384) Compaction Phase 184.402ms
[4964.069s][info][gc,phases,start] GC(1384) Post Compact
[4964.075s][info][gc,phases      ] GC(1384) Post Compact 5.290ms
[4964.075s][info][gc,heap        ] GC(1384) PSYoungGen: 2511449K(2626048K)->0K(2626048K) Eden: 2353593K(2456064K)->0K(2456064K) From: 157856K(169984K)->0K(169984K)
[4964.075s][info][gc,heap        ] GC(1384) ParOldGen: 3702711K(3702784K)->1349083K(3702784K)
[4964.075s][info][gc,metaspace   ] GC(1384) Metaspace: 29077K(29376K)->29077K(29376K) NonClass: 25974K(26112K)->25974K(26112K) Class: 3103K(3264K)->3103K(3264K)
[4964.075s][info][gc             ] GC(1384) Pause Full (Diagnostic Command) 6068M->1317M(6180M) 915.287ms
[4964.075s][info][gc,cpu         ] GC(1384) User=4.86s Sys=0.00s Real=0.92s
..[4965.416s][info][gc,start       ] GC(1385) Pause Young (Allocation Failure)
[4965.484s][info][gc,heap        ] GC(1385) PSYoungGen: 2456064K(2626048K)->164900K(2621440K) Eden: 2456064K(2456064K)->0K(2456064K) From: 0K(169984K)->164900K(165376K)
[4965.484s][info][gc,heap        ] GC(1385) ParOldGen: 1349083K(3702784K)->1349083K(3702784K)
[4965.484s][info][gc,metaspace   ] GC(1385) Metaspace: 29077K(29376K)->29077K(29376K) NonClass: 25974K(26112K)->25974K(26112K) Class: 3103K(3264K)->3103K(3264K)
[4965.484s][info][gc             ] GC(1385) Pause Young (Allocation Failure) 3715M->1478M(6176M) 67.582ms
[4965.484s][info][gc,cpu         ] GC(1385) User=0.40s Sys=0.00s Real=0.07s
.[4967.221s][info][gc,start       ] GC(1386) Pause Young (Allocation Failure)
[4967.315s][info][gc,heap        ] GC(1386) PSYoungGen: 2620964K(2621440K)->155056K(2625536K) Eden: 2456064K(2456064K)->0K(2453504K) From: 164900K(165376K)->155056K(172032K)
[4967.315s][info][gc,heap        ] GC(1386) ParOldGen: 1349083K(3702784K)->1457320K(3702784K)
[4967.315s][info][gc,metaspace   ] GC(1386) Metaspace: 29077K(29376K)->29077K(29376K) NonClass: 25974K(26112K)->25974K(26112K) Class: 3103K(3264K)->3103K(3264K)
[4967.315s][info][gc             ] GC(1386) Pause Young (Allocation Failure) 3877M->1574M(6180M) 93.683ms
[4967.315s][info][gc,cpu         ] GC(1386) User=0.55s Sys=0.00s Real=0.09s
..[4969.273s][info][gc,start       ] GC(1387) Pause Young (Allocation Failure)
[4969.371s][info][gc,heap        ] GC(1387) PSYoungGen: 2608560K(2625536K)->168128K(2621952K) Eden: 2453504K(2453504K)->0K(2453504K) From: 155056K(172032K)->168128K(168448K)
[4969.371s][info][gc,heap        ] GC(1387) ParOldGen: 1457320K(3702784K)->1559720K(3702784K)
[4969.371s][info][gc,metaspace   ] GC(1387) Metaspace: 29077K(29376K)->29077K(29376K) NonClass: 25974K(26112K)->25974K(26112K) Class: 3103K(3264K)->3103K(3264K)
[4969.371s][info][gc             ] GC(1387) Pause Young (Allocation Failure) 3970M->1687M(6176M) 97.421ms
[4969.371s][info][gc,cpu         ] GC(1387) User=0.58s Sys=0.00s Real=0.10s
..[4971.302s][info][gc,start       ] GC(1388) Pause Young (Allocation Failure)
[4971.396s][info][gc,heap        ] GC(1388) PSYoungGen: 2621632K(2621952K)->158244K(2623488K) Eden: 2453504K(2453504K)->0K(2449920K) From: 168128K(168448K)->158244K(173568K)
[4971.396s][info][gc,heap        ] GC(1388) ParOldGen: 1559720K(3702784K)->1664760K(3702784K)
[4971.396s][info][gc,metaspace   ] GC(1388) Metaspace: 29077K(29376K)->29077K(29376K) NonClass: 25974K(26112K)->25974K(26112K) Class: 3103K(3264K)->3103K(3264K)
[4971.396s][info][gc             ] GC(1388) Pause Young (Allocation Failure) 4083M->1780M(6178M) 94.159ms
[4971.396s][info][gc,cpu         ] GC(1388) User=0.55s Sys=0.00s Real=0.09s
..[4973.325s][info][gc,start       ] GC(1389) Pause Young (Allocation Failure)
[4973.419s][info][gc,heap        ] GC(1389) PSYoungGen: 2608164K(2623488K)->159712K(2609664K) Eden: 2449920K(2449920K)->0K(2449920K) From: 158244K(173568K)->159712K(159744K)
[4973.419s][info][gc,heap        ] GC(1389) ParOldGen: 1664760K(3702784K)->1765352K(3702784K)
[4973.419s][info][gc,metaspace   ] GC(1389) Metaspace: 29077K(29376K)->29077K(29376K) NonClass: 25974K(26112K)->25974K(26112K) Class: 3103K(3264K)->3103K(3264K)
[4973.419s][info][gc             ] GC(1389) Pause Young (Allocation Failure) 4172M->1879M(6164M) 94.402ms
[4973.419s][info][gc,cpu         ] GC(1389) User=0.55s Sys=0.00s Real=0.09s
..[4975.372s][info][gc,start       ] GC(1390) Pause Young (Allocation Failure)
[4975.466s][info][gc,heap        ] GC(1390) PSYoungGen: 2609632K(2609664K)->151008K(2622464K) Eden: 2449920K(2449920K)->0K(2450432K) From: 159712K(159744K)->151008K(172032K)
[4975.466s][info][gc,heap        ] GC(1390) ParOldGen: 1765352K(3702784K)->1875152K(3702784K)
[4975.466s][info][gc,metaspace   ] GC(1390) Metaspace: 29077K(29376K)->29077K(29376K) NonClass: 25974K(26112K)->25974K(26112K) Class: 3103K(3264K)->3103K(3264K)
[4975.466s][info][gc             ] GC(1390) Pause Young (Allocation Failure) 4272M->1978M(6177M) 94.888ms
[4975.466s][info][gc,cpu         ] GC(1390) User=0.56s Sys=0.00s Real=0.09s
..[4977.433s][info][gc,start       ] GC(1391) Pause Young (Allocation Failure)
[4977.526s][info][gc,heap        ] GC(1391) PSYoungGen: 2601440K(2622464K)->153344K(2621952K) Eden: 2450432K(2450432K)->0K(2450432K) From: 151008K(172032K)->153344K(171520K)
[4977.526s][info][gc,heap        ] GC(1391) ParOldGen: 1875152K(3702784K)->1977464K(3702784K)
[4977.526s][info][gc,metaspace   ] GC(1391) Metaspace: 29077K(29376K)->29077K(29376K) NonClass: 25974K(26112K)->25974K(26112K) Class: 3103K(3264K)->3103K(3264K)
[4977.526s][info][gc             ] GC(1391) Pause Young (Allocation Failure) 4371M->2080M(6176M) 92.847ms
[4977.526s][info][gc,cpu         ] GC(1391) User=0.55s Sys=0.00s Real=0.09s
..[4979.448s][info][gc,start       ] GC(1392) Pause Young (Allocation Failure)
[4979.542s][info][gc,heap        ] GC(1392) PSYoungGen: 2603776K(2621952K)->155872K(2622464K) Eden: 2450432K(2450432K)->0K(2453504K) From: 153344K(171520K)->155872K(168960K)
[4979.542s][info][gc,heap        ] GC(1392) ParOldGen: 1977464K(3702784K)->2082000K(3702784K)
[4979.542s][info][gc,metaspace   ] GC(1392) Metaspace: 29077K(29376K)->29077K(29376K) NonClass: 25974K(26112K)->25974K(26112K) Class: 3103K(3264K)->3103K(3264K)
[4979.542s][info][gc             ] GC(1392) Pause Young (Allocation Failure) 4473M->2185M(6177M) 94.031ms
[4979.542s][info][gc,cpu         ] GC(1392) User=0.56s Sys=0.00s Real=0.10s
..[4981.491s][info][gc,start       ] GC(1393) Pause Young (Allocation Failure)
[4981.587s][info][gc,heap        ] GC(1393) PSYoungGen: 2609376K(2622464K)->162180K(2622976K) Eden: 2453504K(2453504K)->0K(2453504K) From: 155872K(168960K)->162180K(169472K)
[4981.587s][info][gc,heap        ] GC(1393) ParOldGen: 2082000K(3702784K)->2185752K(3702784K)
[4981.588s][info][gc,metaspace   ] GC(1393) Metaspace: 29077K(29376K)->29077K(29376K) NonClass: 25974K(26112K)->25974K(26112K) Class: 3103K(3264K)->3103K(3264K)
[4981.588s][info][gc             ] GC(1393) Pause Young (Allocation Failure) 4581M->2292M(6177M) 96.861ms
[4981.588s][info][gc,cpu         ] GC(1393) User=0.57s Sys=0.00s Real=0.09s
..[4983.512s][info][gc,start       ] GC(1394) Pause Young (Allocation Failure)
[4983.606s][info][gc,heap        ] GC(1394) PSYoungGen: 2615684K(2622976K)->155088K(2625536K) Eden: 2453504K(2453504K)->0K(2456064K) From: 162180K(169472K)->155088K(169472K)
[4983.607s][info][gc,heap        ] GC(1394) ParOldGen: 2185752K(3702784K)->2290264K(3702784K)
[4983.607s][info][gc,metaspace   ] GC(1394) Metaspace: 29077K(29376K)->29077K(29376K) NonClass: 25974K(26112K)->25974K(26112K) Class: 3103K(3264K)->3103K(3264K)
[4983.607s][info][gc             ] GC(1394) Pause Young (Allocation Failure) 4688M->2388M(6180M) 94.641ms
[4983.607s][info][gc,cpu         ] GC(1394) User=0.56s Sys=0.00s Real=0.09s
..[4985.600s][info][gc,start       ] GC(1395) Pause Young (Allocation Failure)
[4985.695s][info][gc,heap        ] GC(1395) PSYoungGen: 2611152K(2625536K)->162064K(2625536K) Eden: 2456064K(2456064K)->0K(2456064K) From: 155088K(169472K)->162064K(169472K)
[4985.695s][info][gc,heap        ] GC(1395) ParOldGen: 2290264K(3702784K)->2393032K(3702784K)
[4985.695s][info][gc,metaspace   ] GC(1395) Metaspace: 29077K(29376K)->29077K(29376K) NonClass: 25974K(26112K)->25974K(26112K) Class: 3103K(3264K)->3103K(3264K)
[4985.695s][info][gc             ] GC(1395) Pause Young (Allocation Failure) 4786M->2495M(6180M) 95.916ms
[4985.696s][info][gc,cpu         ] GC(1395) User=0.57s Sys=0.00s Real=0.10s
..[4987.668s][info][gc,start       ] GC(1396) Pause Young (Allocation Failure)
[4987.778s][info][gc,heap        ] GC(1396) PSYoungGen: 2618128K(2625536K)->169961K(2532864K) Eden: 2456064K(2456064K)->0K(2362880K) From: 162064K(169472K)->169961K(169984K)
[4987.778s][info][gc,heap        ] GC(1396) ParOldGen: 2393032K(3702784K)->2508720K(3702784K)
[4987.778s][info][gc,metaspace   ] GC(1396) Metaspace: 29077K(29376K)->29077K(29376K) NonClass: 25974K(26112K)->25974K(26112K) Class: 3103K(3264K)->3103K(3264K)
[4987.778s][info][gc             ] GC(1396) Pause Young (Allocation Failure) 4893M->2615M(6089M) 109.624ms
[4987.778s][info][gc,cpu         ] GC(1396) User=0.62s Sys=0.02s Real=0.11s
.. (rIR:aIR:PR = 8441:8454:8454) (tPR = 125321) [OK] 
  4988s: Performance info:
         Transaction,    Success,    Partial,     Failed,   Receipts, AvgBarcode, 
             Overall,     515360,          0,          0,     489729,      59.47, 
         Response times:
             Request,    Success,    Partial,     Failed,   SkipFail,     Probes,    Samples,      min,      p50,      p90,      p95,      p99,      max, 
       TotalPurchase,     489730,          0,          0,          0,     358196,     402143,      300,     6000,    40000,    76000,   266000,   449000,
     InStorePurchase,     257768,          0,          0,          0,     188378,     211336,      300,     5900,    36000,    69000,   251000,   449000,
      OnlinePurchase,     179975,          0,          0,          0,     132088,     148062,      300,     6100,    43000,    87000,   266000,   449000,
        InstPurchase,      51987,          0,          0,          0,      37730,      42745,      400,     6400,    46000,    89000,   276000,   449000,
          AssocOfCat,        513,          0,          0,          0,        407,        527,    21000,    38000,    76000,   109200,   306000,   346000,
      AssocOfProduct,       5124,          0,          0,          0,       3661,       4328,      500,     6200,    42000,    92550,   283000,   377000,
      BusinessReport,       1279,          0,          0,          0,       1122,       1424,    31000,    51000,   112000,   162750,   466000,  1100000,
          CustBuyBeh,       5121,          0,          0,          0,       3573,       4248,      600,     6700,    46000,    83000,   326000,   389000,
       ProductReturn,      13602,          0,          0,          0,       9351,      10759,      100,     5300,    41000,    85000,   265000,   449000,

  4988s: (62%)   IR =   8579 [4989.477s][info][gc,start       ] GC(1397) Pause Young (Allocation Failure)
[4989.575s][info][gc,heap        ] GC(1397) PSYoungGen: 2532841K(2532864K)->163152K(2579456K) Eden: 2362880K(2362880K)->0K(2362880K) From: 169961K(169984K)->163152K(216576K)
[4989.575s][info][gc,heap        ] GC(1397) ParOldGen: 2508720K(3702784K)->2605736K(3702784K)
[4989.575s][info][gc,metaspace   ] GC(1397) Metaspace: 29077K(29376K)->29077K(29376K) NonClass: 25974K(26112K)->25974K(26112K) Class: 3103K(3264K)->3103K(3264K)
[4989.575s][info][gc             ] GC(1397) Pause Young (Allocation Failure) 4923M->2703M(6135M) 97.160ms
[4989.575s][info][gc,cpu         ] GC(1397) User=0.57s Sys=0.00s Real=0.10s
..[4991.435s][info][gc,start       ] GC(1398) Pause Young (Allocation Failure)
[4991.531s][info][gc,heap        ] GC(1398) PSYoungGen: 2526032K(2579456K)->163156K(2568704K) Eden: 2362880K(2362880K)->0K(2366464K) From: 163152K(216576K)->163156K(202240K)
[4991.531s][info][gc,heap        ] GC(1398) ParOldGen: 2605736K(3702784K)->2705184K(3702784K)
[4991.531s][info][gc,metaspace   ] GC(1398) Metaspace: 29077K(29376K)->29077K(29376K) NonClass: 25974K(26112K)->25974K(26112K) Class: 3103K(3264K)->3103K(3264K)
[4991.531s][info][gc             ] GC(1398) Pause Young (Allocation Failure) 5011M->2801M(6124M) 95.838ms
[4991.531s][info][gc,cpu         ] GC(1398) User=0.56s Sys=0.01s Real=0.10s
..|[4993.361s][info][gc,start       ] GC(1399) Pause Young (Allocation Failure)
[4993.453s][info][gc,heap        ] GC(1399) PSYoungGen: 2529620K(2568704K)->148832K(2575872K) Eden: 2366464K(2366464K)->0K(2366464K) From: 163156K(202240K)->148832K(209408K)
[4993.453s][info][gc,heap        ] GC(1399) ParOldGen: 2705184K(3702784K)->2809104K(3702784K)
[4993.453s][info][gc,metaspace   ] GC(1399) Metaspace: 29077K(29376K)->29077K(29376K) NonClass: 25974K(26112K)->25974K(26112K) Class: 3103K(3264K)->3103K(3264K)
[4993.453s][info][gc             ] GC(1399) Pause Young (Allocation Failure) 5112M->2888M(6131M) 91.710ms
[4993.453s][info][gc,cpu         ] GC(1399) User=0.53s Sys=0.00s Real=0.09s
..[4995.264s][info][gc,start       ] GC(1400) Pause Young (Allocation Failure)
[4995.355s][info][gc,heap        ] GC(1400) PSYoungGen: 2515296K(2575872K)->152384K(2583040K) Eden: 2366464K(2366464K)->0K(2377728K) From: 148832K(209408K)->152384K(205312K)
[4995.355s][info][gc,heap        ] GC(1400) ParOldGen: 2809104K(3702784K)->2912000K(3702784K)
[4995.355s][info][gc,metaspace   ] GC(1400) Metaspace: 29077K(29376K)->29077K(29376K) NonClass: 25974K(26112K)->25974K(26112K) Class: 3103K(3264K)->3103K(3264K)
[4995.355s][info][gc             ] GC(1400) Pause Young (Allocation Failure) 5199M->2992M(6138M) 90.986ms
[4995.355s][info][gc,cpu         ] GC(1400) User=0.54s Sys=0.00s Real=0.09s
..[4997.203s][info][gc,start       ] GC(1401) Pause Young (Allocation Failure)
[4997.302s][info][gc,heap        ] GC(1401) PSYoungGen: 2530112K(2583040K)->163008K(2585088K) Eden: 2377728K(2377728K)->0K(2377728K) From: 152384K(205312K)->163008K(207360K)
[4997.302s][info][gc,heap        ] GC(1401) ParOldGen: 2912000K(3702784K)->3013568K(3702784K)
[4997.302s][info][gc,metaspace   ] GC(1401) Metaspace: 29077K(29376K)->29077K(29376K) NonClass: 25974K(26112K)->25974K(26112K) Class: 3103K(3264K)->3103K(3264K)
[4997.302s][info][gc             ] GC(1401) Pause Young (Allocation Failure) 5314M->3102M(6140M) 98.897ms
[4997.302s][info][gc,cpu         ] GC(1401) User=0.58s Sys=0.00s Real=0.10s
..[4999.171s][info][gc,start       ] GC(1402) Pause Young (Allocation Failure)
[4999.263s][info][gc,heap        ] GC(1402) PSYoungGen: 2540736K(2585088K)->148224K(2587648K) Eden: 2377728K(2377728K)->0K(2384384K) From: 163008K(207360K)->148224K(203264K)
[4999.263s][info][gc,heap        ] GC(1402) ParOldGen: 3013568K(3702784K)->3117952K(3702784K)
[4999.263s][info][gc,metaspace   ] GC(1402) Metaspace: 29077K(29376K)->29077K(29376K) NonClass: 25974K(26112K)->25974K(26112K) Class: 3103K(3264K)->3103K(3264K)
[4999.263s][info][gc             ] GC(1402) Pause Young (Allocation Failure) 5424M->3189M(6143M) 91.939ms
[4999.263s][info][gc,cpu         ] GC(1402) User=0.54s Sys=0.00s Real=0.09s
..[5001.086s][info][gc,start       ] GC(1403) Pause Young (Allocation Failure)
[5001.176s][info][gc,heap        ] GC(1403) PSYoungGen: 2532608K(2587648K)->143840K(2586624K) Eden: 2384384K(2384384K)->0K(2384384K) From: 148224K(203264K)->143840K(202240K)
[5001.176s][info][gc,heap        ] GC(1403) ParOldGen: 3117952K(3702784K)->3221304K(3702784K)
[5001.176s][info][gc,metaspace   ] GC(1403) Metaspace: 29077K(29376K)->29077K(29376K) NonClass: 25974K(26112K)->25974K(26112K) Class: 3103K(3264K)->3103K(3264K)
[5001.176s][info][gc             ] GC(1403) Pause Young (Allocation Failure) 5518M->3286M(6142M) 89.908ms
[5001.176s][info][gc,cpu         ] GC(1403) User=0.53s Sys=0.00s Real=0.09s
..[5003.039s][info][gc,start       ] GC(1404) Pause Young (Allocation Failure)
[5003.133s][info][gc,heap        ] GC(1404) PSYoungGen: 2528224K(2586624K)->154560K(2590208K) Eden: 2384384K(2384384K)->0K(2392064K) From: 143840K(202240K)->154560K(198144K)
[5003.133s][info][gc,heap        ] GC(1404) ParOldGen: 3221304K(3702784K)->3322648K(3702784K)
[5003.133s][info][gc,metaspace   ] GC(1404) Metaspace: 29077K(29376K)->29077K(29376K) NonClass: 25974K(26112K)->25974K(26112K) Class: 3103K(3264K)->3103K(3264K)
[5003.133s][info][gc             ] GC(1404) Pause Young (Allocation Failure) 5614M->3395M(6145M) 94.356ms
[5003.133s][info][gc,cpu         ] GC(1404) User=0.55s Sys=0.00s Real=0.10s
..[5004.906s][info][gc,start       ] GC(1405) Pause Young (Allocation Failure)
[5004.999s][info][gc,heap        ] GC(1405) PSYoungGen: 2546624K(2590208K)->148880K(2591232K) Eden: 2392064K(2392064K)->0K(2392064K) From: 154560K(198144K)->148880K(199168K)
[5004.999s][info][gc,heap        ] GC(1405) ParOldGen: 3322648K(3702784K)->3426024K(3702784K)
[5004.999s][info][gc,metaspace   ] GC(1405) Metaspace: 29077K(29376K)->29077K(29376K) NonClass: 25974K(26112K)->25974K(26112K) Class: 3103K(3264K)->3103K(3264K)
[5004.999s][info][gc             ] GC(1405) Pause Young (Allocation Failure) 5731M->3491M(6146M) 92.661ms
[5004.999s][info][gc,cpu         ] GC(1405) User=0.54s Sys=0.01s Real=0.09s
.[5006.848s][info][gc,start       ] GC(1406) Pause Young (Allocation Failure)
[5006.942s][info][gc,heap        ] GC(1406) PSYoungGen: 2540944K(2591232K)->150352K(2593792K) Eden: 2392064K(2392064K)->0K(2399744K) From: 148880K(199168K)->150352K(194048K)
[5006.942s][info][gc,heap        ] GC(1406) ParOldGen: 3426024K(3702784K)->3528200K(3702784K)
[5006.942s][info][gc,metaspace   ] GC(1406) Metaspace: 29077K(29376K)->29077K(29376K) NonClass: 25974K(26112K)->25974K(26112K) Class: 3103K(3264K)->3103K(3264K)
[5006.942s][info][gc             ] GC(1406) Pause Young (Allocation Failure) 5827M->3592M(6149M) 93.553ms
[5006.942s][info][gc,cpu         ] GC(1406) User=0.55s Sys=0.00s Real=0.10s
..[5008.792s][info][gc,start       ] GC(1407) Pause Young (Allocation Failure)
[5008.890s][info][gc,heap        ] GC(1407) PSYoungGen: 2550096K(2593792K)->167141K(2594816K) Eden: 2399744K(2399744K)->0K(2399744K) From: 150352K(194048K)->167141K(195072K)
[5008.890s][info][gc,heap        ] GC(1407) ParOldGen: 3528200K(3702784K)->3631376K(3702784K)
[5008.890s][info][gc,metaspace   ] GC(1407) Metaspace: 29077K(29376K)->29077K(29376K) NonClass: 25974K(26112K)->25974K(26112K) Class: 3103K(3264K)->3103K(3264K)
[5008.890s][info][gc             ] GC(1407) Pause Young (Allocation Failure) 5935M->3709M(6150M) 98.540ms
[5008.890s][info][gc,cpu         ] GC(1407) User=0.58s Sys=0.00s Real=0.10s
..[5010.714s][info][gc,start       ] GC(1408) Pause Young (Allocation Failure)
[5010.816s][info][gc,heap        ] GC(1408) PSYoungGen: 2566885K(2594816K)->164053K(2597376K) Eden: 2399744K(2399744K)->0K(2406400K) From: 167141K(195072K)->164053K(190976K)
[5010.816s][info][gc,heap        ] GC(1408) ParOldGen: 3631376K(3702784K)->3736576K(3737088K)
[5010.816s][info][gc,metaspace   ] GC(1408) Metaspace: 29077K(29376K)->29077K(29376K) NonClass: 25974K(26112K)->25974K(26112K) Class: 3103K(3264K)->3103K(3264K)
[5010.816s][info][gc             ] GC(1408) Pause Young (Allocation Failure) 6052M->3809M(6186M) 102.895ms
[5010.816s][info][gc,cpu         ] GC(1408) User=0.59s Sys=0.02s Real=0.10s
..[5012.608s][info][gc,start       ] GC(1409) Pause Young (Allocation Failure)
[5012.708s][info][gc,heap        ] GC(1409) PSYoungGen: 2570453K(2597376K)->156640K(2599424K) Eden: 2406400K(2406400K)->0K(2406400K) From: 164053K(190976K)->156640K(193024K)
[5012.708s][info][gc,heap        ] GC(1409) ParOldGen: 3736576K(3737088K)->3840776K(3841024K)
[5012.708s][info][gc,metaspace   ] GC(1409) Metaspace: 29077K(29376K)->29077K(29376K) NonClass: 25974K(26112K)->25974K(26112K) Class: 3103K(3264K)->3103K(3264K)
[5012.708s][info][gc             ] GC(1409) Pause Young (Allocation Failure) 6159M->3903M(6289M) 99.296ms
[5012.708s][info][gc,cpu         ] GC(1409) User=0.55s Sys=0.03s Real=0.10s
..[5014.638s][info][gc,start       ] GC(1410) Pause Young (Allocation Failure)
[5014.745s][info][gc,heap        ] GC(1410) PSYoungGen: 2563040K(2599424K)->169236K(2601472K) Eden: 2406400K(2406400K)->0K(2411520K) From: 156640K(193024K)->169236K(189952K)
[5014.745s][info][gc,heap        ] GC(1410) ParOldGen: 3840776K(3841024K)->3944648K(3944960K)
[5014.745s][info][gc,metaspace   ] GC(1410) Metaspace: 29077K(29376K)->29077K(29376K) NonClass: 25974K(26112K)->25974K(26112K) Class: 3103K(3264K)->3103K(3264K)
[5014.745s][info][gc             ] GC(1410) Pause Young (Allocation Failure) 6253M->4017M(6393M) 106.482ms
[5014.745s][info][gc,cpu         ] GC(1410) User=0.59s Sys=0.03s Real=0.11s
..[5016.614s][info][gc,start       ] GC(1411) Pause Young (Allocation Failure)
[5016.715s][info][gc,heap        ] GC(1411) PSYoungGen: 2580756K(2601472K)->164192K(2601984K) Eden: 2411520K(2411520K)->0K(2411520K) From: 169236K(189952K)->164192K(190464K)
[5016.715s][info][gc,heap        ] GC(1411) ParOldGen: 3944648K(3944960K)->4046912K(4047360K)
[5016.715s][info][gc,metaspace   ] GC(1411) Metaspace: 29077K(29376K)->29077K(29376K) NonClass: 25974K(26112K)->25974K(26112K) Class: 3103K(3264K)->3103K(3264K)
[5016.715s][info][gc             ] GC(1411) Pause Young (Allocation Failure) 6372M->4112M(6493M) 101.292ms
[5016.715s][info][gc,cpu         ] GC(1411) User=0.57s Sys=0.03s Real=0.10s
..[5018.582s][info][gc,start       ] GC(1412) Pause Young (Allocation Failure)
[5018.685s][info][gc,heap        ] GC(1412) PSYoungGen: 2575712K(2601984K)->163572K(2603520K) Eden: 2411520K(2411520K)->0K(2416640K) From: 164192K(190464K)->163572K(186880K)
[5018.685s][info][gc,heap        ] GC(1412) ParOldGen: 4046912K(4047360K)->4152616K(4152832K)
[5018.685s][info][gc,metaspace   ] GC(1412) Metaspace: 29077K(29376K)->29077K(29376K) NonClass: 25974K(26112K)->25974K(26112K) Class: 3103K(3264K)->3103K(3264K)
[5018.685s][info][gc             ] GC(1412) Pause Young (Allocation Failure) 6467M->4215M(6598M) 102.851ms
[5018.685s][info][gc,cpu         ] GC(1412) User=0.57s Sys=0.03s Real=0.10s
..[5020.559s][info][gc,start       ] GC(1413) Pause Young (Allocation Failure)
[5020.658s][info][gc,heap        ] GC(1413) PSYoungGen: 2580212K(2603520K)->155040K(2604032K) Eden: 2416640K(2416640K)->0K(2416640K) From: 163572K(186880K)->155040K(187392K)
[5020.658s][info][gc,heap        ] GC(1413) ParOldGen: 4152616K(4152832K)->4255976K(4256256K)
[5020.658s][info][gc,metaspace   ] GC(1413) Metaspace: 29077K(29376K)->29077K(29376K) NonClass: 25974K(26112K)->25974K(26112K) Class: 3103K(3264K)->3103K(3264K)
[5020.658s][info][gc             ] GC(1413) Pause Young (Allocation Failure) 6575M->4307M(6699M) 98.834ms
[5020.658s][info][gc,cpu         ] GC(1413) User=0.56s Sys=0.03s Real=0.10s
..[5022.568s][info][gc,start       ] GC(1414) Pause Young (Allocation Failure)
[5022.668s][info][gc,heap        ] GC(1414) PSYoungGen: 2571680K(2604032K)->151296K(2607616K) Eden: 2416640K(2416640K)->0K(2422784K) From: 155040K(187392K)->151296K(184832K)
[5022.668s][info][gc,heap        ] GC(1414) ParOldGen: 4255976K(4256256K)->4361632K(4361728K)
[5022.668s][info][gc,metaspace   ] GC(1414) Metaspace: 29077K(29376K)->29077K(29376K) NonClass: 25974K(26112K)->25974K(26112K) Class: 3103K(3264K)->3103K(3264K)
[5022.668s][info][gc             ] GC(1414) Pause Young (Allocation Failure) 6667M->4407M(6806M) 99.733ms
[5022.668s][info][gc,cpu         ] GC(1414) User=0.55s Sys=0.04s Real=0.10s
..[5024.565s][info][gc,start       ] GC(1415) Pause Young (Allocation Failure)
[5024.662s][info][gc,heap        ] GC(1415) PSYoungGen: 2574080K(2607616K)->151872K(2607616K) Eden: 2422784K(2422784K)->0K(2422784K) From: 151296K(184832K)->151872K(184832K)
[5024.662s][info][gc,heap        ] GC(1415) ParOldGen: 4361632K(4361728K)->4463888K(4464128K)
[5024.662s][info][gc,metaspace   ] GC(1415) Metaspace: 29077K(29376K)->29077K(29376K) NonClass: 25974K(26112K)->25974K(26112K) Class: 3103K(3264K)->3103K(3264K)
[5024.662s][info][gc             ] GC(1415) Pause Young (Allocation Failure) 6773M->4507M(6906M) 96.895ms
[5024.662s][info][gc,cpu         ] GC(1415) User=0.53s Sys=0.03s Real=0.10s
..[5026.619s][info][gc,start       ] GC(1416) Pause Young (Allocation Failure)
[5026.720s][info][gc,heap        ] GC(1416) PSYoungGen: 2574656K(2607616K)->165520K(2610176K) Eden: 2422784K(2422784K)->0K(2426368K) From: 151872K(184832K)->165520K(183808K)
[5026.720s][info][gc,heap        ] GC(1416) ParOldGen: 4463888K(4464128K)->4564208K(4564480K)
[5026.720s][info][gc,metaspace   ] GC(1416) Metaspace: 29077K(29376K)->29077K(29376K) NonClass: 25974K(26112K)->25974K(26112K) Class: 3103K(3264K)->3103K(3264K)
[5026.720s][info][gc             ] GC(1416) Pause Young (Allocation Failure) 6873M->4618M(7006M) 101.390ms
[5026.720s][info][gc,cpu         ] GC(1416) User=0.57s Sys=0.02s Real=0.11s
..[5028.539s][info][gc,start       ] GC(1417) Pause Young (Allocation Failure)
[5028.642s][info][gc,heap        ] GC(1417) PSYoungGen: 2591888K(2610176K)->155381K(2610176K) Eden: 2426368K(2426368K)->0K(2426368K) From: 165520K(183808K)->155381K(183808K)
[5028.642s][info][gc,heap        ] GC(1417) ParOldGen: 4564208K(4564480K)->4673712K(4674048K)
[5028.642s][info][gc,metaspace   ] GC(1417) Metaspace: 29077K(29376K)->29077K(29376K) NonClass: 25974K(26112K)->25974K(26112K) Class: 3103K(3264K)->3103K(3264K)
[5028.642s][info][gc             ] GC(1417) Pause Young (Allocation Failure) 6988M->4715M(7113M) 103.077ms
[5028.642s][info][gc,cpu         ] GC(1417) User=0.57s Sys=0.04s Real=0.11s
..[5030.525s][info][gc,start       ] GC(1418) Pause Young (Allocation Failure)
[5030.625s][info][gc,heap        ] GC(1418) PSYoungGen: 2581749K(2610176K)->156064K(2610688K) Eden: 2426368K(2426368K)->0K(2429952K) From: 155381K(183808K)->156064K(180736K)
[5030.625s][info][gc,heap        ] GC(1418) ParOldGen: 4673712K(4674048K)->4774504K(4774912K)
[5030.625s][info][gc,metaspace   ] GC(1418) Metaspace: 29077K(29376K)->29077K(29376K) NonClass: 25974K(26112K)->25974K(26112K) Class: 3103K(3264K)->3103K(3264K)
[5030.625s][info][gc             ] GC(1418) Pause Young (Allocation Failure) 7085M->4815M(7212M) 99.877ms
[5030.625s][info][gc,cpu         ] GC(1418) User=0.55s Sys=0.03s Real=0.10s
..[5032.510s][info][gc,start       ] GC(1419) Pause Young (Allocation Failure)
[5032.612s][info][gc,heap        ] GC(1419) PSYoungGen: 2586016K(2610688K)->159168K(2610176K) Eden: 2429952K(2429952K)->0K(2429952K) From: 156064K(180736K)->159168K(180224K)
[5032.612s][info][gc,heap        ] GC(1419) ParOldGen: 4774504K(4774912K)->4876760K(4876800K)
[5032.612s][info][gc,metaspace   ] GC(1419) Metaspace: 29077K(29376K)->29077K(29376K) NonClass: 25974K(26112K)->25974K(26112K) Class: 3103K(3264K)->3103K(3264K)
[5032.612s][info][gc             ] GC(1419) Pause Young (Allocation Failure) 7188M->4917M(7311M) 102.053ms
[5032.612s][info][gc,cpu         ] GC(1419) User=0.57s Sys=0.03s Real=0.10s
..[5034.510s][info][gc,start       ] GC(1420) Pause Young (Allocation Failure)
[5034.610s][info][gc,heap        ] GC(1420) PSYoungGen: 2589120K(2610176K)->153152K(2614272K) Eden: 2429952K(2429952K)->0K(2436096K) From: 159168K(180224K)->153152K(178176K)
[5034.610s][info][gc,heap        ] GC(1420) ParOldGen: 4876760K(4876800K)->4980656K(4980736K)
[5034.610s][info][gc,metaspace   ] GC(1420) Metaspace: 29077K(29376K)->29077K(29376K) NonClass: 25974K(26112K)->25974K(26112K) Class: 3103K(3264K)->3103K(3264K)
[5034.610s][info][gc             ] GC(1420) Pause Young (Allocation Failure) 7290M->5013M(7417M) 99.180ms
[5034.610s][info][gc,cpu         ] GC(1420) User=0.55s Sys=0.03s Real=0.09s
..[5036.482s][info][gc,start       ] GC(1421) Pause Young (Allocation Failure)
[5036.585s][info][gc,heap        ] GC(1421) PSYoungGen: 2589248K(2614272K)->161428K(2613248K) Eden: 2436096K(2436096K)->0K(2436096K) From: 153152K(178176K)->161428K(177152K)
[5036.585s][info][gc,heap        ] GC(1421) ParOldGen: 4980656K(4980736K)->5084504K(5084672K)
[5036.585s][info][gc,metaspace   ] GC(1421) Metaspace: 29077K(29376K)->29077K(29376K) NonClass: 25974K(26112K)->25974K(26112K) Class: 3103K(3264K)->3103K(3264K)
[5036.585s][info][gc             ] GC(1421) Pause Young (Allocation Failure) 7392M->5122M(7517M) 103.525ms
[5036.585s][info][gc,cpu         ] GC(1421) User=0.58s Sys=0.02s Real=0.10s
..[5038.375s][info][gc,start       ] GC(1422) Pause Young (Allocation Failure)
[5038.476s][info][gc,heap        ] GC(1422) PSYoungGen: 2597524K(2613248K)->154112K(2617856K) Eden: 2436096K(2436096K)->0K(2441728K) From: 161428K(177152K)->154112K(176128K)
[5038.476s][info][gc,heap        ] GC(1422) ParOldGen: 5084504K(5084672K)->5189784K(5190144K)
[5038.476s][info][gc,metaspace   ] GC(1422) Metaspace: 29077K(29376K)->29077K(29376K) NonClass: 25974K(26112K)->25974K(26112K) Class: 3103K(3264K)->3103K(3264K)
[5038.476s][info][gc             ] GC(1422) Pause Young (Allocation Failure) 7501M->5218M(7625M) 101.036ms
[5038.476s][info][gc,cpu         ] GC(1422) User=0.55s Sys=0.04s Real=0.10s
..[5040.333s][info][gc,start       ] GC(1423) Pause Young (Allocation Failure)
[5040.434s][info][gc,heap        ] GC(1423) PSYoungGen: 2595840K(2617856K)->153568K(2617344K) Eden: 2441728K(2441728K)->0K(2441728K) From: 154112K(176128K)->153568K(175616K)
[5040.434s][info][gc,heap        ] GC(1423) ParOldGen: 5189784K(5190144K)->5294416K(5294592K)
[5040.434s][info][gc,metaspace   ] GC(1423) Metaspace: 29077K(29376K)->29077K(29376K) NonClass: 25974K(26112K)->25974K(26112K) Class: 3103K(3264K)->3103K(3264K)
[5040.434s][info][gc             ] GC(1423) Pause Young (Allocation Failure) 7603M->5320M(7726M) 100.899ms
[5040.434s][info][gc,cpu         ] GC(1423) User=0.55s Sys=0.05s Real=0.10s
..[5042.378s][info][gc,start       ] GC(1424) Pause Young (Allocation Failure)
[5042.485s][info][gc,heap        ] GC(1424) PSYoungGen: 2595296K(2617344K)->168105K(2616832K) Eden: 2441728K(2441728K)->0K(2442240K) From: 153568K(175616K)->168105K(174592K)
[5042.485s][info][gc,heap        ] GC(1424) ParOldGen: 5294416K(5294592K)->5397688K(5398016K)
[5042.485s][info][gc,metaspace   ] GC(1424) Metaspace: 29077K(29376K)->29077K(29376K) NonClass: 25974K(26112K)->25974K(26112K) Class: 3103K(3264K)->3103K(3264K)
[5042.485s][info][gc             ] GC(1424) Pause Young (Allocation Failure) 7704M->5435M(7827M) 106.480ms
[5042.485s][info][gc,cpu         ] GC(1424) User=0.58s Sys=0.03s Real=0.11s
..[5044.363s][info][gc,start       ] GC(1425) Pause Young (Allocation Failure)
[5044.465s][info][gc,heap        ] GC(1425) PSYoungGen: 2610345K(2616832K)->159696K(2618880K) Eden: 2442240K(2442240K)->0K(2442240K) From: 168105K(174592K)->159696K(176640K)
[5044.465s][info][gc,heap        ] GC(1425) ParOldGen: 5397688K(5398016K)->5502824K(5502976K)
[5044.465s][info][gc,metaspace   ] GC(1425) Metaspace: 29077K(29376K)->29077K(29376K) NonClass: 25974K(26112K)->25974K(26112K) Class: 3103K(3264K)->3103K(3264K)
[5044.465s][info][gc             ] GC(1425) Pause Young (Allocation Failure) 7820M->5529M(7931M) 102.615ms
[5044.465s][info][gc,cpu         ] GC(1425) User=0.57s Sys=0.03s Real=0.10s
..[5046.303s][info][gc,start       ] GC(1426) Pause Full (Allocation Failure)
[5046.303s][info][gc,phases,start] GC(1426) Marking Phase
[5046.617s][info][gc,phases      ] GC(1426) Marking Phase 313.907ms
[5046.617s][info][gc,phases,start] GC(1426) Summary Phase
[5046.617s][info][gc,phases      ] GC(1426) Summary Phase 0.100ms
[5046.617s][info][gc,phases,start] GC(1426) Forward
[5046.753s][info][gc,phases      ] GC(1426) Forward 136.549ms
[5046.753s][info][gc,phases,start] GC(1426) Adjust Pointers
[5046.964s][info][gc,phases      ] GC(1426) Adjust Pointers 210.473ms
[5046.964s][info][gc,phases,start] GC(1426) Compaction Phase
[5047.112s][info][gc,phases      ] GC(1426) Compaction Phase 148.279ms
[5047.113s][info][gc,phases,start] GC(1426) Post Compact
[5047.120s][info][gc,phases      ] GC(1426) Post Compact 6.936ms
[5047.247s][info][gc,heap        ] GC(1426) PSYoungGen: 2601936K(2618880K)->0K(2618368K) Eden: 2442240K(2442240K)->0K(2443776K) From: 159696K(176640K)->0K(174592K)
[5047.247s][info][gc,heap        ] GC(1426) ParOldGen: 5502824K(5502976K)->1621541K(1964032K)
[5047.247s][info][gc,metaspace   ] GC(1426) Metaspace: 29077K(29376K)->29077K(29376K) NonClass: 25974K(26112K)->25974K(26112K) Class: 3103K(3264K)->3103K(3264K)
[5047.247s][info][gc             ] GC(1426) Pause Full (Allocation Failure) 7914M->1583M(4475M) 944.212ms
[5047.247s][info][gc,cpu         ] GC(1426) User=4.38s Sys=0.13s Real=0.94s
..[5048.495s][info][gc,start       ] GC(1427) Pause Young (Allocation Failure)
[5048.571s][info][gc,heap        ] GC(1427) PSYoungGen: 2443776K(2618368K)->175604K(2619392K) Eden: 2443776K(2443776K)->0K(2443776K) From: 0K(174592K)->175604K(175616K)
[5048.571s][info][gc,heap        ] GC(1427) ParOldGen: 1621541K(1964032K)->1625645K(1964032K)
[5048.571s][info][gc,metaspace   ] GC(1427) Metaspace: 29077K(29376K)->29077K(29376K) NonClass: 25974K(26112K)->25974K(26112K) Class: 3103K(3264K)->3103K(3264K)
[5048.571s][info][gc             ] GC(1427) Pause Young (Allocation Failure) 3970M->1759M(4476M) 76.041ms
[5048.571s][info][gc,cpu         ] GC(1427) User=0.45s Sys=0.00s Real=0.08s
.[5050.254s][info][gc,start       ] GC(1428) Pause Young (Allocation Failure)
[5050.345s][info][gc,heap        ] GC(1428) PSYoungGen: 2619380K(2619392K)->149056K(2610176K) Eden: 2443776K(2443776K)->0K(2433536K) From: 175604K(175616K)->149056K(176640K)
[5050.345s][info][gc,heap        ] GC(1428) ParOldGen: 1625645K(1964032K)->1735699K(1964032K)
[5050.345s][info][gc,metaspace   ] GC(1428) Metaspace: 29077K(29376K)->29077K(29376K) NonClass: 25974K(26112K)->25974K(26112K) Class: 3103K(3264K)->3103K(3264K)
[5050.345s][info][gc             ] GC(1428) Pause Young (Allocation Failure) 4145M->1840M(4467M) 90.785ms
[5050.345s][info][gc,cpu         ] GC(1428) User=0.54s Sys=0.00s Real=0.09s
..[5052.265s][info][gc,start       ] GC(1429) Pause Young (Allocation Failure)
[5052.356s][info][gc,heap        ] GC(1429) PSYoungGen: 2582592K(2610176K)->149568K(2614784K) Eden: 2433536K(2433536K)->0K(2433536K) From: 149056K(176640K)->149568K(181248K)
[5052.356s][info][gc,heap        ] GC(1429) ParOldGen: 1735699K(1964032K)->1839171K(1964032K)
[5052.356s][info][gc,metaspace   ] GC(1429) Metaspace: 29077K(29376K)->29077K(29376K) NonClass: 25974K(26112K)->25974K(26112K) Class: 3103K(3264K)->3103K(3264K)
[5052.356s][info][gc             ] GC(1429) Pause Young (Allocation Failure) 4217M->1942M(4471M) 90.501ms
[5052.356s][info][gc,cpu         ] GC(1429) User=0.53s Sys=0.00s Real=0.09s
.. (rIR:aIR:PR = 8579:8590:8590) (tPR = 128276) [OK] 
  5053s: Performance info:
         Transaction,    Success,    Partial,     Failed,   Receipts, AvgBarcode, 
             Overall,     519857,          0,          0,     494123,      59.47, 
         Response times:
             Request,    Success,    Partial,     Failed,   SkipFail,     Probes,    Samples,      min,      p50,      p90,      p95,      p99,      max, 
       TotalPurchase,     494123,          0,          0,          0,     353995,     388376,      300,     6300,    38000,    69000,   221000,   484000,
     InStorePurchase,     259467,          0,          0,          0,     185715,     203779,      300,     6400,    38000,    70000,   220000,   405000,
      OnlinePurchase,     182652,          0,          0,          0,     130487,     142863,      300,     6300,    38000,    69000,   232000,   484000,
        InstPurchase,      52004,          0,          0,          0,      37793,      41734,      300,     5900,    36000,    69000,   207000,   375000,
          AssocOfCat,        523,          0,          0,          0,        439,        570,    22000,    41500,    88900,   149350,   303000,   341000,
      AssocOfProduct,       5175,          0,          0,          0,       3595,       4161,     1000,     7100,    51000,    92900,   213760,   401000,
      BusinessReport,       1295,          0,          0,          0,       1108,       1343,    28000,    52000,   108600,   163000,   557000,  1100000,
          CustBuyBeh,       5170,          0,          0,          0,       3640,       4132,      200,     7200,    49000,    95350,   219000,   406000,
       ProductReturn,      13575,          0,          0,          0,       9549,      10657,      200,     4900,    44000,    82000,   204000,   401000,

  5053s: (63%)   IR =   8717 [5054.350s][info][gc,start       ] GC(1430) Pause Young (Allocation Failure)
[5054.442s][info][gc,heap        ] GC(1430) PSYoungGen: 2583104K(2614784K)->151711K(2612736K) Eden: 2433536K(2433536K)->0K(2433536K) From: 149568K(181248K)->151711K(179200K)
[5054.442s][info][gc,heap        ] GC(1430) ParOldGen: 1839171K(1964032K)->1941779K(1964032K)
[5054.442s][info][gc,metaspace   ] GC(1430) Metaspace: 29077K(29376K)->29077K(29376K) NonClass: 25974K(26112K)->25974K(26112K) Class: 3103K(3264K)->3103K(3264K)
[5054.442s][info][gc             ] GC(1430) Pause Young (Allocation Failure) 4318M->2044M(4469M) 92.110ms
[5054.442s][info][gc,cpu         ] GC(1430) User=0.54s Sys=0.00s Real=0.09s
..[5056.163s][info][gc,start       ] GC(1431) Pause Young (Allocation Failure)
[5056.258s][info][gc,heap        ] GC(1431) PSYoungGen: 2585247K(2612736K)->148704K(2613760K) Eden: 2433536K(2433536K)->0K(2433536K) From: 151711K(179200K)->148704K(180224K)
[5056.258s][info][gc,heap        ] GC(1431) ParOldGen: 1941779K(1964032K)->2047850K(2048000K)
[5056.258s][info][gc,metaspace   ] GC(1431) Metaspace: 29077K(29376K)->29077K(29376K) NonClass: 25974K(26112K)->25974K(26112K) Class: 3103K(3264K)->3103K(3264K)
[5056.258s][info][gc             ] GC(1431) Pause Young (Allocation Failure) 4420M->2145M(4552M) 95.595ms
[5056.258s][info][gc,cpu         ] GC(1431) User=0.53s Sys=0.02s Real=0.09s
..[5058.021s][info][gc,start       ] GC(1432) Pause Young (Allocation Failure)
[5058.117s][info][gc,heap        ] GC(1432) PSYoungGen: 2582240K(2613760K)->151232K(2613760K) Eden: 2433536K(2433536K)->0K(2436608K) From: 148704K(180224K)->151232K(177152K)
[5058.117s][info][gc,heap        ] GC(1432) ParOldGen: 2047850K(2048000K)->2149930K(2150400K)
[5058.117s][info][gc,metaspace   ] GC(1432) Metaspace: 29077K(29376K)->29077K(29376K) NonClass: 25974K(26112K)->25974K(26112K) Class: 3103K(3264K)->3103K(3264K)
[5058.117s][info][gc             ] GC(1432) Pause Young (Allocation Failure) 4521M->2247M(4652M) 95.866ms
[5058.117s][info][gc,cpu         ] GC(1432) User=0.53s Sys=0.04s Real=0.09s
..[5060.160s][info][gc,start       ] GC(1433) Pause Young (Allocation Failure)
[5060.260s][info][gc,heap        ] GC(1433) PSYoungGen: 2587840K(2613760K)->161509K(2614784K) Eden: 2436608K(2436608K)->0K(2436608K) From: 151232K(177152K)->161509K(178176K)
[5060.260s][info][gc,heap        ] GC(1433) ParOldGen: 2149930K(2150400K)->2252490K(2252800K)
[5060.260s][info][gc,metaspace   ] GC(1433) Metaspace: 29077K(29376K)->29077K(29376K) NonClass: 25974K(26112K)->25974K(26112K) Class: 3103K(3264K)->3103K(3264K)
[5060.260s][info][gc             ] GC(1433) Pause Young (Allocation Failure) 4626M->2357M(4753M) 99.806ms
[5060.260s][info][gc,cpu         ] GC(1433) User=0.55s Sys=0.04s Real=0.10s
..[5062.172s][info][gc,start       ] GC(1434) Pause Young (Allocation Failure)
[5062.272s][info][gc,heap        ] GC(1434) PSYoungGen: 2598117K(2614784K)->158645K(2614784K) Eden: 2436608K(2436608K)->0K(2439680K) From: 161509K(178176K)->158645K(175104K)
[5062.272s][info][gc,heap        ] GC(1434) ParOldGen: 2252490K(2252800K)->2359266K(2359296K)
[5062.272s][info][gc,metaspace   ] GC(1434) Metaspace: 29077K(29376K)->29077K(29376K) NonClass: 25974K(26112K)->25974K(26112K) Class: 3103K(3264K)->3103K(3264K)
[5062.272s][info][gc             ] GC(1434) Pause Young (Allocation Failure) 4736M->2458M(4857M) 99.655ms
[5062.272s][info][gc,cpu         ] GC(1434) User=0.55s Sys=0.03s Real=0.10s
..[5064.095s][info][gc,start       ] GC(1435) Pause Young (Allocation Failure)
[5064.193s][info][gc,heap        ] GC(1435) PSYoungGen: 2598325K(2614784K)->154484K(2616320K) Eden: 2439680K(2439680K)->0K(2439680K) From: 158645K(175104K)->154484K(176640K)
[5064.193s][info][gc,heap        ] GC(1435) ParOldGen: 2359266K(2359296K)->2465562K(2465792K)
[5064.193s][info][gc,metaspace   ] GC(1435) Metaspace: 29077K(29376K)->29077K(29376K) NonClass: 25974K(26112K)->25974K(26112K) Class: 3103K(3264K)->3103K(3264K)
[5064.193s][info][gc             ] GC(1435) Pause Young (Allocation Failure) 4841M->2558M(4963M) 98.270ms
[5064.193s][info][gc,cpu         ] GC(1435) User=0.55s Sys=0.03s Real=0.10s
.|.[5066.101s][info][gc,start       ] GC(1436) Pause Young (Allocation Failure)
[5066.197s][info][gc,heap        ] GC(1436) PSYoungGen: 2594164K(2616320K)->153056K(2617344K) Eden: 2439680K(2439680K)->0K(2444288K) From: 154484K(176640K)->153056K(173056K)
[5066.197s][info][gc,heap        ] GC(1436) ParOldGen: 2465562K(2465792K)->2568586K(2568704K)
[5066.197s][info][gc,metaspace   ] GC(1436) Metaspace: 29077K(29376K)->29077K(29376K) NonClass: 25974K(26112K)->25974K(26112K) Class: 3103K(3264K)->3103K(3264K)
[5066.197s][info][gc             ] GC(1436) Pause Young (Allocation Failure) 4941M->2657M(5064M) 95.860ms
[5066.197s][info][gc,cpu         ] GC(1436) User=0.53s Sys=0.03s Real=0.09s
..[5068.082s][info][gc,start       ] GC(1437) Pause Young (Allocation Failure)
[5068.178s][info][gc,heap        ] GC(1437) PSYoungGen: 2597344K(2617344K)->148064K(2618368K) Eden: 2444288K(2444288K)->0K(2444288K) From: 153056K(173056K)->148064K(174080K)
[5068.178s][info][gc,heap        ] GC(1437) ParOldGen: 2568586K(2568704K)->2673426K(2673664K)
[5068.178s][info][gc,metaspace   ] GC(1437) Metaspace: 29077K(29376K)->29077K(29376K) NonClass: 25974K(26112K)->25974K(26112K) Class: 3103K(3264K)->3103K(3264K)
[5068.178s][info][gc             ] GC(1437) Pause Young (Allocation Failure) 5044M->2755M(5168M) 95.971ms
[5068.178s][info][gc,cpu         ] GC(1437) User=0.53s Sys=0.04s Real=0.09s
..[5070.016s][info][gc,start       ] GC(1438) Pause Young (Allocation Failure)
[5070.113s][info][gc,heap        ] GC(1438) PSYoungGen: 2592352K(2618368K)->154624K(2618368K) Eden: 2444288K(2444288K)->0K(2448384K) From: 148064K(174080K)->154624K(169984K)
[5070.113s][info][gc,heap        ] GC(1438) ParOldGen: 2673426K(2673664K)->2777010K(2777088K)
[5070.113s][info][gc,metaspace   ] GC(1438) Metaspace: 29077K(29376K)->29077K(29376K) NonClass: 25974K(26112K)->25974K(26112K) Class: 3103K(3264K)->3103K(3264K)
[5070.113s][info][gc             ] GC(1438) Pause Young (Allocation Failure) 5142M->2862M(5269M) 97.265ms
[5070.113s][info][gc,cpu         ] GC(1438) User=0.54s Sys=0.02s Real=0.10s
..[5071.988s][info][gc,start       ] GC(1439) Pause Young (Allocation Failure)
[5072.086s][info][gc,heap        ] GC(1439) PSYoungGen: 2603008K(2618368K)->152277K(2620416K) Eden: 2448384K(2448384K)->0K(2448384K) From: 154624K(169984K)->152277K(172032K)
[5072.086s][info][gc,heap        ] GC(1439) ParOldGen: 2777010K(2777088K)->2881818K(2882048K)
[5072.086s][info][gc,metaspace   ] GC(1439) Metaspace: 29077K(29376K)->29077K(29376K) NonClass: 25974K(26112K)->25974K(26112K) Class: 3103K(3264K)->3103K(3264K)
[5072.086s][info][gc             ] GC(1439) Pause Young (Allocation Failure) 5253M->2962M(5373M) 97.332ms
[5072.086s][info][gc,cpu         ] GC(1439) User=0.54s Sys=0.03s Real=0.10s
..[5073.939s][info][gc,start       ] GC(1440) Pause Young (Allocation Failure)
[5074.038s][info][gc,heap        ] GC(1440) PSYoungGen: 2600661K(2620416K)->160052K(2622976K) Eden: 2448384K(2448384K)->0K(2452992K) From: 152277K(172032K)->160052K(169984K)
[5074.038s][info][gc,heap        ] GC(1440) ParOldGen: 2881818K(2882048K)->2983642K(2983936K)
[5074.038s][info][gc,metaspace   ] GC(1440) Metaspace: 29077K(29376K)->29077K(29376K) NonClass: 25974K(26112K)->25974K(26112K) Class: 3103K(3264K)->3103K(3264K)
[5074.038s][info][gc             ] GC(1440) Pause Young (Allocation Failure) 5353M->3070M(5475M) 99.122ms
[5074.038s][info][gc,cpu         ] GC(1440) User=0.56s Sys=0.02s Real=0.10s
..[5075.887s][info][gc,start       ] GC(1441) Pause Young (Allocation Failure)
[5075.987s][info][gc,heap        ] GC(1441) PSYoungGen: 2613044K(2622976K)->158418K(2624000K) Eden: 2452992K(2452992K)->0K(2452992K) From: 160052K(169984K)->158418K(171008K)
[5075.987s][info][gc,heap        ] GC(1441) ParOldGen: 2983642K(2983936K)->3089442K(3089920K)
[5075.987s][info][gc,metaspace   ] GC(1441) Metaspace: 29077K(29376K)->29077K(29376K) NonClass: 25974K(26112K)->25974K(26112K) Class: 3103K(3264K)->3103K(3264K)
[5075.987s][info][gc             ] GC(1441) Pause Young (Allocation Failure) 5465M->3171M(5580M) 100.019ms
[5075.987s][info][gc,cpu         ] GC(1441) User=0.55s Sys=0.03s Real=0.10s
..[5077.856s][info][gc,start       ] GC(1442) Pause Young (Allocation Failure)
[5077.950s][info][gc,heap        ] GC(1442) PSYoungGen: 2611410K(2624000K)->147008K(2624512K) Eden: 2452992K(2452992K)->0K(2454016K) From: 158418K(171008K)->147008K(170496K)
[5077.950s][info][gc,heap        ] GC(1442) ParOldGen: 3089442K(3089920K)->3193842K(3193856K)
[5077.950s][info][gc,metaspace   ] GC(1442) Metaspace: 29077K(29376K)->29077K(29376K) NonClass: 25974K(26112K)->25974K(26112K) Class: 3103K(3264K)->3103K(3264K)
[5077.950s][info][gc             ] GC(1442) Pause Young (Allocation Failure) 5567M->3262M(5682M) 93.843ms
[5077.950s][info][gc,cpu         ] GC(1442) User=0.52s Sys=0.03s Real=0.10s
..[5079.859s][info][gc,start       ] GC(1443) Pause Young (Allocation Failure)
[5079.961s][info][gc,heap        ] GC(1443) PSYoungGen: 2601024K(2624512K)->160360K(2625024K) Eden: 2454016K(2454016K)->0K(2454016K) From: 147008K(170496K)->160360K(171008K)
[5079.961s][info][gc,heap        ] GC(1443) ParOldGen: 3193842K(3193856K)->3298378K(3298816K)
[5079.961s][info][gc,metaspace   ] GC(1443) Metaspace: 29077K(29376K)->29077K(29376K) NonClass: 25974K(26112K)->25974K(26112K) Class: 3103K(3264K)->3103K(3264K)
[5079.961s][info][gc             ] GC(1443) Pause Young (Allocation Failure) 5659M->3377M(5785M) 102.077ms
[5079.961s][info][gc,cpu         ] GC(1443) User=0.57s Sys=0.04s Real=0.11s
..[5081.816s][info][gc,start       ] GC(1444) Pause Young (Allocation Failure)
[5081.920s][info][gc,heap        ] GC(1444) PSYoungGen: 2614376K(2625024K)->165456K(2620928K) Eden: 2454016K(2454016K)->0K(2449920K) From: 160360K(171008K)->165456K(171008K)
[5081.920s][info][gc,heap        ] GC(1444) ParOldGen: 3298378K(3298816K)->3403618K(3403776K)
[5081.920s][info][gc,metaspace   ] GC(1444) Metaspace: 29077K(29376K)->29077K(29376K) NonClass: 25974K(26112K)->25974K(26112K) Class: 3103K(3264K)->3103K(3264K)
[5081.920s][info][gc             ] GC(1444) Pause Young (Allocation Failure) 5774M->3485M(5883M) 104.219ms
[5081.920s][info][gc,cpu         ] GC(1444) User=0.56s Sys=0.05s Real=0.11s
..[5083.790s][info][gc,start       ] GC(1445) Pause Young (Allocation Failure)
[5083.896s][info][gc,heap        ] GC(1445) PSYoungGen: 2615376K(2620928K)->169584K(2619904K) Eden: 2449920K(2449920K)->0K(2449920K) From: 165456K(171008K)->169584K(169984K)
[5083.896s][info][gc,heap        ] GC(1445) ParOldGen: 3403618K(3403776K)->3508298K(3508736K)
[5083.896s][info][gc,metaspace   ] GC(1445) Metaspace: 29077K(29376K)->29077K(29376K) NonClass: 25974K(26112K)->25974K(26112K) Class: 3103K(3264K)->3103K(3264K)
[5083.896s][info][gc             ] GC(1445) Pause Young (Allocation Failure) 5877M->3591M(5985M) 105.508ms
[5083.896s][info][gc,cpu         ] GC(1445) User=0.57s Sys=0.05s Real=0.10s
..[5085.777s][info][gc,start       ] GC(1446) Pause Young (Allocation Failure)
[5085.878s][info][gc,heap        ] GC(1446) PSYoungGen: 2619504K(2619904K)->162368K(2619904K) Eden: 2449920K(2449920K)->0K(2443776K) From: 169584K(169984K)->162368K(176128K)
[5085.878s][info][gc,heap        ] GC(1446) ParOldGen: 3508298K(3508736K)->3612842K(3613184K)
[5085.878s][info][gc,metaspace   ] GC(1446) Metaspace: 29077K(29376K)->29077K(29376K) NonClass: 25974K(26112K)->25974K(26112K) Class: 3103K(3264K)->3103K(3264K)
[5085.878s][info][gc             ] GC(1446) Pause Young (Allocation Failure) 5984M->3686M(6087M) 100.822ms
[5085.878s][info][gc,cpu         ] GC(1446) User=0.56s Sys=0.04s Real=0.10s
..[5087.721s][info][gc,start       ] GC(1447) Pause Young (Allocation Failure)
[5087.820s][info][gc,heap        ] GC(1447) PSYoungGen: 2606144K(2619904K)->155584K(2599424K) Eden: 2443776K(2443776K)->0K(2443776K) From: 162368K(176128K)->155584K(155648K)
[5087.820s][info][gc,heap        ] GC(1447) ParOldGen: 3612842K(3613184K)->3718994K(3719168K)
[5087.820s][info][gc,metaspace   ] GC(1447) Metaspace: 29077K(29376K)->29077K(29376K) NonClass: 25974K(26112K)->25974K(26112K) Class: 3103K(3264K)->3103K(3264K)
[5087.820s][info][gc             ] GC(1447) Pause Young (Allocation Failure) 6073M->3783M(6170M) 99.053ms
[5087.820s][info][gc,cpu         ] GC(1447) User=0.55s Sys=0.03s Real=0.10s
..[5089.724s][info][gc,start       ] GC(1448) Pause Young (Allocation Failure)
[5089.828s][info][gc,heap        ] GC(1448) PSYoungGen: 2599360K(2599424K)->166565K(2617344K) Eden: 2443776K(2443776K)->0K(2442240K) From: 155584K(155648K)->166565K(175104K)
[5089.828s][info][gc,heap        ] GC(1448) ParOldGen: 3718994K(3719168K)->3822594K(3823104K)
[5089.828s][info][gc,metaspace   ] GC(1448) Metaspace: 29077K(29376K)->29077K(29376K) NonClass: 25974K(26112K)->25974K(26112K) Class: 3103K(3264K)->3103K(3264K)
[5089.828s][info][gc             ] GC(1448) Pause Young (Allocation Failure) 6170M->3895M(6289M) 104.341ms
[5089.828s][info][gc,cpu         ] GC(1448) User=0.58s Sys=0.04s Real=0.10s
..[5091.632s][info][gc,start       ] GC(1449) Pause Young (Allocation Failure)
[5091.735s][info][gc,heap        ] GC(1449) PSYoungGen: 2608805K(2617344K)->162340K(2618880K) Eden: 2442240K(2442240K)->0K(2442240K) From: 166565K(175104K)->162340K(176640K)
[5091.735s][info][gc,heap        ] GC(1449) ParOldGen: 3822594K(3823104K)->3925762K(3926016K)
[5091.735s][info][gc,metaspace   ] GC(1449) Metaspace: 29077K(29376K)->29077K(29376K) NonClass: 25974K(26112K)->25974K(26112K) Class: 3103K(3264K)->3103K(3264K)
[5091.735s][info][gc             ] GC(1449) Pause Young (Allocation Failure) 6280M->3992M(6391M) 103.172ms
[5091.735s][info][gc,cpu         ] GC(1449) User=0.57s Sys=0.02s Real=0.10s
..[5093.611s][info][gc,start       ] GC(1450) Pause Young (Allocation Failure)
[5093.712s][info][gc,heap        ] GC(1450) PSYoungGen: 2604580K(2618880K)->157376K(2615808K) Eden: 2442240K(2442240K)->0K(2443264K) From: 162340K(176640K)->157376K(172544K)
[5093.712s][info][gc,heap        ] GC(1450) ParOldGen: 3925762K(3926016K)->4028954K(4029440K)
[5093.712s][info][gc,metaspace   ] GC(1450) Metaspace: 29077K(29376K)->29077K(29376K) NonClass: 25974K(26112K)->25974K(26112K) Class: 3103K(3264K)->3103K(3264K)
[5093.712s][info][gc             ] GC(1450) Pause Young (Allocation Failure) 6377M->4088M(6489M) 100.414ms
[5093.712s][info][gc,cpu         ] GC(1450) User=0.56s Sys=0.03s Real=0.10s
.[5095.546s][info][gc,start       ] GC(1451) Pause Young (Allocation Failure)
[5095.649s][info][gc,heap        ] GC(1451) PSYoungGen: 2600640K(2615808K)->160885K(2617856K) Eden: 2443264K(2443264K)->0K(2443264K) From: 157376K(172544K)->160885K(174592K)
[5095.649s][info][gc,heap        ] GC(1451) ParOldGen: 4028954K(4029440K)->4134194K(4134400K)
[5095.649s][info][gc,metaspace   ] GC(1451) Metaspace: 29077K(29376K)->29077K(29376K) NonClass: 25974K(26112K)->25974K(26112K) Class: 3103K(3264K)->3103K(3264K)
[5095.649s][info][gc             ] GC(1451) Pause Young (Allocation Failure) 6474M->4194M(6594M) 103.453ms
[5095.649s][info][gc,cpu         ] GC(1451) User=0.57s Sys=0.04s Real=0.10s
..[5097.462s][info][gc,start       ] GC(1452) Pause Young (Allocation Failure)
[5097.563s][info][gc,heap        ] GC(1452) PSYoungGen: 2604149K(2617856K)->156000K(2619392K) Eden: 2443264K(2443264K)->0K(2447872K) From: 160885K(174592K)->156000K(171520K)
[5097.563s][info][gc,heap        ] GC(1452) ParOldGen: 4134194K(4134400K)->4240306K(4240384K)
[5097.563s][info][gc,metaspace   ] GC(1452) Metaspace: 29077K(29376K)->29077K(29376K) NonClass: 25974K(26112K)->25974K(26112K) Class: 3103K(3264K)->3103K(3264K)
[5097.563s][info][gc             ] GC(1452) Pause Young (Allocation Failure) 6580M->4293M(6699M) 100.500ms
[5097.563s][info][gc,cpu         ] GC(1452) User=0.56s Sys=0.03s Real=0.10s
..[5099.508s][info][gc,start       ] GC(1453) Pause Young (Allocation Failure)
[5099.610s][info][gc,heap        ] GC(1453) PSYoungGen: 2603872K(2619392K)->161288K(2620928K) Eden: 2447872K(2447872K)->0K(2447872K) From: 156000K(171520K)->161288K(173056K)
[5099.610s][info][gc,heap        ] GC(1453) ParOldGen: 4240306K(4240384K)->4341626K(4341760K)
[5099.610s][info][gc,metaspace   ] GC(1453) Metaspace: 29077K(29376K)->29077K(29376K) NonClass: 25974K(26112K)->25974K(26112K) Class: 3103K(3264K)->3103K(3264K)
[5099.610s][info][gc             ] GC(1453) Pause Young (Allocation Failure) 6683M->4397M(6799M) 101.452ms
[5099.610s][info][gc,cpu         ] GC(1453) User=0.56s Sys=0.03s Real=0.10s
..[5101.464s][info][gc,start       ] GC(1454) Pause Young (Allocation Failure)
[5101.563s][info][gc,heap        ] GC(1454) PSYoungGen: 2609160K(2620928K)->156320K(2620416K) Eden: 2447872K(2447872K)->0K(2450432K) From: 161288K(173056K)->156320K(169984K)
[5101.563s][info][gc,heap        ] GC(1454) ParOldGen: 4341626K(4341760K)->4445682K(4445696K)
[5101.563s][info][gc,metaspace   ] GC(1454) Metaspace: 29077K(29376K)->29077K(29376K) NonClass: 25974K(26112K)->25974K(26112K) Class: 3103K(3264K)->3103K(3264K)
[5101.563s][info][gc             ] GC(1454) Pause Young (Allocation Failure) 6787M->4494M(6900M) 99.901ms
[5101.564s][info][gc,cpu         ] GC(1454) User=0.56s Sys=0.03s Real=0.10s
..[5103.439s][info][gc,start       ] GC(1455) Pause Young (Allocation Failure)
[5103.542s][info][gc,heap        ] GC(1455) PSYoungGen: 2606752K(2620416K)->160805K(2621952K) Eden: 2450432K(2450432K)->0K(2450432K) From: 156320K(169984K)->160805K(171520K)
[5103.542s][info][gc,heap        ] GC(1455) ParOldGen: 4445682K(4445696K)->4551186K(4551680K)
[5103.542s][info][gc,metaspace   ] GC(1455) Metaspace: 29077K(29376K)->29077K(29376K) NonClass: 25974K(26112K)->25974K(26112K) Class: 3103K(3264K)->3103K(3264K)
[5103.542s][info][gc             ] GC(1455) Pause Young (Allocation Failure) 6887M->4601M(7005M) 103.650ms
[5103.542s][info][gc,cpu         ] GC(1455) User=0.57s Sys=0.04s Real=0.11s
..[5105.352s][info][gc,start       ] GC(1456) Pause Young (Allocation Failure)
[5105.452s][info][gc,heap        ] GC(1456) PSYoungGen: 2611237K(2621952K)->155376K(2622976K) Eden: 2450432K(2450432K)->0K(2453504K) From: 160805K(171520K)->155376K(169472K)
[5105.452s][info][gc,heap        ] GC(1456) ParOldGen: 4551186K(4551680K)->4657978K(4658176K)
[5105.452s][info][gc,metaspace   ] GC(1456) Metaspace: 29077K(29376K)->29077K(29376K) NonClass: 25974K(26112K)->25974K(26112K) Class: 3103K(3264K)->3103K(3264K)
[5105.452s][info][gc             ] GC(1456) Pause Young (Allocation Failure) 6994M->4700M(7110M) 100.483ms
[5105.452s][info][gc,cpu         ] GC(1456) User=0.55s Sys=0.03s Real=0.10s
..[5107.287s][info][gc,start       ] GC(1457) Pause Young (Allocation Failure)
[5107.392s][info][gc,heap        ] GC(1457) PSYoungGen: 2608880K(2622976K)->166781K(2620416K) Eden: 2453504K(2453504K)->0K(2453504K) From: 155376K(169472K)->166781K(166912K)
[5107.392s][info][gc,heap        ] GC(1457) ParOldGen: 4657978K(4658176K)->4760434K(4760576K)
[5107.392s][info][gc,metaspace   ] GC(1457) Metaspace: 29077K(29376K)->29077K(29376K) NonClass: 25974K(26112K)->25974K(26112K) Class: 3103K(3264K)->3103K(3264K)
[5107.392s][info][gc             ] GC(1457) Pause Young (Allocation Failure) 7096M->4811M(7208M) 105.232ms
[5107.392s][info][gc,cpu         ] GC(1457) User=0.58s Sys=0.03s Real=0.11s
..[5109.278s][info][gc,start       ] GC(1458) Pause Young (Allocation Failure)
[5109.384s][info][gc,heap        ] GC(1458) PSYoungGen: 2620285K(2620416K)->163701K(2623488K) Eden: 2453504K(2453504K)->0K(2450944K) From: 166781K(166912K)->163701K(172544K)
[5109.384s][info][gc,heap        ] GC(1458) ParOldGen: 4760434K(4760576K)->4865122K(4865536K)
[5109.384s][info][gc,metaspace   ] GC(1458) Metaspace: 29077K(29376K)->29077K(29376K) NonClass: 25974K(26112K)->25974K(26112K) Class: 3103K(3264K)->3103K(3264K)
[5109.384s][info][gc             ] GC(1458) Pause Young (Allocation Failure) 7207M->4910M(7313M) 106.069ms
[5109.384s][info][gc,cpu         ] GC(1458) User=0.59s Sys=0.03s Real=0.11s
..[5111.234s][info][gc,start       ] GC(1459) Pause Young (Allocation Failure)
[5111.340s][info][gc,heap        ] GC(1459) PSYoungGen: 2614645K(2623488K)->164048K(2615296K) Eden: 2450944K(2450944K)->0K(2450944K) From: 163701K(172544K)->164048K(164352K)
[5111.340s][info][gc,heap        ] GC(1459) ParOldGen: 4865122K(4865536K)->4970314K(4970496K)
[5111.340s][info][gc,metaspace   ] GC(1459) Metaspace: 29077K(29376K)->29077K(29376K) NonClass: 25974K(26112K)->25974K(26112K) Class: 3103K(3264K)->3103K(3264K)
[5111.340s][info][gc             ] GC(1459) Pause Young (Allocation Failure) 7304M->5014M(7408M) 105.155ms
[5111.340s][info][gc,cpu         ] GC(1459) User=0.59s Sys=0.03s Real=0.10s
..[5113.115s][info][gc,start       ] GC(1460) Pause Young (Allocation Failure)
[5113.216s][info][gc,heap        ] GC(1460) PSYoungGen: 2614992K(2615296K)->158928K(2624000K) Eden: 2450944K(2450944K)->0K(2450944K) From: 164048K(164352K)->158928K(173056K)
[5113.216s][info][gc,heap        ] GC(1460) ParOldGen: 4970314K(4970496K)->5075506K(5075968K)
[5113.216s][info][gc,metaspace   ] GC(1460) Metaspace: 29077K(29376K)->29077K(29376K) NonClass: 25974K(26112K)->25974K(26112K) Class: 3103K(3264K)->3103K(3264K)
[5113.216s][info][gc             ] GC(1460) Pause Young (Allocation Failure) 7407M->5111M(7519M) 101.814ms
[5113.217s][info][gc,cpu         ] GC(1460) User=0.56s Sys=0.03s Real=0.10s
..[5115.073s][info][gc,start       ] GC(1461) Pause Young (Allocation Failure)
[5115.174s][info][gc,heap        ] GC(1461) PSYoungGen: 2609872K(2624000K)->159456K(2610688K) Eden: 2450944K(2450944K)->0K(2450944K) From: 158928K(173056K)->159456K(159744K)
[5115.174s][info][gc,heap        ] GC(1461) ParOldGen: 5075506K(5075968K)->5178122K(5178368K)
[5115.174s][info][gc,metaspace   ] GC(1461) Metaspace: 29077K(29376K)->29077K(29376K) NonClass: 25974K(26112K)->25974K(26112K) Class: 3103K(3264K)->3103K(3264K)
[5115.174s][info][gc             ] GC(1461) Pause Young (Allocation Failure) 7505M->5212M(7606M) 100.838ms
[5115.174s][info][gc,cpu         ] GC(1461) User=0.56s Sys=0.03s Real=0.10s
..[5117.045s][info][gc,start       ] GC(1462) Pause Young (Allocation Failure)
[5117.154s][info][gc,heap        ] GC(1462) PSYoungGen: 2610400K(2610688K)->163465K(2621952K) Eden: 2450944K(2450944K)->0K(2450944K) From: 159456K(159744K)->163465K(171008K)
[5117.154s][info][gc,heap        ] GC(1462) ParOldGen: 5178122K(5178368K)->5286410K(5286912K)
[5117.154s][info][gc,metaspace   ] GC(1462) Metaspace: 29077K(29376K)->29077K(29376K) NonClass: 25974K(26112K)->25974K(26112K) Class: 3103K(3264K)->3103K(3264K)
[5117.154s][info][gc             ] GC(1462) Pause Young (Allocation Failure) 7605M->5322M(7723M) 109.407ms
[5117.154s][info][gc,cpu         ] GC(1462) User=0.61s Sys=0.02s Real=0.11s
..[5119.024s][info][gc,start       ] GC(1463) Pause Young (Allocation Failure)
[5119.124s][info][gc,heap        ] GC(1463) PSYoungGen: 2614409K(2621952K)->152805K(2621952K) Eden: 2450944K(2450944K)->0K(2450944K) From: 163465K(171008K)->152805K(171008K)
[5119.124s][info][gc,heap        ] GC(1463) ParOldGen: 5286410K(5286912K)->5390386K(5390848K)
[5119.124s][info][gc,metaspace   ] GC(1463) Metaspace: 29077K(29376K)->29077K(29376K) NonClass: 25974K(26112K)->25974K(26112K) Class: 3103K(3264K)->3103K(3264K)
[5119.124s][info][gc             ] GC(1463) Pause Young (Allocation Failure) 7715M->5413M(7825M) 100.432ms
[5119.124s][info][gc,cpu         ] GC(1463) User=0.56s Sys=0.04s Real=0.10s
..[5120.971s][info][gc,start       ] GC(1464) Pause Young (Allocation Failure)
[5121.070s][info][gc,heap        ] GC(1464) PSYoungGen: 2603749K(2621952K)->154496K(2624512K) Eden: 2450944K(2450944K)->0K(2453504K) From: 152805K(171008K)->154496K(171008K)
[5121.070s][info][gc,heap        ] GC(1464) ParOldGen: 5390386K(5390848K)->5493682K(5493760K)
[5121.070s][info][gc,metaspace   ] GC(1464) Metaspace: 29077K(29376K)->29077K(29376K) NonClass: 25974K(26112K)->25974K(26112K) Class: 3103K(3264K)->3103K(3264K)
[5121.070s][info][gc             ] GC(1464) Pause Young (Allocation Failure) 7806M->5515M(7928M) 99.559ms
[5121.070s][info][gc,cpu         ] GC(1464) User=0.54s Sys=0.04s Real=0.10s
..[5122.944s][info][gc,start       ] GC(1465) Pause Full (Allocation Failure)
[5122.944s][info][gc,phases,start] GC(1465) Marking Phase
[5123.255s][info][gc,phases      ] GC(1465) Marking Phase 310.488ms
[5123.255s][info][gc,phases,start] GC(1465) Summary Phase
[5123.255s][info][gc,phases      ] GC(1465) Summary Phase 0.109ms
[5123.255s][info][gc,phases,start] GC(1465) Forward
[5123.385s][info][gc,phases      ] GC(1465) Forward 129.847ms
[5123.385s][info][gc,phases,start] GC(1465) Adjust Pointers
[5123.593s][info][gc,phases      ] GC(1465) Adjust Pointers 207.986ms
[5123.593s][info][gc,phases,start] GC(1465) Compaction Phase
[5123.740s][info][gc,phases      ] GC(1465) Compaction Phase 147.725ms
[5123.742s][info][gc,phases,start] GC(1465) Post Compact
[5123.749s][info][gc,phases      ] GC(1465) Post Compact 7.036ms
[5123.868s][info][gc,heap        ] GC(1465) PSYoungGen: 2608000K(2624512K)->0K(2624512K) Eden: 2453504K(2453504K)->0K(2453504K) From: 154496K(171008K)->0K(171008K)
[5123.868s][info][gc,heap        ] GC(1465) ParOldGen: 5493682K(5493760K)->1611435K(1962496K)
[5123.868s][info][gc,metaspace   ] GC(1465) Metaspace: 29077K(29376K)->29077K(29376K) NonClass: 25974K(26112K)->25974K(26112K) Class: 3103K(3264K)->3103K(3264K)
[5123.868s][info][gc             ] GC(1465) Pause Full (Allocation Failure) 7911M->1573M(4479M) 923.731ms
[5123.868s][info][gc,cpu         ] GC(1465) User=4.34s Sys=0.12s Real=0.92s
.. (rIR:aIR:PR = 8717:8636:8634) (tPR = 128328) [OK] 
  5124s: Performance info:
         Transaction,    Success,    Partial,     Failed,   Receipts, AvgBarcode, 
             Overall,     521615,          0,          0,     495321,      59.47, 
         Response times:
             Request,    Success,    Partial,     Failed,   SkipFail,     Probes,    Samples,      min,      p50,      p90,      p95,      p99,      max, 
       TotalPurchase,     495464,          0,          0,          0,     353708,     429969,      200,     6000,    34000,    66000,   594000,   940000,
     InStorePurchase,     260270,          0,          0,          0,     185955,     225752,      300,     6000,    35000,    67000,   598000,   940000,
      OnlinePurchase,     182842,          0,          0,          0,     130282,     158318,      200,     6000,    34000,    66000,   587000,   940000,
        InstPurchase,      52352,          0,          0,          0,      37471,      45899,      400,     5700,    33000,    64000,   592000,   720000,
          AssocOfCat,        523,          0,          0,          0,        430,        591,    22000,    40000,    77800,   123400,   840000,   840000,
      AssocOfProduct,       5288,          0,          0,          0,       3796,       4855,      500,     4800,    34000,    64200,   474000,   474000,
      BusinessReport,       1314,          0,          0,          0,       1153,       1544,    30000,    53000,   114000,   162000,   680000,  1200000,
          CustBuyBeh,       5251,          0,          0,          0,       3707,       4729,      200,     6300,    37000,    76000,   473000,   475000,
       ProductReturn,      13910,          0,          0,          0,       9708,      11922,      200,     6500,    36000,    70850,   670000,   840000,

  5124s: (64%)   IR =   8856 [5125.257s][info][gc,start       ] GC(1466) Pause Young (Allocation Failure)
[5125.322s][info][gc,heap        ] GC(1466) PSYoungGen: 2453504K(2624512K)->156560K(2624000K) Eden: 2453504K(2453504K)->0K(2454016K) From: 0K(171008K)->156560K(169984K)
[5125.322s][info][gc,heap        ] GC(1466) ParOldGen: 1611435K(1962496K)->1611435K(1962496K)
[5125.322s][info][gc,metaspace   ] GC(1466) Metaspace: 29077K(29376K)->29077K(29376K) NonClass: 25974K(26112K)->25974K(26112K) Class: 3103K(3264K)->3103K(3264K)
[5125.322s][info][gc             ] GC(1466) Pause Young (Allocation Failure) 3969M->1726M(4479M) 64.703ms
[5125.322s][info][gc,cpu         ] GC(1466) User=0.38s Sys=0.00s Real=0.07s
..[5127.246s][info][gc,start       ] GC(1467) Pause Young (Allocation Failure)
[5127.344s][info][gc,heap        ] GC(1467) PSYoungGen: 2610576K(2624000K)->161637K(2624512K) Eden: 2454016K(2454016K)->0K(2454016K) From: 156560K(169984K)->161637K(170496K)
[5127.344s][info][gc,heap        ] GC(1467) ParOldGen: 1611435K(1962496K)->1719339K(1962496K)
[5127.344s][info][gc,metaspace   ] GC(1467) Metaspace: 29077K(29376K)->29077K(29376K) NonClass: 25974K(26112K)->25974K(26112K) Class: 3103K(3264K)->3103K(3264K)
[5127.344s][info][gc             ] GC(1467) Pause Young (Allocation Failure) 4123M->1836M(4479M) 97.478ms
[5127.344s][info][gc,cpu         ] GC(1467) User=0.58s Sys=0.00s Real=0.10s
.[5129.080s][info][gc,start       ] GC(1468) Pause Young (Allocation Failure)
[5129.171s][info][gc,heap        ] GC(1468) PSYoungGen: 2615653K(2624512K)->146208K(2623488K) Eden: 2454016K(2454016K)->0K(2452992K) From: 161637K(170496K)->146208K(170496K)
[5129.171s][info][gc,heap        ] GC(1468) ParOldGen: 1719339K(1962496K)->1825683K(1962496K)
[5129.171s][info][gc,metaspace   ] GC(1468) Metaspace: 29077K(29376K)->29077K(29376K) NonClass: 25974K(26112K)->25974K(26112K) Class: 3103K(3264K)->3103K(3264K)
[5129.171s][info][gc             ] GC(1468) Pause Young (Allocation Failure) 4233M->1925M(4478M) 91.116ms
[5129.171s][info][gc,cpu         ] GC(1468) User=0.53s Sys=0.00s Real=0.10s
..[5130.992s][info][gc,start       ] GC(1469) Pause Young (Allocation Failure)
[5131.089s][info][gc,heap        ] GC(1469) PSYoungGen: 2599200K(2623488K)->161925K(2624512K) Eden: 2452992K(2452992K)->0K(2452992K) From: 146208K(170496K)->161925K(171520K)
[5131.089s][info][gc,heap        ] GC(1469) ParOldGen: 1825683K(1962496K)->1926851K(1962496K)
[5131.089s][info][gc,metaspace   ] GC(1469) Metaspace: 29077K(29376K)->29077K(29376K) NonClass: 25974K(26112K)->25974K(26112K) Class: 3103K(3264K)->3103K(3264K)
[5131.089s][info][gc             ] GC(1469) Pause Young (Allocation Failure) 4321M->2039M(4479M) 96.107ms
[5131.089s][info][gc,cpu         ] GC(1469) User=0.56s Sys=0.00s Real=0.09s
..[5132.997s][info][gc,start       ] GC(1470) Pause Young (Allocation Failure)
[5133.097s][info][gc,heap        ] GC(1470) PSYoungGen: 2614917K(2624512K)->160960K(2623488K) Eden: 2452992K(2452992K)->0K(2452992K) From: 161925K(171520K)->160960K(170496K)
[5133.097s][info][gc,heap        ] GC(1470) ParOldGen: 1926851K(1962496K)->2031851K(2032128K)
[5133.097s][info][gc,metaspace   ] GC(1470) Metaspace: 29077K(29376K)->29077K(29376K) NonClass: 25974K(26112K)->25974K(26112K) Class: 3103K(3264K)->3103K(3264K)
[5133.097s][info][gc             ] GC(1470) Pause Young (Allocation Failure) 4435M->2141M(4546M) 99.806ms
[5133.097s][info][gc,cpu         ] GC(1470) User=0.57s Sys=0.02s Real=0.10s
.|.[5134.905s][info][gc,start       ] GC(1471) Pause Young (Allocation Failure)
[5135.003s][info][gc,heap        ] GC(1471) PSYoungGen: 2613952K(2623488K)->150016K(2624000K) Eden: 2452992K(2452992K)->0K(2452992K) From: 160960K(170496K)->150016K(171008K)
[5135.003s][info][gc,heap        ] GC(1471) ParOldGen: 2031851K(2032128K)->2138339K(2138624K)
[5135.003s][info][gc,metaspace   ] GC(1471) Metaspace: 29077K(29376K)->29077K(29376K) NonClass: 25974K(26112K)->25974K(26112K) Class: 3103K(3264K)->3103K(3264K)
[5135.003s][info][gc             ] GC(1471) Pause Young (Allocation Failure) 4536M->2234M(4651M) 97.545ms
[5135.003s][info][gc,cpu         ] GC(1471) User=0.54s Sys=0.04s Real=0.10s
..[5136.868s][info][gc,start       ] GC(1472) Pause Young (Allocation Failure)
[5136.966s][info][gc,heap        ] GC(1472) PSYoungGen: 2603008K(2624000K)->155840K(2623488K) Eden: 2452992K(2452992K)->0K(2453504K) From: 150016K(171008K)->155840K(169984K)
[5136.966s][info][gc,heap        ] GC(1472) ParOldGen: 2138339K(2138624K)->2241539K(2242048K)
[5136.966s][info][gc,metaspace   ] GC(1472) Metaspace: 29077K(29376K)->29077K(29376K) NonClass: 25974K(26112K)->25974K(26112K) Class: 3103K(3264K)->3103K(3264K)
[5136.966s][info][gc             ] GC(1472) Pause Young (Allocation Failure) 4630M->2341M(4751M) 97.536ms
[5136.966s][info][gc,cpu         ] GC(1472) User=0.54s Sys=0.03s Real=0.10s
..[5138.678s][info][gc,start       ] GC(1473) Pause Young (Allocation Failure)
[5138.779s][info][gc,heap        ] GC(1473) PSYoungGen: 2609344K(2623488K)->160416K(2624000K) Eden: 2453504K(2453504K)->0K(2453504K) From: 155840K(169984K)->160416K(170496K)
[5138.779s][info][gc,heap        ] GC(1473) ParOldGen: 2241539K(2242048K)->2349203K(2349568K)
[5138.779s][info][gc,metaspace   ] GC(1473) Metaspace: 29077K(29376K)->29077K(29376K) NonClass: 25974K(26112K)->25974K(26112K) Class: 3103K(3264K)->3103K(3264K)
[5138.779s][info][gc             ] GC(1473) Pause Young (Allocation Failure) 4737M->2450M(4857M) 101.028ms
[5138.779s][info][gc,cpu         ] GC(1473) User=0.55s Sys=0.05s Real=0.10s
..[5140.673s][info][gc,start       ] GC(1474) Pause Young (Allocation Failure)
[5140.774s][info][gc,heap        ] GC(1474) PSYoungGen: 2613920K(2624000K)->166176K(2621952K) Eden: 2453504K(2453504K)->0K(2451968K) From: 160416K(170496K)->166176K(169984K)
[5140.774s][info][gc,heap        ] GC(1474) ParOldGen: 2349203K(2349568K)->2450827K(2450944K)
[5140.774s][info][gc,metaspace   ] GC(1474) Metaspace: 29077K(29376K)->29077K(29376K) NonClass: 25974K(26112K)->25974K(26112K) Class: 3103K(3264K)->3103K(3264K)
[5140.774s][info][gc             ] GC(1474) Pause Young (Allocation Failure) 4846M->2555M(4954M) 100.322ms
[5140.774s][info][gc,cpu         ] GC(1474) User=0.56s Sys=0.03s Real=0.10s
..[5142.503s][info][gc,start       ] GC(1475) Pause Young (Allocation Failure)
[5142.604s][info][gc,heap        ] GC(1475) PSYoungGen: 2618144K(2621952K)->160448K(2624000K) Eden: 2451968K(2451968K)->0K(2451968K) From: 166176K(169984K)->160448K(172032K)
[5142.604s][info][gc,heap        ] GC(1475) ParOldGen: 2450827K(2450944K)->2557611K(2557952K)
[5142.604s][info][gc,metaspace   ] GC(1475) Metaspace: 29077K(29376K)->29077K(29376K) NonClass: 25974K(26112K)->25974K(26112K) Class: 3103K(3264K)->3103K(3264K)
[5142.604s][info][gc             ] GC(1475) Pause Young (Allocation Failure) 4950M->2654M(5060M) 100.861ms
[5142.604s][info][gc,cpu         ] GC(1475) User=0.56s Sys=0.04s Real=0.10s
..[5144.436s][info][gc,start       ] GC(1476) Pause Young (Allocation Failure)
[5144.536s][info][gc,heap        ] GC(1476) PSYoungGen: 2612416K(2624000K)->162644K(2623488K) Eden: 2451968K(2451968K)->0K(2452480K) From: 160448K(172032K)->162644K(171008K)
[5144.536s][info][gc,heap        ] GC(1476) ParOldGen: 2557611K(2557952K)->2660387K(2660864K)
[5144.536s][info][gc,metaspace   ] GC(1476) Metaspace: 29077K(29376K)->29077K(29376K) NonClass: 25974K(26112K)->25974K(26112K) Class: 3103K(3264K)->3103K(3264K)
[5144.536s][info][gc             ] GC(1476) Pause Young (Allocation Failure) 5048M->2756M(5160M) 100.508ms
[5144.536s][info][gc,cpu         ] GC(1476) User=0.55s Sys=0.03s Real=0.10s
..[5146.291s][info][gc,start       ] GC(1477) Pause Young (Allocation Failure)
[5146.391s][info][gc,heap        ] GC(1477) PSYoungGen: 2615124K(2623488K)->158432K(2624000K) Eden: 2452480K(2452480K)->0K(2452480K) From: 162644K(171008K)->158432K(171520K)
[5146.391s][info][gc,heap        ] GC(1477) ParOldGen: 2660387K(2660864K)->2767747K(2767872K)
[5146.391s][info][gc,metaspace   ] GC(1477) Metaspace: 29077K(29376K)->29077K(29376K) NonClass: 25974K(26112K)->25974K(26112K) Class: 3103K(3264K)->3103K(3264K)
[5146.391s][info][gc             ] GC(1477) Pause Young (Allocation Failure) 5151M->2857M(5265M) 100.055ms
[5146.391s][info][gc,cpu         ] GC(1477) User=0.55s Sys=0.04s Real=0.10s
.[5148.209s][info][gc,start       ] GC(1478) Pause Young (Allocation Failure)
[5148.306s][info][gc,heap        ] GC(1478) PSYoungGen: 2610912K(2624000K)->153856K(2624000K) Eden: 2452480K(2452480K)->0K(2453504K) From: 158432K(171520K)->153856K(170496K)
[5148.306s][info][gc,heap        ] GC(1478) ParOldGen: 2767747K(2767872K)->2869907K(2870272K)
[5148.306s][info][gc,metaspace   ] GC(1478) Metaspace: 29077K(29376K)->29077K(29376K) NonClass: 25974K(26112K)->25974K(26112K) Class: 3103K(3264K)->3103K(3264K)
[5148.306s][info][gc             ] GC(1478) Pause Young (Allocation Failure) 5252M->2952M(5365M) 97.150ms
[5148.306s][info][gc,cpu         ] GC(1478) User=0.55s Sys=0.03s Real=0.10s
..[5150.170s][info][gc,start       ] GC(1479) Pause Young (Allocation Failure)
[5150.271s][info][gc,heap        ] GC(1479) PSYoungGen: 2607360K(2624000K)->154900K(2624000K) Eden: 2453504K(2453504K)->0K(2453504K) From: 153856K(170496K)->154900K(170496K)
[5150.271s][info][gc,heap        ] GC(1479) ParOldGen: 2869907K(2870272K)->2975659K(2975744K)
[5150.271s][info][gc,metaspace   ] GC(1479) Metaspace: 29077K(29376K)->29077K(29376K) NonClass: 25974K(26112K)->25974K(26112K) Class: 3103K(3264K)->3103K(3264K)
[5150.271s][info][gc             ] GC(1479) Pause Young (Allocation Failure) 5348M->3057M(5468M) 100.831ms
[5150.271s][info][gc,cpu         ] GC(1479) User=0.55s Sys=0.04s Real=0.11s
..[5152.077s][info][gc,start       ] GC(1480) Pause Young (Allocation Failure)
[5152.176s][info][gc,heap        ] GC(1480) PSYoungGen: 2608404K(2624000K)->159120K(2624000K) Eden: 2453504K(2453504K)->0K(2455552K) From: 154900K(170496K)->159120K(168448K)
[5152.176s][info][gc,heap        ] GC(1480) ParOldGen: 2975659K(2975744K)->3080243K(3080704K)
[5152.176s][info][gc,metaspace   ] GC(1480) Metaspace: 29077K(29376K)->29077K(29376K) NonClass: 25974K(26112K)->25974K(26112K) Class: 3103K(3264K)->3103K(3264K)
[5152.176s][info][gc             ] GC(1480) Pause Young (Allocation Failure) 5453M->3163M(5571M) 99.300ms
[5152.176s][info][gc,cpu         ] GC(1480) User=0.55s Sys=0.03s Real=0.10s
..[5153.861s][info][gc,start       ] GC(1481) Pause Young (Allocation Failure)
[5153.957s][info][gc,heap        ] GC(1481) PSYoungGen: 2614672K(2624000K)->141760K(2624512K) Eden: 2455552K(2455552K)->0K(2455552K) From: 159120K(168448K)->141760K(168960K)
[5153.957s][info][gc,heap        ] GC(1481) ParOldGen: 3080243K(3080704K)->3189251K(3189760K)
[5153.957s][info][gc,metaspace   ] GC(1481) Metaspace: 29077K(29376K)->29077K(29376K) NonClass: 25974K(26112K)->25974K(26112K) Class: 3103K(3264K)->3103K(3264K)
[5153.957s][info][gc             ] GC(1481) Pause Young (Allocation Failure) 5561M->3252M(5678M) 95.677ms
[5153.957s][info][gc,cpu         ] GC(1481) User=0.53s Sys=0.03s Real=0.09s
..[5155.883s][info][gc,start       ] GC(1482) Pause Young (Allocation Failure)
[5155.979s][info][gc,heap        ] GC(1482) PSYoungGen: 2597312K(2624512K)->152448K(2626048K) Eden: 2455552K(2455552K)->0K(2455040K) From: 141760K(168960K)->152448K(171008K)
[5155.979s][info][gc,heap        ] GC(1482) ParOldGen: 3189251K(3189760K)->3288267K(3288576K)
[5155.979s][info][gc,metaspace   ] GC(1482) Metaspace: 29077K(29376K)->29077K(29376K) NonClass: 25974K(26112K)->25974K(26112K) Class: 3103K(3264K)->3103K(3264K)
[5155.979s][info][gc             ] GC(1482) Pause Young (Allocation Failure) 5650M->3360M(5776M) 95.937ms
[5155.979s][info][gc,cpu         ] GC(1482) User=0.52s Sys=0.04s Real=0.09s
..[5157.756s][info][gc,start       ] GC(1483) Pause Young (Allocation Failure)
[5157.865s][info][gc,heap        ] GC(1483) PSYoungGen: 2607488K(2626048K)->169956K(2625024K) Eden: 2455040K(2455040K)->0K(2455040K) From: 152448K(171008K)->169956K(169984K)
[5157.865s][info][gc,heap        ] GC(1483) ParOldGen: 3288267K(3288576K)->3401707K(3401728K)
[5157.865s][info][gc,metaspace   ] GC(1483) Metaspace: 29077K(29376K)->29077K(29376K) NonClass: 25974K(26112K)->25974K(26112K) Class: 3103K(3264K)->3103K(3264K)
[5157.865s][info][gc             ] GC(1483) Pause Young (Allocation Failure) 5757M->3487M(5885M) 108.685ms
[5157.865s][info][gc,cpu         ] GC(1483) User=0.61s Sys=0.03s Real=0.11s
..[5159.728s][info][gc,start       ] GC(1484) Pause Young (Allocation Failure)
[5159.827s][info][gc,heap        ] GC(1484) PSYoungGen: 2624996K(2625024K)->156608K(2541056K) Eden: 2455040K(2455040K)->0K(2370048K) From: 169956K(169984K)->156608K(171008K)
[5159.827s][info][gc,heap        ] GC(1484) ParOldGen: 3401707K(3401728K)->3503587K(3503616K)
[5159.827s][info][gc,metaspace   ] GC(1484) Metaspace: 29077K(29376K)->29077K(29376K) NonClass: 25974K(26112K)->25974K(26112K) Class: 3103K(3264K)->3103K(3264K)
[5159.827s][info][gc             ] GC(1484) Pause Young (Allocation Failure) 5885M->3574M(5903M) 98.976ms
[5159.827s][info][gc,cpu         ] GC(1484) User=0.54s Sys=0.03s Real=0.10s
..[5161.703s][info][gc,start       ] GC(1485) Pause Young (Allocation Failure)
[5161.802s][info][gc,heap        ] GC(1485) PSYoungGen: 2526656K(2541056K)->158144K(2583040K) Eden: 2370048K(2370048K)->0K(2370048K) From: 156608K(171008K)->158144K(212992K)
[5161.802s][info][gc,heap        ] GC(1485) ParOldGen: 3503587K(3503616K)->3606507K(3606528K)
[5161.802s][info][gc,metaspace   ] GC(1485) Metaspace: 29077K(29376K)->29077K(29376K) NonClass: 25974K(26112K)->25974K(26112K) Class: 3103K(3264K)->3103K(3264K)
[5161.802s][info][gc             ] GC(1485) Pause Young (Allocation Failure) 5888M->3676M(6044M) 99.123ms
[5161.802s][info][gc,cpu         ] GC(1485) User=0.55s Sys=0.03s Real=0.10s
..[5163.454s][info][gc,start       ] GC(1486) Pause Young (Allocation Failure)
[5163.551s][info][gc,heap        ] GC(1486) PSYoungGen: 2528192K(2583040K)->146016K(2578432K) Eden: 2370048K(2370048K)->0K(2372608K) From: 158144K(212992K)->146016K(205824K)
[5163.551s][info][gc,heap        ] GC(1486) ParOldGen: 3606507K(3606528K)->3714627K(3715072K)
[5163.551s][info][gc,metaspace   ] GC(1486) Metaspace: 29077K(29376K)->29077K(29376K) NonClass: 25974K(26112K)->25974K(26112K) Class: 3103K(3264K)->3103K(3264K)
[5163.551s][info][gc             ] GC(1486) Pause Young (Allocation Failure) 5990M->3770M(6146M) 97.079ms
[5163.551s][info][gc,cpu         ] GC(1486) User=0.53s Sys=0.04s Real=0.10s
.[5165.341s][info][gc,start       ] GC(1487) Pause Young (Allocation Failure)
[5165.446s][info][gc,heap        ] GC(1487) PSYoungGen: 2518624K(2578432K)->169097K(2582016K) Eden: 2372608K(2372608K)->0K(2372608K) From: 146016K(205824K)->169097K(209408K)
[5165.446s][info][gc,heap        ] GC(1487) ParOldGen: 3714627K(3715072K)->3813531K(3813888K)
[5165.446s][info][gc,metaspace   ] GC(1487) Metaspace: 29077K(29376K)->29077K(29376K) NonClass: 25974K(26112K)->25974K(26112K) Class: 3103K(3264K)->3103K(3264K)
[5165.446s][info][gc             ] GC(1487) Pause Young (Allocation Failure) 6087M->3889M(6246M) 105.148ms
[5165.446s][info][gc,cpu         ] GC(1487) User=0.59s Sys=0.03s Real=0.10s
..[5167.261s][info][gc,start       ] GC(1488) Pause Young (Allocation Failure)
[5167.358s][info][gc,heap        ] GC(1488) PSYoungGen: 2541705K(2582016K)->147776K(2582528K) Eden: 2372608K(2372608K)->0K(2379776K) From: 169097K(209408K)->147776K(202752K)
[5167.358s][info][gc,heap        ] GC(1488) ParOldGen: 3813531K(3813888K)->3918731K(3918848K)
[5167.358s][info][gc,metaspace   ] GC(1488) Metaspace: 29077K(29376K)->29077K(29376K) NonClass: 25974K(26112K)->25974K(26112K) Class: 3103K(3264K)->3103K(3264K)
[5167.358s][info][gc             ] GC(1488) Pause Young (Allocation Failure) 6206M->3971M(6349M) 96.871ms
[5167.358s][info][gc,cpu         ] GC(1488) User=0.53s Sys=0.03s Real=0.09s
..[5169.104s][info][gc,start       ] GC(1489) Pause Young (Allocation Failure)
[5169.197s][info][gc,heap        ] GC(1489) PSYoungGen: 2527552K(2582528K)->143616K(2585088K) Eden: 2379776K(2379776K)->0K(2379776K) From: 147776K(202752K)->143616K(205312K)
[5169.197s][info][gc,heap        ] GC(1489) ParOldGen: 3918731K(3918848K)->4021603K(4021760K)
[5169.197s][info][gc,metaspace   ] GC(1489) Metaspace: 29077K(29376K)->29077K(29376K) NonClass: 25974K(26112K)->25974K(26112K) Class: 3103K(3264K)->3103K(3264K)
[5169.197s][info][gc             ] GC(1489) Pause Young (Allocation Failure) 6295M->4067M(6452M) 93.353ms
[5169.197s][info][gc,cpu         ] GC(1489) User=0.52s Sys=0.03s Real=0.09s
..[5170.972s][info][gc,start       ] GC(1490) Pause Young (Allocation Failure)
[5171.069s][info][gc,heap        ] GC(1490) PSYoungGen: 2523392K(2585088K)->148928K(2586112K) Eden: 2379776K(2379776K)->0K(2385920K) From: 143616K(205312K)->148928K(200192K)
[5171.069s][info][gc,heap        ] GC(1490) ParOldGen: 4021603K(4021760K)->4122411K(4122624K)
[5171.069s][info][gc,metaspace   ] GC(1490) Metaspace: 29077K(29376K)->29077K(29376K) NonClass: 25974K(26112K)->25974K(26112K) Class: 3103K(3264K)->3103K(3264K)
[5171.069s][info][gc             ] GC(1490) Pause Young (Allocation Failure) 6391M->4171M(6551M) 97.284ms
[5171.069s][info][gc,cpu         ] GC(1490) User=0.54s Sys=0.03s Real=0.09s
..[5172.856s][info][gc,start       ] GC(1491) Pause Young (Allocation Failure)
[5172.954s][info][gc,heap        ] GC(1491) PSYoungGen: 2534848K(2586112K)->147424K(2588672K) Eden: 2385920K(2385920K)->0K(2385920K) From: 148928K(200192K)->147424K(202752K)
[5172.954s][info][gc,heap        ] GC(1491) ParOldGen: 4122411K(4122624K)->4225843K(4226048K)
[5172.954s][info][gc,metaspace   ] GC(1491) Metaspace: 29077K(29376K)->29077K(29376K) NonClass: 25974K(26112K)->25974K(26112K) Class: 3103K(3264K)->3103K(3264K)
[5172.954s][info][gc             ] GC(1491) Pause Young (Allocation Failure) 6501M->4270M(6655M) 97.922ms
[5172.954s][info][gc,cpu         ] GC(1491) User=0.55s Sys=0.03s Real=0.10s
..[5174.763s][info][gc,start       ] GC(1492) Pause Young (Allocation Failure)
[5174.865s][info][gc,heap        ] GC(1492) PSYoungGen: 2533344K(2588672K)->166912K(2589696K) Eden: 2385920K(2385920K)->0K(2392576K) From: 147424K(202752K)->166912K(197120K)
[5174.865s][info][gc,heap        ] GC(1492) ParOldGen: 4225843K(4226048K)->4325499K(4325888K)
[5174.865s][info][gc,metaspace   ] GC(1492) Metaspace: 29077K(29376K)->29077K(29376K) NonClass: 25974K(26112K)->25974K(26112K) Class: 3103K(3264K)->3103K(3264K)
[5174.865s][info][gc             ] GC(1492) Pause Young (Allocation Failure) 6600M->4387M(6753M) 102.689ms
[5174.865s][info][gc,cpu         ] GC(1492) User=0.57s Sys=0.03s Real=0.10s
..[5176.581s][info][gc,start       ] GC(1493) Pause Young (Allocation Failure)
[5176.685s][info][gc,heap        ] GC(1493) PSYoungGen: 2559488K(2589696K)->158852K(2591744K) Eden: 2392576K(2392576K)->0K(2392576K) From: 166912K(197120K)->158852K(199168K)
[5176.685s][info][gc,heap        ] GC(1493) ParOldGen: 4325499K(4325888K)->4436227K(4436480K)
[5176.685s][info][gc,metaspace   ] GC(1493) Metaspace: 29077K(29376K)->29077K(29376K) NonClass: 25974K(26112K)->25974K(26112K) Class: 3103K(3264K)->3103K(3264K)
[5176.685s][info][gc             ] GC(1493) Pause Young (Allocation Failure) 6723M->4487M(6863M) 104.122ms
[5176.685s][info][gc,cpu         ] GC(1493) User=0.57s Sys=0.03s Real=0.10s
.[5178.472s][info][gc,start       ] GC(1494) Pause Young (Allocation Failure)
[5178.571s][info][gc,heap        ] GC(1494) PSYoungGen: 2551428K(2591744K)->157220K(2592256K) Eden: 2392576K(2392576K)->0K(2401280K) From: 158852K(199168K)->157220K(190976K)
[5178.571s][info][gc,heap        ] GC(1494) ParOldGen: 4436227K(4436480K)->4535547K(4535808K)
[5178.571s][info][gc,metaspace   ] GC(1494) Metaspace: 29077K(29376K)->29077K(29376K) NonClass: 25974K(26112K)->25974K(26112K) Class: 3103K(3264K)->3103K(3264K)
[5178.571s][info][gc             ] GC(1494) Pause Young (Allocation Failure) 6823M->4582M(6961M) 99.357ms
[5178.571s][info][gc,cpu         ] GC(1494) User=0.55s Sys=0.03s Real=0.10s
..[5180.362s][info][gc,start       ] GC(1495) Pause Young (Allocation Failure)
[5180.459s][info][gc,heap        ] GC(1495) PSYoungGen: 2558500K(2592256K)->153664K(2593792K) Eden: 2401279K(2401280K)->0K(2401280K) From: 157220K(190976K)->153664K(192512K)
[5180.459s][info][gc,heap        ] GC(1495) ParOldGen: 4535547K(4535808K)->4637323K(4637696K)
[5180.459s][info][gc,metaspace   ] GC(1495) Metaspace: 29077K(29376K)->29077K(29376K) NonClass: 25974K(26112K)->25974K(26112K) Class: 3103K(3264K)->3103K(3264K)
[5180.459s][info][gc             ] GC(1495) Pause Young (Allocation Failure) 6927M->4678M(7062M) 97.266ms
[5180.459s][info][gc,cpu         ] GC(1495) User=0.53s Sys=0.03s Real=0.09s
..[5182.170s][info][gc,start       ] GC(1496) Pause Young (Allocation Failure)
[5182.270s][info][gc,heap        ] GC(1496) PSYoungGen: 2554944K(2593792K)->153312K(2600448K) Eden: 2401280K(2401280K)->0K(2413568K) From: 153664K(192512K)->153312K(186880K)
[5182.270s][info][gc,heap        ] GC(1496) ParOldGen: 4637323K(4637696K)->4744355K(4744704K)
[5182.270s][info][gc,metaspace   ] GC(1496) Metaspace: 29077K(29376K)->29077K(29376K) NonClass: 25974K(26112K)->25974K(26112K) Class: 3103K(3264K)->3103K(3264K)
[5182.270s][info][gc             ] GC(1496) Pause Young (Allocation Failure) 7023M->4782M(7173M) 99.692ms
[5182.270s][info][gc,cpu         ] GC(1496) User=0.55s Sys=0.03s Real=0.10s
..[5184.119s][info][gc,start       ] GC(1497) Pause Young (Allocation Failure)
[5184.216s][info][gc,heap        ] GC(1497) PSYoungGen: 2566880K(2600448K)->149760K(2601472K) Eden: 2413568K(2413568K)->0K(2413568K) From: 153312K(186880K)->149760K(187904K)
[5184.216s][info][gc,heap        ] GC(1497) ParOldGen: 4744355K(4744704K)->4845371K(4845568K)
[5184.216s][info][gc,metaspace   ] GC(1497) Metaspace: 29077K(29376K)->29077K(29376K) NonClass: 25974K(26112K)->25974K(26112K) Class: 3103K(3264K)->3103K(3264K)
[5184.216s][info][gc             ] GC(1497) Pause Young (Allocation Failure) 7139M->4878M(7272M) 96.994ms
[5184.216s][info][gc,cpu         ] GC(1497) User=0.53s Sys=0.03s Real=0.10s
..[5186.022s][info][gc,start       ] GC(1498) Pause Young (Allocation Failure)
[5186.122s][info][gc,heap        ] GC(1498) PSYoungGen: 2563328K(2601472K)->156224K(2603520K) Eden: 2413568K(2413568K)->0K(2421760K) From: 149760K(187904K)->156224K(181760K)
[5186.122s][info][gc,heap        ] GC(1498) ParOldGen: 4845371K(4845568K)->4949091K(4949504K)
[5186.122s][info][gc,metaspace   ] GC(1498) Metaspace: 29077K(29376K)->29077K(29376K) NonClass: 25974K(26112K)->25974K(26112K) Class: 3103K(3264K)->3103K(3264K)
[5186.122s][info][gc             ] GC(1498) Pause Young (Allocation Failure) 7235M->4985M(7376M) 100.161ms
[5186.122s][info][gc,cpu         ] GC(1498) User=0.54s Sys=0.05s Real=0.10s
..[5187.986s][info][gc,start       ] GC(1499) Pause Young (Allocation Failure)
[5188.089s][info][gc,heap        ] GC(1499) PSYoungGen: 2577984K(2603520K)->166212K(2605568K) Eden: 2421760K(2421760K)->0K(2421760K) From: 156224K(181760K)->166212K(183808K)
[5188.089s][info][gc,heap        ] GC(1499) ParOldGen: 4949091K(4949504K)->5050259K(5050368K)
[5188.089s][info][gc,metaspace   ] GC(1499) Metaspace: 29077K(29376K)->29077K(29376K) NonClass: 25974K(26112K)->25974K(26112K) Class: 3103K(3264K)->3103K(3264K)
[5188.089s][info][gc             ] GC(1499) Pause Young (Allocation Failure) 7350M->5094M(7476M) 103.591ms
[5188.089s][info][gc,cpu         ] GC(1499) User=0.57s Sys=0.03s Real=0.10s
..[5189.783s][info][gc,start       ] GC(1500) Pause Young (Allocation Failure)
[5189.892s][info][gc,heap        ] GC(1500) PSYoungGen: 2587972K(2605568K)->166516K(2610688K) Eden: 2421760K(2421760K)->0K(2426368K) From: 166212K(183808K)->166516K(184320K)
[5189.892s][info][gc,heap        ] GC(1500) ParOldGen: 5050259K(5050368K)->5159699K(5159936K)
[5189.892s][info][gc,metaspace   ] GC(1500) Metaspace: 29077K(29376K)->29077K(29376K) NonClass: 25974K(26112K)->25974K(26112K) Class: 3103K(3264K)->3103K(3264K)
[5189.892s][info][gc             ] GC(1500) Pause Young (Allocation Failure) 7459M->5201M(7588M) 108.587ms
[5189.892s][info][gc,cpu         ] GC(1500) User=0.61s Sys=0.04s Real=0.11s
.[5191.642s][info][gc,start       ] GC(1501) Pause Young (Allocation Failure)
[5191.748s][info][gc,heap        ] GC(1501) PSYoungGen: 2592884K(2610688K)->170868K(2597376K) Eden: 2426368K(2426368K)->0K(2426368K) From: 166516K(184320K)->170868K(171008K)
[5191.748s][info][gc,heap        ] GC(1501) ParOldGen: 5159699K(5159936K)->5259883K(5260288K)
[5191.748s][info][gc,metaspace   ] GC(1501) Metaspace: 29078K(29376K)->29078K(29376K) NonClass: 25975K(26112K)->25975K(26112K) Class: 3103K(3264K)->3103K(3264K)
[5191.748s][info][gc             ] GC(1501) Pause Young (Allocation Failure) 7570M->5303M(7673M) 106.074ms
[5191.748s][info][gc,cpu         ] GC(1501) User=0.60s Sys=0.03s Real=0.10s
..[5193.632s][info][gc,start       ] GC(1502) Pause Young (Allocation Failure)
[5193.741s][info][gc,heap        ] GC(1502) PSYoungGen: 2597236K(2597376K)->168952K(2608128K) Eden: 2426368K(2426368K)->0K(2421248K) From: 170868K(171008K)->168952K(186880K)
[5193.741s][info][gc,heap        ] GC(1502) ParOldGen: 5259883K(5260288K)->5365467K(5365760K)
[5193.742s][info][gc,metaspace   ] GC(1502) Metaspace: 29078K(29376K)->29078K(29376K) NonClass: 25975K(26112K)->25975K(26112K) Class: 3103K(3264K)->3103K(3264K)
[5193.742s][info][gc             ] GC(1502) Pause Young (Allocation Failure) 7672M->5404M(7787M) 109.146ms
[5193.742s][info][gc,cpu         ] GC(1502) User=0.62s Sys=0.02s Real=0.11s
. (rIR:aIR:PR = 8856:8940:8943) (tPR = 132089) [OK] 
  5193s: Performance info:
         Transaction,    Success,    Partial,     Failed,   Receipts, AvgBarcode, 
             Overall,     542152,          0,          0,     515168,      59.47, 
         Response times:
             Request,    Success,    Partial,     Failed,   SkipFail,     Probes,    Samples,      min,      p50,      p90,      p95,      p99,      max, 
       TotalPurchase,     514883,          0,          0,          0,     360240,     412270,      300,     6200,    40000,    63000,   101000,   174000,
     InStorePurchase,     272407,          0,          0,          0,     189566,     216433,      300,     6300,    40000,    64000,   101000,   170000,
      OnlinePurchase,     188750,          0,          0,          0,     133005,     152356,      300,     6400,    41000,    64000,   101430,   169000,
        InstPurchase,      53726,          0,          0,          0,      37669,      43481,      400,     5300,    34000,    59000,    96000,   174000,
          AssocOfCat,        538,          0,          0,          0,        440,        577,    22000,    44000,    84000,   112100,   157000,   234000,
      AssocOfProduct,       5405,          0,          0,          0,       3858,       4574,      400,     7500,    42000,    68250,   108000,   163000,
      BusinessReport,       1345,          0,          0,          0,       1208,       1539,    25000,    52000,   104000,   133000,   173200,   254000,
          CustBuyBeh,       5348,          0,          0,          0,       3845,       4649,      200,     7400,    46000,    72000,   111500,   169000,
       ProductReturn,      14340,          0,          0,          0,      10208,      11918,      200,     5500,    36000,    60000,   100000,   165000,

  5193s: (65%)   IR =   8994 .[5195.670s][info][gc,start       ] GC(1503) Pause Young (Allocation Failure)
[5195.776s][info][gc,heap        ] GC(1503) PSYoungGen: 2590200K(2608128K)->167108K(2608640K) Eden: 2421248K(2421248K)->0K(2421248K) From: 168952K(186880K)->167108K(187392K)
[5195.776s][info][gc,heap        ] GC(1503) ParOldGen: 5365467K(5365760K)->5469659K(5469696K)
[5195.776s][info][gc,metaspace   ] GC(1503) Metaspace: 29078K(29376K)->29078K(29376K) NonClass: 25975K(26112K)->25975K(26112K) Class: 3103K(3264K)->3103K(3264K)
[5195.776s][info][gc             ] GC(1503) Pause Young (Allocation Failure) 7769M->5504M(7889M) 106.559ms
[5195.776s][info][gc,cpu         ] GC(1503) User=0.59s Sys=0.03s Real=0.11s
..[5197.555s][info][gc,start       ] GC(1504) Pause Young (Allocation Failure)
[5197.660s][info][gc,heap        ] GC(1504) PSYoungGen: 2588356K(2608640K)->168169K(2608640K) Eden: 2421248K(2421248K)->0K(2421760K) From: 167108K(187392K)->168169K(186880K)
[5197.661s][info][gc,heap        ] GC(1504) ParOldGen: 5469659K(5469696K)->5574235K(5574656K)
[5197.661s][info][gc,metaspace   ] GC(1504) Metaspace: 29078K(29376K)->29078K(29376K) NonClass: 25975K(26112K)->25975K(26112K) Class: 3103K(3264K)->3103K(3264K)
[5197.661s][info][gc             ] GC(1504) Pause Young (Allocation Failure) 7869M->5607M(7991M) 105.777ms
[5197.661s][info][gc,cpu         ] GC(1504) User=0.59s Sys=0.02s Real=0.11s
..[5199.387s][info][gc,start       ] GC(1505) Pause Full (Allocation Failure)
[5199.387s][info][gc,phases,start] GC(1505) Marking Phase
[5199.700s][info][gc,phases      ] GC(1505) Marking Phase 312.298ms
[5199.700s][info][gc,phases,start] GC(1505) Summary Phase
[5199.700s][info][gc,phases      ] GC(1505) Summary Phase 0.100ms
[5199.700s][info][gc,phases,start] GC(1505) Forward
[5199.821s][info][gc,phases      ] GC(1505) Forward 121.420ms
[5199.821s][info][gc,phases,start] GC(1505) Adjust Pointers
[5200.032s][info][gc,phases      ] GC(1505) Adjust Pointers 210.477ms
[5200.032s][info][gc,phases,start] GC(1505) Compaction Phase
[5200.181s][info][gc,phases      ] GC(1505) Compaction Phase 149.448ms
[5200.182s][info][gc,phases,start] GC(1505) Post Compact
[5200.189s][info][gc,phases      ] GC(1505) Post Compact 7.064ms
[5200.317s][info][gc,heap        ] GC(1505) PSYoungGen: 2589929K(2608640K)->0K(2608640K) Eden: 2421760K(2421760K)->0K(2421760K) From: 168169K(186880K)->0K(186880K)
[5200.317s][info][gc,heap        ] GC(1505) ParOldGen: 5574235K(5574656K)->1619207K(1979904K)
[5200.317s][info][gc,metaspace   ] GC(1505) Metaspace: 29078K(29376K)->29078K(29376K) NonClass: 25975K(26112K)->25975K(26112K) Class: 3103K(3264K)->3103K(3264K)
[5200.317s][info][gc             ] GC(1505) Pause Full (Allocation Failure) 7972M->1581M(4481M) 929.741ms
[5200.317s][info][gc,cpu         ] GC(1505) User=4.38s Sys=0.13s Real=0.93s
..[5201.630s][info][gc,start       ] GC(1506) Pause Young (Allocation Failure)
[5201.700s][info][gc,heap        ] GC(1506) PSYoungGen: 2421760K(2608640K)->169432K(2609152K) Eden: 2421760K(2421760K)->0K(2422272K) From: 0K(186880K)->169432K(186880K)
[5201.700s][info][gc,heap        ] GC(1506) ParOldGen: 1619207K(1979904K)->1619207K(1979904K)
[5201.700s][info][gc,metaspace   ] GC(1506) Metaspace: 29078K(29376K)->29078K(29376K) NonClass: 25975K(26112K)->25975K(26112K) Class: 3103K(3264K)->3103K(3264K)
[5201.700s][info][gc             ] GC(1506) Pause Young (Allocation Failure) 3946M->1746M(4481M) 70.171ms
[5201.700s][info][gc,cpu         ] GC(1506) User=0.41s Sys=0.00s Real=0.07s
.[5203.134s][info][gc,start       ] GC(1507) Pause Young (Allocation Failure)
[5203.230s][info][gc,heap        ] GC(1507) PSYoungGen: 2591704K(2609152K)->162128K(2584576K) Eden: 2422272K(2422272K)->0K(2422272K) From: 169432K(186880K)->162128K(162304K)
[5203.230s][info][gc,heap        ] GC(1507) ParOldGen: 1619207K(1979904K)->1721903K(1979904K)
[5203.230s][info][gc,metaspace   ] GC(1507) Metaspace: 29078K(29376K)->29078K(29376K) NonClass: 25975K(26112K)->25975K(26112K) Class: 3103K(3264K)->3103K(3264K)
[5203.230s][info][gc             ] GC(1507) Pause Young (Allocation Failure) 4112M->1839M(4457M) 95.556ms
[5203.230s][info][gc,cpu         ] GC(1507) User=0.56s Sys=0.01s Real=0.09s
..[5205.001s][info][gc,start       ] GC(1508) Pause Young (Allocation Failure)
[5205.092s][info][gc,heap        ] GC(1508) PSYoungGen: 2584400K(2584576K)->152256K(2607616K) Eden: 2422272K(2422272K)->0K(2422784K) From: 162128K(162304K)->152256K(184832K)
[5205.092s][info][gc,heap        ] GC(1508) ParOldGen: 1721903K(1979904K)->1825719K(1979904K)
[5205.092s][info][gc,metaspace   ] GC(1508) Metaspace: 29078K(29376K)->29078K(29376K) NonClass: 25975K(26112K)->25975K(26112K) Class: 3103K(3264K)->3103K(3264K)
[5205.092s][info][gc             ] GC(1508) Pause Young (Allocation Failure) 4205M->1931M(4480M) 91.477ms
[5205.092s][info][gc,cpu         ] GC(1508) User=0.54s Sys=0.00s Real=0.09s
.|.[5206.831s][info][gc,start       ] GC(1509) Pause Young (Allocation Failure)
[5206.923s][info][gc,heap        ] GC(1509) PSYoungGen: 2575040K(2607616K)->151616K(2607104K) Eden: 2422784K(2422784K)->0K(2422784K) From: 152256K(184832K)->151616K(184320K)
[5206.923s][info][gc,heap        ] GC(1509) ParOldGen: 1825719K(1979904K)->1927471K(1979904K)
[5206.923s][info][gc,metaspace   ] GC(1509) Metaspace: 29078K(29376K)->29078K(29376K) NonClass: 25975K(26112K)->25975K(26112K) Class: 3103K(3264K)->3103K(3264K)
[5206.923s][info][gc             ] GC(1509) Pause Young (Allocation Failure) 4297M->2030M(4479M) 92.553ms
[5206.923s][info][gc,cpu         ] GC(1509) User=0.54s Sys=0.00s Real=0.09s
..[5208.729s][info][gc,start       ] GC(1510) Pause Young (Allocation Failure)
[5208.827s][info][gc,heap        ] GC(1510) PSYoungGen: 2574400K(2607104K)->161664K(2608640K) Eden: 2422784K(2422784K)->0K(2427904K) From: 151616K(184320K)->161664K(180736K)
[5208.827s][info][gc,heap        ] GC(1510) ParOldGen: 1927471K(1979904K)->2031367K(2031616K)
[5208.827s][info][gc,metaspace   ] GC(1510) Metaspace: 29078K(29376K)->29078K(29376K) NonClass: 25975K(26112K)->25975K(26112K) Class: 3103K(3264K)->3103K(3264K)
[5208.827s][info][gc             ] GC(1510) Pause Young (Allocation Failure) 4396M->2141M(4531M) 97.700ms
[5208.827s][info][gc,cpu         ] GC(1510) User=0.56s Sys=0.02s Real=0.10s
..[5210.629s][info][gc,start       ] GC(1511) Pause Young (Allocation Failure)
[5210.732s][info][gc,heap        ] GC(1511) PSYoungGen: 2589568K(2608640K)->162196K(2609664K) Eden: 2427904K(2427904K)->0K(2427904K) From: 161664K(180736K)->162196K(181760K)
[5210.732s][info][gc,heap        ] GC(1511) ParOldGen: 2031367K(2031616K)->2139511K(2139648K)
[5210.732s][info][gc,metaspace   ] GC(1511) Metaspace: 29078K(29376K)->29078K(29376K) NonClass: 25975K(26112K)->25975K(26112K) Class: 3103K(3264K)->3103K(3264K)
[5210.732s][info][gc             ] GC(1511) Pause Young (Allocation Failure) 4512M->2247M(4638M) 103.528ms
[5210.732s][info][gc,cpu         ] GC(1511) User=0.57s Sys=0.04s Real=0.11s
..[5212.532s][info][gc,start       ] GC(1512) Pause Young (Allocation Failure)
[5212.636s][info][gc,heap        ] GC(1512) PSYoungGen: 2590100K(2609664K)->170196K(2612224K) Eden: 2427904K(2427904K)->0K(2432000K) From: 162196K(181760K)->170196K(180224K)
[5212.636s][info][gc,heap        ] GC(1512) ParOldGen: 2139511K(2139648K)->2239199K(2239488K)
[5212.636s][info][gc,metaspace   ] GC(1512) Metaspace: 29078K(29376K)->29078K(29376K) NonClass: 25975K(26112K)->25975K(26112K) Class: 3103K(3264K)->3103K(3264K)
[5212.636s][info][gc             ] GC(1512) Pause Young (Allocation Failure) 4618M->2352M(4738M) 104.624ms
[5212.636s][info][gc,cpu         ] GC(1512) User=0.58s Sys=0.03s Real=0.10s
.[5214.381s][info][gc,start       ] GC(1513) Pause Young (Allocation Failure)
[5214.483s][info][gc,heap        ] GC(1513) PSYoungGen: 2602196K(2612224K)->162558K(2613760K) Eden: 2432000K(2432000K)->0K(2432000K) From: 170196K(180224K)->162558K(181760K)
[5214.483s][info][gc,heap        ] GC(1513) ParOldGen: 2239199K(2239488K)->2345615K(2345984K)
[5214.483s][info][gc,metaspace   ] GC(1513) Metaspace: 29078K(29376K)->29078K(29376K) NonClass: 25975K(26112K)->25975K(26112K) Class: 3103K(3264K)->3103K(3264K)
[5214.483s][info][gc             ] GC(1513) Pause Young (Allocation Failure) 4727M->2449M(4843M) 102.483ms
[5214.483s][info][gc,cpu         ] GC(1513) User=0.57s Sys=0.04s Real=0.10s
..[5216.327s][info][gc,start       ] GC(1514) Pause Young (Allocation Failure)
[5216.426s][info][gc,heap        ] GC(1514) PSYoungGen: 2594558K(2613760K)->158263K(2612224K) Eden: 2432000K(2432000K)->0K(2434048K) From: 162558K(181760K)->158263K(178176K)
[5216.426s][info][gc,heap        ] GC(1514) ParOldGen: 2345615K(2345984K)->2445007K(2445312K)
[5216.426s][info][gc,metaspace   ] GC(1514) Metaspace: 29078K(29376K)->29078K(29376K) NonClass: 25975K(26112K)->25975K(26112K) Class: 3103K(3264K)->3103K(3264K)
[5216.426s][info][gc             ] GC(1514) Pause Young (Allocation Failure) 4824M->2542M(4939M) 99.032ms
[5216.426s][info][gc,cpu         ] GC(1514) User=0.56s Sys=0.02s Real=0.10s
..[5218.223s][info][gc,start       ] GC(1515) Pause Young (Allocation Failure)
[5218.321s][info][gc,heap        ] GC(1515) PSYoungGen: 2592311K(2612224K)->152672K(2613248K) Eden: 2434048K(2434048K)->0K(2434048K) From: 158263K(178176K)->152672K(179200K)
[5218.321s][info][gc,heap        ] GC(1515) ParOldGen: 2445007K(2445312K)->2550583K(2550784K)
[5218.321s][info][gc,metaspace   ] GC(1515) Metaspace: 29078K(29376K)->29078K(29376K) NonClass: 25975K(26112K)->25975K(26112K) Class: 3103K(3264K)->3103K(3264K)
[5218.321s][info][gc             ] GC(1515) Pause Young (Allocation Failure) 4919M->2639M(5043M) 97.580ms
[5218.321s][info][gc,cpu         ] GC(1515) User=0.53s Sys=0.04s Real=0.10s
..[5220.077s][info][gc,start       ] GC(1516) Pause Young (Allocation Failure)
[5220.172s][info][gc,heap        ] GC(1516) PSYoungGen: 2586720K(2613248K)->148352K(2616320K) Eden: 2434048K(2434048K)->0K(2437632K) From: 152672K(179200K)->148352K(178688K)
[5220.172s][info][gc,heap        ] GC(1516) ParOldGen: 2550583K(2550784K)->2655399K(2655744K)
[5220.172s][info][gc,metaspace   ] GC(1516) Metaspace: 29078K(29376K)->29078K(29376K) NonClass: 25975K(26112K)->25975K(26112K) Class: 3103K(3264K)->3103K(3264K)
[5220.172s][info][gc             ] GC(1516) Pause Young (Allocation Failure) 5016M->2738M(5148M) 95.033ms
[5220.173s][info][gc,cpu         ] GC(1516) User=0.53s Sys=0.03s Real=0.10s
..[5221.907s][info][gc,start       ] GC(1517) Pause Young (Allocation Failure)
[5222.007s][info][gc,heap        ] GC(1517) PSYoungGen: 2585984K(2616320K)->158709K(2596352K) Eden: 2437632K(2437632K)->0K(2437632K) From: 148352K(178688K)->158709K(158720K)
[5222.007s][info][gc,heap        ] GC(1517) ParOldGen: 2655399K(2655744K)->2758639K(2758656K)
[5222.007s][info][gc,metaspace   ] GC(1517) Metaspace: 29078K(29376K)->29078K(29376K) NonClass: 25975K(26112K)->25975K(26112K) Class: 3103K(3264K)->3103K(3264K)
[5222.007s][info][gc             ] GC(1517) Pause Young (Allocation Failure) 5118M->2848M(5229M) 99.902ms
[5222.007s][info][gc,cpu         ] GC(1517) User=0.56s Sys=0.03s Real=0.10s
..[5223.838s][info][gc,start       ] GC(1518) Pause Young (Allocation Failure)
[5223.934s][info][gc,heap        ] GC(1518) PSYoungGen: 2596341K(2596352K)->153984K(2615808K) Eden: 2437632K(2437632K)->0K(2438656K) From: 158709K(158720K)->153984K(177152K)
[5223.934s][info][gc,heap        ] GC(1518) ParOldGen: 2758639K(2758656K)->2862183K(2862592K)
[5223.934s][info][gc,metaspace   ] GC(1518) Metaspace: 29078K(29376K)->29078K(29376K) NonClass: 25975K(26112K)->25975K(26112K) Class: 3103K(3264K)->3103K(3264K)
[5223.934s][info][gc             ] GC(1518) Pause Young (Allocation Failure) 5229M->2945M(5350M) 95.799ms
[5223.934s][info][gc,cpu         ] GC(1518) User=0.53s Sys=0.04s Real=0.10s
..[5225.690s][info][gc,start       ] GC(1519) Pause Young (Allocation Failure)
[5225.793s][info][gc,heap        ] GC(1519) PSYoungGen: 2592640K(2615808K)->163456K(2615296K) Eden: 2438656K(2438656K)->0K(2438656K) From: 153984K(177152K)->163456K(176640K)
[5225.793s][info][gc,heap        ] GC(1519) ParOldGen: 2862183K(2862592K)->2970439K(2970624K)
[5225.793s][info][gc,metaspace   ] GC(1519) Metaspace: 29078K(29376K)->29078K(29376K) NonClass: 25975K(26112K)->25975K(26112K) Class: 3103K(3264K)->3103K(3264K)
[5225.793s][info][gc             ] GC(1519) Pause Young (Allocation Failure) 5326M->3060M(5455M) 103.580ms
[5225.793s][info][gc,cpu         ] GC(1519) User=0.58s Sys=0.02s Real=0.11s
.[5227.522s][info][gc,start       ] GC(1520) Pause Young (Allocation Failure)
[5227.625s][info][gc,heap        ] GC(1520) PSYoungGen: 2602112K(2615296K)->166176K(2618368K) Eden: 2438656K(2438656K)->0K(2441728K) From: 163456K(176640K)->166176K(176640K)
[5227.625s][info][gc,heap        ] GC(1520) ParOldGen: 2970439K(2970624K)->3072447K(3072512K)
[5227.625s][info][gc,metaspace   ] GC(1520) Metaspace: 29078K(29376K)->29078K(29376K) NonClass: 25975K(26112K)->25975K(26112K) Class: 3103K(3264K)->3103K(3264K)
[5227.625s][info][gc             ] GC(1520) Pause Young (Allocation Failure) 5441M->3162M(5557M) 102.672ms
[5227.625s][info][gc,cpu         ] GC(1520) User=0.57s Sys=0.03s Real=0.10s
..[5229.430s][info][gc,start       ] GC(1521) Pause Young (Allocation Failure)
[5229.533s][info][gc,heap        ] GC(1521) PSYoungGen: 2607904K(2618368K)->165061K(2607104K) Eden: 2441728K(2441728K)->0K(2441728K) From: 166176K(176640K)->165061K(165376K)
[5229.533s][info][gc,heap        ] GC(1521) ParOldGen: 3072447K(3072512K)->3175831K(3175936K)
[5229.533s][info][gc,metaspace   ] GC(1521) Metaspace: 29078K(29376K)->29078K(29376K) NonClass: 25975K(26112K)->25975K(26112K) Class: 3103K(3264K)->3103K(3264K)
[5229.533s][info][gc             ] GC(1521) Pause Young (Allocation Failure) 5547M->3262M(5647M) 103.094ms
[5229.534s][info][gc,cpu         ] GC(1521) User=0.57s Sys=0.03s Real=0.10s
..[5231.335s][info][gc,start       ] GC(1522) Pause Young (Allocation Failure)
[5231.437s][info][gc,heap        ] GC(1522) PSYoungGen: 2606789K(2607104K)->160256K(2620416K) Eden: 2441728K(2441728K)->0K(2442752K) From: 165061K(165376K)->160256K(177664K)
[5231.437s][info][gc,heap        ] GC(1522) ParOldGen: 3175831K(3175936K)->3280271K(3280384K)
[5231.437s][info][gc,metaspace   ] GC(1522) Metaspace: 29078K(29376K)->29078K(29376K) NonClass: 25975K(26112K)->25975K(26112K) Class: 3103K(3264K)->3103K(3264K)
[5231.437s][info][gc             ] GC(1522) Pause Young (Allocation Failure) 5647M->3359M(5762M) 101.794ms
[5231.437s][info][gc,cpu         ] GC(1522) User=0.57s Sys=0.02s Real=0.10s
..[5233.151s][info][gc,start       ] GC(1523) Pause Young (Allocation Failure)
[5233.254s][info][gc,heap        ] GC(1523) PSYoungGen: 2603008K(2620416K)->159977K(2603008K) Eden: 2442752K(2442752K)->0K(2442752K) From: 160256K(177664K)->159977K(160256K)
[5233.254s][info][gc,heap        ] GC(1523) ParOldGen: 3280271K(3280384K)->3385383K(3385856K)
[5233.254s][info][gc,metaspace   ] GC(1523) Metaspace: 29078K(29376K)->29078K(29376K) NonClass: 25975K(26112K)->25975K(26112K) Class: 3103K(3264K)->3103K(3264K)
[5233.254s][info][gc             ] GC(1523) Pause Young (Allocation Failure) 5745M->3462M(5848M) 102.984ms
[5233.254s][info][gc,cpu         ] GC(1523) User=0.56s Sys=0.04s Real=0.10s
..[5235.047s][info][gc,start       ] GC(1524) Pause Young (Allocation Failure)
[5235.143s][info][gc,heap        ] GC(1524) PSYoungGen: 2602729K(2603008K)->149504K(2616832K) Eden: 2442752K(2442752K)->0K(2442240K) From: 159977K(160256K)->149504K(174592K)
[5235.143s][info][gc,heap        ] GC(1524) ParOldGen: 3385383K(3385856K)->3487175K(3487232K)
[5235.143s][info][gc,metaspace   ] GC(1524) Metaspace: 29078K(29376K)->29078K(29376K) NonClass: 25975K(26112K)->25975K(26112K) Class: 3103K(3264K)->3103K(3264K)
[5235.143s][info][gc             ] GC(1524) Pause Young (Allocation Failure) 5847M->3551M(5961M) 96.011ms
[5235.143s][info][gc,cpu         ] GC(1524) User=0.53s Sys=0.03s Real=0.10s
..[5236.930s][info][gc,start       ] GC(1525) Pause Young (Allocation Failure)
[5237.026s][info][gc,heap        ] GC(1525) PSYoungGen: 2591744K(2616832K)->144960K(2617344K) Eden: 2442240K(2442240K)->0K(2442240K) From: 149504K(174592K)->144960K(175104K)
[5237.026s][info][gc,heap        ] GC(1525) ParOldGen: 3487175K(3487232K)->3592847K(3593216K)
[5237.026s][info][gc,metaspace   ] GC(1525) Metaspace: 29078K(29376K)->29078K(29376K) NonClass: 25975K(26112K)->25975K(26112K) Class: 3103K(3264K)->3103K(3264K)
[5237.026s][info][gc             ] GC(1525) Pause Young (Allocation Failure) 5936M->3650M(6065M) 95.738ms
[5237.026s][info][gc,cpu         ] GC(1525) User=0.53s Sys=0.04s Real=0.09s
..[5238.820s][info][gc,start       ] GC(1526) Pause Young (Allocation Failure)
[5238.925s][info][gc,heap        ] GC(1526) PSYoungGen: 2587200K(2617344K)->171829K(2613248K) Eden: 2442240K(2442240K)->0K(2437632K) From: 144960K(175104K)->171829K(175616K)
[5238.925s][info][gc,heap        ] GC(1526) ParOldGen: 3592847K(3593216K)->3695671K(3696128K)
[5238.925s][info][gc,metaspace   ] GC(1526) Metaspace: 29078K(29376K)->29078K(29376K) NonClass: 25975K(26112K)->25975K(26112K) Class: 3103K(3264K)->3103K(3264K)
[5238.925s][info][gc             ] GC(1526) Pause Young (Allocation Failure) 6035M->3776M(6161M) 105.142ms
[5238.926s][info][gc,cpu         ] GC(1526) User=0.58s Sys=0.05s Real=0.10s
..[5240.771s][info][gc,start       ] GC(1527) Pause Young (Allocation Failure)
[5240.880s][info][gc,heap        ] GC(1527) PSYoungGen: 2609461K(2613248K)->173040K(2610688K) Eden: 2437632K(2437632K)->0K(2437632K) From: 171829K(175616K)->173040K(173056K)
[5240.880s][info][gc,heap        ] GC(1527) ParOldGen: 3695671K(3696128K)->3800183K(3800576K)
[5240.880s][info][gc,metaspace   ] GC(1527) Metaspace: 29078K(29376K)->29078K(29376K) NonClass: 25975K(26112K)->25975K(26112K) Class: 3103K(3264K)->3103K(3264K)
[5240.880s][info][gc             ] GC(1527) Pause Young (Allocation Failure) 6157M->3880M(6261M) 108.225ms
[5240.880s][info][gc,cpu         ] GC(1527) User=0.60s Sys=0.04s Real=0.10s
.[5242.607s][info][gc,start       ] GC(1528) Pause Young (Allocation Failure)
[5242.706s][info][gc,heap        ] GC(1528) PSYoungGen: 2610672K(2610688K)->155776K(2614784K) Eden: 2437632K(2437632K)->0K(2432512K) From: 173040K(173056K)->155776K(182272K)
[5242.706s][info][gc,heap        ] GC(1528) ParOldGen: 3800183K(3800576K)->3906359K(3906560K)
[5242.706s][info][gc,metaspace   ] GC(1528) Metaspace: 29078K(29376K)->29078K(29376K) NonClass: 25975K(26112K)->25975K(26112K) Class: 3103K(3264K)->3103K(3264K)
[5242.706s][info][gc             ] GC(1528) Pause Young (Allocation Failure) 6260M->3966M(6368M) 98.721ms
[5242.706s][info][gc,cpu         ] GC(1528) User=0.55s Sys=0.03s Real=0.10s
..[5244.460s][info][gc,start       ] GC(1529) Pause Young (Allocation Failure)
[5244.563s][info][gc,heap        ] GC(1529) PSYoungGen: 2588288K(2614784K)->164304K(2596864K) Eden: 2432512K(2432512K)->0K(2432512K) From: 155776K(182272K)->164304K(164352K)
[5244.564s][info][gc,heap        ] GC(1529) ParOldGen: 3906359K(3906560K)->4010511K(4011008K)
[5244.564s][info][gc,metaspace   ] GC(1529) Metaspace: 29078K(29376K)->29078K(29376K) NonClass: 25975K(26112K)->25975K(26112K) Class: 3103K(3264K)->3103K(3264K)
[5244.564s][info][gc             ] GC(1529) Pause Young (Allocation Failure) 6342M->4076M(6453M) 103.309ms
[5244.564s][info][gc,cpu         ] GC(1529) User=0.58s Sys=0.02s Real=0.10s
..[5246.355s][info][gc,start       ] GC(1530) Pause Young (Allocation Failure)
[5246.453s][info][gc,heap        ] GC(1530) PSYoungGen: 2596816K(2596864K)->153984K(2614272K) Eden: 2432512K(2432512K)->0K(2433536K) From: 164304K(164352K)->153984K(180736K)
[5246.453s][info][gc,heap        ] GC(1530) ParOldGen: 4010511K(4011008K)->4112791K(4112896K)
[5246.453s][info][gc,metaspace   ] GC(1530) Metaspace: 29078K(29376K)->29078K(29376K) NonClass: 25975K(26112K)->25975K(26112K) Class: 3103K(3264K)->3103K(3264K)
[5246.453s][info][gc             ] GC(1530) Pause Young (Allocation Failure) 6452M->4166M(6569M) 97.704ms
[5246.453s][info][gc,cpu         ] GC(1530) User=0.53s Sys=0.03s Real=0.10s
..[5248.272s][info][gc,start       ] GC(1531) Pause Young (Allocation Failure)
[5248.370s][info][gc,heap        ] GC(1531) PSYoungGen: 2587520K(2614272K)->150720K(2613248K) Eden: 2433536K(2433536K)->0K(2433536K) From: 153984K(180736K)->150720K(179712K)
[5248.370s][info][gc,heap        ] GC(1531) ParOldGen: 4112791K(4112896K)->4217935K(4218368K)
[5248.370s][info][gc,metaspace   ] GC(1531) Metaspace: 29078K(29376K)->29078K(29376K) NonClass: 25975K(26112K)->25975K(26112K) Class: 3103K(3264K)->3103K(3264K)
[5248.370s][info][gc             ] GC(1531) Pause Young (Allocation Failure) 6543M->4266M(6671M) 97.330ms
[5248.370s][info][gc,cpu         ] GC(1531) User=0.54s Sys=0.04s Real=0.09s
..[5250.103s][info][gc,start       ] GC(1532) Pause Young (Allocation Failure)
[5250.199s][info][gc,heap        ] GC(1532) PSYoungGen: 2584256K(2613248K)->145952K(2614272K) Eden: 2433536K(2433536K)->0K(2435072K) From: 150720K(179712K)->145952K(179200K)
[5250.199s][info][gc,heap        ] GC(1532) ParOldGen: 4217935K(4218368K)->4322775K(4322816K)
[5250.199s][info][gc,metaspace   ] GC(1532) Metaspace: 29078K(29376K)->29078K(29376K) NonClass: 25975K(26112K)->25975K(26112K) Class: 3103K(3264K)->3103K(3264K)
[5250.199s][info][gc             ] GC(1532) Pause Young (Allocation Failure) 6642M->4363M(6774M) 95.981ms
[5250.199s][info][gc,cpu         ] GC(1532) User=0.53s Sys=0.03s Real=0.09s
..[5252.020s][info][gc,start       ] GC(1533) Pause Young (Allocation Failure)
[5252.121s][info][gc,heap        ] GC(1533) PSYoungGen: 2581024K(2614272K)->162901K(2614784K) Eden: 2435072K(2435072K)->0K(2435072K) From: 145952K(179200K)->162901K(179712K)
[5252.121s][info][gc,heap        ] GC(1533) ParOldGen: 4322775K(4322816K)->4422343K(4422656K)
[5252.121s][info][gc,metaspace   ] GC(1533) Metaspace: 29078K(29376K)->29078K(29376K) NonClass: 25975K(26112K)->25975K(26112K) Class: 3103K(3264K)->3103K(3264K)
[5252.121s][info][gc             ] GC(1533) Pause Young (Allocation Failure) 6741M->4477M(6872M) 101.249ms
[5252.121s][info][gc,cpu         ] GC(1533) User=0.55s Sys=0.04s Real=0.11s
..[5253.906s][info][gc,start       ] GC(1534) Pause Young (Allocation Failure)
[5254.004s][info][gc,heap        ] GC(1534) PSYoungGen: 2597973K(2614784K)->148064K(2615296K) Eden: 2435072K(2435072K)->0K(2437120K) From: 162901K(179712K)->148064K(178176K)
[5254.004s][info][gc,heap        ] GC(1534) ParOldGen: 4422343K(4422656K)->4528759K(4529152K)
[5254.004s][info][gc,metaspace   ] GC(1534) Metaspace: 29078K(29376K)->29078K(29376K) NonClass: 25975K(26112K)->25975K(26112K) Class: 3103K(3264K)->3103K(3264K)
[5254.004s][info][gc             ] GC(1534) Pause Young (Allocation Failure) 6855M->4567M(6977M) 98.201ms
[5254.004s][info][gc,cpu         ] GC(1534) User=0.54s Sys=0.03s Real=0.10s
.[5255.806s][info][gc,start       ] GC(1535) Pause Young (Allocation Failure)
[5255.907s][info][gc,heap        ] GC(1535) PSYoungGen: 2585184K(2615296K)->161440K(2615808K) Eden: 2437120K(2437120K)->0K(2437120K) From: 148064K(178176K)->161440K(178688K)
[5255.907s][info][gc,heap        ] GC(1535) ParOldGen: 4528759K(4529152K)->4633975K(4634112K)
[5255.907s][info][gc,metaspace   ] GC(1535) Metaspace: 29078K(29376K)->29078K(29376K) NonClass: 25975K(26112K)->25975K(26112K) Class: 3103K(3264K)->3103K(3264K)
[5255.907s][info][gc             ] GC(1535) Pause Young (Allocation Failure) 6947M->4683M(7080M) 101.189ms
[5255.907s][info][gc,cpu         ] GC(1535) User=0.55s Sys=0.04s Real=0.10s
..[5257.673s][info][gc,start       ] GC(1536) Pause Young (Allocation Failure)
[5257.778s][info][gc,heap        ] GC(1536) PSYoungGen: 2598560K(2615808K)->163872K(2616832K) Eden: 2437120K(2437120K)->0K(2438656K) From: 161440K(178688K)->163872K(178176K)
[5257.778s][info][gc,heap        ] GC(1536) ParOldGen: 4633975K(4634112K)->4740663K(4741120K)
[5257.778s][info][gc,metaspace   ] GC(1536) Metaspace: 29078K(29376K)->29078K(29376K) NonClass: 25975K(26112K)->25975K(26112K) Class: 3103K(3264K)->3103K(3264K)
[5257.778s][info][gc             ] GC(1536) Pause Young (Allocation Failure) 7063M->4789M(7185M) 104.454ms
[5257.778s][info][gc,cpu         ] GC(1536) User=0.58s Sys=0.04s Real=0.10s
..[5259.561s][info][gc,start       ] GC(1537) Pause Young (Allocation Failure)
[5259.661s][info][gc,heap        ] GC(1537) PSYoungGen: 2602528K(2616832K)->157280K(2596352K) Eden: 2438656K(2438656K)->0K(2438656K) From: 163872K(178176K)->157280K(157696K)
[5259.661s][info][gc,heap        ] GC(1537) ParOldGen: 4740663K(4741120K)->4842647K(4843008K)
[5259.661s][info][gc,metaspace   ] GC(1537) Metaspace: 29078K(29376K)->29078K(29376K) NonClass: 25975K(26112K)->25975K(26112K) Class: 3103K(3264K)->3103K(3264K)
[5259.661s][info][gc             ] GC(1537) Pause Young (Allocation Failure) 7171M->4882M(7265M) 99.600ms
[5259.661s][info][gc,cpu         ] GC(1537) User=0.56s Sys=0.01s Real=0.10s
..[5261.443s][info][gc,start       ] GC(1538) Pause Young (Allocation Failure)
[5261.548s][info][gc,heap        ] GC(1538) PSYoungGen: 2595936K(2596352K)->163268K(2615808K) Eden: 2438656K(2438656K)->0K(2439168K) From: 157280K(157696K)->163268K(176640K)
[5261.548s][info][gc,heap        ] GC(1538) ParOldGen: 4842647K(4843008K)->4947447K(4947456K)
[5261.548s][info][gc,metaspace   ] GC(1538) Metaspace: 29078K(29376K)->29078K(29376K) NonClass: 25975K(26112K)->25975K(26112K) Class: 3103K(3264K)->3103K(3264K)
[5261.548s][info][gc             ] GC(1538) Pause Young (Allocation Failure) 7264M->4990M(7386M) 104.937ms
[5261.548s][info][gc,cpu         ] GC(1538) User=0.58s Sys=0.04s Real=0.10s
..[5263.379s][info][gc,start       ] GC(1539) Pause Young (Allocation Failure)
[5263.485s][info][gc,heap        ] GC(1539) PSYoungGen: 2602436K(2615808K)->167725K(2615808K) Eden: 2439168K(2439168K)->0K(2439168K) From: 163268K(176640K)->167725K(176640K)
[5263.485s][info][gc,heap        ] GC(1539) ParOldGen: 4947447K(4947456K)->5050455K(5050880K)
[5263.485s][info][gc,metaspace   ] GC(1539) Metaspace: 29078K(29376K)->29078K(29376K) NonClass: 25975K(26112K)->25975K(26112K) Class: 3103K(3264K)->3103K(3264K)
[5263.485s][info][gc             ] GC(1539) Pause Young (Allocation Failure) 7372M->5095M(7487M) 106.333ms
[5263.486s][info][gc,cpu         ] GC(1539) User=0.60s Sys=0.03s Real=0.11s
.[5264.323s][info][gc,start       ] GC(1540) Pause Full (Diagnostic Command)
[5264.323s][info][gc,phases,start] GC(1540) Marking Phase
[5264.635s][info][gc,phases      ] GC(1540) Marking Phase 311.465ms
[5264.635s][info][gc,phases,start] GC(1540) Summary Phase
[5264.635s][info][gc,phases      ] GC(1540) Summary Phase 0.080ms
[5264.635s][info][gc,phases,start] GC(1540) Forward
[5264.838s][info][gc,phases      ] GC(1540) Forward 202.800ms
[5264.838s][info][gc,phases,start] GC(1540) Adjust Pointers
[5265.057s][info][gc,phases      ] GC(1540) Adjust Pointers 219.060ms
[5265.057s][info][gc,phases,start] GC(1540) Compaction Phase
[5265.228s][info][gc,phases      ] GC(1540) Compaction Phase 171.125ms
[5265.230s][info][gc,phases,start] GC(1540) Post Compact
[5265.235s][info][gc,phases      ] GC(1540) Post Compact 5.698ms
[5265.236s][info][gc,heap        ] GC(1540) PSYoungGen: 1438467K(2615808K)->0K(2615808K) Eden: 1270741K(2439168K)->0K(2439168K) From: 167725K(176640K)->0K(176640K)
[5265.236s][info][gc,heap        ] GC(1540) ParOldGen: 5050455K(5050880K)->1353113K(5050880K)
[5265.236s][info][gc,metaspace   ] GC(1540) Metaspace: 29078K(29376K)->29078K(29376K) NonClass: 25975K(26112K)->25975K(26112K) Class: 3103K(3264K)->3103K(3264K)
[5265.236s][info][gc             ] GC(1540) Pause Full (Diagnostic Command) 6336M->1321M(7487M) 912.172ms
[5265.236s][info][gc,cpu         ] GC(1540) User=4.73s Sys=0.01s Real=0.91s
.. (rIR:aIR:PR = 8994:8974:8976) (tPR = 133427) [OK] 
  5266s: Performance info:
         Transaction,    Success,    Partial,     Failed,   Receipts, AvgBarcode, 
             Overall,     547207,          0,          0,     519981,      59.47, 
         Response times:
             Request,    Success,    Partial,     Failed,   SkipFail,     Probes,    Samples,      min,      p50,      p90,      p95,      p99,      max, 
       TotalPurchase,     519853,          0,          0,          0,     354326,     436089,      300,     6800,    68000,   122000,   680000,   980000,
     InStorePurchase,     273899,          0,          0,          0,     186207,     228694,      300,     6800,    67000,   120000,   680000,   980000,
      OnlinePurchase,     191309,          0,          0,          0,     130094,     160152,      300,     6800,    68000,   124000,   740000,   980000,
        InstPurchase,      54645,          0,          0,          0,      38025,      47243,      300,     7200,    68000,   124000,   680000,   940000,
          AssocOfCat,        544,          0,          0,          0,        448,        644,    19600,    43000,   117000,   202750,   333000,   460000,
      AssocOfProduct,       5503,          0,          0,          0,       3925,       5106,     1300,     7700,    63000,   133650,   260000,   358000,
      BusinessReport,       1365,          0,          0,          0,       1154,       1477,    30000,    54000,   133000,   190100,   444000,  1100000,
          CustBuyBeh,       5411,          0,          0,          0,       3840,       5006,     1900,     8900,    71000,   145000,   266930,   358000,
       ProductReturn,      14443,          0,          0,          0,      10116,      12697,      200,     6400,    57000,   123100,   680000,   770000,

  5266s: (66%)   IR =   9132 [5266.608s][info][gc,start       ] GC(1541) Pause Young (Allocation Failure)
[5266.675s][info][gc,heap        ] GC(1541) PSYoungGen: 2439168K(2615808K)->163460K(2617856K) Eden: 2439168K(2439168K)->0K(2439680K) From: 0K(176640K)->163460K(178176K)
[5266.675s][info][gc,heap        ] GC(1541) ParOldGen: 1353113K(5050880K)->1353113K(5050880K)
[5266.675s][info][gc,metaspace   ] GC(1541) Metaspace: 29078K(29376K)->29078K(29376K) NonClass: 25975K(26112K)->25975K(26112K) Class: 3103K(3264K)->3103K(3264K)
[5266.675s][info][gc             ] GC(1541) Pause Young (Allocation Failure) 3703M->1481M(7489M) 67.178ms
[5266.675s][info][gc,cpu         ] GC(1541) User=0.40s Sys=0.00s Real=0.07s
.[5268.328s][info][gc,start       ] GC(1542) Pause Young (Allocation Failure)
[5268.424s][info][gc,heap        ] GC(1542) PSYoungGen: 2603140K(2617856K)->166980K(2607104K) Eden: 2439680K(2439680K)->0K(2439680K) From: 163460K(178176K)->166980K(167424K)
[5268.424s][info][gc,heap        ] GC(1542) ParOldGen: 1353113K(5050880K)->1456494K(5050880K)
[5268.424s][info][gc,metaspace   ] GC(1542) Metaspace: 29078K(29376K)->29078K(29376K) NonClass: 25975K(26112K)->25975K(26112K) Class: 3103K(3264K)->3103K(3264K)
[5268.424s][info][gc             ] GC(1542) Pause Young (Allocation Failure) 3863M->1585M(7478M) 96.275ms
[5268.424s][info][gc,cpu         ] GC(1542) User=0.57s Sys=0.00s Real=0.10s
..[5270.256s][info][gc,start       ] GC(1543) Pause Young (Allocation Failure)
[5270.352s][info][gc,heap        ] GC(1543) PSYoungGen: 2606660K(2607104K)->161893K(2618368K) Eden: 2439680K(2439680K)->0K(2439680K) From: 166980K(167424K)->161893K(178688K)
[5270.352s][info][gc,heap        ] GC(1543) ParOldGen: 1456494K(5050880K)->1562246K(5050880K)
[5270.352s][info][gc,metaspace   ] GC(1543) Metaspace: 29078K(29376K)->29078K(29376K) NonClass: 25975K(26112K)->25975K(26112K) Class: 3103K(3264K)->3103K(3264K)
[5270.352s][info][gc             ] GC(1543) Pause Young (Allocation Failure) 3967M->1683M(7489M) 95.877ms
[5270.352s][info][gc,cpu         ] GC(1543) User=0.56s Sys=0.00s Real=0.10s
..[5272.168s][info][gc,start       ] GC(1544) Pause Young (Allocation Failure)
[5272.262s][info][gc,heap        ] GC(1544) PSYoungGen: 2601573K(2618368K)->156384K(2596352K) Eden: 2439680K(2439680K)->0K(2439680K) From: 161893K(178688K)->156384K(156672K)
[5272.262s][info][gc,heap        ] GC(1544) ParOldGen: 1562246K(5050880K)->1666166K(5050880K)
[5272.262s][info][gc,metaspace   ] GC(1544) Metaspace: 29078K(29376K)->29078K(29376K) NonClass: 25975K(26112K)->25975K(26112K) Class: 3103K(3264K)->3103K(3264K)
[5272.262s][info][gc             ] GC(1544) Pause Young (Allocation Failure) 4066M->1779M(7468M) 94.172ms
[5272.262s][info][gc,cpu         ] GC(1544) User=0.56s Sys=0.00s Real=0.10s
..[5274.054s][info][gc,start       ] GC(1545) Pause Young (Allocation Failure)
[5274.151s][info][gc,heap        ] GC(1545) PSYoungGen: 2596064K(2596352K)->158868K(2617856K) Eden: 2439680K(2439680K)->0K(2441216K) From: 156384K(156672K)->158868K(176640K)
[5274.151s][info][gc,heap        ] GC(1545) ParOldGen: 1666166K(5050880K)->1773102K(5050880K)
[5274.151s][info][gc,metaspace   ] GC(1545) Metaspace: 29078K(29376K)->29078K(29376K) NonClass: 25975K(26112K)->25975K(26112K) Class: 3103K(3264K)->3103K(3264K)
[5274.151s][info][gc             ] GC(1545) Pause Young (Allocation Failure) 4162M->1886M(7489M) 96.266ms
[5274.151s][info][gc,cpu         ] GC(1545) User=0.57s Sys=0.00s Real=0.10s
..[5276.038s][info][gc,start       ] GC(1546) Pause Young (Allocation Failure)
[5276.129s][info][gc,heap        ] GC(1546) PSYoungGen: 2600084K(2617856K)->151061K(2616320K) Eden: 2441216K(2441216K)->0K(2441216K) From: 158868K(176640K)->151061K(175104K)
[5276.129s][info][gc,heap        ] GC(1546) ParOldGen: 1773102K(5050880K)->1875974K(5050880K)
[5276.129s][info][gc,metaspace   ] GC(1546) Metaspace: 29078K(29376K)->29078K(29376K) NonClass: 25975K(26112K)->25975K(26112K) Class: 3103K(3264K)->3103K(3264K)
[5276.129s][info][gc             ] GC(1546) Pause Young (Allocation Failure) 4270M->1979M(7487M) 91.276ms
[5276.129s][info][gc,cpu         ] GC(1546) User=0.54s Sys=0.00s Real=0.09s
..[5277.803s][info][gc,start       ] GC(1547) Pause Young (Allocation Failure)
[5277.904s][info][gc,heap        ] GC(1547) PSYoungGen: 2592277K(2616320K)->166448K(2618368K) Eden: 2441216K(2441216K)->0K(2443264K) From: 151061K(175104K)->166448K(175104K)
[5277.904s][info][gc,heap        ] GC(1547) ParOldGen: 1875974K(5050880K)->1981854K(5050880K)
[5277.904s][info][gc,metaspace   ] GC(1547) Metaspace: 29078K(29376K)->29078K(29376K) NonClass: 25975K(26112K)->25975K(26112K) Class: 3103K(3264K)->3103K(3264K)
[5277.904s][info][gc             ] GC(1547) Pause Young (Allocation Failure) 4363M->2097M(7489M) 100.436ms
[5277.904s][info][gc,cpu         ] GC(1547) User=0.59s Sys=0.00s Real=0.10s
..[5279.715s][info][gc,start       ] GC(1548) Pause Young (Allocation Failure)
[5279.811s][info][gc,heap        ] GC(1548) PSYoungGen: 2609712K(2618368K)->166752K(2610176K) Eden: 2443264K(2443264K)->0K(2443264K) From: 166448K(175104K)->166752K(166912K)
[5279.811s][info][gc,heap        ] GC(1548) ParOldGen: 1981854K(5050880K)->2081990K(5050880K)
[5279.811s][info][gc,metaspace   ] GC(1548) Metaspace: 29078K(29376K)->29078K(29376K) NonClass: 25975K(26112K)->25975K(26112K) Class: 3103K(3264K)->3103K(3264K)
[5279.811s][info][gc             ] GC(1548) Pause Young (Allocation Failure) 4483M->2196M(7481M) 95.505ms
[5279.811s][info][gc,cpu         ] GC(1548) User=0.56s Sys=0.00s Real=0.10s
.[5281.551s][info][gc,start       ] GC(1549) Pause Young (Allocation Failure)
[5281.646s][info][gc,heap        ] GC(1549) PSYoungGen: 2610016K(2610176K)->157280K(2619904K) Eden: 2443264K(2443264K)->0K(2442752K) From: 166752K(166912K)->157280K(177152K)
[5281.646s][info][gc,heap        ] GC(1549) ParOldGen: 2081990K(5050880K)->2188206K(5050880K)
[5281.646s][info][gc,metaspace   ] GC(1549) Metaspace: 29078K(29376K)->29078K(29376K) NonClass: 25975K(26112K)->25975K(26112K) Class: 3103K(3264K)->3103K(3264K)
[5281.646s][info][gc             ] GC(1549) Pause Young (Allocation Failure) 4582M->2290M(7491M) 95.576ms
[5281.646s][info][gc,cpu         ] GC(1549) User=0.57s Sys=0.00s Real=0.09s
..[5283.433s][info][gc,start       ] GC(1550) Pause Young (Allocation Failure)
[5283.530s][info][gc,heap        ] GC(1550) PSYoungGen: 2600032K(2619904K)->162116K(2605056K) Eden: 2442752K(2442752K)->0K(2442752K) From: 157280K(177152K)->162116K(162304K)
[5283.530s][info][gc,heap        ] GC(1550) ParOldGen: 2188206K(5050880K)->2291766K(5050880K)
[5283.530s][info][gc,metaspace   ] GC(1550) Metaspace: 29078K(29376K)->29078K(29376K) NonClass: 25975K(26112K)->25975K(26112K) Class: 3103K(3264K)->3103K(3264K)
[5283.530s][info][gc             ] GC(1550) Pause Young (Allocation Failure) 4676M->2396M(7476M) 97.164ms
[5283.530s][info][gc,cpu         ] GC(1550) User=0.57s Sys=0.00s Real=0.10s
..[5285.289s][info][gc,start       ] GC(1551) Pause Young (Allocation Failure)
[5285.382s][info][gc,heap        ] GC(1551) PSYoungGen: 2604868K(2605056K)->152640K(2617856K) Eden: 2442752K(2442752K)->0K(2442752K) From: 162116K(162304K)->152640K(175104K)
[5285.382s][info][gc,heap        ] GC(1551) ParOldGen: 2291766K(5050880K)->2398790K(5050880K)
[5285.382s][info][gc,metaspace   ] GC(1551) Metaspace: 29078K(29376K)->29078K(29376K) NonClass: 25975K(26112K)->25975K(26112K) Class: 3103K(3264K)->3103K(3264K)
[5285.382s][info][gc             ] GC(1551) Pause Young (Allocation Failure) 4781M->2491M(7489M) 93.088ms
[5285.382s][info][gc,cpu         ] GC(1551) User=0.55s Sys=0.00s Real=0.10s
..[5287.294s][info][gc,start       ] GC(1552) Pause Young (Allocation Failure)
[5287.386s][info][gc,heap        ] GC(1552) PSYoungGen: 2595392K(2617856K)->156064K(2617856K) Eden: 2442752K(2442752K)->0K(2442752K) From: 152640K(175104K)->156064K(175104K)
[5287.386s][info][gc,heap        ] GC(1552) ParOldGen: 2398790K(5050880K)->2499926K(5050880K)
[5287.386s][info][gc,metaspace   ] GC(1552) Metaspace: 29078K(29376K)->29078K(29376K) NonClass: 25975K(26112K)->25975K(26112K) Class: 3103K(3264K)->3103K(3264K)
[5287.387s][info][gc             ] GC(1552) Pause Young (Allocation Failure) 4877M->2593M(7489M) 92.538ms
[5287.387s][info][gc,cpu         ] GC(1552) User=0.55s Sys=0.00s Real=0.09s
..[5289.039s][info][gc,start       ] GC(1553) Pause Young (Allocation Failure)
[5289.131s][info][gc,heap        ] GC(1553) PSYoungGen: 2598816K(2617856K)->149616K(2619392K) Eden: 2442752K(2442752K)->0K(2445312K) From: 156064K(175104K)->149616K(174080K)
[5289.131s][info][gc,heap        ] GC(1553) ParOldGen: 2499926K(5050880K)->2607942K(5050880K)
[5289.131s][info][gc,metaspace   ] GC(1553) Metaspace: 29078K(29376K)->29078K(29376K) NonClass: 25975K(26112K)->25975K(26112K) Class: 3103K(3264K)->3103K(3264K)
[5289.131s][info][gc             ] GC(1553) Pause Young (Allocation Failure) 4979M->2692M(7490M) 92.064ms
[5289.131s][info][gc,cpu         ] GC(1553) User=0.54s Sys=0.00s Real=0.10s
..|[5290.946s][info][gc,start       ] GC(1554) Pause Young (Allocation Failure)
[5291.037s][info][gc,heap        ] GC(1554) PSYoungGen: 2594928K(2619392K)->152576K(2619904K) Eden: 2445312K(2445312K)->0K(2445312K) From: 149616K(174080K)->152576K(174592K)
[5291.037s][info][gc,heap        ] GC(1554) ParOldGen: 2607942K(5050880K)->2709126K(5050880K)
[5291.037s][info][gc,metaspace   ] GC(1554) Metaspace: 29078K(29376K)->29078K(29376K) NonClass: 25975K(26112K)->25975K(26112K) Class: 3103K(3264K)->3103K(3264K)
[5291.037s][info][gc             ] GC(1554) Pause Young (Allocation Failure) 5080M->2794M(7491M) 91.895ms
[5291.038s][info][gc,cpu         ] GC(1554) User=0.54s Sys=0.00s Real=0.09s
.[5292.761s][info][gc,start       ] GC(1555) Pause Young (Allocation Failure)
[5292.859s][info][gc,heap        ] GC(1555) PSYoungGen: 2597888K(2619904K)->163904K(2620928K) Eden: 2445312K(2445312K)->0K(2446848K) From: 152576K(174592K)->163904K(174080K)
[5292.859s][info][gc,heap        ] GC(1555) ParOldGen: 2709126K(5050880K)->2813222K(5050880K)
[5292.859s][info][gc,metaspace   ] GC(1555) Metaspace: 29078K(29376K)->29078K(29376K) NonClass: 25975K(26112K)->25975K(26112K) Class: 3103K(3264K)->3103K(3264K)
[5292.859s][info][gc             ] GC(1555) Pause Young (Allocation Failure) 5182M->2907M(7492M) 97.352ms
[5292.859s][info][gc,cpu         ] GC(1555) User=0.57s Sys=0.00s Real=0.09s
..[5294.551s][info][gc,start       ] GC(1556) Pause Young (Allocation Failure)
[5294.654s][info][gc,heap        ] GC(1556) PSYoungGen: 2610752K(2620928K)->168635K(2615808K) Eden: 2446848K(2446848K)->0K(2446848K) From: 163904K(174080K)->168635K(168960K)
[5294.655s][info][gc,heap        ] GC(1556) ParOldGen: 2813222K(5050880K)->2922270K(5050880K)
[5294.655s][info][gc,metaspace   ] GC(1556) Metaspace: 29078K(29376K)->29078K(29376K) NonClass: 25975K(26112K)->25975K(26112K) Class: 3103K(3264K)->3103K(3264K)
[5294.655s][info][gc             ] GC(1556) Pause Young (Allocation Failure) 5296M->3018M(7487M) 103.166ms
[5294.655s][info][gc,cpu         ] GC(1556) User=0.60s Sys=0.00s Real=0.10s
..[5296.408s][info][gc,start       ] GC(1557) Pause Young (Allocation Failure)
[5296.504s][info][gc,heap        ] GC(1557) PSYoungGen: 2615483K(2615808K)->160305K(2620416K) Eden: 2446848K(2446848K)->0K(2443776K) From: 168635K(168960K)->160305K(176640K)
[5296.504s][info][gc,heap        ] GC(1557) ParOldGen: 2922270K(5050880K)->3022342K(5050880K)
[5296.504s][info][gc,metaspace   ] GC(1557) Metaspace: 29078K(29376K)->29078K(29376K) NonClass: 25975K(26112K)->25975K(26112K) Class: 3103K(3264K)->3103K(3264K)
[5296.504s][info][gc             ] GC(1557) Pause Young (Allocation Failure) 5407M->3108M(7491M) 96.774ms
[5296.504s][info][gc,cpu         ] GC(1557) User=0.56s Sys=0.00s Real=0.10s
..[5298.260s][info][gc,start       ] GC(1558) Pause Young (Allocation Failure)
[5298.358s][info][gc,heap        ] GC(1558) PSYoungGen: 2604081K(2620416K)->166900K(2619392K) Eden: 2443776K(2443776K)->0K(2443776K) From: 160305K(176640K)->166900K(175616K)
[5298.358s][info][gc,heap        ] GC(1558) ParOldGen: 3022342K(5050880K)->3125958K(5050880K)
[5298.358s][info][gc,metaspace   ] GC(1558) Metaspace: 29078K(29376K)->29078K(29376K) NonClass: 25975K(26112K)->25975K(26112K) Class: 3103K(3264K)->3103K(3264K)
[5298.358s][info][gc             ] GC(1558) Pause Young (Allocation Failure) 5494M->3215M(7490M) 98.013ms
[5298.358s][info][gc,cpu         ] GC(1558) User=0.57s Sys=0.01s Real=0.09s
..[5300.102s][info][gc,start       ] GC(1559) Pause Young (Allocation Failure)
[5300.195s][info][gc,heap        ] GC(1559) PSYoungGen: 2610676K(2619392K)->151296K(2619392K) Eden: 2443776K(2443776K)->0K(2442752K) From: 166900K(175616K)->151296K(176640K)
[5300.195s][info][gc,heap        ] GC(1559) ParOldGen: 3125958K(5050880K)->3232446K(5050880K)
[5300.195s][info][gc,metaspace   ] GC(1559) Metaspace: 29078K(29376K)->29078K(29376K) NonClass: 25975K(26112K)->25975K(26112K) Class: 3103K(3264K)->3103K(3264K)
[5300.195s][info][gc             ] GC(1559) Pause Young (Allocation Failure) 5602M->3304M(7490M) 93.207ms
[5300.196s][info][gc,cpu         ] GC(1559) User=0.55s Sys=0.00s Real=0.09s
..[5301.991s][info][gc,start       ] GC(1560) Pause Young (Allocation Failure)
[5302.086s][info][gc,heap        ] GC(1560) PSYoungGen: 2594048K(2619392K)->154665K(2597888K) Eden: 2442752K(2442752K)->0K(2442752K) From: 151296K(176640K)->154665K(155136K)
[5302.086s][info][gc,heap        ] GC(1560) ParOldGen: 3232446K(5050880K)->3336974K(5050880K)
[5302.086s][info][gc,metaspace   ] GC(1560) Metaspace: 29078K(29376K)->29078K(29376K) NonClass: 25975K(26112K)->25975K(26112K) Class: 3103K(3264K)->3103K(3264K)
[5302.086s][info][gc             ] GC(1560) Pause Young (Allocation Failure) 5689M->3409M(7469M) 95.166ms
[5302.086s][info][gc,cpu         ] GC(1560) User=0.56s Sys=0.00s Real=0.09s
.[5303.848s][info][gc,start       ] GC(1561) Pause Young (Allocation Failure)
[5303.943s][info][gc,heap        ] GC(1561) PSYoungGen: 2597417K(2597888K)->156773K(2619904K) Eden: 2442752K(2442752K)->0K(2444288K) From: 154665K(155136K)->156773K(175616K)
[5303.943s][info][gc,heap        ] GC(1561) ParOldGen: 3336974K(5050880K)->3440710K(5050880K)
[5303.943s][info][gc,metaspace   ] GC(1561) Metaspace: 29078K(29376K)->29078K(29376K) NonClass: 25975K(26112K)->25975K(26112K) Class: 3103K(3264K)->3103K(3264K)
[5303.943s][info][gc             ] GC(1561) Pause Young (Allocation Failure) 5795M->3513M(7491M) 94.766ms
[5303.943s][info][gc,cpu         ] GC(1561) User=0.56s Sys=0.01s Real=0.10s
..[5305.740s][info][gc,start       ] GC(1562) Pause Young (Allocation Failure)
[5305.836s][info][gc,heap        ] GC(1562) PSYoungGen: 2601061K(2619904K)->159712K(2618368K) Eden: 2444288K(2444288K)->0K(2444288K) From: 156773K(175616K)->159712K(174080K)
[5305.836s][info][gc,heap        ] GC(1562) ParOldGen: 3440710K(5050880K)->3545806K(5050880K)
[5305.836s][info][gc,metaspace   ] GC(1562) Metaspace: 29078K(29376K)->29078K(29376K) NonClass: 25975K(26112K)->25975K(26112K) Class: 3103K(3264K)->3103K(3264K)
[5305.836s][info][gc             ] GC(1562) Pause Young (Allocation Failure) 5900M->3618M(7489M) 96.318ms
[5305.836s][info][gc,cpu         ] GC(1562) User=0.57s Sys=0.00s Real=0.10s
..[5307.661s][info][gc,start       ] GC(1563) Pause Young (Allocation Failure)
[5307.758s][info][gc,heap        ] GC(1563) PSYoungGen: 2604000K(2618368K)->157092K(2620416K) Eden: 2444288K(2444288K)->0K(2447360K) From: 159712K(174080K)->157092K(173056K)
[5307.758s][info][gc,heap        ] GC(1563) ParOldGen: 3545806K(5050880K)->3652646K(5050880K)
[5307.759s][info][gc,metaspace   ] GC(1563) Metaspace: 29078K(29376K)->29078K(29376K) NonClass: 25975K(26112K)->25975K(26112K) Class: 3103K(3264K)->3103K(3264K)
[5307.759s][info][gc             ] GC(1563) Pause Young (Allocation Failure) 6005M->3720M(7491M) 97.309ms
[5307.759s][info][gc,cpu         ] GC(1563) User=0.57s Sys=0.00s Real=0.09s
..[5309.461s][info][gc,start       ] GC(1564) Pause Young (Allocation Failure)
[5309.556s][info][gc,heap        ] GC(1564) PSYoungGen: 2604452K(2620416K)->158304K(2619392K) Eden: 2447360K(2447360K)->0K(2447360K) From: 157092K(173056K)->158304K(172032K)
[5309.556s][info][gc,heap        ] GC(1564) ParOldGen: 3652646K(5050880K)->3753422K(5050880K)
[5309.556s][info][gc,metaspace   ] GC(1564) Metaspace: 29078K(29376K)->29078K(29376K) NonClass: 25975K(26112K)->25975K(26112K) Class: 3103K(3264K)->3103K(3264K)
[5309.556s][info][gc             ] GC(1564) Pause Young (Allocation Failure) 6110M->3820M(7490M) 95.552ms
[5309.556s][info][gc,cpu         ] GC(1564) User=0.57s Sys=0.00s Real=0.09s
..[5311.450s][info][gc,start       ] GC(1565) Pause Young (Allocation Failure)
[5311.554s][info][gc,heap        ] GC(1565) PSYoungGen: 2605664K(2619392K)->171001K(2541056K) Eden: 2447360K(2447360K)->0K(2370048K) From: 158304K(172032K)->171001K(171008K)
[5311.554s][info][gc,heap        ] GC(1565) ParOldGen: 3753422K(5050880K)->3857806K(5050880K)
[5311.554s][info][gc,metaspace   ] GC(1565) Metaspace: 29078K(29376K)->29078K(29376K) NonClass: 25975K(26112K)->25975K(26112K) Class: 3103K(3264K)->3103K(3264K)
[5311.554s][info][gc             ] GC(1565) Pause Young (Allocation Failure) 6210M->3934M(7414M) 104.421ms
[5311.554s][info][gc,cpu         ] GC(1565) User=0.61s Sys=0.00s Real=0.11s
..[5313.215s][info][gc,start       ] GC(1566) Pause Young (Allocation Failure)
[5313.310s][info][gc,heap        ] GC(1566) PSYoungGen: 2541049K(2541056K)->151525K(2583040K) Eden: 2370048K(2370048K)->0K(2370048K) From: 171001K(171008K)->151525K(212992K)
[5313.310s][info][gc,heap        ] GC(1566) ParOldGen: 3857806K(5050880K)->3965926K(5050880K)
[5313.310s][info][gc,metaspace   ] GC(1566) Metaspace: 29078K(29376K)->29078K(29376K) NonClass: 25975K(26112K)->25975K(26112K) Class: 3103K(3264K)->3103K(3264K)
[5313.310s][info][gc             ] GC(1566) Pause Young (Allocation Failure) 6248M->4020M(7455M) 94.922ms
[5313.310s][info][gc,cpu         ] GC(1566) User=0.56s Sys=0.00s Real=0.10s
..[5315.024s][info][gc,start       ] GC(1567) Pause Young (Allocation Failure)
[5315.116s][info][gc,heap        ] GC(1567) PSYoungGen: 2521573K(2583040K)->151488K(2578944K) Eden: 2370048K(2370048K)->0K(2371072K) From: 151525K(212992K)->151488K(207872K)
[5315.116s][info][gc,heap        ] GC(1567) ParOldGen: 3965926K(5050880K)->4066038K(5050880K)
[5315.116s][info][gc,metaspace   ] GC(1567) Metaspace: 29078K(29376K)->29078K(29376K) NonClass: 25975K(26112K)->25975K(26112K) Class: 3103K(3264K)->3103K(3264K)
[5315.116s][info][gc             ] GC(1567) Pause Young (Allocation Failure) 6335M->4118M(7451M) 92.349ms
[5315.116s][info][gc,cpu         ] GC(1567) User=0.54s Sys=0.00s Real=0.09s
.[5316.842s][info][gc,start       ] GC(1568) Pause Young (Allocation Failure)
[5316.934s][info][gc,heap        ] GC(1568) PSYoungGen: 2522560K(2578944K)->144469K(2581504K) Eden: 2371072K(2371072K)->0K(2371072K) From: 151488K(207872K)->144469K(210432K)
[5316.934s][info][gc,heap        ] GC(1568) ParOldGen: 4066038K(5050880K)->4170398K(5050880K)
[5316.934s][info][gc,metaspace   ] GC(1568) Metaspace: 29078K(29376K)->29078K(29376K) NonClass: 25975K(26112K)->25975K(26112K) Class: 3103K(3264K)->3103K(3264K)
[5316.934s][info][gc             ] GC(1568) Pause Young (Allocation Failure) 6434M->4213M(7453M) 92.297ms
[5316.934s][info][gc,cpu         ] GC(1568) User=0.54s Sys=0.01s Real=0.09s
..[5318.756s][info][gc,start       ] GC(1569) Pause Young (Allocation Failure)
[5318.858s][info][gc,heap        ] GC(1569) PSYoungGen: 2515541K(2581504K)->173226K(2582016K) Eden: 2371072K(2371072K)->0K(2375680K) From: 144469K(210432K)->173226K(206336K)
[5318.858s][info][gc,heap        ] GC(1569) ParOldGen: 4170398K(5050880K)->4266502K(5050880K)
[5318.858s][info][gc,metaspace   ] GC(1569) Metaspace: 29078K(29376K)->29078K(29376K) NonClass: 25975K(26112K)->25975K(26112K) Class: 3103K(3264K)->3103K(3264K)
[5318.858s][info][gc             ] GC(1569) Pause Young (Allocation Failure) 6529M->4335M(7454M) 102.428ms
[5318.858s][info][gc,cpu         ] GC(1569) User=0.60s Sys=0.01s Real=0.10s
..[5320.451s][info][gc,start       ] GC(1570) Pause Young (Allocation Failure)
[5320.550s][info][gc,heap        ] GC(1570) PSYoungGen: 2548906K(2582016K)->155620K(2584064K) Eden: 2375680K(2375680K)->0K(2375680K) From: 173226K(206336K)->155620K(208384K)
[5320.550s][info][gc,heap        ] GC(1570) ParOldGen: 4266502K(5050880K)->4376670K(5050880K)
[5320.550s][info][gc,metaspace   ] GC(1570) Metaspace: 29078K(29376K)->29078K(29376K) NonClass: 25975K(26112K)->25975K(26112K) Class: 3103K(3264K)->3103K(3264K)
[5320.550s][info][gc             ] GC(1570) Pause Young (Allocation Failure) 6655M->4426M(7456M) 98.140ms
[5320.550s][info][gc,cpu         ] GC(1570) User=0.58s Sys=0.00s Real=0.09s
..[5322.377s][info][gc,start       ] GC(1571) Pause Young (Allocation Failure)
[5322.472s][info][gc,heap        ] GC(1571) PSYoungGen: 2531300K(2584064K)->155120K(2583040K) Eden: 2375680K(2375680K)->0K(2381824K) From: 155620K(208384K)->155120K(201216K)
[5322.472s][info][gc,heap        ] GC(1571) ParOldGen: 4376670K(5050880K)->4476294K(5050880K)
[5322.472s][info][gc,metaspace   ] GC(1571) Metaspace: 29078K(29376K)->29078K(29376K) NonClass: 25975K(26112K)->25975K(26112K) Class: 3103K(3264K)->3103K(3264K)
[5322.472s][info][gc             ] GC(1571) Pause Young (Allocation Failure) 6746M->4522M(7455M) 95.017ms
[5322.472s][info][gc,cpu         ] GC(1571) User=0.56s Sys=0.00s Real=0.10s
..[5324.203s][info][gc,start       ] GC(1572) Pause Young (Allocation Failure)
[5324.298s][info][gc,heap        ] GC(1572) PSYoungGen: 2536944K(2583040K)->153103K(2585088K) Eden: 2381824K(2381824K)->0K(2381824K) From: 155120K(201216K)->153103K(203264K)
[5324.298s][info][gc,heap        ] GC(1572) ParOldGen: 4476294K(5050880K)->4579926K(5050880K)
[5324.298s][info][gc,metaspace   ] GC(1572) Metaspace: 29078K(29376K)->29078K(29376K) NonClass: 25975K(26112K)->25975K(26112K) Class: 3103K(3264K)->3103K(3264K)
[5324.298s][info][gc             ] GC(1572) Pause Young (Allocation Failure) 6848M->4622M(7457M) 94.659ms
[5324.298s][info][gc,cpu         ] GC(1572) User=0.56s Sys=0.00s Real=0.09s
.[5326.041s][info][gc,start       ] GC(1573) Pause Young (Allocation Failure)
[5326.136s][info][gc,heap        ] GC(1573) PSYoungGen: 2534927K(2585088K)->151653K(2588672K) Eden: 2381824K(2381824K)->0K(2391552K) From: 153103K(203264K)->151653K(197120K)
[5326.136s][info][gc,heap        ] GC(1573) ParOldGen: 4579926K(5050880K)->4682542K(5050880K)
[5326.136s][info][gc,metaspace   ] GC(1573) Metaspace: 29078K(29376K)->29078K(29376K) NonClass: 25975K(26112K)->25975K(26112K) Class: 3103K(3264K)->3103K(3264K)
[5326.136s][info][gc             ] GC(1573) Pause Young (Allocation Failure) 6948M->4720M(7460M) 94.859ms
[5326.136s][info][gc,cpu         ] GC(1573) User=0.56s Sys=0.00s Real=0.09s
..[5327.845s][info][gc,start       ] GC(1574) Pause Young (Allocation Failure)
[5327.938s][info][gc,heap        ] GC(1574) PSYoungGen: 2543205K(2588672K)->151712K(2590720K) Eden: 2391552K(2391552K)->0K(2391552K) From: 151653K(197120K)->151712K(199168K)
[5327.938s][info][gc,heap        ] GC(1574) ParOldGen: 4682542K(5050880K)->4781118K(5050880K)
[5327.938s][info][gc,metaspace   ] GC(1574) Metaspace: 29078K(29376K)->29078K(29376K) NonClass: 25975K(26112K)->25975K(26112K) Class: 3103K(3264K)->3103K(3264K)
[5327.938s][info][gc             ] GC(1574) Pause Young (Allocation Failure) 7056M->4817M(7462M) 93.098ms
[5327.938s][info][gc,cpu         ] GC(1574) User=0.55s Sys=0.00s Real=0.09s
..[5329.696s][info][gc,start       ] GC(1575) Pause Young (Allocation Failure)
[5329.793s][info][gc,heap        ] GC(1575) PSYoungGen: 2543264K(2590720K)->157312K(2590720K) Eden: 2391552K(2391552K)->0K(2399744K) From: 151712K(199168K)->157312K(190976K)
[5329.793s][info][gc,heap        ] GC(1575) ParOldGen: 4781118K(5050880K)->4886102K(5050880K)
[5329.793s][info][gc,metaspace   ] GC(1575) Metaspace: 29078K(29376K)->29078K(29376K) NonClass: 25975K(26112K)->25975K(26112K) Class: 3103K(3264K)->3103K(3264K)
[5329.793s][info][gc             ] GC(1575) Pause Young (Allocation Failure) 7152M->4925M(7462M) 96.639ms
[5329.793s][info][gc,cpu         ] GC(1575) User=0.57s Sys=0.00s Real=0.10s
..[5331.477s][info][gc,start       ] GC(1576) Pause Young (Allocation Failure)
[5331.573s][info][gc,heap        ] GC(1576) PSYoungGen: 2557056K(2590720K)->154592K(2593792K) Eden: 2399744K(2399744K)->0K(2399744K) From: 157312K(190976K)->154592K(194048K)
[5331.573s][info][gc,heap        ] GC(1576) ParOldGen: 4886102K(5050880K)->4990102K(5050880K)
[5331.573s][info][gc,metaspace   ] GC(1576) Metaspace: 29078K(29376K)->29078K(29376K) NonClass: 25975K(26112K)->25975K(26112K) Class: 3103K(3264K)->3103K(3264K)
[5331.573s][info][gc             ] GC(1576) Pause Young (Allocation Failure) 7268M->5024M(7465M) 96.246ms
[5331.573s][info][gc,cpu         ] GC(1576) User=0.57s Sys=0.00s Real=0.10s
..[5333.431s][info][gc,start       ] GC(1577) Pause Young (Allocation Failure)
[5333.528s][info][gc,heap        ] GC(1577) PSYoungGen: 2554336K(2593792K)->152768K(2597376K) Eden: 2399744K(2399744K)->0K(2410496K) From: 154592K(194048K)->152768K(186880K)
[5333.528s][info][gc,heap        ] GC(1577) ParOldGen: 4990102K(5050880K)->5092854K(5092864K)
[5333.528s][info][gc,metaspace   ] GC(1577) Metaspace: 29078K(29376K)->29078K(29376K) NonClass: 25975K(26112K)->25975K(26112K) Class: 3103K(3264K)->3103K(3264K)
[5333.528s][info][gc             ] GC(1577) Pause Young (Allocation Failure) 7367M->5122M(7510M) 97.100ms
[5333.528s][info][gc,cpu         ] GC(1577) User=0.56s Sys=0.01s Real=0.09s
..[5335.277s][info][gc,start       ] GC(1578) Pause Young (Allocation Failure)
[5335.376s][info][gc,heap        ] GC(1578) PSYoungGen: 2563264K(2597376K)->149024K(2599936K) Eden: 2410496K(2410496K)->0K(2410496K) From: 152768K(186880K)->149024K(189440K)
[5335.376s][info][gc,heap        ] GC(1578) ParOldGen: 5092854K(5092864K)->5199750K(5199872K)
[5335.376s][info][gc,metaspace   ] GC(1578) Metaspace: 29078K(29376K)->29078K(29376K) NonClass: 25975K(26112K)->25975K(26112K) Class: 3103K(3264K)->3103K(3264K)
[5335.376s][info][gc             ] GC(1578) Pause Young (Allocation Failure) 7476M->5223M(7617M) 98.785ms
[5335.376s][info][gc,cpu         ] GC(1578) User=0.54s Sys=0.04s Real=0.10s
..[5337.211s][info][gc,start       ] GC(1579) Pause Young (Allocation Failure)
[5337.312s][info][gc,heap        ] GC(1579) PSYoungGen: 2559520K(2599936K)->163973K(2604544K) Eden: 2410496K(2410496K)->0K(2418688K) From: 149024K(189440K)->163973K(185856K)
[5337.312s][info][gc,heap        ] GC(1579) ParOldGen: 5199750K(5199872K)->5297686K(5298176K)
[5337.312s][info][gc,metaspace   ] GC(1579) Metaspace: 29078K(29376K)->29078K(29376K) NonClass: 25975K(26112K)->25975K(26112K) Class: 3103K(3264K)->3103K(3264K)
[5337.312s][info][gc             ] GC(1579) Pause Young (Allocation Failure) 7577M->5333M(7717M) 100.820ms
[5337.312s][info][gc,cpu         ] GC(1579) User=0.55s Sys=0.03s Real=0.10s
.[5339.067s][info][gc,start       ] GC(1580) Pause Young (Allocation Failure)
[5339.165s][info][gc,heap        ] GC(1580) PSYoungGen: 2582661K(2604544K)->146432K(2606080K) Eden: 2418688K(2418688K)->0K(2418688K) From: 163973K(185856K)->146432K(187392K)
[5339.165s][info][gc,heap        ] GC(1580) ParOldGen: 5297686K(5298176K)->5405366K(5405696K)
[5339.165s][info][gc,metaspace   ] GC(1580) Metaspace: 29078K(29376K)->29078K(29376K) NonClass: 25975K(26112K)->25975K(26112K) Class: 3103K(3264K)->3103K(3264K)
[5339.165s][info][gc             ] GC(1580) Pause Young (Allocation Failure) 7695M->5421M(7824M) 97.708ms
[5339.165s][info][gc,cpu         ] GC(1580) User=0.55s Sys=0.03s Real=0.10s
..[5340.915s][info][gc,start       ] GC(1581) Pause Young (Allocation Failure)
[5341.011s][info][gc,heap        ] GC(1581) PSYoungGen: 2565120K(2606080K)->144656K(2607104K) Eden: 2418688K(2418688K)->0K(2422272K) From: 146432K(187392K)->144656K(184832K)
[5341.011s][info][gc,heap        ] GC(1581) ParOldGen: 5405366K(5405696K)->5508830K(5509120K)
[5341.011s][info][gc,metaspace   ] GC(1581) Metaspace: 29078K(29376K)->29078K(29376K) NonClass: 25975K(26112K)->25975K(26112K) Class: 3103K(3264K)->3103K(3264K)
[5341.011s][info][gc             ] GC(1581) Pause Young (Allocation Failure) 7783M->5520M(7926M) 96.656ms
[5341.011s][info][gc,cpu         ] GC(1581) User=0.53s Sys=0.03s Real=0.10s
..[5342.825s][info][gc,start       ] GC(1582) Pause Full (Allocation Failure)
[5342.825s][info][gc,phases,start] GC(1582) Marking Phase
[5343.144s][info][gc,phases      ] GC(1582) Marking Phase 319.664ms
[5343.144s][info][gc,phases,start] GC(1582) Summary Phase
[5343.144s][info][gc,phases      ] GC(1582) Summary Phase 0.103ms
[5343.144s][info][gc,phases,start] GC(1582) Forward
[5343.273s][info][gc,phases      ] GC(1582) Forward 128.198ms
[5343.273s][info][gc,phases,start] GC(1582) Adjust Pointers
[5343.487s][info][gc,phases      ] GC(1582) Adjust Pointers 214.766ms
[5343.487s][info][gc,phases,start] GC(1582) Compaction Phase
[5343.638s][info][gc,phases      ] GC(1582) Compaction Phase 150.346ms
[5343.639s][info][gc,phases,start] GC(1582) Post Compact
[5343.646s][info][gc,phases      ] GC(1582) Post Compact 6.898ms
[5343.764s][info][gc,heap        ] GC(1582) PSYoungGen: 2566928K(2607104K)->0K(2608128K) Eden: 2422272K(2422272K)->0K(2422272K) From: 144656K(184832K)->0K(185856K)
[5343.764s][info][gc,heap        ] GC(1582) ParOldGen: 5508830K(5509120K)->1624594K(1993216K)
[5343.764s][info][gc,metaspace   ] GC(1582) Metaspace: 29078K(29376K)->29078K(29376K) NonClass: 25975K(26112K)->25975K(26112K) Class: 3103K(3264K)->3103K(3264K)
[5343.764s][info][gc             ] GC(1582) Pause Full (Allocation Failure) 7886M->1586M(4493M) 939.769ms
[5343.764s][info][gc,cpu         ] GC(1582) User=4.44s Sys=0.12s Real=0.94s
.[5345.083s][info][gc,start       ] GC(1583) Pause Young (Allocation Failure)
[5345.149s][info][gc,heap        ] GC(1583) PSYoungGen: 2422272K(2608128K)->158416K(2606080K) Eden: 2422272K(2422272K)->0K(2424320K) From: 0K(185856K)->158416K(181760K)
[5345.149s][info][gc,heap        ] GC(1583) ParOldGen: 1624594K(1993216K)->1624594K(1993216K)
[5345.149s][info][gc,metaspace   ] GC(1583) Metaspace: 29078K(29376K)->29078K(29376K) NonClass: 25975K(26112K)->25975K(26112K) Class: 3103K(3264K)->3103K(3264K)
[5345.149s][info][gc             ] GC(1583) Pause Young (Allocation Failure) 3952M->1741M(4491M) 65.536ms
[5345.149s][info][gc,cpu         ] GC(1583) User=0.38s Sys=0.00s Real=0.06s
..[5346.477s][info][gc,start       ] GC(1584) Pause Young (Allocation Failure)
[5346.573s][info][gc,heap        ] GC(1584) PSYoungGen: 2582736K(2606080K)->161360K(2608128K) Eden: 2424320K(2424320K)->0K(2424320K) From: 158416K(181760K)->161360K(183808K)
[5346.573s][info][gc,heap        ] GC(1584) ParOldGen: 1624594K(1993216K)->1730362K(1993216K)
[5346.573s][info][gc,metaspace   ] GC(1584) Metaspace: 29078K(29376K)->29078K(29376K) NonClass: 25975K(26112K)->25975K(26112K) Class: 3103K(3264K)->3103K(3264K)
[5346.573s][info][gc             ] GC(1584) Pause Young (Allocation Failure) 4108M->1847M(4493M) 95.442ms
[5346.573s][info][gc,cpu         ] GC(1584) User=0.56s Sys=0.00s Real=0.10s
.[5348.165s][info][gc,start       ] GC(1585) Pause Young (Allocation Failure)
[5348.259s][info][gc,heap        ] GC(1585) PSYoungGen: 2585680K(2608128K)->155956K(2606080K) Eden: 2424320K(2424320K)->0K(2429440K) From: 161360K(183808K)->155956K(176640K)
[5348.259s][info][gc,heap        ] GC(1585) ParOldGen: 1730362K(1993216K)->1835778K(1993216K)
[5348.259s][info][gc,metaspace   ] GC(1585) Metaspace: 29078K(29376K)->29078K(29376K) NonClass: 25975K(26112K)->25975K(26112K) Class: 3103K(3264K)->3103K(3264K)
[5348.259s][info][gc             ] GC(1585) Pause Young (Allocation Failure) 4214M->1945M(4491M) 93.754ms
[5348.259s][info][gc,cpu         ] GC(1585) User=0.55s Sys=0.00s Real=0.09s
..[5350.136s][info][gc,start       ] GC(1586) Pause Young (Allocation Failure)
[5350.230s][info][gc,heap        ] GC(1586) PSYoungGen: 2585396K(2606080K)->160084K(2609664K) Eden: 2429440K(2429440K)->0K(2429440K) From: 155956K(176640K)->160084K(180224K)
[5350.230s][info][gc,heap        ] GC(1586) ParOldGen: 1835778K(1993216K)->1935122K(1993216K)
[5350.230s][info][gc,metaspace   ] GC(1586) Metaspace: 29078K(29376K)->29078K(29376K) NonClass: 25975K(26112K)->25975K(26112K) Class: 3103K(3264K)->3103K(3264K)
[5350.230s][info][gc             ] GC(1586) Pause Young (Allocation Failure) 4317M->2046M(4495M) 94.471ms
[5350.231s][info][gc,cpu         ] GC(1586) User=0.55s Sys=0.00s Real=0.10s
.. (rIR:aIR:PR = 9132:9131:9131) (tPR = 133968) [OK] 
  5351s: Performance info:
         Transaction,    Success,    Partial,     Failed,   Receipts, AvgBarcode, 
             Overall,     552517,          0,          0,     524706,      59.47, 
         Response times:
             Request,    Success,    Partial,     Failed,   SkipFail,     Probes,    Samples,      min,      p50,      p90,      p95,      p99,      max, 
       TotalPurchase,     524699,          0,          0,          0,     349735,     510739,      300,     6500,    49000,    91000,   541000,   960000,
     InStorePurchase,     279436,          0,          0,          0,     183125,     268151,      300,     6600,    49000,    90000,   458000,   960000,
      OnlinePurchase,     190423,          0,          0,          0,     129340,     187942,      300,     6300,    49000,    93000,   700000,   960000,
        InstPurchase,      54840,          0,          0,          0,      37270,      54646,      300,     6400,    51000,    94000,   620000,   700000,
          AssocOfCat,        553,          0,          0,          0,        459,        834,    22000,    45000,   106500,   133000,   309850,   620000,
      AssocOfProduct,       5518,          0,          0,          0,       3876,       5910,      800,     8400,    60000,   105450,   305000,   589000,
      BusinessReport,       1383,          0,          0,          0,       1211,       1980,    31000,    55000,   122000,   164950,   596000,  1100000,
          CustBuyBeh,       5476,          0,          0,          0,       3902,       5937,      200,     6500,    49000,    90000,   305000,   592000,
       ProductReturn,      14878,          0,          0,          0,       9021,      13583,      200,     6600,    49000,    92000,   730000,   730000,

  5351s: (67%)   IR =   9271 [5352.034s][info][gc,start       ] GC(1587) Pause Young (Allocation Failure)
[5352.130s][info][gc,heap        ] GC(1587) PSYoungGen: 2589524K(2609664K)->153187K(2611712K) Eden: 2429440K(2429440K)->0K(2436608K) From: 160084K(180224K)->153187K(175104K)
[5352.130s][info][gc,heap        ] GC(1587) ParOldGen: 1935122K(1993216K)->2041914K(2042368K)
[5352.130s][info][gc,metaspace   ] GC(1587) Metaspace: 29078K(29376K)->29078K(29376K) NonClass: 25975K(26112K)->25975K(26112K) Class: 3103K(3264K)->3103K(3264K)
[5352.130s][info][gc             ] GC(1587) Pause Young (Allocation Failure) 4418M->2143M(4545M) 95.999ms
[5352.130s][info][gc,cpu         ] GC(1587) User=0.55s Sys=0.02s Real=0.09s
..[5353.786s][info][gc,start       ] GC(1588) Pause Young (Allocation Failure)
[5353.889s][info][gc,heap        ] GC(1588) PSYoungGen: 2589795K(2611712K)->165445K(2614272K) Eden: 2436608K(2436608K)->0K(2436608K) From: 153187K(175104K)->165445K(177664K)
[5353.889s][info][gc,heap        ] GC(1588) ParOldGen: 2041914K(2042368K)->2147570K(2147840K)
[5353.889s][info][gc,metaspace   ] GC(1588) Metaspace: 29078K(29376K)->29078K(29376K) NonClass: 25975K(26112K)->25975K(26112K) Class: 3103K(3264K)->3103K(3264K)
[5353.889s][info][gc             ] GC(1588) Pause Young (Allocation Failure) 4523M->2258M(4650M) 103.413ms
[5353.889s][info][gc,cpu         ] GC(1588) User=0.57s Sys=0.04s Real=0.10s
..[5355.647s][info][gc,start       ] GC(1589) Pause Young (Allocation Failure)
[5355.748s][info][gc,heap        ] GC(1589) PSYoungGen: 2602053K(2614272K)->163252K(2616832K) Eden: 2436608K(2436608K)->0K(2437632K) From: 165445K(177664K)->163252K(179200K)
[5355.748s][info][gc,heap        ] GC(1589) ParOldGen: 2147570K(2147840K)->2250498K(2250752K)
[5355.748s][info][gc,metaspace   ] GC(1589) Metaspace: 29078K(29376K)->29078K(29376K) NonClass: 25975K(26112K)->25975K(26112K) Class: 3103K(3264K)->3103K(3264K)
[5355.748s][info][gc             ] GC(1589) Pause Young (Allocation Failure) 4638M->2357M(4753M) 100.970ms
[5355.748s][info][gc,cpu         ] GC(1589) User=0.57s Sys=0.03s Real=0.10s
..[5357.497s][info][gc,start       ] GC(1590) Pause Young (Allocation Failure)
[5357.593s][info][gc,heap        ] GC(1590) PSYoungGen: 2600884K(2616832K)->153984K(2591744K) Eden: 2437632K(2437632K)->0K(2437632K) From: 163252K(179200K)->153984K(154112K)
[5357.593s][info][gc,heap        ] GC(1590) ParOldGen: 2250498K(2250752K)->2355154K(2355200K)
[5357.593s][info][gc,metaspace   ] GC(1590) Metaspace: 29078K(29376K)->29078K(29376K) NonClass: 25975K(26112K)->25975K(26112K) Class: 3103K(3264K)->3103K(3264K)
[5357.593s][info][gc             ] GC(1590) Pause Young (Allocation Failure) 4737M->2450M(4831M) 96.126ms
[5357.593s][info][gc,cpu         ] GC(1590) User=0.53s Sys=0.04s Real=0.10s
.[5359.304s][info][gc,start       ] GC(1591) Pause Young (Allocation Failure)
[5359.404s][info][gc,heap        ] GC(1591) PSYoungGen: 2591616K(2591744K)->158752K(2616832K) Eden: 2437632K(2437632K)->0K(2439168K) From: 153984K(154112K)->158752K(177664K)
[5359.404s][info][gc,heap        ] GC(1591) ParOldGen: 2355154K(2355200K)->2459778K(2460160K)
[5359.404s][info][gc,metaspace   ] GC(1591) Metaspace: 29078K(29376K)->29078K(29376K) NonClass: 25975K(26112K)->25975K(26112K) Class: 3103K(3264K)->3103K(3264K)
[5359.404s][info][gc             ] GC(1591) Pause Young (Allocation Failure) 4830M->2557M(4958M) 100.275ms
[5359.404s][info][gc,cpu         ] GC(1591) User=0.57s Sys=0.02s Real=0.10s
..[5361.108s][info][gc,start       ] GC(1592) Pause Young (Allocation Failure)
[5361.208s][info][gc,heap        ] GC(1592) PSYoungGen: 2597920K(2616832K)->157749K(2615296K) Eden: 2439168K(2439168K)->0K(2439168K) From: 158752K(177664K)->157749K(176128K)
[5361.208s][info][gc,heap        ] GC(1592) ParOldGen: 2459778K(2460160K)->2565506K(2565632K)
[5361.208s][info][gc,metaspace   ] GC(1592) Metaspace: 29078K(29376K)->29078K(29376K) NonClass: 25975K(26112K)->25975K(26112K) Class: 3103K(3264K)->3103K(3264K)
[5361.208s][info][gc             ] GC(1592) Pause Young (Allocation Failure) 4939M->2659M(5059M) 100.197ms
[5361.208s][info][gc,cpu         ] GC(1592) User=0.55s Sys=0.03s Real=0.10s
..[5362.913s][info][gc,start       ] GC(1593) Pause Young (Allocation Failure)
[5363.013s][info][gc,heap        ] GC(1593) PSYoungGen: 2596917K(2615296K)->159285K(2617344K) Eden: 2439168K(2439168K)->0K(2443264K) From: 157749K(176128K)->159285K(174080K)
[5363.013s][info][gc,heap        ] GC(1593) ParOldGen: 2565506K(2565632K)->2667050K(2667520K)
[5363.013s][info][gc,metaspace   ] GC(1593) Metaspace: 29078K(29376K)->29078K(29376K) NonClass: 25975K(26112K)->25975K(26112K) Class: 3103K(3264K)->3103K(3264K)
[5363.013s][info][gc             ] GC(1593) Pause Young (Allocation Failure) 5041M->2760M(5161M) 99.751ms
[5363.013s][info][gc,cpu         ] GC(1593) User=0.57s Sys=0.02s Real=0.10s
..[5364.754s][info][gc,start       ] GC(1594) Pause Young (Allocation Failure)
[5364.856s][info][gc,heap        ] GC(1594) PSYoungGen: 2602549K(2617344K)->165088K(2616320K) Eden: 2443264K(2443264K)->0K(2443264K) From: 159285K(174080K)->165088K(173056K)
[5364.856s][info][gc,heap        ] GC(1594) ParOldGen: 2667050K(2667520K)->2771938K(2771968K)
[5364.856s][info][gc,metaspace   ] GC(1594) Metaspace: 29078K(29376K)->29078K(29376K) NonClass: 25975K(26112K)->25975K(26112K) Class: 3103K(3264K)->3103K(3264K)
[5364.856s][info][gc             ] GC(1594) Pause Young (Allocation Failure) 5146M->2868M(5262M) 102.349ms
[5364.856s][info][gc,cpu         ] GC(1594) User=0.56s Sys=0.03s Real=0.10s
..[5366.595s][info][gc,start       ] GC(1595) Pause Young (Allocation Failure)
[5366.696s][info][gc,heap        ] GC(1595) PSYoungGen: 2608352K(2616320K)->165504K(2619904K) Eden: 2443264K(2443264K)->0K(2445824K) From: 165088K(173056K)->165504K(174080K)
[5366.696s][info][gc,heap        ] GC(1595) ParOldGen: 2771938K(2771968K)->2876202K(2876416K)
[5366.696s][info][gc,metaspace   ] GC(1595) Metaspace: 29078K(29376K)->29078K(29376K) NonClass: 25975K(26112K)->25975K(26112K) Class: 3103K(3264K)->3103K(3264K)
[5366.696s][info][gc             ] GC(1595) Pause Young (Allocation Failure) 5254M->2970M(5367M) 100.677ms
[5366.696s][info][gc,cpu         ] GC(1595) User=0.56s Sys=0.04s Real=0.10s
.[5368.455s][info][gc,start       ] GC(1596) Pause Young (Allocation Failure)
[5368.556s][info][gc,heap        ] GC(1596) PSYoungGen: 2611328K(2619904K)->161380K(2620928K) Eden: 2445824K(2445824K)->0K(2445824K) From: 165504K(174080K)->161380K(175104K)
[5368.556s][info][gc,heap        ] GC(1596) ParOldGen: 2876202K(2876416K)->2983002K(2983424K)
[5368.556s][info][gc,metaspace   ] GC(1596) Metaspace: 29078K(29376K)->29078K(29376K) NonClass: 25975K(26112K)->25975K(26112K) Class: 3103K(3264K)->3103K(3264K)
[5368.556s][info][gc             ] GC(1596) Pause Young (Allocation Failure) 5358M->3070M(5473M) 100.412ms
[5368.556s][info][gc,cpu         ] GC(1596) User=0.55s Sys=0.05s Real=0.10s
..[5370.299s][info][gc,start       ] GC(1597) Pause Young (Allocation Failure)
[5370.399s][info][gc,heap        ] GC(1597) PSYoungGen: 2607204K(2620928K)->159712K(2617344K) Eden: 2445824K(2445824K)->0K(2446336K) From: 161380K(175104K)->159712K(171008K)
[5370.399s][info][gc,heap        ] GC(1597) ParOldGen: 2983002K(2983424K)->3086514K(3086848K)
[5370.399s][info][gc,metaspace   ] GC(1597) Metaspace: 29078K(29376K)->29078K(29376K) NonClass: 25975K(26112K)->25975K(26112K) Class: 3103K(3264K)->3103K(3264K)
[5370.399s][info][gc             ] GC(1597) Pause Young (Allocation Failure) 5459M->3170M(5570M) 100.589ms
[5370.399s][info][gc,cpu         ] GC(1597) User=0.55s Sys=0.04s Real=0.10s
.|.[5372.184s][info][gc,start       ] GC(1598) Pause Young (Allocation Failure)
[5372.286s][info][gc,heap        ] GC(1598) PSYoungGen: 2606048K(2617344K)->164912K(2619392K) Eden: 2446336K(2446336K)->0K(2446336K) From: 159712K(171008K)->164912K(173056K)
[5372.286s][info][gc,heap        ] GC(1598) ParOldGen: 3086514K(3086848K)->3189586K(3189760K)
[5372.286s][info][gc,metaspace   ] GC(1598) Metaspace: 29078K(29376K)->29078K(29376K) NonClass: 25975K(26112K)->25975K(26112K) Class: 3103K(3264K)->3103K(3264K)
[5372.286s][info][gc             ] GC(1598) Pause Young (Allocation Failure) 5559M->3275M(5673M) 102.092ms
[5372.286s][info][gc,cpu         ] GC(1598) User=0.58s Sys=0.02s Real=0.10s
..[5374.017s][info][gc,start       ] GC(1599) Pause Young (Allocation Failure)
[5374.117s][info][gc,heap        ] GC(1599) PSYoungGen: 2611248K(2619392K)->156228K(2622464K) Eden: 2446336K(2446336K)->0K(2449408K) From: 164912K(173056K)->156228K(173056K)
[5374.117s][info][gc,heap        ] GC(1599) ParOldGen: 3189586K(3189760K)->3294650K(3294720K)
[5374.117s][info][gc,metaspace   ] GC(1599) Metaspace: 29078K(29376K)->29078K(29376K) NonClass: 25975K(26112K)->25975K(26112K) Class: 3103K(3264K)->3103K(3264K)
[5374.117s][info][gc             ] GC(1599) Pause Young (Allocation Failure) 5664M->3369M(5778M) 99.198ms
[5374.117s][info][gc,cpu         ] GC(1599) User=0.56s Sys=0.02s Real=0.10s
..[5375.820s][info][gc,start       ] GC(1600) Pause Young (Allocation Failure)
[5375.926s][info][gc,heap        ] GC(1600) PSYoungGen: 2605636K(2622464K)->173033K(2622464K) Eden: 2449408K(2449408K)->0K(2449408K) From: 156228K(173056K)->173033K(173056K)
[5375.926s][info][gc,heap        ] GC(1600) ParOldGen: 3294650K(3294720K)->3401018K(3401216K)
[5375.926s][info][gc,metaspace   ] GC(1600) Metaspace: 29078K(29376K)->29078K(29376K) NonClass: 25975K(26112K)->25975K(26112K) Class: 3103K(3264K)->3103K(3264K)
[5375.926s][info][gc             ] GC(1600) Pause Young (Allocation Failure) 5761M->3490M(5882M) 105.964ms
[5375.926s][info][gc,cpu         ] GC(1600) User=0.58s Sys=0.04s Real=0.11s
..[5377.678s][info][gc,start       ] GC(1601) Pause Young (Allocation Failure)
[5377.781s][info][gc,heap        ] GC(1601) PSYoungGen: 2622441K(2622464K)->165748K(2544640K) Eden: 2449408K(2449408K)->0K(2371072K) From: 173033K(173056K)->165748K(173568K)
[5377.781s][info][gc,heap        ] GC(1601) ParOldGen: 3401018K(3401216K)->3503018K(3503104K)
[5377.781s][info][gc,metaspace   ] GC(1601) Metaspace: 29078K(29376K)->29078K(29376K) NonClass: 25975K(26112K)->25975K(26112K) Class: 3103K(3264K)->3103K(3264K)
[5377.781s][info][gc             ] GC(1601) Pause Young (Allocation Failure) 5882M->3582M(5906M) 102.212ms
[5377.781s][info][gc,cpu         ] GC(1601) User=0.58s Sys=0.02s Real=0.11s
.[5379.539s][info][gc,start       ] GC(1602) Pause Young (Allocation Failure)
[5379.641s][info][gc,heap        ] GC(1602) PSYoungGen: 2536820K(2544640K)->165143K(2583552K) Eden: 2371072K(2371072K)->0K(2371072K) From: 165748K(173568K)->165143K(212480K)
[5379.641s][info][gc,heap        ] GC(1602) ParOldGen: 3503018K(3503104K)->3606506K(3606528K)
[5379.641s][info][gc,metaspace   ] GC(1602) Metaspace: 29078K(29376K)->29078K(29376K) NonClass: 25975K(26112K)->25975K(26112K) Class: 3103K(3264K)->3103K(3264K)
[5379.641s][info][gc             ] GC(1602) Pause Young (Allocation Failure) 5898M->3683M(6045M) 101.760ms
[5379.641s][info][gc,cpu         ] GC(1602) User=0.57s Sys=0.03s Real=0.11s
..[5381.355s][info][gc,start       ] GC(1603) Pause Young (Allocation Failure)
[5381.450s][info][gc,heap        ] GC(1603) PSYoungGen: 2536215K(2583552K)->150272K(2579456K) Eden: 2371072K(2371072K)->0K(2374144K) From: 165143K(212480K)->150272K(205312K)
[5381.450s][info][gc,heap        ] GC(1603) ParOldGen: 3606506K(3606528K)->3709034K(3709440K)
[5381.450s][info][gc,metaspace   ] GC(1603) Metaspace: 29078K(29376K)->29078K(29376K) NonClass: 25975K(26112K)->25975K(26112K) Class: 3103K(3264K)->3103K(3264K)
[5381.450s][info][gc             ] GC(1603) Pause Young (Allocation Failure) 5998M->3768M(6141M) 95.073ms
[5381.451s][info][gc,cpu         ] GC(1603) User=0.54s Sys=0.02s Real=0.10s
..[5383.208s][info][gc,start       ] GC(1604) Pause Young (Allocation Failure)
[5383.304s][info][gc,heap        ] GC(1604) PSYoungGen: 2524416K(2579456K)->151136K(2583040K) Eden: 2374144K(2374144K)->0K(2374144K) From: 150272K(205312K)->151136K(208896K)
[5383.304s][info][gc,heap        ] GC(1604) ParOldGen: 3709034K(3709440K)->3812130K(3812352K)
[5383.304s][info][gc,metaspace   ] GC(1604) Metaspace: 29078K(29376K)->29078K(29376K) NonClass: 25975K(26112K)->25975K(26112K) Class: 3103K(3264K)->3103K(3264K)
[5383.304s][info][gc             ] GC(1604) Pause Young (Allocation Failure) 6087M->3870M(6245M) 96.601ms
[5383.304s][info][gc,cpu         ] GC(1604) User=0.53s Sys=0.03s Real=0.10s
..[5384.896s][info][gc,start       ] GC(1605) Pause Young (Allocation Failure)
[5384.991s][info][gc,heap        ] GC(1605) PSYoungGen: 2525280K(2583040K)->142456K(2586112K) Eden: 2374144K(2374144K)->0K(2379264K) From: 151136K(208896K)->142456K(206848K)
[5384.991s][info][gc,heap        ] GC(1605) ParOldGen: 3812130K(3812352K)->3916506K(3916800K)
[5384.991s][info][gc,metaspace   ] GC(1605) Metaspace: 29078K(29376K)->29078K(29376K) NonClass: 25975K(26112K)->25975K(26112K) Class: 3103K(3264K)->3103K(3264K)
[5384.991s][info][gc             ] GC(1605) Pause Young (Allocation Failure) 6188M->3963M(6350M) 95.015ms
[5384.991s][info][gc,cpu         ] GC(1605) User=0.53s Sys=0.03s Real=0.10s
..[5386.723s][info][gc,start       ] GC(1606) Pause Young (Allocation Failure)
[5386.829s][info][gc,heap        ] GC(1606) PSYoungGen: 2521720K(2586112K)->178378K(2587136K) Eden: 2379264K(2379264K)->0K(2379264K) From: 142456K(206848K)->178378K(207872K)
[5386.829s][info][gc,heap        ] GC(1606) ParOldGen: 3916506K(3916800K)->4014002K(4014080K)
[5386.829s][info][gc,metaspace   ] GC(1606) Metaspace: 29078K(29376K)->29078K(29376K) NonClass: 25975K(26112K)->25975K(26112K) Class: 3103K(3264K)->3103K(3264K)
[5386.829s][info][gc             ] GC(1606) Pause Young (Allocation Failure) 6287M->4094M(6446M) 106.130ms
[5386.830s][info][gc,cpu         ] GC(1606) User=0.60s Sys=0.03s Real=0.10s
.[5388.520s][info][gc,start       ] GC(1607) Pause Young (Allocation Failure)
[5388.618s][info][gc,heap        ] GC(1607) PSYoungGen: 2557642K(2587136K)->152832K(2585088K) Eden: 2379264K(2379264K)->0K(2379264K) From: 178378K(207872K)->152832K(205824K)
[5388.618s][info][gc,heap        ] GC(1607) ParOldGen: 4014002K(4014080K)->4118074K(4118528K)
[5388.618s][info][gc,metaspace   ] GC(1607) Metaspace: 29078K(29376K)->29078K(29376K) NonClass: 25975K(26112K)->25975K(26112K) Class: 3103K(3264K)->3103K(3264K)
[5388.618s][info][gc             ] GC(1607) Pause Young (Allocation Failure) 6417M->4170M(6546M) 97.844ms
[5388.618s][info][gc,cpu         ] GC(1607) User=0.55s Sys=0.03s Real=0.09s
..[5390.316s][info][gc,start       ] GC(1608) Pause Young (Allocation Failure)
[5390.416s][info][gc,heap        ] GC(1608) PSYoungGen: 2532096K(2585088K)->159168K(2586112K) Eden: 2379264K(2379264K)->0K(2379264K) From: 152832K(205824K)->159168K(206848K)
[5390.416s][info][gc,heap        ] GC(1608) ParOldGen: 4118074K(4118528K)->4221674K(4221952K)
[5390.416s][info][gc,metaspace   ] GC(1608) Metaspace: 29078K(29376K)->29078K(29376K) NonClass: 25975K(26112K)->25975K(26112K) Class: 3103K(3264K)->3103K(3264K)
[5390.416s][info][gc             ] GC(1608) Pause Young (Allocation Failure) 6494M->4278M(6648M) 100.326ms
[5390.416s][info][gc,cpu         ] GC(1608) User=0.57s Sys=0.03s Real=0.10s
..[5392.058s][info][gc,start       ] GC(1609) Pause Young (Allocation Failure)
[5392.157s][info][gc,heap        ] GC(1609) PSYoungGen: 2538432K(2586112K)->153216K(2587136K) Eden: 2379264K(2379264K)->0K(2385408K) From: 159168K(206848K)->153216K(201728K)
[5392.157s][info][gc,heap        ] GC(1609) ParOldGen: 4221674K(4221952K)->4325842K(4325888K)
[5392.157s][info][gc,metaspace   ] GC(1609) Metaspace: 29078K(29376K)->29078K(29376K) NonClass: 25975K(26112K)->25975K(26112K) Class: 3103K(3264K)->3103K(3264K)
[5392.157s][info][gc             ] GC(1609) Pause Young (Allocation Failure) 6601M->4374M(6751M) 99.208ms
[5392.157s][info][gc,cpu         ] GC(1609) User=0.54s Sys=0.03s Real=0.10s
..[5393.928s][info][gc,start       ] GC(1610) Pause Young (Allocation Failure)
[5394.024s][info][gc,heap        ] GC(1610) PSYoungGen: 2538624K(2587136K)->151072K(2586624K) Eden: 2385408K(2385408K)->0K(2385408K) From: 153216K(201728K)->151072K(201216K)
[5394.024s][info][gc,heap        ] GC(1610) ParOldGen: 4325842K(4325888K)->4426922K(4427264K)
[5394.024s][info][gc,metaspace   ] GC(1610) Metaspace: 29078K(29376K)->29078K(29376K) NonClass: 25975K(26112K)->25975K(26112K) Class: 3103K(3264K)->3103K(3264K)
[5394.024s][info][gc             ] GC(1610) Pause Young (Allocation Failure) 6703M->4470M(6849M) 96.307ms
[5394.024s][info][gc,cpu         ] GC(1610) User=0.54s Sys=0.03s Real=0.10s
.[5395.711s][info][gc,start       ] GC(1611) Pause Young (Allocation Failure)
[5395.815s][info][gc,heap        ] GC(1611) PSYoungGen: 2536480K(2586624K)->162240K(2589696K) Eden: 2385408K(2385408K)->0K(2395136K) From: 151072K(201216K)->162240K(194560K)
[5395.815s][info][gc,heap        ] GC(1611) ParOldGen: 4426922K(4427264K)->4529962K(4530176K)
[5395.815s][info][gc,metaspace   ] GC(1611) Metaspace: 29078K(29376K)->29078K(29376K) NonClass: 25975K(26112K)->25975K(26112K) Class: 3103K(3264K)->3103K(3264K)
[5395.815s][info][gc             ] GC(1611) Pause Young (Allocation Failure) 6800M->4582M(6953M) 103.815ms
[5395.815s][info][gc,cpu         ] GC(1611) User=0.57s Sys=0.04s Real=0.10s
..[5397.451s][info][gc,start       ] GC(1612) Pause Young (Allocation Failure)
[5397.553s][info][gc,heap        ] GC(1612) PSYoungGen: 2557376K(2589696K)->159616K(2591232K) Eden: 2395136K(2395136K)->0K(2395136K) From: 162240K(194560K)->159616K(196096K)
[5397.553s][info][gc,heap        ] GC(1612) ParOldGen: 4529962K(4530176K)->4634746K(4635136K)
[5397.553s][info][gc,metaspace   ] GC(1612) Metaspace: 29078K(29376K)->29078K(29376K) NonClass: 25975K(26112K)->25975K(26112K) Class: 3103K(3264K)->3103K(3264K)
[5397.553s][info][gc             ] GC(1612) Pause Young (Allocation Failure) 6921M->4681M(7057M) 102.291ms
[5397.553s][info][gc,cpu         ] GC(1612) User=0.57s Sys=0.03s Real=0.10s
..[5399.231s][info][gc,start       ] GC(1613) Pause Young (Allocation Failure)
[5399.331s][info][gc,heap        ] GC(1613) PSYoungGen: 2554752K(2591232K)->151616K(2598400K) Eden: 2395136K(2395136K)->0K(2406912K) From: 159616K(196096K)->151616K(191488K)
[5399.331s][info][gc,heap        ] GC(1613) ParOldGen: 4634746K(4635136K)->4738298K(4738560K)
[5399.331s][info][gc,metaspace   ] GC(1613) Metaspace: 29078K(29376K)->29078K(29376K) NonClass: 25975K(26112K)->25975K(26112K) Class: 3103K(3264K)->3103K(3264K)
[5399.331s][info][gc             ] GC(1613) Pause Young (Allocation Failure) 7020M->4775M(7165M) 99.334ms
[5399.331s][info][gc,cpu         ] GC(1613) User=0.54s Sys=0.05s Real=0.10s
..[5401.113s][info][gc,start       ] GC(1614) Pause Young (Allocation Failure)
[5401.214s][info][gc,heap        ] GC(1614) PSYoungGen: 2558528K(2598400K)->152196K(2598400K) Eden: 2406912K(2406912K)->0K(2406912K) From: 151616K(191488K)->152196K(191488K)
[5401.214s][info][gc,heap        ] GC(1614) ParOldGen: 4738298K(4738560K)->4842666K(4843008K)
[5401.214s][info][gc,metaspace   ] GC(1614) Metaspace: 29078K(29376K)->29078K(29376K) NonClass: 25975K(26112K)->25975K(26112K) Class: 3103K(3264K)->3103K(3264K)
[5401.214s][info][gc             ] GC(1614) Pause Young (Allocation Failure) 7125M->4877M(7267M) 100.653ms
[5401.214s][info][gc,cpu         ] GC(1614) User=0.57s Sys=0.03s Real=0.10s
..[5402.983s][info][gc,start       ] GC(1615) Pause Young (Allocation Failure)
[5403.079s][info][gc,heap        ] GC(1615) PSYoungGen: 2559108K(2598400K)->147680K(2603520K) Eden: 2406912K(2406912K)->0K(2414080K) From: 152196K(191488K)->147680K(189440K)
[5403.079s][info][gc,heap        ] GC(1615) ParOldGen: 4842666K(4843008K)->4944426K(4944896K)
[5403.079s][info][gc,metaspace   ] GC(1615) Metaspace: 29078K(29376K)->29078K(29376K) NonClass: 25975K(26112K)->25975K(26112K) Class: 3103K(3264K)->3103K(3264K)
[5403.079s][info][gc             ] GC(1615) Pause Young (Allocation Failure) 7228M->4972M(7371M) 96.237ms
[5403.079s][info][gc,cpu         ] GC(1615) User=0.53s Sys=0.04s Real=0.09s
.[5404.788s][info][gc,start       ] GC(1616) Pause Young (Allocation Failure)
[5404.890s][info][gc,heap        ] GC(1616) PSYoungGen: 2561760K(2603520K)->157697K(2603008K) Eden: 2414080K(2414080K)->0K(2414080K) From: 147680K(189440K)->157697K(188928K)
[5404.890s][info][gc,heap        ] GC(1616) ParOldGen: 4944426K(4944896K)->5049602K(5049856K)
[5404.890s][info][gc,metaspace   ] GC(1616) Metaspace: 29078K(29376K)->29078K(29376K) NonClass: 25975K(26112K)->25975K(26112K) Class: 3103K(3264K)->3103K(3264K)
[5404.890s][info][gc             ] GC(1616) Pause Young (Allocation Failure) 7330M->5085M(7473M) 101.901ms
[5404.890s][info][gc,cpu         ] GC(1616) User=0.58s Sys=0.03s Real=0.11s
..[5406.578s][info][gc,start       ] GC(1617) Pause Young (Allocation Failure)
[5406.682s][info][gc,heap        ] GC(1617) PSYoungGen: 2571777K(2603008K)->167797K(2602496K) Eden: 2414080K(2414080K)->0K(2416640K) From: 157697K(188928K)->167797K(185856K)
[5406.682s][info][gc,heap        ] GC(1617) ParOldGen: 5049602K(5049856K)->5149946K(5150208K)
[5406.682s][info][gc,metaspace   ] GC(1617) Metaspace: 29078K(29376K)->29078K(29376K) NonClass: 25975K(26112K)->25975K(26112K) Class: 3103K(3264K)->3103K(3264K)
[5406.682s][info][gc             ] GC(1617) Pause Young (Allocation Failure) 7442M->5193M(7571M) 104.306ms
[5406.682s][info][gc,cpu         ] GC(1617) User=0.58s Sys=0.03s Real=0.11s
..[5408.386s][info][gc,start       ] GC(1618) Pause Young (Allocation Failure)
[5408.487s][info][gc,heap        ] GC(1618) PSYoungGen: 2584437K(2602496K)->155621K(2603520K) Eden: 2416640K(2416640K)->0K(2416640K) From: 167797K(185856K)->155621K(186880K)
[5408.487s][info][gc,heap        ] GC(1618) ParOldGen: 5149946K(5150208K)->5257474K(5257728K)
[5408.487s][info][gc,metaspace   ] GC(1618) Metaspace: 29078K(29376K)->29078K(29376K) NonClass: 25975K(26112K)->25975K(26112K) Class: 3103K(3264K)->3103K(3264K)
[5408.487s][info][gc             ] GC(1618) Pause Young (Allocation Failure) 7553M->5286M(7677M) 101.774ms
[5408.487s][info][gc,cpu         ] GC(1618) User=0.57s Sys=0.03s Real=0.10s
..[5410.196s][info][gc,start       ] GC(1619) Pause Young (Allocation Failure)
[5410.295s][info][gc,heap        ] GC(1619) PSYoungGen: 2572261K(2603520K)->153408K(2607104K) Eden: 2416640K(2416640K)->0K(2424320K) From: 155621K(186880K)->153408K(182784K)
[5410.295s][info][gc,heap        ] GC(1619) ParOldGen: 5257474K(5257728K)->5358578K(5358592K)
[5410.295s][info][gc,metaspace   ] GC(1619) Metaspace: 29078K(29376K)->29078K(29376K) NonClass: 25975K(26112K)->25975K(26112K) Class: 3103K(3264K)->3103K(3264K)
[5410.295s][info][gc             ] GC(1619) Pause Young (Allocation Failure) 7646M->5382M(7779M) 98.970ms
[5410.295s][info][gc,cpu         ] GC(1619) User=0.55s Sys=0.03s Real=0.10s
..[5412.095s][info][gc,start       ] GC(1620) Pause Young (Allocation Failure)
[5412.195s][info][gc,heap        ] GC(1620) PSYoungGen: 2577728K(2607104K)->153600K(2607616K) Eden: 2424320K(2424320K)->0K(2424320K) From: 153408K(182784K)->153600K(183296K)
[5412.195s][info][gc,heap        ] GC(1620) ParOldGen: 5358578K(5358592K)->5463074K(5463552K)
[5412.195s][info][gc,metaspace   ] GC(1620) Metaspace: 29078K(29376K)->29078K(29376K) NonClass: 25975K(26112K)->25975K(26112K) Class: 3103K(3264K)->3103K(3264K)
[5412.195s][info][gc             ] GC(1620) Pause Young (Allocation Failure) 7750M->5485M(7882M) 100.249ms
[5412.195s][info][gc,cpu         ] GC(1620) User=0.55s Sys=0.03s Real=0.10s
..[5413.945s][info][gc,start       ] GC(1621) Pause Young (Allocation Failure)
[5414.042s][info][gc,heap        ] GC(1621) PSYoungGen: 2577920K(2607616K)->144384K(2611200K) Eden: 2424320K(2424320K)->0K(2429952K) From: 153600K(183296K)->144384K(181248K)
[5414.042s][info][gc,heap        ] GC(1621) ParOldGen: 5463074K(5463552K)->5567578K(5568000K)
[5414.042s][info][gc,metaspace   ] GC(1621) Metaspace: 29078K(29376K)->29078K(29376K) NonClass: 25975K(26112K)->25975K(26112K) Class: 3103K(3264K)->3103K(3264K)
[5414.042s][info][gc             ] GC(1621) Pause Young (Allocation Failure) 7852M->5578M(7987M) 97.144ms
[5414.042s][info][gc,cpu         ] GC(1621) User=0.55s Sys=0.02s Real=0.10s
.[5415.809s][info][gc,start       ] GC(1622) Pause Full (Allocation Failure)
[5415.809s][info][gc,phases,start] GC(1622) Marking Phase
[5416.119s][info][gc,phases      ] GC(1622) Marking Phase 309.746ms
[5416.119s][info][gc,phases,start] GC(1622) Summary Phase
[5416.119s][info][gc,phases      ] GC(1622) Summary Phase 0.096ms
[5416.119s][info][gc,phases,start] GC(1622) Forward
[5416.250s][info][gc,phases      ] GC(1622) Forward 130.645ms
[5416.250s][info][gc,phases,start] GC(1622) Adjust Pointers
[5416.461s][info][gc,phases      ] GC(1622) Adjust Pointers 210.917ms
[5416.461s][info][gc,phases,start] GC(1622) Compaction Phase
[5416.612s][info][gc,phases      ] GC(1622) Compaction Phase 150.959ms
[5416.613s][info][gc,phases,start] GC(1622) Post Compact
[5416.620s][info][gc,phases      ] GC(1622) Post Compact 7.056ms
[5416.753s][info][gc,heap        ] GC(1622) PSYoungGen: 2574336K(2611200K)->0K(2611200K) Eden: 2429952K(2429952K)->0K(2429952K) From: 144384K(181248K)->0K(181248K)
[5416.753s][info][gc,heap        ] GC(1622) ParOldGen: 5567578K(5568000K)->1625552K(2000896K)
[5416.753s][info][gc,metaspace   ] GC(1622) Metaspace: 29078K(29376K)->29078K(29376K) NonClass: 25975K(26112K)->25975K(26112K) Class: 3103K(3264K)->3103K(3264K)
[5416.753s][info][gc             ] GC(1622) Pause Full (Allocation Failure) 7951M->1587M(4504M) 943.655ms
[5416.753s][info][gc,cpu         ] GC(1622) User=4.37s Sys=0.13s Real=0.95s
..[5418.089s][info][gc,start       ] GC(1623) Pause Young (Allocation Failure)
[5418.151s][info][gc,heap        ] GC(1623) PSYoungGen: 2429952K(2611200K)->149136K(2612736K) Eden: 2429952K(2429952K)->0K(2433536K) From: 0K(181248K)->149136K(179200K)
[5418.151s][info][gc,heap        ] GC(1623) ParOldGen: 1625552K(2000896K)->1625552K(2000896K)
[5418.151s][info][gc,metaspace   ] GC(1623) Metaspace: 29078K(29376K)->29078K(29376K) NonClass: 25975K(26112K)->25975K(26112K) Class: 3103K(3264K)->3103K(3264K)
[5418.151s][info][gc             ] GC(1623) Pause Young (Allocation Failure) 3960M->1733M(4505M) 62.015ms
[5418.151s][info][gc,cpu         ] GC(1623) User=0.35s Sys=0.01s Real=0.07s
.[5419.448s][info][gc,start       ] GC(1624) Pause Young (Allocation Failure)
[5419.543s][info][gc,heap        ] GC(1624) PSYoungGen: 2582672K(2612736K)->163040K(2613760K) Eden: 2433536K(2433536K)->0K(2433536K) From: 149136K(179200K)->163040K(180224K)
[5419.543s][info][gc,heap        ] GC(1624) ParOldGen: 1625552K(2000896K)->1727648K(2000896K)
[5419.543s][info][gc,metaspace   ] GC(1624) Metaspace: 29078K(29376K)->29078K(29376K) NonClass: 25975K(26112K)->25975K(26112K) Class: 3103K(3264K)->3103K(3264K)
[5419.543s][info][gc             ] GC(1624) Pause Young (Allocation Failure) 4109M->1846M(4506M) 94.773ms
[5419.543s][info][gc,cpu         ] GC(1624) User=0.56s Sys=0.00s Real=0.10s
..[5421.200s][info][gc,start       ] GC(1625) Pause Young (Allocation Failure)
[5421.294s][info][gc,heap        ] GC(1625) PSYoungGen: 2596576K(2613760K)->153792K(2612224K) Eden: 2433536K(2433536K)->0K(2435072K) From: 163040K(180224K)->153792K(177152K)
[5421.294s][info][gc,heap        ] GC(1625) ParOldGen: 1727648K(2000896K)->1833720K(2000896K)
[5421.294s][info][gc,metaspace   ] GC(1625) Metaspace: 29078K(29376K)->29078K(29376K) NonClass: 25975K(26112K)->25975K(26112K) Class: 3103K(3264K)->3103K(3264K)
[5421.294s][info][gc             ] GC(1625) Pause Young (Allocation Failure) 4222M->1940M(4505M) 93.315ms
[5421.294s][info][gc,cpu         ] GC(1625) User=0.56s Sys=0.00s Real=0.09s
..[5423.105s][info][gc,start       ] GC(1626) Pause Young (Allocation Failure)
[5423.199s][info][gc,heap        ] GC(1626) PSYoungGen: 2588864K(2612224K)->157712K(2613760K) Eden: 2435072K(2435072K)->0K(2435072K) From: 153792K(177152K)->157712K(178688K)
[5423.199s][info][gc,heap        ] GC(1626) ParOldGen: 1833720K(2000896K)->1937504K(2000896K)
[5423.199s][info][gc,metaspace   ] GC(1626) Metaspace: 29078K(29376K)->29078K(29376K) NonClass: 25975K(26112K)->25975K(26112K) Class: 3103K(3264K)->3103K(3264K)
[5423.199s][info][gc             ] GC(1626) Pause Young (Allocation Failure) 4318M->2046M(4506M) 93.672ms
[5423.199s][info][gc,cpu         ] GC(1626) User=0.56s Sys=0.00s Real=0.09s
.[5424.849s][info][gc,start       ] GC(1627) Pause Young (Allocation Failure)
[5424.946s][info][gc,heap        ] GC(1627) PSYoungGen: 2592784K(2613760K)->154420K(2613248K) Eden: 2435072K(2435072K)->0K(2440192K) From: 157712K(178688K)->154420K(173056K)
[5424.946s][info][gc,heap        ] GC(1627) ParOldGen: 1937504K(2000896K)->2044848K(2044928K)
[5424.946s][info][gc,metaspace   ] GC(1627) Metaspace: 29078K(29376K)->29078K(29376K) NonClass: 25975K(26112K)->25975K(26112K) Class: 3103K(3264K)->3103K(3264K)
[5424.946s][info][gc             ] GC(1627) Pause Young (Allocation Failure) 4424M->2147M(4549M) 96.889ms
[5424.946s][info][gc,cpu         ] GC(1627) User=0.57s Sys=0.00s Real=0.10s
..[5426.661s][info][gc,start       ] GC(1628) Pause Young (Allocation Failure)
[5426.763s][info][gc,heap        ] GC(1628) PSYoungGen: 2594612K(2613248K)->162624K(2615296K) Eden: 2440192K(2440192K)->0K(2440192K) From: 154420K(173056K)->162624K(175104K)
[5426.763s][info][gc,heap        ] GC(1628) ParOldGen: 2044848K(2044928K)->2148480K(2148864K)
[5426.763s][info][gc,metaspace   ] GC(1628) Metaspace: 29078K(29376K)->29078K(29376K) NonClass: 25975K(26112K)->25975K(26112K) Class: 3103K(3264K)->3103K(3264K)
[5426.763s][info][gc             ] GC(1628) Pause Young (Allocation Failure) 4530M->2256M(4652M) 102.014ms
[5426.763s][info][gc,cpu         ] GC(1628) User=0.56s Sys=0.04s Real=0.10s
..[5428.635s][info][gc,start       ] GC(1629) Pause Young (Allocation Failure)
[5428.741s][info][gc,heap        ] GC(1629) PSYoungGen: 2602816K(2615296K)->174820K(2610176K) Eden: 2440192K(2440192K)->0K(2434560K) From: 162624K(175104K)->174820K(175616K)
[5428.741s][info][gc,heap        ] GC(1629) ParOldGen: 2148480K(2148864K)->2249488K(2249728K)
[5428.741s][info][gc,metaspace   ] GC(1629) Metaspace: 29078K(29376K)->29078K(29376K) NonClass: 25975K(26112K)->25975K(26112K) Class: 3103K(3264K)->3103K(3264K)
[5428.741s][info][gc             ] GC(1629) Pause Young (Allocation Failure) 4639M->2367M(4746M) 106.008ms
[5428.741s][info][gc,cpu         ] GC(1629) User=0.60s Sys=0.03s Real=0.11s
..[5430.510s][info][gc,start       ] GC(1630) Pause Young (Allocation Failure)
[5430.612s][info][gc,heap        ] GC(1630) PSYoungGen: 2609380K(2610176K)->163936K(2615296K) Eden: 2434560K(2434560K)->0K(2434560K) From: 174820K(175616K)->163936K(180736K)
[5430.612s][info][gc,heap        ] GC(1630) ParOldGen: 2249488K(2249728K)->2356712K(2356736K)
[5430.612s][info][gc,metaspace   ] GC(1630) Metaspace: 29078K(29376K)->29078K(29376K) NonClass: 25975K(26112K)->25975K(26112K) Class: 3103K(3264K)->3103K(3264K)
[5430.612s][info][gc             ] GC(1630) Pause Young (Allocation Failure) 4744M->2461M(4855M) 101.412ms
[5430.612s][info][gc,cpu         ] GC(1630) User=0.57s Sys=0.02s Real=0.10s
. (rIR:aIR:PR = 9271:9238:9237) (tPR = 137481) [OK] 
  5431s: Performance info:
         Transaction,    Success,    Partial,     Failed,   Receipts, AvgBarcode, 
             Overall,     558590,          0,          0,     530445,      59.48, 
         Response times:
             Request,    Success,    Partial,     Failed,   SkipFail,     Probes,    Samples,      min,      p50,      p90,      p95,      p99,      max, 
       TotalPurchase,     530445,          0,          0,          0,     351061,     481154,      200,     6700,    55000,    98000,   700000,   990000,
     InStorePurchase,     278883,          0,          0,          0,     184732,     253146,      200,     6600,    54000,    99000,   700000,   770000,
      OnlinePurchase,     196005,          0,          0,          0,     129306,     176979,      300,     6700,    55000,    97000,   700000,   770000,
        InstPurchase,      55557,          0,          0,          0,      37023,      51029,      300,     6600,    54000,    96000,   760000,   990000,
          AssocOfCat,        560,          0,          0,          0,        439,        700,    24000,    45000,   110700,   176700,   412630,   470000,
      AssocOfProduct,       5626,          0,          0,          0,       4045,       5698,      700,     8200,    63000,   105000,   780000,   870000,
      BusinessReport,       1400,          0,          0,          0,       1210,       1753,    29000,    54000,   118000,   164300,   689200,  1100000,
          CustBuyBeh,       5618,          0,          0,          0,       4067,       5781,      200,     6500,    51000,    95900,   760000,   850000,
       ProductReturn,      14943,          0,          0,          0,       9347,      13167,      300,     7400,    56000,    97000,   750000,   750000,

  5431s: (68%)   IR =   9409 .[5432.415s][info][gc,start       ] GC(1631) Pause Young (Allocation Failure)
[5432.516s][info][gc,heap        ] GC(1631) PSYoungGen: 2598496K(2615296K)->158061K(2610688K) Eden: 2434560K(2434560K)->0K(2435072K) From: 163936K(180736K)->158061K(175616K)
[5432.516s][info][gc,heap        ] GC(1631) ParOldGen: 2356712K(2356736K)->2460472K(2460672K)
[5432.516s][info][gc,metaspace   ] GC(1631) Metaspace: 29078K(29376K)->29078K(29376K) NonClass: 25975K(26112K)->25975K(26112K) Class: 3103K(3264K)->3103K(3264K)
[5432.516s][info][gc             ] GC(1631) Pause Young (Allocation Failure) 4839M->2557M(4952M) 101.028ms
[5432.516s][info][gc,cpu         ] GC(1631) User=0.57s Sys=0.03s Real=0.10s
.[5434.142s][info][gc,start       ] GC(1632) Pause Young (Allocation Failure)
[5434.242s][info][gc,heap        ] GC(1632) PSYoungGen: 2593133K(2610688K)->163232K(2613248K) Eden: 2435072K(2435072K)->0K(2435072K) From: 158061K(175616K)->163232K(178176K)
[5434.242s][info][gc,heap        ] GC(1632) ParOldGen: 2460472K(2460672K)->2563704K(2564096K)
[5434.242s][info][gc,metaspace   ] GC(1632) Metaspace: 29078K(29376K)->29078K(29376K) NonClass: 25975K(26112K)->25975K(26112K) Class: 3103K(3264K)->3103K(3264K)
[5434.242s][info][gc             ] GC(1632) Pause Young (Allocation Failure) 4935M->2663M(5056M) 99.885ms
[5434.242s][info][gc,cpu         ] GC(1632) User=0.55s Sys=0.03s Real=0.10s
..[5435.913s][info][gc,start       ] GC(1633) Pause Young (Allocation Failure)
[5436.010s][info][gc,heap        ] GC(1633) PSYoungGen: 2598304K(2613248K)->155012K(2615808K) Eden: 2435072K(2435072K)->0K(2439680K) From: 163232K(178176K)->155012K(176128K)
[5436.010s][info][gc,heap        ] GC(1633) ParOldGen: 2563704K(2564096K)->2668272K(2668544K)
[5436.010s][info][gc,metaspace   ] GC(1633) Metaspace: 29078K(29376K)->29078K(29376K) NonClass: 25975K(26112K)->25975K(26112K) Class: 3103K(3264K)->3103K(3264K)
[5436.010s][info][gc             ] GC(1633) Pause Young (Allocation Failure) 5041M->2757M(5160M) 96.875ms
[5436.010s][info][gc,cpu         ] GC(1633) User=0.54s Sys=0.03s Real=0.09s
..[5437.804s][info][gc,start       ] GC(1634) Pause Young (Allocation Failure)
[5437.905s][info][gc,heap        ] GC(1634) PSYoungGen: 2594692K(2615808K)->166356K(2616832K) Eden: 2439680K(2439680K)->0K(2439680K) From: 155012K(176128K)->166356K(177152K)
[5437.905s][info][gc,heap        ] GC(1634) ParOldGen: 2668272K(2668544K)->2773152K(2773504K)
[5437.905s][info][gc,metaspace   ] GC(1634) Metaspace: 29078K(29376K)->29078K(29376K) NonClass: 25975K(26112K)->25975K(26112K) Class: 3103K(3264K)->3103K(3264K)
[5437.905s][info][gc             ] GC(1634) Pause Young (Allocation Failure) 5139M->2870M(5264M) 101.518ms
[5437.905s][info][gc,cpu         ] GC(1634) User=0.57s Sys=0.03s Real=0.10s
..[5439.653s][info][gc,start       ] GC(1635) Pause Young (Allocation Failure)
[5439.751s][info][gc,heap        ] GC(1635) PSYoungGen: 2606036K(2616832K)->158368K(2616320K) Eden: 2439680K(2439680K)->0K(2441216K) From: 166356K(177152K)->158368K(175104K)
[5439.751s][info][gc,heap        ] GC(1635) ParOldGen: 2773152K(2773504K)->2878664K(2878976K)
[5439.751s][info][gc,metaspace   ] GC(1635) Metaspace: 29078K(29376K)->29078K(29376K) NonClass: 25975K(26112K)->25975K(26112K) Class: 3103K(3264K)->3103K(3264K)
[5439.751s][info][gc             ] GC(1635) Pause Young (Allocation Failure) 5253M->2965M(5366M) 98.428ms
[5439.751s][info][gc,cpu         ] GC(1635) User=0.56s Sys=0.02s Real=0.10s
..[5441.529s][info][gc,start       ] GC(1636) Pause Young (Allocation Failure)
[5441.626s][info][gc,heap        ] GC(1636) PSYoungGen: 2599584K(2616320K)->153792K(2617344K) Eden: 2441216K(2441216K)->0K(2441216K) From: 158368K(175104K)->153792K(176128K)
[5441.626s][info][gc,heap        ] GC(1636) ParOldGen: 2878664K(2878976K)->2984848K(2984960K)
[5441.626s][info][gc,metaspace   ] GC(1636) Metaspace: 29078K(29376K)->29078K(29376K) NonClass: 25975K(26112K)->25975K(26112K) Class: 3103K(3264K)->3103K(3264K)
[5441.626s][info][gc             ] GC(1636) Pause Young (Allocation Failure) 5349M->3065M(5471M) 97.275ms
[5441.626s][info][gc,cpu         ] GC(1636) User=0.54s Sys=0.04s Real=0.10s
.|.[5443.366s][info][gc,start       ] GC(1637) Pause Young (Allocation Failure)
[5443.462s][info][gc,heap        ] GC(1637) PSYoungGen: 2595008K(2617344K)->152832K(2618368K) Eden: 2441216K(2441216K)->0K(2444288K) From: 153792K(176128K)->152832K(174080K)
[5443.462s][info][gc,heap        ] GC(1637) ParOldGen: 2984848K(2984960K)->3086288K(3086336K)
[5443.462s][info][gc,metaspace   ] GC(1637) Metaspace: 29078K(29376K)->29078K(29376K) NonClass: 25975K(26112K)->25975K(26112K) Class: 3103K(3264K)->3103K(3264K)
[5443.462s][info][gc             ] GC(1637) Pause Young (Allocation Failure) 5449M->3163M(5571M) 95.852ms
[5443.462s][info][gc,cpu         ] GC(1637) User=0.53s Sys=0.03s Real=0.10s
.[5445.136s][info][gc,start       ] GC(1638) Pause Young (Allocation Failure)
[5445.239s][info][gc,heap        ] GC(1638) PSYoungGen: 2597120K(2618368K)->163104K(2619392K) Eden: 2444288K(2444288K)->0K(2444288K) From: 152832K(174080K)->163104K(175104K)
[5445.239s][info][gc,heap        ] GC(1638) ParOldGen: 3086288K(3086336K)->3190760K(3190784K)
[5445.239s][info][gc,metaspace   ] GC(1638) Metaspace: 29078K(29376K)->29078K(29376K) NonClass: 25975K(26112K)->25975K(26112K) Class: 3103K(3264K)->3103K(3264K)
[5445.239s][info][gc             ] GC(1638) Pause Young (Allocation Failure) 5550M->3275M(5674M) 102.717ms
[5445.239s][info][gc,cpu         ] GC(1638) User=0.58s Sys=0.03s Real=0.10s
..[5446.878s][info][gc,start       ] GC(1639) Pause Young (Allocation Failure)
[5446.973s][info][gc,heap        ] GC(1639) PSYoungGen: 2607392K(2619392K)->145760K(2619904K) Eden: 2444288K(2444288K)->0K(2444800K) From: 163104K(175104K)->145760K(175104K)
[5446.973s][info][gc,heap        ] GC(1639) ParOldGen: 3190760K(3190784K)->3296592K(3296768K)
[5446.973s][info][gc,metaspace   ] GC(1639) Metaspace: 29078K(29376K)->29078K(29376K) NonClass: 25975K(26112K)->25975K(26112K) Class: 3103K(3264K)->3103K(3264K)
[5446.973s][info][gc             ] GC(1639) Pause Young (Allocation Failure) 5662M->3361M(5778M) 94.739ms
[5446.973s][info][gc,cpu         ] GC(1639) User=0.52s Sys=0.04s Real=0.10s
..[5448.659s][info][gc,start       ] GC(1640) Pause Young (Allocation Failure)
[5448.762s][info][gc,heap        ] GC(1640) PSYoungGen: 2590560K(2619904K)->167124K(2612224K) Eden: 2444800K(2444800K)->0K(2444800K) From: 145760K(175104K)->167124K(167424K)
[5448.762s][info][gc,heap        ] GC(1640) ParOldGen: 3296592K(3296768K)->3401248K(3401728K)
[5448.762s][info][gc,metaspace   ] GC(1640) Metaspace: 29078K(29376K)->29078K(29376K) NonClass: 25975K(26112K)->25975K(26112K) Class: 3103K(3264K)->3103K(3264K)
[5448.762s][info][gc             ] GC(1640) Pause Young (Allocation Failure) 5749M->3484M(5873M) 103.757ms
[5448.762s][info][gc,cpu         ] GC(1640) User=0.58s Sys=0.04s Real=0.11s
..[5450.404s][info][gc,start       ] GC(1641) Pause Young (Allocation Failure)
[5450.501s][info][gc,heap        ] GC(1641) PSYoungGen: 2611924K(2612224K)->155392K(2619904K) Eden: 2444800K(2444800K)->0K(2442240K) From: 167124K(167424K)->155392K(177664K)
[5450.501s][info][gc,heap        ] GC(1641) ParOldGen: 3401248K(3401728K)->3503240K(3503616K)
[5450.501s][info][gc,metaspace   ] GC(1641) Metaspace: 29078K(29376K)->29078K(29376K) NonClass: 25975K(26112K)->25975K(26112K) Class: 3103K(3264K)->3103K(3264K)
[5450.501s][info][gc             ] GC(1641) Pause Young (Allocation Failure) 5872M->3572M(5980M) 97.096ms
[5450.501s][info][gc,cpu         ] GC(1641) User=0.55s Sys=0.03s Real=0.10s
.[5452.255s][info][gc,start       ] GC(1642) Pause Young (Allocation Failure)
[5452.352s][info][gc,heap        ] GC(1642) PSYoungGen: 2597632K(2619904K)->148320K(2618368K) Eden: 2442240K(2442240K)->0K(2442240K) From: 155392K(177664K)->148320K(176128K)
[5452.352s][info][gc,heap        ] GC(1642) ParOldGen: 3503240K(3503616K)->3610072K(3610112K)
[5452.352s][info][gc,metaspace   ] GC(1642) Metaspace: 29078K(29376K)->29078K(29376K) NonClass: 25975K(26112K)->25975K(26112K) Class: 3103K(3264K)->3103K(3264K)
[5452.352s][info][gc             ] GC(1642) Pause Young (Allocation Failure) 5957M->3670M(6082M) 96.965ms
[5452.352s][info][gc,cpu         ] GC(1642) User=0.55s Sys=0.03s Real=0.10s
..[5454.035s][info][gc,start       ] GC(1643) Pause Young (Allocation Failure)
[5454.134s][info][gc,heap        ] GC(1643) PSYoungGen: 2590560K(2618368K)->159440K(2618880K) Eden: 2442240K(2442240K)->0K(2443264K) From: 148320K(176128K)->159440K(175616K)
[5454.134s][info][gc,heap        ] GC(1643) ParOldGen: 3610072K(3610112K)->3708888K(3708928K)
[5454.134s][info][gc,metaspace   ] GC(1643) Metaspace: 29078K(29376K)->29078K(29376K) NonClass: 25975K(26112K)->25975K(26112K) Class: 3103K(3264K)->3103K(3264K)
[5454.134s][info][gc             ] GC(1643) Pause Young (Allocation Failure) 6055M->3777M(6179M) 98.373ms
[5454.134s][info][gc,cpu         ] GC(1643) User=0.56s Sys=0.03s Real=0.10s
..[5455.912s][info][gc,start       ] GC(1644) Pause Young (Allocation Failure)
[5456.010s][info][gc,heap        ] GC(1644) PSYoungGen: 2602704K(2618880K)->154016K(2618368K) Eden: 2443264K(2443264K)->0K(2443264K) From: 159440K(175616K)->154016K(175104K)
[5456.010s][info][gc,heap        ] GC(1644) ParOldGen: 3708888K(3708928K)->3814184K(3814400K)
[5456.010s][info][gc,metaspace   ] GC(1644) Metaspace: 29078K(29376K)->29078K(29376K) NonClass: 25975K(26112K)->25975K(26112K) Class: 3103K(3264K)->3103K(3264K)
[5456.010s][info][gc             ] GC(1644) Pause Young (Allocation Failure) 6163M->3875M(6282M) 98.394ms
[5456.010s][info][gc,cpu         ] GC(1644) User=0.56s Sys=0.02s Real=0.10s
..[5457.762s][info][gc,start       ] GC(1645) Pause Young (Allocation Failure)
[5457.872s][info][gc,heap        ] GC(1645) PSYoungGen: 2597280K(2618368K)->174068K(2530816K) Eden: 2443264K(2443264K)->0K(2356736K) From: 154016K(175104K)->174068K(174080K)
[5457.872s][info][gc,heap        ] GC(1645) ParOldGen: 3814184K(3814400K)->3925160K(3925504K)
[5457.872s][info][gc,metaspace   ] GC(1645) Metaspace: 29078K(29376K)->29078K(29376K) NonClass: 25975K(26112K)->25975K(26112K) Class: 3103K(3264K)->3103K(3264K)
[5457.872s][info][gc             ] GC(1645) Pause Young (Allocation Failure) 6261M->4003M(6305M) 110.053ms
[5457.872s][info][gc,cpu         ] GC(1645) User=0.61s Sys=0.04s Real=0.11s
..[5459.452s][info][gc,start       ] GC(1646) Pause Young (Allocation Failure)
[5459.553s][info][gc,heap        ] GC(1646) PSYoungGen: 2530804K(2530816K)->161200K(2576384K) Eden: 2356736K(2356736K)->0K(2356736K) From: 174068K(174080K)->161200K(219648K)
[5459.553s][info][gc,heap        ] GC(1646) ParOldGen: 3925160K(3925504K)->4026304K(4026368K)
[5459.553s][info][gc,metaspace   ] GC(1646) Metaspace: 29078K(29376K)->29078K(29376K) NonClass: 25975K(26112K)->25975K(26112K) Class: 3103K(3264K)->3103K(3264K)
[5459.553s][info][gc             ] GC(1646) Pause Young (Allocation Failure) 6304M->4089M(6448M) 100.789ms
[5459.553s][info][gc,cpu         ] GC(1646) User=0.56s Sys=0.03s Real=0.10s
.[5461.138s][info][gc,start       ] GC(1647) Pause Young (Allocation Failure)
[5461.234s][info][gc,heap        ] GC(1647) PSYoungGen: 2517936K(2576384K)->149440K(2570752K) Eden: 2356736K(2356736K)->0K(2360320K) From: 161200K(219648K)->149440K(210432K)
[5461.234s][info][gc,heap        ] GC(1647) ParOldGen: 4026304K(4026368K)->4126960K(4127232K)
[5461.234s][info][gc,metaspace   ] GC(1647) Metaspace: 29078K(29376K)->29078K(29376K) NonClass: 25975K(26112K)->25975K(26112K) Class: 3103K(3264K)->3103K(3264K)
[5461.234s][info][gc             ] GC(1647) Pause Young (Allocation Failure) 6390M->4176M(6541M) 95.852ms
[5461.234s][info][gc,cpu         ] GC(1647) User=0.53s Sys=0.03s Real=0.10s
..[5462.834s][info][gc,start       ] GC(1648) Pause Young (Allocation Failure)
[5462.938s][info][gc,heap        ] GC(1648) PSYoungGen: 2509760K(2570752K)->162336K(2575360K) Eden: 2360320K(2360320K)->0K(2360320K) From: 149440K(210432K)->162336K(215040K)
[5462.938s][info][gc,heap        ] GC(1648) ParOldGen: 4126960K(4127232K)->4230304K(4230656K)
[5462.938s][info][gc,metaspace   ] GC(1648) Metaspace: 29078K(29376K)->29078K(29376K) NonClass: 25975K(26112K)->25975K(26112K) Class: 3103K(3264K)->3103K(3264K)
[5462.938s][info][gc             ] GC(1648) Pause Young (Allocation Failure) 6481M->4289M(6646M) 103.510ms
[5462.938s][info][gc,cpu         ] GC(1648) User=0.58s Sys=0.02s Real=0.10s
..[5464.592s][info][gc,start       ] GC(1649) Pause Young (Allocation Failure)
[5464.694s][info][gc,heap        ] GC(1649) PSYoungGen: 2522656K(2575360K)->162720K(2573312K) Eden: 2360320K(2360320K)->0K(2370048K) From: 162336K(215040K)->162720K(203264K)
[5464.694s][info][gc,heap        ] GC(1649) ParOldGen: 4230304K(4230656K)->4331240K(4331520K)
[5464.694s][info][gc,metaspace   ] GC(1649) Metaspace: 29078K(29376K)->29078K(29376K) NonClass: 25975K(26112K)->25975K(26112K) Class: 3103K(3264K)->3103K(3264K)
[5464.694s][info][gc             ] GC(1649) Pause Young (Allocation Failure) 6594M->4388M(6743M) 101.487ms
[5464.694s][info][gc,cpu         ] GC(1649) User=0.56s Sys=0.02s Real=0.10s
.[5466.373s][info][gc,start       ] GC(1650) Pause Young (Allocation Failure)
[5466.471s][info][gc,heap        ] GC(1650) PSYoungGen: 2532768K(2573312K)->151200K(2577408K) Eden: 2370048K(2370048K)->0K(2370048K) From: 162720K(203264K)->151200K(207360K)
[5466.471s][info][gc,heap        ] GC(1650) ParOldGen: 4331240K(4331520K)->4435928K(4435968K)
[5466.471s][info][gc,metaspace   ] GC(1650) Metaspace: 29078K(29376K)->29078K(29376K) NonClass: 25975K(26112K)->25975K(26112K) Class: 3103K(3264K)->3103K(3264K)
[5466.471s][info][gc             ] GC(1650) Pause Young (Allocation Failure) 6703M->4479M(6849M) 97.660ms
[5466.471s][info][gc,cpu         ] GC(1650) User=0.54s Sys=0.03s Real=0.10s
..[5468.097s][info][gc,start       ] GC(1651) Pause Young (Allocation Failure)
[5468.201s][info][gc,heap        ] GC(1651) PSYoungGen: 2521248K(2577408K)->168792K(2582016K) Eden: 2370048K(2370048K)->0K(2382848K) From: 151200K(207360K)->168792K(199168K)
[5468.201s][info][gc,heap        ] GC(1651) ParOldGen: 4435928K(4435968K)->4534736K(4534784K)
[5468.201s][info][gc,metaspace   ] GC(1651) Metaspace: 29078K(29376K)->29078K(29376K) NonClass: 25975K(26112K)->25975K(26112K) Class: 3103K(3264K)->3103K(3264K)
[5468.201s][info][gc             ] GC(1651) Pause Young (Allocation Failure) 6794M->4593M(6950M) 103.781ms
[5468.201s][info][gc,cpu         ] GC(1651) User=0.58s Sys=0.03s Real=0.11s
..[5469.790s][info][gc,start       ] GC(1652) Pause Young (Allocation Failure)
[5469.891s][info][gc,heap        ] GC(1652) PSYoungGen: 2551640K(2582016K)->155441K(2586112K) Eden: 2382848K(2382848K)->0K(2382848K) From: 168792K(199168K)->155441K(203264K)
[5469.891s][info][gc,heap        ] GC(1652) ParOldGen: 4534736K(4534784K)->4645696K(4645888K)
[5469.891s][info][gc,metaspace   ] GC(1652) Metaspace: 29078K(29376K)->29078K(29376K) NonClass: 25975K(26112K)->25975K(26112K) Class: 3103K(3264K)->3103K(3264K)
[5469.891s][info][gc             ] GC(1652) Pause Young (Allocation Failure) 6920M->4688M(7062M) 101.598ms
[5469.891s][info][gc,cpu         ] GC(1652) User=0.57s Sys=0.03s Real=0.11s
..[5471.565s][info][gc,start       ] GC(1653) Pause Young (Allocation Failure)
[5471.668s][info][gc,heap        ] GC(1653) PSYoungGen: 2538289K(2586112K)->166056K(2586112K) Eden: 2382848K(2382848K)->0K(2392064K) From: 155441K(203264K)->166056K(194048K)
[5471.668s][info][gc,heap        ] GC(1653) ParOldGen: 4645696K(4645888K)->4747096K(4747264K)
[5471.668s][info][gc,metaspace   ] GC(1653) Metaspace: 29078K(29376K)->29078K(29376K) NonClass: 25975K(26112K)->25975K(26112K) Class: 3103K(3264K)->3103K(3264K)
[5471.668s][info][gc             ] GC(1653) Pause Young (Allocation Failure) 7015M->4798M(7161M) 102.751ms
[5471.668s][info][gc,cpu         ] GC(1653) User=0.58s Sys=0.02s Real=0.10s
.[5473.257s][info][gc,start       ] GC(1654) Pause Young (Allocation Failure)
[5473.355s][info][gc,heap        ] GC(1654) PSYoungGen: 2558120K(2586112K)->152597K(2590208K) Eden: 2392064K(2392064K)->0K(2392064K) From: 166056K(194048K)->152597K(198144K)
[5473.355s][info][gc,heap        ] GC(1654) ParOldGen: 4747096K(4747264K)->4852392K(4852736K)
[5473.355s][info][gc,metaspace   ] GC(1654) Metaspace: 29078K(29376K)->29078K(29376K) NonClass: 25975K(26112K)->25975K(26112K) Class: 3103K(3264K)->3103K(3264K)
[5473.355s][info][gc             ] GC(1654) Pause Young (Allocation Failure) 7134M->4887M(7268M) 98.288ms
[5473.355s][info][gc,cpu         ] GC(1654) User=0.54s Sys=0.03s Real=0.10s
..[5475.018s][info][gc,start       ] GC(1655) Pause Young (Allocation Failure)
[5475.119s][info][gc,heap        ] GC(1655) PSYoungGen: 2544661K(2590208K)->162933K(2590208K) Eden: 2392064K(2392064K)->0K(2401280K) From: 152597K(198144K)->162933K(188928K)
[5475.119s][info][gc,heap        ] GC(1655) ParOldGen: 4852392K(4852736K)->4951792K(4952064K)
[5475.119s][info][gc,metaspace   ] GC(1655) Metaspace: 29078K(29376K)->29078K(29376K) NonClass: 25975K(26112K)->25975K(26112K) Class: 3103K(3264K)->3103K(3264K)
[5475.119s][info][gc             ] GC(1655) Pause Young (Allocation Failure) 7223M->4994M(7365M) 101.648ms
[5475.119s][info][gc,cpu         ] GC(1655) User=0.56s Sys=0.03s Real=0.10s
..[5476.793s][info][gc,start       ] GC(1656) Pause Young (Allocation Failure)
[5476.899s][info][gc,heap        ] GC(1656) PSYoungGen: 2564213K(2590208K)->164281K(2594816K) Eden: 2401280K(2401280K)->0K(2401280K) From: 162933K(188928K)->164281K(193536K)
[5476.899s][info][gc,heap        ] GC(1656) ParOldGen: 4951792K(4952064K)->5059888K(5060096K)
[5476.899s][info][gc,metaspace   ] GC(1656) Metaspace: 29078K(29376K)->29078K(29376K) NonClass: 25975K(26112K)->25975K(26112K) Class: 3103K(3264K)->3103K(3264K)
[5476.899s][info][gc             ] GC(1656) Pause Young (Allocation Failure) 7339M->5101M(7475M) 105.505ms
[5476.899s][info][gc,cpu         ] GC(1656) User=0.58s Sys=0.04s Real=0.10s
.[5478.563s][info][gc,start       ] GC(1657) Pause Young (Allocation Failure)
[5478.667s][info][gc,heap        ] GC(1657) PSYoungGen: 2565561K(2594816K)->167943K(2598400K) Eden: 2401280K(2401280K)->0K(2411520K) From: 164281K(193536K)->167943K(186880K)
[5478.667s][info][gc,heap        ] GC(1657) ParOldGen: 5059888K(5060096K)->5159064K(5159424K)
[5478.667s][info][gc,metaspace   ] GC(1657) Metaspace: 29078K(29376K)->29078K(29376K) NonClass: 25975K(26112K)->25975K(26112K) Class: 3103K(3264K)->3103K(3264K)
[5478.667s][info][gc             ] GC(1657) Pause Young (Allocation Failure) 7446M->5202M(7576M) 103.786ms
[5478.667s][info][gc,cpu         ] GC(1657) User=0.57s Sys=0.03s Real=0.10s
..[5480.436s][info][gc,start       ] GC(1658) Pause Young (Allocation Failure)
[5480.538s][info][gc,heap        ] GC(1658) PSYoungGen: 2579463K(2598400K)->157152K(2601472K) Eden: 2411520K(2411520K)->0K(2411520K) From: 167943K(186880K)->157152K(189952K)
[5480.538s][info][gc,heap        ] GC(1658) ParOldGen: 5159064K(5159424K)->5262976K(5263360K)
[5480.538s][info][gc,metaspace   ] GC(1658) Metaspace: 29078K(29376K)->29078K(29376K) NonClass: 25975K(26112K)->25975K(26112K) Class: 3103K(3264K)->3103K(3264K)
[5480.538s][info][gc             ] GC(1658) Pause Young (Allocation Failure) 7557M->5293M(7680M) 101.784ms
[5480.538s][info][gc,cpu         ] GC(1658) User=0.56s Sys=0.04s Real=0.10s
..[5482.271s][info][gc,start       ] GC(1659) Pause Young (Allocation Failure)
[5482.373s][info][gc,heap        ] GC(1659) PSYoungGen: 2568672K(2601472K)->162880K(2599424K) Eden: 2411520K(2411520K)->0K(2417664K) From: 157152K(189952K)->162880K(181760K)
[5482.373s][info][gc,heap        ] GC(1659) ParOldGen: 5262976K(5263360K)->5365360K(5365760K)
[5482.373s][info][gc,metaspace   ] GC(1659) Metaspace: 29078K(29376K)->29078K(29376K) NonClass: 25975K(26112K)->25975K(26112K) Class: 3103K(3264K)->3103K(3264K)
[5482.373s][info][gc             ] GC(1659) Pause Young (Allocation Failure) 7648M->5398M(7778M) 102.403ms
[5482.373s][info][gc,cpu         ] GC(1659) User=0.56s Sys=0.04s Real=0.10s
..[5484.025s][info][gc,start       ] GC(1660) Pause Young (Allocation Failure)
[5484.124s][info][gc,heap        ] GC(1660) PSYoungGen: 2580544K(2599424K)->154304K(2603520K) Eden: 2417664K(2417664K)->0K(2417664K) From: 162880K(181760K)->154304K(185856K)
[5484.124s][info][gc,heap        ] GC(1660) ParOldGen: 5365360K(5365760K)->5467528K(5467648K)
[5484.124s][info][gc,metaspace   ] GC(1660) Metaspace: 29078K(29376K)->29078K(29376K) NonClass: 25975K(26112K)->25975K(26112K) Class: 3103K(3264K)->3103K(3264K)
[5484.124s][info][gc             ] GC(1660) Pause Young (Allocation Failure) 7759M->5490M(7882M) 99.832ms
[5484.124s][info][gc,cpu         ] GC(1660) User=0.55s Sys=0.03s Real=0.10s
..[5485.829s][info][gc,start       ] GC(1661) Pause Young (Allocation Failure)
[5485.926s][info][gc,heap        ] GC(1661) PSYoungGen: 2571968K(2603520K)->147680K(2610176K) Eden: 2417664K(2417664K)->0K(2425344K) From: 154304K(185856K)->147680K(184832K)
[5485.926s][info][gc,heap        ] GC(1661) ParOldGen: 5467528K(5467648K)->5574784K(5575168K)
[5485.926s][info][gc,metaspace   ] GC(1661) Metaspace: 29078K(29376K)->29078K(29376K) NonClass: 25975K(26112K)->25975K(26112K) Class: 3103K(3264K)->3103K(3264K)
[5485.926s][info][gc             ] GC(1661) Pause Young (Allocation Failure) 7851M->5588M(7993M) 97.468ms
[5485.926s][info][gc,cpu         ] GC(1661) User=0.54s Sys=0.03s Real=0.10s
.[5487.575s][info][gc,start       ] GC(1662) Pause Full (Allocation Failure)
[5487.575s][info][gc,phases,start] GC(1662) Marking Phase
[5487.893s][info][gc,phases      ] GC(1662) Marking Phase 317.512ms
[5487.893s][info][gc,phases,start] GC(1662) Summary Phase
[5487.893s][info][gc,phases      ] GC(1662) Summary Phase 0.101ms
[5487.893s][info][gc,phases,start] GC(1662) Forward
[5488.031s][info][gc,phases      ] GC(1662) Forward 138.252ms
[5488.031s][info][gc,phases,start] GC(1662) Adjust Pointers
[5488.248s][info][gc,phases      ] GC(1662) Adjust Pointers 216.385ms
[5488.248s][info][gc,phases,start] GC(1662) Compaction Phase
[5488.401s][info][gc,phases      ] GC(1662) Compaction Phase 153.441ms
[5488.403s][info][gc,phases,start] GC(1662) Post Compact
[5488.410s][info][gc,phases      ] GC(1662) Post Compact 6.980ms
[5488.533s][info][gc,heap        ] GC(1662) PSYoungGen: 2573024K(2610176K)->0K(2610688K) Eden: 2425344K(2425344K)->0K(2425344K) From: 147680K(184832K)->0K(185344K)
[5488.533s][info][gc,heap        ] GC(1662) ParOldGen: 5574784K(5575168K)->1636208K(2022912K)
[5488.533s][info][gc,metaspace   ] GC(1662) Metaspace: 29078K(29376K)->29078K(29376K) NonClass: 25975K(26112K)->25975K(26112K) Class: 3103K(3264K)->3103K(3264K)
[5488.533s][info][gc             ] GC(1662) Pause Full (Allocation Failure) 7956M->1597M(4525M) 958.061ms
[5488.533s][info][gc,cpu         ] GC(1662) User=4.48s Sys=0.12s Real=0.96s
..[5489.783s][info][gc,start       ] GC(1663) Pause Young (Allocation Failure)
[5489.899s][info][gc,heap        ] GC(1663) PSYoungGen: 2425344K(2610688K)->170016K(2608640K) Eden: 2425344K(2425344K)->0K(2423296K) From: 0K(185344K)->170016K(185344K)
[5489.899s][info][gc,heap        ] GC(1663) ParOldGen: 1636208K(2022912K)->1636208K(2022912K)
[5489.899s][info][gc,metaspace   ] GC(1663) Metaspace: 29078K(29376K)->29078K(29376K) NonClass: 25975K(26112K)->25975K(26112K) Class: 3103K(3264K)->3103K(3264K)
[5489.899s][info][gc             ] GC(1663) Pause Young (Allocation Failure) 3966M->1763M(4523M) 116.291ms
[5489.899s][info][gc,cpu         ] GC(1663) User=0.41s Sys=0.00s Real=0.11s
.[5491.203s][info][gc,start       ] GC(1664) Pause Young (Allocation Failure)
[5491.304s][info][gc,heap        ] GC(1664) PSYoungGen: 2593312K(2608640K)->167620K(2609664K) Eden: 2423296K(2423296K)->0K(2423296K) From: 170016K(185344K)->167620K(186368K)
[5491.304s][info][gc,heap        ] GC(1664) ParOldGen: 1636208K(2022912K)->1745320K(2022912K)
[5491.304s][info][gc,metaspace   ] GC(1664) Metaspace: 29078K(29376K)->29078K(29376K) NonClass: 25975K(26112K)->25975K(26112K) Class: 3103K(3264K)->3103K(3264K)
[5491.304s][info][gc             ] GC(1664) Pause Young (Allocation Failure) 4130M->1868M(4524M) 100.352ms
[5491.304s][info][gc,cpu         ] GC(1664) User=0.60s Sys=0.00s Real=0.10s
..[5492.924s][info][gc,start       ] GC(1665) Pause Young (Allocation Failure)
[5493.016s][info][gc,heap        ] GC(1665) PSYoungGen: 2590916K(2609664K)->150821K(2609152K) Eden: 2423296K(2423296K)->0K(2423808K) From: 167620K(186368K)->150821K(185344K)
[5493.016s][info][gc,heap        ] GC(1665) ParOldGen: 1745320K(2022912K)->1850984K(2022912K)
[5493.016s][info][gc,metaspace   ] GC(1665) Metaspace: 29078K(29376K)->29078K(29376K) NonClass: 25975K(26112K)->25975K(26112K) Class: 3103K(3264K)->3103K(3264K)
[5493.016s][info][gc             ] GC(1665) Pause Young (Allocation Failure) 4234M->1954M(4523M) 92.771ms
[5493.017s][info][gc,cpu         ] GC(1665) User=0.55s Sys=0.00s Real=0.09s
..[5494.770s][info][gc,start       ] GC(1666) Pause Young (Allocation Failure)
[5494.864s][info][gc,heap        ] GC(1666) PSYoungGen: 2574629K(2609152K)->156576K(2580480K) Eden: 2423808K(2423808K)->0K(2423808K) From: 150821K(185344K)->156576K(156672K)
[5494.864s][info][gc,heap        ] GC(1666) ParOldGen: 1850984K(2022912K)->1954088K(2022912K)
[5494.864s][info][gc,metaspace   ] GC(1666) Metaspace: 29078K(29376K)->29078K(29376K) NonClass: 25975K(26112K)->25975K(26112K) Class: 3103K(3264K)->3103K(3264K)
[5494.864s][info][gc             ] GC(1666) Pause Young (Allocation Failure) 4321M->2061M(4495M) 93.821ms
[5494.864s][info][gc,cpu         ] GC(1666) User=0.56s Sys=0.00s Real=0.09s
.[5496.554s][info][gc,start       ] GC(1667) Pause Young (Allocation Failure)
[5496.658s][info][gc,heap        ] GC(1667) PSYoungGen: 2580384K(2580480K)->177141K(2604032K) Eden: 2423808K(2423808K)->0K(2420224K) From: 156576K(156672K)->177141K(183808K)
[5496.658s][info][gc,heap        ] GC(1667) ParOldGen: 1954088K(2022912K)->2055872K(2056192K)
[5496.658s][info][gc,metaspace   ] GC(1667) Metaspace: 29078K(29376K)->29078K(29376K) NonClass: 25975K(26112K)->25975K(26112K) Class: 3103K(3264K)->3103K(3264K)
[5496.658s][info][gc             ] GC(1667) Pause Young (Allocation Failure) 4428M->2180M(4551M) 103.496ms
[5496.658s][info][gc,cpu         ] GC(1667) User=0.60s Sys=0.01s Real=0.10s
..[5498.374s][info][gc,start       ] GC(1668) Pause Young (Allocation Failure)
[5498.475s][info][gc,heap        ] GC(1668) PSYoungGen: 2597365K(2604032K)->162118K(2608128K) Eden: 2420224K(2420224K)->0K(2420224K) From: 177141K(183808K)->162118K(187904K)
[5498.475s][info][gc,heap        ] GC(1668) ParOldGen: 2055872K(2056192K)->2160456K(2160640K)
[5498.475s][info][gc,metaspace   ] GC(1668) Metaspace: 29078K(29376K)->29078K(29376K) NonClass: 25975K(26112K)->25975K(26112K) Class: 3103K(3264K)->3103K(3264K)
[5498.475s][info][gc             ] GC(1668) Pause Young (Allocation Failure) 4544M->2268M(4657M) 101.297ms
[5498.475s][info][gc,cpu         ] GC(1668) User=0.55s Sys=0.04s Real=0.10s
..[5500.240s][info][gc,start       ] GC(1669) Pause Young (Allocation Failure)
[5500.341s][info][gc,heap        ] GC(1669) PSYoungGen: 2582342K(2608128K)->163605K(2602496K) Eden: 2420224K(2420224K)->0K(2422784K) From: 162118K(187904K)->163605K(179712K)
[5500.341s][info][gc,heap        ] GC(1669) ParOldGen: 2160456K(2160640K)->2264096K(2264576K)
[5500.341s][info][gc,metaspace   ] GC(1669) Metaspace: 29078K(29376K)->29078K(29376K) NonClass: 25975K(26112K)->25975K(26112K) Class: 3103K(3264K)->3103K(3264K)
[5500.341s][info][gc             ] GC(1669) Pause Young (Allocation Failure) 4631M->2370M(4753M) 100.492ms
[5500.341s][info][gc,cpu         ] GC(1669) User=0.55s Sys=0.03s Real=0.10s
..[5501.984s][info][gc,start       ] GC(1670) Pause Young (Allocation Failure)
[5502.083s][info][gc,heap        ] GC(1670) PSYoungGen: 2586389K(2602496K)->157008K(2606080K) Eden: 2422784K(2422784K)->0K(2422784K) From: 163605K(179712K)->157008K(183296K)
[5502.083s][info][gc,heap        ] GC(1670) ParOldGen: 2264096K(2264576K)->2368472K(2368512K)
[5502.083s][info][gc,metaspace   ] GC(1670) Metaspace: 29078K(29376K)->29078K(29376K) NonClass: 25975K(26112K)->25975K(26112K) Class: 3103K(3264K)->3103K(3264K)
[5502.083s][info][gc             ] GC(1670) Pause Young (Allocation Failure) 4736M->2466M(4858M) 98.567ms
[5502.083s][info][gc,cpu         ] GC(1670) User=0.55s Sys=0.04s Real=0.10s
. (rIR:aIR:PR = 9409:9483:9483) (tPR = 141754) [OK] 
  5502s: Performance info:
         Transaction,    Success,    Partial,     Failed,   Receipts, AvgBarcode, 
             Overall,     573541,          0,          0,     544980,      59.48, 
         Response times:
             Request,    Success,    Partial,     Failed,   SkipFail,     Probes,    Samples,      min,      p50,      p90,      p95,      p99,      max, 
       TotalPurchase,     544971,          0,          0,          0,     349549,     429783,      300,     7300,    77000,   142000,   800000,  1800000,
     InStorePurchase,     285343,          0,          0,          0,     184001,     226275,      300,     7300,    77000,   142000,   810000,  1700000,
      OnlinePurchase,     202573,          0,          0,          0,     128947,     158256,      300,     7200,    77000,   141150,   810000,  1800000,
        InstPurchase,      57055,          0,          0,          0,      36601,      45252,      400,     7300,    77000,   142000,   748800,  1200000,
          AssocOfCat,        568,          0,          0,          0,        455,        649,    19900,    45000,   116000,   191000,   490000,  1100000,
      AssocOfProduct,       5695,          0,          0,          0,       4091,       5194,      500,     7700,    80000,   143000,   402000,  1100000,
      BusinessReport,       1424,          0,          0,          0,       1226,       1649,    29000,    58000,   152000,   208000,   875000,  1500000,
          CustBuyBeh,       5714,          0,          0,          0,       4095,       5297,      300,     7600,    75000,   117000,   566000,   730000,
       ProductReturn,      15159,          0,          0,          0,       9550,      11931,      200,     7100,    78000,   137000,   840000,  1100000,

  5502s: (69%)   IR =   9548 [5503.796s][info][gc,start       ] GC(1671) Pause Young (Allocation Failure)
[5503.895s][info][gc,heap        ] GC(1671) PSYoungGen: 2579792K(2606080K)->161440K(2607616K) Eden: 2422784K(2422784K)->0K(2430464K) From: 157008K(183296K)->161440K(177152K)
[5503.895s][info][gc,heap        ] GC(1671) ParOldGen: 2368472K(2368512K)->2470904K(2470912K)
[5503.895s][info][gc,metaspace   ] GC(1671) Metaspace: 29078K(29376K)->29078K(29376K) NonClass: 25975K(26112K)->25975K(26112K) Class: 3103K(3264K)->3103K(3264K)
[5503.895s][info][gc             ] GC(1671) Pause Young (Allocation Failure) 4832M->2570M(4959M) 99.149ms
[5503.896s][info][gc,cpu         ] GC(1671) User=0.55s Sys=0.04s Real=0.10s
..[5505.550s][info][gc,start       ] GC(1672) Pause Young (Allocation Failure)
[5505.652s][info][gc,heap        ] GC(1672) PSYoungGen: 2591904K(2607616K)->160800K(2610688K) Eden: 2430464K(2430464K)->0K(2430464K) From: 161440K(177152K)->160800K(180224K)
[5505.652s][info][gc,heap        ] GC(1672) ParOldGen: 2470904K(2470912K)->2578136K(2578432K)
[5505.652s][info][gc,metaspace   ] GC(1672) Metaspace: 29078K(29376K)->29078K(29376K) NonClass: 25975K(26112K)->25975K(26112K) Class: 3103K(3264K)->3103K(3264K)
[5505.652s][info][gc             ] GC(1672) Pause Young (Allocation Failure) 4944M->2674M(5067M) 102.348ms
[5505.652s][info][gc,cpu         ] GC(1672) User=0.57s Sys=0.03s Real=0.10s
..[5507.335s][info][gc,start       ] GC(1673) Pause Young (Allocation Failure)
[5507.437s][info][gc,heap        ] GC(1673) PSYoungGen: 2591264K(2610688K)->165008K(2613248K) Eden: 2430464K(2430464K)->0K(2437120K) From: 160800K(180224K)->165008K(176128K)
[5507.437s][info][gc,heap        ] GC(1673) ParOldGen: 2578136K(2578432K)->2682152K(2682368K)
[5507.437s][info][gc,metaspace   ] GC(1673) Metaspace: 29078K(29376K)->29078K(29376K) NonClass: 25975K(26112K)->25975K(26112K) Class: 3103K(3264K)->3103K(3264K)
[5507.437s][info][gc             ] GC(1673) Pause Young (Allocation Failure) 5048M->2780M(5171M) 101.360ms
[5507.437s][info][gc,cpu         ] GC(1673) User=0.57s Sys=0.02s Real=0.10s
..[5508.995s][info][gc,start       ] GC(1674) Pause Young (Allocation Failure)
[5509.089s][info][gc,heap        ] GC(1674) PSYoungGen: 2602128K(2613248K)->143360K(2615296K) Eden: 2437120K(2437120K)->0K(2437120K) From: 165008K(176128K)->143360K(178176K)
[5509.089s][info][gc,heap        ] GC(1674) ParOldGen: 2682152K(2682368K)->2789368K(2789376K)
[5509.089s][info][gc,metaspace   ] GC(1674) Metaspace: 29078K(29376K)->29078K(29376K) NonClass: 25975K(26112K)->25975K(26112K) Class: 3103K(3264K)->3103K(3264K)
[5509.089s][info][gc             ] GC(1674) Pause Young (Allocation Failure) 5160M->2863M(5278M) 94.195ms
[5509.089s][info][gc,cpu         ] GC(1674) User=0.52s Sys=0.03s Real=0.09s
..[5510.950s][info][gc,start       ] GC(1675) Pause Young (Allocation Failure)
[5511.050s][info][gc,heap        ] GC(1675) PSYoungGen: 2580480K(2615296K)->163568K(2616832K) Eden: 2437120K(2437120K)->0K(2437120K) From: 143360K(178176K)->163568K(179712K)
[5511.050s][info][gc,heap        ] GC(1675) ParOldGen: 2789368K(2789376K)->2890376K(2890752K)
[5511.050s][info][gc,metaspace   ] GC(1675) Metaspace: 29078K(29376K)->29078K(29376K) NonClass: 25975K(26112K)->25975K(26112K) Class: 3103K(3264K)->3103K(3264K)
[5511.051s][info][gc             ] GC(1675) Pause Young (Allocation Failure) 5243M->2982M(5378M) 100.366ms
[5511.051s][info][gc,cpu         ] GC(1675) User=0.57s Sys=0.03s Real=0.10s
.[5512.758s][info][gc,start       ] GC(1676) Pause Young (Allocation Failure)
[5512.860s][info][gc,heap        ] GC(1676) PSYoungGen: 2600688K(2616832K)->167155K(2616320K) Eden: 2437120K(2437120K)->0K(2437120K) From: 163568K(179712K)->167155K(179200K)
[5512.860s][info][gc,heap        ] GC(1676) ParOldGen: 2890376K(2890752K)->2994904K(2995200K)
[5512.860s][info][gc,metaspace   ] GC(1676) Metaspace: 29078K(29376K)->29078K(29376K) NonClass: 25975K(26112K)->25975K(26112K) Class: 3103K(3264K)->3103K(3264K)
[5512.860s][info][gc             ] GC(1676) Pause Young (Allocation Failure) 5362M->3087M(5480M) 102.662ms
[5512.860s][info][gc,cpu         ] GC(1676) User=0.59s Sys=0.02s Real=0.11s
.|.[5514.543s][info][gc,start       ] GC(1677) Pause Young (Allocation Failure)
[5514.644s][info][gc,heap        ] GC(1677) PSYoungGen: 2604275K(2616320K)->163269K(2615296K) Eden: 2437120K(2437120K)->0K(2437120K) From: 167155K(179200K)->163269K(178176K)
[5514.644s][info][gc,heap        ] GC(1677) ParOldGen: 2994904K(2995200K)->3096888K(3097088K)
[5514.644s][info][gc,metaspace   ] GC(1677) Metaspace: 29078K(29376K)->29078K(29376K) NonClass: 25975K(26112K)->25975K(26112K) Class: 3103K(3264K)->3103K(3264K)
[5514.644s][info][gc             ] GC(1677) Pause Young (Allocation Failure) 5467M->3183M(5578M) 101.349ms
[5514.644s][info][gc,cpu         ] GC(1677) User=0.56s Sys=0.04s Real=0.10s
..[5516.316s][info][gc,start       ] GC(1678) Pause Young (Allocation Failure)
[5516.415s][info][gc,heap        ] GC(1678) PSYoungGen: 2600389K(2615296K)->158432K(2615808K) Eden: 2437120K(2437120K)->0K(2437120K) From: 163269K(178176K)->158432K(178688K)
[5516.415s][info][gc,heap        ] GC(1678) ParOldGen: 3096888K(3097088K)->3198928K(3198976K)
[5516.415s][info][gc,metaspace   ] GC(1678) Metaspace: 29078K(29376K)->29078K(29376K) NonClass: 25975K(26112K)->25975K(26112K) Class: 3103K(3264K)->3103K(3264K)
[5516.415s][info][gc             ] GC(1678) Pause Young (Allocation Failure) 5563M->3278M(5678M) 99.162ms
[5516.415s][info][gc,cpu         ] GC(1678) User=0.56s Sys=0.02s Real=0.10s
..[5518.120s][info][gc,start       ] GC(1679) Pause Young (Allocation Failure)
[5518.219s][info][gc,heap        ] GC(1679) PSYoungGen: 2595552K(2615808K)->153376K(2616832K) Eden: 2437120K(2437120K)->0K(2439680K) From: 158432K(178688K)->153376K(177152K)
[5518.219s][info][gc,heap        ] GC(1679) ParOldGen: 3198928K(3198976K)->3304648K(3304960K)
[5518.219s][info][gc,metaspace   ] GC(1679) Metaspace: 29078K(29376K)->29078K(29376K) NonClass: 25975K(26112K)->25975K(26112K) Class: 3103K(3264K)->3103K(3264K)
[5518.219s][info][gc             ] GC(1679) Pause Young (Allocation Failure) 5658M->3376M(5783M) 99.319ms
[5518.219s][info][gc,cpu         ] GC(1679) User=0.55s Sys=0.03s Real=0.09s
..[5520.022s][info][gc,start       ] GC(1680) Pause Young (Allocation Failure)
[5520.116s][info][gc,heap        ] GC(1680) PSYoungGen: 2593056K(2616832K)->147648K(2616832K) Eden: 2439680K(2439680K)->0K(2439680K) From: 153376K(177152K)->147648K(177152K)
[5520.116s][info][gc,heap        ] GC(1680) ParOldGen: 3304648K(3304960K)->3408120K(3408384K)
[5520.116s][info][gc,metaspace   ] GC(1680) Metaspace: 29078K(29376K)->29078K(29376K) NonClass: 25975K(26112K)->25975K(26112K) Class: 3103K(3264K)->3103K(3264K)
[5520.116s][info][gc             ] GC(1680) Pause Young (Allocation Failure) 5759M->3472M(5884M) 94.384ms
[5520.116s][info][gc,cpu         ] GC(1680) User=0.52s Sys=0.03s Real=0.09s
.[5521.688s][info][gc,start       ] GC(1681) Pause Young (Allocation Failure)
[5521.784s][info][gc,heap        ] GC(1681) PSYoungGen: 2587328K(2616832K)->154304K(2617344K) Eden: 2439680K(2439680K)->0K(2441216K) From: 147648K(177152K)->154304K(176128K)
[5521.784s][info][gc,heap        ] GC(1681) ParOldGen: 3408120K(3408384K)->3512312K(3512320K)
[5521.784s][info][gc,metaspace   ] GC(1681) Metaspace: 29078K(29376K)->29078K(29376K) NonClass: 25975K(26112K)->25975K(26112K) Class: 3103K(3264K)->3103K(3264K)
[5521.784s][info][gc             ] GC(1681) Pause Young (Allocation Failure) 5854M->3580M(5986M) 96.183ms
[5521.784s][info][gc,cpu         ] GC(1681) User=0.53s Sys=0.03s Real=0.10s
..[5523.562s][info][gc,start       ] GC(1682) Pause Young (Allocation Failure)
[5523.660s][info][gc,heap        ] GC(1682) PSYoungGen: 2595520K(2617344K)->159872K(2617856K) Eden: 2441216K(2441216K)->0K(2441216K) From: 154304K(176128K)->159872K(176640K)
[5523.660s][info][gc,heap        ] GC(1682) ParOldGen: 3512312K(3512320K)->3613096K(3613184K)
[5523.660s][info][gc,metaspace   ] GC(1682) Metaspace: 29078K(29376K)->29078K(29376K) NonClass: 25975K(26112K)->25975K(26112K) Class: 3103K(3264K)->3103K(3264K)
[5523.660s][info][gc             ] GC(1682) Pause Young (Allocation Failure) 5964M->3684M(6085M) 98.774ms
[5523.661s][info][gc,cpu         ] GC(1682) User=0.55s Sys=0.03s Real=0.10s
..[5525.279s][info][gc,start       ] GC(1683) Pause Young (Allocation Failure)
[5525.383s][info][gc,heap        ] GC(1683) PSYoungGen: 2601088K(2617856K)->164699K(2618368K) Eden: 2441216K(2441216K)->0K(2442752K) From: 159872K(176640K)->164699K(175616K)
[5525.383s][info][gc,heap        ] GC(1683) ParOldGen: 3613096K(3613184K)->3719632K(3719680K)
[5525.383s][info][gc,metaspace   ] GC(1683) Metaspace: 29078K(29376K)->29078K(29376K) NonClass: 25975K(26112K)->25975K(26112K) Class: 3103K(3264K)->3103K(3264K)
[5525.383s][info][gc             ] GC(1683) Pause Young (Allocation Failure) 6068M->3793M(6189M) 103.983ms
[5525.383s][info][gc,cpu         ] GC(1683) User=0.59s Sys=0.02s Real=0.11s
..[5527.071s][info][gc,start       ] GC(1684) Pause Young (Allocation Failure)
[5527.170s][info][gc,heap        ] GC(1684) PSYoungGen: 2607451K(2618368K)->152864K(2618880K) Eden: 2442752K(2442752K)->0K(2442752K) From: 164699K(175616K)->152864K(176128K)
[5527.170s][info][gc,heap        ] GC(1684) ParOldGen: 3719632K(3719680K)->3824424K(3824640K)
[5527.170s][info][gc,metaspace   ] GC(1684) Metaspace: 29078K(29376K)->29078K(29376K) NonClass: 25975K(26112K)->25975K(26112K) Class: 3103K(3264K)->3103K(3264K)
[5527.170s][info][gc             ] GC(1684) Pause Young (Allocation Failure) 6178M->3884M(6292M) 99.238ms
[5527.170s][info][gc,cpu         ] GC(1684) User=0.56s Sys=0.03s Real=0.10s
.[5528.774s][info][gc,start       ] GC(1685) Pause Young (Allocation Failure)
[5528.887s][info][gc,heap        ] GC(1685) PSYoungGen: 2595616K(2618880K)->175615K(2531328K) Eden: 2442752K(2442752K)->0K(2355712K) From: 152864K(176128K)->175615K(175616K)
[5528.887s][info][gc,heap        ] GC(1685) ParOldGen: 3824424K(3824640K)->3932880K(3933184K)
[5528.887s][info][gc,metaspace   ] GC(1685) Metaspace: 29078K(29376K)->29078K(29376K) NonClass: 25975K(26112K)->25975K(26112K) Class: 3103K(3264K)->3103K(3264K)
[5528.887s][info][gc             ] GC(1685) Pause Young (Allocation Failure) 6269M->4012M(6313M) 112.928ms
[5528.887s][info][gc,cpu         ] GC(1685) User=0.62s Sys=0.05s Real=0.11s
..[5530.519s][info][gc,start       ] GC(1686) Pause Young (Allocation Failure)
[5530.618s][info][gc,heap        ] GC(1686) PSYoungGen: 2531327K(2531328K)->156720K(2575872K) Eden: 2355712K(2355712K)->0K(2355712K) From: 175615K(175616K)->156720K(220160K)
[5530.618s][info][gc,heap        ] GC(1686) ParOldGen: 3932880K(3933184K)->4036576K(4036608K)
[5530.618s][info][gc,metaspace   ] GC(1686) Metaspace: 29078K(29376K)->29078K(29376K) NonClass: 25975K(26112K)->25975K(26112K) Class: 3103K(3264K)->3103K(3264K)
[5530.618s][info][gc             ] GC(1686) Pause Young (Allocation Failure) 6312M->4095M(6457M) 98.791ms
[5530.618s][info][gc,cpu         ] GC(1686) User=0.56s Sys=0.03s Real=0.10s
..[5532.137s][info][gc,start       ] GC(1687) Pause Young (Allocation Failure)
[5532.236s][info][gc,heap        ] GC(1687) PSYoungGen: 2512432K(2575872K)->152704K(2570240K) Eden: 2355712K(2355712K)->0K(2358272K) From: 156720K(220160K)->152704K(211968K)
[5532.236s][info][gc,heap        ] GC(1687) ParOldGen: 4036576K(4036608K)->4139032K(4139520K)
[5532.236s][info][gc,metaspace   ] GC(1687) Metaspace: 29078K(29376K)->29078K(29376K) NonClass: 25975K(26112K)->25975K(26112K) Class: 3103K(3264K)->3103K(3264K)
[5532.236s][info][gc             ] GC(1687) Pause Young (Allocation Failure) 6395M->4191M(6552M) 98.464ms
[5532.236s][info][gc,cpu         ] GC(1687) User=0.55s Sys=0.03s Real=0.10s
.[5533.891s][info][gc,start       ] GC(1688) Pause Young (Allocation Failure)
[5533.984s][info][gc,heap        ] GC(1688) PSYoungGen: 2510976K(2570240K)->141824K(2574336K) Eden: 2358272K(2358272K)->0K(2358272K) From: 152704K(211968K)->141824K(216064K)
[5533.984s][info][gc,heap        ] GC(1688) ParOldGen: 4139032K(4139520K)->4240464K(4240896K)
[5533.984s][info][gc,metaspace   ] GC(1688) Metaspace: 29078K(29376K)->29078K(29376K) NonClass: 25975K(26112K)->25975K(26112K) Class: 3103K(3264K)->3103K(3264K)
[5533.984s][info][gc             ] GC(1688) Pause Young (Allocation Failure) 6494M->4279M(6655M) 92.864ms
[5533.984s][info][gc,cpu         ] GC(1688) User=0.51s Sys=0.03s Real=0.09s
..[5535.639s][info][gc,start       ] GC(1689) Pause Young (Allocation Failure)
[5535.739s][info][gc,heap        ] GC(1689) PSYoungGen: 2500096K(2574336K)->157472K(2572288K) Eden: 2358272K(2358272K)->0K(2364416K) From: 141824K(216064K)->157472K(207872K)
[5535.739s][info][gc,heap        ] GC(1689) ParOldGen: 4240464K(4240896K)->4341288K(4341760K)
[5535.739s][info][gc,metaspace   ] GC(1689) Metaspace: 29078K(29376K)->29078K(29376K) NonClass: 25975K(26112K)->25975K(26112K) Class: 3103K(3264K)->3103K(3264K)
[5535.739s][info][gc             ] GC(1689) Pause Young (Allocation Failure) 6582M->4393M(6752M) 100.308ms
[5535.739s][info][gc,cpu         ] GC(1689) User=0.56s Sys=0.03s Real=0.10s
..[5537.362s][info][gc,start       ] GC(1690) Pause Young (Allocation Failure)
[5537.462s][info][gc,heap        ] GC(1690) PSYoungGen: 2521888K(2572288K)->156516K(2576384K) Eden: 2364416K(2364416K)->0K(2364416K) From: 157472K(207872K)->156516K(211968K)
[5537.462s][info][gc,heap        ] GC(1690) ParOldGen: 4341288K(4341760K)->4444384K(4444672K)
[5537.462s][info][gc,metaspace   ] GC(1690) Metaspace: 29078K(29376K)->29078K(29376K) NonClass: 25975K(26112K)->25975K(26112K) Class: 3103K(3264K)->3103K(3264K)
[5537.462s][info][gc             ] GC(1690) Pause Young (Allocation Failure) 6702M->4493M(6856M) 99.651ms
[5537.462s][info][gc,cpu         ] GC(1690) User=0.56s Sys=0.03s Real=0.10s
..[5539.073s][info][gc,start       ] GC(1691) Pause Young (Allocation Failure)
[5539.171s][info][gc,heap        ] GC(1691) PSYoungGen: 2520932K(2576384K)->156624K(2577408K) Eden: 2364416K(2364416K)->0K(2375680K) From: 156516K(211968K)->156624K(201728K)
[5539.171s][info][gc,heap        ] GC(1691) ParOldGen: 4444384K(4444672K)->4543776K(4544000K)
[5539.171s][info][gc,metaspace   ] GC(1691) Metaspace: 29078K(29376K)->29078K(29376K) NonClass: 25975K(26112K)->25975K(26112K) Class: 3103K(3264K)->3103K(3264K)
[5539.171s][info][gc             ] GC(1691) Pause Young (Allocation Failure) 6802M->4590M(6954M) 98.136ms
[5539.171s][info][gc,cpu         ] GC(1691) User=0.54s Sys=0.04s Real=0.10s
.[5540.800s][info][gc,start       ] GC(1692) Pause Young (Allocation Failure)
[5540.901s][info][gc,heap        ] GC(1692) PSYoungGen: 2532304K(2577408K)->162432K(2580992K) Eden: 2375680K(2375680K)->0K(2375680K) From: 156624K(201728K)->162432K(205312K)
[5540.901s][info][gc,heap        ] GC(1692) ParOldGen: 4543776K(4544000K)->4645832K(4645888K)
[5540.901s][info][gc,metaspace   ] GC(1692) Metaspace: 29078K(29376K)->29078K(29376K) NonClass: 25975K(26112K)->25975K(26112K) Class: 3103K(3264K)->3103K(3264K)
[5540.901s][info][gc             ] GC(1692) Pause Young (Allocation Failure) 6910M->4695M(7057M) 100.919ms
[5540.901s][info][gc,cpu         ] GC(1692) User=0.56s Sys=0.03s Real=0.10s
..[5542.463s][info][gc,start       ] GC(1693) Pause Young (Allocation Failure)
[5542.564s][info][gc,heap        ] GC(1693) PSYoungGen: 2538112K(2580992K)->154080K(2587136K) Eden: 2375680K(2375680K)->0K(2389504K) From: 162432K(205312K)->154080K(197632K)
[5542.564s][info][gc,heap        ] GC(1693) ParOldGen: 4645832K(4645888K)->4753088K(4753408K)
[5542.564s][info][gc,metaspace   ] GC(1693) Metaspace: 29078K(29376K)->29078K(29376K) NonClass: 25975K(26112K)->25975K(26112K) Class: 3103K(3264K)->3103K(3264K)
[5542.564s][info][gc             ] GC(1693) Pause Young (Allocation Failure) 7015M->4792M(7168M) 100.543ms
[5542.564s][info][gc,cpu         ] GC(1693) User=0.56s Sys=0.03s Real=0.10s
..[5544.238s][info][gc,start       ] GC(1694) Pause Young (Allocation Failure)
[5544.339s][info][gc,heap        ] GC(1694) PSYoungGen: 2543584K(2587136K)->159264K(2588672K) Eden: 2389504K(2389504K)->0K(2389504K) From: 154080K(197632K)->159264K(199168K)
[5544.339s][info][gc,heap        ] GC(1694) ParOldGen: 4753088K(4753408K)->4855800K(4855808K)
[5544.339s][info][gc,metaspace   ] GC(1694) Metaspace: 29078K(29376K)->29078K(29376K) NonClass: 25975K(26112K)->25975K(26112K) Class: 3103K(3264K)->3103K(3264K)
[5544.339s][info][gc             ] GC(1694) Pause Young (Allocation Failure) 7125M->4897M(7270M) 101.442ms
[5544.339s][info][gc,cpu         ] GC(1694) User=0.57s Sys=0.02s Real=0.10s
.[5545.974s][info][gc,start       ] GC(1695) Pause Young (Allocation Failure)
[5546.069s][info][gc,heap        ] GC(1695) PSYoungGen: 2548768K(2588672K)->144704K(2595840K) Eden: 2389504K(2389504K)->0K(2399744K) From: 159264K(199168K)->144704K(196096K)
[5546.069s][info][gc,heap        ] GC(1695) ParOldGen: 4855800K(4855808K)->4955992K(4956160K)
[5546.069s][info][gc,metaspace   ] GC(1695) Metaspace: 29078K(29376K)->29078K(29376K) NonClass: 25975K(26112K)->25975K(26112K) Class: 3103K(3264K)->3103K(3264K)
[5546.069s][info][gc             ] GC(1695) Pause Young (Allocation Failure) 7231M->4981M(7375M) 95.146ms
[5546.070s][info][gc,cpu         ] GC(1695) User=0.51s Sys=0.04s Real=0.09s
..[5547.761s][info][gc,start       ] GC(1696) Pause Young (Allocation Failure)
[5547.865s][info][gc,heap        ] GC(1696) PSYoungGen: 2544448K(2595840K)->165092K(2595328K) Eden: 2399744K(2399744K)->0K(2399744K) From: 144704K(196096K)->165092K(195584K)
[5547.865s][info][gc,heap        ] GC(1696) ParOldGen: 4955992K(4956160K)->5058264K(5058560K)
[5547.865s][info][gc,metaspace   ] GC(1696) Metaspace: 29078K(29376K)->29078K(29376K) NonClass: 25975K(26112K)->25975K(26112K) Class: 3103K(3264K)->3103K(3264K)
[5547.865s][info][gc             ] GC(1696) Pause Young (Allocation Failure) 7324M->5100M(7474M) 103.550ms
[5547.865s][info][gc,cpu         ] GC(1696) User=0.57s Sys=0.03s Real=0.10s
..[5549.430s][info][gc,start       ] GC(1697) Pause Young (Allocation Failure)
[5549.529s][info][gc,heap        ] GC(1697) PSYoungGen: 2564836K(2595328K)->152928K(2598912K) Eden: 2399744K(2399744K)->0K(2405888K) From: 165092K(195584K)->152928K(193024K)
[5549.529s][info][gc,heap        ] GC(1697) ParOldGen: 5058264K(5058560K)->5162192K(5162496K)
[5549.529s][info][gc,metaspace   ] GC(1697) Metaspace: 29078K(29376K)->29078K(29376K) NonClass: 25975K(26112K)->25975K(26112K) Class: 3103K(3264K)->3103K(3264K)
[5549.529s][info][gc             ] GC(1697) Pause Young (Allocation Failure) 7444M->5190M(7579M) 98.576ms
[5549.529s][info][gc,cpu         ] GC(1697) User=0.55s Sys=0.03s Real=0.09s
..[5551.249s][info][gc,start       ] GC(1698) Pause Young (Allocation Failure)
[5551.352s][info][gc,heap        ] GC(1698) PSYoungGen: 2558816K(2598912K)->166068K(2597888K) Eden: 2405888K(2405888K)->0K(2405888K) From: 152928K(193024K)->166068K(192000K)
[5551.352s][info][gc,heap        ] GC(1698) ParOldGen: 5162192K(5162496K)->5262656K(5262848K)
[5551.352s][info][gc,metaspace   ] GC(1698) Metaspace: 29078K(29376K)->29078K(29376K) NonClass: 25975K(26112K)->25975K(26112K) Class: 3103K(3264K)->3103K(3264K)
[5551.352s][info][gc             ] GC(1698) Pause Young (Allocation Failure) 7540M->5301M(7676M) 103.032ms
[5551.352s][info][gc,cpu         ] GC(1698) User=0.58s Sys=0.03s Real=0.11s
.[5552.975s][info][gc,start       ] GC(1699) Pause Young (Allocation Failure)
[5553.074s][info][gc,heap        ] GC(1699) PSYoungGen: 2571956K(2597888K)->149920K(2602496K) Eden: 2405888K(2405888K)->0K(2412544K) From: 166068K(192000K)->149920K(189952K)
[5553.074s][info][gc,heap        ] GC(1699) ParOldGen: 5262656K(5262848K)->5370376K(5370880K)
[5553.074s][info][gc,metaspace   ] GC(1699) Metaspace: 29078K(29376K)->29078K(29376K) NonClass: 25975K(26112K)->25975K(26112K) Class: 3103K(3264K)->3103K(3264K)
[5553.074s][info][gc             ] GC(1699) Pause Young (Allocation Failure) 7650M->5390M(7786M) 99.040ms
[5553.075s][info][gc,cpu         ] GC(1699) User=0.55s Sys=0.03s Real=0.10s
..[5554.691s][info][gc,start       ] GC(1700) Pause Young (Allocation Failure)
[5554.795s][info][gc,heap        ] GC(1700) PSYoungGen: 2562464K(2602496K)->160672K(2601984K) Eden: 2412544K(2412544K)->0K(2412544K) From: 149920K(189952K)->160672K(189440K)
[5554.795s][info][gc,heap        ] GC(1700) ParOldGen: 5370376K(5370880K)->5476912K(5477376K)
[5554.795s][info][gc,metaspace   ] GC(1700) Metaspace: 29078K(29376K)->29078K(29376K) NonClass: 25975K(26112K)->25975K(26112K) Class: 3103K(3264K)->3103K(3264K)
[5554.795s][info][gc             ] GC(1700) Pause Young (Allocation Failure) 7746M->5505M(7890M) 104.394ms
[5554.795s][info][gc,cpu         ] GC(1700) User=0.57s Sys=0.04s Real=0.10s
..[5556.526s][info][gc,start       ] GC(1701) Pause Young (Allocation Failure)
[5556.625s][info][gc,heap        ] GC(1701) PSYoungGen: 2573216K(2601984K)->159028K(2604032K) Eden: 2412544K(2412544K)->0K(2419200K) From: 160672K(189440K)->159028K(184832K)
[5556.625s][info][gc,heap        ] GC(1701) ParOldGen: 5476912K(5477376K)->5575600K(5575680K)
[5556.625s][info][gc,metaspace   ] GC(1701) Metaspace: 29078K(29376K)->29078K(29376K) NonClass: 25975K(26112K)->25975K(26112K) Class: 3103K(3264K)->3103K(3264K)
[5556.625s][info][gc             ] GC(1701) Pause Young (Allocation Failure) 7861M->5600M(7988M) 99.721ms
[5556.626s][info][gc,cpu         ] GC(1701) User=0.57s Sys=0.02s Real=0.10s
.[5558.234s][info][gc,start       ] GC(1702) Pause Full (Allocation Failure)
[5558.234s][info][gc,phases,start] GC(1702) Marking Phase
[5558.551s][info][gc,phases      ] GC(1702) Marking Phase 316.811ms
[5558.551s][info][gc,phases,start] GC(1702) Summary Phase
[5558.551s][info][gc,phases      ] GC(1702) Summary Phase 0.095ms
[5558.551s][info][gc,phases,start] GC(1702) Forward
[5558.675s][info][gc,phases      ] GC(1702) Forward 123.401ms
[5558.675s][info][gc,phases,start] GC(1702) Adjust Pointers
[5558.887s][info][gc,phases      ] GC(1702) Adjust Pointers 212.552ms
[5558.887s][info][gc,phases,start] GC(1702) Compaction Phase
[5559.037s][info][gc,phases      ] GC(1702) Compaction Phase 150.100ms
[5559.039s][info][gc,phases,start] GC(1702) Post Compact
[5559.046s][info][gc,phases      ] GC(1702) Post Compact 6.846ms
[5559.169s][info][gc,heap        ] GC(1702) PSYoungGen: 2578228K(2604032K)->0K(2603520K) Eden: 2419200K(2419200K)->0K(2419200K) From: 159028K(184832K)->0K(184320K)
[5559.169s][info][gc,heap        ] GC(1702) ParOldGen: 5575600K(5575680K)->1626416K(2020864K)
[5559.169s][info][gc,metaspace   ] GC(1702) Metaspace: 29078K(29376K)->29078K(29376K) NonClass: 25975K(26112K)->25975K(26112K) Class: 3103K(3264K)->3103K(3264K)
[5559.169s][info][gc             ] GC(1702) Pause Full (Allocation Failure) 7962M->1588M(4516M) 934.607ms
[5559.169s][info][gc,cpu         ] GC(1702) User=4.44s Sys=0.12s Real=0.93s
..[5560.497s][info][gc,start       ] GC(1703) Pause Young (Allocation Failure)
[5560.561s][info][gc,heap        ] GC(1703) PSYoungGen: 2419200K(2603520K)->153024K(2610176K) Eden: 2419200K(2419200K)->0K(2427392K) From: 0K(184320K)->153024K(182784K)
[5560.561s][info][gc,heap        ] GC(1703) ParOldGen: 1626416K(2020864K)->1626416K(2020864K)
[5560.561s][info][gc,metaspace   ] GC(1703) Metaspace: 29078K(29376K)->29078K(29376K) NonClass: 25975K(26112K)->25975K(26112K) Class: 3103K(3264K)->3103K(3264K)
[5560.561s][info][gc             ] GC(1703) Pause Young (Allocation Failure) 3950M->1737M(4522M) 64.604ms
[5560.562s][info][gc,cpu         ] GC(1703) User=0.37s Sys=0.00s Real=0.07s
.[5561.912s][info][gc,start       ] GC(1704) Pause Young (Allocation Failure)
[5562.009s][info][gc,heap        ] GC(1704) PSYoungGen: 2580416K(2610176K)->172000K(2610688K) Eden: 2427392K(2427392K)->0K(2427392K) From: 153024K(182784K)->172000K(183296K)
[5562.009s][info][gc,heap        ] GC(1704) ParOldGen: 1626416K(2020864K)->1726536K(2020864K)
[5562.009s][info][gc,metaspace   ] GC(1704) Metaspace: 29078K(29376K)->29078K(29376K) NonClass: 25975K(26112K)->25975K(26112K) Class: 3103K(3264K)->3103K(3264K)
[5562.009s][info][gc             ] GC(1704) Pause Young (Allocation Failure) 4108M->1854M(4523M) 97.762ms
[5562.009s][info][gc,cpu         ] GC(1704) User=0.58s Sys=0.00s Real=0.09s
..[5563.522s][info][gc,start       ] GC(1705) Pause Young (Allocation Failure)
[5563.622s][info][gc,heap        ] GC(1705) PSYoungGen: 2599392K(2610688K)->171908K(2606592K) Eden: 2427392K(2427392K)->0K(2421248K) From: 172000K(183296K)->171908K(185344K)
[5563.622s][info][gc,heap        ] GC(1705) ParOldGen: 1726536K(2020864K)->1832664K(2020864K)
[5563.622s][info][gc,metaspace   ] GC(1705) Metaspace: 29078K(29376K)->29078K(29376K) NonClass: 25975K(26112K)->25975K(26112K) Class: 3103K(3264K)->3103K(3264K)
[5563.622s][info][gc             ] GC(1705) Pause Young (Allocation Failure) 4224M->1957M(4519M) 100.178ms
[5563.622s][info][gc,cpu         ] GC(1705) User=0.59s Sys=0.00s Real=0.10s
.[5565.254s][info][gc,start       ] GC(1706) Pause Young (Allocation Failure)
[5565.353s][info][gc,heap        ] GC(1706) PSYoungGen: 2593156K(2606592K)->164473K(2608640K) Eden: 2421248K(2421248K)->0K(2421248K) From: 171908K(185344K)->164473K(187392K)
[5565.353s][info][gc,heap        ] GC(1706) ParOldGen: 1832664K(2020864K)->1937960K(2020864K)
[5565.353s][info][gc,metaspace   ] GC(1706) Metaspace: 29078K(29376K)->29078K(29376K) NonClass: 25975K(26112K)->25975K(26112K) Class: 3103K(3264K)->3103K(3264K)
[5565.353s][info][gc             ] GC(1706) Pause Young (Allocation Failure) 4322M->2053M(4521M) 98.854ms
[5565.353s][info][gc,cpu         ] GC(1706) User=0.58s Sys=0.00s Real=0.10s
.[5565.600s][info][gc,start       ] GC(1707) Pause Full (Diagnostic Command)
[5565.600s][info][gc,phases,start] GC(1707) Marking Phase
[5565.910s][info][gc,phases      ] GC(1707) Marking Phase 309.252ms
[5565.910s][info][gc,phases,start] GC(1707) Summary Phase
[5565.910s][info][gc,phases      ] GC(1707) Summary Phase 0.038ms
[5565.910s][info][gc,phases,start] GC(1707) Forward
[5566.038s][info][gc,phases      ] GC(1707) Forward 128.664ms
[5566.038s][info][gc,phases,start] GC(1707) Adjust Pointers
[5566.248s][info][gc,phases      ] GC(1707) Adjust Pointers 209.607ms
[5566.248s][info][gc,phases,start] GC(1707) Compaction Phase
[5566.415s][info][gc,phases      ] GC(1707) Compaction Phase 167.340ms
[5566.416s][info][gc,phases,start] GC(1707) Post Compact
[5566.419s][info][gc,phases      ] GC(1707) Post Compact 2.228ms
[5566.419s][info][gc,heap        ] GC(1707) PSYoungGen: 626637K(2608640K)->0K(2608640K) Eden: 462163K(2421248K)->0K(2421248K) From: 164473K(187392K)->0K(187392K)
[5566.419s][info][gc,heap        ] GC(1707) ParOldGen: 1937960K(2020864K)->1352631K(2020864K)
[5566.419s][info][gc,metaspace   ] GC(1707) Metaspace: 29078K(29376K)->29078K(29376K) NonClass: 25975K(26112K)->25975K(26112K) Class: 3103K(3264K)->3103K(3264K)
[5566.419s][info][gc             ] GC(1707) Pause Full (Diagnostic Command) 2504M->1320M(4521M) 818.310ms
[5566.419s][info][gc,cpu         ] GC(1707) User=4.57s Sys=0.00s Real=0.81s
..[5567.678s][info][gc,start       ] GC(1708) Pause Young (Allocation Failure)
[5567.753s][info][gc,heap        ] GC(1708) PSYoungGen: 2421248K(2608640K)->181562K(2599936K) Eden: 2421248K(2421248K)->0K(2414080K) From: 0K(187392K)->181562K(185856K)
[5567.753s][info][gc,heap        ] GC(1708) ParOldGen: 1352631K(2020864K)->1352631K(2020864K)
[5567.753s][info][gc,metaspace   ] GC(1708) Metaspace: 29078K(29376K)->29078K(29376K) NonClass: 25975K(26112K)->25975K(26112K) Class: 3103K(3264K)->3103K(3264K)
[5567.753s][info][gc             ] GC(1708) Pause Young (Allocation Failure) 3685M->1498M(4512M) 74.994ms
[5567.753s][info][gc,cpu         ] GC(1708) User=0.45s Sys=0.00s Real=0.08s
.[5569.114s][info][gc,start       ] GC(1709) Pause Young (Allocation Failure)
[5569.210s][info][gc,heap        ] GC(1709) PSYoungGen: 2595642K(2599936K)->159952K(2605056K) Eden: 2414080K(2414080K)->0K(2414080K) From: 181562K(185856K)->159952K(190976K)
[5569.210s][info][gc,heap        ] GC(1709) ParOldGen: 1352631K(2020864K)->1457492K(2020864K)
[5569.210s][info][gc,metaspace   ] GC(1709) Metaspace: 29078K(29376K)->29078K(29376K) NonClass: 25975K(26112K)->25975K(26112K) Class: 3103K(3264K)->3103K(3264K)
[5569.210s][info][gc             ] GC(1709) Pause Young (Allocation Failure) 3855M->1579M(4517M) 95.795ms
[5569.210s][info][gc,cpu         ] GC(1709) User=0.57s Sys=0.00s Real=0.10s
..[5570.841s][info][gc,start       ] GC(1710) Pause Young (Allocation Failure)
[5570.929s][info][gc,heap        ] GC(1710) PSYoungGen: 2574032K(2605056K)->143840K(2604032K) Eden: 2414080K(2414080K)->0K(2416128K) From: 159952K(190976K)->143840K(187904K)
[5570.929s][info][gc,heap        ] GC(1710) ParOldGen: 1457492K(2020864K)->1560964K(2020864K)
[5570.929s][info][gc,metaspace   ] GC(1710) Metaspace: 29078K(29376K)->29078K(29376K) NonClass: 25975K(26112K)->25975K(26112K) Class: 3103K(3264K)->3103K(3264K)
[5570.929s][info][gc             ] GC(1710) Pause Young (Allocation Failure) 3937M->1664M(4516M) 88.373ms
[5570.929s][info][gc,cpu         ] GC(1710) User=0.51s Sys=0.00s Real=0.08s
.[5572.611s][info][gc,start       ] GC(1711) Pause Young (Allocation Failure)
[5572.706s][info][gc,heap        ] GC(1711) PSYoungGen: 2559968K(2604032K)->159648K(2605568K) Eden: 2416128K(2416128K)->0K(2416128K) From: 143840K(187904K)->159648K(189440K)
[5572.706s][info][gc,heap        ] GC(1711) ParOldGen: 1560964K(2020864K)->1664508K(2020864K)
[5572.706s][info][gc,metaspace   ] GC(1711) Metaspace: 29078K(29376K)->29078K(29376K) NonClass: 25975K(26112K)->25975K(26112K) Class: 3103K(3264K)->3103K(3264K)
[5572.706s][info][gc             ] GC(1711) Pause Young (Allocation Failure) 4024M->1781M(4518M) 94.796ms
[5572.706s][info][gc,cpu         ] GC(1711) User=0.55s Sys=0.00s Real=0.09s
.. (rIR:aIR:PR = 9548:9633:9633) (tPR = 142034) [OK] 
  5573s: Performance info:
         Transaction,    Success,    Partial,     Failed,   Receipts, AvgBarcode, 
             Overall,     585752,          0,          0,     556446,      59.47, 
         Response times:
             Request,    Success,    Partial,     Failed,   SkipFail,     Probes,    Samples,      min,      p50,      p90,      p95,      p99,      max, 
       TotalPurchase,     556444,          0,          0,          0,     342686,     426817,      300,     7700,   101000,   348000,   680000,  1100000,
     InStorePurchase,     295431,          0,          0,          0,     180044,     224685,      300,     7500,    98000,   347000,   680000,  1100000,
      OnlinePurchase,     202812,          0,          0,          0,     125398,     156357,      300,     8000,   104000,   346100,   680000,  1100000,
        InstPurchase,      58201,          0,          0,          0,      37244,      45775,      400,     7800,   102000,   355000,   710000,  1100000,
          AssocOfCat,        583,          0,          0,          0,        469,        709,    26000,    51000,   153000,   326000,   545000,   720000,
      AssocOfProduct,       5832,          0,          0,          0,       4196,       5312,      400,     6400,    86000,   343400,   588870,   950000,
      BusinessReport,       1457,          0,          0,          0,       1285,       1734,    30000,    60000,   168500,   496500,   940000,  1200000,
          CustBuyBeh,       5816,          0,          0,          0,       4133,       5312,      300,     8700,   103700,   366000,   780000,   940000,
       ProductReturn,      15618,          0,          0,          0,       9756,      12028,      200,     7200,    97100,   398000,   710000,  1100000,

  5573s: (70%)   IR =   9686 [5574.396s][info][gc,start       ] GC(1712) Pause Young (Allocation Failure)
[5574.488s][info][gc,heap        ] GC(1712) PSYoungGen: 2575776K(2605568K)->152032K(2605568K) Eden: 2416128K(2416128K)->0K(2419712K) From: 159648K(189440K)->152032K(185856K)
[5574.488s][info][gc,heap        ] GC(1712) ParOldGen: 1664508K(2020864K)->1767804K(2020864K)
[5574.488s][info][gc,metaspace   ] GC(1712) Metaspace: 29078K(29376K)->29078K(29376K) NonClass: 25975K(26112K)->25975K(26112K) Class: 3103K(3264K)->3103K(3264K)
[5574.488s][info][gc             ] GC(1712) Pause Young (Allocation Failure) 4140M->1874M(4518M) 92.520ms
[5574.488s][info][gc,cpu         ] GC(1712) User=0.54s Sys=0.00s Real=0.09s
..[5576.143s][info][gc,start       ] GC(1713) Pause Young (Allocation Failure)
[5576.238s][info][gc,heap        ] GC(1713) PSYoungGen: 2571744K(2605568K)->158036K(2605568K) Eden: 2419712K(2419712K)->0K(2419712K) From: 152032K(185856K)->158036K(185856K)
[5576.238s][info][gc,heap        ] GC(1713) ParOldGen: 1767804K(2020864K)->1871628K(2020864K)
[5576.238s][info][gc,metaspace   ] GC(1713) Metaspace: 29078K(29376K)->29078K(29376K) NonClass: 25975K(26112K)->25975K(26112K) Class: 3103K(3264K)->3103K(3264K)
[5576.238s][info][gc             ] GC(1713) Pause Young (Allocation Failure) 4237M->1982M(4518M) 95.059ms
[5576.238s][info][gc,cpu         ] GC(1713) User=0.56s Sys=0.00s Real=0.09s
.[5577.838s][info][gc,start       ] GC(1714) Pause Young (Allocation Failure)
[5577.936s][info][gc,heap        ] GC(1714) PSYoungGen: 2577748K(2605568K)->164644K(2608640K) Eden: 2419712K(2419712K)->0K(2424832K) From: 158036K(185856K)->164644K(183808K)
[5577.936s][info][gc,heap        ] GC(1714) ParOldGen: 1871628K(2020864K)->1974284K(2020864K)
[5577.936s][info][gc,metaspace   ] GC(1714) Metaspace: 29078K(29376K)->29078K(29376K) NonClass: 25975K(26112K)->25975K(26112K) Class: 3103K(3264K)->3103K(3264K)
[5577.936s][info][gc             ] GC(1714) Pause Young (Allocation Failure) 4345M->2088M(4521M) 98.529ms
[5577.936s][info][gc,cpu         ] GC(1714) User=0.57s Sys=0.00s Real=0.10s
..[5579.555s][info][gc,start       ] GC(1715) Pause Young (Allocation Failure)
[5579.652s][info][gc,heap        ] GC(1715) PSYoungGen: 2589476K(2608640K)->156704K(2608128K) Eden: 2424832K(2424832K)->0K(2424832K) From: 164644K(183808K)->156704K(183296K)
[5579.652s][info][gc,heap        ] GC(1715) ParOldGen: 1974284K(2020864K)->2077804K(2078208K)
[5579.652s][info][gc,metaspace   ] GC(1715) Metaspace: 29078K(29376K)->29078K(29376K) NonClass: 25975K(26112K)->25975K(26112K) Class: 3103K(3264K)->3103K(3264K)
[5579.652s][info][gc             ] GC(1715) Pause Young (Allocation Failure) 4456M->2182M(4576M) 96.790ms
[5579.652s][info][gc,cpu         ] GC(1715) User=0.55s Sys=0.02s Real=0.10s
..[5581.327s][info][gc,start       ] GC(1716) Pause Young (Allocation Failure)
[5581.429s][info][gc,heap        ] GC(1716) PSYoungGen: 2581536K(2608128K)->162064K(2611200K) Eden: 2424832K(2424832K)->0K(2430464K) From: 156704K(183296K)->162064K(180736K)
[5581.429s][info][gc,heap        ] GC(1716) ParOldGen: 2077804K(2078208K)->2182716K(2183168K)
[5581.429s][info][gc,metaspace   ] GC(1716) Metaspace: 29078K(29376K)->29078K(29376K) NonClass: 25975K(26112K)->25975K(26112K) Class: 3103K(3264K)->3103K(3264K)
[5581.429s][info][gc             ] GC(1716) Pause Young (Allocation Failure) 4550M->2289M(4682M) 102.143ms
[5581.429s][info][gc,cpu         ] GC(1716) User=0.57s Sys=0.04s Real=0.10s
..[5583.064s][info][gc,start       ] GC(1717) Pause Young (Allocation Failure)
[5583.162s][info][gc,heap        ] GC(1717) PSYoungGen: 2592528K(2611200K)->155008K(2610688K) Eden: 2430464K(2430464K)->0K(2430464K) From: 162064K(180736K)->155008K(180224K)
[5583.162s][info][gc,heap        ] GC(1717) ParOldGen: 2182716K(2183168K)->2286924K(2287104K)
[5583.162s][info][gc,metaspace   ] GC(1717) Metaspace: 29078K(29376K)->29078K(29376K) NonClass: 25975K(26112K)->25975K(26112K) Class: 3103K(3264K)->3103K(3264K)
[5583.162s][info][gc             ] GC(1717) Pause Young (Allocation Failure) 4663M->2384M(4783M) 98.441ms
[5583.162s][info][gc,cpu         ] GC(1717) User=0.54s Sys=0.04s Real=0.10s
.|[5584.806s][info][gc,start       ] GC(1718) Pause Young (Allocation Failure)
[5584.910s][info][gc,heap        ] GC(1718) PSYoungGen: 2585472K(2610688K)->169220K(2612736K) Eden: 2430464K(2430464K)->0K(2433536K) From: 155008K(180224K)->169220K(179200K)
[5584.910s][info][gc,heap        ] GC(1718) ParOldGen: 2286924K(2287104K)->2391956K(2392064K)
[5584.910s][info][gc,metaspace   ] GC(1718) Metaspace: 29078K(29376K)->29078K(29376K) NonClass: 25975K(26112K)->25975K(26112K) Class: 3103K(3264K)->3103K(3264K)
[5584.910s][info][gc             ] GC(1718) Pause Young (Allocation Failure) 4758M->2501M(4887M) 103.444ms
[5584.910s][info][gc,cpu         ] GC(1718) User=0.58s Sys=0.04s Real=0.10s
..[5586.491s][info][gc,start       ] GC(1719) Pause Young (Allocation Failure)
[5586.591s][info][gc,heap        ] GC(1719) PSYoungGen: 2602756K(2612736K)->162208K(2614272K) Eden: 2433536K(2433536K)->0K(2433536K) From: 169220K(179200K)->162208K(180736K)
[5586.591s][info][gc,heap        ] GC(1719) ParOldGen: 2391956K(2392064K)->2493836K(2493952K)
[5586.591s][info][gc,metaspace   ] GC(1719) Metaspace: 29078K(29376K)->29078K(29376K) NonClass: 25975K(26112K)->25975K(26112K) Class: 3103K(3264K)->3103K(3264K)
[5586.591s][info][gc             ] GC(1719) Pause Young (Allocation Failure) 4877M->2593M(4988M) 100.026ms
[5586.591s][info][gc,cpu         ] GC(1719) User=0.55s Sys=0.03s Real=0.10s
..[5588.219s][info][gc,start       ] GC(1720) Pause Young (Allocation Failure)
[5588.319s][info][gc,heap        ] GC(1720) PSYoungGen: 2595744K(2614272K)->160948K(2612224K) Eden: 2433536K(2433536K)->0K(2436096K) From: 162208K(180736K)->160948K(176128K)
[5588.319s][info][gc,heap        ] GC(1720) ParOldGen: 2493836K(2493952K)->2597868K(2597888K)
[5588.319s][info][gc,metaspace   ] GC(1720) Metaspace: 29078K(29376K)->29078K(29376K) NonClass: 25975K(26112K)->25975K(26112K) Class: 3103K(3264K)->3103K(3264K)
[5588.319s][info][gc             ] GC(1720) Pause Young (Allocation Failure) 4970M->2694M(5088M) 99.449ms
[5588.319s][info][gc,cpu         ] GC(1720) User=0.56s Sys=0.03s Real=0.10s
.[5590.030s][info][gc,start       ] GC(1721) Pause Young (Allocation Failure)
[5590.127s][info][gc,heap        ] GC(1721) PSYoungGen: 2597044K(2612224K)->154596K(2613760K) Eden: 2436096K(2436096K)->0K(2436096K) From: 160948K(176128K)->154596K(177664K)
[5590.127s][info][gc,heap        ] GC(1721) ParOldGen: 2597868K(2597888K)->2701556K(2701824K)
[5590.127s][info][gc,metaspace   ] GC(1721) Metaspace: 29078K(29376K)->29078K(29376K) NonClass: 25975K(26112K)->25975K(26112K) Class: 3103K(3264K)->3103K(3264K)
[5590.127s][info][gc             ] GC(1721) Pause Young (Allocation Failure) 5073M->2789M(5191M) 96.929ms
[5590.127s][info][gc,cpu         ] GC(1721) User=0.53s Sys=0.03s Real=0.09s
..[5591.736s][info][gc,start       ] GC(1722) Pause Young (Allocation Failure)
[5591.840s][info][gc,heap        ] GC(1722) PSYoungGen: 2590692K(2613760K)->170036K(2615808K) Eden: 2436096K(2436096K)->0K(2438656K) From: 154596K(177664K)->170036K(177152K)
[5591.840s][info][gc,heap        ] GC(1722) ParOldGen: 2701556K(2701824K)->2805508K(2805760K)
[5591.840s][info][gc,metaspace   ] GC(1722) Metaspace: 29078K(29376K)->29078K(29376K) NonClass: 25975K(26112K)->25975K(26112K) Class: 3103K(3264K)->3103K(3264K)
[5591.840s][info][gc             ] GC(1722) Pause Young (Allocation Failure) 5168M->2905M(5294M) 103.750ms
[5591.840s][info][gc,cpu         ] GC(1722) User=0.59s Sys=0.03s Real=0.10s
..[5593.554s][info][gc,start       ] GC(1723) Pause Young (Allocation Failure)
[5593.654s][info][gc,heap        ] GC(1723) PSYoungGen: 2608692K(2615808K)->155872K(2617344K) Eden: 2438656K(2438656K)->0K(2438656K) From: 170036K(177152K)->155872K(178688K)
[5593.654s][info][gc,heap        ] GC(1723) ParOldGen: 2805508K(2805760K)->2912228K(2912256K)
[5593.654s][info][gc,metaspace   ] GC(1723) Metaspace: 29078K(29376K)->29078K(29376K) NonClass: 25975K(26112K)->25975K(26112K) Class: 3103K(3264K)->3103K(3264K)
[5593.654s][info][gc             ] GC(1723) Pause Young (Allocation Failure) 5287M->2996M(5400M) 99.676ms
[5593.654s][info][gc,cpu         ] GC(1723) User=0.55s Sys=0.03s Real=0.10s
..[5595.400s][info][gc,start       ] GC(1724) Pause Young (Allocation Failure)
[5595.510s][info][gc,heap        ] GC(1724) PSYoungGen: 2594528K(2617344K)->178170K(2532864K) Eden: 2438656K(2438656K)->0K(2354688K) From: 155872K(178688K)->178170K(178176K)
[5595.510s][info][gc,heap        ] GC(1724) ParOldGen: 2912228K(2912256K)->3013868K(3014144K)
[5595.510s][info][gc,metaspace   ] GC(1724) Metaspace: 29078K(29376K)->29078K(29376K) NonClass: 25975K(26112K)->25975K(26112K) Class: 3103K(3264K)->3103K(3264K)
[5595.510s][info][gc             ] GC(1724) Pause Young (Allocation Failure) 5377M->3117M(5417M) 110.048ms
[5595.510s][info][gc,cpu         ] GC(1724) User=0.61s Sys=0.03s Real=0.11s
.[5597.058s][info][gc,start       ] GC(1725) Pause Young (Allocation Failure)
[5597.152s][info][gc,heap        ] GC(1725) PSYoungGen: 2532858K(2532864K)->140928K(2496000K) Eden: 2354688K(2354688K)->0K(2354688K) From: 178170K(178176K)->140928K(141312K)
[5597.152s][info][gc,heap        ] GC(1725) ParOldGen: 3013868K(3014144K)->3121676K(3122176K)
[5597.152s][info][gc,metaspace   ] GC(1725) Metaspace: 29078K(29376K)->29078K(29376K) NonClass: 25975K(26112K)->25975K(26112K) Class: 3103K(3264K)->3103K(3264K)
[5597.152s][info][gc             ] GC(1725) Pause Young (Allocation Failure) 5416M->3186M(5486M) 93.670ms
[5597.152s][info][gc,cpu         ] GC(1725) User=0.51s Sys=0.03s Real=0.10s
..[5598.725s][info][gc,start       ] GC(1726) Pause Young (Allocation Failure)
[5598.827s][info][gc,heap        ] GC(1726) PSYoungGen: 2495616K(2496000K)->165605K(2579456K) Eden: 2354688K(2354688K)->0K(2358272K) From: 140928K(141312K)->165605K(221184K)
[5598.827s][info][gc,heap        ] GC(1726) ParOldGen: 3121676K(3122176K)->3220716K(3220992K)
[5598.827s][info][gc,metaspace   ] GC(1726) Metaspace: 29078K(29376K)->29078K(29376K) NonClass: 25975K(26112K)->25975K(26112K) Class: 3103K(3264K)->3103K(3264K)
[5598.827s][info][gc             ] GC(1726) Pause Young (Allocation Failure) 5485M->3306M(5664M) 101.342ms
[5598.827s][info][gc,cpu         ] GC(1726) User=0.56s Sys=0.03s Real=0.10s
..[5600.410s][info][gc,start       ] GC(1727) Pause Young (Allocation Failure)
[5600.511s][info][gc,heap        ] GC(1727) PSYoungGen: 2523877K(2579456K)->164276K(2522624K) Eden: 2358272K(2358272K)->0K(2358272K) From: 165605K(221184K)->164276K(164352K)
[5600.512s][info][gc,heap        ] GC(1727) ParOldGen: 3220716K(3220992K)->3323740K(3323904K)
[5600.512s][info][gc,metaspace   ] GC(1727) Metaspace: 29078K(29376K)->29078K(29376K) NonClass: 25975K(26112K)->25975K(26112K) Class: 3103K(3264K)->3103K(3264K)
[5600.512s][info][gc             ] GC(1727) Pause Young (Allocation Failure) 5609M->3406M(5709M) 101.219ms
[5600.512s][info][gc,cpu         ] GC(1727) User=0.56s Sys=0.04s Real=0.10s
.[5602.125s][info][gc,start       ] GC(1728) Pause Young (Allocation Failure)
[5602.222s][info][gc,heap        ] GC(1728) PSYoungGen: 2522548K(2522624K)->148416K(2571264K) Eden: 2358272K(2358272K)->0K(2358784K) From: 164276K(164352K)->148416K(212480K)
[5602.222s][info][gc,heap        ] GC(1728) ParOldGen: 3323740K(3323904K)->3427404K(3427840K)
[5602.222s][info][gc,metaspace   ] GC(1728) Metaspace: 29078K(29376K)->29078K(29376K) NonClass: 25975K(26112K)->25975K(26112K) Class: 3103K(3264K)->3103K(3264K)
[5602.222s][info][gc             ] GC(1728) Pause Young (Allocation Failure) 5709M->3492M(5858M) 96.570ms
[5602.222s][info][gc,cpu         ] GC(1728) User=0.54s Sys=0.03s Real=0.10s
..[5603.776s][info][gc,start       ] GC(1729) Pause Young (Allocation Failure)
[5603.877s][info][gc,heap        ] GC(1729) PSYoungGen: 2507200K(2571264K)->160000K(2570752K) Eden: 2358784K(2358784K)->0K(2358784K) From: 148416K(212480K)->160000K(211968K)
[5603.878s][info][gc,heap        ] GC(1729) ParOldGen: 3427404K(3427840K)->3528900K(3529216K)
[5603.878s][info][gc,metaspace   ] GC(1729) Metaspace: 29078K(29376K)->29078K(29376K) NonClass: 25975K(26112K)->25975K(26112K) Class: 3103K(3264K)->3103K(3264K)
[5603.878s][info][gc             ] GC(1729) Pause Young (Allocation Failure) 5795M->3602M(5957M) 101.508ms
[5603.878s][info][gc,cpu         ] GC(1729) User=0.56s Sys=0.04s Real=0.10s
..[5605.560s][info][gc,start       ] GC(1730) Pause Young (Allocation Failure)
[5605.661s][info][gc,heap        ] GC(1730) PSYoungGen: 2518784K(2570752K)->159552K(2580992K) Eden: 2358784K(2358784K)->0K(2374656K) From: 160000K(211968K)->159552K(206336K)
[5605.661s][info][gc,heap        ] GC(1730) ParOldGen: 3528900K(3529216K)->3631396K(3631616K)
[5605.661s][info][gc,metaspace   ] GC(1730) Metaspace: 29078K(29376K)->29078K(29376K) NonClass: 25975K(26112K)->25975K(26112K) Class: 3103K(3264K)->3103K(3264K)
[5605.661s][info][gc             ] GC(1730) Pause Young (Allocation Failure) 5905M->3702M(6067M) 100.850ms
[5605.661s][info][gc,cpu         ] GC(1730) User=0.56s Sys=0.03s Real=0.11s
.[5607.224s][info][gc,start       ] GC(1731) Pause Young (Allocation Failure)
[5607.325s][info][gc,heap        ] GC(1731) PSYoungGen: 2534208K(2580992K)->154610K(2579968K) Eden: 2374656K(2374656K)->0K(2374656K) From: 159552K(206336K)->154610K(205312K)
[5607.325s][info][gc,heap        ] GC(1731) ParOldGen: 3631396K(3631616K)->3735444K(3735552K)
[5607.325s][info][gc,metaspace   ] GC(1731) Metaspace: 29078K(29376K)->29078K(29376K) NonClass: 25975K(26112K)->25975K(26112K) Class: 3103K(3264K)->3103K(3264K)
[5607.325s][info][gc             ] GC(1731) Pause Young (Allocation Failure) 6021M->3798M(6167M) 100.215ms
[5607.325s][info][gc,cpu         ] GC(1731) User=0.56s Sys=0.03s Real=0.10s
..[5608.940s][info][gc,start       ] GC(1732) Pause Young (Allocation Failure)
[5609.039s][info][gc,heap        ] GC(1732) PSYoungGen: 2529266K(2579968K)->147735K(2588672K) Eden: 2374656K(2374656K)->0K(2385408K) From: 154610K(205312K)->147735K(203264K)
[5609.039s][info][gc,heap        ] GC(1732) ParOldGen: 3735444K(3735552K)->3840388K(3840512K)
[5609.039s][info][gc,metaspace   ] GC(1732) Metaspace: 29078K(29376K)->29078K(29376K) NonClass: 25975K(26112K)->25975K(26112K) Class: 3103K(3264K)->3103K(3264K)
[5609.039s][info][gc             ] GC(1732) Pause Young (Allocation Failure) 6117M->3894M(6278M) 98.936ms
[5609.039s][info][gc,cpu         ] GC(1732) User=0.55s Sys=0.03s Real=0.09s
..[5610.631s][info][gc,start       ] GC(1733) Pause Young (Allocation Failure)
[5610.732s][info][gc,heap        ] GC(1733) PSYoungGen: 2533143K(2588672K)->161488K(2587648K) Eden: 2385408K(2385408K)->0K(2385408K) From: 147735K(203264K)->161488K(202240K)
[5610.732s][info][gc,heap        ] GC(1733) ParOldGen: 3840388K(3840512K)->3939228K(3939328K)
[5610.732s][info][gc,metaspace   ] GC(1733) Metaspace: 29078K(29376K)->29078K(29376K) NonClass: 25975K(26112K)->25975K(26112K) Class: 3103K(3264K)->3103K(3264K)
[5610.732s][info][gc             ] GC(1733) Pause Young (Allocation Failure) 6224M->4004M(6374M) 101.000ms
[5610.732s][info][gc,cpu         ] GC(1733) User=0.56s Sys=0.02s Real=0.10s
.[5612.327s][info][gc,start       ] GC(1734) Pause Young (Allocation Failure)
[5612.424s][info][gc,heap        ] GC(1734) PSYoungGen: 2546896K(2587648K)->151584K(2590208K) Eden: 2385408K(2385408K)->0K(2392064K) From: 161488K(202240K)->151584K(198144K)
[5612.424s][info][gc,heap        ] GC(1734) ParOldGen: 3939228K(3939328K)->4043340K(4043776K)
[5612.424s][info][gc,metaspace   ] GC(1734) Metaspace: 29078K(29376K)->29078K(29376K) NonClass: 25975K(26112K)->25975K(26112K) Class: 3103K(3264K)->3103K(3264K)
[5612.424s][info][gc             ] GC(1734) Pause Young (Allocation Failure) 6334M->4096M(6478M) 97.306ms
[5612.424s][info][gc,cpu         ] GC(1734) User=0.54s Sys=0.04s Real=0.10s
..[5614.150s][info][gc,start       ] GC(1735) Pause Young (Allocation Failure)
[5614.246s][info][gc,heap        ] GC(1735) PSYoungGen: 2543648K(2590208K)->148864K(2588672K) Eden: 2392064K(2392064K)->0K(2392064K) From: 151584K(198144K)->148864K(196608K)
[5614.246s][info][gc,heap        ] GC(1735) ParOldGen: 4043340K(4043776K)->4146244K(4146688K)
[5614.246s][info][gc,metaspace   ] GC(1735) Metaspace: 29078K(29376K)->29078K(29376K) NonClass: 25975K(26112K)->25975K(26112K) Class: 3103K(3264K)->3103K(3264K)
[5614.246s][info][gc             ] GC(1735) Pause Young (Allocation Failure) 6432M->4194M(6577M) 96.447ms
[5614.246s][info][gc,cpu         ] GC(1735) User=0.54s Sys=0.02s Real=0.10s
..[5615.851s][info][gc,start       ] GC(1736) Pause Young (Allocation Failure)
[5615.956s][info][gc,heap        ] GC(1736) PSYoungGen: 2540928K(2588672K)->167898K(2596864K) Eden: 2392064K(2392064K)->0K(2401792K) From: 148864K(196608K)->167898K(195072K)
[5615.956s][info][gc,heap        ] GC(1736) ParOldGen: 4146244K(4146688K)->4251020K(4251136K)
[5615.956s][info][gc,metaspace   ] GC(1736) Metaspace: 29078K(29376K)->29078K(29376K) NonClass: 25975K(26112K)->25975K(26112K) Class: 3103K(3264K)->3103K(3264K)
[5615.956s][info][gc             ] GC(1736) Pause Young (Allocation Failure) 6530M->4315M(6687M) 104.538ms
[5615.956s][info][gc,cpu         ] GC(1736) User=0.59s Sys=0.03s Real=0.10s
..[5617.606s][info][gc,start       ] GC(1737) Pause Young (Allocation Failure)
[5617.708s][info][gc,heap        ] GC(1737) PSYoungGen: 2569690K(2596864K)->161284K(2596352K) Eden: 2401792K(2401792K)->0K(2401792K) From: 167898K(195072K)->161284K(194560K)
[5617.708s][info][gc,heap        ] GC(1737) ParOldGen: 4251020K(4251136K)->4352588K(4353024K)
[5617.708s][info][gc,metaspace   ] GC(1737) Metaspace: 29078K(29376K)->29078K(29376K) NonClass: 25975K(26112K)->25975K(26112K) Class: 3103K(3264K)->3103K(3264K)
[5617.708s][info][gc             ] GC(1737) Pause Young (Allocation Failure) 6660M->4408M(6786M) 101.997ms
[5617.708s][info][gc,cpu         ] GC(1737) User=0.57s Sys=0.03s Real=0.10s
.[5619.283s][info][gc,start       ] GC(1738) Pause Young (Allocation Failure)
[5619.386s][info][gc,heap        ] GC(1738) PSYoungGen: 2563076K(2596352K)->160901K(2598400K) Eden: 2401792K(2401792K)->0K(2409472K) From: 161284K(194560K)->160901K(188928K)
[5619.386s][info][gc,heap        ] GC(1738) ParOldGen: 4352588K(4353024K)->4454172K(4454400K)
[5619.386s][info][gc,metaspace   ] GC(1738) Metaspace: 29078K(29376K)->29078K(29376K) NonClass: 25975K(26112K)->25975K(26112K) Class: 3103K(3264K)->3103K(3264K)
[5619.386s][info][gc             ] GC(1738) Pause Young (Allocation Failure) 6753M->4506M(6887M) 103.004ms
[5619.386s][info][gc,cpu         ] GC(1738) User=0.57s Sys=0.03s Real=0.10s
..[5621.089s][info][gc,start       ] GC(1739) Pause Young (Allocation Failure)
[5621.187s][info][gc,heap        ] GC(1739) PSYoungGen: 2570373K(2598400K)->147648K(2597888K) Eden: 2409472K(2409472K)->0K(2409472K) From: 160901K(188928K)->147648K(188416K)
[5621.187s][info][gc,heap        ] GC(1739) ParOldGen: 4454172K(4454400K)->4558628K(4558848K)
[5621.187s][info][gc,metaspace   ] GC(1739) Metaspace: 29078K(29376K)->29078K(29376K) NonClass: 25975K(26112K)->25975K(26112K) Class: 3103K(3264K)->3103K(3264K)
[5621.187s][info][gc             ] GC(1739) Pause Young (Allocation Failure) 6859M->4595M(6989M) 98.675ms
[5621.188s][info][gc,cpu         ] GC(1739) User=0.55s Sys=0.03s Real=0.10s
..[5622.806s][info][gc,start       ] GC(1740) Pause Young (Allocation Failure)
[5622.911s][info][gc,heap        ] GC(1740) PSYoungGen: 2557120K(2597888K)->164784K(2606592K) Eden: 2409472K(2409472K)->0K(2419712K) From: 147648K(188416K)->164784K(186880K)
[5622.911s][info][gc,heap        ] GC(1740) ParOldGen: 4558628K(4558848K)->4661324K(4661760K)
[5622.911s][info][gc,metaspace   ] GC(1740) Metaspace: 29078K(29376K)->29078K(29376K) NonClass: 25975K(26112K)->25975K(26112K) Class: 3103K(3264K)->3103K(3264K)
[5622.911s][info][gc             ] GC(1740) Pause Young (Allocation Failure) 6948M->4712M(7098M) 104.951ms
[5622.911s][info][gc,cpu         ] GC(1740) User=0.58s Sys=0.04s Real=0.11s
..[5624.537s][info][gc,start       ] GC(1741) Pause Young (Allocation Failure)
[5624.635s][info][gc,heap        ] GC(1741) PSYoungGen: 2584496K(2606592K)->153632K(2606592K) Eden: 2419712K(2419712K)->0K(2419712K) From: 164784K(186880K)->153632K(186880K)
[5624.635s][info][gc,heap        ] GC(1741) ParOldGen: 4661324K(4661760K)->4764020K(4764160K)
[5624.635s][info][gc,metaspace   ] GC(1741) Metaspace: 29078K(29376K)->29078K(29376K) NonClass: 25975K(26112K)->25975K(26112K) Class: 3103K(3264K)->3103K(3264K)
[5624.636s][info][gc             ] GC(1741) Pause Young (Allocation Failure) 7075M->4802M(7198M) 98.645ms
[5624.636s][info][gc,cpu         ] GC(1741) User=0.55s Sys=0.02s Real=0.10s
.[5626.281s][info][gc,start       ] GC(1742) Pause Young (Allocation Failure)
[5626.385s][info][gc,heap        ] GC(1742) PSYoungGen: 2573344K(2606592K)->169696K(2606080K) Eden: 2419712K(2419712K)->0K(2420736K) From: 153632K(186880K)->169696K(185344K)
[5626.385s][info][gc,heap        ] GC(1742) ParOldGen: 4764020K(4764160K)->4866164K(4866560K)
[5626.385s][info][gc,metaspace   ] GC(1742) Metaspace: 29078K(29376K)->29078K(29376K) NonClass: 25975K(26112K)->25975K(26112K) Class: 3103K(3264K)->3103K(3264K)
[5626.385s][info][gc             ] GC(1742) Pause Young (Allocation Failure) 7165M->4917M(7297M) 104.490ms
[5626.385s][info][gc,cpu         ] GC(1742) User=0.59s Sys=0.02s Real=0.10s
..[5628.064s][info][gc,start       ] GC(1743) Pause Young (Allocation Failure)
[5628.162s][info][gc,heap        ] GC(1743) PSYoungGen: 2590432K(2606080K)->148448K(2607616K) Eden: 2420736K(2420736K)->0K(2420736K) From: 169696K(185344K)->148448K(186880K)
[5628.162s][info][gc,heap        ] GC(1743) ParOldGen: 4866164K(4866560K)->4972148K(4972544K)
[5628.162s][info][gc,metaspace   ] GC(1743) Metaspace: 29078K(29376K)->29078K(29376K) NonClass: 25975K(26112K)->25975K(26112K) Class: 3103K(3264K)->3103K(3264K)
[5628.162s][info][gc             ] GC(1743) Pause Young (Allocation Failure) 7281M->5000M(7402M) 98.741ms
[5628.162s][info][gc,cpu         ] GC(1743) User=0.54s Sys=0.04s Real=0.10s
..[5629.768s][info][gc,start       ] GC(1744) Pause Young (Allocation Failure)
[5629.871s][info][gc,heap        ] GC(1744) PSYoungGen: 2569184K(2607616K)->173040K(2605568K) Eden: 2420736K(2420736K)->0K(2419200K) From: 148448K(186880K)->173040K(186368K)
[5629.871s][info][gc,heap        ] GC(1744) ParOldGen: 4972148K(4972544K)->5069916K(5070336K)
[5629.871s][info][gc,metaspace   ] GC(1744) Metaspace: 29078K(29376K)->29078K(29376K) NonClass: 25975K(26112K)->25975K(26112K) Class: 3103K(3264K)->3103K(3264K)
[5629.871s][info][gc             ] GC(1744) Pause Young (Allocation Failure) 7364M->5120M(7496M) 103.575ms
[5629.871s][info][gc,cpu         ] GC(1744) User=0.58s Sys=0.03s Real=0.11s
.[5631.433s][info][gc,start       ] GC(1745) Pause Young (Allocation Failure)
[5631.539s][info][gc,heap        ] GC(1745) PSYoungGen: 2592240K(2605568K)->162202K(2607616K) Eden: 2419200K(2419200K)->0K(2419200K) From: 173040K(186368K)->162202K(188416K)
[5631.539s][info][gc,heap        ] GC(1745) ParOldGen: 5069916K(5070336K)->5179556K(5179904K)
[5631.539s][info][gc,metaspace   ] GC(1745) Metaspace: 29078K(29376K)->29078K(29376K) NonClass: 25975K(26112K)->25975K(26112K) Class: 3103K(3264K)->3103K(3264K)
[5631.539s][info][gc             ] GC(1745) Pause Young (Allocation Failure) 7482M->5216M(7605M) 106.254ms
[5631.539s][info][gc,cpu         ] GC(1745) User=0.59s Sys=0.03s Real=0.10s
..[5633.181s][info][gc,start       ] GC(1746) Pause Young (Allocation Failure)
[5633.279s][info][gc,heap        ] GC(1746) PSYoungGen: 2581402K(2607616K)->153344K(2605568K) Eden: 2419200K(2419200K)->0K(2421248K) From: 162202K(188416K)->153344K(184320K)
[5633.279s][info][gc,heap        ] GC(1746) ParOldGen: 5179556K(5179904K)->5279908K(5280256K)
[5633.279s][info][gc,metaspace   ] GC(1746) Metaspace: 29078K(29376K)->29078K(29376K) NonClass: 25975K(26112K)->25975K(26112K) Class: 3103K(3264K)->3103K(3264K)
[5633.279s][info][gc             ] GC(1746) Pause Young (Allocation Failure) 7579M->5305M(7701M) 98.026ms
[5633.279s][info][gc,cpu         ] GC(1746) User=0.53s Sys=0.04s Real=0.09s
..[5634.949s][info][gc,start       ] GC(1747) Pause Young (Allocation Failure)
[5635.055s][info][gc,heap        ] GC(1747) PSYoungGen: 2574592K(2605568K)->165189K(2606592K) Eden: 2421248K(2421248K)->0K(2421248K) From: 153344K(184320K)->165189K(185344K)
[5635.055s][info][gc,heap        ] GC(1747) ParOldGen: 5279908K(5280256K)->5383732K(5384192K)
[5635.055s][info][gc,metaspace   ] GC(1747) Metaspace: 29078K(29376K)->29078K(29376K) NonClass: 25975K(26112K)->25975K(26112K) Class: 3103K(3264K)->3103K(3264K)
[5635.055s][info][gc             ] GC(1747) Pause Young (Allocation Failure) 7670M->5418M(7803M) 105.970ms
[5635.055s][info][gc,cpu         ] GC(1747) User=0.58s Sys=0.04s Real=0.11s
..[5636.766s][info][gc,start       ] GC(1748) Pause Young (Allocation Failure)
[5636.868s][info][gc,heap        ] GC(1748) PSYoungGen: 2586437K(2606592K)->159008K(2606592K) Eden: 2421248K(2421248K)->0K(2426368K) From: 165189K(185344K)->159008K(180224K)
[5636.868s][info][gc,heap        ] GC(1748) ParOldGen: 5383732K(5384192K)->5488988K(5489152K)
[5636.868s][info][gc,metaspace   ] GC(1748) Metaspace: 29078K(29376K)->29078K(29376K) NonClass: 25975K(26112K)->25975K(26112K) Class: 3103K(3264K)->3103K(3264K)
[5636.868s][info][gc             ] GC(1748) Pause Young (Allocation Failure) 7783M->5515M(7906M) 101.572ms
[5636.868s][info][gc,cpu         ] GC(1748) User=0.56s Sys=0.03s Real=0.10s
.[5638.487s][info][gc,start       ] GC(1749) Pause Full (Allocation Failure)
[5638.487s][info][gc,phases,start] GC(1749) Marking Phase
[5638.799s][info][gc,phases      ] GC(1749) Marking Phase 312.056ms
[5638.799s][info][gc,phases,start] GC(1749) Summary Phase
[5638.799s][info][gc,phases      ] GC(1749) Summary Phase 0.096ms
[5638.799s][info][gc,phases,start] GC(1749) Forward
[5638.932s][info][gc,phases      ] GC(1749) Forward 132.860ms
[5638.932s][info][gc,phases,start] GC(1749) Adjust Pointers
[5639.145s][info][gc,phases      ] GC(1749) Adjust Pointers 212.492ms
[5639.145s][info][gc,phases,start] GC(1749) Compaction Phase
[5639.296s][info][gc,phases      ] GC(1749) Compaction Phase 151.127ms
[5639.298s][info][gc,phases,start] GC(1749) Post Compact
[5639.305s][info][gc,phases      ] GC(1749) Post Compact 6.782ms
[5639.424s][info][gc,heap        ] GC(1749) PSYoungGen: 2585376K(2606592K)->0K(2608640K) Eden: 2426368K(2426368K)->0K(2426368K) From: 159008K(180224K)->0K(182272K)
[5639.424s][info][gc,heap        ] GC(1749) ParOldGen: 5488988K(5489152K)->1626454K(2030080K)
[5639.424s][info][gc,metaspace   ] GC(1749) Metaspace: 29078K(29376K)->29078K(29376K) NonClass: 25975K(26112K)->25975K(26112K) Class: 3103K(3264K)->3103K(3264K)
[5639.424s][info][gc             ] GC(1749) Pause Full (Allocation Failure) 7885M->1588M(4530M) 937.170ms
[5639.424s][info][gc,cpu         ] GC(1749) User=4.40s Sys=0.12s Real=0.94s
..[5640.724s][info][gc,start       ] GC(1750) Pause Young (Allocation Failure)
[5640.792s][info][gc,heap        ] GC(1750) PSYoungGen: 2426368K(2608640K)->165924K(2613760K) Eden: 2426368K(2426368K)->0K(2431488K) From: 0K(182272K)->165924K(182272K)
[5640.792s][info][gc,heap        ] GC(1750) ParOldGen: 1626454K(2030080K)->1626454K(2030080K)
[5640.792s][info][gc,metaspace   ] GC(1750) Metaspace: 29078K(29376K)->29078K(29376K) NonClass: 25975K(26112K)->25975K(26112K) Class: 3103K(3264K)->3103K(3264K)
[5640.792s][info][gc             ] GC(1750) Pause Young (Allocation Failure) 3957M->1750M(4535M) 68.270ms
[5640.793s][info][gc,cpu         ] GC(1750) User=0.41s Sys=0.00s Real=0.07s
.[5642.137s][info][gc,start       ] GC(1751) Pause Young (Allocation Failure)
[5642.232s][info][gc,heap        ] GC(1751) PSYoungGen: 2597412K(2613760K)->160352K(2592256K) Eden: 2431488K(2431488K)->0K(2431488K) From: 165924K(182272K)->160352K(160768K)
[5642.232s][info][gc,heap        ] GC(1751) ParOldGen: 1626454K(2030080K)->1728734K(2030080K)
[5642.232s][info][gc,metaspace   ] GC(1751) Metaspace: 29078K(29376K)->29078K(29376K) NonClass: 25975K(26112K)->25975K(26112K) Class: 3103K(3264K)->3103K(3264K)
[5642.232s][info][gc             ] GC(1751) Pause Young (Allocation Failure) 4124M->1844M(4514M) 95.623ms
[5642.232s][info][gc,cpu         ] GC(1751) User=0.56s Sys=0.00s Real=0.10s
..[5643.765s][info][gc,start       ] GC(1752) Pause Young (Allocation Failure)
[5643.864s][info][gc,heap        ] GC(1752) PSYoungGen: 2591840K(2592256K)->168005K(2610688K) Eden: 2431488K(2431488K)->0K(2430464K) From: 160352K(160768K)->168005K(180224K)
[5643.864s][info][gc,heap        ] GC(1752) ParOldGen: 1728734K(2030080K)->1832558K(2030080K)
[5643.864s][info][gc,metaspace   ] GC(1752) Metaspace: 29078K(29376K)->29078K(29376K) NonClass: 25975K(26112K)->25975K(26112K) Class: 3103K(3264K)->3103K(3264K)
[5643.864s][info][gc             ] GC(1752) Pause Young (Allocation Failure) 4219M->1953M(4532M) 98.924ms
[5643.864s][info][gc,cpu         ] GC(1752) User=0.59s Sys=0.00s Real=0.10s
. (rIR:aIR:PR = 9686:9687:9687) (tPR = 142386) [OK] 
  5644s: Performance info:
         Transaction,    Success,    Partial,     Failed,   Receipts, AvgBarcode, 
             Overall,     586688,          0,          0,     557609,      59.47, 
         Response times:
             Request,    Success,    Partial,     Failed,   SkipFail,     Probes,    Samples,      min,      p50,      p90,      p95,      p99,      max, 
       TotalPurchase,     557614,          0,          0,          0,     346961,     425123,      200,     7700,    71000,   124000,   418000,  1200000,
     InStorePurchase,     294215,          0,          0,          0,     181914,     223070,      200,     7700,    71000,   123000,   390000,  1100000,
      OnlinePurchase,     204114,          0,          0,          0,     127950,     156596,      300,     7700,    71000,   125000,   423000,  1200000,
        InstPurchase,      59285,          0,          0,          0,      37097,      45457,      300,     7800,    72000,   129000,   460000,  1100000,
          AssocOfCat,        592,          0,          0,          0,        481,        692,    25000,    50000,   124400,   224000,   530700,   593000,
      AssocOfProduct,       5816,          0,          0,          0,       4185,       5336,      400,     7900,    70000,   125000,   353000,   574000,
      BusinessReport,       1463,          0,          0,          0,       1277,       1707,    31000,    59000,   130200,   182600,   434520,  1100000,
          CustBuyBeh,       5806,          0,          0,          0,       4203,       5369,      700,     7600,    69000,   114000,   370000,   574000,
       ProductReturn,      15399,          0,          0,          0,       9837,      12325,      200,     7100,    67000,   125700,   425000,   571000,

  5644s: (71%)   IR =   9824 [5645.533s][info][gc,start       ] GC(1753) Pause Young (Allocation Failure)
[5645.630s][info][gc,heap        ] GC(1753) PSYoungGen: 2598469K(2610688K)->163060K(2611712K) Eden: 2430464K(2430464K)->0K(2430464K) From: 168005K(180224K)->163060K(181248K)
[5645.630s][info][gc,heap        ] GC(1753) ParOldGen: 1832558K(2030080K)->1938414K(2030080K)
[5645.630s][info][gc,metaspace   ] GC(1753) Metaspace: 29078K(29376K)->29078K(29376K) NonClass: 25975K(26112K)->25975K(26112K) Class: 3103K(3264K)->3103K(3264K)
[5645.630s][info][gc             ] GC(1753) Pause Young (Allocation Failure) 4327M->2052M(4533M) 96.923ms
[5645.630s][info][gc,cpu         ] GC(1753) User=0.57s Sys=0.00s Real=0.09s
..[5647.201s][info][gc,start       ] GC(1754) Pause Young (Allocation Failure)
[5647.298s][info][gc,heap        ] GC(1754) PSYoungGen: 2593524K(2611712K)->160728K(2612224K) Eden: 2430464K(2430464K)->0K(2435072K) From: 163060K(181248K)->160728K(177152K)
[5647.298s][info][gc,heap        ] GC(1754) ParOldGen: 1938414K(2030080K)->2043518K(2043904K)
[5647.298s][info][gc,metaspace   ] GC(1754) Metaspace: 29078K(29376K)->29078K(29376K) NonClass: 25975K(26112K)->25975K(26112K) Class: 3103K(3264K)->3103K(3264K)
[5647.298s][info][gc             ] GC(1754) Pause Young (Allocation Failure) 4425M->2152M(4547M) 97.318ms
[5647.298s][info][gc,cpu         ] GC(1754) User=0.57s Sys=0.00s Real=0.09s
..[5648.935s][info][gc,start       ] GC(1755) Pause Young (Allocation Failure)
[5649.038s][info][gc,heap        ] GC(1755) PSYoungGen: 2595800K(2612224K)->167168K(2613248K) Eden: 2435072K(2435072K)->0K(2435072K) From: 160728K(177152K)->167168K(178176K)
[5649.038s][info][gc,heap        ] GC(1755) ParOldGen: 2043518K(2043904K)->2145198K(2145280K)
[5649.038s][info][gc,metaspace   ] GC(1755) Metaspace: 29078K(29376K)->29078K(29376K) NonClass: 25975K(26112K)->25975K(26112K) Class: 3103K(3264K)->3103K(3264K)
[5649.038s][info][gc             ] GC(1755) Pause Young (Allocation Failure) 4530M->2258M(4647M) 103.544ms
[5649.038s][info][gc,cpu         ] GC(1755) User=0.58s Sys=0.03s Real=0.10s
.[5650.647s][info][gc,start       ] GC(1756) Pause Young (Allocation Failure)
[5650.749s][info][gc,heap        ] GC(1756) PSYoungGen: 2602240K(2613248K)->162448K(2615296K) Eden: 2435072K(2435072K)->0K(2439168K) From: 167168K(178176K)->162448K(176128K)
[5650.749s][info][gc,heap        ] GC(1756) ParOldGen: 2145198K(2145280K)->2252134K(2252288K)
[5650.749s][info][gc,metaspace   ] GC(1756) Metaspace: 29078K(29376K)->29078K(29376K) NonClass: 25975K(26112K)->25975K(26112K) Class: 3103K(3264K)->3103K(3264K)
[5650.749s][info][gc             ] GC(1756) Pause Young (Allocation Failure) 4636M->2357M(4753M) 102.013ms
[5650.749s][info][gc,cpu         ] GC(1756) User=0.56s Sys=0.04s Real=0.10s
..[5652.320s][info][gc,start       ] GC(1757) Pause Young (Allocation Failure)
[5652.421s][info][gc,heap        ] GC(1757) PSYoungGen: 2601616K(2615296K)->161237K(2616320K) Eden: 2439168K(2439168K)->0K(2439168K) From: 162448K(176128K)->161237K(177152K)
[5652.421s][info][gc,heap        ] GC(1757) ParOldGen: 2252134K(2252288K)->2356630K(2356736K)
[5652.421s][info][gc,metaspace   ] GC(1757) Metaspace: 29078K(29376K)->29078K(29376K) NonClass: 25975K(26112K)->25975K(26112K) Class: 3103K(3264K)->3103K(3264K)
[5652.421s][info][gc             ] GC(1757) Pause Young (Allocation Failure) 4739M->2458M(4856M) 100.614ms
[5652.421s][info][gc,cpu         ] GC(1757) User=0.56s Sys=0.04s Real=0.10s
..[5654.018s][info][gc,start       ] GC(1758) Pause Young (Allocation Failure)
[5654.117s][info][gc,heap        ] GC(1758) PSYoungGen: 2600405K(2616320K)->151712K(2617856K) Eden: 2439168K(2439168K)->0K(2442240K) From: 161237K(177152K)->151712K(175616K)
[5654.117s][info][gc,heap        ] GC(1758) ParOldGen: 2356630K(2356736K)->2459926K(2460160K)
[5654.117s][info][gc,metaspace   ] GC(1758) Metaspace: 29078K(29376K)->29078K(29376K) NonClass: 25975K(26112K)->25975K(26112K) Class: 3103K(3264K)->3103K(3264K)
[5654.117s][info][gc             ] GC(1758) Pause Young (Allocation Failure) 4840M->2550M(4959M) 99.351ms
[5654.117s][info][gc,cpu         ] GC(1758) User=0.55s Sys=0.03s Real=0.10s
..[5655.833s][info][gc,start       ] GC(1759) Pause Young (Allocation Failure)
[5655.934s][info][gc,heap        ] GC(1759) PSYoungGen: 2593952K(2617856K)->162649K(2618368K) Eden: 2442240K(2442240K)->0K(2442240K) From: 151712K(175616K)->162649K(176128K)
[5655.934s][info][gc,heap        ] GC(1759) ParOldGen: 2459926K(2460160K)->2560686K(2561024K)
[5655.934s][info][gc,metaspace   ] GC(1759) Metaspace: 29078K(29376K)->29078K(29376K) NonClass: 25975K(26112K)->25975K(26112K) Class: 3103K(3264K)->3103K(3264K)
[5655.934s][info][gc             ] GC(1759) Pause Young (Allocation Failure) 4935M->2659M(5058M) 100.604ms
[5655.934s][info][gc,cpu         ] GC(1759) User=0.57s Sys=0.03s Real=0.10s
.[5657.473s][info][gc,start       ] GC(1760) Pause Young (Allocation Failure)
[5657.574s][info][gc,heap        ] GC(1760) PSYoungGen: 2604889K(2618368K)->161268K(2618368K) Eden: 2442240K(2442240K)->0K(2444800K) From: 162649K(176128K)->161268K(173568K)
[5657.575s][info][gc,heap        ] GC(1760) ParOldGen: 2560686K(2561024K)->2668350K(2668544K)
[5657.575s][info][gc,metaspace   ] GC(1760) Metaspace: 29078K(29376K)->29078K(29376K) NonClass: 25975K(26112K)->25975K(26112K) Class: 3103K(3264K)->3103K(3264K)
[5657.575s][info][gc             ] GC(1760) Pause Young (Allocation Failure) 5044M->2763M(5163M) 101.657ms
[5657.575s][info][gc,cpu         ] GC(1760) User=0.55s Sys=0.05s Real=0.10s
..[5659.161s][info][gc,start       ] GC(1761) Pause Young (Allocation Failure)
[5659.258s][info][gc,heap        ] GC(1761) PSYoungGen: 2606068K(2618368K)->155744K(2618880K) Eden: 2444800K(2444800K)->0K(2444800K) From: 161268K(173568K)->155744K(174080K)
[5659.258s][info][gc,heap        ] GC(1761) ParOldGen: 2668350K(2668544K)->2771126K(2771456K)
[5659.258s][info][gc,metaspace   ] GC(1761) Metaspace: 29078K(29376K)->29078K(29376K) NonClass: 25975K(26112K)->25975K(26112K) Class: 3103K(3264K)->3103K(3264K)
[5659.258s][info][gc             ] GC(1761) Pause Young (Allocation Failure) 5150M->2858M(5264M) 97.339ms
[5659.258s][info][gc,cpu         ] GC(1761) User=0.54s Sys=0.04s Real=0.09s
..[5660.900s][info][gc,start       ] GC(1762) Pause Young (Allocation Failure)
[5661.003s][info][gc,heap        ] GC(1762) PSYoungGen: 2600544K(2618880K)->164568K(2621952K) Eden: 2444800K(2444800K)->0K(2448384K) From: 155744K(174080K)->164568K(173568K)
[5661.003s][info][gc,heap        ] GC(1762) ParOldGen: 2771126K(2771456K)->2876006K(2876416K)
[5661.003s][info][gc,metaspace   ] GC(1762) Metaspace: 29078K(29376K)->29078K(29376K) NonClass: 25975K(26112K)->25975K(26112K) Class: 3103K(3264K)->3103K(3264K)
[5661.003s][info][gc             ] GC(1762) Pause Young (Allocation Failure) 5245M->2969M(5369M) 103.464ms
[5661.003s][info][gc,cpu         ] GC(1762) User=0.57s Sys=0.03s Real=0.11s
.[5662.661s][info][gc,start       ] GC(1763) Pause Young (Allocation Failure)
[5662.766s][info][gc,heap        ] GC(1763) PSYoungGen: 2612952K(2621952K)->173560K(2621952K) Eden: 2448384K(2448384K)->0K(2448384K) From: 164568K(173568K)->173560K(173568K)
[5662.766s][info][gc,heap        ] GC(1763) ParOldGen: 2876006K(2876416K)->2978758K(2978816K)
[5662.766s][info][gc,metaspace   ] GC(1763) Metaspace: 29078K(29376K)->29078K(29376K) NonClass: 25975K(26112K)->25975K(26112K) Class: 3103K(3264K)->3103K(3264K)
[5662.766s][info][gc             ] GC(1763) Pause Young (Allocation Failure) 5360M->3078M(5469M) 105.142ms
[5662.766s][info][gc,cpu         ] GC(1763) User=0.59s Sys=0.03s Real=0.10s
..[5664.371s][info][gc,start       ] GC(1764) Pause Young (Allocation Failure)
[5664.474s][info][gc,heap        ] GC(1764) PSYoungGen: 2621944K(2621952K)->164640K(2545152K) Eden: 2448384K(2448384K)->0K(2371072K) From: 173560K(173568K)->164640K(174080K)
[5664.474s][info][gc,heap        ] GC(1764) ParOldGen: 2978758K(2978816K)->3084902K(3085312K)
[5664.474s][info][gc,metaspace   ] GC(1764) Metaspace: 29078K(29376K)->29078K(29376K) NonClass: 25975K(26112K)->25975K(26112K) Class: 3103K(3264K)->3103K(3264K)
[5664.474s][info][gc             ] GC(1764) Pause Young (Allocation Failure) 5469M->3173M(5498M) 102.921ms
[5664.474s][info][gc,cpu         ] GC(1764) User=0.57s Sys=0.03s Real=0.10s
..[5666.028s][info][gc,start       ] GC(1765) Pause Young (Allocation Failure)
[5666.122s][info][gc,heap        ] GC(1765) PSYoungGen: 2535712K(2545152K)->143904K(2515456K) Eden: 2371072K(2371072K)->0K(2371072K) From: 164640K(174080K)->143904K(144384K)
[5666.122s][info][gc,heap        ] GC(1765) ParOldGen: 3084902K(3085312K)->3190158K(3190272K)
[5666.122s][info][gc,metaspace   ] GC(1765) Metaspace: 29078K(29376K)->29078K(29376K) NonClass: 25975K(26112K)->25975K(26112K) Class: 3103K(3264K)->3103K(3264K)
[5666.122s][info][gc             ] GC(1765) Pause Young (Allocation Failure) 5488M->3255M(5572M) 94.860ms
[5666.122s][info][gc,cpu         ] GC(1765) User=0.51s Sys=0.03s Real=0.10s
.[5667.682s][info][gc,start       ] GC(1766) Pause Young (Allocation Failure)
[5667.779s][info][gc,heap        ] GC(1766) PSYoungGen: 2514976K(2515456K)->153216K(2584576K) Eden: 2371072K(2371072K)->0K(2371584K) From: 143904K(144384K)->153216K(212992K)
[5667.779s][info][gc,heap        ] GC(1766) ParOldGen: 3190158K(3190272K)->3290958K(3291136K)
[5667.779s][info][gc,metaspace   ] GC(1766) Metaspace: 29078K(29376K)->29078K(29376K) NonClass: 25975K(26112K)->25975K(26112K) Class: 3103K(3264K)->3103K(3264K)
[5667.779s][info][gc             ] GC(1766) Pause Young (Allocation Failure) 5571M->3363M(5738M) 97.312ms
[5667.779s][info][gc,cpu         ] GC(1766) User=0.54s Sys=0.02s Real=0.09s
..[5669.306s][info][gc,start       ] GC(1767) Pause Young (Allocation Failure)
[5669.406s][info][gc,heap        ] GC(1767) PSYoungGen: 2524800K(2584576K)->162245K(2533888K) Eden: 2371584K(2371584K)->0K(2371584K) From: 153216K(212992K)->162245K(162304K)
[5669.406s][info][gc,heap        ] GC(1767) ParOldGen: 3290958K(3291136K)->3390662K(3390976K)
[5669.407s][info][gc,metaspace   ] GC(1767) Metaspace: 29078K(29376K)->29078K(29376K) NonClass: 25975K(26112K)->25975K(26112K) Class: 3103K(3264K)->3103K(3264K)
[5669.407s][info][gc             ] GC(1767) Pause Young (Allocation Failure) 5679M->3469M(5786M) 100.239ms
[5669.407s][info][gc,cpu         ] GC(1767) User=0.57s Sys=0.02s Real=0.10s
..[5670.994s][info][gc,start       ] GC(1768) Pause Young (Allocation Failure)
[5671.088s][info][gc,heap        ] GC(1768) PSYoungGen: 2533829K(2533888K)->145568K(2579968K) Eden: 2371584K(2371584K)->0K(2372096K) From: 162245K(162304K)->145568K(207872K)
[5671.088s][info][gc,heap        ] GC(1768) ParOldGen: 3390662K(3390976K)->3496670K(3496960K)
[5671.088s][info][gc,metaspace   ] GC(1768) Metaspace: 29078K(29376K)->29078K(29376K) NonClass: 25975K(26112K)->25975K(26112K) Class: 3103K(3264K)->3103K(3264K)
[5671.088s][info][gc             ] GC(1768) Pause Young (Allocation Failure) 5785M->3556M(5934M) 93.767ms
[5671.088s][info][gc,cpu         ] GC(1768) User=0.51s Sys=0.04s Real=0.09s
.[5672.630s][info][gc,start       ] GC(1769) Pause Young (Allocation Failure)
[5672.738s][info][gc,heap        ] GC(1769) PSYoungGen: 2517664K(2579968K)->175778K(2579456K) Eden: 2372096K(2372096K)->0K(2372096K) From: 145568K(207872K)->175778K(207360K)
[5672.739s][info][gc,heap        ] GC(1769) ParOldGen: 3496670K(3496960K)->3599142K(3599360K)
[5672.739s][info][gc,metaspace   ] GC(1769) Metaspace: 29078K(29376K)->29078K(29376K) NonClass: 25975K(26112K)->25975K(26112K) Class: 3103K(3264K)->3103K(3264K)
[5672.739s][info][gc             ] GC(1769) Pause Young (Allocation Failure) 5873M->3686M(6034M) 108.337ms
[5672.739s][info][gc,cpu         ] GC(1769) User=0.60s Sys=0.03s Real=0.10s
..[5674.234s][info][gc,start       ] GC(1770) Pause Young (Allocation Failure)
[5674.332s][info][gc,heap        ] GC(1770) PSYoungGen: 2547874K(2579456K)->152928K(2585088K) Eden: 2372096K(2372096K)->0K(2381312K) From: 175778K(207360K)->152928K(203776K)
[5674.332s][info][gc,heap        ] GC(1770) ParOldGen: 3599142K(3599360K)->3704734K(3704832K)
[5674.332s][info][gc,metaspace   ] GC(1770) Metaspace: 29078K(29376K)->29078K(29376K) NonClass: 25975K(26112K)->25975K(26112K) Class: 3103K(3264K)->3103K(3264K)
[5674.332s][info][gc             ] GC(1770) Pause Young (Allocation Failure) 6002M->3767M(6142M) 98.448ms
[5674.332s][info][gc,cpu         ] GC(1770) User=0.55s Sys=0.03s Real=0.10s
. (rIR:aIR:PR = 9824:10047:10047) (tPR = 148621) [IR is over limit] [PR is over limit] 
  5674s: Performance info:
         Transaction,    Success,    Partial,     Failed,   Receipts, AvgBarcode, 
             Overall,     202536,          0,          0,     192658,      59.47, 
         Response times:
             Request,    Success,    Partial,     Failed,   SkipFail,     Probes,    Samples,      min,      p50,      p90,      p95,      p99,      max, 
       TotalPurchase,     192658,          0,          0,          0,     119094,     179094,      300,     7800,    57000,    80000,   119000,   258000,
     InStorePurchase,     101837,          0,          0,          0,      62753,      94205,      300,     7600,    57000,    79000,   119000,   258000,
      OnlinePurchase,      70873,          0,          0,          0,      44028,      66152,      300,     8000,    57000,    81000,   120000,   206000,
        InstPurchase,      19948,          0,          0,          0,      12313,      18737,      400,     8300,    58000,    83000,   119000,   205000,
          AssocOfCat,        199,          0,          0,          0,        165,        273,    24000,    50000,    97600,   137600,   174780,   184000,
      AssocOfProduct,       1965,          0,          0,          0,       1400,       2216,      400,     7300,    50300,    77000,   123830,   200000,
      BusinessReport,        485,          0,          0,          0,        431,        698,    33000,    62000,   142100,   165300,   194020,   246000,
          CustBuyBeh,       1953,          0,          0,          0,       1500,       2356,      200,     6600,    49000,    73000,   114860,   194000,
       ProductReturn,       5276,          0,          0,          0,       3138,       4789,     1100,     8500,    60000,    81000,   126000,   190000,

  5674s: 
  5674s: Failed, 9 overall retries left, retrying 1 of 1
  5674s: (71%)   IR =   9824 .[5676.022s][info][gc,start       ] GC(1771) Pause Young (Allocation Failure)
[5676.119s][info][gc,heap        ] GC(1771) PSYoungGen: 2534240K(2585088K)->149984K(2586624K) Eden: 2381312K(2381312K)->0K(2381312K) From: 152928K(203776K)->149984K(205312K)
[5676.119s][info][gc,heap        ] GC(1771) ParOldGen: 3704734K(3704832K)->3806550K(3806720K)
[5676.119s][info][gc,metaspace   ] GC(1771) Metaspace: 29078K(29376K)->29078K(29376K) NonClass: 25975K(26112K)->25975K(26112K) Class: 3103K(3264K)->3103K(3264K)
[5676.119s][info][gc             ] GC(1771) Pause Young (Allocation Failure) 6092M->3863M(6243M) 96.900ms
[5676.119s][info][gc,cpu         ] GC(1771) User=0.54s Sys=0.03s Real=0.09s
.[5677.723s][info][gc,start       ] GC(1772) Pause Young (Allocation Failure)
[5677.824s][info][gc,heap        ] GC(1772) PSYoungGen: 2531296K(2586624K)->157760K(2584576K) Eden: 2381312K(2381312K)->0K(2386944K) From: 149984K(205312K)->157760K(197632K)
[5677.824s][info][gc,heap        ] GC(1772) ParOldGen: 3806550K(3806720K)->3912414K(3912704K)
[5677.824s][info][gc,metaspace   ] GC(1772) Metaspace: 29078K(29376K)->29078K(29376K) NonClass: 25975K(26112K)->25975K(26112K) Class: 3103K(3264K)->3103K(3264K)
[5677.824s][info][gc             ] GC(1772) Pause Young (Allocation Failure) 6189M->3974M(6345M) 100.740ms
[5677.824s][info][gc,cpu         ] GC(1772) User=0.55s Sys=0.04s Real=0.10s
..[5679.400s][info][gc,start       ] GC(1773) Pause Young (Allocation Failure)
[5679.505s][info][gc,heap        ] GC(1773) PSYoungGen: 2544704K(2584576K)->166410K(2587648K) Eden: 2386944K(2386944K)->0K(2386944K) From: 157760K(197632K)->166410K(200704K)
[5679.505s][info][gc,heap        ] GC(1773) ParOldGen: 3912414K(3912704K)->4017326K(4017664K)
[5679.505s][info][gc,metaspace   ] GC(1773) Metaspace: 29078K(29376K)->29078K(29376K) NonClass: 25975K(26112K)->25975K(26112K) Class: 3103K(3264K)->3103K(3264K)
[5679.505s][info][gc             ] GC(1773) Pause Young (Allocation Failure) 6305M->4085M(6450M) 104.837ms
[5679.505s][info][gc,cpu         ] GC(1773) User=0.58s Sys=0.03s Real=0.11s
.|.[5681.160s][info][gc,start       ] GC(1774) Pause Young (Allocation Failure)
[5681.262s][info][gc,heap        ] GC(1774) PSYoungGen: 2553354K(2587648K)->158102K(2589696K) Eden: 2386944K(2386944K)->0K(2397184K) From: 166410K(200704K)->158102K(192512K)
[5681.262s][info][gc,heap        ] GC(1774) ParOldGen: 4017326K(4017664K)->4118934K(4119040K)
[5681.262s][info][gc,metaspace   ] GC(1774) Metaspace: 29078K(29376K)->29078K(29376K) NonClass: 25975K(26112K)->25975K(26112K) Class: 3103K(3264K)->3103K(3264K)
[5681.262s][info][gc             ] GC(1774) Pause Young (Allocation Failure) 6416M->4176M(6551M) 101.727ms
[5681.262s][info][gc,cpu         ] GC(1774) User=0.56s Sys=0.04s Real=0.10s
.[5682.897s][info][gc,start       ] GC(1775) Pause Young (Allocation Failure)
[5682.992s][info][gc,heap        ] GC(1775) PSYoungGen: 2555286K(2589696K)->142016K(2592768K) Eden: 2397184K(2397184K)->0K(2397184K) From: 158102K(192512K)->142016K(195584K)
[5682.992s][info][gc,heap        ] GC(1775) ParOldGen: 4118934K(4119040K)->4223678K(4224000K)
[5682.992s][info][gc,metaspace   ] GC(1775) Metaspace: 29078K(29376K)->29078K(29376K) NonClass: 25975K(26112K)->25975K(26112K) Class: 3103K(3264K)->3103K(3264K)
[5682.992s][info][gc             ] GC(1775) Pause Young (Allocation Failure) 6517M->4263M(6657M) 95.523ms
[5682.992s][info][gc,cpu         ] GC(1775) User=0.52s Sys=0.04s Real=0.10s
..[5684.611s][info][gc,start       ] GC(1776) Pause Young (Allocation Failure)
[5684.710s][info][gc,heap        ] GC(1776) PSYoungGen: 2539200K(2592768K)->152416K(2596352K) Eden: 2397184K(2397184K)->0K(2404864K) From: 142016K(195584K)->152416K(191488K)
[5684.710s][info][gc,heap        ] GC(1776) ParOldGen: 4223678K(4224000K)->4327350K(4327424K)
[5684.710s][info][gc,metaspace   ] GC(1776) Metaspace: 29078K(29376K)->29078K(29376K) NonClass: 25975K(26112K)->25975K(26112K) Class: 3103K(3264K)->3103K(3264K)
[5684.710s][info][gc             ] GC(1776) Pause Young (Allocation Failure) 6604M->4374M(6761M) 98.555ms
[5684.710s][info][gc,cpu         ] GC(1776) User=0.56s Sys=0.03s Real=0.09s
..[5686.350s][info][gc,start       ] GC(1777) Pause Young (Allocation Failure)
[5686.450s][info][gc,heap        ] GC(1777) PSYoungGen: 2557280K(2596352K)->162000K(2598400K) Eden: 2404864K(2404864K)->0K(2404864K) From: 152416K(191488K)->162000K(193536K)
[5686.450s][info][gc,heap        ] GC(1777) ParOldGen: 4327350K(4327424K)->4426534K(4426752K)
[5686.450s][info][gc,metaspace   ] GC(1777) Metaspace: 29078K(29376K)->29078K(29376K) NonClass: 25975K(26112K)->25975K(26112K) Class: 3103K(3264K)->3103K(3264K)
[5686.450s][info][gc             ] GC(1777) Pause Young (Allocation Failure) 6723M->4480M(6860M) 99.752ms
[5686.450s][info][gc,cpu         ] GC(1777) User=0.55s Sys=0.03s Real=0.10s
..[5688.040s][info][gc,start       ] GC(1778) Pause Young (Allocation Failure)
[5688.138s][info][gc,heap        ] GC(1778) PSYoungGen: 2566864K(2598400K)->150688K(2599936K) Eden: 2404864K(2404864K)->0K(2411520K) From: 162000K(193536K)->150688K(188416K)
[5688.138s][info][gc,heap        ] GC(1778) ParOldGen: 4426534K(4426752K)->4530750K(4531200K)
[5688.138s][info][gc,metaspace   ] GC(1778) Metaspace: 29078K(29376K)->29078K(29376K) NonClass: 25975K(26112K)->25975K(26112K) Class: 3103K(3264K)->3103K(3264K)
[5688.138s][info][gc             ] GC(1778) Pause Young (Allocation Failure) 6829M->4571M(6964M) 98.558ms
[5688.139s][info][gc,cpu         ] GC(1778) User=0.54s Sys=0.03s Real=0.09s
.[5689.804s][info][gc,start       ] GC(1779) Pause Young (Allocation Failure)
[5689.907s][info][gc,heap        ] GC(1779) PSYoungGen: 2562208K(2599936K)->161728K(2600960K) Eden: 2411520K(2411520K)->0K(2411520K) From: 150688K(188416K)->161728K(189440K)
[5689.907s][info][gc,heap        ] GC(1779) ParOldGen: 4530750K(4531200K)->4635926K(4636160K)
[5689.907s][info][gc,metaspace   ] GC(1779) Metaspace: 29078K(29376K)->29078K(29376K) NonClass: 25975K(26112K)->25975K(26112K) Class: 3103K(3264K)->3103K(3264K)
[5689.907s][info][gc             ] GC(1779) Pause Young (Allocation Failure) 6926M->4685M(7067M) 102.783ms
[5689.907s][info][gc,cpu         ] GC(1779) User=0.57s Sys=0.04s Real=0.10s
..[5691.534s][info][gc,start       ] GC(1780) Pause Young (Allocation Failure)
[5691.639s][info][gc,heap        ] GC(1780) PSYoungGen: 2573248K(2600960K)->163866K(2605568K) Eden: 2411520K(2411520K)->0K(2419200K) From: 161728K(189440K)->163866K(186368K)
[5691.639s][info][gc,heap        ] GC(1780) ParOldGen: 4635926K(4636160K)->4739590K(4740096K)
[5691.639s][info][gc,metaspace   ] GC(1780) Metaspace: 29078K(29376K)->29078K(29376K) NonClass: 25975K(26112K)->25975K(26112K) Class: 3103K(3264K)->3103K(3264K)
[5691.639s][info][gc             ] GC(1780) Pause Young (Allocation Failure) 7040M->4788M(7173M) 104.772ms
[5691.639s][info][gc,cpu         ] GC(1780) User=0.59s Sys=0.02s Real=0.10s
..[5693.301s][info][gc,start       ] GC(1781) Pause Young (Allocation Failure)
[5693.404s][info][gc,heap        ] GC(1781) PSYoungGen: 2583066K(2605568K)->159808K(2605568K) Eden: 2419200K(2419200K)->0K(2419200K) From: 163866K(186368K)->159808K(186368K)
[5693.404s][info][gc,heap        ] GC(1781) ParOldGen: 4739590K(4740096K)->4840854K(4840960K)
[5693.404s][info][gc,metaspace   ] GC(1781) Metaspace: 29078K(29376K)->29078K(29376K) NonClass: 25975K(26112K)->25975K(26112K) Class: 3103K(3264K)->3103K(3264K)
[5693.404s][info][gc             ] GC(1781) Pause Young (Allocation Failure) 7151M->4883M(7272M) 103.698ms
[5693.404s][info][gc,cpu         ] GC(1781) User=0.59s Sys=0.03s Real=0.10s
.[5694.898s][info][gc,start       ] GC(1782) Pause Young (Allocation Failure)
[5694.997s][info][gc,heap        ] GC(1782) PSYoungGen: 2579008K(2605568K)->148704K(2607616K) Eden: 2419200K(2419200K)->0K(2423808K) From: 159808K(186368K)->148704K(183808K)
[5694.997s][info][gc,heap        ] GC(1782) ParOldGen: 4840854K(4840960K)->4947566K(4947968K)
[5694.997s][info][gc,metaspace   ] GC(1782) Metaspace: 29078K(29376K)->29078K(29376K) NonClass: 25975K(26112K)->25975K(26112K) Class: 3103K(3264K)->3103K(3264K)
[5694.997s][info][gc             ] GC(1782) Pause Young (Allocation Failure) 7245M->4976M(7378M) 99.370ms
[5694.997s][info][gc,cpu         ] GC(1782) User=0.55s Sys=0.04s Real=0.10s
..[5696.655s][info][gc,start       ] GC(1783) Pause Young (Allocation Failure)
[5696.761s][info][gc,heap        ] GC(1783) PSYoungGen: 2572512K(2607616K)->167230K(2607104K) Eden: 2423808K(2423808K)->0K(2423808K) From: 148704K(183808K)->167230K(183296K)
[5696.761s][info][gc,heap        ] GC(1783) ParOldGen: 4947566K(4947968K)->5050574K(5050880K)
[5696.761s][info][gc,metaspace   ] GC(1783) Metaspace: 29078K(29376K)->29078K(29376K) NonClass: 25975K(26112K)->25975K(26112K) Class: 3103K(3264K)->3103K(3264K)
[5696.761s][info][gc             ] GC(1783) Pause Young (Allocation Failure) 7343M->5095M(7478M) 106.339ms
[5696.761s][info][gc,cpu         ] GC(1783) User=0.60s Sys=0.03s Real=0.11s
..[5698.473s][info][gc,start       ] GC(1784) Pause Young (Allocation Failure)
[5698.574s][info][gc,heap        ] GC(1784) PSYoungGen: 2591038K(2607104K)->160304K(2608640K) Eden: 2423808K(2423808K)->0K(2428416K) From: 167230K(183296K)->160304K(180224K)
[5698.574s][info][gc,heap        ] GC(1784) ParOldGen: 5050574K(5050880K)->5154310K(5154816K)
[5698.574s][info][gc,metaspace   ] GC(1784) Metaspace: 29078K(29376K)->29078K(29376K) NonClass: 25975K(26112K)->25975K(26112K) Class: 3103K(3264K)->3103K(3264K)
[5698.574s][info][gc             ] GC(1784) Pause Young (Allocation Failure) 7462M->5190M(7581M) 101.370ms
[5698.574s][info][gc,cpu         ] GC(1784) User=0.56s Sys=0.04s Real=0.10s
..[5700.254s][info][gc,start       ] GC(1785) Pause Young (Allocation Failure)
[5700.358s][info][gc,heap        ] GC(1785) PSYoungGen: 2588720K(2608640K)->164596K(2610176K) Eden: 2428416K(2428416K)->0K(2428416K) From: 160304K(180224K)->164596K(181760K)
[5700.358s][info][gc,heap        ] GC(1785) ParOldGen: 5154310K(5154816K)->5257574K(5257728K)
[5700.358s][info][gc,metaspace   ] GC(1785) Metaspace: 29078K(29376K)->29078K(29376K) NonClass: 25975K(26112K)->25975K(26112K) Class: 3103K(3264K)->3103K(3264K)
[5700.358s][info][gc             ] GC(1785) Pause Young (Allocation Failure) 7561M->5295M(7683M) 104.290ms
[5700.358s][info][gc,cpu         ] GC(1785) User=0.57s Sys=0.04s Real=0.10s
.[5701.906s][info][gc,start       ] GC(1786) Pause Young (Allocation Failure)
[5702.008s][info][gc,heap        ] GC(1786) PSYoungGen: 2593012K(2610176K)->153156K(2612224K) Eden: 2428416K(2428416K)->0K(2432512K) From: 164596K(181760K)->153156K(179712K)
[5702.008s][info][gc,heap        ] GC(1786) ParOldGen: 5257574K(5257728K)->5362766K(5363200K)
[5702.008s][info][gc,metaspace   ] GC(1786) Metaspace: 29078K(29376K)->29078K(29376K) NonClass: 25975K(26112K)->25975K(26112K) Class: 3103K(3264K)->3103K(3264K)
[5702.008s][info][gc             ] GC(1786) Pause Young (Allocation Failure) 7666M->5386M(7788M) 101.680ms
[5702.008s][info][gc,cpu         ] GC(1786) User=0.56s Sys=0.04s Real=0.10s
..[5703.642s][info][gc,start       ] GC(1787) Pause Young (Allocation Failure)
[5703.750s][info][gc,heap        ] GC(1787) PSYoungGen: 2585668K(2612224K)->170672K(2613248K) Eden: 2432512K(2432512K)->0K(2432512K) From: 153156K(179712K)->170672K(180736K)
[5703.750s][info][gc,heap        ] GC(1787) ParOldGen: 5362766K(5363200K)->5465750K(5466112K)
[5703.750s][info][gc,metaspace   ] GC(1787) Metaspace: 29078K(29376K)->29078K(29376K) NonClass: 25975K(26112K)->25975K(26112K) Class: 3103K(3264K)->3103K(3264K)
[5703.750s][info][gc             ] GC(1787) Pause Young (Allocation Failure) 7762M->5504M(7890M) 107.823ms
[5703.750s][info][gc,cpu         ] GC(1787) User=0.60s Sys=0.03s Real=0.11s
..[5705.436s][info][gc,start       ] GC(1788) Pause Young (Allocation Failure)
[5705.543s][info][gc,heap        ] GC(1788) PSYoungGen: 2603184K(2613248K)->167882K(2612224K) Eden: 2432512K(2432512K)->0K(2429440K) From: 170672K(180736K)->167882K(182784K)
[5705.543s][info][gc,heap        ] GC(1788) ParOldGen: 5465750K(5466112K)->5569590K(5570048K)
[5705.543s][info][gc,metaspace   ] GC(1788) Metaspace: 29078K(29376K)->29078K(29376K) NonClass: 25975K(26112K)->25975K(26112K) Class: 3103K(3264K)->3103K(3264K)
[5705.543s][info][gc             ] GC(1788) Pause Young (Allocation Failure) 7879M->5603M(7990M) 106.845ms
[5705.543s][info][gc,cpu         ] GC(1788) User=0.58s Sys=0.04s Real=0.11s
..[5707.242s][info][gc,start       ] GC(1789) Pause Full (Allocation Failure)
[5707.242s][info][gc,phases,start] GC(1789) Marking Phase
[5707.555s][info][gc,phases      ] GC(1789) Marking Phase 312.622ms
[5707.555s][info][gc,phases,start] GC(1789) Summary Phase
[5707.555s][info][gc,phases      ] GC(1789) Summary Phase 0.108ms
[5707.555s][info][gc,phases,start] GC(1789) Forward
[5707.685s][info][gc,phases      ] GC(1789) Forward 130.307ms
[5707.685s][info][gc,phases,start] GC(1789) Adjust Pointers
[5707.898s][info][gc,phases      ] GC(1789) Adjust Pointers 212.417ms
[5707.898s][info][gc,phases,start] GC(1789) Compaction Phase
[5708.048s][info][gc,phases      ] GC(1789) Compaction Phase 150.013ms
[5708.049s][info][gc,phases,start] GC(1789) Post Compact
[5708.056s][info][gc,phases      ] GC(1789) Post Compact 7.066ms
[5708.188s][info][gc,heap        ] GC(1789) PSYoungGen: 2597322K(2612224K)->0K(2612736K) Eden: 2429440K(2429440K)->0K(2429440K) From: 167882K(182784K)->0K(183296K)
[5708.188s][info][gc,heap        ] GC(1789) ParOldGen: 5569590K(5570048K)->1625763K(2036736K)
[5708.188s][info][gc,metaspace   ] GC(1789) Metaspace: 29078K(29376K)->29078K(29376K) NonClass: 25975K(26112K)->25975K(26112K) Class: 3103K(3264K)->3103K(3264K)
[5708.188s][info][gc             ] GC(1789) Pause Full (Allocation Failure) 7975M->1587M(4540M) 946.135ms
[5708.189s][info][gc,cpu         ] GC(1789) User=4.39s Sys=0.13s Real=0.94s
..[5709.526s][info][gc,start       ] GC(1790) Pause Young (Allocation Failure)
[5709.592s][info][gc,heap        ] GC(1790) PSYoungGen: 2429440K(2612736K)->157536K(2609664K) Eden: 2429440K(2429440K)->0K(2429440K) From: 0K(183296K)->157536K(180224K)
[5709.592s][info][gc,heap        ] GC(1790) ParOldGen: 1625763K(2036736K)->1625763K(2036736K)
[5709.592s][info][gc,metaspace   ] GC(1790) Metaspace: 29078K(29376K)->29078K(29376K) NonClass: 25975K(26112K)->25975K(26112K) Class: 3103K(3264K)->3103K(3264K)
[5709.592s][info][gc             ] GC(1790) Pause Young (Allocation Failure) 3960M->1741M(4537M) 66.305ms
[5709.592s][info][gc,cpu         ] GC(1790) User=0.38s Sys=0.00s Real=0.07s
.[5710.909s][info][gc,start       ] GC(1791) Pause Young (Allocation Failure)
[5711.004s][info][gc,heap        ] GC(1791) PSYoungGen: 2586976K(2609664K)->167392K(2611200K) Eden: 2429440K(2429440K)->0K(2429440K) From: 157536K(180224K)->167392K(181760K)
[5711.004s][info][gc,heap        ] GC(1791) ParOldGen: 1625763K(2036736K)->1724635K(2036736K)
[5711.004s][info][gc,metaspace   ] GC(1791) Metaspace: 29078K(29376K)->29078K(29376K) NonClass: 25975K(26112K)->25975K(26112K) Class: 3103K(3264K)->3103K(3264K)
[5711.004s][info][gc             ] GC(1791) Pause Young (Allocation Failure) 4114M->1847M(4539M) 94.959ms
[5711.004s][info][gc,cpu         ] GC(1791) User=0.56s Sys=0.00s Real=0.10s
..[5712.586s][info][gc,start       ] GC(1792) Pause Young (Allocation Failure)
[5712.684s][info][gc,heap        ] GC(1792) PSYoungGen: 2596832K(2611200K)->163616K(2611712K) Eden: 2429440K(2429440K)->0K(2432000K) From: 167392K(181760K)->163616K(179712K)
[5712.684s][info][gc,heap        ] GC(1792) ParOldGen: 1724635K(2036736K)->1833083K(2036736K)
[5712.684s][info][gc,metaspace   ] GC(1792) Metaspace: 29078K(29376K)->29078K(29376K) NonClass: 25975K(26112K)->25975K(26112K) Class: 3103K(3264K)->3103K(3264K)
[5712.685s][info][gc             ] GC(1792) Pause Young (Allocation Failure) 4220M->1949M(4539M) 98.592ms
[5712.685s][info][gc,cpu         ] GC(1792) User=0.58s Sys=0.00s Real=0.10s
.[5714.272s][info][gc,start       ] GC(1793) Pause Young (Allocation Failure)
[5714.371s][info][gc,heap        ] GC(1793) PSYoungGen: 2595616K(2611712K)->166196K(2612736K) Eden: 2432000K(2432000K)->0K(2432000K) From: 163616K(179712K)->166196K(180736K)
[5714.371s][info][gc,heap        ] GC(1793) ParOldGen: 1833083K(2036736K)->1938979K(2036736K)
[5714.371s][info][gc,metaspace   ] GC(1793) Metaspace: 29078K(29376K)->29078K(29376K) NonClass: 25975K(26112K)->25975K(26112K) Class: 3103K(3264K)->3103K(3264K)
[5714.371s][info][gc             ] GC(1793) Pause Young (Allocation Failure) 4324M->2055M(4540M) 99.492ms
[5714.371s][info][gc,cpu         ] GC(1793) User=0.59s Sys=0.00s Real=0.10s
..[5716.015s][info][gc,start       ] GC(1794) Pause Young (Allocation Failure)
[5716.105s][info][gc,heap        ] GC(1794) PSYoungGen: 2598196K(2612736K)->147956K(2614272K) Eden: 2432000K(2432000K)->0K(2433536K) From: 166196K(180736K)->147956K(180736K)
[5716.105s][info][gc,heap        ] GC(1794) ParOldGen: 1938979K(2036736K)->2039699K(2039808K)
[5716.105s][info][gc,metaspace   ] GC(1794) Metaspace: 29078K(29376K)->29078K(29376K) NonClass: 25975K(26112K)->25975K(26112K) Class: 3103K(3264K)->3103K(3264K)
[5716.105s][info][gc             ] GC(1794) Pause Young (Allocation Failure) 4430M->2136M(4545M) 90.905ms
[5716.105s][info][gc,cpu         ] GC(1794) User=0.54s Sys=0.01s Real=0.09s
..[5717.785s][info][gc,start       ] GC(1795) Pause Young (Allocation Failure)
[5717.892s][info][gc,heap        ] GC(1795) PSYoungGen: 2581492K(2614272K)->172005K(2605568K) Eden: 2433536K(2433536K)->0K(2433536K) From: 147956K(180736K)->172005K(172032K)
[5717.892s][info][gc,heap        ] GC(1795) ParOldGen: 2039699K(2039808K)->2142235K(2142720K)
[5717.892s][info][gc,metaspace   ] GC(1795) Metaspace: 29078K(29376K)->29078K(29376K) NonClass: 25975K(26112K)->25975K(26112K) Class: 3103K(3264K)->3103K(3264K)
[5717.892s][info][gc             ] GC(1795) Pause Young (Allocation Failure) 4512M->2260M(4637M) 107.444ms
[5717.892s][info][gc,cpu         ] GC(1795) User=0.60s Sys=0.03s Real=0.11s
..[5719.486s][info][gc,start       ] GC(1796) Pause Young (Allocation Failure)
[5719.588s][info][gc,heap        ] GC(1796) PSYoungGen: 2605541K(2605568K)->159168K(2614272K) Eden: 2433536K(2433536K)->0K(2430976K) From: 172005K(172032K)->159168K(183296K)
[5719.588s][info][gc,heap        ] GC(1796) ParOldGen: 2142235K(2142720K)->2247283K(2247680K)
[5719.588s][info][gc,metaspace   ] GC(1796) Metaspace: 29078K(29376K)->29078K(29376K) NonClass: 25975K(26112K)->25975K(26112K) Class: 3103K(3264K)->3103K(3264K)
[5719.588s][info][gc             ] GC(1796) Pause Young (Allocation Failure) 4636M->2350M(4748M) 102.046ms
[5719.588s][info][gc,cpu         ] GC(1796) User=0.56s Sys=0.04s Real=0.10s
.[5721.190s][info][gc,start       ] GC(1797) Pause Young (Allocation Failure)
[5721.291s][info][gc,heap        ] GC(1797) PSYoungGen: 2590144K(2614272K)->157936K(2589184K) Eden: 2430976K(2430976K)->0K(2430976K) From: 159168K(183296K)->157936K(158208K)
[5721.291s][info][gc,heap        ] GC(1797) ParOldGen: 2247283K(2247680K)->2350555K(2350592K)
[5721.291s][info][gc,metaspace   ] GC(1797) Metaspace: 29078K(29376K)->29078K(29376K) NonClass: 25975K(26112K)->25975K(26112K) Class: 3103K(3264K)->3103K(3264K)
[5721.291s][info][gc             ] GC(1797) Pause Young (Allocation Failure) 4724M->2449M(4824M) 100.607ms
[5721.291s][info][gc,cpu         ] GC(1797) User=0.56s Sys=0.03s Real=0.10s
..[5722.889s][info][gc,start       ] GC(1798) Pause Young (Allocation Failure)
[5722.989s][info][gc,heap        ] GC(1798) PSYoungGen: 2588912K(2589184K)->156368K(2612224K) Eden: 2430976K(2430976K)->0K(2432000K) From: 157936K(158208K)->156368K(180224K)
[5722.989s][info][gc,heap        ] GC(1798) ParOldGen: 2350555K(2350592K)->2455203K(2455552K)
[5722.989s][info][gc,metaspace   ] GC(1798) Metaspace: 29078K(29376K)->29078K(29376K) NonClass: 25975K(26112K)->25975K(26112K) Class: 3103K(3264K)->3103K(3264K)
[5722.989s][info][gc             ] GC(1798) Pause Young (Allocation Failure) 4823M->2550M(4949M) 99.462ms
[5722.989s][info][gc,cpu         ] GC(1798) User=0.55s Sys=0.04s Real=0.10s
..[5724.616s][info][gc,start       ] GC(1799) Pause Young (Allocation Failure)
[5724.716s][info][gc,heap        ] GC(1799) PSYoungGen: 2588368K(2612224K)->158944K(2611200K) Eden: 2432000K(2432000K)->0K(2432000K) From: 156368K(180224K)->158944K(179200K)
[5724.716s][info][gc,heap        ] GC(1799) ParOldGen: 2455203K(2455552K)->2559115K(2559488K)
[5724.716s][info][gc,metaspace   ] GC(1799) Metaspace: 29078K(29376K)->29078K(29376K) NonClass: 25975K(26112K)->25975K(26112K) Class: 3103K(3264K)->3103K(3264K)
[5724.716s][info][gc             ] GC(1799) Pause Young (Allocation Failure) 4925M->2654M(5049M) 99.631ms
[5724.716s][info][gc,cpu         ] GC(1799) User=0.55s Sys=0.04s Real=0.10s
.[5726.388s][info][gc,start       ] GC(1800) Pause Young (Allocation Failure)
[5726.489s][info][gc,heap        ] GC(1800) PSYoungGen: 2590944K(2611200K)->157972K(2615296K) Eden: 2432000K(2432000K)->0K(2437632K) From: 158944K(179200K)->157972K(177664K)
[5726.489s][info][gc,heap        ] GC(1800) ParOldGen: 2559115K(2559488K)->2664027K(2664448K)
[5726.489s][info][gc,metaspace   ] GC(1800) Metaspace: 29078K(29376K)->29078K(29376K) NonClass: 25975K(26112K)->25975K(26112K) Class: 3103K(3264K)->3103K(3264K)
[5726.489s][info][gc             ] GC(1800) Pause Young (Allocation Failure) 5029M->2755M(5156M) 100.369ms
[5726.489s][info][gc,cpu         ] GC(1800) User=0.57s Sys=0.02s Real=0.10s
..[5728.115s][info][gc,start       ] GC(1801) Pause Young (Allocation Failure)
[5728.210s][info][gc,heap        ] GC(1801) PSYoungGen: 2595604K(2615296K)->147040K(2614272K) Eden: 2437632K(2437632K)->0K(2437632K) From: 157972K(177664K)->147040K(176640K)
[5728.210s][info][gc,heap        ] GC(1801) ParOldGen: 2664027K(2664448K)->2767387K(2767872K)
[5728.210s][info][gc,metaspace   ] GC(1801) Metaspace: 29078K(29376K)->29078K(29376K) NonClass: 25975K(26112K)->25975K(26112K) Class: 3103K(3264K)->3103K(3264K)
[5728.210s][info][gc             ] GC(1801) Pause Young (Allocation Failure) 5136M->2846M(5256M) 95.280ms
[5728.210s][info][gc,cpu         ] GC(1801) User=0.52s Sys=0.03s Real=0.10s
..[5729.882s][info][gc,start       ] GC(1802) Pause Young (Allocation Failure)
[5729.977s][info][gc,heap        ] GC(1802) PSYoungGen: 2584672K(2614272K)->148736K(2618880K) Eden: 2437632K(2437632K)->0K(2441728K) From: 147040K(176640K)->148736K(177152K)
[5729.977s][info][gc,heap        ] GC(1802) ParOldGen: 2767387K(2767872K)->2868947K(2869248K)
[5729.977s][info][gc,metaspace   ] GC(1802) Metaspace: 29078K(29376K)->29078K(29376K) NonClass: 25975K(26112K)->25975K(26112K) Class: 3103K(3264K)->3103K(3264K)
[5729.977s][info][gc             ] GC(1802) Pause Young (Allocation Failure) 5226M->2946M(5359M) 94.973ms
[5729.977s][info][gc,cpu         ] GC(1802) User=0.53s Sys=0.03s Real=0.09s
..[5731.612s][info][gc,start       ] GC(1803) Pause Young (Allocation Failure)
[5731.716s][info][gc,heap        ] GC(1803) PSYoungGen: 2590464K(2618880K)->165376K(2607616K) Eden: 2441728K(2441728K)->0K(2441728K) From: 148736K(177152K)->165376K(165888K)
[5731.716s][info][gc,heap        ] GC(1803) ParOldGen: 2868947K(2869248K)->2976803K(2977280K)
[5731.716s][info][gc,metaspace   ] GC(1803) Metaspace: 29078K(29376K)->29078K(29376K) NonClass: 25975K(26112K)->25975K(26112K) Class: 3103K(3264K)->3103K(3264K)
[5731.716s][info][gc             ] GC(1803) Pause Young (Allocation Failure) 5331M->3068M(5454M) 103.893ms
[5731.716s][info][gc,cpu         ] GC(1803) User=0.58s Sys=0.03s Real=0.10s
.[5733.377s][info][gc,start       ] GC(1804) Pause Young (Allocation Failure)
[5733.475s][info][gc,heap        ] GC(1804) PSYoungGen: 2607104K(2607616K)->156288K(2619392K) Eden: 2441728K(2441728K)->0K(2441216K) From: 165376K(165888K)->156288K(178176K)
[5733.475s][info][gc,heap        ] GC(1804) ParOldGen: 2976803K(2977280K)->3077267K(3077632K)
[5733.475s][info][gc,metaspace   ] GC(1804) Metaspace: 29078K(29376K)->29078K(29376K) NonClass: 25975K(26112K)->25975K(26112K) Class: 3103K(3264K)->3103K(3264K)
[5733.475s][info][gc             ] GC(1804) Pause Young (Allocation Failure) 5453M->3157M(5563M) 98.165ms
[5733.475s][info][gc,cpu         ] GC(1804) User=0.54s Sys=0.03s Real=0.10s
..[5735.105s][info][gc,start       ] GC(1805) Pause Young (Allocation Failure)
[5735.205s][info][gc,heap        ] GC(1805) PSYoungGen: 2597504K(2619392K)->151796K(2593280K) Eden: 2441216K(2441216K)->0K(2441216K) From: 156288K(178176K)->151796K(152064K)
[5735.205s][info][gc,heap        ] GC(1805) ParOldGen: 3077267K(3077632K)->3184059K(3184128K)
[5735.205s][info][gc,metaspace   ] GC(1805) Metaspace: 29078K(29376K)->29078K(29376K) NonClass: 25975K(26112K)->25975K(26112K) Class: 3103K(3264K)->3103K(3264K)
[5735.205s][info][gc             ] GC(1805) Pause Young (Allocation Failure) 5541M->3257M(5642M) 100.034ms
[5735.205s][info][gc,cpu         ] GC(1805) User=0.56s Sys=0.04s Real=0.10s
..[5736.879s][info][gc,start       ] GC(1806) Pause Young (Allocation Failure)
[5736.979s][info][gc,heap        ] GC(1806) PSYoungGen: 2593012K(2593280K)->160356K(2617344K) Eden: 2441216K(2441216K)->0K(2441728K) From: 151796K(152064K)->160356K(175616K)
[5736.979s][info][gc,heap        ] GC(1806) ParOldGen: 3184059K(3184128K)->3286083K(3286528K)
[5736.979s][info][gc,metaspace   ] GC(1806) Metaspace: 29078K(29376K)->29078K(29376K) NonClass: 25975K(26112K)->25975K(26112K) Class: 3103K(3264K)->3103K(3264K)
[5736.979s][info][gc             ] GC(1806) Pause Young (Allocation Failure) 5641M->3365M(5765M) 100.244ms
[5736.980s][info][gc,cpu         ] GC(1806) User=0.56s Sys=0.03s Real=0.10s
.[5738.495s][info][gc,start       ] GC(1807) Pause Young (Allocation Failure)
[5738.601s][info][gc,heap        ] GC(1807) PSYoungGen: 2602084K(2617344K)->168724K(2616832K) Eden: 2441728K(2441728K)->0K(2441728K) From: 160356K(175616K)->168724K(175104K)
[5738.601s][info][gc,heap        ] GC(1807) ParOldGen: 3286083K(3286528K)->3391411K(3391488K)
[5738.601s][info][gc,metaspace   ] GC(1807) Metaspace: 29078K(29376K)->29078K(29376K) NonClass: 25975K(26112K)->25975K(26112K) Class: 3103K(3264K)->3103K(3264K)
[5738.601s][info][gc             ] GC(1807) Pause Young (Allocation Failure) 5750M->3476M(5867M) 105.270ms
[5738.602s][info][gc,cpu         ] GC(1807) User=0.58s Sys=0.04s Real=0.11s
..[5740.223s][info][gc,start       ] GC(1808) Pause Young (Allocation Failure)
[5740.325s][info][gc,heap        ] GC(1808) PSYoungGen: 2610452K(2616832K)->160720K(2619904K) Eden: 2441728K(2441728K)->0K(2442752K) From: 168724K(175104K)->160720K(177152K)
[5740.325s][info][gc,heap        ] GC(1808) ParOldGen: 3391411K(3391488K)->3494803K(3494912K)
[5740.325s][info][gc,metaspace   ] GC(1808) Metaspace: 29078K(29376K)->29078K(29376K) NonClass: 25975K(26112K)->25975K(26112K) Class: 3103K(3264K)->3103K(3264K)
[5740.325s][info][gc             ] GC(1808) Pause Young (Allocation Failure) 5861M->3569M(5971M) 102.204ms
[5740.325s][info][gc,cpu         ] GC(1808) User=0.56s Sys=0.04s Real=0.10s
. (rIR:aIR:PR = 9824:9743:9745) (tPR = 144585) [OK] 
  5740s: Performance info:
         Transaction,    Success,    Partial,     Failed,   Receipts, AvgBarcode, 
             Overall,     591372,          0,          0,     561470,      59.48, 
         Response times:
             Request,    Success,    Partial,     Failed,   SkipFail,     Probes,    Samples,      min,      p50,      p90,      p95,      p99,      max, 
       TotalPurchase,     561347,          0,          0,          0,     345558,     394989,      200,     7400,    72000,   165000,   950000,  1000000,
     InStorePurchase,     295035,          0,          0,          0,     181720,     208041,      300,     7300,    71000,   164000,   950000,  1000000,
      OnlinePurchase,     206560,          0,          0,          0,     127454,     145643,      200,     7400,    73000,   167000,   950000,  1000000,
        InstPurchase,      59752,          0,          0,          0,      36384,      41305,      300,     7700,    74000,   165000,   860000,   970000,
          AssocOfCat,        598,          0,          0,          0,        489,        637,    25000,    51000,   121400,   186000,   395620,  1100000,
      AssocOfProduct,       5973,          0,          0,          0,       4322,       5079,      700,     7500,    73000,   163000,   340000,   448000,
      BusinessReport,       1485,          0,          0,          0,       1274,       1588,    27000,    61500,   155000,   197550,   490000,  1100000,
          CustBuyBeh,       5975,          0,          0,          0,       4312,       5096,      600,     9400,    82000,   182300,   573000,   990000,
       ProductReturn,      15890,          0,          0,          0,       9032,      10400,      200,     8500,    76000,   148950,   890000,   960000,

  5740s: (72%)   IR =   9963 .[5741.913s][info][gc,start       ] GC(1809) Pause Young (Allocation Failure)
[5742.014s][info][gc,heap        ] GC(1809) PSYoungGen: 2603472K(2619904K)->158548K(2601472K) Eden: 2442752K(2442752K)->0K(2442752K) From: 160720K(177152K)->158548K(158720K)
[5742.014s][info][gc,heap        ] GC(1809) ParOldGen: 3494803K(3494912K)->3600235K(3600384K)
[5742.014s][info][gc,metaspace   ] GC(1809) Metaspace: 29083K(29376K)->29083K(29376K) NonClass: 25980K(26112K)->25980K(26112K) Class: 3103K(3264K)->3103K(3264K)
[5742.014s][info][gc             ] GC(1809) Pause Young (Allocation Failure) 5955M->3670M(6056M) 100.899ms
[5742.014s][info][gc,cpu         ] GC(1809) User=0.56s Sys=0.03s Real=0.10s
.[5743.498s][info][gc,start       ] GC(1810) Pause Young (Allocation Failure)
[5743.601s][info][gc,heap        ] GC(1810) PSYoungGen: 2601300K(2601472K)->167045K(2615808K) Eden: 2442752K(2442752K)->0K(2441216K) From: 158548K(158720K)->167045K(174592K)
[5743.601s][info][gc,heap        ] GC(1810) ParOldGen: 3600235K(3600384K)->3704155K(3704320K)
[5743.601s][info][gc,metaspace   ] GC(1810) Metaspace: 29083K(29376K)->29083K(29376K) NonClass: 25980K(26112K)->25980K(26112K) Class: 3103K(3264K)->3103K(3264K)
[5743.601s][info][gc             ] GC(1810) Pause Young (Allocation Failure) 6056M->3780M(6172M) 103.176ms
[5743.601s][info][gc,cpu         ] GC(1810) User=0.58s Sys=0.04s Real=0.11s
..[5745.261s][info][gc,start       ] GC(1811) Pause Young (Allocation Failure)
[5745.364s][info][gc,heap        ] GC(1811) PSYoungGen: 2608261K(2615808K)->160896K(2617344K) Eden: 2441216K(2441216K)->0K(2441216K) From: 167045K(174592K)->160896K(176128K)
[5745.364s][info][gc,heap        ] GC(1811) ParOldGen: 3704155K(3704320K)->3807955K(3808256K)
[5745.364s][info][gc,metaspace   ] GC(1811) Metaspace: 29083K(29376K)->29083K(29376K) NonClass: 25980K(26112K)->25980K(26112K) Class: 3103K(3264K)->3103K(3264K)
[5745.364s][info][gc             ] GC(1811) Pause Young (Allocation Failure) 6164M->3875M(6275M) 102.940ms
[5745.364s][info][gc,cpu         ] GC(1811) User=0.57s Sys=0.02s Real=0.10s
..[5747.005s][info][gc,start       ] GC(1812) Pause Young (Allocation Failure)
[5747.108s][info][gc,heap        ] GC(1812) PSYoungGen: 2602112K(2617344K)->159435K(2617856K) Eden: 2441216K(2441216K)->0K(2445312K) From: 160896K(176128K)->159435K(172544K)
[5747.108s][info][gc,heap        ] GC(1812) ParOldGen: 3807955K(3808256K)->3912467K(3912704K)
[5747.108s][info][gc,metaspace   ] GC(1812) Metaspace: 29083K(29376K)->29083K(29376K) NonClass: 25980K(26112K)->25980K(26112K) Class: 3103K(3264K)->3103K(3264K)
[5747.108s][info][gc             ] GC(1812) Pause Young (Allocation Failure) 6259M->3976M(6377M) 102.546ms
[5747.108s][info][gc,cpu         ] GC(1812) User=0.57s Sys=0.03s Real=0.10s
.[5748.727s][info][gc,start       ] GC(1813) Pause Young (Allocation Failure)
[5748.826s][info][gc,heap        ] GC(1813) PSYoungGen: 2604747K(2617856K)->158816K(2618880K) Eden: 2445312K(2445312K)->0K(2445312K) From: 159435K(172544K)->158816K(173568K)
[5748.826s][info][gc,heap        ] GC(1813) ParOldGen: 3912467K(3912704K)->4016723K(4017152K)
[5748.826s][info][gc,metaspace   ] GC(1813) Metaspace: 29083K(29376K)->29083K(29376K) NonClass: 25980K(26112K)->25980K(26112K) Class: 3103K(3264K)->3103K(3264K)
[5748.826s][info][gc             ] GC(1813) Pause Young (Allocation Failure) 6364M->4077M(6480M) 99.270ms
[5748.826s][info][gc,cpu         ] GC(1813) User=0.56s Sys=0.03s Real=0.10s
..[5750.456s][info][gc,start       ] GC(1814) Pause Young (Allocation Failure)
[5750.559s][info][gc,heap        ] GC(1814) PSYoungGen: 2604128K(2618880K)->157792K(2621952K) Eden: 2445312K(2445312K)->0K(2450432K) From: 158816K(173568K)->157792K(171520K)
[5750.559s][info][gc,heap        ] GC(1814) ParOldGen: 4016723K(4017152K)->4121531K(4121600K)
[5750.559s][info][gc,metaspace   ] GC(1814) Metaspace: 29083K(29376K)->29083K(29376K) NonClass: 25980K(26112K)->25980K(26112K) Class: 3103K(3264K)->3103K(3264K)
[5750.559s][info][gc             ] GC(1814) Pause Young (Allocation Failure) 6465M->4179M(6585M) 103.390ms
[5750.559s][info][gc,cpu         ] GC(1814) User=0.58s Sys=0.03s Real=0.10s
.|.[5752.176s][info][gc,start       ] GC(1815) Pause Young (Allocation Failure)
[5752.281s][info][gc,heap        ] GC(1815) PSYoungGen: 2608224K(2621952K)->169705K(2621952K) Eden: 2450432K(2450432K)->0K(2450432K) From: 157792K(171520K)->169705K(171520K)
[5752.281s][info][gc,heap        ] GC(1815) ParOldGen: 4121531K(4121600K)->4224995K(4225024K)
[5752.281s][info][gc,metaspace   ] GC(1815) Metaspace: 29083K(29376K)->29083K(29376K) NonClass: 25980K(26112K)->25980K(26112K) Class: 3103K(3264K)->3103K(3264K)
[5752.281s][info][gc             ] GC(1815) Pause Young (Allocation Failure) 6572M->4291M(6686M) 105.259ms
[5752.281s][info][gc,cpu         ] GC(1815) User=0.58s Sys=0.04s Real=0.11s
.[5753.853s][info][gc,start       ] GC(1816) Pause Young (Allocation Failure)
[5753.952s][info][gc,heap        ] GC(1816) PSYoungGen: 2620137K(2621952K)->150309K(2620928K) Eden: 2450432K(2450432K)->0K(2446848K) From: 169705K(171520K)->150309K(174080K)
[5753.952s][info][gc,heap        ] GC(1816) ParOldGen: 4224995K(4225024K)->4333843K(4334080K)
[5753.952s][info][gc,metaspace   ] GC(1816) Metaspace: 29083K(29376K)->29083K(29376K) NonClass: 25980K(26112K)->25980K(26112K) Class: 3103K(3264K)->3103K(3264K)
[5753.952s][info][gc             ] GC(1816) Pause Young (Allocation Failure) 6684M->4379M(6792M) 98.847ms
[5753.952s][info][gc,cpu         ] GC(1816) User=0.56s Sys=0.03s Real=0.10s
..[5755.639s][info][gc,start       ] GC(1817) Pause Young (Allocation Failure)
[5755.742s][info][gc,heap        ] GC(1817) PSYoungGen: 2597157K(2620928K)->163120K(2621440K) Eden: 2446848K(2446848K)->0K(2446848K) From: 150309K(174080K)->163120K(174592K)
[5755.742s][info][gc,heap        ] GC(1817) ParOldGen: 4333843K(4334080K)->4436099K(4436480K)
[5755.742s][info][gc,metaspace   ] GC(1817) Metaspace: 29083K(29376K)->29083K(29376K) NonClass: 25980K(26112K)->25980K(26112K) Class: 3103K(3264K)->3103K(3264K)
[5755.742s][info][gc             ] GC(1817) Pause Young (Allocation Failure) 6768M->4491M(6892M) 103.042ms
[5755.742s][info][gc,cpu         ] GC(1817) User=0.57s Sys=0.04s Real=0.11s
..[5757.377s][info][gc,start       ] GC(1818) Pause Young (Allocation Failure)
[5757.478s][info][gc,heap        ] GC(1818) PSYoungGen: 2609968K(2621440K)->158368K(2619392K) Eden: 2446848K(2446848K)->0K(2447360K) From: 163120K(174592K)->158368K(172032K)
[5757.478s][info][gc,heap        ] GC(1818) ParOldGen: 4436099K(4436480K)->4540475K(4540928K)
[5757.478s][info][gc,metaspace   ] GC(1818) Metaspace: 29083K(29376K)->29083K(29376K) NonClass: 25980K(26112K)->25980K(26112K) Class: 3103K(3264K)->3103K(3264K)
[5757.478s][info][gc             ] GC(1818) Pause Young (Allocation Failure) 6880M->4588M(6992M) 100.684ms
[5757.478s][info][gc,cpu         ] GC(1818) User=0.57s Sys=0.03s Real=0.10s
..[5759.045s][info][gc,start       ] GC(1819) Pause Young (Allocation Failure)
[5759.142s][info][gc,heap        ] GC(1819) PSYoungGen: 2605728K(2619392K)->146176K(2620416K) Eden: 2447360K(2447360K)->0K(2447360K) From: 158368K(172032K)->146176K(173056K)
[5759.142s][info][gc,heap        ] GC(1819) ParOldGen: 4540475K(4540928K)->4644971K(4645376K)
[5759.142s][info][gc,metaspace   ] GC(1819) Metaspace: 29083K(29376K)->29083K(29376K) NonClass: 25980K(26112K)->25980K(26112K) Class: 3103K(3264K)->3103K(3264K)
[5759.142s][info][gc             ] GC(1819) Pause Young (Allocation Failure) 6978M->4678M(7095M) 97.246ms
[5759.142s][info][gc,cpu         ] GC(1819) User=0.53s Sys=0.03s Real=0.10s
.[5760.776s][info][gc,start       ] GC(1820) Pause Young (Allocation Failure)
[5760.882s][info][gc,heap        ] GC(1820) PSYoungGen: 2593536K(2620416K)->170965K(2615808K) Eden: 2447360K(2447360K)->0K(2441728K) From: 146176K(173056K)->170965K(174080K)
[5760.882s][info][gc,heap        ] GC(1820) ParOldGen: 4644971K(4645376K)->4745915K(4746240K)
[5760.882s][info][gc,metaspace   ] GC(1820) Metaspace: 29083K(29376K)->29083K(29376K) NonClass: 25980K(26112K)->25980K(26112K) Class: 3103K(3264K)->3103K(3264K)
[5760.882s][info][gc             ] GC(1820) Pause Young (Allocation Failure) 7068M->4801M(7189M) 106.050ms
[5760.882s][info][gc,cpu         ] GC(1820) User=0.59s Sys=0.03s Real=0.11s
..[5762.403s][info][gc,start       ] GC(1821) Pause Young (Allocation Failure)
[5762.501s][info][gc,heap        ] GC(1821) PSYoungGen: 2612693K(2615808K)->149600K(2618880K) Eden: 2441728K(2441728K)->0K(2441728K) From: 170965K(174080K)->149600K(177152K)
[5762.501s][info][gc,heap        ] GC(1821) ParOldGen: 4745915K(4746240K)->4853883K(4854272K)
[5762.501s][info][gc,metaspace   ] GC(1821) Metaspace: 29083K(29376K)->29083K(29376K) NonClass: 25980K(26112K)->25980K(26112K) Class: 3103K(3264K)->3103K(3264K)
[5762.501s][info][gc             ] GC(1821) Pause Young (Allocation Failure) 7186M->4886M(7298M) 98.631ms
[5762.501s][info][gc,cpu         ] GC(1821) User=0.54s Sys=0.03s Real=0.10s
..[5764.255s][info][gc,start       ] GC(1822) Pause Young (Allocation Failure)
[5764.356s][info][gc,heap        ] GC(1822) PSYoungGen: 2591328K(2618880K)->160304K(2616832K) Eden: 2441728K(2441728K)->0K(2441728K) From: 149600K(177152K)->160304K(175104K)
[5764.356s][info][gc,heap        ] GC(1822) ParOldGen: 4853883K(4854272K)->4953995K(4954112K)
[5764.356s][info][gc,metaspace   ] GC(1822) Metaspace: 29083K(29376K)->29083K(29376K) NonClass: 25980K(26112K)->25980K(26112K) Class: 3103K(3264K)->3103K(3264K)
[5764.356s][info][gc             ] GC(1822) Pause Young (Allocation Failure) 7270M->4994M(7393M) 100.158ms
[5764.356s][info][gc,cpu         ] GC(1822) User=0.56s Sys=0.03s Real=0.10s
.[5765.963s][info][gc,start       ] GC(1823) Pause Young (Allocation Failure)
[5766.066s][info][gc,heap        ] GC(1823) PSYoungGen: 2602032K(2616832K)->156608K(2617856K) Eden: 2441728K(2441728K)->0K(2441728K) From: 160304K(175104K)->156608K(176128K)
[5766.066s][info][gc,heap        ] GC(1823) ParOldGen: 4953995K(4954112K)->5059611K(5060096K)
[5766.066s][info][gc,metaspace   ] GC(1823) Metaspace: 29083K(29376K)->29083K(29376K) NonClass: 25980K(26112K)->25980K(26112K) Class: 3103K(3264K)->3103K(3264K)
[5766.066s][info][gc             ] GC(1823) Pause Young (Allocation Failure) 7378M->5093M(7498M) 103.794ms
[5766.067s][info][gc,cpu         ] GC(1823) User=0.58s Sys=0.02s Real=0.10s
..[5767.644s][info][gc,start       ] GC(1824) Pause Young (Allocation Failure)
[5767.746s][info][gc,heap        ] GC(1824) PSYoungGen: 2598336K(2617856K)->158496K(2617344K) Eden: 2441728K(2441728K)->0K(2445312K) From: 156608K(176128K)->158496K(172032K)
[5767.747s][info][gc,heap        ] GC(1824) ParOldGen: 5059611K(5060096K)->5164051K(5164544K)
[5767.747s][info][gc,metaspace   ] GC(1824) Metaspace: 29083K(29376K)->29083K(29376K) NonClass: 25980K(26112K)->25980K(26112K) Class: 3103K(3264K)->3103K(3264K)
[5767.747s][info][gc             ] GC(1824) Pause Young (Allocation Failure) 7478M->5197M(7599M) 102.755ms
[5767.747s][info][gc,cpu         ] GC(1824) User=0.57s Sys=0.03s Real=0.10s
..[5769.378s][info][gc,start       ] GC(1825) Pause Young (Allocation Failure)
[5769.480s][info][gc,heap        ] GC(1825) PSYoungGen: 2603808K(2617344K)->158129K(2618368K) Eden: 2445312K(2445312K)->0K(2445312K) From: 158496K(172032K)->158129K(173056K)
[5769.480s][info][gc,heap        ] GC(1825) ParOldGen: 5164051K(5164544K)->5267715K(5267968K)
[5769.480s][info][gc,metaspace   ] GC(1825) Metaspace: 29083K(29376K)->29083K(29376K) NonClass: 25980K(26112K)->25980K(26112K) Class: 3103K(3264K)->3103K(3264K)
[5769.480s][info][gc             ] GC(1825) Pause Young (Allocation Failure) 7585M->5298M(7701M) 102.143ms
[5769.480s][info][gc,cpu         ] GC(1825) User=0.57s Sys=0.03s Real=0.11s
.[5771.133s][info][gc,start       ] GC(1826) Pause Young (Allocation Failure)
[5771.237s][info][gc,heap        ] GC(1826) PSYoungGen: 2603441K(2618368K)->166656K(2620928K) Eden: 2445312K(2445312K)->0K(2448896K) From: 158129K(173056K)->166656K(172032K)
[5771.237s][info][gc,heap        ] GC(1826) ParOldGen: 5267715K(5267968K)->5370755K(5370880K)
[5771.237s][info][gc,metaspace   ] GC(1826) Metaspace: 29083K(29376K)->29083K(29376K) NonClass: 25980K(26112K)->25980K(26112K) Class: 3103K(3264K)->3103K(3264K)
[5771.237s][info][gc             ] GC(1826) Pause Young (Allocation Failure) 7686M->5407M(7804M) 103.983ms
[5771.237s][info][gc,cpu         ] GC(1826) User=0.58s Sys=0.03s Real=0.10s
..[5772.780s][info][gc,start       ] GC(1827) Pause Young (Allocation Failure)
[5772.882s][info][gc,heap        ] GC(1827) PSYoungGen: 2615552K(2620928K)->158100K(2622464K) Eden: 2448896K(2448896K)->0K(2448896K) From: 166656K(172032K)->158100K(173568K)
[5772.882s][info][gc,heap        ] GC(1827) ParOldGen: 5370755K(5370880K)->5477659K(5477888K)
[5772.882s][info][gc,metaspace   ] GC(1827) Metaspace: 29083K(29376K)->29083K(29376K) NonClass: 25980K(26112K)->25980K(26112K) Class: 3103K(3264K)->3103K(3264K)
[5772.882s][info][gc             ] GC(1827) Pause Young (Allocation Failure) 7799M->5503M(7910M) 101.627ms
[5772.882s][info][gc,cpu         ] GC(1827) User=0.57s Sys=0.03s Real=0.10s
..[5774.461s][info][gc,start       ] GC(1828) Pause Young (Allocation Failure)
[5774.567s][info][gc,heap        ] GC(1828) PSYoungGen: 2606996K(2622464K)->169828K(2618368K) Eden: 2448896K(2448896K)->0K(2445824K) From: 158100K(173568K)->169828K(172544K)
[5774.567s][info][gc,heap        ] GC(1828) ParOldGen: 5477659K(5477888K)->5579339K(5579776K)
[5774.567s][info][gc,metaspace   ] GC(1828) Metaspace: 29083K(29376K)->29083K(29376K) NonClass: 25980K(26112K)->25980K(26112K) Class: 3103K(3264K)->3103K(3264K)
[5774.567s][info][gc             ] GC(1828) Pause Young (Allocation Failure) 7895M->5614M(8006M) 105.749ms
[5774.567s][info][gc,cpu         ] GC(1828) User=0.59s Sys=0.04s Real=0.10s
.[5776.127s][info][gc,start       ] GC(1829) Pause Full (Allocation Failure)
[5776.127s][info][gc,phases,start] GC(1829) Marking Phase
[5776.439s][info][gc,phases      ] GC(1829) Marking Phase 311.647ms
[5776.439s][info][gc,phases,start] GC(1829) Summary Phase
[5776.439s][info][gc,phases      ] GC(1829) Summary Phase 0.109ms
[5776.439s][info][gc,phases,start] GC(1829) Forward
[5776.560s][info][gc,phases      ] GC(1829) Forward 121.563ms
[5776.560s][info][gc,phases,start] GC(1829) Adjust Pointers
[5776.774s][info][gc,phases      ] GC(1829) Adjust Pointers 213.865ms
[5776.774s][info][gc,phases,start] GC(1829) Compaction Phase
[5776.924s][info][gc,phases      ] GC(1829) Compaction Phase 149.118ms
[5776.925s][info][gc,phases,start] GC(1829) Post Compact
[5776.932s][info][gc,phases      ] GC(1829) Post Compact 7.214ms
[5777.065s][info][gc,heap        ] GC(1829) PSYoungGen: 2615652K(2618368K)->0K(2620928K) Eden: 2445824K(2445824K)->0K(2445824K) From: 169828K(172544K)->0K(175104K)
[5777.065s][info][gc,heap        ] GC(1829) ParOldGen: 5579339K(5579776K)->1619775K(2041856K)
[5777.065s][info][gc,metaspace   ] GC(1829) Metaspace: 29083K(29376K)->29083K(29376K) NonClass: 25980K(26112K)->25980K(26112K) Class: 3103K(3264K)->3103K(3264K)
[5777.065s][info][gc             ] GC(1829) Pause Full (Allocation Failure) 8002M->1581M(4553M) 937.918ms
[5777.065s][info][gc,cpu         ] GC(1829) User=4.40s Sys=0.13s Real=0.94s
..[5778.355s][info][gc,start       ] GC(1830) Pause Young (Allocation Failure)
[5778.420s][info][gc,heap        ] GC(1830) PSYoungGen: 2445824K(2620928K)->157152K(2618880K) Eden: 2445824K(2445824K)->0K(2445824K) From: 0K(175104K)->157152K(173056K)
[5778.420s][info][gc,heap        ] GC(1830) ParOldGen: 1619775K(2041856K)->1619775K(2041856K)
[5778.420s][info][gc,metaspace   ] GC(1830) Metaspace: 29083K(29376K)->29083K(29376K) NonClass: 25980K(26112K)->25980K(26112K) Class: 3103K(3264K)->3103K(3264K)
[5778.420s][info][gc             ] GC(1830) Pause Young (Allocation Failure) 3970M->1735M(4551M) 64.719ms
[5778.420s][info][gc,cpu         ] GC(1830) User=0.38s Sys=0.00s Real=0.07s
.[5779.716s][info][gc,start       ] GC(1831) Pause Young (Allocation Failure)
[5779.816s][info][gc,heap        ] GC(1831) PSYoungGen: 2602976K(2618880K)->174048K(2619904K) Eden: 2445824K(2445824K)->0K(2445824K) From: 157152K(173056K)->174048K(174080K)
[5779.816s][info][gc,heap        ] GC(1831) ParOldGen: 1619775K(2041856K)->1724071K(2041856K)
[5779.816s][info][gc,metaspace   ] GC(1831) Metaspace: 29083K(29376K)->29083K(29376K) NonClass: 25980K(26112K)->25980K(26112K) Class: 3103K(3264K)->3103K(3264K)
[5779.816s][info][gc             ] GC(1831) Pause Young (Allocation Failure) 4123M->1853M(4552M) 99.426ms
[5779.816s][info][gc,cpu         ] GC(1831) User=0.59s Sys=0.00s Real=0.10s
..[5781.327s][info][gc,start       ] GC(1832) Pause Young (Allocation Failure)
[5781.421s][info][gc,heap        ] GC(1832) PSYoungGen: 2619872K(2619904K)->156192K(2543104K) Eden: 2445824K(2445824K)->0K(2366976K) From: 174048K(174080K)->156192K(176128K)
[5781.421s][info][gc,heap        ] GC(1832) ParOldGen: 1724071K(2041856K)->1828055K(2041856K)
[5781.421s][info][gc,metaspace   ] GC(1832) Metaspace: 29083K(29376K)->29083K(29376K) NonClass: 25980K(26112K)->25980K(26112K) Class: 3103K(3264K)->3103K(3264K)
[5781.421s][info][gc             ] GC(1832) Pause Young (Allocation Failure) 4242M->1937M(4477M) 94.217ms
[5781.421s][info][gc,cpu         ] GC(1832) User=0.55s Sys=0.00s Real=0.10s
.[5782.946s][info][gc,start       ] GC(1833) Pause Young (Allocation Failure)
[5783.036s][info][gc,heap        ] GC(1833) PSYoungGen: 2523168K(2543104K)->150500K(2581504K) Eden: 2366976K(2366976K)->0K(2366976K) From: 156192K(176128K)->150500K(214528K)
[5783.036s][info][gc,heap        ] GC(1833) ParOldGen: 1828055K(2041856K)->1931983K(2041856K)
[5783.036s][info][gc,metaspace   ] GC(1833) Metaspace: 29083K(29376K)->29083K(29376K) NonClass: 25980K(26112K)->25980K(26112K) Class: 3103K(3264K)->3103K(3264K)
[5783.037s][info][gc             ] GC(1833) Pause Young (Allocation Failure) 4249M->2033M(4515M) 90.677ms
[5783.037s][info][gc,cpu         ] GC(1833) User=0.53s Sys=0.00s Real=0.09s
..[5784.559s][info][gc,start       ] GC(1834) Pause Young (Allocation Failure)
[5784.656s][info][gc,heap        ] GC(1834) PSYoungGen: 2517476K(2581504K)->165316K(2572288K) Eden: 2366976K(2366976K)->0K(2368000K) From: 150500K(214528K)->165316K(204288K)
[5784.656s][info][gc,heap        ] GC(1834) ParOldGen: 1931983K(2041856K)->2033127K(2041856K)
[5784.656s][info][gc,metaspace   ] GC(1834) Metaspace: 29083K(29376K)->29083K(29376K) NonClass: 25980K(26112K)->25980K(26112K) Class: 3103K(3264K)->3103K(3264K)
[5784.656s][info][gc             ] GC(1834) Pause Young (Allocation Failure) 4345M->2146M(4506M) 96.769ms
[5784.656s][info][gc,cpu         ] GC(1834) User=0.57s Sys=0.00s Real=0.10s
.[5786.100s][info][gc,start       ] GC(1835) Pause Young (Allocation Failure)
[5786.199s][info][gc,heap        ] GC(1835) PSYoungGen: 2533316K(2572288K)->152992K(2577408K) Eden: 2368000K(2368000K)->0K(2368000K) From: 165316K(204288K)->152992K(209408K)
[5786.199s][info][gc,heap        ] GC(1835) ParOldGen: 2033127K(2041856K)->2139871K(2140160K)
[5786.199s][info][gc,metaspace   ] GC(1835) Metaspace: 29083K(29376K)->29083K(29376K) NonClass: 25980K(26112K)->25980K(26112K) Class: 3103K(3264K)->3103K(3264K)
[5786.199s][info][gc             ] GC(1835) Pause Young (Allocation Failure) 4459M->2239M(4607M) 99.173ms
[5786.199s][info][gc,cpu         ] GC(1835) User=0.55s Sys=0.04s Real=0.09s
..[5787.783s][info][gc,start       ] GC(1836) Pause Young (Allocation Failure)
[5787.885s][info][gc,heap        ] GC(1836) PSYoungGen: 2520992K(2577408K)->161829K(2578944K) Eden: 2368000K(2368000K)->0K(2378752K) From: 152992K(209408K)->161829K(200192K)
[5787.885s][info][gc,heap        ] GC(1836) ParOldGen: 2139871K(2140160K)->2241943K(2242048K)
[5787.885s][info][gc,metaspace   ] GC(1836) Metaspace: 29083K(29376K)->29083K(29376K) NonClass: 25980K(26112K)->25980K(26112K) Class: 3103K(3264K)->3103K(3264K)
[5787.885s][info][gc             ] GC(1836) Pause Young (Allocation Failure) 4551M->2347M(4708M) 101.945ms
[5787.885s][info][gc,cpu         ] GC(1836) User=0.56s Sys=0.04s Real=0.10s
..[5789.456s][info][gc,start       ] GC(1837) Pause Young (Allocation Failure)
[5789.559s][info][gc,heap        ] GC(1837) PSYoungGen: 2540581K(2578944K)->163972K(2583552K) Eden: 2378752K(2378752K)->0K(2378752K) From: 161829K(200192K)->163972K(204800K)
[5789.559s][info][gc,heap        ] GC(1837) ParOldGen: 2241943K(2242048K)->2343191K(2343424K)
[5789.559s][info][gc,metaspace   ] GC(1837) Metaspace: 29083K(29376K)->29083K(29376K) NonClass: 25980K(26112K)->25980K(26112K) Class: 3103K(3264K)->3103K(3264K)
[5789.559s][info][gc             ] GC(1837) Pause Young (Allocation Failure) 4670M->2448M(4811M) 103.118ms
[5789.559s][info][gc,cpu         ] GC(1837) User=0.57s Sys=0.03s Real=0.10s
.[5791.079s][info][gc,start       ] GC(1838) Pause Young (Allocation Failure)
[5791.177s][info][gc,heap        ] GC(1838) PSYoungGen: 2542724K(2583552K)->155140K(2587136K) Eden: 2378752K(2378752K)->0K(2390016K) From: 163972K(204800K)->155140K(197120K)
[5791.177s][info][gc,heap        ] GC(1838) ParOldGen: 2343191K(2343424K)->2445735K(2445824K)
[5791.177s][info][gc,metaspace   ] GC(1838) Metaspace: 29083K(29376K)->29083K(29376K) NonClass: 25980K(26112K)->25980K(26112K) Class: 3103K(3264K)->3103K(3264K)
[5791.177s][info][gc             ] GC(1838) Pause Young (Allocation Failure) 4771M->2539M(4915M) 98.026ms
[5791.177s][info][gc,cpu         ] GC(1838) User=0.55s Sys=0.03s Real=0.10s
..[5792.876s][info][gc,start       ] GC(1839) Pause Young (Allocation Failure)
[5792.974s][info][gc,heap        ] GC(1839) PSYoungGen: 2545156K(2587136K)->154512K(2589696K) Eden: 2390016K(2390016K)->0K(2390016K) From: 155140K(197120K)->154512K(199680K)
[5792.974s][info][gc,heap        ] GC(1839) ParOldGen: 2445735K(2445824K)->2549511K(2549760K)
[5792.974s][info][gc,metaspace   ] GC(1839) Metaspace: 29083K(29376K)->29083K(29376K) NonClass: 25980K(26112K)->25980K(26112K) Class: 3103K(3264K)->3103K(3264K)
[5792.974s][info][gc             ] GC(1839) Pause Young (Allocation Failure) 4873M->2640M(5019M) 97.937ms
[5792.974s][info][gc,cpu         ] GC(1839) User=0.54s Sys=0.03s Real=0.10s
..[5794.490s][info][gc,start       ] GC(1840) Pause Young (Allocation Failure)
[5794.586s][info][gc,heap        ] GC(1840) PSYoungGen: 2544528K(2589696K)->153632K(2592768K) Eden: 2390016K(2390016K)->0K(2398720K) From: 154512K(199680K)->153632K(194048K)
[5794.587s][info][gc,heap        ] GC(1840) ParOldGen: 2549511K(2549760K)->2652831K(2653184K)
[5794.587s][info][gc,metaspace   ] GC(1840) Metaspace: 29083K(29376K)->29083K(29376K) NonClass: 25980K(26112K)->25980K(26112K) Class: 3103K(3264K)->3103K(3264K)
[5794.587s][info][gc             ] GC(1840) Pause Young (Allocation Failure) 4974M->2740M(5123M) 96.506ms
[5794.587s][info][gc,cpu         ] GC(1840) User=0.53s Sys=0.03s Real=0.09s
.[5796.156s][info][gc,start       ] GC(1841) Pause Young (Allocation Failure)
[5796.259s][info][gc,heap        ] GC(1841) PSYoungGen: 2552352K(2592768K)->162099K(2594816K) Eden: 2398720K(2398720K)->0K(2398720K) From: 153632K(194048K)->162099K(196096K)
[5796.259s][info][gc,heap        ] GC(1841) ParOldGen: 2652831K(2653184K)->2757551K(2757632K)
[5796.259s][info][gc,metaspace   ] GC(1841) Metaspace: 29083K(29376K)->29083K(29376K) NonClass: 25980K(26112K)->25980K(26112K) Class: 3103K(3264K)->3103K(3264K)
[5796.259s][info][gc             ] GC(1841) Pause Young (Allocation Failure) 5083M->2851M(5227M) 102.620ms
[5796.259s][info][gc,cpu         ] GC(1841) User=0.58s Sys=0.03s Real=0.10s
..[5797.814s][info][gc,start       ] GC(1842) Pause Young (Allocation Failure)
[5797.915s][info][gc,heap        ] GC(1842) PSYoungGen: 2560819K(2594816K)->161920K(2594816K) Eden: 2398720K(2398720K)->0K(2406912K) From: 162099K(196096K)->161920K(187904K)
[5797.915s][info][gc,heap        ] GC(1842) ParOldGen: 2757551K(2757632K)->2859935K(2860032K)
[5797.915s][info][gc,metaspace   ] GC(1842) Metaspace: 29083K(29376K)->29083K(29376K) NonClass: 25980K(26112K)->25980K(26112K) Class: 3103K(3264K)->3103K(3264K)
[5797.915s][info][gc             ] GC(1842) Pause Young (Allocation Failure) 5193M->2951M(5327M) 100.529ms
[5797.915s][info][gc,cpu         ] GC(1842) User=0.55s Sys=0.03s Real=0.10s
..[5799.639s][info][gc,start       ] GC(1843) Pause Young (Allocation Failure)
[5799.737s][info][gc,heap        ] GC(1843) PSYoungGen: 2568832K(2594816K)->157280K(2596864K) Eden: 2406912K(2406912K)->0K(2406912K) From: 161920K(187904K)->157280K(189952K)
[5799.737s][info][gc,heap        ] GC(1843) ParOldGen: 2859935K(2860032K)->2962871K(2962944K)
[5799.737s][info][gc,metaspace   ] GC(1843) Metaspace: 29083K(29376K)->29083K(29376K) NonClass: 25980K(26112K)->25980K(26112K) Class: 3103K(3264K)->3103K(3264K)
[5799.737s][info][gc             ] GC(1843) Pause Young (Allocation Failure) 5301M->3047M(5429M) 98.317ms
[5799.738s][info][gc,cpu         ] GC(1843) User=0.55s Sys=0.03s Real=0.10s
.[5801.311s][info][gc,start       ] GC(1844) Pause Young (Allocation Failure)
[5801.415s][info][gc,heap        ] GC(1844) PSYoungGen: 2564192K(2596864K)->163845K(2601472K) Eden: 2406912K(2406912K)->0K(2417664K) From: 157280K(189952K)->163845K(183808K)
[5801.415s][info][gc,heap        ] GC(1844) ParOldGen: 2962871K(2962944K)->3065959K(3066368K)
[5801.415s][info][gc,metaspace   ] GC(1844) Metaspace: 29083K(29376K)->29083K(29376K) NonClass: 25980K(26112K)->25980K(26112K) Class: 3103K(3264K)->3103K(3264K)
[5801.415s][info][gc             ] GC(1844) Pause Young (Allocation Failure) 5397M->3154M(5535M) 103.535ms
[5801.415s][info][gc,cpu         ] GC(1844) User=0.57s Sys=0.04s Real=0.10s
..[5802.905s][info][gc,start       ] GC(1845) Pause Young (Allocation Failure)
[5803.000s][info][gc,heap        ] GC(1845) PSYoungGen: 2581509K(2601472K)->146368K(2604032K) Eden: 2417664K(2417664K)->0K(2417664K) From: 163845K(183808K)->146368K(186368K)
[5803.000s][info][gc,heap        ] GC(1845) ParOldGen: 3065959K(3066368K)->3171303K(3171328K)
[5803.000s][info][gc,metaspace   ] GC(1845) Metaspace: 29083K(29376K)->29083K(29376K) NonClass: 25980K(26112K)->25980K(26112K) Class: 3103K(3264K)->3103K(3264K)
[5803.000s][info][gc             ] GC(1845) Pause Young (Allocation Failure) 5515M->3239M(5640M) 95.194ms
[5803.000s][info][gc,cpu         ] GC(1845) User=0.52s Sys=0.04s Real=0.10s
..[5804.614s][info][gc,start       ] GC(1846) Pause Young (Allocation Failure)
[5804.718s][info][gc,heap        ] GC(1846) PSYoungGen: 2564032K(2604032K)->170004K(2607616K) Eden: 2417664K(2417664K)->0K(2421248K) From: 146368K(186368K)->170004K(186368K)
[5804.718s][info][gc,heap        ] GC(1846) ParOldGen: 3171303K(3171328K)->3271711K(3272192K)
[5804.718s][info][gc,metaspace   ] GC(1846) Metaspace: 29083K(29376K)->29083K(29376K) NonClass: 25980K(26112K)->25980K(26112K) Class: 3103K(3264K)->3103K(3264K)
[5804.718s][info][gc             ] GC(1846) Pause Young (Allocation Failure) 5600M->3361M(5742M) 104.474ms
[5804.718s][info][gc,cpu         ] GC(1846) User=0.58s Sys=0.03s Real=0.10s
.[5806.296s][info][gc,start       ] GC(1847) Pause Young (Allocation Failure)
[5806.394s][info][gc,heap        ] GC(1847) PSYoungGen: 2591252K(2607616K)->152160K(2608640K) Eden: 2421248K(2421248K)->0K(2421248K) From: 170004K(186368K)->152160K(187392K)
[5806.394s][info][gc,heap        ] GC(1847) ParOldGen: 3271711K(3272192K)->3378191K(3378688K)
[5806.394s][info][gc,metaspace   ] GC(1847) Metaspace: 29083K(29376K)->29083K(29376K) NonClass: 25980K(26112K)->25980K(26112K) Class: 3103K(3264K)->3103K(3264K)
[5806.394s][info][gc             ] GC(1847) Pause Young (Allocation Failure) 5725M->3447M(5847M) 97.939ms
[5806.394s][info][gc,cpu         ] GC(1847) User=0.54s Sys=0.03s Real=0.10s
..[5807.978s][info][gc,start       ] GC(1848) Pause Young (Allocation Failure)
[5808.077s][info][gc,heap        ] GC(1848) PSYoungGen: 2573408K(2608640K)->155354K(2605568K) Eden: 2421248K(2421248K)->0K(2422272K) From: 152160K(187392K)->155354K(183296K)
[5808.077s][info][gc,heap        ] GC(1848) ParOldGen: 3378191K(3378688K)->3479535K(3479552K)
[5808.077s][info][gc,metaspace   ] GC(1848) Metaspace: 29083K(29376K)->29083K(29376K) NonClass: 25980K(26112K)->25980K(26112K) Class: 3103K(3264K)->3103K(3264K)
[5808.077s][info][gc             ] GC(1848) Pause Young (Allocation Failure) 5812M->3549M(5942M) 98.750ms
[5808.077s][info][gc,cpu         ] GC(1848) User=0.55s Sys=0.02s Real=0.10s
..[5809.636s][info][gc,start       ] GC(1849) Pause Young (Allocation Failure)
[5809.740s][info][gc,heap        ] GC(1849) PSYoungGen: 2577626K(2605568K)->164889K(2607104K) Eden: 2422272K(2422272K)->0K(2422272K) From: 155354K(183296K)->164889K(184832K)
[5809.740s][info][gc,heap        ] GC(1849) ParOldGen: 3479535K(3479552K)->3585191K(3585536K)
[5809.740s][info][gc,metaspace   ] GC(1849) Metaspace: 29083K(29376K)->29083K(29376K) NonClass: 25980K(26112K)->25980K(26112K) Class: 3103K(3264K)->3103K(3264K)
[5809.740s][info][gc             ] GC(1849) Pause Young (Allocation Failure) 5915M->3662M(6047M) 103.887ms
[5809.740s][info][gc,cpu         ] GC(1849) User=0.58s Sys=0.03s Real=0.11s
.[5811.282s][info][gc,start       ] GC(1850) Pause Young (Allocation Failure)
[5811.387s][info][gc,heap        ] GC(1850) PSYoungGen: 2587161K(2607104K)->165364K(2609664K) Eden: 2422272K(2422272K)->0K(2426880K) From: 164889K(184832K)->165364K(182784K)
[5811.387s][info][gc,heap        ] GC(1850) ParOldGen: 3585191K(3585536K)->3689119K(3689472K)
[5811.387s][info][gc,metaspace   ] GC(1850) Metaspace: 29083K(29376K)->29083K(29376K) NonClass: 25980K(26112K)->25980K(26112K) Class: 3103K(3264K)->3103K(3264K)
[5811.387s][info][gc             ] GC(1850) Pause Young (Allocation Failure) 6027M->3764M(6151M) 104.393ms
[5811.387s][info][gc,cpu         ] GC(1850) User=0.58s Sys=0.04s Real=0.10s
. (rIR:aIR:PR = 9963:10016:10013) (tPR = 147388) [OK] 
  5811s: Performance info:
         Transaction,    Success,    Partial,     Failed,   Receipts, AvgBarcode, 
             Overall,     606902,          0,          0,     576524,      59.47, 
         Response times:
             Request,    Success,    Partial,     Failed,   SkipFail,     Probes,    Samples,      min,      p50,      p90,      p95,      p99,      max, 
       TotalPurchase,     576694,          0,          0,          0,     345431,     424745,      200,     7900,    66000,   116000,   471000,  1100000,
     InStorePurchase,     304943,          0,          0,          0,     181220,     222232,      300,     7900,    65000,   116000,   458340,  1100000,
      OnlinePurchase,     211167,          0,          0,          0,     127097,     156931,      200,     8000,    67000,   117000,   465000,   950000,
        InstPurchase,      60584,          0,          0,          0,      37114,      45582,      400,     7300,    65000,   113000,   494000,   950000,
          AssocOfCat,        602,          0,          0,          0,        480,        663,    27000,    52000,   152600,   284200,   700000,  1100000,
      AssocOfProduct,       6054,          0,          0,          0,       4407,       5581,      400,     7600,    69000,   137000,   587000,   950000,
      BusinessReport,       1518,          0,          0,          0,       1300,       1714,    31000,    61000,   155000,   233750,   710000,  1100000,
          CustBuyBeh,       6023,          0,          0,          0,       4390,       5572,      200,     8900,    77000,   157350,   590000,   950000,
       ProductReturn,      16194,          0,          0,          0,       9226,      11553,      600,     8700,    77000,   161300,   414000,   568000,

  5811s: (73%)   IR =  10101 .[5813.061s][info][gc,start       ] GC(1851) Pause Young (Allocation Failure)
[5813.158s][info][gc,heap        ] GC(1851) PSYoungGen: 2592244K(2609664K)->149536K(2610688K) Eden: 2426880K(2426880K)->0K(2426880K) From: 165364K(182784K)->149536K(183808K)
[5813.159s][info][gc,heap        ] GC(1851) ParOldGen: 3689119K(3689472K)->3792951K(3793408K)
[5813.159s][info][gc,metaspace   ] GC(1851) Metaspace: 29083K(29376K)->29083K(29376K) NonClass: 25980K(26112K)->25980K(26112K) Class: 3103K(3264K)->3103K(3264K)
[5813.159s][info][gc             ] GC(1851) Pause Young (Allocation Failure) 6134M->3850M(6254M) 97.831ms
[5813.159s][info][gc,cpu         ] GC(1851) User=0.53s Sys=0.03s Real=0.09s
..[5814.775s][info][gc,start       ] GC(1852) Pause Young (Allocation Failure)
[5814.884s][info][gc,heap        ] GC(1852) PSYoungGen: 2576416K(2610688K)->176783K(2604544K) Eden: 2426880K(2426880K)->0K(2421248K) From: 149536K(183808K)->176783K(183296K)
[5814.884s][info][gc,heap        ] GC(1852) ParOldGen: 3792951K(3793408K)->3896391K(3896832K)
[5814.884s][info][gc,metaspace   ] GC(1852) Metaspace: 29083K(29376K)->29083K(29376K) NonClass: 25980K(26112K)->25980K(26112K) Class: 3103K(3264K)->3103K(3264K)
[5814.884s][info][gc             ] GC(1852) Pause Young (Allocation Failure) 6220M->3977M(6349M) 109.336ms
[5814.884s][info][gc,cpu         ] GC(1852) User=0.60s Sys=0.03s Real=0.11s
.[5816.397s][info][gc,start       ] GC(1853) Pause Young (Allocation Failure)
[5816.494s][info][gc,heap        ] GC(1853) PSYoungGen: 2598031K(2604544K)->152768K(2608640K) Eden: 2421248K(2421248K)->0K(2421248K) From: 176783K(183296K)->152768K(187392K)
[5816.494s][info][gc,heap        ] GC(1853) ParOldGen: 3896391K(3896832K)->4000359K(4000768K)
[5816.494s][info][gc,metaspace   ] GC(1853) Metaspace: 29083K(29376K)->29083K(29376K) NonClass: 25980K(26112K)->25980K(26112K) Class: 3103K(3264K)->3103K(3264K)
[5816.494s][info][gc             ] GC(1853) Pause Young (Allocation Failure) 6342M->4055M(6454M) 97.105ms
[5816.494s][info][gc,cpu         ] GC(1853) User=0.54s Sys=0.03s Real=0.10s
..[5818.156s][info][gc,start       ] GC(1854) Pause Young (Allocation Failure)
[5818.254s][info][gc,heap        ] GC(1854) PSYoungGen: 2574016K(2608640K)->151984K(2605568K) Eden: 2421248K(2421248K)->0K(2422272K) From: 152768K(187392K)->151984K(183296K)
[5818.254s][info][gc,heap        ] GC(1854) ParOldGen: 4000359K(4000768K)->4103919K(4104192K)
[5818.254s][info][gc,metaspace   ] GC(1854) Metaspace: 29083K(29376K)->29083K(29376K) NonClass: 25980K(26112K)->25980K(26112K) Class: 3103K(3264K)->3103K(3264K)
[5818.254s][info][gc             ] GC(1854) Pause Young (Allocation Failure) 6420M->4156M(6552M) 97.632ms
[5818.254s][info][gc,cpu         ] GC(1854) User=0.54s Sys=0.03s Real=0.10s
..[5819.883s][info][gc,start       ] GC(1855) Pause Young (Allocation Failure)
[5819.980s][info][gc,heap        ] GC(1855) PSYoungGen: 2574256K(2605568K)->152928K(2607616K) Eden: 2422272K(2422272K)->0K(2422272K) From: 151984K(183296K)->152928K(185344K)
[5819.980s][info][gc,heap        ] GC(1855) ParOldGen: 4103919K(4104192K)->4205439K(4205568K)
[5819.980s][info][gc,metaspace   ] GC(1855) Metaspace: 29083K(29376K)->29083K(29376K) NonClass: 25980K(26112K)->25980K(26112K) Class: 3103K(3264K)->3103K(3264K)
[5819.980s][info][gc             ] GC(1855) Pause Young (Allocation Failure) 6521M->4256M(6653M) 97.031ms
[5819.980s][info][gc,cpu         ] GC(1855) User=0.54s Sys=0.02s Real=0.10s
.[5821.605s][info][gc,start       ] GC(1856) Pause Young (Allocation Failure)
[5821.711s][info][gc,heap        ] GC(1856) PSYoungGen: 2575200K(2607616K)->167931K(2610176K) Eden: 2422272K(2422272K)->0K(2426368K) From: 152928K(185344K)->167931K(183808K)
[5821.711s][info][gc,heap        ] GC(1856) ParOldGen: 4205439K(4205568K)->4310351K(4310528K)
[5821.711s][info][gc,metaspace   ] GC(1856) Metaspace: 29083K(29376K)->29083K(29376K) NonClass: 25980K(26112K)->25980K(26112K) Class: 3103K(3264K)->3103K(3264K)
[5821.711s][info][gc             ] GC(1856) Pause Young (Allocation Failure) 6621M->4373M(6758M) 105.498ms
[5821.711s][info][gc,cpu         ] GC(1856) User=0.59s Sys=0.04s Real=0.11s
..[5823.346s][info][gc,start       ] GC(1857) Pause Young (Allocation Failure)
[5823.446s][info][gc,heap        ] GC(1857) PSYoungGen: 2594299K(2610176K)->153858K(2580480K) Eden: 2426368K(2426368K)->0K(2426368K) From: 167931K(183808K)->153858K(154112K)
[5823.446s][info][gc,heap        ] GC(1857) ParOldGen: 4310351K(4310528K)->4413087K(4413440K)
[5823.446s][info][gc,metaspace   ] GC(1857) Metaspace: 29083K(29376K)->29083K(29376K) NonClass: 25980K(26112K)->25980K(26112K) Class: 3103K(3264K)->3103K(3264K)
[5823.446s][info][gc             ] GC(1857) Pause Young (Allocation Failure) 6742M->4459M(6830M) 99.484ms
[5823.446s][info][gc,cpu         ] GC(1857) User=0.56s Sys=0.02s Real=0.10s
..[5825.031s][info][gc,start       ] GC(1858) Pause Young (Allocation Failure)
[5825.136s][info][gc,heap        ] GC(1858) PSYoungGen: 2580226K(2580480K)->169157K(2609664K) Eden: 2426368K(2426368K)->0K(2426368K) From: 153858K(154112K)->169157K(183296K)
[5825.136s][info][gc,heap        ] GC(1858) ParOldGen: 4413087K(4413440K)->4516983K(4517376K)
[5825.136s][info][gc,metaspace   ] GC(1858) Metaspace: 29083K(29376K)->29083K(29376K) NonClass: 25980K(26112K)->25980K(26112K) Class: 3103K(3264K)->3103K(3264K)
[5825.136s][info][gc             ] GC(1858) Pause Young (Allocation Failure) 6829M->4576M(6960M) 105.808ms
[5825.136s][info][gc,cpu         ] GC(1858) User=0.58s Sys=0.03s Real=0.10s
.[5826.696s][info][gc,start       ] GC(1859) Pause Young (Allocation Failure)
[5826.800s][info][gc,heap        ] GC(1859) PSYoungGen: 2595525K(2609664K)->166384K(2610688K) Eden: 2426368K(2426368K)->0K(2426368K) From: 169157K(183296K)->166384K(184320K)
[5826.800s][info][gc,heap        ] GC(1859) ParOldGen: 4516983K(4517376K)->4620759K(4620800K)
[5826.800s][info][gc,metaspace   ] GC(1859) Metaspace: 29083K(29376K)->29083K(29376K) NonClass: 25980K(26112K)->25980K(26112K) Class: 3103K(3264K)->3103K(3264K)
[5826.800s][info][gc             ] GC(1859) Pause Young (Allocation Failure) 6945M->4674M(7062M) 103.506ms
[5826.800s][info][gc,cpu         ] GC(1859) User=0.57s Sys=0.03s Real=0.10s
..[5828.355s][info][gc,start       ] GC(1860) Pause Young (Allocation Failure)
[5828.457s][info][gc,heap        ] GC(1860) PSYoungGen: 2592752K(2610688K)->160882K(2607616K) Eden: 2426368K(2426368K)->0K(2427392K) From: 166384K(184320K)->160882K(180224K)
[5828.457s][info][gc,heap        ] GC(1860) ParOldGen: 4620759K(4620800K)->4723111K(4723200K)
[5828.457s][info][gc,metaspace   ] GC(1860) Metaspace: 29083K(29376K)->29083K(29376K) NonClass: 25980K(26112K)->25980K(26112K) Class: 3103K(3264K)->3103K(3264K)
[5828.457s][info][gc             ] GC(1860) Pause Young (Allocation Failure) 7044M->4769M(7159M) 102.083ms
[5828.457s][info][gc,cpu         ] GC(1860) User=0.58s Sys=0.03s Real=0.10s
..[5830.012s][info][gc,start       ] GC(1861) Pause Young (Allocation Failure)
[5830.111s][info][gc,heap        ] GC(1861) PSYoungGen: 2588274K(2607616K)->149344K(2609664K) Eden: 2427392K(2427392K)->0K(2427392K) From: 160882K(180224K)->149344K(182272K)
[5830.111s][info][gc,heap        ] GC(1861) ParOldGen: 4723111K(4723200K)->4827367K(4827648K)
[5830.111s][info][gc,metaspace   ] GC(1861) Metaspace: 29083K(29376K)->29083K(29376K) NonClass: 25980K(26112K)->25980K(26112K) Class: 3103K(3264K)->3103K(3264K)
[5830.111s][info][gc             ] GC(1861) Pause Young (Allocation Failure) 7140M->4860M(7263M) 98.486ms
[5830.111s][info][gc,cpu         ] GC(1861) User=0.54s Sys=0.03s Real=0.10s
.[5831.744s][info][gc,start       ] GC(1862) Pause Young (Allocation Failure)
[5831.849s][info][gc,heap        ] GC(1862) PSYoungGen: 2576736K(2609664K)->172720K(2609152K) Eden: 2427392K(2427392K)->0K(2427392K) From: 149344K(182272K)->172720K(181760K)
[5831.849s][info][gc,heap        ] GC(1862) ParOldGen: 4827367K(4827648K)->4931183K(4931584K)
[5831.849s][info][gc,metaspace   ] GC(1862) Metaspace: 29083K(29376K)->29083K(29376K) NonClass: 25980K(26112K)->25980K(26112K) Class: 3103K(3264K)->3103K(3264K)
[5831.849s][info][gc             ] GC(1862) Pause Young (Allocation Failure) 7230M->4984M(7364M) 104.851ms
[5831.849s][info][gc,cpu         ] GC(1862) User=0.59s Sys=0.02s Real=0.10s
..[5833.371s][info][gc,start       ] GC(1863) Pause Young (Allocation Failure)
[5833.474s][info][gc,heap        ] GC(1863) PSYoungGen: 2600112K(2609152K)->158368K(2611712K) Eden: 2427392K(2427392K)->0K(2427392K) From: 172720K(181760K)->158368K(184320K)
[5833.474s][info][gc,heap        ] GC(1863) ParOldGen: 4931183K(4931584K)->5038287K(5038592K)
[5833.474s][info][gc,metaspace   ] GC(1863) Metaspace: 29083K(29376K)->29083K(29376K) NonClass: 25980K(26112K)->25980K(26112K) Class: 3103K(3264K)->3103K(3264K)
[5833.474s][info][gc             ] GC(1863) Pause Young (Allocation Failure) 7354M->5074M(7471M) 103.033ms
[5833.474s][info][gc,cpu         ] GC(1863) User=0.57s Sys=0.03s Real=0.10s
..[5835.071s][info][gc,start       ] GC(1864) Pause Young (Allocation Failure)
[5835.172s][info][gc,heap        ] GC(1864) PSYoungGen: 2585760K(2611712K)->156160K(2607616K) Eden: 2427392K(2427392K)->0K(2428928K) From: 158368K(184320K)->156160K(178688K)
[5835.172s][info][gc,heap        ] GC(1864) ParOldGen: 5038287K(5038592K)->5136951K(5137408K)
[5835.172s][info][gc,metaspace   ] GC(1864) Metaspace: 29083K(29376K)->29083K(29376K) NonClass: 25980K(26112K)->25980K(26112K) Class: 3103K(3264K)->3103K(3264K)
[5835.172s][info][gc             ] GC(1864) Pause Young (Allocation Failure) 7445M->5169M(7563M) 100.578ms
[5835.172s][info][gc,cpu         ] GC(1864) User=0.57s Sys=0.03s Real=0.10s
.[5836.715s][info][gc,start       ] GC(1865) Pause Young (Allocation Failure)
[5836.815s][info][gc,heap        ] GC(1865) PSYoungGen: 2585088K(2607616K)->151040K(2610176K) Eden: 2428928K(2428928K)->0K(2428928K) From: 156160K(178688K)->151040K(181248K)
[5836.815s][info][gc,heap        ] GC(1865) ParOldGen: 5136951K(5137408K)->5247335K(5247488K)
[5836.815s][info][gc,metaspace   ] GC(1865) Metaspace: 29083K(29376K)->29083K(29376K) NonClass: 25980K(26112K)->25980K(26112K) Class: 3103K(3264K)->3103K(3264K)
[5836.815s][info][gc             ] GC(1865) Pause Young (Allocation Failure) 7541M->5271M(7673M) 99.865ms
[5836.815s][info][gc,cpu         ] GC(1865) User=0.56s Sys=0.03s Real=0.10s
..[5838.330s][info][gc,start       ] GC(1866) Pause Young (Allocation Failure)
[5838.434s][info][gc,heap        ] GC(1866) PSYoungGen: 2579968K(2610176K)->161507K(2612224K) Eden: 2428928K(2428928K)->0K(2434048K) From: 151040K(181248K)->161507K(178176K)
[5838.434s][info][gc,heap        ] GC(1866) ParOldGen: 5247335K(5247488K)->5346687K(5346816K)
[5838.434s][info][gc,metaspace   ] GC(1866) Metaspace: 29083K(29376K)->29083K(29376K) NonClass: 25980K(26112K)->25980K(26112K) Class: 3103K(3264K)->3103K(3264K)
[5838.434s][info][gc             ] GC(1866) Pause Young (Allocation Failure) 7643M->5379M(7772M) 103.714ms
[5838.434s][info][gc,cpu         ] GC(1866) User=0.58s Sys=0.03s Real=0.10s
..|[5840.045s][info][gc,start       ] GC(1867) Pause Young (Allocation Failure)
[5840.145s][info][gc,heap        ] GC(1867) PSYoungGen: 2595555K(2612224K)->153856K(2613760K) Eden: 2434048K(2434048K)->0K(2434048K) From: 161507K(178176K)->153856K(179712K)
[5840.145s][info][gc,heap        ] GC(1867) ParOldGen: 5346687K(5346816K)->5450687K(5450752K)
[5840.145s][info][gc,metaspace   ] GC(1867) Metaspace: 29083K(29376K)->29083K(29376K) NonClass: 25980K(26112K)->25980K(26112K) Class: 3103K(3264K)->3103K(3264K)
[5840.145s][info][gc             ] GC(1867) Pause Young (Allocation Failure) 7756M->5473M(7875M) 100.043ms
[5840.145s][info][gc,cpu         ] GC(1867) User=0.56s Sys=0.03s Real=0.10s
.[5841.798s][info][gc,start       ] GC(1868) Pause Young (Allocation Failure)
[5841.905s][info][gc,heap        ] GC(1868) PSYoungGen: 2587904K(2613760K)->166277K(2616320K) Eden: 2434048K(2434048K)->0K(2437632K) From: 153856K(179712K)->166277K(178688K)
[5841.905s][info][gc,heap        ] GC(1868) ParOldGen: 5450687K(5450752K)->5557383K(5557760K)
[5841.905s][info][gc,metaspace   ] GC(1868) Metaspace: 29083K(29376K)->29083K(29376K) NonClass: 25980K(26112K)->25980K(26112K) Class: 3103K(3264K)->3103K(3264K)
[5841.905s][info][gc             ] GC(1868) Pause Young (Allocation Failure) 7850M->5589M(7982M) 107.160ms
[5841.905s][info][gc,cpu         ] GC(1868) User=0.60s Sys=0.03s Real=0.11s
..[5843.475s][info][gc,start       ] GC(1869) Pause Full (Allocation Failure)
[5843.475s][info][gc,phases,start] GC(1869) Marking Phase
[5843.783s][info][gc,phases      ] GC(1869) Marking Phase 307.723ms
[5843.783s][info][gc,phases,start] GC(1869) Summary Phase
[5843.783s][info][gc,phases      ] GC(1869) Summary Phase 0.100ms
[5843.783s][info][gc,phases,start] GC(1869) Forward
[5843.918s][info][gc,phases      ] GC(1869) Forward 135.017ms
[5843.918s][info][gc,phases,start] GC(1869) Adjust Pointers
[5844.129s][info][gc,phases      ] GC(1869) Adjust Pointers 210.670ms
[5844.129s][info][gc,phases,start] GC(1869) Compaction Phase
[5844.277s][info][gc,phases      ] GC(1869) Compaction Phase 148.595ms
[5844.279s][info][gc,phases,start] GC(1869) Post Compact
[5844.286s][info][gc,phases      ] GC(1869) Post Compact 7.022ms
[5844.417s][info][gc,heap        ] GC(1869) PSYoungGen: 2603909K(2616320K)->0K(2616832K) Eden: 2437632K(2437632K)->0K(2437632K) From: 166277K(178688K)->0K(179200K)
[5844.418s][info][gc,heap        ] GC(1869) ParOldGen: 5557383K(5557760K)->1623475K(2057216K)
[5844.418s][info][gc,metaspace   ] GC(1869) Metaspace: 29083K(29376K)->29083K(29376K) NonClass: 25980K(26112K)->25980K(26112K) Class: 3103K(3264K)->3103K(3264K)
[5844.418s][info][gc             ] GC(1869) Pause Full (Allocation Failure) 7970M->1585M(4564M) 942.597ms
[5844.418s][info][gc,cpu         ] GC(1869) User=4.35s Sys=0.13s Real=0.94s
..[5845.685s][info][gc,start       ] GC(1870) Pause Young (Allocation Failure)
[5845.752s][info][gc,heap        ] GC(1870) PSYoungGen: 2437632K(2616832K)->164224K(2616832K) Eden: 2437632K(2437632K)->0K(2437632K) From: 0K(179200K)->164224K(179200K)
[5845.752s][info][gc,heap        ] GC(1870) ParOldGen: 1623475K(2057216K)->1623475K(2057216K)
[5845.752s][info][gc,metaspace   ] GC(1870) Metaspace: 29083K(29376K)->29083K(29376K) NonClass: 25980K(26112K)->25980K(26112K) Class: 3103K(3264K)->3103K(3264K)
[5845.752s][info][gc             ] GC(1870) Pause Young (Allocation Failure) 3965M->1745M(4564M) 67.245ms
[5845.752s][info][gc,cpu         ] GC(1870) User=0.40s Sys=0.00s Real=0.07s
.[5847.074s][info][gc,start       ] GC(1871) Pause Young (Allocation Failure)
[5847.169s][info][gc,heap        ] GC(1871) PSYoungGen: 2601856K(2616832K)->156533K(2594304K) Eden: 2437632K(2437632K)->0K(2437632K) From: 164224K(179200K)->156533K(156672K)
[5847.169s][info][gc,heap        ] GC(1871) ParOldGen: 1623475K(2057216K)->1727427K(2057216K)
[5847.169s][info][gc,metaspace   ] GC(1871) Metaspace: 29083K(29376K)->29083K(29376K) NonClass: 25980K(26112K)->25980K(26112K) Class: 3103K(3264K)->3103K(3264K)
[5847.169s][info][gc             ] GC(1871) Pause Young (Allocation Failure) 4126M->1839M(4542M) 94.600ms
[5847.169s][info][gc,cpu         ] GC(1871) User=0.56s Sys=0.00s Real=0.09s
.[5848.566s][info][gc,start       ] GC(1872) Pause Young (Allocation Failure)
[5848.665s][info][gc,heap        ] GC(1872) PSYoungGen: 2594165K(2594304K)->169376K(2613248K) Eden: 2437632K(2437632K)->0K(2435584K) From: 156533K(156672K)->169376K(177664K)
[5848.665s][info][gc,heap        ] GC(1872) ParOldGen: 1727427K(2057216K)->1830947K(2057216K)
[5848.665s][info][gc,metaspace   ] GC(1872) Metaspace: 29083K(29376K)->29083K(29376K) NonClass: 25980K(26112K)->25980K(26112K) Class: 3103K(3264K)->3103K(3264K)
[5848.665s][info][gc             ] GC(1872) Pause Young (Allocation Failure) 4220M->1953M(4561M) 98.893ms
[5848.665s][info][gc,cpu         ] GC(1872) User=0.58s Sys=0.00s Real=0.10s
..[5850.300s][info][gc,start       ] GC(1873) Pause Young (Allocation Failure)
[5850.394s][info][gc,heap        ] GC(1873) PSYoungGen: 2604960K(2613248K)->152656K(2615296K) Eden: 2435584K(2435584K)->0K(2435584K) From: 169376K(177664K)->152656K(179712K)
[5850.394s][info][gc,heap        ] GC(1873) ParOldGen: 1830947K(2057216K)->1939547K(2057216K)
[5850.394s][info][gc,metaspace   ] GC(1873) Metaspace: 29083K(29376K)->29083K(29376K) NonClass: 25980K(26112K)->25980K(26112K) Class: 3103K(3264K)->3103K(3264K)
[5850.394s][info][gc             ] GC(1873) Pause Young (Allocation Failure) 4331M->2043M(4563M) 94.438ms
[5850.394s][info][gc,cpu         ] GC(1873) User=0.55s Sys=0.00s Real=0.09s
..[5852.060s][info][gc,start       ] GC(1874) Pause Young (Allocation Failure)
[5852.150s][info][gc,heap        ] GC(1874) PSYoungGen: 2588240K(2615296K)->145920K(2615808K) Eden: 2435584K(2435584K)->0K(2436608K) From: 152656K(179712K)->145920K(179200K)
[5852.150s][info][gc,heap        ] GC(1874) ParOldGen: 1939547K(2057216K)->2039739K(2057216K)
[5852.150s][info][gc,metaspace   ] GC(1874) Metaspace: 29083K(29376K)->29083K(29376K) NonClass: 25980K(26112K)->25980K(26112K) Class: 3103K(3264K)->3103K(3264K)
[5852.150s][info][gc             ] GC(1874) Pause Young (Allocation Failure) 4421M->2134M(4563M) 89.751ms
[5852.150s][info][gc,cpu         ] GC(1874) User=0.53s Sys=0.00s Real=0.09s
..[5853.695s][info][gc,start       ] GC(1875) Pause Young (Allocation Failure)
[5853.794s][info][gc,heap        ] GC(1875) PSYoungGen: 2582528K(2615808K)->162144K(2598912K) Eden: 2436608K(2436608K)->0K(2436608K) From: 145920K(179200K)->162144K(162304K)
[5853.794s][info][gc,heap        ] GC(1875) ParOldGen: 2039739K(2057216K)->2142499K(2142720K)
[5853.794s][info][gc,metaspace   ] GC(1875) Metaspace: 29083K(29376K)->29083K(29376K) NonClass: 25980K(26112K)->25980K(26112K) Class: 3103K(3264K)->3103K(3264K)
[5853.794s][info][gc             ] GC(1875) Pause Young (Allocation Failure) 4513M->2250M(4630M) 98.515ms
[5853.794s][info][gc,cpu         ] GC(1875) User=0.54s Sys=0.03s Real=0.10s
.[5855.377s][info][gc,start       ] GC(1876) Pause Young (Allocation Failure)
[5855.482s][info][gc,heap        ] GC(1876) PSYoungGen: 2598752K(2598912K)->165849K(2615296K) Eden: 2436608K(2436608K)->0K(2436608K) From: 162144K(162304K)->165849K(178688K)
[5855.482s][info][gc,heap        ] GC(1876) ParOldGen: 2142499K(2142720K)->2248795K(2249216K)
[5855.482s][info][gc,metaspace   ] GC(1876) Metaspace: 29083K(29376K)->29083K(29376K) NonClass: 25980K(26112K)->25980K(26112K) Class: 3103K(3264K)->3103K(3264K)
[5855.482s][info][gc             ] GC(1876) Pause Young (Allocation Failure) 4630M->2358M(4750M) 105.229ms
[5855.482s][info][gc,cpu         ] GC(1876) User=0.58s Sys=0.03s Real=0.11s
..[5857.096s][info][gc,start       ] GC(1877) Pause Young (Allocation Failure)
[5857.197s][info][gc,heap        ] GC(1877) PSYoungGen: 2602457K(2615296K)->157648K(2615808K) Eden: 2436608K(2436608K)->0K(2436608K) From: 165849K(178688K)->157648K(179200K)
[5857.197s][info][gc,heap        ] GC(1877) ParOldGen: 2248795K(2249216K)->2354755K(2355200K)
[5857.197s][info][gc,metaspace   ] GC(1877) Metaspace: 29083K(29376K)->29083K(29376K) NonClass: 25980K(26112K)->25980K(26112K) Class: 3103K(3264K)->3103K(3264K)
[5857.197s][info][gc             ] GC(1877) Pause Young (Allocation Failure) 4737M->2453M(4854M) 101.045ms
[5857.198s][info][gc,cpu         ] GC(1877) User=0.56s Sys=0.03s Real=0.10s
..[5858.818s][info][gc,start       ] GC(1878) Pause Young (Allocation Failure)
[5858.920s][info][gc,heap        ] GC(1878) PSYoungGen: 2594256K(2615808K)->167284K(2614784K) Eden: 2436608K(2436608K)->0K(2437120K) From: 157648K(179200K)->167284K(177664K)
[5858.920s][info][gc,heap        ] GC(1878) ParOldGen: 2354755K(2355200K)->2457867K(2458112K)
[5858.920s][info][gc,metaspace   ] GC(1878) Metaspace: 29083K(29376K)->29083K(29376K) NonClass: 25980K(26112K)->25980K(26112K) Class: 3103K(3264K)->3103K(3264K)
[5858.920s][info][gc             ] GC(1878) Pause Young (Allocation Failure) 4833M->2563M(4954M) 102.660ms
[5858.920s][info][gc,cpu         ] GC(1878) User=0.57s Sys=0.03s Real=0.11s
.[5860.462s][info][gc,start       ] GC(1879) Pause Young (Allocation Failure)
[5860.564s][info][gc,heap        ] GC(1879) PSYoungGen: 2604404K(2614784K)->164308K(2615808K) Eden: 2437120K(2437120K)->0K(2437120K) From: 167284K(177664K)->164308K(178688K)
[5860.564s][info][gc,heap        ] GC(1879) ParOldGen: 2457867K(2458112K)->2559067K(2559488K)
[5860.564s][info][gc,metaspace   ] GC(1879) Metaspace: 29083K(29376K)->29083K(29376K) NonClass: 25980K(26112K)->25980K(26112K) Class: 3103K(3264K)->3103K(3264K)
[5860.564s][info][gc             ] GC(1879) Pause Young (Allocation Failure) 4943M->2659M(5054M) 102.059ms
[5860.564s][info][gc,cpu         ] GC(1879) User=0.56s Sys=0.04s Real=0.10s
..[5862.175s][info][gc,start       ] GC(1880) Pause Young (Allocation Failure)
[5862.275s][info][gc,heap        ] GC(1880) PSYoungGen: 2601428K(2615808K)->158096K(2614272K) Eden: 2437120K(2437120K)->0K(2438656K) From: 164308K(178688K)->158096K(175616K)
[5862.275s][info][gc,heap        ] GC(1880) ParOldGen: 2559067K(2559488K)->2668147K(2668544K)
[5862.275s][info][gc,metaspace   ] GC(1880) Metaspace: 29083K(29376K)->29083K(29376K) NonClass: 25980K(26112K)->25980K(26112K) Class: 3103K(3264K)->3103K(3264K)
[5862.275s][info][gc             ] GC(1880) Pause Young (Allocation Failure) 5039M->2760M(5159M) 100.693ms
[5862.275s][info][gc,cpu         ] GC(1880) User=0.56s Sys=0.03s Real=0.10s
.[5863.805s][info][gc,start       ] GC(1881) Pause Young (Allocation Failure)
[5863.905s][info][gc,heap        ] GC(1881) PSYoungGen: 2596752K(2614272K)->164480K(2615808K) Eden: 2438656K(2438656K)->0K(2438656K) From: 158096K(175616K)->164480K(177152K)
[5863.905s][info][gc,heap        ] GC(1881) ParOldGen: 2668147K(2668544K)->2769779K(2769920K)
[5863.905s][info][gc,metaspace   ] GC(1881) Metaspace: 29083K(29376K)->29083K(29376K) NonClass: 25980K(26112K)->25980K(26112K) Class: 3103K(3264K)->3103K(3264K)
[5863.905s][info][gc             ] GC(1881) Pause Young (Allocation Failure) 5141M->2865M(5259M) 99.347ms
[5863.905s][info][gc,cpu         ] GC(1881) User=0.55s Sys=0.03s Real=0.10s
..[5865.525s][info][gc,start       ] GC(1882) Pause Young (Allocation Failure)
[5865.626s][info][gc,heap        ] GC(1882) PSYoungGen: 2603136K(2615808K)->162564K(2616832K) Eden: 2438656K(2438656K)->0K(2441728K) From: 164480K(177152K)->162564K(175104K)
[5865.626s][info][gc,heap        ] GC(1882) ParOldGen: 2769779K(2769920K)->2870475K(2870784K)
[5865.626s][info][gc,metaspace   ] GC(1882) Metaspace: 29083K(29376K)->29083K(29376K) NonClass: 25980K(26112K)->25980K(26112K) Class: 3103K(3264K)->3103K(3264K)
[5865.626s][info][gc             ] GC(1882) Pause Young (Allocation Failure) 5246M->2961M(5359M) 100.167ms
[5865.626s][info][gc,cpu         ] GC(1882) User=0.56s Sys=0.03s Real=0.10s
.[5866.662s][info][gc,start       ] GC(1883) Pause Full (Diagnostic Command)
[5866.662s][info][gc,phases,start] GC(1883) Marking Phase
[5866.994s][info][gc,phases      ] GC(1883) Marking Phase 332.524ms
[5866.994s][info][gc,phases,start] GC(1883) Summary Phase
[5866.994s][info][gc,phases      ] GC(1883) Summary Phase 0.072ms
[5866.995s][info][gc,phases,start] GC(1883) Forward
[5867.142s][info][gc,phases      ] GC(1883) Forward 146.401ms
[5867.142s][info][gc,phases,start] GC(1883) Adjust Pointers
[5867.375s][info][gc,phases      ] GC(1883) Adjust Pointers 232.969ms
[5867.375s][info][gc,phases,start] GC(1883) Compaction Phase
[5867.587s][info][gc,phases      ] GC(1883) Compaction Phase 212.374ms
[5867.590s][info][gc,phases,start] GC(1883) Post Compact
[5867.594s][info][gc,phases      ] GC(1883) Post Compact 3.958ms
[5867.594s][info][gc,heap        ] GC(1883) PSYoungGen: 1824496K(2616832K)->0K(2616832K) Eden: 1661932K(2441728K)->0K(2441728K) From: 162564K(175104K)->0K(175104K)
[5867.594s][info][gc,heap        ] GC(1883) ParOldGen: 2870475K(2870784K)->1370093K(2870784K)
[5867.594s][info][gc,metaspace   ] GC(1883) Metaspace: 29083K(29376K)->29083K(29376K) NonClass: 25980K(26112K)->25980K(26112K) Class: 3103K(3264K)->3103K(3264K)
[5867.594s][info][gc             ] GC(1883) Pause Full (Diagnostic Command) 4584M->1337M(5359M) 932.135ms
[5867.594s][info][gc,cpu         ] GC(1883) User=5.25s Sys=0.00s Real=0.93s
..[5868.933s][info][gc,start       ] GC(1884) Pause Young (Allocation Failure)
[5869.012s][info][gc,heap        ] GC(1884) PSYoungGen: 2441728K(2616832K)->176105K(2617856K) Eden: 2441728K(2441728K)->0K(2441728K) From: 0K(175104K)->176105K(176128K)
[5869.012s][info][gc,heap        ] GC(1884) ParOldGen: 1370093K(2870784K)->1378149K(2870784K)
[5869.012s][info][gc,metaspace   ] GC(1884) Metaspace: 29083K(29376K)->29083K(29376K) NonClass: 25980K(26112K)->25980K(26112K) Class: 3103K(3264K)->3103K(3264K)
[5869.012s][info][gc             ] GC(1884) Pause Young (Allocation Failure) 3722M->1517M(5360M) 78.494ms
[5869.012s][info][gc,cpu         ] GC(1884) User=0.47s Sys=0.00s Real=0.08s
.[5870.283s][info][gc,start       ] GC(1885) Pause Young (Allocation Failure)
[5870.381s][info][gc,heap        ] GC(1885) PSYoungGen: 2617833K(2617856K)->169438K(2607616K) Eden: 2441728K(2441728K)->0K(2429440K) From: 176105K(176128K)->169438K(178176K)
[5870.381s][info][gc,heap        ] GC(1885) ParOldGen: 1378149K(2870784K)->1480597K(2870784K)
[5870.381s][info][gc,metaspace   ] GC(1885) Metaspace: 29083K(29376K)->29083K(29376K) NonClass: 25980K(26112K)->25980K(26112K) Class: 3103K(3264K)->3103K(3264K)
[5870.381s][info][gc             ] GC(1885) Pause Young (Allocation Failure) 3902M->1611M(5350M) 98.470ms
[5870.381s][info][gc,cpu         ] GC(1885) User=0.59s Sys=0.00s Real=0.10s
.[5871.698s][info][gc,start       ] GC(1886) Pause Young (Allocation Failure)
[5871.798s][info][gc,heap        ] GC(1886) PSYoungGen: 2598878K(2607616K)->169833K(2599424K) Eden: 2429440K(2429440K)->0K(2429440K) From: 169438K(178176K)->169833K(169984K)
[5871.798s][info][gc,heap        ] GC(1886) ParOldGen: 1480597K(2870784K)->1587461K(2870784K)
[5871.798s][info][gc,metaspace   ] GC(1886) Metaspace: 29083K(29376K)->29083K(29376K) NonClass: 25980K(26112K)->25980K(26112K) Class: 3103K(3264K)->3103K(3264K)
[5871.798s][info][gc             ] GC(1886) Pause Young (Allocation Failure) 3983M->1716M(5342M) 100.050ms
[5871.798s][info][gc,cpu         ] GC(1886) User=0.59s Sys=0.00s Real=0.10s
..[5873.273s][info][gc,start       ] GC(1887) Pause Young (Allocation Failure)
[5873.365s][info][gc,heap        ] GC(1887) PSYoungGen: 2599273K(2599424K)->153824K(2612224K) Eden: 2429440K(2429440K)->0K(2428416K) From: 169833K(169984K)->153824K(183808K)
[5873.365s][info][gc,heap        ] GC(1887) ParOldGen: 1587461K(2870784K)->1692341K(2870784K)
[5873.365s][info][gc,metaspace   ] GC(1887) Metaspace: 29083K(29376K)->29083K(29376K) NonClass: 25980K(26112K)->25980K(26112K) Class: 3103K(3264K)->3103K(3264K)
[5873.366s][info][gc             ] GC(1887) Pause Young (Allocation Failure) 4088M->1802M(5354M) 92.651ms
[5873.366s][info][gc,cpu         ] GC(1887) User=0.54s Sys=0.00s Real=0.09s
..[5875.053s][info][gc,start       ] GC(1888) Pause Young (Allocation Failure)
[5875.145s][info][gc,heap        ] GC(1888) PSYoungGen: 2582240K(2612224K)->154528K(2583040K) Eden: 2428416K(2428416K)->0K(2428416K) From: 153824K(183808K)->154528K(154624K)
[5875.145s][info][gc,heap        ] GC(1888) ParOldGen: 1692341K(2870784K)->1796773K(2870784K)
[5875.145s][info][gc,metaspace   ] GC(1888) Metaspace: 29083K(29376K)->29083K(29376K) NonClass: 25980K(26112K)->25980K(26112K) Class: 3103K(3264K)->3103K(3264K)
[5875.145s][info][gc             ] GC(1888) Pause Young (Allocation Failure) 4174M->1905M(5326M) 92.538ms
[5875.145s][info][gc,cpu         ] GC(1888) User=0.55s Sys=0.00s Real=0.09s
.[5876.686s][info][gc,start       ] GC(1889) Pause Young (Allocation Failure)
[5876.784s][info][gc,heap        ] GC(1889) PSYoungGen: 2582944K(2583040K)->162176K(2613760K) Eden: 2428416K(2428416K)->0K(2430464K) From: 154528K(154624K)->162176K(183296K)
[5876.784s][info][gc,heap        ] GC(1889) ParOldGen: 1796773K(2870784K)->1905477K(2870784K)
[5876.784s][info][gc,metaspace   ] GC(1889) Metaspace: 29083K(29376K)->29083K(29376K) NonClass: 25980K(26112K)->25980K(26112K) Class: 3103K(3264K)->3103K(3264K)
[5876.784s][info][gc             ] GC(1889) Pause Young (Allocation Failure) 4277M->2019M(5356M) 98.038ms
[5876.784s][info][gc,cpu         ] GC(1889) User=0.58s Sys=0.00s Real=0.10s
..[5878.326s][info][gc,start       ] GC(1890) Pause Young (Allocation Failure)
[5878.419s][info][gc,heap        ] GC(1890) PSYoungGen: 2592640K(2613760K)->157600K(2611712K) Eden: 2430464K(2430464K)->0K(2430464K) From: 162176K(183296K)->157600K(181248K)
[5878.419s][info][gc,heap        ] GC(1890) ParOldGen: 1905477K(2870784K)->2005093K(2870784K)
[5878.419s][info][gc,metaspace   ] GC(1890) Metaspace: 29083K(29376K)->29083K(29376K) NonClass: 25980K(26112K)->25980K(26112K) Class: 3103K(3264K)->3103K(3264K)
[5878.419s][info][gc             ] GC(1890) Pause Young (Allocation Failure) 4392M->2112M(5354M) 92.562ms
[5878.419s][info][gc,cpu         ] GC(1890) User=0.54s Sys=0.01s Real=0.09s
..[5879.985s][info][gc,start       ] GC(1891) Pause Young (Allocation Failure)
[5880.082s][info][gc,heap        ] GC(1891) PSYoungGen: 2588064K(2611712K)->160704K(2613248K) Eden: 2430464K(2430464K)->0K(2433024K) From: 157600K(181248K)->160704K(180224K)
[5880.082s][info][gc,heap        ] GC(1891) ParOldGen: 2005093K(2870784K)->2111421K(2870784K)
[5880.082s][info][gc,metaspace   ] GC(1891) Metaspace: 29083K(29376K)->29083K(29376K) NonClass: 25980K(26112K)->25980K(26112K) Class: 3103K(3264K)->3103K(3264K)
[5880.082s][info][gc             ] GC(1891) Pause Young (Allocation Failure) 4485M->2218M(5355M) 97.394ms
[5880.082s][info][gc,cpu         ] GC(1891) User=0.57s Sys=0.00s Real=0.10s
.[5881.699s][info][gc,start       ] GC(1892) Pause Young (Allocation Failure)
[5881.802s][info][gc,heap        ] GC(1892) PSYoungGen: 2593728K(2613248K)->173460K(2611712K) Eden: 2433024K(2433024K)->0K(2433024K) From: 160704K(180224K)->173460K(178688K)
[5881.802s][info][gc,heap        ] GC(1892) ParOldGen: 2111421K(2870784K)->2217373K(2870784K)
[5881.802s][info][gc,metaspace   ] GC(1892) Metaspace: 29083K(29376K)->29083K(29376K) NonClass: 25980K(26112K)->25980K(26112K) Class: 3103K(3264K)->3103K(3264K)
[5881.802s][info][gc             ] GC(1892) Pause Young (Allocation Failure) 4594M->2334M(5354M) 102.985ms
[5881.802s][info][gc,cpu         ] GC(1892) User=0.61s Sys=0.00s Real=0.11s
..[5883.373s][info][gc,start       ] GC(1893) Pause Young (Allocation Failure)
[5883.468s][info][gc,heap        ] GC(1893) PSYoungGen: 2606484K(2611712K)->158707K(2615808K) Eden: 2433024K(2433024K)->0K(2434560K) From: 173460K(178688K)->158707K(181248K)
[5883.468s][info][gc,heap        ] GC(1893) ParOldGen: 2217373K(2870784K)->2322045K(2870784K)
[5883.468s][info][gc,metaspace   ] GC(1893) Metaspace: 29083K(29376K)->29083K(29376K) NonClass: 25980K(26112K)->25980K(26112K) Class: 3103K(3264K)->3103K(3264K)
[5883.468s][info][gc             ] GC(1893) Pause Young (Allocation Failure) 4710M->2422M(5358M) 95.733ms
[5883.468s][info][gc,cpu         ] GC(1893) User=0.57s Sys=0.00s Real=0.09s
..[5885.145s][info][gc,start       ] GC(1894) Pause Young (Allocation Failure)
[5885.244s][info][gc,heap        ] GC(1894) PSYoungGen: 2593267K(2615808K)->168288K(2614784K) Eden: 2434560K(2434560K)->0K(2434560K) From: 158707K(181248K)->168288K(180224K)
[5885.244s][info][gc,heap        ] GC(1894) ParOldGen: 2322045K(2870784K)->2422781K(2870784K)
[5885.244s][info][gc,metaspace   ] GC(1894) Metaspace: 29083K(29376K)->29083K(29376K) NonClass: 25980K(26112K)->25980K(26112K) Class: 3103K(3264K)->3103K(3264K)
[5885.244s][info][gc             ] GC(1894) Pause Young (Allocation Failure) 4800M->2530M(5357M) 99.229ms
[5885.244s][info][gc,cpu         ] GC(1894) User=0.58s Sys=0.00s Real=0.10s
.[5886.840s][info][gc,start       ] GC(1895) Pause Young (Allocation Failure)
[5886.931s][info][gc,heap        ] GC(1895) PSYoungGen: 2602848K(2614784K)->142624K(2612224K) Eden: 2434560K(2434560K)->0K(2431488K) From: 168288K(180224K)->142624K(180736K)
[5886.931s][info][gc,heap        ] GC(1895) ParOldGen: 2422781K(2870784K)->2531493K(2870784K)
[5886.931s][info][gc,metaspace   ] GC(1895) Metaspace: 29083K(29376K)->29083K(29376K) NonClass: 25980K(26112K)->25980K(26112K) Class: 3103K(3264K)->3103K(3264K)
[5886.931s][info][gc             ] GC(1895) Pause Young (Allocation Failure) 4907M->2611M(5354M) 91.215ms
[5886.931s][info][gc,cpu         ] GC(1895) User=0.54s Sys=0.00s Real=0.09s
..[5888.486s][info][gc,start       ] GC(1896) Pause Young (Allocation Failure)
[5888.585s][info][gc,heap        ] GC(1896) PSYoungGen: 2574112K(2612224K)->167444K(2599424K) Eden: 2431488K(2431488K)->0K(2431488K) From: 142624K(180736K)->167444K(167936K)
[5888.585s][info][gc,heap        ] GC(1896) ParOldGen: 2531493K(2870784K)->2632733K(2870784K)
[5888.585s][info][gc,metaspace   ] GC(1896) Metaspace: 29083K(29376K)->29083K(29376K) NonClass: 25980K(26112K)->25980K(26112K) Class: 3103K(3264K)->3103K(3264K)
[5888.585s][info][gc             ] GC(1896) Pause Young (Allocation Failure) 4985M->2734M(5342M) 98.521ms
[5888.585s][info][gc,cpu         ] GC(1896) User=0.58s Sys=0.00s Real=0.10s
..[5890.217s][info][gc,start       ] GC(1897) Pause Young (Allocation Failure)
[5890.312s][info][gc,heap        ] GC(1897) PSYoungGen: 2598932K(2599424K)->154656K(2614272K) Eden: 2431488K(2431488K)->0K(2431488K) From: 167444K(167936K)->154656K(182784K)
[5890.312s][info][gc,heap        ] GC(1897) ParOldGen: 2632733K(2870784K)->2736949K(2870784K)
[5890.312s][info][gc,metaspace   ] GC(1897) Metaspace: 29083K(29376K)->29083K(29376K) NonClass: 25980K(26112K)->25980K(26112K) Class: 3103K(3264K)->3103K(3264K)
[5890.312s][info][gc             ] GC(1897) Pause Young (Allocation Failure) 5109M->2823M(5356M) 95.210ms
[5890.312s][info][gc,cpu         ] GC(1897) User=0.55s Sys=0.00s Real=0.10s
.[5891.795s][info][gc,start       ] GC(1898) Pause Young (Allocation Failure)
[5891.891s][info][gc,heap        ] GC(1898) PSYoungGen: 2586144K(2614272K)->159072K(2590720K) Eden: 2431488K(2431488K)->0K(2431488K) From: 154656K(182784K)->159072K(159232K)
[5891.891s][info][gc,heap        ] GC(1898) ParOldGen: 2736949K(2870784K)->2842245K(2870784K)
[5891.891s][info][gc,metaspace   ] GC(1898) Metaspace: 29083K(29376K)->29083K(29376K) NonClass: 25980K(26112K)->25980K(26112K) Class: 3103K(3264K)->3103K(3264K)
[5891.891s][info][gc             ] GC(1898) Pause Young (Allocation Failure) 5198M->2930M(5333M) 96.471ms
[5891.891s][info][gc,cpu         ] GC(1898) User=0.57s Sys=0.01s Real=0.10s
..[5893.528s][info][gc,start       ] GC(1899) Pause Young (Allocation Failure)
[5893.625s][info][gc,heap        ] GC(1899) PSYoungGen: 2590560K(2590720K)->158976K(2613248K) Eden: 2431488K(2431488K)->0K(2433024K) From: 159072K(159232K)->158976K(180224K)
[5893.625s][info][gc,heap        ] GC(1899) ParOldGen: 2842245K(2870784K)->2944037K(2944512K)
[5893.625s][info][gc,metaspace   ] GC(1899) Metaspace: 29083K(29376K)->29083K(29376K) NonClass: 25980K(26112K)->25980K(26112K) Class: 3103K(3264K)->3103K(3264K)
[5893.625s][info][gc             ] GC(1899) Pause Young (Allocation Failure) 5305M->3030M(5427M) 96.793ms
[5893.625s][info][gc,cpu         ] GC(1899) User=0.54s Sys=0.03s Real=0.10s
..[5895.180s][info][gc,start       ] GC(1900) Pause Young (Allocation Failure)
[5895.279s][info][gc,heap        ] GC(1900) PSYoungGen: 2592000K(2613248K)->151424K(2611712K) Eden: 2433024K(2433024K)->0K(2433024K) From: 158976K(180224K)->151424K(178688K)
[5895.279s][info][gc,heap        ] GC(1900) ParOldGen: 2944037K(2944512K)->3052389K(3052544K)
[5895.279s][info][gc,metaspace   ] GC(1900) Metaspace: 29083K(29376K)->29083K(29376K) NonClass: 25980K(26112K)->25980K(26112K) Class: 3103K(3264K)->3103K(3264K)
[5895.279s][info][gc             ] GC(1900) Pause Young (Allocation Failure) 5406M->3128M(5531M) 98.741ms
[5895.279s][info][gc,cpu         ] GC(1900) User=0.54s Sys=0.03s Real=0.09s
.[5896.877s][info][gc,start       ] GC(1901) Pause Young (Allocation Failure)
[5896.970s][info][gc,heap        ] GC(1901) PSYoungGen: 2584448K(2611712K)->144736K(2614272K) Eden: 2433024K(2433024K)->0K(2436096K) From: 151424K(178688K)->144736K(178176K)
[5896.970s][info][gc,heap        ] GC(1901) ParOldGen: 3052389K(3052544K)->3154437K(3154944K)
[5896.970s][info][gc,metaspace   ] GC(1901) Metaspace: 29083K(29376K)->29083K(29376K) NonClass: 25980K(26112K)->25980K(26112K) Class: 3103K(3264K)->3103K(3264K)
[5896.970s][info][gc             ] GC(1901) Pause Young (Allocation Failure) 5504M->3221M(5634M) 92.757ms
[5896.970s][info][gc,cpu         ] GC(1901) User=0.52s Sys=0.03s Real=0.10s
..[5898.638s][info][gc,start       ] GC(1902) Pause Young (Allocation Failure)
[5898.743s][info][gc,heap        ] GC(1902) PSYoungGen: 2580832K(2614272K)->171549K(2608128K) Eden: 2436096K(2436096K)->0K(2436096K) From: 144736K(178176K)->171549K(172032K)
[5898.743s][info][gc,heap        ] GC(1902) ParOldGen: 3154437K(3154944K)->3256893K(3257344K)
[5898.743s][info][gc,metaspace   ] GC(1902) Metaspace: 29083K(29376K)->29083K(29376K) NonClass: 25980K(26112K)->25980K(26112K) Class: 3103K(3264K)->3103K(3264K)
[5898.743s][info][gc             ] GC(1902) Pause Young (Allocation Failure) 5600M->3348M(5728M) 105.043ms
[5898.743s][info][gc,cpu         ] GC(1902) User=0.59s Sys=0.03s Real=0.11s
.. (rIR:aIR:PR = 10101:10076:10077) (tPR = 148161) [OK] 
  5899s: Performance info:
         Transaction,    Success,    Partial,     Failed,   Receipts, AvgBarcode, 
             Overall,     605615,          0,          0,     575332,      59.47, 
         Response times:
             Request,    Success,    Partial,     Failed,   SkipFail,     Probes,    Samples,      min,      p50,      p90,      p95,      p99,      max, 
       TotalPurchase,     575197,          0,          0,          0,     332530,     535936,      200,     9500,   148000,   245000,   532000,  1200000,
     InStorePurchase,     305547,          0,          0,          0,     174634,     281061,      300,     9500,   152000,   240000,   533000,  1200000,
      OnlinePurchase,     208810,          0,          0,          0,     122260,     197848,      200,     9400,   150100,   239000,   534000,  1200000,
        InstPurchase,      60840,          0,          0,          0,      35636,      57027,      300,     9500,   143000,   303600,   528000,  1100000,
          AssocOfCat,        611,          0,          0,          0,        501,        918,    24000,    57000,   218400,   398800,   910000,  1100000,
      AssocOfProduct,       6106,          0,          0,          0,       3134,       5336,      400,    10600,   153000,   343300,   525000,   610000,
      BusinessReport,       1520,          0,          0,          0,       1282,       2257,    30000,    63000,   182000,   352900,   570880,  1100000,
          CustBuyBeh,       6057,          0,          0,          0,       3124,       5339,      200,     7200,   142000,   297000,   630000,   660000,
       ProductReturn,      16102,          0,          0,          0,       9089,      14770,      200,     8500,   142000,   306000,   610000,  1100000,

  5899s: (74%)   IR =  10239 [5900.333s][info][gc,start       ] GC(1903) Pause Young (Allocation Failure)
[5900.442s][info][gc,heap        ] GC(1903) PSYoungGen: 2607645K(2608128K)->175513K(2607104K) Eden: 2436096K(2436096K)->0K(2425344K) From: 171549K(172032K)->175513K(181760K)
[5900.442s][info][gc,heap        ] GC(1903) ParOldGen: 3256893K(3257344K)->3361757K(3361792K)
[5900.442s][info][gc,metaspace   ] GC(1903) Metaspace: 29083K(29376K)->29083K(29376K) NonClass: 25980K(26112K)->25980K(26112K) Class: 3103K(3264K)->3103K(3264K)
[5900.442s][info][gc             ] GC(1903) Pause Young (Allocation Failure) 5727M->3454M(5829M) 108.971ms
[5900.442s][info][gc,cpu         ] GC(1903) User=0.61s Sys=0.03s Real=0.11s
.[5901.903s][info][gc,start       ] GC(1904) Pause Young (Allocation Failure)
[5901.998s][info][gc,heap        ] GC(1904) PSYoungGen: 2600857K(2607104K)->147616K(2610688K) Eden: 2425344K(2425344K)->0K(2425344K) From: 175513K(181760K)->147616K(185344K)
[5901.998s][info][gc,heap        ] GC(1904) ParOldGen: 3361757K(3361792K)->3466925K(3467264K)
[5901.998s][info][gc,metaspace   ] GC(1904) Metaspace: 29083K(29376K)->29083K(29376K) NonClass: 25980K(26112K)->25980K(26112K) Class: 3103K(3264K)->3103K(3264K)
[5901.998s][info][gc             ] GC(1904) Pause Young (Allocation Failure) 5822M->3529M(5935M) 94.878ms
[5901.998s][info][gc,cpu         ] GC(1904) User=0.53s Sys=0.03s Real=0.09s
..[5903.551s][info][gc,start       ] GC(1905) Pause Young (Allocation Failure)
[5903.652s][info][gc,heap        ] GC(1905) PSYoungGen: 2572960K(2610688K)->160912K(2606592K) Eden: 2425344K(2425344K)->0K(2425344K) From: 147616K(185344K)->160912K(181248K)
[5903.652s][info][gc,heap        ] GC(1905) ParOldGen: 3466925K(3467264K)->3571245K(3571712K)
[5903.652s][info][gc,metaspace   ] GC(1905) Metaspace: 29083K(29376K)->29083K(29376K) NonClass: 25980K(26112K)->25980K(26112K) Class: 3103K(3264K)->3103K(3264K)
[5903.652s][info][gc             ] GC(1905) Pause Young (Allocation Failure) 5898M->3644M(6033M) 100.978ms
[5903.652s][info][gc,cpu         ] GC(1905) User=0.56s Sys=0.04s Real=0.10s
..[5905.146s][info][gc,start       ] GC(1906) Pause Young (Allocation Failure)
[5905.248s][info][gc,heap        ] GC(1906) PSYoungGen: 2586256K(2606592K)->161028K(2608640K) Eden: 2425344K(2425344K)->0K(2425344K) From: 160912K(181248K)->161028K(183296K)
[5905.248s][info][gc,heap        ] GC(1906) ParOldGen: 3571245K(3571712K)->3675653K(3676160K)
[5905.248s][info][gc,metaspace   ] GC(1906) Metaspace: 29083K(29376K)->29083K(29376K) NonClass: 25980K(26112K)->25980K(26112K) Class: 3103K(3264K)->3103K(3264K)
[5905.248s][info][gc             ] GC(1906) Pause Young (Allocation Failure) 6013M->3746M(6137M) 101.964ms
[5905.248s][info][gc,cpu         ] GC(1906) User=0.57s Sys=0.03s Real=0.10s
.[5906.869s][info][gc,start       ] GC(1907) Pause Young (Allocation Failure)
[5906.963s][info][gc,heap        ] GC(1907) PSYoungGen: 2586372K(2608640K)->142485K(2611712K) Eden: 2425344K(2425344K)->0K(2430464K) From: 161028K(183296K)->142485K(181248K)
[5906.963s][info][gc,heap        ] GC(1907) ParOldGen: 3675653K(3676160K)->3781437K(3781632K)
[5906.963s][info][gc,metaspace   ] GC(1907) Metaspace: 29083K(29376K)->29083K(29376K) NonClass: 25980K(26112K)->25980K(26112K) Class: 3103K(3264K)->3103K(3264K)
[5906.963s][info][gc             ] GC(1907) Pause Young (Allocation Failure) 6115M->3831M(6243M) 94.246ms
[5906.963s][info][gc,cpu         ] GC(1907) User=0.52s Sys=0.04s Real=0.10s
..[5908.519s][info][gc,start       ] GC(1908) Pause Young (Allocation Failure)
[5908.621s][info][gc,heap        ] GC(1908) PSYoungGen: 2572949K(2611712K)->167893K(2612736K) Eden: 2430464K(2430464K)->0K(2430464K) From: 142485K(181248K)->167893K(182272K)
[5908.621s][info][gc,heap        ] GC(1908) ParOldGen: 3781437K(3781632K)->3881509K(3881984K)
[5908.621s][info][gc,metaspace   ] GC(1908) Metaspace: 29083K(29376K)->29083K(29376K) NonClass: 25980K(26112K)->25980K(26112K) Class: 3103K(3264K)->3103K(3264K)
[5908.621s][info][gc             ] GC(1908) Pause Young (Allocation Failure) 6205M->3954M(6342M) 101.806ms
[5908.621s][info][gc,cpu         ] GC(1908) User=0.57s Sys=0.02s Real=0.11s
..[5910.179s][info][gc,start       ] GC(1909) Pause Young (Allocation Failure)
[5910.280s][info][gc,heap        ] GC(1909) PSYoungGen: 2598357K(2612736K)->158624K(2610688K) Eden: 2430464K(2430464K)->0K(2430464K) From: 167893K(182272K)->158624K(180224K)
[5910.280s][info][gc,heap        ] GC(1909) ParOldGen: 3881509K(3881984K)->3986069K(3986432K)
[5910.280s][info][gc,metaspace   ] GC(1909) Metaspace: 29083K(29376K)->29083K(29376K) NonClass: 25980K(26112K)->25980K(26112K) Class: 3103K(3264K)->3103K(3264K)
[5910.280s][info][gc             ] GC(1909) Pause Young (Allocation Failure) 6327M->4047M(6442M) 100.313ms
[5910.280s][info][gc,cpu         ] GC(1909) User=0.56s Sys=0.04s Real=0.10s
.[5911.824s][info][gc,start       ] GC(1910) Pause Young (Allocation Failure)
[5911.923s][info][gc,heap        ] GC(1910) PSYoungGen: 2589088K(2610688K)->156288K(2611712K) Eden: 2430464K(2430464K)->0K(2430464K) From: 158624K(180224K)->156288K(181248K)
[5911.923s][info][gc,heap        ] GC(1910) ParOldGen: 3986069K(3986432K)->4090645K(4090880K)
[5911.923s][info][gc,metaspace   ] GC(1910) Metaspace: 29083K(29376K)->29083K(29376K) NonClass: 25980K(26112K)->25980K(26112K) Class: 3103K(3264K)->3103K(3264K)
[5911.923s][info][gc             ] GC(1910) Pause Young (Allocation Failure) 6421M->4147M(6545M) 99.470ms
[5911.923s][info][gc,cpu         ] GC(1910) User=0.56s Sys=0.03s Real=0.10s
..[5913.574s][info][gc,start       ] GC(1911) Pause Young (Allocation Failure)
[5913.674s][info][gc,heap        ] GC(1911) PSYoungGen: 2586752K(2611712K)->157344K(2611200K) Eden: 2430464K(2430464K)->0K(2435072K) From: 156288K(181248K)->157344K(176128K)
[5913.674s][info][gc,heap        ] GC(1911) ParOldGen: 4090645K(4090880K)->4196165K(4196352K)
[5913.674s][info][gc,metaspace   ] GC(1911) Metaspace: 29083K(29376K)->29083K(29376K) NonClass: 25980K(26112K)->25980K(26112K) Class: 3103K(3264K)->3103K(3264K)
[5913.674s][info][gc             ] GC(1911) Pause Young (Allocation Failure) 6520M->4251M(6648M) 99.775ms
[5913.674s][info][gc,cpu         ] GC(1911) User=0.56s Sys=0.03s Real=0.10s
.[5915.258s][info][gc,start       ] GC(1912) Pause Young (Allocation Failure)
[5915.356s][info][gc,heap        ] GC(1912) PSYoungGen: 2592416K(2611200K)->148256K(2612736K) Eden: 2435072K(2435072K)->0K(2435072K) From: 157344K(176128K)->148256K(177664K)
[5915.356s][info][gc,heap        ] GC(1912) ParOldGen: 4196165K(4196352K)->4301517K(4301824K)
[5915.356s][info][gc,metaspace   ] GC(1912) Metaspace: 29083K(29376K)->29083K(29376K) NonClass: 25980K(26112K)->25980K(26112K) Class: 3103K(3264K)->3103K(3264K)
[5915.356s][info][gc             ] GC(1912) Pause Young (Allocation Failure) 6629M->4345M(6752M) 97.680ms
[5915.356s][info][gc,cpu         ] GC(1912) User=0.54s Sys=0.03s Real=0.10s
.|.[5916.914s][info][gc,start       ] GC(1913) Pause Young (Allocation Failure)
[5917.015s][info][gc,heap        ] GC(1913) PSYoungGen: 2583328K(2612736K)->160441K(2616320K) Eden: 2435072K(2435072K)->0K(2440704K) From: 148256K(177664K)->160441K(175616K)
[5917.015s][info][gc,heap        ] GC(1913) ParOldGen: 4301517K(4301824K)->4402853K(4403200K)
[5917.015s][info][gc,metaspace   ] GC(1913) Metaspace: 29083K(29376K)->29083K(29376K) NonClass: 25980K(26112K)->25980K(26112K) Class: 3103K(3264K)->3103K(3264K)
[5917.015s][info][gc             ] GC(1913) Pause Young (Allocation Failure) 6723M->4456M(6855M) 101.629ms
[5917.015s][info][gc,cpu         ] GC(1913) User=0.56s Sys=0.03s Real=0.10s
..[5918.530s][info][gc,start       ] GC(1914) Pause Young (Allocation Failure)
[5918.637s][info][gc,heap        ] GC(1914) PSYoungGen: 2601145K(2616320K)->173552K(2614272K) Eden: 2440704K(2440704K)->0K(2440704K) From: 160441K(175616K)->173552K(173568K)
[5918.637s][info][gc,heap        ] GC(1914) ParOldGen: 4402853K(4403200K)->4501309K(4501504K)
[5918.637s][info][gc,metaspace   ] GC(1914) Metaspace: 29083K(29376K)->29083K(29376K) NonClass: 25980K(26112K)->25980K(26112K) Class: 3103K(3264K)->3103K(3264K)
[5918.637s][info][gc             ] GC(1914) Pause Young (Allocation Failure) 6839M->4565M(6949M) 106.648ms
[5918.637s][info][gc,cpu         ] GC(1914) User=0.60s Sys=0.02s Real=0.10s
.[5920.255s][info][gc,start       ] GC(1915) Pause Young (Allocation Failure)
[5920.358s][info][gc,heap        ] GC(1915) PSYoungGen: 2614256K(2614272K)->161008K(2616832K) Eden: 2440704K(2440704K)->0K(2436096K) From: 173552K(173568K)->161008K(180736K)
[5920.358s][info][gc,heap        ] GC(1915) ParOldGen: 4501309K(4501504K)->4608421K(4608512K)
[5920.358s][info][gc,metaspace   ] GC(1915) Metaspace: 29083K(29376K)->29083K(29376K) NonClass: 25980K(26112K)->25980K(26112K) Class: 3103K(3264K)->3103K(3264K)
[5920.358s][info][gc             ] GC(1915) Pause Young (Allocation Failure) 6948M->4657M(7056M) 103.337ms
[5920.358s][info][gc,cpu         ] GC(1915) User=0.59s Sys=0.02s Real=0.10s
..[5921.831s][info][gc,start       ] GC(1916) Pause Young (Allocation Failure)
[5921.927s][info][gc,heap        ] GC(1916) PSYoungGen: 2597104K(2616832K)->142496K(2615296K) Eden: 2436096K(2436096K)->0K(2436096K) From: 161008K(180736K)->142496K(179200K)
[5921.927s][info][gc,heap        ] GC(1916) ParOldGen: 4608421K(4608512K)->4715349K(4715520K)
[5921.927s][info][gc,metaspace   ] GC(1916) Metaspace: 29083K(29376K)->29083K(29376K) NonClass: 25980K(26112K)->25980K(26112K) Class: 3103K(3264K)->3103K(3264K)
[5921.927s][info][gc             ] GC(1916) Pause Young (Allocation Failure) 7036M->4743M(7159M) 96.107ms
[5921.927s][info][gc,cpu         ] GC(1916) User=0.53s Sys=0.04s Real=0.09s
..[5923.501s][info][gc,start       ] GC(1917) Pause Young (Allocation Failure)
[5923.603s][info][gc,heap        ] GC(1917) PSYoungGen: 2578592K(2615296K)->167680K(2613760K) Eden: 2436096K(2436096K)->0K(2433536K) From: 142496K(179200K)->167680K(180224K)
[5923.603s][info][gc,heap        ] GC(1917) ParOldGen: 4715349K(4715520K)->4814685K(4814848K)
[5923.603s][info][gc,metaspace   ] GC(1917) Metaspace: 29083K(29376K)->29083K(29376K) NonClass: 25980K(26112K)->25980K(26112K) Class: 3103K(3264K)->3103K(3264K)
[5923.603s][info][gc             ] GC(1917) Pause Young (Allocation Failure) 7122M->4865M(7254M) 102.447ms
[5923.603s][info][gc,cpu         ] GC(1917) User=0.56s Sys=0.04s Real=0.10s
.[5925.222s][info][gc,start       ] GC(1918) Pause Young (Allocation Failure)
[5925.324s][info][gc,heap        ] GC(1918) PSYoungGen: 2601216K(2613760K)->151968K(2614784K) Eden: 2433536K(2433536K)->0K(2433536K) From: 167680K(180224K)->151968K(181248K)
[5925.324s][info][gc,heap        ] GC(1918) ParOldGen: 4814685K(4814848K)->4925005K(4925440K)
[5925.324s][info][gc,metaspace   ] GC(1918) Metaspace: 29083K(29376K)->29083K(29376K) NonClass: 25980K(26112K)->25980K(26112K) Class: 3103K(3264K)->3103K(3264K)
[5925.324s][info][gc             ] GC(1918) Pause Young (Allocation Failure) 7242M->4957M(7363M) 102.141ms
[5925.324s][info][gc,cpu         ] GC(1918) User=0.57s Sys=0.03s Real=0.10s
..[5926.846s][info][gc,start       ] GC(1919) Pause Young (Allocation Failure)
[5926.943s][info][gc,heap        ] GC(1919) PSYoungGen: 2585504K(2614784K)->150040K(2613760K) Eden: 2433536K(2433536K)->0K(2434560K) From: 151968K(181248K)->150040K(179200K)
[5926.943s][info][gc,heap        ] GC(1919) ParOldGen: 4925005K(4925440K)->5026693K(5026816K)
[5926.943s][info][gc,metaspace   ] GC(1919) Metaspace: 29083K(29376K)->29083K(29376K) NonClass: 25980K(26112K)->25980K(26112K) Class: 3103K(3264K)->3103K(3264K)
[5926.943s][info][gc             ] GC(1919) Pause Young (Allocation Failure) 7334M->5055M(7461M) 97.619ms
[5926.943s][info][gc,cpu         ] GC(1919) User=0.55s Sys=0.03s Real=0.10s
..[5928.452s][info][gc,start       ] GC(1920) Pause Young (Allocation Failure)
[5928.553s][info][gc,heap        ] GC(1920) PSYoungGen: 2584600K(2613760K)->160548K(2614272K) Eden: 2434560K(2434560K)->0K(2434560K) From: 150040K(179200K)->160548K(179712K)
[5928.553s][info][gc,heap        ] GC(1920) ParOldGen: 5026693K(5026816K)->5128781K(5129216K)
[5928.553s][info][gc,metaspace   ] GC(1920) Metaspace: 29083K(29376K)->29083K(29376K) NonClass: 25980K(26112K)->25980K(26112K) Class: 3103K(3264K)->3103K(3264K)
[5928.553s][info][gc             ] GC(1920) Pause Young (Allocation Failure) 7432M->5165M(7562M) 101.456ms
[5928.554s][info][gc,cpu         ] GC(1920) User=0.56s Sys=0.04s Real=0.10s
.[5930.186s][info][gc,start       ] GC(1921) Pause Young (Allocation Failure)
[5930.287s][info][gc,heap        ] GC(1921) PSYoungGen: 2595108K(2614272K)->155876K(2612736K) Eden: 2434560K(2434560K)->0K(2437632K) From: 160548K(179712K)->155876K(175104K)
[5930.287s][info][gc,heap        ] GC(1921) ParOldGen: 5128781K(5129216K)->5232701K(5233152K)
[5930.287s][info][gc,metaspace   ] GC(1921) Metaspace: 29083K(29376K)->29083K(29376K) NonClass: 25980K(26112K)->25980K(26112K) Class: 3103K(3264K)->3103K(3264K)
[5930.287s][info][gc             ] GC(1921) Pause Young (Allocation Failure) 7542M->5262M(7662M) 101.187ms
[5930.287s][info][gc,cpu         ] GC(1921) User=0.56s Sys=0.03s Real=0.10s
..[5931.876s][info][gc,start       ] GC(1922) Pause Young (Allocation Failure)
[5931.975s][info][gc,heap        ] GC(1922) PSYoungGen: 2593508K(2612736K)->150148K(2614272K) Eden: 2437632K(2437632K)->0K(2437632K) From: 155876K(175104K)->150148K(176640K)
[5931.975s][info][gc,heap        ] GC(1922) ParOldGen: 5232701K(5233152K)->5336981K(5337088K)
[5931.975s][info][gc,metaspace   ] GC(1922) Metaspace: 29083K(29376K)->29083K(29376K) NonClass: 25980K(26112K)->25980K(26112K) Class: 3103K(3264K)->3103K(3264K)
[5931.975s][info][gc             ] GC(1922) Pause Young (Allocation Failure) 7642M->5358M(7765M) 99.042ms
[5931.975s][info][gc,cpu         ] GC(1922) User=0.55s Sys=0.04s Real=0.10s
..[5933.514s][info][gc,start       ] GC(1923) Pause Young (Allocation Failure)
[5933.614s][info][gc,heap        ] GC(1923) PSYoungGen: 2587780K(2614272K)->154816K(2615808K) Eden: 2437632K(2437632K)->0K(2443264K) From: 150148K(176640K)->154816K(172544K)
[5933.614s][info][gc,heap        ] GC(1923) ParOldGen: 5336981K(5337088K)->5439389K(5439488K)
[5933.614s][info][gc,metaspace   ] GC(1923) Metaspace: 29083K(29376K)->29083K(29376K) NonClass: 25980K(26112K)->25980K(26112K) Class: 3103K(3264K)->3103K(3264K)
[5933.614s][info][gc             ] GC(1923) Pause Young (Allocation Failure) 7739M->5463M(7866M) 100.008ms
[5933.615s][info][gc,cpu         ] GC(1923) User=0.56s Sys=0.02s Real=0.10s
.[5935.260s][info][gc,start       ] GC(1924) Pause Young (Allocation Failure)
[5935.369s][info][gc,heap        ] GC(1924) PSYoungGen: 2598080K(2615808K)->171445K(2617856K) Eden: 2443264K(2443264K)->0K(2443264K) From: 154816K(172544K)->171445K(174592K)
[5935.369s][info][gc,heap        ] GC(1924) ParOldGen: 5439389K(5439488K)->5542357K(5542400K)
[5935.369s][info][gc,metaspace   ] GC(1924) Metaspace: 29083K(29376K)->29083K(29376K) NonClass: 25980K(26112K)->25980K(26112K) Class: 3103K(3264K)->3103K(3264K)
[5935.369s][info][gc             ] GC(1924) Pause Young (Allocation Failure) 7849M->5579M(7969M) 109.002ms
[5935.369s][info][gc,cpu         ] GC(1924) User=0.61s Sys=0.02s Real=0.11s
..[5937.024s][info][gc,start       ] GC(1925) Pause Full (Allocation Failure)
[5937.024s][info][gc,phases,start] GC(1925) Marking Phase
[5937.341s][info][gc,phases      ] GC(1925) Marking Phase 316.628ms
[5937.341s][info][gc,phases,start] GC(1925) Summary Phase
[5937.341s][info][gc,phases      ] GC(1925) Summary Phase 0.096ms
[5937.341s][info][gc,phases,start] GC(1925) Forward
[5937.473s][info][gc,phases      ] GC(1925) Forward 132.066ms
[5937.473s][info][gc,phases,start] GC(1925) Adjust Pointers
[5937.682s][info][gc,phases      ] GC(1925) Adjust Pointers 209.104ms
[5937.682s][info][gc,phases,start] GC(1925) Compaction Phase
[5937.829s][info][gc,phases      ] GC(1925) Compaction Phase 147.435ms
[5937.830s][info][gc,phases,start] GC(1925) Post Compact
[5937.837s][info][gc,phases      ] GC(1925) Post Compact 7.051ms
[5937.959s][info][gc,heap        ] GC(1925) PSYoungGen: 2614709K(2617856K)->0K(2617856K) Eden: 2443264K(2443264K)->0K(2439680K) From: 171445K(174592K)->0K(178176K)
[5937.959s][info][gc,heap        ] GC(1925) ParOldGen: 5542357K(5542400K)->1621252K(2065408K)
[5937.959s][info][gc,metaspace   ] GC(1925) Metaspace: 29083K(29376K)->29083K(29376K) NonClass: 25980K(26112K)->25980K(26112K) Class: 3103K(3264K)->3103K(3264K)
[5937.959s][info][gc             ] GC(1925) Pause Full (Allocation Failure) 7965M->1583M(4573M) 935.426ms
[5937.959s][info][gc,cpu         ] GC(1925) User=4.38s Sys=0.12s Real=0.93s
..[5939.297s][info][gc,start       ] GC(1926) Pause Young (Allocation Failure)
[5939.372s][info][gc,heap        ] GC(1926) PSYoungGen: 2439680K(2617856K)->171557K(2611712K) Eden: 2439680K(2439680K)->0K(2439680K) From: 0K(178176K)->171557K(172032K)
[5939.372s][info][gc,heap        ] GC(1926) ParOldGen: 1621252K(2065408K)->1621252K(2065408K)
[5939.372s][info][gc,metaspace   ] GC(1926) Metaspace: 29083K(29376K)->29083K(29376K) NonClass: 25980K(26112K)->25980K(26112K) Class: 3103K(3264K)->3103K(3264K)
[5939.372s][info][gc             ] GC(1926) Pause Young (Allocation Failure) 3965M->1750M(4567M) 75.008ms
[5939.372s][info][gc,cpu         ] GC(1926) User=0.44s Sys=0.00s Real=0.08s
.[5940.615s][info][gc,start       ] GC(1927) Pause Young (Allocation Failure)
[5940.709s][info][gc,heap        ] GC(1927) PSYoungGen: 2611237K(2611712K)->161568K(2616320K) Eden: 2439680K(2439680K)->0K(2435072K) From: 171557K(172032K)->161568K(181248K)
[5940.709s][info][gc,heap        ] GC(1927) ParOldGen: 1621252K(2065408K)->1722540K(2065408K)
[5940.709s][info][gc,metaspace   ] GC(1927) Metaspace: 29083K(29376K)->29083K(29376K) NonClass: 25980K(26112K)->25980K(26112K) Class: 3103K(3264K)->3103K(3264K)
[5940.709s][info][gc             ] GC(1927) Pause Young (Allocation Failure) 4133M->1839M(4572M) 93.764ms
[5940.709s][info][gc,cpu         ] GC(1927) User=0.56s Sys=0.01s Real=0.09s
.[5942.112s][info][gc,start       ] GC(1928) Pause Young (Allocation Failure)
[5942.204s][info][gc,heap        ] GC(1928) PSYoungGen: 2596640K(2616320K)->149969K(2614784K) Eden: 2435072K(2435072K)->0K(2435072K) From: 161568K(181248K)->149969K(179712K)
[5942.204s][info][gc,heap        ] GC(1928) ParOldGen: 1722540K(2065408K)->1832916K(2065408K)
[5942.204s][info][gc,metaspace   ] GC(1928) Metaspace: 29083K(29376K)->29083K(29376K) NonClass: 25980K(26112K)->25980K(26112K) Class: 3103K(3264K)->3103K(3264K)
[5942.204s][info][gc             ] GC(1928) Pause Young (Allocation Failure) 4217M->1936M(4570M) 92.021ms
[5942.205s][info][gc,cpu         ] GC(1928) User=0.55s Sys=0.00s Real=0.09s
..[5943.741s][info][gc,start       ] GC(1929) Pause Young (Allocation Failure)
[5943.845s][info][gc,heap        ] GC(1929) PSYoungGen: 2585041K(2614784K)->178056K(2606080K) Eden: 2435072K(2435072K)->0K(2426368K) From: 149969K(179712K)->178056K(179712K)
[5943.845s][info][gc,heap        ] GC(1929) ParOldGen: 1832916K(2065408K)->1935868K(2065408K)
[5943.845s][info][gc,metaspace   ] GC(1929) Metaspace: 29083K(29376K)->29083K(29376K) NonClass: 25980K(26112K)->25980K(26112K) Class: 3103K(3264K)->3103K(3264K)
[5943.845s][info][gc             ] GC(1929) Pause Young (Allocation Failure) 4314M->2064M(4562M) 103.174ms
[5943.845s][info][gc,cpu         ] GC(1929) User=0.60s Sys=0.00s Real=0.10s
..[5945.376s][info][gc,start       ] GC(1930) Pause Young (Allocation Failure)
[5945.473s][info][gc,heap        ] GC(1930) PSYoungGen: 2604424K(2606080K)->161424K(2611200K) Eden: 2426368K(2426368K)->0K(2426368K) From: 178056K(179712K)->161424K(184832K)
[5945.473s][info][gc,heap        ] GC(1930) ParOldGen: 1935868K(2065408K)->2040884K(2065408K)
[5945.473s][info][gc,metaspace   ] GC(1930) Metaspace: 29083K(29376K)->29083K(29376K) NonClass: 25980K(26112K)->25980K(26112K) Class: 3103K(3264K)->3103K(3264K)
[5945.473s][info][gc             ] GC(1930) Pause Young (Allocation Failure) 4433M->2150M(4567M) 97.092ms
[5945.473s][info][gc,cpu         ] GC(1930) User=0.57s Sys=0.00s Real=0.10s
.[5947.045s][info][gc,start       ] GC(1931) Pause Young (Allocation Failure)
[5947.138s][info][gc,heap        ] GC(1931) PSYoungGen: 2587792K(2611200K)->148480K(2608128K) Eden: 2426368K(2426368K)->0K(2428416K) From: 161424K(184832K)->148480K(179712K)
[5947.138s][info][gc,heap        ] GC(1931) ParOldGen: 2040884K(2065408K)->2144708K(2144768K)
[5947.138s][info][gc,metaspace   ] GC(1931) Metaspace: 29083K(29376K)->29083K(29376K) NonClass: 25980K(26112K)->25980K(26112K) Class: 3103K(3264K)->3103K(3264K)
[5947.138s][info][gc             ] GC(1931) Pause Young (Allocation Failure) 4520M->2239M(4641M) 93.312ms
[5947.138s][info][gc,cpu         ] GC(1931) User=0.52s Sys=0.02s Real=0.09s
..[5948.676s][info][gc,start       ] GC(1932) Pause Young (Allocation Failure)
[5948.776s][info][gc,heap        ] GC(1932) PSYoungGen: 2576896K(2608128K)->158944K(2610688K) Eden: 2428416K(2428416K)->0K(2428416K) From: 148480K(179712K)->158944K(182272K)
[5948.776s][info][gc,heap        ] GC(1932) ParOldGen: 2144708K(2144768K)->2248068K(2248192K)
[5948.776s][info][gc,metaspace   ] GC(1932) Metaspace: 29083K(29376K)->29083K(29376K) NonClass: 25980K(26112K)->25980K(26112K) Class: 3103K(3264K)->3103K(3264K)
[5948.776s][info][gc             ] GC(1932) Pause Young (Allocation Failure) 4610M->2350M(4745M) 99.257ms
[5948.776s][info][gc,cpu         ] GC(1932) User=0.54s Sys=0.04s Real=0.10s
..[5950.338s][info][gc,start       ] GC(1933) Pause Young (Allocation Failure)
[5950.438s][info][gc,heap        ] GC(1933) PSYoungGen: 2587360K(2610688K)->162069K(2611200K) Eden: 2428416K(2428416K)->0K(2433536K) From: 158944K(182272K)->162069K(177664K)
[5950.438s][info][gc,heap        ] GC(1933) ParOldGen: 2248068K(2248192K)->2352396K(2352640K)
[5950.438s][info][gc,metaspace   ] GC(1933) Metaspace: 29083K(29376K)->29083K(29376K) NonClass: 25980K(26112K)->25980K(26112K) Class: 3103K(3264K)->3103K(3264K)
[5950.438s][info][gc             ] GC(1933) Pause Young (Allocation Failure) 4722M->2455M(4847M) 99.972ms
[5950.438s][info][gc,cpu         ] GC(1933) User=0.56s Sys=0.02s Real=0.10s
.[5952.073s][info][gc,start       ] GC(1934) Pause Young (Allocation Failure)
[5952.175s][info][gc,heap        ] GC(1934) PSYoungGen: 2595605K(2611200K)->166618K(2612736K) Eden: 2433536K(2433536K)->0K(2433536K) From: 162069K(177664K)->166618K(179200K)
[5952.175s][info][gc,heap        ] GC(1934) ParOldGen: 2352396K(2352640K)->2454116K(2454528K)
[5952.175s][info][gc,metaspace   ] GC(1934) Metaspace: 29083K(29376K)->29083K(29376K) NonClass: 25980K(26112K)->25980K(26112K) Class: 3103K(3264K)->3103K(3264K)
[5952.175s][info][gc             ] GC(1934) Pause Young (Allocation Failure) 4832M->2559M(4948M) 102.027ms
[5952.175s][info][gc,cpu         ] GC(1934) User=0.57s Sys=0.03s Real=0.10s
..[5953.649s][info][gc,start       ] GC(1935) Pause Young (Allocation Failure)
[5953.749s][info][gc,heap        ] GC(1935) PSYoungGen: 2600154K(2612736K)->163216K(2616320K) Eden: 2433536K(2433536K)->0K(2437120K) From: 166618K(179200K)->163216K(179200K)
[5953.749s][info][gc,heap        ] GC(1935) ParOldGen: 2454116K(2454528K)->2561180K(2561536K)
[5953.749s][info][gc,metaspace   ] GC(1935) Metaspace: 29083K(29376K)->29083K(29376K) NonClass: 25980K(26112K)->25980K(26112K) Class: 3103K(3264K)->3103K(3264K)
[5953.749s][info][gc             ] GC(1935) Pause Young (Allocation Failure) 4935M->2660M(5056M) 100.557ms
[5953.749s][info][gc,cpu         ] GC(1935) User=0.56s Sys=0.03s Real=0.10s
..[5955.363s][info][gc,start       ] GC(1936) Pause Young (Allocation Failure)
[5955.462s][info][gc,heap        ] GC(1936) PSYoungGen: 2600336K(2616320K)->157856K(2595328K) Eden: 2437120K(2437120K)->0K(2437120K) From: 163216K(179200K)->157856K(158208K)
[5955.462s][info][gc,heap        ] GC(1936) ParOldGen: 2561180K(2561536K)->2664116K(2664448K)
[5955.462s][info][gc,metaspace   ] GC(1936) Metaspace: 29083K(29376K)->29083K(29376K) NonClass: 25980K(26112K)->25980K(26112K) Class: 3103K(3264K)->3103K(3264K)
[5955.462s][info][gc             ] GC(1936) Pause Young (Allocation Failure) 5040M->2755M(5136M) 98.876ms
[5955.462s][info][gc,cpu         ] GC(1936) User=0.56s Sys=0.03s Real=0.10s
.[5957.036s][info][gc,start       ] GC(1937) Pause Young (Allocation Failure)
[5957.136s][info][gc,heap        ] GC(1937) PSYoungGen: 2594976K(2595328K)->160888K(2616832K) Eden: 2437120K(2437120K)->0K(2439168K) From: 157856K(158208K)->160888K(177664K)
[5957.136s][info][gc,heap        ] GC(1937) ParOldGen: 2664116K(2664448K)->2768508K(2768896K)
[5957.136s][info][gc,metaspace   ] GC(1937) Metaspace: 29083K(29376K)->29083K(29376K) NonClass: 25980K(26112K)->25980K(26112K) Class: 3103K(3264K)->3103K(3264K)
[5957.136s][info][gc             ] GC(1937) Pause Young (Allocation Failure) 5135M->2860M(5259M) 99.675ms
[5957.136s][info][gc,cpu         ] GC(1937) User=0.55s Sys=0.03s Real=0.10s
..[5958.691s][info][gc,start       ] GC(1938) Pause Young (Allocation Failure)
[5958.791s][info][gc,heap        ] GC(1938) PSYoungGen: 2600056K(2616832K)->157408K(2615296K) Eden: 2439168K(2439168K)->0K(2439168K) From: 160888K(177664K)->157408K(176128K)
[5958.791s][info][gc,heap        ] GC(1938) ParOldGen: 2768508K(2768896K)->2874740K(2874880K)
[5958.791s][info][gc,metaspace   ] GC(1938) Metaspace: 29083K(29376K)->29083K(29376K) NonClass: 25980K(26112K)->25980K(26112K) Class: 3103K(3264K)->3103K(3264K)
[5958.791s][info][gc             ] GC(1938) Pause Young (Allocation Failure) 5242M->2961M(5361M) 99.402ms
[5958.791s][info][gc,cpu         ] GC(1938) User=0.55s Sys=0.03s Real=0.10s
..[5960.439s][info][gc,start       ] GC(1939) Pause Young (Allocation Failure)
[5960.539s][info][gc,heap        ] GC(1939) PSYoungGen: 2596576K(2615296K)->165280K(2616832K) Eden: 2439168K(2439168K)->0K(2441728K) From: 157408K(176128K)->165280K(175104K)
[5960.539s][info][gc,heap        ] GC(1939) ParOldGen: 2874740K(2874880K)->2975996K(2976256K)
[5960.539s][info][gc,metaspace   ] GC(1939) Metaspace: 29083K(29376K)->29083K(29376K) NonClass: 25980K(26112K)->25980K(26112K) Class: 3103K(3264K)->3103K(3264K)
[5960.539s][info][gc             ] GC(1939) Pause Young (Allocation Failure) 5343M->3067M(5462M) 100.117ms
[5960.539s][info][gc,cpu         ] GC(1939) User=0.56s Sys=0.03s Real=0.10s
.[5962.085s][info][gc,start       ] GC(1940) Pause Young (Allocation Failure)
[5962.189s][info][gc,heap        ] GC(1940) PSYoungGen: 2607008K(2616832K)->166361K(2617344K) Eden: 2441728K(2441728K)->0K(2441728K) From: 165280K(175104K)->166361K(175616K)
[5962.189s][info][gc,heap        ] GC(1940) ParOldGen: 2975996K(2976256K)->3082276K(3082752K)
[5962.189s][info][gc,metaspace   ] GC(1940) Metaspace: 29083K(29376K)->29083K(29376K) NonClass: 25980K(26112K)->25980K(26112K) Class: 3103K(3264K)->3103K(3264K)
[5962.189s][info][gc             ] GC(1940) Pause Young (Allocation Failure) 5452M->3172M(5566M) 104.402ms
[5962.189s][info][gc,cpu         ] GC(1940) User=0.58s Sys=0.03s Real=0.10s
..[5963.664s][info][gc,start       ] GC(1941) Pause Young (Allocation Failure)
[5963.773s][info][gc,heap        ] GC(1941) PSYoungGen: 2608089K(2617344K)->174986K(2612736K) Eden: 2441728K(2441728K)->0K(2436608K) From: 166361K(175616K)->174986K(176128K)
[5963.773s][info][gc,heap        ] GC(1941) ParOldGen: 3082276K(3082752K)->3188596K(3188736K)
[5963.773s][info][gc,metaspace   ] GC(1941) Metaspace: 29083K(29376K)->29083K(29376K) NonClass: 25980K(26112K)->25980K(26112K) Class: 3103K(3264K)->3103K(3264K)
[5963.773s][info][gc             ] GC(1941) Pause Young (Allocation Failure) 5556M->3284M(5665M) 109.590ms
[5963.773s][info][gc,cpu         ] GC(1941) User=0.61s Sys=0.04s Real=0.11s
.[5965.350s][info][gc,start       ] GC(1942) Pause Young (Allocation Failure)
[5965.452s][info][gc,heap        ] GC(1942) PSYoungGen: 2611594K(2612736K)->168212K(2605056K) Eden: 2436608K(2436608K)->0K(2436608K) From: 174986K(176128K)->168212K(168448K)
[5965.452s][info][gc,heap        ] GC(1942) ParOldGen: 3188596K(3188736K)->3287748K(3288064K)
[5965.452s][info][gc,metaspace   ] GC(1942) Metaspace: 29083K(29376K)->29083K(29376K) NonClass: 25980K(26112K)->25980K(26112K) Class: 3103K(3264K)->3103K(3264K)
[5965.452s][info][gc             ] GC(1942) Pause Young (Allocation Failure) 5664M->3374M(5755M) 102.213ms
[5965.452s][info][gc,cpu         ] GC(1942) User=0.57s Sys=0.03s Real=0.11s
..[5966.979s][info][gc,start       ] GC(1943) Pause Young (Allocation Failure)
[5967.078s][info][gc,heap        ] GC(1943) PSYoungGen: 2604820K(2605056K)->151008K(2614784K) Eden: 2436608K(2436608K)->0K(2434560K) From: 168212K(168448K)->151008K(180224K)
[5967.078s][info][gc,heap        ] GC(1943) ParOldGen: 3287748K(3288064K)->3396476K(3396608K)
[5967.078s][info][gc,metaspace   ] GC(1943) Metaspace: 29083K(29376K)->29083K(29376K) NonClass: 25980K(26112K)->25980K(26112K) Class: 3103K(3264K)->3103K(3264K)
[5967.078s][info][gc             ] GC(1943) Pause Young (Allocation Failure) 5754M->3464M(5870M) 99.299ms
[5967.078s][info][gc,cpu         ] GC(1943) User=0.55s Sys=0.03s Real=0.10s
..[5968.641s][info][gc,start       ] GC(1944) Pause Young (Allocation Failure)
[5968.740s][info][gc,heap        ] GC(1944) PSYoungGen: 2585568K(2614784K)->159264K(2594304K) Eden: 2434560K(2434560K)->0K(2434560K) From: 151008K(180224K)->159264K(159744K)
[5968.740s][info][gc,heap        ] GC(1944) ParOldGen: 3396476K(3396608K)->3500236K(3500544K)
[5968.740s][info][gc,metaspace   ] GC(1944) Metaspace: 29083K(29376K)->29083K(29376K) NonClass: 25980K(26112K)->25980K(26112K) Class: 3103K(3264K)->3103K(3264K)
[5968.740s][info][gc             ] GC(1944) Pause Young (Allocation Failure) 5841M->3573M(5952M) 98.718ms
[5968.740s][info][gc,cpu         ] GC(1944) User=0.54s Sys=0.04s Real=0.10s
.[5970.359s][info][gc,start       ] GC(1945) Pause Young (Allocation Failure)
[5970.456s][info][gc,heap        ] GC(1945) PSYoungGen: 2593824K(2594304K)->153056K(2614272K) Eden: 2434560K(2434560K)->0K(2435072K) From: 159264K(159744K)->153056K(179200K)
[5970.456s][info][gc,heap        ] GC(1945) ParOldGen: 3500236K(3500544K)->3603740K(3603968K)
[5970.456s][info][gc,metaspace   ] GC(1945) Metaspace: 29083K(29376K)->29083K(29376K) NonClass: 25980K(26112K)->25980K(26112K) Class: 3103K(3264K)->3103K(3264K)
[5970.456s][info][gc             ] GC(1945) Pause Young (Allocation Failure) 5951M->3668M(6072M) 97.116ms
[5970.456s][info][gc,cpu         ] GC(1945) User=0.55s Sys=0.03s Real=0.10s
..[5971.944s][info][gc,start       ] GC(1946) Pause Young (Allocation Failure)
[5972.043s][info][gc,heap        ] GC(1946) PSYoungGen: 2588128K(2614272K)->155360K(2614272K) Eden: 2435072K(2435072K)->0K(2435072K) From: 153056K(179200K)->155360K(179200K)
[5972.043s][info][gc,heap        ] GC(1946) ParOldGen: 3603740K(3603968K)->3707716K(3707904K)
[5972.043s][info][gc,metaspace   ] GC(1946) Metaspace: 29083K(29376K)->29083K(29376K) NonClass: 25980K(26112K)->25980K(26112K) Class: 3103K(3264K)->3103K(3264K)
[5972.043s][info][gc             ] GC(1946) Pause Young (Allocation Failure) 6046M->3772M(6174M) 99.641ms
[5972.043s][info][gc,cpu         ] GC(1946) User=0.56s Sys=0.03s Real=0.10s
..[5973.609s][info][gc,start       ] GC(1947) Pause Young (Allocation Failure)
[5973.711s][info][gc,heap        ] GC(1947) PSYoungGen: 2590432K(2614272K)->165093K(2615808K) Eden: 2435072K(2435072K)->0K(2437632K) From: 155360K(179200K)->165093K(178176K)
[5973.711s][info][gc,heap        ] GC(1947) ParOldGen: 3707716K(3707904K)->3809876K(3810304K)
[5973.711s][info][gc,metaspace   ] GC(1947) Metaspace: 29083K(29376K)->29083K(29376K) NonClass: 25980K(26112K)->25980K(26112K) Class: 3103K(3264K)->3103K(3264K)
[5973.711s][info][gc             ] GC(1947) Pause Young (Allocation Failure) 6150M->3881M(6275M) 102.726ms
[5973.711s][info][gc,cpu         ] GC(1947) User=0.58s Sys=0.03s Real=0.11s
.[5975.409s][info][gc,start       ] GC(1948) Pause Young (Allocation Failure)
[5975.514s][info][gc,heap        ] GC(1948) PSYoungGen: 2602725K(2615808K)->169737K(2615808K) Eden: 2437632K(2437632K)->0K(2437632K) From: 165093K(178176K)->169737K(178176K)
[5975.514s][info][gc,heap        ] GC(1948) ParOldGen: 3809876K(3810304K)->3914012K(3914240K)
[5975.514s][info][gc,metaspace   ] GC(1948) Metaspace: 29083K(29376K)->29083K(29376K) NonClass: 25980K(26112K)->25980K(26112K) Class: 3103K(3264K)->3103K(3264K)
[5975.514s][info][gc             ] GC(1948) Pause Young (Allocation Failure) 6262M->3988M(6377M) 104.965ms
[5975.514s][info][gc,cpu         ] GC(1948) User=0.57s Sys=0.04s Real=0.11s
. (rIR:aIR:PR = 10239:10181:10179) (tPR = 151632) [OK] 
  5975s: Performance info:
         Transaction,    Success,    Partial,     Failed,   Receipts, AvgBarcode, 
             Overall,     613320,          0,          0,     582209,      59.47, 
         Response times:
             Request,    Success,    Partial,     Failed,   SkipFail,     Probes,    Samples,      min,      p50,      p90,      p95,      p99,      max, 
       TotalPurchase,     582323,          0,          0,          0,     342479,     454295,      200,     9100,    83000,   128000,   417000,   970000,
     InStorePurchase,     305925,          0,          0,          0,     180667,     239313,      300,     9100,    84000,   123000,   428000,   970000,
      OnlinePurchase,     214537,          0,          0,          0,     125935,     167049,      200,     9000,    84000,   144000,   417000,   960000,
        InstPurchase,      61861,          0,          0,          0,      35877,      47933,      400,     9400,    78000,   120000,   410660,   960000,
          AssocOfCat,        618,          0,          0,          0,        497,        753,    24000,    53000,   137600,   180600,   472000,   980000,
      AssocOfProduct,       6316,          0,          0,          0,       3287,       4617,      700,    11100,    87000,   142000,   425000,   960000,
      BusinessReport,       1538,          0,          0,          0,       1340,       1923,    30000,    59000,   133000,   175000,   408760,  1100000,
          CustBuyBeh,       6199,          0,          0,          0,       3322,       4730,      300,    10950,    86000,   140000,   409690,   700000,
       ProductReturn,      16424,          0,          0,          0,       9465,      12675,      200,     6600,    76000,   138000,   481000,   960000,

  5975s: (75%)   IR =  10378 .[5977.128s][info][gc,start       ] GC(1949) Pause Young (Allocation Failure)
[5977.228s][info][gc,heap        ] GC(1949) PSYoungGen: 2607369K(2615808K)->159204K(2616320K) Eden: 2437632K(2437632K)->0K(2438144K) From: 169737K(178176K)->159204K(178176K)
[5977.228s][info][gc,heap        ] GC(1949) ParOldGen: 3914012K(3914240K)->4017708K(4018176K)
[5977.228s][info][gc,metaspace   ] GC(1949) Metaspace: 29083K(29376K)->29083K(29376K) NonClass: 25980K(26112K)->25980K(26112K) Class: 3103K(3264K)->3103K(3264K)
[5977.228s][info][gc             ] GC(1949) Pause Young (Allocation Failure) 6368M->4079M(6479M) 100.714ms
[5977.228s][info][gc,cpu         ] GC(1949) User=0.56s Sys=0.03s Real=0.10s
..[5978.723s][info][gc,start       ] GC(1950) Pause Young (Allocation Failure)
[5978.824s][info][gc,heap        ] GC(1950) PSYoungGen: 2597348K(2616320K)->164544K(2616320K) Eden: 2438144K(2438144K)->0K(2438144K) From: 159204K(178176K)->164544K(178176K)
[5978.824s][info][gc,heap        ] GC(1950) ParOldGen: 4017708K(4018176K)->4120068K(4120576K)
[5978.824s][info][gc,metaspace   ] GC(1950) Metaspace: 29083K(29376K)->29083K(29376K) NonClass: 25980K(26112K)->25980K(26112K) Class: 3103K(3264K)->3103K(3264K)
[5978.824s][info][gc             ] GC(1950) Pause Young (Allocation Failure) 6460M->4184M(6579M) 100.803ms
[5978.824s][info][gc,cpu         ] GC(1950) User=0.56s Sys=0.04s Real=0.10s
.[5980.278s][info][gc,start       ] GC(1951) Pause Young (Allocation Failure)
[5980.380s][info][gc,heap        ] GC(1951) PSYoungGen: 2602688K(2616320K)->159648K(2616320K) Eden: 2438144K(2438144K)->0K(2440192K) From: 164544K(178176K)->159648K(176128K)
[5980.380s][info][gc,heap        ] GC(1951) ParOldGen: 4120068K(4120576K)->4228372K(4228608K)
[5980.380s][info][gc,metaspace   ] GC(1951) Metaspace: 29083K(29376K)->29083K(29376K) NonClass: 25980K(26112K)->25980K(26112K) Class: 3103K(3264K)->3103K(3264K)
[5980.380s][info][gc             ] GC(1951) Pause Young (Allocation Failure) 6565M->4285M(6684M) 102.157ms
[5980.380s][info][gc,cpu         ] GC(1951) User=0.57s Sys=0.03s Real=0.11s
..[5981.934s][info][gc,start       ] GC(1952) Pause Young (Allocation Failure)
[5982.031s][info][gc,heap        ] GC(1952) PSYoungGen: 2599840K(2616320K)->147072K(2616832K) Eden: 2440192K(2440192K)->0K(2440192K) From: 159648K(176128K)->147072K(176640K)
[5982.031s][info][gc,heap        ] GC(1952) ParOldGen: 4228372K(4228608K)->4333276K(4333568K)
[5982.031s][info][gc,metaspace   ] GC(1952) Metaspace: 29083K(29376K)->29083K(29376K) NonClass: 25980K(26112K)->25980K(26112K) Class: 3103K(3264K)->3103K(3264K)
[5982.031s][info][gc             ] GC(1952) Pause Young (Allocation Failure) 6668M->4375M(6787M) 96.779ms
[5982.031s][info][gc,cpu         ] GC(1952) User=0.53s Sys=0.03s Real=0.10s
.[5983.607s][info][gc,start       ] GC(1953) Pause Young (Allocation Failure)
[5983.707s][info][gc,heap        ] GC(1953) PSYoungGen: 2587264K(2616832K)->156768K(2618368K) Eden: 2440192K(2440192K)->0K(2441728K) From: 147072K(176640K)->156768K(176640K)
[5983.707s][info][gc,heap        ] GC(1953) ParOldGen: 4333276K(4333568K)->4437044K(4437504K)
[5983.707s][info][gc,metaspace   ] GC(1953) Metaspace: 29083K(29376K)->29083K(29376K) NonClass: 25980K(26112K)->25980K(26112K) Class: 3103K(3264K)->3103K(3264K)
[5983.707s][info][gc             ] GC(1953) Pause Young (Allocation Failure) 6758M->4486M(6890M) 99.590ms
[5983.707s][info][gc,cpu         ] GC(1953) User=0.55s Sys=0.03s Real=0.10s
..[5985.239s][info][gc,start       ] GC(1954) Pause Young (Allocation Failure)
[5985.338s][info][gc,heap        ] GC(1954) PSYoungGen: 2598496K(2618368K)->152224K(2618368K) Eden: 2441728K(2441728K)->0K(2441728K) From: 156768K(176640K)->152224K(176640K)
[5985.338s][info][gc,heap        ] GC(1954) ParOldGen: 4437044K(4437504K)->4541900K(4541952K)
[5985.338s][info][gc,metaspace   ] GC(1954) Metaspace: 29083K(29376K)->29083K(29376K) NonClass: 25980K(26112K)->25980K(26112K) Class: 3103K(3264K)->3103K(3264K)
[5985.338s][info][gc             ] GC(1954) Pause Young (Allocation Failure) 6870M->4584M(6992M) 98.981ms
[5985.338s][info][gc,cpu         ] GC(1954) User=0.54s Sys=0.04s Real=0.10s
..[5986.855s][info][gc,start       ] GC(1955) Pause Young (Allocation Failure)
[5986.951s][info][gc,heap        ] GC(1955) PSYoungGen: 2593952K(2618368K)->147680K(2618880K) Eden: 2441728K(2441728K)->0K(2442752K) From: 152224K(176640K)->147680K(176128K)
[5986.951s][info][gc,heap        ] GC(1955) ParOldGen: 4541900K(4541952K)->4646356K(4646400K)
[5986.951s][info][gc,metaspace   ] GC(1955) Metaspace: 29083K(29376K)->29083K(29376K) NonClass: 25980K(26112K)->25980K(26112K) Class: 3103K(3264K)->3103K(3264K)
[5986.951s][info][gc             ] GC(1955) Pause Young (Allocation Failure) 6968M->4681M(7095M) 96.517ms
[5986.951s][info][gc,cpu         ] GC(1955) User=0.53s Sys=0.04s Real=0.10s
.[5988.569s][info][gc,start       ] GC(1956) Pause Young (Allocation Failure)
[5988.672s][info][gc,heap        ] GC(1956) PSYoungGen: 2590432K(2618880K)->163252K(2618880K) Eden: 2442752K(2442752K)->0K(2442752K) From: 147680K(176128K)->163252K(176128K)
[5988.672s][info][gc,heap        ] GC(1956) ParOldGen: 4646356K(4646400K)->4750876K(4751360K)
[5988.672s][info][gc,metaspace   ] GC(1956) Metaspace: 29083K(29376K)->29083K(29376K) NonClass: 25980K(26112K)->25980K(26112K) Class: 3103K(3264K)->3103K(3264K)
[5988.672s][info][gc             ] GC(1956) Pause Young (Allocation Failure) 7067M->4798M(7197M) 103.219ms
[5988.672s][info][gc,cpu         ] GC(1956) User=0.58s Sys=0.02s Real=0.11s
..[5990.124s][info][gc,start       ] GC(1957) Pause Young (Allocation Failure)
[5990.226s][info][gc,heap        ] GC(1957) PSYoungGen: 2606004K(2618880K)->155589K(2617344K) Eden: 2442752K(2442752K)->0K(2443264K) From: 163252K(176128K)->155589K(174080K)
[5990.226s][info][gc,heap        ] GC(1957) ParOldGen: 4750876K(4751360K)->4855716K(4855808K)
[5990.226s][info][gc,metaspace   ] GC(1957) Metaspace: 29083K(29376K)->29083K(29376K) NonClass: 25980K(26112K)->25980K(26112K) Class: 3103K(3264K)->3103K(3264K)
[5990.226s][info][gc             ] GC(1957) Pause Young (Allocation Failure) 7184M->4893M(7298M) 101.447ms
[5990.226s][info][gc,cpu         ] GC(1957) User=0.56s Sys=0.04s Real=0.10s
..[5991.836s][info][gc,start       ] GC(1958) Pause Young (Allocation Failure)
[5991.932s][info][gc,heap        ] GC(1958) PSYoungGen: 2598853K(2617344K)->147936K(2618368K) Eden: 2443264K(2443264K)->0K(2443264K) From: 155589K(174080K)->147936K(175104K)
[5991.932s][info][gc,heap        ] GC(1958) ParOldGen: 4855716K(4855808K)->4958004K(4958208K)
[5991.932s][info][gc,metaspace   ] GC(1958) Metaspace: 29083K(29376K)->29083K(29376K) NonClass: 25980K(26112K)->25980K(26112K) Class: 3103K(3264K)->3103K(3264K)
[5991.932s][info][gc             ] GC(1958) Pause Young (Allocation Failure) 7279M->4986M(7399M) 96.526ms
[5991.932s][info][gc,cpu         ] GC(1958) User=0.53s Sys=0.04s Real=0.10s
.|[5993.423s][info][gc,start       ] GC(1959) Pause Young (Allocation Failure)
[5993.526s][info][gc,heap        ] GC(1959) PSYoungGen: 2591200K(2618368K)->161652K(2620928K) Eden: 2443264K(2443264K)->0K(2445824K) From: 147936K(175104K)->161652K(175104K)
[5993.526s][info][gc,heap        ] GC(1959) ParOldGen: 4958004K(4958208K)->5062732K(5063168K)
[5993.526s][info][gc,metaspace   ] GC(1959) Metaspace: 29083K(29376K)->29083K(29376K) NonClass: 25980K(26112K)->25980K(26112K) Class: 3103K(3264K)->3103K(3264K)
[5993.526s][info][gc             ] GC(1959) Pause Young (Allocation Failure) 7372M->5101M(7504M) 102.656ms
[5993.526s][info][gc,cpu         ] GC(1959) User=0.57s Sys=0.04s Real=0.10s
..[5995.072s][info][gc,start       ] GC(1960) Pause Young (Allocation Failure)
[5995.171s][info][gc,heap        ] GC(1960) PSYoungGen: 2607476K(2620928K)->149184K(2595328K) Eden: 2445824K(2445824K)->0K(2445824K) From: 161652K(175104K)->149184K(149504K)
[5995.171s][info][gc,heap        ] GC(1960) ParOldGen: 5062732K(5063168K)->5168124K(5168128K)
[5995.171s][info][gc,metaspace   ] GC(1960) Metaspace: 29083K(29376K)->29083K(29376K) NonClass: 25980K(26112K)->25980K(26112K) Class: 3103K(3264K)->3103K(3264K)
[5995.171s][info][gc             ] GC(1960) Pause Young (Allocation Failure) 7490M->5192M(7581M) 98.883ms
[5995.171s][info][gc,cpu         ] GC(1960) User=0.54s Sys=0.04s Real=0.10s
.[5996.760s][info][gc,start       ] GC(1961) Pause Young (Allocation Failure)
[5996.863s][info][gc,heap        ] GC(1961) PSYoungGen: 2595008K(2595328K)->159808K(2620928K) Eden: 2445824K(2445824K)->0K(2446336K) From: 149184K(149504K)->159808K(174592K)
[5996.863s][info][gc,heap        ] GC(1961) ParOldGen: 5168124K(5168128K)->5271756K(5272064K)
[5996.863s][info][gc,metaspace   ] GC(1961) Metaspace: 29083K(29376K)->29083K(29376K) NonClass: 25980K(26112K)->25980K(26112K) Class: 3103K(3264K)->3103K(3264K)
[5996.863s][info][gc             ] GC(1961) Pause Young (Allocation Failure) 7581M->5304M(7708M) 102.942ms
[5996.863s][info][gc,cpu         ] GC(1961) User=0.57s Sys=0.03s Real=0.10s
..[5998.436s][info][gc,start       ] GC(1962) Pause Young (Allocation Failure)
[5998.539s][info][gc,heap        ] GC(1962) PSYoungGen: 2606144K(2620928K)->157568K(2604032K) Eden: 2446336K(2446336K)->0K(2446336K) From: 159808K(174592K)->157568K(157696K)
[5998.539s][info][gc,heap        ] GC(1962) ParOldGen: 5271756K(5272064K)->5376996K(5377024K)
[5998.539s][info][gc,metaspace   ] GC(1962) Metaspace: 29083K(29376K)->29083K(29376K) NonClass: 25980K(26112K)->25980K(26112K) Class: 3103K(3264K)->3103K(3264K)
[5998.539s][info][gc             ] GC(1962) Pause Young (Allocation Failure) 7693M->5404M(7794M) 102.648ms
[5998.539s][info][gc,cpu         ] GC(1962) User=0.57s Sys=0.03s Real=0.10s
..[6000.211s][info][gc,start       ] GC(1963) Pause Young (Allocation Failure)
[6000.311s][info][gc,heap        ] GC(1963) PSYoungGen: 2603904K(2604032K)->154368K(2620928K) Eden: 2446336K(2446336K)->0K(2448384K) From: 157568K(157696K)->154368K(172544K)
[6000.311s][info][gc,heap        ] GC(1963) ParOldGen: 5376996K(5377024K)->5479092K(5479424K)
[6000.311s][info][gc,metaspace   ] GC(1963) Metaspace: 29083K(29376K)->29083K(29376K) NonClass: 25980K(26112K)->25980K(26112K) Class: 3103K(3264K)->3103K(3264K)
[6000.311s][info][gc             ] GC(1963) Pause Young (Allocation Failure) 7793M->5501M(7910M) 99.614ms
[6000.311s][info][gc,cpu         ] GC(1963) User=0.56s Sys=0.03s Real=0.10s
.[6001.827s][info][gc,start       ] GC(1964) Pause Young (Allocation Failure)
[6001.925s][info][gc,heap        ] GC(1964) PSYoungGen: 2602752K(2620928K)->145216K(2619904K) Eden: 2448384K(2448384K)->0K(2448384K) From: 154368K(172544K)->145216K(171520K)
[6001.925s][info][gc,heap        ] GC(1964) ParOldGen: 5479092K(5479424K)->5585996K(5586432K)
[6001.925s][info][gc,metaspace   ] GC(1964) Metaspace: 29083K(29376K)->29083K(29376K) NonClass: 25980K(26112K)->25980K(26112K) Class: 3103K(3264K)->3103K(3264K)
[6001.925s][info][gc             ] GC(1964) Pause Young (Allocation Failure) 7892M->5596M(8014M) 97.524ms
[6001.925s][info][gc,cpu         ] GC(1964) User=0.55s Sys=0.03s Real=0.10s
..[6003.445s][info][gc,start       ] GC(1965) Pause Full (Allocation Failure)
[6003.445s][info][gc,phases,start] GC(1965) Marking Phase
[6003.757s][info][gc,phases      ] GC(1965) Marking Phase 312.561ms
[6003.757s][info][gc,phases,start] GC(1965) Summary Phase
[6003.757s][info][gc,phases      ] GC(1965) Summary Phase 0.105ms
[6003.757s][info][gc,phases,start] GC(1965) Forward
[6003.917s][info][gc,phases      ] GC(1965) Forward 159.581ms
[6003.917s][info][gc,phases,start] GC(1965) Adjust Pointers
[6004.129s][info][gc,phases      ] GC(1965) Adjust Pointers 211.765ms
[6004.129s][info][gc,phases,start] GC(1965) Compaction Phase
[6004.279s][info][gc,phases      ] GC(1965) Compaction Phase 149.963ms
[6004.280s][info][gc,phases,start] GC(1965) Post Compact
[6004.287s][info][gc,phases      ] GC(1965) Post Compact 6.995ms
[6004.408s][info][gc,heap        ] GC(1965) PSYoungGen: 2593600K(2619904K)->0K(2624000K) Eden: 2448384K(2448384K)->0K(2451968K) From: 145216K(171520K)->0K(172032K)
[6004.408s][info][gc,heap        ] GC(1965) ParOldGen: 5585996K(5586432K)->1626389K(2080256K)
[6004.408s][info][gc,metaspace   ] GC(1965) Metaspace: 29083K(29376K)->29083K(29376K) NonClass: 25980K(26112K)->25980K(26112K) Class: 3103K(3264K)->3103K(3264K)
[6004.408s][info][gc             ] GC(1965) Pause Full (Allocation Failure) 7987M->1588M(4594M) 963.843ms
[6004.408s][info][gc,cpu         ] GC(1965) User=4.39s Sys=0.12s Real=0.96s
..[6005.665s][info][gc,start       ] GC(1966) Pause Young (Allocation Failure)
[6005.736s][info][gc,heap        ] GC(1966) PSYoungGen: 2451968K(2624000K)->172000K(2624000K) Eden: 2451968K(2451968K)->0K(2451968K) From: 0K(172032K)->172000K(172032K)
[6005.736s][info][gc,heap        ] GC(1966) ParOldGen: 1626389K(2080256K)->1626757K(2080256K)
[6005.736s][info][gc,metaspace   ] GC(1966) Metaspace: 29083K(29376K)->29083K(29376K) NonClass: 25980K(26112K)->25980K(26112K) Class: 3103K(3264K)->3103K(3264K)
[6005.736s][info][gc             ] GC(1966) Pause Young (Allocation Failure) 3982M->1756M(4594M) 70.734ms
[6005.736s][info][gc,cpu         ] GC(1966) User=0.42s Sys=0.00s Real=0.07s
.[6007.116s][info][gc,start       ] GC(1967) Pause Young (Allocation Failure)
[6007.212s][info][gc,heap        ] GC(1967) PSYoungGen: 2623968K(2624000K)->163040K(2614784K) Eden: 2451968K(2451968K)->0K(2442752K) From: 172000K(172032K)->163040K(172032K)
[6007.212s][info][gc,heap        ] GC(1967) ParOldGen: 1626757K(2080256K)->1734253K(2080256K)
[6007.212s][info][gc,metaspace   ] GC(1967) Metaspace: 29083K(29376K)->29083K(29376K) NonClass: 25980K(26112K)->25980K(26112K) Class: 3103K(3264K)->3103K(3264K)
[6007.212s][info][gc             ] GC(1967) Pause Young (Allocation Failure) 4151M->1852M(4585M) 96.410ms
[6007.212s][info][gc,cpu         ] GC(1967) User=0.57s Sys=0.00s Real=0.10s
.[6008.498s][info][gc,start       ] GC(1968) Pause Young (Allocation Failure)
[6008.596s][info][gc,heap        ] GC(1968) PSYoungGen: 2605792K(2614784K)->167588K(2610688K) Eden: 2442752K(2442752K)->0K(2442752K) From: 163040K(172032K)->167588K(167936K)
[6008.596s][info][gc,heap        ] GC(1968) ParOldGen: 1734253K(2080256K)->1836469K(2080256K)
[6008.596s][info][gc,metaspace   ] GC(1968) Metaspace: 29083K(29376K)->29083K(29376K) NonClass: 25980K(26112K)->25980K(26112K) Class: 3103K(3264K)->3103K(3264K)
[6008.596s][info][gc             ] GC(1968) Pause Young (Allocation Failure) 4238M->1957M(4581M) 97.477ms
[6008.596s][info][gc,cpu         ] GC(1968) User=0.58s Sys=0.00s Real=0.10s
..[6010.089s][info][gc,start       ] GC(1969) Pause Young (Allocation Failure)
[6010.183s][info][gc,heap        ] GC(1969) PSYoungGen: 2610340K(2610688K)->152448K(2618368K) Eden: 2442752K(2442752K)->0K(2439680K) From: 167588K(167936K)->152448K(178688K)
[6010.183s][info][gc,heap        ] GC(1969) ParOldGen: 1836469K(2080256K)->1943597K(2080256K)
[6010.183s][info][gc,metaspace   ] GC(1969) Metaspace: 29083K(29376K)->29083K(29376K) NonClass: 25980K(26112K)->25980K(26112K) Class: 3103K(3264K)->3103K(3264K)
[6010.183s][info][gc             ] GC(1969) Pause Young (Allocation Failure) 4342M->2046M(4588M) 94.104ms
[6010.183s][info][gc,cpu         ] GC(1969) User=0.55s Sys=0.00s Real=0.10s
..[6011.707s][info][gc,start       ] GC(1970) Pause Young (Allocation Failure)
[6011.804s][info][gc,heap        ] GC(1970) PSYoungGen: 2592128K(2618368K)->161600K(2601472K) Eden: 2439680K(2439680K)->0K(2439680K) From: 152448K(178688K)->161600K(161792K)
[6011.804s][info][gc,heap        ] GC(1970) ParOldGen: 1943597K(2080256K)->2046965K(2080256K)
[6011.804s][info][gc,metaspace   ] GC(1970) Metaspace: 29083K(29376K)->29083K(29376K) NonClass: 25980K(26112K)->25980K(26112K) Class: 3103K(3264K)->3103K(3264K)
[6011.804s][info][gc             ] GC(1970) Pause Young (Allocation Failure) 4429M->2156M(4572M) 96.512ms
[6011.804s][info][gc,cpu         ] GC(1970) User=0.57s Sys=0.01s Real=0.10s
.[6013.299s][info][gc,start       ] GC(1971) Pause Young (Allocation Failure)
[6013.404s][info][gc,heap        ] GC(1971) PSYoungGen: 2601280K(2601472K)->168897K(2614784K) Eden: 2439680K(2439680K)->0K(2437632K) From: 161600K(161792K)->168897K(177152K)
[6013.404s][info][gc,heap        ] GC(1971) ParOldGen: 2046965K(2080256K)->2153213K(2153472K)
[6013.404s][info][gc,metaspace   ] GC(1971) Metaspace: 29083K(29376K)->29083K(29376K) NonClass: 25980K(26112K)->25980K(26112K) Class: 3103K(3264K)->3103K(3264K)
[6013.404s][info][gc             ] GC(1971) Pause Young (Allocation Failure) 4539M->2267M(4656M) 104.762ms
[6013.404s][info][gc,cpu         ] GC(1971) User=0.60s Sys=0.03s Real=0.11s
..[6014.896s][info][gc,start       ] GC(1972) Pause Young (Allocation Failure)
[6014.994s][info][gc,heap        ] GC(1972) PSYoungGen: 2606529K(2614784K)->159552K(2616832K) Eden: 2437632K(2437632K)->0K(2437632K) From: 168897K(177152K)->159552K(179200K)
[6014.994s][info][gc,heap        ] GC(1972) ParOldGen: 2153213K(2153472K)->2251837K(2252288K)
[6014.994s][info][gc,metaspace   ] GC(1972) Metaspace: 29083K(29376K)->29083K(29376K) NonClass: 25980K(26112K)->25980K(26112K) Class: 3103K(3264K)->3103K(3264K)
[6014.994s][info][gc             ] GC(1972) Pause Young (Allocation Failure) 4648M->2354M(4755M) 98.374ms
[6014.994s][info][gc,cpu         ] GC(1972) User=0.54s Sys=0.03s Real=0.10s
.[6016.511s][info][gc,start       ] GC(1973) Pause Young (Allocation Failure)
[6016.616s][info][gc,heap        ] GC(1973) PSYoungGen: 2597184K(2616832K)->165349K(2616320K) Eden: 2437632K(2437632K)->0K(2439168K) From: 159552K(179200K)->165349K(177152K)
[6016.616s][info][gc,heap        ] GC(1973) ParOldGen: 2251837K(2252288K)->2360205K(2360320K)
[6016.616s][info][gc,metaspace   ] GC(1973) Metaspace: 29083K(29376K)->29083K(29376K) NonClass: 25980K(26112K)->25980K(26112K) Class: 3103K(3264K)->3103K(3264K)
[6016.616s][info][gc             ] GC(1973) Pause Young (Allocation Failure) 4735M->2466M(4860M) 105.057ms
[6016.616s][info][gc,cpu         ] GC(1973) User=0.58s Sys=0.04s Real=0.10s
..[6018.173s][info][gc,start       ] GC(1974) Pause Young (Allocation Failure)
[6018.270s][info][gc,heap        ] GC(1974) PSYoungGen: 2604517K(2616320K)->151744K(2616832K) Eden: 2439168K(2439168K)->0K(2439168K) From: 165349K(177152K)->151744K(177664K)
[6018.270s][info][gc,heap        ] GC(1974) ParOldGen: 2360205K(2360320K)->2464077K(2464256K)
[6018.270s][info][gc,metaspace   ] GC(1974) Metaspace: 29083K(29376K)->29083K(29376K) NonClass: 25980K(26112K)->25980K(26112K) Class: 3103K(3264K)->3103K(3264K)
[6018.270s][info][gc             ] GC(1974) Pause Young (Allocation Failure) 4848M->2554M(4962M) 96.910ms
[6018.270s][info][gc,cpu         ] GC(1974) User=0.54s Sys=0.03s Real=0.10s
..[6019.790s][info][gc,start       ] GC(1975) Pause Young (Allocation Failure)
[6019.903s][info][gc,heap        ] GC(1975) PSYoungGen: 2590912K(2616832K)->177130K(2524672K) Eden: 2439168K(2439168K)->0K(2347520K) From: 151744K(177664K)->177130K(177152K)
[6019.903s][info][gc,heap        ] GC(1975) ParOldGen: 2464077K(2464256K)->2578501K(2578944K)
[6019.903s][info][gc,metaspace   ] GC(1975) Metaspace: 29083K(29376K)->29083K(29376K) NonClass: 25980K(26112K)->25980K(26112K) Class: 3103K(3264K)->3103K(3264K)
[6019.903s][info][gc             ] GC(1975) Pause Young (Allocation Failure) 4936M->2691M(4984M) 112.820ms
[6019.903s][info][gc,cpu         ] GC(1975) User=0.63s Sys=0.02s Real=0.11s
.[6021.355s][info][gc,start       ] GC(1976) Pause Young (Allocation Failure)
[6021.452s][info][gc,heap        ] GC(1976) PSYoungGen: 2524650K(2524672K)->155936K(2571776K) Eden: 2347520K(2347520K)->0K(2347520K) From: 177130K(177152K)->155936K(224256K)
[6021.452s][info][gc,heap        ] GC(1976) ParOldGen: 2578501K(2578944K)->2678045K(2678272K)
[6021.452s][info][gc,metaspace   ] GC(1976) Metaspace: 29083K(29376K)->29083K(29376K) NonClass: 25980K(26112K)->25980K(26112K) Class: 3103K(3264K)->3103K(3264K)
[6021.452s][info][gc             ] GC(1976) Pause Young (Allocation Failure) 4983M->2767M(5127M) 97.629ms
[6021.452s][info][gc,cpu         ] GC(1976) User=0.54s Sys=0.03s Real=0.10s
..[6022.861s][info][gc,start       ] GC(1977) Pause Young (Allocation Failure)
[6022.953s][info][gc,heap        ] GC(1977) PSYoungGen: 2503456K(2571776K)->138528K(2570752K) Eden: 2347520K(2347520K)->0K(2349568K) From: 155936K(224256K)->138528K(221184K)
[6022.953s][info][gc,heap        ] GC(1977) ParOldGen: 2678045K(2678272K)->2783405K(2783744K)
[6022.953s][info][gc,metaspace   ] GC(1977) Metaspace: 29083K(29376K)->29083K(29376K) NonClass: 25980K(26112K)->25980K(26112K) Class: 3103K(3264K)->3103K(3264K)
[6022.953s][info][gc             ] GC(1977) Pause Young (Allocation Failure) 5060M->2853M(5229M) 91.347ms
[6022.953s][info][gc,cpu         ] GC(1977) User=0.51s Sys=0.03s Real=0.09s
.[6024.327s][info][gc,start       ] GC(1978) Pause Young (Allocation Failure)
[6024.426s][info][gc,heap        ] GC(1978) PSYoungGen: 2488096K(2570752K)->157796K(2507776K) Eden: 2349568K(2349568K)->0K(2349568K) From: 138528K(221184K)->157796K(158208K)
[6024.426s][info][gc,heap        ] GC(1978) ParOldGen: 2783405K(2783744K)->2884581K(2884608K)
[6024.426s][info][gc,metaspace   ] GC(1978) Metaspace: 29083K(29376K)->29083K(29376K) NonClass: 25980K(26112K)->25980K(26112K) Class: 3103K(3264K)->3103K(3264K)
[6024.426s][info][gc             ] GC(1978) Pause Young (Allocation Failure) 5147M->2971M(5266M) 98.430ms
[6024.426s][info][gc,cpu         ] GC(1978) User=0.55s Sys=0.03s Real=0.10s
..[6026.010s][info][gc,start       ] GC(1979) Pause Young (Allocation Failure)
[6026.116s][info][gc,heap        ] GC(1979) PSYoungGen: 2507364K(2507776K)->172156K(2573824K) Eden: 2349568K(2349568K)->0K(2355200K) From: 157796K(158208K)->172156K(218624K)
[6026.116s][info][gc,heap        ] GC(1979) ParOldGen: 2884581K(2884608K)->2983061K(2983424K)
[6026.116s][info][gc,metaspace   ] GC(1979) Metaspace: 29083K(29376K)->29083K(29376K) NonClass: 25980K(26112K)->25980K(26112K) Class: 3103K(3264K)->3103K(3264K)
[6026.116s][info][gc             ] GC(1979) Pause Young (Allocation Failure) 5265M->3081M(5427M) 105.512ms
[6026.116s][info][gc,cpu         ] GC(1979) User=0.59s Sys=0.03s Real=0.10s
.[6027.617s][info][gc,start       ] GC(1980) Pause Young (Allocation Failure)
[6027.718s][info][gc,heap        ] GC(1980) PSYoungGen: 2527356K(2573824K)->158915K(2570752K) Eden: 2355200K(2355200K)->0K(2355200K) From: 172156K(218624K)->158915K(215552K)
[6027.718s][info][gc,heap        ] GC(1980) ParOldGen: 2983061K(2983424K)->3088101K(3088384K)
[6027.718s][info][gc,metaspace   ] GC(1980) Metaspace: 29083K(29376K)->29083K(29376K) NonClass: 25980K(26112K)->25980K(26112K) Class: 3103K(3264K)->3103K(3264K)
[6027.718s][info][gc             ] GC(1980) Pause Young (Allocation Failure) 5381M->3170M(5526M) 100.741ms
[6027.718s][info][gc,cpu         ] GC(1980) User=0.56s Sys=0.03s Real=0.10s
..[6029.098s][info][gc,start       ] GC(1981) Pause Young (Allocation Failure)
[6029.193s][info][gc,heap        ] GC(1981) PSYoungGen: 2514115K(2570752K)->146464K(2574848K) Eden: 2355200K(2355200K)->0K(2362880K) From: 158915K(215552K)->146464K(211968K)
[6029.193s][info][gc,heap        ] GC(1981) ParOldGen: 3088101K(3088384K)->3190509K(3190784K)
[6029.193s][info][gc,metaspace   ] GC(1981) Metaspace: 29083K(29376K)->29083K(29376K) NonClass: 25980K(26112K)->25980K(26112K) Class: 3103K(3264K)->3103K(3264K)
[6029.193s][info][gc             ] GC(1981) Pause Young (Allocation Failure) 5470M->3258M(5630M) 94.675ms
[6029.193s][info][gc,cpu         ] GC(1981) User=0.52s Sys=0.04s Real=0.10s
.[6030.704s][info][gc,start       ] GC(1982) Pause Young (Allocation Failure)
[6030.805s][info][gc,heap        ] GC(1982) PSYoungGen: 2509344K(2574848K)->161888K(2573824K) Eden: 2362880K(2362880K)->0K(2362880K) From: 146464K(211968K)->161888K(210944K)
[6030.805s][info][gc,heap        ] GC(1982) ParOldGen: 3190509K(3190784K)->3290413K(3290624K)
[6030.805s][info][gc,metaspace   ] GC(1982) Metaspace: 29083K(29376K)->29083K(29376K) NonClass: 25980K(26112K)->25980K(26112K) Class: 3103K(3264K)->3103K(3264K)
[6030.805s][info][gc             ] GC(1982) Pause Young (Allocation Failure) 5566M->3371M(5727M) 100.492ms
[6030.805s][info][gc,cpu         ] GC(1982) User=0.56s Sys=0.04s Real=0.10s
..[6032.231s][info][gc,start       ] GC(1983) Pause Young (Allocation Failure)
[6032.328s][info][gc,heap        ] GC(1983) PSYoungGen: 2524768K(2573824K)->150848K(2582016K) Eden: 2362880K(2362880K)->0K(2375168K) From: 161888K(210944K)->150848K(206848K)
[6032.328s][info][gc,heap        ] GC(1983) ParOldGen: 3290413K(3290624K)->3398557K(3398656K)
[6032.328s][info][gc,metaspace   ] GC(1983) Metaspace: 29083K(29376K)->29083K(29376K) NonClass: 25980K(26112K)->25980K(26112K) Class: 3103K(3264K)->3103K(3264K)
[6032.329s][info][gc             ] GC(1983) Pause Young (Allocation Failure) 5678M->3466M(5840M) 97.846ms
[6032.329s][info][gc,cpu         ] GC(1983) User=0.53s Sys=0.04s Real=0.09s
.[6033.806s][info][gc,start       ] GC(1984) Pause Young (Allocation Failure)
[6033.907s][info][gc,heap        ] GC(1984) PSYoungGen: 2526016K(2582016K)->165076K(2579968K) Eden: 2375168K(2375168K)->0K(2375168K) From: 150848K(206848K)->165076K(204800K)
[6033.907s][info][gc,heap        ] GC(1984) ParOldGen: 3398557K(3398656K)->3498549K(3499008K)
[6033.907s][info][gc,metaspace   ] GC(1984) Metaspace: 29083K(29376K)->29083K(29376K) NonClass: 25980K(26112K)->25980K(26112K) Class: 3103K(3264K)->3103K(3264K)
[6033.907s][info][gc             ] GC(1984) Pause Young (Allocation Failure) 5785M->3577M(5936M) 101.115ms
[6033.907s][info][gc,cpu         ] GC(1984) User=0.56s Sys=0.04s Real=0.10s
..[6035.422s][info][gc,start       ] GC(1985) Pause Young (Allocation Failure)
[6035.521s][info][gc,heap        ] GC(1985) PSYoungGen: 2540244K(2579968K)->154422K(2588672K) Eden: 2375168K(2375168K)->0K(2386944K) From: 165076K(204800K)->154422K(201728K)
[6035.521s][info][gc,heap        ] GC(1985) ParOldGen: 3498549K(3499008K)->3600989K(3601408K)
[6035.521s][info][gc,metaspace   ] GC(1985) Metaspace: 29083K(29376K)->29083K(29376K) NonClass: 25980K(26112K)->25980K(26112K) Class: 3103K(3264K)->3103K(3264K)
[6035.521s][info][gc             ] GC(1985) Pause Young (Allocation Failure) 5897M->3667M(6045M) 98.539ms
[6035.521s][info][gc,cpu         ] GC(1985) User=0.55s Sys=0.03s Real=0.10s
..[6036.991s][info][gc,start       ] GC(1986) Pause Young (Allocation Failure)
[6037.097s][info][gc,heap        ] GC(1986) PSYoungGen: 2541366K(2588672K)->167550K(2586112K) Eden: 2386944K(2386944K)->0K(2386944K) From: 154422K(201728K)->167550K(199168K)
[6037.097s][info][gc,heap        ] GC(1986) ParOldGen: 3600989K(3601408K)->3705013K(3705344K)
[6037.097s][info][gc,metaspace   ] GC(1986) Metaspace: 29083K(29376K)->29083K(29376K) NonClass: 25980K(26112K)->25980K(26112K) Class: 3103K(3264K)->3103K(3264K)
[6037.097s][info][gc             ] GC(1986) Pause Young (Allocation Failure) 5998M->3781M(6144M) 106.092ms
[6037.097s][info][gc,cpu         ] GC(1986) User=0.59s Sys=0.04s Real=0.10s
.[6038.559s][info][gc,start       ] GC(1987) Pause Young (Allocation Failure)
[6038.660s][info][gc,heap        ] GC(1987) PSYoungGen: 2554494K(2586112K)->160384K(2593792K) Eden: 2386944K(2386944K)->0K(2398208K) From: 167550K(199168K)->160384K(195584K)
[6038.660s][info][gc,heap        ] GC(1987) ParOldGen: 3705013K(3705344K)->3807893K(3808256K)
[6038.660s][info][gc,metaspace   ] GC(1987) Metaspace: 29083K(29376K)->29083K(29376K) NonClass: 25980K(26112K)->25980K(26112K) Class: 3103K(3264K)->3103K(3264K)
[6038.660s][info][gc             ] GC(1987) Pause Young (Allocation Failure) 6112M->3875M(6252M) 101.443ms
[6038.660s][info][gc,cpu         ] GC(1987) User=0.57s Sys=0.04s Real=0.11s
..[6040.175s][info][gc,start       ] GC(1988) Pause Young (Allocation Failure)
[6040.276s][info][gc,heap        ] GC(1988) PSYoungGen: 2558592K(2593792K)->161156K(2592768K) Eden: 2398208K(2398208K)->0K(2398208K) From: 160384K(195584K)->161156K(194560K)
[6040.276s][info][gc,heap        ] GC(1988) ParOldGen: 3807893K(3808256K)->3907821K(3908096K)
[6040.276s][info][gc,metaspace   ] GC(1988) Metaspace: 29083K(29376K)->29083K(29376K) NonClass: 25980K(26112K)->25980K(26112K) Class: 3103K(3264K)->3103K(3264K)
[6040.276s][info][gc             ] GC(1988) Pause Young (Allocation Failure) 6217M->3973M(6348M) 101.652ms
[6040.276s][info][gc,cpu         ] GC(1988) User=0.57s Sys=0.03s Real=0.10s
.[6041.913s][info][gc,start       ] GC(1989) Pause Young (Allocation Failure)
[6042.013s][info][gc,heap        ] GC(1989) PSYoungGen: 2559364K(2592768K)->155141K(2598912K) Eden: 2398208K(2398208K)->0K(2407424K) From: 161156K(194560K)->155141K(191488K)
[6042.013s][info][gc,heap        ] GC(1989) ParOldGen: 3907821K(3908096K)->4012749K(4013056K)
[6042.013s][info][gc,metaspace   ] GC(1989) Metaspace: 29083K(29376K)->29083K(29376K) NonClass: 25980K(26112K)->25980K(26112K) Class: 3103K(3264K)->3103K(3264K)
[6042.013s][info][gc             ] GC(1989) Pause Young (Allocation Failure) 6315M->4070M(6457M) 99.819ms
[6042.013s][info][gc,cpu         ] GC(1989) User=0.55s Sys=0.04s Real=0.10s
..[6043.579s][info][gc,start       ] GC(1990) Pause Young (Allocation Failure)
[6043.677s][info][gc,heap        ] GC(1990) PSYoungGen: 2562565K(2598912K)->157600K(2597376K) Eden: 2407424K(2407424K)->0K(2407424K) From: 155141K(191488K)->157600K(189952K)
[6043.677s][info][gc,heap        ] GC(1990) ParOldGen: 4012749K(4013056K)->4115901K(4115968K)
[6043.677s][info][gc,metaspace   ] GC(1990) Metaspace: 29083K(29376K)->29083K(29376K) NonClass: 25980K(26112K)->25980K(26112K) Class: 3103K(3264K)->3103K(3264K)
[6043.677s][info][gc             ] GC(1990) Pause Young (Allocation Failure) 6421M->4173M(6556M) 98.380ms
[6043.677s][info][gc,cpu         ] GC(1990) User=0.56s Sys=0.03s Real=0.10s
..[6045.173s][info][gc,start       ] GC(1991) Pause Young (Allocation Failure)
[6045.277s][info][gc,heap        ] GC(1991) PSYoungGen: 2565024K(2597376K)->159473K(2603520K) Eden: 2407424K(2407424K)->0K(2417152K) From: 157600K(189952K)->159473K(186368K)
[6045.277s][info][gc,heap        ] GC(1991) ParOldGen: 4115901K(4115968K)->4221085K(4221440K)
[6045.277s][info][gc,metaspace   ] GC(1991) Metaspace: 29083K(29376K)->29083K(29376K) NonClass: 25980K(26112K)->25980K(26112K) Class: 3103K(3264K)->3103K(3264K)
[6045.277s][info][gc             ] GC(1991) Pause Young (Allocation Failure) 6524M->4277M(6665M) 103.742ms
[6045.277s][info][gc,cpu         ] GC(1991) User=0.58s Sys=0.04s Real=0.10s
.[6046.918s][info][gc,start       ] GC(1992) Pause Young (Allocation Failure)
[6047.019s][info][gc,heap        ] GC(1992) PSYoungGen: 2576625K(2603520K)->154699K(2602496K) Eden: 2417152K(2417152K)->0K(2417152K) From: 159473K(186368K)->154699K(185344K)
[6047.019s][info][gc,heap        ] GC(1992) ParOldGen: 4221085K(4221440K)->4324021K(4324352K)
[6047.019s][info][gc,metaspace   ] GC(1992) Metaspace: 29083K(29376K)->29083K(29376K) NonClass: 25980K(26112K)->25980K(26112K) Class: 3103K(3264K)->3103K(3264K)
[6047.019s][info][gc             ] GC(1992) Pause Young (Allocation Failure) 6638M->4373M(6764M) 101.242ms
[6047.019s][info][gc,cpu         ] GC(1992) User=0.55s Sys=0.05s Real=0.10s
..[6048.603s][info][gc,start       ] GC(1993) Pause Young (Allocation Failure)
[6048.705s][info][gc,heap        ] GC(1993) PSYoungGen: 2571851K(2602496K)->163877K(2609152K) Eden: 2417152K(2417152K)->0K(2425344K) From: 154699K(185344K)->163877K(183808K)
[6048.705s][info][gc,heap        ] GC(1993) ParOldGen: 4324021K(4324352K)->4425581K(4425728K)
[6048.705s][info][gc,metaspace   ] GC(1993) Metaspace: 29083K(29376K)->29083K(29376K) NonClass: 25980K(26112K)->25980K(26112K) Class: 3103K(3264K)->3103K(3264K)
[6048.705s][info][gc             ] GC(1993) Pause Young (Allocation Failure) 6734M->4481M(6870M) 102.189ms
[6048.705s][info][gc,cpu         ] GC(1993) User=0.57s Sys=0.03s Real=0.10s
..[6050.126s][info][gc,start       ] GC(1994) Pause Young (Allocation Failure)
[6050.230s][info][gc,heap        ] GC(1994) PSYoungGen: 2589221K(2609152K)->162265K(2608128K) Eden: 2425344K(2425344K)->0K(2425344K) From: 163877K(183808K)->162265K(182784K)
[6050.230s][info][gc,heap        ] GC(1994) ParOldGen: 4425581K(4425728K)->4530109K(4530176K)
[6050.230s][info][gc,metaspace   ] GC(1994) Metaspace: 29083K(29376K)->29083K(29376K) NonClass: 25980K(26112K)->25980K(26112K) Class: 3103K(3264K)->3103K(3264K)
[6050.230s][info][gc             ] GC(1994) Pause Young (Allocation Failure) 6850M->4582M(6971M) 103.970ms
[6050.230s][info][gc,cpu         ] GC(1994) User=0.58s Sys=0.03s Real=0.11s
.[6051.731s][info][gc,start       ] GC(1995) Pause Young (Allocation Failure)
[6051.831s][info][gc,heap        ] GC(1995) PSYoungGen: 2587609K(2608128K)->157536K(2611712K) Eden: 2425344K(2425344K)->0K(2430976K) From: 162265K(182784K)->157536K(180736K)
[6051.831s][info][gc,heap        ] GC(1995) ParOldGen: 4530109K(4530176K)->4633429K(4633600K)
[6051.831s][info][gc,metaspace   ] GC(1995) Metaspace: 29083K(29376K)->29083K(29376K) NonClass: 25980K(26112K)->25980K(26112K) Class: 3103K(3264K)->3103K(3264K)
[6051.831s][info][gc             ] GC(1995) Pause Young (Allocation Failure) 6950M->4678M(7075M) 100.342ms
[6051.831s][info][gc,cpu         ] GC(1995) User=0.56s Sys=0.04s Real=0.10s
.. (rIR:aIR:PR = 10378:10404:10403) (tPR = 154929) [OK] 
  6053s: Performance info:
         Transaction,    Success,    Partial,     Failed,   Receipts, AvgBarcode, 
             Overall,     627549,          0,          0,     596214,      59.47, 
         Response times:
             Request,    Success,    Partial,     Failed,   SkipFail,     Probes,    Samples,      min,      p50,      p90,      p95,      p99,      max, 
       TotalPurchase,     596241,          0,          0,          0,     343154,     466738,      200,    10100,    95000,   242000,   481000,  1100000,
     InStorePurchase,     312546,          0,          0,          0,     180346,     244685,      200,     9900,    94000,   234700,   471000,   990000,
      OnlinePurchase,     220953,          0,          0,          0,     126329,     171983,      300,    10200,    94000,   242000,   501000,  1100000,
        InstPurchase,      62742,          0,          0,          0,      36479,      50070,      400,    11000,   100000,   236000,   469000,   990000,
          AssocOfCat,        626,          0,          0,          0,        520,        788,    23000,    53000,   152100,   232000,   578990,   780000,
      AssocOfProduct,       6338,          0,          0,          0,       3476,       4931,      600,    13100,   103000,   317000,   516680,   990000,
      BusinessReport,       1578,          0,          0,          0,       1356,       1954,    32000,    69000,   168000,   236250,   660000,   820000,
          CustBuyBeh,       6359,          0,          0,          0,       3487,       4902,      200,     7500,    85000,   298000,   503910,   720000,
       ProductReturn,      16445,          0,          0,          0,       9779,      13534,      200,     7800,    83000,   184000,   521000,   770000,

  6053s: (76%)   IR =  10516 [6053.430s][info][gc,start       ] GC(1996) Pause Young (Allocation Failure)
[6053.534s][info][gc,heap        ] GC(1996) PSYoungGen: 2588512K(2611712K)->164021K(2610688K) Eden: 2430976K(2430976K)->0K(2430976K) From: 157536K(180736K)->164021K(179712K)
[6053.534s][info][gc,heap        ] GC(1996) ParOldGen: 4633429K(4633600K)->4734973K(4734976K)
[6053.534s][info][gc,metaspace   ] GC(1996) Metaspace: 29083K(29376K)->29083K(29376K) NonClass: 25980K(26112K)->25980K(26112K) Class: 3103K(3264K)->3103K(3264K)
[6053.534s][info][gc             ] GC(1996) Pause Young (Allocation Failure) 7052M->4784M(7173M) 103.899ms
[6053.534s][info][gc,cpu         ] GC(1996) User=0.57s Sys=0.04s Real=0.10s
.[6055.128s][info][gc,start       ] GC(1997) Pause Young (Allocation Failure)
[6055.228s][info][gc,heap        ] GC(1997) PSYoungGen: 2594997K(2610688K)->155461K(2615296K) Eden: 2430976K(2430976K)->0K(2436608K) From: 164021K(179712K)->155461K(178688K)
[6055.228s][info][gc,heap        ] GC(1997) ParOldGen: 4734973K(4734976K)->4839397K(4839424K)
[6055.228s][info][gc,metaspace   ] GC(1997) Metaspace: 29083K(29376K)->29083K(29376K) NonClass: 25980K(26112K)->25980K(26112K) Class: 3103K(3264K)->3103K(3264K)
[6055.228s][info][gc             ] GC(1997) Pause Young (Allocation Failure) 7158M->4877M(7280M) 100.399ms
[6055.228s][info][gc,cpu         ] GC(1997) User=0.55s Sys=0.04s Real=0.10s
..[6056.722s][info][gc,start       ] GC(1998) Pause Young (Allocation Failure)
[6056.827s][info][gc,heap        ] GC(1998) PSYoungGen: 2592069K(2615296K)->164480K(2614784K) Eden: 2436608K(2436608K)->0K(2436608K) From: 155461K(178688K)->164480K(178176K)
[6056.827s][info][gc,heap        ] GC(1998) ParOldGen: 4839397K(4839424K)->4946285K(4946432K)
[6056.827s][info][gc,metaspace   ] GC(1998) Metaspace: 29083K(29376K)->29083K(29376K) NonClass: 25980K(26112K)->25980K(26112K) Class: 3103K(3264K)->3103K(3264K)
[6056.827s][info][gc             ] GC(1998) Pause Young (Allocation Failure) 7257M->4990M(7384M) 105.615ms
[6056.827s][info][gc,cpu         ] GC(1998) User=0.59s Sys=0.04s Real=0.10s
..[6058.369s][info][gc,start       ] GC(1999) Pause Young (Allocation Failure)
[6058.474s][info][gc,heap        ] GC(1999) PSYoungGen: 2601088K(2614784K)->163796K(2617344K) Eden: 2436608K(2436608K)->0K(2439680K) From: 164480K(178176K)->163796K(177664K)
[6058.474s][info][gc,heap        ] GC(1999) ParOldGen: 4946285K(4946432K)->5046925K(5047296K)
[6058.474s][info][gc,metaspace   ] GC(1999) Metaspace: 29083K(29376K)->29083K(29376K) NonClass: 25980K(26112K)->25980K(26112K) Class: 3103K(3264K)->3103K(3264K)
[6058.474s][info][gc             ] GC(1999) Pause Young (Allocation Failure) 7370M->5088M(7485M) 105.121ms
[6058.474s][info][gc,cpu         ] GC(1999) User=0.59s Sys=0.02s Real=0.11s
.[6059.954s][info][gc,start       ] GC(2000) Pause Young (Allocation Failure)
[6060.056s][info][gc,heap        ] GC(2000) PSYoungGen: 2603476K(2617344K)->157093K(2617344K) Eden: 2439680K(2439680K)->0K(2439680K) From: 163796K(177664K)->157093K(177664K)
[6060.056s][info][gc,heap        ] GC(2000) ParOldGen: 5046925K(5047296K)->5150693K(5150720K)
[6060.056s][info][gc,metaspace   ] GC(2000) Metaspace: 29083K(29376K)->29083K(29376K) NonClass: 25980K(26112K)->25980K(26112K) Class: 3103K(3264K)->3103K(3264K)
[6060.056s][info][gc             ] GC(2000) Pause Young (Allocation Failure) 7471M->5183M(7586M) 102.402ms
[6060.056s][info][gc,cpu         ] GC(2000) User=0.57s Sys=0.03s Real=0.10s
..[6061.599s][info][gc,start       ] GC(2001) Pause Young (Allocation Failure)
[6061.701s][info][gc,heap        ] GC(2001) PSYoungGen: 2596773K(2617344K)->162880K(2617344K) Eden: 2439680K(2439680K)->0K(2441728K) From: 157093K(177664K)->162880K(175616K)
[6061.701s][info][gc,heap        ] GC(2001) ParOldGen: 5150693K(5150720K)->5252229K(5252608K)
[6061.701s][info][gc,metaspace   ] GC(2001) Metaspace: 29083K(29376K)->29083K(29376K) NonClass: 25980K(26112K)->25980K(26112K) Class: 3103K(3264K)->3103K(3264K)
[6061.701s][info][gc             ] GC(2001) Pause Young (Allocation Failure) 7565M->5288M(7685M) 101.864ms
[6061.701s][info][gc,cpu         ] GC(2001) User=0.56s Sys=0.03s Real=0.11s
.[6063.243s][info][gc,start       ] GC(2002) Pause Young (Allocation Failure)
[6063.345s][info][gc,heap        ] GC(2002) PSYoungGen: 2604608K(2617344K)->153728K(2617344K) Eden: 2441728K(2441728K)->0K(2441728K) From: 162880K(175616K)->153728K(175616K)
[6063.345s][info][gc,heap        ] GC(2002) ParOldGen: 5252229K(5252608K)->5360877K(5361152K)
[6063.345s][info][gc,metaspace   ] GC(2002) Metaspace: 29083K(29376K)->29083K(29376K) NonClass: 25980K(26112K)->25980K(26112K) Class: 3103K(3264K)->3103K(3264K)
[6063.345s][info][gc             ] GC(2002) Pause Young (Allocation Failure) 7672M->5385M(7791M) 101.803ms
[6063.345s][info][gc,cpu         ] GC(2002) User=0.56s Sys=0.04s Real=0.10s
..[6064.912s][info][gc,start       ] GC(2003) Pause Young (Allocation Failure)
[6065.011s][info][gc,heap        ] GC(2003) PSYoungGen: 2595456K(2617344K)->150709K(2620416K) Eden: 2441728K(2441728K)->0K(2444800K) From: 153728K(175616K)->150709K(175616K)
[6065.011s][info][gc,heap        ] GC(2003) ParOldGen: 5360877K(5361152K)->5463349K(5463552K)
[6065.011s][info][gc,metaspace   ] GC(2003) Metaspace: 29083K(29376K)->29083K(29376K) NonClass: 25980K(26112K)->25980K(26112K) Class: 3103K(3264K)->3103K(3264K)
[6065.011s][info][gc             ] GC(2003) Pause Young (Allocation Failure) 7769M->5482M(7894M) 99.302ms
[6065.011s][info][gc,cpu         ] GC(2003) User=0.57s Sys=0.02s Real=0.10s
..[6066.558s][info][gc,start       ] GC(2004) Pause Young (Allocation Failure)
[6066.659s][info][gc,heap        ] GC(2004) PSYoungGen: 2595509K(2620416K)->160576K(2605568K) Eden: 2444800K(2444800K)->0K(2444800K) From: 150709K(175616K)->160576K(160768K)
[6066.659s][info][gc,heap        ] GC(2004) ParOldGen: 5463349K(5463552K)->5565141K(5565440K)
[6066.659s][info][gc,metaspace   ] GC(2004) Metaspace: 29083K(29376K)->29083K(29376K) NonClass: 25980K(26112K)->25980K(26112K) Class: 3103K(3264K)->3103K(3264K)
[6066.659s][info][gc             ] GC(2004) Pause Young (Allocation Failure) 7869M->5591M(7979M) 101.503ms
[6066.659s][info][gc,cpu         ] GC(2004) User=0.58s Sys=0.02s Real=0.10s
.[6068.173s][info][gc,start       ] GC(2005) Pause Full (Allocation Failure)
[6068.173s][info][gc,phases,start] GC(2005) Marking Phase
[6068.486s][info][gc,phases      ] GC(2005) Marking Phase 312.807ms
[6068.486s][info][gc,phases,start] GC(2005) Summary Phase
[6068.486s][info][gc,phases      ] GC(2005) Summary Phase 0.101ms
[6068.486s][info][gc,phases,start] GC(2005) Forward
[6068.609s][info][gc,phases      ] GC(2005) Forward 122.876ms
[6068.609s][info][gc,phases,start] GC(2005) Adjust Pointers
[6068.820s][info][gc,phases      ] GC(2005) Adjust Pointers 210.971ms
[6068.820s][info][gc,phases,start] GC(2005) Compaction Phase
[6068.970s][info][gc,phases      ] GC(2005) Compaction Phase 149.320ms
[6068.971s][info][gc,phases,start] GC(2005) Post Compact
[6068.978s][info][gc,phases      ] GC(2005) Post Compact 6.900ms
[6069.113s][info][gc,heap        ] GC(2005) PSYoungGen: 2605376K(2605568K)->0K(2619392K) Eden: 2444800K(2444800K)->0K(2444800K) From: 160576K(160768K)->0K(174592K)
[6069.113s][info][gc,heap        ] GC(2005) ParOldGen: 5565141K(5565440K)->1624640K(2090496K)
[6069.113s][info][gc,metaspace   ] GC(2005) Metaspace: 29083K(29376K)->29083K(29376K) NonClass: 25980K(26112K)->25980K(26112K) Class: 3103K(3264K)->3103K(3264K)
[6069.114s][info][gc             ] GC(2005) Pause Full (Allocation Failure) 7979M->1586M(4599M) 940.077ms
[6069.114s][info][gc,cpu         ] GC(2005) User=4.39s Sys=0.14s Real=0.94s
..[6070.397s][info][gc,start       ] GC(2006) Pause Young (Allocation Failure)
[6070.464s][info][gc,heap        ] GC(2006) PSYoungGen: 2444800K(2619392K)->158820K(2619392K) Eden: 2444800K(2444800K)->0K(2444800K) From: 0K(174592K)->158820K(174592K)
[6070.465s][info][gc,heap        ] GC(2006) ParOldGen: 1624640K(2090496K)->1624640K(2090496K)
[6070.465s][info][gc,metaspace   ] GC(2006) Metaspace: 29083K(29376K)->29083K(29376K) NonClass: 25980K(26112K)->25980K(26112K) Class: 3103K(3264K)->3103K(3264K)
[6070.465s][info][gc             ] GC(2006) Pause Young (Allocation Failure) 3974M->1741M(4599M) 67.464ms
[6070.465s][info][gc,cpu         ] GC(2006) User=0.40s Sys=0.00s Real=0.07s
.[6071.746s][info][gc,start       ] GC(2007) Pause Young (Allocation Failure)
[6071.844s][info][gc,heap        ] GC(2007) PSYoungGen: 2603620K(2619392K)->166852K(2618368K) Eden: 2444800K(2444800K)->0K(2445312K) From: 158820K(174592K)->166852K(173056K)
[6071.844s][info][gc,heap        ] GC(2007) ParOldGen: 1624640K(2090496K)->1728520K(2090496K)
[6071.844s][info][gc,metaspace   ] GC(2007) Metaspace: 29083K(29376K)->29083K(29376K) NonClass: 25980K(26112K)->25980K(26112K) Class: 3103K(3264K)->3103K(3264K)
[6071.844s][info][gc             ] GC(2007) Pause Young (Allocation Failure) 4129M->1850M(4598M) 97.693ms
[6071.844s][info][gc,cpu         ] GC(2007) User=0.58s Sys=0.00s Real=0.10s
.[6073.206s][info][gc,start       ] GC(2008) Pause Young (Allocation Failure)
[6073.297s][info][gc,heap        ] GC(2008) PSYoungGen: 2612164K(2618368K)->150560K(2619904K) Eden: 2445312K(2445312K)->0K(2445312K) From: 166852K(173056K)->150560K(174592K)
[6073.297s][info][gc,heap        ] GC(2008) ParOldGen: 1728520K(2090496K)->1833784K(2090496K)
[6073.297s][info][gc,metaspace   ] GC(2008) Metaspace: 29083K(29376K)->29083K(29376K) NonClass: 25980K(26112K)->25980K(26112K) Class: 3103K(3264K)->3103K(3264K)
[6073.297s][info][gc             ] GC(2008) Pause Young (Allocation Failure) 4238M->1937M(4600M) 90.304ms
[6073.297s][info][gc,cpu         ] GC(2008) User=0.53s Sys=0.00s Real=0.09s
..[6074.700s][info][gc,start       ] GC(2009) Pause Young (Allocation Failure)
[6074.802s][info][gc,heap        ] GC(2009) PSYoungGen: 2595872K(2619904K)->168905K(2617344K) Eden: 2445312K(2445312K)->0K(2442752K) From: 150560K(174592K)->168905K(174592K)
[6074.802s][info][gc,heap        ] GC(2009) ParOldGen: 1833784K(2090496K)->1940120K(2090496K)
[6074.802s][info][gc,metaspace   ] GC(2009) Metaspace: 29083K(29376K)->29083K(29376K) NonClass: 25980K(26112K)->25980K(26112K) Class: 3103K(3264K)->3103K(3264K)
[6074.802s][info][gc             ] GC(2009) Pause Young (Allocation Failure) 4325M->2059M(4597M) 102.048ms
[6074.802s][info][gc,cpu         ] GC(2009) User=0.60s Sys=0.01s Real=0.10s
.[6076.269s][info][gc,start       ] GC(2010) Pause Young (Allocation Failure)
[6076.363s][info][gc,heap        ] GC(2010) PSYoungGen: 2611657K(2617344K)->159680K(2619392K) Eden: 2442752K(2442752K)->0K(2442752K) From: 168905K(174592K)->159680K(176640K)
[6076.363s][info][gc,heap        ] GC(2010) ParOldGen: 1940120K(2090496K)->2041080K(2090496K)
[6076.363s][info][gc,metaspace   ] GC(2010) Metaspace: 29083K(29376K)->29083K(29376K) NonClass: 25980K(26112K)->25980K(26112K) Class: 3103K(3264K)->3103K(3264K)
[6076.363s][info][gc             ] GC(2010) Pause Young (Allocation Failure) 4445M->2149M(4599M) 94.717ms
[6076.363s][info][gc,cpu         ] GC(2010) User=0.56s Sys=0.00s Real=0.10s
..|[6077.857s][info][gc,start       ] GC(2011) Pause Young (Allocation Failure)
[6077.954s][info][gc,heap        ] GC(2011) PSYoungGen: 2602432K(2619392K)->154880K(2617856K) Eden: 2442752K(2442752K)->0K(2444288K) From: 159680K(176640K)->154880K(173568K)
[6077.954s][info][gc,heap        ] GC(2011) ParOldGen: 2041080K(2090496K)->2147944K(2148352K)
[6077.954s][info][gc,metaspace   ] GC(2011) Metaspace: 29083K(29376K)->29083K(29376K) NonClass: 25980K(26112K)->25980K(26112K) Class: 3103K(3264K)->3103K(3264K)
[6077.954s][info][gc             ] GC(2011) Pause Young (Allocation Failure) 4534M->2248M(4654M) 97.164ms
[6077.954s][info][gc,cpu         ] GC(2011) User=0.56s Sys=0.01s Real=0.10s
.[6079.407s][info][gc,start       ] GC(2012) Pause Young (Allocation Failure)
[6079.506s][info][gc,heap        ] GC(2012) PSYoungGen: 2599168K(2617856K)->161296K(2618880K) Eden: 2444288K(2444288K)->0K(2444288K) From: 154880K(173568K)->161296K(174592K)
[6079.506s][info][gc,heap        ] GC(2012) ParOldGen: 2147944K(2148352K)->2250976K(2251264K)
[6079.506s][info][gc,metaspace   ] GC(2012) Metaspace: 29083K(29376K)->29083K(29376K) NonClass: 25980K(26112K)->25980K(26112K) Class: 3103K(3264K)->3103K(3264K)
[6079.506s][info][gc             ] GC(2012) Pause Young (Allocation Failure) 4635M->2355M(4756M) 99.030ms
[6079.506s][info][gc,cpu         ] GC(2012) User=0.55s Sys=0.03s Real=0.10s
..[6081.031s][info][gc,start       ] GC(2013) Pause Young (Allocation Failure)
[6081.127s][info][gc,heap        ] GC(2013) PSYoungGen: 2605584K(2618880K)->157536K(2618880K) Eden: 2444288K(2444288K)->0K(2447360K) From: 161296K(174592K)->157536K(171520K)
[6081.127s][info][gc,heap        ] GC(2013) ParOldGen: 2250976K(2251264K)->2354864K(2355200K)
[6081.127s][info][gc,metaspace   ] GC(2013) Metaspace: 29083K(29376K)->29083K(29376K) NonClass: 25980K(26112K)->25980K(26112K) Class: 3103K(3264K)->3103K(3264K)
[6081.127s][info][gc             ] GC(2013) Pause Young (Allocation Failure) 4742M->2453M(4857M) 96.357ms
[6081.127s][info][gc,cpu         ] GC(2013) User=0.53s Sys=0.04s Real=0.09s
.[6082.544s][info][gc,start       ] GC(2014) Pause Young (Allocation Failure)
[6082.650s][info][gc,heap        ] GC(2014) PSYoungGen: 2604896K(2618880K)->172677K(2620416K) Eden: 2447360K(2447360K)->0K(2447360K) From: 157536K(171520K)->172677K(173056K)
[6082.650s][info][gc,heap        ] GC(2014) ParOldGen: 2354864K(2355200K)->2461648K(2461696K)
[6082.650s][info][gc,metaspace   ] GC(2014) Metaspace: 29083K(29376K)->29083K(29376K) NonClass: 25980K(26112K)->25980K(26112K) Class: 3103K(3264K)->3103K(3264K)
[6082.650s][info][gc             ] GC(2014) Pause Young (Allocation Failure) 4843M->2572M(4963M) 106.615ms
[6082.650s][info][gc,cpu         ] GC(2014) User=0.59s Sys=0.04s Real=0.11s
..[6084.275s][info][gc,start       ] GC(2015) Pause Young (Allocation Failure)
[6084.375s][info][gc,heap        ] GC(2015) PSYoungGen: 2620037K(2620416K)->160144K(2620928K) Eden: 2447360K(2447360K)->0K(2445312K) From: 172677K(173056K)->160144K(175616K)
[6084.375s][info][gc,heap        ] GC(2015) ParOldGen: 2461648K(2461696K)->2562816K(2563072K)
[6084.375s][info][gc,metaspace   ] GC(2015) Metaspace: 29083K(29376K)->29083K(29376K) NonClass: 25980K(26112K)->25980K(26112K) Class: 3103K(3264K)->3103K(3264K)
[6084.375s][info][gc             ] GC(2015) Pause Young (Allocation Failure) 4962M->2659M(5062M) 100.084ms
[6084.375s][info][gc,cpu         ] GC(2015) User=0.56s Sys=0.04s Real=0.10s
..[6085.810s][info][gc,start       ] GC(2016) Pause Young (Allocation Failure)
[6085.914s][info][gc,heap        ] GC(2016) PSYoungGen: 2605456K(2620928K)->168416K(2613760K) Eden: 2445312K(2445312K)->0K(2445312K) From: 160144K(175616K)->168416K(168448K)
[6085.914s][info][gc,heap        ] GC(2016) ParOldGen: 2562816K(2563072K)->2670808K(2671104K)
[6085.914s][info][gc,metaspace   ] GC(2016) Metaspace: 29083K(29376K)->29083K(29376K) NonClass: 25980K(26112K)->25980K(26112K) Class: 3103K(3264K)->3103K(3264K)
[6085.914s][info][gc             ] GC(2016) Pause Young (Allocation Failure) 5047M->2772M(5161M) 104.290ms
[6085.914s][info][gc,cpu         ] GC(2016) User=0.59s Sys=0.03s Real=0.10s
.[6087.424s][info][gc,start       ] GC(2017) Pause Young (Allocation Failure)
[6087.521s][info][gc,heap        ] GC(2017) PSYoungGen: 2613728K(2613760K)->154752K(2619904K) Eden: 2445312K(2445312K)->0K(2443264K) From: 168416K(168448K)->154752K(176640K)
[6087.521s][info][gc,heap        ] GC(2017) ParOldGen: 2670808K(2671104K)->2773680K(2774016K)
[6087.521s][info][gc,metaspace   ] GC(2017) Metaspace: 29083K(29376K)->29083K(29376K) NonClass: 25980K(26112K)->25980K(26112K) Class: 3103K(3264K)->3103K(3264K)
[6087.521s][info][gc             ] GC(2017) Pause Young (Allocation Failure) 5160M->2859M(5267M) 96.727ms
[6087.521s][info][gc,cpu         ] GC(2017) User=0.54s Sys=0.02s Real=0.10s
..[6089.023s][info][gc,start       ] GC(2018) Pause Young (Allocation Failure)
[6089.126s][info][gc,heap        ] GC(2018) PSYoungGen: 2598016K(2619904K)->162632K(2606080K) Eden: 2443264K(2443264K)->0K(2443264K) From: 154752K(176640K)->162632K(162816K)
[6089.126s][info][gc,heap        ] GC(2018) ParOldGen: 2773680K(2774016K)->2877928K(2877952K)
[6089.126s][info][gc,metaspace   ] GC(2018) Metaspace: 29083K(29376K)->29083K(29376K) NonClass: 25980K(26112K)->25980K(26112K) Class: 3103K(3264K)->3103K(3264K)
[6089.126s][info][gc             ] GC(2018) Pause Young (Allocation Failure) 5245M->2969M(5355M) 102.818ms
[6089.126s][info][gc,cpu         ] GC(2018) User=0.57s Sys=0.04s Real=0.10s
.[6090.635s][info][gc,start       ] GC(2019) Pause Young (Allocation Failure)
[6090.741s][info][gc,heap        ] GC(2019) PSYoungGen: 2605896K(2606080K)->174378K(2613760K) Eden: 2443264K(2443264K)->0K(2438656K) From: 162632K(162816K)->174378K(175104K)
[6090.741s][info][gc,heap        ] GC(2019) ParOldGen: 2877928K(2877952K)->2983032K(2983424K)
[6090.741s][info][gc,metaspace   ] GC(2019) Metaspace: 29083K(29376K)->29083K(29376K) NonClass: 25980K(26112K)->25980K(26112K) Class: 3103K(3264K)->3103K(3264K)
[6090.742s][info][gc             ] GC(2019) Pause Young (Allocation Failure) 5355M->3083M(5466M) 106.735ms
[6090.742s][info][gc,cpu         ] GC(2019) User=0.61s Sys=0.03s Real=0.11s
..[6092.267s][info][gc,start       ] GC(2020) Pause Young (Allocation Failure)
[6092.369s][info][gc,heap        ] GC(2020) PSYoungGen: 2613034K(2613760K)->167456K(2606592K) Eden: 2438656K(2438656K)->0K(2438656K) From: 174378K(175104K)->167456K(167936K)
[6092.369s][info][gc,heap        ] GC(2020) ParOldGen: 2983032K(2983424K)->3085600K(3085824K)
[6092.369s][info][gc,metaspace   ] GC(2020) Metaspace: 29083K(29376K)->29083K(29376K) NonClass: 25980K(26112K)->25980K(26112K) Class: 3103K(3264K)->3103K(3264K)
[6092.369s][info][gc             ] GC(2020) Pause Young (Allocation Failure) 5464M->3176M(5559M) 102.489ms
[6092.370s][info][gc,cpu         ] GC(2020) User=0.57s Sys=0.04s Real=0.10s
..[6093.926s][info][gc,start       ] GC(2021) Pause Young (Allocation Failure)
[6094.022s][info][gc,heap        ] GC(2021) PSYoungGen: 2606112K(2606592K)->147512K(2614784K) Eden: 2438656K(2438656K)->0K(2435584K) From: 167456K(167936K)->147512K(179200K)
[6094.022s][info][gc,heap        ] GC(2021) ParOldGen: 3085600K(3085824K)->3193728K(3193856K)
[6094.022s][info][gc,metaspace   ] GC(2021) Metaspace: 29083K(29376K)->29083K(29376K) NonClass: 25980K(26112K)->25980K(26112K) Class: 3103K(3264K)->3103K(3264K)
[6094.022s][info][gc             ] GC(2021) Pause Young (Allocation Failure) 5558M->3262M(5672M) 96.524ms
[6094.022s][info][gc,cpu         ] GC(2021) User=0.54s Sys=0.04s Real=0.10s
.[6095.513s][info][gc,start       ] GC(2022) Pause Young (Allocation Failure)
[6095.610s][info][gc,heap        ] GC(2022) PSYoungGen: 2583096K(2614784K)->154688K(2615808K) Eden: 2435584K(2435584K)->0K(2435584K) From: 147512K(179200K)->154688K(180224K)
[6095.610s][info][gc,heap        ] GC(2022) ParOldGen: 3193728K(3193856K)->3295680K(3295744K)
[6095.610s][info][gc,metaspace   ] GC(2022) Metaspace: 29083K(29376K)->29083K(29376K) NonClass: 25980K(26112K)->25980K(26112K) Class: 3103K(3264K)->3103K(3264K)
[6095.610s][info][gc             ] GC(2022) Pause Young (Allocation Failure) 5641M->3369M(5773M) 97.332ms
[6095.610s][info][gc,cpu         ] GC(2022) User=0.54s Sys=0.03s Real=0.10s
..[6097.070s][info][gc,start       ] GC(2023) Pause Young (Allocation Failure)
[6097.169s][info][gc,heap        ] GC(2023) PSYoungGen: 2590272K(2615808K)->154964K(2614784K) Eden: 2435584K(2435584K)->0K(2436608K) From: 154688K(180224K)->154964K(178176K)
[6097.169s][info][gc,heap        ] GC(2023) ParOldGen: 3295680K(3295744K)->3399344K(3399680K)
[6097.169s][info][gc,metaspace   ] GC(2023) Metaspace: 29083K(29376K)->29083K(29376K) NonClass: 25980K(26112K)->25980K(26112K) Class: 3103K(3264K)->3103K(3264K)
[6097.169s][info][gc             ] GC(2023) Pause Young (Allocation Failure) 5748M->3471M(5873M) 98.625ms
[6097.169s][info][gc,cpu         ] GC(2023) User=0.56s Sys=0.02s Real=0.09s
.[6098.689s][info][gc,start       ] GC(2024) Pause Young (Allocation Failure)
[6098.795s][info][gc,heap        ] GC(2024) PSYoungGen: 2591572K(2614784K)->173732K(2610688K) Eden: 2436608K(2436608K)->0K(2436608K) From: 154964K(178176K)->173732K(174080K)
[6098.796s][info][gc,heap        ] GC(2024) ParOldGen: 3399344K(3399680K)->3503224K(3503616K)
[6098.796s][info][gc,metaspace   ] GC(2024) Metaspace: 29083K(29376K)->29083K(29376K) NonClass: 25980K(26112K)->25980K(26112K) Class: 3103K(3264K)->3103K(3264K)
[6098.796s][info][gc             ] GC(2024) Pause Young (Allocation Failure) 5850M->3590M(5971M) 106.418ms
[6098.796s][info][gc,cpu         ] GC(2024) User=0.59s Sys=0.03s Real=0.11s
..[6100.295s][info][gc,start       ] GC(2025) Pause Young (Allocation Failure)
[6100.393s][info][gc,heap        ] GC(2025) PSYoungGen: 2610340K(2610688K)->156288K(2615296K) Eden: 2436608K(2436608K)->0K(2433536K) From: 173732K(174080K)->156288K(181760K)
[6100.393s][info][gc,heap        ] GC(2025) ParOldGen: 3503224K(3503616K)->3608312K(3608576K)
[6100.393s][info][gc,metaspace   ] GC(2025) Metaspace: 29083K(29376K)->29083K(29376K) NonClass: 25980K(26112K)->25980K(26112K) Class: 3103K(3264K)->3103K(3264K)
[6100.393s][info][gc             ] GC(2025) Pause Young (Allocation Failure) 5970M->3676M(6078M) 98.671ms
[6100.393s][info][gc,cpu         ] GC(2025) User=0.55s Sys=0.04s Real=0.10s
.[6101.831s][info][gc,start       ] GC(2026) Pause Young (Allocation Failure)
[6101.936s][info][gc,heap        ] GC(2026) PSYoungGen: 2589824K(2615296K)->168276K(2614272K) Eden: 2433536K(2433536K)->0K(2433536K) From: 156288K(181760K)->168276K(180736K)
[6101.936s][info][gc,heap        ] GC(2026) ParOldGen: 3608312K(3608576K)->3714256K(3714560K)
[6101.936s][info][gc,metaspace   ] GC(2026) Metaspace: 29083K(29376K)->29083K(29376K) NonClass: 25980K(26112K)->25980K(26112K) Class: 3103K(3264K)->3103K(3264K)
[6101.936s][info][gc             ] GC(2026) Pause Young (Allocation Failure) 6052M->3791M(6180M) 104.983ms
[6101.936s][info][gc,cpu         ] GC(2026) User=0.59s Sys=0.03s Real=0.10s
..[6103.385s][info][gc,start       ] GC(2027) Pause Young (Allocation Failure)
[6103.482s][info][gc,heap        ] GC(2027) PSYoungGen: 2601812K(2614272K)->157888K(2613760K) Eden: 2433536K(2433536K)->0K(2434048K) From: 168276K(180736K)->157888K(179712K)
[6103.482s][info][gc,heap        ] GC(2027) ParOldGen: 3714256K(3714560K)->3813400K(3813888K)
[6103.482s][info][gc,metaspace   ] GC(2027) Metaspace: 29083K(29376K)->29083K(29376K) NonClass: 25980K(26112K)->25980K(26112K) Class: 3103K(3264K)->3103K(3264K)
[6103.482s][info][gc             ] GC(2027) Pause Young (Allocation Failure) 6168M->3878M(6277M) 97.471ms
[6103.482s][info][gc,cpu         ] GC(2027) User=0.54s Sys=0.03s Real=0.10s
.[6104.988s][info][gc,start       ] GC(2028) Pause Young (Allocation Failure)
[6105.087s][info][gc,heap        ] GC(2028) PSYoungGen: 2591936K(2613760K)->147296K(2614272K) Eden: 2434048K(2434048K)->0K(2434048K) From: 157888K(179712K)->147296K(180224K)
[6105.087s][info][gc,heap        ] GC(2028) ParOldGen: 3813400K(3813888K)->3922240K(3922432K)
[6105.087s][info][gc,metaspace   ] GC(2028) Metaspace: 29083K(29376K)->29083K(29376K) NonClass: 25980K(26112K)->25980K(26112K) Class: 3103K(3264K)->3103K(3264K)
[6105.087s][info][gc             ] GC(2028) Pause Young (Allocation Failure) 6255M->3974M(6383M) 99.135ms
[6105.087s][info][gc,cpu         ] GC(2028) User=0.54s Sys=0.04s Real=0.10s
..[6106.558s][info][gc,start       ] GC(2029) Pause Young (Allocation Failure)
[6106.667s][info][gc,heap        ] GC(2029) PSYoungGen: 2581344K(2614272K)->178521K(2606080K) Eden: 2434048K(2434048K)->0K(2425344K) From: 147296K(180224K)->178521K(180736K)
[6106.667s][info][gc,heap        ] GC(2029) ParOldGen: 3922240K(3922432K)->4022608K(4022784K)
[6106.667s][info][gc,metaspace   ] GC(2029) Metaspace: 29083K(29376K)->29083K(29376K) NonClass: 25980K(26112K)->25980K(26112K) Class: 3103K(3264K)->3103K(3264K)
[6106.667s][info][gc             ] GC(2029) Pause Young (Allocation Failure) 6351M->4102M(6473M) 108.421ms
[6106.667s][info][gc,cpu         ] GC(2029) User=0.62s Sys=0.03s Real=0.11s
.[6108.146s][info][gc,start       ] GC(2030) Pause Young (Allocation Failure)
[6108.244s][info][gc,heap        ] GC(2030) PSYoungGen: 2603865K(2606080K)->152544K(2610688K) Eden: 2425344K(2425344K)->0K(2425344K) From: 178521K(180736K)->152544K(185344K)
[6108.244s][info][gc,heap        ] GC(2030) ParOldGen: 4022608K(4022784K)->4129800K(4130304K)
[6108.244s][info][gc,metaspace   ] GC(2030) Metaspace: 29083K(29376K)->29083K(29376K) NonClass: 25980K(26112K)->25980K(26112K) Class: 3103K(3264K)->3103K(3264K)
[6108.244s][info][gc             ] GC(2030) Pause Young (Allocation Failure) 6471M->4181M(6583M) 98.114ms
[6108.244s][info][gc,cpu         ] GC(2030) User=0.54s Sys=0.03s Real=0.10s
..[6109.753s][info][gc,start       ] GC(2031) Pause Young (Allocation Failure)
[6109.860s][info][gc,heap        ] GC(2031) PSYoungGen: 2577888K(2610688K)->170053K(2609152K) Eden: 2425344K(2425344K)->0K(2424320K) From: 152544K(185344K)->170053K(184832K)
[6109.860s][info][gc,heap        ] GC(2031) ParOldGen: 4129800K(4130304K)->4235776K(4236288K)
[6109.860s][info][gc,metaspace   ] GC(2031) Metaspace: 29083K(29376K)->29083K(29376K) NonClass: 25980K(26112K)->25980K(26112K) Class: 3103K(3264K)->3103K(3264K)
[6109.860s][info][gc             ] GC(2031) Pause Young (Allocation Failure) 6550M->4302M(6685M) 106.810ms
[6109.860s][info][gc,cpu         ] GC(2031) User=0.60s Sys=0.02s Real=0.10s
..[6111.375s][info][gc,start       ] GC(2032) Pause Young (Allocation Failure)
[6111.479s][info][gc,heap        ] GC(2032) PSYoungGen: 2594373K(2609152K)->164597K(2589184K) Eden: 2424320K(2424320K)->0K(2424320K) From: 170053K(184832K)->164597K(164864K)
[6111.479s][info][gc,heap        ] GC(2032) ParOldGen: 4235776K(4236288K)->4340120K(4340224K)
[6111.479s][info][gc,metaspace   ] GC(2032) Metaspace: 29083K(29376K)->29083K(29376K) NonClass: 25980K(26112K)->25980K(26112K) Class: 3103K(3264K)->3103K(3264K)
[6111.479s][info][gc             ] GC(2032) Pause Young (Allocation Failure) 6670M->4399M(6767M) 103.869ms
[6111.479s][info][gc,cpu         ] GC(2032) User=0.59s Sys=0.03s Real=0.10s
.[6113.021s][info][gc,start       ] GC(2033) Pause Young (Allocation Failure)
[6113.124s][info][gc,heap        ] GC(2033) PSYoungGen: 2588917K(2589184K)->165301K(2610688K) Eden: 2424320K(2424320K)->0K(2426368K) From: 164597K(164864K)->165301K(184320K)
[6113.124s][info][gc,heap        ] GC(2033) ParOldGen: 4340120K(4340224K)->4441304K(4441600K)
[6113.124s][info][gc,metaspace   ] GC(2033) Metaspace: 29083K(29376K)->29083K(29376K) NonClass: 25980K(26112K)->25980K(26112K) Class: 3103K(3264K)->3103K(3264K)
[6113.124s][info][gc             ] GC(2033) Pause Young (Allocation Failure) 6766M->4498M(6887M) 103.368ms
[6113.124s][info][gc,cpu         ] GC(2033) User=0.57s Sys=0.05s Real=0.10s
..[6114.644s][info][gc,start       ] GC(2034) Pause Young (Allocation Failure)
[6114.752s][info][gc,heap        ] GC(2034) PSYoungGen: 2591669K(2610688K)->171984K(2609664K) Eden: 2426368K(2426368K)->0K(2426368K) From: 165301K(184320K)->171984K(183296K)
[6114.752s][info][gc,heap        ] GC(2034) ParOldGen: 4441304K(4441600K)->4547776K(4548096K)
[6114.752s][info][gc,metaspace   ] GC(2034) Metaspace: 29083K(29376K)->29083K(29376K) NonClass: 25980K(26112K)->25980K(26112K) Class: 3103K(3264K)->3103K(3264K)
[6114.752s][info][gc             ] GC(2034) Pause Young (Allocation Failure) 6868M->4609M(6990M) 107.369ms
[6114.752s][info][gc,cpu         ] GC(2034) User=0.60s Sys=0.03s Real=0.11s
.[6116.263s][info][gc,start       ] GC(2035) Pause Young (Allocation Failure)
[6116.361s][info][gc,heap        ] GC(2035) PSYoungGen: 2598352K(2609664K)->152544K(2611200K) Eden: 2426368K(2426368K)->0K(2426368K) From: 171984K(183296K)->152544K(184832K)
[6116.361s][info][gc,heap        ] GC(2035) ParOldGen: 4547776K(4548096K)->4651808K(4652032K)
[6116.361s][info][gc,metaspace   ] GC(2035) Metaspace: 29083K(29376K)->29083K(29376K) NonClass: 25980K(26112K)->25980K(26112K) Class: 3103K(3264K)->3103K(3264K)
[6116.361s][info][gc             ] GC(2035) Pause Young (Allocation Failure) 6978M->4691M(7093M) 97.848ms
[6116.361s][info][gc,cpu         ] GC(2035) User=0.53s Sys=0.04s Real=0.10s
..[6117.838s][info][gc,start       ] GC(2036) Pause Young (Allocation Failure)
[6117.946s][info][gc,heap        ] GC(2036) PSYoungGen: 2578912K(2611200K)->172071K(2598912K) Eden: 2426368K(2426368K)->0K(2426368K) From: 152544K(184832K)->172071K(172544K)
[6117.946s][info][gc,heap        ] GC(2036) ParOldGen: 4651808K(4652032K)->4756368K(4756480K)
[6117.946s][info][gc,metaspace   ] GC(2036) Metaspace: 29083K(29376K)->29083K(29376K) NonClass: 25980K(26112K)->25980K(26112K) Class: 3103K(3264K)->3103K(3264K)
[6117.946s][info][gc             ] GC(2036) Pause Young (Allocation Failure) 7061M->4812M(7183M) 107.818ms
[6117.946s][info][gc,cpu         ] GC(2036) User=0.61s Sys=0.02s Real=0.11s
..[6119.453s][info][gc,start       ] GC(2037) Pause Young (Allocation Failure)
[6119.555s][info][gc,heap        ] GC(2037) PSYoungGen: 2598439K(2598912K)->160224K(2611712K) Eden: 2426368K(2426368K)->0K(2425856K) From: 172071K(172544K)->160224K(185856K)
[6119.555s][info][gc,heap        ] GC(2037) ParOldGen: 4756368K(4756480K)->4856808K(4856832K)
[6119.555s][info][gc,metaspace   ] GC(2037) Metaspace: 29083K(29376K)->29083K(29376K) NonClass: 25980K(26112K)->25980K(26112K) Class: 3103K(3264K)->3103K(3264K)
[6119.555s][info][gc             ] GC(2037) Pause Young (Allocation Failure) 7182M->4899M(7293M) 102.475ms
[6119.555s][info][gc,cpu         ] GC(2037) User=0.57s Sys=0.03s Real=0.10s
.[6121.079s][info][gc,start       ] GC(2038) Pause Young (Allocation Failure)
[6121.183s][info][gc,heap        ] GC(2038) PSYoungGen: 2586080K(2611712K)->162651K(2588672K) Eden: 2425856K(2425856K)->0K(2425856K) From: 160224K(185856K)->162651K(162816K)
[6121.183s][info][gc,heap        ] GC(2038) ParOldGen: 4856808K(4856832K)->4959328K(4959744K)
[6121.183s][info][gc,metaspace   ] GC(2038) Metaspace: 29083K(29376K)->29083K(29376K) NonClass: 25980K(26112K)->25980K(26112K) Class: 3103K(3264K)->3103K(3264K)
[6121.183s][info][gc             ] GC(2038) Pause Young (Allocation Failure) 7268M->5001M(7371M) 104.118ms
[6121.183s][info][gc,cpu         ] GC(2038) User=0.58s Sys=0.03s Real=0.11s
..[6122.641s][info][gc,start       ] GC(2039) Pause Young (Allocation Failure)
[6122.749s][info][gc,heap        ] GC(2039) PSYoungGen: 2588507K(2588672K)->169620K(2607616K) Eden: 2425856K(2425856K)->0K(2425344K) From: 162651K(162816K)->169620K(182272K)
[6122.749s][info][gc,heap        ] GC(2039) ParOldGen: 4959328K(4959744K)->5067592K(5067776K)
[6122.749s][info][gc,metaspace   ] GC(2039) Metaspace: 29083K(29376K)->29083K(29376K) NonClass: 25980K(26112K)->25980K(26112K) Class: 3103K(3264K)->3103K(3264K)
[6122.749s][info][gc             ] GC(2039) Pause Young (Allocation Failure) 7370M->5114M(7495M) 108.701ms
[6122.749s][info][gc,cpu         ] GC(2039) User=0.61s Sys=0.03s Real=0.10s
.[6124.253s][info][gc,start       ] GC(2040) Pause Young (Allocation Failure)
[6124.352s][info][gc,heap        ] GC(2040) PSYoungGen: 2594964K(2607616K)->157600K(2608128K) Eden: 2425344K(2425344K)->0K(2425344K) From: 169620K(182272K)->157600K(182784K)
[6124.352s][info][gc,heap        ] GC(2040) ParOldGen: 5067592K(5067776K)->5170360K(5170688K)
[6124.352s][info][gc,metaspace   ] GC(2040) Metaspace: 29083K(29376K)->29083K(29376K) NonClass: 25980K(26112K)->25980K(26112K) Class: 3103K(3264K)->3103K(3264K)
[6124.352s][info][gc             ] GC(2040) Pause Young (Allocation Failure) 7482M->5203M(7596M) 99.049ms
[6124.352s][info][gc,cpu         ] GC(2040) User=0.55s Sys=0.03s Real=0.10s
..[6125.894s][info][gc,start       ] GC(2041) Pause Young (Allocation Failure)
[6126.004s][info][gc,heap        ] GC(2041) PSYoungGen: 2582944K(2608128K)->165930K(2612736K) Eden: 2425344K(2425344K)->0K(2431488K) From: 157600K(182784K)->165930K(181248K)
[6126.004s][info][gc,heap        ] GC(2041) ParOldGen: 5170360K(5170688K)->5280048K(5280256K)
[6126.004s][info][gc,metaspace   ] GC(2041) Metaspace: 29083K(29376K)->29083K(29376K) NonClass: 25980K(26112K)->25980K(26112K) Class: 3103K(3264K)->3103K(3264K)
[6126.004s][info][gc             ] GC(2041) Pause Young (Allocation Failure) 7571M->5318M(7708M) 109.736ms
[6126.004s][info][gc,cpu         ] GC(2041) User=0.61s Sys=0.04s Real=0.11s
..[6127.466s][info][gc,start       ] GC(2042) Pause Young (Allocation Failure)
[6127.570s][info][gc,heap        ] GC(2042) PSYoungGen: 2597418K(2612736K)->163808K(2612736K) Eden: 2431488K(2431488K)->0K(2431488K) From: 165930K(181248K)->163808K(181248K)
[6127.570s][info][gc,heap        ] GC(2042) ParOldGen: 5280048K(5280256K)->5380672K(5381120K)
[6127.570s][info][gc,metaspace   ] GC(2042) Metaspace: 29083K(29376K)->29083K(29376K) NonClass: 25980K(26112K)->25980K(26112K) Class: 3103K(3264K)->3103K(3264K)
[6127.570s][info][gc             ] GC(2042) Pause Young (Allocation Failure) 7692M->5414M(7806M) 103.170ms
[6127.570s][info][gc,cpu         ] GC(2042) User=0.58s Sys=0.03s Real=0.10s
.[6129.189s][info][gc,start       ] GC(2043) Pause Young (Allocation Failure)
[6129.293s][info][gc,heap        ] GC(2043) PSYoungGen: 2595296K(2612736K)->163023K(2613248K) Eden: 2431488K(2431488K)->0K(2435072K) From: 163808K(181248K)->163023K(178176K)
[6129.293s][info][gc,heap        ] GC(2043) ParOldGen: 5380672K(5381120K)->5482696K(5483008K)
[6129.293s][info][gc,metaspace   ] GC(2043) Metaspace: 29083K(29376K)->29083K(29376K) NonClass: 25980K(26112K)->25980K(26112K) Class: 3103K(3264K)->3103K(3264K)
[6129.293s][info][gc             ] GC(2043) Pause Young (Allocation Failure) 7789M->5513M(7906M) 104.216ms
[6129.293s][info][gc,cpu         ] GC(2043) User=0.58s Sys=0.03s Real=0.11s
..[6130.823s][info][gc,start       ] GC(2044) Pause Full (Allocation Failure)
[6130.823s][info][gc,phases,start] GC(2044) Marking Phase
[6131.139s][info][gc,phases      ] GC(2044) Marking Phase 315.763ms
[6131.139s][info][gc,phases,start] GC(2044) Summary Phase
[6131.139s][info][gc,phases      ] GC(2044) Summary Phase 0.105ms
[6131.139s][info][gc,phases,start] GC(2044) Forward
[6131.266s][info][gc,phases      ] GC(2044) Forward 127.492ms
[6131.266s][info][gc,phases,start] GC(2044) Adjust Pointers
[6131.478s][info][gc,phases      ] GC(2044) Adjust Pointers 211.511ms
[6131.478s][info][gc,phases,start] GC(2044) Compaction Phase
[6131.625s][info][gc,phases      ] GC(2044) Compaction Phase 147.059ms
[6131.626s][info][gc,phases,start] GC(2044) Post Compact
[6131.633s][info][gc,phases      ] GC(2044) Post Compact 6.987ms
[6131.756s][info][gc,heap        ] GC(2044) PSYoungGen: 2598095K(2613248K)->0K(2613248K) Eden: 2435072K(2435072K)->0K(2435072K) From: 163023K(178176K)->0K(178176K)
[6131.756s][info][gc,heap        ] GC(2044) ParOldGen: 5482696K(5483008K)->1613475K(2093056K)
[6131.756s][info][gc,metaspace   ] GC(2044) Metaspace: 29083K(29376K)->29083K(29376K) NonClass: 25980K(26112K)->25980K(26112K) Class: 3103K(3264K)->3103K(3264K)
[6131.756s][info][gc             ] GC(2044) Pause Full (Allocation Failure) 7891M->1575M(4596M) 933.600ms
[6131.757s][info][gc,cpu         ] GC(2044) User=4.39s Sys=0.12s Real=0.93s
..[6133.055s][info][gc,start       ] GC(2045) Pause Young (Allocation Failure)
[6133.122s][info][gc,heap        ] GC(2045) PSYoungGen: 2435072K(2613248K)->164784K(2615808K) Eden: 2435072K(2435072K)->0K(2439680K) From: 0K(178176K)->164784K(176128K)
[6133.122s][info][gc,heap        ] GC(2045) ParOldGen: 1613475K(2093056K)->1613475K(2093056K)
[6133.122s][info][gc,metaspace   ] GC(2045) Metaspace: 29083K(29376K)->29083K(29376K) NonClass: 25980K(26112K)->25980K(26112K) Class: 3103K(3264K)->3103K(3264K)
[6133.122s][info][gc             ] GC(2045) Pause Young (Allocation Failure) 3953M->1736M(4598M) 66.411ms
[6133.122s][info][gc,cpu         ] GC(2045) User=0.39s Sys=0.00s Real=0.07s
.[6134.417s][info][gc,start       ] GC(2046) Pause Young (Allocation Failure)
[6134.513s][info][gc,heap        ] GC(2046) PSYoungGen: 2604464K(2615808K)->160676K(2616832K) Eden: 2439680K(2439680K)->0K(2439680K) From: 164784K(176128K)->160676K(177152K)
[6134.513s][info][gc,heap        ] GC(2046) ParOldGen: 1613475K(2093056K)->1721539K(2093056K)
[6134.513s][info][gc,metaspace   ] GC(2046) Metaspace: 29083K(29376K)->29083K(29376K) NonClass: 25980K(26112K)->25980K(26112K) Class: 3103K(3264K)->3103K(3264K)
[6134.513s][info][gc             ] GC(2046) Pause Young (Allocation Failure) 4119M->1838M(4599M) 96.035ms
[6134.513s][info][gc,cpu         ] GC(2046) User=0.56s Sys=0.01s Real=0.10s
.[6135.785s][info][gc,start       ] GC(2047) Pause Young (Allocation Failure)
[6135.929s][info][gc,heap        ] GC(2047) PSYoungGen: 2600356K(2616832K)->167680K(2618368K) Eden: 2439680K(2439680K)->0K(2442240K) From: 160676K(177152K)->167680K(176128K)
[6135.929s][info][gc,heap        ] GC(2047) ParOldGen: 1721539K(2093056K)->1823491K(2093056K)
[6135.929s][info][gc,metaspace   ] GC(2047) Metaspace: 29083K(29376K)->29083K(29376K) NonClass: 25980K(26112K)->25980K(26112K) Class: 3103K(3264K)->3103K(3264K)
[6135.929s][info][gc             ] GC(2047) Pause Young (Allocation Failure) 4220M->1944M(4601M) 144.445ms
[6135.929s][info][gc,cpu         ] GC(2047) User=0.58s Sys=0.00s Real=0.14s
..[6137.298s][info][gc,start       ] GC(2048) Pause Young (Allocation Failure)
[6137.391s][info][gc,heap        ] GC(2048) PSYoungGen: 2609920K(2618368K)->154148K(2618880K) Eden: 2442240K(2442240K)->0K(2442240K) From: 167680K(176128K)->154148K(176640K)
[6137.391s][info][gc,heap        ] GC(2048) ParOldGen: 1823491K(2093056K)->1931443K(2093056K)
[6137.391s][info][gc,metaspace   ] GC(2048) Metaspace: 29083K(29376K)->29083K(29376K) NonClass: 25980K(26112K)->25980K(26112K) Class: 3103K(3264K)->3103K(3264K)
[6137.391s][info][gc             ] GC(2048) Pause Young (Allocation Failure) 4329M->2036M(4601M) 93.535ms
[6137.391s][info][gc,cpu         ] GC(2048) User=0.56s Sys=0.00s Real=0.10s
. (rIR:aIR:PR = 10516:10603:10604) (tPR = 159417) [OK] 
  6138s: Performance info:
         Transaction,    Success,    Partial,     Failed,   Receipts, AvgBarcode, 
             Overall,     642426,          0,          0,     610778,      59.48, 
         Response times:
             Request,    Success,    Partial,     Failed,   SkipFail,     Probes,    Samples,      min,      p50,      p90,      p95,      p99,      max, 
       TotalPurchase,     610739,          0,          0,          0,     336681,     511995,      200,    13800,   190000,   386000,   670000,  1700000,
     InStorePurchase,     317922,          0,          0,          0,     176786,     269947,      200,    13900,   190000,   390000,   660000,  1700000,
      OnlinePurchase,     228338,          0,          0,          0,     124130,     187242,      300,    13700,   181000,   373000,   670000,  1400000,
        InstPurchase,      64479,          0,          0,          0,      35765,      54806,      300,    13800,   181000,   395000,   680000,  1200000,
          AssocOfCat,        633,          0,          0,          0,        520,        905,    23000,    63000,   281800,   452200,   720000,  1100000,
      AssocOfProduct,       6379,          0,          0,          0,       3437,       5483,     1100,    18200,   256600,   512000,   710000,   950000,
      BusinessReport,       1590,          0,          0,          0,       1324,       2181,    30000,    70000,   242000,   467400,   690000,  1100000,
          CustBuyBeh,       6331,          0,          0,          0,       3435,       5374,      600,    13100,   202000,   353000,   640000,  1300000,
       ProductReturn,      16711,          0,          0,          0,       9875,      15137,      200,    13600,   199000,   337000,   516000,  1100000,

  6138s: (77%)   IR =  10654 [6138.879s][info][gc,start       ] GC(2049) Pause Young (Allocation Failure)
[6138.973s][info][gc,heap        ] GC(2049) PSYoungGen: 2596388K(2618880K)->154320K(2618880K) Eden: 2442240K(2442240K)->0K(2441728K) From: 154148K(176640K)->154320K(177152K)
[6138.973s][info][gc,heap        ] GC(2049) ParOldGen: 1931443K(2093056K)->2034275K(2093056K)
[6138.973s][info][gc,metaspace   ] GC(2049) Metaspace: 29083K(29376K)->29083K(29376K) NonClass: 25980K(26112K)->25980K(26112K) Class: 3103K(3264K)->3103K(3264K)
[6138.973s][info][gc             ] GC(2049) Pause Young (Allocation Failure) 4421M->2137M(4601M) 93.474ms
[6138.973s][info][gc,cpu         ] GC(2049) User=0.55s Sys=0.00s Real=0.10s
..[6140.447s][info][gc,start       ] GC(2050) Pause Young (Allocation Failure)
[6140.544s][info][gc,heap        ] GC(2050) PSYoungGen: 2596048K(2618880K)->165541K(2607616K) Eden: 2441728K(2441728K)->0K(2441728K) From: 154320K(177152K)->165541K(165888K)
[6140.544s][info][gc,heap        ] GC(2050) ParOldGen: 2034275K(2093056K)->2135115K(2135552K)
[6140.544s][info][gc,metaspace   ] GC(2050) Metaspace: 29083K(29376K)->29083K(29376K) NonClass: 25980K(26112K)->25980K(26112K) Class: 3103K(3264K)->3103K(3264K)
[6140.544s][info][gc             ] GC(2050) Pause Young (Allocation Failure) 4521M->2246M(4632M) 97.919ms
[6140.545s][info][gc,cpu         ] GC(2050) User=0.56s Sys=0.02s Real=0.10s
.[6142.052s][info][gc,start       ] GC(2051) Pause Young (Allocation Failure)
[6142.153s][info][gc,heap        ] GC(2051) PSYoungGen: 2607269K(2607616K)->157748K(2618880K) Eden: 2441728K(2441728K)->0K(2442240K) From: 165541K(165888K)->157748K(176640K)
[6142.153s][info][gc,heap        ] GC(2051) ParOldGen: 2135115K(2135552K)->2242027K(2242048K)
[6142.153s][info][gc,metaspace   ] GC(2051) Metaspace: 29083K(29376K)->29083K(29376K) NonClass: 25980K(26112K)->25980K(26112K) Class: 3103K(3264K)->3103K(3264K)
[6142.153s][info][gc             ] GC(2051) Pause Young (Allocation Failure) 4631M->2343M(4747M) 100.957ms
[6142.153s][info][gc,cpu         ] GC(2051) User=0.56s Sys=0.04s Real=0.10s
..[6143.605s][info][gc,start       ] GC(2052) Pause Young (Allocation Failure)
[6143.710s][info][gc,heap        ] GC(2052) PSYoungGen: 2599988K(2618880K)->168899K(2618368K) Eden: 2442240K(2442240K)->0K(2442240K) From: 157748K(176640K)->168899K(176128K)
[6143.710s][info][gc,heap        ] GC(2052) ParOldGen: 2242027K(2242048K)->2346739K(2347008K)
[6143.710s][info][gc,metaspace   ] GC(2052) Metaspace: 29083K(29376K)->29083K(29376K) NonClass: 25980K(26112K)->25980K(26112K) Class: 3103K(3264K)->3103K(3264K)
[6143.710s][info][gc             ] GC(2052) Pause Young (Allocation Failure) 4728M->2456M(4849M) 105.296ms
[6143.710s][info][gc,cpu         ] GC(2052) User=0.58s Sys=0.04s Real=0.11s
.[6145.322s][info][gc,start       ] GC(2053) Pause Young (Allocation Failure)
[6145.426s][info][gc,heap        ] GC(2053) PSYoungGen: 2611139K(2618368K)->170720K(2615296K) Eden: 2442240K(2442240K)->0K(2437632K) From: 168899K(176128K)->170720K(177664K)
[6145.426s][info][gc,heap        ] GC(2053) ParOldGen: 2346739K(2347008K)->2449219K(2449408K)
[6145.426s][info][gc,metaspace   ] GC(2053) Metaspace: 29083K(29376K)->29083K(29376K) NonClass: 25980K(26112K)->25980K(26112K) Class: 3103K(3264K)->3103K(3264K)
[6145.426s][info][gc             ] GC(2053) Pause Young (Allocation Failure) 4841M->2558M(4946M) 104.171ms
[6145.426s][info][gc,cpu         ] GC(2053) User=0.59s Sys=0.03s Real=0.10s
..[6146.847s][info][gc,start       ] GC(2054) Pause Young (Allocation Failure)
[6146.949s][info][gc,heap        ] GC(2054) PSYoungGen: 2608352K(2615296K)->156601K(2616832K) Eden: 2437632K(2437632K)->0K(2437632K) From: 170720K(177664K)->156601K(179200K)
[6146.949s][info][gc,heap        ] GC(2054) ParOldGen: 2449219K(2449408K)->2558755K(2558976K)
[6146.949s][info][gc,metaspace   ] GC(2054) Metaspace: 29083K(29376K)->29083K(29376K) NonClass: 25980K(26112K)->25980K(26112K) Class: 3103K(3264K)->3103K(3264K)
[6146.949s][info][gc             ] GC(2054) Pause Young (Allocation Failure) 4939M->2651M(5054M) 101.488ms
[6146.949s][info][gc,cpu         ] GC(2054) User=0.58s Sys=0.02s Real=0.10s
..[6148.469s][info][gc,start       ] GC(2055) Pause Young (Allocation Failure)
[6148.572s][info][gc,heap        ] GC(2055) PSYoungGen: 2594233K(2616832K)->171525K(2614272K) Eden: 2437632K(2437632K)->0K(2435584K) From: 156601K(179200K)->171525K(178688K)
[6148.572s][info][gc,heap        ] GC(2055) ParOldGen: 2558755K(2558976K)->2658979K(2659328K)
[6148.572s][info][gc,metaspace   ] GC(2055) Metaspace: 29083K(29376K)->29083K(29376K) NonClass: 25980K(26112K)->25980K(26112K) Class: 3103K(3264K)->3103K(3264K)
[6148.572s][info][gc             ] GC(2055) Pause Young (Allocation Failure) 5032M->2764M(5150M) 103.321ms
[6148.572s][info][gc,cpu         ] GC(2055) User=0.59s Sys=0.03s Real=0.11s
.[6149.970s][info][gc,start       ] GC(2056) Pause Young (Allocation Failure)
[6150.065s][info][gc,heap        ] GC(2056) PSYoungGen: 2607109K(2614272K)->145120K(2580992K) Eden: 2435584K(2435584K)->0K(2435584K) From: 171525K(178688K)->145120K(145408K)
[6150.065s][info][gc,heap        ] GC(2056) ParOldGen: 2658979K(2659328K)->2768067K(2768384K)
[6150.065s][info][gc,metaspace   ] GC(2056) Metaspace: 29083K(29376K)->29083K(29376K) NonClass: 25980K(26112K)->25980K(26112K) Class: 3103K(3264K)->3103K(3264K)
[6150.065s][info][gc             ] GC(2056) Pause Young (Allocation Failure) 5142M->2844M(5224M) 94.670ms
[6150.065s][info][gc,cpu         ] GC(2056) User=0.53s Sys=0.03s Real=0.09s
..[6151.517s][info][gc,start       ] GC(2057) Pause Young (Allocation Failure)
[6151.619s][info][gc,heap        ] GC(2057) PSYoungGen: 2580704K(2580992K)->163776K(2615296K) Eden: 2435584K(2435584K)->0K(2433536K) From: 145120K(145408K)->163776K(181760K)
[6151.619s][info][gc,heap        ] GC(2057) ParOldGen: 2768067K(2768384K)->2870067K(2870272K)
[6151.619s][info][gc,metaspace   ] GC(2057) Metaspace: 29083K(29376K)->29083K(29376K) NonClass: 25980K(26112K)->25980K(26112K) Class: 3103K(3264K)->3103K(3264K)
[6151.619s][info][gc             ] GC(2057) Pause Young (Allocation Failure) 5223M->2962M(5357M) 102.045ms
[6151.619s][info][gc,cpu         ] GC(2057) User=0.56s Sys=0.04s Real=0.10s
.[6153.136s][info][gc,start       ] GC(2058) Pause Young (Allocation Failure)
[6153.237s][info][gc,heap        ] GC(2058) PSYoungGen: 2597312K(2615296K)->159333K(2593280K) Eden: 2433536K(2433536K)->0K(2433536K) From: 163776K(181760K)->159333K(159744K)
[6153.237s][info][gc,heap        ] GC(2058) ParOldGen: 2870067K(2870272K)->2976019K(2976256K)
[6153.237s][info][gc,metaspace   ] GC(2058) Metaspace: 29083K(29376K)->29083K(29376K) NonClass: 25980K(26112K)->25980K(26112K) Class: 3103K(3264K)->3103K(3264K)
[6153.237s][info][gc             ] GC(2058) Pause Young (Allocation Failure) 5339M->3061M(5439M) 100.764ms
[6153.237s][info][gc,cpu         ] GC(2058) User=0.57s Sys=0.03s Real=0.10s
..[6154.786s][info][gc,start       ] GC(2059) Pause Young (Allocation Failure)
[6154.889s][info][gc,heap        ] GC(2059) PSYoungGen: 2592869K(2593280K)->169875K(2611200K) Eden: 2433536K(2433536K)->0K(2432000K) From: 159333K(159744K)->169875K(179200K)
[6154.889s][info][gc,heap        ] GC(2059) ParOldGen: 2976019K(2976256K)->3076907K(3077120K)
[6154.889s][info][gc,metaspace   ] GC(2059) Metaspace: 29083K(29376K)->29083K(29376K) NonClass: 25980K(26112K)->25980K(26112K) Class: 3103K(3264K)->3103K(3264K)
[6154.889s][info][gc             ] GC(2059) Pause Young (Allocation Failure) 5438M->3170M(5555M) 103.466ms
[6154.890s][info][gc,cpu         ] GC(2059) User=0.59s Sys=0.03s Real=0.10s
.[6156.299s][info][gc,start       ] GC(2060) Pause Young (Allocation Failure)
[6156.401s][info][gc,heap        ] GC(2060) PSYoungGen: 2601875K(2611200K)->159684K(2612736K) Eden: 2432000K(2432000K)->0K(2432000K) From: 169875K(179200K)->159684K(180736K)
[6156.401s][info][gc,heap        ] GC(2060) ParOldGen: 3076907K(3077120K)->3185595K(3185664K)
[6156.401s][info][gc,metaspace   ] GC(2060) Metaspace: 29083K(29376K)->29083K(29376K) NonClass: 25980K(26112K)->25980K(26112K) Class: 3103K(3264K)->3103K(3264K)
[6156.401s][info][gc             ] GC(2060) Pause Young (Allocation Failure) 5545M->3266M(5662M) 102.154ms
[6156.401s][info][gc,cpu         ] GC(2060) User=0.58s Sys=0.03s Real=0.11s
..[6157.888s][info][gc,start       ] GC(2061) Pause Young (Allocation Failure)
[6157.988s][info][gc,heap        ] GC(2061) PSYoungGen: 2591684K(2612736K)->157518K(2613248K) Eden: 2432000K(2432000K)->0K(2436096K) From: 159684K(180736K)->157518K(177152K)
[6157.988s][info][gc,heap        ] GC(2061) ParOldGen: 3185595K(3185664K)->3289403K(3289600K)
[6157.988s][info][gc,metaspace   ] GC(2061) Metaspace: 29083K(29376K)->29083K(29376K) NonClass: 25980K(26112K)->25980K(26112K) Class: 3103K(3264K)->3103K(3264K)
[6157.988s][info][gc             ] GC(2061) Pause Young (Allocation Failure) 5641M->3366M(5764M) 100.855ms
[6157.988s][info][gc,cpu         ] GC(2061) User=0.56s Sys=0.04s Real=0.10s
..[6159.530s][info][gc,start       ] GC(2062) Pause Young (Allocation Failure)
[6159.634s][info][gc,heap        ] GC(2062) PSYoungGen: 2593614K(2613248K)->166670K(2614272K) Eden: 2436096K(2436096K)->0K(2436096K) From: 157518K(177152K)->166670K(178176K)
[6159.634s][info][gc,heap        ] GC(2062) ParOldGen: 3289403K(3289600K)->3393619K(3394048K)
[6159.634s][info][gc,metaspace   ] GC(2062) Metaspace: 29083K(29376K)->29083K(29376K) NonClass: 25980K(26112K)->25980K(26112K) Class: 3103K(3264K)->3103K(3264K)
[6159.634s][info][gc             ] GC(2062) Pause Young (Allocation Failure) 5745M->3476M(5867M) 104.903ms
[6159.634s][info][gc,cpu         ] GC(2062) User=0.59s Sys=0.03s Real=0.11s
.[6161.112s][info][gc,start       ] GC(2063) Pause Young (Allocation Failure)
[6161.209s][info][gc,heap        ] GC(2063) PSYoungGen: 2602766K(2614272K)->154112K(2617344K) Eden: 2436096K(2436096K)->0K(2439168K) From: 166670K(178176K)->154112K(178176K)
[6161.209s][info][gc,heap        ] GC(2063) ParOldGen: 3393619K(3394048K)->3495083K(3495424K)
[6161.209s][info][gc,metaspace   ] GC(2063) Metaspace: 29083K(29376K)->29083K(29376K) NonClass: 25980K(26112K)->25980K(26112K) Class: 3103K(3264K)->3103K(3264K)
[6161.209s][info][gc             ] GC(2063) Pause Young (Allocation Failure) 5855M->3563M(5969M) 97.452ms
[6161.209s][info][gc,cpu         ] GC(2063) User=0.53s Sys=0.04s Real=0.09s
..[6162.709s][info][gc,start       ] GC(2064) Pause Young (Allocation Failure)
[6162.812s][info][gc,heap        ] GC(2064) PSYoungGen: 2593280K(2617344K)->167392K(2617344K) Eden: 2439168K(2439168K)->0K(2439168K) From: 154112K(178176K)->167392K(178176K)
[6162.812s][info][gc,heap        ] GC(2064) ParOldGen: 3495083K(3495424K)->3600515K(3600896K)
[6162.812s][info][gc,metaspace   ] GC(2064) Metaspace: 29083K(29376K)->29083K(29376K) NonClass: 25980K(26112K)->25980K(26112K) Class: 3103K(3264K)->3103K(3264K)
[6162.812s][info][gc             ] GC(2064) Pause Young (Allocation Failure) 5945M->3679M(6072M) 103.514ms
[6162.812s][info][gc,cpu         ] GC(2064) User=0.58s Sys=0.03s Real=0.11s
.[6164.250s][info][gc,start       ] GC(2065) Pause Young (Allocation Failure)
[6164.352s][info][gc,heap        ] GC(2065) PSYoungGen: 2606560K(2617344K)->161284K(2615296K) Eden: 2439168K(2439168K)->0K(2439168K) From: 167392K(178176K)->161284K(176128K)
[6164.352s][info][gc,heap        ] GC(2065) ParOldGen: 3600515K(3600896K)->3705187K(3705344K)
[6164.352s][info][gc,metaspace   ] GC(2065) Metaspace: 29083K(29376K)->29083K(29376K) NonClass: 25980K(26112K)->25980K(26112K) Class: 3103K(3264K)->3103K(3264K)
[6164.352s][info][gc             ] GC(2065) Pause Young (Allocation Failure) 6061M->3775M(6172M) 102.617ms
[6164.352s][info][gc,cpu         ] GC(2065) User=0.57s Sys=0.04s Real=0.11s
..[6165.842s][info][gc,start       ] GC(2066) Pause Young (Allocation Failure)
[6165.950s][info][gc,heap        ] GC(2066) PSYoungGen: 2600452K(2615296K)->175385K(2614784K) Eden: 2439168K(2439168K)->0K(2439168K) From: 161284K(176128K)->175385K(175616K)
[6165.950s][info][gc,heap        ] GC(2066) ParOldGen: 3705187K(3705344K)->3808715K(3808768K)
[6165.950s][info][gc,metaspace   ] GC(2066) Metaspace: 29083K(29376K)->29083K(29376K) NonClass: 25980K(26112K)->25980K(26112K) Class: 3103K(3264K)->3103K(3264K)
[6165.950s][info][gc             ] GC(2066) Pause Young (Allocation Failure) 6157M->3890M(6273M) 108.153ms
[6165.950s][info][gc,cpu         ] GC(2066) User=0.60s Sys=0.04s Real=0.10s
.[6167.349s][info][gc,start       ] GC(2067) Pause Young (Allocation Failure)
[6167.452s][info][gc,heap        ] GC(2067) PSYoungGen: 2614553K(2614784K)->162613K(2616832K) Eden: 2439168K(2439168K)->0K(2436096K) From: 175385K(175616K)->162613K(180736K)
[6167.452s][info][gc,heap        ] GC(2067) ParOldGen: 3808715K(3808768K)->3912867K(3913216K)
[6167.452s][info][gc,metaspace   ] GC(2067) Metaspace: 29083K(29376K)->29083K(29376K) NonClass: 25980K(26112K)->25980K(26112K) Class: 3103K(3264K)->3103K(3264K)
[6167.452s][info][gc             ] GC(2067) Pause Young (Allocation Failure) 6272M->3979M(6377M) 102.641ms
[6167.452s][info][gc,cpu         ] GC(2067) User=0.57s Sys=0.03s Real=0.11s
.[6167.950s][info][gc,start       ] GC(2068) Pause Full (Diagnostic Command)
[6167.950s][info][gc,phases,start] GC(2068) Marking Phase
[6168.258s][info][gc,phases      ] GC(2068) Marking Phase 307.375ms
[6168.258s][info][gc,phases,start] GC(2068) Summary Phase
[6168.258s][info][gc,phases      ] GC(2068) Summary Phase 0.066ms
[6168.258s][info][gc,phases,start] GC(2068) Forward
[6168.392s][info][gc,phases      ] GC(2068) Forward 134.168ms
[6168.392s][info][gc,phases,start] GC(2068) Adjust Pointers
[6168.606s][info][gc,phases      ] GC(2068) Adjust Pointers 214.098ms
[6168.606s][info][gc,phases,start] GC(2068) Compaction Phase
[6168.772s][info][gc,phases      ] GC(2068) Compaction Phase 166.138ms
[6168.773s][info][gc,phases,start] GC(2068) Post Compact
[6168.777s][info][gc,phases      ] GC(2068) Post Compact 4.327ms
[6168.777s][info][gc,heap        ] GC(2068) PSYoungGen: 1078031K(2616832K)->0K(2616832K) Eden: 915418K(2436096K)->0K(2436096K) From: 162613K(180736K)->0K(180736K)
[6168.777s][info][gc,heap        ] GC(2068) ParOldGen: 3912867K(3913216K)->1348282K(3913216K)
[6168.777s][info][gc,metaspace   ] GC(2068) Metaspace: 29083K(29376K)->29083K(29376K) NonClass: 25980K(26112K)->25980K(26112K) Class: 3103K(3264K)->3103K(3264K)
[6168.777s][info][gc             ] GC(2068) Pause Full (Diagnostic Command) 4873M->1316M(6377M) 827.373ms
[6168.778s][info][gc,cpu         ] GC(2068) User=4.53s Sys=0.00s Real=0.82s
. (rIR:aIR:PR = 10654:10380:10378) (tPR = 155191) [IR is under limit] [PR is under limit] 
  6168s: Performance info:
         Transaction,    Success,    Partial,     Failed,   Receipts, AvgBarcode, 
             Overall,     211046,          0,          0,     200846,      59.48, 
         Response times:
             Request,    Success,    Partial,     Failed,   SkipFail,     Probes,    Samples,      min,      p50,      p90,      p95,      p99,      max, 
       TotalPurchase,     200892,          0,          0,          0,     114698,     175235,      300,    13000,    88000,   119000,   168000,   890000,
     InStorePurchase,     106102,          0,          0,          0,      60369,      92216,      300,    12900,    88000,   119000,   168000,   890000,
      OnlinePurchase,      74351,          0,          0,          0,      42297,      64543,      300,    12900,    88000,   119000,   166000,   890000,
        InstPurchase,      20439,          0,          0,          0,      12032,      18476,      300,    14300,    92000,   122150,   172000,   890000,
          AssocOfCat,        208,          0,          0,          0,        179,        293,    23000,    59000,   157800,   201900,   250000,   256000,
      AssocOfProduct,       2109,          0,          0,          0,       1182,       1864,      600,    13800,    91000,   114000,   151700,   219000,
      BusinessReport,        524,          0,          0,          0,        463,        764,    29000,    65000,   148500,   176000,   215350,   337000,
          CustBuyBeh,       2081,          0,          0,          0,       1184,       1909,      200,     9700,    82000,   110000,   171300,   219000,
       ProductReturn,       5280,          0,          0,          0,       3027,       4671,      200,    14700,    96000,   128000,   172000,   223000,

  6168s: 
  6168s: Failed, 8 overall retries left, retrying 1 of 1
  6168s: (77%)   IR =  10654 .[6170.169s][info][gc,start       ] GC(2069) Pause Young (Allocation Failure)
[6170.232s][info][gc,heap        ] GC(2069) PSYoungGen: 2436096K(2616832K)->152864K(2615296K) Eden: 2436096K(2436096K)->0K(2436096K) From: 0K(180736K)->152864K(179200K)
[6170.232s][info][gc,heap        ] GC(2069) ParOldGen: 1348282K(3913216K)->1348282K(3913216K)
[6170.232s][info][gc,metaspace   ] GC(2069) Metaspace: 29083K(29376K)->29083K(29376K) NonClass: 25980K(26112K)->25980K(26112K) Class: 3103K(3264K)->3103K(3264K)
[6170.232s][info][gc             ] GC(2069) Pause Young (Allocation Failure) 3695M->1465M(6375M) 62.965ms
[6170.232s][info][gc,cpu         ] GC(2069) User=0.38s Sys=0.00s Real=0.07s
.[6171.538s][info][gc,start       ] GC(2070) Pause Young (Allocation Failure)
[6171.632s][info][gc,heap        ] GC(2070) PSYoungGen: 2588960K(2615296K)->162096K(2615296K) Eden: 2436096K(2436096K)->0K(2437632K) From: 152864K(179200K)->162096K(177664K)
[6171.632s][info][gc,heap        ] GC(2070) ParOldGen: 1348282K(3913216K)->1449914K(3913216K)
[6171.632s][info][gc,metaspace   ] GC(2070) Metaspace: 29083K(29376K)->29083K(29376K) NonClass: 25980K(26112K)->25980K(26112K) Class: 3103K(3264K)->3103K(3264K)
[6171.632s][info][gc             ] GC(2070) Pause Young (Allocation Failure) 3844M->1574M(6375M) 94.784ms
[6171.633s][info][gc,cpu         ] GC(2070) User=0.56s Sys=0.00s Real=0.10s
.[6173.025s][info][gc,start       ] GC(2071) Pause Young (Allocation Failure)
[6173.123s][info][gc,heap        ] GC(2071) PSYoungGen: 2599728K(2615296K)->161238K(2615296K) Eden: 2437632K(2437632K)->0K(2437632K) From: 162096K(177664K)->161238K(177664K)
[6173.123s][info][gc,heap        ] GC(2071) ParOldGen: 1449914K(3913216K)->1552474K(3913216K)
[6173.123s][info][gc,metaspace   ] GC(2071) Metaspace: 29083K(29376K)->29083K(29376K) NonClass: 25980K(26112K)->25980K(26112K) Class: 3103K(3264K)->3103K(3264K)
[6173.123s][info][gc             ] GC(2071) Pause Young (Allocation Failure) 3954M->1673M(6375M) 97.939ms
[6173.123s][info][gc,cpu         ] GC(2071) User=0.57s Sys=0.00s Real=0.10s
..[6174.459s][info][gc,start       ] GC(2072) Pause Young (Allocation Failure)
[6174.559s][info][gc,heap        ] GC(2072) PSYoungGen: 2598870K(2615296K)->171572K(2614784K) Eden: 2437632K(2437632K)->0K(2438656K) From: 161238K(177664K)->171572K(176128K)
[6174.559s][info][gc,heap        ] GC(2072) ParOldGen: 1552474K(3913216K)->1655178K(3913216K)
[6174.559s][info][gc,metaspace   ] GC(2072) Metaspace: 29083K(29376K)->29083K(29376K) NonClass: 25980K(26112K)->25980K(26112K) Class: 3103K(3264K)->3103K(3264K)
[6174.559s][info][gc             ] GC(2072) Pause Young (Allocation Failure) 4054M->1783M(6375M) 100.440ms
[6174.559s][info][gc,cpu         ] GC(2072) User=0.59s Sys=0.00s Real=0.10s
.[6176.043s][info][gc,start       ] GC(2073) Pause Young (Allocation Failure)
[6176.132s][info][gc,heap        ] GC(2073) PSYoungGen: 2610228K(2614784K)->148384K(2616832K) Eden: 2438656K(2438656K)->0K(2438656K) From: 171572K(176128K)->148384K(178176K)
[6176.132s][info][gc,heap        ] GC(2073) ParOldGen: 1655178K(3913216K)->1759402K(3913216K)
[6176.132s][info][gc,metaspace   ] GC(2073) Metaspace: 29083K(29376K)->29083K(29376K) NonClass: 25980K(26112K)->25980K(26112K) Class: 3103K(3264K)->3103K(3264K)
[6176.132s][info][gc             ] GC(2073) Pause Young (Allocation Failure) 4165M->1863M(6377M) 89.731ms
[6176.132s][info][gc,cpu         ] GC(2073) User=0.53s Sys=0.00s Real=0.09s
..[6177.657s][info][gc,start       ] GC(2074) Pause Young (Allocation Failure)
[6177.755s][info][gc,heap        ] GC(2074) PSYoungGen: 2587040K(2616832K)->167520K(2615808K) Eden: 2438656K(2438656K)->0K(2436608K) From: 148384K(178176K)->167520K(179200K)
[6177.756s][info][gc,heap        ] GC(2074) ParOldGen: 1759402K(3913216K)->1862114K(3913216K)
[6177.756s][info][gc,metaspace   ] GC(2074) Metaspace: 29083K(29376K)->29083K(29376K) NonClass: 25980K(26112K)->25980K(26112K) Class: 3103K(3264K)->3103K(3264K)
[6177.756s][info][gc             ] GC(2074) Pause Young (Allocation Failure) 4244M->1982M(6376M) 98.472ms
[6177.756s][info][gc,cpu         ] GC(2074) User=0.58s Sys=0.00s Real=0.10s
.[6179.234s][info][gc,start       ] GC(2075) Pause Young (Allocation Failure)
[6179.327s][info][gc,heap        ] GC(2075) PSYoungGen: 2604128K(2615808K)->150272K(2587136K) Eden: 2436608K(2436608K)->0K(2436608K) From: 167520K(179200K)->150272K(150528K)
[6179.327s][info][gc,heap        ] GC(2075) ParOldGen: 1862114K(3913216K)->1970538K(3913216K)
[6179.327s][info][gc,metaspace   ] GC(2075) Metaspace: 29083K(29376K)->29083K(29376K) NonClass: 25980K(26112K)->25980K(26112K) Class: 3103K(3264K)->3103K(3264K)
[6179.327s][info][gc             ] GC(2075) Pause Young (Allocation Failure) 4361M->2071M(6348M) 92.448ms
[6179.327s][info][gc,cpu         ] GC(2075) User=0.54s Sys=0.00s Real=0.09s
..[6180.828s][info][gc,start       ] GC(2076) Pause Young (Allocation Failure)
[6180.930s][info][gc,heap        ] GC(2076) PSYoungGen: 2586880K(2587136K)->177109K(2607616K) Eden: 2436608K(2436608K)->0K(2427392K) From: 150272K(150528K)->177109K(180224K)
[6180.930s][info][gc,heap        ] GC(2076) ParOldGen: 1970538K(3913216K)->2073002K(3913216K)
[6180.930s][info][gc,metaspace   ] GC(2076) Metaspace: 29083K(29376K)->29083K(29376K) NonClass: 25980K(26112K)->25980K(26112K) Class: 3103K(3264K)->3103K(3264K)
[6180.930s][info][gc             ] GC(2076) Pause Young (Allocation Failure) 4450M->2197M(6368M) 102.351ms
[6180.930s][info][gc,cpu         ] GC(2076) User=0.59s Sys=0.01s Real=0.11s
..[6182.517s][info][gc,start       ] GC(2077) Pause Young (Allocation Failure)
[6182.615s][info][gc,heap        ] GC(2077) PSYoungGen: 2604501K(2607616K)->162880K(2611712K) Eden: 2427392K(2427392K)->0K(2427392K) From: 177109K(180224K)->162880K(184320K)
[6182.615s][info][gc,heap        ] GC(2077) ParOldGen: 2073002K(3913216K)->2177802K(3913216K)
[6182.615s][info][gc,metaspace   ] GC(2077) Metaspace: 29083K(29376K)->29083K(29376K) NonClass: 25980K(26112K)->25980K(26112K) Class: 3103K(3264K)->3103K(3264K)
[6182.615s][info][gc             ] GC(2077) Pause Young (Allocation Failure) 4567M->2285M(6372M) 98.308ms
[6182.615s][info][gc,cpu         ] GC(2077) User=0.58s Sys=0.00s Real=0.10s
.[6184.136s][info][gc,start       ] GC(2078) Pause Young (Allocation Failure)
[6184.231s][info][gc,heap        ] GC(2078) PSYoungGen: 2590272K(2611712K)->156992K(2607616K) Eden: 2427392K(2427392K)->0K(2429440K) From: 162880K(184320K)->156992K(178176K)
[6184.231s][info][gc,heap        ] GC(2078) ParOldGen: 2177802K(3913216K)->2278906K(3913216K)
[6184.231s][info][gc,metaspace   ] GC(2078) Metaspace: 29083K(29376K)->29083K(29376K) NonClass: 25980K(26112K)->25980K(26112K) Class: 3103K(3264K)->3103K(3264K)
[6184.231s][info][gc             ] GC(2078) Pause Young (Allocation Failure) 4656M->2378M(6368M) 94.875ms
[6184.231s][info][gc,cpu         ] GC(2078) User=0.56s Sys=0.00s Real=0.10s
..[6185.703s][info][gc,start       ] GC(2079) Pause Young (Allocation Failure)
[6185.800s][info][gc,heap        ] GC(2079) PSYoungGen: 2586432K(2607616K)->160624K(2610688K) Eden: 2429440K(2429440K)->0K(2429440K) From: 156992K(178176K)->160624K(181248K)
[6185.800s][info][gc,heap        ] GC(2079) ParOldGen: 2278906K(3913216K)->2388914K(3913216K)
[6185.800s][info][gc,metaspace   ] GC(2079) Metaspace: 29083K(29376K)->29083K(29376K) NonClass: 25980K(26112K)->25980K(26112K) Class: 3103K(3264K)->3103K(3264K)
[6185.800s][info][gc             ] GC(2079) Pause Young (Allocation Failure) 4751M->2489M(6371M) 96.903ms
[6185.800s][info][gc,cpu         ] GC(2079) User=0.57s Sys=0.00s Real=0.10s
.[6187.257s][info][gc,start       ] GC(2080) Pause Young (Allocation Failure)
[6187.351s][info][gc,heap        ] GC(2080) PSYoungGen: 2590064K(2610688K)->158560K(2610176K) Eden: 2429440K(2429440K)->0K(2435072K) From: 160624K(181248K)->158560K(175104K)
[6187.351s][info][gc,heap        ] GC(2080) ParOldGen: 2388914K(3913216K)->2489866K(3913216K)
[6187.351s][info][gc,metaspace   ] GC(2080) Metaspace: 29083K(29376K)->29083K(29376K) NonClass: 25980K(26112K)->25980K(26112K) Class: 3103K(3264K)->3103K(3264K)
[6187.351s][info][gc             ] GC(2080) Pause Young (Allocation Failure) 4862M->2586M(6370M) 94.156ms
[6187.351s][info][gc,cpu         ] GC(2080) User=0.55s Sys=0.00s Real=0.10s
..[6188.892s][info][gc,start       ] GC(2081) Pause Young (Allocation Failure)
[6188.985s][info][gc,heap        ] GC(2081) PSYoungGen: 2593632K(2610176K)->152879K(2613248K) Eden: 2435072K(2435072K)->0K(2435072K) From: 158560K(175104K)->152879K(178176K)
[6188.985s][info][gc,heap        ] GC(2081) ParOldGen: 2489866K(3913216K)->2594730K(3913216K)
[6188.985s][info][gc,metaspace   ] GC(2081) Metaspace: 29083K(29376K)->29083K(29376K) NonClass: 25980K(26112K)->25980K(26112K) Class: 3103K(3264K)->3103K(3264K)
[6188.985s][info][gc             ] GC(2081) Pause Young (Allocation Failure) 4964M->2683M(6373M) 92.982ms
[6188.985s][info][gc,cpu         ] GC(2081) User=0.54s Sys=0.00s Real=0.09s
..[6190.492s][info][gc,start       ] GC(2082) Pause Young (Allocation Failure)
[6190.591s][info][gc,heap        ] GC(2082) PSYoungGen: 2587951K(2613248K)->166656K(2616832K) Eden: 2435072K(2435072K)->0K(2438656K) From: 152879K(178176K)->166656K(178176K)
[6190.591s][info][gc,heap        ] GC(2082) ParOldGen: 2594730K(3913216K)->2698538K(3913216K)
[6190.591s][info][gc,metaspace   ] GC(2082) Metaspace: 29083K(29376K)->29083K(29376K) NonClass: 25980K(26112K)->25980K(26112K) Class: 3103K(3264K)->3103K(3264K)
[6190.591s][info][gc             ] GC(2082) Pause Young (Allocation Failure) 5061M->2798M(6377M) 98.931ms
[6190.591s][info][gc,cpu         ] GC(2082) User=0.58s Sys=0.00s Real=0.10s
.[6192.046s][info][gc,start       ] GC(2083) Pause Young (Allocation Failure)
[6192.145s][info][gc,heap        ] GC(2083) PSYoungGen: 2605312K(2616832K)->162045K(2600960K) Eden: 2438656K(2438656K)->0K(2438656K) From: 166656K(178176K)->162045K(162304K)
[6192.145s][info][gc,heap        ] GC(2083) ParOldGen: 2698538K(3913216K)->2804018K(3913216K)
[6192.145s][info][gc,metaspace   ] GC(2083) Metaspace: 29083K(29376K)->29083K(29376K) NonClass: 25980K(26112K)->25980K(26112K) Class: 3103K(3264K)->3103K(3264K)
[6192.145s][info][gc             ] GC(2083) Pause Young (Allocation Failure) 5179M->2896M(6361M) 98.839ms
[6192.145s][info][gc,cpu         ] GC(2083) User=0.59s Sys=0.00s Real=0.10s
..[6193.562s][info][gc,start       ] GC(2084) Pause Young (Allocation Failure)
[6193.658s][info][gc,heap        ] GC(2084) PSYoungGen: 2600701K(2600960K)->161312K(2617856K) Eden: 2438656K(2438656K)->0K(2440704K) From: 162045K(162304K)->161312K(177152K)
[6193.658s][info][gc,heap        ] GC(2084) ParOldGen: 2804018K(3913216K)->2907042K(3913216K)
[6193.658s][info][gc,metaspace   ] GC(2084) Metaspace: 29083K(29376K)->29083K(29376K) NonClass: 25980K(26112K)->25980K(26112K) Class: 3103K(3264K)->3103K(3264K)
[6193.659s][info][gc             ] GC(2084) Pause Young (Allocation Failure) 5278M->2996M(6378M) 96.724ms
[6193.659s][info][gc,cpu         ] GC(2084) User=0.57s Sys=0.00s Real=0.09s
.|[6195.152s][info][gc,start       ] GC(2085) Pause Young (Allocation Failure)
[6195.250s][info][gc,heap        ] GC(2085) PSYoungGen: 2602016K(2617856K)->162800K(2616320K) Eden: 2440704K(2440704K)->0K(2440704K) From: 161312K(177152K)->162800K(175616K)
[6195.250s][info][gc,heap        ] GC(2085) ParOldGen: 2907042K(3913216K)->3011610K(3913216K)
[6195.250s][info][gc,metaspace   ] GC(2085) Metaspace: 29083K(29376K)->29083K(29376K) NonClass: 25980K(26112K)->25980K(26112K) Class: 3103K(3264K)->3103K(3264K)
[6195.250s][info][gc             ] GC(2085) Pause Young (Allocation Failure) 5379M->3100M(6376M) 98.427ms
[6195.250s][info][gc,cpu         ] GC(2085) User=0.58s Sys=0.00s Real=0.10s
..[6196.835s][info][gc,start       ] GC(2086) Pause Young (Allocation Failure)
[6196.939s][info][gc,heap        ] GC(2086) PSYoungGen: 2603504K(2616320K)->174579K(2534400K) Eden: 2440704K(2440704K)->0K(2359808K) From: 162800K(175616K)->174579K(174592K)
[6196.939s][info][gc,heap        ] GC(2086) ParOldGen: 3011610K(3913216K)->3118626K(3913216K)
[6196.939s][info][gc,metaspace   ] GC(2086) Metaspace: 29083K(29376K)->29083K(29376K) NonClass: 25980K(26112K)->25980K(26112K) Class: 3103K(3264K)->3103K(3264K)
[6196.939s][info][gc             ] GC(2086) Pause Young (Allocation Failure) 5483M->3216M(6296M) 103.990ms
[6196.939s][info][gc,cpu         ] GC(2086) User=0.61s Sys=0.00s Real=0.10s
.[6198.336s][info][gc,start       ] GC(2087) Pause Young (Allocation Failure)
[6198.439s][info][gc,heap        ] GC(2087) PSYoungGen: 2534387K(2534400K)->171700K(2577920K) Eden: 2359808K(2359808K)->0K(2359808K) From: 174579K(174592K)->171700K(218112K)
[6198.439s][info][gc,heap        ] GC(2087) ParOldGen: 3118626K(3913216K)->3224706K(3913216K)
[6198.439s][info][gc,metaspace   ] GC(2087) Metaspace: 29083K(29376K)->29083K(29376K) NonClass: 25980K(26112K)->25980K(26112K) Class: 3103K(3264K)->3103K(3264K)
[6198.439s][info][gc             ] GC(2087) Pause Young (Allocation Failure) 5520M->3316M(6339M) 102.472ms
[6198.439s][info][gc,cpu         ] GC(2087) User=0.61s Sys=0.00s Real=0.10s
..[6199.830s][info][gc,start       ] GC(2088) Pause Young (Allocation Failure)
[6199.926s][info][gc,heap        ] GC(2088) PSYoungGen: 2531508K(2577920K)->158944K(2570752K) Eden: 2359808K(2359808K)->0K(2363904K) From: 171700K(218112K)->158944K(206848K)
[6199.926s][info][gc,heap        ] GC(2088) ParOldGen: 3224706K(3913216K)->3330090K(3913216K)
[6199.926s][info][gc,metaspace   ] GC(2088) Metaspace: 29083K(29376K)->29083K(29376K) NonClass: 25980K(26112K)->25980K(26112K) Class: 3103K(3264K)->3103K(3264K)
[6199.926s][info][gc             ] GC(2088) Pause Young (Allocation Failure) 5621M->3407M(6332M) 96.106ms
[6199.926s][info][gc,cpu         ] GC(2088) User=0.56s Sys=0.00s Real=0.10s
.[6201.338s][info][gc,start       ] GC(2089) Pause Young (Allocation Failure)
[6201.438s][info][gc,heap        ] GC(2089) PSYoungGen: 2522848K(2570752K)->165897K(2576384K) Eden: 2363904K(2363904K)->0K(2363904K) From: 158944K(206848K)->165897K(212480K)
[6201.438s][info][gc,heap        ] GC(2089) ParOldGen: 3330090K(3913216K)->3430466K(3913216K)
[6201.438s][info][gc,metaspace   ] GC(2089) Metaspace: 29083K(29376K)->29083K(29376K) NonClass: 25980K(26112K)->25980K(26112K) Class: 3103K(3264K)->3103K(3264K)
[6201.438s][info][gc             ] GC(2089) Pause Young (Allocation Failure) 5715M->3512M(6337M) 99.758ms
[6201.438s][info][gc,cpu         ] GC(2089) User=0.58s Sys=0.00s Real=0.10s
..[6202.948s][info][gc,start       ] GC(2090) Pause Young (Allocation Failure)
[6203.047s][info][gc,heap        ] GC(2090) PSYoungGen: 2529801K(2576384K)->161993K(2575872K) Eden: 2363904K(2363904K)->0K(2374144K) From: 165897K(212480K)->161993K(201728K)
[6203.047s][info][gc,heap        ] GC(2090) ParOldGen: 3430466K(3913216K)->3531802K(3913216K)
[6203.047s][info][gc,metaspace   ] GC(2090) Metaspace: 29083K(29376K)->29083K(29376K) NonClass: 25980K(26112K)->25980K(26112K) Class: 3103K(3264K)->3103K(3264K)
[6203.047s][info][gc             ] GC(2090) Pause Young (Allocation Failure) 5820M->3607M(6337M) 98.592ms
[6203.047s][info][gc,cpu         ] GC(2090) User=0.58s Sys=0.00s Real=0.10s
.[6204.565s][info][gc,start       ] GC(2091) Pause Young (Allocation Failure)
[6204.660s][info][gc,heap        ] GC(2091) PSYoungGen: 2536137K(2575872K)->155200K(2580992K) Eden: 2374144K(2374144K)->0K(2374144K) From: 161993K(201728K)->155200K(206848K)
[6204.660s][info][gc,heap        ] GC(2091) ParOldGen: 3531802K(3913216K)->3635026K(3913216K)
[6204.660s][info][gc,metaspace   ] GC(2091) Metaspace: 29083K(29376K)->29083K(29376K) NonClass: 25980K(26112K)->25980K(26112K) Class: 3103K(3264K)->3103K(3264K)
[6204.660s][info][gc             ] GC(2091) Pause Young (Allocation Failure) 5925M->3701M(6342M) 94.912ms
[6204.660s][info][gc,cpu         ] GC(2091) User=0.56s Sys=0.00s Real=0.10s
..[6206.149s][info][gc,start       ] GC(2092) Pause Young (Allocation Failure)
[6206.245s][info][gc,heap        ] GC(2092) PSYoungGen: 2528884K(2580992K)->155296K(2586112K) Eden: 2373684K(2374144K)->0K(2383360K) From: 155200K(206848K)->155296K(202752K)
[6206.245s][info][gc,heap        ] GC(2092) ParOldGen: 3635026K(3913216K)->3738122K(3913216K)
[6206.245s][info][gc,metaspace   ] GC(2092) Metaspace: 29083K(29376K)->29083K(29376K) NonClass: 25980K(26112K)->25980K(26112K) Class: 3103K(3264K)->3103K(3264K)
[6206.245s][info][gc             ] GC(2092) Pause Young (Allocation Failure) 6019M->3802M(6347M) 96.118ms
[6206.245s][info][gc,cpu         ] GC(2092) User=0.56s Sys=0.00s Real=0.10s
..[6207.829s][info][gc,start       ] GC(2093) Pause Young (Allocation Failure)
[6207.929s][info][gc,heap        ] GC(2093) PSYoungGen: 2538656K(2586112K)->166788K(2588160K) Eden: 2383360K(2383360K)->0K(2383360K) From: 155296K(202752K)->166788K(204800K)
[6207.929s][info][gc,heap        ] GC(2093) ParOldGen: 3738122K(3913216K)->3839714K(3913216K)
[6207.929s][info][gc,metaspace   ] GC(2093) Metaspace: 29083K(29376K)->29083K(29376K) NonClass: 25980K(26112K)->25980K(26112K) Class: 3103K(3264K)->3103K(3264K)
[6207.929s][info][gc             ] GC(2093) Pause Young (Allocation Failure) 6129M->3912M(6349M) 99.538ms
[6207.929s][info][gc,cpu         ] GC(2093) User=0.58s Sys=0.00s Real=0.10s
.[6209.366s][info][gc,start       ] GC(2094) Pause Young (Allocation Failure)
[6209.466s][info][gc,heap        ] GC(2094) PSYoungGen: 2550148K(2588160K)->159589K(2588672K) Eden: 2383360K(2383360K)->0K(2390016K) From: 166788K(204800K)->159589K(198656K)
[6209.466s][info][gc,heap        ] GC(2094) ParOldGen: 3839714K(3913216K)->3944426K(3944448K)
[6209.466s][info][gc,metaspace   ] GC(2094) Metaspace: 29083K(29376K)->29083K(29376K) NonClass: 25980K(26112K)->25980K(26112K) Class: 3103K(3264K)->3103K(3264K)
[6209.466s][info][gc             ] GC(2094) Pause Young (Allocation Failure) 6240M->4007M(6380M) 100.121ms
[6209.466s][info][gc,cpu         ] GC(2094) User=0.58s Sys=0.01s Real=0.10s
..[6210.944s][info][gc,start       ] GC(2095) Pause Young (Allocation Failure)
[6211.042s][info][gc,heap        ] GC(2095) PSYoungGen: 2549605K(2588672K)->152805K(2589184K) Eden: 2390016K(2390016K)->0K(2390016K) From: 159589K(198656K)->152805K(199168K)
[6211.042s][info][gc,heap        ] GC(2095) ParOldGen: 3944426K(3944448K)->4043986K(4044288K)
[6211.042s][info][gc,metaspace   ] GC(2095) Metaspace: 29083K(29376K)->29083K(29376K) NonClass: 25980K(26112K)->25980K(26112K) Class: 3103K(3264K)->3103K(3264K)
[6211.042s][info][gc             ] GC(2095) Pause Young (Allocation Failure) 6341M->4098M(6478M) 98.289ms
[6211.042s][info][gc,cpu         ] GC(2095) User=0.55s Sys=0.03s Real=0.10s
.[6212.507s][info][gc,start       ] GC(2096) Pause Young (Allocation Failure)
[6212.611s][info][gc,heap        ] GC(2096) PSYoungGen: 2542821K(2589184K)->166816K(2592256K) Eden: 2390016K(2390016K)->0K(2398720K) From: 152805K(199168K)->166816K(193536K)
[6212.611s][info][gc,heap        ] GC(2096) ParOldGen: 4043986K(4044288K)->4146578K(4146688K)
[6212.611s][info][gc,metaspace   ] GC(2096) Metaspace: 29083K(29376K)->29083K(29376K) NonClass: 25980K(26112K)->25980K(26112K) Class: 3103K(3264K)->3103K(3264K)
[6212.611s][info][gc             ] GC(2096) Pause Young (Allocation Failure) 6432M->4212M(6581M) 103.822ms
[6212.611s][info][gc,cpu         ] GC(2096) User=0.58s Sys=0.03s Real=0.11s
..[6214.054s][info][gc,start       ] GC(2097) Pause Young (Allocation Failure)
[6214.150s][info][gc,heap        ] GC(2097) PSYoungGen: 2565536K(2592256K)->146144K(2594304K) Eden: 2398720K(2398720K)->0K(2398720K) From: 166816K(193536K)->146144K(195584K)
[6214.150s][info][gc,heap        ] GC(2097) ParOldGen: 4146578K(4146688K)->4251850K(4252160K)
[6214.150s][info][gc,metaspace   ] GC(2097) Metaspace: 29083K(29376K)->29083K(29376K) NonClass: 25980K(26112K)->25980K(26112K) Class: 3103K(3264K)->3103K(3264K)
[6214.150s][info][gc             ] GC(2097) Pause Young (Allocation Failure) 6554M->4294M(6686M) 96.143ms
[6214.150s][info][gc,cpu         ] GC(2097) User=0.53s Sys=0.03s Real=0.09s
.[6215.600s][info][gc,start       ] GC(2098) Pause Young (Allocation Failure)
[6215.700s][info][gc,heap        ] GC(2098) PSYoungGen: 2544864K(2594304K)->153760K(2597376K) Eden: 2398720K(2398720K)->0K(2404864K) From: 146144K(195584K)->153760K(192512K)
[6215.700s][info][gc,heap        ] GC(2098) ParOldGen: 4251850K(4252160K)->4355546K(4355584K)
[6215.700s][info][gc,metaspace   ] GC(2098) Metaspace: 29083K(29376K)->29083K(29376K) NonClass: 25980K(26112K)->25980K(26112K) Class: 3103K(3264K)->3103K(3264K)
[6215.700s][info][gc             ] GC(2098) Pause Young (Allocation Failure) 6637M->4403M(6790M) 99.678ms
[6215.700s][info][gc,cpu         ] GC(2098) User=0.55s Sys=0.03s Real=0.10s
..[6217.199s][info][gc,start       ] GC(2099) Pause Young (Allocation Failure)
[6217.299s][info][gc,heap        ] GC(2099) PSYoungGen: 2558624K(2597376K)->160196K(2598912K) Eden: 2404864K(2404864K)->0K(2404864K) From: 153760K(192512K)->160196K(194048K)
[6217.299s][info][gc,heap        ] GC(2099) ParOldGen: 4355546K(4355584K)->4455642K(4455936K)
[6217.299s][info][gc,metaspace   ] GC(2099) Metaspace: 29083K(29376K)->29083K(29376K) NonClass: 25980K(26112K)->25980K(26112K) Class: 3103K(3264K)->3103K(3264K)
[6217.299s][info][gc             ] GC(2099) Pause Young (Allocation Failure) 6752M->4507M(6889M) 100.523ms
[6217.299s][info][gc,cpu         ] GC(2099) User=0.56s Sys=0.04s Real=0.10s
.[6218.760s][info][gc,start       ] GC(2100) Pause Young (Allocation Failure)
[6218.866s][info][gc,heap        ] GC(2100) PSYoungGen: 2565060K(2598912K)->166500K(2599936K) Eden: 2404864K(2404864K)->0K(2410496K) From: 160196K(194048K)->166500K(189440K)
[6218.866s][info][gc,heap        ] GC(2100) ParOldGen: 4455642K(4455936K)->4561186K(4561408K)
[6218.866s][info][gc,metaspace   ] GC(2100) Metaspace: 29083K(29376K)->29083K(29376K) NonClass: 25980K(26112K)->25980K(26112K) Class: 3103K(3264K)->3103K(3264K)
[6218.866s][info][gc             ] GC(2100) Pause Young (Allocation Failure) 6856M->4616M(6993M) 106.117ms
[6218.866s][info][gc,cpu         ] GC(2100) User=0.59s Sys=0.03s Real=0.10s
..[6220.359s][info][gc,start       ] GC(2101) Pause Young (Allocation Failure)
[6220.460s][info][gc,heap        ] GC(2101) PSYoungGen: 2576996K(2599936K)->157168K(2600448K) Eden: 2410496K(2410496K)->0K(2410496K) From: 166500K(189440K)->157168K(189952K)
[6220.460s][info][gc,heap        ] GC(2101) ParOldGen: 4561186K(4561408K)->4666546K(4666880K)
[6220.460s][info][gc,metaspace   ] GC(2101) Metaspace: 29083K(29376K)->29083K(29376K) NonClass: 25980K(26112K)->25980K(26112K) Class: 3103K(3264K)->3103K(3264K)
[6220.460s][info][gc             ] GC(2101) Pause Young (Allocation Failure) 6970M->4710M(7097M) 100.935ms
[6220.460s][info][gc,cpu         ] GC(2101) User=0.55s Sys=0.04s Real=0.11s
..[6221.971s][info][gc,start       ] GC(2102) Pause Young (Allocation Failure)
[6222.066s][info][gc,heap        ] GC(2102) PSYoungGen: 2567664K(2600448K)->143008K(2604544K) Eden: 2410496K(2410496K)->0K(2416128K) From: 157168K(189952K)->143008K(188416K)
[6222.066s][info][gc,heap        ] GC(2102) ParOldGen: 4666546K(4666880K)->4769138K(4769280K)
[6222.066s][info][gc,metaspace   ] GC(2102) Metaspace: 29083K(29376K)->29083K(29376K) NonClass: 25980K(26112K)->25980K(26112K) Class: 3103K(3264K)->3103K(3264K)
[6222.066s][info][gc             ] GC(2102) Pause Young (Allocation Failure) 7064M->4797M(7201M) 94.406ms
[6222.066s][info][gc,cpu         ] GC(2102) User=0.52s Sys=0.03s Real=0.09s
.[6223.564s][info][gc,start       ] GC(2103) Pause Young (Allocation Failure)
[6223.668s][info][gc,heap        ] GC(2103) PSYoungGen: 2559136K(2604544K)->165946K(2605056K) Eden: 2416128K(2416128K)->0K(2416128K) From: 143008K(188416K)->165946K(188928K)
[6223.668s][info][gc,heap        ] GC(2103) ParOldGen: 4769138K(4769280K)->4870386K(4870656K)
[6223.668s][info][gc,metaspace   ] GC(2103) Metaspace: 29083K(29376K)->29083K(29376K) NonClass: 25980K(26112K)->25980K(26112K) Class: 3103K(3264K)->3103K(3264K)
[6223.668s][info][gc             ] GC(2103) Pause Young (Allocation Failure) 7156M->4918M(7300M) 104.327ms
[6223.668s][info][gc,cpu         ] GC(2103) User=0.58s Sys=0.03s Real=0.10s
..[6225.124s][info][gc,start       ] GC(2104) Pause Young (Allocation Failure)
[6225.222s][info][gc,heap        ] GC(2104) PSYoungGen: 2582074K(2605056K)->149408K(2605056K) Eden: 2416128K(2416128K)->0K(2418688K) From: 165946K(188928K)->149408K(186368K)
[6225.222s][info][gc,heap        ] GC(2104) ParOldGen: 4870386K(4870656K)->4974210K(4974592K)
[6225.222s][info][gc,metaspace   ] GC(2104) Metaspace: 29083K(29376K)->29083K(29376K) NonClass: 25980K(26112K)->25980K(26112K) Class: 3103K(3264K)->3103K(3264K)
[6225.222s][info][gc             ] GC(2104) Pause Young (Allocation Failure) 7277M->5003M(7402M) 98.451ms
[6225.222s][info][gc,cpu         ] GC(2104) User=0.55s Sys=0.03s Real=0.10s
.[6226.715s][info][gc,start       ] GC(2105) Pause Young (Allocation Failure)
[6226.819s][info][gc,heap        ] GC(2105) PSYoungGen: 2568096K(2605056K)->166176K(2606080K) Eden: 2418688K(2418688K)->0K(2418688K) From: 149408K(186368K)->166176K(187392K)
[6226.819s][info][gc,heap        ] GC(2105) ParOldGen: 4974210K(4974592K)->5076658K(5076992K)
[6226.819s][info][gc,metaspace   ] GC(2105) Metaspace: 29083K(29376K)->29083K(29376K) NonClass: 25980K(26112K)->25980K(26112K) Class: 3103K(3264K)->3103K(3264K)
[6226.819s][info][gc             ] GC(2105) Pause Young (Allocation Failure) 7365M->5119M(7503M) 103.948ms
[6226.819s][info][gc,cpu         ] GC(2105) User=0.57s Sys=0.03s Real=0.10s
..[6228.232s][info][gc,start       ] GC(2106) Pause Young (Allocation Failure)
[6228.334s][info][gc,heap        ] GC(2106) PSYoungGen: 2584864K(2606080K)->157664K(2603520K) Eden: 2418688K(2418688K)->0K(2421248K) From: 166176K(187392K)->157664K(182272K)
[6228.334s][info][gc,heap        ] GC(2106) ParOldGen: 5076658K(5076992K)->5180226K(5180416K)
[6228.334s][info][gc,metaspace   ] GC(2106) Metaspace: 29083K(29376K)->29083K(29376K) NonClass: 25980K(26112K)->25980K(26112K) Class: 3103K(3264K)->3103K(3264K)
[6228.334s][info][gc             ] GC(2106) Pause Young (Allocation Failure) 7481M->5212M(7601M) 101.615ms
[6228.334s][info][gc,cpu         ] GC(2106) User=0.57s Sys=0.03s Real=0.10s
.[6229.915s][info][gc,start       ] GC(2107) Pause Young (Allocation Failure)
[6230.015s][info][gc,heap        ] GC(2107) PSYoungGen: 2578912K(2603520K)->150292K(2606080K) Eden: 2421248K(2421248K)->0K(2421248K) From: 157664K(182272K)->150292K(184832K)
[6230.015s][info][gc,heap        ] GC(2107) ParOldGen: 5180226K(5180416K)->5284010K(5284352K)
[6230.015s][info][gc,metaspace   ] GC(2107) Metaspace: 29083K(29376K)->29083K(29376K) NonClass: 25980K(26112K)->25980K(26112K) Class: 3103K(3264K)->3103K(3264K)
[6230.015s][info][gc             ] GC(2107) Pause Young (Allocation Failure) 7577M->5306M(7705M) 100.004ms
[6230.015s][info][gc,cpu         ] GC(2107) User=0.55s Sys=0.02s Real=0.10s
..[6231.539s][info][gc,start       ] GC(2108) Pause Young (Allocation Failure)
[6231.648s][info][gc,heap        ] GC(2108) PSYoungGen: 2571540K(2606080K)->163960K(2608640K) Eden: 2421248K(2421248K)->0K(2426880K) From: 150292K(184832K)->163960K(181760K)
[6231.648s][info][gc,heap        ] GC(2108) ParOldGen: 5284010K(5284352K)->5389114K(5389312K)
[6231.648s][info][gc,metaspace   ] GC(2108) Metaspace: 29083K(29376K)->29083K(29376K) NonClass: 25980K(26112K)->25980K(26112K) Class: 3103K(3264K)->3103K(3264K)
[6231.648s][info][gc             ] GC(2108) Pause Young (Allocation Failure) 7671M->5422M(7810M) 108.315ms
[6231.648s][info][gc,cpu         ] GC(2108) User=0.60s Sys=0.03s Real=0.11s
..[6233.154s][info][gc,start       ] GC(2109) Pause Young (Allocation Failure)
[6233.261s][info][gc,heap        ] GC(2109) PSYoungGen: 2590840K(2608640K)->169593K(2610176K) Eden: 2426880K(2426880K)->0K(2426880K) From: 163960K(181760K)->169593K(183296K)
[6233.261s][info][gc,heap        ] GC(2109) ParOldGen: 5389114K(5389312K)->5489258K(5489664K)
[6233.261s][info][gc,metaspace   ] GC(2109) Metaspace: 29083K(29376K)->29083K(29376K) NonClass: 25980K(26112K)->25980K(26112K) Class: 3103K(3264K)->3103K(3264K)
[6233.261s][info][gc             ] GC(2109) Pause Young (Allocation Failure) 7792M->5526M(7910M) 106.670ms
[6233.261s][info][gc,cpu         ] GC(2109) User=0.60s Sys=0.03s Real=0.11s
.[6234.784s][info][gc,start       ] GC(2110) Pause Full (Allocation Failure)
[6234.784s][info][gc,phases,start] GC(2110) Marking Phase
[6235.100s][info][gc,phases      ] GC(2110) Marking Phase 316.012ms
[6235.100s][info][gc,phases,start] GC(2110) Summary Phase
[6235.100s][info][gc,phases      ] GC(2110) Summary Phase 0.097ms
[6235.100s][info][gc,phases,start] GC(2110) Forward
[6235.222s][info][gc,phases      ] GC(2110) Forward 122.084ms
[6235.222s][info][gc,phases,start] GC(2110) Adjust Pointers
[6235.434s][info][gc,phases      ] GC(2110) Adjust Pointers 211.540ms
[6235.434s][info][gc,phases,start] GC(2110) Compaction Phase
[6235.584s][info][gc,phases      ] GC(2110) Compaction Phase 150.613ms
[6235.585s][info][gc,phases,start] GC(2110) Post Compact
[6235.592s][info][gc,phases      ] GC(2110) Post Compact 6.938ms
[6235.710s][info][gc,heap        ] GC(2110) PSYoungGen: 2596473K(2610176K)->0K(2611200K) Eden: 2426880K(2426880K)->0K(2426368K) From: 169593K(183296K)->0K(184832K)
[6235.710s][info][gc,heap        ] GC(2110) ParOldGen: 5489258K(5489664K)->1628115K(2116096K)
[6235.710s][info][gc,metaspace   ] GC(2110) Metaspace: 29083K(29376K)->29083K(29376K) NonClass: 25980K(26112K)->25980K(26112K) Class: 3103K(3264K)->3103K(3264K)
[6235.710s][info][gc             ] GC(2110) Pause Full (Allocation Failure) 7896M->1589M(4616M) 926.409ms
[6235.710s][info][gc,cpu         ] GC(2110) User=4.41s Sys=0.12s Real=0.93s
..[6237.060s][info][gc,start       ] GC(2111) Pause Young (Allocation Failure)
[6237.127s][info][gc,heap        ] GC(2111) PSYoungGen: 2426368K(2611200K)->159408K(2586112K) Eden: 2426368K(2426368K)->0K(2426368K) From: 0K(184832K)->159408K(159744K)
[6237.127s][info][gc,heap        ] GC(2111) ParOldGen: 1628115K(2116096K)->1628115K(2116096K)
[6237.127s][info][gc,metaspace   ] GC(2111) Metaspace: 29083K(29376K)->29083K(29376K) NonClass: 25980K(26112K)->25980K(26112K) Class: 3103K(3264K)->3103K(3264K)
[6237.127s][info][gc             ] GC(2111) Pause Young (Allocation Failure) 3959M->1745M(4592M) 66.886ms
[6237.127s][info][gc,cpu         ] GC(2111) User=0.40s Sys=0.00s Real=0.06s
.[6238.397s][info][gc,start       ] GC(2112) Pause Young (Allocation Failure)
[6238.490s][info][gc,heap        ] GC(2112) PSYoungGen: 2585776K(2586112K)->156288K(2610688K) Eden: 2426368K(2426368K)->0K(2427904K) From: 159408K(159744K)->156288K(182784K)
[6238.490s][info][gc,heap        ] GC(2112) ParOldGen: 1628115K(2116096K)->1729411K(2116096K)
[6238.490s][info][gc,metaspace   ] GC(2112) Metaspace: 29083K(29376K)->29083K(29376K) NonClass: 25980K(26112K)->25980K(26112K) Class: 3103K(3264K)->3103K(3264K)
[6238.490s][info][gc             ] GC(2112) Pause Young (Allocation Failure) 4115M->1841M(4616M) 93.006ms
[6238.490s][info][gc,cpu         ] GC(2112) User=0.55s Sys=0.00s Real=0.10s
.[6239.834s][info][gc,start       ] GC(2113) Pause Young (Allocation Failure)
[6239.978s][info][gc,heap        ] GC(2113) PSYoungGen: 2584192K(2610688K)->163296K(2609152K) Eden: 2427904K(2427904K)->0K(2427904K) From: 156288K(182784K)->163296K(181248K)
[6239.978s][info][gc,heap        ] GC(2113) ParOldGen: 1729411K(2116096K)->1835603K(2116096K)
[6239.978s][info][gc,metaspace   ] GC(2113) Metaspace: 29083K(29376K)->29083K(29376K) NonClass: 25980K(26112K)->25980K(26112K) Class: 3103K(3264K)->3103K(3264K)
[6239.978s][info][gc             ] GC(2113) Pause Young (Allocation Failure) 4212M->1952M(4614M) 144.289ms
[6239.978s][info][gc,cpu         ] GC(2113) User=0.57s Sys=0.00s Real=0.14s
..[6241.318s][info][gc,start       ] GC(2114) Pause Young (Allocation Failure)
[6241.410s][info][gc,heap        ] GC(2114) PSYoungGen: 2591200K(2609152K)->154336K(2613248K) Eden: 2427904K(2427904K)->0K(2433024K) From: 163296K(181248K)->154336K(180224K)
[6241.410s][info][gc,heap        ] GC(2114) ParOldGen: 1835603K(2116096K)->1940491K(2116096K)
[6241.410s][info][gc,metaspace   ] GC(2114) Metaspace: 29083K(29376K)->29083K(29376K) NonClass: 25980K(26112K)->25980K(26112K) Class: 3103K(3264K)->3103K(3264K)
[6241.410s][info][gc             ] GC(2114) Pause Young (Allocation Failure) 4323M->2045M(4618M) 92.309ms
[6241.410s][info][gc,cpu         ] GC(2114) User=0.54s Sys=0.00s Real=0.10s
.[6242.830s][info][gc,start       ] GC(2115) Pause Young (Allocation Failure)
[6242.932s][info][gc,heap        ] GC(2115) PSYoungGen: 2587360K(2613248K)->178954K(2612224K) Eden: 2433024K(2433024K)->0K(2433024K) From: 154336K(180224K)->178954K(179200K)
[6242.932s][info][gc,heap        ] GC(2115) ParOldGen: 1940491K(2116096K)->2040499K(2116096K)
[6242.932s][info][gc,metaspace   ] GC(2115) Metaspace: 29083K(29376K)->29083K(29376K) NonClass: 25980K(26112K)->25980K(26112K) Class: 3103K(3264K)->3103K(3264K)
[6242.932s][info][gc             ] GC(2115) Pause Young (Allocation Failure) 4421M->2167M(4617M) 102.515ms
[6242.932s][info][gc,cpu         ] GC(2115) User=0.60s Sys=0.00s Real=0.11s
..[6244.467s][info][gc,start       ] GC(2116) Pause Young (Allocation Failure)
[6244.566s][info][gc,heap        ] GC(2116) PSYoungGen: 2611978K(2612224K)->159812K(2613248K) Eden: 2433024K(2433024K)->0K(2429440K) From: 178954K(179200K)->159812K(183808K)
[6244.566s][info][gc,heap        ] GC(2116) ParOldGen: 2040499K(2116096K)->2148219K(2148352K)
[6244.566s][info][gc,metaspace   ] GC(2116) Metaspace: 29083K(29376K)->29083K(29376K) NonClass: 25980K(26112K)->25980K(26112K) Class: 3103K(3264K)->3103K(3264K)
[6244.566s][info][gc             ] GC(2116) Pause Young (Allocation Failure) 4543M->2253M(4650M) 99.596ms
[6244.566s][info][gc,cpu         ] GC(2116) User=0.58s Sys=0.01s Real=0.10s
.[6246.039s][info][gc,start       ] GC(2117) Pause Young (Allocation Failure)
[6246.139s][info][gc,heap        ] GC(2117) PSYoungGen: 2589252K(2613248K)->157748K(2587648K) Eden: 2429440K(2429440K)->0K(2429440K) From: 159812K(183808K)->157748K(158208K)
[6246.139s][info][gc,heap        ] GC(2117) ParOldGen: 2148219K(2148352K)->2251531K(2251776K)
[6246.139s][info][gc,metaspace   ] GC(2117) Metaspace: 29083K(29376K)->29083K(29376K) NonClass: 25980K(26112K)->25980K(26112K) Class: 3103K(3264K)->3103K(3264K)
[6246.139s][info][gc             ] GC(2117) Pause Young (Allocation Failure) 4626M->2352M(4726M) 100.139ms
[6246.139s][info][gc,cpu         ] GC(2117) User=0.56s Sys=0.02s Real=0.10s
..[6247.765s][info][gc,start       ] GC(2118) Pause Young (Allocation Failure)
[6247.866s][info][gc,heap        ] GC(2118) PSYoungGen: 2587188K(2587648K)->164000K(2611712K) Eden: 2429440K(2429440K)->0K(2430464K) From: 157748K(158208K)->164000K(181248K)
[6247.866s][info][gc,heap        ] GC(2118) ParOldGen: 2251531K(2251776K)->2355547K(2355712K)
[6247.866s][info][gc,metaspace   ] GC(2118) Metaspace: 29083K(29376K)->29083K(29376K) NonClass: 25980K(26112K)->25980K(26112K) Class: 3103K(3264K)->3103K(3264K)
[6247.866s][info][gc             ] GC(2118) Pause Young (Allocation Failure) 4725M->2460M(4851M) 101.752ms
[6247.866s][info][gc,cpu         ] GC(2118) User=0.56s Sys=0.03s Real=0.10s
.[6249.415s][info][gc,start       ] GC(2119) Pause Young (Allocation Failure)
[6249.518s][info][gc,heap        ] GC(2119) PSYoungGen: 2594464K(2611712K)->159589K(2610688K) Eden: 2430464K(2430464K)->0K(2430464K) From: 164000K(181248K)->159589K(180224K)
[6249.518s][info][gc,heap        ] GC(2119) ParOldGen: 2355547K(2355712K)->2461059K(2461184K)
[6249.518s][info][gc,metaspace   ] GC(2119) Metaspace: 29083K(29376K)->29083K(29376K) NonClass: 25980K(26112K)->25980K(26112K) Class: 3103K(3264K)->3103K(3264K)
[6249.518s][info][gc             ] GC(2119) Pause Young (Allocation Failure) 4833M->2559M(4953M) 102.140ms
[6249.518s][info][gc,cpu         ] GC(2119) User=0.57s Sys=0.03s Real=0.10s
..[6251.049s][info][gc,start       ] GC(2120) Pause Young (Allocation Failure)
[6251.145s][info][gc,heap        ] GC(2120) PSYoungGen: 2590053K(2610688K)->152064K(2613248K) Eden: 2430464K(2430464K)->0K(2434560K) From: 159589K(180224K)->152064K(178688K)
[6251.145s][info][gc,heap        ] GC(2120) ParOldGen: 2461059K(2461184K)->2559651K(2560000K)
[6251.145s][info][gc,metaspace   ] GC(2120) Metaspace: 29083K(29376K)->29083K(29376K) NonClass: 25980K(26112K)->25980K(26112K) Class: 3103K(3264K)->3103K(3264K)
[6251.145s][info][gc             ] GC(2120) Pause Young (Allocation Failure) 4932M->2648M(5052M) 96.147ms
[6251.145s][info][gc,cpu         ] GC(2120) User=0.52s Sys=0.04s Real=0.10s
..[6252.660s][info][gc,start       ] GC(2121) Pause Young (Allocation Failure)
[6252.766s][info][gc,heap        ] GC(2121) PSYoungGen: 2586624K(2613248K)->171412K(2613248K) Eden: 2434560K(2434560K)->0K(2434560K) From: 152064K(178688K)->171412K(178688K)
[6252.767s][info][gc,heap        ] GC(2121) ParOldGen: 2559651K(2560000K)->2665659K(2665984K)
[6252.767s][info][gc,metaspace   ] GC(2121) Metaspace: 29083K(29376K)->29083K(29376K) NonClass: 25980K(26112K)->25980K(26112K) Class: 3103K(3264K)->3103K(3264K)
[6252.767s][info][gc             ] GC(2121) Pause Young (Allocation Failure) 5025M->2770M(5155M) 106.566ms
[6252.767s][info][gc,cpu         ] GC(2121) User=0.59s Sys=0.04s Real=0.10s
.[6254.211s][info][gc,start       ] GC(2122) Pause Young (Allocation Failure)
[6254.308s][info][gc,heap        ] GC(2122) PSYoungGen: 2605972K(2613248K)->154688K(2615808K) Eden: 2434560K(2434560K)->0K(2435072K) From: 171412K(178688K)->154688K(180736K)
[6254.308s][info][gc,heap        ] GC(2122) ParOldGen: 2665659K(2665984K)->2768739K(2768896K)
[6254.308s][info][gc,metaspace   ] GC(2122) Metaspace: 29083K(29376K)->29083K(29376K) NonClass: 25980K(26112K)->25980K(26112K) Class: 3103K(3264K)->3103K(3264K)
[6254.308s][info][gc             ] GC(2122) Pause Young (Allocation Failure) 5148M->2854M(5258M) 97.693ms
[6254.308s][info][gc,cpu         ] GC(2122) User=0.55s Sys=0.03s Real=0.09s
..[6255.833s][info][gc,start       ] GC(2123) Pause Young (Allocation Failure)
[6255.930s][info][gc,heap        ] GC(2123) PSYoungGen: 2589760K(2615808K)->147968K(2615296K) Eden: 2435072K(2435072K)->0K(2435072K) From: 154688K(180736K)->147968K(180224K)
[6255.930s][info][gc,heap        ] GC(2123) ParOldGen: 2768739K(2768896K)->2874211K(2874368K)
[6255.930s][info][gc,metaspace   ] GC(2123) Metaspace: 29083K(29376K)->29083K(29376K) NonClass: 25980K(26112K)->25980K(26112K) Class: 3103K(3264K)->3103K(3264K)
[6255.930s][info][gc             ] GC(2123) Pause Young (Allocation Failure) 5232M->2951M(5361M) 96.757ms
[6255.930s][info][gc,cpu         ] GC(2123) User=0.53s Sys=0.03s Real=0.10s
.[6257.376s][info][gc,start       ] GC(2124) Pause Young (Allocation Failure)
[6257.483s][info][gc,heap        ] GC(2124) PSYoungGen: 2583040K(2615296K)->171173K(2610688K) Eden: 2435072K(2435072K)->0K(2430464K) From: 147968K(180224K)->171173K(180224K)
[6257.483s][info][gc,heap        ] GC(2124) ParOldGen: 2874211K(2874368K)->2976475K(2976768K)
[6257.483s][info][gc,metaspace   ] GC(2124) Metaspace: 29083K(29376K)->29083K(29376K) NonClass: 25980K(26112K)->25980K(26112K) Class: 3103K(3264K)->3103K(3264K)
[6257.483s][info][gc             ] GC(2124) Pause Young (Allocation Failure) 5329M->3073M(5456M) 107.436ms
[6257.484s][info][gc,cpu         ] GC(2124) User=0.59s Sys=0.04s Real=0.11s
.. (rIR:aIR:PR = 10654:10556:10557) (tPR = 155547) [OK] 
  6258s: Performance info:
         Transaction,    Success,    Partial,     Failed,   Receipts, AvgBarcode, 
             Overall,     677472,          0,          0,     643436,      59.47, 
         Response times:
             Request,    Success,    Partial,     Failed,   SkipFail,     Probes,    Samples,      min,      p50,      p90,      p95,      p99,      max, 
       TotalPurchase,     643210,          0,          0,          0,     356674,     544017,      200,    13400,   192000,   364000,   620000,   960000,
     InStorePurchase,     338354,          0,          0,          0,     187371,     285640,      300,    12800,   174000,   347000,   620000,   960000,
      OnlinePurchase,     235852,          0,          0,          0,     131932,     201036,      200,    14100,   214000,   386000,   620000,   960000,
        InstPurchase,      69004,          0,          0,          0,      37371,      57341,      400,    13400,   205000,   369000,   620000,   960000,
          AssocOfCat,        685,          0,          0,          0,        531,        919,    23000,    63000,   297000,   409000,   630000,   850000,
      AssocOfProduct,       6902,          0,          0,          0,       3771,       5878,      500,    14800,   196200,   400050,   527000,   940000,
      BusinessReport,       1700,          0,          0,          0,       1499,       2398,    29000,    67000,   246000,   435100,   660400,  1100000,
          CustBuyBeh,       6886,          0,          0,          0,       3751,       5775,      100,    11300,   177800,   365600,   500000,   880000,
       ProductReturn,      17841,          0,          0,          0,       9426,      14721,      300,    13400,   208800,   386000,   543000,   940000,

  6258s: (78%)   IR =  10793 [6258.977s][info][gc,start       ] GC(2125) Pause Young (Allocation Failure)
[6259.080s][info][gc,heap        ] GC(2125) PSYoungGen: 2601637K(2610688K)->164010K(2613248K) Eden: 2430464K(2430464K)->0K(2430464K) From: 171173K(180224K)->164010K(182784K)
[6259.080s][info][gc,heap        ] GC(2125) ParOldGen: 2976475K(2976768K)->3081275K(3081728K)
[6259.080s][info][gc,metaspace   ] GC(2125) Metaspace: 29083K(29376K)->29083K(29376K) NonClass: 25980K(26112K)->25980K(26112K) Class: 3103K(3264K)->3103K(3264K)
[6259.080s][info][gc             ] GC(2125) Pause Young (Allocation Failure) 5447M->3169M(5561M) 102.699ms
[6259.080s][info][gc,cpu         ] GC(2125) User=0.57s Sys=0.04s Real=0.10s
.[6260.571s][info][gc,start       ] GC(2126) Pause Young (Allocation Failure)
[6260.682s][info][gc,heap        ] GC(2126) PSYoungGen: 2594474K(2613248K)->176910K(2607104K) Eden: 2430464K(2430464K)->0K(2425344K) From: 164010K(182784K)->176910K(181760K)
[6260.682s][info][gc,heap        ] GC(2126) ParOldGen: 3081275K(3081728K)->3187603K(3187712K)
[6260.682s][info][gc,metaspace   ] GC(2126) Metaspace: 29083K(29376K)->29083K(29376K) NonClass: 25980K(26112K)->25980K(26112K) Class: 3103K(3264K)->3103K(3264K)
[6260.682s][info][gc             ] GC(2126) Pause Young (Allocation Failure) 5542M->3285M(5659M) 111.258ms
[6260.682s][info][gc,cpu         ] GC(2126) User=0.61s Sys=0.04s Real=0.11s
..[6262.217s][info][gc,start       ] GC(2127) Pause Young (Allocation Failure)
[6262.316s][info][gc,heap        ] GC(2127) PSYoungGen: 2602254K(2607104K)->159152K(2610688K) Eden: 2425344K(2425344K)->0K(2425344K) From: 176910K(181760K)->159152K(185344K)
[6262.316s][info][gc,heap        ] GC(2127) ParOldGen: 3187603K(3187712K)->3291267K(3291648K)
[6262.316s][info][gc,metaspace   ] GC(2127) Metaspace: 29083K(29376K)->29083K(29376K) NonClass: 25980K(26112K)->25980K(26112K) Class: 3103K(3264K)->3103K(3264K)
[6262.316s][info][gc             ] GC(2127) Pause Young (Allocation Failure) 5654M->3369M(5764M) 98.910ms
[6262.316s][info][gc,cpu         ] GC(2127) User=0.54s Sys=0.04s Real=0.10s
.[6263.796s][info][gc,start       ] GC(2128) Pause Young (Allocation Failure)
[6263.899s][info][gc,heap        ] GC(2128) PSYoungGen: 2584496K(2610688K)->169040K(2610176K) Eden: 2425344K(2425344K)->0K(2426880K) From: 159152K(185344K)->169040K(183296K)
[6263.899s][info][gc,heap        ] GC(2128) ParOldGen: 3291267K(3291648K)->3393891K(3394048K)
[6263.899s][info][gc,metaspace   ] GC(2128) Metaspace: 29083K(29376K)->29083K(29376K) NonClass: 25980K(26112K)->25980K(26112K) Class: 3103K(3264K)->3103K(3264K)
[6263.899s][info][gc             ] GC(2128) Pause Young (Allocation Failure) 5738M->3479M(5863M) 103.428ms
[6263.899s][info][gc,cpu         ] GC(2128) User=0.58s Sys=0.03s Real=0.10s
..[6265.306s][info][gc,start       ] GC(2129) Pause Young (Allocation Failure)
[6265.407s][info][gc,heap        ] GC(2129) PSYoungGen: 2595920K(2610176K)->158999K(2611200K) Eden: 2426880K(2426880K)->0K(2426880K) From: 169040K(183296K)->158999K(184320K)
[6265.407s][info][gc,heap        ] GC(2129) ParOldGen: 3393891K(3394048K)->3499899K(3500032K)
[6265.407s][info][gc,metaspace   ] GC(2129) Metaspace: 29083K(29376K)->29083K(29376K) NonClass: 25980K(26112K)->25980K(26112K) Class: 3103K(3264K)->3103K(3264K)
[6265.407s][info][gc             ] GC(2129) Pause Young (Allocation Failure) 5849M->3573M(5968M) 101.055ms
[6265.407s][info][gc,cpu         ] GC(2129) User=0.55s Sys=0.04s Real=0.10s
.[6266.856s][info][gc,start       ] GC(2130) Pause Young (Allocation Failure)
[6266.949s][info][gc,heap        ] GC(2130) PSYoungGen: 2585879K(2611200K)->142816K(2609664K) Eden: 2426880K(2426880K)->0K(2426880K) From: 158999K(184320K)->142816K(182784K)
[6266.949s][info][gc,heap        ] GC(2130) ParOldGen: 3499899K(3500032K)->3603979K(3604480K)
[6266.949s][info][gc,metaspace   ] GC(2130) Metaspace: 29083K(29376K)->29083K(29376K) NonClass: 25980K(26112K)->25980K(26112K) Class: 3103K(3264K)->3103K(3264K)
[6266.949s][info][gc             ] GC(2130) Pause Young (Allocation Failure) 5943M->3658M(6068M) 92.789ms
[6266.949s][info][gc,cpu         ] GC(2130) User=0.52s Sys=0.03s Real=0.09s
..[6268.454s][info][gc,start       ] GC(2131) Pause Young (Allocation Failure)
[6268.559s][info][gc,heap        ] GC(2131) PSYoungGen: 2569696K(2609664K)->169860K(2596864K) Eden: 2426880K(2426880K)->0K(2426880K) From: 142816K(182784K)->169860K(169984K)
[6268.559s][info][gc,heap        ] GC(2131) ParOldGen: 3603979K(3604480K)->3705963K(3706368K)
[6268.559s][info][gc,metaspace   ] GC(2131) Metaspace: 29083K(29376K)->29083K(29376K) NonClass: 25980K(26112K)->25980K(26112K) Class: 3103K(3264K)->3103K(3264K)
[6268.559s][info][gc             ] GC(2131) Pause Young (Allocation Failure) 6028M->3784M(6155M) 104.322ms
[6268.559s][info][gc,cpu         ] GC(2131) User=0.58s Sys=0.04s Real=0.10s
..|[6270.068s][info][gc,start       ] GC(2132) Pause Young (Allocation Failure)
[6270.168s][info][gc,heap        ] GC(2132) PSYoungGen: 2596740K(2596864K)->153216K(2611712K) Eden: 2426880K(2426880K)->0K(2426368K) From: 169860K(169984K)->153216K(185344K)
[6270.168s][info][gc,heap        ] GC(2132) ParOldGen: 3705963K(3706368K)->3812627K(3812864K)
[6270.168s][info][gc,metaspace   ] GC(2132) Metaspace: 29083K(29376K)->29083K(29376K) NonClass: 25980K(26112K)->25980K(26112K) Class: 3103K(3264K)->3103K(3264K)
[6270.168s][info][gc             ] GC(2132) Pause Young (Allocation Failure) 6154M->3872M(6274M) 99.848ms
[6270.168s][info][gc,cpu         ] GC(2132) User=0.56s Sys=0.03s Real=0.10s
.[6271.600s][info][gc,start       ] GC(2133) Pause Young (Allocation Failure)
[6271.704s][info][gc,heap        ] GC(2133) PSYoungGen: 2579584K(2611712K)->166836K(2610688K) Eden: 2426368K(2426368K)->0K(2426368K) From: 153216K(185344K)->166836K(184320K)
[6271.704s][info][gc,heap        ] GC(2133) ParOldGen: 3812627K(3812864K)->3913987K(3914240K)
[6271.704s][info][gc,metaspace   ] GC(2133) Metaspace: 29083K(29376K)->29083K(29376K) NonClass: 25980K(26112K)->25980K(26112K) Class: 3103K(3264K)->3103K(3264K)
[6271.704s][info][gc             ] GC(2133) Pause Young (Allocation Failure) 6242M->3985M(6372M) 103.359ms
[6271.704s][info][gc,cpu         ] GC(2133) User=0.57s Sys=0.03s Real=0.10s
..[6273.164s][info][gc,start       ] GC(2134) Pause Young (Allocation Failure)
[6273.268s][info][gc,heap        ] GC(2134) PSYoungGen: 2593204K(2610688K)->159376K(2608640K) Eden: 2426368K(2426368K)->0K(2427392K) From: 166836K(184320K)->159376K(181248K)
[6273.268s][info][gc,heap        ] GC(2134) ParOldGen: 3913987K(3914240K)->4021691K(4021760K)
[6273.268s][info][gc,metaspace   ] GC(2134) Metaspace: 29083K(29376K)->29083K(29376K) NonClass: 25980K(26112K)->25980K(26112K) Class: 3103K(3264K)->3103K(3264K)
[6273.268s][info][gc             ] GC(2134) Pause Young (Allocation Failure) 6354M->4083M(6475M) 103.789ms
[6273.268s][info][gc,cpu         ] GC(2134) User=0.58s Sys=0.03s Real=0.10s
.[6274.716s][info][gc,start       ] GC(2135) Pause Young (Allocation Failure)
[6274.823s][info][gc,heap        ] GC(2135) PSYoungGen: 2586768K(2608640K)->175142K(2609664K) Eden: 2427392K(2427392K)->0K(2427392K) From: 159376K(181248K)->175142K(182272K)
[6274.823s][info][gc,heap        ] GC(2135) ParOldGen: 4021691K(4021760K)->4122955K(4123136K)
[6274.823s][info][gc,metaspace   ] GC(2135) Metaspace: 29083K(29376K)->29083K(29376K) NonClass: 25980K(26112K)->25980K(26112K) Class: 3103K(3264K)->3103K(3264K)
[6274.823s][info][gc             ] GC(2135) Pause Young (Allocation Failure) 6453M->4197M(6575M) 106.983ms
[6274.823s][info][gc,cpu         ] GC(2135) User=0.60s Sys=0.03s Real=0.11s
..[6276.309s][info][gc,start       ] GC(2136) Pause Young (Allocation Failure)
[6276.408s][info][gc,heap        ] GC(2136) PSYoungGen: 2602534K(2609664K)->156096K(2611712K) Eden: 2427392K(2427392K)->0K(2426368K) From: 175142K(182272K)->156096K(185344K)
[6276.409s][info][gc,heap        ] GC(2136) ParOldGen: 4122955K(4123136K)->4226275K(4226560K)
[6276.409s][info][gc,metaspace   ] GC(2136) Metaspace: 29083K(29376K)->29083K(29376K) NonClass: 25980K(26112K)->25980K(26112K) Class: 3103K(3264K)->3103K(3264K)
[6276.409s][info][gc             ] GC(2136) Pause Young (Allocation Failure) 6567M->4279M(6678M) 99.251ms
[6276.409s][info][gc,cpu         ] GC(2136) User=0.55s Sys=0.03s Real=0.10s
.[6277.951s][info][gc,start       ] GC(2137) Pause Young (Allocation Failure)
[6278.057s][info][gc,heap        ] GC(2137) PSYoungGen: 2582464K(2611712K)->162322K(2589184K) Eden: 2426368K(2426368K)->0K(2426368K) From: 156096K(185344K)->162322K(162816K)
[6278.057s][info][gc,heap        ] GC(2137) ParOldGen: 4226275K(4226560K)->4331571K(4332032K)
[6278.057s][info][gc,metaspace   ] GC(2137) Metaspace: 29083K(29376K)->29083K(29376K) NonClass: 25980K(26112K)->25980K(26112K) Class: 3103K(3264K)->3103K(3264K)
[6278.057s][info][gc             ] GC(2137) Pause Young (Allocation Failure) 6649M->4388M(6759M) 105.158ms
[6278.057s][info][gc,cpu         ] GC(2137) User=0.59s Sys=0.03s Real=0.10s
..[6279.503s][info][gc,start       ] GC(2138) Pause Young (Allocation Failure)
[6279.606s][info][gc,heap        ] GC(2138) PSYoungGen: 2588690K(2589184K)->161082K(2610688K) Eden: 2426368K(2426368K)->0K(2428416K) From: 162322K(162816K)->161082K(182272K)
[6279.606s][info][gc,heap        ] GC(2138) ParOldGen: 4331571K(4332032K)->4437251K(4437504K)
[6279.606s][info][gc,metaspace   ] GC(2138) Metaspace: 29083K(29376K)->29083K(29376K) NonClass: 25980K(26112K)->25980K(26112K) Class: 3103K(3264K)->3103K(3264K)
[6279.606s][info][gc             ] GC(2138) Pause Young (Allocation Failure) 6758M->4490M(6883M) 103.409ms
[6279.606s][info][gc,cpu         ] GC(2138) User=0.56s Sys=0.05s Real=0.10s
.[6281.013s][info][gc,start       ] GC(2139) Pause Young (Allocation Failure)
[6281.108s][info][gc,heap        ] GC(2139) PSYoungGen: 2589498K(2610688K)->148736K(2608640K) Eden: 2428416K(2428416K)->0K(2428416K) From: 161082K(182272K)->148736K(180224K)
[6281.109s][info][gc,heap        ] GC(2139) ParOldGen: 4437251K(4437504K)->4539443K(4539904K)
[6281.109s][info][gc,metaspace   ] GC(2139) Metaspace: 29083K(29376K)->29083K(29376K) NonClass: 25980K(26112K)->25980K(26112K) Class: 3103K(3264K)->3103K(3264K)
[6281.109s][info][gc             ] GC(2139) Pause Young (Allocation Failure) 6862M->4578M(6981M) 95.398ms
[6281.109s][info][gc,cpu         ] GC(2139) User=0.52s Sys=0.04s Real=0.09s
..[6282.596s][info][gc,start       ] GC(2140) Pause Young (Allocation Failure)
[6282.699s][info][gc,heap        ] GC(2140) PSYoungGen: 2577152K(2608640K)->161952K(2614272K) Eden: 2428416K(2428416K)->0K(2435072K) From: 148736K(180224K)->161952K(179200K)
[6282.699s][info][gc,heap        ] GC(2140) ParOldGen: 4539443K(4539904K)->4642699K(4642816K)
[6282.699s][info][gc,metaspace   ] GC(2140) Metaspace: 29083K(29376K)->29083K(29376K) NonClass: 25980K(26112K)->25980K(26112K) Class: 3103K(3264K)->3103K(3264K)
[6282.699s][info][gc             ] GC(2140) Pause Young (Allocation Failure) 6949M->4692M(7087M) 102.958ms
[6282.699s][info][gc,cpu         ] GC(2140) User=0.56s Sys=0.04s Real=0.10s
.[6284.096s][info][gc,start       ] GC(2141) Pause Young (Allocation Failure)
[6284.196s][info][gc,heap        ] GC(2141) PSYoungGen: 2597024K(2614272K)->149396K(2614272K) Eden: 2435072K(2435072K)->0K(2435072K) From: 161952K(179200K)->149396K(179200K)
[6284.196s][info][gc,heap        ] GC(2141) ParOldGen: 4642699K(4642816K)->4750771K(4750848K)
[6284.196s][info][gc,metaspace   ] GC(2141) Metaspace: 29083K(29376K)->29083K(29376K) NonClass: 25980K(26112K)->25980K(26112K) Class: 3103K(3264K)->3103K(3264K)
[6284.196s][info][gc             ] GC(2141) Pause Young (Allocation Failure) 7070M->4785M(7192M) 99.473ms
[6284.196s][info][gc,cpu         ] GC(2141) User=0.55s Sys=0.04s Real=0.10s
..[6285.703s][info][gc,start       ] GC(2142) Pause Young (Allocation Failure)
[6285.808s][info][gc,heap        ] GC(2142) PSYoungGen: 2584468K(2614272K)->164820K(2616832K) Eden: 2435072K(2435072K)->0K(2437632K) From: 149396K(179200K)->164820K(179200K)
[6285.808s][info][gc,heap        ] GC(2142) ParOldGen: 4750771K(4750848K)->4853771K(4854272K)
[6285.808s][info][gc,metaspace   ] GC(2142) Metaspace: 29083K(29376K)->29083K(29376K) NonClass: 25980K(26112K)->25980K(26112K) Class: 3103K(3264K)->3103K(3264K)
[6285.808s][info][gc             ] GC(2142) Pause Young (Allocation Failure) 7163M->4900M(7296M) 104.774ms
[6285.808s][info][gc,cpu         ] GC(2142) User=0.58s Sys=0.03s Real=0.10s
..[6287.259s][info][gc,start       ] GC(2143) Pause Young (Allocation Failure)
[6287.359s][info][gc,heap        ] GC(2143) PSYoungGen: 2602452K(2616832K)->153408K(2591232K) Eden: 2437632K(2437632K)->0K(2437632K) From: 164820K(179200K)->153408K(153600K)
[6287.359s][info][gc,heap        ] GC(2143) ParOldGen: 4853771K(4854272K)->4956851K(4957184K)
[6287.359s][info][gc,metaspace   ] GC(2143) Metaspace: 29083K(29376K)->29083K(29376K) NonClass: 25980K(26112K)->25980K(26112K) Class: 3103K(3264K)->3103K(3264K)
[6287.359s][info][gc             ] GC(2143) Pause Young (Allocation Failure) 7281M->4990M(7371M) 99.649ms
[6287.359s][info][gc,cpu         ] GC(2143) User=0.55s Sys=0.03s Real=0.10s
.[6288.865s][info][gc,start       ] GC(2144) Pause Young (Allocation Failure)
[6288.962s][info][gc,heap        ] GC(2144) PSYoungGen: 2591040K(2591232K)->144480K(2615808K) Eden: 2437632K(2437632K)->0K(2437120K) From: 153408K(153600K)->144480K(178688K)
[6288.962s][info][gc,heap        ] GC(2144) ParOldGen: 4956851K(4957184K)->5061635K(5062144K)
[6288.962s][info][gc,metaspace   ] GC(2144) Metaspace: 29083K(29376K)->29083K(29376K) NonClass: 25980K(26112K)->25980K(26112K) Class: 3103K(3264K)->3103K(3264K)
[6288.962s][info][gc             ] GC(2144) Pause Young (Allocation Failure) 7370M->5084M(7498M) 97.044ms
[6288.962s][info][gc,cpu         ] GC(2144) User=0.53s Sys=0.03s Real=0.10s
..[6290.386s][info][gc,start       ] GC(2145) Pause Young (Allocation Failure)
[6290.490s][info][gc,heap        ] GC(2145) PSYoungGen: 2581600K(2615808K)->163616K(2616320K) Eden: 2437120K(2437120K)->0K(2437120K) From: 144480K(178688K)->163616K(179200K)
[6290.490s][info][gc,heap        ] GC(2145) ParOldGen: 5061635K(5062144K)->5164579K(5165056K)
[6290.490s][info][gc,metaspace   ] GC(2145) Metaspace: 29083K(29376K)->29083K(29376K) NonClass: 25980K(26112K)->25980K(26112K) Class: 3103K(3264K)->3103K(3264K)
[6290.490s][info][gc             ] GC(2145) Pause Young (Allocation Failure) 7464M->5203M(7599M) 104.470ms
[6290.490s][info][gc,cpu         ] GC(2145) User=0.56s Sys=0.04s Real=0.11s
.[6292.047s][info][gc,start       ] GC(2146) Pause Young (Allocation Failure)
[6292.158s][info][gc,heap        ] GC(2146) PSYoungGen: 2600736K(2616320K)->173966K(2609664K) Eden: 2437120K(2437120K)->0K(2430464K) From: 163616K(179200K)->173966K(179200K)
[6292.158s][info][gc,heap        ] GC(2146) ParOldGen: 5164579K(5165056K)->5267747K(5267968K)
[6292.158s][info][gc,metaspace   ] GC(2146) Metaspace: 29083K(29376K)->29083K(29376K) NonClass: 25980K(26112K)->25980K(26112K) Class: 3103K(3264K)->3103K(3264K)
[6292.158s][info][gc             ] GC(2146) Pause Young (Allocation Failure) 7583M->5314M(7693M) 110.916ms
[6292.158s][info][gc,cpu         ] GC(2146) User=0.61s Sys=0.03s Real=0.11s
..[6293.574s][info][gc,start       ] GC(2147) Pause Young (Allocation Failure)
[6293.678s][info][gc,heap        ] GC(2147) PSYoungGen: 2604430K(2609664K)->162176K(2613248K) Eden: 2430463K(2430464K)->0K(2430464K) From: 173966K(179200K)->162176K(182784K)
[6293.678s][info][gc,heap        ] GC(2147) ParOldGen: 5267747K(5267968K)->5374787K(5374976K)
[6293.678s][info][gc,metaspace   ] GC(2147) Metaspace: 29083K(29376K)->29083K(29376K) NonClass: 25980K(26112K)->25980K(26112K) Class: 3103K(3264K)->3103K(3264K)
[6293.678s][info][gc             ] GC(2147) Pause Young (Allocation Failure) 7687M->5407M(7801M) 104.668ms
[6293.678s][info][gc,cpu         ] GC(2147) User=0.58s Sys=0.03s Real=0.10s
.[6295.199s][info][gc,start       ] GC(2148) Pause Young (Allocation Failure)
[6295.297s][info][gc,heap        ] GC(2148) PSYoungGen: 2592640K(2613248K)->151040K(2610688K) Eden: 2430464K(2430464K)->0K(2432000K) From: 162176K(182784K)->151040K(178688K)
[6295.297s][info][gc,heap        ] GC(2148) ParOldGen: 5374787K(5374976K)->5479251K(5479424K)
[6295.297s][info][gc,metaspace   ] GC(2148) Metaspace: 29083K(29376K)->29083K(29376K) NonClass: 25980K(26112K)->25980K(26112K) Class: 3103K(3264K)->3103K(3264K)
[6295.297s][info][gc             ] GC(2148) Pause Young (Allocation Failure) 7780M->5498M(7900M) 98.485ms
[6295.297s][info][gc,cpu         ] GC(2148) User=0.54s Sys=0.04s Real=0.10s
..[6296.772s][info][gc,start       ] GC(2149) Pause Young (Allocation Failure)
[6296.878s][info][gc,heap        ] GC(2149) PSYoungGen: 2583040K(2610688K)->170704K(2612736K) Eden: 2432000K(2432000K)->0K(2432000K) From: 151040K(178688K)->170704K(180736K)
[6296.878s][info][gc,heap        ] GC(2149) ParOldGen: 5479251K(5479424K)->5580259K(5580288K)
[6296.878s][info][gc,metaspace   ] GC(2149) Metaspace: 29083K(29376K)->29083K(29376K) NonClass: 25980K(26112K)->25980K(26112K) Class: 3103K(3264K)->3103K(3264K)
[6296.878s][info][gc             ] GC(2149) Pause Young (Allocation Failure) 7873M->5616M(8001M) 105.679ms
[6296.878s][info][gc,cpu         ] GC(2149) User=0.59s Sys=0.03s Real=0.10s
.[6298.290s][info][gc,start       ] GC(2150) Pause Full (Allocation Failure)
[6298.290s][info][gc,phases,start] GC(2150) Marking Phase
[6298.608s][info][gc,phases      ] GC(2150) Marking Phase 318.410ms
[6298.608s][info][gc,phases,start] GC(2150) Summary Phase
[6298.608s][info][gc,phases      ] GC(2150) Summary Phase 0.118ms
[6298.609s][info][gc,phases,start] GC(2150) Forward
[6298.733s][info][gc,phases      ] GC(2150) Forward 124.233ms
[6298.733s][info][gc,phases,start] GC(2150) Adjust Pointers
[6298.948s][info][gc,phases      ] GC(2150) Adjust Pointers 214.374ms
[6298.948s][info][gc,phases,start] GC(2150) Compaction Phase
[6299.097s][info][gc,phases      ] GC(2150) Compaction Phase 149.528ms
[6299.098s][info][gc,phases,start] GC(2150) Post Compact
[6299.105s][info][gc,phases      ] GC(2150) Post Compact 7.040ms
[6299.226s][info][gc,heap        ] GC(2150) PSYoungGen: 2602704K(2612736K)->0K(2613248K) Eden: 2432000K(2432000K)->0K(2430464K) From: 170704K(180736K)->0K(182784K)
[6299.226s][info][gc,heap        ] GC(2150) ParOldGen: 5580259K(5580288K)->1631111K(2132480K)
[6299.226s][info][gc,metaspace   ] GC(2150) Metaspace: 29083K(29376K)->29083K(29376K) NonClass: 25980K(26112K)->25980K(26112K) Class: 3103K(3264K)->3103K(3264K)
[6299.226s][info][gc             ] GC(2150) Pause Full (Allocation Failure) 7991M->1592M(4634M) 936.373ms
[6299.226s][info][gc,cpu         ] GC(2150) User=4.44s Sys=0.12s Real=0.94s
..[6300.490s][info][gc,start       ] GC(2151) Pause Young (Allocation Failure)
[6300.561s][info][gc,heap        ] GC(2151) PSYoungGen: 2430464K(2613248K)->171776K(2602496K) Eden: 2430464K(2430464K)->0K(2430464K) From: 0K(182784K)->171776K(172032K)
[6300.561s][info][gc,heap        ] GC(2151) ParOldGen: 1631111K(2132480K)->1631111K(2132480K)
[6300.561s][info][gc,metaspace   ] GC(2151) Metaspace: 29083K(29376K)->29083K(29376K) NonClass: 25980K(26112K)->25980K(26112K) Class: 3103K(3264K)->3103K(3264K)
[6300.561s][info][gc             ] GC(2151) Pause Young (Allocation Failure) 3966M->1760M(4624M) 70.350ms
[6300.561s][info][gc,cpu         ] GC(2151) User=0.42s Sys=0.00s Real=0.07s
.[6301.834s][info][gc,start       ] GC(2152) Pause Young (Allocation Failure)
[6301.990s][info][gc,heap        ] GC(2152) PSYoungGen: 2602240K(2602496K)->183008K(2599936K) Eden: 2430464K(2430464K)->0K(2415104K) From: 171776K(172032K)->183008K(184832K)
[6301.990s][info][gc,heap        ] GC(2152) ParOldGen: 1631111K(2132480K)->1741879K(2132480K)
[6301.990s][info][gc,metaspace   ] GC(2152) Metaspace: 29083K(29376K)->29083K(29376K) NonClass: 25980K(26112K)->25980K(26112K) Class: 3103K(3264K)->3103K(3264K)
[6301.990s][info][gc             ] GC(2152) Pause Young (Allocation Failure) 4134M->1879M(4621M) 156.936ms
[6301.991s][info][gc,cpu         ] GC(2152) User=0.64s Sys=0.00s Real=0.16s
.[6303.300s][info][gc,start       ] GC(2153) Pause Young (Allocation Failure)
[6303.395s][info][gc,heap        ] GC(2153) PSYoungGen: 2598112K(2599936K)->157712K(2605568K) Eden: 2415104K(2415104K)->0K(2415104K) From: 183008K(184832K)->157712K(190464K)
[6303.395s][info][gc,heap        ] GC(2153) ParOldGen: 1741879K(2132480K)->1846463K(2132480K)
[6303.395s][info][gc,metaspace   ] GC(2153) Metaspace: 29083K(29376K)->29083K(29376K) NonClass: 25980K(26112K)->25980K(26112K) Class: 3103K(3264K)->3103K(3264K)
[6303.395s][info][gc             ] GC(2153) Pause Young (Allocation Failure) 4238M->1957M(4627M) 94.438ms
[6303.395s][info][gc,cpu         ] GC(2153) User=0.55s Sys=0.00s Real=0.09s
..[6304.715s][info][gc,start       ] GC(2154) Pause Young (Allocation Failure)
[6304.810s][info][gc,heap        ] GC(2154) PSYoungGen: 2572816K(2605568K)->161856K(2598912K) Eden: 2415104K(2415104K)->0K(2416640K) From: 157712K(190464K)->161856K(182272K)
[6304.810s][info][gc,heap        ] GC(2154) ParOldGen: 1846463K(2132480K)->1950359K(2132480K)
[6304.810s][info][gc,metaspace   ] GC(2154) Metaspace: 29083K(29376K)->29083K(29376K) NonClass: 25980K(26112K)->25980K(26112K) Class: 3103K(3264K)->3103K(3264K)
[6304.810s][info][gc             ] GC(2154) Pause Young (Allocation Failure) 4315M->2062M(4620M) 94.902ms
[6304.810s][info][gc,cpu         ] GC(2154) User=0.56s Sys=0.00s Real=0.09s
.[6306.202s][info][gc,start       ] GC(2155) Pause Young (Allocation Failure)
[6306.295s][info][gc,heap        ] GC(2155) PSYoungGen: 2578496K(2598912K)->153316K(2603008K) Eden: 2416640K(2416640K)->0K(2416640K) From: 161856K(182272K)->153316K(186368K)
[6306.295s][info][gc,heap        ] GC(2155) ParOldGen: 1950359K(2132480K)->2053103K(2132480K)
[6306.295s][info][gc,metaspace   ] GC(2155) Metaspace: 29083K(29376K)->29083K(29376K) NonClass: 25980K(26112K)->25980K(26112K) Class: 3103K(3264K)->3103K(3264K)
[6306.295s][info][gc             ] GC(2155) Pause Young (Allocation Failure) 4422M->2154M(4624M) 93.017ms
[6306.295s][info][gc,cpu         ] GC(2155) User=0.55s Sys=0.00s Real=0.09s
..[6307.840s][info][gc,start       ] GC(2156) Pause Young (Allocation Failure)
[6307.931s][info][gc,heap        ] GC(2156) PSYoungGen: 2569956K(2603008K)->148160K(2609152K) Eden: 2416640K(2416640K)->0K(2423808K) From: 153316K(186368K)->148160K(185344K)
[6307.931s][info][gc,heap        ] GC(2156) ParOldGen: 2053103K(2132480K)->2154479K(2154496K)
[6307.931s][info][gc,metaspace   ] GC(2156) Metaspace: 29083K(29376K)->29083K(29376K) NonClass: 25980K(26112K)->25980K(26112K) Class: 3103K(3264K)->3103K(3264K)
[6307.931s][info][gc             ] GC(2156) Pause Young (Allocation Failure) 4514M->2248M(4652M) 91.766ms
[6307.931s][info][gc,cpu         ] GC(2156) User=0.53s Sys=0.01s Real=0.10s
.[6309.353s][info][gc,start       ] GC(2157) Pause Young (Allocation Failure)
[6309.452s][info][gc,heap        ] GC(2157) PSYoungGen: 2571968K(2609152K)->153856K(2577920K) Eden: 2423808K(2423808K)->0K(2423808K) From: 148160K(185344K)->153856K(154112K)
[6309.452s][info][gc,heap        ] GC(2157) ParOldGen: 2154479K(2154496K)->2259103K(2259456K)
[6309.452s][info][gc,metaspace   ] GC(2157) Metaspace: 29083K(29376K)->29083K(29376K) NonClass: 25980K(26112K)->25980K(26112K) Class: 3103K(3264K)->3103K(3264K)
[6309.452s][info][gc             ] GC(2157) Pause Young (Allocation Failure) 4615M->2356M(4724M) 98.224ms
[6309.452s][info][gc,cpu         ] GC(2157) User=0.54s Sys=0.05s Real=0.10s
..[6310.991s][info][gc,start       ] GC(2158) Pause Young (Allocation Failure)
[6311.091s][info][gc,heap        ] GC(2158) PSYoungGen: 2577664K(2577920K)->161925K(2610688K) Eden: 2423808K(2423808K)->0K(2426368K) From: 153856K(154112K)->161925K(184320K)
[6311.091s][info][gc,heap        ] GC(2158) ParOldGen: 2259103K(2259456K)->2359959K(2360320K)
[6311.091s][info][gc,metaspace   ] GC(2158) Metaspace: 29083K(29376K)->29083K(29376K) NonClass: 25980K(26112K)->25980K(26112K) Class: 3103K(3264K)->3103K(3264K)
[6311.091s][info][gc             ] GC(2158) Pause Young (Allocation Failure) 4723M->2462M(4854M) 99.982ms
[6311.091s][info][gc,cpu         ] GC(2158) User=0.56s Sys=0.03s Real=0.10s
..[6312.514s][info][gc,start       ] GC(2159) Pause Young (Allocation Failure)
[6312.614s][info][gc,heap        ] GC(2159) PSYoungGen: 2588293K(2610688K)->154528K(2609152K) Eden: 2426368K(2426368K)->0K(2426368K) From: 161925K(184320K)->154528K(182784K)
[6312.614s][info][gc,heap        ] GC(2159) ParOldGen: 2359959K(2360320K)->2468415K(2468864K)
[6312.614s][info][gc,metaspace   ] GC(2159) Metaspace: 29083K(29376K)->29083K(29376K) NonClass: 25980K(26112K)->25980K(26112K) Class: 3103K(3264K)->3103K(3264K)
[6312.614s][info][gc             ] GC(2159) Pause Young (Allocation Failure) 4832M->2561M(4959M) 100.245ms
[6312.614s][info][gc,cpu         ] GC(2159) User=0.55s Sys=0.04s Real=0.10s
.[6314.043s][info][gc,start       ] GC(2160) Pause Young (Allocation Failure)
[6314.140s][info][gc,heap        ] GC(2160) PSYoungGen: 2580896K(2609152K)->153066K(2611712K) Eden: 2426368K(2426368K)->0K(2429952K) From: 154528K(182784K)->153066K(181760K)
[6314.140s][info][gc,heap        ] GC(2160) ParOldGen: 2468415K(2468864K)->2572631K(2572800K)
[6314.140s][info][gc,metaspace   ] GC(2160) Metaspace: 29083K(29376K)->29083K(29376K) NonClass: 25980K(26112K)->25980K(26112K) Class: 3103K(3264K)->3103K(3264K)
[6314.140s][info][gc             ] GC(2160) Pause Young (Allocation Failure) 4930M->2661M(5063M) 97.794ms
[6314.140s][info][gc,cpu         ] GC(2160) User=0.55s Sys=0.03s Real=0.10s
..[6315.568s][info][gc,start       ] GC(2161) Pause Young (Allocation Failure)
[6315.667s][info][gc,heap        ] GC(2161) PSYoungGen: 2583018K(2611712K)->158208K(2610688K) Eden: 2429952K(2429952K)->0K(2429952K) From: 153066K(181760K)->158208K(180736K)
[6315.667s][info][gc,heap        ] GC(2161) ParOldGen: 2572631K(2572800K)->2674607K(2674688K)
[6315.667s][info][gc,metaspace   ] GC(2161) Metaspace: 29083K(29376K)->29083K(29376K) NonClass: 25980K(26112K)->25980K(26112K) Class: 3103K(3264K)->3103K(3264K)
[6315.667s][info][gc             ] GC(2161) Pause Young (Allocation Failure) 5034M->2766M(5161M) 98.303ms
[6315.667s][info][gc,cpu         ] GC(2161) User=0.55s Sys=0.03s Real=0.10s
.[6317.107s][info][gc,start       ] GC(2162) Pause Young (Allocation Failure)
[6317.205s][info][gc,heap        ] GC(2162) PSYoungGen: 2588160K(2610688K)->152274K(2613248K) Eden: 2429952K(2429952K)->0K(2434560K) From: 158208K(180736K)->152274K(178688K)
[6317.205s][info][gc,heap        ] GC(2162) ParOldGen: 2674607K(2674688K)->2779119K(2779136K)
[6317.205s][info][gc,metaspace   ] GC(2162) Metaspace: 29083K(29376K)->29083K(29376K) NonClass: 25980K(26112K)->25980K(26112K) Class: 3103K(3264K)->3103K(3264K)
[6317.205s][info][gc             ] GC(2162) Pause Young (Allocation Failure) 5139M->2862M(5266M) 97.756ms
[6317.205s][info][gc,cpu         ] GC(2162) User=0.54s Sys=0.03s Real=0.10s
..[6318.655s][info][gc,start       ] GC(2163) Pause Young (Allocation Failure)
[6318.754s][info][gc,heap        ] GC(2163) PSYoungGen: 2586834K(2613248K)->160928K(2612224K) Eden: 2434560K(2434560K)->0K(2434560K) From: 152274K(178688K)->160928K(177664K)
[6318.755s][info][gc,heap        ] GC(2163) ParOldGen: 2779119K(2779136K)->2886479K(2886656K)
[6318.755s][info][gc,metaspace   ] GC(2163) Metaspace: 29083K(29376K)->29083K(29376K) NonClass: 25980K(26112K)->25980K(26112K) Class: 3103K(3264K)->3103K(3264K)
[6318.755s][info][gc             ] GC(2163) Pause Young (Allocation Failure) 5240M->2975M(5370M) 100.020ms
[6318.755s][info][gc,cpu         ] GC(2163) User=0.56s Sys=0.03s Real=0.10s
.[6320.358s][info][gc,start       ] GC(2164) Pause Young (Allocation Failure)
[6320.459s][info][gc,heap        ] GC(2164) PSYoungGen: 2595488K(2612224K)->162464K(2616320K) Eden: 2434560K(2434560K)->0K(2439680K) From: 160928K(177664K)->162464K(176640K)
[6320.459s][info][gc,heap        ] GC(2164) ParOldGen: 2886479K(2886656K)->2986679K(2987008K)
[6320.459s][info][gc,metaspace   ] GC(2164) Metaspace: 29083K(29376K)->29083K(29376K) NonClass: 25980K(26112K)->25980K(26112K) Class: 3103K(3264K)->3103K(3264K)
[6320.459s][info][gc             ] GC(2164) Pause Young (Allocation Failure) 5353M->3075M(5472M) 100.659ms
[6320.459s][info][gc,cpu         ] GC(2164) User=0.55s Sys=0.03s Real=0.10s
..[6321.927s][info][gc,start       ] GC(2165) Pause Young (Allocation Failure)
[6322.024s][info][gc,heap        ] GC(2165) PSYoungGen: 2602144K(2616320K)->149824K(2616320K) Eden: 2439680K(2439680K)->0K(2439680K) From: 162464K(176640K)->149824K(176640K)
[6322.024s][info][gc,heap        ] GC(2165) ParOldGen: 2986679K(2987008K)->3092167K(3092480K)
[6322.024s][info][gc,metaspace   ] GC(2165) Metaspace: 29083K(29376K)->29083K(29376K) NonClass: 25980K(26112K)->25980K(26112K) Class: 3103K(3264K)->3103K(3264K)
[6322.024s][info][gc             ] GC(2165) Pause Young (Allocation Failure) 5457M->3166M(5575M) 97.422ms
[6322.024s][info][gc,cpu         ] GC(2165) User=0.54s Sys=0.02s Real=0.10s
.[6323.476s][info][gc,start       ] GC(2166) Pause Young (Allocation Failure)
[6323.578s][info][gc,heap        ] GC(2166) PSYoungGen: 2589504K(2616320K)->161716K(2618880K) Eden: 2439680K(2439680K)->0K(2443264K) From: 149824K(176640K)->161716K(175616K)
[6323.578s][info][gc,heap        ] GC(2166) ParOldGen: 3092167K(3092480K)->3199287K(3199488K)
[6323.578s][info][gc,metaspace   ] GC(2166) Metaspace: 29083K(29376K)->29083K(29376K) NonClass: 25980K(26112K)->25980K(26112K) Class: 3103K(3264K)->3103K(3264K)
[6323.578s][info][gc             ] GC(2166) Pause Young (Allocation Failure) 5548M->3282M(5682M) 102.928ms
[6323.578s][info][gc,cpu         ] GC(2166) User=0.57s Sys=0.05s Real=0.10s
..[6325.129s][info][gc,start       ] GC(2167) Pause Young (Allocation Failure)
[6325.228s][info][gc,heap        ] GC(2167) PSYoungGen: 2604980K(2618880K)->156288K(2618880K) Eden: 2443264K(2443264K)->0K(2443264K) From: 161716K(175616K)->156288K(175616K)
[6325.228s][info][gc,heap        ] GC(2167) ParOldGen: 3199287K(3199488K)->3299799K(3299840K)
[6325.228s][info][gc,metaspace   ] GC(2167) Metaspace: 29083K(29376K)->29083K(29376K) NonClass: 25980K(26112K)->25980K(26112K) Class: 3103K(3264K)->3103K(3264K)
[6325.228s][info][gc             ] GC(2167) Pause Young (Allocation Failure) 5668M->3375M(5780M) 99.010ms
[6325.228s][info][gc,cpu         ] GC(2167) User=0.54s Sys=0.04s Real=0.10s
..[6326.744s][info][gc,start       ] GC(2168) Pause Young (Allocation Failure)
[6326.859s][info][gc,heap        ] GC(2168) PSYoungGen: 2599552K(2618880K)->174569K(2533376K) Eden: 2443264K(2443264K)->0K(2358784K) From: 156288K(175616K)->174569K(174592K)
[6326.859s][info][gc,heap        ] GC(2168) ParOldGen: 3299799K(3299840K)->3407055K(3407360K)
[6326.859s][info][gc,metaspace   ] GC(2168) Metaspace: 29083K(29376K)->29083K(29376K) NonClass: 25980K(26112K)->25980K(26112K) Class: 3103K(3264K)->3103K(3264K)
[6326.859s][info][gc             ] GC(2168) Pause Young (Allocation Failure) 5761M->3497M(5801M) 115.157ms
[6326.859s][info][gc,cpu         ] GC(2168) User=0.63s Sys=0.05s Real=0.11s
.[6328.313s][info][gc,start       ] GC(2169) Pause Young (Allocation Failure)
[6328.411s][info][gc,heap        ] GC(2169) PSYoungGen: 2533353K(2533376K)->159381K(2577408K) Eden: 2358784K(2358784K)->0K(2358784K) From: 174569K(174592K)->159381K(218624K)
[6328.411s][info][gc,heap        ] GC(2169) ParOldGen: 3407055K(3407360K)->3508071K(3508224K)
[6328.411s][info][gc,metaspace   ] GC(2169) Metaspace: 29083K(29376K)->29083K(29376K) NonClass: 25980K(26112K)->25980K(26112K) Class: 3103K(3264K)->3103K(3264K)
[6328.411s][info][gc             ] GC(2169) Pause Young (Allocation Failure) 5801M->3581M(5943M) 98.576ms
[6328.411s][info][gc,cpu         ] GC(2169) User=0.56s Sys=0.01s Real=0.10s
..[6329.848s][info][gc,start       ] GC(2170) Pause Young (Allocation Failure)
[6329.942s][info][gc,heap        ] GC(2170) PSYoungGen: 2518165K(2577408K)->143648K(2574336K) Eden: 2358784K(2358784K)->0K(2361856K) From: 159381K(218624K)->143648K(212480K)
[6329.942s][info][gc,heap        ] GC(2170) ParOldGen: 3508071K(3508224K)->3612031K(3612160K)
[6329.942s][info][gc,metaspace   ] GC(2170) Metaspace: 29083K(29376K)->29083K(29376K) NonClass: 25980K(26112K)->25980K(26112K) Class: 3103K(3264K)->3103K(3264K)
[6329.942s][info][gc             ] GC(2170) Pause Young (Allocation Failure) 5884M->3667M(6041M) 94.323ms
[6329.942s][info][gc,cpu         ] GC(2170) User=0.52s Sys=0.03s Real=0.10s
. (rIR:aIR:PR = 10793:10781:10781) (tPR = 159525) [OK] 
  6330s: Performance info:
         Transaction,    Success,    Partial,     Failed,   Receipts, AvgBarcode, 
             Overall,     653903,          0,          0,     621051,      59.48, 
         Response times:
             Request,    Success,    Partial,     Failed,   SkipFail,     Probes,    Samples,      min,      p50,      p90,      p95,      p99,      max, 
       TotalPurchase,     621076,          0,          0,          0,     338133,     434543,      300,    14500,   141000,   405000,   700000,  1100000,
     InStorePurchase,     327248,          0,          0,          0,     177221,     227350,      300,    14600,   141000,   402000,   770000,  1100000,
      OnlinePurchase,     228282,          0,          0,          0,     124862,     160576,      300,    14200,   142000,   406000,   620000,  1100000,
        InstPurchase,      65546,          0,          0,          0,      36050,      46617,      400,    14900,   139000,   419100,   690000,   960000,
          AssocOfCat,        658,          0,          0,          0,        529,        786,    28000,    64000,   244600,   483450,  1100000,  1100000,
      AssocOfProduct,       6674,          0,          0,          0,       3651,       4864,     1000,    15700,   146000,   422000,   660000,   960000,
      BusinessReport,       1634,          0,          0,          0,       1416,       1934,    25000,    72000,   184500,   372000,   620000,  1100000,
          CustBuyBeh,       6481,          0,          0,          0,       3591,       4746,      200,    14100,   135000,   318000,   551650,   830000,
       ProductReturn,      17395,          0,          0,          0,       9021,      11652,      200,    14350,   129000,   339000,   575000,   970000,

  6330s: (79%)   IR =  10931 [6331.447s][info][gc,start       ] GC(2171) Pause Young (Allocation Failure)
[6331.549s][info][gc,heap        ] GC(2171) PSYoungGen: 2505504K(2574336K)->160469K(2577408K) Eden: 2361856K(2361856K)->0K(2361856K) From: 143648K(212480K)->160469K(215552K)
[6331.549s][info][gc,heap        ] GC(2171) ParOldGen: 3612031K(3612160K)->3714559K(3714560K)
[6331.549s][info][gc,metaspace   ] GC(2171) Metaspace: 29083K(29376K)->29083K(29376K) NonClass: 25980K(26112K)->25980K(26112K) Class: 3103K(3264K)->3103K(3264K)
[6331.549s][info][gc             ] GC(2171) Pause Young (Allocation Failure) 5974M->3784M(6144M) 101.977ms
[6331.549s][info][gc,cpu         ] GC(2171) User=0.56s Sys=0.04s Real=0.10s
..[6332.892s][info][gc,start       ] GC(2172) Pause Young (Allocation Failure)
[6332.991s][info][gc,heap        ] GC(2172) PSYoungGen: 2522325K(2577408K)->152704K(2575872K) Eden: 2361856K(2361856K)->0K(2368512K) From: 160469K(215552K)->152704K(207360K)
[6332.991s][info][gc,heap        ] GC(2172) ParOldGen: 3714559K(3714560K)->3815319K(3815424K)
[6332.991s][info][gc,metaspace   ] GC(2172) Metaspace: 29083K(29376K)->29083K(29376K) NonClass: 25980K(26112K)->25980K(26112K) Class: 3103K(3264K)->3103K(3264K)
[6332.991s][info][gc             ] GC(2172) Pause Young (Allocation Failure) 6090M->3875M(6241M) 98.775ms
[6332.991s][info][gc,cpu         ] GC(2172) User=0.54s Sys=0.04s Real=0.10s
.[6334.435s][info][gc,start       ] GC(2173) Pause Young (Allocation Failure)
[6334.534s][info][gc,heap        ] GC(2173) PSYoungGen: 2521216K(2575872K)->152512K(2577920K) Eden: 2368512K(2368512K)->0K(2368512K) From: 152704K(207360K)->152512K(209408K)
[6334.534s][info][gc,heap        ] GC(2173) ParOldGen: 3815319K(3815424K)->3920911K(3921408K)
[6334.534s][info][gc,metaspace   ] GC(2173) Metaspace: 29083K(29376K)->29083K(29376K) NonClass: 25980K(26112K)->25980K(26112K) Class: 3103K(3264K)->3103K(3264K)
[6334.534s][info][gc             ] GC(2173) Pause Young (Allocation Failure) 6188M->3977M(6347M) 98.917ms
[6334.534s][info][gc,cpu         ] GC(2173) User=0.54s Sys=0.03s Real=0.10s
..[6335.931s][info][gc,start       ] GC(2174) Pause Young (Allocation Failure)
[6336.025s][info][gc,heap        ] GC(2174) PSYoungGen: 2521024K(2577920K)->143904K(2584576K) Eden: 2368512K(2368512K)->0K(2379264K) From: 152512K(209408K)->143904K(205312K)
[6336.025s][info][gc,heap        ] GC(2174) ParOldGen: 3920911K(3921408K)->4024879K(4025344K)
[6336.025s][info][gc,metaspace   ] GC(2174) Metaspace: 29083K(29376K)->29083K(29376K) NonClass: 25980K(26112K)->25980K(26112K) Class: 3103K(3264K)->3103K(3264K)
[6336.025s][info][gc             ] GC(2174) Pause Young (Allocation Failure) 6290M->4071M(6455M) 94.153ms
[6336.025s][info][gc,cpu         ] GC(2174) User=0.53s Sys=0.03s Real=0.09s
.[6337.372s][info][gc,start       ] GC(2175) Pause Young (Allocation Failure)
[6337.470s][info][gc,heap        ] GC(2175) PSYoungGen: 2523168K(2584576K)->157728K(2585600K) Eden: 2379264K(2379264K)->0K(2379264K) From: 143904K(205312K)->157728K(206336K)
[6337.470s][info][gc,heap        ] GC(2175) ParOldGen: 4024879K(4025344K)->4125975K(4126208K)
[6337.470s][info][gc,metaspace   ] GC(2175) Metaspace: 29083K(29376K)->29083K(29376K) NonClass: 25980K(26112K)->25980K(26112K) Class: 3103K(3264K)->3103K(3264K)
[6337.470s][info][gc             ] GC(2175) Pause Young (Allocation Failure) 6394M->4183M(6554M) 98.179ms
[6337.470s][info][gc,cpu         ] GC(2175) User=0.54s Sys=0.04s Real=0.09s
..[6338.863s][info][gc,start       ] GC(2176) Pause Young (Allocation Failure)
[6338.965s][info][gc,heap        ] GC(2176) PSYoungGen: 2536992K(2585600K)->154032K(2587136K) Eden: 2379264K(2379264K)->0K(2386944K) From: 157728K(206336K)->154032K(200192K)
[6338.965s][info][gc,heap        ] GC(2176) ParOldGen: 4125975K(4126208K)->4231839K(4232192K)
[6338.965s][info][gc,metaspace   ] GC(2176) Metaspace: 29083K(29376K)->29083K(29376K) NonClass: 25980K(26112K)->25980K(26112K) Class: 3103K(3264K)->3103K(3264K)
[6338.965s][info][gc             ] GC(2176) Pause Young (Allocation Failure) 6506M->4283M(6659M) 101.717ms
[6338.965s][info][gc,cpu         ] GC(2176) User=0.54s Sys=0.04s Real=0.10s
.[6340.415s][info][gc,start       ] GC(2177) Pause Young (Allocation Failure)
[6340.515s][info][gc,heap        ] GC(2177) PSYoungGen: 2540976K(2587136K)->158304K(2586624K) Eden: 2386944K(2386944K)->0K(2386944K) From: 154032K(200192K)->158304K(199680K)
[6340.515s][info][gc,heap        ] GC(2177) ParOldGen: 4231839K(4232192K)->4334279K(4334592K)
[6340.515s][info][gc,metaspace   ] GC(2177) Metaspace: 29083K(29376K)->29083K(29376K) NonClass: 25980K(26112K)->25980K(26112K) Class: 3103K(3264K)->3103K(3264K)
[6340.515s][info][gc             ] GC(2177) Pause Young (Allocation Failure) 6614M->4387M(6759M) 99.717ms
[6340.515s][info][gc,cpu         ] GC(2177) User=0.55s Sys=0.04s Real=0.10s
..[6342.041s][info][gc,start       ] GC(2178) Pause Young (Allocation Failure)
[6342.141s][info][gc,heap        ] GC(2178) PSYoungGen: 2545248K(2586624K)->154880K(2593792K) Eden: 2386944K(2386944K)->0K(2398720K) From: 158304K(199680K)->154880K(195072K)
[6342.141s][info][gc,heap        ] GC(2178) ParOldGen: 4334279K(4334592K)->4436551K(4436992K)
[6342.141s][info][gc,metaspace   ] GC(2178) Metaspace: 29083K(29376K)->29083K(29376K) NonClass: 25980K(26112K)->25980K(26112K) Class: 3103K(3264K)->3103K(3264K)
[6342.141s][info][gc             ] GC(2178) Pause Young (Allocation Failure) 6718M->4483M(6866M) 100.036ms
[6342.141s][info][gc,cpu         ] GC(2178) User=0.56s Sys=0.03s Real=0.10s
.[6343.503s][info][gc,start       ] GC(2179) Pause Young (Allocation Failure)
[6343.609s][info][gc,heap        ] GC(2179) PSYoungGen: 2553600K(2593792K)->167918K(2592256K) Eden: 2398720K(2398720K)->0K(2398720K) From: 154880K(195072K)->167918K(193536K)
[6343.609s][info][gc,heap        ] GC(2179) ParOldGen: 4436551K(4436992K)->4539367K(4539392K)
[6343.609s][info][gc,metaspace   ] GC(2179) Metaspace: 29083K(29376K)->29083K(29376K) NonClass: 25980K(26112K)->25980K(26112K) Class: 3103K(3264K)->3103K(3264K)
[6343.609s][info][gc             ] GC(2179) Pause Young (Allocation Failure) 6826M->4596M(6964M) 105.599ms
[6343.609s][info][gc,cpu         ] GC(2179) User=0.59s Sys=0.03s Real=0.10s
..[6344.913s][info][gc,start       ] GC(2180) Pause Young (Allocation Failure)
[6345.013s][info][gc,heap        ] GC(2180) PSYoungGen: 2566638K(2592256K)->158304K(2599424K) Eden: 2398720K(2398720K)->0K(2409472K) From: 167918K(193536K)->158304K(189952K)
[6345.013s][info][gc,heap        ] GC(2180) ParOldGen: 4539367K(4539392K)->4639575K(4639744K)
[6345.013s][info][gc,metaspace   ] GC(2180) Metaspace: 29083K(29376K)->29083K(29376K) NonClass: 25980K(26112K)->25980K(26112K) Class: 3103K(3264K)->3103K(3264K)
[6345.013s][info][gc             ] GC(2180) Pause Young (Allocation Failure) 6939M->4685M(7069M) 100.351ms
[6345.013s][info][gc,cpu         ] GC(2180) User=0.56s Sys=0.03s Real=0.10s
.[6346.458s][info][gc,start       ] GC(2181) Pause Young (Allocation Failure)
[6346.562s][info][gc,heap        ] GC(2181) PSYoungGen: 2567776K(2599424K)->163026K(2599936K) Eden: 2409472K(2409472K)->0K(2409472K) From: 158304K(189952K)->163026K(190464K)
[6346.562s][info][gc,heap        ] GC(2181) ParOldGen: 4639575K(4639744K)->4746599K(4746752K)
[6346.562s][info][gc,metaspace   ] GC(2181) Metaspace: 29083K(29376K)->29083K(29376K) NonClass: 25980K(26112K)->25980K(26112K) Class: 3103K(3264K)->3103K(3264K)
[6346.562s][info][gc             ] GC(2181) Pause Young (Allocation Failure) 7038M->4794M(7174M) 103.818ms
[6346.562s][info][gc,cpu         ] GC(2181) User=0.56s Sys=0.04s Real=0.11s
..[6347.992s][info][gc,start       ] GC(2182) Pause Young (Allocation Failure)
[6348.094s][info][gc,heap        ] GC(2182) PSYoungGen: 2572498K(2599936K)->152688K(2604032K) Eden: 2409472K(2409472K)->0K(2417152K) From: 163026K(190464K)->152688K(186880K)
[6348.094s][info][gc,heap        ] GC(2182) ParOldGen: 4746599K(4746752K)->4852399K(4852736K)
[6348.094s][info][gc,metaspace   ] GC(2182) Metaspace: 29083K(29376K)->29083K(29376K) NonClass: 25980K(26112K)->25980K(26112K) Class: 3103K(3264K)->3103K(3264K)
[6348.094s][info][gc             ] GC(2182) Pause Young (Allocation Failure) 7147M->4887M(7282M) 101.149ms
[6348.094s][info][gc,cpu         ] GC(2182) User=0.56s Sys=0.04s Real=0.10s
.[6349.566s][info][gc,start       ] GC(2183) Pause Young (Allocation Failure)
[6349.676s][info][gc,heap        ] GC(2183) PSYoungGen: 2569840K(2604032K)->177429K(2604032K) Eden: 2417152K(2417152K)->0K(2417152K) From: 152688K(186880K)->177429K(186880K)
[6349.676s][info][gc,heap        ] GC(2183) ParOldGen: 4852399K(4852736K)->4952159K(4952576K)
[6349.676s][info][gc,metaspace   ] GC(2183) Metaspace: 29083K(29376K)->29083K(29376K) NonClass: 25980K(26112K)->25980K(26112K) Class: 3103K(3264K)->3103K(3264K)
[6349.676s][info][gc             ] GC(2183) Pause Young (Allocation Failure) 7248M->5009M(7379M) 110.090ms
[6349.677s][info][gc,cpu         ] GC(2183) User=0.61s Sys=0.02s Real=0.11s
..[6351.185s][info][gc,start       ] GC(2184) Pause Young (Allocation Failure)
[6351.289s][info][gc,heap        ] GC(2184) PSYoungGen: 2594581K(2604032K)->158958K(2606592K) Eden: 2417152K(2417152K)->0K(2416640K) From: 177429K(186880K)->158958K(189952K)
[6351.289s][info][gc,heap        ] GC(2184) ParOldGen: 4952159K(4952576K)->5057447K(5057536K)
[6351.289s][info][gc,metaspace   ] GC(2184) Metaspace: 29083K(29376K)->29083K(29376K) NonClass: 25980K(26112K)->25980K(26112K) Class: 3103K(3264K)->3103K(3264K)
[6351.289s][info][gc             ] GC(2184) Pause Young (Allocation Failure) 7369M->5094M(7484M) 103.432ms
[6351.289s][info][gc,cpu         ] GC(2184) User=0.57s Sys=0.04s Real=0.10s
.[6352.723s][info][gc,start       ] GC(2185) Pause Young (Allocation Failure)
[6352.824s][info][gc,heap        ] GC(2185) PSYoungGen: 2575598K(2606592K)->157376K(2574336K) Eden: 2416640K(2416640K)->0K(2416640K) From: 158958K(189952K)->157376K(157696K)
[6352.824s][info][gc,heap        ] GC(2185) ParOldGen: 5057447K(5057536K)->5162631K(5163008K)
[6352.824s][info][gc,metaspace   ] GC(2185) Metaspace: 29083K(29376K)->29083K(29376K) NonClass: 25980K(26112K)->25980K(26112K) Class: 3103K(3264K)->3103K(3264K)
[6352.824s][info][gc             ] GC(2185) Pause Young (Allocation Failure) 7454M->5195M(7556M) 100.636ms
[6352.824s][info][gc,cpu         ] GC(2185) User=0.56s Sys=0.03s Real=0.10s
..[6354.273s][info][gc,start       ] GC(2186) Pause Young (Allocation Failure)
[6354.373s][info][gc,heap        ] GC(2186) PSYoungGen: 2574016K(2574336K)->156352K(2606080K) Eden: 2416640K(2416640K)->0K(2419712K) From: 157376K(157696K)->156352K(186368K)
[6354.373s][info][gc,heap        ] GC(2186) ParOldGen: 5162631K(5163008K)->5264815K(5264896K)
[6354.373s][info][gc,metaspace   ] GC(2186) Metaspace: 29083K(29376K)->29083K(29376K) NonClass: 25980K(26112K)->25980K(26112K) Class: 3103K(3264K)->3103K(3264K)
[6354.373s][info][gc             ] GC(2186) Pause Young (Allocation Failure) 7555M->5294M(7686M) 99.987ms
[6354.373s][info][gc,cpu         ] GC(2186) User=0.55s Sys=0.04s Real=0.10s
.[6355.808s][info][gc,start       ] GC(2187) Pause Young (Allocation Failure)
[6355.914s][info][gc,heap        ] GC(2187) PSYoungGen: 2576064K(2606080K)->167680K(2604032K) Eden: 2419712K(2419712K)->0K(2419712K) From: 156352K(186368K)->167680K(184320K)
[6355.915s][info][gc,heap        ] GC(2187) ParOldGen: 5264815K(5264896K)->5370679K(5370880K)
[6355.915s][info][gc,metaspace   ] GC(2187) Metaspace: 29083K(29376K)->29083K(29376K) NonClass: 25980K(26112K)->25980K(26112K) Class: 3103K(3264K)->3103K(3264K)
[6355.915s][info][gc             ] GC(2187) Pause Young (Allocation Failure) 7657M->5408M(7788M) 106.306ms
[6355.915s][info][gc,cpu         ] GC(2187) User=0.60s Sys=0.03s Real=0.11s
..[6357.349s][info][gc,start       ] GC(2188) Pause Young (Allocation Failure)
[6357.450s][info][gc,heap        ] GC(2188) PSYoungGen: 2587392K(2604032K)->154272K(2610688K) Eden: 2419712K(2419712K)->0K(2426368K) From: 167680K(184320K)->154272K(184320K)
[6357.450s][info][gc,heap        ] GC(2188) ParOldGen: 5370679K(5370880K)->5476415K(5476864K)
[6357.450s][info][gc,metaspace   ] GC(2188) Metaspace: 29083K(29376K)->29083K(29376K) NonClass: 25980K(26112K)->25980K(26112K) Class: 3103K(3264K)->3103K(3264K)
[6357.450s][info][gc             ] GC(2188) Pause Young (Allocation Failure) 7771M->5498M(7898M) 100.928ms
[6357.450s][info][gc,cpu         ] GC(2188) User=0.55s Sys=0.04s Real=0.11s
.|[6358.955s][info][gc,start       ] GC(2189) Pause Young (Allocation Failure)
[6359.058s][info][gc,heap        ] GC(2189) PSYoungGen: 2580640K(2610688K)->158464K(2585088K) Eden: 2426368K(2426368K)->0K(2426368K) From: 154272K(184320K)->158464K(158720K)
[6359.058s][info][gc,heap        ] GC(2189) ParOldGen: 5476415K(5476864K)->5577839K(5578240K)
[6359.058s][info][gc,metaspace   ] GC(2189) Metaspace: 29083K(29376K)->29083K(29376K) NonClass: 25980K(26112K)->25980K(26112K) Class: 3103K(3264K)->3103K(3264K)
[6359.058s][info][gc             ] GC(2189) Pause Young (Allocation Failure) 7868M->5601M(7972M) 103.016ms
[6359.058s][info][gc,cpu         ] GC(2189) User=0.56s Sys=0.04s Real=0.10s
..[6360.519s][info][gc,start       ] GC(2190) Pause Full (Allocation Failure)
[6360.519s][info][gc,phases,start] GC(2190) Marking Phase
[6360.838s][info][gc,phases      ] GC(2190) Marking Phase 318.408ms
[6360.838s][info][gc,phases,start] GC(2190) Summary Phase
[6360.838s][info][gc,phases      ] GC(2190) Summary Phase 0.095ms
[6360.838s][info][gc,phases,start] GC(2190) Forward
[6360.975s][info][gc,phases      ] GC(2190) Forward 137.769ms
[6360.976s][info][gc,phases,start] GC(2190) Adjust Pointers
[6361.192s][info][gc,phases      ] GC(2190) Adjust Pointers 216.555ms
[6361.192s][info][gc,phases,start] GC(2190) Compaction Phase
[6361.345s][info][gc,phases      ] GC(2190) Compaction Phase 152.554ms
[6361.346s][info][gc,phases,start] GC(2190) Post Compact
[6361.353s][info][gc,phases      ] GC(2190) Post Compact 6.901ms
[6361.475s][info][gc,heap        ] GC(2190) PSYoungGen: 2584832K(2585088K)->0K(2609664K) Eden: 2426368K(2426368K)->0K(2427904K) From: 158464K(158720K)->0K(181760K)
[6361.475s][info][gc,heap        ] GC(2190) ParOldGen: 5577839K(5578240K)->1637261K(2151936K)
[6361.475s][info][gc,metaspace   ] GC(2190) Metaspace: 29083K(29376K)->29083K(29376K) NonClass: 25980K(26112K)->25980K(26112K) Class: 3103K(3264K)->3103K(3264K)
[6361.475s][info][gc             ] GC(2190) Pause Full (Allocation Failure) 7971M->1598M(4650M) 955.439ms
[6361.475s][info][gc,cpu         ] GC(2190) User=4.47s Sys=0.12s Real=0.96s
..[6362.656s][info][gc,start       ] GC(2191) Pause Young (Allocation Failure)
[6362.732s][info][gc,heap        ] GC(2191) PSYoungGen: 2427904K(2609664K)->181744K(2609664K) Eden: 2427904K(2427904K)->0K(2427904K) From: 0K(181760K)->181744K(181760K)
[6362.732s][info][gc,heap        ] GC(2191) ParOldGen: 1637261K(2151936K)->1637693K(2151936K)
[6362.732s][info][gc,metaspace   ] GC(2191) Metaspace: 29083K(29376K)->29083K(29376K) NonClass: 25980K(26112K)->25980K(26112K) Class: 3103K(3264K)->3103K(3264K)
[6362.732s][info][gc             ] GC(2191) Pause Young (Allocation Failure) 3969M->1776M(4650M) 75.681ms
[6362.732s][info][gc,cpu         ] GC(2191) User=0.44s Sys=0.00s Real=0.08s
.[6364.120s][info][gc,start       ] GC(2192) Pause Young (Allocation Failure)
[6364.215s][info][gc,heap        ] GC(2192) PSYoungGen: 2609648K(2609664K)->151616K(2608640K) Eden: 2427904K(2427904K)->0K(2422272K) From: 181744K(181760K)->151616K(186368K)
[6364.215s][info][gc,heap        ] GC(2192) ParOldGen: 1637693K(2151936K)->1754549K(2151936K)
[6364.215s][info][gc,metaspace   ] GC(2192) Metaspace: 29083K(29376K)->29083K(29376K) NonClass: 25980K(26112K)->25980K(26112K) Class: 3103K(3264K)->3103K(3264K)
[6364.215s][info][gc             ] GC(2192) Pause Young (Allocation Failure) 4147M->1861M(4649M) 95.749ms
[6364.216s][info][gc,cpu         ] GC(2192) User=0.56s Sys=0.00s Real=0.10s
.[6365.486s][info][gc,start       ] GC(2193) Pause Young (Allocation Failure)
[6365.577s][info][gc,heap        ] GC(2193) PSYoungGen: 2573888K(2608640K)->154464K(2576896K) Eden: 2422272K(2422272K)->0K(2422272K) From: 151616K(186368K)->154464K(154624K)
[6365.577s][info][gc,heap        ] GC(2193) ParOldGen: 1754549K(2151936K)->1856333K(2151936K)
[6365.577s][info][gc,metaspace   ] GC(2193) Metaspace: 29083K(29376K)->29083K(29376K) NonClass: 25980K(26112K)->25980K(26112K) Class: 3103K(3264K)->3103K(3264K)
[6365.577s][info][gc             ] GC(2193) Pause Young (Allocation Failure) 4226M->1963M(4618M) 90.956ms
[6365.577s][info][gc,cpu         ] GC(2193) User=0.53s Sys=0.00s Real=0.09s
.[6366.971s][info][gc,start       ] GC(2194) Pause Young (Allocation Failure)
[6367.067s][info][gc,heap        ] GC(2194) PSYoungGen: 2576736K(2576896K)->155092K(2610176K) Eden: 2422272K(2422272K)->0K(2424320K) From: 154464K(154624K)->155092K(185856K)
[6367.067s][info][gc,heap        ] GC(2194) ParOldGen: 1856333K(2151936K)->1961397K(2151936K)
[6367.067s][info][gc,metaspace   ] GC(2194) Metaspace: 29083K(29376K)->29083K(29376K) NonClass: 25980K(26112K)->25980K(26112K) Class: 3103K(3264K)->3103K(3264K)
[6367.067s][info][gc             ] GC(2194) Pause Young (Allocation Failure) 4329M->2066M(4650M) 95.630ms
[6367.067s][info][gc,cpu         ] GC(2194) User=0.56s Sys=0.00s Real=0.09s
..[6368.337s][info][gc,start       ] GC(2195) Pause Young (Allocation Failure)
[6368.437s][info][gc,heap        ] GC(2195) PSYoungGen: 2579412K(2610176K)->170496K(2608640K) Eden: 2424320K(2424320K)->0K(2424320K) From: 155092K(185856K)->170496K(184320K)
[6368.437s][info][gc,heap        ] GC(2195) ParOldGen: 1961397K(2151936K)->2060997K(2151936K)
[6368.437s][info][gc,metaspace   ] GC(2195) Metaspace: 29083K(29376K)->29083K(29376K) NonClass: 25980K(26112K)->25980K(26112K) Class: 3103K(3264K)->3103K(3264K)
[6368.437s][info][gc             ] GC(2195) Pause Young (Allocation Failure) 4434M->2179M(4649M) 99.972ms
[6368.437s][info][gc,cpu         ] GC(2195) User=0.59s Sys=0.00s Real=0.10s
.[6369.794s][info][gc,start       ] GC(2196) Pause Young (Allocation Failure)
[6369.943s][info][gc,heap        ] GC(2196) PSYoungGen: 2594816K(2608640K)->164308K(2610176K) Eden: 2424320K(2424320K)->0K(2425856K) From: 170496K(184320K)->164308K(184320K)
[6369.943s][info][gc,heap        ] GC(2196) ParOldGen: 2060997K(2151936K)->2171725K(2171904K)
[6369.943s][info][gc,metaspace   ] GC(2196) Metaspace: 29083K(29376K)->29083K(29376K) NonClass: 25980K(26112K)->25980K(26112K) Class: 3103K(3264K)->3103K(3264K)
[6369.943s][info][gc             ] GC(2196) Pause Young (Allocation Failure) 4546M->2281M(4670M) 148.662ms
[6369.943s][info][gc,cpu         ] GC(2196) User=0.59s Sys=0.01s Real=0.15s
..[6371.370s][info][gc,start       ] GC(2197) Pause Young (Allocation Failure)
[6371.469s][info][gc,heap        ] GC(2197) PSYoungGen: 2590164K(2610176K)->157696K(2610176K) Eden: 2425856K(2425856K)->0K(2425856K) From: 164308K(184320K)->157696K(184320K)
[6371.469s][info][gc,heap        ] GC(2197) ParOldGen: 2171725K(2171904K)->2272725K(2272768K)
[6371.469s][info][gc,metaspace   ] GC(2197) Metaspace: 29083K(29376K)->29083K(29376K) NonClass: 25980K(26112K)->25980K(26112K) Class: 3103K(3264K)->3103K(3264K)
[6371.469s][info][gc             ] GC(2197) Pause Young (Allocation Failure) 4650M->2373M(4768M) 99.386ms
[6371.469s][info][gc,cpu         ] GC(2197) User=0.54s Sys=0.04s Real=0.10s
.[6372.962s][info][gc,start       ] GC(2198) Pause Young (Allocation Failure)
[6373.059s][info][gc,heap        ] GC(2198) PSYoungGen: 2583552K(2610176K)->149556K(2610176K) Eden: 2425856K(2425856K)->0K(2427392K) From: 157696K(184320K)->149556K(182784K)
[6373.059s][info][gc,heap        ] GC(2198) ParOldGen: 2272725K(2272768K)->2378061K(2378240K)
[6373.059s][info][gc,metaspace   ] GC(2198) Metaspace: 29083K(29376K)->29083K(29376K) NonClass: 25980K(26112K)->25980K(26112K) Class: 3103K(3264K)->3103K(3264K)
[6373.059s][info][gc             ] GC(2198) Pause Young (Allocation Failure) 4742M->2468M(4871M) 97.217ms
[6373.059s][info][gc,cpu         ] GC(2198) User=0.53s Sys=0.03s Real=0.09s
..[6374.477s][info][gc,start       ] GC(2199) Pause Young (Allocation Failure)
[6374.577s][info][gc,heap        ] GC(2199) PSYoungGen: 2576948K(2610176K)->165107K(2610176K) Eden: 2427392K(2427392K)->0K(2427392K) From: 149556K(182784K)->165107K(182784K)
[6374.577s][info][gc,heap        ] GC(2199) ParOldGen: 2378061K(2378240K)->2477725K(2478080K)
[6374.577s][info][gc,metaspace   ] GC(2199) Metaspace: 29083K(29376K)->29083K(29376K) NonClass: 25980K(26112K)->25980K(26112K) Class: 3103K(3264K)->3103K(3264K)
[6374.577s][info][gc             ] GC(2199) Pause Young (Allocation Failure) 4838M->2580M(4969M) 99.975ms
[6374.577s][info][gc,cpu         ] GC(2199) User=0.56s Sys=0.03s Real=0.10s
.[6376.086s][info][gc,start       ] GC(2200) Pause Young (Allocation Failure)
[6376.184s][info][gc,heap        ] GC(2200) PSYoungGen: 2592499K(2610176K)->153296K(2611712K) Eden: 2427392K(2427392K)->0K(2430976K) From: 165107K(182784K)->153296K(180736K)
[6376.184s][info][gc,heap        ] GC(2200) ParOldGen: 2477725K(2478080K)->2585301K(2585600K)
[6376.184s][info][gc,metaspace   ] GC(2200) Metaspace: 29083K(29376K)->29083K(29376K) NonClass: 25980K(26112K)->25980K(26112K) Class: 3103K(3264K)->3103K(3264K)
[6376.184s][info][gc             ] GC(2200) Pause Young (Allocation Failure) 4951M->2674M(5075M) 98.013ms
[6376.184s][info][gc,cpu         ] GC(2200) User=0.54s Sys=0.03s Real=0.10s
..[6377.691s][info][gc,start       ] GC(2201) Pause Young (Allocation Failure)
[6377.794s][info][gc,heap        ] GC(2201) PSYoungGen: 2584272K(2611712K)->164320K(2612224K) Eden: 2430976K(2430976K)->0K(2430976K) From: 153296K(180736K)->164320K(181248K)
[6377.794s][info][gc,heap        ] GC(2201) ParOldGen: 2585301K(2585600K)->2688493K(2688512K)
[6377.794s][info][gc,metaspace   ] GC(2201) Metaspace: 29083K(29376K)->29083K(29376K) NonClass: 25980K(26112K)->25980K(26112K) Class: 3103K(3264K)->3103K(3264K)
[6377.794s][info][gc             ] GC(2201) Pause Young (Allocation Failure) 5048M->2785M(5176M) 102.336ms
[6377.794s][info][gc,cpu         ] GC(2201) User=0.57s Sys=0.03s Real=0.10s
..[6379.293s][info][gc,start       ] GC(2202) Pause Young (Allocation Failure)
[6379.395s][info][gc,heap        ] GC(2202) PSYoungGen: 2595296K(2612224K)->168368K(2613248K) Eden: 2430976K(2430976K)->0K(2432512K) From: 164320K(181248K)->168368K(180736K)
[6379.395s][info][gc,heap        ] GC(2202) ParOldGen: 2688493K(2688512K)->2790685K(2790912K)
[6379.395s][info][gc,metaspace   ] GC(2202) Metaspace: 29083K(29376K)->29083K(29376K) NonClass: 25980K(26112K)->25980K(26112K) Class: 3103K(3264K)->3103K(3264K)
[6379.395s][info][gc             ] GC(2202) Pause Young (Allocation Failure) 5159M->2889M(5277M) 102.172ms
[6379.396s][info][gc,cpu         ] GC(2202) User=0.57s Sys=0.04s Real=0.10s
.[6380.793s][info][gc,start       ] GC(2203) Pause Young (Allocation Failure)
[6380.900s][info][gc,heap        ] GC(2203) PSYoungGen: 2600880K(2613248K)->177892K(2610688K) Eden: 2432512K(2432512K)->0K(2432512K) From: 168368K(180736K)->177892K(178176K)
[6380.900s][info][gc,heap        ] GC(2203) ParOldGen: 2790685K(2790912K)->2895445K(2895872K)
[6380.900s][info][gc,metaspace   ] GC(2203) Metaspace: 29083K(29376K)->29083K(29376K) NonClass: 25980K(26112K)->25980K(26112K) Class: 3103K(3264K)->3103K(3264K)
[6380.900s][info][gc             ] GC(2203) Pause Young (Allocation Failure) 5265M->3001M(5377M) 107.612ms
[6380.900s][info][gc,cpu         ] GC(2203) User=0.60s Sys=0.04s Real=0.11s
..[6382.274s][info][gc,start       ] GC(2204) Pause Young (Allocation Failure)
[6382.372s][info][gc,heap        ] GC(2204) PSYoungGen: 2610404K(2610688K)->158720K(2611712K) Eden: 2432512K(2432512K)->0K(2426368K) From: 177892K(178176K)->158720K(185344K)
[6382.372s][info][gc,heap        ] GC(2204) ParOldGen: 2895445K(2895872K)->2999109K(2999296K)
[6382.372s][info][gc,metaspace   ] GC(2204) Metaspace: 29083K(29376K)->29083K(29376K) NonClass: 25980K(26112K)->25980K(26112K) Class: 3103K(3264K)->3103K(3264K)
[6382.372s][info][gc             ] GC(2204) Pause Young (Allocation Failure) 5376M->3083M(5479M) 98.681ms
[6382.372s][info][gc,cpu         ] GC(2204) User=0.53s Sys=0.04s Real=0.10s
.[6383.828s][info][gc,start       ] GC(2205) Pause Young (Allocation Failure)
[6383.930s][info][gc,heap        ] GC(2205) PSYoungGen: 2585088K(2611712K)->161156K(2587648K) Eden: 2426368K(2426368K)->0K(2426368K) From: 158720K(185344K)->161156K(161280K)
[6383.930s][info][gc,heap        ] GC(2205) ParOldGen: 2999109K(2999296K)->3106605K(3106816K)
[6383.930s][info][gc,metaspace   ] GC(2205) Metaspace: 29083K(29376K)->29083K(29376K) NonClass: 25980K(26112K)->25980K(26112K) Class: 3103K(3264K)->3103K(3264K)
[6383.930s][info][gc             ] GC(2205) Pause Young (Allocation Failure) 5453M->3191M(5561M) 101.799ms
[6383.930s][info][gc,cpu         ] GC(2205) User=0.58s Sys=0.02s Real=0.11s
..[6385.403s][info][gc,start       ] GC(2206) Pause Young (Allocation Failure)
[6385.503s][info][gc,heap        ] GC(2206) PSYoungGen: 2587524K(2587648K)->164112K(2609664K) Eden: 2426368K(2426368K)->0K(2427392K) From: 161156K(161280K)->164112K(182272K)
[6385.503s][info][gc,heap        ] GC(2206) ParOldGen: 3106605K(3106816K)->3205477K(3205632K)
[6385.503s][info][gc,metaspace   ] GC(2206) Metaspace: 29083K(29376K)->29083K(29376K) NonClass: 25980K(26112K)->25980K(26112K) Class: 3103K(3264K)->3103K(3264K)
[6385.503s][info][gc             ] GC(2206) Pause Young (Allocation Failure) 5560M->3290M(5679M) 99.848ms
[6385.503s][info][gc,cpu         ] GC(2206) User=0.56s Sys=0.02s Real=0.10s
.[6386.922s][info][gc,start       ] GC(2207) Pause Young (Allocation Failure)
[6387.020s][info][gc,heap        ] GC(2207) PSYoungGen: 2591504K(2609664K)->152560K(2608640K) Eden: 2427392K(2427392K)->0K(2427392K) From: 164112K(182272K)->152560K(181248K)
[6387.020s][info][gc,heap        ] GC(2207) ParOldGen: 3205477K(3205632K)->3311509K(3311616K)
[6387.020s][info][gc,metaspace   ] GC(2207) Metaspace: 29083K(29376K)->29083K(29376K) NonClass: 25980K(26112K)->25980K(26112K) Class: 3103K(3264K)->3103K(3264K)
[6387.020s][info][gc             ] GC(2207) Pause Young (Allocation Failure) 5661M->3382M(5781M) 98.818ms
[6387.020s][info][gc,cpu         ] GC(2207) User=0.54s Sys=0.04s Real=0.10s
..[6388.498s][info][gc,start       ] GC(2208) Pause Young (Allocation Failure)
[6388.594s][info][gc,heap        ] GC(2208) PSYoungGen: 2579952K(2608640K)->155712K(2613760K) Eden: 2427392K(2427392K)->0K(2433024K) From: 152560K(181248K)->155712K(180736K)
[6388.594s][info][gc,heap        ] GC(2208) ParOldGen: 3311509K(3311616K)->3411517K(3411968K)
[6388.594s][info][gc,metaspace   ] GC(2208) Metaspace: 29083K(29376K)->29083K(29376K) NonClass: 25980K(26112K)->25980K(26112K) Class: 3103K(3264K)->3103K(3264K)
[6388.594s][info][gc             ] GC(2208) Pause Young (Allocation Failure) 5753M->3483M(5884M) 96.623ms
[6388.594s][info][gc,cpu         ] GC(2208) User=0.54s Sys=0.03s Real=0.10s
.[6389.996s][info][gc,start       ] GC(2209) Pause Young (Allocation Failure)
[6390.094s][info][gc,heap        ] GC(2209) PSYoungGen: 2588736K(2613760K)->153860K(2613248K) Eden: 2433024K(2433024K)->0K(2433024K) From: 155712K(180736K)->153860K(180224K)
[6390.094s][info][gc,heap        ] GC(2209) ParOldGen: 3411517K(3411968K)->3514845K(3514880K)
[6390.094s][info][gc,metaspace   ] GC(2209) Metaspace: 29083K(29376K)->29083K(29376K) NonClass: 25980K(26112K)->25980K(26112K) Class: 3103K(3264K)->3103K(3264K)
[6390.094s][info][gc             ] GC(2209) Pause Young (Allocation Failure) 5859M->3582M(5984M) 97.837ms
[6390.094s][info][gc,cpu         ] GC(2209) User=0.55s Sys=0.02s Real=0.10s
..[6391.643s][info][gc,start       ] GC(2210) Pause Young (Allocation Failure)
[6391.747s][info][gc,heap        ] GC(2210) PSYoungGen: 2586884K(2613248K)->168950K(2612736K) Eden: 2433024K(2433024K)->0K(2433536K) From: 153860K(180224K)->168950K(179200K)
[6391.747s][info][gc,heap        ] GC(2210) ParOldGen: 3514845K(3514880K)->3618293K(3618304K)
[6391.747s][info][gc,metaspace   ] GC(2210) Metaspace: 29083K(29376K)->29083K(29376K) NonClass: 25980K(26112K)->25980K(26112K) Class: 3103K(3264K)->3103K(3264K)
[6391.747s][info][gc             ] GC(2210) Pause Young (Allocation Failure) 5958M->3698M(6085M) 104.689ms
[6391.748s][info][gc,cpu         ] GC(2210) User=0.59s Sys=0.04s Real=0.10s
.[6393.193s][info][gc,start       ] GC(2211) Pause Young (Allocation Failure)
[6393.289s][info][gc,heap        ] GC(2211) PSYoungGen: 2602486K(2612736K)->151296K(2614272K) Eden: 2433536K(2433536K)->0K(2433536K) From: 168950K(179200K)->151296K(180736K)
[6393.289s][info][gc,heap        ] GC(2211) ParOldGen: 3618293K(3618304K)->3722397K(3722752K)
[6393.289s][info][gc,metaspace   ] GC(2211) Metaspace: 29083K(29376K)->29083K(29376K) NonClass: 25980K(26112K)->25980K(26112K) Class: 3103K(3264K)->3103K(3264K)
[6393.289s][info][gc             ] GC(2211) Pause Young (Allocation Failure) 6074M->3782M(6188M) 96.437ms
[6393.289s][info][gc,cpu         ] GC(2211) User=0.53s Sys=0.03s Real=0.09s
..[6394.728s][info][gc,start       ] GC(2212) Pause Young (Allocation Failure)
[6394.835s][info][gc,heap        ] GC(2212) PSYoungGen: 2584832K(2614272K)->175973K(2607616K) Eden: 2433536K(2433536K)->0K(2427392K) From: 151296K(180736K)->175973K(180224K)
[6394.835s][info][gc,heap        ] GC(2212) ParOldGen: 3722397K(3722752K)->3824309K(3824640K)
[6394.835s][info][gc,metaspace   ] GC(2212) Metaspace: 29083K(29376K)->29083K(29376K) NonClass: 25980K(26112K)->25980K(26112K) Class: 3103K(3264K)->3103K(3264K)
[6394.835s][info][gc             ] GC(2212) Pause Young (Allocation Failure) 6159M->3906M(6281M) 106.921ms
[6394.835s][info][gc,cpu         ] GC(2212) User=0.59s Sys=0.03s Real=0.11s
.[6396.316s][info][gc,start       ] GC(2213) Pause Young (Allocation Failure)
[6396.418s][info][gc,heap        ] GC(2213) PSYoungGen: 2603365K(2607616K)->163648K(2611712K) Eden: 2427392K(2427392K)->0K(2427392K) From: 175973K(180224K)->163648K(184320K)
[6396.418s][info][gc,heap        ] GC(2213) ParOldGen: 3824309K(3824640K)->3929805K(3930112K)
[6396.418s][info][gc,metaspace   ] GC(2213) Metaspace: 29083K(29376K)->29083K(29376K) NonClass: 25980K(26112K)->25980K(26112K) Class: 3103K(3264K)->3103K(3264K)
[6396.419s][info][gc             ] GC(2213) Pause Young (Allocation Failure) 6277M->3997M(6388M) 102.276ms
[6396.419s][info][gc,cpu         ] GC(2213) User=0.57s Sys=0.03s Real=0.10s
..[6397.816s][info][gc,start       ] GC(2214) Pause Young (Allocation Failure)
[6397.925s][info][gc,heap        ] GC(2214) PSYoungGen: 2591040K(2611712K)->173976K(2608128K) Eden: 2427392K(2427392K)->0K(2425344K) From: 163648K(184320K)->173976K(182784K)
[6397.925s][info][gc,heap        ] GC(2214) ParOldGen: 3929805K(3930112K)->4037861K(4038144K)
[6397.925s][info][gc,metaspace   ] GC(2214) Metaspace: 29083K(29376K)->29083K(29376K) NonClass: 25980K(26112K)->25980K(26112K) Class: 3103K(3264K)->3103K(3264K)
[6397.925s][info][gc             ] GC(2214) Pause Young (Allocation Failure) 6368M->4113M(6490M) 108.598ms
[6397.925s][info][gc,cpu         ] GC(2214) User=0.61s Sys=0.03s Real=0.11s
.[6399.406s][info][gc,start       ] GC(2215) Pause Young (Allocation Failure)
[6399.503s][info][gc,heap        ] GC(2215) PSYoungGen: 2599320K(2608128K)->153568K(2610688K) Eden: 2425344K(2425344K)->0K(2425344K) From: 173976K(182784K)->153568K(185344K)
[6399.503s][info][gc,heap        ] GC(2215) ParOldGen: 4037861K(4038144K)->4139917K(4140032K)
[6399.503s][info][gc,metaspace   ] GC(2215) Metaspace: 29083K(29376K)->29083K(29376K) NonClass: 25980K(26112K)->25980K(26112K) Class: 3103K(3264K)->3103K(3264K)
[6399.503s][info][gc             ] GC(2215) Pause Young (Allocation Failure) 6481M->4192M(6592M) 96.572ms
[6399.503s][info][gc,cpu         ] GC(2215) User=0.53s Sys=0.03s Real=0.10s
..[6400.966s][info][gc,start       ] GC(2216) Pause Young (Allocation Failure)
[6401.065s][info][gc,heap        ] GC(2216) PSYoungGen: 2578912K(2610688K)->157466K(2607104K) Eden: 2425344K(2425344K)->0K(2425856K) From: 153568K(185344K)->157466K(181248K)
[6401.066s][info][gc,heap        ] GC(2216) ParOldGen: 4139917K(4140032K)->4241869K(4241920K)
[6401.066s][info][gc,metaspace   ] GC(2216) Metaspace: 29083K(29376K)->29083K(29376K) NonClass: 25980K(26112K)->25980K(26112K) Class: 3103K(3264K)->3103K(3264K)
[6401.066s][info][gc             ] GC(2216) Pause Young (Allocation Failure) 6561M->4296M(6688M) 99.840ms
[6401.066s][info][gc,cpu         ] GC(2216) User=0.55s Sys=0.03s Real=0.10s
.[6402.575s][info][gc,start       ] GC(2217) Pause Young (Allocation Failure)
[6402.675s][info][gc,heap        ] GC(2217) PSYoungGen: 2583322K(2607104K)->158352K(2609152K) Eden: 2425856K(2425856K)->0K(2425856K) From: 157466K(181248K)->158352K(183296K)
[6402.675s][info][gc,heap        ] GC(2217) ParOldGen: 4241869K(4241920K)->4345629K(4345856K)
[6402.675s][info][gc,metaspace   ] GC(2217) Metaspace: 29083K(29376K)->29083K(29376K) NonClass: 25980K(26112K)->25980K(26112K) Class: 3103K(3264K)->3103K(3264K)
[6402.675s][info][gc             ] GC(2217) Pause Young (Allocation Failure) 6665M->4398M(6792M) 99.578ms
[6402.675s][info][gc,cpu         ] GC(2217) User=0.56s Sys=0.03s Real=0.10s
..[6404.106s][info][gc,start       ] GC(2218) Pause Young (Allocation Failure)
[6404.206s][info][gc,heap        ] GC(2218) PSYoungGen: 2584208K(2609152K)->158489K(2609152K) Eden: 2425856K(2425856K)->0K(2430976K) From: 158352K(183296K)->158489K(178176K)
[6404.206s][info][gc,heap        ] GC(2218) ParOldGen: 4345629K(4345856K)->4447157K(4447232K)
[6404.206s][info][gc,metaspace   ] GC(2218) Metaspace: 29083K(29376K)->29083K(29376K) NonClass: 25980K(26112K)->25980K(26112K) Class: 3103K(3264K)->3103K(3264K)
[6404.206s][info][gc             ] GC(2218) Pause Young (Allocation Failure) 6767M->4497M(6891M) 99.953ms
[6404.206s][info][gc,cpu         ] GC(2218) User=0.55s Sys=0.04s Real=0.10s
.[6405.633s][info][gc,start       ] GC(2219) Pause Young (Allocation Failure)
[6405.734s][info][gc,heap        ] GC(2219) PSYoungGen: 2589465K(2609152K)->160160K(2611200K) Eden: 2430976K(2430976K)->0K(2430976K) From: 158489K(178176K)->160160K(180224K)
[6405.734s][info][gc,heap        ] GC(2219) ParOldGen: 4447157K(4447232K)->4552541K(4552704K)
[6405.734s][info][gc,metaspace   ] GC(2219) Metaspace: 29083K(29376K)->29083K(29376K) NonClass: 25980K(26112K)->25980K(26112K) Class: 3103K(3264K)->3103K(3264K)
[6405.734s][info][gc             ] GC(2219) Pause Young (Allocation Failure) 6871M->4602M(6996M) 100.896ms
[6405.734s][info][gc,cpu         ] GC(2219) User=0.55s Sys=0.04s Real=0.10s
..[6407.087s][info][gc,start       ] GC(2220) Pause Young (Allocation Failure)
[6407.191s][info][gc,heap        ] GC(2220) PSYoungGen: 2591136K(2611200K)->161523K(2612736K) Eden: 2430976K(2430976K)->0K(2437632K) From: 160160K(180224K)->161523K(175104K)
[6407.191s][info][gc,heap        ] GC(2220) ParOldGen: 4552541K(4552704K)->4658173K(4658176K)
[6407.191s][info][gc,metaspace   ] GC(2220) Metaspace: 29083K(29376K)->29083K(29376K) NonClass: 25980K(26112K)->25980K(26112K) Class: 3103K(3264K)->3103K(3264K)
[6407.191s][info][gc             ] GC(2220) Pause Young (Allocation Failure) 6976M->4706M(7100M) 103.851ms
[6407.191s][info][gc,cpu         ] GC(2220) User=0.57s Sys=0.04s Real=0.11s
.[6408.650s][info][gc,start       ] GC(2221) Pause Young (Allocation Failure)
[6408.753s][info][gc,heap        ] GC(2221) PSYoungGen: 2599155K(2612736K)->163552K(2614272K) Eden: 2437632K(2437632K)->0K(2437632K) From: 161523K(175104K)->163552K(176640K)
[6408.754s][info][gc,heap        ] GC(2221) ParOldGen: 4658173K(4658176K)->4762629K(4763136K)
[6408.754s][info][gc,metaspace   ] GC(2221) Metaspace: 29083K(29376K)->29083K(29376K) NonClass: 25980K(26112K)->25980K(26112K) Class: 3103K(3264K)->3103K(3264K)
[6408.754s][info][gc             ] GC(2221) Pause Young (Allocation Failure) 7087M->4810M(7204M) 103.113ms
[6408.754s][info][gc,cpu         ] GC(2221) User=0.57s Sys=0.03s Real=0.10s
..[6410.169s][info][gc,start       ] GC(2222) Pause Young (Allocation Failure)
[6410.273s][info][gc,heap        ] GC(2222) PSYoungGen: 2601184K(2614272K)->157760K(2616832K) Eden: 2437632K(2437632K)->0K(2443264K) From: 163552K(176640K)->157760K(173568K)
[6410.273s][info][gc,heap        ] GC(2222) ParOldGen: 4762629K(4763136K)->4869581K(4869632K)
[6410.273s][info][gc,metaspace   ] GC(2222) Metaspace: 29083K(29376K)->29083K(29376K) NonClass: 25980K(26112K)->25980K(26112K) Class: 3103K(3264K)->3103K(3264K)
[6410.273s][info][gc             ] GC(2222) Pause Young (Allocation Failure) 7191M->4909M(7311M) 103.477ms
[6410.273s][info][gc,cpu         ] GC(2222) User=0.58s Sys=0.03s Real=0.11s
..[6411.820s][info][gc,start       ] GC(2223) Pause Young (Allocation Failure)
[6411.931s][info][gc,heap        ] GC(2223) PSYoungGen: 2601024K(2616832K)->175092K(2618368K) Eden: 2443264K(2443264K)->0K(2443264K) From: 157760K(173568K)->175092K(175104K)
[6411.931s][info][gc,heap        ] GC(2223) ParOldGen: 4869581K(4869632K)->4977245K(4977664K)
[6411.931s][info][gc,metaspace   ] GC(2223) Metaspace: 29083K(29376K)->29083K(29376K) NonClass: 25980K(26112K)->25980K(26112K) Class: 3103K(3264K)->3103K(3264K)
[6411.931s][info][gc             ] GC(2223) Pause Young (Allocation Failure) 7295M->5031M(7418M) 110.543ms
[6411.931s][info][gc,cpu         ] GC(2223) User=0.62s Sys=0.03s Real=0.11s
.[6413.276s][info][gc,start       ] GC(2224) Pause Young (Allocation Failure)
[6413.380s][info][gc,heap        ] GC(2224) PSYoungGen: 2618356K(2618368K)->164080K(2541568K) Eden: 2443264K(2443264K)->0K(2363904K) From: 175092K(175104K)->164080K(177664K)
[6413.380s][info][gc,heap        ] GC(2224) ParOldGen: 4977245K(4977664K)->5079957K(5080064K)
[6413.380s][info][gc,metaspace   ] GC(2224) Metaspace: 29083K(29376K)->29083K(29376K) NonClass: 25980K(26112K)->25980K(26112K) Class: 3103K(3264K)->3103K(3264K)
[6413.380s][info][gc             ] GC(2224) Pause Young (Allocation Failure) 7417M->5121M(7443M) 103.645ms
[6413.380s][info][gc,cpu         ] GC(2224) User=0.58s Sys=0.03s Real=0.10s
..[6414.830s][info][gc,start       ] GC(2225) Pause Young (Allocation Failure)
[6414.935s][info][gc,heap        ] GC(2225) PSYoungGen: 2527984K(2541568K)->163273K(2579968K) Eden: 2363904K(2363904K)->0K(2363904K) From: 164080K(177664K)->163273K(216064K)
[6414.935s][info][gc,heap        ] GC(2225) ParOldGen: 5079957K(5080064K)->5184797K(5185024K)
[6414.935s][info][gc,metaspace   ] GC(2225) Metaspace: 29083K(29376K)->29083K(29376K) NonClass: 25980K(26112K)->25980K(26112K) Class: 3103K(3264K)->3103K(3264K)
[6414.935s][info][gc             ] GC(2225) Pause Young (Allocation Failure) 7429M->5222M(7583M) 104.330ms
[6414.935s][info][gc,cpu         ] GC(2225) User=0.58s Sys=0.03s Real=0.10s
.[6416.415s][info][gc,start       ] GC(2226) Pause Young (Allocation Failure)
[6416.516s][info][gc,heap        ] GC(2226) PSYoungGen: 2527177K(2579968K)->158196K(2573824K) Eden: 2363904K(2363904K)->0K(2366976K) From: 163273K(216064K)->158196K(206848K)
[6416.516s][info][gc,heap        ] GC(2226) ParOldGen: 5184797K(5185024K)->5287549K(5287936K)
[6416.516s][info][gc,metaspace   ] GC(2226) Metaspace: 29083K(29376K)->29083K(29376K) NonClass: 25980K(26112K)->25980K(26112K) Class: 3103K(3264K)->3103K(3264K)
[6416.516s][info][gc             ] GC(2226) Pause Young (Allocation Failure) 7531M->5318M(7677M) 101.700ms
[6416.516s][info][gc,cpu         ] GC(2226) User=0.57s Sys=0.02s Real=0.10s
..[6417.943s][info][gc,start       ] GC(2227) Pause Young (Allocation Failure)
[6418.043s][info][gc,heap        ] GC(2227) PSYoungGen: 2525172K(2573824K)->154420K(2578432K) Eden: 2366976K(2366976K)->0K(2366976K) From: 158196K(206848K)->154420K(211456K)
[6418.043s][info][gc,heap        ] GC(2227) ParOldGen: 5287549K(5287936K)->5386421K(5386752K)
[6418.043s][info][gc,metaspace   ] GC(2227) Metaspace: 29083K(29376K)->29083K(29376K) NonClass: 25980K(26112K)->25980K(26112K) Class: 3103K(3264K)->3103K(3264K)
[6418.043s][info][gc             ] GC(2227) Pause Young (Allocation Failure) 7629M->5410M(7778M) 99.258ms
[6418.043s][info][gc,cpu         ] GC(2227) User=0.55s Sys=0.03s Real=0.10s
. (rIR:aIR:PR = 10931:10911:10911) (tPR = 161750) [OK] 
  6418s: Performance info:
         Transaction,    Success,    Partial,     Failed,   Receipts, AvgBarcode, 
             Overall,     661904,          0,          0,     628664,      59.48, 
         Response times:
             Request,    Success,    Partial,     Failed,   SkipFail,     Probes,    Samples,      min,      p50,      p90,      p95,      p99,      max, 
       TotalPurchase,     628666,          0,          0,          0,     332890,     531552,      200,    17400,   158000,   304000,   630000,  1200000,
     InStorePurchase,     331914,          0,          0,          0,     174925,     279055,      300,    17300,   158000,   304000,   593000,  1200000,
      OnlinePurchase,     230105,          0,          0,          0,     122543,     195570,      200,    17500,   158000,   303000,   650000,  1200000,
        InstPurchase,      66647,          0,          0,          0,      35422,      56927,      400,    17700,   155000,   322000,   680000,  1200000,
          AssocOfCat,        661,          0,          0,          0,        529,        969,    27000,    71000,   209000,   336000,   508000,  1100000,
      AssocOfProduct,       6708,          0,          0,          0,       3678,       6173,      500,    16800,   143000,   329300,   595000,   920000,
      BusinessReport,       1657,          0,          0,          0,       1450,       2439,    32000,    76000,   210000,   346000,   560000,  1100000,
          CustBuyBeh,       6644,          0,          0,          0,       3744,       6077,      300,    16200,   156000,   349000,   584640,   890000,
       ProductReturn,      17571,          0,          0,          0,       9094,      14818,      200,    17000,   145000,   353000,   527000,   650000,

  6418s: (80%)   IR =  11070 [6419.552s][info][gc,start       ] GC(2228) Pause Young (Allocation Failure)
[6419.655s][info][gc,heap        ] GC(2228) PSYoungGen: 2521396K(2578432K)->159220K(2577920K) Eden: 2366976K(2366976K)->0K(2374656K) From: 154420K(211456K)->159220K(203264K)
[6419.655s][info][gc,heap        ] GC(2228) ParOldGen: 5386421K(5386752K)->5490845K(5491200K)
[6419.655s][info][gc,metaspace   ] GC(2228) Metaspace: 29083K(29376K)->29083K(29376K) NonClass: 25980K(26112K)->25980K(26112K) Class: 3103K(3264K)->3103K(3264K)
[6419.655s][info][gc             ] GC(2228) Pause Young (Allocation Failure) 7722M->5517M(7880M) 102.881ms
[6419.655s][info][gc,cpu         ] GC(2228) User=0.56s Sys=0.04s Real=0.10s
..[6420.972s][info][gc,start       ] GC(2229) Pause Full (Allocation Failure)
[6420.972s][info][gc,phases,start] GC(2229) Marking Phase
[6421.292s][info][gc,phases      ] GC(2229) Marking Phase 320.270ms
[6421.292s][info][gc,phases,start] GC(2229) Summary Phase
[6421.292s][info][gc,phases      ] GC(2229) Summary Phase 0.098ms
[6421.292s][info][gc,phases,start] GC(2229) Forward
[6421.413s][info][gc,phases      ] GC(2229) Forward 120.435ms
[6421.413s][info][gc,phases,start] GC(2229) Adjust Pointers
[6421.623s][info][gc,phases      ] GC(2229) Adjust Pointers 210.200ms
[6421.623s][info][gc,phases,start] GC(2229) Compaction Phase
[6421.772s][info][gc,phases      ] GC(2229) Compaction Phase 148.755ms
[6421.773s][info][gc,phases,start] GC(2229) Post Compact
[6421.780s][info][gc,phases      ] GC(2229) Post Compact 6.930ms
[6421.913s][info][gc,heap        ] GC(2229) PSYoungGen: 2533876K(2577920K)->0K(2582016K) Eden: 2374656K(2374656K)->0K(2374656K) From: 159220K(203264K)->0K(207360K)
[6421.913s][info][gc,heap        ] GC(2229) ParOldGen: 5490845K(5491200K)->1619842K(2148352K)
[6421.913s][info][gc,metaspace   ] GC(2229) Metaspace: 29083K(29376K)->29083K(29376K) NonClass: 25980K(26112K)->25980K(26112K) Class: 3103K(3264K)->3103K(3264K)
[6421.913s][info][gc             ] GC(2229) Pause Full (Allocation Failure) 7836M->1581M(4619M) 940.822ms
[6421.913s][info][gc,cpu         ] GC(2229) User=4.41s Sys=0.13s Real=0.94s
..[6423.166s][info][gc,start       ] GC(2230) Pause Young (Allocation Failure)
[6423.229s][info][gc,heap        ] GC(2230) PSYoungGen: 2374656K(2582016K)->153482K(2585600K) Eden: 2374656K(2374656K)->0K(2381312K) From: 0K(207360K)->153482K(204288K)
[6423.229s][info][gc,heap        ] GC(2230) ParOldGen: 1619842K(2148352K)->1619842K(2148352K)
[6423.229s][info][gc,metaspace   ] GC(2230) Metaspace: 29083K(29376K)->29083K(29376K) NonClass: 25980K(26112K)->25980K(26112K) Class: 3103K(3264K)->3103K(3264K)
[6423.229s][info][gc             ] GC(2230) Pause Young (Allocation Failure) 3900M->1731M(4623M) 62.710ms
[6423.229s][info][gc,cpu         ] GC(2230) User=0.37s Sys=0.00s Real=0.06s
[6424.481s][info][gc,start       ] GC(2231) Pause Young (Allocation Failure)
[6424.579s][info][gc,heap        ] GC(2231) PSYoungGen: 2534794K(2585600K)->168816K(2587136K) Eden: 2381312K(2381312K)->0K(2381312K) From: 153482K(204288K)->168816K(205824K)
[6424.579s][info][gc,heap        ] GC(2231) ParOldGen: 1619842K(2148352K)->1721327K(2148352K)
[6424.579s][info][gc,metaspace   ] GC(2231) Metaspace: 29083K(29376K)->29083K(29376K) NonClass: 25980K(26112K)->25980K(26112K) Class: 3103K(3264K)->3103K(3264K)
[6424.579s][info][gc             ] GC(2231) Pause Young (Allocation Failure) 4057M->1845M(4624M) 97.605ms
[6424.579s][info][gc,cpu         ] GC(2231) User=0.57s Sys=0.00s Real=0.09s
..[6425.836s][info][gc,start       ] GC(2232) Pause Young (Allocation Failure)
[6425.977s][info][gc,heap        ] GC(2232) PSYoungGen: 2550128K(2587136K)->161664K(2585600K) Eden: 2381312K(2381312K)->0K(2387456K) From: 168816K(205824K)->161664K(198144K)
[6425.977s][info][gc,heap        ] GC(2232) ParOldGen: 1721327K(2148352K)->1826791K(2148352K)
[6425.977s][info][gc,metaspace   ] GC(2232) Metaspace: 29083K(29376K)->29083K(29376K) NonClass: 25980K(26112K)->25980K(26112K) Class: 3103K(3264K)->3103K(3264K)
[6425.977s][info][gc             ] GC(2232) Pause Young (Allocation Failure) 4171M->1941M(4623M) 141.762ms
[6425.977s][info][gc,cpu         ] GC(2232) User=0.56s Sys=0.00s Real=0.14s
.[6427.272s][info][gc,start       ] GC(2233) Pause Young (Allocation Failure)
[6427.361s][info][gc,heap        ] GC(2233) PSYoungGen: 2549120K(2585600K)->145376K(2587136K) Eden: 2387456K(2387456K)->0K(2387456K) From: 161664K(198144K)->145376K(199680K)
[6427.361s][info][gc,heap        ] GC(2233) ParOldGen: 1826791K(2148352K)->1929759K(2148352K)
[6427.361s][info][gc,metaspace   ] GC(2233) Metaspace: 29083K(29376K)->29083K(29376K) NonClass: 25980K(26112K)->25980K(26112K) Class: 3103K(3264K)->3103K(3264K)
[6427.361s][info][gc             ] GC(2233) Pause Young (Allocation Failure) 4273M->2026M(4624M) 89.184ms
[6427.361s][info][gc,cpu         ] GC(2233) User=0.53s Sys=0.00s Real=0.09s
.[6428.645s][info][gc,start       ] GC(2234) Pause Young (Allocation Failure)
[6428.738s][info][gc,heap        ] GC(2234) PSYoungGen: 2532832K(2587136K)->159008K(2590720K) Eden: 2387456K(2387456K)->0K(2396160K) From: 145376K(199680K)->159008K(194560K)
[6428.738s][info][gc,heap        ] GC(2234) ParOldGen: 1929759K(2148352K)->2028487K(2148352K)
[6428.738s][info][gc,metaspace   ] GC(2234) Metaspace: 29083K(29376K)->29083K(29376K) NonClass: 25980K(26112K)->25980K(26112K) Class: 3103K(3264K)->3103K(3264K)
[6428.738s][info][gc             ] GC(2234) Pause Young (Allocation Failure) 4357M->2136M(4628M) 92.757ms
[6428.738s][info][gc,cpu         ] GC(2234) User=0.55s Sys=0.00s Real=0.09s
..[6430.107s][info][gc,start       ] GC(2235) Pause Young (Allocation Failure)
[6430.200s][info][gc,heap        ] GC(2235) PSYoungGen: 2555168K(2590720K)->154896K(2593280K) Eden: 2396160K(2396160K)->0K(2396160K) From: 159008K(194560K)->154896K(197120K)
[6430.200s][info][gc,heap        ] GC(2235) ParOldGen: 2028487K(2148352K)->2134023K(2148352K)
[6430.200s][info][gc,metaspace   ] GC(2235) Metaspace: 29083K(29376K)->29083K(29376K) NonClass: 25980K(26112K)->25980K(26112K) Class: 3103K(3264K)->3103K(3264K)
[6430.200s][info][gc             ] GC(2235) Pause Young (Allocation Failure) 4476M->2235M(4630M) 93.350ms
[6430.200s][info][gc,cpu         ] GC(2235) User=0.55s Sys=0.00s Real=0.10s
.[6431.640s][info][gc,start       ] GC(2236) Pause Young (Allocation Failure)
[6431.742s][info][gc,heap        ] GC(2236) PSYoungGen: 2551056K(2593280K)->171413K(2597888K) Eden: 2396160K(2396160K)->0K(2403328K) From: 154896K(197120K)->171413K(194560K)
[6431.742s][info][gc,heap        ] GC(2236) ParOldGen: 2134023K(2148352K)->2233695K(2233856K)
[6431.742s][info][gc,metaspace   ] GC(2236) Metaspace: 29083K(29376K)->29083K(29376K) NonClass: 25980K(26112K)->25980K(26112K) Class: 3103K(3264K)->3103K(3264K)
[6431.742s][info][gc             ] GC(2236) Pause Young (Allocation Failure) 4575M->2348M(4718M) 102.033ms
[6431.742s][info][gc,cpu         ] GC(2236) User=0.57s Sys=0.04s Real=0.11s
.[6433.072s][info][gc,start       ] GC(2237) Pause Young (Allocation Failure)
[6433.172s][info][gc,heap        ] GC(2237) PSYoungGen: 2574741K(2597888K)->152121K(2598912K) Eden: 2403328K(2403328K)->0K(2403328K) From: 171413K(194560K)->152121K(195584K)
[6433.172s][info][gc,heap        ] GC(2237) ParOldGen: 2233695K(2233856K)->2340303K(2340352K)
[6433.172s][info][gc,metaspace   ] GC(2237) Metaspace: 29083K(29376K)->29083K(29376K) NonClass: 25980K(26112K)->25980K(26112K) Class: 3103K(3264K)->3103K(3264K)
[6433.172s][info][gc             ] GC(2237) Pause Young (Allocation Failure) 4695M->2434M(4823M) 99.803ms
[6433.172s][info][gc,cpu         ] GC(2237) User=0.55s Sys=0.04s Real=0.10s
.|.[6434.547s][info][gc,start       ] GC(2238) Pause Young (Allocation Failure)
[6434.648s][info][gc,heap        ] GC(2238) PSYoungGen: 2555449K(2598912K)->164016K(2595840K) Eden: 2403328K(2403328K)->0K(2406400K) From: 152121K(195584K)->164016K(189440K)
[6434.648s][info][gc,heap        ] GC(2238) ParOldGen: 2340303K(2340352K)->2443631K(2443776K)
[6434.648s][info][gc,metaspace   ] GC(2238) Metaspace: 29083K(29376K)->29083K(29376K) NonClass: 25980K(26112K)->25980K(26112K) Class: 3103K(3264K)->3103K(3264K)
[6434.648s][info][gc             ] GC(2238) Pause Young (Allocation Failure) 4781M->2546M(4921M) 100.836ms
[6434.648s][info][gc,cpu         ] GC(2238) User=0.55s Sys=0.03s Real=0.10s
.[6436.064s][info][gc,start       ] GC(2239) Pause Young (Allocation Failure)
[6436.163s][info][gc,heap        ] GC(2239) PSYoungGen: 2570416K(2595840K)->155204K(2597888K) Eden: 2406400K(2406400K)->0K(2406400K) From: 164016K(189440K)->155204K(191488K)
[6436.163s][info][gc,heap        ] GC(2239) ParOldGen: 2443631K(2443776K)->2546527K(2546688K)
[6436.163s][info][gc,metaspace   ] GC(2239) Metaspace: 29083K(29376K)->29083K(29376K) NonClass: 25980K(26112K)->25980K(26112K) Class: 3103K(3264K)->3103K(3264K)
[6436.163s][info][gc             ] GC(2239) Pause Young (Allocation Failure) 4896M->2638M(5024M) 98.820ms
[6436.163s][info][gc,cpu         ] GC(2239) User=0.56s Sys=0.02s Real=0.10s
..[6437.551s][info][gc,start       ] GC(2240) Pause Young (Allocation Failure)
[6437.651s][info][gc,heap        ] GC(2240) PSYoungGen: 2561604K(2597888K)->164832K(2600960K) Eden: 2406400K(2406400K)->0K(2414592K) From: 155204K(191488K)->164832K(186368K)
[6437.651s][info][gc,heap        ] GC(2240) ParOldGen: 2546527K(2546688K)->2650055K(2650112K)
[6437.651s][info][gc,metaspace   ] GC(2240) Metaspace: 29083K(29376K)->29083K(29376K) NonClass: 25980K(26112K)->25980K(26112K) Class: 3103K(3264K)->3103K(3264K)
[6437.651s][info][gc             ] GC(2240) Pause Young (Allocation Failure) 4988M->2748M(5128M) 100.709ms
[6437.651s][info][gc,cpu         ] GC(2240) User=0.56s Sys=0.03s Real=0.10s
.[6439.085s][info][gc,start       ] GC(2241) Pause Young (Allocation Failure)
[6439.181s][info][gc,heap        ] GC(2241) PSYoungGen: 2579424K(2600960K)->151168K(2603008K) Eden: 2414592K(2414592K)->0K(2414592K) From: 164832K(186368K)->151168K(188416K)
[6439.181s][info][gc,heap        ] GC(2241) ParOldGen: 2650055K(2650112K)->2755287K(2755584K)
[6439.181s][info][gc,metaspace   ] GC(2241) Metaspace: 29083K(29376K)->29083K(29376K) NonClass: 25980K(26112K)->25980K(26112K) Class: 3103K(3264K)->3103K(3264K)
[6439.181s][info][gc             ] GC(2241) Pause Young (Allocation Failure) 5106M->2838M(5233M) 96.894ms
[6439.182s][info][gc,cpu         ] GC(2241) User=0.53s Sys=0.04s Real=0.10s
..[6440.565s][info][gc,start       ] GC(2242) Pause Young (Allocation Failure)
[6440.665s][info][gc,heap        ] GC(2242) PSYoungGen: 2565760K(2603008K)->158688K(2602496K) Eden: 2414592K(2414592K)->0K(2420224K) From: 151168K(188416K)->158688K(182272K)
[6440.665s][info][gc,heap        ] GC(2242) ParOldGen: 2755287K(2755584K)->2859495K(2859520K)
[6440.665s][info][gc,metaspace   ] GC(2242) Metaspace: 29083K(29376K)->29083K(29376K) NonClass: 25980K(26112K)->25980K(26112K) Class: 3103K(3264K)->3103K(3264K)
[6440.665s][info][gc             ] GC(2242) Pause Young (Allocation Failure) 5196M->2947M(5334M) 100.062ms
[6440.665s][info][gc,cpu         ] GC(2242) User=0.56s Sys=0.03s Real=0.10s
.[6442.080s][info][gc,start       ] GC(2243) Pause Young (Allocation Failure)
[6442.180s][info][gc,heap        ] GC(2243) PSYoungGen: 2578912K(2602496K)->157440K(2605568K) Eden: 2420224K(2420224K)->0K(2420224K) From: 158688K(182272K)->157440K(185344K)
[6442.180s][info][gc,heap        ] GC(2243) ParOldGen: 2859495K(2859520K)->2964551K(2964992K)
[6442.180s][info][gc,metaspace   ] GC(2243) Metaspace: 29083K(29376K)->29083K(29376K) NonClass: 25980K(26112K)->25980K(26112K) Class: 3103K(3264K)->3103K(3264K)
[6442.180s][info][gc             ] GC(2243) Pause Young (Allocation Failure) 5310M->3048M(5440M) 100.534ms
[6442.180s][info][gc,cpu         ] GC(2243) User=0.55s Sys=0.04s Real=0.10s
..[6443.624s][info][gc,start       ] GC(2244) Pause Young (Allocation Failure)
[6443.722s][info][gc,heap        ] GC(2244) PSYoungGen: 2577664K(2605568K)->156512K(2606592K) Eden: 2420224K(2420224K)->0K(2427392K) From: 157440K(185344K)->156512K(179200K)
[6443.722s][info][gc,heap        ] GC(2244) ParOldGen: 2964551K(2964992K)->3068063K(3068416K)
[6443.722s][info][gc,metaspace   ] GC(2244) Metaspace: 29083K(29376K)->29083K(29376K) NonClass: 25980K(26112K)->25980K(26112K) Class: 3103K(3264K)->3103K(3264K)
[6443.722s][info][gc             ] GC(2244) Pause Young (Allocation Failure) 5412M->3148M(5542M) 98.195ms
[6443.722s][info][gc,cpu         ] GC(2244) User=0.55s Sys=0.03s Real=0.10s
.[6445.158s][info][gc,start       ] GC(2245) Pause Young (Allocation Failure)
[6445.260s][info][gc,heap        ] GC(2245) PSYoungGen: 2583904K(2606592K)->166981K(2609152K) Eden: 2427392K(2427392K)->0K(2427392K) From: 156512K(179200K)->166981K(181760K)
[6445.260s][info][gc,heap        ] GC(2245) ParOldGen: 3068063K(3068416K)->3169751K(3169792K)
[6445.260s][info][gc,metaspace   ] GC(2245) Metaspace: 29083K(29376K)->29083K(29376K) NonClass: 25980K(26112K)->25980K(26112K) Class: 3103K(3264K)->3103K(3264K)
[6445.260s][info][gc             ] GC(2245) Pause Young (Allocation Failure) 5519M->3258M(5643M) 102.121ms
[6445.260s][info][gc,cpu         ] GC(2245) User=0.56s Sys=0.04s Real=0.11s
..[6446.653s][info][gc,start       ] GC(2246) Pause Young (Allocation Failure)
[6446.755s][info][gc,heap        ] GC(2246) PSYoungGen: 2594373K(2609152K)->165088K(2613760K) Eden: 2427392K(2427392K)->0K(2432000K) From: 166981K(181760K)->165088K(181760K)
[6446.755s][info][gc,heap        ] GC(2246) ParOldGen: 3169751K(3169792K)->3274359K(3274752K)
[6446.755s][info][gc,metaspace   ] GC(2246) Metaspace: 29083K(29376K)->29083K(29376K) NonClass: 25980K(26112K)->25980K(26112K) Class: 3103K(3264K)->3103K(3264K)
[6446.755s][info][gc             ] GC(2246) Pause Young (Allocation Failure) 5629M->3358M(5750M) 101.770ms
[6446.755s][info][gc,cpu         ] GC(2246) User=0.56s Sys=0.04s Real=0.10s
.[6448.125s][info][gc,start       ] GC(2247) Pause Young (Allocation Failure)
[6448.225s][info][gc,heap        ] GC(2247) PSYoungGen: 2597088K(2613760K)->157316K(2589696K) Eden: 2432000K(2432000K)->0K(2432000K) From: 165088K(181760K)->157316K(157696K)
[6448.225s][info][gc,heap        ] GC(2247) ParOldGen: 3274359K(3274752K)->3377671K(3378176K)
[6448.225s][info][gc,metaspace   ] GC(2247) Metaspace: 29083K(29376K)->29083K(29376K) NonClass: 25980K(26112K)->25980K(26112K) Class: 3103K(3264K)->3103K(3264K)
[6448.225s][info][gc             ] GC(2247) Pause Young (Allocation Failure) 5733M->3452M(5828M) 99.700ms
[6448.225s][info][gc,cpu         ] GC(2247) User=0.56s Sys=0.03s Real=0.10s
..[6449.656s][info][gc,start       ] GC(2248) Pause Young (Allocation Failure)
[6449.757s][info][gc,heap        ] GC(2248) PSYoungGen: 2589316K(2589696K)->167392K(2612224K) Eden: 2432000K(2432000K)->0K(2432000K) From: 157316K(157696K)->167392K(180224K)
[6449.757s][info][gc,heap        ] GC(2248) ParOldGen: 3377671K(3378176K)->3481079K(3481088K)
[6449.757s][info][gc,metaspace   ] GC(2248) Metaspace: 29083K(29376K)->29083K(29376K) NonClass: 25980K(26112K)->25980K(26112K) Class: 3103K(3264K)->3103K(3264K)
[6449.757s][info][gc             ] GC(2248) Pause Young (Allocation Failure) 5827M->3562M(5950M) 101.445ms
[6449.757s][info][gc,cpu         ] GC(2248) User=0.56s Sys=0.04s Real=0.10s
.[6451.077s][info][gc,start       ] GC(2249) Pause Young (Allocation Failure)
[6451.178s][info][gc,heap        ] GC(2249) PSYoungGen: 2599392K(2612224K)->159456K(2612736K) Eden: 2432000K(2432000K)->0K(2432000K) From: 167392K(180224K)->159456K(180736K)
[6451.178s][info][gc,heap        ] GC(2249) ParOldGen: 3481079K(3481088K)->3587863K(3588096K)
[6451.178s][info][gc,metaspace   ] GC(2249) Metaspace: 29083K(29376K)->29083K(29376K) NonClass: 25980K(26112K)->25980K(26112K) Class: 3103K(3264K)->3103K(3264K)
[6451.178s][info][gc             ] GC(2249) Pause Young (Allocation Failure) 5937M->3659M(6055M) 100.621ms
[6451.178s][info][gc,cpu         ] GC(2249) User=0.56s Sys=0.04s Real=0.10s
..[6452.513s][info][gc,start       ] GC(2250) Pause Young (Allocation Failure)
[6452.618s][info][gc,heap        ] GC(2250) PSYoungGen: 2591456K(2612736K)->168916K(2613248K) Eden: 2432000K(2432000K)->0K(2434048K) From: 159456K(180736K)->168916K(179200K)
[6452.618s][info][gc,heap        ] GC(2250) ParOldGen: 3587863K(3588096K)->3694687K(3695104K)
[6452.618s][info][gc,metaspace   ] GC(2250) Metaspace: 29083K(29376K)->29083K(29376K) NonClass: 25980K(26112K)->25980K(26112K) Class: 3103K(3264K)->3103K(3264K)
[6452.618s][info][gc             ] GC(2250) Pause Young (Allocation Failure) 6034M->3773M(6160M) 105.423ms
[6452.618s][info][gc,cpu         ] GC(2250) User=0.59s Sys=0.04s Real=0.10s
.[6454.006s][info][gc,start       ] GC(2251) Pause Young (Allocation Failure)
[6454.106s][info][gc,heap        ] GC(2251) PSYoungGen: 2602964K(2613248K)->154736K(2614272K) Eden: 2434048K(2434048K)->0K(2434048K) From: 168916K(179200K)->154736K(180224K)
[6454.106s][info][gc,heap        ] GC(2251) ParOldGen: 3694687K(3695104K)->3800207K(3800576K)
[6454.106s][info][gc,metaspace   ] GC(2251) Metaspace: 29083K(29376K)->29083K(29376K) NonClass: 25980K(26112K)->25980K(26112K) Class: 3103K(3264K)->3103K(3264K)
[6454.106s][info][gc             ] GC(2251) Pause Young (Allocation Failure) 6150M->3862M(6264M) 99.779ms
[6454.106s][info][gc,cpu         ] GC(2251) User=0.55s Sys=0.03s Real=0.10s
..[6455.543s][info][gc,start       ] GC(2252) Pause Young (Allocation Failure)
[6455.644s][info][gc,heap        ] GC(2252) PSYoungGen: 2588784K(2614272K)->158595K(2612224K) Eden: 2434048K(2434048K)->0K(2436096K) From: 154736K(180224K)->158595K(176128K)
[6455.644s][info][gc,heap        ] GC(2252) ParOldGen: 3800207K(3800576K)->3904975K(3905024K)
[6455.644s][info][gc,metaspace   ] GC(2252) Metaspace: 29083K(29376K)->29083K(29376K) NonClass: 25980K(26112K)->25980K(26112K) Class: 3103K(3264K)->3103K(3264K)
[6455.644s][info][gc             ] GC(2252) Pause Young (Allocation Failure) 6239M->3968M(6364M) 100.889ms
[6455.644s][info][gc,cpu         ] GC(2252) User=0.55s Sys=0.04s Real=0.10s
.[6457.111s][info][gc,start       ] GC(2253) Pause Young (Allocation Failure)
[6457.215s][info][gc,heap        ] GC(2253) PSYoungGen: 2594691K(2612224K)->161781K(2614272K) Eden: 2436096K(2436096K)->0K(2436096K) From: 158595K(176128K)->161781K(178176K)
[6457.215s][info][gc,heap        ] GC(2253) ParOldGen: 3904975K(3905024K)->4007383K(4007424K)
[6457.215s][info][gc,metaspace   ] GC(2253) Metaspace: 29083K(29376K)->29083K(29376K) NonClass: 25980K(26112K)->25980K(26112K) Class: 3103K(3264K)->3103K(3264K)
[6457.215s][info][gc             ] GC(2253) Pause Young (Allocation Failure) 6347M->4071M(6466M) 103.462ms
[6457.215s][info][gc,cpu         ] GC(2253) User=0.57s Sys=0.04s Real=0.10s
..[6458.655s][info][gc,start       ] GC(2254) Pause Young (Allocation Failure)
[6458.758s][info][gc,heap        ] GC(2254) PSYoungGen: 2596413K(2614272K)->163056K(2614784K) Eden: 2434631K(2436096K)->0K(2440704K) From: 161781K(178176K)->163056K(174080K)
[6458.758s][info][gc,heap        ] GC(2254) ParOldGen: 4007383K(4007424K)->4111391K(4111872K)
[6458.758s][info][gc,metaspace   ] GC(2254) Metaspace: 29083K(29376K)->29083K(29376K) NonClass: 25980K(26112K)->25980K(26112K) Class: 3103K(3264K)->3103K(3264K)
[6458.758s][info][gc             ] GC(2254) Pause Young (Allocation Failure) 6449M->4174M(6569M) 103.080ms
[6458.758s][info][gc,cpu         ] GC(2254) User=0.57s Sys=0.04s Real=0.10s
.[6460.218s][info][gc,start       ] GC(2255) Pause Young (Allocation Failure)
[6460.317s][info][gc,heap        ] GC(2255) PSYoungGen: 2603760K(2614784K)->160448K(2616832K) Eden: 2440704K(2440704K)->0K(2440704K) From: 163056K(174080K)->160448K(176128K)
[6460.317s][info][gc,heap        ] GC(2255) ParOldGen: 4111391K(4111872K)->4212679K(4212736K)
[6460.317s][info][gc,metaspace   ] GC(2255) Metaspace: 29083K(29376K)->29083K(29376K) NonClass: 25980K(26112K)->25980K(26112K) Class: 3103K(3264K)->3103K(3264K)
[6460.317s][info][gc             ] GC(2255) Pause Young (Allocation Failure) 6557M->4270M(6669M) 98.945ms
[6460.317s][info][gc,cpu         ] GC(2255) User=0.55s Sys=0.03s Real=0.10s
..[6461.766s][info][gc,start       ] GC(2256) Pause Young (Allocation Failure)
[6461.882s][info][gc,heap        ] GC(2256) PSYoungGen: 2601152K(2616832K)->174576K(2530304K) Eden: 2440704K(2440704K)->0K(2355712K) From: 160448K(176128K)->174576K(174592K)
[6461.882s][info][gc,heap        ] GC(2256) ParOldGen: 4212679K(4212736K)->4325191K(4325376K)
[6461.882s][info][gc,metaspace   ] GC(2256) Metaspace: 29083K(29376K)->29083K(29376K) NonClass: 25980K(26112K)->25980K(26112K) Class: 3103K(3264K)->3103K(3264K)
[6461.882s][info][gc             ] GC(2256) Pause Young (Allocation Failure) 6654M->4394M(6695M) 116.156ms
[6461.882s][info][gc,cpu         ] GC(2256) User=0.65s Sys=0.03s Real=0.12s
.[6463.244s][info][gc,start       ] GC(2257) Pause Young (Allocation Failure)
[6463.340s][info][gc,heap        ] GC(2257) PSYoungGen: 2530288K(2530304K)->152192K(2575872K) Eden: 2355712K(2355712K)->0K(2355712K) From: 174576K(174592K)->152192K(220160K)
[6463.340s][info][gc,heap        ] GC(2257) ParOldGen: 4325191K(4325376K)->4424087K(4424192K)
[6463.340s][info][gc,metaspace   ] GC(2257) Metaspace: 29083K(29376K)->29083K(29376K) NonClass: 25980K(26112K)->25980K(26112K) Class: 3103K(3264K)->3103K(3264K)
[6463.340s][info][gc             ] GC(2257) Pause Young (Allocation Failure) 6694M->4469M(6836M) 96.520ms
[6463.340s][info][gc,cpu         ] GC(2257) User=0.55s Sys=0.02s Real=0.10s
..[6464.781s][info][gc,start       ] GC(2258) Pause Young (Allocation Failure)
[6464.889s][info][gc,heap        ] GC(2258) PSYoungGen: 2507904K(2575872K)->173445K(2566656K) Eden: 2355712K(2355712K)->0K(2356736K) From: 152192K(220160K)->173445K(209920K)
[6464.889s][info][gc,heap        ] GC(2258) ParOldGen: 4424087K(4424192K)->4525695K(4526080K)
[6464.889s][info][gc,metaspace   ] GC(2258) Metaspace: 29083K(29376K)->29083K(29376K) NonClass: 25980K(26112K)->25980K(26112K) Class: 3103K(3264K)->3103K(3264K)
[6464.889s][info][gc             ] GC(2258) Pause Young (Allocation Failure) 6769M->4589M(6926M) 108.561ms
[6464.889s][info][gc,cpu         ] GC(2258) User=0.60s Sys=0.03s Real=0.10s
.[6466.294s][info][gc,start       ] GC(2259) Pause Young (Allocation Failure)
[6466.396s][info][gc,heap        ] GC(2259) PSYoungGen: 2530181K(2566656K)->155744K(2571776K) Eden: 2356736K(2356736K)->0K(2356736K) From: 173445K(209920K)->155744K(215040K)
[6466.396s][info][gc,heap        ] GC(2259) ParOldGen: 4525695K(4526080K)->4628399K(4628480K)
[6466.396s][info][gc,metaspace   ] GC(2259) Metaspace: 29083K(29376K)->29083K(29376K) NonClass: 25980K(26112K)->25980K(26112K) Class: 3103K(3264K)->3103K(3264K)
[6466.396s][info][gc             ] GC(2259) Pause Young (Allocation Failure) 6890M->4672M(7031M) 101.129ms
[6466.396s][info][gc,cpu         ] GC(2259) User=0.55s Sys=0.05s Real=0.10s
..[6467.815s][info][gc,start       ] GC(2260) Pause Young (Allocation Failure)
[6467.926s][info][gc,heap        ] GC(2260) PSYoungGen: 2512480K(2571776K)->178602K(2577408K) Eden: 2356736K(2356736K)->0K(2367488K) From: 155744K(215040K)->178602K(209920K)
[6467.926s][info][gc,heap        ] GC(2260) ParOldGen: 4628399K(4628480K)->4733199K(4733440K)
[6467.926s][info][gc,metaspace   ] GC(2260) Metaspace: 29083K(29376K)->29083K(29376K) NonClass: 25980K(26112K)->25980K(26112K) Class: 3103K(3264K)->3103K(3264K)
[6467.926s][info][gc             ] GC(2260) Pause Young (Allocation Failure) 6973M->4796M(7139M) 111.349ms
[6467.926s][info][gc,cpu         ] GC(2260) User=0.63s Sys=0.02s Real=0.11s
.[6469.104s][info][gc,start       ] GC(2261) Pause Young (GCLocker Initiated GC)
[6469.193s][info][gc,heap        ] GC(2261) PSYoungGen: 2138875K(2577408K)->124320K(2579968K) Eden: 1960273K(2367488K)->0K(2367488K) From: 178602K(209920K)->124320K(212480K)
[6469.193s][info][gc,heap        ] GC(2261) ParOldGen: 4733199K(4733440K)->4840455K(4840960K)
[6469.193s][info][gc,metaspace   ] GC(2261) Metaspace: 29083K(29376K)->29083K(29376K) NonClass: 25980K(26112K)->25980K(26112K) Class: 3103K(3264K)->3103K(3264K)
[6469.193s][info][gc             ] GC(2261) Pause Young (GCLocker Initiated GC) 6711M->4848M(7247M) 89.670ms
[6469.193s][info][gc,cpu         ] GC(2261) User=0.50s Sys=0.03s Real=0.09s
[6469.225s][info][gc,start       ] GC(2262) Pause Full (Diagnostic Command)
[6469.225s][info][gc,phases,start] GC(2262) Marking Phase
[6469.526s][info][gc,phases      ] GC(2262) Marking Phase 300.695ms
[6469.526s][info][gc,phases,start] GC(2262) Summary Phase
[6469.526s][info][gc,phases      ] GC(2262) Summary Phase 0.068ms
[6469.526s][info][gc,phases,start] GC(2262) Forward
[6469.659s][info][gc,phases      ] GC(2262) Forward 133.464ms
[6469.660s][info][gc,phases,start] GC(2262) Adjust Pointers
[6469.895s][info][gc,phases      ] GC(2262) Adjust Pointers 235.859ms
[6469.895s][info][gc,phases,start] GC(2262) Compaction Phase
[6470.065s][info][gc,phases      ] GC(2262) Compaction Phase 170.059ms
[6470.067s][info][gc,phases,start] GC(2262) Post Compact
[6470.072s][info][gc,phases      ] GC(2262) Post Compact 4.470ms
[6470.072s][info][gc,heap        ] GC(2262) PSYoungGen: 226939K(2579968K)->0K(2579968K) Eden: 102619K(2367488K)->0K(2367488K) From: 124320K(212480K)->0K(212480K)
[6470.072s][info][gc,heap        ] GC(2262) ParOldGen: 4840455K(4840960K)->1343408K(4840960K)
[6470.072s][info][gc,metaspace   ] GC(2262) Metaspace: 29083K(29376K)->29083K(29376K) NonClass: 25980K(26112K)->25980K(26112K) Class: 3103K(3264K)->3103K(3264K)
[6470.072s][info][gc             ] GC(2262) Pause Full (Diagnostic Command) 4948M->1311M(7247M) 846.790ms
[6470.072s][info][gc,cpu         ] GC(2262) User=4.43s Sys=0.00s Real=0.85s
..[6471.329s][info][gc,start       ] GC(2263) Pause Young (Allocation Failure)
[6471.392s][info][gc,heap        ] GC(2263) PSYoungGen: 2367488K(2579968K)->151712K(2580992K) Eden: 2367488K(2367488K)->0K(2366464K) From: 0K(212480K)->151712K(214528K)
[6471.392s][info][gc,heap        ] GC(2263) ParOldGen: 1343408K(4840960K)->1343408K(4840960K)
[6471.392s][info][gc,metaspace   ] GC(2263) Metaspace: 29083K(29376K)->29083K(29376K) NonClass: 25980K(26112K)->25980K(26112K) Class: 3103K(3264K)->3103K(3264K)
[6471.392s][info][gc             ] GC(2263) Pause Young (Allocation Failure) 3623M->1460M(7248M) 62.570ms
[6471.392s][info][gc,cpu         ] GC(2263) User=0.37s Sys=0.01s Real=0.07s
.[6472.627s][info][gc,start       ] GC(2264) Pause Young (Allocation Failure)
[6472.723s][info][gc,heap        ] GC(2264) PSYoungGen: 2518176K(2580992K)->164644K(2531328K) Eden: 2366464K(2366464K)->0K(2366464K) From: 151712K(214528K)->164644K(164864K)
[6472.724s][info][gc,heap        ] GC(2264) ParOldGen: 1343408K(4840960K)->1445752K(4840960K)
[6472.724s][info][gc,metaspace   ] GC(2264) Metaspace: 29083K(29376K)->29083K(29376K) NonClass: 25980K(26112K)->25980K(26112K) Class: 3103K(3264K)->3103K(3264K)
[6472.724s][info][gc             ] GC(2264) Pause Young (Allocation Failure) 3771M->1572M(7199M) 96.052ms
[6472.724s][info][gc,cpu         ] GC(2264) User=0.57s Sys=0.00s Real=0.10s
.[6474.031s][info][gc,start       ] GC(2265) Pause Young (Allocation Failure)
[6474.116s][info][gc,heap        ] GC(2265) PSYoungGen: 2531108K(2531328K)->141184K(2577408K) Eden: 2366464K(2366464K)->0K(2368512K) From: 164644K(164864K)->141184K(208896K)
[6474.116s][info][gc,heap        ] GC(2265) ParOldGen: 1445752K(4840960K)->1549176K(4840960K)
[6474.116s][info][gc,metaspace   ] GC(2265) Metaspace: 29083K(29376K)->29083K(29376K) NonClass: 25980K(26112K)->25980K(26112K) Class: 3103K(3264K)->3103K(3264K)
[6474.116s][info][gc             ] GC(2265) Pause Young (Allocation Failure) 3883M->1650M(7244M) 85.385ms
[6474.116s][info][gc,cpu         ] GC(2265) User=0.50s Sys=0.00s Real=0.08s
.[6475.390s][info][gc,start       ] GC(2266) Pause Young (Allocation Failure)
[6475.481s][info][gc,heap        ] GC(2266) PSYoungGen: 2509696K(2577408K)->154112K(2576896K) Eden: 2368512K(2368512K)->0K(2368512K) From: 141184K(208896K)->154112K(208384K)
[6475.481s][info][gc,heap        ] GC(2266) ParOldGen: 1549176K(4840960K)->1649848K(4840960K)
[6475.481s][info][gc,metaspace   ] GC(2266) Metaspace: 29083K(29376K)->29083K(29376K) NonClass: 25980K(26112K)->25980K(26112K) Class: 3103K(3264K)->3103K(3264K)
[6475.481s][info][gc             ] GC(2266) Pause Young (Allocation Failure) 3963M->1761M(7244M) 90.523ms
[6475.481s][info][gc,cpu         ] GC(2266) User=0.53s Sys=0.00s Real=0.09s
..[6476.803s][info][gc,start       ] GC(2267) Pause Young (Allocation Failure)
[6476.949s][info][gc,heap        ] GC(2267) PSYoungGen: 2522624K(2576896K)->165625K(2585088K) Eden: 2368512K(2368512K)->0K(2381312K) From: 154112K(208384K)->165625K(203776K)
[6476.949s][info][gc,heap        ] GC(2267) ParOldGen: 1649848K(4840960K)->1754504K(4840960K)
[6476.949s][info][gc,metaspace   ] GC(2267) Metaspace: 29083K(29376K)->29083K(29376K) NonClass: 25980K(26112K)->25980K(26112K) Class: 3103K(3264K)->3103K(3264K)
[6476.949s][info][gc             ] GC(2267) Pause Young (Allocation Failure) 4074M->1875M(7252M) 146.165ms
[6476.949s][info][gc,cpu         ] GC(2267) User=0.59s Sys=0.00s Real=0.14s
.[6478.253s][info][gc,start       ] GC(2268) Pause Young (Allocation Failure)
[6478.345s][info][gc,heap        ] GC(2268) PSYoungGen: 2546937K(2585088K)->150976K(2584064K) Eden: 2381312K(2381312K)->0K(2381312K) From: 165625K(203776K)->150976K(202752K)
[6478.345s][info][gc,heap        ] GC(2268) ParOldGen: 1754504K(4840960K)->1856488K(4840960K)
[6478.345s][info][gc,metaspace   ] GC(2268) Metaspace: 29083K(29376K)->29083K(29376K) NonClass: 25980K(26112K)->25980K(26112K) Class: 3103K(3264K)->3103K(3264K)
[6478.345s][info][gc             ] GC(2268) Pause Young (Allocation Failure) 4200M->1960M(7251M) 91.849ms
[6478.345s][info][gc,cpu         ] GC(2268) User=0.54s Sys=0.00s Real=0.09s
.[6479.683s][info][gc,start       ] GC(2269) Pause Young (Allocation Failure)
[6479.779s][info][gc,heap        ] GC(2269) PSYoungGen: 2532288K(2584064K)->165380K(2591232K) Eden: 2381312K(2381312K)->0K(2391552K) From: 150976K(202752K)->165380K(199680K)
[6479.779s][info][gc,heap        ] GC(2269) ParOldGen: 1856488K(4840960K)->1956984K(4840960K)
[6479.779s][info][gc,metaspace   ] GC(2269) Metaspace: 29083K(29376K)->29083K(29376K) NonClass: 25980K(26112K)->25980K(26112K) Class: 3103K(3264K)->3103K(3264K)
[6479.779s][info][gc             ] GC(2269) Pause Young (Allocation Failure) 4285M->2072M(7258M) 96.390ms
[6479.779s][info][gc,cpu         ] GC(2269) User=0.58s Sys=0.00s Real=0.09s
..[6481.151s][info][gc,start       ] GC(2270) Pause Young (Allocation Failure)
[6481.244s][info][gc,heap        ] GC(2270) PSYoungGen: 2556932K(2591232K)->152277K(2589696K) Eden: 2391552K(2391552K)->0K(2391552K) From: 165380K(199680K)->152277K(198144K)
[6481.244s][info][gc,heap        ] GC(2270) ParOldGen: 1956984K(4840960K)->2062008K(4840960K)
[6481.244s][info][gc,metaspace   ] GC(2270) Metaspace: 29083K(29376K)->29083K(29376K) NonClass: 25980K(26112K)->25980K(26112K) Class: 3103K(3264K)->3103K(3264K)
[6481.244s][info][gc             ] GC(2270) Pause Young (Allocation Failure) 4408M->2162M(7256M) 92.409ms
[6481.244s][info][gc,cpu         ] GC(2270) User=0.55s Sys=0.00s Real=0.09s
.[6482.696s][info][gc,start       ] GC(2271) Pause Young (Allocation Failure)
[6482.791s][info][gc,heap        ] GC(2271) PSYoungGen: 2543829K(2589696K)->161280K(2594304K) Eden: 2391552K(2391552K)->0K(2401792K) From: 152277K(198144K)->161280K(192512K)
[6482.791s][info][gc,heap        ] GC(2271) ParOldGen: 2062008K(4840960K)->2162704K(4840960K)
[6482.791s][info][gc,metaspace   ] GC(2271) Metaspace: 29083K(29376K)->29083K(29376K) NonClass: 25980K(26112K)->25980K(26112K) Class: 3103K(3264K)->3103K(3264K)
[6482.791s][info][gc             ] GC(2271) Pause Young (Allocation Failure) 4497M->2269M(7261M) 95.132ms
[6482.791s][info][gc,cpu         ] GC(2271) User=0.56s Sys=0.00s Real=0.10s
..[6484.317s][info][gc,start       ] GC(2272) Pause Young (Allocation Failure)
[6484.414s][info][gc,heap        ] GC(2272) PSYoungGen: 2563072K(2594304K)->160096K(2594304K) Eden: 2401792K(2401792K)->0K(2401792K) From: 161280K(192512K)->160096K(192512K)
[6484.414s][info][gc,heap        ] GC(2272) ParOldGen: 2162704K(4840960K)->2265224K(4840960K)
[6484.414s][info][gc,metaspace   ] GC(2272) Metaspace: 29083K(29376K)->29083K(29376K) NonClass: 25980K(26112K)->25980K(26112K) Class: 3103K(3264K)->3103K(3264K)
[6484.414s][info][gc             ] GC(2272) Pause Young (Allocation Failure) 4615M->2368M(7261M) 96.921ms
[6484.414s][info][gc,cpu         ] GC(2272) User=0.57s Sys=0.00s Real=0.10s
.[6485.855s][info][gc,start       ] GC(2273) Pause Young (Allocation Failure)
[6485.950s][info][gc,heap        ] GC(2273) PSYoungGen: 2561888K(2594304K)->154622K(2601984K) Eden: 2401792K(2401792K)->0K(2412544K) From: 160096K(192512K)->154622K(189440K)
[6485.950s][info][gc,heap        ] GC(2273) ParOldGen: 2265224K(4840960K)->2370496K(4840960K)
[6485.950s][info][gc,metaspace   ] GC(2273) Metaspace: 29083K(29376K)->29083K(29376K) NonClass: 25980K(26112K)->25980K(26112K) Class: 3103K(3264K)->3103K(3264K)
[6485.950s][info][gc             ] GC(2273) Pause Young (Allocation Failure) 4713M->2465M(7268M) 95.314ms
[6485.950s][info][gc,cpu         ] GC(2273) User=0.57s Sys=0.00s Real=0.10s
..[6487.446s][info][gc,start       ] GC(2274) Pause Young (Allocation Failure)
[6487.549s][info][gc,heap        ] GC(2274) PSYoungGen: 2567166K(2601984K)->173208K(2600448K) Eden: 2412544K(2412544K)->0K(2412544K) From: 154622K(189440K)->173208K(187904K)
[6487.549s][info][gc,heap        ] GC(2274) ParOldGen: 2370496K(4840960K)->2472560K(4840960K)
[6487.549s][info][gc,metaspace   ] GC(2274) Metaspace: 29083K(29376K)->29083K(29376K) NonClass: 25980K(26112K)->25980K(26112K) Class: 3103K(3264K)->3103K(3264K)
[6487.549s][info][gc             ] GC(2274) Pause Young (Allocation Failure) 4821M->2583M(7267M) 102.853ms
[6487.549s][info][gc,cpu         ] GC(2274) User=0.61s Sys=0.00s Real=0.10s
.[6488.889s][info][gc,start       ] GC(2275) Pause Young (Allocation Failure)
[6488.984s][info][gc,heap        ] GC(2275) PSYoungGen: 2585752K(2600448K)->158469K(2605056K) Eden: 2412544K(2412544K)->0K(2418176K) From: 173208K(187904K)->158469K(186880K)
[6488.984s][info][gc,heap        ] GC(2275) ParOldGen: 2472560K(4840960K)->2575456K(4840960K)
[6488.984s][info][gc,metaspace   ] GC(2275) Metaspace: 29083K(29376K)->29083K(29376K) NonClass: 25980K(26112K)->25980K(26112K) Class: 3103K(3264K)->3103K(3264K)
[6488.984s][info][gc             ] GC(2275) Pause Young (Allocation Failure) 4939M->2669M(7271M) 94.926ms
[6488.984s][info][gc,cpu         ] GC(2275) User=0.56s Sys=0.00s Real=0.10s
..[6490.348s][info][gc,start       ] GC(2276) Pause Young (Allocation Failure)
[6490.443s][info][gc,heap        ] GC(2276) PSYoungGen: 2576645K(2605056K)->161344K(2605568K) Eden: 2418176K(2418176K)->0K(2418176K) From: 158469K(186880K)->161344K(187392K)
[6490.443s][info][gc,heap        ] GC(2276) ParOldGen: 2575456K(4840960K)->2679968K(4840960K)
[6490.443s][info][gc,metaspace   ] GC(2276) Metaspace: 29083K(29376K)->29083K(29376K) NonClass: 25980K(26112K)->25980K(26112K) Class: 3103K(3264K)->3103K(3264K)
[6490.443s][info][gc             ] GC(2276) Pause Young (Allocation Failure) 5031M->2774M(7272M) 95.572ms
[6490.443s][info][gc,cpu         ] GC(2276) User=0.57s Sys=0.01s Real=0.10s
.[6491.872s][info][gc,start       ] GC(2277) Pause Young (Allocation Failure)
[6491.968s][info][gc,heap        ] GC(2277) PSYoungGen: 2579520K(2605568K)->157780K(2607104K) Eden: 2418176K(2418176K)->0K(2423296K) From: 161344K(187392K)->157780K(183808K)
[6491.968s][info][gc,heap        ] GC(2277) ParOldGen: 2679968K(4840960K)->2785392K(4840960K)
[6491.968s][info][gc,metaspace   ] GC(2277) Metaspace: 29083K(29376K)->29083K(29376K) NonClass: 25980K(26112K)->25980K(26112K) Class: 3103K(3264K)->3103K(3264K)
[6491.968s][info][gc             ] GC(2277) Pause Young (Allocation Failure) 5136M->2874M(7273M) 95.551ms
[6491.968s][info][gc,cpu         ] GC(2277) User=0.56s Sys=0.00s Real=0.09s
..[6493.354s][info][gc,start       ] GC(2278) Pause Young (Allocation Failure)
[6493.449s][info][gc,heap        ] GC(2278) PSYoungGen: 2581076K(2607104K)->158368K(2606592K) Eden: 2423296K(2423296K)->0K(2423296K) From: 157780K(183808K)->158368K(183296K)
[6493.449s][info][gc,heap        ] GC(2278) ParOldGen: 2785392K(4840960K)->2889544K(4840960K)
[6493.449s][info][gc,metaspace   ] GC(2278) Metaspace: 29083K(29376K)->29083K(29376K) NonClass: 25980K(26112K)->25980K(26112K) Class: 3103K(3264K)->3103K(3264K)
[6493.449s][info][gc             ] GC(2278) Pause Young (Allocation Failure) 5240M->2976M(7273M) 95.219ms
[6493.449s][info][gc,cpu         ] GC(2278) User=0.56s Sys=0.00s Real=0.09s
. (rIR:aIR:PR = 11070:11139:11139) (tPR = 165637) [OK] 
  6494s: Performance info:
         Transaction,    Success,    Partial,     Failed,   Receipts, AvgBarcode, 
             Overall,     679173,          0,          0,     645517,      59.48, 
         Response times:
             Request,    Success,    Partial,     Failed,   SkipFail,     Probes,    Samples,      min,      p50,      p90,      p95,      p99,      max, 
       TotalPurchase,     645507,          0,          0,          0,     323490,     454287,      300,    38000,   400000,   560000,   860000,  1200000,
     InStorePurchase,     339447,          0,          0,          0,     170017,     238669,      300,    37000,   399000,   544000,   850000,  1200000,
      OnlinePurchase,     238812,          0,          0,          0,     119045,     167508,      300,    38000,   401000,   577000,   860000,  1200000,
        InstPurchase,      67248,          0,          0,          0,      34428,      48110,      300,    37000,   411000,   563000,   860000,  1200000,
          AssocOfCat,        677,          0,          0,          0,        524,        815,    25000,   104000,   470400,   612000,   720000,  1100000,
      AssocOfProduct,       6726,          0,          0,          0,       3593,       5168,      800,    34000,   429000,   640000,   840000,  1300000,
      BusinessReport,       1694,          0,          0,          0,       1439,       2104,    32000,   105000,   522500,   667500,   810000,  1200000,
          CustBuyBeh,       6816,          0,          0,          0,       3667,       5217,      200,    37000,   454000,   710000,   960000,  1300000,
       ProductReturn,      17742,          0,          0,          0,       9552,      12959,      200,    38000,   411000,   550000,   870000,   990000,

  6494s: (81%)   IR =  11208 [6494.903s][info][gc,start       ] GC(2279) Pause Young (Allocation Failure)
[6494.996s][info][gc,heap        ] GC(2279) PSYoungGen: 2581664K(2606592K)->153984K(2611200K) Eden: 2423296K(2423296K)->0K(2429952K) From: 158368K(183296K)->153984K(181248K)
[6494.996s][info][gc,heap        ] GC(2279) ParOldGen: 2889544K(4840960K)->2992320K(4840960K)
[6494.996s][info][gc,metaspace   ] GC(2279) Metaspace: 29083K(29376K)->29083K(29376K) NonClass: 25980K(26112K)->25980K(26112K) Class: 3103K(3264K)->3103K(3264K)
[6494.996s][info][gc             ] GC(2279) Pause Young (Allocation Failure) 5342M->3072M(7277M) 93.456ms
[6494.996s][info][gc,cpu         ] GC(2279) User=0.55s Sys=0.00s Real=0.09s
..[6496.467s][info][gc,start       ] GC(2280) Pause Young (Allocation Failure)
[6496.567s][info][gc,heap        ] GC(2280) PSYoungGen: 2583936K(2611200K)->171876K(2610176K) Eden: 2429952K(2429952K)->0K(2429952K) From: 153984K(181248K)->171876K(180224K)
[6496.567s][info][gc,heap        ] GC(2280) ParOldGen: 2992320K(4840960K)->3096056K(4840960K)
[6496.567s][info][gc,metaspace   ] GC(2280) Metaspace: 29083K(29376K)->29083K(29376K) NonClass: 25980K(26112K)->25980K(26112K) Class: 3103K(3264K)->3103K(3264K)
[6496.567s][info][gc             ] GC(2280) Pause Young (Allocation Failure) 5445M->3191M(7276M) 99.885ms
[6496.567s][info][gc,cpu         ] GC(2280) User=0.59s Sys=0.00s Real=0.10s
.[6497.920s][info][gc,start       ] GC(2281) Pause Young (Allocation Failure)
[6498.018s][info][gc,heap        ] GC(2281) PSYoungGen: 2601828K(2610176K)->162810K(2614272K) Eden: 2429952K(2429952K)->0K(2432000K) From: 171876K(180224K)->162810K(182272K)
[6498.018s][info][gc,heap        ] GC(2281) ParOldGen: 3096056K(4840960K)->3204784K(4840960K)
[6498.018s][info][gc,metaspace   ] GC(2281) Metaspace: 29083K(29376K)->29083K(29376K) NonClass: 25980K(26112K)->25980K(26112K) Class: 3103K(3264K)->3103K(3264K)
[6498.018s][info][gc             ] GC(2281) Pause Young (Allocation Failure) 5564M->3288M(7280M) 98.589ms
[6498.018s][info][gc,cpu         ] GC(2281) User=0.58s Sys=0.00s Real=0.10s
..[6499.375s][info][gc,start       ] GC(2282) Pause Young (Allocation Failure)
[6499.470s][info][gc,heap        ] GC(2282) PSYoungGen: 2594810K(2614272K)->157312K(2589696K) Eden: 2432000K(2432000K)->0K(2432000K) From: 162810K(182272K)->157312K(157696K)
[6499.470s][info][gc,heap        ] GC(2282) ParOldGen: 3204784K(4840960K)->3309056K(4840960K)
[6499.470s][info][gc,metaspace   ] GC(2282) Metaspace: 29083K(29376K)->29083K(29376K) NonClass: 25980K(26112K)->25980K(26112K) Class: 3103K(3264K)->3103K(3264K)
[6499.470s][info][gc             ] GC(2282) Pause Young (Allocation Failure) 5663M->3385M(7256M) 95.252ms
[6499.471s][info][gc,cpu         ] GC(2282) User=0.56s Sys=0.00s Real=0.10s
.[6500.923s][info][gc,start       ] GC(2283) Pause Young (Allocation Failure)
[6501.018s][info][gc,heap        ] GC(2283) PSYoungGen: 2589312K(2589696K)->158976K(2614272K) Eden: 2432000K(2432000K)->0K(2434048K) From: 157312K(157696K)->158976K(180224K)
[6501.018s][info][gc,heap        ] GC(2283) ParOldGen: 3309056K(4840960K)->3409936K(4840960K)
[6501.018s][info][gc,metaspace   ] GC(2283) Metaspace: 29083K(29376K)->29083K(29376K) NonClass: 25980K(26112K)->25980K(26112K) Class: 3103K(3264K)->3103K(3264K)
[6501.018s][info][gc             ] GC(2283) Pause Young (Allocation Failure) 5760M->3485M(7280M) 94.740ms
[6501.018s][info][gc,cpu         ] GC(2283) User=0.56s Sys=0.00s Real=0.09s
..[6502.498s][info][gc,start       ] GC(2284) Pause Young (Allocation Failure)
[6502.597s][info][gc,heap        ] GC(2284) PSYoungGen: 2593024K(2614272K)->164018K(2612736K) Eden: 2434048K(2434048K)->0K(2434048K) From: 158976K(180224K)->164018K(178688K)
[6502.597s][info][gc,heap        ] GC(2284) ParOldGen: 3409936K(4840960K)->3514176K(4840960K)
[6502.597s][info][gc,metaspace   ] GC(2284) Metaspace: 29083K(29376K)->29083K(29376K) NonClass: 25980K(26112K)->25980K(26112K) Class: 3103K(3264K)->3103K(3264K)
[6502.597s][info][gc             ] GC(2284) Pause Young (Allocation Failure) 5862M->3591M(7279M) 98.330ms
[6502.597s][info][gc,cpu         ] GC(2284) User=0.58s Sys=0.00s Real=0.10s
.|[6504.044s][info][gc,start       ] GC(2285) Pause Young (Allocation Failure)
[6504.140s][info][gc,heap        ] GC(2285) PSYoungGen: 2598066K(2612736K)->159808K(2615808K) Eden: 2434048K(2434048K)->0K(2438656K) From: 164018K(178688K)->159808K(177152K)
[6504.141s][info][gc,heap        ] GC(2285) ParOldGen: 3514176K(4840960K)->3618072K(4840960K)
[6504.141s][info][gc,metaspace   ] GC(2285) Metaspace: 29083K(29376K)->29083K(29376K) NonClass: 25980K(26112K)->25980K(26112K) Class: 3103K(3264K)->3103K(3264K)
[6504.141s][info][gc             ] GC(2285) Pause Young (Allocation Failure) 5968M->3689M(7282M) 96.611ms
[6504.141s][info][gc,cpu         ] GC(2285) User=0.57s Sys=0.00s Real=0.10s
..[6505.550s][info][gc,start       ] GC(2286) Pause Young (Allocation Failure)
[6505.648s][info][gc,heap        ] GC(2286) PSYoungGen: 2598464K(2615808K)->159552K(2615296K) Eden: 2438656K(2438656K)->0K(2438656K) From: 159808K(177152K)->159552K(176640K)
[6505.648s][info][gc,heap        ] GC(2286) ParOldGen: 3618072K(4840960K)->3723256K(4840960K)
[6505.648s][info][gc,metaspace   ] GC(2286) Metaspace: 29083K(29376K)->29083K(29376K) NonClass: 25980K(26112K)->25980K(26112K) Class: 3103K(3264K)->3103K(3264K)
[6505.648s][info][gc             ] GC(2286) Pause Young (Allocation Failure) 6070M->3791M(7281M) 97.636ms
[6505.648s][info][gc,cpu         ] GC(2286) User=0.57s Sys=0.00s Real=0.09s
.[6507.051s][info][gc,start       ] GC(2287) Pause Young (Allocation Failure)
[6507.144s][info][gc,heap        ] GC(2287) PSYoungGen: 2598208K(2615296K)->147744K(2616320K) Eden: 2438656K(2438656K)->0K(2441216K) From: 159552K(176640K)->147744K(175104K)
[6507.144s][info][gc,heap        ] GC(2287) ParOldGen: 3723256K(4840960K)->3827096K(4840960K)
[6507.144s][info][gc,metaspace   ] GC(2287) Metaspace: 29083K(29376K)->29083K(29376K) NonClass: 25980K(26112K)->25980K(26112K) Class: 3103K(3264K)->3103K(3264K)
[6507.144s][info][gc             ] GC(2287) Pause Young (Allocation Failure) 6173M->3881M(7282M) 93.745ms
[6507.145s][info][gc,cpu         ] GC(2287) User=0.55s Sys=0.00s Real=0.09s
..[6508.658s][info][gc,start       ] GC(2288) Pause Young (Allocation Failure)
[6508.759s][info][gc,heap        ] GC(2288) PSYoungGen: 2588960K(2616320K)->172128K(2613760K) Eden: 2441216K(2441216K)->0K(2441216K) From: 147744K(175104K)->172128K(172544K)
[6508.759s][info][gc,heap        ] GC(2288) ParOldGen: 3827096K(4840960K)->3929232K(4840960K)
[6508.759s][info][gc,metaspace   ] GC(2288) Metaspace: 29083K(29376K)->29083K(29376K) NonClass: 25980K(26112K)->25980K(26112K) Class: 3103K(3264K)->3103K(3264K)
[6508.759s][info][gc             ] GC(2288) Pause Young (Allocation Failure) 6265M->4005M(7280M) 101.037ms
[6508.759s][info][gc,cpu         ] GC(2288) User=0.60s Sys=0.00s Real=0.10s
.[6510.172s][info][gc,start       ] GC(2289) Pause Young (Allocation Failure)
[6510.267s][info][gc,heap        ] GC(2289) PSYoungGen: 2613344K(2613760K)->153856K(2617856K) Eden: 2441216K(2441216K)->0K(2438656K) From: 172128K(172544K)->153856K(179200K)
[6510.267s][info][gc,heap        ] GC(2289) ParOldGen: 3929232K(4840960K)->4033768K(4840960K)
[6510.267s][info][gc,metaspace   ] GC(2289) Metaspace: 29083K(29376K)->29083K(29376K) NonClass: 25980K(26112K)->25980K(26112K) Class: 3103K(3264K)->3103K(3264K)
[6510.267s][info][gc             ] GC(2289) Pause Young (Allocation Failure) 6389M->4089M(7284M) 95.670ms
[6510.267s][info][gc,cpu         ] GC(2289) User=0.57s Sys=0.00s Real=0.09s
..[6511.664s][info][gc,start       ] GC(2290) Pause Young (Allocation Failure)
[6511.760s][info][gc,heap        ] GC(2290) PSYoungGen: 2592512K(2617856K)->158944K(2597888K) Eden: 2438656K(2438656K)->0K(2438656K) From: 153856K(179200K)->158944K(159232K)
[6511.760s][info][gc,heap        ] GC(2290) ParOldGen: 4033768K(4840960K)->4140488K(4840960K)
[6511.760s][info][gc,metaspace   ] GC(2290) Metaspace: 29083K(29376K)->29083K(29376K) NonClass: 25980K(26112K)->25980K(26112K) Class: 3103K(3264K)->3103K(3264K)
[6511.760s][info][gc             ] GC(2290) Pause Young (Allocation Failure) 6470M->4198M(7264M) 96.286ms
[6511.760s][info][gc,cpu         ] GC(2290) User=0.57s Sys=0.00s Real=0.10s
.[6513.132s][info][gc,start       ] GC(2291) Pause Young (Allocation Failure)
[6513.226s][info][gc,heap        ] GC(2291) PSYoungGen: 2597600K(2597888K)->151008K(2615296K) Eden: 2438656K(2438656K)->0K(2438656K) From: 158944K(159232K)->151008K(176640K)
[6513.226s][info][gc,heap        ] GC(2291) ParOldGen: 4140488K(4840960K)->4245008K(4840960K)
[6513.226s][info][gc,metaspace   ] GC(2291) Metaspace: 29083K(29376K)->29083K(29376K) NonClass: 25980K(26112K)->25980K(26112K) Class: 3103K(3264K)->3103K(3264K)
[6513.226s][info][gc             ] GC(2291) Pause Young (Allocation Failure) 6580M->4292M(7281M) 93.747ms
[6513.226s][info][gc,cpu         ] GC(2291) User=0.55s Sys=0.00s Real=0.09s
..[6514.743s][info][gc,start       ] GC(2292) Pause Young (Allocation Failure)
[6514.842s][info][gc,heap        ] GC(2292) PSYoungGen: 2589664K(2615296K)->164736K(2615296K) Eden: 2438656K(2438656K)->0K(2438656K) From: 151008K(176640K)->164736K(176640K)
[6514.842s][info][gc,heap        ] GC(2292) ParOldGen: 4245008K(4840960K)->4348408K(4840960K)
[6514.842s][info][gc,metaspace   ] GC(2292) Metaspace: 29083K(29376K)->29083K(29376K) NonClass: 25980K(26112K)->25980K(26112K) Class: 3103K(3264K)->3103K(3264K)
[6514.842s][info][gc             ] GC(2292) Pause Young (Allocation Failure) 6674M->4407M(7281M) 99.005ms
[6514.842s][info][gc,cpu         ] GC(2292) User=0.58s Sys=0.00s Real=0.10s
.[6516.315s][info][gc,start       ] GC(2293) Pause Young (Allocation Failure)
[6516.418s][info][gc,heap        ] GC(2293) PSYoungGen: 2603392K(2615296K)->169824K(2614784K) Eden: 2438656K(2438656K)->0K(2437632K) From: 164736K(176640K)->169824K(177152K)
[6516.418s][info][gc,heap        ] GC(2293) ParOldGen: 4348408K(4840960K)->4453216K(4840960K)
[6516.418s][info][gc,metaspace   ] GC(2293) Metaspace: 29083K(29376K)->29083K(29376K) NonClass: 25980K(26112K)->25980K(26112K) Class: 3103K(3264K)->3103K(3264K)
[6516.418s][info][gc             ] GC(2293) Pause Young (Allocation Failure) 6788M->4514M(7281M) 102.717ms
[6516.418s][info][gc,cpu         ] GC(2293) User=0.60s Sys=0.00s Real=0.10s
..[6517.781s][info][gc,start       ] GC(2294) Pause Young (Allocation Failure)
[6517.919s][info][gc,heap        ] GC(2294) PSYoungGen: 2607456K(2614784K)->163104K(2616832K) Eden: 2437632K(2437632K)->0K(2437632K) From: 169824K(177152K)->163104K(179200K)
[6517.919s][info][gc,heap        ] GC(2294) ParOldGen: 4453216K(4840960K)->4557584K(4840960K)
[6517.919s][info][gc,metaspace   ] GC(2294) Metaspace: 29083K(29376K)->29083K(29376K) NonClass: 25980K(26112K)->25980K(26112K) Class: 3103K(3264K)->3103K(3264K)
[6517.919s][info][gc             ] GC(2294) Pause Young (Allocation Failure) 6895M->4610M(7283M) 137.247ms
[6517.919s][info][gc,cpu         ] GC(2294) User=0.58s Sys=0.00s Real=0.13s
.[6519.336s][info][gc,start       ] GC(2295) Pause Young (Allocation Failure)
[6519.434s][info][gc,heap        ] GC(2295) PSYoungGen: 2600736K(2616832K)->158416K(2612736K) Eden: 2437632K(2437632K)->0K(2438656K) From: 163104K(179200K)->158416K(174080K)
[6519.434s][info][gc,heap        ] GC(2295) ParOldGen: 4557584K(4840960K)->4661816K(4840960K)
[6519.434s][info][gc,metaspace   ] GC(2295) Metaspace: 29083K(29376K)->29083K(29376K) NonClass: 25980K(26112K)->25980K(26112K) Class: 3103K(3264K)->3103K(3264K)
[6519.434s][info][gc             ] GC(2295) Pause Young (Allocation Failure) 6990M->4707M(7279M) 97.201ms
[6519.434s][info][gc,cpu         ] GC(2295) User=0.57s Sys=0.00s Real=0.10s
..[6520.817s][info][gc,start       ] GC(2296) Pause Young (Allocation Failure)
[6520.917s][info][gc,heap        ] GC(2296) PSYoungGen: 2597072K(2612736K)->168512K(2615296K) Eden: 2438656K(2438656K)->0K(2438656K) From: 158416K(174080K)->168512K(176640K)
[6520.917s][info][gc,heap        ] GC(2296) ParOldGen: 4661816K(4840960K)->4764872K(4840960K)
[6520.917s][info][gc,metaspace   ] GC(2296) Metaspace: 29083K(29376K)->29083K(29376K) NonClass: 25980K(26112K)->25980K(26112K) Class: 3103K(3264K)->3103K(3264K)
[6520.917s][info][gc             ] GC(2296) Pause Young (Allocation Failure) 7088M->4817M(7281M) 100.839ms
[6520.917s][info][gc,cpu         ] GC(2296) User=0.59s Sys=0.01s Real=0.10s
.[6522.389s][info][gc,start       ] GC(2297) Pause Young (Allocation Failure)
[6522.494s][info][gc,heap        ] GC(2297) PSYoungGen: 2607168K(2615296K)->164489K(2618368K) Eden: 2438656K(2438656K)->0K(2440192K) From: 168512K(176640K)->164489K(178176K)
[6522.494s][info][gc,heap        ] GC(2297) ParOldGen: 4764872K(4840960K)->4870744K(4871168K)
[6522.494s][info][gc,metaspace   ] GC(2297) Metaspace: 29083K(29376K)->29083K(29376K) NonClass: 25980K(26112K)->25980K(26112K) Class: 3103K(3264K)->3103K(3264K)
[6522.494s][info][gc             ] GC(2297) Pause Young (Allocation Failure) 7199M->4917M(7314M) 104.544ms
[6522.494s][info][gc,cpu         ] GC(2297) User=0.60s Sys=0.01s Real=0.11s
..[6523.871s][info][gc,start       ] GC(2298) Pause Young (Allocation Failure)
[6523.969s][info][gc,heap        ] GC(2298) PSYoungGen: 2604681K(2618368K)->154080K(2594304K) Eden: 2440192K(2440192K)->0K(2440192K) From: 164489K(178176K)->154080K(154112K)
[6523.969s][info][gc,heap        ] GC(2298) ParOldGen: 4870744K(4871168K)->4971656K(4972032K)
[6523.969s][info][gc,metaspace   ] GC(2298) Metaspace: 29083K(29376K)->29083K(29376K) NonClass: 25980K(26112K)->25980K(26112K) Class: 3103K(3264K)->3103K(3264K)
[6523.969s][info][gc             ] GC(2298) Pause Young (Allocation Failure) 7300M->5005M(7389M) 98.288ms
[6523.969s][info][gc,cpu         ] GC(2298) User=0.56s Sys=0.03s Real=0.09s
.[6525.439s][info][gc,start       ] GC(2299) Pause Young (Allocation Failure)
[6525.542s][info][gc,heap        ] GC(2299) PSYoungGen: 2594272K(2594304K)->161424K(2618368K) Eden: 2440192K(2440192K)->0K(2441216K) From: 154080K(154112K)->161424K(177152K)
[6525.542s][info][gc,heap        ] GC(2299) ParOldGen: 4971656K(4972032K)->5077800K(5078016K)
[6525.542s][info][gc,metaspace   ] GC(2299) Metaspace: 29083K(29376K)->29083K(29376K) NonClass: 25980K(26112K)->25980K(26112K) Class: 3103K(3264K)->3103K(3264K)
[6525.542s][info][gc             ] GC(2299) Pause Young (Allocation Failure) 7388M->5116M(7516M) 103.765ms
[6525.543s][info][gc,cpu         ] GC(2299) User=0.57s Sys=0.03s Real=0.11s
..[6527.003s][info][gc,start       ] GC(2300) Pause Young (Allocation Failure)
[6527.100s][info][gc,heap        ] GC(2300) PSYoungGen: 2602640K(2618368K)->146432K(2617344K) Eden: 2441216K(2441216K)->0K(2441216K) From: 161424K(177152K)->146432K(176128K)
[6527.100s][info][gc,heap        ] GC(2300) ParOldGen: 5077800K(5078016K)->5183632K(5184000K)
[6527.100s][info][gc,metaspace   ] GC(2300) Metaspace: 29083K(29376K)->29083K(29376K) NonClass: 25980K(26112K)->25980K(26112K) Class: 3103K(3264K)->3103K(3264K)
[6527.100s][info][gc             ] GC(2300) Pause Young (Allocation Failure) 7500M->5205M(7618M) 97.529ms
[6527.100s][info][gc,cpu         ] GC(2300) User=0.54s Sys=0.03s Real=0.10s
.[6528.555s][info][gc,start       ] GC(2301) Pause Young (Allocation Failure)
[6528.655s][info][gc,heap        ] GC(2301) PSYoungGen: 2587648K(2617344K)->161696K(2618880K) Eden: 2441216K(2441216K)->0K(2442752K) From: 146432K(176128K)->161696K(176128K)
[6528.655s][info][gc,heap        ] GC(2301) ParOldGen: 5183632K(5184000K)->5282864K(5283328K)
[6528.655s][info][gc,metaspace   ] GC(2301) Metaspace: 29083K(29376K)->29083K(29376K) NonClass: 25980K(26112K)->25980K(26112K) Class: 3103K(3264K)->3103K(3264K)
[6528.655s][info][gc             ] GC(2301) Pause Young (Allocation Failure) 7589M->5316M(7717M) 100.354ms
[6528.655s][info][gc,cpu         ] GC(2301) User=0.55s Sys=0.03s Real=0.10s
..[6530.007s][info][gc,start       ] GC(2302) Pause Young (Allocation Failure)
[6530.110s][info][gc,heap        ] GC(2302) PSYoungGen: 2604448K(2618880K)->160032K(2603008K) Eden: 2442752K(2442752K)->0K(2442752K) From: 161696K(176128K)->160032K(160256K)
[6530.110s][info][gc,heap        ] GC(2302) ParOldGen: 5282864K(5283328K)->5389128K(5389312K)
[6530.110s][info][gc,metaspace   ] GC(2302) Metaspace: 29083K(29376K)->29083K(29376K) NonClass: 25980K(26112K)->25980K(26112K) Class: 3103K(3264K)->3103K(3264K)
[6530.110s][info][gc             ] GC(2302) Pause Young (Allocation Failure) 7702M->5419M(7805M) 103.246ms
[6530.110s][info][gc,cpu         ] GC(2302) User=0.57s Sys=0.04s Real=0.11s
.[6531.507s][info][gc,start       ] GC(2303) Pause Young (Allocation Failure)
[6531.613s][info][gc,heap        ] GC(2303) PSYoungGen: 2602784K(2603008K)->166272K(2617344K) Eden: 2442752K(2442752K)->0K(2442752K) From: 160032K(160256K)->166272K(174592K)
[6531.613s][info][gc,heap        ] GC(2303) ParOldGen: 5389128K(5389312K)->5491736K(5492224K)
[6531.613s][info][gc,metaspace   ] GC(2303) Metaspace: 29083K(29376K)->29083K(29376K) NonClass: 25980K(26112K)->25980K(26112K) Class: 3103K(3264K)->3103K(3264K)
[6531.613s][info][gc             ] GC(2303) Pause Young (Allocation Failure) 7804M->5525M(7919M) 105.250ms
[6531.613s][info][gc,cpu         ] GC(2303) User=0.59s Sys=0.03s Real=0.11s
..[6533.030s][info][gc,start       ] GC(2304) Pause Full (Allocation Failure)
[6533.030s][info][gc,phases,start] GC(2304) Marking Phase
[6533.350s][info][gc,phases      ] GC(2304) Marking Phase 320.326ms
[6533.350s][info][gc,phases,start] GC(2304) Summary Phase
[6533.350s][info][gc,phases      ] GC(2304) Summary Phase 0.095ms
[6533.350s][info][gc,phases,start] GC(2304) Forward
[6533.486s][info][gc,phases      ] GC(2304) Forward 136.103ms
[6533.486s][info][gc,phases,start] GC(2304) Adjust Pointers
[6533.700s][info][gc,phases      ] GC(2304) Adjust Pointers 213.808ms
[6533.700s][info][gc,phases,start] GC(2304) Compaction Phase
[6533.851s][info][gc,phases      ] GC(2304) Compaction Phase 150.865ms
[6533.852s][info][gc,phases,start] GC(2304) Post Compact
[6533.859s][info][gc,phases      ] GC(2304) Post Compact 6.972ms
[6533.977s][info][gc,heap        ] GC(2304) PSYoungGen: 2609024K(2617344K)->0K(2618368K) Eden: 2442752K(2442752K)->0K(2442752K) From: 166272K(174592K)->0K(175616K)
[6533.977s][info][gc,heap        ] GC(2304) ParOldGen: 5491736K(5492224K)->1627362K(2168832K)
[6533.977s][info][gc,metaspace   ] GC(2304) Metaspace: 29083K(29376K)->29083K(29376K) NonClass: 25980K(26112K)->25980K(26112K) Class: 3103K(3264K)->3103K(3264K)
[6533.977s][info][gc             ] GC(2304) Pause Full (Allocation Failure) 7910M->1589M(4675M) 947.066ms
[6533.977s][info][gc,cpu         ] GC(2304) User=4.45s Sys=0.12s Real=0.95s
..[6535.262s][info][gc,start       ] GC(2305) Pause Young (Allocation Failure)
[6535.329s][info][gc,heap        ] GC(2305) PSYoungGen: 2442752K(2618368K)->161684K(2618368K) Eden: 2442752K(2442752K)->0K(2444800K) From: 0K(175616K)->161684K(173568K)
[6535.329s][info][gc,heap        ] GC(2305) ParOldGen: 1627362K(2168832K)->1627362K(2168832K)
[6535.329s][info][gc,metaspace   ] GC(2305) Metaspace: 29083K(29376K)->29083K(29376K) NonClass: 25980K(26112K)->25980K(26112K) Class: 3103K(3264K)->3103K(3264K)
[6535.329s][info][gc             ] GC(2305) Pause Young (Allocation Failure) 3974M->1747M(4675M) 66.956ms
[6535.329s][info][gc,cpu         ] GC(2305) User=0.39s Sys=0.00s Real=0.06s
.[6536.699s][info][gc,start       ] GC(2306) Pause Young (Allocation Failure)
[6536.794s][info][gc,heap        ] GC(2306) PSYoungGen: 2606484K(2618368K)->160628K(2619392K) Eden: 2444800K(2444800K)->0K(2444800K) From: 161684K(173568K)->160628K(174592K)
[6536.794s][info][gc,heap        ] GC(2306) ParOldGen: 1627362K(2168832K)->1735498K(2168832K)
[6536.794s][info][gc,metaspace   ] GC(2306) Metaspace: 29083K(29376K)->29083K(29376K) NonClass: 25980K(26112K)->25980K(26112K) Class: 3103K(3264K)->3103K(3264K)
[6536.794s][info][gc             ] GC(2306) Pause Young (Allocation Failure) 4134M->1851M(4676M) 95.149ms
[6536.794s][info][gc,cpu         ] GC(2306) User=0.57s Sys=0.00s Real=0.10s
.[6538.132s][info][gc,start       ] GC(2307) Pause Young (Allocation Failure)
[6538.226s][info][gc,heap        ] GC(2307) PSYoungGen: 2605428K(2619392K)->159744K(2619904K) Eden: 2444800K(2444800K)->0K(2448384K) From: 160628K(174592K)->159744K(171520K)
[6538.226s][info][gc,heap        ] GC(2307) ParOldGen: 1735498K(2168832K)->1836282K(2168832K)
[6538.226s][info][gc,metaspace   ] GC(2307) Metaspace: 29083K(29376K)->29083K(29376K) NonClass: 25980K(26112K)->25980K(26112K) Class: 3103K(3264K)->3103K(3264K)
[6538.226s][info][gc             ] GC(2307) Pause Young (Allocation Failure) 4239M->1949M(4676M) 94.140ms
[6538.226s][info][gc,cpu         ] GC(2307) User=0.56s Sys=0.00s Real=0.09s
..[6539.531s][info][gc,start       ] GC(2308) Pause Young (Allocation Failure)
[6539.635s][info][gc,heap        ] GC(2308) PSYoungGen: 2608128K(2619904K)->172010K(2620416K) Eden: 2448384K(2448384K)->0K(2448384K) From: 159744K(171520K)->172010K(172032K)
[6539.635s][info][gc,heap        ] GC(2308) ParOldGen: 1836282K(2168832K)->1949626K(2168832K)
[6539.635s][info][gc,metaspace   ] GC(2308) Metaspace: 29083K(29376K)->29083K(29376K) NonClass: 25980K(26112K)->25980K(26112K) Class: 3103K(3264K)->3103K(3264K)
[6539.635s][info][gc             ] GC(2308) Pause Young (Allocation Failure) 4340M->2071M(4677M) 103.662ms
[6539.635s][info][gc,cpu         ] GC(2308) User=0.61s Sys=0.00s Real=0.10s
.[6540.985s][info][gc,start       ] GC(2309) Pause Young (Allocation Failure)
[6541.077s][info][gc,heap        ] GC(2309) PSYoungGen: 2620394K(2620416K)->160800K(2541568K) Eden: 2448384K(2448384K)->0K(2365952K) From: 172010K(172032K)->160800K(175616K)
[6541.077s][info][gc,heap        ] GC(2309) ParOldGen: 1949626K(2168832K)->2050066K(2168832K)
[6541.077s][info][gc,metaspace   ] GC(2309) Metaspace: 29083K(29376K)->29083K(29376K) NonClass: 25980K(26112K)->25980K(26112K) Class: 3103K(3264K)->3103K(3264K)
[6541.077s][info][gc             ] GC(2309) Pause Young (Allocation Failure) 4462M->2159M(4600M) 92.419ms
[6541.077s][info][gc,cpu         ] GC(2309) User=0.55s Sys=0.00s Real=0.09s
.[6542.335s][info][gc,start       ] GC(2310) Pause Young (Allocation Failure)
[6542.439s][info][gc,heap        ] GC(2310) PSYoungGen: 2526752K(2541568K)->171903K(2580992K) Eden: 2365952K(2365952K)->0K(2365952K) From: 160800K(175616K)->171903K(215040K)
[6542.439s][info][gc,heap        ] GC(2310) ParOldGen: 2050066K(2168832K)->2157578K(2168832K)
[6542.439s][info][gc,metaspace   ] GC(2310) Metaspace: 29083K(29376K)->29083K(29376K) NonClass: 25980K(26112K)->25980K(26112K) Class: 3103K(3264K)->3103K(3264K)
[6542.439s][info][gc             ] GC(2310) Pause Young (Allocation Failure) 4469M->2274M(4638M) 103.660ms
[6542.439s][info][gc,cpu         ] GC(2310) User=0.62s Sys=0.00s Real=0.10s
.[6543.729s][info][gc,start       ] GC(2311) Pause Young (Allocation Failure)
[6543.835s][info][gc,heap        ] GC(2311) PSYoungGen: 2537855K(2580992K)->173908K(2570240K) Eden: 2365952K(2365952K)->0K(2370560K) From: 171903K(215040K)->173908K(199680K)
[6543.835s][info][gc,heap        ] GC(2311) ParOldGen: 2157578K(2168832K)->2262274K(2262528K)
[6543.835s][info][gc,metaspace   ] GC(2311) Metaspace: 29083K(29376K)->29083K(29376K) NonClass: 25980K(26112K)->25980K(26112K) Class: 3103K(3264K)->3103K(3264K)
[6543.835s][info][gc             ] GC(2311) Pause Young (Allocation Failure) 4585M->2379M(4719M) 105.809ms
[6543.835s][info][gc,cpu         ] GC(2311) User=0.60s Sys=0.02s Real=0.11s
..[6545.158s][info][gc,start       ] GC(2312) Pause Young (Allocation Failure)
[6545.250s][info][gc,heap        ] GC(2312) PSYoungGen: 2544468K(2570240K)->145856K(2577920K) Eden: 2370560K(2370560K)->0K(2370560K) From: 173908K(199680K)->145856K(207360K)
[6545.250s][info][gc,heap        ] GC(2312) ParOldGen: 2262274K(2262528K)->2364834K(2364928K)
[6545.250s][info][gc,metaspace   ] GC(2312) Metaspace: 29083K(29376K)->29083K(29376K) NonClass: 25980K(26112K)->25980K(26112K) Class: 3103K(3264K)->3103K(3264K)
[6545.250s][info][gc             ] GC(2312) Pause Young (Allocation Failure) 4694M->2451M(4827M) 92.208ms
[6545.250s][info][gc,cpu         ] GC(2312) User=0.51s Sys=0.03s Real=0.10s
.[6546.562s][info][gc,start       ] GC(2313) Pause Young (Allocation Failure)
[6546.661s][info][gc,heap        ] GC(2313) PSYoungGen: 2516416K(2577920K)->158324K(2585600K) Eden: 2370560K(2370560K)->0K(2380288K) From: 145856K(207360K)->158324K(205312K)
[6546.661s][info][gc,heap        ] GC(2313) ParOldGen: 2364834K(2364928K)->2468450K(2468864K)
[6546.661s][info][gc,metaspace   ] GC(2313) Metaspace: 29083K(29376K)->29083K(29376K) NonClass: 25980K(26112K)->25980K(26112K) Class: 3103K(3264K)->3103K(3264K)
[6546.661s][info][gc             ] GC(2313) Pause Young (Allocation Failure) 4766M->2565M(4936M) 98.180ms
[6546.661s][info][gc,cpu         ] GC(2313) User=0.56s Sys=0.03s Real=0.10s
.[6547.972s][info][gc,start       ] GC(2314) Pause Young (Allocation Failure)
[6548.067s][info][gc,heap        ] GC(2314) PSYoungGen: 2538612K(2585600K)->151173K(2586624K) Eden: 2380288K(2380288K)->0K(2380288K) From: 158324K(205312K)->151173K(206336K)
[6548.067s][info][gc,heap        ] GC(2314) ParOldGen: 2468450K(2468864K)->2568930K(2569216K)
[6548.067s][info][gc,metaspace   ] GC(2314) Metaspace: 29083K(29376K)->29083K(29376K) NonClass: 25980K(26112K)->25980K(26112K) Class: 3103K(3264K)->3103K(3264K)
[6548.067s][info][gc             ] GC(2314) Pause Young (Allocation Failure) 4889M->2656M(5035M) 94.879ms
[6548.067s][info][gc,cpu         ] GC(2314) User=0.53s Sys=0.03s Real=0.09s
..[6549.404s][info][gc,start       ] GC(2315) Pause Young (Allocation Failure)
[6549.502s][info][gc,heap        ] GC(2315) PSYoungGen: 2531461K(2586624K)->154795K(2586624K) Eden: 2380288K(2380288K)->0K(2384384K) From: 151173K(206336K)->154795K(202240K)
[6549.502s][info][gc,heap        ] GC(2315) ParOldGen: 2568930K(2569216K)->2674474K(2674688K)
[6549.502s][info][gc,metaspace   ] GC(2315) Metaspace: 29083K(29376K)->29083K(29376K) NonClass: 25980K(26112K)->25980K(26112K) Class: 3103K(3264K)->3103K(3264K)
[6549.503s][info][gc             ] GC(2315) Pause Young (Allocation Failure) 4980M->2762M(5138M) 98.285ms
[6549.503s][info][gc,cpu         ] GC(2315) User=0.56s Sys=0.03s Real=0.10s
.[6550.913s][info][gc,start       ] GC(2316) Pause Young (Allocation Failure)
[6551.016s][info][gc,heap        ] GC(2316) PSYoungGen: 2539179K(2586624K)->166964K(2588160K) Eden: 2384384K(2384384K)->0K(2384384K) From: 154795K(202240K)->166964K(203776K)
[6551.016s][info][gc,heap        ] GC(2316) ParOldGen: 2674474K(2674688K)->2777042K(2777088K)
[6551.016s][info][gc,metaspace   ] GC(2316) Metaspace: 29083K(29376K)->29083K(29376K) NonClass: 25980K(26112K)->25980K(26112K) Class: 3103K(3264K)->3103K(3264K)
[6551.016s][info][gc             ] GC(2316) Pause Young (Allocation Failure) 5091M->2875M(5239M) 103.588ms
[6551.016s][info][gc,cpu         ] GC(2316) User=0.56s Sys=0.05s Real=0.10s
..[6552.420s][info][gc,start       ] GC(2317) Pause Young (Allocation Failure)
[6552.515s][info][gc,heap        ] GC(2317) PSYoungGen: 2551348K(2588160K)->152736K(2590720K) Eden: 2384384K(2384384K)->0K(2391552K) From: 166964K(203776K)->152736K(199168K)
[6552.515s][info][gc,heap        ] GC(2317) ParOldGen: 2777042K(2777088K)->2880890K(2881024K)
[6552.515s][info][gc,metaspace   ] GC(2317) Metaspace: 29083K(29376K)->29083K(29376K) NonClass: 25980K(26112K)->25980K(26112K) Class: 3103K(3264K)->3103K(3264K)
[6552.515s][info][gc             ] GC(2317) Pause Young (Allocation Failure) 5203M->2962M(5343M) 95.150ms
[6552.515s][info][gc,cpu         ] GC(2317) User=0.52s Sys=0.04s Real=0.09s
.[6553.894s][info][gc,start       ] GC(2318) Pause Young (Allocation Failure)
[6553.992s][info][gc,heap        ] GC(2318) PSYoungGen: 2544288K(2590720K)->152169K(2590720K) Eden: 2391552K(2391552K)->0K(2391552K) From: 152736K(199168K)->152169K(199168K)
[6553.992s][info][gc,heap        ] GC(2318) ParOldGen: 2880890K(2881024K)->2984130K(2984448K)
[6553.992s][info][gc,metaspace   ] GC(2318) Metaspace: 29083K(29376K)->29083K(29376K) NonClass: 25980K(26112K)->25980K(26112K) Class: 3103K(3264K)->3103K(3264K)
[6553.992s][info][gc             ] GC(2318) Pause Young (Allocation Failure) 5298M->3062M(5444M) 97.338ms
[6553.992s][info][gc,cpu         ] GC(2318) User=0.54s Sys=0.03s Real=0.10s
.[6555.389s][info][gc,start       ] GC(2319) Pause Young (Allocation Failure)
[6555.488s][info][gc,heap        ] GC(2319) PSYoungGen: 2543721K(2590720K)->162688K(2592256K) Eden: 2391552K(2391552K)->0K(2399232K) From: 152169K(199168K)->162688K(193024K)
[6555.488s][info][gc,heap        ] GC(2319) ParOldGen: 2984130K(2984448K)->3085714K(3085824K)
[6555.488s][info][gc,metaspace   ] GC(2319) Metaspace: 29083K(29376K)->29083K(29376K) NonClass: 25980K(26112K)->25980K(26112K) Class: 3103K(3264K)->3103K(3264K)
[6555.488s][info][gc             ] GC(2319) Pause Young (Allocation Failure) 5398M->3172M(5545M) 99.099ms
[6555.488s][info][gc,cpu         ] GC(2319) User=0.55s Sys=0.03s Real=0.10s
..[6556.815s][info][gc,start       ] GC(2320) Pause Young (Allocation Failure)
[6556.937s][info][gc,heap        ] GC(2320) PSYoungGen: 2561920K(2592256K)->182719K(2593792K) Eden: 2399232K(2399232K)->0K(2399232K) From: 162688K(193024K)->182719K(194560K)
[6556.938s][info][gc,heap        ] GC(2320) ParOldGen: 3085714K(3085824K)->3194082K(3194368K)
[6556.938s][info][gc,metaspace   ] GC(2320) Metaspace: 29083K(29376K)->29083K(29376K) NonClass: 25980K(26112K)->25980K(26112K) Class: 3103K(3264K)->3103K(3264K)
[6556.938s][info][gc             ] GC(2320) Pause Young (Allocation Failure) 5515M->3297M(5652M) 122.378ms
[6556.938s][info][gc,cpu         ] GC(2320) User=0.64s Sys=0.04s Real=0.12s
.[6558.262s][info][gc,start       ] GC(2321) Pause Young (Allocation Failure)
[6558.361s][info][gc,heap        ] GC(2321) PSYoungGen: 2581951K(2593792K)->157746K(2599424K) Eden: 2399232K(2399232K)->0K(2400768K) From: 182719K(194560K)->157746K(198656K)
[6558.361s][info][gc,heap        ] GC(2321) ParOldGen: 3194082K(3194368K)->3294562K(3294720K)
[6558.361s][info][gc,metaspace   ] GC(2321) Metaspace: 29083K(29376K)->29083K(29376K) NonClass: 25980K(26112K)->25980K(26112K) Class: 3103K(3264K)->3103K(3264K)
[6558.361s][info][gc             ] GC(2321) Pause Young (Allocation Failure) 5640M->3371M(5756M) 98.912ms
[6558.361s][info][gc,cpu         ] GC(2321) User=0.55s Sys=0.03s Real=0.10s
..[6559.856s][info][gc,start       ] GC(2322) Pause Young (Allocation Failure)
[6559.952s][info][gc,heap        ] GC(2322) PSYoungGen: 2558514K(2599424K)->148292K(2549248K) Eden: 2400768K(2400768K)->0K(2400768K) From: 157746K(198656K)->148292K(148480K)
[6559.953s][info][gc,heap        ] GC(2322) ParOldGen: 3294562K(3294720K)->3399154K(3399168K)
[6559.953s][info][gc,metaspace   ] GC(2322) Metaspace: 29083K(29376K)->29083K(29376K) NonClass: 25980K(26112K)->25980K(26112K) Class: 3103K(3264K)->3103K(3264K)
[6559.953s][info][gc             ] GC(2322) Pause Young (Allocation Failure) 5715M->3464M(5809M) 96.458ms
[6559.953s][info][gc,cpu         ] GC(2322) User=0.54s Sys=0.03s Real=0.10s
.[6561.418s][info][gc,start       ] GC(2323) Pause Young (Allocation Failure)
[6561.519s][info][gc,heap        ] GC(2323) PSYoungGen: 2549060K(2549248K)->161893K(2599936K) Eden: 2400768K(2400768K)->0K(2403840K) From: 148292K(148480K)->161893K(196096K)
[6561.519s][info][gc,heap        ] GC(2323) ParOldGen: 3399154K(3399168K)->3500426K(3500544K)
[6561.519s][info][gc,metaspace   ] GC(2323) Metaspace: 29083K(29376K)->29083K(29376K) NonClass: 25980K(26112K)->25980K(26112K) Class: 3103K(3264K)->3103K(3264K)
[6561.519s][info][gc             ] GC(2323) Pause Young (Allocation Failure) 5808M->3576M(5957M) 100.119ms
[6561.519s][info][gc,cpu         ] GC(2323) User=0.56s Sys=0.04s Real=0.10s
..[6562.908s][info][gc,start       ] GC(2324) Pause Young (Allocation Failure)
[6563.012s][info][gc,heap        ] GC(2324) PSYoungGen: 2565733K(2599936K)->160947K(2596864K) Eden: 2403840K(2403840K)->0K(2403840K) From: 161893K(196096K)->160947K(193024K)
[6563.012s][info][gc,heap        ] GC(2324) ParOldGen: 3500426K(3500544K)->3606850K(3607040K)
[6563.012s][info][gc,metaspace   ] GC(2324) Metaspace: 29083K(29376K)->29083K(29376K) NonClass: 25980K(26112K)->25980K(26112K) Class: 3103K(3264K)->3103K(3264K)
[6563.012s][info][gc             ] GC(2324) Pause Young (Allocation Failure) 5923M->3679M(6058M) 103.938ms
[6563.012s][info][gc,cpu         ] GC(2324) User=0.58s Sys=0.04s Real=0.11s
. (rIR:aIR:PR = 11208:11206:11204) (tPR = 166144) [OK] 
  6563s: Performance info:
         Transaction,    Success,    Partial,     Failed,   Receipts, AvgBarcode, 
             Overall,     675192,          0,          0,     641611,      59.48, 
         Response times:
             Request,    Success,    Partial,     Failed,   SkipFail,     Probes,    Samples,      min,      p50,      p90,      p95,      p99,      max, 
       TotalPurchase,     642128,          0,          0,          0,     305814,     416364,      300,    36000,   394000,   493000,   880000,  1400000,
     InStorePurchase,     338449,          0,          0,          0,     159773,     219172,      300,    36000,   385000,   485000,   820000,  1400000,
      OnlinePurchase,     235252,          0,          0,          0,     112966,     153503,      300,    37000,   416000,   500000,   880000,  1400000,
        InstPurchase,      68427,          0,          0,          0,      33075,      43689,      400,    36000,   403000,   507000,   880000,  1300000,
          AssocOfCat,        677,          0,          0,          0,        529,        812,    25000,   105000,   570000,   650000,   770000,  1100000,
      AssocOfProduct,       6756,          0,          0,          0,       3665,       4899,      300,    33000,   395000,   489000,   960000,  1400000,
      BusinessReport,       1695,          0,          0,          0,       1374,       1903,    32000,    97000,   510000,   592000,   730000,  1300000,
          CustBuyBeh,       6744,          0,          0,          0,       3677,       4908,     1000,    38000,   425000,   553550,  1200000,  1400000,
       ProductReturn,      17744,          0,          0,          0,       9088,      12028,      200,    36000,   397000,   507000,   880000,  1300000,

  6563s: (82%)   IR =  11346 [6564.461s][info][gc,start       ] GC(2325) Pause Young (Allocation Failure)
[6564.560s][info][gc,heap        ] GC(2325) PSYoungGen: 2564787K(2596864K)->159888K(2598912K) Eden: 2403840K(2403840K)->0K(2408960K) From: 160947K(193024K)->159888K(189952K)
[6564.560s][info][gc,heap        ] GC(2325) ParOldGen: 3606850K(3607040K)->3709274K(3709440K)
[6564.560s][info][gc,metaspace   ] GC(2325) Metaspace: 29083K(29376K)->29083K(29376K) NonClass: 25980K(26112K)->25980K(26112K) Class: 3103K(3264K)->3103K(3264K)
[6564.560s][info][gc             ] GC(2325) Pause Young (Allocation Failure) 6026M->3778M(6160M) 99.089ms
[6564.560s][info][gc,cpu         ] GC(2325) User=0.56s Sys=0.03s Real=0.10s
..[6565.927s][info][gc,start       ] GC(2326) Pause Young (Allocation Failure)
[6566.025s][info][gc,heap        ] GC(2326) PSYoungGen: 2568848K(2598912K)->150103K(2596864K) Eden: 2408960K(2408960K)->0K(2408960K) From: 159888K(189952K)->150103K(187904K)
[6566.025s][info][gc,heap        ] GC(2326) ParOldGen: 3709274K(3709440K)->3814850K(3814912K)
[6566.025s][info][gc,metaspace   ] GC(2326) Metaspace: 29083K(29376K)->29083K(29376K) NonClass: 25980K(26112K)->25980K(26112K) Class: 3103K(3264K)->3103K(3264K)
[6566.025s][info][gc             ] GC(2326) Pause Young (Allocation Failure) 6130M->3872M(6261M) 98.204ms
[6566.026s][info][gc,cpu         ] GC(2326) User=0.55s Sys=0.02s Real=0.10s
.[6567.464s][info][gc,start       ] GC(2327) Pause Young (Allocation Failure)
[6567.559s][info][gc,heap        ] GC(2327) PSYoungGen: 2559063K(2596864K)->150214K(2606592K) Eden: 2408960K(2408960K)->0K(2419200K) From: 150103K(187904K)->150214K(187392K)
[6567.559s][info][gc,heap        ] GC(2327) ParOldGen: 3814850K(3814912K)->3916658K(3916800K)
[6567.559s][info][gc,metaspace   ] GC(2327) Metaspace: 29083K(29376K)->29083K(29376K) NonClass: 25980K(26112K)->25980K(26112K) Class: 3103K(3264K)->3103K(3264K)
[6567.559s][info][gc             ] GC(2327) Pause Young (Allocation Failure) 6224M->3971M(6370M) 95.439ms
[6567.560s][info][gc,cpu         ] GC(2327) User=0.53s Sys=0.03s Real=0.09s
..[6568.936s][info][gc,start       ] GC(2328) Pause Young (Allocation Failure)
[6569.032s][info][gc,heap        ] GC(2328) PSYoungGen: 2569414K(2606592K)->147744K(2605568K) Eden: 2419200K(2419200K)->0K(2419200K) From: 150214K(187392K)->147744K(186368K)
[6569.032s][info][gc,heap        ] GC(2328) ParOldGen: 3916658K(3916800K)->4018090K(4018176K)
[6569.032s][info][gc,metaspace   ] GC(2328) Metaspace: 29083K(29376K)->29083K(29376K) NonClass: 25980K(26112K)->25980K(26112K) Class: 3103K(3264K)->3103K(3264K)
[6569.032s][info][gc             ] GC(2328) Pause Young (Allocation Failure) 6334M->4068M(6468M) 95.355ms
[6569.032s][info][gc,cpu         ] GC(2328) User=0.53s Sys=0.03s Real=0.10s
.[6570.408s][info][gc,start       ] GC(2329) Pause Young (Allocation Failure)
[6570.507s][info][gc,heap        ] GC(2329) PSYoungGen: 2566944K(2605568K)->160000K(2607104K) Eden: 2419200K(2419200K)->0K(2423808K) From: 147744K(186368K)->160000K(183296K)
[6570.507s][info][gc,heap        ] GC(2329) ParOldGen: 4018090K(4018176K)->4119698K(4120064K)
[6570.507s][info][gc,metaspace   ] GC(2329) Metaspace: 29083K(29376K)->29083K(29376K) NonClass: 25980K(26112K)->25980K(26112K) Class: 3103K(3264K)->3103K(3264K)
[6570.507s][info][gc             ] GC(2329) Pause Young (Allocation Failure) 6430M->4179M(6569M) 99.363ms
[6570.507s][info][gc,cpu         ] GC(2329) User=0.55s Sys=0.04s Real=0.10s
..[6571.901s][info][gc,start       ] GC(2330) Pause Young (Allocation Failure)
[6572.001s][info][gc,heap        ] GC(2330) PSYoungGen: 2583808K(2607104K)->153971K(2607616K) Eden: 2423808K(2423808K)->0K(2423808K) From: 160000K(183296K)->153971K(183808K)
[6572.001s][info][gc,heap        ] GC(2330) ParOldGen: 4119698K(4120064K)->4223938K(4224000K)
[6572.001s][info][gc,metaspace   ] GC(2330) Metaspace: 29083K(29376K)->29083K(29376K) NonClass: 25980K(26112K)->25980K(26112K) Class: 3103K(3264K)->3103K(3264K)
[6572.001s][info][gc             ] GC(2330) Pause Young (Allocation Failure) 6546M->4275M(6671M) 100.261ms
[6572.001s][info][gc,cpu         ] GC(2330) User=0.54s Sys=0.04s Real=0.10s
.[6573.479s][info][gc,start       ] GC(2331) Pause Young (Allocation Failure)
[6573.586s][info][gc,heap        ] GC(2331) PSYoungGen: 2577779K(2607616K)->168616K(2610176K) Eden: 2423808K(2423808K)->0K(2427904K) From: 153971K(183808K)->168616K(182272K)
[6573.586s][info][gc,heap        ] GC(2331) ParOldGen: 4223938K(4224000K)->4330114K(4330496K)
[6573.586s][info][gc,metaspace   ] GC(2331) Metaspace: 29083K(29376K)->29083K(29376K) NonClass: 25980K(26112K)->25980K(26112K) Class: 3103K(3264K)->3103K(3264K)
[6573.586s][info][gc             ] GC(2331) Pause Young (Allocation Failure) 6642M->4393M(6778M) 106.311ms
[6573.586s][info][gc,cpu         ] GC(2331) User=0.58s Sys=0.04s Real=0.11s
.[6574.932s][info][gc,start       ] GC(2332) Pause Young (Allocation Failure)
[6575.029s][info][gc,heap        ] GC(2332) PSYoungGen: 2596520K(2610176K)->144256K(2611200K) Eden: 2427904K(2427904K)->0K(2427904K) From: 168616K(182272K)->144256K(183296K)
[6575.029s][info][gc,heap        ] GC(2332) ParOldGen: 4330114K(4330496K)->4437178K(4437504K)
[6575.029s][info][gc,metaspace   ] GC(2332) Metaspace: 29083K(29376K)->29083K(29376K) NonClass: 25980K(26112K)->25980K(26112K) Class: 3103K(3264K)->3103K(3264K)
[6575.029s][info][gc             ] GC(2332) Pause Young (Allocation Failure) 6764M->4474M(6883M) 96.519ms
[6575.029s][info][gc,cpu         ] GC(2332) User=0.54s Sys=0.03s Real=0.09s
..[6576.392s][info][gc,start       ] GC(2333) Pause Young (Allocation Failure)
[6576.490s][info][gc,heap        ] GC(2333) PSYoungGen: 2572160K(2611200K)->155904K(2608128K) Eden: 2427904K(2427904K)->0K(2428928K) From: 144256K(183296K)->155904K(179200K)
[6576.490s][info][gc,heap        ] GC(2333) ParOldGen: 4437178K(4437504K)->4538618K(4538880K)
[6576.490s][info][gc,metaspace   ] GC(2333) Metaspace: 29083K(29376K)->29083K(29376K) NonClass: 25980K(26112K)->25980K(26112K) Class: 3103K(3264K)->3103K(3264K)
[6576.490s][info][gc             ] GC(2333) Pause Young (Allocation Failure) 6845M->4584M(6979M) 97.937ms
[6576.490s][info][gc,cpu         ] GC(2333) User=0.55s Sys=0.03s Real=0.10s
.[6577.845s][info][gc,start       ] GC(2334) Pause Young (Allocation Failure)
[6577.984s][info][gc,heap        ] GC(2334) PSYoungGen: 2584832K(2608128K)->177987K(2607104K) Eden: 2428928K(2428928K)->0K(2428928K) From: 155904K(179200K)->177987K(178176K)
[6577.984s][info][gc,heap        ] GC(2334) ParOldGen: 4538618K(4538880K)->4641730K(4641792K)
[6577.984s][info][gc,metaspace   ] GC(2334) Metaspace: 29083K(29376K)->29083K(29376K) NonClass: 25980K(26112K)->25980K(26112K) Class: 3103K(3264K)->3103K(3264K)
[6577.984s][info][gc             ] GC(2334) Pause Young (Allocation Failure) 6956M->4706M(7079M) 138.868ms
[6577.984s][info][gc,cpu         ] GC(2334) User=0.59s Sys=0.04s Real=0.14s
..[6579.306s][info][gc,start       ] GC(2335) Pause Young (Allocation Failure)
[6579.410s][info][gc,heap        ] GC(2335) PSYoungGen: 2606915K(2607104K)->167529K(2609152K) Eden: 2428928K(2428928K)->0K(2422272K) From: 177987K(178176K)->167529K(186880K)
[6579.410s][info][gc,heap        ] GC(2335) ParOldGen: 4641730K(4641792K)->4745218K(4745728K)
[6579.410s][info][gc,metaspace   ] GC(2335) Metaspace: 29083K(29376K)->29083K(29376K) NonClass: 25980K(26112K)->25980K(26112K) Class: 3103K(3264K)->3103K(3264K)
[6579.410s][info][gc             ] GC(2335) Pause Young (Allocation Failure) 7078M->4797M(7182M) 104.192ms
[6579.410s][info][gc,cpu         ] GC(2335) User=0.58s Sys=0.04s Real=0.11s
.|[6580.790s][info][gc,start       ] GC(2336) Pause Young (Allocation Failure)
[6580.901s][info][gc,heap        ] GC(2336) PSYoungGen: 2589801K(2609152K)->178948K(2601472K) Eden: 2422272K(2422272K)->0K(2422272K) From: 167529K(186880K)->178948K(179200K)
[6580.901s][info][gc,heap        ] GC(2336) ParOldGen: 4745218K(4745728K)->4850890K(4851200K)
[6580.901s][info][gc,metaspace   ] GC(2336) Metaspace: 29083K(29376K)->29083K(29376K) NonClass: 25980K(26112K)->25980K(26112K) Class: 3103K(3264K)->3103K(3264K)
[6580.901s][info][gc             ] GC(2336) Pause Young (Allocation Failure) 7163M->4911M(7278M) 110.904ms
[6580.901s][info][gc,cpu         ] GC(2336) User=0.62s Sys=0.02s Real=0.11s
.[6582.223s][info][gc,start       ] GC(2337) Pause Young (Allocation Failure)
[6582.325s][info][gc,heap        ] GC(2337) PSYoungGen: 2601220K(2601472K)->161696K(2607616K) Eden: 2422272K(2422272K)->0K(2416640K) From: 178948K(179200K)->161696K(190976K)
[6582.325s][info][gc,heap        ] GC(2337) ParOldGen: 4850890K(4851200K)->4954594K(4954624K)
[6582.325s][info][gc,metaspace   ] GC(2337) Metaspace: 29083K(29376K)->29083K(29376K) NonClass: 25980K(26112K)->25980K(26112K) Class: 3103K(3264K)->3103K(3264K)
[6582.325s][info][gc             ] GC(2337) Pause Young (Allocation Failure) 7277M->4996M(7385M) 102.453ms
[6582.326s][info][gc,cpu         ] GC(2337) User=0.57s Sys=0.04s Real=0.10s
..[6583.753s][info][gc,start       ] GC(2338) Pause Young (Allocation Failure)
[6583.856s][info][gc,heap        ] GC(2338) PSYoungGen: 2578336K(2607616K)->165024K(2582016K) Eden: 2416640K(2416640K)->0K(2416640K) From: 161696K(190976K)->165024K(165376K)
[6583.856s][info][gc,heap        ] GC(2338) ParOldGen: 4954594K(4954624K)->5060490K(5060608K)
[6583.856s][info][gc,metaspace   ] GC(2338) Metaspace: 29083K(29376K)->29083K(29376K) NonClass: 25980K(26112K)->25980K(26112K) Class: 3103K(3264K)->3103K(3264K)
[6583.856s][info][gc             ] GC(2338) Pause Young (Allocation Failure) 7356M->5103M(7463M) 102.507ms
[6583.856s][info][gc,cpu         ] GC(2338) User=0.57s Sys=0.03s Real=0.10s
.[6585.221s][info][gc,start       ] GC(2339) Pause Young (Allocation Failure)
[6585.324s][info][gc,heap        ] GC(2339) PSYoungGen: 2581664K(2582016K)->159860K(2605568K) Eden: 2416640K(2416640K)->0K(2418688K) From: 165024K(165376K)->159860K(186880K)
[6585.325s][info][gc,heap        ] GC(2339) ParOldGen: 5060490K(5060608K)->5163850K(5164032K)
[6585.325s][info][gc,metaspace   ] GC(2339) Metaspace: 29083K(29376K)->29083K(29376K) NonClass: 25980K(26112K)->25980K(26112K) Class: 3103K(3264K)->3103K(3264K)
[6585.325s][info][gc             ] GC(2339) Pause Young (Allocation Failure) 7463M->5198M(7587M) 103.099ms
[6585.325s][info][gc,cpu         ] GC(2339) User=0.57s Sys=0.04s Real=0.10s
..[6586.730s][info][gc,start       ] GC(2340) Pause Young (Allocation Failure)
[6586.834s][info][gc,heap        ] GC(2340) PSYoungGen: 2578548K(2605568K)->165776K(2603520K) Eden: 2418688K(2418688K)->0K(2418688K) From: 159860K(186880K)->165776K(184832K)
[6586.834s][info][gc,heap        ] GC(2340) ParOldGen: 5163850K(5164032K)->5267122K(5267456K)
[6586.834s][info][gc,metaspace   ] GC(2340) Metaspace: 29083K(29376K)->29083K(29376K) NonClass: 25980K(26112K)->25980K(26112K) Class: 3103K(3264K)->3103K(3264K)
[6586.834s][info][gc             ] GC(2340) Pause Young (Allocation Failure) 7560M->5305M(7686M) 104.294ms
[6586.834s][info][gc,cpu         ] GC(2340) User=0.59s Sys=0.03s Real=0.11s
.[6588.163s][info][gc,start       ] GC(2341) Pause Young (Allocation Failure)
[6588.261s][info][gc,heap        ] GC(2341) PSYoungGen: 2584464K(2603520K)->150656K(2608128K) Eden: 2418688K(2418688K)->0K(2424320K) From: 165776K(184832K)->150656K(183808K)
[6588.262s][info][gc,heap        ] GC(2341) ParOldGen: 5267122K(5267456K)->5371818K(5371904K)
[6588.262s][info][gc,metaspace   ] GC(2341) Metaspace: 29083K(29376K)->29083K(29376K) NonClass: 25980K(26112K)->25980K(26112K) Class: 3103K(3264K)->3103K(3264K)
[6588.262s][info][gc             ] GC(2341) Pause Young (Allocation Failure) 7667M->5393M(7793M) 98.202ms
[6588.262s][info][gc,cpu         ] GC(2341) User=0.55s Sys=0.03s Real=0.10s
..[6589.641s][info][gc,start       ] GC(2342) Pause Young (Allocation Failure)
[6589.743s][info][gc,heap        ] GC(2342) PSYoungGen: 2574976K(2608128K)->159808K(2608128K) Eden: 2424320K(2424320K)->0K(2424320K) From: 150656K(183808K)->159808K(183808K)
[6589.743s][info][gc,heap        ] GC(2342) ParOldGen: 5371818K(5371904K)->5475794K(5475840K)
[6589.743s][info][gc,metaspace   ] GC(2342) Metaspace: 29083K(29376K)->29083K(29376K) NonClass: 25980K(26112K)->25980K(26112K) Class: 3103K(3264K)->3103K(3264K)
[6589.743s][info][gc             ] GC(2342) Pause Young (Allocation Failure) 7760M->5503M(7894M) 102.446ms
[6589.744s][info][gc,cpu         ] GC(2342) User=0.58s Sys=0.03s Real=0.10s
.[6591.183s][info][gc,start       ] GC(2343) Pause Young (Allocation Failure)
[6591.288s][info][gc,heap        ] GC(2343) PSYoungGen: 2584128K(2608128K)->167108K(2609664K) Eden: 2424320K(2424320K)->0K(2427904K) From: 159808K(183808K)->167108K(181760K)
[6591.288s][info][gc,heap        ] GC(2343) ParOldGen: 5475794K(5475840K)->5577178K(5577216K)
[6591.289s][info][gc,metaspace   ] GC(2343) Metaspace: 29083K(29376K)->29083K(29376K) NonClass: 25980K(26112K)->25980K(26112K) Class: 3103K(3264K)->3103K(3264K)
[6591.289s][info][gc             ] GC(2343) Pause Young (Allocation Failure) 7871M->5609M(7995M) 105.756ms
[6591.289s][info][gc,cpu         ] GC(2343) User=0.59s Sys=0.04s Real=0.10s
..[6592.635s][info][gc,start       ] GC(2344) Pause Full (Allocation Failure)
[6592.635s][info][gc,phases,start] GC(2344) Marking Phase
[6592.972s][info][gc,phases      ] GC(2344) Marking Phase 336.767ms
[6592.972s][info][gc,phases,start] GC(2344) Summary Phase
[6592.972s][info][gc,phases      ] GC(2344) Summary Phase 0.109ms
[6592.972s][info][gc,phases,start] GC(2344) Forward
[6593.106s][info][gc,phases      ] GC(2344) Forward 133.979ms
[6593.106s][info][gc,phases,start] GC(2344) Adjust Pointers
[6593.323s][info][gc,phases      ] GC(2344) Adjust Pointers 217.509ms
[6593.323s][info][gc,phases,start] GC(2344) Compaction Phase
[6593.477s][info][gc,phases      ] GC(2344) Compaction Phase 153.298ms
[6593.478s][info][gc,phases,start] GC(2344) Post Compact
[6593.485s][info][gc,phases      ] GC(2344) Post Compact 7.007ms
[6593.606s][info][gc,heap        ] GC(2344) PSYoungGen: 2595012K(2609664K)->0K(2610176K) Eden: 2427904K(2427904K)->0K(2427904K) From: 167108K(181760K)->0K(182272K)
[6593.606s][info][gc,heap        ] GC(2344) ParOldGen: 5577178K(5577216K)->1646814K(2200576K)
[6593.606s][info][gc,metaspace   ] GC(2344) Metaspace: 29083K(29376K)->29083K(29376K) NonClass: 25980K(26112K)->25980K(26112K) Class: 3103K(3264K)->3103K(3264K)
[6593.606s][info][gc             ] GC(2344) Pause Full (Allocation Failure) 7980M->1608M(4698M) 971.241ms
[6593.606s][info][gc,cpu         ] GC(2344) User=4.52s Sys=0.12s Real=0.97s
.[6594.820s][info][gc,start       ] GC(2345) Pause Young (Allocation Failure)
[6594.946s][info][gc,heap        ] GC(2345) PSYoungGen: 2427904K(2610176K)->182248K(2599424K) Eden: 2427904K(2427904K)->0K(2417152K) From: 0K(182272K)->182248K(182272K)
[6594.946s][info][gc,heap        ] GC(2345) ParOldGen: 1646814K(2200576K)->1651419K(2200576K)
[6594.946s][info][gc,metaspace   ] GC(2345) Metaspace: 29083K(29376K)->29083K(29376K) NonClass: 25980K(26112K)->25980K(26112K) Class: 3103K(3264K)->3103K(3264K)
[6594.946s][info][gc             ] GC(2345) Pause Young (Allocation Failure) 3979M->1790M(4687M) 125.649ms
[6594.946s][info][gc,cpu         ] GC(2345) User=0.46s Sys=0.01s Real=0.12s
.[6596.259s][info][gc,start       ] GC(2346) Pause Young (Allocation Failure)
[6596.364s][info][gc,heap        ] GC(2346) PSYoungGen: 2599400K(2599424K)->171140K(2606592K) Eden: 2417152K(2417152K)->0K(2417152K) From: 182248K(182272K)->171140K(189440K)
[6596.364s][info][gc,heap        ] GC(2346) ParOldGen: 1651419K(2200576K)->1760643K(2200576K)
[6596.364s][info][gc,metaspace   ] GC(2346) Metaspace: 29083K(29376K)->29083K(29376K) NonClass: 25980K(26112K)->25980K(26112K) Class: 3103K(3264K)->3103K(3264K)
[6596.364s][info][gc             ] GC(2346) Pause Young (Allocation Failure) 4151M->1886M(4694M) 105.305ms
[6596.364s][info][gc,cpu         ] GC(2346) User=0.63s Sys=0.00s Real=0.11s
..[6597.622s][info][gc,start       ] GC(2347) Pause Young (Allocation Failure)
[6597.718s][info][gc,heap        ] GC(2347) PSYoungGen: 2588292K(2606592K)->165792K(2602496K) Eden: 2417152K(2417152K)->0K(2417152K) From: 171140K(189440K)->165792K(185344K)
[6597.718s][info][gc,heap        ] GC(2347) ParOldGen: 1760643K(2200576K)->1862363K(2200576K)
[6597.718s][info][gc,metaspace   ] GC(2347) Metaspace: 29083K(29376K)->29083K(29376K) NonClass: 25980K(26112K)->25980K(26112K) Class: 3103K(3264K)->3103K(3264K)
[6597.718s][info][gc             ] GC(2347) Pause Young (Allocation Failure) 4247M->1980M(4690M) 95.514ms
[6597.718s][info][gc,cpu         ] GC(2347) User=0.56s Sys=0.00s Real=0.09s
.[6599.034s][info][gc,start       ] GC(2348) Pause Young (Allocation Failure)
[6599.141s][info][gc,heap        ] GC(2348) PSYoungGen: 2582944K(2602496K)->186128K(2603520K) Eden: 2417152K(2417152K)->0K(2417152K) From: 165792K(185344K)->186128K(186368K)
[6599.141s][info][gc,heap        ] GC(2348) ParOldGen: 1862363K(2200576K)->1969395K(2200576K)
[6599.141s][info][gc,metaspace   ] GC(2348) Metaspace: 29083K(29376K)->29083K(29376K) NonClass: 25980K(26112K)->25980K(26112K) Class: 3103K(3264K)->3103K(3264K)
[6599.141s][info][gc             ] GC(2348) Pause Young (Allocation Failure) 4341M->2105M(4691M) 107.256ms
[6599.141s][info][gc,cpu         ] GC(2348) User=0.64s Sys=0.00s Real=0.11s
.[6600.429s][info][gc,start       ] GC(2349) Pause Young (Allocation Failure)
[6600.527s][info][gc,heap        ] GC(2349) PSYoungGen: 2603280K(2603520K)->164533K(2605056K) Eden: 2417152K(2417152K)->0K(2412544K) From: 186128K(186368K)->164533K(192512K)
[6600.527s][info][gc,heap        ] GC(2349) ParOldGen: 1969395K(2200576K)->2073219K(2200576K)
[6600.527s][info][gc,metaspace   ] GC(2349) Metaspace: 29083K(29376K)->29083K(29376K) NonClass: 25980K(26112K)->25980K(26112K) Class: 3103K(3264K)->3103K(3264K)
[6600.527s][info][gc             ] GC(2349) Pause Young (Allocation Failure) 4465M->2185M(4693M) 98.754ms
[6600.527s][info][gc,cpu         ] GC(2349) User=0.58s Sys=0.00s Real=0.10s
..[6601.821s][info][gc,start       ] GC(2350) Pause Young (Allocation Failure)
[6601.967s][info][gc,heap        ] GC(2350) PSYoungGen: 2577077K(2605056K)->171456K(2584064K) Eden: 2412544K(2412544K)->0K(2412544K) From: 164533K(192512K)->171456K(171520K)
[6601.967s][info][gc,heap        ] GC(2350) ParOldGen: 2073219K(2200576K)->2177643K(2200576K)
[6601.967s][info][gc,metaspace   ] GC(2350) Metaspace: 29083K(29376K)->29083K(29376K) NonClass: 25980K(26112K)->25980K(26112K) Class: 3103K(3264K)->3103K(3264K)
[6601.967s][info][gc             ] GC(2350) Pause Young (Allocation Failure) 4541M->2294M(4672M) 146.458ms
[6601.967s][info][gc,cpu         ] GC(2350) User=0.59s Sys=0.00s Real=0.14s
.[6603.279s][info][gc,start       ] GC(2351) Pause Young (Allocation Failure)
[6603.375s][info][gc,heap        ] GC(2351) PSYoungGen: 2584000K(2584064K)->150272K(2601984K) Eden: 2412544K(2412544K)->0K(2412032K) From: 171456K(171520K)->150272K(189952K)
[6603.375s][info][gc,heap        ] GC(2351) ParOldGen: 2177643K(2200576K)->2282923K(2283008K)
[6603.375s][info][gc,metaspace   ] GC(2351) Metaspace: 29083K(29376K)->29083K(29376K) NonClass: 25980K(26112K)->25980K(26112K) Class: 3103K(3264K)->3103K(3264K)
[6603.375s][info][gc             ] GC(2351) Pause Young (Allocation Failure) 4650M->2376M(4770M) 96.586ms
[6603.376s][info][gc,cpu         ] GC(2351) User=0.54s Sys=0.02s Real=0.10s
.[6604.699s][info][gc,start       ] GC(2352) Pause Young (Allocation Failure)
[6604.805s][info][gc,heap        ] GC(2352) PSYoungGen: 2562304K(2601984K)->174377K(2602496K) Eden: 2412032K(2412032K)->0K(2412032K) From: 150272K(189952K)->174377K(190464K)
[6604.805s][info][gc,heap        ] GC(2352) ParOldGen: 2282923K(2283008K)->2384483K(2384896K)
[6604.805s][info][gc,metaspace   ] GC(2352) Metaspace: 29083K(29376K)->29083K(29376K) NonClass: 25980K(26112K)->25980K(26112K) Class: 3103K(3264K)->3103K(3264K)
[6604.805s][info][gc             ] GC(2352) Pause Young (Allocation Failure) 4731M->2498M(4870M) 106.345ms
[6604.805s][info][gc,cpu         ] GC(2352) User=0.60s Sys=0.03s Real=0.11s
..[6606.174s][info][gc,start       ] GC(2353) Pause Young (Allocation Failure)
[6606.272s][info][gc,heap        ] GC(2353) PSYoungGen: 2586409K(2602496K)->155668K(2605056K) Eden: 2412032K(2412032K)->0K(2413568K) From: 174377K(190464K)->155668K(191488K)
[6606.272s][info][gc,heap        ] GC(2353) ParOldGen: 2384483K(2384896K)->2487203K(2487296K)
[6606.272s][info][gc,metaspace   ] GC(2353) Metaspace: 29083K(29376K)->29083K(29376K) NonClass: 25980K(26112K)->25980K(26112K) Class: 3103K(3264K)->3103K(3264K)
[6606.272s][info][gc             ] GC(2353) Pause Young (Allocation Failure) 4854M->2580M(4973M) 97.946ms
[6606.272s][info][gc,cpu         ] GC(2353) User=0.54s Sys=0.04s Real=0.10s
.[6607.598s][info][gc,start       ] GC(2354) Pause Young (Allocation Failure)
[6607.703s][info][gc,heap        ] GC(2354) PSYoungGen: 2569236K(2605056K)->172761K(2604544K) Eden: 2413568K(2413568K)->0K(2413568K) From: 155668K(191488K)->172761K(190976K)
[6607.703s][info][gc,heap        ] GC(2354) ParOldGen: 2487203K(2487296K)->2592651K(2592768K)
[6607.703s][info][gc,metaspace   ] GC(2354) Metaspace: 29083K(29376K)->29083K(29376K) NonClass: 25980K(26112K)->25980K(26112K) Class: 3103K(3264K)->3103K(3264K)
[6607.703s][info][gc             ] GC(2354) Pause Young (Allocation Failure) 4937M->2700M(5075M) 105.049ms
[6607.703s][info][gc,cpu         ] GC(2354) User=0.58s Sys=0.03s Real=0.11s
.[6609.052s][info][gc,start       ] GC(2355) Pause Young (Allocation Failure)
[6609.151s][info][gc,heap        ] GC(2355) PSYoungGen: 2586329K(2604544K)->163904K(2601472K) Eden: 2413568K(2413568K)->0K(2414080K) From: 172761K(190976K)->163904K(187392K)
[6609.151s][info][gc,heap        ] GC(2355) ParOldGen: 2592651K(2592768K)->2694819K(2695168K)
[6609.151s][info][gc,metaspace   ] GC(2355) Metaspace: 29083K(29376K)->29083K(29376K) NonClass: 25980K(26112K)->25980K(26112K) Class: 3103K(3264K)->3103K(3264K)
[6609.151s][info][gc             ] GC(2355) Pause Young (Allocation Failure) 5057M->2791M(5172M) 98.450ms
[6609.151s][info][gc,cpu         ] GC(2355) User=0.55s Sys=0.03s Real=0.10s
..[6610.459s][info][gc,start       ] GC(2356) Pause Young (Allocation Failure)
[6610.560s][info][gc,heap        ] GC(2356) PSYoungGen: 2577984K(2601472K)->160969K(2603008K) Eden: 2414080K(2414080K)->0K(2414080K) From: 163904K(187392K)->160969K(188928K)
[6610.560s][info][gc,heap        ] GC(2356) ParOldGen: 2694819K(2695168K)->2800123K(2800128K)
[6610.560s][info][gc,metaspace   ] GC(2356) Metaspace: 29083K(29376K)->29083K(29376K) NonClass: 25980K(26112K)->25980K(26112K) Class: 3103K(3264K)->3103K(3264K)
[6610.560s][info][gc             ] GC(2356) Pause Young (Allocation Failure) 5149M->2891M(5276M) 101.053ms
[6610.560s][info][gc,cpu         ] GC(2356) User=0.56s Sys=0.04s Real=0.11s
.[6611.965s][info][gc,start       ] GC(2357) Pause Young (Allocation Failure)
[6612.066s][info][gc,heap        ] GC(2357) PSYoungGen: 2575049K(2603008K)->160128K(2605056K) Eden: 2414080K(2414080K)->0K(2419712K) From: 160969K(188928K)->160128K(185344K)
[6612.066s][info][gc,heap        ] GC(2357) ParOldGen: 2800123K(2800128K)->2904899K(2905088K)
[6612.066s][info][gc,metaspace   ] GC(2357) Metaspace: 29083K(29376K)->29083K(29376K) NonClass: 25980K(26112K)->25980K(26112K) Class: 3103K(3264K)->3103K(3264K)
[6612.066s][info][gc             ] GC(2357) Pause Young (Allocation Failure) 5249M->2993M(5381M) 101.108ms
[6612.066s][info][gc,cpu         ] GC(2357) User=0.57s Sys=0.03s Real=0.10s
..[6613.377s][info][gc,start       ] GC(2358) Pause Young (Allocation Failure)
[6613.477s][info][gc,heap        ] GC(2358) PSYoungGen: 2579840K(2605056K)->161492K(2606080K) Eden: 2419712K(2419712K)->0K(2419712K) From: 160128K(185344K)->161492K(186368K)
[6613.477s][info][gc,heap        ] GC(2358) ParOldGen: 2904899K(2905088K)->3006491K(3006976K)
[6613.477s][info][gc,metaspace   ] GC(2358) Metaspace: 29083K(29376K)->29083K(29376K) NonClass: 25980K(26112K)->25980K(26112K) Class: 3103K(3264K)->3103K(3264K)
[6613.477s][info][gc             ] GC(2358) Pause Young (Allocation Failure) 5356M->3093M(5481M) 100.034ms
[6613.477s][info][gc,cpu         ] GC(2358) User=0.55s Sys=0.03s Real=0.10s
.[6614.903s][info][gc,start       ] GC(2359) Pause Young (Allocation Failure)
[6615.001s][info][gc,heap        ] GC(2359) PSYoungGen: 2581204K(2606080K)->147540K(2608128K) Eden: 2419712K(2419712K)->0K(2423296K) From: 161492K(186368K)->147540K(184832K)
[6615.001s][info][gc,heap        ] GC(2359) ParOldGen: 3006491K(3006976K)->3112683K(3112960K)
[6615.001s][info][gc,metaspace   ] GC(2359) Metaspace: 29083K(29376K)->29083K(29376K) NonClass: 25980K(26112K)->25980K(26112K) Class: 3103K(3264K)->3103K(3264K)
[6615.001s][info][gc             ] GC(2359) Pause Young (Allocation Failure) 5456M->3183M(5587M) 98.150ms
[6615.001s][info][gc,cpu         ] GC(2359) User=0.54s Sys=0.04s Real=0.10s
..[6616.358s][info][gc,start       ] GC(2360) Pause Young (Allocation Failure)
[6616.464s][info][gc,heap        ] GC(2360) PSYoungGen: 2570836K(2608128K)->173508K(2596864K) Eden: 2423296K(2423296K)->0K(2423296K) From: 147540K(184832K)->173508K(173568K)
[6616.464s][info][gc,heap        ] GC(2360) ParOldGen: 3112683K(3112960K)->3213979K(3214336K)
[6616.464s][info][gc,metaspace   ] GC(2360) Metaspace: 29083K(29376K)->29083K(29376K) NonClass: 25980K(26112K)->25980K(26112K) Class: 3103K(3264K)->3103K(3264K)
[6616.464s][info][gc             ] GC(2360) Pause Young (Allocation Failure) 5550M->3308M(5675M) 105.522ms
[6616.464s][info][gc,cpu         ] GC(2360) User=0.59s Sys=0.03s Real=0.11s
.[6617.918s][info][gc,start       ] GC(2361) Pause Young (Allocation Failure)
[6618.017s][info][gc,heap        ] GC(2361) PSYoungGen: 2596804K(2596864K)->153275K(2609152K) Eden: 2423296K(2423296K)->0K(2421760K) From: 173508K(173568K)->153275K(187392K)
[6618.017s][info][gc,heap        ] GC(2361) ParOldGen: 3213979K(3214336K)->3319563K(3319808K)
[6618.017s][info][gc,metaspace   ] GC(2361) Metaspace: 29083K(29376K)->29083K(29376K) NonClass: 25980K(26112K)->25980K(26112K) Class: 3103K(3264K)->3103K(3264K)
[6618.017s][info][gc             ] GC(2361) Pause Young (Allocation Failure) 5674M->3391M(5790M) 98.558ms
[6618.017s][info][gc,cpu         ] GC(2361) User=0.55s Sys=0.03s Real=0.10s
..[6619.433s][info][gc,start       ] GC(2362) Pause Young (Allocation Failure)
[6619.535s][info][gc,heap        ] GC(2362) PSYoungGen: 2575035K(2609152K)->161589K(2583552K) Eden: 2421760K(2421760K)->0K(2421760K) From: 153275K(187392K)->161589K(161792K)
[6619.535s][info][gc,heap        ] GC(2362) ParOldGen: 3319563K(3319808K)->3425779K(3425792K)
[6619.535s][info][gc,metaspace   ] GC(2362) Metaspace: 29083K(29376K)->29083K(29376K) NonClass: 25980K(26112K)->25980K(26112K) Class: 3103K(3264K)->3103K(3264K)
[6619.536s][info][gc             ] GC(2362) Pause Young (Allocation Failure) 5756M->3503M(5868M) 102.132ms
[6619.536s][info][gc,cpu         ] GC(2362) User=0.57s Sys=0.04s Real=0.10s
.[6620.896s][info][gc,start       ] GC(2363) Pause Young (Allocation Failure)
[6620.992s][info][gc,heap        ] GC(2363) PSYoungGen: 2583349K(2583552K)->152896K(2607104K) Eden: 2421760K(2421760K)->0K(2422272K) From: 161589K(161792K)->152896K(184832K)
[6620.992s][info][gc,heap        ] GC(2363) ParOldGen: 3425779K(3425792K)->3525227K(3525632K)
[6620.992s][info][gc,metaspace   ] GC(2363) Metaspace: 29083K(29376K)->29083K(29376K) NonClass: 25980K(26112K)->25980K(26112K) Class: 3103K(3264K)->3103K(3264K)
[6620.992s][info][gc             ] GC(2363) Pause Young (Allocation Failure) 5868M->3591M(5989M) 96.141ms
[6620.992s][info][gc,cpu         ] GC(2363) User=0.53s Sys=0.03s Real=0.10s
.[6622.424s][info][gc,start       ] GC(2364) Pause Young (Allocation Failure)
[6622.529s][info][gc,heap        ] GC(2364) PSYoungGen: 2575168K(2607104K)->172788K(2606592K) Eden: 2422272K(2422272K)->0K(2422272K) From: 152896K(184832K)->172788K(184320K)
[6622.529s][info][gc,heap        ] GC(2364) ParOldGen: 3525227K(3525632K)->3628787K(3629056K)
[6622.529s][info][gc,metaspace   ] GC(2364) Metaspace: 29083K(29376K)->29083K(29376K) NonClass: 25980K(26112K)->25980K(26112K) Class: 3103K(3264K)->3103K(3264K)
[6622.529s][info][gc             ] GC(2364) Pause Young (Allocation Failure) 5957M->3712M(6089M) 105.106ms
[6622.529s][info][gc,cpu         ] GC(2364) User=0.59s Sys=0.03s Real=0.10s
..[6623.897s][info][gc,start       ] GC(2365) Pause Young (Allocation Failure)
[6623.992s][info][gc,heap        ] GC(2365) PSYoungGen: 2595060K(2606592K)->144448K(2608128K) Eden: 2422272K(2422272K)->0K(2422272K) From: 172788K(184320K)->144448K(185856K)
[6623.992s][info][gc,heap        ] GC(2365) ParOldGen: 3628787K(3629056K)->3735667K(3736064K)
[6623.992s][info][gc,metaspace   ] GC(2365) Metaspace: 29083K(29376K)->29083K(29376K) NonClass: 25980K(26112K)->25980K(26112K) Class: 3103K(3264K)->3103K(3264K)
[6623.992s][info][gc             ] GC(2365) Pause Young (Allocation Failure) 6077M->3789M(6195M) 95.348ms
[6623.992s][info][gc,cpu         ] GC(2365) User=0.53s Sys=0.03s Real=0.10s
.[6625.385s][info][gc,start       ] GC(2366) Pause Young (Allocation Failure)
[6625.485s][info][gc,heap        ] GC(2366) PSYoungGen: 2566720K(2608128K)->159717K(2582016K) Eden: 2422272K(2422272K)->0K(2422272K) From: 144448K(185856K)->159717K(159744K)
[6625.485s][info][gc,heap        ] GC(2366) ParOldGen: 3735667K(3736064K)->3838723K(3838976K)
[6625.485s][info][gc,metaspace   ] GC(2366) Metaspace: 29083K(29376K)->29083K(29376K) NonClass: 25980K(26112K)->25980K(26112K) Class: 3103K(3264K)->3103K(3264K)
[6625.485s][info][gc             ] GC(2366) Pause Young (Allocation Failure) 6154M->3904M(6270M) 99.938ms
[6625.485s][info][gc,cpu         ] GC(2366) User=0.55s Sys=0.04s Real=0.10s
..[6626.845s][info][gc,start       ] GC(2367) Pause Young (Allocation Failure)
[6626.947s][info][gc,heap        ] GC(2367) PSYoungGen: 2581989K(2582016K)->158900K(2609152K) Eden: 2422272K(2422272K)->0K(2424832K) From: 159717K(159744K)->158900K(184320K)
[6626.947s][info][gc,heap        ] GC(2367) ParOldGen: 3838723K(3838976K)->3942395K(3942400K)
[6626.947s][info][gc,metaspace   ] GC(2367) Metaspace: 29083K(29376K)->29083K(29376K) NonClass: 25980K(26112K)->25980K(26112K) Class: 3103K(3264K)->3103K(3264K)
[6626.947s][info][gc             ] GC(2367) Pause Young (Allocation Failure) 6270M->4005M(6398M) 101.946ms
[6626.947s][info][gc,cpu         ] GC(2367) User=0.55s Sys=0.03s Real=0.10s
.[6628.405s][info][gc,start       ] GC(2368) Pause Young (Allocation Failure)
[6628.509s][info][gc,heap        ] GC(2368) PSYoungGen: 2583732K(2609152K)->165440K(2607616K) Eden: 2424832K(2424832K)->0K(2424832K) From: 158900K(184320K)->165440K(182784K)
[6628.509s][info][gc,heap        ] GC(2368) ParOldGen: 3942395K(3942400K)->4047371K(4047872K)
[6628.509s][info][gc,metaspace   ] GC(2368) Metaspace: 29083K(29376K)->29083K(29376K) NonClass: 25980K(26112K)->25980K(26112K) Class: 3103K(3264K)->3103K(3264K)
[6628.509s][info][gc             ] GC(2368) Pause Young (Allocation Failure) 6373M->4114M(6499M) 104.069ms
[6628.509s][info][gc,cpu         ] GC(2368) User=0.57s Sys=0.04s Real=0.10s
..[6629.935s][info][gc,start       ] GC(2369) Pause Young (Allocation Failure)
[6630.041s][info][gc,heap        ] GC(2369) PSYoungGen: 2590272K(2607616K)->167417K(2611200K) Eden: 2424832K(2424832K)->0K(2428928K) From: 165440K(182784K)->167417K(182272K)
[6630.041s][info][gc,heap        ] GC(2369) ParOldGen: 4047371K(4047872K)->4154347K(4154368K)
[6630.041s][info][gc,metaspace   ] GC(2369) Metaspace: 29083K(29376K)->29083K(29376K) NonClass: 25980K(26112K)->25980K(26112K) Class: 3103K(3264K)->3103K(3264K)
[6630.041s][info][gc             ] GC(2369) Pause Young (Allocation Failure) 6482M->4220M(6607M) 105.569ms
[6630.041s][info][gc,cpu         ] GC(2369) User=0.59s Sys=0.03s Real=0.11s
.[6631.370s][info][gc,start       ] GC(2370) Pause Young (Allocation Failure)
[6631.471s][info][gc,heap        ] GC(2370) PSYoungGen: 2596345K(2611200K)->160613K(2611200K) Eden: 2428928K(2428928K)->0K(2428928K) From: 167417K(182272K)->160613K(182272K)
[6631.471s][info][gc,heap        ] GC(2370) ParOldGen: 4154347K(4154368K)->4255979K(4256256K)
[6631.471s][info][gc,metaspace   ] GC(2370) Metaspace: 29083K(29376K)->29083K(29376K) NonClass: 25980K(26112K)->25980K(26112K) Class: 3103K(3264K)->3103K(3264K)
[6631.471s][info][gc             ] GC(2370) Pause Young (Allocation Failure) 6592M->4313M(6706M) 100.808ms
[6631.471s][info][gc,cpu         ] GC(2370) User=0.55s Sys=0.03s Real=0.10s
.[6632.981s][info][gc,start       ] GC(2371) Pause Young (Allocation Failure)
[6633.079s][info][gc,heap        ] GC(2371) PSYoungGen: 2589541K(2611200K)->149792K(2612224K) Eden: 2428928K(2428928K)->0K(2431488K) From: 160613K(182272K)->149792K(180736K)
[6633.079s][info][gc,heap        ] GC(2371) ParOldGen: 4255979K(4256256K)->4359939K(4360192K)
[6633.079s][info][gc,metaspace   ] GC(2371) Metaspace: 29083K(29376K)->29083K(29376K) NonClass: 25980K(26112K)->25980K(26112K) Class: 3103K(3264K)->3103K(3264K)
[6633.079s][info][gc             ] GC(2371) Pause Young (Allocation Failure) 6685M->4404M(6809M) 97.604ms
[6633.079s][info][gc,cpu         ] GC(2371) User=0.55s Sys=0.04s Real=0.09s
..[6634.452s][info][gc,start       ] GC(2372) Pause Young (Allocation Failure)
[6634.556s][info][gc,heap        ] GC(2372) PSYoungGen: 2581280K(2612224K)->160323K(2612224K) Eden: 2431488K(2431488K)->0K(2431488K) From: 149792K(180736K)->160323K(180736K)
[6634.556s][info][gc,heap        ] GC(2372) ParOldGen: 4359939K(4360192K)->4466019K(4466176K)
[6634.556s][info][gc,metaspace   ] GC(2372) Metaspace: 29083K(29376K)->29083K(29376K) NonClass: 25980K(26112K)->25980K(26112K) Class: 3103K(3264K)->3103K(3264K)
[6634.556s][info][gc             ] GC(2372) Pause Young (Allocation Failure) 6778M->4517M(6912M) 103.658ms
[6634.556s][info][gc,cpu         ] GC(2372) User=0.56s Sys=0.05s Real=0.10s
.[6635.957s][info][gc,start       ] GC(2373) Pause Young (Allocation Failure)
[6636.059s][info][gc,heap        ] GC(2373) PSYoungGen: 2591811K(2612224K)->165786K(2613248K) Eden: 2431488K(2431488K)->0K(2434560K) From: 160323K(180736K)->165786K(178688K)
[6636.059s][info][gc,heap        ] GC(2373) ParOldGen: 4466019K(4466176K)->4565483K(4565504K)
[6636.059s][info][gc,metaspace   ] GC(2373) Metaspace: 29083K(29376K)->29083K(29376K) NonClass: 25980K(26112K)->25980K(26112K) Class: 3103K(3264K)->3103K(3264K)
[6636.059s][info][gc             ] GC(2373) Pause Young (Allocation Failure) 6892M->4620M(7010M) 102.271ms
[6636.059s][info][gc,cpu         ] GC(2373) User=0.57s Sys=0.02s Real=0.10s
..[6637.376s][info][gc,start       ] GC(2374) Pause Young (Allocation Failure)
[6637.479s][info][gc,heap        ] GC(2374) PSYoungGen: 2600346K(2613248K)->161296K(2613248K) Eden: 2434560K(2434560K)->0K(2434560K) From: 165786K(178688K)->161296K(178688K)
[6637.479s][info][gc,heap        ] GC(2374) ParOldGen: 4565483K(4565504K)->4671835K(4672000K)
[6637.479s][info][gc,metaspace   ] GC(2374) Metaspace: 29083K(29376K)->29083K(29376K) NonClass: 25980K(26112K)->25980K(26112K) Class: 3103K(3264K)->3103K(3264K)
[6637.479s][info][gc             ] GC(2374) Pause Young (Allocation Failure) 6997M->4719M(7114M) 102.660ms
[6637.479s][info][gc,cpu         ] GC(2374) User=0.57s Sys=0.03s Real=0.10s
.[6638.926s][info][gc,start       ] GC(2375) Pause Young (Allocation Failure)
[6639.025s][info][gc,heap        ] GC(2375) PSYoungGen: 2595856K(2613248K)->149408K(2615296K) Eden: 2434560K(2434560K)->0K(2438144K) From: 161296K(178688K)->149408K(177152K)
[6639.025s][info][gc,heap        ] GC(2375) ParOldGen: 4671835K(4672000K)->4777099K(4777472K)
[6639.025s][info][gc,metaspace   ] GC(2375) Metaspace: 29083K(29376K)->29083K(29376K) NonClass: 25980K(26112K)->25980K(26112K) Class: 3103K(3264K)->3103K(3264K)
[6639.025s][info][gc             ] GC(2375) Pause Young (Allocation Failure) 7097M->4811M(7219M) 98.990ms
[6639.025s][info][gc,cpu         ] GC(2375) User=0.55s Sys=0.03s Real=0.10s
.. (rIR:aIR:PR = 11346:11369:11365) (tPR = 169004) [OK] 
  6640s: Performance info:
         Transaction,    Success,    Partial,     Failed,   Receipts, AvgBarcode, 
             Overall,     682666,          0,          0,     648358,      59.47, 
         Response times:
             Request,    Success,    Partial,     Failed,   SkipFail,     Probes,    Samples,      min,      p50,      p90,      p95,      p99,      max, 
       TotalPurchase,     648588,          0,          0,          0,     303042,     461153,      200,    56000,   386000,   630000,   760000,  1100000,
     InStorePurchase,     339422,          0,          0,          0,     159687,     242486,      200,    56000,   391000,   650000,   720000,  1100000,
      OnlinePurchase,     240646,          0,          0,          0,     111200,     169056,      300,    56000,   380000,   650000,   760000,  1100000,
        InstPurchase,      68520,          0,          0,          0,      32155,      49611,      300,    56000,   386000,   467000,   850000,  1100000,
          AssocOfCat,        682,          0,          0,          0,        535,        896,    22000,   107000,   387000,   559000,   840000,  1100000,
      AssocOfProduct,       6867,          0,          0,          0,       3582,       5503,      900,    57000,   372000,   740000,   930000,   930000,
      BusinessReport,       1704,          0,          0,          0,       1312,       2160,    34000,   115000,   411000,   640000,   800000,  1200000,
          CustBuyBeh,       6881,          0,          0,          0,       3736,       5580,      300,    55000,   365000,   730000,   870000,   870000,
       ProductReturn,      18181,          0,          0,          0,       8134,      12110,      200,    53000,   378000,   740000,   830000,   970000,

  6640s: (83%)   IR =  11485 [6640.522s][info][gc,start       ] GC(2376) Pause Young (Allocation Failure)
[6640.624s][info][gc,heap        ] GC(2376) PSYoungGen: 2587552K(2615296K)->161376K(2615808K) Eden: 2438144K(2438144K)->0K(2438144K) From: 149408K(177152K)->161376K(177664K)
[6640.624s][info][gc,heap        ] GC(2376) ParOldGen: 4777099K(4777472K)->4878707K(4878848K)
[6640.624s][info][gc,metaspace   ] GC(2376) Metaspace: 29083K(29376K)->29083K(29376K) NonClass: 25980K(26112K)->25980K(26112K) Class: 3103K(3264K)->3103K(3264K)
[6640.624s][info][gc             ] GC(2376) Pause Young (Allocation Failure) 7192M->4921M(7319M) 101.771ms
[6640.624s][info][gc,cpu         ] GC(2376) User=0.57s Sys=0.03s Real=0.10s
.[6641.961s][info][gc,start       ] GC(2377) Pause Young (Allocation Failure)
[6642.061s][info][gc,heap        ] GC(2377) PSYoungGen: 2599520K(2615808K)->149792K(2617856K) Eden: 2438144K(2438144K)->0K(2441216K) From: 161376K(177664K)->149792K(176640K)
[6642.061s][info][gc,heap        ] GC(2377) ParOldGen: 4878707K(4878848K)->4984435K(4984832K)
[6642.061s][info][gc,metaspace   ] GC(2377) Metaspace: 29083K(29376K)->29083K(29376K) NonClass: 25980K(26112K)->25980K(26112K) Class: 3103K(3264K)->3103K(3264K)
[6642.061s][info][gc             ] GC(2377) Pause Young (Allocation Failure) 7302M->5013M(7424M) 99.879ms
[6642.061s][info][gc,cpu         ] GC(2377) User=0.55s Sys=0.03s Real=0.10s
..[6643.439s][info][gc,start       ] GC(2378) Pause Young (Allocation Failure)
[6643.544s][info][gc,heap        ] GC(2378) PSYoungGen: 2591008K(2617856K)->164960K(2617856K) Eden: 2441216K(2441216K)->0K(2441216K) From: 149792K(176640K)->164960K(176640K)
[6643.544s][info][gc,heap        ] GC(2378) ParOldGen: 4984435K(4984832K)->5090659K(5090816K)
[6643.544s][info][gc,metaspace   ] GC(2378) Metaspace: 29083K(29376K)->29083K(29376K) NonClass: 25980K(26112K)->25980K(26112K) Class: 3103K(3264K)->3103K(3264K)
[6643.544s][info][gc             ] GC(2378) Pause Young (Allocation Failure) 7397M->5132M(7528M) 104.583ms
[6643.544s][info][gc,cpu         ] GC(2378) User=0.60s Sys=0.01s Real=0.11s
.[6644.908s][info][gc,start       ] GC(2379) Pause Young (Allocation Failure)
[6645.011s][info][gc,heap        ] GC(2379) PSYoungGen: 2606176K(2617856K)->157507K(2616832K) Eden: 2441216K(2441216K)->0K(2442240K) From: 164960K(176640K)->157507K(174592K)
[6645.011s][info][gc,heap        ] GC(2379) ParOldGen: 5090659K(5090816K)->5196315K(5196800K)
[6645.011s][info][gc,metaspace   ] GC(2379) Metaspace: 29083K(29376K)->29083K(29376K) NonClass: 25980K(26112K)->25980K(26112K) Class: 3103K(3264K)->3103K(3264K)
[6645.011s][info][gc             ] GC(2379) Pause Young (Allocation Failure) 7516M->5228M(7630M) 102.819ms
[6645.011s][info][gc,cpu         ] GC(2379) User=0.57s Sys=0.03s Real=0.11s
.[6646.343s][info][gc,start       ] GC(2380) Pause Young (Allocation Failure)
[6646.443s][info][gc,heap        ] GC(2380) PSYoungGen: 2599747K(2616832K)->157152K(2617856K) Eden: 2442240K(2442240K)->0K(2442240K) From: 157507K(174592K)->157152K(175616K)
[6646.443s][info][gc,heap        ] GC(2380) ParOldGen: 5196315K(5196800K)->5301027K(5301248K)
[6646.443s][info][gc,metaspace   ] GC(2380) Metaspace: 29083K(29376K)->29083K(29376K) NonClass: 25980K(26112K)->25980K(26112K) Class: 3103K(3264K)->3103K(3264K)
[6646.443s][info][gc             ] GC(2380) Pause Young (Allocation Failure) 7613M->5330M(7733M) 99.792ms
[6646.443s][info][gc,cpu         ] GC(2380) User=0.57s Sys=0.02s Real=0.10s
..[6647.840s][info][gc,start       ] GC(2381) Pause Young (Allocation Failure)
[6647.940s][info][gc,heap        ] GC(2381) PSYoungGen: 2599392K(2617856K)->152800K(2619392K) Eden: 2442240K(2442240K)->0K(2445824K) From: 157152K(175616K)->152800K(173568K)
[6647.940s][info][gc,heap        ] GC(2381) ParOldGen: 5301027K(5301248K)->5405555K(5405696K)
[6647.940s][info][gc,metaspace   ] GC(2381) Metaspace: 29083K(29376K)->29083K(29376K) NonClass: 25980K(26112K)->25980K(26112K) Class: 3103K(3264K)->3103K(3264K)
[6647.940s][info][gc             ] GC(2381) Pause Young (Allocation Failure) 7715M->5428M(7837M) 99.629ms
[6647.940s][info][gc,cpu         ] GC(2381) User=0.55s Sys=0.02s Real=0.09s
.[6649.291s][info][gc,start       ] GC(2382) Pause Young (Allocation Failure)
[6649.390s][info][gc,heap        ] GC(2382) PSYoungGen: 2598624K(2619392K)->154432K(2619904K) Eden: 2445824K(2445824K)->0K(2445824K) From: 152800K(173568K)->154432K(174080K)
[6649.390s][info][gc,heap        ] GC(2382) ParOldGen: 5405555K(5405696K)->5510115K(5510144K)
[6649.390s][info][gc,metaspace   ] GC(2382) Metaspace: 29083K(29376K)->29083K(29376K) NonClass: 25980K(26112K)->25980K(26112K) Class: 3103K(3264K)->3103K(3264K)
[6649.390s][info][gc             ] GC(2382) Pause Young (Allocation Failure) 7816M->5531M(7939M) 98.513ms
[6649.390s][info][gc,cpu         ] GC(2382) User=0.54s Sys=0.03s Real=0.10s
..[6650.768s][info][gc,start       ] GC(2383) Pause Full (Allocation Failure)
[6650.768s][info][gc,phases,start] GC(2383) Marking Phase
[6651.109s][info][gc,phases      ] GC(2383) Marking Phase 341.291ms
[6651.109s][info][gc,phases,start] GC(2383) Summary Phase
[6651.109s][info][gc,phases      ] GC(2383) Summary Phase 0.102ms
[6651.109s][info][gc,phases,start] GC(2383) Forward
[6651.236s][info][gc,phases      ] GC(2383) Forward 126.419ms
[6651.236s][info][gc,phases,start] GC(2383) Adjust Pointers
[6651.452s][info][gc,phases      ] GC(2383) Adjust Pointers 216.067ms
[6651.452s][info][gc,phases,start] GC(2383) Compaction Phase
[6651.605s][info][gc,phases      ] GC(2383) Compaction Phase 153.385ms
[6651.607s][info][gc,phases,start] GC(2383) Post Compact
[6651.614s][info][gc,phases      ] GC(2383) Post Compact 6.974ms
[6651.745s][info][gc,heap        ] GC(2383) PSYoungGen: 2600256K(2619904K)->0K(2621440K) Eden: 2445824K(2445824K)->0K(2448384K) From: 154432K(174080K)->0K(173056K)
[6651.745s][info][gc,heap        ] GC(2383) ParOldGen: 5510115K(5510144K)->1642056K(2212864K)
[6651.745s][info][gc,metaspace   ] GC(2383) Metaspace: 29083K(29376K)->29069K(29376K) NonClass: 25980K(26112K)->25970K(26112K) Class: 3103K(3264K)->3098K(3264K)
[6651.745s][info][gc             ] GC(2383) Pause Full (Allocation Failure) 7920M->1603M(4721M) 977.052ms
[6651.745s][info][gc,cpu         ] GC(2383) User=4.54s Sys=0.13s Real=0.98s
..[6653.125s][info][gc,start       ] GC(2384) Pause Young (Allocation Failure)
[6653.200s][info][gc,heap        ] GC(2384) PSYoungGen: 2448384K(2621440K)->173044K(2621440K) Eden: 2448384K(2448384K)->0K(2448384K) From: 0K(173056K)->173044K(173056K)
[6653.200s][info][gc,heap        ] GC(2384) ParOldGen: 1642056K(2212864K)->1650840K(2212864K)
[6653.200s][info][gc,metaspace   ] GC(2384) Metaspace: 29070K(29376K)->29070K(29376K) NonClass: 25971K(26112K)->25971K(26112K) Class: 3098K(3264K)->3098K(3264K)
[6653.200s][info][gc             ] GC(2384) Pause Young (Allocation Failure) 3994M->1781M(4721M) 75.162ms
[6653.200s][info][gc,cpu         ] GC(2384) User=0.44s Sys=0.00s Real=0.08s
[6654.504s][info][gc,start       ] GC(2385) Pause Young (Allocation Failure)
[6654.604s][info][gc,heap        ] GC(2385) PSYoungGen: 2621428K(2621440K)->172416K(2605056K) Eden: 2448384K(2448384K)->0K(2430464K) From: 173044K(173056K)->172416K(174592K)
[6654.604s][info][gc,heap        ] GC(2385) ParOldGen: 1650840K(2212864K)->1757904K(2212864K)
[6654.604s][info][gc,metaspace   ] GC(2385) Metaspace: 29070K(29376K)->29070K(29376K) NonClass: 25971K(26112K)->25971K(26112K) Class: 3098K(3264K)->3098K(3264K)
[6654.604s][info][gc             ] GC(2385) Pause Young (Allocation Failure) 4172M->1885M(4705M) 100.066ms
[6654.604s][info][gc,cpu         ] GC(2385) User=0.60s Sys=0.00s Real=0.10s
..[6655.846s][info][gc,start       ] GC(2386) Pause Young (Allocation Failure)
[6655.994s][info][gc,heap        ] GC(2386) PSYoungGen: 2602880K(2605056K)->172800K(2603520K) Eden: 2430464K(2430464K)->0K(2430464K) From: 172416K(174592K)->172800K(173056K)
[6655.994s][info][gc,heap        ] GC(2386) ParOldGen: 1757904K(2212864K)->1860824K(2212864K)
[6655.994s][info][gc,metaspace   ] GC(2386) Metaspace: 29070K(29376K)->29070K(29376K) NonClass: 25971K(26112K)->25971K(26112K) Class: 3098K(3264K)->3098K(3264K)
[6655.994s][info][gc             ] GC(2386) Pause Young (Allocation Failure) 4258M->1985M(4703M) 147.361ms
[6655.994s][info][gc,cpu         ] GC(2386) User=0.59s Sys=0.00s Real=0.15s
.[6657.289s][info][gc,start       ] GC(2387) Pause Young (Allocation Failure)
[6657.384s][info][gc,heap        ] GC(2387) PSYoungGen: 2603264K(2603520K)->153652K(2611712K) Eden: 2430464K(2430464K)->0K(2426880K) From: 172800K(173056K)->153652K(184832K)
[6657.384s][info][gc,heap        ] GC(2387) ParOldGen: 1860824K(2212864K)->1972480K(2212864K)
[6657.384s][info][gc,metaspace   ] GC(2387) Metaspace: 29070K(29376K)->29070K(29376K) NonClass: 25971K(26112K)->25971K(26112K) Class: 3098K(3264K)->3098K(3264K)
[6657.384s][info][gc             ] GC(2387) Pause Young (Allocation Failure) 4359M->2076M(4711M) 94.518ms
[6657.384s][info][gc,cpu         ] GC(2387) User=0.56s Sys=0.00s Real=0.10s
.[6658.757s][info][gc,start       ] GC(2388) Pause Young (Allocation Failure)
[6658.901s][info][gc,heap        ] GC(2388) PSYoungGen: 2580532K(2611712K)->162421K(2589696K) Eden: 2426880K(2426880K)->0K(2426880K) From: 153652K(184832K)->162421K(162816K)
[6658.901s][info][gc,heap        ] GC(2388) ParOldGen: 1972480K(2212864K)->2077696K(2212864K)
[6658.901s][info][gc,metaspace   ] GC(2388) Metaspace: 29070K(29376K)->29070K(29376K) NonClass: 25971K(26112K)->25971K(26112K) Class: 3098K(3264K)->3098K(3264K)
[6658.901s][info][gc             ] GC(2388) Pause Young (Allocation Failure) 4446M->2187M(4690M) 144.184ms
[6658.901s][info][gc,cpu         ] GC(2388) User=0.58s Sys=0.00s Real=0.15s
.[6660.129s][info][gc,start       ] GC(2389) Pause Young (Allocation Failure)
[6660.230s][info][gc,heap        ] GC(2389) PSYoungGen: 2589301K(2589696K)->174890K(2606592K) Eden: 2426880K(2426880K)->0K(2424320K) From: 162421K(162816K)->174890K(182272K)
[6660.230s][info][gc,heap        ] GC(2389) ParOldGen: 2077696K(2212864K)->2172664K(2212864K)
[6660.230s][info][gc,metaspace   ] GC(2389) Metaspace: 29070K(29376K)->29070K(29376K) NonClass: 25971K(26112K)->25971K(26112K) Class: 3098K(3264K)->3098K(3264K)
[6660.230s][info][gc             ] GC(2389) Pause Young (Allocation Failure) 4557M->2292M(4706M) 100.620ms
[6660.230s][info][gc,cpu         ] GC(2389) User=0.60s Sys=0.00s Real=0.10s
.[6661.521s][info][gc,start       ] GC(2390) Pause Young (Allocation Failure)
[6661.625s][info][gc,heap        ] GC(2390) PSYoungGen: 2599210K(2606592K)->167525K(2609152K) Eden: 2424320K(2424320K)->0K(2424320K) From: 174890K(182272K)->167525K(184832K)
[6661.625s][info][gc,heap        ] GC(2390) ParOldGen: 2172664K(2212864K)->2281808K(2281984K)
[6661.625s][info][gc,metaspace   ] GC(2390) Metaspace: 29070K(29376K)->29070K(29376K) NonClass: 25971K(26112K)->25971K(26112K) Class: 3098K(3264K)->3098K(3264K)
[6661.625s][info][gc             ] GC(2390) Pause Young (Allocation Failure) 4660M->2391M(4776M) 103.800ms
[6661.625s][info][gc,cpu         ] GC(2390) User=0.60s Sys=0.02s Real=0.10s
.[6662.929s][info][gc,start       ] GC(2391) Pause Young (Allocation Failure)
[6663.034s][info][gc,heap        ] GC(2391) PSYoungGen: 2591845K(2609152K)->172992K(2608640K) Eden: 2424320K(2424320K)->0K(2424320K) From: 167525K(184832K)->172992K(184320K)
[6663.034s][info][gc,heap        ] GC(2391) ParOldGen: 2281808K(2281984K)->2383464K(2383872K)
[6663.034s][info][gc,metaspace   ] GC(2391) Metaspace: 29070K(29376K)->29070K(29376K) NonClass: 25971K(26112K)->25971K(26112K) Class: 3098K(3264K)->3098K(3264K)
[6663.034s][info][gc             ] GC(2391) Pause Young (Allocation Failure) 4759M->2496M(4875M) 104.781ms
[6663.034s][info][gc,cpu         ] GC(2391) User=0.59s Sys=0.02s Real=0.11s
..[6664.388s][info][gc,start       ] GC(2392) Pause Young (Allocation Failure)
[6664.495s][info][gc,heap        ] GC(2392) PSYoungGen: 2597312K(2608640K)->169133K(2610176K) Eden: 2424320K(2424320K)->0K(2424320K) From: 172992K(184320K)->169133K(185856K)
[6664.495s][info][gc,heap        ] GC(2392) ParOldGen: 2383464K(2383872K)->2492424K(2492928K)
[6664.495s][info][gc,metaspace   ] GC(2392) Metaspace: 29070K(29376K)->29070K(29376K) NonClass: 25971K(26112K)->25971K(26112K) Class: 3098K(3264K)->3098K(3264K)
[6664.495s][info][gc             ] GC(2392) Pause Young (Allocation Failure) 4864M->2599M(4983M) 107.212ms
[6664.495s][info][gc,cpu         ] GC(2392) User=0.59s Sys=0.04s Real=0.11s
.|[6665.822s][info][gc,start       ] GC(2393) Pause Young (Allocation Failure)
[6665.977s][info][gc,heap        ] GC(2393) PSYoungGen: 2593453K(2610176K)->181413K(2602496K) Eden: 2424320K(2424320K)->0K(2417152K) From: 169133K(185856K)->181413K(185344K)
[6665.977s][info][gc,heap        ] GC(2393) ParOldGen: 2492424K(2492928K)->2592984K(2593280K)
[6665.977s][info][gc,metaspace   ] GC(2393) Metaspace: 29070K(29376K)->29070K(29376K) NonClass: 25971K(26112K)->25971K(26112K) Class: 3098K(3264K)->3098K(3264K)
[6665.977s][info][gc             ] GC(2393) Pause Young (Allocation Failure) 4966M->2709M(5074M) 154.987ms
[6665.977s][info][gc,cpu         ] GC(2393) User=0.61s Sys=0.03s Real=0.15s
..[6667.282s][info][gc,start       ] GC(2394) Pause Young (Allocation Failure)
[6667.386s][info][gc,heap        ] GC(2394) PSYoungGen: 2598565K(2602496K)->171557K(2606592K) Eden: 2417152K(2417152K)->0K(2417152K) From: 181413K(185344K)->171557K(189440K)
[6667.386s][info][gc,heap        ] GC(2394) ParOldGen: 2592984K(2593280K)->2696096K(2696192K)
[6667.386s][info][gc,metaspace   ] GC(2394) Metaspace: 29070K(29376K)->29070K(29376K) NonClass: 25971K(26112K)->25971K(26112K) Class: 3098K(3264K)->3098K(3264K)
[6667.386s][info][gc             ] GC(2394) Pause Young (Allocation Failure) 5069M->2800M(5178M) 104.296ms
[6667.386s][info][gc,cpu         ] GC(2394) User=0.58s Sys=0.04s Real=0.10s
.[6668.703s][info][gc,start       ] GC(2395) Pause Young (Allocation Failure)
[6668.811s][info][gc,heap        ] GC(2395) PSYoungGen: 2588709K(2606592K)->175920K(2605056K) Eden: 2417152K(2417152K)->0K(2416128K) From: 171557K(189440K)->175920K(188928K)
[6668.811s][info][gc,heap        ] GC(2395) ParOldGen: 2696096K(2696192K)->2801856K(2802176K)
[6668.811s][info][gc,metaspace   ] GC(2395) Metaspace: 29070K(29376K)->29070K(29376K) NonClass: 25971K(26112K)->25971K(26112K) Class: 3098K(3264K)->3098K(3264K)
[6668.811s][info][gc             ] GC(2395) Pause Young (Allocation Failure) 5160M->2907M(5280M) 107.868ms
[6668.811s][info][gc,cpu         ] GC(2395) User=0.59s Sys=0.05s Real=0.11s
.[6670.190s][info][gc,start       ] GC(2396) Pause Young (Allocation Failure)
[6670.284s][info][gc,heap        ] GC(2396) PSYoungGen: 2592048K(2605056K)->151872K(2568192K) Eden: 2416128K(2416128K)->0K(2416128K) From: 175920K(188928K)->151872K(152064K)
[6670.284s][info][gc,heap        ] GC(2396) ParOldGen: 2801856K(2802176K)->2904296K(2904576K)
[6670.284s][info][gc,metaspace   ] GC(2396) Metaspace: 29070K(29376K)->29070K(29376K) NonClass: 25971K(26112K)->25971K(26112K) Class: 3098K(3264K)->3098K(3264K)
[6670.284s][info][gc             ] GC(2396) Pause Young (Allocation Failure) 5267M->2984M(5344M) 94.385ms
[6670.284s][info][gc,cpu         ] GC(2396) User=0.52s Sys=0.03s Real=0.10s
..[6671.596s][info][gc,start       ] GC(2397) Pause Young (Allocation Failure)
[6671.697s][info][gc,heap        ] GC(2397) PSYoungGen: 2568000K(2568192K)->163797K(2607104K) Eden: 2416128K(2416128K)->0K(2416640K) From: 151872K(152064K)->163797K(190464K)
[6671.697s][info][gc,heap        ] GC(2397) ParOldGen: 2904296K(2904576K)->3007824K(3008000K)
[6671.697s][info][gc,metaspace   ] GC(2397) Metaspace: 29070K(29376K)->29070K(29376K) NonClass: 25971K(26112K)->25971K(26112K) Class: 3098K(3264K)->3098K(3264K)
[6671.697s][info][gc             ] GC(2397) Pause Young (Allocation Failure) 5344M->3097M(5483M) 100.859ms
[6671.697s][info][gc,cpu         ] GC(2397) User=0.56s Sys=0.04s Real=0.10s
.[6673.095s][info][gc,start       ] GC(2398) Pause Young (Allocation Failure)
[6673.194s][info][gc,heap        ] GC(2398) PSYoungGen: 2580437K(2607104K)->154640K(2571776K) Eden: 2416640K(2416640K)->0K(2416640K) From: 163797K(190464K)->154640K(155136K)
[6673.194s][info][gc,heap        ] GC(2398) ParOldGen: 3007824K(3008000K)->3113376K(3113472K)
[6673.194s][info][gc,metaspace   ] GC(2398) Metaspace: 29070K(29376K)->29070K(29376K) NonClass: 25971K(26112K)->25971K(26112K) Class: 3098K(3264K)->3098K(3264K)
[6673.194s][info][gc             ] GC(2398) Pause Young (Allocation Failure) 5457M->3191M(5552M) 99.000ms
[6673.194s][info][gc,cpu         ] GC(2398) User=0.55s Sys=0.02s Real=0.10s
..[6674.592s][info][gc,start       ] GC(2399) Pause Young (Allocation Failure)
[6674.692s][info][gc,heap        ] GC(2399) PSYoungGen: 2571280K(2571776K)->164724K(2607104K) Eden: 2416640K(2416640K)->0K(2418688K) From: 154640K(155136K)->164724K(188416K)
[6674.692s][info][gc,heap        ] GC(2399) ParOldGen: 3113376K(3113472K)->3212584K(3212800K)
[6674.692s][info][gc,metaspace   ] GC(2399) Metaspace: 29070K(29376K)->29070K(29376K) NonClass: 25971K(26112K)->25971K(26112K) Class: 3098K(3264K)->3098K(3264K)
[6674.692s][info][gc             ] GC(2399) Pause Young (Allocation Failure) 5551M->3298M(5683M) 99.923ms
[6674.692s][info][gc,cpu         ] GC(2399) User=0.55s Sys=0.04s Real=0.10s
.[6676.110s][info][gc,start       ] GC(2400) Pause Young (Allocation Failure)
[6676.209s][info][gc,heap        ] GC(2400) PSYoungGen: 2583412K(2607104K)->155895K(2605056K) Eden: 2418688K(2418688K)->0K(2418688K) From: 164724K(188416K)->155895K(186368K)
[6676.209s][info][gc,heap        ] GC(2400) ParOldGen: 3212584K(3212800K)->3318408K(3318784K)
[6676.209s][info][gc,metaspace   ] GC(2400) Metaspace: 29070K(29376K)->29070K(29376K) NonClass: 25971K(26112K)->25971K(26112K) Class: 3098K(3264K)->3098K(3264K)
[6676.209s][info][gc             ] GC(2400) Pause Young (Allocation Failure) 5660M->3392M(5785M) 99.504ms
[6676.209s][info][gc,cpu         ] GC(2400) User=0.56s Sys=0.03s Real=0.10s
..[6677.598s][info][gc,start       ] GC(2401) Pause Young (Allocation Failure)
[6677.700s][info][gc,heap        ] GC(2401) PSYoungGen: 2574583K(2605056K)->168132K(2608128K) Eden: 2418688K(2418688K)->0K(2422272K) From: 155895K(186368K)->168132K(185856K)
[6677.700s][info][gc,heap        ] GC(2401) ParOldGen: 3318408K(3318784K)->3419376K(3419648K)
[6677.700s][info][gc,metaspace   ] GC(2401) Metaspace: 29070K(29376K)->29070K(29376K) NonClass: 25971K(26112K)->25971K(26112K) Class: 3098K(3264K)->3098K(3264K)
[6677.700s][info][gc             ] GC(2401) Pause Young (Allocation Failure) 5754M->3503M(5886M) 102.017ms
[6677.700s][info][gc,cpu         ] GC(2401) User=0.56s Sys=0.05s Real=0.11s
.[6679.091s][info][gc,start       ] GC(2402) Pause Young (Allocation Failure)
[6679.189s][info][gc,heap        ] GC(2402) PSYoungGen: 2590404K(2608128K)->154848K(2607104K) Eden: 2422272K(2422272K)->0K(2422272K) From: 168132K(185856K)->154848K(184832K)
[6679.189s][info][gc,heap        ] GC(2402) ParOldGen: 3419376K(3419648K)->3526808K(3527168K)
[6679.189s][info][gc,metaspace   ] GC(2402) Metaspace: 29070K(29376K)->29070K(29376K) NonClass: 25971K(26112K)->25971K(26112K) Class: 3098K(3264K)->3098K(3264K)
[6679.189s][info][gc             ] GC(2402) Pause Young (Allocation Failure) 5868M->3595M(5990M) 98.032ms
[6679.189s][info][gc,cpu         ] GC(2402) User=0.55s Sys=0.03s Real=0.09s
..[6680.634s][info][gc,start       ] GC(2403) Pause Young (Allocation Failure)
[6680.732s][info][gc,heap        ] GC(2403) PSYoungGen: 2577120K(2607104K)->155989K(2610176K) Eden: 2422272K(2422272K)->0K(2426368K) From: 154848K(184832K)->155989K(183808K)
[6680.732s][info][gc,heap        ] GC(2403) ParOldGen: 3526808K(3527168K)->3629504K(3629568K)
[6680.732s][info][gc,metaspace   ] GC(2403) Metaspace: 29070K(29376K)->29070K(29376K) NonClass: 25971K(26112K)->25971K(26112K) Class: 3098K(3264K)->3098K(3264K)
[6680.732s][info][gc             ] GC(2403) Pause Young (Allocation Failure) 5960M->3696M(6093M) 98.198ms
[6680.732s][info][gc,cpu         ] GC(2403) User=0.54s Sys=0.03s Real=0.10s
.[6682.127s][info][gc,start       ] GC(2404) Pause Young (Allocation Failure)
[6682.222s][info][gc,heap        ] GC(2404) PSYoungGen: 2582357K(2610176K)->149024K(2610176K) Eden: 2426368K(2426368K)->0K(2426368K) From: 155989K(183808K)->149024K(183808K)
[6682.222s][info][gc,heap        ] GC(2404) ParOldGen: 3629504K(3629568K)->3731080K(3731456K)
[6682.222s][info][gc,metaspace   ] GC(2404) Metaspace: 29070K(29376K)->29070K(29376K) NonClass: 25971K(26112K)->25971K(26112K) Class: 3098K(3264K)->3098K(3264K)
[6682.222s][info][gc             ] GC(2404) Pause Young (Allocation Failure) 6066M->3789M(6193M) 94.806ms
[6682.222s][info][gc,cpu         ] GC(2404) User=0.52s Sys=0.03s Real=0.10s
..[6683.628s][info][gc,start       ] GC(2405) Pause Young (Allocation Failure)
[6683.728s][info][gc,heap        ] GC(2405) PSYoungGen: 2575392K(2610176K)->164672K(2610688K) Eden: 2426368K(2426368K)->0K(2427904K) From: 149024K(183808K)->164672K(182784K)
[6683.728s][info][gc,heap        ] GC(2405) ParOldGen: 3731080K(3731456K)->3833224K(3833344K)
[6683.728s][info][gc,metaspace   ] GC(2405) Metaspace: 29070K(29376K)->29070K(29376K) NonClass: 25971K(26112K)->25971K(26112K) Class: 3098K(3264K)->3098K(3264K)
[6683.728s][info][gc             ] GC(2405) Pause Young (Allocation Failure) 6158M->3904M(6293M) 100.046ms
[6683.729s][info][gc,cpu         ] GC(2405) User=0.56s Sys=0.03s Real=0.10s
.[6685.052s][info][gc,start       ] GC(2406) Pause Young (Allocation Failure)
[6685.152s][info][gc,heap        ] GC(2406) PSYoungGen: 2592576K(2610688K)->156832K(2611200K) Eden: 2427904K(2427904K)->0K(2427904K) From: 164672K(182784K)->156832K(183296K)
[6685.152s][info][gc,heap        ] GC(2406) ParOldGen: 3833224K(3833344K)->3941712K(3941888K)
[6685.152s][info][gc,metaspace   ] GC(2406) Metaspace: 29070K(29376K)->29070K(29376K) NonClass: 25971K(26112K)->25971K(26112K) Class: 3098K(3264K)->3098K(3264K)
[6685.152s][info][gc             ] GC(2406) Pause Young (Allocation Failure) 6275M->4002M(6399M) 100.353ms
[6685.152s][info][gc,cpu         ] GC(2406) User=0.56s Sys=0.04s Real=0.10s
.[6686.485s][info][gc,start       ] GC(2407) Pause Young (Allocation Failure)
[6686.587s][info][gc,heap        ] GC(2407) PSYoungGen: 2584736K(2611200K)->166976K(2611712K) Eden: 2427904K(2427904K)->0K(2429952K) From: 156832K(183296K)->166976K(181760K)
[6686.587s][info][gc,heap        ] GC(2407) ParOldGen: 3941712K(3941888K)->4043632K(4043776K)
[6686.587s][info][gc,metaspace   ] GC(2407) Metaspace: 29070K(29376K)->29070K(29376K) NonClass: 25971K(26112K)->25971K(26112K) Class: 3098K(3264K)->3098K(3264K)
[6686.587s][info][gc             ] GC(2407) Pause Young (Allocation Failure) 6373M->4111M(6499M) 102.908ms
[6686.588s][info][gc,cpu         ] GC(2407) User=0.59s Sys=0.01s Real=0.10s
..[6688.012s][info][gc,start       ] GC(2408) Pause Young (Allocation Failure)
[6688.110s][info][gc,heap        ] GC(2408) PSYoungGen: 2596928K(2611712K)->150176K(2611712K) Eden: 2429952K(2429952K)->0K(2429952K) From: 166976K(181760K)->150176K(181760K)
[6688.110s][info][gc,heap        ] GC(2408) ParOldGen: 4043632K(4043776K)->4148600K(4148736K)
[6688.110s][info][gc,metaspace   ] GC(2408) Metaspace: 29070K(29376K)->29070K(29376K) NonClass: 25971K(26112K)->25971K(26112K) Class: 3098K(3264K)->3098K(3264K)
[6688.110s][info][gc             ] GC(2408) Pause Young (Allocation Failure) 6484M->4198M(6602M) 97.782ms
[6688.110s][info][gc,cpu         ] GC(2408) User=0.54s Sys=0.03s Real=0.10s
.[6689.420s][info][gc,start       ] GC(2409) Pause Young (Allocation Failure)
[6689.525s][info][gc,heap        ] GC(2409) PSYoungGen: 2580128K(2611712K)->169365K(2612224K) Eden: 2429952K(2429952K)->0K(2430464K) From: 150176K(181760K)->169365K(181760K)
[6689.525s][info][gc,heap        ] GC(2409) ParOldGen: 4148600K(4148736K)->4247224K(4247552K)
[6689.525s][info][gc,metaspace   ] GC(2409) Metaspace: 29070K(29376K)->29070K(29376K) NonClass: 25971K(26112K)->25971K(26112K) Class: 3098K(3264K)->3098K(3264K)
[6689.525s][info][gc             ] GC(2409) Pause Young (Allocation Failure) 6571M->4313M(6699M) 105.235ms
[6689.525s][info][gc,cpu         ] GC(2409) User=0.60s Sys=0.03s Real=0.11s
..[6690.941s][info][gc,start       ] GC(2410) Pause Young (Allocation Failure)
[6691.040s][info][gc,heap        ] GC(2410) PSYoungGen: 2599829K(2612224K)->149152K(2613248K) Eden: 2430464K(2430464K)->0K(2430464K) From: 169365K(181760K)->149152K(182784K)
[6691.040s][info][gc,heap        ] GC(2410) ParOldGen: 4247224K(4247552K)->4355688K(4356096K)
[6691.040s][info][gc,metaspace   ] GC(2410) Metaspace: 29070K(29376K)->29070K(29376K) NonClass: 25971K(26112K)->25971K(26112K) Class: 3098K(3264K)->3098K(3264K)
[6691.040s][info][gc             ] GC(2410) Pause Young (Allocation Failure) 6686M->4399M(6806M) 99.179ms
[6691.040s][info][gc,cpu         ] GC(2410) User=0.56s Sys=0.04s Real=0.10s
.[6692.426s][info][gc,start       ] GC(2411) Pause Young (Allocation Failure)
[6692.525s][info][gc,heap        ] GC(2411) PSYoungGen: 2579616K(2613248K)->156480K(2610176K) Eden: 2430464K(2430464K)->0K(2430464K) From: 149152K(182784K)->156480K(179712K)
[6692.525s][info][gc,heap        ] GC(2411) ParOldGen: 4355688K(4356096K)->4454960K(4455424K)
[6692.525s][info][gc,metaspace   ] GC(2411) Metaspace: 29070K(29376K)->29070K(29376K) NonClass: 25971K(26112K)->25971K(26112K) Class: 3098K(3264K)->3098K(3264K)
[6692.525s][info][gc             ] GC(2411) Pause Young (Allocation Failure) 6772M->4503M(6900M) 98.478ms
[6692.525s][info][gc,cpu         ] GC(2411) User=0.55s Sys=0.03s Real=0.10s
.[6693.896s][info][gc,start       ] GC(2412) Pause Young (Allocation Failure)
[6693.998s][info][gc,heap        ] GC(2412) PSYoungGen: 2586944K(2610176K)->163506K(2611712K) Eden: 2430464K(2430464K)->0K(2430464K) From: 156480K(179712K)->163506K(181248K)
[6693.998s][info][gc,heap        ] GC(2412) ParOldGen: 4454960K(4455424K)->4558360K(4558848K)
[6693.998s][info][gc,metaspace   ] GC(2412) Metaspace: 29070K(29376K)->29070K(29376K) NonClass: 25971K(26112K)->25971K(26112K) Class: 3098K(3264K)->3098K(3264K)
[6693.998s][info][gc             ] GC(2412) Pause Young (Allocation Failure) 6876M->4611M(7002M) 102.120ms
[6693.998s][info][gc,cpu         ] GC(2412) User=0.57s Sys=0.04s Real=0.10s
..[6695.342s][info][gc,start       ] GC(2413) Pause Young (Allocation Failure)
[6695.445s][info][gc,heap        ] GC(2413) PSYoungGen: 2593970K(2611712K)->163044K(2612224K) Eden: 2430464K(2430464K)->0K(2434048K) From: 163506K(181248K)->163044K(178176K)
[6695.445s][info][gc,heap        ] GC(2413) ParOldGen: 4558360K(4558848K)->4664088K(4664320K)
[6695.445s][info][gc,metaspace   ] GC(2413) Metaspace: 29070K(29376K)->29070K(29376K) NonClass: 25971K(26112K)->25971K(26112K) Class: 3098K(3264K)->3098K(3264K)
[6695.445s][info][gc             ] GC(2413) Pause Young (Allocation Failure) 6984M->4713M(7106M) 103.012ms
[6695.445s][info][gc,cpu         ] GC(2413) User=0.57s Sys=0.03s Real=0.10s
.[6696.794s][info][gc,start       ] GC(2414) Pause Young (Allocation Failure)
[6696.899s][info][gc,heap        ] GC(2414) PSYoungGen: 2597092K(2612224K)->171456K(2613760K) Eden: 2434048K(2434048K)->0K(2434048K) From: 163044K(178176K)->171456K(179712K)
[6696.899s][info][gc,heap        ] GC(2414) ParOldGen: 4664088K(4664320K)->4766712K(4766720K)
[6696.899s][info][gc,metaspace   ] GC(2414) Metaspace: 29070K(29376K)->29070K(29376K) NonClass: 25971K(26112K)->25971K(26112K) Class: 3098K(3264K)->3098K(3264K)
[6696.899s][info][gc             ] GC(2414) Pause Young (Allocation Failure) 7090M->4822M(7207M) 105.188ms
[6696.899s][info][gc,cpu         ] GC(2414) User=0.58s Sys=0.03s Real=0.10s
..[6698.318s][info][gc,start       ] GC(2415) Pause Young (Allocation Failure)
[6698.426s][info][gc,heap        ] GC(2415) PSYoungGen: 2605504K(2613760K)->169296K(2612224K) Eden: 2434048K(2434048K)->0K(2430464K) From: 171456K(179712K)->169296K(181760K)
[6698.426s][info][gc,heap        ] GC(2415) ParOldGen: 4766712K(4766720K)->4874288K(4874752K)
[6698.426s][info][gc,metaspace   ] GC(2415) Metaspace: 29070K(29376K)->29070K(29376K) NonClass: 25971K(26112K)->25971K(26112K) Class: 3098K(3264K)->3098K(3264K)
[6698.426s][info][gc             ] GC(2415) Pause Young (Allocation Failure) 7199M->4925M(7311M) 108.325ms
[6698.426s][info][gc,cpu         ] GC(2415) User=0.60s Sys=0.04s Real=0.11s
.[6699.800s][info][gc,start       ] GC(2416) Pause Young (Allocation Failure)
[6699.906s][info][gc,heap        ] GC(2416) PSYoungGen: 2599760K(2612224K)->176032K(2606592K) Eden: 2430464K(2430464K)->0K(2430464K) From: 169296K(181760K)->176032K(176128K)
[6699.906s][info][gc,heap        ] GC(2416) ParOldGen: 4874288K(4874752K)->4976304K(4976640K)
[6699.906s][info][gc,metaspace   ] GC(2416) Metaspace: 29070K(29376K)->29070K(29376K) NonClass: 25971K(26112K)->25971K(26112K) Class: 3098K(3264K)->3098K(3264K)
[6699.906s][info][gc             ] GC(2416) Pause Young (Allocation Failure) 7298M->5031M(7405M) 105.848ms
[6699.906s][info][gc,cpu         ] GC(2416) User=0.59s Sys=0.02s Real=0.10s
.[6701.269s][info][gc,start       ] GC(2417) Pause Young (Allocation Failure)
[6701.376s][info][gc,heap        ] GC(2417) PSYoungGen: 2606496K(2606592K)->163984K(2612224K) Eden: 2430464K(2430464K)->0K(2426368K) From: 176032K(176128K)->163984K(185856K)
[6701.376s][info][gc,heap        ] GC(2417) ParOldGen: 4976304K(4976640K)->5085368K(5085696K)
[6701.376s][info][gc,metaspace   ] GC(2417) Metaspace: 29070K(29376K)->29070K(29376K) NonClass: 25971K(26112K)->25971K(26112K) Class: 3098K(3264K)->3098K(3264K)
[6701.376s][info][gc             ] GC(2417) Pause Young (Allocation Failure) 7405M->5126M(7517M) 107.243ms
[6701.376s][info][gc,cpu         ] GC(2417) User=0.60s Sys=0.03s Real=0.11s
..[6702.790s][info][gc,start       ] GC(2418) Pause Young (Allocation Failure)
[6702.902s][info][gc,heap        ] GC(2418) PSYoungGen: 2590352K(2612224K)->170976K(2610176K) Eden: 2426368K(2426368K)->0K(2426368K) From: 163984K(185856K)->170976K(183808K)
[6702.902s][info][gc,heap        ] GC(2418) ParOldGen: 5085368K(5085696K)->5185088K(5185536K)
[6702.902s][info][gc,metaspace   ] GC(2418) Metaspace: 29070K(29376K)->29070K(29376K) NonClass: 25971K(26112K)->25971K(26112K) Class: 3098K(3264K)->3098K(3264K)
[6702.902s][info][gc             ] GC(2418) Pause Young (Allocation Failure) 7495M->5230M(7613M) 111.640ms
[6702.902s][info][gc,cpu         ] GC(2418) User=0.58s Sys=0.03s Real=0.11s
.[6704.204s][info][gc,start       ] GC(2419) Pause Young (Allocation Failure)
[6704.306s][info][gc,heap        ] GC(2419) PSYoungGen: 2597344K(2610176K)->165136K(2610688K) Eden: 2426368K(2426368K)->0K(2427904K) From: 170976K(183808K)->165136K(182784K)
[6704.307s][info][gc,heap        ] GC(2419) ParOldGen: 5185088K(5185536K)->5287136K(5287424K)
[6704.307s][info][gc,metaspace   ] GC(2419) Metaspace: 29070K(29376K)->29070K(29376K) NonClass: 25971K(26112K)->25971K(26112K) Class: 3098K(3264K)->3098K(3264K)
[6704.307s][info][gc             ] GC(2419) Pause Young (Allocation Failure) 7600M->5324M(7713M) 102.512ms
[6704.307s][info][gc,cpu         ] GC(2419) User=0.57s Sys=0.03s Real=0.10s
..[6705.655s][info][gc,start       ] GC(2420) Pause Young (Allocation Failure)
[6705.760s][info][gc,heap        ] GC(2420) PSYoungGen: 2593040K(2610688K)->165920K(2610688K) Eden: 2427904K(2427904K)->0K(2427904K) From: 165136K(182784K)->165920K(182784K)
[6705.760s][info][gc,heap        ] GC(2420) ParOldGen: 5287136K(5287424K)->5394056K(5394432K)
[6705.760s][info][gc,metaspace   ] GC(2420) Metaspace: 29070K(29376K)->29070K(29376K) NonClass: 25971K(26112K)->25971K(26112K) Class: 3098K(3264K)->3098K(3264K)
[6705.761s][info][gc             ] GC(2420) Pause Young (Allocation Failure) 7695M->5429M(7817M) 105.036ms
[6705.761s][info][gc,cpu         ] GC(2420) User=0.59s Sys=0.03s Real=0.11s
.[6707.144s][info][gc,start       ] GC(2421) Pause Young (Allocation Failure)
[6707.242s][info][gc,heap        ] GC(2421) PSYoungGen: 2593824K(2610688K)->149280K(2610688K) Eden: 2427904K(2427904K)->0K(2429440K) From: 165920K(182784K)->149280K(181248K)
[6707.242s][info][gc,heap        ] GC(2421) ParOldGen: 5394056K(5394432K)->5497744K(5497856K)
[6707.242s][info][gc,metaspace   ] GC(2421) Metaspace: 29070K(29376K)->29070K(29376K) NonClass: 25971K(26112K)->25971K(26112K) Class: 3098K(3264K)->3098K(3264K)
[6707.242s][info][gc             ] GC(2421) Pause Young (Allocation Failure) 7800M->5514M(7918M) 97.516ms
[6707.242s][info][gc,cpu         ] GC(2421) User=0.54s Sys=0.03s Real=0.10s
..[6708.658s][info][gc,start       ] GC(2422) Pause Full (Allocation Failure)
[6708.658s][info][gc,phases,start] GC(2422) Marking Phase
[6708.976s][info][gc,phases      ] GC(2422) Marking Phase 317.456ms
[6708.976s][info][gc,phases,start] GC(2422) Summary Phase
[6708.976s][info][gc,phases      ] GC(2422) Summary Phase 0.112ms
[6708.976s][info][gc,phases,start] GC(2422) Forward
[6709.100s][info][gc,phases      ] GC(2422) Forward 123.838ms
[6709.100s][info][gc,phases,start] GC(2422) Adjust Pointers
[6709.312s][info][gc,phases      ] GC(2422) Adjust Pointers 212.113ms
[6709.312s][info][gc,phases,start] GC(2422) Compaction Phase
[6709.463s][info][gc,phases      ] GC(2422) Compaction Phase 150.681ms
[6709.464s][info][gc,phases,start] GC(2422) Post Compact
[6709.471s][info][gc,phases      ] GC(2422) Post Compact 6.936ms
[6709.589s][info][gc,heap        ] GC(2422) PSYoungGen: 2578720K(2610688K)->0K(2611712K) Eden: 2429440K(2429440K)->0K(2429440K) From: 149280K(181248K)->0K(182272K)
[6709.589s][info][gc,heap        ] GC(2422) ParOldGen: 5497744K(5497856K)->1626902K(2214912K)
[6709.589s][info][gc,metaspace   ] GC(2422) Metaspace: 29070K(29376K)->29068K(29376K) NonClass: 25971K(26112K)->25969K(26112K) Class: 3098K(3264K)->3098K(3264K)
[6709.589s][info][gc             ] GC(2422) Pause Full (Allocation Failure) 7887M->1588M(4713M) 930.946ms
[6709.589s][info][gc,cpu         ] GC(2422) User=4.44s Sys=0.11s Real=0.93s
..[6710.778s][info][gc,start       ] GC(2423) Pause Young (Allocation Failure)
[6710.897s][info][gc,heap        ] GC(2423) PSYoungGen: 2429440K(2611712K)->171834K(2610688K) Eden: 2429440K(2429440K)->0K(2428416K) From: 0K(182272K)->171834K(182272K)
[6710.897s][info][gc,heap        ] GC(2423) ParOldGen: 1626902K(2214912K)->1626902K(2214912K)
[6710.897s][info][gc,metaspace   ] GC(2423) Metaspace: 29068K(29376K)->29068K(29376K) NonClass: 25969K(26112K)->25969K(26112K) Class: 3098K(3264K)->3098K(3264K)
[6710.897s][info][gc             ] GC(2423) Pause Young (Allocation Failure) 3961M->1756M(4712M) 119.378ms
[6710.897s][info][gc,cpu         ] GC(2423) User=0.42s Sys=0.00s Real=0.12s
.[6712.193s][info][gc,start       ] GC(2424) Pause Young (Allocation Failure)
[6712.289s][info][gc,heap        ] GC(2424) PSYoungGen: 2600250K(2610688K)->161488K(2612224K) Eden: 2428416K(2428416K)->0K(2428416K) From: 171834K(182272K)->161488K(183808K)
[6712.290s][info][gc,heap        ] GC(2424) ParOldGen: 1626902K(2214912K)->1738518K(2214912K)
[6712.290s][info][gc,metaspace   ] GC(2424) Metaspace: 29068K(29376K)->29068K(29376K) NonClass: 25969K(26112K)->25969K(26112K) Class: 3098K(3264K)->3098K(3264K)
[6712.290s][info][gc             ] GC(2424) Pause Young (Allocation Failure) 4128M->1855M(4714M) 96.800ms
[6712.290s][info][gc,cpu         ] GC(2424) User=0.57s Sys=0.00s Real=0.09s
.[6713.588s][info][gc,start       ] GC(2425) Pause Young (Allocation Failure)
[6713.686s][info][gc,heap        ] GC(2425) PSYoungGen: 2589904K(2612224K)->165185K(2609152K) Eden: 2428416K(2428416K)->0K(2429952K) From: 161488K(183808K)->165185K(179200K)
[6713.686s][info][gc,heap        ] GC(2425) ParOldGen: 1738518K(2214912K)->1843590K(2214912K)
[6713.686s][info][gc,metaspace   ] GC(2425) Metaspace: 29068K(29376K)->29068K(29376K) NonClass: 25969K(26112K)->25969K(26112K) Class: 3098K(3264K)->3098K(3264K)
[6713.686s][info][gc             ] GC(2425) Pause Young (Allocation Failure) 4226M->1961M(4711M) 97.770ms
[6713.686s][info][gc,cpu         ] GC(2425) User=0.58s Sys=0.00s Real=0.10s
.[6715.004s][info][gc,start       ] GC(2426) Pause Young (Allocation Failure)
[6715.109s][info][gc,heap        ] GC(2426) PSYoungGen: 2595137K(2609152K)->180724K(2610688K) Eden: 2429952K(2429952K)->0K(2429952K) From: 165185K(179200K)->180724K(180736K)
[6715.109s][info][gc,heap        ] GC(2426) ParOldGen: 1843590K(2214912K)->1950390K(2214912K)
[6715.109s][info][gc,metaspace   ] GC(2426) Metaspace: 29068K(29376K)->29068K(29376K) NonClass: 25969K(26112K)->25969K(26112K) Class: 3098K(3264K)->3098K(3264K)
[6715.109s][info][gc             ] GC(2426) Pause Young (Allocation Failure) 4334M->2081M(4712M) 104.677ms
[6715.109s][info][gc,cpu         ] GC(2426) User=0.61s Sys=0.00s Real=0.10s
..[6716.416s][info][gc,start       ] GC(2427) Pause Young (Allocation Failure)
[6716.515s][info][gc,heap        ] GC(2427) PSYoungGen: 2610676K(2610688K)->165571K(2537984K) Eden: 2429952K(2429952K)->0K(2352640K) From: 180724K(180736K)->165571K(185344K)
[6716.515s][info][gc,heap        ] GC(2427) ParOldGen: 1950390K(2214912K)->2055070K(2214912K)
[6716.515s][info][gc,metaspace   ] GC(2427) Metaspace: 29068K(29376K)->29068K(29376K) NonClass: 25969K(26112K)->25969K(26112K) Class: 3098K(3264K)->3098K(3264K)
[6716.515s][info][gc             ] GC(2427) Pause Young (Allocation Failure) 4454M->2168M(4641M) 98.687ms
[6716.515s][info][gc,cpu         ] GC(2427) User=0.58s Sys=0.00s Real=0.10s
.[6717.786s][info][gc,start       ] GC(2428) Pause Young (Allocation Failure)
[6717.930s][info][gc,heap        ] GC(2428) PSYoungGen: 2518211K(2537984K)->161845K(2574336K) Eden: 2352640K(2352640K)->0K(2352640K) From: 165571K(185344K)->161845K(221696K)
[6717.930s][info][gc,heap        ] GC(2428) ParOldGen: 2055070K(2214912K)->2158022K(2214912K)
[6717.930s][info][gc,metaspace   ] GC(2428) Metaspace: 29068K(29376K)->29068K(29376K) NonClass: 25969K(26112K)->25969K(26112K) Class: 3098K(3264K)->3098K(3264K)
[6717.930s][info][gc             ] GC(2428) Pause Young (Allocation Failure) 4466M->2265M(4677M) 143.663ms
[6717.930s][info][gc,cpu         ] GC(2428) User=0.57s Sys=0.00s Real=0.15s
.[6719.182s][info][gc,start       ] GC(2429) Pause Young (Allocation Failure)
[6719.275s][info][gc,heap        ] GC(2429) PSYoungGen: 2514485K(2574336K)->150496K(2571264K) Eden: 2352640K(2352640K)->0K(2354688K) From: 161845K(221696K)->150496K(216576K)
[6719.275s][info][gc,heap        ] GC(2429) ParOldGen: 2158022K(2214912K)->2259102K(2259456K)
[6719.275s][info][gc,metaspace   ] GC(2429) Metaspace: 29068K(29376K)->29068K(29376K) NonClass: 25969K(26112K)->25969K(26112K) Class: 3098K(3264K)->3098K(3264K)
[6719.275s][info][gc             ] GC(2429) Pause Young (Allocation Failure) 4562M->2353M(4717M) 92.799ms
[6719.275s][info][gc,cpu         ] GC(2429) User=0.54s Sys=0.02s Real=0.09s
.[6720.542s][info][gc,start       ] GC(2430) Pause Young (Allocation Failure)
[6720.644s][info][gc,heap        ] GC(2430) PSYoungGen: 2505184K(2571264K)->164384K(2573824K) Eden: 2354688K(2354688K)->0K(2354688K) From: 150496K(216576K)->164384K(219136K)
[6720.644s][info][gc,heap        ] GC(2430) ParOldGen: 2259102K(2259456K)->2364182K(2364416K)
[6720.644s][info][gc,metaspace   ] GC(2430) Metaspace: 29068K(29376K)->29068K(29376K) NonClass: 25969K(26112K)->25969K(26112K) Class: 3098K(3264K)->3098K(3264K)
[6720.644s][info][gc             ] GC(2430) Pause Young (Allocation Failure) 4652M->2469M(4822M) 102.896ms
[6720.645s][info][gc,cpu         ] GC(2430) User=0.57s Sys=0.03s Real=0.10s
..[6721.928s][info][gc,start       ] GC(2431) Pause Young (Allocation Failure)
[6722.025s][info][gc,heap        ] GC(2431) PSYoungGen: 2519072K(2573824K)->150976K(2575872K) Eden: 2354688K(2354688K)->0K(2361344K) From: 164384K(219136K)->150976K(214528K)
[6722.025s][info][gc,heap        ] GC(2431) ParOldGen: 2364182K(2364416K)->2464094K(2464256K)
[6722.025s][info][gc,metaspace   ] GC(2431) Metaspace: 29068K(29376K)->29068K(29376K) NonClass: 25969K(26112K)->25969K(26112K) Class: 3098K(3264K)->3098K(3264K)
[6722.025s][info][gc             ] GC(2431) Pause Young (Allocation Failure) 4768M->2553M(4922M) 96.239ms
[6722.025s][info][gc,cpu         ] GC(2431) User=0.53s Sys=0.03s Real=0.10s
.[6723.333s][info][gc,start       ] GC(2432) Pause Young (Allocation Failure)
[6723.435s][info][gc,heap        ] GC(2432) PSYoungGen: 2512320K(2575872K)->166360K(2575872K) Eden: 2361344K(2361344K)->0K(2361344K) From: 150976K(214528K)->166360K(214528K)
[6723.435s][info][gc,heap        ] GC(2432) ParOldGen: 2464094K(2464256K)->2569846K(2570240K)
[6723.435s][info][gc,metaspace   ] GC(2432) Metaspace: 29068K(29376K)->29068K(29376K) NonClass: 25969K(26112K)->25969K(26112K) Class: 3098K(3264K)->3098K(3264K)
[6723.435s][info][gc             ] GC(2432) Pause Young (Allocation Failure) 4859M->2672M(5025M) 102.398ms
[6723.435s][info][gc,cpu         ] GC(2432) User=0.57s Sys=0.02s Real=0.10s
.[6724.727s][info][gc,start       ] GC(2433) Pause Young (Allocation Failure)
[6724.824s][info][gc,heap        ] GC(2433) PSYoungGen: 2527704K(2575872K)->157792K(2578944K) Eden: 2361344K(2361344K)->0K(2369536K) From: 166360K(214528K)->157792K(209408K)
[6724.824s][info][gc,heap        ] GC(2433) ParOldGen: 2569846K(2570240K)->2669766K(2670080K)
[6724.824s][info][gc,metaspace   ] GC(2433) Metaspace: 29068K(29376K)->29068K(29376K) NonClass: 25969K(26112K)->25969K(26112K) Class: 3098K(3264K)->3098K(3264K)
[6724.824s][info][gc             ] GC(2433) Pause Young (Allocation Failure) 4978M->2761M(5126M) 96.821ms
[6724.824s][info][gc,cpu         ] GC(2433) User=0.54s Sys=0.03s Real=0.10s
.. (rIR:aIR:PR = 11485:11494:11494) (tPR = 170599) [OK] 
  6725s: Performance info:
         Transaction,    Success,    Partial,     Failed,   Receipts, AvgBarcode, 
             Overall,     699977,          0,          0,     664623,      59.47, 
         Response times:
             Request,    Success,    Partial,     Failed,   SkipFail,     Probes,    Samples,      min,      p50,      p90,      p95,      p99,      max, 
       TotalPurchase,     664553,          0,          0,          0,     284928,     516630,      300,   112000,   598000,   710000,   900000,  1600000,
     InStorePurchase,     350740,          0,          0,          0,     147558,     270753,      300,   110000,   591000,   700000,   880000,  1300000,
      OnlinePurchase,     243937,          0,          0,          0,     104929,     191077,      300,   115000,   587000,   690000,   920000,  1600000,
        InstPurchase,      69876,          0,          0,          0,      32441,      54800,      400,   113000,   660000,   770000,   920000,  1100000,
          AssocOfCat,        704,          0,          0,          0,        531,       1030,    31000,   167000,   575000,   704500,   830000,   960000,
      AssocOfProduct,       7032,          0,          0,          0,       3550,       6184,     1000,   107000,   600000,   720000,   970000,  1300000,
      BusinessReport,       1750,          0,          0,          0,       1387,       2498,    35000,   176000,   680000,   820000,   960100,  1400000,
          CustBuyBeh,       7077,          0,          0,          0,       3533,       6424,      100,   114500,   578000,   707500,   940000,  1300000,
       ProductReturn,      18883,          0,          0,          0,       7836,      13802,      200,   114000,   576000,   670000,   980000,  1300000,

  6725s: (84%)   IR =  11623 [6726.211s][info][gc,start       ] GC(2434) Pause Young (Allocation Failure)
[6726.309s][info][gc,heap        ] GC(2434) PSYoungGen: 2527328K(2578944K)->156064K(2577408K) Eden: 2369536K(2369536K)->0K(2369536K) From: 157792K(209408K)->156064K(207872K)
[6726.309s][info][gc,heap        ] GC(2434) ParOldGen: 2669766K(2670080K)->2773782K(2774016K)
[6726.309s][info][gc,metaspace   ] GC(2434) Metaspace: 29068K(29376K)->29068K(29376K) NonClass: 25969K(26112K)->25969K(26112K) Class: 3098K(3264K)->3098K(3264K)
[6726.309s][info][gc             ] GC(2434) Pause Young (Allocation Failure) 5075M->2861M(5226M) 97.937ms
[6726.309s][info][gc,cpu         ] GC(2434) User=0.55s Sys=0.02s Real=0.09s
.[6727.613s][info][gc,start       ] GC(2435) Pause Young (Allocation Failure)
[6727.713s][info][gc,heap        ] GC(2435) PSYoungGen: 2525600K(2577408K)->163296K(2584576K) Eden: 2369536K(2369536K)->0K(2382336K) From: 156064K(207872K)->163296K(202240K)
[6727.713s][info][gc,heap        ] GC(2435) ParOldGen: 2773782K(2774016K)->2876110K(2876416K)
[6727.713s][info][gc,metaspace   ] GC(2435) Metaspace: 29068K(29376K)->29068K(29376K) NonClass: 25969K(26112K)->25969K(26112K) Class: 3098K(3264K)->3098K(3264K)
[6727.713s][info][gc             ] GC(2435) Pause Young (Allocation Failure) 5175M->2968M(5333M) 100.115ms
[6727.713s][info][gc,cpu         ] GC(2435) User=0.56s Sys=0.04s Real=0.10s
.[6729.107s][info][gc,start       ] GC(2436) Pause Young (Allocation Failure)
[6729.206s][info][gc,heap        ] GC(2436) PSYoungGen: 2545632K(2584576K)->159637K(2584576K) Eden: 2382336K(2382336K)->0K(2382336K) From: 163296K(202240K)->159637K(202240K)
[6729.206s][info][gc,heap        ] GC(2436) ParOldGen: 2876110K(2876416K)->2976478K(2976768K)
[6729.206s][info][gc,metaspace   ] GC(2436) Metaspace: 29068K(29376K)->29068K(29376K) NonClass: 25969K(26112K)->25969K(26112K) Class: 3098K(3264K)->3098K(3264K)
[6729.206s][info][gc             ] GC(2436) Pause Young (Allocation Failure) 5294M->3062M(5431M) 99.003ms
[6729.206s][info][gc,cpu         ] GC(2436) User=0.56s Sys=0.03s Real=0.10s
..[6730.555s][info][gc,start       ] GC(2437) Pause Young (Allocation Failure)
[6730.660s][info][gc,heap        ] GC(2437) PSYoungGen: 2541973K(2584576K)->173461K(2592256K) Eden: 2382336K(2382336K)->0K(2392064K) From: 159637K(202240K)->173461K(200192K)
[6730.660s][info][gc,heap        ] GC(2437) ParOldGen: 2976478K(2976768K)->3078150K(3078656K)
[6730.660s][info][gc,metaspace   ] GC(2437) Metaspace: 29068K(29376K)->29068K(29376K) NonClass: 25969K(26112K)->25969K(26112K) Class: 3098K(3264K)->3098K(3264K)
[6730.660s][info][gc             ] GC(2437) Pause Young (Allocation Failure) 5389M->3175M(5538M) 104.923ms
[6730.660s][info][gc,cpu         ] GC(2437) User=0.58s Sys=0.03s Real=0.10s
.[6731.962s][info][gc,start       ] GC(2438) Pause Young (Allocation Failure)
[6732.060s][info][gc,heap        ] GC(2438) PSYoungGen: 2565525K(2592256K)->152992K(2591744K) Eden: 2392064K(2392064K)->0K(2392064K) From: 173461K(200192K)->152992K(199680K)
[6732.060s][info][gc,heap        ] GC(2438) ParOldGen: 3078150K(3078656K)->3183982K(3184128K)
[6732.060s][info][gc,metaspace   ] GC(2438) Metaspace: 29069K(29376K)->29069K(29376K) NonClass: 25971K(26112K)->25971K(26112K) Class: 3098K(3264K)->3098K(3264K)
[6732.060s][info][gc             ] GC(2438) Pause Young (Allocation Failure) 5511M->3258M(5640M) 97.543ms
[6732.060s][info][gc,cpu         ] GC(2438) User=0.54s Sys=0.03s Real=0.09s
..[6733.393s][info][gc,start       ] GC(2439) Pause Young (Allocation Failure)
[6733.493s][info][gc,heap        ] GC(2439) PSYoungGen: 2545056K(2591744K)->155008K(2593792K) Eden: 2392064K(2392064K)->0K(2397696K) From: 152992K(199680K)->155008K(196096K)
[6733.493s][info][gc,heap        ] GC(2439) ParOldGen: 3183982K(3184128K)->3288862K(3289088K)
[6733.493s][info][gc,metaspace   ] GC(2439) Metaspace: 29069K(29376K)->29069K(29376K) NonClass: 25971K(26112K)->25971K(26112K) Class: 3098K(3264K)->3098K(3264K)
[6733.493s][info][gc             ] GC(2439) Pause Young (Allocation Failure) 5594M->3363M(5745M) 99.910ms
[6733.493s][info][gc,cpu         ] GC(2439) User=0.55s Sys=0.03s Real=0.10s
.|[6734.834s][info][gc,start       ] GC(2440) Pause Young (Allocation Failure)
[6734.984s][info][gc,heap        ] GC(2440) PSYoungGen: 2552704K(2593792K)->178725K(2594304K) Eden: 2397696K(2397696K)->0K(2397696K) From: 155008K(196096K)->178725K(196608K)
[6734.984s][info][gc,heap        ] GC(2440) ParOldGen: 3288862K(3289088K)->3390790K(3390976K)
[6734.984s][info][gc,metaspace   ] GC(2440) Metaspace: 29069K(29376K)->29069K(29376K) NonClass: 25971K(26112K)->25971K(26112K) Class: 3098K(3264K)->3098K(3264K)
[6734.984s][info][gc             ] GC(2440) Pause Young (Allocation Failure) 5704M->3485M(5845M) 150.856ms
[6734.984s][info][gc,cpu         ] GC(2440) User=0.61s Sys=0.03s Real=0.15s
.[6736.295s][info][gc,start       ] GC(2441) Pause Young (Allocation Failure)
[6736.391s][info][gc,heap        ] GC(2441) PSYoungGen: 2576421K(2594304K)->152832K(2597888K) Eden: 2397696K(2397696K)->0K(2399232K) From: 178725K(196608K)->152832K(198656K)
[6736.391s][info][gc,heap        ] GC(2441) ParOldGen: 3390790K(3390976K)->3492470K(3492864K)
[6736.391s][info][gc,metaspace   ] GC(2441) Metaspace: 29069K(29376K)->29069K(29376K) NonClass: 25971K(26112K)->25971K(26112K) Class: 3098K(3264K)->3098K(3264K)
[6736.391s][info][gc             ] GC(2441) Pause Young (Allocation Failure) 5827M->3559M(5948M) 95.922ms
[6736.391s][info][gc,cpu         ] GC(2441) User=0.55s Sys=0.03s Real=0.10s
..[6737.702s][info][gc,start       ] GC(2442) Pause Young (Allocation Failure)
[6737.807s][info][gc,heap        ] GC(2442) PSYoungGen: 2552064K(2597888K)->172036K(2596864K) Eden: 2399232K(2399232K)->0K(2399232K) From: 152832K(198656K)->172036K(197632K)
[6737.807s][info][gc,heap        ] GC(2442) ParOldGen: 3492470K(3492864K)->3594926K(3595264K)
[6737.807s][info][gc,metaspace   ] GC(2442) Metaspace: 29069K(29376K)->29069K(29376K) NonClass: 25971K(26112K)->25971K(26112K) Class: 3098K(3264K)->3098K(3264K)
[6737.807s][info][gc             ] GC(2442) Pause Young (Allocation Failure) 5902M->3678M(6047M) 105.335ms
[6737.807s][info][gc,cpu         ] GC(2442) User=0.59s Sys=0.03s Real=0.10s
.[6739.204s][info][gc,start       ] GC(2443) Pause Young (Allocation Failure)
[6739.306s][info][gc,heap        ] GC(2443) PSYoungGen: 2571268K(2596864K)->159139K(2594304K) Eden: 2399232K(2399232K)->0K(2400768K) From: 172036K(197632K)->159139K(193536K)
[6739.306s][info][gc,heap        ] GC(2443) ParOldGen: 3594926K(3595264K)->3699398K(3699712K)
[6739.306s][info][gc,metaspace   ] GC(2443) Metaspace: 29069K(29376K)->29069K(29376K) NonClass: 25971K(26112K)->25971K(26112K) Class: 3098K(3264K)->3098K(3264K)
[6739.306s][info][gc             ] GC(2443) Pause Young (Allocation Failure) 6021M->3768M(6146M) 102.140ms
[6739.306s][info][gc,cpu         ] GC(2443) User=0.57s Sys=0.04s Real=0.10s
..[6740.680s][info][gc,start       ] GC(2444) Pause Young (Allocation Failure)
[6740.796s][info][gc,heap        ] GC(2444) PSYoungGen: 2559907K(2594304K)->195044K(2595840K) Eden: 2400768K(2400768K)->0K(2400768K) From: 159139K(193536K)->195044K(195072K)
[6740.796s][info][gc,heap        ] GC(2444) ParOldGen: 3699398K(3699712K)->3803118K(3803136K)
[6740.796s][info][gc,metaspace   ] GC(2444) Metaspace: 29069K(29376K)->29069K(29376K) NonClass: 25971K(26112K)->25971K(26112K) Class: 3098K(3264K)->3098K(3264K)
[6740.796s][info][gc             ] GC(2444) Pause Young (Allocation Failure) 6112M->3904M(6249M) 116.123ms
[6740.796s][info][gc,cpu         ] GC(2444) User=0.66s Sys=0.03s Real=0.12s
.[6742.135s][info][gc,start       ] GC(2445) Pause Young (Allocation Failure)
[6742.230s][info][gc,heap        ] GC(2445) PSYoungGen: 2595812K(2595840K)->146432K(2514944K) Eden: 2400768K(2400768K)->0K(2314752K) From: 195044K(195072K)->146432K(200192K)
[6742.230s][info][gc,heap        ] GC(2445) ParOldGen: 3803118K(3803136K)->3909598K(3909632K)
[6742.230s][info][gc,metaspace   ] GC(2445) Metaspace: 29069K(29376K)->29069K(29376K) NonClass: 25971K(26112K)->25971K(26112K) Class: 3098K(3264K)->3098K(3264K)
[6742.230s][info][gc             ] GC(2445) Pause Young (Allocation Failure) 6248M->3960M(6274M) 95.315ms
[6742.230s][info][gc,cpu         ] GC(2445) User=0.52s Sys=0.05s Real=0.10s
.[6743.540s][info][gc,start       ] GC(2446) Pause Young (Allocation Failure)
[6743.641s][info][gc,heap        ] GC(2446) PSYoungGen: 2461184K(2514944K)->155328K(2555392K) Eden: 2314752K(2314752K)->0K(2314752K) From: 146432K(200192K)->155328K(240640K)
[6743.641s][info][gc,heap        ] GC(2446) ParOldGen: 3909598K(3909632K)->4012158K(4012544K)
[6743.641s][info][gc,metaspace   ] GC(2446) Metaspace: 29069K(29376K)->29069K(29376K) NonClass: 25971K(26112K)->25971K(26112K) Class: 3098K(3264K)->3098K(3264K)
[6743.641s][info][gc             ] GC(2446) Pause Young (Allocation Failure) 6221M->4069M(6414M) 101.171ms
[6743.641s][info][gc,cpu         ] GC(2446) User=0.57s Sys=0.03s Real=0.10s
..[6744.965s][info][gc,start       ] GC(2447) Pause Young (Allocation Failure)
[6745.062s][info][gc,heap        ] GC(2447) PSYoungGen: 2470080K(2555392K)->149136K(2547200K) Eden: 2314752K(2314752K)->0K(2317824K) From: 155328K(240640K)->149136K(229376K)
[6745.062s][info][gc,heap        ] GC(2447) ParOldGen: 4012158K(4012544K)->4111062K(4111360K)
[6745.062s][info][gc,metaspace   ] GC(2447) Metaspace: 29069K(29376K)->29069K(29376K) NonClass: 25971K(26112K)->25971K(26112K) Class: 3098K(3264K)->3098K(3264K)
[6745.062s][info][gc             ] GC(2447) Pause Young (Allocation Failure) 6330M->4160M(6502M) 96.760ms
[6745.062s][info][gc,cpu         ] GC(2447) User=0.54s Sys=0.03s Real=0.10s
.[6746.331s][info][gc,start       ] GC(2448) Pause Young (Allocation Failure)
[6746.433s][info][gc,heap        ] GC(2448) PSYoungGen: 2466960K(2547200K)->159972K(2552832K) Eden: 2317824K(2317824K)->0K(2317824K) From: 149136K(229376K)->159972K(235008K)
[6746.433s][info][gc,heap        ] GC(2448) ParOldGen: 4111062K(4111360K)->4212638K(4212736K)
[6746.433s][info][gc,metaspace   ] GC(2448) Metaspace: 29069K(29376K)->29069K(29376K) NonClass: 25971K(26112K)->25971K(26112K) Class: 3098K(3264K)->3098K(3264K)
[6746.433s][info][gc             ] GC(2448) Pause Young (Allocation Failure) 6423M->4270M(6607M) 101.656ms
[6746.433s][info][gc,cpu         ] GC(2448) User=0.56s Sys=0.03s Real=0.10s
.[6747.691s][info][gc,start       ] GC(2449) Pause Young (Allocation Failure)
[6747.796s][info][gc,heap        ] GC(2449) PSYoungGen: 2477796K(2552832K)->171545K(2549760K) Eden: 2317824K(2317824K)->0K(2330624K) From: 159972K(235008K)->171545K(219136K)
[6747.796s][info][gc,heap        ] GC(2449) ParOldGen: 4212638K(4212736K)->4313294K(4313600K)
[6747.796s][info][gc,metaspace   ] GC(2449) Metaspace: 29069K(29376K)->29069K(29376K) NonClass: 25971K(26112K)->25971K(26112K) Class: 3098K(3264K)->3098K(3264K)
[6747.796s][info][gc             ] GC(2449) Pause Young (Allocation Failure) 6533M->4379M(6702M) 104.466ms
[6747.796s][info][gc,cpu         ] GC(2449) User=0.60s Sys=0.02s Real=0.10s
..[6749.112s][info][gc,start       ] GC(2450) Pause Young (Allocation Failure)
[6749.210s][info][gc,heap        ] GC(2450) PSYoungGen: 2502169K(2549760K)->148352K(2555904K) Eden: 2330624K(2330624K)->0K(2330624K) From: 171545K(219136K)->148352K(225280K)
[6749.210s][info][gc,heap        ] GC(2450) ParOldGen: 4313294K(4313600K)->4417318K(4417536K)
[6749.210s][info][gc,metaspace   ] GC(2450) Metaspace: 29069K(29376K)->29069K(29376K) NonClass: 25971K(26112K)->25971K(26112K) Class: 3098K(3264K)->3098K(3264K)
[6749.210s][info][gc             ] GC(2450) Pause Young (Allocation Failure) 6655M->4458M(6810M) 97.725ms
[6749.210s][info][gc,cpu         ] GC(2450) User=0.54s Sys=0.02s Real=0.10s
.[6750.475s][info][gc,start       ] GC(2451) Pause Young (Allocation Failure)
[6750.581s][info][gc,heap        ] GC(2451) PSYoungGen: 2478976K(2555904K)->160357K(2559488K) Eden: 2330624K(2330624K)->0K(2347520K) From: 148352K(225280K)->160357K(211968K)
[6750.581s][info][gc,heap        ] GC(2451) ParOldGen: 4417318K(4417536K)->4521750K(4521984K)
[6750.581s][info][gc,metaspace   ] GC(2451) Metaspace: 29069K(29376K)->29069K(29376K) NonClass: 25971K(26112K)->25971K(26112K) Class: 3098K(3264K)->3098K(3264K)
[6750.581s][info][gc             ] GC(2451) Pause Young (Allocation Failure) 6734M->4572M(6915M) 106.469ms
[6750.581s][info][gc,cpu         ] GC(2451) User=0.56s Sys=0.04s Real=0.11s
.[6751.938s][info][gc,start       ] GC(2452) Pause Young (Allocation Failure)
[6752.031s][info][gc,heap        ] GC(2452) PSYoungGen: 2507877K(2559488K)->140448K(2566144K) Eden: 2347520K(2347520K)->0K(2347520K) From: 160357K(211968K)->140448K(218624K)
[6752.031s][info][gc,heap        ] GC(2452) ParOldGen: 4521750K(4521984K)->4623926K(4624384K)
[6752.031s][info][gc,metaspace   ] GC(2452) Metaspace: 29069K(29376K)->29069K(29376K) NonClass: 25971K(26112K)->25971K(26112K) Class: 3098K(3264K)->3098K(3264K)
[6752.031s][info][gc             ] GC(2452) Pause Young (Allocation Failure) 6864M->4652M(7022M) 92.791ms
[6752.031s][info][gc,cpu         ] GC(2452) User=0.51s Sys=0.03s Real=0.10s
..[6753.310s][info][gc,start       ] GC(2453) Pause Young (Allocation Failure)
[6753.411s][info][gc,heap        ] GC(2453) PSYoungGen: 2487968K(2566144K)->162736K(2566656K) Eden: 2347520K(2347520K)->0K(2359296K) From: 140448K(218624K)->162736K(207360K)
[6753.411s][info][gc,heap        ] GC(2453) ParOldGen: 4623926K(4624384K)->4721206K(4721664K)
[6753.411s][info][gc,metaspace   ] GC(2453) Metaspace: 29069K(29376K)->29069K(29376K) NonClass: 25971K(26112K)->25971K(26112K) Class: 3098K(3264K)->3098K(3264K)
[6753.411s][info][gc             ] GC(2453) Pause Young (Allocation Failure) 6945M->4769M(7117M) 101.086ms
[6753.411s][info][gc,cpu         ] GC(2453) User=0.55s Sys=0.03s Real=0.10s
.[6754.781s][info][gc,start       ] GC(2454) Pause Young (Allocation Failure)
[6754.886s][info][gc,heap        ] GC(2454) PSYoungGen: 2522032K(2566656K)->163620K(2572288K) Eden: 2359296K(2359296K)->0K(2359296K) From: 162736K(207360K)->163620K(212992K)
[6754.886s][info][gc,heap        ] GC(2454) ParOldGen: 4721206K(4721664K)->4828014K(4828160K)
[6754.886s][info][gc,metaspace   ] GC(2454) Metaspace: 29069K(29376K)->29069K(29376K) NonClass: 25971K(26112K)->25971K(26112K) Class: 3098K(3264K)->3098K(3264K)
[6754.886s][info][gc             ] GC(2454) Pause Young (Allocation Failure) 7073M->4874M(7227M) 105.274ms
[6754.886s][info][gc,cpu         ] GC(2454) User=0.58s Sys=0.04s Real=0.10s
..[6756.208s][info][gc,start       ] GC(2455) Pause Young (Allocation Failure)
[6756.313s][info][gc,heap        ] GC(2455) PSYoungGen: 2522916K(2572288K)->166383K(2574848K) Eden: 2359296K(2359296K)->0K(2374656K) From: 163620K(212992K)->166383K(200192K)
[6756.313s][info][gc,heap        ] GC(2455) ParOldGen: 4828014K(4828160K)->4929150K(4929536K)
[6756.313s][info][gc,metaspace   ] GC(2455) Metaspace: 29069K(29376K)->29069K(29376K) NonClass: 25971K(26112K)->25971K(26112K) Class: 3098K(3264K)->3098K(3264K)
[6756.313s][info][gc             ] GC(2455) Pause Young (Allocation Failure) 7178M->4976M(7328M) 105.127ms
[6756.313s][info][gc,cpu         ] GC(2455) User=0.59s Sys=0.02s Real=0.11s
.[6757.597s][info][gc,start       ] GC(2456) Pause Young (Allocation Failure)
[6757.704s][info][gc,heap        ] GC(2456) PSYoungGen: 2541039K(2574848K)->177382K(2579456K) Eden: 2374656K(2374656K)->0K(2374656K) From: 166383K(200192K)->177382K(204800K)
[6757.704s][info][gc,heap        ] GC(2456) ParOldGen: 4929150K(4929536K)->5029278K(5029376K)
[6757.704s][info][gc,metaspace   ] GC(2456) Metaspace: 29069K(29376K)->29069K(29376K) NonClass: 25971K(26112K)->25971K(26112K) Class: 3098K(3264K)->3098K(3264K)
[6757.704s][info][gc             ] GC(2456) Pause Young (Allocation Failure) 7295M->5084M(7430M) 106.505ms
[6757.704s][info][gc,cpu         ] GC(2456) User=0.60s Sys=0.03s Real=0.11s
.[6759.021s][info][gc,start       ] GC(2457) Pause Young (Allocation Failure)
[6759.121s][info][gc,heap        ] GC(2457) PSYoungGen: 2552038K(2579456K)->152064K(2588672K) Eden: 2374656K(2374656K)->0K(2385920K) From: 177382K(204800K)->152064K(202752K)
[6759.121s][info][gc,heap        ] GC(2457) ParOldGen: 5029278K(5029376K)->5133934K(5134336K)
[6759.121s][info][gc,metaspace   ] GC(2457) Metaspace: 29069K(29376K)->29069K(29376K) NonClass: 25971K(26112K)->25971K(26112K) Class: 3098K(3264K)->3098K(3264K)
[6759.121s][info][gc             ] GC(2457) Pause Young (Allocation Failure) 7403M->5162M(7542M) 99.585ms
[6759.121s][info][gc,cpu         ] GC(2457) User=0.55s Sys=0.04s Real=0.10s
..[6760.481s][info][gc,start       ] GC(2458) Pause Young (Allocation Failure)
[6760.581s][info][gc,heap        ] GC(2458) PSYoungGen: 2537984K(2588672K)->155456K(2589696K) Eden: 2385920K(2385920K)->0K(2385920K) From: 152064K(202752K)->155456K(203776K)
[6760.581s][info][gc,heap        ] GC(2458) ParOldGen: 5133934K(5134336K)->5239382K(5239808K)
[6760.581s][info][gc,metaspace   ] GC(2458) Metaspace: 29069K(29376K)->29069K(29376K) NonClass: 25971K(26112K)->25971K(26112K) Class: 3098K(3264K)->3098K(3264K)
[6760.581s][info][gc             ] GC(2458) Pause Young (Allocation Failure) 7492M->5268M(7646M) 99.350ms
[6760.581s][info][gc,cpu         ] GC(2458) User=0.55s Sys=0.03s Real=0.10s
.[6761.902s][info][gc,start       ] GC(2459) Pause Young (Allocation Failure)
[6762.003s][info][gc,heap        ] GC(2459) PSYoungGen: 2541376K(2589696K)->155925K(2588672K) Eden: 2385920K(2385920K)->0K(2391040K) From: 155456K(203776K)->155925K(197632K)
[6762.003s][info][gc,heap        ] GC(2459) ParOldGen: 5239382K(5239808K)->5339926K(5340160K)
[6762.003s][info][gc,metaspace   ] GC(2459) Metaspace: 29069K(29376K)->29069K(29376K) NonClass: 25971K(26112K)->25971K(26112K) Class: 3098K(3264K)->3098K(3264K)
[6762.003s][info][gc             ] GC(2459) Pause Young (Allocation Failure) 7598M->5367M(7743M) 101.222ms
[6762.003s][info][gc,cpu         ] GC(2459) User=0.56s Sys=0.03s Real=0.10s
..[6763.398s][info][gc,start       ] GC(2460) Pause Young (Allocation Failure)
[6763.507s][info][gc,heap        ] GC(2460) PSYoungGen: 2546965K(2588672K)->172664K(2589696K) Eden: 2391040K(2391040K)->0K(2391040K) From: 155925K(197632K)->172664K(198656K)
[6763.507s][info][gc,heap        ] GC(2460) ParOldGen: 5339926K(5340160K)->5443510K(5443584K)
[6763.507s][info][gc,metaspace   ] GC(2460) Metaspace: 29069K(29376K)->29069K(29376K) NonClass: 25971K(26112K)->25971K(26112K) Class: 3098K(3264K)->3098K(3264K)
[6763.507s][info][gc             ] GC(2460) Pause Young (Allocation Failure) 7702M->5484M(7845M) 109.530ms
[6763.508s][info][gc,cpu         ] GC(2460) User=0.62s Sys=0.03s Real=0.11s
.[6764.799s][info][gc,start       ] GC(2461) Pause Young (Allocation Failure)
[6764.938s][info][gc,heap        ] GC(2461) PSYoungGen: 2563704K(2589696K)->173099K(2596864K) Eden: 2391040K(2391040K)->0K(2397696K) From: 172664K(198656K)->173099K(199168K)
[6764.938s][info][gc,heap        ] GC(2461) ParOldGen: 5443510K(5443584K)->5546758K(5547008K)
[6764.938s][info][gc,metaspace   ] GC(2461) Metaspace: 29069K(29376K)->29069K(29376K) NonClass: 25971K(26112K)->25971K(26112K) Class: 3098K(3264K)->3098K(3264K)
[6764.938s][info][gc             ] GC(2461) Pause Young (Allocation Failure) 7819M->5585M(7953M) 138.524ms
[6764.938s][info][gc,cpu         ] GC(2461) User=0.59s Sys=0.04s Real=0.14s
.[6766.305s][info][gc,start       ] GC(2462) Pause Full (Allocation Failure)
[6766.305s][info][gc,phases,start] GC(2462) Marking Phase
[6766.619s][info][gc,phases      ] GC(2462) Marking Phase 313.712ms
[6766.619s][info][gc,phases,start] GC(2462) Summary Phase
[6766.619s][info][gc,phases      ] GC(2462) Summary Phase 0.096ms
[6766.619s][info][gc,phases,start] GC(2462) Forward
[6766.755s][info][gc,phases      ] GC(2462) Forward 136.239ms
[6766.755s][info][gc,phases,start] GC(2462) Adjust Pointers
[6766.966s][info][gc,phases      ] GC(2462) Adjust Pointers 210.646ms
[6766.966s][info][gc,phases,start] GC(2462) Compaction Phase
[6767.116s][info][gc,phases      ] GC(2462) Compaction Phase 149.765ms
[6767.117s][info][gc,phases,start] GC(2462) Post Compact
[6767.124s][info][gc,phases      ] GC(2462) Post Compact 6.966ms
[6767.246s][info][gc,heap        ] GC(2462) PSYoungGen: 2570795K(2596864K)->0K(2596864K) Eden: 2397696K(2397696K)->0K(2397696K) From: 173099K(199168K)->0K(199168K)
[6767.246s][info][gc,heap        ] GC(2462) ParOldGen: 5546758K(5547008K)->1624263K(2223616K)
[6767.246s][info][gc,metaspace   ] GC(2462) Metaspace: 29069K(29376K)->29069K(29376K) NonClass: 25971K(26112K)->25971K(26112K) Class: 3098K(3264K)->3098K(3264K)
[6767.246s][info][gc             ] GC(2462) Pause Full (Allocation Failure) 7927M->1586M(4707M) 940.841ms
[6767.246s][info][gc,cpu         ] GC(2462) User=4.39s Sys=0.12s Real=0.94s
.[6768.435s][info][gc,start       ] GC(2463) Pause Young (Allocation Failure)
[6768.504s][info][gc,heap        ] GC(2463) PSYoungGen: 2397696K(2596864K)->168661K(2592768K) Eden: 2397696K(2397696K)->0K(2397696K) From: 0K(199168K)->168661K(195072K)
[6768.504s][info][gc,heap        ] GC(2463) ParOldGen: 1624263K(2223616K)->1624263K(2223616K)
[6768.504s][info][gc,metaspace   ] GC(2463) Metaspace: 29069K(29376K)->29069K(29376K) NonClass: 25971K(26112K)->25971K(26112K) Class: 3098K(3264K)->3098K(3264K)
[6768.504s][info][gc             ] GC(2463) Pause Young (Allocation Failure) 3927M->1750M(4703M) 69.461ms
[6768.504s][info][gc,cpu         ] GC(2463) User=0.41s Sys=0.00s Real=0.07s
..[6769.913s][info][gc,start       ] GC(2464) Pause Young (Allocation Failure)
[6770.008s][info][gc,heap        ] GC(2464) PSYoungGen: 2566357K(2592768K)->150080K(2594816K) Eden: 2397696K(2397696K)->0K(2397696K) From: 168661K(195072K)->150080K(197120K)
[6770.008s][info][gc,heap        ] GC(2464) ParOldGen: 1624263K(2223616K)->1737287K(2223616K)
[6770.008s][info][gc,metaspace   ] GC(2464) Metaspace: 29069K(29376K)->29069K(29376K) NonClass: 25971K(26112K)->25971K(26112K) Class: 3098K(3264K)->3098K(3264K)
[6770.008s][info][gc             ] GC(2464) Pause Young (Allocation Failure) 4092M->1843M(4705M) 94.331ms
[6770.008s][info][gc,cpu         ] GC(2464) User=0.55s Sys=0.00s Real=0.09s
[6770.426s][info][gc,start       ] GC(2465) Pause Full (Diagnostic Command)
[6770.426s][info][gc,phases,start] GC(2465) Marking Phase
[6770.746s][info][gc,phases      ] GC(2465) Marking Phase 320.088ms
[6770.746s][info][gc,phases,start] GC(2465) Summary Phase
[6770.746s][info][gc,phases      ] GC(2465) Summary Phase 0.042ms
[6770.746s][info][gc,phases,start] GC(2465) Forward
[6770.922s][info][gc,phases      ] GC(2465) Forward 175.962ms
[6770.922s][info][gc,phases,start] GC(2465) Adjust Pointers
[6771.146s][info][gc,phases      ] GC(2465) Adjust Pointers 223.633ms
[6771.146s][info][gc,phases,start] GC(2465) Compaction Phase
[6771.418s][info][gc,phases      ] GC(2465) Compaction Phase 271.706ms
[6771.420s][info][gc,phases,start] GC(2465) Post Compact
[6771.423s][info][gc,phases      ] GC(2465) Post Compact 2.411ms
[6771.423s][info][gc,heap        ] GC(2465) PSYoungGen: 956083K(2594816K)->0K(2594816K) Eden: 806003K(2397696K)->0K(2397696K) From: 150080K(197120K)->0K(197120K)
[6771.423s][info][gc,heap        ] GC(2465) ParOldGen: 1737287K(2223616K)->1381267K(2223616K)
[6771.423s][info][gc,metaspace   ] GC(2465) Metaspace: 29069K(29376K)->29069K(29376K) NonClass: 25971K(26112K)->25971K(26112K) Class: 3098K(3264K)->3098K(3264K)
[6771.423s][info][gc             ] GC(2465) Pause Full (Diagnostic Command) 2630M->1348M(4705M) 996.783ms
[6771.423s][info][gc,cpu         ] GC(2465) User=5.50s Sys=0.01s Real=1.00s
.[6772.602s][info][gc,start       ] GC(2466) Pause Young (Allocation Failure)
[6772.684s][info][gc,heap        ] GC(2466) PSYoungGen: 2397696K(2594816K)->193056K(2584064K) Eden: 2397696K(2397696K)->0K(2387456K) From: 0K(197120K)->193056K(196608K)
[6772.684s][info][gc,heap        ] GC(2466) ParOldGen: 1381267K(2223616K)->1381267K(2223616K)
[6772.684s][info][gc,metaspace   ] GC(2466) Metaspace: 29069K(29376K)->29069K(29376K) NonClass: 25971K(26112K)->25971K(26112K) Class: 3098K(3264K)->3098K(3264K)
[6772.684s][info][gc             ] GC(2466) Pause Young (Allocation Failure) 3690M->1537M(4695M) 81.499ms
[6772.684s][info][gc,cpu         ] GC(2466) User=0.48s Sys=0.00s Real=0.08s
..[6774.020s][info][gc,start       ] GC(2467) Pause Young (Allocation Failure)
[6774.131s][info][gc,heap        ] GC(2467) PSYoungGen: 2580512K(2584064K)->168191K(2591744K) Eden: 2387456K(2387456K)->0K(2387456K) From: 193056K(196608K)->168191K(204288K)
[6774.131s][info][gc,heap        ] GC(2467) ParOldGen: 1381267K(2223616K)->1503879K(2223616K)
[6774.131s][info][gc,metaspace   ] GC(2467) Metaspace: 29069K(29376K)->29069K(29376K) NonClass: 25971K(26112K)->25971K(26112K) Class: 3098K(3264K)->3098K(3264K)
[6774.131s][info][gc             ] GC(2467) Pause Young (Allocation Failure) 3868M->1632M(4702M) 110.462ms
[6774.131s][info][gc,cpu         ] GC(2467) User=0.65s Sys=0.00s Real=0.11s
.[6775.345s][info][gc,start       ] GC(2468) Pause Young (Allocation Failure)
[6775.441s][info][gc,heap        ] GC(2468) PSYoungGen: 2555647K(2591744K)->166976K(2581504K) Eden: 2387456K(2387456K)->0K(2390528K) From: 168191K(204288K)->166976K(190976K)
[6775.441s][info][gc,heap        ] GC(2468) ParOldGen: 1503879K(2223616K)->1601815K(2223616K)
[6775.441s][info][gc,metaspace   ] GC(2468) Metaspace: 29069K(29376K)->29069K(29376K) NonClass: 25971K(26112K)->25971K(26112K) Class: 3098K(3264K)->3098K(3264K)
[6775.441s][info][gc             ] GC(2468) Pause Young (Allocation Failure) 3964M->1727M(4692M) 95.833ms
[6775.442s][info][gc,cpu         ] GC(2468) User=0.56s Sys=0.00s Real=0.10s
.[6776.779s][info][gc,start       ] GC(2469) Pause Young (Allocation Failure)
[6776.927s][info][gc,heap        ] GC(2469) PSYoungGen: 2557504K(2581504K)->158521K(2588160K) Eden: 2390528K(2390528K)->0K(2390528K) From: 166976K(190976K)->158521K(197632K)
[6776.927s][info][gc,heap        ] GC(2469) ParOldGen: 1601815K(2223616K)->1719831K(2223616K)
[6776.927s][info][gc,metaspace   ] GC(2469) Metaspace: 29069K(29376K)->29069K(29376K) NonClass: 25971K(26112K)->25971K(26112K) Class: 3098K(3264K)->3098K(3264K)
[6776.927s][info][gc             ] GC(2469) Pause Young (Allocation Failure) 4061M->1834M(4699M) 147.898ms
[6776.927s][info][gc,cpu         ] GC(2469) User=0.60s Sys=0.00s Real=0.15s
.[6778.180s][info][gc,start       ] GC(2470) Pause Young (Allocation Failure)
[6778.273s][info][gc,heap        ] GC(2470) PSYoungGen: 2549049K(2588160K)->160880K(2592768K) Eden: 2390528K(2390528K)->0K(2402304K) From: 158521K(197632K)->160880K(190464K)
[6778.273s][info][gc,heap        ] GC(2470) ParOldGen: 1719831K(2223616K)->1816591K(2223616K)
[6778.273s][info][gc,metaspace   ] GC(2470) Metaspace: 29069K(29376K)->29069K(29376K) NonClass: 25971K(26112K)->25971K(26112K) Class: 3098K(3264K)->3098K(3264K)
[6778.273s][info][gc             ] GC(2470) Pause Young (Allocation Failure) 4168M->1931M(4703M) 93.158ms
[6778.273s][info][gc,cpu         ] GC(2470) User=0.54s Sys=0.00s Real=0.09s
..[6779.683s][info][gc,start       ] GC(2471) Pause Young (Allocation Failure)
[6779.770s][info][gc,heap        ] GC(2471) PSYoungGen: 2563184K(2592768K)->139744K(2596352K) Eden: 2402304K(2402304K)->0K(2402304K) From: 160880K(190464K)->139744K(194048K)
[6779.770s][info][gc,heap        ] GC(2471) ParOldGen: 1816591K(2223616K)->1924615K(2223616K)
[6779.770s][info][gc,metaspace   ] GC(2471) Metaspace: 29069K(29376K)->29069K(29376K) NonClass: 25971K(26112K)->25971K(26112K) Class: 3098K(3264K)->3098K(3264K)
[6779.770s][info][gc             ] GC(2471) Pause Young (Allocation Failure) 4277M->2015M(4707M) 87.562ms
[6779.771s][info][gc,cpu         ] GC(2471) User=0.51s Sys=0.00s Real=0.09s
.[6781.006s][info][gc,start       ] GC(2472) Pause Young (Allocation Failure)
[6781.108s][info][gc,heap        ] GC(2472) PSYoungGen: 2542048K(2596352K)->185632K(2590208K) Eden: 2402304K(2402304K)->0K(2394624K) From: 139744K(194048K)->185632K(195584K)
[6781.108s][info][gc,heap        ] GC(2472) ParOldGen: 1924615K(2223616K)->2020583K(2223616K)
[6781.108s][info][gc,metaspace   ] GC(2472) Metaspace: 29069K(29376K)->29069K(29376K) NonClass: 25971K(26112K)->25971K(26112K) Class: 3098K(3264K)->3098K(3264K)
[6781.108s][info][gc             ] GC(2472) Pause Young (Allocation Failure) 4361M->2154M(4701M) 102.973ms
[6781.109s][info][gc,cpu         ] GC(2472) User=0.61s Sys=0.00s Real=0.10s
.[6782.309s][info][gc,start       ] GC(2473) Pause Young (Allocation Failure)
[6782.408s][info][gc,heap        ] GC(2473) PSYoungGen: 2580256K(2590208K)->166692K(2595328K) Eden: 2394624K(2394624K)->0K(2394624K) From: 185632K(195584K)->166692K(200704K)
[6782.408s][info][gc,heap        ] GC(2473) ParOldGen: 2020583K(2223616K)->2130047K(2223616K)
[6782.408s][info][gc,metaspace   ] GC(2473) Metaspace: 29069K(29376K)->29069K(29376K) NonClass: 25971K(26112K)->25971K(26112K) Class: 3098K(3264K)->3098K(3264K)
[6782.408s][info][gc             ] GC(2473) Pause Young (Allocation Failure) 4493M->2242M(4706M) 99.158ms
[6782.408s][info][gc,cpu         ] GC(2473) User=0.59s Sys=0.00s Real=0.10s
.[6783.641s][info][gc,start       ] GC(2474) Pause Young (Allocation Failure)
[6783.742s][info][gc,heap        ] GC(2474) PSYoungGen: 2561316K(2595328K)->167872K(2589184K) Eden: 2394624K(2394624K)->0K(2397696K) From: 166692K(200704K)->167872K(191488K)
[6783.742s][info][gc,heap        ] GC(2474) ParOldGen: 2130047K(2223616K)->2238455K(2238464K)
[6783.742s][info][gc,metaspace   ] GC(2474) Metaspace: 29069K(29376K)->29069K(29376K) NonClass: 25971K(26112K)->25971K(26112K) Class: 3098K(3264K)->3098K(3264K)
[6783.742s][info][gc             ] GC(2474) Pause Young (Allocation Failure) 4581M->2349M(4714M) 100.943ms
[6783.742s][info][gc,cpu         ] GC(2474) User=0.59s Sys=0.00s Real=0.10s
.[6785.148s][info][gc,start       ] GC(2475) Pause Young (Allocation Failure)
[6785.243s][info][gc,heap        ] GC(2475) PSYoungGen: 2565568K(2589184K)->141792K(2593280K) Eden: 2397696K(2397696K)->0K(2397696K) From: 167872K(191488K)->141792K(195584K)
[6785.243s][info][gc,heap        ] GC(2475) ParOldGen: 2238455K(2238464K)->2348151K(2348544K)
[6785.243s][info][gc,metaspace   ] GC(2475) Metaspace: 29069K(29376K)->29069K(29376K) NonClass: 25971K(26112K)->25971K(26112K) Class: 3098K(3264K)->3098K(3264K)
[6785.243s][info][gc             ] GC(2475) Pause Young (Allocation Failure) 4691M->2431M(4826M) 95.029ms
[6785.243s][info][gc,cpu         ] GC(2475) User=0.52s Sys=0.04s Real=0.10s
.[6786.399s][info][gc,start       ] GC(2476) Pause Young (Allocation Failure)
[6786.508s][info][gc,heap        ] GC(2476) PSYoungGen: 2539488K(2593280K)->188443K(2587136K) Eden: 2397696K(2397696K)->0K(2390528K) From: 141792K(195584K)->188443K(196608K)
[6786.508s][info][gc,heap        ] GC(2476) ParOldGen: 2348151K(2348544K)->2443007K(2443264K)
[6786.508s][info][gc,metaspace   ] GC(2476) Metaspace: 29069K(29376K)->29069K(29376K) NonClass: 25971K(26112K)->25971K(26112K) Class: 3098K(3264K)->3098K(3264K)
[6786.508s][info][gc             ] GC(2476) Pause Young (Allocation Failure) 4773M->2569M(4912M) 109.450ms
[6786.508s][info][gc,cpu         ] GC(2476) User=0.62s Sys=0.03s Real=0.11s
.[6787.717s][info][gc,start       ] GC(2477) Pause Young (Allocation Failure)
[6787.821s][info][gc,heap        ] GC(2477) PSYoungGen: 2578971K(2587136K)->165952K(2593280K) Eden: 2390528K(2390528K)->0K(2390528K) From: 188443K(196608K)->165952K(202752K)
[6787.821s][info][gc,heap        ] GC(2477) ParOldGen: 2443007K(2443264K)->2553967K(2554368K)
[6787.821s][info][gc,metaspace   ] GC(2477) Metaspace: 29069K(29376K)->29069K(29376K) NonClass: 25971K(26112K)->25971K(26112K) Class: 3098K(3264K)->3098K(3264K)
[6787.821s][info][gc             ] GC(2477) Pause Young (Allocation Failure) 4904M->2656M(5027M) 103.923ms
[6787.821s][info][gc,cpu         ] GC(2477) User=0.59s Sys=0.03s Real=0.11s
.[6789.135s][info][gc,start       ] GC(2478) Pause Young (Allocation Failure)
[6789.237s][info][gc,heap        ] GC(2478) PSYoungGen: 2556480K(2593280K)->164854K(2584576K) Eden: 2390528K(2390528K)->0K(2394112K) From: 165952K(202752K)->164854K(190464K)
[6789.237s][info][gc,heap        ] GC(2478) ParOldGen: 2553967K(2554368K)->2659879K(2660352K)
[6789.237s][info][gc,metaspace   ] GC(2478) Metaspace: 29069K(29376K)->29069K(29376K) NonClass: 25971K(26112K)->25971K(26112K) Class: 3098K(3264K)->3098K(3264K)
[6789.237s][info][gc             ] GC(2478) Pause Young (Allocation Failure) 4990M->2758M(5122M) 101.673ms
[6789.237s][info][gc,cpu         ] GC(2478) User=0.56s Sys=0.04s Real=0.10s
.[6790.549s][info][gc,start       ] GC(2479) Pause Young (Allocation Failure)
[6790.654s][info][gc,heap        ] GC(2479) PSYoungGen: 2558966K(2584576K)->173728K(2590208K) Eden: 2394112K(2394112K)->0K(2394112K) From: 164854K(190464K)->173728K(196096K)
[6790.654s][info][gc,heap        ] GC(2479) ParOldGen: 2659879K(2660352K)->2762687K(2762752K)
[6790.654s][info][gc,metaspace   ] GC(2479) Metaspace: 29069K(29376K)->29069K(29376K) NonClass: 25971K(26112K)->25971K(26112K) Class: 3098K(3264K)->3098K(3264K)
[6790.654s][info][gc             ] GC(2479) Pause Young (Allocation Failure) 5096M->2867M(5227M) 104.579ms
[6790.654s][info][gc,cpu         ] GC(2479) User=0.58s Sys=0.03s Real=0.11s
.[6791.830s][info][gc,start       ] GC(2480) Pause Young (Allocation Failure)
[6791.983s][info][gc,heap        ] GC(2480) PSYoungGen: 2567840K(2590208K)->175360K(2599936K) Eden: 2394112K(2394112K)->0K(2403840K) From: 173728K(196096K)->175360K(196096K)
[6791.983s][info][gc,heap        ] GC(2480) ParOldGen: 2762687K(2762752K)->2865303K(2865664K)
[6791.983s][info][gc,metaspace   ] GC(2480) Metaspace: 29069K(29376K)->29069K(29376K) NonClass: 25971K(26112K)->25971K(26112K) Class: 3098K(3264K)->3098K(3264K)
[6791.983s][info][gc             ] GC(2480) Pause Young (Allocation Failure) 5205M->2969M(5337M) 153.117ms
[6791.983s][info][gc,cpu         ] GC(2480) User=0.60s Sys=0.03s Real=0.15s
..[6793.213s][info][gc,start       ] GC(2481) Pause Young (Allocation Failure)
[6793.317s][info][gc,heap        ] GC(2481) PSYoungGen: 2579200K(2599936K)->167173K(2571264K) Eden: 2403840K(2403840K)->0K(2403840K) From: 175360K(196096K)->167173K(167424K)
[6793.317s][info][gc,heap        ] GC(2481) ParOldGen: 2865303K(2865664K)->2972647K(2972672K)
[6793.317s][info][gc,metaspace   ] GC(2481) Metaspace: 29069K(29376K)->29069K(29376K) NonClass: 25971K(26112K)->25971K(26112K) Class: 3098K(3264K)->3098K(3264K)
[6793.317s][info][gc             ] GC(2481) Pause Young (Allocation Failure) 5316M->3066M(5414M) 103.745ms
[6793.317s][info][gc,cpu         ] GC(2481) User=0.59s Sys=0.01s Real=0.10s
.[6794.640s][info][gc,start       ] GC(2482) Pause Young (Allocation Failure)
[6794.746s][info][gc,heap        ] GC(2482) PSYoungGen: 2571013K(2571264K)->172629K(2597888K) Eden: 2403840K(2403840K)->0K(2404352K) From: 167173K(167424K)->172629K(193536K)
[6794.746s][info][gc,heap        ] GC(2482) ParOldGen: 2972647K(2972672K)->3082351K(3082752K)
[6794.746s][info][gc,metaspace   ] GC(2482) Metaspace: 29069K(29376K)->29069K(29376K) NonClass: 25971K(26112K)->25971K(26112K) Class: 3098K(3264K)->3098K(3264K)
[6794.746s][info][gc             ] GC(2482) Pause Young (Allocation Failure) 5413M->3178M(5547M) 106.409ms
[6794.746s][info][gc,cpu         ] GC(2482) User=0.59s Sys=0.04s Real=0.11s
 (rIR:aIR:PR = 11623:11551:11539) (tPR = 170892) [OK] 
  6794s: Performance info:
         Transaction,    Success,    Partial,     Failed,   Receipts, AvgBarcode, 
             Overall,     692004,          0,          0,     657642,      59.47, 
         Response times:
             Request,    Success,    Partial,     Failed,   SkipFail,     Probes,    Samples,      min,      p50,      p90,      p95,      p99,      max, 
       TotalPurchase,     659348,          0,          0,          0,     196270,     407232,      300,   133000,  1300000,  1600000,  1900000,  3100000,
     InStorePurchase,     347130,          0,          0,          0,     102699,     213499,      300,   133000,  1300000,  1600000,  1700000,  2700000,
      OnlinePurchase,     242570,          0,          0,          0,      72016,     150502,      300,   135000,  1300000,  1600000,  1900000,  2700000,
        InstPurchase,      69648,          0,          0,          0,      21555,      43231,      400,   128000,  1300000,  1500000,  1800000,  3100000,
          AssocOfCat,        686,          0,          0,          0,        350,        754,    34000,   228500,  1600000,  1800000,  2600000,  2600000,
      AssocOfProduct,       6969,          0,          0,          0,       2571,       5079,      300,   122000,   920000,  1100000,  1700000,  2200000,
      BusinessReport,       1717,          0,          0,          0,       1013,       1971,    34000,   210000,  1500000,  1700000,  2800000,  2800000,
          CustBuyBeh,       6833,          0,          0,          0,       2472,       5114,      300,   141000,  1400000,  1800000,  2200000,  2400000,
       ProductReturn,      18314,          0,          0,          0,       5920,      11286,      200,   135000,  1400000,  1600000,  1800000,  2400000,

  6794s: (85%)   IR =  11761 .[6796.160s][info][gc,start       ] GC(2483) Pause Young (Allocation Failure)
[6796.261s][info][gc,heap        ] GC(2483) PSYoungGen: 2576981K(2597888K)->161312K(2597376K) Eden: 2404352K(2404352K)->0K(2404352K) From: 172629K(193536K)->161312K(193024K)
[6796.261s][info][gc,heap        ] GC(2483) ParOldGen: 3082351K(3082752K)->3185671K(3186176K)
[6796.261s][info][gc,metaspace   ] GC(2483) Metaspace: 29069K(29376K)->29069K(29376K) NonClass: 25971K(26112K)->25971K(26112K) Class: 3098K(3264K)->3098K(3264K)
[6796.261s][info][gc             ] GC(2483) Pause Young (Allocation Failure) 5526M->3268M(5648M) 101.207ms
[6796.261s][info][gc,cpu         ] GC(2483) User=0.56s Sys=0.03s Real=0.11s
.[6797.491s][info][gc,start       ] GC(2484) Pause Young (Allocation Failure)
[6797.592s][info][gc,heap        ] GC(2484) PSYoungGen: 2565664K(2597376K)->170500K(2601984K) Eden: 2404352K(2404352K)->0K(2410496K) From: 161312K(193024K)->170500K(191488K)
[6797.592s][info][gc,heap        ] GC(2484) ParOldGen: 3185671K(3186176K)->3283487K(3283968K)
[6797.592s][info][gc,metaspace   ] GC(2484) Metaspace: 29069K(29376K)->29069K(29376K) NonClass: 25971K(26112K)->25971K(26112K) Class: 3098K(3264K)->3098K(3264K)
[6797.592s][info][gc             ] GC(2484) Pause Young (Allocation Failure) 5616M->3373M(5748M) 101.037ms
[6797.592s][info][gc,cpu         ] GC(2484) User=0.56s Sys=0.04s Real=0.10s
.[6798.906s][info][gc,start       ] GC(2485) Pause Young (Allocation Failure)
[6799.005s][info][gc,heap        ] GC(2485) PSYoungGen: 2580996K(2601984K)->153120K(2600960K) Eden: 2410496K(2410496K)->0K(2410496K) From: 170500K(191488K)->153120K(190464K)
[6799.006s][info][gc,heap        ] GC(2485) ParOldGen: 3283487K(3283968K)->3390599K(3390976K)
[6799.006s][info][gc,metaspace   ] GC(2485) Metaspace: 29069K(29376K)->29069K(29376K) NonClass: 25971K(26112K)->25971K(26112K) Class: 3098K(3264K)->3098K(3264K)
[6799.006s][info][gc             ] GC(2485) Pause Young (Allocation Failure) 5727M->3460M(5851M) 99.153ms
[6799.006s][info][gc,cpu         ] GC(2485) User=0.56s Sys=0.03s Real=0.10s
.[6800.359s][info][gc,start       ] GC(2486) Pause Young (Allocation Failure)
[6800.456s][info][gc,heap        ] GC(2486) PSYoungGen: 2563616K(2600960K)->149632K(2604032K) Eden: 2410496K(2410496K)->0K(2413568K) From: 153120K(190464K)->149632K(190464K)
[6800.456s][info][gc,heap        ] GC(2486) ParOldGen: 3390599K(3390976K)->3499295K(3499520K)
[6800.456s][info][gc,metaspace   ] GC(2486) Metaspace: 29069K(29376K)->29069K(29376K) NonClass: 25971K(26112K)->25971K(26112K) Class: 3098K(3264K)->3098K(3264K)
[6800.456s][info][gc             ] GC(2486) Pause Young (Allocation Failure) 5814M->3563M(5960M) 96.472ms
[6800.456s][info][gc,cpu         ] GC(2486) User=0.54s Sys=0.03s Real=0.10s
..[6801.709s][info][gc,start       ] GC(2487) Pause Young (Allocation Failure)
[6801.814s][info][gc,heap        ] GC(2487) PSYoungGen: 2563200K(2604032K)->173476K(2604544K) Eden: 2413568K(2413568K)->0K(2413568K) From: 149632K(190464K)->173476K(190976K)
[6801.814s][info][gc,heap        ] GC(2487) ParOldGen: 3499295K(3499520K)->3598271K(3598336K)
[6801.814s][info][gc,metaspace   ] GC(2487) Metaspace: 29069K(29376K)->29069K(29376K) NonClass: 25971K(26112K)->25971K(26112K) Class: 3098K(3264K)->3098K(3264K)
[6801.814s][info][gc             ] GC(2487) Pause Young (Allocation Failure) 5920M->3683M(6057M) 104.715ms
[6801.814s][info][gc,cpu         ] GC(2487) User=0.59s Sys=0.02s Real=0.11s
.[6803.166s][info][gc,start       ] GC(2488) Pause Young (Allocation Failure)
[6803.266s][info][gc,heap        ] GC(2488) PSYoungGen: 2587044K(2604544K)->157888K(2603520K) Eden: 2413568K(2413568K)->0K(2413568K) From: 173476K(190976K)->157888K(189952K)
[6803.266s][info][gc,heap        ] GC(2488) ParOldGen: 3598271K(3598336K)->3707471K(3707904K)
[6803.266s][info][gc,metaspace   ] GC(2488) Metaspace: 29069K(29376K)->29069K(29376K) NonClass: 25971K(26112K)->25971K(26112K) Class: 3098K(3264K)->3098K(3264K)
[6803.266s][info][gc             ] GC(2488) Pause Young (Allocation Failure) 6040M->3774M(6163M) 100.619ms
[6803.267s][info][gc,cpu         ] GC(2488) User=0.55s Sys=0.04s Real=0.10s
.[6804.588s][info][gc,start       ] GC(2489) Pause Young (Allocation Failure)
[6804.688s][info][gc,heap        ] GC(2489) PSYoungGen: 2571456K(2603520K)->160480K(2604032K) Eden: 2413568K(2413568K)->0K(2413568K) From: 157888K(189952K)->160480K(190464K)
[6804.688s][info][gc,heap        ] GC(2489) ParOldGen: 3707471K(3707904K)->3809583K(3809792K)
[6804.688s][info][gc,metaspace   ] GC(2489) Metaspace: 29069K(29376K)->29069K(29376K) NonClass: 25971K(26112K)->25971K(26112K) Class: 3098K(3264K)->3098K(3264K)
[6804.688s][info][gc             ] GC(2489) Pause Young (Allocation Failure) 6131M->3877M(6263M) 99.562ms
[6804.688s][info][gc,cpu         ] GC(2489) User=0.55s Sys=0.04s Real=0.10s
..[6806.025s][info][gc,start       ] GC(2490) Pause Young (Allocation Failure)
[6806.130s][info][gc,heap        ] GC(2490) PSYoungGen: 2574048K(2604032K)->169165K(2604544K) Eden: 2413568K(2413568K)->0K(2416128K) From: 160480K(190464K)->169165K(188416K)
[6806.130s][info][gc,heap        ] GC(2490) ParOldGen: 3809583K(3809792K)->3911943K(3912192K)
[6806.130s][info][gc,metaspace   ] GC(2490) Metaspace: 29069K(29376K)->29069K(29376K) NonClass: 25971K(26112K)->25971K(26112K) Class: 3098K(3264K)->3098K(3264K)
[6806.130s][info][gc             ] GC(2490) Pause Young (Allocation Failure) 6234M->3985M(6364M) 104.593ms
[6806.130s][info][gc,cpu         ] GC(2490) User=0.59s Sys=0.03s Real=0.10s
.[6807.466s][info][gc,start       ] GC(2491) Pause Young (Allocation Failure)
[6807.564s][info][gc,heap        ] GC(2491) PSYoungGen: 2585293K(2604544K)->154816K(2604032K) Eden: 2416128K(2416128K)->0K(2416128K) From: 169165K(188416K)->154816K(187904K)
[6807.564s][info][gc,heap        ] GC(2491) ParOldGen: 3911943K(3912192K)->4016807K(4017152K)
[6807.564s][info][gc,metaspace   ] GC(2491) Metaspace: 29069K(29376K)->29069K(29376K) NonClass: 25971K(26112K)->25971K(26112K) Class: 3098K(3264K)->3098K(3264K)
[6807.564s][info][gc             ] GC(2491) Pause Young (Allocation Failure) 6344M->4073M(6466M) 98.546ms
[6807.565s][info][gc,cpu         ] GC(2491) User=0.54s Sys=0.03s Real=0.10s
..[6808.929s][info][gc,start       ] GC(2492) Pause Young (Allocation Failure)
[6809.040s][info][gc,heap        ] GC(2492) PSYoungGen: 2570944K(2604032K)->181844K(2600448K) Eden: 2416128K(2416128K)->0K(2413056K) From: 154816K(187904K)->181844K(187392K)
[6809.040s][info][gc,heap        ] GC(2492) ParOldGen: 4016807K(4017152K)->4119535K(4119552K)
[6809.040s][info][gc,metaspace   ] GC(2492) Metaspace: 29069K(29376K)->29069K(29376K) NonClass: 25971K(26112K)->25971K(26112K) Class: 3098K(3264K)->3098K(3264K)
[6809.040s][info][gc             ] GC(2492) Pause Young (Allocation Failure) 6433M->4200M(6562M) 110.545ms
[6809.040s][info][gc,cpu         ] GC(2492) User=0.61s Sys=0.04s Real=0.12s
.[6810.386s][info][gc,start       ] GC(2493) Pause Young (Allocation Failure)
[6810.486s][info][gc,heap        ] GC(2493) PSYoungGen: 2594900K(2600448K)->155412K(2604544K) Eden: 2413056K(2413056K)->0K(2413056K) From: 181844K(187392K)->155412K(191488K)
[6810.486s][info][gc,heap        ] GC(2493) ParOldGen: 4119535K(4119552K)->4226703K(4227072K)
[6810.486s][info][gc,metaspace   ] GC(2493) Metaspace: 29069K(29376K)->29069K(29376K) NonClass: 25971K(26112K)->25971K(26112K) Class: 3098K(3264K)->3098K(3264K)
[6810.486s][info][gc             ] GC(2493) Pause Young (Allocation Failure) 6557M->4279M(6671M) 100.271ms
[6810.486s][info][gc,cpu         ] GC(2493) User=0.56s Sys=0.03s Real=0.10s
.[6811.759s][info][gc,start       ] GC(2494) Pause Young (Allocation Failure)
[6811.914s][info][gc,heap        ] GC(2494) PSYoungGen: 2568468K(2604544K)->179680K(2599936K) Eden: 2413056K(2413056K)->0K(2408960K) From: 155412K(191488K)->179680K(190976K)
[6811.914s][info][gc,heap        ] GC(2494) ParOldGen: 4226703K(4227072K)->4328247K(4328448K)
[6811.914s][info][gc,metaspace   ] GC(2494) Metaspace: 29069K(29376K)->29069K(29376K) NonClass: 25971K(26112K)->25971K(26112K) Class: 3098K(3264K)->3098K(3264K)
[6811.914s][info][gc             ] GC(2494) Pause Young (Allocation Failure) 6635M->4402M(6766M) 155.625ms
[6811.914s][info][gc,cpu         ] GC(2494) User=0.61s Sys=0.03s Real=0.16s
.[6813.271s][info][gc,start       ] GC(2495) Pause Young (Allocation Failure)
[6813.371s][info][gc,heap        ] GC(2495) PSYoungGen: 2588640K(2599936K)->146720K(2555904K) Eden: 2408960K(2408960K)->0K(2408960K) From: 179680K(190976K)->146720K(146944K)
[6813.371s][info][gc,heap        ] GC(2495) ParOldGen: 4328247K(4328448K)->4436687K(4436992K)
[6813.371s][info][gc,metaspace   ] GC(2495) Metaspace: 29069K(29376K)->29069K(29376K) NonClass: 25971K(26112K)->25971K(26112K) Class: 3098K(3264K)->3098K(3264K)
[6813.371s][info][gc             ] GC(2495) Pause Young (Allocation Failure) 6754M->4475M(6829M) 100.694ms
[6813.371s][info][gc,cpu         ] GC(2495) User=0.54s Sys=0.04s Real=0.10s
..[6814.638s][info][gc,start       ] GC(2496) Pause Young (Allocation Failure)
[6814.742s][info][gc,heap        ] GC(2496) PSYoungGen: 2555680K(2555904K)->167348K(2603520K) Eden: 2408960K(2408960K)->0K(2409472K) From: 146720K(146944K)->167348K(194048K)
[6814.742s][info][gc,heap        ] GC(2496) ParOldGen: 4436687K(4436992K)->4535791K(4535808K)
[6814.742s][info][gc,metaspace   ] GC(2496) Metaspace: 29069K(29376K)->29069K(29376K) NonClass: 25971K(26112K)->25971K(26112K) Class: 3098K(3264K)->3098K(3264K)
[6814.742s][info][gc             ] GC(2496) Pause Young (Allocation Failure) 6828M->4592M(6972M) 103.748ms
[6814.742s][info][gc,cpu         ] GC(2496) User=0.58s Sys=0.03s Real=0.11s
.[6816.129s][info][gc,start       ] GC(2497) Pause Young (Allocation Failure)
[6816.235s][info][gc,heap        ] GC(2497) PSYoungGen: 2576820K(2603520K)->164426K(2574336K) Eden: 2409472K(2409472K)->0K(2409472K) From: 167348K(194048K)->164426K(164864K)
[6816.236s][info][gc,heap        ] GC(2497) ParOldGen: 4535791K(4535808K)->4643447K(4643840K)
[6816.236s][info][gc,metaspace   ] GC(2497) Metaspace: 29069K(29376K)->29069K(29376K) NonClass: 25971K(26112K)->25971K(26112K) Class: 3098K(3264K)->3098K(3264K)
[6816.236s][info][gc             ] GC(2497) Pause Young (Allocation Failure) 6945M->4695M(7049M) 106.923ms
[6816.236s][info][gc,cpu         ] GC(2497) User=0.59s Sys=0.03s Real=0.11s
.[6817.508s][info][gc,start       ] GC(2498) Pause Young (Allocation Failure)
[6817.612s][info][gc,heap        ] GC(2498) PSYoungGen: 2573898K(2574336K)->167252K(2600960K) Eden: 2409472K(2409472K)->0K(2411008K) From: 164426K(164864K)->167252K(189952K)
[6817.612s][info][gc,heap        ] GC(2498) ParOldGen: 4643447K(4643840K)->4744311K(4744704K)
[6817.612s][info][gc,metaspace   ] GC(2498) Metaspace: 29069K(29376K)->29069K(29376K) NonClass: 25971K(26112K)->25971K(26112K) Class: 3098K(3264K)->3098K(3264K)
[6817.612s][info][gc             ] GC(2498) Pause Young (Allocation Failure) 7048M->4796M(7173M) 104.403ms
[6817.612s][info][gc,cpu         ] GC(2498) User=0.59s Sys=0.03s Real=0.11s
..[6818.988s][info][gc,start       ] GC(2499) Pause Young (Allocation Failure)
[6819.091s][info][gc,heap        ] GC(2499) PSYoungGen: 2578260K(2600960K)->161317K(2599424K) Eden: 2411008K(2411008K)->0K(2411008K) From: 167252K(189952K)->161317K(188416K)
[6819.091s][info][gc,heap        ] GC(2499) ParOldGen: 4744311K(4744704K)->4851327K(4851712K)
[6819.091s][info][gc,metaspace   ] GC(2499) Metaspace: 29069K(29376K)->29069K(29376K) NonClass: 25971K(26112K)->25971K(26112K) Class: 3098K(3264K)->3098K(3264K)
[6819.091s][info][gc             ] GC(2499) Pause Young (Allocation Failure) 7150M->4895M(7276M) 103.344ms
[6819.091s][info][gc,cpu         ] GC(2499) User=0.58s Sys=0.03s Real=0.11s
.[6820.379s][info][gc,start       ] GC(2500) Pause Young (Allocation Failure)
[6820.484s][info][gc,heap        ] GC(2500) PSYoungGen: 2572325K(2599424K)->167762K(2605056K) Eden: 2411008K(2411008K)->0K(2418688K) From: 161317K(188416K)->167762K(186368K)
[6820.484s][info][gc,heap        ] GC(2500) ParOldGen: 4851327K(4851712K)->4954687K(4955136K)
[6820.484s][info][gc,metaspace   ] GC(2500) Metaspace: 29069K(29376K)->29069K(29376K) NonClass: 25971K(26112K)->25971K(26112K) Class: 3098K(3264K)->3098K(3264K)
[6820.484s][info][gc             ] GC(2500) Pause Young (Allocation Failure) 7249M->5002M(7383M) 104.880ms
[6820.484s][info][gc,cpu         ] GC(2500) User=0.59s Sys=0.02s Real=0.11s
.[6821.779s][info][gc,start       ] GC(2501) Pause Young (Allocation Failure)
[6821.935s][info][gc,heap        ] GC(2501) PSYoungGen: 2586450K(2605056K)->179616K(2604032K) Eden: 2418688K(2418688K)->0K(2418688K) From: 167762K(186368K)->179616K(185344K)
[6821.935s][info][gc,heap        ] GC(2501) ParOldGen: 4954687K(4955136K)->5059679K(5060096K)
[6821.935s][info][gc,metaspace   ] GC(2501) Metaspace: 29069K(29376K)->29069K(29376K) NonClass: 25971K(26112K)->25971K(26112K) Class: 3098K(3264K)->3098K(3264K)
[6821.935s][info][gc             ] GC(2501) Pause Young (Allocation Failure) 7364M->5116M(7484M) 156.131ms
[6821.935s][info][gc,cpu         ] GC(2501) User=0.61s Sys=0.04s Real=0.16s
..[6823.254s][info][gc,start       ] GC(2502) Pause Young (Allocation Failure)
[6823.355s][info][gc,heap        ] GC(2502) PSYoungGen: 2598304K(2604032K)->157760K(2607616K) Eden: 2418688K(2418688K)->0K(2418688K) From: 179616K(185344K)->157760K(188928K)
[6823.355s][info][gc,heap        ] GC(2502) ParOldGen: 5059679K(5060096K)->5164663K(5165056K)
[6823.355s][info][gc,metaspace   ] GC(2502) Metaspace: 29069K(29376K)->29069K(29376K) NonClass: 25971K(26112K)->25971K(26112K) Class: 3098K(3264K)->3098K(3264K)
[6823.355s][info][gc             ] GC(2502) Pause Young (Allocation Failure) 7478M->5197M(7590M) 100.726ms
[6823.355s][info][gc,cpu         ] GC(2502) User=0.55s Sys=0.04s Real=0.10s
.[6824.691s][info][gc,start       ] GC(2503) Pause Young (Allocation Failure)
[6824.799s][info][gc,heap        ] GC(2503) PSYoungGen: 2576448K(2607616K)->172000K(2607104K) Eden: 2418688K(2418688K)->0K(2418688K) From: 157760K(188928K)->172000K(188416K)
[6824.799s][info][gc,heap        ] GC(2503) ParOldGen: 5164663K(5165056K)->5269439K(5269504K)
[6824.799s][info][gc,metaspace   ] GC(2503) Metaspace: 29069K(29376K)->29069K(29376K) NonClass: 25971K(26112K)->25971K(26112K) Class: 3098K(3264K)->3098K(3264K)
[6824.799s][info][gc             ] GC(2503) Pause Young (Allocation Failure) 7559M->5313M(7692M) 107.689ms
[6824.799s][info][gc,cpu         ] GC(2503) User=0.60s Sys=0.03s Real=0.10s
.|[6826.184s][info][gc,start       ] GC(2504) Pause Young (Allocation Failure)
[6826.281s][info][gc,heap        ] GC(2504) PSYoungGen: 2590688K(2607104K)->148512K(2606592K) Eden: 2418688K(2418688K)->0K(2418176K) From: 172000K(188416K)->148512K(188416K)
[6826.281s][info][gc,heap        ] GC(2504) ParOldGen: 5269439K(5269504K)->5373215K(5373440K)
[6826.281s][info][gc,metaspace   ] GC(2504) Metaspace: 29069K(29376K)->29069K(29376K) NonClass: 25971K(26112K)->25971K(26112K) Class: 3098K(3264K)->3098K(3264K)
[6826.281s][info][gc             ] GC(2504) Pause Young (Allocation Failure) 7675M->5392M(7793M) 97.088ms
[6826.281s][info][gc,cpu         ] GC(2504) User=0.55s Sys=0.02s Real=0.10s
..[6827.523s][info][gc,start       ] GC(2505) Pause Young (Allocation Failure)
[6827.629s][info][gc,heap        ] GC(2505) PSYoungGen: 2566688K(2606592K)->176356K(2594816K) Eden: 2418176K(2418176K)->0K(2418176K) From: 148512K(188416K)->176356K(176640K)
[6827.629s][info][gc,heap        ] GC(2505) ParOldGen: 5373215K(5373440K)->5473807K(5474304K)
[6827.629s][info][gc,metaspace   ] GC(2505) Metaspace: 29069K(29376K)->29069K(29376K) NonClass: 25971K(26112K)->25971K(26112K) Class: 3098K(3264K)->3098K(3264K)
[6827.629s][info][gc             ] GC(2505) Pause Young (Allocation Failure) 7753M->5517M(7880M) 106.699ms
[6827.629s][info][gc,cpu         ] GC(2505) User=0.60s Sys=0.02s Real=0.10s
.[6829.009s][info][gc,start       ] GC(2506) Pause Young (Allocation Failure)
[6829.110s][info][gc,heap        ] GC(2506) PSYoungGen: 2594532K(2594816K)->152341K(2605056K) Eden: 2418176K(2418176K)->0K(2414080K) From: 176356K(176640K)->152341K(190976K)
[6829.110s][info][gc,heap        ] GC(2506) ParOldGen: 5473807K(5474304K)->5584839K(5584896K)
[6829.110s][info][gc,metaspace   ] GC(2506) Metaspace: 29069K(29376K)->29069K(29376K) NonClass: 25971K(26112K)->25971K(26112K) Class: 3098K(3264K)->3098K(3264K)
[6829.110s][info][gc             ] GC(2506) Pause Young (Allocation Failure) 7879M->5602M(7998M) 101.203ms
[6829.110s][info][gc,cpu         ] GC(2506) User=0.56s Sys=0.03s Real=0.11s
.[6830.428s][info][gc,start       ] GC(2507) Pause Full (Allocation Failure)
[6830.428s][info][gc,phases,start] GC(2507) Marking Phase
[6830.748s][info][gc,phases      ] GC(2507) Marking Phase 320.178ms
[6830.748s][info][gc,phases,start] GC(2507) Summary Phase
[6830.748s][info][gc,phases      ] GC(2507) Summary Phase 0.120ms
[6830.748s][info][gc,phases,start] GC(2507) Forward
[6830.926s][info][gc,phases      ] GC(2507) Forward 177.490ms
[6830.926s][info][gc,phases,start] GC(2507) Adjust Pointers
[6831.141s][info][gc,phases      ] GC(2507) Adjust Pointers 215.573ms
[6831.141s][info][gc,phases,start] GC(2507) Compaction Phase
[6831.292s][info][gc,phases      ] GC(2507) Compaction Phase 150.876ms
[6831.293s][info][gc,phases,start] GC(2507) Post Compact
[6831.300s][info][gc,phases      ] GC(2507) Post Compact 7.053ms
[6831.428s][info][gc,heap        ] GC(2507) PSYoungGen: 2566421K(2605056K)->0K(2605056K) Eden: 2414080K(2414080K)->0K(2414080K) From: 152341K(190976K)->0K(190976K)
[6831.428s][info][gc,heap        ] GC(2507) ParOldGen: 5584839K(5584896K)->1635719K(2255872K)
[6831.428s][info][gc,metaspace   ] GC(2507) Metaspace: 29069K(29376K)->29069K(29376K) NonClass: 25971K(26112K)->25971K(26112K) Class: 3098K(3264K)->3098K(3264K)
[6831.428s][info][gc             ] GC(2507) Pause Full (Allocation Failure) 7960M->1597M(4747M) 999.976ms
[6831.428s][info][gc,cpu         ] GC(2507) User=4.45s Sys=0.13s Real=1.00s
..[6832.686s][info][gc,start       ] GC(2508) Pause Young (Allocation Failure)
[6832.752s][info][gc,heap        ] GC(2508) PSYoungGen: 2414080K(2605056K)->158976K(2600960K) Eden: 2414080K(2414080K)->0K(2414080K) From: 0K(190976K)->158976K(186880K)
[6832.752s][info][gc,heap        ] GC(2508) ParOldGen: 1635719K(2255872K)->1635719K(2255872K)
[6832.752s][info][gc,metaspace   ] GC(2508) Metaspace: 29069K(29376K)->29069K(29376K) NonClass: 25971K(26112K)->25971K(26112K) Class: 3098K(3264K)->3098K(3264K)
[6832.752s][info][gc             ] GC(2508) Pause Young (Allocation Failure) 3954M->1752M(4743M) 65.182ms
[6832.752s][info][gc,cpu         ] GC(2508) User=0.38s Sys=0.00s Real=0.07s
.[6834.082s][info][gc,start       ] GC(2509) Pause Young (Allocation Failure)
[6834.185s][info][gc,heap        ] GC(2509) PSYoungGen: 2573056K(2600960K)->174560K(2603008K) Eden: 2414080K(2414080K)->0K(2414080K) From: 158976K(186880K)->174560K(188928K)
[6834.185s][info][gc,heap        ] GC(2509) ParOldGen: 1635719K(2255872K)->1744863K(2255872K)
[6834.185s][info][gc,metaspace   ] GC(2509) Metaspace: 29069K(29376K)->29069K(29376K) NonClass: 25971K(26112K)->25971K(26112K) Class: 3098K(3264K)->3098K(3264K)
[6834.185s][info][gc             ] GC(2509) Pause Young (Allocation Failure) 4110M->1874M(4745M) 102.792ms
[6834.185s][info][gc,cpu         ] GC(2509) User=0.61s Sys=0.00s Real=0.10s
.[6835.369s][info][gc,start       ] GC(2510) Pause Young (Allocation Failure)
[6835.463s][info][gc,heap        ] GC(2510) PSYoungGen: 2588640K(2603008K)->162528K(2604544K) Eden: 2414080K(2414080K)->0K(2416640K) From: 174560K(188928K)->162528K(187904K)
[6835.463s][info][gc,heap        ] GC(2510) ParOldGen: 1744863K(2255872K)->1843991K(2255872K)
[6835.463s][info][gc,metaspace   ] GC(2510) Metaspace: 29069K(29376K)->29069K(29376K) NonClass: 25971K(26112K)->25971K(26112K) Class: 3098K(3264K)->3098K(3264K)
[6835.463s][info][gc             ] GC(2510) Pause Young (Allocation Failure) 4231M->1959M(4746M) 93.409ms
[6835.463s][info][gc,cpu         ] GC(2510) User=0.55s Sys=0.00s Real=0.10s
.[6836.807s][info][gc,start       ] GC(2511) Pause Young (Allocation Failure)
[6836.954s][info][gc,heap        ] GC(2511) PSYoungGen: 2579168K(2604544K)->162752K(2605056K) Eden: 2416640K(2416640K)->0K(2416640K) From: 162528K(187904K)->162752K(188416K)
[6836.954s][info][gc,heap        ] GC(2511) ParOldGen: 1843991K(2255872K)->1960423K(2255872K)
[6836.954s][info][gc,metaspace   ] GC(2511) Metaspace: 29069K(29376K)->29069K(29376K) NonClass: 25971K(26112K)->25971K(26112K) Class: 3098K(3264K)->3098K(3264K)
[6836.954s][info][gc             ] GC(2511) Pause Young (Allocation Failure) 4319M->2073M(4747M) 147.325ms
[6836.954s][info][gc,cpu         ] GC(2511) User=0.59s Sys=0.00s Real=0.15s
.[6838.280s][info][gc,start       ] GC(2512) Pause Young (Allocation Failure)
[6838.378s][info][gc,heap        ] GC(2512) PSYoungGen: 2579392K(2605056K)->166959K(2606592K) Eden: 2416640K(2416640K)->0K(2420736K) From: 162752K(188416K)->166959K(185856K)
[6838.378s][info][gc,heap        ] GC(2512) ParOldGen: 1960423K(2255872K)->2061639K(2255872K)
[6838.378s][info][gc,metaspace   ] GC(2512) Metaspace: 29069K(29376K)->29069K(29376K) NonClass: 25971K(26112K)->25971K(26112K) Class: 3098K(3264K)->3098K(3264K)
[6838.378s][info][gc             ] GC(2512) Pause Young (Allocation Failure) 4433M->2176M(4748M) 98.050ms
[6838.378s][info][gc,cpu         ] GC(2512) User=0.58s Sys=0.00s Real=0.09s
.[6839.628s][info][gc,start       ] GC(2513) Pause Young (Allocation Failure)
[6839.723s][info][gc,heap        ] GC(2513) PSYoungGen: 2587695K(2606592K)->166592K(2606080K) Eden: 2420736K(2420736K)->0K(2420736K) From: 166959K(185856K)->166592K(185344K)
[6839.723s][info][gc,heap        ] GC(2513) ParOldGen: 2061639K(2255872K)->2157135K(2255872K)
[6839.723s][info][gc,metaspace   ] GC(2513) Metaspace: 29069K(29376K)->29069K(29376K) NonClass: 25971K(26112K)->25971K(26112K) Class: 3098K(3264K)->3098K(3264K)
[6839.723s][info][gc             ] GC(2513) Pause Young (Allocation Failure) 4540M->2269M(4748M) 95.220ms
[6839.723s][info][gc,cpu         ] GC(2513) User=0.56s Sys=0.00s Real=0.10s
.[6841.049s][info][gc,start       ] GC(2514) Pause Young (Allocation Failure)
[6841.146s][info][gc,heap        ] GC(2514) PSYoungGen: 2587328K(2606080K)->153408K(2608640K) Eden: 2420736K(2420736K)->0K(2424832K) From: 166592K(185344K)->153408K(183808K)
[6841.146s][info][gc,heap        ] GC(2514) ParOldGen: 2157135K(2255872K)->2266631K(2267136K)
[6841.146s][info][gc,metaspace   ] GC(2514) Metaspace: 29069K(29376K)->29069K(29376K) NonClass: 25971K(26112K)->25971K(26112K) Class: 3098K(3264K)->3098K(3264K)
[6841.146s][info][gc             ] GC(2514) Pause Young (Allocation Failure) 4633M->2363M(4761M) 96.369ms
[6841.146s][info][gc,cpu         ] GC(2514) User=0.57s Sys=0.01s Real=0.10s
.[6842.411s][info][gc,start       ] GC(2515) Pause Young (Allocation Failure)
[6842.516s][info][gc,heap        ] GC(2515) PSYoungGen: 2578240K(2608640K)->171840K(2608640K) Eden: 2424832K(2424832K)->0K(2424832K) From: 153408K(183808K)->171840K(183808K)
[6842.516s][info][gc,heap        ] GC(2515) ParOldGen: 2266631K(2267136K)->2367999K(2368000K)
[6842.516s][info][gc,metaspace   ] GC(2515) Metaspace: 29069K(29376K)->29069K(29376K) NonClass: 25971K(26112K)->25971K(26112K) Class: 3098K(3264K)->3098K(3264K)
[6842.516s][info][gc             ] GC(2515) Pause Young (Allocation Failure) 4731M->2480M(4860M) 104.825ms
[6842.516s][info][gc,cpu         ] GC(2515) User=0.58s Sys=0.03s Real=0.10s
..[6843.809s][info][gc,start       ] GC(2516) Pause Young (Allocation Failure)
[6843.966s][info][gc,heap        ] GC(2516) PSYoungGen: 2596672K(2608640K)->178784K(2604032K) Eden: 2424832K(2424832K)->0K(2419200K) From: 171840K(183808K)->178784K(184832K)
[6843.966s][info][gc,heap        ] GC(2516) ParOldGen: 2367999K(2368000K)->2476575K(2477056K)
[6843.966s][info][gc,metaspace   ] GC(2516) Metaspace: 29069K(29376K)->29069K(29376K) NonClass: 25971K(26112K)->25971K(26112K) Class: 3098K(3264K)->3098K(3264K)
[6843.966s][info][gc             ] GC(2516) Pause Young (Allocation Failure) 4848M->2593M(4962M) 157.031ms
[6843.966s][info][gc,cpu         ] GC(2516) User=0.60s Sys=0.05s Real=0.16s
.[6845.303s][info][gc,start       ] GC(2517) Pause Young (Allocation Failure)
[6845.403s][info][gc,heap        ] GC(2517) PSYoungGen: 2597984K(2604032K)->154933K(2607616K) Eden: 2419200K(2419200K)->0K(2419200K) From: 178784K(184832K)->154933K(188416K)
[6845.403s][info][gc,heap        ] GC(2517) ParOldGen: 2476575K(2477056K)->2580695K(2580992K)
[6845.403s][info][gc,metaspace   ] GC(2517) Metaspace: 29069K(29376K)->29069K(29376K) NonClass: 25971K(26112K)->25971K(26112K) Class: 3098K(3264K)->3098K(3264K)
[6845.403s][info][gc             ] GC(2517) Pause Young (Allocation Failure) 4955M->2671M(5067M) 99.923ms
[6845.403s][info][gc,cpu         ] GC(2517) User=0.56s Sys=0.03s Real=0.10s
.[6846.684s][info][gc,start       ] GC(2518) Pause Young (Allocation Failure)
[6846.786s][info][gc,heap        ] GC(2518) PSYoungGen: 2574133K(2607616K)->162720K(2603008K) Eden: 2419200K(2419200K)->0K(2419712K) From: 154933K(188416K)->162720K(183296K)
[6846.786s][info][gc,heap        ] GC(2518) ParOldGen: 2580695K(2580992K)->2681647K(2681856K)
[6846.786s][info][gc,metaspace   ] GC(2518) Metaspace: 29069K(29376K)->29069K(29376K) NonClass: 25971K(26112K)->25971K(26112K) Class: 3098K(3264K)->3098K(3264K)
[6846.786s][info][gc             ] GC(2518) Pause Young (Allocation Failure) 5034M->2777M(5161M) 101.767ms
[6846.786s][info][gc,cpu         ] GC(2518) User=0.58s Sys=0.02s Real=0.10s
..[6848.120s][info][gc,start       ] GC(2519) Pause Young (Allocation Failure)
[6848.223s][info][gc,heap        ] GC(2519) PSYoungGen: 2582432K(2603008K)->168869K(2605568K) Eden: 2419712K(2419712K)->0K(2419712K) From: 162720K(183296K)->168869K(185856K)
[6848.223s][info][gc,heap        ] GC(2519) ParOldGen: 2681647K(2681856K)->2786695K(2786816K)
[6848.223s][info][gc,metaspace   ] GC(2519) Metaspace: 29069K(29376K)->29069K(29376K) NonClass: 25971K(26112K)->25971K(26112K) Class: 3098K(3264K)->3098K(3264K)
[6848.223s][info][gc             ] GC(2519) Pause Young (Allocation Failure) 5140M->2886M(5266M) 103.289ms
[6848.223s][info][gc,cpu         ] GC(2519) User=0.57s Sys=0.03s Real=0.11s
.[6849.542s][info][gc,start       ] GC(2520) Pause Young (Allocation Failure)
[6849.648s][info][gc,heap        ] GC(2520) PSYoungGen: 2588581K(2605568K)->173973K(2607616K) Eden: 2419712K(2419712K)->0K(2422272K) From: 168869K(185856K)->173973K(185344K)
[6849.648s][info][gc,heap        ] GC(2520) ParOldGen: 2786695K(2786816K)->2891479K(2891776K)
[6849.648s][info][gc,metaspace   ] GC(2520) Metaspace: 29069K(29376K)->29069K(29376K) NonClass: 25971K(26112K)->25971K(26112K) Class: 3098K(3264K)->3098K(3264K)
[6849.648s][info][gc             ] GC(2520) Pause Young (Allocation Failure) 5249M->2993M(5370M) 106.180ms
[6849.648s][info][gc,cpu         ] GC(2520) User=0.59s Sys=0.04s Real=0.10s
.[6851.013s][info][gc,start       ] GC(2521) Pause Young (Allocation Failure)
[6851.111s][info][gc,heap        ] GC(2521) PSYoungGen: 2596245K(2607616K)->156080K(2609152K) Eden: 2422272K(2422272K)->0K(2422272K) From: 173973K(185344K)->156080K(186880K)
[6851.111s][info][gc,heap        ] GC(2521) ParOldGen: 2891479K(2891776K)->2993791K(2994176K)
[6851.111s][info][gc,metaspace   ] GC(2521) Metaspace: 29069K(29376K)->29069K(29376K) NonClass: 25971K(26112K)->25971K(26112K) Class: 3098K(3264K)->3098K(3264K)
[6851.111s][info][gc             ] GC(2521) Pause Young (Allocation Failure) 5359M->3076M(5472M) 98.552ms
[6851.111s][info][gc,cpu         ] GC(2521) User=0.54s Sys=0.03s Real=0.10s
.[6852.420s][info][gc,start       ] GC(2522) Pause Young (Allocation Failure)
[6852.522s][info][gc,heap        ] GC(2522) PSYoungGen: 2578352K(2609152K)->163461K(2604544K) Eden: 2422272K(2422272K)->0K(2422784K) From: 156080K(186880K)->163461K(181760K)
[6852.522s][info][gc,heap        ] GC(2522) ParOldGen: 2993791K(2994176K)->3096839K(3097088K)
[6852.522s][info][gc,metaspace   ] GC(2522) Metaspace: 29069K(29376K)->29069K(29376K) NonClass: 25971K(26112K)->25971K(26112K) Class: 3098K(3264K)->3098K(3264K)
[6852.522s][info][gc             ] GC(2522) Pause Young (Allocation Failure) 5441M->3183M(5568M) 101.420ms
[6852.522s][info][gc,cpu         ] GC(2522) User=0.56s Sys=0.04s Real=0.10s
..[6853.826s][info][gc,start       ] GC(2523) Pause Young (Allocation Failure)
[6853.977s][info][gc,heap        ] GC(2523) PSYoungGen: 2586245K(2604544K)->172000K(2607104K) Eden: 2422784K(2422784K)->0K(2422784K) From: 163461K(181760K)->172000K(184320K)
[6853.977s][info][gc,heap        ] GC(2523) ParOldGen: 3096839K(3097088K)->3200775K(3201024K)
[6853.977s][info][gc,metaspace   ] GC(2523) Metaspace: 29069K(29376K)->29069K(29376K) NonClass: 25971K(26112K)->25971K(26112K) Class: 3098K(3264K)->3098K(3264K)
[6853.977s][info][gc             ] GC(2523) Pause Young (Allocation Failure) 5549M->3293M(5672M) 150.843ms
[6853.977s][info][gc,cpu         ] GC(2523) User=0.58s Sys=0.04s Real=0.15s
.[6855.289s][info][gc,start       ] GC(2524) Pause Young (Allocation Failure)
[6855.392s][info][gc,heap        ] GC(2524) PSYoungGen: 2594784K(2607104K)->157909K(2610688K) Eden: 2422784K(2422784K)->0K(2426368K) From: 172000K(184320K)->157909K(184320K)
[6855.392s][info][gc,heap        ] GC(2524) ParOldGen: 3200775K(3201024K)->3306767K(3307008K)
[6855.392s][info][gc,metaspace   ] GC(2524) Metaspace: 29069K(29376K)->29069K(29376K) NonClass: 25971K(26112K)->25971K(26112K) Class: 3098K(3264K)->3098K(3264K)
[6855.392s][info][gc             ] GC(2524) Pause Young (Allocation Failure) 5659M->3383M(5779M) 102.202ms
[6855.392s][info][gc,cpu         ] GC(2524) User=0.56s Sys=0.03s Real=0.11s
..[6856.689s][info][gc,start       ] GC(2525) Pause Young (Allocation Failure)
[6856.793s][info][gc,heap        ] GC(2525) PSYoungGen: 2584277K(2610688K)->170388K(2610688K) Eden: 2426368K(2426368K)->0K(2426368K) From: 157909K(184320K)->170388K(184320K)
[6856.793s][info][gc,heap        ] GC(2525) ParOldGen: 3306767K(3307008K)->3409143K(3409408K)
[6856.793s][info][gc,metaspace   ] GC(2525) Metaspace: 29069K(29376K)->29069K(29376K) NonClass: 25971K(26112K)->25971K(26112K) Class: 3098K(3264K)->3098K(3264K)
[6856.793s][info][gc             ] GC(2525) Pause Young (Allocation Failure) 5752M->3495M(5879M) 104.300ms
[6856.793s][info][gc,cpu         ] GC(2525) User=0.58s Sys=0.03s Real=0.11s
.[6858.171s][info][gc,start       ] GC(2526) Pause Young (Allocation Failure)
[6858.276s][info][gc,heap        ] GC(2526) PSYoungGen: 2596756K(2610688K)->162536K(2609152K) Eden: 2426368K(2426368K)->0K(2426880K) From: 170388K(184320K)->162536K(182272K)
[6858.276s][info][gc,heap        ] GC(2526) ParOldGen: 3409143K(3409408K)->3517031K(3517440K)
[6858.276s][info][gc,metaspace   ] GC(2526) Metaspace: 29069K(29376K)->29069K(29376K) NonClass: 25971K(26112K)->25971K(26112K) Class: 3098K(3264K)->3098K(3264K)
[6858.276s][info][gc             ] GC(2526) Pause Young (Allocation Failure) 5865M->3593M(5983M) 104.609ms
[6858.276s][info][gc,cpu         ] GC(2526) User=0.57s Sys=0.04s Real=0.10s
.[6859.572s][info][gc,start       ] GC(2527) Pause Young (Allocation Failure)
[6859.673s][info][gc,heap        ] GC(2527) PSYoungGen: 2589416K(2609152K)->164864K(2610176K) Eden: 2426880K(2426880K)->0K(2426880K) From: 162536K(182272K)->164864K(183296K)
[6859.673s][info][gc,heap        ] GC(2527) ParOldGen: 3517031K(3517440K)->3619191K(3619328K)
[6859.673s][info][gc,metaspace   ] GC(2527) Metaspace: 29069K(29376K)->29069K(29376K) NonClass: 25971K(26112K)->25971K(26112K) Class: 3098K(3264K)->3098K(3264K)
[6859.673s][info][gc             ] GC(2527) Pause Young (Allocation Failure) 5963M->3695M(6083M) 100.978ms
[6859.673s][info][gc,cpu         ] GC(2527) User=0.55s Sys=0.04s Real=0.10s
..[6861.046s][info][gc,start       ] GC(2528) Pause Young (Allocation Failure)
[6861.144s][info][gc,heap        ] GC(2528) PSYoungGen: 2591744K(2610176K)->149600K(2610688K) Eden: 2426880K(2426880K)->0K(2429440K) From: 164864K(183296K)->149600K(181248K)
[6861.144s][info][gc,heap        ] GC(2528) ParOldGen: 3619191K(3619328K)->3726319K(3726336K)
[6861.144s][info][gc,metaspace   ] GC(2528) Metaspace: 29069K(29376K)->29069K(29376K) NonClass: 25971K(26112K)->25971K(26112K) Class: 3098K(3264K)->3098K(3264K)
[6861.144s][info][gc             ] GC(2528) Pause Young (Allocation Failure) 6065M->3785M(6188M) 97.172ms
[6861.144s][info][gc,cpu         ] GC(2528) User=0.53s Sys=0.03s Real=0.10s
.[6862.458s][info][gc,start       ] GC(2529) Pause Young (Allocation Failure)
[6862.560s][info][gc,heap        ] GC(2529) PSYoungGen: 2579040K(2610688K)->163716K(2611712K) Eden: 2429440K(2429440K)->0K(2429440K) From: 149600K(181248K)->163716K(182272K)
[6862.560s][info][gc,heap        ] GC(2529) ParOldGen: 3726319K(3726336K)->3829559K(3829760K)
[6862.560s][info][gc,metaspace   ] GC(2529) Metaspace: 29069K(29376K)->29069K(29376K) NonClass: 25971K(26112K)->25971K(26112K) Class: 3098K(3264K)->3098K(3264K)
[6862.560s][info][gc             ] GC(2529) Pause Young (Allocation Failure) 6157M->3899M(6290M) 102.487ms
[6862.560s][info][gc,cpu         ] GC(2529) User=0.57s Sys=0.03s Real=0.11s
..[6863.957s][info][gc,start       ] GC(2530) Pause Young (Allocation Failure)
[6864.056s][info][gc,heap        ] GC(2530) PSYoungGen: 2593156K(2611712K)->150645K(2612736K) Eden: 2429440K(2429440K)->0K(2432000K) From: 163716K(182272K)->150645K(180736K)
[6864.056s][info][gc,heap        ] GC(2530) ParOldGen: 3829559K(3829760K)->3934079K(3934208K)
[6864.056s][info][gc,metaspace   ] GC(2530) Metaspace: 29069K(29376K)->29069K(29376K) NonClass: 25971K(26112K)->25971K(26112K) Class: 3098K(3264K)->3098K(3264K)
[6864.056s][info][gc             ] GC(2530) Pause Young (Allocation Failure) 6272M->3988M(6393M) 99.067ms
[6864.056s][info][gc,cpu         ] GC(2530) User=0.56s Sys=0.03s Real=0.10s
.[6865.355s][info][gc,start       ] GC(2531) Pause Young (Allocation Failure)
[6865.458s][info][gc,heap        ] GC(2531) PSYoungGen: 2582645K(2612736K)->167188K(2613248K) Eden: 2432000K(2432000K)->0K(2432000K) From: 150645K(180736K)->167188K(181248K)
[6865.458s][info][gc,heap        ] GC(2531) ParOldGen: 3934079K(3934208K)->4035455K(4035584K)
[6865.458s][info][gc,metaspace   ] GC(2531) Metaspace: 29069K(29376K)->29069K(29376K) NonClass: 25971K(26112K)->25971K(26112K) Class: 3098K(3264K)->3098K(3264K)
[6865.458s][info][gc             ] GC(2531) Pause Young (Allocation Failure) 6363M->4104M(6493M) 102.271ms
[6865.458s][info][gc,cpu         ] GC(2531) User=0.57s Sys=0.03s Real=0.10s
.[6866.791s][info][gc,start       ] GC(2532) Pause Young (Allocation Failure)
[6866.940s][info][gc,heap        ] GC(2532) PSYoungGen: 2599188K(2613248K)->162848K(2610688K) Eden: 2432000K(2432000K)->0K(2433536K) From: 167188K(181248K)->162848K(177152K)
[6866.940s][info][gc,heap        ] GC(2532) ParOldGen: 4035455K(4035584K)->4141567K(4141568K)
[6866.940s][info][gc,metaspace   ] GC(2532) Metaspace: 29069K(29376K)->29069K(29376K) NonClass: 25971K(26112K)->25971K(26112K) Class: 3098K(3264K)->3098K(3264K)
[6866.940s][info][gc             ] GC(2532) Pause Young (Allocation Failure) 6479M->4203M(6594M) 148.495ms
[6866.940s][info][gc,cpu         ] GC(2532) User=0.58s Sys=0.02s Real=0.14s
..[6868.246s][info][gc,start       ] GC(2533) Pause Young (Allocation Failure)
[6868.356s][info][gc,heap        ] GC(2533) PSYoungGen: 2596384K(2610688K)->174152K(2612736K) Eden: 2433536K(2433536K)->0K(2433536K) From: 162848K(177152K)->174152K(179200K)
[6868.357s][info][gc,heap        ] GC(2533) ParOldGen: 4141567K(4141568K)->4243479K(4243968K)
[6868.357s][info][gc,metaspace   ] GC(2533) Metaspace: 29069K(29376K)->29069K(29376K) NonClass: 25971K(26112K)->25971K(26112K) Class: 3098K(3264K)->3098K(3264K)
[6868.357s][info][gc             ] GC(2533) Pause Young (Allocation Failure) 6580M->4314M(6696M) 110.166ms
[6868.357s][info][gc,cpu         ] GC(2533) User=0.62s Sys=0.03s Real=0.11s
.[6869.647s][info][gc,start       ] GC(2534) Pause Young (Allocation Failure)
[6869.749s][info][gc,heap        ] GC(2534) PSYoungGen: 2607688K(2612736K)->162592K(2615296K) Eden: 2433536K(2433536K)->0K(2434048K) From: 174152K(179200K)->162592K(181248K)
[6869.749s][info][gc,heap        ] GC(2534) ParOldGen: 4243479K(4243968K)->4347839K(4347904K)
[6869.749s][info][gc,metaspace   ] GC(2534) Metaspace: 29069K(29376K)->29069K(29376K) NonClass: 25971K(26112K)->25971K(26112K) Class: 3098K(3264K)->3098K(3264K)
[6869.749s][info][gc             ] GC(2534) Pause Young (Allocation Failure) 6690M->4404M(6800M) 101.979ms
[6869.749s][info][gc,cpu         ] GC(2534) User=0.56s Sys=0.04s Real=0.10s
.[6871.144s][info][gc,start       ] GC(2535) Pause Young (Allocation Failure)
[6871.242s][info][gc,heap        ] GC(2535) PSYoungGen: 2596640K(2615296K)->152192K(2614272K) Eden: 2434048K(2434048K)->0K(2434048K) From: 162592K(181248K)->152192K(180224K)
[6871.242s][info][gc,heap        ] GC(2535) ParOldGen: 4347839K(4347904K)->4453927K(4454400K)
[6871.242s][info][gc,metaspace   ] GC(2535) Metaspace: 29069K(29376K)->29069K(29376K) NonClass: 25971K(26112K)->25971K(26112K) Class: 3098K(3264K)->3098K(3264K)
[6871.242s][info][gc             ] GC(2535) Pause Young (Allocation Failure) 6781M->4498M(6903M) 98.830ms
[6871.242s][info][gc,cpu         ] GC(2535) User=0.55s Sys=0.03s Real=0.10s
..[6872.578s][info][gc,start       ] GC(2536) Pause Young (Allocation Failure)
[6872.687s][info][gc,heap        ] GC(2536) PSYoungGen: 2586240K(2614272K)->178244K(2607104K) Eden: 2434048K(2434048K)->0K(2426368K) From: 152192K(180224K)->178244K(180736K)
[6872.687s][info][gc,heap        ] GC(2536) ParOldGen: 4453927K(4454400K)->4556487K(4556800K)
[6872.687s][info][gc,metaspace   ] GC(2536) Metaspace: 29069K(29376K)->29069K(29376K) NonClass: 25971K(26112K)->25971K(26112K) Class: 3098K(3264K)->3098K(3264K)
[6872.687s][info][gc             ] GC(2536) Pause Young (Allocation Failure) 6875M->4623M(6996M) 108.485ms
[6872.687s][info][gc,cpu         ] GC(2536) User=0.61s Sys=0.03s Real=0.11s
.[6874.021s][info][gc,start       ] GC(2537) Pause Young (Allocation Failure)
[6874.121s][info][gc,heap        ] GC(2537) PSYoungGen: 2604612K(2607104K)->152992K(2611200K) Eden: 2426368K(2426368K)->0K(2426368K) From: 178244K(180736K)->152992K(184832K)
[6874.121s][info][gc,heap        ] GC(2537) ParOldGen: 4556487K(4556800K)->4663151K(4663296K)
[6874.121s][info][gc,metaspace   ] GC(2537) Metaspace: 29069K(29376K)->29069K(29376K) NonClass: 25971K(26112K)->25971K(26112K) Class: 3098K(3264K)->3098K(3264K)
[6874.121s][info][gc             ] GC(2537) Pause Young (Allocation Failure) 6993M->4703M(7104M) 99.523ms
[6874.121s][info][gc,cpu         ] GC(2537) User=0.56s Sys=0.03s Real=0.10s
..[6875.445s][info][gc,start       ] GC(2538) Pause Young (Allocation Failure)
[6875.547s][info][gc,heap        ] GC(2538) PSYoungGen: 2579360K(2611200K)->155328K(2609152K) Eden: 2426368K(2426368K)->0K(2426368K) From: 152992K(184832K)->155328K(182784K)
[6875.547s][info][gc,heap        ] GC(2538) ParOldGen: 4663151K(4663296K)->4771319K(4771328K)
[6875.547s][info][gc,metaspace   ] GC(2538) Metaspace: 29069K(29376K)->29069K(29376K) NonClass: 25971K(26112K)->25971K(26112K) Class: 3098K(3264K)->3098K(3264K)
[6875.547s][info][gc             ] GC(2538) Pause Young (Allocation Failure) 7072M->4811M(7207M) 101.489ms
[6875.547s][info][gc,cpu         ] GC(2538) User=0.57s Sys=0.03s Real=0.10s
.[6876.841s][info][gc,start       ] GC(2539) Pause Young (Allocation Failure)
[6876.993s][info][gc,heap        ] GC(2539) PSYoungGen: 2581696K(2609152K)->173605K(2610176K) Eden: 2426368K(2426368K)->0K(2426368K) From: 155328K(182784K)->173605K(183808K)
[6876.993s][info][gc,heap        ] GC(2539) ParOldGen: 4771319K(4771328K)->4873127K(4873216K)
[6876.993s][info][gc,metaspace   ] GC(2539) Metaspace: 29069K(29376K)->29069K(29376K) NonClass: 25971K(26112K)->25971K(26112K) Class: 3098K(3264K)->3098K(3264K)
[6876.993s][info][gc             ] GC(2539) Pause Young (Allocation Failure) 7180M->4928M(7308M) 152.137ms
[6876.993s][info][gc,cpu         ] GC(2539) User=0.60s Sys=0.03s Real=0.15s
.[6878.341s][info][gc,start       ] GC(2540) Pause Young (Allocation Failure)
[6878.440s][info][gc,heap        ] GC(2540) PSYoungGen: 2599973K(2610176K)->152512K(2610688K) Eden: 2426368K(2426368K)->0K(2424832K) From: 173605K(183808K)->152512K(185856K)
[6878.440s][info][gc,heap        ] GC(2540) ParOldGen: 4873127K(4873216K)->4980615K(4980736K)
[6878.440s][info][gc,metaspace   ] GC(2540) Metaspace: 29069K(29376K)->29069K(29376K) NonClass: 25971K(26112K)->25971K(26112K) Class: 3098K(3264K)->3098K(3264K)
[6878.440s][info][gc             ] GC(2540) Pause Young (Allocation Failure) 7297M->5012M(7413M) 99.028ms
[6878.440s][info][gc,cpu         ] GC(2540) User=0.55s Sys=0.04s Real=0.10s
..[6879.731s][info][gc,start       ] GC(2541) Pause Young (Allocation Failure)
[6879.835s][info][gc,heap        ] GC(2541) PSYoungGen: 2577344K(2610688K)->167376K(2592256K) Eden: 2424832K(2424832K)->0K(2424832K) From: 152512K(185856K)->167376K(167424K)
[6879.835s][info][gc,heap        ] GC(2541) ParOldGen: 4980615K(4980736K)->5082407K(5082624K)
[6879.835s][info][gc,metaspace   ] GC(2541) Metaspace: 29069K(29376K)->29069K(29376K) NonClass: 25971K(26112K)->25971K(26112K) Class: 3098K(3264K)->3098K(3264K)
[6879.835s][info][gc             ] GC(2541) Pause Young (Allocation Failure) 7380M->5126M(7495M) 104.317ms
[6879.835s][info][gc,cpu         ] GC(2541) User=0.58s Sys=0.03s Real=0.10s
.[6881.181s][info][gc,start       ] GC(2542) Pause Young (Allocation Failure)
[6881.281s][info][gc,heap        ] GC(2542) PSYoungGen: 2592208K(2592256K)->150368K(2609664K) Eden: 2424832K(2424832K)->0K(2424832K) From: 167376K(167424K)->150368K(184832K)
[6881.281s][info][gc,heap        ] GC(2542) ParOldGen: 5082407K(5082624K)->5187519K(5187584K)
[6881.281s][info][gc,metaspace   ] GC(2542) Metaspace: 29069K(29376K)->29069K(29376K) NonClass: 25971K(26112K)->25971K(26112K) Class: 3098K(3264K)->3098K(3264K)
[6881.281s][info][gc             ] GC(2542) Pause Young (Allocation Failure) 7494M->5212M(7614M) 99.951ms
[6881.281s][info][gc,cpu         ] GC(2542) User=0.55s Sys=0.03s Real=0.10s
.[6882.618s][info][gc,start       ] GC(2543) Pause Young (Allocation Failure)
[6882.727s][info][gc,heap        ] GC(2543) PSYoungGen: 2575200K(2609664K)->170272K(2609664K) Eden: 2424832K(2424832K)->0K(2424832K) From: 150368K(184832K)->170272K(184832K)
[6882.727s][info][gc,heap        ] GC(2543) ParOldGen: 5187519K(5187584K)->5291343K(5291520K)
[6882.727s][info][gc,metaspace   ] GC(2543) Metaspace: 29069K(29376K)->29069K(29376K) NonClass: 25971K(26112K)->25971K(26112K) Class: 3098K(3264K)->3098K(3264K)
[6882.727s][info][gc             ] GC(2543) Pause Young (Allocation Failure) 7580M->5333M(7716M) 108.862ms
[6882.727s][info][gc,cpu         ] GC(2543) User=0.61s Sys=0.02s Real=0.11s
..[6884.099s][info][gc,start       ] GC(2544) Pause Young (Allocation Failure)
[6884.209s][info][gc,heap        ] GC(2544) PSYoungGen: 2595104K(2609664K)->173363K(2607104K) Eden: 2424832K(2424832K)->0K(2421248K) From: 170272K(184832K)->173363K(185856K)
[6884.209s][info][gc,heap        ] GC(2544) ParOldGen: 5291343K(5291520K)->5395343K(5395456K)
[6884.209s][info][gc,metaspace   ] GC(2544) Metaspace: 29069K(29376K)->29069K(29376K) NonClass: 25971K(26112K)->25971K(26112K) Class: 3098K(3264K)->3098K(3264K)
[6884.209s][info][gc             ] GC(2544) Pause Young (Allocation Failure) 7701M->5438M(7815M) 109.827ms
[6884.209s][info][gc,cpu         ] GC(2544) User=0.62s Sys=0.03s Real=0.11s
.[6885.487s][info][gc,start       ] GC(2545) Pause Young (Allocation Failure)
[6885.592s][info][gc,heap        ] GC(2545) PSYoungGen: 2594611K(2607104K)->170581K(2592256K) Eden: 2421248K(2421248K)->0K(2421248K) From: 173363K(185856K)->170581K(171008K)
[6885.592s][info][gc,heap        ] GC(2545) ParOldGen: 5395343K(5395456K)->5498431K(5498880K)
[6885.592s][info][gc,metaspace   ] GC(2545) Metaspace: 29069K(29376K)->29069K(29376K) NonClass: 25971K(26112K)->25971K(26112K) Class: 3098K(3264K)->3098K(3264K)
[6885.592s][info][gc             ] GC(2545) Pause Young (Allocation Failure) 7802M->5536M(7901M) 105.556ms
[6885.592s][info][gc,cpu         ] GC(2545) User=0.59s Sys=0.03s Real=0.11s
. (rIR:aIR:PR = 11761:11726:11747) (tPR = 176582) [OK] 
  6885s: Performance info:
         Transaction,    Success,    Partial,     Failed,   Receipts, AvgBarcode, 
             Overall,     713191,          0,          0,     678260,      59.47, 
         Response times:
             Request,    Success,    Partial,     Failed,   SkipFail,     Probes,    Samples,      min,      p50,      p90,      p95,      p99,      max, 
       TotalPurchase,     675891,          0,          0,          0,     219243,     551717,      300,   274000,   558000,   710000,   970000,  1800000,
     InStorePurchase,     352499,          0,          0,          0,     112145,     288529,      400,   271000,   566000,   700000,   940000,  1800000,
      OnlinePurchase,     251955,          0,          0,          0,      79950,     203886,      300,   276000,   550000,   680000,   940000,  1800000,
        InstPurchase,      71437,          0,          0,          0,      27148,      59302,      900,   278000,   581000,   780000,  1100000,  1500000,
          AssocOfCat,        717,          0,          0,          0,        403,       1045,    42000,   363000,   610000,   757000,   840000,  1200000,
      AssocOfProduct,       6975,          0,          0,          0,       3265,       6873,     3300,   287000,   690000,   840000,  1018600,  1700000,
      BusinessReport,       1774,          0,          0,          0,       1098,       2609,    50000,   352000,   610000,   770000,   860000,  1600000,
          CustBuyBeh,       7274,          0,          0,          0,       3377,       7114,     1100,   272000,   640000,   780000,   990000,  1700000,
       ProductReturn,      18985,          0,          0,          0,       6806,      15480,      500,   277000,   528000,   710000,   890000,  1400000,

  6885s: (86%)   IR =  11900 [6886.940s][info][gc,start       ] GC(2546) Pause Full (Allocation Failure)
[6886.940s][info][gc,phases,start] GC(2546) Marking Phase
[6887.259s][info][gc,phases      ] GC(2546) Marking Phase 318.959ms
[6887.259s][info][gc,phases,start] GC(2546) Summary Phase
[6887.259s][info][gc,phases      ] GC(2546) Summary Phase 0.103ms
[6887.259s][info][gc,phases,start] GC(2546) Forward
[6887.380s][info][gc,phases      ] GC(2546) Forward 121.223ms
[6887.380s][info][gc,phases,start] GC(2546) Adjust Pointers
[6887.591s][info][gc,phases      ] GC(2546) Adjust Pointers 210.598ms
[6887.591s][info][gc,phases,start] GC(2546) Compaction Phase
[6887.739s][info][gc,phases      ] GC(2546) Compaction Phase 148.533ms
[6887.740s][info][gc,phases,start] GC(2546) Post Compact
[6887.747s][info][gc,phases      ] GC(2546) Post Compact 7.038ms
[6887.872s][info][gc,heap        ] GC(2546) PSYoungGen: 2591829K(2592256K)->0K(2608128K) Eden: 2421248K(2421248K)->0K(2420224K) From: 170581K(171008K)->0K(187904K)
[6887.872s][info][gc,heap        ] GC(2546) ParOldGen: 5498431K(5498880K)->1623530K(2255872K)
[6887.872s][info][gc,metaspace   ] GC(2546) Metaspace: 29069K(29376K)->29066K(29376K) NonClass: 25971K(26112K)->25968K(26112K) Class: 3098K(3264K)->3097K(3264K)
[6887.872s][info][gc             ] GC(2546) Pause Full (Allocation Failure) 7900M->1585M(4750M) 931.946ms
[6887.872s][info][gc,cpu         ] GC(2546) User=4.39s Sys=0.12s Real=0.94s
?.[6889.141s][info][gc,start       ] GC(2547) Pause Young (Allocation Failure)
[6889.214s][info][gc,heap        ] GC(2547) PSYoungGen: 2420224K(2608128K)->175296K(2595840K) Eden: 2420224K(2420224K)->0K(2420224K) From: 0K(187904K)->175296K(175616K)
[6889.214s][info][gc,heap        ] GC(2547) ParOldGen: 1623530K(2255872K)->1623530K(2255872K)
[6889.214s][info][gc,metaspace   ] GC(2547) Metaspace: 29066K(29376K)->29066K(29376K) NonClass: 25968K(26112K)->25968K(26112K) Class: 3097K(3264K)->3097K(3264K)
[6889.214s][info][gc             ] GC(2547) Pause Young (Allocation Failure) 3948M->1756M(4738M) 73.264ms
[6889.214s][info][gc,cpu         ] GC(2547) User=0.42s Sys=0.01s Real=0.07s
.[6890.479s][info][gc,start       ] GC(2548) Pause Young (Allocation Failure)
[6890.577s][info][gc,heap        ] GC(2548) PSYoungGen: 2595520K(2595840K)->162368K(2608128K) Eden: 2420224K(2420224K)->0K(2418688K) From: 175296K(175616K)->162368K(189440K)
[6890.577s][info][gc,heap        ] GC(2548) ParOldGen: 1623530K(2255872K)->1731986K(2255872K)
[6890.577s][info][gc,metaspace   ] GC(2548) Metaspace: 29066K(29376K)->29066K(29376K) NonClass: 25968K(26112K)->25968K(26112K) Class: 3097K(3264K)->3097K(3264K)
[6890.577s][info][gc             ] GC(2548) Pause Young (Allocation Failure) 4120M->1849M(4750M) 97.766ms
[6890.577s][info][gc,cpu         ] GC(2548) User=0.57s Sys=0.00s Real=0.10s
.[6891.840s][info][gc,start       ] GC(2549) Pause Young (Allocation Failure)
[6891.990s][info][gc,heap        ] GC(2549) PSYoungGen: 2581056K(2608128K)->177673K(2596864K) Eden: 2418688K(2418688K)->0K(2418688K) From: 162368K(189440K)->177673K(178176K)
[6891.990s][info][gc,heap        ] GC(2549) ParOldGen: 1731986K(2255872K)->1836986K(2255872K)
[6891.990s][info][gc,metaspace   ] GC(2549) Metaspace: 29066K(29376K)->29066K(29376K) NonClass: 25968K(26112K)->25968K(26112K) Class: 3097K(3264K)->3097K(3264K)
[6891.990s][info][gc             ] GC(2549) Pause Young (Allocation Failure) 4211M->1967M(4739M) 149.156ms
[6891.990s][info][gc,cpu         ] GC(2549) User=0.61s Sys=0.00s Real=0.14s
.[6893.280s][info][gc,start       ] GC(2550) Pause Young (Allocation Failure)
[6893.384s][info][gc,heap        ] GC(2550) PSYoungGen: 2596361K(2596864K)->175300K(2604032K) Eden: 2418688K(2418688K)->0K(2414080K) From: 177673K(178176K)->175300K(189952K)
[6893.384s][info][gc,heap        ] GC(2550) ParOldGen: 1836986K(2255872K)->1942162K(2255872K)
[6893.384s][info][gc,metaspace   ] GC(2550) Metaspace: 29066K(29376K)->29066K(29376K) NonClass: 25968K(26112K)->25968K(26112K) Class: 3097K(3264K)->3097K(3264K)
[6893.384s][info][gc             ] GC(2550) Pause Young (Allocation Failure) 4329M->2067M(4746M) 103.861ms
[6893.384s][info][gc,cpu         ] GC(2550) User=0.61s Sys=0.01s Real=0.10s
.[6894.634s][info][gc,start       ] GC(2551) Pause Young (Allocation Failure)
[6894.739s][info][gc,heap        ] GC(2551) PSYoungGen: 2589380K(2604032K)->179625K(2593792K) Eden: 2414080K(2414080K)->0K(2414080K) From: 175300K(189952K)->179625K(179712K)
[6894.740s][info][gc,heap        ] GC(2551) ParOldGen: 1942162K(2255872K)->2048130K(2255872K)
[6894.740s][info][gc,metaspace   ] GC(2551) Metaspace: 29066K(29376K)->29066K(29376K) NonClass: 25968K(26112K)->25968K(26112K) Class: 3097K(3264K)->3097K(3264K)
[6894.740s][info][gc             ] GC(2551) Pause Young (Allocation Failure) 4425M->2175M(4736M) 105.604ms
[6894.740s][info][gc,cpu         ] GC(2551) User=0.62s Sys=0.00s Real=0.10s
..[6896.055s][info][gc,start       ] GC(2552) Pause Young (Allocation Failure)
[6896.153s][info][gc,heap        ] GC(2552) PSYoungGen: 2593705K(2593792K)->170432K(2604544K) Eden: 2414080K(2414080K)->0K(2411008K) From: 179625K(179712K)->170432K(193536K)
[6896.153s][info][gc,heap        ] GC(2552) ParOldGen: 2048130K(2255872K)->2152938K(2255872K)
[6896.153s][info][gc,metaspace   ] GC(2552) Metaspace: 29066K(29376K)->29066K(29376K) NonClass: 25968K(26112K)->25968K(26112K) Class: 3097K(3264K)->3097K(3264K)
[6896.153s][info][gc             ] GC(2552) Pause Young (Allocation Failure) 4533M->2268M(4746M) 98.813ms
[6896.154s][info][gc,cpu         ] GC(2552) User=0.58s Sys=0.00s Real=0.10s
.[6897.420s][info][gc,start       ] GC(2553) Pause Young (Allocation Failure)
[6897.512s][info][gc,heap        ] GC(2553) PSYoungGen: 2581440K(2604544K)->147808K(2602496K) Eden: 2411008K(2411008K)->0K(2411008K) From: 170432K(193536K)->147808K(191488K)
[6897.512s][info][gc,heap        ] GC(2553) ParOldGen: 2152938K(2255872K)->2258658K(2258944K)
[6897.512s][info][gc,metaspace   ] GC(2553) Metaspace: 29066K(29376K)->29066K(29376K) NonClass: 25968K(26112K)->25968K(26112K) Class: 3097K(3264K)->3097K(3264K)
[6897.512s][info][gc             ] GC(2553) Pause Young (Allocation Failure) 4623M->2350M(4747M) 91.207ms
[6897.512s][info][gc,cpu         ] GC(2553) User=0.54s Sys=0.00s Real=0.09s
.[6898.793s][info][gc,start       ] GC(2554) Pause Young (Allocation Failure)
[6898.943s][info][gc,heap        ] GC(2554) PSYoungGen: 2558816K(2602496K)->169376K(2603008K) Eden: 2411008K(2411008K)->0K(2411520K) From: 147808K(191488K)->169376K(191488K)
[6898.943s][info][gc,heap        ] GC(2554) ParOldGen: 2258658K(2258944K)->2362890K(2363392K)
[6898.943s][info][gc,metaspace   ] GC(2554) Metaspace: 29066K(29376K)->29066K(29376K) NonClass: 25968K(26112K)->25968K(26112K) Class: 3097K(3264K)->3097K(3264K)
[6898.943s][info][gc             ] GC(2554) Pause Young (Allocation Failure) 4704M->2472M(4850M) 149.735ms
[6898.943s][info][gc,cpu         ] GC(2554) User=0.56s Sys=0.04s Real=0.15s
.[6900.180s][info][gc,start       ] GC(2555) Pause Young (Allocation Failure)
[6900.281s][info][gc,heap        ] GC(2555) PSYoungGen: 2580896K(2603008K)->162112K(2573824K) Eden: 2411520K(2411520K)->0K(2411520K) From: 169376K(191488K)->162112K(162304K)
[6900.281s][info][gc,heap        ] GC(2555) ParOldGen: 2362890K(2363392K)->2467722K(2467840K)
[6900.281s][info][gc,metaspace   ] GC(2555) Metaspace: 29066K(29376K)->29066K(29376K) NonClass: 25968K(26112K)->25968K(26112K) Class: 3097K(3264K)->3097K(3264K)
[6900.281s][info][gc             ] GC(2555) Pause Young (Allocation Failure) 4827M->2568M(4923M) 100.761ms
[6900.281s][info][gc,cpu         ] GC(2555) User=0.55s Sys=0.04s Real=0.10s
.[6901.536s][info][gc,start       ] GC(2556) Pause Young (Allocation Failure)
[6901.636s][info][gc,heap        ] GC(2556) PSYoungGen: 2573632K(2573824K)->159765K(2603520K) Eden: 2411520K(2411520K)->0K(2414080K) From: 162112K(162304K)->159765K(189440K)
[6901.636s][info][gc,heap        ] GC(2556) ParOldGen: 2467722K(2467840K)->2572202K(2572288K)
[6901.636s][info][gc,metaspace   ] GC(2556) Metaspace: 29066K(29376K)->29066K(29376K) NonClass: 25968K(26112K)->25968K(26112K) Class: 3097K(3264K)->3097K(3264K)
[6901.636s][info][gc             ] GC(2556) Pause Young (Allocation Failure) 4923M->2667M(5054M) 100.187ms
[6901.636s][info][gc,cpu         ] GC(2556) User=0.55s Sys=0.04s Real=0.10s
..[6902.993s][info][gc,start       ] GC(2557) Pause Young (Allocation Failure)
[6903.099s][info][gc,heap        ] GC(2557) PSYoungGen: 2573845K(2603520K)->173472K(2602496K) Eden: 2414080K(2414080K)->0K(2414080K) From: 159765K(189440K)->173472K(188416K)
[6903.099s][info][gc,heap        ] GC(2557) ParOldGen: 2572202K(2572288K)->2683026K(2683392K)
[6903.099s][info][gc,metaspace   ] GC(2557) Metaspace: 29066K(29376K)->29066K(29376K) NonClass: 25968K(26112K)->25968K(26112K) Class: 3097K(3264K)->3097K(3264K)
[6903.099s][info][gc             ] GC(2557) Pause Young (Allocation Failure) 5025M->2789M(5162M) 106.205ms
[6903.099s][info][gc,cpu         ] GC(2557) User=0.58s Sys=0.05s Real=0.10s
.[6904.431s][info][gc,start       ] GC(2558) Pause Young (Allocation Failure)
[6904.536s][info][gc,heap        ] GC(2558) PSYoungGen: 2587552K(2602496K)->167872K(2605056K) Eden: 2414080K(2414080K)->0K(2418688K) From: 173472K(188416K)->167872K(186368K)
[6904.536s][info][gc,heap        ] GC(2558) ParOldGen: 2683026K(2683392K)->2788378K(2788864K)
[6904.536s][info][gc,metaspace   ] GC(2558) Metaspace: 29066K(29376K)->29066K(29376K) NonClass: 25968K(26112K)->25968K(26112K) Class: 3097K(3264K)->3097K(3264K)
[6904.536s][info][gc             ] GC(2558) Pause Young (Allocation Failure) 5147M->2886M(5267M) 104.890ms
[6904.536s][info][gc,cpu         ] GC(2558) User=0.59s Sys=0.03s Real=0.10s
.[6905.908s][info][gc,start       ] GC(2559) Pause Young (Allocation Failure)
[6906.007s][info][gc,heap        ] GC(2559) PSYoungGen: 2586560K(2605056K)->157696K(2606080K) Eden: 2418688K(2418688K)->0K(2418688K) From: 167872K(186368K)->157696K(187392K)
[6906.007s][info][gc,heap        ] GC(2559) ParOldGen: 2788378K(2788864K)->2890930K(2891264K)
[6906.007s][info][gc,metaspace   ] GC(2559) Metaspace: 29066K(29376K)->29066K(29376K) NonClass: 25968K(26112K)->25968K(26112K) Class: 3097K(3264K)->3097K(3264K)
[6906.007s][info][gc             ] GC(2559) Pause Young (Allocation Failure) 5248M->2977M(5368M) 99.095ms
[6906.007s][info][gc,cpu         ] GC(2559) User=0.54s Sys=0.04s Real=0.10s
.[6907.336s][info][gc,start       ] GC(2560) Pause Young (Allocation Failure)
[6907.438s][info][gc,heap        ] GC(2560) PSYoungGen: 2576384K(2606080K)->160160K(2606080K) Eden: 2418688K(2418688K)->0K(2421760K) From: 157696K(187392K)->160160K(184320K)
[6907.438s][info][gc,heap        ] GC(2560) ParOldGen: 2890930K(2891264K)->2993330K(2993664K)
[6907.438s][info][gc,metaspace   ] GC(2560) Metaspace: 29066K(29376K)->29066K(29376K) NonClass: 25968K(26112K)->25968K(26112K) Class: 3097K(3264K)->3097K(3264K)
[6907.438s][info][gc             ] GC(2560) Pause Young (Allocation Failure) 5339M->3079M(5468M) 101.531ms
[6907.438s][info][gc,cpu         ] GC(2560) User=0.56s Sys=0.03s Real=0.10s
.[6908.708s][info][gc,start       ] GC(2561) Pause Young (Allocation Failure)
[6908.814s][info][gc,heap        ] GC(2561) PSYoungGen: 2581920K(2606080K)->181200K(2603008K) Eden: 2421760K(2421760K)->0K(2421760K) From: 160160K(184320K)->181200K(181248K)
[6908.814s][info][gc,heap        ] GC(2561) ParOldGen: 2993330K(2993664K)->3091778K(3091968K)
[6908.814s][info][gc,metaspace   ] GC(2561) Metaspace: 29066K(29376K)->29066K(29376K) NonClass: 25968K(26112K)->25968K(26112K) Class: 3097K(3264K)->3097K(3264K)
[6908.814s][info][gc             ] GC(2561) Pause Young (Allocation Failure) 5444M->3196M(5561M) 106.434ms
[6908.814s][info][gc,cpu         ] GC(2561) User=0.58s Sys=0.03s Real=0.11s
..[6910.153s][info][gc,start       ] GC(2562) Pause Young (Allocation Failure)
[6910.256s][info][gc,heap        ] GC(2562) PSYoungGen: 2602960K(2603008K)->162912K(2608128K) Eden: 2421760K(2421760K)->0K(2418688K) From: 181200K(181248K)->162912K(189440K)
[6910.256s][info][gc,heap        ] GC(2562) ParOldGen: 3091778K(3091968K)->3200298K(3200512K)
[6910.256s][info][gc,metaspace   ] GC(2562) Metaspace: 29066K(29376K)->29066K(29376K) NonClass: 25968K(26112K)->25968K(26112K) Class: 3097K(3264K)->3097K(3264K)
[6910.256s][info][gc             ] GC(2562) Pause Young (Allocation Failure) 5561M->3284M(5672M) 103.543ms
[6910.256s][info][gc,cpu         ] GC(2562) User=0.59s Sys=0.03s Real=0.10s
.[6911.564s][info][gc,start       ] GC(2563) Pause Young (Allocation Failure)
[6911.662s][info][gc,heap        ] GC(2563) PSYoungGen: 2581600K(2608128K)->158784K(2577920K) Eden: 2418688K(2418688K)->0K(2418688K) From: 162912K(189440K)->158784K(159232K)
[6911.662s][info][gc,heap        ] GC(2563) ParOldGen: 3200298K(3200512K)->3302338K(3302400K)
[6911.662s][info][gc,metaspace   ] GC(2563) Metaspace: 29066K(29376K)->29066K(29376K) NonClass: 25968K(26112K)->25968K(26112K) Class: 3097K(3264K)->3097K(3264K)
[6911.662s][info][gc             ] GC(2563) Pause Young (Allocation Failure) 5646M->3380M(5742M) 98.226ms
[6911.662s][info][gc,cpu         ] GC(2563) User=0.54s Sys=0.03s Real=0.10s
.[6913.020s][info][gc,start       ] GC(2564) Pause Young (Allocation Failure)
[6913.119s][info][gc,heap        ] GC(2564) PSYoungGen: 2577472K(2577920K)->154848K(2606592K) Eden: 2418688K(2418688K)->0K(2419200K) From: 158784K(159232K)->154848K(187392K)
[6913.119s][info][gc,heap        ] GC(2564) ParOldGen: 3302338K(3302400K)->3404914K(3405312K)
[6913.119s][info][gc,metaspace   ] GC(2564) Metaspace: 29066K(29376K)->29066K(29376K) NonClass: 25968K(26112K)->25968K(26112K) Class: 3097K(3264K)->3097K(3264K)
[6913.119s][info][gc             ] GC(2564) Pause Young (Allocation Failure) 5742M->3476M(5871M) 98.895ms
[6913.119s][info][gc,cpu         ] GC(2564) User=0.54s Sys=0.04s Real=0.09s
..[6914.405s][info][gc,start       ] GC(2565) Pause Young (Allocation Failure)
[6914.507s][info][gc,heap        ] GC(2565) PSYoungGen: 2574048K(2606592K)->163648K(2606080K) Eden: 2419200K(2419200K)->0K(2419200K) From: 154848K(187392K)->163648K(186880K)
[6914.507s][info][gc,heap        ] GC(2565) ParOldGen: 3404914K(3405312K)->3509826K(3510272K)
[6914.507s][info][gc,metaspace   ] GC(2565) Metaspace: 29066K(29376K)->29066K(29376K) NonClass: 25968K(26112K)->25968K(26112K) Class: 3097K(3264K)->3097K(3264K)
[6914.507s][info][gc             ] GC(2565) Pause Young (Allocation Failure) 5838M->3587M(5973M) 102.249ms
[6914.507s][info][gc,cpu         ] GC(2565) User=0.56s Sys=0.03s Real=0.10s
.[6915.810s][info][gc,start       ] GC(2566) Pause Young (Allocation Failure)
[6915.965s][info][gc,heap        ] GC(2566) PSYoungGen: 2582848K(2606080K)->176336K(2604032K) Eden: 2419200K(2419200K)->0K(2419200K) From: 163648K(186880K)->176336K(184832K)
[6915.965s][info][gc,heap        ] GC(2566) ParOldGen: 3509826K(3510272K)->3615778K(3616256K)
[6915.965s][info][gc,metaspace   ] GC(2566) Metaspace: 29066K(29376K)->29066K(29376K) NonClass: 25968K(26112K)->25968K(26112K) Class: 3097K(3264K)->3097K(3264K)
[6915.965s][info][gc             ] GC(2566) Pause Young (Allocation Failure) 5949M->3703M(6074M) 155.159ms
[6915.965s][info][gc,cpu         ] GC(2566) User=0.60s Sys=0.03s Real=0.16s
.|[6917.277s][info][gc,start       ] GC(2567) Pause Young (Allocation Failure)
[6917.372s][info][gc,heap        ] GC(2567) PSYoungGen: 2595536K(2604032K)->146784K(2606592K) Eden: 2419200K(2419200K)->0K(2419200K) From: 176336K(184832K)->146784K(187392K)
[6917.372s][info][gc,heap        ] GC(2567) ParOldGen: 3615778K(3616256K)->3720730K(3721216K)
[6917.372s][info][gc,metaspace   ] GC(2567) Metaspace: 29066K(29376K)->29066K(29376K) NonClass: 25968K(26112K)->25968K(26112K) Class: 3097K(3264K)->3097K(3264K)
[6917.372s][info][gc             ] GC(2567) Pause Young (Allocation Failure) 6065M->3776M(6179M) 94.434ms
[6917.372s][info][gc,cpu         ] GC(2567) User=0.53s Sys=0.03s Real=0.10s
..[6918.678s][info][gc,start       ] GC(2568) Pause Young (Allocation Failure)
[6918.787s][info][gc,heap        ] GC(2568) PSYoungGen: 2565984K(2606592K)->177481K(2602496K) Eden: 2419200K(2419200K)->0K(2414080K) From: 146784K(187392K)->177481K(188416K)
[6918.787s][info][gc,heap        ] GC(2568) ParOldGen: 3720730K(3721216K)->3821818K(3822080K)
[6918.787s][info][gc,metaspace   ] GC(2568) Metaspace: 29066K(29376K)->29066K(29376K) NonClass: 25968K(26112K)->25968K(26112K) Class: 3097K(3264K)->3097K(3264K)
[6918.787s][info][gc             ] GC(2568) Pause Young (Allocation Failure) 6139M->3905M(6274M) 108.786ms
[6918.787s][info][gc,cpu         ] GC(2568) User=0.61s Sys=0.03s Real=0.11s
.[6920.118s][info][gc,start       ] GC(2569) Pause Young (Allocation Failure)
[6920.227s][info][gc,heap        ] GC(2569) PSYoungGen: 2591561K(2602496K)->171477K(2605056K) Eden: 2414080K(2414080K)->0K(2414080K) From: 177481K(188416K)->171477K(190976K)
[6920.227s][info][gc,heap        ] GC(2569) ParOldGen: 3821818K(3822080K)->3927490K(3927552K)
[6920.227s][info][gc,metaspace   ] GC(2569) Metaspace: 29066K(29376K)->29066K(29376K) NonClass: 25968K(26112K)->25968K(26112K) Class: 3097K(3264K)->3097K(3264K)
[6920.227s][info][gc             ] GC(2569) Pause Young (Allocation Failure) 6263M->4002M(6379M) 108.802ms
[6920.227s][info][gc,cpu         ] GC(2569) User=0.60s Sys=0.04s Real=0.11s
.[6921.529s][info][gc,start       ] GC(2570) Pause Young (Allocation Failure)
[6921.630s][info][gc,heap        ] GC(2570) PSYoungGen: 2585557K(2605056K)->162176K(2600960K) Eden: 2414080K(2414080K)->0K(2414080K) From: 171477K(190976K)->162176K(186880K)
[6921.630s][info][gc,heap        ] GC(2570) ParOldGen: 3927490K(3927552K)->4031618K(4032000K)
[6921.630s][info][gc,metaspace   ] GC(2570) Metaspace: 29066K(29376K)->29066K(29376K) NonClass: 25968K(26112K)->25968K(26112K) Class: 3097K(3264K)->3097K(3264K)
[6921.630s][info][gc             ] GC(2570) Pause Young (Allocation Failure) 6360M->4095M(6477M) 100.748ms
[6921.630s][info][gc,cpu         ] GC(2570) User=0.56s Sys=0.03s Real=0.11s
..[6922.986s][info][gc,start       ] GC(2571) Pause Young (Allocation Failure)
[6923.083s][info][gc,heap        ] GC(2571) PSYoungGen: 2576256K(2600960K)->150400K(2603008K) Eden: 2414080K(2414080K)->0K(2414080K) From: 162176K(186880K)->150400K(188928K)
[6923.083s][info][gc,heap        ] GC(2571) ParOldGen: 4031618K(4032000K)->4136178K(4136448K)
[6923.083s][info][gc,metaspace   ] GC(2571) Metaspace: 29066K(29376K)->29066K(29376K) NonClass: 25968K(26112K)->25968K(26112K) Class: 3097K(3264K)->3097K(3264K)
[6923.083s][info][gc             ] GC(2571) Pause Young (Allocation Failure) 6453M->4186M(6581M) 97.135ms
[6923.083s][info][gc,cpu         ] GC(2571) User=0.54s Sys=0.03s Real=0.10s
.[6924.395s][info][gc,start       ] GC(2572) Pause Young (Allocation Failure)
[6924.498s][info][gc,heap        ] GC(2572) PSYoungGen: 2564480K(2603008K)->162000K(2603008K) Eden: 2414080K(2414080K)->0K(2418176K) From: 150400K(188928K)->162000K(184832K)
[6924.498s][info][gc,heap        ] GC(2572) ParOldGen: 4136178K(4136448K)->4244018K(4244480K)
[6924.498s][info][gc,metaspace   ] GC(2572) Metaspace: 29066K(29376K)->29066K(29376K) NonClass: 25968K(26112K)->25968K(26112K) Class: 3097K(3264K)->3097K(3264K)
[6924.498s][info][gc             ] GC(2572) Pause Young (Allocation Failure) 6543M->4302M(6687M) 103.007ms
[6924.498s][info][gc,cpu         ] GC(2572) User=0.57s Sys=0.04s Real=0.10s
.[6925.763s][info][gc,start       ] GC(2573) Pause Young (Allocation Failure)
