[0.002s][info][gc,init] CardTable entry size: 512
[0.002s][info][gc     ] Using G1
[0.009s][info][gc,init] Version: 24-internal-adhoc.thomas.source (release)
[0.009s][info][gc,init] CPUs: 8 total, 6 available
[0.009s][info][gc,init] Memory: 15662M
[0.009s][info][gc,init] Large Page Support: Disabled
[0.009s][info][gc,init] NUMA Support: Disabled
[0.009s][info][gc,init] Compressed Oops: Enabled (Zero based)
[0.009s][info][gc,init] Heap Region Size: 2M
[0.009s][info][gc,init] Heap Min Capacity: 4G
[0.009s][info][gc,init] Heap Initial Capacity: 4G
[0.009s][info][gc,init] Heap Max Capacity: 4G
[0.009s][info][gc,init] Pre-touch: Disabled
[0.009s][info][gc,init] Parallel Workers: 6
[0.009s][info][gc,init] Concurrent Workers: 2
[0.009s][info][gc,init] Concurrent Refinement Workers: 6
[0.009s][info][gc,init] Periodic GC: Disabled
[0.009s][info][gc,metaspace] CDS archive(s) not mapped
[0.009s][info][gc,metaspace] Compressed class space mapped at: 0x0000000024000000-0x0000000064000000, reserved size: 1073741824
[0.009s][info][gc,metaspace] UseCompressedClassPointers 1, UseCompactObjectHeaders 1, narrow klass pointer bits 22, max shift 10
[0.009s][info][gc,metaspace] Narrow klass base: 0x0000000024000000, Narrow klass shift: 9, Narrow klass range: 0x40000000

SPECjbb2015 Java Business Benchmark
 (c) Standard Performance Evaluation Corporation, 2015

Preparing to launch All-in-one SPECjbb2015.

Reading property file: /shared/projects/openjdk/analysis/lilliput-benefits/specjbb/results-COH-ON-G1-2/./config/specjbb2015.props

     0s: Enumerating plugins...
     0s:    Connectivity:
     0s:             HTTP_Grizzly: Grizzly HTTP server, JDK HTTP client
     0s:              NIO_Grizzly: Grizzly NIO server, Grizzly NIO client
     0s:               HTTP_Jetty: Jetty HTTP server, JDK HTTP client
     0s:    Snapshot:
     0s:                 InMemory: Stores snapshots in heap memory
     0s:    Data Writers:
     0s:                     Demo: Send all frame to listener
     0s:                   InFile: Writing Data into file
     0s:                   Silent: Drop all frames
     0s: 
     0s: Kit validation is skipped.
     0s: Tests are skipped.
     0s: 
     0s: [0.989s][info][gc,start    ] GC(0) Pause Young (Normal) (G1 Evacuation Pause)
[0.990s][info][gc,task     ] GC(0) Using 6 workers of 6 for evacuation
[0.995s][info][gc,phases   ] GC(0)   Pre Evacuate Collection Set: 0.29ms
[0.995s][info][gc,phases   ] GC(0)   Merge Heap Roots: 0.10ms
[0.995s][info][gc,phases   ] GC(0)   Evacuate Collection Set: 4.35ms
[0.995s][info][gc,phases   ] GC(0)   Post Evacuate Collection Set: 0.47ms
[0.995s][info][gc,phases   ] GC(0)   Other: 0.55ms
[0.995s][info][gc,heap     ] GC(0) Eden regions: 102->0(99)
[0.995s][info][gc,heap     ] GC(0) Survivor regions: 0->3(13)
[0.995s][info][gc,heap     ] GC(0) Old regions: 0->0
[0.995s][info][gc,heap     ] GC(0) Humongous regions: 0->0
[0.995s][info][gc,metaspace] GC(0) Metaspace: 21099K(21312K)->21099K(21312K) NonClass: 17100K(17216K)->17100K(17216K) Class: 3999K(4096K)->3999K(4096K)
[0.995s][info][gc          ] GC(0) Pause Young (Normal) (G1 Evacuation Pause) 204M->4M(4096M) 5.939ms
[0.995s][info][gc,cpu      ] GC(0) User=0.01s Sys=0.02s Real=0.00s
[1.147s][info][gc,start    ] GC(1) Pause Young (Concurrent Start) (Metadata GC Threshold)
[1.147s][info][gc,task     ] GC(1) Using 6 workers of 6 for evacuation
[1.150s][info][gc,phases   ] GC(1)   Pre Evacuate Collection Set: 0.34ms
[1.150s][info][gc,phases   ] GC(1)   Merge Heap Roots: 0.04ms
[1.150s][info][gc,phases   ] GC(1)   Evacuate Collection Set: 2.51ms
[1.150s][info][gc,phases   ] GC(1)   Post Evacuate Collection Set: 0.36ms
[1.150s][info][gc,phases   ] GC(1)   Other: 0.08ms
[1.150s][info][gc,heap     ] GC(1) Eden regions: 47->0(99)
[1.150s][info][gc,heap     ] GC(1) Survivor regions: 3->3(13)
[1.150s][info][gc,heap     ] GC(1) Old regions: 0->0
[1.150s][info][gc,heap     ] GC(1) Humongous regions: 0->0
[1.150s][info][gc,metaspace] GC(1) Metaspace: 21412K(21504K)->21412K(21504K) NonClass: 17384K(17408K)->17384K(17408K) Class: 4028K(4096K)->4028K(4096K)
[1.150s][info][gc          ] GC(1) Pause Young (Concurrent Start) (Metadata GC Threshold) 98M->5M(4096M) 3.456ms
[1.150s][info][gc,cpu      ] GC(1) User=0.02s Sys=0.00s Real=0.01s
[1.150s][info][gc          ] GC(2) Concurrent Mark Cycle
[1.150s][info][gc,marking  ] GC(2) Concurrent Scan Root Regions
[1.152s][info][gc,marking  ] GC(2) Concurrent Scan Root Regions 1.412ms
[1.152s][info][gc,marking  ] GC(2) Concurrent Mark
[1.152s][info][gc,marking  ] GC(2) Concurrent Mark From Roots
[1.152s][info][gc,task     ] GC(2) Using 2 workers of 2 for marking
[1.152s][info][gc,marking  ] GC(2) Concurrent Mark From Roots 0.669ms
[1.152s][info][gc,marking  ] GC(2) Concurrent Preclean
[1.152s][info][gc,marking  ] GC(2) Concurrent Preclean 0.009ms
[1.152s][info][gc,start    ] GC(2) Pause Remark
[1.153s][info][gc          ] GC(2) Pause Remark 6M->6M(4096M) 0.941ms
[1.153s][info][gc,cpu      ] GC(2) User=0.00s Sys=0.00s Real=0.00s
[1.153s][info][gc,marking  ] GC(2) Concurrent Mark 1.748ms
[1.153s][info][gc,marking  ] GC(2) Concurrent Rebuild Remembered Sets and Scrub Regions
[1.153s][info][gc,marking  ] GC(2) Concurrent Rebuild Remembered Sets and Scrub Regions 0.064ms
[1.154s][info][gc,start    ] GC(2) Pause Cleanup
[1.154s][info][gc          ] GC(2) Pause Cleanup 6M->6M(4096M) 0.012ms
[1.154s][info][gc,cpu      ] GC(2) User=0.00s Sys=0.00s Real=0.00s
[1.154s][info][gc,marking  ] GC(2) Concurrent Clear Claimed Marks
[1.154s][info][gc,marking  ] GC(2) Concurrent Clear Claimed Marks 0.005ms
[1.154s][info][gc,marking  ] GC(2) Concurrent Cleanup for Next Mark
[1.160s][info][gc,marking  ] GC(2) Concurrent Cleanup for Next Mark 5.980ms
[1.160s][info][gc          ] GC(2) Concurrent Mark Cycle 9.385ms
Ladies and gentlemen, this is your Controller speaking.
     1s: We are delighted in having you for benchmark run today.
     1s: 
     1s: Binary log file is ./specjbb2015-C-20240905-00001.data.gz
     1s: 
     1s: Performing handshake with all agents ...
     1s: 
     1s:  Agent Group1.TxInjector.CompositeTxInjector has attached to Controller
     1s:  Agent Group1.Backend.CompositeBackend has attached to Controller
     1s: 
     1s: All agents have connected.
     1s: 
     1s: Attached agents info:

Group "Group1"
    TxInjectors:
        CompositeTxInjector, includes { Driver } @ [local in-Java link]
    Backends:
        CompositeBackend, includes { SM(2),SP(2) } @ [local in-Java link]

     1s: Initializing... (init[1.342s][info][gc,start    ] GC(3) Pause Young (Normal) (G1 Evacuation Pause)
[1.342s][info][gc,task     ] GC(3) Using 6 workers of 6 for evacuation
[1.405s][info][gc,phases   ] GC(3)   Pre Evacuate Collection Set: 0.30ms
[1.405s][info][gc,phases   ] GC(3)   Merge Heap Roots: 0.07ms
[1.405s][info][gc,phases   ] GC(3)   Evacuate Collection Set: 62.46ms
[1.405s][info][gc,phases   ] GC(3)   Post Evacuate Collection Set: 0.64ms
[1.405s][info][gc,phases   ] GC(3)   Other: 0.06ms
[1.405s][info][gc,heap     ] GC(3) Eden regions: 99->0(89)
[1.405s][info][gc,heap     ] GC(3) Survivor regions: 3->13(13)
[1.405s][info][gc,heap     ] GC(3) Old regions: 0->53
[1.405s][info][gc,heap     ] GC(3) Humongous regions: 15->15
[1.405s][info][gc,metaspace] GC(3) Metaspace: 22674K(22848K)->22674K(22848K) NonClass: 18412K(18496K)->18412K(18496K) Class: 4261K(4352K)->4261K(4352K)
[1.405s][info][gc          ] GC(3) Pause Young (Normal) (G1 Evacuation Pause) 233M->161M(4096M) 63.637ms
[1.405s][info][gc,cpu      ] GC(3) User=0.31s Sys=0.06s Real=0.06s
[1.534s][info][gc,start    ] GC(4) Pause Young (Normal) (G1 Evacuation Pause)
[1.534s][info][gc,task     ] GC(4) Using 6 workers of 6 for evacuation
[1.607s][info][gc,phases   ] GC(4)   Pre Evacuate Collection Set: 0.31ms
[1.607s][info][gc,phases   ] GC(4)   Merge Heap Roots: 0.21ms
[1.607s][info][gc,phases   ] GC(4)   Evacuate Collection Set: 71.95ms
[1.607s][info][gc,phases   ] GC(4)   Post Evacuate Collection Set: 0.45ms
[1.607s][info][gc,phases   ] GC(4)   Other: 0.05ms
[1.607s][info][gc,heap     ] GC(4) Eden regions: 89->0(89)
[1.607s][info][gc,heap     ] GC(4) Survivor regions: 13->13(13)
[1.607s][info][gc,heap     ] GC(4) Old regions: 53->121
[1.607s][info][gc,heap     ] GC(4) Humongous regions: 15->15
[1.607s][info][gc,metaspace] GC(4) Metaspace: 22703K(22912K)->22703K(22912K) NonClass: 18441K(18560K)->18441K(18560K) Class: 4261K(4352K)->4261K(4352K)
[1.607s][info][gc          ] GC(4) Pause Young (Normal) (G1 Evacuation Pause) 339M->297M(4096M) 73.124ms
[1.607s][info][gc,cpu      ] GC(4) User=0.40s Sys=0.04s Real=0.07s
[1.719s][info][gc,start    ] GC(5) Pause Young (Normal) (G1 Evacuation Pause)
[1.719s][info][gc,task     ] GC(5) Using 6 workers of 6 for evacuation
[1.788s][info][gc,phases   ] GC(5)   Pre Evacuate Collection Set: 0.39ms
[1.788s][info][gc,phases   ] GC(5)   Merge Heap Roots: 0.12ms
[1.788s][info][gc,phases   ] GC(5)   Evacuate Collection Set: 68.29ms
[1.788s][info][gc,phases   ] GC(5)   Post Evacuate Collection Set: 0.23ms
[1.788s][info][gc,phases   ] GC(5)   Other: 0.06ms
[1.788s][info][gc,heap     ] GC(5) Eden regions: 89->0(89)
[1.788s][info][gc,heap     ] GC(5) Survivor regions: 13->13(13)
[1.788s][info][gc,heap     ] GC(5) Old regions: 121->194
[1.788s][info][gc,heap     ] GC(5) Humongous regions: 17->17
[1.788s][info][gc,metaspace] GC(5) Metaspace: 22706K(22912K)->22706K(22912K) NonClass: 18444K(18560K)->18444K(18560K) Class: 4261K(4352K)->4261K(4352K)
[1.788s][info][gc          ] GC(5) Pause Young (Normal) (G1 Evacuation Pause) 479M->448M(4096M) 69.233ms
[1.788s][info][gc,cpu      ] GC(5) User=0.40s Sys=0.01s Real=0.06s
[1.888s][info][gc,start    ] GC(6) Pause Young (Normal) (G1 Evacuation Pause)
[1.888s][info][gc,task     ] GC(6) Using 6 workers of 6 for evacuation
[1.963s][info][gc,phases   ] GC(6)   Pre Evacuate Collection Set: 0.32ms
[1.963s][info][gc,phases   ] GC(6)   Merge Heap Roots: 0.12ms
[1.963s][info][gc,phases   ] GC(6)   Evacuate Collection Set: 73.31ms
[1.963s][info][gc,phases   ] GC(6)   Post Evacuate Collection Set: 0.23ms
[1.963s][info][gc,phases   ] GC(6)   Other: 0.05ms
[1.963s][info][gc,heap     ] GC(6) Eden regions: 89->0(89)
[1.963s][info][gc,heap     ] GC(6) Survivor regions: 13->13(13)
[1.963s][info][gc,heap     ] GC(6) Old regions: 194->271
[1.963s][info][gc,heap     ] GC(6) Humongous regions: 19->19
[1.963s][info][gc,metaspace] GC(6) Metaspace: 22708K(22912K)->22708K(22912K) NonClass: 18446K(18560K)->18446K(18560K) Class: 4261K(4352K)->4261K(4352K)
[1.963s][info][gc          ] GC(6) Pause Young (Normal) (G1 Evacuation Pause) 630M->606M(4096M) 74.182ms
[1.963s][info][gc,cpu      ] GC(6) User=0.41s Sys=0.02s Real=0.07s
[2.032s][info][gc,start    ] GC(7) Pause Young (Normal) (G1 Evacuation Pause)
[2.032s][info][gc,task     ] GC(7) Using 6 workers of 6 for evacuation
[2.125s][info][gc,phases   ] GC(7)   Pre Evacuate Collection Set: 0.34ms
[2.125s][info][gc,phases   ] GC(7)   Merge Heap Roots: 0.09ms
[2.125s][info][gc,phases   ] GC(7)   Evacuate Collection Set: 92.64ms
[2.125s][info][gc,phases   ] GC(7)   Post Evacuate Collection Set: 0.27ms
[2.125s][info][gc,phases   ] GC(7)   Other: 0.07ms
[2.125s][info][gc,heap     ] GC(7) Eden regions: 89->0(89)
[2.125s][info][gc,heap     ] GC(7) Survivor regions: 13->13(13)
[2.125s][info][gc,heap     ] GC(7) Old regions: 271->348
[2.125s][info][gc,heap     ] GC(7) Humongous regions: 19->19
[2.125s][info][gc,metaspace] GC(7) Metaspace: 22727K(22976K)->22727K(22976K) NonClass: 18463K(18560K)->18463K(18560K) Class: 4263K(4416K)->4263K(4416K)
[2.125s][info][gc          ] GC(7) Pause Young (Normal) (G1 Evacuation Pause) 784M->760M(4096M) 93.540ms
[2.125s][info][gc,cpu      ] GC(7) User=0.52s Sys=0.03s Real=0.09s
[2.373s][info][gc,start    ] GC(8) Pause Young (Normal) (G1 Evacuation Pause)
[2.373s][info][gc,task     ] GC(8) Using 6 workers of 6 for evacuation
[2.447s][info][gc,phases   ] GC(8)   Pre Evacuate Collection Set: 0.29ms
[2.447s][info][gc,phases   ] GC(8)   Merge Heap Roots: 0.09ms
[2.447s][info][gc,phases   ] GC(8)   Evacuate Collection Set: 73.37ms
[2.447s][info][gc,phases   ] GC(8)   Post Evacuate Collection Set: 0.33ms
[2.447s][info][gc,phases   ] GC(8)   Other: 0.06ms
[2.447s][info][gc,heap     ] GC(8) Eden regions: 89->0(89)
[2.447s][info][gc,heap     ] GC(8) Survivor regions: 13->13(13)
[2.447s][info][gc,heap     ] GC(8) Old regions: 348->402
[2.447s][info][gc,heap     ] GC(8) Humongous regions: 29->29
[2.447s][info][gc,metaspace] GC(8) Metaspace: 22755K(22976K)->22755K(22976K) NonClass: 18491K(18560K)->18491K(18560K) Class: 4264K(4416K)->4264K(4416K)
[2.447s][info][gc          ] GC(8) Pause Young (Normal) (G1 Evacuation Pause) 958M->888M(4096M) 74.282ms
[2.447s][info][gc,cpu      ] GC(8) User=0.43s Sys=0.01s Real=0.07s
[2.627s][info][gc,start    ] GC(9) Pause Young (Normal) (G1 Evacuation Pause)
[2.627s][info][gc,task     ] GC(9) Using 6 workers of 6 for evacuation
[2.731s][info][gc,phases   ] GC(9)   Pre Evacuate Collection Set: 0.36ms
[2.731s][info][gc,phases   ] GC(9)   Merge Heap Roots: 0.41ms
[2.731s][info][gc,phases   ] GC(9)   Evacuate Collection Set: 103.31ms
[2.731s][info][gc,phases   ] GC(9)   Post Evacuate Collection Set: 0.34ms
[2.731s][info][gc,phases   ] GC(9)   Other: 0.06ms
[2.731s][info][gc,heap     ] GC(9) Eden regions: 89->0(89)
[2.731s][info][gc,heap     ] GC(9) Survivor regions: 13->13(13)
[2.731s][info][gc,heap     ] GC(9) Old regions: 402->449
[2.731s][info][gc,heap     ] GC(9) Humongous regions: 37->37
[2.731s][info][gc,metaspace] GC(9) Metaspace: 22795K(23040K)->22795K(23040K) NonClass: 18529K(18624K)->18529K(18624K) Class: 4266K(4416K)->4266K(4416K)
[2.731s][info][gc          ] GC(9) Pause Young (Normal) (G1 Evacuation Pause) 1082M->997M(4096M) 104.644ms
[2.731s][info][gc,cpu      ] GC(9) User=0.60s Sys=0.02s Real=0.11s
) OK
     2s: 
     2s: Check whether properties are compliant
     2s: (validation=PASSED) Property settings are COMPLIANT.
     2s: 
     2s: Searching for high-bound for max-jOPS possible for this system
     2s: Searching from base IR = 100
     2s:       rampup IR =      0 [reconfig (term) [2.974s][info][gc,start    ] GC(10) Pause Full (System.gc())
[2.974s][info][gc,task     ] GC(10) Using 6 workers of 6 for full compaction
[2.975s][info][gc,phases,start] GC(10) Phase 1: Mark live objects
[2.990s][info][gc,phases      ] GC(10) Phase 1: Mark live objects 15.284ms
[2.990s][info][gc,phases,start] GC(10) Phase 2: Prepare compaction
[2.997s][info][gc,phases      ] GC(10) Phase 2: Prepare compaction 7.167ms
[2.997s][info][gc,phases,start] GC(10) Phase 3: Adjust pointers
[3.005s][info][gc,phases      ] GC(10) Phase 3: Adjust pointers 8.060ms
[3.005s][info][gc,phases,start] GC(10) Phase 4: Compact heap
[3.016s][info][gc,phases      ] GC(10) Phase 4: Compact heap 10.341ms
[3.016s][info][gc,phases,start] GC(10) Phase 5: Reset Metadata
[3.017s][info][gc,phases      ] GC(10) Phase 5: Reset Metadata 1.349ms
[3.022s][info][gc,heap        ] GC(10) Eden regions: 61->0(102)
[3.022s][info][gc,heap        ] GC(10) Survivor regions: 13->0(13)
[3.022s][info][gc,heap        ] GC(10) Old regions: 449->31
[3.022s][info][gc,heap        ] GC(10) Humongous regions: 46->13
[3.022s][info][gc,metaspace   ] GC(10) Metaspace: 23056K(23232K)->23056K(23232K) NonClass: 18749K(18816K)->18749K(18816K) Class: 4307K(4416K)->4307K(4416K)
[3.022s][info][gc             ] GC(10) Pause Full (System.gc()) 1135M->86M(4096M) 47.671ms
[3.022s][info][gc,cpu         ] GC(10) User=0.25s Sys=0.01s Real=0.05s
(init[3.329s][info][gc,start       ] GC(11) Pause Young (Normal) (G1 Evacuation Pause)
[3.329s][info][gc,task        ] GC(11) Using 6 workers of 6 for evacuation
[3.384s][info][gc,phases      ] GC(11)   Pre Evacuate Collection Set: 0.37ms
[3.384s][info][gc,phases      ] GC(11)   Merge Heap Roots: 0.06ms
[3.384s][info][gc,phases      ] GC(11)   Evacuate Collection Set: 54.51ms
[3.384s][info][gc,phases      ] GC(11)   Post Evacuate Collection Set: 0.36ms
[3.384s][info][gc,phases      ] GC(11)   Other: 0.05ms
[3.384s][info][gc,heap        ] GC(11) Eden regions: 102->0(89)
[3.384s][info][gc,heap        ] GC(11) Survivor regions: 0->13(13)
[3.384s][info][gc,heap        ] GC(11) Old regions: 31->90
[3.384s][info][gc,heap        ] GC(11) Humongous regions: 15->15
[3.384s][info][gc,metaspace   ] GC(11) Metaspace: 23063K(23232K)->23063K(23232K) NonClass: 18755K(18816K)->18755K(18816K) Class: 4307K(4416K)->4307K(4416K)
[3.384s][info][gc             ] GC(11) Pause Young (Normal) (G1 Evacuation Pause) 294M->233M(4096M) 55.495ms
[3.384s][info][gc,cpu         ] GC(11) User=0.32s Sys=0.00s Real=0.05s
[3.467s][info][gc,start       ] GC(12) Pause Young (Normal) (G1 Evacuation Pause)
[3.467s][info][gc,task        ] GC(12) Using 6 workers of 6 for evacuation
[3.543s][info][gc,phases      ] GC(12)   Pre Evacuate Collection Set: 0.34ms
[3.543s][info][gc,phases      ] GC(12)   Merge Heap Roots: 0.24ms
[3.543s][info][gc,phases      ] GC(12)   Evacuate Collection Set: 74.70ms
[3.543s][info][gc,phases      ] GC(12)   Post Evacuate Collection Set: 0.26ms
[3.543s][info][gc,phases      ] GC(12)   Other: 0.06ms
[3.543s][info][gc,heap        ] GC(12) Eden regions: 89->0(89)
[3.543s][info][gc,heap        ] GC(12) Survivor regions: 13->13(13)
[3.543s][info][gc,heap        ] GC(12) Old regions: 90->160
[3.543s][info][gc,heap        ] GC(12) Humongous regions: 15->15
[3.543s][info][gc,metaspace   ] GC(12) Metaspace: 23063K(23232K)->23063K(23232K) NonClass: 18755K(18816K)->18755K(18816K) Class: 4307K(4416K)->4307K(4416K)
[3.543s][info][gc             ] GC(12) Pause Young (Normal) (G1 Evacuation Pause) 411M->374M(4096M) 75.743ms
[3.543s][info][gc,cpu         ] GC(12) User=0.45s Sys=0.00s Real=0.08s
[3.580s][info][gc,start       ] GC(13) Pause Young (Normal) (G1 Evacuation Pause)
[3.580s][info][gc,task        ] GC(13) Using 6 workers of 6 for evacuation
[3.652s][info][gc,phases      ] GC(13)   Pre Evacuate Collection Set: 0.34ms
[3.652s][info][gc,phases      ] GC(13)   Merge Heap Roots: 0.09ms
[3.652s][info][gc,phases      ] GC(13)   Evacuate Collection Set: 70.90ms
[3.652s][info][gc,phases      ] GC(13)   Post Evacuate Collection Set: 0.23ms
[3.652s][info][gc,phases      ] GC(13)   Other: 0.05ms
[3.652s][info][gc,heap        ] GC(13) Eden regions: 89->0(89)
[3.652s][info][gc,heap        ] GC(13) Survivor regions: 13->13(13)
[3.652s][info][gc,heap        ] GC(13) Old regions: 160->236
[3.652s][info][gc,heap        ] GC(13) Humongous regions: 15->15
[3.652s][info][gc,metaspace   ] GC(13) Metaspace: 23063K(23232K)->23063K(23232K) NonClass: 18755K(18816K)->18755K(18816K) Class: 4307K(4416K)->4307K(4416K)
[3.652s][info][gc             ] GC(13) Pause Young (Normal) (G1 Evacuation Pause) 552M->525M(4096M) 71.767ms
[3.652s][info][gc,cpu         ] GC(13) User=0.42s Sys=0.01s Real=0.07s
[3.680s][info][gc,start       ] GC(14) Pause Young (Normal) (G1 Evacuation Pause)
[3.680s][info][gc,task        ] GC(14) Using 6 workers of 6 for evacuation
[3.754s][info][gc,phases      ] GC(14)   Pre Evacuate Collection Set: 0.35ms
[3.754s][info][gc,phases      ] GC(14)   Merge Heap Roots: 0.10ms
[3.754s][info][gc,phases      ] GC(14)   Evacuate Collection Set: 72.60ms
[3.754s][info][gc,phases      ] GC(14)   Post Evacuate Collection Set: 0.25ms
[3.754s][info][gc,phases      ] GC(14)   Other: 0.06ms
[3.754s][info][gc,heap        ] GC(14) Eden regions: 89->0(89)
[3.754s][info][gc,heap        ] GC(14) Survivor regions: 13->13(13)
[3.754s][info][gc,heap        ] GC(14) Old regions: 236->312
[3.754s][info][gc,heap        ] GC(14) Humongous regions: 15->15
[3.754s][info][gc,metaspace   ] GC(14) Metaspace: 23066K(23232K)->23066K(23232K) NonClass: 18758K(18816K)->18758K(18816K) Class: 4307K(4416K)->4307K(4416K)
[3.754s][info][gc             ] GC(14) Pause Young (Normal) (G1 Evacuation Pause) 703M->677M(4096M) 73.503ms
[3.754s][info][gc,cpu         ] GC(14) User=0.44s Sys=0.00s Real=0.07s
[3.911s][info][gc,start       ] GC(15) Pause Young (Normal) (G1 Evacuation Pause)
[3.912s][info][gc,task        ] GC(15) Using 6 workers of 6 for evacuation
[3.980s][info][gc,phases      ] GC(15)   Pre Evacuate Collection Set: 0.32ms
[3.980s][info][gc,phases      ] GC(15)   Merge Heap Roots: 0.16ms
[3.980s][info][gc,phases      ] GC(15)   Evacuate Collection Set: 67.70ms
[3.980s][info][gc,phases      ] GC(15)   Post Evacuate Collection Set: 0.24ms
[3.980s][info][gc,phases      ] GC(15)   Other: 0.05ms
[3.980s][info][gc,heap        ] GC(15) Eden regions: 89->0(102)
[3.980s][info][gc,heap        ] GC(15) Survivor regions: 13->13(13)
[3.980s][info][gc,heap        ] GC(15) Old regions: 312->375
[3.980s][info][gc,heap        ] GC(15) Humongous regions: 25->25
[3.980s][info][gc,metaspace   ] GC(15) Metaspace: 23074K(23296K)->23074K(23296K) NonClass: 18767K(18880K)->18767K(18880K) Class: 4307K(4416K)->4307K(4416K)
[3.980s][info][gc             ] GC(15) Pause Young (Normal) (G1 Evacuation Pause) 875M->824M(4096M) 68.629ms
[3.980s][info][gc,cpu         ] GC(15) User=0.40s Sys=0.00s Real=0.07s
[4.127s][info][gc,start       ] GC(16) Pause Young (Normal) (G1 Evacuation Pause)
[4.127s][info][gc,task        ] GC(16) Using 6 workers of 6 for evacuation
[4.213s][info][gc,phases      ] GC(16)   Pre Evacuate Collection Set: 0.31ms
[4.213s][info][gc,phases      ] GC(16)   Merge Heap Roots: 0.27ms
[4.213s][info][gc,phases      ] GC(16)   Evacuate Collection Set: 85.78ms
[4.213s][info][gc,phases      ] GC(16)   Post Evacuate Collection Set: 0.35ms
[4.213s][info][gc,phases      ] GC(16)   Other: 0.05ms
[4.213s][info][gc,heap        ] GC(16) Eden regions: 93->0(112)
[4.213s][info][gc,heap        ] GC(16) Survivor regions: 13->14(14)
[4.213s][info][gc,heap        ] GC(16) Old regions: 375->440
[4.213s][info][gc,heap        ] GC(16) Humongous regions: 34->34
[4.213s][info][gc,metaspace   ] GC(16) Metaspace: 23076K(23296K)->23076K(23296K) NonClass: 18768K(18880K)->18768K(18880K) Class: 4307K(4416K)->4307K(4416K)
[4.213s][info][gc             ] GC(16) Pause Young (Normal) (G1 Evacuation Pause) 1028M->974M(4096M) 86.886ms
[4.213s][info][gc,cpu         ] GC(16) User=0.51s Sys=0.00s Real=0.09s
[4.560s][info][gc,start       ] GC(17) Pause Young (Normal) (G1 Evacuation Pause)
[4.560s][info][gc,task        ] GC(17) Using 6 workers of 6 for evacuation
[4.651s][info][gc,phases      ] GC(17)   Pre Evacuate Collection Set: 0.27ms
[4.651s][info][gc,phases      ] GC(17)   Merge Heap Roots: 0.28ms
[4.651s][info][gc,phases      ] GC(17)   Evacuate Collection Set: 90.00ms
[4.651s][info][gc,phases      ] GC(17)   Post Evacuate Collection Set: 0.42ms
[4.651s][info][gc,phases      ] GC(17)   Other: 0.05ms
[4.651s][info][gc,heap        ] GC(17) Eden regions: 98->0(119)
[4.651s][info][gc,heap        ] GC(17) Survivor regions: 14->14(14)
[4.651s][info][gc,heap        ] GC(17) Old regions: 440->497
[4.651s][info][gc,heap        ] GC(17) Humongous regions: 45->45
[4.651s][info][gc,metaspace   ] GC(17) Metaspace: 23076K(23296K)->23076K(23296K) NonClass: 18768K(18880K)->18768K(18880K) Class: 4307K(4416K)->4307K(4416K)
[4.651s][info][gc             ] GC(17) Pause Young (Normal) (G1 Evacuation Pause) 1192M->1109M(4096M) 91.186ms
[4.651s][info][gc,cpu         ] GC(17) User=0.53s Sys=0.02s Real=0.09s
) ] ... (rIR:aIR:PR = 0:0:0) (tPR = 0) [OK] 
     7s:       rampup IR =     10 ... (rIR:aIR:PR = 10:9:9) (tPR = 624) [OK] 
    10s:       rampup IR =     20 ... (rIR:aIR:PR = 20:20:20) (tPR = 1591) [OK] 
    13s:       rampup IR =     30 .... (rIR:aIR:PR = 30:33:33) (tPR = 2729) [OK] 
    17s:       rampup IR =     40 .... (rIR:aIR:PR = 40:39:39) (tPR = 2730) [OK] 
    21s:       rampup IR =     50 ...[25.094s][info][gc,start       ] GC(18) Pause Young (Normal) (G1 Evacuation Pause)
[25.094s][info][gc,task        ] GC(18) Using 6 workers of 6 for evacuation
[25.130s][info][gc,phases      ] GC(18)   Pre Evacuate Collection Set: 0.34ms
[25.130s][info][gc,phases      ] GC(18)   Merge Heap Roots: 0.45ms
[25.130s][info][gc,phases      ] GC(18)   Evacuate Collection Set: 33.99ms
[25.130s][info][gc,phases      ] GC(18)   Post Evacuate Collection Set: 0.33ms
[25.130s][info][gc,phases      ] GC(18)   Other: 0.06ms
[25.130s][info][gc,heap        ] GC(18) Eden regions: 94->0(136)
[25.130s][info][gc,heap        ] GC(18) Survivor regions: 14->7(14)
[25.130s][info][gc,heap        ] GC(18) Old regions: 497->512
[25.130s][info][gc,heap        ] GC(18) Humongous regions: 46->46
[25.130s][info][gc,metaspace   ] GC(18) Metaspace: 25034K(25152K)->25034K(25152K) NonClass: 20548K(20608K)->20548K(20608K) Class: 4486K(4544K)->4486K(4544K)
[25.130s][info][gc             ] GC(18) Pause Young (Normal) (G1 Evacuation Pause) 1299M->1126M(4096M) 35.328ms
[25.130s][info][gc,cpu         ] GC(18) User=0.21s Sys=0.00s Real=0.04s
. (rIR:aIR:PR = 50:53:52) (tPR = 3634) [OK] 
    25s:       rampup IR =     60 .... (rIR:aIR:PR = 60:62:60) (tPR = 4208) [OK] 
    29s:       rampup IR =     70 .... (rIR:aIR:PR = 70:69:67) (tPR = 4295) [OK] 
    33s:       rampup IR =     80 .... (rIR:aIR:PR = 80:81:79) (tPR = 4269) [OK] 
    37s:       rampup IR =     90 .... (rIR:aIR:PR = 90:84:82) (tPR = 3970) [OK] 
    41s:       rampup IR =    100 .... (rIR:aIR:PR = 100:101:98) (tPR = 4840) [OK] 
    45s:    snapshot, IR =    100 [46.537s][info][gc,start       ] GC(19) Pause Young (Normal) (G1 Evacuation Pause)
[46.537s][info][gc,task        ] GC(19) Using 6 workers of 6 for evacuation
[46.558s][info][gc,phases      ] GC(19)   Pre Evacuate Collection Set: 0.35ms
[46.558s][info][gc,phases      ] GC(19)   Merge Heap Roots: 0.19ms
[46.558s][info][gc,phases      ] GC(19)   Evacuate Collection Set: 20.54ms
[46.558s][info][gc,phases      ] GC(19)   Post Evacuate Collection Set: 0.38ms
[46.558s][info][gc,phases      ] GC(19)   Other: 0.07ms
[46.558s][info][gc,heap        ] GC(19) Eden regions: 158->0(189)
[46.558s][info][gc,heap        ] GC(19) Survivor regions: 7->16(21)
[46.558s][info][gc,heap        ] GC(19) Old regions: 512->512
[46.558s][info][gc,heap        ] GC(19) Humongous regions: 46->46
[46.558s][info][gc,metaspace   ] GC(19) Metaspace: 25222K(25408K)->25222K(25408K) NonClass: 20733K(20864K)->20733K(20864K) Class: 4488K(4544K)->4488K(4544K)
[46.558s][info][gc             ] GC(19) Pause Young (Normal) (G1 Evacuation Pause) 1442M->1146M(4096M) 21.658ms
[46.558s][info][gc,cpu         ] GC(19) User=0.12s Sys=0.01s Real=0.03s
....|...................[69.595s][info][gc,start       ] GC(20) Pause Young (Normal) (G1 Evacuation Pause)
[69.595s][info][gc,task        ] GC(20) Using 6 workers of 6 for evacuation
[69.629s][info][gc,phases      ] GC(20)   Pre Evacuate Collection Set: 0.35ms
[69.629s][info][gc,phases      ] GC(20)   Merge Heap Roots: 0.18ms
[69.629s][info][gc,phases      ] GC(20)   Evacuate Collection Set: 32.86ms
[69.629s][info][gc,phases      ] GC(20)   Post Evacuate Collection Set: 0.43ms
[69.629s][info][gc,phases      ] GC(20)   Other: 0.07ms
[69.629s][info][gc,heap        ] GC(20) Eden regions: 214->0(237)
[69.629s][info][gc,heap        ] GC(20) Survivor regions: 16->25(29)
[69.629s][info][gc,heap        ] GC(20) Old regions: 512->517
[69.629s][info][gc,heap        ] GC(20) Humongous regions: 46->46
[69.629s][info][gc,metaspace   ] GC(20) Metaspace: 27192K(27392K)->27192K(27392K) NonClass: 22382K(22464K)->22382K(22464K) Class: 4810K(4928K)->4810K(4928K)
[69.629s][info][gc             ] GC(20) Pause Young (Normal) (G1 Evacuation Pause) 1574M->1173M(4096M) 34.030ms
[69.629s][info][gc,cpu         ] GC(20) User=0.18s Sys=0.02s Real=0.04s
........... (rIR:aIR:PR = 100:100:98) (tPR = 3257) [OK] 
    79s: Performing snapshot: (quiescence.....) (stop TxI) (stop BE) (saving... 103354 Kb) (term) [86.667s][info][gc,start       ] GC(21) Pause Full (System.gc())
[86.667s][info][gc,task        ] GC(21) Using 6 workers of 6 for full compaction
[86.668s][info][gc,phases,start] GC(21) Phase 1: Mark live objects
[86.683s][info][gc,phases      ] GC(21) Phase 1: Mark live objects 15.061ms
[86.683s][info][gc,phases,start] GC(21) Phase 2: Prepare compaction
[86.686s][info][gc,phases      ] GC(21) Phase 2: Prepare compaction 2.732ms
[86.686s][info][gc,phases,start] GC(21) Phase 3: Adjust pointers
[86.692s][info][gc,phases      ] GC(21) Phase 3: Adjust pointers 6.734ms
[86.692s][info][gc,phases,start] GC(21) Phase 4: Compact heap
[86.695s][info][gc,phases      ] GC(21) Phase 4: Compact heap 2.844ms
[86.695s][info][gc,phases,start] GC(21) Phase 5: Reset Metadata
[86.699s][info][gc,phases      ] GC(21) Phase 5: Reset Metadata 4.028ms
[86.706s][info][gc,heap        ] GC(21) Eden regions: 174->0(279)
[86.706s][info][gc,heap        ] GC(21) Survivor regions: 25->0(29)
[86.706s][info][gc,heap        ] GC(21) Old regions: 517->33
[86.706s][info][gc,heap        ] GC(21) Humongous regions: 331->66
[86.706s][info][gc,metaspace   ] GC(21) Metaspace: 27386K(27584K)->27386K(27584K) NonClass: 22567K(22656K)->22567K(22656K) Class: 4819K(4928K)->4819K(4928K)
[86.706s][info][gc             ] GC(21) Pause Full (System.gc()) 2090M->193M(4096M) 38.562ms
[86.706s][info][gc,cpu         ] GC(21) User=0.20s Sys=0.00s Real=0.04s
(init[87.358s][info][gc,start       ] GC(22) Pause Young (Normal) (G1 Evacuation Pause)
[87.358s][info][gc,task        ] GC(22) Using 6 workers of 6 for evacuation
[87.518s][info][gc,phases      ] GC(22)   Pre Evacuate Collection Set: 0.33ms
[87.518s][info][gc,phases      ] GC(22)   Merge Heap Roots: 0.29ms
[87.518s][info][gc,phases      ] GC(22)   Evacuate Collection Set: 158.80ms
[87.518s][info][gc,phases      ] GC(22)   Post Evacuate Collection Set: 0.40ms
[87.518s][info][gc,phases      ] GC(22)   Other: 0.07ms
[87.518s][info][gc,heap        ] GC(22) Eden regions: 269->0(215)
[87.518s][info][gc,heap        ] GC(22) Survivor regions: 0->34(34)
[87.518s][info][gc,heap        ] GC(22) Old regions: 33->92
[87.518s][info][gc,heap        ] GC(22) Humongous regions: 107->107
[87.518s][info][gc,metaspace   ] GC(22) Metaspace: 27466K(27712K)->27466K(27712K) NonClass: 22638K(22784K)->22638K(22784K) Class: 4828K(4928K)->4828K(4928K)
[87.518s][info][gc             ] GC(22) Pause Young (Normal) (G1 Evacuation Pause) 813M->461M(4096M) 160.024ms
[87.518s][info][gc,cpu         ] GC(22) User=0.91s Sys=0.03s Real=0.16s
[87.856s][info][gc,start       ] GC(23) Pause Young (Normal) (G1 Evacuation Pause)
[87.856s][info][gc,task        ] GC(23) Using 6 workers of 6 for evacuation
[88.005s][info][gc,phases      ] GC(23)   Pre Evacuate Collection Set: 0.30ms
[88.005s][info][gc,phases      ] GC(23)   Merge Heap Roots: 0.32ms
[88.005s][info][gc,phases      ] GC(23)   Evacuate Collection Set: 147.79ms
[88.005s][info][gc,phases      ] GC(23)   Post Evacuate Collection Set: 0.38ms
[88.005s][info][gc,phases      ] GC(23)   Other: 0.06ms
[88.005s][info][gc,heap        ] GC(23) Eden regions: 205->0(204)
[88.005s][info][gc,heap        ] GC(23) Survivor regions: 34->30(30)
[88.005s][info][gc,heap        ] GC(23) Old regions: 92->208
[88.005s][info][gc,heap        ] GC(23) Humongous regions: 122->121
[88.005s][info][gc,metaspace   ] GC(23) Metaspace: 27484K(27712K)->27484K(27712K) NonClass: 22653K(22784K)->22653K(22784K) Class: 4830K(4928K)->4830K(4928K)
[88.005s][info][gc             ] GC(23) Pause Young (Normal) (G1 Evacuation Pause) 901M->713M(4096M) 148.968ms
[88.005s][info][gc,cpu         ] GC(23) User=0.88s Sys=0.00s Real=0.15s
[88.503s][info][gc,start       ] GC(24) Pause Young (Normal) (G1 Evacuation Pause)
[88.503s][info][gc,task        ] GC(24) Using 6 workers of 6 for evacuation
[88.623s][info][gc,phases      ] GC(24)   Pre Evacuate Collection Set: 0.33ms
[88.623s][info][gc,phases      ] GC(24)   Merge Heap Roots: 0.38ms
[88.623s][info][gc,phases      ] GC(24)   Evacuate Collection Set: 118.38ms
[88.623s][info][gc,phases      ] GC(24)   Post Evacuate Collection Set: 0.34ms
[88.623s][info][gc,phases      ] GC(24)   Other: 0.05ms
[88.623s][info][gc,heap        ] GC(24) Eden regions: 196->0(222)
[88.623s][info][gc,heap        ] GC(24) Survivor regions: 30->29(29)
[88.623s][info][gc,heap        ] GC(24) Old regions: 208->285
[88.623s][info][gc,heap        ] GC(24) Humongous regions: 162->160
[88.623s][info][gc,metaspace   ] GC(24) Metaspace: 27493K(27712K)->27493K(27712K) NonClass: 22661K(22784K)->22661K(22784K) Class: 4831K(4928K)->4831K(4928K)
[88.623s][info][gc             ] GC(24) Pause Young (Normal) (G1 Evacuation Pause) 1187M->942M(4096M) 119.610ms
[88.623s][info][gc,cpu         ] GC(24) User=0.70s Sys=0.00s Real=0.12s
[88.682s][info][gc,start       ] GC(25) Pause Young (Normal) (G1 Evacuation Pause)
[88.682s][info][gc,task        ] GC(25) Using 6 workers of 6 for evacuation
[88.870s][info][gc,phases      ] GC(25)   Pre Evacuate Collection Set: 0.34ms
[88.870s][info][gc,phases      ] GC(25)   Merge Heap Roots: 0.18ms
[88.870s][info][gc,phases      ] GC(25)   Evacuate Collection Set: 187.84ms
[88.870s][info][gc,phases      ] GC(25)   Post Evacuate Collection Set: 0.32ms
[88.870s][info][gc,phases      ] GC(25)   Other: 0.06ms
[88.870s][info][gc,heap        ] GC(25) Eden regions: 249->0(180)
[88.870s][info][gc,heap        ] GC(25) Survivor regions: 29->35(35)
[88.870s][info][gc,heap        ] GC(25) Old regions: 285->496
[88.870s][info][gc,heap        ] GC(25) Humongous regions: 160->160
[88.870s][info][gc,metaspace   ] GC(25) Metaspace: 27494K(27712K)->27494K(27712K) NonClass: 22663K(22784K)->22663K(22784K) Class: 4831K(4928K)->4831K(4928K)
[88.870s][info][gc             ] GC(25) Pause Young (Normal) (G1 Evacuation Pause) 1440M->1376M(4096M) 188.883ms
[88.871s][info][gc,cpu         ] GC(25) User=1.08s Sys=0.01s Real=0.19s
) ...
    91s:       rampup IR =      0 ... (rIR:aIR:PR = 0:0:0) (tPR = 0) [OK] 
    94s:       rampup IR =     10 ... (rIR:aIR:PR = 10:10:10) (tPR = 409) [OK] 
    97s:       rampup IR =     20 ... (rIR:aIR:PR = 20:19:19) (tPR = 468) [OK] 
   100s:       rampup IR =     30 .... (rIR:aIR:PR = 30:33:33) (tPR = 641) [OK] 
   104s:       rampup IR =     40 .... (rIR:aIR:PR = 40:41:41) (tPR = 1040) [OK] 
   108s:       rampup IR =     50 .... (rIR:aIR:PR = 50:50:49) (tPR = 950) [OK] 
   112s:       rampup IR =     60 .... (rIR:aIR:PR = 60:61:60) (tPR = 1388) [OK] 
   116s:       rampup IR =     70 .... (rIR:aIR:PR = 70:68:66) (tPR = 1538) [OK] 
   120s:       rampup IR =     80 .... (rIR:aIR:PR = 80:78:76) (tPR = 1832) [OK] 
   124s:       rampup IR =     90 .... (rIR:aIR:PR = 90:87:85) (tPR = 2258) [OK] 
   128s:       rampup IR =    100 .... (rIR:aIR:PR = 100:100:98) (tPR = 1987) [OK] 
   132s:       trying IR =    200 .[134.757s][info][gc,start       ] GC(26) Pause Young (Normal) (G1 Evacuation Pause)
[134.757s][info][gc,task        ] GC(26) Using 6 workers of 6 for evacuation
[134.824s][info][gc,phases      ] GC(26)   Pre Evacuate Collection Set: 0.38ms
[134.824s][info][gc,phases      ] GC(26)   Merge Heap Roots: 0.48ms
[134.824s][info][gc,phases      ] GC(26)   Evacuate Collection Set: 65.61ms
[134.824s][info][gc,phases      ] GC(26)   Post Evacuate Collection Set: 0.47ms
[134.824s][info][gc,phases      ] GC(26)   Other: 0.06ms
[134.824s][info][gc,heap        ] GC(26) Eden regions: 183->0(229)
[134.824s][info][gc,heap        ] GC(26) Survivor regions: 35->28(28)
[134.824s][info][gc,heap        ] GC(26) Old regions: 496->548
[134.824s][info][gc,heap        ] GC(26) Humongous regions: 160->160
[134.824s][info][gc,metaspace   ] GC(26) Metaspace: 27620K(27840K)->27620K(27840K) NonClass: 22788K(22912K)->22788K(22912K) Class: 4831K(4928K)->4831K(4928K)
[134.824s][info][gc             ] GC(26) Pause Young (Normal) (G1 Evacuation Pause) 1742M->1467M(4096M) 67.114ms
[134.824s][info][gc,cpu         ] GC(26) User=0.40s Sys=0.00s Real=0.07s
... (rIR:aIR:PR = 200:193:189) (tPR = 4108) [OK] 
   136s:       trying IR =    220 .... (rIR:aIR:PR = 220:231:226) (tPR = 4384) [OK] 
   140s:       trying IR =    244 .... (rIR:aIR:PR = 244:247:242) (tPR = 4934) [OK] 
   144s:       trying IR =    273 .... (rIR:aIR:PR = 273:275:270) (tPR = 5312) [OK] 
   148s:       trying IR =    307 [149.927s][info][gc,start       ] GC(27) Pause Young (Normal) (G1 Evacuation Pause)
[149.927s][info][gc,task        ] GC(27) Using 6 workers of 6 for evacuation
[149.972s][info][gc,phases      ] GC(27)   Pre Evacuate Collection Set: 0.34ms
[149.972s][info][gc,phases      ] GC(27)   Merge Heap Roots: 0.52ms
[149.972s][info][gc,phases      ] GC(27)   Evacuate Collection Set: 44.13ms
[149.972s][info][gc,phases      ] GC(27)   Post Evacuate Collection Set: 0.38ms
[149.972s][info][gc,phases      ] GC(27)   Other: 0.06ms
[149.972s][info][gc,heap        ] GC(27) Eden regions: 223->0(305)
[149.972s][info][gc,heap        ] GC(27) Survivor regions: 28->17(32)
[149.972s][info][gc,heap        ] GC(27) Old regions: 548->577
[149.972s][info][gc,heap        ] GC(27) Humongous regions: 160->160
[149.972s][info][gc,metaspace   ] GC(27) Metaspace: 27732K(27968K)->27732K(27968K) NonClass: 22899K(23040K)->22899K(23040K) Class: 4833K(4928K)->4833K(4928K)
[149.972s][info][gc             ] GC(27) Pause Young (Normal) (G1 Evacuation Pause) 1913M->1503M(4096M) 45.576ms
[149.972s][info][gc,cpu         ] GC(27) User=0.27s Sys=0.00s Real=0.05s
.... (rIR:aIR:PR = 307:313:306) (tPR = 5764) [OK] 
   152s:       trying IR =    349 .... (rIR:aIR:PR = 349:345:337) (tPR = 7004) [OK] 
   156s:       trying IR =    399 ...[160.717s][info][gc,start       ] GC(28) Pause Young (Normal) (G1 Evacuation Pause)
[160.717s][info][gc,task        ] GC(28) Using 6 workers of 6 for evacuation
[160.759s][info][gc,phases      ] GC(28)   Pre Evacuate Collection Set: 0.39ms
[160.759s][info][gc,phases      ] GC(28)   Merge Heap Roots: 0.48ms
[160.759s][info][gc,phases      ] GC(28)   Evacuate Collection Set: 40.56ms
[160.759s][info][gc,phases      ] GC(28)   Post Evacuate Collection Set: 0.52ms
[160.759s][info][gc,phases      ] GC(28)   Other: 0.07ms
[160.759s][info][gc,heap        ] GC(28) Eden regions: 307->0(340)
[160.759s][info][gc,heap        ] GC(28) Survivor regions: 17->34(41)
[160.759s][info][gc,heap        ] GC(28) Old regions: 577->577
[160.759s][info][gc,heap        ] GC(28) Humongous regions: 160->160
[160.759s][info][gc,metaspace   ] GC(28) Metaspace: 27776K(28032K)->27776K(28032K) NonClass: 22942K(23104K)->22942K(23104K) Class: 4833K(4928K)->4833K(4928K)
[160.759s][info][gc             ] GC(28) Pause Young (Normal) (G1 Evacuation Pause) 2117M->1536M(4096M) 42.141ms
[160.759s][info][gc,cpu         ] GC(28) User=0.22s Sys=0.02s Real=0.05s
. (rIR:aIR:PR = 399:400:392) (tPR = 7130) [OK] 
   160s:       trying IR =    458 ..... (rIR:aIR:PR = 458:461:451) (tPR = 8750) [OK] 
   165s:       trying IR =    530 ...[169.073s][info][gc,start       ] GC(29) Pause Young (Normal) (G1 Evacuation Pause)
[169.073s][info][gc,task        ] GC(29) Using 6 workers of 6 for evacuation
[169.127s][info][gc,phases      ] GC(29)   Pre Evacuate Collection Set: 0.39ms
[169.127s][info][gc,phases      ] GC(29)   Merge Heap Roots: 0.48ms
[169.127s][info][gc,phases      ] GC(29)   Evacuate Collection Set: 52.14ms
[169.127s][info][gc,phases      ] GC(29)   Post Evacuate Collection Set: 0.52ms
[169.127s][info][gc,phases      ] GC(29)   Other: 0.07ms
[169.127s][info][gc,heap        ] GC(29) Eden regions: 339->0(404)
[169.127s][info][gc,heap        ] GC(29) Survivor regions: 34->36(47)
[169.127s][info][gc,heap        ] GC(29) Old regions: 577->592
[169.127s][info][gc,heap        ] GC(29) Humongous regions: 160->160
[169.127s][info][gc,metaspace   ] GC(29) Metaspace: 27816K(28032K)->27816K(28032K) NonClass: 22980K(23104K)->22980K(23104K) Class: 4836K(4928K)->4836K(4928K)
[169.127s][info][gc             ] GC(29) Pause Young (Normal) (G1 Evacuation Pause) 2214M->1570M(4096M) 53.742ms
[169.127s][info][gc,cpu         ] GC(29) User=0.31s Sys=0.01s Real=0.05s
. (rIR:aIR:PR = 530:532:520) (tPR = 8790) [OK] 
   169s:       trying IR =    616 .... (rIR:aIR:PR = 616:624:611) (tPR = 10593) [OK] 
   173s:       trying IR =    719 ..[176.821s][info][gc,start       ] GC(30) Pause Young (Normal) (G1 Evacuation Pause)
[176.821s][info][gc,task        ] GC(30) Using 6 workers of 6 for evacuation
[176.880s][info][gc,phases      ] GC(30)   Pre Evacuate Collection Set: 0.31ms
[176.880s][info][gc,phases      ] GC(30)   Merge Heap Roots: 0.37ms
[176.880s][info][gc,phases      ] GC(30)   Evacuate Collection Set: 58.05ms
[176.880s][info][gc,phases      ] GC(30)   Post Evacuate Collection Set: 0.49ms
[176.880s][info][gc,phases      ] GC(30)   Other: 0.07ms
[176.880s][info][gc,heap        ] GC(30) Eden regions: 414->0(454)
[176.880s][info][gc,heap        ] GC(30) Survivor regions: 36->43(57)
[176.880s][info][gc,heap        ] GC(30) Old regions: 592->608
[176.880s][info][gc,heap        ] GC(30) Humongous regions: 160->160
[176.880s][info][gc,metaspace   ] GC(30) Metaspace: 27860K(28032K)->27860K(28032K) NonClass: 23023K(23104K)->23023K(23104K) Class: 4837K(4928K)->4837K(4928K)
[176.880s][info][gc             ] GC(30) Pause Young (Normal) (G1 Evacuation Pause) 2398M->1616M(4096M) 59.424ms
[176.880s][info][gc,cpu         ] GC(30) User=0.33s Sys=0.01s Real=0.06s
.. (rIR:aIR:PR = 719:716:699) (tPR = 12822) [OK] 
   177s:       trying IR =    843 .... (rIR:aIR:PR = 843:838:821) (tPR = 14514) [OK] 
   181s:       trying IR =    992 .[183.328s][info][gc,start       ] GC(31) Pause Young (Normal) (G1 Evacuation Pause)
[183.328s][info][gc,task        ] GC(31) Using 6 workers of 6 for evacuation
[183.388s][info][gc,phases      ] GC(31)   Pre Evacuate Collection Set: 0.40ms
[183.388s][info][gc,phases      ] GC(31)   Merge Heap Roots: 0.40ms
[183.388s][info][gc,phases      ] GC(31)   Evacuate Collection Set: 58.57ms
[183.388s][info][gc,phases      ] GC(31)   Post Evacuate Collection Set: 0.57ms
[183.388s][info][gc,phases      ] GC(31)   Other: 0.08ms
[183.388s][info][gc,heap        ] GC(31) Eden regions: 465->0(525)
[183.388s][info][gc,heap        ] GC(31) Survivor regions: 43->45(64)
[183.388s][info][gc,heap        ] GC(31) Old regions: 608->625
[183.388s][info][gc,heap        ] GC(31) Humongous regions: 160->160
[183.388s][info][gc,metaspace   ] GC(31) Metaspace: 27907K(28160K)->27907K(28160K) NonClass: 23068K(23232K)->23068K(23232K) Class: 4838K(4928K)->4838K(4928K)
[183.388s][info][gc             ] GC(31) Pause Young (Normal) (G1 Evacuation Pause) 2546M->1655M(4096M) 60.136ms
[183.388s][info][gc,cpu         ] GC(31) User=0.34s Sys=0.01s Real=0.06s
... (rIR:aIR:PR = 992:1005:985) (tPR = 17289) [OK] 
   185s:       trying IR =   1170 ...[189.175s][info][gc,start       ] GC(32) Pause Young (Normal) (G1 Evacuation Pause)
[189.175s][info][gc,task        ] GC(32) Using 6 workers of 6 for evacuation
[189.242s][info][gc,phases      ] GC(32)   Pre Evacuate Collection Set: 0.39ms
[189.242s][info][gc,phases      ] GC(32)   Merge Heap Roots: 0.35ms
[189.242s][info][gc,phases      ] GC(32)   Evacuate Collection Set: 66.25ms
[189.242s][info][gc,phases      ] GC(32)   Post Evacuate Collection Set: 0.58ms
[189.242s][info][gc,phases      ] GC(32)   Other: 0.07ms
[189.242s][info][gc,heap        ] GC(32) Eden regions: 533->0(575)
[189.242s][info][gc,heap        ] GC(32) Survivor regions: 45->52(73)
[189.242s][info][gc,heap        ] GC(32) Old regions: 625->645
[189.242s][info][gc,heap        ] GC(32) Humongous regions: 160->160
[189.242s][info][gc,metaspace   ] GC(32) Metaspace: 27925K(28160K)->27925K(28160K) NonClass: 23086K(23232K)->23086K(23232K) Class: 4838K(4928K)->4838K(4928K)
[189.243s][info][gc             ] GC(32) Pause Young (Normal) (G1 Evacuation Pause) 2721M->1707M(4096M) 67.760ms
[189.243s][info][gc,cpu         ] GC(32) User=0.38s Sys=0.02s Real=0.07s
. (rIR:aIR:PR = 1170:1158:1131) (tPR = 19922) [OK] 
   189s:       trying IR =   1384 .... (rIR:aIR:PR = 1384:1394:1374) (tPR = 23279) [OK] 
   193s:       trying IR =   1641 [194.305s][info][gc,start       ] GC(33) Pause Young (Normal) (G1 Evacuation Pause)
[194.306s][info][gc,task        ] GC(33) Using 6 workers of 6 for evacuation
[194.377s][info][gc,phases      ] GC(33)   Pre Evacuate Collection Set: 0.40ms
[194.377s][info][gc,phases      ] GC(33)   Merge Heap Roots: 0.33ms
[194.377s][info][gc,phases      ] GC(33)   Evacuate Collection Set: 70.13ms
[194.377s][info][gc,phases      ] GC(33)   Post Evacuate Collection Set: 0.60ms
[194.377s][info][gc,phases      ] GC(33)   Other: 0.08ms
[194.377s][info][gc,heap        ] GC(33) Eden regions: 585->0(632)
[194.377s][info][gc,heap        ] GC(33) Survivor regions: 52->58(80)
[194.377s][info][gc,heap        ] GC(33) Old regions: 645->666
[194.377s][info][gc,heap        ] GC(33) Humongous regions: 160->160
[194.377s][info][gc,metaspace   ] GC(33) Metaspace: 28023K(28288K)->28023K(28288K) NonClass: 23169K(23296K)->23169K(23296K) Class: 4854K(4992K)->4854K(4992K)
[194.377s][info][gc             ] GC(33) Pause Young (Normal) (G1 Evacuation Pause) 2877M->1761M(4096M) 71.661ms
[194.377s][info][gc,cpu         ] GC(33) User=0.40s Sys=0.02s Real=0.07s
.... (rIR:aIR:PR = 1641:1630:1623) (tPR = 27113) [OK] 
   197s:       trying IR =   1949 [198.979s][info][gc,start       ] GC(34) Pause Young (Normal) (G1 Evacuation Pause)
[198.979s][info][gc,task        ] GC(34) Using 6 workers of 6 for evacuation
[199.058s][info][gc,phases      ] GC(34)   Pre Evacuate Collection Set: 0.38ms
[199.059s][info][gc,phases      ] GC(34)   Merge Heap Roots: 0.33ms
[199.059s][info][gc,phases      ] GC(34)   Evacuate Collection Set: 77.70ms
[199.059s][info][gc,phases      ] GC(34)   Post Evacuate Collection Set: 0.64ms
[199.059s][info][gc,phases      ] GC(34)   Other: 0.09ms
[199.059s][info][gc,heap        ] GC(34) Eden regions: 639->0(684)
[199.059s][info][gc,heap        ] GC(34) Survivor regions: 58->62(88)
[199.059s][info][gc,heap        ] GC(34) Old regions: 666->689
[199.059s][info][gc,heap        ] GC(34) Humongous regions: 162->162
[199.059s][info][gc,metaspace   ] GC(34) Metaspace: 28058K(28352K)->28058K(28352K) NonClass: 23203K(23360K)->23203K(23360K) Class: 4854K(4992K)->4854K(4992K)
[199.059s][info][gc             ] GC(34) Pause Young (Normal) (G1 Evacuation Pause) 3043M->1819M(4096M) 79.250ms
[199.059s][info][gc,cpu         ] GC(34) User=0.45s Sys=0.01s Real=0.08s
.... (rIR:aIR:PR = 1949:1978:1977) (tPR = 31906) [OK] 
   201s:       trying IR =   2319 .[203.066s][info][gc,start       ] GC(35) Pause Young (Normal) (G1 Evacuation Pause)
[203.066s][info][gc,task        ] GC(35) Using 6 workers of 6 for evacuation
[203.154s][info][gc,phases      ] GC(35)   Pre Evacuate Collection Set: 0.35ms
[203.154s][info][gc,phases      ] GC(35)   Merge Heap Roots: 0.38ms
[203.154s][info][gc,phases      ] GC(35)   Evacuate Collection Set: 86.16ms
[203.154s][info][gc,phases      ] GC(35)   Post Evacuate Collection Set: 0.71ms
[203.154s][info][gc,phases      ] GC(35)   Other: 0.08ms
[203.154s][info][gc,heap        ] GC(35) Eden regions: 685->0(724)
[203.154s][info][gc,heap        ] GC(35) Survivor regions: 62->69(94)
[203.154s][info][gc,heap        ] GC(35) Old regions: 689->713
[203.154s][info][gc,heap        ] GC(35) Humongous regions: 162->162
[203.154s][info][gc,metaspace   ] GC(35) Metaspace: 28077K(28352K)->28077K(28352K) NonClass: 23223K(23360K)->23223K(23360K) Class: 4854K(4992K)->4854K(4992K)
[203.154s][info][gc             ] GC(35) Pause Young (Normal) (G1 Evacuation Pause) 3189M->1881M(4096M) 87.793ms
[203.154s][info][gc,cpu         ] GC(35) User=0.51s Sys=0.01s Real=0.09s
... (rIR:aIR:PR = 2319:2306:2306) (tPR = 38801) [OK] 
   205s:       trying IR =   2762 [206.951s][info][gc,start       ] GC(36) Pause Young (Normal) (G1 Evacuation Pause)
[206.951s][info][gc,task        ] GC(36) Using 6 workers of 6 for evacuation
[207.045s][info][gc,phases      ] GC(36)   Pre Evacuate Collection Set: 0.41ms
[207.045s][info][gc,phases      ] GC(36)   Merge Heap Roots: 0.43ms
[207.045s][info][gc,phases      ] GC(36)   Evacuate Collection Set: 91.97ms
[207.045s][info][gc,phases      ] GC(36)   Post Evacuate Collection Set: 0.81ms
[207.045s][info][gc,phases      ] GC(36)   Other: 0.08ms
[207.045s][info][gc,heap        ] GC(36) Eden regions: 727->0(753)
[207.045s][info][gc,heap        ] GC(36) Survivor regions: 69->75(100)
[207.045s][info][gc,heap        ] GC(36) Old regions: 713->740
[207.045s][info][gc,heap        ] GC(36) Humongous regions: 162->162
[207.045s][info][gc,metaspace   ] GC(36) Metaspace: 28165K(28480K)->28165K(28480K) NonClass: 23305K(23488K)->23305K(23488K) Class: 4859K(4992K)->4859K(4992K)
[207.045s][info][gc             ] GC(36) Pause Young (Normal) (G1 Evacuation Pause) 3335M->1947M(4096M) 93.830ms
[207.045s][info][gc,cpu         ] GC(36) User=0.54s Sys=0.03s Real=0.09s
.... (rIR:aIR:PR = 2762:2793:2793) (tPR = 44766) [OK] 
   209s:       trying IR =   3295 [210.620s][info][gc,start       ] GC(37) Pause Young (Normal) (G1 Evacuation Pause)
[210.620s][info][gc,task        ] GC(37) Using 6 workers of 6 for evacuation
[210.716s][info][gc,phases      ] GC(37)   Pre Evacuate Collection Set: 0.38ms
[210.716s][info][gc,phases      ] GC(37)   Merge Heap Roots: 0.40ms
[210.716s][info][gc,phases      ] GC(37)   Evacuate Collection Set: 94.04ms
[210.716s][info][gc,phases      ] GC(37)   Post Evacuate Collection Set: 0.75ms
[210.716s][info][gc,phases      ] GC(37)   Other: 0.09ms
[210.716s][info][gc,heap        ] GC(37) Eden regions: 753->0(761)
[210.716s][info][gc,heap        ] GC(37) Survivor regions: 75->79(104)
[210.716s][info][gc,heap        ] GC(37) Old regions: 740->768
[210.716s][info][gc,heap        ] GC(37) Humongous regions: 162->162
[210.716s][info][gc,metaspace   ] GC(37) Metaspace: 28249K(28480K)->28249K(28480K) NonClass: 23381K(23488K)->23381K(23488K) Class: 4867K(4992K)->4867K(4992K)
[210.716s][info][gc             ] GC(37) Pause Young (Normal) (G1 Evacuation Pause) 3453M->2012M(4096M) 95.837ms
[210.716s][info][gc,cpu         ] GC(37) User=0.55s Sys=0.01s Real=0.09s
.... (rIR:aIR:PR = 3295:3316:3316) (tPR = 51418) [OK] 
   213s:       trying IR =   3934 [214.152s][info][gc,start       ] GC(38) Pause Young (Concurrent Start) (G1 Evacuation Pause)
[214.152s][info][gc,task        ] GC(38) Using 6 workers of 6 for evacuation
[214.246s][info][gc,phases      ] GC(38)   Pre Evacuate Collection Set: 0.43ms
[214.246s][info][gc,phases      ] GC(38)   Merge Heap Roots: 0.44ms
[214.246s][info][gc,phases      ] GC(38)   Evacuate Collection Set: 92.07ms
[214.246s][info][gc,phases      ] GC(38)   Post Evacuate Collection Set: 0.83ms
[214.246s][info][gc,phases      ] GC(38)   Other: 0.14ms
[214.246s][info][gc,heap        ] GC(38) Eden regions: 761->0(766)
[214.246s][info][gc,heap        ] GC(38) Survivor regions: 79->80(105)
[214.246s][info][gc,heap        ] GC(38) Old regions: 768->796
[214.246s][info][gc,heap        ] GC(38) Humongous regions: 162->162
[214.246s][info][gc,metaspace   ] GC(38) Metaspace: 28529K(28800K)->28529K(28800K) NonClass: 23648K(23744K)->23648K(23744K) Class: 4881K(5056K)->4881K(5056K)
[214.246s][info][gc             ] GC(38) Pause Young (Concurrent Start) (G1 Evacuation Pause) 3534M->2071M(4096M) 94.034ms
[214.246s][info][gc             ] GC(39) Concurrent Mark Cycle
[214.246s][info][gc,marking     ] GC(39) Concurrent Scan Root Regions
[214.246s][info][gc,cpu         ] GC(38) User=0.54s Sys=0.01s Real=0.09s
[214.387s][info][gc,marking     ] GC(39) Concurrent Scan Root Regions 140.461ms
[214.387s][info][gc,marking     ] GC(39) Concurrent Mark
[214.387s][info][gc,marking     ] GC(39) Concurrent Mark From Roots
[214.387s][info][gc,task        ] GC(39) Using 2 workers of 2 for marking
.[215.094s][info][gc,marking     ] GC(39) Concurrent Mark From Roots 706.825ms
[215.094s][info][gc,marking     ] GC(39) Concurrent Preclean
[215.094s][info][gc,marking     ] GC(39) Concurrent Preclean 0.050ms
[215.094s][info][gc,start       ] GC(39) Pause Remark
[215.100s][info][gc             ] GC(39) Pause Remark 2543M->2195M(4096M) 5.992ms
[215.100s][info][gc,cpu         ] GC(39) User=0.03s Sys=0.00s Real=0.01s
[215.100s][info][gc,marking     ] GC(39) Concurrent Mark 713.128ms
[215.100s][info][gc,marking     ] GC(39) Concurrent Rebuild Remembered Sets and Scrub Regions
[215.414s][info][gc,marking     ] GC(39) Concurrent Rebuild Remembered Sets and Scrub Regions 313.642ms
[215.414s][info][gc,start       ] GC(39) Pause Cleanup
[215.414s][info][gc             ] GC(39) Pause Cleanup 2400M->2400M(4096M) 0.230ms
[215.414s][info][gc,cpu         ] GC(39) User=0.01s Sys=0.00s Real=0.00s
[215.414s][info][gc,marking     ] GC(39) Concurrent Clear Claimed Marks
[215.414s][info][gc,marking     ] GC(39) Concurrent Clear Claimed Marks 0.027ms
[215.414s][info][gc,marking     ] GC(39) Concurrent Cleanup for Next Mark
[215.418s][info][gc,marking     ] GC(39) Concurrent Cleanup for Next Mark 4.095ms
[215.418s][info][gc             ] GC(39) Concurrent Mark Cycle 1171.898ms
..[217.229s][info][gc,start       ] GC(40) Pause Young (Prepare Mixed) (G1 Evacuation Pause)
[217.229s][info][gc,task        ] GC(40) Using 6 workers of 6 for evacuation
[217.325s][info][gc,phases      ] GC(40)   Pre Evacuate Collection Set: 0.37ms
[217.325s][info][gc,phases      ] GC(40)   Merge Heap Roots: 0.44ms
[217.325s][info][gc,phases      ] GC(40)   Evacuate Collection Set: 93.69ms
[217.325s][info][gc,phases      ] GC(40)   Post Evacuate Collection Set: 0.87ms
[217.325s][info][gc,phases      ] GC(40)   Other: 0.09ms
[217.325s][info][gc,heap        ] GC(40) Eden regions: 763->0(791)
[217.325s][info][gc,heap        ] GC(40) Survivor regions: 80->84(106)
[217.325s][info][gc,heap        ] GC(40) Old regions: 707->736
[217.325s][info][gc,heap        ] GC(40) Humongous regions: 77->77
[217.325s][info][gc,metaspace   ] GC(40) Metaspace: 28599K(28928K)->28599K(28928K) NonClass: 23718K(23872K)->23718K(23872K) Class: 4881K(5056K)->4881K(5056K)
[217.325s][info][gc             ] GC(40) Pause Young (Prepare Mixed) (G1 Evacuation Pause) 3249M->1787M(4096M) 95.605ms
[217.325s][info][gc,cpu         ] GC(40) User=0.56s Sys=0.00s Real=0.09s
. (rIR:aIR:PR = 3934:3943:3943) (tPR = 59770) [OK] 
   217s:       trying IR =   4701 .[220.059s][info][gc,start       ] GC(41) Pause Young (Mixed) (G1 Evacuation Pause)
[220.059s][info][gc,task        ] GC(41) Using 6 workers of 6 for evacuation
[220.165s][info][gc,phases      ] GC(41)   Pre Evacuate Collection Set: 0.37ms
[220.165s][info][gc,phases      ] GC(41)   Merge Heap Roots: 0.57ms
[220.165s][info][gc,phases      ] GC(41)   Evacuate Collection Set: 104.10ms
[220.165s][info][gc,phases      ] GC(41)   Merge Optional Heap Roots: 0.02ms
[220.165s][info][gc,phases      ] GC(41)   Evacuate Optional Collection Set: 0.17ms
[220.165s][info][gc,phases      ] GC(41)   Post Evacuate Collection Set: 0.95ms
[220.165s][info][gc,phases      ] GC(41)   Other: 0.11ms
[220.165s][info][gc,heap        ] GC(41) Eden regions: 781->0(840)
[220.165s][info][gc,heap        ] GC(41) Survivor regions: 84->84(109)
[220.165s][info][gc,heap        ] GC(41) Old regions: 736->722
[220.165s][info][gc,heap        ] GC(41) Humongous regions: 77->77
[220.165s][info][gc,metaspace   ] GC(41) Metaspace: 28617K(28928K)->28617K(28928K) NonClass: 23735K(23872K)->23735K(23872K) Class: 4881K(5056K)->4881K(5056K)
[220.165s][info][gc             ] GC(41) Pause Young (Mixed) (G1 Evacuation Pause) 3349M->1763M(4096M) 106.425ms
[220.165s][info][gc,cpu         ] GC(41) User=0.62s Sys=0.00s Real=0.10s
...[222.908s][info][gc,start       ] GC(42) Pause Young (Mixed) (G1 Evacuation Pause)
[222.909s][info][gc,task        ] GC(42) Using 6 workers of 6 for evacuation
[223.025s][info][gc,phases      ] GC(42)   Pre Evacuate Collection Set: 0.38ms
[223.025s][info][gc,phases      ] GC(42)   Merge Heap Roots: 0.67ms
[223.025s][info][gc,phases      ] GC(42)   Evacuate Collection Set: 114.14ms
[223.025s][info][gc,phases      ] GC(42)   Merge Optional Heap Roots: 0.03ms
[223.025s][info][gc,phases      ] GC(42)   Evacuate Optional Collection Set: 0.33ms
[223.025s][info][gc,phases      ] GC(42)   Post Evacuate Collection Set: 1.03ms
[223.025s][info][gc,phases      ] GC(42)   Other: 0.11ms
[223.025s][info][gc,heap        ] GC(42) Eden regions: 820->0(866)
[223.025s][info][gc,heap        ] GC(42) Survivor regions: 84->90(113)
[223.025s][info][gc,heap        ] GC(42) Old regions: 722->708
[223.025s][info][gc,heap        ] GC(42) Humongous regions: 77->77
[223.025s][info][gc,metaspace   ] GC(42) Metaspace: 28633K(28928K)->28633K(28928K) NonClass: 23751K(23872K)->23751K(23872K) Class: 4882K(5056K)->4882K(5056K)
[223.025s][info][gc             ] GC(42) Pause Young (Mixed) (G1 Evacuation Pause) 3403M->1745M(4096M) 116.853ms
[223.025s][info][gc,cpu         ] GC(42) User=0.67s Sys=0.02s Real=0.11s
. (rIR:aIR:PR = 4701:4665:4666) (tPR = 69613) [OK] 
   222s:       trying IR =   5621 ..[225.443s][info][gc,start       ] GC(43) Pause Young (Mixed) (G1 Evacuation Pause)
[225.443s][info][gc,task        ] GC(43) Using 6 workers of 6 for evacuation
[225.555s][info][gc,phases      ] GC(43)   Pre Evacuate Collection Set: 0.37ms
[225.555s][info][gc,phases      ] GC(43)   Merge Heap Roots: 0.62ms
[225.555s][info][gc,phases      ] GC(43)   Evacuate Collection Set: 109.78ms
[225.555s][info][gc,phases      ] GC(43)   Merge Optional Heap Roots: 0.04ms
[225.555s][info][gc,phases      ] GC(43)   Evacuate Optional Collection Set: 0.38ms
[225.555s][info][gc,phases      ] GC(43)   Post Evacuate Collection Set: 1.00ms
[225.555s][info][gc,phases      ] GC(43)   Other: 0.11ms
[225.555s][info][gc,heap        ] GC(43) Eden regions: 842->0(525)
[225.555s][info][gc,heap        ] GC(43) Survivor regions: 90->90(117)
[225.555s][info][gc,heap        ] GC(43) Old regions: 708->691
[225.555s][info][gc,heap        ] GC(43) Humongous regions: 77->77
[225.555s][info][gc,metaspace   ] GC(43) Metaspace: 28633K(28928K)->28633K(28928K) NonClass: 23751K(23872K)->23751K(23872K) Class: 4882K(5056K)->4882K(5056K)
[225.555s][info][gc             ] GC(43) Pause Young (Mixed) (G1 Evacuation Pause) 3429M->1713M(4096M) 112.453ms
[225.555s][info][gc,cpu         ] GC(43) User=0.66s Sys=0.01s Real=0.11s
.. (rIR:aIR:PR = 5621:5638:5635) (tPR = 87456) [OK] 
   227s:       trying IR =   6725 [227.209s][info][gc,start       ] GC(44) Pause Young (Mixed) (G1 Evacuation Pause)
[227.209s][info][gc,task        ] GC(44) Using 6 workers of 6 for evacuation
[227.317s][info][gc,phases      ] GC(44)   Pre Evacuate Collection Set: 0.43ms
[227.317s][info][gc,phases      ] GC(44)   Merge Heap Roots: 0.78ms
[227.317s][info][gc,phases      ] GC(44)   Evacuate Collection Set: 106.16ms
[227.317s][info][gc,phases      ] GC(44)   Post Evacuate Collection Set: 0.92ms
[227.317s][info][gc,phases      ] GC(44)   Other: 0.08ms
[227.317s][info][gc,heap        ] GC(44) Eden regions: 599->0(897)
[227.317s][info][gc,heap        ] GC(44) Survivor regions: 90->41(87)
[227.317s][info][gc,heap        ] GC(44) Old regions: 691->725
[227.317s][info][gc,heap        ] GC(44) Humongous regions: 77->77
[227.317s][info][gc,metaspace   ] GC(44) Metaspace: 28670K(28992K)->28670K(28992K) NonClass: 23788K(23936K)->23788K(23936K) Class: 4882K(5056K)->4882K(5056K)
[227.317s][info][gc             ] GC(44) Pause Young (Mixed) (G1 Evacuation Pause) 2911M->1681M(4096M) 108.503ms
[227.317s][info][gc,cpu         ] GC(44) User=0.64s Sys=0.00s Real=0.10s
..[229.438s][info][gc,start       ] GC(45) Pause Young (Mixed) (G1 Evacuation Pause)
[229.438s][info][gc,task        ] GC(45) Using 6 workers of 6 for evacuation
[229.535s][info][gc,phases      ] GC(45)   Pre Evacuate Collection Set: 0.41ms
[229.535s][info][gc,phases      ] GC(45)   Merge Heap Roots: 0.73ms
[229.535s][info][gc,phases      ] GC(45)   Evacuate Collection Set: 94.22ms
[229.535s][info][gc,phases      ] GC(45)   Merge Optional Heap Roots: 0.04ms
[229.535s][info][gc,phases      ] GC(45)   Evacuate Optional Collection Set: 0.57ms
[229.535s][info][gc,phases      ] GC(45)   Post Evacuate Collection Set: 1.02ms
[229.535s][info][gc,phases      ] GC(45)   Other: 0.13ms
[229.535s][info][gc,heap        ] GC(45) Eden regions: 902->0(918)
[229.535s][info][gc,heap        ] GC(45) Survivor regions: 41->89(118)
[229.535s][info][gc,heap        ] GC(45) Old regions: 725->673
[229.535s][info][gc,heap        ] GC(45) Humongous regions: 77->77
[229.535s][info][gc,metaspace   ] GC(45) Metaspace: 28673K(28992K)->28673K(28992K) NonClass: 23791K(23936K)->23791K(23936K) Class: 4882K(5056K)->4882K(5056K)
[229.535s][info][gc             ] GC(45) Pause Young (Mixed) (G1 Evacuation Pause) 3485M->1675M(4096M) 97.259ms
[229.535s][info][gc,cpu         ] GC(45) User=0.58s Sys=0.01s Real=0.09s
.. (rIR:aIR:PR = 6725:6770:6770) (tPR = 102111) [OK] 
   231s:       trying IR =   8050 [231.599s][info][gc,start       ] GC(46) Pause Young (Mixed) (G1 Evacuation Pause)
[231.599s][info][gc,task        ] GC(46) Using 6 workers of 6 for evacuation
[231.720s][info][gc,phases      ] GC(46)   Pre Evacuate Collection Set: 0.37ms
[231.720s][info][gc,phases      ] GC(46)   Merge Heap Roots: 0.64ms
[231.720s][info][gc,phases      ] GC(46)   Evacuate Collection Set: 116.37ms
[231.720s][info][gc,phases      ] GC(46)   Merge Optional Heap Roots: 0.08ms
[231.720s][info][gc,phases      ] GC(46)   Evacuate Optional Collection Set: 1.70ms
[231.720s][info][gc,phases      ] GC(46)   Post Evacuate Collection Set: 1.04ms
[231.720s][info][gc,phases      ] GC(46)   Other: 0.11ms
[231.720s][info][gc,heap        ] GC(46) Eden regions: 918->0(941)
[231.720s][info][gc,heap        ] GC(46) Survivor regions: 89->98(126)
[231.720s][info][gc,heap        ] GC(46) Old regions: 673->639
[231.720s][info][gc,heap        ] GC(46) Humongous regions: 77->77
[231.720s][info][gc,metaspace   ] GC(46) Metaspace: 28685K(28992K)->28685K(28992K) NonClass: 23803K(23936K)->23803K(23936K) Class: 4882K(5056K)->4882K(5056K)
[231.720s][info][gc             ] GC(46) Pause Young (Mixed) (G1 Evacuation Pause) 3511M->1624M(4096M) 120.447ms
[231.720s][info][gc,cpu         ] GC(46) User=0.70s Sys=0.01s Real=0.12s
..[233.552s][info][gc,start       ] GC(47) Pause Young (Mixed) (G1 Evacuation Pause)
[233.553s][info][gc,task        ] GC(47) Using 6 workers of 6 for evacuation
[233.689s][info][gc,phases      ] GC(47)   Pre Evacuate Collection Set: 0.36ms
[233.689s][info][gc,phases      ] GC(47)   Merge Heap Roots: 0.86ms
[233.689s][info][gc,phases      ] GC(47)   Evacuate Collection Set: 134.76ms
[233.689s][info][gc,phases      ] GC(47)   Post Evacuate Collection Set: 0.86ms
[233.689s][info][gc,phases      ] GC(47)   Other: 0.09ms
[233.689s][info][gc,heap        ] GC(47) Eden regions: 942->0(956)
[233.689s][info][gc,heap        ] GC(47) Survivor regions: 98->106(130)
[233.689s][info][gc,heap        ] GC(47) Old regions: 639->636
[233.690s][info][gc,heap        ] GC(47) Humongous regions: 77->77
[233.690s][info][gc,metaspace   ] GC(47) Metaspace: 28686K(28992K)->28686K(28992K) NonClass: 23803K(23936K)->23803K(23936K) Class: 4882K(5056K)->4882K(5056K)
[233.690s][info][gc             ] GC(47) Pause Young (Mixed) (G1 Evacuation Pause) 3508M->1634M(4096M) 137.049ms
[233.690s][info][gc,cpu         ] GC(47) User=0.81s Sys=0.00s Real=0.14s
.. (rIR:aIR:PR = 8050:8045:8051) (tPR = 119603) [OK] 
   235s:       trying IR =   9640 [235.472s][info][gc,start       ] GC(48) Pause Young (Normal) (G1 Evacuation Pause)
[235.472s][info][gc,task        ] GC(48) Using 6 workers of 6 for evacuation
[235.580s][info][gc,phases      ] GC(48)   Pre Evacuate Collection Set: 0.34ms
[235.580s][info][gc,phases      ] GC(48)   Merge Heap Roots: 0.42ms
[235.580s][info][gc,phases      ] GC(48)   Evacuate Collection Set: 106.20ms
[235.580s][info][gc,phases      ] GC(48)   Post Evacuate Collection Set: 0.73ms
[235.580s][info][gc,phases      ] GC(48)   Other: 0.08ms
[235.580s][info][gc,heap        ] GC(48) Eden regions: 956->0(959)
[235.580s][info][gc,heap        ] GC(48) Survivor regions: 106->99(133)
[235.580s][info][gc,heap        ] GC(48) Old regions: 636->667
[235.580s][info][gc,heap        ] GC(48) Humongous regions: 77->77
[235.580s][info][gc,metaspace   ] GC(48) Metaspace: 28687K(28992K)->28687K(28992K) NonClass: 23805K(23936K)->23805K(23936K) Class: 4882K(5056K)->4882K(5056K)
[235.580s][info][gc             ] GC(48) Pause Young (Normal) (G1 Evacuation Pause) 3546M->1682M(4096M) 107.884ms
[235.580s][info][gc,cpu         ] GC(48) User=0.63s Sys=0.00s Real=0.11s
.[237.129s][info][gc,start       ] GC(49) Pause Young (Normal) (G1 Evacuation Pause)
[237.129s][info][gc,task        ] GC(49) Using 6 workers of 6 for evacuation
[237.237s][info][gc,phases      ] GC(49)   Pre Evacuate Collection Set: 0.38ms
[237.237s][info][gc,phases      ] GC(49)   Merge Heap Roots: 0.44ms
[237.237s][info][gc,phases      ] GC(49)   Evacuate Collection Set: 105.94ms
[237.237s][info][gc,phases      ] GC(49)   Post Evacuate Collection Set: 0.84ms
[237.237s][info][gc,phases      ] GC(49)   Other: 0.09ms
[237.237s][info][gc,heap        ] GC(49) Eden regions: 959->0(956)
[237.237s][info][gc,heap        ] GC(49) Survivor regions: 99->98(133)
[237.237s][info][gc,heap        ] GC(49) Old regions: 667->698
[237.237s][info][gc,heap        ] GC(49) Humongous regions: 77->77
[237.237s][info][gc,metaspace   ] GC(49) Metaspace: 28687K(28992K)->28687K(28992K) NonClass: 23805K(23936K)->23805K(23936K) Class: 4882K(5056K)->4882K(5056K)
[237.237s][info][gc             ] GC(49) Pause Young (Normal) (G1 Evacuation Pause) 3600M->1743M(4096M) 107.811ms
[237.237s][info][gc,cpu         ] GC(49) User=0.64s Sys=0.00s Real=0.10s
..[238.781s][info][gc,start       ] GC(50) Pause Young (Normal) (G1 Evacuation Pause)
[238.781s][info][gc,task        ] GC(50) Using 6 workers of 6 for evacuation
[238.896s][info][gc,phases      ] GC(50)   Pre Evacuate Collection Set: 0.34ms
[238.896s][info][gc,phases      ] GC(50)   Merge Heap Roots: 0.41ms
[238.896s][info][gc,phases      ] GC(50)   Evacuate Collection Set: 113.13ms
[238.896s][info][gc,phases      ] GC(50)   Post Evacuate Collection Set: 0.90ms
[238.896s][info][gc,phases      ] GC(50)   Other: 0.08ms
[238.896s][info][gc,heap        ] GC(50) Eden regions: 956->0(925)
[238.896s][info][gc,heap        ] GC(50) Survivor regions: 98->107(132)
[238.896s][info][gc,heap        ] GC(50) Old regions: 698->729
[238.896s][info][gc,heap        ] GC(50) Humongous regions: 77->77
[238.896s][info][gc,metaspace   ] GC(50) Metaspace: 28701K(28992K)->28701K(28992K) NonClass: 23819K(23936K)->23819K(23936K) Class: 4882K(5056K)->4882K(5056K)
[238.896s][info][gc             ] GC(50) Pause Young (Normal) (G1 Evacuation Pause) 3655M->1821M(4096M) 115.004ms
[238.896s][info][gc,cpu         ] GC(50) User=0.68s Sys=0.00s Real=0.11s
. (rIR:aIR:PR = 9640:9725:9725) (tPR = 149385) [OK] 
   239s:       trying IR =  11548 .[240.300s][info][gc,start       ] GC(51) Pause Young (Normal) (G1 Evacuation Pause)
[240.300s][info][gc,task        ] GC(51) Using 6 workers of 6 for evacuation
[240.412s][info][gc,phases      ] GC(51)   Pre Evacuate Collection Set: 0.35ms
[240.412s][info][gc,phases      ] GC(51)   Merge Heap Roots: 0.46ms
[240.412s][info][gc,phases      ] GC(51)   Evacuate Collection Set: 109.70ms
[240.412s][info][gc,phases      ] GC(51)   Post Evacuate Collection Set: 0.85ms
[240.412s][info][gc,phases      ] GC(51)   Other: 0.07ms
[240.412s][info][gc,heap        ] GC(51) Eden regions: 925->0(904)
[240.412s][info][gc,heap        ] GC(51) Survivor regions: 107->101(129)
[240.412s][info][gc,heap        ] GC(51) Old regions: 729->762
[240.412s][info][gc,heap        ] GC(51) Humongous regions: 77->77
[240.412s][info][gc,metaspace   ] GC(51) Metaspace: 28708K(28992K)->28708K(28992K) NonClass: 23826K(23936K)->23826K(23936K) Class: 4882K(5056K)->4882K(5056K)
[240.412s][info][gc             ] GC(51) Pause Young (Normal) (G1 Evacuation Pause) 3671M->1876M(4096M) 111.554ms
[240.412s][info][gc,cpu         ] GC(51) User=0.65s Sys=0.00s Real=0.11s
.[241.666s][info][gc,start       ] GC(52) Pause Young (Normal) (G1 Evacuation Pause)
[241.666s][info][gc,task        ] GC(52) Using 6 workers of 6 for evacuation
[241.782s][info][gc,phases      ] GC(52)   Pre Evacuate Collection Set: 0.34ms
[241.782s][info][gc,phases      ] GC(52)   Merge Heap Roots: 0.44ms
[241.782s][info][gc,phases      ] GC(52)   Evacuate Collection Set: 114.49ms
[241.782s][info][gc,phases      ] GC(52)   Post Evacuate Collection Set: 0.77ms
[241.782s][info][gc,phases      ] GC(52)   Other: 0.08ms
[241.782s][info][gc,heap        ] GC(52) Eden regions: 904->0(860)
[241.782s][info][gc,heap        ] GC(52) Survivor regions: 101->107(126)
[241.782s][info][gc,heap        ] GC(52) Old regions: 762->794
[241.782s][info][gc,heap        ] GC(52) Humongous regions: 77->77
[241.782s][info][gc,metaspace   ] GC(52) Metaspace: 28717K(28992K)->28717K(28992K) NonClass: 23834K(23936K)->23834K(23936K) Class: 4882K(5056K)->4882K(5056K)
[241.782s][info][gc             ] GC(52) Pause Young (Normal) (G1 Evacuation Pause) 3684M->1951M(4096M) 116.265ms
[241.782s][info][gc,cpu         ] GC(52) User=0.68s Sys=0.00s Real=0.12s
.[243.002s][info][gc,start       ] GC(53) Pause Young (Normal) (G1 Evacuation Pause)
[243.002s][info][gc,task        ] GC(53) Using 6 workers of 6 for evacuation
[243.113s][info][gc,phases      ] GC(53)   Pre Evacuate Collection Set: 0.34ms
[243.113s][info][gc,phases      ] GC(53)   Merge Heap Roots: 0.42ms
[243.113s][info][gc,phases      ] GC(53)   Evacuate Collection Set: 109.48ms
[243.113s][info][gc,phases      ] GC(53)   Post Evacuate Collection Set: 0.82ms
[243.113s][info][gc,phases      ] GC(53)   Other: 0.10ms
[243.113s][info][gc,heap        ] GC(53) Eden regions: 860->0(880)
[243.113s][info][gc,heap        ] GC(53) Survivor regions: 107->58(121)
[243.113s][info][gc,heap        ] GC(53) Old regions: 794->867
[243.113s][info][gc,heap        ] GC(53) Humongous regions: 77->77
[243.113s][info][gc,metaspace   ] GC(53) Metaspace: 28723K(28992K)->28723K(28992K) NonClass: 23841K(23936K)->23841K(23936K) Class: 4882K(5056K)->4882K(5056K)
[243.113s][info][gc             ] GC(53) Pause Young (Normal) (G1 Evacuation Pause) 3671M->2001M(4096M) 111.304ms
[243.113s][info][gc,cpu         ] GC(53) User=0.66s Sys=0.00s Real=0.11s
.[244.221s][info][gc,start       ] GC(54) Pause Young (Concurrent Start) (G1 Evacuation Pause)
[244.221s][info][gc,task        ] GC(54) Using 6 workers of 6 for evacuation
[244.305s][info][gc,phases      ] GC(54)   Pre Evacuate Collection Set: 0.41ms
[244.305s][info][gc,phases      ] GC(54)   Merge Heap Roots: 0.42ms
[244.305s][info][gc,phases      ] GC(54)   Evacuate Collection Set: 82.22ms
[244.305s][info][gc,phases      ] GC(54)   Post Evacuate Collection Set: 0.72ms
[244.305s][info][gc,phases      ] GC(54)   Other: 0.09ms
[244.305s][info][gc,heap        ] GC(54) Eden regions: 880->0(809)
[244.305s][info][gc,heap        ] GC(54) Survivor regions: 58->96(118)
[244.305s][info][gc,heap        ] GC(54) Old regions: 867->867
[244.305s][info][gc,heap        ] GC(54) Humongous regions: 77->77
[244.305s][info][gc,metaspace   ] GC(54) Metaspace: 28723K(28992K)->28723K(28992K) NonClass: 23841K(23936K)->23841K(23936K) Class: 4882K(5056K)->4882K(5056K)
[244.305s][info][gc             ] GC(54) Pause Young (Concurrent Start) (G1 Evacuation Pause) 3761M->2076M(4096M) 84.004ms
[244.305s][info][gc             ] GC(55) Concurrent Mark Cycle
[244.305s][info][gc,marking     ] GC(55) Concurrent Scan Root Regions
[244.305s][info][gc,cpu         ] GC(54) User=0.49s Sys=0.00s Real=0.08s
[244.404s][info][gc,marking     ] GC(55) Concurrent Scan Root Regions 98.677ms
[244.404s][info][gc,marking     ] GC(55) Concurrent Mark
[244.404s][info][gc,marking     ] GC(55) Concurrent Mark From Roots
[244.404s][info][gc,task        ] GC(55) Using 2 workers of 2 for marking
.[245.285s][info][gc,marking     ] GC(55) Concurrent Mark From Roots 881.448ms
[245.285s][info][gc,marking     ] GC(55) Concurrent Preclean
[245.285s][info][gc,marking     ] GC(55) Concurrent Preclean 0.255ms
[245.286s][info][gc,start       ] GC(55) Pause Remark
[245.292s][info][gc             ] GC(55) Pause Remark 2842M->2826M(4096M) 5.542ms
[245.292s][info][gc,cpu         ] GC(55) User=0.02s Sys=0.00s Real=0.01s
[245.292s][info][gc,marking     ] GC(55) Concurrent Mark 888.154ms
[245.292s][info][gc,marking     ] GC(55) Concurrent Rebuild Remembered Sets and Scrub Regions
[245.627s][info][gc,marking     ] GC(55) Concurrent Rebuild Remembered Sets and Scrub Regions 335.488ms
[245.627s][info][gc,start       ] GC(55) Pause Cleanup
[245.628s][info][gc             ] GC(55) Pause Cleanup 3091M->3091M(4096M) 0.282ms
[245.628s][info][gc,cpu         ] GC(55) User=0.00s Sys=0.00s Real=0.00s
[245.628s][info][gc,marking     ] GC(55) Concurrent Clear Claimed Marks
[245.628s][info][gc,marking     ] GC(55) Concurrent Clear Claimed Marks 0.023ms
[245.628s][info][gc,marking     ] GC(55) Concurrent Cleanup for Next Mark
[245.632s][info][gc,marking     ] GC(55) Concurrent Cleanup for Next Mark 4.535ms
[245.632s][info][gc             ] GC(55) Concurrent Mark Cycle 1327.481ms
.[246.035s][info][gc,start       ] GC(56) Pause Young (Prepare Mixed) (G1 Evacuation Pause)
[246.035s][info][gc,task        ] GC(56) Using 6 workers of 6 for evacuation
[246.141s][info][gc,phases      ] GC(56)   Pre Evacuate Collection Set: 0.37ms
[246.141s][info][gc,phases      ] GC(56)   Merge Heap Roots: 0.47ms
[246.141s][info][gc,phases      ] GC(56)   Evacuate Collection Set: 103.39ms
[246.141s][info][gc,phases      ] GC(56)   Post Evacuate Collection Set: 0.90ms
[246.141s][info][gc,phases      ] GC(56)   Other: 0.09ms
[246.141s][info][gc,heap        ] GC(56) Eden regions: 809->0(826)
[246.141s][info][gc,heap        ] GC(56) Survivor regions: 96->54(114)
[246.141s][info][gc,heap        ] GC(56) Old regions: 859->934
[246.141s][info][gc,heap        ] GC(56) Humongous regions: 77->77
[246.141s][info][gc,metaspace   ] GC(56) Metaspace: 28723K(28992K)->28723K(28992K) NonClass: 23841K(23936K)->23841K(23936K) Class: 4882K(5056K)->4882K(5056K)
[246.141s][info][gc             ] GC(56) Pause Young (Prepare Mixed) (G1 Evacuation Pause) 3678M->2126M(4096M) 105.346ms
[246.141s][info][gc,cpu         ] GC(56) User=0.62s Sys=0.00s Real=0.11s
.[247.218s][info][gc,start       ] GC(57) Pause Young (Mixed) (G1 Evacuation Pause)
[247.218s][info][gc,task        ] GC(57) Using 6 workers of 6 for evacuation
[247.305s][info][gc,phases      ] GC(57)   Pre Evacuate Collection Set: 0.41ms
[247.305s][info][gc,phases      ] GC(57)   Merge Heap Roots: 0.55ms
[247.305s][info][gc,phases      ] GC(57)   Evacuate Collection Set: 85.14ms
[247.305s][info][gc,phases      ] GC(57)   Post Evacuate Collection Set: 0.98ms
[247.305s][info][gc,phases      ] GC(57)   Other: 0.10ms
[247.305s][info][gc,heap        ] GC(57) Eden regions: 826->0(955)
[247.305s][info][gc,heap        ] GC(57) Survivor regions: 54->90(110)
[247.305s][info][gc,heap        ] GC(57) Old regions: 934->733
[247.305s][info][gc,heap        ] GC(57) Humongous regions: 77->77
[247.305s][info][gc,metaspace   ] GC(57) Metaspace: 28723K(28992K)->28723K(28992K) NonClass: 23841K(23936K)->23841K(23936K) Class: 4882K(5056K)->4882K(5056K)
[247.305s][info][gc             ] GC(57) Pause Young (Mixed) (G1 Evacuation Pause) 3778M->1796M(4096M) 87.308ms
[247.305s][info][gc,cpu         ] GC(57) User=0.51s Sys=0.00s Real=0.09s
.[248.565s][info][gc,start       ] GC(58) Pause Young (Mixed) (G1 Evacuation Pause)
[248.565s][info][gc,task        ] GC(58) Using 6 workers of 6 for evacuation
[248.703s][info][gc,phases      ] GC(58)   Pre Evacuate Collection Set: 0.41ms
[248.703s][info][gc,phases      ] GC(58)   Merge Heap Roots: 0.79ms
[248.703s][info][gc,phases      ] GC(58)   Evacuate Collection Set: 135.07ms
[248.703s][info][gc,phases      ] GC(58)   Post Evacuate Collection Set: 1.16ms
[248.703s][info][gc,phases      ] GC(58)   Other: 0.11ms
[248.703s][info][gc,heap        ] GC(58) Eden regions: 955->0(1080)
[248.703s][info][gc,heap        ] GC(58) Survivor regions: 90->107(131)
[248.703s][info][gc,heap        ] GC(58) Old regions: 733->574
[248.703s][info][gc,heap        ] GC(58) Humongous regions: 77->77
[248.703s][info][gc,metaspace   ] GC(58) Metaspace: 28723K(28992K)->28723K(28992K) NonClass: 23841K(23936K)->23841K(23936K) Class: 4882K(5056K)->4882K(5056K)
[248.703s][info][gc             ] GC(58) Pause Young (Mixed) (G1 Evacuation Pause) 3706M->1511M(4096M) 137.685ms
[248.703s][info][gc,cpu         ] GC(58) User=0.81s Sys=0.00s Real=0.14s
.[250.191s][info][gc,start       ] GC(59) Pause Young (Mixed) (G1 Evacuation Pause)
[250.191s][info][gc,task        ] GC(59) Using 6 workers of 6 for evacuation
[250.332s][info][gc,phases      ] GC(59)   Pre Evacuate Collection Set: 0.37ms
[250.332s][info][gc,phases      ] GC(59)   Merge Heap Roots: 0.85ms
[250.332s][info][gc,phases      ] GC(59)   Evacuate Collection Set: 138.25ms
[250.332s][info][gc,phases      ] GC(59)   Post Evacuate Collection Set: 1.16ms
[250.332s][info][gc,phases      ] GC(59)   Other: 0.11ms
[250.332s][info][gc,heap        ] GC(59) Eden regions: 1080->0(1037)
[250.332s][info][gc,heap        ] GC(59) Survivor regions: 107->115(149)
[250.332s][info][gc,heap        ] GC(59) Old regions: 574->552
[250.332s][info][gc,heap        ] GC(59) Humongous regions: 77->77
[250.332s][info][gc,metaspace   ] GC(59) Metaspace: 28724K(28992K)->28724K(28992K) NonClass: 23842K(23936K)->23842K(23936K) Class: 4882K(5056K)->4882K(5056K)
[250.332s][info][gc             ] GC(59) Pause Young (Mixed) (G1 Evacuation Pause) 3671M->1483M(4096M) 140.870ms
[250.332s][info][gc,cpu         ] GC(59) User=0.84s Sys=0.00s Real=0.14s
.[251.699s][info][gc,start       ] GC(60) Pause Young (Mixed) (G1 Evacuation Pause)
[251.699s][info][gc,task        ] GC(60) Using 6 workers of 6 for evacuation
[251.887s][info][gc,phases      ] GC(60)   Pre Evacuate Collection Set: 0.38ms
[251.887s][info][gc,phases      ] GC(60)   Merge Heap Roots: 1.35ms
[251.887s][info][gc,phases      ] GC(60)   Evacuate Collection Set: 185.02ms
[251.887s][info][gc,phases      ] GC(60)   Post Evacuate Collection Set: 0.94ms
[251.887s][info][gc,phases      ] GC(60)   Other: 0.08ms
[251.887s][info][gc,heap        ] GC(60) Eden regions: 1035->0(1046)
[251.887s][info][gc,heap        ] GC(60) Survivor regions: 115->70(144)
[251.887s][info][gc,heap        ] GC(60) Old regions: 552->610
[251.887s][info][gc,heap        ] GC(60) Humongous regions: 77->77
[251.887s][info][gc,metaspace   ] GC(60) Metaspace: 28724K(28992K)->28724K(28992K) NonClass: 23842K(23936K)->23842K(23936K) Class: 4882K(5056K)->4882K(5056K)
[251.887s][info][gc             ] GC(60) Pause Young (Mixed) (G1 Evacuation Pause) 3553M->1511M(4096M) 187.918ms
[251.887s][info][gc,cpu         ] GC(60) User=0.88s Sys=0.00s Real=0.18s
.[253.215s][info][gc,start       ] GC(61) Pause Young (Normal) (G1 Evacuation Pause)
[253.215s][info][gc,task        ] GC(61) Using 6 workers of 6 for evacuation
[253.310s][info][gc,phases      ] GC(61)   Pre Evacuate Collection Set: 0.34ms
[253.310s][info][gc,phases      ] GC(61)   Merge Heap Roots: 0.46ms
[253.310s][info][gc,phases      ] GC(61)   Evacuate Collection Set: 93.65ms
[253.310s][info][gc,phases      ] GC(61)   Post Evacuate Collection Set: 0.89ms
[253.310s][info][gc,phases      ] GC(61)   Other: 0.09ms
[253.310s][info][gc,heap        ] GC(61) Eden regions: 1046->0(1035)
[253.310s][info][gc,heap        ] GC(61) Survivor regions: 70->110(140)
[253.310s][info][gc,heap        ] GC(61) Old regions: 610->610
[253.310s][info][gc,heap        ] GC(61) Humongous regions: 77->77
[253.310s][info][gc,metaspace   ] GC(61) Metaspace: 28724K(28992K)->28724K(28992K) NonClass: 23842K(23936K)->23842K(23936K) Class: 4882K(5056K)->4882K(5056K)
[253.311s][info][gc             ] GC(61) Pause Young (Normal) (G1 Evacuation Pause) 3603M->1591M(4096M) 95.562ms
[253.311s][info][gc,cpu         ] GC(61) User=0.57s Sys=0.00s Real=0.10s
.[254.753s][info][gc,start       ] GC(62) Pause Young (Normal) (G1 Evacuation Pause)
[254.754s][info][gc,task        ] GC(62) Using 6 workers of 6 for evacuation
[254.913s][info][gc,phases      ] GC(62)   Pre Evacuate Collection Set: 0.35ms
[254.913s][info][gc,phases      ] GC(62)   Merge Heap Roots: 0.44ms
[254.913s][info][gc,phases      ] GC(62)   Evacuate Collection Set: 157.98ms
[254.913s][info][gc,phases      ] GC(62)   Post Evacuate Collection Set: 0.91ms
[254.913s][info][gc,phases      ] GC(62)   Other: 0.08ms
[254.913s][info][gc,heap        ] GC(62) Eden regions: 1035->0(1002)
[254.913s][info][gc,heap        ] GC(62) Survivor regions: 110->111(144)
[254.913s][info][gc,heap        ] GC(62) Old regions: 610->644
[254.913s][info][gc,heap        ] GC(62) Humongous regions: 77->77
[254.913s][info][gc,metaspace   ] GC(62) Metaspace: 28725K(28992K)->28725K(28992K) NonClass: 23843K(23936K)->23843K(23936K) Class: 4882K(5056K)->4882K(5056K)
[254.913s][info][gc             ] GC(62) Pause Young (Normal) (G1 Evacuation Pause) 3661M->1662M(4096M) 159.901ms
[254.913s][info][gc,cpu         ] GC(62) User=0.71s Sys=0.00s Real=0.16s
..[256.138s][info][gc,start       ] GC(63) Pause Young (Normal) (G1 Evacuation Pause)
[256.138s][info][gc,task        ] GC(63) Using 6 workers of 6 for evacuation
[256.272s][info][gc,phases      ] GC(63)   Pre Evacuate Collection Set: 0.34ms
[256.272s][info][gc,phases      ] GC(63)   Merge Heap Roots: 0.47ms
[256.272s][info][gc,phases      ] GC(63)   Evacuate Collection Set: 132.82ms
[256.272s][info][gc,phases      ] GC(63)   Post Evacuate Collection Set: 0.85ms
[256.272s][info][gc,phases      ] GC(63)   Other: 0.08ms
[256.272s][info][gc,heap        ] GC(63) Eden regions: 1002->0(945)
[256.272s][info][gc,heap        ] GC(63) Survivor regions: 111->123(140)
[256.272s][info][gc,heap        ] GC(63) Old regions: 644->677
[256.272s][info][gc,heap        ] GC(63) Humongous regions: 77->77
[256.272s][info][gc,metaspace   ] GC(63) Metaspace: 28725K(28992K)->28725K(28992K) NonClass: 23843K(23936K)->23843K(23936K) Class: 4882K(5056K)->4882K(5056K)
[256.273s][info][gc             ] GC(63) Pause Young (Normal) (G1 Evacuation Pause) 3666M->1751M(4096M) 134.676ms
[256.273s][info][gc,cpu         ] GC(63) User=0.80s Sys=0.00s Real=0.14s
.[257.494s][info][gc,start       ] GC(64) Pause Young (Normal) (G1 Evacuation Pause)
[257.494s][info][gc,task        ] GC(64) Using 6 workers of 6 for evacuation
[257.621s][info][gc,phases      ] GC(64)   Pre Evacuate Collection Set: 0.36ms
[257.621s][info][gc,phases      ] GC(64)   Merge Heap Roots: 0.46ms
[257.621s][info][gc,phases      ] GC(64)   Evacuate Collection Set: 124.95ms
[257.621s][info][gc,phases      ] GC(64)   Post Evacuate Collection Set: 0.86ms
[257.621s][info][gc,phases      ] GC(64)   Other: 0.07ms
[257.621s][info][gc,heap        ] GC(64) Eden regions: 945->0(957)
[257.621s][info][gc,heap        ] GC(64) Survivor regions: 123->73(134)
[257.621s][info][gc,heap        ] GC(64) Old regions: 677->757
[257.621s][info][gc,heap        ] GC(64) Humongous regions: 77->77
[257.621s][info][gc,metaspace   ] GC(64) Metaspace: 28727K(28992K)->28727K(28992K) NonClass: 23844K(23936K)->23844K(23936K) Class: 4882K(5056K)->4882K(5056K)
[257.621s][info][gc             ] GC(64) Pause Young (Normal) (G1 Evacuation Pause) 3641M->1811M(4096M) 126.849ms
[257.621s][info][gc,cpu         ] GC(64) User=0.75s Sys=0.00s Real=0.13s
. (rIR:aIR:PR = 11548:11326:11204) (tPR = 163775) [OK] 
   258s:       trying IR =  13837 [259.004s][info][gc,start       ] GC(65) Pause Young (Normal) (G1 Evacuation Pause)
[259.004s][info][gc,task        ] GC(65) Using 6 workers of 6 for evacuation
[259.089s][info][gc,phases      ] GC(65)   Pre Evacuate Collection Set: 0.40ms
[259.089s][info][gc,phases      ] GC(65)   Merge Heap Roots: 0.46ms
[259.089s][info][gc,phases      ] GC(65)   Evacuate Collection Set: 83.07ms
[259.089s][info][gc,phases      ] GC(65)   Post Evacuate Collection Set: 0.80ms
[259.089s][info][gc,phases      ] GC(65)   Other: 0.81ms
[259.089s][info][gc,heap        ] GC(65) Eden regions: 957->0(941)
[259.089s][info][gc,heap        ] GC(65) Survivor regions: 73->56(129)
[259.089s][info][gc,heap        ] GC(65) Old regions: 757->801
[259.089s][info][gc,heap        ] GC(65) Humongous regions: 77->77
[259.089s][info][gc,metaspace   ] GC(65) Metaspace: 28730K(28992K)->28730K(28992K) NonClass: 23847K(23936K)->23847K(23936K) Class: 4882K(5056K)->4882K(5056K)
[259.089s][info][gc             ] GC(65) Pause Young (Normal) (G1 Evacuation Pause) 3725M->1864M(4096M) 85.677ms
[259.089s][info][gc,cpu         ] GC(65) User=0.50s Sys=0.00s Real=0.09s
.[260.260s][info][gc,start       ] GC(66) Pause Young (Normal) (G1 Evacuation Pause)
[260.260s][info][gc,task        ] GC(66) Using 6 workers of 6 for evacuation
[260.355s][info][gc,phases      ] GC(66)   Pre Evacuate Collection Set: 0.32ms
[260.355s][info][gc,phases      ] GC(66)   Merge Heap Roots: 0.43ms
[260.355s][info][gc,phases      ] GC(66)   Evacuate Collection Set: 93.69ms
[260.355s][info][gc,phases      ] GC(66)   Post Evacuate Collection Set: 0.86ms
[260.355s][info][gc,phases      ] GC(66)   Other: 0.08ms
[260.355s][info][gc,heap        ] GC(66) Eden regions: 941->0(853)
[260.355s][info][gc,heap        ] GC(66) Survivor regions: 56->107(125)
[260.355s][info][gc,heap        ] GC(66) Old regions: 801->801
[260.355s][info][gc,heap        ] GC(66) Humongous regions: 77->77
[260.355s][info][gc,metaspace   ] GC(66) Metaspace: 28740K(28992K)->28740K(28992K) NonClass: 23858K(23936K)->23858K(23936K) Class: 4882K(5056K)->4882K(5056K)
[260.355s][info][gc             ] GC(66) Pause Young (Normal) (G1 Evacuation Pause) 3746M->1966M(4096M) 95.525ms
[260.355s][info][gc,cpu         ] GC(66) User=0.57s Sys=0.00s Real=0.09s
.[261.512s][info][gc,start       ] GC(67) Pause Young (Normal) (G1 Evacuation Pause)
[261.512s][info][gc,task        ] GC(67) Using 6 workers of 6 for evacuation
[261.624s][info][gc,phases      ] GC(67)   Pre Evacuate Collection Set: 0.36ms
[261.624s][info][gc,phases      ] GC(67)   Merge Heap Roots: 0.42ms
[261.624s][info][gc,phases      ] GC(67)   Evacuate Collection Set: 110.61ms
[261.624s][info][gc,phases      ] GC(67)   Post Evacuate Collection Set: 0.75ms
[261.624s][info][gc,phases      ] GC(67)   Other: 0.07ms
[261.624s][info][gc,heap        ] GC(67) Eden regions: 853->0(871)
[261.624s][info][gc,heap        ] GC(67) Survivor regions: 107->60(120)
[261.624s][info][gc,heap        ] GC(67) Old regions: 801->877
[261.624s][info][gc,heap        ] GC(67) Humongous regions: 77->77
[261.624s][info][gc,metaspace   ] GC(67) Metaspace: 28742K(29056K)->28742K(29056K) NonClass: 23859K(24000K)->23859K(24000K) Class: 4882K(5056K)->4882K(5056K)
[261.624s][info][gc             ] GC(67) Pause Young (Normal) (G1 Evacuation Pause) 3672M->2024M(4096M) 112.346ms
[261.624s][info][gc,cpu         ] GC(67) User=0.67s Sys=0.00s Real=0.11s
.[262.739s][info][gc,start       ] GC(68) Pause Young (Concurrent Start) (G1 Evacuation Pause)
[262.739s][info][gc,task        ] GC(68) Using 6 workers of 6 for evacuation
[262.869s][info][gc,phases      ] GC(68)   Pre Evacuate Collection Set: 0.40ms
[262.869s][info][gc,phases      ] GC(68)   Merge Heap Roots: 0.43ms
[262.869s][info][gc,phases      ] GC(68)   Evacuate Collection Set: 127.51ms
[262.869s][info][gc,phases      ] GC(68)   Post Evacuate Collection Set: 0.69ms
[262.869s][info][gc,phases      ] GC(68)   Other: 0.10ms
[262.869s][info][gc,heap        ] GC(68) Eden regions: 871->0(830)
[262.869s][info][gc,heap        ] GC(68) Survivor regions: 60->61(117)
[262.869s][info][gc,heap        ] GC(68) Old regions: 877->916
[262.869s][info][gc,heap        ] GC(68) Humongous regions: 77->77
[262.869s][info][gc,metaspace   ] GC(68) Metaspace: 28742K(29056K)->28742K(29056K) NonClass: 23859K(24000K)->23859K(24000K) Class: 4882K(5056K)->4882K(5056K)
[262.869s][info][gc             ] GC(68) Pause Young (Concurrent Start) (G1 Evacuation Pause) 3766M->2105M(4096M) 129.263ms
[262.869s][info][gc             ] GC(69) Concurrent Mark Cycle
[262.869s][info][gc,marking     ] GC(69) Concurrent Scan Root Regions
[262.869s][info][gc,cpu         ] GC(68) User=0.53s Sys=0.00s Real=0.13s
[263.032s][info][gc,marking     ] GC(69) Concurrent Scan Root Regions 163.743ms
[263.032s][info][gc,marking     ] GC(69) Concurrent Mark
[263.032s][info][gc,marking     ] GC(69) Concurrent Mark From Roots
[263.032s][info][gc,task        ] GC(69) Using 2 workers of 2 for marking
.[264.471s][info][gc,start       ] GC(70) Pause Young (Normal) (G1 Evacuation Pause)
[264.471s][info][gc,task        ] GC(70) Using 6 workers of 6 for evacuation
[264.555s][info][gc,phases      ] GC(70)   Pre Evacuate Collection Set: 0.33ms
[264.555s][info][gc,phases      ] GC(70)   Merge Heap Roots: 0.47ms
[264.555s][info][gc,phases      ] GC(70)   Evacuate Collection Set: 81.40ms
[264.555s][info][gc,phases      ] GC(70)   Post Evacuate Collection Set: 0.70ms
[264.555s][info][gc,phases      ] GC(70)   Other: 0.86ms
[264.555s][info][gc,heap        ] GC(70) Eden regions: 830->0(804)
[264.555s][info][gc,heap        ] GC(70) Survivor regions: 61->53(112)
[264.555s][info][gc,heap        ] GC(70) Old regions: 916->958
[264.555s][info][gc,heap        ] GC(70) Humongous regions: 77->77
[264.555s][info][gc,metaspace   ] GC(70) Metaspace: 28742K(29056K)->28742K(29056K) NonClass: 23859K(24000K)->23859K(24000K) Class: 4882K(5056K)->4882K(5056K)
[264.555s][info][gc             ] GC(70) Pause Young (Normal) (G1 Evacuation Pause) 3765M->2173M(4096M) 83.884ms
[264.555s][info][gc,cpu         ] GC(70) User=0.49s Sys=0.00s Real=0.08s
.[264.883s][info][gc,marking     ] GC(69) Concurrent Mark From Roots 1850.660ms
[264.883s][info][gc,marking     ] GC(69) Concurrent Preclean
[264.883s][info][gc,marking     ] GC(69) Concurrent Preclean 0.085ms
[264.885s][info][gc,start       ] GC(69) Pause Remark
[264.892s][info][gc             ] GC(69) Pause Remark 2485M->2471M(4096M) 7.070ms
[264.892s][info][gc,cpu         ] GC(69) User=0.03s Sys=0.00s Real=0.01s
[264.895s][info][gc,marking     ] GC(69) Concurrent Mark 1862.057ms
[264.895s][info][gc,marking     ] GC(69) Concurrent Rebuild Remembered Sets and Scrub Regions
[265.341s][info][gc,marking     ] GC(69) Concurrent Rebuild Remembered Sets and Scrub Regions 446.204ms
[265.343s][info][gc,start       ] GC(69) Pause Cleanup
[265.343s][info][gc             ] GC(69) Pause Cleanup 2951M->2951M(4096M) 0.335ms
[265.343s][info][gc,cpu         ] GC(69) User=0.00s Sys=0.00s Real=0.00s
[265.343s][info][gc,marking     ] GC(69) Concurrent Clear Claimed Marks
[265.343s][info][gc,marking     ] GC(69) Concurrent Clear Claimed Marks 0.035ms
[265.343s][info][gc,marking     ] GC(69) Concurrent Cleanup for Next Mark
[265.355s][info][gc,marking     ] GC(69) Concurrent Cleanup for Next Mark 11.496ms
[265.355s][info][gc             ] GC(69) Concurrent Mark Cycle 2486.190ms
[265.915s][info][gc,start       ] GC(71) Pause Young (Prepare Mixed) (G1 Evacuation Pause)
[265.915s][info][gc,task        ] GC(71) Using 6 workers of 6 for evacuation
[266.001s][info][gc,phases      ] GC(71)   Pre Evacuate Collection Set: 0.36ms
[266.001s][info][gc,phases      ] GC(71)   Merge Heap Roots: 0.43ms
[266.001s][info][gc,phases      ] GC(71)   Evacuate Collection Set: 83.52ms
[266.001s][info][gc,phases      ] GC(71)   Post Evacuate Collection Set: 0.88ms
[266.001s][info][gc,phases      ] GC(71)   Other: 0.10ms
[266.001s][info][gc,heap        ] GC(71) Eden regions: 804->0(727)
[266.001s][info][gc,heap        ] GC(71) Survivor regions: 53->95(108)
[266.001s][info][gc,heap        ] GC(71) Old regions: 951->951
[266.001s][info][gc,heap        ] GC(71) Humongous regions: 77->77
[266.001s][info][gc,metaspace   ] GC(71) Metaspace: 28742K(29056K)->28742K(29056K) NonClass: 23859K(24000K)->23859K(24000K) Class: 4882K(5056K)->4882K(5056K)
[266.001s][info][gc             ] GC(71) Pause Young (Prepare Mixed) (G1 Evacuation Pause) 3767M->2243M(4096M) 85.408ms
[266.001s][info][gc,cpu         ] GC(71) User=0.51s Sys=0.00s Real=0.09s
.[267.162s][info][gc,start       ] GC(72) Pause Young (Mixed) (G1 Evacuation Pause)
[267.162s][info][gc,task        ] GC(72) Using 6 workers of 6 for evacuation
[267.266s][info][gc,phases      ] GC(72)   Pre Evacuate Collection Set: 0.43ms
[267.266s][info][gc,phases      ] GC(72)   Merge Heap Roots: 0.48ms
[267.266s][info][gc,phases      ] GC(72)   Evacuate Collection Set: 102.25ms
[267.266s][info][gc,phases      ] GC(72)   Post Evacuate Collection Set: 0.87ms
[267.266s][info][gc,phases      ] GC(72)   Other: 0.10ms
[267.266s][info][gc,heap        ] GC(72) Eden regions: 727->0(938)
[267.266s][info][gc,heap        ] GC(72) Survivor regions: 95->49(103)
[267.266s][info][gc,heap        ] GC(72) Old regions: 951->819
[267.266s][info][gc,heap        ] GC(72) Humongous regions: 77->77
[267.266s][info][gc,metaspace   ] GC(72) Metaspace: 28742K(29056K)->28742K(29056K) NonClass: 23859K(24000K)->23859K(24000K) Class: 4882K(5056K)->4882K(5056K)
[267.266s][info][gc             ] GC(72) Pause Young (Mixed) (G1 Evacuation Pause) 3697M->1888M(4096M) 104.261ms
[267.266s][info][gc,cpu         ] GC(72) User=0.61s Sys=0.00s Real=0.10s
.[268.355s][info][gc,start       ] GC(73) Pause Young (Mixed) (G1 Evacuation Pause)
[268.355s][info][gc,task        ] GC(73) Using 6 workers of 6 for evacuation
[268.458s][info][gc,phases      ] GC(73)   Pre Evacuate Collection Set: 0.45ms
[268.458s][info][gc,phases      ] GC(73)   Merge Heap Roots: 0.57ms
[268.458s][info][gc,phases      ] GC(73)   Evacuate Collection Set: 100.90ms
[268.458s][info][gc,phases      ] GC(73)   Post Evacuate Collection Set: 0.98ms
[268.458s][info][gc,phases      ] GC(73)   Other: 0.11ms
[268.458s][info][gc,heap        ] GC(73) Eden regions: 938->0(1038)
[268.458s][info][gc,heap        ] GC(73) Survivor regions: 49->101(124)
[268.458s][info][gc,heap        ] GC(73) Old regions: 819->628
[268.458s][info][gc,heap        ] GC(73) Humongous regions: 77->77
[268.458s][info][gc,metaspace   ] GC(73) Metaspace: 28742K(29056K)->28742K(29056K) NonClass: 23859K(24000K)->23859K(24000K) Class: 4882K(5056K)->4882K(5056K)
[268.458s][info][gc             ] GC(73) Pause Young (Mixed) (G1 Evacuation Pause) 3764M->1609M(4096M) 103.151ms
[268.458s][info][gc,cpu         ] GC(73) User=0.61s Sys=0.00s Real=0.11s
.[269.827s][info][gc,start       ] GC(74) Pause Young (Mixed) (G1 Evacuation Pause)
[269.827s][info][gc,task        ] GC(74) Using 6 workers of 6 for evacuation
[269.967s][info][gc,phases      ] GC(74)   Pre Evacuate Collection Set: 0.41ms
[269.967s][info][gc,phases      ] GC(74)   Merge Heap Roots: 0.81ms
[269.967s][info][gc,phases      ] GC(74)   Evacuate Collection Set: 136.91ms
[269.967s][info][gc,phases      ] GC(74)   Post Evacuate Collection Set: 0.95ms
[269.967s][info][gc,phases      ] GC(74)   Other: 0.23ms
[269.967s][info][gc,heap        ] GC(74) Eden regions: 1038->0(1077)
[269.967s][info][gc,heap        ] GC(74) Survivor regions: 101->78(143)
[269.967s][info][gc,heap        ] GC(74) Old regions: 628->618
[269.967s][info][gc,heap        ] GC(74) Humongous regions: 77->77
[269.967s][info][gc,metaspace   ] GC(74) Metaspace: 28743K(29056K)->28743K(29056K) NonClass: 23861K(24000K)->23861K(24000K) Class: 4882K(5056K)->4882K(5056K)
[269.967s][info][gc             ] GC(74) Pause Young (Mixed) (G1 Evacuation Pause) 3685M->1544M(4096M) 139.445ms
[269.967s][info][gc,cpu         ] GC(74) User=0.82s Sys=0.00s Real=0.14s
.[271.362s][info][gc,start       ] GC(75) Pause Young (Concurrent Start) (G1 Evacuation Pause)
[271.362s][info][gc,task        ] GC(75) Using 6 workers of 6 for evacuation
[271.464s][info][gc,phases      ] GC(75)   Pre Evacuate Collection Set: 0.42ms
[271.464s][info][gc,phases      ] GC(75)   Merge Heap Roots: 0.46ms
[271.464s][info][gc,phases      ] GC(75)   Evacuate Collection Set: 99.92ms
[271.464s][info][gc,phases      ] GC(75)   Post Evacuate Collection Set: 0.84ms
[271.464s][info][gc,phases      ] GC(75)   Other: 0.12ms
[271.464s][info][gc,heap        ] GC(75) Eden regions: 1077->0(1043)
[271.464s][info][gc,heap        ] GC(75) Survivor regions: 78->74(145)
[271.464s][info][gc,heap        ] GC(75) Old regions: 618->663
[271.464s][info][gc,heap        ] GC(75) Humongous regions: 77->77
[271.464s][info][gc,metaspace   ] GC(75) Metaspace: 28751K(29056K)->28751K(29056K) NonClass: 23868K(24000K)->23868K(24000K) Class: 4882K(5056K)->4882K(5056K)
[271.464s][info][gc             ] GC(75) Pause Young (Concurrent Start) (G1 Evacuation Pause) 3698M->1625M(4096M) 101.885ms
[271.464s][info][gc             ] GC(76) Concurrent Mark Cycle
[271.464s][info][gc,marking     ] GC(76) Concurrent Scan Root Regions
[271.464s][info][gc,cpu         ] GC(75) User=0.60s Sys=0.00s Real=0.10s
[271.617s][info][gc,marking     ] GC(76) Concurrent Scan Root Regions 152.144ms
[271.617s][info][gc,marking     ] GC(76) Concurrent Mark
[271.617s][info][gc,marking     ] GC(76) Concurrent Mark From Roots
[271.617s][info][gc,task        ] GC(76) Using 2 workers of 2 for marking
.[273.309s][info][gc,start       ] GC(77) Pause Young (Normal) (G1 Evacuation Pause)
[273.309s][info][gc,task        ] GC(77) Using 6 workers of 6 for evacuation
[273.418s][info][gc,phases      ] GC(77)   Pre Evacuate Collection Set: 0.31ms
[273.418s][info][gc,phases      ] GC(77)   Merge Heap Roots: 0.47ms
[273.418s][info][gc,phases      ] GC(77)   Evacuate Collection Set: 107.05ms
[273.418s][info][gc,phases      ] GC(77)   Post Evacuate Collection Set: 0.82ms
[273.418s][info][gc,phases      ] GC(77)   Other: 0.08ms
[273.418s][info][gc,heap        ] GC(77) Eden regions: 1043->0(997)
[273.418s][info][gc,heap        ] GC(77) Survivor regions: 74->78(140)
[273.418s][info][gc,heap        ] GC(77) Old regions: 663->708
[273.418s][info][gc,heap        ] GC(77) Humongous regions: 77->77
[273.418s][info][gc,metaspace   ] GC(77) Metaspace: 28755K(29120K)->28755K(29120K) NonClass: 23873K(24064K)->23873K(24064K) Class: 4882K(5056K)->4882K(5056K)
[273.418s][info][gc             ] GC(77) Pause Young (Normal) (G1 Evacuation Pause) 3711M->1722M(4096M) 108.857ms
[273.418s][info][gc,cpu         ] GC(77) User=0.64s Sys=0.00s Real=0.11s
[273.523s][info][gc,marking     ] GC(76) Concurrent Mark From Roots 1906.676ms
[273.523s][info][gc,marking     ] GC(76) Concurrent Preclean
[273.523s][info][gc,marking     ] GC(76) Concurrent Preclean 0.054ms
[273.524s][info][gc,start       ] GC(76) Pause Remark
[273.529s][info][gc             ] GC(76) Pause Remark 1836M->1836M(4096M) 5.623ms
[273.529s][info][gc,cpu         ] GC(76) User=0.03s Sys=0.00s Real=0.01s
[273.529s][info][gc,marking     ] GC(76) Concurrent Mark 1912.658ms
[273.529s][info][gc,marking     ] GC(76) Concurrent Rebuild Remembered Sets and Scrub Regions
[273.942s][info][gc,marking     ] GC(76) Concurrent Rebuild Remembered Sets and Scrub Regions 412.377ms
[273.942s][info][gc,start       ] GC(76) Pause Cleanup
[273.942s][info][gc             ] GC(76) Pause Cleanup 2278M->2278M(4096M) 0.188ms
[273.942s][info][gc,cpu         ] GC(76) User=0.00s Sys=0.00s Real=0.00s
[273.944s][info][gc,marking     ] GC(76) Concurrent Clear Claimed Marks
[273.944s][info][gc,marking     ] GC(76) Concurrent Clear Claimed Marks 0.059ms
[273.944s][info][gc,marking     ] GC(76) Concurrent Cleanup for Next Mark
[273.949s][info][gc,marking     ] GC(76) Concurrent Cleanup for Next Mark 4.983ms
[273.949s][info][gc             ] GC(76) Concurrent Mark Cycle 2484.635ms
.[274.741s][info][gc,start       ] GC(78) Pause Young (Prepare Mixed) (G1 Evacuation Pause)
[274.741s][info][gc,task        ] GC(78) Using 6 workers of 6 for evacuation
[274.886s][info][gc,phases      ] GC(78)   Pre Evacuate Collection Set: 0.33ms
[274.886s][info][gc,phases      ] GC(78)   Merge Heap Roots: 0.49ms
[274.886s][info][gc,phases      ] GC(78)   Evacuate Collection Set: 143.22ms
[274.886s][info][gc,phases      ] GC(78)   Post Evacuate Collection Set: 0.86ms
[274.886s][info][gc,phases      ] GC(78)   Other: 0.08ms
[274.886s][info][gc,heap        ] GC(78) Eden regions: 997->0(959)
[274.886s][info][gc,heap        ] GC(78) Survivor regions: 78->75(135)
[274.886s][info][gc,heap        ] GC(78) Old regions: 708->753
[274.886s][info][gc,heap        ] GC(78) Humongous regions: 77->77
[274.886s][info][gc,metaspace   ] GC(78) Metaspace: 28756K(29120K)->28756K(29120K) NonClass: 23873K(24064K)->23873K(24064K) Class: 4882K(5056K)->4882K(5056K)
[274.886s][info][gc             ] GC(78) Pause Young (Prepare Mixed) (G1 Evacuation Pause) 3716M->1808M(4096M) 145.119ms
[274.886s][info][gc,cpu         ] GC(78) User=0.62s Sys=0.00s Real=0.14s
.[276.052s][info][gc,start       ] GC(79) Pause Young (Mixed) (G1 Evacuation Pause)
[276.052s][info][gc,task        ] GC(79) Using 6 workers of 6 for evacuation
[276.175s][info][gc,phases      ] GC(79)   Pre Evacuate Collection Set: 0.39ms
[276.175s][info][gc,phases      ] GC(79)   Merge Heap Roots: 0.59ms
[276.175s][info][gc,phases      ] GC(79)   Evacuate Collection Set: 120.87ms
[276.175s][info][gc,phases      ] GC(79)   Post Evacuate Collection Set: 0.95ms
[276.175s][info][gc,phases      ] GC(79)   Other: 0.10ms
[276.175s][info][gc,heap        ] GC(79) Eden regions: 959->0(1079)
[276.175s][info][gc,heap        ] GC(79) Survivor regions: 75->76(130)
[276.175s][info][gc,heap        ] GC(79) Old regions: 753->613
[276.175s][info][gc,heap        ] GC(79) Humongous regions: 77->77
[276.175s][info][gc,metaspace   ] GC(79) Metaspace: 28756K(29120K)->28756K(29120K) NonClass: 23873K(24064K)->23873K(24064K) Class: 4882K(5056K)->4882K(5056K)
[276.175s][info][gc             ] GC(79) Pause Young (Mixed) (G1 Evacuation Pause) 3726M->1530M(4096M) 123.028ms
[276.175s][info][gc,cpu         ] GC(79) User=0.73s Sys=0.00s Real=0.12s
..[277.738s][info][gc,start       ] GC(80) Pause Young (Mixed) (G1 Evacuation Pause)
[277.738s][info][gc,task        ] GC(80) Using 6 workers of 6 for evacuation
[277.891s][info][gc,phases      ] GC(80)   Pre Evacuate Collection Set: 0.34ms
[277.891s][info][gc,phases      ] GC(80)   Merge Heap Roots: 0.73ms
[277.891s][info][gc,phases      ] GC(80)   Evacuate Collection Set: 150.89ms
[277.891s][info][gc,phases      ] GC(80)   Post Evacuate Collection Set: 0.80ms
[277.891s][info][gc,phases      ] GC(80)   Other: 0.09ms
[277.891s][info][gc,heap        ] GC(80) Eden regions: 1079->0(1082)
[277.891s][info][gc,heap        ] GC(80) Survivor regions: 76->67(145)
[277.891s][info][gc,heap        ] GC(80) Old regions: 613->623
[277.891s][info][gc,heap        ] GC(80) Humongous regions: 77->77
[277.891s][info][gc,metaspace   ] GC(80) Metaspace: 28757K(29120K)->28757K(29120K) NonClass: 23874K(24064K)->23874K(24064K) Class: 4882K(5056K)->4882K(5056K)
[277.891s][info][gc             ] GC(80) Pause Young (Mixed) (G1 Evacuation Pause) 3688M->1532M(4096M) 152.977ms
[277.891s][info][gc,cpu         ] GC(80) User=0.67s Sys=0.00s Real=0.15s
.[279.377s][info][gc,start       ] GC(81) Pause Young (Concurrent Start) (G1 Evacuation Pause)
[279.377s][info][gc,task        ] GC(81) Using 6 workers of 6 for evacuation
[279.478s][info][gc,phases      ] GC(81)   Pre Evacuate Collection Set: 0.41ms
[279.478s][info][gc,phases      ] GC(81)   Merge Heap Roots: 0.46ms
[279.478s][info][gc,phases      ] GC(81)   Evacuate Collection Set: 99.05ms
[279.478s][info][gc,phases      ] GC(81)   Post Evacuate Collection Set: 0.86ms
[279.478s][info][gc,phases      ] GC(81)   Other: 0.12ms
[279.478s][info][gc,heap        ] GC(81) Eden regions: 1082->0(1013)
[279.478s][info][gc,heap        ] GC(81) Survivor regions: 67->116(144)
[279.478s][info][gc,heap        ] GC(81) Old regions: 623->623
[279.478s][info][gc,heap        ] GC(81) Humongous regions: 77->77
[279.478s][info][gc,metaspace   ] GC(81) Metaspace: 28757K(29120K)->28757K(29120K) NonClass: 23874K(24064K)->23874K(24064K) Class: 4882K(5056K)->4882K(5056K)
[279.478s][info][gc             ] GC(81) Pause Young (Concurrent Start) (G1 Evacuation Pause) 3696M->1629M(4096M) 101.035ms
[279.478s][info][gc             ] GC(82) Concurrent Mark Cycle
[279.478s][info][gc,marking     ] GC(82) Concurrent Scan Root Regions
[279.478s][info][gc,cpu         ] GC(81) User=0.59s Sys=0.00s Real=0.11s
[279.728s][info][gc,marking     ] GC(82) Concurrent Scan Root Regions 249.624ms
[279.728s][info][gc,marking     ] GC(82) Concurrent Mark
[279.728s][info][gc,marking     ] GC(82) Concurrent Mark From Roots
[279.728s][info][gc,task        ] GC(82) Using 2 workers of 2 for marking
..[281.383s][info][gc,marking     ] GC(82) Concurrent Mark From Roots 1655.328ms
[281.383s][info][gc,marking     ] GC(82) Concurrent Preclean
[281.383s][info][gc,marking     ] GC(82) Concurrent Preclean 0.064ms
[281.384s][info][gc,start       ] GC(82) Pause Remark
[281.391s][info][gc             ] GC(82) Pause Remark 3265M->3265M(4096M) 6.667ms
[281.391s][info][gc,cpu         ] GC(82) User=0.04s Sys=0.00s Real=0.01s
[281.391s][info][gc,marking     ] GC(82) Concurrent Mark 1663.427ms
[281.391s][info][gc,marking     ] GC(82) Concurrent Rebuild Remembered Sets and Scrub Regions
[281.635s][info][gc,start       ] GC(83) Pause Young (Normal) (G1 Evacuation Pause)
[281.635s][info][gc,task        ] GC(83) Using 6 workers of 6 for evacuation
[281.761s][info][gc,phases      ] GC(83)   Pre Evacuate Collection Set: 0.32ms
[281.761s][info][gc,phases      ] GC(83)   Merge Heap Roots: 0.46ms
[281.761s][info][gc,phases      ] GC(83)   Evacuate Collection Set: 124.97ms
[281.761s][info][gc,phases      ] GC(83)   Post Evacuate Collection Set: 0.96ms
[281.761s][info][gc,phases      ] GC(83)   Other: 0.09ms
[281.761s][info][gc,heap        ] GC(83) Eden regions: 1013->0(1004)
[281.761s][info][gc,heap        ] GC(83) Survivor regions: 116->67(142)
[281.762s][info][gc,heap        ] GC(83) Old regions: 623->710
[281.762s][info][gc,heap        ] GC(83) Humongous regions: 77->77
[281.762s][info][gc,metaspace   ] GC(83) Metaspace: 28757K(29120K)->28757K(29120K) NonClass: 23874K(24064K)->23874K(24064K) Class: 4882K(5056K)->4882K(5056K)
[281.762s][info][gc             ] GC(83) Pause Young (Normal) (G1 Evacuation Pause) 3655M->1705M(4096M) 126.955ms
[281.762s][info][gc,cpu         ] GC(83) User=0.75s Sys=0.00s Real=0.13s
[282.226s][info][gc,marking     ] GC(82) Concurrent Rebuild Remembered Sets and Scrub Regions 834.825ms
[282.228s][info][gc,start       ] GC(82) Pause Cleanup
[282.228s][info][gc             ] GC(82) Pause Cleanup 2375M->2375M(4096M) 0.220ms
[282.228s][info][gc,cpu         ] GC(82) User=0.00s Sys=0.00s Real=0.01s
[282.228s][info][gc,marking     ] GC(82) Concurrent Clear Claimed Marks
[282.228s][info][gc,marking     ] GC(82) Concurrent Clear Claimed Marks 0.040ms
[282.228s][info][gc,marking     ] GC(82) Concurrent Cleanup for Next Mark
[282.238s][info][gc,marking     ] GC(82) Concurrent Cleanup for Next Mark 9.325ms
[282.238s][info][gc             ] GC(82) Concurrent Mark Cycle 2759.847ms
.[283.128s][info][gc,start       ] GC(84) Pause Young (Prepare Mixed) (G1 Evacuation Pause)
[283.128s][info][gc,task        ] GC(84) Using 6 workers of 6 for evacuation
[283.224s][info][gc,phases      ] GC(84)   Pre Evacuate Collection Set: 0.37ms
[283.224s][info][gc,phases      ] GC(84)   Merge Heap Roots: 0.55ms
[283.224s][info][gc,phases      ] GC(84)   Evacuate Collection Set: 94.27ms
[283.224s][info][gc,phases      ] GC(84)   Post Evacuate Collection Set: 0.94ms
[283.224s][info][gc,phases      ] GC(84)   Other: 0.10ms
[283.224s][info][gc,heap        ] GC(84) Eden regions: 1004->0(952)
[283.224s][info][gc,heap        ] GC(84) Survivor regions: 67->103(134)
[283.224s][info][gc,heap        ] GC(84) Old regions: 710->710
[283.224s][info][gc,heap        ] GC(84) Humongous regions: 77->77
[283.224s][info][gc,metaspace   ] GC(84) Metaspace: 28757K(29120K)->28757K(29120K) NonClass: 23875K(24064K)->23875K(24064K) Class: 4882K(5056K)->4882K(5056K)
[283.224s][info][gc             ] GC(84) Pause Young (Prepare Mixed) (G1 Evacuation Pause) 3713M->1777M(4096M) 96.391ms
[283.224s][info][gc,cpu         ] GC(84) User=0.57s Sys=0.00s Real=0.10s
.[284.500s][info][gc,start       ] GC(85) Pause Young (Mixed) (G1 Evacuation Pause)
[284.500s][info][gc,task        ] GC(85) Using 6 workers of 6 for evacuation
[284.628s][info][gc,phases      ] GC(85)   Pre Evacuate Collection Set: 0.46ms
[284.628s][info][gc,phases      ] GC(85)   Merge Heap Roots: 0.64ms
[284.628s][info][gc,phases      ] GC(85)   Evacuate Collection Set: 121.40ms
[284.628s][info][gc,phases      ] GC(85)   Merge Optional Heap Roots: 0.09ms
[284.628s][info][gc,phases      ] GC(85)   Evacuate Optional Collection Set: 3.66ms
[284.628s][info][gc,phases      ] GC(85)   Post Evacuate Collection Set: 1.20ms
[284.628s][info][gc,phases      ] GC(85)   Other: 0.12ms
[284.628s][info][gc,heap        ] GC(85) Eden regions: 952->0(1084)
[284.628s][info][gc,heap        ] GC(85) Survivor regions: 103->103(132)
[284.628s][info][gc,heap        ] GC(85) Old regions: 710->578
[284.628s][info][gc,heap        ] GC(85) Humongous regions: 77->77
[284.628s][info][gc,metaspace   ] GC(85) Metaspace: 28758K(29120K)->28758K(29120K) NonClass: 23875K(24064K)->23875K(24064K) Class: 4882K(5056K)->4882K(5056K)
[284.628s][info][gc             ] GC(85) Pause Young (Mixed) (G1 Evacuation Pause) 3681M->1513M(4096M) 127.702ms
[284.628s][info][gc,cpu         ] GC(85) User=0.76s Sys=0.00s Real=0.12s
.[286.088s][info][gc,start       ] GC(86) Pause Young (Mixed) (G1 Evacuation Pause)
[286.088s][info][gc,task        ] GC(86) Using 6 workers of 6 for evacuation
[286.234s][info][gc,phases      ] GC(86)   Pre Evacuate Collection Set: 0.35ms
[286.234s][info][gc,phases      ] GC(86)   Merge Heap Roots: 0.83ms
[286.234s][info][gc,phases      ] GC(86)   Evacuate Collection Set: 132.42ms
[286.234s][info][gc,phases      ] GC(86)   Merge Optional Heap Roots: 0.21ms
[286.234s][info][gc,phases      ] GC(86)   Evacuate Optional Collection Set: 10.25ms
[286.234s][info][gc,phases      ] GC(86)   Post Evacuate Collection Set: 1.19ms
[286.234s][info][gc,phases      ] GC(86)   Other: 0.10ms
[286.234s][info][gc,heap        ] GC(86) Eden regions: 1084->0(1104)
[286.234s][info][gc,heap        ] GC(86) Survivor regions: 103->103(149)
[286.234s][info][gc,heap        ] GC(86) Old regions: 578->553
[286.234s][info][gc,heap        ] GC(86) Humongous regions: 77->77
[286.234s][info][gc,metaspace   ] GC(86) Metaspace: 28758K(29120K)->28758K(29120K) NonClass: 23875K(24064K)->23875K(24064K) Class: 4882K(5056K)->4882K(5056K)
[286.234s][info][gc             ] GC(86) Pause Young (Mixed) (G1 Evacuation Pause) 3681M->1463M(4096M) 145.502ms
[286.234s][info][gc,cpu         ] GC(86) User=0.86s Sys=0.00s Real=0.14s
..[287.756s][info][gc,start       ] GC(87) Pause Young (Mixed) (G1 Evacuation Pause)
[287.756s][info][gc,task        ] GC(87) Using 6 workers of 6 for evacuation
[287.923s][info][gc,phases      ] GC(87)   Pre Evacuate Collection Set: 0.35ms
[287.923s][info][gc,phases      ] GC(87)   Merge Heap Roots: 0.72ms
[287.923s][info][gc,phases      ] GC(87)   Evacuate Collection Set: 164.80ms
[287.923s][info][gc,phases      ] GC(87)   Post Evacuate Collection Set: 0.92ms
[287.923s][info][gc,phases      ] GC(87)   Other: 0.10ms
[287.923s][info][gc,heap        ] GC(87) Eden regions: 1104->0(1066)
[287.923s][info][gc,heap        ] GC(87) Survivor regions: 103->111(151)
[287.923s][info][gc,heap        ] GC(87) Old regions: 553->580
[287.923s][info][gc,heap        ] GC(87) Humongous regions: 77->77
[287.923s][info][gc,metaspace   ] GC(87) Metaspace: 28758K(29120K)->28758K(29120K) NonClass: 23876K(24064K)->23876K(24064K) Class: 4882K(5056K)->4882K(5056K)
[287.923s][info][gc             ] GC(87) Pause Young (Mixed) (G1 Evacuation Pause) 3671M->1533M(4096M) 167.044ms
[287.923s][info][gc,cpu         ] GC(87) User=0.75s Sys=0.00s Real=0.17s
. (rIR:aIR:PR = 13837:13571:10863) (tPR = 162020) [PR is under limit] 
   288s: Re-initializing (term[289.486s][info][gc,start       ] GC(88) Pause Young (Concurrent Start) (G1 Evacuation Pause)
[289.486s][info][gc,task        ] GC(88) Using 6 workers of 6 for evacuation
[289.611s][info][gc,phases      ] GC(88)   Pre Evacuate Collection Set: 0.37ms
[289.611s][info][gc,phases      ] GC(88)   Merge Heap Roots: 0.46ms
[289.611s][info][gc,phases      ] GC(88)   Evacuate Collection Set: 123.71ms
[289.611s][info][gc,phases      ] GC(88)   Post Evacuate Collection Set: 0.88ms
[289.611s][info][gc,phases      ] GC(88)   Other: 0.10ms
[289.611s][info][gc,heap        ] GC(88) Eden regions: 1066->0(1028)
[289.611s][info][gc,heap        ] GC(88) Survivor regions: 111->113(148)
[289.611s][info][gc,heap        ] GC(88) Old regions: 580->614
[289.611s][info][gc,heap        ] GC(88) Humongous regions: 77->77
[289.611s][info][gc,metaspace   ] GC(88) Metaspace: 28759K(29120K)->28759K(29120K) NonClass: 23876K(24064K)->23876K(24064K) Class: 4882K(5056K)->4882K(5056K)
[289.612s][info][gc             ] GC(88) Pause Young (Concurrent Start) (G1 Evacuation Pause) 3665M->1605M(4096M) 125.638ms
[289.612s][info][gc             ] GC(89) Concurrent Mark Cycle
[289.612s][info][gc,marking     ] GC(89) Concurrent Scan Root Regions
[289.612s][info][gc,cpu         ] GC(88) User=0.74s Sys=0.00s Real=0.13s
[289.852s][info][gc,marking     ] GC(89) Concurrent Scan Root Regions 240.478ms
[289.852s][info][gc,marking     ] GC(89) Concurrent Mark
[289.852s][info][gc,marking     ] GC(89) Concurrent Mark From Roots
[289.852s][info][gc,task        ] GC(89) Using 2 workers of 2 for marking
[291.251s][info][gc,marking     ] GC(89) Concurrent Mark From Roots 1398.648ms
[291.251s][info][gc,marking     ] GC(89) Concurrent Preclean
[291.251s][info][gc,marking     ] GC(89) Concurrent Preclean 0.075ms
[291.255s][info][gc,start       ] GC(89) Pause Remark
[291.259s][info][gc             ] GC(89) Pause Remark 3503M->3503M(4096M) 3.775ms
[291.259s][info][gc,cpu         ] GC(89) User=0.02s Sys=0.00s Real=0.01s
[291.259s][info][gc,marking     ] GC(89) Concurrent Mark 1406.720ms
[291.259s][info][gc,marking     ] GC(89) Concurrent Rebuild Remembered Sets and Scrub Regions
[291.397s][info][gc,start       ] GC(90) Pause Young (Normal) (G1 Evacuation Pause)
[291.397s][info][gc,task        ] GC(90) Using 6 workers of 6 for evacuation
[291.527s][info][gc,phases      ] GC(90)   Pre Evacuate Collection Set: 0.28ms
[291.527s][info][gc,phases      ] GC(90)   Merge Heap Roots: 0.48ms
[291.527s][info][gc,phases      ] GC(90)   Evacuate Collection Set: 127.68ms
[291.527s][info][gc,phases      ] GC(90)   Post Evacuate Collection Set: 0.90ms
[291.527s][info][gc,phases      ] GC(90)   Other: 0.08ms
[291.527s][info][gc,heap        ] GC(90) Eden regions: 1028->0(982)
[291.527s][info][gc,heap        ] GC(90) Survivor regions: 113->120(143)
[291.527s][info][gc,heap        ] GC(90) Old regions: 614->646
[291.527s][info][gc,heap        ] GC(90) Humongous regions: 77->77
[291.527s][info][gc,metaspace   ] GC(90) Metaspace: 28760K(29120K)->28760K(29120K) NonClass: 23877K(24064K)->23877K(24064K) Class: 4882K(5056K)->4882K(5056K)
[291.527s][info][gc             ] GC(90) Pause Young (Normal) (G1 Evacuation Pause) 3661M->1683M(4096M) 129.544ms
[291.527s][info][gc,cpu         ] GC(90) User=0.77s Sys=0.00s Real=0.13s
[291.679s][info][gc,marking     ] GC(89) Concurrent Rebuild Remembered Sets and Scrub Regions 419.648ms
[291.679s][info][gc,start       ] GC(89) Pause Cleanup
[291.680s][info][gc             ] GC(89) Pause Cleanup 1903M->1903M(4096M) 0.189ms
[291.680s][info][gc,cpu         ] GC(89) User=0.00s Sys=0.00s Real=0.00s
[291.680s][info][gc,marking     ] GC(89) Concurrent Clear Claimed Marks
[291.680s][info][gc,marking     ] GC(89) Concurrent Clear Claimed Marks 0.042ms
[291.680s][info][gc,marking     ] GC(89) Concurrent Cleanup for Next Mark
[291.722s][info][gc,marking     ] GC(89) Concurrent Cleanup for Next Mark 42.215ms
[291.722s][info][gc             ] GC(89) Concurrent Mark Cycle 2110.538ms
[292.910s][info][gc,start       ] GC(91) Pause Young (Prepare Mixed) (G1 Evacuation Pause)
[292.910s][info][gc,task        ] GC(91) Using 6 workers of 6 for evacuation
[293.042s][info][gc,phases      ] GC(91)   Pre Evacuate Collection Set: 0.32ms
[293.042s][info][gc,phases      ] GC(91)   Merge Heap Roots: 0.49ms
[293.042s][info][gc,phases      ] GC(91)   Evacuate Collection Set: 129.89ms
[293.042s][info][gc,phases      ] GC(91)   Post Evacuate Collection Set: 0.88ms
[293.042s][info][gc,phases      ] GC(91)   Other: 0.09ms
[293.042s][info][gc,heap        ] GC(91) Eden regions: 982->0(982)
[293.042s][info][gc,heap        ] GC(91) Survivor regions: 120->74(138)
[293.042s][info][gc,heap        ] GC(91) Old regions: 646->731
[293.042s][info][gc,heap        ] GC(91) Humongous regions: 77->77
[293.042s][info][gc,metaspace   ] GC(91) Metaspace: 28760K(29120K)->28760K(29120K) NonClass: 23877K(24064K)->23877K(24064K) Class: 4882K(5056K)->4882K(5056K)
[293.042s][info][gc             ] GC(91) Pause Young (Prepare Mixed) (G1 Evacuation Pause) 3647M->1760M(4096M) 131.809ms
[293.042s][info][gc,cpu         ] GC(91) User=0.78s Sys=0.00s Real=0.13s
[294.268s][info][gc,start       ] GC(92) Pause Young (Mixed) (G1 Evacuation Pause)
[294.268s][info][gc,task        ] GC(92) Using 6 workers of 6 for evacuation
[294.393s][info][gc,phases      ] GC(92)   Pre Evacuate Collection Set: 0.40ms
[294.393s][info][gc,phases      ] GC(92)   Merge Heap Roots: 0.57ms
[294.393s][info][gc,phases      ] GC(92)   Evacuate Collection Set: 123.83ms
[294.393s][info][gc,phases      ] GC(92)   Post Evacuate Collection Set: 0.97ms
[294.393s][info][gc,phases      ] GC(92)   Other: 0.09ms
[294.393s][info][gc,heap        ] GC(92) Eden regions: 982->0(1092)
[294.393s][info][gc,heap        ] GC(92) Survivor regions: 74->79(132)
[294.393s][info][gc,heap        ] GC(92) Old regions: 731->593
[294.393s][info][gc,heap        ] GC(92) Humongous regions: 77->77
[294.393s][info][gc,metaspace   ] GC(92) Metaspace: 28760K(29120K)->28760K(29120K) NonClass: 23877K(24064K)->23877K(24064K) Class: 4882K(5056K)->4882K(5056K)
[294.394s][info][gc             ] GC(92) Pause Young (Mixed) (G1 Evacuation Pause) 3724M->1494M(4096M) 125.988ms
[294.394s][info][gc,cpu         ] GC(92) User=0.74s Sys=0.00s Real=0.13s
[296.058s][info][gc,start       ] GC(93) Pause Young (Mixed) (G1 Evacuation Pause)
[296.058s][info][gc,task        ] GC(93) Using 6 workers of 6 for evacuation
[296.174s][info][gc,phases      ] GC(93)   Pre Evacuate Collection Set: 0.37ms
[296.174s][info][gc,phases      ] GC(93)   Merge Heap Roots: 0.61ms
[296.174s][info][gc,phases      ] GC(93)   Evacuate Collection Set: 113.64ms
[296.174s][info][gc,phases      ] GC(93)   Post Evacuate Collection Set: 0.84ms
[296.174s][info][gc,phases      ] GC(93)   Other: 0.09ms
[296.174s][info][gc,heap        ] GC(93) Eden regions: 1092->0(1066)
[296.174s][info][gc,heap        ] GC(93) Survivor regions: 79->72(147)
[296.174s][info][gc,heap        ] GC(93) Old regions: 593->637
[296.174s][info][gc,heap        ] GC(93) Humongous regions: 77->77
[296.174s][info][gc,metaspace   ] GC(93) Metaspace: 28760K(29120K)->28760K(29120K) NonClass: 23877K(24064K)->23877K(24064K) Class: 4882K(5056K)->4882K(5056K)
[296.174s][info][gc             ] GC(93) Pause Young (Mixed) (G1 Evacuation Pause) 3678M->1568M(4096M) 115.683ms
[296.174s][info][gc,cpu         ] GC(93) User=0.68s Sys=0.00s Real=0.11s
[297.282s][info][gc,start       ] GC(94) Pause Young (Concurrent Start) (G1 Evacuation Pause)
[297.282s][info][gc,task        ] GC(94) Using 6 workers of 6 for evacuation
[297.400s][info][gc,phases      ] GC(94)   Pre Evacuate Collection Set: 0.34ms
[297.400s][info][gc,phases      ] GC(94)   Merge Heap Roots: 0.47ms
[297.400s][info][gc,phases      ] GC(94)   Evacuate Collection Set: 116.83ms
[297.400s][info][gc,phases      ] GC(94)   Post Evacuate Collection Set: 0.87ms
[297.401s][info][gc,phases      ] GC(94)   Other: 0.10ms
[297.401s][info][gc,heap        ] GC(94) Eden regions: 1066->0(963)
[297.401s][info][gc,heap        ] GC(94) Survivor regions: 72->134(143)
[297.401s][info][gc,heap        ] GC(94) Old regions: 637->637
[297.401s][info][gc,heap        ] GC(94) Humongous regions: 77->77
[297.401s][info][gc,metaspace   ] GC(94) Metaspace: 28760K(29120K)->28760K(29120K) NonClass: 23877K(24064K)->23877K(24064K) Class: 4882K(5056K)->4882K(5056K)
[297.401s][info][gc             ] GC(94) Pause Young (Concurrent Start) (G1 Evacuation Pause) 3700M->1692M(4096M) 118.742ms
[297.401s][info][gc             ] GC(95) Concurrent Mark Cycle
[297.401s][info][gc,marking     ] GC(95) Concurrent Scan Root Regions
[297.401s][info][gc,cpu         ] GC(94) User=0.71s Sys=0.00s Real=0.12s
[297.530s][info][gc,marking     ] GC(95) Concurrent Scan Root Regions 129.094ms
[297.530s][info][gc,marking     ] GC(95) Concurrent Mark
[297.530s][info][gc,marking     ] GC(95) Concurrent Mark From Roots
[297.530s][info][gc,task        ] GC(95) Using 2 workers of 2 for marking
) [297.930s][info][gc,start       ] GC(96) Pause Full (System.gc())
[297.930s][info][gc,task        ] GC(96) Using 6 workers of 6 for full compaction
[297.934s][info][gc,phases,start] GC(96) Phase 1: Mark live objects
[297.949s][info][gc,phases      ] GC(96) Phase 1: Mark live objects 15.393ms
[297.949s][info][gc,phases,start] GC(96) Phase 2: Prepare compaction
[297.951s][info][gc,phases      ] GC(96) Phase 2: Prepare compaction 2.284ms
[297.951s][info][gc,phases,start] GC(96) Phase 3: Adjust pointers
[297.958s][info][gc,phases      ] GC(96) Phase 3: Adjust pointers 6.521ms
[297.958s][info][gc,phases,start] GC(96) Phase 4: Compact heap
[297.960s][info][gc,phases      ] GC(96) Phase 4: Compact heap 2.405ms
[297.960s][info][gc,phases,start] GC(96) Phase 5: Reset Metadata
[297.965s][info][gc,phases      ] GC(96) Phase 5: Reset Metadata 4.353ms
[297.971s][info][gc,heap        ] GC(96) Eden regions: 87->0(1228)
[297.971s][info][gc,heap        ] GC(96) Survivor regions: 134->0(143)
[297.971s][info][gc,heap        ] GC(96) Old regions: 637->35
[297.971s][info][gc,heap        ] GC(96) Humongous regions: 77->66
[297.971s][info][gc,metaspace   ] GC(96) Metaspace: 28761K(29120K)->28761K(29120K) NonClass: 23878K(24064K)->23878K(24064K) Class: 4882K(5056K)->4882K(5056K)
[297.971s][info][gc             ] GC(96) Pause Full (System.gc()) 1865M->194M(4096M) 40.980ms
[297.971s][info][gc,cpu         ] GC(96) User=0.22s Sys=0.00s Real=0.04s
[297.971s][info][gc,marking     ] GC(95) Concurrent Mark From Roots 441.116ms
[297.971s][info][gc,marking     ] GC(95) Concurrent Mark Abort
[297.971s][info][gc             ] GC(95) Concurrent Mark Cycle 570.289ms
(init[298.209s][info][gc,start       ] GC(97) Pause Young (Concurrent Start) (G1 Humongous Allocation)
[298.209s][info][gc,task        ] GC(97) Using 6 workers of 6 for evacuation
[298.223s][info][gc,phases      ] GC(97)   Pre Evacuate Collection Set: 0.35ms
[298.223s][info][gc,phases      ] GC(97)   Merge Heap Roots: 0.03ms
[298.223s][info][gc,phases      ] GC(97)   Evacuate Collection Set: 13.36ms
[298.223s][info][gc,phases      ] GC(97)   Post Evacuate Collection Set: 0.25ms
[298.223s][info][gc,phases      ] GC(97)   Other: 0.08ms
[298.223s][info][gc,heap        ] GC(97) Eden regions: 47->0(1214)
[298.223s][info][gc,heap        ] GC(97) Survivor regions: 0->14(154)
[298.223s][info][gc,heap        ] GC(97) Old regions: 35->35
[298.223s][info][gc,heap        ] GC(97) Humongous regions: 66->66
[298.223s][info][gc,metaspace   ] GC(97) Metaspace: 28768K(29120K)->28768K(29120K) NonClass: 23886K(24064K)->23886K(24064K) Class: 4882K(5056K)->4882K(5056K)
[298.223s][info][gc             ] GC(97) Pause Young (Concurrent Start) (G1 Humongous Allocation) 287M->222M(4096M) 14.209ms
[298.223s][info][gc             ] GC(98) Concurrent Mark Cycle
[298.223s][info][gc,marking     ] GC(98) Concurrent Scan Root Regions
[298.223s][info][gc,cpu         ] GC(97) User=0.08s Sys=0.00s Real=0.01s
[298.232s][info][gc,marking     ] GC(98) Concurrent Scan Root Regions 8.612ms
[298.232s][info][gc,marking     ] GC(98) Concurrent Mark
[298.232s][info][gc,marking     ] GC(98) Concurrent Mark From Roots
[298.232s][info][gc,task        ] GC(98) Using 2 workers of 2 for marking
[298.280s][info][gc,marking     ] GC(98) Concurrent Mark From Roots 48.103ms
[298.280s][info][gc,marking     ] GC(98) Concurrent Preclean
[298.280s][info][gc,marking     ] GC(98) Concurrent Preclean 0.076ms
[298.280s][info][gc,start       ] GC(98) Pause Remark
[298.282s][info][gc             ] GC(98) Pause Remark 336M->336M(4096M) 2.017ms
[298.282s][info][gc,cpu         ] GC(98) User=0.01s Sys=0.00s Real=0.00s
[298.282s][info][gc,marking     ] GC(98) Concurrent Mark 50.388ms
[298.282s][info][gc,marking     ] GC(98) Concurrent Rebuild Remembered Sets and Scrub Regions
[298.305s][info][gc,marking     ] GC(98) Concurrent Rebuild Remembered Sets and Scrub Regions 23.448ms
[298.306s][info][gc,start       ] GC(98) Pause Cleanup
[298.306s][info][gc             ] GC(98) Pause Cleanup 383M->383M(4096M) 0.075ms
[298.306s][info][gc,cpu         ] GC(98) User=0.00s Sys=0.00s Real=0.00s
[298.306s][info][gc,marking     ] GC(98) Concurrent Clear Claimed Marks
[298.306s][info][gc,marking     ] GC(98) Concurrent Clear Claimed Marks 0.030ms
[298.306s][info][gc,marking     ] GC(98) Concurrent Cleanup for Next Mark
[298.311s][info][gc,marking     ] GC(98) Concurrent Cleanup for Next Mark 4.892ms
[298.311s][info][gc             ] GC(98) Concurrent Mark Cycle 87.726ms
) ... OK
   302s: Searching from base IR = 11548
   302s:       rampup IR =      0 ... (rIR:aIR:PR = 0:0:0) (tPR = 0) [OK] 
   305s:       rampup IR =   1155 ...[308.723s][info][gc,start       ] GC(99) Pause Young (Prepare Mixed) (G1 Evacuation Pause)
[308.723s][info][gc,task        ] GC(99) Using 6 workers of 6 for evacuation
[309.207s][info][gc,mmu         ] GC(99) MMU target violated: 201.0ms (200.0ms/201.0ms)
[309.207s][info][gc,phases      ] GC(99)   Pre Evacuate Collection Set: 0.36ms
[309.207s][info][gc,phases      ] GC(99)   Merge Heap Roots: 0.56ms
[309.207s][info][gc,phases      ] GC(99)   Evacuate Collection Set: 480.84ms
[309.207s][info][gc,phases      ] GC(99)   Post Evacuate Collection Set: 1.36ms
[309.207s][info][gc,phases      ] GC(99)   Other: 0.16ms
[309.207s][info][gc,heap        ] GC(99) Eden regions: 1214->0(421)
[309.207s][info][gc,heap        ] GC(99) Survivor regions: 14->154(154)
[309.207s][info][gc,heap        ] GC(99) Old regions: 35->344
[309.207s][info][gc,heap        ] GC(99) Humongous regions: 163->155
[309.207s][info][gc,metaspace   ] GC(99) Metaspace: 28778K(29120K)->28778K(29120K) NonClass: 23894K(24064K)->23894K(24064K) Class: 4883K(5056K)->4883K(5056K)
[309.207s][info][gc             ] GC(99) Pause Young (Prepare Mixed) (G1 Evacuation Pause) 2844M->1298M(4096M) 483.385ms
[309.207s][info][gc,cpu         ] GC(99) User=2.86s Sys=0.00s Real=0.48s
.. (rIR:aIR:PR = 1155:1159:1134) (tPR = 21703) [OK] 
   310s:       rampup IR =   2310 .[311.821s][info][gc,start       ] GC(100) Pause Young (Mixed) (G1 Evacuation Pause)
[311.821s][info][gc,task        ] GC(100) Using 6 workers of 6 for evacuation
[312.015s][info][gc,phases      ] GC(100)   Pre Evacuate Collection Set: 0.34ms
[312.016s][info][gc,phases      ] GC(100)   Merge Heap Roots: 0.60ms
[312.016s][info][gc,phases      ] GC(100)   Evacuate Collection Set: 193.04ms
[312.016s][info][gc,phases      ] GC(100)   Post Evacuate Collection Set: 0.56ms
[312.016s][info][gc,phases      ] GC(100)   Other: 0.06ms
[312.016s][info][gc,heap        ] GC(100) Eden regions: 412->0(661)
[312.016s][info][gc,heap        ] GC(100) Survivor regions: 154->26(71)
[312.016s][info][gc,heap        ] GC(100) Old regions: 344->495
[312.016s][info][gc,heap        ] GC(100) Humongous regions: 155->155
[312.016s][info][gc,metaspace   ] GC(100) Metaspace: 28778K(29120K)->28778K(29120K) NonClass: 23894K(24064K)->23894K(24064K) Class: 4883K(5056K)->4883K(5056K)
[312.016s][info][gc             ] GC(100) Pause Young (Mixed) (G1 Evacuation Pause) 2122M->1345M(4096M) 194.739ms
[312.016s][info][gc,cpu         ] GC(100) User=1.16s Sys=0.00s Real=0.19s
.... (rIR:aIR:PR = 2310:2298:2249) (tPR = 40797) [OK] 
   315s:       rampup IR =   3464 [315.395s][info][gc,start       ] GC(101) Pause Young (Concurrent Start) (G1 Evacuation Pause)
[315.395s][info][gc,task        ] GC(101) Using 6 workers of 6 for evacuation
[315.458s][info][gc,phases      ] GC(101)   Pre Evacuate Collection Set: 0.42ms
[315.458s][info][gc,phases      ] GC(101)   Merge Heap Roots: 0.46ms
[315.458s][info][gc,phases      ] GC(101)   Evacuate Collection Set: 60.74ms
[315.458s][info][gc,phases      ] GC(101)   Post Evacuate Collection Set: 0.74ms
[315.458s][info][gc,phases      ] GC(101)   Other: 0.10ms
[315.458s][info][gc,heap        ] GC(101) Eden regions: 697->0(693)
[315.458s][info][gc,heap        ] GC(101) Survivor regions: 26->60(91)
[315.458s][info][gc,heap        ] GC(101) Old regions: 495->495
[315.458s][info][gc,heap        ] GC(101) Humongous regions: 155->155
[315.458s][info][gc,metaspace   ] GC(101) Metaspace: 28779K(29120K)->28779K(29120K) NonClass: 23896K(24064K)->23896K(24064K) Class: 4883K(5056K)->4883K(5056K)
[315.458s][info][gc             ] GC(101) Pause Young (Concurrent Start) (G1 Evacuation Pause) 2739M->1414M(4096M) 62.575ms
[315.458s][info][gc             ] GC(102) Concurrent Mark Cycle
[315.458s][info][gc,marking     ] GC(102) Concurrent Scan Root Regions
[315.458s][info][gc,cpu         ] GC(101) User=0.37s Sys=0.00s Real=0.06s
[315.528s][info][gc,marking     ] GC(102) Concurrent Scan Root Regions 69.916ms
[315.528s][info][gc,marking     ] GC(102) Concurrent Mark
[315.528s][info][gc,marking     ] GC(102) Concurrent Mark From Roots
[315.528s][info][gc,task        ] GC(102) Using 2 workers of 2 for marking
[316.144s][info][gc,marking     ] GC(102) Concurrent Mark From Roots 616.228ms
[316.144s][info][gc,marking     ] GC(102) Concurrent Preclean
[316.144s][info][gc,marking     ] GC(102) Concurrent Preclean 0.083ms
[316.145s][info][gc,start       ] GC(102) Pause Remark
[316.152s][info][gc             ] GC(102) Pause Remark 1851M->1639M(4096M) 7.328ms
[316.152s][info][gc,cpu         ] GC(102) User=0.04s Sys=0.00s Real=0.01s
[316.153s][info][gc,marking     ] GC(102) Concurrent Mark 625.629ms
[316.153s][info][gc,marking     ] GC(102) Concurrent Rebuild Remembered Sets and Scrub Regions
.[316.373s][info][gc,marking     ] GC(102) Concurrent Rebuild Remembered Sets and Scrub Regions 219.836ms
[316.373s][info][gc,start       ] GC(102) Pause Cleanup
[316.373s][info][gc             ] GC(102) Pause Cleanup 1787M->1787M(4096M) 0.102ms
[316.373s][info][gc,cpu         ] GC(102) User=0.00s Sys=0.00s Real=0.00s
[316.373s][info][gc,marking     ] GC(102) Concurrent Clear Claimed Marks
[316.374s][info][gc,marking     ] GC(102) Concurrent Clear Claimed Marks 0.026ms
[316.374s][info][gc,marking     ] GC(102) Concurrent Cleanup for Next Mark
[316.377s][info][gc,marking     ] GC(102) Concurrent Cleanup for Next Mark 3.269ms
[316.377s][info][gc             ] GC(102) Concurrent Mark Cycle 919.078ms
.[317.752s][info][gc,start       ] GC(103) Pause Young (Prepare Mixed) (G1 Evacuation Pause)
[317.752s][info][gc,task        ] GC(103) Using 6 workers of 6 for evacuation
[317.834s][info][gc,phases      ] GC(103)   Pre Evacuate Collection Set: 0.35ms
[317.834s][info][gc,phases      ] GC(103)   Merge Heap Roots: 0.55ms
[317.834s][info][gc,phases      ] GC(103)   Evacuate Collection Set: 80.09ms
[317.834s][info][gc,phases      ] GC(103)   Post Evacuate Collection Set: 0.67ms
[317.834s][info][gc,phases      ] GC(103)   Other: 0.07ms
[317.834s][info][gc,heap        ] GC(103) Eden regions: 691->0(803)
[317.834s][info][gc,heap        ] GC(103) Survivor regions: 60->70(94)
[317.834s][info][gc,heap        ] GC(103) Old regions: 469->488
[317.834s][info][gc,heap        ] GC(103) Humongous regions: 75->75
[317.834s][info][gc,metaspace   ] GC(103) Metaspace: 28780K(29120K)->28780K(29120K) NonClass: 23897K(24064K)->23897K(24064K) Class: 4883K(5056K)->4883K(5056K)
[317.834s][info][gc             ] GC(103) Pause Young (Prepare Mixed) (G1 Evacuation Pause) 2584M->1259M(4096M) 81.870ms
[317.834s][info][gc,cpu         ] GC(103) User=0.48s Sys=0.00s Real=0.08s
.. (rIR:aIR:PR = 3464:3421:3361) (tPR = 58199) [OK] 
   319s:       rampup IR =   4619 .[320.662s][info][gc,start       ] GC(104) Pause Young (Mixed) (G1 Evacuation Pause)
[320.662s][info][gc,task        ] GC(104) Using 6 workers of 6 for evacuation
[320.755s][info][gc,phases      ] GC(104)   Pre Evacuate Collection Set: 0.35ms
[320.755s][info][gc,phases      ] GC(104)   Merge Heap Roots: 0.39ms
[320.755s][info][gc,phases      ] GC(104)   Evacuate Collection Set: 91.25ms
[320.755s][info][gc,phases      ] GC(104)   Post Evacuate Collection Set: 0.80ms
[320.755s][info][gc,phases      ] GC(104)   Other: 0.08ms
[320.755s][info][gc,heap        ] GC(104) Eden regions: 946->0(997)
[320.755s][info][gc,heap        ] GC(104) Survivor regions: 70->80(127)
[320.755s][info][gc,heap        ] GC(104) Old regions: 488->509
[320.755s][info][gc,heap        ] GC(104) Humongous regions: 75->75
[320.755s][info][gc,metaspace   ] GC(104) Metaspace: 28789K(29120K)->28789K(29120K) NonClass: 23906K(24064K)->23906K(24064K) Class: 4883K(5056K)->4883K(5056K)
[320.755s][info][gc             ] GC(104) Pause Young (Mixed) (G1 Evacuation Pause) 3151M->1321M(4096M) 93.000ms
[320.755s][info][gc,cpu         ] GC(104) User=0.55s Sys=0.00s Real=0.09s
... (rIR:aIR:PR = 4619:4667:4625) (tPR = 76627) [OK] 
   323s:       rampup IR =   5774 [323.432s][info][gc,start       ] GC(105) Pause Young (Mixed) (G1 Evacuation Pause)
[323.432s][info][gc,task        ] GC(105) Using 6 workers of 6 for evacuation
[323.537s][info][gc,phases      ] GC(105)   Pre Evacuate Collection Set: 0.38ms
[323.537s][info][gc,phases      ] GC(105)   Merge Heap Roots: 0.39ms
[323.537s][info][gc,phases      ] GC(105)   Evacuate Collection Set: 103.04ms
[323.537s][info][gc,phases      ] GC(105)   Merge Optional Heap Roots: 0.07ms
[323.537s][info][gc,phases      ] GC(105)   Evacuate Optional Collection Set: 0.58ms
[323.537s][info][gc,phases      ] GC(105)   Post Evacuate Collection Set: 1.00ms
[323.537s][info][gc,phases      ] GC(105)   Other: 0.09ms
[323.537s][info][gc,heap        ] GC(105) Eden regions: 1056->0(1070)
[323.537s][info][gc,heap        ] GC(105) Survivor regions: 80->95(142)
[323.537s][info][gc,heap        ] GC(105) Old regions: 509->515
[323.537s][info][gc,heap        ] GC(105) Humongous regions: 77->77
[323.537s][info][gc,metaspace   ] GC(105) Metaspace: 28789K(29120K)->28789K(29120K) NonClass: 23906K(24064K)->23906K(24064K) Class: 4883K(5056K)->4883K(5056K)
[323.537s][info][gc             ] GC(105) Pause Young (Mixed) (G1 Evacuation Pause) 3437M->1373M(4096M) 105.687ms
[323.537s][info][gc,cpu         ] GC(105) User=0.63s Sys=0.00s Real=0.10s
..[325.755s][info][gc,start       ] GC(106) Pause Young (Mixed) (G1 Evacuation Pause)
[325.755s][info][gc,task        ] GC(106) Using 6 workers of 6 for evacuation
[325.873s][info][gc,phases      ] GC(106)   Pre Evacuate Collection Set: 0.37ms
[325.873s][info][gc,phases      ] GC(106)   Merge Heap Roots: 0.48ms
[325.873s][info][gc,phases      ] GC(106)   Evacuate Collection Set: 116.09ms
[325.873s][info][gc,phases      ] GC(106)   Post Evacuate Collection Set: 0.97ms
[325.873s][info][gc,phases      ] GC(106)   Other: 0.09ms
[325.873s][info][gc,heap        ] GC(106) Eden regions: 1070->0(1050)
[325.873s][info][gc,heap        ] GC(106) Survivor regions: 95->100(146)
[325.873s][info][gc,heap        ] GC(106) Old regions: 515->537
[325.873s][info][gc,heap        ] GC(106) Humongous regions: 77->77
[325.873s][info][gc,metaspace   ] GC(106) Metaspace: 28794K(29120K)->28794K(29120K) NonClass: 23911K(24064K)->23911K(24064K) Class: 4883K(5056K)->4883K(5056K)
[325.874s][info][gc             ] GC(106) Pause Young (Mixed) (G1 Evacuation Pause) 3513M->1426M(4096M) 118.139ms
[325.874s][info][gc,cpu         ] GC(106) User=0.70s Sys=0.00s Real=0.12s
.. (rIR:aIR:PR = 5774:5782:5784) (tPR = 91706) [OK] 
   327s:       rampup IR =   6929 [328.249s][info][gc,start       ] GC(107) Pause Young (Concurrent Start) (G1 Evacuation Pause)
[328.249s][info][gc,task        ] GC(107) Using 6 workers of 6 for evacuation
[328.368s][info][gc,phases      ] GC(107)   Pre Evacuate Collection Set: 0.39ms
[328.368s][info][gc,phases      ] GC(107)   Merge Heap Roots: 0.41ms
[328.368s][info][gc,phases      ] GC(107)   Evacuate Collection Set: 117.35ms
[328.368s][info][gc,phases      ] GC(107)   Post Evacuate Collection Set: 0.91ms
[328.368s][info][gc,phases      ] GC(107)   Other: 0.12ms
[328.368s][info][gc,heap        ] GC(107) Eden regions: 1073->0(1057)
[328.368s][info][gc,heap        ] GC(107) Survivor regions: 100->108(147)
[328.368s][info][gc,heap        ] GC(107) Old regions: 537->571
[328.368s][info][gc,heap        ] GC(107) Humongous regions: 77->77
[328.368s][info][gc,metaspace   ] GC(107) Metaspace: 28794K(29120K)->28794K(29120K) NonClass: 23911K(24064K)->23911K(24064K) Class: 4883K(5056K)->4883K(5056K)
[328.368s][info][gc             ] GC(107) Pause Young (Concurrent Start) (G1 Evacuation Pause) 3572M->1510M(4096M) 119.310ms
[328.368s][info][gc             ] GC(108) Concurrent Mark Cycle
[328.368s][info][gc,marking     ] GC(108) Concurrent Scan Root Regions
[328.368s][info][gc,cpu         ] GC(107) User=0.71s Sys=0.00s Real=0.12s
.[328.557s][info][gc,marking     ] GC(108) Concurrent Scan Root Regions 188.850ms
[328.557s][info][gc,marking     ] GC(108) Concurrent Mark
[328.557s][info][gc,marking     ] GC(108) Concurrent Mark From Roots
[328.557s][info][gc,task        ] GC(108) Using 2 workers of 2 for marking
[329.249s][info][gc,marking     ] GC(108) Concurrent Mark From Roots 691.886ms
[329.249s][info][gc,marking     ] GC(108) Concurrent Preclean
[329.249s][info][gc,marking     ] GC(108) Concurrent Preclean 0.081ms
[329.250s][info][gc,start       ] GC(108) Pause Remark
[329.255s][info][gc             ] GC(108) Pause Remark 2365M->2365M(4096M) 5.897ms
[329.255s][info][gc,cpu         ] GC(108) User=0.03s Sys=0.00s Real=0.00s
[329.256s][info][gc,marking     ] GC(108) Concurrent Mark 698.161ms
[329.256s][info][gc,marking     ] GC(108) Concurrent Rebuild Remembered Sets and Scrub Regions
[329.492s][info][gc,marking     ] GC(108) Concurrent Rebuild Remembered Sets and Scrub Regions 236.523ms
[329.493s][info][gc,start       ] GC(108) Pause Cleanup
[329.494s][info][gc             ] GC(108) Pause Cleanup 2594M->2594M(4096M) 0.189ms
[329.494s][info][gc,cpu         ] GC(108) User=0.00s Sys=0.00s Real=0.00s
[329.494s][info][gc,marking     ] GC(108) Concurrent Clear Claimed Marks
[329.494s][info][gc,marking     ] GC(108) Concurrent Clear Claimed Marks 0.027ms
[329.494s][info][gc,marking     ] GC(108) Concurrent Cleanup for Next Mark
[329.502s][info][gc,marking     ] GC(108) Concurrent Cleanup for Next Mark 8.380ms
[329.502s][info][gc             ] GC(108) Concurrent Mark Cycle 1133.871ms
..[330.613s][info][gc,start       ] GC(109) Pause Young (Prepare Mixed) (G1 Evacuation Pause)
[330.613s][info][gc,task        ] GC(109) Using 6 workers of 6 for evacuation
[330.732s][info][gc,phases      ] GC(109)   Pre Evacuate Collection Set: 0.38ms
[330.732s][info][gc,phases      ] GC(109)   Merge Heap Roots: 0.45ms
[330.732s][info][gc,phases      ] GC(109)   Evacuate Collection Set: 117.32ms
[330.732s][info][gc,phases      ] GC(109)   Post Evacuate Collection Set: 0.92ms
[330.732s][info][gc,phases      ] GC(109)   Other: 0.09ms
[330.732s][info][gc,heap        ] GC(109) Eden regions: 1057->0(1041)
[330.732s][info][gc,heap        ] GC(109) Survivor regions: 108->107(146)
[330.732s][info][gc,heap        ] GC(109) Old regions: 571->607
[330.732s][info][gc,heap        ] GC(109) Humongous regions: 77->77
[330.732s][info][gc,metaspace   ] GC(109) Metaspace: 28795K(29120K)->28795K(29120K) NonClass: 23912K(24064K)->23912K(24064K) Class: 4883K(5056K)->4883K(5056K)
[330.732s][info][gc             ] GC(109) Pause Young (Prepare Mixed) (G1 Evacuation Pause) 3624M->1580M(4096M) 119.308ms
[330.732s][info][gc,cpu         ] GC(109) User=0.71s Sys=0.00s Real=0.12s
..[332.982s][info][gc,start       ] GC(110) Pause Young (Mixed) (G1 Evacuation Pause)
[332.982s][info][gc,task        ] GC(110) Using 6 workers of 6 for evacuation
[333.117s][info][gc,phases      ] GC(110)   Pre Evacuate Collection Set: 0.45ms
[333.117s][info][gc,phases      ] GC(110)   Merge Heap Roots: 0.59ms
[333.117s][info][gc,phases      ] GC(110)   Evacuate Collection Set: 129.48ms
[333.117s][info][gc,phases      ] GC(110)   Merge Optional Heap Roots: 0.05ms
[333.117s][info][gc,phases      ] GC(110)   Evacuate Optional Collection Set: 2.86ms
[333.117s][info][gc,phases      ] GC(110)   Post Evacuate Collection Set: 1.08ms
[333.117s][info][gc,phases      ] GC(110)   Other: 0.11ms
[333.117s][info][gc,heap        ] GC(110) Eden regions: 1041->0(1119)
[333.117s][info][gc,heap        ] GC(110) Survivor regions: 107->109(144)
[333.117s][info][gc,heap        ] GC(110) Old regions: 607->493
[333.117s][info][gc,heap        ] GC(110) Humongous regions: 77->77
[333.117s][info][gc,metaspace   ] GC(110) Metaspace: 28795K(29120K)->28795K(29120K) NonClass: 23912K(24064K)->23912K(24064K) Class: 4883K(5056K)->4883K(5056K)
[333.117s][info][gc             ] GC(110) Pause Young (Mixed) (G1 Evacuation Pause) 3662M->1356M(4096M) 134.759ms
[333.117s][info][gc,cpu         ] GC(110) User=0.80s Sys=0.00s Real=0.13s
.. (rIR:aIR:PR = 6929:7086:7084) (tPR = 107225) [OK] 
   334s:       rampup IR =   8084 [335.513s][info][gc,start       ] GC(111) Pause Young (Mixed) (G1 Evacuation Pause)
[335.513s][info][gc,task        ] GC(111) Using 6 workers of 6 for evacuation
[335.635s][info][gc,phases      ] GC(111)   Pre Evacuate Collection Set: 0.41ms
[335.636s][info][gc,phases      ] GC(111)   Merge Heap Roots: 0.51ms
[335.636s][info][gc,phases      ] GC(111)   Evacuate Collection Set: 120.52ms
[335.636s][info][gc,phases      ] GC(111)   Post Evacuate Collection Set: 1.05ms
[335.636s][info][gc,phases      ] GC(111)   Other: 0.08ms
[335.636s][info][gc,heap        ] GC(111) Eden regions: 1119->0(1120)
[335.636s][info][gc,heap        ] GC(111) Survivor regions: 109->108(154)
[335.636s][info][gc,heap        ] GC(111) Old regions: 493->493
[335.636s][info][gc,heap        ] GC(111) Humongous regions: 77->77
[335.636s][info][gc,metaspace   ] GC(111) Metaspace: 28796K(29120K)->28796K(29120K) NonClass: 23913K(24064K)->23913K(24064K) Class: 4883K(5056K)->4883K(5056K)
[335.636s][info][gc             ] GC(111) Pause Young (Mixed) (G1 Evacuation Pause) 3594M->1353M(4096M) 122.716ms
[335.636s][info][gc,cpu         ] GC(111) User=0.73s Sys=0.00s Real=0.12s
...[337.823s][info][gc,start       ] GC(112) Pause Young (Concurrent Start) (G1 Evacuation Pause)
[337.823s][info][gc,task        ] GC(112) Using 6 workers of 6 for evacuation
[337.949s][info][gc,phases      ] GC(112)   Pre Evacuate Collection Set: 0.42ms
[337.949s][info][gc,phases      ] GC(112)   Merge Heap Roots: 0.51ms
[337.949s][info][gc,phases      ] GC(112)   Evacuate Collection Set: 123.56ms
[337.949s][info][gc,phases      ] GC(112)   Post Evacuate Collection Set: 0.97ms
[337.949s][info][gc,phases      ] GC(112)   Other: 0.12ms
[337.949s][info][gc,heap        ] GC(112) Eden regions: 1120->0(1112)
[337.949s][info][gc,heap        ] GC(112) Survivor regions: 108->116(154)
[337.949s][info][gc,heap        ] GC(112) Old regions: 493->523
[337.949s][info][gc,heap        ] GC(112) Humongous regions: 77->77
[337.949s][info][gc,metaspace   ] GC(112) Metaspace: 28798K(29120K)->28798K(29120K) NonClass: 23914K(24064K)->23914K(24064K) Class: 4883K(5056K)->4883K(5056K)
[337.949s][info][gc             ] GC(112) Pause Young (Concurrent Start) (G1 Evacuation Pause) 3593M->1431M(4096M) 125.713ms
[337.949s][info][gc             ] GC(113) Concurrent Mark Cycle
[337.949s][info][gc,marking     ] GC(113) Concurrent Scan Root Regions
[337.949s][info][gc,cpu         ] GC(112) User=0.75s Sys=0.00s Real=0.13s
[338.108s][info][gc,marking     ] GC(113) Concurrent Scan Root Regions 158.800ms
[338.108s][info][gc,marking     ] GC(113) Concurrent Mark
[338.108s][info][gc,marking     ] GC(113) Concurrent Mark From Roots
[338.108s][info][gc,task        ] GC(113) Using 2 workers of 2 for marking
[338.833s][info][gc,marking     ] GC(113) Concurrent Mark From Roots 725.223ms
[338.833s][info][gc,marking     ] GC(113) Concurrent Preclean
[338.833s][info][gc,marking     ] GC(113) Concurrent Preclean 0.124ms
[338.835s][info][gc,start       ] GC(113) Pause Remark
[338.839s][info][gc             ] GC(113) Pause Remark 2159M->2159M(4096M) 4.428ms
[338.839s][info][gc,cpu         ] GC(113) User=0.02s Sys=0.00s Real=0.01s
[338.840s][info][gc,marking     ] GC(113) Concurrent Mark 731.647ms
[338.840s][info][gc,marking     ] GC(113) Concurrent Rebuild Remembered Sets and Scrub Regions
.[339.124s][info][gc,marking     ] GC(113) Concurrent Rebuild Remembered Sets and Scrub Regions 284.094ms
[339.125s][info][gc,start       ] GC(113) Pause Cleanup
[339.125s][info][gc             ] GC(113) Pause Cleanup 2477M->2477M(4096M) 0.167ms
[339.125s][info][gc,cpu         ] GC(113) User=0.00s Sys=0.00s Real=0.00s
[339.126s][info][gc,marking     ] GC(113) Concurrent Clear Claimed Marks
[339.126s][info][gc,marking     ] GC(113) Concurrent Clear Claimed Marks 0.035ms
[339.126s][info][gc,marking     ] GC(113) Concurrent Cleanup for Next Mark
[339.131s][info][gc,marking     ] GC(113) Concurrent Cleanup for Next Mark 5.901ms
[339.132s][info][gc             ] GC(113) Concurrent Mark Cycle 1182.515ms
.[340.091s][info][gc,start       ] GC(114) Pause Young (Prepare Mixed) (G1 Evacuation Pause)
[340.091s][info][gc,task        ] GC(114) Using 6 workers of 6 for evacuation
[340.219s][info][gc,phases      ] GC(114)   Pre Evacuate Collection Set: 0.37ms
[340.219s][info][gc,phases      ] GC(114)   Merge Heap Roots: 0.53ms
[340.219s][info][gc,phases      ] GC(114)   Evacuate Collection Set: 125.27ms
[340.219s][info][gc,phases      ] GC(114)   Post Evacuate Collection Set: 1.01ms
[340.219s][info][gc,phases      ] GC(114)   Other: 0.09ms
[340.219s][info][gc,heap        ] GC(114) Eden regions: 1112->0(1078)
[340.219s][info][gc,heap        ] GC(114) Survivor regions: 116->116(154)
[340.219s][info][gc,heap        ] GC(114) Old regions: 523->558
[340.219s][info][gc,heap        ] GC(114) Humongous regions: 77->77
[340.219s][info][gc,metaspace   ] GC(114) Metaspace: 28798K(29120K)->28798K(29120K) NonClass: 23914K(24064K)->23914K(24064K) Class: 4883K(5056K)->4883K(5056K)
[340.219s][info][gc             ] GC(114) Pause Young (Prepare Mixed) (G1 Evacuation Pause) 3655M->1501M(4096M) 127.408ms
[340.219s][info][gc,cpu         ] GC(114) User=0.75s Sys=0.00s Real=0.13s
.. (rIR:aIR:PR = 8084:8218:8266) (tPR = 122989) [OK] 
   341s:       rampup IR =   9238 [342.243s][info][gc,start       ] GC(115) Pause Young (Mixed) (G1 Evacuation Pause)
[342.243s][info][gc,task        ] GC(115) Using 6 workers of 6 for evacuation
[342.387s][info][gc,phases      ] GC(115)   Pre Evacuate Collection Set: 0.39ms
[342.387s][info][gc,phases      ] GC(115)   Merge Heap Roots: 0.72ms
[342.387s][info][gc,phases      ] GC(115)   Evacuate Collection Set: 141.41ms
[342.387s][info][gc,phases      ] GC(115)   Post Evacuate Collection Set: 1.01ms
[342.387s][info][gc,phases      ] GC(115)   Other: 0.09ms
[342.387s][info][gc,heap        ] GC(115) Eden regions: 1078->0(1117)
[342.387s][info][gc,heap        ] GC(115) Survivor regions: 116->111(150)
[342.387s][info][gc,heap        ] GC(115) Old regions: 558->464
[342.387s][info][gc,heap        ] GC(115) Humongous regions: 77->77
[342.387s][info][gc,metaspace   ] GC(115) Metaspace: 28798K(29120K)->28798K(29120K) NonClass: 23915K(24064K)->23915K(24064K) Class: 4883K(5056K)->4883K(5056K)
[342.387s][info][gc             ] GC(115) Pause Young (Mixed) (G1 Evacuation Pause) 3657M->1301M(4096M) 143.737ms
[342.387s][info][gc,cpu         ] GC(115) User=0.86s Sys=0.00s Real=0.14s
..[344.326s][info][gc,start       ] GC(116) Pause Young (Concurrent Start) (G1 Evacuation Pause)
[344.326s][info][gc,task        ] GC(116) Using 6 workers of 6 for evacuation
[344.448s][info][gc,phases      ] GC(116)   Pre Evacuate Collection Set: 0.40ms
[344.448s][info][gc,phases      ] GC(116)   Merge Heap Roots: 0.47ms
[344.448s][info][gc,phases      ] GC(116)   Evacuate Collection Set: 119.92ms
[344.448s][info][gc,phases      ] GC(116)   Post Evacuate Collection Set: 1.02ms
[344.448s][info][gc,phases      ] GC(116)   Other: 0.10ms
[344.448s][info][gc,heap        ] GC(116) Eden regions: 1117->0(1115)
[344.448s][info][gc,heap        ] GC(116) Survivor regions: 111->113(154)
[344.448s][info][gc,heap        ] GC(116) Old regions: 464->496
[344.448s][info][gc,heap        ] GC(116) Humongous regions: 77->77
[344.448s][info][gc,metaspace   ] GC(116) Metaspace: 28799K(29120K)->28799K(29120K) NonClass: 23916K(24064K)->23916K(24064K) Class: 4883K(5056K)->4883K(5056K)
[344.448s][info][gc             ] GC(116) Pause Young (Concurrent Start) (G1 Evacuation Pause) 3535M->1371M(4096M) 122.066ms
[344.448s][info][gc             ] GC(117) Concurrent Mark Cycle
[344.448s][info][gc,marking     ] GC(117) Concurrent Scan Root Regions
[344.448s][info][gc,cpu         ] GC(116) User=0.72s Sys=0.00s Real=0.13s
[344.607s][info][gc,marking     ] GC(117) Concurrent Scan Root Regions 158.640ms
[344.607s][info][gc,marking     ] GC(117) Concurrent Mark
[344.607s][info][gc,marking     ] GC(117) Concurrent Mark From Roots
[344.607s][info][gc,task        ] GC(117) Using 2 workers of 2 for marking
.[345.390s][info][gc,marking     ] GC(117) Concurrent Mark From Roots 783.410ms
[345.390s][info][gc,marking     ] GC(117) Concurrent Preclean
[345.390s][info][gc,marking     ] GC(117) Concurrent Preclean 0.085ms
[345.391s][info][gc,start       ] GC(117) Pause Remark
[345.394s][info][gc             ] GC(117) Pause Remark 2232M->2232M(4096M) 2.462ms
[345.394s][info][gc,cpu         ] GC(117) User=0.01s Sys=0.00s Real=0.00s
[345.394s][info][gc,marking     ] GC(117) Concurrent Mark 786.921ms
[345.394s][info][gc,marking     ] GC(117) Concurrent Rebuild Remembered Sets and Scrub Regions
[345.652s][info][gc,marking     ] GC(117) Concurrent Rebuild Remembered Sets and Scrub Regions 258.111ms
[345.652s][info][gc,start       ] GC(117) Pause Cleanup
[345.652s][info][gc             ] GC(117) Pause Cleanup 2497M->2497M(4096M) 0.152ms
[345.652s][info][gc,cpu         ] GC(117) User=0.00s Sys=0.00s Real=0.00s
[345.652s][info][gc,marking     ] GC(117) Concurrent Clear Claimed Marks
[345.652s][info][gc,marking     ] GC(117) Concurrent Clear Claimed Marks 0.029ms
[345.652s][info][gc,marking     ] GC(117) Concurrent Cleanup for Next Mark
[345.658s][info][gc,marking     ] GC(117) Concurrent Cleanup for Next Mark 5.267ms
[345.658s][info][gc             ] GC(117) Concurrent Mark Cycle 1209.704ms
.[346.466s][info][gc,start       ] GC(118) Pause Young (Prepare Mixed) (G1 Evacuation Pause)
[346.466s][info][gc,task        ] GC(118) Using 6 workers of 6 for evacuation
[346.589s][info][gc,phases      ] GC(118)   Pre Evacuate Collection Set: 0.37ms
[346.589s][info][gc,phases      ] GC(118)   Merge Heap Roots: 0.56ms
[346.589s][info][gc,phases      ] GC(118)   Evacuate Collection Set: 120.93ms
[346.589s][info][gc,phases      ] GC(118)   Post Evacuate Collection Set: 0.97ms
[346.589s][info][gc,phases      ] GC(118)   Other: 0.10ms
[346.589s][info][gc,heap        ] GC(118) Eden regions: 1115->0(1115)
[346.589s][info][gc,heap        ] GC(118) Survivor regions: 113->113(154)
[346.589s][info][gc,heap        ] GC(118) Old regions: 496->527
[346.589s][info][gc,heap        ] GC(118) Humongous regions: 77->77
[346.589s][info][gc,metaspace   ] GC(118) Metaspace: 28799K(29120K)->28799K(29120K) NonClass: 23916K(24064K)->23916K(24064K) Class: 4883K(5056K)->4883K(5056K)
[346.589s][info][gc             ] GC(118) Pause Young (Prepare Mixed) (G1 Evacuation Pause) 3601M->1433M(4096M) 123.066ms
[346.589s][info][gc,cpu         ] GC(118) User=0.72s Sys=0.00s Real=0.13s
..[348.382s][info][gc,start       ] GC(119) Pause Young (Mixed) (G1 Evacuation Pause)
[348.382s][info][gc,task        ] GC(119) Using 6 workers of 6 for evacuation
[348.520s][info][gc,phases      ] GC(119)   Pre Evacuate Collection Set: 0.39ms
[348.520s][info][gc,phases      ] GC(119)   Merge Heap Roots: 0.63ms
[348.520s][info][gc,phases      ] GC(119)   Evacuate Collection Set: 136.09ms
[348.520s][info][gc,phases      ] GC(119)   Post Evacuate Collection Set: 0.98ms
[348.520s][info][gc,phases      ] GC(119)   Other: 0.09ms
[348.520s][info][gc,heap        ] GC(119) Eden regions: 1115->0(1114)
[348.520s][info][gc,heap        ] GC(119) Survivor regions: 113->114(154)
[348.520s][info][gc,heap        ] GC(119) Old regions: 527->465
[348.520s][info][gc,heap        ] GC(119) Humongous regions: 77->77
[348.520s][info][gc,metaspace   ] GC(119) Metaspace: 28799K(29120K)->28799K(29120K) NonClass: 23916K(24064K)->23916K(24064K) Class: 4883K(5056K)->4883K(5056K)
[348.520s][info][gc             ] GC(119) Pause Young (Mixed) (G1 Evacuation Pause) 3663M->1309M(4096M) 138.326ms
[348.520s][info][gc,cpu         ] GC(119) User=0.82s Sys=0.00s Real=0.14s
.. (rIR:aIR:PR = 9238:9218:9218) (tPR = 136278) [OK] 
   349s:       rampup IR =  10393 [350.385s][info][gc,start       ] GC(120) Pause Young (Concurrent Start) (G1 Evacuation Pause)
[350.385s][info][gc,task        ] GC(120) Using 6 workers of 6 for evacuation
[350.504s][info][gc,phases      ] GC(120)   Pre Evacuate Collection Set: 0.43ms
[350.504s][info][gc,phases      ] GC(120)   Merge Heap Roots: 0.52ms
[350.504s][info][gc,phases      ] GC(120)   Evacuate Collection Set: 117.39ms
[350.504s][info][gc,phases      ] GC(120)   Post Evacuate Collection Set: 0.92ms
[350.504s][info][gc,phases      ] GC(120)   Other: 0.12ms
[350.504s][info][gc,heap        ] GC(120) Eden regions: 1114->0(1118)
[350.504s][info][gc,heap        ] GC(120) Survivor regions: 114->110(154)
[350.504s][info][gc,heap        ] GC(120) Old regions: 465->497
[350.504s][info][gc,heap        ] GC(120) Humongous regions: 77->77
[350.504s][info][gc,metaspace   ] GC(120) Metaspace: 28800K(29120K)->28800K(29120K) NonClass: 23917K(24064K)->23917K(24064K) Class: 4883K(5056K)->4883K(5056K)
[350.504s][info][gc             ] GC(120) Pause Young (Concurrent Start) (G1 Evacuation Pause) 3537M->1366M(4096M) 119.514ms
[350.504s][info][gc             ] GC(121) Concurrent Mark Cycle
[350.504s][info][gc,marking     ] GC(121) Concurrent Scan Root Regions
[350.504s][info][gc,cpu         ] GC(120) User=0.71s Sys=0.00s Real=0.12s
[350.651s][info][gc,marking     ] GC(121) Concurrent Scan Root Regions 146.508ms
[350.651s][info][gc,marking     ] GC(121) Concurrent Mark
[350.651s][info][gc,marking     ] GC(121) Concurrent Mark From Roots
[350.651s][info][gc,task        ] GC(121) Using 2 workers of 2 for marking
[351.315s][info][gc,marking     ] GC(121) Concurrent Mark From Roots 663.840ms
[351.315s][info][gc,marking     ] GC(121) Concurrent Preclean
[351.315s][info][gc,marking     ] GC(121) Concurrent Preclean 0.144ms
[351.316s][info][gc,start       ] GC(121) Pause Remark
[351.322s][info][gc             ] GC(121) Pause Remark 2118M->2118M(4096M) 5.920ms
[351.322s][info][gc,cpu         ] GC(121) User=0.03s Sys=0.00s Real=0.01s
[351.324s][info][gc,marking     ] GC(121) Concurrent Mark 672.804ms
[351.324s][info][gc,marking     ] GC(121) Concurrent Rebuild Remembered Sets and Scrub Regions
.[351.614s][info][gc,marking     ] GC(121) Concurrent Rebuild Remembered Sets and Scrub Regions 290.172ms
[351.616s][info][gc,start       ] GC(121) Pause Cleanup
[351.616s][info][gc             ] GC(121) Pause Cleanup 2406M->2406M(4096M) 0.145ms
[351.616s][info][gc,cpu         ] GC(121) User=0.00s Sys=0.00s Real=0.00s
[351.618s][info][gc,marking     ] GC(121) Concurrent Clear Claimed Marks
[351.618s][info][gc,marking     ] GC(121) Concurrent Clear Claimed Marks 0.038ms
[351.618s][info][gc,marking     ] GC(121) Concurrent Cleanup for Next Mark
[351.624s][info][gc,marking     ] GC(121) Concurrent Cleanup for Next Mark 6.535ms
[351.624s][info][gc             ] GC(121) Concurrent Mark Cycle 1120.180ms
[352.437s][info][gc,start       ] GC(122) Pause Young (Prepare Mixed) (G1 Evacuation Pause)
[352.437s][info][gc,task        ] GC(122) Using 6 workers of 6 for evacuation
[352.558s][info][gc,phases      ] GC(122)   Pre Evacuate Collection Set: 0.36ms
[352.558s][info][gc,phases      ] GC(122)   Merge Heap Roots: 0.49ms
[352.558s][info][gc,phases      ] GC(122)   Evacuate Collection Set: 119.65ms
[352.558s][info][gc,phases      ] GC(122)   Post Evacuate Collection Set: 0.98ms
[352.558s][info][gc,phases      ] GC(122)   Other: 0.10ms
[352.558s][info][gc,heap        ] GC(122) Eden regions: 1118->0(1112)
[352.558s][info][gc,heap        ] GC(122) Survivor regions: 110->114(154)
[352.558s][info][gc,heap        ] GC(122) Old regions: 497->528
[352.558s][info][gc,heap        ] GC(122) Humongous regions: 77->77
[352.558s][info][gc,metaspace   ] GC(122) Metaspace: 28800K(29120K)->28800K(29120K) NonClass: 23917K(24064K)->23917K(24064K) Class: 4883K(5056K)->4883K(5056K)
[352.558s][info][gc             ] GC(122) Pause Young (Prepare Mixed) (G1 Evacuation Pause) 3602M->1437M(4096M) 121.727ms
[352.559s][info][gc,cpu         ] GC(122) User=0.72s Sys=0.00s Real=0.13s
..[354.166s][info][gc,start       ] GC(123) Pause Young (Mixed) (G1 Evacuation Pause)
[354.166s][info][gc,task        ] GC(123) Using 6 workers of 6 for evacuation
[354.306s][info][gc,phases      ] GC(123)   Pre Evacuate Collection Set: 0.43ms
[354.306s][info][gc,phases      ] GC(123)   Merge Heap Roots: 0.60ms
[354.306s][info][gc,phases      ] GC(123)   Evacuate Collection Set: 137.93ms
[354.306s][info][gc,phases      ] GC(123)   Post Evacuate Collection Set: 0.92ms
[354.306s][info][gc,phases      ] GC(123)   Other: 0.09ms
[354.306s][info][gc,heap        ] GC(123) Eden regions: 1112->0(1115)
[354.306s][info][gc,heap        ] GC(123) Survivor regions: 114->113(154)
[354.306s][info][gc,heap        ] GC(123) Old regions: 528->465
[354.306s][info][gc,heap        ] GC(123) Humongous regions: 77->77
[354.306s][info][gc,metaspace   ] GC(123) Metaspace: 28804K(29120K)->28804K(29120K) NonClass: 23921K(24064K)->23921K(24064K) Class: 4883K(5056K)->4883K(5056K)
[354.306s][info][gc             ] GC(123) Pause Young (Mixed) (G1 Evacuation Pause) 3661M->1308M(4096M) 140.093ms
[354.306s][info][gc,cpu         ] GC(123) User=0.83s Sys=0.00s Real=0.14s
. (rIR:aIR:PR = 10393:10632:10639) (tPR = 161252) [OK] 
   354s:       rampup IR =  11548 .[355.921s][info][gc,start       ] GC(124) Pause Young (Concurrent Start) (G1 Evacuation Pause)
[355.921s][info][gc,task        ] GC(124) Using 6 workers of 6 for evacuation
[356.042s][info][gc,phases      ] GC(124)   Pre Evacuate Collection Set: 0.43ms
[356.042s][info][gc,phases      ] GC(124)   Merge Heap Roots: 0.51ms
[356.042s][info][gc,phases      ] GC(124)   Evacuate Collection Set: 118.84ms
[356.042s][info][gc,phases      ] GC(124)   Post Evacuate Collection Set: 0.98ms
[356.042s][info][gc,phases      ] GC(124)   Other: 0.11ms
[356.042s][info][gc,heap        ] GC(124) Eden regions: 1115->0(1117)
[356.042s][info][gc,heap        ] GC(124) Survivor regions: 113->111(154)
[356.042s][info][gc,heap        ] GC(124) Old regions: 465->498
[356.042s][info][gc,heap        ] GC(124) Humongous regions: 77->77
[356.042s][info][gc,metaspace   ] GC(124) Metaspace: 28805K(29120K)->28805K(29120K) NonClass: 23922K(24064K)->23922K(24064K) Class: 4883K(5056K)->4883K(5056K)
[356.042s][info][gc             ] GC(124) Pause Young (Concurrent Start) (G1 Evacuation Pause) 3538M->1370M(4096M) 121.007ms
[356.042s][info][gc             ] GC(125) Concurrent Mark Cycle
[356.042s][info][gc,marking     ] GC(125) Concurrent Scan Root Regions
[356.042s][info][gc,cpu         ] GC(124) User=0.71s Sys=0.00s Real=0.12s
[356.227s][info][gc,marking     ] GC(125) Concurrent Scan Root Regions 185.520ms
[356.227s][info][gc,marking     ] GC(125) Concurrent Mark
[356.227s][info][gc,marking     ] GC(125) Concurrent Mark From Roots
[356.227s][info][gc,task        ] GC(125) Using 2 workers of 2 for marking
.[357.179s][info][gc,marking     ] GC(125) Concurrent Mark From Roots 951.313ms
[357.179s][info][gc,marking     ] GC(125) Concurrent Preclean
[357.179s][info][gc,marking     ] GC(125) Concurrent Preclean 0.102ms
[357.179s][info][gc,start       ] GC(125) Pause Remark
[357.184s][info][gc             ] GC(125) Pause Remark 2272M->2272M(4096M) 5.448ms
[357.184s][info][gc,cpu         ] GC(125) User=0.03s Sys=0.00s Real=0.00s
[357.184s][info][gc,marking     ] GC(125) Concurrent Mark 957.196ms
[357.184s][info][gc,marking     ] GC(125) Concurrent Rebuild Remembered Sets and Scrub Regions
[357.601s][info][gc,marking     ] GC(125) Concurrent Rebuild Remembered Sets and Scrub Regions 416.930ms
[357.602s][info][gc,start       ] GC(125) Pause Cleanup
[357.602s][info][gc             ] GC(125) Pause Cleanup 2910M->2910M(4096M) 0.124ms
[357.602s][info][gc,cpu         ] GC(125) User=0.00s Sys=0.00s Real=0.00s
[357.605s][info][gc,marking     ] GC(125) Concurrent Clear Claimed Marks
[357.605s][info][gc,marking     ] GC(125) Concurrent Clear Claimed Marks 0.060ms
[357.605s][info][gc,marking     ] GC(125) Concurrent Cleanup for Next Mark
[357.610s][info][gc,marking     ] GC(125) Concurrent Cleanup for Next Mark 4.935ms
[357.610s][info][gc             ] GC(125) Concurrent Mark Cycle 1568.409ms
.[358.117s][info][gc,start       ] GC(126) Pause Young (Prepare Mixed) (G1 Evacuation Pause)
[358.117s][info][gc,task        ] GC(126) Using 6 workers of 6 for evacuation
[358.245s][info][gc,phases      ] GC(126)   Pre Evacuate Collection Set: 0.39ms
[358.245s][info][gc,phases      ] GC(126)   Merge Heap Roots: 0.51ms
[358.245s][info][gc,phases      ] GC(126)   Evacuate Collection Set: 125.92ms
[358.245s][info][gc,phases      ] GC(126)   Post Evacuate Collection Set: 0.98ms
[358.245s][info][gc,phases      ] GC(126)   Other: 0.10ms
[358.245s][info][gc,heap        ] GC(126) Eden regions: 1117->0(1100)
[358.245s][info][gc,heap        ] GC(126) Survivor regions: 111->120(154)
[358.245s][info][gc,heap        ] GC(126) Old regions: 498->528
[358.245s][info][gc,heap        ] GC(126) Humongous regions: 77->77
[358.245s][info][gc,metaspace   ] GC(126) Metaspace: 28807K(29120K)->28807K(29120K) NonClass: 23924K(24064K)->23924K(24064K) Class: 4883K(5056K)->4883K(5056K)
[358.245s][info][gc             ] GC(126) Pause Young (Prepare Mixed) (G1 Evacuation Pause) 3604M->1448M(4096M) 128.032ms
[358.245s][info][gc,cpu         ] GC(126) User=0.76s Sys=0.00s Real=0.13s
.[359.684s][info][gc,start       ] GC(127) Pause Young (Mixed) (G1 Evacuation Pause)
[359.684s][info][gc,task        ] GC(127) Using 6 workers of 6 for evacuation
[359.860s][info][gc,phases      ] GC(127)   Pre Evacuate Collection Set: 0.42ms
[359.860s][info][gc,phases      ] GC(127)   Merge Heap Roots: 0.65ms
[359.860s][info][gc,phases      ] GC(127)   Evacuate Collection Set: 174.22ms
[359.860s][info][gc,phases      ] GC(127)   Post Evacuate Collection Set: 0.96ms
[359.860s][info][gc,phases      ] GC(127)   Other: 0.10ms
[359.860s][info][gc,heap        ] GC(127) Eden regions: 1100->0(1116)
[359.860s][info][gc,heap        ] GC(127) Survivor regions: 120->112(153)
[359.860s][info][gc,heap        ] GC(127) Old regions: 528->465
[359.860s][info][gc,heap        ] GC(127) Humongous regions: 77->77
[359.860s][info][gc,metaspace   ] GC(127) Metaspace: 28807K(29120K)->28807K(29120K) NonClass: 23924K(24064K)->23924K(24064K) Class: 4883K(5056K)->4883K(5056K)
[359.860s][info][gc             ] GC(127) Pause Young (Mixed) (G1 Evacuation Pause) 3648M->1306M(4096M) 176.488ms
[359.860s][info][gc,cpu         ] GC(127) User=0.81s Sys=0.00s Real=0.18s
.[361.286s][info][gc,start       ] GC(128) Pause Young (Concurrent Start) (G1 Evacuation Pause)
[361.286s][info][gc,task        ] GC(128) Using 6 workers of 6 for evacuation
[361.411s][info][gc,phases      ] GC(128)   Pre Evacuate Collection Set: 0.40ms
[361.411s][info][gc,phases      ] GC(128)   Merge Heap Roots: 0.47ms
[361.411s][info][gc,phases      ] GC(128)   Evacuate Collection Set: 122.97ms
[361.411s][info][gc,phases      ] GC(128)   Post Evacuate Collection Set: 0.94ms
[361.411s][info][gc,phases      ] GC(128)   Other: 0.14ms
[361.411s][info][gc,heap        ] GC(128) Eden regions: 1116->0(1110)
[361.411s][info][gc,heap        ] GC(128) Survivor regions: 112->118(154)
[361.411s][info][gc,heap        ] GC(128) Old regions: 465->498
[361.411s][info][gc,heap        ] GC(128) Humongous regions: 77->77
[361.411s][info][gc,metaspace   ] GC(128) Metaspace: 28808K(29120K)->28808K(29120K) NonClass: 23925K(24064K)->23925K(24064K) Class: 4883K(5056K)->4883K(5056K)
[361.411s][info][gc             ] GC(128) Pause Young (Concurrent Start) (G1 Evacuation Pause) 3538M->1383M(4096M) 125.054ms
[361.411s][info][gc             ] GC(129) Concurrent Mark Cycle
[361.411s][info][gc,marking     ] GC(129) Concurrent Scan Root Regions
[361.411s][info][gc,cpu         ] GC(128) User=0.74s Sys=0.00s Real=0.13s
.[361.704s][info][gc,marking     ] GC(129) Concurrent Scan Root Regions 292.321ms
[361.704s][info][gc,marking     ] GC(129) Concurrent Mark
[361.704s][info][gc,marking     ] GC(129) Concurrent Mark From Roots
[361.704s][info][gc,task        ] GC(129) Using 2 workers of 2 for marking
[362.498s][info][gc,marking     ] GC(129) Concurrent Mark From Roots 794.738ms
[362.498s][info][gc,marking     ] GC(129) Concurrent Preclean
[362.498s][info][gc,marking     ] GC(129) Concurrent Preclean 0.056ms
[362.499s][info][gc,start       ] GC(129) Pause Remark
[362.503s][info][gc             ] GC(129) Pause Remark 2212M->2212M(4096M) 4.354ms
[362.503s][info][gc,cpu         ] GC(129) User=0.03s Sys=0.00s Real=0.00s
[362.503s][info][gc,marking     ] GC(129) Concurrent Mark 799.473ms
[362.503s][info][gc,marking     ] GC(129) Concurrent Rebuild Remembered Sets and Scrub Regions
.[362.771s][info][gc,marking     ] GC(129) Concurrent Rebuild Remembered Sets and Scrub Regions 267.462ms
[362.771s][info][gc,start       ] GC(129) Pause Cleanup
[362.771s][info][gc             ] GC(129) Pause Cleanup 2487M->2487M(4096M) 0.150ms
[362.771s][info][gc,cpu         ] GC(129) User=0.00s Sys=0.00s Real=0.00s
[362.771s][info][gc,marking     ] GC(129) Concurrent Clear Claimed Marks
[362.771s][info][gc,marking     ] GC(129) Concurrent Clear Claimed Marks 0.037ms
[362.771s][info][gc,marking     ] GC(129) Concurrent Cleanup for Next Mark
[362.817s][info][gc,marking     ] GC(129) Concurrent Cleanup for Next Mark 45.773ms
[362.817s][info][gc             ] GC(129) Concurrent Mark Cycle 1405.844ms
[363.553s][info][gc,start       ] GC(130) Pause Young (Prepare Mixed) (G1 Evacuation Pause)
[363.553s][info][gc,task        ] GC(130) Using 6 workers of 6 for evacuation
[363.678s][info][gc,phases      ] GC(130)   Pre Evacuate Collection Set: 0.36ms
[363.678s][info][gc,phases      ] GC(130)   Merge Heap Roots: 0.50ms
[363.678s][info][gc,phases      ] GC(130)   Evacuate Collection Set: 123.19ms
[363.678s][info][gc,phases      ] GC(130)   Post Evacuate Collection Set: 0.98ms
[363.678s][info][gc,phases      ] GC(130)   Other: 0.09ms
[363.678s][info][gc,heap        ] GC(130) Eden regions: 1110->0(1105)
[363.678s][info][gc,heap        ] GC(130) Survivor regions: 118->116(154)
[363.678s][info][gc,heap        ] GC(130) Old regions: 498->531
[363.678s][info][gc,heap        ] GC(130) Humongous regions: 77->77
[363.678s][info][gc,metaspace   ] GC(130) Metaspace: 28808K(29120K)->28808K(29120K) NonClass: 23925K(24064K)->23925K(24064K) Class: 4883K(5056K)->4883K(5056K)
[363.678s][info][gc             ] GC(130) Pause Young (Prepare Mixed) (G1 Evacuation Pause) 3603M->1446M(4096M) 125.261ms
[363.678s][info][gc,cpu         ] GC(130) User=0.74s Sys=0.00s Real=0.13s
.[365.098s][info][gc,start       ] GC(131) Pause Young (Mixed) (G1 Evacuation Pause)
[365.098s][info][gc,task        ] GC(131) Using 6 workers of 6 for evacuation
[365.244s][info][gc,phases      ] GC(131)   Pre Evacuate Collection Set: 0.45ms
[365.244s][info][gc,phases      ] GC(131)   Merge Heap Roots: 0.69ms
[365.244s][info][gc,phases      ] GC(131)   Evacuate Collection Set: 141.33ms
[365.244s][info][gc,phases      ] GC(131)   Merge Optional Heap Roots: 0.11ms
[365.244s][info][gc,phases      ] GC(131)   Evacuate Optional Collection Set: 2.19ms
[365.244s][info][gc,phases      ] GC(131)   Post Evacuate Collection Set: 1.00ms
[365.244s][info][gc,phases      ] GC(131)   Other: 0.83ms
[365.244s][info][gc,heap        ] GC(131) Eden regions: 1105->0(1112)
[365.244s][info][gc,heap        ] GC(131) Survivor regions: 116->116(153)
[365.244s][info][gc,heap        ] GC(131) Old regions: 531->470
[365.244s][info][gc,heap        ] GC(131) Humongous regions: 77->77
[365.244s][info][gc,metaspace   ] GC(131) Metaspace: 28808K(29120K)->28808K(29120K) NonClass: 23925K(24064K)->23925K(24064K) Class: 4883K(5056K)->4883K(5056K)
[365.244s][info][gc             ] GC(131) Pause Young (Mixed) (G1 Evacuation Pause) 3656M->1325M(4096M) 146.748ms
[365.244s][info][gc,cpu         ] GC(131) User=0.86s Sys=0.00s Real=0.15s
.[366.752s][info][gc,start       ] GC(132) Pause Young (Concurrent Start) (G1 Evacuation Pause)
[366.752s][info][gc,task        ] GC(132) Using 6 workers of 6 for evacuation
[366.915s][info][gc,phases      ] GC(132)   Pre Evacuate Collection Set: 0.38ms
[366.915s][info][gc,phases      ] GC(132)   Merge Heap Roots: 0.51ms
[366.915s][info][gc,phases      ] GC(132)   Evacuate Collection Set: 161.12ms
[366.915s][info][gc,phases      ] GC(132)   Post Evacuate Collection Set: 0.97ms
[366.915s][info][gc,phases      ] GC(132)   Other: 0.13ms
[366.915s][info][gc,heap        ] GC(132) Eden regions: 1112->0(1113)
[366.915s][info][gc,heap        ] GC(132) Survivor regions: 116->115(154)
[366.915s][info][gc,heap        ] GC(132) Old regions: 470->500
[366.915s][info][gc,heap        ] GC(132) Humongous regions: 77->77
[366.915s][info][gc,metaspace   ] GC(132) Metaspace: 28808K(29120K)->28808K(29120K) NonClass: 23925K(24064K)->23925K(24064K) Class: 4883K(5056K)->4883K(5056K)
[366.915s][info][gc             ] GC(132) Pause Young (Concurrent Start) (G1 Evacuation Pause) 3549M->1383M(4096M) 163.228ms
[366.915s][info][gc             ] GC(133) Concurrent Mark Cycle
[366.915s][info][gc,marking     ] GC(133) Concurrent Scan Root Regions
[366.915s][info][gc,cpu         ] GC(132) User=0.73s Sys=0.00s Real=0.16s
[367.130s][info][gc,marking     ] GC(133) Concurrent Scan Root Regions 215.007ms
[367.130s][info][gc,marking     ] GC(133) Concurrent Mark
[367.130s][info][gc,marking     ] GC(133) Concurrent Mark From Roots
[367.130s][info][gc,task        ] GC(133) Using 2 workers of 2 for marking
?.[368.568s][info][gc,marking     ] GC(133) Concurrent Mark From Roots 1437.956ms
[368.568s][info][gc,marking     ] GC(133) Concurrent Preclean
[368.569s][info][gc,marking     ] GC(133) Concurrent Preclean 0.064ms
[368.569s][info][gc,start       ] GC(133) Pause Remark
[368.575s][info][gc             ] GC(133) Pause Remark 3387M->3387M(4096M) 6.553ms
[368.575s][info][gc,cpu         ] GC(133) User=0.04s Sys=0.00s Real=0.00s
[368.579s][info][gc,marking     ] GC(133) Concurrent Mark 1448.287ms
[368.579s][info][gc,marking     ] GC(133) Concurrent Rebuild Remembered Sets and Scrub Regions
[368.850s][info][gc,start       ] GC(134) Pause Young (Normal) (G1 Evacuation Pause)
[368.850s][info][gc,task        ] GC(134) Using 6 workers of 6 for evacuation
[368.980s][info][gc,phases      ] GC(134)   Pre Evacuate Collection Set: 0.32ms
[368.980s][info][gc,phases      ] GC(134)   Merge Heap Roots: 0.59ms
[368.980s][info][gc,phases      ] GC(134)   Evacuate Collection Set: 127.15ms
[368.980s][info][gc,phases      ] GC(134)   Post Evacuate Collection Set: 1.00ms
[368.980s][info][gc,phases      ] GC(134)   Other: 0.08ms
[368.980s][info][gc,heap        ] GC(134) Eden regions: 1113->0(1101)
[368.980s][info][gc,heap        ] GC(134) Survivor regions: 115->117(154)
[368.980s][info][gc,heap        ] GC(134) Old regions: 500->533
[368.980s][info][gc,heap        ] GC(134) Humongous regions: 77->77
[368.980s][info][gc,metaspace   ] GC(134) Metaspace: 28808K(29120K)->28808K(29120K) NonClass: 23925K(24064K)->23925K(24064K) Class: 4883K(5056K)->4883K(5056K)
[368.980s][info][gc             ] GC(134) Pause Young (Normal) (G1 Evacuation Pause) 3609M->1451M(4096M) 129.259ms
[368.980s][info][gc,cpu         ] GC(134) User=0.76s Sys=0.00s Real=0.13s
[369.018s][info][gc,marking     ] GC(133) Concurrent Rebuild Remembered Sets and Scrub Regions 439.507ms
[369.018s][info][gc,start       ] GC(133) Pause Cleanup
[369.019s][info][gc             ] GC(133) Pause Cleanup 1485M->1485M(4096M) 0.137ms
[369.019s][info][gc,cpu         ] GC(133) User=0.00s Sys=0.00s Real=0.00s
[369.019s][info][gc,marking     ] GC(133) Concurrent Clear Claimed Marks
[369.019s][info][gc,marking     ] GC(133) Concurrent Clear Claimed Marks 0.025ms
[369.019s][info][gc,marking     ] GC(133) Concurrent Cleanup for Next Mark
[369.025s][info][gc,marking     ] GC(133) Concurrent Cleanup for Next Mark 6.127ms
[369.025s][info][gc             ] GC(133) Concurrent Mark Cycle 2109.514ms
..[370.555s][info][gc,start       ] GC(135) Pause Young (Prepare Mixed) (G1 Evacuation Pause)
[370.555s][info][gc,task        ] GC(135) Using 6 workers of 6 for evacuation
[370.684s][info][gc,phases      ] GC(135)   Pre Evacuate Collection Set: 0.35ms
[370.684s][info][gc,phases      ] GC(135)   Merge Heap Roots: 0.59ms
[370.684s][info][gc,phases      ] GC(135)   Evacuate Collection Set: 126.82ms
[370.684s][info][gc,phases      ] GC(135)   Post Evacuate Collection Set: 1.08ms
[370.684s][info][gc,phases      ] GC(135)   Other: 0.10ms
[370.684s][info][gc,heap        ] GC(135) Eden regions: 1101->0(1060)
[370.684s][info][gc,heap        ] GC(135) Survivor regions: 117->122(153)
[370.684s][info][gc,heap        ] GC(135) Old regions: 533->564
[370.684s][info][gc,heap        ] GC(135) Humongous regions: 77->77
[370.684s][info][gc,metaspace   ] GC(135) Metaspace: 28808K(29120K)->28808K(29120K) NonClass: 23925K(24064K)->23925K(24064K) Class: 4883K(5056K)->4883K(5056K)
[370.684s][info][gc             ] GC(135) Pause Young (Prepare Mixed) (G1 Evacuation Pause) 3653M->1524M(4096M) 129.092ms
[370.684s][info][gc,cpu         ] GC(135) User=0.77s Sys=0.00s Real=0.13s
.[372.115s][info][gc,start       ] GC(136) Pause Young (Mixed) (G1 Evacuation Pause)
[372.116s][info][gc,task        ] GC(136) Using 6 workers of 6 for evacuation
[372.259s][info][gc,phases      ] GC(136)   Pre Evacuate Collection Set: 0.38ms
[372.259s][info][gc,phases      ] GC(136)   Merge Heap Roots: 0.62ms
[372.259s][info][gc,phases      ] GC(136)   Evacuate Collection Set: 134.55ms
[372.259s][info][gc,phases      ] GC(136)   Merge Optional Heap Roots: 0.15ms
[372.259s][info][gc,phases      ] GC(136)   Evacuate Optional Collection Set: 6.27ms
[372.259s][info][gc,phases      ] GC(136)   Post Evacuate Collection Set: 1.04ms
[372.259s][info][gc,phases      ] GC(136)   Other: 0.09ms
[372.259s][info][gc,heap        ] GC(136) Eden regions: 1060->0(1115)
[372.259s][info][gc,heap        ] GC(136) Survivor regions: 122->113(148)
[372.259s][info][gc,heap        ] GC(136) Old regions: 564->502
[372.259s][info][gc,heap        ] GC(136) Humongous regions: 77->77
[372.259s][info][gc,metaspace   ] GC(136) Metaspace: 28808K(29120K)->28808K(29120K) NonClass: 23925K(24064K)->23925K(24064K) Class: 4883K(5056K)->4883K(5056K)
[372.259s][info][gc             ] GC(136) Pause Young (Mixed) (G1 Evacuation Pause) 3644M->1382M(4096M) 143.219ms
[372.259s][info][gc,cpu         ] GC(136) User=0.85s Sys=0.00s Real=0.15s
.[373.711s][info][gc,start       ] GC(137) Pause Young (Concurrent Start) (G1 Evacuation Pause)
[373.711s][info][gc,task        ] GC(137) Using 6 workers of 6 for evacuation
[373.880s][info][gc,phases      ] GC(137)   Pre Evacuate Collection Set: 0.38ms
[373.880s][info][gc,phases      ] GC(137)   Merge Heap Roots: 0.48ms
[373.880s][info][gc,phases      ] GC(137)   Evacuate Collection Set: 166.75ms
[373.880s][info][gc,phases      ] GC(137)   Post Evacuate Collection Set: 0.93ms
[373.880s][info][gc,phases      ] GC(137)   Other: 0.11ms
[373.880s][info][gc,heap        ] GC(137) Eden regions: 1115->0(1095)
[373.880s][info][gc,heap        ] GC(137) Survivor regions: 113->120(154)
[373.880s][info][gc,heap        ] GC(137) Old regions: 502->533
[373.880s][info][gc,heap        ] GC(137) Humongous regions: 77->77
[373.880s][info][gc,metaspace   ] GC(137) Metaspace: 28809K(29120K)->28809K(29120K) NonClass: 23926K(24064K)->23926K(24064K) Class: 4883K(5056K)->4883K(5056K)
[373.880s][info][gc             ] GC(137) Pause Young (Concurrent Start) (G1 Evacuation Pause) 3612M->1459M(4096M) 168.782ms
[373.880s][info][gc             ] GC(138) Concurrent Mark Cycle
[373.880s][info][gc,marking     ] GC(138) Concurrent Scan Root Regions
[373.880s][info][gc,cpu         ] GC(137) User=0.76s Sys=0.00s Real=0.17s
[374.084s][info][gc,marking     ] GC(138) Concurrent Scan Root Regions 204.189ms
[374.084s][info][gc,marking     ] GC(138) Concurrent Mark
[374.084s][info][gc,marking     ] GC(138) Concurrent Mark From Roots
[374.084s][info][gc,task        ] GC(138) Using 2 workers of 2 for marking
.[375.345s][info][gc,marking     ] GC(138) Concurrent Mark From Roots 1261.529ms
[375.346s][info][gc,marking     ] GC(138) Concurrent Preclean
[375.346s][info][gc,marking     ] GC(138) Concurrent Preclean 0.075ms
[375.348s][info][gc,start       ] GC(138) Pause Remark
[375.351s][info][gc             ] GC(138) Pause Remark 2657M->2657M(4096M) 3.381ms
[375.351s][info][gc,cpu         ] GC(138) User=0.02s Sys=0.00s Real=0.01s
[375.352s][info][gc,marking     ] GC(138) Concurrent Mark 1267.609ms
[375.352s][info][gc,marking     ] GC(138) Concurrent Rebuild Remembered Sets and Scrub Regions
[375.659s][info][gc,marking     ] GC(138) Concurrent Rebuild Remembered Sets and Scrub Regions 307.758ms
[375.662s][info][gc,start       ] GC(138) Pause Cleanup
[375.662s][info][gc             ] GC(138) Pause Cleanup 3003M->3003M(4096M) 0.188ms
[375.662s][info][gc,cpu         ] GC(138) User=0.00s Sys=0.00s Real=0.00s
[375.662s][info][gc,marking     ] GC(138) Concurrent Clear Claimed Marks
[375.663s][info][gc,marking     ] GC(138) Concurrent Clear Claimed Marks 0.042ms
[375.663s][info][gc,marking     ] GC(138) Concurrent Cleanup for Next Mark
[375.828s][info][gc,marking     ] GC(138) Concurrent Cleanup for Next Mark 164.967ms
[375.828s][info][gc             ] GC(138) Concurrent Mark Cycle 1947.930ms
.[376.197s][info][gc,start       ] GC(139) Pause Young (Prepare Mixed) (G1 Evacuation Pause)
[376.197s][info][gc,task        ] GC(139) Using 6 workers of 6 for evacuation
[376.322s][info][gc,phases      ] GC(139)   Pre Evacuate Collection Set: 0.36ms
[376.322s][info][gc,phases      ] GC(139)   Merge Heap Roots: 0.62ms
[376.322s][info][gc,phases      ] GC(139)   Evacuate Collection Set: 122.53ms
[376.322s][info][gc,phases      ] GC(139)   Post Evacuate Collection Set: 0.97ms
[376.322s][info][gc,phases      ] GC(139)   Other: 0.10ms
[376.322s][info][gc,heap        ] GC(139) Eden regions: 1095->0(1097)
[376.322s][info][gc,heap        ] GC(139) Survivor regions: 120->66(152)
[376.322s][info][gc,heap        ] GC(139) Old regions: 533->614
[376.322s][info][gc,heap        ] GC(139) Humongous regions: 77->77
[376.322s][info][gc,metaspace   ] GC(139) Metaspace: 28809K(29120K)->28809K(29120K) NonClass: 23926K(24064K)->23926K(24064K) Class: 4883K(5056K)->4883K(5056K)
[376.322s][info][gc             ] GC(139) Pause Young (Prepare Mixed) (G1 Evacuation Pause) 3649M->1512M(4096M) 124.708ms
[376.322s][info][gc,cpu         ] GC(139) User=0.74s Sys=0.00s Real=0.13s
.[377.506s][info][gc,start       ] GC(140) Pause Young (Mixed) (G1 Evacuation Pause)
[377.506s][info][gc,task        ] GC(140) Using 6 workers of 6 for evacuation
[377.634s][info][gc,phases      ] GC(140)   Pre Evacuate Collection Set: 0.37ms
[377.634s][info][gc,phases      ] GC(140)   Merge Heap Roots: 0.69ms
[377.634s][info][gc,phases      ] GC(140)   Evacuate Collection Set: 125.29ms
[377.634s][info][gc,phases      ] GC(140)   Post Evacuate Collection Set: 0.91ms
[377.634s][info][gc,phases      ] GC(140)   Other: 0.09ms
[377.634s][info][gc,heap        ] GC(140) Eden regions: 1097->0(1104)
[377.634s][info][gc,heap        ] GC(140) Survivor regions: 66->124(146)
[377.634s][info][gc,heap        ] GC(140) Old regions: 614->489
[377.634s][info][gc,heap        ] GC(140) Humongous regions: 77->77
[377.634s][info][gc,metaspace   ] GC(140) Metaspace: 28809K(29120K)->28809K(29120K) NonClass: 23926K(24064K)->23926K(24064K) Class: 4883K(5056K)->4883K(5056K)
[377.634s][info][gc             ] GC(140) Pause Young (Mixed) (G1 Evacuation Pause) 3706M->1377M(4096M) 127.477ms
[377.634s][info][gc,cpu         ] GC(140) User=0.75s Sys=0.00s Real=0.13s
.[379.088s][info][gc,start       ] GC(141) Pause Young (Concurrent Start) (G1 Evacuation Pause)
[379.088s][info][gc,task        ] GC(141) Using 6 workers of 6 for evacuation
[379.213s][info][gc,phases      ] GC(141)   Pre Evacuate Collection Set: 0.41ms
[379.213s][info][gc,phases      ] GC(141)   Merge Heap Roots: 0.47ms
[379.213s][info][gc,phases      ] GC(141)   Evacuate Collection Set: 122.84ms
[379.213s][info][gc,phases      ] GC(141)   Post Evacuate Collection Set: 0.90ms
[379.213s][info][gc,phases      ] GC(141)   Other: 0.10ms
[379.213s][info][gc,heap        ] GC(141) Eden regions: 1104->0(1130)
[379.213s][info][gc,heap        ] GC(141) Survivor regions: 124->75(154)
[379.213s][info][gc,heap        ] GC(141) Old regions: 489->563
[379.213s][info][gc,heap        ] GC(141) Humongous regions: 77->77
[379.213s][info][gc,metaspace   ] GC(141) Metaspace: 28809K(29120K)->28809K(29120K) NonClass: 23926K(24064K)->23926K(24064K) Class: 4883K(5056K)->4883K(5056K)
[379.213s][info][gc             ] GC(141) Pause Young (Concurrent Start) (G1 Evacuation Pause) 3585M->1427M(4096M) 124.845ms
[379.213s][info][gc             ] GC(142) Concurrent Mark Cycle
[379.213s][info][gc,marking     ] GC(142) Concurrent Scan Root Regions
[379.213s][info][gc,cpu         ] GC(141) User=0.74s Sys=0.00s Real=0.13s
[379.397s][info][gc,marking     ] GC(142) Concurrent Scan Root Regions 184.586ms
[379.397s][info][gc,marking     ] GC(142) Concurrent Mark
[379.397s][info][gc,marking     ] GC(142) Concurrent Mark From Roots
[379.397s][info][gc,task        ] GC(142) Using 2 workers of 2 for marking
.[380.667s][info][gc,marking     ] GC(142) Concurrent Mark From Roots 1270.077ms
[380.668s][info][gc,marking     ] GC(142) Concurrent Preclean
[380.668s][info][gc,marking     ] GC(142) Concurrent Preclean 0.088ms
[380.668s][info][gc,start       ] GC(142) Pause Remark
[380.673s][info][gc             ] GC(142) Pause Remark 2985M->2985M(4096M) 5.193ms
[380.673s][info][gc,cpu         ] GC(142) User=0.03s Sys=0.00s Real=0.00s
[380.674s][info][gc,marking     ] GC(142) Concurrent Mark 1276.210ms
[380.674s][info][gc,marking     ] GC(142) Concurrent Rebuild Remembered Sets and Scrub Regions
[381.257s][info][gc,start       ] GC(143) Pause Young (Normal) (G1 Evacuation Pause)
[381.257s][info][gc,task        ] GC(143) Using 6 workers of 6 for evacuation
[381.360s][info][gc,phases      ] GC(143)   Pre Evacuate Collection Set: 0.35ms
[381.360s][info][gc,phases      ] GC(143)   Merge Heap Roots: 0.49ms
[381.360s][info][gc,phases      ] GC(143)   Evacuate Collection Set: 100.59ms
[381.360s][info][gc,phases      ] GC(143)   Post Evacuate Collection Set: 0.95ms
[381.360s][info][gc,phases      ] GC(143)   Other: 0.10ms
[381.360s][info][gc,heap        ] GC(143) Eden regions: 1130->0(1071)
[381.360s][info][gc,heap        ] GC(143) Survivor regions: 75->117(151)
[381.360s][info][gc,heap        ] GC(143) Old regions: 563->563
[381.360s][info][gc,heap        ] GC(143) Humongous regions: 77->77
[381.360s][info][gc,metaspace   ] GC(143) Metaspace: 28812K(29120K)->28812K(29120K) NonClass: 23929K(24064K)->23929K(24064K) Class: 4883K(5056K)->4883K(5056K)
[381.360s][info][gc             ] GC(143) Pause Young (Normal) (G1 Evacuation Pause) 3687M->1512M(4096M) 102.599ms
[381.360s][info][gc,cpu         ] GC(143) User=0.61s Sys=0.00s Real=0.11s
.[381.401s][info][gc,marking     ] GC(142) Concurrent Rebuild Remembered Sets and Scrub Regions 727.309ms
[381.402s][info][gc,start       ] GC(142) Pause Cleanup
[381.402s][info][gc             ] GC(142) Pause Cleanup 1588M->1588M(4096M) 0.159ms
[381.402s][info][gc,cpu         ] GC(142) User=0.00s Sys=0.00s Real=0.00s
[381.402s][info][gc,marking     ] GC(142) Concurrent Clear Claimed Marks
[381.402s][info][gc,marking     ] GC(142) Concurrent Clear Claimed Marks 0.029ms
[381.402s][info][gc,marking     ] GC(142) Concurrent Cleanup for Next Mark
[381.450s][info][gc,marking     ] GC(142) Concurrent Cleanup for Next Mark 47.502ms
[381.450s][info][gc             ] GC(142) Concurrent Mark Cycle 2237.096ms
[382.614s][info][gc,start       ] GC(144) Pause Young (Prepare Mixed) (G1 Evacuation Pause)
[382.614s][info][gc,task        ] GC(144) Using 6 workers of 6 for evacuation
[382.757s][info][gc,phases      ] GC(144)   Pre Evacuate Collection Set: 0.32ms
[382.757s][info][gc,phases      ] GC(144)   Merge Heap Roots: 0.52ms
[382.757s][info][gc,phases      ] GC(144)   Evacuate Collection Set: 140.56ms
[382.757s][info][gc,phases      ] GC(144)   Post Evacuate Collection Set: 0.95ms
[382.757s][info][gc,phases      ] GC(144)   Other: 0.09ms
[382.757s][info][gc,heap        ] GC(144) Eden regions: 1071->0(998)
[382.757s][info][gc,heap        ] GC(144) Survivor regions: 117->136(149)
[382.757s][info][gc,heap        ] GC(144) Old regions: 563->598
[382.757s][info][gc,heap        ] GC(144) Humongous regions: 77->77
[382.757s][info][gc,metaspace   ] GC(144) Metaspace: 28814K(29120K)->28814K(29120K) NonClass: 23931K(24064K)->23931K(24064K) Class: 4883K(5056K)->4883K(5056K)
[382.757s][info][gc             ] GC(144) Pause Young (Prepare Mixed) (G1 Evacuation Pause) 3654M->1621M(4096M) 142.563ms
[382.757s][info][gc,cpu         ] GC(144) User=0.85s Sys=0.00s Real=0.14s
.[384.128s][info][gc,start       ] GC(145) Pause Young (Mixed) (G1 Evacuation Pause)
[384.128s][info][gc,task        ] GC(145) Using 6 workers of 6 for evacuation
[384.268s][info][gc,phases      ] GC(145)   Pre Evacuate Collection Set: 0.41ms
[384.268s][info][gc,phases      ] GC(145)   Merge Heap Roots: 0.55ms
[384.268s][info][gc,phases      ] GC(145)   Evacuate Collection Set: 136.21ms
[384.268s][info][gc,phases      ] GC(145)   Merge Optional Heap Roots: 0.06ms
[384.268s][info][gc,phases      ] GC(145)   Evacuate Optional Collection Set: 2.12ms
[384.268s][info][gc,phases      ] GC(145)   Post Evacuate Collection Set: 1.06ms
[384.268s][info][gc,phases      ] GC(145)   Other: 0.10ms
[384.268s][info][gc,heap        ] GC(145) Eden regions: 998->0(1118)
[384.268s][info][gc,heap        ] GC(145) Survivor regions: 136->72(142)
[384.268s][info][gc,heap        ] GC(145) Old regions: 598->575
[384.268s][info][gc,heap        ] GC(145) Humongous regions: 77->77
[384.268s][info][gc,metaspace   ] GC(145) Metaspace: 28814K(29120K)->28814K(29120K) NonClass: 23931K(24064K)->23931K(24064K) Class: 4883K(5056K)->4883K(5056K)
[384.268s][info][gc             ] GC(145) Pause Young (Mixed) (G1 Evacuation Pause) 3617M->1445M(4096M) 140.655ms
[384.268s][info][gc,cpu         ] GC(145) User=0.83s Sys=0.00s Real=0.15s
.. (rIR:aIR:PR = 11548:10846:10895) (tPR = 163219) [IR is under limit] [PR is under limit] 
   385s: Re-initializing (term) [385.439s][info][gc,start       ] GC(146) Pause Full (System.gc())
[385.440s][info][gc,task        ] GC(146) Using 6 workers of 6 for full compaction
[385.440s][info][gc,phases,start] GC(146) Phase 1: Mark live objects
[385.456s][info][gc,phases      ] GC(146) Phase 1: Mark live objects 15.929ms
[385.456s][info][gc,phases,start] GC(146) Phase 2: Prepare compaction
[385.459s][info][gc,phases      ] GC(146) Phase 2: Prepare compaction 3.278ms
[385.459s][info][gc,phases,start] GC(146) Phase 3: Adjust pointers
[385.467s][info][gc,phases      ] GC(146) Phase 3: Adjust pointers 7.649ms
[385.467s][info][gc,phases,start] GC(146) Phase 4: Compact heap
[385.470s][info][gc,phases      ] GC(146) Phase 4: Compact heap 3.275ms
[385.470s][info][gc,phases,start] GC(146) Phase 5: Reset Metadata
[385.474s][info][gc,phases      ] GC(146) Phase 5: Reset Metadata 4.211ms
[385.481s][info][gc,heap        ] GC(146) Eden regions: 796->0(1228)
[385.481s][info][gc,heap        ] GC(146) Survivor regions: 72->0(142)
[385.481s][info][gc,heap        ] GC(146) Old regions: 575->36
[385.481s][info][gc,heap        ] GC(146) Humongous regions: 77->66
[385.481s][info][gc,metaspace   ] GC(146) Metaspace: 28814K(29120K)->28814K(29120K) NonClass: 23931K(24064K)->23931K(24064K) Class: 4883K(5056K)->4883K(5056K)
[385.481s][info][gc             ] GC(146) Pause Full (System.gc()) 3036M->194M(4096M) 41.124ms
[385.481s][info][gc,cpu         ] GC(146) User=0.22s Sys=0.00s Real=0.04s
(init[385.717s][info][gc,start       ] GC(147) Pause Young (Concurrent Start) (G1 Humongous Allocation)
[385.717s][info][gc,task        ] GC(147) Using 6 workers of 6 for evacuation
[385.726s][info][gc,phases      ] GC(147)   Pre Evacuate Collection Set: 0.35ms
[385.726s][info][gc,phases      ] GC(147)   Merge Heap Roots: 0.04ms
[385.726s][info][gc,phases      ] GC(147)   Evacuate Collection Set: 7.76ms
[385.726s][info][gc,phases      ] GC(147)   Post Evacuate Collection Set: 0.25ms
[385.726s][info][gc,phases      ] GC(147)   Other: 0.08ms
[385.726s][info][gc,heap        ] GC(147) Eden regions: 31->0(1219)
[385.726s][info][gc,heap        ] GC(147) Survivor regions: 0->9(154)
[385.726s][info][gc,heap        ] GC(147) Old regions: 36->36
[385.726s][info][gc,heap        ] GC(147) Humongous regions: 66->66
[385.726s][info][gc,metaspace   ] GC(147) Metaspace: 28814K(29120K)->28814K(29120K) NonClass: 23931K(24064K)->23931K(24064K) Class: 4883K(5056K)->4883K(5056K)
[385.726s][info][gc             ] GC(147) Pause Young (Concurrent Start) (G1 Humongous Allocation) 254M->211M(4096M) 8.620ms
[385.726s][info][gc             ] GC(148) Concurrent Mark Cycle
[385.726s][info][gc,marking     ] GC(148) Concurrent Scan Root Regions
[385.726s][info][gc,cpu         ] GC(147) User=0.05s Sys=0.00s Real=0.01s
[385.732s][info][gc,marking     ] GC(148) Concurrent Scan Root Regions 6.207ms
[385.732s][info][gc,marking     ] GC(148) Concurrent Mark
[385.732s][info][gc,marking     ] GC(148) Concurrent Mark From Roots
[385.732s][info][gc,task        ] GC(148) Using 2 workers of 2 for marking
[385.794s][info][gc,marking     ] GC(148) Concurrent Mark From Roots 61.475ms
[385.794s][info][gc,marking     ] GC(148) Concurrent Preclean
[385.794s][info][gc,marking     ] GC(148) Concurrent Preclean 0.094ms
[385.794s][info][gc,start       ] GC(148) Pause Remark
[385.796s][info][gc             ] GC(148) Pause Remark 335M->335M(4096M) 1.742ms
[385.796s][info][gc,cpu         ] GC(148) User=0.01s Sys=0.00s Real=0.00s
[385.796s][info][gc,marking     ] GC(148) Concurrent Mark 63.480ms
[385.796s][info][gc,marking     ] GC(148) Concurrent Rebuild Remembered Sets and Scrub Regions
[385.815s][info][gc,marking     ] GC(148) Concurrent Rebuild Remembered Sets and Scrub Regions 19.802ms
[385.816s][info][gc,start       ] GC(148) Pause Cleanup
[385.816s][info][gc             ] GC(148) Pause Cleanup 374M->374M(4096M) 0.072ms
[385.816s][info][gc,cpu         ] GC(148) User=0.00s Sys=0.00s Real=0.00s
[385.816s][info][gc,marking     ] GC(148) Concurrent Clear Claimed Marks
[385.816s][info][gc,marking     ] GC(148) Concurrent Clear Claimed Marks 0.029ms
[385.816s][info][gc,marking     ] GC(148) Concurrent Cleanup for Next Mark
[385.820s][info][gc,marking     ] GC(148) Concurrent Cleanup for Next Mark 4.371ms
[385.820s][info][gc             ] GC(148) Concurrent Mark Cycle 94.216ms
) ... OK
   390s: high-bound for max-jOPS is measured to be 13837
   390s: 
   390s: Restarting (term) [390.231s][info][gc,start       ] GC(149) Pause Full (System.gc())
[390.231s][info][gc,task        ] GC(149) Using 6 workers of 6 for full compaction
[390.232s][info][gc,phases,start] GC(149) Phase 1: Mark live objects
[390.246s][info][gc,phases      ] GC(149) Phase 1: Mark live objects 14.306ms
[390.246s][info][gc,phases,start] GC(149) Phase 2: Prepare compaction
[390.248s][info][gc,phases      ] GC(149) Phase 2: Prepare compaction 2.130ms
[390.248s][info][gc,phases,start] GC(149) Phase 3: Adjust pointers
[390.255s][info][gc,phases      ] GC(149) Phase 3: Adjust pointers 6.680ms
[390.255s][info][gc,phases,start] GC(149) Phase 4: Compact heap
[390.257s][info][gc,phases      ] GC(149) Phase 4: Compact heap 2.057ms
[390.257s][info][gc,phases,start] GC(149) Phase 5: Reset Metadata
[390.261s][info][gc,phases      ] GC(149) Phase 5: Reset Metadata 4.360ms
[390.268s][info][gc,heap        ] GC(149) Eden regions: 929->0(1228)
[390.268s][info][gc,heap        ] GC(149) Survivor regions: 9->0(154)
[390.268s][info][gc,heap        ] GC(149) Old regions: 36->35
[390.268s][info][gc,heap        ] GC(149) Humongous regions: 163->66
[390.268s][info][gc,metaspace   ] GC(149) Metaspace: 28819K(29120K)->28819K(29120K) NonClass: 23936K(24064K)->23936K(24064K) Class: 4883K(5056K)->4883K(5056K)
[390.268s][info][gc             ] GC(149) Pause Full (System.gc()) 2262M->194M(4096M) 36.448ms
[390.268s][info][gc,cpu         ] GC(149) User=0.19s Sys=0.00s Real=0.03s
(init[390.504s][info][gc,start       ] GC(150) Pause Young (Concurrent Start) (G1 Humongous Allocation)
[390.504s][info][gc,task        ] GC(150) Using 6 workers of 6 for evacuation
[390.518s][info][gc,phases      ] GC(150)   Pre Evacuate Collection Set: 0.38ms
[390.518s][info][gc,phases      ] GC(150)   Merge Heap Roots: 0.03ms
[390.518s][info][gc,phases      ] GC(150)   Evacuate Collection Set: 12.96ms
[390.518s][info][gc,phases      ] GC(150)   Post Evacuate Collection Set: 0.27ms
[390.518s][info][gc,phases      ] GC(150)   Other: 0.08ms
[390.518s][info][gc,heap        ] GC(150) Eden regions: 48->0(1214)
[390.518s][info][gc,heap        ] GC(150) Survivor regions: 0->14(154)
[390.518s][info][gc,heap        ] GC(150) Old regions: 35->35
[390.518s][info][gc,heap        ] GC(150) Humongous regions: 66->66
[390.518s][info][gc,metaspace   ] GC(150) Metaspace: 28819K(29120K)->28819K(29120K) NonClass: 23936K(24064K)->23936K(24064K) Class: 4883K(5056K)->4883K(5056K)
[390.518s][info][gc             ] GC(150) Pause Young (Concurrent Start) (G1 Humongous Allocation) 290M->222M(4096M) 13.854ms
[390.518s][info][gc             ] GC(151) Concurrent Mark Cycle
[390.518s][info][gc,marking     ] GC(151) Concurrent Scan Root Regions
[390.518s][info][gc,cpu         ] GC(150) User=0.07s Sys=0.00s Real=0.01s
[390.526s][info][gc,marking     ] GC(151) Concurrent Scan Root Regions 8.528ms
[390.526s][info][gc,marking     ] GC(151) Concurrent Mark
[390.526s][info][gc,marking     ] GC(151) Concurrent Mark From Roots
[390.526s][info][gc,task        ] GC(151) Using 2 workers of 2 for marking
[390.586s][info][gc,marking     ] GC(151) Concurrent Mark From Roots 59.674ms
[390.586s][info][gc,marking     ] GC(151) Concurrent Preclean
[390.586s][info][gc,marking     ] GC(151) Concurrent Preclean 0.095ms
[390.586s][info][gc,start       ] GC(151) Pause Remark
[390.588s][info][gc             ] GC(151) Pause Remark 364M->364M(4096M) 1.643ms
[390.588s][info][gc,cpu         ] GC(151) User=0.01s Sys=0.00s Real=0.00s
[390.588s][info][gc,marking     ] GC(151) Concurrent Mark 61.582ms
[390.588s][info][gc,marking     ] GC(151) Concurrent Rebuild Remembered Sets and Scrub Regions
[390.624s][info][gc,marking     ] GC(151) Concurrent Rebuild Remembered Sets and Scrub Regions 35.865ms
[390.624s][info][gc,start       ] GC(151) Pause Cleanup
[390.624s][info][gc             ] GC(151) Pause Cleanup 427M->427M(4096M) 0.085ms
[390.624s][info][gc,cpu         ] GC(151) User=0.00s Sys=0.00s Real=0.00s
[390.624s][info][gc,marking     ] GC(151) Concurrent Clear Claimed Marks
[390.624s][info][gc,marking     ] GC(151) Concurrent Clear Claimed Marks 0.029ms
[390.624s][info][gc,marking     ] GC(151) Concurrent Cleanup for Next Mark
[390.629s][info][gc,marking     ] GC(151) Concurrent Cleanup for Next Mark 4.465ms
[390.629s][info][gc             ] GC(151) Concurrent Mark Cycle 110.844ms
) ... OK
   394s: 
   394s: Warmup for building throughput-responsetime curve
   394s: (10%)   IR =   1384 ..[397.550s][info][gc,start       ] GC(152) Pause Young (Prepare Mixed) (G1 Evacuation Pause)
[397.550s][info][gc,task        ] GC(152) Using 6 workers of 6 for evacuation
[398.033s][info][gc,mmu         ] GC(152) MMU target violated: 201.0ms (200.0ms/201.0ms)
[398.033s][info][gc,phases      ] GC(152)   Pre Evacuate Collection Set: 0.36ms
[398.033s][info][gc,phases      ] GC(152)   Merge Heap Roots: 0.63ms
[398.033s][info][gc,phases      ] GC(152)   Evacuate Collection Set: 480.37ms
[398.033s][info][gc,phases      ] GC(152)   Post Evacuate Collection Set: 1.26ms
[398.033s][info][gc,phases      ] GC(152)   Other: 0.12ms
[398.033s][info][gc,heap        ] GC(152) Eden regions: 1214->0(464)
[398.033s][info][gc,heap        ] GC(152) Survivor regions: 14->154(154)
[398.033s][info][gc,heap        ] GC(152) Old regions: 34->343
[398.033s][info][gc,heap        ] GC(152) Humongous regions: 163->155
[398.033s][info][gc,metaspace   ] GC(152) Metaspace: 28824K(29120K)->28824K(29120K) NonClass: 23941K(24064K)->23941K(24064K) Class: 4883K(5056K)->4883K(5056K)
[398.033s][info][gc             ] GC(152) Pause Young (Prepare Mixed) (G1 Evacuation Pause) 2844M->1298M(4096M) 482.849ms
[398.033s][info][gc,cpu         ] GC(152) User=2.86s Sys=0.00s Real=0.48s
....[401.552s][info][gc,start       ] GC(153) Pause Young (Mixed) (G1 Evacuation Pause)
[401.552s][info][gc,task        ] GC(153) Using 6 workers of 6 for evacuation
[401.739s][info][gc,phases      ] GC(153)   Pre Evacuate Collection Set: 0.36ms
[401.739s][info][gc,phases      ] GC(153)   Merge Heap Roots: 0.54ms
[401.739s][info][gc,phases      ] GC(153)   Evacuate Collection Set: 185.68ms
[401.739s][info][gc,phases      ] GC(153)   Post Evacuate Collection Set: 0.56ms
[401.739s][info][gc,phases      ] GC(153)   Other: 0.07ms
[401.739s][info][gc,heap        ] GC(153) Eden regions: 453->0(644)
[401.739s][info][gc,heap        ] GC(153) Survivor regions: 154->28(76)
[401.739s][info][gc,heap        ] GC(153) Old regions: 343->493
[401.739s][info][gc,heap        ] GC(153) Humongous regions: 155->155
[401.739s][info][gc,metaspace   ] GC(153) Metaspace: 28833K(29120K)->28833K(29120K) NonClass: 23950K(24064K)->23950K(24064K) Class: 4883K(5056K)->4883K(5056K)
[401.739s][info][gc             ] GC(153) Pause Young (Mixed) (G1 Evacuation Pause) 2204M->1347M(4096M) 187.342ms
[401.739s][info][gc,cpu         ] GC(153) User=1.11s Sys=0.00s Real=0.19s
......[407.354s][info][gc,start       ] GC(154) Pause Young (Concurrent Start) (G1 Evacuation Pause)
[407.354s][info][gc,task        ] GC(154) Using 6 workers of 6 for evacuation
[407.415s][info][gc,phases      ] GC(154)   Pre Evacuate Collection Set: 0.40ms
[407.415s][info][gc,phases      ] GC(154)   Merge Heap Roots: 0.49ms
[407.415s][info][gc,phases      ] GC(154)   Evacuate Collection Set: 58.84ms
[407.415s][info][gc,phases      ] GC(154)   Post Evacuate Collection Set: 0.72ms
[407.415s][info][gc,phases      ] GC(154)   Other: 0.12ms
[407.415s][info][gc,heap        ] GC(154) Eden regions: 687->0(710)
[407.415s][info][gc,heap        ] GC(154) Survivor regions: 28->61(90)
[407.415s][info][gc,heap        ] GC(154) Old regions: 493->493
[407.415s][info][gc,heap        ] GC(154) Humongous regions: 155->155
[407.415s][info][gc,metaspace   ] GC(154) Metaspace: 28837K(29120K)->28837K(29120K) NonClass: 23953K(24064K)->23953K(24064K) Class: 4883K(5056K)->4883K(5056K)
[407.415s][info][gc             ] GC(154) Pause Young (Concurrent Start) (G1 Evacuation Pause) 2721M->1413M(4096M) 60.712ms
[407.415s][info][gc             ] GC(155) Concurrent Mark Cycle
[407.415s][info][gc,marking     ] GC(155) Concurrent Scan Root Regions
[407.415s][info][gc,cpu         ] GC(154) User=0.36s Sys=0.00s Real=0.06s
[407.486s][info][gc,marking     ] GC(155) Concurrent Scan Root Regions 70.804ms
[407.486s][info][gc,marking     ] GC(155) Concurrent Mark
[407.486s][info][gc,marking     ] GC(155) Concurrent Mark From Roots
[407.486s][info][gc,task        ] GC(155) Using 2 workers of 2 for marking
.[408.065s][info][gc,marking     ] GC(155) Concurrent Mark From Roots 578.634ms
[408.065s][info][gc,marking     ] GC(155) Concurrent Preclean
[408.065s][info][gc,marking     ] GC(155) Concurrent Preclean 0.049ms
[408.065s][info][gc,start       ] GC(155) Pause Remark
[408.068s][info][gc             ] GC(155) Pause Remark 1583M->1355M(4096M) 3.564ms
[408.068s][info][gc,cpu         ] GC(155) User=0.01s Sys=0.00s Real=0.01s
[408.068s][info][gc,marking     ] GC(155) Concurrent Mark 582.504ms
[408.069s][info][gc,marking     ] GC(155) Concurrent Rebuild Remembered Sets and Scrub Regions
[408.285s][info][gc,marking     ] GC(155) Concurrent Rebuild Remembered Sets and Scrub Regions 216.670ms
[408.285s][info][gc,start       ] GC(155) Pause Cleanup
[408.285s][info][gc             ] GC(155) Pause Cleanup 1414M->1414M(4096M) 0.092ms
[408.285s][info][gc,cpu         ] GC(155) User=0.00s Sys=0.00s Real=0.00s
[408.285s][info][gc,marking     ] GC(155) Concurrent Clear Claimed Marks
[408.285s][info][gc,marking     ] GC(155) Concurrent Clear Claimed Marks 0.030ms
[408.285s][info][gc,marking     ] GC(155) Concurrent Cleanup for Next Mark
[408.289s][info][gc,marking     ] GC(155) Concurrent Cleanup for Next Mark 3.218ms
[408.289s][info][gc             ] GC(155) Concurrent Mark Cycle 873.652ms
.....[413.485s][info][gc,start       ] GC(156) Pause Young (Prepare Mixed) (G1 Evacuation Pause)
[413.485s][info][gc,task        ] GC(156) Using 6 workers of 6 for evacuation
[413.564s][info][gc,phases      ] GC(156)   Pre Evacuate Collection Set: 0.38ms
[413.564s][info][gc,phases      ] GC(156)   Merge Heap Roots: 0.55ms
[413.564s][info][gc,phases      ] GC(156)   Evacuate Collection Set: 77.62ms
[413.564s][info][gc,phases      ] GC(156)   Post Evacuate Collection Set: 0.71ms
[413.564s][info][gc,phases      ] GC(156)   Other: 0.08ms
[413.564s][info][gc,heap        ] GC(156) Eden regions: 713->0(992)
[413.564s][info][gc,heap        ] GC(156) Survivor regions: 61->69(97)
[413.564s][info][gc,heap        ] GC(156) Old regions: 459->479
[413.564s][info][gc,heap        ] GC(156) Humongous regions: 75->75
[413.564s][info][gc,metaspace   ] GC(156) Metaspace: 28837K(29120K)->28837K(29120K) NonClass: 23953K(24064K)->23953K(24064K) Class: 4883K(5056K)->4883K(5056K)
[413.564s][info][gc             ] GC(156) Pause Young (Prepare Mixed) (G1 Evacuation Pause) 2611M->1241M(4096M) 79.456ms
[413.564s][info][gc,cpu         ] GC(156) User=0.47s Sys=0.00s Real=0.08s
.........[422.543s][info][gc,start       ] GC(157) Pause Young (Mixed) (G1 Evacuation Pause)
[422.543s][info][gc,task        ] GC(157) Using 6 workers of 6 for evacuation
[422.638s][info][gc,phases      ] GC(157)   Pre Evacuate Collection Set: 0.40ms
[422.638s][info][gc,phases      ] GC(157)   Merge Heap Roots: 0.43ms
[422.638s][info][gc,phases      ] GC(157)   Evacuate Collection Set: 92.48ms
[422.638s][info][gc,phases      ] GC(157)   Merge Optional Heap Roots: 0.03ms
[422.638s][info][gc,phases      ] GC(157)   Evacuate Optional Collection Set: 0.16ms
[422.638s][info][gc,phases      ] GC(157)   Post Evacuate Collection Set: 0.86ms
[422.638s][info][gc,phases      ] GC(157)   Other: 0.11ms
[422.638s][info][gc,heap        ] GC(157) Eden regions: 1056->0(964)
[422.638s][info][gc,heap        ] GC(157) Survivor regions: 69->109(141)
[422.638s][info][gc,heap        ] GC(157) Old regions: 479->475
[422.638s][info][gc,heap        ] GC(157) Humongous regions: 75->75
[422.638s][info][gc,metaspace   ] GC(157) Metaspace: 28837K(29120K)->28837K(29120K) NonClass: 23953K(24064K)->23953K(24064K) Class: 4883K(5056K)->4883K(5056K)
[422.638s][info][gc             ] GC(157) Pause Young (Mixed) (G1 Evacuation Pause) 3353M->1315M(4096M) 94.599ms
[422.638s][info][gc,cpu         ] GC(157) User=0.56s Sys=0.00s Real=0.09s
.........[431.416s][info][gc,start       ] GC(158) Pause Young (Mixed) (G1 Evacuation Pause)
[431.416s][info][gc,task        ] GC(158) Using 6 workers of 6 for evacuation
[431.534s][info][gc,phases      ] GC(158)   Pre Evacuate Collection Set: 0.42ms
[431.535s][info][gc,phases      ] GC(158)   Merge Heap Roots: 0.47ms
[431.535s][info][gc,phases      ] GC(158)   Evacuate Collection Set: 116.68ms
[431.535s][info][gc,phases      ] GC(158)   Post Evacuate Collection Set: 0.96ms
[431.535s][info][gc,phases      ] GC(158)   Other: 0.10ms
[431.535s][info][gc,heap        ] GC(158) Eden regions: 1015->0(1078)
[431.535s][info][gc,heap        ] GC(158) Survivor regions: 109->94(141)
[431.535s][info][gc,heap        ] GC(158) Old regions: 475->517
[431.535s][info][gc,heap        ] GC(158) Humongous regions: 77->77
[431.535s][info][gc,metaspace   ] GC(158) Metaspace: 28841K(29120K)->28841K(29120K) NonClass: 23958K(24064K)->23958K(24064K) Class: 4883K(5056K)->4883K(5056K)
[431.535s][info][gc             ] GC(158) Pause Young (Mixed) (G1 Evacuation Pause) 3349M->1374M(4096M) 118.749ms
[431.535s][info][gc,cpu         ] GC(158) User=0.70s Sys=0.00s Real=0.12s
..........[441.238s][info][gc,start       ] GC(159) Pause Young (Mixed) (G1 Evacuation Pause)
[441.238s][info][gc,task        ] GC(159) Using 6 workers of 6 for evacuation
[441.354s][info][gc,phases      ] GC(159)   Pre Evacuate Collection Set: 0.36ms
[441.354s][info][gc,phases      ] GC(159)   Merge Heap Roots: 0.43ms
[441.354s][info][gc,phases      ] GC(159)   Evacuate Collection Set: 114.34ms
[441.354s][info][gc,phases      ] GC(159)   Post Evacuate Collection Set: 0.92ms
[441.354s][info][gc,phases      ] GC(159)   Other: 0.09ms
[441.354s][info][gc,heap        ] GC(159) Eden regions: 1078->0(1085)
[441.354s][info][gc,heap        ] GC(159) Survivor regions: 94->98(147)
[441.354s][info][gc,heap        ] GC(159) Old regions: 517->529
[441.354s][info][gc,heap        ] GC(159) Humongous regions: 77->77
[441.354s][info][gc,metaspace   ] GC(159) Metaspace: 28844K(29120K)->28844K(29120K) NonClass: 23961K(24064K)->23961K(24064K) Class: 4883K(5056K)->4883K(5056K)
[441.354s][info][gc             ] GC(159) Pause Young (Mixed) (G1 Evacuation Pause) 3530M->1407M(4096M) 116.280ms
[441.354s][info][gc,cpu         ] GC(159) User=0.69s Sys=0.00s Real=0.11s
...........[452.824s][info][gc,start       ] GC(160) Pause Young (Concurrent Start) (G1 Evacuation Pause)
[452.824s][info][gc,task        ] GC(160) Using 6 workers of 6 for evacuation
[452.942s][info][gc,phases      ] GC(160)   Pre Evacuate Collection Set: 0.40ms
[452.942s][info][gc,phases      ] GC(160)   Merge Heap Roots: 0.42ms
[452.942s][info][gc,phases      ] GC(160)   Evacuate Collection Set: 116.11ms
[452.942s][info][gc,phases      ] GC(160)   Post Evacuate Collection Set: 0.98ms
[452.942s][info][gc,phases      ] GC(160)   Other: 0.12ms
[452.942s][info][gc,heap        ] GC(160) Eden regions: 1089->0(1075)
[452.942s][info][gc,heap        ] GC(160) Survivor regions: 98->104(149)
[452.942s][info][gc,heap        ] GC(160) Old regions: 529->562
[452.942s][info][gc,heap        ] GC(160) Humongous regions: 77->77
[452.942s][info][gc,metaspace   ] GC(160) Metaspace: 28844K(29120K)->28844K(29120K) NonClass: 23961K(24064K)->23961K(24064K) Class: 4883K(5056K)->4883K(5056K)
[452.942s][info][gc             ] GC(160) Pause Young (Concurrent Start) (G1 Evacuation Pause) 3585M->1484M(4096M) 118.182ms
[452.942s][info][gc             ] GC(161) Concurrent Mark Cycle
[452.942s][info][gc,marking     ] GC(161) Concurrent Scan Root Regions
[452.942s][info][gc,cpu         ] GC(160) User=0.70s Sys=0.00s Real=0.12s
[453.061s][info][gc,marking     ] GC(161) Concurrent Scan Root Regions 118.902ms
[453.061s][info][gc,marking     ] GC(161) Concurrent Mark
[453.061s][info][gc,marking     ] GC(161) Concurrent Mark From Roots
[453.061s][info][gc,task        ] GC(161) Using 2 workers of 2 for marking
.[453.539s][info][gc,marking     ] GC(161) Concurrent Mark From Roots 477.219ms
[453.539s][info][gc,marking     ] GC(161) Concurrent Preclean
[453.539s][info][gc,marking     ] GC(161) Concurrent Preclean 0.052ms
[453.539s][info][gc,start       ] GC(161) Pause Remark
[453.542s][info][gc             ] GC(161) Pause Remark 1609M->1609M(4096M) 3.087ms
[453.542s][info][gc,cpu         ] GC(161) User=0.02s Sys=0.00s Real=0.00s
[453.542s][info][gc,marking     ] GC(161) Concurrent Mark 480.626ms
[453.542s][info][gc,marking     ] GC(161) Concurrent Rebuild Remembered Sets and Scrub Regions
[453.736s][info][gc,marking     ] GC(161) Concurrent Rebuild Remembered Sets and Scrub Regions 194.208ms
[453.736s][info][gc,start       ] GC(161) Pause Cleanup
[453.737s][info][gc             ] GC(161) Pause Cleanup 1655M->1655M(4096M) 0.160ms
[453.737s][info][gc,cpu         ] GC(161) User=0.00s Sys=0.00s Real=0.00s
[453.737s][info][gc,marking     ] GC(161) Concurrent Clear Claimed Marks
[453.737s][info][gc,marking     ] GC(161) Concurrent Clear Claimed Marks 0.030ms
[453.737s][info][gc,marking     ] GC(161) Concurrent Cleanup for Next Mark
[453.740s][info][gc,marking     ] GC(161) Concurrent Cleanup for Next Mark 3.745ms
[453.740s][info][gc             ] GC(161) Concurrent Mark Cycle 798.028ms
...........[464.874s][info][gc,start       ] GC(162) Pause Young (Prepare Mixed) (G1 Evacuation Pause)
[464.874s][info][gc,task        ] GC(162) Using 6 workers of 6 for evacuation
[464.991s][info][gc,phases      ] GC(162)   Pre Evacuate Collection Set: 0.36ms
[464.991s][info][gc,phases      ] GC(162)   Merge Heap Roots: 0.48ms
[464.991s][info][gc,phases      ] GC(162)   Evacuate Collection Set: 115.02ms
[464.991s][info][gc,phases      ] GC(162)   Post Evacuate Collection Set: 0.99ms
[464.991s][info][gc,phases      ] GC(162)   Other: 0.09ms
[464.991s][info][gc,heap        ] GC(162) Eden regions: 1075->0(1057)
[464.991s][info][gc,heap        ] GC(162) Survivor regions: 104->107(148)
[464.991s][info][gc,heap        ] GC(162) Old regions: 562->597
[464.991s][info][gc,heap        ] GC(162) Humongous regions: 77->77
[464.991s][info][gc,metaspace   ] GC(162) Metaspace: 28852K(29120K)->28852K(29120K) NonClass: 23968K(24064K)->23968K(24064K) Class: 4883K(5056K)->4883K(5056K)
[464.991s][info][gc             ] GC(162) Pause Young (Prepare Mixed) (G1 Evacuation Pause) 3634M->1560M(4096M) 117.088ms
[464.991s][info][gc,cpu         ] GC(162) User=0.69s Sys=0.00s Real=0.12s
.............[477.203s][info][gc,start       ] GC(163) Pause Young (Mixed) (G1 Evacuation Pause)
[477.203s][info][gc,task        ] GC(163) Using 6 workers of 6 for evacuation
[477.341s][info][gc,phases      ] GC(163)   Pre Evacuate Collection Set: 0.45ms
[477.341s][info][gc,phases      ] GC(163)   Merge Heap Roots: 0.52ms
[477.341s][info][gc,phases      ] GC(163)   Evacuate Collection Set: 130.80ms
[477.341s][info][gc,phases      ] GC(163)   Merge Optional Heap Roots: 0.09ms
[477.341s][info][gc,phases      ] GC(163)   Evacuate Optional Collection Set: 4.02ms
[477.341s][info][gc,phases      ] GC(163)   Post Evacuate Collection Set: 1.19ms
[477.341s][info][gc,phases      ] GC(163)   Other: 0.11ms
[477.341s][info][gc,heap        ] GC(163) Eden regions: 1057->0(1121)
[477.341s][info][gc,heap        ] GC(163) Survivor regions: 107->107(146)
[477.341s][info][gc,heap        ] GC(163) Old regions: 597->461
[477.341s][info][gc,heap        ] GC(163) Humongous regions: 77->77
[477.341s][info][gc,metaspace   ] GC(163) Metaspace: 28852K(29120K)->28852K(29120K) NonClass: 23968K(24064K)->23968K(24064K) Class: 4883K(5056K)->4883K(5056K)
[477.341s][info][gc             ] GC(163) Pause Young (Mixed) (G1 Evacuation Pause) 3674M->1289M(4096M) 137.306ms
[477.341s][info][gc,cpu         ] GC(163) User=0.82s Sys=0.00s Real=0.14s
.............[490.557s][info][gc,start       ] GC(164) Pause Young (Concurrent Start) (G1 Evacuation Pause)
[490.558s][info][gc,task        ] GC(164) Using 6 workers of 6 for evacuation
[490.678s][info][gc,phases      ] GC(164)   Pre Evacuate Collection Set: 0.42ms
[490.678s][info][gc,phases      ] GC(164)   Merge Heap Roots: 0.50ms
[490.678s][info][gc,phases      ] GC(164)   Evacuate Collection Set: 118.44ms
[490.678s][info][gc,phases      ] GC(164)   Post Evacuate Collection Set: 0.92ms
[490.678s][info][gc,phases      ] GC(164)   Other: 0.10ms
[490.678s][info][gc,heap        ] GC(164) Eden regions: 1121->0(1120)
[490.678s][info][gc,heap        ] GC(164) Survivor regions: 107->108(154)
[490.678s][info][gc,heap        ] GC(164) Old regions: 461->495
[490.678s][info][gc,heap        ] GC(164) Humongous regions: 77->77
[490.678s][info][gc,metaspace   ] GC(164) Metaspace: 28853K(29184K)->28853K(29184K) NonClass: 23970K(24128K)->23970K(24128K) Class: 4883K(5056K)->4883K(5056K)
[490.678s][info][gc             ] GC(164) Pause Young (Concurrent Start) (G1 Evacuation Pause) 3531M->1358M(4096M) 120.516ms
[490.678s][info][gc             ] GC(165) Concurrent Mark Cycle
[490.678s][info][gc,marking     ] GC(165) Concurrent Scan Root Regions
[490.678s][info][gc,cpu         ] GC(164) User=0.71s Sys=0.00s Real=0.13s
[490.796s][info][gc,marking     ] GC(165) Concurrent Scan Root Regions 117.452ms
[490.796s][info][gc,marking     ] GC(165) Concurrent Mark
[490.796s][info][gc,marking     ] GC(165) Concurrent Mark From Roots
[490.796s][info][gc,task        ] GC(165) Using 2 workers of 2 for marking
.[491.289s][info][gc,marking     ] GC(165) Concurrent Mark From Roots 493.594ms
[491.289s][info][gc,marking     ] GC(165) Concurrent Preclean
[491.289s][info][gc,marking     ] GC(165) Concurrent Preclean 0.048ms
[491.289s][info][gc,start       ] GC(165) Pause Remark
[491.292s][info][gc             ] GC(165) Pause Remark 1489M->1489M(4096M) 2.578ms
[491.292s][info][gc,cpu         ] GC(165) User=0.01s Sys=0.00s Real=0.00s
[491.292s][info][gc,marking     ] GC(165) Concurrent Mark 496.495ms
[491.292s][info][gc,marking     ] GC(165) Concurrent Rebuild Remembered Sets and Scrub Regions
[491.478s][info][gc,marking     ] GC(165) Concurrent Rebuild Remembered Sets and Scrub Regions 186.251ms
[491.478s][info][gc,start       ] GC(165) Pause Cleanup
[491.479s][info][gc             ] GC(165) Pause Cleanup 1514M->1514M(4096M) 0.125ms
[491.479s][info][gc,cpu         ] GC(165) User=0.00s Sys=0.00s Real=0.00s
[491.479s][info][gc,marking     ] GC(165) Concurrent Clear Claimed Marks
[491.479s][info][gc,marking     ] GC(165) Concurrent Clear Claimed Marks 0.029ms
[491.479s][info][gc,marking     ] GC(165) Concurrent Cleanup for Next Mark
[491.482s][info][gc,marking     ] GC(165) Concurrent Cleanup for Next Mark 3.250ms
[491.482s][info][gc             ] GC(165) Concurrent Mark Cycle 803.963ms
............[503.750s][info][gc,start       ] GC(166) Pause Young (Prepare Mixed) (G1 Evacuation Pause)
[503.750s][info][gc,task        ] GC(166) Using 6 workers of 6 for evacuation
[503.870s][info][gc,phases      ] GC(166)   Pre Evacuate Collection Set: 0.35ms
[503.870s][info][gc,phases      ] GC(166)   Merge Heap Roots: 0.51ms
[503.870s][info][gc,phases      ] GC(166)   Evacuate Collection Set: 118.60ms
[503.870s][info][gc,phases      ] GC(166)   Post Evacuate Collection Set: 1.03ms
[503.870s][info][gc,phases      ] GC(166)   Other: 0.10ms
[503.870s][info][gc,heap        ] GC(166) Eden regions: 1120->0(1116)
[503.870s][info][gc,heap        ] GC(166) Survivor regions: 108->112(154)
[503.870s][info][gc,heap        ] GC(166) Old regions: 495->528
[503.870s][info][gc,heap        ] GC(166) Humongous regions: 77->77
[503.870s][info][gc,metaspace   ] GC(166) Metaspace: 28853K(29184K)->28853K(29184K) NonClass: 23970K(24128K)->23970K(24128K) Class: 4883K(5056K)->4883K(5056K)
[503.870s][info][gc             ] GC(166) Pause Young (Prepare Mixed) (G1 Evacuation Pause) 3598M->1432M(4096M) 120.719ms
[503.871s][info][gc,cpu         ] GC(166) User=0.72s Sys=0.00s Real=0.12s
.............[516.987s][info][gc,start       ] GC(167) Pause Young (Mixed) (G1 Evacuation Pause)
[516.987s][info][gc,task        ] GC(167) Using 6 workers of 6 for evacuation
[517.114s][info][gc,phases      ] GC(167)   Pre Evacuate Collection Set: 0.42ms
[517.114s][info][gc,phases      ] GC(167)   Merge Heap Roots: 0.52ms
[517.114s][info][gc,phases      ] GC(167)   Evacuate Collection Set: 124.72ms
[517.114s][info][gc,phases      ] GC(167)   Post Evacuate Collection Set: 0.98ms
[517.114s][info][gc,phases      ] GC(167)   Other: 0.08ms
[517.114s][info][gc,heap        ] GC(167) Eden regions: 1116->0(1119)
[517.114s][info][gc,heap        ] GC(167) Survivor regions: 112->109(154)
[517.114s][info][gc,heap        ] GC(167) Old regions: 528->464
[517.114s][info][gc,heap        ] GC(167) Humongous regions: 77->77
[517.114s][info][gc,metaspace   ] GC(167) Metaspace: 28853K(29184K)->28853K(29184K) NonClass: 23970K(24128K)->23970K(24128K) Class: 4883K(5056K)->4883K(5056K)
[517.114s][info][gc             ] GC(167) Pause Young (Mixed) (G1 Evacuation Pause) 3664M->1298M(4096M) 126.856ms
[517.114s][info][gc,cpu         ] GC(167) User=0.75s Sys=0.00s Real=0.13s
..............[530.430s][info][gc,start       ] GC(168) Pause Young (Concurrent Start) (G1 Evacuation Pause)
[530.430s][info][gc,task        ] GC(168) Using 6 workers of 6 for evacuation
[530.548s][info][gc,phases      ] GC(168)   Pre Evacuate Collection Set: 0.44ms
[530.548s][info][gc,phases      ] GC(168)   Merge Heap Roots: 0.51ms
[530.548s][info][gc,phases      ] GC(168)   Evacuate Collection Set: 115.18ms
[530.548s][info][gc,phases      ] GC(168)   Post Evacuate Collection Set: 0.98ms
[530.548s][info][gc,phases      ] GC(168)   Other: 0.14ms
[530.548s][info][gc,heap        ] GC(168) Eden regions: 1119->0(1120)
[530.548s][info][gc,heap        ] GC(168) Survivor regions: 109->108(154)
[530.548s][info][gc,heap        ] GC(168) Old regions: 464->498
[530.548s][info][gc,heap        ] GC(168) Humongous regions: 77->77
[530.548s][info][gc,metaspace   ] GC(168) Metaspace: 28855K(29184K)->28855K(29184K) NonClass: 23972K(24128K)->23972K(24128K) Class: 4883K(5056K)->4883K(5056K)
[530.548s][info][gc             ] GC(168) Pause Young (Concurrent Start) (G1 Evacuation Pause) 3536M->1364M(4096M) 117.391ms
[530.548s][info][gc             ] GC(169) Concurrent Mark Cycle
[530.548s][info][gc,marking     ] GC(169) Concurrent Scan Root Regions
[530.548s][info][gc,cpu         ] GC(168) User=0.70s Sys=0.00s Real=0.11s
[530.657s][info][gc,marking     ] GC(169) Concurrent Scan Root Regions 109.377ms
[530.657s][info][gc,marking     ] GC(169) Concurrent Mark
[530.657s][info][gc,marking     ] GC(169) Concurrent Mark From Roots
[530.657s][info][gc,task        ] GC(169) Using 2 workers of 2 for marking
.[531.154s][info][gc,marking     ] GC(169) Concurrent Mark From Roots 497.352ms
[531.155s][info][gc,marking     ] GC(169) Concurrent Preclean
[531.155s][info][gc,marking     ] GC(169) Concurrent Preclean 0.045ms
[531.155s][info][gc,start       ] GC(169) Pause Remark
[531.157s][info][gc             ] GC(169) Pause Remark 1489M->1489M(4096M) 2.423ms
[531.157s][info][gc,cpu         ] GC(169) User=0.02s Sys=0.00s Real=0.00s
[531.157s][info][gc,marking     ] GC(169) Concurrent Mark 500.043ms
[531.157s][info][gc,marking     ] GC(169) Concurrent Rebuild Remembered Sets and Scrub Regions
[531.350s][info][gc,marking     ] GC(169) Concurrent Rebuild Remembered Sets and Scrub Regions 192.631ms
[531.350s][info][gc,start       ] GC(169) Pause Cleanup
[531.350s][info][gc             ] GC(169) Pause Cleanup 1524M->1524M(4096M) 0.145ms
[531.350s][info][gc,cpu         ] GC(169) User=0.00s Sys=0.00s Real=0.00s
[531.350s][info][gc,marking     ] GC(169) Concurrent Clear Claimed Marks
[531.350s][info][gc,marking     ] GC(169) Concurrent Clear Claimed Marks 0.030ms
[531.350s][info][gc,marking     ] GC(169) Concurrent Cleanup for Next Mark
[531.354s][info][gc,marking     ] GC(169) Concurrent Cleanup for Next Mark 4.227ms
[531.355s][info][gc             ] GC(169) Concurrent Mark Cycle 806.847ms
............[543.803s][info][gc,start       ] GC(170) Pause Young (Prepare Mixed) (G1 Evacuation Pause)
[543.803s][info][gc,task        ] GC(170) Using 6 workers of 6 for evacuation
[543.920s][info][gc,phases      ] GC(170)   Pre Evacuate Collection Set: 0.37ms
[543.920s][info][gc,phases      ] GC(170)   Merge Heap Roots: 0.56ms
[543.920s][info][gc,phases      ] GC(170)   Evacuate Collection Set: 115.36ms
[543.920s][info][gc,phases      ] GC(170)   Post Evacuate Collection Set: 0.94ms
[543.920s][info][gc,phases      ] GC(170)   Other: 0.08ms
[543.920s][info][gc,heap        ] GC(170) Eden regions: 1120->0(1120)
[543.920s][info][gc,heap        ] GC(170) Survivor regions: 108->108(154)
[543.920s][info][gc,heap        ] GC(170) Old regions: 498->531
[543.920s][info][gc,heap        ] GC(170) Humongous regions: 77->77
[543.920s][info][gc,metaspace   ] GC(170) Metaspace: 28856K(29184K)->28856K(29184K) NonClass: 23973K(24128K)->23973K(24128K) Class: 4883K(5056K)->4883K(5056K)
[543.920s][info][gc             ] GC(170) Pause Young (Prepare Mixed) (G1 Evacuation Pause) 3604M->1430M(4096M) 117.441ms
[543.921s][info][gc,cpu         ] GC(170) User=0.70s Sys=0.00s Real=0.12s
..............[557.298s][info][gc,start       ] GC(171) Pause Young (Mixed) (G1 Evacuation Pause)
[557.298s][info][gc,task        ] GC(171) Using 6 workers of 6 for evacuation
[557.432s][info][gc,phases      ] GC(171)   Pre Evacuate Collection Set: 0.42ms
[557.432s][info][gc,phases      ] GC(171)   Merge Heap Roots: 0.65ms
[557.432s][info][gc,phases      ] GC(171)   Evacuate Collection Set: 132.00ms
[557.432s][info][gc,phases      ] GC(171)   Post Evacuate Collection Set: 0.97ms
[557.432s][info][gc,phases      ] GC(171)   Other: 0.09ms
[557.432s][info][gc,heap        ] GC(171) Eden regions: 1120->0(1119)
[557.432s][info][gc,heap        ] GC(171) Survivor regions: 108->109(154)
[557.432s][info][gc,heap        ] GC(171) Old regions: 531->463
[557.432s][info][gc,heap        ] GC(171) Humongous regions: 77->77
[557.432s][info][gc,metaspace   ] GC(171) Metaspace: 28857K(29184K)->28857K(29184K) NonClass: 23974K(24128K)->23974K(24128K) Class: 4883K(5056K)->4883K(5056K)
[557.432s][info][gc             ] GC(171) Pause Young (Mixed) (G1 Evacuation Pause) 3670M->1297M(4096M) 134.299ms
[557.432s][info][gc,cpu         ] GC(171) User=0.80s Sys=0.00s Real=0.14s
.............[570.970s][info][gc,start       ] GC(172) Pause Young (Concurrent Start) (G1 Evacuation Pause)
[570.970s][info][gc,task        ] GC(172) Using 6 workers of 6 for evacuation
[571.088s][info][gc,phases      ] GC(172)   Pre Evacuate Collection Set: 0.41ms
[571.088s][info][gc,phases      ] GC(172)   Merge Heap Roots: 0.48ms
[571.088s][info][gc,phases      ] GC(172)   Evacuate Collection Set: 116.23ms
[571.088s][info][gc,phases      ] GC(172)   Post Evacuate Collection Set: 0.93ms
[571.088s][info][gc,phases      ] GC(172)   Other: 0.13ms
[571.088s][info][gc,heap        ] GC(172) Eden regions: 1119->0(1119)
[571.088s][info][gc,heap        ] GC(172) Survivor regions: 109->109(154)
[571.088s][info][gc,heap        ] GC(172) Old regions: 463->495
[571.088s][info][gc,heap        ] GC(172) Humongous regions: 77->77
[571.088s][info][gc,metaspace   ] GC(172) Metaspace: 28857K(29184K)->28857K(29184K) NonClass: 23974K(24128K)->23974K(24128K) Class: 4883K(5056K)->4883K(5056K)
[571.088s][info][gc             ] GC(172) Pause Young (Concurrent Start) (G1 Evacuation Pause) 3535M->1361M(4096M) 118.315ms
[571.088s][info][gc             ] GC(173) Concurrent Mark Cycle
[571.088s][info][gc,marking     ] GC(173) Concurrent Scan Root Regions
[571.088s][info][gc,cpu         ] GC(172) User=0.70s Sys=0.00s Real=0.11s
.[571.256s][info][gc,marking     ] GC(173) Concurrent Scan Root Regions 167.570ms
[571.256s][info][gc,marking     ] GC(173) Concurrent Mark
[571.256s][info][gc,marking     ] GC(173) Concurrent Mark From Roots
[571.256s][info][gc,task        ] GC(173) Using 2 workers of 2 for marking
[572.120s][info][gc,marking     ] GC(173) Concurrent Mark From Roots 864.572ms
[572.120s][info][gc,marking     ] GC(173) Concurrent Preclean
[572.120s][info][gc,marking     ] GC(173) Concurrent Preclean 0.046ms
[572.120s][info][gc,start       ] GC(173) Pause Remark
[572.123s][info][gc             ] GC(173) Pause Remark 1560M->1560M(4096M) 2.787ms
[572.123s][info][gc,cpu         ] GC(173) User=0.02s Sys=0.00s Real=0.00s
[572.123s][info][gc,marking     ] GC(173) Concurrent Mark 867.649ms
[572.123s][info][gc,marking     ] GC(173) Concurrent Rebuild Remembered Sets and Scrub Regions
.[572.445s][info][gc,marking     ] GC(173) Concurrent Rebuild Remembered Sets and Scrub Regions 321.464ms
[572.445s][info][gc,start       ] GC(173) Pause Cleanup
[572.445s][info][gc             ] GC(173) Pause Cleanup 1608M->1608M(4096M) 0.129ms
[572.445s][info][gc,cpu         ] GC(173) User=0.00s Sys=0.00s Real=0.00s
[572.445s][info][gc,marking     ] GC(173) Concurrent Clear Claimed Marks
[572.445s][info][gc,marking     ] GC(173) Concurrent Clear Claimed Marks 0.027ms
[572.445s][info][gc,marking     ] GC(173) Concurrent Cleanup for Next Mark
[572.448s][info][gc,marking     ] GC(173) Concurrent Cleanup for Next Mark 3.393ms
[572.449s][info][gc             ] GC(173) Concurrent Mark Cycle 1360.591ms
... (rIR:aIR:PR = 1384:1384:1384) (tPR = 21216) [OK] 
   575s: 
   575s: Building throughput-responsetime curve
   575s: ( 0%)   IR =      0 ...|............................................................ (rIR:aIR:PR = 0:0:0) (tPR = 0) [OK] 
   638s: Performance info:
         Transaction,    Success,    Partial,     Failed,   Receipts, AvgBarcode, 
         Response times:
             Request,    Success,    Partial,     Failed,   SkipFail,     Probes,    Samples,      min,      p50,      p90,      p95,      p99,      max, 

   638s: ( 1%)   IR =    138 ....|............................................................ (rIR:aIR:PR = 138:138:138) (tPR = 2042) [OK] 
   702s: Performance info:
         Transaction,    Success,    Partial,     Failed,   Receipts, AvgBarcode, 
             Overall,       8280,          0,          0,       7858,      59.50, 
         Response times:
             Request,    Success,    Partial,     Failed,   SkipFail,     Probes,    Samples,      min,      p50,      p90,      p95,      p99,      max, 
       TotalPurchase,       7858,          0,          0,          0,       7308,       8368,      300,      400,      500,      600,      800,     1100,
     InStorePurchase,       4145,          0,          0,          0,       3901,       4426,      300,      400,      500,      600,      800,     1100,
      OnlinePurchase,       2894,          0,          0,          0,       2687,       3040,      300,      400,      600,      600,      800,     1000,
        InstPurchase,        819,          0,          0,          0,        720,        902,      400,      500,      600,      700,      900,     1100,
          AssocOfCat,         10,          0,          0,          0,          8,          8,    21000,    22000,    27000,    27000,    27000,    27000,
      AssocOfProduct,         83,          0,          0,          0,         82,         88,      500,      600,      700,      755,     1000,     1000,
      BusinessReport,         23,          0,          0,          0,         20,         22,    22000,    24000,    28700,    30700,    31000,    31000,
          CustBuyBeh,         85,          0,          0,          0,         80,         88,      100,      300,      300,      300,      800,      800,
       ProductReturn,        221,          0,          0,          0,        169,        229,      200,      300,      400,      450,      600,      700,

   702s: ( 2%)   IR =    277 ....|.........[715.785s][info][gc,start       ] GC(174) Pause Young (Prepare Mixed) (G1 Evacuation Pause)
[715.785s][info][gc,task        ] GC(174) Using 6 workers of 6 for evacuation
[715.904s][info][gc,phases      ] GC(174)   Pre Evacuate Collection Set: 0.36ms
[715.904s][info][gc,phases      ] GC(174)   Merge Heap Roots: 0.56ms
[715.904s][info][gc,phases      ] GC(174)   Evacuate Collection Set: 116.05ms
[715.904s][info][gc,phases      ] GC(174)   Post Evacuate Collection Set: 0.96ms
[715.904s][info][gc,phases      ] GC(174)   Other: 0.10ms
[715.904s][info][gc,heap        ] GC(174) Eden regions: 1119->0(1119)
[715.904s][info][gc,heap        ] GC(174) Survivor regions: 109->109(154)
[715.904s][info][gc,heap        ] GC(174) Old regions: 495->528
[715.904s][info][gc,heap        ] GC(174) Humongous regions: 77->77
[715.904s][info][gc,metaspace   ] GC(174) Metaspace: 28861K(29184K)->28861K(29184K) NonClass: 23978K(24128K)->23978K(24128K) Class: 4883K(5056K)->4883K(5056K)
[715.904s][info][gc             ] GC(174) Pause Young (Prepare Mixed) (G1 Evacuation Pause) 3599M->1425M(4096M) 118.155ms
[715.904s][info][gc,cpu         ] GC(174) User=0.70s Sys=0.00s Real=0.12s
................................................... (rIR:aIR:PR = 277:277:277) (tPR = 4228) [OK] 
   766s: Performance info:
         Transaction,    Success,    Partial,     Failed,   Receipts, AvgBarcode, 
             Overall,      16632,          0,          0,      15803,      59.45, 
         Response times:
             Request,    Success,    Partial,     Failed,   SkipFail,     Probes,    Samples,      min,      p50,      p90,      p95,      p99,      max, 
       TotalPurchase,      15803,          0,          0,          0,      14885,      16501,      300,      500,      800,      900,     1000,   121000,
     InStorePurchase,       8309,          0,          0,          0,       7866,       8625,      300,      500,      800,      800,     1000,   121000,
      OnlinePurchase,       5832,          0,          0,          0,       5515,       6121,      300,      500,      800,      800,     1000,   120000,
        InstPurchase,       1662,          0,          0,          0,       1504,       1755,      400,      600,      800,      900,     1100,     1600,
          AssocOfCat,         17,          0,          0,          0,         15,         16,    19300,    22000,    25600,    27000,    27000,    27000,
      AssocOfProduct,        165,          0,          0,          0,        112,        170,      500,      700,      800,      900,     1100,     1100,
      BusinessReport,         42,          0,          0,          0,         38,         44,    18500,    24500,    30500,    32500,    36000,    36000,
          CustBuyBeh,        166,          0,          0,          0,        119,        168,      200,      400,      700,      800,      931,     1000,
       ProductReturn,        439,          0,          0,          0,        366,        490,      200,      400,      700,      800,     1009,     1400,

   766s: ( 3%)   IR =    415 ....|.......[777.372s][info][gc,start       ] GC(175) Pause Young (Mixed) (G1 Evacuation Pause)
[777.372s][info][gc,task        ] GC(175) Using 6 workers of 6 for evacuation
[777.502s][info][gc,phases      ] GC(175)   Pre Evacuate Collection Set: 0.45ms
[777.502s][info][gc,phases      ] GC(175)   Merge Heap Roots: 0.69ms
[777.503s][info][gc,phases      ] GC(175)   Evacuate Collection Set: 128.39ms
[777.503s][info][gc,phases      ] GC(175)   Post Evacuate Collection Set: 1.02ms
[777.503s][info][gc,phases      ] GC(175)   Other: 0.10ms
[777.503s][info][gc,heap        ] GC(175) Eden regions: 1119->0(1121)
[777.503s][info][gc,heap        ] GC(175) Survivor regions: 109->107(154)
[777.503s][info][gc,heap        ] GC(175) Old regions: 528->464
[777.503s][info][gc,heap        ] GC(175) Humongous regions: 77->77
[777.503s][info][gc,metaspace   ] GC(175) Metaspace: 28863K(29184K)->28863K(29184K) NonClass: 23979K(24128K)->23979K(24128K) Class: 4883K(5056K)->4883K(5056K)
[777.503s][info][gc             ] GC(175) Pause Young (Mixed) (G1 Evacuation Pause) 3663M->1294M(4096M) 130.786ms
[777.503s][info][gc,cpu         ] GC(175) User=0.77s Sys=0.00s Real=0.13s
............................................[822.242s][info][gc,start       ] GC(176) Pause Young (Concurrent Start) (G1 Evacuation Pause)
[822.242s][info][gc,task        ] GC(176) Using 6 workers of 6 for evacuation
[822.358s][info][gc,phases      ] GC(176)   Pre Evacuate Collection Set: 0.48ms
[822.358s][info][gc,phases      ] GC(176)   Merge Heap Roots: 0.51ms
[822.358s][info][gc,phases      ] GC(176)   Evacuate Collection Set: 113.41ms
[822.358s][info][gc,phases      ] GC(176)   Post Evacuate Collection Set: 0.95ms
[822.358s][info][gc,phases      ] GC(176)   Other: 0.14ms
[822.358s][info][gc,heap        ] GC(176) Eden regions: 1121->0(1121)
[822.358s][info][gc,heap        ] GC(176) Survivor regions: 107->107(154)
[822.358s][info][gc,heap        ] GC(176) Old regions: 464->497
[822.358s][info][gc,heap        ] GC(176) Humongous regions: 77->77
[822.358s][info][gc,metaspace   ] GC(176) Metaspace: 28866K(29184K)->28866K(29184K) NonClass: 23983K(24128K)->23983K(24128K) Class: 4883K(5056K)->4883K(5056K)
[822.358s][info][gc             ] GC(176) Pause Young (Concurrent Start) (G1 Evacuation Pause) 3536M->1360M(4096M) 115.647ms
[822.358s][info][gc             ] GC(177) Concurrent Mark Cycle
[822.358s][info][gc,marking     ] GC(177) Concurrent Scan Root Regions
[822.358s][info][gc,cpu         ] GC(176) User=0.69s Sys=0.00s Real=0.11s
.[822.518s][info][gc,marking     ] GC(177) Concurrent Scan Root Regions 160.065ms
[822.518s][info][gc,marking     ] GC(177) Concurrent Mark
[822.518s][info][gc,marking     ] GC(177) Concurrent Mark From Roots
[822.518s][info][gc,task        ] GC(177) Using 2 workers of 2 for marking
.[823.379s][info][gc,marking     ] GC(177) Concurrent Mark From Roots 861.544ms
[823.379s][info][gc,marking     ] GC(177) Concurrent Preclean
[823.379s][info][gc,marking     ] GC(177) Concurrent Preclean 0.049ms
[823.380s][info][gc,start       ] GC(177) Pause Remark
[823.382s][info][gc             ] GC(177) Pause Remark 1414M->1414M(4096M) 2.366ms
[823.382s][info][gc,cpu         ] GC(177) User=0.01s Sys=0.00s Real=0.00s
[823.382s][info][gc,marking     ] GC(177) Concurrent Mark 864.205ms
[823.382s][info][gc,marking     ] GC(177) Concurrent Rebuild Remembered Sets and Scrub Regions
[823.704s][info][gc,marking     ] GC(177) Concurrent Rebuild Remembered Sets and Scrub Regions 322.398ms
[823.705s][info][gc,start       ] GC(177) Pause Cleanup
[823.705s][info][gc             ] GC(177) Pause Cleanup 1425M->1425M(4096M) 0.115ms
[823.705s][info][gc,cpu         ] GC(177) User=0.00s Sys=0.00s Real=0.00s
[823.705s][info][gc,marking     ] GC(177) Concurrent Clear Claimed Marks
[823.705s][info][gc,marking     ] GC(177) Concurrent Clear Claimed Marks 0.031ms
[823.705s][info][gc,marking     ] GC(177) Concurrent Cleanup for Next Mark
[823.708s][info][gc,marking     ] GC(177) Concurrent Cleanup for Next Mark 3.404ms
[823.708s][info][gc             ] GC(177) Concurrent Mark Cycle 1350.515ms
....... (rIR:aIR:PR = 415:415:415) (tPR = 6208) [OK] 
   830s: Performance info:
         Transaction,    Success,    Partial,     Failed,   Receipts, AvgBarcode, 
             Overall,      24930,          0,          0,      23682,      59.48, 
         Response times:
             Request,    Success,    Partial,     Failed,   SkipFail,     Probes,    Samples,      min,      p50,      p90,      p95,      p99,      max, 
       TotalPurchase,      23682,          0,          0,          0,      22807,      25262,      300,      600,      900,     1000,     1200,   133000,
     InStorePurchase,      12449,          0,          0,          0,      12138,      13383,      300,      600,      900,     1000,     1300,   133000,
      OnlinePurchase,       8738,          0,          0,          0,       8355,       9237,      300,      600,      900,     1000,     1200,   133000,
        InstPurchase,       2495,          0,          0,          0,       2314,       2642,      400,      600,      900,     1000,     1200,     5100,
          AssocOfCat,         26,          0,          0,          0,         26,         26,    16800,    22000,    24000,    24650,    25000,    25000,
      AssocOfProduct,        252,          0,          0,          0,        196,        267,      400,      700,      900,     1000,     1360,     4000,
      BusinessReport,         62,          0,          0,          0,         62,         65,    18700,    24000,    29000,    30400,    33000,    33000,
          CustBuyBeh,        251,          0,          0,          0,        197,        260,      200,      600,      800,      800,      900,     1100,
       ProductReturn,        657,          0,          0,          0,        524,        638,      200,      500,      700,      800,     1100,     2300,

   830s: ( 4%)   IR =    553 ....|.......................[858.261s][info][gc,start       ] GC(178) Pause Young (Prepare Mixed) (G1 Evacuation Pause)
[858.261s][info][gc,task        ] GC(178) Using 6 workers of 6 for evacuation
[858.377s][info][gc,phases      ] GC(178)   Pre Evacuate Collection Set: 0.37ms
[858.378s][info][gc,phases      ] GC(178)   Merge Heap Roots: 0.57ms
[858.378s][info][gc,phases      ] GC(178)   Evacuate Collection Set: 114.54ms
[858.378s][info][gc,phases      ] GC(178)   Post Evacuate Collection Set: 0.96ms
[858.378s][info][gc,phases      ] GC(178)   Other: 0.10ms
[858.378s][info][gc,heap        ] GC(178) Eden regions: 1121->0(1120)
[858.378s][info][gc,heap        ] GC(178) Survivor regions: 107->108(154)
[858.378s][info][gc,heap        ] GC(178) Old regions: 497->529
[858.378s][info][gc,heap        ] GC(178) Humongous regions: 77->77
[858.378s][info][gc,metaspace   ] GC(178) Metaspace: 28873K(29184K)->28873K(29184K) NonClass: 23990K(24128K)->23990K(24128K) Class: 4883K(5056K)->4883K(5056K)
[858.378s][info][gc             ] GC(178) Pause Young (Prepare Mixed) (G1 Evacuation Pause) 3602M->1426M(4096M) 116.659ms
[858.378s][info][gc,cpu         ] GC(178) User=0.69s Sys=0.00s Real=0.11s
..................................[892.235s][info][gc,start       ] GC(179) Pause Young (Mixed) (G1 Evacuation Pause)
[892.235s][info][gc,task        ] GC(179) Using 6 workers of 6 for evacuation
[892.364s][info][gc,phases      ] GC(179)   Pre Evacuate Collection Set: 0.41ms
[892.364s][info][gc,phases      ] GC(179)   Merge Heap Roots: 0.59ms
[892.364s][info][gc,phases      ] GC(179)   Evacuate Collection Set: 126.55ms
[892.364s][info][gc,phases      ] GC(179)   Post Evacuate Collection Set: 0.99ms
[892.364s][info][gc,phases      ] GC(179)   Other: 0.11ms
[892.364s][info][gc,heap        ] GC(179) Eden regions: 1120->0(1120)
[892.364s][info][gc,heap        ] GC(179) Survivor regions: 108->108(154)
[892.364s][info][gc,heap        ] GC(179) Old regions: 529->464
[892.364s][info][gc,heap        ] GC(179) Humongous regions: 77->77
[892.364s][info][gc,metaspace   ] GC(179) Metaspace: 28873K(29184K)->28873K(29184K) NonClass: 23990K(24128K)->23990K(24128K) Class: 4883K(5056K)->4883K(5056K)
[892.364s][info][gc             ] GC(179) Pause Young (Mixed) (G1 Evacuation Pause) 3666M->1295M(4096M) 128.787ms
[892.364s][info][gc,cpu         ] GC(179) User=0.76s Sys=0.01s Real=0.13s
... (rIR:aIR:PR = 553:553:553) (tPR = 8273) [OK] 
   894s: Performance info:
         Transaction,    Success,    Partial,     Failed,   Receipts, AvgBarcode, 
             Overall,      33205,          0,          0,      31551,      59.45, 
         Response times:
             Request,    Success,    Partial,     Failed,   SkipFail,     Probes,    Samples,      min,      p50,      p90,      p95,      p99,      max, 
       TotalPurchase,      31551,          0,          0,          0,      30229,      33055,      300,      800,     1100,     1200,     1500,   131000,
     InStorePurchase,      16600,          0,          0,          0,      16031,      17391,      300,      700,     1100,     1200,     1400,   118000,
      OnlinePurchase,      11625,          0,          0,          0,      11123,      12162,      300,      800,     1100,     1200,     1500,   131000,
        InstPurchase,       3326,          0,          0,          0,       3075,       3502,      400,      800,     1200,     1300,     1697,   131000,
          AssocOfCat,         33,          0,          0,          0,         29,         34,    17100,    23000,    25000,    26000,    26000,    26000,
      AssocOfProduct,        328,          0,          0,          0,        244,        337,      400,      900,     1100,     1200,     1400,     1800,
      BusinessReport,         85,          0,          0,          0,         84,         88,    18700,    25000,    30100,    32000,    39000,    39000,
          CustBuyBeh,        332,          0,          0,          0,        270,        369,      300,      800,     1100,     1200,     1520,     4300,
       ProductReturn,        876,          0,          0,          0,        768,        934,      200,      600,     1000,     1100,     1300,     4800,

   894s: ( 5%)   IR =    692 ....|.....................[920.046s][info][gc,start       ] GC(180) Pause Young (Concurrent Start) (G1 Evacuation Pause)
[920.046s][info][gc,task        ] GC(180) Using 6 workers of 6 for evacuation
[920.164s][info][gc,phases      ] GC(180)   Pre Evacuate Collection Set: 0.41ms
[920.164s][info][gc,phases      ] GC(180)   Merge Heap Roots: 0.49ms
[920.164s][info][gc,phases      ] GC(180)   Evacuate Collection Set: 116.34ms
[920.164s][info][gc,phases      ] GC(180)   Post Evacuate Collection Set: 0.97ms
[920.164s][info][gc,phases      ] GC(180)   Other: 0.11ms
[920.164s][info][gc,heap        ] GC(180) Eden regions: 1120->0(1118)
[920.164s][info][gc,heap        ] GC(180) Survivor regions: 108->110(154)
[920.164s][info][gc,heap        ] GC(180) Old regions: 464->497
[920.164s][info][gc,heap        ] GC(180) Humongous regions: 77->77
[920.164s][info][gc,metaspace   ] GC(180) Metaspace: 28888K(29184K)->28888K(29184K) NonClass: 24005K(24128K)->24005K(24128K) Class: 4883K(5056K)->4883K(5056K)
[920.164s][info][gc             ] GC(180) Pause Young (Concurrent Start) (G1 Evacuation Pause) 3535M->1366M(4096M) 118.447ms
[920.165s][info][gc             ] GC(181) Concurrent Mark Cycle
[920.165s][info][gc,marking     ] GC(181) Concurrent Scan Root Regions
[920.165s][info][gc,cpu         ] GC(180) User=0.70s Sys=0.00s Real=0.12s
[920.275s][info][gc,marking     ] GC(181) Concurrent Scan Root Regions 110.938ms
[920.276s][info][gc,marking     ] GC(181) Concurrent Mark
[920.276s][info][gc,marking     ] GC(181) Concurrent Mark From Roots
[920.276s][info][gc,task        ] GC(181) Using 2 workers of 2 for marking
.[920.784s][info][gc,marking     ] GC(181) Concurrent Mark From Roots 508.813ms
[920.784s][info][gc,marking     ] GC(181) Concurrent Preclean
[920.784s][info][gc,marking     ] GC(181) Concurrent Preclean 0.056ms
[920.785s][info][gc,start       ] GC(181) Pause Remark
[920.787s][info][gc             ] GC(181) Pause Remark 1435M->1435M(4096M) 2.216ms
[920.787s][info][gc,cpu         ] GC(181) User=0.01s Sys=0.00s Real=0.00s
[920.787s][info][gc,marking     ] GC(181) Concurrent Mark 511.336ms
[920.787s][info][gc,marking     ] GC(181) Concurrent Rebuild Remembered Sets and Scrub Regions
[920.980s][info][gc,marking     ] GC(181) Concurrent Rebuild Remembered Sets and Scrub Regions 192.700ms
[920.980s][info][gc,start       ] GC(181) Pause Cleanup
[920.980s][info][gc             ] GC(181) Pause Cleanup 1445M->1445M(4096M) 0.119ms
[920.980s][info][gc,cpu         ] GC(181) User=0.00s Sys=0.00s Real=0.00s
[920.980s][info][gc,marking     ] GC(181) Concurrent Clear Claimed Marks
[920.980s][info][gc,marking     ] GC(181) Concurrent Clear Claimed Marks 0.027ms
[920.980s][info][gc,marking     ] GC(181) Concurrent Cleanup for Next Mark
[920.983s][info][gc,marking     ] GC(181) Concurrent Cleanup for Next Mark 3.245ms
[920.983s][info][gc             ] GC(181) Concurrent Mark Cycle 818.706ms
...........................[947.449s][info][gc,start       ] GC(182) Pause Young (Prepare Mixed) (G1 Evacuation Pause)
[947.449s][info][gc,task        ] GC(182) Using 6 workers of 6 for evacuation
[947.569s][info][gc,phases      ] GC(182)   Pre Evacuate Collection Set: 0.37ms
[947.569s][info][gc,phases      ] GC(182)   Merge Heap Roots: 0.58ms
[947.569s][info][gc,phases      ] GC(182)   Evacuate Collection Set: 117.24ms
[947.569s][info][gc,phases      ] GC(182)   Post Evacuate Collection Set: 1.06ms
[947.569s][info][gc,phases      ] GC(182)   Other: 0.09ms
[947.569s][info][gc,heap        ] GC(182) Eden regions: 1118->0(1118)
[947.569s][info][gc,heap        ] GC(182) Survivor regions: 110->110(154)
[947.569s][info][gc,heap        ] GC(182) Old regions: 497->528
[947.569s][info][gc,heap        ] GC(182) Humongous regions: 77->77
[947.569s][info][gc,metaspace   ] GC(182) Metaspace: 28892K(29184K)->28892K(29184K) NonClass: 24009K(24128K)->24009K(24128K) Class: 4883K(5056K)->4883K(5056K)
[947.569s][info][gc             ] GC(182) Pause Young (Prepare Mixed) (G1 Evacuation Pause) 3602M->1429M(4096M) 119.474ms
[947.569s][info][gc,cpu         ] GC(182) User=0.71s Sys=0.00s Real=0.12s
........... (rIR:aIR:PR = 692:692:692) (tPR = 10247) [OK] 
   958s: Performance info:
         Transaction,    Success,    Partial,     Failed,   Receipts, AvgBarcode, 
             Overall,      41539,          0,          0,      39457,      59.49, 
         Response times:
             Request,    Success,    Partial,     Failed,   SkipFail,     Probes,    Samples,      min,      p50,      p90,      p95,      p99,      max, 
       TotalPurchase,      39457,          0,          0,          0,      37913,      41290,      300,      900,     1300,     1400,     1700,    11900,
     InStorePurchase,      20749,          0,          0,          0,      20007,      21665,      300,      900,     1300,     1400,     1700,    11900,
      OnlinePurchase,      14554,          0,          0,          0,      13993,      15174,      300,      900,     1300,     1400,     1700,    11900,
        InstPurchase,       4154,          0,          0,          0,       3913,       4451,      400,      900,     1200,     1400,     1648,    11900,
          AssocOfCat,         42,          0,          0,          0,         36,         44,    17700,    22000,    25500,    32250,    35000,    35000,
      AssocOfProduct,        416,          0,          0,          0,        333,        409,      400,     1000,     1500,     1700,     2090,    11900,
      BusinessReport,        105,          0,          0,          0,         99,        109,    19200,    25000,    30000,    33000,   153100,   154000,
          CustBuyBeh,        415,          0,          0,          0,        328,        418,      200,      500,      900,     1000,     1300,     4800,
       ProductReturn,       1104,          0,          0,          0,        971,       1127,      200,      600,     1000,     1100,     1500,     7400,

   958s: ( 6%)   IR =    830 ....|.........[972.231s][info][gc,start       ] GC(183) Pause Young (Mixed) (G1 Evacuation Pause)
[972.231s][info][gc,task        ] GC(183) Using 6 workers of 6 for evacuation
[972.364s][info][gc,phases      ] GC(183)   Pre Evacuate Collection Set: 0.41ms
[972.364s][info][gc,phases      ] GC(183)   Merge Heap Roots: 0.64ms
[972.364s][info][gc,phases      ] GC(183)   Evacuate Collection Set: 129.96ms
[972.364s][info][gc,phases      ] GC(183)   Post Evacuate Collection Set: 1.02ms
[972.364s][info][gc,phases      ] GC(183)   Other: 0.10ms
[972.364s][info][gc,heap        ] GC(183) Eden regions: 1118->0(1119)
[972.364s][info][gc,heap        ] GC(183) Survivor regions: 110->109(154)
[972.364s][info][gc,heap        ] GC(183) Old regions: 528->464
[972.364s][info][gc,heap        ] GC(183) Humongous regions: 77->77
[972.364s][info][gc,metaspace   ] GC(183) Metaspace: 28895K(29184K)->28895K(29184K) NonClass: 24012K(24128K)->24012K(24128K) Class: 4883K(5056K)->4883K(5056K)
[972.364s][info][gc             ] GC(183) Pause Young (Mixed) (G1 Evacuation Pause) 3665M->1299M(4096M) 132.260ms
[972.364s][info][gc,cpu         ] GC(183) User=0.79s Sys=0.00s Real=0.13s
.......................[995.222s][info][gc,start       ] GC(184) Pause Young (Concurrent Start) (G1 Evacuation Pause)
[995.222s][info][gc,task        ] GC(184) Using 6 workers of 6 for evacuation
[995.341s][info][gc,phases      ] GC(184)   Pre Evacuate Collection Set: 0.41ms
[995.341s][info][gc,phases      ] GC(184)   Merge Heap Roots: 0.51ms
[995.341s][info][gc,phases      ] GC(184)   Evacuate Collection Set: 116.33ms
[995.341s][info][gc,phases      ] GC(184)   Post Evacuate Collection Set: 0.93ms
[995.341s][info][gc,phases      ] GC(184)   Other: 0.11ms
[995.341s][info][gc,heap        ] GC(184) Eden regions: 1119->0(1119)
[995.341s][info][gc,heap        ] GC(184) Survivor regions: 109->109(154)
[995.341s][info][gc,heap        ] GC(184) Old regions: 464->497
[995.341s][info][gc,heap        ] GC(184) Humongous regions: 77->77
[995.341s][info][gc,metaspace   ] GC(184) Metaspace: 28895K(29184K)->28895K(29184K) NonClass: 24012K(24128K)->24012K(24128K) Class: 4883K(5056K)->4883K(5056K)
[995.341s][info][gc             ] GC(184) Pause Young (Concurrent Start) (G1 Evacuation Pause) 3537M->1365M(4096M) 118.405ms
[995.341s][info][gc             ] GC(185) Concurrent Mark Cycle
[995.341s][info][gc,marking     ] GC(185) Concurrent Scan Root Regions
[995.341s][info][gc,cpu         ] GC(184) User=0.70s Sys=0.00s Real=0.12s
[995.460s][info][gc,marking     ] GC(185) Concurrent Scan Root Regions 119.079ms
[995.460s][info][gc,marking     ] GC(185) Concurrent Mark
[995.460s][info][gc,marking     ] GC(185) Concurrent Mark From Roots
[995.460s][info][gc,task        ] GC(185) Using 2 workers of 2 for marking
.[995.956s][info][gc,marking     ] GC(185) Concurrent Mark From Roots 496.543ms
[995.956s][info][gc,marking     ] GC(185) Concurrent Preclean
[995.957s][info][gc,marking     ] GC(185) Concurrent Preclean 0.061ms
[995.957s][info][gc,start       ] GC(185) Pause Remark
[995.959s][info][gc             ] GC(185) Pause Remark 1441M->1441M(4096M) 2.230ms
[995.959s][info][gc,cpu         ] GC(185) User=0.01s Sys=0.00s Real=0.01s
[995.959s][info][gc,marking     ] GC(185) Concurrent Mark 499.097ms
[995.959s][info][gc,marking     ] GC(185) Concurrent Rebuild Remembered Sets and Scrub Regions
[996.153s][info][gc,marking     ] GC(185) Concurrent Rebuild Remembered Sets and Scrub Regions 194.188ms
[996.153s][info][gc,start       ] GC(185) Pause Cleanup
[996.153s][info][gc             ] GC(185) Pause Cleanup 1456M->1456M(4096M) 0.144ms
[996.154s][info][gc,cpu         ] GC(185) User=0.00s Sys=0.00s Real=0.00s
[996.154s][info][gc,marking     ] GC(185) Concurrent Clear Claimed Marks
[996.154s][info][gc,marking     ] GC(185) Concurrent Clear Claimed Marks 0.028ms
[996.154s][info][gc,marking     ] GC(185) Concurrent Cleanup for Next Mark
[996.157s][info][gc,marking     ] GC(185) Concurrent Cleanup for Next Mark 3.177ms
[996.157s][info][gc             ] GC(185) Concurrent Mark Cycle 816.071ms
......................[1018.254s][info][gc,start       ] GC(186) Pause Young (Prepare Mixed) (G1 Evacuation Pause)
[1018.254s][info][gc,task        ] GC(186) Using 6 workers of 6 for evacuation
[1018.375s][info][gc,phases      ] GC(186)   Pre Evacuate Collection Set: 0.35ms
[1018.375s][info][gc,phases      ] GC(186)   Merge Heap Roots: 0.52ms
[1018.375s][info][gc,phases      ] GC(186)   Evacuate Collection Set: 119.35ms
[1018.375s][info][gc,phases      ] GC(186)   Post Evacuate Collection Set: 0.97ms
[1018.375s][info][gc,phases      ] GC(186)   Other: 0.09ms
[1018.375s][info][gc,heap        ] GC(186) Eden regions: 1119->0(1117)
[1018.375s][info][gc,heap        ] GC(186) Survivor regions: 109->111(154)
[1018.375s][info][gc,heap        ] GC(186) Old regions: 497->529
[1018.375s][info][gc,heap        ] GC(186) Humongous regions: 77->77
[1018.375s][info][gc,metaspace   ] GC(186) Metaspace: 28895K(29184K)->28895K(29184K) NonClass: 24012K(24128K)->24012K(24128K) Class: 4883K(5056K)->4883K(5056K)
[1018.375s][info][gc             ] GC(186) Pause Young (Prepare Mixed) (G1 Evacuation Pause) 3603M->1433M(4096M) 121.406ms
[1018.375s][info][gc,cpu         ] GC(186) User=0.72s Sys=0.00s Real=0.12s
..... (rIR:aIR:PR = 830:829:829) (tPR = 12212) [OK] 
  1022s: Performance info:
         Transaction,    Success,    Partial,     Failed,   Receipts, AvgBarcode, 
             Overall,      49793,          0,          0,      47295,      59.49, 
         Response times:
             Request,    Success,    Partial,     Failed,   SkipFail,     Probes,    Samples,      min,      p50,      p90,      p95,      p99,      max, 
       TotalPurchase,      47295,          0,          0,          0,      45362,      49458,      300,     1000,     1400,     1600,     2000,   135000,
     InStorePurchase,      24920,          0,          0,          0,      24067,      26137,      300,     1000,     1400,     1600,     2100,   135000,
      OnlinePurchase,      17399,          0,          0,          0,      16632,      18065,      300,     1000,     1500,     1600,     2100,   135000,
        InstPurchase,       4976,          0,          0,          0,       4663,       5256,      400,      900,     1300,     1500,     1900,    19100,
          AssocOfCat,         52,          0,          0,          0,         49,         52,    17300,    23000,    27000,    29050,   164000,   164000,
      AssocOfProduct,        495,          0,          0,          0,        415,        526,      500,      900,     1300,     1465,     2419,     3900,
      BusinessReport,        126,          0,          0,          0,         92,        137,    18700,    26000,    32000,    34000,   172080,   185000,
          CustBuyBeh,        499,          0,          0,          0,        414,        511,      200,      800,     1200,     1400,     3000,     8500,
       ProductReturn,       1326,          0,          0,          0,       1156,       1372,      200,      500,     1100,     1200,     1527,     5800,

  1022s: ( 7%)   IR =    969 ......|..........[1038.820s][info][gc,start       ] GC(187) Pause Young (Mixed) (G1 Evacuation Pause)
[1038.820s][info][gc,task        ] GC(187) Using 6 workers of 6 for evacuation
[1038.951s][info][gc,phases      ] GC(187)   Pre Evacuate Collection Set: 0.43ms
[1038.951s][info][gc,phases      ] GC(187)   Merge Heap Roots: 0.65ms
[1038.951s][info][gc,phases      ] GC(187)   Evacuate Collection Set: 129.34ms
[1038.951s][info][gc,phases      ] GC(187)   Post Evacuate Collection Set: 1.00ms
[1038.952s][info][gc,phases      ] GC(187)   Other: 0.09ms
[1038.952s][info][gc,heap        ] GC(187) Eden regions: 1117->0(1119)
[1038.952s][info][gc,heap        ] GC(187) Survivor regions: 111->109(154)
[1038.952s][info][gc,heap        ] GC(187) Old regions: 529->465
[1038.952s][info][gc,heap        ] GC(187) Humongous regions: 77->77
[1038.952s][info][gc,metaspace   ] GC(187) Metaspace: 28896K(29184K)->28896K(29184K) NonClass: 24013K(24128K)->24013K(24128K) Class: 4883K(5056K)->4883K(5056K)
[1038.952s][info][gc             ] GC(187) Pause Young (Mixed) (G1 Evacuation Pause) 3667M->1301M(4096M) 131.648ms
[1038.952s][info][gc,cpu         ] GC(187) User=0.77s Sys=0.00s Real=0.13s
....................[1058.533s][info][gc,start       ] GC(188) Pause Young (Concurrent Start) (G1 Evacuation Pause)
[1058.533s][info][gc,task        ] GC(188) Using 6 workers of 6 for evacuation
[1058.650s][info][gc,phases      ] GC(188)   Pre Evacuate Collection Set: 0.45ms
[1058.650s][info][gc,phases      ] GC(188)   Merge Heap Roots: 0.48ms
[1058.650s][info][gc,phases      ] GC(188)   Evacuate Collection Set: 114.55ms
[1058.650s][info][gc,phases      ] GC(188)   Post Evacuate Collection Set: 0.91ms
[1058.650s][info][gc,phases      ] GC(188)   Other: 0.13ms
[1058.650s][info][gc,heap        ] GC(188) Eden regions: 1119->0(1119)
[1058.650s][info][gc,heap        ] GC(188) Survivor regions: 109->109(154)
[1058.650s][info][gc,heap        ] GC(188) Old regions: 465->497
[1058.650s][info][gc,heap        ] GC(188) Humongous regions: 77->77
[1058.650s][info][gc,metaspace   ] GC(188) Metaspace: 28896K(29184K)->28896K(29184K) NonClass: 24013K(24128K)->24013K(24128K) Class: 4883K(5056K)->4883K(5056K)
[1058.650s][info][gc             ] GC(188) Pause Young (Concurrent Start) (G1 Evacuation Pause) 3539M->1365M(4096M) 116.646ms
[1058.650s][info][gc             ] GC(189) Concurrent Mark Cycle
[1058.650s][info][gc,marking     ] GC(189) Concurrent Scan Root Regions
[1058.650s][info][gc,cpu         ] GC(188) User=0.69s Sys=0.00s Real=0.12s
[1058.770s][info][gc,marking     ] GC(189) Concurrent Scan Root Regions 120.159ms
[1058.770s][info][gc,marking     ] GC(189) Concurrent Mark
[1058.770s][info][gc,marking     ] GC(189) Concurrent Mark From Roots
[1058.770s][info][gc,task        ] GC(189) Using 2 workers of 2 for marking
[1059.286s][info][gc,marking     ] GC(189) Concurrent Mark From Roots 515.671ms
[1059.286s][info][gc,marking     ] GC(189) Concurrent Preclean
[1059.286s][info][gc,marking     ] GC(189) Concurrent Preclean 0.070ms
[1059.286s][info][gc,start       ] GC(189) Pause Remark
[1059.289s][info][gc             ] GC(189) Pause Remark 1491M->1491M(4096M) 2.459ms
[1059.289s][info][gc,cpu         ] GC(189) User=0.01s Sys=0.00s Real=0.01s
[1059.289s][info][gc,marking     ] GC(189) Concurrent Mark 518.490ms
[1059.289s][info][gc,marking     ] GC(189) Concurrent Rebuild Remembered Sets and Scrub Regions
[1059.499s][info][gc,marking     ] GC(189) Concurrent Rebuild Remembered Sets and Scrub Regions 210.155ms
[1059.499s][info][gc,start       ] GC(189) Pause Cleanup
[1059.499s][info][gc             ] GC(189) Pause Cleanup 1521M->1521M(4096M) 0.122ms
[1059.499s][info][gc,cpu         ] GC(189) User=0.00s Sys=0.00s Real=0.00s
[1059.499s][info][gc,marking     ] GC(189) Concurrent Clear Claimed Marks
[1059.499s][info][gc,marking     ] GC(189) Concurrent Clear Claimed Marks 0.030ms
[1059.499s][info][gc,marking     ] GC(189) Concurrent Cleanup for Next Mark
[1059.503s][info][gc,marking     ] GC(189) Concurrent Cleanup for Next Mark 3.275ms
[1059.503s][info][gc             ] GC(189) Concurrent Mark Cycle 852.568ms
...................[1078.009s][info][gc,start       ] GC(190) Pause Young (Prepare Mixed) (G1 Evacuation Pause)
[1078.010s][info][gc,task        ] GC(190) Using 6 workers of 6 for evacuation
[1078.138s][info][gc,phases      ] GC(190)   Pre Evacuate Collection Set: 0.40ms
[1078.138s][info][gc,phases      ] GC(190)   Merge Heap Roots: 0.57ms
[1078.138s][info][gc,phases      ] GC(190)   Evacuate Collection Set: 126.53ms
[1078.138s][info][gc,phases      ] GC(190)   Post Evacuate Collection Set: 1.03ms
[1078.138s][info][gc,phases      ] GC(190)   Other: 0.12ms
[1078.138s][info][gc,heap        ] GC(190) Eden regions: 1119->0(1119)
[1078.138s][info][gc,heap        ] GC(190) Survivor regions: 109->109(154)
[1078.138s][info][gc,heap        ] GC(190) Old regions: 497->530
[1078.138s][info][gc,heap        ] GC(190) Humongous regions: 77->77
[1078.138s][info][gc,metaspace   ] GC(190) Metaspace: 28896K(29184K)->28896K(29184K) NonClass: 24013K(24128K)->24013K(24128K) Class: 4883K(5056K)->4883K(5056K)
[1078.138s][info][gc             ] GC(190) Pause Young (Prepare Mixed) (G1 Evacuation Pause) 3603M->1430M(4096M) 128.826ms
[1078.138s][info][gc,cpu         ] GC(190) User=0.76s Sys=0.00s Real=0.13s
........... (rIR:aIR:PR = 969:969:969) (tPR = 14548) [OK] 
  1088s: Performance info:
         Transaction,    Success,    Partial,     Failed,   Receipts, AvgBarcode, 
             Overall,      58192,          0,          0,      55287,      59.47, 
         Response times:
             Request,    Success,    Partial,     Failed,   SkipFail,     Probes,    Samples,      min,      p50,      p90,      p95,      p99,      max, 
       TotalPurchase,      55287,          0,          0,          0,      53524,      59987,      300,     1100,     1600,     1800,     2600,   135000,
     InStorePurchase,      29079,          0,          0,          0,      28349,      31718,      300,     1100,     1600,     1800,     2500,   134000,
      OnlinePurchase,      20376,          0,          0,          0,      19613,      21857,      300,     1100,     1600,     1800,     2600,   134000,
        InstPurchase,       5832,          0,          0,          0,       5562,       6412,      400,     1200,     1700,     1800,     2800,   135000,
          AssocOfCat,         59,          0,          0,          0,         59,         63,    17400,    23000,    26600,    35600,   157000,   157000,
      AssocOfProduct,        577,          0,          0,          0,        467,        610,      500,     1300,     1800,     1900,     7750,   119000,
      BusinessReport,        144,          0,          0,          0,        102,        149,    19600,    26000,    34000,    39000,    71000,    75000,
          CustBuyBeh,        585,          0,          0,          0,        487,        598,      200,      800,     1300,     1400,     1800,     3500,
       ProductReturn,       1539,          0,          0,          0,       1377,       1700,      200,      600,     1100,     1300,     2000,    10300,

  1088s: ( 8%)   IR =   1107 ....|....[1096.756s][info][gc,start       ] GC(191) Pause Young (Mixed) (G1 Evacuation Pause)
[1096.756s][info][gc,task        ] GC(191) Using 6 workers of 6 for evacuation
[1096.889s][info][gc,phases      ] GC(191)   Pre Evacuate Collection Set: 0.44ms
[1096.889s][info][gc,phases      ] GC(191)   Merge Heap Roots: 0.77ms
[1096.889s][info][gc,phases      ] GC(191)   Evacuate Collection Set: 131.14ms
[1096.889s][info][gc,phases      ] GC(191)   Post Evacuate Collection Set: 0.99ms
[1096.889s][info][gc,phases      ] GC(191)   Other: 0.10ms
[1096.889s][info][gc,heap        ] GC(191) Eden regions: 1119->0(1119)
[1096.889s][info][gc,heap        ] GC(191) Survivor regions: 109->109(154)
[1096.889s][info][gc,heap        ] GC(191) Old regions: 530->467
[1096.889s][info][gc,heap        ] GC(191) Humongous regions: 77->77
[1096.889s][info][gc,metaspace   ] GC(191) Metaspace: 28897K(29184K)->28897K(29184K) NonClass: 24014K(24128K)->24014K(24128K) Class: 4883K(5056K)->4883K(5056K)
[1096.889s][info][gc             ] GC(191) Pause Young (Mixed) (G1 Evacuation Pause) 3668M->1303M(4096M) 133.581ms
[1096.889s][info][gc,cpu         ] GC(191) User=0.79s Sys=0.00s Real=0.14s
.................[1114.038s][info][gc,start       ] GC(192) Pause Young (Concurrent Start) (G1 Evacuation Pause)
[1114.038s][info][gc,task        ] GC(192) Using 6 workers of 6 for evacuation
[1114.157s][info][gc,phases      ] GC(192)   Pre Evacuate Collection Set: 0.38ms
[1114.157s][info][gc,phases      ] GC(192)   Merge Heap Roots: 0.46ms
[1114.157s][info][gc,phases      ] GC(192)   Evacuate Collection Set: 116.47ms
[1114.157s][info][gc,phases      ] GC(192)   Post Evacuate Collection Set: 0.92ms
[1114.157s][info][gc,phases      ] GC(192)   Other: 0.13ms
[1114.157s][info][gc,heap        ] GC(192) Eden regions: 1119->0(1118)
[1114.157s][info][gc,heap        ] GC(192) Survivor regions: 109->110(154)
[1114.157s][info][gc,heap        ] GC(192) Old regions: 467->499
[1114.157s][info][gc,heap        ] GC(192) Humongous regions: 77->77
[1114.157s][info][gc,metaspace   ] GC(192) Metaspace: 28897K(29184K)->28897K(29184K) NonClass: 24014K(24128K)->24014K(24128K) Class: 4883K(5056K)->4883K(5056K)
[1114.157s][info][gc             ] GC(192) Pause Young (Concurrent Start) (G1 Evacuation Pause) 3541M->1369M(4096M) 118.495ms
[1114.157s][info][gc             ] GC(193) Concurrent Mark Cycle
[1114.157s][info][gc,marking     ] GC(193) Concurrent Scan Root Regions
[1114.157s][info][gc,cpu         ] GC(192) User=0.70s Sys=0.01s Real=0.11s
[1114.267s][info][gc,marking     ] GC(193) Concurrent Scan Root Regions 109.976ms
[1114.267s][info][gc,marking     ] GC(193) Concurrent Mark
[1114.267s][info][gc,marking     ] GC(193) Concurrent Mark From Roots
[1114.267s][info][gc,task        ] GC(193) Using 2 workers of 2 for marking
.[1114.782s][info][gc,marking     ] GC(193) Concurrent Mark From Roots 515.019ms
[1114.782s][info][gc,marking     ] GC(193) Concurrent Preclean
[1114.782s][info][gc,marking     ] GC(193) Concurrent Preclean 0.059ms
[1114.782s][info][gc,start       ] GC(193) Pause Remark
[1114.785s][info][gc             ] GC(193) Pause Remark 1474M->1474M(4096M) 2.332ms
[1114.785s][info][gc,cpu         ] GC(193) User=0.01s Sys=0.00s Real=0.00s
[1114.785s][info][gc,marking     ] GC(193) Concurrent Mark 517.670ms
[1114.785s][info][gc,marking     ] GC(193) Concurrent Rebuild Remembered Sets and Scrub Regions
[1114.980s][info][gc,marking     ] GC(193) Concurrent Rebuild Remembered Sets and Scrub Regions 195.839ms
[1114.981s][info][gc,start       ] GC(193) Pause Cleanup
[1114.981s][info][gc             ] GC(193) Pause Cleanup 1503M->1503M(4096M) 0.123ms
[1114.981s][info][gc,cpu         ] GC(193) User=0.00s Sys=0.00s Real=0.00s
[1114.981s][info][gc,marking     ] GC(193) Concurrent Clear Claimed Marks
[1114.981s][info][gc,marking     ] GC(193) Concurrent Clear Claimed Marks 0.032ms
[1114.981s][info][gc,marking     ] GC(193) Concurrent Cleanup for Next Mark
[1114.985s][info][gc,marking     ] GC(193) Concurrent Cleanup for Next Mark 3.823ms
[1114.985s][info][gc             ] GC(193) Concurrent Mark Cycle 828.204ms
................[1131.228s][info][gc,start       ] GC(194) Pause Young (Prepare Mixed) (G1 Evacuation Pause)
[1131.228s][info][gc,task        ] GC(194) Using 6 workers of 6 for evacuation
[1131.349s][info][gc,phases      ] GC(194)   Pre Evacuate Collection Set: 0.34ms
[1131.349s][info][gc,phases      ] GC(194)   Merge Heap Roots: 0.54ms
[1131.349s][info][gc,phases      ] GC(194)   Evacuate Collection Set: 118.47ms
[1131.349s][info][gc,phases      ] GC(194)   Post Evacuate Collection Set: 0.95ms
[1131.349s][info][gc,phases      ] GC(194)   Other: 0.10ms
[1131.349s][info][gc,heap        ] GC(194) Eden regions: 1118->0(1116)
[1131.349s][info][gc,heap        ] GC(194) Survivor regions: 110->110(154)
[1131.349s][info][gc,heap        ] GC(194) Old regions: 499->532
[1131.349s][info][gc,heap        ] GC(194) Humongous regions: 77->77
[1131.349s][info][gc,metaspace   ] GC(194) Metaspace: 28897K(29184K)->28897K(29184K) NonClass: 24014K(24128K)->24014K(24128K) Class: 4883K(5056K)->4883K(5056K)
[1131.349s][info][gc             ] GC(194) Pause Young (Prepare Mixed) (G1 Evacuation Pause) 3605M->1436M(4096M) 120.527ms
[1131.349s][info][gc,cpu         ] GC(194) User=0.71s Sys=0.00s Real=0.12s
.................[1148.460s][info][gc,start       ] GC(195) Pause Young (Mixed) (G1 Evacuation Pause)
[1148.460s][info][gc,task        ] GC(195) Using 6 workers of 6 for evacuation
[1148.589s][info][gc,phases      ] GC(195)   Pre Evacuate Collection Set: 0.46ms
[1148.589s][info][gc,phases      ] GC(195)   Merge Heap Roots: 0.69ms
[1148.589s][info][gc,phases      ] GC(195)   Evacuate Collection Set: 127.52ms
[1148.589s][info][gc,phases      ] GC(195)   Post Evacuate Collection Set: 1.03ms
[1148.590s][info][gc,phases      ] GC(195)   Other: 0.10ms
[1148.590s][info][gc,heap        ] GC(195) Eden regions: 1116->0(1119)
[1148.590s][info][gc,heap        ] GC(195) Survivor regions: 110->109(154)
[1148.590s][info][gc,heap        ] GC(195) Old regions: 532->466
[1148.590s][info][gc,heap        ] GC(195) Humongous regions: 77->77
[1148.590s][info][gc,metaspace   ] GC(195) Metaspace: 28897K(29184K)->28897K(29184K) NonClass: 24014K(24128K)->24014K(24128K) Class: 4883K(5056K)->4883K(5056K)
[1148.590s][info][gc             ] GC(195) Pause Young (Mixed) (G1 Evacuation Pause) 3668M->1302M(4096M) 129.938ms
[1148.590s][info][gc,cpu         ] GC(195) User=0.76s Sys=0.00s Real=0.13s
..... (rIR:aIR:PR = 1107:1108:1108) (tPR = 16398) [OK] 
  1152s: Performance info:
         Transaction,    Success,    Partial,     Failed,   Receipts, AvgBarcode, 
             Overall,      66527,          0,          0,      63203,      59.48, 
         Response times:
             Request,    Success,    Partial,     Failed,   SkipFail,     Probes,    Samples,      min,      p50,      p90,      p95,      p99,      max, 
       TotalPurchase,      63203,          0,          0,          0,      61283,      66615,      300,     1200,     1800,     1900,     2800,   137000,
     InStorePurchase,      33265,          0,          0,          0,      32366,      34982,      300,     1100,     1700,     1900,     2800,   137000,
      OnlinePurchase,      23278,          0,          0,          0,      22643,      24663,      300,     1200,     1800,     2000,     2800,   137000,
        InstPurchase,       6660,          0,          0,          0,       6274,       6970,      400,     1300,     1900,     2100,     3429,   137000,
          AssocOfCat,         66,          0,          0,          0,         62,         69,    17500,    24000,    27000,    28500,   152000,   152000,
      AssocOfProduct,        664,          0,          0,          0,        565,        718,      500,     1800,     2200,     2305,     8986,   123000,
      BusinessReport,        169,          0,          0,          0,        117,        161,    19200,    26000,    32800,    37000,   127300,   149000,
          CustBuyBeh,        665,          0,          0,          0,        550,        689,      300,     1300,     1900,     2050,     6240,    17700,
       ProductReturn,       1760,          0,          0,          0,       1627,       1937,      200,     1000,     1600,     1800,     3110,   132000,

  1152s: ( 9%)   IR =   1245 .....|......[1164.256s][info][gc,start       ] GC(196) Pause Young (Concurrent Start) (G1 Evacuation Pause)
[1164.256s][info][gc,task        ] GC(196) Using 6 workers of 6 for evacuation
[1164.374s][info][gc,phases      ] GC(196)   Pre Evacuate Collection Set: 0.43ms
[1164.374s][info][gc,phases      ] GC(196)   Merge Heap Roots: 0.45ms
[1164.374s][info][gc,phases      ] GC(196)   Evacuate Collection Set: 116.26ms
[1164.374s][info][gc,phases      ] GC(196)   Post Evacuate Collection Set: 0.90ms
[1164.374s][info][gc,phases      ] GC(196)   Other: 0.12ms
[1164.374s][info][gc,heap        ] GC(196) Eden regions: 1119->0(1117)
[1164.374s][info][gc,heap        ] GC(196) Survivor regions: 109->111(154)
[1164.374s][info][gc,heap        ] GC(196) Old regions: 466->497
[1164.374s][info][gc,heap        ] GC(196) Humongous regions: 77->77
[1164.374s][info][gc,metaspace   ] GC(196) Metaspace: 28900K(29248K)->28900K(29248K) NonClass: 24017K(24192K)->24017K(24192K) Class: 4883K(5056K)->4883K(5056K)
[1164.374s][info][gc             ] GC(196) Pause Young (Concurrent Start) (G1 Evacuation Pause) 3540M->1369M(4096M) 118.291ms
[1164.374s][info][gc             ] GC(197) Concurrent Mark Cycle
[1164.374s][info][gc,marking     ] GC(197) Concurrent Scan Root Regions
[1164.374s][info][gc,cpu         ] GC(196) User=0.69s Sys=0.00s Real=0.12s
[1164.493s][info][gc,marking     ] GC(197) Concurrent Scan Root Regions 119.574ms
[1164.494s][info][gc,marking     ] GC(197) Concurrent Mark
[1164.494s][info][gc,marking     ] GC(197) Concurrent Mark From Roots
[1164.494s][info][gc,task        ] GC(197) Using 2 workers of 2 for marking
.[1165.014s][info][gc,marking     ] GC(197) Concurrent Mark From Roots 520.623ms
[1165.014s][info][gc,marking     ] GC(197) Concurrent Preclean
[1165.014s][info][gc,marking     ] GC(197) Concurrent Preclean 0.082ms
[1165.014s][info][gc,start       ] GC(197) Pause Remark
[1165.017s][info][gc             ] GC(197) Pause Remark 1491M->1491M(4096M) 2.273ms
[1165.017s][info][gc,cpu         ] GC(197) User=0.01s Sys=0.00s Real=0.00s
[1165.017s][info][gc,marking     ] GC(197) Concurrent Mark 523.317ms
[1165.017s][info][gc,marking     ] GC(197) Concurrent Rebuild Remembered Sets and Scrub Regions
[1165.214s][info][gc,marking     ] GC(197) Concurrent Rebuild Remembered Sets and Scrub Regions 197.461ms
[1165.215s][info][gc,start       ] GC(197) Pause Cleanup
[1165.215s][info][gc             ] GC(197) Pause Cleanup 1521M->1521M(4096M) 0.131ms
[1165.215s][info][gc,cpu         ] GC(197) User=0.00s Sys=0.00s Real=0.00s
[1165.215s][info][gc,marking     ] GC(197) Concurrent Clear Claimed Marks
[1165.215s][info][gc,marking     ] GC(197) Concurrent Clear Claimed Marks 0.031ms
[1165.215s][info][gc,marking     ] GC(197) Concurrent Cleanup for Next Mark
[1165.218s][info][gc,marking     ] GC(197) Concurrent Cleanup for Next Mark 3.273ms
[1165.218s][info][gc             ] GC(197) Concurrent Mark Cycle 844.250ms
..............[1179.532s][info][gc,start       ] GC(198) Pause Young (Prepare Mixed) (G1 Evacuation Pause)
[1179.532s][info][gc,task        ] GC(198) Using 6 workers of 6 for evacuation
[1179.650s][info][gc,phases      ] GC(198)   Pre Evacuate Collection Set: 0.39ms
[1179.650s][info][gc,phases      ] GC(198)   Merge Heap Roots: 0.58ms
[1179.650s][info][gc,phases      ] GC(198)   Evacuate Collection Set: 115.41ms
[1179.650s][info][gc,phases      ] GC(198)   Post Evacuate Collection Set: 1.00ms
[1179.650s][info][gc,phases      ] GC(198)   Other: 0.08ms
[1179.650s][info][gc,heap        ] GC(198) Eden regions: 1117->0(1119)
[1179.650s][info][gc,heap        ] GC(198) Survivor regions: 111->109(154)
[1179.650s][info][gc,heap        ] GC(198) Old regions: 497->529
[1179.650s][info][gc,heap        ] GC(198) Humongous regions: 77->77
[1179.650s][info][gc,metaspace   ] GC(198) Metaspace: 28900K(29248K)->28900K(29248K) NonClass: 24017K(24192K)->24017K(24192K) Class: 4883K(5056K)->4883K(5056K)
[1179.650s][info][gc             ] GC(198) Pause Young (Prepare Mixed) (G1 Evacuation Pause) 3603M->1427M(4096M) 117.600ms
[1179.650s][info][gc,cpu         ] GC(198) User=0.70s Sys=0.00s Real=0.12s
................[1194.914s][info][gc,start       ] GC(199) Pause Young (Mixed) (G1 Evacuation Pause)
[1194.914s][info][gc,task        ] GC(199) Using 6 workers of 6 for evacuation
[1195.043s][info][gc,phases      ] GC(199)   Pre Evacuate Collection Set: 0.40ms
[1195.043s][info][gc,phases      ] GC(199)   Merge Heap Roots: 0.62ms
[1195.043s][info][gc,phases      ] GC(199)   Evacuate Collection Set: 126.93ms
[1195.043s][info][gc,phases      ] GC(199)   Post Evacuate Collection Set: 0.98ms
[1195.043s][info][gc,phases      ] GC(199)   Other: 0.09ms
[1195.043s][info][gc,heap        ] GC(199) Eden regions: 1119->0(1119)
[1195.043s][info][gc,heap        ] GC(199) Survivor regions: 109->109(154)
[1195.043s][info][gc,heap        ] GC(199) Old regions: 529->465
[1195.043s][info][gc,heap        ] GC(199) Humongous regions: 77->77
[1195.043s][info][gc,metaspace   ] GC(199) Metaspace: 28900K(29248K)->28900K(29248K) NonClass: 24017K(24192K)->24017K(24192K) Class: 4883K(5056K)->4883K(5056K)
[1195.044s][info][gc             ] GC(199) Pause Young (Mixed) (G1 Evacuation Pause) 3665M->1299M(4096M) 129.150ms
[1195.044s][info][gc,cpu         ] GC(199) User=0.76s Sys=0.00s Real=0.13s
...............[1210.187s][info][gc,start       ] GC(200) Pause Young (Concurrent Start) (G1 Evacuation Pause)
[1210.187s][info][gc,task        ] GC(200) Using 6 workers of 6 for evacuation
[1210.304s][info][gc,phases      ] GC(200)   Pre Evacuate Collection Set: 0.45ms
[1210.304s][info][gc,phases      ] GC(200)   Merge Heap Roots: 0.54ms
[1210.304s][info][gc,phases      ] GC(200)   Evacuate Collection Set: 114.56ms
[1210.304s][info][gc,phases      ] GC(200)   Post Evacuate Collection Set: 0.93ms
[1210.304s][info][gc,phases      ] GC(200)   Other: 0.14ms
[1210.304s][info][gc,heap        ] GC(200) Eden regions: 1119->0(1119)
[1210.304s][info][gc,heap        ] GC(200) Survivor regions: 109->109(154)
[1210.304s][info][gc,heap        ] GC(200) Old regions: 465->497
[1210.304s][info][gc,heap        ] GC(200) Humongous regions: 77->77
[1210.304s][info][gc,metaspace   ] GC(200) Metaspace: 28900K(29248K)->28900K(29248K) NonClass: 24017K(24192K)->24017K(24192K) Class: 4883K(5056K)->4883K(5056K)
[1210.304s][info][gc             ] GC(200) Pause Young (Concurrent Start) (G1 Evacuation Pause) 3537M->1364M(4096M) 116.761ms
[1210.304s][info][gc             ] GC(201) Concurrent Mark Cycle
[1210.304s][info][gc,marking     ] GC(201) Concurrent Scan Root Regions
[1210.304s][info][gc,cpu         ] GC(200) User=0.69s Sys=0.00s Real=0.12s
[1210.425s][info][gc,marking     ] GC(201) Concurrent Scan Root Regions 120.955ms
[1210.425s][info][gc,marking     ] GC(201) Concurrent Mark
[1210.425s][info][gc,marking     ] GC(201) Concurrent Mark From Roots
[1210.425s][info][gc,task        ] GC(201) Using 2 workers of 2 for marking
.[1210.950s][info][gc,marking     ] GC(201) Concurrent Mark From Roots 525.043ms
[1210.950s][info][gc,marking     ] GC(201) Concurrent Preclean
[1210.950s][info][gc,marking     ] GC(201) Concurrent Preclean 0.047ms
[1210.950s][info][gc,start       ] GC(201) Pause Remark
[1210.952s][info][gc             ] GC(201) Pause Remark 1472M->1472M(4096M) 2.301ms
[1210.953s][info][gc,cpu         ] GC(201) User=0.01s Sys=0.00s Real=0.00s
[1210.953s][info][gc,marking     ] GC(201) Concurrent Mark 527.657ms
[1210.953s][info][gc,marking     ] GC(201) Concurrent Rebuild Remembered Sets and Scrub Regions
[1211.170s][info][gc,marking     ] GC(201) Concurrent Rebuild Remembered Sets and Scrub Regions 217.782ms
[1211.170s][info][gc,start       ] GC(201) Pause Cleanup
[1211.171s][info][gc             ] GC(201) Pause Cleanup 1517M->1517M(4096M) 0.113ms
[1211.171s][info][gc,cpu         ] GC(201) User=0.00s Sys=0.00s Real=0.00s
[1211.171s][info][gc,marking     ] GC(201) Concurrent Clear Claimed Marks
[1211.171s][info][gc,marking     ] GC(201) Concurrent Clear Claimed Marks 0.025ms
[1211.171s][info][gc,marking     ] GC(201) Concurrent Cleanup for Next Mark
[1211.174s][info][gc,marking     ] GC(201) Concurrent Cleanup for Next Mark 3.231ms
[1211.174s][info][gc             ] GC(201) Concurrent Mark Cycle 870.063ms
....... (rIR:aIR:PR = 1245:1245:1245) (tPR = 18611) [OK] 
  1217s: Performance info:
         Transaction,    Success,    Partial,     Failed,   Receipts, AvgBarcode, 
             Overall,      74757,          0,          0,      71018,      59.46, 
         Response times:
             Request,    Success,    Partial,     Failed,   SkipFail,     Probes,    Samples,      min,      p50,      p90,      p95,      p99,      max, 
       TotalPurchase,      71018,          0,          0,          0,      68835,      75719,      300,     1300,     1900,     2100,     3200,   134000,
     InStorePurchase,      37346,          0,          0,          0,      36281,      39773,      300,     1400,     1900,     2100,     3300,   134000,
      OnlinePurchase,      26185,          0,          0,          0,      25468,      27979,      300,     1300,     1900,     2100,     3200,   134000,
        InstPurchase,       7487,          0,          0,          0,       7086,       7967,      400,     1200,     1900,     2100,     2800,   123000,
          AssocOfCat,         74,          0,          0,          0,         74,         80,    18000,    24000,    26900,    28000,    56000,    56000,
      AssocOfProduct,        747,          0,          0,          0,        659,        814,      400,     1100,     1600,     1800,     2670,    11400,
      BusinessReport,        187,          0,          0,          0,        138,        215,    19300,    26000,    31400,    34200,    45000,    51000,
          CustBuyBeh,        747,          0,          0,          0,        651,        791,      300,     1400,     2000,     2200,     3308,    32000,
       ProductReturn,       1984,          0,          0,          0,       1814,       2169,      400,     1500,     2000,     2200,     3800,   132000,

  1217s: (10%)   IR =   1384 ....|...[1224.765s][info][gc,start       ] GC(202) Pause Young (Prepare Mixed) (G1 Evacuation Pause)
[1224.765s][info][gc,task        ] GC(202) Using 6 workers of 6 for evacuation
[1224.881s][info][gc,phases      ] GC(202)   Pre Evacuate Collection Set: 0.36ms
[1224.881s][info][gc,phases      ] GC(202)   Merge Heap Roots: 0.51ms
[1224.881s][info][gc,phases      ] GC(202)   Evacuate Collection Set: 114.27ms
[1224.881s][info][gc,phases      ] GC(202)   Post Evacuate Collection Set: 0.98ms
[1224.881s][info][gc,phases      ] GC(202)   Other: 0.08ms
[1224.881s][info][gc,heap        ] GC(202) Eden regions: 1119->0(1120)
[1224.881s][info][gc,heap        ] GC(202) Survivor regions: 109->108(154)
[1224.881s][info][gc,heap        ] GC(202) Old regions: 497->529
[1224.881s][info][gc,heap        ] GC(202) Humongous regions: 77->77
[1224.881s][info][gc,metaspace   ] GC(202) Metaspace: 28900K(29248K)->28900K(29248K) NonClass: 24017K(24192K)->24017K(24192K) Class: 4883K(5056K)->4883K(5056K)
[1224.881s][info][gc             ] GC(202) Pause Young (Prepare Mixed) (G1 Evacuation Pause) 3602M->1426M(4096M) 116.374ms
[1224.881s][info][gc,cpu         ] GC(202) User=0.69s Sys=0.00s Real=0.12s
.............[1238.519s][info][gc,start       ] GC(203) Pause Young (Mixed) (G1 Evacuation Pause)
[1238.519s][info][gc,task        ] GC(203) Using 6 workers of 6 for evacuation
[1238.648s][info][gc,phases      ] GC(203)   Pre Evacuate Collection Set: 0.41ms
[1238.648s][info][gc,phases      ] GC(203)   Merge Heap Roots: 0.62ms
[1238.648s][info][gc,phases      ] GC(203)   Evacuate Collection Set: 126.20ms
[1238.648s][info][gc,phases      ] GC(203)   Post Evacuate Collection Set: 0.97ms
[1238.648s][info][gc,phases      ] GC(203)   Other: 0.10ms
[1238.648s][info][gc,heap        ] GC(203) Eden regions: 1120->0(1118)
[1238.648s][info][gc,heap        ] GC(203) Survivor regions: 108->110(154)
[1238.648s][info][gc,heap        ] GC(203) Old regions: 529->466
[1238.648s][info][gc,heap        ] GC(203) Humongous regions: 77->77
[1238.648s][info][gc,metaspace   ] GC(203) Metaspace: 28900K(29248K)->28900K(29248K) NonClass: 24017K(24192K)->24017K(24192K) Class: 4883K(5056K)->4883K(5056K)
[1238.648s][info][gc             ] GC(203) Pause Young (Mixed) (G1 Evacuation Pause) 3666M->1304M(4096M) 128.430ms
[1238.648s][info][gc,cpu         ] GC(203) User=0.76s Sys=0.00s Real=0.12s
..............[1252.266s][info][gc,start       ] GC(204) Pause Young (Concurrent Start) (G1 Evacuation Pause)
[1252.266s][info][gc,task        ] GC(204) Using 6 workers of 6 for evacuation
[1252.381s][info][gc,phases      ] GC(204)   Pre Evacuate Collection Set: 0.40ms
[1252.381s][info][gc,phases      ] GC(204)   Merge Heap Roots: 0.46ms
[1252.381s][info][gc,phases      ] GC(204)   Evacuate Collection Set: 112.97ms
[1252.381s][info][gc,phases      ] GC(204)   Post Evacuate Collection Set: 0.90ms
[1252.381s][info][gc,phases      ] GC(204)   Other: 0.11ms
[1252.381s][info][gc,heap        ] GC(204) Eden regions: 1118->0(1120)
[1252.381s][info][gc,heap        ] GC(204) Survivor regions: 110->108(154)
[1252.381s][info][gc,heap        ] GC(204) Old regions: 466->498
[1252.381s][info][gc,heap        ] GC(204) Humongous regions: 77->77
[1252.381s][info][gc,metaspace   ] GC(204) Metaspace: 28901K(29248K)->28901K(29248K) NonClass: 24018K(24192K)->24018K(24192K) Class: 4883K(5056K)->4883K(5056K)
[1252.381s][info][gc             ] GC(204) Pause Young (Concurrent Start) (G1 Evacuation Pause) 3540M->1365M(4096M) 114.961ms
[1252.381s][info][gc             ] GC(205) Concurrent Mark Cycle
[1252.381s][info][gc,cpu         ] GC(204) User=0.68s Sys=0.01s Real=0.12s
[1252.381s][info][gc,marking     ] GC(205) Concurrent Scan Root Regions
[1252.517s][info][gc,marking     ] GC(205) Concurrent Scan Root Regions 136.580ms
[1252.517s][info][gc,marking     ] GC(205) Concurrent Mark
[1252.517s][info][gc,marking     ] GC(205) Concurrent Mark From Roots
[1252.517s][info][gc,task        ] GC(205) Using 2 workers of 2 for marking
.[1253.052s][info][gc,marking     ] GC(205) Concurrent Mark From Roots 535.067ms
[1253.053s][info][gc,marking     ] GC(205) Concurrent Preclean
[1253.053s][info][gc,marking     ] GC(205) Concurrent Preclean 0.050ms
[1253.053s][info][gc,start       ] GC(205) Pause Remark
[1253.055s][info][gc             ] GC(205) Pause Remark 1508M->1508M(4096M) 2.489ms
[1253.055s][info][gc,cpu         ] GC(205) User=0.01s Sys=0.00s Real=0.00s
[1253.055s][info][gc,marking     ] GC(205) Concurrent Mark 537.838ms
[1253.055s][info][gc,marking     ] GC(205) Concurrent Rebuild Remembered Sets and Scrub Regions
[1253.260s][info][gc,marking     ] GC(205) Concurrent Rebuild Remembered Sets and Scrub Regions 204.468ms
[1253.260s][info][gc,start       ] GC(205) Pause Cleanup
[1253.260s][info][gc             ] GC(205) Pause Cleanup 1536M->1536M(4096M) 0.114ms
[1253.260s][info][gc,cpu         ] GC(205) User=0.00s Sys=0.00s Real=0.00s
[1253.260s][info][gc,marking     ] GC(205) Concurrent Clear Claimed Marks
[1253.260s][info][gc,marking     ] GC(205) Concurrent Clear Claimed Marks 0.025ms
[1253.260s][info][gc,marking     ] GC(205) Concurrent Cleanup for Next Mark
[1253.263s][info][gc,marking     ] GC(205) Concurrent Cleanup for Next Mark 3.216ms
[1253.263s][info][gc             ] GC(205) Concurrent Mark Cycle 882.566ms
.............[1266.138s][info][gc,start       ] GC(206) Pause Young (Prepare Mixed) (G1 Evacuation Pause)
[1266.138s][info][gc,task        ] GC(206) Using 6 workers of 6 for evacuation
[1266.256s][info][gc,phases      ] GC(206)   Pre Evacuate Collection Set: 0.36ms
[1266.256s][info][gc,phases      ] GC(206)   Merge Heap Roots: 0.54ms
[1266.256s][info][gc,phases      ] GC(206)   Evacuate Collection Set: 116.30ms
[1266.256s][info][gc,phases      ] GC(206)   Post Evacuate Collection Set: 0.94ms
[1266.256s][info][gc,phases      ] GC(206)   Other: 0.08ms
[1266.256s][info][gc,heap        ] GC(206) Eden regions: 1120->0(1119)
[1266.256s][info][gc,heap        ] GC(206) Survivor regions: 108->109(154)
[1266.256s][info][gc,heap        ] GC(206) Old regions: 498->530
[1266.256s][info][gc,heap        ] GC(206) Humongous regions: 77->77
[1266.256s][info][gc,metaspace   ] GC(206) Metaspace: 28902K(29248K)->28902K(29248K) NonClass: 24019K(24192K)->24019K(24192K) Class: 4883K(5056K)->4883K(5056K)
[1266.256s][info][gc             ] GC(206) Pause Young (Prepare Mixed) (G1 Evacuation Pause) 3605M->1431M(4096M) 118.336ms
[1266.257s][info][gc,cpu         ] GC(206) User=0.70s Sys=0.00s Real=0.11s
..............[1279.894s][info][gc,start       ] GC(207) Pause Young (Mixed) (G1 Evacuation Pause)
[1279.894s][info][gc,task        ] GC(207) Using 6 workers of 6 for evacuation
[1280.022s][info][gc,phases      ] GC(207)   Pre Evacuate Collection Set: 0.44ms
[1280.022s][info][gc,phases      ] GC(207)   Merge Heap Roots: 0.69ms
[1280.022s][info][gc,phases      ] GC(207)   Evacuate Collection Set: 126.52ms
[1280.022s][info][gc,phases      ] GC(207)   Post Evacuate Collection Set: 1.03ms
[1280.022s][info][gc,phases      ] GC(207)   Other: 0.10ms
[1280.022s][info][gc,heap        ] GC(207) Eden regions: 1119->0(1119)
[1280.022s][info][gc,heap        ] GC(207) Survivor regions: 109->109(154)
[1280.022s][info][gc,heap        ] GC(207) Old regions: 530->466
[1280.022s][info][gc,heap        ] GC(207) Humongous regions: 77->77
[1280.022s][info][gc,metaspace   ] GC(207) Metaspace: 28902K(29248K)->28902K(29248K) NonClass: 24019K(24192K)->24019K(24192K) Class: 4883K(5056K)->4883K(5056K)
[1280.022s][info][gc             ] GC(207) Pause Young (Mixed) (G1 Evacuation Pause) 3669M->1302M(4096M) 128.915ms
[1280.023s][info][gc,cpu         ] GC(207) User=0.76s Sys=0.00s Real=0.13s
.. (rIR:aIR:PR = 1384:1384:1384) (tPR = 20530) [OK] 
  1281s: Performance info:
         Transaction,    Success,    Partial,     Failed,   Receipts, AvgBarcode, 
             Overall,      83104,          0,          0,      78955,      59.48, 
         Response times:
             Request,    Success,    Partial,     Failed,   SkipFail,     Probes,    Samples,      min,      p50,      p90,      p95,      p99,      max, 
       TotalPurchase,      78955,          0,          0,          0,      76514,      82882,      300,     1400,     2100,     2300,     3317,   132000,
     InStorePurchase,      41614,          0,          0,          0,      40472,      43587,      300,     1300,     2000,     2200,     3300,   132000,
      OnlinePurchase,      29047,          0,          0,          0,      28159,      30600,      300,     1500,     2100,     2300,     3799,   131000,
        InstPurchase,       8294,          0,          0,          0,       7883,       8695,      400,     1500,     2100,     2300,     3200,   131000,
          AssocOfCat,         83,          0,          0,          0,         76,         87,    17300,    24000,    30000,    32000,    34000,    34000,
      AssocOfProduct,        832,          0,          0,          0,        718,        887,      900,     1700,     2200,     2400,     6472,     9600,
      BusinessReport,        211,          0,          0,          0,        159,        234,    19300,    27000,    33000,    36000,    63250,    65000,
          CustBuyBeh,        829,          0,          0,          0,        659,        809,      200,     1400,     2100,     2300,     5680,   119000,
       ProductReturn,       2194,          0,          0,          0,       2027,       2357,      200,     1300,     2000,     2200,     3000,   131000,

  1281s: (11%)   IR =   1522 ......|....[1292.516s][info][gc,start       ] GC(208) Pause Young (Concurrent Start) (G1 Evacuation Pause)
[1292.516s][info][gc,task        ] GC(208) Using 6 workers of 6 for evacuation
[1292.632s][info][gc,phases      ] GC(208)   Pre Evacuate Collection Set: 0.44ms
[1292.632s][info][gc,phases      ] GC(208)   Merge Heap Roots: 0.48ms
[1292.632s][info][gc,phases      ] GC(208)   Evacuate Collection Set: 114.37ms
[1292.632s][info][gc,phases      ] GC(208)   Post Evacuate Collection Set: 0.94ms
[1292.632s][info][gc,phases      ] GC(208)   Other: 0.11ms
[1292.632s][info][gc,heap        ] GC(208) Eden regions: 1119->0(1120)
[1292.632s][info][gc,heap        ] GC(208) Survivor regions: 109->108(154)
[1292.632s][info][gc,heap        ] GC(208) Old regions: 466->500
[1292.632s][info][gc,heap        ] GC(208) Humongous regions: 77->77
[1292.632s][info][gc,metaspace   ] GC(208) Metaspace: 28902K(29248K)->28902K(29248K) NonClass: 24019K(24192K)->24019K(24192K) Class: 4883K(5056K)->4883K(5056K)
[1292.632s][info][gc             ] GC(208) Pause Young (Concurrent Start) (G1 Evacuation Pause) 3540M->1367M(4096M) 116.463ms
[1292.632s][info][gc             ] GC(209) Concurrent Mark Cycle
[1292.632s][info][gc,marking     ] GC(209) Concurrent Scan Root Regions
[1292.632s][info][gc,cpu         ] GC(208) User=0.69s Sys=0.00s Real=0.12s
.[1292.749s][info][gc,marking     ] GC(209) Concurrent Scan Root Regions 116.622ms
[1292.749s][info][gc,marking     ] GC(209) Concurrent Mark
[1292.749s][info][gc,marking     ] GC(209) Concurrent Mark From Roots
[1292.749s][info][gc,task        ] GC(209) Using 2 workers of 2 for marking
[1293.286s][info][gc,marking     ] GC(209) Concurrent Mark From Roots 536.933ms
[1293.286s][info][gc,marking     ] GC(209) Concurrent Preclean
[1293.286s][info][gc,marking     ] GC(209) Concurrent Preclean 0.051ms
[1293.286s][info][gc,start       ] GC(209) Pause Remark
[1293.289s][info][gc             ] GC(209) Pause Remark 1497M->1497M(4096M) 2.497ms
[1293.289s][info][gc,cpu         ] GC(209) User=0.02s Sys=0.00s Real=0.01s
[1293.289s][info][gc,marking     ] GC(209) Concurrent Mark 539.770ms
[1293.289s][info][gc,marking     ] GC(209) Concurrent Rebuild Remembered Sets and Scrub Regions
[1293.626s][info][gc,marking     ] GC(209) Concurrent Rebuild Remembered Sets and Scrub Regions 337.320ms
[1293.626s][info][gc,start       ] GC(209) Pause Cleanup
[1293.626s][info][gc             ] GC(209) Pause Cleanup 1566M->1566M(4096M) 0.119ms
[1293.626s][info][gc,cpu         ] GC(209) User=0.00s Sys=0.00s Real=0.00s
[1293.627s][info][gc,marking     ] GC(209) Concurrent Clear Claimed Marks
[1293.627s][info][gc,marking     ] GC(209) Concurrent Clear Claimed Marks 0.026ms
[1293.627s][info][gc,marking     ] GC(209) Concurrent Cleanup for Next Mark
[1293.630s][info][gc,marking     ] GC(209) Concurrent Cleanup for Next Mark 3.468ms
[1293.630s][info][gc             ] GC(209) Concurrent Mark Cycle 997.677ms
............[1305.104s][info][gc,start       ] GC(210) Pause Young (Prepare Mixed) (G1 Evacuation Pause)
[1305.105s][info][gc,task        ] GC(210) Using 6 workers of 6 for evacuation
[1305.221s][info][gc,phases      ] GC(210)   Pre Evacuate Collection Set: 0.41ms
[1305.221s][info][gc,phases      ] GC(210)   Merge Heap Roots: 0.52ms
[1305.221s][info][gc,phases      ] GC(210)   Evacuate Collection Set: 114.20ms
[1305.221s][info][gc,phases      ] GC(210)   Post Evacuate Collection Set: 0.98ms
[1305.221s][info][gc,phases      ] GC(210)   Other: 0.09ms
[1305.221s][info][gc,heap        ] GC(210) Eden regions: 1120->0(1118)
[1305.221s][info][gc,heap        ] GC(210) Survivor regions: 108->109(154)
[1305.221s][info][gc,heap        ] GC(210) Old regions: 500->532
[1305.221s][info][gc,heap        ] GC(210) Humongous regions: 77->77
[1305.221s][info][gc,metaspace   ] GC(210) Metaspace: 28904K(29248K)->28904K(29248K) NonClass: 24021K(24192K)->24021K(24192K) Class: 4883K(5056K)->4883K(5056K)
[1305.221s][info][gc             ] GC(210) Pause Young (Prepare Mixed) (G1 Evacuation Pause) 3607M->1433M(4096M) 116.329ms
[1305.221s][info][gc,cpu         ] GC(210) User=0.68s Sys=0.00s Real=0.12s
............[1317.655s][info][gc,start       ] GC(211) Pause Young (Mixed) (G1 Evacuation Pause)
[1317.655s][info][gc,task        ] GC(211) Using 6 workers of 6 for evacuation
[1317.786s][info][gc,phases      ] GC(211)   Pre Evacuate Collection Set: 0.41ms
[1317.786s][info][gc,phases      ] GC(211)   Merge Heap Roots: 0.65ms
[1317.786s][info][gc,phases      ] GC(211)   Evacuate Collection Set: 129.11ms
[1317.786s][info][gc,phases      ] GC(211)   Post Evacuate Collection Set: 0.96ms
[1317.786s][info][gc,phases      ] GC(211)   Other: 0.08ms
[1317.786s][info][gc,heap        ] GC(211) Eden regions: 1118->0(1119)
[1317.786s][info][gc,heap        ] GC(211) Survivor regions: 109->109(154)
[1317.786s][info][gc,heap        ] GC(211) Old regions: 532->469
[1317.786s][info][gc,heap        ] GC(211) Humongous regions: 77->77
[1317.786s][info][gc,metaspace   ] GC(211) Metaspace: 28904K(29248K)->28904K(29248K) NonClass: 24021K(24192K)->24021K(24192K) Class: 4883K(5056K)->4883K(5056K)
[1317.786s][info][gc             ] GC(211) Pause Young (Mixed) (G1 Evacuation Pause) 3669M->1307M(4096M) 131.353ms
[1317.786s][info][gc,cpu         ] GC(211) User=0.77s Sys=0.00s Real=0.13s
.............[1330.059s][info][gc,start       ] GC(212) Pause Young (Concurrent Start) (G1 Evacuation Pause)
[1330.059s][info][gc,task        ] GC(212) Using 6 workers of 6 for evacuation
[1330.175s][info][gc,phases      ] GC(212)   Pre Evacuate Collection Set: 0.44ms
[1330.175s][info][gc,phases      ] GC(212)   Merge Heap Roots: 0.46ms
[1330.175s][info][gc,phases      ] GC(212)   Evacuate Collection Set: 114.34ms
[1330.175s][info][gc,phases      ] GC(212)   Post Evacuate Collection Set: 0.96ms
[1330.175s][info][gc,phases      ] GC(212)   Other: 0.10ms
[1330.175s][info][gc,heap        ] GC(212) Eden regions: 1119->0(1119)
[1330.175s][info][gc,heap        ] GC(212) Survivor regions: 109->109(154)
[1330.175s][info][gc,heap        ] GC(212) Old regions: 469->501
[1330.175s][info][gc,heap        ] GC(212) Humongous regions: 77->77
[1330.175s][info][gc,metaspace   ] GC(212) Metaspace: 28904K(29248K)->28904K(29248K) NonClass: 24021K(24192K)->24021K(24192K) Class: 4883K(5056K)->4883K(5056K)
[1330.175s][info][gc             ] GC(212) Pause Young (Concurrent Start) (G1 Evacuation Pause) 3545M->1371M(4096M) 116.476ms
[1330.175s][info][gc             ] GC(213) Concurrent Mark Cycle
[1330.175s][info][gc,marking     ] GC(213) Concurrent Scan Root Regions
[1330.175s][info][gc,cpu         ] GC(212) User=0.68s Sys=0.00s Real=0.11s
[1330.342s][info][gc,marking     ] GC(213) Concurrent Scan Root Regions 167.329ms
[1330.342s][info][gc,marking     ] GC(213) Concurrent Mark
[1330.342s][info][gc,marking     ] GC(213) Concurrent Mark From Roots
[1330.342s][info][gc,task        ] GC(213) Using 2 workers of 2 for marking
.[1331.238s][info][gc,marking     ] GC(213) Concurrent Mark From Roots 895.103ms
[1331.238s][info][gc,marking     ] GC(213) Concurrent Preclean
[1331.238s][info][gc,marking     ] GC(213) Concurrent Preclean 0.051ms
[1331.238s][info][gc,start       ] GC(213) Pause Remark
[1331.241s][info][gc             ] GC(213) Pause Remark 1575M->1575M(4096M) 2.896ms
[1331.241s][info][gc,cpu         ] GC(213) User=0.02s Sys=0.00s Real=0.01s
[1331.241s][info][gc,marking     ] GC(213) Concurrent Mark 898.315ms
[1331.241s][info][gc,marking     ] GC(213) Concurrent Rebuild Remembered Sets and Scrub Regions
[1331.576s][info][gc,marking     ] GC(213) Concurrent Rebuild Remembered Sets and Scrub Regions 334.964ms
[1331.576s][info][gc,start       ] GC(213) Pause Cleanup
[1331.576s][info][gc             ] GC(213) Pause Cleanup 1629M->1629M(4096M) 0.127ms
[1331.576s][info][gc,cpu         ] GC(213) User=0.00s Sys=0.00s Real=0.00s
[1331.576s][info][gc,marking     ] GC(213) Concurrent Clear Claimed Marks
[1331.576s][info][gc,marking     ] GC(213) Concurrent Clear Claimed Marks 0.026ms
[1331.576s][info][gc,marking     ] GC(213) Concurrent Cleanup for Next Mark
[1331.580s][info][gc,marking     ] GC(213) Concurrent Cleanup for Next Mark 3.464ms
[1331.580s][info][gc             ] GC(213) Concurrent Mark Cycle 1404.564ms
...........[1342.649s][info][gc,start       ] GC(214) Pause Young (Prepare Mixed) (G1 Evacuation Pause)
[1342.649s][info][gc,task        ] GC(214) Using 6 workers of 6 for evacuation
[1342.765s][info][gc,phases      ] GC(214)   Pre Evacuate Collection Set: 0.38ms
[1342.765s][info][gc,phases      ] GC(214)   Merge Heap Roots: 0.54ms
[1342.765s][info][gc,phases      ] GC(214)   Evacuate Collection Set: 114.32ms
[1342.765s][info][gc,phases      ] GC(214)   Post Evacuate Collection Set: 0.95ms
[1342.765s][info][gc,phases      ] GC(214)   Other: 0.09ms
[1342.765s][info][gc,heap        ] GC(214) Eden regions: 1119->0(1119)
[1342.765s][info][gc,heap        ] GC(214) Survivor regions: 109->108(154)
[1342.765s][info][gc,heap        ] GC(214) Old regions: 501->533
[1342.765s][info][gc,heap        ] GC(214) Humongous regions: 77->77
[1342.765s][info][gc,metaspace   ] GC(214) Metaspace: 28904K(29248K)->28904K(29248K) NonClass: 24021K(24192K)->24021K(24192K) Class: 4883K(5056K)->4883K(5056K)
[1342.765s][info][gc             ] GC(214) Pause Young (Prepare Mixed) (G1 Evacuation Pause) 3609M->1434M(4096M) 116.416ms
[1342.765s][info][gc,cpu         ] GC(214) User=0.69s Sys=0.00s Real=0.11s
...... (rIR:aIR:PR = 1522:1522:1522) (tPR = 22756) [OK] 
  1347s: Performance info:
         Transaction,    Success,    Partial,     Failed,   Receipts, AvgBarcode, 
             Overall,      91456,          0,          0,      86867,      59.48, 
         Response times:
             Request,    Success,    Partial,     Failed,   SkipFail,     Probes,    Samples,      min,      p50,      p90,      p95,      p99,      max, 
       TotalPurchase,      86867,          0,          0,          0,      84186,      94107,      300,     1500,     2200,     2500,     3900,   135000,
     InStorePurchase,      45709,          0,          0,          0,      44465,      49658,      300,     1600,     2300,     2500,     3900,   135000,
      OnlinePurchase,      32009,          0,          0,          0,      30997,      34556,      300,     1400,     2200,     2400,     4000,   121000,
        InstPurchase,       9149,          0,          0,          0,       8724,       9893,      400,     1500,     2200,     2400,     3600,   120000,
          AssocOfCat,         93,          0,          0,          0,         85,         99,    18600,    24000,    30000,    34000,   144000,   144000,
      AssocOfProduct,        914,          0,          0,          0,        779,        950,      500,     1200,     1900,     2100,     3200,   120000,
      BusinessReport,        230,          0,          0,          0,        176,        265,    19600,    26000,    33000,    35000,    44680,    48000,
          CustBuyBeh,        919,          0,          0,          0,        780,        995,      200,     1000,     1600,     1820,     2600,     6400,
       ProductReturn,       2433,          0,          0,          0,       2276,       2666,      200,     1600,     2200,     2400,     4433,   123000,

  1347s: (12%)   IR =   1660 .....|.[1354.496s][info][gc,start       ] GC(215) Pause Young (Mixed) (G1 Evacuation Pause)
[1354.496s][info][gc,task        ] GC(215) Using 6 workers of 6 for evacuation
[1354.626s][info][gc,phases      ] GC(215)   Pre Evacuate Collection Set: 0.41ms
[1354.626s][info][gc,phases      ] GC(215)   Merge Heap Roots: 0.61ms
[1354.626s][info][gc,phases      ] GC(215)   Evacuate Collection Set: 127.83ms
[1354.626s][info][gc,phases      ] GC(215)   Post Evacuate Collection Set: 0.99ms
[1354.626s][info][gc,phases      ] GC(215)   Other: 0.09ms
[1354.626s][info][gc,heap        ] GC(215) Eden regions: 1119->0(1120)
[1354.626s][info][gc,heap        ] GC(215) Survivor regions: 108->108(154)
[1354.626s][info][gc,heap        ] GC(215) Old regions: 533->469
[1354.626s][info][gc,heap        ] GC(215) Humongous regions: 77->77
[1354.626s][info][gc,metaspace   ] GC(215) Metaspace: 28904K(29248K)->28904K(29248K) NonClass: 24021K(24192K)->24021K(24192K) Class: 4883K(5056K)->4883K(5056K)
[1354.626s][info][gc             ] GC(215) Pause Young (Mixed) (G1 Evacuation Pause) 3672M->1306M(4096M) 130.048ms
[1354.626s][info][gc,cpu         ] GC(215) User=0.77s Sys=0.00s Real=0.13s
............[1366.000s][info][gc,start       ] GC(216) Pause Young (Concurrent Start) (G1 Evacuation Pause)
[1366.000s][info][gc,task        ] GC(216) Using 6 workers of 6 for evacuation
[1366.117s][info][gc,phases      ] GC(216)   Pre Evacuate Collection Set: 0.36ms
[1366.117s][info][gc,phases      ] GC(216)   Merge Heap Roots: 0.45ms
[1366.117s][info][gc,phases      ] GC(216)   Evacuate Collection Set: 115.82ms
[1366.117s][info][gc,phases      ] GC(216)   Post Evacuate Collection Set: 0.92ms
[1366.117s][info][gc,phases      ] GC(216)   Other: 0.11ms
[1366.117s][info][gc,heap        ] GC(216) Eden regions: 1120->0(1119)
[1366.117s][info][gc,heap        ] GC(216) Survivor regions: 108->109(154)
[1366.117s][info][gc,heap        ] GC(216) Old regions: 469->501
[1366.117s][info][gc,heap        ] GC(216) Humongous regions: 77->77
[1366.117s][info][gc,metaspace   ] GC(216) Metaspace: 28904K(29248K)->28904K(29248K) NonClass: 24021K(24192K)->24021K(24192K) Class: 4883K(5056K)->4883K(5056K)
[1366.117s][info][gc             ] GC(216) Pause Young (Concurrent Start) (G1 Evacuation Pause) 3546M->1372M(4096M) 117.801ms
[1366.117s][info][gc             ] GC(217) Concurrent Mark Cycle
[1366.117s][info][gc,marking     ] GC(217) Concurrent Scan Root Regions
[1366.117s][info][gc,cpu         ] GC(216) User=0.70s Sys=0.00s Real=0.11s
[1366.289s][info][gc,marking     ] GC(217) Concurrent Scan Root Regions 171.768ms
[1366.289s][info][gc,marking     ] GC(217) Concurrent Mark
[1366.289s][info][gc,marking     ] GC(217) Concurrent Mark From Roots
[1366.289s][info][gc,task        ] GC(217) Using 2 workers of 2 for marking
.[1367.190s][info][gc,marking     ] GC(217) Concurrent Mark From Roots 900.902ms
[1367.190s][info][gc,marking     ] GC(217) Concurrent Preclean
[1367.190s][info][gc,marking     ] GC(217) Concurrent Preclean 0.056ms
[1367.190s][info][gc,start       ] GC(217) Pause Remark
[1367.193s][info][gc             ] GC(217) Pause Remark 1607M->1607M(4096M) 2.901ms
[1367.193s][info][gc,cpu         ] GC(217) User=0.01s Sys=0.00s Real=0.00s
[1367.193s][info][gc,marking     ] GC(217) Concurrent Mark 904.149ms
[1367.193s][info][gc,marking     ] GC(217) Concurrent Rebuild Remembered Sets and Scrub Regions
[1367.531s][info][gc,marking     ] GC(217) Concurrent Rebuild Remembered Sets and Scrub Regions 337.695ms
[1367.531s][info][gc,start       ] GC(217) Pause Cleanup
[1367.531s][info][gc             ] GC(217) Pause Cleanup 1668M->1668M(4096M) 0.120ms
[1367.531s][info][gc,cpu         ] GC(217) User=0.00s Sys=0.00s Real=0.00s
[1367.531s][info][gc,marking     ] GC(217) Concurrent Clear Claimed Marks
[1367.531s][info][gc,marking     ] GC(217) Concurrent Clear Claimed Marks 0.034ms
[1367.531s][info][gc,marking     ] GC(217) Concurrent Cleanup for Next Mark
[1367.535s][info][gc,marking     ] GC(217) Concurrent Cleanup for Next Mark 3.343ms
[1367.535s][info][gc             ] GC(217) Concurrent Mark Cycle 1417.459ms
..........[1377.467s][info][gc,start       ] GC(218) Pause Young (Prepare Mixed) (G1 Evacuation Pause)
[1377.467s][info][gc,task        ] GC(218) Using 6 workers of 6 for evacuation
[1377.582s][info][gc,phases      ] GC(218)   Pre Evacuate Collection Set: 0.38ms
[1377.582s][info][gc,phases      ] GC(218)   Merge Heap Roots: 0.52ms
[1377.582s][info][gc,phases      ] GC(218)   Evacuate Collection Set: 113.54ms
[1377.582s][info][gc,phases      ] GC(218)   Post Evacuate Collection Set: 0.98ms
[1377.582s][info][gc,phases      ] GC(218)   Other: 0.09ms
[1377.582s][info][gc,heap        ] GC(218) Eden regions: 1119->0(1117)
[1377.582s][info][gc,heap        ] GC(218) Survivor regions: 109->109(154)
[1377.582s][info][gc,heap        ] GC(218) Old regions: 501->533
[1377.582s][info][gc,heap        ] GC(218) Humongous regions: 77->77
[1377.582s][info][gc,metaspace   ] GC(218) Metaspace: 28904K(29248K)->28904K(29248K) NonClass: 24021K(24192K)->24021K(24192K) Class: 4883K(5056K)->4883K(5056K)
[1377.582s][info][gc             ] GC(218) Pause Young (Prepare Mixed) (G1 Evacuation Pause) 3610M->1435M(4096M) 115.650ms
[1377.582s][info][gc,cpu         ] GC(218) User=0.69s Sys=0.00s Real=0.12s
...........[1388.810s][info][gc,start       ] GC(219) Pause Young (Mixed) (G1 Evacuation Pause)
[1388.810s][info][gc,task        ] GC(219) Using 6 workers of 6 for evacuation
[1388.942s][info][gc,phases      ] GC(219)   Pre Evacuate Collection Set: 0.42ms
[1388.942s][info][gc,phases      ] GC(219)   Merge Heap Roots: 0.68ms
[1388.942s][info][gc,phases      ] GC(219)   Evacuate Collection Set: 129.86ms
[1388.942s][info][gc,phases      ] GC(219)   Post Evacuate Collection Set: 1.05ms
[1388.942s][info][gc,phases      ] GC(219)   Other: 0.10ms
[1388.942s][info][gc,heap        ] GC(219) Eden regions: 1117->0(1119)
[1388.942s][info][gc,heap        ] GC(219) Survivor regions: 109->109(154)
[1388.942s][info][gc,heap        ] GC(219) Old regions: 533->468
[1388.942s][info][gc,heap        ] GC(219) Humongous regions: 77->77
[1388.942s][info][gc,metaspace   ] GC(219) Metaspace: 28904K(29248K)->28904K(29248K) NonClass: 24021K(24192K)->24021K(24192K) Class: 4883K(5056K)->4883K(5056K)
[1388.942s][info][gc             ] GC(219) Pause Young (Mixed) (G1 Evacuation Pause) 3669M->1306M(4096M) 132.238ms
[1388.942s][info][gc,cpu         ] GC(219) User=0.79s Sys=0.00s Real=0.13s
............[1400.351s][info][gc,start       ] GC(220) Pause Young (Concurrent Start) (G1 Evacuation Pause)
[1400.351s][info][gc,task        ] GC(220) Using 6 workers of 6 for evacuation
[1400.468s][info][gc,phases      ] GC(220)   Pre Evacuate Collection Set: 0.44ms
[1400.468s][info][gc,phases      ] GC(220)   Merge Heap Roots: 0.51ms
[1400.468s][info][gc,phases      ] GC(220)   Evacuate Collection Set: 115.53ms
[1400.468s][info][gc,phases      ] GC(220)   Post Evacuate Collection Set: 0.92ms
[1400.468s][info][gc,phases      ] GC(220)   Other: 0.12ms
[1400.468s][info][gc,heap        ] GC(220) Eden regions: 1119->0(1121)
[1400.468s][info][gc,heap        ] GC(220) Survivor regions: 109->107(154)
[1400.468s][info][gc,heap        ] GC(220) Old regions: 468->501
[1400.468s][info][gc,heap        ] GC(220) Humongous regions: 77->77
[1400.468s][info][gc,metaspace   ] GC(220) Metaspace: 28904K(29248K)->28904K(29248K) NonClass: 24021K(24192K)->24021K(24192K) Class: 4883K(5056K)->4883K(5056K)
[1400.468s][info][gc             ] GC(220) Pause Young (Concurrent Start) (G1 Evacuation Pause) 3544M->1369M(4096M) 117.661ms
[1400.468s][info][gc             ] GC(221) Concurrent Mark Cycle
[1400.468s][info][gc,marking     ] GC(221) Concurrent Scan Root Regions
[1400.468s][info][gc,cpu         ] GC(220) User=0.69s Sys=0.00s Real=0.12s
[1400.590s][info][gc,marking     ] GC(221) Concurrent Scan Root Regions 121.303ms
[1400.590s][info][gc,marking     ] GC(221) Concurrent Mark
[1400.590s][info][gc,marking     ] GC(221) Concurrent Mark From Roots
[1400.590s][info][gc,task        ] GC(221) Using 2 workers of 2 for marking
.[1401.112s][info][gc,marking     ] GC(221) Concurrent Mark From Roots 522.483ms
[1401.112s][info][gc,marking     ] GC(221) Concurrent Preclean
[1401.112s][info][gc,marking     ] GC(221) Concurrent Preclean 0.050ms
[1401.112s][info][gc,start       ] GC(221) Pause Remark
[1401.115s][info][gc             ] GC(221) Pause Remark 1501M->1501M(4096M) 2.499ms
[1401.115s][info][gc,cpu         ] GC(221) User=0.02s Sys=0.00s Real=0.00s
[1401.115s][info][gc,marking     ] GC(221) Concurrent Mark 525.293ms
[1401.115s][info][gc,marking     ] GC(221) Concurrent Rebuild Remembered Sets and Scrub Regions
[1401.312s][info][gc,marking     ] GC(221) Concurrent Rebuild Remembered Sets and Scrub Regions 197.213ms
[1401.312s][info][gc,start       ] GC(221) Pause Cleanup
[1401.312s][info][gc             ] GC(221) Pause Cleanup 1539M->1539M(4096M) 0.114ms
[1401.312s][info][gc,cpu         ] GC(221) User=0.00s Sys=0.00s Real=0.00s
[1401.313s][info][gc,marking     ] GC(221) Concurrent Clear Claimed Marks
[1401.313s][info][gc,marking     ] GC(221) Concurrent Clear Claimed Marks 0.030ms
[1401.313s][info][gc,marking     ] GC(221) Concurrent Cleanup for Next Mark
[1401.316s][info][gc,marking     ] GC(221) Concurrent Cleanup for Next Mark 3.284ms
[1401.316s][info][gc             ] GC(221) Concurrent Mark Cycle 847.648ms
..........[1411.900s][info][gc,start       ] GC(222) Pause Young (Prepare Mixed) (G1 Evacuation Pause)
[1411.900s][info][gc,task        ] GC(222) Using 6 workers of 6 for evacuation
[1412.017s][info][gc,phases      ] GC(222)   Pre Evacuate Collection Set: 0.41ms
[1412.017s][info][gc,phases      ] GC(222)   Merge Heap Roots: 0.51ms
[1412.017s][info][gc,phases      ] GC(222)   Evacuate Collection Set: 114.35ms
[1412.017s][info][gc,phases      ] GC(222)   Post Evacuate Collection Set: 0.95ms
[1412.017s][info][gc,phases      ] GC(222)   Other: 0.09ms
[1412.017s][info][gc,heap        ] GC(222) Eden regions: 1121->0(1116)
[1412.017s][info][gc,heap        ] GC(222) Survivor regions: 107->110(154)
[1412.017s][info][gc,heap        ] GC(222) Old regions: 501->532
[1412.017s][info][gc,heap        ] GC(222) Humongous regions: 77->77
[1412.017s][info][gc,metaspace   ] GC(222) Metaspace: 28904K(29248K)->28904K(29248K) NonClass: 24021K(24192K)->24021K(24192K) Class: 4883K(5056K)->4883K(5056K)
[1412.017s][info][gc             ] GC(222) Pause Young (Prepare Mixed) (G1 Evacuation Pause) 3611M->1436M(4096M) 116.451ms
[1412.017s][info][gc,cpu         ] GC(222) User=0.69s Sys=0.00s Real=0.11s
.. (rIR:aIR:PR = 1660:1659:1659) (tPR = 24528) [OK] 
  1412s: Performance info:
         Transaction,    Success,    Partial,     Failed,   Receipts, AvgBarcode, 
             Overall,      99872,          0,          0,      94885,      59.49, 
         Response times:
             Request,    Success,    Partial,     Failed,   SkipFail,     Probes,    Samples,      min,      p50,      p90,      p95,      p99,      max, 
       TotalPurchase,      94885,          0,          0,          0,      91968,     101004,      300,     1600,     2400,     2700,     4100,   135000,
     InStorePurchase,      49942,          0,          0,          0,      48534,      53056,      300,     1500,     2400,     2600,     3900,   135000,
      OnlinePurchase,      34943,          0,          0,          0,      33864,      37224,      300,     1700,     2500,     2700,     4500,   135000,
        InstPurchase,      10000,          0,          0,          0,       9570,      10724,      400,     1700,     2500,     2700,     4000,   135000,
          AssocOfCat,        101,          0,          0,          0,         95,        108,    17600,    25000,    30000,    33550,   172650,   174000,
      AssocOfProduct,        997,          0,          0,          0,        880,       1081,      600,     2200,     2880,     3200,    10918,   135000,
      BusinessReport,        248,          0,          0,          0,        185,        254,    18800,    27000,    33000,    35000,    51350,    72000,
          CustBuyBeh,        995,          0,          0,          0,        852,       1069,      100,     1000,     2000,     2200,     3290,   135000,
       ProductReturn,       2646,          0,          0,          0,       2468,       2848,      200,     1300,     2200,     2500,     4651,   118000,

  1412s: (13%)   IR =   1799 ....|.....[1422.543s][info][gc,start       ] GC(223) Pause Young (Mixed) (G1 Evacuation Pause)
[1422.543s][info][gc,task        ] GC(223) Using 6 workers of 6 for evacuation
[1422.673s][info][gc,phases      ] GC(223)   Pre Evacuate Collection Set: 0.45ms
[1422.673s][info][gc,phases      ] GC(223)   Merge Heap Roots: 0.69ms
[1422.673s][info][gc,phases      ] GC(223)   Evacuate Collection Set: 128.36ms
[1422.673s][info][gc,phases      ] GC(223)   Post Evacuate Collection Set: 0.99ms
[1422.673s][info][gc,phases      ] GC(223)   Other: 0.09ms
[1422.673s][info][gc,heap        ] GC(223) Eden regions: 1116->0(1120)
[1422.673s][info][gc,heap        ] GC(223) Survivor regions: 110->108(154)
[1422.673s][info][gc,heap        ] GC(223) Old regions: 532->468
[1422.673s][info][gc,heap        ] GC(223) Humongous regions: 77->77
[1422.673s][info][gc,metaspace   ] GC(223) Metaspace: 28907K(29248K)->28907K(29248K) NonClass: 24024K(24192K)->24024K(24192K) Class: 4883K(5056K)->4883K(5056K)
[1422.673s][info][gc             ] GC(223) Pause Young (Mixed) (G1 Evacuation Pause) 3668M->1305M(4096M) 130.708ms
[1422.674s][info][gc,cpu         ] GC(223) User=0.77s Sys=0.00s Real=0.13s
...........[1433.124s][info][gc,start       ] GC(224) Pause Young (Concurrent Start) (G1 Evacuation Pause)
[1433.124s][info][gc,task        ] GC(224) Using 6 workers of 6 for evacuation
[1433.242s][info][gc,phases      ] GC(224)   Pre Evacuate Collection Set: 0.43ms
[1433.242s][info][gc,phases      ] GC(224)   Merge Heap Roots: 0.53ms
[1433.242s][info][gc,phases      ] GC(224)   Evacuate Collection Set: 116.30ms
[1433.242s][info][gc,phases      ] GC(224)   Post Evacuate Collection Set: 0.93ms
[1433.242s][info][gc,phases      ] GC(224)   Other: 0.10ms
[1433.242s][info][gc,heap        ] GC(224) Eden regions: 1120->0(1118)
[1433.242s][info][gc,heap        ] GC(224) Survivor regions: 108->110(154)
[1433.242s][info][gc,heap        ] GC(224) Old regions: 468->501
[1433.242s][info][gc,heap        ] GC(224) Humongous regions: 77->77
[1433.242s][info][gc,metaspace   ] GC(224) Metaspace: 28907K(29248K)->28907K(29248K) NonClass: 24024K(24192K)->24024K(24192K) Class: 4883K(5056K)->4883K(5056K)
[1433.242s][info][gc             ] GC(224) Pause Young (Concurrent Start) (G1 Evacuation Pause) 3545M->1374M(4096M) 118.452ms
[1433.242s][info][gc             ] GC(225) Concurrent Mark Cycle
[1433.242s][info][gc,marking     ] GC(225) Concurrent Scan Root Regions
[1433.242s][info][gc,cpu         ] GC(224) User=0.70s Sys=0.00s Real=0.12s
[1433.362s][info][gc,marking     ] GC(225) Concurrent Scan Root Regions 119.060ms
[1433.362s][info][gc,marking     ] GC(225) Concurrent Mark
[1433.362s][info][gc,marking     ] GC(225) Concurrent Mark From Roots
[1433.362s][info][gc,task        ] GC(225) Using 2 workers of 2 for marking
[1433.909s][info][gc,marking     ] GC(225) Concurrent Mark From Roots 547.523ms
[1433.909s][info][gc,marking     ] GC(225) Concurrent Preclean
[1433.909s][info][gc,marking     ] GC(225) Concurrent Preclean 0.063ms
[1433.909s][info][gc,start       ] GC(225) Pause Remark
[1433.912s][info][gc             ] GC(225) Pause Remark 1540M->1540M(4096M) 2.457ms
[1433.912s][info][gc,cpu         ] GC(225) User=0.02s Sys=0.00s Real=0.00s
[1433.912s][info][gc,marking     ] GC(225) Concurrent Mark 550.346ms
[1433.912s][info][gc,marking     ] GC(225) Concurrent Rebuild Remembered Sets and Scrub Regions
.[1434.121s][info][gc,marking     ] GC(225) Concurrent Rebuild Remembered Sets and Scrub Regions 208.902ms
[1434.121s][info][gc,start       ] GC(225) Pause Cleanup
[1434.121s][info][gc             ] GC(225) Pause Cleanup 1597M->1597M(4096M) 0.134ms
[1434.121s][info][gc,cpu         ] GC(225) User=0.00s Sys=0.00s Real=0.00s
[1434.121s][info][gc,marking     ] GC(225) Concurrent Clear Claimed Marks
[1434.121s][info][gc,marking     ] GC(225) Concurrent Clear Claimed Marks 0.031ms
[1434.121s][info][gc,marking     ] GC(225) Concurrent Cleanup for Next Mark
[1434.125s][info][gc,marking     ] GC(225) Concurrent Cleanup for Next Mark 3.768ms
[1434.125s][info][gc             ] GC(225) Concurrent Mark Cycle 882.616ms
.........[1443.785s][info][gc,start       ] GC(226) Pause Young (Prepare Mixed) (G1 Evacuation Pause)
[1443.785s][info][gc,task        ] GC(226) Using 6 workers of 6 for evacuation
[1443.902s][info][gc,phases      ] GC(226)   Pre Evacuate Collection Set: 0.35ms
[1443.902s][info][gc,phases      ] GC(226)   Merge Heap Roots: 0.53ms
[1443.902s][info][gc,phases      ] GC(226)   Evacuate Collection Set: 115.51ms
[1443.902s][info][gc,phases      ] GC(226)   Post Evacuate Collection Set: 0.93ms
[1443.902s][info][gc,phases      ] GC(226)   Other: 0.10ms
[1443.902s][info][gc,heap        ] GC(226) Eden regions: 1118->0(1116)
[1443.902s][info][gc,heap        ] GC(226) Survivor regions: 110->109(154)
[1443.902s][info][gc,heap        ] GC(226) Old regions: 501->534
[1443.902s][info][gc,heap        ] GC(226) Humongous regions: 77->77
[1443.902s][info][gc,metaspace   ] GC(226) Metaspace: 28907K(29248K)->28907K(29248K) NonClass: 24024K(24192K)->24024K(24192K) Class: 4883K(5056K)->4883K(5056K)
[1443.902s][info][gc             ] GC(226) Pause Young (Prepare Mixed) (G1 Evacuation Pause) 3610M->1437M(4096M) 117.555ms
[1443.902s][info][gc,cpu         ] GC(226) User=0.70s Sys=0.00s Real=0.12s
...........[1454.288s][info][gc,start       ] GC(227) Pause Young (Mixed) (G1 Evacuation Pause)
[1454.288s][info][gc,task        ] GC(227) Using 6 workers of 6 for evacuation
[1454.417s][info][gc,phases      ] GC(227)   Pre Evacuate Collection Set: 0.39ms
[1454.417s][info][gc,phases      ] GC(227)   Merge Heap Roots: 0.64ms
[1454.417s][info][gc,phases      ] GC(227)   Evacuate Collection Set: 126.56ms
[1454.417s][info][gc,phases      ] GC(227)   Post Evacuate Collection Set: 0.97ms
[1454.417s][info][gc,phases      ] GC(227)   Other: 0.09ms
[1454.417s][info][gc,heap        ] GC(227) Eden regions: 1116->0(1120)
[1454.417s][info][gc,heap        ] GC(227) Survivor regions: 109->108(154)
[1454.417s][info][gc,heap        ] GC(227) Old regions: 534->470
[1454.417s][info][gc,heap        ] GC(227) Humongous regions: 77->77
[1454.417s][info][gc,metaspace   ] GC(227) Metaspace: 28907K(29248K)->28907K(29248K) NonClass: 24024K(24192K)->24024K(24192K) Class: 4883K(5056K)->4883K(5056K)
[1454.417s][info][gc             ] GC(227) Pause Young (Mixed) (G1 Evacuation Pause) 3669M->1308M(4096M) 128.775ms
[1454.417s][info][gc,cpu         ] GC(227) User=0.76s Sys=0.00s Real=0.12s
..........[1464.741s][info][gc,start       ] GC(228) Pause Young (Concurrent Start) (G1 Evacuation Pause)
[1464.741s][info][gc,task        ] GC(228) Using 6 workers of 6 for evacuation
[1464.856s][info][gc,phases      ] GC(228)   Pre Evacuate Collection Set: 0.42ms
[1464.856s][info][gc,phases      ] GC(228)   Merge Heap Roots: 0.53ms
[1464.856s][info][gc,phases      ] GC(228)   Evacuate Collection Set: 113.42ms
[1464.856s][info][gc,phases      ] GC(228)   Post Evacuate Collection Set: 0.91ms
[1464.856s][info][gc,phases      ] GC(228)   Other: 0.10ms
[1464.856s][info][gc,heap        ] GC(228) Eden regions: 1120->0(1120)
[1464.856s][info][gc,heap        ] GC(228) Survivor regions: 108->108(154)
[1464.856s][info][gc,heap        ] GC(228) Old regions: 470->502
[1464.856s][info][gc,heap        ] GC(228) Humongous regions: 77->77
[1464.856s][info][gc,metaspace   ] GC(228) Metaspace: 28907K(29248K)->28907K(29248K) NonClass: 24024K(24192K)->24024K(24192K) Class: 4883K(5056K)->4883K(5056K)
[1464.856s][info][gc             ] GC(228) Pause Young (Concurrent Start) (G1 Evacuation Pause) 3548M->1371M(4096M) 115.521ms
[1464.856s][info][gc             ] GC(229) Concurrent Mark Cycle
[1464.856s][info][gc,marking     ] GC(229) Concurrent Scan Root Regions
[1464.856s][info][gc,cpu         ] GC(228) User=0.68s Sys=0.00s Real=0.11s
[1464.968s][info][gc,marking     ] GC(229) Concurrent Scan Root Regions 111.657ms
[1464.968s][info][gc,marking     ] GC(229) Concurrent Mark
[1464.968s][info][gc,marking     ] GC(229) Concurrent Mark From Roots
[1464.968s][info][gc,task        ] GC(229) Using 2 workers of 2 for marking
.[1465.511s][info][gc,marking     ] GC(229) Concurrent Mark From Roots 542.853ms
[1465.511s][info][gc,marking     ] GC(229) Concurrent Preclean
[1465.511s][info][gc,marking     ] GC(229) Concurrent Preclean 0.059ms
[1465.511s][info][gc,start       ] GC(229) Pause Remark
[1465.514s][info][gc             ] GC(229) Pause Remark 1519M->1519M(4096M) 2.459ms
[1465.514s][info][gc,cpu         ] GC(229) User=0.01s Sys=0.00s Real=0.00s
[1465.514s][info][gc,marking     ] GC(229) Concurrent Mark 545.641ms
[1465.514s][info][gc,marking     ] GC(229) Concurrent Rebuild Remembered Sets and Scrub Regions
[1465.722s][info][gc,marking     ] GC(229) Concurrent Rebuild Remembered Sets and Scrub Regions 208.716ms
[1465.723s][info][gc,start       ] GC(229) Pause Cleanup
[1465.723s][info][gc             ] GC(229) Pause Cleanup 1564M->1564M(4096M) 0.132ms
[1465.723s][info][gc,cpu         ] GC(229) User=0.00s Sys=0.00s Real=0.00s
[1465.723s][info][gc,marking     ] GC(229) Concurrent Clear Claimed Marks
[1465.723s][info][gc,marking     ] GC(229) Concurrent Clear Claimed Marks 0.037ms
[1465.723s][info][gc,marking     ] GC(229) Concurrent Cleanup for Next Mark
[1465.727s][info][gc,marking     ] GC(229) Concurrent Cleanup for Next Mark 4.010ms
[1465.727s][info][gc             ] GC(229) Concurrent Mark Cycle 870.658ms
..........[1475.423s][info][gc,start       ] GC(230) Pause Young (Prepare Mixed) (G1 Evacuation Pause)
[1475.423s][info][gc,task        ] GC(230) Using 6 workers of 6 for evacuation
[1475.540s][info][gc,phases      ] GC(230)   Pre Evacuate Collection Set: 0.35ms
[1475.540s][info][gc,phases      ] GC(230)   Merge Heap Roots: 0.50ms
[1475.540s][info][gc,phases      ] GC(230)   Evacuate Collection Set: 115.11ms
[1475.540s][info][gc,phases      ] GC(230)   Post Evacuate Collection Set: 0.95ms
[1475.540s][info][gc,phases      ] GC(230)   Other: 0.09ms
[1475.540s][info][gc,heap        ] GC(230) Eden regions: 1120->0(1117)
[1475.540s][info][gc,heap        ] GC(230) Survivor regions: 108->108(154)
[1475.540s][info][gc,heap        ] GC(230) Old regions: 502->534
[1475.540s][info][gc,heap        ] GC(230) Humongous regions: 78->78
[1475.540s][info][gc,metaspace   ] GC(230) Metaspace: 28907K(29248K)->28907K(29248K) NonClass: 24024K(24192K)->24024K(24192K) Class: 4883K(5056K)->4883K(5056K)
[1475.540s][info][gc             ] GC(230) Pause Young (Prepare Mixed) (G1 Evacuation Pause) 3613M->1438M(4096M) 117.128ms
[1475.540s][info][gc,cpu         ] GC(230) User=0.69s Sys=0.00s Real=0.12s
.. (rIR:aIR:PR = 1799:1799:1799) (tPR = 26830) [OK] 
  1476s: Performance info:
         Transaction,    Success,    Partial,     Failed,   Receipts, AvgBarcode, 
             Overall,     107967,          0,          0,     102560,      59.47, 
         Response times:
             Request,    Success,    Partial,     Failed,   SkipFail,     Probes,    Samples,      min,      p50,      p90,      p95,      p99,      max, 
       TotalPurchase,     102560,          0,          0,          0,     100044,     108120,      300,     1700,     2600,     2900,     6400,   143000,
     InStorePurchase,      53960,          0,          0,          0,      52838,      56955,      300,     1800,     2600,     2900,     7100,   143000,
      OnlinePurchase,      37800,          0,          0,          0,      36926,      39856,      300,     1600,     2500,     2800,     5600,   143000,
        InstPurchase,      10800,          0,          0,          0,      10280,      11309,      400,     1600,     2600,     2800,     5200,   134000,
          AssocOfCat,        109,          0,          0,          0,        108,        116,    18600,    24000,    29000,    32150,    38830,    39000,
      AssocOfProduct,       1077,          0,          0,          0,        954,       1153,      600,     2000,     2800,     3200,     5392,   132000,
      BusinessReport,        270,          0,          0,          0,        197,        290,    19300,    28000,    35000,    40450,    74100,   163000,
          CustBuyBeh,       1082,          0,          0,          0,        943,       1129,      200,     1400,     2200,     2650,     8000,    29000,
       ProductReturn,       2869,          0,          0,          0,       2680,       3064,      200,     1500,     2400,     2700,     5370,   121000,

  1476s: (14%)   IR =   1937 ......|..[1485.243s][info][gc,start       ] GC(231) Pause Young (Mixed) (G1 Evacuation Pause)
[1485.243s][info][gc,task        ] GC(231) Using 6 workers of 6 for evacuation
[1485.377s][info][gc,phases      ] GC(231)   Pre Evacuate Collection Set: 0.41ms
[1485.377s][info][gc,phases      ] GC(231)   Merge Heap Roots: 0.67ms
[1485.377s][info][gc,phases      ] GC(231)   Evacuate Collection Set: 131.65ms
[1485.377s][info][gc,phases      ] GC(231)   Post Evacuate Collection Set: 1.00ms
[1485.377s][info][gc,phases      ] GC(231)   Other: 0.09ms
[1485.377s][info][gc,heap        ] GC(231) Eden regions: 1117->0(1119)
[1485.377s][info][gc,heap        ] GC(231) Survivor regions: 108->109(154)
[1485.377s][info][gc,heap        ] GC(231) Old regions: 534->469
[1485.377s][info][gc,heap        ] GC(231) Humongous regions: 80->80
[1485.377s][info][gc,metaspace   ] GC(231) Metaspace: 28907K(29248K)->28907K(29248K) NonClass: 24024K(24192K)->24024K(24192K) Class: 4883K(5056K)->4883K(5056K)
[1485.377s][info][gc             ] GC(231) Pause Young (Mixed) (G1 Evacuation Pause) 3676M->1313M(4096M) 133.943ms
[1485.377s][info][gc,cpu         ] GC(231) User=0.79s Sys=0.00s Real=0.13s
..........[1495.100s][info][gc,start       ] GC(232) Pause Young (Concurrent Start) (G1 Evacuation Pause)
[1495.100s][info][gc,task        ] GC(232) Using 6 workers of 6 for evacuation
[1495.219s][info][gc,phases      ] GC(232)   Pre Evacuate Collection Set: 0.41ms
[1495.219s][info][gc,phases      ] GC(232)   Merge Heap Roots: 0.49ms
[1495.219s][info][gc,phases      ] GC(232)   Evacuate Collection Set: 116.96ms
[1495.219s][info][gc,phases      ] GC(232)   Post Evacuate Collection Set: 0.99ms
[1495.219s][info][gc,phases      ] GC(232)   Other: 0.10ms
[1495.219s][info][gc,heap        ] GC(232) Eden regions: 1119->0(1119)
[1495.219s][info][gc,heap        ] GC(232) Survivor regions: 109->109(154)
[1495.219s][info][gc,heap        ] GC(232) Old regions: 469->502
[1495.219s][info][gc,heap        ] GC(232) Humongous regions: 80->80
[1495.219s][info][gc,metaspace   ] GC(232) Metaspace: 28907K(29248K)->28907K(29248K) NonClass: 24024K(24192K)->24024K(24192K) Class: 4883K(5056K)->4883K(5056K)
[1495.219s][info][gc             ] GC(232) Pause Young (Concurrent Start) (G1 Evacuation Pause) 3551M->1380M(4096M) 119.080ms
[1495.219s][info][gc             ] GC(233) Concurrent Mark Cycle
[1495.219s][info][gc,marking     ] GC(233) Concurrent Scan Root Regions
[1495.219s][info][gc,cpu         ] GC(232) User=0.71s Sys=0.00s Real=0.12s
[1495.338s][info][gc,marking     ] GC(233) Concurrent Scan Root Regions 119.192ms
[1495.338s][info][gc,marking     ] GC(233) Concurrent Mark
[1495.338s][info][gc,marking     ] GC(233) Concurrent Mark From Roots
[1495.338s][info][gc,task        ] GC(233) Using 2 workers of 2 for marking
[1495.886s][info][gc,marking     ] GC(233) Concurrent Mark From Roots 548.046ms
[1495.886s][info][gc,marking     ] GC(233) Concurrent Preclean
[1495.886s][info][gc,marking     ] GC(233) Concurrent Preclean 0.086ms
[1495.886s][info][gc,start       ] GC(233) Pause Remark
[1495.889s][info][gc             ] GC(233) Pause Remark 1560M->1560M(4096M) 2.613ms
[1495.889s][info][gc,cpu         ] GC(233) User=0.01s Sys=0.00s Real=0.01s
[1495.889s][info][gc,marking     ] GC(233) Concurrent Mark 551.059ms
[1495.889s][info][gc,marking     ] GC(233) Concurrent Rebuild Remembered Sets and Scrub Regions
.[1496.092s][info][gc,marking     ] GC(233) Concurrent Rebuild Remembered Sets and Scrub Regions 203.184ms
[1496.092s][info][gc,start       ] GC(233) Pause Cleanup
[1496.093s][info][gc             ] GC(233) Pause Cleanup 1594M->1594M(4096M) 0.115ms
[1496.093s][info][gc,cpu         ] GC(233) User=0.00s Sys=0.00s Real=0.00s
[1496.093s][info][gc,marking     ] GC(233) Concurrent Clear Claimed Marks
[1496.093s][info][gc,marking     ] GC(233) Concurrent Clear Claimed Marks 0.026ms
[1496.093s][info][gc,marking     ] GC(233) Concurrent Cleanup for Next Mark
[1496.096s][info][gc,marking     ] GC(233) Concurrent Cleanup for Next Mark 3.417ms
[1496.096s][info][gc             ] GC(233) Concurrent Mark Cycle 877.296ms
........[1504.961s][info][gc,start       ] GC(234) Pause Young (Prepare Mixed) (G1 Evacuation Pause)
[1504.961s][info][gc,task        ] GC(234) Using 6 workers of 6 for evacuation
[1505.076s][info][gc,phases      ] GC(234)   Pre Evacuate Collection Set: 0.38ms
[1505.076s][info][gc,phases      ] GC(234)   Merge Heap Roots: 0.52ms
[1505.076s][info][gc,phases      ] GC(234)   Evacuate Collection Set: 113.55ms
[1505.076s][info][gc,phases      ] GC(234)   Post Evacuate Collection Set: 0.93ms
[1505.076s][info][gc,phases      ] GC(234)   Other: 0.09ms
[1505.076s][info][gc,heap        ] GC(234) Eden regions: 1119->0(1113)
[1505.076s][info][gc,heap        ] GC(234) Survivor regions: 109->109(154)
[1505.076s][info][gc,heap        ] GC(234) Old regions: 502->534
[1505.076s][info][gc,heap        ] GC(234) Humongous regions: 80->80
[1505.076s][info][gc,metaspace   ] GC(234) Metaspace: 28907K(29248K)->28907K(29248K) NonClass: 24024K(24192K)->24024K(24192K) Class: 4883K(5056K)->4883K(5056K)
[1505.076s][info][gc             ] GC(234) Pause Young (Prepare Mixed) (G1 Evacuation Pause) 3618M->1444M(4096M) 115.599ms
[1505.076s][info][gc,cpu         ] GC(234) User=0.69s Sys=0.00s Real=0.11s
..........[1514.658s][info][gc,start       ] GC(235) Pause Young (Mixed) (G1 Evacuation Pause)
[1514.658s][info][gc,task        ] GC(235) Using 6 workers of 6 for evacuation
[1514.788s][info][gc,phases      ] GC(235)   Pre Evacuate Collection Set: 0.45ms
[1514.788s][info][gc,phases      ] GC(235)   Merge Heap Roots: 0.61ms
[1514.788s][info][gc,phases      ] GC(235)   Evacuate Collection Set: 127.37ms
[1514.788s][info][gc,phases      ] GC(235)   Post Evacuate Collection Set: 0.96ms
[1514.788s][info][gc,phases      ] GC(235)   Other: 0.09ms
[1514.788s][info][gc,heap        ] GC(235) Eden regions: 1113->0(1120)
[1514.788s][info][gc,heap        ] GC(235) Survivor regions: 109->108(153)
[1514.788s][info][gc,heap        ] GC(235) Old regions: 534->469
[1514.788s][info][gc,heap        ] GC(235) Humongous regions: 80->80
[1514.788s][info][gc,metaspace   ] GC(235) Metaspace: 28907K(29248K)->28907K(29248K) NonClass: 24024K(24192K)->24024K(24192K) Class: 4883K(5056K)->4883K(5056K)
[1514.788s][info][gc             ] GC(235) Pause Young (Mixed) (G1 Evacuation Pause) 3670M->1312M(4096M) 129.622ms
[1514.788s][info][gc,cpu         ] GC(235) User=0.76s Sys=0.00s Real=0.12s
..........[1524.574s][info][gc,start       ] GC(236) Pause Young (Concurrent Start) (G1 Evacuation Pause)
[1524.574s][info][gc,task        ] GC(236) Using 6 workers of 6 for evacuation
[1524.690s][info][gc,phases      ] GC(236)   Pre Evacuate Collection Set: 0.40ms
[1524.690s][info][gc,phases      ] GC(236)   Merge Heap Roots: 0.50ms
[1524.690s][info][gc,phases      ] GC(236)   Evacuate Collection Set: 113.61ms
[1524.690s][info][gc,phases      ] GC(236)   Post Evacuate Collection Set: 0.91ms
[1524.690s][info][gc,phases      ] GC(236)   Other: 0.11ms
[1524.690s][info][gc,heap        ] GC(236) Eden regions: 1120->0(1120)
[1524.690s][info][gc,heap        ] GC(236) Survivor regions: 108->108(154)
[1524.690s][info][gc,heap        ] GC(236) Old regions: 469->501
[1524.690s][info][gc,heap        ] GC(236) Humongous regions: 80->80
[1524.690s][info][gc,metaspace   ] GC(236) Metaspace: 28907K(29248K)->28907K(29248K) NonClass: 24024K(24192K)->24024K(24192K) Class: 4883K(5056K)->4883K(5056K)
[1524.690s][info][gc             ] GC(236) Pause Young (Concurrent Start) (G1 Evacuation Pause) 3552M->1377M(4096M) 115.692ms
[1524.690s][info][gc             ] GC(237) Concurrent Mark Cycle
[1524.690s][info][gc,marking     ] GC(237) Concurrent Scan Root Regions
[1524.690s][info][gc,cpu         ] GC(236) User=0.68s Sys=0.00s Real=0.12s
[1524.859s][info][gc,marking     ] GC(237) Concurrent Scan Root Regions 169.190ms
[1524.859s][info][gc,marking     ] GC(237) Concurrent Mark
[1524.859s][info][gc,marking     ] GC(237) Concurrent Mark From Roots
[1524.859s][info][gc,task        ] GC(237) Using 2 workers of 2 for marking
.[1525.820s][info][gc,marking     ] GC(237) Concurrent Mark From Roots 961.355ms
[1525.820s][info][gc,marking     ] GC(237) Concurrent Preclean
[1525.821s][info][gc,marking     ] GC(237) Concurrent Preclean 0.049ms
[1525.821s][info][gc,start       ] GC(237) Pause Remark
[1525.824s][info][gc             ] GC(237) Pause Remark 1699M->1699M(4096M) 2.928ms
[1525.824s][info][gc,cpu         ] GC(237) User=0.01s Sys=0.00s Real=0.00s
[1525.824s][info][gc,marking     ] GC(237) Concurrent Mark 964.591ms
[1525.824s][info][gc,marking     ] GC(237) Concurrent Rebuild Remembered Sets and Scrub Regions
.[1526.165s][info][gc,marking     ] GC(237) Concurrent Rebuild Remembered Sets and Scrub Regions 340.886ms
[1526.165s][info][gc,start       ] GC(237) Pause Cleanup
[1526.165s][info][gc             ] GC(237) Pause Cleanup 1769M->1769M(4096M) 0.122ms
[1526.165s][info][gc,cpu         ] GC(237) User=0.00s Sys=0.00s Real=0.00s
[1526.165s][info][gc,marking     ] GC(237) Concurrent Clear Claimed Marks
[1526.165s][info][gc,marking     ] GC(237) Concurrent Clear Claimed Marks 0.026ms
[1526.165s][info][gc,marking     ] GC(237) Concurrent Cleanup for Next Mark
[1526.168s][info][gc,marking     ] GC(237) Concurrent Cleanup for Next Mark 3.365ms
[1526.168s][info][gc             ] GC(237) Concurrent Mark Cycle 1478.520ms
........[1534.412s][info][gc,start       ] GC(238) Pause Young (Prepare Mixed) (G1 Evacuation Pause)
[1534.412s][info][gc,task        ] GC(238) Using 6 workers of 6 for evacuation
[1534.528s][info][gc,phases      ] GC(238)   Pre Evacuate Collection Set: 0.40ms
[1534.528s][info][gc,phases      ] GC(238)   Merge Heap Roots: 0.51ms
[1534.528s][info][gc,phases      ] GC(238)   Evacuate Collection Set: 114.06ms
[1534.528s][info][gc,phases      ] GC(238)   Post Evacuate Collection Set: 0.94ms
[1534.528s][info][gc,phases      ] GC(238)   Other: 0.09ms
[1534.528s][info][gc,heap        ] GC(238) Eden regions: 1120->0(1114)
[1534.528s][info][gc,heap        ] GC(238) Survivor regions: 108->109(154)
[1534.528s][info][gc,heap        ] GC(238) Old regions: 501->533
[1534.528s][info][gc,heap        ] GC(238) Humongous regions: 80->80
[1534.528s][info][gc,metaspace   ] GC(238) Metaspace: 28907K(29248K)->28907K(29248K) NonClass: 24024K(24192K)->24024K(24192K) Class: 4883K(5056K)->4883K(5056K)
[1534.528s][info][gc             ] GC(238) Pause Young (Prepare Mixed) (G1 Evacuation Pause) 3617M->1442M(4096M) 116.138ms
[1534.528s][info][gc,cpu         ] GC(238) User=0.68s Sys=0.00s Real=0.12s
......... (rIR:aIR:PR = 1937:1937:1937) (tPR = 28829) [OK] 
  1542s: Performance info:
         Transaction,    Success,    Partial,     Failed,   Receipts, AvgBarcode, 
             Overall,     116292,          0,          0,     110480,      59.48, 
         Response times:
             Request,    Success,    Partial,     Failed,   SkipFail,     Probes,    Samples,      min,      p50,      p90,      p95,      p99,      max, 
       TotalPurchase,     110480,          0,          0,          0,     107643,     119534,      300,     1800,     2700,     3000,     6000,   140000,
     InStorePurchase,      58172,          0,          0,          0,      56916,      63123,      300,     1700,     2700,     3000,     5900,   140000,
      OnlinePurchase,      40668,          0,          0,          0,      39479,      43737,      300,     1900,     2700,     3100,     6100,   138000,
        InstPurchase,      11640,          0,          0,          0,      11248,      12674,      400,     1600,     2700,     3000,     6000,   139000,
          AssocOfCat,        117,          0,          0,          0,        113,        127,    18400,    26000,    30000,    36200,    40440,    41000,
      AssocOfProduct,       1159,          0,          0,          0,       1035,       1286,      500,     2000,     2700,     2900,     5017,    22000,
      BusinessReport,        288,          0,          0,          0,        236,        328,    19800,    28000,    35000,    38550,    50970,    68000,
          CustBuyBeh,       1161,          0,          0,          0,       1018,       1248,      200,     1600,     2700,     2955,     3700,    27000,
       ProductReturn,       3087,          0,          0,          0,       2854,       3355,      200,     1700,     2600,     2900,     4788,   118000,

  1542s: (15%)   IR =   2076 [1544.028s][info][gc,start       ] GC(239) Pause Young (Mixed) (G1 Evacuation Pause)
[1544.028s][info][gc,task        ] GC(239) Using 6 workers of 6 for evacuation
[1544.157s][info][gc,phases      ] GC(239)   Pre Evacuate Collection Set: 0.45ms
[1544.157s][info][gc,phases      ] GC(239)   Merge Heap Roots: 0.66ms
[1544.157s][info][gc,phases      ] GC(239)   Evacuate Collection Set: 126.22ms
[1544.157s][info][gc,phases      ] GC(239)   Post Evacuate Collection Set: 0.98ms
[1544.157s][info][gc,phases      ] GC(239)   Other: 0.09ms
[1544.157s][info][gc,heap        ] GC(239) Eden regions: 1114->0(1120)
[1544.157s][info][gc,heap        ] GC(239) Survivor regions: 109->108(153)
[1544.157s][info][gc,heap        ] GC(239) Old regions: 533->470
[1544.157s][info][gc,heap        ] GC(239) Humongous regions: 80->80
[1544.157s][info][gc,metaspace   ] GC(239) Metaspace: 28909K(29248K)->28909K(29248K) NonClass: 24026K(24192K)->24026K(24192K) Class: 4883K(5056K)->4883K(5056K)
[1544.157s][info][gc             ] GC(239) Pause Young (Mixed) (G1 Evacuation Pause) 3670M->1314M(4096M) 128.540ms
[1544.157s][info][gc,cpu         ] GC(239) User=0.76s Sys=0.00s Real=0.12s
..........[1553.216s][info][gc,start       ] GC(240) Pause Young (Concurrent Start) (G1 Evacuation Pause)
[1553.216s][info][gc,task        ] GC(240) Using 6 workers of 6 for evacuation
[1553.333s][info][gc,phases      ] GC(240)   Pre Evacuate Collection Set: 0.41ms
[1553.333s][info][gc,phases      ] GC(240)   Merge Heap Roots: 0.51ms
[1553.333s][info][gc,phases      ] GC(240)   Evacuate Collection Set: 114.83ms
[1553.333s][info][gc,phases      ] GC(240)   Post Evacuate Collection Set: 0.92ms
[1553.333s][info][gc,phases      ] GC(240)   Other: 0.12ms
[1553.333s][info][gc,heap        ] GC(240) Eden regions: 1120->0(1120)
[1553.333s][info][gc,heap        ] GC(240) Survivor regions: 108->108(154)
[1553.333s][info][gc,heap        ] GC(240) Old regions: 470->502
[1553.333s][info][gc,heap        ] GC(240) Humongous regions: 80->80
[1553.333s][info][gc,metaspace   ] GC(240) Metaspace: 28909K(29248K)->28909K(29248K) NonClass: 24026K(24192K)->24026K(24192K) Class: 4883K(5056K)->4883K(5056K)
[1553.333s][info][gc             ] GC(240) Pause Young (Concurrent Start) (G1 Evacuation Pause) 3554M->1379M(4096M) 116.924ms
[1553.333s][info][gc             ] GC(241) Concurrent Mark Cycle
[1553.333s][info][gc,marking     ] GC(241) Concurrent Scan Root Regions
[1553.333s][info][gc,cpu         ] GC(240) User=0.69s Sys=0.00s Real=0.12s
[1553.503s][info][gc,marking     ] GC(241) Concurrent Scan Root Regions 170.300ms
[1553.504s][info][gc,marking     ] GC(241) Concurrent Mark
[1553.504s][info][gc,marking     ] GC(241) Concurrent Mark From Roots
[1553.504s][info][gc,task        ] GC(241) Using 2 workers of 2 for marking
.[1554.419s][info][gc,marking     ] GC(241) Concurrent Mark From Roots 915.420ms
[1554.419s][info][gc,marking     ] GC(241) Concurrent Preclean
[1554.419s][info][gc,marking     ] GC(241) Concurrent Preclean 0.056ms
[1554.419s][info][gc,start       ] GC(241) Pause Remark
[1554.423s][info][gc             ] GC(241) Pause Remark 1671M->1671M(4096M) 3.357ms
[1554.423s][info][gc,cpu         ] GC(241) User=0.02s Sys=0.00s Real=0.00s
[1554.423s][info][gc,marking     ] GC(241) Concurrent Mark 919.106ms
[1554.423s][info][gc,marking     ] GC(241) Concurrent Rebuild Remembered Sets and Scrub Regions
[1554.639s][info][gc,marking     ] GC(241) Concurrent Rebuild Remembered Sets and Scrub Regions 215.956ms
[1554.639s][info][gc,start       ] GC(241) Pause Cleanup
[1554.639s][info][gc             ] GC(241) Pause Cleanup 1721M->1721M(4096M) 0.108ms
[1554.639s][info][gc,cpu         ] GC(241) User=0.00s Sys=0.00s Real=0.00s
[1554.639s][info][gc,marking     ] GC(241) Concurrent Clear Claimed Marks
[1554.639s][info][gc,marking     ] GC(241) Concurrent Clear Claimed Marks 0.027ms
[1554.639s][info][gc,marking     ] GC(241) Concurrent Cleanup for Next Mark
[1554.642s][info][gc,marking     ] GC(241) Concurrent Cleanup for Next Mark 3.264ms
[1554.642s][info][gc             ] GC(241) Concurrent Mark Cycle 1309.064ms
.....|...[1562.495s][info][gc,start       ] GC(242) Pause Young (Prepare Mixed) (G1 Evacuation Pause)
[1562.495s][info][gc,task        ] GC(242) Using 6 workers of 6 for evacuation
[1562.614s][info][gc,phases      ] GC(242)   Pre Evacuate Collection Set: 0.37ms
[1562.614s][info][gc,phases      ] GC(242)   Merge Heap Roots: 0.59ms
[1562.614s][info][gc,phases      ] GC(242)   Evacuate Collection Set: 116.37ms
[1562.614s][info][gc,phases      ] GC(242)   Post Evacuate Collection Set: 0.95ms
[1562.614s][info][gc,phases      ] GC(242)   Other: 0.09ms
[1562.614s][info][gc,heap        ] GC(242) Eden regions: 1120->0(1113)
[1562.614s][info][gc,heap        ] GC(242) Survivor regions: 108->109(154)
[1562.614s][info][gc,heap        ] GC(242) Old regions: 502->534
[1562.614s][info][gc,heap        ] GC(242) Humongous regions: 80->80
[1562.614s][info][gc,metaspace   ] GC(242) Metaspace: 28909K(29248K)->28909K(29248K) NonClass: 24026K(24192K)->24026K(24192K) Class: 4883K(5056K)->4883K(5056K)
[1562.614s][info][gc             ] GC(242) Pause Young (Prepare Mixed) (G1 Evacuation Pause) 3619M->1443M(4096M) 118.504ms
[1562.614s][info][gc,cpu         ] GC(242) User=0.70s Sys=0.00s Real=0.12s
.........[1571.633s][info][gc,start       ] GC(243) Pause Young (Mixed) (G1 Evacuation Pause)
[1571.633s][info][gc,task        ] GC(243) Using 6 workers of 6 for evacuation
[1571.767s][info][gc,phases      ] GC(243)   Pre Evacuate Collection Set: 0.46ms
[1571.767s][info][gc,phases      ] GC(243)   Merge Heap Roots: 0.83ms
[1571.767s][info][gc,phases      ] GC(243)   Evacuate Collection Set: 131.70ms
[1571.767s][info][gc,phases      ] GC(243)   Post Evacuate Collection Set: 0.98ms
[1571.767s][info][gc,phases      ] GC(243)   Other: 0.10ms
[1571.767s][info][gc,heap        ] GC(243) Eden regions: 1113->0(1119)
[1571.767s][info][gc,heap        ] GC(243) Survivor regions: 109->109(153)
[1571.767s][info][gc,heap        ] GC(243) Old regions: 534->469
[1571.767s][info][gc,heap        ] GC(243) Humongous regions: 80->80
[1571.767s][info][gc,metaspace   ] GC(243) Metaspace: 28909K(29248K)->28909K(29248K) NonClass: 24026K(24192K)->24026K(24192K) Class: 4883K(5056K)->4883K(5056K)
[1571.767s][info][gc             ] GC(243) Pause Young (Mixed) (G1 Evacuation Pause) 3669M->1314M(4096M) 134.197ms
[1571.767s][info][gc,cpu         ] GC(243) User=0.80s Sys=0.00s Real=0.13s
.........[1580.695s][info][gc,start       ] GC(244) Pause Young (Concurrent Start) (G1 Evacuation Pause)
[1580.695s][info][gc,task        ] GC(244) Using 6 workers of 6 for evacuation
[1580.814s][info][gc,phases      ] GC(244)   Pre Evacuate Collection Set: 0.44ms
[1580.814s][info][gc,phases      ] GC(244)   Merge Heap Roots: 0.51ms
[1580.814s][info][gc,phases      ] GC(244)   Evacuate Collection Set: 116.36ms
[1580.814s][info][gc,phases      ] GC(244)   Post Evacuate Collection Set: 0.92ms
[1580.814s][info][gc,phases      ] GC(244)   Other: 0.14ms
[1580.814s][info][gc,heap        ] GC(244) Eden regions: 1119->0(1118)
[1580.814s][info][gc,heap        ] GC(244) Survivor regions: 109->110(154)
[1580.814s][info][gc,heap        ] GC(244) Old regions: 469->502
[1580.814s][info][gc,heap        ] GC(244) Humongous regions: 80->80
[1580.814s][info][gc,metaspace   ] GC(244) Metaspace: 28909K(29248K)->28909K(29248K) NonClass: 24026K(24192K)->24026K(24192K) Class: 4883K(5056K)->4883K(5056K)
[1580.814s][info][gc             ] GC(244) Pause Young (Concurrent Start) (G1 Evacuation Pause) 3552M->1381M(4096M) 118.535ms
[1580.814s][info][gc             ] GC(245) Concurrent Mark Cycle
[1580.814s][info][gc,marking     ] GC(245) Concurrent Scan Root Regions
[1580.814s][info][gc,cpu         ] GC(244) User=0.70s Sys=0.00s Real=0.12s
[1580.934s][info][gc,marking     ] GC(245) Concurrent Scan Root Regions 120.170ms
[1580.934s][info][gc,marking     ] GC(245) Concurrent Mark
[1580.934s][info][gc,marking     ] GC(245) Concurrent Mark From Roots
[1580.934s][info][gc,task        ] GC(245) Using 2 workers of 2 for marking
.[1581.484s][info][gc,marking     ] GC(245) Concurrent Mark From Roots 549.455ms
[1581.484s][info][gc,marking     ] GC(245) Concurrent Preclean
[1581.484s][info][gc,marking     ] GC(245) Concurrent Preclean 0.046ms
[1581.484s][info][gc,start       ] GC(245) Pause Remark
[1581.487s][info][gc             ] GC(245) Pause Remark 1559M->1559M(4096M) 2.734ms
[1581.487s][info][gc,cpu         ] GC(245) User=0.02s Sys=0.00s Real=0.00s
[1581.487s][info][gc,marking     ] GC(245) Concurrent Mark 552.517ms
[1581.487s][info][gc,marking     ] GC(245) Concurrent Rebuild Remembered Sets and Scrub Regions
[1581.693s][info][gc,marking     ] GC(245) Concurrent Rebuild Remembered Sets and Scrub Regions 206.082ms
[1581.693s][info][gc,start       ] GC(245) Pause Cleanup
[1581.693s][info][gc             ] GC(245) Pause Cleanup 1600M->1600M(4096M) 0.124ms
[1581.693s][info][gc,cpu         ] GC(245) User=0.00s Sys=0.00s Real=0.00s
[1581.693s][info][gc,marking     ] GC(245) Concurrent Clear Claimed Marks
[1581.693s][info][gc,marking     ] GC(245) Concurrent Clear Claimed Marks 0.026ms
[1581.693s][info][gc,marking     ] GC(245) Concurrent Cleanup for Next Mark
[1581.696s][info][gc,marking     ] GC(245) Concurrent Cleanup for Next Mark 3.212ms
[1581.696s][info][gc             ] GC(245) Concurrent Mark Cycle 882.475ms
........[1589.894s][info][gc,start       ] GC(246) Pause Young (Prepare Mixed) (G1 Evacuation Pause)
[1589.894s][info][gc,task        ] GC(246) Using 6 workers of 6 for evacuation
[1590.012s][info][gc,phases      ] GC(246)   Pre Evacuate Collection Set: 0.38ms
[1590.012s][info][gc,phases      ] GC(246)   Merge Heap Roots: 0.59ms
[1590.012s][info][gc,phases      ] GC(246)   Evacuate Collection Set: 115.46ms
[1590.012s][info][gc,phases      ] GC(246)   Post Evacuate Collection Set: 0.94ms
[1590.012s][info][gc,phases      ] GC(246)   Other: 0.10ms
[1590.012s][info][gc,heap        ] GC(246) Eden regions: 1118->0(1113)
[1590.012s][info][gc,heap        ] GC(246) Survivor regions: 110->109(154)
[1590.012s][info][gc,heap        ] GC(246) Old regions: 502->534
[1590.012s][info][gc,heap        ] GC(246) Humongous regions: 80->80
[1590.012s][info][gc,metaspace   ] GC(246) Metaspace: 28914K(29248K)->28914K(29248K) NonClass: 24030K(24192K)->24030K(24192K) Class: 4883K(5056K)->4883K(5056K)
[1590.012s][info][gc             ] GC(246) Pause Young (Prepare Mixed) (G1 Evacuation Pause) 3617M->1444M(4096M) 117.595ms
[1590.012s][info][gc,cpu         ] GC(246) User=0.69s Sys=0.00s Real=0.12s
.........[1599.032s][info][gc,start       ] GC(247) Pause Young (Mixed) (G1 Evacuation Pause)
[1599.032s][info][gc,task        ] GC(247) Using 6 workers of 6 for evacuation
[1599.161s][info][gc,phases      ] GC(247)   Pre Evacuate Collection Set: 0.41ms
[1599.161s][info][gc,phases      ] GC(247)   Merge Heap Roots: 0.59ms
[1599.161s][info][gc,phases      ] GC(247)   Evacuate Collection Set: 126.86ms
[1599.161s][info][gc,phases      ] GC(247)   Post Evacuate Collection Set: 0.99ms
[1599.161s][info][gc,phases      ] GC(247)   Other: 0.09ms
[1599.161s][info][gc,heap        ] GC(247) Eden regions: 1113->0(1119)
[1599.161s][info][gc,heap        ] GC(247) Survivor regions: 109->109(153)
[1599.161s][info][gc,heap        ] GC(247) Old regions: 534->470
[1599.161s][info][gc,heap        ] GC(247) Humongous regions: 80->80
[1599.161s][info][gc,metaspace   ] GC(247) Metaspace: 28914K(29248K)->28914K(29248K) NonClass: 24030K(24192K)->24030K(24192K) Class: 4883K(5056K)->4883K(5056K)
[1599.161s][info][gc             ] GC(247) Pause Young (Mixed) (G1 Evacuation Pause) 3670M->1317M(4096M) 129.076ms
[1599.161s][info][gc,cpu         ] GC(247) User=0.77s Sys=0.00s Real=0.13s
..........[1608.227s][info][gc,start       ] GC(248) Pause Young (Concurrent Start) (G1 Evacuation Pause)
[1608.227s][info][gc,task        ] GC(248) Using 6 workers of 6 for evacuation
[1608.344s][info][gc,phases      ] GC(248)   Pre Evacuate Collection Set: 0.44ms
[1608.344s][info][gc,phases      ] GC(248)   Merge Heap Roots: 0.56ms
[1608.344s][info][gc,phases      ] GC(248)   Evacuate Collection Set: 115.34ms
[1608.344s][info][gc,phases      ] GC(248)   Post Evacuate Collection Set: 0.96ms
[1608.344s][info][gc,phases      ] GC(248)   Other: 0.15ms
[1608.344s][info][gc,heap        ] GC(248) Eden regions: 1119->0(1119)
[1608.344s][info][gc,heap        ] GC(248) Survivor regions: 109->109(154)
[1608.344s][info][gc,heap        ] GC(248) Old regions: 470->502
[1608.344s][info][gc,heap        ] GC(248) Humongous regions: 80->80
[1608.344s][info][gc,metaspace   ] GC(248) Metaspace: 28914K(29248K)->28914K(29248K) NonClass: 24030K(24192K)->24030K(24192K) Class: 4883K(5056K)->4883K(5056K)
[1608.344s][info][gc             ] GC(248) Pause Young (Concurrent Start) (G1 Evacuation Pause) 3555M->1381M(4096M) 117.578ms
[1608.345s][info][gc             ] GC(249) Concurrent Mark Cycle
[1608.345s][info][gc,marking     ] GC(249) Concurrent Scan Root Regions
[1608.345s][info][gc,cpu         ] GC(248) User=0.69s Sys=0.00s Real=0.12s
[1608.457s][info][gc,marking     ] GC(249) Concurrent Scan Root Regions 112.576ms
[1608.457s][info][gc,marking     ] GC(249) Concurrent Mark
[1608.457s][info][gc,marking     ] GC(249) Concurrent Mark From Roots
[1608.457s][info][gc,task        ] GC(249) Using 2 workers of 2 for marking
[1609.009s][info][gc,marking     ] GC(249) Concurrent Mark From Roots 551.450ms
[1609.009s][info][gc,marking     ] GC(249) Concurrent Preclean
[1609.009s][info][gc,marking     ] GC(249) Concurrent Preclean 0.050ms
[1609.009s][info][gc,start       ] GC(249) Pause Remark
[1609.011s][info][gc             ] GC(249) Pause Remark 1571M->1571M(4096M) 2.560ms
[1609.011s][info][gc,cpu         ] GC(249) User=0.01s Sys=0.00s Real=0.00s
[1609.012s][info][gc,marking     ] GC(249) Concurrent Mark 554.331ms
[1609.012s][info][gc,marking     ] GC(249) Concurrent Rebuild Remembered Sets and Scrub Regions
.[1609.235s][info][gc,marking     ] GC(249) Concurrent Rebuild Remembered Sets and Scrub Regions 223.211ms
[1609.235s][info][gc,start       ] GC(249) Pause Cleanup
[1609.235s][info][gc             ] GC(249) Pause Cleanup 1645M->1645M(4096M) 0.119ms
[1609.235s][info][gc,cpu         ] GC(249) User=0.00s Sys=0.00s Real=0.00s
[1609.235s][info][gc,marking     ] GC(249) Concurrent Clear Claimed Marks
[1609.235s][info][gc,marking     ] GC(249) Concurrent Clear Claimed Marks 0.026ms
[1609.235s][info][gc,marking     ] GC(249) Concurrent Cleanup for Next Mark
[1609.239s][info][gc,marking     ] GC(249) Concurrent Cleanup for Next Mark 3.656ms
[1609.239s][info][gc             ] GC(249) Concurrent Mark Cycle 894.210ms
........[1617.324s][info][gc,start       ] GC(250) Pause Young (Prepare Mixed) (G1 Evacuation Pause)
[1617.324s][info][gc,task        ] GC(250) Using 6 workers of 6 for evacuation
[1617.440s][info][gc,phases      ] GC(250)   Pre Evacuate Collection Set: 0.37ms
[1617.440s][info][gc,phases      ] GC(250)   Merge Heap Roots: 0.54ms
[1617.440s][info][gc,phases      ] GC(250)   Evacuate Collection Set: 113.50ms
[1617.440s][info][gc,phases      ] GC(250)   Post Evacuate Collection Set: 0.99ms
[1617.440s][info][gc,phases      ] GC(250)   Other: 0.09ms
[1617.440s][info][gc,heap        ] GC(250) Eden regions: 1119->0(1114)
[1617.440s][info][gc,heap        ] GC(250) Survivor regions: 109->108(154)
[1617.440s][info][gc,heap        ] GC(250) Old regions: 502->535
[1617.440s][info][gc,heap        ] GC(250) Humongous regions: 80->80
[1617.440s][info][gc,metaspace   ] GC(250) Metaspace: 28914K(29248K)->28914K(29248K) NonClass: 24030K(24192K)->24030K(24192K) Class: 4883K(5056K)->4883K(5056K)
[1617.440s][info][gc             ] GC(250) Pause Young (Prepare Mixed) (G1 Evacuation Pause) 3619M->1444M(4096M) 115.648ms
[1617.440s][info][gc,cpu         ] GC(250) User=0.69s Sys=0.00s Real=0.12s
.. (rIR:aIR:PR = 2076:2074:2074) (tPR = 30882) [OK] 
  1619s: Performance info:
         Transaction,    Success,    Partial,     Failed,   Receipts, AvgBarcode, 
             Overall,     124553,          0,          0,     118315,      59.49, 
         Response times:
             Request,    Success,    Partial,     Failed,   SkipFail,     Probes,    Samples,      min,      p50,      p90,      p95,      p99,      max, 
       TotalPurchase,     118315,          0,          0,          0,     115428,     148599,      300,     1900,     2900,     3300,    11100,   173000,
     InStorePurchase,      62220,          0,          0,          0,      60803,      78021,      300,     1700,     2900,     3300,    11100,   173000,
      OnlinePurchase,      43616,          0,          0,          0,      42678,      55010,      300,     2000,     3000,     3400,    11789,   161000,
        InstPurchase,      12479,          0,          0,          0,      11947,      15568,      400,     1900,     2900,     3300,     9931,   139000,
          AssocOfCat,        127,          0,          0,          0,         86,        141,    18200,    25000,    31800,    36900,   123020,   173000,
      AssocOfProduct,       1249,          0,          0,          0,       1081,       1520,      500,     2300,     3100,     3500,    10937,   122000,
      BusinessReport,        312,          0,          0,          0,        246,        396,    21000,    28000,    36000,    42300,   120720,   173000,
          CustBuyBeh,       1249,          0,          0,          0,       1098,       1526,      200,     1600,     3000,     3465,    14600,    36000,
       ProductReturn,       3301,          0,          0,          0,       3047,       4094,      200,     2100,     3100,     3600,    12435,   133000,

  1619s: (16%)   IR =   2214 ......|[1626.039s][info][gc,start       ] GC(251) Pause Young (Mixed) (G1 Evacuation Pause)
[1626.039s][info][gc,task        ] GC(251) Using 6 workers of 6 for evacuation
[1626.171s][info][gc,phases      ] GC(251)   Pre Evacuate Collection Set: 0.43ms
[1626.171s][info][gc,phases      ] GC(251)   Merge Heap Roots: 0.67ms
[1626.171s][info][gc,phases      ] GC(251)   Evacuate Collection Set: 129.91ms
[1626.171s][info][gc,phases      ] GC(251)   Post Evacuate Collection Set: 0.95ms
[1626.171s][info][gc,phases      ] GC(251)   Other: 0.09ms
[1626.171s][info][gc,heap        ] GC(251) Eden regions: 1114->0(1119)
[1626.171s][info][gc,heap        ] GC(251) Survivor regions: 108->109(153)
[1626.171s][info][gc,heap        ] GC(251) Old regions: 535->470
[1626.171s][info][gc,heap        ] GC(251) Humongous regions: 80->80
[1626.171s][info][gc,metaspace   ] GC(251) Metaspace: 28916K(29248K)->28916K(29248K) NonClass: 24032K(24192K)->24032K(24192K) Class: 4883K(5056K)->4883K(5056K)
[1626.172s][info][gc             ] GC(251) Pause Young (Mixed) (G1 Evacuation Pause) 3672M->1316M(4096M) 132.179ms
[1626.172s][info][gc,cpu         ] GC(251) User=0.78s Sys=0.00s Real=0.13s
.........[1634.630s][info][gc,start       ] GC(252) Pause Young (Concurrent Start) (G1 Evacuation Pause)
[1634.630s][info][gc,task        ] GC(252) Using 6 workers of 6 for evacuation
[1634.746s][info][gc,phases      ] GC(252)   Pre Evacuate Collection Set: 0.41ms
[1634.746s][info][gc,phases      ] GC(252)   Merge Heap Roots: 0.49ms
[1634.747s][info][gc,phases      ] GC(252)   Evacuate Collection Set: 114.16ms
[1634.747s][info][gc,phases      ] GC(252)   Post Evacuate Collection Set: 0.94ms
[1634.747s][info][gc,phases      ] GC(252)   Other: 0.12ms
[1634.747s][info][gc,heap        ] GC(252) Eden regions: 1119->0(1119)
[1634.747s][info][gc,heap        ] GC(252) Survivor regions: 109->109(154)
[1634.747s][info][gc,heap        ] GC(252) Old regions: 470->502
[1634.747s][info][gc,heap        ] GC(252) Humongous regions: 80->80
[1634.747s][info][gc,metaspace   ] GC(252) Metaspace: 28916K(29248K)->28916K(29248K) NonClass: 24032K(24192K)->24032K(24192K) Class: 4883K(5056K)->4883K(5056K)
[1634.747s][info][gc             ] GC(252) Pause Young (Concurrent Start) (G1 Evacuation Pause) 3554M->1379M(4096M) 116.258ms
[1634.747s][info][gc             ] GC(253) Concurrent Mark Cycle
[1634.747s][info][gc,marking     ] GC(253) Concurrent Scan Root Regions
[1634.747s][info][gc,cpu         ] GC(252) User=0.69s Sys=0.00s Real=0.11s
[1634.860s][info][gc,marking     ] GC(253) Concurrent Scan Root Regions 113.401ms
[1634.860s][info][gc,marking     ] GC(253) Concurrent Mark
[1634.860s][info][gc,marking     ] GC(253) Concurrent Mark From Roots
[1634.860s][info][gc,task        ] GC(253) Using 2 workers of 2 for marking
.[1635.404s][info][gc,marking     ] GC(253) Concurrent Mark From Roots 543.584ms
[1635.404s][info][gc,marking     ] GC(253) Concurrent Preclean
[1635.404s][info][gc,marking     ] GC(253) Concurrent Preclean 0.064ms
[1635.404s][info][gc,start       ] GC(253) Pause Remark
[1635.407s][info][gc             ] GC(253) Pause Remark 1560M->1560M(4096M) 2.904ms
[1635.407s][info][gc,cpu         ] GC(253) User=0.01s Sys=0.00s Real=0.00s
[1635.407s][info][gc,marking     ] GC(253) Concurrent Mark 546.805ms
[1635.407s][info][gc,marking     ] GC(253) Concurrent Rebuild Remembered Sets and Scrub Regions
[1635.626s][info][gc,marking     ] GC(253) Concurrent Rebuild Remembered Sets and Scrub Regions 218.748ms
[1635.626s][info][gc,start       ] GC(253) Pause Cleanup
[1635.626s][info][gc             ] GC(253) Pause Cleanup 1627M->1627M(4096M) 0.124ms
[1635.626s][info][gc,cpu         ] GC(253) User=0.00s Sys=0.00s Real=0.00s
[1635.626s][info][gc,marking     ] GC(253) Concurrent Clear Claimed Marks
[1635.626s][info][gc,marking     ] GC(253) Concurrent Clear Claimed Marks 0.034ms
[1635.626s][info][gc,marking     ] GC(253) Concurrent Cleanup for Next Mark
[1635.630s][info][gc,marking     ] GC(253) Concurrent Cleanup for Next Mark 3.560ms
[1635.630s][info][gc             ] GC(253) Concurrent Mark Cycle 882.989ms
........[1643.243s][info][gc,start       ] GC(254) Pause Young (Prepare Mixed) (G1 Evacuation Pause)
[1643.243s][info][gc,task        ] GC(254) Using 6 workers of 6 for evacuation
[1643.359s][info][gc,phases      ] GC(254)   Pre Evacuate Collection Set: 0.36ms
[1643.359s][info][gc,phases      ] GC(254)   Merge Heap Roots: 0.50ms
[1643.359s][info][gc,phases      ] GC(254)   Evacuate Collection Set: 114.43ms
[1643.359s][info][gc,phases      ] GC(254)   Post Evacuate Collection Set: 0.94ms
[1643.359s][info][gc,phases      ] GC(254)   Other: 0.09ms
[1643.359s][info][gc,heap        ] GC(254) Eden regions: 1119->0(1115)
[1643.359s][info][gc,heap        ] GC(254) Survivor regions: 109->108(154)
[1643.359s][info][gc,heap        ] GC(254) Old regions: 502->534
[1643.359s][info][gc,heap        ] GC(254) Humongous regions: 80->80
[1643.359s][info][gc,metaspace   ] GC(254) Metaspace: 28916K(29248K)->28916K(29248K) NonClass: 24032K(24192K)->24032K(24192K) Class: 4883K(5056K)->4883K(5056K)
[1643.359s][info][gc             ] GC(254) Pause Young (Prepare Mixed) (G1 Evacuation Pause) 3617M->1442M(4096M) 116.435ms
[1643.359s][info][gc,cpu         ] GC(254) User=0.68s Sys=0.00s Real=0.12s
........[1651.817s][info][gc,start       ] GC(255) Pause Young (Mixed) (G1 Evacuation Pause)
[1651.817s][info][gc,task        ] GC(255) Using 6 workers of 6 for evacuation
[1651.949s][info][gc,phases      ] GC(255)   Pre Evacuate Collection Set: 0.40ms
[1651.949s][info][gc,phases      ] GC(255)   Merge Heap Roots: 0.64ms
[1651.949s][info][gc,phases      ] GC(255)   Evacuate Collection Set: 129.41ms
[1651.949s][info][gc,phases      ] GC(255)   Post Evacuate Collection Set: 1.01ms
[1651.949s][info][gc,phases      ] GC(255)   Other: 0.09ms
[1651.949s][info][gc,heap        ] GC(255) Eden regions: 1115->0(1117)
[1651.949s][info][gc,heap        ] GC(255) Survivor regions: 108->111(153)
[1651.949s][info][gc,heap        ] GC(255) Old regions: 534->469
[1651.949s][info][gc,heap        ] GC(255) Humongous regions: 80->80
[1651.949s][info][gc,metaspace   ] GC(255) Metaspace: 28916K(29248K)->28916K(29248K) NonClass: 24032K(24192K)->24032K(24192K) Class: 4883K(5056K)->4883K(5056K)
[1651.949s][info][gc             ] GC(255) Pause Young (Mixed) (G1 Evacuation Pause) 3672M->1318M(4096M) 131.693ms
[1651.949s][info][gc,cpu         ] GC(255) User=0.78s Sys=0.00s Real=0.14s
.........[1660.465s][info][gc,start       ] GC(256) Pause Young (Concurrent Start) (G1 Evacuation Pause)
[1660.466s][info][gc,task        ] GC(256) Using 6 workers of 6 for evacuation
[1660.581s][info][gc,phases      ] GC(256)   Pre Evacuate Collection Set: 0.41ms
[1660.581s][info][gc,phases      ] GC(256)   Merge Heap Roots: 0.47ms
[1660.581s][info][gc,phases      ] GC(256)   Evacuate Collection Set: 113.84ms
[1660.581s][info][gc,phases      ] GC(256)   Post Evacuate Collection Set: 0.94ms
[1660.581s][info][gc,phases      ] GC(256)   Other: 0.13ms
[1660.581s][info][gc,heap        ] GC(256) Eden regions: 1117->0(1120)
[1660.581s][info][gc,heap        ] GC(256) Survivor regions: 111->108(154)
[1660.581s][info][gc,heap        ] GC(256) Old regions: 469->502
[1660.581s][info][gc,heap        ] GC(256) Humongous regions: 80->80
[1660.581s][info][gc,metaspace   ] GC(256) Metaspace: 28916K(29248K)->28916K(29248K) NonClass: 24032K(24192K)->24032K(24192K) Class: 4883K(5056K)->4883K(5056K)
[1660.581s][info][gc             ] GC(256) Pause Young (Concurrent Start) (G1 Evacuation Pause) 3552M->1378M(4096M) 115.919ms
[1660.581s][info][gc             ] GC(257) Concurrent Mark Cycle
[1660.581s][info][gc,marking     ] GC(257) Concurrent Scan Root Regions
[1660.581s][info][gc,cpu         ] GC(256) User=0.68s Sys=0.00s Real=0.12s
[1660.707s][info][gc,marking     ] GC(257) Concurrent Scan Root Regions 125.643ms
[1660.707s][info][gc,marking     ] GC(257) Concurrent Mark
[1660.707s][info][gc,marking     ] GC(257) Concurrent Mark From Roots
[1660.707s][info][gc,task        ] GC(257) Using 2 workers of 2 for marking
.[1661.263s][info][gc,marking     ] GC(257) Concurrent Mark From Roots 556.016ms
[1661.263s][info][gc,marking     ] GC(257) Concurrent Preclean
[1661.263s][info][gc,marking     ] GC(257) Concurrent Preclean 0.054ms
[1661.263s][info][gc,start       ] GC(257) Pause Remark
[1661.266s][info][gc             ] GC(257) Pause Remark 1593M->1593M(4096M) 2.825ms
[1661.266s][info][gc,cpu         ] GC(257) User=0.01s Sys=0.00s Real=0.00s
[1661.266s][info][gc,marking     ] GC(257) Concurrent Mark 559.164ms
[1661.266s][info][gc,marking     ] GC(257) Concurrent Rebuild Remembered Sets and Scrub Regions
[1661.475s][info][gc,marking     ] GC(257) Concurrent Rebuild Remembered Sets and Scrub Regions 209.041ms
[1661.476s][info][gc,start       ] GC(257) Pause Cleanup
[1661.476s][info][gc             ] GC(257) Pause Cleanup 1635M->1635M(4096M) 0.120ms
[1661.476s][info][gc,cpu         ] GC(257) User=0.00s Sys=0.00s Real=0.00s
[1661.476s][info][gc,marking     ] GC(257) Concurrent Clear Claimed Marks
[1661.476s][info][gc,marking     ] GC(257) Concurrent Clear Claimed Marks 0.023ms
[1661.476s][info][gc,marking     ] GC(257) Concurrent Cleanup for Next Mark
[1661.479s][info][gc,marking     ] GC(257) Concurrent Cleanup for Next Mark 3.241ms
[1661.479s][info][gc             ] GC(257) Concurrent Mark Cycle 897.555ms
.......[1669.020s][info][gc,start       ] GC(258) Pause Young (Prepare Mixed) (G1 Evacuation Pause)
[1669.020s][info][gc,task        ] GC(258) Using 6 workers of 6 for evacuation
[1669.137s][info][gc,phases      ] GC(258)   Pre Evacuate Collection Set: 0.39ms
[1669.137s][info][gc,phases      ] GC(258)   Merge Heap Roots: 0.49ms
[1669.137s][info][gc,phases      ] GC(258)   Evacuate Collection Set: 115.25ms
[1669.137s][info][gc,phases      ] GC(258)   Post Evacuate Collection Set: 0.95ms
[1669.137s][info][gc,phases      ] GC(258)   Other: 0.08ms
[1669.137s][info][gc,heap        ] GC(258) Eden regions: 1120->0(1114)
[1669.137s][info][gc,heap        ] GC(258) Survivor regions: 108->109(154)
[1669.137s][info][gc,heap        ] GC(258) Old regions: 502->533
[1669.137s][info][gc,heap        ] GC(258) Humongous regions: 80->80
[1669.137s][info][gc,metaspace   ] GC(258) Metaspace: 28916K(29248K)->28916K(29248K) NonClass: 24032K(24192K)->24032K(24192K) Class: 4883K(5056K)->4883K(5056K)
[1669.137s][info][gc             ] GC(258) Pause Young (Prepare Mixed) (G1 Evacuation Pause) 3618M->1443M(4096M) 117.314ms
[1669.137s][info][gc,cpu         ] GC(258) User=0.69s Sys=0.00s Real=0.11s
.........[1677.615s][info][gc,start       ] GC(259) Pause Young (Mixed) (G1 Evacuation Pause)
[1677.615s][info][gc,task        ] GC(259) Using 6 workers of 6 for evacuation
[1677.745s][info][gc,phases      ] GC(259)   Pre Evacuate Collection Set: 0.40ms
[1677.745s][info][gc,phases      ] GC(259)   Merge Heap Roots: 0.71ms
[1677.745s][info][gc,phases      ] GC(259)   Evacuate Collection Set: 128.37ms
[1677.745s][info][gc,phases      ] GC(259)   Post Evacuate Collection Set: 0.98ms
[1677.745s][info][gc,phases      ] GC(259)   Other: 0.08ms
[1677.745s][info][gc,heap        ] GC(259) Eden regions: 1114->0(1119)
[1677.745s][info][gc,heap        ] GC(259) Survivor regions: 109->109(153)
[1677.745s][info][gc,heap        ] GC(259) Old regions: 533->469
[1677.745s][info][gc,heap        ] GC(259) Humongous regions: 80->80
[1677.745s][info][gc,metaspace   ] GC(259) Metaspace: 28916K(29248K)->28916K(29248K) NonClass: 24032K(24192K)->24032K(24192K) Class: 4883K(5056K)->4883K(5056K)
[1677.746s][info][gc             ] GC(259) Pause Young (Mixed) (G1 Evacuation Pause) 3671M->1313M(4096M) 130.665ms
[1677.746s][info][gc,cpu         ] GC(259) User=0.77s Sys=0.00s Real=0.13s
........ (rIR:aIR:PR = 2214:2215:2215) (tPR = 32758) [OK] 
  1685s: Performance info:
         Transaction,    Success,    Partial,     Failed,   Receipts, AvgBarcode, 
             Overall,     132956,          0,          0,     126309,      59.47, 
         Response times:
             Request,    Success,    Partial,     Failed,   SkipFail,     Probes,    Samples,      min,      p50,      p90,      p95,      p99,      max, 
       TotalPurchase,     126309,          0,          0,          0,     123702,     137556,      300,     2000,     3100,     3400,     9100,   136000,
     InStorePurchase,      66446,          0,          0,          0,      65170,      72252,      300,     2000,     3100,     3500,     8847,   136000,
      OnlinePurchase,      46583,          0,          0,          0,      45645,      50715,      300,     1900,     3000,     3400,     8900,   136000,
        InstPurchase,      13280,          0,          0,          0,      12887,      14589,      400,     2200,     3200,     3600,    11100,   136000,
          AssocOfCat,        130,          0,          0,          0,         98,        152,    18500,    26000,    29000,    31000,    87230,   145000,
      AssocOfProduct,       1330,          0,          0,          0,       1203,       1470,      700,     2300,     3100,     3500,     8200,   124000,
      BusinessReport,        329,          0,          0,          0,        243,        332,    19800,    28000,    36000,    40000,    53010,    73000,
          CustBuyBeh,       1330,          0,          0,          0,       1156,       1412,      200,     1200,     2400,     2800,     6387,    27000,
       ProductReturn,       3528,          0,          0,          0,       3258,       3807,      200,     2000,     3100,     3400,     6284,   121000,

  1685s: (17%)   IR =   2352 [1686.123s][info][gc,start       ] GC(260) Pause Young (Concurrent Start) (G1 Evacuation Pause)
[1686.123s][info][gc,task        ] GC(260) Using 6 workers of 6 for evacuation
[1686.239s][info][gc,phases      ] GC(260)   Pre Evacuate Collection Set: 0.42ms
[1686.239s][info][gc,phases      ] GC(260)   Merge Heap Roots: 0.48ms
[1686.239s][info][gc,phases      ] GC(260)   Evacuate Collection Set: 114.25ms
[1686.239s][info][gc,phases      ] GC(260)   Post Evacuate Collection Set: 0.91ms
[1686.239s][info][gc,phases      ] GC(260)   Other: 0.12ms
[1686.239s][info][gc,heap        ] GC(260) Eden regions: 1119->0(1119)
[1686.239s][info][gc,heap        ] GC(260) Survivor regions: 109->109(154)
[1686.239s][info][gc,heap        ] GC(260) Old regions: 469->501
[1686.239s][info][gc,heap        ] GC(260) Humongous regions: 80->80
[1686.239s][info][gc,metaspace   ] GC(260) Metaspace: 28916K(29248K)->28916K(29248K) NonClass: 24032K(24192K)->24032K(24192K) Class: 4883K(5056K)->4883K(5056K)
[1686.239s][info][gc             ] GC(260) Pause Young (Concurrent Start) (G1 Evacuation Pause) 3551M->1378M(4096M) 116.299ms
[1686.239s][info][gc             ] GC(261) Concurrent Mark Cycle
[1686.239s][info][gc,marking     ] GC(261) Concurrent Scan Root Regions
[1686.239s][info][gc,cpu         ] GC(260) User=0.69s Sys=0.00s Real=0.12s
.[1686.354s][info][gc,marking     ] GC(261) Concurrent Scan Root Regions 114.933ms
[1686.354s][info][gc,marking     ] GC(261) Concurrent Mark
[1686.354s][info][gc,marking     ] GC(261) Concurrent Mark From Roots
[1686.354s][info][gc,task        ] GC(261) Using 2 workers of 2 for marking
[1686.923s][info][gc,marking     ] GC(261) Concurrent Mark From Roots 569.343ms
[1686.923s][info][gc,marking     ] GC(261) Concurrent Preclean
[1686.923s][info][gc,marking     ] GC(261) Concurrent Preclean 0.079ms
[1686.924s][info][gc,start       ] GC(261) Pause Remark
[1686.927s][info][gc             ] GC(261) Pause Remark 1584M->1584M(4096M) 2.765ms
[1686.927s][info][gc,cpu         ] GC(261) User=0.02s Sys=0.00s Real=0.00s
[1686.927s][info][gc,marking     ] GC(261) Concurrent Mark 573.265ms
[1686.927s][info][gc,marking     ] GC(261) Concurrent Rebuild Remembered Sets and Scrub Regions
[1687.129s][info][gc,marking     ] GC(261) Concurrent Rebuild Remembered Sets and Scrub Regions 201.362ms
[1687.129s][info][gc,start       ] GC(261) Pause Cleanup
[1687.129s][info][gc             ] GC(261) Pause Cleanup 1636M->1636M(4096M) 0.122ms
[1687.129s][info][gc,cpu         ] GC(261) User=0.00s Sys=0.00s Real=0.00s
[1687.129s][info][gc,marking     ] GC(261) Concurrent Clear Claimed Marks
[1687.129s][info][gc,marking     ] GC(261) Concurrent Clear Claimed Marks 0.032ms
[1687.129s][info][gc,marking     ] GC(261) Concurrent Cleanup for Next Mark
[1687.133s][info][gc,marking     ] GC(261) Concurrent Cleanup for Next Mark 3.696ms
[1687.133s][info][gc             ] GC(261) Concurrent Mark Cycle 893.765ms
.......[1694.233s][info][gc,start       ] GC(262) Pause Young (Prepare Mixed) (G1 Evacuation Pause)
[1694.233s][info][gc,task        ] GC(262) Using 6 workers of 6 for evacuation
[1694.350s][info][gc,phases      ] GC(262)   Pre Evacuate Collection Set: 0.39ms
[1694.350s][info][gc,phases      ] GC(262)   Merge Heap Roots: 0.49ms
[1694.350s][info][gc,phases      ] GC(262)   Evacuate Collection Set: 114.96ms
[1694.350s][info][gc,phases      ] GC(262)   Post Evacuate Collection Set: 0.95ms
[1694.350s][info][gc,phases      ] GC(262)   Other: 0.10ms
[1694.350s][info][gc,heap        ] GC(262) Eden regions: 1119->0(1114)
[1694.350s][info][gc,heap        ] GC(262) Survivor regions: 109->109(154)
[1694.350s][info][gc,heap        ] GC(262) Old regions: 501->533
[1694.350s][info][gc,heap        ] GC(262) Humongous regions: 80->80
[1694.350s][info][gc,metaspace   ] GC(262) Metaspace: 28916K(29248K)->28916K(29248K) NonClass: 24032K(24192K)->24032K(24192K) Class: 4883K(5056K)->4883K(5056K)
[1694.350s][info][gc             ] GC(262) Pause Young (Prepare Mixed) (G1 Evacuation Pause) 3616M->1441M(4096M) 117.013ms
[1694.350s][info][gc,cpu         ] GC(262) User=0.69s Sys=0.00s Real=0.12s
.|........[1702.365s][info][gc,start       ] GC(263) Pause Young (Mixed) (G1 Evacuation Pause)
[1702.365s][info][gc,task        ] GC(263) Using 6 workers of 6 for evacuation
[1702.496s][info][gc,phases      ] GC(263)   Pre Evacuate Collection Set: 0.42ms
[1702.496s][info][gc,phases      ] GC(263)   Merge Heap Roots: 0.64ms
[1702.496s][info][gc,phases      ] GC(263)   Evacuate Collection Set: 128.51ms
[1702.496s][info][gc,phases      ] GC(263)   Post Evacuate Collection Set: 0.99ms
[1702.496s][info][gc,phases      ] GC(263)   Other: 0.11ms
[1702.496s][info][gc,heap        ] GC(263) Eden regions: 1114->0(1119)
[1702.496s][info][gc,heap        ] GC(263) Survivor regions: 109->109(153)
[1702.496s][info][gc,heap        ] GC(263) Old regions: 533->469
[1702.496s][info][gc,heap        ] GC(263) Humongous regions: 80->80
[1702.496s][info][gc,metaspace   ] GC(263) Metaspace: 28916K(29248K)->28916K(29248K) NonClass: 24032K(24192K)->24032K(24192K) Class: 4883K(5056K)->4883K(5056K)
[1702.496s][info][gc             ] GC(263) Pause Young (Mixed) (G1 Evacuation Pause) 3669M->1314M(4096M) 130.799ms
[1702.496s][info][gc,cpu         ] GC(263) User=0.78s Sys=0.00s Real=0.13s
........[1710.372s][info][gc,start       ] GC(264) Pause Young (Concurrent Start) (G1 Evacuation Pause)
[1710.372s][info][gc,task        ] GC(264) Using 6 workers of 6 for evacuation
[1710.488s][info][gc,phases      ] GC(264)   Pre Evacuate Collection Set: 0.40ms
[1710.488s][info][gc,phases      ] GC(264)   Merge Heap Roots: 0.45ms
[1710.488s][info][gc,phases      ] GC(264)   Evacuate Collection Set: 114.20ms
[1710.488s][info][gc,phases      ] GC(264)   Post Evacuate Collection Set: 0.93ms
[1710.488s][info][gc,phases      ] GC(264)   Other: 0.10ms
[1710.488s][info][gc,heap        ] GC(264) Eden regions: 1119->0(1120)
[1710.488s][info][gc,heap        ] GC(264) Survivor regions: 109->108(154)
[1710.488s][info][gc,heap        ] GC(264) Old regions: 469->502
[1710.488s][info][gc,heap        ] GC(264) Humongous regions: 80->80
[1710.488s][info][gc,metaspace   ] GC(264) Metaspace: 28916K(29248K)->28916K(29248K) NonClass: 24032K(24192K)->24032K(24192K) Class: 4883K(5056K)->4883K(5056K)
[1710.488s][info][gc             ] GC(264) Pause Young (Concurrent Start) (G1 Evacuation Pause) 3552M->1378M(4096M) 116.215ms
[1710.488s][info][gc             ] GC(265) Concurrent Mark Cycle
[1710.488s][info][gc,marking     ] GC(265) Concurrent Scan Root Regions
[1710.488s][info][gc,cpu         ] GC(264) User=0.69s Sys=0.00s Real=0.12s
[1710.617s][info][gc,marking     ] GC(265) Concurrent Scan Root Regions 128.560ms
[1710.617s][info][gc,marking     ] GC(265) Concurrent Mark
[1710.617s][info][gc,marking     ] GC(265) Concurrent Mark From Roots
[1710.617s][info][gc,task        ] GC(265) Using 2 workers of 2 for marking
[1711.228s][info][gc,marking     ] GC(265) Concurrent Mark From Roots 611.132ms
[1711.228s][info][gc,marking     ] GC(265) Concurrent Preclean
[1711.228s][info][gc,marking     ] GC(265) Concurrent Preclean 0.050ms
[1711.228s][info][gc,start       ] GC(265) Pause Remark
[1711.231s][info][gc             ] GC(265) Pause Remark 1630M->1630M(4096M) 2.843ms
[1711.231s][info][gc,cpu         ] GC(265) User=0.01s Sys=0.01s Real=0.00s
[1711.231s][info][gc,marking     ] GC(265) Concurrent Mark 614.282ms
[1711.231s][info][gc,marking     ] GC(265) Concurrent Rebuild Remembered Sets and Scrub Regions
.[1711.462s][info][gc,marking     ] GC(265) Concurrent Rebuild Remembered Sets and Scrub Regions 231.182ms
[1711.462s][info][gc,start       ] GC(265) Pause Cleanup
[1711.462s][info][gc             ] GC(265) Pause Cleanup 1700M->1700M(4096M) 0.121ms
[1711.462s][info][gc,cpu         ] GC(265) User=0.00s Sys=0.00s Real=0.00s
[1711.462s][info][gc,marking     ] GC(265) Concurrent Clear Claimed Marks
[1711.463s][info][gc,marking     ] GC(265) Concurrent Clear Claimed Marks 0.029ms
[1711.463s][info][gc,marking     ] GC(265) Concurrent Cleanup for Next Mark
[1711.466s][info][gc,marking     ] GC(265) Concurrent Cleanup for Next Mark 3.552ms
[1711.466s][info][gc             ] GC(265) Concurrent Mark Cycle 978.069ms
.......[1718.506s][info][gc,start       ] GC(266) Pause Young (Prepare Mixed) (G1 Evacuation Pause)
[1718.506s][info][gc,task        ] GC(266) Using 6 workers of 6 for evacuation
[1718.622s][info][gc,phases      ] GC(266)   Pre Evacuate Collection Set: 0.39ms
[1718.622s][info][gc,phases      ] GC(266)   Merge Heap Roots: 0.49ms
[1718.622s][info][gc,phases      ] GC(266)   Evacuate Collection Set: 113.68ms
[1718.622s][info][gc,phases      ] GC(266)   Post Evacuate Collection Set: 0.96ms
[1718.622s][info][gc,phases      ] GC(266)   Other: 0.09ms
[1718.622s][info][gc,heap        ] GC(266) Eden regions: 1120->0(1115)
[1718.622s][info][gc,heap        ] GC(266) Survivor regions: 108->108(154)
[1718.622s][info][gc,heap        ] GC(266) Old regions: 502->534
[1718.622s][info][gc,heap        ] GC(266) Humongous regions: 80->80
[1718.622s][info][gc,metaspace   ] GC(266) Metaspace: 28916K(29248K)->28916K(29248K) NonClass: 24032K(24192K)->24032K(24192K) Class: 4883K(5056K)->4883K(5056K)
[1718.622s][info][gc             ] GC(266) Pause Young (Prepare Mixed) (G1 Evacuation Pause) 3618M->1442M(4096M) 115.740ms
[1718.622s][info][gc,cpu         ] GC(266) User=0.68s Sys=0.00s Real=0.12s
........[1726.517s][info][gc,start       ] GC(267) Pause Young (Mixed) (G1 Evacuation Pause)
[1726.517s][info][gc,task        ] GC(267) Using 6 workers of 6 for evacuation
[1726.647s][info][gc,phases      ] GC(267)   Pre Evacuate Collection Set: 0.43ms
[1726.647s][info][gc,phases      ] GC(267)   Merge Heap Roots: 0.65ms
[1726.647s][info][gc,phases      ] GC(267)   Evacuate Collection Set: 127.49ms
[1726.647s][info][gc,phases      ] GC(267)   Post Evacuate Collection Set: 0.97ms
[1726.647s][info][gc,phases      ] GC(267)   Other: 0.09ms
[1726.647s][info][gc,heap        ] GC(267) Eden regions: 1115->0(1121)
[1726.647s][info][gc,heap        ] GC(267) Survivor regions: 108->107(153)
[1726.647s][info][gc,heap        ] GC(267) Old regions: 534->470
[1726.647s][info][gc,heap        ] GC(267) Humongous regions: 80->80
[1726.647s][info][gc,metaspace   ] GC(267) Metaspace: 28916K(29248K)->28916K(29248K) NonClass: 24032K(24192K)->24032K(24192K) Class: 4883K(5056K)->4883K(5056K)
[1726.647s][info][gc             ] GC(267) Pause Young (Mixed) (G1 Evacuation Pause) 3672M->1312M(4096M) 129.761ms
[1726.647s][info][gc,cpu         ] GC(267) User=0.76s Sys=0.00s Real=0.13s
........[1734.623s][info][gc,start       ] GC(268) Pause Young (Concurrent Start) (G1 Evacuation Pause)
[1734.623s][info][gc,task        ] GC(268) Using 6 workers of 6 for evacuation
[1734.739s][info][gc,phases      ] GC(268)   Pre Evacuate Collection Set: 0.43ms
[1734.739s][info][gc,phases      ] GC(268)   Merge Heap Roots: 0.47ms
[1734.739s][info][gc,phases      ] GC(268)   Evacuate Collection Set: 113.89ms
[1734.739s][info][gc,phases      ] GC(268)   Post Evacuate Collection Set: 0.90ms
[1734.739s][info][gc,phases      ] GC(268)   Other: 0.12ms
[1734.739s][info][gc,heap        ] GC(268) Eden regions: 1121->0(1120)
[1734.739s][info][gc,heap        ] GC(268) Survivor regions: 107->108(154)
[1734.739s][info][gc,heap        ] GC(268) Old regions: 470->502
[1734.739s][info][gc,heap        ] GC(268) Humongous regions: 80->80
[1734.739s][info][gc,metaspace   ] GC(268) Metaspace: 28916K(29248K)->28916K(29248K) NonClass: 24032K(24192K)->24032K(24192K) Class: 4883K(5056K)->4883K(5056K)
[1734.739s][info][gc             ] GC(268) Pause Young (Concurrent Start) (G1 Evacuation Pause) 3554M->1379M(4096M) 115.933ms
[1734.739s][info][gc             ] GC(269) Concurrent Mark Cycle
[1734.739s][info][gc,marking     ] GC(269) Concurrent Scan Root Regions
[1734.739s][info][gc,cpu         ] GC(268) User=0.68s Sys=0.00s Real=0.12s
[1734.882s][info][gc,marking     ] GC(269) Concurrent Scan Root Regions 142.640ms
[1734.882s][info][gc,marking     ] GC(269) Concurrent Mark
[1734.882s][info][gc,marking     ] GC(269) Concurrent Mark From Roots
[1734.882s][info][gc,task        ] GC(269) Using 2 workers of 2 for marking
.[1735.489s][info][gc,marking     ] GC(269) Concurrent Mark From Roots 606.687ms
[1735.489s][info][gc,marking     ] GC(269) Concurrent Preclean
[1735.489s][info][gc,marking     ] GC(269) Concurrent Preclean 0.046ms
[1735.489s][info][gc,start       ] GC(269) Pause Remark
[1735.492s][info][gc             ] GC(269) Pause Remark 1619M->1619M(4096M) 2.892ms
[1735.492s][info][gc,cpu         ] GC(269) User=0.02s Sys=0.00s Real=0.00s
[1735.492s][info][gc,marking     ] GC(269) Concurrent Mark 609.893ms
[1735.492s][info][gc,marking     ] GC(269) Concurrent Rebuild Remembered Sets and Scrub Regions
[1735.729s][info][gc,marking     ] GC(269) Concurrent Rebuild Remembered Sets and Scrub Regions 236.956ms
[1735.729s][info][gc,start       ] GC(269) Pause Cleanup
[1735.729s][info][gc             ] GC(269) Pause Cleanup 1694M->1694M(4096M) 0.116ms
[1735.729s][info][gc,cpu         ] GC(269) User=0.00s Sys=0.00s Real=0.00s
[1735.729s][info][gc,marking     ] GC(269) Concurrent Clear Claimed Marks
[1735.729s][info][gc,marking     ] GC(269) Concurrent Clear Claimed Marks 0.026ms
[1735.729s][info][gc,marking     ] GC(269) Concurrent Cleanup for Next Mark
[1735.733s][info][gc,marking     ] GC(269) Concurrent Cleanup for Next Mark 3.664ms
[1735.733s][info][gc             ] GC(269) Concurrent Mark Cycle 993.636ms
.......[1742.675s][info][gc,start       ] GC(270) Pause Young (Prepare Mixed) (G1 Evacuation Pause)
[1742.675s][info][gc,task        ] GC(270) Using 6 workers of 6 for evacuation
[1742.796s][info][gc,phases      ] GC(270)   Pre Evacuate Collection Set: 0.35ms
[1742.796s][info][gc,phases      ] GC(270)   Merge Heap Roots: 0.51ms
[1742.796s][info][gc,phases      ] GC(270)   Evacuate Collection Set: 118.98ms
[1742.796s][info][gc,phases      ] GC(270)   Post Evacuate Collection Set: 0.95ms
[1742.796s][info][gc,phases      ] GC(270)   Other: 0.08ms
[1742.796s][info][gc,heap        ] GC(270) Eden regions: 1120->0(1105)
[1742.796s][info][gc,heap        ] GC(270) Survivor regions: 108->113(154)
[1742.796s][info][gc,heap        ] GC(270) Old regions: 502->534
[1742.796s][info][gc,heap        ] GC(270) Humongous regions: 80->80
[1742.796s][info][gc,metaspace   ] GC(270) Metaspace: 28916K(29248K)->28916K(29248K) NonClass: 24032K(24192K)->24032K(24192K) Class: 4883K(5056K)->4883K(5056K)
[1742.796s][info][gc             ] GC(270) Pause Young (Prepare Mixed) (G1 Evacuation Pause) 3619M->1452M(4096M) 121.003ms
[1742.796s][info][gc,cpu         ] GC(270) User=0.72s Sys=0.00s Real=0.12s
........[1750.691s][info][gc,start       ] GC(271) Pause Young (Mixed) (G1 Evacuation Pause)
[1750.692s][info][gc,task        ] GC(271) Using 6 workers of 6 for evacuation
[1750.822s][info][gc,phases      ] GC(271)   Pre Evacuate Collection Set: 0.41ms
[1750.822s][info][gc,phases      ] GC(271)   Merge Heap Roots: 0.63ms
[1750.822s][info][gc,phases      ] GC(271)   Evacuate Collection Set: 128.63ms
[1750.822s][info][gc,phases      ] GC(271)   Post Evacuate Collection Set: 0.99ms
[1750.822s][info][gc,phases      ] GC(271)   Other: 0.09ms
[1750.822s][info][gc,heap        ] GC(271) Eden regions: 1105->0(1120)
[1750.822s][info][gc,heap        ] GC(271) Survivor regions: 113->108(153)
[1750.822s][info][gc,heap        ] GC(271) Old regions: 534->470
[1750.822s][info][gc,heap        ] GC(271) Humongous regions: 80->80
[1750.822s][info][gc,metaspace   ] GC(271) Metaspace: 28916K(29248K)->28916K(29248K) NonClass: 24032K(24192K)->24032K(24192K) Class: 4883K(5056K)->4883K(5056K)
[1750.822s][info][gc             ] GC(271) Pause Young (Mixed) (G1 Evacuation Pause) 3662M->1314M(4096M) 130.886ms
[1750.822s][info][gc,cpu         ] GC(271) User=0.78s Sys=0.00s Real=0.13s
.... (rIR:aIR:PR = 2352:2356:2356) (tPR = 34931) [OK] 
  1754s: Performance info:
         Transaction,    Success,    Partial,     Failed,   Receipts, AvgBarcode, 
             Overall,     141456,          0,          0,     134386,      59.47, 
         Response times:
             Request,    Success,    Partial,     Failed,   SkipFail,     Probes,    Samples,      min,      p50,      p90,      p95,      p99,      max, 
       TotalPurchase,     134392,          0,          0,          0,     131497,     152439,      300,     2100,     3200,     3700,    11460,   153000,
     InStorePurchase,      70713,          0,          0,          0,      69498,      80417,      300,     2000,     3200,     3600,    11100,   138000,
      OnlinePurchase,      49526,          0,          0,          0,      48300,      55893,      300,     2100,     3200,     3700,    11200,   153000,
        InstPurchase,      14153,          0,          0,          0,      13699,      16129,      400,     2100,     3200,     3700,    13200,   138000,
          AssocOfCat,        141,          0,          0,          0,         97,        138,    18900,    26000,    33100,    37150,    50490,    54000,
      AssocOfProduct,       1414,          0,          0,          0,       1262,       1570,      600,     2100,     2900,     3300,     7100,   122000,
      BusinessReport,        354,          0,          0,          0,        268,        415,    21000,    29000,    38000,    46000,    67880,   158000,
          CustBuyBeh,       1416,          0,          0,          0,       1246,       1555,      200,     1800,     3100,     3500,     5300,   125000,
       ProductReturn,       3750,          0,          0,          0,       3505,       4234,      200,     1900,     3200,     3600,     8365,   134000,

  1754s: (18%)   IR =   2491 ....[1758.517s][info][gc,start       ] GC(272) Pause Young (Concurrent Start) (G1 Evacuation Pause)
[1758.517s][info][gc,task        ] GC(272) Using 6 workers of 6 for evacuation
[1758.633s][info][gc,phases      ] GC(272)   Pre Evacuate Collection Set: 0.42ms
[1758.633s][info][gc,phases      ] GC(272)   Merge Heap Roots: 0.49ms
[1758.633s][info][gc,phases      ] GC(272)   Evacuate Collection Set: 113.81ms
[1758.633s][info][gc,phases      ] GC(272)   Post Evacuate Collection Set: 0.94ms
[1758.633s][info][gc,phases      ] GC(272)   Other: 0.11ms
[1758.633s][info][gc,heap        ] GC(272) Eden regions: 1120->0(1120)
[1758.633s][info][gc,heap        ] GC(272) Survivor regions: 108->108(154)
[1758.633s][info][gc,heap        ] GC(272) Old regions: 470->502
[1758.633s][info][gc,heap        ] GC(272) Humongous regions: 80->80
[1758.633s][info][gc,metaspace   ] GC(272) Metaspace: 28917K(29248K)->28917K(29248K) NonClass: 24034K(24192K)->24034K(24192K) Class: 4883K(5056K)->4883K(5056K)
[1758.633s][info][gc             ] GC(272) Pause Young (Concurrent Start) (G1 Evacuation Pause) 3554M->1378M(4096M) 115.950ms
[1758.633s][info][gc             ] GC(273) Concurrent Mark Cycle
[1758.633s][info][gc,marking     ] GC(273) Concurrent Scan Root Regions
[1758.633s][info][gc,cpu         ] GC(272) User=0.69s Sys=0.00s Real=0.12s
[1758.764s][info][gc,marking     ] GC(273) Concurrent Scan Root Regions 131.458ms
[1758.764s][info][gc,marking     ] GC(273) Concurrent Mark
[1758.764s][info][gc,marking     ] GC(273) Concurrent Mark From Roots
[1758.764s][info][gc,task        ] GC(273) Using 2 workers of 2 for marking
[1759.343s][info][gc,marking     ] GC(273) Concurrent Mark From Roots 578.632ms
[1759.343s][info][gc,marking     ] GC(273) Concurrent Preclean
[1759.343s][info][gc,marking     ] GC(273) Concurrent Preclean 0.063ms
[1759.343s][info][gc,start       ] GC(273) Pause Remark
[1759.346s][info][gc             ] GC(273) Pause Remark 1650M->1650M(4096M) 2.939ms
[1759.346s][info][gc,cpu         ] GC(273) User=0.01s Sys=0.00s Real=0.00s
[1759.346s][info][gc,marking     ] GC(273) Concurrent Mark 581.915ms
[1759.346s][info][gc,marking     ] GC(273) Concurrent Rebuild Remembered Sets and Scrub Regions
.|[1759.561s][info][gc,marking     ] GC(273) Concurrent Rebuild Remembered Sets and Scrub Regions 214.454ms
[1759.561s][info][gc,start       ] GC(273) Pause Cleanup
[1759.561s][info][gc             ] GC(273) Pause Cleanup 1696M->1696M(4096M) 0.112ms
[1759.561s][info][gc,cpu         ] GC(273) User=0.00s Sys=0.00s Real=0.00s
[1759.561s][info][gc,marking     ] GC(273) Concurrent Clear Claimed Marks
[1759.561s][info][gc,marking     ] GC(273) Concurrent Clear Claimed Marks 0.025ms
[1759.561s][info][gc,marking     ] GC(273) Concurrent Cleanup for Next Mark
[1759.565s][info][gc,marking     ] GC(273) Concurrent Cleanup for Next Mark 4.375ms
[1759.565s][info][gc             ] GC(273) Concurrent Mark Cycle 932.642ms
......[1766.158s][info][gc,start       ] GC(274) Pause Young (Prepare Mixed) (G1 Evacuation Pause)
[1766.158s][info][gc,task        ] GC(274) Using 6 workers of 6 for evacuation
[1766.278s][info][gc,phases      ] GC(274)   Pre Evacuate Collection Set: 0.39ms
[1766.278s][info][gc,phases      ] GC(274)   Merge Heap Roots: 0.60ms
[1766.278s][info][gc,phases      ] GC(274)   Evacuate Collection Set: 117.97ms
[1766.278s][info][gc,phases      ] GC(274)   Post Evacuate Collection Set: 0.94ms
[1766.278s][info][gc,phases      ] GC(274)   Other: 0.09ms
[1766.278s][info][gc,heap        ] GC(274) Eden regions: 1120->0(1109)
[1766.278s][info][gc,heap        ] GC(274) Survivor regions: 108->111(154)
[1766.278s][info][gc,heap        ] GC(274) Old regions: 502->534
[1766.278s][info][gc,heap        ] GC(274) Humongous regions: 80->80
[1766.278s][info][gc,metaspace   ] GC(274) Metaspace: 28918K(29248K)->28918K(29248K) NonClass: 24035K(24192K)->24035K(24192K) Class: 4883K(5056K)->4883K(5056K)
[1766.278s][info][gc             ] GC(274) Pause Young (Prepare Mixed) (G1 Evacuation Pause) 3618M->1447M(4096M) 120.142ms
[1766.278s][info][gc,cpu         ] GC(274) User=0.71s Sys=0.00s Real=0.13s
........[1773.712s][info][gc,start       ] GC(275) Pause Young (Mixed) (G1 Evacuation Pause)
[1773.712s][info][gc,task        ] GC(275) Using 6 workers of 6 for evacuation
[1773.842s][info][gc,phases      ] GC(275)   Pre Evacuate Collection Set: 0.41ms
[1773.843s][info][gc,phases      ] GC(275)   Merge Heap Roots: 0.66ms
[1773.843s][info][gc,phases      ] GC(275)   Evacuate Collection Set: 128.79ms
[1773.843s][info][gc,phases      ] GC(275)   Post Evacuate Collection Set: 0.98ms
[1773.843s][info][gc,phases      ] GC(275)   Other: 0.08ms
[1773.843s][info][gc,heap        ] GC(275) Eden regions: 1109->0(1120)
[1773.843s][info][gc,heap        ] GC(275) Survivor regions: 111->108(153)
[1773.843s][info][gc,heap        ] GC(275) Old regions: 534->469
[1773.843s][info][gc,heap        ] GC(275) Humongous regions: 80->80
[1773.843s][info][gc,metaspace   ] GC(275) Metaspace: 28918K(29248K)->28918K(29248K) NonClass: 24035K(24192K)->24035K(24192K) Class: 4883K(5056K)->4883K(5056K)
[1773.843s][info][gc             ] GC(275) Pause Young (Mixed) (G1 Evacuation Pause) 3665M->1313M(4096M) 131.050ms
[1773.843s][info][gc,cpu         ] GC(275) User=0.78s Sys=0.00s Real=0.13s
.......[1781.297s][info][gc,start       ] GC(276) Pause Young (Concurrent Start) (G1 Evacuation Pause)
[1781.297s][info][gc,task        ] GC(276) Using 6 workers of 6 for evacuation
[1781.412s][info][gc,phases      ] GC(276)   Pre Evacuate Collection Set: 0.43ms
[1781.412s][info][gc,phases      ] GC(276)   Merge Heap Roots: 0.51ms
[1781.412s][info][gc,phases      ] GC(276)   Evacuate Collection Set: 113.41ms
[1781.412s][info][gc,phases      ] GC(276)   Post Evacuate Collection Set: 0.91ms
[1781.412s][info][gc,phases      ] GC(276)   Other: 0.11ms
[1781.412s][info][gc,heap        ] GC(276) Eden regions: 1120->0(1121)
[1781.412s][info][gc,heap        ] GC(276) Survivor regions: 108->107(154)
[1781.412s][info][gc,heap        ] GC(276) Old regions: 469->501
[1781.412s][info][gc,heap        ] GC(276) Humongous regions: 80->80
[1781.412s][info][gc,metaspace   ] GC(276) Metaspace: 28919K(29248K)->28919K(29248K) NonClass: 24035K(24192K)->24035K(24192K) Class: 4883K(5056K)->4883K(5056K)
[1781.412s][info][gc             ] GC(276) Pause Young (Concurrent Start) (G1 Evacuation Pause) 3553M->1375M(4096M) 115.499ms
[1781.412s][info][gc             ] GC(277) Concurrent Mark Cycle
[1781.412s][info][gc,marking     ] GC(277) Concurrent Scan Root Regions
[1781.412s][info][gc,cpu         ] GC(276) User=0.69s Sys=0.00s Real=0.12s
.[1781.535s][info][gc,marking     ] GC(277) Concurrent Scan Root Regions 122.469ms
[1781.535s][info][gc,marking     ] GC(277) Concurrent Mark
[1781.535s][info][gc,marking     ] GC(277) Concurrent Mark From Roots
[1781.535s][info][gc,task        ] GC(277) Using 2 workers of 2 for marking
[1782.146s][info][gc,marking     ] GC(277) Concurrent Mark From Roots 611.442ms
[1782.146s][info][gc,marking     ] GC(277) Concurrent Preclean
[1782.146s][info][gc,marking     ] GC(277) Concurrent Preclean 0.060ms
[1782.147s][info][gc,start       ] GC(277) Pause Remark
[1782.149s][info][gc             ] GC(277) Pause Remark 1620M->1620M(4096M) 2.924ms
[1782.150s][info][gc,cpu         ] GC(277) User=0.01s Sys=0.00s Real=0.01s
[1782.150s][info][gc,marking     ] GC(277) Concurrent Mark 614.679ms
[1782.150s][info][gc,marking     ] GC(277) Concurrent Rebuild Remembered Sets and Scrub Regions
[1782.378s][info][gc,marking     ] GC(277) Concurrent Rebuild Remembered Sets and Scrub Regions 228.531ms
[1782.378s][info][gc,start       ] GC(277) Pause Cleanup
[1782.378s][info][gc             ] GC(277) Pause Cleanup 1687M->1687M(4096M) 0.124ms
[1782.378s][info][gc,cpu         ] GC(277) User=0.00s Sys=0.00s Real=0.00s
[1782.378s][info][gc,marking     ] GC(277) Concurrent Clear Claimed Marks
[1782.378s][info][gc,marking     ] GC(277) Concurrent Clear Claimed Marks 0.031ms
[1782.378s][info][gc,marking     ] GC(277) Concurrent Cleanup for Next Mark
[1782.383s][info][gc,marking     ] GC(277) Concurrent Cleanup for Next Mark 4.131ms
[1782.383s][info][gc             ] GC(277) Concurrent Mark Cycle 970.305ms
.......[1789.046s][info][gc,start       ] GC(278) Pause Young (Prepare Mixed) (G1 Evacuation Pause)
[1789.046s][info][gc,task        ] GC(278) Using 6 workers of 6 for evacuation
[1789.163s][info][gc,phases      ] GC(278)   Pre Evacuate Collection Set: 0.38ms
[1789.163s][info][gc,phases      ] GC(278)   Merge Heap Roots: 0.56ms
[1789.163s][info][gc,phases      ] GC(278)   Evacuate Collection Set: 115.11ms
[1789.163s][info][gc,phases      ] GC(278)   Post Evacuate Collection Set: 0.96ms
[1789.163s][info][gc,phases      ] GC(278)   Other: 0.09ms
[1789.163s][info][gc,heap        ] GC(278) Eden regions: 1121->0(1113)
[1789.163s][info][gc,heap        ] GC(278) Survivor regions: 107->110(154)
[1789.163s][info][gc,heap        ] GC(278) Old regions: 501->532
[1789.163s][info][gc,heap        ] GC(278) Humongous regions: 80->80
[1789.163s][info][gc,metaspace   ] GC(278) Metaspace: 28919K(29248K)->28919K(29248K) NonClass: 24036K(24192K)->24036K(24192K) Class: 4883K(5056K)->4883K(5056K)
[1789.163s][info][gc             ] GC(278) Pause Young (Prepare Mixed) (G1 Evacuation Pause) 3617M->1442M(4096M) 117.236ms
[1789.163s][info][gc,cpu         ] GC(278) User=0.69s Sys=0.00s Real=0.12s
........[1796.598s][info][gc,start       ] GC(279) Pause Young (Mixed) (G1 Evacuation Pause)
[1796.598s][info][gc,task        ] GC(279) Using 6 workers of 6 for evacuation
[1796.726s][info][gc,phases      ] GC(279)   Pre Evacuate Collection Set: 0.41ms
[1796.726s][info][gc,phases      ] GC(279)   Merge Heap Roots: 0.59ms
[1796.726s][info][gc,phases      ] GC(279)   Evacuate Collection Set: 126.29ms
[1796.726s][info][gc,phases      ] GC(279)   Post Evacuate Collection Set: 1.01ms
[1796.726s][info][gc,phases      ] GC(279)   Other: 0.09ms
[1796.726s][info][gc,heap        ] GC(279) Eden regions: 1113->0(1119)
[1796.726s][info][gc,heap        ] GC(279) Survivor regions: 110->109(153)
[1796.726s][info][gc,heap        ] GC(279) Old regions: 532->469
[1796.726s][info][gc,heap        ] GC(279) Humongous regions: 80->80
[1796.726s][info][gc,metaspace   ] GC(279) Metaspace: 28919K(29248K)->28919K(29248K) NonClass: 24036K(24192K)->24036K(24192K) Class: 4883K(5056K)->4883K(5056K)
[1796.726s][info][gc             ] GC(279) Pause Young (Mixed) (G1 Evacuation Pause) 3668M->1313M(4096M) 128.537ms
[1796.726s][info][gc,cpu         ] GC(279) User=0.75s Sys=0.00s Real=0.13s
.......[1804.220s][info][gc,start       ] GC(280) Pause Young (Concurrent Start) (G1 Evacuation Pause)
[1804.220s][info][gc,task        ] GC(280) Using 6 workers of 6 for evacuation
[1804.337s][info][gc,phases      ] GC(280)   Pre Evacuate Collection Set: 0.41ms
[1804.337s][info][gc,phases      ] GC(280)   Merge Heap Roots: 0.52ms
[1804.337s][info][gc,phases      ] GC(280)   Evacuate Collection Set: 114.43ms
[1804.337s][info][gc,phases      ] GC(280)   Post Evacuate Collection Set: 0.93ms
[1804.337s][info][gc,phases      ] GC(280)   Other: 0.12ms
[1804.337s][info][gc,heap        ] GC(280) Eden regions: 1119->0(1120)
[1804.337s][info][gc,heap        ] GC(280) Survivor regions: 109->108(154)
[1804.337s][info][gc,heap        ] GC(280) Old regions: 469->501
[1804.337s][info][gc,heap        ] GC(280) Humongous regions: 80->80
[1804.337s][info][gc,metaspace   ] GC(280) Metaspace: 28919K(29248K)->28919K(29248K) NonClass: 24036K(24192K)->24036K(24192K) Class: 4883K(5056K)->4883K(5056K)
[1804.337s][info][gc             ] GC(280) Pause Young (Concurrent Start) (G1 Evacuation Pause) 3551M->1376M(4096M) 116.543ms
[1804.337s][info][gc             ] GC(281) Concurrent Mark Cycle
[1804.337s][info][gc,marking     ] GC(281) Concurrent Scan Root Regions
[1804.337s][info][gc,cpu         ] GC(280) User=0.69s Sys=0.00s Real=0.11s
.[1804.482s][info][gc,marking     ] GC(281) Concurrent Scan Root Regions 145.186ms
[1804.482s][info][gc,marking     ] GC(281) Concurrent Mark
[1804.482s][info][gc,marking     ] GC(281) Concurrent Mark From Roots
[1804.482s][info][gc,task        ] GC(281) Using 2 workers of 2 for marking
[1805.082s][info][gc,marking     ] GC(281) Concurrent Mark From Roots 600.075ms
[1805.082s][info][gc,marking     ] GC(281) Concurrent Preclean
[1805.082s][info][gc,marking     ] GC(281) Concurrent Preclean 0.061ms
[1805.082s][info][gc,start       ] GC(281) Pause Remark
[1805.086s][info][gc             ] GC(281) Pause Remark 1617M->1617M(4096M) 3.127ms
[1805.086s][info][gc,cpu         ] GC(281) User=0.02s Sys=0.00s Real=0.00s
[1805.086s][info][gc,marking     ] GC(281) Concurrent Mark 603.524ms
[1805.086s][info][gc,marking     ] GC(281) Concurrent Rebuild Remembered Sets and Scrub Regions
[1805.317s][info][gc,marking     ] GC(281) Concurrent Rebuild Remembered Sets and Scrub Regions 231.626ms
[1805.317s][info][gc,start       ] GC(281) Pause Cleanup
[1805.318s][info][gc             ] GC(281) Pause Cleanup 1691M->1691M(4096M) 0.120ms
[1805.318s][info][gc,cpu         ] GC(281) User=0.00s Sys=0.00s Real=0.00s
[1805.318s][info][gc,marking     ] GC(281) Concurrent Clear Claimed Marks
[1805.318s][info][gc,marking     ] GC(281) Concurrent Clear Claimed Marks 0.025ms
[1805.318s][info][gc,marking     ] GC(281) Concurrent Cleanup for Next Mark
[1805.321s][info][gc,marking     ] GC(281) Concurrent Cleanup for Next Mark 3.216ms
[1805.321s][info][gc             ] GC(281) Concurrent Mark Cycle 984.020ms
.......[1811.775s][info][gc,start       ] GC(282) Pause Young (Prepare Mixed) (G1 Evacuation Pause)
[1811.775s][info][gc,task        ] GC(282) Using 6 workers of 6 for evacuation
[1811.895s][info][gc,phases      ] GC(282)   Pre Evacuate Collection Set: 0.35ms
[1811.895s][info][gc,phases      ] GC(282)   Merge Heap Roots: 0.55ms
[1811.895s][info][gc,phases      ] GC(282)   Evacuate Collection Set: 118.30ms
[1811.895s][info][gc,phases      ] GC(282)   Post Evacuate Collection Set: 0.98ms
[1811.895s][info][gc,phases      ] GC(282)   Other: 0.11ms
[1811.895s][info][gc,heap        ] GC(282) Eden regions: 1120->0(1107)
[1811.895s][info][gc,heap        ] GC(282) Survivor regions: 108->112(154)
[1811.895s][info][gc,heap        ] GC(282) Old regions: 501->534
[1811.895s][info][gc,heap        ] GC(282) Humongous regions: 80->80
[1811.895s][info][gc,metaspace   ] GC(282) Metaspace: 28923K(29248K)->28923K(29248K) NonClass: 24040K(24192K)->24040K(24192K) Class: 4883K(5056K)->4883K(5056K)
[1811.896s][info][gc             ] GC(282) Pause Young (Prepare Mixed) (G1 Evacuation Pause) 3616M->1450M(4096M) 120.423ms
[1811.896s][info][gc,cpu         ] GC(282) User=0.71s Sys=0.00s Real=0.12s
........[1819.482s][info][gc,start       ] GC(283) Pause Young (Mixed) (G1 Evacuation Pause)
[1819.482s][info][gc,task        ] GC(283) Using 6 workers of 6 for evacuation
[1819.611s][info][gc,phases      ] GC(283)   Pre Evacuate Collection Set: 0.40ms
[1819.611s][info][gc,phases      ] GC(283)   Merge Heap Roots: 0.68ms
[1819.611s][info][gc,phases      ] GC(283)   Evacuate Collection Set: 127.07ms
[1819.611s][info][gc,phases      ] GC(283)   Post Evacuate Collection Set: 1.05ms
[1819.611s][info][gc,phases      ] GC(283)   Other: 0.09ms
[1819.611s][info][gc,heap        ] GC(283) Eden regions: 1107->0(1119)
[1819.611s][info][gc,heap        ] GC(283) Survivor regions: 112->109(153)
[1819.611s][info][gc,heap        ] GC(283) Old regions: 534->471
[1819.611s][info][gc,heap        ] GC(283) Humongous regions: 80->80
[1819.611s][info][gc,metaspace   ] GC(283) Metaspace: 28923K(29248K)->28923K(29248K) NonClass: 24040K(24192K)->24040K(24192K) Class: 4883K(5056K)->4883K(5056K)
[1819.611s][info][gc             ] GC(283) Pause Young (Mixed) (G1 Evacuation Pause) 3664M->1317M(4096M) 129.438ms
[1819.611s][info][gc,cpu         ] GC(283) User=0.77s Sys=0.00s Real=0.13s
 (rIR:aIR:PR = 2491:2489:2489) (tPR = 36591) [OK] 
  1819s: Performance info:
         Transaction,    Success,    Partial,     Failed,   Receipts, AvgBarcode, 
             Overall,     149442,          0,          0,     141966,      59.48, 
         Response times:
             Request,    Success,    Partial,     Failed,   SkipFail,     Probes,    Samples,      min,      p50,      p90,      p95,      p99,      max, 
       TotalPurchase,     141966,          0,          0,          0,     139031,     151358,      300,     2200,     3400,     4000,    16500,   160000,
     InStorePurchase,      74759,          0,          0,          0,      73264,      79550,      300,     2200,     3400,     4000,    16000,   160000,
      OnlinePurchase,      52264,          0,          0,          0,      51269,      55770,      300,     2100,     3400,     3900,    16600,   160000,
        InstPurchase,      14943,          0,          0,          0,      14498,      16038,      400,     2300,     3500,     4100,    17644,   146000,
          AssocOfCat,        148,          0,          0,          0,        115,        170,    19800,    26000,    32000,    40350,   104040,   158000,
      AssocOfProduct,       1494,          0,          0,          0,       1350,       1607,      500,     2600,     3400,     3800,    17052,   131000,
      BusinessReport,        369,          0,          0,          0,        300,        402,    21000,    29000,    38000,    47850,   149140,   169000,
          CustBuyBeh,       1490,          0,          0,          0,       1325,       1559,      200,     2400,     3700,     4600,    26000,   134000,
       ProductReturn,       3975,          0,          0,          0,       3709,       4261,      200,     2600,     3600,     4100,    15800,   126000,

  1819s: (19%)   IR =   2629 .....|..[1826.925s][info][gc,start       ] GC(284) Pause Young (Concurrent Start) (G1 Evacuation Pause)
[1826.925s][info][gc,task        ] GC(284) Using 6 workers of 6 for evacuation
[1827.041s][info][gc,phases      ] GC(284)   Pre Evacuate Collection Set: 0.41ms
[1827.041s][info][gc,phases      ] GC(284)   Merge Heap Roots: 0.46ms
[1827.041s][info][gc,phases      ] GC(284)   Evacuate Collection Set: 113.78ms
[1827.041s][info][gc,phases      ] GC(284)   Post Evacuate Collection Set: 0.92ms
[1827.041s][info][gc,phases      ] GC(284)   Other: 0.12ms
[1827.041s][info][gc,heap        ] GC(284) Eden regions: 1119->0(1118)
[1827.041s][info][gc,heap        ] GC(284) Survivor regions: 109->110(154)
[1827.041s][info][gc,heap        ] GC(284) Old regions: 471->503
[1827.041s][info][gc,heap        ] GC(284) Humongous regions: 80->80
[1827.041s][info][gc,metaspace   ] GC(284) Metaspace: 28923K(29248K)->28923K(29248K) NonClass: 24040K(24192K)->24040K(24192K) Class: 4883K(5056K)->4883K(5056K)
[1827.041s][info][gc             ] GC(284) Pause Young (Concurrent Start) (G1 Evacuation Pause) 3555M->1383M(4096M) 115.815ms
[1827.041s][info][gc             ] GC(285) Concurrent Mark Cycle
[1827.041s][info][gc,marking     ] GC(285) Concurrent Scan Root Regions
[1827.041s][info][gc,cpu         ] GC(284) User=0.69s Sys=0.00s Real=0.12s
[1827.182s][info][gc,marking     ] GC(285) Concurrent Scan Root Regions 141.548ms
[1827.182s][info][gc,marking     ] GC(285) Concurrent Mark
[1827.182s][info][gc,marking     ] GC(285) Concurrent Mark From Roots
[1827.182s][info][gc,task        ] GC(285) Using 2 workers of 2 for marking
.[1827.866s][info][gc,marking     ] GC(285) Concurrent Mark From Roots 683.381ms
[1827.866s][info][gc,marking     ] GC(285) Concurrent Preclean
[1827.866s][info][gc,marking     ] GC(285) Concurrent Preclean 0.061ms
[1827.866s][info][gc,start       ] GC(285) Pause Remark
[1827.869s][info][gc             ] GC(285) Pause Remark 1720M->1720M(4096M) 3.147ms
[1827.869s][info][gc,cpu         ] GC(285) User=0.01s Sys=0.00s Real=0.01s
[1827.869s][info][gc,marking     ] GC(285) Concurrent Mark 686.849ms
[1827.869s][info][gc,marking     ] GC(285) Concurrent Rebuild Remembered Sets and Scrub Regions
[1828.098s][info][gc,marking     ] GC(285) Concurrent Rebuild Remembered Sets and Scrub Regions 228.902ms
[1828.098s][info][gc,start       ] GC(285) Pause Cleanup
[1828.098s][info][gc             ] GC(285) Pause Cleanup 1783M->1783M(4096M) 0.120ms
[1828.098s][info][gc,cpu         ] GC(285) User=0.00s Sys=0.00s Real=0.00s
[1828.098s][info][gc,marking     ] GC(285) Concurrent Clear Claimed Marks
[1828.099s][info][gc,marking     ] GC(285) Concurrent Clear Claimed Marks 0.029ms
[1828.099s][info][gc,marking     ] GC(285) Concurrent Cleanup for Next Mark
[1828.102s][info][gc,marking     ] GC(285) Concurrent Cleanup for Next Mark 3.211ms
[1828.102s][info][gc             ] GC(285) Concurrent Mark Cycle 1060.990ms
......[1834.036s][info][gc,start       ] GC(286) Pause Young (Prepare Mixed) (G1 Evacuation Pause)
[1834.036s][info][gc,task        ] GC(286) Using 6 workers of 6 for evacuation
[1834.154s][info][gc,phases      ] GC(286)   Pre Evacuate Collection Set: 0.38ms
[1834.154s][info][gc,phases      ] GC(286)   Merge Heap Roots: 0.53ms
[1834.154s][info][gc,phases      ] GC(286)   Evacuate Collection Set: 115.48ms
[1834.154s][info][gc,phases      ] GC(286)   Post Evacuate Collection Set: 0.97ms
[1834.154s][info][gc,phases      ] GC(286)   Other: 0.09ms
[1834.154s][info][gc,heap        ] GC(286) Eden regions: 1118->0(1113)
[1834.154s][info][gc,heap        ] GC(286) Survivor regions: 110->109(154)
[1834.154s][info][gc,heap        ] GC(286) Old regions: 503->534
[1834.154s][info][gc,heap        ] GC(286) Humongous regions: 80->80
[1834.154s][info][gc,metaspace   ] GC(286) Metaspace: 28923K(29248K)->28923K(29248K) NonClass: 24040K(24192K)->24040K(24192K) Class: 4883K(5056K)->4883K(5056K)
[1834.154s][info][gc             ] GC(286) Pause Young (Prepare Mixed) (G1 Evacuation Pause) 3619M->1445M(4096M) 117.593ms
[1834.154s][info][gc,cpu         ] GC(286) User=0.69s Sys=0.00s Real=0.12s
.......[1841.216s][info][gc,start       ] GC(287) Pause Young (Mixed) (G1 Evacuation Pause)
[1841.216s][info][gc,task        ] GC(287) Using 6 workers of 6 for evacuation
[1841.348s][info][gc,phases      ] GC(287)   Pre Evacuate Collection Set: 0.39ms
[1841.348s][info][gc,phases      ] GC(287)   Merge Heap Roots: 0.74ms
[1841.348s][info][gc,phases      ] GC(287)   Evacuate Collection Set: 129.96ms
[1841.348s][info][gc,phases      ] GC(287)   Post Evacuate Collection Set: 1.00ms
[1841.348s][info][gc,phases      ] GC(287)   Other: 0.10ms
[1841.348s][info][gc,heap        ] GC(287) Eden regions: 1113->0(1119)
[1841.348s][info][gc,heap        ] GC(287) Survivor regions: 109->109(153)
[1841.348s][info][gc,heap        ] GC(287) Old regions: 534->469
[1841.348s][info][gc,heap        ] GC(287) Humongous regions: 80->80
[1841.348s][info][gc,metaspace   ] GC(287) Metaspace: 28923K(29248K)->28923K(29248K) NonClass: 24040K(24192K)->24040K(24192K) Class: 4883K(5056K)->4883K(5056K)
[1841.348s][info][gc             ] GC(287) Pause Young (Mixed) (G1 Evacuation Pause) 3671M->1313M(4096M) 132.310ms
[1841.348s][info][gc,cpu         ] GC(287) User=0.78s Sys=0.00s Real=0.14s
.......[1848.477s][info][gc,start       ] GC(288) Pause Young (Concurrent Start) (G1 Evacuation Pause)
[1848.477s][info][gc,task        ] GC(288) Using 6 workers of 6 for evacuation
[1848.592s][info][gc,phases      ] GC(288)   Pre Evacuate Collection Set: 0.43ms
[1848.592s][info][gc,phases      ] GC(288)   Merge Heap Roots: 0.47ms
[1848.592s][info][gc,phases      ] GC(288)   Evacuate Collection Set: 112.79ms
[1848.592s][info][gc,phases      ] GC(288)   Post Evacuate Collection Set: 0.93ms
[1848.592s][info][gc,phases      ] GC(288)   Other: 0.14ms
[1848.592s][info][gc,heap        ] GC(288) Eden regions: 1119->0(1120)
[1848.592s][info][gc,heap        ] GC(288) Survivor regions: 109->108(154)
[1848.592s][info][gc,heap        ] GC(288) Old regions: 469->501
[1848.592s][info][gc,heap        ] GC(288) Humongous regions: 80->80
[1848.592s][info][gc,metaspace   ] GC(288) Metaspace: 28923K(29248K)->28923K(29248K) NonClass: 24040K(24192K)->24040K(24192K) Class: 4883K(5056K)->4883K(5056K)
[1848.592s][info][gc             ] GC(288) Pause Young (Concurrent Start) (G1 Evacuation Pause) 3551M->1376M(4096M) 114.889ms
[1848.592s][info][gc             ] GC(289) Concurrent Mark Cycle
[1848.592s][info][gc,marking     ] GC(289) Concurrent Scan Root Regions
[1848.592s][info][gc,cpu         ] GC(288) User=0.68s Sys=0.00s Real=0.12s
.[1848.753s][info][gc,marking     ] GC(289) Concurrent Scan Root Regions 160.364ms
[1848.753s][info][gc,marking     ] GC(289) Concurrent Mark
[1848.753s][info][gc,marking     ] GC(289) Concurrent Mark From Roots
[1848.753s][info][gc,task        ] GC(289) Using 2 workers of 2 for marking
[1849.367s][info][gc,marking     ] GC(289) Concurrent Mark From Roots 614.056ms
[1849.367s][info][gc,marking     ] GC(289) Concurrent Preclean
[1849.367s][info][gc,marking     ] GC(289) Concurrent Preclean 0.053ms
[1849.367s][info][gc,start       ] GC(289) Pause Remark
[1849.370s][info][gc             ] GC(289) Pause Remark 1658M->1658M(4096M) 2.951ms
[1849.370s][info][gc,cpu         ] GC(289) User=0.01s Sys=0.00s Real=0.01s
[1849.370s][info][gc,marking     ] GC(289) Concurrent Mark 617.332ms
[1849.370s][info][gc,marking     ] GC(289) Concurrent Rebuild Remembered Sets and Scrub Regions
[1849.595s][info][gc,marking     ] GC(289) Concurrent Rebuild Remembered Sets and Scrub Regions 225.027ms
[1849.595s][info][gc,start       ] GC(289) Pause Cleanup
[1849.595s][info][gc             ] GC(289) Pause Cleanup 1720M->1720M(4096M) 0.116ms
[1849.595s][info][gc,cpu         ] GC(289) User=0.00s Sys=0.00s Real=0.00s
[1849.595s][info][gc,marking     ] GC(289) Concurrent Clear Claimed Marks
[1849.595s][info][gc,marking     ] GC(289) Concurrent Clear Claimed Marks 0.028ms
[1849.595s][info][gc,marking     ] GC(289) Concurrent Cleanup for Next Mark
[1849.599s][info][gc,marking     ] GC(289) Concurrent Cleanup for Next Mark 3.545ms
[1849.599s][info][gc             ] GC(289) Concurrent Mark Cycle 1006.764ms
.......[1855.721s][info][gc,start       ] GC(290) Pause Young (Prepare Mixed) (G1 Evacuation Pause)
[1855.721s][info][gc,task        ] GC(290) Using 6 workers of 6 for evacuation
[1855.838s][info][gc,phases      ] GC(290)   Pre Evacuate Collection Set: 0.37ms
[1855.838s][info][gc,phases      ] GC(290)   Merge Heap Roots: 0.52ms
[1855.838s][info][gc,phases      ] GC(290)   Evacuate Collection Set: 115.13ms
[1855.838s][info][gc,phases      ] GC(290)   Post Evacuate Collection Set: 0.94ms
[1855.838s][info][gc,phases      ] GC(290)   Other: 0.09ms
[1855.838s][info][gc,heap        ] GC(290) Eden regions: 1120->0(1114)
[1855.838s][info][gc,heap        ] GC(290) Survivor regions: 108->109(154)
[1855.838s][info][gc,heap        ] GC(290) Old regions: 501->533
[1855.838s][info][gc,heap        ] GC(290) Humongous regions: 80->80
[1855.838s][info][gc,metaspace   ] GC(290) Metaspace: 28923K(29248K)->28923K(29248K) NonClass: 24040K(24192K)->24040K(24192K) Class: 4883K(5056K)->4883K(5056K)
[1855.838s][info][gc             ] GC(290) Pause Young (Prepare Mixed) (G1 Evacuation Pause) 3616M->1442M(4096M) 117.186ms
[1855.838s][info][gc,cpu         ] GC(290) User=0.70s Sys=0.00s Real=0.12s
.......[1862.882s][info][gc,start       ] GC(291) Pause Young (Mixed) (G1 Evacuation Pause)
[1862.882s][info][gc,task        ] GC(291) Using 6 workers of 6 for evacuation
[1863.013s][info][gc,phases      ] GC(291)   Pre Evacuate Collection Set: 0.38ms
[1863.013s][info][gc,phases      ] GC(291)   Merge Heap Roots: 0.71ms
[1863.013s][info][gc,phases      ] GC(291)   Evacuate Collection Set: 128.19ms
[1863.013s][info][gc,phases      ] GC(291)   Post Evacuate Collection Set: 0.98ms
[1863.013s][info][gc,phases      ] GC(291)   Other: 0.10ms
[1863.013s][info][gc,heap        ] GC(291) Eden regions: 1114->0(1119)
[1863.013s][info][gc,heap        ] GC(291) Survivor regions: 109->109(153)
[1863.013s][info][gc,heap        ] GC(291) Old regions: 533->470
[1863.013s][info][gc,heap        ] GC(291) Humongous regions: 80->80
[1863.013s][info][gc,metaspace   ] GC(291) Metaspace: 28923K(29248K)->28923K(29248K) NonClass: 24040K(24192K)->24040K(24192K) Class: 4883K(5056K)->4883K(5056K)
[1863.013s][info][gc             ] GC(291) Pause Young (Mixed) (G1 Evacuation Pause) 3670M->1316M(4096M) 130.498ms
[1863.013s][info][gc,cpu         ] GC(291) User=0.78s Sys=0.00s Real=0.13s
.......[1870.098s][info][gc,start       ] GC(292) Pause Young (Concurrent Start) (G1 Evacuation Pause)
[1870.098s][info][gc,task        ] GC(292) Using 6 workers of 6 for evacuation
[1870.213s][info][gc,phases      ] GC(292)   Pre Evacuate Collection Set: 0.40ms
[1870.213s][info][gc,phases      ] GC(292)   Merge Heap Roots: 0.46ms
[1870.213s][info][gc,phases      ] GC(292)   Evacuate Collection Set: 113.43ms
[1870.213s][info][gc,phases      ] GC(292)   Post Evacuate Collection Set: 0.91ms
[1870.213s][info][gc,phases      ] GC(292)   Other: 0.10ms
[1870.213s][info][gc,heap        ] GC(292) Eden regions: 1119->0(1120)
[1870.213s][info][gc,heap        ] GC(292) Survivor regions: 109->108(154)
[1870.213s][info][gc,heap        ] GC(292) Old regions: 470->503
[1870.213s][info][gc,heap        ] GC(292) Humongous regions: 80->80
[1870.213s][info][gc,metaspace   ] GC(292) Metaspace: 28923K(29248K)->28923K(29248K) NonClass: 24040K(24192K)->24040K(24192K) Class: 4883K(5056K)->4883K(5056K)
[1870.213s][info][gc             ] GC(292) Pause Young (Concurrent Start) (G1 Evacuation Pause) 3554M->1380M(4096M) 115.434ms
[1870.213s][info][gc             ] GC(293) Concurrent Mark Cycle
[1870.213s][info][gc,marking     ] GC(293) Concurrent Scan Root Regions
[1870.213s][info][gc,cpu         ] GC(292) User=0.68s Sys=0.00s Real=0.12s
[1870.369s][info][gc,marking     ] GC(293) Concurrent Scan Root Regions 155.395ms
[1870.369s][info][gc,marking     ] GC(293) Concurrent Mark
[1870.369s][info][gc,marking     ] GC(293) Concurrent Mark From Roots
[1870.369s][info][gc,task        ] GC(293) Using 2 workers of 2 for marking
.[1870.993s][info][gc,marking     ] GC(293) Concurrent Mark From Roots 623.965ms
[1870.993s][info][gc,marking     ] GC(293) Concurrent Preclean
[1870.993s][info][gc,marking     ] GC(293) Concurrent Preclean 0.046ms
[1870.993s][info][gc,start       ] GC(293) Pause Remark
[1870.996s][info][gc             ] GC(293) Pause Remark 1658M->1658M(4096M) 2.880ms
[1870.996s][info][gc,cpu         ] GC(293) User=0.01s Sys=0.00s Real=0.00s
[1870.996s][info][gc,marking     ] GC(293) Concurrent Mark 627.142ms
[1870.996s][info][gc,marking     ] GC(293) Concurrent Rebuild Remembered Sets and Scrub Regions
[1871.226s][info][gc,marking     ] GC(293) Concurrent Rebuild Remembered Sets and Scrub Regions 229.972ms
[1871.226s][info][gc,start       ] GC(293) Pause Cleanup
[1871.226s][info][gc             ] GC(293) Pause Cleanup 1722M->1722M(4096M) 0.126ms
[1871.226s][info][gc,cpu         ] GC(293) User=0.00s Sys=0.00s Real=0.00s
[1871.226s][info][gc,marking     ] GC(293) Concurrent Clear Claimed Marks
[1871.226s][info][gc,marking     ] GC(293) Concurrent Clear Claimed Marks 0.034ms
[1871.226s][info][gc,marking     ] GC(293) Concurrent Cleanup for Next Mark
[1871.230s][info][gc,marking     ] GC(293) Concurrent Cleanup for Next Mark 3.921ms
[1871.230s][info][gc             ] GC(293) Concurrent Mark Cycle 1017.209ms
......[1877.405s][info][gc,start       ] GC(294) Pause Young (Prepare Mixed) (G1 Evacuation Pause)
[1877.405s][info][gc,task        ] GC(294) Using 6 workers of 6 for evacuation
[1877.522s][info][gc,phases      ] GC(294)   Pre Evacuate Collection Set: 0.36ms
[1877.522s][info][gc,phases      ] GC(294)   Merge Heap Roots: 0.51ms
[1877.522s][info][gc,phases      ] GC(294)   Evacuate Collection Set: 114.93ms
[1877.522s][info][gc,phases      ] GC(294)   Post Evacuate Collection Set: 0.95ms
[1877.522s][info][gc,phases      ] GC(294)   Other: 0.08ms
[1877.522s][info][gc,heap        ] GC(294) Eden regions: 1120->0(1114)
[1877.522s][info][gc,heap        ] GC(294) Survivor regions: 108->108(154)
[1877.522s][info][gc,heap        ] GC(294) Old regions: 503->535
[1877.522s][info][gc,heap        ] GC(294) Humongous regions: 80->80
[1877.522s][info][gc,metaspace   ] GC(294) Metaspace: 28923K(29248K)->28923K(29248K) NonClass: 24040K(24192K)->24040K(24192K) Class: 4883K(5056K)->4883K(5056K)
[1877.522s][info][gc             ] GC(294) Pause Young (Prepare Mixed) (G1 Evacuation Pause) 3620M->1445M(4096M) 116.956ms
[1877.522s][info][gc,cpu         ] GC(294) User=0.69s Sys=0.00s Real=0.12s
.......[1884.527s][info][gc,start       ] GC(295) Pause Young (Mixed) (G1 Evacuation Pause)
[1884.527s][info][gc,task        ] GC(295) Using 6 workers of 6 for evacuation
[1884.658s][info][gc,phases      ] GC(295)   Pre Evacuate Collection Set: 0.41ms
[1884.658s][info][gc,phases      ] GC(295)   Merge Heap Roots: 0.66ms
[1884.658s][info][gc,phases      ] GC(295)   Evacuate Collection Set: 129.10ms
[1884.658s][info][gc,phases      ] GC(295)   Post Evacuate Collection Set: 0.98ms
[1884.658s][info][gc,phases      ] GC(295)   Other: 0.09ms
[1884.658s][info][gc,heap        ] GC(295) Eden regions: 1114->0(1119)
[1884.658s][info][gc,heap        ] GC(295) Survivor regions: 108->109(153)
[1884.658s][info][gc,heap        ] GC(295) Old regions: 535->471
[1884.658s][info][gc,heap        ] GC(295) Humongous regions: 80->80
[1884.658s][info][gc,metaspace   ] GC(295) Metaspace: 28923K(29248K)->28923K(29248K) NonClass: 24040K(24192K)->24040K(24192K) Class: 4883K(5056K)->4883K(5056K)
[1884.658s][info][gc             ] GC(295) Pause Young (Mixed) (G1 Evacuation Pause) 3673M->1319M(4096M) 131.374ms
[1884.658s][info][gc,cpu         ] GC(295) User=0.78s Sys=0.00s Real=0.14s
. (rIR:aIR:PR = 2629:2627:2627) (tPR = 38771) [OK] 
  1884s: Performance info:
         Transaction,    Success,    Partial,     Failed,   Receipts, AvgBarcode, 
             Overall,     157762,          0,          0,     149852,      59.48, 
         Response times:
             Request,    Success,    Partial,     Failed,   SkipFail,     Probes,    Samples,      min,      p50,      p90,      p95,      p99,      max, 
       TotalPurchase,     149868,          0,          0,          0,     146828,     159770,      300,     2300,     3600,     4100,    15300,   138000,
     InStorePurchase,      78915,          0,          0,          0,      77650,      84209,      300,     2300,     3500,     4100,    15500,   138000,
      OnlinePurchase,      55184,          0,          0,          0,      53984,      58687,      300,     2100,     3500,     4000,    14612,   138000,
        InstPurchase,      15769,          0,          0,          0,      15194,      16874,      400,     2500,     3700,     4300,    15900,   138000,
          AssocOfCat,        157,          0,          0,          0,        113,        176,    18300,    27000,    37000,    47450,   176380,   181000,
      AssocOfProduct,       1574,          0,          0,          0,       1399,       1668,      400,     2700,     3700,     4100,    20344,   121000,
      BusinessReport,        394,          0,          0,          0,        338,        454,    21000,    30000,    40000,    46000,    73250,   111000,
          CustBuyBeh,       1582,          0,          0,          0,       1440,       1673,      300,     2500,     3700,     4500,    20892,   137000,
       ProductReturn,       4188,          0,          0,          0,       3970,       4513,      300,     2600,     3700,     4300,    16100,   137000,

  1884s: (20%)   IR =   2767 ......|[1891.467s][info][gc,start       ] GC(296) Pause Young (Concurrent Start) (G1 Evacuation Pause)
[1891.467s][info][gc,task        ] GC(296) Using 6 workers of 6 for evacuation
[1891.573s][info][gc,phases      ] GC(296)   Pre Evacuate Collection Set: 0.40ms
[1891.573s][info][gc,phases      ] GC(296)   Merge Heap Roots: 0.42ms
[1891.573s][info][gc,phases      ] GC(296)   Evacuate Collection Set: 104.92ms
[1891.573s][info][gc,phases      ] GC(296)   Post Evacuate Collection Set: 0.85ms
[1891.573s][info][gc,phases      ] GC(296)   Other: 0.09ms
[1891.573s][info][gc,heap        ] GC(296) Eden regions: 1119->0(1119)
[1891.573s][info][gc,heap        ] GC(296) Survivor regions: 109->109(154)
[1891.573s][info][gc,heap        ] GC(296) Old regions: 471->503
[1891.573s][info][gc,heap        ] GC(296) Humongous regions: 80->80
[1891.573s][info][gc,metaspace   ] GC(296) Metaspace: 28923K(29248K)->28923K(29248K) NonClass: 24040K(24192K)->24040K(24192K) Class: 4883K(5056K)->4883K(5056K)
[1891.573s][info][gc             ] GC(296) Pause Young (Concurrent Start) (G1 Evacuation Pause) 3557M->1382M(4096M) 106.810ms
[1891.573s][info][gc             ] GC(297) Concurrent Mark Cycle
[1891.573s][info][gc,marking     ] GC(297) Concurrent Scan Root Regions
[1891.573s][info][gc,cpu         ] GC(296) User=0.69s Sys=0.00s Real=0.11s
[1891.682s][info][gc,marking     ] GC(297) Concurrent Scan Root Regions 108.851ms
[1891.682s][info][gc,marking     ] GC(297) Concurrent Mark
[1891.682s][info][gc,marking     ] GC(297) Concurrent Mark From Roots
[1891.682s][info][gc,task        ] GC(297) Using 2 workers of 2 for marking
.[1892.209s][info][gc,marking     ] GC(297) Concurrent Mark From Roots 526.971ms
[1892.209s][info][gc,marking     ] GC(297) Concurrent Preclean
[1892.209s][info][gc,marking     ] GC(297) Concurrent Preclean 0.066ms
[1892.210s][info][gc,start       ] GC(297) Pause Remark
[1892.212s][info][gc             ] GC(297) Pause Remark 1636M->1636M(4096M) 2.576ms
[1892.212s][info][gc,cpu         ] GC(297) User=0.02s Sys=0.00s Real=0.00s
[1892.212s][info][gc,marking     ] GC(297) Concurrent Mark 529.863ms
[1892.212s][info][gc,marking     ] GC(297) Concurrent Rebuild Remembered Sets and Scrub Regions
[1892.428s][info][gc,marking     ] GC(297) Concurrent Rebuild Remembered Sets and Scrub Regions 215.890ms
[1892.428s][info][gc,start       ] GC(297) Pause Cleanup
[1892.429s][info][gc             ] GC(297) Pause Cleanup 1746M->1746M(4096M) 0.113ms
[1892.429s][info][gc,cpu         ] GC(297) User=0.00s Sys=0.00s Real=0.00s
[1892.429s][info][gc,marking     ] GC(297) Concurrent Clear Claimed Marks
[1892.429s][info][gc,marking     ] GC(297) Concurrent Clear Claimed Marks 0.029ms
[1892.429s][info][gc,marking     ] GC(297) Concurrent Cleanup for Next Mark
[1892.432s][info][gc,marking     ] GC(297) Concurrent Cleanup for Next Mark 3.205ms
[1892.432s][info][gc             ] GC(297) Concurrent Mark Cycle 858.377ms
......[1898.242s][info][gc,start       ] GC(298) Pause Young (Prepare Mixed) (G1 Evacuation Pause)
[1898.242s][info][gc,task        ] GC(298) Using 6 workers of 6 for evacuation
[1898.348s][info][gc,phases      ] GC(298)   Pre Evacuate Collection Set: 0.34ms
[1898.348s][info][gc,phases      ] GC(298)   Merge Heap Roots: 0.51ms
[1898.348s][info][gc,phases      ] GC(298)   Evacuate Collection Set: 104.02ms
[1898.348s][info][gc,phases      ] GC(298)   Post Evacuate Collection Set: 0.88ms
[1898.348s][info][gc,phases      ] GC(298)   Other: 0.08ms
[1898.348s][info][gc,heap        ] GC(298) Eden regions: 1119->0(1114)
[1898.348s][info][gc,heap        ] GC(298) Survivor regions: 109->108(154)
[1898.348s][info][gc,heap        ] GC(298) Old regions: 503->535
[1898.348s][info][gc,heap        ] GC(298) Humongous regions: 80->80
[1898.348s][info][gc,metaspace   ] GC(298) Metaspace: 28923K(29248K)->28923K(29248K) NonClass: 24040K(24192K)->24040K(24192K) Class: 4883K(5056K)->4883K(5056K)
[1898.348s][info][gc             ] GC(298) Pause Young (Prepare Mixed) (G1 Evacuation Pause) 3620M->1443M(4096M) 105.957ms
[1898.348s][info][gc,cpu         ] GC(298) User=0.68s Sys=0.00s Real=0.10s
.......[1905.131s][info][gc,start       ] GC(299) Pause Young (Mixed) (G1 Evacuation Pause)
[1905.131s][info][gc,task        ] GC(299) Using 6 workers of 6 for evacuation
[1905.252s][info][gc,phases      ] GC(299)   Pre Evacuate Collection Set: 0.34ms
[1905.252s][info][gc,phases      ] GC(299)   Merge Heap Roots: 0.63ms
[1905.252s][info][gc,phases      ] GC(299)   Evacuate Collection Set: 118.96ms
[1905.252s][info][gc,phases      ] GC(299)   Post Evacuate Collection Set: 0.88ms
[1905.252s][info][gc,phases      ] GC(299)   Other: 0.09ms
[1905.252s][info][gc,heap        ] GC(299) Eden regions: 1114->0(1120)
[1905.252s][info][gc,heap        ] GC(299) Survivor regions: 108->108(153)
[1905.252s][info][gc,heap        ] GC(299) Old regions: 535->470
[1905.252s][info][gc,heap        ] GC(299) Humongous regions: 80->80
[1905.252s][info][gc,metaspace   ] GC(299) Metaspace: 28923K(29248K)->28923K(29248K) NonClass: 24040K(24192K)->24040K(24192K) Class: 4883K(5056K)->4883K(5056K)
[1905.252s][info][gc             ] GC(299) Pause Young (Mixed) (G1 Evacuation Pause) 3671M->1315M(4096M) 121.024ms
[1905.252s][info][gc,cpu         ] GC(299) User=0.78s Sys=0.00s Real=0.12s
.......[1912.017s][info][gc,start       ] GC(300) Pause Young (Concurrent Start) (G1 Evacuation Pause)
[1912.017s][info][gc,task        ] GC(300) Using 6 workers of 6 for evacuation
[1912.125s][info][gc,phases      ] GC(300)   Pre Evacuate Collection Set: 0.35ms
[1912.125s][info][gc,phases      ] GC(300)   Merge Heap Roots: 0.44ms
[1912.125s][info][gc,phases      ] GC(300)   Evacuate Collection Set: 106.88ms
[1912.125s][info][gc,phases      ] GC(300)   Post Evacuate Collection Set: 0.84ms
[1912.125s][info][gc,phases      ] GC(300)   Other: 0.09ms
[1912.125s][info][gc,heap        ] GC(300) Eden regions: 1120->0(1117)
[1912.125s][info][gc,heap        ] GC(300) Survivor regions: 108->111(154)
[1912.125s][info][gc,heap        ] GC(300) Old regions: 470->502
[1912.125s][info][gc,heap        ] GC(300) Humongous regions: 80->80
[1912.125s][info][gc,metaspace   ] GC(300) Metaspace: 28923K(29248K)->28923K(29248K) NonClass: 24040K(24192K)->24040K(24192K) Class: 4883K(5056K)->4883K(5056K)
[1912.125s][info][gc             ] GC(300) Pause Young (Concurrent Start) (G1 Evacuation Pause) 3555M->1384M(4096M) 108.728ms
[1912.125s][info][gc             ] GC(301) Concurrent Mark Cycle
[1912.125s][info][gc,marking     ] GC(301) Concurrent Scan Root Regions
[1912.125s][info][gc,cpu         ] GC(300) User=0.70s Sys=0.00s Real=0.11s
[1912.254s][info][gc,marking     ] GC(301) Concurrent Scan Root Regions 128.249ms
[1912.254s][info][gc,marking     ] GC(301) Concurrent Mark
[1912.254s][info][gc,marking     ] GC(301) Concurrent Mark From Roots
[1912.254s][info][gc,task        ] GC(301) Using 2 workers of 2 for marking
.[1912.794s][info][gc,marking     ] GC(301) Concurrent Mark From Roots 540.902ms
[1912.794s][info][gc,marking     ] GC(301) Concurrent Preclean
[1912.795s][info][gc,marking     ] GC(301) Concurrent Preclean 0.042ms
[1912.795s][info][gc,start       ] GC(301) Pause Remark
[1912.797s][info][gc             ] GC(301) Pause Remark 1654M->1654M(4096M) 2.666ms
[1912.797s][info][gc,cpu         ] GC(301) User=0.01s Sys=0.00s Real=0.00s
[1912.797s][info][gc,marking     ] GC(301) Concurrent Mark 543.853ms
[1912.797s][info][gc,marking     ] GC(301) Concurrent Rebuild Remembered Sets and Scrub Regions
[1913.002s][info][gc,marking     ] GC(301) Concurrent Rebuild Remembered Sets and Scrub Regions 204.117ms
[1913.002s][info][gc,start       ] GC(301) Pause Cleanup
[1913.002s][info][gc             ] GC(301) Pause Cleanup 1734M->1734M(4096M) 0.112ms
[1913.002s][info][gc,cpu         ] GC(301) User=0.00s Sys=0.00s Real=0.00s
[1913.002s][info][gc,marking     ] GC(301) Concurrent Clear Claimed Marks
[1913.002s][info][gc,marking     ] GC(301) Concurrent Clear Claimed Marks 0.023ms
[1913.002s][info][gc,marking     ] GC(301) Concurrent Cleanup for Next Mark
[1913.005s][info][gc,marking     ] GC(301) Concurrent Cleanup for Next Mark 2.880ms
[1913.005s][info][gc             ] GC(301) Concurrent Mark Cycle 879.511ms
......[1918.806s][info][gc,start       ] GC(302) Pause Young (Prepare Mixed) (G1 Evacuation Pause)
[1918.806s][info][gc,task        ] GC(302) Using 6 workers of 6 for evacuation
[1918.913s][info][gc,phases      ] GC(302)   Pre Evacuate Collection Set: 0.33ms
[1918.913s][info][gc,phases      ] GC(302)   Merge Heap Roots: 0.47ms
[1918.913s][info][gc,phases      ] GC(302)   Evacuate Collection Set: 105.74ms
[1918.913s][info][gc,phases      ] GC(302)   Post Evacuate Collection Set: 0.87ms
[1918.913s][info][gc,phases      ] GC(302)   Other: 0.08ms
[1918.913s][info][gc,heap        ] GC(302) Eden regions: 1117->0(1116)
[1918.913s][info][gc,heap        ] GC(302) Survivor regions: 111->108(154)
[1918.913s][info][gc,heap        ] GC(302) Old regions: 502->533
[1918.913s][info][gc,heap        ] GC(302) Humongous regions: 80->80
[1918.913s][info][gc,metaspace   ] GC(302) Metaspace: 28923K(29248K)->28923K(29248K) NonClass: 24040K(24192K)->24040K(24192K) Class: 4883K(5056K)->4883K(5056K)
[1918.913s][info][gc             ] GC(302) Pause Young (Prepare Mixed) (G1 Evacuation Pause) 3618M->1441M(4096M) 107.637ms
[1918.913s][info][gc,cpu         ] GC(302) User=0.70s Sys=0.00s Real=0.11s
......[1925.621s][info][gc,start       ] GC(303) Pause Young (Mixed) (G1 Evacuation Pause)
[1925.621s][info][gc,task        ] GC(303) Using 6 workers of 6 for evacuation
[1925.752s][info][gc,phases      ] GC(303)   Pre Evacuate Collection Set: 0.42ms
[1925.752s][info][gc,phases      ] GC(303)   Merge Heap Roots: 0.69ms
[1925.752s][info][gc,phases      ] GC(303)   Evacuate Collection Set: 128.98ms
[1925.752s][info][gc,phases      ] GC(303)   Post Evacuate Collection Set: 0.99ms
[1925.752s][info][gc,phases      ] GC(303)   Other: 0.10ms
[1925.752s][info][gc,heap        ] GC(303) Eden regions: 1116->0(1120)
[1925.752s][info][gc,heap        ] GC(303) Survivor regions: 108->108(153)
[1925.752s][info][gc,heap        ] GC(303) Old regions: 533->470
[1925.752s][info][gc,heap        ] GC(303) Humongous regions: 80->80
[1925.752s][info][gc,metaspace   ] GC(303) Metaspace: 28923K(29248K)->28923K(29248K) NonClass: 24040K(24192K)->24040K(24192K) Class: 4883K(5056K)->4883K(5056K)
[1925.752s][info][gc             ] GC(303) Pause Young (Mixed) (G1 Evacuation Pause) 3673M->1314M(4096M) 131.322ms
[1925.752s][info][gc,cpu         ] GC(303) User=0.77s Sys=0.00s Real=0.13s
.......[1932.563s][info][gc,start       ] GC(304) Pause Young (Concurrent Start) (G1 Evacuation Pause)
[1932.563s][info][gc,task        ] GC(304) Using 6 workers of 6 for evacuation
[1932.681s][info][gc,phases      ] GC(304)   Pre Evacuate Collection Set: 0.42ms
[1932.681s][info][gc,phases      ] GC(304)   Merge Heap Roots: 0.52ms
[1932.681s][info][gc,phases      ] GC(304)   Evacuate Collection Set: 116.44ms
[1932.681s][info][gc,phases      ] GC(304)   Post Evacuate Collection Set: 0.91ms
[1932.681s][info][gc,phases      ] GC(304)   Other: 0.09ms
[1932.681s][info][gc,heap        ] GC(304) Eden regions: 1120->0(1119)
[1932.681s][info][gc,heap        ] GC(304) Survivor regions: 108->109(154)
[1932.681s][info][gc,heap        ] GC(304) Old regions: 470->502
[1932.681s][info][gc,heap        ] GC(304) Humongous regions: 80->80
[1932.681s][info][gc,metaspace   ] GC(304) Metaspace: 28923K(29248K)->28923K(29248K) NonClass: 24040K(24192K)->24040K(24192K) Class: 4883K(5056K)->4883K(5056K)
[1932.681s][info][gc             ] GC(304) Pause Young (Concurrent Start) (G1 Evacuation Pause) 3554M->1379M(4096M) 118.518ms
[1932.681s][info][gc             ] GC(305) Concurrent Mark Cycle
[1932.681s][info][gc,marking     ] GC(305) Concurrent Scan Root Regions
[1932.682s][info][gc,cpu         ] GC(304) User=0.70s Sys=0.00s Real=0.12s
.[1932.812s][info][gc,marking     ] GC(305) Concurrent Scan Root Regions 130.016ms
[1932.812s][info][gc,marking     ] GC(305) Concurrent Mark
[1932.812s][info][gc,marking     ] GC(305) Concurrent Mark From Roots
[1932.812s][info][gc,task        ] GC(305) Using 2 workers of 2 for marking
[1933.399s][info][gc,marking     ] GC(305) Concurrent Mark From Roots 587.321ms
[1933.399s][info][gc,marking     ] GC(305) Concurrent Preclean
[1933.399s][info][gc,marking     ] GC(305) Concurrent Preclean 0.047ms
[1933.399s][info][gc,start       ] GC(305) Pause Remark
[1933.402s][info][gc             ] GC(305) Pause Remark 1654M->1654M(4096M) 3.061ms
[1933.402s][info][gc,cpu         ] GC(305) User=0.02s Sys=0.00s Real=0.00s
[1933.402s][info][gc,marking     ] GC(305) Concurrent Mark 590.727ms
[1933.402s][info][gc,marking     ] GC(305) Concurrent Rebuild Remembered Sets and Scrub Regions
[1933.617s][info][gc,marking     ] GC(305) Concurrent Rebuild Remembered Sets and Scrub Regions 214.751ms
[1933.617s][info][gc,start       ] GC(305) Pause Cleanup
[1933.617s][info][gc             ] GC(305) Pause Cleanup 1716M->1716M(4096M) 0.123ms
[1933.617s][info][gc,cpu         ] GC(305) User=0.00s Sys=0.00s Real=0.00s
[1933.617s][info][gc,marking     ] GC(305) Concurrent Clear Claimed Marks
[1933.617s][info][gc,marking     ] GC(305) Concurrent Clear Claimed Marks 0.034ms
[1933.617s][info][gc,marking     ] GC(305) Concurrent Cleanup for Next Mark
[1933.621s][info][gc,marking     ] GC(305) Concurrent Cleanup for Next Mark 3.600ms
[1933.621s][info][gc             ] GC(305) Concurrent Mark Cycle 939.597ms
......[1939.390s][info][gc,start       ] GC(306) Pause Young (Prepare Mixed) (G1 Evacuation Pause)
[1939.390s][info][gc,task        ] GC(306) Using 6 workers of 6 for evacuation
[1939.508s][info][gc,phases      ] GC(306)   Pre Evacuate Collection Set: 0.37ms
[1939.508s][info][gc,phases      ] GC(306)   Merge Heap Roots: 0.58ms
[1939.508s][info][gc,phases      ] GC(306)   Evacuate Collection Set: 115.71ms
[1939.508s][info][gc,phases      ] GC(306)   Post Evacuate Collection Set: 0.95ms
[1939.508s][info][gc,phases      ] GC(306)   Other: 0.07ms
[1939.508s][info][gc,heap        ] GC(306) Eden regions: 1119->0(1113)
[1939.508s][info][gc,heap        ] GC(306) Survivor regions: 109->109(154)
[1939.508s][info][gc,heap        ] GC(306) Old regions: 502->534
[1939.508s][info][gc,heap        ] GC(306) Humongous regions: 80->80
[1939.508s][info][gc,metaspace   ] GC(306) Metaspace: 28923K(29248K)->28923K(29248K) NonClass: 24040K(24192K)->24040K(24192K) Class: 4883K(5056K)->4883K(5056K)
[1939.508s][info][gc             ] GC(306) Pause Young (Prepare Mixed) (G1 Evacuation Pause) 3617M->1444M(4096M) 117.818ms
[1939.508s][info][gc,cpu         ] GC(306) User=0.70s Sys=0.00s Real=0.12s
.......[1946.319s][info][gc,start       ] GC(307) Pause Young (Mixed) (G1 Evacuation Pause)
[1946.319s][info][gc,task        ] GC(307) Using 6 workers of 6 for evacuation
[1946.449s][info][gc,phases      ] GC(307)   Pre Evacuate Collection Set: 0.39ms
[1946.449s][info][gc,phases      ] GC(307)   Merge Heap Roots: 0.61ms
[1946.449s][info][gc,phases      ] GC(307)   Evacuate Collection Set: 127.73ms
[1946.449s][info][gc,phases      ] GC(307)   Post Evacuate Collection Set: 0.97ms
[1946.449s][info][gc,phases      ] GC(307)   Other: 0.10ms
[1946.449s][info][gc,heap        ] GC(307) Eden regions: 1113->0(1120)
[1946.449s][info][gc,heap        ] GC(307) Survivor regions: 109->108(153)
[1946.449s][info][gc,heap        ] GC(307) Old regions: 534->471
[1946.449s][info][gc,heap        ] GC(307) Humongous regions: 80->80
[1946.449s][info][gc,metaspace   ] GC(307) Metaspace: 28923K(29248K)->28923K(29248K) NonClass: 24040K(24192K)->24040K(24192K) Class: 4883K(5056K)->4883K(5056K)
[1946.449s][info][gc             ] GC(307) Pause Young (Mixed) (G1 Evacuation Pause) 3670M->1317M(4096M) 129.931ms
[1946.449s][info][gc,cpu         ] GC(307) User=0.76s Sys=0.00s Real=0.13s
..... (rIR:aIR:PR = 2767:2766:2766) (tPR = 40969) [OK] 
  1950s: Performance info:
         Transaction,    Success,    Partial,     Failed,   Receipts, AvgBarcode, 
             Overall,     166165,          0,          0,     157855,      59.47, 
         Response times:
             Request,    Success,    Partial,     Failed,   SkipFail,     Probes,    Samples,      min,      p50,      p90,      p95,      p99,      max, 
       TotalPurchase,     157861,          0,          0,          0,     154643,     171240,      300,     2300,     3600,     4200,    14900,   149000,
     InStorePurchase,      83035,          0,          0,          0,      81584,      90202,      300,     2200,     3600,     4200,    16400,   140000,
      OnlinePurchase,      58178,          0,          0,          0,      57010,      63088,      300,     2300,     3600,     4300,    13800,   137000,
        InstPurchase,      16648,          0,          0,          0,      16049,      17950,      400,     2300,     3700,     4300,    14600,   149000,
          AssocOfCat,        168,          0,          0,          0,        114,        176,    17100,    26000,    33000,    38000,    53380,    58000,
      AssocOfProduct,       1662,          0,          0,          0,       1494,       1770,      500,     2600,     3800,     4600,    16300,   132000,
      BusinessReport,        416,          0,          0,          0,        333,        455,    18200,    29000,    38400,    48000,   122880,   177000,
          CustBuyBeh,       1661,          0,          0,          0,       1482,       1800,      200,     2000,     3000,     3500,    11400,    32000,
       ProductReturn,       4400,          0,          0,          0,       4065,       4678,      200,     2200,     3400,     4100,    14600,   149000,

  1950s: (21%)   IR =   2906 ..[1953.089s][info][gc,start       ] GC(308) Pause Young (Concurrent Start) (G1 Evacuation Pause)
[1953.089s][info][gc,task        ] GC(308) Using 6 workers of 6 for evacuation
[1953.208s][info][gc,phases      ] GC(308)   Pre Evacuate Collection Set: 0.44ms
[1953.208s][info][gc,phases      ] GC(308)   Merge Heap Roots: 0.55ms
[1953.208s][info][gc,phases      ] GC(308)   Evacuate Collection Set: 116.19ms
[1953.208s][info][gc,phases      ] GC(308)   Post Evacuate Collection Set: 0.91ms
[1953.208s][info][gc,phases      ] GC(308)   Other: 0.12ms
[1953.208s][info][gc,heap        ] GC(308) Eden regions: 1120->0(1119)
[1953.208s][info][gc,heap        ] GC(308) Survivor regions: 108->109(154)
[1953.208s][info][gc,heap        ] GC(308) Old regions: 471->504
[1953.208s][info][gc,heap        ] GC(308) Humongous regions: 80->80
[1953.208s][info][gc,metaspace   ] GC(308) Metaspace: 28923K(29248K)->28923K(29248K) NonClass: 24040K(24192K)->24040K(24192K) Class: 4883K(5056K)->4883K(5056K)
[1953.208s][info][gc             ] GC(308) Pause Young (Concurrent Start) (G1 Evacuation Pause) 3557M->1384M(4096M) 118.347ms
[1953.208s][info][gc             ] GC(309) Concurrent Mark Cycle
[1953.208s][info][gc,marking     ] GC(309) Concurrent Scan Root Regions
[1953.208s][info][gc,cpu         ] GC(308) User=0.70s Sys=0.00s Real=0.11s
[1953.330s][info][gc,marking     ] GC(309) Concurrent Scan Root Regions 122.340ms
[1953.330s][info][gc,marking     ] GC(309) Concurrent Mark
[1953.330s][info][gc,marking     ] GC(309) Concurrent Mark From Roots
[1953.330s][info][gc,task        ] GC(309) Using 2 workers of 2 for marking
.[1953.927s][info][gc,marking     ] GC(309) Concurrent Mark From Roots 597.447ms
[1953.928s][info][gc,marking     ] GC(309) Concurrent Preclean
[1953.928s][info][gc,marking     ] GC(309) Concurrent Preclean 0.064ms
[1953.928s][info][gc,start       ] GC(309) Pause Remark
[1953.931s][info][gc             ] GC(309) Pause Remark 1682M->1682M(4096M) 3.043ms
[1953.931s][info][gc,cpu         ] GC(309) User=0.02s Sys=0.00s Real=0.01s
[1953.931s][info][gc,marking     ] GC(309) Concurrent Mark 600.799ms
[1953.931s][info][gc,marking     ] GC(309) Concurrent Rebuild Remembered Sets and Scrub Regions
[1954.147s][info][gc,marking     ] GC(309) Concurrent Rebuild Remembered Sets and Scrub Regions 216.190ms
[1954.147s][info][gc,start       ] GC(309) Pause Cleanup
[1954.147s][info][gc             ] GC(309) Pause Cleanup 1758M->1758M(4096M) 0.122ms
[1954.147s][info][gc,cpu         ] GC(309) User=0.00s Sys=0.00s Real=0.00s
[1954.147s][info][gc,marking     ] GC(309) Concurrent Clear Claimed Marks
[1954.147s][info][gc,marking     ] GC(309) Concurrent Clear Claimed Marks 0.031ms
[1954.147s][info][gc,marking     ] GC(309) Concurrent Cleanup for Next Mark
[1954.151s][info][gc,marking     ] GC(309) Concurrent Cleanup for Next Mark 3.243ms
[1954.151s][info][gc             ] GC(309) Concurrent Mark Cycle 943.037ms
..|...[1959.577s][info][gc,start       ] GC(310) Pause Young (Prepare Mixed) (G1 Evacuation Pause)
[1959.578s][info][gc,task        ] GC(310) Using 6 workers of 6 for evacuation
[1959.696s][info][gc,phases      ] GC(310)   Pre Evacuate Collection Set: 0.37ms
[1959.696s][info][gc,phases      ] GC(310)   Merge Heap Roots: 0.50ms
[1959.696s][info][gc,phases      ] GC(310)   Evacuate Collection Set: 116.58ms
[1959.696s][info][gc,phases      ] GC(310)   Post Evacuate Collection Set: 0.93ms
[1959.696s][info][gc,phases      ] GC(310)   Other: 0.11ms
[1959.696s][info][gc,heap        ] GC(310) Eden regions: 1119->0(1109)
[1959.696s][info][gc,heap        ] GC(310) Survivor regions: 109->110(154)
[1959.696s][info][gc,heap        ] GC(310) Old regions: 504->536
[1959.696s][info][gc,heap        ] GC(310) Humongous regions: 80->80
[1959.696s][info][gc,metaspace   ] GC(310) Metaspace: 28923K(29248K)->28923K(29248K) NonClass: 24040K(24192K)->24040K(24192K) Class: 4883K(5056K)->4883K(5056K)
[1959.696s][info][gc             ] GC(310) Pause Young (Prepare Mixed) (G1 Evacuation Pause) 3622M->1449M(4096M) 118.614ms
[1959.696s][info][gc,cpu         ] GC(310) User=0.70s Sys=0.00s Real=0.12s
.......[1966.057s][info][gc,start       ] GC(311) Pause Young (Mixed) (G1 Evacuation Pause)
[1966.057s][info][gc,task        ] GC(311) Using 6 workers of 6 for evacuation
[1966.194s][info][gc,phases      ] GC(311)   Pre Evacuate Collection Set: 0.46ms
[1966.194s][info][gc,phases      ] GC(311)   Merge Heap Roots: 0.71ms
[1966.194s][info][gc,phases      ] GC(311)   Evacuate Collection Set: 134.37ms
[1966.194s][info][gc,phases      ] GC(311)   Post Evacuate Collection Set: 1.01ms
[1966.194s][info][gc,phases      ] GC(311)   Other: 0.09ms
[1966.194s][info][gc,heap        ] GC(311) Eden regions: 1109->0(1114)
[1966.194s][info][gc,heap        ] GC(311) Survivor regions: 110->114(153)
[1966.194s][info][gc,heap        ] GC(311) Old regions: 536->470
[1966.194s][info][gc,heap        ] GC(311) Humongous regions: 80->80
[1966.194s][info][gc,metaspace   ] GC(311) Metaspace: 28923K(29248K)->28923K(29248K) NonClass: 24040K(24192K)->24040K(24192K) Class: 4883K(5056K)->4883K(5056K)
[1966.194s][info][gc             ] GC(311) Pause Young (Mixed) (G1 Evacuation Pause) 3667M->1327M(4096M) 136.768ms
[1966.194s][info][gc,cpu         ] GC(311) User=0.81s Sys=0.00s Real=0.14s
......[1972.631s][info][gc,start       ] GC(312) Pause Young (Concurrent Start) (G1 Evacuation Pause)
[1972.631s][info][gc,task        ] GC(312) Using 6 workers of 6 for evacuation
[1972.748s][info][gc,phases      ] GC(312)   Pre Evacuate Collection Set: 0.44ms
[1972.748s][info][gc,phases      ] GC(312)   Merge Heap Roots: 0.55ms
[1972.748s][info][gc,phases      ] GC(312)   Evacuate Collection Set: 114.61ms
[1972.748s][info][gc,phases      ] GC(312)   Post Evacuate Collection Set: 0.91ms
[1972.748s][info][gc,phases      ] GC(312)   Other: 0.13ms
[1972.748s][info][gc,heap        ] GC(312) Eden regions: 1114->0(1119)
[1972.748s][info][gc,heap        ] GC(312) Survivor regions: 114->109(154)
[1972.748s][info][gc,heap        ] GC(312) Old regions: 470->502
[1972.748s][info][gc,heap        ] GC(312) Humongous regions: 80->80
[1972.748s][info][gc,metaspace   ] GC(312) Metaspace: 28923K(29248K)->28923K(29248K) NonClass: 24040K(24192K)->24040K(24192K) Class: 4883K(5056K)->4883K(5056K)
[1972.748s][info][gc             ] GC(312) Pause Young (Concurrent Start) (G1 Evacuation Pause) 3555M->1379M(4096M) 116.794ms
[1972.748s][info][gc             ] GC(313) Concurrent Mark Cycle
[1972.748s][info][gc,marking     ] GC(313) Concurrent Scan Root Regions
[1972.748s][info][gc,cpu         ] GC(312) User=0.70s Sys=0.00s Real=0.12s
.[1972.877s][info][gc,marking     ] GC(313) Concurrent Scan Root Regions 129.137ms
[1972.877s][info][gc,marking     ] GC(313) Concurrent Mark
[1972.877s][info][gc,marking     ] GC(313) Concurrent Mark From Roots
[1972.877s][info][gc,task        ] GC(313) Using 2 workers of 2 for marking
[1973.466s][info][gc,marking     ] GC(313) Concurrent Mark From Roots 588.320ms
[1973.466s][info][gc,marking     ] GC(313) Concurrent Preclean
[1973.466s][info][gc,marking     ] GC(313) Concurrent Preclean 0.049ms
[1973.466s][info][gc,start       ] GC(313) Pause Remark
[1973.469s][info][gc             ] GC(313) Pause Remark 1691M->1691M(4096M) 2.965ms
[1973.469s][info][gc,cpu         ] GC(313) User=0.01s Sys=0.00s Real=0.01s
[1973.469s][info][gc,marking     ] GC(313) Concurrent Mark 591.586ms
[1973.469s][info][gc,marking     ] GC(313) Concurrent Rebuild Remembered Sets and Scrub Regions
[1973.692s][info][gc,marking     ] GC(313) Concurrent Rebuild Remembered Sets and Scrub Regions 223.096ms
[1973.692s][info][gc,start       ] GC(313) Pause Cleanup
[1973.692s][info][gc             ] GC(313) Pause Cleanup 1761M->1761M(4096M) 0.133ms
[1973.692s][info][gc,cpu         ] GC(313) User=0.01s Sys=0.00s Real=0.00s
[1973.694s][info][gc,marking     ] GC(313) Concurrent Clear Claimed Marks
[1973.694s][info][gc,marking     ] GC(313) Concurrent Clear Claimed Marks 0.040ms
[1973.694s][info][gc,marking     ] GC(313) Concurrent Cleanup for Next Mark
[1973.698s][info][gc,marking     ] GC(313) Concurrent Cleanup for Next Mark 4.094ms
[1973.698s][info][gc             ] GC(313) Concurrent Mark Cycle 949.695ms
......[1979.073s][info][gc,start       ] GC(314) Pause Young (Prepare Mixed) (G1 Evacuation Pause)
[1979.073s][info][gc,task        ] GC(314) Using 6 workers of 6 for evacuation
[1979.190s][info][gc,phases      ] GC(314)   Pre Evacuate Collection Set: 0.36ms
[1979.190s][info][gc,phases      ] GC(314)   Merge Heap Roots: 0.55ms
[1979.190s][info][gc,phases      ] GC(314)   Evacuate Collection Set: 114.66ms
[1979.190s][info][gc,phases      ] GC(314)   Post Evacuate Collection Set: 0.96ms
[1979.190s][info][gc,phases      ] GC(314)   Other: 0.09ms
[1979.190s][info][gc,heap        ] GC(314) Eden regions: 1119->0(1114)
[1979.190s][info][gc,heap        ] GC(314) Survivor regions: 109->109(154)
[1979.190s][info][gc,heap        ] GC(314) Old regions: 502->533
[1979.190s][info][gc,heap        ] GC(314) Humongous regions: 80->80
[1979.190s][info][gc,metaspace   ] GC(314) Metaspace: 28923K(29248K)->28923K(29248K) NonClass: 24040K(24192K)->24040K(24192K) Class: 4883K(5056K)->4883K(5056K)
[1979.190s][info][gc             ] GC(314) Pause Young (Prepare Mixed) (G1 Evacuation Pause) 3617M->1442M(4096M) 116.745ms
[1979.190s][info][gc,cpu         ] GC(314) User=0.69s Sys=0.01s Real=0.12s
......[1985.575s][info][gc,start       ] GC(315) Pause Young (Mixed) (G1 Evacuation Pause)
[1985.575s][info][gc,task        ] GC(315) Using 6 workers of 6 for evacuation
[1985.707s][info][gc,phases      ] GC(315)   Pre Evacuate Collection Set: 0.39ms
[1985.707s][info][gc,phases      ] GC(315)   Merge Heap Roots: 0.69ms
[1985.707s][info][gc,phases      ] GC(315)   Evacuate Collection Set: 129.74ms
[1985.707s][info][gc,phases      ] GC(315)   Post Evacuate Collection Set: 0.99ms
[1985.707s][info][gc,phases      ] GC(315)   Other: 0.09ms
[1985.707s][info][gc,heap        ] GC(315) Eden regions: 1114->0(1120)
[1985.707s][info][gc,heap        ] GC(315) Survivor regions: 109->108(153)
[1985.707s][info][gc,heap        ] GC(315) Old regions: 533->470
[1985.707s][info][gc,heap        ] GC(315) Humongous regions: 80->80
[1985.707s][info][gc,metaspace   ] GC(315) Metaspace: 28923K(29248K)->28923K(29248K) NonClass: 24040K(24192K)->24040K(24192K) Class: 4883K(5056K)->4883K(5056K)
[1985.707s][info][gc             ] GC(315) Pause Young (Mixed) (G1 Evacuation Pause) 3670M->1315M(4096M) 132.041ms
[1985.707s][info][gc,cpu         ] GC(315) User=0.79s Sys=0.00s Real=0.13s
.......[1992.072s][info][gc,start       ] GC(316) Pause Young (Concurrent Start) (G1 Evacuation Pause)
[1992.072s][info][gc,task        ] GC(316) Using 6 workers of 6 for evacuation
[1992.193s][info][gc,phases      ] GC(316)   Pre Evacuate Collection Set: 0.40ms
[1992.193s][info][gc,phases      ] GC(316)   Merge Heap Roots: 0.48ms
[1992.193s][info][gc,phases      ] GC(316)   Evacuate Collection Set: 119.31ms
[1992.193s][info][gc,phases      ] GC(316)   Post Evacuate Collection Set: 0.90ms
[1992.193s][info][gc,phases      ] GC(316)   Other: 0.12ms
[1992.193s][info][gc,heap        ] GC(316) Eden regions: 1120->0(1116)
[1992.193s][info][gc,heap        ] GC(316) Survivor regions: 108->112(154)
[1992.193s][info][gc,heap        ] GC(316) Old regions: 470->502
[1992.193s][info][gc,heap        ] GC(316) Humongous regions: 80->80
[1992.193s][info][gc,metaspace   ] GC(316) Metaspace: 28923K(29248K)->28923K(29248K) NonClass: 24040K(24192K)->24040K(24192K) Class: 4883K(5056K)->4883K(5056K)
[1992.193s][info][gc             ] GC(316) Pause Young (Concurrent Start) (G1 Evacuation Pause) 3555M->1385M(4096M) 121.340ms
[1992.193s][info][gc             ] GC(317) Concurrent Mark Cycle
[1992.193s][info][gc,marking     ] GC(317) Concurrent Scan Root Regions
[1992.193s][info][gc,cpu         ] GC(316) User=0.72s Sys=0.00s Real=0.12s
[1992.334s][info][gc,marking     ] GC(317) Concurrent Scan Root Regions 140.340ms
[1992.334s][info][gc,marking     ] GC(317) Concurrent Mark
[1992.334s][info][gc,marking     ] GC(317) Concurrent Mark From Roots
[1992.334s][info][gc,task        ] GC(317) Using 2 workers of 2 for marking
.[1992.919s][info][gc,marking     ] GC(317) Concurrent Mark From Roots 584.758ms
[1992.919s][info][gc,marking     ] GC(317) Concurrent Preclean
[1992.919s][info][gc,marking     ] GC(317) Concurrent Preclean 0.049ms
[1992.919s][info][gc,start       ] GC(317) Pause Remark
[1992.922s][info][gc             ] GC(317) Pause Remark 1674M->1674M(4096M) 3.107ms
[1992.922s][info][gc,cpu         ] GC(317) User=0.01s Sys=0.00s Real=0.00s
[1992.922s][info][gc,marking     ] GC(317) Concurrent Mark 588.193ms
[1992.922s][info][gc,marking     ] GC(317) Concurrent Rebuild Remembered Sets and Scrub Regions
[1993.137s][info][gc,marking     ] GC(317) Concurrent Rebuild Remembered Sets and Scrub Regions 214.638ms
[1993.137s][info][gc,start       ] GC(317) Pause Cleanup
[1993.138s][info][gc             ] GC(317) Pause Cleanup 1741M->1741M(4096M) 0.131ms
[1993.138s][info][gc,cpu         ] GC(317) User=0.00s Sys=0.00s Real=0.00s
[1993.138s][info][gc,marking     ] GC(317) Concurrent Clear Claimed Marks
[1993.138s][info][gc,marking     ] GC(317) Concurrent Clear Claimed Marks 0.033ms
[1993.138s][info][gc,marking     ] GC(317) Concurrent Cleanup for Next Mark
[1993.141s][info][gc,marking     ] GC(317) Concurrent Cleanup for Next Mark 3.746ms
[1993.141s][info][gc             ] GC(317) Concurrent Mark Cycle 948.043ms
.....[1998.628s][info][gc,start       ] GC(318) Pause Young (Prepare Mixed) (G1 Evacuation Pause)
[1998.628s][info][gc,task        ] GC(318) Using 6 workers of 6 for evacuation
[1998.750s][info][gc,phases      ] GC(318)   Pre Evacuate Collection Set: 0.36ms
[1998.750s][info][gc,phases      ] GC(318)   Merge Heap Roots: 0.57ms
[1998.750s][info][gc,phases      ] GC(318)   Evacuate Collection Set: 119.43ms
[1998.750s][info][gc,phases      ] GC(318)   Post Evacuate Collection Set: 0.93ms
[1998.750s][info][gc,phases      ] GC(318)   Other: 0.09ms
[1998.750s][info][gc,heap        ] GC(318) Eden regions: 1116->0(1109)
[1998.750s][info][gc,heap        ] GC(318) Survivor regions: 112->111(154)
[1998.750s][info][gc,heap        ] GC(318) Old regions: 502->534
[1998.750s][info][gc,heap        ] GC(318) Humongous regions: 80->80
[1998.750s][info][gc,metaspace   ] GC(318) Metaspace: 28924K(29248K)->28924K(29248K) NonClass: 24041K(24192K)->24041K(24192K) Class: 4883K(5056K)->4883K(5056K)
[1998.750s][info][gc             ] GC(318) Pause Young (Prepare Mixed) (G1 Evacuation Pause) 3617M->1448M(4096M) 121.533ms
[1998.750s][info][gc,cpu         ] GC(318) User=0.72s Sys=0.00s Real=0.12s
.......[2005.138s][info][gc,start       ] GC(319) Pause Young (Mixed) (G1 Evacuation Pause)
[2005.138s][info][gc,task        ] GC(319) Using 6 workers of 6 for evacuation
[2005.266s][info][gc,phases      ] GC(319)   Pre Evacuate Collection Set: 0.41ms
[2005.266s][info][gc,phases      ] GC(319)   Merge Heap Roots: 0.61ms
[2005.266s][info][gc,phases      ] GC(319)   Evacuate Collection Set: 126.54ms
[2005.266s][info][gc,phases      ] GC(319)   Post Evacuate Collection Set: 0.97ms
[2005.266s][info][gc,phases      ] GC(319)   Other: 0.09ms
[2005.266s][info][gc,heap        ] GC(319) Eden regions: 1109->0(1119)
[2005.266s][info][gc,heap        ] GC(319) Survivor regions: 111->109(153)
[2005.266s][info][gc,heap        ] GC(319) Old regions: 534->471
[2005.266s][info][gc,heap        ] GC(319) Humongous regions: 80->80
[2005.266s][info][gc,metaspace   ] GC(319) Metaspace: 28924K(29248K)->28924K(29248K) NonClass: 24041K(24192K)->24041K(24192K) Class: 4883K(5056K)->4883K(5056K)
[2005.266s][info][gc             ] GC(319) Pause Young (Mixed) (G1 Evacuation Pause) 3666M->1318M(4096M) 128.769ms
[2005.266s][info][gc,cpu         ] GC(319) User=0.76s Sys=0.00s Real=0.13s
......[2011.654s][info][gc,start       ] GC(320) Pause Young (Concurrent Start) (G1 Evacuation Pause)
[2011.654s][info][gc,task        ] GC(320) Using 6 workers of 6 for evacuation
[2011.769s][info][gc,phases      ] GC(320)   Pre Evacuate Collection Set: 0.44ms
[2011.769s][info][gc,phases      ] GC(320)   Merge Heap Roots: 0.47ms
[2011.769s][info][gc,phases      ] GC(320)   Evacuate Collection Set: 113.89ms
[2011.769s][info][gc,phases      ] GC(320)   Post Evacuate Collection Set: 0.92ms
[2011.769s][info][gc,phases      ] GC(320)   Other: 0.12ms
[2011.769s][info][gc,heap        ] GC(320) Eden regions: 1119->0(1120)
[2011.769s][info][gc,heap        ] GC(320) Survivor regions: 109->108(154)
[2011.769s][info][gc,heap        ] GC(320) Old regions: 471->502
[2011.769s][info][gc,heap        ] GC(320) Humongous regions: 80->80
[2011.769s][info][gc,metaspace   ] GC(320) Metaspace: 28924K(29248K)->28924K(29248K) NonClass: 24041K(24192K)->24041K(24192K) Class: 4883K(5056K)->4883K(5056K)
[2011.770s][info][gc             ] GC(320) Pause Young (Concurrent Start) (G1 Evacuation Pause) 3556M->1379M(4096M) 115.967ms
[2011.770s][info][gc             ] GC(321) Concurrent Mark Cycle
[2011.770s][info][gc,marking     ] GC(321) Concurrent Scan Root Regions
[2011.770s][info][gc,cpu         ] GC(320) User=0.69s Sys=0.00s Real=0.12s
.[2011.896s][info][gc,marking     ] GC(321) Concurrent Scan Root Regions 126.003ms
[2011.896s][info][gc,marking     ] GC(321) Concurrent Mark
[2011.896s][info][gc,marking     ] GC(321) Concurrent Mark From Roots
[2011.896s][info][gc,task        ] GC(321) Using 2 workers of 2 for marking
[2012.473s][info][gc,marking     ] GC(321) Concurrent Mark From Roots 577.475ms
[2012.473s][info][gc,marking     ] GC(321) Concurrent Preclean
[2012.473s][info][gc,marking     ] GC(321) Concurrent Preclean 0.051ms
[2012.474s][info][gc,start       ] GC(321) Pause Remark
[2012.477s][info][gc             ] GC(321) Pause Remark 1649M->1649M(4096M) 3.075ms
[2012.477s][info][gc,cpu         ] GC(321) User=0.02s Sys=0.00s Real=0.00s
[2012.478s][info][gc,marking     ] GC(321) Concurrent Mark 582.123ms
[2012.478s][info][gc,marking     ] GC(321) Concurrent Rebuild Remembered Sets and Scrub Regions
[2012.721s][info][gc,marking     ] GC(321) Concurrent Rebuild Remembered Sets and Scrub Regions 242.746ms
[2012.721s][info][gc,start       ] GC(321) Pause Cleanup
[2012.721s][info][gc             ] GC(321) Pause Cleanup 1757M->1757M(4096M) 0.147ms
[2012.721s][info][gc,cpu         ] GC(321) User=0.00s Sys=0.00s Real=0.00s
[2012.721s][info][gc,marking     ] GC(321) Concurrent Clear Claimed Marks
[2012.721s][info][gc,marking     ] GC(321) Concurrent Clear Claimed Marks 0.028ms
[2012.721s][info][gc,marking     ] GC(321) Concurrent Cleanup for Next Mark
[2012.725s][info][gc,marking     ] GC(321) Concurrent Cleanup for Next Mark 4.160ms
[2012.725s][info][gc             ] GC(321) Concurrent Mark Cycle 955.843ms
.... (rIR:aIR:PR = 2906:2907:2907) (tPR = 43105) [OK] 
  2015s: Performance info:
         Transaction,    Success,    Partial,     Failed,   Receipts, AvgBarcode, 
             Overall,     174578,          0,          0,     165852,      59.48, 
         Response times:
             Request,    Success,    Partial,     Failed,   SkipFail,     Probes,    Samples,      min,      p50,      p90,      p95,      p99,      max, 
       TotalPurchase,     165852,          0,          0,          0,     163003,     177051,      300,     2500,     4000,     4900,    22000,   185000,
     InStorePurchase,      87258,          0,          0,          0,      85870,      92816,      300,     2400,     3900,     4800,    21000,   143000,
      OnlinePurchase,      61166,          0,          0,          0,      60275,      65656,      300,     2400,     4000,     4900,    22000,   185000,
        InstPurchase,      17428,          0,          0,          0,      16858,      18579,      400,     2900,     4300,     5400,    25000,   140000,
          AssocOfCat,        175,          0,          0,          0,        125,        181,    19400,    27000,    39000,    44800,   166940,   235000,
      AssocOfProduct,       1739,          0,          0,          0,       1561,       1857,      500,     2800,     4100,     4900,    25000,   122000,
      BusinessReport,        433,          0,          0,          0,        354,        489,    21000,    30000,    42000,    50000,   170000,   257000,
          CustBuyBeh,       1751,          0,          0,          0,       1584,       1878,      200,     2900,     4300,     5600,    25000,   133000,
       ProductReturn,       4628,          0,          0,          0,       4361,       4925,      200,     1800,     3700,     4470,    19474,   121000,

  2015s: (22%)   IR =   3044 ..[2018.030s][info][gc,start       ] GC(322) Pause Young (Prepare Mixed) (G1 Evacuation Pause)
[2018.030s][info][gc,task        ] GC(322) Using 6 workers of 6 for evacuation
[2018.150s][info][gc,phases      ] GC(322)   Pre Evacuate Collection Set: 0.38ms
[2018.150s][info][gc,phases      ] GC(322)   Merge Heap Roots: 0.55ms
[2018.150s][info][gc,phases      ] GC(322)   Evacuate Collection Set: 117.64ms
[2018.150s][info][gc,phases      ] GC(322)   Post Evacuate Collection Set: 0.96ms
[2018.150s][info][gc,phases      ] GC(322)   Other: 0.09ms
[2018.150s][info][gc,heap        ] GC(322) Eden regions: 1120->0(1110)
[2018.150s][info][gc,heap        ] GC(322) Survivor regions: 108->111(154)
[2018.150s][info][gc,heap        ] GC(322) Old regions: 502->533
[2018.150s][info][gc,heap        ] GC(322) Humongous regions: 80->80
[2018.150s][info][gc,metaspace   ] GC(322) Metaspace: 28924K(29248K)->28924K(29248K) NonClass: 24041K(24192K)->24041K(24192K) Class: 4883K(5056K)->4883K(5056K)
[2018.150s][info][gc             ] GC(322) Pause Young (Prepare Mixed) (G1 Evacuation Pause) 3619M->1447M(4096M) 119.756ms
[2018.150s][info][gc,cpu         ] GC(322) User=0.72s Sys=0.00s Real=0.12s
....|..[2024.273s][info][gc,start       ] GC(323) Pause Young (Mixed) (G1 Evacuation Pause)
[2024.273s][info][gc,task        ] GC(323) Using 6 workers of 6 for evacuation
[2024.409s][info][gc,phases      ] GC(323)   Pre Evacuate Collection Set: 0.38ms
[2024.409s][info][gc,phases      ] GC(323)   Merge Heap Roots: 0.73ms
[2024.409s][info][gc,phases      ] GC(323)   Evacuate Collection Set: 133.38ms
[2024.409s][info][gc,phases      ] GC(323)   Post Evacuate Collection Set: 0.97ms
[2024.409s][info][gc,phases      ] GC(323)   Other: 0.09ms
[2024.409s][info][gc,heap        ] GC(323) Eden regions: 1110->0(1120)
[2024.409s][info][gc,heap        ] GC(323) Survivor regions: 111->108(153)
[2024.409s][info][gc,heap        ] GC(323) Old regions: 533->469
[2024.409s][info][gc,heap        ] GC(323) Humongous regions: 80->80
[2024.409s][info][gc,metaspace   ] GC(323) Metaspace: 28924K(29248K)->28924K(29248K) NonClass: 24041K(24192K)->24041K(24192K) Class: 4883K(5056K)->4883K(5056K)
[2024.409s][info][gc             ] GC(323) Pause Young (Mixed) (G1 Evacuation Pause) 3667M->1311M(4096M) 135.686ms
[2024.409s][info][gc,cpu         ] GC(323) User=0.81s Sys=0.00s Real=0.14s
......[2030.475s][info][gc,start       ] GC(324) Pause Young (Concurrent Start) (G1 Evacuation Pause)
[2030.475s][info][gc,task        ] GC(324) Using 6 workers of 6 for evacuation
[2030.589s][info][gc,phases      ] GC(324)   Pre Evacuate Collection Set: 0.44ms
[2030.589s][info][gc,phases      ] GC(324)   Merge Heap Roots: 0.47ms
[2030.589s][info][gc,phases      ] GC(324)   Evacuate Collection Set: 112.07ms
[2030.589s][info][gc,phases      ] GC(324)   Post Evacuate Collection Set: 0.91ms
[2030.589s][info][gc,phases      ] GC(324)   Other: 0.11ms
[2030.589s][info][gc,heap        ] GC(324) Eden regions: 1120->0(1119)
[2030.589s][info][gc,heap        ] GC(324) Survivor regions: 108->109(154)
[2030.589s][info][gc,heap        ] GC(324) Old regions: 469->500
[2030.589s][info][gc,heap        ] GC(324) Humongous regions: 80->80
[2030.589s][info][gc,metaspace   ] GC(324) Metaspace: 28924K(29248K)->28924K(29248K) NonClass: 24041K(24192K)->24041K(24192K) Class: 4883K(5056K)->4883K(5056K)
[2030.589s][info][gc             ] GC(324) Pause Young (Concurrent Start) (G1 Evacuation Pause) 3551M->1376M(4096M) 114.136ms
[2030.589s][info][gc             ] GC(325) Concurrent Mark Cycle
[2030.589s][info][gc,marking     ] GC(325) Concurrent Scan Root Regions
[2030.590s][info][gc,cpu         ] GC(324) User=0.68s Sys=0.00s Real=0.12s
[2030.762s][info][gc,marking     ] GC(325) Concurrent Scan Root Regions 172.506ms
[2030.762s][info][gc,marking     ] GC(325) Concurrent Mark
[2030.762s][info][gc,marking     ] GC(325) Concurrent Mark From Roots
[2030.762s][info][gc,task        ] GC(325) Using 2 workers of 2 for marking
.[2031.695s][info][gc,marking     ] GC(325) Concurrent Mark From Roots 932.816ms
[2031.695s][info][gc,marking     ] GC(325) Concurrent Preclean
[2031.695s][info][gc,marking     ] GC(325) Concurrent Preclean 0.090ms
[2031.695s][info][gc,start       ] GC(325) Pause Remark
[2031.699s][info][gc             ] GC(325) Pause Remark 1811M->1811M(4096M) 3.638ms
[2031.699s][info][gc,cpu         ] GC(325) User=0.02s Sys=0.00s Real=0.01s
[2031.699s][info][gc,marking     ] GC(325) Concurrent Mark 936.995ms
[2031.699s][info][gc,marking     ] GC(325) Concurrent Rebuild Remembered Sets and Scrub Regions
.[2031.966s][info][gc,marking     ] GC(325) Concurrent Rebuild Remembered Sets and Scrub Regions 267.364ms
[2031.967s][info][gc,start       ] GC(325) Pause Cleanup
[2031.967s][info][gc             ] GC(325) Pause Cleanup 1912M->1912M(4096M) 0.107ms
[2031.967s][info][gc,cpu         ] GC(325) User=0.00s Sys=0.00s Real=0.00s
[2031.967s][info][gc,marking     ] GC(325) Concurrent Clear Claimed Marks
[2031.967s][info][gc,marking     ] GC(325) Concurrent Clear Claimed Marks 0.027ms
[2031.967s][info][gc,marking     ] GC(325) Concurrent Cleanup for Next Mark
[2031.970s][info][gc,marking     ] GC(325) Concurrent Cleanup for Next Mark 3.401ms
[2031.970s][info][gc             ] GC(325) Concurrent Mark Cycle 1380.682ms
....[2036.734s][info][gc,start       ] GC(326) Pause Young (Prepare Mixed) (G1 Evacuation Pause)
[2036.734s][info][gc,task        ] GC(326) Using 6 workers of 6 for evacuation
[2036.851s][info][gc,phases      ] GC(326)   Pre Evacuate Collection Set: 0.36ms
[2036.851s][info][gc,phases      ] GC(326)   Merge Heap Roots: 0.49ms
[2036.851s][info][gc,phases      ] GC(326)   Evacuate Collection Set: 115.50ms
[2036.851s][info][gc,phases      ] GC(326)   Post Evacuate Collection Set: 0.94ms
[2036.851s][info][gc,phases      ] GC(326)   Other: 0.09ms
[2036.851s][info][gc,heap        ] GC(326) Eden regions: 1119->0(1116)
[2036.851s][info][gc,heap        ] GC(326) Survivor regions: 109->108(154)
[2036.851s][info][gc,heap        ] GC(326) Old regions: 500->533
[2036.851s][info][gc,heap        ] GC(326) Humongous regions: 80->80
[2036.851s][info][gc,metaspace   ] GC(326) Metaspace: 28924K(29248K)->28924K(29248K) NonClass: 24041K(24192K)->24041K(24192K) Class: 4883K(5056K)->4883K(5056K)
[2036.851s][info][gc             ] GC(326) Pause Young (Prepare Mixed) (G1 Evacuation Pause) 3614M->1440M(4096M) 117.521ms
[2036.852s][info][gc,cpu         ] GC(326) User=0.70s Sys=0.00s Real=0.12s
.......[2042.977s][info][gc,start       ] GC(327) Pause Young (Mixed) (G1 Evacuation Pause)
[2042.977s][info][gc,task        ] GC(327) Using 6 workers of 6 for evacuation
[2043.107s][info][gc,phases      ] GC(327)   Pre Evacuate Collection Set: 0.39ms
[2043.107s][info][gc,phases      ] GC(327)   Merge Heap Roots: 0.64ms
[2043.107s][info][gc,phases      ] GC(327)   Evacuate Collection Set: 127.71ms
[2043.107s][info][gc,phases      ] GC(327)   Post Evacuate Collection Set: 1.02ms
[2043.107s][info][gc,phases      ] GC(327)   Other: 0.09ms
[2043.107s][info][gc,heap        ] GC(327) Eden regions: 1116->0(1118)
[2043.107s][info][gc,heap        ] GC(327) Survivor regions: 108->110(153)
[2043.107s][info][gc,heap        ] GC(327) Old regions: 533->472
[2043.107s][info][gc,heap        ] GC(327) Humongous regions: 80->80
[2043.107s][info][gc,metaspace   ] GC(327) Metaspace: 28924K(29248K)->28924K(29248K) NonClass: 24041K(24192K)->24041K(24192K) Class: 4883K(5056K)->4883K(5056K)
[2043.107s][info][gc             ] GC(327) Pause Young (Mixed) (G1 Evacuation Pause) 3672M->1322M(4096M) 130.005ms
[2043.107s][info][gc,cpu         ] GC(327) User=0.78s Sys=0.01s Real=0.13s
......[2049.132s][info][gc,start       ] GC(328) Pause Young (Concurrent Start) (G1 Evacuation Pause)
[2049.132s][info][gc,task        ] GC(328) Using 6 workers of 6 for evacuation
[2049.248s][info][gc,phases      ] GC(328)   Pre Evacuate Collection Set: 0.41ms
[2049.248s][info][gc,phases      ] GC(328)   Merge Heap Roots: 0.48ms
[2049.248s][info][gc,phases      ] GC(328)   Evacuate Collection Set: 113.91ms
[2049.248s][info][gc,phases      ] GC(328)   Post Evacuate Collection Set: 0.91ms
[2049.248s][info][gc,phases      ] GC(328)   Other: 0.12ms
[2049.248s][info][gc,heap        ] GC(328) Eden regions: 1118->0(1119)
[2049.248s][info][gc,heap        ] GC(328) Survivor regions: 110->109(154)
[2049.248s][info][gc,heap        ] GC(328) Old regions: 472->504
[2049.248s][info][gc,heap        ] GC(328) Humongous regions: 80->80
[2049.248s][info][gc,metaspace   ] GC(328) Metaspace: 28924K(29248K)->28924K(29248K) NonClass: 24041K(24192K)->24041K(24192K) Class: 4883K(5056K)->4883K(5056K)
[2049.248s][info][gc             ] GC(328) Pause Young (Concurrent Start) (G1 Evacuation Pause) 3558M->1383M(4096M) 115.962ms
[2049.248s][info][gc             ] GC(329) Concurrent Mark Cycle
[2049.248s][info][gc,marking     ] GC(329) Concurrent Scan Root Regions
[2049.248s][info][gc,cpu         ] GC(328) User=0.69s Sys=0.00s Real=0.11s
[2049.379s][info][gc,marking     ] GC(329) Concurrent Scan Root Regions 131.499ms
[2049.379s][info][gc,marking     ] GC(329) Concurrent Mark
[2049.379s][info][gc,marking     ] GC(329) Concurrent Mark From Roots
[2049.379s][info][gc,task        ] GC(329) Using 2 workers of 2 for marking
.[2050.001s][info][gc,marking     ] GC(329) Concurrent Mark From Roots 621.317ms
[2050.001s][info][gc,marking     ] GC(329) Concurrent Preclean
[2050.001s][info][gc,marking     ] GC(329) Concurrent Preclean 0.053ms
[2050.001s][info][gc,start       ] GC(329) Pause Remark
[2050.004s][info][gc             ] GC(329) Pause Remark 1676M->1676M(4096M) 3.290ms
[2050.004s][info][gc,cpu         ] GC(329) User=0.02s Sys=0.00s Real=0.00s
[2050.004s][info][gc,marking     ] GC(329) Concurrent Mark 624.918ms
[2050.004s][info][gc,marking     ] GC(329) Concurrent Rebuild Remembered Sets and Scrub Regions
[2050.234s][info][gc,marking     ] GC(329) Concurrent Rebuild Remembered Sets and Scrub Regions 230.251ms
[2050.235s][info][gc,start       ] GC(329) Pause Cleanup
[2050.235s][info][gc             ] GC(329) Pause Cleanup 1759M->1759M(4096M) 0.120ms
[2050.235s][info][gc,cpu         ] GC(329) User=0.00s Sys=0.00s Real=0.00s
[2050.235s][info][gc,marking     ] GC(329) Concurrent Clear Claimed Marks
[2050.235s][info][gc,marking     ] GC(329) Concurrent Clear Claimed Marks 0.028ms
[2050.235s][info][gc,marking     ] GC(329) Concurrent Cleanup for Next Mark
[2050.240s][info][gc,marking     ] GC(329) Concurrent Cleanup for Next Mark 4.924ms
[2050.240s][info][gc             ] GC(329) Concurrent Mark Cycle 992.124ms
.....[2055.392s][info][gc,start       ] GC(330) Pause Young (Prepare Mixed) (G1 Evacuation Pause)
[2055.392s][info][gc,task        ] GC(330) Using 6 workers of 6 for evacuation
[2055.509s][info][gc,phases      ] GC(330)   Pre Evacuate Collection Set: 0.37ms
[2055.509s][info][gc,phases      ] GC(330)   Merge Heap Roots: 0.50ms
[2055.509s][info][gc,phases      ] GC(330)   Evacuate Collection Set: 114.63ms
[2055.509s][info][gc,phases      ] GC(330)   Post Evacuate Collection Set: 0.96ms
[2055.509s][info][gc,phases      ] GC(330)   Other: 0.09ms
[2055.509s][info][gc,heap        ] GC(330) Eden regions: 1119->0(1113)
[2055.509s][info][gc,heap        ] GC(330) Survivor regions: 109->108(154)
[2055.509s][info][gc,heap        ] GC(330) Old regions: 504->536
[2055.509s][info][gc,heap        ] GC(330) Humongous regions: 80->80
[2055.509s][info][gc,metaspace   ] GC(330) Metaspace: 28924K(29248K)->28924K(29248K) NonClass: 24041K(24192K)->24041K(24192K) Class: 4883K(5056K)->4883K(5056K)
[2055.509s][info][gc             ] GC(330) Pause Young (Prepare Mixed) (G1 Evacuation Pause) 3621M->1445M(4096M) 116.707ms
[2055.509s][info][gc,cpu         ] GC(330) User=0.70s Sys=0.00s Real=0.12s
......[2061.695s][info][gc,start       ] GC(331) Pause Young (Mixed) (G1 Evacuation Pause)
[2061.695s][info][gc,task        ] GC(331) Using 6 workers of 6 for evacuation
[2061.829s][info][gc,phases      ] GC(331)   Pre Evacuate Collection Set: 0.40ms
[2061.829s][info][gc,phases      ] GC(331)   Merge Heap Roots: 0.61ms
[2061.829s][info][gc,phases      ] GC(331)   Evacuate Collection Set: 131.68ms
[2061.829s][info][gc,phases      ] GC(331)   Post Evacuate Collection Set: 0.95ms
[2061.829s][info][gc,phases      ] GC(331)   Other: 0.09ms
[2061.829s][info][gc,heap        ] GC(331) Eden regions: 1113->0(1118)
[2061.829s][info][gc,heap        ] GC(331) Survivor regions: 108->110(153)
[2061.829s][info][gc,heap        ] GC(331) Old regions: 536->470
[2061.829s][info][gc,heap        ] GC(331) Humongous regions: 80->80
[2061.829s][info][gc,metaspace   ] GC(331) Metaspace: 28924K(29248K)->28924K(29248K) NonClass: 24041K(24192K)->24041K(24192K) Class: 4883K(5056K)->4883K(5056K)
[2061.829s][info][gc             ] GC(331) Pause Young (Mixed) (G1 Evacuation Pause) 3671M->1319M(4096M) 133.860ms
[2061.829s][info][gc,cpu         ] GC(331) User=0.80s Sys=0.00s Real=0.14s
......[2067.875s][info][gc,start       ] GC(332) Pause Young (Concurrent Start) (G1 Evacuation Pause)
[2067.875s][info][gc,task        ] GC(332) Using 6 workers of 6 for evacuation
[2067.992s][info][gc,phases      ] GC(332)   Pre Evacuate Collection Set: 0.42ms
[2067.992s][info][gc,phases      ] GC(332)   Merge Heap Roots: 0.48ms
[2067.992s][info][gc,phases      ] GC(332)   Evacuate Collection Set: 114.27ms
[2067.992s][info][gc,phases      ] GC(332)   Post Evacuate Collection Set: 0.92ms
[2067.992s][info][gc,phases      ] GC(332)   Other: 0.14ms
[2067.992s][info][gc,heap        ] GC(332) Eden regions: 1118->0(1120)
[2067.992s][info][gc,heap        ] GC(332) Survivor regions: 110->108(154)
[2067.992s][info][gc,heap        ] GC(332) Old regions: 470->503
[2067.992s][info][gc,heap        ] GC(332) Humongous regions: 80->80
[2067.992s][info][gc,metaspace   ] GC(332) Metaspace: 28924K(29248K)->28924K(29248K) NonClass: 24041K(24192K)->24041K(24192K) Class: 4883K(5056K)->4883K(5056K)
[2067.992s][info][gc             ] GC(332) Pause Young (Concurrent Start) (G1 Evacuation Pause) 3555M->1380M(4096M) 116.374ms
[2067.992s][info][gc             ] GC(333) Concurrent Mark Cycle
[2067.992s][info][gc,marking     ] GC(333) Concurrent Scan Root Regions
[2067.992s][info][gc,cpu         ] GC(332) User=0.69s Sys=0.00s Real=0.12s
.[2068.167s][info][gc,marking     ] GC(333) Concurrent Scan Root Regions 175.360ms
[2068.167s][info][gc,marking     ] GC(333) Concurrent Mark
[2068.167s][info][gc,marking     ] GC(333) Concurrent Mark From Roots
[2068.167s][info][gc,task        ] GC(333) Using 2 workers of 2 for marking
.[2069.103s][info][gc,marking     ] GC(333) Concurrent Mark From Roots 936.057ms
[2069.103s][info][gc,marking     ] GC(333) Concurrent Preclean
[2069.103s][info][gc,marking     ] GC(333) Concurrent Preclean 0.068ms
[2069.103s][info][gc,start       ] GC(333) Pause Remark
[2069.107s][info][gc             ] GC(333) Pause Remark 1847M->1847M(4096M) 3.525ms
[2069.107s][info][gc,cpu         ] GC(333) User=0.02s Sys=0.00s Real=0.00s
[2069.107s][info][gc,marking     ] GC(333) Concurrent Mark 939.929ms
[2069.107s][info][gc,marking     ] GC(333) Concurrent Rebuild Remembered Sets and Scrub Regions
[2069.332s][info][gc,marking     ] GC(333) Concurrent Rebuild Remembered Sets and Scrub Regions 225.135ms
[2069.332s][info][gc,start       ] GC(333) Pause Cleanup
[2069.332s][info][gc             ] GC(333) Pause Cleanup 1935M->1935M(4096M) 0.110ms
[2069.332s][info][gc,cpu         ] GC(333) User=0.00s Sys=0.00s Real=0.00s
[2069.333s][info][gc,marking     ] GC(333) Concurrent Clear Claimed Marks
[2069.333s][info][gc,marking     ] GC(333) Concurrent Clear Claimed Marks 0.031ms
[2069.333s][info][gc,marking     ] GC(333) Concurrent Cleanup for Next Mark
[2069.336s][info][gc,marking     ] GC(333) Concurrent Cleanup for Next Mark 3.212ms
[2069.336s][info][gc             ] GC(333) Concurrent Mark Cycle 1344.103ms
.....[2074.077s][info][gc,start       ] GC(334) Pause Young (Prepare Mixed) (G1 Evacuation Pause)
[2074.077s][info][gc,task        ] GC(334) Using 6 workers of 6 for evacuation
[2074.196s][info][gc,phases      ] GC(334)   Pre Evacuate Collection Set: 0.33ms
[2074.196s][info][gc,phases      ] GC(334)   Merge Heap Roots: 0.51ms
[2074.196s][info][gc,phases      ] GC(334)   Evacuate Collection Set: 117.12ms
[2074.196s][info][gc,phases      ] GC(334)   Post Evacuate Collection Set: 0.99ms
[2074.196s][info][gc,phases      ] GC(334)   Other: 0.08ms
[2074.196s][info][gc,heap        ] GC(334) Eden regions: 1120->0(1108)
[2074.196s][info][gc,heap        ] GC(334) Survivor regions: 108->111(154)
[2074.196s][info][gc,heap        ] GC(334) Old regions: 503->535
[2074.196s][info][gc,heap        ] GC(334) Humongous regions: 80->80
[2074.196s][info][gc,metaspace   ] GC(334) Metaspace: 28924K(29248K)->28924K(29248K) NonClass: 24041K(24192K)->24041K(24192K) Class: 4883K(5056K)->4883K(5056K)
[2074.196s][info][gc             ] GC(334) Pause Young (Prepare Mixed) (G1 Evacuation Pause) 3620M->1449M(4096M) 119.174ms
[2074.196s][info][gc,cpu         ] GC(334) User=0.71s Sys=0.00s Real=0.12s
......[2080.225s][info][gc,start       ] GC(335) Pause Young (Mixed) (G1 Evacuation Pause)
[2080.226s][info][gc,task        ] GC(335) Using 6 workers of 6 for evacuation
[2080.362s][info][gc,phases      ] GC(335)   Pre Evacuate Collection Set: 0.38ms
[2080.362s][info][gc,phases      ] GC(335)   Merge Heap Roots: 0.64ms
[2080.362s][info][gc,phases      ] GC(335)   Evacuate Collection Set: 134.15ms
[2080.362s][info][gc,phases      ] GC(335)   Post Evacuate Collection Set: 0.86ms
[2080.362s][info][gc,phases      ] GC(335)   Other: 0.08ms
[2080.362s][info][gc,heap        ] GC(335) Eden regions: 1108->0(1115)
[2080.362s][info][gc,heap        ] GC(335) Survivor regions: 111->113(153)
[2080.362s][info][gc,heap        ] GC(335) Old regions: 535->469
[2080.362s][info][gc,heap        ] GC(335) Humongous regions: 80->80
[2080.362s][info][gc,metaspace   ] GC(335) Metaspace: 28924K(29248K)->28924K(29248K) NonClass: 24041K(24192K)->24041K(24192K) Class: 4883K(5056K)->4883K(5056K)
[2080.362s][info][gc             ] GC(335) Pause Young (Mixed) (G1 Evacuation Pause) 3665M->1323M(4096M) 136.246ms
[2080.362s][info][gc,cpu         ] GC(335) User=0.80s Sys=0.00s Real=0.14s
.. (rIR:aIR:PR = 3044:3044:3044) (tPR = 45438) [OK] 
  2081s: Performance info:
         Transaction,    Success,    Partial,     Failed,   Receipts, AvgBarcode, 
             Overall,     183057,          0,          0,     173920,      59.47, 
         Response times:
             Request,    Success,    Partial,     Failed,   SkipFail,     Probes,    Samples,      min,      p50,      p90,      p95,      p99,      max, 
       TotalPurchase,     173920,          0,          0,          0,     170857,     188584,      300,     2600,     4200,     5000,    22000,   175000,
     InStorePurchase,      91583,          0,          0,          0,      90095,      99124,      300,     2600,     4200,     5000,    21000,   175000,
      OnlinePurchase,      64012,          0,          0,          0,      62909,      69444,      300,     2600,     4200,     5000,    22000,   166000,
        InstPurchase,      18325,          0,          0,          0,      17853,      20016,      400,     2600,     4100,     4900,    21000,   142000,
          AssocOfCat,        183,          0,          0,          0,        136,        216,    18900,    27000,    34300,    38150,   130740,   167000,
      AssocOfProduct,       1830,          0,          0,          0,       1667,       2000,      400,     1600,     3200,     3900,    14000,    43000,
      BusinessReport,        455,          0,          0,          0,        376,        519,    21000,    31000,    44000,    49000,   166800,   198000,
          CustBuyBeh,       1822,          0,          0,          0,       1663,       1980,      300,     1500,     3100,     3600,     9700,    46000,
       ProductReturn,       4847,          0,          0,          0,       4620,       5264,      200,     2200,     3700,     4400,    16540,   140000,

  2081s: (23%)   IR =   3183 ....|[2086.254s][info][gc,start       ] GC(336) Pause Young (Concurrent Start) (G1 Evacuation Pause)
[2086.254s][info][gc,task        ] GC(336) Using 6 workers of 6 for evacuation
[2086.369s][info][gc,phases      ] GC(336)   Pre Evacuate Collection Set: 0.44ms
[2086.369s][info][gc,phases      ] GC(336)   Merge Heap Roots: 0.46ms
[2086.369s][info][gc,phases      ] GC(336)   Evacuate Collection Set: 112.70ms
[2086.369s][info][gc,phases      ] GC(336)   Post Evacuate Collection Set: 0.90ms
[2086.369s][info][gc,phases      ] GC(336)   Other: 0.10ms
[2086.369s][info][gc,heap        ] GC(336) Eden regions: 1115->0(1121)
[2086.369s][info][gc,heap        ] GC(336) Survivor regions: 113->107(154)
[2086.369s][info][gc,heap        ] GC(336) Old regions: 469->501
[2086.369s][info][gc,heap        ] GC(336) Humongous regions: 80->80
[2086.369s][info][gc,metaspace   ] GC(336) Metaspace: 28925K(29248K)->28925K(29248K) NonClass: 24042K(24192K)->24042K(24192K) Class: 4883K(5056K)->4883K(5056K)
[2086.369s][info][gc             ] GC(336) Pause Young (Concurrent Start) (G1 Evacuation Pause) 3553M->1375M(4096M) 114.724ms
[2086.369s][info][gc             ] GC(337) Concurrent Mark Cycle
[2086.369s][info][gc,marking     ] GC(337) Concurrent Scan Root Regions
[2086.369s][info][gc,cpu         ] GC(336) User=0.67s Sys=0.01s Real=0.12s
[2086.539s][info][gc,marking     ] GC(337) Concurrent Scan Root Regions 169.958ms
[2086.539s][info][gc,marking     ] GC(337) Concurrent Mark
[2086.539s][info][gc,marking     ] GC(337) Concurrent Mark From Roots
[2086.539s][info][gc,task        ] GC(337) Using 2 workers of 2 for marking
.[2087.473s][info][gc,marking     ] GC(337) Concurrent Mark From Roots 934.268ms
[2087.473s][info][gc,marking     ] GC(337) Concurrent Preclean
[2087.473s][info][gc,marking     ] GC(337) Concurrent Preclean 0.069ms
[2087.473s][info][gc,start       ] GC(337) Pause Remark
[2087.477s][info][gc             ] GC(337) Pause Remark 1851M->1851M(4096M) 3.870ms
[2087.477s][info][gc,cpu         ] GC(337) User=0.02s Sys=0.00s Real=0.00s
[2087.477s][info][gc,marking     ] GC(337) Concurrent Mark 938.465ms
[2087.477s][info][gc,marking     ] GC(337) Concurrent Rebuild Remembered Sets and Scrub Regions
[2087.878s][info][gc,marking     ] GC(337) Concurrent Rebuild Remembered Sets and Scrub Regions 400.674ms
[2087.878s][info][gc,start       ] GC(337) Pause Cleanup
[2087.878s][info][gc             ] GC(337) Pause Cleanup 1974M->1974M(4096M) 0.128ms
[2087.878s][info][gc,cpu         ] GC(337) User=0.00s Sys=0.00s Real=0.01s
[2087.878s][info][gc,marking     ] GC(337) Concurrent Clear Claimed Marks
[2087.878s][info][gc,marking     ] GC(337) Concurrent Clear Claimed Marks 0.027ms
[2087.878s][info][gc,marking     ] GC(337) Concurrent Cleanup for Next Mark
[2087.883s][info][gc,marking     ] GC(337) Concurrent Cleanup for Next Mark 4.466ms
[2087.883s][info][gc             ] GC(337) Concurrent Mark Cycle 1514.084ms
.....[2092.258s][info][gc,start       ] GC(338) Pause Young (Prepare Mixed) (G1 Evacuation Pause)
[2092.258s][info][gc,task        ] GC(338) Using 6 workers of 6 for evacuation
[2092.375s][info][gc,phases      ] GC(338)   Pre Evacuate Collection Set: 0.38ms
[2092.375s][info][gc,phases      ] GC(338)   Merge Heap Roots: 0.51ms
[2092.375s][info][gc,phases      ] GC(338)   Evacuate Collection Set: 115.21ms
[2092.375s][info][gc,phases      ] GC(338)   Post Evacuate Collection Set: 0.94ms
[2092.375s][info][gc,phases      ] GC(338)   Other: 0.09ms
[2092.375s][info][gc,heap        ] GC(338) Eden regions: 1121->0(1112)
[2092.375s][info][gc,heap        ] GC(338) Survivor regions: 107->110(154)
[2092.375s][info][gc,heap        ] GC(338) Old regions: 501->533
[2092.375s][info][gc,heap        ] GC(338) Humongous regions: 80->80
[2092.375s][info][gc,metaspace   ] GC(338) Metaspace: 28925K(29248K)->28925K(29248K) NonClass: 24042K(24192K)->24042K(24192K) Class: 4883K(5056K)->4883K(5056K)
[2092.375s][info][gc             ] GC(338) Pause Young (Prepare Mixed) (G1 Evacuation Pause) 3617M->1445M(4096M) 117.271ms
[2092.375s][info][gc,cpu         ] GC(338) User=0.70s Sys=0.00s Real=0.12s
......[2098.179s][info][gc,start       ] GC(339) Pause Young (Mixed) (G1 Evacuation Pause)
[2098.179s][info][gc,task        ] GC(339) Using 6 workers of 6 for evacuation
[2098.312s][info][gc,phases      ] GC(339)   Pre Evacuate Collection Set: 0.40ms
[2098.312s][info][gc,phases      ] GC(339)   Merge Heap Roots: 0.70ms
[2098.312s][info][gc,phases      ] GC(339)   Evacuate Collection Set: 131.06ms
[2098.312s][info][gc,phases      ] GC(339)   Post Evacuate Collection Set: 0.94ms
[2098.312s][info][gc,phases      ] GC(339)   Other: 0.10ms
[2098.312s][info][gc,heap        ] GC(339) Eden regions: 1112->0(1117)
[2098.312s][info][gc,heap        ] GC(339) Survivor regions: 110->111(153)
[2098.312s][info][gc,heap        ] GC(339) Old regions: 533->472
[2098.312s][info][gc,heap        ] GC(339) Humongous regions: 80->80
[2098.312s][info][gc,metaspace   ] GC(339) Metaspace: 28925K(29248K)->28925K(29248K) NonClass: 24042K(24192K)->24042K(24192K) Class: 4883K(5056K)->4883K(5056K)
[2098.312s][info][gc             ] GC(339) Pause Young (Mixed) (G1 Evacuation Pause) 3669M->1323M(4096M) 133.337ms
[2098.312s][info][gc,cpu         ] GC(339) User=0.79s Sys=0.00s Real=0.13s
......[2104.179s][info][gc,start       ] GC(340) Pause Young (Concurrent Start) (G1 Evacuation Pause)
[2104.179s][info][gc,task        ] GC(340) Using 6 workers of 6 for evacuation
[2104.295s][info][gc,phases      ] GC(340)   Pre Evacuate Collection Set: 0.42ms
[2104.295s][info][gc,phases      ] GC(340)   Merge Heap Roots: 0.48ms
[2104.295s][info][gc,phases      ] GC(340)   Evacuate Collection Set: 114.81ms
[2104.295s][info][gc,phases      ] GC(340)   Post Evacuate Collection Set: 0.89ms
[2104.295s][info][gc,phases      ] GC(340)   Other: 0.11ms
[2104.295s][info][gc,heap        ] GC(340) Eden regions: 1117->0(1118)
[2104.295s][info][gc,heap        ] GC(340) Survivor regions: 111->110(154)
[2104.296s][info][gc,heap        ] GC(340) Old regions: 472->504
[2104.296s][info][gc,heap        ] GC(340) Humongous regions: 80->80
[2104.296s][info][gc,metaspace   ] GC(340) Metaspace: 28925K(29248K)->28925K(29248K) NonClass: 24042K(24192K)->24042K(24192K) Class: 4883K(5056K)->4883K(5056K)
[2104.296s][info][gc             ] GC(340) Pause Young (Concurrent Start) (G1 Evacuation Pause) 3557M->1386M(4096M) 116.833ms
[2104.296s][info][gc             ] GC(341) Concurrent Mark Cycle
[2104.296s][info][gc,marking     ] GC(341) Concurrent Scan Root Regions
[2104.296s][info][gc,cpu         ] GC(340) User=0.69s Sys=0.00s Real=0.11s
[2104.482s][info][gc,marking     ] GC(341) Concurrent Scan Root Regions 186.460ms
[2104.482s][info][gc,marking     ] GC(341) Concurrent Mark
[2104.482s][info][gc,marking     ] GC(341) Concurrent Mark From Roots
[2104.482s][info][gc,task        ] GC(341) Using 2 workers of 2 for marking
.[2105.415s][info][gc,marking     ] GC(341) Concurrent Mark From Roots 932.533ms
[2105.415s][info][gc,marking     ] GC(341) Concurrent Preclean
[2105.415s][info][gc,marking     ] GC(341) Concurrent Preclean 0.048ms
[2105.415s][info][gc,start       ] GC(341) Pause Remark
[2105.418s][info][gc             ] GC(341) Pause Remark 1887M->1887M(4096M) 3.596ms
[2105.419s][info][gc,cpu         ] GC(341) User=0.02s Sys=0.01s Real=0.01s
[2105.419s][info][gc,marking     ] GC(341) Concurrent Mark 936.463ms
[2105.419s][info][gc,marking     ] GC(341) Concurrent Rebuild Remembered Sets and Scrub Regions
[2105.767s][info][gc,marking     ] GC(341) Concurrent Rebuild Remembered Sets and Scrub Regions 348.418ms
[2105.817s][info][gc,start       ] GC(341) Pause Cleanup
[2105.817s][info][gc             ] GC(341) Pause Cleanup 2008M->2008M(4096M) 0.196ms
[2105.817s][info][gc,cpu         ] GC(341) User=0.00s Sys=0.00s Real=0.00s
[2105.817s][info][gc,marking     ] GC(341) Concurrent Clear Claimed Marks
[2105.817s][info][gc,marking     ] GC(341) Concurrent Clear Claimed Marks 0.038ms
[2105.817s][info][gc,marking     ] GC(341) Concurrent Cleanup for Next Mark
[2105.822s][info][gc,marking     ] GC(341) Concurrent Cleanup for Next Mark 4.583ms
[2105.822s][info][gc             ] GC(341) Concurrent Mark Cycle 1526.445ms
....[2110.000s][info][gc,start       ] GC(342) Pause Young (Prepare Mixed) (G1 Evacuation Pause)
[2110.000s][info][gc,task        ] GC(342) Using 6 workers of 6 for evacuation
[2110.116s][info][gc,phases      ] GC(342)   Pre Evacuate Collection Set: 0.38ms
[2110.116s][info][gc,phases      ] GC(342)   Merge Heap Roots: 0.50ms
[2110.116s][info][gc,phases      ] GC(342)   Evacuate Collection Set: 114.77ms
[2110.116s][info][gc,phases      ] GC(342)   Post Evacuate Collection Set: 0.95ms
[2110.116s][info][gc,phases      ] GC(342)   Other: 0.08ms
[2110.116s][info][gc,heap        ] GC(342) Eden regions: 1118->0(1113)
[2110.116s][info][gc,heap        ] GC(342) Survivor regions: 110->108(154)
[2110.116s][info][gc,heap        ] GC(342) Old regions: 504->536
[2110.116s][info][gc,heap        ] GC(342) Humongous regions: 80->80
[2110.116s][info][gc,metaspace   ] GC(342) Metaspace: 28925K(29248K)->28925K(29248K) NonClass: 24042K(24192K)->24042K(24192K) Class: 4883K(5056K)->4883K(5056K)
[2110.116s][info][gc             ] GC(342) Pause Young (Prepare Mixed) (G1 Evacuation Pause) 3622M->1446M(4096M) 116.814ms
[2110.116s][info][gc,cpu         ] GC(342) User=0.70s Sys=0.00s Real=0.11s
......[2115.899s][info][gc,start       ] GC(343) Pause Young (Mixed) (G1 Evacuation Pause)
[2115.899s][info][gc,task        ] GC(343) Using 6 workers of 6 for evacuation
[2116.029s][info][gc,phases      ] GC(343)   Pre Evacuate Collection Set: 0.41ms
[2116.029s][info][gc,phases      ] GC(343)   Merge Heap Roots: 0.67ms
[2116.029s][info][gc,phases      ] GC(343)   Evacuate Collection Set: 127.78ms
[2116.029s][info][gc,phases      ] GC(343)   Post Evacuate Collection Set: 1.01ms
[2116.029s][info][gc,phases      ] GC(343)   Other: 0.09ms
[2116.029s][info][gc,heap        ] GC(343) Eden regions: 1113->0(1121)
[2116.029s][info][gc,heap        ] GC(343) Survivor regions: 108->107(153)
[2116.029s][info][gc,heap        ] GC(343) Old regions: 536->472
[2116.029s][info][gc,heap        ] GC(343) Humongous regions: 80->80
[2116.029s][info][gc,metaspace   ] GC(343) Metaspace: 28925K(29248K)->28925K(29248K) NonClass: 24042K(24192K)->24042K(24192K) Class: 4883K(5056K)->4883K(5056K)
[2116.029s][info][gc             ] GC(343) Pause Young (Mixed) (G1 Evacuation Pause) 3672M->1316M(4096M) 130.120ms
[2116.029s][info][gc,cpu         ] GC(343) User=0.78s Sys=0.00s Real=0.13s
......[2121.932s][info][gc,start       ] GC(344) Pause Young (Concurrent Start) (G1 Evacuation Pause)
[2121.932s][info][gc,task        ] GC(344) Using 6 workers of 6 for evacuation
[2122.049s][info][gc,phases      ] GC(344)   Pre Evacuate Collection Set: 0.42ms
[2122.049s][info][gc,phases      ] GC(344)   Merge Heap Roots: 0.45ms
[2122.049s][info][gc,phases      ] GC(344)   Evacuate Collection Set: 115.60ms
[2122.049s][info][gc,phases      ] GC(344)   Post Evacuate Collection Set: 0.94ms
[2122.049s][info][gc,phases      ] GC(344)   Other: 0.12ms
[2122.049s][info][gc,heap        ] GC(344) Eden regions: 1121->0(1117)
[2122.049s][info][gc,heap        ] GC(344) Survivor regions: 107->111(154)
[2122.049s][info][gc,heap        ] GC(344) Old regions: 472->503
[2122.049s][info][gc,heap        ] GC(344) Humongous regions: 80->80
[2122.049s][info][gc,metaspace   ] GC(344) Metaspace: 28925K(29248K)->28925K(29248K) NonClass: 24042K(24192K)->24042K(24192K) Class: 4883K(5056K)->4883K(5056K)
[2122.049s][info][gc             ] GC(344) Pause Young (Concurrent Start) (G1 Evacuation Pause) 3558M->1387M(4096M) 117.666ms
[2122.049s][info][gc             ] GC(345) Concurrent Mark Cycle
[2122.049s][info][gc,marking     ] GC(345) Concurrent Scan Root Regions
[2122.049s][info][gc,cpu         ] GC(344) User=0.70s Sys=0.00s Real=0.12s
.[2122.214s][info][gc,marking     ] GC(345) Concurrent Scan Root Regions 164.257ms
[2122.214s][info][gc,marking     ] GC(345) Concurrent Mark
[2122.214s][info][gc,marking     ] GC(345) Concurrent Mark From Roots
[2122.214s][info][gc,task        ] GC(345) Using 2 workers of 2 for marking
[2122.829s][info][gc,marking     ] GC(345) Concurrent Mark From Roots 615.314ms
[2122.829s][info][gc,marking     ] GC(345) Concurrent Preclean
[2122.829s][info][gc,marking     ] GC(345) Concurrent Preclean 0.072ms
[2122.830s][info][gc,start       ] GC(345) Pause Remark
[2122.833s][info][gc             ] GC(345) Pause Remark 1693M->1693M(4096M) 3.132ms
[2122.833s][info][gc,cpu         ] GC(345) User=0.02s Sys=0.00s Real=0.00s
[2122.833s][info][gc,marking     ] GC(345) Concurrent Mark 619.384ms
[2122.833s][info][gc,marking     ] GC(345) Concurrent Rebuild Remembered Sets and Scrub Regions
[2123.068s][info][gc,marking     ] GC(345) Concurrent Rebuild Remembered Sets and Scrub Regions 234.626ms
[2123.068s][info][gc,start       ] GC(345) Pause Cleanup
[2123.068s][info][gc             ] GC(345) Pause Cleanup 1771M->1771M(4096M) 0.120ms
[2123.068s][info][gc,cpu         ] GC(345) User=0.00s Sys=0.00s Real=0.00s
[2123.068s][info][gc,marking     ] GC(345) Concurrent Clear Claimed Marks
[2123.068s][info][gc,marking     ] GC(345) Concurrent Clear Claimed Marks 0.029ms
[2123.068s][info][gc,marking     ] GC(345) Concurrent Cleanup for Next Mark
[2123.072s][info][gc,marking     ] GC(345) Concurrent Cleanup for Next Mark 3.817ms
[2123.072s][info][gc             ] GC(345) Concurrent Mark Cycle 1022.589ms
.....[2127.861s][info][gc,start       ] GC(346) Pause Young (Prepare Mixed) (G1 Evacuation Pause)
[2127.861s][info][gc,task        ] GC(346) Using 6 workers of 6 for evacuation
[2127.980s][info][gc,phases      ] GC(346)   Pre Evacuate Collection Set: 0.39ms
[2127.980s][info][gc,phases      ] GC(346)   Merge Heap Roots: 0.56ms
[2127.980s][info][gc,phases      ] GC(346)   Evacuate Collection Set: 116.82ms
[2127.980s][info][gc,phases      ] GC(346)   Post Evacuate Collection Set: 0.96ms
[2127.980s][info][gc,phases      ] GC(346)   Other: 0.09ms
[2127.980s][info][gc,heap        ] GC(346) Eden regions: 1117->0(1108)
[2127.980s][info][gc,heap        ] GC(346) Survivor regions: 111->111(154)
[2127.980s][info][gc,heap        ] GC(346) Old regions: 503->535
[2127.980s][info][gc,heap        ] GC(346) Humongous regions: 80->80
[2127.980s][info][gc,metaspace   ] GC(346) Metaspace: 28925K(29248K)->28925K(29248K) NonClass: 24042K(24192K)->24042K(24192K) Class: 4883K(5056K)->4883K(5056K)
[2127.980s][info][gc             ] GC(346) Pause Young (Prepare Mixed) (G1 Evacuation Pause) 3621M->1451M(4096M) 118.949ms
[2127.980s][info][gc,cpu         ] GC(346) User=0.71s Sys=0.00s Real=0.12s
......[2133.700s][info][gc,start       ] GC(347) Pause Young (Mixed) (G1 Evacuation Pause)
[2133.700s][info][gc,task        ] GC(347) Using 6 workers of 6 for evacuation
[2133.831s][info][gc,phases      ] GC(347)   Pre Evacuate Collection Set: 0.39ms
[2133.831s][info][gc,phases      ] GC(347)   Merge Heap Roots: 0.67ms
[2133.831s][info][gc,phases      ] GC(347)   Evacuate Collection Set: 129.03ms
[2133.831s][info][gc,phases      ] GC(347)   Post Evacuate Collection Set: 0.97ms
[2133.831s][info][gc,phases      ] GC(347)   Other: 0.09ms
[2133.831s][info][gc,heap        ] GC(347) Eden regions: 1108->0(1120)
[2133.831s][info][gc,heap        ] GC(347) Survivor regions: 111->108(153)
[2133.831s][info][gc,heap        ] GC(347) Old regions: 535->472
[2133.831s][info][gc,heap        ] GC(347) Humongous regions: 80->80
[2133.831s][info][gc,metaspace   ] GC(347) Metaspace: 28925K(29248K)->28925K(29248K) NonClass: 24042K(24192K)->24042K(24192K) Class: 4883K(5056K)->4883K(5056K)
[2133.831s][info][gc             ] GC(347) Pause Young (Mixed) (G1 Evacuation Pause) 3667M->1319M(4096M) 131.306ms
[2133.831s][info][gc,cpu         ] GC(347) User=0.78s Sys=0.00s Real=0.13s
......[2139.737s][info][gc,start       ] GC(348) Pause Young (Concurrent Start) (G1 Evacuation Pause)
[2139.737s][info][gc,task        ] GC(348) Using 6 workers of 6 for evacuation
[2139.856s][info][gc,phases      ] GC(348)   Pre Evacuate Collection Set: 0.44ms
[2139.856s][info][gc,phases      ] GC(348)   Merge Heap Roots: 0.47ms
[2139.856s][info][gc,phases      ] GC(348)   Evacuate Collection Set: 117.43ms
[2139.856s][info][gc,phases      ] GC(348)   Post Evacuate Collection Set: 0.90ms
[2139.856s][info][gc,phases      ] GC(348)   Other: 0.10ms
[2139.856s][info][gc,heap        ] GC(348) Eden regions: 1120->0(1116)
[2139.856s][info][gc,heap        ] GC(348) Survivor regions: 108->112(154)
[2139.856s][info][gc,heap        ] GC(348) Old regions: 472->504
[2139.856s][info][gc,heap        ] GC(348) Humongous regions: 80->80
[2139.856s][info][gc,metaspace   ] GC(348) Metaspace: 28925K(29248K)->28925K(29248K) NonClass: 24042K(24192K)->24042K(24192K) Class: 4883K(5056K)->4883K(5056K)
[2139.856s][info][gc             ] GC(348) Pause Young (Concurrent Start) (G1 Evacuation Pause) 3559M->1390M(4096M) 119.470ms
[2139.856s][info][gc             ] GC(349) Concurrent Mark Cycle
[2139.856s][info][gc,marking     ] GC(349) Concurrent Scan Root Regions
[2139.856s][info][gc,cpu         ] GC(348) User=0.71s Sys=0.00s Real=0.12s
[2139.999s][info][gc,marking     ] GC(349) Concurrent Scan Root Regions 142.715ms
[2139.999s][info][gc,marking     ] GC(349) Concurrent Mark
[2139.999s][info][gc,marking     ] GC(349) Concurrent Mark From Roots
[2139.999s][info][gc,task        ] GC(349) Using 2 workers of 2 for marking
.[2140.589s][info][gc,marking     ] GC(349) Concurrent Mark From Roots 589.491ms
[2140.589s][info][gc,marking     ] GC(349) Concurrent Preclean
[2140.589s][info][gc,marking     ] GC(349) Concurrent Preclean 0.053ms
[2140.589s][info][gc,start       ] GC(349) Pause Remark
[2140.592s][info][gc             ] GC(349) Pause Remark 1717M->1717M(4096M) 3.059ms
[2140.592s][info][gc,cpu         ] GC(349) User=0.01s Sys=0.00s Real=0.00s
[2140.592s][info][gc,marking     ] GC(349) Concurrent Mark 592.868ms
[2140.592s][info][gc,marking     ] GC(349) Concurrent Rebuild Remembered Sets and Scrub Regions
[2140.841s][info][gc,marking     ] GC(349) Concurrent Rebuild Remembered Sets and Scrub Regions 248.775ms
[2140.841s][info][gc,start       ] GC(349) Pause Cleanup
[2140.841s][info][gc             ] GC(349) Pause Cleanup 1816M->1816M(4096M) 0.128ms
[2140.841s][info][gc,cpu         ] GC(349) User=0.00s Sys=0.00s Real=0.00s
[2140.841s][info][gc,marking     ] GC(349) Concurrent Clear Claimed Marks
[2140.841s][info][gc,marking     ] GC(349) Concurrent Clear Claimed Marks 0.027ms
[2140.841s][info][gc,marking     ] GC(349) Concurrent Cleanup for Next Mark
[2140.844s][info][gc,marking     ] GC(349) Concurrent Cleanup for Next Mark 3.233ms
[2140.844s][info][gc             ] GC(349) Concurrent Mark Cycle 988.089ms
.....[2145.631s][info][gc,start       ] GC(350) Pause Young (Prepare Mixed) (G1 Evacuation Pause)
[2145.631s][info][gc,task        ] GC(350) Using 6 workers of 6 for evacuation
[2145.747s][info][gc,phases      ] GC(350)   Pre Evacuate Collection Set: 0.35ms
[2145.747s][info][gc,phases      ] GC(350)   Merge Heap Roots: 0.51ms
[2145.747s][info][gc,phases      ] GC(350)   Evacuate Collection Set: 113.32ms
[2145.747s][info][gc,phases      ] GC(350)   Post Evacuate Collection Set: 0.94ms
[2145.747s][info][gc,phases      ] GC(350)   Other: 0.08ms
[2145.747s][info][gc,heap        ] GC(350) Eden regions: 1116->0(1111)
[2145.747s][info][gc,heap        ] GC(350) Survivor regions: 112->109(154)
[2145.747s][info][gc,heap        ] GC(350) Old regions: 504->536
[2145.747s][info][gc,heap        ] GC(350) Humongous regions: 80->80
[2145.747s][info][gc,metaspace   ] GC(350) Metaspace: 28925K(29248K)->28925K(29248K) NonClass: 24042K(24192K)->24042K(24192K) Class: 4883K(5056K)->4883K(5056K)
[2145.747s][info][gc             ] GC(350) Pause Young (Prepare Mixed) (G1 Evacuation Pause) 3622M->1447M(4096M) 115.355ms
[2145.747s][info][gc,cpu         ] GC(350) User=0.68s Sys=0.00s Real=0.11s
. (rIR:aIR:PR = 3183:3185:3185) (tPR = 47784) [OK] 
  2145s: Performance info:
         Transaction,    Success,    Partial,     Failed,   Receipts, AvgBarcode, 
             Overall,     191496,          0,          0,     181936,      59.47, 
         Response times:
             Request,    Success,    Partial,     Failed,   SkipFail,     Probes,    Samples,      min,      p50,      p90,      p95,      p99,      max, 
       TotalPurchase,     181936,          0,          0,          0,     178428,     190745,      300,     2700,     4500,     5700,    37000,   161000,
     InStorePurchase,      95751,          0,          0,          0,      94068,     100444,      300,     2700,     4500,     5700,    37000,   161000,
      OnlinePurchase,      67024,          0,          0,          0,      65724,      70192,      300,     2600,     4400,     5600,    35070,   149000,
        InstPurchase,      19161,          0,          0,          0,      18636,      20109,      400,     3100,     4700,     5900,    40000,   142000,
          AssocOfCat,        192,          0,          0,          0,        146,        212,    18200,    28000,    39000,    55350,   155980,   181000,
      AssocOfProduct,       1910,          0,          0,          0,       1755,       2020,     1100,     3200,     4600,     5800,    42320,   134000,
      BusinessReport,        475,          0,          0,          0,        403,        536,    19800,    31000,    43000,    50150,   159560,   209000,
          CustBuyBeh,       1916,          0,          0,          0,       1757,       2042,      200,     1600,     4400,     5485,    37570,   135000,
       ProductReturn,       5067,          0,          0,          0,       4762,       5285,      200,     2300,     4300,     5500,    27140,   135000,

  2145s: (24%)   IR =   3321 ....|.[2151.370s][info][gc,start       ] GC(351) Pause Young (Mixed) (G1 Evacuation Pause)
[2151.370s][info][gc,task        ] GC(351) Using 6 workers of 6 for evacuation
[2151.516s][info][gc,phases      ] GC(351)   Pre Evacuate Collection Set: 0.48ms
[2151.516s][info][gc,phases      ] GC(351)   Merge Heap Roots: 0.75ms
[2151.516s][info][gc,phases      ] GC(351)   Evacuate Collection Set: 143.29ms
[2151.516s][info][gc,phases      ] GC(351)   Post Evacuate Collection Set: 1.10ms
[2151.516s][info][gc,phases      ] GC(351)   Other: 0.09ms
[2151.516s][info][gc,heap        ] GC(351) Eden regions: 1111->0(1118)
[2151.516s][info][gc,heap        ] GC(351) Survivor regions: 109->110(153)
[2151.516s][info][gc,heap        ] GC(351) Old regions: 536->471
[2151.516s][info][gc,heap        ] GC(351) Humongous regions: 80->80
[2151.516s][info][gc,metaspace   ] GC(351) Metaspace: 28925K(29248K)->28925K(29248K) NonClass: 24042K(24192K)->24042K(24192K) Class: 4883K(5056K)->4883K(5056K)
[2151.516s][info][gc             ] GC(351) Pause Young (Mixed) (G1 Evacuation Pause) 3669M->1320M(4096M) 145.849ms
[2151.516s][info][gc,cpu         ] GC(351) User=0.80s Sys=0.00s Real=0.14s
.....[2157.126s][info][gc,start       ] GC(352) Pause Young (Concurrent Start) (G1 Evacuation Pause)
[2157.126s][info][gc,task        ] GC(352) Using 6 workers of 6 for evacuation
[2157.252s][info][gc,phases      ] GC(352)   Pre Evacuate Collection Set: 0.47ms
[2157.253s][info][gc,phases      ] GC(352)   Merge Heap Roots: 0.51ms
[2157.253s][info][gc,phases      ] GC(352)   Evacuate Collection Set: 124.55ms
[2157.253s][info][gc,phases      ] GC(352)   Post Evacuate Collection Set: 1.02ms
[2157.253s][info][gc,phases      ] GC(352)   Other: 0.10ms
[2157.253s][info][gc,heap        ] GC(352) Eden regions: 1118->0(1118)
[2157.253s][info][gc,heap        ] GC(352) Survivor regions: 110->110(154)
[2157.253s][info][gc,heap        ] GC(352) Old regions: 471->503
[2157.253s][info][gc,heap        ] GC(352) Humongous regions: 80->80
[2157.253s][info][gc,metaspace   ] GC(352) Metaspace: 28925K(29248K)->28925K(29248K) NonClass: 24042K(24192K)->24042K(24192K) Class: 4883K(5056K)->4883K(5056K)
[2157.253s][info][gc             ] GC(352) Pause Young (Concurrent Start) (G1 Evacuation Pause) 3556M->1383M(4096M) 126.803ms
[2157.253s][info][gc             ] GC(353) Concurrent Mark Cycle
[2157.253s][info][gc,marking     ] GC(353) Concurrent Scan Root Regions
[2157.253s][info][gc,cpu         ] GC(352) User=0.69s Sys=0.00s Real=0.13s
.[2157.428s][info][gc,marking     ] GC(353) Concurrent Scan Root Regions 175.260ms
[2157.428s][info][gc,marking     ] GC(353) Concurrent Mark
[2157.428s][info][gc,marking     ] GC(353) Concurrent Mark From Roots
[2157.428s][info][gc,task        ] GC(353) Using 2 workers of 2 for marking
[2158.067s][info][gc,marking     ] GC(353) Concurrent Mark From Roots 639.373ms
[2158.067s][info][gc,marking     ] GC(353) Concurrent Preclean
[2158.067s][info][gc,marking     ] GC(353) Concurrent Preclean 0.061ms
[2158.068s][info][gc,start       ] GC(353) Pause Remark
[2158.071s][info][gc             ] GC(353) Pause Remark 1761M->1761M(4096M) 3.377ms
[2158.071s][info][gc,cpu         ] GC(353) User=0.01s Sys=0.00s Real=0.01s
[2158.071s][info][gc,marking     ] GC(353) Concurrent Mark 643.117ms
[2158.071s][info][gc,marking     ] GC(353) Concurrent Rebuild Remembered Sets and Scrub Regions
.[2158.308s][info][gc,marking     ] GC(353) Concurrent Rebuild Remembered Sets and Scrub Regions 236.806ms
[2158.308s][info][gc,start       ] GC(353) Pause Cleanup
[2158.308s][info][gc             ] GC(353) Pause Cleanup 1841M->1841M(4096M) 0.132ms
[2158.308s][info][gc,cpu         ] GC(353) User=0.00s Sys=0.00s Real=0.00s
[2158.308s][info][gc,marking     ] GC(353) Concurrent Clear Claimed Marks
[2158.308s][info][gc,marking     ] GC(353) Concurrent Clear Claimed Marks 0.027ms
[2158.308s][info][gc,marking     ] GC(353) Concurrent Cleanup for Next Mark
[2158.313s][info][gc,marking     ] GC(353) Concurrent Cleanup for Next Mark 4.496ms
[2158.313s][info][gc             ] GC(353) Concurrent Mark Cycle 1060.209ms
....[2162.784s][info][gc,start       ] GC(354) Pause Young (Prepare Mixed) (G1 Evacuation Pause)
[2162.784s][info][gc,task        ] GC(354) Using 6 workers of 6 for evacuation
[2162.912s][info][gc,phases      ] GC(354)   Pre Evacuate Collection Set: 0.40ms
[2162.912s][info][gc,phases      ] GC(354)   Merge Heap Roots: 0.56ms
[2162.912s][info][gc,phases      ] GC(354)   Evacuate Collection Set: 126.18ms
[2162.912s][info][gc,phases      ] GC(354)   Post Evacuate Collection Set: 1.04ms
[2162.912s][info][gc,phases      ] GC(354)   Other: 0.10ms
[2162.912s][info][gc,heap        ] GC(354) Eden regions: 1118->0(1111)
[2162.912s][info][gc,heap        ] GC(354) Survivor regions: 110->110(154)
[2162.912s][info][gc,heap        ] GC(354) Old regions: 503->534
[2162.912s][info][gc,heap        ] GC(354) Humongous regions: 80->80
[2162.912s][info][gc,metaspace   ] GC(354) Metaspace: 28925K(29248K)->28925K(29248K) NonClass: 24042K(24192K)->24042K(24192K) Class: 4883K(5056K)->4883K(5056K)
[2162.912s][info][gc             ] GC(354) Pause Young (Prepare Mixed) (G1 Evacuation Pause) 3619M->1447M(4096M) 128.421ms
[2162.912s][info][gc,cpu         ] GC(354) User=0.70s Sys=0.00s Real=0.13s
......[2168.543s][info][gc,start       ] GC(355) Pause Young (Mixed) (G1 Evacuation Pause)
[2168.543s][info][gc,task        ] GC(355) Using 6 workers of 6 for evacuation
[2168.678s][info][gc,phases      ] GC(355)   Pre Evacuate Collection Set: 0.40ms
[2168.678s][info][gc,phases      ] GC(355)   Merge Heap Roots: 0.71ms
[2168.678s][info][gc,phases      ] GC(355)   Evacuate Collection Set: 133.21ms
[2168.678s][info][gc,phases      ] GC(355)   Post Evacuate Collection Set: 0.98ms
[2168.678s][info][gc,phases      ] GC(355)   Other: 0.09ms
[2168.678s][info][gc,heap        ] GC(355) Eden regions: 1111->0(1116)
[2168.678s][info][gc,heap        ] GC(355) Survivor regions: 110->112(153)
[2168.678s][info][gc,heap        ] GC(355) Old regions: 534->471
[2168.678s][info][gc,heap        ] GC(355) Humongous regions: 80->80
[2168.678s][info][gc,metaspace   ] GC(355) Metaspace: 28925K(29248K)->28925K(29248K) NonClass: 24042K(24192K)->24042K(24192K) Class: 4883K(5056K)->4883K(5056K)
[2168.678s][info][gc             ] GC(355) Pause Young (Mixed) (G1 Evacuation Pause) 3669M->1324M(4096M) 135.529ms
[2168.678s][info][gc,cpu         ] GC(355) User=0.80s Sys=0.00s Real=0.14s
.....[2174.183s][info][gc,start       ] GC(356) Pause Young (Concurrent Start) (G1 Evacuation Pause)
[2174.183s][info][gc,task        ] GC(356) Using 6 workers of 6 for evacuation
[2174.300s][info][gc,phases      ] GC(356)   Pre Evacuate Collection Set: 0.43ms
[2174.300s][info][gc,phases      ] GC(356)   Merge Heap Roots: 0.50ms
[2174.300s][info][gc,phases      ] GC(356)   Evacuate Collection Set: 115.00ms
[2174.300s][info][gc,phases      ] GC(356)   Post Evacuate Collection Set: 0.92ms
[2174.300s][info][gc,phases      ] GC(356)   Other: 0.12ms
[2174.301s][info][gc,heap        ] GC(356) Eden regions: 1116->0(1118)
[2174.301s][info][gc,heap        ] GC(356) Survivor regions: 112->110(154)
[2174.301s][info][gc,heap        ] GC(356) Old regions: 471->503
[2174.301s][info][gc,heap        ] GC(356) Humongous regions: 80->80
[2174.301s][info][gc,metaspace   ] GC(356) Metaspace: 28925K(29248K)->28925K(29248K) NonClass: 24042K(24192K)->24042K(24192K) Class: 4883K(5056K)->4883K(5056K)
[2174.301s][info][gc             ] GC(356) Pause Young (Concurrent Start) (G1 Evacuation Pause) 3556M->1384M(4096M) 117.123ms
[2174.301s][info][gc             ] GC(357) Concurrent Mark Cycle
[2174.301s][info][gc,marking     ] GC(357) Concurrent Scan Root Regions
[2174.301s][info][gc,cpu         ] GC(356) User=0.70s Sys=0.00s Real=0.12s
.[2174.417s][info][gc,marking     ] GC(357) Concurrent Scan Root Regions 116.362ms
[2174.417s][info][gc,marking     ] GC(357) Concurrent Mark
[2174.417s][info][gc,marking     ] GC(357) Concurrent Mark From Roots
[2174.417s][info][gc,task        ] GC(357) Using 2 workers of 2 for marking
[2174.995s][info][gc,marking     ] GC(357) Concurrent Mark From Roots 577.591ms
[2174.995s][info][gc,marking     ] GC(357) Concurrent Preclean
[2174.995s][info][gc,marking     ] GC(357) Concurrent Preclean 0.044ms
[2174.995s][info][gc,start       ] GC(357) Pause Remark
[2174.998s][info][gc             ] GC(357) Pause Remark 1692M->1692M(4096M) 3.173ms
[2174.998s][info][gc,cpu         ] GC(357) User=0.02s Sys=0.00s Real=0.01s
[2174.998s][info][gc,marking     ] GC(357) Concurrent Mark 581.090ms
[2174.998s][info][gc,marking     ] GC(357) Concurrent Rebuild Remembered Sets and Scrub Regions
[2175.228s][info][gc,marking     ] GC(357) Concurrent Rebuild Remembered Sets and Scrub Regions 229.965ms
[2175.228s][info][gc,start       ] GC(357) Pause Cleanup
[2175.228s][info][gc             ] GC(357) Pause Cleanup 1801M->1801M(4096M) 0.143ms
[2175.228s][info][gc,cpu         ] GC(357) User=0.00s Sys=0.00s Real=0.00s
[2175.229s][info][gc,marking     ] GC(357) Concurrent Clear Claimed Marks
[2175.229s][info][gc,marking     ] GC(357) Concurrent Clear Claimed Marks 0.035ms
[2175.229s][info][gc,marking     ] GC(357) Concurrent Cleanup for Next Mark
[2175.233s][info][gc,marking     ] GC(357) Concurrent Cleanup for Next Mark 4.523ms
[2175.233s][info][gc             ] GC(357) Concurrent Mark Cycle 932.792ms
.....[2179.800s][info][gc,start       ] GC(358) Pause Young (Prepare Mixed) (G1 Evacuation Pause)
[2179.800s][info][gc,task        ] GC(358) Using 6 workers of 6 for evacuation
[2179.919s][info][gc,phases      ] GC(358)   Pre Evacuate Collection Set: 0.36ms
[2179.919s][info][gc,phases      ] GC(358)   Merge Heap Roots: 0.52ms
[2179.919s][info][gc,phases      ] GC(358)   Evacuate Collection Set: 116.94ms
[2179.919s][info][gc,phases      ] GC(358)   Post Evacuate Collection Set: 0.94ms
[2179.919s][info][gc,phases      ] GC(358)   Other: 0.10ms
[2179.919s][info][gc,heap        ] GC(358) Eden regions: 1118->0(1109)
[2179.919s][info][gc,heap        ] GC(358) Survivor regions: 110->110(154)
[2179.919s][info][gc,heap        ] GC(358) Old regions: 503->536
[2179.919s][info][gc,heap        ] GC(358) Humongous regions: 80->80
[2179.919s][info][gc,metaspace   ] GC(358) Metaspace: 28925K(29248K)->28925K(29248K) NonClass: 24042K(24192K)->24042K(24192K) Class: 4883K(5056K)->4883K(5056K)
[2179.919s][info][gc             ] GC(358) Pause Young (Prepare Mixed) (G1 Evacuation Pause) 3620M->1449M(4096M) 119.002ms
[2179.919s][info][gc,cpu         ] GC(358) User=0.71s Sys=0.00s Real=0.12s
......[2185.473s][info][gc,start       ] GC(359) Pause Young (Mixed) (G1 Evacuation Pause)
[2185.473s][info][gc,task        ] GC(359) Using 6 workers of 6 for evacuation
[2185.601s][info][gc,phases      ] GC(359)   Pre Evacuate Collection Set: 0.41ms
[2185.601s][info][gc,phases      ] GC(359)   Merge Heap Roots: 0.65ms
[2185.601s][info][gc,phases      ] GC(359)   Evacuate Collection Set: 126.09ms
[2185.601s][info][gc,phases      ] GC(359)   Post Evacuate Collection Set: 0.98ms
[2185.601s][info][gc,phases      ] GC(359)   Other: 0.09ms
[2185.601s][info][gc,heap        ] GC(359) Eden regions: 1109->0(1118)
[2185.601s][info][gc,heap        ] GC(359) Survivor regions: 110->110(153)
[2185.601s][info][gc,heap        ] GC(359) Old regions: 536->471
[2185.601s][info][gc,heap        ] GC(359) Humongous regions: 80->80
[2185.601s][info][gc,metaspace   ] GC(359) Metaspace: 28925K(29248K)->28925K(29248K) NonClass: 24042K(24192K)->24042K(24192K) Class: 4883K(5056K)->4883K(5056K)
[2185.601s][info][gc             ] GC(359) Pause Young (Mixed) (G1 Evacuation Pause) 3667M->1320M(4096M) 128.363ms
[2185.601s][info][gc,cpu         ] GC(359) User=0.76s Sys=0.00s Real=0.13s
.....[2191.230s][info][gc,start       ] GC(360) Pause Young (Concurrent Start) (G1 Evacuation Pause)
[2191.230s][info][gc,task        ] GC(360) Using 6 workers of 6 for evacuation
[2191.345s][info][gc,phases      ] GC(360)   Pre Evacuate Collection Set: 0.41ms
[2191.345s][info][gc,phases      ] GC(360)   Merge Heap Roots: 0.50ms
[2191.345s][info][gc,phases      ] GC(360)   Evacuate Collection Set: 113.60ms
[2191.345s][info][gc,phases      ] GC(360)   Post Evacuate Collection Set: 0.89ms
[2191.345s][info][gc,phases      ] GC(360)   Other: 0.12ms
[2191.345s][info][gc,heap        ] GC(360) Eden regions: 1118->0(1120)
[2191.345s][info][gc,heap        ] GC(360) Survivor regions: 110->108(154)
[2191.345s][info][gc,heap        ] GC(360) Old regions: 471->503
[2191.345s][info][gc,heap        ] GC(360) Humongous regions: 80->80
[2191.345s][info][gc,metaspace   ] GC(360) Metaspace: 28925K(29248K)->28925K(29248K) NonClass: 24042K(24192K)->24042K(24192K) Class: 4883K(5056K)->4883K(5056K)
[2191.345s][info][gc             ] GC(360) Pause Young (Concurrent Start) (G1 Evacuation Pause) 3556M->1381M(4096M) 115.652ms
[2191.345s][info][gc             ] GC(361) Concurrent Mark Cycle
[2191.345s][info][gc,marking     ] GC(361) Concurrent Scan Root Regions
[2191.345s][info][gc,cpu         ] GC(360) User=0.68s Sys=0.00s Real=0.11s
.[2191.478s][info][gc,marking     ] GC(361) Concurrent Scan Root Regions 132.443ms
[2191.478s][info][gc,marking     ] GC(361) Concurrent Mark
[2191.478s][info][gc,marking     ] GC(361) Concurrent Mark From Roots
[2191.478s][info][gc,task        ] GC(361) Using 2 workers of 2 for marking
[2192.060s][info][gc,marking     ] GC(361) Concurrent Mark From Roots 581.627ms
[2192.060s][info][gc,marking     ] GC(361) Concurrent Preclean
[2192.060s][info][gc,marking     ] GC(361) Concurrent Preclean 0.064ms
[2192.060s][info][gc,start       ] GC(361) Pause Remark
[2192.063s][info][gc             ] GC(361) Pause Remark 1685M->1685M(4096M) 3.013ms
[2192.063s][info][gc,cpu         ] GC(361) User=0.02s Sys=0.00s Real=0.00s
[2192.063s][info][gc,marking     ] GC(361) Concurrent Mark 584.963ms
[2192.063s][info][gc,marking     ] GC(361) Concurrent Rebuild Remembered Sets and Scrub Regions
[2192.322s][info][gc,marking     ] GC(361) Concurrent Rebuild Remembered Sets and Scrub Regions 259.564ms
[2192.323s][info][gc,start       ] GC(361) Pause Cleanup
[2192.323s][info][gc             ] GC(361) Pause Cleanup 1813M->1813M(4096M) 0.116ms
[2192.323s][info][gc,cpu         ] GC(361) User=0.00s Sys=0.00s Real=0.00s
[2192.323s][info][gc,marking     ] GC(361) Concurrent Clear Claimed Marks
[2192.323s][info][gc,marking     ] GC(361) Concurrent Clear Claimed Marks 0.046ms
[2192.323s][info][gc,marking     ] GC(361) Concurrent Cleanup for Next Mark
[2192.326s][info][gc,marking     ] GC(361) Concurrent Cleanup for Next Mark 3.228ms
[2192.326s][info][gc             ] GC(361) Concurrent Mark Cycle 980.688ms
.....[2196.885s][info][gc,start       ] GC(362) Pause Young (Prepare Mixed) (G1 Evacuation Pause)
[2196.885s][info][gc,task        ] GC(362) Using 6 workers of 6 for evacuation
[2197.007s][info][gc,phases      ] GC(362)   Pre Evacuate Collection Set: 0.36ms
[2197.007s][info][gc,phases      ] GC(362)   Merge Heap Roots: 0.56ms
[2197.007s][info][gc,phases      ] GC(362)   Evacuate Collection Set: 120.59ms
[2197.008s][info][gc,phases      ] GC(362)   Post Evacuate Collection Set: 0.95ms
[2197.008s][info][gc,phases      ] GC(362)   Other: 0.09ms
[2197.008s][info][gc,heap        ] GC(362) Eden regions: 1120->0(1104)
[2197.008s][info][gc,heap        ] GC(362) Survivor regions: 108->113(154)
[2197.008s][info][gc,heap        ] GC(362) Old regions: 503->535
[2197.008s][info][gc,heap        ] GC(362) Humongous regions: 80->80
[2197.008s][info][gc,metaspace   ] GC(362) Metaspace: 28925K(29248K)->28925K(29248K) NonClass: 24042K(24192K)->24042K(24192K) Class: 4883K(5056K)->4883K(5056K)
[2197.008s][info][gc             ] GC(362) Pause Young (Prepare Mixed) (G1 Evacuation Pause) 3621M->1454M(4096M) 122.673ms
[2197.008s][info][gc,cpu         ] GC(362) User=0.72s Sys=0.00s Real=0.12s
......[2202.514s][info][gc,start       ] GC(363) Pause Young (Mixed) (G1 Evacuation Pause)
[2202.514s][info][gc,task        ] GC(363) Using 6 workers of 6 for evacuation
[2202.647s][info][gc,phases      ] GC(363)   Pre Evacuate Collection Set: 0.41ms
[2202.647s][info][gc,phases      ] GC(363)   Merge Heap Roots: 0.73ms
[2202.647s][info][gc,phases      ] GC(363)   Evacuate Collection Set: 130.74ms
[2202.647s][info][gc,phases      ] GC(363)   Post Evacuate Collection Set: 0.97ms
[2202.647s][info][gc,phases      ] GC(363)   Other: 0.09ms
[2202.647s][info][gc,heap        ] GC(363) Eden regions: 1104->0(1120)
[2202.647s][info][gc,heap        ] GC(363) Survivor regions: 113->108(153)
[2202.647s][info][gc,heap        ] GC(363) Old regions: 535->471
[2202.647s][info][gc,heap        ] GC(363) Humongous regions: 80->80
[2202.647s][info][gc,metaspace   ] GC(363) Metaspace: 28925K(29248K)->28925K(29248K) NonClass: 24042K(24192K)->24042K(24192K) Class: 4883K(5056K)->4883K(5056K)
[2202.648s][info][gc             ] GC(363) Pause Young (Mixed) (G1 Evacuation Pause) 3662M->1317M(4096M) 133.076ms
[2202.648s][info][gc,cpu         ] GC(363) User=0.78s Sys=0.00s Real=0.13s
.....[2208.157s][info][gc,start       ] GC(364) Pause Young (Concurrent Start) (G1 Evacuation Pause)
[2208.158s][info][gc,task        ] GC(364) Using 6 workers of 6 for evacuation
[2208.274s][info][gc,phases      ] GC(364)   Pre Evacuate Collection Set: 0.40ms
[2208.274s][info][gc,phases      ] GC(364)   Merge Heap Roots: 0.45ms
[2208.274s][info][gc,phases      ] GC(364)   Evacuate Collection Set: 114.98ms
[2208.274s][info][gc,phases      ] GC(364)   Post Evacuate Collection Set: 0.91ms
[2208.274s][info][gc,phases      ] GC(364)   Other: 0.11ms
[2208.274s][info][gc,heap        ] GC(364) Eden regions: 1120->0(1119)
[2208.274s][info][gc,heap        ] GC(364) Survivor regions: 108->109(154)
[2208.274s][info][gc,heap        ] GC(364) Old regions: 471->503
[2208.274s][info][gc,heap        ] GC(364) Humongous regions: 80->80
[2208.274s][info][gc,metaspace   ] GC(364) Metaspace: 28925K(29248K)->28925K(29248K) NonClass: 24042K(24192K)->24042K(24192K) Class: 4883K(5056K)->4883K(5056K)
[2208.274s][info][gc             ] GC(364) Pause Young (Concurrent Start) (G1 Evacuation Pause) 3557M->1381M(4096M) 116.987ms
[2208.274s][info][gc             ] GC(365) Concurrent Mark Cycle
[2208.274s][info][gc,marking     ] GC(365) Concurrent Scan Root Regions
[2208.274s][info][gc,cpu         ] GC(364) User=0.69s Sys=0.00s Real=0.12s
[2208.414s][info][gc,marking     ] GC(365) Concurrent Scan Root Regions 139.521ms
[2208.414s][info][gc,marking     ] GC(365) Concurrent Mark
[2208.414s][info][gc,marking     ] GC(365) Concurrent Mark From Roots
[2208.414s][info][gc,task        ] GC(365) Using 2 workers of 2 for marking
.[2209.042s][info][gc,marking     ] GC(365) Concurrent Mark From Roots 628.217ms
[2209.042s][info][gc,marking     ] GC(365) Concurrent Preclean
[2209.042s][info][gc,marking     ] GC(365) Concurrent Preclean 0.047ms
[2209.042s][info][gc,start       ] GC(365) Pause Remark
[2209.046s][info][gc             ] GC(365) Pause Remark 1686M->1686M(4096M) 3.261ms
[2209.046s][info][gc,cpu         ] GC(365) User=0.01s Sys=0.00s Real=0.00s
[2209.046s][info][gc,marking     ] GC(365) Concurrent Mark 631.780ms
[2209.046s][info][gc,marking     ] GC(365) Concurrent Rebuild Remembered Sets and Scrub Regions
[2209.295s][info][gc,marking     ] GC(365) Concurrent Rebuild Remembered Sets and Scrub Regions 248.723ms
[2209.295s][info][gc,start       ] GC(365) Pause Cleanup
[2209.295s][info][gc             ] GC(365) Pause Cleanup 1795M->1795M(4096M) 0.121ms
[2209.295s][info][gc,cpu         ] GC(365) User=0.00s Sys=0.00s Real=0.00s
[2209.295s][info][gc,marking     ] GC(365) Concurrent Clear Claimed Marks
[2209.295s][info][gc,marking     ] GC(365) Concurrent Clear Claimed Marks 0.026ms
[2209.295s][info][gc,marking     ] GC(365) Concurrent Cleanup for Next Mark
[2209.298s][info][gc,marking     ] GC(365) Concurrent Cleanup for Next Mark 3.193ms
[2209.298s][info][gc             ] GC(365) Concurrent Mark Cycle 1023.710ms
.. (rIR:aIR:PR = 3321:3320:3320) (tPR = 49286) [OK] 
  2210s: Performance info:
         Transaction,    Success,    Partial,     Failed,   Receipts, AvgBarcode, 
             Overall,     200077,          0,          0,     190072,      59.48, 
         Response times:
             Request,    Success,    Partial,     Failed,   SkipFail,     Probes,    Samples,      min,      p50,      p90,      p95,      p99,      max, 
       TotalPurchase,     190072,          0,          0,          0,     186142,     200047,      300,     2800,     4700,     6000,    35000,   220000,
     InStorePurchase,     100032,          0,          0,          0,      98348,     105430,      300,     2800,     4700,     6000,    35000,   220000,
      OnlinePurchase,      70041,          0,          0,          0,      68486,      73701,      300,     2700,     4600,     5800,    36000,   211000,
        InstPurchase,      19999,          0,          0,          0,      19308,      20916,      400,     3400,     5000,     6400,    34000,   169000,
          AssocOfCat,        201,          0,          0,          0,        137,        195,    19500,    28000,    40000,    54600,   163160,   167000,
      AssocOfProduct,       2002,          0,          0,          0,       1783,       2058,      600,     2300,     3900,     4700,    30000,   169000,
      BusinessReport,        498,          0,          0,          0,        413,        534,    22000,    32000,    43000,    53000,   144600,   182000,
          CustBuyBeh,       2003,          0,          0,          0,       1787,       2051,      400,     2100,     3600,     4400,    18396,   132000,
       ProductReturn,       5301,          0,          0,          0,       4982,       5580,      200,     2200,     4400,     5500,    31000,   169000,

  2210s: (25%)   IR =   3459 ...[2213.789s][info][gc,start       ] GC(366) Pause Young (Prepare Mixed) (G1 Evacuation Pause)
[2213.789s][info][gc,task        ] GC(366) Using 6 workers of 6 for evacuation
[2213.905s][info][gc,phases      ] GC(366)   Pre Evacuate Collection Set: 0.36ms
[2213.905s][info][gc,phases      ] GC(366)   Merge Heap Roots: 0.50ms
[2213.905s][info][gc,phases      ] GC(366)   Evacuate Collection Set: 114.18ms
[2213.905s][info][gc,phases      ] GC(366)   Post Evacuate Collection Set: 1.00ms
[2213.905s][info][gc,phases      ] GC(366)   Other: 0.09ms
[2213.905s][info][gc,heap        ] GC(366) Eden regions: 1119->0(1112)
[2213.905s][info][gc,heap        ] GC(366) Survivor regions: 109->109(154)
[2213.905s][info][gc,heap        ] GC(366) Old regions: 503->535
[2213.905s][info][gc,heap        ] GC(366) Humongous regions: 80->80
[2213.905s][info][gc,metaspace   ] GC(366) Metaspace: 28931K(29248K)->28931K(29248K) NonClass: 24047K(24192K)->24047K(24192K) Class: 4883K(5056K)->4883K(5056K)
[2213.905s][info][gc             ] GC(366) Pause Young (Prepare Mixed) (G1 Evacuation Pause) 3619M->1445M(4096M) 116.267ms
[2213.905s][info][gc,cpu         ] GC(366) User=0.69s Sys=0.00s Real=0.11s
....|.[2219.269s][info][gc,start       ] GC(367) Pause Young (Mixed) (G1 Evacuation Pause)
[2219.269s][info][gc,task        ] GC(367) Using 6 workers of 6 for evacuation
[2219.401s][info][gc,phases      ] GC(367)   Pre Evacuate Collection Set: 0.43ms
[2219.401s][info][gc,phases      ] GC(367)   Merge Heap Roots: 0.74ms
[2219.401s][info][gc,phases      ] GC(367)   Evacuate Collection Set: 129.67ms
[2219.401s][info][gc,phases      ] GC(367)   Post Evacuate Collection Set: 0.98ms
[2219.401s][info][gc,phases      ] GC(367)   Other: 0.09ms
[2219.401s][info][gc,heap        ] GC(367) Eden regions: 1112->0(1120)
[2219.401s][info][gc,heap        ] GC(367) Survivor regions: 109->108(153)
[2219.401s][info][gc,heap        ] GC(367) Old regions: 535->472
[2219.401s][info][gc,heap        ] GC(367) Humongous regions: 80->80
[2219.401s][info][gc,metaspace   ] GC(367) Metaspace: 28931K(29248K)->28931K(29248K) NonClass: 24047K(24192K)->24047K(24192K) Class: 4883K(5056K)->4883K(5056K)
[2219.401s][info][gc             ] GC(367) Pause Young (Mixed) (G1 Evacuation Pause) 3669M->1318M(4096M) 132.041ms
[2219.401s][info][gc,cpu         ] GC(367) User=0.78s Sys=0.00s Real=0.13s
......[2224.749s][info][gc,start       ] GC(368) Pause Young (Concurrent Start) (G1 Evacuation Pause)
[2224.749s][info][gc,task        ] GC(368) Using 6 workers of 6 for evacuation
[2224.865s][info][gc,phases      ] GC(368)   Pre Evacuate Collection Set: 0.43ms
[2224.865s][info][gc,phases      ] GC(368)   Merge Heap Roots: 0.46ms
[2224.865s][info][gc,phases      ] GC(368)   Evacuate Collection Set: 113.71ms
[2224.865s][info][gc,phases      ] GC(368)   Post Evacuate Collection Set: 0.94ms
[2224.865s][info][gc,phases      ] GC(368)   Other: 0.11ms
[2224.865s][info][gc,heap        ] GC(368) Eden regions: 1120->0(1120)
[2224.865s][info][gc,heap        ] GC(368) Survivor regions: 108->108(154)
[2224.865s][info][gc,heap        ] GC(368) Old regions: 472->504
[2224.865s][info][gc,heap        ] GC(368) Humongous regions: 80->80
[2224.865s][info][gc,metaspace   ] GC(368) Metaspace: 28931K(29248K)->28931K(29248K) NonClass: 24047K(24192K)->24047K(24192K) Class: 4883K(5056K)->4883K(5056K)
[2224.865s][info][gc             ] GC(368) Pause Young (Concurrent Start) (G1 Evacuation Pause) 3558M->1383M(4096M) 115.791ms
[2224.865s][info][gc             ] GC(369) Concurrent Mark Cycle
[2224.865s][info][gc,marking     ] GC(369) Concurrent Scan Root Regions
[2224.865s][info][gc,cpu         ] GC(368) User=0.68s Sys=0.00s Real=0.11s
[2225.025s][info][gc,marking     ] GC(369) Concurrent Scan Root Regions 160.226ms
[2225.026s][info][gc,marking     ] GC(369) Concurrent Mark
[2225.026s][info][gc,marking     ] GC(369) Concurrent Mark From Roots
[2225.026s][info][gc,task        ] GC(369) Using 2 workers of 2 for marking
.[2225.684s][info][gc,marking     ] GC(369) Concurrent Mark From Roots 658.767ms
[2225.684s][info][gc,marking     ] GC(369) Concurrent Preclean
[2225.684s][info][gc,marking     ] GC(369) Concurrent Preclean 0.074ms
[2225.685s][info][gc,start       ] GC(369) Pause Remark
[2225.688s][info][gc             ] GC(369) Pause Remark 1757M->1757M(4096M) 3.382ms
[2225.688s][info][gc,cpu         ] GC(369) User=0.02s Sys=0.00s Real=0.01s
[2225.688s][info][gc,marking     ] GC(369) Concurrent Mark 662.486ms
[2225.688s][info][gc,marking     ] GC(369) Concurrent Rebuild Remembered Sets and Scrub Regions
[2225.968s][info][gc,marking     ] GC(369) Concurrent Rebuild Remembered Sets and Scrub Regions 279.576ms
[2225.968s][info][gc,start       ] GC(369) Pause Cleanup
[2225.968s][info][gc             ] GC(369) Pause Cleanup 1899M->1899M(4096M) 0.116ms
[2225.968s][info][gc,cpu         ] GC(369) User=0.00s Sys=0.00s Real=0.00s
[2225.968s][info][gc,marking     ] GC(369) Concurrent Clear Claimed Marks
[2225.968s][info][gc,marking     ] GC(369) Concurrent Clear Claimed Marks 0.027ms
[2225.968s][info][gc,marking     ] GC(369) Concurrent Cleanup for Next Mark
[2225.972s][info][gc,marking     ] GC(369) Concurrent Cleanup for Next Mark 3.621ms
[2225.972s][info][gc             ] GC(369) Concurrent Mark Cycle 1106.411ms
....[2230.173s][info][gc,start       ] GC(370) Pause Young (Prepare Mixed) (G1 Evacuation Pause)
[2230.173s][info][gc,task        ] GC(370) Using 6 workers of 6 for evacuation
[2230.292s][info][gc,phases      ] GC(370)   Pre Evacuate Collection Set: 0.37ms
[2230.292s][info][gc,phases      ] GC(370)   Merge Heap Roots: 0.50ms
[2230.292s][info][gc,phases      ] GC(370)   Evacuate Collection Set: 117.26ms
[2230.292s][info][gc,phases      ] GC(370)   Post Evacuate Collection Set: 0.92ms
[2230.292s][info][gc,phases      ] GC(370)   Other: 0.08ms
[2230.292s][info][gc,heap        ] GC(370) Eden regions: 1120->0(1105)
[2230.292s][info][gc,heap        ] GC(370) Survivor regions: 108->112(154)
[2230.292s][info][gc,heap        ] GC(370) Old regions: 504->536
[2230.292s][info][gc,heap        ] GC(370) Humongous regions: 80->80
[2230.292s][info][gc,metaspace   ] GC(370) Metaspace: 28931K(29248K)->28931K(29248K) NonClass: 24047K(24192K)->24047K(24192K) Class: 4883K(5056K)->4883K(5056K)
[2230.292s][info][gc             ] GC(370) Pause Young (Prepare Mixed) (G1 Evacuation Pause) 3623M->1454M(4096M) 119.268ms
[2230.292s][info][gc,cpu         ] GC(370) User=0.71s Sys=0.00s Real=0.12s
......[2235.677s][info][gc,start       ] GC(371) Pause Young (Mixed) (G1 Evacuation Pause)
[2235.677s][info][gc,task        ] GC(371) Using 6 workers of 6 for evacuation
[2235.806s][info][gc,phases      ] GC(371)   Pre Evacuate Collection Set: 0.42ms
[2235.806s][info][gc,phases      ] GC(371)   Merge Heap Roots: 0.69ms
[2235.806s][info][gc,phases      ] GC(371)   Evacuate Collection Set: 126.97ms
[2235.806s][info][gc,phases      ] GC(371)   Post Evacuate Collection Set: 0.96ms
[2235.806s][info][gc,phases      ] GC(371)   Other: 0.09ms
[2235.807s][info][gc,heap        ] GC(371) Eden regions: 1105->0(1119)
[2235.807s][info][gc,heap        ] GC(371) Survivor regions: 112->109(153)
[2235.807s][info][gc,heap        ] GC(371) Old regions: 536->471
[2235.807s][info][gc,heap        ] GC(371) Humongous regions: 80->80
[2235.807s][info][gc,metaspace   ] GC(371) Metaspace: 28931K(29248K)->28931K(29248K) NonClass: 24047K(24192K)->24047K(24192K) Class: 4883K(5056K)->4883K(5056K)
[2235.807s][info][gc             ] GC(371) Pause Young (Mixed) (G1 Evacuation Pause) 3664M->1318M(4096M) 129.263ms
[2235.807s][info][gc,cpu         ] GC(371) User=0.76s Sys=0.00s Real=0.13s
.....[2241.052s][info][gc,start       ] GC(372) Pause Young (Concurrent Start) (G1 Evacuation Pause)
[2241.052s][info][gc,task        ] GC(372) Using 6 workers of 6 for evacuation
[2241.168s][info][gc,phases      ] GC(372)   Pre Evacuate Collection Set: 0.41ms
[2241.169s][info][gc,phases      ] GC(372)   Merge Heap Roots: 0.48ms
[2241.169s][info][gc,phases      ] GC(372)   Evacuate Collection Set: 114.36ms
[2241.169s][info][gc,phases      ] GC(372)   Post Evacuate Collection Set: 0.91ms
[2241.169s][info][gc,phases      ] GC(372)   Other: 0.12ms
[2241.169s][info][gc,heap        ] GC(372) Eden regions: 1119->0(1119)
[2241.169s][info][gc,heap        ] GC(372) Survivor regions: 109->109(154)
[2241.169s][info][gc,heap        ] GC(372) Old regions: 471->503
[2241.169s][info][gc,heap        ] GC(372) Humongous regions: 80->80
[2241.169s][info][gc,metaspace   ] GC(372) Metaspace: 28931K(29248K)->28931K(29248K) NonClass: 24047K(24192K)->24047K(24192K) Class: 4883K(5056K)->4883K(5056K)
[2241.169s][info][gc             ] GC(372) Pause Young (Concurrent Start) (G1 Evacuation Pause) 3556M->1383M(4096M) 116.391ms
[2241.169s][info][gc             ] GC(373) Concurrent Mark Cycle
[2241.169s][info][gc,marking     ] GC(373) Concurrent Scan Root Regions
[2241.169s][info][gc,cpu         ] GC(372) User=0.69s Sys=0.00s Real=0.12s
[2241.332s][info][gc,marking     ] GC(373) Concurrent Scan Root Regions 163.394ms
[2241.332s][info][gc,marking     ] GC(373) Concurrent Mark
[2241.332s][info][gc,marking     ] GC(373) Concurrent Mark From Roots
[2241.332s][info][gc,task        ] GC(373) Using 2 workers of 2 for marking
.[2242.009s][info][gc,marking     ] GC(373) Concurrent Mark From Roots 676.603ms
[2242.009s][info][gc,marking     ] GC(373) Concurrent Preclean
[2242.009s][info][gc,marking     ] GC(373) Concurrent Preclean 0.053ms
[2242.009s][info][gc,start       ] GC(373) Pause Remark
[2242.012s][info][gc             ] GC(373) Pause Remark 1772M->1772M(4096M) 3.210ms
[2242.012s][info][gc,cpu         ] GC(373) User=0.01s Sys=0.00s Real=0.00s
[2242.012s][info][gc,marking     ] GC(373) Concurrent Mark 680.127ms
[2242.012s][info][gc,marking     ] GC(373) Concurrent Rebuild Remembered Sets and Scrub Regions
[2242.267s][info][gc,marking     ] GC(373) Concurrent Rebuild Remembered Sets and Scrub Regions 255.238ms
[2242.268s][info][gc,start       ] GC(373) Pause Cleanup
[2242.268s][info][gc             ] GC(373) Pause Cleanup 1883M->1883M(4096M) 0.125ms
[2242.268s][info][gc,cpu         ] GC(373) User=0.00s Sys=0.00s Real=0.00s
[2242.268s][info][gc,marking     ] GC(373) Concurrent Clear Claimed Marks
[2242.268s][info][gc,marking     ] GC(373) Concurrent Clear Claimed Marks 0.028ms
[2242.268s][info][gc,marking     ] GC(373) Concurrent Cleanup for Next Mark
[2242.272s][info][gc,marking     ] GC(373) Concurrent Cleanup for Next Mark 3.786ms
[2242.272s][info][gc             ] GC(373) Concurrent Mark Cycle 1103.080ms
.....[2246.575s][info][gc,start       ] GC(374) Pause Young (Prepare Mixed) (G1 Evacuation Pause)
[2246.575s][info][gc,task        ] GC(374) Using 6 workers of 6 for evacuation
[2246.692s][info][gc,phases      ] GC(374)   Pre Evacuate Collection Set: 0.33ms
[2246.692s][info][gc,phases      ] GC(374)   Merge Heap Roots: 0.55ms
[2246.692s][info][gc,phases      ] GC(374)   Evacuate Collection Set: 115.44ms
[2246.692s][info][gc,phases      ] GC(374)   Post Evacuate Collection Set: 0.99ms
[2246.692s][info][gc,phases      ] GC(374)   Other: 0.09ms
[2246.692s][info][gc,heap        ] GC(374) Eden regions: 1119->0(1110)
[2246.692s][info][gc,heap        ] GC(374) Survivor regions: 109->110(154)
[2246.692s][info][gc,heap        ] GC(374) Old regions: 503->535
[2246.692s][info][gc,heap        ] GC(374) Humongous regions: 80->80
[2246.692s][info][gc,metaspace   ] GC(374) Metaspace: 28931K(29248K)->28931K(29248K) NonClass: 24047K(24192K)->24047K(24192K) Class: 4883K(5056K)->4883K(5056K)
[2246.692s][info][gc             ] GC(374) Pause Young (Prepare Mixed) (G1 Evacuation Pause) 3621M->1448M(4096M) 117.527ms
[2246.692s][info][gc,cpu         ] GC(374) User=0.69s Sys=0.00s Real=0.12s
.....[2251.965s][info][gc,start       ] GC(375) Pause Young (Mixed) (G1 Evacuation Pause)
[2251.965s][info][gc,task        ] GC(375) Using 6 workers of 6 for evacuation
[2252.095s][info][gc,phases      ] GC(375)   Pre Evacuate Collection Set: 0.41ms
[2252.095s][info][gc,phases      ] GC(375)   Merge Heap Roots: 0.70ms
[2252.095s][info][gc,phases      ] GC(375)   Evacuate Collection Set: 127.99ms
[2252.095s][info][gc,phases      ] GC(375)   Post Evacuate Collection Set: 0.97ms
[2252.095s][info][gc,phases      ] GC(375)   Other: 0.09ms
[2252.095s][info][gc,heap        ] GC(375) Eden regions: 1110->0(1119)
[2252.095s][info][gc,heap        ] GC(375) Survivor regions: 110->109(153)
[2252.095s][info][gc,heap        ] GC(375) Old regions: 535->472
[2252.095s][info][gc,heap        ] GC(375) Humongous regions: 80->80
[2252.095s][info][gc,metaspace   ] GC(375) Metaspace: 28931K(29248K)->28931K(29248K) NonClass: 24047K(24192K)->24047K(24192K) Class: 4883K(5056K)->4883K(5056K)
[2252.095s][info][gc             ] GC(375) Pause Young (Mixed) (G1 Evacuation Pause) 3668M->1319M(4096M) 130.287ms
[2252.095s][info][gc,cpu         ] GC(375) User=0.77s Sys=0.00s Real=0.13s
.....[2257.479s][info][gc,start       ] GC(376) Pause Young (Concurrent Start) (G1 Evacuation Pause)
[2257.479s][info][gc,task        ] GC(376) Using 6 workers of 6 for evacuation
[2257.598s][info][gc,phases      ] GC(376)   Pre Evacuate Collection Set: 0.40ms
[2257.598s][info][gc,phases      ] GC(376)   Merge Heap Roots: 0.48ms
[2257.598s][info][gc,phases      ] GC(376)   Evacuate Collection Set: 117.38ms
[2257.598s][info][gc,phases      ] GC(376)   Post Evacuate Collection Set: 0.92ms
[2257.598s][info][gc,phases      ] GC(376)   Other: 0.11ms
[2257.598s][info][gc,heap        ] GC(376) Eden regions: 1119->0(1118)
[2257.598s][info][gc,heap        ] GC(376) Survivor regions: 109->110(154)
[2257.598s][info][gc,heap        ] GC(376) Old regions: 472->504
[2257.598s][info][gc,heap        ] GC(376) Humongous regions: 80->80
[2257.598s][info][gc,metaspace   ] GC(376) Metaspace: 28931K(29248K)->28931K(29248K) NonClass: 24047K(24192K)->24047K(24192K) Class: 4883K(5056K)->4883K(5056K)
[2257.598s][info][gc             ] GC(376) Pause Young (Concurrent Start) (G1 Evacuation Pause) 3557M->1386M(4096M) 119.434ms
[2257.598s][info][gc             ] GC(377) Concurrent Mark Cycle
[2257.598s][info][gc,marking     ] GC(377) Concurrent Scan Root Regions
[2257.598s][info][gc,cpu         ] GC(376) User=0.71s Sys=0.01s Real=0.12s
.[2257.741s][info][gc,marking     ] GC(377) Concurrent Scan Root Regions 142.339ms
[2257.741s][info][gc,marking     ] GC(377) Concurrent Mark
[2257.741s][info][gc,marking     ] GC(377) Concurrent Mark From Roots
[2257.741s][info][gc,task        ] GC(377) Using 2 workers of 2 for marking
.[2258.688s][info][gc,marking     ] GC(377) Concurrent Mark From Roots 947.055ms
[2258.688s][info][gc,marking     ] GC(377) Concurrent Preclean
[2258.688s][info][gc,marking     ] GC(377) Concurrent Preclean 0.053ms
[2258.688s][info][gc,start       ] GC(377) Pause Remark
[2258.692s][info][gc             ] GC(377) Pause Remark 1867M->1867M(4096M) 3.966ms
[2258.692s][info][gc,cpu         ] GC(377) User=0.02s Sys=0.00s Real=0.01s
[2258.692s][info][gc,marking     ] GC(377) Concurrent Mark 951.325ms
[2258.692s][info][gc,marking     ] GC(377) Concurrent Rebuild Remembered Sets and Scrub Regions
[2259.092s][info][gc,marking     ] GC(377) Concurrent Rebuild Remembered Sets and Scrub Regions 399.555ms
[2259.092s][info][gc,start       ] GC(377) Pause Cleanup
[2259.092s][info][gc             ] GC(377) Pause Cleanup 2032M->2032M(4096M) 0.132ms
[2259.092s][info][gc,cpu         ] GC(377) User=0.00s Sys=0.00s Real=0.00s
[2259.092s][info][gc,marking     ] GC(377) Concurrent Clear Claimed Marks
[2259.092s][info][gc,marking     ] GC(377) Concurrent Clear Claimed Marks 0.031ms
[2259.092s][info][gc,marking     ] GC(377) Concurrent Cleanup for Next Mark
[2259.096s][info][gc,marking     ] GC(377) Concurrent Cleanup for Next Mark 3.965ms
[2259.096s][info][gc             ] GC(377) Concurrent Mark Cycle 1497.752ms
....[2262.903s][info][gc,start       ] GC(378) Pause Young (Prepare Mixed) (G1 Evacuation Pause)
[2262.903s][info][gc,task        ] GC(378) Using 6 workers of 6 for evacuation
[2263.019s][info][gc,phases      ] GC(378)   Pre Evacuate Collection Set: 0.36ms
[2263.019s][info][gc,phases      ] GC(378)   Merge Heap Roots: 0.51ms
[2263.019s][info][gc,phases      ] GC(378)   Evacuate Collection Set: 114.21ms
[2263.019s][info][gc,phases      ] GC(378)   Post Evacuate Collection Set: 0.97ms
[2263.019s][info][gc,phases      ] GC(378)   Other: 0.09ms
[2263.019s][info][gc,heap        ] GC(378) Eden regions: 1118->0(1112)
[2263.019s][info][gc,heap        ] GC(378) Survivor regions: 110->109(154)
[2263.019s][info][gc,heap        ] GC(378) Old regions: 504->535
[2263.019s][info][gc,heap        ] GC(378) Humongous regions: 80->80
[2263.019s][info][gc,metaspace   ] GC(378) Metaspace: 28931K(29248K)->28931K(29248K) NonClass: 24047K(24192K)->24047K(24192K) Class: 4883K(5056K)->4883K(5056K)
[2263.019s][info][gc             ] GC(378) Pause Young (Prepare Mixed) (G1 Evacuation Pause) 3622M->1446M(4096M) 116.254ms
[2263.019s][info][gc,cpu         ] GC(378) User=0.69s Sys=0.00s Real=0.12s
.....[2268.384s][info][gc,start       ] GC(379) Pause Young (Mixed) (G1 Evacuation Pause)
[2268.384s][info][gc,task        ] GC(379) Using 6 workers of 6 for evacuation
[2268.516s][info][gc,phases      ] GC(379)   Pre Evacuate Collection Set: 0.43ms
[2268.517s][info][gc,phases      ] GC(379)   Merge Heap Roots: 0.64ms
[2268.517s][info][gc,phases      ] GC(379)   Evacuate Collection Set: 130.44ms
[2268.517s][info][gc,phases      ] GC(379)   Post Evacuate Collection Set: 0.99ms
[2268.517s][info][gc,phases      ] GC(379)   Other: 0.09ms
[2268.517s][info][gc,heap        ] GC(379) Eden regions: 1112->0(1118)
[2268.517s][info][gc,heap        ] GC(379) Survivor regions: 109->110(153)
[2268.517s][info][gc,heap        ] GC(379) Old regions: 535->472
[2268.517s][info][gc,heap        ] GC(379) Humongous regions: 80->80
[2268.517s][info][gc,metaspace   ] GC(379) Metaspace: 28931K(29248K)->28931K(29248K) NonClass: 24047K(24192K)->24047K(24192K) Class: 4883K(5056K)->4883K(5056K)
[2268.517s][info][gc             ] GC(379) Pause Young (Mixed) (G1 Evacuation Pause) 3670M->1321M(4096M) 132.719ms
[2268.517s][info][gc,cpu         ] GC(379) User=0.79s Sys=0.00s Real=0.13s
......[2273.888s][info][gc,start       ] GC(380) Pause Young (Concurrent Start) (G1 Evacuation Pause)
[2273.888s][info][gc,task        ] GC(380) Using 6 workers of 6 for evacuation
[2274.005s][info][gc,phases      ] GC(380)   Pre Evacuate Collection Set: 0.43ms
[2274.005s][info][gc,phases      ] GC(380)   Merge Heap Roots: 0.49ms
[2274.005s][info][gc,phases      ] GC(380)   Evacuate Collection Set: 114.98ms
[2274.005s][info][gc,phases      ] GC(380)   Post Evacuate Collection Set: 0.92ms
[2274.005s][info][gc,phases      ] GC(380)   Other: 0.13ms
[2274.005s][info][gc,heap        ] GC(380) Eden regions: 1118->0(1119)
[2274.005s][info][gc,heap        ] GC(380) Survivor regions: 110->109(154)
[2274.005s][info][gc,heap        ] GC(380) Old regions: 472->503
[2274.005s][info][gc,heap        ] GC(380) Humongous regions: 80->80
[2274.005s][info][gc,metaspace   ] GC(380) Metaspace: 28931K(29248K)->28931K(29248K) NonClass: 24047K(24192K)->24047K(24192K) Class: 4883K(5056K)->4883K(5056K)
[2274.005s][info][gc             ] GC(380) Pause Young (Concurrent Start) (G1 Evacuation Pause) 3557M->1383M(4096M) 117.098ms
[2274.005s][info][gc             ] GC(381) Concurrent Mark Cycle
[2274.005s][info][gc,marking     ] GC(381) Concurrent Scan Root Regions
[2274.005s][info][gc,cpu         ] GC(380) User=0.69s Sys=0.00s Real=0.11s
[2274.187s][info][gc,marking     ] GC(381) Concurrent Scan Root Regions 181.698ms
[2274.187s][info][gc,marking     ] GC(381) Concurrent Mark
[2274.187s][info][gc,marking     ] GC(381) Concurrent Mark From Roots
[2274.187s][info][gc,task        ] GC(381) Using 2 workers of 2 for marking
.[2275.131s][info][gc,marking     ] GC(381) Concurrent Mark From Roots 944.187ms
[2275.131s][info][gc,marking     ] GC(381) Concurrent Preclean
[2275.131s][info][gc,marking     ] GC(381) Concurrent Preclean 0.050ms
[2275.132s][info][gc,start       ] GC(381) Pause Remark
[2275.136s][info][gc             ] GC(381) Pause Remark 1892M->1892M(4096M) 4.089ms
[2275.136s][info][gc,cpu         ] GC(381) User=0.02s Sys=0.00s Real=0.00s
[2275.136s][info][gc,marking     ] GC(381) Concurrent Mark 948.577ms
[2275.136s][info][gc,marking     ] GC(381) Concurrent Rebuild Remembered Sets and Scrub Regions
[2275.393s][info][gc,marking     ] GC(381) Concurrent Rebuild Remembered Sets and Scrub Regions 257.141ms
[2275.393s][info][gc,start       ] GC(381) Pause Cleanup
[2275.393s][info][gc             ] GC(381) Pause Cleanup 2010M->2010M(4096M) 0.124ms
[2275.393s][info][gc,cpu         ] GC(381) User=0.00s Sys=0.00s Real=0.00s
[2275.393s][info][gc,marking     ] GC(381) Concurrent Clear Claimed Marks
[2275.393s][info][gc,marking     ] GC(381) Concurrent Clear Claimed Marks 0.030ms
[2275.393s][info][gc,marking     ] GC(381) Concurrent Cleanup for Next Mark
[2275.397s][info][gc,marking     ] GC(381) Concurrent Cleanup for Next Mark 3.702ms
[2275.397s][info][gc             ] GC(381) Concurrent Mark Cycle 1391.600ms
... (rIR:aIR:PR = 3459:3458:3458) (tPR = 51499) [OK] 
  2277s: Performance info:
         Transaction,    Success,    Partial,     Failed,   Receipts, AvgBarcode, 
             Overall,     208298,          0,          0,     197876,      59.47, 
         Response times:
             Request,    Success,    Partial,     Failed,   SkipFail,     Probes,    Samples,      min,      p50,      p90,      p95,      p99,      max, 
       TotalPurchase,     197874,          0,          0,          0,     195055,     218678,      300,     2900,     4800,     6200,    28000,   189000,
     InStorePurchase,     104179,          0,          0,          0,     103010,     115456,      300,     2800,     4800,     6100,    27000,   161000,
      OnlinePurchase,      72861,          0,          0,          0,      71844,      80294,      300,     2900,     4800,     6200,    28000,   189000,
        InstPurchase,      20834,          0,          0,          0,      20201,      22928,      400,     3200,     5100,     6500,    31000,   189000,
          AssocOfCat,        208,          0,          0,          0,        151,        230,    18400,    28000,    37000,    43450,    68520,    85000,
      AssocOfProduct,       2081,          0,          0,          0,       1876,       2268,      600,     2500,     4300,     5555,    20930,   148000,
      BusinessReport,        519,          0,          0,          0,        457,        597,    19000,    31000,    46000,    60100,   159060,   206000,
          CustBuyBeh,       2084,          0,          0,          0,       1914,       2304,      200,     3600,     5400,     7000,    35950,   139000,
       ProductReturn,       5530,          0,          0,          0,       5237,       6069,      200,     3200,     5100,     6500,    32000,   137000,

  2277s: (26%)   IR =   3598 .[2279.337s][info][gc,start       ] GC(382) Pause Young (Prepare Mixed) (G1 Evacuation Pause)
[2279.337s][info][gc,task        ] GC(382) Using 6 workers of 6 for evacuation
[2279.454s][info][gc,phases      ] GC(382)   Pre Evacuate Collection Set: 0.35ms
[2279.454s][info][gc,phases      ] GC(382)   Merge Heap Roots: 0.53ms
[2279.454s][info][gc,phases      ] GC(382)   Evacuate Collection Set: 115.68ms
[2279.454s][info][gc,phases      ] GC(382)   Post Evacuate Collection Set: 0.98ms
[2279.454s][info][gc,phases      ] GC(382)   Other: 0.09ms
[2279.455s][info][gc,heap        ] GC(382) Eden regions: 1119->0(1110)
[2279.455s][info][gc,heap        ] GC(382) Survivor regions: 109->110(154)
[2279.455s][info][gc,heap        ] GC(382) Old regions: 503->535
[2279.455s][info][gc,heap        ] GC(382) Humongous regions: 80->80
[2279.455s][info][gc,metaspace   ] GC(382) Metaspace: 28937K(29248K)->28937K(29248K) NonClass: 24054K(24192K)->24054K(24192K) Class: 4883K(5056K)->4883K(5056K)
[2279.455s][info][gc             ] GC(382) Pause Young (Prepare Mixed) (G1 Evacuation Pause) 3621M->1449M(4096M) 117.786ms
[2279.455s][info][gc,cpu         ] GC(382) User=0.70s Sys=0.00s Real=0.12s
...|..[2284.618s][info][gc,start       ] GC(383) Pause Young (Mixed) (G1 Evacuation Pause)
[2284.618s][info][gc,task        ] GC(383) Using 6 workers of 6 for evacuation
[2284.749s][info][gc,phases      ] GC(383)   Pre Evacuate Collection Set: 0.45ms
[2284.749s][info][gc,phases      ] GC(383)   Merge Heap Roots: 0.77ms
[2284.749s][info][gc,phases      ] GC(383)   Evacuate Collection Set: 129.32ms
[2284.749s][info][gc,phases      ] GC(383)   Post Evacuate Collection Set: 0.97ms
[2284.749s][info][gc,phases      ] GC(383)   Other: 0.10ms
[2284.749s][info][gc,heap        ] GC(383) Eden regions: 1110->0(1120)
[2284.749s][info][gc,heap        ] GC(383) Survivor regions: 110->108(153)
[2284.749s][info][gc,heap        ] GC(383) Old regions: 535->471
[2284.749s][info][gc,heap        ] GC(383) Humongous regions: 80->80
[2284.749s][info][gc,metaspace   ] GC(383) Metaspace: 28937K(29248K)->28937K(29248K) NonClass: 24054K(24192K)->24054K(24192K) Class: 4883K(5056K)->4883K(5056K)
[2284.749s][info][gc             ] GC(383) Pause Young (Mixed) (G1 Evacuation Pause) 3669M->1317M(4096M) 131.742ms
[2284.749s][info][gc,cpu         ] GC(383) User=0.78s Sys=0.00s Real=0.14s
......[2289.855s][info][gc,start       ] GC(384) Pause Young (Concurrent Start) (G1 Evacuation Pause)
[2289.855s][info][gc,task        ] GC(384) Using 6 workers of 6 for evacuation
[2289.972s][info][gc,phases      ] GC(384)   Pre Evacuate Collection Set: 0.40ms
[2289.972s][info][gc,phases      ] GC(384)   Merge Heap Roots: 0.47ms
[2289.972s][info][gc,phases      ] GC(384)   Evacuate Collection Set: 114.75ms
[2289.972s][info][gc,phases      ] GC(384)   Post Evacuate Collection Set: 0.93ms
[2289.972s][info][gc,phases      ] GC(384)   Other: 0.10ms
[2289.972s][info][gc,heap        ] GC(384) Eden regions: 1120->0(1119)
[2289.972s][info][gc,heap        ] GC(384) Survivor regions: 108->109(154)
[2289.972s][info][gc,heap        ] GC(384) Old regions: 471->503
[2289.972s][info][gc,heap        ] GC(384) Humongous regions: 80->80
[2289.972s][info][gc,metaspace   ] GC(384) Metaspace: 28937K(29248K)->28937K(29248K) NonClass: 24054K(24192K)->24054K(24192K) Class: 4883K(5056K)->4883K(5056K)
[2289.972s][info][gc             ] GC(384) Pause Young (Concurrent Start) (G1 Evacuation Pause) 3557M->1381M(4096M) 116.779ms
[2289.972s][info][gc             ] GC(385) Concurrent Mark Cycle
[2289.972s][info][gc,marking     ] GC(385) Concurrent Scan Root Regions
[2289.972s][info][gc,cpu         ] GC(384) User=0.69s Sys=0.00s Real=0.12s
[2290.174s][info][gc,marking     ] GC(385) Concurrent Scan Root Regions 201.947ms
[2290.174s][info][gc,marking     ] GC(385) Concurrent Mark
[2290.174s][info][gc,marking     ] GC(385) Concurrent Mark From Roots
[2290.174s][info][gc,task        ] GC(385) Using 2 workers of 2 for marking
.[2290.785s][info][gc,marking     ] GC(385) Concurrent Mark From Roots 611.255ms
[2290.785s][info][gc,marking     ] GC(385) Concurrent Preclean
[2290.785s][info][gc,marking     ] GC(385) Concurrent Preclean 0.067ms
[2290.785s][info][gc,start       ] GC(385) Pause Remark
[2290.789s][info][gc             ] GC(385) Pause Remark 1815M->1815M(4096M) 3.378ms
[2290.789s][info][gc,cpu         ] GC(385) User=0.02s Sys=0.00s Real=0.01s
[2290.789s][info][gc,marking     ] GC(385) Concurrent Mark 614.949ms
[2290.789s][info][gc,marking     ] GC(385) Concurrent Rebuild Remembered Sets and Scrub Regions
[2291.028s][info][gc,marking     ] GC(385) Concurrent Rebuild Remembered Sets and Scrub Regions 238.978ms
[2291.028s][info][gc,start       ] GC(385) Pause Cleanup
[2291.028s][info][gc             ] GC(385) Pause Cleanup 1903M->1903M(4096M) 0.116ms
[2291.028s][info][gc,cpu         ] GC(385) User=0.00s Sys=0.00s Real=0.00s
[2291.028s][info][gc,marking     ] GC(385) Concurrent Clear Claimed Marks
[2291.028s][info][gc,marking     ] GC(385) Concurrent Clear Claimed Marks 0.027ms
[2291.028s][info][gc,marking     ] GC(385) Concurrent Cleanup for Next Mark
[2291.031s][info][gc,marking     ] GC(385) Concurrent Cleanup for Next Mark 3.176ms
[2291.031s][info][gc             ] GC(385) Concurrent Mark Cycle 1059.518ms
....[2295.079s][info][gc,start       ] GC(386) Pause Young (Prepare Mixed) (G1 Evacuation Pause)
[2295.079s][info][gc,task        ] GC(386) Using 6 workers of 6 for evacuation
[2295.197s][info][gc,phases      ] GC(386)   Pre Evacuate Collection Set: 0.37ms
[2295.197s][info][gc,phases      ] GC(386)   Merge Heap Roots: 0.57ms
[2295.197s][info][gc,phases      ] GC(386)   Evacuate Collection Set: 116.90ms
[2295.197s][info][gc,phases      ] GC(386)   Post Evacuate Collection Set: 0.97ms
[2295.197s][info][gc,phases      ] GC(386)   Other: 0.09ms
[2295.198s][info][gc,heap        ] GC(386) Eden regions: 1119->0(1108)
[2295.198s][info][gc,heap        ] GC(386) Survivor regions: 109->111(154)
[2295.198s][info][gc,heap        ] GC(386) Old regions: 503->535
[2295.198s][info][gc,heap        ] GC(386) Humongous regions: 80->80
[2295.198s][info][gc,metaspace   ] GC(386) Metaspace: 28937K(29248K)->28937K(29248K) NonClass: 24054K(24192K)->24054K(24192K) Class: 4883K(5056K)->4883K(5056K)
[2295.198s][info][gc             ] GC(386) Pause Young (Prepare Mixed) (G1 Evacuation Pause) 3619M->1450M(4096M) 119.038ms
[2295.198s][info][gc,cpu         ] GC(386) User=0.70s Sys=0.00s Real=0.11s
.....[2300.366s][info][gc,start       ] GC(387) Pause Young (Mixed) (G1 Evacuation Pause)
[2300.366s][info][gc,task        ] GC(387) Using 6 workers of 6 for evacuation
[2300.497s][info][gc,phases      ] GC(387)   Pre Evacuate Collection Set: 0.43ms
[2300.497s][info][gc,phases      ] GC(387)   Merge Heap Roots: 0.63ms
[2300.497s][info][gc,phases      ] GC(387)   Evacuate Collection Set: 128.77ms
[2300.497s][info][gc,phases      ] GC(387)   Post Evacuate Collection Set: 0.98ms
[2300.497s][info][gc,phases      ] GC(387)   Other: 0.09ms
[2300.497s][info][gc,heap        ] GC(387) Eden regions: 1108->0(1120)
[2300.497s][info][gc,heap        ] GC(387) Survivor regions: 111->108(153)
[2300.497s][info][gc,heap        ] GC(387) Old regions: 535->472
[2300.497s][info][gc,heap        ] GC(387) Humongous regions: 80->80
[2300.497s][info][gc,metaspace   ] GC(387) Metaspace: 28937K(29248K)->28937K(29248K) NonClass: 24054K(24192K)->24054K(24192K) Class: 4883K(5056K)->4883K(5056K)
[2300.497s][info][gc             ] GC(387) Pause Young (Mixed) (G1 Evacuation Pause) 3666M->1318M(4096M) 131.035ms
[2300.497s][info][gc,cpu         ] GC(387) User=0.77s Sys=0.00s Real=0.13s
.....[2305.563s][info][gc,start       ] GC(388) Pause Young (Concurrent Start) (G1 Evacuation Pause)
[2305.563s][info][gc,task        ] GC(388) Using 6 workers of 6 for evacuation
[2305.680s][info][gc,phases      ] GC(388)   Pre Evacuate Collection Set: 0.42ms
[2305.680s][info][gc,phases      ] GC(388)   Merge Heap Roots: 0.46ms
[2305.680s][info][gc,phases      ] GC(388)   Evacuate Collection Set: 115.72ms
[2305.680s][info][gc,phases      ] GC(388)   Post Evacuate Collection Set: 0.90ms
[2305.680s][info][gc,phases      ] GC(388)   Other: 0.11ms
[2305.680s][info][gc,heap        ] GC(388) Eden regions: 1120->0(1118)
[2305.680s][info][gc,heap        ] GC(388) Survivor regions: 108->110(154)
[2305.680s][info][gc,heap        ] GC(388) Old regions: 472->504
[2305.680s][info][gc,heap        ] GC(388) Humongous regions: 80->80
[2305.680s][info][gc,metaspace   ] GC(388) Metaspace: 28937K(29248K)->28937K(29248K) NonClass: 24054K(24192K)->24054K(24192K) Class: 4883K(5056K)->4883K(5056K)
[2305.680s][info][gc             ] GC(388) Pause Young (Concurrent Start) (G1 Evacuation Pause) 3558M->1386M(4096M) 117.726ms
[2305.681s][info][gc             ] GC(389) Concurrent Mark Cycle
[2305.681s][info][gc,marking     ] GC(389) Concurrent Scan Root Regions
[2305.681s][info][gc,cpu         ] GC(388) User=0.69s Sys=0.00s Real=0.12s
.[2305.851s][info][gc,marking     ] GC(389) Concurrent Scan Root Regions 170.660ms
[2305.851s][info][gc,marking     ] GC(389) Concurrent Mark
[2305.851s][info][gc,marking     ] GC(389) Concurrent Mark From Roots
[2305.851s][info][gc,task        ] GC(389) Using 2 workers of 2 for marking
[2306.450s][info][gc,marking     ] GC(389) Concurrent Mark From Roots 598.528ms
[2306.450s][info][gc,marking     ] GC(389) Concurrent Preclean
[2306.450s][info][gc,marking     ] GC(389) Concurrent Preclean 0.055ms
[2306.450s][info][gc,start       ] GC(389) Pause Remark
[2306.453s][info][gc             ] GC(389) Pause Remark 1761M->1761M(4096M) 3.435ms
[2306.454s][info][gc,cpu         ] GC(389) User=0.02s Sys=0.00s Real=0.00s
[2306.454s][info][gc,marking     ] GC(389) Concurrent Mark 602.809ms
[2306.454s][info][gc,marking     ] GC(389) Concurrent Rebuild Remembered Sets and Scrub Regions
[2306.682s][info][gc,marking     ] GC(389) Concurrent Rebuild Remembered Sets and Scrub Regions 227.453ms
[2306.682s][info][gc,start       ] GC(389) Pause Cleanup
[2306.682s][info][gc             ] GC(389) Pause Cleanup 1850M->1850M(4096M) 0.113ms
[2306.682s][info][gc,cpu         ] GC(389) User=0.00s Sys=0.00s Real=0.00s
[2306.682s][info][gc,marking     ] GC(389) Concurrent Clear Claimed Marks
[2306.682s][info][gc,marking     ] GC(389) Concurrent Clear Claimed Marks 0.027ms
[2306.682s][info][gc,marking     ] GC(389) Concurrent Cleanup for Next Mark
[2306.685s][info][gc,marking     ] GC(389) Concurrent Cleanup for Next Mark 3.619ms
[2306.685s][info][gc             ] GC(389) Concurrent Mark Cycle 1004.982ms
.....[2310.829s][info][gc,start       ] GC(390) Pause Young (Prepare Mixed) (G1 Evacuation Pause)
[2310.829s][info][gc,task        ] GC(390) Using 6 workers of 6 for evacuation
[2310.945s][info][gc,phases      ] GC(390)   Pre Evacuate Collection Set: 0.38ms
[2310.945s][info][gc,phases      ] GC(390)   Merge Heap Roots: 0.52ms
[2310.945s][info][gc,phases      ] GC(390)   Evacuate Collection Set: 114.10ms
[2310.945s][info][gc,phases      ] GC(390)   Post Evacuate Collection Set: 0.96ms
[2310.945s][info][gc,phases      ] GC(390)   Other: 0.09ms
[2310.945s][info][gc,heap        ] GC(390) Eden regions: 1118->0(1113)
[2310.945s][info][gc,heap        ] GC(390) Survivor regions: 110->108(154)
[2310.945s][info][gc,heap        ] GC(390) Old regions: 504->536
[2310.945s][info][gc,heap        ] GC(390) Humongous regions: 80->80
[2310.945s][info][gc,metaspace   ] GC(390) Metaspace: 28937K(29248K)->28937K(29248K) NonClass: 24054K(24192K)->24054K(24192K) Class: 4883K(5056K)->4883K(5056K)
[2310.945s][info][gc             ] GC(390) Pause Young (Prepare Mixed) (G1 Evacuation Pause) 3622M->1446M(4096M) 116.177ms
[2310.945s][info][gc,cpu         ] GC(390) User=0.68s Sys=0.00s Real=0.11s
.....[2316.015s][info][gc,start       ] GC(391) Pause Young (Mixed) (G1 Evacuation Pause)
[2316.015s][info][gc,task        ] GC(391) Using 6 workers of 6 for evacuation
[2316.147s][info][gc,phases      ] GC(391)   Pre Evacuate Collection Set: 0.44ms
[2316.147s][info][gc,phases      ] GC(391)   Merge Heap Roots: 0.71ms
[2316.147s][info][gc,phases      ] GC(391)   Evacuate Collection Set: 129.83ms
[2316.147s][info][gc,phases      ] GC(391)   Post Evacuate Collection Set: 0.97ms
[2316.147s][info][gc,phases      ] GC(391)   Other: 0.09ms
[2316.147s][info][gc,heap        ] GC(391) Eden regions: 1113->0(1119)
[2316.147s][info][gc,heap        ] GC(391) Survivor regions: 108->109(153)
[2316.147s][info][gc,heap        ] GC(391) Old regions: 536->473
[2316.147s][info][gc,heap        ] GC(391) Humongous regions: 80->80
[2316.147s][info][gc,metaspace   ] GC(391) Metaspace: 28937K(29248K)->28937K(29248K) NonClass: 24054K(24192K)->24054K(24192K) Class: 4883K(5056K)->4883K(5056K)
[2316.147s][info][gc             ] GC(391) Pause Young (Mixed) (G1 Evacuation Pause) 3672M->1322M(4096M) 132.186ms
[2316.147s][info][gc,cpu         ] GC(391) User=0.78s Sys=0.00s Real=0.13s
.....[2321.300s][info][gc,start       ] GC(392) Pause Young (Concurrent Start) (G1 Evacuation Pause)
[2321.300s][info][gc,task        ] GC(392) Using 6 workers of 6 for evacuation
[2321.418s][info][gc,phases      ] GC(392)   Pre Evacuate Collection Set: 0.40ms
[2321.418s][info][gc,phases      ] GC(392)   Merge Heap Roots: 0.50ms
[2321.418s][info][gc,phases      ] GC(392)   Evacuate Collection Set: 116.06ms
[2321.418s][info][gc,phases      ] GC(392)   Post Evacuate Collection Set: 0.92ms
[2321.418s][info][gc,phases      ] GC(392)   Other: 0.14ms
[2321.418s][info][gc,heap        ] GC(392) Eden regions: 1119->0(1119)
[2321.418s][info][gc,heap        ] GC(392) Survivor regions: 109->109(154)
[2321.418s][info][gc,heap        ] GC(392) Old regions: 473->504
[2321.418s][info][gc,heap        ] GC(392) Humongous regions: 80->80
[2321.418s][info][gc,metaspace   ] GC(392) Metaspace: 28937K(29248K)->28937K(29248K) NonClass: 24054K(24192K)->24054K(24192K) Class: 4883K(5056K)->4883K(5056K)
[2321.418s][info][gc             ] GC(392) Pause Young (Concurrent Start) (G1 Evacuation Pause) 3560M->1385M(4096M) 118.143ms
[2321.418s][info][gc             ] GC(393) Concurrent Mark Cycle
[2321.418s][info][gc,marking     ] GC(393) Concurrent Scan Root Regions
[2321.418s][info][gc,cpu         ] GC(392) User=0.70s Sys=0.00s Real=0.12s
[2321.600s][info][gc,marking     ] GC(393) Concurrent Scan Root Regions 181.360ms
[2321.600s][info][gc,marking     ] GC(393) Concurrent Mark
[2321.600s][info][gc,marking     ] GC(393) Concurrent Mark From Roots
[2321.600s][info][gc,task        ] GC(393) Using 2 workers of 2 for marking
.[2322.269s][info][gc,marking     ] GC(393) Concurrent Mark From Roots 669.753ms
[2322.270s][info][gc,marking     ] GC(393) Concurrent Preclean
[2322.270s][info][gc,marking     ] GC(393) Concurrent Preclean 0.090ms
[2322.270s][info][gc,start       ] GC(393) Pause Remark
[2322.274s][info][gc             ] GC(393) Pause Remark 1792M->1792M(4096M) 3.376ms
[2322.274s][info][gc,cpu         ] GC(393) User=0.02s Sys=0.00s Real=0.00s
[2322.274s][info][gc,marking     ] GC(393) Concurrent Mark 674.046ms
[2322.274s][info][gc,marking     ] GC(393) Concurrent Rebuild Remembered Sets and Scrub Regions
[2322.517s][info][gc,marking     ] GC(393) Concurrent Rebuild Remembered Sets and Scrub Regions 242.811ms
[2322.517s][info][gc,start       ] GC(393) Pause Cleanup
[2322.517s][info][gc             ] GC(393) Pause Cleanup 1883M->1883M(4096M) 0.108ms
[2322.517s][info][gc,cpu         ] GC(393) User=0.00s Sys=0.00s Real=0.00s
[2322.517s][info][gc,marking     ] GC(393) Concurrent Clear Claimed Marks
[2322.517s][info][gc,marking     ] GC(393) Concurrent Clear Claimed Marks 0.027ms
[2322.517s][info][gc,marking     ] GC(393) Concurrent Cleanup for Next Mark
[2322.520s][info][gc,marking     ] GC(393) Concurrent Cleanup for Next Mark 3.359ms
[2322.520s][info][gc             ] GC(393) Concurrent Mark Cycle 1102.080ms
....[2326.578s][info][gc,start       ] GC(394) Pause Young (Prepare Mixed) (G1 Evacuation Pause)
[2326.578s][info][gc,task        ] GC(394) Using 6 workers of 6 for evacuation
[2326.693s][info][gc,phases      ] GC(394)   Pre Evacuate Collection Set: 0.34ms
[2326.693s][info][gc,phases      ] GC(394)   Merge Heap Roots: 0.48ms
[2326.693s][info][gc,phases      ] GC(394)   Evacuate Collection Set: 113.87ms
[2326.693s][info][gc,phases      ] GC(394)   Post Evacuate Collection Set: 0.95ms
[2326.693s][info][gc,phases      ] GC(394)   Other: 0.09ms
[2326.693s][info][gc,heap        ] GC(394) Eden regions: 1119->0(1111)
[2326.693s][info][gc,heap        ] GC(394) Survivor regions: 109->109(154)
[2326.693s][info][gc,heap        ] GC(394) Old regions: 504->536
[2326.693s][info][gc,heap        ] GC(394) Humongous regions: 80->80
[2326.693s][info][gc,metaspace   ] GC(394) Metaspace: 28937K(29248K)->28937K(29248K) NonClass: 24054K(24192K)->24054K(24192K) Class: 4883K(5056K)->4883K(5056K)
[2326.694s][info][gc             ] GC(394) Pause Young (Prepare Mixed) (G1 Evacuation Pause) 3623M->1449M(4096M) 115.853ms
[2326.694s][info][gc,cpu         ] GC(394) User=0.69s Sys=0.00s Real=0.12s
.....[2331.765s][info][gc,start       ] GC(395) Pause Young (Mixed) (G1 Evacuation Pause)
[2331.765s][info][gc,task        ] GC(395) Using 6 workers of 6 for evacuation
[2331.896s][info][gc,phases      ] GC(395)   Pre Evacuate Collection Set: 0.41ms
[2331.896s][info][gc,phases      ] GC(395)   Merge Heap Roots: 0.75ms
[2331.896s][info][gc,phases      ] GC(395)   Evacuate Collection Set: 128.43ms
[2331.896s][info][gc,phases      ] GC(395)   Post Evacuate Collection Set: 0.97ms
[2331.896s][info][gc,phases      ] GC(395)   Other: 0.09ms
[2331.896s][info][gc,heap        ] GC(395) Eden regions: 1111->0(1120)
[2331.896s][info][gc,heap        ] GC(395) Survivor regions: 109->108(153)
[2331.896s][info][gc,heap        ] GC(395) Old regions: 536->472
[2331.896s][info][gc,heap        ] GC(395) Humongous regions: 80->80
[2331.896s][info][gc,metaspace   ] GC(395) Metaspace: 28937K(29248K)->28937K(29248K) NonClass: 24054K(24192K)->24054K(24192K) Class: 4883K(5056K)->4883K(5056K)
[2331.896s][info][gc             ] GC(395) Pause Young (Mixed) (G1 Evacuation Pause) 3671M->1318M(4096M) 130.802ms
[2331.896s][info][gc,cpu         ] GC(395) User=0.78s Sys=0.00s Real=0.13s
......[2337.020s][info][gc,start       ] GC(396) Pause Young (Concurrent Start) (G1 Evacuation Pause)
[2337.020s][info][gc,task        ] GC(396) Using 6 workers of 6 for evacuation
[2337.138s][info][gc,phases      ] GC(396)   Pre Evacuate Collection Set: 0.40ms
[2337.138s][info][gc,phases      ] GC(396)   Merge Heap Roots: 0.47ms
[2337.138s][info][gc,phases      ] GC(396)   Evacuate Collection Set: 116.64ms
[2337.138s][info][gc,phases      ] GC(396)   Post Evacuate Collection Set: 0.94ms
[2337.138s][info][gc,phases      ] GC(396)   Other: 0.11ms
[2337.138s][info][gc,heap        ] GC(396) Eden regions: 1120->0(1117)
[2337.138s][info][gc,heap        ] GC(396) Survivor regions: 108->111(154)
[2337.139s][info][gc,heap        ] GC(396) Old regions: 472->505
[2337.139s][info][gc,heap        ] GC(396) Humongous regions: 80->80
[2337.139s][info][gc,metaspace   ] GC(396) Metaspace: 28937K(29248K)->28937K(29248K) NonClass: 24054K(24192K)->24054K(24192K) Class: 4883K(5056K)->4883K(5056K)
[2337.139s][info][gc             ] GC(396) Pause Young (Concurrent Start) (G1 Evacuation Pause) 3558M->1390M(4096M) 118.702ms
[2337.139s][info][gc             ] GC(397) Concurrent Mark Cycle
[2337.139s][info][gc,marking     ] GC(397) Concurrent Scan Root Regions
[2337.139s][info][gc,cpu         ] GC(396) User=0.71s Sys=0.00s Real=0.12s
[2337.307s][info][gc,marking     ] GC(397) Concurrent Scan Root Regions 168.237ms
[2337.307s][info][gc,marking     ] GC(397) Concurrent Mark
[2337.307s][info][gc,marking     ] GC(397) Concurrent Mark From Roots
[2337.307s][info][gc,task        ] GC(397) Using 2 workers of 2 for marking
.[2337.948s][info][gc,marking     ] GC(397) Concurrent Mark From Roots 641.371ms
[2337.948s][info][gc,marking     ] GC(397) Concurrent Preclean
[2337.948s][info][gc,marking     ] GC(397) Concurrent Preclean 0.047ms
[2337.948s][info][gc,start       ] GC(397) Pause Remark
[2337.952s][info][gc             ] GC(397) Pause Remark 1759M->1759M(4096M) 3.462ms
[2337.952s][info][gc,cpu         ] GC(397) User=0.02s Sys=0.00s Real=0.00s
[2337.952s][info][gc,marking     ] GC(397) Concurrent Mark 645.152ms
[2337.952s][info][gc,marking     ] GC(397) Concurrent Rebuild Remembered Sets and Scrub Regions
[2338.189s][info][gc,marking     ] GC(397) Concurrent Rebuild Remembered Sets and Scrub Regions 237.119ms
[2338.189s][info][gc,start       ] GC(397) Pause Cleanup
[2338.189s][info][gc             ] GC(397) Pause Cleanup 1844M->1844M(4096M) 0.112ms
[2338.189s][info][gc,cpu         ] GC(397) User=0.00s Sys=0.00s Real=0.00s
[2338.189s][info][gc,marking     ] GC(397) Concurrent Clear Claimed Marks
[2338.189s][info][gc,marking     ] GC(397) Concurrent Clear Claimed Marks 0.032ms
[2338.189s][info][gc,marking     ] GC(397) Concurrent Cleanup for Next Mark
[2338.193s][info][gc,marking     ] GC(397) Concurrent Cleanup for Next Mark 3.537ms
[2338.193s][info][gc             ] GC(397) Concurrent Mark Cycle 1054.516ms
.... (rIR:aIR:PR = 3598:3600:3600) (tPR = 53134) [OK] 
  2341s: Performance info:
         Transaction,    Success,    Partial,     Failed,   Receipts, AvgBarcode, 
             Overall,     216667,          0,          0,     205841,      59.47, 
         Response times:
             Request,    Success,    Partial,     Failed,   SkipFail,     Probes,    Samples,      min,      p50,      p90,      p95,      p99,      max, 
       TotalPurchase,     205841,          0,          0,          0,     201502,     215827,      300,     3000,     5000,     6500,    36000,   164000,
     InStorePurchase,     108391,          0,          0,          0,     106111,     113387,      300,     2900,     4900,     6500,    37000,   164000,
      OnlinePurchase,      75787,          0,          0,          0,      74384,      79716,      300,     3100,     5000,     6600,    37000,   154000,
        InstPurchase,      21663,          0,          0,          0,      21007,      22724,      400,     2800,     4900,     6400,    35000,   149000,
          AssocOfCat,        212,          0,          0,          0,        163,        248,    21000,    29000,    41100,    74650,   175100,   180000,
      AssocOfProduct,       2168,          0,          0,          0,       1945,       2254,      700,     3000,     4500,     6225,    35000,   152000,
      BusinessReport,        539,          0,          0,          0,        443,        569,    25000,    33000,    47000,    57000,   132500,   225000,
          CustBuyBeh,       2163,          0,          0,          0,       1999,       2333,      200,     1700,     4300,     5200,    21660,   121000,
       ProductReturn,       5744,          0,          0,          0,       5409,       6014,      200,     2300,     4000,     5200,    21850,   140000,

  2341s: (27%)   IR =   3736 [2342.373s][info][gc,start       ] GC(398) Pause Young (Prepare Mixed) (G1 Evacuation Pause)
[2342.373s][info][gc,task        ] GC(398) Using 6 workers of 6 for evacuation
[2342.488s][info][gc,phases      ] GC(398)   Pre Evacuate Collection Set: 0.36ms
[2342.488s][info][gc,phases      ] GC(398)   Merge Heap Roots: 0.52ms
[2342.488s][info][gc,phases      ] GC(398)   Evacuate Collection Set: 113.45ms
[2342.488s][info][gc,phases      ] GC(398)   Post Evacuate Collection Set: 0.94ms
[2342.488s][info][gc,phases      ] GC(398)   Other: 0.09ms
[2342.488s][info][gc,heap        ] GC(398) Eden regions: 1117->0(1110)
[2342.488s][info][gc,heap        ] GC(398) Survivor regions: 111->109(154)
[2342.488s][info][gc,heap        ] GC(398) Old regions: 505->537
[2342.488s][info][gc,heap        ] GC(398) Humongous regions: 80->80
[2342.488s][info][gc,metaspace   ] GC(398) Metaspace: 28937K(29248K)->28937K(29248K) NonClass: 24054K(24192K)->24054K(24192K) Class: 4883K(5056K)->4883K(5056K)
[2342.488s][info][gc             ] GC(398) Pause Young (Prepare Mixed) (G1 Evacuation Pause) 3624M->1449M(4096M) 115.487ms
[2342.488s][info][gc,cpu         ] GC(398) User=0.68s Sys=0.00s Real=0.12s
....|.[2347.412s][info][gc,start       ] GC(399) Pause Young (Mixed) (G1 Evacuation Pause)
[2347.412s][info][gc,task        ] GC(399) Using 6 workers of 6 for evacuation
[2347.546s][info][gc,phases      ] GC(399)   Pre Evacuate Collection Set: 0.39ms
[2347.546s][info][gc,phases      ] GC(399)   Merge Heap Roots: 0.69ms
[2347.546s][info][gc,phases      ] GC(399)   Evacuate Collection Set: 132.29ms
[2347.546s][info][gc,phases      ] GC(399)   Post Evacuate Collection Set: 0.97ms
[2347.546s][info][gc,phases      ] GC(399)   Other: 0.09ms
[2347.546s][info][gc,heap        ] GC(399) Eden regions: 1110->0(1117)
[2347.546s][info][gc,heap        ] GC(399) Survivor regions: 109->111(153)
[2347.546s][info][gc,heap        ] GC(399) Old regions: 537->473
[2347.546s][info][gc,heap        ] GC(399) Humongous regions: 80->80
[2347.546s][info][gc,metaspace   ] GC(399) Metaspace: 28937K(29248K)->28937K(29248K) NonClass: 24054K(24192K)->24054K(24192K) Class: 4883K(5056K)->4883K(5056K)
[2347.546s][info][gc             ] GC(399) Pause Young (Mixed) (G1 Evacuation Pause) 3669M->1326M(4096M) 134.559ms
[2347.546s][info][gc,cpu         ] GC(399) User=0.79s Sys=0.00s Real=0.13s
.....[2352.433s][info][gc,start       ] GC(400) Pause Young (Concurrent Start) (G1 Evacuation Pause)
[2352.433s][info][gc,task        ] GC(400) Using 6 workers of 6 for evacuation
[2352.551s][info][gc,phases      ] GC(400)   Pre Evacuate Collection Set: 0.42ms
[2352.551s][info][gc,phases      ] GC(400)   Merge Heap Roots: 0.51ms
[2352.551s][info][gc,phases      ] GC(400)   Evacuate Collection Set: 115.73ms
[2352.551s][info][gc,phases      ] GC(400)   Post Evacuate Collection Set: 0.91ms
[2352.551s][info][gc,phases      ] GC(400)   Other: 0.10ms
[2352.551s][info][gc,heap        ] GC(400) Eden regions: 1117->0(1120)
[2352.551s][info][gc,heap        ] GC(400) Survivor regions: 111->108(154)
[2352.551s][info][gc,heap        ] GC(400) Old regions: 473->506
[2352.551s][info][gc,heap        ] GC(400) Humongous regions: 80->80
[2352.551s][info][gc,metaspace   ] GC(400) Metaspace: 28937K(29248K)->28937K(29248K) NonClass: 24054K(24192K)->24054K(24192K) Class: 4883K(5056K)->4883K(5056K)
[2352.551s][info][gc             ] GC(400) Pause Young (Concurrent Start) (G1 Evacuation Pause) 3560M->1387M(4096M) 117.813ms
[2352.551s][info][gc             ] GC(401) Concurrent Mark Cycle
[2352.551s][info][gc,marking     ] GC(401) Concurrent Scan Root Regions
[2352.551s][info][gc,cpu         ] GC(400) User=0.70s Sys=0.00s Real=0.12s
[2352.731s][info][gc,marking     ] GC(401) Concurrent Scan Root Regions 180.260ms
[2352.731s][info][gc,marking     ] GC(401) Concurrent Mark
[2352.731s][info][gc,marking     ] GC(401) Concurrent Mark From Roots
[2352.731s][info][gc,task        ] GC(401) Using 2 workers of 2 for marking
.[2353.683s][info][gc,marking     ] GC(401) Concurrent Mark From Roots 951.470ms
[2353.683s][info][gc,marking     ] GC(401) Concurrent Preclean
[2353.683s][info][gc,marking     ] GC(401) Concurrent Preclean 0.083ms
[2353.683s][info][gc,start       ] GC(401) Pause Remark
[2353.687s][info][gc             ] GC(401) Pause Remark 1936M->1936M(4096M) 4.112ms
[2353.687s][info][gc,cpu         ] GC(401) User=0.01s Sys=0.01s Real=0.00s
[2353.687s][info][gc,marking     ] GC(401) Concurrent Mark 955.990ms
[2353.687s][info][gc,marking     ] GC(401) Concurrent Rebuild Remembered Sets and Scrub Regions
.[2353.967s][info][gc,marking     ] GC(401) Concurrent Rebuild Remembered Sets and Scrub Regions 279.444ms
[2353.967s][info][gc,start       ] GC(401) Pause Cleanup
[2353.967s][info][gc             ] GC(401) Pause Cleanup 2077M->2077M(4096M) 0.113ms
[2353.967s][info][gc,cpu         ] GC(401) User=0.00s Sys=0.00s Real=0.00s
[2353.967s][info][gc,marking     ] GC(401) Concurrent Clear Claimed Marks
[2353.967s][info][gc,marking     ] GC(401) Concurrent Clear Claimed Marks 0.025ms
[2353.967s][info][gc,marking     ] GC(401) Concurrent Cleanup for Next Mark
[2353.970s][info][gc,marking     ] GC(401) Concurrent Cleanup for Next Mark 3.531ms
[2353.971s][info][gc             ] GC(401) Concurrent Mark Cycle 1419.655ms
...[2357.535s][info][gc,start       ] GC(402) Pause Young (Prepare Mixed) (G1 Evacuation Pause)
[2357.535s][info][gc,task        ] GC(402) Using 6 workers of 6 for evacuation
[2357.652s][info][gc,phases      ] GC(402)   Pre Evacuate Collection Set: 0.34ms
[2357.652s][info][gc,phases      ] GC(402)   Merge Heap Roots: 0.57ms
[2357.652s][info][gc,phases      ] GC(402)   Evacuate Collection Set: 114.50ms
[2357.652s][info][gc,phases      ] GC(402)   Post Evacuate Collection Set: 0.98ms
[2357.652s][info][gc,phases      ] GC(402)   Other: 0.09ms
[2357.652s][info][gc,heap        ] GC(402) Eden regions: 1120->0(1110)
[2357.652s][info][gc,heap        ] GC(402) Survivor regions: 108->109(154)
[2357.652s][info][gc,heap        ] GC(402) Old regions: 506->537
[2357.652s][info][gc,heap        ] GC(402) Humongous regions: 80->80
[2357.652s][info][gc,metaspace   ] GC(402) Metaspace: 28937K(29248K)->28937K(29248K) NonClass: 24054K(24192K)->24054K(24192K) Class: 4883K(5056K)->4883K(5056K)
[2357.652s][info][gc             ] GC(402) Pause Young (Prepare Mixed) (G1 Evacuation Pause) 3627M->1450M(4096M) 116.636ms
[2357.652s][info][gc,cpu         ] GC(402) User=0.69s Sys=0.00s Real=0.12s
.....[2362.530s][info][gc,start       ] GC(403) Pause Young (Mixed) (G1 Evacuation Pause)
[2362.530s][info][gc,task        ] GC(403) Using 6 workers of 6 for evacuation
[2362.660s][info][gc,phases      ] GC(403)   Pre Evacuate Collection Set: 0.44ms
[2362.660s][info][gc,phases      ] GC(403)   Merge Heap Roots: 0.75ms
[2362.660s][info][gc,phases      ] GC(403)   Evacuate Collection Set: 127.38ms
[2362.660s][info][gc,phases      ] GC(403)   Post Evacuate Collection Set: 0.99ms
[2362.660s][info][gc,phases      ] GC(403)   Other: 0.11ms
[2362.660s][info][gc,heap        ] GC(403) Eden regions: 1110->0(1120)
[2362.660s][info][gc,heap        ] GC(403) Survivor regions: 109->108(153)
[2362.660s][info][gc,heap        ] GC(403) Old regions: 537->472
[2362.660s][info][gc,heap        ] GC(403) Humongous regions: 80->80
[2362.660s][info][gc,metaspace   ] GC(403) Metaspace: 28937K(29248K)->28937K(29248K) NonClass: 24054K(24192K)->24054K(24192K) Class: 4883K(5056K)->4883K(5056K)
[2362.660s][info][gc             ] GC(403) Pause Young (Mixed) (G1 Evacuation Pause) 3670M->1317M(4096M) 129.820ms
[2362.660s][info][gc,cpu         ] GC(403) User=0.76s Sys=0.00s Real=0.13s
.....[2367.729s][info][gc,start       ] GC(404) Pause Young (Concurrent Start) (G1 Evacuation Pause)
[2367.729s][info][gc,task        ] GC(404) Using 6 workers of 6 for evacuation
[2367.847s][info][gc,phases      ] GC(404)   Pre Evacuate Collection Set: 0.39ms
[2367.847s][info][gc,phases      ] GC(404)   Merge Heap Roots: 0.52ms
[2367.847s][info][gc,phases      ] GC(404)   Evacuate Collection Set: 116.47ms
[2367.847s][info][gc,phases      ] GC(404)   Post Evacuate Collection Set: 0.93ms
[2367.847s][info][gc,phases      ] GC(404)   Other: 0.12ms
[2367.847s][info][gc,heap        ] GC(404) Eden regions: 1120->0(1118)
[2367.847s][info][gc,heap        ] GC(404) Survivor regions: 108->110(154)
[2367.847s][info][gc,heap        ] GC(404) Old regions: 472->503
[2367.847s][info][gc,heap        ] GC(404) Humongous regions: 80->80
[2367.847s][info][gc,metaspace   ] GC(404) Metaspace: 28937K(29248K)->28937K(29248K) NonClass: 24054K(24192K)->24054K(24192K) Class: 4883K(5056K)->4883K(5056K)
[2367.847s][info][gc             ] GC(404) Pause Young (Concurrent Start) (G1 Evacuation Pause) 3557M->1384M(4096M) 118.550ms
[2367.847s][info][gc             ] GC(405) Concurrent Mark Cycle
[2367.847s][info][gc,marking     ] GC(405) Concurrent Scan Root Regions
[2367.847s][info][gc,cpu         ] GC(404) User=0.70s Sys=0.01s Real=0.11s
.[2368.014s][info][gc,marking     ] GC(405) Concurrent Scan Root Regions 166.944ms
[2368.014s][info][gc,marking     ] GC(405) Concurrent Mark
[2368.014s][info][gc,marking     ] GC(405) Concurrent Mark From Roots
[2368.014s][info][gc,task        ] GC(405) Using 2 workers of 2 for marking
[2368.762s][info][gc,marking     ] GC(405) Concurrent Mark From Roots 747.994ms
[2368.762s][info][gc,marking     ] GC(405) Concurrent Preclean
[2368.762s][info][gc,marking     ] GC(405) Concurrent Preclean 0.058ms
[2368.762s][info][gc,start       ] GC(405) Pause Remark
[2368.767s][info][gc             ] GC(405) Pause Remark 1900M->1900M(4096M) 4.168ms
[2368.767s][info][gc,cpu         ] GC(405) User=0.02s Sys=0.00s Real=0.00s
[2368.767s][info][gc,marking     ] GC(405) Concurrent Mark 752.510ms
[2368.767s][info][gc,marking     ] GC(405) Concurrent Rebuild Remembered Sets and Scrub Regions
.[2369.022s][info][gc,marking     ] GC(405) Concurrent Rebuild Remembered Sets and Scrub Regions 255.272ms
[2369.022s][info][gc,start       ] GC(405) Pause Cleanup
[2369.022s][info][gc             ] GC(405) Pause Cleanup 2024M->2024M(4096M) 0.137ms
[2369.022s][info][gc,cpu         ] GC(405) User=0.00s Sys=0.00s Real=0.00s
[2369.023s][info][gc,marking     ] GC(405) Concurrent Clear Claimed Marks
[2369.023s][info][gc,marking     ] GC(405) Concurrent Clear Claimed Marks 0.036ms
[2369.023s][info][gc,marking     ] GC(405) Concurrent Cleanup for Next Mark
[2369.027s][info][gc,marking     ] GC(405) Concurrent Cleanup for Next Mark 3.962ms
[2369.027s][info][gc             ] GC(405) Concurrent Mark Cycle 1180.245ms
...[2372.655s][info][gc,start       ] GC(406) Pause Young (Prepare Mixed) (G1 Evacuation Pause)
[2372.656s][info][gc,task        ] GC(406) Using 6 workers of 6 for evacuation
[2372.772s][info][gc,phases      ] GC(406)   Pre Evacuate Collection Set: 0.38ms
[2372.772s][info][gc,phases      ] GC(406)   Merge Heap Roots: 0.58ms
[2372.772s][info][gc,phases      ] GC(406)   Evacuate Collection Set: 114.27ms
[2372.772s][info][gc,phases      ] GC(406)   Post Evacuate Collection Set: 0.99ms
[2372.772s][info][gc,phases      ] GC(406)   Other: 0.10ms
[2372.772s][info][gc,heap        ] GC(406) Eden regions: 1118->0(1114)
[2372.772s][info][gc,heap        ] GC(406) Survivor regions: 110->108(154)
[2372.772s][info][gc,heap        ] GC(406) Old regions: 503->535
[2372.772s][info][gc,heap        ] GC(406) Humongous regions: 80->80
[2372.772s][info][gc,metaspace   ] GC(406) Metaspace: 28937K(29248K)->28937K(29248K) NonClass: 24054K(24192K)->24054K(24192K) Class: 4883K(5056K)->4883K(5056K)
[2372.772s][info][gc             ] GC(406) Pause Young (Prepare Mixed) (G1 Evacuation Pause) 3620M->1444M(4096M) 116.466ms
[2372.772s][info][gc,cpu         ] GC(406) User=0.69s Sys=0.00s Real=0.12s
.....[2377.775s][info][gc,start       ] GC(407) Pause Young (Mixed) (G1 Evacuation Pause)
[2377.775s][info][gc,task        ] GC(407) Using 6 workers of 6 for evacuation
[2377.908s][info][gc,phases      ] GC(407)   Pre Evacuate Collection Set: 0.39ms
[2377.908s][info][gc,phases      ] GC(407)   Merge Heap Roots: 0.71ms
[2377.908s][info][gc,phases      ] GC(407)   Evacuate Collection Set: 130.11ms
[2377.908s][info][gc,phases      ] GC(407)   Post Evacuate Collection Set: 0.98ms
[2377.908s][info][gc,phases      ] GC(407)   Other: 0.09ms
[2377.908s][info][gc,heap        ] GC(407) Eden regions: 1114->0(1121)
[2377.908s][info][gc,heap        ] GC(407) Survivor regions: 108->107(153)
[2377.908s][info][gc,heap        ] GC(407) Old regions: 535->473
[2377.908s][info][gc,heap        ] GC(407) Humongous regions: 80->80
[2377.908s][info][gc,metaspace   ] GC(407) Metaspace: 28937K(29248K)->28937K(29248K) NonClass: 24054K(24192K)->24054K(24192K) Class: 4883K(5056K)->4883K(5056K)
[2377.908s][info][gc             ] GC(407) Pause Young (Mixed) (G1 Evacuation Pause) 3672M->1318M(4096M) 132.424ms
[2377.908s][info][gc,cpu         ] GC(407) User=0.78s Sys=0.00s Real=0.13s
.....[2382.838s][info][gc,start       ] GC(408) Pause Young (Concurrent Start) (G1 Evacuation Pause)
[2382.838s][info][gc,task        ] GC(408) Using 6 workers of 6 for evacuation
[2382.959s][info][gc,phases      ] GC(408)   Pre Evacuate Collection Set: 0.39ms
[2382.959s][info][gc,phases      ] GC(408)   Merge Heap Roots: 0.45ms
[2382.959s][info][gc,phases      ] GC(408)   Evacuate Collection Set: 119.30ms
[2382.959s][info][gc,phases      ] GC(408)   Post Evacuate Collection Set: 0.89ms
[2382.959s][info][gc,phases      ] GC(408)   Other: 0.10ms
[2382.959s][info][gc,heap        ] GC(408) Eden regions: 1121->0(1115)
[2382.959s][info][gc,heap        ] GC(408) Survivor regions: 107->113(154)
[2382.959s][info][gc,heap        ] GC(408) Old regions: 473->503
[2382.959s][info][gc,heap        ] GC(408) Humongous regions: 80->80
[2382.959s][info][gc,metaspace   ] GC(408) Metaspace: 28937K(29248K)->28937K(29248K) NonClass: 24054K(24192K)->24054K(24192K) Class: 4883K(5056K)->4883K(5056K)
[2382.959s][info][gc             ] GC(408) Pause Young (Concurrent Start) (G1 Evacuation Pause) 3560M->1391M(4096M) 121.279ms
[2382.959s][info][gc             ] GC(409) Concurrent Mark Cycle
[2382.959s][info][gc,marking     ] GC(409) Concurrent Scan Root Regions
[2382.959s][info][gc,cpu         ] GC(408) User=0.71s Sys=0.00s Real=0.13s
.[2383.124s][info][gc,marking     ] GC(409) Concurrent Scan Root Regions 164.461ms
[2383.124s][info][gc,marking     ] GC(409) Concurrent Mark
[2383.124s][info][gc,marking     ] GC(409) Concurrent Mark From Roots
[2383.124s][info][gc,task        ] GC(409) Using 2 workers of 2 for marking
[2383.735s][info][gc,marking     ] GC(409) Concurrent Mark From Roots 611.304ms
[2383.735s][info][gc,marking     ] GC(409) Concurrent Preclean
[2383.735s][info][gc,marking     ] GC(409) Concurrent Preclean 0.045ms
[2383.735s][info][gc,start       ] GC(409) Pause Remark
[2383.739s][info][gc             ] GC(409) Pause Remark 1828M->1828M(4096M) 3.623ms
[2383.739s][info][gc,cpu         ] GC(409) User=0.02s Sys=0.00s Real=0.01s
[2383.739s][info][gc,marking     ] GC(409) Concurrent Mark 615.237ms
[2383.739s][info][gc,marking     ] GC(409) Concurrent Rebuild Remembered Sets and Scrub Regions
[2383.954s][info][gc,marking     ] GC(409) Concurrent Rebuild Remembered Sets and Scrub Regions 215.157ms
[2383.954s][info][gc,start       ] GC(409) Pause Cleanup
[2383.954s][info][gc             ] GC(409) Pause Cleanup 1885M->1885M(4096M) 0.129ms
[2383.954s][info][gc,cpu         ] GC(409) User=0.00s Sys=0.00s Real=0.00s
[2383.954s][info][gc,marking     ] GC(409) Concurrent Clear Claimed Marks
[2383.954s][info][gc,marking     ] GC(409) Concurrent Clear Claimed Marks 0.026ms
[2383.954s][info][gc,marking     ] GC(409) Concurrent Cleanup for Next Mark
[2383.958s][info][gc,marking     ] GC(409) Concurrent Cleanup for Next Mark 3.170ms
[2383.958s][info][gc             ] GC(409) Concurrent Mark Cycle 998.527ms
....[2387.900s][info][gc,start       ] GC(410) Pause Young (Prepare Mixed) (G1 Evacuation Pause)
[2387.900s][info][gc,task        ] GC(410) Using 6 workers of 6 for evacuation
[2388.017s][info][gc,phases      ] GC(410)   Pre Evacuate Collection Set: 0.36ms
[2388.017s][info][gc,phases      ] GC(410)   Merge Heap Roots: 0.50ms
[2388.017s][info][gc,phases      ] GC(410)   Evacuate Collection Set: 115.66ms
[2388.017s][info][gc,phases      ] GC(410)   Post Evacuate Collection Set: 0.94ms
[2388.017s][info][gc,phases      ] GC(410)   Other: 0.09ms
[2388.017s][info][gc,heap        ] GC(410) Eden regions: 1115->0(1112)
[2388.017s][info][gc,heap        ] GC(410) Survivor regions: 113->109(154)
[2388.017s][info][gc,heap        ] GC(410) Old regions: 503->535
[2388.017s][info][gc,heap        ] GC(410) Humongous regions: 80->80
[2388.017s][info][gc,metaspace   ] GC(410) Metaspace: 28937K(29248K)->28937K(29248K) NonClass: 24054K(24192K)->24054K(24192K) Class: 4883K(5056K)->4883K(5056K)
[2388.017s][info][gc             ] GC(410) Pause Young (Prepare Mixed) (G1 Evacuation Pause) 3621M->1446M(4096M) 117.706ms
[2388.017s][info][gc,cpu         ] GC(410) User=0.69s Sys=0.00s Real=0.11s
.....[2392.882s][info][gc,start       ] GC(411) Pause Young (Mixed) (G1 Evacuation Pause)
[2392.882s][info][gc,task        ] GC(411) Using 6 workers of 6 for evacuation
[2393.012s][info][gc,phases      ] GC(411)   Pre Evacuate Collection Set: 0.43ms
[2393.012s][info][gc,phases      ] GC(411)   Merge Heap Roots: 0.65ms
[2393.012s][info][gc,phases      ] GC(411)   Evacuate Collection Set: 128.47ms
[2393.012s][info][gc,phases      ] GC(411)   Post Evacuate Collection Set: 0.99ms
[2393.012s][info][gc,phases      ] GC(411)   Other: 0.10ms
[2393.012s][info][gc,heap        ] GC(411) Eden regions: 1112->0(1120)
[2393.012s][info][gc,heap        ] GC(411) Survivor regions: 109->108(153)
[2393.012s][info][gc,heap        ] GC(411) Old regions: 535->471
[2393.012s][info][gc,heap        ] GC(411) Humongous regions: 80->80
[2393.013s][info][gc,metaspace   ] GC(411) Metaspace: 28937K(29248K)->28937K(29248K) NonClass: 24054K(24192K)->24054K(24192K) Class: 4883K(5056K)->4883K(5056K)
[2393.013s][info][gc             ] GC(411) Pause Young (Mixed) (G1 Evacuation Pause) 3670M->1317M(4096M) 130.779ms
[2393.013s][info][gc,cpu         ] GC(411) User=0.77s Sys=0.00s Real=0.13s
.....[2398.001s][info][gc,start       ] GC(412) Pause Young (Concurrent Start) (G1 Evacuation Pause)
[2398.001s][info][gc,task        ] GC(412) Using 6 workers of 6 for evacuation
[2398.120s][info][gc,phases      ] GC(412)   Pre Evacuate Collection Set: 0.40ms
[2398.120s][info][gc,phases      ] GC(412)   Merge Heap Roots: 0.46ms
[2398.120s][info][gc,phases      ] GC(412)   Evacuate Collection Set: 116.65ms
[2398.120s][info][gc,phases      ] GC(412)   Post Evacuate Collection Set: 0.93ms
[2398.120s][info][gc,phases      ] GC(412)   Other: 0.12ms
[2398.120s][info][gc,heap        ] GC(412) Eden regions: 1120->0(1117)
[2398.120s][info][gc,heap        ] GC(412) Survivor regions: 108->111(154)
[2398.120s][info][gc,heap        ] GC(412) Old regions: 471->503
[2398.120s][info][gc,heap        ] GC(412) Humongous regions: 80->80
[2398.120s][info][gc,metaspace   ] GC(412) Metaspace: 28937K(29248K)->28937K(29248K) NonClass: 24054K(24192K)->24054K(24192K) Class: 4883K(5056K)->4883K(5056K)
[2398.120s][info][gc             ] GC(412) Pause Young (Concurrent Start) (G1 Evacuation Pause) 3557M->1385M(4096M) 118.678ms
[2398.120s][info][gc             ] GC(413) Concurrent Mark Cycle
[2398.120s][info][gc,marking     ] GC(413) Concurrent Scan Root Regions
[2398.120s][info][gc,cpu         ] GC(412) User=0.70s Sys=0.00s Real=0.12s
.[2398.268s][info][gc,marking     ] GC(413) Concurrent Scan Root Regions 148.112ms
[2398.268s][info][gc,marking     ] GC(413) Concurrent Mark
[2398.268s][info][gc,marking     ] GC(413) Concurrent Mark From Roots
[2398.268s][info][gc,task        ] GC(413) Using 2 workers of 2 for marking
[2398.944s][info][gc,marking     ] GC(413) Concurrent Mark From Roots 675.553ms
[2398.944s][info][gc,marking     ] GC(413) Concurrent Preclean
[2398.944s][info][gc,marking     ] GC(413) Concurrent Preclean 0.052ms
[2398.944s][info][gc,start       ] GC(413) Pause Remark
[2398.947s][info][gc             ] GC(413) Pause Remark 1799M->1799M(4096M) 3.585ms
[2398.948s][info][gc,cpu         ] GC(413) User=0.01s Sys=0.00s Real=0.00s
[2398.948s][info][gc,marking     ] GC(413) Concurrent Mark 679.452ms
[2398.948s][info][gc,marking     ] GC(413) Concurrent Rebuild Remembered Sets and Scrub Regions
.[2399.201s][info][gc,marking     ] GC(413) Concurrent Rebuild Remembered Sets and Scrub Regions 253.598ms
[2399.201s][info][gc,start       ] GC(413) Pause Cleanup
[2399.201s][info][gc             ] GC(413) Pause Cleanup 1914M->1914M(4096M) 0.116ms
[2399.201s][info][gc,cpu         ] GC(413) User=0.00s Sys=0.00s Real=0.00s
[2399.202s][info][gc,marking     ] GC(413) Concurrent Clear Claimed Marks
[2399.202s][info][gc,marking     ] GC(413) Concurrent Clear Claimed Marks 0.031ms
[2399.202s][info][gc,marking     ] GC(413) Concurrent Cleanup for Next Mark
[2399.205s][info][gc,marking     ] GC(413) Concurrent Cleanup for Next Mark 3.201ms
[2399.205s][info][gc             ] GC(413) Concurrent Mark Cycle 1084.876ms
....[2403.129s][info][gc,start       ] GC(414) Pause Young (Prepare Mixed) (G1 Evacuation Pause)
[2403.129s][info][gc,task        ] GC(414) Using 6 workers of 6 for evacuation
[2403.249s][info][gc,phases      ] GC(414)   Pre Evacuate Collection Set: 0.35ms
[2403.249s][info][gc,phases      ] GC(414)   Merge Heap Roots: 0.50ms
[2403.249s][info][gc,phases      ] GC(414)   Evacuate Collection Set: 118.10ms
[2403.249s][info][gc,phases      ] GC(414)   Post Evacuate Collection Set: 0.97ms
[2403.249s][info][gc,phases      ] GC(414)   Other: 0.09ms
[2403.249s][info][gc,heap        ] GC(414) Eden regions: 1117->0(1104)
[2403.249s][info][gc,heap        ] GC(414) Survivor regions: 111->113(154)
[2403.249s][info][gc,heap        ] GC(414) Old regions: 503->535
[2403.249s][info][gc,heap        ] GC(414) Humongous regions: 80->80
[2403.249s][info][gc,metaspace   ] GC(414) Metaspace: 28937K(29248K)->28937K(29248K) NonClass: 24054K(24192K)->24054K(24192K) Class: 4883K(5056K)->4883K(5056K)
[2403.249s][info][gc             ] GC(414) Pause Young (Prepare Mixed) (G1 Evacuation Pause) 3619M->1453M(4096M) 120.141ms
[2403.249s][info][gc,cpu         ] GC(414) User=0.71s Sys=0.00s Real=0.12s
... (rIR:aIR:PR = 3736:3735:3735) (tPR = 55425) [OK] 
  2405s: Performance info:
         Transaction,    Success,    Partial,     Failed,   Receipts, AvgBarcode, 
             Overall,     224841,          0,          0,     213601,      59.47, 
         Response times:
             Request,    Success,    Partial,     Failed,   SkipFail,     Probes,    Samples,      min,      p50,      p90,      p95,      p99,      max, 
       TotalPurchase,     213601,          0,          0,          0,     208481,     225070,      300,     3100,     5400,     7800,    58000,   207000,
     InStorePurchase,     112424,          0,          0,          0,     109887,     118557,      300,     3100,     5400,     7900,    58000,   177000,
      OnlinePurchase,      78698,          0,          0,          0,      76822,      82683,      300,     3000,     5400,     7700,    58000,   177000,
        InstPurchase,      22479,          0,          0,          0,      21772,      23830,      400,     3300,     5600,     7945,    60000,   207000,
          AssocOfCat,        225,          0,          0,          0,        172,        242,    19500,    31000,    46700,    68950,   152840,   177000,
      AssocOfProduct,       2256,          0,          0,          0,       2052,       2352,      500,     3500,     5300,     8535,    65000,   153000,
      BusinessReport,        562,          0,          0,          0,        452,        546,    23000,    33000,    48000,    63000,   170530,   184000,
          CustBuyBeh,       2246,          0,          0,          0,       2050,       2388,      200,     2400,     4700,     6300,    42000,   133000,
       ProductReturn,       5951,          0,          0,          0,       5636,       6249,      200,     4000,     6300,     9000,    67000,   166000,

  2405s: (28%)   IR =   3874 .[2408.014s][info][gc,start       ] GC(415) Pause Young (Mixed) (G1 Evacuation Pause)
[2408.014s][info][gc,task        ] GC(415) Using 6 workers of 6 for evacuation
[2408.146s][info][gc,phases      ] GC(415)   Pre Evacuate Collection Set: 0.40ms
[2408.146s][info][gc,phases      ] GC(415)   Merge Heap Roots: 0.61ms
[2408.146s][info][gc,phases      ] GC(415)   Evacuate Collection Set: 129.77ms
[2408.146s][info][gc,phases      ] GC(415)   Post Evacuate Collection Set: 1.04ms
[2408.146s][info][gc,phases      ] GC(415)   Other: 0.08ms
[2408.146s][info][gc,heap        ] GC(415) Eden regions: 1104->0(1119)
[2408.146s][info][gc,heap        ] GC(415) Survivor regions: 113->109(153)
[2408.146s][info][gc,heap        ] GC(415) Old regions: 535->472
[2408.146s][info][gc,heap        ] GC(415) Humongous regions: 80->80
[2408.146s][info][gc,metaspace   ] GC(415) Metaspace: 28941K(29248K)->28941K(29248K) NonClass: 24058K(24192K)->24058K(24192K) Class: 4883K(5056K)->4883K(5056K)
[2408.146s][info][gc             ] GC(415) Pause Young (Mixed) (G1 Evacuation Pause) 3661M->1321M(4096M) 132.069ms
[2408.146s][info][gc,cpu         ] GC(415) User=0.78s Sys=0.00s Real=0.13s
....|.[2412.911s][info][gc,start       ] GC(416) Pause Young (Concurrent Start) (G1 Evacuation Pause)
[2412.911s][info][gc,task        ] GC(416) Using 6 workers of 6 for evacuation
[2413.031s][info][gc,phases      ] GC(416)   Pre Evacuate Collection Set: 0.41ms
[2413.031s][info][gc,phases      ] GC(416)   Merge Heap Roots: 0.46ms
[2413.031s][info][gc,phases      ] GC(416)   Evacuate Collection Set: 118.33ms
[2413.031s][info][gc,phases      ] GC(416)   Post Evacuate Collection Set: 0.97ms
[2413.031s][info][gc,phases      ] GC(416)   Other: 0.11ms
[2413.031s][info][gc,heap        ] GC(416) Eden regions: 1119->0(1117)
[2413.031s][info][gc,heap        ] GC(416) Survivor regions: 109->111(154)
[2413.031s][info][gc,heap        ] GC(416) Old regions: 472->505
[2413.031s][info][gc,heap        ] GC(416) Humongous regions: 80->80
[2413.031s][info][gc,metaspace   ] GC(416) Metaspace: 28941K(29248K)->28941K(29248K) NonClass: 24058K(24192K)->24058K(24192K) Class: 4883K(5056K)->4883K(5056K)
[2413.031s][info][gc             ] GC(416) Pause Young (Concurrent Start) (G1 Evacuation Pause) 3559M->1390M(4096M) 120.422ms
[2413.031s][info][gc             ] GC(417) Concurrent Mark Cycle
[2413.031s][info][gc,marking     ] GC(417) Concurrent Scan Root Regions
[2413.031s][info][gc,cpu         ] GC(416) User=0.71s Sys=0.00s Real=0.12s
.[2413.189s][info][gc,marking     ] GC(417) Concurrent Scan Root Regions 157.717ms
[2413.189s][info][gc,marking     ] GC(417) Concurrent Mark
[2413.189s][info][gc,marking     ] GC(417) Concurrent Mark From Roots
[2413.189s][info][gc,task        ] GC(417) Using 2 workers of 2 for marking
[2413.922s][info][gc,marking     ] GC(417) Concurrent Mark From Roots 733.411ms
[2413.923s][info][gc,marking     ] GC(417) Concurrent Preclean
[2413.923s][info][gc,marking     ] GC(417) Concurrent Preclean 0.089ms
[2413.923s][info][gc,start       ] GC(417) Pause Remark
[2413.927s][info][gc             ] GC(417) Pause Remark 1881M->1881M(4096M) 3.771ms
[2413.927s][info][gc,cpu         ] GC(417) User=0.02s Sys=0.00s Real=0.00s
[2413.927s][info][gc,marking     ] GC(417) Concurrent Mark 737.572ms
[2413.927s][info][gc,marking     ] GC(417) Concurrent Rebuild Remembered Sets and Scrub Regions
[2414.156s][info][gc,marking     ] GC(417) Concurrent Rebuild Remembered Sets and Scrub Regions 229.492ms
[2414.156s][info][gc,start       ] GC(417) Pause Cleanup
[2414.156s][info][gc             ] GC(417) Pause Cleanup 1982M->1982M(4096M) 0.114ms
[2414.156s][info][gc,cpu         ] GC(417) User=0.00s Sys=0.00s Real=0.00s
[2414.156s][info][gc,marking     ] GC(417) Concurrent Clear Claimed Marks
[2414.157s][info][gc,marking     ] GC(417) Concurrent Clear Claimed Marks 0.029ms
[2414.157s][info][gc,marking     ] GC(417) Concurrent Cleanup for Next Mark
[2414.161s][info][gc,marking     ] GC(417) Concurrent Cleanup for Next Mark 4.977ms
[2414.162s][info][gc             ] GC(417) Concurrent Mark Cycle 1130.242ms
....[2417.756s][info][gc,start       ] GC(418) Pause Young (Prepare Mixed) (G1 Evacuation Pause)
[2417.756s][info][gc,task        ] GC(418) Using 6 workers of 6 for evacuation
[2417.872s][info][gc,phases      ] GC(418)   Pre Evacuate Collection Set: 0.37ms
[2417.872s][info][gc,phases      ] GC(418)   Merge Heap Roots: 0.53ms
[2417.872s][info][gc,phases      ] GC(418)   Evacuate Collection Set: 113.78ms
[2417.872s][info][gc,phases      ] GC(418)   Post Evacuate Collection Set: 0.96ms
[2417.872s][info][gc,phases      ] GC(418)   Other: 0.08ms
[2417.872s][info][gc,heap        ] GC(418) Eden regions: 1117->0(1112)
[2417.872s][info][gc,heap        ] GC(418) Survivor regions: 111->108(154)
[2417.872s][info][gc,heap        ] GC(418) Old regions: 505->537
[2417.872s][info][gc,heap        ] GC(418) Humongous regions: 80->80
[2417.872s][info][gc,metaspace   ] GC(418) Metaspace: 28942K(29248K)->28942K(29248K) NonClass: 24059K(24192K)->24059K(24192K) Class: 4883K(5056K)->4883K(5056K)
[2417.872s][info][gc             ] GC(418) Pause Young (Prepare Mixed) (G1 Evacuation Pause) 3624M->1447M(4096M) 115.873ms
[2417.872s][info][gc,cpu         ] GC(418) User=0.68s Sys=0.00s Real=0.12s
.....[2422.697s][info][gc,start       ] GC(419) Pause Young (Mixed) (G1 Evacuation Pause)
[2422.697s][info][gc,task        ] GC(419) Using 6 workers of 6 for evacuation
[2422.829s][info][gc,phases      ] GC(419)   Pre Evacuate Collection Set: 0.41ms
[2422.829s][info][gc,phases      ] GC(419)   Merge Heap Roots: 0.68ms
[2422.829s][info][gc,phases      ] GC(419)   Evacuate Collection Set: 130.07ms
[2422.829s][info][gc,phases      ] GC(419)   Post Evacuate Collection Set: 0.98ms
[2422.829s][info][gc,phases      ] GC(419)   Other: 0.10ms
[2422.829s][info][gc,heap        ] GC(419) Eden regions: 1112->0(1119)
[2422.829s][info][gc,heap        ] GC(419) Survivor regions: 108->109(153)
[2422.829s][info][gc,heap        ] GC(419) Old regions: 537->473
[2422.829s][info][gc,heap        ] GC(419) Humongous regions: 80->80
[2422.829s][info][gc,metaspace   ] GC(419) Metaspace: 28942K(29248K)->28942K(29248K) NonClass: 24059K(24192K)->24059K(24192K) Class: 4883K(5056K)->4883K(5056K)
[2422.829s][info][gc             ] GC(419) Pause Young (Mixed) (G1 Evacuation Pause) 3671M->1322M(4096M) 132.371ms
[2422.830s][info][gc,cpu         ] GC(419) User=0.78s Sys=0.00s Real=0.14s
.....[2427.516s][info][gc,start       ] GC(420) Pause Young (Concurrent Start) (G1 Evacuation Pause)
[2427.516s][info][gc,task        ] GC(420) Using 6 workers of 6 for evacuation
[2427.632s][info][gc,phases      ] GC(420)   Pre Evacuate Collection Set: 0.44ms
[2427.632s][info][gc,phases      ] GC(420)   Merge Heap Roots: 0.45ms
[2427.632s][info][gc,phases      ] GC(420)   Evacuate Collection Set: 114.05ms
[2427.632s][info][gc,phases      ] GC(420)   Post Evacuate Collection Set: 0.93ms
[2427.632s][info][gc,phases      ] GC(420)   Other: 0.12ms
[2427.632s][info][gc,heap        ] GC(420) Eden regions: 1119->0(1120)
[2427.632s][info][gc,heap        ] GC(420) Survivor regions: 109->108(154)
[2427.632s][info][gc,heap        ] GC(420) Old regions: 473->505
[2427.632s][info][gc,heap        ] GC(420) Humongous regions: 80->80
[2427.632s][info][gc,metaspace   ] GC(420) Metaspace: 28942K(29248K)->28942K(29248K) NonClass: 24059K(24192K)->24059K(24192K) Class: 4883K(5056K)->4883K(5056K)
[2427.632s][info][gc             ] GC(420) Pause Young (Concurrent Start) (G1 Evacuation Pause) 3560M->1384M(4096M) 116.126ms
[2427.632s][info][gc             ] GC(421) Concurrent Mark Cycle
[2427.632s][info][gc,marking     ] GC(421) Concurrent Scan Root Regions
[2427.632s][info][gc,cpu         ] GC(420) User=0.69s Sys=0.00s Real=0.12s
[2427.767s][info][gc,marking     ] GC(421) Concurrent Scan Root Regions 135.011ms
[2427.767s][info][gc,marking     ] GC(421) Concurrent Mark
[2427.767s][info][gc,marking     ] GC(421) Concurrent Mark From Roots
[2427.767s][info][gc,task        ] GC(421) Using 2 workers of 2 for marking
.[2428.378s][info][gc,marking     ] GC(421) Concurrent Mark From Roots 610.345ms
[2428.378s][info][gc,marking     ] GC(421) Concurrent Preclean
[2428.378s][info][gc,marking     ] GC(421) Concurrent Preclean 0.049ms
[2428.378s][info][gc,start       ] GC(421) Pause Remark
[2428.381s][info][gc             ] GC(421) Pause Remark 1793M->1793M(4096M) 3.445ms
[2428.382s][info][gc,cpu         ] GC(421) User=0.02s Sys=0.00s Real=0.00s
[2428.382s][info][gc,marking     ] GC(421) Concurrent Mark 614.125ms
[2428.382s][info][gc,marking     ] GC(421) Concurrent Rebuild Remembered Sets and Scrub Regions
[2428.739s][info][gc,marking     ] GC(421) Concurrent Rebuild Remembered Sets and Scrub Regions 356.920ms
[2428.739s][info][gc,start       ] GC(421) Pause Cleanup
[2428.739s][info][gc             ] GC(421) Pause Cleanup 1950M->1950M(4096M) 0.130ms
[2428.739s][info][gc,cpu         ] GC(421) User=0.00s Sys=0.00s Real=0.00s
[2428.739s][info][gc,marking     ] GC(421) Concurrent Clear Claimed Marks
[2428.739s][info][gc,marking     ] GC(421) Concurrent Clear Claimed Marks 0.032ms
[2428.739s][info][gc,marking     ] GC(421) Concurrent Cleanup for Next Mark
[2428.743s][info][gc,marking     ] GC(421) Concurrent Cleanup for Next Mark 3.881ms
[2428.743s][info][gc             ] GC(421) Concurrent Mark Cycle 1110.494ms
....[2432.408s][info][gc,start       ] GC(422) Pause Young (Prepare Mixed) (G1 Evacuation Pause)
[2432.408s][info][gc,task        ] GC(422) Using 6 workers of 6 for evacuation
[2432.524s][info][gc,phases      ] GC(422)   Pre Evacuate Collection Set: 0.35ms
[2432.524s][info][gc,phases      ] GC(422)   Merge Heap Roots: 0.52ms
[2432.524s][info][gc,phases      ] GC(422)   Evacuate Collection Set: 113.73ms
[2432.524s][info][gc,phases      ] GC(422)   Post Evacuate Collection Set: 0.96ms
[2432.524s][info][gc,phases      ] GC(422)   Other: 0.09ms
[2432.524s][info][gc,heap        ] GC(422) Eden regions: 1120->0(1112)
[2432.524s][info][gc,heap        ] GC(422) Survivor regions: 108->108(154)
[2432.524s][info][gc,heap        ] GC(422) Old regions: 505->537
[2432.524s][info][gc,heap        ] GC(422) Humongous regions: 80->80
[2432.524s][info][gc,metaspace   ] GC(422) Metaspace: 28942K(29248K)->28942K(29248K) NonClass: 24059K(24192K)->24059K(24192K) Class: 4883K(5056K)->4883K(5056K)
[2432.524s][info][gc             ] GC(422) Pause Young (Prepare Mixed) (G1 Evacuation Pause) 3624M->1448M(4096M) 115.798ms
[2432.524s][info][gc,cpu         ] GC(422) User=0.69s Sys=0.00s Real=0.12s
.....[2437.288s][info][gc,start       ] GC(423) Pause Young (Mixed) (G1 Evacuation Pause)
[2437.288s][info][gc,task        ] GC(423) Using 6 workers of 6 for evacuation
[2437.421s][info][gc,phases      ] GC(423)   Pre Evacuate Collection Set: 0.39ms
[2437.421s][info][gc,phases      ] GC(423)   Merge Heap Roots: 0.73ms
[2437.421s][info][gc,phases      ] GC(423)   Evacuate Collection Set: 130.97ms
[2437.421s][info][gc,phases      ] GC(423)   Post Evacuate Collection Set: 0.99ms
[2437.421s][info][gc,phases      ] GC(423)   Other: 0.09ms
[2437.421s][info][gc,heap        ] GC(423) Eden regions: 1112->0(1120)
[2437.421s][info][gc,heap        ] GC(423) Survivor regions: 108->108(153)
[2437.421s][info][gc,heap        ] GC(423) Old regions: 537->473
[2437.421s][info][gc,heap        ] GC(423) Humongous regions: 80->80
[2437.421s][info][gc,metaspace   ] GC(423) Metaspace: 28942K(29248K)->28942K(29248K) NonClass: 24059K(24192K)->24059K(24192K) Class: 4883K(5056K)->4883K(5056K)
[2437.421s][info][gc             ] GC(423) Pause Young (Mixed) (G1 Evacuation Pause) 3672M->1319M(4096M) 133.311ms
[2437.421s][info][gc,cpu         ] GC(423) User=0.79s Sys=0.00s Real=0.14s
.....[2442.204s][info][gc,start       ] GC(424) Pause Young (Concurrent Start) (G1 Evacuation Pause)
[2442.204s][info][gc,task        ] GC(424) Using 6 workers of 6 for evacuation
[2442.321s][info][gc,phases      ] GC(424)   Pre Evacuate Collection Set: 0.44ms
[2442.321s][info][gc,phases      ] GC(424)   Merge Heap Roots: 0.61ms
[2442.321s][info][gc,phases      ] GC(424)   Evacuate Collection Set: 114.15ms
[2442.321s][info][gc,phases      ] GC(424)   Post Evacuate Collection Set: 0.96ms
[2442.321s][info][gc,phases      ] GC(424)   Other: 0.12ms
[2442.321s][info][gc,heap        ] GC(424) Eden regions: 1120->0(1118)
[2442.321s][info][gc,heap        ] GC(424) Survivor regions: 108->110(154)
[2442.321s][info][gc,heap        ] GC(424) Old regions: 473->504
[2442.321s][info][gc,heap        ] GC(424) Humongous regions: 80->80
[2442.321s][info][gc,metaspace   ] GC(424) Metaspace: 28942K(29248K)->28942K(29248K) NonClass: 24059K(24192K)->24059K(24192K) Class: 4883K(5056K)->4883K(5056K)
[2442.321s][info][gc             ] GC(424) Pause Young (Concurrent Start) (G1 Evacuation Pause) 3559M->1386M(4096M) 116.412ms
[2442.321s][info][gc             ] GC(425) Concurrent Mark Cycle
[2442.321s][info][gc,marking     ] GC(425) Concurrent Scan Root Regions
[2442.321s][info][gc,cpu         ] GC(424) User=0.68s Sys=0.00s Real=0.12s
[2442.505s][info][gc,marking     ] GC(425) Concurrent Scan Root Regions 184.545ms
[2442.505s][info][gc,marking     ] GC(425) Concurrent Mark
[2442.505s][info][gc,marking     ] GC(425) Concurrent Mark From Roots
[2442.505s][info][gc,task        ] GC(425) Using 2 workers of 2 for marking
.[2443.449s][info][gc,marking     ] GC(425) Concurrent Mark From Roots 943.564ms
[2443.449s][info][gc,marking     ] GC(425) Concurrent Preclean
[2443.449s][info][gc,marking     ] GC(425) Concurrent Preclean 0.049ms
[2443.449s][info][gc,start       ] GC(425) Pause Remark
[2443.453s][info][gc             ] GC(425) Pause Remark 1952M->1952M(4096M) 4.238ms
[2443.453s][info][gc,cpu         ] GC(425) User=0.02s Sys=0.00s Real=0.00s
[2443.453s][info][gc,marking     ] GC(425) Concurrent Mark 948.107ms
[2443.453s][info][gc,marking     ] GC(425) Concurrent Rebuild Remembered Sets and Scrub Regions
[2443.689s][info][gc,marking     ] GC(425) Concurrent Rebuild Remembered Sets and Scrub Regions 235.159ms
[2443.689s][info][gc,start       ] GC(425) Pause Cleanup
[2443.689s][info][gc             ] GC(425) Pause Cleanup 2072M->2072M(4096M) 0.120ms
[2443.689s][info][gc,cpu         ] GC(425) User=0.00s Sys=0.00s Real=0.00s
[2443.689s][info][gc,marking     ] GC(425) Concurrent Clear Claimed Marks
[2443.689s][info][gc,marking     ] GC(425) Concurrent Clear Claimed Marks 0.031ms
[2443.689s][info][gc,marking     ] GC(425) Concurrent Cleanup for Next Mark
[2443.693s][info][gc,marking     ] GC(425) Concurrent Cleanup for Next Mark 4.368ms
[2443.693s][info][gc             ] GC(425) Concurrent Mark Cycle 1372.736ms
...[2446.946s][info][gc,start       ] GC(426) Pause Young (Prepare Mixed) (G1 Evacuation Pause)
[2446.947s][info][gc,task        ] GC(426) Using 6 workers of 6 for evacuation
[2447.063s][info][gc,phases      ] GC(426)   Pre Evacuate Collection Set: 0.40ms
[2447.063s][info][gc,phases      ] GC(426)   Merge Heap Roots: 0.53ms
[2447.063s][info][gc,phases      ] GC(426)   Evacuate Collection Set: 114.13ms
[2447.063s][info][gc,phases      ] GC(426)   Post Evacuate Collection Set: 0.96ms
[2447.063s][info][gc,phases      ] GC(426)   Other: 0.09ms
[2447.063s][info][gc,heap        ] GC(426) Eden regions: 1118->0(1112)
[2447.063s][info][gc,heap        ] GC(426) Survivor regions: 110->108(154)
[2447.063s][info][gc,heap        ] GC(426) Old regions: 504->537
[2447.063s][info][gc,heap        ] GC(426) Humongous regions: 80->80
[2447.063s][info][gc,metaspace   ] GC(426) Metaspace: 28942K(29248K)->28942K(29248K) NonClass: 24059K(24192K)->24059K(24192K) Class: 4883K(5056K)->4883K(5056K)
[2447.063s][info][gc             ] GC(426) Pause Young (Prepare Mixed) (G1 Evacuation Pause) 3622M->1448M(4096M) 116.234ms
[2447.063s][info][gc,cpu         ] GC(426) User=0.68s Sys=0.00s Real=0.12s
.....[2451.921s][info][gc,start       ] GC(427) Pause Young (Mixed) (G1 Evacuation Pause)
[2451.921s][info][gc,task        ] GC(427) Using 6 workers of 6 for evacuation
[2452.054s][info][gc,phases      ] GC(427)   Pre Evacuate Collection Set: 0.42ms
[2452.054s][info][gc,phases      ] GC(427)   Merge Heap Roots: 0.72ms
[2452.054s][info][gc,phases      ] GC(427)   Evacuate Collection Set: 130.98ms
[2452.054s][info][gc,phases      ] GC(427)   Post Evacuate Collection Set: 1.01ms
[2452.054s][info][gc,phases      ] GC(427)   Other: 0.09ms
[2452.054s][info][gc,heap        ] GC(427) Eden regions: 1112->0(1118)
[2452.054s][info][gc,heap        ] GC(427) Survivor regions: 108->110(153)
[2452.054s][info][gc,heap        ] GC(427) Old regions: 537->473
[2452.054s][info][gc,heap        ] GC(427) Humongous regions: 80->80
[2452.054s][info][gc,metaspace   ] GC(427) Metaspace: 28942K(29248K)->28942K(29248K) NonClass: 24059K(24192K)->24059K(24192K) Class: 4883K(5056K)->4883K(5056K)
[2452.054s][info][gc             ] GC(427) Pause Young (Mixed) (G1 Evacuation Pause) 3672M->1324M(4096M) 133.379ms
[2452.055s][info][gc,cpu         ] GC(427) User=0.79s Sys=0.00s Real=0.13s
.....[2456.779s][info][gc,start       ] GC(428) Pause Young (Concurrent Start) (G1 Evacuation Pause)
[2456.779s][info][gc,task        ] GC(428) Using 6 workers of 6 for evacuation
[2456.896s][info][gc,phases      ] GC(428)   Pre Evacuate Collection Set: 0.42ms
[2456.896s][info][gc,phases      ] GC(428)   Merge Heap Roots: 0.46ms
[2456.896s][info][gc,phases      ] GC(428)   Evacuate Collection Set: 114.95ms
[2456.896s][info][gc,phases      ] GC(428)   Post Evacuate Collection Set: 0.90ms
[2456.896s][info][gc,phases      ] GC(428)   Other: 0.11ms
[2456.896s][info][gc,heap        ] GC(428) Eden regions: 1118->0(1118)
[2456.896s][info][gc,heap        ] GC(428) Survivor regions: 110->110(154)
[2456.896s][info][gc,heap        ] GC(428) Old regions: 473->504
[2456.896s][info][gc,heap        ] GC(428) Humongous regions: 80->80
[2456.896s][info][gc,metaspace   ] GC(428) Metaspace: 28942K(29248K)->28942K(29248K) NonClass: 24059K(24192K)->24059K(24192K) Class: 4883K(5056K)->4883K(5056K)
[2456.896s][info][gc             ] GC(428) Pause Young (Concurrent Start) (G1 Evacuation Pause) 3560M->1386M(4096M) 116.951ms
[2456.896s][info][gc             ] GC(429) Concurrent Mark Cycle
[2456.896s][info][gc,marking     ] GC(429) Concurrent Scan Root Regions
[2456.896s][info][gc,cpu         ] GC(428) User=0.69s Sys=0.00s Real=0.11s
[2457.048s][info][gc,marking     ] GC(429) Concurrent Scan Root Regions 152.066ms
[2457.049s][info][gc,marking     ] GC(429) Concurrent Mark
[2457.049s][info][gc,marking     ] GC(429) Concurrent Mark From Roots
[2457.049s][info][gc,task        ] GC(429) Using 2 workers of 2 for marking
.[2457.591s][info][gc,marking     ] GC(429) Concurrent Mark From Roots 542.937ms
[2457.592s][info][gc,marking     ] GC(429) Concurrent Preclean
[2457.592s][info][gc,marking     ] GC(429) Concurrent Preclean 0.067ms
[2457.592s][info][gc,start       ] GC(429) Pause Remark
[2457.595s][info][gc             ] GC(429) Pause Remark 1760M->1760M(4096M) 3.003ms
[2457.595s][info][gc,cpu         ] GC(429) User=0.01s Sys=0.00s Real=0.00s
[2457.595s][info][gc,marking     ] GC(429) Concurrent Mark 546.762ms
[2457.595s][info][gc,marking     ] GC(429) Concurrent Rebuild Remembered Sets and Scrub Regions
[2457.838s][info][gc,marking     ] GC(429) Concurrent Rebuild Remembered Sets and Scrub Regions 242.321ms
[2457.838s][info][gc,start       ] GC(429) Pause Cleanup
[2457.838s][info][gc             ] GC(429) Pause Cleanup 1863M->1863M(4096M) 0.124ms
[2457.838s][info][gc,cpu         ] GC(429) User=0.00s Sys=0.00s Real=0.00s
[2457.838s][info][gc,marking     ] GC(429) Concurrent Clear Claimed Marks
[2457.838s][info][gc,marking     ] GC(429) Concurrent Clear Claimed Marks 0.031ms
[2457.838s][info][gc,marking     ] GC(429) Concurrent Cleanup for Next Mark
[2457.841s][info][gc,marking     ] GC(429) Concurrent Cleanup for Next Mark 3.431ms
[2457.841s][info][gc             ] GC(429) Concurrent Mark Cycle 945.107ms
....[2461.785s][info][gc,start       ] GC(430) Pause Young (Prepare Mixed) (G1 Evacuation Pause)
[2461.785s][info][gc,task        ] GC(430) Using 6 workers of 6 for evacuation
[2461.904s][info][gc,phases      ] GC(430)   Pre Evacuate Collection Set: 0.37ms
[2461.904s][info][gc,phases      ] GC(430)   Merge Heap Roots: 0.54ms
[2461.904s][info][gc,phases      ] GC(430)   Evacuate Collection Set: 117.20ms
[2461.904s][info][gc,phases      ] GC(430)   Post Evacuate Collection Set: 0.97ms
[2461.904s][info][gc,phases      ] GC(430)   Other: 0.09ms
[2461.904s][info][gc,heap        ] GC(430) Eden regions: 1118->0(1108)
[2461.904s][info][gc,heap        ] GC(430) Survivor regions: 110->110(154)
[2461.904s][info][gc,heap        ] GC(430) Old regions: 504->537
[2461.904s][info][gc,heap        ] GC(430) Humongous regions: 80->80
[2461.904s][info][gc,metaspace   ] GC(430) Metaspace: 28942K(29248K)->28942K(29248K) NonClass: 24059K(24192K)->24059K(24192K) Class: 4883K(5056K)->4883K(5056K)
[2461.904s][info][gc             ] GC(430) Pause Young (Prepare Mixed) (G1 Evacuation Pause) 3622M->1452M(4096M) 119.318ms
[2461.905s][info][gc,cpu         ] GC(430) User=0.71s Sys=0.00s Real=0.12s
.....[2466.526s][info][gc,start       ] GC(431) Pause Young (Mixed) (G1 Evacuation Pause)
[2466.526s][info][gc,task        ] GC(431) Using 6 workers of 6 for evacuation
[2466.654s][info][gc,phases      ] GC(431)   Pre Evacuate Collection Set: 0.38ms
[2466.654s][info][gc,phases      ] GC(431)   Merge Heap Roots: 0.64ms
[2466.654s][info][gc,phases      ] GC(431)   Evacuate Collection Set: 126.40ms
[2466.654s][info][gc,phases      ] GC(431)   Post Evacuate Collection Set: 0.99ms
[2466.654s][info][gc,phases      ] GC(431)   Other: 0.09ms
[2466.654s][info][gc,heap        ] GC(431) Eden regions: 1108->0(1120)
[2466.654s][info][gc,heap        ] GC(431) Survivor regions: 110->108(153)
[2466.654s][info][gc,heap        ] GC(431) Old regions: 537->472
[2466.654s][info][gc,heap        ] GC(431) Humongous regions: 80->80
[2466.654s][info][gc,metaspace   ] GC(431) Metaspace: 28942K(29248K)->28942K(29248K) NonClass: 24059K(24192K)->24059K(24192K) Class: 4883K(5056K)->4883K(5056K)
[2466.654s][info][gc             ] GC(431) Pause Young (Mixed) (G1 Evacuation Pause) 3668M->1318M(4096M) 128.636ms
[2466.654s][info][gc,cpu         ] GC(431) User=0.76s Sys=0.00s Real=0.13s
..... (rIR:aIR:PR = 3874:3875:3875) (tPR = 58146) [OK] 
  2471s: Performance info:
         Transaction,    Success,    Partial,     Failed,   Receipts, AvgBarcode, 
             Overall,     232708,          0,          0,     221079,      59.48, 
         Response times:
             Request,    Success,    Partial,     Failed,   SkipFail,     Probes,    Samples,      min,      p50,      p90,      p95,      p99,      max, 
       TotalPurchase,     221079,          0,          0,          0,     217263,     235536,      300,     3200,     5400,     7700,    36000,   178000,
     InStorePurchase,     116338,          0,          0,          0,     114739,     124255,      300,     3100,     5400,     7700,    36000,   178000,
      OnlinePurchase,      81464,          0,          0,          0,      80043,      86631,      300,     3100,     5400,     7700,    36000,   178000,
        InstPurchase,      23277,          0,          0,          0,      22481,      24650,      400,     3400,     5500,     7800,    39000,   138000,
          AssocOfCat,        230,          0,          0,          0,        178,        269,    19300,    29000,    41000,    59500,   163400,   177000,
      AssocOfProduct,       2329,          0,          0,          0,       2121,       2461,      600,     2900,     5300,     8680,    34000,   134000,
      BusinessReport,        583,          0,          0,          0,        499,        632,    23000,    33000,    50000,    60000,    97670,   172000,
          CustBuyBeh,       2324,          0,          0,          0,       2170,       2541,      300,     3200,     5500,     8700,    39000,   134000,
       ProductReturn,       6163,          0,          0,          0,       5791,       6586,      200,     3400,     5600,     8300,    41000,   160000,

  2471s: (29%)   IR =   4013 [2471.397s][info][gc,start       ] GC(432) Pause Young (Concurrent Start) (G1 Evacuation Pause)
[2471.397s][info][gc,task        ] GC(432) Using 6 workers of 6 for evacuation
[2471.517s][info][gc,phases      ] GC(432)   Pre Evacuate Collection Set: 0.40ms
[2471.517s][info][gc,phases      ] GC(432)   Merge Heap Roots: 0.55ms
[2471.517s][info][gc,phases      ] GC(432)   Evacuate Collection Set: 118.14ms
[2471.517s][info][gc,phases      ] GC(432)   Post Evacuate Collection Set: 0.95ms
[2471.517s][info][gc,phases      ] GC(432)   Other: 0.12ms
[2471.517s][info][gc,heap        ] GC(432) Eden regions: 1120->0(1119)
[2471.517s][info][gc,heap        ] GC(432) Survivor regions: 108->109(154)
[2471.517s][info][gc,heap        ] GC(432) Old regions: 472->505
[2471.517s][info][gc,heap        ] GC(432) Humongous regions: 80->80
[2471.517s][info][gc,metaspace   ] GC(432) Metaspace: 28942K(29248K)->28942K(29248K) NonClass: 24059K(24192K)->24059K(24192K) Class: 4883K(5056K)->4883K(5056K)
[2471.517s][info][gc             ] GC(432) Pause Young (Concurrent Start) (G1 Evacuation Pause) 3558M->1386M(4096M) 120.312ms
[2471.517s][info][gc             ] GC(433) Concurrent Mark Cycle
[2471.517s][info][gc,marking     ] GC(433) Concurrent Scan Root Regions
[2471.517s][info][gc,cpu         ] GC(432) User=0.71s Sys=0.00s Real=0.12s
[2471.693s][info][gc,marking     ] GC(433) Concurrent Scan Root Regions 175.736ms
[2471.693s][info][gc,marking     ] GC(433) Concurrent Mark
[2471.693s][info][gc,marking     ] GC(433) Concurrent Mark From Roots
[2471.693s][info][gc,task        ] GC(433) Using 2 workers of 2 for marking
.[2472.655s][info][gc,marking     ] GC(433) Concurrent Mark From Roots 962.280ms
[2472.656s][info][gc,marking     ] GC(433) Concurrent Preclean
[2472.656s][info][gc,marking     ] GC(433) Concurrent Preclean 0.060ms
[2472.656s][info][gc,start       ] GC(433) Pause Remark
[2472.659s][info][gc             ] GC(433) Pause Remark 1984M->1984M(4096M) 3.737ms
[2472.659s][info][gc,cpu         ] GC(433) User=0.02s Sys=0.00s Real=0.01s
[2472.660s][info][gc,marking     ] GC(433) Concurrent Mark 966.340ms
[2472.660s][info][gc,marking     ] GC(433) Concurrent Rebuild Remembered Sets and Scrub Regions
[2472.901s][info][gc,marking     ] GC(433) Concurrent Rebuild Remembered Sets and Scrub Regions 241.747ms
[2472.902s][info][gc,start       ] GC(433) Pause Cleanup
[2472.902s][info][gc             ] GC(433) Pause Cleanup 2096M->2096M(4096M) 0.129ms
[2472.902s][info][gc,cpu         ] GC(433) User=0.00s Sys=0.00s Real=0.00s
[2472.902s][info][gc,marking     ] GC(433) Concurrent Clear Claimed Marks
[2472.902s][info][gc,marking     ] GC(433) Concurrent Clear Claimed Marks 0.043ms
[2472.902s][info][gc,marking     ] GC(433) Concurrent Cleanup for Next Mark
[2472.907s][info][gc,marking     ] GC(433) Concurrent Cleanup for Next Mark 4.677ms
[2472.907s][info][gc             ] GC(433) Concurrent Mark Cycle 1389.384ms
...[2476.138s][info][gc,start       ] GC(434) Pause Young (Prepare Mixed) (G1 Evacuation Pause)
[2476.138s][info][gc,task        ] GC(434) Using 6 workers of 6 for evacuation
[2476.259s][info][gc,phases      ] GC(434)   Pre Evacuate Collection Set: 0.39ms
[2476.259s][info][gc,phases      ] GC(434)   Merge Heap Roots: 0.58ms
[2476.259s][info][gc,phases      ] GC(434)   Evacuate Collection Set: 118.38ms
[2476.259s][info][gc,phases      ] GC(434)   Post Evacuate Collection Set: 0.94ms
[2476.259s][info][gc,phases      ] GC(434)   Other: 0.08ms
[2476.259s][info][gc,heap        ] GC(434) Eden regions: 1119->0(1105)
[2476.259s][info][gc,heap        ] GC(434) Survivor regions: 109->112(154)
[2476.259s][info][gc,heap        ] GC(434) Old regions: 505->536
[2476.259s][info][gc,heap        ] GC(434) Humongous regions: 80->80
[2476.259s][info][gc,metaspace   ] GC(434) Metaspace: 28942K(29248K)->28942K(29248K) NonClass: 24059K(24192K)->24059K(24192K) Class: 4883K(5056K)->4883K(5056K)
[2476.259s][info][gc             ] GC(434) Pause Young (Prepare Mixed) (G1 Evacuation Pause) 3624M->1453M(4096M) 120.497ms
[2476.259s][info][gc,cpu         ] GC(434) User=0.71s Sys=0.01s Real=0.12s
....|.[2480.735s][info][gc,start       ] GC(435) Pause Young (Mixed) (G1 Evacuation Pause)
[2480.735s][info][gc,task        ] GC(435) Using 6 workers of 6 for evacuation
[2480.865s][info][gc,phases      ] GC(435)   Pre Evacuate Collection Set: 0.40ms
[2480.865s][info][gc,phases      ] GC(435)   Merge Heap Roots: 0.65ms
[2480.865s][info][gc,phases      ] GC(435)   Evacuate Collection Set: 127.51ms
[2480.865s][info][gc,phases      ] GC(435)   Post Evacuate Collection Set: 1.00ms
[2480.865s][info][gc,phases      ] GC(435)   Other: 0.09ms
[2480.865s][info][gc,heap        ] GC(435) Eden regions: 1105->0(1120)
[2480.865s][info][gc,heap        ] GC(435) Survivor regions: 112->108(153)
[2480.865s][info][gc,heap        ] GC(435) Old regions: 536->474
[2480.865s][info][gc,heap        ] GC(435) Humongous regions: 80->80
[2480.865s][info][gc,metaspace   ] GC(435) Metaspace: 28942K(29248K)->28942K(29248K) NonClass: 24059K(24192K)->24059K(24192K) Class: 4883K(5056K)->4883K(5056K)
[2480.865s][info][gc             ] GC(435) Pause Young (Mixed) (G1 Evacuation Pause) 3663M->1323M(4096M) 129.808ms
[2480.865s][info][gc,cpu         ] GC(435) User=0.77s Sys=0.00s Real=0.13s
.....[2485.616s][info][gc,start       ] GC(436) Pause Young (Concurrent Start) (G1 Evacuation Pause)
[2485.616s][info][gc,task        ] GC(436) Using 6 workers of 6 for evacuation
[2485.735s][info][gc,phases      ] GC(436)   Pre Evacuate Collection Set: 0.43ms
[2485.735s][info][gc,phases      ] GC(436)   Merge Heap Roots: 0.55ms
[2485.735s][info][gc,phases      ] GC(436)   Evacuate Collection Set: 116.72ms
[2485.735s][info][gc,phases      ] GC(436)   Post Evacuate Collection Set: 0.93ms
[2485.735s][info][gc,phases      ] GC(436)   Other: 0.11ms
[2485.735s][info][gc,heap        ] GC(436) Eden regions: 1120->0(1118)
[2485.735s][info][gc,heap        ] GC(436) Survivor regions: 108->110(154)
[2485.735s][info][gc,heap        ] GC(436) Old regions: 474->506
[2485.735s][info][gc,heap        ] GC(436) Humongous regions: 80->80
[2485.735s][info][gc,metaspace   ] GC(436) Metaspace: 28942K(29248K)->28942K(29248K) NonClass: 24059K(24192K)->24059K(24192K) Class: 4883K(5056K)->4883K(5056K)
[2485.735s][info][gc             ] GC(436) Pause Young (Concurrent Start) (G1 Evacuation Pause) 3563M->1391M(4096M) 118.914ms
[2485.735s][info][gc             ] GC(437) Concurrent Mark Cycle
[2485.735s][info][gc,marking     ] GC(437) Concurrent Scan Root Regions
[2485.735s][info][gc,cpu         ] GC(436) User=0.70s Sys=0.00s Real=0.12s
[2485.902s][info][gc,marking     ] GC(437) Concurrent Scan Root Regions 167.536ms
[2485.902s][info][gc,marking     ] GC(437) Concurrent Mark
[2485.902s][info][gc,marking     ] GC(437) Concurrent Mark From Roots
[2485.902s][info][gc,task        ] GC(437) Using 2 workers of 2 for marking
.[2486.577s][info][gc,marking     ] GC(437) Concurrent Mark From Roots 674.272ms
[2486.577s][info][gc,marking     ] GC(437) Concurrent Preclean
[2486.577s][info][gc,marking     ] GC(437) Concurrent Preclean 0.048ms
[2486.577s][info][gc,start       ] GC(437) Pause Remark
[2486.581s][info][gc             ] GC(437) Pause Remark 1926M->1926M(4096M) 3.795ms
[2486.581s][info][gc,cpu         ] GC(437) User=0.02s Sys=0.00s Real=0.01s
[2486.581s][info][gc,marking     ] GC(437) Concurrent Mark 678.399ms
[2486.581s][info][gc,marking     ] GC(437) Concurrent Rebuild Remembered Sets and Scrub Regions
[2486.808s][info][gc,marking     ] GC(437) Concurrent Rebuild Remembered Sets and Scrub Regions 226.926ms
[2486.808s][info][gc,start       ] GC(437) Pause Cleanup
[2486.808s][info][gc             ] GC(437) Pause Cleanup 2024M->2024M(4096M) 0.131ms
[2486.808s][info][gc,cpu         ] GC(437) User=0.00s Sys=0.00s Real=0.01s
[2486.808s][info][gc,marking     ] GC(437) Concurrent Clear Claimed Marks
[2486.808s][info][gc,marking     ] GC(437) Concurrent Clear Claimed Marks 0.034ms
[2486.808s][info][gc,marking     ] GC(437) Concurrent Cleanup for Next Mark
[2486.811s][info][gc,marking     ] GC(437) Concurrent Cleanup for Next Mark 3.373ms
[2486.811s][info][gc             ] GC(437) Concurrent Mark Cycle 1076.736ms
...[2490.237s][info][gc,start       ] GC(438) Pause Young (Prepare Mixed) (G1 Evacuation Pause)
[2490.237s][info][gc,task        ] GC(438) Using 6 workers of 6 for evacuation
[2490.352s][info][gc,phases      ] GC(438)   Pre Evacuate Collection Set: 0.37ms
[2490.352s][info][gc,phases      ] GC(438)   Merge Heap Roots: 0.51ms
[2490.352s][info][gc,phases      ] GC(438)   Evacuate Collection Set: 113.05ms
[2490.352s][info][gc,phases      ] GC(438)   Post Evacuate Collection Set: 0.95ms
[2490.352s][info][gc,phases      ] GC(438)   Other: 0.09ms
[2490.352s][info][gc,heap        ] GC(438) Eden regions: 1118->0(1111)
[2490.352s][info][gc,heap        ] GC(438) Survivor regions: 110->108(154)
[2490.352s][info][gc,heap        ] GC(438) Old regions: 506->538
[2490.352s][info][gc,heap        ] GC(438) Humongous regions: 80->80
[2490.352s][info][gc,metaspace   ] GC(438) Metaspace: 28942K(29248K)->28942K(29248K) NonClass: 24059K(24192K)->24059K(24192K) Class: 4883K(5056K)->4883K(5056K)
[2490.352s][info][gc             ] GC(438) Pause Young (Prepare Mixed) (G1 Evacuation Pause) 3627M->1450M(4096M) 115.118ms
[2490.352s][info][gc,cpu         ] GC(438) User=0.68s Sys=0.00s Real=0.12s
.....[2494.996s][info][gc,start       ] GC(439) Pause Young (Mixed) (G1 Evacuation Pause)
[2494.996s][info][gc,task        ] GC(439) Using 6 workers of 6 for evacuation
[2495.127s][info][gc,phases      ] GC(439)   Pre Evacuate Collection Set: 0.40ms
[2495.127s][info][gc,phases      ] GC(439)   Merge Heap Roots: 0.62ms
[2495.127s][info][gc,phases      ] GC(439)   Evacuate Collection Set: 129.12ms
[2495.127s][info][gc,phases      ] GC(439)   Post Evacuate Collection Set: 0.97ms
[2495.127s][info][gc,phases      ] GC(439)   Other: 0.08ms
[2495.127s][info][gc,heap        ] GC(439) Eden regions: 1111->0(1120)
[2495.127s][info][gc,heap        ] GC(439) Survivor regions: 108->108(153)
[2495.127s][info][gc,heap        ] GC(439) Old regions: 538->473
[2495.127s][info][gc,heap        ] GC(439) Humongous regions: 80->80
[2495.127s][info][gc,metaspace   ] GC(439) Metaspace: 28942K(29248K)->28942K(29248K) NonClass: 24059K(24192K)->24059K(24192K) Class: 4883K(5056K)->4883K(5056K)
[2495.127s][info][gc             ] GC(439) Pause Young (Mixed) (G1 Evacuation Pause) 3672M->1321M(4096M) 131.329ms
[2495.127s][info][gc,cpu         ] GC(439) User=0.77s Sys=0.00s Real=0.13s
.....[2499.693s][info][gc,start       ] GC(440) Pause Young (Concurrent Start) (G1 Evacuation Pause)
[2499.693s][info][gc,task        ] GC(440) Using 6 workers of 6 for evacuation
[2499.812s][info][gc,phases      ] GC(440)   Pre Evacuate Collection Set: 0.41ms
[2499.812s][info][gc,phases      ] GC(440)   Merge Heap Roots: 0.47ms
[2499.812s][info][gc,phases      ] GC(440)   Evacuate Collection Set: 117.21ms
[2499.812s][info][gc,phases      ] GC(440)   Post Evacuate Collection Set: 0.91ms
[2499.812s][info][gc,phases      ] GC(440)   Other: 0.10ms
[2499.812s][info][gc,heap        ] GC(440) Eden regions: 1120->0(1117)
[2499.812s][info][gc,heap        ] GC(440) Survivor regions: 108->111(154)
[2499.812s][info][gc,heap        ] GC(440) Old regions: 473->505
[2499.812s][info][gc,heap        ] GC(440) Humongous regions: 80->80
[2499.812s][info][gc,metaspace   ] GC(440) Metaspace: 28942K(29248K)->28942K(29248K) NonClass: 24059K(24192K)->24059K(24192K) Class: 4883K(5056K)->4883K(5056K)
[2499.812s][info][gc             ] GC(440) Pause Young (Concurrent Start) (G1 Evacuation Pause) 3561M->1390M(4096M) 119.230ms
[2499.812s][info][gc             ] GC(441) Concurrent Mark Cycle
[2499.812s][info][gc,marking     ] GC(441) Concurrent Scan Root Regions
[2499.812s][info][gc,cpu         ] GC(440) User=0.71s Sys=0.00s Real=0.12s
[2500.005s][info][gc,marking     ] GC(441) Concurrent Scan Root Regions 192.392ms
[2500.005s][info][gc,marking     ] GC(441) Concurrent Mark
[2500.005s][info][gc,marking     ] GC(441) Concurrent Mark From Roots
[2500.005s][info][gc,task        ] GC(441) Using 2 workers of 2 for marking
.[2501.013s][info][gc,marking     ] GC(441) Concurrent Mark From Roots 1008.210ms
[2501.013s][info][gc,marking     ] GC(441) Concurrent Preclean
[2501.013s][info][gc,marking     ] GC(441) Concurrent Preclean 0.050ms
[2501.013s][info][gc,start       ] GC(441) Pause Remark
[2501.017s][info][gc             ] GC(441) Pause Remark 2059M->2059M(4096M) 4.451ms
[2501.018s][info][gc,cpu         ] GC(441) User=0.02s Sys=0.00s Real=0.00s
[2501.018s][info][gc,marking     ] GC(441) Concurrent Mark 1012.992ms
[2501.018s][info][gc,marking     ] GC(441) Concurrent Rebuild Remembered Sets and Scrub Regions
.[2501.376s][info][gc,marking     ] GC(441) Concurrent Rebuild Remembered Sets and Scrub Regions 358.185ms
[2501.376s][info][gc,start       ] GC(441) Pause Cleanup
[2501.376s][info][gc             ] GC(441) Pause Cleanup 2238M->2238M(4096M) 0.135ms
[2501.376s][info][gc,cpu         ] GC(441) User=0.00s Sys=0.00s Real=0.00s
[2501.376s][info][gc,marking     ] GC(441) Concurrent Clear Claimed Marks
[2501.376s][info][gc,marking     ] GC(441) Concurrent Clear Claimed Marks 0.027ms
[2501.376s][info][gc,marking     ] GC(441) Concurrent Cleanup for Next Mark
[2501.380s][info][gc,marking     ] GC(441) Concurrent Cleanup for Next Mark 3.774ms
[2501.380s][info][gc             ] GC(441) Concurrent Mark Cycle 1567.870ms
...[2504.378s][info][gc,start       ] GC(442) Pause Young (Prepare Mixed) (G1 Evacuation Pause)
[2504.378s][info][gc,task        ] GC(442) Using 6 workers of 6 for evacuation
[2504.494s][info][gc,phases      ] GC(442)   Pre Evacuate Collection Set: 0.34ms
[2504.494s][info][gc,phases      ] GC(442)   Merge Heap Roots: 0.56ms
[2504.494s][info][gc,phases      ] GC(442)   Evacuate Collection Set: 113.82ms
[2504.494s][info][gc,phases      ] GC(442)   Post Evacuate Collection Set: 0.96ms
[2504.494s][info][gc,phases      ] GC(442)   Other: 0.09ms
[2504.494s][info][gc,heap        ] GC(442) Eden regions: 1117->0(1113)
[2504.494s][info][gc,heap        ] GC(442) Survivor regions: 111->107(154)
[2504.494s][info][gc,heap        ] GC(442) Old regions: 505->538
[2504.494s][info][gc,heap        ] GC(442) Humongous regions: 80->80
[2504.494s][info][gc,metaspace   ] GC(442) Metaspace: 28942K(29248K)->28942K(29248K) NonClass: 24059K(24192K)->24059K(24192K) Class: 4883K(5056K)->4883K(5056K)
[2504.494s][info][gc             ] GC(442) Pause Young (Prepare Mixed) (G1 Evacuation Pause) 3624M->1447M(4096M) 115.909ms
[2504.494s][info][gc,cpu         ] GC(442) User=0.68s Sys=0.00s Real=0.12s
....[2508.999s][info][gc,start       ] GC(443) Pause Young (Mixed) (G1 Evacuation Pause)
[2508.999s][info][gc,task        ] GC(443) Using 6 workers of 6 for evacuation
[2509.133s][info][gc,phases      ] GC(443)   Pre Evacuate Collection Set: 0.43ms
[2509.133s][info][gc,phases      ] GC(443)   Merge Heap Roots: 0.70ms
[2509.133s][info][gc,phases      ] GC(443)   Evacuate Collection Set: 130.92ms
[2509.133s][info][gc,phases      ] GC(443)   Post Evacuate Collection Set: 0.98ms
[2509.133s][info][gc,phases      ] GC(443)   Other: 0.09ms
[2509.133s][info][gc,heap        ] GC(443) Eden regions: 1113->0(1119)
[2509.133s][info][gc,heap        ] GC(443) Survivor regions: 107->109(153)
[2509.133s][info][gc,heap        ] GC(443) Old regions: 538->474
[2509.133s][info][gc,heap        ] GC(443) Humongous regions: 80->80
[2509.133s][info][gc,metaspace   ] GC(443) Metaspace: 28942K(29248K)->28942K(29248K) NonClass: 24059K(24192K)->24059K(24192K) Class: 4883K(5056K)->4883K(5056K)
[2509.133s][info][gc             ] GC(443) Pause Young (Mixed) (G1 Evacuation Pause) 3673M->1324M(4096M) 133.264ms
[2509.133s][info][gc,cpu         ] GC(443) User=0.79s Sys=0.00s Real=0.13s
.....[2513.774s][info][gc,start       ] GC(444) Pause Young (Concurrent Start) (G1 Evacuation Pause)
[2513.774s][info][gc,task        ] GC(444) Using 6 workers of 6 for evacuation
[2513.890s][info][gc,phases      ] GC(444)   Pre Evacuate Collection Set: 0.41ms
[2513.890s][info][gc,phases      ] GC(444)   Merge Heap Roots: 0.50ms
[2513.890s][info][gc,phases      ] GC(444)   Evacuate Collection Set: 113.86ms
[2513.890s][info][gc,phases      ] GC(444)   Post Evacuate Collection Set: 0.91ms
[2513.890s][info][gc,phases      ] GC(444)   Other: 0.09ms
[2513.890s][info][gc,heap        ] GC(444) Eden regions: 1119->0(1120)
[2513.890s][info][gc,heap        ] GC(444) Survivor regions: 109->108(154)
[2513.890s][info][gc,heap        ] GC(444) Old regions: 474->506
[2513.890s][info][gc,heap        ] GC(444) Humongous regions: 80->80
[2513.890s][info][gc,metaspace   ] GC(444) Metaspace: 28942K(29248K)->28942K(29248K) NonClass: 24059K(24192K)->24059K(24192K) Class: 4883K(5056K)->4883K(5056K)
[2513.890s][info][gc             ] GC(444) Pause Young (Concurrent Start) (G1 Evacuation Pause) 3562M->1387M(4096M) 115.903ms
[2513.890s][info][gc             ] GC(445) Concurrent Mark Cycle
[2513.890s][info][gc,marking     ] GC(445) Concurrent Scan Root Regions
[2513.890s][info][gc,cpu         ] GC(444) User=0.69s Sys=0.00s Real=0.12s
[2514.074s][info][gc,marking     ] GC(445) Concurrent Scan Root Regions 184.642ms
[2514.074s][info][gc,marking     ] GC(445) Concurrent Mark
[2514.074s][info][gc,marking     ] GC(445) Concurrent Mark From Roots
[2514.074s][info][gc,task        ] GC(445) Using 2 workers of 2 for marking
.[2515.071s][info][gc,marking     ] GC(445) Concurrent Mark From Roots 996.709ms
[2515.071s][info][gc,marking     ] GC(445) Concurrent Preclean
[2515.071s][info][gc,marking     ] GC(445) Concurrent Preclean 0.078ms
[2515.072s][info][gc,start       ] GC(445) Pause Remark
[2515.076s][info][gc             ] GC(445) Pause Remark 2015M->2015M(4096M) 4.082ms
[2515.076s][info][gc,cpu         ] GC(445) User=0.03s Sys=0.00s Real=0.00s
[2515.076s][info][gc,marking     ] GC(445) Concurrent Mark 1001.904ms
[2515.076s][info][gc,marking     ] GC(445) Concurrent Rebuild Remembered Sets and Scrub Regions
[2515.311s][info][gc,marking     ] GC(445) Concurrent Rebuild Remembered Sets and Scrub Regions 234.377ms
[2515.311s][info][gc,start       ] GC(445) Pause Cleanup
[2515.311s][info][gc             ] GC(445) Pause Cleanup 2137M->2137M(4096M) 0.125ms
[2515.311s][info][gc,cpu         ] GC(445) User=0.00s Sys=0.00s Real=0.00s
[2515.312s][info][gc,marking     ] GC(445) Concurrent Clear Claimed Marks
[2515.312s][info][gc,marking     ] GC(445) Concurrent Clear Claimed Marks 0.033ms
[2515.312s][info][gc,marking     ] GC(445) Concurrent Cleanup for Next Mark
[2515.316s][info][gc,marking     ] GC(445) Concurrent Cleanup for Next Mark 4.308ms
[2515.316s][info][gc             ] GC(445) Concurrent Mark Cycle 1426.195ms
....[2518.464s][info][gc,start       ] GC(446) Pause Young (Prepare Mixed) (G1 Evacuation Pause)
[2518.464s][info][gc,task        ] GC(446) Using 6 workers of 6 for evacuation
[2518.580s][info][gc,phases      ] GC(446)   Pre Evacuate Collection Set: 0.35ms
[2518.580s][info][gc,phases      ] GC(446)   Merge Heap Roots: 0.50ms
[2518.580s][info][gc,phases      ] GC(446)   Evacuate Collection Set: 113.62ms
[2518.580s][info][gc,phases      ] GC(446)   Post Evacuate Collection Set: 0.94ms
[2518.580s][info][gc,phases      ] GC(446)   Other: 0.09ms
[2518.580s][info][gc,heap        ] GC(446) Eden regions: 1120->0(1112)
[2518.580s][info][gc,heap        ] GC(446) Survivor regions: 108->108(154)
[2518.580s][info][gc,heap        ] GC(446) Old regions: 506->537
[2518.580s][info][gc,heap        ] GC(446) Humongous regions: 80->80
[2518.580s][info][gc,metaspace   ] GC(446) Metaspace: 28942K(29248K)->28942K(29248K) NonClass: 24059K(24192K)->24059K(24192K) Class: 4883K(5056K)->4883K(5056K)
[2518.580s][info][gc             ] GC(446) Pause Young (Prepare Mixed) (G1 Evacuation Pause) 3627M->1449M(4096M) 115.618ms
[2518.580s][info][gc,cpu         ] GC(446) User=0.68s Sys=0.00s Real=0.12s
....[2523.263s][info][gc,start       ] GC(447) Pause Young (Mixed) (G1 Evacuation Pause)
[2523.263s][info][gc,task        ] GC(447) Using 6 workers of 6 for evacuation
[2523.393s][info][gc,phases      ] GC(447)   Pre Evacuate Collection Set: 0.41ms
[2523.393s][info][gc,phases      ] GC(447)   Merge Heap Roots: 0.65ms
[2523.393s][info][gc,phases      ] GC(447)   Evacuate Collection Set: 127.28ms
[2523.393s][info][gc,phases      ] GC(447)   Post Evacuate Collection Set: 1.00ms
[2523.393s][info][gc,phases      ] GC(447)   Other: 0.09ms
[2523.393s][info][gc,heap        ] GC(447) Eden regions: 1112->0(1121)
[2523.393s][info][gc,heap        ] GC(447) Survivor regions: 108->107(153)
[2523.393s][info][gc,heap        ] GC(447) Old regions: 537->472
[2523.393s][info][gc,heap        ] GC(447) Humongous regions: 80->80
[2523.393s][info][gc,metaspace   ] GC(447) Metaspace: 28942K(29248K)->28942K(29248K) NonClass: 24059K(24192K)->24059K(24192K) Class: 4883K(5056K)->4883K(5056K)
[2523.393s][info][gc             ] GC(447) Pause Young (Mixed) (G1 Evacuation Pause) 3673M->1316M(4096M) 129.551ms
[2523.393s][info][gc,cpu         ] GC(447) User=0.77s Sys=0.00s Real=0.13s
.....[2527.901s][info][gc,start       ] GC(448) Pause Young (Concurrent Start) (G1 Evacuation Pause)
[2527.901s][info][gc,task        ] GC(448) Using 6 workers of 6 for evacuation
[2528.017s][info][gc,phases      ] GC(448)   Pre Evacuate Collection Set: 0.46ms
[2528.017s][info][gc,phases      ] GC(448)   Merge Heap Roots: 0.49ms
[2528.017s][info][gc,phases      ] GC(448)   Evacuate Collection Set: 113.87ms
[2528.017s][info][gc,phases      ] GC(448)   Post Evacuate Collection Set: 0.91ms
[2528.017s][info][gc,phases      ] GC(448)   Other: 0.14ms
[2528.017s][info][gc,heap        ] GC(448) Eden regions: 1121->0(1120)
[2528.017s][info][gc,heap        ] GC(448) Survivor regions: 107->108(154)
[2528.017s][info][gc,heap        ] GC(448) Old regions: 472->504
[2528.017s][info][gc,heap        ] GC(448) Humongous regions: 80->80
[2528.017s][info][gc,metaspace   ] GC(448) Metaspace: 28942K(29248K)->28942K(29248K) NonClass: 24059K(24192K)->24059K(24192K) Class: 4883K(5056K)->4883K(5056K)
[2528.017s][info][gc             ] GC(448) Pause Young (Concurrent Start) (G1 Evacuation Pause) 3558M->1382M(4096M) 116.020ms
[2528.017s][info][gc             ] GC(449) Concurrent Mark Cycle
[2528.017s][info][gc,marking     ] GC(449) Concurrent Scan Root Regions
[2528.017s][info][gc,cpu         ] GC(448) User=0.69s Sys=0.00s Real=0.11s
[2528.195s][info][gc,marking     ] GC(449) Concurrent Scan Root Regions 177.306ms
[2528.195s][info][gc,marking     ] GC(449) Concurrent Mark
[2528.195s][info][gc,marking     ] GC(449) Concurrent Mark From Roots
[2528.195s][info][gc,task        ] GC(449) Using 2 workers of 2 for marking
.[2528.859s][info][gc,marking     ] GC(449) Concurrent Mark From Roots 664.164ms
[2528.859s][info][gc,marking     ] GC(449) Concurrent Preclean
[2528.859s][info][gc,marking     ] GC(449) Concurrent Preclean 0.066ms
[2528.859s][info][gc,start       ] GC(449) Pause Remark
[2528.863s][info][gc             ] GC(449) Pause Remark 1825M->1825M(4096M) 3.443ms
[2528.863s][info][gc,cpu         ] GC(449) User=0.01s Sys=0.00s Real=0.00s
[2528.863s][info][gc,marking     ] GC(449) Concurrent Mark 668.054ms
[2528.863s][info][gc,marking     ] GC(449) Concurrent Rebuild Remembered Sets and Scrub Regions
[2529.115s][info][gc,marking     ] GC(449) Concurrent Rebuild Remembered Sets and Scrub Regions 252.449ms
[2529.116s][info][gc,start       ] GC(449) Pause Cleanup
[2529.116s][info][gc             ] GC(449) Pause Cleanup 1932M->1932M(4096M) 0.128ms
[2529.116s][info][gc,cpu         ] GC(449) User=0.00s Sys=0.00s Real=0.00s
[2529.116s][info][gc,marking     ] GC(449) Concurrent Clear Claimed Marks
[2529.116s][info][gc,marking     ] GC(449) Concurrent Clear Claimed Marks 0.032ms
[2529.116s][info][gc,marking     ] GC(449) Concurrent Cleanup for Next Mark
[2529.122s][info][gc,marking     ] GC(449) Concurrent Cleanup for Next Mark 5.829ms
[2529.122s][info][gc             ] GC(449) Concurrent Mark Cycle 1104.669ms
....[2532.612s][info][gc,start       ] GC(450) Pause Young (Prepare Mixed) (G1 Evacuation Pause)
[2532.612s][info][gc,task        ] GC(450) Using 6 workers of 6 for evacuation
[2532.728s][info][gc,phases      ] GC(450)   Pre Evacuate Collection Set: 0.38ms
[2532.728s][info][gc,phases      ] GC(450)   Merge Heap Roots: 0.51ms
[2532.728s][info][gc,phases      ] GC(450)   Evacuate Collection Set: 114.61ms
[2532.728s][info][gc,phases      ] GC(450)   Post Evacuate Collection Set: 0.98ms
[2532.728s][info][gc,phases      ] GC(450)   Other: 0.09ms
[2532.728s][info][gc,heap        ] GC(450) Eden regions: 1120->0(1113)
[2532.728s][info][gc,heap        ] GC(450) Survivor regions: 108->108(154)
[2532.728s][info][gc,heap        ] GC(450) Old regions: 504->536
[2532.728s][info][gc,heap        ] GC(450) Humongous regions: 80->80
[2532.728s][info][gc,metaspace   ] GC(450) Metaspace: 28942K(29248K)->28942K(29248K) NonClass: 24059K(24192K)->24059K(24192K) Class: 4883K(5056K)->4883K(5056K)
[2532.728s][info][gc             ] GC(450) Pause Young (Prepare Mixed) (G1 Evacuation Pause) 3622M->1446M(4096M) 116.722ms
[2532.728s][info][gc,cpu         ] GC(450) User=0.69s Sys=0.00s Real=0.12s
....[2537.351s][info][gc,start       ] GC(451) Pause Young (Mixed) (G1 Evacuation Pause)
[2537.351s][info][gc,task        ] GC(451) Using 6 workers of 6 for evacuation
[2537.483s][info][gc,phases      ] GC(451)   Pre Evacuate Collection Set: 0.40ms
[2537.483s][info][gc,phases      ] GC(451)   Merge Heap Roots: 0.74ms
[2537.483s][info][gc,phases      ] GC(451)   Evacuate Collection Set: 129.42ms
[2537.483s][info][gc,phases      ] GC(451)   Post Evacuate Collection Set: 0.97ms
[2537.483s][info][gc,phases      ] GC(451)   Other: 0.08ms
[2537.483s][info][gc,heap        ] GC(451) Eden regions: 1113->0(1120)
[2537.483s][info][gc,heap        ] GC(451) Survivor regions: 108->108(153)
[2537.483s][info][gc,heap        ] GC(451) Old regions: 536->474
[2537.483s][info][gc,heap        ] GC(451) Humongous regions: 80->80
[2537.483s][info][gc,metaspace   ] GC(451) Metaspace: 28942K(29248K)->28942K(29248K) NonClass: 24059K(24192K)->24059K(24192K) Class: 4883K(5056K)->4883K(5056K)
[2537.483s][info][gc             ] GC(451) Pause Young (Mixed) (G1 Evacuation Pause) 3672M->1321M(4096M) 131.741ms
[2537.483s][info][gc,cpu         ] GC(451) User=0.78s Sys=0.00s Real=0.13s
... (rIR:aIR:PR = 4013:4015:4015) (tPR = 59687) [OK] 
  2539s: Performance info:
         Transaction,    Success,    Partial,     Failed,   Receipts, AvgBarcode, 
             Overall,     241777,          0,          0,     229703,      59.48, 
         Response times:
             Request,    Success,    Partial,     Failed,   SkipFail,     Probes,    Samples,      min,      p50,      p90,      p95,      p99,      max, 
       TotalPurchase,     229703,          0,          0,          0,     225395,     256298,      300,     3300,     5800,     8200,    43000,   157000,
     InStorePurchase,     120874,          0,          0,          0,     119054,     134995,      300,     3000,     5600,     7800,    42000,   157000,
      OnlinePurchase,      84680,          0,          0,          0,      82810,      94072,      300,     3500,     6000,     8800,    44000,   141000,
        InstPurchase,      24149,          0,          0,          0,      23531,      27231,      400,     3700,     6100,     9100,    46000,   141000,
          AssocOfCat,        242,          0,          0,          0,        191,        262,    21000,    30000,    38000,    54550,   127000,   160000,
      AssocOfProduct,       2417,          0,          0,          0,       2220,       2692,      500,     4300,     6400,     8800,    58000,   177000,
      BusinessReport,        598,          0,          0,          0,        504,        674,    22000,    32000,    50000,    56250,   128000,   184000,
          CustBuyBeh,       2411,          0,          0,          0,       2235,       2723,      100,     2600,     4700,     6980,    37000,   120000,
       ProductReturn,       6406,          0,          0,          0,       6067,       7132,      300,     2900,     5600,     8200,    34000,   140000,

  2539s: (30%)   IR =   4151 ..[2542.003s][info][gc,start       ] GC(452) Pause Young (Concurrent Start) (G1 Evacuation Pause)
[2542.003s][info][gc,task        ] GC(452) Using 6 workers of 6 for evacuation
[2542.123s][info][gc,phases      ] GC(452)   Pre Evacuate Collection Set: 0.39ms
[2542.123s][info][gc,phases      ] GC(452)   Merge Heap Roots: 0.47ms
[2542.123s][info][gc,phases      ] GC(452)   Evacuate Collection Set: 117.41ms
[2542.123s][info][gc,phases      ] GC(452)   Post Evacuate Collection Set: 0.90ms
[2542.123s][info][gc,phases      ] GC(452)   Other: 0.12ms
[2542.123s][info][gc,heap        ] GC(452) Eden regions: 1120->0(1116)
[2542.123s][info][gc,heap        ] GC(452) Survivor regions: 108->112(154)
[2542.123s][info][gc,heap        ] GC(452) Old regions: 474->506
[2542.123s][info][gc,heap        ] GC(452) Humongous regions: 80->80
[2542.123s][info][gc,metaspace   ] GC(452) Metaspace: 28942K(29248K)->28942K(29248K) NonClass: 24059K(24192K)->24059K(24192K) Class: 4883K(5056K)->4883K(5056K)
[2542.123s][info][gc             ] GC(452) Pause Young (Concurrent Start) (G1 Evacuation Pause) 3561M->1395M(4096M) 119.425ms
[2542.123s][info][gc             ] GC(453) Concurrent Mark Cycle
[2542.123s][info][gc,marking     ] GC(453) Concurrent Scan Root Regions
[2542.123s][info][gc,cpu         ] GC(452) User=0.71s Sys=0.00s Real=0.12s
[2542.270s][info][gc,marking     ] GC(453) Concurrent Scan Root Regions 147.042ms
[2542.270s][info][gc,marking     ] GC(453) Concurrent Mark
[2542.270s][info][gc,marking     ] GC(453) Concurrent Mark From Roots
[2542.270s][info][gc,task        ] GC(453) Using 2 workers of 2 for marking
.[2542.982s][info][gc,marking     ] GC(453) Concurrent Mark From Roots 712.425ms
[2542.982s][info][gc,marking     ] GC(453) Concurrent Preclean
[2542.982s][info][gc,marking     ] GC(453) Concurrent Preclean 0.074ms
[2542.983s][info][gc,start       ] GC(453) Pause Remark
[2542.986s][info][gc             ] GC(453) Pause Remark 1878M->1878M(4096M) 3.884ms
[2542.987s][info][gc,cpu         ] GC(453) User=0.02s Sys=0.00s Real=0.00s
[2542.987s][info][gc,marking     ] GC(453) Concurrent Mark 716.686ms
[2542.987s][info][gc,marking     ] GC(453) Concurrent Rebuild Remembered Sets and Scrub Regions
[2543.236s][info][gc,marking     ] GC(453) Concurrent Rebuild Remembered Sets and Scrub Regions 249.172ms
[2543.236s][info][gc,start       ] GC(453) Pause Cleanup
[2543.236s][info][gc             ] GC(453) Pause Cleanup 1993M->1993M(4096M) 0.127ms
[2543.236s][info][gc,cpu         ] GC(453) User=0.00s Sys=0.00s Real=0.00s
[2543.236s][info][gc,marking     ] GC(453) Concurrent Clear Claimed Marks
[2543.236s][info][gc,marking     ] GC(453) Concurrent Clear Claimed Marks 0.033ms
[2543.236s][info][gc,marking     ] GC(453) Concurrent Cleanup for Next Mark
[2543.241s][info][gc,marking     ] GC(453) Concurrent Cleanup for Next Mark 4.319ms
[2543.241s][info][gc             ] GC(453) Concurrent Mark Cycle 1117.795ms
.|...[2546.554s][info][gc,start       ] GC(454) Pause Young (Prepare Mixed) (G1 Evacuation Pause)
[2546.554s][info][gc,task        ] GC(454) Using 6 workers of 6 for evacuation
[2546.674s][info][gc,phases      ] GC(454)   Pre Evacuate Collection Set: 0.37ms
[2546.674s][info][gc,phases      ] GC(454)   Merge Heap Roots: 0.50ms
[2546.674s][info][gc,phases      ] GC(454)   Evacuate Collection Set: 117.47ms
[2546.674s][info][gc,phases      ] GC(454)   Post Evacuate Collection Set: 0.97ms
[2546.674s][info][gc,phases      ] GC(454)   Other: 0.09ms
[2546.674s][info][gc,heap        ] GC(454) Eden regions: 1116->0(1105)
[2546.674s][info][gc,heap        ] GC(454) Survivor regions: 112->111(154)
[2546.674s][info][gc,heap        ] GC(454) Old regions: 506->538
[2546.674s][info][gc,heap        ] GC(454) Humongous regions: 80->80
[2546.674s][info][gc,metaspace   ] GC(454) Metaspace: 28942K(29248K)->28942K(29248K) NonClass: 24059K(24192K)->24059K(24192K) Class: 4883K(5056K)->4883K(5056K)
[2546.674s][info][gc             ] GC(454) Pause Young (Prepare Mixed) (G1 Evacuation Pause) 3627M->1455M(4096M) 119.532ms
[2546.674s][info][gc,cpu         ] GC(454) User=0.71s Sys=0.00s Real=0.12s
....[2551.096s][info][gc,start       ] GC(455) Pause Young (Mixed) (G1 Evacuation Pause)
[2551.096s][info][gc,task        ] GC(455) Using 6 workers of 6 for evacuation
[2551.225s][info][gc,phases      ] GC(455)   Pre Evacuate Collection Set: 0.40ms
[2551.225s][info][gc,phases      ] GC(455)   Merge Heap Roots: 0.62ms
[2551.225s][info][gc,phases      ] GC(455)   Evacuate Collection Set: 126.85ms
[2551.225s][info][gc,phases      ] GC(455)   Post Evacuate Collection Set: 0.97ms
[2551.225s][info][gc,phases      ] GC(455)   Other: 0.09ms
[2551.225s][info][gc,heap        ] GC(455) Eden regions: 1105->0(1119)
[2551.225s][info][gc,heap        ] GC(455) Survivor regions: 111->109(152)
[2551.225s][info][gc,heap        ] GC(455) Old regions: 538->474
[2551.225s][info][gc,heap        ] GC(455) Humongous regions: 80->80
[2551.225s][info][gc,metaspace   ] GC(455) Metaspace: 28942K(29248K)->28942K(29248K) NonClass: 24059K(24192K)->24059K(24192K) Class: 4883K(5056K)->4883K(5056K)
[2551.226s][info][gc             ] GC(455) Pause Young (Mixed) (G1 Evacuation Pause) 3665M->1324M(4096M) 129.067ms
[2551.226s][info][gc,cpu         ] GC(455) User=0.77s Sys=0.00s Real=0.13s
.....[2555.646s][info][gc,start       ] GC(456) Pause Young (Concurrent Start) (G1 Evacuation Pause)
[2555.646s][info][gc,task        ] GC(456) Using 6 workers of 6 for evacuation
[2555.761s][info][gc,phases      ] GC(456)   Pre Evacuate Collection Set: 0.47ms
[2555.761s][info][gc,phases      ] GC(456)   Merge Heap Roots: 0.50ms
[2555.761s][info][gc,phases      ] GC(456)   Evacuate Collection Set: 112.57ms
[2555.761s][info][gc,phases      ] GC(456)   Post Evacuate Collection Set: 0.89ms
[2555.761s][info][gc,phases      ] GC(456)   Other: 0.12ms
[2555.761s][info][gc,heap        ] GC(456) Eden regions: 1119->0(1120)
[2555.761s][info][gc,heap        ] GC(456) Survivor regions: 109->108(154)
[2555.761s][info][gc,heap        ] GC(456) Old regions: 474->506
[2555.761s][info][gc,heap        ] GC(456) Humongous regions: 80->80
[2555.761s][info][gc,metaspace   ] GC(456) Metaspace: 28942K(29248K)->28942K(29248K) NonClass: 24059K(24192K)->24059K(24192K) Class: 4883K(5056K)->4883K(5056K)
[2555.761s][info][gc             ] GC(456) Pause Young (Concurrent Start) (G1 Evacuation Pause) 3562M->1386M(4096M) 114.694ms
[2555.761s][info][gc             ] GC(457) Concurrent Mark Cycle
[2555.761s][info][gc,marking     ] GC(457) Concurrent Scan Root Regions
[2555.761s][info][gc,cpu         ] GC(456) User=0.67s Sys=0.00s Real=0.12s
[2555.931s][info][gc,marking     ] GC(457) Concurrent Scan Root Regions 170.719ms
[2555.931s][info][gc,marking     ] GC(457) Concurrent Mark
[2555.931s][info][gc,marking     ] GC(457) Concurrent Mark From Roots
[2555.932s][info][gc,task        ] GC(457) Using 2 workers of 2 for marking
.[2556.620s][info][gc,marking     ] GC(457) Concurrent Mark From Roots 688.546ms
[2556.620s][info][gc,marking     ] GC(457) Concurrent Preclean
[2556.620s][info][gc,marking     ] GC(457) Concurrent Preclean 0.044ms
[2556.620s][info][gc,start       ] GC(457) Pause Remark
[2556.624s][info][gc             ] GC(457) Pause Remark 1843M->1843M(4096M) 3.632ms
[2556.624s][info][gc,cpu         ] GC(457) User=0.02s Sys=0.00s Real=0.00s
[2556.624s][info][gc,marking     ] GC(457) Concurrent Mark 692.499ms
[2556.624s][info][gc,marking     ] GC(457) Concurrent Rebuild Remembered Sets and Scrub Regions
[2556.834s][info][gc,marking     ] GC(457) Concurrent Rebuild Remembered Sets and Scrub Regions 210.148ms
[2556.834s][info][gc,start       ] GC(457) Pause Cleanup
[2556.834s][info][gc             ] GC(457) Pause Cleanup 1942M->1942M(4096M) 0.135ms
[2556.834s][info][gc,cpu         ] GC(457) User=0.00s Sys=0.00s Real=0.00s
[2556.835s][info][gc,marking     ] GC(457) Concurrent Clear Claimed Marks
[2556.835s][info][gc,marking     ] GC(457) Concurrent Clear Claimed Marks 0.033ms
[2556.835s][info][gc,marking     ] GC(457) Concurrent Cleanup for Next Mark
[2556.838s][info][gc,marking     ] GC(457) Concurrent Cleanup for Next Mark 3.344ms
[2556.838s][info][gc             ] GC(457) Concurrent Mark Cycle 1077.246ms
...[2560.221s][info][gc,start       ] GC(458) Pause Young (Prepare Mixed) (G1 Evacuation Pause)
[2560.221s][info][gc,task        ] GC(458) Using 6 workers of 6 for evacuation
[2560.337s][info][gc,phases      ] GC(458)   Pre Evacuate Collection Set: 0.37ms
[2560.337s][info][gc,phases      ] GC(458)   Merge Heap Roots: 0.50ms
[2560.337s][info][gc,phases      ] GC(458)   Evacuate Collection Set: 113.57ms
[2560.337s][info][gc,phases      ] GC(458)   Post Evacuate Collection Set: 0.92ms
[2560.337s][info][gc,phases      ] GC(458)   Other: 0.09ms
[2560.337s][info][gc,heap        ] GC(458) Eden regions: 1120->0(1110)
[2560.337s][info][gc,heap        ] GC(458) Survivor regions: 108->109(154)
[2560.337s][info][gc,heap        ] GC(458) Old regions: 506->537
[2560.337s][info][gc,heap        ] GC(458) Humongous regions: 80->80
[2560.337s][info][gc,metaspace   ] GC(458) Metaspace: 28942K(29248K)->28942K(29248K) NonClass: 24059K(24192K)->24059K(24192K) Class: 4883K(5056K)->4883K(5056K)
[2560.337s][info][gc             ] GC(458) Pause Young (Prepare Mixed) (G1 Evacuation Pause) 3626M->1450M(4096M) 115.579ms
[2560.337s][info][gc,cpu         ] GC(458) User=0.68s Sys=0.00s Real=0.11s
.....[2564.740s][info][gc,start       ] GC(459) Pause Young (Mixed) (G1 Evacuation Pause)
[2564.740s][info][gc,task        ] GC(459) Using 6 workers of 6 for evacuation
[2564.872s][info][gc,phases      ] GC(459)   Pre Evacuate Collection Set: 0.41ms
[2564.872s][info][gc,phases      ] GC(459)   Merge Heap Roots: 0.74ms
[2564.872s][info][gc,phases      ] GC(459)   Evacuate Collection Set: 129.97ms
[2564.872s][info][gc,phases      ] GC(459)   Post Evacuate Collection Set: 0.97ms
[2564.872s][info][gc,phases      ] GC(459)   Other: 0.09ms
[2564.872s][info][gc,heap        ] GC(459) Eden regions: 1110->0(1119)
[2564.872s][info][gc,heap        ] GC(459) Survivor regions: 109->109(153)
[2564.872s][info][gc,heap        ] GC(459) Old regions: 537->472
[2564.872s][info][gc,heap        ] GC(459) Humongous regions: 80->80
[2564.872s][info][gc,metaspace   ] GC(459) Metaspace: 28942K(29248K)->28942K(29248K) NonClass: 24059K(24192K)->24059K(24192K) Class: 4883K(5056K)->4883K(5056K)
[2564.872s][info][gc             ] GC(459) Pause Young (Mixed) (G1 Evacuation Pause) 3670M->1320M(4096M) 132.317ms
[2564.872s][info][gc,cpu         ] GC(459) User=0.79s Sys=0.00s Real=0.13s
....[2569.296s][info][gc,start       ] GC(460) Pause Young (Concurrent Start) (G1 Evacuation Pause)
[2569.296s][info][gc,task        ] GC(460) Using 6 workers of 6 for evacuation
[2569.412s][info][gc,phases      ] GC(460)   Pre Evacuate Collection Set: 0.41ms
[2569.412s][info][gc,phases      ] GC(460)   Merge Heap Roots: 0.48ms
[2569.412s][info][gc,phases      ] GC(460)   Evacuate Collection Set: 113.96ms
[2569.412s][info][gc,phases      ] GC(460)   Post Evacuate Collection Set: 0.91ms
[2569.412s][info][gc,phases      ] GC(460)   Other: 0.10ms
[2569.412s][info][gc,heap        ] GC(460) Eden regions: 1119->0(1121)
[2569.412s][info][gc,heap        ] GC(460) Survivor regions: 109->107(154)
[2569.412s][info][gc,heap        ] GC(460) Old regions: 472->505
[2569.412s][info][gc,heap        ] GC(460) Humongous regions: 80->80
[2569.412s][info][gc,metaspace   ] GC(460) Metaspace: 28942K(29248K)->28942K(29248K) NonClass: 24059K(24192K)->24059K(24192K) Class: 4883K(5056K)->4883K(5056K)
[2569.412s][info][gc             ] GC(460) Pause Young (Concurrent Start) (G1 Evacuation Pause) 3558M->1382M(4096M) 115.990ms
[2569.412s][info][gc             ] GC(461) Concurrent Mark Cycle
[2569.412s][info][gc,marking     ] GC(461) Concurrent Scan Root Regions
[2569.412s][info][gc,cpu         ] GC(460) User=0.68s Sys=0.00s Real=0.12s
[2569.527s][info][gc,marking     ] GC(461) Concurrent Scan Root Regions 115.183ms
[2569.527s][info][gc,marking     ] GC(461) Concurrent Mark
[2569.527s][info][gc,marking     ] GC(461) Concurrent Mark From Roots
[2569.527s][info][gc,task        ] GC(461) Using 2 workers of 2 for marking
.[2570.092s][info][gc,marking     ] GC(461) Concurrent Mark From Roots 564.504ms
[2570.092s][info][gc,marking     ] GC(461) Concurrent Preclean
[2570.092s][info][gc,marking     ] GC(461) Concurrent Preclean 0.051ms
[2570.093s][info][gc,start       ] GC(461) Pause Remark
[2570.096s][info][gc             ] GC(461) Pause Remark 1774M->1774M(4096M) 3.391ms
[2570.096s][info][gc,cpu         ] GC(461) User=0.02s Sys=0.00s Real=0.00s
[2570.097s][info][gc,marking     ] GC(461) Concurrent Mark 569.420ms
[2570.097s][info][gc,marking     ] GC(461) Concurrent Rebuild Remembered Sets and Scrub Regions
[2570.307s][info][gc,marking     ] GC(461) Concurrent Rebuild Remembered Sets and Scrub Regions 210.578ms
[2570.308s][info][gc,start       ] GC(461) Pause Cleanup
[2570.308s][info][gc             ] GC(461) Pause Cleanup 1900M->1900M(4096M) 0.132ms
[2570.308s][info][gc,cpu         ] GC(461) User=0.00s Sys=0.00s Real=0.00s
[2570.308s][info][gc,marking     ] GC(461) Concurrent Clear Claimed Marks
[2570.308s][info][gc,marking     ] GC(461) Concurrent Clear Claimed Marks 0.024ms
[2570.308s][info][gc,marking     ] GC(461) Concurrent Cleanup for Next Mark
[2570.311s][info][gc,marking     ] GC(461) Concurrent Cleanup for Next Mark 3.247ms
[2570.311s][info][gc             ] GC(461) Concurrent Mark Cycle 898.930ms
....[2573.915s][info][gc,start       ] GC(462) Pause Young (Prepare Mixed) (G1 Evacuation Pause)
[2573.915s][info][gc,task        ] GC(462) Using 6 workers of 6 for evacuation
[2574.034s][info][gc,phases      ] GC(462)   Pre Evacuate Collection Set: 0.39ms
[2574.034s][info][gc,phases      ] GC(462)   Merge Heap Roots: 0.55ms
[2574.034s][info][gc,phases      ] GC(462)   Evacuate Collection Set: 116.25ms
[2574.034s][info][gc,phases      ] GC(462)   Post Evacuate Collection Set: 0.98ms
[2574.034s][info][gc,phases      ] GC(462)   Other: 0.10ms
[2574.034s][info][gc,heap        ] GC(462) Eden regions: 1121->0(1108)
[2574.034s][info][gc,heap        ] GC(462) Survivor regions: 107->111(154)
[2574.034s][info][gc,heap        ] GC(462) Old regions: 505->535
[2574.034s][info][gc,heap        ] GC(462) Humongous regions: 80->80
[2574.034s][info][gc,metaspace   ] GC(462) Metaspace: 28942K(29248K)->28942K(29248K) NonClass: 24059K(24192K)->24059K(24192K) Class: 4883K(5056K)->4883K(5056K)
[2574.034s][info][gc             ] GC(462) Pause Young (Prepare Mixed) (G1 Evacuation Pause) 3624M->1450M(4096M) 118.407ms
[2574.034s][info][gc,cpu         ] GC(462) User=0.70s Sys=0.00s Real=0.12s
....[2578.454s][info][gc,start       ] GC(463) Pause Young (Mixed) (G1 Evacuation Pause)
[2578.454s][info][gc,task        ] GC(463) Using 6 workers of 6 for evacuation
[2578.584s][info][gc,phases      ] GC(463)   Pre Evacuate Collection Set: 0.43ms
[2578.584s][info][gc,phases      ] GC(463)   Merge Heap Roots: 0.68ms
[2578.584s][info][gc,phases      ] GC(463)   Evacuate Collection Set: 128.00ms
[2578.584s][info][gc,phases      ] GC(463)   Post Evacuate Collection Set: 0.98ms
[2578.584s][info][gc,phases      ] GC(463)   Other: 0.10ms
[2578.584s][info][gc,heap        ] GC(463) Eden regions: 1108->0(1119)
[2578.584s][info][gc,heap        ] GC(463) Survivor regions: 111->109(153)
[2578.584s][info][gc,heap        ] GC(463) Old regions: 535->473
[2578.584s][info][gc,heap        ] GC(463) Humongous regions: 80->80
[2578.584s][info][gc,metaspace   ] GC(463) Metaspace: 28947K(29248K)->28947K(29248K) NonClass: 24064K(24192K)->24064K(24192K) Class: 4883K(5056K)->4883K(5056K)
[2578.584s][info][gc             ] GC(463) Pause Young (Mixed) (G1 Evacuation Pause) 3666M->1323M(4096M) 130.333ms
[2578.584s][info][gc,cpu         ] GC(463) User=0.77s Sys=0.00s Real=0.13s
.....[2582.966s][info][gc,start       ] GC(464) Pause Young (Concurrent Start) (G1 Evacuation Pause)
[2582.966s][info][gc,task        ] GC(464) Using 6 workers of 6 for evacuation
[2583.082s][info][gc,phases      ] GC(464)   Pre Evacuate Collection Set: 0.39ms
[2583.082s][info][gc,phases      ] GC(464)   Merge Heap Roots: 0.47ms
[2583.082s][info][gc,phases      ] GC(464)   Evacuate Collection Set: 114.06ms
[2583.082s][info][gc,phases      ] GC(464)   Post Evacuate Collection Set: 0.91ms
[2583.082s][info][gc,phases      ] GC(464)   Other: 0.12ms
[2583.082s][info][gc,heap        ] GC(464) Eden regions: 1119->0(1119)
[2583.082s][info][gc,heap        ] GC(464) Survivor regions: 109->109(154)
[2583.082s][info][gc,heap        ] GC(464) Old regions: 473->505
[2583.082s][info][gc,heap        ] GC(464) Humongous regions: 80->80
[2583.082s][info][gc,metaspace   ] GC(464) Metaspace: 28947K(29248K)->28947K(29248K) NonClass: 24064K(24192K)->24064K(24192K) Class: 4883K(5056K)->4883K(5056K)
[2583.082s][info][gc             ] GC(464) Pause Young (Concurrent Start) (G1 Evacuation Pause) 3561M->1386M(4096M) 116.086ms
[2583.082s][info][gc             ] GC(465) Concurrent Mark Cycle
[2583.082s][info][gc,marking     ] GC(465) Concurrent Scan Root Regions
[2583.082s][info][gc,cpu         ] GC(464) User=0.68s Sys=0.00s Real=0.12s
[2583.223s][info][gc,marking     ] GC(465) Concurrent Scan Root Regions 140.452ms
[2583.223s][info][gc,marking     ] GC(465) Concurrent Mark
[2583.223s][info][gc,marking     ] GC(465) Concurrent Mark From Roots
[2583.223s][info][gc,task        ] GC(465) Using 2 workers of 2 for marking
.[2583.844s][info][gc,marking     ] GC(465) Concurrent Mark From Roots 621.769ms
[2583.845s][info][gc,marking     ] GC(465) Concurrent Preclean
[2583.845s][info][gc,marking     ] GC(465) Concurrent Preclean 0.050ms
[2583.845s][info][gc,start       ] GC(465) Pause Remark
[2583.848s][info][gc             ] GC(465) Pause Remark 1823M->1823M(4096M) 3.517ms
[2583.848s][info][gc,cpu         ] GC(465) User=0.02s Sys=0.00s Real=0.01s
[2583.848s][info][gc,marking     ] GC(465) Concurrent Mark 625.619ms
[2583.848s][info][gc,marking     ] GC(465) Concurrent Rebuild Remembered Sets and Scrub Regions
[2584.092s][info][gc,marking     ] GC(465) Concurrent Rebuild Remembered Sets and Scrub Regions 243.566ms
[2584.093s][info][gc,start       ] GC(465) Pause Cleanup
[2584.093s][info][gc             ] GC(465) Pause Cleanup 1972M->1972M(4096M) 0.140ms
[2584.093s][info][gc,cpu         ] GC(465) User=0.00s Sys=0.00s Real=0.00s
[2584.093s][info][gc,marking     ] GC(465) Concurrent Clear Claimed Marks
[2584.093s][info][gc,marking     ] GC(465) Concurrent Clear Claimed Marks 0.040ms
[2584.093s][info][gc,marking     ] GC(465) Concurrent Cleanup for Next Mark
[2584.100s][info][gc,marking     ] GC(465) Concurrent Cleanup for Next Mark 6.376ms
[2584.100s][info][gc             ] GC(465) Concurrent Mark Cycle 1017.736ms
...[2587.487s][info][gc,start       ] GC(466) Pause Young (Prepare Mixed) (G1 Evacuation Pause)
[2587.487s][info][gc,task        ] GC(466) Using 6 workers of 6 for evacuation
[2587.602s][info][gc,phases      ] GC(466)   Pre Evacuate Collection Set: 0.38ms
[2587.602s][info][gc,phases      ] GC(466)   Merge Heap Roots: 0.51ms
[2587.602s][info][gc,phases      ] GC(466)   Evacuate Collection Set: 113.30ms
[2587.602s][info][gc,phases      ] GC(466)   Post Evacuate Collection Set: 0.96ms
[2587.603s][info][gc,phases      ] GC(466)   Other: 0.08ms
[2587.603s][info][gc,heap        ] GC(466) Eden regions: 1119->0(1114)
[2587.603s][info][gc,heap        ] GC(466) Survivor regions: 109->107(154)
[2587.603s][info][gc,heap        ] GC(466) Old regions: 505->537
[2587.603s][info][gc,heap        ] GC(466) Humongous regions: 80->80
[2587.603s][info][gc,metaspace   ] GC(466) Metaspace: 28947K(29248K)->28947K(29248K) NonClass: 24064K(24192K)->24064K(24192K) Class: 4883K(5056K)->4883K(5056K)
[2587.603s][info][gc             ] GC(466) Pause Young (Prepare Mixed) (G1 Evacuation Pause) 3624M->1447M(4096M) 115.373ms
[2587.603s][info][gc,cpu         ] GC(466) User=0.68s Sys=0.00s Real=0.12s
.....[2592.030s][info][gc,start       ] GC(467) Pause Young (Mixed) (G1 Evacuation Pause)
[2592.030s][info][gc,task        ] GC(467) Using 6 workers of 6 for evacuation
[2592.163s][info][gc,phases      ] GC(467)   Pre Evacuate Collection Set: 0.39ms
[2592.163s][info][gc,phases      ] GC(467)   Merge Heap Roots: 0.63ms
[2592.163s][info][gc,phases      ] GC(467)   Evacuate Collection Set: 130.07ms
[2592.163s][info][gc,phases      ] GC(467)   Post Evacuate Collection Set: 1.00ms
[2592.163s][info][gc,phases      ] GC(467)   Other: 0.09ms
[2592.163s][info][gc,heap        ] GC(467) Eden regions: 1114->0(1117)
[2592.163s][info][gc,heap        ] GC(467) Survivor regions: 107->111(153)
[2592.163s][info][gc,heap        ] GC(467) Old regions: 537->473
[2592.163s][info][gc,heap        ] GC(467) Humongous regions: 80->80
[2592.163s][info][gc,metaspace   ] GC(467) Metaspace: 28947K(29248K)->28947K(29248K) NonClass: 24064K(24192K)->24064K(24192K) Class: 4883K(5056K)->4883K(5056K)
[2592.163s][info][gc             ] GC(467) Pause Young (Mixed) (G1 Evacuation Pause) 3675M->1327M(4096M) 132.316ms
[2592.163s][info][gc,cpu         ] GC(467) User=0.78s Sys=0.01s Real=0.13s
....[2596.605s][info][gc,start       ] GC(468) Pause Young (Concurrent Start) (G1 Evacuation Pause)
[2596.605s][info][gc,task        ] GC(468) Using 6 workers of 6 for evacuation
[2596.724s][info][gc,phases      ] GC(468)   Pre Evacuate Collection Set: 0.40ms
[2596.724s][info][gc,phases      ] GC(468)   Merge Heap Roots: 0.47ms
[2596.724s][info][gc,phases      ] GC(468)   Evacuate Collection Set: 116.79ms
[2596.724s][info][gc,phases      ] GC(468)   Post Evacuate Collection Set: 0.91ms
[2596.724s][info][gc,phases      ] GC(468)   Other: 0.10ms
[2596.724s][info][gc,heap        ] GC(468) Eden regions: 1117->0(1118)
[2596.724s][info][gc,heap        ] GC(468) Survivor regions: 111->110(154)
[2596.724s][info][gc,heap        ] GC(468) Old regions: 473->505
[2596.724s][info][gc,heap        ] GC(468) Humongous regions: 80->80
[2596.724s][info][gc,metaspace   ] GC(468) Metaspace: 28947K(29248K)->28947K(29248K) NonClass: 24064K(24192K)->24064K(24192K) Class: 4883K(5056K)->4883K(5056K)
[2596.724s][info][gc             ] GC(468) Pause Young (Concurrent Start) (G1 Evacuation Pause) 3561M->1387M(4096M) 118.809ms
[2596.724s][info][gc             ] GC(469) Concurrent Mark Cycle
[2596.724s][info][gc,marking     ] GC(469) Concurrent Scan Root Regions
[2596.724s][info][gc,cpu         ] GC(468) User=0.70s Sys=0.00s Real=0.12s
.[2596.883s][info][gc,marking     ] GC(469) Concurrent Scan Root Regions 158.970ms
[2596.883s][info][gc,marking     ] GC(469) Concurrent Mark
[2596.883s][info][gc,marking     ] GC(469) Concurrent Mark From Roots
[2596.883s][info][gc,task        ] GC(469) Using 2 workers of 2 for marking
[2597.600s][info][gc,marking     ] GC(469) Concurrent Mark From Roots 716.884ms
[2597.600s][info][gc,marking     ] GC(469) Concurrent Preclean
[2597.600s][info][gc,marking     ] GC(469) Concurrent Preclean 0.077ms
[2597.600s][info][gc,start       ] GC(469) Pause Remark
[2597.604s][info][gc             ] GC(469) Pause Remark 1860M->1860M(4096M) 3.635ms
[2597.604s][info][gc,cpu         ] GC(469) User=0.02s Sys=0.00s Real=0.00s
[2597.604s][info][gc,marking     ] GC(469) Concurrent Mark 721.308ms
[2597.604s][info][gc,marking     ] GC(469) Concurrent Rebuild Remembered Sets and Scrub Regions
.[2597.862s][info][gc,marking     ] GC(469) Concurrent Rebuild Remembered Sets and Scrub Regions 257.758ms
[2597.862s][info][gc,start       ] GC(469) Pause Cleanup
[2597.862s][info][gc             ] GC(469) Pause Cleanup 2008M->2008M(4096M) 0.118ms
[2597.862s][info][gc,cpu         ] GC(469) User=0.00s Sys=0.00s Real=0.00s
[2597.862s][info][gc,marking     ] GC(469) Concurrent Clear Claimed Marks
[2597.862s][info][gc,marking     ] GC(469) Concurrent Clear Claimed Marks 0.025ms
[2597.862s][info][gc,marking     ] GC(469) Concurrent Cleanup for Next Mark
[2597.865s][info][gc,marking     ] GC(469) Concurrent Cleanup for Next Mark 3.220ms
[2597.866s][info][gc             ] GC(469) Concurrent Mark Cycle 1141.729ms
...[2601.250s][info][gc,start       ] GC(470) Pause Young (Prepare Mixed) (G1 Evacuation Pause)
[2601.250s][info][gc,task        ] GC(470) Using 6 workers of 6 for evacuation
[2601.369s][info][gc,phases      ] GC(470)   Pre Evacuate Collection Set: 0.37ms
[2601.369s][info][gc,phases      ] GC(470)   Merge Heap Roots: 0.49ms
[2601.369s][info][gc,phases      ] GC(470)   Evacuate Collection Set: 117.29ms
[2601.369s][info][gc,phases      ] GC(470)   Post Evacuate Collection Set: 0.95ms
[2601.369s][info][gc,phases      ] GC(470)   Other: 0.09ms
[2601.369s][info][gc,heap        ] GC(470) Eden regions: 1118->0(1110)
[2601.369s][info][gc,heap        ] GC(470) Survivor regions: 110->109(154)
[2601.369s][info][gc,heap        ] GC(470) Old regions: 505->537
[2601.369s][info][gc,heap        ] GC(470) Humongous regions: 80->80
[2601.369s][info][gc,metaspace   ] GC(470) Metaspace: 28947K(29248K)->28947K(29248K) NonClass: 24064K(24192K)->24064K(24192K) Class: 4883K(5056K)->4883K(5056K)
[2601.369s][info][gc             ] GC(470) Pause Young (Prepare Mixed) (G1 Evacuation Pause) 3623M->1450M(4096M) 119.312ms
[2601.369s][info][gc,cpu         ] GC(470) User=0.71s Sys=0.00s Real=0.12s
... (rIR:aIR:PR = 4151:4152:4152) (tPR = 61712) [OK] 
  2603s: Performance info:
         Transaction,    Success,    Partial,     Failed,   Receipts, AvgBarcode, 
             Overall,     249991,          0,          0,     237474,      59.47, 
         Response times:
             Request,    Success,    Partial,     Failed,   SkipFail,     Probes,    Samples,      min,      p50,      p90,      p95,      p99,      max, 
       TotalPurchase,     237474,          0,          0,          0,     233351,     249774,      300,     3400,     6000,     9000,    42000,   204000,
     InStorePurchase,     125016,          0,          0,          0,     122956,     131192,      300,     3400,     6000,     9000,    42000,   204000,
      OnlinePurchase,      87452,          0,          0,          0,      86185,      92403,      300,     3400,     6100,     9200,    44000,   186000,
        InstPurchase,      25006,          0,          0,          0,      24210,      26179,      400,     3200,     5900,     8700,    39000,   186000,
          AssocOfCat,        254,          0,          0,          0,        185,        241,    19700,    30000,    44000,    58900,   157360,   175000,
      AssocOfProduct,       2512,          0,          0,          0,       2292,       2645,      800,     4200,     6900,    11400,    43620,   139000,
      BusinessReport,        623,          0,          0,          0,        526,        653,    24000,    33000,    50000,    65600,   148380,   207000,
          CustBuyBeh,       2503,          0,          0,          0,       2296,       2647,      300,     4100,     6620,    10440,    54000,   134000,
       ProductReturn,       6625,          0,          0,          0,       6285,       7028,      200,     2900,     5600,     8100,    37000,   140000,

  2603s: (31%)   IR =   4289 .[2605.614s][info][gc,start       ] GC(471) Pause Young (Mixed) (G1 Evacuation Pause)
[2605.614s][info][gc,task        ] GC(471) Using 6 workers of 6 for evacuation
[2605.745s][info][gc,phases      ] GC(471)   Pre Evacuate Collection Set: 0.40ms
[2605.745s][info][gc,phases      ] GC(471)   Merge Heap Roots: 0.68ms
[2605.745s][info][gc,phases      ] GC(471)   Evacuate Collection Set: 128.77ms
[2605.745s][info][gc,phases      ] GC(471)   Post Evacuate Collection Set: 1.01ms
[2605.745s][info][gc,phases      ] GC(471)   Other: 0.09ms
[2605.745s][info][gc,heap        ] GC(471) Eden regions: 1110->0(1119)
[2605.745s][info][gc,heap        ] GC(471) Survivor regions: 109->109(153)
[2605.745s][info][gc,heap        ] GC(471) Old regions: 537->473
[2605.745s][info][gc,heap        ] GC(471) Humongous regions: 80->80
[2605.745s][info][gc,metaspace   ] GC(471) Metaspace: 28951K(29248K)->28951K(29248K) NonClass: 24068K(24192K)->24068K(24192K) Class: 4883K(5056K)->4883K(5056K)
[2605.745s][info][gc             ] GC(471) Pause Young (Mixed) (G1 Evacuation Pause) 3670M->1322M(4096M) 131.099ms
[2605.745s][info][gc,cpu         ] GC(471) User=0.78s Sys=0.00s Real=0.13s
.....|[2610.048s][info][gc,start       ] GC(472) Pause Young (Concurrent Start) (G1 Evacuation Pause)
[2610.048s][info][gc,task        ] GC(472) Using 6 workers of 6 for evacuation
[2610.164s][info][gc,phases      ] GC(472)   Pre Evacuate Collection Set: 0.43ms
[2610.164s][info][gc,phases      ] GC(472)   Merge Heap Roots: 0.53ms
[2610.164s][info][gc,phases      ] GC(472)   Evacuate Collection Set: 114.08ms
[2610.164s][info][gc,phases      ] GC(472)   Post Evacuate Collection Set: 0.90ms
[2610.164s][info][gc,phases      ] GC(472)   Other: 0.13ms
[2610.164s][info][gc,heap        ] GC(472) Eden regions: 1119->0(1119)
[2610.164s][info][gc,heap        ] GC(472) Survivor regions: 109->109(154)
[2610.164s][info][gc,heap        ] GC(472) Old regions: 473->506
[2610.164s][info][gc,heap        ] GC(472) Humongous regions: 80->80
[2610.164s][info][gc,metaspace   ] GC(472) Metaspace: 28951K(29248K)->28951K(29248K) NonClass: 24068K(24192K)->24068K(24192K) Class: 4883K(5056K)->4883K(5056K)
[2610.164s][info][gc             ] GC(472) Pause Young (Concurrent Start) (G1 Evacuation Pause) 3560M->1388M(4096M) 116.190ms
[2610.164s][info][gc             ] GC(473) Concurrent Mark Cycle
[2610.164s][info][gc,marking     ] GC(473) Concurrent Scan Root Regions
[2610.164s][info][gc,cpu         ] GC(472) User=0.68s Sys=0.00s Real=0.12s
[2610.309s][info][gc,marking     ] GC(473) Concurrent Scan Root Regions 145.444ms
[2610.310s][info][gc,marking     ] GC(473) Concurrent Mark
[2610.310s][info][gc,marking     ] GC(473) Concurrent Mark From Roots
[2610.310s][info][gc,task        ] GC(473) Using 2 workers of 2 for marking
.[2610.947s][info][gc,marking     ] GC(473) Concurrent Mark From Roots 637.392ms
[2610.947s][info][gc,marking     ] GC(473) Concurrent Preclean
[2610.947s][info][gc,marking     ] GC(473) Concurrent Preclean 0.069ms
[2610.948s][info][gc,start       ] GC(473) Pause Remark
[2610.952s][info][gc             ] GC(473) Pause Remark 1847M->1847M(4096M) 3.760ms
[2610.952s][info][gc,cpu         ] GC(473) User=0.02s Sys=0.00s Real=0.00s
[2610.953s][info][gc,marking     ] GC(473) Concurrent Mark 643.911ms
[2610.953s][info][gc,marking     ] GC(473) Concurrent Rebuild Remembered Sets and Scrub Regions
[2611.185s][info][gc,marking     ] GC(473) Concurrent Rebuild Remembered Sets and Scrub Regions 231.605ms
[2611.186s][info][gc,start       ] GC(473) Pause Cleanup
[2611.186s][info][gc             ] GC(473) Pause Cleanup 1964M->1964M(4096M) 0.131ms
[2611.186s][info][gc,cpu         ] GC(473) User=0.00s Sys=0.00s Real=0.00s
[2611.187s][info][gc,marking     ] GC(473) Concurrent Clear Claimed Marks
[2611.187s][info][gc,marking     ] GC(473) Concurrent Clear Claimed Marks 0.047ms
[2611.187s][info][gc,marking     ] GC(473) Concurrent Cleanup for Next Mark
[2611.192s][info][gc,marking     ] GC(473) Concurrent Cleanup for Next Mark 4.714ms
[2611.192s][info][gc             ] GC(473) Concurrent Mark Cycle 1027.765ms
...[2614.459s][info][gc,start       ] GC(474) Pause Young (Prepare Mixed) (G1 Evacuation Pause)
[2614.459s][info][gc,task        ] GC(474) Using 6 workers of 6 for evacuation
[2614.577s][info][gc,phases      ] GC(474)   Pre Evacuate Collection Set: 0.36ms
[2614.577s][info][gc,phases      ] GC(474)   Merge Heap Roots: 0.52ms
[2614.577s][info][gc,phases      ] GC(474)   Evacuate Collection Set: 115.69ms
[2614.577s][info][gc,phases      ] GC(474)   Post Evacuate Collection Set: 0.94ms
[2614.577s][info][gc,phases      ] GC(474)   Other: 0.09ms
[2614.577s][info][gc,heap        ] GC(474) Eden regions: 1119->0(1109)
[2614.577s][info][gc,heap        ] GC(474) Survivor regions: 109->109(154)
[2614.577s][info][gc,heap        ] GC(474) Old regions: 506->538
[2614.577s][info][gc,heap        ] GC(474) Humongous regions: 80->80
[2614.577s][info][gc,metaspace   ] GC(474) Metaspace: 28951K(29248K)->28951K(29248K) NonClass: 24068K(24192K)->24068K(24192K) Class: 4883K(5056K)->4883K(5056K)
[2614.577s][info][gc             ] GC(474) Pause Young (Prepare Mixed) (G1 Evacuation Pause) 3626M->1452M(4096M) 117.716ms
[2614.577s][info][gc,cpu         ] GC(474) User=0.70s Sys=0.00s Real=0.11s
.....[2618.846s][info][gc,start       ] GC(475) Pause Young (Mixed) (G1 Evacuation Pause)
[2618.846s][info][gc,task        ] GC(475) Using 6 workers of 6 for evacuation
[2618.976s][info][gc,phases      ] GC(475)   Pre Evacuate Collection Set: 0.38ms
[2618.976s][info][gc,phases      ] GC(475)   Merge Heap Roots: 0.67ms
[2618.976s][info][gc,phases      ] GC(475)   Evacuate Collection Set: 128.16ms
[2618.976s][info][gc,phases      ] GC(475)   Post Evacuate Collection Set: 0.97ms
[2618.976s][info][gc,phases      ] GC(475)   Other: 0.08ms
[2618.976s][info][gc,heap        ] GC(475) Eden regions: 1109->0(1120)
[2618.976s][info][gc,heap        ] GC(475) Survivor regions: 109->108(153)
[2618.976s][info][gc,heap        ] GC(475) Old regions: 538->473
[2618.976s][info][gc,heap        ] GC(475) Humongous regions: 80->80
[2618.976s][info][gc,metaspace   ] GC(475) Metaspace: 28951K(29248K)->28951K(29248K) NonClass: 24068K(24192K)->24068K(24192K) Class: 4883K(5056K)->4883K(5056K)
[2618.976s][info][gc             ] GC(475) Pause Young (Mixed) (G1 Evacuation Pause) 3670M->1320M(4096M) 130.408ms
[2618.976s][info][gc,cpu         ] GC(475) User=0.77s Sys=0.00s Real=0.13s
....[2623.258s][info][gc,start       ] GC(476) Pause Young (Concurrent Start) (G1 Evacuation Pause)
[2623.258s][info][gc,task        ] GC(476) Using 6 workers of 6 for evacuation
[2623.373s][info][gc,phases      ] GC(476)   Pre Evacuate Collection Set: 0.40ms
[2623.374s][info][gc,phases      ] GC(476)   Merge Heap Roots: 0.48ms
[2623.374s][info][gc,phases      ] GC(476)   Evacuate Collection Set: 113.23ms
[2623.374s][info][gc,phases      ] GC(476)   Post Evacuate Collection Set: 0.91ms
[2623.374s][info][gc,phases      ] GC(476)   Other: 0.11ms
[2623.374s][info][gc,heap        ] GC(476) Eden regions: 1120->0(1121)
[2623.374s][info][gc,heap        ] GC(476) Survivor regions: 108->107(154)
[2623.374s][info][gc,heap        ] GC(476) Old regions: 473->505
[2623.374s][info][gc,heap        ] GC(476) Humongous regions: 80->80
[2623.374s][info][gc,metaspace   ] GC(476) Metaspace: 28951K(29248K)->28951K(29248K) NonClass: 24068K(24192K)->24068K(24192K) Class: 4883K(5056K)->4883K(5056K)
[2623.374s][info][gc             ] GC(476) Pause Young (Concurrent Start) (G1 Evacuation Pause) 3560M->1382M(4096M) 115.266ms
[2623.374s][info][gc             ] GC(477) Concurrent Mark Cycle
[2623.374s][info][gc,marking     ] GC(477) Concurrent Scan Root Regions
[2623.374s][info][gc,cpu         ] GC(476) User=0.68s Sys=0.00s Real=0.11s
[2623.563s][info][gc,marking     ] GC(477) Concurrent Scan Root Regions 189.570ms
[2623.563s][info][gc,marking     ] GC(477) Concurrent Mark
[2623.563s][info][gc,marking     ] GC(477) Concurrent Mark From Roots
[2623.563s][info][gc,task        ] GC(477) Using 2 workers of 2 for marking
.[2624.323s][info][gc,marking     ] GC(477) Concurrent Mark From Roots 759.313ms
[2624.323s][info][gc,marking     ] GC(477) Concurrent Preclean
[2624.323s][info][gc,marking     ] GC(477) Concurrent Preclean 0.049ms
[2624.323s][info][gc,start       ] GC(477) Pause Remark
[2624.327s][info][gc             ] GC(477) Pause Remark 1954M->1954M(4096M) 4.025ms
[2624.327s][info][gc,cpu         ] GC(477) User=0.02s Sys=0.01s Real=0.00s
[2624.327s][info][gc,marking     ] GC(477) Concurrent Mark 763.644ms
[2624.327s][info][gc,marking     ] GC(477) Concurrent Rebuild Remembered Sets and Scrub Regions
[2624.579s][info][gc,marking     ] GC(477) Concurrent Rebuild Remembered Sets and Scrub Regions 252.447ms
[2624.579s][info][gc,start       ] GC(477) Pause Cleanup
[2624.580s][info][gc             ] GC(477) Pause Cleanup 2077M->2077M(4096M) 0.113ms
[2624.580s][info][gc,cpu         ] GC(477) User=0.00s Sys=0.00s Real=0.00s
[2624.580s][info][gc,marking     ] GC(477) Concurrent Clear Claimed Marks
[2624.580s][info][gc,marking     ] GC(477) Concurrent Clear Claimed Marks 0.025ms
[2624.580s][info][gc,marking     ] GC(477) Concurrent Cleanup for Next Mark
[2624.583s][info][gc,marking     ] GC(477) Concurrent Cleanup for Next Mark 3.239ms
[2624.583s][info][gc             ] GC(477) Concurrent Mark Cycle 1209.357ms
...[2627.682s][info][gc,start       ] GC(478) Pause Young (Prepare Mixed) (G1 Evacuation Pause)
[2627.682s][info][gc,task        ] GC(478) Using 6 workers of 6 for evacuation
[2627.802s][info][gc,phases      ] GC(478)   Pre Evacuate Collection Set: 0.36ms
[2627.802s][info][gc,phases      ] GC(478)   Merge Heap Roots: 0.57ms
[2627.802s][info][gc,phases      ] GC(478)   Evacuate Collection Set: 117.32ms
[2627.802s][info][gc,phases      ] GC(478)   Post Evacuate Collection Set: 0.97ms
[2627.802s][info][gc,phases      ] GC(478)   Other: 0.09ms
[2627.802s][info][gc,heap        ] GC(478) Eden regions: 1121->0(1108)
[2627.802s][info][gc,heap        ] GC(478) Survivor regions: 107->110(154)
[2627.802s][info][gc,heap        ] GC(478) Old regions: 505->537
[2627.802s][info][gc,heap        ] GC(478) Humongous regions: 80->80
[2627.802s][info][gc,metaspace   ] GC(478) Metaspace: 28951K(29248K)->28951K(29248K) NonClass: 24068K(24192K)->24068K(24192K) Class: 4883K(5056K)->4883K(5056K)
[2627.802s][info][gc             ] GC(478) Pause Young (Prepare Mixed) (G1 Evacuation Pause) 3624M->1452M(4096M) 119.419ms
[2627.802s][info][gc,cpu         ] GC(478) User=0.70s Sys=0.00s Real=0.12s
.....[2632.037s][info][gc,start       ] GC(479) Pause Young (Mixed) (G1 Evacuation Pause)
[2632.037s][info][gc,task        ] GC(479) Using 6 workers of 6 for evacuation
[2632.170s][info][gc,phases      ] GC(479)   Pre Evacuate Collection Set: 0.39ms
[2632.170s][info][gc,phases      ] GC(479)   Merge Heap Roots: 0.71ms
[2632.170s][info][gc,phases      ] GC(479)   Evacuate Collection Set: 130.60ms
[2632.170s][info][gc,phases      ] GC(479)   Post Evacuate Collection Set: 0.97ms
[2632.170s][info][gc,phases      ] GC(479)   Other: 0.09ms
[2632.170s][info][gc,heap        ] GC(479) Eden regions: 1108->0(1119)
[2632.170s][info][gc,heap        ] GC(479) Survivor regions: 110->109(153)
[2632.170s][info][gc,heap        ] GC(479) Old regions: 537->474
[2632.170s][info][gc,heap        ] GC(479) Humongous regions: 80->80
[2632.170s][info][gc,metaspace   ] GC(479) Metaspace: 28951K(29248K)->28951K(29248K) NonClass: 24068K(24192K)->24068K(24192K) Class: 4883K(5056K)->4883K(5056K)
[2632.170s][info][gc             ] GC(479) Pause Young (Mixed) (G1 Evacuation Pause) 3668M->1323M(4096M) 132.911ms
[2632.170s][info][gc,cpu         ] GC(479) User=0.79s Sys=0.00s Real=0.14s
....[2636.484s][info][gc,start       ] GC(480) Pause Young (Concurrent Start) (G1 Evacuation Pause)
[2636.484s][info][gc,task        ] GC(480) Using 6 workers of 6 for evacuation
[2636.602s][info][gc,phases      ] GC(480)   Pre Evacuate Collection Set: 0.39ms
[2636.603s][info][gc,phases      ] GC(480)   Merge Heap Roots: 0.50ms
[2636.603s][info][gc,phases      ] GC(480)   Evacuate Collection Set: 116.06ms
[2636.603s][info][gc,phases      ] GC(480)   Post Evacuate Collection Set: 0.93ms
[2636.603s][info][gc,phases      ] GC(480)   Other: 0.12ms
[2636.603s][info][gc,heap        ] GC(480) Eden regions: 1119->0(1118)
[2636.603s][info][gc,heap        ] GC(480) Survivor regions: 109->110(154)
[2636.603s][info][gc,heap        ] GC(480) Old regions: 474->507
[2636.603s][info][gc,heap        ] GC(480) Humongous regions: 80->80
[2636.603s][info][gc,metaspace   ] GC(480) Metaspace: 28951K(29248K)->28951K(29248K) NonClass: 24068K(24192K)->24068K(24192K) Class: 4883K(5056K)->4883K(5056K)
[2636.603s][info][gc             ] GC(480) Pause Young (Concurrent Start) (G1 Evacuation Pause) 3561M->1392M(4096M) 118.122ms
[2636.603s][info][gc             ] GC(481) Concurrent Mark Cycle
[2636.603s][info][gc,marking     ] GC(481) Concurrent Scan Root Regions
[2636.603s][info][gc,cpu         ] GC(480) User=0.69s Sys=0.00s Real=0.12s
[2636.810s][info][gc,marking     ] GC(481) Concurrent Scan Root Regions 206.879ms
[2636.810s][info][gc,marking     ] GC(481) Concurrent Mark
[2636.810s][info][gc,marking     ] GC(481) Concurrent Mark From Roots
[2636.810s][info][gc,task        ] GC(481) Using 2 workers of 2 for marking
.[2637.502s][info][gc,marking     ] GC(481) Concurrent Mark From Roots 692.859ms
[2637.502s][info][gc,marking     ] GC(481) Concurrent Preclean
[2637.503s][info][gc,marking     ] GC(481) Concurrent Preclean 0.053ms
[2637.505s][info][gc,start       ] GC(481) Pause Remark
[2637.508s][info][gc             ] GC(481) Pause Remark 1900M->1900M(4096M) 3.717ms
[2637.508s][info][gc,cpu         ] GC(481) User=0.02s Sys=0.00s Real=0.01s
[2637.508s][info][gc,marking     ] GC(481) Concurrent Mark 698.861ms
[2637.508s][info][gc,marking     ] GC(481) Concurrent Rebuild Remembered Sets and Scrub Regions
[2637.840s][info][gc,marking     ] GC(481) Concurrent Rebuild Remembered Sets and Scrub Regions 331.714ms
[2637.840s][info][gc,start       ] GC(481) Pause Cleanup
[2637.840s][info][gc             ] GC(481) Pause Cleanup 2098M->2098M(4096M) 0.116ms
[2637.840s][info][gc,cpu         ] GC(481) User=0.00s Sys=0.00s Real=0.00s
[2637.841s][info][gc,marking     ] GC(481) Concurrent Clear Claimed Marks
[2637.841s][info][gc,marking     ] GC(481) Concurrent Clear Claimed Marks 0.035ms
[2637.841s][info][gc,marking     ] GC(481) Concurrent Cleanup for Next Mark
[2637.847s][info][gc,marking     ] GC(481) Concurrent Cleanup for Next Mark 5.231ms
[2637.847s][info][gc             ] GC(481) Concurrent Mark Cycle 1243.937ms
....[2640.914s][info][gc,start       ] GC(482) Pause Young (Prepare Mixed) (G1 Evacuation Pause)
[2640.914s][info][gc,task        ] GC(482) Using 6 workers of 6 for evacuation
[2641.034s][info][gc,phases      ] GC(482)   Pre Evacuate Collection Set: 0.36ms
[2641.034s][info][gc,phases      ] GC(482)   Merge Heap Roots: 0.51ms
[2641.034s][info][gc,phases      ] GC(482)   Evacuate Collection Set: 117.93ms
[2641.034s][info][gc,phases      ] GC(482)   Post Evacuate Collection Set: 0.97ms
[2641.034s][info][gc,phases      ] GC(482)   Other: 0.10ms
[2641.034s][info][gc,heap        ] GC(482) Eden regions: 1118->0(1103)
[2641.034s][info][gc,heap        ] GC(482) Survivor regions: 110->112(154)
[2641.034s][info][gc,heap        ] GC(482) Old regions: 507->538
[2641.034s][info][gc,heap        ] GC(482) Humongous regions: 80->80
[2641.034s][info][gc,metaspace   ] GC(482) Metaspace: 28951K(29248K)->28951K(29248K) NonClass: 24068K(24192K)->24068K(24192K) Class: 4883K(5056K)->4883K(5056K)
[2641.034s][info][gc             ] GC(482) Pause Young (Prepare Mixed) (G1 Evacuation Pause) 3628M->1458M(4096M) 119.999ms
[2641.034s][info][gc,cpu         ] GC(482) User=0.71s Sys=0.00s Real=0.12s
....[2645.274s][info][gc,start       ] GC(483) Pause Young (Mixed) (G1 Evacuation Pause)
[2645.274s][info][gc,task        ] GC(483) Using 6 workers of 6 for evacuation
[2645.404s][info][gc,phases      ] GC(483)   Pre Evacuate Collection Set: 0.40ms
[2645.404s][info][gc,phases      ] GC(483)   Merge Heap Roots: 0.77ms
[2645.404s][info][gc,phases      ] GC(483)   Evacuate Collection Set: 127.60ms
[2645.404s][info][gc,phases      ] GC(483)   Post Evacuate Collection Set: 0.96ms
[2645.404s][info][gc,phases      ] GC(483)   Other: 0.10ms
[2645.404s][info][gc,heap        ] GC(483) Eden regions: 1103->0(1121)
[2645.404s][info][gc,heap        ] GC(483) Survivor regions: 112->107(152)
[2645.404s][info][gc,heap        ] GC(483) Old regions: 538->474
[2645.404s][info][gc,heap        ] GC(483) Humongous regions: 80->80
[2645.404s][info][gc,metaspace   ] GC(483) Metaspace: 28951K(29248K)->28951K(29248K) NonClass: 24068K(24192K)->24068K(24192K) Class: 4883K(5056K)->4883K(5056K)
[2645.404s][info][gc             ] GC(483) Pause Young (Mixed) (G1 Evacuation Pause) 3664M->1321M(4096M) 129.977ms
[2645.404s][info][gc,cpu         ] GC(483) User=0.77s Sys=0.00s Real=0.13s
....[2649.705s][info][gc,start       ] GC(484) Pause Young (Concurrent Start) (G1 Evacuation Pause)
[2649.706s][info][gc,task        ] GC(484) Using 6 workers of 6 for evacuation
[2649.826s][info][gc,phases      ] GC(484)   Pre Evacuate Collection Set: 0.44ms
[2649.826s][info][gc,phases      ] GC(484)   Merge Heap Roots: 0.49ms
[2649.826s][info][gc,phases      ] GC(484)   Evacuate Collection Set: 118.56ms
[2649.826s][info][gc,phases      ] GC(484)   Post Evacuate Collection Set: 0.97ms
[2649.826s][info][gc,phases      ] GC(484)   Other: 0.12ms
[2649.826s][info][gc,heap        ] GC(484) Eden regions: 1121->0(1118)
[2649.826s][info][gc,heap        ] GC(484) Survivor regions: 107->110(154)
[2649.826s][info][gc,heap        ] GC(484) Old regions: 474->507
[2649.826s][info][gc,heap        ] GC(484) Humongous regions: 80->80
[2649.826s][info][gc,metaspace   ] GC(484) Metaspace: 28951K(29248K)->28951K(29248K) NonClass: 24068K(24192K)->24068K(24192K) Class: 4883K(5056K)->4883K(5056K)
[2649.826s][info][gc             ] GC(484) Pause Young (Concurrent Start) (G1 Evacuation Pause) 3563M->1391M(4096M) 120.710ms
[2649.826s][info][gc             ] GC(485) Concurrent Mark Cycle
[2649.826s][info][gc,marking     ] GC(485) Concurrent Scan Root Regions
[2649.826s][info][gc,cpu         ] GC(484) User=0.72s Sys=0.00s Real=0.12s
.[2650.002s][info][gc,marking     ] GC(485) Concurrent Scan Root Regions 175.928ms
[2650.002s][info][gc,marking     ] GC(485) Concurrent Mark
[2650.002s][info][gc,marking     ] GC(485) Concurrent Mark From Roots
[2650.002s][info][gc,task        ] GC(485) Using 2 workers of 2 for marking
[2650.700s][info][gc,marking     ] GC(485) Concurrent Mark From Roots 697.318ms
[2650.700s][info][gc,marking     ] GC(485) Concurrent Preclean
[2650.700s][info][gc,marking     ] GC(485) Concurrent Preclean 0.047ms
[2650.700s][info][gc,start       ] GC(485) Pause Remark
[2650.703s][info][gc             ] GC(485) Pause Remark 1878M->1878M(4096M) 3.516ms
[2650.703s][info][gc,cpu         ] GC(485) User=0.02s Sys=0.00s Real=0.00s
[2650.703s][info][gc,marking     ] GC(485) Concurrent Mark 701.168ms
[2650.703s][info][gc,marking     ] GC(485) Concurrent Rebuild Remembered Sets and Scrub Regions
.[2650.996s][info][gc,marking     ] GC(485) Concurrent Rebuild Remembered Sets and Scrub Regions 292.922ms
[2650.997s][info][gc,start       ] GC(485) Pause Cleanup
[2650.997s][info][gc             ] GC(485) Pause Cleanup 2025M->2025M(4096M) 0.137ms
[2650.997s][info][gc,cpu         ] GC(485) User=0.00s Sys=0.00s Real=0.00s
[2650.997s][info][gc,marking     ] GC(485) Concurrent Clear Claimed Marks
[2650.997s][info][gc,marking     ] GC(485) Concurrent Clear Claimed Marks 0.024ms
[2650.997s][info][gc,marking     ] GC(485) Concurrent Cleanup for Next Mark
[2651.002s][info][gc,marking     ] GC(485) Concurrent Cleanup for Next Mark 4.204ms
[2651.002s][info][gc             ] GC(485) Concurrent Mark Cycle 1175.367ms
...[2654.167s][info][gc,start       ] GC(486) Pause Young (Prepare Mixed) (G1 Evacuation Pause)
[2654.167s][info][gc,task        ] GC(486) Using 6 workers of 6 for evacuation
[2654.285s][info][gc,phases      ] GC(486)   Pre Evacuate Collection Set: 0.35ms
[2654.285s][info][gc,phases      ] GC(486)   Merge Heap Roots: 0.49ms
[2654.285s][info][gc,phases      ] GC(486)   Evacuate Collection Set: 116.07ms
[2654.285s][info][gc,phases      ] GC(486)   Post Evacuate Collection Set: 0.92ms
[2654.285s][info][gc,phases      ] GC(486)   Other: 0.09ms
[2654.285s][info][gc,heap        ] GC(486) Eden regions: 1118->0(1105)
[2654.285s][info][gc,heap        ] GC(486) Survivor regions: 110->111(154)
[2654.285s][info][gc,heap        ] GC(486) Old regions: 507->538
[2654.285s][info][gc,heap        ] GC(486) Humongous regions: 80->80
[2654.285s][info][gc,metaspace   ] GC(486) Metaspace: 28951K(29248K)->28951K(29248K) NonClass: 24068K(24192K)->24068K(24192K) Class: 4883K(5056K)->4883K(5056K)
[2654.285s][info][gc             ] GC(486) Pause Young (Prepare Mixed) (G1 Evacuation Pause) 3627M->1456M(4096M) 118.045ms
[2654.285s][info][gc,cpu         ] GC(486) User=0.70s Sys=0.00s Real=0.12s
....[2658.454s][info][gc,start       ] GC(487) Pause Young (Mixed) (G1 Evacuation Pause)
[2658.454s][info][gc,task        ] GC(487) Using 6 workers of 6 for evacuation
[2658.584s][info][gc,phases      ] GC(487)   Pre Evacuate Collection Set: 0.36ms
[2658.584s][info][gc,phases      ] GC(487)   Merge Heap Roots: 0.67ms
[2658.584s][info][gc,phases      ] GC(487)   Evacuate Collection Set: 127.91ms
[2658.584s][info][gc,phases      ] GC(487)   Post Evacuate Collection Set: 0.96ms
[2658.584s][info][gc,phases      ] GC(487)   Other: 0.08ms
[2658.584s][info][gc,heap        ] GC(487) Eden regions: 1105->0(1119)
[2658.584s][info][gc,heap        ] GC(487) Survivor regions: 111->109(152)
[2658.584s][info][gc,heap        ] GC(487) Old regions: 538->474
[2658.584s][info][gc,heap        ] GC(487) Humongous regions: 80->80
[2658.584s][info][gc,metaspace   ] GC(487) Metaspace: 28951K(29248K)->28951K(29248K) NonClass: 24068K(24192K)->24068K(24192K) Class: 4883K(5056K)->4883K(5056K)
[2658.584s][info][gc             ] GC(487) Pause Young (Mixed) (G1 Evacuation Pause) 3666M->1324M(4096M) 130.120ms
[2658.584s][info][gc,cpu         ] GC(487) User=0.77s Sys=0.00s Real=0.13s
....[2662.845s][info][gc,start       ] GC(488) Pause Young (Concurrent Start) (G1 Evacuation Pause)
[2662.845s][info][gc,task        ] GC(488) Using 6 workers of 6 for evacuation
[2662.962s][info][gc,phases      ] GC(488)   Pre Evacuate Collection Set: 0.41ms
[2662.962s][info][gc,phases      ] GC(488)   Merge Heap Roots: 0.47ms
[2662.962s][info][gc,phases      ] GC(488)   Evacuate Collection Set: 114.73ms
[2662.962s][info][gc,phases      ] GC(488)   Post Evacuate Collection Set: 0.92ms
[2662.962s][info][gc,phases      ] GC(488)   Other: 0.11ms
[2662.962s][info][gc,heap        ] GC(488) Eden regions: 1119->0(1120)
[2662.962s][info][gc,heap        ] GC(488) Survivor regions: 109->108(154)
[2662.962s][info][gc,heap        ] GC(488) Old regions: 474->507
[2662.962s][info][gc,heap        ] GC(488) Humongous regions: 80->80
[2662.962s][info][gc,metaspace   ] GC(488) Metaspace: 28951K(29248K)->28951K(29248K) NonClass: 24068K(24192K)->24068K(24192K) Class: 4883K(5056K)->4883K(5056K)
[2662.962s][info][gc             ] GC(488) Pause Young (Concurrent Start) (G1 Evacuation Pause) 3562M->1389M(4096M) 116.825ms
[2662.962s][info][gc             ] GC(489) Concurrent Mark Cycle
[2662.962s][info][gc,marking     ] GC(489) Concurrent Scan Root Regions
[2662.962s][info][gc,cpu         ] GC(488) User=0.69s Sys=0.00s Real=0.12s
.[2663.137s][info][gc,marking     ] GC(489) Concurrent Scan Root Regions 175.147ms
[2663.137s][info][gc,marking     ] GC(489) Concurrent Mark
[2663.137s][info][gc,marking     ] GC(489) Concurrent Mark From Roots
[2663.137s][info][gc,task        ] GC(489) Using 2 workers of 2 for marking
.[2664.112s][info][gc,marking     ] GC(489) Concurrent Mark From Roots 974.194ms
[2664.112s][info][gc,marking     ] GC(489) Concurrent Preclean
[2664.112s][info][gc,marking     ] GC(489) Concurrent Preclean 0.074ms
[2664.113s][info][gc,start       ] GC(489) Pause Remark
[2664.117s][info][gc             ] GC(489) Pause Remark 1955M->1955M(4096M) 4.578ms
[2664.117s][info][gc,cpu         ] GC(489) User=0.03s Sys=0.00s Real=0.00s
[2664.117s][info][gc,marking     ] GC(489) Concurrent Mark 979.765ms
[2664.117s][info][gc,marking     ] GC(489) Concurrent Rebuild Remembered Sets and Scrub Regions
[2664.364s][info][gc,marking     ] GC(489) Concurrent Rebuild Remembered Sets and Scrub Regions 246.264ms
[2664.364s][info][gc,start       ] GC(489) Pause Cleanup
[2664.364s][info][gc             ] GC(489) Pause Cleanup 2097M->2097M(4096M) 0.123ms
[2664.364s][info][gc,cpu         ] GC(489) User=0.00s Sys=0.00s Real=0.00s
[2664.364s][info][gc,marking     ] GC(489) Concurrent Clear Claimed Marks
[2664.364s][info][gc,marking     ] GC(489) Concurrent Clear Claimed Marks 0.024ms
[2664.364s][info][gc,marking     ] GC(489) Concurrent Cleanup for Next Mark
[2664.367s][info][gc,marking     ] GC(489) Concurrent Cleanup for Next Mark 3.529ms
[2664.367s][info][gc             ] GC(489) Concurrent Mark Cycle 1405.175ms
...[2667.269s][info][gc,start       ] GC(490) Pause Young (Prepare Mixed) (G1 Evacuation Pause)
[2667.269s][info][gc,task        ] GC(490) Using 6 workers of 6 for evacuation
[2667.386s][info][gc,phases      ] GC(490)   Pre Evacuate Collection Set: 0.34ms
[2667.386s][info][gc,phases      ] GC(490)   Merge Heap Roots: 0.53ms
[2667.386s][info][gc,phases      ] GC(490)   Evacuate Collection Set: 115.54ms
[2667.386s][info][gc,phases      ] GC(490)   Post Evacuate Collection Set: 0.98ms
[2667.386s][info][gc,phases      ] GC(490)   Other: 0.09ms
[2667.386s][info][gc,heap        ] GC(490) Eden regions: 1120->0(1104)
[2667.386s][info][gc,heap        ] GC(490) Survivor regions: 108->111(154)
[2667.386s][info][gc,heap        ] GC(490) Old regions: 507->539
[2667.386s][info][gc,heap        ] GC(490) Humongous regions: 80->80
[2667.386s][info][gc,metaspace   ] GC(490) Metaspace: 28951K(29248K)->28951K(29248K) NonClass: 24068K(24192K)->24068K(24192K) Class: 4883K(5056K)->4883K(5056K)
[2667.386s][info][gc             ] GC(490) Pause Young (Prepare Mixed) (G1 Evacuation Pause) 3629M->1457M(4096M) 117.610ms
[2667.386s][info][gc,cpu         ] GC(490) User=0.69s Sys=0.00s Real=0.11s
... (rIR:aIR:PR = 4289:4291:4291) (tPR = 63505) [OK] 
  2669s: Performance info:
         Transaction,    Success,    Partial,     Failed,   Receipts, AvgBarcode, 
             Overall,     258486,          0,          0,     245550,      59.47, 
         Response times:
             Request,    Success,    Partial,     Failed,   SkipFail,     Probes,    Samples,      min,      p50,      p90,      p95,      p99,      max, 
       TotalPurchase,     245550,          0,          0,          0,     241013,     265663,      300,     3500,     6500,    10200,    46000,   220000,
     InStorePurchase,     129245,          0,          0,          0,     127316,     139986,      300,     3500,     6500,    10200,    46000,   212000,
      OnlinePurchase,      90464,          0,          0,          0,      88571,      97681,      300,     3500,     6500,    10300,    44000,   220000,
        InstPurchase,      25841,          0,          0,          0,      25126,      27996,      400,     3400,     6530,    10600,    49000,   188000,
          AssocOfCat,        260,          0,          0,          0,        201,        283,    21000,    31000,    49600,    67600,   156560,   218000,
      AssocOfProduct,       2591,          0,          0,          0,       2391,       2782,      700,     4200,     6870,    11900,    48000,   144000,
      BusinessReport,        644,          0,          0,          0,        557,        747,    24000,    33000,    52000,    64000,   119760,   178000,
          CustBuyBeh,       2588,          0,          0,          0,       2361,       2884,      700,     4800,     7700,    14200,    59000,   138000,
       ProductReturn,       6854,          0,          0,          0,       6472,       7435,      200,     4000,     6900,    11800,    55000,   141000,

  2669s: (32%)   IR =   4428 .[2671.607s][info][gc,start       ] GC(491) Pause Young (Mixed) (G1 Evacuation Pause)
[2671.607s][info][gc,task        ] GC(491) Using 6 workers of 6 for evacuation
[2671.741s][info][gc,phases      ] GC(491)   Pre Evacuate Collection Set: 0.42ms
[2671.741s][info][gc,phases      ] GC(491)   Merge Heap Roots: 0.64ms
[2671.741s][info][gc,phases      ] GC(491)   Evacuate Collection Set: 132.59ms
[2671.741s][info][gc,phases      ] GC(491)   Post Evacuate Collection Set: 1.01ms
[2671.741s][info][gc,phases      ] GC(491)   Other: 0.10ms
[2671.741s][info][gc,heap        ] GC(491) Eden regions: 1104->0(1117)
[2671.741s][info][gc,heap        ] GC(491) Survivor regions: 111->111(152)
[2671.741s][info][gc,heap        ] GC(491) Old regions: 539->473
[2671.741s][info][gc,heap        ] GC(491) Humongous regions: 80->80
[2671.741s][info][gc,metaspace   ] GC(491) Metaspace: 28951K(29248K)->28951K(29248K) NonClass: 24068K(24192K)->24068K(24192K) Class: 4883K(5056K)->4883K(5056K)
[2671.741s][info][gc             ] GC(491) Pause Young (Mixed) (G1 Evacuation Pause) 3665M->1327M(4096M) 134.877ms
[2671.741s][info][gc,cpu         ] GC(491) User=0.80s Sys=0.00s Real=0.14s
....|[2675.845s][info][gc,start       ] GC(492) Pause Young (Concurrent Start) (G1 Evacuation Pause)
[2675.845s][info][gc,task        ] GC(492) Using 6 workers of 6 for evacuation
[2675.962s][info][gc,phases      ] GC(492)   Pre Evacuate Collection Set: 0.41ms
[2675.962s][info][gc,phases      ] GC(492)   Merge Heap Roots: 0.48ms
[2675.962s][info][gc,phases      ] GC(492)   Evacuate Collection Set: 115.41ms
[2675.962s][info][gc,phases      ] GC(492)   Post Evacuate Collection Set: 0.91ms
[2675.962s][info][gc,phases      ] GC(492)   Other: 0.11ms
[2675.962s][info][gc,heap        ] GC(492) Eden regions: 1117->0(1118)
[2675.962s][info][gc,heap        ] GC(492) Survivor regions: 111->110(154)
[2675.962s][info][gc,heap        ] GC(492) Old regions: 473->505
[2675.962s][info][gc,heap        ] GC(492) Humongous regions: 80->80
[2675.962s][info][gc,metaspace   ] GC(492) Metaspace: 28951K(29248K)->28951K(29248K) NonClass: 24068K(24192K)->24068K(24192K) Class: 4883K(5056K)->4883K(5056K)
[2675.962s][info][gc             ] GC(492) Pause Young (Concurrent Start) (G1 Evacuation Pause) 3561M->1388M(4096M) 117.444ms
[2675.962s][info][gc             ] GC(493) Concurrent Mark Cycle
[2675.962s][info][gc,marking     ] GC(493) Concurrent Scan Root Regions
[2675.962s][info][gc,cpu         ] GC(492) User=0.70s Sys=0.00s Real=0.12s
.[2676.104s][info][gc,marking     ] GC(493) Concurrent Scan Root Regions 141.534ms
[2676.104s][info][gc,marking     ] GC(493) Concurrent Mark
[2676.104s][info][gc,marking     ] GC(493) Concurrent Mark From Roots
[2676.104s][info][gc,task        ] GC(493) Using 2 workers of 2 for marking
[2676.724s][info][gc,marking     ] GC(493) Concurrent Mark From Roots 620.156ms
[2676.724s][info][gc,marking     ] GC(493) Concurrent Preclean
[2676.724s][info][gc,marking     ] GC(493) Concurrent Preclean 0.066ms
[2676.724s][info][gc,start       ] GC(493) Pause Remark
[2676.728s][info][gc             ] GC(493) Pause Remark 1830M->1830M(4096M) 3.598ms
[2676.728s][info][gc,cpu         ] GC(493) User=0.02s Sys=0.00s Real=0.00s
[2676.728s][info][gc,marking     ] GC(493) Concurrent Mark 624.103ms
[2676.728s][info][gc,marking     ] GC(493) Concurrent Rebuild Remembered Sets and Scrub Regions
[2676.994s][info][gc,marking     ] GC(493) Concurrent Rebuild Remembered Sets and Scrub Regions 266.051ms
[2676.994s][info][gc,start       ] GC(493) Pause Cleanup
[2676.994s][info][gc             ] GC(493) Pause Cleanup 1970M->1970M(4096M) 0.128ms
[2676.994s][info][gc,cpu         ] GC(493) User=0.00s Sys=0.00s Real=0.00s
[2676.995s][info][gc,marking     ] GC(493) Concurrent Clear Claimed Marks
[2676.995s][info][gc,marking     ] GC(493) Concurrent Clear Claimed Marks 0.033ms
[2676.995s][info][gc,marking     ] GC(493) Concurrent Cleanup for Next Mark
[2677.000s][info][gc,marking     ] GC(493) Concurrent Cleanup for Next Mark 4.953ms
[2677.000s][info][gc             ] GC(493) Concurrent Mark Cycle 1037.827ms
....[2680.212s][info][gc,start       ] GC(494) Pause Young (Prepare Mixed) (G1 Evacuation Pause)
[2680.212s][info][gc,task        ] GC(494) Using 6 workers of 6 for evacuation
[2680.332s][info][gc,phases      ] GC(494)   Pre Evacuate Collection Set: 0.34ms
[2680.332s][info][gc,phases      ] GC(494)   Merge Heap Roots: 0.51ms
[2680.332s][info][gc,phases      ] GC(494)   Evacuate Collection Set: 117.70ms
[2680.332s][info][gc,phases      ] GC(494)   Post Evacuate Collection Set: 0.95ms
[2680.332s][info][gc,phases      ] GC(494)   Other: 0.09ms
[2680.332s][info][gc,heap        ] GC(494) Eden regions: 1118->0(1106)
[2680.332s][info][gc,heap        ] GC(494) Survivor regions: 110->111(154)
[2680.332s][info][gc,heap        ] GC(494) Old regions: 505->537
[2680.332s][info][gc,heap        ] GC(494) Humongous regions: 80->80
[2680.332s][info][gc,metaspace   ] GC(494) Metaspace: 28951K(29248K)->28951K(29248K) NonClass: 24068K(24192K)->24068K(24192K) Class: 4883K(5056K)->4883K(5056K)
[2680.332s][info][gc             ] GC(494) Pause Young (Prepare Mixed) (G1 Evacuation Pause) 3624M->1454M(4096M) 119.738ms
[2680.332s][info][gc,cpu         ] GC(494) User=0.71s Sys=0.00s Real=0.12s
....[2684.402s][info][gc,start       ] GC(495) Pause Young (Mixed) (G1 Evacuation Pause)
[2684.403s][info][gc,task        ] GC(495) Using 6 workers of 6 for evacuation
[2684.533s][info][gc,phases      ] GC(495)   Pre Evacuate Collection Set: 0.40ms
[2684.533s][info][gc,phases      ] GC(495)   Merge Heap Roots: 0.61ms
[2684.533s][info][gc,phases      ] GC(495)   Evacuate Collection Set: 128.22ms
[2684.533s][info][gc,phases      ] GC(495)   Post Evacuate Collection Set: 0.98ms
[2684.533s][info][gc,phases      ] GC(495)   Other: 0.08ms
[2684.533s][info][gc,heap        ] GC(495) Eden regions: 1106->0(1120)
[2684.533s][info][gc,heap        ] GC(495) Survivor regions: 111->108(153)
[2684.533s][info][gc,heap        ] GC(495) Old regions: 537->473
[2684.533s][info][gc,heap        ] GC(495) Humongous regions: 80->80
[2684.533s][info][gc,metaspace   ] GC(495) Metaspace: 28951K(29248K)->28951K(29248K) NonClass: 24068K(24192K)->24068K(24192K) Class: 4883K(5056K)->4883K(5056K)
[2684.533s][info][gc             ] GC(495) Pause Young (Mixed) (G1 Evacuation Pause) 3666M->1320M(4096M) 130.438ms
[2684.533s][info][gc,cpu         ] GC(495) User=0.77s Sys=0.00s Real=0.13s
....[2688.674s][info][gc,start       ] GC(496) Pause Young (Concurrent Start) (G1 Evacuation Pause)
[2688.674s][info][gc,task        ] GC(496) Using 6 workers of 6 for evacuation
[2688.792s][info][gc,phases      ] GC(496)   Pre Evacuate Collection Set: 0.41ms
[2688.792s][info][gc,phases      ] GC(496)   Merge Heap Roots: 0.49ms
[2688.792s][info][gc,phases      ] GC(496)   Evacuate Collection Set: 115.76ms
[2688.792s][info][gc,phases      ] GC(496)   Post Evacuate Collection Set: 0.91ms
[2688.792s][info][gc,phases      ] GC(496)   Other: 0.14ms
[2688.792s][info][gc,heap        ] GC(496) Eden regions: 1120->0(1120)
[2688.792s][info][gc,heap        ] GC(496) Survivor regions: 108->108(154)
[2688.792s][info][gc,heap        ] GC(496) Old regions: 473->505
[2688.792s][info][gc,heap        ] GC(496) Humongous regions: 80->80
[2688.792s][info][gc,metaspace   ] GC(496) Metaspace: 28951K(29248K)->28951K(29248K) NonClass: 24068K(24192K)->24068K(24192K) Class: 4883K(5056K)->4883K(5056K)
[2688.792s][info][gc             ] GC(496) Pause Young (Concurrent Start) (G1 Evacuation Pause) 3560M->1385M(4096M) 117.862ms
[2688.792s][info][gc             ] GC(497) Concurrent Mark Cycle
[2688.792s][info][gc,marking     ] GC(497) Concurrent Scan Root Regions
[2688.792s][info][gc,cpu         ] GC(496) User=0.70s Sys=0.00s Real=0.12s
[2688.963s][info][gc,marking     ] GC(497) Concurrent Scan Root Regions 170.637ms
[2688.963s][info][gc,marking     ] GC(497) Concurrent Mark
[2688.963s][info][gc,marking     ] GC(497) Concurrent Mark From Roots
[2688.963s][info][gc,task        ] GC(497) Using 2 workers of 2 for marking
.[2689.614s][info][gc,marking     ] GC(497) Concurrent Mark From Roots 650.882ms
[2689.614s][info][gc,marking     ] GC(497) Concurrent Preclean
[2689.614s][info][gc,marking     ] GC(497) Concurrent Preclean 0.049ms
[2689.614s][info][gc,start       ] GC(497) Pause Remark
[2689.618s][info][gc             ] GC(497) Pause Remark 1869M->1869M(4096M) 3.564ms
[2689.618s][info][gc,cpu         ] GC(497) User=0.02s Sys=0.00s Real=0.00s
[2689.618s][info][gc,marking     ] GC(497) Concurrent Mark 654.783ms
[2689.618s][info][gc,marking     ] GC(497) Concurrent Rebuild Remembered Sets and Scrub Regions
[2689.901s][info][gc,marking     ] GC(497) Concurrent Rebuild Remembered Sets and Scrub Regions 283.618ms
[2689.901s][info][gc,start       ] GC(497) Pause Cleanup
[2689.902s][info][gc             ] GC(497) Pause Cleanup 2006M->2006M(4096M) 0.118ms
[2689.902s][info][gc,cpu         ] GC(497) User=0.00s Sys=0.00s Real=0.00s
[2689.902s][info][gc,marking     ] GC(497) Concurrent Clear Claimed Marks
[2689.902s][info][gc,marking     ] GC(497) Concurrent Clear Claimed Marks 0.035ms
[2689.902s][info][gc,marking     ] GC(497) Concurrent Cleanup for Next Mark
[2689.907s][info][gc,marking     ] GC(497) Concurrent Cleanup for Next Mark 5.210ms
[2689.907s][info][gc             ] GC(497) Concurrent Mark Cycle 1115.099ms
...[2692.976s][info][gc,start       ] GC(498) Pause Young (Prepare Mixed) (G1 Evacuation Pause)
[2692.976s][info][gc,task        ] GC(498) Using 6 workers of 6 for evacuation
[2693.095s][info][gc,phases      ] GC(498)   Pre Evacuate Collection Set: 0.36ms
[2693.095s][info][gc,phases      ] GC(498)   Merge Heap Roots: 0.51ms
[2693.095s][info][gc,phases      ] GC(498)   Evacuate Collection Set: 116.25ms
[2693.095s][info][gc,phases      ] GC(498)   Post Evacuate Collection Set: 0.95ms
[2693.095s][info][gc,phases      ] GC(498)   Other: 0.08ms
[2693.095s][info][gc,heap        ] GC(498) Eden regions: 1120->0(1108)
[2693.095s][info][gc,heap        ] GC(498) Survivor regions: 108->110(154)
[2693.095s][info][gc,heap        ] GC(498) Old regions: 505->537
[2693.095s][info][gc,heap        ] GC(498) Humongous regions: 80->80
[2693.095s][info][gc,metaspace   ] GC(498) Metaspace: 28951K(29248K)->28951K(29248K) NonClass: 24068K(24192K)->24068K(24192K) Class: 4883K(5056K)->4883K(5056K)
[2693.095s][info][gc             ] GC(498) Pause Young (Prepare Mixed) (G1 Evacuation Pause) 3625M->1453M(4096M) 118.274ms
[2693.095s][info][gc,cpu         ] GC(498) User=0.70s Sys=0.00s Real=0.12s
....[2697.196s][info][gc,start       ] GC(499) Pause Young (Mixed) (G1 Evacuation Pause)
[2697.196s][info][gc,task        ] GC(499) Using 6 workers of 6 for evacuation
[2697.330s][info][gc,phases      ] GC(499)   Pre Evacuate Collection Set: 0.43ms
[2697.330s][info][gc,phases      ] GC(499)   Merge Heap Roots: 0.67ms
[2697.330s][info][gc,phases      ] GC(499)   Evacuate Collection Set: 131.37ms
[2697.330s][info][gc,phases      ] GC(499)   Post Evacuate Collection Set: 1.01ms
[2697.330s][info][gc,phases      ] GC(499)   Other: 0.09ms
[2697.330s][info][gc,heap        ] GC(499) Eden regions: 1108->0(1118)
[2697.330s][info][gc,heap        ] GC(499) Survivor regions: 110->110(153)
[2697.330s][info][gc,heap        ] GC(499) Old regions: 537->473
[2697.330s][info][gc,heap        ] GC(499) Humongous regions: 80->80
[2697.330s][info][gc,metaspace   ] GC(499) Metaspace: 28951K(29248K)->28951K(29248K) NonClass: 24068K(24192K)->24068K(24192K) Class: 4883K(5056K)->4883K(5056K)
[2697.330s][info][gc             ] GC(499) Pause Young (Mixed) (G1 Evacuation Pause) 3669M->1323M(4096M) 133.711ms
[2697.330s][info][gc,cpu         ] GC(499) User=0.80s Sys=0.00s Real=0.14s
.....[2701.501s][info][gc,start       ] GC(500) Pause Young (Concurrent Start) (G1 Evacuation Pause)
[2701.501s][info][gc,task        ] GC(500) Using 6 workers of 6 for evacuation
[2701.620s][info][gc,phases      ] GC(500)   Pre Evacuate Collection Set: 0.41ms
[2701.620s][info][gc,phases      ] GC(500)   Merge Heap Roots: 0.50ms
[2701.620s][info][gc,phases      ] GC(500)   Evacuate Collection Set: 116.46ms
[2701.620s][info][gc,phases      ] GC(500)   Post Evacuate Collection Set: 0.93ms
[2701.620s][info][gc,phases      ] GC(500)   Other: 0.10ms
[2701.620s][info][gc,heap        ] GC(500) Eden regions: 1118->0(1119)
[2701.620s][info][gc,heap        ] GC(500) Survivor regions: 110->109(154)
[2701.620s][info][gc,heap        ] GC(500) Old regions: 473->506
[2701.620s][info][gc,heap        ] GC(500) Humongous regions: 80->80
[2701.620s][info][gc,metaspace   ] GC(500) Metaspace: 28951K(29248K)->28951K(29248K) NonClass: 24068K(24192K)->24068K(24192K) Class: 4883K(5056K)->4883K(5056K)
[2701.620s][info][gc             ] GC(500) Pause Young (Concurrent Start) (G1 Evacuation Pause) 3559M->1388M(4096M) 118.528ms
[2701.620s][info][gc             ] GC(501) Concurrent Mark Cycle
[2701.620s][info][gc,marking     ] GC(501) Concurrent Scan Root Regions
[2701.620s][info][gc,cpu         ] GC(500) User=0.70s Sys=0.00s Real=0.12s
[2701.787s][info][gc,marking     ] GC(501) Concurrent Scan Root Regions 167.384ms
[2701.787s][info][gc,marking     ] GC(501) Concurrent Mark
[2701.787s][info][gc,marking     ] GC(501) Concurrent Mark From Roots
[2701.787s][info][gc,task        ] GC(501) Using 2 workers of 2 for marking
.[2702.436s][info][gc,marking     ] GC(501) Concurrent Mark From Roots 649.058ms
[2702.436s][info][gc,marking     ] GC(501) Concurrent Preclean
[2702.437s][info][gc,marking     ] GC(501) Concurrent Preclean 0.061ms
[2702.438s][info][gc,start       ] GC(501) Pause Remark
[2702.442s][info][gc             ] GC(501) Pause Remark 1899M->1899M(4096M) 4.166ms
[2702.442s][info][gc,cpu         ] GC(501) User=0.03s Sys=0.00s Real=0.01s
[2702.443s][info][gc,marking     ] GC(501) Concurrent Mark 655.319ms
[2702.443s][info][gc,marking     ] GC(501) Concurrent Rebuild Remembered Sets and Scrub Regions
[2702.682s][info][gc,marking     ] GC(501) Concurrent Rebuild Remembered Sets and Scrub Regions 239.785ms
[2702.683s][info][gc,start       ] GC(501) Pause Cleanup
[2702.683s][info][gc             ] GC(501) Pause Cleanup 2038M->2038M(4096M) 0.126ms
[2702.683s][info][gc,cpu         ] GC(501) User=0.00s Sys=0.00s Real=0.00s
[2702.683s][info][gc,marking     ] GC(501) Concurrent Clear Claimed Marks
[2702.683s][info][gc,marking     ] GC(501) Concurrent Clear Claimed Marks 0.027ms
[2702.683s][info][gc,marking     ] GC(501) Concurrent Cleanup for Next Mark
[2702.686s][info][gc,marking     ] GC(501) Concurrent Cleanup for Next Mark 3.164ms
[2702.686s][info][gc             ] GC(501) Concurrent Mark Cycle 1066.118ms
...[2705.707s][info][gc,start       ] GC(502) Pause Young (Prepare Mixed) (G1 Evacuation Pause)
[2705.707s][info][gc,task        ] GC(502) Using 6 workers of 6 for evacuation
[2705.823s][info][gc,phases      ] GC(502)   Pre Evacuate Collection Set: 0.37ms
[2705.824s][info][gc,phases      ] GC(502)   Merge Heap Roots: 0.50ms
[2705.824s][info][gc,phases      ] GC(502)   Evacuate Collection Set: 114.79ms
[2705.824s][info][gc,phases      ] GC(502)   Post Evacuate Collection Set: 0.99ms
[2705.824s][info][gc,phases      ] GC(502)   Other: 0.09ms
[2705.824s][info][gc,heap        ] GC(502) Eden regions: 1119->0(1109)
[2705.824s][info][gc,heap        ] GC(502) Survivor regions: 109->109(154)
[2705.824s][info][gc,heap        ] GC(502) Old regions: 506->538
[2705.824s][info][gc,heap        ] GC(502) Humongous regions: 80->80
[2705.824s][info][gc,metaspace   ] GC(502) Metaspace: 28952K(29248K)->28952K(29248K) NonClass: 24069K(24192K)->24069K(24192K) Class: 4883K(5056K)->4883K(5056K)
[2705.824s][info][gc             ] GC(502) Pause Young (Prepare Mixed) (G1 Evacuation Pause) 3626M->1452M(4096M) 116.883ms
[2705.824s][info][gc,cpu         ] GC(502) User=0.70s Sys=0.00s Real=0.12s
....[2709.945s][info][gc,start       ] GC(503) Pause Young (Mixed) (G1 Evacuation Pause)
[2709.945s][info][gc,task        ] GC(503) Using 6 workers of 6 for evacuation
[2710.080s][info][gc,phases      ] GC(503)   Pre Evacuate Collection Set: 0.41ms
[2710.080s][info][gc,phases      ] GC(503)   Merge Heap Roots: 0.67ms
[2710.080s][info][gc,phases      ] GC(503)   Evacuate Collection Set: 132.35ms
[2710.080s][info][gc,phases      ] GC(503)   Post Evacuate Collection Set: 0.97ms
[2710.080s][info][gc,phases      ] GC(503)   Other: 0.09ms
[2710.080s][info][gc,heap        ] GC(503) Eden regions: 1109->0(1118)
[2710.080s][info][gc,heap        ] GC(503) Survivor regions: 109->110(153)
[2710.080s][info][gc,heap        ] GC(503) Old regions: 538->476
[2710.080s][info][gc,heap        ] GC(503) Humongous regions: 80->80
[2710.080s][info][gc,metaspace   ] GC(503) Metaspace: 28952K(29248K)->28952K(29248K) NonClass: 24069K(24192K)->24069K(24192K) Class: 4883K(5056K)->4883K(5056K)
[2710.080s][info][gc             ] GC(503) Pause Young (Mixed) (G1 Evacuation Pause) 3670M->1329M(4096M) 134.615ms
[2710.080s][info][gc,cpu         ] GC(503) User=0.80s Sys=0.00s Real=0.14s
....[2714.190s][info][gc,start       ] GC(504) Pause Young (Concurrent Start) (G1 Evacuation Pause)
[2714.190s][info][gc,task        ] GC(504) Using 6 workers of 6 for evacuation
[2714.306s][info][gc,phases      ] GC(504)   Pre Evacuate Collection Set: 0.41ms
[2714.306s][info][gc,phases      ] GC(504)   Merge Heap Roots: 0.46ms
[2714.306s][info][gc,phases      ] GC(504)   Evacuate Collection Set: 113.38ms
[2714.306s][info][gc,phases      ] GC(504)   Post Evacuate Collection Set: 0.93ms
[2714.306s][info][gc,phases      ] GC(504)   Other: 0.14ms
[2714.306s][info][gc,heap        ] GC(504) Eden regions: 1118->0(1119)
[2714.306s][info][gc,heap        ] GC(504) Survivor regions: 110->109(154)
[2714.306s][info][gc,heap        ] GC(504) Old regions: 476->508
[2714.306s][info][gc,heap        ] GC(504) Humongous regions: 80->80
[2714.306s][info][gc,metaspace   ] GC(504) Metaspace: 28952K(29248K)->28952K(29248K) NonClass: 24069K(24192K)->24069K(24192K) Class: 4883K(5056K)->4883K(5056K)
[2714.306s][info][gc             ] GC(504) Pause Young (Concurrent Start) (G1 Evacuation Pause) 3565M->1391M(4096M) 115.451ms
[2714.306s][info][gc             ] GC(505) Concurrent Mark Cycle
[2714.306s][info][gc,marking     ] GC(505) Concurrent Scan Root Regions
[2714.306s][info][gc,cpu         ] GC(504) User=0.69s Sys=0.00s Real=0.11s
.[2714.442s][info][gc,marking     ] GC(505) Concurrent Scan Root Regions 136.280ms
[2714.442s][info][gc,marking     ] GC(505) Concurrent Mark
[2714.442s][info][gc,marking     ] GC(505) Concurrent Mark From Roots
[2714.442s][info][gc,task        ] GC(505) Using 2 workers of 2 for marking
[2715.085s][info][gc,marking     ] GC(505) Concurrent Mark From Roots 642.790ms
[2715.085s][info][gc,marking     ] GC(505) Concurrent Preclean
[2715.085s][info][gc,marking     ] GC(505) Concurrent Preclean 0.168ms
[2715.086s][info][gc,start       ] GC(505) Pause Remark
[2715.090s][info][gc             ] GC(505) Pause Remark 1860M->1860M(4096M) 4.577ms
[2715.090s][info][gc,cpu         ] GC(505) User=0.03s Sys=0.00s Real=0.01s
[2715.090s][info][gc,marking     ] GC(505) Concurrent Mark 648.206ms
[2715.090s][info][gc,marking     ] GC(505) Concurrent Rebuild Remembered Sets and Scrub Regions
.[2715.447s][info][gc,marking     ] GC(505) Concurrent Rebuild Remembered Sets and Scrub Regions 356.350ms
[2715.447s][info][gc,start       ] GC(505) Pause Cleanup
[2715.447s][info][gc             ] GC(505) Pause Cleanup 2038M->2038M(4096M) 0.117ms
[2715.447s][info][gc,cpu         ] GC(505) User=0.00s Sys=0.00s Real=0.00s
[2715.447s][info][gc,marking     ] GC(505) Concurrent Clear Claimed Marks
[2715.447s][info][gc,marking     ] GC(505) Concurrent Clear Claimed Marks 0.036ms
[2715.447s][info][gc,marking     ] GC(505) Concurrent Cleanup for Next Mark
[2715.450s][info][gc,marking     ] GC(505) Concurrent Cleanup for Next Mark 3.298ms
[2715.450s][info][gc             ] GC(505) Concurrent Mark Cycle 1144.619ms
...[2718.516s][info][gc,start       ] GC(506) Pause Young (Prepare Mixed) (G1 Evacuation Pause)
[2718.516s][info][gc,task        ] GC(506) Using 6 workers of 6 for evacuation
[2718.633s][info][gc,phases      ] GC(506)   Pre Evacuate Collection Set: 0.34ms
[2718.633s][info][gc,phases      ] GC(506)   Merge Heap Roots: 0.51ms
[2718.633s][info][gc,phases      ] GC(506)   Evacuate Collection Set: 115.88ms
[2718.633s][info][gc,phases      ] GC(506)   Post Evacuate Collection Set: 0.94ms
[2718.633s][info][gc,phases      ] GC(506)   Other: 0.09ms
[2718.633s][info][gc,heap        ] GC(506) Eden regions: 1119->0(1108)
[2718.633s][info][gc,heap        ] GC(506) Survivor regions: 109->109(154)
[2718.633s][info][gc,heap        ] GC(506) Old regions: 508->539
[2718.633s][info][gc,heap        ] GC(506) Humongous regions: 80->80
[2718.633s][info][gc,metaspace   ] GC(506) Metaspace: 28950K(29248K)->28950K(29248K) NonClass: 24070K(24192K)->24070K(24192K) Class: 4880K(5056K)->4880K(5056K)
[2718.633s][info][gc             ] GC(506) Pause Young (Prepare Mixed) (G1 Evacuation Pause) 3629M->1454M(4096M) 117.890ms
[2718.633s][info][gc,cpu         ] GC(506) User=0.69s Sys=0.00s Real=0.12s
....[2722.760s][info][gc,start       ] GC(507) Pause Young (Mixed) (G1 Evacuation Pause)
[2722.760s][info][gc,task        ] GC(507) Using 6 workers of 6 for evacuation
[2722.890s][info][gc,phases      ] GC(507)   Pre Evacuate Collection Set: 0.41ms
[2722.890s][info][gc,phases      ] GC(507)   Merge Heap Roots: 0.61ms
[2722.890s][info][gc,phases      ] GC(507)   Evacuate Collection Set: 127.95ms
[2722.890s][info][gc,phases      ] GC(507)   Post Evacuate Collection Set: 0.97ms
[2722.890s][info][gc,phases      ] GC(507)   Other: 0.09ms
[2722.890s][info][gc,heap        ] GC(507) Eden regions: 1108->0(1118)
[2722.890s][info][gc,heap        ] GC(507) Survivor regions: 109->110(153)
[2722.890s][info][gc,heap        ] GC(507) Old regions: 539->473
[2722.890s][info][gc,heap        ] GC(507) Humongous regions: 80->80
[2722.890s][info][gc,metaspace   ] GC(507) Metaspace: 28950K(29248K)->28950K(29248K) NonClass: 24070K(24192K)->24070K(24192K) Class: 4880K(5056K)->4880K(5056K)
[2722.890s][info][gc             ] GC(507) Pause Young (Mixed) (G1 Evacuation Pause) 3670M->1324M(4096M) 130.164ms
[2722.890s][info][gc,cpu         ] GC(507) User=0.77s Sys=0.00s Real=0.13s
....[2727.099s][info][gc,start       ] GC(508) Pause Young (Concurrent Start) (G1 Evacuation Pause)
[2727.099s][info][gc,task        ] GC(508) Using 6 workers of 6 for evacuation
[2727.217s][info][gc,phases      ] GC(508)   Pre Evacuate Collection Set: 0.40ms
[2727.217s][info][gc,phases      ] GC(508)   Merge Heap Roots: 0.47ms
[2727.217s][info][gc,phases      ] GC(508)   Evacuate Collection Set: 116.16ms
[2727.217s][info][gc,phases      ] GC(508)   Post Evacuate Collection Set: 0.93ms
[2727.217s][info][gc,phases      ] GC(508)   Other: 0.10ms
[2727.217s][info][gc,heap        ] GC(508) Eden regions: 1118->0(1118)
[2727.217s][info][gc,heap        ] GC(508) Survivor regions: 110->110(154)
[2727.217s][info][gc,heap        ] GC(508) Old regions: 473->505
[2727.217s][info][gc,heap        ] GC(508) Humongous regions: 80->80
[2727.217s][info][gc,metaspace   ] GC(508) Metaspace: 28950K(29248K)->28950K(29248K) NonClass: 24070K(24192K)->24070K(24192K) Class: 4880K(5056K)->4880K(5056K)
[2727.217s][info][gc             ] GC(508) Pause Young (Concurrent Start) (G1 Evacuation Pause) 3560M->1389M(4096M) 118.201ms
[2727.217s][info][gc             ] GC(509) Concurrent Mark Cycle
[2727.217s][info][gc,marking     ] GC(509) Concurrent Scan Root Regions
[2727.217s][info][gc,cpu         ] GC(508) User=0.70s Sys=0.00s Real=0.11s
.[2727.407s][info][gc,marking     ] GC(509) Concurrent Scan Root Regions 189.696ms
[2727.407s][info][gc,marking     ] GC(509) Concurrent Mark
[2727.407s][info][gc,marking     ] GC(509) Concurrent Mark From Roots
[2727.407s][info][gc,task        ] GC(509) Using 2 workers of 2 for marking
[2728.189s][info][gc,marking     ] GC(509) Concurrent Mark From Roots 781.675ms
[2728.189s][info][gc,marking     ] GC(509) Concurrent Preclean
[2728.189s][info][gc,marking     ] GC(509) Concurrent Preclean 0.123ms
[2728.190s][info][gc,start       ] GC(509) Pause Remark
[2728.194s][info][gc             ] GC(509) Pause Remark 2007M->2007M(4096M) 3.947ms
[2728.194s][info][gc,cpu         ] GC(509) User=0.02s Sys=0.00s Real=0.00s
[2728.194s][info][gc,marking     ] GC(509) Concurrent Mark 786.902ms
[2728.194s][info][gc,marking     ] GC(509) Concurrent Rebuild Remembered Sets and Scrub Regions
.[2728.428s][info][gc,marking     ] GC(509) Concurrent Rebuild Remembered Sets and Scrub Regions 233.768ms
[2728.428s][info][gc,start       ] GC(509) Pause Cleanup
[2728.428s][info][gc             ] GC(509) Pause Cleanup 2125M->2125M(4096M) 0.137ms
[2728.428s][info][gc,cpu         ] GC(509) User=0.00s Sys=0.00s Real=0.01s
[2728.428s][info][gc,marking     ] GC(509) Concurrent Clear Claimed Marks
[2728.428s][info][gc,marking     ] GC(509) Concurrent Clear Claimed Marks 0.029ms
[2728.428s][info][gc,marking     ] GC(509) Concurrent Cleanup for Next Mark
[2728.433s][info][gc,marking     ] GC(509) Concurrent Cleanup for Next Mark 5.167ms
[2728.433s][info][gc             ] GC(509) Concurrent Mark Cycle 1216.150ms
..[2731.281s][info][gc,start       ] GC(510) Pause Young (Prepare Mixed) (G1 Evacuation Pause)
[2731.281s][info][gc,task        ] GC(510) Using 6 workers of 6 for evacuation
[2731.396s][info][gc,phases      ] GC(510)   Pre Evacuate Collection Set: 0.38ms
[2731.396s][info][gc,phases      ] GC(510)   Merge Heap Roots: 0.54ms
[2731.396s][info][gc,phases      ] GC(510)   Evacuate Collection Set: 112.77ms
[2731.396s][info][gc,phases      ] GC(510)   Post Evacuate Collection Set: 0.95ms
[2731.396s][info][gc,phases      ] GC(510)   Other: 0.09ms
[2731.396s][info][gc,heap        ] GC(510) Eden regions: 1118->0(1111)
[2731.396s][info][gc,heap        ] GC(510) Survivor regions: 110->108(154)
[2731.396s][info][gc,heap        ] GC(510) Old regions: 505->538
[2731.396s][info][gc,heap        ] GC(510) Humongous regions: 80->80
[2731.396s][info][gc,metaspace   ] GC(510) Metaspace: 28950K(29248K)->28950K(29248K) NonClass: 24070K(24192K)->24070K(24192K) Class: 4880K(5056K)->4880K(5056K)
[2731.396s][info][gc             ] GC(510) Pause Young (Prepare Mixed) (G1 Evacuation Pause) 3625M->1449M(4096M) 114.871ms
[2731.396s][info][gc,cpu         ] GC(510) User=0.67s Sys=0.00s Real=0.11s
..... (rIR:aIR:PR = 4428:4428:4428) (tPR = 65554) [OK] 
  2735s: Performance info:
         Transaction,    Success,    Partial,     Failed,   Receipts, AvgBarcode, 
             Overall,     267283,          0,          0,     253919,      59.47, 
         Response times:
             Request,    Success,    Partial,     Failed,   SkipFail,     Probes,    Samples,      min,      p50,      p90,      p95,      p99,      max, 
       TotalPurchase,     253919,          0,          0,          0,     248792,     270858,      300,     3600,     7000,    14305,    72000,   256000,
     InStorePurchase,     133594,          0,          0,          0,     130977,     142406,      300,     3800,     7100,    14900,    74000,   213000,
      OnlinePurchase,      93609,          0,          0,          0,      91736,      99704,      300,     3400,     6700,    13200,    69000,   256000,
        InstPurchase,      26716,          0,          0,          0,      26079,      28748,      400,     3700,     7100,    15600,    69000,   256000,
          AssocOfCat,        267,          0,          0,          0,        211,        298,    22000,    32000,    48100,    62000,   137340,   209000,
      AssocOfProduct,       2678,          0,          0,          0,       2503,       2849,      600,     4200,     7600,    21000,    75000,   155000,
      BusinessReport,        669,          0,          0,          0,        563,        704,    21000,    34500,    58000,    73000,   157600,   248000,
          CustBuyBeh,       2667,          0,          0,          0,       2431,       2778,      200,     4700,     8200,    17200,    69050,   148000,
       ProductReturn,       7083,          0,          0,          0,       6702,       7545,      200,     4100,     7100,    14370,    78540,   155000,

  2735s: (33%)   IR =   4566 [2735.518s][info][gc,start       ] GC(511) Pause Young (Mixed) (G1 Evacuation Pause)
[2735.518s][info][gc,task        ] GC(511) Using 6 workers of 6 for evacuation
[2735.650s][info][gc,phases      ] GC(511)   Pre Evacuate Collection Set: 0.42ms
[2735.650s][info][gc,phases      ] GC(511)   Merge Heap Roots: 0.66ms
[2735.650s][info][gc,phases      ] GC(511)   Evacuate Collection Set: 129.87ms
[2735.650s][info][gc,phases      ] GC(511)   Post Evacuate Collection Set: 1.00ms
[2735.650s][info][gc,phases      ] GC(511)   Other: 0.09ms
[2735.650s][info][gc,heap        ] GC(511) Eden regions: 1111->0(1120)
[2735.650s][info][gc,heap        ] GC(511) Survivor regions: 108->108(153)
[2735.650s][info][gc,heap        ] GC(511) Old regions: 538->474
[2735.650s][info][gc,heap        ] GC(511) Humongous regions: 80->80
[2735.650s][info][gc,metaspace   ] GC(511) Metaspace: 28950K(29248K)->28950K(29248K) NonClass: 24070K(24192K)->24070K(24192K) Class: 4880K(5056K)->4880K(5056K)
[2735.650s][info][gc             ] GC(511) Pause Young (Mixed) (G1 Evacuation Pause) 3671M->1322M(4096M) 132.159ms
[2735.651s][info][gc,cpu         ] GC(511) User=0.78s Sys=0.00s Real=0.13s
....|[2739.691s][info][gc,start       ] GC(512) Pause Young (Concurrent Start) (G1 Evacuation Pause)
[2739.691s][info][gc,task        ] GC(512) Using 6 workers of 6 for evacuation
[2739.807s][info][gc,phases      ] GC(512)   Pre Evacuate Collection Set: 0.42ms
[2739.807s][info][gc,phases      ] GC(512)   Merge Heap Roots: 0.47ms
[2739.807s][info][gc,phases      ] GC(512)   Evacuate Collection Set: 114.39ms
[2739.807s][info][gc,phases      ] GC(512)   Post Evacuate Collection Set: 0.93ms
[2739.807s][info][gc,phases      ] GC(512)   Other: 0.12ms
[2739.807s][info][gc,heap        ] GC(512) Eden regions: 1120->0(1119)
[2739.807s][info][gc,heap        ] GC(512) Survivor regions: 108->109(154)
[2739.807s][info][gc,heap        ] GC(512) Old regions: 474->506
[2739.807s][info][gc,heap        ] GC(512) Humongous regions: 80->80
[2739.807s][info][gc,metaspace   ] GC(512) Metaspace: 28950K(29248K)->28950K(29248K) NonClass: 24070K(24192K)->24070K(24192K) Class: 4880K(5056K)->4880K(5056K)
[2739.807s][info][gc             ] GC(512) Pause Young (Concurrent Start) (G1 Evacuation Pause) 3562M->1387M(4096M) 116.477ms
[2739.807s][info][gc             ] GC(513) Concurrent Mark Cycle
[2739.807s][info][gc,marking     ] GC(513) Concurrent Scan Root Regions
[2739.807s][info][gc,cpu         ] GC(512) User=0.69s Sys=0.00s Real=0.11s
[2739.952s][info][gc,marking     ] GC(513) Concurrent Scan Root Regions 144.743ms
[2739.952s][info][gc,marking     ] GC(513) Concurrent Mark
[2739.952s][info][gc,marking     ] GC(513) Concurrent Mark From Roots
[2739.952s][info][gc,task        ] GC(513) Using 2 workers of 2 for marking
.[2740.586s][info][gc,marking     ] GC(513) Concurrent Mark From Roots 633.847ms
[2740.586s][info][gc,marking     ] GC(513) Concurrent Preclean
[2740.586s][info][gc,marking     ] GC(513) Concurrent Preclean 0.088ms
[2740.586s][info][gc,start       ] GC(513) Pause Remark
[2740.590s][info][gc             ] GC(513) Pause Remark 1870M->1870M(4096M) 4.030ms
[2740.590s][info][gc,cpu         ] GC(513) User=0.02s Sys=0.00s Real=0.01s
[2740.590s][info][gc,marking     ] GC(513) Concurrent Mark 638.214ms
[2740.590s][info][gc,marking     ] GC(513) Concurrent Rebuild Remembered Sets and Scrub Regions
[2740.823s][info][gc,marking     ] GC(513) Concurrent Rebuild Remembered Sets and Scrub Regions 233.351ms
[2740.824s][info][gc,start       ] GC(513) Pause Cleanup
[2740.824s][info][gc             ] GC(513) Pause Cleanup 1996M->1996M(4096M) 0.110ms
[2740.824s][info][gc,cpu         ] GC(513) User=0.00s Sys=0.00s Real=0.00s
[2740.824s][info][gc,marking     ] GC(513) Concurrent Clear Claimed Marks
[2740.824s][info][gc,marking     ] GC(513) Concurrent Clear Claimed Marks 0.025ms
[2740.824s][info][gc,marking     ] GC(513) Concurrent Cleanup for Next Mark
[2740.827s][info][gc,marking     ] GC(513) Concurrent Cleanup for Next Mark 3.371ms
[2740.827s][info][gc             ] GC(513) Concurrent Mark Cycle 1020.142ms
...[2743.806s][info][gc,start       ] GC(514) Pause Young (Prepare Mixed) (G1 Evacuation Pause)
[2743.806s][info][gc,task        ] GC(514) Using 6 workers of 6 for evacuation
[2743.922s][info][gc,phases      ] GC(514)   Pre Evacuate Collection Set: 0.36ms
[2743.922s][info][gc,phases      ] GC(514)   Merge Heap Roots: 0.50ms
[2743.922s][info][gc,phases      ] GC(514)   Evacuate Collection Set: 113.68ms
[2743.922s][info][gc,phases      ] GC(514)   Post Evacuate Collection Set: 0.93ms
[2743.922s][info][gc,phases      ] GC(514)   Other: 0.09ms
[2743.922s][info][gc,heap        ] GC(514) Eden regions: 1119->0(1108)
[2743.922s][info][gc,heap        ] GC(514) Survivor regions: 109->110(154)
[2743.922s][info][gc,heap        ] GC(514) Old regions: 506->537
[2743.922s][info][gc,heap        ] GC(514) Humongous regions: 80->80
[2743.922s][info][gc,metaspace   ] GC(514) Metaspace: 28950K(29248K)->28950K(29248K) NonClass: 24070K(24192K)->24070K(24192K) Class: 4880K(5056K)->4880K(5056K)
[2743.922s][info][gc             ] GC(514) Pause Young (Prepare Mixed) (G1 Evacuation Pause) 3625M->1452M(4096M) 115.684ms
[2743.922s][info][gc,cpu         ] GC(514) User=0.68s Sys=0.00s Real=0.12s
....[2747.957s][info][gc,start       ] GC(515) Pause Young (Mixed) (G1 Evacuation Pause)
[2747.957s][info][gc,task        ] GC(515) Using 6 workers of 6 for evacuation
[2748.090s][info][gc,phases      ] GC(515)   Pre Evacuate Collection Set: 0.37ms
[2748.090s][info][gc,phases      ] GC(515)   Merge Heap Roots: 0.64ms
[2748.090s][info][gc,phases      ] GC(515)   Evacuate Collection Set: 130.29ms
[2748.090s][info][gc,phases      ] GC(515)   Post Evacuate Collection Set: 0.98ms
[2748.090s][info][gc,phases      ] GC(515)   Other: 0.09ms
[2748.090s][info][gc,heap        ] GC(515) Eden regions: 1108->0(1118)
[2748.090s][info][gc,heap        ] GC(515) Survivor regions: 110->110(153)
[2748.090s][info][gc,heap        ] GC(515) Old regions: 537->473
[2748.090s][info][gc,heap        ] GC(515) Humongous regions: 80->80
[2748.090s][info][gc,metaspace   ] GC(515) Metaspace: 28950K(29248K)->28950K(29248K) NonClass: 24070K(24192K)->24070K(24192K) Class: 4880K(5056K)->4880K(5056K)
[2748.090s][info][gc             ] GC(515) Pause Young (Mixed) (G1 Evacuation Pause) 3668M->1324M(4096M) 132.507ms
[2748.090s][info][gc,cpu         ] GC(515) User=0.78s Sys=0.00s Real=0.14s
....[2752.084s][info][gc,start       ] GC(516) Pause Young (Concurrent Start) (G1 Evacuation Pause)
[2752.084s][info][gc,task        ] GC(516) Using 6 workers of 6 for evacuation
[2752.203s][info][gc,phases      ] GC(516)   Pre Evacuate Collection Set: 0.38ms
[2752.203s][info][gc,phases      ] GC(516)   Merge Heap Roots: 0.46ms
[2752.203s][info][gc,phases      ] GC(516)   Evacuate Collection Set: 117.06ms
[2752.203s][info][gc,phases      ] GC(516)   Post Evacuate Collection Set: 0.92ms
[2752.203s][info][gc,phases      ] GC(516)   Other: 0.11ms
[2752.203s][info][gc,heap        ] GC(516) Eden regions: 1118->0(1116)
[2752.203s][info][gc,heap        ] GC(516) Survivor regions: 110->112(154)
[2752.203s][info][gc,heap        ] GC(516) Old regions: 473->505
[2752.203s][info][gc,heap        ] GC(516) Humongous regions: 80->80
[2752.203s][info][gc,metaspace   ] GC(516) Metaspace: 28950K(29248K)->28950K(29248K) NonClass: 24070K(24192K)->24070K(24192K) Class: 4880K(5056K)->4880K(5056K)
[2752.203s][info][gc             ] GC(516) Pause Young (Concurrent Start) (G1 Evacuation Pause) 3560M->1393M(4096M) 119.069ms
[2752.203s][info][gc             ] GC(517) Concurrent Mark Cycle
[2752.203s][info][gc,marking     ] GC(517) Concurrent Scan Root Regions
[2752.203s][info][gc,cpu         ] GC(516) User=0.70s Sys=0.00s Real=0.12s
[2752.347s][info][gc,marking     ] GC(517) Concurrent Scan Root Regions 144.064ms
[2752.348s][info][gc,marking     ] GC(517) Concurrent Mark
[2752.348s][info][gc,marking     ] GC(517) Concurrent Mark From Roots
[2752.348s][info][gc,task        ] GC(517) Using 2 workers of 2 for marking
.[2753.012s][info][gc,marking     ] GC(517) Concurrent Mark From Roots 664.158ms
[2753.012s][info][gc,marking     ] GC(517) Concurrent Preclean
[2753.012s][info][gc,marking     ] GC(517) Concurrent Preclean 0.096ms
[2753.012s][info][gc,start       ] GC(517) Pause Remark
[2753.017s][info][gc             ] GC(517) Pause Remark 1906M->1906M(4096M) 4.905ms
[2753.017s][info][gc,cpu         ] GC(517) User=0.03s Sys=0.00s Real=0.00s
[2753.017s][info][gc,marking     ] GC(517) Concurrent Mark 669.452ms
[2753.017s][info][gc,marking     ] GC(517) Concurrent Rebuild Remembered Sets and Scrub Regions
[2753.254s][info][gc,marking     ] GC(517) Concurrent Rebuild Remembered Sets and Scrub Regions 236.804ms
[2753.254s][info][gc,start       ] GC(517) Pause Cleanup
[2753.254s][info][gc             ] GC(517) Pause Cleanup 2025M->2025M(4096M) 0.120ms
[2753.254s][info][gc,cpu         ] GC(517) User=0.00s Sys=0.00s Real=0.00s
[2753.254s][info][gc,marking     ] GC(517) Concurrent Clear Claimed Marks
[2753.254s][info][gc,marking     ] GC(517) Concurrent Clear Claimed Marks 0.025ms
[2753.254s][info][gc,marking     ] GC(517) Concurrent Cleanup for Next Mark
[2753.257s][info][gc,marking     ] GC(517) Concurrent Cleanup for Next Mark 3.231ms
[2753.257s][info][gc             ] GC(517) Concurrent Mark Cycle 1054.025ms
...[2756.271s][info][gc,start       ] GC(518) Pause Young (Prepare Mixed) (G1 Evacuation Pause)
[2756.271s][info][gc,task        ] GC(518) Using 6 workers of 6 for evacuation
[2756.386s][info][gc,phases      ] GC(518)   Pre Evacuate Collection Set: 0.35ms
[2756.386s][info][gc,phases      ] GC(518)   Merge Heap Roots: 0.52ms
[2756.386s][info][gc,phases      ] GC(518)   Evacuate Collection Set: 112.28ms
[2756.386s][info][gc,phases      ] GC(518)   Post Evacuate Collection Set: 0.93ms
[2756.386s][info][gc,phases      ] GC(518)   Other: 0.09ms
[2756.386s][info][gc,heap        ] GC(518) Eden regions: 1116->0(1114)
[2756.386s][info][gc,heap        ] GC(518) Survivor regions: 112->107(154)
[2756.386s][info][gc,heap        ] GC(518) Old regions: 505->537
[2756.386s][info][gc,heap        ] GC(518) Humongous regions: 80->80
[2756.386s][info][gc,metaspace   ] GC(518) Metaspace: 28947K(29248K)->28947K(29248K) NonClass: 24068K(24192K)->24068K(24192K) Class: 4878K(5056K)->4878K(5056K)
[2756.386s][info][gc             ] GC(518) Pause Young (Prepare Mixed) (G1 Evacuation Pause) 3625M->1447M(4096M) 114.298ms
[2756.386s][info][gc,cpu         ] GC(518) User=0.68s Sys=0.00s Real=0.11s
....[2760.310s][info][gc,start       ] GC(519) Pause Young (Mixed) (G1 Evacuation Pause)
[2760.310s][info][gc,task        ] GC(519) Using 6 workers of 6 for evacuation
[2760.441s][info][gc,phases      ] GC(519)   Pre Evacuate Collection Set: 0.39ms
[2760.441s][info][gc,phases      ] GC(519)   Merge Heap Roots: 0.69ms
[2760.441s][info][gc,phases      ] GC(519)   Evacuate Collection Set: 128.76ms
[2760.441s][info][gc,phases      ] GC(519)   Post Evacuate Collection Set: 0.98ms
[2760.441s][info][gc,phases      ] GC(519)   Other: 0.09ms
[2760.441s][info][gc,heap        ] GC(519) Eden regions: 1114->0(1121)
[2760.441s][info][gc,heap        ] GC(519) Survivor regions: 107->107(153)
[2760.441s][info][gc,heap        ] GC(519) Old regions: 537->473
[2760.441s][info][gc,heap        ] GC(519) Humongous regions: 80->80
[2760.441s][info][gc,metaspace   ] GC(519) Metaspace: 28947K(29248K)->28947K(29248K) NonClass: 24068K(24192K)->24068K(24192K) Class: 4878K(5056K)->4878K(5056K)
[2760.441s][info][gc             ] GC(519) Pause Young (Mixed) (G1 Evacuation Pause) 3675M->1318M(4096M) 131.028ms
[2760.441s][info][gc,cpu         ] GC(519) User=0.77s Sys=0.01s Real=0.13s
....[2764.448s][info][gc,start       ] GC(520) Pause Young (Concurrent Start) (G1 Evacuation Pause)
[2764.448s][info][gc,task        ] GC(520) Using 6 workers of 6 for evacuation
[2764.567s][info][gc,phases      ] GC(520)   Pre Evacuate Collection Set: 0.40ms
[2764.567s][info][gc,phases      ] GC(520)   Merge Heap Roots: 0.45ms
[2764.567s][info][gc,phases      ] GC(520)   Evacuate Collection Set: 117.18ms
[2764.567s][info][gc,phases      ] GC(520)   Post Evacuate Collection Set: 0.92ms
[2764.567s][info][gc,phases      ] GC(520)   Other: 0.12ms
[2764.567s][info][gc,heap        ] GC(520) Eden regions: 1121->0(1119)
[2764.567s][info][gc,heap        ] GC(520) Survivor regions: 107->109(154)
[2764.567s][info][gc,heap        ] GC(520) Old regions: 473->505
[2764.567s][info][gc,heap        ] GC(520) Humongous regions: 80->80
[2764.567s][info][gc,metaspace   ] GC(520) Metaspace: 28947K(29248K)->28947K(29248K) NonClass: 24068K(24192K)->24068K(24192K) Class: 4878K(5056K)->4878K(5056K)
[2764.567s][info][gc             ] GC(520) Pause Young (Concurrent Start) (G1 Evacuation Pause) 3560M->1387M(4096M) 119.196ms
[2764.567s][info][gc             ] GC(521) Concurrent Mark Cycle
[2764.567s][info][gc,marking     ] GC(521) Concurrent Scan Root Regions
[2764.567s][info][gc,cpu         ] GC(520) User=0.70s Sys=0.00s Real=0.12s
.[2764.708s][info][gc,marking     ] GC(521) Concurrent Scan Root Regions 141.352ms
[2764.708s][info][gc,marking     ] GC(521) Concurrent Mark
[2764.708s][info][gc,marking     ] GC(521) Concurrent Mark From Roots
[2764.708s][info][gc,task        ] GC(521) Using 2 workers of 2 for marking
[2765.322s][info][gc,marking     ] GC(521) Concurrent Mark From Roots 613.803ms
[2765.322s][info][gc,marking     ] GC(521) Concurrent Preclean
[2765.322s][info][gc,marking     ] GC(521) Concurrent Preclean 0.087ms
[2765.322s][info][gc,start       ] GC(521) Pause Remark
[2765.326s][info][gc             ] GC(521) Pause Remark 1782M->1782M(4096M) 3.405ms
[2765.326s][info][gc,cpu         ] GC(521) User=0.02s Sys=0.00s Real=0.00s
[2765.327s][info][gc,marking     ] GC(521) Concurrent Mark 618.283ms
[2765.327s][info][gc,marking     ] GC(521) Concurrent Rebuild Remembered Sets and Scrub Regions
[2765.562s][info][gc,marking     ] GC(521) Concurrent Rebuild Remembered Sets and Scrub Regions 235.649ms
[2765.564s][info][gc,start       ] GC(521) Pause Cleanup
[2765.564s][info][gc             ] GC(521) Pause Cleanup 1925M->1925M(4096M) 0.140ms
[2765.564s][info][gc,cpu         ] GC(521) User=0.00s Sys=0.00s Real=0.00s
[2765.564s][info][gc,marking     ] GC(521) Concurrent Clear Claimed Marks
[2765.564s][info][gc,marking     ] GC(521) Concurrent Clear Claimed Marks 0.044ms
[2765.564s][info][gc,marking     ] GC(521) Concurrent Cleanup for Next Mark
[2765.573s][info][gc,marking     ] GC(521) Concurrent Cleanup for Next Mark 8.988ms
[2765.573s][info][gc             ] GC(521) Concurrent Mark Cycle 1006.332ms
....[2768.752s][info][gc,start       ] GC(522) Pause Young (Prepare Mixed) (G1 Evacuation Pause)
[2768.752s][info][gc,task        ] GC(522) Using 6 workers of 6 for evacuation
[2768.869s][info][gc,phases      ] GC(522)   Pre Evacuate Collection Set: 0.35ms
[2768.869s][info][gc,phases      ] GC(522)   Merge Heap Roots: 0.51ms
[2768.869s][info][gc,phases      ] GC(522)   Evacuate Collection Set: 114.61ms
[2768.869s][info][gc,phases      ] GC(522)   Post Evacuate Collection Set: 0.94ms
[2768.869s][info][gc,phases      ] GC(522)   Other: 0.09ms
[2768.869s][info][gc,heap        ] GC(522) Eden regions: 1119->0(1109)
[2768.869s][info][gc,heap        ] GC(522) Survivor regions: 109->110(154)
[2768.869s][info][gc,heap        ] GC(522) Old regions: 505->536
[2768.869s][info][gc,heap        ] GC(522) Humongous regions: 80->80
[2768.869s][info][gc,metaspace   ] GC(522) Metaspace: 28947K(29248K)->28947K(29248K) NonClass: 24068K(24192K)->24068K(24192K) Class: 4878K(5056K)->4878K(5056K)
[2768.869s][info][gc             ] GC(522) Pause Young (Prepare Mixed) (G1 Evacuation Pause) 3625M->1449M(4096M) 116.625ms
[2768.869s][info][gc,cpu         ] GC(522) User=0.69s Sys=0.00s Real=0.12s
....[2772.788s][info][gc,start       ] GC(523) Pause Young (Mixed) (G1 Evacuation Pause)
[2772.788s][info][gc,task        ] GC(523) Using 6 workers of 6 for evacuation
[2772.920s][info][gc,phases      ] GC(523)   Pre Evacuate Collection Set: 0.39ms
[2772.920s][info][gc,phases      ] GC(523)   Merge Heap Roots: 0.66ms
[2772.920s][info][gc,phases      ] GC(523)   Evacuate Collection Set: 129.88ms
[2772.920s][info][gc,phases      ] GC(523)   Post Evacuate Collection Set: 0.97ms
[2772.920s][info][gc,phases      ] GC(523)   Other: 0.09ms
[2772.920s][info][gc,heap        ] GC(523) Eden regions: 1109->0(1118)
[2772.920s][info][gc,heap        ] GC(523) Survivor regions: 110->110(153)
[2772.920s][info][gc,heap        ] GC(523) Old regions: 536->472
[2772.920s][info][gc,heap        ] GC(523) Humongous regions: 80->80
[2772.920s][info][gc,metaspace   ] GC(523) Metaspace: 28947K(29248K)->28947K(29248K) NonClass: 24068K(24192K)->24068K(24192K) Class: 4878K(5056K)->4878K(5056K)
[2772.920s][info][gc             ] GC(523) Pause Young (Mixed) (G1 Evacuation Pause) 3667M->1322M(4096M) 132.156ms
[2772.920s][info][gc,cpu         ] GC(523) User=0.78s Sys=0.00s Real=0.14s
....[2776.950s][info][gc,start       ] GC(524) Pause Young (Concurrent Start) (G1 Evacuation Pause)
[2776.950s][info][gc,task        ] GC(524) Using 6 workers of 6 for evacuation
[2777.066s][info][gc,phases      ] GC(524)   Pre Evacuate Collection Set: 0.39ms
[2777.066s][info][gc,phases      ] GC(524)   Merge Heap Roots: 0.45ms
[2777.066s][info][gc,phases      ] GC(524)   Evacuate Collection Set: 114.19ms
[2777.066s][info][gc,phases      ] GC(524)   Post Evacuate Collection Set: 0.93ms
[2777.066s][info][gc,phases      ] GC(524)   Other: 0.13ms
[2777.066s][info][gc,heap        ] GC(524) Eden regions: 1118->0(1119)
[2777.066s][info][gc,heap        ] GC(524) Survivor regions: 110->109(154)
[2777.066s][info][gc,heap        ] GC(524) Old regions: 472->505
[2777.066s][info][gc,heap        ] GC(524) Humongous regions: 80->80
[2777.066s][info][gc,metaspace   ] GC(524) Metaspace: 28947K(29248K)->28947K(29248K) NonClass: 24068K(24192K)->24068K(24192K) Class: 4878K(5056K)->4878K(5056K)
[2777.066s][info][gc             ] GC(524) Pause Young (Concurrent Start) (G1 Evacuation Pause) 3558M->1386M(4096M) 116.241ms
[2777.066s][info][gc             ] GC(525) Concurrent Mark Cycle
[2777.066s][info][gc,marking     ] GC(525) Concurrent Scan Root Regions
[2777.066s][info][gc,cpu         ] GC(524) User=0.69s Sys=0.00s Real=0.11s
[2777.209s][info][gc,marking     ] GC(525) Concurrent Scan Root Regions 142.863ms
[2777.209s][info][gc,marking     ] GC(525) Concurrent Mark
[2777.209s][info][gc,marking     ] GC(525) Concurrent Mark From Roots
[2777.209s][info][gc,task        ] GC(525) Using 2 workers of 2 for marking
.[2777.864s][info][gc,marking     ] GC(525) Concurrent Mark From Roots 654.290ms
[2777.864s][info][gc,marking     ] GC(525) Concurrent Preclean
[2777.864s][info][gc,marking     ] GC(525) Concurrent Preclean 0.098ms
[2777.864s][info][gc,start       ] GC(525) Pause Remark
[2777.867s][info][gc             ] GC(525) Pause Remark 1895M->1895M(4096M) 3.637ms
[2777.868s][info][gc,cpu         ] GC(525) User=0.02s Sys=0.00s Real=0.00s
[2777.868s][info][gc,marking     ] GC(525) Concurrent Mark 658.291ms
[2777.868s][info][gc,marking     ] GC(525) Concurrent Rebuild Remembered Sets and Scrub Regions
[2778.104s][info][gc,marking     ] GC(525) Concurrent Rebuild Remembered Sets and Scrub Regions 236.791ms
[2778.105s][info][gc,start       ] GC(525) Pause Cleanup
[2778.105s][info][gc             ] GC(525) Pause Cleanup 2027M->2027M(4096M) 0.124ms
[2778.105s][info][gc,cpu         ] GC(525) User=0.00s Sys=0.00s Real=0.00s
[2778.105s][info][gc,marking     ] GC(525) Concurrent Clear Claimed Marks
[2778.105s][info][gc,marking     ] GC(525) Concurrent Clear Claimed Marks 0.029ms
[2778.105s][info][gc,marking     ] GC(525) Concurrent Cleanup for Next Mark
[2778.108s][info][gc,marking     ] GC(525) Concurrent Cleanup for Next Mark 3.518ms
[2778.108s][info][gc             ] GC(525) Concurrent Mark Cycle 1041.976ms
...[2781.114s][info][gc,start       ] GC(526) Pause Young (Prepare Mixed) (G1 Evacuation Pause)
[2781.114s][info][gc,task        ] GC(526) Using 6 workers of 6 for evacuation
[2781.231s][info][gc,phases      ] GC(526)   Pre Evacuate Collection Set: 0.34ms
[2781.231s][info][gc,phases      ] GC(526)   Merge Heap Roots: 0.50ms
[2781.231s][info][gc,phases      ] GC(526)   Evacuate Collection Set: 115.38ms
[2781.231s][info][gc,phases      ] GC(526)   Post Evacuate Collection Set: 0.94ms
[2781.231s][info][gc,phases      ] GC(526)   Other: 0.09ms
[2781.231s][info][gc,heap        ] GC(526) Eden regions: 1119->0(1109)
[2781.231s][info][gc,heap        ] GC(526) Survivor regions: 109->110(154)
[2781.231s][info][gc,heap        ] GC(526) Old regions: 505->536
[2781.231s][info][gc,heap        ] GC(526) Humongous regions: 80->80
[2781.231s][info][gc,metaspace   ] GC(526) Metaspace: 28947K(29248K)->28947K(29248K) NonClass: 24068K(24192K)->24068K(24192K) Class: 4878K(5056K)->4878K(5056K)
[2781.231s][info][gc             ] GC(526) Pause Young (Prepare Mixed) (G1 Evacuation Pause) 3624M->1451M(4096M) 117.393ms
[2781.232s][info][gc,cpu         ] GC(526) User=0.70s Sys=0.00s Real=0.12s
....[2785.155s][info][gc,start       ] GC(527) Pause Young (Mixed) (G1 Evacuation Pause)
[2785.155s][info][gc,task        ] GC(527) Using 6 workers of 6 for evacuation
[2785.288s][info][gc,phases      ] GC(527)   Pre Evacuate Collection Set: 0.40ms
[2785.288s][info][gc,phases      ] GC(527)   Merge Heap Roots: 0.89ms
[2785.288s][info][gc,phases      ] GC(527)   Evacuate Collection Set: 130.29ms
[2785.288s][info][gc,phases      ] GC(527)   Post Evacuate Collection Set: 0.98ms
[2785.288s][info][gc,phases      ] GC(527)   Other: 0.09ms
[2785.288s][info][gc,heap        ] GC(527) Eden regions: 1109->0(1118)
[2785.288s][info][gc,heap        ] GC(527) Survivor regions: 110->110(153)
[2785.288s][info][gc,heap        ] GC(527) Old regions: 536->475
[2785.288s][info][gc,heap        ] GC(527) Humongous regions: 80->80
[2785.288s][info][gc,metaspace   ] GC(527) Metaspace: 28947K(29248K)->28947K(29248K) NonClass: 24068K(24192K)->24068K(24192K) Class: 4878K(5056K)->4878K(5056K)
[2785.288s][info][gc             ] GC(527) Pause Young (Mixed) (G1 Evacuation Pause) 3669M->1328M(4096M) 132.807ms
[2785.288s][info][gc,cpu         ] GC(527) User=0.78s Sys=0.01s Real=0.14s
....[2789.314s][info][gc,start       ] GC(528) Pause Young (Concurrent Start) (G1 Evacuation Pause)
[2789.314s][info][gc,task        ] GC(528) Using 6 workers of 6 for evacuation
[2789.431s][info][gc,phases      ] GC(528)   Pre Evacuate Collection Set: 0.39ms
[2789.431s][info][gc,phases      ] GC(528)   Merge Heap Roots: 0.51ms
[2789.431s][info][gc,phases      ] GC(528)   Evacuate Collection Set: 115.15ms
[2789.431s][info][gc,phases      ] GC(528)   Post Evacuate Collection Set: 0.91ms
[2789.431s][info][gc,phases      ] GC(528)   Other: 0.13ms
[2789.431s][info][gc,heap        ] GC(528) Eden regions: 1118->0(1119)
[2789.431s][info][gc,heap        ] GC(528) Survivor regions: 110->109(154)
[2789.431s][info][gc,heap        ] GC(528) Old regions: 475->508
[2789.431s][info][gc,heap        ] GC(528) Humongous regions: 80->80
[2789.431s][info][gc,metaspace   ] GC(528) Metaspace: 28947K(29248K)->28947K(29248K) NonClass: 24068K(24192K)->24068K(24192K) Class: 4878K(5056K)->4878K(5056K)
[2789.431s][info][gc             ] GC(528) Pause Young (Concurrent Start) (G1 Evacuation Pause) 3564M->1392M(4096M) 117.230ms
[2789.431s][info][gc             ] GC(529) Concurrent Mark Cycle
[2789.431s][info][gc,marking     ] GC(529) Concurrent Scan Root Regions
[2789.431s][info][gc,cpu         ] GC(528) User=0.69s Sys=0.00s Real=0.12s
[2789.585s][info][gc,marking     ] GC(529) Concurrent Scan Root Regions 154.067ms
[2789.585s][info][gc,marking     ] GC(529) Concurrent Mark
[2789.585s][info][gc,marking     ] GC(529) Concurrent Mark From Roots
[2789.585s][info][gc,task        ] GC(529) Using 2 workers of 2 for marking
.[2790.230s][info][gc,marking     ] GC(529) Concurrent Mark From Roots 644.224ms
[2790.230s][info][gc,marking     ] GC(529) Concurrent Preclean
[2790.230s][info][gc,marking     ] GC(529) Concurrent Preclean 0.098ms
[2790.231s][info][gc,start       ] GC(529) Pause Remark
[2790.236s][info][gc             ] GC(529) Pause Remark 1870M->1870M(4096M) 4.904ms
[2790.236s][info][gc,cpu         ] GC(529) User=0.02s Sys=0.00s Real=0.00s
[2790.236s][info][gc,marking     ] GC(529) Concurrent Mark 650.780ms
[2790.236s][info][gc,marking     ] GC(529) Concurrent Rebuild Remembered Sets and Scrub Regions
[2790.467s][info][gc,marking     ] GC(529) Concurrent Rebuild Remembered Sets and Scrub Regions 230.814ms
[2790.467s][info][gc,start       ] GC(529) Pause Cleanup
[2790.467s][info][gc             ] GC(529) Pause Cleanup 1984M->1984M(4096M) 0.111ms
[2790.467s][info][gc,cpu         ] GC(529) User=0.00s Sys=0.00s Real=0.00s
[2790.467s][info][gc,marking     ] GC(529) Concurrent Clear Claimed Marks
[2790.467s][info][gc,marking     ] GC(529) Concurrent Clear Claimed Marks 0.033ms
[2790.467s][info][gc,marking     ] GC(529) Concurrent Cleanup for Next Mark
[2790.472s][info][gc,marking     ] GC(529) Concurrent Cleanup for Next Mark 4.532ms
[2790.472s][info][gc             ] GC(529) Concurrent Mark Cycle 1040.757ms
...[2793.428s][info][gc,start       ] GC(530) Pause Young (Prepare Mixed) (G1 Evacuation Pause)
[2793.428s][info][gc,task        ] GC(530) Using 6 workers of 6 for evacuation
[2793.547s][info][gc,phases      ] GC(530)   Pre Evacuate Collection Set: 0.35ms
[2793.547s][info][gc,phases      ] GC(530)   Merge Heap Roots: 0.58ms
[2793.547s][info][gc,phases      ] GC(530)   Evacuate Collection Set: 117.35ms
[2793.547s][info][gc,phases      ] GC(530)   Post Evacuate Collection Set: 0.95ms
[2793.547s][info][gc,phases      ] GC(530)   Other: 0.10ms
[2793.547s][info][gc,heap        ] GC(530) Eden regions: 1119->0(1105)
[2793.547s][info][gc,heap        ] GC(530) Survivor regions: 109->111(154)
[2793.547s][info][gc,heap        ] GC(530) Old regions: 508->538
[2793.547s][info][gc,heap        ] GC(530) Humongous regions: 80->80
[2793.547s][info][gc,metaspace   ] GC(530) Metaspace: 28945K(29248K)->28945K(29248K) NonClass: 24067K(24192K)->24067K(24192K) Class: 4878K(5056K)->4878K(5056K)
[2793.547s][info][gc             ] GC(530) Pause Young (Prepare Mixed) (G1 Evacuation Pause) 3630M->1457M(4096M) 119.463ms
[2793.547s][info][gc,cpu         ] GC(530) User=0.70s Sys=0.00s Real=0.12s
....[2797.578s][info][gc,start       ] GC(531) Pause Young (Mixed) (G1 Evacuation Pause)
[2797.578s][info][gc,task        ] GC(531) Using 6 workers of 6 for evacuation
[2797.708s][info][gc,phases      ] GC(531)   Pre Evacuate Collection Set: 0.39ms
[2797.708s][info][gc,phases      ] GC(531)   Merge Heap Roots: 0.63ms
[2797.708s][info][gc,phases      ] GC(531)   Evacuate Collection Set: 127.86ms
[2797.708s][info][gc,phases      ] GC(531)   Post Evacuate Collection Set: 0.99ms
[2797.708s][info][gc,phases      ] GC(531)   Other: 0.09ms
[2797.709s][info][gc,heap        ] GC(531) Eden regions: 1105->0(1120)
[2797.709s][info][gc,heap        ] GC(531) Survivor regions: 111->108(152)
[2797.709s][info][gc,heap        ] GC(531) Old regions: 538->475
[2797.709s][info][gc,heap        ] GC(531) Humongous regions: 80->80
[2797.709s][info][gc,metaspace   ] GC(531) Metaspace: 28945K(29248K)->28945K(29248K) NonClass: 24067K(24192K)->24067K(24192K) Class: 4878K(5056K)->4878K(5056K)
[2797.709s][info][gc             ] GC(531) Pause Young (Mixed) (G1 Evacuation Pause) 3667M->1325M(4096M) 130.098ms
[2797.709s][info][gc,cpu         ] GC(531) User=0.77s Sys=0.00s Real=0.13s
... (rIR:aIR:PR = 4566:4565:4565) (tPR = 67867) [OK] 
  2799s: Performance info:
         Transaction,    Success,    Partial,     Failed,   Receipts, AvgBarcode, 
             Overall,     275115,          0,          0,     261367,      59.47, 
         Response times:
             Request,    Success,    Partial,     Failed,   SkipFail,     Probes,    Samples,      min,      p50,      p90,      p95,      p99,      max, 
       TotalPurchase,     261434,          0,          0,          0,     256210,     274173,      300,     3700,     6900,    11800,    47000,   253000,
     InStorePurchase,     137623,          0,          0,          0,     135144,     144388,      300,     3700,     6900,    11700,    47000,   253000,
      OnlinePurchase,      96323,          0,          0,          0,      94266,     100785,      300,     3600,     6800,    11800,    47000,   192000,
        InstPurchase,      27488,          0,          0,          0,      26800,      29000,      400,     4000,     7100,    12900,    48000,   191000,
          AssocOfCat,        271,          0,          0,          0,        210,        274,    23000,    31000,    48500,    57250,    95750,   103000,
      AssocOfProduct,       2748,          0,          0,          0,       2498,       2894,      600,     3000,     6700,    13300,    46050,   139000,
      BusinessReport,        686,          0,          0,          0,        576,        712,    24000,    35000,    55000,    72000,   153960,   264000,
          CustBuyBeh,       2746,          0,          0,          0,       2520,       2878,      300,     4400,     7600,    14815,    57210,   142000,
       ProductReturn,       7301,          0,          0,          0,       7005,       7805,      200,     4300,     7300,    13200,    54000,   176000,

  2799s: (34%)   IR =   4705 .[2801.671s][info][gc,start       ] GC(532) Pause Young (Concurrent Start) (G1 Evacuation Pause)
[2801.671s][info][gc,task        ] GC(532) Using 6 workers of 6 for evacuation
[2801.790s][info][gc,phases      ] GC(532)   Pre Evacuate Collection Set: 0.45ms
[2801.790s][info][gc,phases      ] GC(532)   Merge Heap Roots: 0.51ms
[2801.790s][info][gc,phases      ] GC(532)   Evacuate Collection Set: 116.03ms
[2801.790s][info][gc,phases      ] GC(532)   Post Evacuate Collection Set: 0.96ms
[2801.790s][info][gc,phases      ] GC(532)   Other: 0.90ms
[2801.790s][info][gc,heap        ] GC(532) Eden regions: 1120->0(1119)
[2801.790s][info][gc,heap        ] GC(532) Survivor regions: 108->109(154)
[2801.790s][info][gc,heap        ] GC(532) Old regions: 475->507
[2801.790s][info][gc,heap        ] GC(532) Humongous regions: 80->80
[2801.790s][info][gc,metaspace   ] GC(532) Metaspace: 28945K(29248K)->28945K(29248K) NonClass: 24067K(24192K)->24067K(24192K) Class: 4878K(5056K)->4878K(5056K)
[2801.790s][info][gc             ] GC(532) Pause Young (Concurrent Start) (G1 Evacuation Pause) 3565M->1390M(4096M) 118.980ms
[2801.790s][info][gc             ] GC(533) Concurrent Mark Cycle
[2801.790s][info][gc,marking     ] GC(533) Concurrent Scan Root Regions
[2801.790s][info][gc,cpu         ] GC(532) User=0.70s Sys=0.00s Real=0.12s
.[2801.944s][info][gc,marking     ] GC(533) Concurrent Scan Root Regions 154.643ms
[2801.944s][info][gc,marking     ] GC(533) Concurrent Mark
[2801.945s][info][gc,marking     ] GC(533) Concurrent Mark From Roots
[2801.945s][info][gc,task        ] GC(533) Using 2 workers of 2 for marking
[2802.735s][info][gc,marking     ] GC(533) Concurrent Mark From Roots 790.416ms
[2802.735s][info][gc,marking     ] GC(533) Concurrent Preclean
[2802.735s][info][gc,marking     ] GC(533) Concurrent Preclean 0.139ms
[2802.735s][info][gc,start       ] GC(533) Pause Remark
[2802.740s][info][gc             ] GC(533) Pause Remark 1991M->1991M(4096M) 4.665ms
[2802.740s][info][gc,cpu         ] GC(533) User=0.02s Sys=0.00s Real=0.01s
[2802.740s][info][gc,marking     ] GC(533) Concurrent Mark 795.499ms
[2802.740s][info][gc,marking     ] GC(533) Concurrent Rebuild Remembered Sets and Scrub Regions
.[2803.065s][info][gc,marking     ] GC(533) Concurrent Rebuild Remembered Sets and Scrub Regions 325.291ms
[2803.065s][info][gc,start       ] GC(533) Pause Cleanup
[2803.066s][info][gc             ] GC(533) Pause Cleanup 2182M->2182M(4096M) 0.126ms
[2803.066s][info][gc,cpu         ] GC(533) User=0.00s Sys=0.00s Real=0.00s
[2803.066s][info][gc,marking     ] GC(533) Concurrent Clear Claimed Marks
[2803.066s][info][gc,marking     ] GC(533) Concurrent Clear Claimed Marks 0.033ms
[2803.066s][info][gc,marking     ] GC(533) Concurrent Cleanup for Next Mark
[2803.070s][info][gc,marking     ] GC(533) Concurrent Cleanup for Next Mark 3.727ms
[2803.070s][info][gc             ] GC(533) Concurrent Mark Cycle 1279.896ms
..|[2805.767s][info][gc,start       ] GC(534) Pause Young (Prepare Mixed) (G1 Evacuation Pause)
[2805.767s][info][gc,task        ] GC(534) Using 6 workers of 6 for evacuation
[2805.885s][info][gc,phases      ] GC(534)   Pre Evacuate Collection Set: 0.34ms
[2805.885s][info][gc,phases      ] GC(534)   Merge Heap Roots: 0.53ms
[2805.885s][info][gc,phases      ] GC(534)   Evacuate Collection Set: 115.66ms
[2805.885s][info][gc,phases      ] GC(534)   Post Evacuate Collection Set: 1.01ms
[2805.885s][info][gc,phases      ] GC(534)   Other: 0.09ms
[2805.885s][info][gc,heap        ] GC(534) Eden regions: 1119->0(1108)
[2805.885s][info][gc,heap        ] GC(534) Survivor regions: 109->109(154)
[2805.885s][info][gc,heap        ] GC(534) Old regions: 507->539
[2805.885s][info][gc,heap        ] GC(534) Humongous regions: 80->80
[2805.885s][info][gc,metaspace   ] GC(534) Metaspace: 28945K(29248K)->28945K(29248K) NonClass: 24067K(24192K)->24067K(24192K) Class: 4878K(5056K)->4878K(5056K)
[2805.885s][info][gc             ] GC(534) Pause Young (Prepare Mixed) (G1 Evacuation Pause) 3628M->1454M(4096M) 117.768ms
[2805.885s][info][gc,cpu         ] GC(534) User=0.70s Sys=0.01s Real=0.12s
....[2809.591s][info][gc,start       ] GC(535) Pause Young (Mixed) (G1 Evacuation Pause)
[2809.591s][info][gc,task        ] GC(535) Using 6 workers of 6 for evacuation
[2809.720s][info][gc,phases      ] GC(535)   Pre Evacuate Collection Set: 0.41ms
[2809.720s][info][gc,phases      ] GC(535)   Merge Heap Roots: 0.60ms
[2809.720s][info][gc,phases      ] GC(535)   Evacuate Collection Set: 126.76ms
[2809.720s][info][gc,phases      ] GC(535)   Post Evacuate Collection Set: 0.97ms
[2809.720s][info][gc,phases      ] GC(535)   Other: 0.08ms
[2809.720s][info][gc,heap        ] GC(535) Eden regions: 1108->0(1121)
[2809.720s][info][gc,heap        ] GC(535) Survivor regions: 109->107(153)
[2809.720s][info][gc,heap        ] GC(535) Old regions: 539->475
[2809.720s][info][gc,heap        ] GC(535) Humongous regions: 80->80
[2809.720s][info][gc,metaspace   ] GC(535) Metaspace: 28945K(29248K)->28945K(29248K) NonClass: 24067K(24192K)->24067K(24192K) Class: 4878K(5056K)->4878K(5056K)
[2809.720s][info][gc             ] GC(535) Pause Young (Mixed) (G1 Evacuation Pause) 3670M->1322M(4096M) 128.950ms
[2809.720s][info][gc,cpu         ] GC(535) User=0.77s Sys=0.00s Real=0.13s
....[2813.642s][info][gc,start       ] GC(536) Pause Young (Concurrent Start) (G1 Evacuation Pause)
[2813.642s][info][gc,task        ] GC(536) Using 6 workers of 6 for evacuation
[2813.757s][info][gc,phases      ] GC(536)   Pre Evacuate Collection Set: 0.38ms
[2813.757s][info][gc,phases      ] GC(536)   Merge Heap Roots: 0.45ms
[2813.757s][info][gc,phases      ] GC(536)   Evacuate Collection Set: 113.35ms
[2813.757s][info][gc,phases      ] GC(536)   Post Evacuate Collection Set: 0.88ms
[2813.757s][info][gc,phases      ] GC(536)   Other: 0.12ms
[2813.757s][info][gc,heap        ] GC(536) Eden regions: 1121->0(1121)
[2813.757s][info][gc,heap        ] GC(536) Survivor regions: 107->107(154)
[2813.757s][info][gc,heap        ] GC(536) Old regions: 475->508
[2813.757s][info][gc,heap        ] GC(536) Humongous regions: 80->80
[2813.757s][info][gc,metaspace   ] GC(536) Metaspace: 28945K(29248K)->28945K(29248K) NonClass: 24067K(24192K)->24067K(24192K) Class: 4878K(5056K)->4878K(5056K)
[2813.757s][info][gc             ] GC(536) Pause Young (Concurrent Start) (G1 Evacuation Pause) 3564M->1388M(4096M) 115.317ms
[2813.757s][info][gc             ] GC(537) Concurrent Mark Cycle
[2813.758s][info][gc,marking     ] GC(537) Concurrent Scan Root Regions
[2813.758s][info][gc,cpu         ] GC(536) User=0.68s Sys=0.00s Real=0.11s
.[2813.907s][info][gc,marking     ] GC(537) Concurrent Scan Root Regions 149.676ms
[2813.907s][info][gc,marking     ] GC(537) Concurrent Mark
[2813.907s][info][gc,marking     ] GC(537) Concurrent Mark From Roots
[2813.907s][info][gc,task        ] GC(537) Using 2 workers of 2 for marking
[2814.676s][info][gc,marking     ] GC(537) Concurrent Mark From Roots 768.450ms
[2814.676s][info][gc,marking     ] GC(537) Concurrent Preclean
[2814.676s][info][gc,marking     ] GC(537) Concurrent Preclean 0.113ms
[2814.676s][info][gc,start       ] GC(537) Pause Remark
[2814.680s][info][gc             ] GC(537) Pause Remark 1960M->1960M(4096M) 3.721ms
[2814.680s][info][gc,cpu         ] GC(537) User=0.01s Sys=0.01s Real=0.01s
[2814.680s][info][gc,marking     ] GC(537) Concurrent Mark 772.523ms
[2814.680s][info][gc,marking     ] GC(537) Concurrent Rebuild Remembered Sets and Scrub Regions
.[2814.977s][info][gc,marking     ] GC(537) Concurrent Rebuild Remembered Sets and Scrub Regions 297.247ms
[2814.977s][info][gc,start       ] GC(537) Pause Cleanup
[2814.977s][info][gc             ] GC(537) Pause Cleanup 2098M->2098M(4096M) 0.104ms
[2814.977s][info][gc,cpu         ] GC(537) User=0.00s Sys=0.00s Real=0.00s
[2814.977s][info][gc,marking     ] GC(537) Concurrent Clear Claimed Marks
[2814.977s][info][gc,marking     ] GC(537) Concurrent Clear Claimed Marks 0.028ms
[2814.977s][info][gc,marking     ] GC(537) Concurrent Cleanup for Next Mark
[2814.981s][info][gc,marking     ] GC(537) Concurrent Cleanup for Next Mark 3.281ms
[2814.981s][info][gc             ] GC(537) Concurrent Mark Cycle 1223.193ms
..[2817.765s][info][gc,start       ] GC(538) Pause Young (Prepare Mixed) (G1 Evacuation Pause)
[2817.765s][info][gc,task        ] GC(538) Using 6 workers of 6 for evacuation
[2817.881s][info][gc,phases      ] GC(538)   Pre Evacuate Collection Set: 0.32ms
[2817.881s][info][gc,phases      ] GC(538)   Merge Heap Roots: 0.49ms
[2817.881s][info][gc,phases      ] GC(538)   Evacuate Collection Set: 114.70ms
[2817.881s][info][gc,phases      ] GC(538)   Post Evacuate Collection Set: 0.94ms
[2817.881s][info][gc,phases      ] GC(538)   Other: 0.10ms
[2817.881s][info][gc,heap        ] GC(538) Eden regions: 1121->0(1105)
[2817.881s][info][gc,heap        ] GC(538) Survivor regions: 107->111(154)
[2817.881s][info][gc,heap        ] GC(538) Old regions: 508->538
[2817.881s][info][gc,heap        ] GC(538) Humongous regions: 80->80
[2817.881s][info][gc,metaspace   ] GC(538) Metaspace: 28945K(29248K)->28945K(29248K) NonClass: 24067K(24192K)->24067K(24192K) Class: 4878K(5056K)->4878K(5056K)
[2817.881s][info][gc             ] GC(538) Pause Young (Prepare Mixed) (G1 Evacuation Pause) 3630M->1456M(4096M) 116.687ms
[2817.881s][info][gc,cpu         ] GC(538) User=0.69s Sys=0.00s Real=0.12s
....[2821.664s][info][gc,start       ] GC(539) Pause Young (Mixed) (G1 Evacuation Pause)
[2821.664s][info][gc,task        ] GC(539) Using 6 workers of 6 for evacuation
[2821.797s][info][gc,phases      ] GC(539)   Pre Evacuate Collection Set: 0.39ms
[2821.797s][info][gc,phases      ] GC(539)   Merge Heap Roots: 0.67ms
[2821.797s][info][gc,phases      ] GC(539)   Evacuate Collection Set: 130.80ms
[2821.797s][info][gc,phases      ] GC(539)   Post Evacuate Collection Set: 0.96ms
[2821.797s][info][gc,phases      ] GC(539)   Other: 0.09ms
[2821.797s][info][gc,heap        ] GC(539) Eden regions: 1105->0(1119)
[2821.797s][info][gc,heap        ] GC(539) Survivor regions: 111->109(152)
[2821.797s][info][gc,heap        ] GC(539) Old regions: 538->475
[2821.797s][info][gc,heap        ] GC(539) Humongous regions: 80->80
[2821.797s][info][gc,metaspace   ] GC(539) Metaspace: 28945K(29248K)->28945K(29248K) NonClass: 24067K(24192K)->24067K(24192K) Class: 4878K(5056K)->4878K(5056K)
[2821.797s][info][gc             ] GC(539) Pause Young (Mixed) (G1 Evacuation Pause) 3666M->1326M(4096M) 133.049ms
[2821.797s][info][gc,cpu         ] GC(539) User=0.79s Sys=0.00s Real=0.13s
....[2825.743s][info][gc,start       ] GC(540) Pause Young (Concurrent Start) (G1 Evacuation Pause)
[2825.743s][info][gc,task        ] GC(540) Using 6 workers of 6 for evacuation
[2825.861s][info][gc,phases      ] GC(540)   Pre Evacuate Collection Set: 0.36ms
[2825.861s][info][gc,phases      ] GC(540)   Merge Heap Roots: 0.41ms
[2825.861s][info][gc,phases      ] GC(540)   Evacuate Collection Set: 115.90ms
[2825.861s][info][gc,phases      ] GC(540)   Post Evacuate Collection Set: 0.86ms
[2825.861s][info][gc,phases      ] GC(540)   Other: 0.11ms
[2825.861s][info][gc,heap        ] GC(540) Eden regions: 1119->0(1118)
[2825.861s][info][gc,heap        ] GC(540) Survivor regions: 109->110(154)
[2825.861s][info][gc,heap        ] GC(540) Old regions: 475->507
[2825.861s][info][gc,heap        ] GC(540) Humongous regions: 80->80
[2825.861s][info][gc,metaspace   ] GC(540) Metaspace: 28945K(29248K)->28945K(29248K) NonClass: 24067K(24192K)->24067K(24192K) Class: 4878K(5056K)->4878K(5056K)
[2825.861s][info][gc             ] GC(540) Pause Young (Concurrent Start) (G1 Evacuation Pause) 3564M->1391M(4096M) 117.787ms
[2825.861s][info][gc             ] GC(541) Concurrent Mark Cycle
[2825.861s][info][gc,marking     ] GC(541) Concurrent Scan Root Regions
[2825.861s][info][gc,cpu         ] GC(540) User=0.69s Sys=0.00s Real=0.12s
.[2826.064s][info][gc,marking     ] GC(541) Concurrent Scan Root Regions 203.291ms
[2826.064s][info][gc,marking     ] GC(541) Concurrent Mark
[2826.064s][info][gc,marking     ] GC(541) Concurrent Mark From Roots
[2826.064s][info][gc,task        ] GC(541) Using 2 workers of 2 for marking
[2826.840s][info][gc,marking     ] GC(541) Concurrent Mark From Roots 776.311ms
[2826.841s][info][gc,marking     ] GC(541) Concurrent Preclean
[2826.841s][info][gc,marking     ] GC(541) Concurrent Preclean 0.111ms
[2826.841s][info][gc,start       ] GC(541) Pause Remark
[2826.845s][info][gc             ] GC(541) Pause Remark 2007M->2007M(4096M) 4.176ms
[2826.845s][info][gc,cpu         ] GC(541) User=0.03s Sys=0.00s Real=0.00s
[2826.845s][info][gc,marking     ] GC(541) Concurrent Mark 780.930ms
[2826.845s][info][gc,marking     ] GC(541) Concurrent Rebuild Remembered Sets and Scrub Regions
.[2827.124s][info][gc,marking     ] GC(541) Concurrent Rebuild Remembered Sets and Scrub Regions 278.494ms
[2827.124s][info][gc,start       ] GC(541) Pause Cleanup
[2827.124s][info][gc             ] GC(541) Pause Cleanup 2173M->2173M(4096M) 0.134ms
[2827.124s][info][gc,cpu         ] GC(541) User=0.00s Sys=0.00s Real=0.00s
[2827.124s][info][gc,marking     ] GC(541) Concurrent Clear Claimed Marks
[2827.124s][info][gc,marking     ] GC(541) Concurrent Clear Claimed Marks 0.029ms
[2827.124s][info][gc,marking     ] GC(541) Concurrent Cleanup for Next Mark
[2827.128s][info][gc,marking     ] GC(541) Concurrent Cleanup for Next Mark 4.226ms
[2827.128s][info][gc             ] GC(541) Concurrent Mark Cycle 1267.458ms
..[2829.745s][info][gc,start       ] GC(542) Pause Young (Prepare Mixed) (G1 Evacuation Pause)
[2829.745s][info][gc,task        ] GC(542) Using 6 workers of 6 for evacuation
[2829.866s][info][gc,phases      ] GC(542)   Pre Evacuate Collection Set: 0.32ms
[2829.867s][info][gc,phases      ] GC(542)   Merge Heap Roots: 0.46ms
[2829.867s][info][gc,phases      ] GC(542)   Evacuate Collection Set: 119.66ms
[2829.867s][info][gc,phases      ] GC(542)   Post Evacuate Collection Set: 1.01ms
[2829.867s][info][gc,phases      ] GC(542)   Other: 0.09ms
[2829.867s][info][gc,heap        ] GC(542) Eden regions: 1118->0(1102)
[2829.867s][info][gc,heap        ] GC(542) Survivor regions: 110->113(154)
[2829.867s][info][gc,heap        ] GC(542) Old regions: 507->537
[2829.867s][info][gc,heap        ] GC(542) Humongous regions: 80->80
[2829.867s][info][gc,metaspace   ] GC(542) Metaspace: 28945K(29248K)->28945K(29248K) NonClass: 24067K(24192K)->24067K(24192K) Class: 4878K(5056K)->4878K(5056K)
[2829.867s][info][gc             ] GC(542) Pause Young (Prepare Mixed) (G1 Evacuation Pause) 3627M->1459M(4096M) 121.672ms
[2829.867s][info][gc,cpu         ] GC(542) User=0.72s Sys=0.00s Real=0.12s
....[2833.694s][info][gc,start       ] GC(543) Pause Young (Mixed) (G1 Evacuation Pause)
[2833.694s][info][gc,task        ] GC(543) Using 6 workers of 6 for evacuation
[2833.827s][info][gc,phases      ] GC(543)   Pre Evacuate Collection Set: 0.37ms
[2833.827s][info][gc,phases      ] GC(543)   Merge Heap Roots: 0.57ms
[2833.827s][info][gc,phases      ] GC(543)   Evacuate Collection Set: 131.25ms
[2833.827s][info][gc,phases      ] GC(543)   Post Evacuate Collection Set: 0.95ms
[2833.827s][info][gc,phases      ] GC(543)   Other: 0.09ms
[2833.827s][info][gc,heap        ] GC(543) Eden regions: 1102->0(1117)
[2833.827s][info][gc,heap        ] GC(543) Survivor regions: 113->111(152)
[2833.827s][info][gc,heap        ] GC(543) Old regions: 537->473
[2833.827s][info][gc,heap        ] GC(543) Humongous regions: 80->80
[2833.827s][info][gc,metaspace   ] GC(543) Metaspace: 28945K(29248K)->28945K(29248K) NonClass: 24067K(24192K)->24067K(24192K) Class: 4878K(5056K)->4878K(5056K)
[2833.827s][info][gc             ] GC(543) Pause Young (Mixed) (G1 Evacuation Pause) 3663M->1327M(4096M) 133.381ms
[2833.827s][info][gc,cpu         ] GC(543) User=0.79s Sys=0.00s Real=0.13s
....[2837.737s][info][gc,start       ] GC(544) Pause Young (Concurrent Start) (G1 Evacuation Pause)
[2837.737s][info][gc,task        ] GC(544) Using 6 workers of 6 for evacuation
[2837.855s][info][gc,phases      ] GC(544)   Pre Evacuate Collection Set: 0.38ms
[2837.855s][info][gc,phases      ] GC(544)   Merge Heap Roots: 0.47ms
[2837.855s][info][gc,phases      ] GC(544)   Evacuate Collection Set: 115.31ms
[2837.855s][info][gc,phases      ] GC(544)   Post Evacuate Collection Set: 0.89ms
[2837.855s][info][gc,phases      ] GC(544)   Other: 0.12ms
[2837.855s][info][gc,heap        ] GC(544) Eden regions: 1117->0(1118)
[2837.855s][info][gc,heap        ] GC(544) Survivor regions: 111->110(154)
[2837.855s][info][gc,heap        ] GC(544) Old regions: 473->505
[2837.855s][info][gc,heap        ] GC(544) Humongous regions: 80->80
[2837.855s][info][gc,metaspace   ] GC(544) Metaspace: 28945K(29248K)->28945K(29248K) NonClass: 24067K(24192K)->24067K(24192K) Class: 4878K(5056K)->4878K(5056K)
[2837.855s][info][gc             ] GC(544) Pause Young (Concurrent Start) (G1 Evacuation Pause) 3561M->1388M(4096M) 117.290ms
[2837.855s][info][gc             ] GC(545) Concurrent Mark Cycle
[2837.855s][info][gc,marking     ] GC(545) Concurrent Scan Root Regions
[2837.855s][info][gc,cpu         ] GC(544) User=0.70s Sys=0.00s Real=0.12s
.[2838.037s][info][gc,marking     ] GC(545) Concurrent Scan Root Regions 181.693ms
[2838.037s][info][gc,marking     ] GC(545) Concurrent Mark
[2838.037s][info][gc,marking     ] GC(545) Concurrent Mark From Roots
[2838.037s][info][gc,task        ] GC(545) Using 2 workers of 2 for marking
.[2839.034s][info][gc,marking     ] GC(545) Concurrent Mark From Roots 997.139ms
[2839.034s][info][gc,marking     ] GC(545) Concurrent Preclean
[2839.034s][info][gc,marking     ] GC(545) Concurrent Preclean 0.102ms
[2839.034s][info][gc,start       ] GC(545) Pause Remark
[2839.039s][info][gc             ] GC(545) Pause Remark 2091M->2091M(4096M) 4.553ms
[2839.039s][info][gc,cpu         ] GC(545) User=0.02s Sys=0.00s Real=0.01s
[2839.039s][info][gc,marking     ] GC(545) Concurrent Mark 1002.075ms
[2839.039s][info][gc,marking     ] GC(545) Concurrent Rebuild Remembered Sets and Scrub Regions
[2839.270s][info][gc,marking     ] GC(545) Concurrent Rebuild Remembered Sets and Scrub Regions 230.856ms
[2839.270s][info][gc,start       ] GC(545) Pause Cleanup
[2839.270s][info][gc             ] GC(545) Pause Cleanup 2226M->2226M(4096M) 0.101ms
[2839.270s][info][gc,cpu         ] GC(545) User=0.00s Sys=0.00s Real=0.00s
[2839.270s][info][gc,marking     ] GC(545) Concurrent Clear Claimed Marks
[2839.270s][info][gc,marking     ] GC(545) Concurrent Clear Claimed Marks 0.021ms
[2839.270s][info][gc,marking     ] GC(545) Concurrent Cleanup for Next Mark
[2839.273s][info][gc,marking     ] GC(545) Concurrent Cleanup for Next Mark 3.279ms
[2839.273s][info][gc             ] GC(545) Concurrent Mark Cycle 1418.330ms
..[2841.774s][info][gc,start       ] GC(546) Pause Young (Prepare Mixed) (G1 Evacuation Pause)
[2841.774s][info][gc,task        ] GC(546) Using 6 workers of 6 for evacuation
[2841.888s][info][gc,phases      ] GC(546)   Pre Evacuate Collection Set: 0.33ms
[2841.888s][info][gc,phases      ] GC(546)   Merge Heap Roots: 0.48ms
[2841.888s][info][gc,phases      ] GC(546)   Evacuate Collection Set: 112.40ms
[2841.888s][info][gc,phases      ] GC(546)   Post Evacuate Collection Set: 0.92ms
[2841.888s][info][gc,phases      ] GC(546)   Other: 0.09ms
[2841.888s][info][gc,heap        ] GC(546) Eden regions: 1118->0(1111)
[2841.888s][info][gc,heap        ] GC(546) Survivor regions: 110->109(154)
[2841.888s][info][gc,heap        ] GC(546) Old regions: 505->536
[2841.888s][info][gc,heap        ] GC(546) Humongous regions: 80->80
[2841.888s][info][gc,metaspace   ] GC(546) Metaspace: 28945K(29248K)->28945K(29248K) NonClass: 24067K(24192K)->24067K(24192K) Class: 4878K(5056K)->4878K(5056K)
[2841.888s][info][gc             ] GC(546) Pause Young (Prepare Mixed) (G1 Evacuation Pause) 3624M->1448M(4096M) 114.375ms
[2841.888s][info][gc,cpu         ] GC(546) User=0.68s Sys=0.00s Real=0.12s
....[2845.787s][info][gc,start       ] GC(547) Pause Young (Mixed) (G1 Evacuation Pause)
[2845.787s][info][gc,task        ] GC(547) Using 6 workers of 6 for evacuation
[2845.916s][info][gc,phases      ] GC(547)   Pre Evacuate Collection Set: 0.39ms
[2845.916s][info][gc,phases      ] GC(547)   Merge Heap Roots: 0.60ms
[2845.916s][info][gc,phases      ] GC(547)   Evacuate Collection Set: 127.50ms
[2845.916s][info][gc,phases      ] GC(547)   Post Evacuate Collection Set: 0.96ms
[2845.916s][info][gc,phases      ] GC(547)   Other: 0.10ms
[2845.916s][info][gc,heap        ] GC(547) Eden regions: 1111->0(1120)
[2845.916s][info][gc,heap        ] GC(547) Survivor regions: 109->108(153)
[2845.916s][info][gc,heap        ] GC(547) Old regions: 536->473
[2845.916s][info][gc,heap        ] GC(547) Humongous regions: 80->80
[2845.916s][info][gc,metaspace   ] GC(547) Metaspace: 28945K(29248K)->28945K(29248K) NonClass: 24067K(24192K)->24067K(24192K) Class: 4878K(5056K)->4878K(5056K)
[2845.916s][info][gc             ] GC(547) Pause Young (Mixed) (G1 Evacuation Pause) 3670M->1320M(4096M) 129.690ms
[2845.916s][info][gc,cpu         ] GC(547) User=0.76s Sys=0.00s Real=0.13s
....[2849.768s][info][gc,start       ] GC(548) Pause Young (Concurrent Start) (G1 Evacuation Pause)
[2849.768s][info][gc,task        ] GC(548) Using 6 workers of 6 for evacuation
[2849.885s][info][gc,phases      ] GC(548)   Pre Evacuate Collection Set: 0.40ms
[2849.885s][info][gc,phases      ] GC(548)   Merge Heap Roots: 0.46ms
[2849.885s][info][gc,phases      ] GC(548)   Evacuate Collection Set: 115.12ms
[2849.885s][info][gc,phases      ] GC(548)   Post Evacuate Collection Set: 0.89ms
[2849.885s][info][gc,phases      ] GC(548)   Other: 0.13ms
[2849.885s][info][gc,heap        ] GC(548) Eden regions: 1120->0(1119)
[2849.885s][info][gc,heap        ] GC(548) Survivor regions: 108->109(154)
[2849.885s][info][gc,heap        ] GC(548) Old regions: 473->505
[2849.885s][info][gc,heap        ] GC(548) Humongous regions: 80->80
[2849.885s][info][gc,metaspace   ] GC(548) Metaspace: 28945K(29248K)->28945K(29248K) NonClass: 24067K(24192K)->24067K(24192K) Class: 4878K(5056K)->4878K(5056K)
[2849.885s][info][gc             ] GC(548) Pause Young (Concurrent Start) (G1 Evacuation Pause) 3560M->1385M(4096M) 117.162ms
[2849.885s][info][gc             ] GC(549) Concurrent Mark Cycle
[2849.885s][info][gc,marking     ] GC(549) Concurrent Scan Root Regions
[2849.885s][info][gc,cpu         ] GC(548) User=0.69s Sys=0.00s Real=0.11s
.[2850.029s][info][gc,marking     ] GC(549) Concurrent Scan Root Regions 143.402ms
[2850.029s][info][gc,marking     ] GC(549) Concurrent Mark
[2850.029s][info][gc,marking     ] GC(549) Concurrent Mark From Roots
[2850.029s][info][gc,task        ] GC(549) Using 2 workers of 2 for marking
[2850.683s][info][gc,marking     ] GC(549) Concurrent Mark From Roots 654.404ms
[2850.683s][info][gc,marking     ] GC(549) Concurrent Preclean
[2850.683s][info][gc,marking     ] GC(549) Concurrent Preclean 0.074ms
[2850.683s][info][gc,start       ] GC(549) Pause Remark
[2850.687s][info][gc             ] GC(549) Pause Remark 1867M->1867M(4096M) 3.463ms
[2850.687s][info][gc,cpu         ] GC(549) User=0.02s Sys=0.00s Real=0.00s
[2850.687s][info][gc,marking     ] GC(549) Concurrent Mark 658.195ms
[2850.687s][info][gc,marking     ] GC(549) Concurrent Rebuild Remembered Sets and Scrub Regions
[2850.955s][info][gc,marking     ] GC(549) Concurrent Rebuild Remembered Sets and Scrub Regions 267.888ms
[2850.955s][info][gc,start       ] GC(549) Pause Cleanup
[2850.955s][info][gc             ] GC(549) Pause Cleanup 2026M->2026M(4096M) 0.114ms
[2850.955s][info][gc,cpu         ] GC(549) User=0.00s Sys=0.00s Real=0.00s
[2850.955s][info][gc,marking     ] GC(549) Concurrent Clear Claimed Marks
[2850.955s][info][gc,marking     ] GC(549) Concurrent Clear Claimed Marks 0.033ms
[2850.955s][info][gc,marking     ] GC(549) Concurrent Cleanup for Next Mark
[2850.960s][info][gc,marking     ] GC(549) Concurrent Cleanup for Next Mark 4.694ms
[2850.960s][info][gc             ] GC(549) Concurrent Mark Cycle 1074.913ms
...[2853.853s][info][gc,start       ] GC(550) Pause Young (Prepare Mixed) (G1 Evacuation Pause)
[2853.853s][info][gc,task        ] GC(550) Using 6 workers of 6 for evacuation
[2853.971s][info][gc,phases      ] GC(550)   Pre Evacuate Collection Set: 0.33ms
[2853.971s][info][gc,phases      ] GC(550)   Merge Heap Roots: 0.47ms
[2853.971s][info][gc,phases      ] GC(550)   Evacuate Collection Set: 116.56ms
[2853.971s][info][gc,phases      ] GC(550)   Post Evacuate Collection Set: 0.94ms
[2853.971s][info][gc,phases      ] GC(550)   Other: 0.09ms
[2853.971s][info][gc,heap        ] GC(550) Eden regions: 1119->0(1109)
[2853.971s][info][gc,heap        ] GC(550) Survivor regions: 109->110(154)
[2853.971s][info][gc,heap        ] GC(550) Old regions: 505->536
[2853.971s][info][gc,heap        ] GC(550) Humongous regions: 80->80
[2853.971s][info][gc,metaspace   ] GC(550) Metaspace: 28945K(29248K)->28945K(29248K) NonClass: 24067K(24192K)->24067K(24192K) Class: 4878K(5056K)->4878K(5056K)
[2853.971s][info][gc             ] GC(550) Pause Young (Prepare Mixed) (G1 Evacuation Pause) 3623M->1449M(4096M) 118.527ms
[2853.972s][info][gc,cpu         ] GC(550) User=0.70s Sys=0.00s Real=0.12s
....[2857.755s][info][gc,start       ] GC(551) Pause Young (Mixed) (G1 Evacuation Pause)
[2857.755s][info][gc,task        ] GC(551) Using 6 workers of 6 for evacuation
[2857.887s][info][gc,phases      ] GC(551)   Pre Evacuate Collection Set: 0.38ms
[2857.887s][info][gc,phases      ] GC(551)   Merge Heap Roots: 0.70ms
[2857.887s][info][gc,phases      ] GC(551)   Evacuate Collection Set: 129.98ms
[2857.887s][info][gc,phases      ] GC(551)   Post Evacuate Collection Set: 0.98ms
[2857.887s][info][gc,phases      ] GC(551)   Other: 0.09ms
[2857.887s][info][gc,heap        ] GC(551) Eden regions: 1109->0(1120)
[2857.887s][info][gc,heap        ] GC(551) Survivor regions: 110->108(153)
[2857.887s][info][gc,heap        ] GC(551) Old regions: 536->473
[2857.887s][info][gc,heap        ] GC(551) Humongous regions: 80->80
[2857.887s][info][gc,metaspace   ] GC(551) Metaspace: 28945K(29248K)->28945K(29248K) NonClass: 24067K(24192K)->24067K(24192K) Class: 4878K(5056K)->4878K(5056K)
[2857.887s][info][gc             ] GC(551) Pause Young (Mixed) (G1 Evacuation Pause) 3667M->1320M(4096M) 132.250ms
[2857.887s][info][gc,cpu         ] GC(551) User=0.79s Sys=0.00s Real=0.13s
....[2861.764s][info][gc,start       ] GC(552) Pause Young (Concurrent Start) (G1 Evacuation Pause)
[2861.764s][info][gc,task        ] GC(552) Using 6 workers of 6 for evacuation
[2861.879s][info][gc,phases      ] GC(552)   Pre Evacuate Collection Set: 0.39ms
[2861.879s][info][gc,phases      ] GC(552)   Merge Heap Roots: 0.46ms
[2861.879s][info][gc,phases      ] GC(552)   Evacuate Collection Set: 112.83ms
[2861.879s][info][gc,phases      ] GC(552)   Post Evacuate Collection Set: 0.90ms
[2861.879s][info][gc,phases      ] GC(552)   Other: 0.11ms
[2861.879s][info][gc,heap        ] GC(552) Eden regions: 1120->0(1121)
[2861.879s][info][gc,heap        ] GC(552) Survivor regions: 108->107(154)
[2861.879s][info][gc,heap        ] GC(552) Old regions: 473->506
[2861.879s][info][gc,heap        ] GC(552) Humongous regions: 80->80
[2861.879s][info][gc,metaspace   ] GC(552) Metaspace: 28945K(29248K)->28945K(29248K) NonClass: 24067K(24192K)->24067K(24192K) Class: 4878K(5056K)->4878K(5056K)
[2861.879s][info][gc             ] GC(552) Pause Young (Concurrent Start) (G1 Evacuation Pause) 3560M->1383M(4096M) 114.827ms
[2861.879s][info][gc             ] GC(553) Concurrent Mark Cycle
[2861.879s][info][gc,marking     ] GC(553) Concurrent Scan Root Regions
[2861.879s][info][gc,cpu         ] GC(552) User=0.68s Sys=0.00s Real=0.12s
[2862.031s][info][gc,marking     ] GC(553) Concurrent Scan Root Regions 151.285ms
[2862.031s][info][gc,marking     ] GC(553) Concurrent Mark
[2862.031s][info][gc,marking     ] GC(553) Concurrent Mark From Roots
[2862.031s][info][gc,task        ] GC(553) Using 2 workers of 2 for marking
.[2862.833s][info][gc,marking     ] GC(553) Concurrent Mark From Roots 802.305ms
[2862.833s][info][gc,marking     ] GC(553) Concurrent Preclean
[2862.833s][info][gc,marking     ] GC(553) Concurrent Preclean 0.077ms
[2862.833s][info][gc,start       ] GC(553) Pause Remark
[2862.837s][info][gc             ] GC(553) Pause Remark 1942M->1942M(4096M) 4.146ms
[2862.837s][info][gc,cpu         ] GC(553) User=0.02s Sys=0.00s Real=0.00s
[2862.837s][info][gc,marking     ] GC(553) Concurrent Mark 806.769ms
[2862.837s][info][gc,marking     ] GC(553) Concurrent Rebuild Remembered Sets and Scrub Regions
.[2863.092s][info][gc,marking     ] GC(553) Concurrent Rebuild Remembered Sets and Scrub Regions 254.124ms
[2863.092s][info][gc,start       ] GC(553) Pause Cleanup
[2863.092s][info][gc             ] GC(553) Pause Cleanup 2077M->2077M(4096M) 0.101ms
[2863.092s][info][gc,cpu         ] GC(553) User=0.00s Sys=0.00s Real=0.00s
[2863.092s][info][gc,marking     ] GC(553) Concurrent Clear Claimed Marks
[2863.092s][info][gc,marking     ] GC(553) Concurrent Clear Claimed Marks 0.036ms
[2863.092s][info][gc,marking     ] GC(553) Concurrent Cleanup for Next Mark
[2863.097s][info][gc,marking     ] GC(553) Concurrent Cleanup for Next Mark 4.213ms
[2863.097s][info][gc             ] GC(553) Concurrent Mark Cycle 1217.314ms
.. (rIR:aIR:PR = 4705:4704:4704) (tPR = 69879) [OK] 
  2864s: Performance info:
         Transaction,    Success,    Partial,     Failed,   Receipts, AvgBarcode, 
             Overall,     283446,          0,          0,     269271,      59.48, 
         Response times:
             Request,    Success,    Partial,     Failed,   SkipFail,     Probes,    Samples,      min,      p50,      p90,      p95,      p99,      max, 
       TotalPurchase,     269271,          0,          0,          0,     261833,     287177,      300,     3800,     7600,    13100,    48000,   213000,
     InStorePurchase,     141738,          0,          0,          0,     138004,     151154,      300,     3700,     7600,    13100,    47000,   213000,
      OnlinePurchase,      99180,          0,          0,          0,      96278,     105621,      300,     3800,     7400,    13000,    46000,   201000,
        InstPurchase,      28353,          0,          0,          0,      27551,      30402,      400,     4400,     8000,    13100,    53000,   160000,
          AssocOfCat,        283,          0,          0,          0,        228,        322,    19500,    31000,    48000,    59000,    78620,   158000,
      AssocOfProduct,       2825,          0,          0,          0,       2536,       2934,      600,     3400,     5800,     9900,    34650,   151000,
      BusinessReport,        709,          0,          0,          0,        605,        775,    27000,    35000,    55000,    66000,   123840,   222000,
          CustBuyBeh,       2842,          0,          0,          0,       2600,       2970,      200,     4500,     7800,    11345,    45290,   136000,
       ProductReturn,       7516,          0,          0,          0,       7090,       7894,      200,     4200,     7900,    12525,    53000,   151000,

  2864s: (35%)   IR =   4843 [2865.844s][info][gc,start       ] GC(554) Pause Young (Prepare Mixed) (G1 Evacuation Pause)
[2865.844s][info][gc,task        ] GC(554) Using 6 workers of 6 for evacuation
[2865.959s][info][gc,phases      ] GC(554)   Pre Evacuate Collection Set: 0.33ms
[2865.959s][info][gc,phases      ] GC(554)   Merge Heap Roots: 0.47ms
[2865.960s][info][gc,phases      ] GC(554)   Evacuate Collection Set: 114.10ms
[2865.960s][info][gc,phases      ] GC(554)   Post Evacuate Collection Set: 0.93ms
[2865.960s][info][gc,phases      ] GC(554)   Other: 0.08ms
[2865.960s][info][gc,heap        ] GC(554) Eden regions: 1121->0(1112)
[2865.960s][info][gc,heap        ] GC(554) Survivor regions: 107->109(154)
[2865.960s][info][gc,heap        ] GC(554) Old regions: 506->535
[2865.960s][info][gc,heap        ] GC(554) Humongous regions: 80->80
[2865.960s][info][gc,metaspace   ] GC(554) Metaspace: 28945K(29248K)->28945K(29248K) NonClass: 24067K(24192K)->24067K(24192K) Class: 4878K(5056K)->4878K(5056K)
[2865.960s][info][gc             ] GC(554) Pause Young (Prepare Mixed) (G1 Evacuation Pause) 3625M->1447M(4096M) 116.052ms
[2865.960s][info][gc,cpu         ] GC(554) User=0.69s Sys=0.00s Real=0.12s
....|[2869.741s][info][gc,start       ] GC(555) Pause Young (Mixed) (G1 Evacuation Pause)
[2869.741s][info][gc,task        ] GC(555) Using 6 workers of 6 for evacuation
[2869.870s][info][gc,phases      ] GC(555)   Pre Evacuate Collection Set: 0.38ms
[2869.870s][info][gc,phases      ] GC(555)   Merge Heap Roots: 0.60ms
[2869.870s][info][gc,phases      ] GC(555)   Evacuate Collection Set: 127.00ms
[2869.870s][info][gc,phases      ] GC(555)   Post Evacuate Collection Set: 0.95ms
[2869.870s][info][gc,phases      ] GC(555)   Other: 0.09ms
[2869.870s][info][gc,heap        ] GC(555) Eden regions: 1112->0(1118)
[2869.870s][info][gc,heap        ] GC(555) Survivor regions: 109->110(153)
[2869.870s][info][gc,heap        ] GC(555) Old regions: 535->472
[2869.870s][info][gc,heap        ] GC(555) Humongous regions: 80->80
[2869.870s][info][gc,metaspace   ] GC(555) Metaspace: 28945K(29248K)->28945K(29248K) NonClass: 24067K(24192K)->24067K(24192K) Class: 4878K(5056K)->4878K(5056K)
[2869.871s][info][gc             ] GC(555) Pause Young (Mixed) (G1 Evacuation Pause) 3671M->1322M(4096M) 129.158ms
[2869.871s][info][gc,cpu         ] GC(555) User=0.77s Sys=0.00s Real=0.13s
....[2873.632s][info][gc,start       ] GC(556) Pause Young (Concurrent Start) (G1 Evacuation Pause)
[2873.632s][info][gc,task        ] GC(556) Using 6 workers of 6 for evacuation
[2873.748s][info][gc,phases      ] GC(556)   Pre Evacuate Collection Set: 0.36ms
[2873.748s][info][gc,phases      ] GC(556)   Merge Heap Roots: 0.43ms
[2873.748s][info][gc,phases      ] GC(556)   Evacuate Collection Set: 114.30ms
[2873.748s][info][gc,phases      ] GC(556)   Post Evacuate Collection Set: 0.89ms
[2873.748s][info][gc,phases      ] GC(556)   Other: 0.10ms
[2873.748s][info][gc,heap        ] GC(556) Eden regions: 1118->0(1120)
[2873.748s][info][gc,heap        ] GC(556) Survivor regions: 110->108(154)
[2873.748s][info][gc,heap        ] GC(556) Old regions: 472->505
[2873.748s][info][gc,heap        ] GC(556) Humongous regions: 80->80
[2873.748s][info][gc,metaspace   ] GC(556) Metaspace: 28945K(29248K)->28945K(29248K) NonClass: 24067K(24192K)->24067K(24192K) Class: 4878K(5056K)->4878K(5056K)
[2873.748s][info][gc             ] GC(556) Pause Young (Concurrent Start) (G1 Evacuation Pause) 3558M->1385M(4096M) 116.198ms
[2873.748s][info][gc             ] GC(557) Concurrent Mark Cycle
[2873.748s][info][gc,marking     ] GC(557) Concurrent Scan Root Regions
[2873.748s][info][gc,cpu         ] GC(556) User=0.69s Sys=0.00s Real=0.12s
[2873.927s][info][gc,marking     ] GC(557) Concurrent Scan Root Regions 178.727ms
[2873.927s][info][gc,marking     ] GC(557) Concurrent Mark
[2873.927s][info][gc,marking     ] GC(557) Concurrent Mark From Roots
[2873.927s][info][gc,task        ] GC(557) Using 2 workers of 2 for marking
.[2874.927s][info][gc,marking     ] GC(557) Concurrent Mark From Roots 999.778ms
[2874.927s][info][gc,marking     ] GC(557) Concurrent Preclean
[2874.927s][info][gc,marking     ] GC(557) Concurrent Preclean 0.095ms
[2874.927s][info][gc,start       ] GC(557) Pause Remark
[2874.931s][info][gc             ] GC(557) Pause Remark 2123M->2123M(4096M) 3.702ms
[2874.931s][info][gc,cpu         ] GC(557) User=0.02s Sys=0.00s Real=0.01s
[2874.931s][info][gc,marking     ] GC(557) Concurrent Mark 1003.808ms
[2874.931s][info][gc,marking     ] GC(557) Concurrent Rebuild Remembered Sets and Scrub Regions
.[2875.281s][info][gc,marking     ] GC(557) Concurrent Rebuild Remembered Sets and Scrub Regions 350.631ms
[2875.282s][info][gc,start       ] GC(557) Pause Cleanup
[2875.282s][info][gc             ] GC(557) Pause Cleanup 2320M->2320M(4096M) 0.107ms
[2875.282s][info][gc,cpu         ] GC(557) User=0.00s Sys=0.00s Real=0.00s
[2875.282s][info][gc,marking     ] GC(557) Concurrent Clear Claimed Marks
[2875.282s][info][gc,marking     ] GC(557) Concurrent Clear Claimed Marks 0.024ms
[2875.282s][info][gc,marking     ] GC(557) Concurrent Cleanup for Next Mark
[2875.287s][info][gc,marking     ] GC(557) Concurrent Cleanup for Next Mark 4.883ms
[2875.287s][info][gc             ] GC(557) Concurrent Mark Cycle 1538.526ms
..[2877.553s][info][gc,start       ] GC(558) Pause Young (Prepare Mixed) (G1 Evacuation Pause)
[2877.553s][info][gc,task        ] GC(558) Using 6 workers of 6 for evacuation
[2877.673s][info][gc,phases      ] GC(558)   Pre Evacuate Collection Set: 0.33ms
[2877.673s][info][gc,phases      ] GC(558)   Merge Heap Roots: 0.48ms
[2877.673s][info][gc,phases      ] GC(558)   Evacuate Collection Set: 118.64ms
[2877.673s][info][gc,phases      ] GC(558)   Post Evacuate Collection Set: 0.93ms
[2877.673s][info][gc,phases      ] GC(558)   Other: 0.07ms
[2877.673s][info][gc,heap        ] GC(558) Eden regions: 1120->0(1106)
[2877.673s][info][gc,heap        ] GC(558) Survivor regions: 108->111(154)
[2877.673s][info][gc,heap        ] GC(558) Old regions: 505->537
[2877.673s][info][gc,heap        ] GC(558) Humongous regions: 80->80
[2877.673s][info][gc,metaspace   ] GC(558) Metaspace: 28945K(29248K)->28945K(29248K) NonClass: 24067K(24192K)->24067K(24192K) Class: 4878K(5056K)->4878K(5056K)
[2877.673s][info][gc             ] GC(558) Pause Young (Prepare Mixed) (G1 Evacuation Pause) 3625M->1453M(4096M) 120.589ms
[2877.674s][info][gc,cpu         ] GC(558) User=0.71s Sys=0.00s Real=0.12s
....[2881.398s][info][gc,start       ] GC(559) Pause Young (Mixed) (G1 Evacuation Pause)
[2881.398s][info][gc,task        ] GC(559) Using 6 workers of 6 for evacuation
[2881.530s][info][gc,phases      ] GC(559)   Pre Evacuate Collection Set: 0.36ms
[2881.530s][info][gc,phases      ] GC(559)   Merge Heap Roots: 0.59ms
[2881.530s][info][gc,phases      ] GC(559)   Evacuate Collection Set: 129.74ms
[2881.530s][info][gc,phases      ] GC(559)   Post Evacuate Collection Set: 0.95ms
[2881.530s][info][gc,phases      ] GC(559)   Other: 0.08ms
[2881.530s][info][gc,heap        ] GC(559) Eden regions: 1106->0(1118)
[2881.530s][info][gc,heap        ] GC(559) Survivor regions: 111->110(153)
[2881.530s][info][gc,heap        ] GC(559) Old regions: 537->473
[2881.530s][info][gc,heap        ] GC(559) Humongous regions: 80->80
[2881.530s][info][gc,metaspace   ] GC(559) Metaspace: 28945K(29248K)->28945K(29248K) NonClass: 24067K(24192K)->24067K(24192K) Class: 4878K(5056K)->4878K(5056K)
[2881.530s][info][gc             ] GC(559) Pause Young (Mixed) (G1 Evacuation Pause) 3665M->1324M(4096M) 131.848ms
[2881.530s][info][gc,cpu         ] GC(559) User=0.78s Sys=0.00s Real=0.13s
....[2885.250s][info][gc,start       ] GC(560) Pause Young (Concurrent Start) (G1 Evacuation Pause)
[2885.250s][info][gc,task        ] GC(560) Using 6 workers of 6 for evacuation
[2885.364s][info][gc,phases      ] GC(560)   Pre Evacuate Collection Set: 0.38ms
[2885.364s][info][gc,phases      ] GC(560)   Merge Heap Roots: 0.42ms
[2885.364s][info][gc,phases      ] GC(560)   Evacuate Collection Set: 112.75ms
[2885.364s][info][gc,phases      ] GC(560)   Post Evacuate Collection Set: 0.93ms
[2885.364s][info][gc,phases      ] GC(560)   Other: 0.12ms
[2885.364s][info][gc,heap        ] GC(560) Eden regions: 1118->0(1120)
[2885.364s][info][gc,heap        ] GC(560) Survivor regions: 110->108(154)
[2885.364s][info][gc,heap        ] GC(560) Old regions: 473->505
[2885.364s][info][gc,heap        ] GC(560) Humongous regions: 80->80
[2885.364s][info][gc,metaspace   ] GC(560) Metaspace: 28945K(29248K)->28945K(29248K) NonClass: 24067K(24192K)->24067K(24192K) Class: 4878K(5056K)->4878K(5056K)
[2885.364s][info][gc             ] GC(560) Pause Young (Concurrent Start) (G1 Evacuation Pause) 3560M->1384M(4096M) 114.739ms
[2885.364s][info][gc             ] GC(561) Concurrent Mark Cycle
[2885.364s][info][gc,marking     ] GC(561) Concurrent Scan Root Regions
[2885.364s][info][gc,cpu         ] GC(560) User=0.68s Sys=0.00s Real=0.11s
[2885.540s][info][gc,marking     ] GC(561) Concurrent Scan Root Regions 175.066ms
[2885.540s][info][gc,marking     ] GC(561) Concurrent Mark
[2885.540s][info][gc,marking     ] GC(561) Concurrent Mark From Roots
[2885.540s][info][gc,task        ] GC(561) Using 2 workers of 2 for marking
.[2886.165s][info][gc,marking     ] GC(561) Concurrent Mark From Roots 625.138ms
[2886.165s][info][gc,marking     ] GC(561) Concurrent Preclean
[2886.165s][info][gc,marking     ] GC(561) Concurrent Preclean 0.110ms
[2886.165s][info][gc,start       ] GC(561) Pause Remark
[2886.169s][info][gc             ] GC(561) Pause Remark 1874M->1874M(4096M) 3.860ms
[2886.169s][info][gc,cpu         ] GC(561) User=0.02s Sys=0.00s Real=0.01s
[2886.169s][info][gc,marking     ] GC(561) Concurrent Mark 629.447ms
[2886.169s][info][gc,marking     ] GC(561) Concurrent Rebuild Remembered Sets and Scrub Regions
[2886.405s][info][gc,marking     ] GC(561) Concurrent Rebuild Remembered Sets and Scrub Regions 236.421ms
[2886.406s][info][gc,start       ] GC(561) Pause Cleanup
[2886.406s][info][gc             ] GC(561) Pause Cleanup 2017M->2017M(4096M) 0.104ms
[2886.406s][info][gc,cpu         ] GC(561) User=0.00s Sys=0.00s Real=0.00s
[2886.406s][info][gc,marking     ] GC(561) Concurrent Clear Claimed Marks
[2886.406s][info][gc,marking     ] GC(561) Concurrent Clear Claimed Marks 0.029ms
[2886.406s][info][gc,marking     ] GC(561) Concurrent Cleanup for Next Mark
[2886.409s][info][gc,marking     ] GC(561) Concurrent Cleanup for Next Mark 3.351ms
[2886.409s][info][gc             ] GC(561) Concurrent Mark Cycle 1044.807ms
...[2889.254s][info][gc,start       ] GC(562) Pause Young (Prepare Mixed) (G1 Evacuation Pause)
[2889.254s][info][gc,task        ] GC(562) Using 6 workers of 6 for evacuation
[2889.373s][info][gc,phases      ] GC(562)   Pre Evacuate Collection Set: 0.34ms
[2889.373s][info][gc,phases      ] GC(562)   Merge Heap Roots: 0.51ms
[2889.373s][info][gc,phases      ] GC(562)   Evacuate Collection Set: 117.33ms
[2889.373s][info][gc,phases      ] GC(562)   Post Evacuate Collection Set: 0.91ms
[2889.373s][info][gc,phases      ] GC(562)   Other: 0.08ms
[2889.373s][info][gc,heap        ] GC(562) Eden regions: 1120->0(1104)
[2889.373s][info][gc,heap        ] GC(562) Survivor regions: 108->112(154)
[2889.373s][info][gc,heap        ] GC(562) Old regions: 505->537
[2889.373s][info][gc,heap        ] GC(562) Humongous regions: 80->80
[2889.373s][info][gc,metaspace   ] GC(562) Metaspace: 28945K(29248K)->28945K(29248K) NonClass: 24067K(24192K)->24067K(24192K) Class: 4878K(5056K)->4878K(5056K)
[2889.373s][info][gc             ] GC(562) Pause Young (Prepare Mixed) (G1 Evacuation Pause) 3624M->1456M(4096M) 119.315ms
[2889.373s][info][gc,cpu         ] GC(562) User=0.71s Sys=0.00s Real=0.12s
....[2893.143s][info][gc,start       ] GC(563) Pause Young (Mixed) (G1 Evacuation Pause)
[2893.143s][info][gc,task        ] GC(563) Using 6 workers of 6 for evacuation
[2893.276s][info][gc,phases      ] GC(563)   Pre Evacuate Collection Set: 0.38ms
[2893.276s][info][gc,phases      ] GC(563)   Merge Heap Roots: 0.62ms
[2893.276s][info][gc,phases      ] GC(563)   Evacuate Collection Set: 131.04ms
[2893.276s][info][gc,phases      ] GC(563)   Post Evacuate Collection Set: 0.96ms
[2893.276s][info][gc,phases      ] GC(563)   Other: 0.09ms
[2893.276s][info][gc,heap        ] GC(563) Eden regions: 1104->0(1115)
[2893.276s][info][gc,heap        ] GC(563) Survivor regions: 112->113(152)
[2893.276s][info][gc,heap        ] GC(563) Old regions: 537->474
[2893.276s][info][gc,heap        ] GC(563) Humongous regions: 80->80
[2893.276s][info][gc,metaspace   ] GC(563) Metaspace: 28945K(29248K)->28945K(29248K) NonClass: 24067K(24192K)->24067K(24192K) Class: 4878K(5056K)->4878K(5056K)
[2893.276s][info][gc             ] GC(563) Pause Young (Mixed) (G1 Evacuation Pause) 3664M->1332M(4096M) 133.226ms
[2893.276s][info][gc,cpu         ] GC(563) User=0.79s Sys=0.00s Real=0.13s
...[2897.036s][info][gc,start       ] GC(564) Pause Young (Concurrent Start) (G1 Evacuation Pause)
[2897.036s][info][gc,task        ] GC(564) Using 6 workers of 6 for evacuation
[2897.156s][info][gc,phases      ] GC(564)   Pre Evacuate Collection Set: 0.36ms
[2897.156s][info][gc,phases      ] GC(564)   Merge Heap Roots: 0.46ms
[2897.156s][info][gc,phases      ] GC(564)   Evacuate Collection Set: 118.29ms
[2897.156s][info][gc,phases      ] GC(564)   Post Evacuate Collection Set: 0.88ms
[2897.156s][info][gc,phases      ] GC(564)   Other: 0.11ms
[2897.156s][info][gc,heap        ] GC(564) Eden regions: 1115->0(1118)
[2897.156s][info][gc,heap        ] GC(564) Survivor regions: 113->110(154)
[2897.156s][info][gc,heap        ] GC(564) Old regions: 474->506
[2897.156s][info][gc,heap        ] GC(564) Humongous regions: 80->80
[2897.156s][info][gc,metaspace   ] GC(564) Metaspace: 28945K(29248K)->28945K(29248K) NonClass: 24067K(24192K)->24067K(24192K) Class: 4878K(5056K)->4878K(5056K)
[2897.156s][info][gc             ] GC(564) Pause Young (Concurrent Start) (G1 Evacuation Pause) 3562M->1391M(4096M) 120.275ms
[2897.156s][info][gc             ] GC(565) Concurrent Mark Cycle
[2897.156s][info][gc,marking     ] GC(565) Concurrent Scan Root Regions
[2897.156s][info][gc,cpu         ] GC(564) User=0.71s Sys=0.00s Real=0.12s
.[2897.347s][info][gc,marking     ] GC(565) Concurrent Scan Root Regions 190.699ms
[2897.347s][info][gc,marking     ] GC(565) Concurrent Mark
[2897.347s][info][gc,marking     ] GC(565) Concurrent Mark From Roots
[2897.347s][info][gc,task        ] GC(565) Using 2 workers of 2 for marking
[2898.140s][info][gc,marking     ] GC(565) Concurrent Mark From Roots 792.952ms
[2898.140s][info][gc,marking     ] GC(565) Concurrent Preclean
[2898.140s][info][gc,marking     ] GC(565) Concurrent Preclean 0.101ms
[2898.140s][info][gc,start       ] GC(565) Pause Remark
[2898.144s][info][gc             ] GC(565) Pause Remark 2050M->2050M(4096M) 4.150ms
[2898.144s][info][gc,cpu         ] GC(565) User=0.02s Sys=0.00s Real=0.00s
[2898.144s][info][gc,marking     ] GC(565) Concurrent Mark 797.508ms
[2898.144s][info][gc,marking     ] GC(565) Concurrent Rebuild Remembered Sets and Scrub Regions
.[2898.420s][info][gc,marking     ] GC(565) Concurrent Rebuild Remembered Sets and Scrub Regions 275.786ms
[2898.420s][info][gc,start       ] GC(565) Pause Cleanup
[2898.420s][info][gc             ] GC(565) Pause Cleanup 2213M->2213M(4096M) 0.102ms
[2898.420s][info][gc,cpu         ] GC(565) User=0.00s Sys=0.00s Real=0.00s
[2898.420s][info][gc,marking     ] GC(565) Concurrent Clear Claimed Marks
[2898.421s][info][gc,marking     ] GC(565) Concurrent Clear Claimed Marks 0.026ms
[2898.421s][info][gc,marking     ] GC(565) Concurrent Cleanup for Next Mark
[2898.424s][info][gc,marking     ] GC(565) Concurrent Cleanup for Next Mark 3.239ms
[2898.424s][info][gc             ] GC(565) Concurrent Mark Cycle 1267.684ms
..[2900.883s][info][gc,start       ] GC(566) Pause Young (Prepare Mixed) (G1 Evacuation Pause)
[2900.884s][info][gc,task        ] GC(566) Using 6 workers of 6 for evacuation
[2901.002s][info][gc,phases      ] GC(566)   Pre Evacuate Collection Set: 0.33ms
[2901.002s][info][gc,phases      ] GC(566)   Merge Heap Roots: 0.45ms
[2901.002s][info][gc,phases      ] GC(566)   Evacuate Collection Set: 116.95ms
[2901.002s][info][gc,phases      ] GC(566)   Post Evacuate Collection Set: 0.94ms
[2901.002s][info][gc,phases      ] GC(566)   Other: 0.09ms
[2901.002s][info][gc,heap        ] GC(566) Eden regions: 1118->0(1103)
[2901.002s][info][gc,heap        ] GC(566) Survivor regions: 110->112(154)
[2901.002s][info][gc,heap        ] GC(566) Old regions: 506->538
[2901.002s][info][gc,heap        ] GC(566) Humongous regions: 80->80
[2901.002s][info][gc,metaspace   ] GC(566) Metaspace: 28945K(29248K)->28945K(29248K) NonClass: 24067K(24192K)->24067K(24192K) Class: 4878K(5056K)->4878K(5056K)
[2901.002s][info][gc             ] GC(566) Pause Young (Prepare Mixed) (G1 Evacuation Pause) 3627M->1457M(4096M) 118.907ms
[2901.002s][info][gc,cpu         ] GC(566) User=0.71s Sys=0.00s Real=0.12s
....[2904.762s][info][gc,start       ] GC(567) Pause Young (Mixed) (G1 Evacuation Pause)
[2904.762s][info][gc,task        ] GC(567) Using 6 workers of 6 for evacuation
[2904.892s][info][gc,phases      ] GC(567)   Pre Evacuate Collection Set: 0.37ms
[2904.892s][info][gc,phases      ] GC(567)   Merge Heap Roots: 0.64ms
[2904.892s][info][gc,phases      ] GC(567)   Evacuate Collection Set: 128.42ms
[2904.892s][info][gc,phases      ] GC(567)   Post Evacuate Collection Set: 0.94ms
[2904.892s][info][gc,phases      ] GC(567)   Other: 0.09ms
[2904.892s][info][gc,heap        ] GC(567) Eden regions: 1103->0(1119)
[2904.892s][info][gc,heap        ] GC(567) Survivor regions: 112->109(152)
[2904.892s][info][gc,heap        ] GC(567) Old regions: 538->475
[2904.892s][info][gc,heap        ] GC(567) Humongous regions: 80->80
[2904.892s][info][gc,metaspace   ] GC(567) Metaspace: 28945K(29248K)->28945K(29248K) NonClass: 24067K(24192K)->24067K(24192K) Class: 4878K(5056K)->4878K(5056K)
[2904.892s][info][gc             ] GC(567) Pause Young (Mixed) (G1 Evacuation Pause) 3663M->1326M(4096M) 130.585ms
[2904.892s][info][gc,cpu         ] GC(567) User=0.77s Sys=0.00s Real=0.13s
....[2908.629s][info][gc,start       ] GC(568) Pause Young (Concurrent Start) (G1 Evacuation Pause)
[2908.629s][info][gc,task        ] GC(568) Using 6 workers of 6 for evacuation
[2908.747s][info][gc,phases      ] GC(568)   Pre Evacuate Collection Set: 0.41ms
[2908.747s][info][gc,phases      ] GC(568)   Merge Heap Roots: 0.42ms
[2908.747s][info][gc,phases      ] GC(568)   Evacuate Collection Set: 115.61ms
[2908.747s][info][gc,phases      ] GC(568)   Post Evacuate Collection Set: 0.89ms
[2908.747s][info][gc,phases      ] GC(568)   Other: 0.11ms
[2908.747s][info][gc,heap        ] GC(568) Eden regions: 1119->0(1119)
[2908.747s][info][gc,heap        ] GC(568) Survivor regions: 109->109(154)
[2908.747s][info][gc,heap        ] GC(568) Old regions: 475->507
[2908.747s][info][gc,heap        ] GC(568) Humongous regions: 80->80
[2908.747s][info][gc,metaspace   ] GC(568) Metaspace: 28945K(29248K)->28945K(29248K) NonClass: 24067K(24192K)->24067K(24192K) Class: 4878K(5056K)->4878K(5056K)
[2908.747s][info][gc             ] GC(568) Pause Young (Concurrent Start) (G1 Evacuation Pause) 3564M->1390M(4096M) 117.582ms
[2908.747s][info][gc             ] GC(569) Concurrent Mark Cycle
[2908.747s][info][gc,marking     ] GC(569) Concurrent Scan Root Regions
[2908.747s][info][gc,cpu         ] GC(568) User=0.69s Sys=0.00s Real=0.11s
[2908.932s][info][gc,marking     ] GC(569) Concurrent Scan Root Regions 184.553ms
[2908.932s][info][gc,marking     ] GC(569) Concurrent Mark
[2908.932s][info][gc,marking     ] GC(569) Concurrent Mark From Roots
[2908.932s][info][gc,task        ] GC(569) Using 2 workers of 2 for marking
.[2909.680s][info][gc,marking     ] GC(569) Concurrent Mark From Roots 748.433ms
[2909.680s][info][gc,marking     ] GC(569) Concurrent Preclean
[2909.680s][info][gc,marking     ] GC(569) Concurrent Preclean 0.082ms
[2909.680s][info][gc,start       ] GC(569) Pause Remark
[2909.685s][info][gc             ] GC(569) Pause Remark 1993M->1993M(4096M) 5.032ms
[2909.686s][info][gc,cpu         ] GC(569) User=0.03s Sys=0.00s Real=0.00s
[2909.686s][info][gc,marking     ] GC(569) Concurrent Mark 753.846ms
[2909.686s][info][gc,marking     ] GC(569) Concurrent Rebuild Remembered Sets and Scrub Regions
[2909.995s][info][gc,marking     ] GC(569) Concurrent Rebuild Remembered Sets and Scrub Regions 309.621ms
[2909.995s][info][gc,start       ] GC(569) Pause Cleanup
[2909.996s][info][gc             ] GC(569) Pause Cleanup 2170M->2170M(4096M) 0.101ms
[2909.996s][info][gc,cpu         ] GC(569) User=0.00s Sys=0.00s Real=0.00s
[2909.997s][info][gc,marking     ] GC(569) Concurrent Clear Claimed Marks
[2909.997s][info][gc,marking     ] GC(569) Concurrent Clear Claimed Marks 0.048ms
[2909.997s][info][gc,marking     ] GC(569) Concurrent Cleanup for Next Mark
[2910.001s][info][gc,marking     ] GC(569) Concurrent Cleanup for Next Mark 4.215ms
[2910.001s][info][gc             ] GC(569) Concurrent Mark Cycle 1254.141ms
...[2912.542s][info][gc,start       ] GC(570) Pause Young (Prepare Mixed) (G1 Evacuation Pause)
[2912.542s][info][gc,task        ] GC(570) Using 6 workers of 6 for evacuation
[2912.658s][info][gc,phases      ] GC(570)   Pre Evacuate Collection Set: 0.35ms
[2912.658s][info][gc,phases      ] GC(570)   Merge Heap Roots: 0.50ms
[2912.658s][info][gc,phases      ] GC(570)   Evacuate Collection Set: 113.78ms
[2912.658s][info][gc,phases      ] GC(570)   Post Evacuate Collection Set: 0.92ms
[2912.658s][info][gc,phases      ] GC(570)   Other: 0.09ms
[2912.658s][info][gc,heap        ] GC(570) Eden regions: 1119->0(1110)
[2912.658s][info][gc,heap        ] GC(570) Survivor regions: 109->108(154)
[2912.658s][info][gc,heap        ] GC(570) Old regions: 507->539
[2912.658s][info][gc,heap        ] GC(570) Humongous regions: 80->80
[2912.658s][info][gc,metaspace   ] GC(570) Metaspace: 28942K(29248K)->28942K(29248K) NonClass: 24065K(24192K)->24065K(24192K) Class: 4877K(5056K)->4877K(5056K)
[2912.658s][info][gc             ] GC(570) Pause Young (Prepare Mixed) (G1 Evacuation Pause) 3628M->1452M(4096M) 115.759ms
[2912.658s][info][gc,cpu         ] GC(570) User=0.69s Sys=0.00s Real=0.12s
....[2916.438s][info][gc,start       ] GC(571) Pause Young (Mixed) (G1 Evacuation Pause)
[2916.439s][info][gc,task        ] GC(571) Using 6 workers of 6 for evacuation
[2916.566s][info][gc,phases      ] GC(571)   Pre Evacuate Collection Set: 0.37ms
[2916.566s][info][gc,phases      ] GC(571)   Merge Heap Roots: 0.57ms
[2916.566s][info][gc,phases      ] GC(571)   Evacuate Collection Set: 125.92ms
[2916.566s][info][gc,phases      ] GC(571)   Post Evacuate Collection Set: 0.95ms
[2916.566s][info][gc,phases      ] GC(571)   Other: 0.09ms
[2916.566s][info][gc,heap        ] GC(571) Eden regions: 1110->0(1120)
[2916.566s][info][gc,heap        ] GC(571) Survivor regions: 108->108(153)
[2916.566s][info][gc,heap        ] GC(571) Old regions: 539->475
[2916.566s][info][gc,heap        ] GC(571) Humongous regions: 80->80
[2916.566s][info][gc,metaspace   ] GC(571) Metaspace: 28942K(29248K)->28942K(29248K) NonClass: 24065K(24192K)->24065K(24192K) Class: 4877K(5056K)->4877K(5056K)
[2916.567s][info][gc             ] GC(571) Pause Young (Mixed) (G1 Evacuation Pause) 3672M->1324M(4096M) 128.021ms
[2916.567s][info][gc,cpu         ] GC(571) User=0.76s Sys=0.00s Real=0.12s
....[2920.314s][info][gc,start       ] GC(572) Pause Young (Concurrent Start) (G1 Evacuation Pause)
[2920.314s][info][gc,task        ] GC(572) Using 6 workers of 6 for evacuation
[2920.435s][info][gc,phases      ] GC(572)   Pre Evacuate Collection Set: 0.36ms
[2920.435s][info][gc,phases      ] GC(572)   Merge Heap Roots: 0.42ms
[2920.435s][info][gc,phases      ] GC(572)   Evacuate Collection Set: 118.48ms
[2920.435s][info][gc,phases      ] GC(572)   Post Evacuate Collection Set: 0.89ms
[2920.435s][info][gc,phases      ] GC(572)   Other: 0.13ms
[2920.435s][info][gc,heap        ] GC(572) Eden regions: 1120->0(1116)
[2920.435s][info][gc,heap        ] GC(572) Survivor regions: 108->112(154)
[2920.435s][info][gc,heap        ] GC(572) Old regions: 475->507
[2920.435s][info][gc,heap        ] GC(572) Humongous regions: 80->80
[2920.435s][info][gc,metaspace   ] GC(572) Metaspace: 28942K(29248K)->28942K(29248K) NonClass: 24065K(24192K)->24065K(24192K) Class: 4877K(5056K)->4877K(5056K)
[2920.435s][info][gc             ] GC(572) Pause Young (Concurrent Start) (G1 Evacuation Pause) 3564M->1395M(4096M) 120.405ms
[2920.435s][info][gc             ] GC(573) Concurrent Mark Cycle
[2920.435s][info][gc,marking     ] GC(573) Concurrent Scan Root Regions
[2920.435s][info][gc,cpu         ] GC(572) User=0.72s Sys=0.00s Real=0.12s
[2920.613s][info][gc,marking     ] GC(573) Concurrent Scan Root Regions 177.961ms
[2920.613s][info][gc,marking     ] GC(573) Concurrent Mark
[2920.613s][info][gc,marking     ] GC(573) Concurrent Mark From Roots
[2920.613s][info][gc,task        ] GC(573) Using 2 workers of 2 for marking
.[2921.366s][info][gc,marking     ] GC(573) Concurrent Mark From Roots 753.311ms
[2921.366s][info][gc,marking     ] GC(573) Concurrent Preclean
[2921.366s][info][gc,marking     ] GC(573) Concurrent Preclean 0.090ms
[2921.366s][info][gc,start       ] GC(573) Pause Remark
[2921.370s][info][gc             ] GC(573) Pause Remark 1985M->1985M(4096M) 3.995ms
[2921.370s][info][gc,cpu         ] GC(573) User=0.02s Sys=0.00s Real=0.01s
[2921.370s][info][gc,marking     ] GC(573) Concurrent Mark 757.646ms
[2921.370s][info][gc,marking     ] GC(573) Concurrent Rebuild Remembered Sets and Scrub Regions
[2921.642s][info][gc,marking     ] GC(573) Concurrent Rebuild Remembered Sets and Scrub Regions 271.099ms
[2921.642s][info][gc,start       ] GC(573) Pause Cleanup
[2921.642s][info][gc             ] GC(573) Pause Cleanup 2144M->2144M(4096M) 0.101ms
[2921.642s][info][gc,cpu         ] GC(573) User=0.00s Sys=0.00s Real=0.00s
[2921.642s][info][gc,marking     ] GC(573) Concurrent Clear Claimed Marks
[2921.642s][info][gc,marking     ] GC(573) Concurrent Clear Claimed Marks 0.024ms
[2921.642s][info][gc,marking     ] GC(573) Concurrent Cleanup for Next Mark
[2921.645s][info][gc,marking     ] GC(573) Concurrent Cleanup for Next Mark 3.244ms
[2921.645s][info][gc             ] GC(573) Concurrent Mark Cycle 1210.426ms
...[2924.249s][info][gc,start       ] GC(574) Pause Young (Prepare Mixed) (G1 Evacuation Pause)
[2924.249s][info][gc,task        ] GC(574) Using 6 workers of 6 for evacuation
[2924.368s][info][gc,phases      ] GC(574)   Pre Evacuate Collection Set: 0.35ms
[2924.368s][info][gc,phases      ] GC(574)   Merge Heap Roots: 0.46ms
[2924.368s][info][gc,phases      ] GC(574)   Evacuate Collection Set: 117.11ms
[2924.368s][info][gc,phases      ] GC(574)   Post Evacuate Collection Set: 0.92ms
[2924.368s][info][gc,phases      ] GC(574)   Other: 0.09ms
[2924.368s][info][gc,heap        ] GC(574) Eden regions: 1116->0(1108)
[2924.368s][info][gc,heap        ] GC(574) Survivor regions: 112->109(154)
[2924.368s][info][gc,heap        ] GC(574) Old regions: 507->539
[2924.368s][info][gc,heap        ] GC(574) Humongous regions: 80->80
[2924.368s][info][gc,metaspace   ] GC(574) Metaspace: 28942K(29248K)->28942K(29248K) NonClass: 24065K(24192K)->24065K(24192K) Class: 4877K(5056K)->4877K(5056K)
[2924.368s][info][gc             ] GC(574) Pause Young (Prepare Mixed) (G1 Evacuation Pause) 3627M->1454M(4096M) 119.077ms
[2924.368s][info][gc,cpu         ] GC(574) User=0.70s Sys=0.00s Real=0.12s
...[2928.158s][info][gc,start       ] GC(575) Pause Young (Mixed) (G1 Evacuation Pause)
[2928.158s][info][gc,task        ] GC(575) Using 6 workers of 6 for evacuation
[2928.292s][info][gc,phases      ] GC(575)   Pre Evacuate Collection Set: 0.37ms
[2928.292s][info][gc,phases      ] GC(575)   Merge Heap Roots: 0.60ms
[2928.292s][info][gc,phases      ] GC(575)   Evacuate Collection Set: 132.40ms
[2928.292s][info][gc,phases      ] GC(575)   Post Evacuate Collection Set: 0.96ms
[2928.293s][info][gc,phases      ] GC(575)   Other: 0.09ms
[2928.293s][info][gc,heap        ] GC(575) Eden regions: 1108->0(1115)
[2928.293s][info][gc,heap        ] GC(575) Survivor regions: 109->113(153)
[2928.293s][info][gc,heap        ] GC(575) Old regions: 539->475
[2928.293s][info][gc,heap        ] GC(575) Humongous regions: 80->80
[2928.293s][info][gc,metaspace   ] GC(575) Metaspace: 28942K(29248K)->28942K(29248K) NonClass: 24065K(24192K)->24065K(24192K) Class: 4877K(5056K)->4877K(5056K)
[2928.293s][info][gc             ] GC(575) Pause Young (Mixed) (G1 Evacuation Pause) 3670M->1334M(4096M) 134.581ms
[2928.293s][info][gc,cpu         ] GC(575) User=0.80s Sys=0.00s Real=0.14s
.. (rIR:aIR:PR = 4843:4842:4842) (tPR = 71793) [OK] 
  2929s: Performance info:
         Transaction,    Success,    Partial,     Failed,   Receipts, AvgBarcode, 
             Overall,     291489,          0,          0,     276918,      59.47, 
         Response times:
             Request,    Success,    Partial,     Failed,   SkipFail,     Probes,    Samples,      min,      p50,      p90,      p95,      p99,      max, 
       TotalPurchase,     276918,          0,          0,          0,     272553,     290706,      300,     3800,     7500,    13500,    52000,   205000,
     InStorePurchase,     145711,          0,          0,          0,     143683,     152790,      300,     3900,     7600,    13900,    53000,   205000,
      OnlinePurchase,     102066,          0,          0,          0,     100535,     107214,      300,     3700,     7300,    13100,    52000,   183000,
        InstPurchase,      29141,          0,          0,          0,      28335,      30702,      400,     3800,     7470,    13000,    50000,   145000,
          AssocOfCat,        292,          0,          0,          0,        228,        299,    19400,    32000,    55000,    79000,   166000,   178000,
      AssocOfProduct,       2905,          0,          0,          0,       2693,       3050,      700,     4100,     7300,    13045,    51000,   137000,
      BusinessReport,        726,          0,          0,          0,        606,        738,    25000,    36000,    58000,    75000,   173610,   200000,
          CustBuyBeh,       2915,          0,          0,          0,       2660,       3009,      400,     4600,     8100,    15000,    58900,   142000,
       ProductReturn,       7733,          0,          0,          0,       7253,       7972,      200,     4200,     7900,    15400,    57000,   138000,

  2929s: (36%)   IR =   4981 ..[2931.909s][info][gc,start       ] GC(576) Pause Young (Concurrent Start) (G1 Evacuation Pause)
[2931.909s][info][gc,task        ] GC(576) Using 6 workers of 6 for evacuation
[2932.028s][info][gc,phases      ] GC(576)   Pre Evacuate Collection Set: 0.38ms
[2932.028s][info][gc,phases      ] GC(576)   Merge Heap Roots: 0.45ms
[2932.028s][info][gc,phases      ] GC(576)   Evacuate Collection Set: 117.55ms
[2932.028s][info][gc,phases      ] GC(576)   Post Evacuate Collection Set: 0.93ms
[2932.028s][info][gc,phases      ] GC(576)   Other: 0.14ms
[2932.028s][info][gc,heap        ] GC(576) Eden regions: 1115->0(1118)
[2932.028s][info][gc,heap        ] GC(576) Survivor regions: 113->110(154)
[2932.028s][info][gc,heap        ] GC(576) Old regions: 475->507
[2932.028s][info][gc,heap        ] GC(576) Humongous regions: 80->80
[2932.028s][info][gc,metaspace   ] GC(576) Metaspace: 28942K(29248K)->28942K(29248K) NonClass: 24065K(24192K)->24065K(24192K) Class: 4877K(5056K)->4877K(5056K)
[2932.028s][info][gc             ] GC(576) Pause Young (Concurrent Start) (G1 Evacuation Pause) 3564M->1391M(4096M) 119.589ms
[2932.028s][info][gc             ] GC(577) Concurrent Mark Cycle
[2932.028s][info][gc,marking     ] GC(577) Concurrent Scan Root Regions
[2932.028s][info][gc,cpu         ] GC(576) User=0.71s Sys=0.00s Real=0.12s
[2932.220s][info][gc,marking     ] GC(577) Concurrent Scan Root Regions 191.493ms
[2932.220s][info][gc,marking     ] GC(577) Concurrent Mark
[2932.221s][info][gc,marking     ] GC(577) Concurrent Mark From Roots
[2932.221s][info][gc,task        ] GC(577) Using 2 workers of 2 for marking
.[2932.983s][info][gc,marking     ] GC(577) Concurrent Mark From Roots 762.645ms
[2932.983s][info][gc,marking     ] GC(577) Concurrent Preclean
[2932.983s][info][gc,marking     ] GC(577) Concurrent Preclean 0.141ms
[2932.983s][info][gc,start       ] GC(577) Pause Remark
[2932.987s][info][gc             ] GC(577) Pause Remark 2016M->2016M(4096M) 3.972ms
[2932.988s][info][gc,cpu         ] GC(577) User=0.02s Sys=0.00s Real=0.00s
[2932.988s][info][gc,marking     ] GC(577) Concurrent Mark 767.072ms
[2932.988s][info][gc,marking     ] GC(577) Concurrent Rebuild Remembered Sets and Scrub Regions
.[2933.340s][info][gc,marking     ] GC(577) Concurrent Rebuild Remembered Sets and Scrub Regions 352.417ms
[2933.340s][info][gc,start       ] GC(577) Pause Cleanup
[2933.340s][info][gc             ] GC(577) Pause Cleanup 2212M->2212M(4096M) 0.096ms
[2933.340s][info][gc,cpu         ] GC(577) User=0.00s Sys=0.00s Real=0.00s
[2933.340s][info][gc,marking     ] GC(577) Concurrent Clear Claimed Marks
[2933.340s][info][gc,marking     ] GC(577) Concurrent Clear Claimed Marks 0.039ms
[2933.340s][info][gc,marking     ] GC(577) Concurrent Cleanup for Next Mark
[2933.345s][info][gc,marking     ] GC(577) Concurrent Cleanup for Next Mark 4.652ms
[2933.345s][info][gc             ] GC(577) Concurrent Mark Cycle 1316.871ms
.|.[2935.754s][info][gc,start       ] GC(578) Pause Young (Prepare Mixed) (G1 Evacuation Pause)
[2935.754s][info][gc,task        ] GC(578) Using 6 workers of 6 for evacuation
[2935.872s][info][gc,phases      ] GC(578)   Pre Evacuate Collection Set: 0.34ms
[2935.872s][info][gc,phases      ] GC(578)   Merge Heap Roots: 0.45ms
[2935.872s][info][gc,phases      ] GC(578)   Evacuate Collection Set: 116.02ms
[2935.872s][info][gc,phases      ] GC(578)   Post Evacuate Collection Set: 0.92ms
[2935.872s][info][gc,phases      ] GC(578)   Other: 0.09ms
[2935.872s][info][gc,heap        ] GC(578) Eden regions: 1118->0(1104)
[2935.872s][info][gc,heap        ] GC(578) Survivor regions: 110->111(154)
[2935.872s][info][gc,heap        ] GC(578) Old regions: 507->539
[2935.872s][info][gc,heap        ] GC(578) Humongous regions: 80->80
[2935.872s][info][gc,metaspace   ] GC(578) Metaspace: 28942K(29248K)->28942K(29248K) NonClass: 24065K(24192K)->24065K(24192K) Class: 4877K(5056K)->4877K(5056K)
[2935.872s][info][gc             ] GC(578) Pause Young (Prepare Mixed) (G1 Evacuation Pause) 3627M->1458M(4096M) 117.948ms
[2935.872s][info][gc,cpu         ] GC(578) User=0.70s Sys=0.00s Real=0.12s
....[2939.495s][info][gc,start       ] GC(579) Pause Young (Mixed) (G1 Evacuation Pause)
[2939.495s][info][gc,task        ] GC(579) Using 6 workers of 6 for evacuation
[2939.624s][info][gc,phases      ] GC(579)   Pre Evacuate Collection Set: 0.40ms
[2939.624s][info][gc,phases      ] GC(579)   Merge Heap Roots: 0.59ms
[2939.624s][info][gc,phases      ] GC(579)   Evacuate Collection Set: 126.80ms
[2939.624s][info][gc,phases      ] GC(579)   Post Evacuate Collection Set: 0.95ms
[2939.624s][info][gc,phases      ] GC(579)   Other: 0.09ms
[2939.624s][info][gc,heap        ] GC(579) Eden regions: 1104->0(1120)
[2939.624s][info][gc,heap        ] GC(579) Survivor regions: 111->108(152)
[2939.624s][info][gc,heap        ] GC(579) Old regions: 539->474
[2939.624s][info][gc,heap        ] GC(579) Humongous regions: 80->80
[2939.624s][info][gc,metaspace   ] GC(579) Metaspace: 28942K(29248K)->28942K(29248K) NonClass: 24065K(24192K)->24065K(24192K) Class: 4877K(5056K)->4877K(5056K)
[2939.624s][info][gc             ] GC(579) Pause Young (Mixed) (G1 Evacuation Pause) 3666M->1322M(4096M) 128.951ms
[2939.624s][info][gc,cpu         ] GC(579) User=0.76s Sys=0.01s Real=0.13s
...[2943.329s][info][gc,start       ] GC(580) Pause Young (Concurrent Start) (G1 Evacuation Pause)
[2943.330s][info][gc,task        ] GC(580) Using 6 workers of 6 for evacuation
[2943.446s][info][gc,phases      ] GC(580)   Pre Evacuate Collection Set: 0.35ms
[2943.446s][info][gc,phases      ] GC(580)   Merge Heap Roots: 0.44ms
[2943.446s][info][gc,phases      ] GC(580)   Evacuate Collection Set: 115.10ms
[2943.446s][info][gc,phases      ] GC(580)   Post Evacuate Collection Set: 0.89ms
[2943.446s][info][gc,phases      ] GC(580)   Other: 0.11ms
[2943.446s][info][gc,heap        ] GC(580) Eden regions: 1120->0(1118)
[2943.446s][info][gc,heap        ] GC(580) Survivor regions: 108->110(154)
[2943.446s][info][gc,heap        ] GC(580) Old regions: 474->507
[2943.446s][info][gc,heap        ] GC(580) Humongous regions: 80->80
[2943.446s][info][gc,metaspace   ] GC(580) Metaspace: 28942K(29248K)->28942K(29248K) NonClass: 24065K(24192K)->24065K(24192K) Class: 4877K(5056K)->4877K(5056K)
[2943.446s][info][gc             ] GC(580) Pause Young (Concurrent Start) (G1 Evacuation Pause) 3562M->1392M(4096M) 117.013ms
[2943.447s][info][gc             ] GC(581) Concurrent Mark Cycle
[2943.447s][info][gc,marking     ] GC(581) Concurrent Scan Root Regions
[2943.447s][info][gc,cpu         ] GC(580) User=0.70s Sys=0.00s Real=0.11s
.[2943.628s][info][gc,marking     ] GC(581) Concurrent Scan Root Regions 181.413ms
[2943.628s][info][gc,marking     ] GC(581) Concurrent Mark
[2943.628s][info][gc,marking     ] GC(581) Concurrent Mark From Roots
[2943.628s][info][gc,task        ] GC(581) Using 2 workers of 2 for marking
.[2944.585s][info][gc,marking     ] GC(581) Concurrent Mark From Roots 957.244ms
[2944.585s][info][gc,marking     ] GC(581) Concurrent Preclean
[2944.585s][info][gc,marking     ] GC(581) Concurrent Preclean 0.084ms
[2944.585s][info][gc,start       ] GC(581) Pause Remark
[2944.590s][info][gc             ] GC(581) Pause Remark 2146M->2146M(4096M) 4.734ms
[2944.590s][info][gc,cpu         ] GC(581) User=0.03s Sys=0.00s Real=0.01s
[2944.590s][info][gc,marking     ] GC(581) Concurrent Mark 962.322ms
[2944.590s][info][gc,marking     ] GC(581) Concurrent Rebuild Remembered Sets and Scrub Regions
[2944.851s][info][gc,marking     ] GC(581) Concurrent Rebuild Remembered Sets and Scrub Regions 260.660ms
[2944.851s][info][gc,start       ] GC(581) Pause Cleanup
[2944.851s][info][gc             ] GC(581) Pause Cleanup 2307M->2307M(4096M) 0.105ms
[2944.851s][info][gc,cpu         ] GC(581) User=0.00s Sys=0.00s Real=0.00s
[2944.851s][info][gc,marking     ] GC(581) Concurrent Clear Claimed Marks
[2944.851s][info][gc,marking     ] GC(581) Concurrent Clear Claimed Marks 0.023ms
[2944.851s][info][gc,marking     ] GC(581) Concurrent Cleanup for Next Mark
[2944.855s][info][gc,marking     ] GC(581) Concurrent Cleanup for Next Mark 3.215ms
[2944.855s][info][gc             ] GC(581) Concurrent Mark Cycle 1408.091ms
..[2947.097s][info][gc,start       ] GC(582) Pause Young (Prepare Mixed) (G1 Evacuation Pause)
[2947.097s][info][gc,task        ] GC(582) Using 6 workers of 6 for evacuation
[2947.218s][info][gc,phases      ] GC(582)   Pre Evacuate Collection Set: 0.35ms
[2947.218s][info][gc,phases      ] GC(582)   Merge Heap Roots: 0.51ms
[2947.218s][info][gc,phases      ] GC(582)   Evacuate Collection Set: 119.14ms
[2947.218s][info][gc,phases      ] GC(582)   Post Evacuate Collection Set: 0.93ms
[2947.218s][info][gc,phases      ] GC(582)   Other: 0.10ms
[2947.218s][info][gc,heap        ] GC(582) Eden regions: 1118->0(1100)
[2947.218s][info][gc,heap        ] GC(582) Survivor regions: 110->113(154)
[2947.218s][info][gc,heap        ] GC(582) Old regions: 507->539
[2947.218s][info][gc,heap        ] GC(582) Humongous regions: 80->80
[2947.218s][info][gc,metaspace   ] GC(582) Metaspace: 28942K(29248K)->28942K(29248K) NonClass: 24065K(24192K)->24065K(24192K) Class: 4877K(5056K)->4877K(5056K)
[2947.218s][info][gc             ] GC(582) Pause Young (Prepare Mixed) (G1 Evacuation Pause) 3628M->1461M(4096M) 121.157ms
[2947.218s][info][gc,cpu         ] GC(582) User=0.72s Sys=0.00s Real=0.13s
....[2950.859s][info][gc,start       ] GC(583) Pause Young (Mixed) (G1 Evacuation Pause)
[2950.859s][info][gc,task        ] GC(583) Using 6 workers of 6 for evacuation
[2950.990s][info][gc,phases      ] GC(583)   Pre Evacuate Collection Set: 0.37ms
[2950.990s][info][gc,phases      ] GC(583)   Merge Heap Roots: 0.66ms
[2950.990s][info][gc,phases      ] GC(583)   Evacuate Collection Set: 129.08ms
[2950.990s][info][gc,phases      ] GC(583)   Post Evacuate Collection Set: 0.93ms
[2950.990s][info][gc,phases      ] GC(583)   Other: 0.09ms
[2950.990s][info][gc,heap        ] GC(583) Eden regions: 1100->0(1121)
[2950.990s][info][gc,heap        ] GC(583) Survivor regions: 113->107(152)
[2950.990s][info][gc,heap        ] GC(583) Old regions: 539->475
[2950.990s][info][gc,heap        ] GC(583) Humongous regions: 80->80
[2950.990s][info][gc,metaspace   ] GC(583) Metaspace: 28942K(29248K)->28942K(29248K) NonClass: 24065K(24192K)->24065K(24192K) Class: 4877K(5056K)->4877K(5056K)
[2950.990s][info][gc             ] GC(583) Pause Young (Mixed) (G1 Evacuation Pause) 3661M->1322M(4096M) 131.265ms
[2950.990s][info][gc,cpu         ] GC(583) User=0.78s Sys=0.01s Real=0.13s
....[2954.634s][info][gc,start       ] GC(584) Pause Young (Concurrent Start) (G1 Evacuation Pause)
[2954.634s][info][gc,task        ] GC(584) Using 6 workers of 6 for evacuation
[2954.749s][info][gc,phases      ] GC(584)   Pre Evacuate Collection Set: 0.36ms
[2954.749s][info][gc,phases      ] GC(584)   Merge Heap Roots: 0.43ms
[2954.749s][info][gc,phases      ] GC(584)   Evacuate Collection Set: 112.83ms
[2954.749s][info][gc,phases      ] GC(584)   Post Evacuate Collection Set: 0.90ms
[2954.749s][info][gc,phases      ] GC(584)   Other: 0.12ms
[2954.749s][info][gc,heap        ] GC(584) Eden regions: 1121->0(1120)
[2954.749s][info][gc,heap        ] GC(584) Survivor regions: 107->108(154)
[2954.749s][info][gc,heap        ] GC(584) Old regions: 475->507
[2954.749s][info][gc,heap        ] GC(584) Humongous regions: 80->80
[2954.749s][info][gc,metaspace   ] GC(584) Metaspace: 28942K(29248K)->28942K(29248K) NonClass: 24065K(24192K)->24065K(24192K) Class: 4877K(5056K)->4877K(5056K)
[2954.749s][info][gc             ] GC(584) Pause Young (Concurrent Start) (G1 Evacuation Pause) 3564M->1387M(4096M) 114.807ms
[2954.749s][info][gc             ] GC(585) Concurrent Mark Cycle
[2954.749s][info][gc,marking     ] GC(585) Concurrent Scan Root Regions
[2954.749s][info][gc,cpu         ] GC(584) User=0.68s Sys=0.00s Real=0.12s
[2954.932s][info][gc,marking     ] GC(585) Concurrent Scan Root Regions 182.983ms
[2954.932s][info][gc,marking     ] GC(585) Concurrent Mark
[2954.932s][info][gc,marking     ] GC(585) Concurrent Mark From Roots
[2954.932s][info][gc,task        ] GC(585) Using 2 workers of 2 for marking
.[2955.657s][info][gc,marking     ] GC(585) Concurrent Mark From Roots 724.938ms
[2955.657s][info][gc,marking     ] GC(585) Concurrent Preclean
[2955.657s][info][gc,marking     ] GC(585) Concurrent Preclean 0.082ms
[2955.657s][info][gc,start       ] GC(585) Pause Remark
[2955.661s][info][gc             ] GC(585) Pause Remark 1967M->1967M(4096M) 4.162ms
[2955.661s][info][gc,cpu         ] GC(585) User=0.02s Sys=0.00s Real=0.01s
[2955.661s][info][gc,marking     ] GC(585) Concurrent Mark 729.460ms
[2955.661s][info][gc,marking     ] GC(585) Concurrent Rebuild Remembered Sets and Scrub Regions
[2955.869s][info][gc,marking     ] GC(585) Concurrent Rebuild Remembered Sets and Scrub Regions 207.717ms
[2955.869s][info][gc,start       ] GC(585) Pause Cleanup
[2955.869s][info][gc             ] GC(585) Pause Cleanup 2088M->2088M(4096M) 0.108ms
[2955.869s][info][gc,cpu         ] GC(585) User=0.00s Sys=0.00s Real=0.00s
[2955.870s][info][gc,marking     ] GC(585) Concurrent Clear Claimed Marks
[2955.870s][info][gc,marking     ] GC(585) Concurrent Clear Claimed Marks 0.036ms
[2955.870s][info][gc,marking     ] GC(585) Concurrent Cleanup for Next Mark
[2955.875s][info][gc,marking     ] GC(585) Concurrent Cleanup for Next Mark 5.184ms
[2955.875s][info][gc             ] GC(585) Concurrent Mark Cycle 1126.337ms
..[2958.400s][info][gc,start       ] GC(586) Pause Young (Prepare Mixed) (G1 Evacuation Pause)
[2958.400s][info][gc,task        ] GC(586) Using 6 workers of 6 for evacuation
[2958.515s][info][gc,phases      ] GC(586)   Pre Evacuate Collection Set: 0.35ms
[2958.515s][info][gc,phases      ] GC(586)   Merge Heap Roots: 0.49ms
[2958.515s][info][gc,phases      ] GC(586)   Evacuate Collection Set: 113.75ms
[2958.515s][info][gc,phases      ] GC(586)   Post Evacuate Collection Set: 0.93ms
[2958.515s][info][gc,phases      ] GC(586)   Other: 0.09ms
[2958.515s][info][gc,heap        ] GC(586) Eden regions: 1120->0(1111)
[2958.515s][info][gc,heap        ] GC(586) Survivor regions: 108->108(154)
[2958.515s][info][gc,heap        ] GC(586) Old regions: 507->538
[2958.515s][info][gc,heap        ] GC(586) Humongous regions: 80->80
[2958.515s][info][gc,metaspace   ] GC(586) Metaspace: 28942K(29248K)->28942K(29248K) NonClass: 24065K(24192K)->24065K(24192K) Class: 4877K(5056K)->4877K(5056K)
[2958.515s][info][gc             ] GC(586) Pause Young (Prepare Mixed) (G1 Evacuation Pause) 3627M->1450M(4096M) 115.747ms
[2958.516s][info][gc,cpu         ] GC(586) User=0.69s Sys=0.00s Real=0.11s
....[2962.214s][info][gc,start       ] GC(587) Pause Young (Mixed) (G1 Evacuation Pause)
[2962.214s][info][gc,task        ] GC(587) Using 6 workers of 6 for evacuation
[2962.349s][info][gc,phases      ] GC(587)   Pre Evacuate Collection Set: 0.36ms
[2962.349s][info][gc,phases      ] GC(587)   Merge Heap Roots: 0.63ms
[2962.349s][info][gc,phases      ] GC(587)   Evacuate Collection Set: 133.51ms
[2962.349s][info][gc,phases      ] GC(587)   Post Evacuate Collection Set: 0.99ms
[2962.349s][info][gc,phases      ] GC(587)   Other: 0.09ms
[2962.349s][info][gc,heap        ] GC(587) Eden regions: 1111->0(1116)
[2962.349s][info][gc,heap        ] GC(587) Survivor regions: 108->112(153)
[2962.349s][info][gc,heap        ] GC(587) Old regions: 538->475
[2962.349s][info][gc,heap        ] GC(587) Humongous regions: 80->80
[2962.349s][info][gc,metaspace   ] GC(587) Metaspace: 28942K(29248K)->28942K(29248K) NonClass: 24065K(24192K)->24065K(24192K) Class: 4877K(5056K)->4877K(5056K)
[2962.349s][info][gc             ] GC(587) Pause Young (Mixed) (G1 Evacuation Pause) 3672M->1332M(4096M) 135.716ms
[2962.349s][info][gc,cpu         ] GC(587) User=0.80s Sys=0.00s Real=0.14s
....[2965.987s][info][gc,start       ] GC(588) Pause Young (Concurrent Start) (G1 Evacuation Pause)
[2965.987s][info][gc,task        ] GC(588) Using 6 workers of 6 for evacuation
[2966.106s][info][gc,phases      ] GC(588)   Pre Evacuate Collection Set: 0.39ms
[2966.106s][info][gc,phases      ] GC(588)   Merge Heap Roots: 0.45ms
[2966.106s][info][gc,phases      ] GC(588)   Evacuate Collection Set: 117.06ms
[2966.106s][info][gc,phases      ] GC(588)   Post Evacuate Collection Set: 0.88ms
[2966.106s][info][gc,phases      ] GC(588)   Other: 0.11ms
[2966.106s][info][gc,heap        ] GC(588) Eden regions: 1116->0(1116)
[2966.106s][info][gc,heap        ] GC(588) Survivor regions: 112->112(154)
[2966.106s][info][gc,heap        ] GC(588) Old regions: 475->507
[2966.106s][info][gc,heap        ] GC(588) Humongous regions: 80->80
[2966.106s][info][gc,metaspace   ] GC(588) Metaspace: 28942K(29248K)->28942K(29248K) NonClass: 24065K(24192K)->24065K(24192K) Class: 4877K(5056K)->4877K(5056K)
[2966.106s][info][gc             ] GC(588) Pause Young (Concurrent Start) (G1 Evacuation Pause) 3564M->1397M(4096M) 119.019ms
[2966.106s][info][gc             ] GC(589) Concurrent Mark Cycle
[2966.106s][info][gc,marking     ] GC(589) Concurrent Scan Root Regions
[2966.106s][info][gc,cpu         ] GC(588) User=0.70s Sys=0.00s Real=0.12s
[2966.291s][info][gc,marking     ] GC(589) Concurrent Scan Root Regions 184.880ms
[2966.291s][info][gc,marking     ] GC(589) Concurrent Mark
[2966.291s][info][gc,marking     ] GC(589) Concurrent Mark From Roots
[2966.291s][info][gc,task        ] GC(589) Using 2 workers of 2 for marking
.[2967.091s][info][gc,marking     ] GC(589) Concurrent Mark From Roots 800.351ms
[2967.091s][info][gc,marking     ] GC(589) Concurrent Preclean
[2967.091s][info][gc,marking     ] GC(589) Concurrent Preclean 0.074ms
[2967.092s][info][gc,start       ] GC(589) Pause Remark
[2967.096s][info][gc             ] GC(589) Pause Remark 2068M->2068M(4096M) 4.115ms
[2967.096s][info][gc,cpu         ] GC(589) User=0.03s Sys=0.00s Real=0.00s
[2967.096s][info][gc,marking     ] GC(589) Concurrent Mark 804.789ms
[2967.096s][info][gc,marking     ] GC(589) Concurrent Rebuild Remembered Sets and Scrub Regions
[2967.352s][info][gc,marking     ] GC(589) Concurrent Rebuild Remembered Sets and Scrub Regions 256.534ms
[2967.352s][info][gc,start       ] GC(589) Pause Cleanup
[2967.353s][info][gc             ] GC(589) Pause Cleanup 2200M->2200M(4096M) 0.113ms
[2967.353s][info][gc,cpu         ] GC(589) User=0.00s Sys=0.00s Real=0.00s
[2967.353s][info][gc,marking     ] GC(589) Concurrent Clear Claimed Marks
[2967.353s][info][gc,marking     ] GC(589) Concurrent Clear Claimed Marks 0.022ms
[2967.353s][info][gc,marking     ] GC(589) Concurrent Cleanup for Next Mark
[2967.356s][info][gc,marking     ] GC(589) Concurrent Cleanup for Next Mark 3.148ms
[2967.356s][info][gc             ] GC(589) Concurrent Mark Cycle 1249.853ms
...[2969.814s][info][gc,start       ] GC(590) Pause Young (Prepare Mixed) (G1 Evacuation Pause)
[2969.814s][info][gc,task        ] GC(590) Using 6 workers of 6 for evacuation
[2969.936s][info][gc,phases      ] GC(590)   Pre Evacuate Collection Set: 0.34ms
[2969.936s][info][gc,phases      ] GC(590)   Merge Heap Roots: 0.50ms
[2969.936s][info][gc,phases      ] GC(590)   Evacuate Collection Set: 120.77ms
[2969.936s][info][gc,phases      ] GC(590)   Post Evacuate Collection Set: 0.88ms
[2969.936s][info][gc,phases      ] GC(590)   Other: 0.10ms
[2969.936s][info][gc,heap        ] GC(590) Eden regions: 1116->0(1100)
[2969.936s][info][gc,heap        ] GC(590) Survivor regions: 112->113(154)
[2969.936s][info][gc,heap        ] GC(590) Old regions: 507->539
[2969.936s][info][gc,heap        ] GC(590) Humongous regions: 80->80
[2969.936s][info][gc,metaspace   ] GC(590) Metaspace: 28942K(29248K)->28942K(29248K) NonClass: 24065K(24192K)->24065K(24192K) Class: 4877K(5056K)->4877K(5056K)
[2969.936s][info][gc             ] GC(590) Pause Young (Prepare Mixed) (G1 Evacuation Pause) 3629M->1463M(4096M) 122.729ms
[2969.937s][info][gc,cpu         ] GC(590) User=0.73s Sys=0.00s Real=0.12s
...[2973.498s][info][gc,start       ] GC(591) Pause Young (Mixed) (G1 Evacuation Pause)
[2973.498s][info][gc,task        ] GC(591) Using 6 workers of 6 for evacuation
[2973.627s][info][gc,phases      ] GC(591)   Pre Evacuate Collection Set: 0.43ms
[2973.627s][info][gc,phases      ] GC(591)   Merge Heap Roots: 0.60ms
[2973.627s][info][gc,phases      ] GC(591)   Evacuate Collection Set: 126.83ms
[2973.627s][info][gc,phases      ] GC(591)   Post Evacuate Collection Set: 0.99ms
[2973.627s][info][gc,phases      ] GC(591)   Other: 0.08ms
[2973.627s][info][gc,heap        ] GC(591) Eden regions: 1100->0(1121)
[2973.627s][info][gc,heap        ] GC(591) Survivor regions: 113->107(152)
[2973.627s][info][gc,heap        ] GC(591) Old regions: 539->475
[2973.627s][info][gc,heap        ] GC(591) Humongous regions: 80->80
[2973.627s][info][gc,metaspace   ] GC(591) Metaspace: 28942K(29248K)->28942K(29248K) NonClass: 24065K(24192K)->24065K(24192K) Class: 4877K(5056K)->4877K(5056K)
[2973.627s][info][gc             ] GC(591) Pause Young (Mixed) (G1 Evacuation Pause) 3663M->1322M(4096M) 129.080ms
[2973.627s][info][gc,cpu         ] GC(591) User=0.76s Sys=0.00s Real=0.12s
....[2977.263s][info][gc,start       ] GC(592) Pause Young (Concurrent Start) (G1 Evacuation Pause)
[2977.263s][info][gc,task        ] GC(592) Using 6 workers of 6 for evacuation
[2977.379s][info][gc,phases      ] GC(592)   Pre Evacuate Collection Set: 0.39ms
[2977.379s][info][gc,phases      ] GC(592)   Merge Heap Roots: 0.43ms
[2977.379s][info][gc,phases      ] GC(592)   Evacuate Collection Set: 114.55ms
[2977.379s][info][gc,phases      ] GC(592)   Post Evacuate Collection Set: 0.89ms
[2977.379s][info][gc,phases      ] GC(592)   Other: 0.12ms
[2977.379s][info][gc,heap        ] GC(592) Eden regions: 1121->0(1120)
[2977.379s][info][gc,heap        ] GC(592) Survivor regions: 107->108(154)
[2977.379s][info][gc,heap        ] GC(592) Old regions: 475->507
[2977.379s][info][gc,heap        ] GC(592) Humongous regions: 80->80
[2977.379s][info][gc,metaspace   ] GC(592) Metaspace: 28942K(29248K)->28942K(29248K) NonClass: 24065K(24192K)->24065K(24192K) Class: 4877K(5056K)->4877K(5056K)
[2977.379s][info][gc             ] GC(592) Pause Young (Concurrent Start) (G1 Evacuation Pause) 3564M->1389M(4096M) 116.511ms
[2977.379s][info][gc             ] GC(593) Concurrent Mark Cycle
[2977.379s][info][gc,marking     ] GC(593) Concurrent Scan Root Regions
[2977.379s][info][gc,cpu         ] GC(592) User=0.69s Sys=0.00s Real=0.12s
[2977.527s][info][gc,marking     ] GC(593) Concurrent Scan Root Regions 147.465ms
[2977.527s][info][gc,marking     ] GC(593) Concurrent Mark
[2977.527s][info][gc,marking     ] GC(593) Concurrent Mark From Roots
[2977.527s][info][gc,task        ] GC(593) Using 2 workers of 2 for marking
.[2978.183s][info][gc,marking     ] GC(593) Concurrent Mark From Roots 656.255ms
[2978.183s][info][gc,marking     ] GC(593) Concurrent Preclean
[2978.183s][info][gc,marking     ] GC(593) Concurrent Preclean 0.085ms
[2978.183s][info][gc,start       ] GC(593) Pause Remark
[2978.187s][info][gc             ] GC(593) Pause Remark 1880M->1880M(4096M) 4.013ms
[2978.187s][info][gc,cpu         ] GC(593) User=0.02s Sys=0.00s Real=0.00s
[2978.187s][info][gc,marking     ] GC(593) Concurrent Mark 660.621ms
[2978.187s][info][gc,marking     ] GC(593) Concurrent Rebuild Remembered Sets and Scrub Regions
[2978.421s][info][gc,marking     ] GC(593) Concurrent Rebuild Remembered Sets and Scrub Regions 233.904ms
[2978.421s][info][gc,start       ] GC(593) Pause Cleanup
[2978.422s][info][gc             ] GC(593) Pause Cleanup 2020M->2020M(4096M) 0.096ms
[2978.422s][info][gc,cpu         ] GC(593) User=0.00s Sys=0.00s Real=0.00s
[2978.422s][info][gc,marking     ] GC(593) Concurrent Clear Claimed Marks
[2978.422s][info][gc,marking     ] GC(593) Concurrent Clear Claimed Marks 0.023ms
[2978.422s][info][gc,marking     ] GC(593) Concurrent Cleanup for Next Mark
[2978.426s][info][gc,marking     ] GC(593) Concurrent Cleanup for Next Mark 4.285ms
[2978.426s][info][gc             ] GC(593) Concurrent Mark Cycle 1046.694ms
...[2981.134s][info][gc,start       ] GC(594) Pause Young (Prepare Mixed) (G1 Evacuation Pause)
[2981.134s][info][gc,task        ] GC(594) Using 6 workers of 6 for evacuation
[2981.257s][info][gc,phases      ] GC(594)   Pre Evacuate Collection Set: 0.32ms
[2981.257s][info][gc,phases      ] GC(594)   Merge Heap Roots: 0.49ms
[2981.257s][info][gc,phases      ] GC(594)   Evacuate Collection Set: 121.41ms
[2981.257s][info][gc,phases      ] GC(594)   Post Evacuate Collection Set: 0.95ms
[2981.257s][info][gc,phases      ] GC(594)   Other: 0.09ms
[2981.257s][info][gc,heap        ] GC(594) Eden regions: 1120->0(1095)
[2981.257s][info][gc,heap        ] GC(594) Survivor regions: 108->116(154)
[2981.257s][info][gc,heap        ] GC(594) Old regions: 507->538
[2981.257s][info][gc,heap        ] GC(594) Humongous regions: 80->80
[2981.257s][info][gc,metaspace   ] GC(594) Metaspace: 28942K(29248K)->28942K(29248K) NonClass: 24065K(24192K)->24065K(24192K) Class: 4877K(5056K)->4877K(5056K)
[2981.257s][info][gc             ] GC(594) Pause Young (Prepare Mixed) (G1 Evacuation Pause) 3629M->1466M(4096M) 123.389ms
[2981.257s][info][gc,cpu         ] GC(594) User=0.73s Sys=0.00s Real=0.12s
....[2984.825s][info][gc,start       ] GC(595) Pause Young (Mixed) (G1 Evacuation Pause)
[2984.825s][info][gc,task        ] GC(595) Using 6 workers of 6 for evacuation
[2984.956s][info][gc,phases      ] GC(595)   Pre Evacuate Collection Set: 0.45ms
[2984.956s][info][gc,phases      ] GC(595)   Merge Heap Roots: 0.67ms
[2984.956s][info][gc,phases      ] GC(595)   Evacuate Collection Set: 128.84ms
[2984.956s][info][gc,phases      ] GC(595)   Post Evacuate Collection Set: 0.95ms
[2984.956s][info][gc,phases      ] GC(595)   Other: 0.09ms
[2984.956s][info][gc,heap        ] GC(595) Eden regions: 1095->0(1119)
[2984.956s][info][gc,heap        ] GC(595) Survivor regions: 116->109(152)
[2984.956s][info][gc,heap        ] GC(595) Old regions: 538->473
[2984.956s][info][gc,heap        ] GC(595) Humongous regions: 80->80
[2984.956s][info][gc,metaspace   ] GC(595) Metaspace: 28942K(29248K)->28942K(29248K) NonClass: 24065K(24192K)->24065K(24192K) Class: 4877K(5056K)->4877K(5056K)
[2984.956s][info][gc             ] GC(595) Pause Young (Mixed) (G1 Evacuation Pause) 3656M->1323M(4096M) 131.130ms
[2984.956s][info][gc,cpu         ] GC(595) User=0.78s Sys=0.00s Real=0.13s
...[2988.604s][info][gc,start       ] GC(596) Pause Young (Concurrent Start) (G1 Evacuation Pause)
[2988.604s][info][gc,task        ] GC(596) Using 6 workers of 6 for evacuation
[2988.721s][info][gc,phases      ] GC(596)   Pre Evacuate Collection Set: 0.36ms
[2988.721s][info][gc,phases      ] GC(596)   Merge Heap Roots: 0.43ms
[2988.721s][info][gc,phases      ] GC(596)   Evacuate Collection Set: 115.31ms
[2988.721s][info][gc,phases      ] GC(596)   Post Evacuate Collection Set: 0.89ms
[2988.721s][info][gc,phases      ] GC(596)   Other: 0.10ms
[2988.721s][info][gc,heap        ] GC(596) Eden regions: 1119->0(1119)
[2988.721s][info][gc,heap        ] GC(596) Survivor regions: 109->109(154)
[2988.721s][info][gc,heap        ] GC(596) Old regions: 473->506
[2988.721s][info][gc,heap        ] GC(596) Humongous regions: 80->80
[2988.721s][info][gc,metaspace   ] GC(596) Metaspace: 28942K(29248K)->28942K(29248K) NonClass: 24065K(24192K)->24065K(24192K) Class: 4877K(5056K)->4877K(5056K)
[2988.721s][info][gc             ] GC(596) Pause Young (Concurrent Start) (G1 Evacuation Pause) 3561M->1388M(4096M) 117.229ms
[2988.721s][info][gc             ] GC(597) Concurrent Mark Cycle
[2988.721s][info][gc,marking     ] GC(597) Concurrent Scan Root Regions
[2988.721s][info][gc,cpu         ] GC(596) User=0.69s Sys=0.00s Real=0.12s
.[2988.888s][info][gc,marking     ] GC(597) Concurrent Scan Root Regions 166.804ms
[2988.888s][info][gc,marking     ] GC(597) Concurrent Mark
[2988.888s][info][gc,marking     ] GC(597) Concurrent Mark From Roots
[2988.888s][info][gc,task        ] GC(597) Using 2 workers of 2 for marking
[2989.528s][info][gc,marking     ] GC(597) Concurrent Mark From Roots 639.899ms
[2989.528s][info][gc,marking     ] GC(597) Concurrent Preclean
[2989.528s][info][gc,marking     ] GC(597) Concurrent Preclean 0.080ms
[2989.528s][info][gc,start       ] GC(597) Pause Remark
[2989.532s][info][gc             ] GC(597) Pause Remark 1923M->1923M(4096M) 3.664ms
[2989.532s][info][gc,cpu         ] GC(597) User=0.02s Sys=0.00s Real=0.00s
[2989.532s][info][gc,marking     ] GC(597) Concurrent Mark 643.881ms
[2989.532s][info][gc,marking     ] GC(597) Concurrent Rebuild Remembered Sets and Scrub Regions
.[2989.835s][info][gc,marking     ] GC(597) Concurrent Rebuild Remembered Sets and Scrub Regions 302.604ms
[2989.835s][info][gc,start       ] GC(597) Pause Cleanup
[2989.835s][info][gc             ] GC(597) Pause Cleanup 2116M->2116M(4096M) 0.102ms
[2989.835s][info][gc,cpu         ] GC(597) User=0.00s Sys=0.00s Real=0.00s
[2989.835s][info][gc,marking     ] GC(597) Concurrent Clear Claimed Marks
[2989.835s][info][gc,marking     ] GC(597) Concurrent Clear Claimed Marks 0.023ms
[2989.835s][info][gc,marking     ] GC(597) Concurrent Cleanup for Next Mark
[2989.839s][info][gc,marking     ] GC(597) Concurrent Cleanup for Next Mark 3.631ms
[2989.839s][info][gc             ] GC(597) Concurrent Mark Cycle 1117.375ms
..[2992.427s][info][gc,start       ] GC(598) Pause Young (Prepare Mixed) (G1 Evacuation Pause)
[2992.427s][info][gc,task        ] GC(598) Using 6 workers of 6 for evacuation
[2992.543s][info][gc,phases      ] GC(598)   Pre Evacuate Collection Set: 0.34ms
[2992.543s][info][gc,phases      ] GC(598)   Merge Heap Roots: 0.46ms
[2992.543s][info][gc,phases      ] GC(598)   Evacuate Collection Set: 113.36ms
[2992.543s][info][gc,phases      ] GC(598)   Post Evacuate Collection Set: 0.92ms
[2992.543s][info][gc,phases      ] GC(598)   Other: 0.09ms
[2992.543s][info][gc,heap        ] GC(598) Eden regions: 1119->0(1112)
[2992.543s][info][gc,heap        ] GC(598) Survivor regions: 109->108(154)
[2992.543s][info][gc,heap        ] GC(598) Old regions: 506->537
[2992.543s][info][gc,heap        ] GC(598) Humongous regions: 80->80
[2992.543s][info][gc,metaspace   ] GC(598) Metaspace: 28942K(29248K)->28942K(29248K) NonClass: 24065K(24192K)->24065K(24192K) Class: 4877K(5056K)->4877K(5056K)
[2992.543s][info][gc             ] GC(598) Pause Young (Prepare Mixed) (G1 Evacuation Pause) 3626M->1448M(4096M) 115.295ms
[2992.543s][info][gc,cpu         ] GC(598) User=0.69s Sys=0.00s Real=0.12s
... (rIR:aIR:PR = 4981:4980:4980) (tPR = 74131) [OK] 
  2994s: Performance info:
         Transaction,    Success,    Partial,     Failed,   Receipts, AvgBarcode, 
             Overall,     300843,          0,          0,     285807,      59.48, 
         Response times:
             Request,    Success,    Partial,     Failed,   SkipFail,     Probes,    Samples,      min,      p50,      p90,      p95,      p99,      max, 
       TotalPurchase,     285807,          0,          0,          0,     281358,     305253,      300,     4000,     8200,    17300,    67000,   219000,
     InStorePurchase,     150432,          0,          0,          0,     148510,     160845,      300,     4000,     8200,    17000,    67000,   190000,
      OnlinePurchase,     105299,          0,          0,          0,     103632,     112415,      300,     4000,     8200,    17400,    65000,   219000,
        InstPurchase,      30076,          0,          0,          0,      29216,      31993,      400,     4300,     8500,    18200,    72000,   188000,
          AssocOfCat,        303,          0,          0,          0,        231,        316,    21000,    31000,    49000,    61150,   166150,   185000,
      AssocOfProduct,       3010,          0,          0,          0,       2758,       3136,      500,     3100,     6800,    11730,    49000,   140000,
      BusinessReport,        752,          0,          0,          0,        658,        824,    25000,    36000,    67000,    96750,   181750,   268000,
          CustBuyBeh,       3003,          0,          0,          0,       2743,       3151,      400,     3100,     7500,    15400,    59000,   141000,
       ProductReturn,       7968,          0,          0,          0,       7538,       8390,      200,     3500,     7900,    15700,    61000,   176000,

  2994s: (37%)   IR =   5120 .[2996.144s][info][gc,start       ] GC(599) Pause Young (Mixed) (G1 Evacuation Pause)
[2996.144s][info][gc,task        ] GC(599) Using 6 workers of 6 for evacuation
[2996.284s][info][gc,phases      ] GC(599)   Pre Evacuate Collection Set: 0.35ms
[2996.284s][info][gc,phases      ] GC(599)   Merge Heap Roots: 0.61ms
[2996.284s][info][gc,phases      ] GC(599)   Evacuate Collection Set: 138.50ms
[2996.284s][info][gc,phases      ] GC(599)   Post Evacuate Collection Set: 0.98ms
[2996.284s][info][gc,phases      ] GC(599)   Other: 0.10ms
[2996.284s][info][gc,heap        ] GC(599) Eden regions: 1112->0(1111)
[2996.284s][info][gc,heap        ] GC(599) Survivor regions: 108->117(153)
[2996.284s][info][gc,heap        ] GC(599) Old regions: 537->474
[2996.284s][info][gc,heap        ] GC(599) Humongous regions: 80->80
[2996.284s][info][gc,metaspace   ] GC(599) Metaspace: 28942K(29248K)->28942K(29248K) NonClass: 24065K(24192K)->24065K(24192K) Class: 4877K(5056K)->4877K(5056K)
[2996.284s][info][gc             ] GC(599) Pause Young (Mixed) (G1 Evacuation Pause) 3672M->1340M(4096M) 140.669ms
[2996.284s][info][gc,cpu         ] GC(599) User=0.84s Sys=0.00s Real=0.14s
....|[2999.828s][info][gc,start       ] GC(600) Pause Young (Concurrent Start) (G1 Evacuation Pause)
[2999.828s][info][gc,task        ] GC(600) Using 6 workers of 6 for evacuation
[2999.948s][info][gc,phases      ] GC(600)   Pre Evacuate Collection Set: 0.37ms
[2999.948s][info][gc,phases      ] GC(600)   Merge Heap Roots: 0.46ms
[2999.948s][info][gc,phases      ] GC(600)   Evacuate Collection Set: 117.97ms
[2999.948s][info][gc,phases      ] GC(600)   Post Evacuate Collection Set: 0.95ms
[2999.948s][info][gc,phases      ] GC(600)   Other: 0.13ms
[2999.948s][info][gc,heap        ] GC(600) Eden regions: 1111->0(1115)
[2999.948s][info][gc,heap        ] GC(600) Survivor regions: 117->113(154)
[2999.948s][info][gc,heap        ] GC(600) Old regions: 474->506
[2999.948s][info][gc,heap        ] GC(600) Humongous regions: 80->80
[2999.948s][info][gc,metaspace   ] GC(600) Metaspace: 28942K(29248K)->28942K(29248K) NonClass: 24065K(24192K)->24065K(24192K) Class: 4877K(5056K)->4877K(5056K)
[2999.948s][info][gc             ] GC(600) Pause Young (Concurrent Start) (G1 Evacuation Pause) 3562M->1395M(4096M) 120.013ms
[2999.948s][info][gc             ] GC(601) Concurrent Mark Cycle
[2999.948s][info][gc,marking     ] GC(601) Concurrent Scan Root Regions
[2999.948s][info][gc,cpu         ] GC(600) User=0.71s Sys=0.01s Real=0.12s
[3000.128s][info][gc,marking     ] GC(601) Concurrent Scan Root Regions 180.066ms
[3000.128s][info][gc,marking     ] GC(601) Concurrent Mark
[3000.128s][info][gc,marking     ] GC(601) Concurrent Mark From Roots
[3000.128s][info][gc,task        ] GC(601) Using 2 workers of 2 for marking
.[3000.970s][info][gc,marking     ] GC(601) Concurrent Mark From Roots 841.278ms
[3000.970s][info][gc,marking     ] GC(601) Concurrent Preclean
[3000.970s][info][gc,marking     ] GC(601) Concurrent Preclean 0.096ms
[3000.970s][info][gc,start       ] GC(601) Pause Remark
[3000.974s][info][gc             ] GC(601) Pause Remark 2073M->2073M(4096M) 4.424ms
[3000.974s][info][gc,cpu         ] GC(601) User=0.02s Sys=0.00s Real=0.00s
[3000.974s][info][gc,marking     ] GC(601) Concurrent Mark 846.089ms
[3000.974s][info][gc,marking     ] GC(601) Concurrent Rebuild Remembered Sets and Scrub Regions
[3001.243s][info][gc,marking     ] GC(601) Concurrent Rebuild Remembered Sets and Scrub Regions 268.699ms
[3001.243s][info][gc,start       ] GC(601) Pause Cleanup
[3001.244s][info][gc             ] GC(601) Pause Cleanup 2231M->2231M(4096M) 0.106ms
[3001.244s][info][gc,cpu         ] GC(601) User=0.00s Sys=0.00s Real=0.00s
[3001.244s][info][gc,marking     ] GC(601) Concurrent Clear Claimed Marks
[3001.244s][info][gc,marking     ] GC(601) Concurrent Clear Claimed Marks 0.031ms
[3001.244s][info][gc,marking     ] GC(601) Concurrent Cleanup for Next Mark
[3001.250s][info][gc,marking     ] GC(601) Concurrent Cleanup for Next Mark 6.158ms
[3001.250s][info][gc             ] GC(601) Concurrent Mark Cycle 1301.928ms
..[3003.549s][info][gc,start       ] GC(602) Pause Young (Prepare Mixed) (G1 Evacuation Pause)
[3003.549s][info][gc,task        ] GC(602) Using 6 workers of 6 for evacuation
[3003.664s][info][gc,phases      ] GC(602)   Pre Evacuate Collection Set: 0.35ms
[3003.664s][info][gc,phases      ] GC(602)   Merge Heap Roots: 0.48ms
[3003.664s][info][gc,phases      ] GC(602)   Evacuate Collection Set: 112.84ms
[3003.664s][info][gc,phases      ] GC(602)   Post Evacuate Collection Set: 0.91ms
[3003.664s][info][gc,phases      ] GC(602)   Other: 0.10ms
[3003.664s][info][gc,heap        ] GC(602) Eden regions: 1115->0(1109)
[3003.664s][info][gc,heap        ] GC(602) Survivor regions: 113->109(154)
[3003.664s][info][gc,heap        ] GC(602) Old regions: 506->538
[3003.664s][info][gc,heap        ] GC(602) Humongous regions: 80->80
[3003.664s][info][gc,metaspace   ] GC(602) Metaspace: 28942K(29248K)->28942K(29248K) NonClass: 24065K(24192K)->24065K(24192K) Class: 4877K(5056K)->4877K(5056K)
[3003.664s][info][gc             ] GC(602) Pause Young (Prepare Mixed) (G1 Evacuation Pause) 3625M->1452M(4096M) 114.815ms
[3003.664s][info][gc,cpu         ] GC(602) User=0.68s Sys=0.00s Real=0.11s
....[3007.160s][info][gc,start       ] GC(603) Pause Young (Mixed) (G1 Evacuation Pause)
[3007.160s][info][gc,task        ] GC(603) Using 6 workers of 6 for evacuation
[3007.294s][info][gc,phases      ] GC(603)   Pre Evacuate Collection Set: 0.37ms
[3007.294s][info][gc,phases      ] GC(603)   Merge Heap Roots: 0.64ms
[3007.294s][info][gc,phases      ] GC(603)   Evacuate Collection Set: 131.58ms
[3007.294s][info][gc,phases      ] GC(603)   Post Evacuate Collection Set: 0.94ms
[3007.294s][info][gc,phases      ] GC(603)   Other: 0.08ms
[3007.294s][info][gc,heap        ] GC(603) Eden regions: 1109->0(1118)
[3007.294s][info][gc,heap        ] GC(603) Survivor regions: 109->110(153)
[3007.294s][info][gc,heap        ] GC(603) Old regions: 538->476
[3007.294s][info][gc,heap        ] GC(603) Humongous regions: 80->80
[3007.294s][info][gc,metaspace   ] GC(603) Metaspace: 28942K(29248K)->28942K(29248K) NonClass: 24065K(24192K)->24065K(24192K) Class: 4877K(5056K)->4877K(5056K)
[3007.294s][info][gc             ] GC(603) Pause Young (Mixed) (G1 Evacuation Pause) 3670M->1330M(4096M) 133.737ms
[3007.294s][info][gc,cpu         ] GC(603) User=0.79s Sys=0.00s Real=0.13s
....[3010.904s][info][gc,start       ] GC(604) Pause Young (Concurrent Start) (G1 Evacuation Pause)
[3010.904s][info][gc,task        ] GC(604) Using 6 workers of 6 for evacuation
[3011.021s][info][gc,phases      ] GC(604)   Pre Evacuate Collection Set: 0.37ms
[3011.021s][info][gc,phases      ] GC(604)   Merge Heap Roots: 0.44ms
[3011.021s][info][gc,phases      ] GC(604)   Evacuate Collection Set: 114.72ms
[3011.021s][info][gc,phases      ] GC(604)   Post Evacuate Collection Set: 0.89ms
[3011.021s][info][gc,phases      ] GC(604)   Other: 0.11ms
[3011.021s][info][gc,heap        ] GC(604) Eden regions: 1118->0(1118)
[3011.021s][info][gc,heap        ] GC(604) Survivor regions: 110->110(154)
[3011.021s][info][gc,heap        ] GC(604) Old regions: 476->508
[3011.021s][info][gc,heap        ] GC(604) Humongous regions: 80->80
[3011.021s][info][gc,metaspace   ] GC(604) Metaspace: 28942K(29248K)->28942K(29248K) NonClass: 24065K(24192K)->24065K(24192K) Class: 4877K(5056K)->4877K(5056K)
[3011.021s][info][gc             ] GC(604) Pause Young (Concurrent Start) (G1 Evacuation Pause) 3566M->1394M(4096M) 116.672ms
[3011.021s][info][gc             ] GC(605) Concurrent Mark Cycle
[3011.021s][info][gc,marking     ] GC(605) Concurrent Scan Root Regions
[3011.021s][info][gc,cpu         ] GC(604) User=0.69s Sys=0.00s Real=0.12s
[3011.162s][info][gc,marking     ] GC(605) Concurrent Scan Root Regions 140.642ms
[3011.162s][info][gc,marking     ] GC(605) Concurrent Mark
[3011.162s][info][gc,marking     ] GC(605) Concurrent Mark From Roots
[3011.162s][info][gc,task        ] GC(605) Using 2 workers of 2 for marking
.[3011.858s][info][gc,marking     ] GC(605) Concurrent Mark From Roots 696.684ms
[3011.858s][info][gc,marking     ] GC(605) Concurrent Preclean
[3011.858s][info][gc,marking     ] GC(605) Concurrent Preclean 0.092ms
[3011.859s][info][gc,start       ] GC(605) Pause Remark
[3011.863s][info][gc             ] GC(605) Pause Remark 2020M->2020M(4096M) 4.056ms
[3011.863s][info][gc,cpu         ] GC(605) User=0.02s Sys=0.00s Real=0.00s
[3011.863s][info][gc,marking     ] GC(605) Concurrent Mark 701.124ms
[3011.863s][info][gc,marking     ] GC(605) Concurrent Rebuild Remembered Sets and Scrub Regions
[3012.098s][info][gc,marking     ] GC(605) Concurrent Rebuild Remembered Sets and Scrub Regions 235.021ms
[3012.098s][info][gc,start       ] GC(605) Pause Cleanup
[3012.098s][info][gc             ] GC(605) Pause Cleanup 2163M->2163M(4096M) 0.103ms
[3012.098s][info][gc,cpu         ] GC(605) User=0.00s Sys=0.00s Real=0.00s
[3012.098s][info][gc,marking     ] GC(605) Concurrent Clear Claimed Marks
[3012.098s][info][gc,marking     ] GC(605) Concurrent Clear Claimed Marks 0.025ms
[3012.098s][info][gc,marking     ] GC(605) Concurrent Cleanup for Next Mark
[3012.103s][info][gc,marking     ] GC(605) Concurrent Cleanup for Next Mark 4.501ms
[3012.103s][info][gc             ] GC(605) Concurrent Mark Cycle 1081.767ms
..[3014.572s][info][gc,start       ] GC(606) Pause Young (Prepare Mixed) (G1 Evacuation Pause)
[3014.572s][info][gc,task        ] GC(606) Using 6 workers of 6 for evacuation
[3014.688s][info][gc,phases      ] GC(606)   Pre Evacuate Collection Set: 0.32ms
[3014.688s][info][gc,phases      ] GC(606)   Merge Heap Roots: 0.48ms
[3014.688s][info][gc,phases      ] GC(606)   Evacuate Collection Set: 114.56ms
[3014.688s][info][gc,phases      ] GC(606)   Post Evacuate Collection Set: 0.89ms
[3014.688s][info][gc,phases      ] GC(606)   Other: 0.09ms
[3014.688s][info][gc,heap        ] GC(606) Eden regions: 1118->0(1107)
[3014.688s][info][gc,heap        ] GC(606) Survivor regions: 110->109(154)
[3014.688s][info][gc,heap        ] GC(606) Old regions: 508->540
[3014.688s][info][gc,heap        ] GC(606) Humongous regions: 80->80
[3014.688s][info][gc,metaspace   ] GC(606) Metaspace: 28942K(29248K)->28942K(29248K) NonClass: 24065K(24192K)->24065K(24192K) Class: 4877K(5056K)->4877K(5056K)
[3014.688s][info][gc             ] GC(606) Pause Young (Prepare Mixed) (G1 Evacuation Pause) 3630M->1455M(4096M) 116.473ms
[3014.688s][info][gc,cpu         ] GC(606) User=0.69s Sys=0.00s Real=0.12s
....[3018.174s][info][gc,start       ] GC(607) Pause Young (Mixed) (G1 Evacuation Pause)
[3018.174s][info][gc,task        ] GC(607) Using 6 workers of 6 for evacuation
[3018.306s][info][gc,phases      ] GC(607)   Pre Evacuate Collection Set: 0.36ms
[3018.306s][info][gc,phases      ] GC(607)   Merge Heap Roots: 0.57ms
[3018.306s][info][gc,phases      ] GC(607)   Evacuate Collection Set: 130.02ms
[3018.306s][info][gc,phases      ] GC(607)   Post Evacuate Collection Set: 0.94ms
[3018.306s][info][gc,phases      ] GC(607)   Other: 0.08ms
[3018.306s][info][gc,heap        ] GC(607) Eden regions: 1107->0(1117)
[3018.306s][info][gc,heap        ] GC(607) Survivor regions: 109->111(152)
[3018.306s][info][gc,heap        ] GC(607) Old regions: 540->475
[3018.306s][info][gc,heap        ] GC(607) Humongous regions: 80->80
[3018.306s][info][gc,metaspace   ] GC(607) Metaspace: 28942K(29248K)->28942K(29248K) NonClass: 24065K(24192K)->24065K(24192K) Class: 4877K(5056K)->4877K(5056K)
[3018.306s][info][gc             ] GC(607) Pause Young (Mixed) (G1 Evacuation Pause) 3669M->1331M(4096M) 132.115ms
[3018.306s][info][gc,cpu         ] GC(607) User=0.78s Sys=0.00s Real=0.13s
....[3021.938s][info][gc,start       ] GC(608) Pause Young (Concurrent Start) (G1 Evacuation Pause)
[3021.938s][info][gc,task        ] GC(608) Using 6 workers of 6 for evacuation
[3022.057s][info][gc,phases      ] GC(608)   Pre Evacuate Collection Set: 0.38ms
[3022.057s][info][gc,phases      ] GC(608)   Merge Heap Roots: 0.42ms
[3022.057s][info][gc,phases      ] GC(608)   Evacuate Collection Set: 116.54ms
[3022.057s][info][gc,phases      ] GC(608)   Post Evacuate Collection Set: 0.89ms
[3022.057s][info][gc,phases      ] GC(608)   Other: 0.11ms
[3022.057s][info][gc,heap        ] GC(608) Eden regions: 1117->0(1117)
[3022.057s][info][gc,heap        ] GC(608) Survivor regions: 111->111(154)
[3022.057s][info][gc,heap        ] GC(608) Old regions: 475->507
[3022.057s][info][gc,heap        ] GC(608) Humongous regions: 80->80
[3022.057s][info][gc,metaspace   ] GC(608) Metaspace: 28942K(29248K)->28942K(29248K) NonClass: 24065K(24192K)->24065K(24192K) Class: 4877K(5056K)->4877K(5056K)
[3022.057s][info][gc             ] GC(608) Pause Young (Concurrent Start) (G1 Evacuation Pause) 3565M->1394M(4096M) 118.469ms
[3022.057s][info][gc             ] GC(609) Concurrent Mark Cycle
[3022.057s][info][gc,marking     ] GC(609) Concurrent Scan Root Regions
[3022.057s][info][gc,cpu         ] GC(608) User=0.70s Sys=0.00s Real=0.11s
[3022.266s][info][gc,marking     ] GC(609) Concurrent Scan Root Regions 209.183ms
[3022.266s][info][gc,marking     ] GC(609) Concurrent Mark
[3022.266s][info][gc,marking     ] GC(609) Concurrent Mark From Roots
[3022.266s][info][gc,task        ] GC(609) Using 2 workers of 2 for marking
.[3023.062s][info][gc,marking     ] GC(609) Concurrent Mark From Roots 796.184ms
[3023.062s][info][gc,marking     ] GC(609) Concurrent Preclean
[3023.063s][info][gc,marking     ] GC(609) Concurrent Preclean 0.109ms
[3023.063s][info][gc,start       ] GC(609) Pause Remark
[3023.067s][info][gc             ] GC(609) Pause Remark 2087M->2087M(4096M) 4.561ms
[3023.067s][info][gc,cpu         ] GC(609) User=0.03s Sys=0.00s Real=0.00s
[3023.067s][info][gc,marking     ] GC(609) Concurrent Mark 801.161ms
[3023.067s][info][gc,marking     ] GC(609) Concurrent Rebuild Remembered Sets and Scrub Regions
[3023.341s][info][gc,marking     ] GC(609) Concurrent Rebuild Remembered Sets and Scrub Regions 273.856ms
[3023.341s][info][gc,start       ] GC(609) Pause Cleanup
[3023.341s][info][gc             ] GC(609) Pause Cleanup 2260M->2260M(4096M) 0.097ms
[3023.341s][info][gc,cpu         ] GC(609) User=0.00s Sys=0.00s Real=0.00s
[3023.341s][info][gc,marking     ] GC(609) Concurrent Clear Claimed Marks
[3023.341s][info][gc,marking     ] GC(609) Concurrent Clear Claimed Marks 0.023ms
[3023.341s][info][gc,marking     ] GC(609) Concurrent Cleanup for Next Mark
[3023.345s][info][gc,marking     ] GC(609) Concurrent Cleanup for Next Mark 3.561ms
[3023.345s][info][gc             ] GC(609) Concurrent Mark Cycle 1288.183ms
..[3025.609s][info][gc,start       ] GC(610) Pause Young (Prepare Mixed) (G1 Evacuation Pause)
[3025.609s][info][gc,task        ] GC(610) Using 6 workers of 6 for evacuation
[3025.729s][info][gc,phases      ] GC(610)   Pre Evacuate Collection Set: 0.31ms
[3025.729s][info][gc,phases      ] GC(610)   Merge Heap Roots: 0.49ms
[3025.729s][info][gc,phases      ] GC(610)   Evacuate Collection Set: 118.36ms
[3025.729s][info][gc,phases      ] GC(610)   Post Evacuate Collection Set: 0.89ms
[3025.729s][info][gc,phases      ] GC(610)   Other: 0.09ms
[3025.729s][info][gc,heap        ] GC(610) Eden regions: 1117->0(1100)
[3025.729s][info][gc,heap        ] GC(610) Survivor regions: 111->113(154)
[3025.729s][info][gc,heap        ] GC(610) Old regions: 507->539
[3025.729s][info][gc,heap        ] GC(610) Humongous regions: 80->80
[3025.729s][info][gc,metaspace   ] GC(610) Metaspace: 28942K(29248K)->28942K(29248K) NonClass: 24065K(24192K)->24065K(24192K) Class: 4877K(5056K)->4877K(5056K)
[3025.730s][info][gc             ] GC(610) Pause Young (Prepare Mixed) (G1 Evacuation Pause) 3628M->1461M(4096M) 120.282ms
[3025.730s][info][gc,cpu         ] GC(610) User=0.72s Sys=0.00s Real=0.12s
....[3029.242s][info][gc,start       ] GC(611) Pause Young (Mixed) (G1 Evacuation Pause)
[3029.242s][info][gc,task        ] GC(611) Using 6 workers of 6 for evacuation
[3029.373s][info][gc,phases      ] GC(611)   Pre Evacuate Collection Set: 0.37ms
[3029.373s][info][gc,phases      ] GC(611)   Merge Heap Roots: 0.63ms
[3029.373s][info][gc,phases      ] GC(611)   Evacuate Collection Set: 128.77ms
[3029.373s][info][gc,phases      ] GC(611)   Post Evacuate Collection Set: 0.94ms
[3029.373s][info][gc,phases      ] GC(611)   Other: 0.09ms
[3029.373s][info][gc,heap        ] GC(611) Eden regions: 1100->0(1122)
[3029.373s][info][gc,heap        ] GC(611) Survivor regions: 113->106(152)
[3029.373s][info][gc,heap        ] GC(611) Old regions: 539->476
[3029.373s][info][gc,heap        ] GC(611) Humongous regions: 80->80
[3029.373s][info][gc,metaspace   ] GC(611) Metaspace: 28942K(29248K)->28942K(29248K) NonClass: 24065K(24192K)->24065K(24192K) Class: 4877K(5056K)->4877K(5056K)
[3029.373s][info][gc             ] GC(611) Pause Young (Mixed) (G1 Evacuation Pause) 3661M->1322M(4096M) 130.932ms
[3029.373s][info][gc,cpu         ] GC(611) User=0.77s Sys=0.00s Real=0.13s
....[3032.975s][info][gc,start       ] GC(612) Pause Young (Concurrent Start) (G1 Evacuation Pause)
[3032.975s][info][gc,task        ] GC(612) Using 6 workers of 6 for evacuation
[3033.091s][info][gc,phases      ] GC(612)   Pre Evacuate Collection Set: 0.36ms
[3033.091s][info][gc,phases      ] GC(612)   Merge Heap Roots: 0.43ms
[3033.091s][info][gc,phases      ] GC(612)   Evacuate Collection Set: 114.26ms
[3033.091s][info][gc,phases      ] GC(612)   Post Evacuate Collection Set: 0.88ms
[3033.091s][info][gc,phases      ] GC(612)   Other: 0.11ms
[3033.091s][info][gc,heap        ] GC(612) Eden regions: 1122->0(1119)
[3033.091s][info][gc,heap        ] GC(612) Survivor regions: 106->109(154)
[3033.091s][info][gc,heap        ] GC(612) Old regions: 476->508
[3033.091s][info][gc,heap        ] GC(612) Humongous regions: 80->80
[3033.091s][info][gc,metaspace   ] GC(612) Metaspace: 28942K(29248K)->28942K(29248K) NonClass: 24065K(24192K)->24065K(24192K) Class: 4877K(5056K)->4877K(5056K)
[3033.091s][info][gc             ] GC(612) Pause Young (Concurrent Start) (G1 Evacuation Pause) 3566M->1392M(4096M) 116.171ms
[3033.091s][info][gc             ] GC(613) Concurrent Mark Cycle
[3033.091s][info][gc,marking     ] GC(613) Concurrent Scan Root Regions
[3033.091s][info][gc,cpu         ] GC(612) User=0.69s Sys=0.00s Real=0.12s
[3033.295s][info][gc,marking     ] GC(613) Concurrent Scan Root Regions 203.724ms
[3033.295s][info][gc,marking     ] GC(613) Concurrent Mark
[3033.295s][info][gc,marking     ] GC(613) Concurrent Mark From Roots
[3033.295s][info][gc,task        ] GC(613) Using 2 workers of 2 for marking
.[3034.086s][info][gc,marking     ] GC(613) Concurrent Mark From Roots 790.275ms
[3034.086s][info][gc,marking     ] GC(613) Concurrent Preclean
[3034.086s][info][gc,marking     ] GC(613) Concurrent Preclean 0.086ms
[3034.086s][info][gc,start       ] GC(613) Pause Remark
[3034.090s][info][gc             ] GC(613) Pause Remark 2077M->2077M(4096M) 4.277ms
[3034.090s][info][gc,cpu         ] GC(613) User=0.02s Sys=0.00s Real=0.01s
[3034.090s][info][gc,marking     ] GC(613) Concurrent Mark 794.862ms
[3034.090s][info][gc,marking     ] GC(613) Concurrent Rebuild Remembered Sets and Scrub Regions
[3034.364s][info][gc,marking     ] GC(613) Concurrent Rebuild Remembered Sets and Scrub Regions 274.241ms
[3034.365s][info][gc,start       ] GC(613) Pause Cleanup
[3034.365s][info][gc             ] GC(613) Pause Cleanup 2250M->2250M(4096M) 0.102ms
[3034.365s][info][gc,cpu         ] GC(613) User=0.00s Sys=0.00s Real=0.00s
[3034.365s][info][gc,marking     ] GC(613) Concurrent Clear Claimed Marks
[3034.365s][info][gc,marking     ] GC(613) Concurrent Clear Claimed Marks 0.024ms
[3034.365s][info][gc,marking     ] GC(613) Concurrent Cleanup for Next Mark
[3034.368s][info][gc,marking     ] GC(613) Concurrent Cleanup for Next Mark 3.627ms
[3034.368s][info][gc             ] GC(613) Concurrent Mark Cycle 1276.946ms
..[3036.611s][info][gc,start       ] GC(614) Pause Young (Prepare Mixed) (G1 Evacuation Pause)
[3036.611s][info][gc,task        ] GC(614) Using 6 workers of 6 for evacuation
[3036.728s][info][gc,phases      ] GC(614)   Pre Evacuate Collection Set: 0.33ms
[3036.728s][info][gc,phases      ] GC(614)   Merge Heap Roots: 0.47ms
[3036.728s][info][gc,phases      ] GC(614)   Evacuate Collection Set: 114.82ms
[3036.728s][info][gc,phases      ] GC(614)   Post Evacuate Collection Set: 0.92ms
[3036.728s][info][gc,phases      ] GC(614)   Other: 0.09ms
[3036.728s][info][gc,heap        ] GC(614) Eden regions: 1119->0(1105)
[3036.728s][info][gc,heap        ] GC(614) Survivor regions: 109->110(154)
[3036.728s][info][gc,heap        ] GC(614) Old regions: 508->540
[3036.728s][info][gc,heap        ] GC(614) Humongous regions: 80->80
[3036.728s][info][gc,metaspace   ] GC(614) Metaspace: 28942K(29248K)->28942K(29248K) NonClass: 24065K(24192K)->24065K(24192K) Class: 4877K(5056K)->4877K(5056K)
[3036.728s][info][gc             ] GC(614) Pause Young (Prepare Mixed) (G1 Evacuation Pause) 3630M->1457M(4096M) 116.748ms
[3036.728s][info][gc,cpu         ] GC(614) User=0.69s Sys=0.00s Real=0.12s
....[3040.320s][info][gc,start       ] GC(615) Pause Young (Mixed) (G1 Evacuation Pause)
[3040.320s][info][gc,task        ] GC(615) Using 6 workers of 6 for evacuation
[3040.451s][info][gc,phases      ] GC(615)   Pre Evacuate Collection Set: 0.36ms
[3040.451s][info][gc,phases      ] GC(615)   Merge Heap Roots: 0.65ms
[3040.451s][info][gc,phases      ] GC(615)   Evacuate Collection Set: 128.54ms
[3040.451s][info][gc,phases      ] GC(615)   Post Evacuate Collection Set: 0.95ms
[3040.451s][info][gc,phases      ] GC(615)   Other: 0.09ms
[3040.451s][info][gc,heap        ] GC(615) Eden regions: 1105->0(1121)
[3040.451s][info][gc,heap        ] GC(615) Survivor regions: 110->107(152)
[3040.451s][info][gc,heap        ] GC(615) Old regions: 540->475
[3040.451s][info][gc,heap        ] GC(615) Humongous regions: 80->80
[3040.451s][info][gc,metaspace   ] GC(615) Metaspace: 28942K(29248K)->28942K(29248K) NonClass: 24065K(24192K)->24065K(24192K) Class: 4877K(5056K)->4877K(5056K)
[3040.451s][info][gc             ] GC(615) Pause Young (Mixed) (G1 Evacuation Pause) 3667M->1323M(4096M) 130.716ms
[3040.451s][info][gc,cpu         ] GC(615) User=0.77s Sys=0.00s Real=0.13s
....[3044.032s][info][gc,start       ] GC(616) Pause Young (Concurrent Start) (G1 Evacuation Pause)
[3044.032s][info][gc,task        ] GC(616) Using 6 workers of 6 for evacuation
[3044.148s][info][gc,phases      ] GC(616)   Pre Evacuate Collection Set: 0.39ms
[3044.148s][info][gc,phases      ] GC(616)   Merge Heap Roots: 0.44ms
[3044.148s][info][gc,phases      ] GC(616)   Evacuate Collection Set: 114.76ms
[3044.148s][info][gc,phases      ] GC(616)   Post Evacuate Collection Set: 0.88ms
[3044.148s][info][gc,phases      ] GC(616)   Other: 0.11ms
[3044.148s][info][gc,heap        ] GC(616) Eden regions: 1121->0(1117)
[3044.148s][info][gc,heap        ] GC(616) Survivor regions: 107->111(154)
[3044.148s][info][gc,heap        ] GC(616) Old regions: 475->506
[3044.148s][info][gc,heap        ] GC(616) Humongous regions: 80->80
[3044.148s][info][gc,metaspace   ] GC(616) Metaspace: 28942K(29248K)->28942K(29248K) NonClass: 24065K(24192K)->24065K(24192K) Class: 4877K(5056K)->4877K(5056K)
[3044.149s][info][gc             ] GC(616) Pause Young (Concurrent Start) (G1 Evacuation Pause) 3565M->1392M(4096M) 116.714ms
[3044.149s][info][gc             ] GC(617) Concurrent Mark Cycle
[3044.149s][info][gc,marking     ] GC(617) Concurrent Scan Root Regions
[3044.149s][info][gc,cpu         ] GC(616) User=0.69s Sys=0.00s Real=0.12s
[3044.326s][info][gc,marking     ] GC(617) Concurrent Scan Root Regions 177.820ms
[3044.326s][info][gc,marking     ] GC(617) Concurrent Mark
[3044.326s][info][gc,marking     ] GC(617) Concurrent Mark From Roots
[3044.326s][info][gc,task        ] GC(617) Using 2 workers of 2 for marking
.[3045.119s][info][gc,marking     ] GC(617) Concurrent Mark From Roots 792.785ms
[3045.119s][info][gc,marking     ] GC(617) Concurrent Preclean
[3045.119s][info][gc,marking     ] GC(617) Concurrent Preclean 0.084ms
[3045.119s][info][gc,start       ] GC(617) Pause Remark
[3045.124s][info][gc             ] GC(617) Pause Remark 2078M->2078M(4096M) 4.619ms
[3045.124s][info][gc,cpu         ] GC(617) User=0.03s Sys=0.00s Real=0.00s
[3045.124s][info][gc,marking     ] GC(617) Concurrent Mark 797.741ms
[3045.124s][info][gc,marking     ] GC(617) Concurrent Rebuild Remembered Sets and Scrub Regions
[3045.407s][info][gc,marking     ] GC(617) Concurrent Rebuild Remembered Sets and Scrub Regions 283.188ms
[3045.408s][info][gc,start       ] GC(617) Pause Cleanup
[3045.408s][info][gc             ] GC(617) Pause Cleanup 2261M->2261M(4096M) 0.098ms
[3045.408s][info][gc,cpu         ] GC(617) User=0.00s Sys=0.00s Real=0.00s
[3045.408s][info][gc,marking     ] GC(617) Concurrent Clear Claimed Marks
[3045.408s][info][gc,marking     ] GC(617) Concurrent Clear Claimed Marks 0.024ms
[3045.408s][info][gc,marking     ] GC(617) Concurrent Cleanup for Next Mark
[3045.412s][info][gc,marking     ] GC(617) Concurrent Cleanup for Next Mark 4.056ms
[3045.412s][info][gc             ] GC(617) Concurrent Mark Cycle 1263.328ms
..[3047.682s][info][gc,start       ] GC(618) Pause Young (Prepare Mixed) (G1 Evacuation Pause)
[3047.682s][info][gc,task        ] GC(618) Using 6 workers of 6 for evacuation
[3047.798s][info][gc,phases      ] GC(618)   Pre Evacuate Collection Set: 0.38ms
[3047.798s][info][gc,phases      ] GC(618)   Merge Heap Roots: 0.59ms
[3047.798s][info][gc,phases      ] GC(618)   Evacuate Collection Set: 113.94ms
[3047.798s][info][gc,phases      ] GC(618)   Post Evacuate Collection Set: 0.94ms
[3047.798s][info][gc,phases      ] GC(618)   Other: 0.10ms
[3047.798s][info][gc,heap        ] GC(618) Eden regions: 1117->0(1109)
[3047.798s][info][gc,heap        ] GC(618) Survivor regions: 111->109(154)
[3047.798s][info][gc,heap        ] GC(618) Old regions: 506->538
[3047.798s][info][gc,heap        ] GC(618) Humongous regions: 80->80
[3047.798s][info][gc,metaspace   ] GC(618) Metaspace: 28942K(29248K)->28942K(29248K) NonClass: 24065K(24192K)->24065K(24192K) Class: 4877K(5056K)->4877K(5056K)
[3047.798s][info][gc             ] GC(618) Pause Young (Prepare Mixed) (G1 Evacuation Pause) 3626M->1452M(4096M) 116.079ms
[3047.798s][info][gc,cpu         ] GC(618) User=0.69s Sys=0.01s Real=0.12s
....[3051.459s][info][gc,start       ] GC(619) Pause Young (Mixed) (G1 Evacuation Pause)
[3051.459s][info][gc,task        ] GC(619) Using 6 workers of 6 for evacuation
[3051.587s][info][gc,phases      ] GC(619)   Pre Evacuate Collection Set: 0.41ms
[3051.587s][info][gc,phases      ] GC(619)   Merge Heap Roots: 0.57ms
[3051.587s][info][gc,phases      ] GC(619)   Evacuate Collection Set: 126.25ms
[3051.587s][info][gc,phases      ] GC(619)   Post Evacuate Collection Set: 0.97ms
[3051.587s][info][gc,phases      ] GC(619)   Other: 0.09ms
[3051.587s][info][gc,heap        ] GC(619) Eden regions: 1109->0(1119)
[3051.587s][info][gc,heap        ] GC(619) Survivor regions: 109->109(153)
[3051.587s][info][gc,heap        ] GC(619) Old regions: 538->474
[3051.587s][info][gc,heap        ] GC(619) Humongous regions: 80->80
[3051.587s][info][gc,metaspace   ] GC(619) Metaspace: 28942K(29248K)->28942K(29248K) NonClass: 24065K(24192K)->24065K(24192K) Class: 4877K(5056K)->4877K(5056K)
[3051.587s][info][gc             ] GC(619) Pause Young (Mixed) (G1 Evacuation Pause) 3670M->1323M(4096M) 128.411ms
[3051.587s][info][gc,cpu         ] GC(619) User=0.76s Sys=0.01s Real=0.12s
....[3055.067s][info][gc,start       ] GC(620) Pause Young (Concurrent Start) (G1 Evacuation Pause)
[3055.067s][info][gc,task        ] GC(620) Using 6 workers of 6 for evacuation
[3055.183s][info][gc,phases      ] GC(620)   Pre Evacuate Collection Set: 0.39ms
[3055.183s][info][gc,phases      ] GC(620)   Merge Heap Roots: 0.46ms
[3055.183s][info][gc,phases      ] GC(620)   Evacuate Collection Set: 114.46ms
[3055.183s][info][gc,phases      ] GC(620)   Post Evacuate Collection Set: 0.91ms
[3055.183s][info][gc,phases      ] GC(620)   Other: 0.10ms
[3055.183s][info][gc,heap        ] GC(620) Eden regions: 1119->0(1119)
[3055.183s][info][gc,heap        ] GC(620) Survivor regions: 109->109(154)
[3055.183s][info][gc,heap        ] GC(620) Old regions: 474->506
[3055.183s][info][gc,heap        ] GC(620) Humongous regions: 80->80
[3055.183s][info][gc,metaspace   ] GC(620) Metaspace: 28942K(29248K)->28942K(29248K) NonClass: 24065K(24192K)->24065K(24192K) Class: 4877K(5056K)->4877K(5056K)
[3055.183s][info][gc             ] GC(620) Pause Young (Concurrent Start) (G1 Evacuation Pause) 3561M->1389M(4096M) 116.456ms
[3055.183s][info][gc             ] GC(621) Concurrent Mark Cycle
[3055.183s][info][gc,marking     ] GC(621) Concurrent Scan Root Regions
[3055.183s][info][gc,cpu         ] GC(620) User=0.68s Sys=0.00s Real=0.12s
[3055.365s][info][gc,marking     ] GC(621) Concurrent Scan Root Regions 181.970ms
[3055.365s][info][gc,marking     ] GC(621) Concurrent Mark
[3055.365s][info][gc,marking     ] GC(621) Concurrent Mark From Roots
[3055.365s][info][gc,task        ] GC(621) Using 2 workers of 2 for marking
.[3056.330s][info][gc,marking     ] GC(621) Concurrent Mark From Roots 964.439ms
[3056.330s][info][gc,marking     ] GC(621) Concurrent Preclean
[3056.330s][info][gc,marking     ] GC(621) Concurrent Preclean 0.093ms
[3056.330s][info][gc,start       ] GC(621) Pause Remark
[3056.335s][info][gc             ] GC(621) Pause Remark 2158M->2158M(4096M) 4.703ms
[3056.335s][info][gc,cpu         ] GC(621) User=0.03s Sys=0.00s Real=0.00s
[3056.335s][info][gc,marking     ] GC(621) Concurrent Mark 969.512ms
[3056.335s][info][gc,marking     ] GC(621) Concurrent Rebuild Remembered Sets and Scrub Regions
[3056.689s][info][gc,marking     ] GC(621) Concurrent Rebuild Remembered Sets and Scrub Regions 354.025ms
[3056.689s][info][gc,start       ] GC(621) Pause Cleanup
[3056.689s][info][gc             ] GC(621) Pause Cleanup 2390M->2390M(4096M) 0.104ms
[3056.689s][info][gc,cpu         ] GC(621) User=0.00s Sys=0.00s Real=0.00s
[3056.689s][info][gc,marking     ] GC(621) Concurrent Clear Claimed Marks
[3056.689s][info][gc,marking     ] GC(621) Concurrent Clear Claimed Marks 0.022ms
[3056.689s][info][gc,marking     ] GC(621) Concurrent Cleanup for Next Mark
[3056.693s][info][gc,marking     ] GC(621) Concurrent Cleanup for Next Mark 3.458ms
[3056.693s][info][gc             ] GC(621) Concurrent Mark Cycle 1509.443ms
..[3058.727s][info][gc,start       ] GC(622) Pause Young (Prepare Mixed) (G1 Evacuation Pause)
[3058.727s][info][gc,task        ] GC(622) Using 6 workers of 6 for evacuation
[3058.844s][info][gc,phases      ] GC(622)   Pre Evacuate Collection Set: 0.36ms
[3058.844s][info][gc,phases      ] GC(622)   Merge Heap Roots: 0.49ms
[3058.844s][info][gc,phases      ] GC(622)   Evacuate Collection Set: 114.81ms
[3058.844s][info][gc,phases      ] GC(622)   Post Evacuate Collection Set: 0.95ms
[3058.844s][info][gc,phases      ] GC(622)   Other: 0.09ms
[3058.844s][info][gc,heap        ] GC(622) Eden regions: 1119->0(1109)
[3058.844s][info][gc,heap        ] GC(622) Survivor regions: 109->109(154)
[3058.844s][info][gc,heap        ] GC(622) Old regions: 506->538
[3058.844s][info][gc,heap        ] GC(622) Humongous regions: 80->80
[3058.844s][info][gc,metaspace   ] GC(622) Metaspace: 28942K(29248K)->28942K(29248K) NonClass: 24065K(24192K)->24065K(24192K) Class: 4877K(5056K)->4877K(5056K)
[3058.844s][info][gc             ] GC(622) Pause Young (Prepare Mixed) (G1 Evacuation Pause) 3627M->1452M(4096M) 116.835ms
[3058.844s][info][gc,cpu         ] GC(622) User=0.69s Sys=0.00s Real=0.12s
.. (rIR:aIR:PR = 5120:5121:5121) (tPR = 75717) [OK] 
  3059s: Performance info:
         Transaction,    Success,    Partial,     Failed,   Receipts, AvgBarcode, 
             Overall,     307630,          0,          0,     292255,      59.48, 
         Response times:
             Request,    Success,    Partial,     Failed,   SkipFail,     Probes,    Samples,      min,      p50,      p90,      p95,      p99,      max, 
       TotalPurchase,     292255,          0,          0,          0,     287533,     312173,      300,     4100,     9700,    28000,    82000,   285000,
     InStorePurchase,     153821,          0,          0,          0,     151428,     163886,      300,     4000,     9700,    27000,    82000,   285000,
      OnlinePurchase,     107659,          0,          0,          0,     106017,     115286,      300,     4100,     9700,    27000,    81130,   252000,
        InstPurchase,      30775,          0,          0,          0,      30088,      33001,      400,     4700,    10400,    29000,    84000,   222000,
          AssocOfCat,        309,          0,          0,          0,        250,        329,    23000,    33000,    62000,    83000,   182300,   279000,
      AssocOfProduct,       3082,          0,          0,          0,       2819,       3271,      400,     5400,    11680,    39000,    81000,   178000,
      BusinessReport,        766,          0,          0,          0,        689,        873,    22000,    36000,    64600,    81000,   180520,   217000,
          CustBuyBeh,       3074,          0,          0,          0,       2836,       3287,      300,     3400,     8620,    27600,    82240,   168000,
       ProductReturn,       8144,          0,          0,          0,       7750,       8616,      200,     4700,    11000,    36000,    86830,   202000,

  3059s: (38%)   IR =   5258 ..[3062.351s][info][gc,start       ] GC(623) Pause Young (Mixed) (G1 Evacuation Pause)
[3062.351s][info][gc,task        ] GC(623) Using 6 workers of 6 for evacuation
[3062.482s][info][gc,phases      ] GC(623)   Pre Evacuate Collection Set: 0.38ms
[3062.482s][info][gc,phases      ] GC(623)   Merge Heap Roots: 0.58ms
[3062.482s][info][gc,phases      ] GC(623)   Evacuate Collection Set: 129.15ms
[3062.482s][info][gc,phases      ] GC(623)   Post Evacuate Collection Set: 0.95ms
[3062.482s][info][gc,phases      ] GC(623)   Other: 0.09ms
[3062.482s][info][gc,heap        ] GC(623) Eden regions: 1109->0(1120)
[3062.482s][info][gc,heap        ] GC(623) Survivor regions: 109->108(153)
[3062.482s][info][gc,heap        ] GC(623) Old regions: 538->474
[3062.482s][info][gc,heap        ] GC(623) Humongous regions: 80->80
[3062.482s][info][gc,metaspace   ] GC(623) Metaspace: 28942K(29248K)->28942K(29248K) NonClass: 24065K(24192K)->24065K(24192K) Class: 4877K(5056K)->4877K(5056K)
[3062.482s][info][gc             ] GC(623) Pause Young (Mixed) (G1 Evacuation Pause) 3670M->1322M(4096M) 131.264ms
[3062.482s][info][gc,cpu         ] GC(623) User=0.78s Sys=0.00s Real=0.13s
..|..[3066.009s][info][gc,start       ] GC(624) Pause Young (Concurrent Start) (G1 Evacuation Pause)
[3066.009s][info][gc,task        ] GC(624) Using 6 workers of 6 for evacuation
[3066.125s][info][gc,phases      ] GC(624)   Pre Evacuate Collection Set: 0.40ms
[3066.125s][info][gc,phases      ] GC(624)   Merge Heap Roots: 0.47ms
[3066.125s][info][gc,phases      ] GC(624)   Evacuate Collection Set: 114.83ms
[3066.125s][info][gc,phases      ] GC(624)   Post Evacuate Collection Set: 0.91ms
[3066.125s][info][gc,phases      ] GC(624)   Other: 0.11ms
[3066.125s][info][gc,heap        ] GC(624) Eden regions: 1120->0(1118)
[3066.125s][info][gc,heap        ] GC(624) Survivor regions: 108->110(154)
[3066.125s][info][gc,heap        ] GC(624) Old regions: 474->506
[3066.125s][info][gc,heap        ] GC(624) Humongous regions: 80->80
[3066.125s][info][gc,metaspace   ] GC(624) Metaspace: 28942K(29248K)->28942K(29248K) NonClass: 24065K(24192K)->24065K(24192K) Class: 4877K(5056K)->4877K(5056K)
[3066.125s][info][gc             ] GC(624) Pause Young (Concurrent Start) (G1 Evacuation Pause) 3562M->1391M(4096M) 116.850ms
[3066.125s][info][gc             ] GC(625) Concurrent Mark Cycle
[3066.125s][info][gc,marking     ] GC(625) Concurrent Scan Root Regions
[3066.125s][info][gc,cpu         ] GC(624) User=0.69s Sys=0.00s Real=0.11s
[3066.314s][info][gc,marking     ] GC(625) Concurrent Scan Root Regions 188.475ms
[3066.314s][info][gc,marking     ] GC(625) Concurrent Mark
[3066.314s][info][gc,marking     ] GC(625) Concurrent Mark From Roots
[3066.314s][info][gc,task        ] GC(625) Using 2 workers of 2 for marking
.[3067.282s][info][gc,marking     ] GC(625) Concurrent Mark From Roots 967.741ms
[3067.282s][info][gc,marking     ] GC(625) Concurrent Preclean
[3067.282s][info][gc,marking     ] GC(625) Concurrent Preclean 0.136ms
[3067.284s][info][gc,start       ] GC(625) Pause Remark
[3067.289s][info][gc             ] GC(625) Pause Remark 2181M->2181M(4096M) 4.718ms
[3067.289s][info][gc,cpu         ] GC(625) User=0.03s Sys=0.00s Real=0.01s
[3067.289s][info][gc,marking     ] GC(625) Concurrent Mark 975.255ms
[3067.289s][info][gc,marking     ] GC(625) Concurrent Rebuild Remembered Sets and Scrub Regions
[3067.645s][info][gc,marking     ] GC(625) Concurrent Rebuild Remembered Sets and Scrub Regions 355.995ms
[3067.646s][info][gc,start       ] GC(625) Pause Cleanup
[3067.646s][info][gc             ] GC(625) Pause Cleanup 2422M->2422M(4096M) 0.112ms
[3067.646s][info][gc,cpu         ] GC(625) User=0.00s Sys=0.00s Real=0.00s
[3067.646s][info][gc,marking     ] GC(625) Concurrent Clear Claimed Marks
[3067.646s][info][gc,marking     ] GC(625) Concurrent Clear Claimed Marks 0.027ms
[3067.646s][info][gc,marking     ] GC(625) Concurrent Cleanup for Next Mark
[3067.651s][info][gc,marking     ] GC(625) Concurrent Cleanup for Next Mark 5.285ms
[3067.652s][info][gc             ] GC(625) Concurrent Mark Cycle 1526.096ms
..[3069.589s][info][gc,start       ] GC(626) Pause Young (Prepare Mixed) (G1 Evacuation Pause)
[3069.589s][info][gc,task        ] GC(626) Using 6 workers of 6 for evacuation
[3069.706s][info][gc,phases      ] GC(626)   Pre Evacuate Collection Set: 0.34ms
[3069.706s][info][gc,phases      ] GC(626)   Merge Heap Roots: 0.50ms
[3069.706s][info][gc,phases      ] GC(626)   Evacuate Collection Set: 115.26ms
[3069.706s][info][gc,phases      ] GC(626)   Post Evacuate Collection Set: 0.91ms
[3069.706s][info][gc,phases      ] GC(626)   Other: 0.09ms
[3069.706s][info][gc,heap        ] GC(626) Eden regions: 1118->0(1108)
[3069.706s][info][gc,heap        ] GC(626) Survivor regions: 110->109(154)
[3069.706s][info][gc,heap        ] GC(626) Old regions: 506->539
[3069.706s][info][gc,heap        ] GC(626) Humongous regions: 80->80
[3069.706s][info][gc,metaspace   ] GC(626) Metaspace: 28942K(29248K)->28942K(29248K) NonClass: 24065K(24192K)->24065K(24192K) Class: 4877K(5056K)->4877K(5056K)
[3069.706s][info][gc             ] GC(626) Pause Young (Prepare Mixed) (G1 Evacuation Pause) 3627M->1454M(4096M) 117.229ms
[3069.706s][info][gc,cpu         ] GC(626) User=0.70s Sys=0.00s Real=0.11s
....[3073.230s][info][gc,start       ] GC(627) Pause Young (Mixed) (G1 Evacuation Pause)
[3073.230s][info][gc,task        ] GC(627) Using 6 workers of 6 for evacuation
[3073.361s][info][gc,phases      ] GC(627)   Pre Evacuate Collection Set: 0.37ms
[3073.361s][info][gc,phases      ] GC(627)   Merge Heap Roots: 0.64ms
[3073.361s][info][gc,phases      ] GC(627)   Evacuate Collection Set: 128.20ms
[3073.361s][info][gc,phases      ] GC(627)   Post Evacuate Collection Set: 0.97ms
[3073.361s][info][gc,phases      ] GC(627)   Other: 0.09ms
[3073.361s][info][gc,heap        ] GC(627) Eden regions: 1108->0(1120)
[3073.361s][info][gc,heap        ] GC(627) Survivor regions: 109->108(153)
[3073.361s][info][gc,heap        ] GC(627) Old regions: 539->475
[3073.361s][info][gc,heap        ] GC(627) Humongous regions: 80->80
[3073.361s][info][gc,metaspace   ] GC(627) Metaspace: 28942K(29248K)->28942K(29248K) NonClass: 24065K(24192K)->24065K(24192K) Class: 4877K(5056K)->4877K(5056K)
[3073.361s][info][gc             ] GC(627) Pause Young (Mixed) (G1 Evacuation Pause) 3670M->1324M(4096M) 130.411ms
[3073.361s][info][gc,cpu         ] GC(627) User=0.77s Sys=0.00s Real=0.13s
...[3076.700s][info][gc,start       ] GC(628) Pause Young (Concurrent Start) (G1 Evacuation Pause)
[3076.700s][info][gc,task        ] GC(628) Using 6 workers of 6 for evacuation
[3076.814s][info][gc,phases      ] GC(628)   Pre Evacuate Collection Set: 0.37ms
[3076.814s][info][gc,phases      ] GC(628)   Merge Heap Roots: 0.44ms
[3076.814s][info][gc,phases      ] GC(628)   Evacuate Collection Set: 112.04ms
[3076.814s][info][gc,phases      ] GC(628)   Post Evacuate Collection Set: 0.87ms
[3076.814s][info][gc,phases      ] GC(628)   Other: 0.11ms
[3076.814s][info][gc,heap        ] GC(628) Eden regions: 1120->0(1120)
[3076.814s][info][gc,heap        ] GC(628) Survivor regions: 108->108(154)
[3076.814s][info][gc,heap        ] GC(628) Old regions: 475->507
[3076.814s][info][gc,heap        ] GC(628) Humongous regions: 80->80
[3076.814s][info][gc,metaspace   ] GC(628) Metaspace: 28942K(29248K)->28942K(29248K) NonClass: 24065K(24192K)->24065K(24192K) Class: 4877K(5056K)->4877K(5056K)
[3076.814s][info][gc             ] GC(628) Pause Young (Concurrent Start) (G1 Evacuation Pause) 3564M->1389M(4096M) 113.968ms
[3076.814s][info][gc             ] GC(629) Concurrent Mark Cycle
[3076.814s][info][gc,marking     ] GC(629) Concurrent Scan Root Regions
[3076.814s][info][gc,cpu         ] GC(628) User=0.68s Sys=0.00s Real=0.11s
.[3076.981s][info][gc,marking     ] GC(629) Concurrent Scan Root Regions 167.125ms
[3076.981s][info][gc,marking     ] GC(629) Concurrent Mark
[3076.981s][info][gc,marking     ] GC(629) Concurrent Mark From Roots
[3076.981s][info][gc,task        ] GC(629) Using 2 workers of 2 for marking
[3077.721s][info][gc,marking     ] GC(629) Concurrent Mark From Roots 739.601ms
[3077.721s][info][gc,marking     ] GC(629) Concurrent Preclean
[3077.721s][info][gc,marking     ] GC(629) Concurrent Preclean 0.077ms
[3077.721s][info][gc,start       ] GC(629) Pause Remark
[3077.725s][info][gc             ] GC(629) Pause Remark 1953M->1953M(4096M) 4.167ms
[3077.725s][info][gc,cpu         ] GC(629) User=0.03s Sys=0.00s Real=0.00s
[3077.725s][info][gc,marking     ] GC(629) Concurrent Mark 744.113ms
[3077.725s][info][gc,marking     ] GC(629) Concurrent Rebuild Remembered Sets and Scrub Regions
.[3077.975s][info][gc,marking     ] GC(629) Concurrent Rebuild Remembered Sets and Scrub Regions 249.205ms
[3077.975s][info][gc,start       ] GC(629) Pause Cleanup
[3077.975s][info][gc             ] GC(629) Pause Cleanup 2099M->2099M(4096M) 0.101ms
[3077.975s][info][gc,cpu         ] GC(629) User=0.00s Sys=0.00s Real=0.00s
[3077.975s][info][gc,marking     ] GC(629) Concurrent Clear Claimed Marks
[3077.975s][info][gc,marking     ] GC(629) Concurrent Clear Claimed Marks 0.032ms
[3077.975s][info][gc,marking     ] GC(629) Concurrent Cleanup for Next Mark
[3077.979s][info][gc,marking     ] GC(629) Concurrent Cleanup for Next Mark 3.661ms
[3077.979s][info][gc             ] GC(629) Concurrent Mark Cycle 1164.792ms
..[3080.395s][info][gc,start       ] GC(630) Pause Young (Prepare Mixed) (G1 Evacuation Pause)
[3080.395s][info][gc,task        ] GC(630) Using 6 workers of 6 for evacuation
[3080.511s][info][gc,phases      ] GC(630)   Pre Evacuate Collection Set: 0.33ms
[3080.511s][info][gc,phases      ] GC(630)   Merge Heap Roots: 0.47ms
[3080.511s][info][gc,phases      ] GC(630)   Evacuate Collection Set: 114.25ms
[3080.511s][info][gc,phases      ] GC(630)   Post Evacuate Collection Set: 0.94ms
[3080.511s][info][gc,phases      ] GC(630)   Other: 0.09ms
[3080.511s][info][gc,heap        ] GC(630) Eden regions: 1120->0(1110)
[3080.511s][info][gc,heap        ] GC(630) Survivor regions: 108->108(154)
[3080.511s][info][gc,heap        ] GC(630) Old regions: 507->539
[3080.511s][info][gc,heap        ] GC(630) Humongous regions: 80->80
[3080.511s][info][gc,metaspace   ] GC(630) Metaspace: 28942K(29248K)->28942K(29248K) NonClass: 24065K(24192K)->24065K(24192K) Class: 4877K(5056K)->4877K(5056K)
[3080.511s][info][gc             ] GC(630) Pause Young (Prepare Mixed) (G1 Evacuation Pause) 3629M->1452M(4096M) 116.211ms
[3080.511s][info][gc,cpu         ] GC(630) User=0.68s Sys=0.00s Real=0.12s
....[3083.950s][info][gc,start       ] GC(631) Pause Young (Mixed) (G1 Evacuation Pause)
[3083.950s][info][gc,task        ] GC(631) Using 6 workers of 6 for evacuation
[3084.080s][info][gc,phases      ] GC(631)   Pre Evacuate Collection Set: 0.40ms
[3084.080s][info][gc,phases      ] GC(631)   Merge Heap Roots: 0.56ms
[3084.080s][info][gc,phases      ] GC(631)   Evacuate Collection Set: 127.96ms
[3084.080s][info][gc,phases      ] GC(631)   Post Evacuate Collection Set: 0.94ms
[3084.080s][info][gc,phases      ] GC(631)   Other: 0.09ms
[3084.080s][info][gc,heap        ] GC(631) Eden regions: 1110->0(1118)
[3084.080s][info][gc,heap        ] GC(631) Survivor regions: 108->110(153)
[3084.080s][info][gc,heap        ] GC(631) Old regions: 539->475
[3084.080s][info][gc,heap        ] GC(631) Humongous regions: 80->80
[3084.080s][info][gc,metaspace   ] GC(631) Metaspace: 28942K(29248K)->28942K(29248K) NonClass: 24065K(24192K)->24065K(24192K) Class: 4877K(5056K)->4877K(5056K)
[3084.080s][info][gc             ] GC(631) Pause Young (Mixed) (G1 Evacuation Pause) 3672M->1329M(4096M) 130.096ms
[3084.080s][info][gc,cpu         ] GC(631) User=0.77s Sys=0.01s Real=0.13s
...[3087.509s][info][gc,start       ] GC(632) Pause Young (Concurrent Start) (G1 Evacuation Pause)
[3087.509s][info][gc,task        ] GC(632) Using 6 workers of 6 for evacuation
[3087.624s][info][gc,phases      ] GC(632)   Pre Evacuate Collection Set: 0.35ms
[3087.624s][info][gc,phases      ] GC(632)   Merge Heap Roots: 0.43ms
[3087.624s][info][gc,phases      ] GC(632)   Evacuate Collection Set: 113.34ms
[3087.624s][info][gc,phases      ] GC(632)   Post Evacuate Collection Set: 0.90ms
[3087.624s][info][gc,phases      ] GC(632)   Other: 0.11ms
[3087.624s][info][gc,heap        ] GC(632) Eden regions: 1118->0(1120)
[3087.624s][info][gc,heap        ] GC(632) Survivor regions: 110->108(154)
[3087.624s][info][gc,heap        ] GC(632) Old regions: 475->508
[3087.624s][info][gc,heap        ] GC(632) Humongous regions: 80->80
[3087.624s][info][gc,metaspace   ] GC(632) Metaspace: 28942K(29248K)->28942K(29248K) NonClass: 24065K(24192K)->24065K(24192K) Class: 4877K(5056K)->4877K(5056K)
[3087.624s][info][gc             ] GC(632) Pause Young (Concurrent Start) (G1 Evacuation Pause) 3565M->1389M(4096M) 115.257ms
[3087.624s][info][gc             ] GC(633) Concurrent Mark Cycle
[3087.624s][info][gc,marking     ] GC(633) Concurrent Scan Root Regions
[3087.624s][info][gc,cpu         ] GC(632) User=0.68s Sys=0.00s Real=0.11s
[3087.849s][info][gc,marking     ] GC(633) Concurrent Scan Root Regions 224.834ms
[3087.849s][info][gc,marking     ] GC(633) Concurrent Mark
[3087.849s][info][gc,marking     ] GC(633) Concurrent Mark From Roots
[3087.849s][info][gc,task        ] GC(633) Using 2 workers of 2 for marking
.[3088.640s][info][gc,marking     ] GC(633) Concurrent Mark From Roots 791.061ms
[3088.640s][info][gc,marking     ] GC(633) Concurrent Preclean
[3088.640s][info][gc,marking     ] GC(633) Concurrent Preclean 0.114ms
[3088.641s][info][gc,start       ] GC(633) Pause Remark
[3088.645s][info][gc             ] GC(633) Pause Remark 2088M->2088M(4096M) 4.103ms
[3088.645s][info][gc,cpu         ] GC(633) User=0.02s Sys=0.00s Real=0.00s
[3088.645s][info][gc,marking     ] GC(633) Concurrent Mark 796.283ms
[3088.645s][info][gc,marking     ] GC(633) Concurrent Rebuild Remembered Sets and Scrub Regions
.[3088.975s][info][gc,marking     ] GC(633) Concurrent Rebuild Remembered Sets and Scrub Regions 329.541ms
[3088.975s][info][gc,start       ] GC(633) Pause Cleanup
[3088.975s][info][gc             ] GC(633) Pause Cleanup 2299M->2299M(4096M) 0.104ms
[3088.975s][info][gc,cpu         ] GC(633) User=0.00s Sys=0.00s Real=0.00s
[3088.975s][info][gc,marking     ] GC(633) Concurrent Clear Claimed Marks
[3088.975s][info][gc,marking     ] GC(633) Concurrent Clear Claimed Marks 0.031ms
[3088.975s][info][gc,marking     ] GC(633) Concurrent Cleanup for Next Mark
[3088.979s][info][gc,marking     ] GC(633) Concurrent Cleanup for Next Mark 3.571ms
[3088.979s][info][gc             ] GC(633) Concurrent Mark Cycle 1354.689ms
..[3091.096s][info][gc,start       ] GC(634) Pause Young (Prepare Mixed) (G1 Evacuation Pause)
[3091.096s][info][gc,task        ] GC(634) Using 6 workers of 6 for evacuation
[3091.214s][info][gc,phases      ] GC(634)   Pre Evacuate Collection Set: 0.34ms
[3091.214s][info][gc,phases      ] GC(634)   Merge Heap Roots: 0.45ms
[3091.214s][info][gc,phases      ] GC(634)   Evacuate Collection Set: 115.97ms
[3091.214s][info][gc,phases      ] GC(634)   Post Evacuate Collection Set: 0.93ms
[3091.214s][info][gc,phases      ] GC(634)   Other: 0.09ms
[3091.214s][info][gc,heap        ] GC(634) Eden regions: 1120->0(1105)
[3091.214s][info][gc,heap        ] GC(634) Survivor regions: 108->110(154)
[3091.214s][info][gc,heap        ] GC(634) Old regions: 508->540
[3091.214s][info][gc,heap        ] GC(634) Humongous regions: 80->80
[3091.214s][info][gc,metaspace   ] GC(634) Metaspace: 28942K(29248K)->28942K(29248K) NonClass: 24065K(24192K)->24065K(24192K) Class: 4877K(5056K)->4877K(5056K)
[3091.214s][info][gc             ] GC(634) Pause Young (Prepare Mixed) (G1 Evacuation Pause) 3629M->1459M(4096M) 117.912ms
[3091.214s][info][gc,cpu         ] GC(634) User=0.70s Sys=0.00s Real=0.12s
...[3094.667s][info][gc,start       ] GC(635) Pause Young (Mixed) (G1 Evacuation Pause)
[3094.668s][info][gc,task        ] GC(635) Using 6 workers of 6 for evacuation
[3094.799s][info][gc,phases      ] GC(635)   Pre Evacuate Collection Set: 0.38ms
[3094.799s][info][gc,phases      ] GC(635)   Merge Heap Roots: 0.67ms
[3094.799s][info][gc,phases      ] GC(635)   Evacuate Collection Set: 129.65ms
[3094.799s][info][gc,phases      ] GC(635)   Post Evacuate Collection Set: 0.96ms
[3094.799s][info][gc,phases      ] GC(635)   Other: 0.09ms
[3094.799s][info][gc,heap        ] GC(635) Eden regions: 1105->0(1117)
[3094.799s][info][gc,heap        ] GC(635) Survivor regions: 110->111(152)
[3094.799s][info][gc,heap        ] GC(635) Old regions: 540->475
[3094.799s][info][gc,heap        ] GC(635) Humongous regions: 80->80
[3094.799s][info][gc,metaspace   ] GC(635) Metaspace: 28942K(29248K)->28942K(29248K) NonClass: 24065K(24192K)->24065K(24192K) Class: 4877K(5056K)->4877K(5056K)
[3094.799s][info][gc             ] GC(635) Pause Young (Mixed) (G1 Evacuation Pause) 3669M->1329M(4096M) 131.892ms
[3094.799s][info][gc,cpu         ] GC(635) User=0.78s Sys=0.00s Real=0.14s
....[3098.251s][info][gc,start       ] GC(636) Pause Young (Concurrent Start) (G1 Evacuation Pause)
[3098.251s][info][gc,task        ] GC(636) Using 6 workers of 6 for evacuation
[3098.363s][info][gc,phases      ] GC(636)   Pre Evacuate Collection Set: 0.41ms
[3098.363s][info][gc,phases      ] GC(636)   Merge Heap Roots: 0.45ms
[3098.363s][info][gc,phases      ] GC(636)   Evacuate Collection Set: 110.92ms
[3098.363s][info][gc,phases      ] GC(636)   Post Evacuate Collection Set: 0.90ms
[3098.363s][info][gc,phases      ] GC(636)   Other: 0.12ms
[3098.363s][info][gc,heap        ] GC(636) Eden regions: 1117->0(1120)
[3098.363s][info][gc,heap        ] GC(636) Survivor regions: 111->108(154)
[3098.363s][info][gc,heap        ] GC(636) Old regions: 475->506
[3098.363s][info][gc,heap        ] GC(636) Humongous regions: 80->80
[3098.363s][info][gc,metaspace   ] GC(636) Metaspace: 28942K(29248K)->28942K(29248K) NonClass: 24065K(24192K)->24065K(24192K) Class: 4877K(5056K)->4877K(5056K)
[3098.363s][info][gc             ] GC(636) Pause Young (Concurrent Start) (G1 Evacuation Pause) 3563M->1386M(4096M) 112.946ms
[3098.364s][info][gc             ] GC(637) Concurrent Mark Cycle
[3098.364s][info][gc,marking     ] GC(637) Concurrent Scan Root Regions
[3098.364s][info][gc,cpu         ] GC(636) User=0.67s Sys=0.00s Real=0.11s
[3098.511s][info][gc,marking     ] GC(637) Concurrent Scan Root Regions 147.365ms
[3098.511s][info][gc,marking     ] GC(637) Concurrent Mark
[3098.511s][info][gc,marking     ] GC(637) Concurrent Mark From Roots
[3098.511s][info][gc,task        ] GC(637) Using 2 workers of 2 for marking
.[3099.175s][info][gc,marking     ] GC(637) Concurrent Mark From Roots 663.904ms
[3099.175s][info][gc,marking     ] GC(637) Concurrent Preclean
[3099.175s][info][gc,marking     ] GC(637) Concurrent Preclean 0.092ms
[3099.175s][info][gc,start       ] GC(637) Pause Remark
[3099.179s][info][gc             ] GC(637) Pause Remark 1951M->1951M(4096M) 4.216ms
[3099.179s][info][gc,cpu         ] GC(637) User=0.02s Sys=0.00s Real=0.01s
[3099.179s][info][gc,marking     ] GC(637) Concurrent Mark 668.494ms
[3099.179s][info][gc,marking     ] GC(637) Concurrent Rebuild Remembered Sets and Scrub Regions
[3099.418s][info][gc,marking     ] GC(637) Concurrent Rebuild Remembered Sets and Scrub Regions 238.494ms
[3099.418s][info][gc,start       ] GC(637) Pause Cleanup
[3099.418s][info][gc             ] GC(637) Pause Cleanup 2094M->2094M(4096M) 0.107ms
[3099.418s][info][gc,cpu         ] GC(637) User=0.00s Sys=0.00s Real=0.00s
[3099.418s][info][gc,marking     ] GC(637) Concurrent Clear Claimed Marks
[3099.418s][info][gc,marking     ] GC(637) Concurrent Clear Claimed Marks 0.025ms
[3099.418s][info][gc,marking     ] GC(637) Concurrent Cleanup for Next Mark
[3099.424s][info][gc,marking     ] GC(637) Concurrent Cleanup for Next Mark 5.445ms
[3099.424s][info][gc             ] GC(637) Concurrent Mark Cycle 1060.295ms
..[3101.903s][info][gc,start       ] GC(638) Pause Young (Prepare Mixed) (G1 Evacuation Pause)
[3101.903s][info][gc,task        ] GC(638) Using 6 workers of 6 for evacuation
[3102.020s][info][gc,phases      ] GC(638)   Pre Evacuate Collection Set: 0.36ms
[3102.020s][info][gc,phases      ] GC(638)   Merge Heap Roots: 0.48ms
[3102.020s][info][gc,phases      ] GC(638)   Evacuate Collection Set: 114.92ms
[3102.020s][info][gc,phases      ] GC(638)   Post Evacuate Collection Set: 0.96ms
[3102.020s][info][gc,phases      ] GC(638)   Other: 0.08ms
[3102.020s][info][gc,heap        ] GC(638) Eden regions: 1120->0(1109)
[3102.020s][info][gc,heap        ] GC(638) Survivor regions: 108->109(154)
[3102.020s][info][gc,heap        ] GC(638) Old regions: 506->538
[3102.020s][info][gc,heap        ] GC(638) Humongous regions: 80->80
[3102.020s][info][gc,metaspace   ] GC(638) Metaspace: 28944K(29248K)->28944K(29248K) NonClass: 24067K(24192K)->24067K(24192K) Class: 4877K(5056K)->4877K(5056K)
[3102.020s][info][gc             ] GC(638) Pause Young (Prepare Mixed) (G1 Evacuation Pause) 3626M->1453M(4096M) 116.927ms
[3102.020s][info][gc,cpu         ] GC(638) User=0.69s Sys=0.00s Real=0.12s
....[3105.439s][info][gc,start       ] GC(639) Pause Young (Mixed) (G1 Evacuation Pause)
[3105.439s][info][gc,task        ] GC(639) Using 6 workers of 6 for evacuation
[3105.572s][info][gc,phases      ] GC(639)   Pre Evacuate Collection Set: 0.40ms
[3105.572s][info][gc,phases      ] GC(639)   Merge Heap Roots: 0.68ms
[3105.572s][info][gc,phases      ] GC(639)   Evacuate Collection Set: 131.64ms
[3105.572s][info][gc,phases      ] GC(639)   Post Evacuate Collection Set: 0.98ms
[3105.572s][info][gc,phases      ] GC(639)   Other: 0.09ms
[3105.572s][info][gc,heap        ] GC(639) Eden regions: 1109->0(1120)
[3105.572s][info][gc,heap        ] GC(639) Survivor regions: 109->108(153)
[3105.572s][info][gc,heap        ] GC(639) Old regions: 538->474
[3105.572s][info][gc,heap        ] GC(639) Humongous regions: 80->80
[3105.572s][info][gc,metaspace   ] GC(639) Metaspace: 28944K(29248K)->28944K(29248K) NonClass: 24067K(24192K)->24067K(24192K) Class: 4877K(5056K)->4877K(5056K)
[3105.573s][info][gc             ] GC(639) Pause Young (Mixed) (G1 Evacuation Pause) 3671M->1322M(4096M) 133.917ms
[3105.573s][info][gc,cpu         ] GC(639) User=0.80s Sys=0.00s Real=0.13s
....[3109.057s][info][gc,start       ] GC(640) Pause Young (Concurrent Start) (G1 Evacuation Pause)
[3109.057s][info][gc,task        ] GC(640) Using 6 workers of 6 for evacuation
[3109.181s][info][gc,phases      ] GC(640)   Pre Evacuate Collection Set: 0.36ms
[3109.181s][info][gc,phases      ] GC(640)   Merge Heap Roots: 0.47ms
[3109.181s][info][gc,phases      ] GC(640)   Evacuate Collection Set: 122.27ms
[3109.181s][info][gc,phases      ] GC(640)   Post Evacuate Collection Set: 0.93ms
[3109.181s][info][gc,phases      ] GC(640)   Other: 0.11ms
[3109.181s][info][gc,heap        ] GC(640) Eden regions: 1120->0(1114)
[3109.181s][info][gc,heap        ] GC(640) Survivor regions: 108->114(154)
[3109.181s][info][gc,heap        ] GC(640) Old regions: 474->506
[3109.181s][info][gc,heap        ] GC(640) Humongous regions: 80->80
[3109.181s][info][gc,metaspace   ] GC(640) Metaspace: 28944K(29248K)->28944K(29248K) NonClass: 24067K(24192K)->24067K(24192K) Class: 4877K(5056K)->4877K(5056K)
[3109.181s][info][gc             ] GC(640) Pause Young (Concurrent Start) (G1 Evacuation Pause) 3562M->1398M(4096M) 124.273ms
[3109.181s][info][gc             ] GC(641) Concurrent Mark Cycle
[3109.181s][info][gc,marking     ] GC(641) Concurrent Scan Root Regions
[3109.181s][info][gc,cpu         ] GC(640) User=0.73s Sys=0.00s Real=0.13s
[3109.332s][info][gc,marking     ] GC(641) Concurrent Scan Root Regions 150.448ms
[3109.332s][info][gc,marking     ] GC(641) Concurrent Mark
[3109.332s][info][gc,marking     ] GC(641) Concurrent Mark From Roots
[3109.332s][info][gc,task        ] GC(641) Using 2 workers of 2 for marking
.[3110.191s][info][gc,marking     ] GC(641) Concurrent Mark From Roots 859.130ms
[3110.191s][info][gc,marking     ] GC(641) Concurrent Preclean
[3110.192s][info][gc,marking     ] GC(641) Concurrent Preclean 1.009ms
[3110.192s][info][gc,start       ] GC(641) Pause Remark
[3110.198s][info][gc             ] GC(641) Pause Remark 2145M->2145M(4096M) 6.075ms
[3110.198s][info][gc,cpu         ] GC(641) User=0.03s Sys=0.00s Real=0.01s
[3110.198s][info][gc,marking     ] GC(641) Concurrent Mark 866.568ms
[3110.198s][info][gc,marking     ] GC(641) Concurrent Rebuild Remembered Sets and Scrub Regions
[3110.439s][info][gc,marking     ] GC(641) Concurrent Rebuild Remembered Sets and Scrub Regions 240.203ms
[3110.439s][info][gc,start       ] GC(641) Pause Cleanup
[3110.439s][info][gc             ] GC(641) Pause Cleanup 2299M->2299M(4096M) 0.094ms
[3110.439s][info][gc,cpu         ] GC(641) User=0.00s Sys=0.00s Real=0.00s
[3110.439s][info][gc,marking     ] GC(641) Concurrent Clear Claimed Marks
[3110.439s][info][gc,marking     ] GC(641) Concurrent Clear Claimed Marks 0.022ms
[3110.439s][info][gc,marking     ] GC(641) Concurrent Cleanup for Next Mark
[3110.442s][info][gc,marking     ] GC(641) Concurrent Cleanup for Next Mark 3.237ms
[3110.442s][info][gc             ] GC(641) Concurrent Mark Cycle 1260.901ms
..[3112.599s][info][gc,start       ] GC(642) Pause Young (Prepare Mixed) (G1 Evacuation Pause)
[3112.599s][info][gc,task        ] GC(642) Using 6 workers of 6 for evacuation
[3112.715s][info][gc,phases      ] GC(642)   Pre Evacuate Collection Set: 0.34ms
[3112.715s][info][gc,phases      ] GC(642)   Merge Heap Roots: 0.48ms
[3112.715s][info][gc,phases      ] GC(642)   Evacuate Collection Set: 113.35ms
[3112.715s][info][gc,phases      ] GC(642)   Post Evacuate Collection Set: 0.93ms
[3112.715s][info][gc,phases      ] GC(642)   Other: 0.09ms
[3112.715s][info][gc,heap        ] GC(642) Eden regions: 1114->0(1110)
[3112.715s][info][gc,heap        ] GC(642) Survivor regions: 114->109(154)
[3112.715s][info][gc,heap        ] GC(642) Old regions: 506->537
[3112.715s][info][gc,heap        ] GC(642) Humongous regions: 80->80
[3112.715s][info][gc,metaspace   ] GC(642) Metaspace: 28889K(29248K)->28889K(29248K) NonClass: 24021K(24192K)->24021K(24192K) Class: 4868K(5056K)->4868K(5056K)
[3112.715s][info][gc             ] GC(642) Pause Young (Prepare Mixed) (G1 Evacuation Pause) 3626M->1451M(4096M) 115.330ms
[3112.715s][info][gc,cpu         ] GC(642) User=0.68s Sys=0.00s Real=0.11s
....[3116.159s][info][gc,start       ] GC(643) Pause Young (Mixed) (G1 Evacuation Pause)
[3116.159s][info][gc,task        ] GC(643) Using 6 workers of 6 for evacuation
[3116.292s][info][gc,phases      ] GC(643)   Pre Evacuate Collection Set: 0.35ms
[3116.292s][info][gc,phases      ] GC(643)   Merge Heap Roots: 0.66ms
[3116.292s][info][gc,phases      ] GC(643)   Evacuate Collection Set: 131.08ms
[3116.292s][info][gc,phases      ] GC(643)   Post Evacuate Collection Set: 0.96ms
[3116.292s][info][gc,phases      ] GC(643)   Other: 0.09ms
[3116.292s][info][gc,heap        ] GC(643) Eden regions: 1110->0(1118)
[3116.292s][info][gc,heap        ] GC(643) Survivor regions: 109->110(153)
[3116.292s][info][gc,heap        ] GC(643) Old regions: 537->474
[3116.292s][info][gc,heap        ] GC(643) Humongous regions: 80->80
[3116.292s][info][gc,metaspace   ] GC(643) Metaspace: 28889K(29248K)->28889K(29248K) NonClass: 24021K(24192K)->24021K(24192K) Class: 4868K(5056K)->4868K(5056K)
[3116.292s][info][gc             ] GC(643) Pause Young (Mixed) (G1 Evacuation Pause) 3671M->1327M(4096M) 133.313ms
[3116.292s][info][gc,cpu         ] GC(643) User=0.79s Sys=0.00s Real=0.13s
...[3119.753s][info][gc,start       ] GC(644) Pause Young (Concurrent Start) (G1 Evacuation Pause)
[3119.753s][info][gc,task        ] GC(644) Using 6 workers of 6 for evacuation
[3119.871s][info][gc,phases      ] GC(644)   Pre Evacuate Collection Set: 0.42ms
[3119.871s][info][gc,phases      ] GC(644)   Merge Heap Roots: 0.45ms
[3119.871s][info][gc,phases      ] GC(644)   Evacuate Collection Set: 116.08ms
[3119.871s][info][gc,phases      ] GC(644)   Post Evacuate Collection Set: 0.89ms
[3119.871s][info][gc,phases      ] GC(644)   Other: 0.10ms
[3119.871s][info][gc,heap        ] GC(644) Eden regions: 1118->0(1118)
[3119.871s][info][gc,heap        ] GC(644) Survivor regions: 110->110(154)
[3119.871s][info][gc,heap        ] GC(644) Old regions: 474->507
[3119.871s][info][gc,heap        ] GC(644) Humongous regions: 80->80
[3119.871s][info][gc,metaspace   ] GC(644) Metaspace: 28891K(29248K)->28891K(29248K) NonClass: 24023K(24192K)->24023K(24192K) Class: 4868K(5056K)->4868K(5056K)
[3119.871s][info][gc             ] GC(644) Pause Young (Concurrent Start) (G1 Evacuation Pause) 3563M->1392M(4096M) 118.078ms
[3119.871s][info][gc             ] GC(645) Concurrent Mark Cycle
[3119.871s][info][gc,marking     ] GC(645) Concurrent Scan Root Regions
[3119.871s][info][gc,cpu         ] GC(644) User=0.70s Sys=0.01s Real=0.12s
.[3120.070s][info][gc,marking     ] GC(645) Concurrent Scan Root Regions 199.427ms
[3120.070s][info][gc,marking     ] GC(645) Concurrent Mark
[3120.070s][info][gc,marking     ] GC(645) Concurrent Mark From Roots
[3120.070s][info][gc,task        ] GC(645) Using 2 workers of 2 for marking
[3120.852s][info][gc,marking     ] GC(645) Concurrent Mark From Roots 781.872ms
[3120.852s][info][gc,marking     ] GC(645) Concurrent Preclean
[3120.853s][info][gc,marking     ] GC(645) Concurrent Preclean 0.607ms
[3120.855s][info][gc,start       ] GC(645) Pause Remark
[3120.859s][info][gc             ] GC(645) Pause Remark 2052M->2052M(4096M) 4.643ms
[3120.859s][info][gc,cpu         ] GC(645) User=0.03s Sys=0.00s Real=0.01s
[3120.859s][info][gc,marking     ] GC(645) Concurrent Mark 789.067ms
[3120.859s][info][gc,marking     ] GC(645) Concurrent Rebuild Remembered Sets and Scrub Regions
.[3121.136s][info][gc,marking     ] GC(645) Concurrent Rebuild Remembered Sets and Scrub Regions 276.119ms
[3121.136s][info][gc,start       ] GC(645) Pause Cleanup
[3121.136s][info][gc             ] GC(645) Pause Cleanup 2232M->2232M(4096M) 0.108ms
[3121.136s][info][gc,cpu         ] GC(645) User=0.00s Sys=0.00s Real=0.00s
[3121.136s][info][gc,marking     ] GC(645) Concurrent Clear Claimed Marks
[3121.136s][info][gc,marking     ] GC(645) Concurrent Clear Claimed Marks 0.024ms
[3121.136s][info][gc,marking     ] GC(645) Concurrent Cleanup for Next Mark
[3121.139s][info][gc,marking     ] GC(645) Concurrent Cleanup for Next Mark 3.372ms
[3121.139s][info][gc             ] GC(645) Concurrent Mark Cycle 1268.453ms
..[3123.344s][info][gc,start       ] GC(646) Pause Young (Prepare Mixed) (G1 Evacuation Pause)
[3123.344s][info][gc,task        ] GC(646) Using 6 workers of 6 for evacuation
[3123.461s][info][gc,phases      ] GC(646)   Pre Evacuate Collection Set: 0.33ms
[3123.461s][info][gc,phases      ] GC(646)   Merge Heap Roots: 0.51ms
[3123.461s][info][gc,phases      ] GC(646)   Evacuate Collection Set: 114.86ms
[3123.461s][info][gc,phases      ] GC(646)   Post Evacuate Collection Set: 0.94ms
[3123.461s][info][gc,phases      ] GC(646)   Other: 0.09ms
[3123.461s][info][gc,heap        ] GC(646) Eden regions: 1118->0(1109)
[3123.461s][info][gc,heap        ] GC(646) Survivor regions: 110->109(154)
[3123.461s][info][gc,heap        ] GC(646) Old regions: 507->538
[3123.461s][info][gc,heap        ] GC(646) Humongous regions: 80->80
[3123.461s][info][gc,metaspace   ] GC(646) Metaspace: 28891K(29248K)->28891K(29248K) NonClass: 24023K(24192K)->24023K(24192K) Class: 4868K(5056K)->4868K(5056K)
[3123.461s][info][gc             ] GC(646) Pause Young (Prepare Mixed) (G1 Evacuation Pause) 3628M->1452M(4096M) 116.870ms
[3123.461s][info][gc,cpu         ] GC(646) User=0.69s Sys=0.01s Real=0.12s
. (rIR:aIR:PR = 5258:5258:5258) (tPR = 77798) [OK] 
  3123s: Performance info:
         Transaction,    Success,    Partial,     Failed,   Receipts, AvgBarcode, 
             Overall,     316316,          0,          0,     300531,      59.48, 
         Response times:
             Request,    Success,    Partial,     Failed,   SkipFail,     Probes,    Samples,      min,      p50,      p90,      p95,      p99,      max, 
       TotalPurchase,     300531,          0,          0,          0,     295481,     316471,      300,     4300,     9500,    26000,    84000,   287000,
     InStorePurchase,     158202,          0,          0,          0,     155728,     166140,      300,     4100,     9300,    26000,    83000,   282000,
      OnlinePurchase,     110686,          0,          0,          0,     108819,     116619,      300,     4500,     9800,    26000,    87000,   287000,
        InstPurchase,      31643,          0,          0,          0,      30934,      33712,      400,     4100,     9200,    26000,    79870,   186000,
          AssocOfCat,        316,          0,          0,          0,        239,        306,    23000,    32000,    67600,   100300,   163860,   200000,
      AssocOfProduct,       3153,          0,          0,          0,       2902,       3299,      400,     4900,     9300,    24000,    79000,   140000,
      BusinessReport,        788,          0,          0,          0,        684,        821,    25000,    37000,    58000,    75000,   171260,   297000,
          CustBuyBeh,       3154,          0,          0,          0,       2894,       3295,      800,     5300,    10500,    29000,    86040,   143000,
       ProductReturn,       8374,          0,          0,          0,       7945,       8789,      200,     4000,     8900,    23000,    83200,   190000,

  3123s: (39%)   IR =   5396 ..[3126.862s][info][gc,start       ] GC(647) Pause Young (Mixed) (G1 Evacuation Pause)
[3126.862s][info][gc,task        ] GC(647) Using 6 workers of 6 for evacuation
[3126.997s][info][gc,phases      ] GC(647)   Pre Evacuate Collection Set: 0.37ms
[3126.997s][info][gc,phases      ] GC(647)   Merge Heap Roots: 0.63ms
[3126.997s][info][gc,phases      ] GC(647)   Evacuate Collection Set: 133.20ms
[3126.997s][info][gc,phases      ] GC(647)   Post Evacuate Collection Set: 0.99ms
[3126.997s][info][gc,phases      ] GC(647)   Other: 0.09ms
[3126.997s][info][gc,heap        ] GC(647) Eden regions: 1109->0(1117)
[3126.997s][info][gc,heap        ] GC(647) Survivor regions: 109->111(153)
[3126.997s][info][gc,heap        ] GC(647) Old regions: 538->475
[3126.997s][info][gc,heap        ] GC(647) Humongous regions: 80->80
[3126.997s][info][gc,metaspace   ] GC(647) Metaspace: 28891K(29248K)->28891K(29248K) NonClass: 24023K(24192K)->24023K(24192K) Class: 4868K(5056K)->4868K(5056K)
[3126.997s][info][gc             ] GC(647) Pause Young (Mixed) (G1 Evacuation Pause) 3670M->1330M(4096M) 135.409ms
[3126.997s][info][gc,cpu         ] GC(647) User=0.80s Sys=0.00s Real=0.13s
...|.[3130.326s][info][gc,start       ] GC(648) Pause Young (Concurrent Start) (G1 Evacuation Pause)
[3130.326s][info][gc,task        ] GC(648) Using 6 workers of 6 for evacuation
[3130.445s][info][gc,phases      ] GC(648)   Pre Evacuate Collection Set: 0.34ms
[3130.445s][info][gc,phases      ] GC(648)   Merge Heap Roots: 0.40ms
[3130.445s][info][gc,phases      ] GC(648)   Evacuate Collection Set: 116.93ms
[3130.445s][info][gc,phases      ] GC(648)   Post Evacuate Collection Set: 0.95ms
[3130.445s][info][gc,phases      ] GC(648)   Other: 0.11ms
[3130.445s][info][gc,heap        ] GC(648) Eden regions: 1117->0(1119)
[3130.445s][info][gc,heap        ] GC(648) Survivor regions: 111->109(154)
[3130.445s][info][gc,heap        ] GC(648) Old regions: 475->507
[3130.445s][info][gc,heap        ] GC(648) Humongous regions: 80->80
[3130.445s][info][gc,metaspace   ] GC(648) Metaspace: 28891K(29248K)->28891K(29248K) NonClass: 24023K(24192K)->24023K(24192K) Class: 4868K(5056K)->4868K(5056K)
[3130.445s][info][gc             ] GC(648) Pause Young (Concurrent Start) (G1 Evacuation Pause) 3564M->1390M(4096M) 118.887ms
[3130.445s][info][gc             ] GC(649) Concurrent Mark Cycle
[3130.445s][info][gc,marking     ] GC(649) Concurrent Scan Root Regions
[3130.445s][info][gc,cpu         ] GC(648) User=0.71s Sys=0.00s Real=0.12s
[3130.627s][info][gc,marking     ] GC(649) Concurrent Scan Root Regions 182.708ms
[3130.627s][info][gc,marking     ] GC(649) Concurrent Mark
[3130.627s][info][gc,marking     ] GC(649) Concurrent Mark From Roots
[3130.627s][info][gc,task        ] GC(649) Using 2 workers of 2 for marking
.[3131.428s][info][gc,marking     ] GC(649) Concurrent Mark From Roots 800.466ms
[3131.428s][info][gc,marking     ] GC(649) Concurrent Preclean
[3131.428s][info][gc,marking     ] GC(649) Concurrent Preclean 0.384ms
[3131.429s][info][gc,start       ] GC(649) Pause Remark
[3131.433s][info][gc             ] GC(649) Pause Remark 2078M->2078M(4096M) 4.983ms
[3131.434s][info][gc,cpu         ] GC(649) User=0.02s Sys=0.00s Real=0.00s
[3131.434s][info][gc,marking     ] GC(649) Concurrent Mark 806.132ms
[3131.434s][info][gc,marking     ] GC(649) Concurrent Rebuild Remembered Sets and Scrub Regions
[3131.731s][info][gc,marking     ] GC(649) Concurrent Rebuild Remembered Sets and Scrub Regions 297.341ms
[3131.731s][info][gc,start       ] GC(649) Pause Cleanup
[3131.731s][info][gc             ] GC(649) Pause Cleanup 2281M->2281M(4096M) 0.099ms
[3131.731s][info][gc,cpu         ] GC(649) User=0.00s Sys=0.00s Real=0.00s
[3131.731s][info][gc,marking     ] GC(649) Concurrent Clear Claimed Marks
[3131.731s][info][gc,marking     ] GC(649) Concurrent Clear Claimed Marks 0.022ms
[3131.731s][info][gc,marking     ] GC(649) Concurrent Cleanup for Next Mark
[3131.735s][info][gc,marking     ] GC(649) Concurrent Cleanup for Next Mark 3.511ms
[3131.735s][info][gc             ] GC(649) Concurrent Mark Cycle 1290.159ms
..[3133.877s][info][gc,start       ] GC(650) Pause Young (Prepare Mixed) (G1 Evacuation Pause)
[3133.877s][info][gc,task        ] GC(650) Using 6 workers of 6 for evacuation
[3133.996s][info][gc,phases      ] GC(650)   Pre Evacuate Collection Set: 0.33ms
[3133.996s][info][gc,phases      ] GC(650)   Merge Heap Roots: 0.52ms
[3133.996s][info][gc,phases      ] GC(650)   Evacuate Collection Set: 116.94ms
[3133.996s][info][gc,phases      ] GC(650)   Post Evacuate Collection Set: 0.92ms
[3133.996s][info][gc,phases      ] GC(650)   Other: 0.08ms
[3133.996s][info][gc,heap        ] GC(650) Eden regions: 1119->0(1104)
[3133.996s][info][gc,heap        ] GC(650) Survivor regions: 109->111(154)
[3133.996s][info][gc,heap        ] GC(650) Old regions: 507->539
[3133.996s][info][gc,heap        ] GC(650) Humongous regions: 80->80
[3133.996s][info][gc,metaspace   ] GC(650) Metaspace: 28891K(29248K)->28891K(29248K) NonClass: 24023K(24192K)->24023K(24192K) Class: 4868K(5056K)->4868K(5056K)
[3133.996s][info][gc             ] GC(650) Pause Young (Prepare Mixed) (G1 Evacuation Pause) 3628M->1459M(4096M) 118.941ms
[3133.996s][info][gc,cpu         ] GC(650) User=0.71s Sys=0.00s Real=0.12s
....[3137.273s][info][gc,start       ] GC(651) Pause Young (Mixed) (G1 Evacuation Pause)
[3137.273s][info][gc,task        ] GC(651) Using 6 workers of 6 for evacuation
[3137.403s][info][gc,phases      ] GC(651)   Pre Evacuate Collection Set: 0.41ms
[3137.403s][info][gc,phases      ] GC(651)   Merge Heap Roots: 0.63ms
[3137.403s][info][gc,phases      ] GC(651)   Evacuate Collection Set: 127.53ms
[3137.403s][info][gc,phases      ] GC(651)   Post Evacuate Collection Set: 0.95ms
[3137.403s][info][gc,phases      ] GC(651)   Other: 0.09ms
[3137.403s][info][gc,heap        ] GC(651) Eden regions: 1104->0(1120)
[3137.403s][info][gc,heap        ] GC(651) Survivor regions: 111->108(152)
[3137.403s][info][gc,heap        ] GC(651) Old regions: 539->474
[3137.403s][info][gc,heap        ] GC(651) Humongous regions: 80->80
[3137.403s][info][gc,metaspace   ] GC(651) Metaspace: 28891K(29248K)->28891K(29248K) NonClass: 24023K(24192K)->24023K(24192K) Class: 4868K(5056K)->4868K(5056K)
[3137.403s][info][gc             ] GC(651) Pause Young (Mixed) (G1 Evacuation Pause) 3667M->1322M(4096M) 129.758ms
[3137.403s][info][gc,cpu         ] GC(651) User=0.77s Sys=0.00s Real=0.13s
...[3140.868s][info][gc,start       ] GC(652) Pause Young (Concurrent Start) (G1 Evacuation Pause)
[3140.868s][info][gc,task        ] GC(652) Using 6 workers of 6 for evacuation
[3140.986s][info][gc,phases      ] GC(652)   Pre Evacuate Collection Set: 0.39ms
[3140.986s][info][gc,phases      ] GC(652)   Merge Heap Roots: 0.45ms
[3140.986s][info][gc,phases      ] GC(652)   Evacuate Collection Set: 116.04ms
[3140.986s][info][gc,phases      ] GC(652)   Post Evacuate Collection Set: 0.89ms
[3140.986s][info][gc,phases      ] GC(652)   Other: 0.13ms
[3140.986s][info][gc,heap        ] GC(652) Eden regions: 1120->0(1117)
[3140.986s][info][gc,heap        ] GC(652) Survivor regions: 108->111(154)
[3140.986s][info][gc,heap        ] GC(652) Old regions: 474->506
[3140.986s][info][gc,heap        ] GC(652) Humongous regions: 80->80
[3140.986s][info][gc,metaspace   ] GC(652) Metaspace: 28891K(29248K)->28891K(29248K) NonClass: 24023K(24192K)->24023K(24192K) Class: 4868K(5056K)->4868K(5056K)
[3140.986s][info][gc             ] GC(652) Pause Young (Concurrent Start) (G1 Evacuation Pause) 3562M->1392M(4096M) 118.040ms
[3140.986s][info][gc             ] GC(653) Concurrent Mark Cycle
[3140.986s][info][gc,marking     ] GC(653) Concurrent Scan Root Regions
[3140.986s][info][gc,cpu         ] GC(652) User=0.70s Sys=0.00s Real=0.11s
[3141.199s][info][gc,marking     ] GC(653) Concurrent Scan Root Regions 212.744ms
[3141.199s][info][gc,marking     ] GC(653) Concurrent Mark
[3141.199s][info][gc,marking     ] GC(653) Concurrent Mark From Roots
[3141.199s][info][gc,task        ] GC(653) Using 2 workers of 2 for marking
.[3142.010s][info][gc,marking     ] GC(653) Concurrent Mark From Roots 811.366ms
[3142.010s][info][gc,marking     ] GC(653) Concurrent Preclean
[3142.011s][info][gc,marking     ] GC(653) Concurrent Preclean 0.754ms
[3142.012s][info][gc,start       ] GC(653) Pause Remark
[3142.016s][info][gc             ] GC(653) Pause Remark 2122M->2122M(4096M) 4.654ms
[3142.017s][info][gc,cpu         ] GC(653) User=0.02s Sys=0.00s Real=0.00s
[3142.017s][info][gc,marking     ] GC(653) Concurrent Mark 818.379ms
[3142.017s][info][gc,marking     ] GC(653) Concurrent Rebuild Remembered Sets and Scrub Regions
.[3142.306s][info][gc,marking     ] GC(653) Concurrent Rebuild Remembered Sets and Scrub Regions 288.902ms
[3142.306s][info][gc,start       ] GC(653) Pause Cleanup
[3142.307s][info][gc             ] GC(653) Pause Cleanup 2319M->2319M(4096M) 0.096ms
[3142.307s][info][gc,cpu         ] GC(653) User=0.00s Sys=0.00s Real=0.00s
[3142.307s][info][gc,marking     ] GC(653) Concurrent Clear Claimed Marks
[3142.307s][info][gc,marking     ] GC(653) Concurrent Clear Claimed Marks 0.025ms
[3142.307s][info][gc,marking     ] GC(653) Concurrent Cleanup for Next Mark
[3142.312s][info][gc,marking     ] GC(653) Concurrent Cleanup for Next Mark 5.041ms
[3142.312s][info][gc             ] GC(653) Concurrent Mark Cycle 1325.573ms
..[3144.304s][info][gc,start       ] GC(654) Pause Young (Prepare Mixed) (G1 Evacuation Pause)
[3144.304s][info][gc,task        ] GC(654) Using 6 workers of 6 for evacuation
[3144.419s][info][gc,phases      ] GC(654)   Pre Evacuate Collection Set: 0.33ms
[3144.419s][info][gc,phases      ] GC(654)   Merge Heap Roots: 0.48ms
[3144.419s][info][gc,phases      ] GC(654)   Evacuate Collection Set: 113.41ms
[3144.419s][info][gc,phases      ] GC(654)   Post Evacuate Collection Set: 0.95ms
[3144.419s][info][gc,phases      ] GC(654)   Other: 0.09ms
[3144.419s][info][gc,heap        ] GC(654) Eden regions: 1117->0(1112)
[3144.419s][info][gc,heap        ] GC(654) Survivor regions: 111->108(154)
[3144.419s][info][gc,heap        ] GC(654) Old regions: 506->537
[3144.419s][info][gc,heap        ] GC(654) Humongous regions: 80->80
[3144.419s][info][gc,metaspace   ] GC(654) Metaspace: 28891K(29248K)->28891K(29248K) NonClass: 24023K(24192K)->24023K(24192K) Class: 4868K(5056K)->4868K(5056K)
[3144.419s][info][gc             ] GC(654) Pause Young (Prepare Mixed) (G1 Evacuation Pause) 3626M->1449M(4096M) 115.414ms
[3144.419s][info][gc,cpu         ] GC(654) User=0.68s Sys=0.00s Real=0.12s
...[3147.812s][info][gc,start       ] GC(655) Pause Young (Mixed) (G1 Evacuation Pause)
[3147.812s][info][gc,task        ] GC(655) Using 6 workers of 6 for evacuation
[3147.945s][info][gc,phases      ] GC(655)   Pre Evacuate Collection Set: 0.40ms
[3147.945s][info][gc,phases      ] GC(655)   Merge Heap Roots: 0.71ms
[3147.945s][info][gc,phases      ] GC(655)   Evacuate Collection Set: 131.21ms
[3147.945s][info][gc,phases      ] GC(655)   Post Evacuate Collection Set: 1.00ms
[3147.945s][info][gc,phases      ] GC(655)   Other: 0.09ms
[3147.945s][info][gc,heap        ] GC(655) Eden regions: 1112->0(1118)
[3147.945s][info][gc,heap        ] GC(655) Survivor regions: 108->110(153)
[3147.945s][info][gc,heap        ] GC(655) Old regions: 537->473
[3147.945s][info][gc,heap        ] GC(655) Humongous regions: 80->80
[3147.945s][info][gc,metaspace   ] GC(655) Metaspace: 28891K(29248K)->28891K(29248K) NonClass: 24023K(24192K)->24023K(24192K) Class: 4868K(5056K)->4868K(5056K)
[3147.945s][info][gc             ] GC(655) Pause Young (Mixed) (G1 Evacuation Pause) 3673M->1324M(4096M) 133.542ms
[3147.945s][info][gc,cpu         ] GC(655) User=0.79s Sys=0.00s Real=0.13s
....[3151.339s][info][gc,start       ] GC(656) Pause Young (Concurrent Start) (G1 Evacuation Pause)
[3151.339s][info][gc,task        ] GC(656) Using 6 workers of 6 for evacuation
[3151.453s][info][gc,phases      ] GC(656)   Pre Evacuate Collection Set: 0.36ms
[3151.453s][info][gc,phases      ] GC(656)   Merge Heap Roots: 0.46ms
[3151.453s][info][gc,phases      ] GC(656)   Evacuate Collection Set: 112.96ms
[3151.453s][info][gc,phases      ] GC(656)   Post Evacuate Collection Set: 0.93ms
[3151.453s][info][gc,phases      ] GC(656)   Other: 0.12ms
[3151.453s][info][gc,heap        ] GC(656) Eden regions: 1118->0(1119)
[3151.453s][info][gc,heap        ] GC(656) Survivor regions: 110->109(154)
[3151.453s][info][gc,heap        ] GC(656) Old regions: 473->506
[3151.453s][info][gc,heap        ] GC(656) Humongous regions: 80->80
[3151.453s][info][gc,metaspace   ] GC(656) Metaspace: 28891K(29248K)->28891K(29248K) NonClass: 24023K(24192K)->24023K(24192K) Class: 4868K(5056K)->4868K(5056K)
[3151.454s][info][gc             ] GC(656) Pause Young (Concurrent Start) (G1 Evacuation Pause) 3560M->1388M(4096M) 114.970ms
[3151.454s][info][gc             ] GC(657) Concurrent Mark Cycle
[3151.454s][info][gc,marking     ] GC(657) Concurrent Scan Root Regions
[3151.454s][info][gc,cpu         ] GC(656) User=0.68s Sys=0.00s Real=0.11s
[3151.645s][info][gc,marking     ] GC(657) Concurrent Scan Root Regions 191.702ms
[3151.645s][info][gc,marking     ] GC(657) Concurrent Mark
[3151.645s][info][gc,marking     ] GC(657) Concurrent Mark From Roots
[3151.645s][info][gc,task        ] GC(657) Using 2 workers of 2 for marking
.[3152.612s][info][gc,marking     ] GC(657) Concurrent Mark From Roots 966.958ms
[3152.612s][info][gc,marking     ] GC(657) Concurrent Preclean
[3152.613s][info][gc,marking     ] GC(657) Concurrent Preclean 0.688ms
[3152.614s][info][gc,start       ] GC(657) Pause Remark
[3152.619s][info][gc             ] GC(657) Pause Remark 2223M->2223M(4096M) 5.319ms
[3152.619s][info][gc,cpu         ] GC(657) User=0.03s Sys=0.00s Real=0.01s
[3152.619s][info][gc,marking     ] GC(657) Concurrent Mark 974.140ms
[3152.620s][info][gc,marking     ] GC(657) Concurrent Rebuild Remembered Sets and Scrub Regions
[3152.874s][info][gc,marking     ] GC(657) Concurrent Rebuild Remembered Sets and Scrub Regions 254.966ms
[3152.875s][info][gc,start       ] GC(657) Pause Cleanup
[3152.875s][info][gc             ] GC(657) Pause Cleanup 2392M->2392M(4096M) 0.097ms
[3152.875s][info][gc,cpu         ] GC(657) User=0.00s Sys=0.00s Real=0.00s
[3152.875s][info][gc,marking     ] GC(657) Concurrent Clear Claimed Marks
[3152.875s][info][gc,marking     ] GC(657) Concurrent Clear Claimed Marks 0.020ms
[3152.875s][info][gc,marking     ] GC(657) Concurrent Cleanup for Next Mark
[3152.878s][info][gc,marking     ] GC(657) Concurrent Cleanup for Next Mark 3.221ms
[3152.878s][info][gc             ] GC(657) Concurrent Mark Cycle 1424.477ms
..[3154.764s][info][gc,start       ] GC(658) Pause Young (Prepare Mixed) (G1 Evacuation Pause)
[3154.764s][info][gc,task        ] GC(658) Using 6 workers of 6 for evacuation
[3154.883s][info][gc,phases      ] GC(658)   Pre Evacuate Collection Set: 0.32ms
[3154.883s][info][gc,phases      ] GC(658)   Merge Heap Roots: 0.47ms
[3154.883s][info][gc,phases      ] GC(658)   Evacuate Collection Set: 117.34ms
[3154.883s][info][gc,phases      ] GC(658)   Post Evacuate Collection Set: 0.92ms
[3154.883s][info][gc,phases      ] GC(658)   Other: 0.09ms
[3154.883s][info][gc,heap        ] GC(658) Eden regions: 1119->0(1106)
[3154.883s][info][gc,heap        ] GC(658) Survivor regions: 109->111(154)
[3154.883s][info][gc,heap        ] GC(658) Old regions: 506->537
[3154.883s][info][gc,heap        ] GC(658) Humongous regions: 80->80
[3154.883s][info][gc,metaspace   ] GC(658) Metaspace: 28891K(29248K)->28891K(29248K) NonClass: 24023K(24192K)->24023K(24192K) Class: 4868K(5056K)->4868K(5056K)
[3154.883s][info][gc             ] GC(658) Pause Young (Prepare Mixed) (G1 Evacuation Pause) 3626M->1455M(4096M) 119.262ms
[3154.883s][info][gc,cpu         ] GC(658) User=0.70s Sys=0.00s Real=0.12s
....[3158.236s][info][gc,start       ] GC(659) Pause Young (Mixed) (G1 Evacuation Pause)
[3158.236s][info][gc,task        ] GC(659) Using 6 workers of 6 for evacuation
[3158.365s][info][gc,phases      ] GC(659)   Pre Evacuate Collection Set: 0.38ms
[3158.365s][info][gc,phases      ] GC(659)   Merge Heap Roots: 0.61ms
[3158.365s][info][gc,phases      ] GC(659)   Evacuate Collection Set: 127.04ms
[3158.365s][info][gc,phases      ] GC(659)   Post Evacuate Collection Set: 0.95ms
[3158.365s][info][gc,phases      ] GC(659)   Other: 0.09ms
[3158.365s][info][gc,heap        ] GC(659) Eden regions: 1106->0(1121)
[3158.365s][info][gc,heap        ] GC(659) Survivor regions: 111->107(153)
[3158.365s][info][gc,heap        ] GC(659) Old regions: 537->474
[3158.365s][info][gc,heap        ] GC(659) Humongous regions: 80->80
[3158.365s][info][gc,metaspace   ] GC(659) Metaspace: 28891K(29248K)->28891K(29248K) NonClass: 24023K(24192K)->24023K(24192K) Class: 4868K(5056K)->4868K(5056K)
[3158.365s][info][gc             ] GC(659) Pause Young (Mixed) (G1 Evacuation Pause) 3667M->1321M(4096M) 129.201ms
[3158.365s][info][gc,cpu         ] GC(659) User=0.76s Sys=0.00s Real=0.13s
...[3161.781s][info][gc,start       ] GC(660) Pause Young (Concurrent Start) (G1 Evacuation Pause)
[3161.781s][info][gc,task        ] GC(660) Using 6 workers of 6 for evacuation
[3161.896s][info][gc,phases      ] GC(660)   Pre Evacuate Collection Set: 0.40ms
[3161.896s][info][gc,phases      ] GC(660)   Merge Heap Roots: 0.49ms
[3161.896s][info][gc,phases      ] GC(660)   Evacuate Collection Set: 113.62ms
[3161.896s][info][gc,phases      ] GC(660)   Post Evacuate Collection Set: 0.89ms
[3161.896s][info][gc,phases      ] GC(660)   Other: 0.11ms
[3161.896s][info][gc,heap        ] GC(660) Eden regions: 1121->0(1119)
[3161.896s][info][gc,heap        ] GC(660) Survivor regions: 107->109(154)
[3161.896s][info][gc,heap        ] GC(660) Old regions: 474->506
[3161.896s][info][gc,heap        ] GC(660) Humongous regions: 80->80
[3161.896s][info][gc,metaspace   ] GC(660) Metaspace: 28891K(29248K)->28891K(29248K) NonClass: 24023K(24192K)->24023K(24192K) Class: 4868K(5056K)->4868K(5056K)
[3161.896s][info][gc             ] GC(660) Pause Young (Concurrent Start) (G1 Evacuation Pause) 3563M->1388M(4096M) 115.647ms
[3161.896s][info][gc             ] GC(661) Concurrent Mark Cycle
[3161.896s][info][gc,marking     ] GC(661) Concurrent Scan Root Regions
[3161.896s][info][gc,cpu         ] GC(660) User=0.68s Sys=0.00s Real=0.11s
[3162.040s][info][gc,marking     ] GC(661) Concurrent Scan Root Regions 143.662ms
[3162.040s][info][gc,marking     ] GC(661) Concurrent Mark
[3162.040s][info][gc,marking     ] GC(661) Concurrent Mark From Roots
[3162.040s][info][gc,task        ] GC(661) Using 2 workers of 2 for marking
.[3162.702s][info][gc,marking     ] GC(661) Concurrent Mark From Roots 661.768ms
[3162.702s][info][gc,marking     ] GC(661) Concurrent Preclean
[3162.702s][info][gc,marking     ] GC(661) Concurrent Preclean 0.472ms
[3162.703s][info][gc,start       ] GC(661) Pause Remark
[3162.706s][info][gc             ] GC(661) Pause Remark 1949M->1949M(4096M) 3.777ms
[3162.706s][info][gc,cpu         ] GC(661) User=0.01s Sys=0.00s Real=0.00s
[3162.707s][info][gc,marking     ] GC(661) Concurrent Mark 667.232ms
[3162.707s][info][gc,marking     ] GC(661) Concurrent Rebuild Remembered Sets and Scrub Regions
[3162.999s][info][gc,marking     ] GC(661) Concurrent Rebuild Remembered Sets and Scrub Regions 291.959ms
[3163.000s][info][gc,start       ] GC(661) Pause Cleanup
[3163.000s][info][gc             ] GC(661) Pause Cleanup 2164M->2164M(4096M) 0.106ms
[3163.000s][info][gc,cpu         ] GC(661) User=0.00s Sys=0.00s Real=0.00s
[3163.000s][info][gc,marking     ] GC(661) Concurrent Clear Claimed Marks
[3163.000s][info][gc,marking     ] GC(661) Concurrent Clear Claimed Marks 0.030ms
[3163.000s][info][gc,marking     ] GC(661) Concurrent Cleanup for Next Mark
[3163.006s][info][gc,marking     ] GC(661) Concurrent Cleanup for Next Mark 5.220ms
[3163.006s][info][gc             ] GC(661) Concurrent Mark Cycle 1109.231ms
...[3165.291s][info][gc,start       ] GC(662) Pause Young (Prepare Mixed) (G1 Evacuation Pause)
[3165.291s][info][gc,task        ] GC(662) Using 6 workers of 6 for evacuation
[3165.408s][info][gc,phases      ] GC(662)   Pre Evacuate Collection Set: 0.36ms
[3165.408s][info][gc,phases      ] GC(662)   Merge Heap Roots: 0.48ms
[3165.408s][info][gc,phases      ] GC(662)   Evacuate Collection Set: 115.61ms
[3165.408s][info][gc,phases      ] GC(662)   Post Evacuate Collection Set: 0.92ms
[3165.408s][info][gc,phases      ] GC(662)   Other: 0.09ms
[3165.408s][info][gc,heap        ] GC(662) Eden regions: 1119->0(1106)
[3165.408s][info][gc,heap        ] GC(662) Survivor regions: 109->110(154)
[3165.408s][info][gc,heap        ] GC(662) Old regions: 506->539
[3165.408s][info][gc,heap        ] GC(662) Humongous regions: 80->80
[3165.408s][info][gc,metaspace   ] GC(662) Metaspace: 28891K(29248K)->28891K(29248K) NonClass: 24023K(24192K)->24023K(24192K) Class: 4868K(5056K)->4868K(5056K)
[3165.408s][info][gc             ] GC(662) Pause Young (Prepare Mixed) (G1 Evacuation Pause) 3626M->1456M(4096M) 117.583ms
[3165.408s][info][gc,cpu         ] GC(662) User=0.70s Sys=0.00s Real=0.12s
...[3168.752s][info][gc,start       ] GC(663) Pause Young (Mixed) (G1 Evacuation Pause)
[3168.752s][info][gc,task        ] GC(663) Using 6 workers of 6 for evacuation
[3168.888s][info][gc,phases      ] GC(663)   Pre Evacuate Collection Set: 0.36ms
[3168.888s][info][gc,phases      ] GC(663)   Merge Heap Roots: 0.69ms
[3168.888s][info][gc,phases      ] GC(663)   Evacuate Collection Set: 133.87ms
[3168.888s][info][gc,phases      ] GC(663)   Post Evacuate Collection Set: 0.93ms
[3168.888s][info][gc,phases      ] GC(663)   Other: 0.09ms
[3168.888s][info][gc,heap        ] GC(663) Eden regions: 1106->0(1116)
[3168.888s][info][gc,heap        ] GC(663) Survivor regions: 110->112(152)
[3168.888s][info][gc,heap        ] GC(663) Old regions: 539->473
[3168.888s][info][gc,heap        ] GC(663) Humongous regions: 80->80
[3168.888s][info][gc,metaspace   ] GC(663) Metaspace: 28891K(29248K)->28891K(29248K) NonClass: 24023K(24192K)->24023K(24192K) Class: 4868K(5056K)->4868K(5056K)
[3168.888s][info][gc             ] GC(663) Pause Young (Mixed) (G1 Evacuation Pause) 3668M->1329M(4096M) 136.090ms
[3168.888s][info][gc,cpu         ] GC(663) User=0.81s Sys=0.00s Real=0.14s
...[3172.251s][info][gc,start       ] GC(664) Pause Young (Concurrent Start) (G1 Evacuation Pause)
[3172.251s][info][gc,task        ] GC(664) Using 6 workers of 6 for evacuation
[3172.364s][info][gc,phases      ] GC(664)   Pre Evacuate Collection Set: 0.41ms
[3172.364s][info][gc,phases      ] GC(664)   Merge Heap Roots: 0.43ms
[3172.364s][info][gc,phases      ] GC(664)   Evacuate Collection Set: 111.35ms
[3172.364s][info][gc,phases      ] GC(664)   Post Evacuate Collection Set: 0.87ms
[3172.364s][info][gc,phases      ] GC(664)   Other: 0.12ms
[3172.364s][info][gc,heap        ] GC(664) Eden regions: 1116->0(1121)
[3172.364s][info][gc,heap        ] GC(664) Survivor regions: 112->107(154)
[3172.364s][info][gc,heap        ] GC(664) Old regions: 473->506
[3172.364s][info][gc,heap        ] GC(664) Humongous regions: 80->80
[3172.364s][info][gc,metaspace   ] GC(664) Metaspace: 28891K(29248K)->28891K(29248K) NonClass: 24023K(24192K)->24023K(24192K) Class: 4868K(5056K)->4868K(5056K)
[3172.364s][info][gc             ] GC(664) Pause Young (Concurrent Start) (G1 Evacuation Pause) 3561M->1383M(4096M) 113.325ms
[3172.364s][info][gc             ] GC(665) Concurrent Mark Cycle
[3172.364s][info][gc,marking     ] GC(665) Concurrent Scan Root Regions
[3172.364s][info][gc,cpu         ] GC(664) User=0.67s Sys=0.00s Real=0.11s
.[3172.503s][info][gc,marking     ] GC(665) Concurrent Scan Root Regions 138.416ms
[3172.503s][info][gc,marking     ] GC(665) Concurrent Mark
[3172.503s][info][gc,marking     ] GC(665) Concurrent Mark From Roots
[3172.503s][info][gc,task        ] GC(665) Using 2 workers of 2 for marking
[3173.152s][info][gc,marking     ] GC(665) Concurrent Mark From Roots 648.747ms
[3173.152s][info][gc,marking     ] GC(665) Concurrent Preclean
[3173.152s][info][gc,marking     ] GC(665) Concurrent Preclean 0.088ms
[3173.153s][info][gc,start       ] GC(665) Pause Remark
[3173.157s][info][gc             ] GC(665) Pause Remark 1937M->1937M(4096M) 4.042ms
[3173.157s][info][gc,cpu         ] GC(665) User=0.02s Sys=0.00s Real=0.00s
[3173.157s][info][gc,marking     ] GC(665) Concurrent Mark 654.195ms
[3173.157s][info][gc,marking     ] GC(665) Concurrent Rebuild Remembered Sets and Scrub Regions
.[3173.414s][info][gc,marking     ] GC(665) Concurrent Rebuild Remembered Sets and Scrub Regions 257.349ms
[3173.415s][info][gc,start       ] GC(665) Pause Cleanup
[3173.415s][info][gc             ] GC(665) Pause Cleanup 2144M->2144M(4096M) 0.120ms
[3173.415s][info][gc,cpu         ] GC(665) User=0.00s Sys=0.00s Real=0.00s
[3173.415s][info][gc,marking     ] GC(665) Concurrent Clear Claimed Marks
[3173.415s][info][gc,marking     ] GC(665) Concurrent Clear Claimed Marks 0.032ms
[3173.415s][info][gc,marking     ] GC(665) Concurrent Cleanup for Next Mark
[3173.420s][info][gc,marking     ] GC(665) Concurrent Cleanup for Next Mark 5.405ms
[3173.421s][info][gc             ] GC(665) Concurrent Mark Cycle 1056.169ms
..[3175.720s][info][gc,start       ] GC(666) Pause Young (Prepare Mixed) (G1 Evacuation Pause)
[3175.720s][info][gc,task        ] GC(666) Using 6 workers of 6 for evacuation
[3175.835s][info][gc,phases      ] GC(666)   Pre Evacuate Collection Set: 0.35ms
[3175.835s][info][gc,phases      ] GC(666)   Merge Heap Roots: 0.50ms
[3175.835s][info][gc,phases      ] GC(666)   Evacuate Collection Set: 113.74ms
[3175.835s][info][gc,phases      ] GC(666)   Post Evacuate Collection Set: 0.95ms
[3175.835s][info][gc,phases      ] GC(666)   Other: 0.09ms
[3175.835s][info][gc,heap        ] GC(666) Eden regions: 1121->0(1109)
[3175.835s][info][gc,heap        ] GC(666) Survivor regions: 107->109(154)
[3175.835s][info][gc,heap        ] GC(666) Old regions: 506->538
[3175.835s][info][gc,heap        ] GC(666) Humongous regions: 80->80
[3175.835s][info][gc,metaspace   ] GC(666) Metaspace: 28891K(29248K)->28891K(29248K) NonClass: 24023K(24192K)->24023K(24192K) Class: 4868K(5056K)->4868K(5056K)
[3175.835s][info][gc             ] GC(666) Pause Young (Prepare Mixed) (G1 Evacuation Pause) 3625M->1451M(4096M) 115.773ms
[3175.836s][info][gc,cpu         ] GC(666) User=0.69s Sys=0.00s Real=0.11s
...[3179.238s][info][gc,start       ] GC(667) Pause Young (Mixed) (G1 Evacuation Pause)
[3179.238s][info][gc,task        ] GC(667) Using 6 workers of 6 for evacuation
[3179.365s][info][gc,phases      ] GC(667)   Pre Evacuate Collection Set: 0.39ms
[3179.366s][info][gc,phases      ] GC(667)   Merge Heap Roots: 0.59ms
[3179.366s][info][gc,phases      ] GC(667)   Evacuate Collection Set: 125.12ms
[3179.366s][info][gc,phases      ] GC(667)   Post Evacuate Collection Set: 0.95ms
[3179.366s][info][gc,phases      ] GC(667)   Other: 0.09ms
[3179.366s][info][gc,heap        ] GC(667) Eden regions: 1109->0(1120)
[3179.366s][info][gc,heap        ] GC(667) Survivor regions: 109->108(153)
[3179.366s][info][gc,heap        ] GC(667) Old regions: 538->472
[3179.366s][info][gc,heap        ] GC(667) Humongous regions: 80->80
[3179.366s][info][gc,metaspace   ] GC(667) Metaspace: 28891K(29248K)->28891K(29248K) NonClass: 24023K(24192K)->24023K(24192K) Class: 4868K(5056K)->4868K(5056K)
[3179.366s][info][gc             ] GC(667) Pause Young (Mixed) (G1 Evacuation Pause) 3669M->1319M(4096M) 127.274ms
[3179.366s][info][gc,cpu         ] GC(667) User=0.76s Sys=0.00s Real=0.12s
....[3182.787s][info][gc,start       ] GC(668) Pause Young (Concurrent Start) (G1 Evacuation Pause)
[3182.787s][info][gc,task        ] GC(668) Using 6 workers of 6 for evacuation
[3182.904s][info][gc,phases      ] GC(668)   Pre Evacuate Collection Set: 0.40ms
[3182.904s][info][gc,phases      ] GC(668)   Merge Heap Roots: 0.45ms
[3182.904s][info][gc,phases      ] GC(668)   Evacuate Collection Set: 114.50ms
[3182.904s][info][gc,phases      ] GC(668)   Post Evacuate Collection Set: 0.86ms
[3182.904s][info][gc,phases      ] GC(668)   Other: 0.11ms
[3182.904s][info][gc,heap        ] GC(668) Eden regions: 1120->0(1117)
[3182.904s][info][gc,heap        ] GC(668) Survivor regions: 108->111(154)
[3182.904s][info][gc,heap        ] GC(668) Old regions: 472->504
[3182.904s][info][gc,heap        ] GC(668) Humongous regions: 80->80
[3182.904s][info][gc,metaspace   ] GC(668) Metaspace: 28891K(29248K)->28891K(29248K) NonClass: 24023K(24192K)->24023K(24192K) Class: 4868K(5056K)->4868K(5056K)
[3182.904s][info][gc             ] GC(668) Pause Young (Concurrent Start) (G1 Evacuation Pause) 3559M->1387M(4096M) 116.448ms
[3182.904s][info][gc             ] GC(669) Concurrent Mark Cycle
[3182.904s][info][gc,marking     ] GC(669) Concurrent Scan Root Regions
[3182.904s][info][gc,cpu         ] GC(668) User=0.69s Sys=0.00s Real=0.12s
[3183.045s][info][gc,marking     ] GC(669) Concurrent Scan Root Regions 141.313ms
[3183.045s][info][gc,marking     ] GC(669) Concurrent Mark
[3183.045s][info][gc,marking     ] GC(669) Concurrent Mark From Roots
[3183.045s][info][gc,task        ] GC(669) Using 2 workers of 2 for marking
.[3183.714s][info][gc,marking     ] GC(669) Concurrent Mark From Roots 669.262ms
[3183.714s][info][gc,marking     ] GC(669) Concurrent Preclean
[3183.715s][info][gc,marking     ] GC(669) Concurrent Preclean 0.448ms
[3183.715s][info][gc,start       ] GC(669) Pause Remark
[3183.720s][info][gc             ] GC(669) Pause Remark 1970M->1970M(4096M) 4.644ms
[3183.720s][info][gc,cpu         ] GC(669) User=0.03s Sys=0.00s Real=0.01s
[3183.720s][info][gc,marking     ] GC(669) Concurrent Mark 674.948ms
[3183.720s][info][gc,marking     ] GC(669) Concurrent Rebuild Remembered Sets and Scrub Regions
[3184.000s][info][gc,marking     ] GC(669) Concurrent Rebuild Remembered Sets and Scrub Regions 280.136ms
[3184.000s][info][gc,start       ] GC(669) Pause Cleanup
[3184.000s][info][gc             ] GC(669) Pause Cleanup 2153M->2153M(4096M) 0.101ms
[3184.000s][info][gc,cpu         ] GC(669) User=0.00s Sys=0.00s Real=0.00s
[3184.000s][info][gc,marking     ] GC(669) Concurrent Clear Claimed Marks
[3184.000s][info][gc,marking     ] GC(669) Concurrent Clear Claimed Marks 0.026ms
[3184.001s][info][gc,marking     ] GC(669) Concurrent Cleanup for Next Mark
[3184.004s][info][gc,marking     ] GC(669) Concurrent Cleanup for Next Mark 3.947ms
[3184.005s][info][gc             ] GC(669) Concurrent Mark Cycle 1100.870ms
..[3186.282s][info][gc,start       ] GC(670) Pause Young (Prepare Mixed) (G1 Evacuation Pause)
[3186.282s][info][gc,task        ] GC(670) Using 6 workers of 6 for evacuation
[3186.399s][info][gc,phases      ] GC(670)   Pre Evacuate Collection Set: 0.38ms
[3186.399s][info][gc,phases      ] GC(670)   Merge Heap Roots: 0.48ms
[3186.399s][info][gc,phases      ] GC(670)   Evacuate Collection Set: 114.59ms
[3186.399s][info][gc,phases      ] GC(670)   Post Evacuate Collection Set: 0.91ms
[3186.399s][info][gc,phases      ] GC(670)   Other: 0.08ms
[3186.399s][info][gc,heap        ] GC(670) Eden regions: 1117->0(1113)
[3186.399s][info][gc,heap        ] GC(670) Survivor regions: 111->108(154)
[3186.399s][info][gc,heap        ] GC(670) Old regions: 504->536
[3186.399s][info][gc,heap        ] GC(670) Humongous regions: 80->80
[3186.399s][info][gc,metaspace   ] GC(670) Metaspace: 28891K(29248K)->28891K(29248K) NonClass: 24023K(24192K)->24023K(24192K) Class: 4868K(5056K)->4868K(5056K)
[3186.399s][info][gc             ] GC(670) Pause Young (Prepare Mixed) (G1 Evacuation Pause) 3621M->1446M(4096M) 116.557ms
[3186.399s][info][gc,cpu         ] GC(670) User=0.69s Sys=0.00s Real=0.12s
.... (rIR:aIR:PR = 5396:5395:5395) (tPR = 80175) [OK] 
  3189s: Performance info:
         Transaction,    Success,    Partial,     Failed,   Receipts, AvgBarcode, 
             Overall,     325158,          0,          0,     308905,      59.48, 
         Response times:
             Request,    Success,    Partial,     Failed,   SkipFail,     Probes,    Samples,      min,      p50,      p90,      p95,      p99,      max, 
       TotalPurchase,     308905,          0,          0,          0,     303806,     329442,      300,     4300,    10300,    24000,    71000,   223000,
     InStorePurchase,     162599,          0,          0,          0,     160243,     173727,      300,     4400,    10400,    25000,    71000,   223000,
      OnlinePurchase,     113822,          0,          0,          0,     111876,     121042,      300,     4200,    10100,    24000,    72000,   209000,
        InstPurchase,      32484,          0,          0,          0,      31687,      34673,      400,     4600,    10700,    25000,    72000,   182000,
          AssocOfCat,        325,          0,          0,          0,        235,        318,    21000,    33500,    61000,    87000,   171340,   252000,
      AssocOfProduct,       3242,          0,          0,          0,       3013,       3480,     1000,     6000,    14380,    36000,    90190,   147000,
      BusinessReport,        816,          0,          0,          0,        713,        899,    24000,    36000,    58000,    73000,   161000,   221000,
          CustBuyBeh,       3254,          0,          0,          0,       3027,       3518,      200,     5200,    10900,    29000,    74810,   144000,
       ProductReturn,       8616,          0,          0,          0,       8243,       9202,      200,     4500,    11100,    25000,    78970,   182000,

  3189s: (40%)   IR =   5535 [3189.736s][info][gc,start       ] GC(671) Pause Young (Mixed) (G1 Evacuation Pause)
[3189.736s][info][gc,task        ] GC(671) Using 6 workers of 6 for evacuation
[3189.870s][info][gc,phases      ] GC(671)   Pre Evacuate Collection Set: 0.35ms
[3189.870s][info][gc,phases      ] GC(671)   Merge Heap Roots: 0.68ms
[3189.870s][info][gc,phases      ] GC(671)   Evacuate Collection Set: 132.26ms
[3189.870s][info][gc,phases      ] GC(671)   Post Evacuate Collection Set: 0.95ms
[3189.870s][info][gc,phases      ] GC(671)   Other: 0.09ms
[3189.870s][info][gc,heap        ] GC(671) Eden regions: 1113->0(1118)
[3189.870s][info][gc,heap        ] GC(671) Survivor regions: 108->110(153)
[3189.870s][info][gc,heap        ] GC(671) Old regions: 536->472
[3189.870s][info][gc,heap        ] GC(671) Humongous regions: 80->80
[3189.870s][info][gc,metaspace   ] GC(671) Metaspace: 28891K(29248K)->28891K(29248K) NonClass: 24023K(24192K)->24023K(24192K) Class: 4868K(5056K)->4868K(5056K)
[3189.870s][info][gc             ] GC(671) Pause Young (Mixed) (G1 Evacuation Pause) 3672M->1323M(4096M) 134.456ms
[3189.871s][info][gc,cpu         ] GC(671) User=0.80s Sys=0.01s Real=0.14s
...[3193.177s][info][gc,start       ] GC(672) Pause Young (Concurrent Start) (G1 Evacuation Pause)
[3193.177s][info][gc,task        ] GC(672) Using 6 workers of 6 for evacuation
[3193.296s][info][gc,phases      ] GC(672)   Pre Evacuate Collection Set: 0.35ms
[3193.296s][info][gc,phases      ] GC(672)   Merge Heap Roots: 0.45ms
[3193.296s][info][gc,phases      ] GC(672)   Evacuate Collection Set: 116.78ms
[3193.296s][info][gc,phases      ] GC(672)   Post Evacuate Collection Set: 0.90ms
[3193.296s][info][gc,phases      ] GC(672)   Other: 0.10ms
[3193.296s][info][gc,heap        ] GC(672) Eden regions: 1118->0(1117)
[3193.296s][info][gc,heap        ] GC(672) Survivor regions: 110->111(154)
[3193.296s][info][gc,heap        ] GC(672) Old regions: 472->504
[3193.296s][info][gc,heap        ] GC(672) Humongous regions: 80->80
[3193.296s][info][gc,metaspace   ] GC(672) Metaspace: 28891K(29248K)->28891K(29248K) NonClass: 24023K(24192K)->24023K(24192K) Class: 4868K(5056K)->4868K(5056K)
[3193.296s][info][gc             ] GC(672) Pause Young (Concurrent Start) (G1 Evacuation Pause) 3559M->1389M(4096M) 118.701ms
[3193.296s][info][gc             ] GC(673) Concurrent Mark Cycle
[3193.296s][info][gc,marking     ] GC(673) Concurrent Scan Root Regions
[3193.296s][info][gc,cpu         ] GC(672) User=0.70s Sys=0.00s Real=0.12s
.[3193.498s][info][gc,marking     ] GC(673) Concurrent Scan Root Regions 201.926ms
[3193.498s][info][gc,marking     ] GC(673) Concurrent Mark
[3193.498s][info][gc,marking     ] GC(673) Concurrent Mark From Roots
[3193.498s][info][gc,task        ] GC(673) Using 2 workers of 2 for marking
[3194.319s][info][gc,marking     ] GC(673) Concurrent Mark From Roots 821.509ms
[3194.319s][info][gc,marking     ] GC(673) Concurrent Preclean
[3194.320s][info][gc,marking     ] GC(673) Concurrent Preclean 0.427ms
[3194.321s][info][gc,start       ] GC(673) Pause Remark
[3194.326s][info][gc             ] GC(673) Pause Remark 2145M->2145M(4096M) 4.818ms
[3194.326s][info][gc,cpu         ] GC(673) User=0.02s Sys=0.00s Real=0.00s
[3194.326s][info][gc,marking     ] GC(673) Concurrent Mark 828.155ms
[3194.326s][info][gc,marking     ] GC(673) Concurrent Rebuild Remembered Sets and Scrub Regions
.|[3194.597s][info][gc,marking     ] GC(673) Concurrent Rebuild Remembered Sets and Scrub Regions 271.073ms
[3194.597s][info][gc,start       ] GC(673) Pause Cleanup
[3194.597s][info][gc             ] GC(673) Pause Cleanup 2320M->2320M(4096M) 0.095ms
[3194.597s][info][gc,cpu         ] GC(673) User=0.00s Sys=0.00s Real=0.00s
[3194.597s][info][gc,marking     ] GC(673) Concurrent Clear Claimed Marks
[3194.597s][info][gc,marking     ] GC(673) Concurrent Clear Claimed Marks 0.028ms
[3194.597s][info][gc,marking     ] GC(673) Concurrent Cleanup for Next Mark
[3194.603s][info][gc,marking     ] GC(673) Concurrent Cleanup for Next Mark 5.708ms
[3194.603s][info][gc             ] GC(673) Concurrent Mark Cycle 1307.296ms
..[3196.570s][info][gc,start       ] GC(674) Pause Young (Prepare Mixed) (G1 Evacuation Pause)
[3196.570s][info][gc,task        ] GC(674) Using 6 workers of 6 for evacuation
[3196.687s][info][gc,phases      ] GC(674)   Pre Evacuate Collection Set: 0.34ms
[3196.687s][info][gc,phases      ] GC(674)   Merge Heap Roots: 0.48ms
[3196.687s][info][gc,phases      ] GC(674)   Evacuate Collection Set: 115.56ms
[3196.687s][info][gc,phases      ] GC(674)   Post Evacuate Collection Set: 0.92ms
[3196.687s][info][gc,phases      ] GC(674)   Other: 0.09ms
[3196.687s][info][gc,heap        ] GC(674) Eden regions: 1117->0(1107)
[3196.687s][info][gc,heap        ] GC(674) Survivor regions: 111->111(154)
[3196.687s][info][gc,heap        ] GC(674) Old regions: 504->536
[3196.687s][info][gc,heap        ] GC(674) Humongous regions: 80->80
[3196.687s][info][gc,metaspace   ] GC(674) Metaspace: 28891K(29248K)->28891K(29248K) NonClass: 24023K(24192K)->24023K(24192K) Class: 4868K(5056K)->4868K(5056K)
[3196.687s][info][gc             ] GC(674) Pause Young (Prepare Mixed) (G1 Evacuation Pause) 3623M->1451M(4096M) 117.528ms
[3196.687s][info][gc,cpu         ] GC(674) User=0.70s Sys=0.00s Real=0.11s
...[3199.935s][info][gc,start       ] GC(675) Pause Young (Mixed) (G1 Evacuation Pause)
[3199.935s][info][gc,task        ] GC(675) Using 6 workers of 6 for evacuation
[3200.065s][info][gc,phases      ] GC(675)   Pre Evacuate Collection Set: 0.36ms
[3200.065s][info][gc,phases      ] GC(675)   Merge Heap Roots: 0.63ms
[3200.065s][info][gc,phases      ] GC(675)   Evacuate Collection Set: 128.63ms
[3200.065s][info][gc,phases      ] GC(675)   Post Evacuate Collection Set: 0.96ms
[3200.065s][info][gc,phases      ] GC(675)   Other: 0.09ms
[3200.065s][info][gc,heap        ] GC(675) Eden regions: 1107->0(1120)
[3200.066s][info][gc,heap        ] GC(675) Survivor regions: 111->108(153)
[3200.066s][info][gc,heap        ] GC(675) Old regions: 536->473
[3200.066s][info][gc,heap        ] GC(675) Humongous regions: 80->80
[3200.066s][info][gc,metaspace   ] GC(675) Metaspace: 28891K(29248K)->28891K(29248K) NonClass: 24023K(24192K)->24023K(24192K) Class: 4868K(5056K)->4868K(5056K)
[3200.066s][info][gc             ] GC(675) Pause Young (Mixed) (G1 Evacuation Pause) 3665M->1321M(4096M) 130.795ms
[3200.066s][info][gc,cpu         ] GC(675) User=0.77s Sys=0.00s Real=0.13s
...[3203.340s][info][gc,start       ] GC(676) Pause Young (Concurrent Start) (G1 Evacuation Pause)
[3203.340s][info][gc,task        ] GC(676) Using 6 workers of 6 for evacuation
[3203.456s][info][gc,phases      ] GC(676)   Pre Evacuate Collection Set: 0.37ms
[3203.456s][info][gc,phases      ] GC(676)   Merge Heap Roots: 0.48ms
[3203.456s][info][gc,phases      ] GC(676)   Evacuate Collection Set: 114.32ms
[3203.456s][info][gc,phases      ] GC(676)   Post Evacuate Collection Set: 0.89ms
[3203.456s][info][gc,phases      ] GC(676)   Other: 0.13ms
[3203.456s][info][gc,heap        ] GC(676) Eden regions: 1120->0(1119)
[3203.456s][info][gc,heap        ] GC(676) Survivor regions: 108->109(154)
[3203.456s][info][gc,heap        ] GC(676) Old regions: 473->505
[3203.456s][info][gc,heap        ] GC(676) Humongous regions: 80->80
[3203.456s][info][gc,metaspace   ] GC(676) Metaspace: 28891K(29248K)->28891K(29248K) NonClass: 24023K(24192K)->24023K(24192K) Class: 4868K(5056K)->4868K(5056K)
[3203.457s][info][gc             ] GC(676) Pause Young (Concurrent Start) (G1 Evacuation Pause) 3561M->1385M(4096M) 116.314ms
[3203.457s][info][gc             ] GC(677) Concurrent Mark Cycle
[3203.457s][info][gc,marking     ] GC(677) Concurrent Scan Root Regions
[3203.457s][info][gc,cpu         ] GC(676) User=0.69s Sys=0.00s Real=0.11s
.[3203.635s][info][gc,marking     ] GC(677) Concurrent Scan Root Regions 178.519ms
[3203.635s][info][gc,marking     ] GC(677) Concurrent Mark
[3203.635s][info][gc,marking     ] GC(677) Concurrent Mark From Roots
[3203.635s][info][gc,task        ] GC(677) Using 2 workers of 2 for marking
[3204.425s][info][gc,marking     ] GC(677) Concurrent Mark From Roots 789.837ms
[3204.425s][info][gc,marking     ] GC(677) Concurrent Preclean
[3204.425s][info][gc,marking     ] GC(677) Concurrent Preclean 0.343ms
[3204.425s][info][gc,start       ] GC(677) Pause Remark
[3204.430s][info][gc             ] GC(677) Pause Remark 2071M->2071M(4096M) 4.864ms
[3204.430s][info][gc,cpu         ] GC(677) User=0.03s Sys=0.00s Real=0.01s
[3204.430s][info][gc,marking     ] GC(677) Concurrent Mark 795.305ms
[3204.430s][info][gc,marking     ] GC(677) Concurrent Rebuild Remembered Sets and Scrub Regions
.[3204.677s][info][gc,marking     ] GC(677) Concurrent Rebuild Remembered Sets and Scrub Regions 246.251ms
[3204.677s][info][gc,start       ] GC(677) Pause Cleanup
[3204.677s][info][gc             ] GC(677) Pause Cleanup 2224M->2224M(4096M) 0.102ms
[3204.677s][info][gc,cpu         ] GC(677) User=0.00s Sys=0.00s Real=0.00s
[3204.677s][info][gc,marking     ] GC(677) Concurrent Clear Claimed Marks
[3204.677s][info][gc,marking     ] GC(677) Concurrent Clear Claimed Marks 0.041ms
[3204.677s][info][gc,marking     ] GC(677) Concurrent Cleanup for Next Mark
[3204.681s][info][gc,marking     ] GC(677) Concurrent Cleanup for Next Mark 3.921ms
[3204.681s][info][gc             ] GC(677) Concurrent Mark Cycle 1224.497ms
..[3206.813s][info][gc,start       ] GC(678) Pause Young (Prepare Mixed) (G1 Evacuation Pause)
[3206.813s][info][gc,task        ] GC(678) Using 6 workers of 6 for evacuation
[3206.932s][info][gc,phases      ] GC(678)   Pre Evacuate Collection Set: 0.35ms
[3206.932s][info][gc,phases      ] GC(678)   Merge Heap Roots: 0.52ms
[3206.932s][info][gc,phases      ] GC(678)   Evacuate Collection Set: 117.59ms
[3206.932s][info][gc,phases      ] GC(678)   Post Evacuate Collection Set: 0.95ms
[3206.932s][info][gc,phases      ] GC(678)   Other: 0.09ms
[3206.932s][info][gc,heap        ] GC(678) Eden regions: 1119->0(1105)
[3206.932s][info][gc,heap        ] GC(678) Survivor regions: 109->112(154)
[3206.932s][info][gc,heap        ] GC(678) Old regions: 505->536
[3206.932s][info][gc,heap        ] GC(678) Humongous regions: 80->80
[3206.932s][info][gc,metaspace   ] GC(678) Metaspace: 28891K(29248K)->28891K(29248K) NonClass: 24023K(24192K)->24023K(24192K) Class: 4868K(5056K)->4868K(5056K)
[3206.932s][info][gc             ] GC(678) Pause Young (Prepare Mixed) (G1 Evacuation Pause) 3623M->1453M(4096M) 119.639ms
[3206.932s][info][gc,cpu         ] GC(678) User=0.71s Sys=0.00s Real=0.12s
...[3210.137s][info][gc,start       ] GC(679) Pause Young (Mixed) (G1 Evacuation Pause)
[3210.137s][info][gc,task        ] GC(679) Using 6 workers of 6 for evacuation
[3210.268s][info][gc,phases      ] GC(679)   Pre Evacuate Collection Set: 0.37ms
[3210.268s][info][gc,phases      ] GC(679)   Merge Heap Roots: 0.67ms
[3210.268s][info][gc,phases      ] GC(679)   Evacuate Collection Set: 128.85ms
[3210.268s][info][gc,phases      ] GC(679)   Post Evacuate Collection Set: 0.96ms
[3210.268s][info][gc,phases      ] GC(679)   Other: 0.09ms
[3210.268s][info][gc,heap        ] GC(679) Eden regions: 1105->0(1119)
[3210.268s][info][gc,heap        ] GC(679) Survivor regions: 112->109(153)
[3210.268s][info][gc,heap        ] GC(679) Old regions: 536->472
[3210.268s][info][gc,heap        ] GC(679) Humongous regions: 80->80
[3210.268s][info][gc,metaspace   ] GC(679) Metaspace: 28891K(29248K)->28891K(29248K) NonClass: 24023K(24192K)->24023K(24192K) Class: 4868K(5056K)->4868K(5056K)
[3210.268s][info][gc             ] GC(679) Pause Young (Mixed) (G1 Evacuation Pause) 3663M->1321M(4096M) 131.067ms
[3210.268s][info][gc,cpu         ] GC(679) User=0.78s Sys=0.01s Real=0.14s
....[3213.603s][info][gc,start       ] GC(680) Pause Young (Concurrent Start) (G1 Evacuation Pause)
[3213.603s][info][gc,task        ] GC(680) Using 6 workers of 6 for evacuation
[3213.718s][info][gc,phases      ] GC(680)   Pre Evacuate Collection Set: 0.38ms
[3213.718s][info][gc,phases      ] GC(680)   Merge Heap Roots: 0.46ms
[3213.718s][info][gc,phases      ] GC(680)   Evacuate Collection Set: 113.15ms
[3213.718s][info][gc,phases      ] GC(680)   Post Evacuate Collection Set: 0.91ms
[3213.718s][info][gc,phases      ] GC(680)   Other: 0.12ms
[3213.718s][info][gc,heap        ] GC(680) Eden regions: 1119->0(1120)
[3213.718s][info][gc,heap        ] GC(680) Survivor regions: 109->108(154)
[3213.718s][info][gc,heap        ] GC(680) Old regions: 472->505
[3213.718s][info][gc,heap        ] GC(680) Humongous regions: 80->80
[3213.718s][info][gc,metaspace   ] GC(680) Metaspace: 28891K(29248K)->28891K(29248K) NonClass: 24023K(24192K)->24023K(24192K) Class: 4868K(5056K)->4868K(5056K)
[3213.718s][info][gc             ] GC(680) Pause Young (Concurrent Start) (G1 Evacuation Pause) 3559M->1384M(4096M) 115.149ms
[3213.718s][info][gc             ] GC(681) Concurrent Mark Cycle
[3213.718s][info][gc,marking     ] GC(681) Concurrent Scan Root Regions
[3213.718s][info][gc,cpu         ] GC(680) User=0.68s Sys=0.00s Real=0.12s
[3213.862s][info][gc,marking     ] GC(681) Concurrent Scan Root Regions 143.382ms
[3213.862s][info][gc,marking     ] GC(681) Concurrent Mark
[3213.862s][info][gc,marking     ] GC(681) Concurrent Mark From Roots
[3213.862s][info][gc,task        ] GC(681) Using 2 workers of 2 for marking
[3214.543s][info][gc,marking     ] GC(681) Concurrent Mark From Roots 680.776ms
[3214.543s][info][gc,marking     ] GC(681) Concurrent Preclean
[3214.543s][info][gc,marking     ] GC(681) Concurrent Preclean 0.122ms
[3214.543s][info][gc,start       ] GC(681) Pause Remark
[3214.547s][info][gc             ] GC(681) Pause Remark 1984M->1984M(4096M) 4.006ms
[3214.547s][info][gc,cpu         ] GC(681) User=0.02s Sys=0.00s Real=0.00s
[3214.548s][info][gc,marking     ] GC(681) Concurrent Mark 686.097ms
[3214.548s][info][gc,marking     ] GC(681) Concurrent Rebuild Remembered Sets and Scrub Regions
.[3214.853s][info][gc,marking     ] GC(681) Concurrent Rebuild Remembered Sets and Scrub Regions 305.278ms
[3214.853s][info][gc,start       ] GC(681) Pause Cleanup
[3214.853s][info][gc             ] GC(681) Pause Cleanup 2200M->2200M(4096M) 0.103ms
[3214.853s][info][gc,cpu         ] GC(681) User=0.00s Sys=0.00s Real=0.00s
[3214.854s][info][gc,marking     ] GC(681) Concurrent Clear Claimed Marks
[3214.854s][info][gc,marking     ] GC(681) Concurrent Clear Claimed Marks 0.034ms
[3214.854s][info][gc,marking     ] GC(681) Concurrent Cleanup for Next Mark
[3214.859s][info][gc,marking     ] GC(681) Concurrent Cleanup for Next Mark 5.231ms
[3214.859s][info][gc             ] GC(681) Concurrent Mark Cycle 1140.680ms
..[3217.002s][info][gc,start       ] GC(682) Pause Young (Prepare Mixed) (G1 Evacuation Pause)
[3217.002s][info][gc,task        ] GC(682) Using 6 workers of 6 for evacuation
[3217.118s][info][gc,phases      ] GC(682)   Pre Evacuate Collection Set: 0.36ms
[3217.118s][info][gc,phases      ] GC(682)   Merge Heap Roots: 0.47ms
[3217.118s][info][gc,phases      ] GC(682)   Evacuate Collection Set: 113.66ms
[3217.118s][info][gc,phases      ] GC(682)   Post Evacuate Collection Set: 0.93ms
[3217.118s][info][gc,phases      ] GC(682)   Other: 0.09ms
[3217.118s][info][gc,heap        ] GC(682) Eden regions: 1120->0(1110)
[3217.118s][info][gc,heap        ] GC(682) Survivor regions: 108->110(154)
[3217.118s][info][gc,heap        ] GC(682) Old regions: 505->535
[3217.118s][info][gc,heap        ] GC(682) Humongous regions: 80->80
[3217.118s][info][gc,metaspace   ] GC(682) Metaspace: 28891K(29248K)->28891K(29248K) NonClass: 24023K(24192K)->24023K(24192K) Class: 4868K(5056K)->4868K(5056K)
[3217.118s][info][gc             ] GC(682) Pause Young (Prepare Mixed) (G1 Evacuation Pause) 3624M->1449M(4096M) 115.653ms
[3217.118s][info][gc,cpu         ] GC(682) User=0.69s Sys=0.00s Real=0.11s
...[3220.361s][info][gc,start       ] GC(683) Pause Young (Mixed) (G1 Evacuation Pause)
[3220.361s][info][gc,task        ] GC(683) Using 6 workers of 6 for evacuation
[3220.495s][info][gc,phases      ] GC(683)   Pre Evacuate Collection Set: 0.42ms
[3220.495s][info][gc,phases      ] GC(683)   Merge Heap Roots: 0.66ms
[3220.495s][info][gc,phases      ] GC(683)   Evacuate Collection Set: 131.85ms
[3220.495s][info][gc,phases      ] GC(683)   Post Evacuate Collection Set: 0.95ms
[3220.495s][info][gc,phases      ] GC(683)   Other: 0.09ms
[3220.495s][info][gc,heap        ] GC(683) Eden regions: 1110->0(1119)
[3220.495s][info][gc,heap        ] GC(683) Survivor regions: 110->109(153)
[3220.495s][info][gc,heap        ] GC(683) Old regions: 535->473
[3220.495s][info][gc,heap        ] GC(683) Humongous regions: 80->80
[3220.495s][info][gc,metaspace   ] GC(683) Metaspace: 28891K(29248K)->28891K(29248K) NonClass: 24023K(24192K)->24023K(24192K) Class: 4868K(5056K)->4868K(5056K)
[3220.495s][info][gc             ] GC(683) Pause Young (Mixed) (G1 Evacuation Pause) 3669M->1321M(4096M) 134.114ms
[3220.495s][info][gc,cpu         ] GC(683) User=0.80s Sys=0.00s Real=0.13s
....[3223.861s][info][gc,start       ] GC(684) Pause Young (Concurrent Start) (G1 Evacuation Pause)
[3223.861s][info][gc,task        ] GC(684) Using 6 workers of 6 for evacuation
[3223.977s][info][gc,phases      ] GC(684)   Pre Evacuate Collection Set: 0.43ms
[3223.977s][info][gc,phases      ] GC(684)   Merge Heap Roots: 0.46ms
[3223.977s][info][gc,phases      ] GC(684)   Evacuate Collection Set: 113.87ms
[3223.977s][info][gc,phases      ] GC(684)   Post Evacuate Collection Set: 0.88ms
[3223.977s][info][gc,phases      ] GC(684)   Other: 0.13ms
[3223.977s][info][gc,heap        ] GC(684) Eden regions: 1119->0(1119)
[3223.977s][info][gc,heap        ] GC(684) Survivor regions: 109->109(154)
[3223.977s][info][gc,heap        ] GC(684) Old regions: 473->504
[3223.977s][info][gc,heap        ] GC(684) Humongous regions: 80->80
[3223.977s][info][gc,metaspace   ] GC(684) Metaspace: 28891K(29248K)->28891K(29248K) NonClass: 24023K(24192K)->24023K(24192K) Class: 4868K(5056K)->4868K(5056K)
[3223.977s][info][gc             ] GC(684) Pause Young (Concurrent Start) (G1 Evacuation Pause) 3559M->1384M(4096M) 115.895ms
[3223.977s][info][gc             ] GC(685) Concurrent Mark Cycle
[3223.977s][info][gc,marking     ] GC(685) Concurrent Scan Root Regions
[3223.977s][info][gc,cpu         ] GC(684) User=0.69s Sys=0.00s Real=0.11s
[3224.190s][info][gc,marking     ] GC(685) Concurrent Scan Root Regions 212.852ms
[3224.190s][info][gc,marking     ] GC(685) Concurrent Mark
[3224.190s][info][gc,marking     ] GC(685) Concurrent Mark From Roots
[3224.190s][info][gc,task        ] GC(685) Using 2 workers of 2 for marking
.[3225.054s][info][gc,marking     ] GC(685) Concurrent Mark From Roots 864.311ms
[3225.055s][info][gc,marking     ] GC(685) Concurrent Preclean
[3225.055s][info][gc,marking     ] GC(685) Concurrent Preclean 0.203ms
[3225.055s][info][gc,start       ] GC(685) Pause Remark
[3225.060s][info][gc             ] GC(685) Pause Remark 2188M->2188M(4096M) 5.099ms
[3225.060s][info][gc,cpu         ] GC(685) User=0.03s Sys=0.00s Real=0.01s
[3225.060s][info][gc,marking     ] GC(685) Concurrent Mark 869.906ms
[3225.060s][info][gc,marking     ] GC(685) Concurrent Rebuild Remembered Sets and Scrub Regions
[3225.423s][info][gc,marking     ] GC(685) Concurrent Rebuild Remembered Sets and Scrub Regions 362.744ms
[3225.423s][info][gc,start       ] GC(685) Pause Cleanup
[3225.423s][info][gc             ] GC(685) Pause Cleanup 2416M->2416M(4096M) 0.100ms
[3225.423s][info][gc,cpu         ] GC(685) User=0.00s Sys=0.00s Real=0.00s
[3225.423s][info][gc,marking     ] GC(685) Concurrent Clear Claimed Marks
[3225.423s][info][gc,marking     ] GC(685) Concurrent Clear Claimed Marks 0.033ms
[3225.423s][info][gc,marking     ] GC(685) Concurrent Cleanup for Next Mark
[3225.429s][info][gc,marking     ] GC(685) Concurrent Cleanup for Next Mark 5.358ms
[3225.429s][info][gc             ] GC(685) Concurrent Mark Cycle 1451.479ms
..[3227.240s][info][gc,start       ] GC(686) Pause Young (Prepare Mixed) (G1 Evacuation Pause)
[3227.240s][info][gc,task        ] GC(686) Using 6 workers of 6 for evacuation
[3227.354s][info][gc,phases      ] GC(686)   Pre Evacuate Collection Set: 0.33ms
[3227.354s][info][gc,phases      ] GC(686)   Merge Heap Roots: 0.50ms
[3227.354s][info][gc,phases      ] GC(686)   Evacuate Collection Set: 112.53ms
[3227.354s][info][gc,phases      ] GC(686)   Post Evacuate Collection Set: 0.94ms
[3227.354s][info][gc,phases      ] GC(686)   Other: 0.09ms
[3227.354s][info][gc,heap        ] GC(686) Eden regions: 1119->0(1116)
[3227.354s][info][gc,heap        ] GC(686) Survivor regions: 109->107(154)
[3227.354s][info][gc,heap        ] GC(686) Old regions: 504->535
[3227.354s][info][gc,heap        ] GC(686) Humongous regions: 80->80
[3227.354s][info][gc,metaspace   ] GC(686) Metaspace: 28891K(29248K)->28891K(29248K) NonClass: 24023K(24192K)->24023K(24192K) Class: 4868K(5056K)->4868K(5056K)
[3227.354s][info][gc             ] GC(686) Pause Young (Prepare Mixed) (G1 Evacuation Pause) 3622M->1443M(4096M) 114.513ms
[3227.354s][info][gc,cpu         ] GC(686) User=0.68s Sys=0.00s Real=0.11s
....[3230.673s][info][gc,start       ] GC(687) Pause Young (Mixed) (G1 Evacuation Pause)
[3230.673s][info][gc,task        ] GC(687) Using 6 workers of 6 for evacuation
[3230.806s][info][gc,phases      ] GC(687)   Pre Evacuate Collection Set: 0.36ms
[3230.806s][info][gc,phases      ] GC(687)   Merge Heap Roots: 0.65ms
[3230.806s][info][gc,phases      ] GC(687)   Evacuate Collection Set: 130.83ms
[3230.806s][info][gc,phases      ] GC(687)   Post Evacuate Collection Set: 0.95ms
[3230.806s][info][gc,phases      ] GC(687)   Other: 0.09ms
[3230.806s][info][gc,heap        ] GC(687) Eden regions: 1116->0(1119)
[3230.806s][info][gc,heap        ] GC(687) Survivor regions: 107->109(153)
[3230.806s][info][gc,heap        ] GC(687) Old regions: 535->473
[3230.806s][info][gc,heap        ] GC(687) Humongous regions: 80->80
[3230.806s][info][gc,metaspace   ] GC(687) Metaspace: 28891K(29248K)->28891K(29248K) NonClass: 24023K(24192K)->24023K(24192K) Class: 4868K(5056K)->4868K(5056K)
[3230.806s][info][gc             ] GC(687) Pause Young (Mixed) (G1 Evacuation Pause) 3675M->1323M(4096M) 133.026ms
[3230.806s][info][gc,cpu         ] GC(687) User=0.78s Sys=0.00s Real=0.13s
...[3234.065s][info][gc,start       ] GC(688) Pause Young (Concurrent Start) (G1 Evacuation Pause)
[3234.065s][info][gc,task        ] GC(688) Using 6 workers of 6 for evacuation
[3234.180s][info][gc,phases      ] GC(688)   Pre Evacuate Collection Set: 0.37ms
[3234.180s][info][gc,phases      ] GC(688)   Merge Heap Roots: 0.42ms
[3234.180s][info][gc,phases      ] GC(688)   Evacuate Collection Set: 113.83ms
[3234.180s][info][gc,phases      ] GC(688)   Post Evacuate Collection Set: 0.89ms
[3234.180s][info][gc,phases      ] GC(688)   Other: 0.10ms
[3234.180s][info][gc,heap        ] GC(688) Eden regions: 1119->0(1117)
[3234.180s][info][gc,heap        ] GC(688) Survivor regions: 109->111(154)
[3234.180s][info][gc,heap        ] GC(688) Old regions: 473->505
[3234.180s][info][gc,heap        ] GC(688) Humongous regions: 80->80
[3234.180s][info][gc,metaspace   ] GC(688) Metaspace: 28891K(29248K)->28891K(29248K) NonClass: 24023K(24192K)->24023K(24192K) Class: 4868K(5056K)->4868K(5056K)
[3234.180s][info][gc             ] GC(688) Pause Young (Concurrent Start) (G1 Evacuation Pause) 3561M->1389M(4096M) 115.749ms
[3234.180s][info][gc             ] GC(689) Concurrent Mark Cycle
[3234.180s][info][gc,marking     ] GC(689) Concurrent Scan Root Regions
[3234.180s][info][gc,cpu         ] GC(688) User=0.69s Sys=0.00s Real=0.12s
[3234.392s][info][gc,marking     ] GC(689) Concurrent Scan Root Regions 211.385ms
[3234.392s][info][gc,marking     ] GC(689) Concurrent Mark
[3234.392s][info][gc,marking     ] GC(689) Concurrent Mark From Roots
[3234.392s][info][gc,task        ] GC(689) Using 2 workers of 2 for marking
.[3235.179s][info][gc,marking     ] GC(689) Concurrent Mark From Roots 786.917ms
[3235.179s][info][gc,marking     ] GC(689) Concurrent Preclean
[3235.179s][info][gc,marking     ] GC(689) Concurrent Preclean 0.263ms
[3235.179s][info][gc,start       ] GC(689) Pause Remark
[3235.184s][info][gc             ] GC(689) Pause Remark 2108M->2108M(4096M) 4.861ms
[3235.184s][info][gc,cpu         ] GC(689) User=0.02s Sys=0.00s Real=0.00s
[3235.185s][info][gc,marking     ] GC(689) Concurrent Mark 793.378ms
[3235.185s][info][gc,marking     ] GC(689) Concurrent Rebuild Remembered Sets and Scrub Regions
[3235.423s][info][gc,marking     ] GC(689) Concurrent Rebuild Remembered Sets and Scrub Regions 237.345ms
[3235.423s][info][gc,start       ] GC(689) Pause Cleanup
[3235.423s][info][gc             ] GC(689) Pause Cleanup 2265M->2265M(4096M) 0.111ms
[3235.423s][info][gc,cpu         ] GC(689) User=0.00s Sys=0.00s Real=0.00s
[3235.423s][info][gc,marking     ] GC(689) Concurrent Clear Claimed Marks
[3235.423s][info][gc,marking     ] GC(689) Concurrent Clear Claimed Marks 0.031ms
[3235.423s][info][gc,marking     ] GC(689) Concurrent Cleanup for Next Mark
[3235.428s][info][gc,marking     ] GC(689) Concurrent Cleanup for Next Mark 4.713ms
[3235.428s][info][gc             ] GC(689) Concurrent Mark Cycle 1247.663ms
..[3237.483s][info][gc,start       ] GC(690) Pause Young (Prepare Mixed) (G1 Evacuation Pause)
[3237.483s][info][gc,task        ] GC(690) Using 6 workers of 6 for evacuation
[3237.598s][info][gc,phases      ] GC(690)   Pre Evacuate Collection Set: 0.34ms
[3237.598s][info][gc,phases      ] GC(690)   Merge Heap Roots: 0.46ms
[3237.598s][info][gc,phases      ] GC(690)   Evacuate Collection Set: 112.36ms
[3237.598s][info][gc,phases      ] GC(690)   Post Evacuate Collection Set: 0.94ms
[3237.598s][info][gc,phases      ] GC(690)   Other: 0.08ms
[3237.598s][info][gc,heap        ] GC(690) Eden regions: 1117->0(1112)
[3237.598s][info][gc,heap        ] GC(690) Survivor regions: 111->108(154)
[3237.598s][info][gc,heap        ] GC(690) Old regions: 505->537
[3237.598s][info][gc,heap        ] GC(690) Humongous regions: 80->80
[3237.598s][info][gc,metaspace   ] GC(690) Metaspace: 28891K(29248K)->28891K(29248K) NonClass: 24023K(24192K)->24023K(24192K) Class: 4868K(5056K)->4868K(5056K)
[3237.598s][info][gc             ] GC(690) Pause Young (Prepare Mixed) (G1 Evacuation Pause) 3623M->1448M(4096M) 114.307ms
[3237.598s][info][gc,cpu         ] GC(690) User=0.67s Sys=0.00s Real=0.11s
....[3240.840s][info][gc,start       ] GC(691) Pause Young (Mixed) (G1 Evacuation Pause)
[3240.840s][info][gc,task        ] GC(691) Using 6 workers of 6 for evacuation
[3240.970s][info][gc,phases      ] GC(691)   Pre Evacuate Collection Set: 0.39ms
[3240.970s][info][gc,phases      ] GC(691)   Merge Heap Roots: 0.59ms
[3240.970s][info][gc,phases      ] GC(691)   Evacuate Collection Set: 127.29ms
[3240.970s][info][gc,phases      ] GC(691)   Post Evacuate Collection Set: 0.99ms
[3240.970s][info][gc,phases      ] GC(691)   Other: 0.08ms
[3240.970s][info][gc,heap        ] GC(691) Eden regions: 1112->0(1120)
[3240.970s][info][gc,heap        ] GC(691) Survivor regions: 108->108(153)
[3240.970s][info][gc,heap        ] GC(691) Old regions: 537->474
[3240.970s][info][gc,heap        ] GC(691) Humongous regions: 80->80
[3240.970s][info][gc,metaspace   ] GC(691) Metaspace: 28891K(29248K)->28891K(29248K) NonClass: 24023K(24192K)->24023K(24192K) Class: 4868K(5056K)->4868K(5056K)
[3240.970s][info][gc             ] GC(691) Pause Young (Mixed) (G1 Evacuation Pause) 3672M->1322M(4096M) 129.474ms
[3240.970s][info][gc,cpu         ] GC(691) User=0.77s Sys=0.00s Real=0.13s
...[3244.260s][info][gc,start       ] GC(692) Pause Young (Concurrent Start) (G1 Evacuation Pause)
[3244.260s][info][gc,task        ] GC(692) Using 6 workers of 6 for evacuation
[3244.377s][info][gc,phases      ] GC(692)   Pre Evacuate Collection Set: 0.32ms
[3244.377s][info][gc,phases      ] GC(692)   Merge Heap Roots: 0.43ms
[3244.377s][info][gc,phases      ] GC(692)   Evacuate Collection Set: 115.17ms
[3244.377s][info][gc,phases      ] GC(692)   Post Evacuate Collection Set: 0.89ms
[3244.377s][info][gc,phases      ] GC(692)   Other: 0.13ms
[3244.377s][info][gc,heap        ] GC(692) Eden regions: 1120->0(1119)
[3244.377s][info][gc,heap        ] GC(692) Survivor regions: 108->109(154)
[3244.377s][info][gc,heap        ] GC(692) Old regions: 474->506
[3244.377s][info][gc,heap        ] GC(692) Humongous regions: 80->80
[3244.377s][info][gc,metaspace   ] GC(692) Metaspace: 28891K(29248K)->28891K(29248K) NonClass: 24023K(24192K)->24023K(24192K) Class: 4868K(5056K)->4868K(5056K)
[3244.377s][info][gc             ] GC(692) Pause Young (Concurrent Start) (G1 Evacuation Pause) 3562M->1387M(4096M) 117.085ms
[3244.377s][info][gc             ] GC(693) Concurrent Mark Cycle
[3244.377s][info][gc,marking     ] GC(693) Concurrent Scan Root Regions
[3244.377s][info][gc,cpu         ] GC(692) User=0.69s Sys=0.01s Real=0.11s
[3244.563s][info][gc,marking     ] GC(693) Concurrent Scan Root Regions 185.439ms
[3244.563s][info][gc,marking     ] GC(693) Concurrent Mark
[3244.563s][info][gc,marking     ] GC(693) Concurrent Mark From Roots
[3244.563s][info][gc,task        ] GC(693) Using 2 workers of 2 for marking
.[3245.519s][info][gc,marking     ] GC(693) Concurrent Mark From Roots 956.013ms
[3245.519s][info][gc,marking     ] GC(693) Concurrent Preclean
[3245.519s][info][gc,marking     ] GC(693) Concurrent Preclean 0.178ms
[3245.519s][info][gc,start       ] GC(693) Pause Remark
[3245.524s][info][gc             ] GC(693) Pause Remark 2160M->2160M(4096M) 5.099ms
[3245.524s][info][gc,cpu         ] GC(693) User=0.03s Sys=0.00s Real=0.00s
[3245.524s][info][gc,marking     ] GC(693) Concurrent Mark 961.560ms
[3245.524s][info][gc,marking     ] GC(693) Concurrent Rebuild Remembered Sets and Scrub Regions
.[3245.855s][info][gc,marking     ] GC(693) Concurrent Rebuild Remembered Sets and Scrub Regions 330.349ms
[3245.855s][info][gc,start       ] GC(693) Pause Cleanup
[3245.855s][info][gc             ] GC(693) Pause Cleanup 2407M->2407M(4096M) 0.102ms
[3245.855s][info][gc,cpu         ] GC(693) User=0.00s Sys=0.00s Real=0.00s
[3245.855s][info][gc,marking     ] GC(693) Concurrent Clear Claimed Marks
[3245.855s][info][gc,marking     ] GC(693) Concurrent Clear Claimed Marks 0.024ms
[3245.855s][info][gc,marking     ] GC(693) Concurrent Cleanup for Next Mark
[3245.860s][info][gc,marking     ] GC(693) Concurrent Cleanup for Next Mark 4.770ms
[3245.860s][info][gc             ] GC(693) Concurrent Mark Cycle 1482.586ms
..[3247.737s][info][gc,start       ] GC(694) Pause Young (Prepare Mixed) (G1 Evacuation Pause)
[3247.737s][info][gc,task        ] GC(694) Using 6 workers of 6 for evacuation
[3247.853s][info][gc,phases      ] GC(694)   Pre Evacuate Collection Set: 0.35ms
[3247.853s][info][gc,phases      ] GC(694)   Merge Heap Roots: 0.54ms
[3247.853s][info][gc,phases      ] GC(694)   Evacuate Collection Set: 113.86ms
[3247.853s][info][gc,phases      ] GC(694)   Post Evacuate Collection Set: 0.96ms
[3247.853s][info][gc,phases      ] GC(694)   Other: 0.09ms
[3247.853s][info][gc,heap        ] GC(694) Eden regions: 1119->0(1108)
[3247.853s][info][gc,heap        ] GC(694) Survivor regions: 109->110(154)
[3247.853s][info][gc,heap        ] GC(694) Old regions: 506->537
[3247.853s][info][gc,heap        ] GC(694) Humongous regions: 80->80
[3247.853s][info][gc,metaspace   ] GC(694) Metaspace: 28891K(29248K)->28891K(29248K) NonClass: 24023K(24192K)->24023K(24192K) Class: 4868K(5056K)->4868K(5056K)
[3247.853s][info][gc             ] GC(694) Pause Young (Prepare Mixed) (G1 Evacuation Pause) 3625M->1452M(4096M) 115.924ms
[3247.853s][info][gc,cpu         ] GC(694) User=0.68s Sys=0.00s Real=0.12s
...[3251.153s][info][gc,start       ] GC(695) Pause Young (Mixed) (G1 Evacuation Pause)
[3251.153s][info][gc,task        ] GC(695) Using 6 workers of 6 for evacuation
[3251.287s][info][gc,phases      ] GC(695)   Pre Evacuate Collection Set: 0.39ms
[3251.287s][info][gc,phases      ] GC(695)   Merge Heap Roots: 0.66ms
[3251.287s][info][gc,phases      ] GC(695)   Evacuate Collection Set: 132.59ms
[3251.287s][info][gc,phases      ] GC(695)   Post Evacuate Collection Set: 0.99ms
[3251.287s][info][gc,phases      ] GC(695)   Other: 0.09ms
[3251.287s][info][gc,heap        ] GC(695) Eden regions: 1108->0(1117)
[3251.287s][info][gc,heap        ] GC(695) Survivor regions: 110->111(153)
[3251.287s][info][gc,heap        ] GC(695) Old regions: 537->472
[3251.287s][info][gc,heap        ] GC(695) Humongous regions: 80->80
[3251.287s][info][gc,metaspace   ] GC(695) Metaspace: 28891K(29248K)->28891K(29248K) NonClass: 24023K(24192K)->24023K(24192K) Class: 4868K(5056K)->4868K(5056K)
[3251.287s][info][gc             ] GC(695) Pause Young (Mixed) (G1 Evacuation Pause) 3668M->1324M(4096M) 134.846ms
[3251.287s][info][gc,cpu         ] GC(695) User=0.80s Sys=0.00s Real=0.13s
...[3254.521s][info][gc,start       ] GC(696) Pause Young (Concurrent Start) (G1 Evacuation Pause)
[3254.521s][info][gc,task        ] GC(696) Using 6 workers of 6 for evacuation
[3254.638s][info][gc,phases      ] GC(696)   Pre Evacuate Collection Set: 0.37ms
[3254.638s][info][gc,phases      ] GC(696)   Merge Heap Roots: 0.45ms
[3254.638s][info][gc,phases      ] GC(696)   Evacuate Collection Set: 115.45ms
[3254.638s][info][gc,phases      ] GC(696)   Post Evacuate Collection Set: 0.87ms
[3254.638s][info][gc,phases      ] GC(696)   Other: 0.14ms
[3254.638s][info][gc,heap        ] GC(696) Eden regions: 1117->0(1118)
[3254.638s][info][gc,heap        ] GC(696) Survivor regions: 111->110(154)
[3254.638s][info][gc,heap        ] GC(696) Old regions: 472->505
[3254.638s][info][gc,heap        ] GC(696) Humongous regions: 80->80
[3254.638s][info][gc,metaspace   ] GC(696) Metaspace: 28891K(29248K)->28891K(29248K) NonClass: 24023K(24192K)->24023K(24192K) Class: 4868K(5056K)->4868K(5056K)
[3254.638s][info][gc             ] GC(696) Pause Young (Concurrent Start) (G1 Evacuation Pause) 3558M->1389M(4096M) 117.419ms
[3254.638s][info][gc             ] GC(697) Concurrent Mark Cycle
[3254.638s][info][gc,marking     ] GC(697) Concurrent Scan Root Regions
[3254.638s][info][gc,cpu         ] GC(696) User=0.69s Sys=0.00s Real=0.12s
.[3254.767s][info][gc,marking     ] GC(697) Concurrent Scan Root Regions 128.062ms
[3254.767s][info][gc,marking     ] GC(697) Concurrent Mark
[3254.767s][info][gc,marking     ] GC(697) Concurrent Mark From Roots
[3254.767s][info][gc,task        ] GC(697) Using 2 workers of 2 for marking
 (rIR:aIR:PR = 5535:5519:5524) (tPR = 81759) [OK] 
  3254s: Performance info:
         Transaction,    Success,    Partial,     Failed,   Receipts, AvgBarcode, 
             Overall,     332572,          0,          0,     315941,      59.48, 
         Response times:
             Request,    Success,    Partial,     Failed,   SkipFail,     Probes,    Samples,      min,      p50,      p90,      p95,      p99,      max, 
       TotalPurchase,     315937,          0,          0,          0,     310126,     337466,      300,     4400,     9800,    21000,    67000,   220000,
     InStorePurchase,     166246,          0,          0,          0,     163491,     177895,      300,     4500,    10000,    22000,    70000,   196000,
      OnlinePurchase,     116350,          0,          0,          0,     114280,     124170,      300,     4300,     9600,    21000,    66000,   220000,
        InstPurchase,      33341,          0,          0,          0,      32355,      35401,      400,     4100,     9200,    18900,    63000,   166000,
          AssocOfCat,        334,          0,          0,          0,        265,        391,    23000,    34000,    60000,    94200,   167240,   177000,
      AssocOfProduct,       3331,          0,          0,          0,       3078,       3533,      500,     4700,     9860,    22000,    55660,   139000,
      BusinessReport,        831,          0,          0,          0,        717,        899,    21000,    37000,    58000,    77000,   130000,   226000,
          CustBuyBeh,       3320,          0,          0,          0,       3058,       3557,      200,     3500,     8100,    21100,    54420,   139000,
       ProductReturn,       8818,          0,          0,          0,       8391,       9349,      300,     4600,    10700,    23000,    68000,   187000,

  3254s: (41%)   IR =   5673 [3255.333s][info][gc,marking     ] GC(697) Concurrent Mark From Roots 565.946ms
[3255.333s][info][gc,marking     ] GC(697) Concurrent Preclean
[3255.333s][info][gc,marking     ] GC(697) Concurrent Preclean 0.167ms
[3255.333s][info][gc,start       ] GC(697) Pause Remark
[3255.337s][info][gc             ] GC(697) Pause Remark 1829M->1829M(4096M) 3.905ms
[3255.337s][info][gc,cpu         ] GC(697) User=0.02s Sys=0.00s Real=0.00s
[3255.337s][info][gc,marking     ] GC(697) Concurrent Mark 570.388ms
[3255.337s][info][gc,marking     ] GC(697) Concurrent Rebuild Remembered Sets and Scrub Regions
[3255.580s][info][gc,marking     ] GC(697) Concurrent Rebuild Remembered Sets and Scrub Regions 242.561ms
[3255.580s][info][gc,start       ] GC(697) Pause Cleanup
[3255.580s][info][gc             ] GC(697) Pause Cleanup 1995M->1995M(4096M) 0.112ms
[3255.580s][info][gc,cpu         ] GC(697) User=0.00s Sys=0.00s Real=0.00s
[3255.580s][info][gc,marking     ] GC(697) Concurrent Clear Claimed Marks
[3255.580s][info][gc,marking     ] GC(697) Concurrent Clear Claimed Marks 0.027ms
[3255.580s][info][gc,marking     ] GC(697) Concurrent Cleanup for Next Mark
[3255.584s][info][gc,marking     ] GC(697) Concurrent Cleanup for Next Mark 3.896ms
[3255.584s][info][gc             ] GC(697) Concurrent Mark Cycle 945.413ms
...[3258.000s][info][gc,start       ] GC(698) Pause Young (Prepare Mixed) (G1 Evacuation Pause)
[3258.000s][info][gc,task        ] GC(698) Using 6 workers of 6 for evacuation
[3258.119s][info][gc,phases      ] GC(698)   Pre Evacuate Collection Set: 0.31ms
[3258.119s][info][gc,phases      ] GC(698)   Merge Heap Roots: 0.50ms
[3258.119s][info][gc,phases      ] GC(698)   Evacuate Collection Set: 117.40ms
[3258.119s][info][gc,phases      ] GC(698)   Post Evacuate Collection Set: 0.93ms
[3258.119s][info][gc,phases      ] GC(698)   Other: 0.10ms
[3258.119s][info][gc,heap        ] GC(698) Eden regions: 1118->0(1106)
[3258.119s][info][gc,heap        ] GC(698) Survivor regions: 110->111(154)
[3258.119s][info][gc,heap        ] GC(698) Old regions: 505->537
[3258.119s][info][gc,heap        ] GC(698) Humongous regions: 80->80
[3258.119s][info][gc,metaspace   ] GC(698) Metaspace: 28891K(29248K)->28891K(29248K) NonClass: 24023K(24192K)->24023K(24192K) Class: 4868K(5056K)->4868K(5056K)
[3258.119s][info][gc             ] GC(698) Pause Young (Prepare Mixed) (G1 Evacuation Pause) 3625M->1455M(4096M) 119.381ms
[3258.119s][info][gc,cpu         ] GC(698) User=0.70s Sys=0.00s Real=0.12s
..|.[3261.238s][info][gc,start       ] GC(699) Pause Young (Mixed) (G1 Evacuation Pause)
[3261.238s][info][gc,task        ] GC(699) Using 6 workers of 6 for evacuation
[3261.366s][info][gc,phases      ] GC(699)   Pre Evacuate Collection Set: 0.37ms
[3261.366s][info][gc,phases      ] GC(699)   Merge Heap Roots: 0.62ms
[3261.366s][info][gc,phases      ] GC(699)   Evacuate Collection Set: 125.69ms
[3261.366s][info][gc,phases      ] GC(699)   Post Evacuate Collection Set: 0.97ms
[3261.366s][info][gc,phases      ] GC(699)   Other: 0.09ms
[3261.366s][info][gc,heap        ] GC(699) Eden regions: 1106->0(1121)
[3261.366s][info][gc,heap        ] GC(699) Survivor regions: 111->107(153)
[3261.366s][info][gc,heap        ] GC(699) Old regions: 537->474
[3261.366s][info][gc,heap        ] GC(699) Humongous regions: 80->80
[3261.366s][info][gc,metaspace   ] GC(699) Metaspace: 28891K(29248K)->28891K(29248K) NonClass: 24023K(24192K)->24023K(24192K) Class: 4868K(5056K)->4868K(5056K)
[3261.366s][info][gc             ] GC(699) Pause Young (Mixed) (G1 Evacuation Pause) 3667M->1319M(4096M) 127.854ms
[3261.366s][info][gc,cpu         ] GC(699) User=0.76s Sys=0.00s Real=0.12s
...[3264.625s][info][gc,start       ] GC(700) Pause Young (Concurrent Start) (G1 Evacuation Pause)
[3264.625s][info][gc,task        ] GC(700) Using 6 workers of 6 for evacuation
[3264.741s][info][gc,phases      ] GC(700)   Pre Evacuate Collection Set: 0.35ms
[3264.741s][info][gc,phases      ] GC(700)   Merge Heap Roots: 0.44ms
[3264.741s][info][gc,phases      ] GC(700)   Evacuate Collection Set: 113.70ms
[3264.741s][info][gc,phases      ] GC(700)   Post Evacuate Collection Set: 0.87ms
[3264.741s][info][gc,phases      ] GC(700)   Other: 0.13ms
[3264.741s][info][gc,heap        ] GC(700) Eden regions: 1121->0(1119)
[3264.741s][info][gc,heap        ] GC(700) Survivor regions: 107->109(154)
[3264.741s][info][gc,heap        ] GC(700) Old regions: 474->505
[3264.741s][info][gc,heap        ] GC(700) Humongous regions: 80->80
[3264.741s][info][gc,metaspace   ] GC(700) Metaspace: 28891K(29248K)->28891K(29248K) NonClass: 24023K(24192K)->24023K(24192K) Class: 4868K(5056K)->4868K(5056K)
[3264.741s][info][gc             ] GC(700) Pause Young (Concurrent Start) (G1 Evacuation Pause) 3561M->1387M(4096M) 115.613ms
[3264.741s][info][gc             ] GC(701) Concurrent Mark Cycle
[3264.741s][info][gc,marking     ] GC(701) Concurrent Scan Root Regions
[3264.741s][info][gc,cpu         ] GC(700) User=0.68s Sys=0.00s Real=0.12s
[3264.883s][info][gc,marking     ] GC(701) Concurrent Scan Root Regions 142.418ms
[3264.883s][info][gc,marking     ] GC(701) Concurrent Mark
[3264.883s][info][gc,marking     ] GC(701) Concurrent Mark From Roots
[3264.883s][info][gc,task        ] GC(701) Using 2 workers of 2 for marking
.[3265.581s][info][gc,marking     ] GC(701) Concurrent Mark From Roots 697.444ms
[3265.581s][info][gc,marking     ] GC(701) Concurrent Preclean
[3265.581s][info][gc,marking     ] GC(701) Concurrent Preclean 0.146ms
[3265.583s][info][gc,start       ] GC(701) Pause Remark
[3265.587s][info][gc             ] GC(701) Pause Remark 2027M->2027M(4096M) 3.576ms
[3265.587s][info][gc,cpu         ] GC(701) User=0.02s Sys=0.00s Real=0.00s
[3265.587s][info][gc,marking     ] GC(701) Concurrent Mark 703.806ms
[3265.587s][info][gc,marking     ] GC(701) Concurrent Rebuild Remembered Sets and Scrub Regions
[3265.882s][info][gc,marking     ] GC(701) Concurrent Rebuild Remembered Sets and Scrub Regions 294.774ms
[3265.882s][info][gc,start       ] GC(701) Pause Cleanup
[3265.882s][info][gc             ] GC(701) Pause Cleanup 2265M->2265M(4096M) 0.105ms
[3265.882s][info][gc,cpu         ] GC(701) User=0.00s Sys=0.00s Real=0.00s
[3265.882s][info][gc,marking     ] GC(701) Concurrent Clear Claimed Marks
[3265.882s][info][gc,marking     ] GC(701) Concurrent Clear Claimed Marks 0.030ms
[3265.882s][info][gc,marking     ] GC(701) Concurrent Cleanup for Next Mark
[3265.886s][info][gc,marking     ] GC(701) Concurrent Cleanup for Next Mark 3.763ms
[3265.886s][info][gc             ] GC(701) Concurrent Mark Cycle 1145.396ms
...[3267.923s][info][gc,start       ] GC(702) Pause Young (Prepare Mixed) (G1 Evacuation Pause)
[3267.923s][info][gc,task        ] GC(702) Using 6 workers of 6 for evacuation
[3268.039s][info][gc,phases      ] GC(702)   Pre Evacuate Collection Set: 0.32ms
[3268.039s][info][gc,phases      ] GC(702)   Merge Heap Roots: 0.47ms
[3268.039s][info][gc,phases      ] GC(702)   Evacuate Collection Set: 114.11ms
[3268.039s][info][gc,phases      ] GC(702)   Post Evacuate Collection Set: 0.95ms
[3268.039s][info][gc,phases      ] GC(702)   Other: 0.09ms
[3268.039s][info][gc,heap        ] GC(702) Eden regions: 1119->0(1107)
[3268.039s][info][gc,heap        ] GC(702) Survivor regions: 109->111(154)
[3268.039s][info][gc,heap        ] GC(702) Old regions: 505->536
[3268.039s][info][gc,heap        ] GC(702) Humongous regions: 80->80
[3268.039s][info][gc,metaspace   ] GC(702) Metaspace: 28891K(29248K)->28891K(29248K) NonClass: 24023K(24192K)->24023K(24192K) Class: 4868K(5056K)->4868K(5056K)
[3268.039s][info][gc             ] GC(702) Pause Young (Prepare Mixed) (G1 Evacuation Pause) 3625M->1452M(4096M) 116.068ms
[3268.039s][info][gc,cpu         ] GC(702) User=0.68s Sys=0.01s Real=0.12s
...[3271.258s][info][gc,start       ] GC(703) Pause Young (Mixed) (G1 Evacuation Pause)
[3271.258s][info][gc,task        ] GC(703) Using 6 workers of 6 for evacuation
[3271.388s][info][gc,phases      ] GC(703)   Pre Evacuate Collection Set: 0.38ms
[3271.388s][info][gc,phases      ] GC(703)   Merge Heap Roots: 0.60ms
[3271.388s][info][gc,phases      ] GC(703)   Evacuate Collection Set: 128.20ms
[3271.388s][info][gc,phases      ] GC(703)   Post Evacuate Collection Set: 0.94ms
[3271.388s][info][gc,phases      ] GC(703)   Other: 0.08ms
[3271.388s][info][gc,heap        ] GC(703) Eden regions: 1107->0(1121)
[3271.388s][info][gc,heap        ] GC(703) Survivor regions: 111->107(153)
[3271.388s][info][gc,heap        ] GC(703) Old regions: 536->472
[3271.388s][info][gc,heap        ] GC(703) Humongous regions: 80->80
[3271.388s][info][gc,metaspace   ] GC(703) Metaspace: 28891K(29248K)->28891K(29248K) NonClass: 24023K(24192K)->24023K(24192K) Class: 4868K(5056K)->4868K(5056K)
[3271.388s][info][gc             ] GC(703) Pause Young (Mixed) (G1 Evacuation Pause) 3666M->1316M(4096M) 130.340ms
[3271.388s][info][gc,cpu         ] GC(703) User=0.77s Sys=0.00s Real=0.14s
...[3274.551s][info][gc,start       ] GC(704) Pause Young (Concurrent Start) (G1 Evacuation Pause)
[3274.551s][info][gc,task        ] GC(704) Using 6 workers of 6 for evacuation
[3274.671s][info][gc,phases      ] GC(704)   Pre Evacuate Collection Set: 0.37ms
[3274.671s][info][gc,phases      ] GC(704)   Merge Heap Roots: 0.43ms
[3274.671s][info][gc,phases      ] GC(704)   Evacuate Collection Set: 117.72ms
[3274.671s][info][gc,phases      ] GC(704)   Post Evacuate Collection Set: 0.90ms
[3274.671s][info][gc,phases      ] GC(704)   Other: 0.10ms
[3274.671s][info][gc,heap        ] GC(704) Eden regions: 1121->0(1115)
[3274.671s][info][gc,heap        ] GC(704) Survivor regions: 107->113(154)
[3274.671s][info][gc,heap        ] GC(704) Old regions: 472->504
[3274.671s][info][gc,heap        ] GC(704) Humongous regions: 80->80
[3274.671s][info][gc,metaspace   ] GC(704) Metaspace: 28891K(29248K)->28891K(29248K) NonClass: 24023K(24192K)->24023K(24192K) Class: 4868K(5056K)->4868K(5056K)
[3274.671s][info][gc             ] GC(704) Pause Young (Concurrent Start) (G1 Evacuation Pause) 3558M->1391M(4096M) 119.668ms
[3274.671s][info][gc             ] GC(705) Concurrent Mark Cycle
[3274.671s][info][gc,marking     ] GC(705) Concurrent Scan Root Regions
[3274.671s][info][gc,cpu         ] GC(704) User=0.71s Sys=0.00s Real=0.12s
[3274.817s][info][gc,marking     ] GC(705) Concurrent Scan Root Regions 146.562ms
[3274.817s][info][gc,marking     ] GC(705) Concurrent Mark
[3274.817s][info][gc,marking     ] GC(705) Concurrent Mark From Roots
[3274.817s][info][gc,task        ] GC(705) Using 2 workers of 2 for marking
.[3275.410s][info][gc,marking     ] GC(705) Concurrent Mark From Roots 592.416ms
[3275.410s][info][gc,marking     ] GC(705) Concurrent Preclean
[3275.410s][info][gc,marking     ] GC(705) Concurrent Preclean 0.139ms
[3275.410s][info][gc,start       ] GC(705) Pause Remark
[3275.414s][info][gc             ] GC(705) Pause Remark 1942M->1942M(4096M) 4.222ms
[3275.414s][info][gc,cpu         ] GC(705) User=0.03s Sys=0.00s Real=0.00s
[3275.414s][info][gc,marking     ] GC(705) Concurrent Mark 597.093ms
[3275.414s][info][gc,marking     ] GC(705) Concurrent Rebuild Remembered Sets and Scrub Regions
[3275.626s][info][gc,marking     ] GC(705) Concurrent Rebuild Remembered Sets and Scrub Regions 211.679ms
[3275.626s][info][gc,start       ] GC(705) Pause Cleanup
[3275.626s][info][gc             ] GC(705) Pause Cleanup 2095M->2095M(4096M) 0.125ms
[3275.626s][info][gc,cpu         ] GC(705) User=0.00s Sys=0.00s Real=0.00s
[3275.626s][info][gc,marking     ] GC(705) Concurrent Clear Claimed Marks
[3275.626s][info][gc,marking     ] GC(705) Concurrent Clear Claimed Marks 0.028ms
[3275.626s][info][gc,marking     ] GC(705) Concurrent Cleanup for Next Mark
[3275.631s][info][gc,marking     ] GC(705) Concurrent Cleanup for Next Mark 4.425ms
[3275.631s][info][gc             ] GC(705) Concurrent Mark Cycle 960.277ms
..[3277.827s][info][gc,start       ] GC(706) Pause Young (Prepare Mixed) (G1 Evacuation Pause)
[3277.827s][info][gc,task        ] GC(706) Using 6 workers of 6 for evacuation
[3277.948s][info][gc,phases      ] GC(706)   Pre Evacuate Collection Set: 0.34ms
[3277.948s][info][gc,phases      ] GC(706)   Merge Heap Roots: 0.49ms
[3277.948s][info][gc,phases      ] GC(706)   Evacuate Collection Set: 119.39ms
[3277.948s][info][gc,phases      ] GC(706)   Post Evacuate Collection Set: 0.91ms
[3277.948s][info][gc,phases      ] GC(706)   Other: 0.10ms
[3277.948s][info][gc,heap        ] GC(706) Eden regions: 1115->0(1105)
[3277.948s][info][gc,heap        ] GC(706) Survivor regions: 113->112(154)
[3277.948s][info][gc,heap        ] GC(706) Old regions: 504->536
[3277.948s][info][gc,heap        ] GC(706) Humongous regions: 80->80
[3277.948s][info][gc,metaspace   ] GC(706) Metaspace: 28891K(29248K)->28891K(29248K) NonClass: 24023K(24192K)->24023K(24192K) Class: 4868K(5056K)->4868K(5056K)
[3277.948s][info][gc             ] GC(706) Pause Young (Prepare Mixed) (G1 Evacuation Pause) 3621M->1455M(4096M) 121.353ms
[3277.948s][info][gc,cpu         ] GC(706) User=0.71s Sys=0.01s Real=0.13s
....[3281.229s][info][gc,start       ] GC(707) Pause Young (Mixed) (G1 Evacuation Pause)
[3281.229s][info][gc,task        ] GC(707) Using 6 workers of 6 for evacuation
[3281.364s][info][gc,phases      ] GC(707)   Pre Evacuate Collection Set: 0.40ms
[3281.364s][info][gc,phases      ] GC(707)   Merge Heap Roots: 0.67ms
[3281.364s][info][gc,phases      ] GC(707)   Evacuate Collection Set: 132.98ms
[3281.364s][info][gc,phases      ] GC(707)   Post Evacuate Collection Set: 0.93ms
[3281.364s][info][gc,phases      ] GC(707)   Other: 0.09ms
[3281.364s][info][gc,heap        ] GC(707) Eden regions: 1105->0(1117)
[3281.364s][info][gc,heap        ] GC(707) Survivor regions: 112->111(153)
[3281.364s][info][gc,heap        ] GC(707) Old regions: 536->475
[3281.364s][info][gc,heap        ] GC(707) Humongous regions: 80->80
[3281.364s][info][gc,metaspace   ] GC(707) Metaspace: 28891K(29248K)->28891K(29248K) NonClass: 24023K(24192K)->24023K(24192K) Class: 4868K(5056K)->4868K(5056K)
[3281.364s][info][gc             ] GC(707) Pause Young (Mixed) (G1 Evacuation Pause) 3665M->1330M(4096M) 135.204ms
[3281.364s][info][gc,cpu         ] GC(707) User=0.80s Sys=0.00s Real=0.13s
...[3284.456s][info][gc,start       ] GC(708) Pause Young (Concurrent Start) (G1 Evacuation Pause)
[3284.456s][info][gc,task        ] GC(708) Using 6 workers of 6 for evacuation
[3284.573s][info][gc,phases      ] GC(708)   Pre Evacuate Collection Set: 0.38ms
[3284.573s][info][gc,phases      ] GC(708)   Merge Heap Roots: 0.43ms
[3284.573s][info][gc,phases      ] GC(708)   Evacuate Collection Set: 115.31ms
[3284.573s][info][gc,phases      ] GC(708)   Post Evacuate Collection Set: 0.88ms
[3284.573s][info][gc,phases      ] GC(708)   Other: 0.11ms
[3284.573s][info][gc,heap        ] GC(708) Eden regions: 1117->0(1118)
[3284.573s][info][gc,heap        ] GC(708) Survivor regions: 111->110(154)
[3284.573s][info][gc,heap        ] GC(708) Old regions: 475->507
[3284.573s][info][gc,heap        ] GC(708) Humongous regions: 80->80
[3284.573s][info][gc,metaspace   ] GC(708) Metaspace: 28891K(29248K)->28891K(29248K) NonClass: 24023K(24192K)->24023K(24192K) Class: 4868K(5056K)->4868K(5056K)
[3284.573s][info][gc             ] GC(708) Pause Young (Concurrent Start) (G1 Evacuation Pause) 3564M->1391M(4096M) 117.246ms
[3284.573s][info][gc             ] GC(709) Concurrent Mark Cycle
[3284.573s][info][gc,marking     ] GC(709) Concurrent Scan Root Regions
[3284.573s][info][gc,cpu         ] GC(708) User=0.69s Sys=0.00s Real=0.12s
[3284.764s][info][gc,marking     ] GC(709) Concurrent Scan Root Regions 190.517ms
[3284.764s][info][gc,marking     ] GC(709) Concurrent Mark
[3284.764s][info][gc,marking     ] GC(709) Concurrent Mark From Roots
[3284.764s][info][gc,task        ] GC(709) Using 2 workers of 2 for marking
.[3285.541s][info][gc,marking     ] GC(709) Concurrent Mark From Roots 777.205ms
[3285.541s][info][gc,marking     ] GC(709) Concurrent Preclean
[3285.541s][info][gc,marking     ] GC(709) Concurrent Preclean 0.160ms
[3285.542s][info][gc,start       ] GC(709) Pause Remark
[3285.546s][info][gc             ] GC(709) Pause Remark 2080M->2080M(4096M) 4.501ms
[3285.546s][info][gc,cpu         ] GC(709) User=0.02s Sys=0.00s Real=0.00s
[3285.546s][info][gc,marking     ] GC(709) Concurrent Mark 782.713ms
[3285.546s][info][gc,marking     ] GC(709) Concurrent Rebuild Remembered Sets and Scrub Regions
[3285.887s][info][gc,marking     ] GC(709) Concurrent Rebuild Remembered Sets and Scrub Regions 340.761ms
[3285.888s][info][gc,start       ] GC(709) Pause Cleanup
[3285.888s][info][gc             ] GC(709) Pause Cleanup 2331M->2331M(4096M) 0.123ms
[3285.888s][info][gc,cpu         ] GC(709) User=0.00s Sys=0.00s Real=0.00s
[3285.889s][info][gc,marking     ] GC(709) Concurrent Clear Claimed Marks
[3285.889s][info][gc,marking     ] GC(709) Concurrent Clear Claimed Marks 0.030ms
[3285.889s][info][gc,marking     ] GC(709) Concurrent Cleanup for Next Mark
[3285.893s][info][gc,marking     ] GC(709) Concurrent Cleanup for Next Mark 4.175ms
[3285.893s][info][gc             ] GC(709) Concurrent Mark Cycle 1319.701ms
..[3287.849s][info][gc,start       ] GC(710) Pause Young (Prepare Mixed) (G1 Evacuation Pause)
[3287.849s][info][gc,task        ] GC(710) Using 6 workers of 6 for evacuation
[3287.965s][info][gc,phases      ] GC(710)   Pre Evacuate Collection Set: 0.33ms
[3287.965s][info][gc,phases      ] GC(710)   Merge Heap Roots: 0.47ms
[3287.965s][info][gc,phases      ] GC(710)   Evacuate Collection Set: 114.40ms
[3287.965s][info][gc,phases      ] GC(710)   Post Evacuate Collection Set: 0.92ms
[3287.965s][info][gc,phases      ] GC(710)   Other: 0.08ms
[3287.965s][info][gc,heap        ] GC(710) Eden regions: 1118->0(1110)
[3287.965s][info][gc,heap        ] GC(710) Survivor regions: 110->108(154)
[3287.965s][info][gc,heap        ] GC(710) Old regions: 507->539
[3287.965s][info][gc,heap        ] GC(710) Humongous regions: 80->80
[3287.965s][info][gc,metaspace   ] GC(710) Metaspace: 28891K(29248K)->28891K(29248K) NonClass: 24023K(24192K)->24023K(24192K) Class: 4868K(5056K)->4868K(5056K)
[3287.965s][info][gc             ] GC(710) Pause Young (Prepare Mixed) (G1 Evacuation Pause) 3627M->1453M(4096M) 116.347ms
[3287.965s][info][gc,cpu         ] GC(710) User=0.68s Sys=0.00s Real=0.11s
....[3291.202s][info][gc,start       ] GC(711) Pause Young (Mixed) (G1 Evacuation Pause)
[3291.202s][info][gc,task        ] GC(711) Using 6 workers of 6 for evacuation
[3291.335s][info][gc,phases      ] GC(711)   Pre Evacuate Collection Set: 0.37ms
[3291.335s][info][gc,phases      ] GC(711)   Merge Heap Roots: 0.63ms
[3291.335s][info][gc,phases      ] GC(711)   Evacuate Collection Set: 130.64ms
[3291.335s][info][gc,phases      ] GC(711)   Post Evacuate Collection Set: 0.94ms
[3291.335s][info][gc,phases      ] GC(711)   Other: 0.09ms
[3291.335s][info][gc,heap        ] GC(711) Eden regions: 1110->0(1116)
[3291.335s][info][gc,heap        ] GC(711) Survivor regions: 108->112(153)
[3291.335s][info][gc,heap        ] GC(711) Old regions: 539->473
[3291.335s][info][gc,heap        ] GC(711) Humongous regions: 80->80
[3291.335s][info][gc,metaspace   ] GC(711) Metaspace: 28891K(29248K)->28891K(29248K) NonClass: 24023K(24192K)->24023K(24192K) Class: 4868K(5056K)->4868K(5056K)
[3291.335s][info][gc             ] GC(711) Pause Young (Mixed) (G1 Evacuation Pause) 3673M->1328M(4096M) 132.818ms
[3291.335s][info][gc,cpu         ] GC(711) User=0.78s Sys=0.00s Real=0.13s
...[3294.525s][info][gc,start       ] GC(712) Pause Young (Concurrent Start) (G1 Evacuation Pause)
[3294.525s][info][gc,task        ] GC(712) Using 6 workers of 6 for evacuation
[3294.641s][info][gc,phases      ] GC(712)   Pre Evacuate Collection Set: 0.39ms
[3294.641s][info][gc,phases      ] GC(712)   Merge Heap Roots: 0.43ms
[3294.641s][info][gc,phases      ] GC(712)   Evacuate Collection Set: 114.06ms
[3294.641s][info][gc,phases      ] GC(712)   Post Evacuate Collection Set: 0.89ms
[3294.641s][info][gc,phases      ] GC(712)   Other: 0.09ms
[3294.641s][info][gc,heap        ] GC(712) Eden regions: 1116->0(1119)
[3294.641s][info][gc,heap        ] GC(712) Survivor regions: 112->109(154)
[3294.641s][info][gc,heap        ] GC(712) Old regions: 473->506
[3294.641s][info][gc,heap        ] GC(712) Humongous regions: 80->80
[3294.641s][info][gc,metaspace   ] GC(712) Metaspace: 28891K(29248K)->28891K(29248K) NonClass: 24023K(24192K)->24023K(24192K) Class: 4868K(5056K)->4868K(5056K)
[3294.641s][info][gc             ] GC(712) Pause Young (Concurrent Start) (G1 Evacuation Pause) 3560M->1387M(4096M) 115.996ms
[3294.641s][info][gc             ] GC(713) Concurrent Mark Cycle
[3294.641s][info][gc,marking     ] GC(713) Concurrent Scan Root Regions
[3294.641s][info][gc,cpu         ] GC(712) User=0.69s Sys=0.00s Real=0.12s
[3294.830s][info][gc,marking     ] GC(713) Concurrent Scan Root Regions 188.698ms
[3294.830s][info][gc,marking     ] GC(713) Concurrent Mark
[3294.830s][info][gc,marking     ] GC(713) Concurrent Mark From Roots
[3294.830s][info][gc,task        ] GC(713) Using 2 workers of 2 for marking
.[3295.841s][info][gc,marking     ] GC(713) Concurrent Mark From Roots 1010.823ms
[3295.841s][info][gc,marking     ] GC(713) Concurrent Preclean
[3295.841s][info][gc,marking     ] GC(713) Concurrent Preclean 0.089ms
[3295.841s][info][gc,start       ] GC(713) Pause Remark
[3295.845s][info][gc             ] GC(713) Pause Remark 2287M->2287M(4096M) 4.352ms
[3295.845s][info][gc,cpu         ] GC(713) User=0.03s Sys=0.00s Real=0.00s
[3295.845s][info][gc,marking     ] GC(713) Concurrent Mark 1015.533ms
[3295.845s][info][gc,marking     ] GC(713) Concurrent Rebuild Remembered Sets and Scrub Regions
.[3296.201s][info][gc,marking     ] GC(713) Concurrent Rebuild Remembered Sets and Scrub Regions 355.788ms
[3296.201s][info][gc,start       ] GC(713) Pause Cleanup
[3296.201s][info][gc             ] GC(713) Pause Cleanup 2528M->2528M(4096M) 0.109ms
[3296.201s][info][gc,cpu         ] GC(713) User=0.00s Sys=0.00s Real=0.00s
[3296.201s][info][gc,marking     ] GC(713) Concurrent Clear Claimed Marks
[3296.201s][info][gc,marking     ] GC(713) Concurrent Clear Claimed Marks 0.025ms
[3296.201s][info][gc,marking     ] GC(713) Concurrent Cleanup for Next Mark
[3296.206s][info][gc,marking     ] GC(713) Concurrent Cleanup for Next Mark 4.621ms
[3296.206s][info][gc             ] GC(713) Concurrent Mark Cycle 1565.161ms
.[3297.852s][info][gc,start       ] GC(714) Pause Young (Prepare Mixed) (G1 Evacuation Pause)
[3297.852s][info][gc,task        ] GC(714) Using 6 workers of 6 for evacuation
[3297.972s][info][gc,phases      ] GC(714)   Pre Evacuate Collection Set: 0.33ms
[3297.972s][info][gc,phases      ] GC(714)   Merge Heap Roots: 0.48ms
[3297.972s][info][gc,phases      ] GC(714)   Evacuate Collection Set: 117.76ms
[3297.972s][info][gc,phases      ] GC(714)   Post Evacuate Collection Set: 0.91ms
[3297.972s][info][gc,phases      ] GC(714)   Other: 0.09ms
[3297.972s][info][gc,heap        ] GC(714) Eden regions: 1119->0(1104)
[3297.972s][info][gc,heap        ] GC(714) Survivor regions: 109->112(154)
[3297.972s][info][gc,heap        ] GC(714) Old regions: 506->537
[3297.972s][info][gc,heap        ] GC(714) Humongous regions: 80->80
[3297.972s][info][gc,metaspace   ] GC(714) Metaspace: 28891K(29248K)->28891K(29248K) NonClass: 24023K(24192K)->24023K(24192K) Class: 4868K(5056K)->4868K(5056K)
[3297.972s][info][gc             ] GC(714) Pause Young (Prepare Mixed) (G1 Evacuation Pause) 3625M->1456M(4096M) 119.693ms
[3297.972s][info][gc,cpu         ] GC(714) User=0.70s Sys=0.00s Real=0.12s
....[3301.160s][info][gc,start       ] GC(715) Pause Young (Mixed) (G1 Evacuation Pause)
[3301.160s][info][gc,task        ] GC(715) Using 6 workers of 6 for evacuation
[3301.293s][info][gc,phases      ] GC(715)   Pre Evacuate Collection Set: 0.38ms
[3301.293s][info][gc,phases      ] GC(715)   Merge Heap Roots: 0.65ms
[3301.293s][info][gc,phases      ] GC(715)   Evacuate Collection Set: 130.54ms
[3301.293s][info][gc,phases      ] GC(715)   Post Evacuate Collection Set: 0.95ms
[3301.293s][info][gc,phases      ] GC(715)   Other: 0.09ms
[3301.293s][info][gc,heap        ] GC(715) Eden regions: 1104->0(1117)
[3301.293s][info][gc,heap        ] GC(715) Survivor regions: 112->111(152)
[3301.293s][info][gc,heap        ] GC(715) Old regions: 537->473
[3301.293s][info][gc,heap        ] GC(715) Humongous regions: 80->80
[3301.293s][info][gc,metaspace   ] GC(715) Metaspace: 28891K(29248K)->28891K(29248K) NonClass: 24023K(24192K)->24023K(24192K) Class: 4868K(5056K)->4868K(5056K)
[3301.293s][info][gc             ] GC(715) Pause Young (Mixed) (G1 Evacuation Pause) 3664M->1326M(4096M) 132.734ms
[3301.293s][info][gc,cpu         ] GC(715) User=0.79s Sys=0.00s Real=0.13s
...[3304.420s][info][gc,start       ] GC(716) Pause Young (Concurrent Start) (G1 Evacuation Pause)
[3304.420s][info][gc,task        ] GC(716) Using 6 workers of 6 for evacuation
[3304.534s][info][gc,phases      ] GC(716)   Pre Evacuate Collection Set: 0.40ms
[3304.534s][info][gc,phases      ] GC(716)   Merge Heap Roots: 0.44ms
[3304.534s][info][gc,phases      ] GC(716)   Evacuate Collection Set: 111.64ms
[3304.534s][info][gc,phases      ] GC(716)   Post Evacuate Collection Set: 0.94ms
[3304.534s][info][gc,phases      ] GC(716)   Other: 0.15ms
[3304.534s][info][gc,heap        ] GC(716) Eden regions: 1117->0(1121)
[3304.534s][info][gc,heap        ] GC(716) Survivor regions: 111->107(154)
[3304.534s][info][gc,heap        ] GC(716) Old regions: 473->506
[3304.534s][info][gc,heap        ] GC(716) Humongous regions: 80->80
[3304.534s][info][gc,metaspace   ] GC(716) Metaspace: 28891K(29248K)->28891K(29248K) NonClass: 24023K(24192K)->24023K(24192K) Class: 4868K(5056K)->4868K(5056K)
[3304.534s][info][gc             ] GC(716) Pause Young (Concurrent Start) (G1 Evacuation Pause) 3560M->1383M(4096M) 113.700ms
[3304.534s][info][gc             ] GC(717) Concurrent Mark Cycle
[3304.534s][info][gc,marking     ] GC(717) Concurrent Scan Root Regions
[3304.534s][info][gc,cpu         ] GC(716) User=0.68s Sys=0.00s Real=0.11s
[3304.723s][info][gc,marking     ] GC(717) Concurrent Scan Root Regions 189.029ms
[3304.723s][info][gc,marking     ] GC(717) Concurrent Mark
[3304.723s][info][gc,marking     ] GC(717) Concurrent Mark From Roots
[3304.723s][info][gc,task        ] GC(717) Using 2 workers of 2 for marking
.[3305.678s][info][gc,marking     ] GC(717) Concurrent Mark From Roots 954.751ms
[3305.678s][info][gc,marking     ] GC(717) Concurrent Preclean
[3305.678s][info][gc,marking     ] GC(717) Concurrent Preclean 0.076ms
[3305.678s][info][gc,start       ] GC(717) Pause Remark
[3305.683s][info][gc             ] GC(717) Pause Remark 2196M->2196M(4096M) 5.073ms
[3305.683s][info][gc,cpu         ] GC(717) User=0.03s Sys=0.00s Real=0.00s
[3305.683s][info][gc,marking     ] GC(717) Concurrent Mark 960.157ms
[3305.683s][info][gc,marking     ] GC(717) Concurrent Rebuild Remembered Sets and Scrub Regions
[3306.086s][info][gc,marking     ] GC(717) Concurrent Rebuild Remembered Sets and Scrub Regions 403.202ms
[3306.087s][info][gc,start       ] GC(717) Pause Cleanup
[3306.087s][info][gc             ] GC(717) Pause Cleanup 2481M->2481M(4096M) 0.104ms
[3306.087s][info][gc,cpu         ] GC(717) User=0.00s Sys=0.00s Real=0.00s
[3306.087s][info][gc,marking     ] GC(717) Concurrent Clear Claimed Marks
[3306.087s][info][gc,marking     ] GC(717) Concurrent Clear Claimed Marks 0.023ms
[3306.087s][info][gc,marking     ] GC(717) Concurrent Cleanup for Next Mark
[3306.091s][info][gc,marking     ] GC(717) Concurrent Cleanup for Next Mark 4.117ms
[3306.091s][info][gc             ] GC(717) Concurrent Mark Cycle 1556.967ms
..[3307.802s][info][gc,start       ] GC(718) Pause Young (Prepare Mixed) (G1 Evacuation Pause)
[3307.802s][info][gc,task        ] GC(718) Using 6 workers of 6 for evacuation
[3307.918s][info][gc,phases      ] GC(718)   Pre Evacuate Collection Set: 0.36ms
[3307.918s][info][gc,phases      ] GC(718)   Merge Heap Roots: 0.48ms
[3307.918s][info][gc,phases      ] GC(718)   Evacuate Collection Set: 114.01ms
[3307.918s][info][gc,phases      ] GC(718)   Post Evacuate Collection Set: 0.94ms
[3307.918s][info][gc,phases      ] GC(718)   Other: 0.09ms
[3307.918s][info][gc,heap        ] GC(718) Eden regions: 1121->0(1109)
[3307.918s][info][gc,heap        ] GC(718) Survivor regions: 107->109(154)
[3307.918s][info][gc,heap        ] GC(718) Old regions: 506->538
[3307.918s][info][gc,heap        ] GC(718) Humongous regions: 80->80
[3307.918s][info][gc,metaspace   ] GC(718) Metaspace: 28891K(29248K)->28891K(29248K) NonClass: 24023K(24192K)->24023K(24192K) Class: 4868K(5056K)->4868K(5056K)
[3307.918s][info][gc             ] GC(718) Pause Young (Prepare Mixed) (G1 Evacuation Pause) 3625M->1453M(4096M) 116.013ms
[3307.918s][info][gc,cpu         ] GC(718) User=0.68s Sys=0.00s Real=0.12s
...[3311.040s][info][gc,start       ] GC(719) Pause Young (Mixed) (G1 Evacuation Pause)
[3311.040s][info][gc,task        ] GC(719) Using 6 workers of 6 for evacuation
[3311.172s][info][gc,phases      ] GC(719)   Pre Evacuate Collection Set: 0.36ms
[3311.172s][info][gc,phases      ] GC(719)   Merge Heap Roots: 0.67ms
[3311.172s][info][gc,phases      ] GC(719)   Evacuate Collection Set: 130.17ms
[3311.172s][info][gc,phases      ] GC(719)   Post Evacuate Collection Set: 0.97ms
[3311.172s][info][gc,phases      ] GC(719)   Other: 0.09ms
[3311.172s][info][gc,heap        ] GC(719) Eden regions: 1109->0(1118)
[3311.172s][info][gc,heap        ] GC(719) Survivor regions: 109->110(153)
[3311.172s][info][gc,heap        ] GC(719) Old regions: 538->475
[3311.172s][info][gc,heap        ] GC(719) Humongous regions: 80->80
[3311.172s][info][gc,metaspace   ] GC(719) Metaspace: 28891K(29248K)->28891K(29248K) NonClass: 24023K(24192K)->24023K(24192K) Class: 4868K(5056K)->4868K(5056K)
[3311.172s][info][gc             ] GC(719) Pause Young (Mixed) (G1 Evacuation Pause) 3671M->1329M(4096M) 132.394ms
[3311.172s][info][gc,cpu         ] GC(719) User=0.78s Sys=0.00s Real=0.13s
....[3314.395s][info][gc,start       ] GC(720) Pause Young (Concurrent Start) (G1 Evacuation Pause)
[3314.395s][info][gc,task        ] GC(720) Using 6 workers of 6 for evacuation
[3314.509s][info][gc,phases      ] GC(720)   Pre Evacuate Collection Set: 0.37ms
[3314.509s][info][gc,phases      ] GC(720)   Merge Heap Roots: 0.45ms
[3314.509s][info][gc,phases      ] GC(720)   Evacuate Collection Set: 112.04ms
[3314.509s][info][gc,phases      ] GC(720)   Post Evacuate Collection Set: 0.87ms
[3314.509s][info][gc,phases      ] GC(720)   Other: 0.13ms
[3314.509s][info][gc,heap        ] GC(720) Eden regions: 1118->0(1121)
[3314.509s][info][gc,heap        ] GC(720) Survivor regions: 110->107(154)
[3314.509s][info][gc,heap        ] GC(720) Old regions: 475->508
[3314.509s][info][gc,heap        ] GC(720) Humongous regions: 80->80
[3314.509s][info][gc,metaspace   ] GC(720) Metaspace: 28891K(29248K)->28891K(29248K) NonClass: 24023K(24192K)->24023K(24192K) Class: 4868K(5056K)->4868K(5056K)
[3314.509s][info][gc             ] GC(720) Pause Young (Concurrent Start) (G1 Evacuation Pause) 3565M->1389M(4096M) 114.010ms
[3314.509s][info][gc             ] GC(721) Concurrent Mark Cycle
[3314.509s][info][gc,marking     ] GC(721) Concurrent Scan Root Regions
[3314.509s][info][gc,cpu         ] GC(720) User=0.68s Sys=0.00s Real=0.12s
[3314.697s][info][gc,marking     ] GC(721) Concurrent Scan Root Regions 187.470ms
[3314.697s][info][gc,marking     ] GC(721) Concurrent Mark
[3314.697s][info][gc,marking     ] GC(721) Concurrent Mark From Roots
[3314.697s][info][gc,task        ] GC(721) Using 2 workers of 2 for marking
.[3315.666s][info][gc,marking     ] GC(721) Concurrent Mark From Roots 969.205ms
[3315.666s][info][gc,marking     ] GC(721) Concurrent Preclean
[3315.666s][info][gc,marking     ] GC(721) Concurrent Preclean 0.125ms
[3315.666s][info][gc,start       ] GC(721) Pause Remark
[3315.671s][info][gc             ] GC(721) Pause Remark 2253M->2253M(4096M) 4.848ms
[3315.671s][info][gc,cpu         ] GC(721) User=0.03s Sys=0.00s Real=0.01s
[3315.672s][info][gc,marking     ] GC(721) Concurrent Mark 975.183ms
[3315.672s][info][gc,marking     ] GC(721) Concurrent Rebuild Remembered Sets and Scrub Regions
[3316.067s][info][gc,marking     ] GC(721) Concurrent Rebuild Remembered Sets and Scrub Regions 394.952ms
[3316.067s][info][gc,start       ] GC(721) Pause Cleanup
[3316.067s][info][gc             ] GC(721) Pause Cleanup 2499M->2499M(4096M) 0.116ms
[3316.067s][info][gc,cpu         ] GC(721) User=0.00s Sys=0.00s Real=0.00s
[3316.068s][info][gc,marking     ] GC(721) Concurrent Clear Claimed Marks
[3316.068s][info][gc,marking     ] GC(721) Concurrent Clear Claimed Marks 0.032ms
[3316.068s][info][gc,marking     ] GC(721) Concurrent Cleanup for Next Mark
[3316.073s][info][gc,marking     ] GC(721) Concurrent Cleanup for Next Mark 5.183ms
[3316.073s][info][gc             ] GC(721) Concurrent Mark Cycle 1563.878ms
..[3317.730s][info][gc,start       ] GC(722) Pause Young (Prepare Mixed) (G1 Evacuation Pause)
[3317.730s][info][gc,task        ] GC(722) Using 6 workers of 6 for evacuation
[3317.845s][info][gc,phases      ] GC(722)   Pre Evacuate Collection Set: 0.36ms
[3317.845s][info][gc,phases      ] GC(722)   Merge Heap Roots: 0.47ms
[3317.845s][info][gc,phases      ] GC(722)   Evacuate Collection Set: 113.33ms
[3317.845s][info][gc,phases      ] GC(722)   Post Evacuate Collection Set: 0.93ms
[3317.845s][info][gc,phases      ] GC(722)   Other: 0.09ms
[3317.845s][info][gc,heap        ] GC(722) Eden regions: 1121->0(1107)
[3317.845s][info][gc,heap        ] GC(722) Survivor regions: 107->109(154)
[3317.845s][info][gc,heap        ] GC(722) Old regions: 508->540
[3317.845s][info][gc,heap        ] GC(722) Humongous regions: 80->80
[3317.845s][info][gc,metaspace   ] GC(722) Metaspace: 28891K(29248K)->28891K(29248K) NonClass: 24023K(24192K)->24023K(24192K) Class: 4868K(5056K)->4868K(5056K)
[3317.845s][info][gc             ] GC(722) Pause Young (Prepare Mixed) (G1 Evacuation Pause) 3631M->1455M(4096M) 115.304ms
[3317.845s][info][gc,cpu         ] GC(722) User=0.69s Sys=0.00s Real=0.11s
... (rIR:aIR:PR = 5673:5673:5673) (tPR = 84436) [OK] 
  3320s: Performance info:
         Transaction,    Success,    Partial,     Failed,   Receipts, AvgBarcode, 
             Overall,     342035,          0,          0,     324952,      59.47, 
         Response times:
             Request,    Success,    Partial,     Failed,   SkipFail,     Probes,    Samples,      min,      p50,      p90,      p95,      p99,      max, 
       TotalPurchase,     324955,          0,          0,          0,     318384,     346519,      300,     4600,    12700,    34000,    75000,   195000,
     InStorePurchase,     171017,          0,          0,          0,     167789,     182419,      300,     4600,    12800,    34000,    74000,   195000,
      OnlinePurchase,     119737,          0,          0,          0,     117452,     127884,      300,     4600,    12400,    34000,    75000,   174000,
        InstPurchase,      34201,          0,          0,          0,      33143,      36216,      300,     5000,    13500,    37000,    76000,   170000,
          AssocOfCat,        343,          0,          0,          0,        269,        345,    25000,    35000,    59000,    92000,   157400,   166000,
      AssocOfProduct,       3420,          0,          0,          0,       3144,       3585,      500,     4000,    10940,    26000,    64560,   139000,
      BusinessReport,        849,          0,          0,          0,        728,        933,    25000,    37000,    63600,    89300,   170660,   259000,
          CustBuyBeh,       3417,          0,          0,          0,       3165,       3614,      200,     3200,    10250,    30000,    65000,   139000,
       ProductReturn,       9054,          0,          0,          0,       8662,       9665,      300,     4000,    12300,    32000,    72340,   170000,

  3320s: (42%)   IR =   5812 [3321.092s][info][gc,start       ] GC(723) Pause Young (Mixed) (G1 Evacuation Pause)
[3321.092s][info][gc,task        ] GC(723) Using 6 workers of 6 for evacuation
[3321.228s][info][gc,phases      ] GC(723)   Pre Evacuate Collection Set: 0.38ms
[3321.228s][info][gc,phases      ] GC(723)   Merge Heap Roots: 0.58ms
[3321.228s][info][gc,phases      ] GC(723)   Evacuate Collection Set: 134.39ms
[3321.228s][info][gc,phases      ] GC(723)   Post Evacuate Collection Set: 0.98ms
[3321.228s][info][gc,phases      ] GC(723)   Other: 0.09ms
[3321.228s][info][gc,heap        ] GC(723) Eden regions: 1107->0(1114)
[3321.228s][info][gc,heap        ] GC(723) Survivor regions: 109->114(152)
[3321.228s][info][gc,heap        ] GC(723) Old regions: 540->475
[3321.228s][info][gc,heap        ] GC(723) Humongous regions: 80->80
[3321.228s][info][gc,metaspace   ] GC(723) Metaspace: 28891K(29248K)->28891K(29248K) NonClass: 24023K(24192K)->24023K(24192K) Class: 4868K(5056K)->4868K(5056K)
[3321.228s][info][gc             ] GC(723) Pause Young (Mixed) (G1 Evacuation Pause) 3669M->1335M(4096M) 136.549ms
[3321.228s][info][gc,cpu         ] GC(723) User=0.80s Sys=0.01s Real=0.14s
....[3324.295s][info][gc,start       ] GC(724) Pause Young (Concurrent Start) (G1 Evacuation Pause)
[3324.295s][info][gc,task        ] GC(724) Using 6 workers of 6 for evacuation
[3324.413s][info][gc,phases      ] GC(724)   Pre Evacuate Collection Set: 0.40ms
[3324.413s][info][gc,phases      ] GC(724)   Merge Heap Roots: 0.45ms
[3324.413s][info][gc,phases      ] GC(724)   Evacuate Collection Set: 116.48ms
[3324.413s][info][gc,phases      ] GC(724)   Post Evacuate Collection Set: 0.91ms
[3324.413s][info][gc,phases      ] GC(724)   Other: 0.11ms
[3324.413s][info][gc,heap        ] GC(724) Eden regions: 1114->0(1118)
[3324.413s][info][gc,heap        ] GC(724) Survivor regions: 114->110(154)
[3324.413s][info][gc,heap        ] GC(724) Old regions: 475->507
[3324.413s][info][gc,heap        ] GC(724) Humongous regions: 80->80
[3324.413s][info][gc,metaspace   ] GC(724) Metaspace: 28891K(29248K)->28891K(29248K) NonClass: 24023K(24192K)->24023K(24192K) Class: 4868K(5056K)->4868K(5056K)
[3324.413s][info][gc             ] GC(724) Pause Young (Concurrent Start) (G1 Evacuation Pause) 3563M->1392M(4096M) 118.480ms
[3324.413s][info][gc             ] GC(725) Concurrent Mark Cycle
[3324.413s][info][gc,marking     ] GC(725) Concurrent Scan Root Regions
[3324.413s][info][gc,cpu         ] GC(724) User=0.70s Sys=0.00s Real=0.12s
[3324.591s][info][gc,marking     ] GC(725) Concurrent Scan Root Regions 177.872ms
[3324.591s][info][gc,marking     ] GC(725) Concurrent Mark
[3324.591s][info][gc,marking     ] GC(725) Concurrent Mark From Roots
[3324.591s][info][gc,task        ] GC(725) Using 2 workers of 2 for marking
.[3325.413s][info][gc,marking     ] GC(725) Concurrent Mark From Roots 821.690ms
[3325.413s][info][gc,marking     ] GC(725) Concurrent Preclean
[3325.413s][info][gc,marking     ] GC(725) Concurrent Preclean 0.153ms
[3325.413s][info][gc,start       ] GC(725) Pause Remark
[3325.418s][info][gc             ] GC(725) Pause Remark 2141M->2141M(4096M) 4.780ms
[3325.418s][info][gc,cpu         ] GC(725) User=0.03s Sys=0.00s Real=0.01s
[3325.418s][info][gc,marking     ] GC(725) Concurrent Mark 827.144ms
[3325.418s][info][gc,marking     ] GC(725) Concurrent Rebuild Remembered Sets and Scrub Regions
[3325.720s][info][gc,marking     ] GC(725) Concurrent Rebuild Remembered Sets and Scrub Regions 301.963ms
[3325.720s][info][gc,start       ] GC(725) Pause Cleanup
[3325.720s][info][gc             ] GC(725) Pause Cleanup 2364M->2364M(4096M) 0.099ms
[3325.720s][info][gc,cpu         ] GC(725) User=0.00s Sys=0.00s Real=0.00s
[3325.721s][info][gc,marking     ] GC(725) Concurrent Clear Claimed Marks
[3325.721s][info][gc,marking     ] GC(725) Concurrent Clear Claimed Marks 0.030ms
[3325.721s][info][gc,marking     ] GC(725) Concurrent Cleanup for Next Mark
[3325.726s][info][gc,marking     ] GC(725) Concurrent Cleanup for Next Mark 5.417ms
[3325.726s][info][gc             ] GC(725) Concurrent Mark Cycle 1313.049ms
..[3327.590s][info][gc,start       ] GC(726) Pause Young (Prepare Mixed) (G1 Evacuation Pause)
[3327.590s][info][gc,task        ] GC(726) Using 6 workers of 6 for evacuation
[3327.708s][info][gc,phases      ] GC(726)   Pre Evacuate Collection Set: 0.34ms
[3327.708s][info][gc,phases      ] GC(726)   Merge Heap Roots: 0.47ms
[3327.708s][info][gc,phases      ] GC(726)   Evacuate Collection Set: 116.35ms
[3327.708s][info][gc,phases      ] GC(726)   Post Evacuate Collection Set: 0.91ms
[3327.708s][info][gc,phases      ] GC(726)   Other: 0.09ms
[3327.708s][info][gc,heap        ] GC(726) Eden regions: 1118->0(1104)
[3327.708s][info][gc,heap        ] GC(726) Survivor regions: 110->111(154)
[3327.708s][info][gc,heap        ] GC(726) Old regions: 507->539
[3327.708s][info][gc,heap        ] GC(726) Humongous regions: 80->80
[3327.708s][info][gc,metaspace   ] GC(726) Metaspace: 28891K(29248K)->28891K(29248K) NonClass: 24023K(24192K)->24023K(24192K) Class: 4868K(5056K)->4868K(5056K)
[3327.708s][info][gc             ] GC(726) Pause Young (Prepare Mixed) (G1 Evacuation Pause) 3628M->1458M(4096M) 118.276ms
[3327.708s][info][gc,cpu         ] GC(726) User=0.70s Sys=0.01s Real=0.11s
...[3330.783s][info][gc,start       ] GC(727) Pause Young (Mixed) (G1 Evacuation Pause)
[3330.783s][info][gc,task        ] GC(727) Using 6 workers of 6 for evacuation
[3330.919s][info][gc,phases      ] GC(727)   Pre Evacuate Collection Set: 0.35ms
[3330.919s][info][gc,phases      ] GC(727)   Merge Heap Roots: 0.65ms
[3330.919s][info][gc,phases      ] GC(727)   Evacuate Collection Set: 134.22ms
[3330.919s][info][gc,phases      ] GC(727)   Post Evacuate Collection Set: 0.93ms
[3330.919s][info][gc,phases      ] GC(727)   Other: 0.09ms
[3330.919s][info][gc,heap        ] GC(727) Eden regions: 1104->0(1114)
[3330.919s][info][gc,heap        ] GC(727) Survivor regions: 111->114(152)
[3330.919s][info][gc,heap        ] GC(727) Old regions: 539->474
[3330.919s][info][gc,heap        ] GC(727) Humongous regions: 80->80
[3330.919s][info][gc,metaspace   ] GC(727) Metaspace: 28891K(29248K)->28891K(29248K) NonClass: 24023K(24192K)->24023K(24192K) Class: 4868K(5056K)->4868K(5056K)
[3330.919s][info][gc             ] GC(727) Pause Young (Mixed) (G1 Evacuation Pause) 3666M->1333M(4096M) 136.366ms
[3330.919s][info][gc,cpu         ] GC(727) User=0.81s Sys=0.00s Real=0.14s
...[3334.005s][info][gc,start       ] GC(728) Pause Young (Concurrent Start) (G1 Evacuation Pause)
[3334.005s][info][gc,task        ] GC(728) Using 6 workers of 6 for evacuation
[3334.123s][info][gc,phases      ] GC(728)   Pre Evacuate Collection Set: 0.38ms
[3334.123s][info][gc,phases      ] GC(728)   Merge Heap Roots: 0.42ms
[3334.123s][info][gc,phases      ] GC(728)   Evacuate Collection Set: 115.98ms
[3334.123s][info][gc,phases      ] GC(728)   Post Evacuate Collection Set: 0.88ms
[3334.123s][info][gc,phases      ] GC(728)   Other: 0.11ms
[3334.123s][info][gc,heap        ] GC(728) Eden regions: 1114->0(1118)
[3334.123s][info][gc,heap        ] GC(728) Survivor regions: 114->110(154)
[3334.123s][info][gc,heap        ] GC(728) Old regions: 474->506
[3334.123s][info][gc,heap        ] GC(728) Humongous regions: 80->80
[3334.123s][info][gc,metaspace   ] GC(728) Metaspace: 28891K(29248K)->28891K(29248K) NonClass: 24023K(24192K)->24023K(24192K) Class: 4868K(5056K)->4868K(5056K)
[3334.123s][info][gc             ] GC(728) Pause Young (Concurrent Start) (G1 Evacuation Pause) 3561M->1391M(4096M) 117.905ms
[3334.123s][info][gc             ] GC(729) Concurrent Mark Cycle
[3334.123s][info][gc,marking     ] GC(729) Concurrent Scan Root Regions
[3334.123s][info][gc,cpu         ] GC(728) User=0.69s Sys=0.00s Real=0.12s
.[3334.325s][info][gc,marking     ] GC(729) Concurrent Scan Root Regions 202.039ms
[3334.325s][info][gc,marking     ] GC(729) Concurrent Mark
[3334.325s][info][gc,marking     ] GC(729) Concurrent Mark From Roots
[3334.325s][info][gc,task        ] GC(729) Using 2 workers of 2 for marking
[3335.166s][info][gc,marking     ] GC(729) Concurrent Mark From Roots 840.853ms
[3335.166s][info][gc,marking     ] GC(729) Concurrent Preclean
[3335.166s][info][gc,marking     ] GC(729) Concurrent Preclean 0.102ms
[3335.168s][info][gc,start       ] GC(729) Pause Remark
[3335.173s][info][gc             ] GC(729) Pause Remark 2193M->2193M(4096M) 5.155ms
[3335.173s][info][gc,cpu         ] GC(729) User=0.03s Sys=0.00s Real=0.01s
[3335.173s][info][gc,marking     ] GC(729) Concurrent Mark 847.721ms
[3335.173s][info][gc,marking     ] GC(729) Concurrent Rebuild Remembered Sets and Scrub Regions
.|[3335.450s][info][gc,marking     ] GC(729) Concurrent Rebuild Remembered Sets and Scrub Regions 276.421ms
[3335.450s][info][gc,start       ] GC(729) Pause Cleanup
[3335.450s][info][gc             ] GC(729) Pause Cleanup 2375M->2375M(4096M) 0.103ms
[3335.450s][info][gc,cpu         ] GC(729) User=0.00s Sys=0.00s Real=0.00s
[3335.450s][info][gc,marking     ] GC(729) Concurrent Clear Claimed Marks
[3335.450s][info][gc,marking     ] GC(729) Concurrent Clear Claimed Marks 0.021ms
[3335.450s][info][gc,marking     ] GC(729) Concurrent Cleanup for Next Mark
[3335.453s][info][gc,marking     ] GC(729) Concurrent Cleanup for Next Mark 3.264ms
[3335.453s][info][gc             ] GC(729) Concurrent Mark Cycle 1329.910ms
.[3337.289s][info][gc,start       ] GC(730) Pause Young (Prepare Mixed) (G1 Evacuation Pause)
[3337.289s][info][gc,task        ] GC(730) Using 6 workers of 6 for evacuation
[3337.405s][info][gc,phases      ] GC(730)   Pre Evacuate Collection Set: 0.35ms
[3337.405s][info][gc,phases      ] GC(730)   Merge Heap Roots: 0.50ms
[3337.405s][info][gc,phases      ] GC(730)   Evacuate Collection Set: 113.46ms
[3337.405s][info][gc,phases      ] GC(730)   Post Evacuate Collection Set: 0.92ms
[3337.405s][info][gc,phases      ] GC(730)   Other: 0.09ms
[3337.405s][info][gc,heap        ] GC(730) Eden regions: 1118->0(1111)
[3337.405s][info][gc,heap        ] GC(730) Survivor regions: 110->108(154)
[3337.405s][info][gc,heap        ] GC(730) Old regions: 506->538
[3337.405s][info][gc,heap        ] GC(730) Humongous regions: 80->80
[3337.405s][info][gc,metaspace   ] GC(730) Metaspace: 28891K(29248K)->28891K(29248K) NonClass: 24023K(24192K)->24023K(24192K) Class: 4868K(5056K)->4868K(5056K)
[3337.405s][info][gc             ] GC(730) Pause Young (Prepare Mixed) (G1 Evacuation Pause) 3627M->1450M(4096M) 115.440ms
[3337.405s][info][gc,cpu         ] GC(730) User=0.69s Sys=0.00s Real=0.11s
....[3340.503s][info][gc,start       ] GC(731) Pause Young (Mixed) (G1 Evacuation Pause)
[3340.503s][info][gc,task        ] GC(731) Using 6 workers of 6 for evacuation
[3340.635s][info][gc,phases      ] GC(731)   Pre Evacuate Collection Set: 0.41ms
[3340.635s][info][gc,phases      ] GC(731)   Merge Heap Roots: 0.90ms
[3340.635s][info][gc,phases      ] GC(731)   Evacuate Collection Set: 129.51ms
[3340.635s][info][gc,phases      ] GC(731)   Post Evacuate Collection Set: 1.01ms
[3340.635s][info][gc,phases      ] GC(731)   Other: 0.09ms
[3340.635s][info][gc,heap        ] GC(731) Eden regions: 1111->0(1118)
[3340.635s][info][gc,heap        ] GC(731) Survivor regions: 108->110(153)
[3340.635s][info][gc,heap        ] GC(731) Old regions: 538->473
[3340.635s][info][gc,heap        ] GC(731) Humongous regions: 80->80
[3340.635s][info][gc,metaspace   ] GC(731) Metaspace: 28891K(29248K)->28891K(29248K) NonClass: 24023K(24192K)->24023K(24192K) Class: 4868K(5056K)->4868K(5056K)
[3340.635s][info][gc             ] GC(731) Pause Young (Mixed) (G1 Evacuation Pause) 3672M->1324M(4096M) 132.067ms
[3340.635s][info][gc,cpu         ] GC(731) User=0.78s Sys=0.00s Real=0.13s
...[3343.746s][info][gc,start       ] GC(732) Pause Young (Concurrent Start) (G1 Evacuation Pause)
[3343.746s][info][gc,task        ] GC(732) Using 6 workers of 6 for evacuation
[3343.864s][info][gc,phases      ] GC(732)   Pre Evacuate Collection Set: 0.41ms
[3343.864s][info][gc,phases      ] GC(732)   Merge Heap Roots: 0.44ms
[3343.864s][info][gc,phases      ] GC(732)   Evacuate Collection Set: 115.98ms
[3343.864s][info][gc,phases      ] GC(732)   Post Evacuate Collection Set: 0.89ms
[3343.864s][info][gc,phases      ] GC(732)   Other: 0.12ms
[3343.864s][info][gc,heap        ] GC(732) Eden regions: 1118->0(1118)
[3343.864s][info][gc,heap        ] GC(732) Survivor regions: 110->110(154)
[3343.864s][info][gc,heap        ] GC(732) Old regions: 473->506
[3343.864s][info][gc,heap        ] GC(732) Humongous regions: 80->80
[3343.864s][info][gc,metaspace   ] GC(732) Metaspace: 28891K(29248K)->28891K(29248K) NonClass: 24023K(24192K)->24023K(24192K) Class: 4868K(5056K)->4868K(5056K)
[3343.864s][info][gc             ] GC(732) Pause Young (Concurrent Start) (G1 Evacuation Pause) 3560M->1390M(4096M) 117.973ms
[3343.864s][info][gc             ] GC(733) Concurrent Mark Cycle
[3343.864s][info][gc,marking     ] GC(733) Concurrent Scan Root Regions
[3343.864s][info][gc,cpu         ] GC(732) User=0.70s Sys=0.00s Real=0.12s
[3344.071s][info][gc,marking     ] GC(733) Concurrent Scan Root Regions 207.300ms
[3344.071s][info][gc,marking     ] GC(733) Concurrent Mark
[3344.071s][info][gc,marking     ] GC(733) Concurrent Mark From Roots
[3344.071s][info][gc,task        ] GC(733) Using 2 workers of 2 for marking
.[3344.883s][info][gc,marking     ] GC(733) Concurrent Mark From Roots 811.938ms
[3344.883s][info][gc,marking     ] GC(733) Concurrent Preclean
[3344.883s][info][gc,marking     ] GC(733) Concurrent Preclean 0.099ms
[3344.883s][info][gc,start       ] GC(733) Pause Remark
[3344.888s][info][gc             ] GC(733) Pause Remark 2131M->2131M(4096M) 5.015ms
[3344.888s][info][gc,cpu         ] GC(733) User=0.03s Sys=0.00s Real=0.01s
[3344.889s][info][gc,marking     ] GC(733) Concurrent Mark 817.316ms
[3344.889s][info][gc,marking     ] GC(733) Concurrent Rebuild Remembered Sets and Scrub Regions
[3345.170s][info][gc,marking     ] GC(733) Concurrent Rebuild Remembered Sets and Scrub Regions 281.513ms
[3345.170s][info][gc,start       ] GC(733) Pause Cleanup
[3345.170s][info][gc             ] GC(733) Pause Cleanup 2302M->2302M(4096M) 0.097ms
[3345.170s][info][gc,cpu         ] GC(733) User=0.00s Sys=0.00s Real=0.00s
[3345.170s][info][gc,marking     ] GC(733) Concurrent Clear Claimed Marks
[3345.170s][info][gc,marking     ] GC(733) Concurrent Clear Claimed Marks 0.031ms
[3345.170s][info][gc,marking     ] GC(733) Concurrent Cleanup for Next Mark
[3345.175s][info][gc,marking     ] GC(733) Concurrent Cleanup for Next Mark 4.863ms
[3345.175s][info][gc             ] GC(733) Concurrent Mark Cycle 1311.470ms
..[3347.004s][info][gc,start       ] GC(734) Pause Young (Prepare Mixed) (G1 Evacuation Pause)
[3347.004s][info][gc,task        ] GC(734) Using 6 workers of 6 for evacuation
[3347.119s][info][gc,phases      ] GC(734)   Pre Evacuate Collection Set: 0.35ms
[3347.119s][info][gc,phases      ] GC(734)   Merge Heap Roots: 0.45ms
[3347.119s][info][gc,phases      ] GC(734)   Evacuate Collection Set: 113.37ms
[3347.119s][info][gc,phases      ] GC(734)   Post Evacuate Collection Set: 0.96ms
[3347.119s][info][gc,phases      ] GC(734)   Other: 0.09ms
[3347.119s][info][gc,heap        ] GC(734) Eden regions: 1118->0(1109)
[3347.119s][info][gc,heap        ] GC(734) Survivor regions: 110->110(154)
[3347.119s][info][gc,heap        ] GC(734) Old regions: 506->536
[3347.119s][info][gc,heap        ] GC(734) Humongous regions: 80->80
[3347.119s][info][gc,metaspace   ] GC(734) Metaspace: 28891K(29248K)->28891K(29248K) NonClass: 24023K(24192K)->24023K(24192K) Class: 4868K(5056K)->4868K(5056K)
[3347.119s][info][gc             ] GC(734) Pause Young (Prepare Mixed) (G1 Evacuation Pause) 3626M->1451M(4096M) 115.343ms
[3347.119s][info][gc,cpu         ] GC(734) User=0.68s Sys=0.00s Real=0.12s
...[3350.242s][info][gc,start       ] GC(735) Pause Young (Mixed) (G1 Evacuation Pause)
[3350.242s][info][gc,task        ] GC(735) Using 6 workers of 6 for evacuation
[3350.373s][info][gc,phases      ] GC(735)   Pre Evacuate Collection Set: 0.38ms
[3350.373s][info][gc,phases      ] GC(735)   Merge Heap Roots: 0.66ms
[3350.373s][info][gc,phases      ] GC(735)   Evacuate Collection Set: 128.87ms
[3350.373s][info][gc,phases      ] GC(735)   Post Evacuate Collection Set: 0.94ms
[3350.373s][info][gc,phases      ] GC(735)   Other: 0.08ms
[3350.373s][info][gc,heap        ] GC(735) Eden regions: 1109->0(1121)
[3350.373s][info][gc,heap        ] GC(735) Survivor regions: 110->107(153)
[3350.373s][info][gc,heap        ] GC(735) Old regions: 536->473
[3350.373s][info][gc,heap        ] GC(735) Humongous regions: 80->80
[3350.373s][info][gc,metaspace   ] GC(735) Metaspace: 28891K(29248K)->28891K(29248K) NonClass: 24023K(24192K)->24023K(24192K) Class: 4868K(5056K)->4868K(5056K)
[3350.373s][info][gc             ] GC(735) Pause Young (Mixed) (G1 Evacuation Pause) 3669M->1319M(4096M) 131.058ms
[3350.373s][info][gc,cpu         ] GC(735) User=0.78s Sys=0.00s Real=0.13s
...[3353.446s][info][gc,start       ] GC(736) Pause Young (Concurrent Start) (G1 Evacuation Pause)
[3353.446s][info][gc,task        ] GC(736) Using 6 workers of 6 for evacuation
[3353.565s][info][gc,phases      ] GC(736)   Pre Evacuate Collection Set: 0.38ms
[3353.565s][info][gc,phases      ] GC(736)   Merge Heap Roots: 0.44ms
[3353.565s][info][gc,phases      ] GC(736)   Evacuate Collection Set: 117.18ms
[3353.565s][info][gc,phases      ] GC(736)   Post Evacuate Collection Set: 0.90ms
[3353.565s][info][gc,phases      ] GC(736)   Other: 0.09ms
[3353.565s][info][gc,heap        ] GC(736) Eden regions: 1121->0(1117)
[3353.565s][info][gc,heap        ] GC(736) Survivor regions: 107->111(154)
[3353.565s][info][gc,heap        ] GC(736) Old regions: 473->505
[3353.565s][info][gc,heap        ] GC(736) Humongous regions: 80->80
[3353.565s][info][gc,metaspace   ] GC(736) Metaspace: 28891K(29248K)->28891K(29248K) NonClass: 24023K(24192K)->24023K(24192K) Class: 4868K(5056K)->4868K(5056K)
[3353.565s][info][gc             ] GC(736) Pause Young (Concurrent Start) (G1 Evacuation Pause) 3561M->1391M(4096M) 119.125ms
[3353.565s][info][gc             ] GC(737) Concurrent Mark Cycle
[3353.565s][info][gc,marking     ] GC(737) Concurrent Scan Root Regions
[3353.565s][info][gc,cpu         ] GC(736) User=0.70s Sys=0.00s Real=0.12s
.[3353.712s][info][gc,marking     ] GC(737) Concurrent Scan Root Regions 147.356ms
[3353.712s][info][gc,marking     ] GC(737) Concurrent Mark
[3353.712s][info][gc,marking     ] GC(737) Concurrent Mark From Roots
[3353.712s][info][gc,task        ] GC(737) Using 2 workers of 2 for marking
[3354.540s][info][gc,marking     ] GC(737) Concurrent Mark From Roots 827.609ms
[3354.541s][info][gc,marking     ] GC(737) Concurrent Preclean
[3354.541s][info][gc,marking     ] GC(737) Concurrent Preclean 0.125ms
[3354.542s][info][gc,start       ] GC(737) Pause Remark
[3354.546s][info][gc             ] GC(737) Pause Remark 2109M->2109M(4096M) 4.230ms
[3354.546s][info][gc,cpu         ] GC(737) User=0.03s Sys=0.00s Real=0.00s
[3354.547s][info][gc,marking     ] GC(737) Concurrent Mark 834.050ms
[3354.547s][info][gc,marking     ] GC(737) Concurrent Rebuild Remembered Sets and Scrub Regions
.[3354.918s][info][gc,marking     ] GC(737) Concurrent Rebuild Remembered Sets and Scrub Regions 371.609ms
[3354.918s][info][gc,start       ] GC(737) Pause Cleanup
[3354.918s][info][gc             ] GC(737) Pause Cleanup 2439M->2439M(4096M) 0.099ms
[3354.918s][info][gc,cpu         ] GC(737) User=0.00s Sys=0.00s Real=0.00s
[3354.918s][info][gc,marking     ] GC(737) Concurrent Clear Claimed Marks
[3354.918s][info][gc,marking     ] GC(737) Concurrent Clear Claimed Marks 0.023ms
[3354.918s][info][gc,marking     ] GC(737) Concurrent Cleanup for Next Mark
[3354.922s][info][gc,marking     ] GC(737) Concurrent Cleanup for Next Mark 3.905ms
[3354.922s][info][gc             ] GC(737) Concurrent Mark Cycle 1357.409ms
..[3356.738s][info][gc,start       ] GC(738) Pause Young (Prepare Mixed) (G1 Evacuation Pause)
[3356.739s][info][gc,task        ] GC(738) Using 6 workers of 6 for evacuation
[3356.859s][info][gc,phases      ] GC(738)   Pre Evacuate Collection Set: 0.36ms
[3356.859s][info][gc,phases      ] GC(738)   Merge Heap Roots: 0.49ms
[3356.859s][info][gc,phases      ] GC(738)   Evacuate Collection Set: 118.21ms
[3356.859s][info][gc,phases      ] GC(738)   Post Evacuate Collection Set: 0.92ms
[3356.859s][info][gc,phases      ] GC(738)   Other: 0.09ms
[3356.859s][info][gc,heap        ] GC(738) Eden regions: 1117->0(1105)
[3356.859s][info][gc,heap        ] GC(738) Survivor regions: 111->111(154)
[3356.859s][info][gc,heap        ] GC(738) Old regions: 505->538
[3356.859s][info][gc,heap        ] GC(738) Humongous regions: 80->80
[3356.859s][info][gc,metaspace   ] GC(738) Metaspace: 28891K(29248K)->28891K(29248K) NonClass: 24023K(24192K)->24023K(24192K) Class: 4868K(5056K)->4868K(5056K)
[3356.859s][info][gc             ] GC(738) Pause Young (Prepare Mixed) (G1 Evacuation Pause) 3625M->1456M(4096M) 120.209ms
[3356.859s][info][gc,cpu         ] GC(738) User=0.71s Sys=0.01s Real=0.12s
...[3359.963s][info][gc,start       ] GC(739) Pause Young (Mixed) (G1 Evacuation Pause)
[3359.963s][info][gc,task        ] GC(739) Using 6 workers of 6 for evacuation
[3360.101s][info][gc,phases      ] GC(739)   Pre Evacuate Collection Set: 0.35ms
[3360.101s][info][gc,phases      ] GC(739)   Merge Heap Roots: 0.64ms
[3360.101s][info][gc,phases      ] GC(739)   Evacuate Collection Set: 136.33ms
[3360.101s][info][gc,phases      ] GC(739)   Post Evacuate Collection Set: 0.93ms
[3360.101s][info][gc,phases      ] GC(739)   Other: 0.09ms
[3360.101s][info][gc,heap        ] GC(739) Eden regions: 1105->0(1112)
[3360.101s][info][gc,heap        ] GC(739) Survivor regions: 111->116(152)
[3360.101s][info][gc,heap        ] GC(739) Old regions: 538->473
[3360.101s][info][gc,heap        ] GC(739) Humongous regions: 80->80
[3360.101s][info][gc,metaspace   ] GC(739) Metaspace: 28891K(29248K)->28891K(29248K) NonClass: 24023K(24192K)->24023K(24192K) Class: 4868K(5056K)->4868K(5056K)
[3360.101s][info][gc             ] GC(739) Pause Young (Mixed) (G1 Evacuation Pause) 3666M->1336M(4096M) 138.469ms
[3360.101s][info][gc,cpu         ] GC(739) User=0.82s Sys=0.00s Real=0.14s
...[3363.205s][info][gc,start       ] GC(740) Pause Young (Concurrent Start) (G1 Evacuation Pause)
[3363.205s][info][gc,task        ] GC(740) Using 6 workers of 6 for evacuation
[3363.321s][info][gc,phases      ] GC(740)   Pre Evacuate Collection Set: 0.41ms
[3363.321s][info][gc,phases      ] GC(740)   Merge Heap Roots: 0.43ms
[3363.321s][info][gc,phases      ] GC(740)   Evacuate Collection Set: 114.78ms
[3363.321s][info][gc,phases      ] GC(740)   Post Evacuate Collection Set: 0.87ms
[3363.321s][info][gc,phases      ] GC(740)   Other: 0.12ms
[3363.321s][info][gc,heap        ] GC(740) Eden regions: 1112->0(1118)
[3363.321s][info][gc,heap        ] GC(740) Survivor regions: 116->110(154)
[3363.321s][info][gc,heap        ] GC(740) Old regions: 473->505
[3363.321s][info][gc,heap        ] GC(740) Humongous regions: 80->80
[3363.321s][info][gc,metaspace   ] GC(740) Metaspace: 28891K(29248K)->28891K(29248K) NonClass: 24023K(24192K)->24023K(24192K) Class: 4868K(5056K)->4868K(5056K)
[3363.321s][info][gc             ] GC(740) Pause Young (Concurrent Start) (G1 Evacuation Pause) 3560M->1388M(4096M) 116.748ms
[3363.321s][info][gc             ] GC(741) Concurrent Mark Cycle
[3363.321s][info][gc,marking     ] GC(741) Concurrent Scan Root Regions
[3363.321s][info][gc,cpu         ] GC(740) User=0.69s Sys=0.00s Real=0.12s
[3363.514s][info][gc,marking     ] GC(741) Concurrent Scan Root Regions 192.937ms
[3363.514s][info][gc,marking     ] GC(741) Concurrent Mark
[3363.514s][info][gc,marking     ] GC(741) Concurrent Mark From Roots
[3363.514s][info][gc,task        ] GC(741) Using 2 workers of 2 for marking
.[3364.338s][info][gc,marking     ] GC(741) Concurrent Mark From Roots 823.658ms
[3364.338s][info][gc,marking     ] GC(741) Concurrent Preclean
[3364.338s][info][gc,marking     ] GC(741) Concurrent Preclean 0.113ms
[3364.338s][info][gc,start       ] GC(741) Pause Remark
[3364.343s][info][gc             ] GC(741) Pause Remark 2149M->2149M(4096M) 4.914ms
[3364.343s][info][gc,cpu         ] GC(741) User=0.03s Sys=0.00s Real=0.00s
[3364.344s][info][gc,marking     ] GC(741) Concurrent Mark 829.398ms
[3364.344s][info][gc,marking     ] GC(741) Concurrent Rebuild Remembered Sets and Scrub Regions
.[3364.614s][info][gc,marking     ] GC(741) Concurrent Rebuild Remembered Sets and Scrub Regions 270.130ms
[3364.614s][info][gc,start       ] GC(741) Pause Cleanup
[3364.614s][info][gc             ] GC(741) Pause Cleanup 2315M->2315M(4096M) 0.106ms
[3364.614s][info][gc,cpu         ] GC(741) User=0.00s Sys=0.00s Real=0.00s
[3364.614s][info][gc,marking     ] GC(741) Concurrent Clear Claimed Marks
[3364.614s][info][gc,marking     ] GC(741) Concurrent Clear Claimed Marks 0.023ms
[3364.614s][info][gc,marking     ] GC(741) Concurrent Cleanup for Next Mark
[3364.619s][info][gc,marking     ] GC(741) Concurrent Cleanup for Next Mark 4.655ms
[3364.619s][info][gc             ] GC(741) Concurrent Mark Cycle 1297.587ms
.[3366.402s][info][gc,start       ] GC(742) Pause Young (Prepare Mixed) (G1 Evacuation Pause)
[3366.402s][info][gc,task        ] GC(742) Using 6 workers of 6 for evacuation
[3366.517s][info][gc,phases      ] GC(742)   Pre Evacuate Collection Set: 0.36ms
[3366.517s][info][gc,phases      ] GC(742)   Merge Heap Roots: 0.47ms
[3366.517s][info][gc,phases      ] GC(742)   Evacuate Collection Set: 112.75ms
[3366.517s][info][gc,phases      ] GC(742)   Post Evacuate Collection Set: 0.93ms
[3366.517s][info][gc,phases      ] GC(742)   Other: 0.09ms
[3366.517s][info][gc,heap        ] GC(742) Eden regions: 1118->0(1114)
[3366.517s][info][gc,heap        ] GC(742) Survivor regions: 110->107(154)
[3366.517s][info][gc,heap        ] GC(742) Old regions: 505->537
[3366.517s][info][gc,heap        ] GC(742) Humongous regions: 80->80
[3366.517s][info][gc,metaspace   ] GC(742) Metaspace: 28891K(29248K)->28891K(29248K) NonClass: 24023K(24192K)->24023K(24192K) Class: 4868K(5056K)->4868K(5056K)
[3366.517s][info][gc             ] GC(742) Pause Young (Prepare Mixed) (G1 Evacuation Pause) 3624M->1445M(4096M) 114.729ms
[3366.517s][info][gc,cpu         ] GC(742) User=0.68s Sys=0.00s Real=0.11s
....[3369.637s][info][gc,start       ] GC(743) Pause Young (Mixed) (G1 Evacuation Pause)
[3369.637s][info][gc,task        ] GC(743) Using 6 workers of 6 for evacuation
[3369.768s][info][gc,phases      ] GC(743)   Pre Evacuate Collection Set: 0.40ms
[3369.768s][info][gc,phases      ] GC(743)   Merge Heap Roots: 0.63ms
[3369.768s][info][gc,phases      ] GC(743)   Evacuate Collection Set: 128.98ms
[3369.768s][info][gc,phases      ] GC(743)   Post Evacuate Collection Set: 0.97ms
[3369.768s][info][gc,phases      ] GC(743)   Other: 0.09ms
[3369.768s][info][gc,heap        ] GC(743) Eden regions: 1114->0(1119)
[3369.768s][info][gc,heap        ] GC(743) Survivor regions: 107->109(153)
[3369.768s][info][gc,heap        ] GC(743) Old regions: 537->474
[3369.768s][info][gc,heap        ] GC(743) Humongous regions: 80->80
[3369.768s][info][gc,metaspace   ] GC(743) Metaspace: 28891K(29248K)->28891K(29248K) NonClass: 24023K(24192K)->24023K(24192K) Class: 4868K(5056K)->4868K(5056K)
[3369.768s][info][gc             ] GC(743) Pause Young (Mixed) (G1 Evacuation Pause) 3673M->1323M(4096M) 131.208ms
[3369.768s][info][gc,cpu         ] GC(743) User=0.78s Sys=0.00s Real=0.14s
...[3373.007s][info][gc,start       ] GC(744) Pause Young (Concurrent Start) (G1 Evacuation Pause)
[3373.007s][info][gc,task        ] GC(744) Using 6 workers of 6 for evacuation
[3373.122s][info][gc,phases      ] GC(744)   Pre Evacuate Collection Set: 0.38ms
[3373.122s][info][gc,phases      ] GC(744)   Merge Heap Roots: 0.43ms
[3373.122s][info][gc,phases      ] GC(744)   Evacuate Collection Set: 113.65ms
[3373.122s][info][gc,phases      ] GC(744)   Post Evacuate Collection Set: 0.89ms
[3373.122s][info][gc,phases      ] GC(744)   Other: 0.09ms
[3373.122s][info][gc,heap        ] GC(744) Eden regions: 1119->0(1117)
[3373.122s][info][gc,heap        ] GC(744) Survivor regions: 109->111(154)
[3373.123s][info][gc,heap        ] GC(744) Old regions: 474->505
[3373.123s][info][gc,heap        ] GC(744) Humongous regions: 80->80
[3373.123s][info][gc,metaspace   ] GC(744) Metaspace: 28891K(29248K)->28891K(29248K) NonClass: 24023K(24192K)->24023K(24192K) Class: 4868K(5056K)->4868K(5056K)
[3373.123s][info][gc             ] GC(744) Pause Young (Concurrent Start) (G1 Evacuation Pause) 3561M->1390M(4096M) 115.578ms
[3373.123s][info][gc             ] GC(745) Concurrent Mark Cycle
[3373.123s][info][gc,marking     ] GC(745) Concurrent Scan Root Regions
[3373.123s][info][gc,cpu         ] GC(744) User=0.68s Sys=0.00s Real=0.12s
[3373.331s][info][gc,marking     ] GC(745) Concurrent Scan Root Regions 208.670ms
[3373.331s][info][gc,marking     ] GC(745) Concurrent Mark
[3373.331s][info][gc,marking     ] GC(745) Concurrent Mark From Roots
[3373.331s][info][gc,task        ] GC(745) Using 2 workers of 2 for marking
.[3374.188s][info][gc,marking     ] GC(745) Concurrent Mark From Roots 856.923ms
[3374.188s][info][gc,marking     ] GC(745) Concurrent Preclean
[3374.188s][info][gc,marking     ] GC(745) Concurrent Preclean 0.073ms
[3374.188s][info][gc,start       ] GC(745) Pause Remark
[3374.194s][info][gc             ] GC(745) Pause Remark 2223M->2223M(4096M) 5.207ms
[3374.194s][info][gc,cpu         ] GC(745) User=0.03s Sys=0.00s Real=0.00s
[3374.194s][info][gc,marking     ] GC(745) Concurrent Mark 862.464ms
[3374.194s][info][gc,marking     ] GC(745) Concurrent Rebuild Remembered Sets and Scrub Regions
[3374.502s][info][gc,marking     ] GC(745) Concurrent Rebuild Remembered Sets and Scrub Regions 307.891ms
[3374.503s][info][gc,start       ] GC(745) Pause Cleanup
[3374.503s][info][gc             ] GC(745) Pause Cleanup 2468M->2468M(4096M) 0.117ms
[3374.503s][info][gc,cpu         ] GC(745) User=0.00s Sys=0.00s Real=0.00s
[3374.503s][info][gc,marking     ] GC(745) Concurrent Clear Claimed Marks
[3374.503s][info][gc,marking     ] GC(745) Concurrent Clear Claimed Marks 0.029ms
[3374.503s][info][gc,marking     ] GC(745) Concurrent Cleanup for Next Mark
[3374.508s][info][gc,marking     ] GC(745) Concurrent Cleanup for Next Mark 4.445ms
[3374.508s][info][gc             ] GC(745) Concurrent Mark Cycle 1385.075ms
..[3376.190s][info][gc,start       ] GC(746) Pause Young (Prepare Mixed) (G1 Evacuation Pause)
[3376.190s][info][gc,task        ] GC(746) Using 6 workers of 6 for evacuation
[3376.311s][info][gc,phases      ] GC(746)   Pre Evacuate Collection Set: 0.34ms
[3376.311s][info][gc,phases      ] GC(746)   Merge Heap Roots: 0.47ms
[3376.311s][info][gc,phases      ] GC(746)   Evacuate Collection Set: 119.25ms
[3376.311s][info][gc,phases      ] GC(746)   Post Evacuate Collection Set: 0.92ms
[3376.311s][info][gc,phases      ] GC(746)   Other: 0.08ms
[3376.311s][info][gc,heap        ] GC(746) Eden regions: 1117->0(1099)
[3376.311s][info][gc,heap        ] GC(746) Survivor regions: 111->115(154)
[3376.311s][info][gc,heap        ] GC(746) Old regions: 505->536
[3376.311s][info][gc,heap        ] GC(746) Humongous regions: 80->80
[3376.311s][info][gc,metaspace   ] GC(746) Metaspace: 28891K(29248K)->28891K(29248K) NonClass: 24023K(24192K)->24023K(24192K) Class: 4868K(5056K)->4868K(5056K)
[3376.311s][info][gc             ] GC(746) Pause Young (Prepare Mixed) (G1 Evacuation Pause) 3624M->1460M(4096M) 121.198ms
[3376.311s][info][gc,cpu         ] GC(746) User=0.71s Sys=0.00s Real=0.12s
...[3379.406s][info][gc,start       ] GC(747) Pause Young (Mixed) (G1 Evacuation Pause)
[3379.406s][info][gc,task        ] GC(747) Using 6 workers of 6 for evacuation
[3379.535s][info][gc,phases      ] GC(747)   Pre Evacuate Collection Set: 0.42ms
[3379.535s][info][gc,phases      ] GC(747)   Merge Heap Roots: 0.57ms
[3379.535s][info][gc,phases      ] GC(747)   Evacuate Collection Set: 127.41ms
[3379.535s][info][gc,phases      ] GC(747)   Post Evacuate Collection Set: 0.99ms
[3379.535s][info][gc,phases      ] GC(747)   Other: 0.09ms
[3379.535s][info][gc,heap        ] GC(747) Eden regions: 1099->0(1120)
[3379.535s][info][gc,heap        ] GC(747) Survivor regions: 115->108(152)
[3379.535s][info][gc,heap        ] GC(747) Old regions: 536->471
[3379.535s][info][gc,heap        ] GC(747) Humongous regions: 80->80
[3379.535s][info][gc,metaspace   ] GC(747) Metaspace: 28891K(29248K)->28891K(29248K) NonClass: 24023K(24192K)->24023K(24192K) Class: 4868K(5056K)->4868K(5056K)
[3379.535s][info][gc             ] GC(747) Pause Young (Mixed) (G1 Evacuation Pause) 3658M->1316M(4096M) 129.600ms
[3379.536s][info][gc,cpu         ] GC(747) User=0.77s Sys=0.00s Real=0.13s
...[3382.561s][info][gc,start       ] GC(748) Pause Young (Concurrent Start) (G1 Evacuation Pause)
[3382.561s][info][gc,task        ] GC(748) Using 6 workers of 6 for evacuation
[3382.676s][info][gc,phases      ] GC(748)   Pre Evacuate Collection Set: 0.37ms
[3382.676s][info][gc,phases      ] GC(748)   Merge Heap Roots: 0.44ms
[3382.676s][info][gc,phases      ] GC(748)   Evacuate Collection Set: 113.62ms
[3382.676s][info][gc,phases      ] GC(748)   Post Evacuate Collection Set: 0.82ms
[3382.676s][info][gc,phases      ] GC(748)   Other: 0.14ms
[3382.676s][info][gc,heap        ] GC(748) Eden regions: 1120->0(1121)
[3382.676s][info][gc,heap        ] GC(748) Survivor regions: 108->107(154)
[3382.676s][info][gc,heap        ] GC(748) Old regions: 471->504
[3382.676s][info][gc,heap        ] GC(748) Humongous regions: 80->80
[3382.676s][info][gc,metaspace   ] GC(748) Metaspace: 28891K(29248K)->28891K(29248K) NonClass: 24023K(24192K)->24023K(24192K) Class: 4868K(5056K)->4868K(5056K)
[3382.676s][info][gc             ] GC(748) Pause Young (Concurrent Start) (G1 Evacuation Pause) 3556M->1380M(4096M) 115.510ms
[3382.676s][info][gc             ] GC(749) Concurrent Mark Cycle
[3382.676s][info][gc,marking     ] GC(749) Concurrent Scan Root Regions
[3382.676s][info][gc,cpu         ] GC(748) User=0.68s Sys=0.00s Real=0.11s
.[3382.875s][info][gc,marking     ] GC(749) Concurrent Scan Root Regions 198.695ms
[3382.875s][info][gc,marking     ] GC(749) Concurrent Mark
[3382.875s][info][gc,marking     ] GC(749) Concurrent Mark From Roots
[3382.875s][info][gc,task        ] GC(749) Using 2 workers of 2 for marking
[3383.678s][info][gc,marking     ] GC(749) Concurrent Mark From Roots 803.430ms
[3383.678s][info][gc,marking     ] GC(749) Concurrent Preclean
[3383.678s][info][gc,marking     ] GC(749) Concurrent Preclean 0.090ms
[3383.679s][info][gc,start       ] GC(749) Pause Remark
[3383.684s][info][gc             ] GC(749) Pause Remark 2114M->2114M(4096M) 4.947ms
[3383.684s][info][gc,cpu         ] GC(749) User=0.03s Sys=0.00s Real=0.00s
[3383.684s][info][gc,marking     ] GC(749) Concurrent Mark 808.839ms
[3383.684s][info][gc,marking     ] GC(749) Concurrent Rebuild Remembered Sets and Scrub Regions
.[3383.943s][info][gc,marking     ] GC(749) Concurrent Rebuild Remembered Sets and Scrub Regions 259.376ms
[3383.943s][info][gc,start       ] GC(749) Pause Cleanup
[3383.943s][info][gc             ] GC(749) Pause Cleanup 2278M->2278M(4096M) 0.104ms
[3383.943s][info][gc,cpu         ] GC(749) User=0.00s Sys=0.00s Real=0.00s
[3383.943s][info][gc,marking     ] GC(749) Concurrent Clear Claimed Marks
[3383.943s][info][gc,marking     ] GC(749) Concurrent Clear Claimed Marks 0.023ms
[3383.943s][info][gc,marking     ] GC(749) Concurrent Cleanup for Next Mark
[3383.948s][info][gc,marking     ] GC(749) Concurrent Cleanup for Next Mark 4.723ms
[3383.948s][info][gc             ] GC(749) Concurrent Mark Cycle 1272.105ms
..[3385.895s][info][gc,start       ] GC(750) Pause Young (Prepare Mixed) (G1 Evacuation Pause)
[3385.895s][info][gc,task        ] GC(750) Using 6 workers of 6 for evacuation
[3386.010s][info][gc,phases      ] GC(750)   Pre Evacuate Collection Set: 0.32ms
[3386.010s][info][gc,phases      ] GC(750)   Merge Heap Roots: 0.48ms
[3386.010s][info][gc,phases      ] GC(750)   Evacuate Collection Set: 113.07ms
[3386.010s][info][gc,phases      ] GC(750)   Post Evacuate Collection Set: 0.94ms
[3386.010s][info][gc,phases      ] GC(750)   Other: 0.09ms
[3386.010s][info][gc,heap        ] GC(750) Eden regions: 1121->0(1112)
[3386.010s][info][gc,heap        ] GC(750) Survivor regions: 107->109(154)
[3386.010s][info][gc,heap        ] GC(750) Old regions: 504->535
[3386.010s][info][gc,heap        ] GC(750) Humongous regions: 80->80
[3386.010s][info][gc,metaspace   ] GC(750) Metaspace: 28891K(29248K)->28891K(29248K) NonClass: 24023K(24192K)->24023K(24192K) Class: 4868K(5056K)->4868K(5056K)
[3386.010s][info][gc             ] GC(750) Pause Young (Prepare Mixed) (G1 Evacuation Pause) 3622M->1446M(4096M) 115.036ms
[3386.010s][info][gc,cpu         ] GC(750) User=0.67s Sys=0.00s Real=0.12s
...[3389.133s][info][gc,start       ] GC(751) Pause Young (Mixed) (G1 Evacuation Pause)
[3389.133s][info][gc,task        ] GC(751) Using 6 workers of 6 for evacuation
[3389.266s][info][gc,phases      ] GC(751)   Pre Evacuate Collection Set: 0.38ms
[3389.266s][info][gc,phases      ] GC(751)   Merge Heap Roots: 0.62ms
[3389.266s][info][gc,phases      ] GC(751)   Evacuate Collection Set: 131.47ms
[3389.266s][info][gc,phases      ] GC(751)   Post Evacuate Collection Set: 0.97ms
[3389.266s][info][gc,phases      ] GC(751)   Other: 0.08ms
[3389.266s][info][gc,heap        ] GC(751) Eden regions: 1112->0(1116)
[3389.266s][info][gc,heap        ] GC(751) Survivor regions: 109->112(153)
[3389.266s][info][gc,heap        ] GC(751) Old regions: 535->474
[3389.266s][info][gc,heap        ] GC(751) Humongous regions: 80->80
[3389.266s][info][gc,metaspace   ] GC(751) Metaspace: 28891K(29248K)->28891K(29248K) NonClass: 24023K(24192K)->24023K(24192K) Class: 4868K(5056K)->4868K(5056K)
[3389.266s][info][gc             ] GC(751) Pause Young (Mixed) (G1 Evacuation Pause) 3670M->1330M(4096M) 133.669ms
[3389.266s][info][gc,cpu         ] GC(751) User=0.79s Sys=0.00s Real=0.13s
...[3392.440s][info][gc,start       ] GC(752) Pause Young (Concurrent Start) (G1 Evacuation Pause)
[3392.440s][info][gc,task        ] GC(752) Using 6 workers of 6 for evacuation
[3392.556s][info][gc,phases      ] GC(752)   Pre Evacuate Collection Set: 0.42ms
[3392.556s][info][gc,phases      ] GC(752)   Merge Heap Roots: 0.48ms
[3392.556s][info][gc,phases      ] GC(752)   Evacuate Collection Set: 113.21ms
[3392.556s][info][gc,phases      ] GC(752)   Post Evacuate Collection Set: 0.88ms
[3392.556s][info][gc,phases      ] GC(752)   Other: 0.13ms
[3392.556s][info][gc,heap        ] GC(752) Eden regions: 1116->0(1119)
[3392.556s][info][gc,heap        ] GC(752) Survivor regions: 112->109(154)
[3392.556s][info][gc,heap        ] GC(752) Old regions: 474->506
[3392.556s][info][gc,heap        ] GC(752) Humongous regions: 80->80
[3392.556s][info][gc,metaspace   ] GC(752) Metaspace: 28891K(29248K)->28891K(29248K) NonClass: 24023K(24192K)->24023K(24192K) Class: 4868K(5056K)->4868K(5056K)
[3392.556s][info][gc             ] GC(752) Pause Young (Concurrent Start) (G1 Evacuation Pause) 3562M->1388M(4096M) 115.252ms
[3392.556s][info][gc             ] GC(753) Concurrent Mark Cycle
[3392.556s][info][gc,marking     ] GC(753) Concurrent Scan Root Regions
[3392.556s][info][gc,cpu         ] GC(752) User=0.68s Sys=0.00s Real=0.11s
[3392.703s][info][gc,marking     ] GC(753) Concurrent Scan Root Regions 146.844ms
[3392.703s][info][gc,marking     ] GC(753) Concurrent Mark
[3392.703s][info][gc,marking     ] GC(753) Concurrent Mark From Roots
[3392.703s][info][gc,task        ] GC(753) Using 2 workers of 2 for marking
.[3393.419s][info][gc,marking     ] GC(753) Concurrent Mark From Roots 716.100ms
[3393.419s][info][gc,marking     ] GC(753) Concurrent Preclean
[3393.419s][info][gc,marking     ] GC(753) Concurrent Preclean 0.090ms
[3393.419s][info][gc,start       ] GC(753) Pause Remark
[3393.424s][info][gc             ] GC(753) Pause Remark 2094M->2094M(4096M) 5.181ms
[3393.424s][info][gc,cpu         ] GC(753) User=0.03s Sys=0.00s Real=0.00s
[3393.425s][info][gc,marking     ] GC(753) Concurrent Mark 721.901ms
[3393.425s][info][gc,marking     ] GC(753) Concurrent Rebuild Remembered Sets and Scrub Regions
[3393.680s][info][gc,marking     ] GC(753) Concurrent Rebuild Remembered Sets and Scrub Regions 255.441ms
[3393.680s][info][gc,start       ] GC(753) Pause Cleanup
[3393.680s][info][gc             ] GC(753) Pause Cleanup 2306M->2306M(4096M) 0.099ms
[3393.680s][info][gc,cpu         ] GC(753) User=0.00s Sys=0.00s Real=0.00s
[3393.680s][info][gc,marking     ] GC(753) Concurrent Clear Claimed Marks
[3393.680s][info][gc,marking     ] GC(753) Concurrent Clear Claimed Marks 0.021ms
[3393.680s][info][gc,marking     ] GC(753) Concurrent Cleanup for Next Mark
[3393.685s][info][gc,marking     ] GC(753) Concurrent Cleanup for Next Mark 4.662ms
[3393.685s][info][gc             ] GC(753) Concurrent Mark Cycle 1129.330ms
..[3395.627s][info][gc,start       ] GC(754) Pause Young (Prepare Mixed) (G1 Evacuation Pause)
[3395.627s][info][gc,task        ] GC(754) Using 6 workers of 6 for evacuation
[3395.742s][info][gc,phases      ] GC(754)   Pre Evacuate Collection Set: 0.37ms
[3395.742s][info][gc,phases      ] GC(754)   Merge Heap Roots: 0.49ms
[3395.742s][info][gc,phases      ] GC(754)   Evacuate Collection Set: 113.32ms
[3395.742s][info][gc,phases      ] GC(754)   Post Evacuate Collection Set: 0.93ms
[3395.742s][info][gc,phases      ] GC(754)   Other: 0.09ms
[3395.742s][info][gc,heap        ] GC(754) Eden regions: 1119->0(1111)
[3395.742s][info][gc,heap        ] GC(754) Survivor regions: 109->108(154)
[3395.742s][info][gc,heap        ] GC(754) Old regions: 506->538
[3395.742s][info][gc,heap        ] GC(754) Humongous regions: 80->80
[3395.742s][info][gc,metaspace   ] GC(754) Metaspace: 28891K(29248K)->28891K(29248K) NonClass: 24023K(24192K)->24023K(24192K) Class: 4868K(5056K)->4868K(5056K)
[3395.742s][info][gc             ] GC(754) Pause Young (Prepare Mixed) (G1 Evacuation Pause) 3626M->1451M(4096M) 115.319ms
[3395.743s][info][gc,cpu         ] GC(754) User=0.69s Sys=0.00s Real=0.12s
. (rIR:aIR:PR = 5812:5814:5814) (tPR = 86839) [OK] 
  3395s: Performance info:
         Transaction,    Success,    Partial,     Failed,   Receipts, AvgBarcode, 
             Overall,     352456,          0,          0,     334867,      59.48, 
         Response times:
             Request,    Success,    Partial,     Failed,   SkipFail,     Probes,    Samples,      min,      p50,      p90,      p95,      p99,      max, 
       TotalPurchase,     334867,          0,          0,          0,     328828,     413050,      300,     4700,    13400,    32000,    73000,   232000,
     InStorePurchase,     176232,          0,          0,          0,     173509,     217359,      300,     4600,    13200,    32000,    73000,   232000,
      OnlinePurchase,     123410,          0,          0,          0,     120932,     152118,      300,     4700,    13500,    32000,    73000,   232000,
        InstPurchase,      35225,          0,          0,          0,      34387,      43573,      400,     5100,    14200,    33000,    75000,   221000,
          AssocOfCat,        353,          0,          0,          0,        271,        424,    26000,    35000,    71500,    89750,   161750,   193000,
      AssocOfProduct,       3510,          0,          0,          0,       3232,       4230,      500,     3500,    11400,    27000,    72000,   153000,
      BusinessReport,        879,          0,          0,          0,        751,       1065,    26000,    39000,    73000,    91700,   173340,   224000,
          CustBuyBeh,       3519,          0,          0,          0,       3317,       4400,     1400,     5600,    17480,    38950,    80000,   161000,
       ProductReturn,       9328,          0,          0,          0,       9000,      11593,      200,     4200,    12000,    31000,    68000,   232000,

  3395s: (43%)   IR =   5950 ..[3398.785s][info][gc,start       ] GC(755) Pause Young (Mixed) (G1 Evacuation Pause)
[3398.785s][info][gc,task        ] GC(755) Using 6 workers of 6 for evacuation
[3398.920s][info][gc,phases      ] GC(755)   Pre Evacuate Collection Set: 0.36ms
[3398.920s][info][gc,phases      ] GC(755)   Merge Heap Roots: 0.65ms
[3398.920s][info][gc,phases      ] GC(755)   Evacuate Collection Set: 132.63ms
[3398.920s][info][gc,phases      ] GC(755)   Post Evacuate Collection Set: 1.02ms
[3398.920s][info][gc,phases      ] GC(755)   Other: 0.09ms
[3398.920s][info][gc,heap        ] GC(755) Eden regions: 1111->0(1116)
[3398.920s][info][gc,heap        ] GC(755) Survivor regions: 108->112(153)
[3398.920s][info][gc,heap        ] GC(755) Old regions: 538->471
[3398.920s][info][gc,heap        ] GC(755) Humongous regions: 80->80
[3398.920s][info][gc,metaspace   ] GC(755) Metaspace: 28891K(29248K)->28891K(29248K) NonClass: 24023K(24192K)->24023K(24192K) Class: 4868K(5056K)->4868K(5056K)
[3398.920s][info][gc             ] GC(755) Pause Young (Mixed) (G1 Evacuation Pause) 3673M->1324M(4096M) 134.877ms
[3398.920s][info][gc,cpu         ] GC(755) User=0.80s Sys=0.00s Real=0.14s
....|[3401.999s][info][gc,start       ] GC(756) Pause Young (Concurrent Start) (G1 Evacuation Pause)
[3401.999s][info][gc,task        ] GC(756) Using 6 workers of 6 for evacuation
[3402.117s][info][gc,phases      ] GC(756)   Pre Evacuate Collection Set: 0.41ms
[3402.117s][info][gc,phases      ] GC(756)   Merge Heap Roots: 0.44ms
[3402.117s][info][gc,phases      ] GC(756)   Evacuate Collection Set: 115.58ms
[3402.117s][info][gc,phases      ] GC(756)   Post Evacuate Collection Set: 0.91ms
[3402.117s][info][gc,phases      ] GC(756)   Other: 0.11ms
[3402.117s][info][gc,heap        ] GC(756) Eden regions: 1116->0(1117)
[3402.117s][info][gc,heap        ] GC(756) Survivor regions: 112->111(154)
[3402.117s][info][gc,heap        ] GC(756) Old regions: 471->503
[3402.117s][info][gc,heap        ] GC(756) Humongous regions: 80->80
[3402.117s][info][gc,metaspace   ] GC(756) Metaspace: 28891K(29248K)->28891K(29248K) NonClass: 24023K(24192K)->24023K(24192K) Class: 4868K(5056K)->4868K(5056K)
[3402.117s][info][gc             ] GC(756) Pause Young (Concurrent Start) (G1 Evacuation Pause) 3556M->1386M(4096M) 117.572ms
[3402.117s][info][gc             ] GC(757) Concurrent Mark Cycle
[3402.117s][info][gc,marking     ] GC(757) Concurrent Scan Root Regions
[3402.117s][info][gc,cpu         ] GC(756) User=0.69s Sys=0.00s Real=0.11s
[3402.312s][info][gc,marking     ] GC(757) Concurrent Scan Root Regions 194.634ms
[3402.312s][info][gc,marking     ] GC(757) Concurrent Mark
[3402.312s][info][gc,marking     ] GC(757) Concurrent Mark From Roots
[3402.312s][info][gc,task        ] GC(757) Using 2 workers of 2 for marking
.[3403.185s][info][gc,marking     ] GC(757) Concurrent Mark From Roots 873.446ms
[3403.185s][info][gc,marking     ] GC(757) Concurrent Preclean
[3403.185s][info][gc,marking     ] GC(757) Concurrent Preclean 0.153ms
[3403.185s][info][gc,start       ] GC(757) Pause Remark
[3403.191s][info][gc             ] GC(757) Pause Remark 2222M->2222M(4096M) 5.045ms
[3403.191s][info][gc,cpu         ] GC(757) User=0.03s Sys=0.00s Real=0.01s
[3403.191s][info][gc,marking     ] GC(757) Concurrent Mark 878.991ms
[3403.191s][info][gc,marking     ] GC(757) Concurrent Rebuild Remembered Sets and Scrub Regions
[3403.509s][info][gc,marking     ] GC(757) Concurrent Rebuild Remembered Sets and Scrub Regions 317.923ms
[3403.509s][info][gc,start       ] GC(757) Pause Cleanup
[3403.509s][info][gc             ] GC(757) Pause Cleanup 2479M->2479M(4096M) 0.109ms
[3403.509s][info][gc,cpu         ] GC(757) User=0.00s Sys=0.00s Real=0.00s
[3403.509s][info][gc,marking     ] GC(757) Concurrent Clear Claimed Marks
[3403.509s][info][gc,marking     ] GC(757) Concurrent Clear Claimed Marks 0.030ms
[3403.509s][info][gc,marking     ] GC(757) Concurrent Cleanup for Next Mark
[3403.513s][info][gc,marking     ] GC(757) Concurrent Cleanup for Next Mark 3.980ms
[3403.513s][info][gc             ] GC(757) Concurrent Mark Cycle 1396.060ms
..[3405.155s][info][gc,start       ] GC(758) Pause Young (Prepare Mixed) (G1 Evacuation Pause)
[3405.155s][info][gc,task        ] GC(758) Using 6 workers of 6 for evacuation
[3405.274s][info][gc,phases      ] GC(758)   Pre Evacuate Collection Set: 0.31ms
[3405.274s][info][gc,phases      ] GC(758)   Merge Heap Roots: 0.55ms
[3405.274s][info][gc,phases      ] GC(758)   Evacuate Collection Set: 116.88ms
[3405.274s][info][gc,phases      ] GC(758)   Post Evacuate Collection Set: 0.92ms
[3405.274s][info][gc,phases      ] GC(758)   Other: 0.08ms
[3405.274s][info][gc,heap        ] GC(758) Eden regions: 1117->0(1107)
[3405.274s][info][gc,heap        ] GC(758) Survivor regions: 111->112(154)
[3405.274s][info][gc,heap        ] GC(758) Old regions: 503->534
[3405.274s][info][gc,heap        ] GC(758) Humongous regions: 80->80
[3405.274s][info][gc,metaspace   ] GC(758) Metaspace: 28891K(29248K)->28891K(29248K) NonClass: 24023K(24192K)->24023K(24192K) Class: 4868K(5056K)->4868K(5056K)
[3405.274s][info][gc             ] GC(758) Pause Young (Prepare Mixed) (G1 Evacuation Pause) 3620M->1450M(4096M) 118.891ms
[3405.274s][info][gc,cpu         ] GC(758) User=0.70s Sys=0.00s Real=0.12s
...[3408.299s][info][gc,start       ] GC(759) Pause Young (Mixed) (G1 Evacuation Pause)
[3408.299s][info][gc,task        ] GC(759) Using 6 workers of 6 for evacuation
[3408.433s][info][gc,phases      ] GC(759)   Pre Evacuate Collection Set: 0.36ms
[3408.434s][info][gc,phases      ] GC(759)   Merge Heap Roots: 0.72ms
[3408.434s][info][gc,phases      ] GC(759)   Evacuate Collection Set: 131.89ms
[3408.434s][info][gc,phases      ] GC(759)   Post Evacuate Collection Set: 0.95ms
[3408.434s][info][gc,phases      ] GC(759)   Other: 0.09ms
[3408.434s][info][gc,heap        ] GC(759) Eden regions: 1107->0(1119)
[3408.434s][info][gc,heap        ] GC(759) Survivor regions: 112->109(153)
[3408.434s][info][gc,heap        ] GC(759) Old regions: 534->473
[3408.434s][info][gc,heap        ] GC(759) Humongous regions: 80->80
[3408.434s][info][gc,metaspace   ] GC(759) Metaspace: 28894K(29248K)->28894K(29248K) NonClass: 24026K(24192K)->24026K(24192K) Class: 4868K(5056K)->4868K(5056K)
[3408.434s][info][gc             ] GC(759) Pause Young (Mixed) (G1 Evacuation Pause) 3664M->1322M(4096M) 134.151ms
[3408.434s][info][gc,cpu         ] GC(759) User=0.79s Sys=0.00s Real=0.13s
...[3411.491s][info][gc,start       ] GC(760) Pause Young (Concurrent Start) (G1 Evacuation Pause)
[3411.491s][info][gc,task        ] GC(760) Using 6 workers of 6 for evacuation
[3411.606s][info][gc,phases      ] GC(760)   Pre Evacuate Collection Set: 0.37ms
[3411.606s][info][gc,phases      ] GC(760)   Merge Heap Roots: 0.43ms
[3411.606s][info][gc,phases      ] GC(760)   Evacuate Collection Set: 113.08ms
[3411.606s][info][gc,phases      ] GC(760)   Post Evacuate Collection Set: 0.90ms
[3411.606s][info][gc,phases      ] GC(760)   Other: 0.12ms
[3411.606s][info][gc,heap        ] GC(760) Eden regions: 1119->0(1120)
[3411.606s][info][gc,heap        ] GC(760) Survivor regions: 109->108(154)
[3411.606s][info][gc,heap        ] GC(760) Old regions: 473->504
[3411.606s][info][gc,heap        ] GC(760) Humongous regions: 80->80
[3411.606s][info][gc,metaspace   ] GC(760) Metaspace: 28894K(29248K)->28894K(29248K) NonClass: 24026K(24192K)->24026K(24192K) Class: 4868K(5056K)->4868K(5056K)
[3411.606s][info][gc             ] GC(760) Pause Young (Concurrent Start) (G1 Evacuation Pause) 3560M->1383M(4096M) 115.037ms
[3411.606s][info][gc             ] GC(761) Concurrent Mark Cycle
[3411.606s][info][gc,marking     ] GC(761) Concurrent Scan Root Regions
[3411.606s][info][gc,cpu         ] GC(760) User=0.68s Sys=0.00s Real=0.11s
[3411.754s][info][gc,marking     ] GC(761) Concurrent Scan Root Regions 147.800ms
[3411.754s][info][gc,marking     ] GC(761) Concurrent Mark
[3411.754s][info][gc,marking     ] GC(761) Concurrent Mark From Roots
[3411.754s][info][gc,task        ] GC(761) Using 2 workers of 2 for marking
.[3412.465s][info][gc,marking     ] GC(761) Concurrent Mark From Roots 710.921ms
[3412.465s][info][gc,marking     ] GC(761) Concurrent Preclean
[3412.465s][info][gc,marking     ] GC(761) Concurrent Preclean 0.076ms
[3412.465s][info][gc,start       ] GC(761) Pause Remark
[3412.470s][info][gc             ] GC(761) Pause Remark 2079M->2079M(4096M) 5.090ms
[3412.470s][info][gc,cpu         ] GC(761) User=0.02s Sys=0.00s Real=0.01s
[3412.470s][info][gc,marking     ] GC(761) Concurrent Mark 716.349ms
[3412.470s][info][gc,marking     ] GC(761) Concurrent Rebuild Remembered Sets and Scrub Regions
[3412.844s][info][gc,marking     ] GC(761) Concurrent Rebuild Remembered Sets and Scrub Regions 373.558ms
[3412.844s][info][gc,start       ] GC(761) Pause Cleanup
[3412.844s][info][gc             ] GC(761) Pause Cleanup 2342M->2342M(4096M) 0.108ms
[3412.844s][info][gc,cpu         ] GC(761) User=0.00s Sys=0.00s Real=0.00s
[3412.844s][info][gc,marking     ] GC(761) Concurrent Clear Claimed Marks
[3412.844s][info][gc,marking     ] GC(761) Concurrent Clear Claimed Marks 0.023ms
[3412.844s][info][gc,marking     ] GC(761) Concurrent Cleanup for Next Mark
[3412.848s][info][gc,marking     ] GC(761) Concurrent Cleanup for Next Mark 3.461ms
[3412.848s][info][gc             ] GC(761) Concurrent Mark Cycle 1241.685ms
..[3414.624s][info][gc,start       ] GC(762) Pause Young (Prepare Mixed) (G1 Evacuation Pause)
[3414.624s][info][gc,task        ] GC(762) Using 6 workers of 6 for evacuation
[3414.739s][info][gc,phases      ] GC(762)   Pre Evacuate Collection Set: 0.34ms
[3414.739s][info][gc,phases      ] GC(762)   Merge Heap Roots: 0.47ms
[3414.739s][info][gc,phases      ] GC(762)   Evacuate Collection Set: 114.02ms
[3414.739s][info][gc,phases      ] GC(762)   Post Evacuate Collection Set: 0.95ms
[3414.739s][info][gc,phases      ] GC(762)   Other: 0.08ms
[3414.739s][info][gc,heap        ] GC(762) Eden regions: 1120->0(1111)
[3414.739s][info][gc,heap        ] GC(762) Survivor regions: 108->109(154)
[3414.740s][info][gc,heap        ] GC(762) Old regions: 504->536
[3414.740s][info][gc,heap        ] GC(762) Humongous regions: 80->80
[3414.740s][info][gc,metaspace   ] GC(762) Metaspace: 28894K(29248K)->28894K(29248K) NonClass: 24026K(24192K)->24026K(24192K) Class: 4868K(5056K)->4868K(5056K)
[3414.740s][info][gc             ] GC(762) Pause Young (Prepare Mixed) (G1 Evacuation Pause) 3623M->1448M(4096M) 116.016ms
[3414.740s][info][gc,cpu         ] GC(762) User=0.68s Sys=0.00s Real=0.12s
...[3417.762s][info][gc,start       ] GC(763) Pause Young (Mixed) (G1 Evacuation Pause)
[3417.762s][info][gc,task        ] GC(763) Using 6 workers of 6 for evacuation
[3417.894s][info][gc,phases      ] GC(763)   Pre Evacuate Collection Set: 0.39ms
[3417.894s][info][gc,phases      ] GC(763)   Merge Heap Roots: 0.62ms
[3417.894s][info][gc,phases      ] GC(763)   Evacuate Collection Set: 130.21ms
[3417.894s][info][gc,phases      ] GC(763)   Post Evacuate Collection Set: 0.96ms
[3417.894s][info][gc,phases      ] GC(763)   Other: 0.09ms
[3417.894s][info][gc,heap        ] GC(763) Eden regions: 1111->0(1119)
[3417.894s][info][gc,heap        ] GC(763) Survivor regions: 109->109(153)
[3417.894s][info][gc,heap        ] GC(763) Old regions: 536->473
[3417.894s][info][gc,heap        ] GC(763) Humongous regions: 80->80
[3417.894s][info][gc,metaspace   ] GC(763) Metaspace: 28894K(29248K)->28894K(29248K) NonClass: 24026K(24192K)->24026K(24192K) Class: 4868K(5056K)->4868K(5056K)
[3417.894s][info][gc             ] GC(763) Pause Young (Mixed) (G1 Evacuation Pause) 3670M->1323M(4096M) 132.415ms
[3417.894s][info][gc,cpu         ] GC(763) User=0.78s Sys=0.00s Real=0.13s
...[3420.972s][info][gc,start       ] GC(764) Pause Young (Concurrent Start) (G1 Evacuation Pause)
[3420.972s][info][gc,task        ] GC(764) Using 6 workers of 6 for evacuation
[3421.091s][info][gc,phases      ] GC(764)   Pre Evacuate Collection Set: 0.38ms
[3421.091s][info][gc,phases      ] GC(764)   Merge Heap Roots: 0.47ms
[3421.091s][info][gc,phases      ] GC(764)   Evacuate Collection Set: 117.33ms
[3421.091s][info][gc,phases      ] GC(764)   Post Evacuate Collection Set: 0.85ms
[3421.091s][info][gc,phases      ] GC(764)   Other: 0.10ms
[3421.091s][info][gc,heap        ] GC(764) Eden regions: 1119->0(1118)
[3421.091s][info][gc,heap        ] GC(764) Survivor regions: 109->110(154)
[3421.091s][info][gc,heap        ] GC(764) Old regions: 473->505
[3421.091s][info][gc,heap        ] GC(764) Humongous regions: 80->80
[3421.091s][info][gc,metaspace   ] GC(764) Metaspace: 28894K(29248K)->28894K(29248K) NonClass: 24026K(24192K)->24026K(24192K) Class: 4868K(5056K)->4868K(5056K)
[3421.091s][info][gc             ] GC(764) Pause Young (Concurrent Start) (G1 Evacuation Pause) 3561M->1388M(4096M) 119.260ms
[3421.091s][info][gc             ] GC(765) Concurrent Mark Cycle
[3421.091s][info][gc,marking     ] GC(765) Concurrent Scan Root Regions
[3421.091s][info][gc,cpu         ] GC(764) User=0.70s Sys=0.00s Real=0.12s
.[3421.283s][info][gc,marking     ] GC(765) Concurrent Scan Root Regions 191.815ms
[3421.283s][info][gc,marking     ] GC(765) Concurrent Mark
[3421.283s][info][gc,marking     ] GC(765) Concurrent Mark From Roots
[3421.283s][info][gc,task        ] GC(765) Using 2 workers of 2 for marking
.[3422.118s][info][gc,marking     ] GC(765) Concurrent Mark From Roots 834.980ms
[3422.118s][info][gc,marking     ] GC(765) Concurrent Preclean
[3422.118s][info][gc,marking     ] GC(765) Concurrent Preclean 0.124ms
[3422.119s][info][gc,start       ] GC(765) Pause Remark
[3422.124s][info][gc             ] GC(765) Pause Remark 2180M->2180M(4096M) 4.819ms
[3422.124s][info][gc,cpu         ] GC(765) User=0.02s Sys=0.00s Real=0.00s
[3422.124s][info][gc,marking     ] GC(765) Concurrent Mark 840.604ms
[3422.124s][info][gc,marking     ] GC(765) Concurrent Rebuild Remembered Sets and Scrub Regions
[3422.422s][info][gc,marking     ] GC(765) Concurrent Rebuild Remembered Sets and Scrub Regions 297.806ms
[3422.422s][info][gc,start       ] GC(765) Pause Cleanup
[3422.422s][info][gc             ] GC(765) Pause Cleanup 2400M->2400M(4096M) 0.103ms
[3422.422s][info][gc,cpu         ] GC(765) User=0.00s Sys=0.00s Real=0.00s
[3422.422s][info][gc,marking     ] GC(765) Concurrent Clear Claimed Marks
[3422.422s][info][gc,marking     ] GC(765) Concurrent Clear Claimed Marks 0.021ms
[3422.422s][info][gc,marking     ] GC(765) Concurrent Cleanup for Next Mark
[3422.426s][info][gc,marking     ] GC(765) Concurrent Cleanup for Next Mark 4.498ms
[3422.426s][info][gc             ] GC(765) Concurrent Mark Cycle 1335.266ms
..[3424.154s][info][gc,start       ] GC(766) Pause Young (Prepare Mixed) (G1 Evacuation Pause)
[3424.154s][info][gc,task        ] GC(766) Using 6 workers of 6 for evacuation
[3424.274s][info][gc,phases      ] GC(766)   Pre Evacuate Collection Set: 0.33ms
[3424.274s][info][gc,phases      ] GC(766)   Merge Heap Roots: 0.51ms
[3424.274s][info][gc,phases      ] GC(766)   Evacuate Collection Set: 117.38ms
[3424.274s][info][gc,phases      ] GC(766)   Post Evacuate Collection Set: 0.92ms
[3424.274s][info][gc,phases      ] GC(766)   Other: 0.09ms
[3424.274s][info][gc,heap        ] GC(766) Eden regions: 1118->0(1102)
[3424.274s][info][gc,heap        ] GC(766) Survivor regions: 110->113(154)
[3424.274s][info][gc,heap        ] GC(766) Old regions: 505->537
[3424.274s][info][gc,heap        ] GC(766) Humongous regions: 80->80
[3424.274s][info][gc,metaspace   ] GC(766) Metaspace: 28894K(29248K)->28894K(29248K) NonClass: 24026K(24192K)->24026K(24192K) Class: 4868K(5056K)->4868K(5056K)
[3424.274s][info][gc             ] GC(766) Pause Young (Prepare Mixed) (G1 Evacuation Pause) 3624M->1457M(4096M) 119.367ms
[3424.274s][info][gc,cpu         ] GC(766) User=0.71s Sys=0.00s Real=0.12s
...[3427.300s][info][gc,start       ] GC(767) Pause Young (Mixed) (G1 Evacuation Pause)
[3427.300s][info][gc,task        ] GC(767) Using 6 workers of 6 for evacuation
[3427.429s][info][gc,phases      ] GC(767)   Pre Evacuate Collection Set: 0.38ms
[3427.429s][info][gc,phases      ] GC(767)   Merge Heap Roots: 0.60ms
[3427.429s][info][gc,phases      ] GC(767)   Evacuate Collection Set: 127.03ms
[3427.429s][info][gc,phases      ] GC(767)   Post Evacuate Collection Set: 0.94ms
[3427.429s][info][gc,phases      ] GC(767)   Other: 0.09ms
[3427.429s][info][gc,heap        ] GC(767) Eden regions: 1102->0(1121)
[3427.429s][info][gc,heap        ] GC(767) Survivor regions: 113->107(152)
[3427.429s][info][gc,heap        ] GC(767) Old regions: 537->472
[3427.429s][info][gc,heap        ] GC(767) Humongous regions: 80->80
[3427.429s][info][gc,metaspace   ] GC(767) Metaspace: 28894K(29248K)->28894K(29248K) NonClass: 24026K(24192K)->24026K(24192K) Class: 4868K(5056K)->4868K(5056K)
[3427.429s][info][gc             ] GC(767) Pause Young (Mixed) (G1 Evacuation Pause) 3661M->1317M(4096M) 129.189ms
[3427.429s][info][gc,cpu         ] GC(767) User=0.76s Sys=0.00s Real=0.13s
...[3430.490s][info][gc,start       ] GC(768) Pause Young (Concurrent Start) (G1 Evacuation Pause)
[3430.490s][info][gc,task        ] GC(768) Using 6 workers of 6 for evacuation
[3430.610s][info][gc,phases      ] GC(768)   Pre Evacuate Collection Set: 0.40ms
[3430.610s][info][gc,phases      ] GC(768)   Merge Heap Roots: 0.43ms
[3430.610s][info][gc,phases      ] GC(768)   Evacuate Collection Set: 118.07ms
[3430.610s][info][gc,phases      ] GC(768)   Post Evacuate Collection Set: 0.88ms
[3430.610s][info][gc,phases      ] GC(768)   Other: 0.10ms
[3430.610s][info][gc,heap        ] GC(768) Eden regions: 1121->0(1115)
[3430.610s][info][gc,heap        ] GC(768) Survivor regions: 107->113(154)
[3430.610s][info][gc,heap        ] GC(768) Old regions: 472->504
[3430.610s][info][gc,heap        ] GC(768) Humongous regions: 80->80
[3430.610s][info][gc,metaspace   ] GC(768) Metaspace: 28894K(29248K)->28894K(29248K) NonClass: 24026K(24192K)->24026K(24192K) Class: 4868K(5056K)->4868K(5056K)
[3430.610s][info][gc             ] GC(768) Pause Young (Concurrent Start) (G1 Evacuation Pause) 3559M->1392M(4096M) 120.010ms
[3430.610s][info][gc             ] GC(769) Concurrent Mark Cycle
[3430.610s][info][gc,marking     ] GC(769) Concurrent Scan Root Regions
[3430.610s][info][gc,cpu         ] GC(768) User=0.71s Sys=0.00s Real=0.12s
[3430.801s][info][gc,marking     ] GC(769) Concurrent Scan Root Regions 190.720ms
[3430.801s][info][gc,marking     ] GC(769) Concurrent Mark
[3430.801s][info][gc,marking     ] GC(769) Concurrent Mark From Roots
[3430.801s][info][gc,task        ] GC(769) Using 2 workers of 2 for marking
.[3431.668s][info][gc,marking     ] GC(769) Concurrent Mark From Roots 867.063ms
[3431.668s][info][gc,marking     ] GC(769) Concurrent Preclean
[3431.668s][info][gc,marking     ] GC(769) Concurrent Preclean 0.169ms
[3431.668s][info][gc,start       ] GC(769) Pause Remark
[3431.672s][info][gc             ] GC(769) Pause Remark 2228M->2228M(4096M) 4.220ms
[3431.672s][info][gc,cpu         ] GC(769) User=0.03s Sys=0.00s Real=0.00s
[3431.673s][info][gc,marking     ] GC(769) Concurrent Mark 871.883ms
[3431.673s][info][gc,marking     ] GC(769) Concurrent Rebuild Remembered Sets and Scrub Regions
[3431.998s][info][gc,marking     ] GC(769) Concurrent Rebuild Remembered Sets and Scrub Regions 325.793ms
[3431.999s][info][gc,start       ] GC(769) Pause Cleanup
[3431.999s][info][gc             ] GC(769) Pause Cleanup 2449M->2449M(4096M) 0.105ms
[3431.999s][info][gc,cpu         ] GC(769) User=0.00s Sys=0.00s Real=0.00s
[3431.999s][info][gc,marking     ] GC(769) Concurrent Clear Claimed Marks
[3431.999s][info][gc,marking     ] GC(769) Concurrent Clear Claimed Marks 0.031ms
[3431.999s][info][gc,marking     ] GC(769) Concurrent Cleanup for Next Mark
[3432.004s][info][gc,marking     ] GC(769) Concurrent Cleanup for Next Mark 5.104ms
[3432.004s][info][gc             ] GC(769) Concurrent Mark Cycle 1394.200ms
..[3433.632s][info][gc,start       ] GC(770) Pause Young (Prepare Mixed) (G1 Evacuation Pause)
[3433.632s][info][gc,task        ] GC(770) Using 6 workers of 6 for evacuation
[3433.751s][info][gc,phases      ] GC(770)   Pre Evacuate Collection Set: 0.34ms
[3433.751s][info][gc,phases      ] GC(770)   Merge Heap Roots: 0.52ms
[3433.751s][info][gc,phases      ] GC(770)   Evacuate Collection Set: 116.93ms
[3433.751s][info][gc,phases      ] GC(770)   Post Evacuate Collection Set: 0.93ms
[3433.751s][info][gc,phases      ] GC(770)   Other: 0.10ms
[3433.751s][info][gc,heap        ] GC(770) Eden regions: 1115->0(1107)
[3433.751s][info][gc,heap        ] GC(770) Survivor regions: 113->111(154)
[3433.751s][info][gc,heap        ] GC(770) Old regions: 504->536
[3433.751s][info][gc,heap        ] GC(770) Humongous regions: 80->80
[3433.751s][info][gc,metaspace   ] GC(770) Metaspace: 28894K(29248K)->28894K(29248K) NonClass: 24026K(24192K)->24026K(24192K) Class: 4868K(5056K)->4868K(5056K)
[3433.751s][info][gc             ] GC(770) Pause Young (Prepare Mixed) (G1 Evacuation Pause) 3622M->1452M(4096M) 118.973ms
[3433.751s][info][gc,cpu         ] GC(770) User=0.71s Sys=0.01s Real=0.12s
...[3436.777s][info][gc,start       ] GC(771) Pause Young (Mixed) (G1 Evacuation Pause)
[3436.777s][info][gc,task        ] GC(771) Using 6 workers of 6 for evacuation
[3436.910s][info][gc,phases      ] GC(771)   Pre Evacuate Collection Set: 0.36ms
[3436.910s][info][gc,phases      ] GC(771)   Merge Heap Roots: 0.71ms
[3436.910s][info][gc,phases      ] GC(771)   Evacuate Collection Set: 131.09ms
[3436.910s][info][gc,phases      ] GC(771)   Post Evacuate Collection Set: 0.93ms
[3436.910s][info][gc,phases      ] GC(771)   Other: 0.09ms
[3436.910s][info][gc,heap        ] GC(771) Eden regions: 1107->0(1119)
[3436.910s][info][gc,heap        ] GC(771) Survivor regions: 111->109(153)
[3436.910s][info][gc,heap        ] GC(771) Old regions: 536->474
[3436.910s][info][gc,heap        ] GC(771) Humongous regions: 80->80
[3436.910s][info][gc,metaspace   ] GC(771) Metaspace: 28894K(29248K)->28894K(29248K) NonClass: 24026K(24192K)->24026K(24192K) Class: 4868K(5056K)->4868K(5056K)
[3436.910s][info][gc             ] GC(771) Pause Young (Mixed) (G1 Evacuation Pause) 3666M->1324M(4096M) 133.321ms
[3436.910s][info][gc,cpu         ] GC(771) User=0.78s Sys=0.00s Real=0.14s
...[3440.008s][info][gc,start       ] GC(772) Pause Young (Concurrent Start) (G1 Evacuation Pause)
[3440.008s][info][gc,task        ] GC(772) Using 6 workers of 6 for evacuation
[3440.127s][info][gc,phases      ] GC(772)   Pre Evacuate Collection Set: 0.38ms
[3440.127s][info][gc,phases      ] GC(772)   Merge Heap Roots: 0.44ms
[3440.127s][info][gc,phases      ] GC(772)   Evacuate Collection Set: 117.30ms
[3440.127s][info][gc,phases      ] GC(772)   Post Evacuate Collection Set: 0.90ms
[3440.127s][info][gc,phases      ] GC(772)   Other: 0.12ms
[3440.127s][info][gc,heap        ] GC(772) Eden regions: 1119->0(1116)
[3440.127s][info][gc,heap        ] GC(772) Survivor regions: 109->112(154)
[3440.127s][info][gc,heap        ] GC(772) Old regions: 474->506
[3440.127s][info][gc,heap        ] GC(772) Humongous regions: 80->80
[3440.127s][info][gc,metaspace   ] GC(772) Metaspace: 28894K(29248K)->28894K(29248K) NonClass: 24026K(24192K)->24026K(24192K) Class: 4868K(5056K)->4868K(5056K)
[3440.127s][info][gc             ] GC(772) Pause Young (Concurrent Start) (G1 Evacuation Pause) 3562M->1394M(4096M) 119.296ms
[3440.128s][info][gc             ] GC(773) Concurrent Mark Cycle
[3440.128s][info][gc,marking     ] GC(773) Concurrent Scan Root Regions
[3440.128s][info][gc,cpu         ] GC(772) User=0.71s Sys=0.00s Real=0.11s
.[3440.341s][info][gc,marking     ] GC(773) Concurrent Scan Root Regions 213.324ms
[3440.341s][info][gc,marking     ] GC(773) Concurrent Mark
[3440.341s][info][gc,marking     ] GC(773) Concurrent Mark From Roots
[3440.341s][info][gc,task        ] GC(773) Using 2 workers of 2 for marking
.[3441.306s][info][gc,marking     ] GC(773) Concurrent Mark From Roots 965.442ms
[3441.306s][info][gc,marking     ] GC(773) Concurrent Preclean
[3441.307s][info][gc,marking     ] GC(773) Concurrent Preclean 0.090ms
[3441.307s][info][gc,start       ] GC(773) Pause Remark
[3441.313s][info][gc             ] GC(773) Pause Remark 2359M->2359M(4096M) 6.667ms
[3441.313s][info][gc,cpu         ] GC(773) User=0.03s Sys=0.00s Real=0.01s
[3441.313s][info][gc,marking     ] GC(773) Concurrent Mark 972.444ms
[3441.313s][info][gc,marking     ] GC(773) Concurrent Rebuild Remembered Sets and Scrub Regions
[3441.562s][info][gc,marking     ] GC(773) Concurrent Rebuild Remembered Sets and Scrub Regions 248.665ms
[3441.562s][info][gc,start       ] GC(773) Pause Cleanup
[3441.563s][info][gc             ] GC(773) Pause Cleanup 2527M->2527M(4096M) 0.113ms
[3441.563s][info][gc,cpu         ] GC(773) User=0.00s Sys=0.00s Real=0.00s
[3441.563s][info][gc,marking     ] GC(773) Concurrent Clear Claimed Marks
[3441.563s][info][gc,marking     ] GC(773) Concurrent Clear Claimed Marks 0.029ms
[3441.563s][info][gc,marking     ] GC(773) Concurrent Cleanup for Next Mark
[3441.573s][info][gc,marking     ] GC(773) Concurrent Cleanup for Next Mark 10.121ms
[3441.573s][info][gc             ] GC(773) Concurrent Mark Cycle 1445.431ms
..[3443.205s][info][gc,start       ] GC(774) Pause Young (Prepare Mixed) (G1 Evacuation Pause)
[3443.205s][info][gc,task        ] GC(774) Using 6 workers of 6 for evacuation
[3443.326s][info][gc,phases      ] GC(774)   Pre Evacuate Collection Set: 0.36ms
[3443.326s][info][gc,phases      ] GC(774)   Merge Heap Roots: 0.48ms
[3443.326s][info][gc,phases      ] GC(774)   Evacuate Collection Set: 119.03ms
[3443.326s][info][gc,phases      ] GC(774)   Post Evacuate Collection Set: 0.92ms
[3443.326s][info][gc,phases      ] GC(774)   Other: 0.08ms
[3443.326s][info][gc,heap        ] GC(774) Eden regions: 1116->0(1098)
[3443.326s][info][gc,heap        ] GC(774) Survivor regions: 112->115(154)
[3443.326s][info][gc,heap        ] GC(774) Old regions: 506->537
[3443.326s][info][gc,heap        ] GC(774) Humongous regions: 80->80
[3443.326s][info][gc,metaspace   ] GC(774) Metaspace: 28894K(29248K)->28894K(29248K) NonClass: 24026K(24192K)->24026K(24192K) Class: 4868K(5056K)->4868K(5056K)
[3443.326s][info][gc             ] GC(774) Pause Young (Prepare Mixed) (G1 Evacuation Pause) 3626M->1462M(4096M) 120.990ms
[3443.326s][info][gc,cpu         ] GC(774) User=0.72s Sys=0.00s Real=0.12s
...[3446.242s][info][gc,start       ] GC(775) Pause Young (Mixed) (G1 Evacuation Pause)
[3446.242s][info][gc,task        ] GC(775) Using 6 workers of 6 for evacuation
[3446.372s][info][gc,phases      ] GC(775)   Pre Evacuate Collection Set: 0.38ms
[3446.372s][info][gc,phases      ] GC(775)   Merge Heap Roots: 0.64ms
[3446.372s][info][gc,phases      ] GC(775)   Evacuate Collection Set: 128.23ms
[3446.372s][info][gc,phases      ] GC(775)   Post Evacuate Collection Set: 0.94ms
[3446.372s][info][gc,phases      ] GC(775)   Other: 0.08ms
[3446.372s][info][gc,heap        ] GC(775) Eden regions: 1098->0(1121)
[3446.372s][info][gc,heap        ] GC(775) Survivor regions: 115->107(152)
[3446.372s][info][gc,heap        ] GC(775) Old regions: 537->473
[3446.372s][info][gc,heap        ] GC(775) Humongous regions: 80->80
[3446.372s][info][gc,metaspace   ] GC(775) Metaspace: 28894K(29248K)->28894K(29248K) NonClass: 24026K(24192K)->24026K(24192K) Class: 4868K(5056K)->4868K(5056K)
[3446.372s][info][gc             ] GC(775) Pause Young (Mixed) (G1 Evacuation Pause) 3658M->1319M(4096M) 130.413ms
[3446.372s][info][gc,cpu         ] GC(775) User=0.77s Sys=0.00s Real=0.13s
...[3449.405s][info][gc,start       ] GC(776) Pause Young (Concurrent Start) (G1 Evacuation Pause)
[3449.405s][info][gc,task        ] GC(776) Using 6 workers of 6 for evacuation
[3449.521s][info][gc,phases      ] GC(776)   Pre Evacuate Collection Set: 0.36ms
[3449.521s][info][gc,phases      ] GC(776)   Merge Heap Roots: 0.45ms
[3449.521s][info][gc,phases      ] GC(776)   Evacuate Collection Set: 114.42ms
[3449.521s][info][gc,phases      ] GC(776)   Post Evacuate Collection Set: 0.88ms
[3449.521s][info][gc,phases      ] GC(776)   Other: 0.11ms
[3449.521s][info][gc,heap        ] GC(776) Eden regions: 1121->0(1120)
[3449.521s][info][gc,heap        ] GC(776) Survivor regions: 107->108(154)
[3449.521s][info][gc,heap        ] GC(776) Old regions: 473->505
[3449.521s][info][gc,heap        ] GC(776) Humongous regions: 80->80
[3449.521s][info][gc,metaspace   ] GC(776) Metaspace: 28894K(29248K)->28894K(29248K) NonClass: 24026K(24192K)->24026K(24192K) Class: 4868K(5056K)->4868K(5056K)
[3449.521s][info][gc             ] GC(776) Pause Young (Concurrent Start) (G1 Evacuation Pause) 3561M->1385M(4096M) 116.360ms
[3449.521s][info][gc             ] GC(777) Concurrent Mark Cycle
[3449.521s][info][gc,marking     ] GC(777) Concurrent Scan Root Regions
[3449.521s][info][gc,cpu         ] GC(776) User=0.68s Sys=0.00s Real=0.12s
[3449.668s][info][gc,marking     ] GC(777) Concurrent Scan Root Regions 146.907ms
[3449.668s][info][gc,marking     ] GC(777) Concurrent Mark
[3449.668s][info][gc,marking     ] GC(777) Concurrent Mark From Roots
[3449.668s][info][gc,task        ] GC(777) Using 2 workers of 2 for marking
.[3450.374s][info][gc,marking     ] GC(777) Concurrent Mark From Roots 706.277ms
[3450.374s][info][gc,marking     ] GC(777) Concurrent Preclean
[3450.375s][info][gc,marking     ] GC(777) Concurrent Preclean 0.075ms
[3450.375s][info][gc,start       ] GC(777) Pause Remark
[3450.379s][info][gc             ] GC(777) Pause Remark 2038M->2038M(4096M) 4.420ms
[3450.379s][info][gc,cpu         ] GC(777) User=0.03s Sys=0.00s Real=0.01s
[3450.379s][info][gc,marking     ] GC(777) Concurrent Mark 711.018ms
[3450.379s][info][gc,marking     ] GC(777) Concurrent Rebuild Remembered Sets and Scrub Regions
[3450.631s][info][gc,marking     ] GC(777) Concurrent Rebuild Remembered Sets and Scrub Regions 251.528ms
[3450.631s][info][gc,start       ] GC(777) Pause Cleanup
[3450.631s][info][gc             ] GC(777) Pause Cleanup 2218M->2218M(4096M) 0.101ms
[3450.631s][info][gc,cpu         ] GC(777) User=0.00s Sys=0.00s Real=0.00s
[3450.631s][info][gc,marking     ] GC(777) Concurrent Clear Claimed Marks
[3450.631s][info][gc,marking     ] GC(777) Concurrent Clear Claimed Marks 0.020ms
[3450.631s][info][gc,marking     ] GC(777) Concurrent Cleanup for Next Mark
[3450.634s][info][gc,marking     ] GC(777) Concurrent Cleanup for Next Mark 3.256ms
[3450.634s][info][gc             ] GC(777) Concurrent Mark Cycle 1113.138ms
..[3452.655s][info][gc,start       ] GC(778) Pause Young (Prepare Mixed) (G1 Evacuation Pause)
[3452.655s][info][gc,task        ] GC(778) Using 6 workers of 6 for evacuation
[3452.773s][info][gc,phases      ] GC(778)   Pre Evacuate Collection Set: 0.32ms
[3452.773s][info][gc,phases      ] GC(778)   Merge Heap Roots: 0.52ms
[3452.773s][info][gc,phases      ] GC(778)   Evacuate Collection Set: 115.93ms
[3452.773s][info][gc,phases      ] GC(778)   Post Evacuate Collection Set: 0.92ms
[3452.773s][info][gc,phases      ] GC(778)   Other: 0.09ms
[3452.773s][info][gc,heap        ] GC(778) Eden regions: 1120->0(1108)
[3452.773s][info][gc,heap        ] GC(778) Survivor regions: 108->111(154)
[3452.773s][info][gc,heap        ] GC(778) Old regions: 505->535
[3452.773s][info][gc,heap        ] GC(778) Humongous regions: 80->80
[3452.773s][info][gc,metaspace   ] GC(778) Metaspace: 28894K(29248K)->28894K(29248K) NonClass: 24026K(24192K)->24026K(24192K) Class: 4868K(5056K)->4868K(5056K)
[3452.773s][info][gc             ] GC(778) Pause Young (Prepare Mixed) (G1 Evacuation Pause) 3625M->1451M(4096M) 117.921ms
[3452.773s][info][gc,cpu         ] GC(778) User=0.70s Sys=0.00s Real=0.12s
...[3455.734s][info][gc,start       ] GC(779) Pause Young (Mixed) (G1 Evacuation Pause)
[3455.734s][info][gc,task        ] GC(779) Using 6 workers of 6 for evacuation
[3455.871s][info][gc,phases      ] GC(779)   Pre Evacuate Collection Set: 0.37ms
[3455.871s][info][gc,phases      ] GC(779)   Merge Heap Roots: 0.64ms
[3455.871s][info][gc,phases      ] GC(779)   Evacuate Collection Set: 134.41ms
[3455.871s][info][gc,phases      ] GC(779)   Post Evacuate Collection Set: 0.95ms
[3455.871s][info][gc,phases      ] GC(779)   Other: 0.08ms
[3455.871s][info][gc,heap        ] GC(779) Eden regions: 1108->0(1117)
[3455.871s][info][gc,heap        ] GC(779) Survivor regions: 111->111(153)
[3455.871s][info][gc,heap        ] GC(779) Old regions: 535->473
[3455.871s][info][gc,heap        ] GC(779) Humongous regions: 80->80
[3455.871s][info][gc,metaspace   ] GC(779) Metaspace: 28894K(29248K)->28894K(29248K) NonClass: 24026K(24192K)->24026K(24192K) Class: 4868K(5056K)->4868K(5056K)
[3455.871s][info][gc             ] GC(779) Pause Young (Mixed) (G1 Evacuation Pause) 3667M->1325M(4096M) 136.613ms
[3455.871s][info][gc,cpu         ] GC(779) User=0.81s Sys=0.00s Real=0.14s
...[3458.900s][info][gc,start       ] GC(780) Pause Young (Concurrent Start) (G1 Evacuation Pause)
[3458.900s][info][gc,task        ] GC(780) Using 6 workers of 6 for evacuation
[3459.018s][info][gc,phases      ] GC(780)   Pre Evacuate Collection Set: 0.39ms
[3459.018s][info][gc,phases      ] GC(780)   Merge Heap Roots: 0.45ms
[3459.018s][info][gc,phases      ] GC(780)   Evacuate Collection Set: 115.92ms
[3459.018s][info][gc,phases      ] GC(780)   Post Evacuate Collection Set: 0.89ms
[3459.018s][info][gc,phases      ] GC(780)   Other: 0.13ms
[3459.018s][info][gc,heap        ] GC(780) Eden regions: 1117->0(1119)
[3459.018s][info][gc,heap        ] GC(780) Survivor regions: 111->109(154)
[3459.018s][info][gc,heap        ] GC(780) Old regions: 473->506
[3459.018s][info][gc,heap        ] GC(780) Humongous regions: 80->80
[3459.018s][info][gc,metaspace   ] GC(780) Metaspace: 28894K(29248K)->28894K(29248K) NonClass: 24026K(24192K)->24026K(24192K) Class: 4868K(5056K)->4868K(5056K)
[3459.018s][info][gc             ] GC(780) Pause Young (Concurrent Start) (G1 Evacuation Pause) 3559M->1387M(4096M) 117.907ms
[3459.018s][info][gc             ] GC(781) Concurrent Mark Cycle
[3459.018s][info][gc,marking     ] GC(781) Concurrent Scan Root Regions
[3459.018s][info][gc,cpu         ] GC(780) User=0.69s Sys=0.01s Real=0.12s
.[3459.222s][info][gc,marking     ] GC(781) Concurrent Scan Root Regions 204.375ms
[3459.222s][info][gc,marking     ] GC(781) Concurrent Mark
[3459.222s][info][gc,marking     ] GC(781) Concurrent Mark From Roots
[3459.222s][info][gc,task        ] GC(781) Using 2 workers of 2 for marking
[3460.036s][info][gc,marking     ] GC(781) Concurrent Mark From Roots 813.735ms
[3460.036s][info][gc,marking     ] GC(781) Concurrent Preclean
[3460.036s][info][gc,marking     ] GC(781) Concurrent Preclean 0.094ms
[3460.036s][info][gc,start       ] GC(781) Pause Remark
[3460.042s][info][gc             ] GC(781) Pause Remark 2142M->2142M(4096M) 5.178ms
[3460.042s][info][gc,cpu         ] GC(781) User=0.03s Sys=0.01s Real=0.01s
[3460.042s][info][gc,marking     ] GC(781) Concurrent Mark 819.276ms
[3460.042s][info][gc,marking     ] GC(781) Concurrent Rebuild Remembered Sets and Scrub Regions
.[3460.344s][info][gc,marking     ] GC(781) Concurrent Rebuild Remembered Sets and Scrub Regions 302.631ms
[3460.345s][info][gc,start       ] GC(781) Pause Cleanup
[3460.345s][info][gc             ] GC(781) Pause Cleanup 2378M->2378M(4096M) 0.099ms
[3460.345s][info][gc,cpu         ] GC(781) User=0.00s Sys=0.00s Real=0.00s
[3460.345s][info][gc,marking     ] GC(781) Concurrent Clear Claimed Marks
[3460.345s][info][gc,marking     ] GC(781) Concurrent Clear Claimed Marks 0.022ms
[3460.345s][info][gc,marking     ] GC(781) Concurrent Cleanup for Next Mark
[3460.348s][info][gc,marking     ] GC(781) Concurrent Cleanup for Next Mark 3.778ms
[3460.349s][info][gc             ] GC(781) Concurrent Mark Cycle 1330.517ms
.[3462.098s][info][gc,start       ] GC(782) Pause Young (Prepare Mixed) (G1 Evacuation Pause)
[3462.098s][info][gc,task        ] GC(782) Using 6 workers of 6 for evacuation
[3462.216s][info][gc,phases      ] GC(782)   Pre Evacuate Collection Set: 0.35ms
[3462.216s][info][gc,phases      ] GC(782)   Merge Heap Roots: 0.49ms
[3462.216s][info][gc,phases      ] GC(782)   Evacuate Collection Set: 115.80ms
[3462.216s][info][gc,phases      ] GC(782)   Post Evacuate Collection Set: 0.90ms
[3462.216s][info][gc,phases      ] GC(782)   Other: 0.08ms
[3462.216s][info][gc,heap        ] GC(782) Eden regions: 1119->0(1106)
[3462.216s][info][gc,heap        ] GC(782) Survivor regions: 109->111(154)
[3462.216s][info][gc,heap        ] GC(782) Old regions: 506->537
[3462.216s][info][gc,heap        ] GC(782) Humongous regions: 80->80
[3462.216s][info][gc,metaspace   ] GC(782) Metaspace: 28894K(29248K)->28894K(29248K) NonClass: 24026K(24192K)->24026K(24192K) Class: 4868K(5056K)->4868K(5056K)
[3462.216s][info][gc             ] GC(782) Pause Young (Prepare Mixed) (G1 Evacuation Pause) 3625M->1454M(4096M) 117.760ms
[3462.216s][info][gc,cpu         ] GC(782) User=0.69s Sys=0.00s Real=0.11s
. (rIR:aIR:PR = 5950:5940:5940) (tPR = 88116) [OK] 
  3462s: Performance info:
         Transaction,    Success,    Partial,     Failed,   Receipts, AvgBarcode, 
             Overall,     357843,          0,          0,     339946,      59.48, 
         Response times:
             Request,    Success,    Partial,     Failed,   SkipFail,     Probes,    Samples,      min,      p50,      p90,      p95,      p99,      max, 
       TotalPurchase,     339946,          0,          0,          0,     334193,     368979,      300,     4900,    15800,    41000,    99000,   269000,
     InStorePurchase,     178930,          0,          0,          0,     176321,     194161,      300,     4800,    15500,    40000,    98000,   269000,
      OnlinePurchase,     125231,          0,          0,          0,     123104,     136204,      300,     5000,    15900,    41000,   100000,   268000,
        InstPurchase,      35785,          0,          0,          0,      34768,      38614,      400,     5200,    16900,    43000,   102000,   211000,
          AssocOfCat,        358,          0,          0,          0,        293,        402,    26000,    36500,    76000,   102000,   185730,   206000,
      AssocOfProduct,       3577,          0,          0,          0,       3335,       3943,      400,     4700,    15020,    38800,    93000,   211000,
      BusinessReport,        898,          0,          0,          0,        767,        954,    26000,    38000,    70000,    97250,   170900,   270000,
          CustBuyBeh,       3580,          0,          0,          0,       3296,       3863,      300,     5600,    17400,    43000,   102360,   137000,
       ProductReturn,       9482,          0,          0,          0,       8974,      10175,      300,     5000,    15500,    42000,   100000,   226000,

  3462s: (44%)   IR =   6088 ..[3465.250s][info][gc,start       ] GC(783) Pause Young (Mixed) (G1 Evacuation Pause)
[3465.250s][info][gc,task        ] GC(783) Using 6 workers of 6 for evacuation
[3465.382s][info][gc,phases      ] GC(783)   Pre Evacuate Collection Set: 0.40ms
[3465.382s][info][gc,phases      ] GC(783)   Merge Heap Roots: 0.72ms
[3465.382s][info][gc,phases      ] GC(783)   Evacuate Collection Set: 129.08ms
[3465.382s][info][gc,phases      ] GC(783)   Post Evacuate Collection Set: 0.96ms
[3465.382s][info][gc,phases      ] GC(783)   Other: 0.87ms
[3465.382s][info][gc,heap        ] GC(783) Eden regions: 1106->0(1120)
[3465.382s][info][gc,heap        ] GC(783) Survivor regions: 111->108(153)
[3465.382s][info][gc,heap        ] GC(783) Old regions: 537->474
[3465.382s][info][gc,heap        ] GC(783) Humongous regions: 80->80
[3465.382s][info][gc,metaspace   ] GC(783) Metaspace: 28894K(29248K)->28894K(29248K) NonClass: 24026K(24192K)->24026K(24192K) Class: 4868K(5056K)->4868K(5056K)
[3465.382s][info][gc             ] GC(783) Pause Young (Mixed) (G1 Evacuation Pause) 3666M->1323M(4096M) 132.160ms
[3465.382s][info][gc,cpu         ] GC(783) User=0.78s Sys=0.00s Real=0.13s
...[3468.325s][info][gc,start       ] GC(784) Pause Young (Concurrent Start) (G1 Evacuation Pause)
[3468.325s][info][gc,task        ] GC(784) Using 6 workers of 6 for evacuation
[3468.439s][info][gc,phases      ] GC(784)   Pre Evacuate Collection Set: 0.39ms
[3468.439s][info][gc,phases      ] GC(784)   Merge Heap Roots: 0.44ms
[3468.439s][info][gc,phases      ] GC(784)   Evacuate Collection Set: 112.47ms
[3468.439s][info][gc,phases      ] GC(784)   Post Evacuate Collection Set: 0.87ms
[3468.439s][info][gc,phases      ] GC(784)   Other: 0.10ms
[3468.439s][info][gc,heap        ] GC(784) Eden regions: 1120->0(1121)
[3468.439s][info][gc,heap        ] GC(784) Survivor regions: 108->107(154)
[3468.439s][info][gc,heap        ] GC(784) Old regions: 474->506
[3468.439s][info][gc,heap        ] GC(784) Humongous regions: 80->80
[3468.439s][info][gc,metaspace   ] GC(784) Metaspace: 28894K(29248K)->28894K(29248K) NonClass: 24026K(24192K)->24026K(24192K) Class: 4868K(5056K)->4868K(5056K)
[3468.439s][info][gc             ] GC(784) Pause Young (Concurrent Start) (G1 Evacuation Pause) 3563M->1385M(4096M) 114.428ms
[3468.439s][info][gc             ] GC(785) Concurrent Mark Cycle
[3468.439s][info][gc,marking     ] GC(785) Concurrent Scan Root Regions
[3468.439s][info][gc,cpu         ] GC(784) User=0.67s Sys=0.00s Real=0.12s
.[3468.627s][info][gc,marking     ] GC(785) Concurrent Scan Root Regions 187.614ms
[3468.627s][info][gc,marking     ] GC(785) Concurrent Mark
[3468.627s][info][gc,marking     ] GC(785) Concurrent Mark From Roots
[3468.627s][info][gc,task        ] GC(785) Using 2 workers of 2 for marking
.[3469.476s][info][gc,marking     ] GC(785) Concurrent Mark From Roots 849.206ms
[3469.476s][info][gc,marking     ] GC(785) Concurrent Preclean
[3469.477s][info][gc,marking     ] GC(785) Concurrent Preclean 0.145ms
[3469.477s][info][gc,start       ] GC(785) Pause Remark
[3469.482s][info][gc             ] GC(785) Pause Remark 2193M->2193M(4096M) 4.965ms
[3469.482s][info][gc,cpu         ] GC(785) User=0.03s Sys=0.00s Real=0.01s
[3469.482s][info][gc,marking     ] GC(785) Concurrent Mark 854.743ms
[3469.482s][info][gc,marking     ] GC(785) Concurrent Rebuild Remembered Sets and Scrub Regions
[3469.827s][info][gc,marking     ] GC(785) Concurrent Rebuild Remembered Sets and Scrub Regions 345.543ms
[3469.828s][info][gc,start       ] GC(785) Pause Cleanup
[3469.828s][info][gc             ] GC(785) Pause Cleanup 2461M->2461M(4096M) 0.109ms
[3469.828s][info][gc,cpu         ] GC(785) User=0.00s Sys=0.00s Real=0.00s
[3469.828s][info][gc,marking     ] GC(785) Concurrent Clear Claimed Marks
[3469.828s][info][gc,marking     ] GC(785) Concurrent Clear Claimed Marks 0.033ms
[3469.828s][info][gc,marking     ] GC(785) Concurrent Cleanup for Next Mark
[3469.834s][info][gc,marking     ] GC(785) Concurrent Cleanup for Next Mark 5.514ms
[3469.834s][info][gc             ] GC(785) Concurrent Mark Cycle 1394.766ms
.[3471.423s][info][gc,start       ] GC(786) Pause Young (Prepare Mixed) (G1 Evacuation Pause)
[3471.423s][info][gc,task        ] GC(786) Using 6 workers of 6 for evacuation
[3471.539s][info][gc,phases      ] GC(786)   Pre Evacuate Collection Set: 0.35ms
[3471.539s][info][gc,phases      ] GC(786)   Merge Heap Roots: 0.48ms
[3471.539s][info][gc,phases      ] GC(786)   Evacuate Collection Set: 115.00ms
[3471.539s][info][gc,phases      ] GC(786)   Post Evacuate Collection Set: 0.94ms
[3471.539s][info][gc,phases      ] GC(786)   Other: 0.09ms
[3471.539s][info][gc,heap        ] GC(786) Eden regions: 1121->0(1107)
[3471.539s][info][gc,heap        ] GC(786) Survivor regions: 107->110(154)
[3471.539s][info][gc,heap        ] GC(786) Old regions: 506->538
[3471.539s][info][gc,heap        ] GC(786) Humongous regions: 80->80
[3471.539s][info][gc,metaspace   ] GC(786) Metaspace: 28894K(29248K)->28894K(29248K) NonClass: 24026K(24192K)->24026K(24192K) Class: 4868K(5056K)->4868K(5056K)
[3471.540s][info][gc             ] GC(786) Pause Young (Prepare Mixed) (G1 Evacuation Pause) 3627M->1454M(4096M) 116.988ms
[3471.540s][info][gc,cpu         ] GC(786) User=0.69s Sys=0.00s Real=0.12s
....|[3474.559s][info][gc,start       ] GC(787) Pause Young (Mixed) (G1 Evacuation Pause)
[3474.559s][info][gc,task        ] GC(787) Using 6 workers of 6 for evacuation
[3474.691s][info][gc,phases      ] GC(787)   Pre Evacuate Collection Set: 0.38ms
[3474.691s][info][gc,phases      ] GC(787)   Merge Heap Roots: 0.65ms
[3474.691s][info][gc,phases      ] GC(787)   Evacuate Collection Set: 129.84ms
[3474.691s][info][gc,phases      ] GC(787)   Post Evacuate Collection Set: 0.95ms
[3474.691s][info][gc,phases      ] GC(787)   Other: 0.09ms
[3474.691s][info][gc,heap        ] GC(787) Eden regions: 1107->0(1119)
[3474.691s][info][gc,heap        ] GC(787) Survivor regions: 110->109(153)
[3474.691s][info][gc,heap        ] GC(787) Old regions: 538->472
[3474.691s][info][gc,heap        ] GC(787) Humongous regions: 80->80
[3474.691s][info][gc,metaspace   ] GC(787) Metaspace: 28894K(29248K)->28894K(29248K) NonClass: 24026K(24192K)->24026K(24192K) Class: 4868K(5056K)->4868K(5056K)
[3474.691s][info][gc             ] GC(787) Pause Young (Mixed) (G1 Evacuation Pause) 3668M->1321M(4096M) 132.059ms
[3474.691s][info][gc,cpu         ] GC(787) User=0.78s Sys=0.00s Real=0.13s
...[3477.649s][info][gc,start       ] GC(788) Pause Young (Concurrent Start) (G1 Evacuation Pause)
[3477.649s][info][gc,task        ] GC(788) Using 6 workers of 6 for evacuation
[3477.767s][info][gc,phases      ] GC(788)   Pre Evacuate Collection Set: 0.36ms
[3477.767s][info][gc,phases      ] GC(788)   Merge Heap Roots: 0.43ms
[3477.767s][info][gc,phases      ] GC(788)   Evacuate Collection Set: 115.60ms
[3477.767s][info][gc,phases      ] GC(788)   Post Evacuate Collection Set: 0.89ms
[3477.767s][info][gc,phases      ] GC(788)   Other: 0.11ms
[3477.767s][info][gc,heap        ] GC(788) Eden regions: 1119->0(1118)
[3477.767s][info][gc,heap        ] GC(788) Survivor regions: 109->110(154)
[3477.767s][info][gc,heap        ] GC(788) Old regions: 472->504
[3477.767s][info][gc,heap        ] GC(788) Humongous regions: 80->80
[3477.767s][info][gc,metaspace   ] GC(788) Metaspace: 28894K(29248K)->28894K(29248K) NonClass: 24026K(24192K)->24026K(24192K) Class: 4868K(5056K)->4868K(5056K)
[3477.767s][info][gc             ] GC(788) Pause Young (Concurrent Start) (G1 Evacuation Pause) 3559M->1385M(4096M) 117.522ms
[3477.767s][info][gc             ] GC(789) Concurrent Mark Cycle
[3477.767s][info][gc,marking     ] GC(789) Concurrent Scan Root Regions
[3477.767s][info][gc,cpu         ] GC(788) User=0.69s Sys=0.00s Real=0.11s
[3477.997s][info][gc,marking     ] GC(789) Concurrent Scan Root Regions 230.138ms
[3477.997s][info][gc,marking     ] GC(789) Concurrent Mark
[3477.997s][info][gc,marking     ] GC(789) Concurrent Mark From Roots
[3477.997s][info][gc,task        ] GC(789) Using 2 workers of 2 for marking
.[3478.703s][info][gc,marking     ] GC(789) Concurrent Mark From Roots 706.025ms
[3478.703s][info][gc,marking     ] GC(789) Concurrent Preclean
[3478.703s][info][gc,marking     ] GC(789) Concurrent Preclean 0.111ms
[3478.704s][info][gc,start       ] GC(789) Pause Remark
[3478.708s][info][gc             ] GC(789) Pause Remark 2145M->2145M(4096M) 4.548ms
[3478.708s][info][gc,cpu         ] GC(789) User=0.02s Sys=0.00s Real=0.01s
[3478.709s][info][gc,marking     ] GC(789) Concurrent Mark 711.731ms
[3478.709s][info][gc,marking     ] GC(789) Concurrent Rebuild Remembered Sets and Scrub Regions
[3479.014s][info][gc,marking     ] GC(789) Concurrent Rebuild Remembered Sets and Scrub Regions 304.889ms
[3479.014s][info][gc,start       ] GC(789) Pause Cleanup
[3479.014s][info][gc             ] GC(789) Pause Cleanup 2388M->2388M(4096M) 0.117ms
[3479.015s][info][gc,cpu         ] GC(789) User=0.00s Sys=0.00s Real=0.00s
[3479.015s][info][gc,marking     ] GC(789) Concurrent Clear Claimed Marks
[3479.015s][info][gc,marking     ] GC(789) Concurrent Clear Claimed Marks 0.032ms
[3479.015s][info][gc,marking     ] GC(789) Concurrent Cleanup for Next Mark
[3479.020s][info][gc,marking     ] GC(789) Concurrent Cleanup for Next Mark 5.209ms
[3479.020s][info][gc             ] GC(789) Concurrent Mark Cycle 1253.034ms
..[3480.741s][info][gc,start       ] GC(790) Pause Young (Prepare Mixed) (G1 Evacuation Pause)
[3480.741s][info][gc,task        ] GC(790) Using 6 workers of 6 for evacuation
[3480.858s][info][gc,phases      ] GC(790)   Pre Evacuate Collection Set: 0.37ms
[3480.858s][info][gc,phases      ] GC(790)   Merge Heap Roots: 0.46ms
[3480.858s][info][gc,phases      ] GC(790)   Evacuate Collection Set: 114.90ms
[3480.858s][info][gc,phases      ] GC(790)   Post Evacuate Collection Set: 0.96ms
[3480.858s][info][gc,phases      ] GC(790)   Other: 0.09ms
[3480.858s][info][gc,heap        ] GC(790) Eden regions: 1118->0(1109)
[3480.858s][info][gc,heap        ] GC(790) Survivor regions: 110->110(154)
[3480.858s][info][gc,heap        ] GC(790) Old regions: 504->536
[3480.858s][info][gc,heap        ] GC(790) Humongous regions: 80->80
[3480.858s][info][gc,metaspace   ] GC(790) Metaspace: 28894K(29248K)->28894K(29248K) NonClass: 24026K(24192K)->24026K(24192K) Class: 4868K(5056K)->4868K(5056K)
[3480.858s][info][gc             ] GC(790) Pause Young (Prepare Mixed) (G1 Evacuation Pause) 3621M->1451M(4096M) 116.933ms
[3480.858s][info][gc,cpu         ] GC(790) User=0.69s Sys=0.00s Real=0.12s
...[3483.777s][info][gc,start       ] GC(791) Pause Young (Mixed) (G1 Evacuation Pause)
[3483.777s][info][gc,task        ] GC(791) Using 6 workers of 6 for evacuation
[3483.912s][info][gc,phases      ] GC(791)   Pre Evacuate Collection Set: 0.43ms
[3483.912s][info][gc,phases      ] GC(791)   Merge Heap Roots: 0.70ms
[3483.912s][info][gc,phases      ] GC(791)   Evacuate Collection Set: 132.62ms
[3483.912s][info][gc,phases      ] GC(791)   Post Evacuate Collection Set: 0.98ms
[3483.912s][info][gc,phases      ] GC(791)   Other: 0.09ms
[3483.912s][info][gc,heap        ] GC(791) Eden regions: 1109->0(1119)
[3483.912s][info][gc,heap        ] GC(791) Survivor regions: 110->109(153)
[3483.912s][info][gc,heap        ] GC(791) Old regions: 536->473
[3483.912s][info][gc,heap        ] GC(791) Humongous regions: 80->80
[3483.912s][info][gc,metaspace   ] GC(791) Metaspace: 28894K(29248K)->28894K(29248K) NonClass: 24026K(24192K)->24026K(24192K) Class: 4868K(5056K)->4868K(5056K)
[3483.912s][info][gc             ] GC(791) Pause Young (Mixed) (G1 Evacuation Pause) 3669M->1322M(4096M) 134.945ms
[3483.912s][info][gc,cpu         ] GC(791) User=0.80s Sys=0.00s Real=0.14s
...[3486.913s][info][gc,start       ] GC(792) Pause Young (Concurrent Start) (G1 Evacuation Pause)
[3486.913s][info][gc,task        ] GC(792) Using 6 workers of 6 for evacuation
[3487.032s][info][gc,phases      ] GC(792)   Pre Evacuate Collection Set: 0.42ms
[3487.032s][info][gc,phases      ] GC(792)   Merge Heap Roots: 0.46ms
[3487.032s][info][gc,phases      ] GC(792)   Evacuate Collection Set: 116.38ms
[3487.032s][info][gc,phases      ] GC(792)   Post Evacuate Collection Set: 0.89ms
[3487.032s][info][gc,phases      ] GC(792)   Other: 0.11ms
[3487.032s][info][gc,heap        ] GC(792) Eden regions: 1119->0(1117)
[3487.032s][info][gc,heap        ] GC(792) Survivor regions: 109->111(154)
[3487.032s][info][gc,heap        ] GC(792) Old regions: 473->506
[3487.032s][info][gc,heap        ] GC(792) Humongous regions: 80->80
[3487.032s][info][gc,metaspace   ] GC(792) Metaspace: 28894K(29248K)->28894K(29248K) NonClass: 24026K(24192K)->24026K(24192K) Class: 4868K(5056K)->4868K(5056K)
[3487.032s][info][gc             ] GC(792) Pause Young (Concurrent Start) (G1 Evacuation Pause) 3560M->1392M(4096M) 118.395ms
[3487.032s][info][gc             ] GC(793) Concurrent Mark Cycle
[3487.032s][info][gc,marking     ] GC(793) Concurrent Scan Root Regions
[3487.032s][info][gc,cpu         ] GC(792) User=0.70s Sys=0.00s Real=0.12s
[3487.167s][info][gc,marking     ] GC(793) Concurrent Scan Root Regions 135.003ms
[3487.167s][info][gc,marking     ] GC(793) Concurrent Mark
[3487.167s][info][gc,marking     ] GC(793) Concurrent Mark From Roots
[3487.167s][info][gc,task        ] GC(793) Using 2 workers of 2 for marking
.[3487.722s][info][gc,marking     ] GC(793) Concurrent Mark From Roots 555.487ms
[3487.722s][info][gc,marking     ] GC(793) Concurrent Preclean
[3487.722s][info][gc,marking     ] GC(793) Concurrent Preclean 0.150ms
[3487.724s][info][gc,start       ] GC(793) Pause Remark
[3487.729s][info][gc             ] GC(793) Pause Remark 1918M->1918M(4096M) 4.305ms
[3487.729s][info][gc,cpu         ] GC(793) User=0.03s Sys=0.00s Real=0.01s
[3487.729s][info][gc,marking     ] GC(793) Concurrent Mark 562.131ms
[3487.729s][info][gc,marking     ] GC(793) Concurrent Rebuild Remembered Sets and Scrub Regions
[3487.998s][info][gc,marking     ] GC(793) Concurrent Rebuild Remembered Sets and Scrub Regions 269.454ms
[3487.998s][info][gc,start       ] GC(793) Pause Cleanup
[3487.999s][info][gc             ] GC(793) Pause Cleanup 2152M->2152M(4096M) 0.106ms
[3487.999s][info][gc,cpu         ] GC(793) User=0.00s Sys=0.00s Real=0.00s
[3487.999s][info][gc,marking     ] GC(793) Concurrent Clear Claimed Marks
[3487.999s][info][gc,marking     ] GC(793) Concurrent Clear Claimed Marks 0.022ms
[3487.999s][info][gc,marking     ] GC(793) Concurrent Cleanup for Next Mark
[3488.002s][info][gc,marking     ] GC(793) Concurrent Cleanup for Next Mark 3.371ms
[3488.002s][info][gc             ] GC(793) Concurrent Mark Cycle 970.391ms
..[3490.037s][info][gc,start       ] GC(794) Pause Young (Prepare Mixed) (G1 Evacuation Pause)
[3490.037s][info][gc,task        ] GC(794) Using 6 workers of 6 for evacuation
[3490.156s][info][gc,phases      ] GC(794)   Pre Evacuate Collection Set: 0.35ms
[3490.156s][info][gc,phases      ] GC(794)   Merge Heap Roots: 0.44ms
[3490.156s][info][gc,phases      ] GC(794)   Evacuate Collection Set: 117.77ms
[3490.156s][info][gc,phases      ] GC(794)   Post Evacuate Collection Set: 0.95ms
[3490.156s][info][gc,phases      ] GC(794)   Other: 0.09ms
[3490.156s][info][gc,heap        ] GC(794) Eden regions: 1117->0(1102)
[3490.156s][info][gc,heap        ] GC(794) Survivor regions: 111->113(154)
[3490.156s][info][gc,heap        ] GC(794) Old regions: 506->537
[3490.156s][info][gc,heap        ] GC(794) Humongous regions: 80->80
[3490.156s][info][gc,metaspace   ] GC(794) Metaspace: 28894K(29248K)->28894K(29248K) NonClass: 24026K(24192K)->24026K(24192K) Class: 4868K(5056K)->4868K(5056K)
[3490.156s][info][gc             ] GC(794) Pause Young (Prepare Mixed) (G1 Evacuation Pause) 3626M->1459M(4096M) 119.722ms
[3490.157s][info][gc,cpu         ] GC(794) User=0.71s Sys=0.00s Real=0.12s
...[3493.043s][info][gc,start       ] GC(795) Pause Young (Mixed) (G1 Evacuation Pause)
[3493.043s][info][gc,task        ] GC(795) Using 6 workers of 6 for evacuation
[3493.175s][info][gc,phases      ] GC(795)   Pre Evacuate Collection Set: 0.37ms
[3493.175s][info][gc,phases      ] GC(795)   Merge Heap Roots: 0.61ms
[3493.175s][info][gc,phases      ] GC(795)   Evacuate Collection Set: 129.50ms
[3493.175s][info][gc,phases      ] GC(795)   Post Evacuate Collection Set: 0.94ms
[3493.175s][info][gc,phases      ] GC(795)   Other: 0.09ms
[3493.175s][info][gc,heap        ] GC(795) Eden regions: 1102->0(1118)
[3493.175s][info][gc,heap        ] GC(795) Survivor regions: 113->110(152)
[3493.175s][info][gc,heap        ] GC(795) Old regions: 537->474
[3493.175s][info][gc,heap        ] GC(795) Humongous regions: 80->80
[3493.175s][info][gc,metaspace   ] GC(795) Metaspace: 28894K(29248K)->28894K(29248K) NonClass: 24026K(24192K)->24026K(24192K) Class: 4868K(5056K)->4868K(5056K)
[3493.175s][info][gc             ] GC(795) Pause Young (Mixed) (G1 Evacuation Pause) 3663M->1326M(4096M) 131.643ms
[3493.175s][info][gc,cpu         ] GC(795) User=0.78s Sys=0.00s Real=0.13s
...[3496.191s][info][gc,start       ] GC(796) Pause Young (Concurrent Start) (G1 Evacuation Pause)
[3496.191s][info][gc,task        ] GC(796) Using 6 workers of 6 for evacuation
[3496.309s][info][gc,phases      ] GC(796)   Pre Evacuate Collection Set: 0.39ms
[3496.309s][info][gc,phases      ] GC(796)   Merge Heap Roots: 0.43ms
[3496.309s][info][gc,phases      ] GC(796)   Evacuate Collection Set: 116.29ms
[3496.309s][info][gc,phases      ] GC(796)   Post Evacuate Collection Set: 0.88ms
[3496.309s][info][gc,phases      ] GC(796)   Other: 0.10ms
[3496.309s][info][gc,heap        ] GC(796) Eden regions: 1118->0(1117)
[3496.309s][info][gc,heap        ] GC(796) Survivor regions: 110->111(154)
[3496.309s][info][gc,heap        ] GC(796) Old regions: 474->506
[3496.309s][info][gc,heap        ] GC(796) Humongous regions: 80->80
[3496.309s][info][gc,metaspace   ] GC(796) Metaspace: 28894K(29248K)->28894K(29248K) NonClass: 24026K(24192K)->24026K(24192K) Class: 4868K(5056K)->4868K(5056K)
[3496.309s][info][gc             ] GC(796) Pause Young (Concurrent Start) (G1 Evacuation Pause) 3562M->1393M(4096M) 118.241ms
[3496.309s][info][gc             ] GC(797) Concurrent Mark Cycle
[3496.309s][info][gc,marking     ] GC(797) Concurrent Scan Root Regions
[3496.309s][info][gc,cpu         ] GC(796) User=0.70s Sys=0.00s Real=0.12s
[3496.456s][info][gc,marking     ] GC(797) Concurrent Scan Root Regions 146.284ms
[3496.456s][info][gc,marking     ] GC(797) Concurrent Mark
[3496.456s][info][gc,marking     ] GC(797) Concurrent Mark From Roots
[3496.456s][info][gc,task        ] GC(797) Using 2 workers of 2 for marking
.[3497.139s][info][gc,marking     ] GC(797) Concurrent Mark From Roots 683.188ms
[3497.139s][info][gc,marking     ] GC(797) Concurrent Preclean
[3497.139s][info][gc,marking     ] GC(797) Concurrent Preclean 0.087ms
[3497.139s][info][gc,start       ] GC(797) Pause Remark
[3497.144s][info][gc             ] GC(797) Pause Remark 2010M->2010M(4096M) 5.068ms
[3497.144s][info][gc,cpu         ] GC(797) User=0.03s Sys=0.00s Real=0.00s
[3497.144s][info][gc,marking     ] GC(797) Concurrent Mark 688.673ms
[3497.144s][info][gc,marking     ] GC(797) Concurrent Rebuild Remembered Sets and Scrub Regions
[3497.401s][info][gc,marking     ] GC(797) Concurrent Rebuild Remembered Sets and Scrub Regions 256.686ms
[3497.401s][info][gc,start       ] GC(797) Pause Cleanup
[3497.401s][info][gc             ] GC(797) Pause Cleanup 2213M->2213M(4096M) 0.137ms
[3497.401s][info][gc,cpu         ] GC(797) User=0.00s Sys=0.00s Real=0.00s
[3497.402s][info][gc,marking     ] GC(797) Concurrent Clear Claimed Marks
[3497.402s][info][gc,marking     ] GC(797) Concurrent Clear Claimed Marks 0.029ms
[3497.402s][info][gc,marking     ] GC(797) Concurrent Cleanup for Next Mark
[3497.409s][info][gc,marking     ] GC(797) Concurrent Cleanup for Next Mark 6.628ms
[3497.409s][info][gc             ] GC(797) Concurrent Mark Cycle 1099.656ms
..[3499.241s][info][gc,start       ] GC(798) Pause Young (Prepare Mixed) (G1 Evacuation Pause)
[3499.241s][info][gc,task        ] GC(798) Using 6 workers of 6 for evacuation
[3499.357s][info][gc,phases      ] GC(798)   Pre Evacuate Collection Set: 0.36ms
[3499.357s][info][gc,phases      ] GC(798)   Merge Heap Roots: 0.45ms
[3499.357s][info][gc,phases      ] GC(798)   Evacuate Collection Set: 113.99ms
[3499.357s][info][gc,phases      ] GC(798)   Post Evacuate Collection Set: 0.94ms
[3499.357s][info][gc,phases      ] GC(798)   Other: 0.09ms
[3499.357s][info][gc,heap        ] GC(798) Eden regions: 1117->0(1110)
[3499.357s][info][gc,heap        ] GC(798) Survivor regions: 111->109(154)
[3499.357s][info][gc,heap        ] GC(798) Old regions: 506->537
[3499.357s][info][gc,heap        ] GC(798) Humongous regions: 80->80
[3499.357s][info][gc,metaspace   ] GC(798) Metaspace: 28894K(29248K)->28894K(29248K) NonClass: 24026K(24192K)->24026K(24192K) Class: 4868K(5056K)->4868K(5056K)
[3499.357s][info][gc             ] GC(798) Pause Young (Prepare Mixed) (G1 Evacuation Pause) 3627M->1451M(4096M) 115.970ms
[3499.357s][info][gc,cpu         ] GC(798) User=0.68s Sys=0.00s Real=0.11s
...[3502.403s][info][gc,start       ] GC(799) Pause Young (Mixed) (G1 Evacuation Pause)
[3502.403s][info][gc,task        ] GC(799) Using 6 workers of 6 for evacuation
[3502.537s][info][gc,phases      ] GC(799)   Pre Evacuate Collection Set: 0.34ms
[3502.537s][info][gc,phases      ] GC(799)   Merge Heap Roots: 0.69ms
[3502.537s][info][gc,phases      ] GC(799)   Evacuate Collection Set: 132.23ms
[3502.537s][info][gc,phases      ] GC(799)   Post Evacuate Collection Set: 0.94ms
[3502.537s][info][gc,phases      ] GC(799)   Other: 0.09ms
[3502.537s][info][gc,heap        ] GC(799) Eden regions: 1110->0(1118)
[3502.537s][info][gc,heap        ] GC(799) Survivor regions: 109->110(153)
[3502.537s][info][gc,heap        ] GC(799) Old regions: 537->473
[3502.537s][info][gc,heap        ] GC(799) Humongous regions: 80->80
[3502.537s][info][gc,metaspace   ] GC(799) Metaspace: 28894K(29248K)->28894K(29248K) NonClass: 24026K(24192K)->24026K(24192K) Class: 4868K(5056K)->4868K(5056K)
[3502.537s][info][gc             ] GC(799) Pause Young (Mixed) (G1 Evacuation Pause) 3671M->1324M(4096M) 134.428ms
[3502.537s][info][gc,cpu         ] GC(799) User=0.79s Sys=0.00s Real=0.13s
...[3505.483s][info][gc,start       ] GC(800) Pause Young (Concurrent Start) (G1 Evacuation Pause)
[3505.484s][info][gc,task        ] GC(800) Using 6 workers of 6 for evacuation
[3505.606s][info][gc,phases      ] GC(800)   Pre Evacuate Collection Set: 0.38ms
[3505.606s][info][gc,phases      ] GC(800)   Merge Heap Roots: 0.42ms
[3505.606s][info][gc,phases      ] GC(800)   Evacuate Collection Set: 121.01ms
[3505.606s][info][gc,phases      ] GC(800)   Post Evacuate Collection Set: 0.89ms
[3505.606s][info][gc,phases      ] GC(800)   Other: 0.11ms
[3505.606s][info][gc,heap        ] GC(800) Eden regions: 1118->0(1113)
[3505.606s][info][gc,heap        ] GC(800) Survivor regions: 110->115(154)
[3505.606s][info][gc,heap        ] GC(800) Old regions: 473->504
[3505.606s][info][gc,heap        ] GC(800) Humongous regions: 80->80
[3505.606s][info][gc,metaspace   ] GC(800) Metaspace: 28894K(29248K)->28894K(29248K) NonClass: 24026K(24192K)->24026K(24192K) Class: 4868K(5056K)->4868K(5056K)
[3505.606s][info][gc             ] GC(800) Pause Young (Concurrent Start) (G1 Evacuation Pause) 3560M->1396M(4096M) 122.923ms
[3505.606s][info][gc             ] GC(801) Concurrent Mark Cycle
[3505.606s][info][gc,marking     ] GC(801) Concurrent Scan Root Regions
[3505.606s][info][gc,cpu         ] GC(800) User=0.73s Sys=0.00s Real=0.12s
.[3505.798s][info][gc,marking     ] GC(801) Concurrent Scan Root Regions 191.289ms
[3505.798s][info][gc,marking     ] GC(801) Concurrent Mark
[3505.798s][info][gc,marking     ] GC(801) Concurrent Mark From Roots
[3505.798s][info][gc,task        ] GC(801) Using 2 workers of 2 for marking
[3506.627s][info][gc,marking     ] GC(801) Concurrent Mark From Roots 829.268ms
[3506.627s][info][gc,marking     ] GC(801) Concurrent Preclean
[3506.627s][info][gc,marking     ] GC(801) Concurrent Preclean 0.115ms
[3506.628s][info][gc,start       ] GC(801) Pause Remark
[3506.634s][info][gc             ] GC(801) Pause Remark 2180M->2180M(4096M) 5.667ms
[3506.634s][info][gc,cpu         ] GC(801) User=0.03s Sys=0.00s Real=0.00s
[3506.634s][info][gc,marking     ] GC(801) Concurrent Mark 836.393ms
[3506.634s][info][gc,marking     ] GC(801) Concurrent Rebuild Remembered Sets and Scrub Regions
.[3506.907s][info][gc,marking     ] GC(801) Concurrent Rebuild Remembered Sets and Scrub Regions 272.367ms
[3506.907s][info][gc,start       ] GC(801) Pause Cleanup
[3506.907s][info][gc             ] GC(801) Pause Cleanup 2405M->2405M(4096M) 0.095ms
[3506.907s][info][gc,cpu         ] GC(801) User=0.00s Sys=0.00s Real=0.00s
[3506.907s][info][gc,marking     ] GC(801) Concurrent Clear Claimed Marks
[3506.907s][info][gc,marking     ] GC(801) Concurrent Clear Claimed Marks 0.022ms
[3506.907s][info][gc,marking     ] GC(801) Concurrent Cleanup for Next Mark
[3506.910s][info][gc,marking     ] GC(801) Concurrent Cleanup for Next Mark 3.263ms
[3506.910s][info][gc             ] GC(801) Concurrent Mark Cycle 1303.743ms
.[3508.562s][info][gc,start       ] GC(802) Pause Young (Prepare Mixed) (G1 Evacuation Pause)
[3508.562s][info][gc,task        ] GC(802) Using 6 workers of 6 for evacuation
[3508.677s][info][gc,phases      ] GC(802)   Pre Evacuate Collection Set: 0.35ms
[3508.677s][info][gc,phases      ] GC(802)   Merge Heap Roots: 0.46ms
[3508.677s][info][gc,phases      ] GC(802)   Evacuate Collection Set: 113.35ms
[3508.677s][info][gc,phases      ] GC(802)   Post Evacuate Collection Set: 0.91ms
[3508.677s][info][gc,phases      ] GC(802)   Other: 0.08ms
[3508.677s][info][gc,heap        ] GC(802) Eden regions: 1113->0(1113)
[3508.677s][info][gc,heap        ] GC(802) Survivor regions: 115->108(154)
[3508.677s][info][gc,heap        ] GC(802) Old regions: 504->536
[3508.677s][info][gc,heap        ] GC(802) Humongous regions: 80->80
[3508.677s][info][gc,metaspace   ] GC(802) Metaspace: 28894K(29248K)->28894K(29248K) NonClass: 24026K(24192K)->24026K(24192K) Class: 4868K(5056K)->4868K(5056K)
[3508.677s][info][gc             ] GC(802) Pause Young (Prepare Mixed) (G1 Evacuation Pause) 3622M->1446M(4096M) 115.288ms
[3508.677s][info][gc,cpu         ] GC(802) User=0.69s Sys=0.00s Real=0.11s
...[3511.649s][info][gc,start       ] GC(803) Pause Young (Mixed) (G1 Evacuation Pause)
[3511.649s][info][gc,task        ] GC(803) Using 6 workers of 6 for evacuation
[3511.785s][info][gc,phases      ] GC(803)   Pre Evacuate Collection Set: 0.36ms
[3511.785s][info][gc,phases      ] GC(803)   Merge Heap Roots: 0.65ms
[3511.785s][info][gc,phases      ] GC(803)   Evacuate Collection Set: 133.38ms
[3511.785s][info][gc,phases      ] GC(803)   Post Evacuate Collection Set: 0.96ms
[3511.785s][info][gc,phases      ] GC(803)   Other: 0.08ms
[3511.785s][info][gc,heap        ] GC(803) Eden regions: 1113->0(1116)
[3511.785s][info][gc,heap        ] GC(803) Survivor regions: 108->112(153)
[3511.785s][info][gc,heap        ] GC(803) Old regions: 536->472
[3511.785s][info][gc,heap        ] GC(803) Humongous regions: 80->80
[3511.785s][info][gc,metaspace   ] GC(803) Metaspace: 28894K(29248K)->28894K(29248K) NonClass: 24026K(24192K)->24026K(24192K) Class: 4868K(5056K)->4868K(5056K)
[3511.785s][info][gc             ] GC(803) Pause Young (Mixed) (G1 Evacuation Pause) 3672M->1326M(4096M) 135.564ms
[3511.785s][info][gc,cpu         ] GC(803) User=0.80s Sys=0.00s Real=0.13s
...[3514.716s][info][gc,start       ] GC(804) Pause Young (Concurrent Start) (G1 Evacuation Pause)
[3514.716s][info][gc,task        ] GC(804) Using 6 workers of 6 for evacuation
[3514.832s][info][gc,phases      ] GC(804)   Pre Evacuate Collection Set: 0.39ms
[3514.832s][info][gc,phases      ] GC(804)   Merge Heap Roots: 0.44ms
[3514.832s][info][gc,phases      ] GC(804)   Evacuate Collection Set: 114.13ms
[3514.832s][info][gc,phases      ] GC(804)   Post Evacuate Collection Set: 0.88ms
[3514.832s][info][gc,phases      ] GC(804)   Other: 0.12ms
[3514.832s][info][gc,heap        ] GC(804) Eden regions: 1116->0(1119)
[3514.832s][info][gc,heap        ] GC(804) Survivor regions: 112->109(154)
[3514.832s][info][gc,heap        ] GC(804) Old regions: 472->504
[3514.832s][info][gc,heap        ] GC(804) Humongous regions: 80->80
[3514.832s][info][gc,metaspace   ] GC(804) Metaspace: 28894K(29248K)->28894K(29248K) NonClass: 24026K(24192K)->24026K(24192K) Class: 4868K(5056K)->4868K(5056K)
[3514.833s][info][gc             ] GC(804) Pause Young (Concurrent Start) (G1 Evacuation Pause) 3558M->1384M(4096M) 116.100ms
[3514.833s][info][gc             ] GC(805) Concurrent Mark Cycle
[3514.833s][info][gc,marking     ] GC(805) Concurrent Scan Root Regions
[3514.833s][info][gc,cpu         ] GC(804) User=0.69s Sys=0.00s Real=0.12s
.[3514.979s][info][gc,marking     ] GC(805) Concurrent Scan Root Regions 146.871ms
[3514.980s][info][gc,marking     ] GC(805) Concurrent Mark
[3514.980s][info][gc,marking     ] GC(805) Concurrent Mark From Roots
[3514.980s][info][gc,task        ] GC(805) Using 2 workers of 2 for marking
[3515.644s][info][gc,marking     ] GC(805) Concurrent Mark From Roots 664.184ms
[3515.644s][info][gc,marking     ] GC(805) Concurrent Preclean
[3515.644s][info][gc,marking     ] GC(805) Concurrent Preclean 0.107ms
[3515.644s][info][gc,start       ] GC(805) Pause Remark
[3515.648s][info][gc             ] GC(805) Pause Remark 2018M->2018M(4096M) 4.254ms
[3515.648s][info][gc,cpu         ] GC(805) User=0.02s Sys=0.00s Real=0.01s
[3515.648s][info][gc,marking     ] GC(805) Concurrent Mark 668.967ms
[3515.648s][info][gc,marking     ] GC(805) Concurrent Rebuild Remembered Sets and Scrub Regions
.[3515.928s][info][gc,marking     ] GC(805) Concurrent Rebuild Remembered Sets and Scrub Regions 279.869ms
[3515.929s][info][gc,start       ] GC(805) Pause Cleanup
[3515.930s][info][gc             ] GC(805) Pause Cleanup 2218M->2218M(4096M) 0.125ms
[3515.930s][info][gc,cpu         ] GC(805) User=0.00s Sys=0.00s Real=0.00s
[3515.930s][info][gc,marking     ] GC(805) Concurrent Clear Claimed Marks
[3515.930s][info][gc,marking     ] GC(805) Concurrent Clear Claimed Marks 0.030ms
[3515.930s][info][gc,marking     ] GC(805) Concurrent Cleanup for Next Mark
[3515.935s][info][gc,marking     ] GC(805) Concurrent Cleanup for Next Mark 4.561ms
[3515.935s][info][gc             ] GC(805) Concurrent Mark Cycle 1102.183ms
.[3517.835s][info][gc,start       ] GC(806) Pause Young (Prepare Mixed) (G1 Evacuation Pause)
[3517.836s][info][gc,task        ] GC(806) Using 6 workers of 6 for evacuation
[3517.952s][info][gc,phases      ] GC(806)   Pre Evacuate Collection Set: 0.34ms
[3517.952s][info][gc,phases      ] GC(806)   Merge Heap Roots: 0.49ms
[3517.952s][info][gc,phases      ] GC(806)   Evacuate Collection Set: 114.56ms
[3517.952s][info][gc,phases      ] GC(806)   Post Evacuate Collection Set: 0.95ms
[3517.952s][info][gc,phases      ] GC(806)   Other: 0.09ms
[3517.952s][info][gc,heap        ] GC(806) Eden regions: 1119->0(1111)
[3517.952s][info][gc,heap        ] GC(806) Survivor regions: 109->109(154)
[3517.952s][info][gc,heap        ] GC(806) Old regions: 504->536
[3517.952s][info][gc,heap        ] GC(806) Humongous regions: 80->80
[3517.952s][info][gc,metaspace   ] GC(806) Metaspace: 28894K(29248K)->28894K(29248K) NonClass: 24026K(24192K)->24026K(24192K) Class: 4868K(5056K)->4868K(5056K)
[3517.952s][info][gc             ] GC(806) Pause Young (Prepare Mixed) (G1 Evacuation Pause) 3622M->1448M(4096M) 116.576ms
[3517.952s][info][gc,cpu         ] GC(806) User=0.69s Sys=0.00s Real=0.12s
...[3520.907s][info][gc,start       ] GC(807) Pause Young (Mixed) (G1 Evacuation Pause)
[3520.907s][info][gc,task        ] GC(807) Using 6 workers of 6 for evacuation
[3521.047s][info][gc,phases      ] GC(807)   Pre Evacuate Collection Set: 0.39ms
[3521.047s][info][gc,phases      ] GC(807)   Merge Heap Roots: 0.75ms
[3521.047s][info][gc,phases      ] GC(807)   Evacuate Collection Set: 137.53ms
[3521.047s][info][gc,phases      ] GC(807)   Post Evacuate Collection Set: 1.00ms
[3521.047s][info][gc,phases      ] GC(807)   Other: 0.82ms
[3521.047s][info][gc,heap        ] GC(807) Eden regions: 1111->0(1115)
[3521.047s][info][gc,heap        ] GC(807) Survivor regions: 109->113(153)
[3521.047s][info][gc,heap        ] GC(807) Old regions: 536->474
[3521.047s][info][gc,heap        ] GC(807) Humongous regions: 80->80
[3521.047s][info][gc,metaspace   ] GC(807) Metaspace: 28894K(29248K)->28894K(29248K) NonClass: 24026K(24192K)->24026K(24192K) Class: 4868K(5056K)->4868K(5056K)
[3521.047s][info][gc             ] GC(807) Pause Young (Mixed) (G1 Evacuation Pause) 3670M->1332M(4096M) 140.626ms
[3521.047s][info][gc,cpu         ] GC(807) User=0.83s Sys=0.00s Real=0.14s
...[3524.009s][info][gc,start       ] GC(808) Pause Young (Concurrent Start) (G1 Evacuation Pause)
[3524.009s][info][gc,task        ] GC(808) Using 6 workers of 6 for evacuation
[3524.127s][info][gc,phases      ] GC(808)   Pre Evacuate Collection Set: 0.39ms
[3524.127s][info][gc,phases      ] GC(808)   Merge Heap Roots: 0.47ms
[3524.127s][info][gc,phases      ] GC(808)   Evacuate Collection Set: 116.10ms
[3524.127s][info][gc,phases      ] GC(808)   Post Evacuate Collection Set: 0.88ms
[3524.127s][info][gc,phases      ] GC(808)   Other: 0.10ms
[3524.127s][info][gc,heap        ] GC(808) Eden regions: 1115->0(1119)
[3524.127s][info][gc,heap        ] GC(808) Survivor regions: 113->109(154)
[3524.127s][info][gc,heap        ] GC(808) Old regions: 474->506
[3524.127s][info][gc,heap        ] GC(808) Humongous regions: 80->80
[3524.127s][info][gc,metaspace   ] GC(808) Metaspace: 28894K(29248K)->28894K(29248K) NonClass: 24026K(24192K)->24026K(24192K) Class: 4868K(5056K)->4868K(5056K)
[3524.127s][info][gc             ] GC(808) Pause Young (Concurrent Start) (G1 Evacuation Pause) 3562M->1389M(4096M) 118.079ms
[3524.127s][info][gc             ] GC(809) Concurrent Mark Cycle
[3524.127s][info][gc,marking     ] GC(809) Concurrent Scan Root Regions
[3524.127s][info][gc,cpu         ] GC(808) User=0.70s Sys=0.00s Real=0.11s
.[3524.319s][info][gc,marking     ] GC(809) Concurrent Scan Root Regions 191.992ms
[3524.319s][info][gc,marking     ] GC(809) Concurrent Mark
[3524.319s][info][gc,marking     ] GC(809) Concurrent Mark From Roots
[3524.319s][info][gc,task        ] GC(809) Using 2 workers of 2 for marking
.[3525.150s][info][gc,marking     ] GC(809) Concurrent Mark From Roots 831.265ms
[3525.150s][info][gc,marking     ] GC(809) Concurrent Preclean
[3525.150s][info][gc,marking     ] GC(809) Concurrent Preclean 0.098ms
[3525.151s][info][gc,start       ] GC(809) Pause Remark
[3525.156s][info][gc             ] GC(809) Pause Remark 2179M->2179M(4096M) 5.406ms
[3525.156s][info][gc,cpu         ] GC(809) User=0.03s Sys=0.00s Real=0.00s
[3525.157s][info][gc,marking     ] GC(809) Concurrent Mark 837.507ms
[3525.157s][info][gc,marking     ] GC(809) Concurrent Rebuild Remembered Sets and Scrub Regions
[3525.449s][info][gc,marking     ] GC(809) Concurrent Rebuild Remembered Sets and Scrub Regions 292.147ms
[3525.449s][info][gc,start       ] GC(809) Pause Cleanup
[3525.449s][info][gc             ] GC(809) Pause Cleanup 2400M->2400M(4096M) 0.098ms
[3525.449s][info][gc,cpu         ] GC(809) User=0.00s Sys=0.00s Real=0.00s
[3525.449s][info][gc,marking     ] GC(809) Concurrent Clear Claimed Marks
[3525.449s][info][gc,marking     ] GC(809) Concurrent Clear Claimed Marks 0.024ms
[3525.449s][info][gc,marking     ] GC(809) Concurrent Cleanup for Next Mark
[3525.452s][info][gc,marking     ] GC(809) Concurrent Cleanup for Next Mark 3.439ms
[3525.453s][info][gc             ] GC(809) Concurrent Mark Cycle 1325.586ms
..[3527.144s][info][gc,start       ] GC(810) Pause Young (Prepare Mixed) (G1 Evacuation Pause)
[3527.144s][info][gc,task        ] GC(810) Using 6 workers of 6 for evacuation
[3527.264s][info][gc,phases      ] GC(810)   Pre Evacuate Collection Set: 0.33ms
[3527.264s][info][gc,phases      ] GC(810)   Merge Heap Roots: 0.44ms
[3527.264s][info][gc,phases      ] GC(810)   Evacuate Collection Set: 118.19ms
[3527.264s][info][gc,phases      ] GC(810)   Post Evacuate Collection Set: 0.92ms
[3527.264s][info][gc,phases      ] GC(810)   Other: 0.08ms
[3527.264s][info][gc,heap        ] GC(810) Eden regions: 1119->0(1100)
[3527.264s][info][gc,heap        ] GC(810) Survivor regions: 109->114(154)
[3527.264s][info][gc,heap        ] GC(810) Old regions: 506->537
[3527.264s][info][gc,heap        ] GC(810) Humongous regions: 80->80
[3527.264s][info][gc,metaspace   ] GC(810) Metaspace: 28894K(29248K)->28894K(29248K) NonClass: 24026K(24192K)->24026K(24192K) Class: 4868K(5056K)->4868K(5056K)
[3527.264s][info][gc             ] GC(810) Pause Young (Prepare Mixed) (G1 Evacuation Pause) 3627M->1460M(4096M) 120.097ms
[3527.264s][info][gc,cpu         ] GC(810) User=0.71s Sys=0.00s Real=0.12s
...[3530.165s][info][gc,start       ] GC(811) Pause Young (Mixed) (G1 Evacuation Pause)
[3530.165s][info][gc,task        ] GC(811) Using 6 workers of 6 for evacuation
[3530.300s][info][gc,phases      ] GC(811)   Pre Evacuate Collection Set: 0.36ms
[3530.300s][info][gc,phases      ] GC(811)   Merge Heap Roots: 0.66ms
[3530.300s][info][gc,phases      ] GC(811)   Evacuate Collection Set: 133.03ms
[3530.300s][info][gc,phases      ] GC(811)   Post Evacuate Collection Set: 0.96ms
[3530.300s][info][gc,phases      ] GC(811)   Other: 0.09ms
[3530.300s][info][gc,heap        ] GC(811) Eden regions: 1100->0(1117)
[3530.300s][info][gc,heap        ] GC(811) Survivor regions: 114->111(152)
[3530.300s][info][gc,heap        ] GC(811) Old regions: 537->474
[3530.300s][info][gc,heap        ] GC(811) Humongous regions: 80->80
[3530.300s][info][gc,metaspace   ] GC(811) Metaspace: 28894K(29248K)->28894K(29248K) NonClass: 24026K(24192K)->24026K(24192K) Class: 4868K(5056K)->4868K(5056K)
[3530.300s][info][gc             ] GC(811) Pause Young (Mixed) (G1 Evacuation Pause) 3660M->1327M(4096M) 135.231ms
[3530.300s][info][gc,cpu         ] GC(811) User=0.80s Sys=0.00s Real=0.14s
...[3533.273s][info][gc,start       ] GC(812) Pause Young (Concurrent Start) (G1 Evacuation Pause)
[3533.273s][info][gc,task        ] GC(812) Using 6 workers of 6 for evacuation
[3533.388s][info][gc,phases      ] GC(812)   Pre Evacuate Collection Set: 0.37ms
[3533.388s][info][gc,phases      ] GC(812)   Merge Heap Roots: 0.43ms
[3533.388s][info][gc,phases      ] GC(812)   Evacuate Collection Set: 113.39ms
[3533.388s][info][gc,phases      ] GC(812)   Post Evacuate Collection Set: 0.89ms
[3533.388s][info][gc,phases      ] GC(812)   Other: 0.11ms
[3533.388s][info][gc,heap        ] GC(812) Eden regions: 1117->0(1120)
[3533.388s][info][gc,heap        ] GC(812) Survivor regions: 111->108(154)
[3533.388s][info][gc,heap        ] GC(812) Old regions: 474->506
[3533.388s][info][gc,heap        ] GC(812) Humongous regions: 80->80
[3533.388s][info][gc,metaspace   ] GC(812) Metaspace: 28894K(29248K)->28894K(29248K) NonClass: 24026K(24192K)->24026K(24192K) Class: 4868K(5056K)->4868K(5056K)
[3533.388s][info][gc             ] GC(812) Pause Young (Concurrent Start) (G1 Evacuation Pause) 3561M->1385M(4096M) 115.327ms
[3533.388s][info][gc             ] GC(813) Concurrent Mark Cycle
[3533.388s][info][gc,marking     ] GC(813) Concurrent Scan Root Regions
[3533.388s][info][gc,cpu         ] GC(812) User=0.68s Sys=0.00s Real=0.12s
[3533.622s][info][gc,marking     ] GC(813) Concurrent Scan Root Regions 233.664ms
[3533.622s][info][gc,marking     ] GC(813) Concurrent Mark
[3533.622s][info][gc,marking     ] GC(813) Concurrent Mark From Roots
[3533.622s][info][gc,task        ] GC(813) Using 2 workers of 2 for marking
.[3534.585s][info][gc,marking     ] GC(813) Concurrent Mark From Roots 963.098ms
[3534.585s][info][gc,marking     ] GC(813) Concurrent Preclean
[3534.585s][info][gc,marking     ] GC(813) Concurrent Preclean 0.165ms
[3534.586s][info][gc,start       ] GC(813) Pause Remark
[3534.592s][info][gc             ] GC(813) Pause Remark 2315M->2315M(4096M) 5.975ms
[3534.592s][info][gc,cpu         ] GC(813) User=0.03s Sys=0.00s Real=0.01s
[3534.592s][info][gc,marking     ] GC(813) Concurrent Mark 970.288ms
[3534.592s][info][gc,marking     ] GC(813) Concurrent Rebuild Remembered Sets and Scrub Regions
[3534.994s][info][gc,marking     ] GC(813) Concurrent Rebuild Remembered Sets and Scrub Regions 401.680ms
[3534.994s][info][gc,start       ] GC(813) Pause Cleanup
[3534.995s][info][gc             ] GC(813) Pause Cleanup 2611M->2611M(4096M) 0.107ms
[3534.995s][info][gc,cpu         ] GC(813) User=0.00s Sys=0.00s Real=0.00s
[3534.995s][info][gc,marking     ] GC(813) Concurrent Clear Claimed Marks
[3534.995s][info][gc,marking     ] GC(813) Concurrent Clear Claimed Marks 0.030ms
[3534.995s][info][gc,marking     ] GC(813) Concurrent Cleanup for Next Mark
[3535.001s][info][gc,marking     ] GC(813) Concurrent Cleanup for Next Mark 6.491ms
[3535.001s][info][gc             ] GC(813) Concurrent Mark Cycle 1613.057ms
. (rIR:aIR:PR = 6088:6086:6086) (tPR = 90951) [OK] 
  3535s: Performance info:
         Transaction,    Success,    Partial,     Failed,   Receipts, AvgBarcode, 
             Overall,     368874,          0,          0,     350436,      59.48, 
         Response times:
             Request,    Success,    Partial,     Failed,   SkipFail,     Probes,    Samples,      min,      p50,      p90,      p95,      p99,      max, 
       TotalPurchase,     350444,          0,          0,          0,     342627,     415557,      300,     5100,    18300,    44000,   103000,   286000,
     InStorePurchase,     184456,          0,          0,          0,     180268,     218380,      300,     4900,    18300,    44000,   103000,   231000,
      OnlinePurchase,     129061,          0,          0,          0,     126283,     153320,      300,     5000,    17800,    44000,   100000,   231000,
        InstPurchase,      36927,          0,          0,          0,      36076,      43857,      400,     5900,    21000,    48000,   110000,   286000,
          AssocOfCat,        370,          0,          0,          0,        281,        403,    22000,    34000,    66600,    82000,   162760,   184000,
      AssocOfProduct,       3686,          0,          0,          0,       3447,       4372,      800,     6000,    22000,    48350,   107000,   286000,
      BusinessReport,        925,          0,          0,          0,        789,       1056,    25000,    39000,    78000,   112000,   175290,   207000,
          CustBuyBeh,       3690,          0,          0,          0,       3476,       4405,      200,     3300,    14000,    35000,    85000,   243000,
       ProductReturn,       9767,          0,          0,          0,       9340,      11515,      200,     5300,    18800,    47000,   103840,   286000,

  3535s: (45%)   IR =   6227 .[3536.389s][info][gc,start       ] GC(814) Pause Young (Prepare Mixed) (G1 Evacuation Pause)
[3536.389s][info][gc,task        ] GC(814) Using 6 workers of 6 for evacuation
[3536.505s][info][gc,phases      ] GC(814)   Pre Evacuate Collection Set: 0.33ms
[3536.505s][info][gc,phases      ] GC(814)   Merge Heap Roots: 0.49ms
[3536.505s][info][gc,phases      ] GC(814)   Evacuate Collection Set: 114.32ms
[3536.505s][info][gc,phases      ] GC(814)   Post Evacuate Collection Set: 0.94ms
[3536.505s][info][gc,phases      ] GC(814)   Other: 0.09ms
[3536.505s][info][gc,heap        ] GC(814) Eden regions: 1120->0(1110)
[3536.505s][info][gc,heap        ] GC(814) Survivor regions: 108->109(154)
[3536.505s][info][gc,heap        ] GC(814) Old regions: 506->537
[3536.505s][info][gc,heap        ] GC(814) Humongous regions: 80->80
[3536.505s][info][gc,metaspace   ] GC(814) Metaspace: 28894K(29248K)->28894K(29248K) NonClass: 24026K(24192K)->24026K(24192K) Class: 4868K(5056K)->4868K(5056K)
[3536.505s][info][gc             ] GC(814) Pause Young (Prepare Mixed) (G1 Evacuation Pause) 3625M->1451M(4096M) 116.311ms
[3536.505s][info][gc,cpu         ] GC(814) User=0.68s Sys=0.00s Real=0.11s
...[3539.408s][info][gc,start       ] GC(815) Pause Young (Mixed) (G1 Evacuation Pause)
[3539.408s][info][gc,task        ] GC(815) Using 6 workers of 6 for evacuation
[3539.539s][info][gc,phases      ] GC(815)   Pre Evacuate Collection Set: 0.39ms
[3539.539s][info][gc,phases      ] GC(815)   Merge Heap Roots: 0.61ms
[3539.539s][info][gc,phases      ] GC(815)   Evacuate Collection Set: 128.67ms
[3539.539s][info][gc,phases      ] GC(815)   Post Evacuate Collection Set: 1.01ms
[3539.539s][info][gc,phases      ] GC(815)   Other: 0.09ms
[3539.539s][info][gc,heap        ] GC(815) Eden regions: 1110->0(1119)
[3539.539s][info][gc,heap        ] GC(815) Survivor regions: 109->109(153)
[3539.539s][info][gc,heap        ] GC(815) Old regions: 537->473
[3539.539s][info][gc,heap        ] GC(815) Humongous regions: 80->80
[3539.539s][info][gc,metaspace   ] GC(815) Metaspace: 28894K(29248K)->28894K(29248K) NonClass: 24026K(24192K)->24026K(24192K) Class: 4868K(5056K)->4868K(5056K)
[3539.539s][info][gc             ] GC(815) Pause Young (Mixed) (G1 Evacuation Pause) 3671M->1322M(4096M) 130.938ms
[3539.539s][info][gc,cpu         ] GC(815) User=0.77s Sys=0.00s Real=0.14s
.|..[3542.432s][info][gc,start       ] GC(816) Pause Young (Concurrent Start) (G1 Evacuation Pause)
[3542.432s][info][gc,task        ] GC(816) Using 6 workers of 6 for evacuation
[3542.550s][info][gc,phases      ] GC(816)   Pre Evacuate Collection Set: 0.37ms
[3542.550s][info][gc,phases      ] GC(816)   Merge Heap Roots: 0.42ms
[3542.550s][info][gc,phases      ] GC(816)   Evacuate Collection Set: 116.09ms
[3542.550s][info][gc,phases      ] GC(816)   Post Evacuate Collection Set: 0.88ms
[3542.550s][info][gc,phases      ] GC(816)   Other: 0.11ms
[3542.550s][info][gc,heap        ] GC(816) Eden regions: 1119->0(1118)
[3542.550s][info][gc,heap        ] GC(816) Survivor regions: 109->110(154)
[3542.550s][info][gc,heap        ] GC(816) Old regions: 473->506
[3542.550s][info][gc,heap        ] GC(816) Humongous regions: 80->80
[3542.550s][info][gc,metaspace   ] GC(816) Metaspace: 28894K(29248K)->28894K(29248K) NonClass: 24026K(24192K)->24026K(24192K) Class: 4868K(5056K)->4868K(5056K)
[3542.550s][info][gc             ] GC(816) Pause Young (Concurrent Start) (G1 Evacuation Pause) 3560M->1391M(4096M) 117.993ms
[3542.550s][info][gc             ] GC(817) Concurrent Mark Cycle
[3542.550s][info][gc,marking     ] GC(817) Concurrent Scan Root Regions
[3542.550s][info][gc,cpu         ] GC(816) User=0.70s Sys=0.00s Real=0.12s
[3542.772s][info][gc,marking     ] GC(817) Concurrent Scan Root Regions 222.092ms
[3542.772s][info][gc,marking     ] GC(817) Concurrent Mark
[3542.772s][info][gc,marking     ] GC(817) Concurrent Mark From Roots
[3542.772s][info][gc,task        ] GC(817) Using 2 workers of 2 for marking
.[3543.660s][info][gc,marking     ] GC(817) Concurrent Mark From Roots 887.696ms
[3543.660s][info][gc,marking     ] GC(817) Concurrent Preclean
[3543.660s][info][gc,marking     ] GC(817) Concurrent Preclean 0.094ms
[3543.660s][info][gc,start       ] GC(817) Pause Remark
[3543.666s][info][gc             ] GC(817) Pause Remark 2296M->2296M(4096M) 5.813ms
[3543.666s][info][gc,cpu         ] GC(817) User=0.03s Sys=0.00s Real=0.00s
[3543.666s][info][gc,marking     ] GC(817) Concurrent Mark 893.900ms
[3543.666s][info][gc,marking     ] GC(817) Concurrent Rebuild Remembered Sets and Scrub Regions
[3543.950s][info][gc,marking     ] GC(817) Concurrent Rebuild Remembered Sets and Scrub Regions 284.140ms
[3543.950s][info][gc,start       ] GC(817) Pause Cleanup
[3543.950s][info][gc             ] GC(817) Pause Cleanup 2497M->2497M(4096M) 0.102ms
[3543.950s][info][gc,cpu         ] GC(817) User=0.00s Sys=0.00s Real=0.00s
[3543.950s][info][gc,marking     ] GC(817) Concurrent Clear Claimed Marks
[3543.950s][info][gc,marking     ] GC(817) Concurrent Clear Claimed Marks 0.023ms
[3543.950s][info][gc,marking     ] GC(817) Concurrent Cleanup for Next Mark
[3543.953s][info][gc,marking     ] GC(817) Concurrent Cleanup for Next Mark 3.223ms
[3543.953s][info][gc             ] GC(817) Concurrent Mark Cycle 1403.822ms
..[3545.462s][info][gc,start       ] GC(818) Pause Young (Prepare Mixed) (G1 Evacuation Pause)
[3545.462s][info][gc,task        ] GC(818) Using 6 workers of 6 for evacuation
[3545.576s][info][gc,phases      ] GC(818)   Pre Evacuate Collection Set: 0.32ms
[3545.576s][info][gc,phases      ] GC(818)   Merge Heap Roots: 0.47ms
[3545.576s][info][gc,phases      ] GC(818)   Evacuate Collection Set: 112.31ms
[3545.576s][info][gc,phases      ] GC(818)   Post Evacuate Collection Set: 0.91ms
[3545.576s][info][gc,phases      ] GC(818)   Other: 0.09ms
[3545.576s][info][gc,heap        ] GC(818) Eden regions: 1118->0(1111)
[3545.576s][info][gc,heap        ] GC(818) Survivor regions: 110->108(154)
[3545.576s][info][gc,heap        ] GC(818) Old regions: 506->538
[3545.576s][info][gc,heap        ] GC(818) Humongous regions: 80->80
[3545.576s][info][gc,metaspace   ] GC(818) Metaspace: 28894K(29248K)->28894K(29248K) NonClass: 24026K(24192K)->24026K(24192K) Class: 4868K(5056K)->4868K(5056K)
[3545.576s][info][gc             ] GC(818) Pause Young (Prepare Mixed) (G1 Evacuation Pause) 3627M->1449M(4096M) 114.238ms
[3545.576s][info][gc,cpu         ] GC(818) User=0.67s Sys=0.01s Real=0.11s
...[3548.481s][info][gc,start       ] GC(819) Pause Young (Mixed) (G1 Evacuation Pause)
[3548.481s][info][gc,task        ] GC(819) Using 6 workers of 6 for evacuation
[3548.615s][info][gc,phases      ] GC(819)   Pre Evacuate Collection Set: 0.39ms
[3548.615s][info][gc,phases      ] GC(819)   Merge Heap Roots: 0.58ms
[3548.615s][info][gc,phases      ] GC(819)   Evacuate Collection Set: 132.36ms
[3548.615s][info][gc,phases      ] GC(819)   Post Evacuate Collection Set: 0.96ms
[3548.615s][info][gc,phases      ] GC(819)   Other: 0.10ms
[3548.615s][info][gc,heap        ] GC(819) Eden regions: 1111->0(1117)
[3548.615s][info][gc,heap        ] GC(819) Survivor regions: 108->111(153)
[3548.615s][info][gc,heap        ] GC(819) Old regions: 538->473
[3548.615s][info][gc,heap        ] GC(819) Humongous regions: 80->80
[3548.615s][info][gc,metaspace   ] GC(819) Metaspace: 28894K(29248K)->28894K(29248K) NonClass: 24026K(24192K)->24026K(24192K) Class: 4868K(5056K)->4868K(5056K)
[3548.615s][info][gc             ] GC(819) Pause Young (Mixed) (G1 Evacuation Pause) 3671M->1325M(4096M) 134.521ms
[3548.615s][info][gc,cpu         ] GC(819) User=0.79s Sys=0.00s Real=0.13s
...[3551.528s][info][gc,start       ] GC(820) Pause Young (Concurrent Start) (G1 Evacuation Pause)
[3551.528s][info][gc,task        ] GC(820) Using 6 workers of 6 for evacuation
[3551.644s][info][gc,phases      ] GC(820)   Pre Evacuate Collection Set: 0.37ms
[3551.644s][info][gc,phases      ] GC(820)   Merge Heap Roots: 0.46ms
[3551.644s][info][gc,phases      ] GC(820)   Evacuate Collection Set: 114.76ms
[3551.644s][info][gc,phases      ] GC(820)   Post Evacuate Collection Set: 0.90ms
[3551.644s][info][gc,phases      ] GC(820)   Other: 0.11ms
[3551.644s][info][gc,heap        ] GC(820) Eden regions: 1117->0(1119)
[3551.644s][info][gc,heap        ] GC(820) Survivor regions: 111->109(154)
[3551.644s][info][gc,heap        ] GC(820) Old regions: 473->505
[3551.644s][info][gc,heap        ] GC(820) Humongous regions: 80->80
[3551.644s][info][gc,metaspace   ] GC(820) Metaspace: 28894K(29248K)->28894K(29248K) NonClass: 24026K(24192K)->24026K(24192K) Class: 4868K(5056K)->4868K(5056K)
[3551.644s][info][gc             ] GC(820) Pause Young (Concurrent Start) (G1 Evacuation Pause) 3559M->1386M(4096M) 116.743ms
[3551.644s][info][gc             ] GC(821) Concurrent Mark Cycle
[3551.644s][info][gc,marking     ] GC(821) Concurrent Scan Root Regions
[3551.644s][info][gc,cpu         ] GC(820) User=0.69s Sys=0.00s Real=0.12s
[3551.793s][info][gc,marking     ] GC(821) Concurrent Scan Root Regions 148.627ms
[3551.793s][info][gc,marking     ] GC(821) Concurrent Mark
[3551.793s][info][gc,marking     ] GC(821) Concurrent Mark From Roots
[3551.793s][info][gc,task        ] GC(821) Using 2 workers of 2 for marking
.[3552.700s][info][gc,marking     ] GC(821) Concurrent Mark From Roots 906.646ms
[3552.700s][info][gc,marking     ] GC(821) Concurrent Preclean
[3552.700s][info][gc,marking     ] GC(821) Concurrent Preclean 0.110ms
[3552.701s][info][gc,start       ] GC(821) Pause Remark
[3552.707s][info][gc             ] GC(821) Pause Remark 2272M->2272M(4096M) 5.509ms
[3552.707s][info][gc,cpu         ] GC(821) User=0.03s Sys=0.00s Real=0.00s
[3552.707s][info][gc,marking     ] GC(821) Concurrent Mark 914.147ms
[3552.707s][info][gc,marking     ] GC(821) Concurrent Rebuild Remembered Sets and Scrub Regions
[3553.038s][info][gc,marking     ] GC(821) Concurrent Rebuild Remembered Sets and Scrub Regions 331.064ms
[3553.038s][info][gc,start       ] GC(821) Pause Cleanup
[3553.039s][info][gc             ] GC(821) Pause Cleanup 2501M->2501M(4096M) 0.104ms
[3553.039s][info][gc,cpu         ] GC(821) User=0.00s Sys=0.00s Real=0.00s
[3553.039s][info][gc,marking     ] GC(821) Concurrent Clear Claimed Marks
[3553.039s][info][gc,marking     ] GC(821) Concurrent Clear Claimed Marks 0.024ms
[3553.039s][info][gc,marking     ] GC(821) Concurrent Cleanup for Next Mark
[3553.042s][info][gc,marking     ] GC(821) Concurrent Cleanup for Next Mark 3.767ms
[3553.042s][info][gc             ] GC(821) Concurrent Mark Cycle 1398.114ms
..[3554.528s][info][gc,start       ] GC(822) Pause Young (Prepare Mixed) (G1 Evacuation Pause)
[3554.528s][info][gc,task        ] GC(822) Using 6 workers of 6 for evacuation
[3554.643s][info][gc,phases      ] GC(822)   Pre Evacuate Collection Set: 0.34ms
[3554.643s][info][gc,phases      ] GC(822)   Merge Heap Roots: 0.47ms
[3554.643s][info][gc,phases      ] GC(822)   Evacuate Collection Set: 112.76ms
[3554.643s][info][gc,phases      ] GC(822)   Post Evacuate Collection Set: 0.97ms
[3554.643s][info][gc,phases      ] GC(822)   Other: 0.09ms
[3554.643s][info][gc,heap        ] GC(822) Eden regions: 1119->0(1114)
[3554.643s][info][gc,heap        ] GC(822) Survivor regions: 109->107(154)
[3554.643s][info][gc,heap        ] GC(822) Old regions: 505->537
[3554.643s][info][gc,heap        ] GC(822) Humongous regions: 80->80
[3554.643s][info][gc,metaspace   ] GC(822) Metaspace: 28894K(29248K)->28894K(29248K) NonClass: 24026K(24192K)->24026K(24192K) Class: 4868K(5056K)->4868K(5056K)
[3554.643s][info][gc             ] GC(822) Pause Young (Prepare Mixed) (G1 Evacuation Pause) 3624M->1446M(4096M) 114.771ms
[3554.643s][info][gc,cpu         ] GC(822) User=0.68s Sys=0.00s Real=0.12s
...[3557.565s][info][gc,start       ] GC(823) Pause Young (Mixed) (G1 Evacuation Pause)
[3557.565s][info][gc,task        ] GC(823) Using 6 workers of 6 for evacuation
[3557.698s][info][gc,phases      ] GC(823)   Pre Evacuate Collection Set: 0.39ms
[3557.698s][info][gc,phases      ] GC(823)   Merge Heap Roots: 0.68ms
[3557.698s][info][gc,phases      ] GC(823)   Evacuate Collection Set: 131.04ms
[3557.698s][info][gc,phases      ] GC(823)   Post Evacuate Collection Set: 0.96ms
[3557.698s][info][gc,phases      ] GC(823)   Other: 0.09ms
[3557.698s][info][gc,heap        ] GC(823) Eden regions: 1114->0(1119)
[3557.698s][info][gc,heap        ] GC(823) Survivor regions: 107->109(153)
[3557.698s][info][gc,heap        ] GC(823) Old regions: 537->474
[3557.698s][info][gc,heap        ] GC(823) Humongous regions: 80->80
[3557.698s][info][gc,metaspace   ] GC(823) Metaspace: 28894K(29248K)->28894K(29248K) NonClass: 24026K(24192K)->24026K(24192K) Class: 4868K(5056K)->4868K(5056K)
[3557.698s][info][gc             ] GC(823) Pause Young (Mixed) (G1 Evacuation Pause) 3674M->1323M(4096M) 133.300ms
[3557.698s][info][gc,cpu         ] GC(823) User=0.79s Sys=0.00s Real=0.14s
...[3560.620s][info][gc,start       ] GC(824) Pause Young (Concurrent Start) (G1 Evacuation Pause)
[3560.620s][info][gc,task        ] GC(824) Using 6 workers of 6 for evacuation
[3560.736s][info][gc,phases      ] GC(824)   Pre Evacuate Collection Set: 0.39ms
[3560.736s][info][gc,phases      ] GC(824)   Merge Heap Roots: 0.43ms
[3560.736s][info][gc,phases      ] GC(824)   Evacuate Collection Set: 113.71ms
[3560.736s][info][gc,phases      ] GC(824)   Post Evacuate Collection Set: 0.89ms
[3560.736s][info][gc,phases      ] GC(824)   Other: 0.12ms
[3560.736s][info][gc,heap        ] GC(824) Eden regions: 1119->0(1118)
[3560.736s][info][gc,heap        ] GC(824) Survivor regions: 109->110(154)
[3560.736s][info][gc,heap        ] GC(824) Old regions: 474->505
[3560.736s][info][gc,heap        ] GC(824) Humongous regions: 80->80
[3560.736s][info][gc,metaspace   ] GC(824) Metaspace: 28894K(29248K)->28894K(29248K) NonClass: 24026K(24192K)->24026K(24192K) Class: 4868K(5056K)->4868K(5056K)
[3560.736s][info][gc             ] GC(824) Pause Young (Concurrent Start) (G1 Evacuation Pause) 3561M->1389M(4096M) 115.663ms
[3560.736s][info][gc             ] GC(825) Concurrent Mark Cycle
[3560.736s][info][gc,marking     ] GC(825) Concurrent Scan Root Regions
[3560.736s][info][gc,cpu         ] GC(824) User=0.69s Sys=0.00s Real=0.11s
[3560.926s][info][gc,marking     ] GC(825) Concurrent Scan Root Regions 190.312ms
[3560.926s][info][gc,marking     ] GC(825) Concurrent Mark
[3560.926s][info][gc,marking     ] GC(825) Concurrent Mark From Roots
[3560.926s][info][gc,task        ] GC(825) Using 2 workers of 2 for marking
.[3561.876s][info][gc,marking     ] GC(825) Concurrent Mark From Roots 950.155ms
[3561.876s][info][gc,marking     ] GC(825) Concurrent Preclean
[3561.877s][info][gc,marking     ] GC(825) Concurrent Preclean 0.070ms
[3561.877s][info][gc,start       ] GC(825) Pause Remark
[3561.883s][info][gc             ] GC(825) Pause Remark 2319M->2319M(4096M) 6.159ms
[3561.883s][info][gc,cpu         ] GC(825) User=0.03s Sys=0.00s Real=0.01s
[3561.883s][info][gc,marking     ] GC(825) Concurrent Mark 956.649ms
[3561.883s][info][gc,marking     ] GC(825) Concurrent Rebuild Remembered Sets and Scrub Regions
[3562.092s][info][gc,marking     ] GC(825) Concurrent Rebuild Remembered Sets and Scrub Regions 208.782ms
[3562.093s][info][gc,start       ] GC(825) Pause Cleanup
[3562.093s][info][gc             ] GC(825) Pause Cleanup 2455M->2455M(4096M) 0.130ms
[3562.093s][info][gc,cpu         ] GC(825) User=0.00s Sys=0.00s Real=0.00s
[3562.094s][info][gc,marking     ] GC(825) Concurrent Clear Claimed Marks
[3562.094s][info][gc,marking     ] GC(825) Concurrent Clear Claimed Marks 0.030ms
[3562.094s][info][gc,marking     ] GC(825) Concurrent Cleanup for Next Mark
[3562.098s][info][gc,marking     ] GC(825) Concurrent Cleanup for Next Mark 4.687ms
[3562.098s][info][gc             ] GC(825) Concurrent Mark Cycle 1362.457ms
..[3563.574s][info][gc,start       ] GC(826) Pause Young (Prepare Mixed) (G1 Evacuation Pause)
[3563.574s][info][gc,task        ] GC(826) Using 6 workers of 6 for evacuation
[3563.692s][info][gc,phases      ] GC(826)   Pre Evacuate Collection Set: 0.33ms
[3563.692s][info][gc,phases      ] GC(826)   Merge Heap Roots: 0.48ms
[3563.692s][info][gc,phases      ] GC(826)   Evacuate Collection Set: 115.73ms
[3563.692s][info][gc,phases      ] GC(826)   Post Evacuate Collection Set: 0.94ms
[3563.692s][info][gc,phases      ] GC(826)   Other: 0.09ms
[3563.692s][info][gc,heap        ] GC(826) Eden regions: 1118->0(1110)
[3563.692s][info][gc,heap        ] GC(826) Survivor regions: 110->109(154)
[3563.692s][info][gc,heap        ] GC(826) Old regions: 505->537
[3563.692s][info][gc,heap        ] GC(826) Humongous regions: 80->80
[3563.692s][info][gc,metaspace   ] GC(826) Metaspace: 28894K(29248K)->28894K(29248K) NonClass: 24026K(24192K)->24026K(24192K) Class: 4868K(5056K)->4868K(5056K)
[3563.692s][info][gc             ] GC(826) Pause Young (Prepare Mixed) (G1 Evacuation Pause) 3625M->1450M(4096M) 117.709ms
[3563.692s][info][gc,cpu         ] GC(826) User=0.70s Sys=0.00s Real=0.12s
...[3566.616s][info][gc,start       ] GC(827) Pause Young (Mixed) (G1 Evacuation Pause)
[3566.616s][info][gc,task        ] GC(827) Using 6 workers of 6 for evacuation
[3566.749s][info][gc,phases      ] GC(827)   Pre Evacuate Collection Set: 0.37ms
[3566.749s][info][gc,phases      ] GC(827)   Merge Heap Roots: 0.66ms
[3566.749s][info][gc,phases      ] GC(827)   Evacuate Collection Set: 130.60ms
[3566.749s][info][gc,phases      ] GC(827)   Post Evacuate Collection Set: 0.94ms
[3566.749s][info][gc,phases      ] GC(827)   Other: 0.08ms
[3566.749s][info][gc,heap        ] GC(827) Eden regions: 1110->0(1119)
[3566.749s][info][gc,heap        ] GC(827) Survivor regions: 109->109(153)
[3566.749s][info][gc,heap        ] GC(827) Old regions: 537->473
[3566.749s][info][gc,heap        ] GC(827) Humongous regions: 80->80
[3566.749s][info][gc,metaspace   ] GC(827) Metaspace: 28894K(29248K)->28894K(29248K) NonClass: 24026K(24192K)->24026K(24192K) Class: 4868K(5056K)->4868K(5056K)
[3566.749s][info][gc             ] GC(827) Pause Young (Mixed) (G1 Evacuation Pause) 3670M->1322M(4096M) 132.793ms
[3566.749s][info][gc,cpu         ] GC(827) User=0.79s Sys=0.00s Real=0.14s
...[3569.663s][info][gc,start       ] GC(828) Pause Young (Concurrent Start) (G1 Evacuation Pause)
[3569.663s][info][gc,task        ] GC(828) Using 6 workers of 6 for evacuation
[3569.779s][info][gc,phases      ] GC(828)   Pre Evacuate Collection Set: 0.37ms
[3569.779s][info][gc,phases      ] GC(828)   Merge Heap Roots: 0.44ms
[3569.779s][info][gc,phases      ] GC(828)   Evacuate Collection Set: 114.03ms
[3569.779s][info][gc,phases      ] GC(828)   Post Evacuate Collection Set: 0.87ms
[3569.779s][info][gc,phases      ] GC(828)   Other: 0.10ms
[3569.779s][info][gc,heap        ] GC(828) Eden regions: 1119->0(1119)
[3569.779s][info][gc,heap        ] GC(828) Survivor regions: 109->109(154)
[3569.779s][info][gc,heap        ] GC(828) Old regions: 473->505
[3569.779s][info][gc,heap        ] GC(828) Humongous regions: 80->80
[3569.779s][info][gc,metaspace   ] GC(828) Metaspace: 28894K(29248K)->28894K(29248K) NonClass: 24026K(24192K)->24026K(24192K) Class: 4868K(5056K)->4868K(5056K)
[3569.779s][info][gc             ] GC(828) Pause Young (Concurrent Start) (G1 Evacuation Pause) 3560M->1387M(4096M) 115.949ms
[3569.779s][info][gc             ] GC(829) Concurrent Mark Cycle
[3569.779s][info][gc,marking     ] GC(829) Concurrent Scan Root Regions
[3569.779s][info][gc,cpu         ] GC(828) User=0.69s Sys=0.00s Real=0.12s
[3569.968s][info][gc,marking     ] GC(829) Concurrent Scan Root Regions 188.815ms
[3569.968s][info][gc,marking     ] GC(829) Concurrent Mark
[3569.968s][info][gc,marking     ] GC(829) Concurrent Mark From Roots
[3569.968s][info][gc,task        ] GC(829) Using 2 workers of 2 for marking
.[3570.866s][info][gc,marking     ] GC(829) Concurrent Mark From Roots 898.014ms
[3570.866s][info][gc,marking     ] GC(829) Concurrent Preclean
[3570.866s][info][gc,marking     ] GC(829) Concurrent Preclean 0.150ms
[3570.868s][info][gc,start       ] GC(829) Pause Remark
[3570.873s][info][gc             ] GC(829) Pause Remark 2269M->2269M(4096M) 5.285ms
[3570.873s][info][gc,cpu         ] GC(829) User=0.03s Sys=0.00s Real=0.01s
[3570.873s][info][gc,marking     ] GC(829) Concurrent Mark 905.506ms
[3570.873s][info][gc,marking     ] GC(829) Concurrent Rebuild Remembered Sets and Scrub Regions
[3571.190s][info][gc,marking     ] GC(829) Concurrent Rebuild Remembered Sets and Scrub Regions 316.143ms
[3571.190s][info][gc,start       ] GC(829) Pause Cleanup
[3571.190s][info][gc             ] GC(829) Pause Cleanup 2521M->2521M(4096M) 0.122ms
[3571.190s][info][gc,cpu         ] GC(829) User=0.00s Sys=0.00s Real=0.00s
[3571.190s][info][gc,marking     ] GC(829) Concurrent Clear Claimed Marks
[3571.190s][info][gc,marking     ] GC(829) Concurrent Clear Claimed Marks 0.030ms
[3571.190s][info][gc,marking     ] GC(829) Concurrent Cleanup for Next Mark
[3571.195s][info][gc,marking     ] GC(829) Concurrent Cleanup for Next Mark 4.569ms
[3571.195s][info][gc             ] GC(829) Concurrent Mark Cycle 1416.028ms
..[3572.673s][info][gc,start       ] GC(830) Pause Young (Prepare Mixed) (G1 Evacuation Pause)
[3572.673s][info][gc,task        ] GC(830) Using 6 workers of 6 for evacuation
[3572.796s][info][gc,phases      ] GC(830)   Pre Evacuate Collection Set: 0.33ms
[3572.796s][info][gc,phases      ] GC(830)   Merge Heap Roots: 0.45ms
[3572.796s][info][gc,phases      ] GC(830)   Evacuate Collection Set: 121.00ms
[3572.796s][info][gc,phases      ] GC(830)   Post Evacuate Collection Set: 0.95ms
[3572.796s][info][gc,phases      ] GC(830)   Other: 0.09ms
[3572.796s][info][gc,heap        ] GC(830) Eden regions: 1119->0(1100)
[3572.796s][info][gc,heap        ] GC(830) Survivor regions: 109->114(154)
[3572.796s][info][gc,heap        ] GC(830) Old regions: 505->537
[3572.796s][info][gc,heap        ] GC(830) Humongous regions: 80->80
[3572.796s][info][gc,metaspace   ] GC(830) Metaspace: 28894K(29248K)->28894K(29248K) NonClass: 24026K(24192K)->24026K(24192K) Class: 4868K(5056K)->4868K(5056K)
[3572.796s][info][gc             ] GC(830) Pause Young (Prepare Mixed) (G1 Evacuation Pause) 3625M->1461M(4096M) 122.949ms
[3572.796s][info][gc,cpu         ] GC(830) User=0.73s Sys=0.00s Real=0.12s
...[3575.690s][info][gc,start       ] GC(831) Pause Young (Mixed) (G1 Evacuation Pause)
[3575.690s][info][gc,task        ] GC(831) Using 6 workers of 6 for evacuation
[3575.825s][info][gc,phases      ] GC(831)   Pre Evacuate Collection Set: 0.37ms
[3575.825s][info][gc,phases      ] GC(831)   Merge Heap Roots: 0.68ms
[3575.825s][info][gc,phases      ] GC(831)   Evacuate Collection Set: 132.32ms
[3575.825s][info][gc,phases      ] GC(831)   Post Evacuate Collection Set: 0.94ms
[3575.825s][info][gc,phases      ] GC(831)   Other: 0.08ms
[3575.825s][info][gc,heap        ] GC(831) Eden regions: 1100->0(1118)
[3575.825s][info][gc,heap        ] GC(831) Survivor regions: 114->110(152)
[3575.825s][info][gc,heap        ] GC(831) Old regions: 537->474
[3575.825s][info][gc,heap        ] GC(831) Humongous regions: 80->80
[3575.825s][info][gc,metaspace   ] GC(831) Metaspace: 28894K(29248K)->28894K(29248K) NonClass: 24026K(24192K)->24026K(24192K) Class: 4868K(5056K)->4868K(5056K)
[3575.825s][info][gc             ] GC(831) Pause Young (Mixed) (G1 Evacuation Pause) 3661M->1326M(4096M) 134.536ms
[3575.825s][info][gc,cpu         ] GC(831) User=0.80s Sys=0.00s Real=0.13s
...[3578.750s][info][gc,start       ] GC(832) Pause Young (Concurrent Start) (G1 Evacuation Pause)
[3578.750s][info][gc,task        ] GC(832) Using 6 workers of 6 for evacuation
[3578.868s][info][gc,phases      ] GC(832)   Pre Evacuate Collection Set: 0.35ms
[3578.868s][info][gc,phases      ] GC(832)   Merge Heap Roots: 0.44ms
[3578.868s][info][gc,phases      ] GC(832)   Evacuate Collection Set: 116.17ms
[3578.868s][info][gc,phases      ] GC(832)   Post Evacuate Collection Set: 0.90ms
[3578.868s][info][gc,phases      ] GC(832)   Other: 0.11ms
[3578.868s][info][gc,heap        ] GC(832) Eden regions: 1118->0(1117)
[3578.868s][info][gc,heap        ] GC(832) Survivor regions: 110->111(154)
[3578.868s][info][gc,heap        ] GC(832) Old regions: 474->506
[3578.868s][info][gc,heap        ] GC(832) Humongous regions: 80->80
[3578.868s][info][gc,metaspace   ] GC(832) Metaspace: 28894K(29248K)->28894K(29248K) NonClass: 24026K(24192K)->24026K(24192K) Class: 4868K(5056K)->4868K(5056K)
[3578.868s][info][gc             ] GC(832) Pause Young (Concurrent Start) (G1 Evacuation Pause) 3562M->1393M(4096M) 118.136ms
[3578.868s][info][gc             ] GC(833) Concurrent Mark Cycle
[3578.868s][info][gc,marking     ] GC(833) Concurrent Scan Root Regions
[3578.868s][info][gc,cpu         ] GC(832) User=0.70s Sys=0.00s Real=0.12s
[3579.013s][info][gc,marking     ] GC(833) Concurrent Scan Root Regions 145.109ms
[3579.014s][info][gc,marking     ] GC(833) Concurrent Mark
[3579.014s][info][gc,marking     ] GC(833) Concurrent Mark From Roots
[3579.014s][info][gc,task        ] GC(833) Using 2 workers of 2 for marking
.[3579.734s][info][gc,marking     ] GC(833) Concurrent Mark From Roots 720.622ms
[3579.734s][info][gc,marking     ] GC(833) Concurrent Preclean
[3579.734s][info][gc,marking     ] GC(833) Concurrent Preclean 0.135ms
[3579.736s][info][gc,start       ] GC(833) Pause Remark
[3579.740s][info][gc             ] GC(833) Pause Remark 2037M->2037M(4096M) 4.393ms
[3579.740s][info][gc,cpu         ] GC(833) User=0.02s Sys=0.00s Real=0.01s
[3579.740s][info][gc,marking     ] GC(833) Concurrent Mark 726.968ms
[3579.740s][info][gc,marking     ] GC(833) Concurrent Rebuild Remembered Sets and Scrub Regions
[3580.071s][info][gc,marking     ] GC(833) Concurrent Rebuild Remembered Sets and Scrub Regions 330.868ms
[3580.073s][info][gc,start       ] GC(833) Pause Cleanup
[3580.073s][info][gc             ] GC(833) Pause Cleanup 2331M->2331M(4096M) 0.133ms
[3580.073s][info][gc,cpu         ] GC(833) User=0.00s Sys=0.00s Real=0.00s
[3580.073s][info][gc,marking     ] GC(833) Concurrent Clear Claimed Marks
[3580.073s][info][gc,marking     ] GC(833) Concurrent Clear Claimed Marks 0.036ms
[3580.073s][info][gc,marking     ] GC(833) Concurrent Cleanup for Next Mark
[3580.079s][info][gc,marking     ] GC(833) Concurrent Cleanup for Next Mark 5.681ms
[3580.079s][info][gc             ] GC(833) Concurrent Mark Cycle 1210.547ms
..[3581.774s][info][gc,start       ] GC(834) Pause Young (Prepare Mixed) (G1 Evacuation Pause)
[3581.774s][info][gc,task        ] GC(834) Using 6 workers of 6 for evacuation
[3581.893s][info][gc,phases      ] GC(834)   Pre Evacuate Collection Set: 0.34ms
[3581.893s][info][gc,phases      ] GC(834)   Merge Heap Roots: 0.47ms
[3581.893s][info][gc,phases      ] GC(834)   Evacuate Collection Set: 117.36ms
[3581.893s][info][gc,phases      ] GC(834)   Post Evacuate Collection Set: 0.90ms
[3581.893s][info][gc,phases      ] GC(834)   Other: 0.09ms
[3581.893s][info][gc,heap        ] GC(834) Eden regions: 1117->0(1104)
[3581.893s][info][gc,heap        ] GC(834) Survivor regions: 111->112(154)
[3581.893s][info][gc,heap        ] GC(834) Old regions: 506->537
[3581.893s][info][gc,heap        ] GC(834) Humongous regions: 80->80
[3581.893s][info][gc,metaspace   ] GC(834) Metaspace: 28894K(29248K)->28894K(29248K) NonClass: 24026K(24192K)->24026K(24192K) Class: 4868K(5056K)->4868K(5056K)
[3581.893s][info][gc             ] GC(834) Pause Young (Prepare Mixed) (G1 Evacuation Pause) 3627M->1456M(4096M) 119.285ms
[3581.893s][info][gc,cpu         ] GC(834) User=0.70s Sys=0.01s Real=0.12s
...[3584.706s][info][gc,start       ] GC(835) Pause Young (Mixed) (G1 Evacuation Pause)
[3584.706s][info][gc,task        ] GC(835) Using 6 workers of 6 for evacuation
[3584.838s][info][gc,phases      ] GC(835)   Pre Evacuate Collection Set: 0.40ms
[3584.838s][info][gc,phases      ] GC(835)   Merge Heap Roots: 0.63ms
[3584.838s][info][gc,phases      ] GC(835)   Evacuate Collection Set: 129.28ms
[3584.838s][info][gc,phases      ] GC(835)   Post Evacuate Collection Set: 0.96ms
[3584.838s][info][gc,phases      ] GC(835)   Other: 0.09ms
[3584.838s][info][gc,heap        ] GC(835) Eden regions: 1104->0(1120)
[3584.838s][info][gc,heap        ] GC(835) Survivor regions: 112->108(152)
[3584.838s][info][gc,heap        ] GC(835) Old regions: 537->473
[3584.838s][info][gc,heap        ] GC(835) Humongous regions: 80->80
[3584.838s][info][gc,metaspace   ] GC(835) Metaspace: 28894K(29248K)->28894K(29248K) NonClass: 24026K(24192K)->24026K(24192K) Class: 4868K(5056K)->4868K(5056K)
[3584.838s][info][gc             ] GC(835) Pause Young (Mixed) (G1 Evacuation Pause) 3664M->1321M(4096M) 131.505ms
[3584.838s][info][gc,cpu         ] GC(835) User=0.78s Sys=0.00s Real=0.13s
...[3587.792s][info][gc,start       ] GC(836) Pause Young (Concurrent Start) (G1 Evacuation Pause)
[3587.792s][info][gc,task        ] GC(836) Using 6 workers of 6 for evacuation
[3587.914s][info][gc,phases      ] GC(836)   Pre Evacuate Collection Set: 0.34ms
[3587.914s][info][gc,phases      ] GC(836)   Merge Heap Roots: 0.45ms
[3587.914s][info][gc,phases      ] GC(836)   Evacuate Collection Set: 119.65ms
[3587.914s][info][gc,phases      ] GC(836)   Post Evacuate Collection Set: 0.89ms
[3587.914s][info][gc,phases      ] GC(836)   Other: 0.12ms
[3587.914s][info][gc,heap        ] GC(836) Eden regions: 1120->0(1115)
[3587.914s][info][gc,heap        ] GC(836) Survivor regions: 108->113(154)
[3587.914s][info][gc,heap        ] GC(836) Old regions: 473->505
[3587.914s][info][gc,heap        ] GC(836) Humongous regions: 80->80
[3587.914s][info][gc,metaspace   ] GC(836) Metaspace: 28894K(29248K)->28894K(29248K) NonClass: 24026K(24192K)->24026K(24192K) Class: 4868K(5056K)->4868K(5056K)
[3587.914s][info][gc             ] GC(836) Pause Young (Concurrent Start) (G1 Evacuation Pause) 3561M->1395M(4096M) 121.587ms
[3587.914s][info][gc             ] GC(837) Concurrent Mark Cycle
[3587.914s][info][gc,marking     ] GC(837) Concurrent Scan Root Regions
[3587.914s][info][gc,cpu         ] GC(836) User=0.72s Sys=0.00s Real=0.12s
[3588.109s][info][gc,marking     ] GC(837) Concurrent Scan Root Regions 195.297ms
[3588.109s][info][gc,marking     ] GC(837) Concurrent Mark
[3588.109s][info][gc,marking     ] GC(837) Concurrent Mark From Roots
[3588.109s][info][gc,task        ] GC(837) Using 2 workers of 2 for marking
.[3588.999s][info][gc,marking     ] GC(837) Concurrent Mark From Roots 890.072ms
[3588.999s][info][gc,marking     ] GC(837) Concurrent Preclean
[3588.999s][info][gc,marking     ] GC(837) Concurrent Preclean 0.103ms
[3589.000s][info][gc,start       ] GC(837) Pause Remark
[3589.005s][info][gc             ] GC(837) Pause Remark 2257M->2257M(4096M) 5.560ms
[3589.005s][info][gc,cpu         ] GC(837) User=0.02s Sys=0.00s Real=0.00s
[3589.005s][info][gc,marking     ] GC(837) Concurrent Mark 896.189ms
[3589.005s][info][gc,marking     ] GC(837) Concurrent Rebuild Remembered Sets and Scrub Regions
[3589.312s][info][gc,marking     ] GC(837) Concurrent Rebuild Remembered Sets and Scrub Regions 306.480ms
[3589.312s][info][gc,start       ] GC(837) Pause Cleanup
[3589.312s][info][gc             ] GC(837) Pause Cleanup 2498M->2498M(4096M) 0.103ms
[3589.312s][info][gc,cpu         ] GC(837) User=0.00s Sys=0.00s Real=0.00s
[3589.314s][info][gc,marking     ] GC(837) Concurrent Clear Claimed Marks
[3589.314s][info][gc,marking     ] GC(837) Concurrent Clear Claimed Marks 0.048ms
[3589.314s][info][gc,marking     ] GC(837) Concurrent Cleanup for Next Mark
[3589.319s][info][gc,marking     ] GC(837) Concurrent Cleanup for Next Mark 4.939ms
[3589.319s][info][gc             ] GC(837) Concurrent Mark Cycle 1405.059ms
..[3590.863s][info][gc,start       ] GC(838) Pause Young (Prepare Mixed) (G1 Evacuation Pause)
[3590.863s][info][gc,task        ] GC(838) Using 6 workers of 6 for evacuation
[3590.986s][info][gc,phases      ] GC(838)   Pre Evacuate Collection Set: 0.35ms
[3590.986s][info][gc,phases      ] GC(838)   Merge Heap Roots: 0.54ms
[3590.986s][info][gc,phases      ] GC(838)   Evacuate Collection Set: 120.84ms
[3590.986s][info][gc,phases      ] GC(838)   Post Evacuate Collection Set: 0.90ms
[3590.986s][info][gc,phases      ] GC(838)   Other: 0.09ms
[3590.986s][info][gc,heap        ] GC(838) Eden regions: 1115->0(1100)
[3590.986s][info][gc,heap        ] GC(838) Survivor regions: 113->114(154)
[3590.986s][info][gc,heap        ] GC(838) Old regions: 505->537
[3590.986s][info][gc,heap        ] GC(838) Humongous regions: 80->80
[3590.986s][info][gc,metaspace   ] GC(838) Metaspace: 28894K(29248K)->28894K(29248K) NonClass: 24026K(24192K)->24026K(24192K) Class: 4868K(5056K)->4868K(5056K)
[3590.986s][info][gc             ] GC(838) Pause Young (Prepare Mixed) (G1 Evacuation Pause) 3625M->1460M(4096M) 122.864ms
[3590.986s][info][gc,cpu         ] GC(838) User=0.73s Sys=0.00s Real=0.12s
...[3593.804s][info][gc,start       ] GC(839) Pause Young (Mixed) (G1 Evacuation Pause)
[3593.804s][info][gc,task        ] GC(839) Using 6 workers of 6 for evacuation
[3593.937s][info][gc,phases      ] GC(839)   Pre Evacuate Collection Set: 0.38ms
[3593.938s][info][gc,phases      ] GC(839)   Merge Heap Roots: 0.64ms
[3593.938s][info][gc,phases      ] GC(839)   Evacuate Collection Set: 131.50ms
[3593.938s][info][gc,phases      ] GC(839)   Post Evacuate Collection Set: 0.93ms
[3593.938s][info][gc,phases      ] GC(839)   Other: 0.09ms
[3593.938s][info][gc,heap        ] GC(839) Eden regions: 1100->0(1117)
[3593.938s][info][gc,heap        ] GC(839) Survivor regions: 114->111(152)
[3593.938s][info][gc,heap        ] GC(839) Old regions: 537->474
[3593.938s][info][gc,heap        ] GC(839) Humongous regions: 80->80
[3593.938s][info][gc,metaspace   ] GC(839) Metaspace: 28894K(29248K)->28894K(29248K) NonClass: 24026K(24192K)->24026K(24192K) Class: 4868K(5056K)->4868K(5056K)
[3593.938s][info][gc             ] GC(839) Pause Young (Mixed) (G1 Evacuation Pause) 3660M->1327M(4096M) 133.660ms
[3593.938s][info][gc,cpu         ] GC(839) User=0.79s Sys=0.00s Real=0.13s
...[3596.837s][info][gc,start       ] GC(840) Pause Young (Concurrent Start) (G1 Evacuation Pause)
[3596.837s][info][gc,task        ] GC(840) Using 6 workers of 6 for evacuation
[3596.955s][info][gc,phases      ] GC(840)   Pre Evacuate Collection Set: 0.41ms
[3596.955s][info][gc,phases      ] GC(840)   Merge Heap Roots: 0.49ms
[3596.955s][info][gc,phases      ] GC(840)   Evacuate Collection Set: 116.23ms
[3596.955s][info][gc,phases      ] GC(840)   Post Evacuate Collection Set: 0.86ms
[3596.955s][info][gc,phases      ] GC(840)   Other: 0.10ms
[3596.955s][info][gc,heap        ] GC(840) Eden regions: 1117->0(1117)
[3596.955s][info][gc,heap        ] GC(840) Survivor regions: 111->111(154)
[3596.955s][info][gc,heap        ] GC(840) Old regions: 474->507
[3596.955s][info][gc,heap        ] GC(840) Humongous regions: 80->80
[3596.955s][info][gc,metaspace   ] GC(840) Metaspace: 28894K(29248K)->28894K(29248K) NonClass: 24026K(24192K)->24026K(24192K) Class: 4868K(5056K)->4868K(5056K)
[3596.955s][info][gc             ] GC(840) Pause Young (Concurrent Start) (G1 Evacuation Pause) 3561M->1394M(4096M) 118.220ms
[3596.955s][info][gc             ] GC(841) Concurrent Mark Cycle
[3596.955s][info][gc,marking     ] GC(841) Concurrent Scan Root Regions
[3596.955s][info][gc,cpu         ] GC(840) User=0.70s Sys=0.00s Real=0.12s
[3597.099s][info][gc,marking     ] GC(841) Concurrent Scan Root Regions 143.690ms
[3597.099s][info][gc,marking     ] GC(841) Concurrent Mark
[3597.099s][info][gc,marking     ] GC(841) Concurrent Mark From Roots
[3597.099s][info][gc,task        ] GC(841) Using 2 workers of 2 for marking
.[3597.837s][info][gc,marking     ] GC(841) Concurrent Mark From Roots 737.867ms
[3597.837s][info][gc,marking     ] GC(841) Concurrent Preclean
[3597.837s][info][gc,marking     ] GC(841) Concurrent Preclean 0.103ms
[3597.837s][info][gc,start       ] GC(841) Pause Remark
[3597.842s][info][gc             ] GC(841) Pause Remark 2114M->2114M(4096M) 4.838ms
[3597.842s][info][gc,cpu         ] GC(841) User=0.03s Sys=0.00s Real=0.01s
[3597.842s][info][gc,marking     ] GC(841) Concurrent Mark 743.134ms
[3597.842s][info][gc,marking     ] GC(841) Concurrent Rebuild Remembered Sets and Scrub Regions
[3598.092s][info][gc,marking     ] GC(841) Concurrent Rebuild Remembered Sets and Scrub Regions 250.254ms
[3598.093s][info][gc,start       ] GC(841) Pause Cleanup
[3598.093s][info][gc             ] GC(841) Pause Cleanup 2322M->2322M(4096M) 0.119ms
[3598.093s][info][gc,cpu         ] GC(841) User=0.00s Sys=0.00s Real=0.00s
[3598.093s][info][gc,marking     ] GC(841) Concurrent Clear Claimed Marks
[3598.093s][info][gc,marking     ] GC(841) Concurrent Clear Claimed Marks 0.026ms
[3598.093s][info][gc,marking     ] GC(841) Concurrent Cleanup for Next Mark
[3598.098s][info][gc,marking     ] GC(841) Concurrent Cleanup for Next Mark 4.790ms
[3598.098s][info][gc             ] GC(841) Concurrent Mark Cycle 1142.837ms
..[3599.844s][info][gc,start       ] GC(842) Pause Young (Prepare Mixed) (G1 Evacuation Pause)
[3599.844s][info][gc,task        ] GC(842) Using 6 workers of 6 for evacuation
[3599.962s][info][gc,phases      ] GC(842)   Pre Evacuate Collection Set: 0.35ms
[3599.962s][info][gc,phases      ] GC(842)   Merge Heap Roots: 0.45ms
[3599.962s][info][gc,phases      ] GC(842)   Evacuate Collection Set: 116.52ms
[3599.962s][info][gc,phases      ] GC(842)   Post Evacuate Collection Set: 0.95ms
[3599.962s][info][gc,phases      ] GC(842)   Other: 0.08ms
[3599.962s][info][gc,heap        ] GC(842) Eden regions: 1117->0(1105)
[3599.962s][info][gc,heap        ] GC(842) Survivor regions: 111->111(154)
[3599.962s][info][gc,heap        ] GC(842) Old regions: 507->538
[3599.962s][info][gc,heap        ] GC(842) Humongous regions: 80->80
[3599.962s][info][gc,metaspace   ] GC(842) Metaspace: 28894K(29248K)->28894K(29248K) NonClass: 24026K(24192K)->24026K(24192K) Class: 4868K(5056K)->4868K(5056K)
[3599.962s][info][gc             ] GC(842) Pause Young (Prepare Mixed) (G1 Evacuation Pause) 3628M->1456M(4096M) 118.471ms
[3599.962s][info][gc,cpu         ] GC(842) User=0.69s Sys=0.01s Real=0.12s
. (rIR:aIR:PR = 6227:6226:6226) (tPR = 91925) [OK] 
  3600s: Performance info:
         Transaction,    Success,    Partial,     Failed,   Receipts, AvgBarcode, 
             Overall,     375323,          0,          0,     356546,      59.48, 
         Response times:
             Request,    Success,    Partial,     Failed,   SkipFail,     Probes,    Samples,      min,      p50,      p90,      p95,      p99,      max, 
       TotalPurchase,     356546,          0,          0,          0,     350247,     380044,      300,     5300,    31000,    66000,   126000,   501000,
     InStorePurchase,     187682,          0,          0,          0,     184382,     199627,      300,     5600,    33000,    68000,   128000,   461000,
      OnlinePurchase,     131349,          0,          0,          0,     129189,     140373,      300,     5000,    30000,    65000,   124000,   501000,
        InstPurchase,      37515,          0,          0,          0,      36676,      40044,      400,     4800,    29000,    63000,   125000,   281000,
          AssocOfCat,        377,          0,          0,          0,        313,        409,    24000,    36000,    78000,   108000,   162700,   242000,
      AssocOfProduct,       3748,          0,          0,          0,       3460,       3968,      700,     5000,    31000,    66550,   127000,   214000,
      BusinessReport,        939,          0,          0,          0,        816,       1014,    25000,    41000,    90000,   140250,   215400,   347000,
          CustBuyBeh,       3763,          0,          0,          0,       3513,       3971,      500,     4300,    27000,    60000,   120000,   272000,
       ProductReturn,       9950,          0,          0,          0,       9574,      10738,      500,     5400,    38000,    73000,   129000,   272000,

  3600s: (46%)   IR =   6365 ..[3602.762s][info][gc,start       ] GC(843) Pause Young (Mixed) (G1 Evacuation Pause)
[3602.762s][info][gc,task        ] GC(843) Using 6 workers of 6 for evacuation
[3602.896s][info][gc,phases      ] GC(843)   Pre Evacuate Collection Set: 0.39ms
[3602.896s][info][gc,phases      ] GC(843)   Merge Heap Roots: 0.70ms
[3602.896s][info][gc,phases      ] GC(843)   Evacuate Collection Set: 131.31ms
[3602.896s][info][gc,phases      ] GC(843)   Post Evacuate Collection Set: 0.95ms
[3602.896s][info][gc,phases      ] GC(843)   Other: 0.09ms
[3602.896s][info][gc,heap        ] GC(843) Eden regions: 1105->0(1118)
[3602.896s][info][gc,heap        ] GC(843) Survivor regions: 111->110(152)
[3602.896s][info][gc,heap        ] GC(843) Old regions: 538->475
[3602.896s][info][gc,heap        ] GC(843) Humongous regions: 80->80
[3602.896s][info][gc,metaspace   ] GC(843) Metaspace: 28895K(29248K)->28895K(29248K) NonClass: 24027K(24192K)->24027K(24192K) Class: 4868K(5056K)->4868K(5056K)
[3602.896s][info][gc             ] GC(843) Pause Young (Mixed) (G1 Evacuation Pause) 3666M->1328M(4096M) 133.593ms
[3602.896s][info][gc,cpu         ] GC(843) User=0.79s Sys=0.00s Real=0.13s
..|.[3605.736s][info][gc,start       ] GC(844) Pause Young (Concurrent Start) (G1 Evacuation Pause)
[3605.736s][info][gc,task        ] GC(844) Using 6 workers of 6 for evacuation
[3605.856s][info][gc,phases      ] GC(844)   Pre Evacuate Collection Set: 0.37ms
[3605.856s][info][gc,phases      ] GC(844)   Merge Heap Roots: 0.43ms
[3605.856s][info][gc,phases      ] GC(844)   Evacuate Collection Set: 117.29ms
[3605.856s][info][gc,phases      ] GC(844)   Post Evacuate Collection Set: 0.93ms
[3605.856s][info][gc,phases      ] GC(844)   Other: 0.11ms
[3605.856s][info][gc,heap        ] GC(844) Eden regions: 1118->0(1117)
[3605.856s][info][gc,heap        ] GC(844) Survivor regions: 110->111(154)
[3605.856s][info][gc,heap        ] GC(844) Old regions: 475->506
[3605.856s][info][gc,heap        ] GC(844) Humongous regions: 80->80
[3605.856s][info][gc,metaspace   ] GC(844) Metaspace: 28895K(29248K)->28895K(29248K) NonClass: 24027K(24192K)->24027K(24192K) Class: 4868K(5056K)->4868K(5056K)
[3605.856s][info][gc             ] GC(844) Pause Young (Concurrent Start) (G1 Evacuation Pause) 3564M->1392M(4096M) 119.253ms
[3605.856s][info][gc             ] GC(845) Concurrent Mark Cycle
[3605.856s][info][gc,marking     ] GC(845) Concurrent Scan Root Regions
[3605.856s][info][gc,cpu         ] GC(844) User=0.70s Sys=0.00s Real=0.12s
[3606.097s][info][gc,marking     ] GC(845) Concurrent Scan Root Regions 241.631ms
[3606.097s][info][gc,marking     ] GC(845) Concurrent Mark
[3606.097s][info][gc,marking     ] GC(845) Concurrent Mark From Roots
[3606.097s][info][gc,task        ] GC(845) Using 2 workers of 2 for marking
.[3607.047s][info][gc,marking     ] GC(845) Concurrent Mark From Roots 949.666ms
[3607.047s][info][gc,marking     ] GC(845) Concurrent Preclean
[3607.047s][info][gc,marking     ] GC(845) Concurrent Preclean 0.146ms
[3607.047s][info][gc,start       ] GC(845) Pause Remark
[3607.053s][info][gc             ] GC(845) Pause Remark 2394M->2394M(4096M) 5.982ms
[3607.054s][info][gc,cpu         ] GC(845) User=0.04s Sys=0.00s Real=0.01s
[3607.054s][info][gc,marking     ] GC(845) Concurrent Mark 956.858ms
[3607.054s][info][gc,marking     ] GC(845) Concurrent Rebuild Remembered Sets and Scrub Regions
[3607.339s][info][gc,marking     ] GC(845) Concurrent Rebuild Remembered Sets and Scrub Regions 284.338ms
[3607.339s][info][gc,start       ] GC(845) Pause Cleanup
[3607.339s][info][gc             ] GC(845) Pause Cleanup 2611M->2611M(4096M) 0.110ms
[3607.339s][info][gc,cpu         ] GC(845) User=0.00s Sys=0.00s Real=0.00s
[3607.339s][info][gc,marking     ] GC(845) Concurrent Clear Claimed Marks
[3607.339s][info][gc,marking     ] GC(845) Concurrent Clear Claimed Marks 0.031ms
[3607.339s][info][gc,marking     ] GC(845) Concurrent Cleanup for Next Mark
[3607.350s][info][gc,marking     ] GC(845) Concurrent Cleanup for Next Mark 11.122ms
[3607.350s][info][gc             ] GC(845) Concurrent Mark Cycle 1494.576ms
..[3608.687s][info][gc,start       ] GC(846) Pause Young (Prepare Mixed) (G1 Evacuation Pause)
[3608.687s][info][gc,task        ] GC(846) Using 6 workers of 6 for evacuation
[3608.806s][info][gc,phases      ] GC(846)   Pre Evacuate Collection Set: 0.35ms
[3608.806s][info][gc,phases      ] GC(846)   Merge Heap Roots: 0.49ms
[3608.806s][info][gc,phases      ] GC(846)   Evacuate Collection Set: 117.00ms
[3608.806s][info][gc,phases      ] GC(846)   Post Evacuate Collection Set: 0.92ms
[3608.806s][info][gc,phases      ] GC(846)   Other: 0.08ms
[3608.806s][info][gc,heap        ] GC(846) Eden regions: 1117->0(1105)
[3608.806s][info][gc,heap        ] GC(846) Survivor regions: 111->111(154)
[3608.806s][info][gc,heap        ] GC(846) Old regions: 506->538
[3608.806s][info][gc,heap        ] GC(846) Humongous regions: 80->80
[3608.806s][info][gc,metaspace   ] GC(846) Metaspace: 28895K(29248K)->28895K(29248K) NonClass: 24027K(24192K)->24027K(24192K) Class: 4868K(5056K)->4868K(5056K)
[3608.806s][info][gc             ] GC(846) Pause Young (Prepare Mixed) (G1 Evacuation Pause) 3626M->1456M(4096M) 119.005ms
[3608.806s][info][gc,cpu         ] GC(846) User=0.70s Sys=0.00s Real=0.12s
...[3611.626s][info][gc,start       ] GC(847) Pause Young (Mixed) (G1 Evacuation Pause)
[3611.626s][info][gc,task        ] GC(847) Using 6 workers of 6 for evacuation
[3611.759s][info][gc,phases      ] GC(847)   Pre Evacuate Collection Set: 0.36ms
[3611.759s][info][gc,phases      ] GC(847)   Merge Heap Roots: 0.62ms
[3611.759s][info][gc,phases      ] GC(847)   Evacuate Collection Set: 130.61ms
[3611.759s][info][gc,phases      ] GC(847)   Post Evacuate Collection Set: 0.94ms
[3611.759s][info][gc,phases      ] GC(847)   Other: 0.08ms
[3611.759s][info][gc,heap        ] GC(847) Eden regions: 1105->0(1119)
[3611.759s][info][gc,heap        ] GC(847) Survivor regions: 111->109(152)
[3611.759s][info][gc,heap        ] GC(847) Old regions: 538->474
[3611.759s][info][gc,heap        ] GC(847) Humongous regions: 80->80
[3611.759s][info][gc,metaspace   ] GC(847) Metaspace: 28895K(29248K)->28895K(29248K) NonClass: 24027K(24192K)->24027K(24192K) Class: 4868K(5056K)->4868K(5056K)
[3611.759s][info][gc             ] GC(847) Pause Young (Mixed) (G1 Evacuation Pause) 3666M->1324M(4096M) 132.775ms
[3611.759s][info][gc,cpu         ] GC(847) User=0.78s Sys=0.00s Real=0.14s
...[3614.582s][info][gc,start       ] GC(848) Pause Young (Concurrent Start) (G1 Evacuation Pause)
[3614.582s][info][gc,task        ] GC(848) Using 6 workers of 6 for evacuation
[3614.699s][info][gc,phases      ] GC(848)   Pre Evacuate Collection Set: 0.39ms
[3614.699s][info][gc,phases      ] GC(848)   Merge Heap Roots: 0.43ms
[3614.699s][info][gc,phases      ] GC(848)   Evacuate Collection Set: 115.09ms
[3614.699s][info][gc,phases      ] GC(848)   Post Evacuate Collection Set: 0.90ms
[3614.699s][info][gc,phases      ] GC(848)   Other: 0.11ms
[3614.699s][info][gc,heap        ] GC(848) Eden regions: 1119->0(1118)
[3614.699s][info][gc,heap        ] GC(848) Survivor regions: 109->110(154)
[3614.699s][info][gc,heap        ] GC(848) Old regions: 474->505
[3614.699s][info][gc,heap        ] GC(848) Humongous regions: 80->80
[3614.699s][info][gc,metaspace   ] GC(848) Metaspace: 28895K(29248K)->28895K(29248K) NonClass: 24027K(24192K)->24027K(24192K) Class: 4868K(5056K)->4868K(5056K)
[3614.699s][info][gc             ] GC(848) Pause Young (Concurrent Start) (G1 Evacuation Pause) 3562M->1389M(4096M) 117.041ms
[3614.699s][info][gc             ] GC(849) Concurrent Mark Cycle
[3614.699s][info][gc,marking     ] GC(849) Concurrent Scan Root Regions
[3614.699s][info][gc,cpu         ] GC(848) User=0.69s Sys=0.00s Real=0.12s
[3614.916s][info][gc,marking     ] GC(849) Concurrent Scan Root Regions 217.267ms
[3614.916s][info][gc,marking     ] GC(849) Concurrent Mark
[3614.916s][info][gc,marking     ] GC(849) Concurrent Mark From Roots
[3614.916s][info][gc,task        ] GC(849) Using 2 workers of 2 for marking
.[3615.858s][info][gc,marking     ] GC(849) Concurrent Mark From Roots 941.721ms
[3615.858s][info][gc,marking     ] GC(849) Concurrent Preclean
[3615.858s][info][gc,marking     ] GC(849) Concurrent Preclean 0.121ms
[3615.859s][info][gc,start       ] GC(849) Pause Remark
[3615.865s][info][gc             ] GC(849) Pause Remark 2337M->2337M(4096M) 5.929ms
[3615.865s][info][gc,cpu         ] GC(849) User=0.04s Sys=0.00s Real=0.00s
[3615.867s][info][gc,marking     ] GC(849) Concurrent Mark 950.196ms
[3615.867s][info][gc,marking     ] GC(849) Concurrent Rebuild Remembered Sets and Scrub Regions
[3616.195s][info][gc,marking     ] GC(849) Concurrent Rebuild Remembered Sets and Scrub Regions 328.914ms
[3616.196s][info][gc,start       ] GC(849) Pause Cleanup
[3616.196s][info][gc             ] GC(849) Pause Cleanup 2609M->2609M(4096M) 0.112ms
[3616.196s][info][gc,cpu         ] GC(849) User=0.00s Sys=0.00s Real=0.00s
[3616.196s][info][gc,marking     ] GC(849) Concurrent Clear Claimed Marks
[3616.196s][info][gc,marking     ] GC(849) Concurrent Clear Claimed Marks 0.029ms
[3616.196s][info][gc,marking     ] GC(849) Concurrent Cleanup for Next Mark
[3616.202s][info][gc,marking     ] GC(849) Concurrent Cleanup for Next Mark 5.668ms
[3616.202s][info][gc             ] GC(849) Concurrent Mark Cycle 1502.679ms
.[3617.569s][info][gc,start       ] GC(850) Pause Young (Prepare Mixed) (G1 Evacuation Pause)
[3617.569s][info][gc,task        ] GC(850) Using 6 workers of 6 for evacuation
[3617.686s][info][gc,phases      ] GC(850)   Pre Evacuate Collection Set: 0.35ms
[3617.686s][info][gc,phases      ] GC(850)   Merge Heap Roots: 0.47ms
[3617.686s][info][gc,phases      ] GC(850)   Evacuate Collection Set: 115.66ms
[3617.686s][info][gc,phases      ] GC(850)   Post Evacuate Collection Set: 0.93ms
[3617.686s][info][gc,phases      ] GC(850)   Other: 0.09ms
[3617.686s][info][gc,heap        ] GC(850) Eden regions: 1118->0(1106)
[3617.686s][info][gc,heap        ] GC(850) Survivor regions: 110->111(154)
[3617.686s][info][gc,heap        ] GC(850) Old regions: 505->537
[3617.686s][info][gc,heap        ] GC(850) Humongous regions: 80->80
[3617.686s][info][gc,metaspace   ] GC(850) Metaspace: 28895K(29248K)->28895K(29248K) NonClass: 24027K(24192K)->24027K(24192K) Class: 4868K(5056K)->4868K(5056K)
[3617.686s][info][gc             ] GC(850) Pause Young (Prepare Mixed) (G1 Evacuation Pause) 3625M->1454M(4096M) 117.645ms
[3617.686s][info][gc,cpu         ] GC(850) User=0.70s Sys=0.00s Real=0.11s
...[3620.526s][info][gc,start       ] GC(851) Pause Young (Mixed) (G1 Evacuation Pause)
[3620.526s][info][gc,task        ] GC(851) Using 6 workers of 6 for evacuation
[3620.661s][info][gc,phases      ] GC(851)   Pre Evacuate Collection Set: 0.39ms
[3620.661s][info][gc,phases      ] GC(851)   Merge Heap Roots: 0.63ms
[3620.661s][info][gc,phases      ] GC(851)   Evacuate Collection Set: 132.39ms
[3620.661s][info][gc,phases      ] GC(851)   Post Evacuate Collection Set: 0.93ms
[3620.661s][info][gc,phases      ] GC(851)   Other: 0.10ms
[3620.661s][info][gc,heap        ] GC(851) Eden regions: 1106->0(1118)
[3620.661s][info][gc,heap        ] GC(851) Survivor regions: 111->110(153)
[3620.661s][info][gc,heap        ] GC(851) Old regions: 537->473
[3620.661s][info][gc,heap        ] GC(851) Humongous regions: 80->80
[3620.661s][info][gc,metaspace   ] GC(851) Metaspace: 28895K(29248K)->28895K(29248K) NonClass: 24027K(24192K)->24027K(24192K) Class: 4868K(5056K)->4868K(5056K)
[3620.661s][info][gc             ] GC(851) Pause Young (Mixed) (G1 Evacuation Pause) 3666M->1324M(4096M) 134.603ms
[3620.661s][info][gc,cpu         ] GC(851) User=0.80s Sys=0.00s Real=0.14s
...[3623.479s][info][gc,start       ] GC(852) Pause Young (Concurrent Start) (G1 Evacuation Pause)
[3623.479s][info][gc,task        ] GC(852) Using 6 workers of 6 for evacuation
[3623.593s][info][gc,phases      ] GC(852)   Pre Evacuate Collection Set: 0.37ms
[3623.593s][info][gc,phases      ] GC(852)   Merge Heap Roots: 0.42ms
[3623.593s][info][gc,phases      ] GC(852)   Evacuate Collection Set: 111.74ms
[3623.593s][info][gc,phases      ] GC(852)   Post Evacuate Collection Set: 0.88ms
[3623.593s][info][gc,phases      ] GC(852)   Other: 0.13ms
[3623.593s][info][gc,heap        ] GC(852) Eden regions: 1118->0(1120)
[3623.593s][info][gc,heap        ] GC(852) Survivor regions: 110->108(154)
[3623.593s][info][gc,heap        ] GC(852) Old regions: 473->504
[3623.593s][info][gc,heap        ] GC(852) Humongous regions: 80->80
[3623.593s][info][gc,metaspace   ] GC(852) Metaspace: 28895K(29248K)->28895K(29248K) NonClass: 24027K(24192K)->24027K(24192K) Class: 4868K(5056K)->4868K(5056K)
[3623.593s][info][gc             ] GC(852) Pause Young (Concurrent Start) (G1 Evacuation Pause) 3560M->1383M(4096M) 113.666ms
[3623.593s][info][gc             ] GC(853) Concurrent Mark Cycle
[3623.593s][info][gc,marking     ] GC(853) Concurrent Scan Root Regions
[3623.593s][info][gc,cpu         ] GC(852) User=0.67s Sys=0.00s Real=0.11s
.[3623.782s][info][gc,marking     ] GC(853) Concurrent Scan Root Regions 189.247ms
[3623.782s][info][gc,marking     ] GC(853) Concurrent Mark
[3623.782s][info][gc,marking     ] GC(853) Concurrent Mark From Roots
[3623.782s][info][gc,task        ] GC(853) Using 2 workers of 2 for marking
[3624.810s][info][gc,marking     ] GC(853) Concurrent Mark From Roots 1028.236ms
[3624.811s][info][gc,marking     ] GC(853) Concurrent Preclean
[3624.811s][info][gc,marking     ] GC(853) Concurrent Preclean 0.106ms
[3624.811s][info][gc,start       ] GC(853) Pause Remark
[3624.820s][info][gc             ] GC(853) Pause Remark 2367M->2367M(4096M) 8.145ms
[3624.820s][info][gc,cpu         ] GC(853) User=0.03s Sys=0.00s Real=0.01s
[3624.820s][info][gc,marking     ] GC(853) Concurrent Mark 1037.813ms
[3624.820s][info][gc,marking     ] GC(853) Concurrent Rebuild Remembered Sets and Scrub Regions
.[3625.075s][info][gc,marking     ] GC(853) Concurrent Rebuild Remembered Sets and Scrub Regions 254.933ms
[3625.075s][info][gc,start       ] GC(853) Pause Cleanup
[3625.075s][info][gc             ] GC(853) Pause Cleanup 2583M->2583M(4096M) 0.101ms
[3625.075s][info][gc,cpu         ] GC(853) User=0.00s Sys=0.00s Real=0.00s
[3625.075s][info][gc,marking     ] GC(853) Concurrent Clear Claimed Marks
[3625.075s][info][gc,marking     ] GC(853) Concurrent Clear Claimed Marks 0.027ms
[3625.075s][info][gc,marking     ] GC(853) Concurrent Cleanup for Next Mark
[3625.079s][info][gc,marking     ] GC(853) Concurrent Cleanup for Next Mark 3.791ms
[3625.079s][info][gc             ] GC(853) Concurrent Mark Cycle 1486.273ms
.[3626.451s][info][gc,start       ] GC(854) Pause Young (Prepare Mixed) (G1 Evacuation Pause)
[3626.451s][info][gc,task        ] GC(854) Using 6 workers of 6 for evacuation
[3626.566s][info][gc,phases      ] GC(854)   Pre Evacuate Collection Set: 0.35ms
[3626.566s][info][gc,phases      ] GC(854)   Merge Heap Roots: 0.49ms
[3626.566s][info][gc,phases      ] GC(854)   Evacuate Collection Set: 112.26ms
[3626.566s][info][gc,phases      ] GC(854)   Post Evacuate Collection Set: 0.92ms
[3626.566s][info][gc,phases      ] GC(854)   Other: 0.09ms
[3626.566s][info][gc,heap        ] GC(854) Eden regions: 1120->0(1112)
[3626.566s][info][gc,heap        ] GC(854) Survivor regions: 108->108(154)
[3626.566s][info][gc,heap        ] GC(854) Old regions: 504->537
[3626.566s][info][gc,heap        ] GC(854) Humongous regions: 80->80
[3626.566s][info][gc,metaspace   ] GC(854) Metaspace: 28895K(29248K)->28895K(29248K) NonClass: 24027K(24192K)->24027K(24192K) Class: 4868K(5056K)->4868K(5056K)
[3626.566s][info][gc             ] GC(854) Pause Young (Prepare Mixed) (G1 Evacuation Pause) 3623M->1449M(4096M) 114.233ms
[3626.566s][info][gc,cpu         ] GC(854) User=0.68s Sys=0.00s Real=0.11s
...[3629.362s][info][gc,start       ] GC(855) Pause Young (Mixed) (G1 Evacuation Pause)
[3629.362s][info][gc,task        ] GC(855) Using 6 workers of 6 for evacuation
[3629.492s][info][gc,phases      ] GC(855)   Pre Evacuate Collection Set: 0.39ms
[3629.492s][info][gc,phases      ] GC(855)   Merge Heap Roots: 0.61ms
[3629.492s][info][gc,phases      ] GC(855)   Evacuate Collection Set: 127.98ms
[3629.492s][info][gc,phases      ] GC(855)   Post Evacuate Collection Set: 0.96ms
[3629.492s][info][gc,phases      ] GC(855)   Other: 0.08ms
[3629.492s][info][gc,heap        ] GC(855) Eden regions: 1112->0(1121)
[3629.492s][info][gc,heap        ] GC(855) Survivor regions: 108->107(153)
[3629.492s][info][gc,heap        ] GC(855) Old regions: 537->475
[3629.492s][info][gc,heap        ] GC(855) Humongous regions: 80->80
[3629.492s][info][gc,metaspace   ] GC(855) Metaspace: 28895K(29248K)->28895K(29248K) NonClass: 24027K(24192K)->24027K(24192K) Class: 4868K(5056K)->4868K(5056K)
[3629.492s][info][gc             ] GC(855) Pause Young (Mixed) (G1 Evacuation Pause) 3673M->1321M(4096M) 130.158ms
[3629.492s][info][gc,cpu         ] GC(855) User=0.77s Sys=0.00s Real=0.13s
...[3632.316s][info][gc,start       ] GC(856) Pause Young (Concurrent Start) (G1 Evacuation Pause)
[3632.316s][info][gc,task        ] GC(856) Using 6 workers of 6 for evacuation
[3632.430s][info][gc,phases      ] GC(856)   Pre Evacuate Collection Set: 0.40ms
[3632.430s][info][gc,phases      ] GC(856)   Merge Heap Roots: 0.44ms
[3632.430s][info][gc,phases      ] GC(856)   Evacuate Collection Set: 112.44ms
[3632.430s][info][gc,phases      ] GC(856)   Post Evacuate Collection Set: 0.89ms
[3632.430s][info][gc,phases      ] GC(856)   Other: 0.13ms
[3632.430s][info][gc,heap        ] GC(856) Eden regions: 1121->0(1121)
[3632.430s][info][gc,heap        ] GC(856) Survivor regions: 107->107(154)
[3632.430s][info][gc,heap        ] GC(856) Old regions: 475->506
[3632.430s][info][gc,heap        ] GC(856) Humongous regions: 80->80
[3632.430s][info][gc,metaspace   ] GC(856) Metaspace: 28895K(29248K)->28895K(29248K) NonClass: 24027K(24192K)->24027K(24192K) Class: 4868K(5056K)->4868K(5056K)
[3632.430s][info][gc             ] GC(856) Pause Young (Concurrent Start) (G1 Evacuation Pause) 3563M->1385M(4096M) 114.422ms
[3632.430s][info][gc             ] GC(857) Concurrent Mark Cycle
[3632.430s][info][gc,marking     ] GC(857) Concurrent Scan Root Regions
[3632.430s][info][gc,cpu         ] GC(856) User=0.68s Sys=0.01s Real=0.12s
[3632.576s][info][gc,marking     ] GC(857) Concurrent Scan Root Regions 145.606ms
[3632.576s][info][gc,marking     ] GC(857) Concurrent Mark
[3632.576s][info][gc,marking     ] GC(857) Concurrent Mark From Roots
[3632.576s][info][gc,task        ] GC(857) Using 2 workers of 2 for marking
.[3633.257s][info][gc,marking     ] GC(857) Concurrent Mark From Roots 681.136ms
[3633.257s][info][gc,marking     ] GC(857) Concurrent Preclean
[3633.257s][info][gc,marking     ] GC(857) Concurrent Preclean 0.090ms
[3633.259s][info][gc,start       ] GC(857) Pause Remark
[3633.263s][info][gc             ] GC(857) Pause Remark 2025M->2025M(4096M) 4.847ms
[3633.263s][info][gc,cpu         ] GC(857) User=0.03s Sys=0.00s Real=0.00s
[3633.265s][info][gc,marking     ] GC(857) Concurrent Mark 688.878ms
[3633.265s][info][gc,marking     ] GC(857) Concurrent Rebuild Remembered Sets and Scrub Regions
[3633.519s][info][gc,marking     ] GC(857) Concurrent Rebuild Remembered Sets and Scrub Regions 254.179ms
[3633.519s][info][gc,start       ] GC(857) Pause Cleanup
[3633.519s][info][gc             ] GC(857) Pause Cleanup 2227M->2227M(4096M) 0.113ms
[3633.519s][info][gc,cpu         ] GC(857) User=0.00s Sys=0.00s Real=0.00s
[3633.519s][info][gc,marking     ] GC(857) Concurrent Clear Claimed Marks
[3633.519s][info][gc,marking     ] GC(857) Concurrent Clear Claimed Marks 0.037ms
[3633.519s][info][gc,marking     ] GC(857) Concurrent Cleanup for Next Mark
[3633.527s][info][gc,marking     ] GC(857) Concurrent Cleanup for Next Mark 7.301ms
[3633.527s][info][gc             ] GC(857) Concurrent Mark Cycle 1096.702ms
..[3635.327s][info][gc,start       ] GC(858) Pause Young (Prepare Mixed) (G1 Evacuation Pause)
[3635.327s][info][gc,task        ] GC(858) Using 6 workers of 6 for evacuation
[3635.445s][info][gc,phases      ] GC(858)   Pre Evacuate Collection Set: 0.33ms
[3635.445s][info][gc,phases      ] GC(858)   Merge Heap Roots: 0.47ms
[3635.445s][info][gc,phases      ] GC(858)   Evacuate Collection Set: 116.37ms
[3635.445s][info][gc,phases      ] GC(858)   Post Evacuate Collection Set: 0.93ms
[3635.445s][info][gc,phases      ] GC(858)   Other: 0.09ms
[3635.445s][info][gc,heap        ] GC(858) Eden regions: 1121->0(1105)
[3635.445s][info][gc,heap        ] GC(858) Survivor regions: 107->111(154)
[3635.445s][info][gc,heap        ] GC(858) Old regions: 506->538
[3635.445s][info][gc,heap        ] GC(858) Humongous regions: 80->80
[3635.445s][info][gc,metaspace   ] GC(858) Metaspace: 28895K(29248K)->28895K(29248K) NonClass: 24027K(24192K)->24027K(24192K) Class: 4868K(5056K)->4868K(5056K)
[3635.445s][info][gc             ] GC(858) Pause Young (Prepare Mixed) (G1 Evacuation Pause) 3627M->1455M(4096M) 118.318ms
[3635.446s][info][gc,cpu         ] GC(858) User=0.70s Sys=0.00s Real=0.12s
...[3638.291s][info][gc,start       ] GC(859) Pause Young (Mixed) (G1 Evacuation Pause)
[3638.291s][info][gc,task        ] GC(859) Using 6 workers of 6 for evacuation
[3638.425s][info][gc,phases      ] GC(859)   Pre Evacuate Collection Set: 0.41ms
[3638.425s][info][gc,phases      ] GC(859)   Merge Heap Roots: 0.66ms
[3638.425s][info][gc,phases      ] GC(859)   Evacuate Collection Set: 131.18ms
[3638.425s][info][gc,phases      ] GC(859)   Post Evacuate Collection Set: 0.94ms
[3638.425s][info][gc,phases      ] GC(859)   Other: 0.09ms
[3638.425s][info][gc,heap        ] GC(859) Eden regions: 1105->0(1117)
[3638.425s][info][gc,heap        ] GC(859) Survivor regions: 111->111(152)
[3638.425s][info][gc,heap        ] GC(859) Old regions: 538->473
[3638.425s][info][gc,heap        ] GC(859) Humongous regions: 80->80
[3638.425s][info][gc,metaspace   ] GC(859) Metaspace: 28895K(29248K)->28895K(29248K) NonClass: 24027K(24192K)->24027K(24192K) Class: 4868K(5056K)->4868K(5056K)
[3638.425s][info][gc             ] GC(859) Pause Young (Mixed) (G1 Evacuation Pause) 3665M->1326M(4096M) 133.404ms
[3638.425s][info][gc,cpu         ] GC(859) User=0.79s Sys=0.00s Real=0.13s
...[3641.236s][info][gc,start       ] GC(860) Pause Young (Concurrent Start) (G1 Evacuation Pause)
[3641.236s][info][gc,task        ] GC(860) Using 6 workers of 6 for evacuation
[3641.349s][info][gc,phases      ] GC(860)   Pre Evacuate Collection Set: 0.39ms
[3641.349s][info][gc,phases      ] GC(860)   Merge Heap Roots: 0.44ms
[3641.349s][info][gc,phases      ] GC(860)   Evacuate Collection Set: 111.28ms
[3641.349s][info][gc,phases      ] GC(860)   Post Evacuate Collection Set: 0.93ms
[3641.349s][info][gc,phases      ] GC(860)   Other: 0.13ms
[3641.349s][info][gc,heap        ] GC(860) Eden regions: 1117->0(1120)
[3641.349s][info][gc,heap        ] GC(860) Survivor regions: 111->108(154)
[3641.349s][info][gc,heap        ] GC(860) Old regions: 473->506
[3641.349s][info][gc,heap        ] GC(860) Humongous regions: 80->80
[3641.349s][info][gc,metaspace   ] GC(860) Metaspace: 28895K(29248K)->28895K(29248K) NonClass: 24027K(24192K)->24027K(24192K) Class: 4868K(5056K)->4868K(5056K)
[3641.350s][info][gc             ] GC(860) Pause Young (Concurrent Start) (G1 Evacuation Pause) 3560M->1386M(4096M) 113.312ms
[3641.350s][info][gc             ] GC(861) Concurrent Mark Cycle
[3641.350s][info][gc,marking     ] GC(861) Concurrent Scan Root Regions
[3641.350s][info][gc,cpu         ] GC(860) User=0.67s Sys=0.00s Real=0.12s
[3641.491s][info][gc,marking     ] GC(861) Concurrent Scan Root Regions 141.035ms
[3641.491s][info][gc,marking     ] GC(861) Concurrent Mark
[3641.491s][info][gc,marking     ] GC(861) Concurrent Mark From Roots
[3641.491s][info][gc,task        ] GC(861) Using 2 workers of 2 for marking
.[3642.391s][info][gc,marking     ] GC(861) Concurrent Mark From Roots 900.087ms
[3642.391s][info][gc,marking     ] GC(861) Concurrent Preclean
[3642.391s][info][gc,marking     ] GC(861) Concurrent Preclean 0.108ms
[3642.394s][info][gc,start       ] GC(861) Pause Remark
[3642.399s][info][gc             ] GC(861) Pause Remark 2244M->2244M(4096M) 5.320ms
[3642.399s][info][gc,cpu         ] GC(861) User=0.03s Sys=0.00s Real=0.01s
[3642.400s][info][gc,marking     ] GC(861) Concurrent Mark 909.071ms
[3642.400s][info][gc,marking     ] GC(861) Concurrent Rebuild Remembered Sets and Scrub Regions
[3642.760s][info][gc,marking     ] GC(861) Concurrent Rebuild Remembered Sets and Scrub Regions 360.192ms
[3642.760s][info][gc,start       ] GC(861) Pause Cleanup
[3642.760s][info][gc             ] GC(861) Pause Cleanup 2544M->2544M(4096M) 0.096ms
[3642.760s][info][gc,cpu         ] GC(861) User=0.00s Sys=0.00s Real=0.00s
[3642.760s][info][gc,marking     ] GC(861) Concurrent Clear Claimed Marks
[3642.760s][info][gc,marking     ] GC(861) Concurrent Clear Claimed Marks 0.024ms
[3642.760s][info][gc,marking     ] GC(861) Concurrent Cleanup for Next Mark
[3642.765s][info][gc,marking     ] GC(861) Concurrent Cleanup for Next Mark 4.331ms
[3642.765s][info][gc             ] GC(861) Concurrent Mark Cycle 1415.109ms
..[3644.230s][info][gc,start       ] GC(862) Pause Young (Prepare Mixed) (G1 Evacuation Pause)
[3644.230s][info][gc,task        ] GC(862) Using 6 workers of 6 for evacuation
[3644.351s][info][gc,phases      ] GC(862)   Pre Evacuate Collection Set: 0.33ms
[3644.351s][info][gc,phases      ] GC(862)   Merge Heap Roots: 0.46ms
[3644.351s][info][gc,phases      ] GC(862)   Evacuate Collection Set: 119.00ms
[3644.351s][info][gc,phases      ] GC(862)   Post Evacuate Collection Set: 0.94ms
[3644.351s][info][gc,phases      ] GC(862)   Other: 0.09ms
[3644.351s][info][gc,heap        ] GC(862) Eden regions: 1120->0(1099)
[3644.351s][info][gc,heap        ] GC(862) Survivor regions: 108->114(154)
[3644.351s][info][gc,heap        ] GC(862) Old regions: 506->538
[3644.351s][info][gc,heap        ] GC(862) Humongous regions: 80->80
[3644.351s][info][gc,metaspace   ] GC(862) Metaspace: 28895K(29248K)->28895K(29248K) NonClass: 24027K(24192K)->24027K(24192K) Class: 4868K(5056K)->4868K(5056K)
[3644.351s][info][gc             ] GC(862) Pause Young (Prepare Mixed) (G1 Evacuation Pause) 3626M->1461M(4096M) 120.945ms
[3644.351s][info][gc,cpu         ] GC(862) User=0.72s Sys=0.00s Real=0.12s
...[3647.170s][info][gc,start       ] GC(863) Pause Young (Mixed) (G1 Evacuation Pause)
[3647.170s][info][gc,task        ] GC(863) Using 6 workers of 6 for evacuation
[3647.304s][info][gc,phases      ] GC(863)   Pre Evacuate Collection Set: 0.37ms
[3647.304s][info][gc,phases      ] GC(863)   Merge Heap Roots: 0.65ms
[3647.304s][info][gc,phases      ] GC(863)   Evacuate Collection Set: 131.49ms
[3647.304s][info][gc,phases      ] GC(863)   Post Evacuate Collection Set: 0.95ms
[3647.304s][info][gc,phases      ] GC(863)   Other: 0.09ms
[3647.304s][info][gc,heap        ] GC(863) Eden regions: 1099->0(1117)
[3647.304s][info][gc,heap        ] GC(863) Survivor regions: 114->111(152)
[3647.304s][info][gc,heap        ] GC(863) Old regions: 538->474
[3647.304s][info][gc,heap        ] GC(863) Humongous regions: 80->80
[3647.304s][info][gc,metaspace   ] GC(863) Metaspace: 28895K(29248K)->28895K(29248K) NonClass: 24027K(24192K)->24027K(24192K) Class: 4868K(5056K)->4868K(5056K)
[3647.304s][info][gc             ] GC(863) Pause Young (Mixed) (G1 Evacuation Pause) 3659M->1328M(4096M) 133.713ms
[3647.304s][info][gc,cpu         ] GC(863) User=0.79s Sys=0.00s Real=0.13s
...[3650.038s][info][gc,start       ] GC(864) Pause Young (Concurrent Start) (G1 Evacuation Pause)
[3650.038s][info][gc,task        ] GC(864) Using 6 workers of 6 for evacuation
[3650.158s][info][gc,phases      ] GC(864)   Pre Evacuate Collection Set: 0.35ms
[3650.158s][info][gc,phases      ] GC(864)   Merge Heap Roots: 0.43ms
[3650.158s][info][gc,phases      ] GC(864)   Evacuate Collection Set: 118.69ms
[3650.158s][info][gc,phases      ] GC(864)   Post Evacuate Collection Set: 0.93ms
[3650.158s][info][gc,phases      ] GC(864)   Other: 0.11ms
[3650.158s][info][gc,heap        ] GC(864) Eden regions: 1117->0(1117)
[3650.158s][info][gc,heap        ] GC(864) Survivor regions: 111->111(154)
[3650.158s][info][gc,heap        ] GC(864) Old regions: 474->506
[3650.158s][info][gc,heap        ] GC(864) Humongous regions: 80->80
[3650.158s][info][gc,metaspace   ] GC(864) Metaspace: 28895K(29248K)->28895K(29248K) NonClass: 24027K(24192K)->24027K(24192K) Class: 4868K(5056K)->4868K(5056K)
[3650.158s][info][gc             ] GC(864) Pause Young (Concurrent Start) (G1 Evacuation Pause) 3562M->1392M(4096M) 120.643ms
[3650.158s][info][gc             ] GC(865) Concurrent Mark Cycle
[3650.158s][info][gc,marking     ] GC(865) Concurrent Scan Root Regions
[3650.158s][info][gc,cpu         ] GC(864) User=0.72s Sys=0.00s Real=0.13s
[3650.351s][info][gc,marking     ] GC(865) Concurrent Scan Root Regions 192.484ms
[3650.351s][info][gc,marking     ] GC(865) Concurrent Mark
[3650.351s][info][gc,marking     ] GC(865) Concurrent Mark From Roots
[3650.351s][info][gc,task        ] GC(865) Using 2 workers of 2 for marking
.[3651.312s][info][gc,marking     ] GC(865) Concurrent Mark From Roots 961.178ms
[3651.312s][info][gc,marking     ] GC(865) Concurrent Preclean
[3651.312s][info][gc,marking     ] GC(865) Concurrent Preclean 0.113ms
[3651.312s][info][gc,start       ] GC(865) Pause Remark
[3651.319s][info][gc             ] GC(865) Pause Remark 2293M->2293M(4096M) 6.288ms
[3651.319s][info][gc,cpu         ] GC(865) User=0.03s Sys=0.00s Real=0.01s
[3651.319s][info][gc,marking     ] GC(865) Concurrent Mark 967.912ms
[3651.319s][info][gc,marking     ] GC(865) Concurrent Rebuild Remembered Sets and Scrub Regions
[3651.685s][info][gc,marking     ] GC(865) Concurrent Rebuild Remembered Sets and Scrub Regions 366.082ms
[3651.685s][info][gc,start       ] GC(865) Pause Cleanup
[3651.685s][info][gc             ] GC(865) Pause Cleanup 2551M->2551M(4096M) 0.108ms
[3651.685s][info][gc,cpu         ] GC(865) User=0.00s Sys=0.00s Real=0.00s
[3651.685s][info][gc,marking     ] GC(865) Concurrent Clear Claimed Marks
[3651.685s][info][gc,marking     ] GC(865) Concurrent Clear Claimed Marks 0.023ms
[3651.685s][info][gc,marking     ] GC(865) Concurrent Cleanup for Next Mark
[3651.690s][info][gc,marking     ] GC(865) Concurrent Cleanup for Next Mark 4.906ms
[3651.690s][info][gc             ] GC(865) Concurrent Mark Cycle 1531.901ms
..[3653.055s][info][gc,start       ] GC(866) Pause Young (Prepare Mixed) (G1 Evacuation Pause)
[3653.055s][info][gc,task        ] GC(866) Using 6 workers of 6 for evacuation
[3653.177s][info][gc,phases      ] GC(866)   Pre Evacuate Collection Set: 0.35ms
[3653.177s][info][gc,phases      ] GC(866)   Merge Heap Roots: 0.51ms
[3653.177s][info][gc,phases      ] GC(866)   Evacuate Collection Set: 119.62ms
[3653.177s][info][gc,phases      ] GC(866)   Post Evacuate Collection Set: 0.96ms
[3653.177s][info][gc,phases      ] GC(866)   Other: 0.09ms
[3653.177s][info][gc,heap        ] GC(866) Eden regions: 1117->0(1099)
[3653.177s][info][gc,heap        ] GC(866) Survivor regions: 111->114(154)
[3653.177s][info][gc,heap        ] GC(866) Old regions: 506->538
[3653.177s][info][gc,heap        ] GC(866) Humongous regions: 80->80
[3653.177s][info][gc,metaspace   ] GC(866) Metaspace: 28895K(29248K)->28895K(29248K) NonClass: 24027K(24192K)->24027K(24192K) Class: 4868K(5056K)->4868K(5056K)
[3653.177s][info][gc             ] GC(866) Pause Young (Prepare Mixed) (G1 Evacuation Pause) 3626M->1461M(4096M) 121.672ms
[3653.177s][info][gc,cpu         ] GC(866) User=0.72s Sys=0.00s Real=0.12s
...[3656.028s][info][gc,start       ] GC(867) Pause Young (Mixed) (G1 Evacuation Pause)
[3656.028s][info][gc,task        ] GC(867) Using 6 workers of 6 for evacuation
[3656.167s][info][gc,phases      ] GC(867)   Pre Evacuate Collection Set: 0.36ms
[3656.167s][info][gc,phases      ] GC(867)   Merge Heap Roots: 0.74ms
[3656.167s][info][gc,phases      ] GC(867)   Evacuate Collection Set: 136.37ms
[3656.167s][info][gc,phases      ] GC(867)   Post Evacuate Collection Set: 0.97ms
[3656.167s][info][gc,phases      ] GC(867)   Other: 0.09ms
[3656.167s][info][gc,heap        ] GC(867) Eden regions: 1099->0(1115)
[3656.167s][info][gc,heap        ] GC(867) Survivor regions: 114->113(152)
[3656.167s][info][gc,heap        ] GC(867) Old regions: 538->475
[3656.167s][info][gc,heap        ] GC(867) Humongous regions: 80->80
[3656.167s][info][gc,metaspace   ] GC(867) Metaspace: 28895K(29248K)->28895K(29248K) NonClass: 24027K(24192K)->24027K(24192K) Class: 4868K(5056K)->4868K(5056K)
[3656.167s][info][gc             ] GC(867) Pause Young (Mixed) (G1 Evacuation Pause) 3659M->1335M(4096M) 138.656ms
[3656.167s][info][gc,cpu         ] GC(867) User=0.82s Sys=0.00s Real=0.13s
..[3658.960s][info][gc,start       ] GC(868) Pause Young (Concurrent Start) (G1 Evacuation Pause)
[3658.960s][info][gc,task        ] GC(868) Using 6 workers of 6 for evacuation
[3659.080s][info][gc,phases      ] GC(868)   Pre Evacuate Collection Set: 0.38ms
[3659.080s][info][gc,phases      ] GC(868)   Merge Heap Roots: 0.44ms
[3659.080s][info][gc,phases      ] GC(868)   Evacuate Collection Set: 118.30ms
[3659.080s][info][gc,phases      ] GC(868)   Post Evacuate Collection Set: 0.89ms
[3659.081s][info][gc,phases      ] GC(868)   Other: 0.13ms
[3659.081s][info][gc,heap        ] GC(868) Eden regions: 1115->0(1116)
[3659.081s][info][gc,heap        ] GC(868) Survivor regions: 113->112(154)
[3659.081s][info][gc,heap        ] GC(868) Old regions: 475->508
[3659.081s][info][gc,heap        ] GC(868) Humongous regions: 80->80
[3659.081s][info][gc,metaspace   ] GC(868) Metaspace: 28895K(29248K)->28895K(29248K) NonClass: 24027K(24192K)->24027K(24192K) Class: 4868K(5056K)->4868K(5056K)
[3659.081s][info][gc             ] GC(868) Pause Young (Concurrent Start) (G1 Evacuation Pause) 3565M->1397M(4096M) 120.281ms
[3659.081s][info][gc             ] GC(869) Concurrent Mark Cycle
[3659.081s][info][gc,marking     ] GC(869) Concurrent Scan Root Regions
[3659.081s][info][gc,cpu         ] GC(868) User=0.71s Sys=0.00s Real=0.12s
.[3659.272s][info][gc,marking     ] GC(869) Concurrent Scan Root Regions 191.595ms
[3659.272s][info][gc,marking     ] GC(869) Concurrent Mark
[3659.272s][info][gc,marking     ] GC(869) Concurrent Mark From Roots
[3659.272s][info][gc,task        ] GC(869) Using 2 workers of 2 for marking
.[3660.237s][info][gc,marking     ] GC(869) Concurrent Mark From Roots 964.263ms
[3660.237s][info][gc,marking     ] GC(869) Concurrent Preclean
[3660.237s][info][gc,marking     ] GC(869) Concurrent Preclean 0.118ms
[3660.237s][info][gc,start       ] GC(869) Pause Remark
[3660.243s][info][gc             ] GC(869) Pause Remark 2369M->2369M(4096M) 5.706ms
[3660.243s][info][gc,cpu         ] GC(869) User=0.03s Sys=0.00s Real=0.01s
[3660.243s][info][gc,marking     ] GC(869) Concurrent Mark 970.421ms
[3660.243s][info][gc,marking     ] GC(869) Concurrent Rebuild Remembered Sets and Scrub Regions
[3660.596s][info][gc,marking     ] GC(869) Concurrent Rebuild Remembered Sets and Scrub Regions 353.535ms
[3660.597s][info][gc,start       ] GC(869) Pause Cleanup
[3660.597s][info][gc             ] GC(869) Pause Cleanup 2653M->2653M(4096M) 0.114ms
[3660.597s][info][gc,cpu         ] GC(869) User=0.00s Sys=0.00s Real=0.00s
[3660.597s][info][gc,marking     ] GC(869) Concurrent Clear Claimed Marks
[3660.597s][info][gc,marking     ] GC(869) Concurrent Clear Claimed Marks 0.033ms
[3660.597s][info][gc,marking     ] GC(869) Concurrent Cleanup for Next Mark
[3660.602s][info][gc,marking     ] GC(869) Concurrent Cleanup for Next Mark 4.700ms
[3660.602s][info][gc             ] GC(869) Concurrent Mark Cycle 1521.508ms
.[3661.940s][info][gc,start       ] GC(870) Pause Young (Prepare Mixed) (G1 Evacuation Pause)
[3661.940s][info][gc,task        ] GC(870) Using 6 workers of 6 for evacuation
[3662.056s][info][gc,phases      ] GC(870)   Pre Evacuate Collection Set: 0.34ms
[3662.056s][info][gc,phases      ] GC(870)   Merge Heap Roots: 0.48ms
[3662.056s][info][gc,phases      ] GC(870)   Evacuate Collection Set: 114.23ms
[3662.056s][info][gc,phases      ] GC(870)   Post Evacuate Collection Set: 0.89ms
[3662.056s][info][gc,phases      ] GC(870)   Other: 0.09ms
[3662.056s][info][gc,heap        ] GC(870) Eden regions: 1116->0(1106)
[3662.056s][info][gc,heap        ] GC(870) Survivor regions: 112->110(154)
[3662.056s][info][gc,heap        ] GC(870) Old regions: 508->539
[3662.056s][info][gc,heap        ] GC(870) Humongous regions: 80->80
[3662.056s][info][gc,metaspace   ] GC(870) Metaspace: 28895K(29248K)->28895K(29248K) NonClass: 24027K(24192K)->24027K(24192K) Class: 4868K(5056K)->4868K(5056K)
[3662.056s][info][gc             ] GC(870) Pause Young (Prepare Mixed) (G1 Evacuation Pause) 3629M->1456M(4096M) 116.216ms
[3662.056s][info][gc,cpu         ] GC(870) User=0.68s Sys=0.00s Real=0.11s
...[3664.852s][info][gc,start       ] GC(871) Pause Young (Mixed) (G1 Evacuation Pause)
[3664.852s][info][gc,task        ] GC(871) Using 6 workers of 6 for evacuation
[3664.983s][info][gc,phases      ] GC(871)   Pre Evacuate Collection Set: 0.38ms
[3664.983s][info][gc,phases      ] GC(871)   Merge Heap Roots: 0.51ms
[3664.983s][info][gc,phases      ] GC(871)   Evacuate Collection Set: 129.14ms
[3664.983s][info][gc,phases      ] GC(871)   Post Evacuate Collection Set: 0.96ms
[3664.983s][info][gc,phases      ] GC(871)   Other: 0.09ms
[3664.983s][info][gc,heap        ] GC(871) Eden regions: 1106->0(1116)
[3664.983s][info][gc,heap        ] GC(871) Survivor regions: 110->112(152)
[3664.983s][info][gc,heap        ] GC(871) Old regions: 539->474
[3664.983s][info][gc,heap        ] GC(871) Humongous regions: 80->80
[3664.983s][info][gc,metaspace   ] GC(871) Metaspace: 28895K(29248K)->28895K(29248K) NonClass: 24027K(24192K)->24027K(24192K) Class: 4868K(5056K)->4868K(5056K)
[3664.983s][info][gc             ] GC(871) Pause Young (Mixed) (G1 Evacuation Pause) 3668M->1329M(4096M) 131.210ms
[3664.983s][info][gc,cpu         ] GC(871) User=0.78s Sys=0.00s Real=0.13s
. (rIR:aIR:PR = 6365:6364:6364) (tPR = 94357) [OK] 
  3664s: Performance info:
         Transaction,    Success,    Partial,     Failed,   Receipts, AvgBarcode, 
             Overall,     385436,          0,          0,     366163,      59.47, 
         Response times:
             Request,    Success,    Partial,     Failed,   SkipFail,     Probes,    Samples,      min,      p50,      p90,      p95,      p99,      max, 
       TotalPurchase,     366184,          0,          0,          0,     359878,     384694,      300,     5500,    22000,    47000,   110000,   256000,
     InStorePurchase,     192762,          0,          0,          0,     189479,     202107,      300,     5400,    22000,    47000,   110000,   247000,
      OnlinePurchase,     134885,          0,          0,          0,     132797,     141996,      300,     5600,    22000,    48000,   111000,   240000,
        InstPurchase,      38537,          0,          0,          0,      37602,      40591,      400,     5400,    21000,    44000,   108000,   256000,
          AssocOfCat,        390,          0,          0,          0,        317,        445,    23000,    37000,    74400,   112400,   179000,   325000,
      AssocOfProduct,       3857,          0,          0,          0,       3624,       4115,      700,     5100,    23000,    45000,   103000,   180000,
      BusinessReport,        963,          0,          0,          0,        815,        964,    26000,    42000,    76000,   108750,   175350,   239000,
          CustBuyBeh,       3856,          0,          0,          0,       3580,       4058,      300,     6600,    27000,    54050,   108640,   152000,
       ProductReturn,      10200,          0,          0,          0,       9748,      10691,      200,     5200,    23000,    47000,   102000,   209000,

  3664s: (47%)   IR =   6503 ..[3667.772s][info][gc,start       ] GC(872) Pause Young (Concurrent Start) (G1 Evacuation Pause)
[3667.772s][info][gc,task        ] GC(872) Using 6 workers of 6 for evacuation
[3667.888s][info][gc,phases      ] GC(872)   Pre Evacuate Collection Set: 0.37ms
[3667.888s][info][gc,phases      ] GC(872)   Merge Heap Roots: 0.43ms
[3667.888s][info][gc,phases      ] GC(872)   Evacuate Collection Set: 113.88ms
[3667.888s][info][gc,phases      ] GC(872)   Post Evacuate Collection Set: 0.88ms
[3667.888s][info][gc,phases      ] GC(872)   Other: 0.10ms
[3667.888s][info][gc,heap        ] GC(872) Eden regions: 1116->0(1119)
[3667.888s][info][gc,heap        ] GC(872) Survivor regions: 112->109(154)
[3667.888s][info][gc,heap        ] GC(872) Old regions: 474->505
[3667.888s][info][gc,heap        ] GC(872) Humongous regions: 80->80
[3667.888s][info][gc,metaspace   ] GC(872) Metaspace: 28896K(29248K)->28896K(29248K) NonClass: 24028K(24192K)->24028K(24192K) Class: 4868K(5056K)->4868K(5056K)
[3667.888s][info][gc             ] GC(872) Pause Young (Concurrent Start) (G1 Evacuation Pause) 3561M->1386M(4096M) 115.791ms
[3667.888s][info][gc             ] GC(873) Concurrent Mark Cycle
[3667.888s][info][gc,marking     ] GC(873) Concurrent Scan Root Regions
[3667.888s][info][gc,cpu         ] GC(872) User=0.68s Sys=0.00s Real=0.11s
[3668.032s][info][gc,marking     ] GC(873) Concurrent Scan Root Regions 144.086ms
[3668.032s][info][gc,marking     ] GC(873) Concurrent Mark
[3668.032s][info][gc,marking     ] GC(873) Concurrent Mark From Roots
[3668.032s][info][gc,task        ] GC(873) Using 2 workers of 2 for marking
.[3668.760s][info][gc,marking     ] GC(873) Concurrent Mark From Roots 727.741ms
[3668.760s][info][gc,marking     ] GC(873) Concurrent Preclean
[3668.760s][info][gc,marking     ] GC(873) Concurrent Preclean 0.130ms
[3668.760s][info][gc,start       ] GC(873) Pause Remark
[3668.765s][info][gc             ] GC(873) Pause Remark 2140M->2140M(4096M) 4.594ms
[3668.765s][info][gc,cpu         ] GC(873) User=0.02s Sys=0.00s Real=0.00s
[3668.765s][info][gc,marking     ] GC(873) Concurrent Mark 732.929ms
[3668.765s][info][gc,marking     ] GC(873) Concurrent Rebuild Remembered Sets and Scrub Regions
[3669.070s][info][gc,marking     ] GC(873) Concurrent Rebuild Remembered Sets and Scrub Regions 304.895ms
[3669.070s][info][gc,start       ] GC(873) Pause Cleanup
[3669.070s][info][gc             ] GC(873) Pause Cleanup 2376M->2376M(4096M) 0.096ms
[3669.070s][info][gc,cpu         ] GC(873) User=0.00s Sys=0.00s Real=0.00s
[3669.070s][info][gc,marking     ] GC(873) Concurrent Clear Claimed Marks
[3669.070s][info][gc,marking     ] GC(873) Concurrent Clear Claimed Marks 0.022ms
[3669.070s][info][gc,marking     ] GC(873) Concurrent Cleanup for Next Mark
[3669.073s][info][gc,marking     ] GC(873) Concurrent Cleanup for Next Mark 3.325ms
[3669.074s][info][gc             ] GC(873) Concurrent Mark Cycle 1185.697ms
..[3670.651s][info][gc,start       ] GC(874) Pause Young (Prepare Mixed) (G1 Evacuation Pause)
[3670.651s][info][gc,task        ] GC(874) Using 6 workers of 6 for evacuation
[3670.768s][info][gc,phases      ] GC(874)   Pre Evacuate Collection Set: 0.33ms
[3670.768s][info][gc,phases      ] GC(874)   Merge Heap Roots: 0.48ms
[3670.768s][info][gc,phases      ] GC(874)   Evacuate Collection Set: 114.99ms
[3670.768s][info][gc,phases      ] GC(874)   Post Evacuate Collection Set: 0.93ms
[3670.768s][info][gc,phases      ] GC(874)   Other: 0.08ms
[3670.768s][info][gc,heap        ] GC(874) Eden regions: 1119->0(1110)
[3670.768s][info][gc,heap        ] GC(874) Survivor regions: 109->109(154)
[3670.768s][info][gc,heap        ] GC(874) Old regions: 505->537
[3670.768s][info][gc,heap        ] GC(874) Humongous regions: 80->80
[3670.768s][info][gc,metaspace   ] GC(874) Metaspace: 28896K(29248K)->28896K(29248K) NonClass: 24028K(24192K)->24028K(24192K) Class: 4868K(5056K)->4868K(5056K)
[3670.768s][info][gc             ] GC(874) Pause Young (Prepare Mixed) (G1 Evacuation Pause) 3624M->1450M(4096M) 116.943ms
[3670.768s][info][gc,cpu         ] GC(874) User=0.69s Sys=0.00s Real=0.12s
.|..[3673.514s][info][gc,start       ] GC(875) Pause Young (Mixed) (G1 Evacuation Pause)
[3673.514s][info][gc,task        ] GC(875) Using 6 workers of 6 for evacuation
[3673.651s][info][gc,phases      ] GC(875)   Pre Evacuate Collection Set: 0.37ms
[3673.651s][info][gc,phases      ] GC(875)   Merge Heap Roots: 0.66ms
[3673.651s][info][gc,phases      ] GC(875)   Evacuate Collection Set: 134.85ms
[3673.651s][info][gc,phases      ] GC(875)   Post Evacuate Collection Set: 0.97ms
[3673.651s][info][gc,phases      ] GC(875)   Other: 0.10ms
[3673.651s][info][gc,heap        ] GC(875) Eden regions: 1110->0(1115)
[3673.651s][info][gc,heap        ] GC(875) Survivor regions: 109->113(153)
[3673.651s][info][gc,heap        ] GC(875) Old regions: 537->474
[3673.651s][info][gc,heap        ] GC(875) Humongous regions: 80->80
[3673.651s][info][gc,metaspace   ] GC(875) Metaspace: 28896K(29248K)->28896K(29248K) NonClass: 24028K(24192K)->24028K(24192K) Class: 4868K(5056K)->4868K(5056K)
[3673.651s][info][gc             ] GC(875) Pause Young (Mixed) (G1 Evacuation Pause) 3670M->1333M(4096M) 137.088ms
[3673.652s][info][gc,cpu         ] GC(875) User=0.81s Sys=0.00s Real=0.14s
...[3676.416s][info][gc,start       ] GC(876) Pause Young (Concurrent Start) (G1 Evacuation Pause)
[3676.416s][info][gc,task        ] GC(876) Using 6 workers of 6 for evacuation
[3676.532s][info][gc,phases      ] GC(876)   Pre Evacuate Collection Set: 0.39ms
[3676.532s][info][gc,phases      ] GC(876)   Merge Heap Roots: 0.44ms
[3676.532s][info][gc,phases      ] GC(876)   Evacuate Collection Set: 114.40ms
[3676.532s][info][gc,phases      ] GC(876)   Post Evacuate Collection Set: 0.91ms
[3676.532s][info][gc,phases      ] GC(876)   Other: 0.08ms
[3676.532s][info][gc,heap        ] GC(876) Eden regions: 1115->0(1119)
[3676.532s][info][gc,heap        ] GC(876) Survivor regions: 113->109(154)
[3676.532s][info][gc,heap        ] GC(876) Old regions: 474->506
[3676.532s][info][gc,heap        ] GC(876) Humongous regions: 80->80
[3676.532s][info][gc,metaspace   ] GC(876) Metaspace: 28896K(29248K)->28896K(29248K) NonClass: 24028K(24192K)->24028K(24192K) Class: 4868K(5056K)->4868K(5056K)
[3676.532s][info][gc             ] GC(876) Pause Young (Concurrent Start) (G1 Evacuation Pause) 3563M->1388M(4096M) 116.356ms
[3676.532s][info][gc             ] GC(877) Concurrent Mark Cycle
[3676.532s][info][gc,marking     ] GC(877) Concurrent Scan Root Regions
[3676.532s][info][gc,cpu         ] GC(876) User=0.69s Sys=0.00s Real=0.12s
[3676.750s][info][gc,marking     ] GC(877) Concurrent Scan Root Regions 217.434ms
[3676.750s][info][gc,marking     ] GC(877) Concurrent Mark
[3676.750s][info][gc,marking     ] GC(877) Concurrent Mark From Roots
[3676.750s][info][gc,task        ] GC(877) Using 2 workers of 2 for marking
.[3677.602s][info][gc,marking     ] GC(877) Concurrent Mark From Roots 852.248ms
[3677.602s][info][gc,marking     ] GC(877) Concurrent Preclean
[3677.602s][info][gc,marking     ] GC(877) Concurrent Preclean 0.112ms
[3677.602s][info][gc,start       ] GC(877) Pause Remark
[3677.606s][info][gc             ] GC(877) Pause Remark 2268M->2268M(4096M) 4.040ms
[3677.607s][info][gc,cpu         ] GC(877) User=0.02s Sys=0.00s Real=0.00s
[3677.607s][info][gc,marking     ] GC(877) Concurrent Mark 856.833ms
[3677.607s][info][gc,marking     ] GC(877) Concurrent Rebuild Remembered Sets and Scrub Regions
[3677.969s][info][gc,marking     ] GC(877) Concurrent Rebuild Remembered Sets and Scrub Regions 362.081ms
[3677.969s][info][gc,start       ] GC(877) Pause Cleanup
[3677.969s][info][gc             ] GC(877) Pause Cleanup 2566M->2566M(4096M) 0.095ms
[3677.969s][info][gc,cpu         ] GC(877) User=0.00s Sys=0.00s Real=0.00s
[3677.969s][info][gc,marking     ] GC(877) Concurrent Clear Claimed Marks
[3677.969s][info][gc,marking     ] GC(877) Concurrent Clear Claimed Marks 0.024ms
[3677.969s][info][gc,marking     ] GC(877) Concurrent Cleanup for Next Mark
[3677.973s][info][gc,marking     ] GC(877) Concurrent Cleanup for Next Mark 3.921ms
[3677.973s][info][gc             ] GC(877) Concurrent Mark Cycle 1440.710ms
.[3679.343s][info][gc,start       ] GC(878) Pause Young (Prepare Mixed) (G1 Evacuation Pause)
[3679.343s][info][gc,task        ] GC(878) Using 6 workers of 6 for evacuation
[3679.458s][info][gc,phases      ] GC(878)   Pre Evacuate Collection Set: 0.33ms
[3679.458s][info][gc,phases      ] GC(878)   Merge Heap Roots: 0.48ms
[3679.458s][info][gc,phases      ] GC(878)   Evacuate Collection Set: 113.64ms
[3679.458s][info][gc,phases      ] GC(878)   Post Evacuate Collection Set: 0.93ms
[3679.458s][info][gc,phases      ] GC(878)   Other: 0.08ms
[3679.458s][info][gc,heap        ] GC(878) Eden regions: 1119->0(1111)
[3679.458s][info][gc,heap        ] GC(878) Survivor regions: 109->108(154)
[3679.458s][info][gc,heap        ] GC(878) Old regions: 506->538
[3679.458s][info][gc,heap        ] GC(878) Humongous regions: 80->80
[3679.458s][info][gc,metaspace   ] GC(878) Metaspace: 28896K(29248K)->28896K(29248K) NonClass: 24028K(24192K)->24028K(24192K) Class: 4868K(5056K)->4868K(5056K)
[3679.458s][info][gc             ] GC(878) Pause Young (Prepare Mixed) (G1 Evacuation Pause) 3626M->1449M(4096M) 115.583ms
[3679.458s][info][gc,cpu         ] GC(878) User=0.69s Sys=0.00s Real=0.12s
...[3682.235s][info][gc,start       ] GC(879) Pause Young (Mixed) (G1 Evacuation Pause)
[3682.235s][info][gc,task        ] GC(879) Using 6 workers of 6 for evacuation
[3682.363s][info][gc,phases      ] GC(879)   Pre Evacuate Collection Set: 0.40ms
[3682.363s][info][gc,phases      ] GC(879)   Merge Heap Roots: 0.61ms
[3682.363s][info][gc,phases      ] GC(879)   Evacuate Collection Set: 126.03ms
[3682.363s][info][gc,phases      ] GC(879)   Post Evacuate Collection Set: 0.96ms
[3682.363s][info][gc,phases      ] GC(879)   Other: 0.08ms
[3682.363s][info][gc,heap        ] GC(879) Eden regions: 1111->0(1121)
[3682.363s][info][gc,heap        ] GC(879) Survivor regions: 108->107(153)
[3682.363s][info][gc,heap        ] GC(879) Old regions: 538->474
[3682.363s][info][gc,heap        ] GC(879) Humongous regions: 80->80
[3682.363s][info][gc,metaspace   ] GC(879) Metaspace: 28896K(29248K)->28896K(29248K) NonClass: 24028K(24192K)->24028K(24192K) Class: 4868K(5056K)->4868K(5056K)
[3682.363s][info][gc             ] GC(879) Pause Young (Mixed) (G1 Evacuation Pause) 3671M->1319M(4096M) 128.240ms
[3682.363s][info][gc,cpu         ] GC(879) User=0.76s Sys=0.00s Real=0.13s
...[3685.134s][info][gc,start       ] GC(880) Pause Young (Concurrent Start) (G1 Evacuation Pause)
[3685.134s][info][gc,task        ] GC(880) Using 6 workers of 6 for evacuation
[3685.255s][info][gc,phases      ] GC(880)   Pre Evacuate Collection Set: 0.37ms
[3685.255s][info][gc,phases      ] GC(880)   Merge Heap Roots: 0.44ms
[3685.255s][info][gc,phases      ] GC(880)   Evacuate Collection Set: 118.59ms
[3685.255s][info][gc,phases      ] GC(880)   Post Evacuate Collection Set: 0.87ms
[3685.255s][info][gc,phases      ] GC(880)   Other: 0.11ms
[3685.255s][info][gc,heap        ] GC(880) Eden regions: 1121->0(1116)
[3685.255s][info][gc,heap        ] GC(880) Survivor regions: 107->112(154)
[3685.255s][info][gc,heap        ] GC(880) Old regions: 474->505
[3685.255s][info][gc,heap        ] GC(880) Humongous regions: 80->80
[3685.255s][info][gc,metaspace   ] GC(880) Metaspace: 28896K(29248K)->28896K(29248K) NonClass: 24028K(24192K)->24028K(24192K) Class: 4868K(5056K)->4868K(5056K)
[3685.255s][info][gc             ] GC(880) Pause Young (Concurrent Start) (G1 Evacuation Pause) 3561M->1393M(4096M) 120.522ms
[3685.255s][info][gc             ] GC(881) Concurrent Mark Cycle
[3685.255s][info][gc,marking     ] GC(881) Concurrent Scan Root Regions
[3685.255s][info][gc,cpu         ] GC(880) User=0.71s Sys=0.00s Real=0.12s
[3685.446s][info][gc,marking     ] GC(881) Concurrent Scan Root Regions 190.853ms
[3685.446s][info][gc,marking     ] GC(881) Concurrent Mark
[3685.446s][info][gc,marking     ] GC(881) Concurrent Mark From Roots
[3685.446s][info][gc,task        ] GC(881) Using 2 workers of 2 for marking
.[3686.424s][info][gc,marking     ] GC(881) Concurrent Mark From Roots 977.826ms
[3686.424s][info][gc,marking     ] GC(881) Concurrent Preclean
[3686.424s][info][gc,marking     ] GC(881) Concurrent Preclean 0.116ms
[3686.425s][info][gc,start       ] GC(881) Pause Remark
[3686.430s][info][gc             ] GC(881) Pause Remark 2376M->2376M(4096M) 5.026ms
[3686.430s][info][gc,cpu         ] GC(881) User=0.03s Sys=0.00s Real=0.01s
[3686.432s][info][gc,marking     ] GC(881) Concurrent Mark 985.964ms
[3686.432s][info][gc,marking     ] GC(881) Concurrent Rebuild Remembered Sets and Scrub Regions
.[3686.707s][info][gc,marking     ] GC(881) Concurrent Rebuild Remembered Sets and Scrub Regions 275.364ms
[3686.707s][info][gc,start       ] GC(881) Pause Cleanup
[3686.707s][info][gc             ] GC(881) Pause Cleanup 2564M->2564M(4096M) 0.098ms
[3686.707s][info][gc,cpu         ] GC(881) User=0.00s Sys=0.00s Real=0.00s
[3686.707s][info][gc,marking     ] GC(881) Concurrent Clear Claimed Marks
[3686.707s][info][gc,marking     ] GC(881) Concurrent Clear Claimed Marks 0.026ms
[3686.707s][info][gc,marking     ] GC(881) Concurrent Cleanup for Next Mark
[3686.711s][info][gc,marking     ] GC(881) Concurrent Cleanup for Next Mark 3.233ms
[3686.711s][info][gc             ] GC(881) Concurrent Mark Cycle 1455.910ms
.[3688.002s][info][gc,start       ] GC(882) Pause Young (Prepare Mixed) (G1 Evacuation Pause)
[3688.002s][info][gc,task        ] GC(882) Using 6 workers of 6 for evacuation
[3688.118s][info][gc,phases      ] GC(882)   Pre Evacuate Collection Set: 0.37ms
[3688.118s][info][gc,phases      ] GC(882)   Merge Heap Roots: 0.47ms
[3688.118s][info][gc,phases      ] GC(882)   Evacuate Collection Set: 114.62ms
[3688.118s][info][gc,phases      ] GC(882)   Post Evacuate Collection Set: 0.95ms
[3688.118s][info][gc,phases      ] GC(882)   Other: 0.09ms
[3688.118s][info][gc,heap        ] GC(882) Eden regions: 1116->0(1107)
[3688.118s][info][gc,heap        ] GC(882) Survivor regions: 112->110(154)
[3688.118s][info][gc,heap        ] GC(882) Old regions: 505->538
[3688.118s][info][gc,heap        ] GC(882) Humongous regions: 80->80
[3688.118s][info][gc,metaspace   ] GC(882) Metaspace: 28896K(29248K)->28896K(29248K) NonClass: 24028K(24192K)->24028K(24192K) Class: 4868K(5056K)->4868K(5056K)
[3688.118s][info][gc             ] GC(882) Pause Young (Prepare Mixed) (G1 Evacuation Pause) 3625M->1454M(4096M) 116.630ms
[3688.118s][info][gc,cpu         ] GC(882) User=0.69s Sys=0.00s Real=0.12s
...[3690.946s][info][gc,start       ] GC(883) Pause Young (Mixed) (G1 Evacuation Pause)
[3690.946s][info][gc,task        ] GC(883) Using 6 workers of 6 for evacuation
[3691.081s][info][gc,phases      ] GC(883)   Pre Evacuate Collection Set: 0.37ms
[3691.081s][info][gc,phases      ] GC(883)   Merge Heap Roots: 0.74ms
[3691.081s][info][gc,phases      ] GC(883)   Evacuate Collection Set: 132.58ms
[3691.081s][info][gc,phases      ] GC(883)   Post Evacuate Collection Set: 0.94ms
[3691.081s][info][gc,phases      ] GC(883)   Other: 0.09ms
[3691.081s][info][gc,heap        ] GC(883) Eden regions: 1107->0(1118)
[3691.081s][info][gc,heap        ] GC(883) Survivor regions: 110->110(153)
[3691.081s][info][gc,heap        ] GC(883) Old regions: 538->474
[3691.081s][info][gc,heap        ] GC(883) Humongous regions: 80->80
[3691.081s][info][gc,metaspace   ] GC(883) Metaspace: 28896K(29248K)->28896K(29248K) NonClass: 24028K(24192K)->24028K(24192K) Class: 4868K(5056K)->4868K(5056K)
[3691.081s][info][gc             ] GC(883) Pause Young (Mixed) (G1 Evacuation Pause) 3668M->1327M(4096M) 134.859ms
[3691.081s][info][gc,cpu         ] GC(883) User=0.79s Sys=0.00s Real=0.14s
...[3693.772s][info][gc,start       ] GC(884) Pause Young (Concurrent Start) (G1 Evacuation Pause)
[3693.772s][info][gc,task        ] GC(884) Using 6 workers of 6 for evacuation
[3693.887s][info][gc,phases      ] GC(884)   Pre Evacuate Collection Set: 0.40ms
[3693.887s][info][gc,phases      ] GC(884)   Merge Heap Roots: 0.41ms
[3693.887s][info][gc,phases      ] GC(884)   Evacuate Collection Set: 114.07ms
[3693.887s][info][gc,phases      ] GC(884)   Post Evacuate Collection Set: 0.91ms
[3693.888s][info][gc,phases      ] GC(884)   Other: 0.10ms
[3693.888s][info][gc,heap        ] GC(884) Eden regions: 1118->0(1119)
[3693.888s][info][gc,heap        ] GC(884) Survivor regions: 110->109(154)
[3693.888s][info][gc,heap        ] GC(884) Old regions: 474->506
[3693.888s][info][gc,heap        ] GC(884) Humongous regions: 80->80
[3693.888s][info][gc,metaspace   ] GC(884) Metaspace: 28896K(29248K)->28896K(29248K) NonClass: 24028K(24192K)->24028K(24192K) Class: 4868K(5056K)->4868K(5056K)
[3693.888s][info][gc             ] GC(884) Pause Young (Concurrent Start) (G1 Evacuation Pause) 3563M->1388M(4096M) 116.012ms
[3693.888s][info][gc             ] GC(885) Concurrent Mark Cycle
[3693.888s][info][gc,marking     ] GC(885) Concurrent Scan Root Regions
[3693.888s][info][gc,cpu         ] GC(884) User=0.69s Sys=0.00s Real=0.11s
[3694.082s][info][gc,marking     ] GC(885) Concurrent Scan Root Regions 194.219ms
[3694.082s][info][gc,marking     ] GC(885) Concurrent Mark
[3694.082s][info][gc,marking     ] GC(885) Concurrent Mark From Roots
[3694.082s][info][gc,task        ] GC(885) Using 2 workers of 2 for marking
.[3694.976s][info][gc,marking     ] GC(885) Concurrent Mark From Roots 894.112ms
[3694.976s][info][gc,marking     ] GC(885) Concurrent Preclean
[3694.976s][info][gc,marking     ] GC(885) Concurrent Preclean 0.118ms
[3694.978s][info][gc,start       ] GC(885) Pause Remark
[3694.983s][info][gc             ] GC(885) Pause Remark 2266M->2266M(4096M) 4.804ms
[3694.983s][info][gc,cpu         ] GC(885) User=0.02s Sys=0.00s Real=0.01s
[3694.983s][info][gc,marking     ] GC(885) Concurrent Mark 900.867ms
[3694.983s][info][gc,marking     ] GC(885) Concurrent Rebuild Remembered Sets and Scrub Regions
[3695.343s][info][gc,marking     ] GC(885) Concurrent Rebuild Remembered Sets and Scrub Regions 360.664ms
[3695.344s][info][gc,start       ] GC(885) Pause Cleanup
[3695.344s][info][gc             ] GC(885) Pause Cleanup 2577M->2577M(4096M) 0.094ms
[3695.344s][info][gc,cpu         ] GC(885) User=0.00s Sys=0.00s Real=0.00s
[3695.344s][info][gc,marking     ] GC(885) Concurrent Clear Claimed Marks
[3695.344s][info][gc,marking     ] GC(885) Concurrent Clear Claimed Marks 0.021ms
[3695.344s][info][gc,marking     ] GC(885) Concurrent Cleanup for Next Mark
[3695.347s][info][gc,marking     ] GC(885) Concurrent Cleanup for Next Mark 3.422ms
[3695.347s][info][gc             ] GC(885) Concurrent Mark Cycle 1459.590ms
..[3696.724s][info][gc,start       ] GC(886) Pause Young (Prepare Mixed) (G1 Evacuation Pause)
[3696.724s][info][gc,task        ] GC(886) Using 6 workers of 6 for evacuation
[3696.848s][info][gc,phases      ] GC(886)   Pre Evacuate Collection Set: 0.33ms
[3696.848s][info][gc,phases      ] GC(886)   Merge Heap Roots: 0.53ms
[3696.848s][info][gc,phases      ] GC(886)   Evacuate Collection Set: 121.49ms
[3696.848s][info][gc,phases      ] GC(886)   Post Evacuate Collection Set: 0.93ms
[3696.848s][info][gc,phases      ] GC(886)   Other: 0.08ms
[3696.848s][info][gc,heap        ] GC(886) Eden regions: 1119->0(1098)
[3696.848s][info][gc,heap        ] GC(886) Survivor regions: 109->114(154)
[3696.848s][info][gc,heap        ] GC(886) Old regions: 506->539
[3696.848s][info][gc,heap        ] GC(886) Humongous regions: 80->80
[3696.848s][info][gc,metaspace   ] GC(886) Metaspace: 28896K(29248K)->28896K(29248K) NonClass: 24028K(24192K)->24028K(24192K) Class: 4868K(5056K)->4868K(5056K)
[3696.848s][info][gc             ] GC(886) Pause Young (Prepare Mixed) (G1 Evacuation Pause) 3626M->1464M(4096M) 123.500ms
[3696.848s][info][gc,cpu         ] GC(886) User=0.73s Sys=0.00s Real=0.12s
..[3699.591s][info][gc,start       ] GC(887) Pause Young (Mixed) (G1 Evacuation Pause)
[3699.591s][info][gc,task        ] GC(887) Using 6 workers of 6 for evacuation
[3699.721s][info][gc,phases      ] GC(887)   Pre Evacuate Collection Set: 0.39ms
[3699.721s][info][gc,phases      ] GC(887)   Merge Heap Roots: 0.65ms
[3699.721s][info][gc,phases      ] GC(887)   Evacuate Collection Set: 127.54ms
[3699.721s][info][gc,phases      ] GC(887)   Post Evacuate Collection Set: 0.99ms
[3699.721s][info][gc,phases      ] GC(887)   Other: 0.09ms
[3699.721s][info][gc,heap        ] GC(887) Eden regions: 1098->0(1120)
[3699.721s][info][gc,heap        ] GC(887) Survivor regions: 114->108(152)
[3699.721s][info][gc,heap        ] GC(887) Old regions: 539->476
[3699.721s][info][gc,heap        ] GC(887) Humongous regions: 80->80
[3699.721s][info][gc,metaspace   ] GC(887) Metaspace: 28896K(29248K)->28896K(29248K) NonClass: 24028K(24192K)->24028K(24192K) Class: 4868K(5056K)->4868K(5056K)
[3699.721s][info][gc             ] GC(887) Pause Young (Mixed) (G1 Evacuation Pause) 3660M->1326M(4096M) 129.792ms
[3699.721s][info][gc,cpu         ] GC(887) User=0.76s Sys=0.00s Real=0.13s
...[3702.463s][info][gc,start       ] GC(888) Pause Young (Concurrent Start) (G1 Evacuation Pause)
[3702.463s][info][gc,task        ] GC(888) Using 6 workers of 6 for evacuation
[3702.581s][info][gc,phases      ] GC(888)   Pre Evacuate Collection Set: 0.37ms
[3702.581s][info][gc,phases      ] GC(888)   Merge Heap Roots: 0.43ms
[3702.581s][info][gc,phases      ] GC(888)   Evacuate Collection Set: 116.09ms
[3702.581s][info][gc,phases      ] GC(888)   Post Evacuate Collection Set: 0.86ms
[3702.581s][info][gc,phases      ] GC(888)   Other: 0.10ms
[3702.581s][info][gc,heap        ] GC(888) Eden regions: 1120->0(1118)
[3702.581s][info][gc,heap        ] GC(888) Survivor regions: 108->110(154)
[3702.581s][info][gc,heap        ] GC(888) Old regions: 476->507
[3702.581s][info][gc,heap        ] GC(888) Humongous regions: 80->80
[3702.581s][info][gc,metaspace   ] GC(888) Metaspace: 28896K(29248K)->28896K(29248K) NonClass: 24028K(24192K)->24028K(24192K) Class: 4868K(5056K)->4868K(5056K)
[3702.581s][info][gc             ] GC(888) Pause Young (Concurrent Start) (G1 Evacuation Pause) 3566M->1392M(4096M) 117.993ms
[3702.581s][info][gc             ] GC(889) Concurrent Mark Cycle
[3702.581s][info][gc,marking     ] GC(889) Concurrent Scan Root Regions
[3702.581s][info][gc,cpu         ] GC(888) User=0.70s Sys=0.00s Real=0.12s
[3702.771s][info][gc,marking     ] GC(889) Concurrent Scan Root Regions 190.494ms
[3702.771s][info][gc,marking     ] GC(889) Concurrent Mark
[3702.771s][info][gc,marking     ] GC(889) Concurrent Mark From Roots
[3702.771s][info][gc,task        ] GC(889) Using 2 workers of 2 for marking
.[3703.741s][info][gc,marking     ] GC(889) Concurrent Mark From Roots 970.004ms
[3703.742s][info][gc,marking     ] GC(889) Concurrent Preclean
[3703.742s][info][gc,marking     ] GC(889) Concurrent Preclean 0.116ms
[3703.742s][info][gc,start       ] GC(889) Pause Remark
[3703.747s][info][gc             ] GC(889) Pause Remark 2310M->2310M(4096M) 4.783ms
[3703.747s][info][gc,cpu         ] GC(889) User=0.03s Sys=0.00s Real=0.00s
[3703.747s][info][gc,marking     ] GC(889) Concurrent Mark 975.330ms
[3703.747s][info][gc,marking     ] GC(889) Concurrent Rebuild Remembered Sets and Scrub Regions
.[3704.146s][info][gc,marking     ] GC(889) Concurrent Rebuild Remembered Sets and Scrub Regions 399.549ms
[3704.147s][info][gc,start       ] GC(889) Pause Cleanup
[3704.147s][info][gc             ] GC(889) Pause Cleanup 2632M->2632M(4096M) 0.106ms
[3704.147s][info][gc,cpu         ] GC(889) User=0.00s Sys=0.00s Real=0.00s
[3704.147s][info][gc,marking     ] GC(889) Concurrent Clear Claimed Marks
[3704.147s][info][gc,marking     ] GC(889) Concurrent Clear Claimed Marks 0.027ms
[3704.147s][info][gc,marking     ] GC(889) Concurrent Cleanup for Next Mark
[3704.151s][info][gc,marking     ] GC(889) Concurrent Cleanup for Next Mark 4.535ms
[3704.151s][info][gc             ] GC(889) Concurrent Mark Cycle 1570.508ms
.[3705.359s][info][gc,start       ] GC(890) Pause Young (Prepare Mixed) (G1 Evacuation Pause)
[3705.359s][info][gc,task        ] GC(890) Using 6 workers of 6 for evacuation
[3705.472s][info][gc,phases      ] GC(890)   Pre Evacuate Collection Set: 0.35ms
[3705.472s][info][gc,phases      ] GC(890)   Merge Heap Roots: 0.47ms
[3705.472s][info][gc,phases      ] GC(890)   Evacuate Collection Set: 111.62ms
[3705.472s][info][gc,phases      ] GC(890)   Post Evacuate Collection Set: 0.93ms
[3705.472s][info][gc,phases      ] GC(890)   Other: 0.08ms
[3705.472s][info][gc,heap        ] GC(890) Eden regions: 1118->0(1112)
[3705.472s][info][gc,heap        ] GC(890) Survivor regions: 110->107(154)
[3705.472s][info][gc,heap        ] GC(890) Old regions: 507->539
[3705.472s][info][gc,heap        ] GC(890) Humongous regions: 80->80
[3705.472s][info][gc,metaspace   ] GC(890) Metaspace: 28896K(29248K)->28896K(29248K) NonClass: 24028K(24192K)->24028K(24192K) Class: 4868K(5056K)->4868K(5056K)
[3705.472s][info][gc             ] GC(890) Pause Young (Prepare Mixed) (G1 Evacuation Pause) 3628M->1449M(4096M) 113.587ms
[3705.472s][info][gc,cpu         ] GC(890) User=0.68s Sys=0.00s Real=0.11s
...[3708.273s][info][gc,start       ] GC(891) Pause Young (Mixed) (G1 Evacuation Pause)
[3708.273s][info][gc,task        ] GC(891) Using 6 workers of 6 for evacuation
[3708.404s][info][gc,phases      ] GC(891)   Pre Evacuate Collection Set: 0.37ms
[3708.404s][info][gc,phases      ] GC(891)   Merge Heap Roots: 0.61ms
[3708.404s][info][gc,phases      ] GC(891)   Evacuate Collection Set: 128.80ms
[3708.404s][info][gc,phases      ] GC(891)   Post Evacuate Collection Set: 0.93ms
[3708.404s][info][gc,phases      ] GC(891)   Other: 0.08ms
[3708.404s][info][gc,heap        ] GC(891) Eden regions: 1112->0(1120)
[3708.404s][info][gc,heap        ] GC(891) Survivor regions: 107->108(153)
[3708.404s][info][gc,heap        ] GC(891) Old regions: 539->473
[3708.404s][info][gc,heap        ] GC(891) Humongous regions: 80->80
[3708.404s][info][gc,metaspace   ] GC(891) Metaspace: 28896K(29248K)->28896K(29248K) NonClass: 24028K(24192K)->24028K(24192K) Class: 4868K(5056K)->4868K(5056K)
[3708.404s][info][gc             ] GC(891) Pause Young (Mixed) (G1 Evacuation Pause) 3673M->1321M(4096M) 130.924ms
[3708.404s][info][gc,cpu         ] GC(891) User=0.77s Sys=0.00s Real=0.13s
...[3711.112s][info][gc,start       ] GC(892) Pause Young (Concurrent Start) (G1 Evacuation Pause)
[3711.112s][info][gc,task        ] GC(892) Using 6 workers of 6 for evacuation
[3711.228s][info][gc,phases      ] GC(892)   Pre Evacuate Collection Set: 0.41ms
[3711.228s][info][gc,phases      ] GC(892)   Merge Heap Roots: 0.43ms
[3711.228s][info][gc,phases      ] GC(892)   Evacuate Collection Set: 113.94ms
[3711.228s][info][gc,phases      ] GC(892)   Post Evacuate Collection Set: 0.89ms
[3711.228s][info][gc,phases      ] GC(892)   Other: 0.11ms
[3711.228s][info][gc,heap        ] GC(892) Eden regions: 1120->0(1118)
[3711.228s][info][gc,heap        ] GC(892) Survivor regions: 108->110(154)
[3711.228s][info][gc,heap        ] GC(892) Old regions: 473->506
[3711.228s][info][gc,heap        ] GC(892) Humongous regions: 80->80
[3711.228s][info][gc,metaspace   ] GC(892) Metaspace: 28896K(29248K)->28896K(29248K) NonClass: 24028K(24192K)->24028K(24192K) Class: 4868K(5056K)->4868K(5056K)
[3711.228s][info][gc             ] GC(892) Pause Young (Concurrent Start) (G1 Evacuation Pause) 3561M->1389M(4096M) 115.913ms
[3711.228s][info][gc             ] GC(893) Concurrent Mark Cycle
[3711.228s][info][gc,marking     ] GC(893) Concurrent Scan Root Regions
[3711.228s][info][gc,cpu         ] GC(892) User=0.68s Sys=0.00s Real=0.11s
[3711.421s][info][gc,marking     ] GC(893) Concurrent Scan Root Regions 193.608ms
[3711.421s][info][gc,marking     ] GC(893) Concurrent Mark
[3711.421s][info][gc,marking     ] GC(893) Concurrent Mark From Roots
[3711.421s][info][gc,task        ] GC(893) Using 2 workers of 2 for marking
.[3712.384s][info][gc,marking     ] GC(893) Concurrent Mark From Roots 962.592ms
[3712.384s][info][gc,marking     ] GC(893) Concurrent Preclean
[3712.384s][info][gc,marking     ] GC(893) Concurrent Preclean 0.112ms
[3712.385s][info][gc,start       ] GC(893) Pause Remark
[3712.390s][info][gc             ] GC(893) Pause Remark 2278M->2278M(4096M) 5.084ms
[3712.390s][info][gc,cpu         ] GC(893) User=0.03s Sys=0.00s Real=0.01s
[3712.390s][info][gc,marking     ] GC(893) Concurrent Mark 968.701ms
[3712.390s][info][gc,marking     ] GC(893) Concurrent Rebuild Remembered Sets and Scrub Regions
[3712.750s][info][gc,marking     ] GC(893) Concurrent Rebuild Remembered Sets and Scrub Regions 359.939ms
[3712.750s][info][gc,start       ] GC(893) Pause Cleanup
[3712.750s][info][gc             ] GC(893) Pause Cleanup 2564M->2564M(4096M) 0.104ms
[3712.750s][info][gc,cpu         ] GC(893) User=0.00s Sys=0.00s Real=0.00s
[3712.751s][info][gc,marking     ] GC(893) Concurrent Clear Claimed Marks
[3712.751s][info][gc,marking     ] GC(893) Concurrent Clear Claimed Marks 0.029ms
[3712.751s][info][gc,marking     ] GC(893) Concurrent Cleanup for Next Mark
[3712.756s][info][gc,marking     ] GC(893) Concurrent Cleanup for Next Mark 5.248ms
[3712.756s][info][gc             ] GC(893) Concurrent Mark Cycle 1528.644ms
..[3714.114s][info][gc,start       ] GC(894) Pause Young (Prepare Mixed) (G1 Evacuation Pause)
[3714.115s][info][gc,task        ] GC(894) Using 6 workers of 6 for evacuation
[3714.233s][info][gc,phases      ] GC(894)   Pre Evacuate Collection Set: 0.36ms
[3714.233s][info][gc,phases      ] GC(894)   Merge Heap Roots: 0.47ms
[3714.233s][info][gc,phases      ] GC(894)   Evacuate Collection Set: 116.99ms
[3714.233s][info][gc,phases      ] GC(894)   Post Evacuate Collection Set: 0.93ms
[3714.233s][info][gc,phases      ] GC(894)   Other: 0.10ms
[3714.233s][info][gc,heap        ] GC(894) Eden regions: 1118->0(1105)
[3714.233s][info][gc,heap        ] GC(894) Survivor regions: 110->111(154)
[3714.233s][info][gc,heap        ] GC(894) Old regions: 506->538
[3714.233s][info][gc,heap        ] GC(894) Humongous regions: 80->80
[3714.233s][info][gc,metaspace   ] GC(894) Metaspace: 28896K(29248K)->28896K(29248K) NonClass: 24028K(24192K)->24028K(24192K) Class: 4868K(5056K)->4868K(5056K)
[3714.233s][info][gc             ] GC(894) Pause Young (Prepare Mixed) (G1 Evacuation Pause) 3625M->1456M(4096M) 118.982ms
[3714.233s][info][gc,cpu         ] GC(894) User=0.70s Sys=0.00s Real=0.12s
..[3716.902s][info][gc,start       ] GC(895) Pause Young (Mixed) (G1 Evacuation Pause)
[3716.902s][info][gc,task        ] GC(895) Using 6 workers of 6 for evacuation
[3717.039s][info][gc,phases      ] GC(895)   Pre Evacuate Collection Set: 0.35ms
[3717.039s][info][gc,phases      ] GC(895)   Merge Heap Roots: 0.66ms
[3717.039s][info][gc,phases      ] GC(895)   Evacuate Collection Set: 134.18ms
[3717.039s][info][gc,phases      ] GC(895)   Post Evacuate Collection Set: 0.95ms
[3717.039s][info][gc,phases      ] GC(895)   Other: 0.09ms
[3717.039s][info][gc,heap        ] GC(895) Eden regions: 1105->0(1116)
[3717.039s][info][gc,heap        ] GC(895) Survivor regions: 111->112(152)
[3717.039s][info][gc,heap        ] GC(895) Old regions: 538->474
[3717.039s][info][gc,heap        ] GC(895) Humongous regions: 80->80
[3717.039s][info][gc,metaspace   ] GC(895) Metaspace: 28896K(29248K)->28896K(29248K) NonClass: 24028K(24192K)->24028K(24192K) Class: 4868K(5056K)->4868K(5056K)
[3717.039s][info][gc             ] GC(895) Pause Young (Mixed) (G1 Evacuation Pause) 3666M->1330M(4096M) 136.351ms
[3717.039s][info][gc,cpu         ] GC(895) User=0.81s Sys=0.00s Real=0.14s
...[3719.871s][info][gc,start       ] GC(896) Pause Young (Concurrent Start) (G1 Evacuation Pause)
[3719.871s][info][gc,task        ] GC(896) Using 6 workers of 6 for evacuation
[3719.988s][info][gc,phases      ] GC(896)   Pre Evacuate Collection Set: 0.40ms
[3719.988s][info][gc,phases      ] GC(896)   Merge Heap Roots: 0.42ms
[3719.988s][info][gc,phases      ] GC(896)   Evacuate Collection Set: 115.29ms
[3719.988s][info][gc,phases      ] GC(896)   Post Evacuate Collection Set: 0.90ms
[3719.988s][info][gc,phases      ] GC(896)   Other: 0.11ms
[3719.988s][info][gc,heap        ] GC(896) Eden regions: 1116->0(1118)
[3719.988s][info][gc,heap        ] GC(896) Survivor regions: 112->110(154)
[3719.988s][info][gc,heap        ] GC(896) Old regions: 474->506
[3719.988s][info][gc,heap        ] GC(896) Humongous regions: 80->80
[3719.988s][info][gc,metaspace   ] GC(896) Metaspace: 28896K(29248K)->28896K(29248K) NonClass: 24028K(24192K)->24028K(24192K) Class: 4868K(5056K)->4868K(5056K)
[3719.988s][info][gc             ] GC(896) Pause Young (Concurrent Start) (G1 Evacuation Pause) 3562M->1389M(4096M) 117.247ms
[3719.988s][info][gc             ] GC(897) Concurrent Mark Cycle
[3719.988s][info][gc,marking     ] GC(897) Concurrent Scan Root Regions
[3719.988s][info][gc,cpu         ] GC(896) User=0.70s Sys=0.00s Real=0.11s
.[3720.192s][info][gc,marking     ] GC(897) Concurrent Scan Root Regions 204.494ms
[3720.192s][info][gc,marking     ] GC(897) Concurrent Mark
[3720.192s][info][gc,marking     ] GC(897) Concurrent Mark From Roots
[3720.192s][info][gc,task        ] GC(897) Using 2 workers of 2 for marking
[3721.078s][info][gc,marking     ] GC(897) Concurrent Mark From Roots 885.278ms
[3721.078s][info][gc,marking     ] GC(897) Concurrent Preclean
[3721.078s][info][gc,marking     ] GC(897) Concurrent Preclean 0.091ms
[3721.078s][info][gc,start       ] GC(897) Pause Remark
[3721.083s][info][gc             ] GC(897) Pause Remark 2263M->2263M(4096M) 5.097ms
[3721.083s][info][gc,cpu         ] GC(897) User=0.03s Sys=0.00s Real=0.01s
[3721.083s][info][gc,marking     ] GC(897) Concurrent Mark 890.735ms
[3721.083s][info][gc,marking     ] GC(897) Concurrent Rebuild Remembered Sets and Scrub Regions
.[3721.393s][info][gc,marking     ] GC(897) Concurrent Rebuild Remembered Sets and Scrub Regions 310.328ms
[3721.394s][info][gc,start       ] GC(897) Pause Cleanup
[3721.394s][info][gc             ] GC(897) Pause Cleanup 2526M->2526M(4096M) 0.112ms
[3721.394s][info][gc,cpu         ] GC(897) User=0.00s Sys=0.00s Real=0.00s
[3721.395s][info][gc,marking     ] GC(897) Concurrent Clear Claimed Marks
[3721.395s][info][gc,marking     ] GC(897) Concurrent Clear Claimed Marks 0.036ms
[3721.395s][info][gc,marking     ] GC(897) Concurrent Cleanup for Next Mark
[3721.399s][info][gc,marking     ] GC(897) Concurrent Cleanup for Next Mark 3.989ms
[3721.399s][info][gc             ] GC(897) Concurrent Mark Cycle 1411.279ms
.[3722.737s][info][gc,start       ] GC(898) Pause Young (Prepare Mixed) (G1 Evacuation Pause)
[3722.737s][info][gc,task        ] GC(898) Using 6 workers of 6 for evacuation
[3722.854s][info][gc,phases      ] GC(898)   Pre Evacuate Collection Set: 0.36ms
[3722.854s][info][gc,phases      ] GC(898)   Merge Heap Roots: 0.51ms
[3722.854s][info][gc,phases      ] GC(898)   Evacuate Collection Set: 114.60ms
[3722.854s][info][gc,phases      ] GC(898)   Post Evacuate Collection Set: 0.91ms
[3722.854s][info][gc,phases      ] GC(898)   Other: 0.09ms
[3722.854s][info][gc,heap        ] GC(898) Eden regions: 1118->0(1108)
[3722.854s][info][gc,heap        ] GC(898) Survivor regions: 110->110(154)
[3722.854s][info][gc,heap        ] GC(898) Old regions: 506->537
[3722.854s][info][gc,heap        ] GC(898) Humongous regions: 80->80
[3722.854s][info][gc,metaspace   ] GC(898) Metaspace: 28896K(29248K)->28896K(29248K) NonClass: 24028K(24192K)->24028K(24192K) Class: 4868K(5056K)->4868K(5056K)
[3722.854s][info][gc             ] GC(898) Pause Young (Prepare Mixed) (G1 Evacuation Pause) 3625M->1451M(4096M) 116.594ms
[3722.854s][info][gc,cpu         ] GC(898) User=0.68s Sys=0.00s Real=0.12s
...[3725.598s][info][gc,start       ] GC(899) Pause Young (Mixed) (G1 Evacuation Pause)
[3725.598s][info][gc,task        ] GC(899) Using 6 workers of 6 for evacuation
[3725.733s][info][gc,phases      ] GC(899)   Pre Evacuate Collection Set: 0.41ms
[3725.733s][info][gc,phases      ] GC(899)   Merge Heap Roots: 0.67ms
[3725.733s][info][gc,phases      ] GC(899)   Evacuate Collection Set: 132.40ms
[3725.733s][info][gc,phases      ] GC(899)   Post Evacuate Collection Set: 0.97ms
[3725.733s][info][gc,phases      ] GC(899)   Other: 0.09ms
[3725.733s][info][gc,heap        ] GC(899) Eden regions: 1108->0(1118)
[3725.733s][info][gc,heap        ] GC(899) Survivor regions: 110->110(153)
[3725.733s][info][gc,heap        ] GC(899) Old regions: 537->474
[3725.733s][info][gc,heap        ] GC(899) Humongous regions: 80->80
[3725.733s][info][gc,metaspace   ] GC(899) Metaspace: 28896K(29248K)->28896K(29248K) NonClass: 24028K(24192K)->24028K(24192K) Class: 4868K(5056K)->4868K(5056K)
[3725.733s][info][gc             ] GC(899) Pause Young (Mixed) (G1 Evacuation Pause) 3667M->1326M(4096M) 134.674ms
[3725.733s][info][gc,cpu         ] GC(899) User=0.80s Sys=0.00s Real=0.13s
...[3728.516s][info][gc,start       ] GC(900) Pause Young (Concurrent Start) (G1 Evacuation Pause)
[3728.516s][info][gc,task        ] GC(900) Using 6 workers of 6 for evacuation
[3728.630s][info][gc,phases      ] GC(900)   Pre Evacuate Collection Set: 0.38ms
[3728.630s][info][gc,phases      ] GC(900)   Merge Heap Roots: 0.42ms
[3728.630s][info][gc,phases      ] GC(900)   Evacuate Collection Set: 111.69ms
[3728.630s][info][gc,phases      ] GC(900)   Post Evacuate Collection Set: 0.89ms
[3728.630s][info][gc,phases      ] GC(900)   Other: 0.09ms
[3728.630s][info][gc,heap        ] GC(900) Eden regions: 1118->0(1120)
[3728.630s][info][gc,heap        ] GC(900) Survivor regions: 110->108(154)
[3728.630s][info][gc,heap        ] GC(900) Old regions: 474->505
[3728.630s][info][gc,heap        ] GC(900) Humongous regions: 80->80
[3728.630s][info][gc,metaspace   ] GC(900) Metaspace: 28896K(29248K)->28896K(29248K) NonClass: 24028K(24192K)->24028K(24192K) Class: 4868K(5056K)->4868K(5056K)
[3728.630s][info][gc             ] GC(900) Pause Young (Concurrent Start) (G1 Evacuation Pause) 3562M->1384M(4096M) 113.594ms
[3728.630s][info][gc             ] GC(901) Concurrent Mark Cycle
[3728.630s][info][gc,marking     ] GC(901) Concurrent Scan Root Regions
[3728.630s][info][gc,cpu         ] GC(900) User=0.67s Sys=0.00s Real=0.12s
[3728.832s][info][gc,marking     ] GC(901) Concurrent Scan Root Regions 202.766ms
[3728.833s][info][gc,marking     ] GC(901) Concurrent Mark
[3728.833s][info][gc,marking     ] GC(901) Concurrent Mark From Roots
[3728.833s][info][gc,task        ] GC(901) Using 2 workers of 2 for marking
.[3729.733s][info][gc,marking     ] GC(901) Concurrent Mark From Roots 900.603ms
[3729.733s][info][gc,marking     ] GC(901) Concurrent Preclean
[3729.733s][info][gc,marking     ] GC(901) Concurrent Preclean 0.125ms
[3729.734s][info][gc,start       ] GC(901) Pause Remark
[3729.740s][info][gc             ] GC(901) Pause Remark 2296M->2296M(4096M) 5.353ms
[3729.740s][info][gc,cpu         ] GC(901) User=0.03s Sys=0.00s Real=0.01s
[3729.740s][info][gc,marking     ] GC(901) Concurrent Mark 907.225ms
[3729.740s][info][gc,marking     ] GC(901) Concurrent Rebuild Remembered Sets and Scrub Regions
[3730.014s][info][gc,marking     ] GC(901) Concurrent Rebuild Remembered Sets and Scrub Regions 273.886ms
[3730.014s][info][gc,start       ] GC(901) Pause Cleanup
[3730.014s][info][gc             ] GC(901) Pause Cleanup 2507M->2507M(4096M) 0.105ms
[3730.014s][info][gc,cpu         ] GC(901) User=0.00s Sys=0.00s Real=0.00s
[3730.014s][info][gc,marking     ] GC(901) Concurrent Clear Claimed Marks
[3730.014s][info][gc,marking     ] GC(901) Concurrent Clear Claimed Marks 0.027ms
[3730.014s][info][gc,marking     ] GC(901) Concurrent Cleanup for Next Mark
[3730.019s][info][gc,marking     ] GC(901) Concurrent Cleanup for Next Mark 4.581ms
[3730.019s][info][gc             ] GC(901) Concurrent Mark Cycle 1388.971ms
..[3731.384s][info][gc,start       ] GC(902) Pause Young (Prepare Mixed) (G1 Evacuation Pause)
[3731.384s][info][gc,task        ] GC(902) Using 6 workers of 6 for evacuation
[3731.497s][info][gc,phases      ] GC(902)   Pre Evacuate Collection Set: 0.34ms
[3731.497s][info][gc,phases      ] GC(902)   Merge Heap Roots: 0.46ms
[3731.497s][info][gc,phases      ] GC(902)   Evacuate Collection Set: 111.05ms
[3731.497s][info][gc,phases      ] GC(902)   Post Evacuate Collection Set: 0.93ms
[3731.497s][info][gc,phases      ] GC(902)   Other: 0.09ms
[3731.497s][info][gc,heap        ] GC(902) Eden regions: 1120->0(1112)
[3731.497s][info][gc,heap        ] GC(902) Survivor regions: 108->108(154)
[3731.497s][info][gc,heap        ] GC(902) Old regions: 505->537
[3731.497s][info][gc,heap        ] GC(902) Humongous regions: 80->80
[3731.497s][info][gc,metaspace   ] GC(902) Metaspace: 28896K(29248K)->28896K(29248K) NonClass: 24028K(24192K)->24028K(24192K) Class: 4868K(5056K)->4868K(5056K)
[3731.497s][info][gc             ] GC(902) Pause Young (Prepare Mixed) (G1 Evacuation Pause) 3624M->1448M(4096M) 113.018ms
[3731.497s][info][gc,cpu         ] GC(902) User=0.67s Sys=0.00s Real=0.11s
. (rIR:aIR:PR = 6503:6504:6504) (tPR = 96839) [OK] 
  3732s: Performance info:
         Transaction,    Success,    Partial,     Failed,   Receipts, AvgBarcode, 
             Overall,     396256,          0,          0,     376428,      59.48, 
         Response times:
             Request,    Success,    Partial,     Failed,   SkipFail,     Probes,    Samples,      min,      p50,      p90,      p95,      p99,      max, 
       TotalPurchase,     376428,          0,          0,          0,     365814,     404172,      300,     5600,    25000,    57000,   122000,   289000,
     InStorePurchase,     198036,          0,          0,          0,     192436,     212245,      300,     5500,    25000,    57000,   123000,   289000,
      OnlinePurchase,     138747,          0,          0,          0,     134836,     148805,      300,     5800,    25000,    58000,   123000,   228000,
        InstPurchase,      39645,          0,          0,          0,      38542,      43122,      400,     5300,    25000,    56000,   119000,   229000,
          AssocOfCat,        396,          0,          0,          0,        307,        432,    25000,    38500,   103500,   125100,   180340,   218000,
      AssocOfProduct,       3968,          0,          0,          0,       3629,       4241,      600,     5400,    22000,    53900,   109580,   183000,
      BusinessReport,        996,          0,          0,          0,        873,       1105,    27000,    40000,    80000,   116700,   189880,   270000,
          CustBuyBeh,       3957,          0,          0,          0,       3740,       4324,      200,     4600,    19350,    50750,   117750,   161000,
       ProductReturn,      10511,          0,          0,          0,       9994,      11328,      200,     5700,    26000,    60000,   122000,   205000,

  3732s: (48%)   IR =   6642 .[3734.242s][info][gc,start       ] GC(903) Pause Young (Mixed) (G1 Evacuation Pause)
[3734.242s][info][gc,task        ] GC(903) Using 6 workers of 6 for evacuation
[3734.377s][info][gc,phases      ] GC(903)   Pre Evacuate Collection Set: 0.36ms
[3734.377s][info][gc,phases      ] GC(903)   Merge Heap Roots: 0.61ms
[3734.377s][info][gc,phases      ] GC(903)   Evacuate Collection Set: 133.21ms
[3734.377s][info][gc,phases      ] GC(903)   Post Evacuate Collection Set: 0.89ms
[3734.377s][info][gc,phases      ] GC(903)   Other: 0.10ms
[3734.377s][info][gc,heap        ] GC(903) Eden regions: 1112->0(1120)
[3734.377s][info][gc,heap        ] GC(903) Survivor regions: 108->108(153)
[3734.377s][info][gc,heap        ] GC(903) Old regions: 537->474
[3734.377s][info][gc,heap        ] GC(903) Humongous regions: 80->80
[3734.377s][info][gc,metaspace   ] GC(903) Metaspace: 28896K(29248K)->28896K(29248K) NonClass: 24028K(24192K)->24028K(24192K) Class: 4868K(5056K)->4868K(5056K)
[3734.377s][info][gc             ] GC(903) Pause Young (Mixed) (G1 Evacuation Pause) 3672M->1322M(4096M) 135.294ms
[3734.377s][info][gc,cpu         ] GC(903) User=0.80s Sys=0.00s Real=0.13s
...[3737.130s][info][gc,start       ] GC(904) Pause Young (Concurrent Start) (G1 Evacuation Pause)
[3737.130s][info][gc,task        ] GC(904) Using 6 workers of 6 for evacuation
[3737.249s][info][gc,phases      ] GC(904)   Pre Evacuate Collection Set: 0.40ms
[3737.249s][info][gc,phases      ] GC(904)   Merge Heap Roots: 0.44ms
[3737.249s][info][gc,phases      ] GC(904)   Evacuate Collection Set: 117.44ms
[3737.249s][info][gc,phases      ] GC(904)   Post Evacuate Collection Set: 0.88ms
[3737.249s][info][gc,phases      ] GC(904)   Other: 0.13ms
[3737.249s][info][gc,heap        ] GC(904) Eden regions: 1120->0(1114)
[3737.249s][info][gc,heap        ] GC(904) Survivor regions: 108->114(154)
[3737.249s][info][gc,heap        ] GC(904) Old regions: 474->505
[3737.249s][info][gc,heap        ] GC(904) Humongous regions: 80->80
[3737.249s][info][gc,metaspace   ] GC(904) Metaspace: 28896K(29248K)->28896K(29248K) NonClass: 24028K(24192K)->24028K(24192K) Class: 4868K(5056K)->4868K(5056K)
[3737.249s][info][gc             ] GC(904) Pause Young (Concurrent Start) (G1 Evacuation Pause) 3562M->1396M(4096M) 119.411ms
[3737.250s][info][gc             ] GC(905) Concurrent Mark Cycle
[3737.250s][info][gc,marking     ] GC(905) Concurrent Scan Root Regions
[3737.250s][info][gc,cpu         ] GC(904) User=0.70s Sys=0.00s Real=0.12s
.[3737.413s][info][gc,marking     ] GC(905) Concurrent Scan Root Regions 163.549ms
[3737.413s][info][gc,marking     ] GC(905) Concurrent Mark
[3737.413s][info][gc,marking     ] GC(905) Concurrent Mark From Roots
[3737.413s][info][gc,task        ] GC(905) Using 2 workers of 2 for marking
[3738.125s][info][gc,marking     ] GC(905) Concurrent Mark From Roots 711.540ms
[3738.125s][info][gc,marking     ] GC(905) Concurrent Preclean
[3738.125s][info][gc,marking     ] GC(905) Concurrent Preclean 0.147ms
[3738.127s][info][gc,start       ] GC(905) Pause Remark
[3738.133s][info][gc             ] GC(905) Pause Remark 2128M->2128M(4096M) 5.365ms
[3738.133s][info][gc,cpu         ] GC(905) User=0.03s Sys=0.00s Real=0.01s
[3738.133s][info][gc,marking     ] GC(905) Concurrent Mark 719.810ms
[3738.133s][info][gc,marking     ] GC(905) Concurrent Rebuild Remembered Sets and Scrub Regions
[3738.395s][info][gc,marking     ] GC(905) Concurrent Rebuild Remembered Sets and Scrub Regions 262.107ms
[3738.398s][info][gc,start       ] GC(905) Pause Cleanup
[3738.398s][info][gc             ] GC(905) Pause Cleanup 2380M->2380M(4096M) 0.138ms
[3738.398s][info][gc,cpu         ] GC(905) User=0.00s Sys=0.00s Real=0.00s
[3738.399s][info][gc,marking     ] GC(905) Concurrent Clear Claimed Marks
[3738.399s][info][gc,marking     ] GC(905) Concurrent Clear Claimed Marks 0.041ms
[3738.399s][info][gc,marking     ] GC(905) Concurrent Cleanup for Next Mark
.[3738.403s][info][gc,marking     ] GC(905) Concurrent Cleanup for Next Mark 4.453ms
[3738.403s][info][gc             ] GC(905) Concurrent Mark Cycle 1153.558ms
.[3739.965s][info][gc,start       ] GC(906) Pause Young (Prepare Mixed) (G1 Evacuation Pause)
[3739.965s][info][gc,task        ] GC(906) Using 6 workers of 6 for evacuation
[3740.084s][info][gc,phases      ] GC(906)   Pre Evacuate Collection Set: 0.35ms
[3740.084s][info][gc,phases      ] GC(906)   Merge Heap Roots: 0.51ms
[3740.084s][info][gc,phases      ] GC(906)   Evacuate Collection Set: 117.73ms
[3740.084s][info][gc,phases      ] GC(906)   Post Evacuate Collection Set: 0.94ms
[3740.084s][info][gc,phases      ] GC(906)   Other: 0.09ms
[3740.084s][info][gc,heap        ] GC(906) Eden regions: 1114->0(1105)
[3740.084s][info][gc,heap        ] GC(906) Survivor regions: 114->112(154)
[3740.084s][info][gc,heap        ] GC(906) Old regions: 505->536
[3740.084s][info][gc,heap        ] GC(906) Humongous regions: 80->80
[3740.084s][info][gc,metaspace   ] GC(906) Metaspace: 28896K(29248K)->28896K(29248K) NonClass: 24028K(24192K)->24028K(24192K) Class: 4868K(5056K)->4868K(5056K)
[3740.084s][info][gc             ] GC(906) Pause Young (Prepare Mixed) (G1 Evacuation Pause) 3624M->1455M(4096M) 119.750ms
[3740.084s][info][gc,cpu         ] GC(906) User=0.70s Sys=0.00s Real=0.12s
.|..[3742.740s][info][gc,start       ] GC(907) Pause Young (Mixed) (G1 Evacuation Pause)
[3742.740s][info][gc,task        ] GC(907) Using 6 workers of 6 for evacuation
[3742.872s][info][gc,phases      ] GC(907)   Pre Evacuate Collection Set: 0.36ms
[3742.872s][info][gc,phases      ] GC(907)   Merge Heap Roots: 0.66ms
[3742.872s][info][gc,phases      ] GC(907)   Evacuate Collection Set: 130.29ms
[3742.872s][info][gc,phases      ] GC(907)   Post Evacuate Collection Set: 0.96ms
[3742.872s][info][gc,phases      ] GC(907)   Other: 0.08ms
[3742.872s][info][gc,heap        ] GC(907) Eden regions: 1105->0(1118)
[3742.872s][info][gc,heap        ] GC(907) Survivor regions: 112->110(153)
[3742.872s][info][gc,heap        ] GC(907) Old regions: 536->472
[3742.872s][info][gc,heap        ] GC(907) Humongous regions: 80->80
[3742.872s][info][gc,metaspace   ] GC(907) Metaspace: 28896K(29248K)->28896K(29248K) NonClass: 24028K(24192K)->24028K(24192K) Class: 4868K(5056K)->4868K(5056K)
[3742.872s][info][gc             ] GC(907) Pause Young (Mixed) (G1 Evacuation Pause) 3665M->1323M(4096M) 132.502ms
[3742.872s][info][gc,cpu         ] GC(907) User=0.78s Sys=0.00s Real=0.13s
...[3745.613s][info][gc,start       ] GC(908) Pause Young (Concurrent Start) (G1 Evacuation Pause)
[3745.613s][info][gc,task        ] GC(908) Using 6 workers of 6 for evacuation
[3745.735s][info][gc,phases      ] GC(908)   Pre Evacuate Collection Set: 0.38ms
[3745.735s][info][gc,phases      ] GC(908)   Merge Heap Roots: 0.46ms
[3745.735s][info][gc,phases      ] GC(908)   Evacuate Collection Set: 120.15ms
[3745.735s][info][gc,phases      ] GC(908)   Post Evacuate Collection Set: 0.86ms
[3745.735s][info][gc,phases      ] GC(908)   Other: 0.11ms
[3745.735s][info][gc,heap        ] GC(908) Eden regions: 1118->0(1114)
[3745.735s][info][gc,heap        ] GC(908) Survivor regions: 110->114(154)
[3745.735s][info][gc,heap        ] GC(908) Old regions: 472->504
[3745.735s][info][gc,heap        ] GC(908) Humongous regions: 80->80
[3745.735s][info][gc,metaspace   ] GC(908) Metaspace: 28896K(29248K)->28896K(29248K) NonClass: 24028K(24192K)->24028K(24192K) Class: 4868K(5056K)->4868K(5056K)
[3745.735s][info][gc             ] GC(908) Pause Young (Concurrent Start) (G1 Evacuation Pause) 3559M->1394M(4096M) 122.078ms
[3745.735s][info][gc             ] GC(909) Concurrent Mark Cycle
[3745.735s][info][gc,marking     ] GC(909) Concurrent Scan Root Regions
[3745.735s][info][gc,cpu         ] GC(908) User=0.72s Sys=0.00s Real=0.12s
[3745.895s][info][gc,marking     ] GC(909) Concurrent Scan Root Regions 159.627ms
[3745.895s][info][gc,marking     ] GC(909) Concurrent Mark
[3745.895s][info][gc,marking     ] GC(909) Concurrent Mark From Roots
[3745.895s][info][gc,task        ] GC(909) Using 2 workers of 2 for marking
.[3746.612s][info][gc,marking     ] GC(909) Concurrent Mark From Roots 717.723ms
[3746.612s][info][gc,marking     ] GC(909) Concurrent Preclean
[3746.612s][info][gc,marking     ] GC(909) Concurrent Preclean 0.095ms
[3746.613s][info][gc,start       ] GC(909) Pause Remark
[3746.618s][info][gc             ] GC(909) Pause Remark 2140M->2140M(4096M) 4.988ms
[3746.618s][info][gc,cpu         ] GC(909) User=0.02s Sys=0.01s Real=0.00s
[3746.618s][info][gc,marking     ] GC(909) Concurrent Mark 723.125ms
[3746.618s][info][gc,marking     ] GC(909) Concurrent Rebuild Remembered Sets and Scrub Regions
[3746.927s][info][gc,marking     ] GC(909) Concurrent Rebuild Remembered Sets and Scrub Regions 309.415ms
[3746.927s][info][gc,start       ] GC(909) Pause Cleanup
[3746.927s][info][gc             ] GC(909) Pause Cleanup 2397M->2397M(4096M) 0.099ms
[3746.927s][info][gc,cpu         ] GC(909) User=0.00s Sys=0.00s Real=0.00s
[3746.929s][info][gc,marking     ] GC(909) Concurrent Clear Claimed Marks
[3746.929s][info][gc,marking     ] GC(909) Concurrent Clear Claimed Marks 0.048ms
[3746.929s][info][gc,marking     ] GC(909) Concurrent Cleanup for Next Mark
[3746.937s][info][gc,marking     ] GC(909) Concurrent Cleanup for Next Mark 8.018ms
[3746.937s][info][gc             ] GC(909) Concurrent Mark Cycle 1201.984ms
.[3748.474s][info][gc,start       ] GC(910) Pause Young (Prepare Mixed) (G1 Evacuation Pause)
[3748.474s][info][gc,task        ] GC(910) Using 6 workers of 6 for evacuation
[3748.591s][info][gc,phases      ] GC(910)   Pre Evacuate Collection Set: 0.34ms
[3748.591s][info][gc,phases      ] GC(910)   Merge Heap Roots: 0.54ms
[3748.591s][info][gc,phases      ] GC(910)   Evacuate Collection Set: 114.32ms
[3748.591s][info][gc,phases      ] GC(910)   Post Evacuate Collection Set: 0.95ms
[3748.591s][info][gc,phases      ] GC(910)   Other: 0.82ms
[3748.591s][info][gc,heap        ] GC(910) Eden regions: 1114->0(1113)
[3748.591s][info][gc,heap        ] GC(910) Survivor regions: 114->108(154)
[3748.591s][info][gc,heap        ] GC(910) Old regions: 504->536
[3748.591s][info][gc,heap        ] GC(910) Humongous regions: 80->80
[3748.591s][info][gc,metaspace   ] GC(910) Metaspace: 28896K(29248K)->28896K(29248K) NonClass: 24028K(24192K)->24028K(24192K) Class: 4868K(5056K)->4868K(5056K)
[3748.591s][info][gc             ] GC(910) Pause Young (Prepare Mixed) (G1 Evacuation Pause) 3622M->1445M(4096M) 117.121ms
[3748.591s][info][gc,cpu         ] GC(910) User=0.69s Sys=0.00s Real=0.12s
...[3751.226s][info][gc,start       ] GC(911) Pause Young (Mixed) (G1 Evacuation Pause)
[3751.226s][info][gc,task        ] GC(911) Using 6 workers of 6 for evacuation
[3751.354s][info][gc,phases      ] GC(911)   Pre Evacuate Collection Set: 0.40ms
[3751.354s][info][gc,phases      ] GC(911)   Merge Heap Roots: 0.59ms
[3751.354s][info][gc,phases      ] GC(911)   Evacuate Collection Set: 125.48ms
[3751.354s][info][gc,phases      ] GC(911)   Post Evacuate Collection Set: 0.93ms
[3751.354s][info][gc,phases      ] GC(911)   Other: 0.09ms
[3751.354s][info][gc,heap        ] GC(911) Eden regions: 1113->0(1121)
[3751.354s][info][gc,heap        ] GC(911) Survivor regions: 108->107(153)
[3751.354s][info][gc,heap        ] GC(911) Old regions: 536->473
[3751.354s][info][gc,heap        ] GC(911) Humongous regions: 80->80
[3751.354s][info][gc,metaspace   ] GC(911) Metaspace: 28896K(29248K)->28896K(29248K) NonClass: 24028K(24192K)->24028K(24192K) Class: 4868K(5056K)->4868K(5056K)
[3751.354s][info][gc             ] GC(911) Pause Young (Mixed) (G1 Evacuation Pause) 3671M->1318M(4096M) 127.611ms
[3751.354s][info][gc,cpu         ] GC(911) User=0.76s Sys=0.00s Real=0.13s
...[3754.130s][info][gc,start       ] GC(912) Pause Young (Concurrent Start) (G1 Evacuation Pause)
[3754.130s][info][gc,task        ] GC(912) Using 6 workers of 6 for evacuation
[3754.251s][info][gc,phases      ] GC(912)   Pre Evacuate Collection Set: 0.39ms
[3754.251s][info][gc,phases      ] GC(912)   Merge Heap Roots: 0.43ms
[3754.251s][info][gc,phases      ] GC(912)   Evacuate Collection Set: 119.38ms
[3754.251s][info][gc,phases      ] GC(912)   Post Evacuate Collection Set: 0.89ms
[3754.251s][info][gc,phases      ] GC(912)   Other: 0.10ms
[3754.251s][info][gc,heap        ] GC(912) Eden regions: 1121->0(1114)
[3754.251s][info][gc,heap        ] GC(912) Survivor regions: 107->114(154)
[3754.251s][info][gc,heap        ] GC(912) Old regions: 473->504
[3754.251s][info][gc,heap        ] GC(912) Humongous regions: 80->80
[3754.251s][info][gc,metaspace   ] GC(912) Metaspace: 28896K(29248K)->28896K(29248K) NonClass: 24028K(24192K)->24028K(24192K) Class: 4868K(5056K)->4868K(5056K)
[3754.251s][info][gc             ] GC(912) Pause Young (Concurrent Start) (G1 Evacuation Pause) 3560M->1394M(4096M) 121.358ms
[3754.251s][info][gc             ] GC(913) Concurrent Mark Cycle
[3754.251s][info][gc,marking     ] GC(913) Concurrent Scan Root Regions
[3754.251s][info][gc,cpu         ] GC(912) User=0.72s Sys=0.00s Real=0.12s
[3754.420s][info][gc,marking     ] GC(913) Concurrent Scan Root Regions 168.487ms
[3754.420s][info][gc,marking     ] GC(913) Concurrent Mark
[3754.420s][info][gc,marking     ] GC(913) Concurrent Mark From Roots
[3754.420s][info][gc,task        ] GC(913) Using 2 workers of 2 for marking
.[3755.144s][info][gc,marking     ] GC(913) Concurrent Mark From Roots 723.717ms
[3755.144s][info][gc,marking     ] GC(913) Concurrent Preclean
[3755.144s][info][gc,marking     ] GC(913) Concurrent Preclean 0.082ms
[3755.144s][info][gc,start       ] GC(913) Pause Remark
[3755.150s][info][gc             ] GC(913) Pause Remark 2161M->2161M(4096M) 5.673ms
[3755.150s][info][gc,cpu         ] GC(913) User=0.04s Sys=0.00s Real=0.01s
[3755.150s][info][gc,marking     ] GC(913) Concurrent Mark 729.764ms
[3755.150s][info][gc,marking     ] GC(913) Concurrent Rebuild Remembered Sets and Scrub Regions
[3755.418s][info][gc,marking     ] GC(913) Concurrent Rebuild Remembered Sets and Scrub Regions 268.386ms
[3755.418s][info][gc,start       ] GC(913) Pause Cleanup
[3755.418s][info][gc             ] GC(913) Pause Cleanup 2388M->2388M(4096M) 0.117ms
[3755.418s][info][gc,cpu         ] GC(913) User=0.00s Sys=0.00s Real=0.00s
[3755.421s][info][gc,marking     ] GC(913) Concurrent Clear Claimed Marks
[3755.421s][info][gc,marking     ] GC(913) Concurrent Clear Claimed Marks 0.066ms
[3755.421s][info][gc,marking     ] GC(913) Concurrent Cleanup for Next Mark
[3755.426s][info][gc,marking     ] GC(913) Concurrent Cleanup for Next Mark 4.484ms
[3755.426s][info][gc             ] GC(913) Concurrent Mark Cycle 1174.612ms
..[3756.960s][info][gc,start       ] GC(914) Pause Young (Prepare Mixed) (G1 Evacuation Pause)
[3756.960s][info][gc,task        ] GC(914) Using 6 workers of 6 for evacuation
[3757.079s][info][gc,phases      ] GC(914)   Pre Evacuate Collection Set: 0.33ms
[3757.079s][info][gc,phases      ] GC(914)   Merge Heap Roots: 0.47ms
[3757.079s][info][gc,phases      ] GC(914)   Evacuate Collection Set: 117.02ms
[3757.079s][info][gc,phases      ] GC(914)   Post Evacuate Collection Set: 0.93ms
[3757.079s][info][gc,phases      ] GC(914)   Other: 0.08ms
[3757.079s][info][gc,heap        ] GC(914) Eden regions: 1114->0(1103)
[3757.079s][info][gc,heap        ] GC(914) Survivor regions: 114->113(154)
[3757.079s][info][gc,heap        ] GC(914) Old regions: 504->536
[3757.079s][info][gc,heap        ] GC(914) Humongous regions: 80->80
[3757.079s][info][gc,metaspace   ] GC(914) Metaspace: 28896K(29248K)->28896K(29248K) NonClass: 24028K(24192K)->24028K(24192K) Class: 4868K(5056K)->4868K(5056K)
[3757.079s][info][gc             ] GC(914) Pause Young (Prepare Mixed) (G1 Evacuation Pause) 3622M->1456M(4096M) 118.953ms
[3757.079s][info][gc,cpu         ] GC(914) User=0.70s Sys=0.00s Real=0.12s
...[3759.772s][info][gc,start       ] GC(915) Pause Young (Mixed) (G1 Evacuation Pause)
[3759.772s][info][gc,task        ] GC(915) Using 6 workers of 6 for evacuation
[3759.908s][info][gc,phases      ] GC(915)   Pre Evacuate Collection Set: 0.40ms
[3759.908s][info][gc,phases      ] GC(915)   Merge Heap Roots: 0.68ms
[3759.908s][info][gc,phases      ] GC(915)   Evacuate Collection Set: 133.90ms
[3759.908s][info][gc,phases      ] GC(915)   Post Evacuate Collection Set: 0.93ms
[3759.908s][info][gc,phases      ] GC(915)   Other: 0.09ms
[3759.908s][info][gc,heap        ] GC(915) Eden regions: 1103->0(1117)
[3759.908s][info][gc,heap        ] GC(915) Survivor regions: 113->111(152)
[3759.908s][info][gc,heap        ] GC(915) Old regions: 536->474
[3759.908s][info][gc,heap        ] GC(915) Humongous regions: 80->80
[3759.908s][info][gc,metaspace   ] GC(915) Metaspace: 28896K(29248K)->28896K(29248K) NonClass: 24028K(24192K)->24028K(24192K) Class: 4868K(5056K)->4868K(5056K)
[3759.908s][info][gc             ] GC(915) Pause Young (Mixed) (G1 Evacuation Pause) 3662M->1329M(4096M) 136.135ms
[3759.908s][info][gc,cpu         ] GC(915) User=0.80s Sys=0.00s Real=0.14s
...[3762.612s][info][gc,start       ] GC(916) Pause Young (Concurrent Start) (G1 Evacuation Pause)
[3762.612s][info][gc,task        ] GC(916) Using 6 workers of 6 for evacuation
[3762.728s][info][gc,phases      ] GC(916)   Pre Evacuate Collection Set: 0.39ms
[3762.728s][info][gc,phases      ] GC(916)   Merge Heap Roots: 0.42ms
[3762.728s][info][gc,phases      ] GC(916)   Evacuate Collection Set: 113.83ms
[3762.728s][info][gc,phases      ] GC(916)   Post Evacuate Collection Set: 0.90ms
[3762.728s][info][gc,phases      ] GC(916)   Other: 0.10ms
[3762.728s][info][gc,heap        ] GC(916) Eden regions: 1117->0(1119)
[3762.728s][info][gc,heap        ] GC(916) Survivor regions: 111->109(154)
[3762.728s][info][gc,heap        ] GC(916) Old regions: 474->506
[3762.728s][info][gc,heap        ] GC(916) Humongous regions: 80->80
[3762.728s][info][gc,metaspace   ] GC(916) Metaspace: 28896K(29248K)->28896K(29248K) NonClass: 24028K(24192K)->24028K(24192K) Class: 4868K(5056K)->4868K(5056K)
[3762.728s][info][gc             ] GC(916) Pause Young (Concurrent Start) (G1 Evacuation Pause) 3563M->1388M(4096M) 115.766ms
[3762.728s][info][gc             ] GC(917) Concurrent Mark Cycle
[3762.728s][info][gc,marking     ] GC(917) Concurrent Scan Root Regions
[3762.728s][info][gc,cpu         ] GC(916) User=0.69s Sys=0.00s Real=0.11s
[3762.914s][info][gc,marking     ] GC(917) Concurrent Scan Root Regions 186.282ms
[3762.914s][info][gc,marking     ] GC(917) Concurrent Mark
[3762.914s][info][gc,marking     ] GC(917) Concurrent Mark From Roots
[3762.914s][info][gc,task        ] GC(917) Using 2 workers of 2 for marking
.[3763.627s][info][gc,marking     ] GC(917) Concurrent Mark From Roots 713.094ms
[3763.627s][info][gc,marking     ] GC(917) Concurrent Preclean
[3763.627s][info][gc,marking     ] GC(917) Concurrent Preclean 0.109ms
[3763.628s][info][gc,start       ] GC(917) Pause Remark
[3763.633s][info][gc             ] GC(917) Pause Remark 2150M->2150M(4096M) 4.783ms
[3763.633s][info][gc,cpu         ] GC(917) User=0.02s Sys=0.00s Real=0.00s
[3763.633s][info][gc,marking     ] GC(917) Concurrent Mark 719.340ms
[3763.633s][info][gc,marking     ] GC(917) Concurrent Rebuild Remembered Sets and Scrub Regions
[3763.938s][info][gc,marking     ] GC(917) Concurrent Rebuild Remembered Sets and Scrub Regions 304.673ms
[3763.939s][info][gc,start       ] GC(917) Pause Cleanup
[3763.939s][info][gc             ] GC(917) Pause Cleanup 2424M->2424M(4096M) 0.104ms
[3763.939s][info][gc,cpu         ] GC(917) User=0.00s Sys=0.00s Real=0.00s
[3763.939s][info][gc,marking     ] GC(917) Concurrent Clear Claimed Marks
[3763.939s][info][gc,marking     ] GC(917) Concurrent Clear Claimed Marks 0.029ms
[3763.939s][info][gc,marking     ] GC(917) Concurrent Cleanup for Next Mark
[3763.945s][info][gc,marking     ] GC(917) Concurrent Cleanup for Next Mark 5.763ms
[3763.945s][info][gc             ] GC(917) Concurrent Mark Cycle 1217.410ms
.[3765.444s][info][gc,start       ] GC(918) Pause Young (Prepare Mixed) (G1 Evacuation Pause)
[3765.445s][info][gc,task        ] GC(918) Using 6 workers of 6 for evacuation
[3765.559s][info][gc,phases      ] GC(918)   Pre Evacuate Collection Set: 0.35ms
[3765.559s][info][gc,phases      ] GC(918)   Merge Heap Roots: 0.47ms
[3765.559s][info][gc,phases      ] GC(918)   Evacuate Collection Set: 112.50ms
[3765.559s][info][gc,phases      ] GC(918)   Post Evacuate Collection Set: 0.92ms
[3765.559s][info][gc,phases      ] GC(918)   Other: 0.09ms
[3765.559s][info][gc,heap        ] GC(918) Eden regions: 1119->0(1111)
[3765.559s][info][gc,heap        ] GC(918) Survivor regions: 109->108(154)
[3765.559s][info][gc,heap        ] GC(918) Old regions: 506->538
[3765.559s][info][gc,heap        ] GC(918) Humongous regions: 80->80
[3765.559s][info][gc,metaspace   ] GC(918) Metaspace: 28896K(29248K)->28896K(29248K) NonClass: 24028K(24192K)->24028K(24192K) Class: 4868K(5056K)->4868K(5056K)
[3765.559s][info][gc             ] GC(918) Pause Young (Prepare Mixed) (G1 Evacuation Pause) 3626M->1450M(4096M) 114.476ms
[3765.559s][info][gc,cpu         ] GC(918) User=0.68s Sys=0.00s Real=0.12s
...[3768.265s][info][gc,start       ] GC(919) Pause Young (Mixed) (G1 Evacuation Pause)
[3768.265s][info][gc,task        ] GC(919) Using 6 workers of 6 for evacuation
[3768.397s][info][gc,phases      ] GC(919)   Pre Evacuate Collection Set: 0.38ms
[3768.397s][info][gc,phases      ] GC(919)   Merge Heap Roots: 0.62ms
[3768.397s][info][gc,phases      ] GC(919)   Evacuate Collection Set: 129.95ms
[3768.397s][info][gc,phases      ] GC(919)   Post Evacuate Collection Set: 0.93ms
[3768.397s][info][gc,phases      ] GC(919)   Other: 0.08ms
[3768.397s][info][gc,heap        ] GC(919) Eden regions: 1111->0(1119)
[3768.397s][info][gc,heap        ] GC(919) Survivor regions: 108->109(153)
[3768.397s][info][gc,heap        ] GC(919) Old regions: 538->475
[3768.397s][info][gc,heap        ] GC(919) Humongous regions: 80->80
[3768.397s][info][gc,metaspace   ] GC(919) Metaspace: 28896K(29248K)->28896K(29248K) NonClass: 24028K(24192K)->24028K(24192K) Class: 4868K(5056K)->4868K(5056K)
[3768.397s][info][gc             ] GC(919) Pause Young (Mixed) (G1 Evacuation Pause) 3672M->1326M(4096M) 132.094ms
[3768.397s][info][gc,cpu         ] GC(919) User=0.78s Sys=0.00s Real=0.13s
...[3771.108s][info][gc,start       ] GC(920) Pause Young (Concurrent Start) (G1 Evacuation Pause)
[3771.108s][info][gc,task        ] GC(920) Using 6 workers of 6 for evacuation
[3771.225s][info][gc,phases      ] GC(920)   Pre Evacuate Collection Set: 0.40ms
[3771.225s][info][gc,phases      ] GC(920)   Merge Heap Roots: 0.46ms
[3771.225s][info][gc,phases      ] GC(920)   Evacuate Collection Set: 114.70ms
[3771.225s][info][gc,phases      ] GC(920)   Post Evacuate Collection Set: 0.89ms
[3771.225s][info][gc,phases      ] GC(920)   Other: 0.15ms
[3771.225s][info][gc,heap        ] GC(920) Eden regions: 1119->0(1118)
[3771.225s][info][gc,heap        ] GC(920) Survivor regions: 109->110(154)
[3771.225s][info][gc,heap        ] GC(920) Old regions: 475->507
[3771.225s][info][gc,heap        ] GC(920) Humongous regions: 80->80
[3771.225s][info][gc,metaspace   ] GC(920) Metaspace: 28896K(29248K)->28896K(29248K) NonClass: 24028K(24192K)->24028K(24192K) Class: 4868K(5056K)->4868K(5056K)
[3771.225s][info][gc             ] GC(920) Pause Young (Concurrent Start) (G1 Evacuation Pause) 3564M->1392M(4096M) 116.757ms
[3771.225s][info][gc             ] GC(921) Concurrent Mark Cycle
[3771.225s][info][gc,marking     ] GC(921) Concurrent Scan Root Regions
[3771.225s][info][gc,cpu         ] GC(920) User=0.69s Sys=0.00s Real=0.11s
[3771.390s][info][gc,marking     ] GC(921) Concurrent Scan Root Regions 164.815ms
[3771.390s][info][gc,marking     ] GC(921) Concurrent Mark
[3771.390s][info][gc,marking     ] GC(921) Concurrent Mark From Roots
[3771.390s][info][gc,task        ] GC(921) Using 2 workers of 2 for marking
.[3772.353s][info][gc,marking     ] GC(921) Concurrent Mark From Roots 963.551ms
[3772.354s][info][gc,marking     ] GC(921) Concurrent Preclean
[3772.354s][info][gc,marking     ] GC(921) Concurrent Preclean 0.112ms
[3772.354s][info][gc,start       ] GC(921) Pause Remark
[3772.360s][info][gc             ] GC(921) Pause Remark 2326M->2326M(4096M) 6.423ms
[3772.360s][info][gc,cpu         ] GC(921) User=0.04s Sys=0.00s Real=0.01s
[3772.361s][info][gc,marking     ] GC(921) Concurrent Mark 970.887ms
[3772.361s][info][gc,marking     ] GC(921) Concurrent Rebuild Remembered Sets and Scrub Regions
.[3772.729s][info][gc,marking     ] GC(921) Concurrent Rebuild Remembered Sets and Scrub Regions 367.685ms
[3772.729s][info][gc,start       ] GC(921) Pause Cleanup
[3772.729s][info][gc             ] GC(921) Pause Cleanup 2651M->2651M(4096M) 0.112ms
[3772.729s][info][gc,cpu         ] GC(921) User=0.00s Sys=0.00s Real=0.00s
[3772.729s][info][gc,marking     ] GC(921) Concurrent Clear Claimed Marks
[3772.729s][info][gc,marking     ] GC(921) Concurrent Clear Claimed Marks 0.032ms
[3772.729s][info][gc,marking     ] GC(921) Concurrent Cleanup for Next Mark
[3772.736s][info][gc,marking     ] GC(921) Concurrent Cleanup for Next Mark 6.624ms
[3772.736s][info][gc             ] GC(921) Concurrent Mark Cycle 1510.890ms
.[3773.966s][info][gc,start       ] GC(922) Pause Young (Prepare Mixed) (G1 Evacuation Pause)
[3773.966s][info][gc,task        ] GC(922) Using 6 workers of 6 for evacuation
[3774.086s][info][gc,phases      ] GC(922)   Pre Evacuate Collection Set: 0.32ms
[3774.086s][info][gc,phases      ] GC(922)   Merge Heap Roots: 0.45ms
[3774.086s][info][gc,phases      ] GC(922)   Evacuate Collection Set: 118.20ms
[3774.086s][info][gc,phases      ] GC(922)   Post Evacuate Collection Set: 0.93ms
[3774.086s][info][gc,phases      ] GC(922)   Other: 0.10ms
[3774.086s][info][gc,heap        ] GC(922) Eden regions: 1118->0(1100)
[3774.086s][info][gc,heap        ] GC(922) Survivor regions: 110->113(154)
[3774.086s][info][gc,heap        ] GC(922) Old regions: 507->539
[3774.086s][info][gc,heap        ] GC(922) Humongous regions: 80->80
[3774.086s][info][gc,metaspace   ] GC(922) Metaspace: 28896K(29248K)->28896K(29248K) NonClass: 24028K(24192K)->24028K(24192K) Class: 4868K(5056K)->4868K(5056K)
[3774.086s][info][gc             ] GC(922) Pause Young (Prepare Mixed) (G1 Evacuation Pause) 3628M->1462M(4096M) 120.149ms
[3774.086s][info][gc,cpu         ] GC(922) User=0.71s Sys=0.00s Real=0.12s
...[3776.795s][info][gc,start       ] GC(923) Pause Young (Mixed) (G1 Evacuation Pause)
[3776.795s][info][gc,task        ] GC(923) Using 6 workers of 6 for evacuation
[3776.927s][info][gc,phases      ] GC(923)   Pre Evacuate Collection Set: 0.38ms
[3776.927s][info][gc,phases      ] GC(923)   Merge Heap Roots: 0.65ms
[3776.927s][info][gc,phases      ] GC(923)   Evacuate Collection Set: 130.01ms
[3776.927s][info][gc,phases      ] GC(923)   Post Evacuate Collection Set: 0.97ms
[3776.927s][info][gc,phases      ] GC(923)   Other: 0.09ms
[3776.927s][info][gc,heap        ] GC(923) Eden regions: 1100->0(1118)
[3776.927s][info][gc,heap        ] GC(923) Survivor regions: 113->110(152)
[3776.927s][info][gc,heap        ] GC(923) Old regions: 539->475
[3776.927s][info][gc,heap        ] GC(923) Humongous regions: 80->80
[3776.927s][info][gc,metaspace   ] GC(923) Metaspace: 28896K(29248K)->28896K(29248K) NonClass: 24028K(24192K)->24028K(24192K) Class: 4868K(5056K)->4868K(5056K)
[3776.927s][info][gc             ] GC(923) Pause Young (Mixed) (G1 Evacuation Pause) 3662M->1328M(4096M) 132.219ms
[3776.927s][info][gc,cpu         ] GC(923) User=0.79s Sys=0.00s Real=0.13s
..[3779.645s][info][gc,start       ] GC(924) Pause Young (Concurrent Start) (G1 Evacuation Pause)
[3779.645s][info][gc,task        ] GC(924) Using 6 workers of 6 for evacuation
[3779.763s][info][gc,phases      ] GC(924)   Pre Evacuate Collection Set: 0.38ms
[3779.763s][info][gc,phases      ] GC(924)   Merge Heap Roots: 0.46ms
[3779.763s][info][gc,phases      ] GC(924)   Evacuate Collection Set: 115.65ms
[3779.763s][info][gc,phases      ] GC(924)   Post Evacuate Collection Set: 0.88ms
[3779.763s][info][gc,phases      ] GC(924)   Other: 0.13ms
[3779.763s][info][gc,heap        ] GC(924) Eden regions: 1118->0(1119)
[3779.763s][info][gc,heap        ] GC(924) Survivor regions: 110->109(154)
[3779.763s][info][gc,heap        ] GC(924) Old regions: 475->506
[3779.763s][info][gc,heap        ] GC(924) Humongous regions: 80->80
[3779.763s][info][gc,metaspace   ] GC(924) Metaspace: 28896K(29248K)->28896K(29248K) NonClass: 24028K(24192K)->24028K(24192K) Class: 4868K(5056K)->4868K(5056K)
[3779.763s][info][gc             ] GC(924) Pause Young (Concurrent Start) (G1 Evacuation Pause) 3564M->1389M(4096M) 117.637ms
[3779.763s][info][gc             ] GC(925) Concurrent Mark Cycle
[3779.763s][info][gc,marking     ] GC(925) Concurrent Scan Root Regions
[3779.763s][info][gc,cpu         ] GC(924) User=0.70s Sys=0.00s Real=0.12s
.[3780.010s][info][gc,marking     ] GC(925) Concurrent Scan Root Regions 247.412ms
[3780.010s][info][gc,marking     ] GC(925) Concurrent Mark
[3780.010s][info][gc,marking     ] GC(925) Concurrent Mark From Roots
[3780.010s][info][gc,task        ] GC(925) Using 2 workers of 2 for marking
.[3781.007s][info][gc,marking     ] GC(925) Concurrent Mark From Roots 996.687ms
[3781.007s][info][gc,marking     ] GC(925) Concurrent Preclean
[3781.007s][info][gc,marking     ] GC(925) Concurrent Preclean 0.099ms
[3781.007s][info][gc,start       ] GC(925) Pause Remark
[3781.013s][info][gc             ] GC(925) Pause Remark 2492M->2492M(4096M) 6.259ms
[3781.013s][info][gc,cpu         ] GC(925) User=0.04s Sys=0.00s Real=0.01s
[3781.014s][info][gc,marking     ] GC(925) Concurrent Mark 1003.301ms
[3781.014s][info][gc,marking     ] GC(925) Concurrent Rebuild Remembered Sets and Scrub Regions
[3781.337s][info][gc,marking     ] GC(925) Concurrent Rebuild Remembered Sets and Scrub Regions 323.296ms
[3781.337s][info][gc,start       ] GC(925) Pause Cleanup
[3781.337s][info][gc             ] GC(925) Pause Cleanup 2761M->2761M(4096M) 0.104ms
[3781.337s][info][gc,cpu         ] GC(925) User=0.00s Sys=0.00s Real=0.00s
[3781.337s][info][gc,marking     ] GC(925) Concurrent Clear Claimed Marks
[3781.337s][info][gc,marking     ] GC(925) Concurrent Clear Claimed Marks 0.022ms
[3781.337s][info][gc,marking     ] GC(925) Concurrent Cleanup for Next Mark
[3781.340s][info][gc,marking     ] GC(925) Concurrent Cleanup for Next Mark 3.324ms
[3781.341s][info][gc             ] GC(925) Concurrent Mark Cycle 1577.803ms
.[3782.458s][info][gc,start       ] GC(926) Pause Young (Prepare Mixed) (G1 Evacuation Pause)
[3782.458s][info][gc,task        ] GC(926) Using 6 workers of 6 for evacuation
[3782.576s][info][gc,phases      ] GC(926)   Pre Evacuate Collection Set: 0.33ms
[3782.576s][info][gc,phases      ] GC(926)   Merge Heap Roots: 0.46ms
[3782.576s][info][gc,phases      ] GC(926)   Evacuate Collection Set: 115.87ms
[3782.576s][info][gc,phases      ] GC(926)   Post Evacuate Collection Set: 0.93ms
[3782.576s][info][gc,phases      ] GC(926)   Other: 0.08ms
[3782.576s][info][gc,heap        ] GC(926) Eden regions: 1119->0(1105)
[3782.576s][info][gc,heap        ] GC(926) Survivor regions: 109->111(154)
[3782.576s][info][gc,heap        ] GC(926) Old regions: 506->538
[3782.576s][info][gc,heap        ] GC(926) Humongous regions: 80->80
[3782.576s][info][gc,metaspace   ] GC(926) Metaspace: 28896K(29248K)->28896K(29248K) NonClass: 24028K(24192K)->24028K(24192K) Class: 4868K(5056K)->4868K(5056K)
[3782.576s][info][gc             ] GC(926) Pause Young (Prepare Mixed) (G1 Evacuation Pause) 3627M->1456M(4096M) 117.800ms
[3782.576s][info][gc,cpu         ] GC(926) User=0.70s Sys=0.00s Real=0.12s
...[3785.246s][info][gc,start       ] GC(927) Pause Young (Mixed) (G1 Evacuation Pause)
[3785.246s][info][gc,task        ] GC(927) Using 6 workers of 6 for evacuation
[3785.376s][info][gc,phases      ] GC(927)   Pre Evacuate Collection Set: 0.36ms
[3785.376s][info][gc,phases      ] GC(927)   Merge Heap Roots: 0.59ms
[3785.376s][info][gc,phases      ] GC(927)   Evacuate Collection Set: 127.86ms
[3785.376s][info][gc,phases      ] GC(927)   Post Evacuate Collection Set: 0.94ms
[3785.376s][info][gc,phases      ] GC(927)   Other: 0.09ms
[3785.376s][info][gc,heap        ] GC(927) Eden regions: 1105->0(1121)
[3785.376s][info][gc,heap        ] GC(927) Survivor regions: 111->107(152)
[3785.376s][info][gc,heap        ] GC(927) Old regions: 538->475
[3785.376s][info][gc,heap        ] GC(927) Humongous regions: 80->80
[3785.376s][info][gc,metaspace   ] GC(927) Metaspace: 28896K(29248K)->28896K(29248K) NonClass: 24028K(24192K)->24028K(24192K) Class: 4868K(5056K)->4868K(5056K)
[3785.376s][info][gc             ] GC(927) Pause Young (Mixed) (G1 Evacuation Pause) 3666M->1322M(4096M) 129.969ms
[3785.376s][info][gc,cpu         ] GC(927) User=0.77s Sys=0.00s Real=0.13s
...[3788.125s][info][gc,start       ] GC(928) Pause Young (Concurrent Start) (G1 Evacuation Pause)
[3788.125s][info][gc,task        ] GC(928) Using 6 workers of 6 for evacuation
[3788.245s][info][gc,phases      ] GC(928)   Pre Evacuate Collection Set: 0.39ms
[3788.245s][info][gc,phases      ] GC(928)   Merge Heap Roots: 0.59ms
[3788.245s][info][gc,phases      ] GC(928)   Evacuate Collection Set: 118.10ms
[3788.245s][info][gc,phases      ] GC(928)   Post Evacuate Collection Set: 0.89ms
[3788.245s][info][gc,phases      ] GC(928)   Other: 0.12ms
[3788.245s][info][gc,heap        ] GC(928) Eden regions: 1121->0(1115)
[3788.245s][info][gc,heap        ] GC(928) Survivor regions: 107->113(154)
[3788.245s][info][gc,heap        ] GC(928) Old regions: 475->506
[3788.245s][info][gc,heap        ] GC(928) Humongous regions: 80->80
[3788.245s][info][gc,metaspace   ] GC(928) Metaspace: 28896K(29248K)->28896K(29248K) NonClass: 24028K(24192K)->24028K(24192K) Class: 4868K(5056K)->4868K(5056K)
[3788.245s][info][gc             ] GC(928) Pause Young (Concurrent Start) (G1 Evacuation Pause) 3564M->1396M(4096M) 120.219ms
[3788.245s][info][gc             ] GC(929) Concurrent Mark Cycle
[3788.245s][info][gc,marking     ] GC(929) Concurrent Scan Root Regions
[3788.245s][info][gc,cpu         ] GC(928) User=0.71s Sys=0.00s Real=0.12s
[3788.437s][info][gc,marking     ] GC(929) Concurrent Scan Root Regions 192.270ms
[3788.437s][info][gc,marking     ] GC(929) Concurrent Mark
[3788.437s][info][gc,marking     ] GC(929) Concurrent Mark From Roots
[3788.437s][info][gc,task        ] GC(929) Using 2 workers of 2 for marking
.[3789.343s][info][gc,marking     ] GC(929) Concurrent Mark From Roots 905.355ms
[3789.343s][info][gc,marking     ] GC(929) Concurrent Preclean
[3789.343s][info][gc,marking     ] GC(929) Concurrent Preclean 0.108ms
[3789.343s][info][gc,start       ] GC(929) Pause Remark
[3789.349s][info][gc             ] GC(929) Pause Remark 2312M->2312M(4096M) 5.780ms
[3789.349s][info][gc,cpu         ] GC(929) User=0.03s Sys=0.00s Real=0.01s
[3789.350s][info][gc,marking     ] GC(929) Concurrent Mark 912.223ms
[3789.350s][info][gc,marking     ] GC(929) Concurrent Rebuild Remembered Sets and Scrub Regions
[3789.599s][info][gc,marking     ] GC(929) Concurrent Rebuild Remembered Sets and Scrub Regions 249.443ms
[3789.600s][info][gc,start       ] GC(929) Pause Cleanup
[3789.600s][info][gc             ] GC(929) Pause Cleanup 2538M->2538M(4096M) 0.124ms
[3789.601s][info][gc,cpu         ] GC(929) User=0.00s Sys=0.00s Real=0.00s
[3789.601s][info][gc,marking     ] GC(929) Concurrent Clear Claimed Marks
[3789.601s][info][gc,marking     ] GC(929) Concurrent Clear Claimed Marks 0.026ms
[3789.601s][info][gc,marking     ] GC(929) Concurrent Cleanup for Next Mark
[3789.606s][info][gc,marking     ] GC(929) Concurrent Cleanup for Next Mark 5.347ms
[3789.606s][info][gc             ] GC(929) Concurrent Mark Cycle 1361.057ms
..[3790.944s][info][gc,start       ] GC(930) Pause Young (Prepare Mixed) (G1 Evacuation Pause)
[3790.944s][info][gc,task        ] GC(930) Using 6 workers of 6 for evacuation
[3791.068s][info][gc,phases      ] GC(930)   Pre Evacuate Collection Set: 0.32ms
[3791.068s][info][gc,phases      ] GC(930)   Merge Heap Roots: 0.48ms
[3791.068s][info][gc,phases      ] GC(930)   Evacuate Collection Set: 121.98ms
[3791.068s][info][gc,phases      ] GC(930)   Post Evacuate Collection Set: 0.94ms
[3791.068s][info][gc,phases      ] GC(930)   Other: 0.09ms
[3791.068s][info][gc,heap        ] GC(930) Eden regions: 1115->0(1097)
[3791.068s][info][gc,heap        ] GC(930) Survivor regions: 113->115(154)
[3791.068s][info][gc,heap        ] GC(930) Old regions: 506->538
[3791.068s][info][gc,heap        ] GC(930) Humongous regions: 80->80
[3791.068s][info][gc,metaspace   ] GC(930) Metaspace: 28896K(29248K)->28896K(29248K) NonClass: 24028K(24192K)->24028K(24192K) Class: 4868K(5056K)->4868K(5056K)
[3791.068s][info][gc             ] GC(930) Pause Young (Prepare Mixed) (G1 Evacuation Pause) 3626M->1464M(4096M) 123.947ms
[3791.068s][info][gc,cpu         ] GC(930) User=0.73s Sys=0.00s Real=0.13s
..[3793.773s][info][gc,start       ] GC(931) Pause Young (Mixed) (G1 Evacuation Pause)
[3793.773s][info][gc,task        ] GC(931) Using 6 workers of 6 for evacuation
[3793.907s][info][gc,phases      ] GC(931)   Pre Evacuate Collection Set: 0.39ms
[3793.907s][info][gc,phases      ] GC(931)   Merge Heap Roots: 0.70ms
[3793.907s][info][gc,phases      ] GC(931)   Evacuate Collection Set: 131.22ms
[3793.907s][info][gc,phases      ] GC(931)   Post Evacuate Collection Set: 0.95ms
[3793.907s][info][gc,phases      ] GC(931)   Other: 0.09ms
[3793.907s][info][gc,heap        ] GC(931) Eden regions: 1097->0(1120)
[3793.907s][info][gc,heap        ] GC(931) Survivor regions: 115->108(152)
[3793.907s][info][gc,heap        ] GC(931) Old regions: 538->474
[3793.907s][info][gc,heap        ] GC(931) Humongous regions: 80->80
[3793.907s][info][gc,metaspace   ] GC(931) Metaspace: 28896K(29248K)->28896K(29248K) NonClass: 24028K(24192K)->24028K(24192K) Class: 4868K(5056K)->4868K(5056K)
[3793.907s][info][gc             ] GC(931) Pause Young (Mixed) (G1 Evacuation Pause) 3658M->1322M(4096M) 133.511ms
[3793.907s][info][gc,cpu         ] GC(931) User=0.79s Sys=0.00s Real=0.13s
...[3796.577s][info][gc,start       ] GC(932) Pause Young (Concurrent Start) (G1 Evacuation Pause)
[3796.577s][info][gc,task        ] GC(932) Using 6 workers of 6 for evacuation
[3796.692s][info][gc,phases      ] GC(932)   Pre Evacuate Collection Set: 0.36ms
[3796.692s][info][gc,phases      ] GC(932)   Merge Heap Roots: 0.44ms
[3796.692s][info][gc,phases      ] GC(932)   Evacuate Collection Set: 112.58ms
[3796.692s][info][gc,phases      ] GC(932)   Post Evacuate Collection Set: 0.88ms
[3796.692s][info][gc,phases      ] GC(932)   Other: 0.11ms
[3796.692s][info][gc,heap        ] GC(932) Eden regions: 1120->0(1119)
[3796.692s][info][gc,heap        ] GC(932) Survivor regions: 108->109(154)
[3796.692s][info][gc,heap        ] GC(932) Old regions: 474->506
[3796.692s][info][gc,heap        ] GC(932) Humongous regions: 80->80
[3796.692s][info][gc,metaspace   ] GC(932) Metaspace: 28896K(29248K)->28896K(29248K) NonClass: 24028K(24192K)->24028K(24192K) Class: 4868K(5056K)->4868K(5056K)
[3796.692s][info][gc             ] GC(932) Pause Young (Concurrent Start) (G1 Evacuation Pause) 3562M->1387M(4096M) 114.510ms
[3796.692s][info][gc             ] GC(933) Concurrent Mark Cycle
[3796.692s][info][gc,marking     ] GC(933) Concurrent Scan Root Regions
[3796.692s][info][gc,cpu         ] GC(932) User=0.67s Sys=0.00s Real=0.12s
[3796.874s][info][gc,marking     ] GC(933) Concurrent Scan Root Regions 182.410ms
[3796.874s][info][gc,marking     ] GC(933) Concurrent Mark
[3796.874s][info][gc,marking     ] GC(933) Concurrent Mark From Roots
[3796.874s][info][gc,task        ] GC(933) Using 2 workers of 2 for marking
.[3797.566s][info][gc,marking     ] GC(933) Concurrent Mark From Roots 692.176ms
[3797.566s][info][gc,marking     ] GC(933) Concurrent Preclean
[3797.567s][info][gc,marking     ] GC(933) Concurrent Preclean 0.092ms
[3797.567s][info][gc,start       ] GC(933) Pause Remark
[3797.572s][info][gc             ] GC(933) Pause Remark 2106M->2106M(4096M) 5.674ms
[3797.572s][info][gc,cpu         ] GC(933) User=0.03s Sys=0.00s Real=0.01s
[3797.572s][info][gc,marking     ] GC(933) Concurrent Mark 698.220ms
[3797.572s][info][gc,marking     ] GC(933) Concurrent Rebuild Remembered Sets and Scrub Regions
[3797.876s][info][gc,marking     ] GC(933) Concurrent Rebuild Remembered Sets and Scrub Regions 303.456ms
[3797.877s][info][gc,start       ] GC(933) Pause Cleanup
[3797.877s][info][gc             ] GC(933) Pause Cleanup 2371M->2371M(4096M) 0.123ms
[3797.877s][info][gc,cpu         ] GC(933) User=0.00s Sys=0.00s Real=0.00s
[3797.877s][info][gc,marking     ] GC(933) Concurrent Clear Claimed Marks
[3797.877s][info][gc,marking     ] GC(933) Concurrent Clear Claimed Marks 0.021ms
[3797.877s][info][gc,marking     ] GC(933) Concurrent Cleanup for Next Mark
[3797.883s][info][gc,marking     ] GC(933) Concurrent Cleanup for Next Mark 5.351ms
[3797.883s][info][gc             ] GC(933) Concurrent Mark Cycle 1190.933ms
..[3799.482s][info][gc,start       ] GC(934) Pause Young (Prepare Mixed) (G1 Evacuation Pause)
[3799.482s][info][gc,task        ] GC(934) Using 6 workers of 6 for evacuation
[3799.600s][info][gc,phases      ] GC(934)   Pre Evacuate Collection Set: 0.37ms
[3799.600s][info][gc,phases      ] GC(934)   Merge Heap Roots: 0.47ms
[3799.600s][info][gc,phases      ] GC(934)   Evacuate Collection Set: 116.05ms
[3799.600s][info][gc,phases      ] GC(934)   Post Evacuate Collection Set: 0.92ms
[3799.600s][info][gc,phases      ] GC(934)   Other: 0.09ms
[3799.600s][info][gc,heap        ] GC(934) Eden regions: 1119->0(1105)
[3799.600s][info][gc,heap        ] GC(934) Survivor regions: 109->111(154)
[3799.600s][info][gc,heap        ] GC(934) Old regions: 506->538
[3799.600s][info][gc,heap        ] GC(934) Humongous regions: 80->80
[3799.600s][info][gc,metaspace   ] GC(934) Metaspace: 28896K(29248K)->28896K(29248K) NonClass: 24028K(24192K)->24028K(24192K) Class: 4868K(5056K)->4868K(5056K)
[3799.600s][info][gc             ] GC(934) Pause Young (Prepare Mixed) (G1 Evacuation Pause) 3625M->1455M(4096M) 118.041ms
[3799.600s][info][gc,cpu         ] GC(934) User=0.70s Sys=0.00s Real=0.12s
.. (rIR:aIR:PR = 6642:6649:6649) (tPR = 98626) [OK] 
  3800s: Performance info:
         Transaction,    Success,    Partial,     Failed,   Receipts, AvgBarcode, 
             Overall,     402558,          0,          0,     382428,      59.47, 
         Response times:
             Request,    Success,    Partial,     Failed,   SkipFail,     Probes,    Samples,      min,      p50,      p90,      p95,      p99,      max, 
       TotalPurchase,     382426,          0,          0,          0,     359554,     411725,      300,     5700,    33000,    57000,   124000,   255000,
     InStorePurchase,     201442,          0,          0,          0,     189454,     216964,      300,     5600,    32000,    56000,   124000,   238000,
      OnlinePurchase,     140788,          0,          0,          0,     132283,     151474,      300,     5700,    33000,    57000,   124000,   235000,
        InstPurchase,      40196,          0,          0,          0,      37817,      43287,      400,     6100,    35000,    58000,   123000,   255000,
          AssocOfCat,        403,          0,          0,          0,        360,        543,    26000,    39000,   100600,   129800,   186680,   205000,
      AssocOfProduct,       4011,          0,          0,          0,       3712,       4422,      700,     5900,    36000,    59000,   128000,   191000,
      BusinessReport,       1005,          0,          0,          0,        875,       1106,    28000,    43000,    90000,   119650,   188000,   245000,
          CustBuyBeh,       4022,          0,          0,          0,       3775,       4455,      200,     5500,    33000,    55000,   124000,   214000,
       ProductReturn,      10689,          0,          0,          0,      10135,      11953,      200,     4000,    26000,    48000,   114000,   235000,

  3800s: (49%)   IR =   6780 .[3802.220s][info][gc,start       ] GC(935) Pause Young (Mixed) (G1 Evacuation Pause)
[3802.220s][info][gc,task        ] GC(935) Using 6 workers of 6 for evacuation
[3802.355s][info][gc,phases      ] GC(935)   Pre Evacuate Collection Set: 0.38ms
[3802.355s][info][gc,phases      ] GC(935)   Merge Heap Roots: 0.63ms
[3802.355s][info][gc,phases      ] GC(935)   Evacuate Collection Set: 132.53ms
[3802.355s][info][gc,phases      ] GC(935)   Post Evacuate Collection Set: 1.00ms
[3802.355s][info][gc,phases      ] GC(935)   Other: 0.09ms
[3802.355s][info][gc,heap        ] GC(935) Eden regions: 1105->0(1117)
[3802.355s][info][gc,heap        ] GC(935) Survivor regions: 111->111(152)
[3802.355s][info][gc,heap        ] GC(935) Old regions: 538->474
[3802.355s][info][gc,heap        ] GC(935) Humongous regions: 80->80
[3802.355s][info][gc,metaspace   ] GC(935) Metaspace: 28896K(29248K)->28896K(29248K) NonClass: 24028K(24192K)->24028K(24192K) Class: 4868K(5056K)->4868K(5056K)
[3802.355s][info][gc             ] GC(935) Pause Young (Mixed) (G1 Evacuation Pause) 3665M->1329M(4096M) 134.768ms
[3802.355s][info][gc,cpu         ] GC(935) User=0.80s Sys=0.00s Real=0.13s
...[3805.019s][info][gc,start       ] GC(936) Pause Young (Concurrent Start) (G1 Evacuation Pause)
[3805.020s][info][gc,task        ] GC(936) Using 6 workers of 6 for evacuation
[3805.141s][info][gc,phases      ] GC(936)   Pre Evacuate Collection Set: 0.36ms
[3805.141s][info][gc,phases      ] GC(936)   Merge Heap Roots: 0.43ms
[3805.141s][info][gc,phases      ] GC(936)   Evacuate Collection Set: 119.29ms
[3805.141s][info][gc,phases      ] GC(936)   Post Evacuate Collection Set: 0.88ms
[3805.141s][info][gc,phases      ] GC(936)   Other: 0.11ms
[3805.141s][info][gc,heap        ] GC(936) Eden regions: 1117->0(1115)
[3805.141s][info][gc,heap        ] GC(936) Survivor regions: 111->113(154)
[3805.141s][info][gc,heap        ] GC(936) Old regions: 474->506
[3805.141s][info][gc,heap        ] GC(936) Humongous regions: 80->80
[3805.141s][info][gc,metaspace   ] GC(936) Metaspace: 28896K(29248K)->28896K(29248K) NonClass: 24028K(24192K)->24028K(24192K) Class: 4868K(5056K)->4868K(5056K)
[3805.141s][info][gc             ] GC(936) Pause Young (Concurrent Start) (G1 Evacuation Pause) 3563M->1397M(4096M) 121.188ms
[3805.141s][info][gc             ] GC(937) Concurrent Mark Cycle
[3805.141s][info][gc,marking     ] GC(937) Concurrent Scan Root Regions
[3805.141s][info][gc,cpu         ] GC(936) User=0.72s Sys=0.00s Real=0.12s
[3805.359s][info][gc,marking     ] GC(937) Concurrent Scan Root Regions 218.195ms
[3805.359s][info][gc,marking     ] GC(937) Concurrent Mark
[3805.359s][info][gc,marking     ] GC(937) Concurrent Mark From Roots
[3805.359s][info][gc,task        ] GC(937) Using 2 workers of 2 for marking
.|[3806.255s][info][gc,marking     ] GC(937) Concurrent Mark From Roots 896.259ms
[3806.255s][info][gc,marking     ] GC(937) Concurrent Preclean
[3806.255s][info][gc,marking     ] GC(937) Concurrent Preclean 0.151ms
[3806.256s][info][gc,start       ] GC(937) Pause Remark
[3806.262s][info][gc             ] GC(937) Pause Remark 2349M->2349M(4096M) 6.510ms
[3806.262s][info][gc,cpu         ] GC(937) User=0.03s Sys=0.00s Real=0.01s
[3806.262s][info][gc,marking     ] GC(937) Concurrent Mark 903.231ms
[3806.262s][info][gc,marking     ] GC(937) Concurrent Rebuild Remembered Sets and Scrub Regions
[3806.607s][info][gc,marking     ] GC(937) Concurrent Rebuild Remembered Sets and Scrub Regions 344.878ms
[3806.607s][info][gc,start       ] GC(937) Pause Cleanup
[3806.607s][info][gc             ] GC(937) Pause Cleanup 2655M->2655M(4096M) 0.108ms
[3806.607s][info][gc,cpu         ] GC(937) User=0.00s Sys=0.00s Real=0.00s
[3806.607s][info][gc,marking     ] GC(937) Concurrent Clear Claimed Marks
[3806.607s][info][gc,marking     ] GC(937) Concurrent Clear Claimed Marks 0.024ms
[3806.607s][info][gc,marking     ] GC(937) Concurrent Cleanup for Next Mark
[3806.611s][info][gc,marking     ] GC(937) Concurrent Cleanup for Next Mark 4.076ms
[3806.612s][info][gc             ] GC(937) Concurrent Mark Cycle 1470.861ms
.[3807.835s][info][gc,start       ] GC(938) Pause Young (Prepare Mixed) (G1 Evacuation Pause)
[3807.835s][info][gc,task        ] GC(938) Using 6 workers of 6 for evacuation
[3807.954s][info][gc,phases      ] GC(938)   Pre Evacuate Collection Set: 0.35ms
[3807.954s][info][gc,phases      ] GC(938)   Merge Heap Roots: 0.45ms
[3807.954s][info][gc,phases      ] GC(938)   Evacuate Collection Set: 117.13ms
[3807.954s][info][gc,phases      ] GC(938)   Post Evacuate Collection Set: 0.95ms
[3807.954s][info][gc,phases      ] GC(938)   Other: 0.09ms
[3807.954s][info][gc,heap        ] GC(938) Eden regions: 1115->0(1101)
[3807.954s][info][gc,heap        ] GC(938) Survivor regions: 113->113(154)
[3807.954s][info][gc,heap        ] GC(938) Old regions: 506->538
[3807.954s][info][gc,heap        ] GC(938) Humongous regions: 80->80
[3807.954s][info][gc,metaspace   ] GC(938) Metaspace: 28896K(29248K)->28896K(29248K) NonClass: 24028K(24192K)->24028K(24192K) Class: 4868K(5056K)->4868K(5056K)
[3807.954s][info][gc             ] GC(938) Pause Young (Prepare Mixed) (G1 Evacuation Pause) 3627M->1459M(4096M) 119.090ms
[3807.954s][info][gc,cpu         ] GC(938) User=0.70s Sys=0.00s Real=0.12s
...[3810.539s][info][gc,start       ] GC(939) Pause Young (Mixed) (G1 Evacuation Pause)
[3810.540s][info][gc,task        ] GC(939) Using 6 workers of 6 for evacuation
[3810.675s][info][gc,phases      ] GC(939)   Pre Evacuate Collection Set: 0.36ms
[3810.675s][info][gc,phases      ] GC(939)   Merge Heap Roots: 0.71ms
[3810.675s][info][gc,phases      ] GC(939)   Evacuate Collection Set: 132.84ms
[3810.675s][info][gc,phases      ] GC(939)   Post Evacuate Collection Set: 0.95ms
[3810.675s][info][gc,phases      ] GC(939)   Other: 0.09ms
[3810.675s][info][gc,heap        ] GC(939) Eden regions: 1101->0(1120)
[3810.675s][info][gc,heap        ] GC(939) Survivor regions: 113->108(152)
[3810.675s][info][gc,heap        ] GC(939) Old regions: 538->476
[3810.675s][info][gc,heap        ] GC(939) Humongous regions: 80->80
[3810.675s][info][gc,metaspace   ] GC(939) Metaspace: 28896K(29248K)->28896K(29248K) NonClass: 24028K(24192K)->24028K(24192K) Class: 4868K(5056K)->4868K(5056K)
[3810.675s][info][gc             ] GC(939) Pause Young (Mixed) (G1 Evacuation Pause) 3661M->1326M(4096M) 135.088ms
[3810.675s][info][gc,cpu         ] GC(939) User=0.80s Sys=0.00s Real=0.13s
...[3813.336s][info][gc,start       ] GC(940) Pause Young (Concurrent Start) (G1 Evacuation Pause)
[3813.336s][info][gc,task        ] GC(940) Using 6 workers of 6 for evacuation
[3813.455s][info][gc,phases      ] GC(940)   Pre Evacuate Collection Set: 0.38ms
[3813.455s][info][gc,phases      ] GC(940)   Merge Heap Roots: 0.43ms
[3813.455s][info][gc,phases      ] GC(940)   Evacuate Collection Set: 116.59ms
[3813.455s][info][gc,phases      ] GC(940)   Post Evacuate Collection Set: 0.92ms
[3813.455s][info][gc,phases      ] GC(940)   Other: 0.13ms
[3813.455s][info][gc,heap        ] GC(940) Eden regions: 1120->0(1117)
[3813.455s][info][gc,heap        ] GC(940) Survivor regions: 108->111(154)
[3813.455s][info][gc,heap        ] GC(940) Old regions: 476->509
[3813.455s][info][gc,heap        ] GC(940) Humongous regions: 80->80
[3813.455s][info][gc,metaspace   ] GC(940) Metaspace: 28896K(29248K)->28896K(29248K) NonClass: 24028K(24192K)->24028K(24192K) Class: 4868K(5056K)->4868K(5056K)
[3813.455s][info][gc             ] GC(940) Pause Young (Concurrent Start) (G1 Evacuation Pause) 3566M->1399M(4096M) 118.571ms
[3813.455s][info][gc             ] GC(941) Concurrent Mark Cycle
[3813.455s][info][gc,marking     ] GC(941) Concurrent Scan Root Regions
[3813.455s][info][gc,cpu         ] GC(940) User=0.70s Sys=0.00s Real=0.12s
[3813.658s][info][gc,marking     ] GC(941) Concurrent Scan Root Regions 203.517ms
[3813.658s][info][gc,marking     ] GC(941) Concurrent Mark
[3813.658s][info][gc,marking     ] GC(941) Concurrent Mark From Roots
[3813.658s][info][gc,task        ] GC(941) Using 2 workers of 2 for marking
.[3814.574s][info][gc,marking     ] GC(941) Concurrent Mark From Roots 915.349ms
[3814.574s][info][gc,marking     ] GC(941) Concurrent Preclean
[3814.574s][info][gc,marking     ] GC(941) Concurrent Preclean 0.121ms
[3814.575s][info][gc,start       ] GC(941) Pause Remark
[3814.580s][info][gc             ] GC(941) Pause Remark 2378M->2378M(4096M) 4.923ms
[3814.580s][info][gc,cpu         ] GC(941) User=0.02s Sys=0.00s Real=0.01s
[3814.581s][info][gc,marking     ] GC(941) Concurrent Mark 922.720ms
[3814.581s][info][gc,marking     ] GC(941) Concurrent Rebuild Remembered Sets and Scrub Regions
[3814.835s][info][gc,marking     ] GC(941) Concurrent Rebuild Remembered Sets and Scrub Regions 253.793ms
[3814.836s][info][gc,start       ] GC(941) Pause Cleanup
[3814.836s][info][gc             ] GC(941) Pause Cleanup 2577M->2577M(4096M) 0.122ms
[3814.836s][info][gc,cpu         ] GC(941) User=0.00s Sys=0.00s Real=0.00s
[3814.836s][info][gc,marking     ] GC(941) Concurrent Clear Claimed Marks
[3814.836s][info][gc,marking     ] GC(941) Concurrent Clear Claimed Marks 0.028ms
[3814.836s][info][gc,marking     ] GC(941) Concurrent Cleanup for Next Mark
[3814.841s][info][gc,marking     ] GC(941) Concurrent Cleanup for Next Mark 4.878ms
[3814.841s][info][gc             ] GC(941) Concurrent Mark Cycle 1386.470ms
..[3816.105s][info][gc,start       ] GC(942) Pause Young (Prepare Mixed) (G1 Evacuation Pause)
[3816.105s][info][gc,task        ] GC(942) Using 6 workers of 6 for evacuation
[3816.226s][info][gc,phases      ] GC(942)   Pre Evacuate Collection Set: 0.31ms
[3816.226s][info][gc,phases      ] GC(942)   Merge Heap Roots: 0.46ms
[3816.226s][info][gc,phases      ] GC(942)   Evacuate Collection Set: 118.44ms
[3816.226s][info][gc,phases      ] GC(942)   Post Evacuate Collection Set: 0.94ms
[3816.226s][info][gc,phases      ] GC(942)   Other: 0.08ms
[3816.226s][info][gc,heap        ] GC(942) Eden regions: 1117->0(1099)
[3816.226s][info][gc,heap        ] GC(942) Survivor regions: 111->113(154)
[3816.226s][info][gc,heap        ] GC(942) Old regions: 509->540
[3816.226s][info][gc,heap        ] GC(942) Humongous regions: 80->80
[3816.226s][info][gc,metaspace   ] GC(942) Metaspace: 28896K(29248K)->28896K(29248K) NonClass: 24028K(24192K)->24028K(24192K) Class: 4868K(5056K)->4868K(5056K)
[3816.226s][info][gc             ] GC(942) Pause Young (Prepare Mixed) (G1 Evacuation Pause) 3633M->1464M(4096M) 120.374ms
[3816.226s][info][gc,cpu         ] GC(942) User=0.71s Sys=0.00s Real=0.12s
..[3818.874s][info][gc,start       ] GC(943) Pause Young (Mixed) (G1 Evacuation Pause)
[3818.875s][info][gc,task        ] GC(943) Using 6 workers of 6 for evacuation
[3819.008s][info][gc,phases      ] GC(943)   Pre Evacuate Collection Set: 0.37ms
[3819.008s][info][gc,phases      ] GC(943)   Merge Heap Roots: 0.66ms
[3819.008s][info][gc,phases      ] GC(943)   Evacuate Collection Set: 131.80ms
[3819.008s][info][gc,phases      ] GC(943)   Post Evacuate Collection Set: 0.94ms
[3819.008s][info][gc,phases      ] GC(943)   Other: 0.10ms
[3819.008s][info][gc,heap        ] GC(943) Eden regions: 1099->0(1118)
[3819.008s][info][gc,heap        ] GC(943) Survivor regions: 113->110(152)
[3819.008s][info][gc,heap        ] GC(943) Old regions: 540->476
[3819.008s][info][gc,heap        ] GC(943) Humongous regions: 80->80
[3819.008s][info][gc,metaspace   ] GC(943) Metaspace: 28896K(29248K)->28896K(29248K) NonClass: 24028K(24192K)->24028K(24192K) Class: 4868K(5056K)->4868K(5056K)
[3819.008s][info][gc             ] GC(943) Pause Young (Mixed) (G1 Evacuation Pause) 3662M->1330M(4096M) 134.014ms
[3819.009s][info][gc,cpu         ] GC(943) User=0.80s Sys=0.00s Real=0.14s
...[3821.623s][info][gc,start       ] GC(944) Pause Young (Concurrent Start) (G1 Evacuation Pause)
[3821.623s][info][gc,task        ] GC(944) Using 6 workers of 6 for evacuation
[3821.742s][info][gc,phases      ] GC(944)   Pre Evacuate Collection Set: 0.36ms
[3821.742s][info][gc,phases      ] GC(944)   Merge Heap Roots: 0.44ms
[3821.742s][info][gc,phases      ] GC(944)   Evacuate Collection Set: 116.69ms
[3821.742s][info][gc,phases      ] GC(944)   Post Evacuate Collection Set: 0.88ms
[3821.742s][info][gc,phases      ] GC(944)   Other: 0.11ms
[3821.742s][info][gc,heap        ] GC(944) Eden regions: 1118->0(1117)
[3821.742s][info][gc,heap        ] GC(944) Survivor regions: 110->111(154)
[3821.742s][info][gc,heap        ] GC(944) Old regions: 476->508
[3821.742s][info][gc,heap        ] GC(944) Humongous regions: 80->80
[3821.742s][info][gc,metaspace   ] GC(944) Metaspace: 28896K(29248K)->28896K(29248K) NonClass: 24028K(24192K)->24028K(24192K) Class: 4868K(5056K)->4868K(5056K)
[3821.742s][info][gc             ] GC(944) Pause Young (Concurrent Start) (G1 Evacuation Pause) 3566M->1397M(4096M) 118.612ms
[3821.742s][info][gc             ] GC(945) Concurrent Mark Cycle
[3821.742s][info][gc,marking     ] GC(945) Concurrent Scan Root Regions
[3821.742s][info][gc,cpu         ] GC(944) User=0.70s Sys=0.00s Real=0.12s
[3821.970s][info][gc,marking     ] GC(945) Concurrent Scan Root Regions 228.310ms
[3821.970s][info][gc,marking     ] GC(945) Concurrent Mark
[3821.970s][info][gc,marking     ] GC(945) Concurrent Mark From Roots
[3821.970s][info][gc,task        ] GC(945) Using 2 workers of 2 for marking
.[3822.991s][info][gc,marking     ] GC(945) Concurrent Mark From Roots 1020.659ms
[3822.991s][info][gc,marking     ] GC(945) Concurrent Preclean
[3822.991s][info][gc,marking     ] GC(945) Concurrent Preclean 0.110ms
[3822.992s][info][gc,start       ] GC(945) Pause Remark
[3822.997s][info][gc             ] GC(945) Pause Remark 2479M->2479M(4096M) 5.030ms
[3822.997s][info][gc,cpu         ] GC(945) User=0.02s Sys=0.00s Real=0.00s
[3822.997s][info][gc,marking     ] GC(945) Concurrent Mark 1026.622ms
[3822.997s][info][gc,marking     ] GC(945) Concurrent Rebuild Remembered Sets and Scrub Regions
.[3823.357s][info][gc,marking     ] GC(945) Concurrent Rebuild Remembered Sets and Scrub Regions 359.857ms
[3823.358s][info][gc,start       ] GC(945) Pause Cleanup
[3823.358s][info][gc             ] GC(945) Pause Cleanup 2825M->2825M(4096M) 0.127ms
[3823.358s][info][gc,cpu         ] GC(945) User=0.00s Sys=0.00s Real=0.01s
[3823.358s][info][gc,marking     ] GC(945) Concurrent Clear Claimed Marks
[3823.358s][info][gc,marking     ] GC(945) Concurrent Clear Claimed Marks 0.030ms
[3823.358s][info][gc,marking     ] GC(945) Concurrent Cleanup for Next Mark
[3823.364s][info][gc,marking     ] GC(945) Concurrent Cleanup for Next Mark 5.955ms
[3823.364s][info][gc             ] GC(945) Concurrent Mark Cycle 1622.289ms
.[3824.382s][info][gc,start       ] GC(946) Pause Young (Prepare Mixed) (G1 Evacuation Pause)
[3824.382s][info][gc,task        ] GC(946) Using 6 workers of 6 for evacuation
[3824.496s][info][gc,phases      ] GC(946)   Pre Evacuate Collection Set: 0.34ms
[3824.496s][info][gc,phases      ] GC(946)   Merge Heap Roots: 0.46ms
[3824.496s][info][gc,phases      ] GC(946)   Evacuate Collection Set: 112.34ms
[3824.496s][info][gc,phases      ] GC(946)   Post Evacuate Collection Set: 0.95ms
[3824.496s][info][gc,phases      ] GC(946)   Other: 0.09ms
[3824.496s][info][gc,heap        ] GC(946) Eden regions: 1117->0(1109)
[3824.496s][info][gc,heap        ] GC(946) Survivor regions: 111->108(154)
[3824.496s][info][gc,heap        ] GC(946) Old regions: 508->540
[3824.496s][info][gc,heap        ] GC(946) Humongous regions: 80->80
[3824.496s][info][gc,metaspace   ] GC(946) Metaspace: 28896K(29248K)->28896K(29248K) NonClass: 24028K(24192K)->24028K(24192K) Class: 4868K(5056K)->4868K(5056K)
[3824.496s][info][gc             ] GC(946) Pause Young (Prepare Mixed) (G1 Evacuation Pause) 3631M->1454M(4096M) 114.318ms
[3824.496s][info][gc,cpu         ] GC(946) User=0.67s Sys=0.00s Real=0.11s
..[3827.089s][info][gc,start       ] GC(947) Pause Young (Mixed) (G1 Evacuation Pause)
[3827.089s][info][gc,task        ] GC(947) Using 6 workers of 6 for evacuation
[3827.226s][info][gc,phases      ] GC(947)   Pre Evacuate Collection Set: 0.40ms
[3827.226s][info][gc,phases      ] GC(947)   Merge Heap Roots: 0.59ms
[3827.226s][info][gc,phases      ] GC(947)   Evacuate Collection Set: 135.52ms
[3827.226s][info][gc,phases      ] GC(947)   Post Evacuate Collection Set: 0.96ms
[3827.226s][info][gc,phases      ] GC(947)   Other: 0.09ms
[3827.226s][info][gc,heap        ] GC(947) Eden regions: 1109->0(1113)
[3827.226s][info][gc,heap        ] GC(947) Survivor regions: 108->115(153)
[3827.226s][info][gc,heap        ] GC(947) Old regions: 540->475
[3827.226s][info][gc,heap        ] GC(947) Humongous regions: 80->80
[3827.226s][info][gc,metaspace   ] GC(947) Metaspace: 28896K(29248K)->28896K(29248K) NonClass: 24028K(24192K)->24028K(24192K) Class: 4868K(5056K)->4868K(5056K)
[3827.226s][info][gc             ] GC(947) Pause Young (Mixed) (G1 Evacuation Pause) 3672M->1337M(4096M) 137.684ms
[3827.226s][info][gc,cpu         ] GC(947) User=0.81s Sys=0.00s Real=0.13s
...[3829.907s][info][gc,start       ] GC(948) Pause Young (Concurrent Start) (G1 Evacuation Pause)
[3829.907s][info][gc,task        ] GC(948) Using 6 workers of 6 for evacuation
[3830.023s][info][gc,phases      ] GC(948)   Pre Evacuate Collection Set: 0.36ms
[3830.023s][info][gc,phases      ] GC(948)   Merge Heap Roots: 0.44ms
[3830.023s][info][gc,phases      ] GC(948)   Evacuate Collection Set: 114.09ms
[3830.023s][info][gc,phases      ] GC(948)   Post Evacuate Collection Set: 0.89ms
[3830.023s][info][gc,phases      ] GC(948)   Other: 0.10ms
[3830.023s][info][gc,heap        ] GC(948) Eden regions: 1113->0(1119)
[3830.023s][info][gc,heap        ] GC(948) Survivor regions: 115->109(154)
[3830.023s][info][gc,heap        ] GC(948) Old regions: 475->507
[3830.023s][info][gc,heap        ] GC(948) Humongous regions: 80->80
[3830.023s][info][gc,metaspace   ] GC(948) Metaspace: 28896K(29248K)->28896K(29248K) NonClass: 24028K(24192K)->24028K(24192K) Class: 4868K(5056K)->4868K(5056K)
[3830.023s][info][gc             ] GC(948) Pause Young (Concurrent Start) (G1 Evacuation Pause) 3563M->1389M(4096M) 116.027ms
[3830.023s][info][gc             ] GC(949) Concurrent Mark Cycle
[3830.023s][info][gc,marking     ] GC(949) Concurrent Scan Root Regions
[3830.023s][info][gc,cpu         ] GC(948) User=0.69s Sys=0.00s Real=0.12s
[3830.211s][info][gc,marking     ] GC(949) Concurrent Scan Root Regions 187.794ms
[3830.211s][info][gc,marking     ] GC(949) Concurrent Mark
[3830.211s][info][gc,marking     ] GC(949) Concurrent Mark From Roots
[3830.211s][info][gc,task        ] GC(949) Using 2 workers of 2 for marking
.[3831.090s][info][gc,marking     ] GC(949) Concurrent Mark From Roots 879.204ms
[3831.090s][info][gc,marking     ] GC(949) Concurrent Preclean
[3831.091s][info][gc,marking     ] GC(949) Concurrent Preclean 0.122ms
[3831.093s][info][gc,start       ] GC(949) Pause Remark
[3831.098s][info][gc             ] GC(949) Pause Remark 2251M->2251M(4096M) 5.170ms
[3831.098s][info][gc,cpu         ] GC(949) User=0.03s Sys=0.00s Real=0.01s
[3831.098s][info][gc,marking     ] GC(949) Concurrent Mark 887.083ms
[3831.098s][info][gc,marking     ] GC(949) Concurrent Rebuild Remembered Sets and Scrub Regions
.[3831.467s][info][gc,marking     ] GC(949) Concurrent Rebuild Remembered Sets and Scrub Regions 369.031ms
[3831.467s][info][gc,start       ] GC(949) Pause Cleanup
[3831.468s][info][gc             ] GC(949) Pause Cleanup 2632M->2632M(4096M) 0.124ms
[3831.468s][info][gc,cpu         ] GC(949) User=0.00s Sys=0.00s Real=0.00s
[3831.468s][info][gc,marking     ] GC(949) Concurrent Clear Claimed Marks
[3831.468s][info][gc,marking     ] GC(949) Concurrent Clear Claimed Marks 0.026ms
[3831.468s][info][gc,marking     ] GC(949) Concurrent Cleanup for Next Mark
[3831.473s][info][gc,marking     ] GC(949) Concurrent Cleanup for Next Mark 4.802ms
[3831.473s][info][gc             ] GC(949) Concurrent Mark Cycle 1449.274ms
.[3832.732s][info][gc,start       ] GC(950) Pause Young (Prepare Mixed) (G1 Evacuation Pause)
[3832.732s][info][gc,task        ] GC(950) Using 6 workers of 6 for evacuation
[3832.849s][info][gc,phases      ] GC(950)   Pre Evacuate Collection Set: 0.33ms
[3832.849s][info][gc,phases      ] GC(950)   Merge Heap Roots: 0.46ms
[3832.849s][info][gc,phases      ] GC(950)   Evacuate Collection Set: 115.35ms
[3832.849s][info][gc,phases      ] GC(950)   Post Evacuate Collection Set: 0.93ms
[3832.849s][info][gc,phases      ] GC(950)   Other: 0.09ms
[3832.849s][info][gc,heap        ] GC(950) Eden regions: 1119->0(1104)
[3832.849s][info][gc,heap        ] GC(950) Survivor regions: 109->112(154)
[3832.849s][info][gc,heap        ] GC(950) Old regions: 507->537
[3832.849s][info][gc,heap        ] GC(950) Humongous regions: 80->80
[3832.849s][info][gc,metaspace   ] GC(950) Metaspace: 28896K(29248K)->28896K(29248K) NonClass: 24028K(24192K)->24028K(24192K) Class: 4868K(5056K)->4868K(5056K)
[3832.849s][info][gc             ] GC(950) Pause Young (Prepare Mixed) (G1 Evacuation Pause) 3627M->1456M(4096M) 117.310ms
[3832.849s][info][gc,cpu         ] GC(950) User=0.70s Sys=0.00s Real=0.12s
...[3835.378s][info][gc,start       ] GC(951) Pause Young (Mixed) (G1 Evacuation Pause)
[3835.378s][info][gc,task        ] GC(951) Using 6 workers of 6 for evacuation
[3835.510s][info][gc,phases      ] GC(951)   Pre Evacuate Collection Set: 0.36ms
[3835.510s][info][gc,phases      ] GC(951)   Merge Heap Roots: 0.66ms
[3835.510s][info][gc,phases      ] GC(951)   Evacuate Collection Set: 129.99ms
[3835.510s][info][gc,phases      ] GC(951)   Post Evacuate Collection Set: 0.94ms
[3835.510s][info][gc,phases      ] GC(951)   Other: 0.09ms
[3835.510s][info][gc,heap        ] GC(951) Eden regions: 1104->0(1120)
[3835.510s][info][gc,heap        ] GC(951) Survivor regions: 112->108(152)
[3835.510s][info][gc,heap        ] GC(951) Old regions: 537->475
[3835.510s][info][gc,heap        ] GC(951) Humongous regions: 80->80
[3835.510s][info][gc,metaspace   ] GC(951) Metaspace: 28896K(29248K)->28896K(29248K) NonClass: 24028K(24192K)->24028K(24192K) Class: 4868K(5056K)->4868K(5056K)
[3835.510s][info][gc             ] GC(951) Pause Young (Mixed) (G1 Evacuation Pause) 3664M->1325M(4096M) 132.162ms
[3835.510s][info][gc,cpu         ] GC(951) User=0.79s Sys=0.00s Real=0.13s
..[3838.271s][info][gc,start       ] GC(952) Pause Young (Concurrent Start) (G1 Evacuation Pause)
[3838.272s][info][gc,task        ] GC(952) Using 6 workers of 6 for evacuation
[3838.389s][info][gc,phases      ] GC(952)   Pre Evacuate Collection Set: 0.39ms
[3838.389s][info][gc,phases      ] GC(952)   Merge Heap Roots: 0.43ms
[3838.389s][info][gc,phases      ] GC(952)   Evacuate Collection Set: 115.85ms
[3838.389s][info][gc,phases      ] GC(952)   Post Evacuate Collection Set: 0.89ms
[3838.389s][info][gc,phases      ] GC(952)   Other: 0.12ms
[3838.389s][info][gc,heap        ] GC(952) Eden regions: 1120->0(1120)
[3838.389s][info][gc,heap        ] GC(952) Survivor regions: 108->108(154)
[3838.389s][info][gc,heap        ] GC(952) Old regions: 475->508
[3838.389s][info][gc,heap        ] GC(952) Humongous regions: 80->80
[3838.389s][info][gc,metaspace   ] GC(952) Metaspace: 28896K(29248K)->28896K(29248K) NonClass: 24028K(24192K)->24028K(24192K) Class: 4868K(5056K)->4868K(5056K)
[3838.389s][info][gc             ] GC(952) Pause Young (Concurrent Start) (G1 Evacuation Pause) 3565M->1390M(4096M) 117.798ms
[3838.389s][info][gc             ] GC(953) Concurrent Mark Cycle
[3838.389s][info][gc,marking     ] GC(953) Concurrent Scan Root Regions
[3838.389s][info][gc,cpu         ] GC(952) User=0.70s Sys=0.00s Real=0.12s
.[3838.578s][info][gc,marking     ] GC(953) Concurrent Scan Root Regions 188.824ms
[3838.578s][info][gc,marking     ] GC(953) Concurrent Mark
[3838.578s][info][gc,marking     ] GC(953) Concurrent Mark From Roots
[3838.578s][info][gc,task        ] GC(953) Using 2 workers of 2 for marking
.[3839.515s][info][gc,marking     ] GC(953) Concurrent Mark From Roots 936.568ms
[3839.515s][info][gc,marking     ] GC(953) Concurrent Preclean
[3839.515s][info][gc,marking     ] GC(953) Concurrent Preclean 0.082ms
[3839.515s][info][gc,start       ] GC(953) Pause Remark
[3839.521s][info][gc             ] GC(953) Pause Remark 2369M->2369M(4096M) 6.442ms
[3839.522s][info][gc,cpu         ] GC(953) User=0.04s Sys=0.00s Real=0.01s
[3839.522s][info][gc,marking     ] GC(953) Concurrent Mark 943.333ms
[3839.522s][info][gc,marking     ] GC(953) Concurrent Rebuild Remembered Sets and Scrub Regions
[3839.883s][info][gc,marking     ] GC(953) Concurrent Rebuild Remembered Sets and Scrub Regions 361.668ms
[3839.883s][info][gc,start       ] GC(953) Pause Cleanup
[3839.884s][info][gc             ] GC(953) Pause Cleanup 2685M->2685M(4096M) 0.107ms
[3839.884s][info][gc,cpu         ] GC(953) User=0.00s Sys=0.00s Real=0.00s
[3839.884s][info][gc,marking     ] GC(953) Concurrent Clear Claimed Marks
[3839.884s][info][gc,marking     ] GC(953) Concurrent Clear Claimed Marks 0.022ms
[3839.884s][info][gc,marking     ] GC(953) Concurrent Cleanup for Next Mark
[3839.887s][info][gc,marking     ] GC(953) Concurrent Cleanup for Next Mark 3.188ms
[3839.887s][info][gc             ] GC(953) Concurrent Mark Cycle 1497.513ms
.[3841.028s][info][gc,start       ] GC(954) Pause Young (Prepare Mixed) (G1 Evacuation Pause)
[3841.028s][info][gc,task        ] GC(954) Using 6 workers of 6 for evacuation
[3841.148s][info][gc,phases      ] GC(954)   Pre Evacuate Collection Set: 0.33ms
[3841.148s][info][gc,phases      ] GC(954)   Merge Heap Roots: 0.50ms
[3841.148s][info][gc,phases      ] GC(954)   Evacuate Collection Set: 118.41ms
[3841.148s][info][gc,phases      ] GC(954)   Post Evacuate Collection Set: 0.95ms
[3841.148s][info][gc,phases      ] GC(954)   Other: 0.09ms
[3841.148s][info][gc,heap        ] GC(954) Eden regions: 1120->0(1102)
[3841.148s][info][gc,heap        ] GC(954) Survivor regions: 108->112(154)
[3841.148s][info][gc,heap        ] GC(954) Old regions: 508->539
[3841.148s][info][gc,heap        ] GC(954) Humongous regions: 80->80
[3841.148s][info][gc,metaspace   ] GC(954) Metaspace: 28896K(29248K)->28896K(29248K) NonClass: 24028K(24192K)->24028K(24192K) Class: 4868K(5056K)->4868K(5056K)
[3841.148s][info][gc             ] GC(954) Pause Young (Prepare Mixed) (G1 Evacuation Pause) 3630M->1460M(4096M) 120.441ms
[3841.148s][info][gc,cpu         ] GC(954) User=0.71s Sys=0.00s Real=0.12s
...[3843.769s][info][gc,start       ] GC(955) Pause Young (Mixed) (G1 Evacuation Pause)
[3843.769s][info][gc,task        ] GC(955) Using 6 workers of 6 for evacuation
[3843.907s][info][gc,phases      ] GC(955)   Pre Evacuate Collection Set: 0.40ms
[3843.907s][info][gc,phases      ] GC(955)   Merge Heap Roots: 0.81ms
[3843.907s][info][gc,phases      ] GC(955)   Evacuate Collection Set: 135.62ms
[3843.907s][info][gc,phases      ] GC(955)   Post Evacuate Collection Set: 0.95ms
[3843.907s][info][gc,phases      ] GC(955)   Other: 0.09ms
[3843.907s][info][gc,heap        ] GC(955) Eden regions: 1102->0(1116)
[3843.907s][info][gc,heap        ] GC(955) Survivor regions: 112->112(152)
[3843.907s][info][gc,heap        ] GC(955) Old regions: 539->476
[3843.907s][info][gc,heap        ] GC(955) Humongous regions: 80->80
[3843.907s][info][gc,metaspace   ] GC(955) Metaspace: 28896K(29248K)->28896K(29248K) NonClass: 24028K(24192K)->24028K(24192K) Class: 4868K(5056K)->4868K(5056K)
[3843.907s][info][gc             ] GC(955) Pause Young (Mixed) (G1 Evacuation Pause) 3664M->1333M(4096M) 137.995ms
[3843.907s][info][gc,cpu         ] GC(955) User=0.82s Sys=0.00s Real=0.13s
...[3846.597s][info][gc,start       ] GC(956) Pause Young (Concurrent Start) (G1 Evacuation Pause)
[3846.597s][info][gc,task        ] GC(956) Using 6 workers of 6 for evacuation
[3846.712s][info][gc,phases      ] GC(956)   Pre Evacuate Collection Set: 0.37ms
[3846.712s][info][gc,phases      ] GC(956)   Merge Heap Roots: 0.41ms
[3846.712s][info][gc,phases      ] GC(956)   Evacuate Collection Set: 112.66ms
[3846.712s][info][gc,phases      ] GC(956)   Post Evacuate Collection Set: 0.91ms
[3846.712s][info][gc,phases      ] GC(956)   Other: 0.11ms
[3846.712s][info][gc,heap        ] GC(956) Eden regions: 1116->0(1119)
[3846.712s][info][gc,heap        ] GC(956) Survivor regions: 112->109(154)
[3846.712s][info][gc,heap        ] GC(956) Old regions: 476->507
[3846.712s][info][gc,heap        ] GC(956) Humongous regions: 80->80
[3846.712s][info][gc,metaspace   ] GC(956) Metaspace: 28896K(29248K)->28896K(29248K) NonClass: 24028K(24192K)->24028K(24192K) Class: 4868K(5056K)->4868K(5056K)
[3846.712s][info][gc             ] GC(956) Pause Young (Concurrent Start) (G1 Evacuation Pause) 3565M->1391M(4096M) 114.593ms
[3846.712s][info][gc             ] GC(957) Concurrent Mark Cycle
[3846.712s][info][gc,marking     ] GC(957) Concurrent Scan Root Regions
[3846.712s][info][gc,cpu         ] GC(956) User=0.67s Sys=0.00s Real=0.12s
[3846.905s][info][gc,marking     ] GC(957) Concurrent Scan Root Regions 193.521ms
[3846.905s][info][gc,marking     ] GC(957) Concurrent Mark
[3846.905s][info][gc,marking     ] GC(957) Concurrent Mark From Roots
[3846.905s][info][gc,task        ] GC(957) Using 2 workers of 2 for marking
.[3847.866s][info][gc,marking     ] GC(957) Concurrent Mark From Roots 960.585ms
[3847.866s][info][gc,marking     ] GC(957) Concurrent Preclean
[3847.866s][info][gc,marking     ] GC(957) Concurrent Preclean 0.113ms
[3847.866s][info][gc,start       ] GC(957) Pause Remark
[3847.871s][info][gc             ] GC(957) Pause Remark 2381M->2381M(4096M) 4.838ms
[3847.871s][info][gc,cpu         ] GC(957) User=0.03s Sys=0.00s Real=0.01s
[3847.871s][info][gc,marking     ] GC(957) Concurrent Mark 966.212ms
[3847.871s][info][gc,marking     ] GC(957) Concurrent Rebuild Remembered Sets and Scrub Regions
[3848.229s][info][gc,marking     ] GC(957) Concurrent Rebuild Remembered Sets and Scrub Regions 357.265ms
[3848.229s][info][gc,start       ] GC(957) Pause Cleanup
[3848.229s][info][gc             ] GC(957) Pause Cleanup 2705M->2705M(4096M) 0.103ms
[3848.229s][info][gc,cpu         ] GC(957) User=0.00s Sys=0.00s Real=0.00s
[3848.229s][info][gc,marking     ] GC(957) Concurrent Clear Claimed Marks
[3848.229s][info][gc,marking     ] GC(957) Concurrent Clear Claimed Marks 0.025ms
[3848.229s][info][gc,marking     ] GC(957) Concurrent Cleanup for Next Mark
[3848.234s][info][gc,marking     ] GC(957) Concurrent Cleanup for Next Mark 4.703ms
[3848.234s][info][gc             ] GC(957) Concurrent Mark Cycle 1522.172ms
.[3849.380s][info][gc,start       ] GC(958) Pause Young (Prepare Mixed) (G1 Evacuation Pause)
[3849.380s][info][gc,task        ] GC(958) Using 6 workers of 6 for evacuation
[3849.497s][info][gc,phases      ] GC(958)   Pre Evacuate Collection Set: 0.31ms
[3849.497s][info][gc,phases      ] GC(958)   Merge Heap Roots: 0.48ms
[3849.497s][info][gc,phases      ] GC(958)   Evacuate Collection Set: 114.42ms
[3849.497s][info][gc,phases      ] GC(958)   Post Evacuate Collection Set: 0.96ms
[3849.497s][info][gc,phases      ] GC(958)   Other: 0.09ms
[3849.497s][info][gc,heap        ] GC(958) Eden regions: 1119->0(1106)
[3849.497s][info][gc,heap        ] GC(958) Survivor regions: 109->110(154)
[3849.497s][info][gc,heap        ] GC(958) Old regions: 507->539
[3849.497s][info][gc,heap        ] GC(958) Humongous regions: 80->80
[3849.497s][info][gc,metaspace   ] GC(958) Metaspace: 28896K(29248K)->28896K(29248K) NonClass: 24028K(24192K)->24028K(24192K) Class: 4868K(5056K)->4868K(5056K)
[3849.497s][info][gc             ] GC(958) Pause Young (Prepare Mixed) (G1 Evacuation Pause) 3629M->1457M(4096M) 116.410ms
[3849.497s][info][gc,cpu         ] GC(958) User=0.68s Sys=0.00s Real=0.11s
...[3852.137s][info][gc,start       ] GC(959) Pause Young (Mixed) (G1 Evacuation Pause)
[3852.137s][info][gc,task        ] GC(959) Using 6 workers of 6 for evacuation
[3852.271s][info][gc,phases      ] GC(959)   Pre Evacuate Collection Set: 0.38ms
[3852.271s][info][gc,phases      ] GC(959)   Merge Heap Roots: 0.59ms
[3852.271s][info][gc,phases      ] GC(959)   Evacuate Collection Set: 132.26ms
[3852.271s][info][gc,phases      ] GC(959)   Post Evacuate Collection Set: 0.93ms
[3852.271s][info][gc,phases      ] GC(959)   Other: 0.09ms
[3852.271s][info][gc,heap        ] GC(959) Eden regions: 1106->0(1115)
[3852.271s][info][gc,heap        ] GC(959) Survivor regions: 110->113(152)
[3852.271s][info][gc,heap        ] GC(959) Old regions: 539->474
[3852.271s][info][gc,heap        ] GC(959) Humongous regions: 80->80
[3852.271s][info][gc,metaspace   ] GC(959) Metaspace: 28896K(29248K)->28896K(29248K) NonClass: 24028K(24192K)->24028K(24192K) Class: 4868K(5056K)->4868K(5056K)
[3852.271s][info][gc             ] GC(959) Pause Young (Mixed) (G1 Evacuation Pause) 3669M->1332M(4096M) 134.372ms
[3852.271s][info][gc,cpu         ] GC(959) User=0.80s Sys=0.00s Real=0.14s
...[3854.899s][info][gc,start       ] GC(960) Pause Young (Concurrent Start) (G1 Evacuation Pause)
[3854.899s][info][gc,task        ] GC(960) Using 6 workers of 6 for evacuation
[3855.018s][info][gc,phases      ] GC(960)   Pre Evacuate Collection Set: 0.39ms
[3855.018s][info][gc,phases      ] GC(960)   Merge Heap Roots: 0.41ms
[3855.018s][info][gc,phases      ] GC(960)   Evacuate Collection Set: 117.38ms
[3855.018s][info][gc,phases      ] GC(960)   Post Evacuate Collection Set: 0.92ms
[3855.018s][info][gc,phases      ] GC(960)   Other: 0.10ms
[3855.018s][info][gc,heap        ] GC(960) Eden regions: 1115->0(1115)
[3855.018s][info][gc,heap        ] GC(960) Survivor regions: 113->113(154)
[3855.018s][info][gc,heap        ] GC(960) Old regions: 474->506
[3855.018s][info][gc,heap        ] GC(960) Humongous regions: 80->80
[3855.018s][info][gc,metaspace   ] GC(960) Metaspace: 28896K(29248K)->28896K(29248K) NonClass: 24028K(24192K)->24028K(24192K) Class: 4868K(5056K)->4868K(5056K)
[3855.018s][info][gc             ] GC(960) Pause Young (Concurrent Start) (G1 Evacuation Pause) 3562M->1395M(4096M) 119.341ms
[3855.018s][info][gc             ] GC(961) Concurrent Mark Cycle
[3855.018s][info][gc,marking     ] GC(961) Concurrent Scan Root Regions
[3855.018s][info][gc,cpu         ] GC(960) User=0.71s Sys=0.00s Real=0.12s
[3855.209s][info][gc,marking     ] GC(961) Concurrent Scan Root Regions 190.694ms
[3855.209s][info][gc,marking     ] GC(961) Concurrent Mark
[3855.209s][info][gc,marking     ] GC(961) Concurrent Mark From Roots
[3855.209s][info][gc,task        ] GC(961) Using 2 workers of 2 for marking
.[3856.203s][info][gc,marking     ] GC(961) Concurrent Mark From Roots 994.216ms
[3856.203s][info][gc,marking     ] GC(961) Concurrent Preclean
[3856.203s][info][gc,marking     ] GC(961) Concurrent Preclean 0.110ms
[3856.203s][info][gc,start       ] GC(961) Pause Remark
[3856.210s][info][gc             ] GC(961) Pause Remark 2440M->2440M(4096M) 6.496ms
[3856.210s][info][gc,cpu         ] GC(961) User=0.04s Sys=0.00s Real=0.01s
[3856.210s][info][gc,marking     ] GC(961) Concurrent Mark 1001.616ms
[3856.210s][info][gc,marking     ] GC(961) Concurrent Rebuild Remembered Sets and Scrub Regions
[3856.573s][info][gc,marking     ] GC(961) Concurrent Rebuild Remembered Sets and Scrub Regions 362.509ms
[3856.574s][info][gc,start       ] GC(961) Pause Cleanup
[3856.574s][info][gc             ] GC(961) Pause Cleanup 2727M->2727M(4096M) 0.109ms
[3856.574s][info][gc,cpu         ] GC(961) User=0.00s Sys=0.00s Real=0.00s
[3856.574s][info][gc,marking     ] GC(961) Concurrent Clear Claimed Marks
[3856.574s][info][gc,marking     ] GC(961) Concurrent Clear Claimed Marks 0.025ms
[3856.574s][info][gc,marking     ] GC(961) Concurrent Cleanup for Next Mark
[3856.578s][info][gc,marking     ] GC(961) Concurrent Cleanup for Next Mark 3.826ms
[3856.578s][info][gc             ] GC(961) Concurrent Mark Cycle 1559.579ms
..[3857.656s][info][gc,start       ] GC(962) Pause Young (Prepare Mixed) (G1 Evacuation Pause)
[3857.656s][info][gc,task        ] GC(962) Using 6 workers of 6 for evacuation
[3857.774s][info][gc,phases      ] GC(962)   Pre Evacuate Collection Set: 0.36ms
[3857.774s][info][gc,phases      ] GC(962)   Merge Heap Roots: 0.46ms
[3857.774s][info][gc,phases      ] GC(962)   Evacuate Collection Set: 115.83ms
[3857.774s][info][gc,phases      ] GC(962)   Post Evacuate Collection Set: 0.94ms
[3857.774s][info][gc,phases      ] GC(962)   Other: 0.09ms
[3857.774s][info][gc,heap        ] GC(962) Eden regions: 1115->0(1108)
[3857.774s][info][gc,heap        ] GC(962) Survivor regions: 113->110(154)
[3857.774s][info][gc,heap        ] GC(962) Old regions: 506->537
[3857.774s][info][gc,heap        ] GC(962) Humongous regions: 80->80
[3857.774s][info][gc,metaspace   ] GC(962) Metaspace: 28896K(29248K)->28896K(29248K) NonClass: 24028K(24192K)->24028K(24192K) Class: 4868K(5056K)->4868K(5056K)
[3857.774s][info][gc             ] GC(962) Pause Young (Prepare Mixed) (G1 Evacuation Pause) 3625M->1453M(4096M) 117.807ms
[3857.774s][info][gc,cpu         ] GC(962) User=0.70s Sys=0.00s Real=0.12s
..[3860.418s][info][gc,start       ] GC(963) Pause Young (Mixed) (G1 Evacuation Pause)
[3860.418s][info][gc,task        ] GC(963) Using 6 workers of 6 for evacuation
[3860.551s][info][gc,phases      ] GC(963)   Pre Evacuate Collection Set: 0.37ms
[3860.551s][info][gc,phases      ] GC(963)   Merge Heap Roots: 0.69ms
[3860.551s][info][gc,phases      ] GC(963)   Evacuate Collection Set: 130.02ms
[3860.551s][info][gc,phases      ] GC(963)   Post Evacuate Collection Set: 0.96ms
[3860.551s][info][gc,phases      ] GC(963)   Other: 0.09ms
[3860.551s][info][gc,heap        ] GC(963) Eden regions: 1108->0(1119)
[3860.551s][info][gc,heap        ] GC(963) Survivor regions: 110->109(153)
[3860.551s][info][gc,heap        ] GC(963) Old regions: 537->473
[3860.551s][info][gc,heap        ] GC(963) Humongous regions: 80->80
[3860.551s][info][gc,metaspace   ] GC(963) Metaspace: 28896K(29248K)->28896K(29248K) NonClass: 24028K(24192K)->24028K(24192K) Class: 4868K(5056K)->4868K(5056K)
[3860.551s][info][gc             ] GC(963) Pause Young (Mixed) (G1 Evacuation Pause) 3669M->1322M(4096M) 132.270ms
[3860.551s][info][gc,cpu         ] GC(963) User=0.78s Sys=0.00s Real=0.13s
...[3863.227s][info][gc,start       ] GC(964) Pause Young (Concurrent Start) (G1 Evacuation Pause)
[3863.227s][info][gc,task        ] GC(964) Using 6 workers of 6 for evacuation
[3863.342s][info][gc,phases      ] GC(964)   Pre Evacuate Collection Set: 0.39ms
[3863.342s][info][gc,phases      ] GC(964)   Merge Heap Roots: 0.42ms
[3863.342s][info][gc,phases      ] GC(964)   Evacuate Collection Set: 113.67ms
[3863.342s][info][gc,phases      ] GC(964)   Post Evacuate Collection Set: 0.87ms
[3863.342s][info][gc,phases      ] GC(964)   Other: 0.12ms
[3863.342s][info][gc,heap        ] GC(964) Eden regions: 1119->0(1119)
[3863.342s][info][gc,heap        ] GC(964) Survivor regions: 109->109(154)
[3863.342s][info][gc,heap        ] GC(964) Old regions: 473->505
[3863.342s][info][gc,heap        ] GC(964) Humongous regions: 80->80
[3863.342s][info][gc,metaspace   ] GC(964) Metaspace: 28896K(29248K)->28896K(29248K) NonClass: 24028K(24192K)->24028K(24192K) Class: 4868K(5056K)->4868K(5056K)
[3863.342s][info][gc             ] GC(964) Pause Young (Concurrent Start) (G1 Evacuation Pause) 3560M->1386M(4096M) 115.594ms
[3863.342s][info][gc             ] GC(965) Concurrent Mark Cycle
[3863.342s][info][gc,marking     ] GC(965) Concurrent Scan Root Regions
[3863.342s][info][gc,cpu         ] GC(964) User=0.68s Sys=0.00s Real=0.12s
[3863.530s][info][gc,marking     ] GC(965) Concurrent Scan Root Regions 187.870ms
[3863.530s][info][gc,marking     ] GC(965) Concurrent Mark
[3863.530s][info][gc,marking     ] GC(965) Concurrent Mark From Roots
[3863.530s][info][gc,task        ] GC(965) Using 2 workers of 2 for marking
.[3864.487s][info][gc,marking     ] GC(965) Concurrent Mark From Roots 956.941ms
[3864.487s][info][gc,marking     ] GC(965) Concurrent Preclean
[3864.487s][info][gc,marking     ] GC(965) Concurrent Preclean 0.109ms
[3864.487s][info][gc,start       ] GC(965) Pause Remark
[3864.493s][info][gc             ] GC(965) Pause Remark 2410M->2410M(4096M) 6.102ms
[3864.494s][info][gc,cpu         ] GC(965) User=0.03s Sys=0.00s Real=0.01s
[3864.494s][info][gc,marking     ] GC(965) Concurrent Mark 963.400ms
[3864.494s][info][gc,marking     ] GC(965) Concurrent Rebuild Remembered Sets and Scrub Regions
.[3864.884s][info][gc,marking     ] GC(965) Concurrent Rebuild Remembered Sets and Scrub Regions 390.869ms
[3864.886s][info][gc,start       ] GC(965) Pause Cleanup
[3864.887s][info][gc             ] GC(965) Pause Cleanup 2708M->2708M(4096M) 0.135ms
[3864.887s][info][gc,cpu         ] GC(965) User=0.00s Sys=0.00s Real=0.00s
[3864.887s][info][gc,marking     ] GC(965) Concurrent Clear Claimed Marks
[3864.887s][info][gc,marking     ] GC(965) Concurrent Clear Claimed Marks 0.036ms
[3864.887s][info][gc,marking     ] GC(965) Concurrent Cleanup for Next Mark
[3864.892s][info][gc,marking     ] GC(965) Concurrent Cleanup for Next Mark 5.090ms
[3864.892s][info][gc             ] GC(965) Concurrent Mark Cycle 1549.669ms
.[3866.028s][info][gc,start       ] GC(966) Pause Young (Prepare Mixed) (G1 Evacuation Pause)
[3866.029s][info][gc,task        ] GC(966) Using 6 workers of 6 for evacuation
[3866.146s][info][gc,phases      ] GC(966)   Pre Evacuate Collection Set: 0.35ms
[3866.146s][info][gc,phases      ] GC(966)   Merge Heap Roots: 0.50ms
[3866.146s][info][gc,phases      ] GC(966)   Evacuate Collection Set: 115.49ms
[3866.146s][info][gc,phases      ] GC(966)   Post Evacuate Collection Set: 0.92ms
[3866.146s][info][gc,phases      ] GC(966)   Other: 0.08ms
[3866.146s][info][gc,heap        ] GC(966) Eden regions: 1119->0(1107)
[3866.146s][info][gc,heap        ] GC(966) Survivor regions: 109->111(154)
[3866.146s][info][gc,heap        ] GC(966) Old regions: 505->536
[3866.146s][info][gc,heap        ] GC(966) Humongous regions: 80->80
[3866.146s][info][gc,metaspace   ] GC(966) Metaspace: 28896K(29248K)->28896K(29248K) NonClass: 24028K(24192K)->24028K(24192K) Class: 4868K(5056K)->4868K(5056K)
[3866.146s][info][gc             ] GC(966) Pause Young (Prepare Mixed) (G1 Evacuation Pause) 3624M->1453M(4096M) 117.481ms
[3866.146s][info][gc,cpu         ] GC(966) User=0.69s Sys=0.00s Real=0.11s
. (rIR:aIR:PR = 6780:6783:6783) (tPR = 99635) [OK] 
  3866s: Performance info:
         Transaction,    Success,    Partial,     Failed,   Receipts, AvgBarcode, 
             Overall,     412488,          0,          0,     391856,      59.48, 
         Response times:
             Request,    Success,    Partial,     Failed,   SkipFail,     Probes,    Samples,      min,      p50,      p90,      p95,      p99,      max, 
       TotalPurchase,     391838,          0,          0,          0,     362710,     396258,      300,     5900,    35000,    67000,   119000,   227000,
     InStorePurchase,     206660,          0,          0,          0,     190311,     207878,      300,     5900,    35000,    67000,   118000,   212000,
      OnlinePurchase,     144036,          0,          0,          0,     133626,     145617,      300,     5900,    34000,    67000,   119000,   227000,
        InstPurchase,      41142,          0,          0,          0,      38773,      42763,      500,     6200,    37000,    69800,   119000,   213000,
          AssocOfCat,        413,          0,          0,          0,        320,        421,    28000,    40000,   101000,   129500,   180780,   213000,
      AssocOfProduct,       4141,          0,          0,          0,       3846,       4411,      300,     5200,    32000,    63400,   113000,   195000,
      BusinessReport,       1032,          0,          0,          0,        883,       1036,    24000,    43000,    89300,   125600,   204630,   350000,
          CustBuyBeh,       4136,          0,          0,          0,       3837,       4318,      600,     5000,    33000,    61000,   116000,   154000,
       ProductReturn,      10908,          0,          0,          0,      10560,      11770,      200,     6000,    35000,    71000,   118000,   168000,

  3866s: (50%)   IR =   6918 .[3868.751s][info][gc,start       ] GC(967) Pause Young (Mixed) (G1 Evacuation Pause)
[3868.751s][info][gc,task        ] GC(967) Using 6 workers of 6 for evacuation
[3868.883s][info][gc,phases      ] GC(967)   Pre Evacuate Collection Set: 0.38ms
[3868.883s][info][gc,phases      ] GC(967)   Merge Heap Roots: 0.66ms
[3868.883s][info][gc,phases      ] GC(967)   Evacuate Collection Set: 129.76ms
[3868.883s][info][gc,phases      ] GC(967)   Post Evacuate Collection Set: 0.98ms
[3868.883s][info][gc,phases      ] GC(967)   Other: 0.10ms
[3868.883s][info][gc,heap        ] GC(967) Eden regions: 1107->0(1119)
[3868.883s][info][gc,heap        ] GC(967) Survivor regions: 111->109(153)
[3868.883s][info][gc,heap        ] GC(967) Old regions: 536->474
[3868.883s][info][gc,heap        ] GC(967) Humongous regions: 80->80
[3868.883s][info][gc,metaspace   ] GC(967) Metaspace: 28896K(29248K)->28896K(29248K) NonClass: 24028K(24192K)->24028K(24192K) Class: 4868K(5056K)->4868K(5056K)
[3868.883s][info][gc             ] GC(967) Pause Young (Mixed) (G1 Evacuation Pause) 3667M->1325M(4096M) 131.999ms
[3868.883s][info][gc,cpu         ] GC(967) User=0.78s Sys=0.00s Real=0.13s
...[3871.462s][info][gc,start       ] GC(968) Pause Young (Concurrent Start) (G1 Evacuation Pause)
[3871.462s][info][gc,task        ] GC(968) Using 6 workers of 6 for evacuation
[3871.576s][info][gc,phases      ] GC(968)   Pre Evacuate Collection Set: 0.41ms
[3871.576s][info][gc,phases      ] GC(968)   Merge Heap Roots: 0.42ms
[3871.576s][info][gc,phases      ] GC(968)   Evacuate Collection Set: 112.17ms
[3871.576s][info][gc,phases      ] GC(968)   Post Evacuate Collection Set: 0.87ms
[3871.576s][info][gc,phases      ] GC(968)   Other: 0.13ms
[3871.576s][info][gc,heap        ] GC(968) Eden regions: 1119->0(1121)
[3871.576s][info][gc,heap        ] GC(968) Survivor regions: 109->107(154)
[3871.576s][info][gc,heap        ] GC(968) Old regions: 474->506
[3871.576s][info][gc,heap        ] GC(968) Humongous regions: 80->80
[3871.576s][info][gc,metaspace   ] GC(968) Metaspace: 28896K(29248K)->28896K(29248K) NonClass: 24028K(24192K)->24028K(24192K) Class: 4868K(5056K)->4868K(5056K)
[3871.576s][info][gc             ] GC(968) Pause Young (Concurrent Start) (G1 Evacuation Pause) 3563M->1383M(4096M) 114.142ms
[3871.576s][info][gc             ] GC(969) Concurrent Mark Cycle
[3871.576s][info][gc,marking     ] GC(969) Concurrent Scan Root Regions
[3871.576s][info][gc,cpu         ] GC(968) User=0.67s Sys=0.00s Real=0.11s
[3871.714s][info][gc,marking     ] GC(969) Concurrent Scan Root Regions 138.064ms
[3871.714s][info][gc,marking     ] GC(969) Concurrent Mark
[3871.714s][info][gc,marking     ] GC(969) Concurrent Mark From Roots
[3871.714s][info][gc,task        ] GC(969) Using 2 workers of 2 for marking
.[3872.425s][info][gc,marking     ] GC(969) Concurrent Mark From Roots 710.682ms
[3872.425s][info][gc,marking     ] GC(969) Concurrent Preclean
[3872.425s][info][gc,marking     ] GC(969) Concurrent Preclean 0.110ms
[3872.427s][info][gc,start       ] GC(969) Pause Remark
[3872.432s][info][gc             ] GC(969) Pause Remark 2081M->2081M(4096M) 5.075ms
[3872.432s][info][gc,cpu         ] GC(969) User=0.03s Sys=0.00s Real=0.01s
[3872.432s][info][gc,marking     ] GC(969) Concurrent Mark 718.308ms
[3872.432s][info][gc,marking     ] GC(969) Concurrent Rebuild Remembered Sets and Scrub Regions
[3872.691s][info][gc,marking     ] GC(969) Concurrent Rebuild Remembered Sets and Scrub Regions 258.754ms
[3872.692s][info][gc,start       ] GC(969) Pause Cleanup
[3872.692s][info][gc             ] GC(969) Pause Cleanup 2299M->2299M(4096M) 0.118ms
[3872.692s][info][gc,cpu         ] GC(969) User=0.00s Sys=0.00s Real=0.00s
[3872.692s][info][gc,marking     ] GC(969) Concurrent Clear Claimed Marks
[3872.692s][info][gc,marking     ] GC(969) Concurrent Clear Claimed Marks 0.023ms
[3872.692s][info][gc,marking     ] GC(969) Concurrent Cleanup for Next Mark
[3872.698s][info][gc,marking     ] GC(969) Concurrent Cleanup for Next Mark 5.503ms
[3872.698s][info][gc             ] GC(969) Concurrent Mark Cycle 1121.926ms
..[3874.195s][info][gc,start       ] GC(970) Pause Young (Prepare Mixed) (G1 Evacuation Pause)
[3874.195s][info][gc,task        ] GC(970) Using 6 workers of 6 for evacuation
[3874.318s][info][gc,phases      ] GC(970)   Pre Evacuate Collection Set: 0.35ms
[3874.318s][info][gc,phases      ] GC(970)   Merge Heap Roots: 0.46ms
[3874.318s][info][gc,phases      ] GC(970)   Evacuate Collection Set: 121.34ms
[3874.318s][info][gc,phases      ] GC(970)   Post Evacuate Collection Set: 0.94ms
[3874.318s][info][gc,phases      ] GC(970)   Other: 0.08ms
[3874.318s][info][gc,heap        ] GC(970) Eden regions: 1121->0(1095)
[3874.318s][info][gc,heap        ] GC(970) Survivor regions: 107->117(154)
[3874.318s][info][gc,heap        ] GC(970) Old regions: 506->536
[3874.318s][info][gc,heap        ] GC(970) Humongous regions: 80->80
[3874.318s][info][gc,metaspace   ] GC(970) Metaspace: 28896K(29248K)->28896K(29248K) NonClass: 24028K(24192K)->24028K(24192K) Class: 4868K(5056K)->4868K(5056K)
[3874.318s][info][gc             ] GC(970) Pause Young (Prepare Mixed) (G1 Evacuation Pause) 3625M->1465M(4096M) 123.291ms
[3874.318s][info][gc,cpu         ] GC(970) User=0.73s Sys=0.00s Real=0.12s
..|[3876.884s][info][gc,start       ] GC(971) Pause Young (Mixed) (G1 Evacuation Pause)
[3876.884s][info][gc,task        ] GC(971) Using 6 workers of 6 for evacuation
[3877.018s][info][gc,phases      ] GC(971)   Pre Evacuate Collection Set: 0.40ms
[3877.018s][info][gc,phases      ] GC(971)   Merge Heap Roots: 0.70ms
[3877.018s][info][gc,phases      ] GC(971)   Evacuate Collection Set: 131.65ms
[3877.018s][info][gc,phases      ] GC(971)   Post Evacuate Collection Set: 0.95ms
[3877.018s][info][gc,phases      ] GC(971)   Other: 0.08ms
[3877.018s][info][gc,heap        ] GC(971) Eden regions: 1095->0(1117)
[3877.018s][info][gc,heap        ] GC(971) Survivor regions: 117->111(152)
[3877.018s][info][gc,heap        ] GC(971) Old regions: 536->474
[3877.018s][info][gc,heap        ] GC(971) Humongous regions: 80->80
[3877.018s][info][gc,metaspace   ] GC(971) Metaspace: 28896K(29248K)->28896K(29248K) NonClass: 24028K(24192K)->24028K(24192K) Class: 4868K(5056K)->4868K(5056K)
[3877.018s][info][gc             ] GC(971) Pause Young (Mixed) (G1 Evacuation Pause) 3655M->1329M(4096M) 133.946ms
[3877.018s][info][gc,cpu         ] GC(971) User=0.79s Sys=0.00s Real=0.14s
...[3879.658s][info][gc,start       ] GC(972) Pause Young (Concurrent Start) (G1 Evacuation Pause)
[3879.658s][info][gc,task        ] GC(972) Using 6 workers of 6 for evacuation
[3879.775s][info][gc,phases      ] GC(972)   Pre Evacuate Collection Set: 0.39ms
[3879.775s][info][gc,phases      ] GC(972)   Merge Heap Roots: 0.44ms
[3879.775s][info][gc,phases      ] GC(972)   Evacuate Collection Set: 115.27ms
[3879.775s][info][gc,phases      ] GC(972)   Post Evacuate Collection Set: 0.88ms
[3879.775s][info][gc,phases      ] GC(972)   Other: 0.11ms
[3879.775s][info][gc,heap        ] GC(972) Eden regions: 1117->0(1118)
[3879.775s][info][gc,heap        ] GC(972) Survivor regions: 111->110(154)
[3879.775s][info][gc,heap        ] GC(972) Old regions: 474->507
[3879.775s][info][gc,heap        ] GC(972) Humongous regions: 80->80
[3879.775s][info][gc,metaspace   ] GC(972) Metaspace: 28896K(29248K)->28896K(29248K) NonClass: 24028K(24192K)->24028K(24192K) Class: 4868K(5056K)->4868K(5056K)
[3879.775s][info][gc             ] GC(972) Pause Young (Concurrent Start) (G1 Evacuation Pause) 3563M->1392M(4096M) 117.222ms
[3879.775s][info][gc             ] GC(973) Concurrent Mark Cycle
[3879.775s][info][gc,marking     ] GC(973) Concurrent Scan Root Regions
[3879.775s][info][gc,cpu         ] GC(972) User=0.69s Sys=0.01s Real=0.12s
[3879.957s][info][gc,marking     ] GC(973) Concurrent Scan Root Regions 181.725ms
[3879.957s][info][gc,marking     ] GC(973) Concurrent Mark
[3879.957s][info][gc,marking     ] GC(973) Concurrent Mark From Roots
[3879.957s][info][gc,task        ] GC(973) Using 2 workers of 2 for marking
.[3880.692s][info][gc,marking     ] GC(973) Concurrent Mark From Roots 734.795ms
[3880.692s][info][gc,marking     ] GC(973) Concurrent Preclean
[3880.692s][info][gc,marking     ] GC(973) Concurrent Preclean 0.107ms
[3880.692s][info][gc,start       ] GC(973) Pause Remark
[3880.697s][info][gc             ] GC(973) Pause Remark 2176M->2176M(4096M) 5.077ms
[3880.697s][info][gc,cpu         ] GC(973) User=0.03s Sys=0.00s Real=0.00s
[3880.697s][info][gc,marking     ] GC(973) Concurrent Mark 740.363ms
[3880.697s][info][gc,marking     ] GC(973) Concurrent Rebuild Remembered Sets and Scrub Regions
[3880.979s][info][gc,marking     ] GC(973) Concurrent Rebuild Remembered Sets and Scrub Regions 281.736ms
[3880.979s][info][gc,start       ] GC(973) Pause Cleanup
[3880.979s][info][gc             ] GC(973) Pause Cleanup 2385M->2385M(4096M) 0.121ms
[3880.979s][info][gc,cpu         ] GC(973) User=0.00s Sys=0.00s Real=0.00s
[3880.979s][info][gc,marking     ] GC(973) Concurrent Clear Claimed Marks
[3880.979s][info][gc,marking     ] GC(973) Concurrent Clear Claimed Marks 0.031ms
[3880.979s][info][gc,marking     ] GC(973) Concurrent Cleanup for Next Mark
[3880.989s][info][gc,marking     ] GC(973) Concurrent Cleanup for Next Mark 9.669ms
[3880.989s][info][gc             ] GC(973) Concurrent Mark Cycle 1214.149ms
..[3882.385s][info][gc,start       ] GC(974) Pause Young (Prepare Mixed) (G1 Evacuation Pause)
[3882.385s][info][gc,task        ] GC(974) Using 6 workers of 6 for evacuation
[3882.503s][info][gc,phases      ] GC(974)   Pre Evacuate Collection Set: 0.34ms
[3882.503s][info][gc,phases      ] GC(974)   Merge Heap Roots: 0.49ms
[3882.503s][info][gc,phases      ] GC(974)   Evacuate Collection Set: 115.72ms
[3882.503s][info][gc,phases      ] GC(974)   Post Evacuate Collection Set: 0.92ms
[3882.503s][info][gc,phases      ] GC(974)   Other: 0.09ms
[3882.503s][info][gc,heap        ] GC(974) Eden regions: 1118->0(1106)
[3882.503s][info][gc,heap        ] GC(974) Survivor regions: 110->110(154)
[3882.503s][info][gc,heap        ] GC(974) Old regions: 507->539
[3882.503s][info][gc,heap        ] GC(974) Humongous regions: 80->80
[3882.503s][info][gc,metaspace   ] GC(974) Metaspace: 28896K(29248K)->28896K(29248K) NonClass: 24028K(24192K)->24028K(24192K) Class: 4868K(5056K)->4868K(5056K)
[3882.503s][info][gc             ] GC(974) Pause Young (Prepare Mixed) (G1 Evacuation Pause) 3628M->1456M(4096M) 117.712ms
[3882.503s][info][gc,cpu         ] GC(974) User=0.69s Sys=0.00s Real=0.12s
...[3885.054s][info][gc,start       ] GC(975) Pause Young (Mixed) (G1 Evacuation Pause)
[3885.054s][info][gc,task        ] GC(975) Using 6 workers of 6 for evacuation
[3885.190s][info][gc,phases      ] GC(975)   Pre Evacuate Collection Set: 0.38ms
[3885.190s][info][gc,phases      ] GC(975)   Merge Heap Roots: 0.60ms
[3885.190s][info][gc,phases      ] GC(975)   Evacuate Collection Set: 134.22ms
[3885.190s][info][gc,phases      ] GC(975)   Post Evacuate Collection Set: 0.93ms
[3885.190s][info][gc,phases      ] GC(975)   Other: 0.08ms
[3885.190s][info][gc,heap        ] GC(975) Eden regions: 1106->0(1115)
[3885.190s][info][gc,heap        ] GC(975) Survivor regions: 110->113(152)
[3885.190s][info][gc,heap        ] GC(975) Old regions: 539->475
[3885.190s][info][gc,heap        ] GC(975) Humongous regions: 80->80
[3885.190s][info][gc,metaspace   ] GC(975) Metaspace: 28896K(29248K)->28896K(29248K) NonClass: 24028K(24192K)->24028K(24192K) Class: 4868K(5056K)->4868K(5056K)
[3885.190s][info][gc             ] GC(975) Pause Young (Mixed) (G1 Evacuation Pause) 3668M->1335M(4096M) 136.342ms
[3885.190s][info][gc,cpu         ] GC(975) User=0.80s Sys=0.00s Real=0.14s
..[3887.831s][info][gc,start       ] GC(976) Pause Young (Concurrent Start) (G1 Evacuation Pause)
[3887.831s][info][gc,task        ] GC(976) Using 6 workers of 6 for evacuation
[3887.954s][info][gc,phases      ] GC(976)   Pre Evacuate Collection Set: 0.38ms
[3887.954s][info][gc,phases      ] GC(976)   Merge Heap Roots: 0.41ms
[3887.954s][info][gc,phases      ] GC(976)   Evacuate Collection Set: 121.40ms
[3887.954s][info][gc,phases      ] GC(976)   Post Evacuate Collection Set: 0.94ms
[3887.954s][info][gc,phases      ] GC(976)   Other: 0.12ms
[3887.954s][info][gc,heap        ] GC(976) Eden regions: 1115->0(1115)
[3887.954s][info][gc,heap        ] GC(976) Survivor regions: 113->113(154)
[3887.954s][info][gc,heap        ] GC(976) Old regions: 475->507
[3887.954s][info][gc,heap        ] GC(976) Humongous regions: 80->80
[3887.954s][info][gc,metaspace   ] GC(976) Metaspace: 28896K(29248K)->28896K(29248K) NonClass: 24028K(24192K)->24028K(24192K) Class: 4868K(5056K)->4868K(5056K)
[3887.954s][info][gc             ] GC(976) Pause Young (Concurrent Start) (G1 Evacuation Pause) 3565M->1398M(4096M) 123.372ms
[3887.954s][info][gc             ] GC(977) Concurrent Mark Cycle
[3887.954s][info][gc,marking     ] GC(977) Concurrent Scan Root Regions
[3887.954s][info][gc,cpu         ] GC(976) User=0.72s Sys=0.00s Real=0.12s
.[3888.130s][info][gc,marking     ] GC(977) Concurrent Scan Root Regions 176.396ms
[3888.130s][info][gc,marking     ] GC(977) Concurrent Mark
[3888.130s][info][gc,marking     ] GC(977) Concurrent Mark From Roots
[3888.130s][info][gc,task        ] GC(977) Using 2 workers of 2 for marking
[3888.963s][info][gc,marking     ] GC(977) Concurrent Mark From Roots 832.070ms
[3888.963s][info][gc,marking     ] GC(977) Concurrent Preclean
[3888.963s][info][gc,marking     ] GC(977) Concurrent Preclean 0.116ms
[3888.964s][info][gc,start       ] GC(977) Pause Remark
[3888.970s][info][gc             ] GC(977) Pause Remark 2274M->2274M(4096M) 5.687ms
[3888.970s][info][gc,cpu         ] GC(977) User=0.03s Sys=0.00s Real=0.01s
[3888.971s][info][gc,marking     ] GC(977) Concurrent Mark 840.530ms
[3888.971s][info][gc,marking     ] GC(977) Concurrent Rebuild Remembered Sets and Scrub Regions
.[3889.231s][info][gc,marking     ] GC(977) Concurrent Rebuild Remembered Sets and Scrub Regions 260.147ms
[3889.231s][info][gc,start       ] GC(977) Pause Cleanup
[3889.231s][info][gc             ] GC(977) Pause Cleanup 2517M->2517M(4096M) 0.106ms
[3889.231s][info][gc,cpu         ] GC(977) User=0.00s Sys=0.00s Real=0.00s
[3889.231s][info][gc,marking     ] GC(977) Concurrent Clear Claimed Marks
[3889.231s][info][gc,marking     ] GC(977) Concurrent Clear Claimed Marks 0.021ms
[3889.232s][info][gc,marking     ] GC(977) Concurrent Cleanup for Next Mark
[3889.236s][info][gc,marking     ] GC(977) Concurrent Cleanup for Next Mark 4.525ms
[3889.236s][info][gc             ] GC(977) Concurrent Mark Cycle 1282.138ms
.[3890.478s][info][gc,start       ] GC(978) Pause Young (Prepare Mixed) (G1 Evacuation Pause)
[3890.478s][info][gc,task        ] GC(978) Using 6 workers of 6 for evacuation
[3890.597s][info][gc,phases      ] GC(978)   Pre Evacuate Collection Set: 0.33ms
[3890.597s][info][gc,phases      ] GC(978)   Merge Heap Roots: 0.47ms
[3890.597s][info][gc,phases      ] GC(978)   Evacuate Collection Set: 116.32ms
[3890.597s][info][gc,phases      ] GC(978)   Post Evacuate Collection Set: 0.90ms
[3890.597s][info][gc,phases      ] GC(978)   Other: 0.09ms
[3890.597s][info][gc,heap        ] GC(978) Eden regions: 1115->0(1107)
[3890.597s][info][gc,heap        ] GC(978) Survivor regions: 113->110(154)
[3890.597s][info][gc,heap        ] GC(978) Old regions: 507->538
[3890.597s][info][gc,heap        ] GC(978) Humongous regions: 80->80
[3890.597s][info][gc,metaspace   ] GC(978) Metaspace: 28896K(29248K)->28896K(29248K) NonClass: 24028K(24192K)->24028K(24192K) Class: 4868K(5056K)->4868K(5056K)
[3890.597s][info][gc             ] GC(978) Pause Young (Prepare Mixed) (G1 Evacuation Pause) 3628M->1453M(4096M) 118.224ms
[3890.597s][info][gc,cpu         ] GC(978) User=0.70s Sys=0.00s Real=0.11s
...[3893.254s][info][gc,start       ] GC(979) Pause Young (Mixed) (G1 Evacuation Pause)
[3893.254s][info][gc,task        ] GC(979) Using 6 workers of 6 for evacuation
[3893.385s][info][gc,phases      ] GC(979)   Pre Evacuate Collection Set: 0.37ms
[3893.385s][info][gc,phases      ] GC(979)   Merge Heap Roots: 0.60ms
[3893.385s][info][gc,phases      ] GC(979)   Evacuate Collection Set: 128.74ms
[3893.385s][info][gc,phases      ] GC(979)   Post Evacuate Collection Set: 0.95ms
[3893.385s][info][gc,phases      ] GC(979)   Other: 0.08ms
[3893.385s][info][gc,heap        ] GC(979) Eden regions: 1107->0(1120)
[3893.385s][info][gc,heap        ] GC(979) Survivor regions: 110->108(153)
[3893.385s][info][gc,heap        ] GC(979) Old regions: 538->473
[3893.385s][info][gc,heap        ] GC(979) Humongous regions: 80->80
[3893.385s][info][gc,metaspace   ] GC(979) Metaspace: 28896K(29248K)->28896K(29248K) NonClass: 24028K(24192K)->24028K(24192K) Class: 4868K(5056K)->4868K(5056K)
[3893.385s][info][gc             ] GC(979) Pause Young (Mixed) (G1 Evacuation Pause) 3667M->1320M(4096M) 130.875ms
[3893.385s][info][gc,cpu         ] GC(979) User=0.77s Sys=0.01s Real=0.13s
..[3895.938s][info][gc,start       ] GC(980) Pause Young (Concurrent Start) (G1 Evacuation Pause)
[3895.938s][info][gc,task        ] GC(980) Using 6 workers of 6 for evacuation
[3896.055s][info][gc,phases      ] GC(980)   Pre Evacuate Collection Set: 0.39ms
[3896.055s][info][gc,phases      ] GC(980)   Merge Heap Roots: 0.44ms
[3896.055s][info][gc,phases      ] GC(980)   Evacuate Collection Set: 115.80ms
[3896.055s][info][gc,phases      ] GC(980)   Post Evacuate Collection Set: 0.89ms
[3896.055s][info][gc,phases      ] GC(980)   Other: 0.11ms
[3896.055s][info][gc,heap        ] GC(980) Eden regions: 1120->0(1118)
[3896.055s][info][gc,heap        ] GC(980) Survivor regions: 108->110(154)
[3896.055s][info][gc,heap        ] GC(980) Old regions: 473->505
[3896.055s][info][gc,heap        ] GC(980) Humongous regions: 80->80
[3896.055s][info][gc,metaspace   ] GC(980) Metaspace: 28896K(29248K)->28896K(29248K) NonClass: 24028K(24192K)->24028K(24192K) Class: 4868K(5056K)->4868K(5056K)
[3896.055s][info][gc             ] GC(980) Pause Young (Concurrent Start) (G1 Evacuation Pause) 3560M->1388M(4096M) 117.764ms
[3896.056s][info][gc             ] GC(981) Concurrent Mark Cycle
[3896.056s][info][gc,marking     ] GC(981) Concurrent Scan Root Regions
[3896.056s][info][gc,cpu         ] GC(980) User=0.69s Sys=0.00s Real=0.12s
.[3896.255s][info][gc,marking     ] GC(981) Concurrent Scan Root Regions 199.653ms
[3896.255s][info][gc,marking     ] GC(981) Concurrent Mark
[3896.255s][info][gc,marking     ] GC(981) Concurrent Mark From Roots
[3896.255s][info][gc,task        ] GC(981) Using 2 workers of 2 for marking
[3897.195s][info][gc,marking     ] GC(981) Concurrent Mark From Roots 940.118ms
[3897.195s][info][gc,marking     ] GC(981) Concurrent Preclean
[3897.196s][info][gc,marking     ] GC(981) Concurrent Preclean 0.107ms
[3897.197s][info][gc,start       ] GC(981) Pause Remark
[3897.201s][info][gc             ] GC(981) Pause Remark 2376M->2376M(4096M) 3.938ms
[3897.201s][info][gc,cpu         ] GC(981) User=0.02s Sys=0.00s Real=0.01s
[3897.202s][info][gc,marking     ] GC(981) Concurrent Mark 946.314ms
[3897.202s][info][gc,marking     ] GC(981) Concurrent Rebuild Remembered Sets and Scrub Regions
.[3897.592s][info][gc,marking     ] GC(981) Concurrent Rebuild Remembered Sets and Scrub Regions 390.571ms
[3897.592s][info][gc,start       ] GC(981) Pause Cleanup
[3897.592s][info][gc             ] GC(981) Pause Cleanup 2742M->2742M(4096M) 0.100ms
[3897.592s][info][gc,cpu         ] GC(981) User=0.00s Sys=0.00s Real=0.00s
[3897.592s][info][gc,marking     ] GC(981) Concurrent Clear Claimed Marks
[3897.593s][info][gc,marking     ] GC(981) Concurrent Clear Claimed Marks 0.024ms
[3897.593s][info][gc,marking     ] GC(981) Concurrent Cleanup for Next Mark
[3897.598s][info][gc,marking     ] GC(981) Concurrent Cleanup for Next Mark 5.180ms
[3897.598s][info][gc             ] GC(981) Concurrent Mark Cycle 1542.253ms
.[3898.748s][info][gc,start       ] GC(982) Pause Young (Prepare Mixed) (G1 Evacuation Pause)
[3898.748s][info][gc,task        ] GC(982) Using 6 workers of 6 for evacuation
[3898.865s][info][gc,phases      ] GC(982)   Pre Evacuate Collection Set: 0.35ms
[3898.865s][info][gc,phases      ] GC(982)   Merge Heap Roots: 0.54ms
[3898.865s][info][gc,phases      ] GC(982)   Evacuate Collection Set: 114.55ms
[3898.865s][info][gc,phases      ] GC(982)   Post Evacuate Collection Set: 0.96ms
[3898.865s][info][gc,phases      ] GC(982)   Other: 0.09ms
[3898.865s][info][gc,heap        ] GC(982) Eden regions: 1118->0(1110)
[3898.865s][info][gc,heap        ] GC(982) Survivor regions: 110->109(154)
[3898.865s][info][gc,heap        ] GC(982) Old regions: 505->537
[3898.865s][info][gc,heap        ] GC(982) Humongous regions: 80->80
[3898.865s][info][gc,metaspace   ] GC(982) Metaspace: 28896K(29248K)->28896K(29248K) NonClass: 24028K(24192K)->24028K(24192K) Class: 4868K(5056K)->4868K(5056K)
[3898.865s][info][gc             ] GC(982) Pause Young (Prepare Mixed) (G1 Evacuation Pause) 3624M->1450M(4096M) 116.624ms
[3898.865s][info][gc,cpu         ] GC(982) User=0.69s Sys=0.00s Real=0.11s
...[3901.409s][info][gc,start       ] GC(983) Pause Young (Mixed) (G1 Evacuation Pause)
[3901.409s][info][gc,task        ] GC(983) Using 6 workers of 6 for evacuation
[3901.541s][info][gc,phases      ] GC(983)   Pre Evacuate Collection Set: 0.38ms
[3901.541s][info][gc,phases      ] GC(983)   Merge Heap Roots: 0.68ms
[3901.541s][info][gc,phases      ] GC(983)   Evacuate Collection Set: 129.15ms
[3901.541s][info][gc,phases      ] GC(983)   Post Evacuate Collection Set: 0.95ms
[3901.541s][info][gc,phases      ] GC(983)   Other: 0.09ms
[3901.541s][info][gc,heap        ] GC(983) Eden regions: 1110->0(1118)
[3901.541s][info][gc,heap        ] GC(983) Survivor regions: 109->110(153)
[3901.541s][info][gc,heap        ] GC(983) Old regions: 537->473
[3901.541s][info][gc,heap        ] GC(983) Humongous regions: 80->80
[3901.541s][info][gc,metaspace   ] GC(983) Metaspace: 28896K(29248K)->28896K(29248K) NonClass: 24028K(24192K)->24028K(24192K) Class: 4868K(5056K)->4868K(5056K)
[3901.541s][info][gc             ] GC(983) Pause Young (Mixed) (G1 Evacuation Pause) 3670M->1323M(4096M) 131.378ms
[3901.541s][info][gc,cpu         ] GC(983) User=0.78s Sys=0.00s Real=0.13s
..[3904.209s][info][gc,start       ] GC(984) Pause Young (Concurrent Start) (G1 Evacuation Pause)
[3904.209s][info][gc,task        ] GC(984) Using 6 workers of 6 for evacuation
[3904.327s][info][gc,phases      ] GC(984)   Pre Evacuate Collection Set: 0.34ms
[3904.327s][info][gc,phases      ] GC(984)   Merge Heap Roots: 0.45ms
[3904.328s][info][gc,phases      ] GC(984)   Evacuate Collection Set: 116.45ms
[3904.328s][info][gc,phases      ] GC(984)   Post Evacuate Collection Set: 0.90ms
[3904.328s][info][gc,phases      ] GC(984)   Other: 0.11ms
[3904.328s][info][gc,heap        ] GC(984) Eden regions: 1118->0(1115)
[3904.328s][info][gc,heap        ] GC(984) Survivor regions: 110->113(154)
[3904.328s][info][gc,heap        ] GC(984) Old regions: 473->505
[3904.328s][info][gc,heap        ] GC(984) Humongous regions: 80->80
[3904.328s][info][gc,metaspace   ] GC(984) Metaspace: 28896K(29248K)->28896K(29248K) NonClass: 24028K(24192K)->24028K(24192K) Class: 4868K(5056K)->4868K(5056K)
[3904.328s][info][gc             ] GC(984) Pause Young (Concurrent Start) (G1 Evacuation Pause) 3559M->1393M(4096M) 118.370ms
[3904.328s][info][gc             ] GC(985) Concurrent Mark Cycle
[3904.328s][info][gc,marking     ] GC(985) Concurrent Scan Root Regions
[3904.328s][info][gc,cpu         ] GC(984) User=0.70s Sys=0.00s Real=0.11s
.[3904.523s][info][gc,marking     ] GC(985) Concurrent Scan Root Regions 195.244ms
[3904.523s][info][gc,marking     ] GC(985) Concurrent Mark
[3904.523s][info][gc,marking     ] GC(985) Concurrent Mark From Roots
[3904.523s][info][gc,task        ] GC(985) Using 2 workers of 2 for marking
.[3905.525s][info][gc,marking     ] GC(985) Concurrent Mark From Roots 1002.377ms
[3905.525s][info][gc,marking     ] GC(985) Concurrent Preclean
[3905.525s][info][gc,marking     ] GC(985) Concurrent Preclean 0.107ms
[3905.526s][info][gc,start       ] GC(985) Pause Remark
[3905.533s][info][gc             ] GC(985) Pause Remark 2467M->2467M(4096M) 6.407ms
[3905.533s][info][gc,cpu         ] GC(985) User=0.04s Sys=0.00s Real=0.01s
[3905.533s][info][gc,marking     ] GC(985) Concurrent Mark 1010.070ms
[3905.533s][info][gc,marking     ] GC(985) Concurrent Rebuild Remembered Sets and Scrub Regions
[3905.968s][info][gc,marking     ] GC(985) Concurrent Rebuild Remembered Sets and Scrub Regions 435.343ms
[3905.968s][info][gc,start       ] GC(985) Pause Cleanup
[3905.969s][info][gc             ] GC(985) Pause Cleanup 2868M->2868M(4096M) 0.102ms
[3905.969s][info][gc,cpu         ] GC(985) User=0.00s Sys=0.00s Real=0.00s
[3905.969s][info][gc,marking     ] GC(985) Concurrent Clear Claimed Marks
[3905.969s][info][gc,marking     ] GC(985) Concurrent Clear Claimed Marks 0.027ms
[3905.969s][info][gc,marking     ] GC(985) Concurrent Cleanup for Next Mark
[3905.973s][info][gc,marking     ] GC(985) Concurrent Cleanup for Next Mark 3.932ms
[3905.973s][info][gc             ] GC(985) Concurrent Mark Cycle 1645.037ms
.[3906.958s][info][gc,start       ] GC(986) Pause Young (Prepare Mixed) (G1 Evacuation Pause)
[3906.958s][info][gc,task        ] GC(986) Using 6 workers of 6 for evacuation
[3907.074s][info][gc,phases      ] GC(986)   Pre Evacuate Collection Set: 0.35ms
[3907.074s][info][gc,phases      ] GC(986)   Merge Heap Roots: 0.52ms
[3907.074s][info][gc,phases      ] GC(986)   Evacuate Collection Set: 114.78ms
[3907.074s][info][gc,phases      ] GC(986)   Post Evacuate Collection Set: 0.93ms
[3907.074s][info][gc,phases      ] GC(986)   Other: 0.10ms
[3907.074s][info][gc,heap        ] GC(986) Eden regions: 1115->0(1108)
[3907.074s][info][gc,heap        ] GC(986) Survivor regions: 113->110(154)
[3907.074s][info][gc,heap        ] GC(986) Old regions: 505->537
[3907.074s][info][gc,heap        ] GC(986) Humongous regions: 80->80
[3907.074s][info][gc,metaspace   ] GC(986) Metaspace: 28896K(29248K)->28896K(29248K) NonClass: 24028K(24192K)->24028K(24192K) Class: 4868K(5056K)->4868K(5056K)
[3907.074s][info][gc             ] GC(986) Pause Young (Prepare Mixed) (G1 Evacuation Pause) 3623M->1451M(4096M) 116.847ms
[3907.074s][info][gc,cpu         ] GC(986) User=0.69s Sys=0.00s Real=0.12s
...[3909.625s][info][gc,start       ] GC(987) Pause Young (Mixed) (G1 Evacuation Pause)
[3909.625s][info][gc,task        ] GC(987) Using 6 workers of 6 for evacuation
[3909.758s][info][gc,phases      ] GC(987)   Pre Evacuate Collection Set: 0.36ms
[3909.758s][info][gc,phases      ] GC(987)   Merge Heap Roots: 0.62ms
[3909.758s][info][gc,phases      ] GC(987)   Evacuate Collection Set: 131.31ms
[3909.758s][info][gc,phases      ] GC(987)   Post Evacuate Collection Set: 1.03ms
[3909.758s][info][gc,phases      ] GC(987)   Other: 0.09ms
[3909.758s][info][gc,heap        ] GC(987) Eden regions: 1108->0(1118)
[3909.758s][info][gc,heap        ] GC(987) Survivor regions: 110->110(153)
[3909.758s][info][gc,heap        ] GC(987) Old regions: 537->475
[3909.758s][info][gc,heap        ] GC(987) Humongous regions: 80->80
[3909.758s][info][gc,metaspace   ] GC(987) Metaspace: 28896K(29248K)->28896K(29248K) NonClass: 24028K(24192K)->24028K(24192K) Class: 4868K(5056K)->4868K(5056K)
[3909.758s][info][gc             ] GC(987) Pause Young (Mixed) (G1 Evacuation Pause) 3667M->1329M(4096M) 133.536ms
[3909.758s][info][gc,cpu         ] GC(987) User=0.79s Sys=0.00s Real=0.14s
...[3912.363s][info][gc,start       ] GC(988) Pause Young (Concurrent Start) (G1 Evacuation Pause)
[3912.363s][info][gc,task        ] GC(988) Using 6 workers of 6 for evacuation
[3912.478s][info][gc,phases      ] GC(988)   Pre Evacuate Collection Set: 0.36ms
[3912.478s][info][gc,phases      ] GC(988)   Merge Heap Roots: 0.43ms
[3912.478s][info][gc,phases      ] GC(988)   Evacuate Collection Set: 113.32ms
[3912.478s][info][gc,phases      ] GC(988)   Post Evacuate Collection Set: 0.88ms
[3912.478s][info][gc,phases      ] GC(988)   Other: 0.11ms
[3912.478s][info][gc,heap        ] GC(988) Eden regions: 1118->0(1120)
[3912.478s][info][gc,heap        ] GC(988) Survivor regions: 110->108(154)
[3912.478s][info][gc,heap        ] GC(988) Old regions: 475->508
[3912.478s][info][gc,heap        ] GC(988) Humongous regions: 80->80
[3912.478s][info][gc,metaspace   ] GC(988) Metaspace: 28896K(29248K)->28896K(29248K) NonClass: 24028K(24192K)->24028K(24192K) Class: 4868K(5056K)->4868K(5056K)
[3912.478s][info][gc             ] GC(988) Pause Young (Concurrent Start) (G1 Evacuation Pause) 3565M->1390M(4096M) 115.219ms
[3912.478s][info][gc             ] GC(989) Concurrent Mark Cycle
[3912.478s][info][gc,marking     ] GC(989) Concurrent Scan Root Regions
[3912.478s][info][gc,cpu         ] GC(988) User=0.68s Sys=0.00s Real=0.11s
[3912.664s][info][gc,marking     ] GC(989) Concurrent Scan Root Regions 186.542ms
[3912.665s][info][gc,marking     ] GC(989) Concurrent Mark
[3912.665s][info][gc,marking     ] GC(989) Concurrent Mark From Roots
[3912.665s][info][gc,task        ] GC(989) Using 2 workers of 2 for marking
.[3913.642s][info][gc,marking     ] GC(989) Concurrent Mark From Roots 977.529ms
[3913.642s][info][gc,marking     ] GC(989) Concurrent Preclean
[3913.642s][info][gc,marking     ] GC(989) Concurrent Preclean 0.120ms
[3913.643s][info][gc,start       ] GC(989) Pause Remark
[3913.649s][info][gc             ] GC(989) Pause Remark 2437M->2437M(4096M) 6.748ms
[3913.650s][info][gc,cpu         ] GC(989) User=0.03s Sys=0.00s Real=0.01s
[3913.651s][info][gc,marking     ] GC(989) Concurrent Mark 986.203ms
[3913.651s][info][gc,marking     ] GC(989) Concurrent Rebuild Remembered Sets and Scrub Regions
[3914.059s][info][gc,marking     ] GC(989) Concurrent Rebuild Remembered Sets and Scrub Regions 408.276ms
[3914.059s][info][gc,start       ] GC(989) Pause Cleanup
[3914.059s][info][gc             ] GC(989) Pause Cleanup 2788M->2788M(4096M) 0.115ms
[3914.059s][info][gc,cpu         ] GC(989) User=0.00s Sys=0.00s Real=0.00s
[3914.060s][info][gc,marking     ] GC(989) Concurrent Clear Claimed Marks
[3914.060s][info][gc,marking     ] GC(989) Concurrent Clear Claimed Marks 0.038ms
[3914.060s][info][gc,marking     ] GC(989) Concurrent Cleanup for Next Mark
[3914.068s][info][gc,marking     ] GC(989) Concurrent Cleanup for Next Mark 8.024ms
[3914.068s][info][gc             ] GC(989) Concurrent Mark Cycle 1590.575ms
.[3915.087s][info][gc,start       ] GC(990) Pause Young (Prepare Mixed) (G1 Evacuation Pause)
[3915.087s][info][gc,task        ] GC(990) Using 6 workers of 6 for evacuation
[3915.208s][info][gc,phases      ] GC(990)   Pre Evacuate Collection Set: 0.34ms
[3915.208s][info][gc,phases      ] GC(990)   Merge Heap Roots: 0.47ms
[3915.208s][info][gc,phases      ] GC(990)   Evacuate Collection Set: 118.66ms
[3915.208s][info][gc,phases      ] GC(990)   Post Evacuate Collection Set: 0.93ms
[3915.208s][info][gc,phases      ] GC(990)   Other: 0.09ms
[3915.208s][info][gc,heap        ] GC(990) Eden regions: 1120->0(1101)
[3915.208s][info][gc,heap        ] GC(990) Survivor regions: 108->112(154)
[3915.208s][info][gc,heap        ] GC(990) Old regions: 508->540
[3915.208s][info][gc,heap        ] GC(990) Humongous regions: 80->80
[3915.208s][info][gc,metaspace   ] GC(990) Metaspace: 28896K(29248K)->28896K(29248K) NonClass: 24028K(24192K)->24028K(24192K) Class: 4868K(5056K)->4868K(5056K)
[3915.208s][info][gc             ] GC(990) Pause Young (Prepare Mixed) (G1 Evacuation Pause) 3630M->1462M(4096M) 120.650ms
[3915.208s][info][gc,cpu         ] GC(990) User=0.72s Sys=0.00s Real=0.12s
...[3917.715s][info][gc,start       ] GC(991) Pause Young (Mixed) (G1 Evacuation Pause)
[3917.715s][info][gc,task        ] GC(991) Using 6 workers of 6 for evacuation
[3917.849s][info][gc,phases      ] GC(991)   Pre Evacuate Collection Set: 0.35ms
[3917.849s][info][gc,phases      ] GC(991)   Merge Heap Roots: 0.74ms
[3917.849s][info][gc,phases      ] GC(991)   Evacuate Collection Set: 131.60ms
[3917.849s][info][gc,phases      ] GC(991)   Post Evacuate Collection Set: 0.96ms
[3917.849s][info][gc,phases      ] GC(991)   Other: 0.09ms
[3917.849s][info][gc,heap        ] GC(991) Eden regions: 1101->0(1119)
[3917.849s][info][gc,heap        ] GC(991) Survivor regions: 112->109(152)
[3917.849s][info][gc,heap        ] GC(991) Old regions: 540->475
[3917.849s][info][gc,heap        ] GC(991) Humongous regions: 80->80
[3917.849s][info][gc,metaspace   ] GC(991) Metaspace: 28896K(29248K)->28896K(29248K) NonClass: 24028K(24192K)->24028K(24192K) Class: 4868K(5056K)->4868K(5056K)
[3917.849s][info][gc             ] GC(991) Pause Young (Mixed) (G1 Evacuation Pause) 3664M->1325M(4096M) 133.867ms
[3917.849s][info][gc,cpu         ] GC(991) User=0.79s Sys=0.00s Real=0.14s
...[3920.431s][info][gc,start       ] GC(992) Pause Young (Concurrent Start) (G1 Evacuation Pause)
[3920.431s][info][gc,task        ] GC(992) Using 6 workers of 6 for evacuation
[3920.550s][info][gc,phases      ] GC(992)   Pre Evacuate Collection Set: 0.38ms
[3920.550s][info][gc,phases      ] GC(992)   Merge Heap Roots: 0.45ms
[3920.550s][info][gc,phases      ] GC(992)   Evacuate Collection Set: 116.97ms
[3920.550s][info][gc,phases      ] GC(992)   Post Evacuate Collection Set: 0.90ms
[3920.550s][info][gc,phases      ] GC(992)   Other: 0.14ms
[3920.550s][info][gc,heap        ] GC(992) Eden regions: 1119->0(1116)
[3920.550s][info][gc,heap        ] GC(992) Survivor regions: 109->112(154)
[3920.550s][info][gc,heap        ] GC(992) Old regions: 475->507
[3920.550s][info][gc,heap        ] GC(992) Humongous regions: 80->80
[3920.550s][info][gc,metaspace   ] GC(992) Metaspace: 28896K(29248K)->28896K(29248K) NonClass: 24028K(24192K)->24028K(24192K) Class: 4868K(5056K)->4868K(5056K)
[3920.550s][info][gc             ] GC(992) Pause Young (Concurrent Start) (G1 Evacuation Pause) 3563M->1395M(4096M) 118.973ms
[3920.550s][info][gc             ] GC(993) Concurrent Mark Cycle
[3920.550s][info][gc,marking     ] GC(993) Concurrent Scan Root Regions
[3920.550s][info][gc,cpu         ] GC(992) User=0.71s Sys=0.00s Real=0.12s
[3920.740s][info][gc,marking     ] GC(993) Concurrent Scan Root Regions 190.068ms
[3920.740s][info][gc,marking     ] GC(993) Concurrent Mark
[3920.740s][info][gc,marking     ] GC(993) Concurrent Mark From Roots
[3920.740s][info][gc,task        ] GC(993) Using 2 workers of 2 for marking
.[3921.711s][info][gc,marking     ] GC(993) Concurrent Mark From Roots 970.345ms
[3921.711s][info][gc,marking     ] GC(993) Concurrent Preclean
[3921.711s][info][gc,marking     ] GC(993) Concurrent Preclean 0.108ms
[3921.713s][info][gc,start       ] GC(993) Pause Remark
[3921.718s][info][gc             ] GC(993) Pause Remark 2397M->2397M(4096M) 5.753ms
[3921.718s][info][gc,cpu         ] GC(993) User=0.04s Sys=0.00s Real=0.01s
[3921.719s][info][gc,marking     ] GC(993) Concurrent Mark 978.736ms
[3921.719s][info][gc,marking     ] GC(993) Concurrent Rebuild Remembered Sets and Scrub Regions
[3922.124s][info][gc,marking     ] GC(993) Concurrent Rebuild Remembered Sets and Scrub Regions 405.013ms
[3922.124s][info][gc,start       ] GC(993) Pause Cleanup
[3922.124s][info][gc             ] GC(993) Pause Cleanup 2734M->2734M(4096M) 0.112ms
[3922.124s][info][gc,cpu         ] GC(993) User=0.00s Sys=0.00s Real=0.00s
[3922.124s][info][gc,marking     ] GC(993) Concurrent Clear Claimed Marks
[3922.124s][info][gc,marking     ] GC(993) Concurrent Clear Claimed Marks 0.025ms
[3922.124s][info][gc,marking     ] GC(993) Concurrent Cleanup for Next Mark
[3922.129s][info][gc,marking     ] GC(993) Concurrent Cleanup for Next Mark 4.121ms
[3922.129s][info][gc             ] GC(993) Concurrent Mark Cycle 1578.493ms
.[3923.219s][info][gc,start       ] GC(994) Pause Young (Prepare Mixed) (G1 Evacuation Pause)
[3923.219s][info][gc,task        ] GC(994) Using 6 workers of 6 for evacuation
[3923.344s][info][gc,phases      ] GC(994)   Pre Evacuate Collection Set: 0.33ms
[3923.344s][info][gc,phases      ] GC(994)   Merge Heap Roots: 0.48ms
[3923.344s][info][gc,phases      ] GC(994)   Evacuate Collection Set: 122.27ms
[3923.344s][info][gc,phases      ] GC(994)   Post Evacuate Collection Set: 0.95ms
[3923.344s][info][gc,phases      ] GC(994)   Other: 0.08ms
[3923.344s][info][gc,heap        ] GC(994) Eden regions: 1116->0(1092)
[3923.344s][info][gc,heap        ] GC(994) Survivor regions: 112->117(154)
[3923.344s][info][gc,heap        ] GC(994) Old regions: 507->539
[3923.344s][info][gc,heap        ] GC(994) Humongous regions: 80->80
[3923.344s][info][gc,metaspace   ] GC(994) Metaspace: 28896K(29248K)->28896K(29248K) NonClass: 24028K(24192K)->24028K(24192K) Class: 4868K(5056K)->4868K(5056K)
[3923.344s][info][gc             ] GC(994) Pause Young (Prepare Mixed) (G1 Evacuation Pause) 3627M->1469M(4096M) 124.233ms
[3923.344s][info][gc,cpu         ] GC(994) User=0.74s Sys=0.00s Real=0.12s
...[3925.842s][info][gc,start       ] GC(995) Pause Young (Mixed) (G1 Evacuation Pause)
[3925.842s][info][gc,task        ] GC(995) Using 6 workers of 6 for evacuation
[3925.980s][info][gc,phases      ] GC(995)   Pre Evacuate Collection Set: 0.36ms
[3925.980s][info][gc,phases      ] GC(995)   Merge Heap Roots: 0.67ms
[3925.980s][info][gc,phases      ] GC(995)   Evacuate Collection Set: 135.17ms
[3925.980s][info][gc,phases      ] GC(995)   Post Evacuate Collection Set: 0.94ms
[3925.980s][info][gc,phases      ] GC(995)   Other: 0.08ms
[3925.980s][info][gc,heap        ] GC(995) Eden regions: 1092->0(1117)
[3925.980s][info][gc,heap        ] GC(995) Survivor regions: 117->111(152)
[3925.980s][info][gc,heap        ] GC(995) Old regions: 539->475
[3925.980s][info][gc,heap        ] GC(995) Humongous regions: 80->80
[3925.980s][info][gc,metaspace   ] GC(995) Metaspace: 28896K(29248K)->28896K(29248K) NonClass: 24028K(24192K)->24028K(24192K) Class: 4868K(5056K)->4868K(5056K)
[3925.980s][info][gc             ] GC(995) Pause Young (Mixed) (G1 Evacuation Pause) 3653M->1330M(4096M) 137.344ms
[3925.980s][info][gc,cpu         ] GC(995) User=0.81s Sys=0.00s Real=0.14s
...[3928.596s][info][gc,start       ] GC(996) Pause Young (Concurrent Start) (G1 Evacuation Pause)
[3928.596s][info][gc,task        ] GC(996) Using 6 workers of 6 for evacuation
[3928.715s][info][gc,phases      ] GC(996)   Pre Evacuate Collection Set: 0.36ms
[3928.715s][info][gc,phases      ] GC(996)   Merge Heap Roots: 0.43ms
[3928.715s][info][gc,phases      ] GC(996)   Evacuate Collection Set: 117.30ms
[3928.715s][info][gc,phases      ] GC(996)   Post Evacuate Collection Set: 0.95ms
[3928.715s][info][gc,phases      ] GC(996)   Other: 0.11ms
[3928.715s][info][gc,heap        ] GC(996) Eden regions: 1117->0(1117)
[3928.715s][info][gc,heap        ] GC(996) Survivor regions: 111->111(154)
[3928.715s][info][gc,heap        ] GC(996) Old regions: 475->507
[3928.715s][info][gc,heap        ] GC(996) Humongous regions: 80->80
[3928.715s][info][gc,metaspace   ] GC(996) Metaspace: 28896K(29248K)->28896K(29248K) NonClass: 24028K(24192K)->24028K(24192K) Class: 4868K(5056K)->4868K(5056K)
[3928.715s][info][gc             ] GC(996) Pause Young (Concurrent Start) (G1 Evacuation Pause) 3564M->1395M(4096M) 119.292ms
[3928.715s][info][gc             ] GC(997) Concurrent Mark Cycle
[3928.715s][info][gc,marking     ] GC(997) Concurrent Scan Root Regions
[3928.715s][info][gc,cpu         ] GC(996) User=0.71s Sys=0.00s Real=0.12s
[3928.906s][info][gc,marking     ] GC(997) Concurrent Scan Root Regions 191.173ms
[3928.906s][info][gc,marking     ] GC(997) Concurrent Mark
[3928.906s][info][gc,marking     ] GC(997) Concurrent Mark From Roots
[3928.906s][info][gc,task        ] GC(997) Using 2 workers of 2 for marking
.[3929.672s][info][gc,marking     ] GC(997) Concurrent Mark From Roots 765.355ms
[3929.672s][info][gc,marking     ] GC(997) Concurrent Preclean
[3929.672s][info][gc,marking     ] GC(997) Concurrent Preclean 0.083ms
[3929.673s][info][gc,start       ] GC(997) Pause Remark
[3929.678s][info][gc             ] GC(997) Pause Remark 2239M->2239M(4096M) 5.653ms
[3929.678s][info][gc,cpu         ] GC(997) User=0.03s Sys=0.00s Real=0.01s
[3929.678s][info][gc,marking     ] GC(997) Concurrent Mark 772.226ms
[3929.678s][info][gc,marking     ] GC(997) Concurrent Rebuild Remembered Sets and Scrub Regions
[3929.981s][info][gc,marking     ] GC(997) Concurrent Rebuild Remembered Sets and Scrub Regions 302.287ms
[3929.981s][info][gc,start       ] GC(997) Pause Cleanup
[3929.981s][info][gc             ] GC(997) Pause Cleanup 2492M->2492M(4096M) 0.099ms
[3929.981s][info][gc,cpu         ] GC(997) User=0.00s Sys=0.00s Real=0.00s
[3929.982s][info][gc,marking     ] GC(997) Concurrent Clear Claimed Marks
[3929.982s][info][gc,marking     ] GC(997) Concurrent Clear Claimed Marks 0.055ms
[3929.982s][info][gc,marking     ] GC(997) Concurrent Cleanup for Next Mark
[3929.998s][info][gc,marking     ] GC(997) Concurrent Cleanup for Next Mark 15.683ms
[3929.998s][info][gc             ] GC(997) Concurrent Mark Cycle 1283.224ms
.[3931.306s][info][gc,start       ] GC(998) Pause Young (Prepare Mixed) (G1 Evacuation Pause)
[3931.306s][info][gc,task        ] GC(998) Using 6 workers of 6 for evacuation
[3931.421s][info][gc,phases      ] GC(998)   Pre Evacuate Collection Set: 0.36ms
[3931.421s][info][gc,phases      ] GC(998)   Merge Heap Roots: 0.48ms
[3931.421s][info][gc,phases      ] GC(998)   Evacuate Collection Set: 112.84ms
[3931.421s][info][gc,phases      ] GC(998)   Post Evacuate Collection Set: 0.94ms
[3931.421s][info][gc,phases      ] GC(998)   Other: 0.09ms
[3931.421s][info][gc,heap        ] GC(998) Eden regions: 1117->0(1109)
[3931.421s][info][gc,heap        ] GC(998) Survivor regions: 111->109(154)
[3931.421s][info][gc,heap        ] GC(998) Old regions: 507->538
[3931.421s][info][gc,heap        ] GC(998) Humongous regions: 80->80
[3931.421s][info][gc,metaspace   ] GC(998) Metaspace: 28896K(29248K)->28896K(29248K) NonClass: 24028K(24192K)->24028K(24192K) Class: 4868K(5056K)->4868K(5056K)
[3931.421s][info][gc             ] GC(998) Pause Young (Prepare Mixed) (G1 Evacuation Pause) 3629M->1452M(4096M) 114.857ms
[3931.421s][info][gc,cpu         ] GC(998) User=0.68s Sys=0.00s Real=0.12s
...[3934.024s][info][gc,start       ] GC(999) Pause Young (Mixed) (G1 Evacuation Pause)
[3934.024s][info][gc,task        ] GC(999) Using 6 workers of 6 for evacuation
[3934.161s][info][gc,phases      ] GC(999)   Pre Evacuate Collection Set: 0.36ms
[3934.161s][info][gc,phases      ] GC(999)   Merge Heap Roots: 0.68ms
[3934.161s][info][gc,phases      ] GC(999)   Evacuate Collection Set: 134.84ms
[3934.161s][info][gc,phases      ] GC(999)   Post Evacuate Collection Set: 0.93ms
[3934.161s][info][gc,phases      ] GC(999)   Other: 0.09ms
[3934.161s][info][gc,heap        ] GC(999) Eden regions: 1109->0(1116)
[3934.161s][info][gc,heap        ] GC(999) Survivor regions: 109->112(153)
[3934.161s][info][gc,heap        ] GC(999) Old regions: 538->474
[3934.161s][info][gc,heap        ] GC(999) Humongous regions: 80->80
[3934.161s][info][gc,metaspace   ] GC(999) Metaspace: 28896K(29248K)->28896K(29248K) NonClass: 24028K(24192K)->24028K(24192K) Class: 4868K(5056K)->4868K(5056K)
[3934.161s][info][gc             ] GC(999) Pause Young (Mixed) (G1 Evacuation Pause) 3670M->1330M(4096M) 137.050ms
[3934.161s][info][gc,cpu         ] GC(999) User=0.81s Sys=0.01s Real=0.14s
... (rIR:aIR:PR = 6918:6915:6915) (tPR = 103143) [OK] 
  3936s: Performance info:
         Transaction,    Success,    Partial,     Failed,   Receipts, AvgBarcode, 
             Overall,     419060,          0,          0,     398048,      59.48, 
         Response times:
             Request,    Success,    Partial,     Failed,   SkipFail,     Probes,    Samples,      min,      p50,      p90,      p95,      p99,      max, 
       TotalPurchase,     398049,          0,          0,          0,     361223,     419099,      300,     5900,    38000,    69000,   128000,   376000,
     InStorePurchase,     209240,          0,          0,          0,     190658,     220825,      300,     6100,    39000,    70000,   129000,   376000,
      OnlinePurchase,     146812,          0,          0,          0,     132266,     153569,      300,     5700,    37000,    67000,   127000,   376000,
        InstPurchase,      41997,          0,          0,          0,      38299,      44705,      400,     5700,    36000,    66700,   127000,   292000,
          AssocOfCat,        422,          0,          0,          0,        333,        475,    19900,    39000,    93400,   123200,   189680,   232000,
      AssocOfProduct,       4195,          0,          0,          0,       3929,       4810,      700,     6800,    44000,    78000,   130000,   280000,
      BusinessReport,       1050,          0,          0,          0,        927,       1173,    27000,    44000,   100000,   136000,   196000,   279000,
          CustBuyBeh,       4203,          0,          0,          0,       3906,       4759,      400,     6700,    44000,    77000,   130000,   223000,
       ProductReturn,      11144,          0,          0,          0,       9368,      11133,      300,     5900,    38000,    68000,   127660,   292000,

  3936s: (51%)   IR =   7057 [3936.780s][info][gc,start       ] GC(1000) Pause Young (Concurrent Start) (G1 Evacuation Pause)
[3936.780s][info][gc,task        ] GC(1000) Using 6 workers of 6 for evacuation
[3936.896s][info][gc,phases      ] GC(1000)   Pre Evacuate Collection Set: 0.38ms
[3936.896s][info][gc,phases      ] GC(1000)   Merge Heap Roots: 0.45ms
[3936.896s][info][gc,phases      ] GC(1000)   Evacuate Collection Set: 114.38ms
[3936.896s][info][gc,phases      ] GC(1000)   Post Evacuate Collection Set: 0.90ms
[3936.896s][info][gc,phases      ] GC(1000)   Other: 0.11ms
[3936.896s][info][gc,heap        ] GC(1000) Eden regions: 1116->0(1119)
[3936.896s][info][gc,heap        ] GC(1000) Survivor regions: 112->109(154)
[3936.896s][info][gc,heap        ] GC(1000) Old regions: 474->506
[3936.896s][info][gc,heap        ] GC(1000) Humongous regions: 80->80
[3936.896s][info][gc,metaspace   ] GC(1000) Metaspace: 28896K(29248K)->28896K(29248K) NonClass: 24028K(24192K)->24028K(24192K) Class: 4868K(5056K)->4868K(5056K)
[3936.896s][info][gc             ] GC(1000) Pause Young (Concurrent Start) (G1 Evacuation Pause) 3562M->1388M(4096M) 116.350ms
[3936.896s][info][gc             ] GC(1001) Concurrent Mark Cycle
[3936.896s][info][gc,marking     ] GC(1001) Concurrent Scan Root Regions
[3936.896s][info][gc,cpu         ] GC(1000) User=0.69s Sys=0.00s Real=0.11s
[3937.098s][info][gc,marking     ] GC(1001) Concurrent Scan Root Regions 202.062ms
[3937.098s][info][gc,marking     ] GC(1001) Concurrent Mark
[3937.098s][info][gc,marking     ] GC(1001) Concurrent Mark From Roots
[3937.098s][info][gc,task        ] GC(1001) Using 2 workers of 2 for marking
.[3938.089s][info][gc,marking     ] GC(1001) Concurrent Mark From Roots 990.825ms
[3938.089s][info][gc,marking     ] GC(1001) Concurrent Preclean
[3938.089s][info][gc,marking     ] GC(1001) Concurrent Preclean 0.158ms
[3938.089s][info][gc,start       ] GC(1001) Pause Remark
[3938.094s][info][gc             ] GC(1001) Pause Remark 2454M->2454M(4096M) 4.976ms
[3938.094s][info][gc,cpu         ] GC(1001) User=0.03s Sys=0.00s Real=0.00s
[3938.096s][info][gc,marking     ] GC(1001) Concurrent Mark 997.575ms
[3938.096s][info][gc,marking     ] GC(1001) Concurrent Rebuild Remembered Sets and Scrub Regions
[3938.431s][info][gc,marking     ] GC(1001) Concurrent Rebuild Remembered Sets and Scrub Regions 335.404ms
[3938.431s][info][gc,start       ] GC(1001) Pause Cleanup
[3938.431s][info][gc             ] GC(1001) Pause Cleanup 2795M->2795M(4096M) 0.104ms
[3938.431s][info][gc,cpu         ] GC(1001) User=0.00s Sys=0.00s Real=0.00s
[3938.431s][info][gc,marking     ] GC(1001) Concurrent Clear Claimed Marks
[3938.431s][info][gc,marking     ] GC(1001) Concurrent Clear Claimed Marks 0.025ms
[3938.431s][info][gc,marking     ] GC(1001) Concurrent Cleanup for Next Mark
[3938.436s][info][gc,marking     ] GC(1001) Concurrent Cleanup for Next Mark 4.661ms
[3938.436s][info][gc             ] GC(1001) Concurrent Mark Cycle 1540.200ms
.[3939.441s][info][gc,start       ] GC(1002) Pause Young (Prepare Mixed) (G1 Evacuation Pause)
[3939.441s][info][gc,task        ] GC(1002) Using 6 workers of 6 for evacuation
[3939.556s][info][gc,phases      ] GC(1002)   Pre Evacuate Collection Set: 0.33ms
[3939.556s][info][gc,phases      ] GC(1002)   Merge Heap Roots: 0.48ms
[3939.556s][info][gc,phases      ] GC(1002)   Evacuate Collection Set: 112.52ms
[3939.556s][info][gc,phases      ] GC(1002)   Post Evacuate Collection Set: 0.95ms
[3939.556s][info][gc,phases      ] GC(1002)   Other: 0.08ms
[3939.556s][info][gc,heap        ] GC(1002) Eden regions: 1119->0(1110)
[3939.556s][info][gc,heap        ] GC(1002) Survivor regions: 109->109(154)
[3939.556s][info][gc,heap        ] GC(1002) Old regions: 506->537
[3939.556s][info][gc,heap        ] GC(1002) Humongous regions: 80->80
[3939.556s][info][gc,metaspace   ] GC(1002) Metaspace: 28896K(29248K)->28896K(29248K) NonClass: 24028K(24192K)->24028K(24192K) Class: 4868K(5056K)->4868K(5056K)
[3939.556s][info][gc             ] GC(1002) Pause Young (Prepare Mixed) (G1 Evacuation Pause) 3626M->1450M(4096M) 114.497ms
[3939.556s][info][gc,cpu         ] GC(1002) User=0.68s Sys=0.00s Real=0.11s
...|[3942.160s][info][gc,start       ] GC(1003) Pause Young (Mixed) (G1 Evacuation Pause)
[3942.160s][info][gc,task        ] GC(1003) Using 6 workers of 6 for evacuation
[3942.294s][info][gc,phases      ] GC(1003)   Pre Evacuate Collection Set: 0.37ms
[3942.294s][info][gc,phases      ] GC(1003)   Merge Heap Roots: 0.66ms
[3942.294s][info][gc,phases      ] GC(1003)   Evacuate Collection Set: 132.23ms
[3942.294s][info][gc,phases      ] GC(1003)   Post Evacuate Collection Set: 0.96ms
[3942.294s][info][gc,phases      ] GC(1003)   Other: 0.09ms
[3942.294s][info][gc,heap        ] GC(1003) Eden regions: 1110->0(1117)
[3942.294s][info][gc,heap        ] GC(1003) Survivor regions: 109->111(153)
[3942.294s][info][gc,heap        ] GC(1003) Old regions: 537->474
[3942.294s][info][gc,heap        ] GC(1003) Humongous regions: 80->80
[3942.294s][info][gc,metaspace   ] GC(1003) Metaspace: 28896K(29248K)->28896K(29248K) NonClass: 24028K(24192K)->24028K(24192K) Class: 4868K(5056K)->4868K(5056K)
[3942.294s][info][gc             ] GC(1003) Pause Young (Mixed) (G1 Evacuation Pause) 3670M->1327M(4096M) 134.441ms
[3942.294s][info][gc,cpu         ] GC(1003) User=0.79s Sys=0.00s Real=0.13s
...[3944.840s][info][gc,start       ] GC(1004) Pause Young (Concurrent Start) (G1 Evacuation Pause)
[3944.840s][info][gc,task        ] GC(1004) Using 6 workers of 6 for evacuation
[3944.963s][info][gc,phases      ] GC(1004)   Pre Evacuate Collection Set: 0.38ms
[3944.963s][info][gc,phases      ] GC(1004)   Merge Heap Roots: 0.43ms
[3944.963s][info][gc,phases      ] GC(1004)   Evacuate Collection Set: 120.66ms
[3944.963s][info][gc,phases      ] GC(1004)   Post Evacuate Collection Set: 0.89ms
[3944.963s][info][gc,phases      ] GC(1004)   Other: 0.11ms
[3944.963s][info][gc,heap        ] GC(1004) Eden regions: 1117->0(1114)
[3944.963s][info][gc,heap        ] GC(1004) Survivor regions: 111->114(154)
[3944.963s][info][gc,heap        ] GC(1004) Old regions: 474->505
[3944.963s][info][gc,heap        ] GC(1004) Humongous regions: 80->80
[3944.963s][info][gc,metaspace   ] GC(1004) Metaspace: 28896K(29248K)->28896K(29248K) NonClass: 24028K(24192K)->24028K(24192K) Class: 4868K(5056K)->4868K(5056K)
[3944.963s][info][gc             ] GC(1004) Pause Young (Concurrent Start) (G1 Evacuation Pause) 3561M->1396M(4096M) 122.612ms
[3944.963s][info][gc             ] GC(1005) Concurrent Mark Cycle
[3944.963s][info][gc,marking     ] GC(1005) Concurrent Scan Root Regions
[3944.963s][info][gc,cpu         ] GC(1004) User=0.73s Sys=0.00s Real=0.12s
[3945.165s][info][gc,marking     ] GC(1005) Concurrent Scan Root Regions 202.376ms
[3945.165s][info][gc,marking     ] GC(1005) Concurrent Mark
[3945.165s][info][gc,marking     ] GC(1005) Concurrent Mark From Roots
[3945.165s][info][gc,task        ] GC(1005) Using 2 workers of 2 for marking
.[3946.005s][info][gc,marking     ] GC(1005) Concurrent Mark From Roots 839.680ms
[3946.005s][info][gc,marking     ] GC(1005) Concurrent Preclean
[3946.005s][info][gc,marking     ] GC(1005) Concurrent Preclean 0.091ms
[3946.006s][info][gc,start       ] GC(1005) Pause Remark
[3946.010s][info][gc             ] GC(1005) Pause Remark 2306M->2306M(4096M) 3.733ms
[3946.010s][info][gc,cpu         ] GC(1005) User=0.02s Sys=0.00s Real=0.01s
[3946.010s][info][gc,marking     ] GC(1005) Concurrent Mark 844.911ms
[3946.010s][info][gc,marking     ] GC(1005) Concurrent Rebuild Remembered Sets and Scrub Regions
[3946.278s][info][gc,marking     ] GC(1005) Concurrent Rebuild Remembered Sets and Scrub Regions 267.996ms
[3946.279s][info][gc,start       ] GC(1005) Pause Cleanup
[3946.279s][info][gc             ] GC(1005) Pause Cleanup 2572M->2572M(4096M) 0.123ms
[3946.279s][info][gc,cpu         ] GC(1005) User=0.00s Sys=0.00s Real=0.00s
[3946.279s][info][gc,marking     ] GC(1005) Concurrent Clear Claimed Marks
[3946.279s][info][gc,marking     ] GC(1005) Concurrent Clear Claimed Marks 0.024ms
[3946.279s][info][gc,marking     ] GC(1005) Concurrent Cleanup for Next Mark
[3946.284s][info][gc,marking     ] GC(1005) Concurrent Cleanup for Next Mark 5.319ms
[3946.284s][info][gc             ] GC(1005) Concurrent Mark Cycle 1321.164ms
.[3947.417s][info][gc,start       ] GC(1006) Pause Young (Prepare Mixed) (G1 Evacuation Pause)
[3947.417s][info][gc,task        ] GC(1006) Using 6 workers of 6 for evacuation
[3947.536s][info][gc,phases      ] GC(1006)   Pre Evacuate Collection Set: 0.35ms
[3947.536s][info][gc,phases      ] GC(1006)   Merge Heap Roots: 0.49ms
[3947.536s][info][gc,phases      ] GC(1006)   Evacuate Collection Set: 116.42ms
[3947.536s][info][gc,phases      ] GC(1006)   Post Evacuate Collection Set: 0.90ms
[3947.536s][info][gc,phases      ] GC(1006)   Other: 0.09ms
[3947.536s][info][gc,heap        ] GC(1006) Eden regions: 1114->0(1110)
[3947.536s][info][gc,heap        ] GC(1006) Survivor regions: 114->109(154)
[3947.536s][info][gc,heap        ] GC(1006) Old regions: 505->537
[3947.536s][info][gc,heap        ] GC(1006) Humongous regions: 80->80
[3947.536s][info][gc,metaspace   ] GC(1006) Metaspace: 28896K(29248K)->28896K(29248K) NonClass: 24028K(24192K)->24028K(24192K) Class: 4868K(5056K)->4868K(5056K)
[3947.536s][info][gc             ] GC(1006) Pause Young (Prepare Mixed) (G1 Evacuation Pause) 3624M->1450M(4096M) 118.383ms
[3947.536s][info][gc,cpu         ] GC(1006) User=0.70s Sys=0.00s Real=0.12s
...[3950.137s][info][gc,start       ] GC(1007) Pause Young (Mixed) (G1 Evacuation Pause)
[3950.137s][info][gc,task        ] GC(1007) Using 6 workers of 6 for evacuation
[3950.270s][info][gc,phases      ] GC(1007)   Pre Evacuate Collection Set: 0.38ms
[3950.270s][info][gc,phases      ] GC(1007)   Merge Heap Roots: 0.60ms
[3950.270s][info][gc,phases      ] GC(1007)   Evacuate Collection Set: 130.17ms
[3950.270s][info][gc,phases      ] GC(1007)   Post Evacuate Collection Set: 0.93ms
[3950.270s][info][gc,phases      ] GC(1007)   Other: 0.09ms
[3950.270s][info][gc,heap        ] GC(1007) Eden regions: 1110->0(1118)
[3950.270s][info][gc,heap        ] GC(1007) Survivor regions: 109->110(153)
[3950.270s][info][gc,heap        ] GC(1007) Old regions: 537->474
[3950.270s][info][gc,heap        ] GC(1007) Humongous regions: 80->80
[3950.270s][info][gc,metaspace   ] GC(1007) Metaspace: 28896K(29248K)->28896K(29248K) NonClass: 24028K(24192K)->24028K(24192K) Class: 4868K(5056K)->4868K(5056K)
[3950.270s][info][gc             ] GC(1007) Pause Young (Mixed) (G1 Evacuation Pause) 3670M->1326M(4096M) 132.329ms
[3950.270s][info][gc,cpu         ] GC(1007) User=0.78s Sys=0.00s Real=0.14s
...[3952.816s][info][gc,start       ] GC(1008) Pause Young (Concurrent Start) (G1 Evacuation Pause)
[3952.816s][info][gc,task        ] GC(1008) Using 6 workers of 6 for evacuation
[3952.936s][info][gc,phases      ] GC(1008)   Pre Evacuate Collection Set: 0.39ms
[3952.936s][info][gc,phases      ] GC(1008)   Merge Heap Roots: 0.43ms
[3952.936s][info][gc,phases      ] GC(1008)   Evacuate Collection Set: 117.56ms
[3952.936s][info][gc,phases      ] GC(1008)   Post Evacuate Collection Set: 0.90ms
[3952.936s][info][gc,phases      ] GC(1008)   Other: 0.11ms
[3952.936s][info][gc,heap        ] GC(1008) Eden regions: 1118->0(1115)
[3952.936s][info][gc,heap        ] GC(1008) Survivor regions: 110->113(154)
[3952.936s][info][gc,heap        ] GC(1008) Old regions: 474->505
[3952.936s][info][gc,heap        ] GC(1008) Humongous regions: 80->80
[3952.936s][info][gc,metaspace   ] GC(1008) Metaspace: 28896K(29248K)->28896K(29248K) NonClass: 24028K(24192K)->24028K(24192K) Class: 4868K(5056K)->4868K(5056K)
[3952.936s][info][gc             ] GC(1008) Pause Young (Concurrent Start) (G1 Evacuation Pause) 3562M->1394M(4096M) 119.502ms
[3952.936s][info][gc             ] GC(1009) Concurrent Mark Cycle
[3952.936s][info][gc,marking     ] GC(1009) Concurrent Scan Root Regions
[3952.936s][info][gc,cpu         ] GC(1008) User=0.71s Sys=0.00s Real=0.12s
[3953.101s][info][gc,marking     ] GC(1009) Concurrent Scan Root Regions 165.008ms
[3953.101s][info][gc,marking     ] GC(1009) Concurrent Mark
[3953.101s][info][gc,marking     ] GC(1009) Concurrent Mark From Roots
[3953.101s][info][gc,task        ] GC(1009) Using 2 workers of 2 for marking
.[3953.875s][info][gc,marking     ] GC(1009) Concurrent Mark From Roots 773.965ms
[3953.875s][info][gc,marking     ] GC(1009) Concurrent Preclean
[3953.875s][info][gc,marking     ] GC(1009) Concurrent Preclean 0.090ms
[3953.877s][info][gc,start       ] GC(1009) Pause Remark
[3953.881s][info][gc             ] GC(1009) Pause Remark 2186M->2186M(4096M) 4.646ms
[3953.881s][info][gc,cpu         ] GC(1009) User=0.02s Sys=0.00s Real=0.01s
[3953.881s][info][gc,marking     ] GC(1009) Concurrent Mark 780.496ms
[3953.881s][info][gc,marking     ] GC(1009) Concurrent Rebuild Remembered Sets and Scrub Regions
[3954.152s][info][gc,marking     ] GC(1009) Concurrent Rebuild Remembered Sets and Scrub Regions 270.580ms
[3954.152s][info][gc,start       ] GC(1009) Pause Cleanup
[3954.152s][info][gc             ] GC(1009) Pause Cleanup 2458M->2458M(4096M) 0.102ms
[3954.152s][info][gc,cpu         ] GC(1009) User=0.00s Sys=0.00s Real=0.00s
[3954.152s][info][gc,marking     ] GC(1009) Concurrent Clear Claimed Marks
[3954.152s][info][gc,marking     ] GC(1009) Concurrent Clear Claimed Marks 0.020ms
[3954.152s][info][gc,marking     ] GC(1009) Concurrent Cleanup for Next Mark
[3954.155s][info][gc,marking     ] GC(1009) Concurrent Cleanup for Next Mark 3.252ms
[3954.156s][info][gc             ] GC(1009) Concurrent Mark Cycle 1219.759ms
.[3955.470s][info][gc,start       ] GC(1010) Pause Young (Prepare Mixed) (G1 Evacuation Pause)
[3955.470s][info][gc,task        ] GC(1010) Using 6 workers of 6 for evacuation
[3955.587s][info][gc,phases      ] GC(1010)   Pre Evacuate Collection Set: 0.35ms
[3955.587s][info][gc,phases      ] GC(1010)   Merge Heap Roots: 0.45ms
[3955.587s][info][gc,phases      ] GC(1010)   Evacuate Collection Set: 115.26ms
[3955.587s][info][gc,phases      ] GC(1010)   Post Evacuate Collection Set: 0.93ms
[3955.587s][info][gc,phases      ] GC(1010)   Other: 0.09ms
[3955.587s][info][gc,heap        ] GC(1010) Eden regions: 1115->0(1107)
[3955.587s][info][gc,heap        ] GC(1010) Survivor regions: 113->110(154)
[3955.587s][info][gc,heap        ] GC(1010) Old regions: 505->538
[3955.587s][info][gc,heap        ] GC(1010) Humongous regions: 80->80
[3955.587s][info][gc,metaspace   ] GC(1010) Metaspace: 28896K(29248K)->28896K(29248K) NonClass: 24028K(24192K)->24028K(24192K) Class: 4868K(5056K)->4868K(5056K)
[3955.587s][info][gc             ] GC(1010) Pause Young (Prepare Mixed) (G1 Evacuation Pause) 3624M->1454M(4096M) 117.211ms
[3955.587s][info][gc,cpu         ] GC(1010) User=0.70s Sys=0.00s Real=0.11s
...[3958.123s][info][gc,start       ] GC(1011) Pause Young (Mixed) (G1 Evacuation Pause)
[3958.123s][info][gc,task        ] GC(1011) Using 6 workers of 6 for evacuation
[3958.260s][info][gc,phases      ] GC(1011)   Pre Evacuate Collection Set: 0.37ms
[3958.260s][info][gc,phases      ] GC(1011)   Merge Heap Roots: 0.62ms
[3958.260s][info][gc,phases      ] GC(1011)   Evacuate Collection Set: 135.09ms
[3958.260s][info][gc,phases      ] GC(1011)   Post Evacuate Collection Set: 0.98ms
[3958.260s][info][gc,phases      ] GC(1011)   Other: 0.09ms
[3958.260s][info][gc,heap        ] GC(1011) Eden regions: 1107->0(1113)
[3958.260s][info][gc,heap        ] GC(1011) Survivor regions: 110->115(153)
[3958.260s][info][gc,heap        ] GC(1011) Old regions: 538->475
[3958.260s][info][gc,heap        ] GC(1011) Humongous regions: 80->80
[3958.260s][info][gc,metaspace   ] GC(1011) Metaspace: 28896K(29248K)->28896K(29248K) NonClass: 24028K(24192K)->24028K(24192K) Class: 4868K(5056K)->4868K(5056K)
[3958.260s][info][gc             ] GC(1011) Pause Young (Mixed) (G1 Evacuation Pause) 3668M->1337M(4096M) 137.295ms
[3958.260s][info][gc,cpu         ] GC(1011) User=0.81s Sys=0.00s Real=0.14s
...[3960.825s][info][gc,start       ] GC(1012) Pause Young (Concurrent Start) (G1 Evacuation Pause)
[3960.825s][info][gc,task        ] GC(1012) Using 6 workers of 6 for evacuation
[3960.941s][info][gc,phases      ] GC(1012)   Pre Evacuate Collection Set: 0.41ms
[3960.941s][info][gc,phases      ] GC(1012)   Merge Heap Roots: 0.47ms
[3960.941s][info][gc,phases      ] GC(1012)   Evacuate Collection Set: 113.52ms
[3960.941s][info][gc,phases      ] GC(1012)   Post Evacuate Collection Set: 0.88ms
[3960.941s][info][gc,phases      ] GC(1012)   Other: 0.13ms
[3960.941s][info][gc,heap        ] GC(1012) Eden regions: 1113->0(1119)
[3960.941s][info][gc,heap        ] GC(1012) Survivor regions: 115->109(154)
[3960.941s][info][gc,heap        ] GC(1012) Old regions: 475->506
[3960.941s][info][gc,heap        ] GC(1012) Humongous regions: 80->80
[3960.941s][info][gc,metaspace   ] GC(1012) Metaspace: 28896K(29248K)->28896K(29248K) NonClass: 24028K(24192K)->24028K(24192K) Class: 4868K(5056K)->4868K(5056K)
[3960.941s][info][gc             ] GC(1012) Pause Young (Concurrent Start) (G1 Evacuation Pause) 3563M->1389M(4096M) 115.541ms
[3960.941s][info][gc             ] GC(1013) Concurrent Mark Cycle
[3960.941s][info][gc,marking     ] GC(1013) Concurrent Scan Root Regions
[3960.941s][info][gc,cpu         ] GC(1012) User=0.68s Sys=0.00s Real=0.12s
[3961.085s][info][gc,marking     ] GC(1013) Concurrent Scan Root Regions 144.610ms
[3961.085s][info][gc,marking     ] GC(1013) Concurrent Mark
[3961.085s][info][gc,marking     ] GC(1013) Concurrent Mark From Roots
[3961.085s][info][gc,task        ] GC(1013) Using 2 workers of 2 for marking
.[3961.958s][info][gc,marking     ] GC(1013) Concurrent Mark From Roots 872.657ms
[3961.958s][info][gc,marking     ] GC(1013) Concurrent Preclean
[3961.958s][info][gc,marking     ] GC(1013) Concurrent Preclean 0.091ms
[3961.960s][info][gc,start       ] GC(1013) Pause Remark
[3961.966s][info][gc             ] GC(1013) Pause Remark 2283M->2283M(4096M) 5.983ms
[3961.966s][info][gc,cpu         ] GC(1013) User=0.03s Sys=0.00s Real=0.00s
[3961.967s][info][gc,marking     ] GC(1013) Concurrent Mark 881.377ms
[3961.967s][info][gc,marking     ] GC(1013) Concurrent Rebuild Remembered Sets and Scrub Regions
[3962.327s][info][gc,marking     ] GC(1013) Concurrent Rebuild Remembered Sets and Scrub Regions 359.879ms
[3962.327s][info][gc,start       ] GC(1013) Pause Cleanup
[3962.327s][info][gc             ] GC(1013) Pause Cleanup 2599M->2599M(4096M) 0.102ms
[3962.327s][info][gc,cpu         ] GC(1013) User=0.00s Sys=0.00s Real=0.00s
[3962.327s][info][gc,marking     ] GC(1013) Concurrent Clear Claimed Marks
[3962.327s][info][gc,marking     ] GC(1013) Concurrent Clear Claimed Marks 0.021ms
[3962.327s][info][gc,marking     ] GC(1013) Concurrent Cleanup for Next Mark
[3962.332s][info][gc,marking     ] GC(1013) Concurrent Cleanup for Next Mark 5.453ms
[3962.332s][info][gc             ] GC(1013) Concurrent Mark Cycle 1391.724ms
.[3963.439s][info][gc,start       ] GC(1014) Pause Young (Prepare Mixed) (G1 Evacuation Pause)
[3963.439s][info][gc,task        ] GC(1014) Using 6 workers of 6 for evacuation
[3963.554s][info][gc,phases      ] GC(1014)   Pre Evacuate Collection Set: 0.36ms
[3963.555s][info][gc,phases      ] GC(1014)   Merge Heap Roots: 0.50ms
[3963.555s][info][gc,phases      ] GC(1014)   Evacuate Collection Set: 113.37ms
[3963.555s][info][gc,phases      ] GC(1014)   Post Evacuate Collection Set: 0.94ms
[3963.555s][info][gc,phases      ] GC(1014)   Other: 0.08ms
[3963.555s][info][gc,heap        ] GC(1014) Eden regions: 1119->0(1111)
[3963.555s][info][gc,heap        ] GC(1014) Survivor regions: 109->108(154)
[3963.555s][info][gc,heap        ] GC(1014) Old regions: 506->538
[3963.555s][info][gc,heap        ] GC(1014) Humongous regions: 80->80
[3963.555s][info][gc,metaspace   ] GC(1014) Metaspace: 28896K(29248K)->28896K(29248K) NonClass: 24028K(24192K)->24028K(24192K) Class: 4868K(5056K)->4868K(5056K)
[3963.555s][info][gc             ] GC(1014) Pause Young (Prepare Mixed) (G1 Evacuation Pause) 3627M->1449M(4096M) 115.382ms
[3963.555s][info][gc,cpu         ] GC(1014) User=0.68s Sys=0.00s Real=0.11s
...[3966.041s][info][gc,start       ] GC(1015) Pause Young (Mixed) (G1 Evacuation Pause)
[3966.041s][info][gc,task        ] GC(1015) Using 6 workers of 6 for evacuation
[3966.174s][info][gc,phases      ] GC(1015)   Pre Evacuate Collection Set: 0.39ms
[3966.174s][info][gc,phases      ] GC(1015)   Merge Heap Roots: 0.65ms
[3966.174s][info][gc,phases      ] GC(1015)   Evacuate Collection Set: 130.46ms
[3966.174s][info][gc,phases      ] GC(1015)   Post Evacuate Collection Set: 0.96ms
[3966.174s][info][gc,phases      ] GC(1015)   Other: 0.09ms
[3966.174s][info][gc,heap        ] GC(1015) Eden regions: 1111->0(1118)
[3966.174s][info][gc,heap        ] GC(1015) Survivor regions: 108->110(153)
[3966.174s][info][gc,heap        ] GC(1015) Old regions: 538->473
[3966.174s][info][gc,heap        ] GC(1015) Humongous regions: 80->80
[3966.174s][info][gc,metaspace   ] GC(1015) Metaspace: 28896K(29248K)->28896K(29248K) NonClass: 24028K(24192K)->24028K(24192K) Class: 4868K(5056K)->4868K(5056K)
[3966.174s][info][gc             ] GC(1015) Pause Young (Mixed) (G1 Evacuation Pause) 3671M->1324M(4096M) 132.672ms
[3966.174s][info][gc,cpu         ] GC(1015) User=0.78s Sys=0.00s Real=0.13s
...[3968.750s][info][gc,start       ] GC(1016) Pause Young (Concurrent Start) (G1 Evacuation Pause)
[3968.750s][info][gc,task        ] GC(1016) Using 6 workers of 6 for evacuation
[3968.866s][info][gc,phases      ] GC(1016)   Pre Evacuate Collection Set: 0.36ms
[3968.866s][info][gc,phases      ] GC(1016)   Merge Heap Roots: 0.43ms
[3968.866s][info][gc,phases      ] GC(1016)   Evacuate Collection Set: 114.58ms
[3968.866s][info][gc,phases      ] GC(1016)   Post Evacuate Collection Set: 0.90ms
[3968.866s][info][gc,phases      ] GC(1016)   Other: 0.10ms
[3968.866s][info][gc,heap        ] GC(1016) Eden regions: 1118->0(1118)
[3968.866s][info][gc,heap        ] GC(1016) Survivor regions: 110->110(154)
[3968.866s][info][gc,heap        ] GC(1016) Old regions: 473->505
[3968.866s][info][gc,heap        ] GC(1016) Humongous regions: 80->80
[3968.866s][info][gc,metaspace   ] GC(1016) Metaspace: 28896K(29248K)->28896K(29248K) NonClass: 24028K(24192K)->24028K(24192K) Class: 4868K(5056K)->4868K(5056K)
[3968.866s][info][gc             ] GC(1016) Pause Young (Concurrent Start) (G1 Evacuation Pause) 3560M->1388M(4096M) 116.490ms
[3968.866s][info][gc             ] GC(1017) Concurrent Mark Cycle
[3968.866s][info][gc,marking     ] GC(1017) Concurrent Scan Root Regions
[3968.866s][info][gc,cpu         ] GC(1016) User=0.69s Sys=0.00s Real=0.11s
[3969.052s][info][gc,marking     ] GC(1017) Concurrent Scan Root Regions 185.891ms
[3969.052s][info][gc,marking     ] GC(1017) Concurrent Mark
[3969.052s][info][gc,marking     ] GC(1017) Concurrent Mark From Roots
[3969.052s][info][gc,task        ] GC(1017) Using 2 workers of 2 for marking
.[3970.071s][info][gc,marking     ] GC(1017) Concurrent Mark From Roots 1018.674ms
[3970.071s][info][gc,marking     ] GC(1017) Concurrent Preclean
[3970.071s][info][gc,marking     ] GC(1017) Concurrent Preclean 0.114ms
[3970.072s][info][gc,start       ] GC(1017) Pause Remark
[3970.078s][info][gc             ] GC(1017) Pause Remark 2470M->2470M(4096M) 6.173ms
[3970.078s][info][gc,cpu         ] GC(1017) User=0.03s Sys=0.00s Real=0.01s
[3970.078s][info][gc,marking     ] GC(1017) Concurrent Mark 1026.094ms
[3970.078s][info][gc,marking     ] GC(1017) Concurrent Rebuild Remembered Sets and Scrub Regions
[3970.469s][info][gc,marking     ] GC(1017) Concurrent Rebuild Remembered Sets and Scrub Regions 391.263ms
[3970.470s][info][gc,start       ] GC(1017) Pause Cleanup
[3970.470s][info][gc             ] GC(1017) Pause Cleanup 2839M->2839M(4096M) 0.101ms
[3970.470s][info][gc,cpu         ] GC(1017) User=0.00s Sys=0.00s Real=0.00s
[3970.470s][info][gc,marking     ] GC(1017) Concurrent Clear Claimed Marks
[3970.470s][info][gc,marking     ] GC(1017) Concurrent Clear Claimed Marks 0.037ms
[3970.470s][info][gc,marking     ] GC(1017) Concurrent Cleanup for Next Mark
[3970.475s][info][gc,marking     ] GC(1017) Concurrent Cleanup for Next Mark 4.794ms
[3970.475s][info][gc             ] GC(1017) Concurrent Mark Cycle 1608.722ms
.[3971.421s][info][gc,start       ] GC(1018) Pause Young (Prepare Mixed) (G1 Evacuation Pause)
[3971.421s][info][gc,task        ] GC(1018) Using 6 workers of 6 for evacuation
[3971.535s][info][gc,phases      ] GC(1018)   Pre Evacuate Collection Set: 0.35ms
[3971.535s][info][gc,phases      ] GC(1018)   Merge Heap Roots: 0.49ms
[3971.535s][info][gc,phases      ] GC(1018)   Evacuate Collection Set: 112.31ms
[3971.535s][info][gc,phases      ] GC(1018)   Post Evacuate Collection Set: 0.92ms
[3971.535s][info][gc,phases      ] GC(1018)   Other: 0.09ms
[3971.535s][info][gc,heap        ] GC(1018) Eden regions: 1118->0(1109)
[3971.535s][info][gc,heap        ] GC(1018) Survivor regions: 110->109(154)
[3971.535s][info][gc,heap        ] GC(1018) Old regions: 505->538
[3971.535s][info][gc,heap        ] GC(1018) Humongous regions: 80->80
[3971.535s][info][gc,metaspace   ] GC(1018) Metaspace: 28896K(29248K)->28896K(29248K) NonClass: 24028K(24192K)->24028K(24192K) Class: 4868K(5056K)->4868K(5056K)
[3971.535s][info][gc             ] GC(1018) Pause Young (Prepare Mixed) (G1 Evacuation Pause) 3624M->1451M(4096M) 114.276ms
[3971.535s][info][gc,cpu         ] GC(1018) User=0.68s Sys=0.00s Real=0.11s
...[3974.097s][info][gc,start       ] GC(1019) Pause Young (Mixed) (G1 Evacuation Pause)
[3974.097s][info][gc,task        ] GC(1019) Using 6 workers of 6 for evacuation
[3974.234s][info][gc,phases      ] GC(1019)   Pre Evacuate Collection Set: 0.39ms
[3974.234s][info][gc,phases      ] GC(1019)   Merge Heap Roots: 0.72ms
[3974.234s][info][gc,phases      ] GC(1019)   Evacuate Collection Set: 134.26ms
[3974.234s][info][gc,phases      ] GC(1019)   Post Evacuate Collection Set: 0.93ms
[3974.234s][info][gc,phases      ] GC(1019)   Other: 0.09ms
[3974.234s][info][gc,heap        ] GC(1019) Eden regions: 1109->0(1116)
[3974.234s][info][gc,heap        ] GC(1019) Survivor regions: 109->112(153)
[3974.234s][info][gc,heap        ] GC(1019) Old regions: 538->475
[3974.234s][info][gc,heap        ] GC(1019) Humongous regions: 80->80
[3974.234s][info][gc,metaspace   ] GC(1019) Metaspace: 28896K(29248K)->28896K(29248K) NonClass: 24028K(24192K)->24028K(24192K) Class: 4868K(5056K)->4868K(5056K)
[3974.234s][info][gc             ] GC(1019) Pause Young (Mixed) (G1 Evacuation Pause) 3669M->1331M(4096M) 136.542ms
[3974.234s][info][gc,cpu         ] GC(1019) User=0.81s Sys=0.00s Real=0.14s
..[3976.777s][info][gc,start       ] GC(1020) Pause Young (Concurrent Start) (G1 Evacuation Pause)
[3976.777s][info][gc,task        ] GC(1020) Using 6 workers of 6 for evacuation
[3976.898s][info][gc,phases      ] GC(1020)   Pre Evacuate Collection Set: 0.40ms
[3976.898s][info][gc,phases      ] GC(1020)   Merge Heap Roots: 0.44ms
[3976.898s][info][gc,phases      ] GC(1020)   Evacuate Collection Set: 118.28ms
[3976.898s][info][gc,phases      ] GC(1020)   Post Evacuate Collection Set: 1.22ms
[3976.898s][info][gc,phases      ] GC(1020)   Other: 0.12ms
[3976.898s][info][gc,heap        ] GC(1020) Eden regions: 1116->0(1115)
[3976.898s][info][gc,heap        ] GC(1020) Survivor regions: 112->113(154)
[3976.898s][info][gc,heap        ] GC(1020) Old regions: 475->506
[3976.898s][info][gc,heap        ] GC(1020) Humongous regions: 80->80
[3976.898s][info][gc,metaspace   ] GC(1020) Metaspace: 28896K(29248K)->28896K(29248K) NonClass: 24028K(24192K)->24028K(24192K) Class: 4868K(5056K)->4868K(5056K)
[3976.898s][info][gc             ] GC(1020) Pause Young (Concurrent Start) (G1 Evacuation Pause) 3563M->1397M(4096M) 120.601ms
[3976.898s][info][gc             ] GC(1021) Concurrent Mark Cycle
[3976.898s][info][gc,marking     ] GC(1021) Concurrent Scan Root Regions
[3976.898s][info][gc,cpu         ] GC(1020) User=0.71s Sys=0.00s Real=0.13s
.[3977.044s][info][gc,marking     ] GC(1021) Concurrent Scan Root Regions 146.303ms
[3977.044s][info][gc,marking     ] GC(1021) Concurrent Mark
[3977.044s][info][gc,marking     ] GC(1021) Concurrent Mark From Roots
[3977.044s][info][gc,task        ] GC(1021) Using 2 workers of 2 for marking
[3977.818s][info][gc,marking     ] GC(1021) Concurrent Mark From Roots 773.498ms
[3977.818s][info][gc,marking     ] GC(1021) Concurrent Preclean
[3977.818s][info][gc,marking     ] GC(1021) Concurrent Preclean 0.139ms
[3977.819s][info][gc,start       ] GC(1021) Pause Remark
[3977.825s][info][gc             ] GC(1021) Pause Remark 2155M->2155M(4096M) 5.428ms
[3977.825s][info][gc,cpu         ] GC(1021) User=0.03s Sys=0.00s Real=0.00s
[3977.825s][info][gc,marking     ] GC(1021) Concurrent Mark 780.444ms
[3977.825s][info][gc,marking     ] GC(1021) Concurrent Rebuild Remembered Sets and Scrub Regions
.[3978.181s][info][gc,marking     ] GC(1021) Concurrent Rebuild Remembered Sets and Scrub Regions 356.027ms
[3978.181s][info][gc,start       ] GC(1021) Pause Cleanup
[3978.181s][info][gc             ] GC(1021) Pause Cleanup 2545M->2545M(4096M) 0.107ms
[3978.181s][info][gc,cpu         ] GC(1021) User=0.00s Sys=0.00s Real=0.00s
[3978.181s][info][gc,marking     ] GC(1021) Concurrent Clear Claimed Marks
[3978.181s][info][gc,marking     ] GC(1021) Concurrent Clear Claimed Marks 0.022ms
[3978.181s][info][gc,marking     ] GC(1021) Concurrent Cleanup for Next Mark
[3978.185s][info][gc,marking     ] GC(1021) Concurrent Cleanup for Next Mark 3.495ms
[3978.185s][info][gc             ] GC(1021) Concurrent Mark Cycle 1286.736ms
.[3979.472s][info][gc,start       ] GC(1022) Pause Young (Prepare Mixed) (G1 Evacuation Pause)
[3979.472s][info][gc,task        ] GC(1022) Using 6 workers of 6 for evacuation
[3979.588s][info][gc,phases      ] GC(1022)   Pre Evacuate Collection Set: 0.31ms
[3979.588s][info][gc,phases      ] GC(1022)   Merge Heap Roots: 0.49ms
[3979.588s][info][gc,phases      ] GC(1022)   Evacuate Collection Set: 114.76ms
[3979.588s][info][gc,phases      ] GC(1022)   Post Evacuate Collection Set: 0.92ms
[3979.588s][info][gc,phases      ] GC(1022)   Other: 0.09ms
[3979.588s][info][gc,heap        ] GC(1022) Eden regions: 1115->0(1109)
[3979.588s][info][gc,heap        ] GC(1022) Survivor regions: 113->109(154)
[3979.588s][info][gc,heap        ] GC(1022) Old regions: 506->538
[3979.588s][info][gc,heap        ] GC(1022) Humongous regions: 80->80
[3979.588s][info][gc,metaspace   ] GC(1022) Metaspace: 28896K(29248K)->28896K(29248K) NonClass: 24028K(24192K)->24028K(24192K) Class: 4868K(5056K)->4868K(5056K)
[3979.589s][info][gc             ] GC(1022) Pause Young (Prepare Mixed) (G1 Evacuation Pause) 3627M->1453M(4096M) 116.695ms
[3979.589s][info][gc,cpu         ] GC(1022) User=0.69s Sys=0.00s Real=0.12s
..[3982.060s][info][gc,start       ] GC(1023) Pause Young (Mixed) (G1 Evacuation Pause)
[3982.060s][info][gc,task        ] GC(1023) Using 6 workers of 6 for evacuation
[3982.198s][info][gc,phases      ] GC(1023)   Pre Evacuate Collection Set: 0.37ms
[3982.198s][info][gc,phases      ] GC(1023)   Merge Heap Roots: 0.60ms
[3982.198s][info][gc,phases      ] GC(1023)   Evacuate Collection Set: 136.48ms
[3982.198s][info][gc,phases      ] GC(1023)   Post Evacuate Collection Set: 0.94ms
[3982.198s][info][gc,phases      ] GC(1023)   Other: 0.09ms
[3982.198s][info][gc,heap        ] GC(1023) Eden regions: 1109->0(1113)
[3982.198s][info][gc,heap        ] GC(1023) Survivor regions: 109->115(153)
[3982.198s][info][gc,heap        ] GC(1023) Old regions: 538->474
[3982.198s][info][gc,heap        ] GC(1023) Humongous regions: 80->80
[3982.198s][info][gc,metaspace   ] GC(1023) Metaspace: 28896K(29248K)->28896K(29248K) NonClass: 24028K(24192K)->24028K(24192K) Class: 4868K(5056K)->4868K(5056K)
[3982.198s][info][gc             ] GC(1023) Pause Young (Mixed) (G1 Evacuation Pause) 3671M->1337M(4096M) 138.618ms
[3982.198s][info][gc,cpu         ] GC(1023) User=0.82s Sys=0.00s Real=0.14s
...[3984.807s][info][gc,start       ] GC(1024) Pause Young (Concurrent Start) (G1 Evacuation Pause)
[3984.807s][info][gc,task        ] GC(1024) Using 6 workers of 6 for evacuation
[3984.927s][info][gc,phases      ] GC(1024)   Pre Evacuate Collection Set: 0.36ms
[3984.927s][info][gc,phases      ] GC(1024)   Merge Heap Roots: 0.42ms
[3984.927s][info][gc,phases      ] GC(1024)   Evacuate Collection Set: 118.21ms
[3984.927s][info][gc,phases      ] GC(1024)   Post Evacuate Collection Set: 0.88ms
[3984.927s][info][gc,phases      ] GC(1024)   Other: 0.11ms
[3984.927s][info][gc,heap        ] GC(1024) Eden regions: 1113->0(1115)
[3984.927s][info][gc,heap        ] GC(1024) Survivor regions: 115->113(154)
[3984.927s][info][gc,heap        ] GC(1024) Old regions: 474->507
[3984.927s][info][gc,heap        ] GC(1024) Humongous regions: 80->80
[3984.927s][info][gc,metaspace   ] GC(1024) Metaspace: 28896K(29248K)->28896K(29248K) NonClass: 24028K(24192K)->24028K(24192K) Class: 4868K(5056K)->4868K(5056K)
[3984.927s][info][gc             ] GC(1024) Pause Young (Concurrent Start) (G1 Evacuation Pause) 3563M->1397M(4096M) 120.095ms
[3984.927s][info][gc             ] GC(1025) Concurrent Mark Cycle
[3984.927s][info][gc,marking     ] GC(1025) Concurrent Scan Root Regions
[3984.927s][info][gc,cpu         ] GC(1024) User=0.71s Sys=0.00s Real=0.12s
[3985.124s][info][gc,marking     ] GC(1025) Concurrent Scan Root Regions 196.448ms
[3985.124s][info][gc,marking     ] GC(1025) Concurrent Mark
[3985.124s][info][gc,marking     ] GC(1025) Concurrent Mark From Roots
[3985.124s][info][gc,task        ] GC(1025) Using 2 workers of 2 for marking
.[3986.094s][info][gc,marking     ] GC(1025) Concurrent Mark From Roots 970.368ms
[3986.094s][info][gc,marking     ] GC(1025) Concurrent Preclean
[3986.095s][info][gc,marking     ] GC(1025) Concurrent Preclean 0.108ms
[3986.095s][info][gc,start       ] GC(1025) Pause Remark
[3986.102s][info][gc             ] GC(1025) Pause Remark 2447M->2447M(4096M) 6.329ms
[3986.102s][info][gc,cpu         ] GC(1025) User=0.04s Sys=0.00s Real=0.01s
[3986.102s][info][gc,marking     ] GC(1025) Concurrent Mark 978.101ms
[3986.102s][info][gc,marking     ] GC(1025) Concurrent Rebuild Remembered Sets and Scrub Regions
.[3986.416s][info][gc,marking     ] GC(1025) Concurrent Rebuild Remembered Sets and Scrub Regions 313.586ms
[3986.416s][info][gc,start       ] GC(1025) Pause Cleanup
[3986.416s][info][gc             ] GC(1025) Pause Cleanup 2717M->2717M(4096M) 0.121ms
[3986.416s][info][gc,cpu         ] GC(1025) User=0.00s Sys=0.00s Real=0.00s
[3986.417s][info][gc,marking     ] GC(1025) Concurrent Clear Claimed Marks
[3986.417s][info][gc,marking     ] GC(1025) Concurrent Clear Claimed Marks 0.030ms
[3986.417s][info][gc,marking     ] GC(1025) Concurrent Cleanup for Next Mark
[3986.421s][info][gc,marking     ] GC(1025) Concurrent Cleanup for Next Mark 4.728ms
[3986.421s][info][gc             ] GC(1025) Concurrent Mark Cycle 1494.057ms
.[3987.466s][info][gc,start       ] GC(1026) Pause Young (Prepare Mixed) (G1 Evacuation Pause)
[3987.466s][info][gc,task        ] GC(1026) Using 6 workers of 6 for evacuation
[3987.581s][info][gc,phases      ] GC(1026)   Pre Evacuate Collection Set: 0.34ms
[3987.581s][info][gc,phases      ] GC(1026)   Merge Heap Roots: 0.47ms
[3987.581s][info][gc,phases      ] GC(1026)   Evacuate Collection Set: 112.96ms
[3987.581s][info][gc,phases      ] GC(1026)   Post Evacuate Collection Set: 0.93ms
[3987.581s][info][gc,phases      ] GC(1026)   Other: 0.09ms
[3987.581s][info][gc,heap        ] GC(1026) Eden regions: 1115->0(1111)
[3987.581s][info][gc,heap        ] GC(1026) Survivor regions: 113->108(154)
[3987.581s][info][gc,heap        ] GC(1026) Old regions: 507->538
[3987.581s][info][gc,heap        ] GC(1026) Humongous regions: 80->80
[3987.581s][info][gc,metaspace   ] GC(1026) Metaspace: 28896K(29248K)->28896K(29248K) NonClass: 24028K(24192K)->24028K(24192K) Class: 4868K(5056K)->4868K(5056K)
[3987.581s][info][gc             ] GC(1026) Pause Young (Prepare Mixed) (G1 Evacuation Pause) 3627M->1449M(4096M) 114.918ms
[3987.581s][info][gc,cpu         ] GC(1026) User=0.68s Sys=0.00s Real=0.12s
..[3990.130s][info][gc,start       ] GC(1027) Pause Young (Mixed) (G1 Evacuation Pause)
[3990.130s][info][gc,task        ] GC(1027) Using 6 workers of 6 for evacuation
[3990.268s][info][gc,phases      ] GC(1027)   Pre Evacuate Collection Set: 0.37ms
[3990.268s][info][gc,phases      ] GC(1027)   Merge Heap Roots: 0.68ms
[3990.268s][info][gc,phases      ] GC(1027)   Evacuate Collection Set: 135.30ms
[3990.268s][info][gc,phases      ] GC(1027)   Post Evacuate Collection Set: 0.94ms
[3990.268s][info][gc,phases      ] GC(1027)   Other: 0.09ms
[3990.268s][info][gc,heap        ] GC(1027) Eden regions: 1111->0(1115)
[3990.268s][info][gc,heap        ] GC(1027) Survivor regions: 108->113(153)
[3990.268s][info][gc,heap        ] GC(1027) Old regions: 538->475
[3990.268s][info][gc,heap        ] GC(1027) Humongous regions: 80->80
[3990.268s][info][gc,metaspace   ] GC(1027) Metaspace: 28896K(29248K)->28896K(29248K) NonClass: 24028K(24192K)->24028K(24192K) Class: 4868K(5056K)->4868K(5056K)
[3990.268s][info][gc             ] GC(1027) Pause Young (Mixed) (G1 Evacuation Pause) 3671M->1333M(4096M) 137.513ms
[3990.268s][info][gc,cpu         ] GC(1027) User=0.81s Sys=0.00s Real=0.13s
...[3992.784s][info][gc,start       ] GC(1028) Pause Young (Concurrent Start) (G1 Evacuation Pause)
[3992.784s][info][gc,task        ] GC(1028) Using 6 workers of 6 for evacuation
[3992.899s][info][gc,phases      ] GC(1028)   Pre Evacuate Collection Set: 0.38ms
[3992.899s][info][gc,phases      ] GC(1028)   Merge Heap Roots: 0.44ms
[3992.899s][info][gc,phases      ] GC(1028)   Evacuate Collection Set: 113.68ms
[3992.899s][info][gc,phases      ] GC(1028)   Post Evacuate Collection Set: 0.91ms
[3992.899s][info][gc,phases      ] GC(1028)   Other: 0.11ms
[3992.899s][info][gc,heap        ] GC(1028) Eden regions: 1115->0(1119)
[3992.899s][info][gc,heap        ] GC(1028) Survivor regions: 113->109(154)
[3992.899s][info][gc,heap        ] GC(1028) Old regions: 475->506
[3992.899s][info][gc,heap        ] GC(1028) Humongous regions: 80->80
[3992.899s][info][gc,metaspace   ] GC(1028) Metaspace: 28896K(29248K)->28896K(29248K) NonClass: 24028K(24192K)->24028K(24192K) Class: 4868K(5056K)->4868K(5056K)
[3992.899s][info][gc             ] GC(1028) Pause Young (Concurrent Start) (G1 Evacuation Pause) 3563M->1389M(4096M) 115.672ms
[3992.899s][info][gc             ] GC(1029) Concurrent Mark Cycle
[3992.899s][info][gc,marking     ] GC(1029) Concurrent Scan Root Regions
[3992.899s][info][gc,cpu         ] GC(1028) User=0.69s Sys=0.00s Real=0.12s
[3993.109s][info][gc,marking     ] GC(1029) Concurrent Scan Root Regions 209.965ms
[3993.109s][info][gc,marking     ] GC(1029) Concurrent Mark
[3993.109s][info][gc,marking     ] GC(1029) Concurrent Mark From Roots
[3993.109s][info][gc,task        ] GC(1029) Using 2 workers of 2 for marking
.[3994.088s][info][gc,marking     ] GC(1029) Concurrent Mark From Roots 978.653ms
[3994.088s][info][gc,marking     ] GC(1029) Concurrent Preclean
[3994.088s][info][gc,marking     ] GC(1029) Concurrent Preclean 0.140ms
[3994.089s][info][gc,start       ] GC(1029) Pause Remark
[3994.094s][info][gc             ] GC(1029) Pause Remark 2439M->2439M(4096M) 5.442ms
[3994.095s][info][gc,cpu         ] GC(1029) User=0.03s Sys=0.00s Real=0.00s
[3994.095s][info][gc,marking     ] GC(1029) Concurrent Mark 985.925ms
[3994.095s][info][gc,marking     ] GC(1029) Concurrent Rebuild Remembered Sets and Scrub Regions
.[3994.414s][info][gc,marking     ] GC(1029) Concurrent Rebuild Remembered Sets and Scrub Regions 318.460ms
[3994.414s][info][gc,start       ] GC(1029) Pause Cleanup
[3994.414s][info][gc             ] GC(1029) Pause Cleanup 2719M->2719M(4096M) 0.097ms
[3994.414s][info][gc,cpu         ] GC(1029) User=0.00s Sys=0.00s Real=0.00s
[3994.414s][info][gc,marking     ] GC(1029) Concurrent Clear Claimed Marks
[3994.414s][info][gc,marking     ] GC(1029) Concurrent Clear Claimed Marks 0.022ms
[3994.414s][info][gc,marking     ] GC(1029) Concurrent Cleanup for Next Mark
[3994.418s][info][gc,marking     ] GC(1029) Concurrent Cleanup for Next Mark 4.044ms
[3994.418s][info][gc             ] GC(1029) Concurrent Mark Cycle 1518.909ms
.[3995.427s][info][gc,start       ] GC(1030) Pause Young (Prepare Mixed) (G1 Evacuation Pause)
[3995.427s][info][gc,task        ] GC(1030) Using 6 workers of 6 for evacuation
[3995.547s][info][gc,phases      ] GC(1030)   Pre Evacuate Collection Set: 0.34ms
[3995.547s][info][gc,phases      ] GC(1030)   Merge Heap Roots: 0.53ms
[3995.547s][info][gc,phases      ] GC(1030)   Evacuate Collection Set: 118.72ms
[3995.547s][info][gc,phases      ] GC(1030)   Post Evacuate Collection Set: 0.94ms
[3995.547s][info][gc,phases      ] GC(1030)   Other: 0.09ms
[3995.547s][info][gc,heap        ] GC(1030) Eden regions: 1119->0(1105)
[3995.547s][info][gc,heap        ] GC(1030) Survivor regions: 109->111(154)
[3995.547s][info][gc,heap        ] GC(1030) Old regions: 506->538
[3995.547s][info][gc,heap        ] GC(1030) Humongous regions: 80->80
[3995.547s][info][gc,metaspace   ] GC(1030) Metaspace: 28896K(29248K)->28896K(29248K) NonClass: 24028K(24192K)->24028K(24192K) Class: 4868K(5056K)->4868K(5056K)
[3995.547s][info][gc             ] GC(1030) Pause Young (Prepare Mixed) (G1 Evacuation Pause) 3627M->1456M(4096M) 120.751ms
[3995.548s][info][gc,cpu         ] GC(1030) User=0.71s Sys=0.00s Real=0.12s
..[3998.098s][info][gc,start       ] GC(1031) Pause Young (Mixed) (G1 Evacuation Pause)
[3998.098s][info][gc,task        ] GC(1031) Using 6 workers of 6 for evacuation
[3998.229s][info][gc,phases      ] GC(1031)   Pre Evacuate Collection Set: 0.36ms
[3998.229s][info][gc,phases      ] GC(1031)   Merge Heap Roots: 0.60ms
[3998.229s][info][gc,phases      ] GC(1031)   Evacuate Collection Set: 129.45ms
[3998.229s][info][gc,phases      ] GC(1031)   Post Evacuate Collection Set: 0.97ms
[3998.229s][info][gc,phases      ] GC(1031)   Other: 0.09ms
[3998.229s][info][gc,heap        ] GC(1031) Eden regions: 1105->0(1118)
[3998.229s][info][gc,heap        ] GC(1031) Survivor regions: 111->110(152)
[3998.229s][info][gc,heap        ] GC(1031) Old regions: 538->473
[3998.229s][info][gc,heap        ] GC(1031) Humongous regions: 80->80
[3998.229s][info][gc,metaspace   ] GC(1031) Metaspace: 28896K(29248K)->28896K(29248K) NonClass: 24028K(24192K)->24028K(24192K) Class: 4868K(5056K)->4868K(5056K)
[3998.229s][info][gc             ] GC(1031) Pause Young (Mixed) (G1 Evacuation Pause) 3666M->1324M(4096M) 131.624ms
[3998.229s][info][gc,cpu         ] GC(1031) User=0.78s Sys=0.00s Real=0.14s
...[4000.790s][info][gc,start       ] GC(1032) Pause Young (Concurrent Start) (G1 Evacuation Pause)
[4000.790s][info][gc,task        ] GC(1032) Using 6 workers of 6 for evacuation
[4000.905s][info][gc,phases      ] GC(1032)   Pre Evacuate Collection Set: 0.36ms
[4000.905s][info][gc,phases      ] GC(1032)   Merge Heap Roots: 0.42ms
[4000.905s][info][gc,phases      ] GC(1032)   Evacuate Collection Set: 113.23ms
[4000.905s][info][gc,phases      ] GC(1032)   Post Evacuate Collection Set: 0.89ms
[4000.905s][info][gc,phases      ] GC(1032)   Other: 0.11ms
[4000.905s][info][gc,heap        ] GC(1032) Eden regions: 1118->0(1118)
[4000.905s][info][gc,heap        ] GC(1032) Survivor regions: 110->110(154)
[4000.905s][info][gc,heap        ] GC(1032) Old regions: 473->505
[4000.905s][info][gc,heap        ] GC(1032) Humongous regions: 80->80
[4000.905s][info][gc,metaspace   ] GC(1032) Metaspace: 28896K(29248K)->28896K(29248K) NonClass: 24028K(24192K)->24028K(24192K) Class: 4868K(5056K)->4868K(5056K)
[4000.906s][info][gc             ] GC(1032) Pause Young (Concurrent Start) (G1 Evacuation Pause) 3560M->1387M(4096M) 115.144ms
[4000.906s][info][gc             ] GC(1033) Concurrent Mark Cycle
[4000.906s][info][gc,marking     ] GC(1033) Concurrent Scan Root Regions
[4000.906s][info][gc,cpu         ] GC(1032) User=0.68s Sys=0.00s Real=0.11s
[4001.125s][info][gc,marking     ] GC(1033) Concurrent Scan Root Regions 219.013ms
[4001.125s][info][gc,marking     ] GC(1033) Concurrent Mark
[4001.125s][info][gc,marking     ] GC(1033) Concurrent Mark From Roots
[4001.125s][info][gc,task        ] GC(1033) Using 2 workers of 2 for marking
.[4002.138s][info][gc,marking     ] GC(1033) Concurrent Mark From Roots 1013.224ms
[4002.138s][info][gc,marking     ] GC(1033) Concurrent Preclean
[4002.138s][info][gc,marking     ] GC(1033) Concurrent Preclean 0.086ms
[4002.138s][info][gc,start       ] GC(1033) Pause Remark
[4002.144s][info][gc             ] GC(1033) Pause Remark 2473M->2473M(4096M) 6.025ms
[4002.144s][info][gc,cpu         ] GC(1033) User=0.04s Sys=0.00s Real=0.00s
[4002.144s][info][gc,marking     ] GC(1033) Concurrent Mark 1019.593ms
[4002.144s][info][gc,marking     ] GC(1033) Concurrent Rebuild Remembered Sets and Scrub Regions
[4002.476s][info][gc,marking     ] GC(1033) Concurrent Rebuild Remembered Sets and Scrub Regions 331.283ms
[4002.476s][info][gc,start       ] GC(1033) Pause Cleanup
[4002.476s][info][gc             ] GC(1033) Pause Cleanup 2756M->2756M(4096M) 0.103ms
[4002.476s][info][gc,cpu         ] GC(1033) User=0.00s Sys=0.00s Real=0.00s
[4002.476s][info][gc,marking     ] GC(1033) Concurrent Clear Claimed Marks
[4002.476s][info][gc,marking     ] GC(1033) Concurrent Clear Claimed Marks 0.023ms
[4002.476s][info][gc,marking     ] GC(1033) Concurrent Cleanup for Next Mark
.[4002.494s][info][gc,marking     ] GC(1033) Concurrent Cleanup for Next Mark 18.107ms
[4002.494s][info][gc             ] GC(1033) Concurrent Mark Cycle 1588.528ms
 (rIR:aIR:PR = 7057:7050:7050) (tPR = 104552) [OK] 
  4002s: Performance info:
         Transaction,    Success,    Partial,     Failed,   Receipts, AvgBarcode, 
             Overall,     429200,          0,          0,     407727,      59.48, 
         Response times:
             Request,    Success,    Partial,     Failed,   SkipFail,     Probes,    Samples,      min,      p50,      p90,      p95,      p99,      max, 
       TotalPurchase,     407739,          0,          0,          0,     362180,     396929,      300,     6300,    59000,    92000,   143000,   306000,
     InStorePurchase,     214721,          0,          0,          0,     190695,     208801,      300,     6200,    58000,    91000,   143000,   284000,
      OnlinePurchase,     149964,          0,          0,          0,     133452,     146313,      300,     6200,    59000,    92000,   142000,   306000,
        InstPurchase,      43054,          0,          0,          0,      38033,      41815,      400,     6800,    60000,    94000,   145840,   304000,
          AssocOfCat,        428,          0,          0,          0,        330,        450,    23000,    38000,   109900,   143000,   201000,   219000,
      AssocOfProduct,       4302,          0,          0,          0,       4021,       4610,      900,     4800,    48000,    76000,   130000,   275000,
      BusinessReport,       1078,          0,          0,          0,        964,       1182,    25000,    46000,   111000,   147850,   193850,   277000,
          CustBuyBeh,       4304,          0,          0,          0,       3968,       4503,      200,     7300,    66000,    96000,   150000,   234000,
       ProductReturn,      11359,          0,          0,          0,       9735,      10905,      200,     6300,    55000,    89000,   144940,   276000,

  4002s: (52%)   IR =   7195 [4003.503s][info][gc,start       ] GC(1034) Pause Young (Prepare Mixed) (G1 Evacuation Pause)
[4003.503s][info][gc,task        ] GC(1034) Using 6 workers of 6 for evacuation
[4003.619s][info][gc,phases      ] GC(1034)   Pre Evacuate Collection Set: 0.35ms
[4003.619s][info][gc,phases      ] GC(1034)   Merge Heap Roots: 0.57ms
[4003.619s][info][gc,phases      ] GC(1034)   Evacuate Collection Set: 113.58ms
[4003.619s][info][gc,phases      ] GC(1034)   Post Evacuate Collection Set: 0.99ms
[4003.619s][info][gc,phases      ] GC(1034)   Other: 0.09ms
[4003.619s][info][gc,heap        ] GC(1034) Eden regions: 1118->0(1110)
[4003.619s][info][gc,heap        ] GC(1034) Survivor regions: 110->109(154)
[4003.619s][info][gc,heap        ] GC(1034) Old regions: 505->537
[4003.619s][info][gc,heap        ] GC(1034) Humongous regions: 80->80
[4003.619s][info][gc,metaspace   ] GC(1034) Metaspace: 28897K(29248K)->28897K(29248K) NonClass: 24029K(24192K)->24029K(24192K) Class: 4868K(5056K)->4868K(5056K)
[4003.619s][info][gc             ] GC(1034) Pause Young (Prepare Mixed) (G1 Evacuation Pause) 3623M->1449M(4096M) 115.724ms
[4003.619s][info][gc,cpu         ] GC(1034) User=0.69s Sys=0.00s Real=0.12s
...[4006.106s][info][gc,start       ] GC(1035) Pause Young (Mixed) (G1 Evacuation Pause)
[4006.106s][info][gc,task        ] GC(1035) Using 6 workers of 6 for evacuation
[4006.243s][info][gc,phases      ] GC(1035)   Pre Evacuate Collection Set: 0.37ms
[4006.243s][info][gc,phases      ] GC(1035)   Merge Heap Roots: 0.68ms
[4006.243s][info][gc,phases      ] GC(1035)   Evacuate Collection Set: 134.60ms
[4006.243s][info][gc,phases      ] GC(1035)   Post Evacuate Collection Set: 0.99ms
[4006.243s][info][gc,phases      ] GC(1035)   Other: 0.09ms
[4006.243s][info][gc,heap        ] GC(1035) Eden regions: 1110->0(1115)
[4006.243s][info][gc,heap        ] GC(1035) Survivor regions: 109->113(153)
[4006.243s][info][gc,heap        ] GC(1035) Old regions: 537->475
[4006.243s][info][gc,heap        ] GC(1035) Humongous regions: 80->80
[4006.243s][info][gc,metaspace   ] GC(1035) Metaspace: 28897K(29248K)->28897K(29248K) NonClass: 24029K(24192K)->24029K(24192K) Class: 4868K(5056K)->4868K(5056K)
[4006.243s][info][gc             ] GC(1035) Pause Young (Mixed) (G1 Evacuation Pause) 3669M->1334M(4096M) 136.853ms
[4006.243s][info][gc,cpu         ] GC(1035) User=0.81s Sys=0.00s Real=0.14s
...[4008.705s][info][gc,start       ] GC(1036) Pause Young (Concurrent Start) (G1 Evacuation Pause)
[4008.705s][info][gc,task        ] GC(1036) Using 6 workers of 6 for evacuation
[4008.821s][info][gc,phases      ] GC(1036)   Pre Evacuate Collection Set: 0.39ms
[4008.821s][info][gc,phases      ] GC(1036)   Merge Heap Roots: 0.42ms
[4008.821s][info][gc,phases      ] GC(1036)   Evacuate Collection Set: 114.10ms
[4008.821s][info][gc,phases      ] GC(1036)   Post Evacuate Collection Set: 0.88ms
[4008.821s][info][gc,phases      ] GC(1036)   Other: 0.10ms
[4008.821s][info][gc,heap        ] GC(1036) Eden regions: 1115->0(1117)
[4008.821s][info][gc,heap        ] GC(1036) Survivor regions: 113->111(154)
[4008.821s][info][gc,heap        ] GC(1036) Old regions: 475->507
[4008.821s][info][gc,heap        ] GC(1036) Humongous regions: 80->80
[4008.821s][info][gc,metaspace   ] GC(1036) Metaspace: 28897K(29248K)->28897K(29248K) NonClass: 24029K(24192K)->24029K(24192K) Class: 4868K(5056K)->4868K(5056K)
[4008.821s][info][gc             ] GC(1036) Pause Young (Concurrent Start) (G1 Evacuation Pause) 3564M->1393M(4096M) 116.029ms
[4008.821s][info][gc             ] GC(1037) Concurrent Mark Cycle
[4008.821s][info][gc,marking     ] GC(1037) Concurrent Scan Root Regions
[4008.821s][info][gc,cpu         ] GC(1036) User=0.69s Sys=0.00s Real=0.12s
[4009.035s][info][gc,marking     ] GC(1037) Concurrent Scan Root Regions 214.021ms
[4009.035s][info][gc,marking     ] GC(1037) Concurrent Mark
[4009.035s][info][gc,marking     ] GC(1037) Concurrent Mark From Roots
[4009.035s][info][gc,task        ] GC(1037) Using 2 workers of 2 for marking
.[4010.058s][info][gc,marking     ] GC(1037) Concurrent Mark From Roots 1023.314ms
[4010.058s][info][gc,marking     ] GC(1037) Concurrent Preclean
[4010.058s][info][gc,marking     ] GC(1037) Concurrent Preclean 0.171ms
[4010.061s][info][gc,start       ] GC(1037) Pause Remark
[4010.068s][info][gc             ] GC(1037) Pause Remark 2507M->2507M(4096M) 6.988ms
[4010.068s][info][gc,cpu         ] GC(1037) User=0.03s Sys=0.00s Real=0.01s
[4010.068s][info][gc,marking     ] GC(1037) Concurrent Mark 1033.637ms
[4010.068s][info][gc,marking     ] GC(1037) Concurrent Rebuild Remembered Sets and Scrub Regions
[4010.349s][info][gc,marking     ] GC(1037) Concurrent Rebuild Remembered Sets and Scrub Regions 280.049ms
[4010.350s][info][gc,start       ] GC(1037) Pause Cleanup
[4010.350s][info][gc             ] GC(1037) Pause Cleanup 2803M->2803M(4096M) 0.134ms
[4010.350s][info][gc,cpu         ] GC(1037) User=0.00s Sys=0.00s Real=0.00s
[4010.350s][info][gc,marking     ] GC(1037) Concurrent Clear Claimed Marks
[4010.350s][info][gc,marking     ] GC(1037) Concurrent Clear Claimed Marks 0.034ms
[4010.350s][info][gc,marking     ] GC(1037) Concurrent Cleanup for Next Mark
[4010.360s][info][gc,marking     ] GC(1037) Concurrent Cleanup for Next Mark 9.810ms
[4010.360s][info][gc             ] GC(1037) Concurrent Mark Cycle 1539.368ms
.[4011.314s][info][gc,start       ] GC(1038) Pause Young (Prepare Mixed) (G1 Evacuation Pause)
[4011.314s][info][gc,task        ] GC(1038) Using 6 workers of 6 for evacuation
[4011.431s][info][gc,phases      ] GC(1038)   Pre Evacuate Collection Set: 0.32ms
[4011.431s][info][gc,phases      ] GC(1038)   Merge Heap Roots: 0.49ms
[4011.431s][info][gc,phases      ] GC(1038)   Evacuate Collection Set: 115.69ms
[4011.431s][info][gc,phases      ] GC(1038)   Post Evacuate Collection Set: 0.90ms
[4011.431s][info][gc,phases      ] GC(1038)   Other: 0.09ms
[4011.431s][info][gc,heap        ] GC(1038) Eden regions: 1117->0(1108)
[4011.431s][info][gc,heap        ] GC(1038) Survivor regions: 111->109(154)
[4011.431s][info][gc,heap        ] GC(1038) Old regions: 507->539
[4011.431s][info][gc,heap        ] GC(1038) Humongous regions: 80->80
[4011.431s][info][gc,metaspace   ] GC(1038) Metaspace: 28897K(29248K)->28897K(29248K) NonClass: 24029K(24192K)->24029K(24192K) Class: 4868K(5056K)->4868K(5056K)
[4011.431s][info][gc             ] GC(1038) Pause Young (Prepare Mixed) (G1 Evacuation Pause) 3627M->1454M(4096M) 117.617ms
[4011.431s][info][gc,cpu         ] GC(1038) User=0.70s Sys=0.00s Real=0.12s
...[4013.912s][info][gc,start       ] GC(1039) Pause Young (Mixed) (G1 Evacuation Pause)
[4013.912s][info][gc,task        ] GC(1039) Using 6 workers of 6 for evacuation
[4014.046s][info][gc,phases      ] GC(1039)   Pre Evacuate Collection Set: 0.38ms
[4014.046s][info][gc,phases      ] GC(1039)   Merge Heap Roots: 0.65ms
[4014.046s][info][gc,phases      ] GC(1039)   Evacuate Collection Set: 132.62ms
[4014.046s][info][gc,phases      ] GC(1039)   Post Evacuate Collection Set: 0.91ms
[4014.046s][info][gc,phases      ] GC(1039)   Other: 0.09ms
[4014.046s][info][gc,heap        ] GC(1039) Eden regions: 1108->0(1117)
[4014.046s][info][gc,heap        ] GC(1039) Survivor regions: 109->111(153)
[4014.046s][info][gc,heap        ] GC(1039) Old regions: 539->474
[4014.046s][info][gc,heap        ] GC(1039) Humongous regions: 80->80
[4014.046s][info][gc,metaspace   ] GC(1039) Metaspace: 28897K(29248K)->28897K(29248K) NonClass: 24029K(24192K)->24029K(24192K) Class: 4868K(5056K)->4868K(5056K)
[4014.046s][info][gc             ] GC(1039) Pause Young (Mixed) (G1 Evacuation Pause) 3670M->1329M(4096M) 134.805ms
[4014.046s][info][gc,cpu         ] GC(1039) User=0.80s Sys=0.00s Real=0.13s
..[4016.573s][info][gc,start       ] GC(1040) Pause Young (Concurrent Start) (G1 Evacuation Pause)
[4016.573s][info][gc,task        ] GC(1040) Using 6 workers of 6 for evacuation
[4016.690s][info][gc,phases      ] GC(1040)   Pre Evacuate Collection Set: 0.36ms
[4016.690s][info][gc,phases      ] GC(1040)   Merge Heap Roots: 0.43ms
[4016.690s][info][gc,phases      ] GC(1040)   Evacuate Collection Set: 115.02ms
[4016.690s][info][gc,phases      ] GC(1040)   Post Evacuate Collection Set: 0.88ms
[4016.690s][info][gc,phases      ] GC(1040)   Other: 0.10ms
[4016.690s][info][gc,heap        ] GC(1040) Eden regions: 1117->0(1119)
[4016.690s][info][gc,heap        ] GC(1040) Survivor regions: 111->109(154)
[4016.690s][info][gc,heap        ] GC(1040) Old regions: 474->506
[4016.690s][info][gc,heap        ] GC(1040) Humongous regions: 80->80
[4016.690s][info][gc,metaspace   ] GC(1040) Metaspace: 28897K(29248K)->28897K(29248K) NonClass: 24029K(24192K)->24029K(24192K) Class: 4868K(5056K)->4868K(5056K)
[4016.690s][info][gc             ] GC(1040) Pause Young (Concurrent Start) (G1 Evacuation Pause) 3563M->1388M(4096M) 116.921ms
[4016.690s][info][gc             ] GC(1041) Concurrent Mark Cycle
[4016.690s][info][gc,marking     ] GC(1041) Concurrent Scan Root Regions
[4016.690s][info][gc,cpu         ] GC(1040) User=0.69s Sys=0.00s Real=0.12s
.[4016.830s][info][gc,marking     ] GC(1041) Concurrent Scan Root Regions 140.253ms
[4016.830s][info][gc,marking     ] GC(1041) Concurrent Mark
[4016.830s][info][gc,marking     ] GC(1041) Concurrent Mark From Roots
[4016.830s][info][gc,task        ] GC(1041) Using 2 workers of 2 for marking
[4017.532s][info][gc,marking     ] GC(1041) Concurrent Mark From Roots 701.950ms
[4017.532s][info][gc,marking     ] GC(1041) Concurrent Preclean
[4017.532s][info][gc,marking     ] GC(1041) Concurrent Preclean 0.119ms
[4017.533s][info][gc,start       ] GC(1041) Pause Remark
[4017.538s][info][gc             ] GC(1041) Pause Remark 2076M->2076M(4096M) 5.110ms
[4017.539s][info][gc,cpu         ] GC(1041) User=0.02s Sys=0.00s Real=0.01s
[4017.539s][info][gc,marking     ] GC(1041) Concurrent Mark 708.424ms
[4017.539s][info][gc,marking     ] GC(1041) Concurrent Rebuild Remembered Sets and Scrub Regions
[4017.751s][info][gc,marking     ] GC(1041) Concurrent Rebuild Remembered Sets and Scrub Regions 212.015ms
[4017.751s][info][gc,start       ] GC(1041) Pause Cleanup
[4017.751s][info][gc             ] GC(1041) Pause Cleanup 2288M->2288M(4096M) 0.110ms
[4017.751s][info][gc,cpu         ] GC(1041) User=0.00s Sys=0.00s Real=0.00s
[4017.751s][info][gc,marking     ] GC(1041) Concurrent Clear Claimed Marks
[4017.751s][info][gc,marking     ] GC(1041) Concurrent Clear Claimed Marks 0.021ms
[4017.751s][info][gc,marking     ] GC(1041) Concurrent Cleanup for Next Mark
[4017.756s][info][gc,marking     ] GC(1041) Concurrent Cleanup for Next Mark 4.810ms
[4017.756s][info][gc             ] GC(1041) Concurrent Mark Cycle 1065.978ms
..|[4019.159s][info][gc,start       ] GC(1042) Pause Young (Prepare Mixed) (G1 Evacuation Pause)
[4019.159s][info][gc,task        ] GC(1042) Using 6 workers of 6 for evacuation
[4019.277s][info][gc,phases      ] GC(1042)   Pre Evacuate Collection Set: 0.35ms
[4019.277s][info][gc,phases      ] GC(1042)   Merge Heap Roots: 0.48ms
[4019.277s][info][gc,phases      ] GC(1042)   Evacuate Collection Set: 115.88ms
[4019.277s][info][gc,phases      ] GC(1042)   Post Evacuate Collection Set: 0.94ms
[4019.277s][info][gc,phases      ] GC(1042)   Other: 0.09ms
[4019.277s][info][gc,heap        ] GC(1042) Eden regions: 1119->0(1105)
[4019.277s][info][gc,heap        ] GC(1042) Survivor regions: 109->111(154)
[4019.277s][info][gc,heap        ] GC(1042) Old regions: 506->538
[4019.277s][info][gc,heap        ] GC(1042) Humongous regions: 80->80
[4019.277s][info][gc,metaspace   ] GC(1042) Metaspace: 28897K(29248K)->28897K(29248K) NonClass: 24029K(24192K)->24029K(24192K) Class: 4868K(5056K)->4868K(5056K)
[4019.277s][info][gc             ] GC(1042) Pause Young (Prepare Mixed) (G1 Evacuation Pause) 3626M->1456M(4096M) 117.866ms
[4019.277s][info][gc,cpu         ] GC(1042) User=0.69s Sys=0.01s Real=0.11s
..[4021.770s][info][gc,start       ] GC(1043) Pause Young (Mixed) (G1 Evacuation Pause)
[4021.770s][info][gc,task        ] GC(1043) Using 6 workers of 6 for evacuation
[4021.902s][info][gc,phases      ] GC(1043)   Pre Evacuate Collection Set: 0.38ms
[4021.903s][info][gc,phases      ] GC(1043)   Merge Heap Roots: 0.67ms
[4021.903s][info][gc,phases      ] GC(1043)   Evacuate Collection Set: 130.48ms
[4021.903s][info][gc,phases      ] GC(1043)   Post Evacuate Collection Set: 0.95ms
[4021.903s][info][gc,phases      ] GC(1043)   Other: 0.11ms
[4021.903s][info][gc,heap        ] GC(1043) Eden regions: 1105->0(1119)
[4021.903s][info][gc,heap        ] GC(1043) Survivor regions: 111->109(152)
[4021.903s][info][gc,heap        ] GC(1043) Old regions: 538->475
[4021.903s][info][gc,heap        ] GC(1043) Humongous regions: 80->80
[4021.903s][info][gc,metaspace   ] GC(1043) Metaspace: 28897K(29248K)->28897K(29248K) NonClass: 24029K(24192K)->24029K(24192K) Class: 4868K(5056K)->4868K(5056K)
[4021.903s][info][gc             ] GC(1043) Pause Young (Mixed) (G1 Evacuation Pause) 3666M->1325M(4096M) 132.728ms
[4021.903s][info][gc,cpu         ] GC(1043) User=0.79s Sys=0.00s Real=0.13s
...[4024.390s][info][gc,start       ] GC(1044) Pause Young (Concurrent Start) (G1 Evacuation Pause)
[4024.390s][info][gc,task        ] GC(1044) Using 6 workers of 6 for evacuation
[4024.503s][info][gc,phases      ] GC(1044)   Pre Evacuate Collection Set: 0.39ms
[4024.503s][info][gc,phases      ] GC(1044)   Merge Heap Roots: 0.43ms
[4024.503s][info][gc,phases      ] GC(1044)   Evacuate Collection Set: 111.58ms
[4024.503s][info][gc,phases      ] GC(1044)   Post Evacuate Collection Set: 0.90ms
[4024.503s][info][gc,phases      ] GC(1044)   Other: 0.12ms
[4024.503s][info][gc,heap        ] GC(1044) Eden regions: 1119->0(1119)
[4024.503s][info][gc,heap        ] GC(1044) Survivor regions: 109->109(154)
[4024.503s][info][gc,heap        ] GC(1044) Old regions: 475->505
[4024.503s][info][gc,heap        ] GC(1044) Humongous regions: 80->80
[4024.503s][info][gc,metaspace   ] GC(1044) Metaspace: 28897K(29248K)->28897K(29248K) NonClass: 24029K(24192K)->24029K(24192K) Class: 4868K(5056K)->4868K(5056K)
[4024.503s][info][gc             ] GC(1044) Pause Young (Concurrent Start) (G1 Evacuation Pause) 3563M->1386M(4096M) 113.543ms
[4024.503s][info][gc             ] GC(1045) Concurrent Mark Cycle
[4024.503s][info][gc,marking     ] GC(1045) Concurrent Scan Root Regions
[4024.503s][info][gc,cpu         ] GC(1044) User=0.67s Sys=0.00s Real=0.11s
[4024.646s][info][gc,marking     ] GC(1045) Concurrent Scan Root Regions 143.323ms
[4024.646s][info][gc,marking     ] GC(1045) Concurrent Mark
[4024.646s][info][gc,marking     ] GC(1045) Concurrent Mark From Roots
[4024.646s][info][gc,task        ] GC(1045) Using 2 workers of 2 for marking
.[4025.372s][info][gc,marking     ] GC(1045) Concurrent Mark From Roots 725.923ms
[4025.372s][info][gc,marking     ] GC(1045) Concurrent Preclean
[4025.373s][info][gc,marking     ] GC(1045) Concurrent Preclean 0.084ms
[4025.374s][info][gc,start       ] GC(1045) Pause Remark
[4025.378s][info][gc             ] GC(1045) Pause Remark 2124M->2124M(4096M) 4.093ms
[4025.378s][info][gc,cpu         ] GC(1045) User=0.03s Sys=0.00s Real=0.00s
[4025.378s][info][gc,marking     ] GC(1045) Concurrent Mark 731.343ms
[4025.378s][info][gc,marking     ] GC(1045) Concurrent Rebuild Remembered Sets and Scrub Regions
[4025.742s][info][gc,marking     ] GC(1045) Concurrent Rebuild Remembered Sets and Scrub Regions 363.826ms
[4025.742s][info][gc,start       ] GC(1045) Pause Cleanup
[4025.742s][info][gc             ] GC(1045) Pause Cleanup 2522M->2522M(4096M) 0.112ms
[4025.742s][info][gc,cpu         ] GC(1045) User=0.00s Sys=0.00s Real=0.00s
[4025.742s][info][gc,marking     ] GC(1045) Concurrent Clear Claimed Marks
[4025.742s][info][gc,marking     ] GC(1045) Concurrent Clear Claimed Marks 0.030ms
[4025.742s][info][gc,marking     ] GC(1045) Concurrent Cleanup for Next Mark
[4025.748s][info][gc,marking     ] GC(1045) Concurrent Cleanup for Next Mark 5.765ms
[4025.748s][info][gc             ] GC(1045) Concurrent Mark Cycle 1244.860ms
..[4026.989s][info][gc,start       ] GC(1046) Pause Young (Prepare Mixed) (G1 Evacuation Pause)
[4026.989s][info][gc,task        ] GC(1046) Using 6 workers of 6 for evacuation
[4027.109s][info][gc,phases      ] GC(1046)   Pre Evacuate Collection Set: 0.33ms
[4027.109s][info][gc,phases      ] GC(1046)   Merge Heap Roots: 0.48ms
[4027.109s][info][gc,phases      ] GC(1046)   Evacuate Collection Set: 117.42ms
[4027.109s][info][gc,phases      ] GC(1046)   Post Evacuate Collection Set: 0.93ms
[4027.109s][info][gc,phases      ] GC(1046)   Other: 0.09ms
[4027.109s][info][gc,heap        ] GC(1046) Eden regions: 1119->0(1101)
[4027.109s][info][gc,heap        ] GC(1046) Survivor regions: 109->113(154)
[4027.109s][info][gc,heap        ] GC(1046) Old regions: 505->538
[4027.109s][info][gc,heap        ] GC(1046) Humongous regions: 80->80
[4027.109s][info][gc,metaspace   ] GC(1046) Metaspace: 28897K(29248K)->28897K(29248K) NonClass: 24029K(24192K)->24029K(24192K) Class: 4868K(5056K)->4868K(5056K)
[4027.109s][info][gc             ] GC(1046) Pause Young (Prepare Mixed) (G1 Evacuation Pause) 3624M->1459M(4096M) 119.383ms
[4027.109s][info][gc,cpu         ] GC(1046) User=0.71s Sys=0.00s Real=0.12s
..[4029.663s][info][gc,start       ] GC(1047) Pause Young (Mixed) (G1 Evacuation Pause)
[4029.663s][info][gc,task        ] GC(1047) Using 6 workers of 6 for evacuation
[4029.797s][info][gc,phases      ] GC(1047)   Pre Evacuate Collection Set: 0.36ms
[4029.797s][info][gc,phases      ] GC(1047)   Merge Heap Roots: 0.67ms
[4029.797s][info][gc,phases      ] GC(1047)   Evacuate Collection Set: 131.48ms
[4029.797s][info][gc,phases      ] GC(1047)   Post Evacuate Collection Set: 0.95ms
[4029.797s][info][gc,phases      ] GC(1047)   Other: 0.09ms
[4029.797s][info][gc,heap        ] GC(1047) Eden regions: 1101->0(1116)
[4029.797s][info][gc,heap        ] GC(1047) Survivor regions: 113->112(152)
[4029.797s][info][gc,heap        ] GC(1047) Old regions: 538->473
[4029.797s][info][gc,heap        ] GC(1047) Humongous regions: 80->80
[4029.797s][info][gc,metaspace   ] GC(1047) Metaspace: 28897K(29248K)->28897K(29248K) NonClass: 24029K(24192K)->24029K(24192K) Class: 4868K(5056K)->4868K(5056K)
[4029.797s][info][gc             ] GC(1047) Pause Young (Mixed) (G1 Evacuation Pause) 3661M->1328M(4096M) 133.673ms
[4029.797s][info][gc,cpu         ] GC(1047) User=0.79s Sys=0.00s Real=0.13s
...[4032.205s][info][gc,start       ] GC(1048) Pause Young (Concurrent Start) (G1 Evacuation Pause)
[4032.205s][info][gc,task        ] GC(1048) Using 6 workers of 6 for evacuation
[4032.323s][info][gc,phases      ] GC(1048)   Pre Evacuate Collection Set: 0.39ms
[4032.323s][info][gc,phases      ] GC(1048)   Merge Heap Roots: 0.45ms
[4032.323s][info][gc,phases      ] GC(1048)   Evacuate Collection Set: 115.63ms
[4032.323s][info][gc,phases      ] GC(1048)   Post Evacuate Collection Set: 0.89ms
[4032.323s][info][gc,phases      ] GC(1048)   Other: 0.14ms
[4032.323s][info][gc,heap        ] GC(1048) Eden regions: 1116->0(1116)
[4032.323s][info][gc,heap        ] GC(1048) Survivor regions: 112->112(154)
[4032.323s][info][gc,heap        ] GC(1048) Old regions: 473->505
[4032.323s][info][gc,heap        ] GC(1048) Humongous regions: 80->80
[4032.323s][info][gc,metaspace   ] GC(1048) Metaspace: 28897K(29248K)->28897K(29248K) NonClass: 24029K(24192K)->24029K(24192K) Class: 4868K(5056K)->4868K(5056K)
[4032.323s][info][gc             ] GC(1048) Pause Young (Concurrent Start) (G1 Evacuation Pause) 3560M->1392M(4096M) 117.635ms
[4032.323s][info][gc             ] GC(1049) Concurrent Mark Cycle
[4032.323s][info][gc,marking     ] GC(1049) Concurrent Scan Root Regions
[4032.323s][info][gc,cpu         ] GC(1048) User=0.70s Sys=0.00s Real=0.12s
[4032.515s][info][gc,marking     ] GC(1049) Concurrent Scan Root Regions 191.942ms
[4032.515s][info][gc,marking     ] GC(1049) Concurrent Mark
[4032.515s][info][gc,marking     ] GC(1049) Concurrent Mark From Roots
[4032.515s][info][gc,task        ] GC(1049) Using 2 workers of 2 for marking
.[4033.489s][info][gc,marking     ] GC(1049) Concurrent Mark From Roots 973.929ms
[4033.489s][info][gc,marking     ] GC(1049) Concurrent Preclean
[4033.489s][info][gc,marking     ] GC(1049) Concurrent Preclean 0.114ms
[4033.489s][info][gc,start       ] GC(1049) Pause Remark
[4033.494s][info][gc             ] GC(1049) Pause Remark 2472M->2472M(4096M) 4.372ms
[4033.494s][info][gc,cpu         ] GC(1049) User=0.02s Sys=0.00s Real=0.00s
[4033.494s][info][gc,marking     ] GC(1049) Concurrent Mark 978.982ms
[4033.494s][info][gc,marking     ] GC(1049) Concurrent Rebuild Remembered Sets and Scrub Regions
[4033.839s][info][gc,marking     ] GC(1049) Concurrent Rebuild Remembered Sets and Scrub Regions 345.247ms
[4033.839s][info][gc,start       ] GC(1049) Pause Cleanup
[4033.839s][info][gc             ] GC(1049) Pause Cleanup 2758M->2758M(4096M) 0.103ms
[4033.839s][info][gc,cpu         ] GC(1049) User=0.00s Sys=0.00s Real=0.00s
[4033.839s][info][gc,marking     ] GC(1049) Concurrent Clear Claimed Marks
[4033.839s][info][gc,marking     ] GC(1049) Concurrent Clear Claimed Marks 0.022ms
[4033.839s][info][gc,marking     ] GC(1049) Concurrent Cleanup for Next Mark
[4033.843s][info][gc,marking     ] GC(1049) Concurrent Cleanup for Next Mark 3.368ms
[4033.843s][info][gc             ] GC(1049) Concurrent Mark Cycle 1520.018ms
.[4034.838s][info][gc,start       ] GC(1050) Pause Young (Prepare Mixed) (G1 Evacuation Pause)
[4034.838s][info][gc,task        ] GC(1050) Using 6 workers of 6 for evacuation
[4034.959s][info][gc,phases      ] GC(1050)   Pre Evacuate Collection Set: 0.32ms
[4034.959s][info][gc,phases      ] GC(1050)   Merge Heap Roots: 0.51ms
[4034.959s][info][gc,phases      ] GC(1050)   Evacuate Collection Set: 119.27ms
[4034.959s][info][gc,phases      ] GC(1050)   Post Evacuate Collection Set: 0.93ms
[4034.959s][info][gc,phases      ] GC(1050)   Other: 0.09ms
[4034.960s][info][gc,heap        ] GC(1050) Eden regions: 1116->0(1104)
[4034.960s][info][gc,heap        ] GC(1050) Survivor regions: 112->112(154)
[4034.960s][info][gc,heap        ] GC(1050) Old regions: 505->537
[4034.960s][info][gc,heap        ] GC(1050) Humongous regions: 80->80
[4034.960s][info][gc,metaspace   ] GC(1050) Metaspace: 28897K(29248K)->28897K(29248K) NonClass: 24029K(24192K)->24029K(24192K) Class: 4868K(5056K)->4868K(5056K)
[4034.960s][info][gc             ] GC(1050) Pause Young (Prepare Mixed) (G1 Evacuation Pause) 3624M->1457M(4096M) 121.240ms
[4034.960s][info][gc,cpu         ] GC(1050) User=0.71s Sys=0.00s Real=0.12s
...[4037.431s][info][gc,start       ] GC(1051) Pause Young (Mixed) (G1 Evacuation Pause)
[4037.431s][info][gc,task        ] GC(1051) Using 6 workers of 6 for evacuation
[4037.565s][info][gc,phases      ] GC(1051)   Pre Evacuate Collection Set: 0.41ms
[4037.565s][info][gc,phases      ] GC(1051)   Merge Heap Roots: 0.70ms
[4037.565s][info][gc,phases      ] GC(1051)   Evacuate Collection Set: 131.95ms
[4037.565s][info][gc,phases      ] GC(1051)   Post Evacuate Collection Set: 0.97ms
[4037.565s][info][gc,phases      ] GC(1051)   Other: 0.09ms
[4037.565s][info][gc,heap        ] GC(1051) Eden regions: 1104->0(1117)
[4037.565s][info][gc,heap        ] GC(1051) Survivor regions: 112->111(152)
[4037.565s][info][gc,heap        ] GC(1051) Old regions: 537->475
[4037.565s][info][gc,heap        ] GC(1051) Humongous regions: 80->80
[4037.565s][info][gc,metaspace   ] GC(1051) Metaspace: 28897K(29248K)->28897K(29248K) NonClass: 24029K(24192K)->24029K(24192K) Class: 4868K(5056K)->4868K(5056K)
[4037.565s][info][gc             ] GC(1051) Pause Young (Mixed) (G1 Evacuation Pause) 3665M->1329M(4096M) 134.257ms
[4037.565s][info][gc,cpu         ] GC(1051) User=0.79s Sys=0.00s Real=0.13s
..[4040.019s][info][gc,start       ] GC(1052) Pause Young (Concurrent Start) (G1 Evacuation Pause)
[4040.019s][info][gc,task        ] GC(1052) Using 6 workers of 6 for evacuation
[4040.135s][info][gc,phases      ] GC(1052)   Pre Evacuate Collection Set: 0.38ms
[4040.135s][info][gc,phases      ] GC(1052)   Merge Heap Roots: 0.44ms
[4040.135s][info][gc,phases      ] GC(1052)   Evacuate Collection Set: 114.75ms
[4040.135s][info][gc,phases      ] GC(1052)   Post Evacuate Collection Set: 0.89ms
[4040.135s][info][gc,phases      ] GC(1052)   Other: 0.11ms
[4040.135s][info][gc,heap        ] GC(1052) Eden regions: 1117->0(1118)
[4040.135s][info][gc,heap        ] GC(1052) Survivor regions: 111->110(154)
[4040.135s][info][gc,heap        ] GC(1052) Old regions: 475->507
[4040.135s][info][gc,heap        ] GC(1052) Humongous regions: 80->80
[4040.135s][info][gc,metaspace   ] GC(1052) Metaspace: 28897K(29248K)->28897K(29248K) NonClass: 24029K(24192K)->24029K(24192K) Class: 4868K(5056K)->4868K(5056K)
[4040.135s][info][gc             ] GC(1052) Pause Young (Concurrent Start) (G1 Evacuation Pause) 3563M->1392M(4096M) 116.721ms
[4040.135s][info][gc             ] GC(1053) Concurrent Mark Cycle
[4040.135s][info][gc,marking     ] GC(1053) Concurrent Scan Root Regions
[4040.135s][info][gc,cpu         ] GC(1052) User=0.69s Sys=0.00s Real=0.11s
.[4040.334s][info][gc,marking     ] GC(1053) Concurrent Scan Root Regions 198.422ms
[4040.334s][info][gc,marking     ] GC(1053) Concurrent Mark
[4040.334s][info][gc,marking     ] GC(1053) Concurrent Mark From Roots
[4040.334s][info][gc,task        ] GC(1053) Using 2 workers of 2 for marking
.[4041.319s][info][gc,marking     ] GC(1053) Concurrent Mark From Roots 985.559ms
[4041.319s][info][gc,marking     ] GC(1053) Concurrent Preclean
[4041.320s][info][gc,marking     ] GC(1053) Concurrent Preclean 0.104ms
[4041.320s][info][gc,start       ] GC(1053) Pause Remark
[4041.326s][info][gc             ] GC(1053) Pause Remark 2496M->2496M(4096M) 5.889ms
[4041.326s][info][gc,cpu         ] GC(1053) User=0.04s Sys=0.00s Real=0.00s
[4041.326s][info][gc,marking     ] GC(1053) Concurrent Mark 992.576ms
[4041.326s][info][gc,marking     ] GC(1053) Concurrent Rebuild Remembered Sets and Scrub Regions
[4041.647s][info][gc,marking     ] GC(1053) Concurrent Rebuild Remembered Sets and Scrub Regions 320.285ms
[4041.647s][info][gc,start       ] GC(1053) Pause Cleanup
[4041.647s][info][gc             ] GC(1053) Pause Cleanup 2773M->2773M(4096M) 0.099ms
[4041.647s][info][gc,cpu         ] GC(1053) User=0.00s Sys=0.00s Real=0.00s
[4041.647s][info][gc,marking     ] GC(1053) Concurrent Clear Claimed Marks
[4041.647s][info][gc,marking     ] GC(1053) Concurrent Clear Claimed Marks 0.028ms
[4041.647s][info][gc,marking     ] GC(1053) Concurrent Cleanup for Next Mark
[4041.652s][info][gc,marking     ] GC(1053) Concurrent Cleanup for Next Mark 4.753ms
[4041.652s][info][gc             ] GC(1053) Concurrent Mark Cycle 1516.533ms
.[4042.678s][info][gc,start       ] GC(1054) Pause Young (Prepare Mixed) (G1 Evacuation Pause)
[4042.678s][info][gc,task        ] GC(1054) Using 6 workers of 6 for evacuation
[4042.796s][info][gc,phases      ] GC(1054)   Pre Evacuate Collection Set: 0.33ms
[4042.796s][info][gc,phases      ] GC(1054)   Merge Heap Roots: 0.49ms
[4042.796s][info][gc,phases      ] GC(1054)   Evacuate Collection Set: 115.94ms
[4042.796s][info][gc,phases      ] GC(1054)   Post Evacuate Collection Set: 0.92ms
[4042.796s][info][gc,phases      ] GC(1054)   Other: 0.09ms
[4042.796s][info][gc,heap        ] GC(1054) Eden regions: 1118->0(1103)
[4042.796s][info][gc,heap        ] GC(1054) Survivor regions: 110->112(154)
[4042.796s][info][gc,heap        ] GC(1054) Old regions: 507->538
[4042.796s][info][gc,heap        ] GC(1054) Humongous regions: 80->80
[4042.796s][info][gc,metaspace   ] GC(1054) Metaspace: 28897K(29248K)->28897K(29248K) NonClass: 24029K(24192K)->24029K(24192K) Class: 4868K(5056K)->4868K(5056K)
[4042.796s][info][gc             ] GC(1054) Pause Young (Prepare Mixed) (G1 Evacuation Pause) 3628M->1459M(4096M) 117.909ms
[4042.796s][info][gc,cpu         ] GC(1054) User=0.70s Sys=0.00s Real=0.12s
...[4045.266s][info][gc,start       ] GC(1055) Pause Young (Mixed) (G1 Evacuation Pause)
[4045.266s][info][gc,task        ] GC(1055) Using 6 workers of 6 for evacuation
[4045.399s][info][gc,phases      ] GC(1055)   Pre Evacuate Collection Set: 0.37ms
[4045.399s][info][gc,phases      ] GC(1055)   Merge Heap Roots: 0.66ms
[4045.399s][info][gc,phases      ] GC(1055)   Evacuate Collection Set: 130.81ms
[4045.399s][info][gc,phases      ] GC(1055)   Post Evacuate Collection Set: 0.94ms
[4045.399s][info][gc,phases      ] GC(1055)   Other: 0.09ms
[4045.399s][info][gc,heap        ] GC(1055) Eden regions: 1103->0(1119)
[4045.399s][info][gc,heap        ] GC(1055) Survivor regions: 112->109(152)
[4045.399s][info][gc,heap        ] GC(1055) Old regions: 538->475
[4045.399s][info][gc,heap        ] GC(1055) Humongous regions: 80->80
[4045.399s][info][gc,metaspace   ] GC(1055) Metaspace: 28897K(29248K)->28897K(29248K) NonClass: 24029K(24192K)->24029K(24192K) Class: 4868K(5056K)->4868K(5056K)
[4045.399s][info][gc             ] GC(1055) Pause Young (Mixed) (G1 Evacuation Pause) 3665M->1326M(4096M) 132.995ms
[4045.399s][info][gc,cpu         ] GC(1055) User=0.78s Sys=0.00s Real=0.14s
..[4047.911s][info][gc,start       ] GC(1056) Pause Young (Concurrent Start) (G1 Evacuation Pause)
[4047.911s][info][gc,task        ] GC(1056) Using 6 workers of 6 for evacuation
[4048.028s][info][gc,phases      ] GC(1056)   Pre Evacuate Collection Set: 0.40ms
[4048.028s][info][gc,phases      ] GC(1056)   Merge Heap Roots: 0.43ms
[4048.028s][info][gc,phases      ] GC(1056)   Evacuate Collection Set: 115.08ms
[4048.028s][info][gc,phases      ] GC(1056)   Post Evacuate Collection Set: 0.89ms
[4048.028s][info][gc,phases      ] GC(1056)   Other: 0.12ms
[4048.028s][info][gc,heap        ] GC(1056) Eden regions: 1119->0(1117)
[4048.028s][info][gc,heap        ] GC(1056) Survivor regions: 109->111(154)
[4048.028s][info][gc,heap        ] GC(1056) Old regions: 475->508
[4048.028s][info][gc,heap        ] GC(1056) Humongous regions: 80->80
[4048.028s][info][gc,metaspace   ] GC(1056) Metaspace: 28897K(29248K)->28897K(29248K) NonClass: 24029K(24192K)->24029K(24192K) Class: 4868K(5056K)->4868K(5056K)
[4048.028s][info][gc             ] GC(1056) Pause Young (Concurrent Start) (G1 Evacuation Pause) 3564M->1395M(4096M) 117.043ms
[4048.028s][info][gc             ] GC(1057) Concurrent Mark Cycle
[4048.028s][info][gc,marking     ] GC(1057) Concurrent Scan Root Regions
[4048.028s][info][gc,cpu         ] GC(1056) User=0.69s Sys=0.00s Real=0.12s
.[4048.201s][info][gc,marking     ] GC(1057) Concurrent Scan Root Regions 173.089ms
[4048.201s][info][gc,marking     ] GC(1057) Concurrent Mark
[4048.201s][info][gc,marking     ] GC(1057) Concurrent Mark From Roots
[4048.201s][info][gc,task        ] GC(1057) Using 2 workers of 2 for marking
[4048.931s][info][gc,marking     ] GC(1057) Concurrent Mark From Roots 730.094ms
[4048.931s][info][gc,marking     ] GC(1057) Concurrent Preclean
[4048.932s][info][gc,marking     ] GC(1057) Concurrent Preclean 0.115ms
[4048.934s][info][gc,start       ] GC(1057) Pause Remark
[4048.940s][info][gc             ] GC(1057) Pause Remark 2161M->2161M(4096M) 5.533ms
[4048.940s][info][gc,cpu         ] GC(1057) User=0.03s Sys=0.00s Real=0.01s
[4048.941s][info][gc,marking     ] GC(1057) Concurrent Mark 739.234ms
[4048.941s][info][gc,marking     ] GC(1057) Concurrent Rebuild Remembered Sets and Scrub Regions
[4049.206s][info][gc,marking     ] GC(1057) Concurrent Rebuild Remembered Sets and Scrub Regions 265.907ms
.[4049.208s][info][gc,start       ] GC(1057) Pause Cleanup
[4049.208s][info][gc             ] GC(1057) Pause Cleanup 2453M->2453M(4096M) 0.119ms
[4049.208s][info][gc,cpu         ] GC(1057) User=0.00s Sys=0.00s Real=0.00s
[4049.208s][info][gc,marking     ] GC(1057) Concurrent Clear Claimed Marks
[4049.208s][info][gc,marking     ] GC(1057) Concurrent Clear Claimed Marks 0.033ms
[4049.208s][info][gc,marking     ] GC(1057) Concurrent Cleanup for Next Mark
[4049.213s][info][gc,marking     ] GC(1057) Concurrent Cleanup for Next Mark 4.507ms
[4049.213s][info][gc             ] GC(1057) Concurrent Mark Cycle 1184.433ms
.[4050.493s][info][gc,start       ] GC(1058) Pause Young (Prepare Mixed) (G1 Evacuation Pause)
[4050.493s][info][gc,task        ] GC(1058) Using 6 workers of 6 for evacuation
[4050.611s][info][gc,phases      ] GC(1058)   Pre Evacuate Collection Set: 0.34ms
[4050.611s][info][gc,phases      ] GC(1058)   Merge Heap Roots: 0.54ms
[4050.611s][info][gc,phases      ] GC(1058)   Evacuate Collection Set: 116.05ms
[4050.611s][info][gc,phases      ] GC(1058)   Post Evacuate Collection Set: 0.92ms
[4050.611s][info][gc,phases      ] GC(1058)   Other: 0.09ms
[4050.611s][info][gc,heap        ] GC(1058) Eden regions: 1117->0(1105)
[4050.611s][info][gc,heap        ] GC(1058) Survivor regions: 111->110(154)
[4050.611s][info][gc,heap        ] GC(1058) Old regions: 508->540
[4050.611s][info][gc,heap        ] GC(1058) Humongous regions: 80->80
[4050.611s][info][gc,metaspace   ] GC(1058) Metaspace: 28897K(29248K)->28897K(29248K) NonClass: 24029K(24192K)->24029K(24192K) Class: 4868K(5056K)->4868K(5056K)
[4050.611s][info][gc             ] GC(1058) Pause Young (Prepare Mixed) (G1 Evacuation Pause) 3629M->1457M(4096M) 118.073ms
[4050.611s][info][gc,cpu         ] GC(1058) User=0.70s Sys=0.00s Real=0.12s
..[4053.092s][info][gc,start       ] GC(1059) Pause Young (Mixed) (G1 Evacuation Pause)
[4053.092s][info][gc,task        ] GC(1059) Using 6 workers of 6 for evacuation
[4053.224s][info][gc,phases      ] GC(1059)   Pre Evacuate Collection Set: 0.36ms
[4053.224s][info][gc,phases      ] GC(1059)   Merge Heap Roots: 0.58ms
[4053.224s][info][gc,phases      ] GC(1059)   Evacuate Collection Set: 129.95ms
[4053.224s][info][gc,phases      ] GC(1059)   Post Evacuate Collection Set: 0.95ms
[4053.224s][info][gc,phases      ] GC(1059)   Other: 0.09ms
[4053.224s][info][gc,heap        ] GC(1059) Eden regions: 1105->0(1117)
[4053.224s][info][gc,heap        ] GC(1059) Survivor regions: 110->111(152)
[4053.224s][info][gc,heap        ] GC(1059) Old regions: 540->476
[4053.224s][info][gc,heap        ] GC(1059) Humongous regions: 80->80
[4053.224s][info][gc,metaspace   ] GC(1059) Metaspace: 28897K(29248K)->28897K(29248K) NonClass: 24029K(24192K)->24029K(24192K) Class: 4868K(5056K)->4868K(5056K)
[4053.224s][info][gc             ] GC(1059) Pause Young (Mixed) (G1 Evacuation Pause) 3667M->1332M(4096M) 132.050ms
[4053.224s][info][gc,cpu         ] GC(1059) User=0.78s Sys=0.00s Real=0.13s
...[4055.745s][info][gc,start       ] GC(1060) Pause Young (Concurrent Start) (G1 Evacuation Pause)
[4055.745s][info][gc,task        ] GC(1060) Using 6 workers of 6 for evacuation
[4055.862s][info][gc,phases      ] GC(1060)   Pre Evacuate Collection Set: 0.36ms
[4055.862s][info][gc,phases      ] GC(1060)   Merge Heap Roots: 0.45ms
[4055.862s][info][gc,phases      ] GC(1060)   Evacuate Collection Set: 115.41ms
[4055.862s][info][gc,phases      ] GC(1060)   Post Evacuate Collection Set: 0.90ms
[4055.862s][info][gc,phases      ] GC(1060)   Other: 0.10ms
[4055.862s][info][gc,heap        ] GC(1060) Eden regions: 1117->0(1116)
[4055.862s][info][gc,heap        ] GC(1060) Survivor regions: 111->112(154)
[4055.862s][info][gc,heap        ] GC(1060) Old regions: 476->508
[4055.862s][info][gc,heap        ] GC(1060) Humongous regions: 80->80
[4055.862s][info][gc,metaspace   ] GC(1060) Metaspace: 28897K(29248K)->28897K(29248K) NonClass: 24029K(24192K)->24029K(24192K) Class: 4868K(5056K)->4868K(5056K)
[4055.862s][info][gc             ] GC(1060) Pause Young (Concurrent Start) (G1 Evacuation Pause) 3566M->1398M(4096M) 117.356ms
[4055.862s][info][gc             ] GC(1061) Concurrent Mark Cycle
[4055.862s][info][gc,marking     ] GC(1061) Concurrent Scan Root Regions
[4055.862s][info][gc,cpu         ] GC(1060) User=0.69s Sys=0.00s Real=0.12s
[4056.052s][info][gc,marking     ] GC(1061) Concurrent Scan Root Regions 190.324ms
[4056.053s][info][gc,marking     ] GC(1061) Concurrent Mark
[4056.053s][info][gc,marking     ] GC(1061) Concurrent Mark From Roots
[4056.053s][info][gc,task        ] GC(1061) Using 2 workers of 2 for marking
.[4057.117s][info][gc,marking     ] GC(1061) Concurrent Mark From Roots 1064.841ms
[4057.117s][info][gc,marking     ] GC(1061) Concurrent Preclean
[4057.118s][info][gc,marking     ] GC(1061) Concurrent Preclean 0.122ms
[4057.119s][info][gc,start       ] GC(1061) Pause Remark
[4057.123s][info][gc             ] GC(1061) Pause Remark 2544M->2544M(4096M) 3.546ms
[4057.123s][info][gc,cpu         ] GC(1061) User=0.02s Sys=0.00s Real=0.00s
[4057.123s][info][gc,marking     ] GC(1061) Concurrent Mark 1070.313ms
[4057.123s][info][gc,marking     ] GC(1061) Concurrent Rebuild Remembered Sets and Scrub Regions
[4057.382s][info][gc,marking     ] GC(1061) Concurrent Rebuild Remembered Sets and Scrub Regions 259.346ms
[4057.382s][info][gc,start       ] GC(1061) Pause Cleanup
[4057.383s][info][gc             ] GC(1061) Pause Cleanup 2772M->2772M(4096M) 0.769ms
[4057.383s][info][gc,cpu         ] GC(1061) User=0.00s Sys=0.00s Real=0.00s
[4057.383s][info][gc,marking     ] GC(1061) Concurrent Clear Claimed Marks
[4057.383s][info][gc,marking     ] GC(1061) Concurrent Clear Claimed Marks 0.030ms
[4057.383s][info][gc,marking     ] GC(1061) Concurrent Cleanup for Next Mark
[4057.387s][info][gc,marking     ] GC(1061) Concurrent Cleanup for Next Mark 3.577ms
[4057.387s][info][gc             ] GC(1061) Concurrent Mark Cycle 1524.700ms
.[4058.361s][info][gc,start       ] GC(1062) Pause Young (Prepare Mixed) (G1 Evacuation Pause)
[4058.361s][info][gc,task        ] GC(1062) Using 6 workers of 6 for evacuation
[4058.481s][info][gc,phases      ] GC(1062)   Pre Evacuate Collection Set: 0.33ms
[4058.481s][info][gc,phases      ] GC(1062)   Merge Heap Roots: 0.47ms
[4058.481s][info][gc,phases      ] GC(1062)   Evacuate Collection Set: 118.72ms
[4058.481s][info][gc,phases      ] GC(1062)   Post Evacuate Collection Set: 0.92ms
[4058.481s][info][gc,phases      ] GC(1062)   Other: 0.08ms
[4058.481s][info][gc,heap        ] GC(1062) Eden regions: 1116->0(1098)
[4058.482s][info][gc,heap        ] GC(1062) Survivor regions: 112->114(154)
[4058.482s][info][gc,heap        ] GC(1062) Old regions: 508->539
[4058.482s][info][gc,heap        ] GC(1062) Humongous regions: 80->80
[4058.482s][info][gc,metaspace   ] GC(1062) Metaspace: 28897K(29248K)->28897K(29248K) NonClass: 24029K(24192K)->24029K(24192K) Class: 4868K(5056K)->4868K(5056K)
[4058.482s][info][gc             ] GC(1062) Pause Young (Prepare Mixed) (G1 Evacuation Pause) 3630M->1464M(4096M) 120.654ms
[4058.482s][info][gc,cpu         ] GC(1062) User=0.72s Sys=0.00s Real=0.12s
...[4060.893s][info][gc,start       ] GC(1063) Pause Young (Mixed) (G1 Evacuation Pause)
[4060.893s][info][gc,task        ] GC(1063) Using 6 workers of 6 for evacuation
[4061.032s][info][gc,phases      ] GC(1063)   Pre Evacuate Collection Set: 0.36ms
[4061.032s][info][gc,phases      ] GC(1063)   Merge Heap Roots: 0.70ms
[4061.032s][info][gc,phases      ] GC(1063)   Evacuate Collection Set: 136.65ms
[4061.032s][info][gc,phases      ] GC(1063)   Post Evacuate Collection Set: 0.96ms
[4061.032s][info][gc,phases      ] GC(1063)   Other: 0.09ms
[4061.032s][info][gc,heap        ] GC(1063) Eden regions: 1098->0(1115)
[4061.032s][info][gc,heap        ] GC(1063) Survivor regions: 114->113(152)
[4061.032s][info][gc,heap        ] GC(1063) Old regions: 539->475
[4061.032s][info][gc,heap        ] GC(1063) Humongous regions: 80->80
[4061.032s][info][gc,metaspace   ] GC(1063) Metaspace: 28897K(29248K)->28897K(29248K) NonClass: 24029K(24192K)->24029K(24192K) Class: 4868K(5056K)->4868K(5056K)
[4061.032s][info][gc             ] GC(1063) Pause Young (Mixed) (G1 Evacuation Pause) 3660M->1333M(4096M) 138.882ms
[4061.032s][info][gc,cpu         ] GC(1063) User=0.82s Sys=0.00s Real=0.14s
..[4063.493s][info][gc,start       ] GC(1064) Pause Young (Concurrent Start) (G1 Evacuation Pause)
[4063.493s][info][gc,task        ] GC(1064) Using 6 workers of 6 for evacuation
[4063.611s][info][gc,phases      ] GC(1064)   Pre Evacuate Collection Set: 0.37ms
[4063.611s][info][gc,phases      ] GC(1064)   Merge Heap Roots: 0.42ms
[4063.611s][info][gc,phases      ] GC(1064)   Evacuate Collection Set: 116.73ms
[4063.611s][info][gc,phases      ] GC(1064)   Post Evacuate Collection Set: 0.92ms
[4063.611s][info][gc,phases      ] GC(1064)   Other: 0.10ms
[4063.611s][info][gc,heap        ] GC(1064) Eden regions: 1115->0(1117)
[4063.611s][info][gc,heap        ] GC(1064) Survivor regions: 113->111(154)
[4063.611s][info][gc,heap        ] GC(1064) Old regions: 475->506
[4063.611s][info][gc,heap        ] GC(1064) Humongous regions: 80->80
[4063.611s][info][gc,metaspace   ] GC(1064) Metaspace: 28897K(29248K)->28897K(29248K) NonClass: 24029K(24192K)->24029K(24192K) Class: 4868K(5056K)->4868K(5056K)
[4063.611s][info][gc             ] GC(1064) Pause Young (Concurrent Start) (G1 Evacuation Pause) 3563M->1392M(4096M) 118.702ms
[4063.611s][info][gc             ] GC(1065) Concurrent Mark Cycle
[4063.611s][info][gc,marking     ] GC(1065) Concurrent Scan Root Regions
[4063.611s][info][gc,cpu         ] GC(1064) User=0.70s Sys=0.00s Real=0.12s
.[4063.751s][info][gc,marking     ] GC(1065) Concurrent Scan Root Regions 140.144ms
[4063.752s][info][gc,marking     ] GC(1065) Concurrent Mark
[4063.752s][info][gc,marking     ] GC(1065) Concurrent Mark From Roots
[4063.752s][info][gc,task        ] GC(1065) Using 2 workers of 2 for marking
[4064.480s][info][gc,marking     ] GC(1065) Concurrent Mark From Roots 727.947ms
[4064.480s][info][gc,marking     ] GC(1065) Concurrent Preclean
[4064.480s][info][gc,marking     ] GC(1065) Concurrent Preclean 0.129ms
[4064.480s][info][gc,start       ] GC(1065) Pause Remark
[4064.484s][info][gc             ] GC(1065) Pause Remark 2108M->2108M(4096M) 4.555ms
[4064.484s][info][gc,cpu         ] GC(1065) User=0.02s Sys=0.00s Real=0.00s
[4064.486s][info][gc,marking     ] GC(1065) Concurrent Mark 734.668ms
[4064.486s][info][gc,marking     ] GC(1065) Concurrent Rebuild Remembered Sets and Scrub Regions
.[4064.755s][info][gc,marking     ] GC(1065) Concurrent Rebuild Remembered Sets and Scrub Regions 269.203ms
[4064.756s][info][gc,start       ] GC(1065) Pause Cleanup
[4064.756s][info][gc             ] GC(1065) Pause Cleanup 2414M->2414M(4096M) 0.103ms
[4064.756s][info][gc,cpu         ] GC(1065) User=0.00s Sys=0.00s Real=0.00s
[4064.756s][info][gc,marking     ] GC(1065) Concurrent Clear Claimed Marks
[4064.756s][info][gc,marking     ] GC(1065) Concurrent Clear Claimed Marks 0.022ms
[4064.756s][info][gc,marking     ] GC(1065) Concurrent Cleanup for Next Mark
[4064.760s][info][gc,marking     ] GC(1065) Concurrent Cleanup for Next Mark 4.575ms
[4064.760s][info][gc             ] GC(1065) Concurrent Mark Cycle 1149.122ms
.[4066.100s][info][gc,start       ] GC(1066) Pause Young (Prepare Mixed) (G1 Evacuation Pause)
[4066.100s][info][gc,task        ] GC(1066) Using 6 workers of 6 for evacuation
[4066.218s][info][gc,phases      ] GC(1066)   Pre Evacuate Collection Set: 0.36ms
[4066.218s][info][gc,phases      ] GC(1066)   Merge Heap Roots: 0.47ms
[4066.218s][info][gc,phases      ] GC(1066)   Evacuate Collection Set: 116.07ms
[4066.218s][info][gc,phases      ] GC(1066)   Post Evacuate Collection Set: 0.93ms
[4066.218s][info][gc,phases      ] GC(1066)   Other: 0.09ms
[4066.218s][info][gc,heap        ] GC(1066) Eden regions: 1117->0(1105)
[4066.218s][info][gc,heap        ] GC(1066) Survivor regions: 111->111(154)
[4066.218s][info][gc,heap        ] GC(1066) Old regions: 506->538
[4066.218s][info][gc,heap        ] GC(1066) Humongous regions: 80->80
[4066.218s][info][gc,metaspace   ] GC(1066) Metaspace: 28897K(29248K)->28897K(29248K) NonClass: 24029K(24192K)->24029K(24192K) Class: 4868K(5056K)->4868K(5056K)
[4066.218s][info][gc             ] GC(1066) Pause Young (Prepare Mixed) (G1 Evacuation Pause) 3626M->1455M(4096M) 118.041ms
[4066.218s][info][gc,cpu         ] GC(1066) User=0.70s Sys=0.00s Real=0.11s
...[4068.726s][info][gc,start       ] GC(1067) Pause Young (Mixed) (G1 Evacuation Pause)
[4068.726s][info][gc,task        ] GC(1067) Using 6 workers of 6 for evacuation
[4068.860s][info][gc,phases      ] GC(1067)   Pre Evacuate Collection Set: 0.38ms
[4068.860s][info][gc,phases      ] GC(1067)   Merge Heap Roots: 0.61ms
[4068.860s][info][gc,phases      ] GC(1067)   Evacuate Collection Set: 131.79ms
[4068.860s][info][gc,phases      ] GC(1067)   Post Evacuate Collection Set: 0.95ms
[4068.860s][info][gc,phases      ] GC(1067)   Other: 0.09ms
[4068.860s][info][gc,heap        ] GC(1067) Eden regions: 1105->0(1118)
[4068.860s][info][gc,heap        ] GC(1067) Survivor regions: 111->110(152)
[4068.860s][info][gc,heap        ] GC(1067) Old regions: 538->474
[4068.860s][info][gc,heap        ] GC(1067) Humongous regions: 80->80
[4068.860s][info][gc,metaspace   ] GC(1067) Metaspace: 28897K(29248K)->28897K(29248K) NonClass: 24029K(24192K)->24029K(24192K) Class: 4868K(5056K)->4868K(5056K)
[4068.860s][info][gc             ] GC(1067) Pause Young (Mixed) (G1 Evacuation Pause) 3665M->1327M(4096M) 133.947ms
[4068.860s][info][gc,cpu         ] GC(1067) User=0.79s Sys=0.00s Real=0.14s
..[4071.291s][info][gc,start       ] GC(1068) Pause Young (Concurrent Start) (G1 Evacuation Pause)
[4071.291s][info][gc,task        ] GC(1068) Using 6 workers of 6 for evacuation
[4071.407s][info][gc,phases      ] GC(1068)   Pre Evacuate Collection Set: 0.36ms
[4071.407s][info][gc,phases      ] GC(1068)   Merge Heap Roots: 0.42ms
[4071.407s][info][gc,phases      ] GC(1068)   Evacuate Collection Set: 114.78ms
[4071.407s][info][gc,phases      ] GC(1068)   Post Evacuate Collection Set: 0.95ms
[4071.407s][info][gc,phases      ] GC(1068)   Other: 0.12ms
[4071.407s][info][gc,heap        ] GC(1068) Eden regions: 1118->0(1119)
[4071.407s][info][gc,heap        ] GC(1068) Survivor regions: 110->109(154)
[4071.407s][info][gc,heap        ] GC(1068) Old regions: 474->506
[4071.407s][info][gc,heap        ] GC(1068) Humongous regions: 80->80
[4071.407s][info][gc,metaspace   ] GC(1068) Metaspace: 28897K(29248K)->28897K(29248K) NonClass: 24029K(24192K)->24029K(24192K) Class: 4868K(5056K)->4868K(5056K)
[4071.407s][info][gc             ] GC(1068) Pause Young (Concurrent Start) (G1 Evacuation Pause) 3563M->1389M(4096M) 116.764ms
[4071.407s][info][gc             ] GC(1069) Concurrent Mark Cycle
[4071.407s][info][gc,marking     ] GC(1069) Concurrent Scan Root Regions
[4071.407s][info][gc,cpu         ] GC(1068) User=0.69s Sys=0.00s Real=0.11s
[4071.613s][info][gc,marking     ] GC(1069) Concurrent Scan Root Regions 205.144ms
[4071.613s][info][gc,marking     ] GC(1069) Concurrent Mark
[4071.613s][info][gc,marking     ] GC(1069) Concurrent Mark From Roots
[4071.613s][info][gc,task        ] GC(1069) Using 2 workers of 2 for marking
.[4072.536s][info][gc,marking     ] GC(1069) Concurrent Mark From Roots 923.044ms
[4072.536s][info][gc,marking     ] GC(1069) Concurrent Preclean
[4072.536s][info][gc,marking     ] GC(1069) Concurrent Preclean 0.120ms
[4072.536s][info][gc,start       ] GC(1069) Pause Remark
[4072.542s][info][gc             ] GC(1069) Pause Remark 2393M->2393M(4096M) 6.106ms
[4072.542s][info][gc,cpu         ] GC(1069) User=0.04s Sys=0.00s Real=0.01s
[4072.542s][info][gc,marking     ] GC(1069) Concurrent Mark 929.613ms
[4072.542s][info][gc,marking     ] GC(1069) Concurrent Rebuild Remembered Sets and Scrub Regions
.[4072.919s][info][gc,marking     ] GC(1069) Concurrent Rebuild Remembered Sets and Scrub Regions 376.831ms
[4072.919s][info][gc,start       ] GC(1069) Pause Cleanup
[4072.919s][info][gc             ] GC(1069) Pause Cleanup 2737M->2737M(4096M) 0.111ms
[4072.919s][info][gc,cpu         ] GC(1069) User=0.00s Sys=0.00s Real=0.00s
[4072.921s][info][gc,marking     ] GC(1069) Concurrent Clear Claimed Marks
[4072.921s][info][gc,marking     ] GC(1069) Concurrent Clear Claimed Marks 0.052ms
[4072.921s][info][gc,marking     ] GC(1069) Concurrent Cleanup for Next Mark
[4072.928s][info][gc,marking     ] GC(1069) Concurrent Cleanup for Next Mark 6.835ms
[4072.928s][info][gc             ] GC(1069) Concurrent Mark Cycle 1520.864ms
.[4073.919s][info][gc,start       ] GC(1070) Pause Young (Prepare Mixed) (G1 Evacuation Pause)
[4073.919s][info][gc,task        ] GC(1070) Using 6 workers of 6 for evacuation
[4074.043s][info][gc,phases      ] GC(1070)   Pre Evacuate Collection Set: 0.31ms
[4074.043s][info][gc,phases      ] GC(1070)   Merge Heap Roots: 0.50ms
[4074.043s][info][gc,phases      ] GC(1070)   Evacuate Collection Set: 121.63ms
[4074.043s][info][gc,phases      ] GC(1070)   Post Evacuate Collection Set: 0.94ms
[4074.043s][info][gc,phases      ] GC(1070)   Other: 0.10ms
[4074.043s][info][gc,heap        ] GC(1070) Eden regions: 1119->0(1101)
[4074.043s][info][gc,heap        ] GC(1070) Survivor regions: 109->113(154)
[4074.043s][info][gc,heap        ] GC(1070) Old regions: 506->538
[4074.043s][info][gc,heap        ] GC(1070) Humongous regions: 80->80
[4074.043s][info][gc,metaspace   ] GC(1070) Metaspace: 28897K(29248K)->28897K(29248K) NonClass: 24029K(24192K)->24029K(24192K) Class: 4868K(5056K)->4868K(5056K)
[4074.043s][info][gc             ] GC(1070) Pause Young (Prepare Mixed) (G1 Evacuation Pause) 3627M->1461M(4096M) 123.599ms
[4074.043s][info][gc,cpu         ] GC(1070) User=0.73s Sys=0.00s Real=0.12s
..[4076.488s][info][gc,start       ] GC(1071) Pause Young (Mixed) (G1 Evacuation Pause)
[4076.488s][info][gc,task        ] GC(1071) Using 6 workers of 6 for evacuation
[4076.619s][info][gc,phases      ] GC(1071)   Pre Evacuate Collection Set: 0.36ms
[4076.619s][info][gc,phases      ] GC(1071)   Merge Heap Roots: 0.67ms
[4076.619s][info][gc,phases      ] GC(1071)   Evacuate Collection Set: 129.03ms
[4076.619s][info][gc,phases      ] GC(1071)   Post Evacuate Collection Set: 0.97ms
[4076.620s][info][gc,phases      ] GC(1071)   Other: 0.09ms
[4076.620s][info][gc,heap        ] GC(1071) Eden regions: 1101->0(1119)
[4076.620s][info][gc,heap        ] GC(1071) Survivor regions: 113->109(152)
[4076.620s][info][gc,heap        ] GC(1071) Old regions: 538->475
[4076.620s][info][gc,heap        ] GC(1071) Humongous regions: 80->80
[4076.620s][info][gc,metaspace   ] GC(1071) Metaspace: 28897K(29248K)->28897K(29248K) NonClass: 24029K(24192K)->24029K(24192K) Class: 4868K(5056K)->4868K(5056K)
[4076.620s][info][gc             ] GC(1071) Pause Young (Mixed) (G1 Evacuation Pause) 3663M->1326M(4096M) 131.249ms
[4076.620s][info][gc,cpu         ] GC(1071) User=0.77s Sys=0.00s Real=0.13s
...[4079.200s][info][gc,start       ] GC(1072) Pause Young (Concurrent Start) (G1 Evacuation Pause)
[4079.200s][info][gc,task        ] GC(1072) Using 6 workers of 6 for evacuation
[4079.324s][info][gc,phases      ] GC(1072)   Pre Evacuate Collection Set: 0.37ms
[4079.324s][info][gc,phases      ] GC(1072)   Merge Heap Roots: 0.43ms
[4079.324s][info][gc,phases      ] GC(1072)   Evacuate Collection Set: 122.14ms
[4079.324s][info][gc,phases      ] GC(1072)   Post Evacuate Collection Set: 0.89ms
[4079.324s][info][gc,phases      ] GC(1072)   Other: 0.10ms
[4079.324s][info][gc,heap        ] GC(1072) Eden regions: 1119->0(1111)
[4079.324s][info][gc,heap        ] GC(1072) Survivor regions: 109->117(154)
[4079.324s][info][gc,heap        ] GC(1072) Old regions: 475->508
[4079.324s][info][gc,heap        ] GC(1072) Humongous regions: 80->80
[4079.324s][info][gc,metaspace   ] GC(1072) Metaspace: 28897K(29248K)->28897K(29248K) NonClass: 24029K(24192K)->24029K(24192K) Class: 4868K(5056K)->4868K(5056K)
[4079.324s][info][gc             ] GC(1072) Pause Young (Concurrent Start) (G1 Evacuation Pause) 3564M->1408M(4096M) 124.055ms
[4079.324s][info][gc             ] GC(1073) Concurrent Mark Cycle
[4079.324s][info][gc,marking     ] GC(1073) Concurrent Scan Root Regions
[4079.324s][info][gc,cpu         ] GC(1072) User=0.74s Sys=0.00s Real=0.12s
[4079.545s][info][gc,marking     ] GC(1073) Concurrent Scan Root Regions 221.165ms
[4079.545s][info][gc,marking     ] GC(1073) Concurrent Mark
[4079.545s][info][gc,marking     ] GC(1073) Concurrent Mark From Roots
[4079.545s][info][gc,task        ] GC(1073) Using 2 workers of 2 for marking
. (rIR:aIR:PR = 7195:7200:7198) (tPR = 106897) [OK] 
  4079s: Performance info:
         Transaction,    Success,    Partial,     Failed,   Receipts, AvgBarcode, 
             Overall,     438139,          0,          0,     416235,      59.48, 
         Response times:
             Request,    Success,    Partial,     Failed,   SkipFail,     Probes,    Samples,      min,      p50,      p90,      p95,      p99,      max, 
       TotalPurchase,     416479,          0,          0,          0,     362622,     467372,      300,     6200,    65000,   100000,   150000,   430000,
     InStorePurchase,     219010,          0,          0,          0,     190377,     245442,      300,     6000,    64000,    99000,   150000,   430000,
      OnlinePurchase,     153634,          0,          0,          0,     133359,     171653,      300,     6300,    66000,   101000,   152000,   408000,
        InstPurchase,      43835,          0,          0,          0,      38886,      50277,      400,     6500,    67000,   102000,   150000,   313000,
          AssocOfCat,        438,          0,          0,          0,        348,        551,    25000,    41000,   139800,   162000,   219720,   266000,
      AssocOfProduct,       4364,          0,          0,          0,       4049,       5432,      700,     5700,    63000,    95000,   154000,   231000,
      BusinessReport,       1087,          0,          0,          0,        943,       1350,    28000,    48000,   133900,   168000,   210490,   281000,
          CustBuyBeh,       4375,          0,          0,          0,       4062,       5457,      200,     6300,    66000,   103000,   150420,   214000,
       ProductReturn,      11675,          0,          0,          0,       9840,      13045,      200,     6100,    67000,   103000,   148000,   252000,

  4079s: (53%)   IR =   7334 [4080.490s][info][gc,marking     ] GC(1073) Concurrent Mark From Roots 944.385ms
[4080.490s][info][gc,marking     ] GC(1073) Concurrent Preclean
[4080.490s][info][gc,marking     ] GC(1073) Concurrent Preclean 0.106ms
[4080.490s][info][gc,start       ] GC(1073) Pause Remark
[4080.496s][info][gc             ] GC(1073) Pause Remark 2426M->2426M(4096M) 6.125ms
[4080.496s][info][gc,cpu         ] GC(1073) User=0.03s Sys=0.00s Real=0.00s
[4080.496s][info][gc,marking     ] GC(1073) Concurrent Mark 951.031ms
[4080.496s][info][gc,marking     ] GC(1073) Concurrent Rebuild Remembered Sets and Scrub Regions
.[4080.884s][info][gc,marking     ] GC(1073) Concurrent Rebuild Remembered Sets and Scrub Regions 387.283ms
[4080.884s][info][gc,start       ] GC(1073) Pause Cleanup
[4080.884s][info][gc             ] GC(1073) Pause Cleanup 2810M->2810M(4096M) 0.113ms
[4080.884s][info][gc,cpu         ] GC(1073) User=0.00s Sys=0.00s Real=0.00s
[4080.884s][info][gc,marking     ] GC(1073) Concurrent Clear Claimed Marks
[4080.884s][info][gc,marking     ] GC(1073) Concurrent Clear Claimed Marks 0.033ms
[4080.884s][info][gc,marking     ] GC(1073) Concurrent Cleanup for Next Mark
[4080.890s][info][gc,marking     ] GC(1073) Concurrent Cleanup for Next Mark 5.055ms
[4080.890s][info][gc             ] GC(1073) Concurrent Mark Cycle 1565.493ms
[4081.791s][info][gc,start       ] GC(1074) Pause Young (Prepare Mixed) (G1 Evacuation Pause)
[4081.791s][info][gc,task        ] GC(1074) Using 6 workers of 6 for evacuation
[4081.908s][info][gc,phases      ] GC(1074)   Pre Evacuate Collection Set: 0.34ms
[4081.908s][info][gc,phases      ] GC(1074)   Merge Heap Roots: 0.47ms
[4081.908s][info][gc,phases      ] GC(1074)   Evacuate Collection Set: 114.71ms
[4081.908s][info][gc,phases      ] GC(1074)   Post Evacuate Collection Set: 0.93ms
[4081.908s][info][gc,phases      ] GC(1074)   Other: 0.09ms
[4081.908s][info][gc,heap        ] GC(1074) Eden regions: 1111->0(1107)
[4081.908s][info][gc,heap        ] GC(1074) Survivor regions: 117->109(154)
[4081.908s][info][gc,heap        ] GC(1074) Old regions: 508->540
[4081.908s][info][gc,heap        ] GC(1074) Humongous regions: 80->80
[4081.908s][info][gc,metaspace   ] GC(1074) Metaspace: 28897K(29248K)->28897K(29248K) NonClass: 24029K(24192K)->24029K(24192K) Class: 4868K(5056K)->4868K(5056K)
[4081.908s][info][gc             ] GC(1074) Pause Young (Prepare Mixed) (G1 Evacuation Pause) 3630M->1455M(4096M) 116.683ms
[4081.908s][info][gc,cpu         ] GC(1074) User=0.69s Sys=0.01s Real=0.11s
...[4084.331s][info][gc,start       ] GC(1075) Pause Young (Mixed) (G1 Evacuation Pause)
[4084.331s][info][gc,task        ] GC(1075) Using 6 workers of 6 for evacuation
[4084.468s][info][gc,phases      ] GC(1075)   Pre Evacuate Collection Set: 0.36ms
[4084.468s][info][gc,phases      ] GC(1075)   Merge Heap Roots: 0.71ms
[4084.468s][info][gc,phases      ] GC(1075)   Evacuate Collection Set: 135.17ms
[4084.468s][info][gc,phases      ] GC(1075)   Post Evacuate Collection Set: 0.93ms
[4084.468s][info][gc,phases      ] GC(1075)   Other: 0.09ms
[4084.468s][info][gc,heap        ] GC(1075) Eden regions: 1107->0(1117)
[4084.468s][info][gc,heap        ] GC(1075) Survivor regions: 109->111(152)
[4084.468s][info][gc,heap        ] GC(1075) Old regions: 540->475
[4084.468s][info][gc,heap        ] GC(1075) Humongous regions: 80->80
[4084.468s][info][gc,metaspace   ] GC(1075) Metaspace: 28897K(29248K)->28897K(29248K) NonClass: 24029K(24192K)->24029K(24192K) Class: 4868K(5056K)->4868K(5056K)
[4084.468s][info][gc             ] GC(1075) Pause Young (Mixed) (G1 Evacuation Pause) 3669M->1330M(4096M) 137.383ms
[4084.468s][info][gc,cpu         ] GC(1075) User=0.81s Sys=0.01s Real=0.14s
.|.[4086.875s][info][gc,start       ] GC(1076) Pause Young (Concurrent Start) (G1 Evacuation Pause)
[4086.875s][info][gc,task        ] GC(1076) Using 6 workers of 6 for evacuation
[4086.992s][info][gc,phases      ] GC(1076)   Pre Evacuate Collection Set: 0.42ms
[4086.992s][info][gc,phases      ] GC(1076)   Merge Heap Roots: 0.45ms
[4086.992s][info][gc,phases      ] GC(1076)   Evacuate Collection Set: 114.62ms
[4086.992s][info][gc,phases      ] GC(1076)   Post Evacuate Collection Set: 0.89ms
[4086.992s][info][gc,phases      ] GC(1076)   Other: 0.12ms
[4086.992s][info][gc,heap        ] GC(1076) Eden regions: 1117->0(1119)
[4086.992s][info][gc,heap        ] GC(1076) Survivor regions: 111->109(154)
[4086.992s][info][gc,heap        ] GC(1076) Old regions: 475->507
[4086.992s][info][gc,heap        ] GC(1076) Humongous regions: 80->80
[4086.992s][info][gc,metaspace   ] GC(1076) Metaspace: 28897K(29248K)->28897K(29248K) NonClass: 24029K(24192K)->24029K(24192K) Class: 4868K(5056K)->4868K(5056K)
[4086.992s][info][gc             ] GC(1076) Pause Young (Concurrent Start) (G1 Evacuation Pause) 3564M->1389M(4096M) 116.620ms
[4086.992s][info][gc             ] GC(1077) Concurrent Mark Cycle
[4086.992s][info][gc,marking     ] GC(1077) Concurrent Scan Root Regions
[4086.992s][info][gc,cpu         ] GC(1076) User=0.69s Sys=0.00s Real=0.12s
.[4087.202s][info][gc,marking     ] GC(1077) Concurrent Scan Root Regions 209.694ms
[4087.202s][info][gc,marking     ] GC(1077) Concurrent Mark
[4087.202s][info][gc,marking     ] GC(1077) Concurrent Mark From Roots
[4087.202s][info][gc,task        ] GC(1077) Using 2 workers of 2 for marking
.[4088.146s][info][gc,marking     ] GC(1077) Concurrent Mark From Roots 944.255ms
[4088.146s][info][gc,marking     ] GC(1077) Concurrent Preclean
[4088.146s][info][gc,marking     ] GC(1077) Concurrent Preclean 0.152ms
[4088.146s][info][gc,start       ] GC(1077) Pause Remark
[4088.151s][info][gc             ] GC(1077) Pause Remark 2443M->2443M(4096M) 5.035ms
[4088.151s][info][gc,cpu         ] GC(1077) User=0.03s Sys=0.00s Real=0.01s
[4088.151s][info][gc,marking     ] GC(1077) Concurrent Mark 949.747ms
[4088.151s][info][gc,marking     ] GC(1077) Concurrent Rebuild Remembered Sets and Scrub Regions
[4088.415s][info][gc,marking     ] GC(1077) Concurrent Rebuild Remembered Sets and Scrub Regions 264.082ms
[4088.416s][info][gc,start       ] GC(1077) Pause Cleanup
[4088.416s][info][gc             ] GC(1077) Pause Cleanup 2694M->2694M(4096M) 0.102ms
[4088.416s][info][gc,cpu         ] GC(1077) User=0.00s Sys=0.00s Real=0.00s
[4088.416s][info][gc,marking     ] GC(1077) Concurrent Clear Claimed Marks
[4088.416s][info][gc,marking     ] GC(1077) Concurrent Clear Claimed Marks 0.020ms
[4088.416s][info][gc,marking     ] GC(1077) Concurrent Cleanup for Next Mark
[4088.419s][info][gc,marking     ] GC(1077) Concurrent Cleanup for Next Mark 3.294ms
[4088.419s][info][gc             ] GC(1077) Concurrent Mark Cycle 1427.236ms
.[4089.464s][info][gc,start       ] GC(1078) Pause Young (Prepare Mixed) (G1 Evacuation Pause)
[4089.464s][info][gc,task        ] GC(1078) Using 6 workers of 6 for evacuation
[4089.581s][info][gc,phases      ] GC(1078)   Pre Evacuate Collection Set: 0.31ms
[4089.581s][info][gc,phases      ] GC(1078)   Merge Heap Roots: 0.52ms
[4089.581s][info][gc,phases      ] GC(1078)   Evacuate Collection Set: 114.99ms
[4089.581s][info][gc,phases      ] GC(1078)   Post Evacuate Collection Set: 0.94ms
[4089.581s][info][gc,phases      ] GC(1078)   Other: 0.09ms
[4089.581s][info][gc,heap        ] GC(1078) Eden regions: 1119->0(1105)
[4089.581s][info][gc,heap        ] GC(1078) Survivor regions: 109->111(154)
[4089.581s][info][gc,heap        ] GC(1078) Old regions: 507->538
[4089.581s][info][gc,heap        ] GC(1078) Humongous regions: 80->80
[4089.581s][info][gc,metaspace   ] GC(1078) Metaspace: 28897K(29248K)->28897K(29248K) NonClass: 24029K(24192K)->24029K(24192K) Class: 4868K(5056K)->4868K(5056K)
[4089.581s][info][gc             ] GC(1078) Pause Young (Prepare Mixed) (G1 Evacuation Pause) 3627M->1456M(4096M) 116.983ms
[4089.581s][info][gc,cpu         ] GC(1078) User=0.70s Sys=0.00s Real=0.12s
...[4092.064s][info][gc,start       ] GC(1079) Pause Young (Mixed) (G1 Evacuation Pause)
[4092.064s][info][gc,task        ] GC(1079) Using 6 workers of 6 for evacuation
[4092.202s][info][gc,phases      ] GC(1079)   Pre Evacuate Collection Set: 0.35ms
[4092.202s][info][gc,phases      ] GC(1079)   Merge Heap Roots: 0.69ms
[4092.202s][info][gc,phases      ] GC(1079)   Evacuate Collection Set: 135.53ms
[4092.202s][info][gc,phases      ] GC(1079)   Post Evacuate Collection Set: 1.00ms
[4092.202s][info][gc,phases      ] GC(1079)   Other: 0.09ms
[4092.202s][info][gc,heap        ] GC(1079) Eden regions: 1105->0(1114)
[4092.202s][info][gc,heap        ] GC(1079) Survivor regions: 111->114(152)
[4092.202s][info][gc,heap        ] GC(1079) Old regions: 538->474
[4092.202s][info][gc,heap        ] GC(1079) Humongous regions: 80->80
[4092.202s][info][gc,metaspace   ] GC(1079) Metaspace: 28897K(29248K)->28897K(29248K) NonClass: 24029K(24192K)->24029K(24192K) Class: 4868K(5056K)->4868K(5056K)
[4092.202s][info][gc             ] GC(1079) Pause Young (Mixed) (G1 Evacuation Pause) 3666M->1335M(4096M) 137.813ms
[4092.202s][info][gc,cpu         ] GC(1079) User=0.82s Sys=0.00s Real=0.14s
..[4094.633s][info][gc,start       ] GC(1080) Pause Young (Concurrent Start) (G1 Evacuation Pause)
[4094.633s][info][gc,task        ] GC(1080) Using 6 workers of 6 for evacuation
[4094.750s][info][gc,phases      ] GC(1080)   Pre Evacuate Collection Set: 0.38ms
[4094.750s][info][gc,phases      ] GC(1080)   Merge Heap Roots: 0.44ms
[4094.750s][info][gc,phases      ] GC(1080)   Evacuate Collection Set: 115.67ms
[4094.750s][info][gc,phases      ] GC(1080)   Post Evacuate Collection Set: 0.89ms
[4094.750s][info][gc,phases      ] GC(1080)   Other: 0.11ms
[4094.750s][info][gc,heap        ] GC(1080) Eden regions: 1114->0(1118)
[4094.751s][info][gc,heap        ] GC(1080) Survivor regions: 114->110(154)
[4094.751s][info][gc,heap        ] GC(1080) Old regions: 474->506
[4094.751s][info][gc,heap        ] GC(1080) Humongous regions: 80->80
[4094.751s][info][gc,metaspace   ] GC(1080) Metaspace: 28897K(29248K)->28897K(29248K) NonClass: 24029K(24192K)->24029K(24192K) Class: 4868K(5056K)->4868K(5056K)
[4094.751s][info][gc             ] GC(1080) Pause Young (Concurrent Start) (G1 Evacuation Pause) 3563M->1391M(4096M) 117.631ms
[4094.751s][info][gc             ] GC(1081) Concurrent Mark Cycle
[4094.751s][info][gc,marking     ] GC(1081) Concurrent Scan Root Regions
[4094.751s][info][gc,cpu         ] GC(1080) User=0.69s Sys=0.00s Real=0.12s
[4094.900s][info][gc,marking     ] GC(1081) Concurrent Scan Root Regions 149.374ms
[4094.900s][info][gc,marking     ] GC(1081) Concurrent Mark
[4094.900s][info][gc,marking     ] GC(1081) Concurrent Mark From Roots
[4094.900s][info][gc,task        ] GC(1081) Using 2 workers of 2 for marking
.[4095.617s][info][gc,marking     ] GC(1081) Concurrent Mark From Roots 717.159ms
[4095.617s][info][gc,marking     ] GC(1081) Concurrent Preclean
[4095.617s][info][gc,marking     ] GC(1081) Concurrent Preclean 0.100ms
[4095.617s][info][gc,start       ] GC(1081) Pause Remark
[4095.623s][info][gc             ] GC(1081) Pause Remark 2121M->2121M(4096M) 5.388ms
[4095.623s][info][gc,cpu         ] GC(1081) User=0.03s Sys=0.00s Real=0.01s
[4095.624s][info][gc,marking     ] GC(1081) Concurrent Mark 723.535ms
[4095.624s][info][gc,marking     ] GC(1081) Concurrent Rebuild Remembered Sets and Scrub Regions
[4096.014s][info][gc,marking     ] GC(1081) Concurrent Rebuild Remembered Sets and Scrub Regions 389.968ms
[4096.016s][info][gc,start       ] GC(1081) Pause Cleanup
[4096.016s][info][gc             ] GC(1081) Pause Cleanup 2457M->2457M(4096M) 0.128ms
[4096.016s][info][gc,cpu         ] GC(1081) User=0.00s Sys=0.00s Real=0.00s
[4096.016s][info][gc,marking     ] GC(1081) Concurrent Clear Claimed Marks
[4096.016s][info][gc,marking     ] GC(1081) Concurrent Clear Claimed Marks 0.025ms
[4096.016s][info][gc,marking     ] GC(1081) Concurrent Cleanup for Next Mark
[4096.021s][info][gc,marking     ] GC(1081) Concurrent Cleanup for Next Mark 5.050ms
[4096.021s][info][gc             ] GC(1081) Concurrent Mark Cycle 1270.537ms
..[4097.272s][info][gc,start       ] GC(1082) Pause Young (Prepare Mixed) (G1 Evacuation Pause)
[4097.272s][info][gc,task        ] GC(1082) Using 6 workers of 6 for evacuation
[4097.388s][info][gc,phases      ] GC(1082)   Pre Evacuate Collection Set: 0.35ms
[4097.388s][info][gc,phases      ] GC(1082)   Merge Heap Roots: 0.45ms
[4097.388s][info][gc,phases      ] GC(1082)   Evacuate Collection Set: 114.39ms
[4097.388s][info][gc,phases      ] GC(1082)   Post Evacuate Collection Set: 0.91ms
[4097.388s][info][gc,phases      ] GC(1082)   Other: 0.09ms
[4097.388s][info][gc,heap        ] GC(1082) Eden regions: 1118->0(1109)
[4097.388s][info][gc,heap        ] GC(1082) Survivor regions: 110->109(154)
[4097.388s][info][gc,heap        ] GC(1082) Old regions: 506->538
[4097.388s][info][gc,heap        ] GC(1082) Humongous regions: 80->80
[4097.388s][info][gc,metaspace   ] GC(1082) Metaspace: 28897K(29248K)->28897K(29248K) NonClass: 24029K(24192K)->24029K(24192K) Class: 4868K(5056K)->4868K(5056K)
[4097.388s][info][gc             ] GC(1082) Pause Young (Prepare Mixed) (G1 Evacuation Pause) 3627M->1452M(4096M) 116.315ms
[4097.388s][info][gc,cpu         ] GC(1082) User=0.69s Sys=0.00s Real=0.12s
..[4099.711s][info][gc,start       ] GC(1083) Pause Young (Mixed) (G1 Evacuation Pause)
[4099.711s][info][gc,task        ] GC(1083) Using 6 workers of 6 for evacuation
[4099.841s][info][gc,phases      ] GC(1083)   Pre Evacuate Collection Set: 0.37ms
[4099.841s][info][gc,phases      ] GC(1083)   Merge Heap Roots: 0.61ms
[4099.841s][info][gc,phases      ] GC(1083)   Evacuate Collection Set: 127.76ms
[4099.841s][info][gc,phases      ] GC(1083)   Post Evacuate Collection Set: 0.94ms
[4099.841s][info][gc,phases      ] GC(1083)   Other: 0.09ms
[4099.841s][info][gc,heap        ] GC(1083) Eden regions: 1109->0(1119)
[4099.841s][info][gc,heap        ] GC(1083) Survivor regions: 109->109(153)
[4099.841s][info][gc,heap        ] GC(1083) Old regions: 538->474
[4099.841s][info][gc,heap        ] GC(1083) Humongous regions: 80->80
[4099.841s][info][gc,metaspace   ] GC(1083) Metaspace: 28897K(29248K)->28897K(29248K) NonClass: 24029K(24192K)->24029K(24192K) Class: 4868K(5056K)->4868K(5056K)
[4099.841s][info][gc             ] GC(1083) Pause Young (Mixed) (G1 Evacuation Pause) 3670M->1325M(4096M) 129.895ms
[4099.841s][info][gc,cpu         ] GC(1083) User=0.77s Sys=0.00s Real=0.13s
...[4102.329s][info][gc,start       ] GC(1084) Pause Young (Concurrent Start) (G1 Evacuation Pause)
[4102.329s][info][gc,task        ] GC(1084) Using 6 workers of 6 for evacuation
[4102.443s][info][gc,phases      ] GC(1084)   Pre Evacuate Collection Set: 0.42ms
[4102.443s][info][gc,phases      ] GC(1084)   Merge Heap Roots: 0.47ms
[4102.443s][info][gc,phases      ] GC(1084)   Evacuate Collection Set: 112.33ms
[4102.443s][info][gc,phases      ] GC(1084)   Post Evacuate Collection Set: 0.88ms
[4102.443s][info][gc,phases      ] GC(1084)   Other: 0.14ms
[4102.443s][info][gc,heap        ] GC(1084) Eden regions: 1119->0(1121)
[4102.443s][info][gc,heap        ] GC(1084) Survivor regions: 109->107(154)
[4102.443s][info][gc,heap        ] GC(1084) Old regions: 474->507
[4102.443s][info][gc,heap        ] GC(1084) Humongous regions: 80->80
[4102.443s][info][gc,metaspace   ] GC(1084) Metaspace: 28897K(29248K)->28897K(29248K) NonClass: 24029K(24192K)->24029K(24192K) Class: 4868K(5056K)->4868K(5056K)
[4102.443s][info][gc             ] GC(1084) Pause Young (Concurrent Start) (G1 Evacuation Pause) 3563M->1386M(4096M) 114.388ms
[4102.443s][info][gc             ] GC(1085) Concurrent Mark Cycle
[4102.443s][info][gc,marking     ] GC(1085) Concurrent Scan Root Regions
[4102.443s][info][gc,cpu         ] GC(1084) User=0.68s Sys=0.00s Real=0.11s
[4102.648s][info][gc,marking     ] GC(1085) Concurrent Scan Root Regions 204.761ms
[4102.648s][info][gc,marking     ] GC(1085) Concurrent Mark
[4102.648s][info][gc,marking     ] GC(1085) Concurrent Mark From Roots
[4102.648s][info][gc,task        ] GC(1085) Using 2 workers of 2 for marking
.[4103.610s][info][gc,marking     ] GC(1085) Concurrent Mark From Roots 962.491ms
[4103.610s][info][gc,marking     ] GC(1085) Concurrent Preclean
[4103.610s][info][gc,marking     ] GC(1085) Concurrent Preclean 0.089ms
[4103.611s][info][gc,start       ] GC(1085) Pause Remark
[4103.617s][info][gc             ] GC(1085) Pause Remark 2460M->2460M(4096M) 6.258ms
[4103.617s][info][gc,cpu         ] GC(1085) User=0.04s Sys=0.00s Real=0.00s
[4103.617s][info][gc,marking     ] GC(1085) Concurrent Mark 969.138ms
[4103.617s][info][gc,marking     ] GC(1085) Concurrent Rebuild Remembered Sets and Scrub Regions
[4103.907s][info][gc,marking     ] GC(1085) Concurrent Rebuild Remembered Sets and Scrub Regions 290.177ms
[4103.908s][info][gc,start       ] GC(1085) Pause Cleanup
[4103.908s][info][gc             ] GC(1085) Pause Cleanup 2714M->2714M(4096M) 0.118ms
[4103.908s][info][gc,cpu         ] GC(1085) User=0.00s Sys=0.00s Real=0.00s
[4103.908s][info][gc,marking     ] GC(1085) Concurrent Clear Claimed Marks
[4103.908s][info][gc,marking     ] GC(1085) Concurrent Clear Claimed Marks 0.032ms
[4103.908s][info][gc,marking     ] GC(1085) Concurrent Cleanup for Next Mark
[4103.912s][info][gc,marking     ] GC(1085) Concurrent Cleanup for Next Mark 4.606ms
[4103.913s][info][gc             ] GC(1085) Concurrent Mark Cycle 1469.619ms
.[4104.924s][info][gc,start       ] GC(1086) Pause Young (Prepare Mixed) (G1 Evacuation Pause)
[4104.924s][info][gc,task        ] GC(1086) Using 6 workers of 6 for evacuation
[4105.040s][info][gc,phases      ] GC(1086)   Pre Evacuate Collection Set: 0.37ms
[4105.040s][info][gc,phases      ] GC(1086)   Merge Heap Roots: 0.48ms
[4105.040s][info][gc,phases      ] GC(1086)   Evacuate Collection Set: 114.08ms
[4105.040s][info][gc,phases      ] GC(1086)   Post Evacuate Collection Set: 0.92ms
[4105.040s][info][gc,phases      ] GC(1086)   Other: 0.09ms
[4105.040s][info][gc,heap        ] GC(1086) Eden regions: 1121->0(1106)
[4105.040s][info][gc,heap        ] GC(1086) Survivor regions: 107->110(154)
[4105.040s][info][gc,heap        ] GC(1086) Old regions: 507->539
[4105.040s][info][gc,heap        ] GC(1086) Humongous regions: 80->80
[4105.040s][info][gc,metaspace   ] GC(1086) Metaspace: 28897K(29248K)->28897K(29248K) NonClass: 24029K(24192K)->24029K(24192K) Class: 4868K(5056K)->4868K(5056K)
[4105.040s][info][gc             ] GC(1086) Pause Young (Prepare Mixed) (G1 Evacuation Pause) 3628M->1456M(4096M) 116.070ms
[4105.040s][info][gc,cpu         ] GC(1086) User=0.69s Sys=0.00s Real=0.12s
...[4107.466s][info][gc,start       ] GC(1087) Pause Young (Mixed) (G1 Evacuation Pause)
[4107.466s][info][gc,task        ] GC(1087) Using 6 workers of 6 for evacuation
[4107.597s][info][gc,phases      ] GC(1087)   Pre Evacuate Collection Set: 0.42ms
[4107.598s][info][gc,phases      ] GC(1087)   Merge Heap Roots: 0.73ms
[4107.598s][info][gc,phases      ] GC(1087)   Evacuate Collection Set: 129.17ms
[4107.598s][info][gc,phases      ] GC(1087)   Post Evacuate Collection Set: 1.00ms
[4107.598s][info][gc,phases      ] GC(1087)   Other: 0.10ms
[4107.598s][info][gc,heap        ] GC(1087) Eden regions: 1106->0(1120)
[4107.598s][info][gc,heap        ] GC(1087) Survivor regions: 110->108(152)
[4107.598s][info][gc,heap        ] GC(1087) Old regions: 539->475
[4107.598s][info][gc,heap        ] GC(1087) Humongous regions: 80->80
[4107.598s][info][gc,metaspace   ] GC(1087) Metaspace: 28897K(29248K)->28897K(29248K) NonClass: 24029K(24192K)->24029K(24192K) Class: 4868K(5056K)->4868K(5056K)
[4107.598s][info][gc             ] GC(1087) Pause Young (Mixed) (G1 Evacuation Pause) 3668M->1325M(4096M) 131.560ms
[4107.598s][info][gc,cpu         ] GC(1087) User=0.78s Sys=0.00s Real=0.13s
..[4110.047s][info][gc,start       ] GC(1088) Pause Young (Concurrent Start) (G1 Evacuation Pause)
[4110.047s][info][gc,task        ] GC(1088) Using 6 workers of 6 for evacuation
[4110.165s][info][gc,phases      ] GC(1088)   Pre Evacuate Collection Set: 0.37ms
[4110.165s][info][gc,phases      ] GC(1088)   Merge Heap Roots: 0.43ms
[4110.165s][info][gc,phases      ] GC(1088)   Evacuate Collection Set: 116.03ms
[4110.165s][info][gc,phases      ] GC(1088)   Post Evacuate Collection Set: 0.89ms
[4110.165s][info][gc,phases      ] GC(1088)   Other: 0.11ms
[4110.165s][info][gc,heap        ] GC(1088) Eden regions: 1120->0(1117)
[4110.165s][info][gc,heap        ] GC(1088) Survivor regions: 108->111(154)
[4110.165s][info][gc,heap        ] GC(1088) Old regions: 475->507
[4110.165s][info][gc,heap        ] GC(1088) Humongous regions: 80->80
[4110.165s][info][gc,metaspace   ] GC(1088) Metaspace: 28897K(29248K)->28897K(29248K) NonClass: 24029K(24192K)->24029K(24192K) Class: 4868K(5056K)->4868K(5056K)
[4110.165s][info][gc             ] GC(1088) Pause Young (Concurrent Start) (G1 Evacuation Pause) 3565M->1394M(4096M) 117.965ms
[4110.165s][info][gc             ] GC(1089) Concurrent Mark Cycle
[4110.165s][info][gc,marking     ] GC(1089) Concurrent Scan Root Regions
[4110.165s][info][gc,cpu         ] GC(1088) User=0.70s Sys=0.00s Real=0.12s
.[4110.318s][info][gc,marking     ] GC(1089) Concurrent Scan Root Regions 153.152ms
[4110.318s][info][gc,marking     ] GC(1089) Concurrent Mark
[4110.318s][info][gc,marking     ] GC(1089) Concurrent Mark From Roots
[4110.318s][info][gc,task        ] GC(1089) Using 2 workers of 2 for marking
[4111.066s][info][gc,marking     ] GC(1089) Concurrent Mark From Roots 747.615ms
[4111.066s][info][gc,marking     ] GC(1089) Concurrent Preclean
[4111.066s][info][gc,marking     ] GC(1089) Concurrent Preclean 0.117ms
[4111.068s][info][gc,start       ] GC(1089) Pause Remark
[4111.073s][info][gc             ] GC(1089) Pause Remark 2180M->2180M(4096M) 4.830ms
[4111.073s][info][gc,cpu         ] GC(1089) User=0.02s Sys=0.00s Real=0.00s
[4111.074s][info][gc,marking     ] GC(1089) Concurrent Mark 756.391ms
[4111.074s][info][gc,marking     ] GC(1089) Concurrent Rebuild Remembered Sets and Scrub Regions
.[4111.426s][info][gc,marking     ] GC(1089) Concurrent Rebuild Remembered Sets and Scrub Regions 351.290ms
[4111.426s][info][gc,start       ] GC(1089) Pause Cleanup
[4111.426s][info][gc             ] GC(1089) Pause Cleanup 2555M->2555M(4096M) 0.097ms
[4111.426s][info][gc,cpu         ] GC(1089) User=0.00s Sys=0.00s Real=0.00s
[4111.426s][info][gc,marking     ] GC(1089) Concurrent Clear Claimed Marks
[4111.426s][info][gc,marking     ] GC(1089) Concurrent Clear Claimed Marks 0.022ms
[4111.426s][info][gc,marking     ] GC(1089) Concurrent Cleanup for Next Mark
[4111.430s][info][gc,marking     ] GC(1089) Concurrent Cleanup for Next Mark 3.986ms
[4111.430s][info][gc             ] GC(1089) Concurrent Mark Cycle 1265.328ms
.[4112.625s][info][gc,start       ] GC(1090) Pause Young (Prepare Mixed) (G1 Evacuation Pause)
[4112.626s][info][gc,task        ] GC(1090) Using 6 workers of 6 for evacuation
[4112.747s][info][gc,phases      ] GC(1090)   Pre Evacuate Collection Set: 0.33ms
[4112.747s][info][gc,phases      ] GC(1090)   Merge Heap Roots: 0.48ms
[4112.747s][info][gc,phases      ] GC(1090)   Evacuate Collection Set: 119.38ms
[4112.747s][info][gc,phases      ] GC(1090)   Post Evacuate Collection Set: 0.91ms
[4112.747s][info][gc,phases      ] GC(1090)   Other: 0.08ms
[4112.747s][info][gc,heap        ] GC(1090) Eden regions: 1117->0(1098)
[4112.747s][info][gc,heap        ] GC(1090) Survivor regions: 111->114(154)
[4112.747s][info][gc,heap        ] GC(1090) Old regions: 507->539
[4112.747s][info][gc,heap        ] GC(1090) Humongous regions: 80->80
[4112.747s][info][gc,metaspace   ] GC(1090) Metaspace: 28897K(29248K)->28897K(29248K) NonClass: 24029K(24192K)->24029K(24192K) Class: 4868K(5056K)->4868K(5056K)
[4112.747s][info][gc             ] GC(1090) Pause Young (Prepare Mixed) (G1 Evacuation Pause) 3628M->1463M(4096M) 121.322ms
[4112.747s][info][gc,cpu         ] GC(1090) User=0.71s Sys=0.00s Real=0.12s
..[4115.126s][info][gc,start       ] GC(1091) Pause Young (Mixed) (G1 Evacuation Pause)
[4115.126s][info][gc,task        ] GC(1091) Using 6 workers of 6 for evacuation
[4115.259s][info][gc,phases      ] GC(1091)   Pre Evacuate Collection Set: 0.42ms
[4115.259s][info][gc,phases      ] GC(1091)   Merge Heap Roots: 0.63ms
[4115.259s][info][gc,phases      ] GC(1091)   Evacuate Collection Set: 130.76ms
[4115.259s][info][gc,phases      ] GC(1091)   Post Evacuate Collection Set: 0.95ms
[4115.259s][info][gc,phases      ] GC(1091)   Other: 0.08ms
[4115.259s][info][gc,heap        ] GC(1091) Eden regions: 1098->0(1118)
[4115.259s][info][gc,heap        ] GC(1091) Survivor regions: 114->110(152)
[4115.259s][info][gc,heap        ] GC(1091) Old regions: 539->476
[4115.259s][info][gc,heap        ] GC(1091) Humongous regions: 80->80
[4115.259s][info][gc,metaspace   ] GC(1091) Metaspace: 28897K(29248K)->28897K(29248K) NonClass: 24029K(24192K)->24029K(24192K) Class: 4868K(5056K)->4868K(5056K)
[4115.259s][info][gc             ] GC(1091) Pause Young (Mixed) (G1 Evacuation Pause) 3659M->1329M(4096M) 132.970ms
[4115.259s][info][gc,cpu         ] GC(1091) User=0.79s Sys=0.00s Real=0.14s
...[4117.730s][info][gc,start       ] GC(1092) Pause Young (Concurrent Start) (G1 Evacuation Pause)
[4117.730s][info][gc,task        ] GC(1092) Using 6 workers of 6 for evacuation
[4117.845s][info][gc,phases      ] GC(1092)   Pre Evacuate Collection Set: 0.38ms
[4117.845s][info][gc,phases      ] GC(1092)   Merge Heap Roots: 0.45ms
[4117.845s][info][gc,phases      ] GC(1092)   Evacuate Collection Set: 113.46ms
[4117.845s][info][gc,phases      ] GC(1092)   Post Evacuate Collection Set: 0.87ms
[4117.845s][info][gc,phases      ] GC(1092)   Other: 0.09ms
[4117.845s][info][gc,heap        ] GC(1092) Eden regions: 1118->0(1118)
[4117.845s][info][gc,heap        ] GC(1092) Survivor regions: 110->110(154)
[4117.845s][info][gc,heap        ] GC(1092) Old regions: 476->508
[4117.845s][info][gc,heap        ] GC(1092) Humongous regions: 80->80
[4117.845s][info][gc,metaspace   ] GC(1092) Metaspace: 28897K(29248K)->28897K(29248K) NonClass: 24029K(24192K)->24029K(24192K) Class: 4868K(5056K)->4868K(5056K)
[4117.845s][info][gc             ] GC(1092) Pause Young (Concurrent Start) (G1 Evacuation Pause) 3565M->1393M(4096M) 115.385ms
[4117.845s][info][gc             ] GC(1093) Concurrent Mark Cycle
[4117.845s][info][gc,marking     ] GC(1093) Concurrent Scan Root Regions
[4117.845s][info][gc,cpu         ] GC(1092) User=0.68s Sys=0.00s Real=0.11s
[4118.038s][info][gc,marking     ] GC(1093) Concurrent Scan Root Regions 192.554ms
[4118.038s][info][gc,marking     ] GC(1093) Concurrent Mark
[4118.038s][info][gc,marking     ] GC(1093) Concurrent Mark From Roots
[4118.038s][info][gc,task        ] GC(1093) Using 2 workers of 2 for marking
.[4119.026s][info][gc,marking     ] GC(1093) Concurrent Mark From Roots 988.442ms
[4119.027s][info][gc,marking     ] GC(1093) Concurrent Preclean
[4119.027s][info][gc,marking     ] GC(1093) Concurrent Preclean 0.115ms
[4119.027s][info][gc,start       ] GC(1093) Pause Remark
[4119.033s][info][gc             ] GC(1093) Pause Remark 2461M->2461M(4096M) 6.085ms
[4119.033s][info][gc,cpu         ] GC(1093) User=0.03s Sys=0.00s Real=0.01s
[4119.034s][info][gc,marking     ] GC(1093) Concurrent Mark 995.793ms
[4119.034s][info][gc,marking     ] GC(1093) Concurrent Rebuild Remembered Sets and Scrub Regions
.[4119.387s][info][gc,marking     ] GC(1093) Concurrent Rebuild Remembered Sets and Scrub Regions 353.185ms
[4119.388s][info][gc,start       ] GC(1093) Pause Cleanup
[4119.389s][info][gc             ] GC(1093) Pause Cleanup 2805M->2805M(4096M) 0.125ms
[4119.389s][info][gc,cpu         ] GC(1093) User=0.00s Sys=0.00s Real=0.00s
[4119.389s][info][gc,marking     ] GC(1093) Concurrent Clear Claimed Marks
[4119.389s][info][gc,marking     ] GC(1093) Concurrent Clear Claimed Marks 0.031ms
[4119.389s][info][gc,marking     ] GC(1093) Concurrent Cleanup for Next Mark
[4119.394s][info][gc,marking     ] GC(1093) Concurrent Cleanup for Next Mark 5.324ms
[4119.394s][info][gc             ] GC(1093) Concurrent Mark Cycle 1548.609ms
[4120.311s][info][gc,start       ] GC(1094) Pause Young (Prepare Mixed) (G1 Evacuation Pause)
[4120.311s][info][gc,task        ] GC(1094) Using 6 workers of 6 for evacuation
[4120.432s][info][gc,phases      ] GC(1094)   Pre Evacuate Collection Set: 0.33ms
[4120.432s][info][gc,phases      ] GC(1094)   Merge Heap Roots: 0.50ms
[4120.432s][info][gc,phases      ] GC(1094)   Evacuate Collection Set: 119.14ms
[4120.432s][info][gc,phases      ] GC(1094)   Post Evacuate Collection Set: 0.89ms
[4120.432s][info][gc,phases      ] GC(1094)   Other: 0.09ms
[4120.432s][info][gc,heap        ] GC(1094) Eden regions: 1118->0(1099)
[4120.432s][info][gc,heap        ] GC(1094) Survivor regions: 110->113(154)
[4120.432s][info][gc,heap        ] GC(1094) Old regions: 508->540
[4120.432s][info][gc,heap        ] GC(1094) Humongous regions: 80->80
[4120.432s][info][gc,metaspace   ] GC(1094) Metaspace: 28897K(29248K)->28897K(29248K) NonClass: 24029K(24192K)->24029K(24192K) Class: 4868K(5056K)->4868K(5056K)
[4120.432s][info][gc             ] GC(1094) Pause Young (Prepare Mixed) (G1 Evacuation Pause) 3629M->1464M(4096M) 121.094ms
[4120.432s][info][gc,cpu         ] GC(1094) User=0.72s Sys=0.00s Real=0.12s
...[4122.864s][info][gc,start       ] GC(1095) Pause Young (Mixed) (G1 Evacuation Pause)
[4122.864s][info][gc,task        ] GC(1095) Using 6 workers of 6 for evacuation
[4123.001s][info][gc,phases      ] GC(1095)   Pre Evacuate Collection Set: 0.37ms
[4123.001s][info][gc,phases      ] GC(1095)   Merge Heap Roots: 0.66ms
[4123.001s][info][gc,phases      ] GC(1095)   Evacuate Collection Set: 134.91ms
[4123.001s][info][gc,phases      ] GC(1095)   Post Evacuate Collection Set: 0.94ms
[4123.001s][info][gc,phases      ] GC(1095)   Other: 0.08ms
[4123.001s][info][gc,heap        ] GC(1095) Eden regions: 1099->0(1117)
[4123.001s][info][gc,heap        ] GC(1095) Survivor regions: 113->111(152)
[4123.001s][info][gc,heap        ] GC(1095) Old regions: 540->475
[4123.001s][info][gc,heap        ] GC(1095) Humongous regions: 80->80
[4123.001s][info][gc,metaspace   ] GC(1095) Metaspace: 28897K(29248K)->28897K(29248K) NonClass: 24029K(24192K)->24029K(24192K) Class: 4868K(5056K)->4868K(5056K)
[4123.001s][info][gc             ] GC(1095) Pause Young (Mixed) (G1 Evacuation Pause) 3662M->1330M(4096M) 137.107ms
[4123.001s][info][gc,cpu         ] GC(1095) User=0.81s Sys=0.00s Real=0.14s
...[4125.455s][info][gc,start       ] GC(1096) Pause Young (Concurrent Start) (G1 Evacuation Pause)
[4125.455s][info][gc,task        ] GC(1096) Using 6 workers of 6 for evacuation
[4125.572s][info][gc,phases      ] GC(1096)   Pre Evacuate Collection Set: 0.39ms
[4125.572s][info][gc,phases      ] GC(1096)   Merge Heap Roots: 0.46ms
[4125.572s][info][gc,phases      ] GC(1096)   Evacuate Collection Set: 114.53ms
[4125.572s][info][gc,phases      ] GC(1096)   Post Evacuate Collection Set: 0.88ms
[4125.572s][info][gc,phases      ] GC(1096)   Other: 0.12ms
[4125.572s][info][gc,heap        ] GC(1096) Eden regions: 1117->0(1119)
[4125.572s][info][gc,heap        ] GC(1096) Survivor regions: 111->109(154)
[4125.572s][info][gc,heap        ] GC(1096) Old regions: 475->506
[4125.572s][info][gc,heap        ] GC(1096) Humongous regions: 80->80
[4125.572s][info][gc,metaspace   ] GC(1096) Metaspace: 28897K(29248K)->28897K(29248K) NonClass: 24029K(24192K)->24029K(24192K) Class: 4868K(5056K)->4868K(5056K)
[4125.572s][info][gc             ] GC(1096) Pause Young (Concurrent Start) (G1 Evacuation Pause) 3564M->1389M(4096M) 116.528ms
[4125.572s][info][gc             ] GC(1097) Concurrent Mark Cycle
[4125.572s][info][gc,marking     ] GC(1097) Concurrent Scan Root Regions
[4125.572s][info][gc,cpu         ] GC(1096) User=0.69s Sys=0.00s Real=0.12s
[4125.823s][info][gc,marking     ] GC(1097) Concurrent Scan Root Regions 251.310ms
[4125.823s][info][gc,marking     ] GC(1097) Concurrent Mark
[4125.823s][info][gc,marking     ] GC(1097) Concurrent Mark From Roots
[4125.823s][info][gc,task        ] GC(1097) Using 2 workers of 2 for marking
.[4126.922s][info][gc,marking     ] GC(1097) Concurrent Mark From Roots 1099.196ms
[4126.922s][info][gc,marking     ] GC(1097) Concurrent Preclean
[4126.923s][info][gc,marking     ] GC(1097) Concurrent Preclean 0.123ms
[4126.926s][info][gc,start       ] GC(1097) Pause Remark
[4126.931s][info][gc             ] GC(1097) Pause Remark 2589M->2589M(4096M) 4.960ms
[4126.931s][info][gc,cpu         ] GC(1097) User=0.03s Sys=0.01s Real=0.01s
[4126.931s][info][gc,marking     ] GC(1097) Concurrent Mark 1107.724ms
[4126.931s][info][gc,marking     ] GC(1097) Concurrent Rebuild Remembered Sets and Scrub Regions
[4127.331s][info][gc,marking     ] GC(1097) Concurrent Rebuild Remembered Sets and Scrub Regions 399.636ms
[4127.331s][info][gc,start       ] GC(1097) Pause Cleanup
[4127.331s][info][gc             ] GC(1097) Pause Cleanup 3000M->3000M(4096M) 0.114ms
[4127.331s][info][gc,cpu         ] GC(1097) User=0.00s Sys=0.00s Real=0.00s
[4127.332s][info][gc,marking     ] GC(1097) Concurrent Clear Claimed Marks
[4127.332s][info][gc,marking     ] GC(1097) Concurrent Clear Claimed Marks 0.035ms
[4127.332s][info][gc,marking     ] GC(1097) Concurrent Cleanup for Next Mark
[4127.337s][info][gc,marking     ] GC(1097) Concurrent Cleanup for Next Mark 5.104ms
[4127.337s][info][gc             ] GC(1097) Concurrent Mark Cycle 1765.347ms
.[4128.031s][info][gc,start       ] GC(1098) Pause Young (Prepare Mixed) (G1 Evacuation Pause)
[4128.031s][info][gc,task        ] GC(1098) Using 6 workers of 6 for evacuation
[4128.153s][info][gc,phases      ] GC(1098)   Pre Evacuate Collection Set: 0.32ms
[4128.153s][info][gc,phases      ] GC(1098)   Merge Heap Roots: 0.48ms
[4128.153s][info][gc,phases      ] GC(1098)   Evacuate Collection Set: 119.81ms
[4128.153s][info][gc,phases      ] GC(1098)   Post Evacuate Collection Set: 0.96ms
[4128.153s][info][gc,phases      ] GC(1098)   Other: 0.09ms
[4128.153s][info][gc,heap        ] GC(1098) Eden regions: 1119->0(1097)
[4128.153s][info][gc,heap        ] GC(1098) Survivor regions: 109->115(154)
[4128.153s][info][gc,heap        ] GC(1098) Old regions: 506->538
[4128.153s][info][gc,heap        ] GC(1098) Humongous regions: 80->80
[4128.153s][info][gc,metaspace   ] GC(1098) Metaspace: 28897K(29248K)->28897K(29248K) NonClass: 24029K(24192K)->24029K(24192K) Class: 4868K(5056K)->4868K(5056K)
[4128.153s][info][gc             ] GC(1098) Pause Young (Prepare Mixed) (G1 Evacuation Pause) 3627M->1464M(4096M) 121.803ms
[4128.153s][info][gc,cpu         ] GC(1098) User=0.72s Sys=0.00s Real=0.12s
...[4130.531s][info][gc,start       ] GC(1099) Pause Young (Mixed) (G1 Evacuation Pause)
[4130.531s][info][gc,task        ] GC(1099) Using 6 workers of 6 for evacuation
[4130.670s][info][gc,phases      ] GC(1099)   Pre Evacuate Collection Set: 0.37ms
[4130.670s][info][gc,phases      ] GC(1099)   Merge Heap Roots: 0.79ms
[4130.670s][info][gc,phases      ] GC(1099)   Evacuate Collection Set: 136.56ms
[4130.670s][info][gc,phases      ] GC(1099)   Post Evacuate Collection Set: 0.95ms
[4130.670s][info][gc,phases      ] GC(1099)   Other: 0.09ms
[4130.670s][info][gc,heap        ] GC(1099) Eden regions: 1097->0(1115)
[4130.670s][info][gc,heap        ] GC(1099) Survivor regions: 115->113(152)
[4130.670s][info][gc,heap        ] GC(1099) Old regions: 538->474
[4130.670s][info][gc,heap        ] GC(1099) Humongous regions: 80->80
[4130.670s][info][gc,metaspace   ] GC(1099) Metaspace: 28897K(29248K)->28897K(29248K) NonClass: 24029K(24192K)->24029K(24192K) Class: 4868K(5056K)->4868K(5056K)
[4130.670s][info][gc             ] GC(1099) Pause Young (Mixed) (G1 Evacuation Pause) 3658M->1332M(4096M) 138.902ms
[4130.670s][info][gc,cpu         ] GC(1099) User=0.82s Sys=0.00s Real=0.14s
..[4133.169s][info][gc,start       ] GC(1100) Pause Young (Concurrent Start) (G1 Evacuation Pause)
[4133.169s][info][gc,task        ] GC(1100) Using 6 workers of 6 for evacuation
[4133.291s][info][gc,phases      ] GC(1100)   Pre Evacuate Collection Set: 0.42ms
[4133.291s][info][gc,phases      ] GC(1100)   Merge Heap Roots: 0.52ms
[4133.291s][info][gc,phases      ] GC(1100)   Evacuate Collection Set: 119.78ms
[4133.291s][info][gc,phases      ] GC(1100)   Post Evacuate Collection Set: 0.88ms
[4133.291s][info][gc,phases      ] GC(1100)   Other: 0.10ms
[4133.291s][info][gc,heap        ] GC(1100) Eden regions: 1115->0(1115)
[4133.291s][info][gc,heap        ] GC(1100) Survivor regions: 113->113(154)
[4133.291s][info][gc,heap        ] GC(1100) Old regions: 474->507
[4133.291s][info][gc,heap        ] GC(1100) Humongous regions: 80->80
[4133.291s][info][gc,metaspace   ] GC(1100) Metaspace: 28897K(29248K)->28897K(29248K) NonClass: 24029K(24192K)->24029K(24192K) Class: 4868K(5056K)->4868K(5056K)
[4133.291s][info][gc             ] GC(1100) Pause Young (Concurrent Start) (G1 Evacuation Pause) 3562M->1397M(4096M) 121.824ms
[4133.291s][info][gc             ] GC(1101) Concurrent Mark Cycle
[4133.291s][info][gc,marking     ] GC(1101) Concurrent Scan Root Regions
[4133.291s][info][gc,cpu         ] GC(1100) User=0.72s Sys=0.00s Real=0.12s
[4133.482s][info][gc,marking     ] GC(1101) Concurrent Scan Root Regions 191.232ms
[4133.482s][info][gc,marking     ] GC(1101) Concurrent Mark
[4133.482s][info][gc,marking     ] GC(1101) Concurrent Mark From Roots
[4133.482s][info][gc,task        ] GC(1101) Using 2 workers of 2 for marking
.[4134.460s][info][gc,marking     ] GC(1101) Concurrent Mark From Roots 978.174ms
[4134.460s][info][gc,marking     ] GC(1101) Concurrent Preclean
[4134.460s][info][gc,marking     ] GC(1101) Concurrent Preclean 0.114ms
[4134.462s][info][gc,start       ] GC(1101) Pause Remark
[4134.468s][info][gc             ] GC(1101) Pause Remark 2489M->2489M(4096M) 5.993ms
[4134.468s][info][gc,cpu         ] GC(1101) User=0.03s Sys=0.00s Real=0.00s
[4134.468s][info][gc,marking     ] GC(1101) Concurrent Mark 985.966ms
[4134.468s][info][gc,marking     ] GC(1101) Concurrent Rebuild Remembered Sets and Scrub Regions
.[4134.888s][info][gc,marking     ] GC(1101) Concurrent Rebuild Remembered Sets and Scrub Regions 420.463ms
[4134.889s][info][gc,start       ] GC(1101) Pause Cleanup
[4134.889s][info][gc             ] GC(1101) Pause Cleanup 2848M->2848M(4096M) 0.116ms
[4134.889s][info][gc,cpu         ] GC(1101) User=0.00s Sys=0.00s Real=0.00s
[4134.889s][info][gc,marking     ] GC(1101) Concurrent Clear Claimed Marks
[4134.889s][info][gc,marking     ] GC(1101) Concurrent Clear Claimed Marks 0.024ms
[4134.889s][info][gc,marking     ] GC(1101) Concurrent Cleanup for Next Mark
[4134.895s][info][gc,marking     ] GC(1101) Concurrent Cleanup for Next Mark 5.985ms
[4134.895s][info][gc             ] GC(1101) Concurrent Mark Cycle 1604.601ms
.[4135.755s][info][gc,start       ] GC(1102) Pause Young (Prepare Mixed) (G1 Evacuation Pause)
[4135.755s][info][gc,task        ] GC(1102) Using 6 workers of 6 for evacuation
[4135.872s][info][gc,phases      ] GC(1102)   Pre Evacuate Collection Set: 0.32ms
[4135.872s][info][gc,phases      ] GC(1102)   Merge Heap Roots: 0.49ms
[4135.872s][info][gc,phases      ] GC(1102)   Evacuate Collection Set: 115.47ms
[4135.872s][info][gc,phases      ] GC(1102)   Post Evacuate Collection Set: 0.96ms
[4135.872s][info][gc,phases      ] GC(1102)   Other: 0.10ms
[4135.873s][info][gc,heap        ] GC(1102) Eden regions: 1115->0(1106)
[4135.873s][info][gc,heap        ] GC(1102) Survivor regions: 113->111(154)
[4135.873s][info][gc,heap        ] GC(1102) Old regions: 507->537
[4135.873s][info][gc,heap        ] GC(1102) Humongous regions: 80->80
[4135.873s][info][gc,metaspace   ] GC(1102) Metaspace: 28897K(29248K)->28897K(29248K) NonClass: 24029K(24192K)->24029K(24192K) Class: 4868K(5056K)->4868K(5056K)
[4135.873s][info][gc             ] GC(1102) Pause Young (Prepare Mixed) (G1 Evacuation Pause) 3627M->1455M(4096M) 117.500ms
[4135.873s][info][gc,cpu         ] GC(1102) User=0.69s Sys=0.00s Real=0.12s
..[4138.246s][info][gc,start       ] GC(1103) Pause Young (Mixed) (G1 Evacuation Pause)
[4138.246s][info][gc,task        ] GC(1103) Using 6 workers of 6 for evacuation
[4138.379s][info][gc,phases      ] GC(1103)   Pre Evacuate Collection Set: 0.40ms
[4138.379s][info][gc,phases      ] GC(1103)   Merge Heap Roots: 0.70ms
[4138.379s][info][gc,phases      ] GC(1103)   Evacuate Collection Set: 130.36ms
[4138.379s][info][gc,phases      ] GC(1103)   Post Evacuate Collection Set: 0.94ms
[4138.379s][info][gc,phases      ] GC(1103)   Other: 0.09ms
[4138.379s][info][gc,heap        ] GC(1103) Eden regions: 1106->0(1121)
[4138.379s][info][gc,heap        ] GC(1103) Survivor regions: 111->107(153)
[4138.379s][info][gc,heap        ] GC(1103) Old regions: 537->474
[4138.379s][info][gc,heap        ] GC(1103) Humongous regions: 80->80
[4138.379s][info][gc,metaspace   ] GC(1103) Metaspace: 28897K(29248K)->28897K(29248K) NonClass: 24029K(24192K)->24029K(24192K) Class: 4868K(5056K)->4868K(5056K)
[4138.379s][info][gc             ] GC(1103) Pause Young (Mixed) (G1 Evacuation Pause) 3667M->1320M(4096M) 132.642ms
[4138.379s][info][gc,cpu         ] GC(1103) User=0.78s Sys=0.00s Real=0.14s
...[4140.838s][info][gc,start       ] GC(1104) Pause Young (Concurrent Start) (G1 Evacuation Pause)
[4140.838s][info][gc,task        ] GC(1104) Using 6 workers of 6 for evacuation
[4140.953s][info][gc,phases      ] GC(1104)   Pre Evacuate Collection Set: 0.37ms
[4140.953s][info][gc,phases      ] GC(1104)   Merge Heap Roots: 0.47ms
[4140.953s][info][gc,phases      ] GC(1104)   Evacuate Collection Set: 113.41ms
[4140.953s][info][gc,phases      ] GC(1104)   Post Evacuate Collection Set: 0.88ms
[4140.953s][info][gc,phases      ] GC(1104)   Other: 0.14ms
[4140.953s][info][gc,heap        ] GC(1104) Eden regions: 1121->0(1117)
[4140.953s][info][gc,heap        ] GC(1104) Survivor regions: 107->111(154)
[4140.953s][info][gc,heap        ] GC(1104) Old regions: 474->506
[4140.953s][info][gc,heap        ] GC(1104) Humongous regions: 80->80
[4140.953s][info][gc,metaspace   ] GC(1104) Metaspace: 28897K(29248K)->28897K(29248K) NonClass: 24029K(24192K)->24029K(24192K) Class: 4868K(5056K)->4868K(5056K)
[4140.953s][info][gc             ] GC(1104) Pause Young (Concurrent Start) (G1 Evacuation Pause) 3562M->1392M(4096M) 115.405ms
[4140.954s][info][gc             ] GC(1105) Concurrent Mark Cycle
[4140.954s][info][gc,marking     ] GC(1105) Concurrent Scan Root Regions
[4140.954s][info][gc,cpu         ] GC(1104) User=0.69s Sys=0.00s Real=0.11s
[4141.142s][info][gc,marking     ] GC(1105) Concurrent Scan Root Regions 188.371ms
[4141.142s][info][gc,marking     ] GC(1105) Concurrent Mark
[4141.142s][info][gc,marking     ] GC(1105) Concurrent Mark From Roots
[4141.142s][info][gc,task        ] GC(1105) Using 2 workers of 2 for marking
.[4142.157s][info][gc,marking     ] GC(1105) Concurrent Mark From Roots 1014.878ms
[4142.157s][info][gc,marking     ] GC(1105) Concurrent Preclean
[4142.157s][info][gc,marking     ] GC(1105) Concurrent Preclean 0.118ms
[4142.158s][info][gc,start       ] GC(1105) Pause Remark
[4142.163s][info][gc             ] GC(1105) Pause Remark 2498M->2498M(4096M) 5.603ms
[4142.163s][info][gc,cpu         ] GC(1105) User=0.03s Sys=0.00s Real=0.01s
[4142.163s][info][gc,marking     ] GC(1105) Concurrent Mark 1021.310ms
[4142.163s][info][gc,marking     ] GC(1105) Concurrent Rebuild Remembered Sets and Scrub Regions
[4142.526s][info][gc,marking     ] GC(1105) Concurrent Rebuild Remembered Sets and Scrub Regions 362.718ms
[4142.526s][info][gc,start       ] GC(1105) Pause Cleanup
[4142.526s][info][gc             ] GC(1105) Pause Cleanup 2840M->2840M(4096M) 0.128ms
[4142.527s][info][gc,cpu         ] GC(1105) User=0.00s Sys=0.00s Real=0.00s
[4142.527s][info][gc,marking     ] GC(1105) Concurrent Clear Claimed Marks
[4142.527s][info][gc,marking     ] GC(1105) Concurrent Clear Claimed Marks 0.024ms
[4142.527s][info][gc,marking     ] GC(1105) Concurrent Cleanup for Next Mark
[4142.530s][info][gc,marking     ] GC(1105) Concurrent Cleanup for Next Mark 3.625ms
[4142.530s][info][gc             ] GC(1105) Concurrent Mark Cycle 1576.822ms
.[4143.392s][info][gc,start       ] GC(1106) Pause Young (Prepare Mixed) (G1 Evacuation Pause)
[4143.392s][info][gc,task        ] GC(1106) Using 6 workers of 6 for evacuation
[4143.511s][info][gc,phases      ] GC(1106)   Pre Evacuate Collection Set: 0.39ms
[4143.511s][info][gc,phases      ] GC(1106)   Merge Heap Roots: 0.51ms
[4143.511s][info][gc,phases      ] GC(1106)   Evacuate Collection Set: 116.56ms
[4143.511s][info][gc,phases      ] GC(1106)   Post Evacuate Collection Set: 0.92ms
[4143.511s][info][gc,phases      ] GC(1106)   Other: 0.09ms
[4143.511s][info][gc,heap        ] GC(1106) Eden regions: 1117->0(1104)
[4143.511s][info][gc,heap        ] GC(1106) Survivor regions: 111->112(154)
[4143.511s][info][gc,heap        ] GC(1106) Old regions: 506->537
[4143.511s][info][gc,heap        ] GC(1106) Humongous regions: 80->80
[4143.511s][info][gc,metaspace   ] GC(1106) Metaspace: 28897K(29248K)->28897K(29248K) NonClass: 24029K(24192K)->24029K(24192K) Class: 4868K(5056K)->4868K(5056K)
[4143.511s][info][gc             ] GC(1106) Pause Young (Prepare Mixed) (G1 Evacuation Pause) 3626M->1456M(4096M) 118.623ms
[4143.511s][info][gc,cpu         ] GC(1106) User=0.70s Sys=0.00s Real=0.12s
... (rIR:aIR:PR = 7334:7329:7329) (tPR = 109147) [OK] 
  4145s: Performance info:
         Transaction,    Success,    Partial,     Failed,   Receipts, AvgBarcode, 
             Overall,     445027,          0,          0,     422779,      59.47, 
         Response times:
             Request,    Success,    Partial,     Failed,   SkipFail,     Probes,    Samples,      min,      p50,      p90,      p95,      p99,      max, 
       TotalPurchase,     422777,          0,          0,          0,     358864,     395932,      200,     6300,    53000,    79000,   130000,   314000,
     InStorePurchase,     222541,          0,          0,          0,     188721,     208045,      200,     6400,    54000,    80000,   131000,   305000,
      OnlinePurchase,     155857,          0,          0,          0,     131959,     145554,      300,     6200,    52000,    78000,   129000,   314000,
        InstPurchase,      44379,          0,          0,          0,      38184,      42333,      400,     6200,    52000,    78000,   129000,   267000,
          AssocOfCat,        440,          0,          0,          0,        350,        465,    23000,    42000,   105000,   135000,   183360,   199000,
      AssocOfProduct,       4461,          0,          0,          0,       4163,       4752,      500,     6400,    52000,    76000,   130470,   226000,
      BusinessReport,       1112,          0,          0,          0,        980,       1222,    26000,    45500,   100000,   128000,   196310,   315000,
          CustBuyBeh,       4466,          0,          0,          0,       4192,       4815,      200,     6700,    52000,    78000,   127840,   196000,
       ProductReturn,      11775,          0,          0,          0,      10023,      11355,      200,     6300,    52000,    76000,   128440,   252000,

  4145s: (54%)   IR =   7472 [4145.924s][info][gc,start       ] GC(1107) Pause Young (Mixed) (G1 Evacuation Pause)
[4145.924s][info][gc,task        ] GC(1107) Using 6 workers of 6 for evacuation
[4146.069s][info][gc,phases      ] GC(1107)   Pre Evacuate Collection Set: 0.46ms
[4146.069s][info][gc,phases      ] GC(1107)   Merge Heap Roots: 0.81ms
[4146.069s][info][gc,phases      ] GC(1107)   Evacuate Collection Set: 142.86ms
[4146.069s][info][gc,phases      ] GC(1107)   Post Evacuate Collection Set: 0.94ms
[4146.069s][info][gc,phases      ] GC(1107)   Other: 0.09ms
[4146.069s][info][gc,heap        ] GC(1107) Eden regions: 1104->0(1119)
[4146.069s][info][gc,heap        ] GC(1107) Survivor regions: 112->109(152)
[4146.069s][info][gc,heap        ] GC(1107) Old regions: 537->477
[4146.069s][info][gc,heap        ] GC(1107) Humongous regions: 80->80
[4146.069s][info][gc,metaspace   ] GC(1107) Metaspace: 28897K(29248K)->28897K(29248K) NonClass: 24029K(24192K)->24029K(24192K) Class: 4868K(5056K)->4868K(5056K)
[4146.069s][info][gc             ] GC(1107) Pause Young (Mixed) (G1 Evacuation Pause) 3664M->1330M(4096M) 145.295ms
[4146.069s][info][gc,cpu         ] GC(1107) User=0.86s Sys=0.00s Real=0.15s
..[4148.416s][info][gc,start       ] GC(1108) Pause Young (Concurrent Start) (G1 Evacuation Pause)
[4148.416s][info][gc,task        ] GC(1108) Using 6 workers of 6 for evacuation
[4148.531s][info][gc,phases      ] GC(1108)   Pre Evacuate Collection Set: 0.38ms
[4148.531s][info][gc,phases      ] GC(1108)   Merge Heap Roots: 0.44ms
[4148.531s][info][gc,phases      ] GC(1108)   Evacuate Collection Set: 113.71ms
[4148.531s][info][gc,phases      ] GC(1108)   Post Evacuate Collection Set: 0.87ms
[4148.531s][info][gc,phases      ] GC(1108)   Other: 0.10ms
[4148.531s][info][gc,heap        ] GC(1108) Eden regions: 1119->0(1119)
[4148.531s][info][gc,heap        ] GC(1108) Survivor regions: 109->109(154)
[4148.531s][info][gc,heap        ] GC(1108) Old regions: 477->509
[4148.531s][info][gc,heap        ] GC(1108) Humongous regions: 80->80
[4148.531s][info][gc,metaspace   ] GC(1108) Metaspace: 28897K(29248K)->28897K(29248K) NonClass: 24029K(24192K)->24029K(24192K) Class: 4868K(5056K)->4868K(5056K)
[4148.531s][info][gc             ] GC(1108) Pause Young (Concurrent Start) (G1 Evacuation Pause) 3568M->1394M(4096M) 115.619ms
[4148.532s][info][gc             ] GC(1109) Concurrent Mark Cycle
[4148.532s][info][gc,marking     ] GC(1109) Concurrent Scan Root Regions
[4148.532s][info][gc,cpu         ] GC(1108) User=0.68s Sys=0.00s Real=0.12s
.[4148.735s][info][gc,marking     ] GC(1109) Concurrent Scan Root Regions 203.781ms
[4148.735s][info][gc,marking     ] GC(1109) Concurrent Mark
[4148.735s][info][gc,marking     ] GC(1109) Concurrent Mark From Roots
[4148.735s][info][gc,task        ] GC(1109) Using 2 workers of 2 for marking
[4149.701s][info][gc,marking     ] GC(1109) Concurrent Mark From Roots 966.113ms
[4149.702s][info][gc,marking     ] GC(1109) Concurrent Preclean
[4149.702s][info][gc,marking     ] GC(1109) Concurrent Preclean 0.144ms
[4149.703s][info][gc,start       ] GC(1109) Pause Remark
[4149.709s][info][gc             ] GC(1109) Pause Remark 2454M->2454M(4096M) 6.090ms
[4149.709s][info][gc,cpu         ] GC(1109) User=0.03s Sys=0.00s Real=0.01s
[4149.709s][info][gc,marking     ] GC(1109) Concurrent Mark 973.884ms
[4149.709s][info][gc,marking     ] GC(1109) Concurrent Rebuild Remembered Sets and Scrub Regions
.[4150.098s][info][gc,marking     ] GC(1109) Concurrent Rebuild Remembered Sets and Scrub Regions 388.923ms
[4150.098s][info][gc,start       ] GC(1109) Pause Cleanup
[4150.098s][info][gc             ] GC(1109) Pause Cleanup 2867M->2867M(4096M) 0.102ms
[4150.098s][info][gc,cpu         ] GC(1109) User=0.00s Sys=0.00s Real=0.00s
[4150.099s][info][gc,marking     ] GC(1109) Concurrent Clear Claimed Marks
[4150.099s][info][gc,marking     ] GC(1109) Concurrent Clear Claimed Marks 0.027ms
[4150.099s][info][gc,marking     ] GC(1109) Concurrent Cleanup for Next Mark
[4150.104s][info][gc,marking     ] GC(1109) Concurrent Cleanup for Next Mark 5.365ms
[4150.104s][info][gc             ] GC(1109) Concurrent Mark Cycle 1572.465ms
.[4150.964s][info][gc,start       ] GC(1110) Pause Young (Prepare Mixed) (G1 Evacuation Pause)
[4150.964s][info][gc,task        ] GC(1110) Using 6 workers of 6 for evacuation
[4151.082s][info][gc,phases      ] GC(1110)   Pre Evacuate Collection Set: 0.34ms
[4151.082s][info][gc,phases      ] GC(1110)   Merge Heap Roots: 0.48ms
[4151.082s][info][gc,phases      ] GC(1110)   Evacuate Collection Set: 115.54ms
[4151.082s][info][gc,phases      ] GC(1110)   Post Evacuate Collection Set: 0.95ms
[4151.082s][info][gc,phases      ] GC(1110)   Other: 0.08ms
[4151.082s][info][gc,heap        ] GC(1110) Eden regions: 1119->0(1101)
[4151.082s][info][gc,heap        ] GC(1110) Survivor regions: 109->112(154)
[4151.082s][info][gc,heap        ] GC(1110) Old regions: 509->540
[4151.082s][info][gc,heap        ] GC(1110) Humongous regions: 80->80
[4151.082s][info][gc,metaspace   ] GC(1110) Metaspace: 28897K(29248K)->28897K(29248K) NonClass: 24029K(24192K)->24029K(24192K) Class: 4868K(5056K)->4868K(5056K)
[4151.082s][info][gc             ] GC(1110) Pause Young (Prepare Mixed) (G1 Evacuation Pause) 3632M->1462M(4096M) 117.534ms
[4151.082s][info][gc,cpu         ] GC(1110) User=0.69s Sys=0.00s Real=0.12s
..|[4153.416s][info][gc,start       ] GC(1111) Pause Young (Mixed) (G1 Evacuation Pause)
[4153.416s][info][gc,task        ] GC(1111) Using 6 workers of 6 for evacuation
[4153.551s][info][gc,phases      ] GC(1111)   Pre Evacuate Collection Set: 0.35ms
[4153.551s][info][gc,phases      ] GC(1111)   Merge Heap Roots: 0.62ms
[4153.551s][info][gc,phases      ] GC(1111)   Evacuate Collection Set: 132.70ms
[4153.551s][info][gc,phases      ] GC(1111)   Post Evacuate Collection Set: 0.96ms
[4153.551s][info][gc,phases      ] GC(1111)   Other: 0.09ms
[4153.551s][info][gc,heap        ] GC(1111) Eden regions: 1101->0(1115)
[4153.551s][info][gc,heap        ] GC(1111) Survivor regions: 112->113(152)
[4153.551s][info][gc,heap        ] GC(1111) Old regions: 540->476
[4153.551s][info][gc,heap        ] GC(1111) Humongous regions: 80->80
[4153.551s][info][gc,metaspace   ] GC(1111) Metaspace: 28897K(29248K)->28897K(29248K) NonClass: 24029K(24192K)->24029K(24192K) Class: 4868K(5056K)->4868K(5056K)
[4153.551s][info][gc             ] GC(1111) Pause Young (Mixed) (G1 Evacuation Pause) 3664M->1336M(4096M) 134.849ms
[4153.551s][info][gc,cpu         ] GC(1111) User=0.80s Sys=0.00s Real=0.14s
...[4155.929s][info][gc,start       ] GC(1112) Pause Young (Concurrent Start) (G1 Evacuation Pause)
[4155.929s][info][gc,task        ] GC(1112) Using 6 workers of 6 for evacuation
[4156.048s][info][gc,phases      ] GC(1112)   Pre Evacuate Collection Set: 0.36ms
[4156.048s][info][gc,phases      ] GC(1112)   Merge Heap Roots: 0.46ms
[4156.048s][info][gc,phases      ] GC(1112)   Evacuate Collection Set: 117.26ms
[4156.048s][info][gc,phases      ] GC(1112)   Post Evacuate Collection Set: 0.91ms
[4156.048s][info][gc,phases      ] GC(1112)   Other: 0.12ms
[4156.048s][info][gc,heap        ] GC(1112) Eden regions: 1115->0(1117)
[4156.048s][info][gc,heap        ] GC(1112) Survivor regions: 113->111(154)
[4156.048s][info][gc,heap        ] GC(1112) Old regions: 476->509
[4156.048s][info][gc,heap        ] GC(1112) Humongous regions: 80->80
[4156.048s][info][gc,metaspace   ] GC(1112) Metaspace: 28897K(29248K)->28897K(29248K) NonClass: 24029K(24192K)->24029K(24192K) Class: 4868K(5056K)->4868K(5056K)
[4156.048s][info][gc             ] GC(1112) Pause Young (Concurrent Start) (G1 Evacuation Pause) 3566M->1398M(4096M) 119.245ms
[4156.048s][info][gc             ] GC(1113) Concurrent Mark Cycle
[4156.048s][info][gc,marking     ] GC(1113) Concurrent Scan Root Regions
[4156.048s][info][gc,cpu         ] GC(1112) User=0.71s Sys=0.00s Real=0.12s
[4156.257s][info][gc,marking     ] GC(1113) Concurrent Scan Root Regions 208.310ms
[4156.257s][info][gc,marking     ] GC(1113) Concurrent Mark
[4156.257s][info][gc,marking     ] GC(1113) Concurrent Mark From Roots
[4156.257s][info][gc,task        ] GC(1113) Using 2 workers of 2 for marking
.[4157.258s][info][gc,marking     ] GC(1113) Concurrent Mark From Roots 1000.888ms
[4157.258s][info][gc,marking     ] GC(1113) Concurrent Preclean
[4157.258s][info][gc,marking     ] GC(1113) Concurrent Preclean 0.124ms
[4157.258s][info][gc,start       ] GC(1113) Pause Remark
[4157.264s][info][gc             ] GC(1113) Pause Remark 2528M->2528M(4096M) 5.973ms
[4157.264s][info][gc,cpu         ] GC(1113) User=0.03s Sys=0.00s Real=0.00s
[4157.264s][info][gc,marking     ] GC(1113) Concurrent Mark 1007.376ms
[4157.264s][info][gc,marking     ] GC(1113) Concurrent Rebuild Remembered Sets and Scrub Regions
[4157.592s][info][gc,marking     ] GC(1113) Concurrent Rebuild Remembered Sets and Scrub Regions 327.870ms
[4157.595s][info][gc,start       ] GC(1113) Pause Cleanup
[4157.596s][info][gc             ] GC(1113) Pause Cleanup 2832M->2832M(4096M) 0.134ms
[4157.596s][info][gc,cpu         ] GC(1113) User=0.00s Sys=0.00s Real=0.00s
[4157.596s][info][gc,marking     ] GC(1113) Concurrent Clear Claimed Marks
[4157.596s][info][gc,marking     ] GC(1113) Concurrent Clear Claimed Marks 0.029ms
[4157.596s][info][gc,marking     ] GC(1113) Concurrent Cleanup for Next Mark
[4157.606s][info][gc,marking     ] GC(1113) Concurrent Cleanup for Next Mark 10.775ms
[4157.606s][info][gc             ] GC(1113) Concurrent Mark Cycle 1558.016ms
.[4158.406s][info][gc,start       ] GC(1114) Pause Young (Prepare Mixed) (G1 Evacuation Pause)
[4158.406s][info][gc,task        ] GC(1114) Using 6 workers of 6 for evacuation
[4158.521s][info][gc,phases      ] GC(1114)   Pre Evacuate Collection Set: 0.33ms
[4158.521s][info][gc,phases      ] GC(1114)   Merge Heap Roots: 0.48ms
[4158.521s][info][gc,phases      ] GC(1114)   Evacuate Collection Set: 112.75ms
[4158.521s][info][gc,phases      ] GC(1114)   Post Evacuate Collection Set: 0.94ms
[4158.521s][info][gc,phases      ] GC(1114)   Other: 0.09ms
[4158.521s][info][gc,heap        ] GC(1114) Eden regions: 1117->0(1110)
[4158.521s][info][gc,heap        ] GC(1114) Survivor regions: 111->107(154)
[4158.521s][info][gc,heap        ] GC(1114) Old regions: 509->541
[4158.521s][info][gc,heap        ] GC(1114) Humongous regions: 80->80
[4158.521s][info][gc,metaspace   ] GC(1114) Metaspace: 28897K(29248K)->28897K(29248K) NonClass: 24029K(24192K)->24029K(24192K) Class: 4868K(5056K)->4868K(5056K)
[4158.521s][info][gc             ] GC(1114) Pause Young (Prepare Mixed) (G1 Evacuation Pause) 3632M->1455M(4096M) 114.748ms
[4158.521s][info][gc,cpu         ] GC(1114) User=0.68s Sys=0.00s Real=0.12s
...[4160.957s][info][gc,start       ] GC(1115) Pause Young (Mixed) (G1 Evacuation Pause)
[4160.957s][info][gc,task        ] GC(1115) Using 6 workers of 6 for evacuation
[4161.093s][info][gc,phases      ] GC(1115)   Pre Evacuate Collection Set: 0.39ms
[4161.093s][info][gc,phases      ] GC(1115)   Merge Heap Roots: 0.63ms
[4161.093s][info][gc,phases      ] GC(1115)   Evacuate Collection Set: 134.63ms
[4161.093s][info][gc,phases      ] GC(1115)   Post Evacuate Collection Set: 0.88ms
[4161.093s][info][gc,phases      ] GC(1115)   Other: 0.09ms
[4161.093s][info][gc,heap        ] GC(1115) Eden regions: 1110->0(1115)
[4161.093s][info][gc,heap        ] GC(1115) Survivor regions: 107->113(153)
[4161.093s][info][gc,heap        ] GC(1115) Old regions: 541->474
[4161.093s][info][gc,heap        ] GC(1115) Humongous regions: 80->80
[4161.093s][info][gc,metaspace   ] GC(1115) Metaspace: 28897K(29248K)->28897K(29248K) NonClass: 24029K(24192K)->24029K(24192K) Class: 4868K(5056K)->4868K(5056K)
[4161.093s][info][gc             ] GC(1115) Pause Young (Mixed) (G1 Evacuation Pause) 3675M->1333M(4096M) 136.742ms
[4161.093s][info][gc,cpu         ] GC(1115) User=0.81s Sys=0.00s Real=0.14s
..[4163.449s][info][gc,start       ] GC(1116) Pause Young (Concurrent Start) (G1 Evacuation Pause)
[4163.449s][info][gc,task        ] GC(1116) Using 6 workers of 6 for evacuation
[4163.565s][info][gc,phases      ] GC(1116)   Pre Evacuate Collection Set: 0.39ms
[4163.565s][info][gc,phases      ] GC(1116)   Merge Heap Roots: 0.40ms
[4163.565s][info][gc,phases      ] GC(1116)   Evacuate Collection Set: 114.57ms
[4163.565s][info][gc,phases      ] GC(1116)   Post Evacuate Collection Set: 0.87ms
[4163.565s][info][gc,phases      ] GC(1116)   Other: 0.12ms
[4163.565s][info][gc,heap        ] GC(1116) Eden regions: 1115->0(1118)
[4163.565s][info][gc,heap        ] GC(1116) Survivor regions: 113->110(154)
[4163.565s][info][gc,heap        ] GC(1116) Old regions: 474->507
[4163.565s][info][gc,heap        ] GC(1116) Humongous regions: 80->80
[4163.565s][info][gc,metaspace   ] GC(1116) Metaspace: 28897K(29248K)->28897K(29248K) NonClass: 24029K(24192K)->24029K(24192K) Class: 4868K(5056K)->4868K(5056K)
[4163.565s][info][gc             ] GC(1116) Pause Young (Concurrent Start) (G1 Evacuation Pause) 3563M->1392M(4096M) 116.483ms
[4163.565s][info][gc             ] GC(1117) Concurrent Mark Cycle
[4163.565s][info][gc,marking     ] GC(1117) Concurrent Scan Root Regions
[4163.565s][info][gc,cpu         ] GC(1116) User=0.68s Sys=0.01s Real=0.11s
[4163.774s][info][gc,marking     ] GC(1117) Concurrent Scan Root Regions 209.285ms
[4163.774s][info][gc,marking     ] GC(1117) Concurrent Mark
[4163.774s][info][gc,marking     ] GC(1117) Concurrent Mark From Roots
[4163.774s][info][gc,task        ] GC(1117) Using 2 workers of 2 for marking
.[4164.749s][info][gc,marking     ] GC(1117) Concurrent Mark From Roots 974.184ms
[4164.749s][info][gc,marking     ] GC(1117) Concurrent Preclean
[4164.749s][info][gc,marking     ] GC(1117) Concurrent Preclean 0.096ms
[4164.750s][info][gc,start       ] GC(1117) Pause Remark
[4164.756s][info][gc             ] GC(1117) Pause Remark 2478M->2478M(4096M) 6.661ms
[4164.756s][info][gc,cpu         ] GC(1117) User=0.04s Sys=0.00s Real=0.00s
[4164.756s][info][gc,marking     ] GC(1117) Concurrent Mark 982.013ms
[4164.756s][info][gc,marking     ] GC(1117) Concurrent Rebuild Remembered Sets and Scrub Regions
.[4165.113s][info][gc,marking     ] GC(1117) Concurrent Rebuild Remembered Sets and Scrub Regions 356.732ms
[4165.114s][info][gc,start       ] GC(1117) Pause Cleanup
[4165.114s][info][gc             ] GC(1117) Pause Cleanup 2806M->2806M(4096M) 0.117ms
[4165.114s][info][gc,cpu         ] GC(1117) User=0.00s Sys=0.00s Real=0.00s
[4165.114s][info][gc,marking     ] GC(1117) Concurrent Clear Claimed Marks
[4165.114s][info][gc,marking     ] GC(1117) Concurrent Clear Claimed Marks 0.030ms
[4165.114s][info][gc,marking     ] GC(1117) Concurrent Cleanup for Next Mark
[4165.122s][info][gc,marking     ] GC(1117) Concurrent Cleanup for Next Mark 7.161ms
[4165.122s][info][gc             ] GC(1117) Concurrent Mark Cycle 1556.492ms
.[4166.019s][info][gc,start       ] GC(1118) Pause Young (Prepare Mixed) (G1 Evacuation Pause)
[4166.019s][info][gc,task        ] GC(1118) Using 6 workers of 6 for evacuation
[4166.136s][info][gc,phases      ] GC(1118)   Pre Evacuate Collection Set: 0.32ms
[4166.136s][info][gc,phases      ] GC(1118)   Merge Heap Roots: 0.48ms
[4166.136s][info][gc,phases      ] GC(1118)   Evacuate Collection Set: 115.63ms
[4166.136s][info][gc,phases      ] GC(1118)   Post Evacuate Collection Set: 0.92ms
[4166.136s][info][gc,phases      ] GC(1118)   Other: 0.07ms
[4166.136s][info][gc,heap        ] GC(1118) Eden regions: 1118->0(1106)
[4166.136s][info][gc,heap        ] GC(1118) Survivor regions: 110->110(154)
[4166.136s][info][gc,heap        ] GC(1118) Old regions: 507->539
[4166.136s][info][gc,heap        ] GC(1118) Humongous regions: 80->80
[4166.136s][info][gc,metaspace   ] GC(1118) Metaspace: 28897K(29248K)->28897K(29248K) NonClass: 24029K(24192K)->24029K(24192K) Class: 4868K(5056K)->4868K(5056K)
[4166.136s][info][gc             ] GC(1118) Pause Young (Prepare Mixed) (G1 Evacuation Pause) 3628M->1457M(4096M) 117.566ms
[4166.136s][info][gc,cpu         ] GC(1118) User=0.70s Sys=0.00s Real=0.11s
..[4168.493s][info][gc,start       ] GC(1119) Pause Young (Mixed) (G1 Evacuation Pause)
[4168.493s][info][gc,task        ] GC(1119) Using 6 workers of 6 for evacuation
[4168.630s][info][gc,phases      ] GC(1119)   Pre Evacuate Collection Set: 0.34ms
[4168.630s][info][gc,phases      ] GC(1119)   Merge Heap Roots: 0.60ms
[4168.630s][info][gc,phases      ] GC(1119)   Evacuate Collection Set: 134.34ms
[4168.630s][info][gc,phases      ] GC(1119)   Post Evacuate Collection Set: 0.93ms
[4168.630s][info][gc,phases      ] GC(1119)   Other: 0.09ms
[4168.630s][info][gc,heap        ] GC(1119) Eden regions: 1106->0(1115)
[4168.630s][info][gc,heap        ] GC(1119) Survivor regions: 110->113(152)
[4168.630s][info][gc,heap        ] GC(1119) Old regions: 539->476
[4168.630s][info][gc,heap        ] GC(1119) Humongous regions: 80->80
[4168.630s][info][gc,metaspace   ] GC(1119) Metaspace: 28897K(29248K)->28897K(29248K) NonClass: 24029K(24192K)->24029K(24192K) Class: 4868K(5056K)->4868K(5056K)
[4168.630s][info][gc             ] GC(1119) Pause Young (Mixed) (G1 Evacuation Pause) 3669M->1337M(4096M) 136.430ms
[4168.630s][info][gc,cpu         ] GC(1119) User=0.80s Sys=0.00s Real=0.14s
...[4171.037s][info][gc,start       ] GC(1120) Pause Young (Concurrent Start) (G1 Evacuation Pause)
[4171.037s][info][gc,task        ] GC(1120) Using 6 workers of 6 for evacuation
[4171.157s][info][gc,phases      ] GC(1120)   Pre Evacuate Collection Set: 0.36ms
[4171.157s][info][gc,phases      ] GC(1120)   Merge Heap Roots: 0.42ms
[4171.157s][info][gc,phases      ] GC(1120)   Evacuate Collection Set: 118.15ms
[4171.157s][info][gc,phases      ] GC(1120)   Post Evacuate Collection Set: 0.89ms
[4171.157s][info][gc,phases      ] GC(1120)   Other: 0.10ms
[4171.157s][info][gc,heap        ] GC(1120) Eden regions: 1115->0(1116)
[4171.157s][info][gc,heap        ] GC(1120) Survivor regions: 113->112(154)
[4171.157s][info][gc,heap        ] GC(1120) Old regions: 476->508
[4171.157s][info][gc,heap        ] GC(1120) Humongous regions: 80->80
[4171.157s][info][gc,metaspace   ] GC(1120) Metaspace: 28897K(29248K)->28897K(29248K) NonClass: 24029K(24192K)->24029K(24192K) Class: 4868K(5056K)->4868K(5056K)
[4171.157s][info][gc             ] GC(1120) Pause Young (Concurrent Start) (G1 Evacuation Pause) 3567M->1399M(4096M) 120.061ms
[4171.158s][info][gc             ] GC(1121) Concurrent Mark Cycle
[4171.158s][info][gc,marking     ] GC(1121) Concurrent Scan Root Regions
[4171.158s][info][gc,cpu         ] GC(1120) User=0.71s Sys=0.00s Real=0.12s
[4171.304s][info][gc,marking     ] GC(1121) Concurrent Scan Root Regions 146.307ms
[4171.304s][info][gc,marking     ] GC(1121) Concurrent Mark
[4171.304s][info][gc,marking     ] GC(1121) Concurrent Mark From Roots
[4171.304s][info][gc,task        ] GC(1121) Using 2 workers of 2 for marking
.[4172.035s][info][gc,marking     ] GC(1121) Concurrent Mark From Roots 730.902ms
[4172.035s][info][gc,marking     ] GC(1121) Concurrent Preclean
[4172.035s][info][gc,marking     ] GC(1121) Concurrent Preclean 0.083ms
[4172.038s][info][gc,start       ] GC(1121) Pause Remark
[4172.042s][info][gc             ] GC(1121) Pause Remark 2149M->2149M(4096M) 4.810ms
[4172.042s][info][gc,cpu         ] GC(1121) User=0.03s Sys=0.00s Real=0.01s
[4172.043s][info][gc,marking     ] GC(1121) Concurrent Mark 738.760ms
[4172.043s][info][gc,marking     ] GC(1121) Concurrent Rebuild Remembered Sets and Scrub Regions
[4172.304s][info][gc,marking     ] GC(1121) Concurrent Rebuild Remembered Sets and Scrub Regions 261.166ms
[4172.304s][info][gc,start       ] GC(1121) Pause Cleanup
[4172.304s][info][gc             ] GC(1121) Pause Cleanup 2396M->2396M(4096M) 0.121ms
[4172.304s][info][gc,cpu         ] GC(1121) User=0.00s Sys=0.00s Real=0.00s
[4172.306s][info][gc,marking     ] GC(1121) Concurrent Clear Claimed Marks
[4172.306s][info][gc,marking     ] GC(1121) Concurrent Clear Claimed Marks 0.042ms
[4172.306s][info][gc,marking     ] GC(1121) Concurrent Cleanup for Next Mark
[4172.327s][info][gc,marking     ] GC(1121) Concurrent Cleanup for Next Mark 20.295ms
[4172.327s][info][gc             ] GC(1121) Concurrent Mark Cycle 1169.069ms
.[4173.494s][info][gc,start       ] GC(1122) Pause Young (Prepare Mixed) (G1 Evacuation Pause)
[4173.494s][info][gc,task        ] GC(1122) Using 6 workers of 6 for evacuation
[4173.610s][info][gc,phases      ] GC(1122)   Pre Evacuate Collection Set: 0.34ms
[4173.610s][info][gc,phases      ] GC(1122)   Merge Heap Roots: 0.48ms
[4173.610s][info][gc,phases      ] GC(1122)   Evacuate Collection Set: 113.69ms
[4173.610s][info][gc,phases      ] GC(1122)   Post Evacuate Collection Set: 0.93ms
[4173.610s][info][gc,phases      ] GC(1122)   Other: 0.09ms
[4173.610s][info][gc,heap        ] GC(1122) Eden regions: 1116->0(1109)
[4173.610s][info][gc,heap        ] GC(1122) Survivor regions: 112->108(154)
[4173.610s][info][gc,heap        ] GC(1122) Old regions: 508->540
[4173.610s][info][gc,heap        ] GC(1122) Humongous regions: 80->80
[4173.610s][info][gc,metaspace   ] GC(1122) Metaspace: 28897K(29248K)->28897K(29248K) NonClass: 24029K(24192K)->24029K(24192K) Class: 4868K(5056K)->4868K(5056K)
[4173.610s][info][gc             ] GC(1122) Pause Young (Prepare Mixed) (G1 Evacuation Pause) 3631M->1454M(4096M) 115.683ms
[4173.610s][info][gc,cpu         ] GC(1122) User=0.68s Sys=0.00s Real=0.12s
..[4176.000s][info][gc,start       ] GC(1123) Pause Young (Mixed) (G1 Evacuation Pause)
[4176.000s][info][gc,task        ] GC(1123) Using 6 workers of 6 for evacuation
[4176.134s][info][gc,phases      ] GC(1123)   Pre Evacuate Collection Set: 0.39ms
[4176.134s][info][gc,phases      ] GC(1123)   Merge Heap Roots: 0.64ms
[4176.134s][info][gc,phases      ] GC(1123)   Evacuate Collection Set: 131.87ms
[4176.134s][info][gc,phases      ] GC(1123)   Post Evacuate Collection Set: 0.97ms
[4176.134s][info][gc,phases      ] GC(1123)   Other: 0.09ms
[4176.134s][info][gc,heap        ] GC(1123) Eden regions: 1109->0(1117)
[4176.134s][info][gc,heap        ] GC(1123) Survivor regions: 108->111(153)
[4176.134s][info][gc,heap        ] GC(1123) Old regions: 540->475
[4176.134s][info][gc,heap        ] GC(1123) Humongous regions: 80->80
[4176.134s][info][gc,metaspace   ] GC(1123) Metaspace: 28897K(29248K)->28897K(29248K) NonClass: 24029K(24192K)->24029K(24192K) Class: 4868K(5056K)->4868K(5056K)
[4176.134s][info][gc             ] GC(1123) Pause Young (Mixed) (G1 Evacuation Pause) 3672M->1329M(4096M) 134.078ms
[4176.134s][info][gc,cpu         ] GC(1123) User=0.79s Sys=0.00s Real=0.13s
...[4178.554s][info][gc,start       ] GC(1124) Pause Young (Concurrent Start) (G1 Evacuation Pause)
[4178.554s][info][gc,task        ] GC(1124) Using 6 workers of 6 for evacuation
[4178.670s][info][gc,phases      ] GC(1124)   Pre Evacuate Collection Set: 0.40ms
[4178.670s][info][gc,phases      ] GC(1124)   Merge Heap Roots: 0.44ms
[4178.670s][info][gc,phases      ] GC(1124)   Evacuate Collection Set: 113.96ms
[4178.670s][info][gc,phases      ] GC(1124)   Post Evacuate Collection Set: 0.91ms
[4178.670s][info][gc,phases      ] GC(1124)   Other: 0.10ms
[4178.670s][info][gc,heap        ] GC(1124) Eden regions: 1117->0(1119)
[4178.670s][info][gc,heap        ] GC(1124) Survivor regions: 111->109(154)
[4178.670s][info][gc,heap        ] GC(1124) Old regions: 475->507
[4178.670s][info][gc,heap        ] GC(1124) Humongous regions: 80->80
[4178.670s][info][gc,metaspace   ] GC(1124) Metaspace: 28897K(29248K)->28897K(29248K) NonClass: 24029K(24192K)->24029K(24192K) Class: 4868K(5056K)->4868K(5056K)
[4178.670s][info][gc             ] GC(1124) Pause Young (Concurrent Start) (G1 Evacuation Pause) 3563M->1389M(4096M) 115.942ms
[4178.670s][info][gc             ] GC(1125) Concurrent Mark Cycle
[4178.670s][info][gc,marking     ] GC(1125) Concurrent Scan Root Regions
[4178.670s][info][gc,cpu         ] GC(1124) User=0.68s Sys=0.00s Real=0.12s
[4178.856s][info][gc,marking     ] GC(1125) Concurrent Scan Root Regions 186.140ms
[4178.856s][info][gc,marking     ] GC(1125) Concurrent Mark
[4178.856s][info][gc,marking     ] GC(1125) Concurrent Mark From Roots
[4178.856s][info][gc,task        ] GC(1125) Using 2 workers of 2 for marking
.[4179.878s][info][gc,marking     ] GC(1125) Concurrent Mark From Roots 1021.871ms
[4179.878s][info][gc,marking     ] GC(1125) Concurrent Preclean
[4179.878s][info][gc,marking     ] GC(1125) Concurrent Preclean 0.113ms
[4179.881s][info][gc,start       ] GC(1125) Pause Remark
[4179.887s][info][gc             ] GC(1125) Pause Remark 2429M->2429M(4096M) 5.943ms
[4179.887s][info][gc,cpu         ] GC(1125) User=0.04s Sys=0.00s Real=0.00s
[4179.887s][info][gc,marking     ] GC(1125) Concurrent Mark 1030.630ms
[4179.887s][info][gc,marking     ] GC(1125) Concurrent Rebuild Remembered Sets and Scrub Regions
.[4180.267s][info][gc,marking     ] GC(1125) Concurrent Rebuild Remembered Sets and Scrub Regions 380.436ms
[4180.269s][info][gc,start       ] GC(1125) Pause Cleanup
[4180.269s][info][gc             ] GC(1125) Pause Cleanup 2861M->2861M(4096M) 0.149ms
[4180.269s][info][gc,cpu         ] GC(1125) User=0.00s Sys=0.00s Real=0.00s
[4180.272s][info][gc,marking     ] GC(1125) Concurrent Clear Claimed Marks
[4180.272s][info][gc,marking     ] GC(1125) Concurrent Clear Claimed Marks 0.057ms
[4180.272s][info][gc,marking     ] GC(1125) Concurrent Cleanup for Next Mark
[4180.286s][info][gc,marking     ] GC(1125) Concurrent Cleanup for Next Mark 13.646ms
[4180.286s][info][gc             ] GC(1125) Concurrent Mark Cycle 1615.843ms
[4181.057s][info][gc,start       ] GC(1126) Pause Young (Prepare Mixed) (G1 Evacuation Pause)
[4181.057s][info][gc,task        ] GC(1126) Using 6 workers of 6 for evacuation
[4181.176s][info][gc,phases      ] GC(1126)   Pre Evacuate Collection Set: 0.33ms
[4181.176s][info][gc,phases      ] GC(1126)   Merge Heap Roots: 0.50ms
[4181.176s][info][gc,phases      ] GC(1126)   Evacuate Collection Set: 117.29ms
[4181.176s][info][gc,phases      ] GC(1126)   Post Evacuate Collection Set: 0.92ms
[4181.176s][info][gc,phases      ] GC(1126)   Other: 0.09ms
[4181.176s][info][gc,heap        ] GC(1126) Eden regions: 1119->0(1101)
[4181.176s][info][gc,heap        ] GC(1126) Survivor regions: 109->113(154)
[4181.176s][info][gc,heap        ] GC(1126) Old regions: 507->538
[4181.176s][info][gc,heap        ] GC(1126) Humongous regions: 80->80
[4181.176s][info][gc,metaspace   ] GC(1126) Metaspace: 28897K(29248K)->28897K(29248K) NonClass: 24029K(24192K)->24029K(24192K) Class: 4868K(5056K)->4868K(5056K)
[4181.176s][info][gc             ] GC(1126) Pause Young (Prepare Mixed) (G1 Evacuation Pause) 3627M->1461M(4096M) 119.277ms
[4181.176s][info][gc,cpu         ] GC(1126) User=0.71s Sys=0.00s Real=0.12s
...[4183.490s][info][gc,start       ] GC(1127) Pause Young (Mixed) (G1 Evacuation Pause)
[4183.490s][info][gc,task        ] GC(1127) Using 6 workers of 6 for evacuation
[4183.625s][info][gc,phases      ] GC(1127)   Pre Evacuate Collection Set: 0.37ms
[4183.625s][info][gc,phases      ] GC(1127)   Merge Heap Roots: 0.63ms
[4183.625s][info][gc,phases      ] GC(1127)   Evacuate Collection Set: 132.69ms
[4183.625s][info][gc,phases      ] GC(1127)   Post Evacuate Collection Set: 0.97ms
[4183.625s][info][gc,phases      ] GC(1127)   Other: 0.08ms
[4183.625s][info][gc,heap        ] GC(1127) Eden regions: 1101->0(1118)
[4183.625s][info][gc,heap        ] GC(1127) Survivor regions: 113->110(152)
[4183.625s][info][gc,heap        ] GC(1127) Old regions: 538->476
[4183.625s][info][gc,heap        ] GC(1127) Humongous regions: 80->80
[4183.625s][info][gc,metaspace   ] GC(1127) Metaspace: 28897K(29248K)->28897K(29248K) NonClass: 24029K(24192K)->24029K(24192K) Class: 4868K(5056K)->4868K(5056K)
[4183.625s][info][gc             ] GC(1127) Pause Young (Mixed) (G1 Evacuation Pause) 3663M->1330M(4096M) 134.872ms
[4183.625s][info][gc,cpu         ] GC(1127) User=0.79s Sys=0.00s Real=0.13s
..[4186.074s][info][gc,start       ] GC(1128) Pause Young (Concurrent Start) (G1 Evacuation Pause)
[4186.074s][info][gc,task        ] GC(1128) Using 6 workers of 6 for evacuation
[4186.191s][info][gc,phases      ] GC(1128)   Pre Evacuate Collection Set: 0.37ms
[4186.191s][info][gc,phases      ] GC(1128)   Merge Heap Roots: 0.43ms
[4186.191s][info][gc,phases      ] GC(1128)   Evacuate Collection Set: 116.00ms
[4186.191s][info][gc,phases      ] GC(1128)   Post Evacuate Collection Set: 0.90ms
[4186.192s][info][gc,phases      ] GC(1128)   Other: 0.11ms
[4186.192s][info][gc,heap        ] GC(1128) Eden regions: 1118->0(1119)
[4186.192s][info][gc,heap        ] GC(1128) Survivor regions: 110->109(154)
[4186.192s][info][gc,heap        ] GC(1128) Old regions: 476->508
[4186.192s][info][gc,heap        ] GC(1128) Humongous regions: 80->80
[4186.192s][info][gc,metaspace   ] GC(1128) Metaspace: 28897K(29248K)->28897K(29248K) NonClass: 24029K(24192K)->24029K(24192K) Class: 4868K(5056K)->4868K(5056K)
[4186.192s][info][gc             ] GC(1128) Pause Young (Concurrent Start) (G1 Evacuation Pause) 3566M->1392M(4096M) 117.938ms
[4186.192s][info][gc             ] GC(1129) Concurrent Mark Cycle
[4186.192s][info][gc,marking     ] GC(1129) Concurrent Scan Root Regions
[4186.192s][info][gc,cpu         ] GC(1128) User=0.70s Sys=0.00s Real=0.12s
.[4186.380s][info][gc,marking     ] GC(1129) Concurrent Scan Root Regions 188.887ms
[4186.381s][info][gc,marking     ] GC(1129) Concurrent Mark
[4186.381s][info][gc,marking     ] GC(1129) Concurrent Mark From Roots
[4186.381s][info][gc,task        ] GC(1129) Using 2 workers of 2 for marking
[4187.369s][info][gc,marking     ] GC(1129) Concurrent Mark From Roots 988.913ms
[4187.369s][info][gc,marking     ] GC(1129) Concurrent Preclean
[4187.370s][info][gc,marking     ] GC(1129) Concurrent Preclean 0.110ms
[4187.371s][info][gc,start       ] GC(1129) Pause Remark
[4187.377s][info][gc             ] GC(1129) Pause Remark 2488M->2488M(4096M) 6.559ms
[4187.377s][info][gc,cpu         ] GC(1129) User=0.04s Sys=0.00s Real=0.00s
[4187.377s][info][gc,marking     ] GC(1129) Concurrent Mark 996.792ms
[4187.377s][info][gc,marking     ] GC(1129) Concurrent Rebuild Remembered Sets and Scrub Regions
.[4187.745s][info][gc,marking     ] GC(1129) Concurrent Rebuild Remembered Sets and Scrub Regions 367.382ms
[4187.745s][info][gc,start       ] GC(1129) Pause Cleanup
[4187.745s][info][gc             ] GC(1129) Pause Cleanup 2828M->2828M(4096M) 0.098ms
[4187.745s][info][gc,cpu         ] GC(1129) User=0.00s Sys=0.00s Real=0.00s
[4187.745s][info][gc,marking     ] GC(1129) Concurrent Clear Claimed Marks
[4187.745s][info][gc,marking     ] GC(1129) Concurrent Clear Claimed Marks 0.022ms
[4187.745s][info][gc,marking     ] GC(1129) Concurrent Cleanup for Next Mark
[4187.749s][info][gc,marking     ] GC(1129) Concurrent Cleanup for Next Mark 4.210ms
[4187.749s][info][gc             ] GC(1129) Concurrent Mark Cycle 1557.737ms
.[4188.622s][info][gc,start       ] GC(1130) Pause Young (Prepare Mixed) (G1 Evacuation Pause)
[4188.622s][info][gc,task        ] GC(1130) Using 6 workers of 6 for evacuation
[4188.737s][info][gc,phases      ] GC(1130)   Pre Evacuate Collection Set: 0.31ms
[4188.737s][info][gc,phases      ] GC(1130)   Merge Heap Roots: 0.45ms
[4188.737s][info][gc,phases      ] GC(1130)   Evacuate Collection Set: 113.27ms
[4188.737s][info][gc,phases      ] GC(1130)   Post Evacuate Collection Set: 0.91ms
[4188.737s][info][gc,phases      ] GC(1130)   Other: 0.08ms
[4188.737s][info][gc,heap        ] GC(1130) Eden regions: 1119->0(1106)
[4188.737s][info][gc,heap        ] GC(1130) Survivor regions: 109->110(154)
[4188.737s][info][gc,heap        ] GC(1130) Old regions: 508->539
[4188.737s][info][gc,heap        ] GC(1130) Humongous regions: 80->80
[4188.737s][info][gc,metaspace   ] GC(1130) Metaspace: 28897K(29248K)->28897K(29248K) NonClass: 24029K(24192K)->24029K(24192K) Class: 4868K(5056K)->4868K(5056K)
[4188.737s][info][gc             ] GC(1130) Pause Young (Prepare Mixed) (G1 Evacuation Pause) 3630M->1455M(4096M) 115.150ms
[4188.737s][info][gc,cpu         ] GC(1130) User=0.68s Sys=0.00s Real=0.11s
..[4191.146s][info][gc,start       ] GC(1131) Pause Young (Mixed) (G1 Evacuation Pause)
[4191.146s][info][gc,task        ] GC(1131) Using 6 workers of 6 for evacuation
[4191.280s][info][gc,phases      ] GC(1131)   Pre Evacuate Collection Set: 0.40ms
[4191.280s][info][gc,phases      ] GC(1131)   Merge Heap Roots: 0.58ms
[4191.280s][info][gc,phases      ] GC(1131)   Evacuate Collection Set: 131.62ms
[4191.280s][info][gc,phases      ] GC(1131)   Post Evacuate Collection Set: 0.93ms
[4191.280s][info][gc,phases      ] GC(1131)   Other: 0.09ms
[4191.280s][info][gc,heap        ] GC(1131) Eden regions: 1106->0(1116)
[4191.280s][info][gc,heap        ] GC(1131) Survivor regions: 110->112(152)
[4191.280s][info][gc,heap        ] GC(1131) Old regions: 539->475
[4191.280s][info][gc,heap        ] GC(1131) Humongous regions: 80->80
[4191.280s][info][gc,metaspace   ] GC(1131) Metaspace: 28897K(29248K)->28897K(29248K) NonClass: 24029K(24192K)->24029K(24192K) Class: 4868K(5056K)->4868K(5056K)
[4191.280s][info][gc             ] GC(1131) Pause Young (Mixed) (G1 Evacuation Pause) 3667M->1333M(4096M) 133.765ms
[4191.280s][info][gc,cpu         ] GC(1131) User=0.79s Sys=0.00s Real=0.14s
...[4193.589s][info][gc,start       ] GC(1132) Pause Young (Concurrent Start) (G1 Evacuation Pause)
[4193.590s][info][gc,task        ] GC(1132) Using 6 workers of 6 for evacuation
[4193.704s][info][gc,phases      ] GC(1132)   Pre Evacuate Collection Set: 0.40ms
[4193.704s][info][gc,phases      ] GC(1132)   Merge Heap Roots: 0.44ms
[4193.704s][info][gc,phases      ] GC(1132)   Evacuate Collection Set: 112.69ms
[4193.704s][info][gc,phases      ] GC(1132)   Post Evacuate Collection Set: 0.90ms
[4193.704s][info][gc,phases      ] GC(1132)   Other: 0.12ms
[4193.704s][info][gc,heap        ] GC(1132) Eden regions: 1116->0(1121)
[4193.704s][info][gc,heap        ] GC(1132) Survivor regions: 112->107(154)
[4193.704s][info][gc,heap        ] GC(1132) Old regions: 475->507
[4193.704s][info][gc,heap        ] GC(1132) Humongous regions: 80->80
[4193.704s][info][gc,metaspace   ] GC(1132) Metaspace: 28897K(29248K)->28897K(29248K) NonClass: 24029K(24192K)->24029K(24192K) Class: 4868K(5056K)->4868K(5056K)
[4193.704s][info][gc             ] GC(1132) Pause Young (Concurrent Start) (G1 Evacuation Pause) 3565M->1386M(4096M) 114.673ms
[4193.704s][info][gc             ] GC(1133) Concurrent Mark Cycle
[4193.704s][info][gc,marking     ] GC(1133) Concurrent Scan Root Regions
[4193.704s][info][gc,cpu         ] GC(1132) User=0.68s Sys=0.00s Real=0.11s
[4193.891s][info][gc,marking     ] GC(1133) Concurrent Scan Root Regions 186.831ms
[4193.891s][info][gc,marking     ] GC(1133) Concurrent Mark
[4193.891s][info][gc,marking     ] GC(1133) Concurrent Mark From Roots
[4193.891s][info][gc,task        ] GC(1133) Using 2 workers of 2 for marking
.[4194.919s][info][gc,marking     ] GC(1133) Concurrent Mark From Roots 1028.266ms
[4194.919s][info][gc,marking     ] GC(1133) Concurrent Preclean
[4194.920s][info][gc,marking     ] GC(1133) Concurrent Preclean 0.113ms
[4194.920s][info][gc,start       ] GC(1133) Pause Remark
[4194.927s][info][gc             ] GC(1133) Pause Remark 2462M->2462M(4096M) 6.731ms
[4194.927s][info][gc,cpu         ] GC(1133) User=0.04s Sys=0.00s Real=0.00s
[4194.927s][info][gc,marking     ] GC(1133) Concurrent Mark 1036.254ms
[4194.927s][info][gc,marking     ] GC(1133) Concurrent Rebuild Remembered Sets and Scrub Regions
[4195.197s][info][gc,marking     ] GC(1133) Concurrent Rebuild Remembered Sets and Scrub Regions 269.386ms
[4195.197s][info][gc,start       ] GC(1133) Pause Cleanup
[4195.197s][info][gc             ] GC(1133) Pause Cleanup 2679M->2679M(4096M) 0.119ms
[4195.197s][info][gc,cpu         ] GC(1133) User=0.00s Sys=0.00s Real=0.00s
[4195.198s][info][gc,marking     ] GC(1133) Concurrent Clear Claimed Marks
[4195.198s][info][gc,marking     ] GC(1133) Concurrent Clear Claimed Marks 0.035ms
[4195.198s][info][gc,marking     ] GC(1133) Concurrent Cleanup for Next Mark
[4195.205s][info][gc,marking     ] GC(1133) Concurrent Cleanup for Next Mark 6.516ms
[4195.205s][info][gc             ] GC(1133) Concurrent Mark Cycle 1500.901ms
.[4196.165s][info][gc,start       ] GC(1134) Pause Young (Prepare Mixed) (G1 Evacuation Pause)
[4196.165s][info][gc,task        ] GC(1134) Using 6 workers of 6 for evacuation
[4196.288s][info][gc,phases      ] GC(1134)   Pre Evacuate Collection Set: 0.35ms
[4196.288s][info][gc,phases      ] GC(1134)   Merge Heap Roots: 0.52ms
[4196.288s][info][gc,phases      ] GC(1134)   Evacuate Collection Set: 120.79ms
[4196.288s][info][gc,phases      ] GC(1134)   Post Evacuate Collection Set: 0.95ms
[4196.288s][info][gc,phases      ] GC(1134)   Other: 0.09ms
[4196.288s][info][gc,heap        ] GC(1134) Eden regions: 1121->0(1095)
[4196.288s][info][gc,heap        ] GC(1134) Survivor regions: 107->116(154)
[4196.288s][info][gc,heap        ] GC(1134) Old regions: 507->538
[4196.288s][info][gc,heap        ] GC(1134) Humongous regions: 80->80
[4196.288s][info][gc,metaspace   ] GC(1134) Metaspace: 28897K(29248K)->28897K(29248K) NonClass: 24029K(24192K)->24029K(24192K) Class: 4868K(5056K)->4868K(5056K)
[4196.288s][info][gc             ] GC(1134) Pause Young (Prepare Mixed) (G1 Evacuation Pause) 3628M->1467M(4096M) 122.834ms
[4196.288s][info][gc,cpu         ] GC(1134) User=0.73s Sys=0.00s Real=0.12s
...[4198.683s][info][gc,start       ] GC(1135) Pause Young (Mixed) (G1 Evacuation Pause)
[4198.683s][info][gc,task        ] GC(1135) Using 6 workers of 6 for evacuation
[4198.818s][info][gc,phases      ] GC(1135)   Pre Evacuate Collection Set: 0.37ms
[4198.818s][info][gc,phases      ] GC(1135)   Merge Heap Roots: 0.60ms
[4198.818s][info][gc,phases      ] GC(1135)   Evacuate Collection Set: 133.36ms
[4198.818s][info][gc,phases      ] GC(1135)   Post Evacuate Collection Set: 0.99ms
[4198.818s][info][gc,phases      ] GC(1135)   Other: 0.08ms
[4198.818s][info][gc,heap        ] GC(1135) Eden regions: 1095->0(1115)
[4198.818s][info][gc,heap        ] GC(1135) Survivor regions: 116->113(152)
[4198.818s][info][gc,heap        ] GC(1135) Old regions: 538->476
[4198.818s][info][gc,heap        ] GC(1135) Humongous regions: 80->80
[4198.818s][info][gc,metaspace   ] GC(1135) Metaspace: 28897K(29248K)->28897K(29248K) NonClass: 24029K(24192K)->24029K(24192K) Class: 4868K(5056K)->4868K(5056K)
[4198.818s][info][gc             ] GC(1135) Pause Young (Mixed) (G1 Evacuation Pause) 3657M->1335M(4096M) 135.528ms
[4198.818s][info][gc,cpu         ] GC(1135) User=0.80s Sys=0.00s Real=0.14s
..[4201.181s][info][gc,start       ] GC(1136) Pause Young (Concurrent Start) (G1 Evacuation Pause)
[4201.181s][info][gc,task        ] GC(1136) Using 6 workers of 6 for evacuation
[4201.301s][info][gc,phases      ] GC(1136)   Pre Evacuate Collection Set: 0.39ms
[4201.301s][info][gc,phases      ] GC(1136)   Merge Heap Roots: 0.43ms
[4201.301s][info][gc,phases      ] GC(1136)   Evacuate Collection Set: 118.58ms
[4201.301s][info][gc,phases      ] GC(1136)   Post Evacuate Collection Set: 0.89ms
[4201.301s][info][gc,phases      ] GC(1136)   Other: 0.11ms
[4201.301s][info][gc,heap        ] GC(1136) Eden regions: 1115->0(1114)
[4201.301s][info][gc,heap        ] GC(1136) Survivor regions: 113->114(154)
[4201.301s][info][gc,heap        ] GC(1136) Old regions: 476->508
[4201.301s][info][gc,heap        ] GC(1136) Humongous regions: 80->80
[4201.301s][info][gc,metaspace   ] GC(1136) Metaspace: 28897K(29248K)->28897K(29248K) NonClass: 24029K(24192K)->24029K(24192K) Class: 4868K(5056K)->4868K(5056K)
[4201.301s][info][gc             ] GC(1136) Pause Young (Concurrent Start) (G1 Evacuation Pause) 3565M->1401M(4096M) 120.532ms
[4201.301s][info][gc             ] GC(1137) Concurrent Mark Cycle
[4201.301s][info][gc,marking     ] GC(1137) Concurrent Scan Root Regions
[4201.301s][info][gc,cpu         ] GC(1136) User=0.71s Sys=0.00s Real=0.12s
.[4201.496s][info][gc,marking     ] GC(1137) Concurrent Scan Root Regions 194.656ms
[4201.496s][info][gc,marking     ] GC(1137) Concurrent Mark
[4201.496s][info][gc,marking     ] GC(1137) Concurrent Mark From Roots
[4201.496s][info][gc,task        ] GC(1137) Using 2 workers of 2 for marking
.[4202.479s][info][gc,marking     ] GC(1137) Concurrent Mark From Roots 982.444ms
[4202.479s][info][gc,marking     ] GC(1137) Concurrent Preclean
[4202.479s][info][gc,marking     ] GC(1137) Concurrent Preclean 0.111ms
[4202.480s][info][gc,start       ] GC(1137) Pause Remark
[4202.486s][info][gc             ] GC(1137) Pause Remark 2497M->2497M(4096M) 6.679ms
[4202.486s][info][gc,cpu         ] GC(1137) User=0.03s Sys=0.01s Real=0.00s
[4202.488s][info][gc,marking     ] GC(1137) Concurrent Mark 991.463ms
[4202.488s][info][gc,marking     ] GC(1137) Concurrent Rebuild Remembered Sets and Scrub Regions
[4202.754s][info][gc,marking     ] GC(1137) Concurrent Rebuild Remembered Sets and Scrub Regions 266.821ms
[4202.758s][info][gc,start       ] GC(1137) Pause Cleanup
[4202.758s][info][gc             ] GC(1137) Pause Cleanup 2729M->2729M(4096M) 0.135ms
[4202.758s][info][gc,cpu         ] GC(1137) User=0.00s Sys=0.00s Real=0.01s
[4202.758s][info][gc,marking     ] GC(1137) Concurrent Clear Claimed Marks
[4202.758s][info][gc,marking     ] GC(1137) Concurrent Clear Claimed Marks 0.031ms
[4202.758s][info][gc,marking     ] GC(1137) Concurrent Cleanup for Next Mark
[4202.763s][info][gc,marking     ] GC(1137) Concurrent Cleanup for Next Mark 4.739ms
[4202.763s][info][gc             ] GC(1137) Concurrent Mark Cycle 1461.851ms
.[4203.757s][info][gc,start       ] GC(1138) Pause Young (Prepare Mixed) (G1 Evacuation Pause)
[4203.757s][info][gc,task        ] GC(1138) Using 6 workers of 6 for evacuation
[4203.876s][info][gc,phases      ] GC(1138)   Pre Evacuate Collection Set: 0.35ms
[4203.876s][info][gc,phases      ] GC(1138)   Merge Heap Roots: 0.49ms
[4203.876s][info][gc,phases      ] GC(1138)   Evacuate Collection Set: 116.36ms
[4203.876s][info][gc,phases      ] GC(1138)   Post Evacuate Collection Set: 0.95ms
[4203.876s][info][gc,phases      ] GC(1138)   Other: 0.08ms
[4203.876s][info][gc,heap        ] GC(1138) Eden regions: 1114->0(1103)
[4203.876s][info][gc,heap        ] GC(1138) Survivor regions: 114->111(154)
[4203.876s][info][gc,heap        ] GC(1138) Old regions: 508->540
[4203.876s][info][gc,heap        ] GC(1138) Humongous regions: 80->80
[4203.876s][info][gc,metaspace   ] GC(1138) Metaspace: 28897K(29248K)->28897K(29248K) NonClass: 24029K(24192K)->24029K(24192K) Class: 4868K(5056K)->4868K(5056K)
[4203.876s][info][gc             ] GC(1138) Pause Young (Prepare Mixed) (G1 Evacuation Pause) 3629M->1460M(4096M) 118.362ms
[4203.876s][info][gc,cpu         ] GC(1138) User=0.70s Sys=0.00s Real=0.12s
..[4206.227s][info][gc,start       ] GC(1139) Pause Young (Mixed) (G1 Evacuation Pause)
[4206.227s][info][gc,task        ] GC(1139) Using 6 workers of 6 for evacuation
[4206.359s][info][gc,phases      ] GC(1139)   Pre Evacuate Collection Set: 0.36ms
[4206.359s][info][gc,phases      ] GC(1139)   Merge Heap Roots: 0.70ms
[4206.359s][info][gc,phases      ] GC(1139)   Evacuate Collection Set: 129.60ms
[4206.359s][info][gc,phases      ] GC(1139)   Post Evacuate Collection Set: 0.92ms
[4206.359s][info][gc,phases      ] GC(1139)   Other: 0.09ms
[4206.359s][info][gc,heap        ] GC(1139) Eden regions: 1103->0(1120)
[4206.359s][info][gc,heap        ] GC(1139) Survivor regions: 111->108(152)
[4206.359s][info][gc,heap        ] GC(1139) Old regions: 540->475
[4206.359s][info][gc,heap        ] GC(1139) Humongous regions: 80->80
[4206.359s][info][gc,metaspace   ] GC(1139) Metaspace: 28897K(29248K)->28897K(29248K) NonClass: 24029K(24192K)->24029K(24192K) Class: 4868K(5056K)->4868K(5056K)
[4206.359s][info][gc             ] GC(1139) Pause Young (Mixed) (G1 Evacuation Pause) 3666M->1325M(4096M) 131.788ms
[4206.359s][info][gc,cpu         ] GC(1139) User=0.78s Sys=0.00s Real=0.14s
...[4208.747s][info][gc,start       ] GC(1140) Pause Young (Concurrent Start) (G1 Evacuation Pause)
[4208.747s][info][gc,task        ] GC(1140) Using 6 workers of 6 for evacuation
[4208.865s][info][gc,phases      ] GC(1140)   Pre Evacuate Collection Set: 0.39ms
[4208.865s][info][gc,phases      ] GC(1140)   Merge Heap Roots: 0.43ms
[4208.865s][info][gc,phases      ] GC(1140)   Evacuate Collection Set: 115.57ms
[4208.865s][info][gc,phases      ] GC(1140)   Post Evacuate Collection Set: 0.87ms
[4208.865s][info][gc,phases      ] GC(1140)   Other: 0.13ms
[4208.865s][info][gc,heap        ] GC(1140) Eden regions: 1120->0(1117)
[4208.865s][info][gc,heap        ] GC(1140) Survivor regions: 108->111(154)
[4208.865s][info][gc,heap        ] GC(1140) Old regions: 475->507
[4208.865s][info][gc,heap        ] GC(1140) Humongous regions: 80->80
[4208.865s][info][gc,metaspace   ] GC(1140) Metaspace: 28897K(29248K)->28897K(29248K) NonClass: 24029K(24192K)->24029K(24192K) Class: 4868K(5056K)->4868K(5056K)
[4208.865s][info][gc             ] GC(1140) Pause Young (Concurrent Start) (G1 Evacuation Pause) 3565M->1394M(4096M) 117.517ms
[4208.865s][info][gc             ] GC(1141) Concurrent Mark Cycle
[4208.865s][info][gc,marking     ] GC(1141) Concurrent Scan Root Regions
[4208.865s][info][gc,cpu         ] GC(1140) User=0.70s Sys=0.00s Real=0.12s
[4209.080s][info][gc,marking     ] GC(1141) Concurrent Scan Root Regions 215.346ms
[4209.080s][info][gc,marking     ] GC(1141) Concurrent Mark
[4209.080s][info][gc,marking     ] GC(1141) Concurrent Mark From Roots
[4209.080s][info][gc,task        ] GC(1141) Using 2 workers of 2 for marking
.[4209.995s][info][gc,marking     ] GC(1141) Concurrent Mark From Roots 914.801ms
[4209.995s][info][gc,marking     ] GC(1141) Concurrent Preclean
[4209.995s][info][gc,marking     ] GC(1141) Concurrent Preclean 0.116ms
[4209.996s][info][gc,start       ] GC(1141) Pause Remark
[4210.002s][info][gc             ] GC(1141) Pause Remark 2400M->2400M(4096M) 5.194ms
[4210.002s][info][gc,cpu         ] GC(1141) User=0.02s Sys=0.00s Real=0.01s
[4210.002s][info][gc,marking     ] GC(1141) Concurrent Mark 921.767ms
[4210.002s][info][gc,marking     ] GC(1141) Concurrent Rebuild Remembered Sets and Scrub Regions
[4210.220s][info][gc,marking     ] GC(1141) Concurrent Rebuild Remembered Sets and Scrub Regions 217.815ms
[4210.220s][info][gc,start       ] GC(1141) Pause Cleanup
[4210.220s][info][gc             ] GC(1141) Pause Cleanup 2626M->2626M(4096M) 0.110ms
[4210.220s][info][gc,cpu         ] GC(1141) User=0.00s Sys=0.00s Real=0.00s
[4210.220s][info][gc,marking     ] GC(1141) Concurrent Clear Claimed Marks
[4210.220s][info][gc,marking     ] GC(1141) Concurrent Clear Claimed Marks 0.035ms
[4210.220s][info][gc,marking     ] GC(1141) Concurrent Cleanup for Next Mark
[4210.225s][info][gc,marking     ] GC(1141) Concurrent Cleanup for Next Mark 4.722ms
[4210.225s][info][gc             ] GC(1141) Concurrent Mark Cycle 1360.250ms
.[4211.282s][info][gc,start       ] GC(1142) Pause Young (Prepare Mixed) (G1 Evacuation Pause)
[4211.282s][info][gc,task        ] GC(1142) Using 6 workers of 6 for evacuation
[4211.399s][info][gc,phases      ] GC(1142)   Pre Evacuate Collection Set: 0.35ms
[4211.399s][info][gc,phases      ] GC(1142)   Merge Heap Roots: 0.51ms
[4211.399s][info][gc,phases      ] GC(1142)   Evacuate Collection Set: 114.99ms
[4211.399s][info][gc,phases      ] GC(1142)   Post Evacuate Collection Set: 0.91ms
[4211.399s][info][gc,phases      ] GC(1142)   Other: 0.09ms
[4211.399s][info][gc,heap        ] GC(1142) Eden regions: 1117->0(1108)
[4211.399s][info][gc,heap        ] GC(1142) Survivor regions: 111->109(154)
[4211.399s][info][gc,heap        ] GC(1142) Old regions: 507->539
[4211.399s][info][gc,heap        ] GC(1142) Humongous regions: 80->80
[4211.399s][info][gc,metaspace   ] GC(1142) Metaspace: 28897K(29248K)->28897K(29248K) NonClass: 24029K(24192K)->24029K(24192K) Class: 4868K(5056K)->4868K(5056K)
[4211.399s][info][gc             ] GC(1142) Pause Young (Prepare Mixed) (G1 Evacuation Pause) 3628M->1454M(4096M) 117.003ms
[4211.399s][info][gc,cpu         ] GC(1142) User=0.70s Sys=0.00s Real=0.12s
... (rIR:aIR:PR = 7472:7481:7481) (tPR = 110883) [OK] 
  4213s: Performance info:
         Transaction,    Success,    Partial,     Failed,   Receipts, AvgBarcode, 
             Overall,     455299,          0,          0,     432602,      59.47, 
         Response times:
             Request,    Success,    Partial,     Failed,   SkipFail,     Probes,    Samples,      min,      p50,      p90,      p95,      p99,      max, 
       TotalPurchase,     432597,          0,          0,          0,     361206,     409153,      300,     6600,    76000,   119000,   189000,   417000,
     InStorePurchase,     228171,          0,          0,          0,     189968,     215323,      300,     6700,    76000,   120000,   192000,   374000,
      OnlinePurchase,     158754,          0,          0,          0,     133253,     150722,      300,     6600,    76000,   118000,   186000,   417000,
        InstPurchase,      45672,          0,          0,          0,      37985,      43108,      400,     6700,    78000,   118000,   189000,   379000,
          AssocOfCat,        458,          0,          0,          0,        367,        509,    25000,    45000,   154000,   188500,   274600,   291000,
      AssocOfProduct,       4554,          0,          0,          0,       4193,       4940,     1000,     7000,    74000,   121000,   197000,   357000,
      BusinessReport,       1130,          0,          0,          0,        982,       1261,    27000,    46000,   122000,   177000,   264520,   399000,
          CustBuyBeh,       4557,          0,          0,          0,       4225,       4991,      200,     7500,    82800,   123000,   215240,   379000,
       ProductReturn,      11999,          0,          0,          0,      10132,      11837,      200,     6700,    77000,   120000,   198000,   380000,

  4213s: (55%)   IR =   7610 [4213.842s][info][gc,start       ] GC(1143) Pause Young (Mixed) (G1 Evacuation Pause)
[4213.842s][info][gc,task        ] GC(1143) Using 6 workers of 6 for evacuation
[4213.977s][info][gc,phases      ] GC(1143)   Pre Evacuate Collection Set: 0.37ms
[4213.977s][info][gc,phases      ] GC(1143)   Merge Heap Roots: 0.69ms
[4213.977s][info][gc,phases      ] GC(1143)   Evacuate Collection Set: 132.27ms
[4213.977s][info][gc,phases      ] GC(1143)   Post Evacuate Collection Set: 0.93ms
[4213.977s][info][gc,phases      ] GC(1143)   Other: 0.09ms
[4213.977s][info][gc,heap        ] GC(1143) Eden regions: 1108->0(1116)
[4213.977s][info][gc,heap        ] GC(1143) Survivor regions: 109->112(153)
[4213.977s][info][gc,heap        ] GC(1143) Old regions: 539->475
[4213.977s][info][gc,heap        ] GC(1143) Humongous regions: 80->80
[4213.977s][info][gc,metaspace   ] GC(1143) Metaspace: 28897K(29248K)->28897K(29248K) NonClass: 24029K(24192K)->24029K(24192K) Class: 4868K(5056K)->4868K(5056K)
[4213.977s][info][gc             ] GC(1143) Pause Young (Mixed) (G1 Evacuation Pause) 3670M->1332M(4096M) 134.472ms
[4213.977s][info][gc,cpu         ] GC(1143) User=0.80s Sys=0.00s Real=0.13s
..[4216.248s][info][gc,start       ] GC(1144) Pause Young (Concurrent Start) (G1 Evacuation Pause)
[4216.248s][info][gc,task        ] GC(1144) Using 6 workers of 6 for evacuation
[4216.362s][info][gc,phases      ] GC(1144)   Pre Evacuate Collection Set: 0.41ms
[4216.362s][info][gc,phases      ] GC(1144)   Merge Heap Roots: 0.48ms
[4216.362s][info][gc,phases      ] GC(1144)   Evacuate Collection Set: 112.07ms
[4216.362s][info][gc,phases      ] GC(1144)   Post Evacuate Collection Set: 0.96ms
[4216.362s][info][gc,phases      ] GC(1144)   Other: 0.11ms
[4216.362s][info][gc,heap        ] GC(1144) Eden regions: 1116->0(1120)
[4216.362s][info][gc,heap        ] GC(1144) Survivor regions: 112->108(154)
[4216.362s][info][gc,heap        ] GC(1144) Old regions: 475->507
[4216.362s][info][gc,heap        ] GC(1144) Humongous regions: 80->80
[4216.362s][info][gc,metaspace   ] GC(1144) Metaspace: 28897K(29248K)->28897K(29248K) NonClass: 24029K(24192K)->24029K(24192K) Class: 4868K(5056K)->4868K(5056K)
[4216.362s][info][gc             ] GC(1144) Pause Young (Concurrent Start) (G1 Evacuation Pause) 3564M->1388M(4096M) 114.167ms
[4216.362s][info][gc             ] GC(1145) Concurrent Mark Cycle
[4216.362s][info][gc,marking     ] GC(1145) Concurrent Scan Root Regions
[4216.362s][info][gc,cpu         ] GC(1144) User=0.67s Sys=0.01s Real=0.12s
[4216.504s][info][gc,marking     ] GC(1145) Concurrent Scan Root Regions 142.189ms
[4216.504s][info][gc,marking     ] GC(1145) Concurrent Mark
[4216.504s][info][gc,marking     ] GC(1145) Concurrent Mark From Roots
[4216.504s][info][gc,task        ] GC(1145) Using 2 workers of 2 for marking
.[4217.228s][info][gc,marking     ] GC(1145) Concurrent Mark From Roots 724.155ms
[4217.228s][info][gc,marking     ] GC(1145) Concurrent Preclean
[4217.229s][info][gc,marking     ] GC(1145) Concurrent Preclean 0.143ms
[4217.231s][info][gc,start       ] GC(1145) Pause Remark
[4217.236s][info][gc             ] GC(1145) Pause Remark 2152M->2152M(4096M) 5.185ms
[4217.236s][info][gc,cpu         ] GC(1145) User=0.03s Sys=0.00s Real=0.00s
[4217.236s][info][gc,marking     ] GC(1145) Concurrent Mark 732.121ms
[4217.236s][info][gc,marking     ] GC(1145) Concurrent Rebuild Remembered Sets and Scrub Regions
[4217.596s][info][gc,marking     ] GC(1145) Concurrent Rebuild Remembered Sets and Scrub Regions 359.604ms
[4217.596s][info][gc,start       ] GC(1145) Pause Cleanup
[4217.596s][info][gc             ] GC(1145) Pause Cleanup 2514M->2514M(4096M) 0.114ms
[4217.596s][info][gc,cpu         ] GC(1145) User=0.00s Sys=0.00s Real=0.00s
[4217.596s][info][gc,marking     ] GC(1145) Concurrent Clear Claimed Marks
[4217.596s][info][gc,marking     ] GC(1145) Concurrent Clear Claimed Marks 0.050ms
[4217.596s][info][gc,marking     ] GC(1145) Concurrent Cleanup for Next Mark
[4217.602s][info][gc,marking     ] GC(1145) Concurrent Cleanup for Next Mark 5.661ms
[4217.602s][info][gc             ] GC(1145) Concurrent Mark Cycle 1240.155ms
..[4218.790s][info][gc,start       ] GC(1146) Pause Young (Prepare Mixed) (G1 Evacuation Pause)
[4218.791s][info][gc,task        ] GC(1146) Using 6 workers of 6 for evacuation
[4218.910s][info][gc,phases      ] GC(1146)   Pre Evacuate Collection Set: 0.35ms
[4218.910s][info][gc,phases      ] GC(1146)   Merge Heap Roots: 0.47ms
[4218.910s][info][gc,phases      ] GC(1146)   Evacuate Collection Set: 117.27ms
[4218.910s][info][gc,phases      ] GC(1146)   Post Evacuate Collection Set: 0.92ms
[4218.910s][info][gc,phases      ] GC(1146)   Other: 0.08ms
[4218.910s][info][gc,heap        ] GC(1146) Eden regions: 1120->0(1106)
[4218.910s][info][gc,heap        ] GC(1146) Survivor regions: 108->110(154)
[4218.910s][info][gc,heap        ] GC(1146) Old regions: 507->539
[4218.910s][info][gc,heap        ] GC(1146) Humongous regions: 80->80
[4218.910s][info][gc,metaspace   ] GC(1146) Metaspace: 28897K(29248K)->28897K(29248K) NonClass: 24029K(24192K)->24029K(24192K) Class: 4868K(5056K)->4868K(5056K)
[4218.910s][info][gc             ] GC(1146) Pause Young (Prepare Mixed) (G1 Evacuation Pause) 3628M->1457M(4096M) 119.228ms
[4218.910s][info][gc,cpu         ] GC(1146) User=0.70s Sys=0.00s Real=0.12s
..[4221.277s][info][gc,start       ] GC(1147) Pause Young (Mixed) (G1 Evacuation Pause)
[4221.277s][info][gc,task        ] GC(1147) Using 6 workers of 6 for evacuation
[4221.408s][info][gc,phases      ] GC(1147)   Pre Evacuate Collection Set: 0.37ms
[4221.408s][info][gc,phases      ] GC(1147)   Merge Heap Roots: 0.66ms
[4221.408s][info][gc,phases      ] GC(1147)   Evacuate Collection Set: 128.36ms
[4221.408s][info][gc,phases      ] GC(1147)   Post Evacuate Collection Set: 0.93ms
[4221.408s][info][gc,phases      ] GC(1147)   Other: 0.08ms
[4221.408s][info][gc,heap        ] GC(1147) Eden regions: 1106->0(1120)
[4221.408s][info][gc,heap        ] GC(1147) Survivor regions: 110->108(152)
[4221.408s][info][gc,heap        ] GC(1147) Old regions: 539->475
[4221.408s][info][gc,heap        ] GC(1147) Humongous regions: 80->80
[4221.408s][info][gc,metaspace   ] GC(1147) Metaspace: 28897K(29248K)->28897K(29248K) NonClass: 24029K(24192K)->24029K(24192K) Class: 4868K(5056K)->4868K(5056K)
[4221.408s][info][gc             ] GC(1147) Pause Young (Mixed) (G1 Evacuation Pause) 3669M->1323M(4096M) 130.524ms
[4221.408s][info][gc,cpu         ] GC(1147) User=0.78s Sys=0.00s Real=0.13s
..|.[4223.767s][info][gc,start       ] GC(1148) Pause Young (Concurrent Start) (G1 Evacuation Pause)
[4223.767s][info][gc,task        ] GC(1148) Using 6 workers of 6 for evacuation
[4223.884s][info][gc,phases      ] GC(1148)   Pre Evacuate Collection Set: 0.39ms
[4223.884s][info][gc,phases      ] GC(1148)   Merge Heap Roots: 0.44ms
[4223.884s][info][gc,phases      ] GC(1148)   Evacuate Collection Set: 115.50ms
[4223.884s][info][gc,phases      ] GC(1148)   Post Evacuate Collection Set: 0.88ms
[4223.884s][info][gc,phases      ] GC(1148)   Other: 0.11ms
[4223.884s][info][gc,heap        ] GC(1148) Eden regions: 1120->0(1118)
[4223.884s][info][gc,heap        ] GC(1148) Survivor regions: 108->110(154)
[4223.884s][info][gc,heap        ] GC(1148) Old regions: 475->507
[4223.884s][info][gc,heap        ] GC(1148) Humongous regions: 80->80
[4223.884s][info][gc,metaspace   ] GC(1148) Metaspace: 28897K(29248K)->28897K(29248K) NonClass: 24029K(24192K)->24029K(24192K) Class: 4868K(5056K)->4868K(5056K)
[4223.885s][info][gc             ] GC(1148) Pause Young (Concurrent Start) (G1 Evacuation Pause) 3563M->1393M(4096M) 117.448ms
[4223.885s][info][gc             ] GC(1149) Concurrent Mark Cycle
[4223.885s][info][gc,marking     ] GC(1149) Concurrent Scan Root Regions
[4223.885s][info][gc,cpu         ] GC(1148) User=0.70s Sys=0.00s Real=0.12s
[4224.074s][info][gc,marking     ] GC(1149) Concurrent Scan Root Regions 189.500ms
[4224.074s][info][gc,marking     ] GC(1149) Concurrent Mark
[4224.074s][info][gc,marking     ] GC(1149) Concurrent Mark From Roots
[4224.074s][info][gc,task        ] GC(1149) Using 2 workers of 2 for marking
.[4225.091s][info][gc,marking     ] GC(1149) Concurrent Mark From Roots 1016.979ms
[4225.091s][info][gc,marking     ] GC(1149) Concurrent Preclean
[4225.091s][info][gc,marking     ] GC(1149) Concurrent Preclean 0.121ms
[4225.093s][info][gc,start       ] GC(1149) Pause Remark
[4225.099s][info][gc             ] GC(1149) Pause Remark 2505M->2505M(4096M) 6.157ms
[4225.099s][info][gc,cpu         ] GC(1149) User=0.03s Sys=0.00s Real=0.01s
[4225.099s][info][gc,marking     ] GC(1149) Concurrent Mark 1025.316ms
[4225.100s][info][gc,marking     ] GC(1149) Concurrent Rebuild Remembered Sets and Scrub Regions
[4225.360s][info][gc,marking     ] GC(1149) Concurrent Rebuild Remembered Sets and Scrub Regions 260.430ms
[4225.360s][info][gc,start       ] GC(1149) Pause Cleanup
[4225.360s][info][gc             ] GC(1149) Pause Cleanup 2735M->2735M(4096M) 0.104ms
[4225.360s][info][gc,cpu         ] GC(1149) User=0.00s Sys=0.00s Real=0.00s
[4225.360s][info][gc,marking     ] GC(1149) Concurrent Clear Claimed Marks
[4225.360s][info][gc,marking     ] GC(1149) Concurrent Clear Claimed Marks 0.026ms
[4225.360s][info][gc,marking     ] GC(1149) Concurrent Cleanup for Next Mark
[4225.366s][info][gc,marking     ] GC(1149) Concurrent Cleanup for Next Mark 5.339ms
[4225.366s][info][gc             ] GC(1149) Concurrent Mark Cycle 1481.176ms
.[4226.317s][info][gc,start       ] GC(1150) Pause Young (Prepare Mixed) (G1 Evacuation Pause)
[4226.318s][info][gc,task        ] GC(1150) Using 6 workers of 6 for evacuation
[4226.432s][info][gc,phases      ] GC(1150)   Pre Evacuate Collection Set: 0.32ms
[4226.432s][info][gc,phases      ] GC(1150)   Merge Heap Roots: 0.46ms
[4226.432s][info][gc,phases      ] GC(1150)   Evacuate Collection Set: 112.82ms
[4226.432s][info][gc,phases      ] GC(1150)   Post Evacuate Collection Set: 0.95ms
[4226.432s][info][gc,phases      ] GC(1150)   Other: 0.09ms
[4226.432s][info][gc,heap        ] GC(1150) Eden regions: 1118->0(1110)
[4226.432s][info][gc,heap        ] GC(1150) Survivor regions: 110->108(154)
[4226.432s][info][gc,heap        ] GC(1150) Old regions: 507->539
[4226.432s][info][gc,heap        ] GC(1150) Humongous regions: 80->80
[4226.432s][info][gc,metaspace   ] GC(1150) Metaspace: 28897K(29248K)->28897K(29248K) NonClass: 24029K(24192K)->24029K(24192K) Class: 4868K(5056K)->4868K(5056K)
[4226.432s][info][gc             ] GC(1150) Pause Young (Prepare Mixed) (G1 Evacuation Pause) 3629M->1453M(4096M) 114.774ms
[4226.432s][info][gc,cpu         ] GC(1150) User=0.68s Sys=0.00s Real=0.12s
..[4228.717s][info][gc,start       ] GC(1151) Pause Young (Mixed) (G1 Evacuation Pause)
[4228.717s][info][gc,task        ] GC(1151) Using 6 workers of 6 for evacuation
[4228.856s][info][gc,phases      ] GC(1151)   Pre Evacuate Collection Set: 0.37ms
[4228.856s][info][gc,phases      ] GC(1151)   Merge Heap Roots: 0.68ms
[4228.856s][info][gc,phases      ] GC(1151)   Evacuate Collection Set: 137.19ms
[4228.856s][info][gc,phases      ] GC(1151)   Post Evacuate Collection Set: 0.94ms
[4228.856s][info][gc,phases      ] GC(1151)   Other: 0.09ms
[4228.856s][info][gc,heap        ] GC(1151) Eden regions: 1110->0(1115)
[4228.856s][info][gc,heap        ] GC(1151) Survivor regions: 108->113(153)
[4228.856s][info][gc,heap        ] GC(1151) Old regions: 539->475
[4228.856s][info][gc,heap        ] GC(1151) Humongous regions: 80->80
[4228.856s][info][gc,metaspace   ] GC(1151) Metaspace: 28897K(29248K)->28897K(29248K) NonClass: 24029K(24192K)->24029K(24192K) Class: 4868K(5056K)->4868K(5056K)
[4228.856s][info][gc             ] GC(1151) Pause Young (Mixed) (G1 Evacuation Pause) 3673M->1334M(4096M) 139.408ms
[4228.856s][info][gc,cpu         ] GC(1151) User=0.82s Sys=0.00s Real=0.14s
...[4231.199s][info][gc,start       ] GC(1152) Pause Young (Concurrent Start) (G1 Evacuation Pause)
[4231.199s][info][gc,task        ] GC(1152) Using 6 workers of 6 for evacuation
[4231.322s][info][gc,phases      ] GC(1152)   Pre Evacuate Collection Set: 0.34ms
[4231.322s][info][gc,phases      ] GC(1152)   Merge Heap Roots: 0.42ms
[4231.322s][info][gc,phases      ] GC(1152)   Evacuate Collection Set: 121.19ms
[4231.322s][info][gc,phases      ] GC(1152)   Post Evacuate Collection Set: 0.91ms
[4231.322s][info][gc,phases      ] GC(1152)   Other: 0.11ms
[4231.322s][info][gc,heap        ] GC(1152) Eden regions: 1115->0(1113)
[4231.322s][info][gc,heap        ] GC(1152) Survivor regions: 113->115(154)
[4231.322s][info][gc,heap        ] GC(1152) Old regions: 475->507
[4231.322s][info][gc,heap        ] GC(1152) Humongous regions: 80->80
[4231.322s][info][gc,metaspace   ] GC(1152) Metaspace: 28897K(29248K)->28897K(29248K) NonClass: 24029K(24192K)->24029K(24192K) Class: 4868K(5056K)->4868K(5056K)
[4231.322s][info][gc             ] GC(1152) Pause Young (Concurrent Start) (G1 Evacuation Pause) 3564M->1401M(4096M) 123.127ms
[4231.322s][info][gc             ] GC(1153) Concurrent Mark Cycle
[4231.322s][info][gc,marking     ] GC(1153) Concurrent Scan Root Regions
[4231.322s][info][gc,cpu         ] GC(1152) User=0.73s Sys=0.00s Real=0.12s
[4231.478s][info][gc,marking     ] GC(1153) Concurrent Scan Root Regions 156.240ms
[4231.478s][info][gc,marking     ] GC(1153) Concurrent Mark
[4231.478s][info][gc,marking     ] GC(1153) Concurrent Mark From Roots
[4231.478s][info][gc,task        ] GC(1153) Using 2 workers of 2 for marking
.[4232.238s][info][gc,marking     ] GC(1153) Concurrent Mark From Roots 759.796ms
[4232.238s][info][gc,marking     ] GC(1153) Concurrent Preclean
[4232.238s][info][gc,marking     ] GC(1153) Concurrent Preclean 0.117ms
[4232.240s][info][gc,start       ] GC(1153) Pause Remark
[4232.246s][info][gc             ] GC(1153) Pause Remark 2221M->2221M(4096M) 5.532ms
[4232.246s][info][gc,cpu         ] GC(1153) User=0.03s Sys=0.00s Real=0.00s
[4232.246s][info][gc,marking     ] GC(1153) Concurrent Mark 767.930ms
[4232.246s][info][gc,marking     ] GC(1153) Concurrent Rebuild Remembered Sets and Scrub Regions
[4232.464s][info][gc,marking     ] GC(1153) Concurrent Rebuild Remembered Sets and Scrub Regions 218.346ms
[4232.465s][info][gc,start       ] GC(1153) Pause Cleanup
[4232.465s][info][gc             ] GC(1153) Pause Cleanup 2424M->2424M(4096M) 0.128ms
[4232.465s][info][gc,cpu         ] GC(1153) User=0.00s Sys=0.00s Real=0.00s
[4232.466s][info][gc,marking     ] GC(1153) Concurrent Clear Claimed Marks
[4232.466s][info][gc,marking     ] GC(1153) Concurrent Clear Claimed Marks 0.048ms
[4232.466s][info][gc,marking     ] GC(1153) Concurrent Cleanup for Next Mark
[4232.474s][info][gc,marking     ] GC(1153) Concurrent Cleanup for Next Mark 7.332ms
[4232.474s][info][gc             ] GC(1153) Concurrent Mark Cycle 1151.961ms
.[4233.669s][info][gc,start       ] GC(1154) Pause Young (Prepare Mixed) (G1 Evacuation Pause)
[4233.669s][info][gc,task        ] GC(1154) Using 6 workers of 6 for evacuation
[4233.785s][info][gc,phases      ] GC(1154)   Pre Evacuate Collection Set: 0.35ms
[4233.785s][info][gc,phases      ] GC(1154)   Merge Heap Roots: 0.50ms
[4233.785s][info][gc,phases      ] GC(1154)   Evacuate Collection Set: 113.94ms
[4233.785s][info][gc,phases      ] GC(1154)   Post Evacuate Collection Set: 0.94ms
[4233.785s][info][gc,phases      ] GC(1154)   Other: 0.09ms
[4233.785s][info][gc,heap        ] GC(1154) Eden regions: 1113->0(1107)
[4233.785s][info][gc,heap        ] GC(1154) Survivor regions: 115->110(154)
[4233.785s][info][gc,heap        ] GC(1154) Old regions: 507->538
[4233.785s][info][gc,heap        ] GC(1154) Humongous regions: 80->80
[4233.785s][info][gc,metaspace   ] GC(1154) Metaspace: 28897K(29248K)->28897K(29248K) NonClass: 24029K(24192K)->24029K(24192K) Class: 4868K(5056K)->4868K(5056K)
[4233.785s][info][gc             ] GC(1154) Pause Young (Prepare Mixed) (G1 Evacuation Pause) 3627M->1454M(4096M) 115.947ms
[4233.785s][info][gc,cpu         ] GC(1154) User=0.68s Sys=0.00s Real=0.11s
...[4236.114s][info][gc,start       ] GC(1155) Pause Young (Mixed) (G1 Evacuation Pause)
[4236.114s][info][gc,task        ] GC(1155) Using 6 workers of 6 for evacuation
[4236.253s][info][gc,phases      ] GC(1155)   Pre Evacuate Collection Set: 0.38ms
[4236.253s][info][gc,phases      ] GC(1155)   Merge Heap Roots: 0.71ms
[4236.253s][info][gc,phases      ] GC(1155)   Evacuate Collection Set: 137.18ms
[4236.253s][info][gc,phases      ] GC(1155)   Post Evacuate Collection Set: 0.96ms
[4236.253s][info][gc,phases      ] GC(1155)   Other: 0.09ms
[4236.253s][info][gc,heap        ] GC(1155) Eden regions: 1107->0(1115)
[4236.253s][info][gc,heap        ] GC(1155) Survivor regions: 110->113(153)
[4236.253s][info][gc,heap        ] GC(1155) Old regions: 538->475
[4236.253s][info][gc,heap        ] GC(1155) Humongous regions: 80->80
[4236.253s][info][gc,metaspace   ] GC(1155) Metaspace: 28897K(29248K)->28897K(29248K) NonClass: 24029K(24192K)->24029K(24192K) Class: 4868K(5056K)->4868K(5056K)
[4236.253s][info][gc             ] GC(1155) Pause Young (Mixed) (G1 Evacuation Pause) 3668M->1335M(4096M) 139.466ms
[4236.253s][info][gc,cpu         ] GC(1155) User=0.82s Sys=0.00s Real=0.14s
..[4238.569s][info][gc,start       ] GC(1156) Pause Young (Concurrent Start) (G1 Evacuation Pause)
[4238.569s][info][gc,task        ] GC(1156) Using 6 workers of 6 for evacuation
[4238.686s][info][gc,phases      ] GC(1156)   Pre Evacuate Collection Set: 0.42ms
[4238.686s][info][gc,phases      ] GC(1156)   Merge Heap Roots: 0.48ms
[4238.686s][info][gc,phases      ] GC(1156)   Evacuate Collection Set: 114.70ms
[4238.686s][info][gc,phases      ] GC(1156)   Post Evacuate Collection Set: 0.88ms
[4238.686s][info][gc,phases      ] GC(1156)   Other: 0.13ms
[4238.686s][info][gc,heap        ] GC(1156) Eden regions: 1115->0(1118)
[4238.686s][info][gc,heap        ] GC(1156) Survivor regions: 113->110(154)
[4238.686s][info][gc,heap        ] GC(1156) Old regions: 475->508
[4238.686s][info][gc,heap        ] GC(1156) Humongous regions: 80->80
[4238.686s][info][gc,metaspace   ] GC(1156) Metaspace: 28897K(29248K)->28897K(29248K) NonClass: 24029K(24192K)->24029K(24192K) Class: 4868K(5056K)->4868K(5056K)
[4238.686s][info][gc             ] GC(1156) Pause Young (Concurrent Start) (G1 Evacuation Pause) 3565M->1394M(4096M) 116.720ms
[4238.686s][info][gc             ] GC(1157) Concurrent Mark Cycle
[4238.686s][info][gc,marking     ] GC(1157) Concurrent Scan Root Regions
[4238.686s][info][gc,cpu         ] GC(1156) User=0.69s Sys=0.00s Real=0.11s
[4238.838s][info][gc,marking     ] GC(1157) Concurrent Scan Root Regions 151.799ms
[4238.838s][info][gc,marking     ] GC(1157) Concurrent Mark
[4238.838s][info][gc,marking     ] GC(1157) Concurrent Mark From Roots
[4238.838s][info][gc,task        ] GC(1157) Using 2 workers of 2 for marking
.[4239.542s][info][gc,marking     ] GC(1157) Concurrent Mark From Roots 704.417ms
[4239.542s][info][gc,marking     ] GC(1157) Concurrent Preclean
[4239.543s][info][gc,marking     ] GC(1157) Concurrent Preclean 0.091ms
[4239.544s][info][gc,start       ] GC(1157) Pause Remark
[4239.550s][info][gc             ] GC(1157) Pause Remark 2160M->2160M(4096M) 5.414ms
[4239.550s][info][gc,cpu         ] GC(1157) User=0.03s Sys=0.00s Real=0.01s
[4239.550s][info][gc,marking     ] GC(1157) Concurrent Mark 711.717ms
[4239.550s][info][gc,marking     ] GC(1157) Concurrent Rebuild Remembered Sets and Scrub Regions
[4239.868s][info][gc,marking     ] GC(1157) Concurrent Rebuild Remembered Sets and Scrub Regions 318.099ms
[4239.868s][info][gc,start       ] GC(1157) Pause Cleanup
[4239.868s][info][gc             ] GC(1157) Pause Cleanup 2437M->2437M(4096M) 0.107ms
[4239.868s][info][gc,cpu         ] GC(1157) User=0.00s Sys=0.01s Real=0.00s
[4239.868s][info][gc,marking     ] GC(1157) Concurrent Clear Claimed Marks
[4239.868s][info][gc,marking     ] GC(1157) Concurrent Clear Claimed Marks 0.020ms
[4239.868s][info][gc,marking     ] GC(1157) Concurrent Cleanup for Next Mark
[4239.873s][info][gc,marking     ] GC(1157) Concurrent Cleanup for Next Mark 4.770ms
[4239.873s][info][gc             ] GC(1157) Concurrent Mark Cycle 1186.871ms
..[4241.132s][info][gc,start       ] GC(1158) Pause Young (Prepare Mixed) (G1 Evacuation Pause)
[4241.132s][info][gc,task        ] GC(1158) Using 6 workers of 6 for evacuation
[4241.256s][info][gc,phases      ] GC(1158)   Pre Evacuate Collection Set: 0.31ms
[4241.256s][info][gc,phases      ] GC(1158)   Merge Heap Roots: 0.47ms
[4241.256s][info][gc,phases      ] GC(1158)   Evacuate Collection Set: 122.42ms
[4241.256s][info][gc,phases      ] GC(1158)   Post Evacuate Collection Set: 0.93ms
[4241.256s][info][gc,phases      ] GC(1158)   Other: 0.10ms
[4241.256s][info][gc,heap        ] GC(1158) Eden regions: 1118->0(1094)
[4241.256s][info][gc,heap        ] GC(1158) Survivor regions: 110->116(154)
[4241.256s][info][gc,heap        ] GC(1158) Old regions: 508->539
[4241.256s][info][gc,heap        ] GC(1158) Humongous regions: 80->80
[4241.256s][info][gc,metaspace   ] GC(1158) Metaspace: 28897K(29248K)->28897K(29248K) NonClass: 24029K(24192K)->24029K(24192K) Class: 4868K(5056K)->4868K(5056K)
[4241.256s][info][gc             ] GC(1158) Pause Young (Prepare Mixed) (G1 Evacuation Pause) 3630M->1467M(4096M) 124.383ms
[4241.256s][info][gc,cpu         ] GC(1158) User=0.74s Sys=0.00s Real=0.12s
..[4243.487s][info][gc,start       ] GC(1159) Pause Young (Mixed) (G1 Evacuation Pause)
[4243.487s][info][gc,task        ] GC(1159) Using 6 workers of 6 for evacuation
[4243.622s][info][gc,phases      ] GC(1159)   Pre Evacuate Collection Set: 0.35ms
[4243.622s][info][gc,phases      ] GC(1159)   Merge Heap Roots: 0.60ms
[4243.622s][info][gc,phases      ] GC(1159)   Evacuate Collection Set: 132.38ms
[4243.622s][info][gc,phases      ] GC(1159)   Post Evacuate Collection Set: 0.93ms
[4243.622s][info][gc,phases      ] GC(1159)   Other: 0.09ms
[4243.622s][info][gc,heap        ] GC(1159) Eden regions: 1094->0(1115)
[4243.622s][info][gc,heap        ] GC(1159) Survivor regions: 116->113(152)
[4243.622s][info][gc,heap        ] GC(1159) Old regions: 539->475
[4243.622s][info][gc,heap        ] GC(1159) Humongous regions: 80->80
[4243.622s][info][gc,metaspace   ] GC(1159) Metaspace: 28897K(29248K)->28897K(29248K) NonClass: 24029K(24192K)->24029K(24192K) Class: 4868K(5056K)->4868K(5056K)
[4243.622s][info][gc             ] GC(1159) Pause Young (Mixed) (G1 Evacuation Pause) 3655M->1333M(4096M) 134.473ms
[4243.622s][info][gc,cpu         ] GC(1159) User=0.79s Sys=0.00s Real=0.14s
...[4246.021s][info][gc,start       ] GC(1160) Pause Young (Concurrent Start) (G1 Evacuation Pause)
[4246.021s][info][gc,task        ] GC(1160) Using 6 workers of 6 for evacuation
[4246.145s][info][gc,phases      ] GC(1160)   Pre Evacuate Collection Set: 0.38ms
[4246.145s][info][gc,phases      ] GC(1160)   Merge Heap Roots: 0.43ms
[4246.145s][info][gc,phases      ] GC(1160)   Evacuate Collection Set: 122.16ms
[4246.145s][info][gc,phases      ] GC(1160)   Post Evacuate Collection Set: 0.90ms
[4246.145s][info][gc,phases      ] GC(1160)   Other: 0.12ms
[4246.145s][info][gc,heap        ] GC(1160) Eden regions: 1115->0(1115)
[4246.145s][info][gc,heap        ] GC(1160) Survivor regions: 113->113(154)
[4246.145s][info][gc,heap        ] GC(1160) Old regions: 475->508
[4246.145s][info][gc,heap        ] GC(1160) Humongous regions: 80->80
[4246.145s][info][gc,metaspace   ] GC(1160) Metaspace: 28897K(29248K)->28897K(29248K) NonClass: 24029K(24192K)->24029K(24192K) Class: 4868K(5056K)->4868K(5056K)
[4246.145s][info][gc             ] GC(1160) Pause Young (Concurrent Start) (G1 Evacuation Pause) 3563M->1400M(4096M) 124.105ms
[4246.145s][info][gc             ] GC(1161) Concurrent Mark Cycle
[4246.145s][info][gc,marking     ] GC(1161) Concurrent Scan Root Regions
[4246.145s][info][gc,cpu         ] GC(1160) User=0.73s Sys=0.00s Real=0.12s
[4246.308s][info][gc,marking     ] GC(1161) Concurrent Scan Root Regions 163.041ms
[4246.308s][info][gc,marking     ] GC(1161) Concurrent Mark
[4246.308s][info][gc,marking     ] GC(1161) Concurrent Mark From Roots
[4246.308s][info][gc,task        ] GC(1161) Using 2 workers of 2 for marking
.[4247.033s][info][gc,marking     ] GC(1161) Concurrent Mark From Roots 725.149ms
[4247.033s][info][gc,marking     ] GC(1161) Concurrent Preclean
[4247.033s][info][gc,marking     ] GC(1161) Concurrent Preclean 0.147ms
[4247.034s][info][gc,start       ] GC(1161) Pause Remark
[4247.040s][info][gc             ] GC(1161) Pause Remark 2130M->2130M(4096M) 5.099ms
[4247.040s][info][gc,cpu         ] GC(1161) User=0.03s Sys=0.00s Real=0.01s
[4247.040s][info][gc,marking     ] GC(1161) Concurrent Mark 731.845ms
[4247.040s][info][gc,marking     ] GC(1161) Concurrent Rebuild Remembered Sets and Scrub Regions
[4247.411s][info][gc,marking     ] GC(1161) Concurrent Rebuild Remembered Sets and Scrub Regions 371.290ms
[4247.412s][info][gc,start       ] GC(1161) Pause Cleanup
[4247.412s][info][gc             ] GC(1161) Pause Cleanup 2554M->2554M(4096M) 0.120ms
[4247.412s][info][gc,cpu         ] GC(1161) User=0.01s Sys=0.00s Real=0.00s
[4247.412s][info][gc,marking     ] GC(1161) Concurrent Clear Claimed Marks
[4247.412s][info][gc,marking     ] GC(1161) Concurrent Clear Claimed Marks 0.033ms
[4247.412s][info][gc,marking     ] GC(1161) Concurrent Cleanup for Next Mark
[4247.422s][info][gc,marking     ] GC(1161) Concurrent Cleanup for Next Mark 9.519ms
[4247.422s][info][gc             ] GC(1161) Concurrent Mark Cycle 1277.263ms
.[4248.523s][info][gc,start       ] GC(1162) Pause Young (Prepare Mixed) (G1 Evacuation Pause)
[4248.523s][info][gc,task        ] GC(1162) Using 6 workers of 6 for evacuation
[4248.646s][info][gc,phases      ] GC(1162)   Pre Evacuate Collection Set: 0.32ms
[4248.646s][info][gc,phases      ] GC(1162)   Merge Heap Roots: 0.44ms
[4248.646s][info][gc,phases      ] GC(1162)   Evacuate Collection Set: 121.44ms
[4248.646s][info][gc,phases      ] GC(1162)   Post Evacuate Collection Set: 0.93ms
[4248.646s][info][gc,phases      ] GC(1162)   Other: 0.09ms
[4248.646s][info][gc,heap        ] GC(1162) Eden regions: 1115->0(1096)
[4248.646s][info][gc,heap        ] GC(1162) Survivor regions: 113->115(154)
[4248.646s][info][gc,heap        ] GC(1162) Old regions: 508->539
[4248.646s][info][gc,heap        ] GC(1162) Humongous regions: 80->80
[4248.646s][info][gc,metaspace   ] GC(1162) Metaspace: 28897K(29248K)->28897K(29248K) NonClass: 24029K(24192K)->24029K(24192K) Class: 4868K(5056K)->4868K(5056K)
[4248.646s][info][gc             ] GC(1162) Pause Young (Prepare Mixed) (G1 Evacuation Pause) 3630M->1466M(4096M) 123.343ms
[4248.646s][info][gc,cpu         ] GC(1162) User=0.73s Sys=0.00s Real=0.12s
..[4250.931s][info][gc,start       ] GC(1163) Pause Young (Mixed) (G1 Evacuation Pause)
[4250.931s][info][gc,task        ] GC(1163) Using 6 workers of 6 for evacuation
[4251.068s][info][gc,phases      ] GC(1163)   Pre Evacuate Collection Set: 0.41ms
[4251.068s][info][gc,phases      ] GC(1163)   Merge Heap Roots: 0.69ms
[4251.068s][info][gc,phases      ] GC(1163)   Evacuate Collection Set: 134.97ms
[4251.068s][info][gc,phases      ] GC(1163)   Post Evacuate Collection Set: 0.97ms
[4251.068s][info][gc,phases      ] GC(1163)   Other: 0.09ms
[4251.068s][info][gc,heap        ] GC(1163) Eden regions: 1096->0(1117)
[4251.068s][info][gc,heap        ] GC(1163) Survivor regions: 115->111(152)
[4251.068s][info][gc,heap        ] GC(1163) Old regions: 539->476
[4251.068s][info][gc,heap        ] GC(1163) Humongous regions: 80->80
[4251.068s][info][gc,metaspace   ] GC(1163) Metaspace: 28897K(29248K)->28897K(29248K) NonClass: 24029K(24192K)->24029K(24192K) Class: 4868K(5056K)->4868K(5056K)
[4251.068s][info][gc             ] GC(1163) Pause Young (Mixed) (G1 Evacuation Pause) 3658M->1332M(4096M) 137.265ms
[4251.068s][info][gc,cpu         ] GC(1163) User=0.81s Sys=0.00s Real=0.14s
...[4253.469s][info][gc,start       ] GC(1164) Pause Young (Concurrent Start) (G1 Evacuation Pause)
[4253.469s][info][gc,task        ] GC(1164) Using 6 workers of 6 for evacuation
[4253.585s][info][gc,phases      ] GC(1164)   Pre Evacuate Collection Set: 0.37ms
[4253.585s][info][gc,phases      ] GC(1164)   Merge Heap Roots: 0.44ms
[4253.585s][info][gc,phases      ] GC(1164)   Evacuate Collection Set: 114.11ms
[4253.585s][info][gc,phases      ] GC(1164)   Post Evacuate Collection Set: 0.89ms
[4253.585s][info][gc,phases      ] GC(1164)   Other: 0.11ms
[4253.585s][info][gc,heap        ] GC(1164) Eden regions: 1117->0(1119)
[4253.585s][info][gc,heap        ] GC(1164) Survivor regions: 111->109(154)
[4253.585s][info][gc,heap        ] GC(1164) Old regions: 476->507
[4253.585s][info][gc,heap        ] GC(1164) Humongous regions: 80->80
[4253.585s][info][gc,metaspace   ] GC(1164) Metaspace: 28897K(29248K)->28897K(29248K) NonClass: 24029K(24192K)->24029K(24192K) Class: 4868K(5056K)->4868K(5056K)
[4253.585s][info][gc             ] GC(1164) Pause Young (Concurrent Start) (G1 Evacuation Pause) 3566M->1389M(4096M) 116.076ms
[4253.585s][info][gc             ] GC(1165) Concurrent Mark Cycle
[4253.585s][info][gc,marking     ] GC(1165) Concurrent Scan Root Regions
[4253.585s][info][gc,cpu         ] GC(1164) User=0.68s Sys=0.00s Real=0.11s
[4253.732s][info][gc,marking     ] GC(1165) Concurrent Scan Root Regions 146.597ms
[4253.732s][info][gc,marking     ] GC(1165) Concurrent Mark
[4253.732s][info][gc,marking     ] GC(1165) Concurrent Mark From Roots
[4253.732s][info][gc,task        ] GC(1165) Using 2 workers of 2 for marking
.[4254.528s][info][gc,marking     ] GC(1165) Concurrent Mark From Roots 796.172ms
[4254.528s][info][gc,marking     ] GC(1165) Concurrent Preclean
[4254.528s][info][gc,marking     ] GC(1165) Concurrent Preclean 0.100ms
[4254.531s][info][gc,start       ] GC(1165) Pause Remark
[4254.536s][info][gc             ] GC(1165) Pause Remark 2239M->2239M(4096M) 5.235ms
[4254.536s][info][gc,cpu         ] GC(1165) User=0.03s Sys=0.00s Real=0.00s
[4254.536s][info][gc,marking     ] GC(1165) Concurrent Mark 804.130ms
[4254.536s][info][gc,marking     ] GC(1165) Concurrent Rebuild Remembered Sets and Scrub Regions
[4254.855s][info][gc,marking     ] GC(1165) Concurrent Rebuild Remembered Sets and Scrub Regions 318.809ms
[4254.856s][info][gc,start       ] GC(1165) Pause Cleanup
[4254.856s][info][gc             ] GC(1165) Pause Cleanup 2521M->2521M(4096M) 0.116ms
[4254.856s][info][gc,cpu         ] GC(1165) User=0.00s Sys=0.00s Real=0.00s
[4254.857s][info][gc,marking     ] GC(1165) Concurrent Clear Claimed Marks
[4254.857s][info][gc,marking     ] GC(1165) Concurrent Clear Claimed Marks 0.031ms
[4254.857s][info][gc,marking     ] GC(1165) Concurrent Cleanup for Next Mark
[4254.892s][info][gc,marking     ] GC(1165) Concurrent Cleanup for Next Mark 34.823ms
[4254.892s][info][gc             ] GC(1165) Concurrent Mark Cycle 1306.367ms
.[4255.968s][info][gc,start       ] GC(1166) Pause Young (Prepare Mixed) (G1 Evacuation Pause)
[4255.968s][info][gc,task        ] GC(1166) Using 6 workers of 6 for evacuation
[4256.089s][info][gc,phases      ] GC(1166)   Pre Evacuate Collection Set: 0.33ms
[4256.089s][info][gc,phases      ] GC(1166)   Merge Heap Roots: 0.46ms
[4256.089s][info][gc,phases      ] GC(1166)   Evacuate Collection Set: 119.64ms
[4256.089s][info][gc,phases      ] GC(1166)   Post Evacuate Collection Set: 0.92ms
[4256.089s][info][gc,phases      ] GC(1166)   Other: 0.09ms
[4256.089s][info][gc,heap        ] GC(1166) Eden regions: 1119->0(1096)
[4256.089s][info][gc,heap        ] GC(1166) Survivor regions: 109->116(154)
[4256.089s][info][gc,heap        ] GC(1166) Old regions: 507->537
[4256.089s][info][gc,heap        ] GC(1166) Humongous regions: 80->80
[4256.089s][info][gc,metaspace   ] GC(1166) Metaspace: 28897K(29248K)->28897K(29248K) NonClass: 24029K(24192K)->24029K(24192K) Class: 4868K(5056K)->4868K(5056K)
[4256.089s][info][gc             ] GC(1166) Pause Young (Prepare Mixed) (G1 Evacuation Pause) 3627M->1464M(4096M) 121.566ms
[4256.089s][info][gc,cpu         ] GC(1166) User=0.72s Sys=0.00s Real=0.13s
...[4258.320s][info][gc,start       ] GC(1167) Pause Young (Mixed) (G1 Evacuation Pause)
[4258.320s][info][gc,task        ] GC(1167) Using 6 workers of 6 for evacuation
[4258.452s][info][gc,phases      ] GC(1167)   Pre Evacuate Collection Set: 0.38ms
[4258.452s][info][gc,phases      ] GC(1167)   Merge Heap Roots: 0.64ms
[4258.452s][info][gc,phases      ] GC(1167)   Evacuate Collection Set: 129.82ms
[4258.452s][info][gc,phases      ] GC(1167)   Post Evacuate Collection Set: 0.96ms
[4258.452s][info][gc,phases      ] GC(1167)   Other: 0.08ms
[4258.452s][info][gc,heap        ] GC(1167) Eden regions: 1096->0(1120)
[4258.452s][info][gc,heap        ] GC(1167) Survivor regions: 116->108(152)
[4258.452s][info][gc,heap        ] GC(1167) Old regions: 537->474
[4258.452s][info][gc,heap        ] GC(1167) Humongous regions: 80->80
[4258.452s][info][gc,metaspace   ] GC(1167) Metaspace: 28897K(29248K)->28897K(29248K) NonClass: 24029K(24192K)->24029K(24192K) Class: 4868K(5056K)->4868K(5056K)
[4258.452s][info][gc             ] GC(1167) Pause Young (Mixed) (G1 Evacuation Pause) 3656M->1321M(4096M) 132.040ms
[4258.452s][info][gc,cpu         ] GC(1167) User=0.78s Sys=0.00s Real=0.13s
..[4260.737s][info][gc,start       ] GC(1168) Pause Young (Concurrent Start) (G1 Evacuation Pause)
[4260.737s][info][gc,task        ] GC(1168) Using 6 workers of 6 for evacuation
[4260.853s][info][gc,phases      ] GC(1168)   Pre Evacuate Collection Set: 0.39ms
[4260.853s][info][gc,phases      ] GC(1168)   Merge Heap Roots: 0.43ms
[4260.853s][info][gc,phases      ] GC(1168)   Evacuate Collection Set: 114.68ms
[4260.853s][info][gc,phases      ] GC(1168)   Post Evacuate Collection Set: 0.88ms
[4260.853s][info][gc,phases      ] GC(1168)   Other: 0.11ms
[4260.853s][info][gc,heap        ] GC(1168) Eden regions: 1120->0(1119)
[4260.854s][info][gc,heap        ] GC(1168) Survivor regions: 108->109(154)
[4260.854s][info][gc,heap        ] GC(1168) Old regions: 474->506
[4260.854s][info][gc,heap        ] GC(1168) Humongous regions: 80->80
[4260.854s][info][gc,metaspace   ] GC(1168) Metaspace: 28897K(29248K)->28897K(29248K) NonClass: 24029K(24192K)->24029K(24192K) Class: 4868K(5056K)->4868K(5056K)
[4260.854s][info][gc             ] GC(1168) Pause Young (Concurrent Start) (G1 Evacuation Pause) 3561M->1388M(4096M) 116.608ms
[4260.854s][info][gc             ] GC(1169) Concurrent Mark Cycle
[4260.854s][info][gc,marking     ] GC(1169) Concurrent Scan Root Regions
[4260.854s][info][gc,cpu         ] GC(1168) User=0.69s Sys=0.00s Real=0.12s
[4260.994s][info][gc,marking     ] GC(1169) Concurrent Scan Root Regions 140.117ms
[4260.994s][info][gc,marking     ] GC(1169) Concurrent Mark
[4260.994s][info][gc,marking     ] GC(1169) Concurrent Mark From Roots
[4260.994s][info][gc,task        ] GC(1169) Using 2 workers of 2 for marking
.[4261.711s][info][gc,marking     ] GC(1169) Concurrent Mark From Roots 716.771ms
[4261.711s][info][gc,marking     ] GC(1169) Concurrent Preclean
[4261.711s][info][gc,marking     ] GC(1169) Concurrent Preclean 0.082ms
[4261.711s][info][gc,start       ] GC(1169) Pause Remark
[4261.716s][info][gc             ] GC(1169) Pause Remark 2133M->2133M(4096M) 5.200ms
[4261.716s][info][gc,cpu         ] GC(1169) User=0.03s Sys=0.00s Real=0.00s
[4261.717s][info][gc,marking     ] GC(1169) Concurrent Mark 722.748ms
[4261.717s][info][gc,marking     ] GC(1169) Concurrent Rebuild Remembered Sets and Scrub Regions
[4262.018s][info][gc,marking     ] GC(1169) Concurrent Rebuild Remembered Sets and Scrub Regions 301.468ms
[4262.018s][info][gc,start       ] GC(1169) Pause Cleanup
[4262.018s][info][gc             ] GC(1169) Pause Cleanup 2414M->2414M(4096M) 0.104ms
[4262.018s][info][gc,cpu         ] GC(1169) User=0.00s Sys=0.00s Real=0.00s
[4262.018s][info][gc,marking     ] GC(1169) Concurrent Clear Claimed Marks
[4262.019s][info][gc,marking     ] GC(1169) Concurrent Clear Claimed Marks 0.027ms
[4262.019s][info][gc,marking     ] GC(1169) Concurrent Cleanup for Next Mark
[4262.023s][info][gc,marking     ] GC(1169) Concurrent Cleanup for Next Mark 4.806ms
[4262.023s][info][gc             ] GC(1169) Concurrent Mark Cycle 1169.837ms
..[4263.306s][info][gc,start       ] GC(1170) Pause Young (Prepare Mixed) (G1 Evacuation Pause)
[4263.306s][info][gc,task        ] GC(1170) Using 6 workers of 6 for evacuation
[4263.426s][info][gc,phases      ] GC(1170)   Pre Evacuate Collection Set: 0.32ms
[4263.426s][info][gc,phases      ] GC(1170)   Merge Heap Roots: 0.47ms
[4263.426s][info][gc,phases      ] GC(1170)   Evacuate Collection Set: 117.66ms
[4263.426s][info][gc,phases      ] GC(1170)   Post Evacuate Collection Set: 0.94ms
[4263.426s][info][gc,phases      ] GC(1170)   Other: 0.09ms
[4263.426s][info][gc,heap        ] GC(1170) Eden regions: 1119->0(1104)
[4263.426s][info][gc,heap        ] GC(1170) Survivor regions: 109->112(154)
[4263.426s][info][gc,heap        ] GC(1170) Old regions: 506->537
[4263.426s][info][gc,heap        ] GC(1170) Humongous regions: 80->80
[4263.426s][info][gc,metaspace   ] GC(1170) Metaspace: 28897K(29248K)->28897K(29248K) NonClass: 24029K(24192K)->24029K(24192K) Class: 4868K(5056K)->4868K(5056K)
[4263.426s][info][gc             ] GC(1170) Pause Young (Prepare Mixed) (G1 Evacuation Pause) 3626M->1455M(4096M) 119.618ms
[4263.426s][info][gc,cpu         ] GC(1170) User=0.71s Sys=0.00s Real=0.12s
..[4265.646s][info][gc,start       ] GC(1171) Pause Young (Mixed) (G1 Evacuation Pause)
[4265.646s][info][gc,task        ] GC(1171) Using 6 workers of 6 for evacuation
[4265.779s][info][gc,phases      ] GC(1171)   Pre Evacuate Collection Set: 0.38ms
[4265.779s][info][gc,phases      ] GC(1171)   Merge Heap Roots: 0.69ms
[4265.779s][info][gc,phases      ] GC(1171)   Evacuate Collection Set: 130.96ms
[4265.779s][info][gc,phases      ] GC(1171)   Post Evacuate Collection Set: 0.94ms
[4265.779s][info][gc,phases      ] GC(1171)   Other: 0.08ms
[4265.779s][info][gc,heap        ] GC(1171) Eden regions: 1104->0(1119)
[4265.779s][info][gc,heap        ] GC(1171) Survivor regions: 112->109(152)
[4265.779s][info][gc,heap        ] GC(1171) Old regions: 537->475
[4265.779s][info][gc,heap        ] GC(1171) Humongous regions: 80->80
[4265.779s][info][gc,metaspace   ] GC(1171) Metaspace: 28897K(29248K)->28897K(29248K) NonClass: 24029K(24192K)->24029K(24192K) Class: 4868K(5056K)->4868K(5056K)
[4265.779s][info][gc             ] GC(1171) Pause Young (Mixed) (G1 Evacuation Pause) 3663M->1326M(4096M) 133.196ms
[4265.779s][info][gc,cpu         ] GC(1171) User=0.79s Sys=0.01s Real=0.14s
...[4268.228s][info][gc,start       ] GC(1172) Pause Young (Concurrent Start) (G1 Evacuation Pause)
[4268.228s][info][gc,task        ] GC(1172) Using 6 workers of 6 for evacuation
[4268.344s][info][gc,phases      ] GC(1172)   Pre Evacuate Collection Set: 0.41ms
[4268.344s][info][gc,phases      ] GC(1172)   Merge Heap Roots: 0.48ms
[4268.344s][info][gc,phases      ] GC(1172)   Evacuate Collection Set: 113.99ms
[4268.344s][info][gc,phases      ] GC(1172)   Post Evacuate Collection Set: 0.88ms
[4268.344s][info][gc,phases      ] GC(1172)   Other: 0.13ms
[4268.344s][info][gc,heap        ] GC(1172) Eden regions: 1119->0(1120)
[4268.344s][info][gc,heap        ] GC(1172) Survivor regions: 109->108(154)
[4268.344s][info][gc,heap        ] GC(1172) Old regions: 475->507
[4268.344s][info][gc,heap        ] GC(1172) Humongous regions: 80->80
[4268.344s][info][gc,metaspace   ] GC(1172) Metaspace: 28897K(29248K)->28897K(29248K) NonClass: 24029K(24192K)->24029K(24192K) Class: 4868K(5056K)->4868K(5056K)
[4268.344s][info][gc             ] GC(1172) Pause Young (Concurrent Start) (G1 Evacuation Pause) 3564M->1388M(4096M) 116.018ms
[4268.344s][info][gc             ] GC(1173) Concurrent Mark Cycle
[4268.344s][info][gc,marking     ] GC(1173) Concurrent Scan Root Regions
[4268.344s][info][gc,cpu         ] GC(1172) User=0.69s Sys=0.00s Real=0.11s
[4268.598s][info][gc,marking     ] GC(1173) Concurrent Scan Root Regions 253.615ms
[4268.598s][info][gc,marking     ] GC(1173) Concurrent Mark
[4268.598s][info][gc,marking     ] GC(1173) Concurrent Mark From Roots
[4268.598s][info][gc,task        ] GC(1173) Using 2 workers of 2 for marking
.[4269.612s][info][gc,marking     ] GC(1173) Concurrent Mark From Roots 1014.239ms
[4269.612s][info][gc,marking     ] GC(1173) Concurrent Preclean
[4269.613s][info][gc,marking     ] GC(1173) Concurrent Preclean 0.112ms
[4269.614s][info][gc,start       ] GC(1173) Pause Remark
[4269.619s][info][gc             ] GC(1173) Pause Remark 2538M->2538M(4096M) 4.650ms
[4269.619s][info][gc,cpu         ] GC(1173) User=0.02s Sys=0.00s Real=0.01s
[4269.621s][info][gc,marking     ] GC(1173) Concurrent Mark 1022.353ms
[4269.621s][info][gc,marking     ] GC(1173) Concurrent Rebuild Remembered Sets and Scrub Regions
[4270.026s][info][gc,marking     ] GC(1173) Concurrent Rebuild Remembered Sets and Scrub Regions 405.251ms
[4270.026s][info][gc,start       ] GC(1173) Pause Cleanup
[4270.026s][info][gc             ] GC(1173) Pause Cleanup 2972M->2972M(4096M) 0.107ms
[4270.026s][info][gc,cpu         ] GC(1173) User=0.00s Sys=0.00s Real=0.00s
[4270.026s][info][gc,marking     ] GC(1173) Concurrent Clear Claimed Marks
[4270.026s][info][gc,marking     ] GC(1173) Concurrent Clear Claimed Marks 0.025ms
[4270.026s][info][gc,marking     ] GC(1173) Concurrent Cleanup for Next Mark
[4270.031s][info][gc,marking     ] GC(1173) Concurrent Cleanup for Next Mark 5.082ms
[4270.031s][info][gc             ] GC(1173) Concurrent Mark Cycle 1686.896ms
.[4270.739s][info][gc,start       ] GC(1174) Pause Young (Prepare Mixed) (G1 Evacuation Pause)
[4270.739s][info][gc,task        ] GC(1174) Using 6 workers of 6 for evacuation
[4270.862s][info][gc,phases      ] GC(1174)   Pre Evacuate Collection Set: 0.34ms
[4270.862s][info][gc,phases      ] GC(1174)   Merge Heap Roots: 0.51ms
[4270.862s][info][gc,phases      ] GC(1174)   Evacuate Collection Set: 120.71ms
[4270.862s][info][gc,phases      ] GC(1174)   Post Evacuate Collection Set: 0.92ms
[4270.862s][info][gc,phases      ] GC(1174)   Other: 0.10ms
[4270.862s][info][gc,heap        ] GC(1174) Eden regions: 1120->0(1097)
[4270.862s][info][gc,heap        ] GC(1174) Survivor regions: 108->115(154)
[4270.862s][info][gc,heap        ] GC(1174) Old regions: 507->538
[4270.862s][info][gc,heap        ] GC(1174) Humongous regions: 80->80
[4270.862s][info][gc,metaspace   ] GC(1174) Metaspace: 28897K(29248K)->28897K(29248K) NonClass: 24029K(24192K)->24029K(24192K) Class: 4868K(5056K)->4868K(5056K)
[4270.862s][info][gc             ] GC(1174) Pause Young (Prepare Mixed) (G1 Evacuation Pause) 3628M->1463M(4096M) 122.704ms
[4270.862s][info][gc,cpu         ] GC(1174) User=0.72s Sys=0.00s Real=0.12s
..[4273.104s][info][gc,start       ] GC(1175) Pause Young (Mixed) (G1 Evacuation Pause)
[4273.104s][info][gc,task        ] GC(1175) Using 6 workers of 6 for evacuation
[4273.240s][info][gc,phases      ] GC(1175)   Pre Evacuate Collection Set: 0.36ms
[4273.240s][info][gc,phases      ] GC(1175)   Merge Heap Roots: 0.67ms
[4273.240s][info][gc,phases      ] GC(1175)   Evacuate Collection Set: 134.19ms
[4273.240s][info][gc,phases      ] GC(1175)   Post Evacuate Collection Set: 0.96ms
[4273.240s][info][gc,phases      ] GC(1175)   Other: 0.09ms
[4273.240s][info][gc,heap        ] GC(1175) Eden regions: 1097->0(1117)
[4273.240s][info][gc,heap        ] GC(1175) Survivor regions: 115->111(152)
[4273.240s][info][gc,heap        ] GC(1175) Old regions: 538->476
[4273.240s][info][gc,heap        ] GC(1175) Humongous regions: 80->80
[4273.240s][info][gc,metaspace   ] GC(1175) Metaspace: 28897K(29248K)->28897K(29248K) NonClass: 24029K(24192K)->24029K(24192K) Class: 4868K(5056K)->4868K(5056K)
[4273.240s][info][gc             ] GC(1175) Pause Young (Mixed) (G1 Evacuation Pause) 3657M->1332M(4096M) 136.395ms
[4273.240s][info][gc,cpu         ] GC(1175) User=0.80s Sys=0.00s Real=0.14s
...[4275.572s][info][gc,start       ] GC(1176) Pause Young (Concurrent Start) (G1 Evacuation Pause)
[4275.572s][info][gc,task        ] GC(1176) Using 6 workers of 6 for evacuation
[4275.686s][info][gc,phases      ] GC(1176)   Pre Evacuate Collection Set: 0.37ms
[4275.686s][info][gc,phases      ] GC(1176)   Merge Heap Roots: 0.44ms
[4275.686s][info][gc,phases      ] GC(1176)   Evacuate Collection Set: 112.07ms
[4275.686s][info][gc,phases      ] GC(1176)   Post Evacuate Collection Set: 0.92ms
[4275.686s][info][gc,phases      ] GC(1176)   Other: 0.13ms
[4275.686s][info][gc,heap        ] GC(1176) Eden regions: 1117->0(1120)
[4275.686s][info][gc,heap        ] GC(1176) Survivor regions: 111->108(154)
[4275.686s][info][gc,heap        ] GC(1176) Old regions: 476->508
[4275.686s][info][gc,heap        ] GC(1176) Humongous regions: 80->80
[4275.686s][info][gc,metaspace   ] GC(1176) Metaspace: 28897K(29248K)->28897K(29248K) NonClass: 24029K(24192K)->24029K(24192K) Class: 4868K(5056K)->4868K(5056K)
[4275.686s][info][gc             ] GC(1176) Pause Young (Concurrent Start) (G1 Evacuation Pause) 3566M->1389M(4096M) 114.076ms
[4275.686s][info][gc             ] GC(1177) Concurrent Mark Cycle
[4275.687s][info][gc,marking     ] GC(1177) Concurrent Scan Root Regions
[4275.687s][info][gc,cpu         ] GC(1176) User=0.67s Sys=0.01s Real=0.11s
[4275.871s][info][gc,marking     ] GC(1177) Concurrent Scan Root Regions 184.872ms
[4275.871s][info][gc,marking     ] GC(1177) Concurrent Mark
[4275.871s][info][gc,marking     ] GC(1177) Concurrent Mark From Roots
[4275.871s][info][gc,task        ] GC(1177) Using 2 workers of 2 for marking
.[4276.901s][info][gc,marking     ] GC(1177) Concurrent Mark From Roots 1030.030ms
[4276.902s][info][gc,marking     ] GC(1177) Concurrent Preclean
[4276.902s][info][gc,marking     ] GC(1177) Concurrent Preclean 0.115ms
[4276.904s][info][gc,start       ] GC(1177) Pause Remark
[4276.910s][info][gc             ] GC(1177) Pause Remark 2511M->2511M(4096M) 6.031ms
[4276.910s][info][gc,cpu         ] GC(1177) User=0.03s Sys=0.00s Real=0.01s
[4276.911s][info][gc,marking     ] GC(1177) Concurrent Mark 1039.120ms
[4276.911s][info][gc,marking     ] GC(1177) Concurrent Rebuild Remembered Sets and Scrub Regions
[4277.245s][info][gc,marking     ] GC(1177) Concurrent Rebuild Remembered Sets and Scrub Regions 334.891ms
[4277.246s][info][gc,start       ] GC(1177) Pause Cleanup
[4277.246s][info][gc             ] GC(1177) Pause Cleanup 2830M->2830M(4096M) 0.097ms
[4277.246s][info][gc,cpu         ] GC(1177) User=0.00s Sys=0.00s Real=0.00s
[4277.247s][info][gc,marking     ] GC(1177) Concurrent Clear Claimed Marks
[4277.247s][info][gc,marking     ] GC(1177) Concurrent Clear Claimed Marks 0.033ms
[4277.247s][info][gc,marking     ] GC(1177) Concurrent Cleanup for Next Mark
[4277.252s][info][gc,marking     ] GC(1177) Concurrent Cleanup for Next Mark 5.851ms
[4277.253s][info][gc             ] GC(1177) Concurrent Mark Cycle 1566.051ms
.[4278.060s][info][gc,start       ] GC(1178) Pause Young (Prepare Mixed) (G1 Evacuation Pause)
[4278.060s][info][gc,task        ] GC(1178) Using 6 workers of 6 for evacuation
[4278.184s][info][gc,phases      ] GC(1178)   Pre Evacuate Collection Set: 0.32ms
[4278.184s][info][gc,phases      ] GC(1178)   Merge Heap Roots: 0.47ms
[4278.184s][info][gc,phases      ] GC(1178)   Evacuate Collection Set: 121.64ms
[4278.184s][info][gc,phases      ] GC(1178)   Post Evacuate Collection Set: 0.92ms
[4278.184s][info][gc,phases      ] GC(1178)   Other: 0.09ms
[4278.184s][info][gc,heap        ] GC(1178) Eden regions: 1120->0(1091)
[4278.184s][info][gc,heap        ] GC(1178) Survivor regions: 108->118(154)
[4278.184s][info][gc,heap        ] GC(1178) Old regions: 508->538
[4278.184s][info][gc,heap        ] GC(1178) Humongous regions: 80->80
[4278.184s][info][gc,metaspace   ] GC(1178) Metaspace: 28897K(29248K)->28897K(29248K) NonClass: 24029K(24192K)->24029K(24192K) Class: 4868K(5056K)->4868K(5056K)
[4278.184s][info][gc             ] GC(1178) Pause Young (Prepare Mixed) (G1 Evacuation Pause) 3629M->1470M(4096M) 123.573ms
[4278.184s][info][gc,cpu         ] GC(1178) User=0.73s Sys=0.00s Real=0.12s
...[4280.548s][info][gc,start       ] GC(1179) Pause Young (Mixed) (G1 Evacuation Pause)
[4280.548s][info][gc,task        ] GC(1179) Using 6 workers of 6 for evacuation
[4280.681s][info][gc,phases      ] GC(1179)   Pre Evacuate Collection Set: 0.39ms
[4280.681s][info][gc,phases      ] GC(1179)   Merge Heap Roots: 0.71ms
[4280.681s][info][gc,phases      ] GC(1179)   Evacuate Collection Set: 130.69ms
[4280.681s][info][gc,phases      ] GC(1179)   Post Evacuate Collection Set: 0.95ms
[4280.681s][info][gc,phases      ] GC(1179)   Other: 0.09ms
[4280.681s][info][gc,heap        ] GC(1179) Eden regions: 1091->0(1120)
[4280.681s][info][gc,heap        ] GC(1179) Survivor regions: 118->108(152)
[4280.681s][info][gc,heap        ] GC(1179) Old regions: 538->475
[4280.681s][info][gc,heap        ] GC(1179) Humongous regions: 80->80
[4280.681s][info][gc,metaspace   ] GC(1179) Metaspace: 28897K(29248K)->28897K(29248K) NonClass: 24029K(24192K)->24029K(24192K) Class: 4868K(5056K)->4868K(5056K)
[4280.681s][info][gc             ] GC(1179) Pause Young (Mixed) (G1 Evacuation Pause) 3652M->1324M(4096M) 132.997ms
[4280.681s][info][gc,cpu         ] GC(1179) User=0.79s Sys=0.00s Real=0.14s
..[4283.082s][info][gc,start       ] GC(1180) Pause Young (Concurrent Start) (G1 Evacuation Pause)
[4283.082s][info][gc,task        ] GC(1180) Using 6 workers of 6 for evacuation
[4283.197s][info][gc,phases      ] GC(1180)   Pre Evacuate Collection Set: 0.42ms
[4283.197s][info][gc,phases      ] GC(1180)   Merge Heap Roots: 0.43ms
[4283.197s][info][gc,phases      ] GC(1180)   Evacuate Collection Set: 112.73ms
[4283.197s][info][gc,phases      ] GC(1180)   Post Evacuate Collection Set: 0.91ms
[4283.197s][info][gc,phases      ] GC(1180)   Other: 0.12ms
[4283.197s][info][gc,heap        ] GC(1180) Eden regions: 1120->0(1119)
[4283.197s][info][gc,heap        ] GC(1180) Survivor regions: 108->109(154)
[4283.197s][info][gc,heap        ] GC(1180) Old regions: 475->508
[4283.197s][info][gc,heap        ] GC(1180) Humongous regions: 80->80
[4283.197s][info][gc,metaspace   ] GC(1180) Metaspace: 28897K(29248K)->28897K(29248K) NonClass: 24029K(24192K)->24029K(24192K) Class: 4868K(5056K)->4868K(5056K)
[4283.197s][info][gc             ] GC(1180) Pause Young (Concurrent Start) (G1 Evacuation Pause) 3564M->1391M(4096M) 114.739ms
[4283.197s][info][gc             ] GC(1181) Concurrent Mark Cycle
[4283.197s][info][gc,marking     ] GC(1181) Concurrent Scan Root Regions
[4283.197s][info][gc,cpu         ] GC(1180) User=0.68s Sys=0.01s Real=0.11s
.[4283.387s][info][gc,marking     ] GC(1181) Concurrent Scan Root Regions 190.389ms
[4283.387s][info][gc,marking     ] GC(1181) Concurrent Mark
[4283.387s][info][gc,marking     ] GC(1181) Concurrent Mark From Roots
[4283.387s][info][gc,task        ] GC(1181) Using 2 workers of 2 for marking
 (rIR:aIR:PR = 7610:7586:7585) (tPR = 113241) [OK] 
  4283s: Performance info:
         Transaction,    Success,    Partial,     Failed,   Receipts, AvgBarcode, 
             Overall,     459690,          0,          0,     436741,      59.47, 
         Response times:
             Request,    Success,    Partial,     Failed,   SkipFail,     Probes,    Samples,      min,      p50,      p90,      p95,      p99,      max, 
       TotalPurchase,     436853,          0,          0,          0,     355853,     417173,      200,     6500,    66000,   110000,   187000,   422000,
     InStorePurchase,     229903,          0,          0,          0,     187202,     219263,      200,     6500,    65000,   109000,   187000,   422000,
      OnlinePurchase,     160796,          0,          0,          0,     131379,     153824,      300,     6600,    67000,   112000,   188000,   421000,
        InstPurchase,      46154,          0,          0,          0,      37272,      44086,      400,     6100,    63000,   109000,   182000,   341000,
          AssocOfCat,        461,          0,          0,          0,        382,        544,    26000,    43000,   139000,   185750,   265000,   277000,
      AssocOfProduct,       4608,          0,          0,          0,       4301,       5264,      500,     5600,    57000,    97000,   180000,   261000,
      BusinessReport,       1151,          0,          0,          0,       1017,       1328,    27000,    51000,   139100,   185550,   256710,   373000,
          CustBuyBeh,       4611,          0,          0,          0,       4251,       5149,      200,     5200,    61000,   101500,   181000,   273000,
       ProductReturn,      12125,          0,          0,          0,       9169,      10928,      300,     6600,    68000,   112000,   186000,   259000,

  4283s: (56%)   IR =   7749 [4284.355s][info][gc,marking     ] GC(1181) Concurrent Mark From Roots 967.155ms
[4284.355s][info][gc,marking     ] GC(1181) Concurrent Preclean
[4284.355s][info][gc,marking     ] GC(1181) Concurrent Preclean 0.088ms
[4284.356s][info][gc,start       ] GC(1181) Pause Remark
[4284.362s][info][gc             ] GC(1181) Pause Remark 2419M->2419M(4096M) 5.588ms
[4284.362s][info][gc,cpu         ] GC(1181) User=0.03s Sys=0.00s Real=0.01s
[4284.362s][info][gc,marking     ] GC(1181) Concurrent Mark 974.389ms
[4284.362s][info][gc,marking     ] GC(1181) Concurrent Rebuild Remembered Sets and Scrub Regions
.[4284.690s][info][gc,marking     ] GC(1181) Concurrent Rebuild Remembered Sets and Scrub Regions 328.071ms
[4284.690s][info][gc,start       ] GC(1181) Pause Cleanup
[4284.690s][info][gc             ] GC(1181) Pause Cleanup 2734M->2734M(4096M) 0.104ms
[4284.690s][info][gc,cpu         ] GC(1181) User=0.00s Sys=0.00s Real=0.00s
[4284.690s][info][gc,marking     ] GC(1181) Concurrent Clear Claimed Marks
[4284.690s][info][gc,marking     ] GC(1181) Concurrent Clear Claimed Marks 0.023ms
[4284.690s][info][gc,marking     ] GC(1181) Concurrent Cleanup for Next Mark
[4284.695s][info][gc,marking     ] GC(1181) Concurrent Cleanup for Next Mark 4.822ms
[4284.695s][info][gc             ] GC(1181) Concurrent Mark Cycle 1498.169ms
.[4285.643s][info][gc,start       ] GC(1182) Pause Young (Prepare Mixed) (G1 Evacuation Pause)
[4285.643s][info][gc,task        ] GC(1182) Using 6 workers of 6 for evacuation
[4285.762s][info][gc,phases      ] GC(1182)   Pre Evacuate Collection Set: 0.32ms
[4285.762s][info][gc,phases      ] GC(1182)   Merge Heap Roots: 0.50ms
[4285.762s][info][gc,phases      ] GC(1182)   Evacuate Collection Set: 116.66ms
[4285.762s][info][gc,phases      ] GC(1182)   Post Evacuate Collection Set: 0.93ms
[4285.762s][info][gc,phases      ] GC(1182)   Other: 0.08ms
[4285.762s][info][gc,heap        ] GC(1182) Eden regions: 1119->0(1108)
[4285.762s][info][gc,heap        ] GC(1182) Survivor regions: 109->109(154)
[4285.762s][info][gc,heap        ] GC(1182) Old regions: 508->539
[4285.762s][info][gc,heap        ] GC(1182) Humongous regions: 80->80
[4285.762s][info][gc,metaspace   ] GC(1182) Metaspace: 28897K(29248K)->28897K(29248K) NonClass: 24029K(24192K)->24029K(24192K) Class: 4868K(5056K)->4868K(5056K)
[4285.762s][info][gc             ] GC(1182) Pause Young (Prepare Mixed) (G1 Evacuation Pause) 3629M->1454M(4096M) 118.629ms
[4285.762s][info][gc,cpu         ] GC(1182) User=0.70s Sys=0.00s Real=0.12s
..[4288.063s][info][gc,start       ] GC(1183) Pause Young (Mixed) (G1 Evacuation Pause)
[4288.064s][info][gc,task        ] GC(1183) Using 6 workers of 6 for evacuation
[4288.195s][info][gc,phases      ] GC(1183)   Pre Evacuate Collection Set: 0.40ms
[4288.195s][info][gc,phases      ] GC(1183)   Merge Heap Roots: 0.63ms
[4288.195s][info][gc,phases      ] GC(1183)   Evacuate Collection Set: 129.43ms
[4288.195s][info][gc,phases      ] GC(1183)   Post Evacuate Collection Set: 0.94ms
[4288.195s][info][gc,phases      ] GC(1183)   Other: 0.09ms
[4288.195s][info][gc,heap        ] GC(1183) Eden regions: 1108->0(1117)
[4288.195s][info][gc,heap        ] GC(1183) Survivor regions: 109->111(153)
[4288.195s][info][gc,heap        ] GC(1183) Old regions: 539->476
[4288.195s][info][gc,heap        ] GC(1183) Humongous regions: 80->80
[4288.195s][info][gc,metaspace   ] GC(1183) Metaspace: 28897K(29248K)->28897K(29248K) NonClass: 24029K(24192K)->24029K(24192K) Class: 4868K(5056K)->4868K(5056K)
[4288.195s][info][gc             ] GC(1183) Pause Young (Mixed) (G1 Evacuation Pause) 3670M->1331M(4096M) 131.609ms
[4288.195s][info][gc,cpu         ] GC(1183) User=0.78s Sys=0.00s Real=0.13s
.|..[4290.532s][info][gc,start       ] GC(1184) Pause Young (Concurrent Start) (G1 Evacuation Pause)
[4290.532s][info][gc,task        ] GC(1184) Using 6 workers of 6 for evacuation
[4290.646s][info][gc,phases      ] GC(1184)   Pre Evacuate Collection Set: 0.40ms
[4290.647s][info][gc,phases      ] GC(1184)   Merge Heap Roots: 0.44ms
[4290.647s][info][gc,phases      ] GC(1184)   Evacuate Collection Set: 112.63ms
[4290.647s][info][gc,phases      ] GC(1184)   Post Evacuate Collection Set: 0.88ms
[4290.647s][info][gc,phases      ] GC(1184)   Other: 0.08ms
[4290.647s][info][gc,heap        ] GC(1184) Eden regions: 1117->0(1120)
[4290.647s][info][gc,heap        ] GC(1184) Survivor regions: 111->108(154)
[4290.647s][info][gc,heap        ] GC(1184) Old regions: 476->508
[4290.647s][info][gc,heap        ] GC(1184) Humongous regions: 80->80
[4290.647s][info][gc,metaspace   ] GC(1184) Metaspace: 28897K(29248K)->28897K(29248K) NonClass: 24029K(24192K)->24029K(24192K) Class: 4868K(5056K)->4868K(5056K)
[4290.647s][info][gc             ] GC(1184) Pause Young (Concurrent Start) (G1 Evacuation Pause) 3565M->1390M(4096M) 114.569ms
[4290.647s][info][gc             ] GC(1185) Concurrent Mark Cycle
[4290.647s][info][gc,marking     ] GC(1185) Concurrent Scan Root Regions
[4290.647s][info][gc,cpu         ] GC(1184) User=0.67s Sys=0.00s Real=0.11s
[4290.866s][info][gc,marking     ] GC(1185) Concurrent Scan Root Regions 218.865ms
[4290.866s][info][gc,marking     ] GC(1185) Concurrent Mark
[4290.866s][info][gc,marking     ] GC(1185) Concurrent Mark From Roots
[4290.866s][info][gc,task        ] GC(1185) Using 2 workers of 2 for marking
.[4291.895s][info][gc,marking     ] GC(1185) Concurrent Mark From Roots 1029.244ms
[4291.895s][info][gc,marking     ] GC(1185) Concurrent Preclean
[4291.895s][info][gc,marking     ] GC(1185) Concurrent Preclean 0.160ms
[4291.898s][info][gc,start       ] GC(1185) Pause Remark
[4291.906s][info][gc             ] GC(1185) Pause Remark 2548M->2548M(4096M) 7.129ms
[4291.906s][info][gc,cpu         ] GC(1185) User=0.04s Sys=0.00s Real=0.00s
[4291.906s][info][gc,marking     ] GC(1185) Concurrent Mark 1040.221ms
[4291.906s][info][gc,marking     ] GC(1185) Concurrent Rebuild Remembered Sets and Scrub Regions
[4292.275s][info][gc,marking     ] GC(1185) Concurrent Rebuild Remembered Sets and Scrub Regions 368.705ms
[4292.275s][info][gc,start       ] GC(1185) Pause Cleanup
[4292.275s][info][gc             ] GC(1185) Pause Cleanup 2936M->2936M(4096M) 0.118ms
[4292.275s][info][gc,cpu         ] GC(1185) User=0.00s Sys=0.00s Real=0.00s
[4292.277s][info][gc,marking     ] GC(1185) Concurrent Clear Claimed Marks
[4292.277s][info][gc,marking     ] GC(1185) Concurrent Clear Claimed Marks 0.059ms
[4292.277s][info][gc,marking     ] GC(1185) Concurrent Cleanup for Next Mark
[4292.291s][info][gc,marking     ] GC(1185) Concurrent Cleanup for Next Mark 14.225ms
[4292.291s][info][gc             ] GC(1185) Concurrent Mark Cycle 1644.422ms
.[4293.008s][info][gc,start       ] GC(1186) Pause Young (Prepare Mixed) (G1 Evacuation Pause)
[4293.008s][info][gc,task        ] GC(1186) Using 6 workers of 6 for evacuation
[4293.125s][info][gc,phases      ] GC(1186)   Pre Evacuate Collection Set: 0.36ms
[4293.125s][info][gc,phases      ] GC(1186)   Merge Heap Roots: 0.47ms
[4293.125s][info][gc,phases      ] GC(1186)   Evacuate Collection Set: 115.23ms
[4293.125s][info][gc,phases      ] GC(1186)   Post Evacuate Collection Set: 0.92ms
[4293.125s][info][gc,phases      ] GC(1186)   Other: 0.09ms
[4293.125s][info][gc,heap        ] GC(1186) Eden regions: 1120->0(1103)
[4293.125s][info][gc,heap        ] GC(1186) Survivor regions: 108->111(154)
[4293.125s][info][gc,heap        ] GC(1186) Old regions: 508->540
[4293.125s][info][gc,heap        ] GC(1186) Humongous regions: 80->80
[4293.125s][info][gc,metaspace   ] GC(1186) Metaspace: 28897K(29248K)->28897K(29248K) NonClass: 24029K(24192K)->24029K(24192K) Class: 4868K(5056K)->4868K(5056K)
[4293.125s][info][gc             ] GC(1186) Pause Young (Prepare Mixed) (G1 Evacuation Pause) 3630M->1460M(4096M) 117.199ms
[4293.125s][info][gc,cpu         ] GC(1186) User=0.69s Sys=0.00s Real=0.12s
..[4295.363s][info][gc,start       ] GC(1187) Pause Young (Mixed) (G1 Evacuation Pause)
[4295.363s][info][gc,task        ] GC(1187) Using 6 workers of 6 for evacuation
[4295.498s][info][gc,phases      ] GC(1187)   Pre Evacuate Collection Set: 0.35ms
[4295.498s][info][gc,phases      ] GC(1187)   Merge Heap Roots: 0.65ms
[4295.498s][info][gc,phases      ] GC(1187)   Evacuate Collection Set: 132.67ms
[4295.498s][info][gc,phases      ] GC(1187)   Post Evacuate Collection Set: 0.89ms
[4295.498s][info][gc,phases      ] GC(1187)   Other: 0.08ms
[4295.498s][info][gc,heap        ] GC(1187) Eden regions: 1103->0(1116)
[4295.498s][info][gc,heap        ] GC(1187) Survivor regions: 111->112(152)
[4295.498s][info][gc,heap        ] GC(1187) Old regions: 540->476
[4295.498s][info][gc,heap        ] GC(1187) Humongous regions: 80->80
[4295.498s][info][gc,metaspace   ] GC(1187) Metaspace: 28897K(29248K)->28897K(29248K) NonClass: 24029K(24192K)->24029K(24192K) Class: 4868K(5056K)->4868K(5056K)
[4295.498s][info][gc             ] GC(1187) Pause Young (Mixed) (G1 Evacuation Pause) 3666M->1334M(4096M) 134.790ms
[4295.498s][info][gc,cpu         ] GC(1187) User=0.79s Sys=0.00s Real=0.13s
...[4297.845s][info][gc,start       ] GC(1188) Pause Young (Concurrent Start) (G1 Evacuation Pause)
[4297.845s][info][gc,task        ] GC(1188) Using 6 workers of 6 for evacuation
[4297.961s][info][gc,phases      ] GC(1188)   Pre Evacuate Collection Set: 0.41ms
[4297.961s][info][gc,phases      ] GC(1188)   Merge Heap Roots: 0.44ms
[4297.961s][info][gc,phases      ] GC(1188)   Evacuate Collection Set: 113.58ms
[4297.961s][info][gc,phases      ] GC(1188)   Post Evacuate Collection Set: 0.89ms
[4297.961s][info][gc,phases      ] GC(1188)   Other: 0.13ms
[4297.961s][info][gc,heap        ] GC(1188) Eden regions: 1116->0(1119)
[4297.961s][info][gc,heap        ] GC(1188) Survivor regions: 112->109(154)
[4297.961s][info][gc,heap        ] GC(1188) Old regions: 476->509
[4297.961s][info][gc,heap        ] GC(1188) Humongous regions: 80->80
[4297.961s][info][gc,metaspace   ] GC(1188) Metaspace: 28897K(29248K)->28897K(29248K) NonClass: 24029K(24192K)->24029K(24192K) Class: 4868K(5056K)->4868K(5056K)
[4297.961s][info][gc             ] GC(1188) Pause Young (Concurrent Start) (G1 Evacuation Pause) 3566M->1394M(4096M) 115.589ms
[4297.961s][info][gc             ] GC(1189) Concurrent Mark Cycle
[4297.961s][info][gc,marking     ] GC(1189) Concurrent Scan Root Regions
[4297.961s][info][gc,cpu         ] GC(1188) User=0.68s Sys=0.00s Real=0.12s
[4298.080s][info][gc,marking     ] GC(1189) Concurrent Scan Root Regions 119.483ms
[4298.080s][info][gc,marking     ] GC(1189) Concurrent Mark
[4298.080s][info][gc,marking     ] GC(1189) Concurrent Mark From Roots
[4298.080s][info][gc,task        ] GC(1189) Using 2 workers of 2 for marking
.[4298.713s][info][gc,marking     ] GC(1189) Concurrent Mark From Roots 632.597ms
[4298.713s][info][gc,marking     ] GC(1189) Concurrent Preclean
[4298.713s][info][gc,marking     ] GC(1189) Concurrent Preclean 0.100ms
[4298.716s][info][gc,start       ] GC(1189) Pause Remark
[4298.720s][info][gc             ] GC(1189) Pause Remark 1960M->1960M(4096M) 3.727ms
[4298.720s][info][gc,cpu         ] GC(1189) User=0.01s Sys=0.00s Real=0.01s
[4298.721s][info][gc,marking     ] GC(1189) Concurrent Mark 640.226ms
[4298.721s][info][gc,marking     ] GC(1189) Concurrent Rebuild Remembered Sets and Scrub Regions
[4299.116s][info][gc,marking     ] GC(1189) Concurrent Rebuild Remembered Sets and Scrub Regions 395.699ms
[4299.117s][info][gc,start       ] GC(1189) Pause Cleanup
[4299.117s][info][gc             ] GC(1189) Pause Cleanup 2405M->2405M(4096M) 0.107ms
[4299.117s][info][gc,cpu         ] GC(1189) User=0.00s Sys=0.00s Real=0.00s
[4299.117s][info][gc,marking     ] GC(1189) Concurrent Clear Claimed Marks
[4299.117s][info][gc,marking     ] GC(1189) Concurrent Clear Claimed Marks 0.024ms
[4299.117s][info][gc,marking     ] GC(1189) Concurrent Cleanup for Next Mark
[4299.122s][info][gc,marking     ] GC(1189) Concurrent Cleanup for Next Mark 4.969ms
[4299.122s][info][gc             ] GC(1189) Concurrent Mark Cycle 1160.967ms
.[4300.254s][info][gc,start       ] GC(1190) Pause Young (Prepare Mixed) (G1 Evacuation Pause)
[4300.254s][info][gc,task        ] GC(1190) Using 6 workers of 6 for evacuation
[4300.371s][info][gc,phases      ] GC(1190)   Pre Evacuate Collection Set: 0.33ms
[4300.371s][info][gc,phases      ] GC(1190)   Merge Heap Roots: 0.47ms
[4300.371s][info][gc,phases      ] GC(1190)   Evacuate Collection Set: 114.24ms
[4300.371s][info][gc,phases      ] GC(1190)   Post Evacuate Collection Set: 0.95ms
[4300.371s][info][gc,phases      ] GC(1190)   Other: 0.08ms
[4300.371s][info][gc,heap        ] GC(1190) Eden regions: 1119->0(1103)
[4300.371s][info][gc,heap        ] GC(1190) Survivor regions: 109->111(154)
[4300.371s][info][gc,heap        ] GC(1190) Old regions: 509->540
[4300.371s][info][gc,heap        ] GC(1190) Humongous regions: 80->80
[4300.371s][info][gc,metaspace   ] GC(1190) Metaspace: 28897K(29248K)->28897K(29248K) NonClass: 24029K(24192K)->24029K(24192K) Class: 4868K(5056K)->4868K(5056K)
[4300.371s][info][gc             ] GC(1190) Pause Young (Prepare Mixed) (G1 Evacuation Pause) 3632M->1459M(4096M) 116.210ms
[4300.371s][info][gc,cpu         ] GC(1190) User=0.68s Sys=0.00s Real=0.12s
...[4302.684s][info][gc,start       ] GC(1191) Pause Young (Mixed) (G1 Evacuation Pause)
[4302.684s][info][gc,task        ] GC(1191) Using 6 workers of 6 for evacuation
[4302.816s][info][gc,phases      ] GC(1191)   Pre Evacuate Collection Set: 0.39ms
[4302.816s][info][gc,phases      ] GC(1191)   Merge Heap Roots: 0.59ms
[4302.816s][info][gc,phases      ] GC(1191)   Evacuate Collection Set: 130.07ms
[4302.816s][info][gc,phases      ] GC(1191)   Post Evacuate Collection Set: 0.91ms
[4302.816s][info][gc,phases      ] GC(1191)   Other: 0.09ms
[4302.816s][info][gc,heap        ] GC(1191) Eden regions: 1103->0(1116)
[4302.816s][info][gc,heap        ] GC(1191) Survivor regions: 111->112(152)
[4302.816s][info][gc,heap        ] GC(1191) Old regions: 540->475
[4302.816s][info][gc,heap        ] GC(1191) Humongous regions: 80->80
[4302.816s][info][gc,metaspace   ] GC(1191) Metaspace: 28897K(29248K)->28897K(29248K) NonClass: 24029K(24192K)->24029K(24192K) Class: 4868K(5056K)->4868K(5056K)
[4302.816s][info][gc             ] GC(1191) Pause Young (Mixed) (G1 Evacuation Pause) 3665M->1332M(4096M) 132.167ms
[4302.816s][info][gc,cpu         ] GC(1191) User=0.78s Sys=0.00s Real=0.13s
..[4305.114s][info][gc,start       ] GC(1192) Pause Young (Concurrent Start) (G1 Evacuation Pause)
[4305.114s][info][gc,task        ] GC(1192) Using 6 workers of 6 for evacuation
[4305.234s][info][gc,phases      ] GC(1192)   Pre Evacuate Collection Set: 0.38ms
[4305.234s][info][gc,phases      ] GC(1192)   Merge Heap Roots: 0.44ms
[4305.234s][info][gc,phases      ] GC(1192)   Evacuate Collection Set: 118.10ms
[4305.234s][info][gc,phases      ] GC(1192)   Post Evacuate Collection Set: 0.91ms
[4305.234s][info][gc,phases      ] GC(1192)   Other: 0.11ms
[4305.234s][info][gc,heap        ] GC(1192) Eden regions: 1116->0(1115)
[4305.234s][info][gc,heap        ] GC(1192) Survivor regions: 112->113(154)
[4305.234s][info][gc,heap        ] GC(1192) Old regions: 475->506
[4305.234s][info][gc,heap        ] GC(1192) Humongous regions: 80->80
[4305.234s][info][gc,metaspace   ] GC(1192) Metaspace: 28897K(29248K)->28897K(29248K) NonClass: 24029K(24192K)->24029K(24192K) Class: 4868K(5056K)->4868K(5056K)
[4305.234s][info][gc             ] GC(1192) Pause Young (Concurrent Start) (G1 Evacuation Pause) 3564M->1396M(4096M) 120.075ms
[4305.234s][info][gc             ] GC(1193) Concurrent Mark Cycle
[4305.235s][info][gc,marking     ] GC(1193) Concurrent Scan Root Regions
[4305.235s][info][gc,cpu         ] GC(1192) User=0.71s Sys=0.00s Real=0.12s
[4305.437s][info][gc,marking     ] GC(1193) Concurrent Scan Root Regions 202.158ms
[4305.437s][info][gc,marking     ] GC(1193) Concurrent Mark
[4305.437s][info][gc,marking     ] GC(1193) Concurrent Mark From Roots
[4305.437s][info][gc,task        ] GC(1193) Using 2 workers of 2 for marking
.[4306.417s][info][gc,marking     ] GC(1193) Concurrent Mark From Roots 979.819ms
[4306.417s][info][gc,marking     ] GC(1193) Concurrent Preclean
[4306.417s][info][gc,marking     ] GC(1193) Concurrent Preclean 0.116ms
[4306.419s][info][gc,start       ] GC(1193) Pause Remark
[4306.425s][info][gc             ] GC(1193) Pause Remark 2488M->2488M(4096M) 6.141ms
[4306.426s][info][gc,cpu         ] GC(1193) User=0.03s Sys=0.00s Real=0.00s
[4306.426s][info][gc,marking     ] GC(1193) Concurrent Mark 989.270ms
[4306.426s][info][gc,marking     ] GC(1193) Concurrent Rebuild Remembered Sets and Scrub Regions
[4306.703s][info][gc,marking     ] GC(1193) Concurrent Rebuild Remembered Sets and Scrub Regions 277.274ms
[4306.704s][info][gc,start       ] GC(1193) Pause Cleanup
[4306.704s][info][gc             ] GC(1193) Pause Cleanup 2750M->2750M(4096M) 0.108ms
[4306.704s][info][gc,cpu         ] GC(1193) User=0.00s Sys=0.00s Real=0.00s
[4306.705s][info][gc,marking     ] GC(1193) Concurrent Clear Claimed Marks
[4306.705s][info][gc,marking     ] GC(1193) Concurrent Clear Claimed Marks 0.036ms
[4306.705s][info][gc,marking     ] GC(1193) Concurrent Cleanup for Next Mark
[4306.718s][info][gc,marking     ] GC(1193) Concurrent Cleanup for Next Mark 13.558ms
[4306.718s][info][gc             ] GC(1193) Concurrent Mark Cycle 1483.851ms
.[4307.548s][info][gc,start       ] GC(1194) Pause Young (Prepare Mixed) (G1 Evacuation Pause)
[4307.548s][info][gc,task        ] GC(1194) Using 6 workers of 6 for evacuation
[4307.662s][info][gc,phases      ] GC(1194)   Pre Evacuate Collection Set: 0.34ms
[4307.662s][info][gc,phases      ] GC(1194)   Merge Heap Roots: 0.46ms
[4307.662s][info][gc,phases      ] GC(1194)   Evacuate Collection Set: 112.78ms
[4307.662s][info][gc,phases      ] GC(1194)   Post Evacuate Collection Set: 0.92ms
[4307.662s][info][gc,phases      ] GC(1194)   Other: 0.09ms
[4307.662s][info][gc,heap        ] GC(1194) Eden regions: 1115->0(1110)
[4307.662s][info][gc,heap        ] GC(1194) Survivor regions: 113->108(154)
[4307.662s][info][gc,heap        ] GC(1194) Old regions: 506->539
[4307.662s][info][gc,heap        ] GC(1194) Humongous regions: 80->80
[4307.662s][info][gc,metaspace   ] GC(1194) Metaspace: 28897K(29248K)->28897K(29248K) NonClass: 24029K(24192K)->24029K(24192K) Class: 4868K(5056K)->4868K(5056K)
[4307.662s][info][gc             ] GC(1194) Pause Young (Prepare Mixed) (G1 Evacuation Pause) 3626M->1453M(4096M) 114.732ms
[4307.662s][info][gc,cpu         ] GC(1194) User=0.68s Sys=0.00s Real=0.12s
...[4309.961s][info][gc,start       ] GC(1195) Pause Young (Mixed) (G1 Evacuation Pause)
[4309.961s][info][gc,task        ] GC(1195) Using 6 workers of 6 for evacuation
[4310.099s][info][gc,phases      ] GC(1195)   Pre Evacuate Collection Set: 0.35ms
[4310.099s][info][gc,phases      ] GC(1195)   Merge Heap Roots: 0.67ms
[4310.099s][info][gc,phases      ] GC(1195)   Evacuate Collection Set: 135.94ms
[4310.099s][info][gc,phases      ] GC(1195)   Post Evacuate Collection Set: 1.00ms
[4310.099s][info][gc,phases      ] GC(1195)   Other: 0.09ms
[4310.099s][info][gc,heap        ] GC(1195) Eden regions: 1110->0(1117)
[4310.099s][info][gc,heap        ] GC(1195) Survivor regions: 108->111(153)
[4310.099s][info][gc,heap        ] GC(1195) Old regions: 539->477
[4310.099s][info][gc,heap        ] GC(1195) Humongous regions: 80->80
[4310.099s][info][gc,metaspace   ] GC(1195) Metaspace: 28897K(29248K)->28897K(29248K) NonClass: 24029K(24192K)->24029K(24192K) Class: 4868K(5056K)->4868K(5056K)
[4310.099s][info][gc             ] GC(1195) Pause Young (Mixed) (G1 Evacuation Pause) 3673M->1334M(4096M) 138.165ms
[4310.099s][info][gc,cpu         ] GC(1195) User=0.82s Sys=0.00s Real=0.14s
..[4312.355s][info][gc,start       ] GC(1196) Pause Young (Concurrent Start) (G1 Evacuation Pause)
[4312.355s][info][gc,task        ] GC(1196) Using 6 workers of 6 for evacuation
[4312.473s][info][gc,phases      ] GC(1196)   Pre Evacuate Collection Set: 0.36ms
[4312.473s][info][gc,phases      ] GC(1196)   Merge Heap Roots: 0.42ms
[4312.473s][info][gc,phases      ] GC(1196)   Evacuate Collection Set: 116.14ms
[4312.473s][info][gc,phases      ] GC(1196)   Post Evacuate Collection Set: 0.87ms
[4312.473s][info][gc,phases      ] GC(1196)   Other: 0.13ms
[4312.473s][info][gc,heap        ] GC(1196) Eden regions: 1117->0(1119)
[4312.473s][info][gc,heap        ] GC(1196) Survivor regions: 111->109(154)
[4312.473s][info][gc,heap        ] GC(1196) Old regions: 477->508
[4312.473s][info][gc,heap        ] GC(1196) Humongous regions: 80->80
[4312.473s][info][gc,metaspace   ] GC(1196) Metaspace: 28897K(29248K)->28897K(29248K) NonClass: 24029K(24192K)->24029K(24192K) Class: 4868K(5056K)->4868K(5056K)
[4312.473s][info][gc             ] GC(1196) Pause Young (Concurrent Start) (G1 Evacuation Pause) 3568M->1393M(4096M) 118.083ms
[4312.474s][info][gc             ] GC(1197) Concurrent Mark Cycle
[4312.474s][info][gc,marking     ] GC(1197) Concurrent Scan Root Regions
[4312.474s][info][gc,cpu         ] GC(1196) User=0.70s Sys=0.00s Real=0.12s
[4312.662s][info][gc,marking     ] GC(1197) Concurrent Scan Root Regions 188.214ms
[4312.662s][info][gc,marking     ] GC(1197) Concurrent Mark
[4312.662s][info][gc,marking     ] GC(1197) Concurrent Mark From Roots
[4312.662s][info][gc,task        ] GC(1197) Using 2 workers of 2 for marking
.[4313.612s][info][gc,marking     ] GC(1197) Concurrent Mark From Roots 949.898ms
[4313.612s][info][gc,marking     ] GC(1197) Concurrent Preclean
[4313.612s][info][gc,marking     ] GC(1197) Concurrent Preclean 0.119ms
[4313.612s][info][gc,start       ] GC(1197) Pause Remark
[4313.619s][info][gc             ] GC(1197) Pause Remark 2435M->2435M(4096M) 7.381ms
[4313.620s][info][gc,cpu         ] GC(1197) User=0.05s Sys=0.00s Real=0.01s
[4313.620s][info][gc,marking     ] GC(1197) Concurrent Mark 957.850ms
[4313.620s][info][gc,marking     ] GC(1197) Concurrent Rebuild Remembered Sets and Scrub Regions
[4313.909s][info][gc,marking     ] GC(1197) Concurrent Rebuild Remembered Sets and Scrub Regions 289.625ms
[4313.909s][info][gc,start       ] GC(1197) Pause Cleanup
[4313.910s][info][gc             ] GC(1197) Pause Cleanup 2699M->2699M(4096M) 0.114ms
[4313.910s][info][gc,cpu         ] GC(1197) User=0.00s Sys=0.00s Real=0.00s
[4313.912s][info][gc,marking     ] GC(1197) Concurrent Clear Claimed Marks
[4313.912s][info][gc,marking     ] GC(1197) Concurrent Clear Claimed Marks 0.058ms
[4313.912s][info][gc,marking     ] GC(1197) Concurrent Cleanup for Next Mark
[4313.927s][info][gc,marking     ] GC(1197) Concurrent Cleanup for Next Mark 14.609ms
[4313.927s][info][gc             ] GC(1197) Concurrent Mark Cycle 1453.608ms
.[4314.776s][info][gc,start       ] GC(1198) Pause Young (Prepare Mixed) (G1 Evacuation Pause)
[4314.776s][info][gc,task        ] GC(1198) Using 6 workers of 6 for evacuation
[4314.901s][info][gc,phases      ] GC(1198)   Pre Evacuate Collection Set: 0.35ms
[4314.901s][info][gc,phases      ] GC(1198)   Merge Heap Roots: 0.48ms
[4314.901s][info][gc,phases      ] GC(1198)   Evacuate Collection Set: 122.78ms
[4314.901s][info][gc,phases      ] GC(1198)   Post Evacuate Collection Set: 0.92ms
[4314.901s][info][gc,phases      ] GC(1198)   Other: 0.09ms
[4314.901s][info][gc,heap        ] GC(1198) Eden regions: 1119->0(1093)
[4314.901s][info][gc,heap        ] GC(1198) Survivor regions: 109->116(154)
[4314.901s][info][gc,heap        ] GC(1198) Old regions: 508->540
[4314.901s][info][gc,heap        ] GC(1198) Humongous regions: 80->80
[4314.901s][info][gc,metaspace   ] GC(1198) Metaspace: 28897K(29248K)->28897K(29248K) NonClass: 24029K(24192K)->24029K(24192K) Class: 4868K(5056K)->4868K(5056K)
[4314.901s][info][gc             ] GC(1198) Pause Young (Prepare Mixed) (G1 Evacuation Pause) 3631M->1470M(4096M) 124.755ms
[4314.901s][info][gc,cpu         ] GC(1198) User=0.74s Sys=0.00s Real=0.13s
...[4317.162s][info][gc,start       ] GC(1199) Pause Young (Mixed) (G1 Evacuation Pause)
[4317.162s][info][gc,task        ] GC(1199) Using 6 workers of 6 for evacuation
[4317.296s][info][gc,phases      ] GC(1199)   Pre Evacuate Collection Set: 0.36ms
[4317.296s][info][gc,phases      ] GC(1199)   Merge Heap Roots: 0.63ms
[4317.296s][info][gc,phases      ] GC(1199)   Evacuate Collection Set: 131.91ms
[4317.296s][info][gc,phases      ] GC(1199)   Post Evacuate Collection Set: 0.97ms
[4317.296s][info][gc,phases      ] GC(1199)   Other: 0.09ms
[4317.296s][info][gc,heap        ] GC(1199) Eden regions: 1093->0(1117)
[4317.296s][info][gc,heap        ] GC(1199) Survivor regions: 116->111(152)
[4317.296s][info][gc,heap        ] GC(1199) Old regions: 540->476
[4317.296s][info][gc,heap        ] GC(1199) Humongous regions: 80->80
[4317.296s][info][gc,metaspace   ] GC(1199) Metaspace: 28897K(29248K)->28897K(29248K) NonClass: 24029K(24192K)->24029K(24192K) Class: 4868K(5056K)->4868K(5056K)
[4317.296s][info][gc             ] GC(1199) Pause Young (Mixed) (G1 Evacuation Pause) 3656M->1332M(4096M) 134.102ms
[4317.296s][info][gc,cpu         ] GC(1199) User=0.80s Sys=0.00s Real=0.13s
..[4319.625s][info][gc,start       ] GC(1200) Pause Young (Concurrent Start) (G1 Evacuation Pause)
[4319.625s][info][gc,task        ] GC(1200) Using 6 workers of 6 for evacuation
[4319.747s][info][gc,phases      ] GC(1200)   Pre Evacuate Collection Set: 0.35ms
[4319.747s][info][gc,phases      ] GC(1200)   Merge Heap Roots: 0.42ms
[4319.747s][info][gc,phases      ] GC(1200)   Evacuate Collection Set: 120.29ms
[4319.747s][info][gc,phases      ] GC(1200)   Post Evacuate Collection Set: 0.88ms
[4319.747s][info][gc,phases      ] GC(1200)   Other: 0.10ms
[4319.747s][info][gc,heap        ] GC(1200) Eden regions: 1117->0(1114)
[4319.747s][info][gc,heap        ] GC(1200) Survivor regions: 111->114(154)
[4319.747s][info][gc,heap        ] GC(1200) Old regions: 476->508
[4319.748s][info][gc,heap        ] GC(1200) Humongous regions: 80->80
[4319.748s][info][gc,metaspace   ] GC(1200) Metaspace: 28897K(29248K)->28897K(29248K) NonClass: 24029K(24192K)->24029K(24192K) Class: 4868K(5056K)->4868K(5056K)
[4319.748s][info][gc             ] GC(1200) Pause Young (Concurrent Start) (G1 Evacuation Pause) 3566M->1402M(4096M) 122.170ms
[4319.748s][info][gc             ] GC(1201) Concurrent Mark Cycle
[4319.748s][info][gc,marking     ] GC(1201) Concurrent Scan Root Regions
[4319.748s][info][gc,cpu         ] GC(1200) User=0.73s Sys=0.00s Real=0.12s
[4319.990s][info][gc,marking     ] GC(1201) Concurrent Scan Root Regions 242.895ms
[4319.991s][info][gc,marking     ] GC(1201) Concurrent Mark
[4319.991s][info][gc,marking     ] GC(1201) Concurrent Mark From Roots
[4319.991s][info][gc,task        ] GC(1201) Using 2 workers of 2 for marking
.[4320.947s][info][gc,marking     ] GC(1201) Concurrent Mark From Roots 956.910ms
[4320.947s][info][gc,marking     ] GC(1201) Concurrent Preclean
[4320.948s][info][gc,marking     ] GC(1201) Concurrent Preclean 0.091ms
[4320.949s][info][gc,start       ] GC(1201) Pause Remark
[4320.955s][info][gc             ] GC(1201) Pause Remark 2506M->2506M(4096M) 6.557ms
[4320.955s][info][gc,cpu         ] GC(1201) User=0.03s Sys=0.00s Real=0.00s
[4320.956s][info][gc,marking     ] GC(1201) Concurrent Mark 965.085ms
[4320.956s][info][gc,marking     ] GC(1201) Concurrent Rebuild Remembered Sets and Scrub Regions
.[4321.227s][info][gc,marking     ] GC(1201) Concurrent Rebuild Remembered Sets and Scrub Regions 271.700ms
[4321.228s][info][gc,start       ] GC(1201) Pause Cleanup
[4321.228s][info][gc             ] GC(1201) Pause Cleanup 2787M->2787M(4096M) 0.131ms
[4321.228s][info][gc,cpu         ] GC(1201) User=0.00s Sys=0.00s Real=0.01s
[4321.230s][info][gc,marking     ] GC(1201) Concurrent Clear Claimed Marks
[4321.230s][info][gc,marking     ] GC(1201) Concurrent Clear Claimed Marks 0.055ms
[4321.230s][info][gc,marking     ] GC(1201) Concurrent Cleanup for Next Mark
[4321.239s][info][gc,marking     ] GC(1201) Concurrent Cleanup for Next Mark 9.022ms
[4321.239s][info][gc             ] GC(1201) Concurrent Mark Cycle 1491.485ms
[4322.041s][info][gc,start       ] GC(1202) Pause Young (Prepare Mixed) (G1 Evacuation Pause)
[4322.041s][info][gc,task        ] GC(1202) Using 6 workers of 6 for evacuation
[4322.159s][info][gc,phases      ] GC(1202)   Pre Evacuate Collection Set: 0.36ms
[4322.159s][info][gc,phases      ] GC(1202)   Merge Heap Roots: 0.48ms
[4322.159s][info][gc,phases      ] GC(1202)   Evacuate Collection Set: 115.61ms
[4322.159s][info][gc,phases      ] GC(1202)   Post Evacuate Collection Set: 0.97ms
[4322.159s][info][gc,phases      ] GC(1202)   Other: 0.10ms
[4322.159s][info][gc,heap        ] GC(1202) Eden regions: 1114->0(1104)
[4322.159s][info][gc,heap        ] GC(1202) Survivor regions: 114->111(154)
[4322.159s][info][gc,heap        ] GC(1202) Old regions: 508->539
[4322.159s][info][gc,heap        ] GC(1202) Humongous regions: 80->80
[4322.159s][info][gc,metaspace   ] GC(1202) Metaspace: 28897K(29248K)->28897K(29248K) NonClass: 24029K(24192K)->24029K(24192K) Class: 4868K(5056K)->4868K(5056K)
[4322.159s][info][gc             ] GC(1202) Pause Young (Prepare Mixed) (G1 Evacuation Pause) 3630M->1459M(4096M) 117.659ms
[4322.159s][info][gc,cpu         ] GC(1202) User=0.70s Sys=0.00s Real=0.12s
...[4324.476s][info][gc,start       ] GC(1203) Pause Young (Mixed) (G1 Evacuation Pause)
[4324.476s][info][gc,task        ] GC(1203) Using 6 workers of 6 for evacuation
[4324.609s][info][gc,phases      ] GC(1203)   Pre Evacuate Collection Set: 0.38ms
[4324.609s][info][gc,phases      ] GC(1203)   Merge Heap Roots: 0.60ms
[4324.609s][info][gc,phases      ] GC(1203)   Evacuate Collection Set: 131.01ms
[4324.609s][info][gc,phases      ] GC(1203)   Post Evacuate Collection Set: 0.92ms
[4324.609s][info][gc,phases      ] GC(1203)   Other: 0.10ms
[4324.609s][info][gc,heap        ] GC(1203) Eden regions: 1104->0(1120)
[4324.609s][info][gc,heap        ] GC(1203) Survivor regions: 111->108(152)
[4324.609s][info][gc,heap        ] GC(1203) Old regions: 539->476
[4324.609s][info][gc,heap        ] GC(1203) Humongous regions: 80->80
[4324.609s][info][gc,metaspace   ] GC(1203) Metaspace: 28897K(29248K)->28897K(29248K) NonClass: 24029K(24192K)->24029K(24192K) Class: 4868K(5056K)->4868K(5056K)
[4324.609s][info][gc             ] GC(1203) Pause Young (Mixed) (G1 Evacuation Pause) 3667M->1325M(4096M) 133.130ms
[4324.609s][info][gc,cpu         ] GC(1203) User=0.79s Sys=0.00s Real=0.14s
..[4326.986s][info][gc,start       ] GC(1204) Pause Young (Concurrent Start) (G1 Evacuation Pause)
[4326.986s][info][gc,task        ] GC(1204) Using 6 workers of 6 for evacuation
[4327.106s][info][gc,phases      ] GC(1204)   Pre Evacuate Collection Set: 0.38ms
[4327.106s][info][gc,phases      ] GC(1204)   Merge Heap Roots: 0.46ms
[4327.106s][info][gc,phases      ] GC(1204)   Evacuate Collection Set: 117.97ms
[4327.106s][info][gc,phases      ] GC(1204)   Post Evacuate Collection Set: 0.89ms
[4327.106s][info][gc,phases      ] GC(1204)   Other: 0.12ms
[4327.106s][info][gc,heap        ] GC(1204) Eden regions: 1120->0(1115)
[4327.106s][info][gc,heap        ] GC(1204) Survivor regions: 108->113(154)
[4327.106s][info][gc,heap        ] GC(1204) Old regions: 476->508
[4327.106s][info][gc,heap        ] GC(1204) Humongous regions: 80->80
[4327.106s][info][gc,metaspace   ] GC(1204) Metaspace: 28897K(29248K)->28897K(29248K) NonClass: 24029K(24192K)->24029K(24192K) Class: 4868K(5056K)->4868K(5056K)
[4327.106s][info][gc             ] GC(1204) Pause Young (Concurrent Start) (G1 Evacuation Pause) 3565M->1400M(4096M) 119.959ms
[4327.106s][info][gc             ] GC(1205) Concurrent Mark Cycle
[4327.106s][info][gc,marking     ] GC(1205) Concurrent Scan Root Regions
[4327.106s][info][gc,cpu         ] GC(1204) User=0.71s Sys=0.00s Real=0.12s
.[4327.349s][info][gc,marking     ] GC(1205) Concurrent Scan Root Regions 242.926ms
[4327.349s][info][gc,marking     ] GC(1205) Concurrent Mark
[4327.349s][info][gc,marking     ] GC(1205) Concurrent Mark From Roots
[4327.349s][info][gc,task        ] GC(1205) Using 2 workers of 2 for marking
.[4328.427s][info][gc,marking     ] GC(1205) Concurrent Mark From Roots 1077.480ms
[4328.427s][info][gc,marking     ] GC(1205) Concurrent Preclean
[4328.427s][info][gc,marking     ] GC(1205) Concurrent Preclean 0.138ms
[4328.430s][info][gc,start       ] GC(1205) Pause Remark
[4328.436s][info][gc             ] GC(1205) Pause Remark 2656M->2656M(4096M) 5.709ms
[4328.436s][info][gc,cpu         ] GC(1205) User=0.04s Sys=0.00s Real=0.00s
[4328.436s][info][gc,marking     ] GC(1205) Concurrent Mark 1086.527ms
[4328.436s][info][gc,marking     ] GC(1205) Concurrent Rebuild Remembered Sets and Scrub Regions
[4328.840s][info][gc,marking     ] GC(1205) Concurrent Rebuild Remembered Sets and Scrub Regions 404.421ms
[4328.841s][info][gc,start       ] GC(1205) Pause Cleanup
[4328.841s][info][gc             ] GC(1205) Pause Cleanup 3062M->3062M(4096M) 0.094ms
[4328.841s][info][gc,cpu         ] GC(1205) User=0.00s Sys=0.00s Real=0.00s
[4328.842s][info][gc,marking     ] GC(1205) Concurrent Clear Claimed Marks
[4328.842s][info][gc,marking     ] GC(1205) Concurrent Clear Claimed Marks 0.069ms
[4328.842s][info][gc,marking     ] GC(1205) Concurrent Cleanup for Next Mark
[4328.847s][info][gc,marking     ] GC(1205) Concurrent Cleanup for Next Mark 5.332ms
[4328.848s][info][gc             ] GC(1205) Concurrent Mark Cycle 1741.126ms
.[4329.414s][info][gc,start       ] GC(1206) Pause Young (Prepare Mixed) (G1 Evacuation Pause)
[4329.415s][info][gc,task        ] GC(1206) Using 6 workers of 6 for evacuation
[4329.533s][info][gc,phases      ] GC(1206)   Pre Evacuate Collection Set: 0.33ms
[4329.533s][info][gc,phases      ] GC(1206)   Merge Heap Roots: 0.47ms
[4329.533s][info][gc,phases      ] GC(1206)   Evacuate Collection Set: 116.59ms
[4329.533s][info][gc,phases      ] GC(1206)   Post Evacuate Collection Set: 0.91ms
[4329.533s][info][gc,phases      ] GC(1206)   Other: 0.10ms
[4329.533s][info][gc,heap        ] GC(1206) Eden regions: 1115->0(1106)
[4329.533s][info][gc,heap        ] GC(1206) Survivor regions: 113->110(154)
[4329.533s][info][gc,heap        ] GC(1206) Old regions: 508->539
[4329.533s][info][gc,heap        ] GC(1206) Humongous regions: 80->80
[4329.533s][info][gc,metaspace   ] GC(1206) Metaspace: 28897K(29248K)->28897K(29248K) NonClass: 24029K(24192K)->24029K(24192K) Class: 4868K(5056K)->4868K(5056K)
[4329.533s][info][gc             ] GC(1206) Pause Young (Prepare Mixed) (G1 Evacuation Pause) 3630M->1456M(4096M) 118.535ms
[4329.533s][info][gc,cpu         ] GC(1206) User=0.70s Sys=0.00s Real=0.12s
..[4331.808s][info][gc,start       ] GC(1207) Pause Young (Mixed) (G1 Evacuation Pause)
[4331.808s][info][gc,task        ] GC(1207) Using 6 workers of 6 for evacuation
[4331.941s][info][gc,phases      ] GC(1207)   Pre Evacuate Collection Set: 0.37ms
[4331.941s][info][gc,phases      ] GC(1207)   Merge Heap Roots: 0.70ms
[4331.941s][info][gc,phases      ] GC(1207)   Evacuate Collection Set: 131.35ms
[4331.941s][info][gc,phases      ] GC(1207)   Post Evacuate Collection Set: 0.95ms
[4331.941s][info][gc,phases      ] GC(1207)   Other: 0.09ms
[4331.941s][info][gc,heap        ] GC(1207) Eden regions: 1106->0(1120)
[4331.941s][info][gc,heap        ] GC(1207) Survivor regions: 110->108(152)
[4331.941s][info][gc,heap        ] GC(1207) Old regions: 539->476
[4331.941s][info][gc,heap        ] GC(1207) Humongous regions: 80->80
[4331.941s][info][gc,metaspace   ] GC(1207) Metaspace: 28897K(29248K)->28897K(29248K) NonClass: 24029K(24192K)->24029K(24192K) Class: 4868K(5056K)->4868K(5056K)
[4331.941s][info][gc             ] GC(1207) Pause Young (Mixed) (G1 Evacuation Pause) 3668M->1327M(4096M) 133.585ms
[4331.941s][info][gc,cpu         ] GC(1207) User=0.79s Sys=0.00s Real=0.14s
...[4334.270s][info][gc,start       ] GC(1208) Pause Young (Concurrent Start) (G1 Evacuation Pause)
[4334.270s][info][gc,task        ] GC(1208) Using 6 workers of 6 for evacuation
[4334.386s][info][gc,phases      ] GC(1208)   Pre Evacuate Collection Set: 0.36ms
[4334.386s][info][gc,phases      ] GC(1208)   Merge Heap Roots: 0.42ms
[4334.386s][info][gc,phases      ] GC(1208)   Evacuate Collection Set: 114.69ms
[4334.386s][info][gc,phases      ] GC(1208)   Post Evacuate Collection Set: 0.88ms
[4334.386s][info][gc,phases      ] GC(1208)   Other: 0.10ms
[4334.386s][info][gc,heap        ] GC(1208) Eden regions: 1120->0(1118)
[4334.386s][info][gc,heap        ] GC(1208) Survivor regions: 108->110(154)
[4334.386s][info][gc,heap        ] GC(1208) Old regions: 476->508
[4334.386s][info][gc,heap        ] GC(1208) Humongous regions: 80->80
[4334.386s][info][gc,metaspace   ] GC(1208) Metaspace: 28897K(29248K)->28897K(29248K) NonClass: 24029K(24192K)->24029K(24192K) Class: 4868K(5056K)->4868K(5056K)
[4334.386s][info][gc             ] GC(1208) Pause Young (Concurrent Start) (G1 Evacuation Pause) 3567M->1393M(4096M) 116.599ms
[4334.386s][info][gc             ] GC(1209) Concurrent Mark Cycle
[4334.386s][info][gc,marking     ] GC(1209) Concurrent Scan Root Regions
[4334.386s][info][gc,cpu         ] GC(1208) User=0.69s Sys=0.00s Real=0.11s
[4334.581s][info][gc,marking     ] GC(1209) Concurrent Scan Root Regions 194.719ms
[4334.581s][info][gc,marking     ] GC(1209) Concurrent Mark
[4334.581s][info][gc,marking     ] GC(1209) Concurrent Mark From Roots
[4334.581s][info][gc,task        ] GC(1209) Using 2 workers of 2 for marking
.[4335.631s][info][gc,marking     ] GC(1209) Concurrent Mark From Roots 1050.346ms
[4335.631s][info][gc,marking     ] GC(1209) Concurrent Preclean
[4335.632s][info][gc,marking     ] GC(1209) Concurrent Preclean 0.105ms
[4335.633s][info][gc,start       ] GC(1209) Pause Remark
[4335.637s][info][gc             ] GC(1209) Pause Remark 2569M->2569M(4096M) 3.857ms
[4335.637s][info][gc,cpu         ] GC(1209) User=0.03s Sys=0.00s Real=0.00s
[4335.637s][info][gc,marking     ] GC(1209) Concurrent Mark 1056.162ms
[4335.637s][info][gc,marking     ] GC(1209) Concurrent Rebuild Remembered Sets and Scrub Regions
[4335.931s][info][gc,marking     ] GC(1209) Concurrent Rebuild Remembered Sets and Scrub Regions 293.983ms
[4335.931s][info][gc,start       ] GC(1209) Pause Cleanup
[4335.931s][info][gc             ] GC(1209) Pause Cleanup 2842M->2842M(4096M) 0.109ms
[4335.931s][info][gc,cpu         ] GC(1209) User=0.00s Sys=0.00s Real=0.00s
[4335.933s][info][gc,marking     ] GC(1209) Concurrent Clear Claimed Marks
[4335.933s][info][gc,marking     ] GC(1209) Concurrent Clear Claimed Marks 0.042ms
[4335.933s][info][gc,marking     ] GC(1209) Concurrent Cleanup for Next Mark
[4335.939s][info][gc,marking     ] GC(1209) Concurrent Cleanup for Next Mark 5.353ms
[4335.939s][info][gc             ] GC(1209) Concurrent Mark Cycle 1552.623ms
.[4336.705s][info][gc,start       ] GC(1210) Pause Young (Prepare Mixed) (G1 Evacuation Pause)
[4336.705s][info][gc,task        ] GC(1210) Using 6 workers of 6 for evacuation
[4336.828s][info][gc,phases      ] GC(1210)   Pre Evacuate Collection Set: 0.33ms
[4336.828s][info][gc,phases      ] GC(1210)   Merge Heap Roots: 0.48ms
[4336.828s][info][gc,phases      ] GC(1210)   Evacuate Collection Set: 121.52ms
[4336.828s][info][gc,phases      ] GC(1210)   Post Evacuate Collection Set: 0.89ms
[4336.828s][info][gc,phases      ] GC(1210)   Other: 0.09ms
[4336.828s][info][gc,heap        ] GC(1210) Eden regions: 1118->0(1096)
[4336.828s][info][gc,heap        ] GC(1210) Survivor regions: 110->115(154)
[4336.828s][info][gc,heap        ] GC(1210) Old regions: 508->539
[4336.828s][info][gc,heap        ] GC(1210) Humongous regions: 80->80
[4336.828s][info][gc,metaspace   ] GC(1210) Metaspace: 28897K(29248K)->28897K(29248K) NonClass: 24029K(24192K)->24029K(24192K) Class: 4868K(5056K)->4868K(5056K)
[4336.828s][info][gc             ] GC(1210) Pause Young (Prepare Mixed) (G1 Evacuation Pause) 3629M->1466M(4096M) 123.433ms
[4336.828s][info][gc,cpu         ] GC(1210) User=0.73s Sys=0.00s Real=0.13s
..[4339.154s][info][gc,start       ] GC(1211) Pause Young (Mixed) (G1 Evacuation Pause)
[4339.154s][info][gc,task        ] GC(1211) Using 6 workers of 6 for evacuation
[4339.287s][info][gc,phases      ] GC(1211)   Pre Evacuate Collection Set: 0.37ms
[4339.287s][info][gc,phases      ] GC(1211)   Merge Heap Roots: 0.59ms
[4339.287s][info][gc,phases      ] GC(1211)   Evacuate Collection Set: 130.69ms
[4339.287s][info][gc,phases      ] GC(1211)   Post Evacuate Collection Set: 0.93ms
[4339.287s][info][gc,phases      ] GC(1211)   Other: 0.09ms
[4339.287s][info][gc,heap        ] GC(1211) Eden regions: 1096->0(1117)
[4339.287s][info][gc,heap        ] GC(1211) Survivor regions: 115->111(152)
[4339.287s][info][gc,heap        ] GC(1211) Old regions: 539->476
[4339.287s][info][gc,heap        ] GC(1211) Humongous regions: 80->80
[4339.287s][info][gc,metaspace   ] GC(1211) Metaspace: 28897K(29248K)->28897K(29248K) NonClass: 24029K(24192K)->24029K(24192K) Class: 4868K(5056K)->4868K(5056K)
[4339.287s][info][gc             ] GC(1211) Pause Young (Mixed) (G1 Evacuation Pause) 3658M->1331M(4096M) 132.786ms
[4339.287s][info][gc,cpu         ] GC(1211) User=0.79s Sys=0.00s Real=0.13s
...[4341.636s][info][gc,start       ] GC(1212) Pause Young (Concurrent Start) (G1 Evacuation Pause)
[4341.636s][info][gc,task        ] GC(1212) Using 6 workers of 6 for evacuation
[4341.755s][info][gc,phases      ] GC(1212)   Pre Evacuate Collection Set: 0.37ms
[4341.755s][info][gc,phases      ] GC(1212)   Merge Heap Roots: 0.44ms
[4341.755s][info][gc,phases      ] GC(1212)   Evacuate Collection Set: 116.56ms
[4341.755s][info][gc,phases      ] GC(1212)   Post Evacuate Collection Set: 0.91ms
[4341.755s][info][gc,phases      ] GC(1212)   Other: 0.13ms
[4341.755s][info][gc,heap        ] GC(1212) Eden regions: 1117->0(1117)
[4341.755s][info][gc,heap        ] GC(1212) Survivor regions: 111->111(154)
[4341.755s][info][gc,heap        ] GC(1212) Old regions: 476->507
[4341.755s][info][gc,heap        ] GC(1212) Humongous regions: 80->80
[4341.755s][info][gc,metaspace   ] GC(1212) Metaspace: 28897K(29248K)->28897K(29248K) NonClass: 24029K(24192K)->24029K(24192K) Class: 4868K(5056K)->4868K(5056K)
[4341.755s][info][gc             ] GC(1212) Pause Young (Concurrent Start) (G1 Evacuation Pause) 3565M->1394M(4096M) 118.551ms
[4341.755s][info][gc             ] GC(1213) Concurrent Mark Cycle
[4341.755s][info][gc,marking     ] GC(1213) Concurrent Scan Root Regions
[4341.755s][info][gc,cpu         ] GC(1212) User=0.70s Sys=0.00s Real=0.12s
[4341.894s][info][gc,marking     ] GC(1213) Concurrent Scan Root Regions 138.860ms
[4341.894s][info][gc,marking     ] GC(1213) Concurrent Mark
[4341.894s][info][gc,marking     ] GC(1213) Concurrent Mark From Roots
[4341.894s][info][gc,task        ] GC(1213) Using 2 workers of 2 for marking
.[4342.614s][info][gc,marking     ] GC(1213) Concurrent Mark From Roots 720.489ms
[4342.614s][info][gc,marking     ] GC(1213) Concurrent Preclean
[4342.614s][info][gc,marking     ] GC(1213) Concurrent Preclean 0.114ms
[4342.616s][info][gc,start       ] GC(1213) Pause Remark
[4342.621s][info][gc             ] GC(1213) Pause Remark 2146M->2146M(4096M) 5.182ms
[4342.621s][info][gc,cpu         ] GC(1213) User=0.03s Sys=0.00s Real=0.01s
[4342.622s][info][gc,marking     ] GC(1213) Concurrent Mark 727.975ms
[4342.622s][info][gc,marking     ] GC(1213) Concurrent Rebuild Remembered Sets and Scrub Regions
[4342.950s][info][gc,marking     ] GC(1213) Concurrent Rebuild Remembered Sets and Scrub Regions 328.327ms
[4342.950s][info][gc,start       ] GC(1213) Pause Cleanup
[4342.950s][info][gc             ] GC(1213) Pause Cleanup 2394M->2394M(4096M) 0.114ms
[4342.950s][info][gc,cpu         ] GC(1213) User=0.00s Sys=0.00s Real=0.00s
[4342.950s][info][gc,marking     ] GC(1213) Concurrent Clear Claimed Marks
[4342.950s][info][gc,marking     ] GC(1213) Concurrent Clear Claimed Marks 0.025ms
[4342.950s][info][gc,marking     ] GC(1213) Concurrent Cleanup for Next Mark
[4342.956s][info][gc,marking     ] GC(1213) Concurrent Cleanup for Next Mark 5.512ms
[4342.956s][info][gc             ] GC(1213) Concurrent Mark Cycle 1201.372ms
.[4344.022s][info][gc,start       ] GC(1214) Pause Young (Prepare Mixed) (G1 Evacuation Pause)
[4344.022s][info][gc,task        ] GC(1214) Using 6 workers of 6 for evacuation
[4344.142s][info][gc,phases      ] GC(1214)   Pre Evacuate Collection Set: 0.35ms
[4344.142s][info][gc,phases      ] GC(1214)   Merge Heap Roots: 0.47ms
[4344.142s][info][gc,phases      ] GC(1214)   Evacuate Collection Set: 117.87ms
[4344.142s][info][gc,phases      ] GC(1214)   Post Evacuate Collection Set: 0.94ms
[4344.142s][info][gc,phases      ] GC(1214)   Other: 0.10ms
[4344.142s][info][gc,heap        ] GC(1214) Eden regions: 1117->0(1102)
[4344.142s][info][gc,heap        ] GC(1214) Survivor regions: 111->112(154)
[4344.142s][info][gc,heap        ] GC(1214) Old regions: 507->539
[4344.142s][info][gc,heap        ] GC(1214) Humongous regions: 80->80
[4344.142s][info][gc,metaspace   ] GC(1214) Metaspace: 28897K(29248K)->28897K(29248K) NonClass: 24029K(24192K)->24029K(24192K) Class: 4868K(5056K)->4868K(5056K)
[4344.142s][info][gc             ] GC(1214) Pause Young (Prepare Mixed) (G1 Evacuation Pause) 3628M->1460M(4096M) 119.861ms
[4344.142s][info][gc,cpu         ] GC(1214) User=0.71s Sys=0.01s Real=0.12s
...[4346.471s][info][gc,start       ] GC(1215) Pause Young (Mixed) (G1 Evacuation Pause)
[4346.471s][info][gc,task        ] GC(1215) Using 6 workers of 6 for evacuation
[4346.607s][info][gc,phases      ] GC(1215)   Pre Evacuate Collection Set: 0.39ms
[4346.607s][info][gc,phases      ] GC(1215)   Merge Heap Roots: 0.67ms
[4346.607s][info][gc,phases      ] GC(1215)   Evacuate Collection Set: 133.95ms
[4346.607s][info][gc,phases      ] GC(1215)   Post Evacuate Collection Set: 0.98ms
[4346.607s][info][gc,phases      ] GC(1215)   Other: 0.09ms
[4346.607s][info][gc,heap        ] GC(1215) Eden regions: 1102->0(1119)
[4346.607s][info][gc,heap        ] GC(1215) Survivor regions: 112->109(152)
[4346.607s][info][gc,heap        ] GC(1215) Old regions: 539->475
[4346.607s][info][gc,heap        ] GC(1215) Humongous regions: 80->80
[4346.607s][info][gc,metaspace   ] GC(1215) Metaspace: 28897K(29248K)->28897K(29248K) NonClass: 24029K(24192K)->24029K(24192K) Class: 4868K(5056K)->4868K(5056K)
[4346.607s][info][gc             ] GC(1215) Pause Young (Mixed) (G1 Evacuation Pause) 3664M->1326M(4096M) 136.213ms
[4346.607s][info][gc,cpu         ] GC(1215) User=0.80s Sys=0.00s Real=0.13s
.. (rIR:aIR:PR = 7749:7715:7715) (tPR = 115126) [OK] 
  4348s: Performance info:
         Transaction,    Success,    Partial,     Failed,   Receipts, AvgBarcode, 
             Overall,     462898,          0,          0,     439602,      59.48, 
         Response times:
             Request,    Success,    Partial,     Failed,   SkipFail,     Probes,    Samples,      min,      p50,      p90,      p95,      p99,      max, 
       TotalPurchase,     439602,          0,          0,          0,     350975,     391589,      300,     6700,    77000,   124000,   201000,   514000,
     InStorePurchase,     231032,          0,          0,          0,     184251,     205784,      300,     6700,    77000,   123000,   199000,   514000,
      OnlinePurchase,     162046,          0,          0,          0,     129479,     143863,      300,     6700,    79000,   125000,   201000,   385000,
        InstPurchase,      46524,          0,          0,          0,      37245,      41942,      300,     6800,    73000,   123000,   202000,   466000,
          AssocOfCat,        466,          0,          0,          0,        372,        494,    25000,    45000,   138500,   189000,   264450,   420000,
      AssocOfProduct,       4671,          0,          0,          0,       4362,       5028,      400,     7000,    81100,   129000,   220710,   417000,
      BusinessReport,       1157,          0,          0,          0,       1003,       1234,    29000,    50000,   155000,   197250,   351900,   860000,
          CustBuyBeh,       4652,          0,          0,          0,       4334,       4917,      900,     6600,    76000,   122000,   214280,   369000,
       ProductReturn,      12350,          0,          0,          0,       9345,      10491,      300,     6900,    81000,   129400,   233000,   358000,

  4348s: (57%)   IR =   7887 [4348.940s][info][gc,start       ] GC(1216) Pause Young (Concurrent Start) (G1 Evacuation Pause)
[4348.940s][info][gc,task        ] GC(1216) Using 6 workers of 6 for evacuation
[4349.061s][info][gc,phases      ] GC(1216)   Pre Evacuate Collection Set: 0.37ms
[4349.061s][info][gc,phases      ] GC(1216)   Merge Heap Roots: 0.47ms
[4349.061s][info][gc,phases      ] GC(1216)   Evacuate Collection Set: 118.94ms
[4349.061s][info][gc,phases      ] GC(1216)   Post Evacuate Collection Set: 0.91ms
[4349.061s][info][gc,phases      ] GC(1216)   Other: 0.11ms
[4349.061s][info][gc,heap        ] GC(1216) Eden regions: 1119->0(1116)
[4349.061s][info][gc,heap        ] GC(1216) Survivor regions: 109->112(154)
[4349.061s][info][gc,heap        ] GC(1216) Old regions: 475->507
[4349.061s][info][gc,heap        ] GC(1216) Humongous regions: 80->80
[4349.061s][info][gc,metaspace   ] GC(1216) Metaspace: 28897K(29248K)->28897K(29248K) NonClass: 24029K(24192K)->24029K(24192K) Class: 4868K(5056K)->4868K(5056K)
[4349.061s][info][gc             ] GC(1216) Pause Young (Concurrent Start) (G1 Evacuation Pause) 3564M->1395M(4096M) 120.934ms
[4349.061s][info][gc             ] GC(1217) Concurrent Mark Cycle
[4349.061s][info][gc,cpu         ] GC(1216) User=0.72s Sys=0.00s Real=0.12s
[4349.061s][info][gc,marking     ] GC(1217) Concurrent Scan Root Regions
[4349.217s][info][gc,marking     ] GC(1217) Concurrent Scan Root Regions 155.684ms
[4349.217s][info][gc,marking     ] GC(1217) Concurrent Mark
[4349.217s][info][gc,marking     ] GC(1217) Concurrent Mark From Roots
[4349.217s][info][gc,task        ] GC(1217) Using 2 workers of 2 for marking
.[4350.086s][info][gc,marking     ] GC(1217) Concurrent Mark From Roots 869.217ms
[4350.086s][info][gc,marking     ] GC(1217) Concurrent Preclean
[4350.086s][info][gc,marking     ] GC(1217) Concurrent Preclean 0.153ms
[4350.087s][info][gc,start       ] GC(1217) Pause Remark
[4350.093s][info][gc             ] GC(1217) Pause Remark 2359M->2359M(4096M) 5.551ms
[4350.093s][info][gc,cpu         ] GC(1217) User=0.03s Sys=0.00s Real=0.01s
[4350.094s][info][gc,marking     ] GC(1217) Concurrent Mark 877.343ms
[4350.094s][info][gc,marking     ] GC(1217) Concurrent Rebuild Remembered Sets and Scrub Regions
[4350.385s][info][gc,marking     ] GC(1217) Concurrent Rebuild Remembered Sets and Scrub Regions 290.962ms
[4350.388s][info][gc,start       ] GC(1217) Pause Cleanup
[4350.388s][info][gc             ] GC(1217) Pause Cleanup 2655M->2655M(4096M) 0.133ms
[4350.388s][info][gc,cpu         ] GC(1217) User=0.00s Sys=0.00s Real=0.00s
[4350.388s][info][gc,marking     ] GC(1217) Concurrent Clear Claimed Marks
[4350.388s][info][gc,marking     ] GC(1217) Concurrent Clear Claimed Marks 0.032ms
[4350.388s][info][gc,marking     ] GC(1217) Concurrent Cleanup for Next Mark
[4350.399s][info][gc,marking     ] GC(1217) Concurrent Cleanup for Next Mark 10.837ms
[4350.399s][info][gc             ] GC(1217) Concurrent Mark Cycle 1338.039ms
.[4351.403s][info][gc,start       ] GC(1218) Pause Young (Prepare Mixed) (G1 Evacuation Pause)
[4351.403s][info][gc,task        ] GC(1218) Using 6 workers of 6 for evacuation
[4351.519s][info][gc,phases      ] GC(1218)   Pre Evacuate Collection Set: 0.33ms
[4351.519s][info][gc,phases      ] GC(1218)   Merge Heap Roots: 0.49ms
[4351.519s][info][gc,phases      ] GC(1218)   Evacuate Collection Set: 114.16ms
[4351.519s][info][gc,phases      ] GC(1218)   Post Evacuate Collection Set: 0.95ms
[4351.519s][info][gc,phases      ] GC(1218)   Other: 0.08ms
[4351.519s][info][gc,heap        ] GC(1218) Eden regions: 1116->0(1110)
[4351.519s][info][gc,heap        ] GC(1218) Survivor regions: 112->109(154)
[4351.519s][info][gc,heap        ] GC(1218) Old regions: 507->537
[4351.519s][info][gc,heap        ] GC(1218) Humongous regions: 80->80
[4351.519s][info][gc,metaspace   ] GC(1218) Metaspace: 28897K(29248K)->28897K(29248K) NonClass: 24029K(24192K)->24029K(24192K) Class: 4868K(5056K)->4868K(5056K)
[4351.519s][info][gc             ] GC(1218) Pause Young (Prepare Mixed) (G1 Evacuation Pause) 3627M->1451M(4096M) 116.152ms
[4351.519s][info][gc,cpu         ] GC(1218) User=0.69s Sys=0.00s Real=0.12s
...[4353.762s][info][gc,start       ] GC(1219) Pause Young (Mixed) (G1 Evacuation Pause)
[4353.762s][info][gc,task        ] GC(1219) Using 6 workers of 6 for evacuation
[4353.897s][info][gc,phases      ] GC(1219)   Pre Evacuate Collection Set: 0.39ms
[4353.897s][info][gc,phases      ] GC(1219)   Merge Heap Roots: 0.67ms
[4353.897s][info][gc,phases      ] GC(1219)   Evacuate Collection Set: 132.17ms
[4353.897s][info][gc,phases      ] GC(1219)   Post Evacuate Collection Set: 0.97ms
[4353.897s][info][gc,phases      ] GC(1219)   Other: 0.10ms
[4353.897s][info][gc,heap        ] GC(1219) Eden regions: 1110->0(1116)
[4353.897s][info][gc,heap        ] GC(1219) Survivor regions: 109->112(153)
[4353.897s][info][gc,heap        ] GC(1219) Old regions: 537->474
[4353.897s][info][gc,heap        ] GC(1219) Humongous regions: 80->80
[4353.897s][info][gc,metaspace   ] GC(1219) Metaspace: 28897K(29248K)->28897K(29248K) NonClass: 24029K(24192K)->24029K(24192K) Class: 4868K(5056K)->4868K(5056K)
[4353.897s][info][gc             ] GC(1219) Pause Young (Mixed) (G1 Evacuation Pause) 3671M->1330M(4096M) 134.423ms
[4353.897s][info][gc,cpu         ] GC(1219) User=0.79s Sys=0.00s Real=0.13s
..[4356.164s][info][gc,start       ] GC(1220) Pause Young (Concurrent Start) (G1 Evacuation Pause)
[4356.164s][info][gc,task        ] GC(1220) Using 6 workers of 6 for evacuation
[4356.281s][info][gc,phases      ] GC(1220)   Pre Evacuate Collection Set: 0.39ms
[4356.281s][info][gc,phases      ] GC(1220)   Merge Heap Roots: 0.42ms
[4356.281s][info][gc,phases      ] GC(1220)   Evacuate Collection Set: 115.50ms
[4356.281s][info][gc,phases      ] GC(1220)   Post Evacuate Collection Set: 0.89ms
[4356.281s][info][gc,phases      ] GC(1220)   Other: 0.11ms
[4356.281s][info][gc,heap        ] GC(1220) Eden regions: 1116->0(1117)
[4356.281s][info][gc,heap        ] GC(1220) Survivor regions: 112->111(154)
[4356.281s][info][gc,heap        ] GC(1220) Old regions: 474->506
[4356.281s][info][gc,heap        ] GC(1220) Humongous regions: 80->80
[4356.281s][info][gc,metaspace   ] GC(1220) Metaspace: 28897K(29248K)->28897K(29248K) NonClass: 24029K(24192K)->24029K(24192K) Class: 4868K(5056K)->4868K(5056K)
[4356.281s][info][gc             ] GC(1220) Pause Young (Concurrent Start) (G1 Evacuation Pause) 3562M->1392M(4096M) 117.435ms
[4356.281s][info][gc             ] GC(1221) Concurrent Mark Cycle
[4356.281s][info][gc,marking     ] GC(1221) Concurrent Scan Root Regions
[4356.282s][info][gc,cpu         ] GC(1220) User=0.70s Sys=0.00s Real=0.12s
[4356.506s][info][gc,marking     ] GC(1221) Concurrent Scan Root Regions 224.303ms
[4356.506s][info][gc,marking     ] GC(1221) Concurrent Mark
[4356.506s][info][gc,marking     ] GC(1221) Concurrent Mark From Roots
[4356.506s][info][gc,task        ] GC(1221) Using 2 workers of 2 for marking
.[4357.507s][info][gc,marking     ] GC(1221) Concurrent Mark From Roots 1000.894ms
[4357.507s][info][gc,marking     ] GC(1221) Concurrent Preclean
[4357.507s][info][gc,marking     ] GC(1221) Concurrent Preclean 0.116ms
[4357.507s][info][gc,start       ] GC(1221) Pause Remark
[4357.513s][info][gc             ] GC(1221) Pause Remark 2555M->2555M(4096M) 6.371ms
[4357.514s][info][gc,cpu         ] GC(1221) User=0.03s Sys=0.00s Real=0.01s
[4357.514s][info][gc,marking     ] GC(1221) Concurrent Mark 1007.748ms
[4357.514s][info][gc,marking     ] GC(1221) Concurrent Rebuild Remembered Sets and Scrub Regions
.|[4357.924s][info][gc,marking     ] GC(1221) Concurrent Rebuild Remembered Sets and Scrub Regions 410.698ms
[4357.925s][info][gc,start       ] GC(1221) Pause Cleanup
[4357.925s][info][gc             ] GC(1221) Pause Cleanup 2965M->2965M(4096M) 0.115ms
[4357.925s][info][gc,cpu         ] GC(1221) User=0.00s Sys=0.00s Real=0.00s
[4357.925s][info][gc,marking     ] GC(1221) Concurrent Clear Claimed Marks
[4357.925s][info][gc,marking     ] GC(1221) Concurrent Clear Claimed Marks 0.034ms
[4357.925s][info][gc,marking     ] GC(1221) Concurrent Cleanup for Next Mark
[4357.935s][info][gc,marking     ] GC(1221) Concurrent Cleanup for Next Mark 9.327ms
[4357.935s][info][gc             ] GC(1221) Concurrent Mark Cycle 1653.218ms
[4358.605s][info][gc,start       ] GC(1222) Pause Young (Prepare Mixed) (G1 Evacuation Pause)
[4358.605s][info][gc,task        ] GC(1222) Using 6 workers of 6 for evacuation
[4358.723s][info][gc,phases      ] GC(1222)   Pre Evacuate Collection Set: 0.33ms
[4358.723s][info][gc,phases      ] GC(1222)   Merge Heap Roots: 0.47ms
[4358.723s][info][gc,phases      ] GC(1222)   Evacuate Collection Set: 116.51ms
[4358.723s][info][gc,phases      ] GC(1222)   Post Evacuate Collection Set: 0.93ms
[4358.723s][info][gc,phases      ] GC(1222)   Other: 0.09ms
[4358.723s][info][gc,heap        ] GC(1222) Eden regions: 1117->0(1105)
[4358.723s][info][gc,heap        ] GC(1222) Survivor regions: 111->111(154)
[4358.723s][info][gc,heap        ] GC(1222) Old regions: 506->538
[4358.723s][info][gc,heap        ] GC(1222) Humongous regions: 80->80
[4358.723s][info][gc,metaspace   ] GC(1222) Metaspace: 28897K(29248K)->28897K(29248K) NonClass: 24029K(24192K)->24029K(24192K) Class: 4868K(5056K)->4868K(5056K)
[4358.724s][info][gc             ] GC(1222) Pause Young (Prepare Mixed) (G1 Evacuation Pause) 3626M->1455M(4096M) 118.453ms
[4358.724s][info][gc,cpu         ] GC(1222) User=0.70s Sys=0.00s Real=0.12s
...[4360.914s][info][gc,start       ] GC(1223) Pause Young (Mixed) (G1 Evacuation Pause)
[4360.915s][info][gc,task        ] GC(1223) Using 6 workers of 6 for evacuation
[4361.045s][info][gc,phases      ] GC(1223)   Pre Evacuate Collection Set: 0.39ms
[4361.045s][info][gc,phases      ] GC(1223)   Merge Heap Roots: 0.59ms
[4361.045s][info][gc,phases      ] GC(1223)   Evacuate Collection Set: 128.23ms
[4361.045s][info][gc,phases      ] GC(1223)   Post Evacuate Collection Set: 0.95ms
[4361.045s][info][gc,phases      ] GC(1223)   Other: 0.10ms
[4361.045s][info][gc,heap        ] GC(1223) Eden regions: 1105->0(1117)
[4361.045s][info][gc,heap        ] GC(1223) Survivor regions: 111->111(152)
[4361.045s][info][gc,heap        ] GC(1223) Old regions: 538->475
[4361.045s][info][gc,heap        ] GC(1223) Humongous regions: 80->80
[4361.045s][info][gc,metaspace   ] GC(1223) Metaspace: 28897K(29248K)->28897K(29248K) NonClass: 24029K(24192K)->24029K(24192K) Class: 4868K(5056K)->4868K(5056K)
[4361.045s][info][gc             ] GC(1223) Pause Young (Mixed) (G1 Evacuation Pause) 3665M->1329M(4096M) 130.373ms
[4361.045s][info][gc,cpu         ] GC(1223) User=0.77s Sys=0.00s Real=0.13s
..[4363.291s][info][gc,start       ] GC(1224) Pause Young (Concurrent Start) (G1 Evacuation Pause)
[4363.291s][info][gc,task        ] GC(1224) Using 6 workers of 6 for evacuation
[4363.406s][info][gc,phases      ] GC(1224)   Pre Evacuate Collection Set: 0.39ms
[4363.406s][info][gc,phases      ] GC(1224)   Merge Heap Roots: 0.46ms
[4363.406s][info][gc,phases      ] GC(1224)   Evacuate Collection Set: 112.53ms
[4363.406s][info][gc,phases      ] GC(1224)   Post Evacuate Collection Set: 0.88ms
[4363.406s][info][gc,phases      ] GC(1224)   Other: 0.12ms
[4363.406s][info][gc,heap        ] GC(1224) Eden regions: 1117->0(1121)
[4363.406s][info][gc,heap        ] GC(1224) Survivor regions: 111->107(154)
[4363.406s][info][gc,heap        ] GC(1224) Old regions: 475->507
[4363.406s][info][gc,heap        ] GC(1224) Humongous regions: 80->80
[4363.406s][info][gc,metaspace   ] GC(1224) Metaspace: 28897K(29248K)->28897K(29248K) NonClass: 24029K(24192K)->24029K(24192K) Class: 4868K(5056K)->4868K(5056K)
[4363.406s][info][gc             ] GC(1224) Pause Young (Concurrent Start) (G1 Evacuation Pause) 3563M->1385M(4096M) 114.531ms
[4363.406s][info][gc             ] GC(1225) Concurrent Mark Cycle
[4363.406s][info][gc,marking     ] GC(1225) Concurrent Scan Root Regions
[4363.406s][info][gc,cpu         ] GC(1224) User=0.68s Sys=0.00s Real=0.11s
[4363.620s][info][gc,marking     ] GC(1225) Concurrent Scan Root Regions 213.779ms
[4363.620s][info][gc,marking     ] GC(1225) Concurrent Mark
[4363.620s][info][gc,marking     ] GC(1225) Concurrent Mark From Roots
[4363.620s][info][gc,task        ] GC(1225) Using 2 workers of 2 for marking
.[4364.612s][info][gc,marking     ] GC(1225) Concurrent Mark From Roots 991.742ms
[4364.612s][info][gc,marking     ] GC(1225) Concurrent Preclean
[4364.612s][info][gc,marking     ] GC(1225) Concurrent Preclean 0.115ms
[4364.613s][info][gc,start       ] GC(1225) Pause Remark
[4364.620s][info][gc             ] GC(1225) Pause Remark 2551M->2551M(4096M) 6.880ms
[4364.620s][info][gc,cpu         ] GC(1225) User=0.03s Sys=0.00s Real=0.01s
[4364.621s][info][gc,marking     ] GC(1225) Concurrent Mark 1000.955ms
[4364.621s][info][gc,marking     ] GC(1225) Concurrent Rebuild Remembered Sets and Scrub Regions
.[4365.057s][info][gc,marking     ] GC(1225) Concurrent Rebuild Remembered Sets and Scrub Regions 436.303ms
[4365.057s][info][gc,start       ] GC(1225) Pause Cleanup
[4365.057s][info][gc             ] GC(1225) Pause Cleanup 3007M->3007M(4096M) 0.120ms
[4365.057s][info][gc,cpu         ] GC(1225) User=0.00s Sys=0.00s Real=0.00s
[4365.057s][info][gc,marking     ] GC(1225) Concurrent Clear Claimed Marks
[4365.057s][info][gc,marking     ] GC(1225) Concurrent Clear Claimed Marks 0.021ms
[4365.057s][info][gc,marking     ] GC(1225) Concurrent Cleanup for Next Mark
[4365.063s][info][gc,marking     ] GC(1225) Concurrent Cleanup for Next Mark 5.921ms
[4365.063s][info][gc             ] GC(1225) Concurrent Mark Cycle 1657.449ms
[4365.748s][info][gc,start       ] GC(1226) Pause Young (Prepare Mixed) (G1 Evacuation Pause)
[4365.748s][info][gc,task        ] GC(1226) Using 6 workers of 6 for evacuation
[4365.864s][info][gc,phases      ] GC(1226)   Pre Evacuate Collection Set: 0.38ms
[4365.864s][info][gc,phases      ] GC(1226)   Merge Heap Roots: 0.50ms
[4365.864s][info][gc,phases      ] GC(1226)   Evacuate Collection Set: 113.97ms
[4365.864s][info][gc,phases      ] GC(1226)   Post Evacuate Collection Set: 0.93ms
[4365.864s][info][gc,phases      ] GC(1226)   Other: 0.08ms
[4365.864s][info][gc,heap        ] GC(1226) Eden regions: 1121->0(1108)
[4365.864s][info][gc,heap        ] GC(1226) Survivor regions: 107->109(154)
[4365.864s][info][gc,heap        ] GC(1226) Old regions: 507->539
[4365.864s][info][gc,heap        ] GC(1226) Humongous regions: 80->80
[4365.864s][info][gc,metaspace   ] GC(1226) Metaspace: 28897K(29248K)->28897K(29248K) NonClass: 24029K(24192K)->24029K(24192K) Class: 4868K(5056K)->4868K(5056K)
[4365.864s][info][gc             ] GC(1226) Pause Young (Prepare Mixed) (G1 Evacuation Pause) 3627M->1454M(4096M) 115.997ms
[4365.864s][info][gc,cpu         ] GC(1226) User=0.68s Sys=0.00s Real=0.12s
...[4368.078s][info][gc,start       ] GC(1227) Pause Young (Mixed) (G1 Evacuation Pause)
[4368.078s][info][gc,task        ] GC(1227) Using 6 workers of 6 for evacuation
[4368.215s][info][gc,phases      ] GC(1227)   Pre Evacuate Collection Set: 0.37ms
[4368.215s][info][gc,phases      ] GC(1227)   Merge Heap Roots: 0.72ms
[4368.215s][info][gc,phases      ] GC(1227)   Evacuate Collection Set: 135.33ms
[4368.215s][info][gc,phases      ] GC(1227)   Post Evacuate Collection Set: 0.93ms
[4368.215s][info][gc,phases      ] GC(1227)   Other: 0.09ms
[4368.215s][info][gc,heap        ] GC(1227) Eden regions: 1108->0(1115)
[4368.215s][info][gc,heap        ] GC(1227) Survivor regions: 109->113(153)
[4368.215s][info][gc,heap        ] GC(1227) Old regions: 539->475
[4368.215s][info][gc,heap        ] GC(1227) Humongous regions: 80->80
[4368.215s][info][gc,metaspace   ] GC(1227) Metaspace: 28897K(29248K)->28897K(29248K) NonClass: 24029K(24192K)->24029K(24192K) Class: 4868K(5056K)->4868K(5056K)
[4368.215s][info][gc             ] GC(1227) Pause Young (Mixed) (G1 Evacuation Pause) 3670M->1334M(4096M) 137.568ms
[4368.215s][info][gc,cpu         ] GC(1227) User=0.81s Sys=0.00s Real=0.14s
..[4370.501s][info][gc,start       ] GC(1228) Pause Young (Concurrent Start) (G1 Evacuation Pause)
[4370.501s][info][gc,task        ] GC(1228) Using 6 workers of 6 for evacuation
[4370.620s][info][gc,phases      ] GC(1228)   Pre Evacuate Collection Set: 0.34ms
[4370.620s][info][gc,phases      ] GC(1228)   Merge Heap Roots: 0.45ms
[4370.620s][info][gc,phases      ] GC(1228)   Evacuate Collection Set: 116.88ms
[4370.620s][info][gc,phases      ] GC(1228)   Post Evacuate Collection Set: 0.90ms
[4370.620s][info][gc,phases      ] GC(1228)   Other: 0.10ms
[4370.620s][info][gc,heap        ] GC(1228) Eden regions: 1115->0(1118)
[4370.620s][info][gc,heap        ] GC(1228) Survivor regions: 113->110(154)
[4370.620s][info][gc,heap        ] GC(1228) Old regions: 475->508
[4370.620s][info][gc,heap        ] GC(1228) Humongous regions: 80->80
[4370.620s][info][gc,metaspace   ] GC(1228) Metaspace: 28897K(29248K)->28897K(29248K) NonClass: 24029K(24192K)->24029K(24192K) Class: 4868K(5056K)->4868K(5056K)
[4370.620s][info][gc             ] GC(1228) Pause Young (Concurrent Start) (G1 Evacuation Pause) 3564M->1394M(4096M) 118.807ms
[4370.620s][info][gc             ] GC(1229) Concurrent Mark Cycle
[4370.620s][info][gc,marking     ] GC(1229) Concurrent Scan Root Regions
[4370.620s][info][gc,cpu         ] GC(1228) User=0.70s Sys=0.00s Real=0.12s
[4370.816s][info][gc,marking     ] GC(1229) Concurrent Scan Root Regions 195.795ms
[4370.816s][info][gc,marking     ] GC(1229) Concurrent Mark
[4370.816s][info][gc,marking     ] GC(1229) Concurrent Mark From Roots
[4370.816s][info][gc,task        ] GC(1229) Using 2 workers of 2 for marking
.[4371.836s][info][gc,marking     ] GC(1229) Concurrent Mark From Roots 1019.515ms
[4371.836s][info][gc,marking     ] GC(1229) Concurrent Preclean
[4371.836s][info][gc,marking     ] GC(1229) Concurrent Preclean 0.108ms
[4371.839s][info][gc,start       ] GC(1229) Pause Remark
[4371.845s][info][gc             ] GC(1229) Pause Remark 2500M->2500M(4096M) 6.299ms
[4371.845s][info][gc,cpu         ] GC(1229) User=0.03s Sys=0.00s Real=0.00s
[4371.846s][info][gc,marking     ] GC(1229) Concurrent Mark 1029.667ms
[4371.846s][info][gc,marking     ] GC(1229) Concurrent Rebuild Remembered Sets and Scrub Regions
.[4372.140s][info][gc,marking     ] GC(1229) Concurrent Rebuild Remembered Sets and Scrub Regions 294.362ms
[4372.141s][info][gc,start       ] GC(1229) Pause Cleanup
[4372.141s][info][gc             ] GC(1229) Pause Cleanup 2802M->2802M(4096M) 0.125ms
[4372.141s][info][gc,cpu         ] GC(1229) User=0.00s Sys=0.00s Real=0.00s
[4372.143s][info][gc,marking     ] GC(1229) Concurrent Clear Claimed Marks
[4372.143s][info][gc,marking     ] GC(1229) Concurrent Clear Claimed Marks 0.040ms
[4372.143s][info][gc,marking     ] GC(1229) Concurrent Cleanup for Next Mark
[4372.148s][info][gc,marking     ] GC(1229) Concurrent Cleanup for Next Mark 5.135ms
[4372.148s][info][gc             ] GC(1229) Concurrent Mark Cycle 1527.784ms
[4372.910s][info][gc,start       ] GC(1230) Pause Young (Prepare Mixed) (G1 Evacuation Pause)
[4372.910s][info][gc,task        ] GC(1230) Using 6 workers of 6 for evacuation
[4373.027s][info][gc,phases      ] GC(1230)   Pre Evacuate Collection Set: 0.35ms
[4373.027s][info][gc,phases      ] GC(1230)   Merge Heap Roots: 0.48ms
[4373.027s][info][gc,phases      ] GC(1230)   Evacuate Collection Set: 115.26ms
[4373.027s][info][gc,phases      ] GC(1230)   Post Evacuate Collection Set: 0.94ms
[4373.027s][info][gc,phases      ] GC(1230)   Other: 0.09ms
[4373.027s][info][gc,heap        ] GC(1230) Eden regions: 1118->0(1104)
[4373.027s][info][gc,heap        ] GC(1230) Survivor regions: 110->111(154)
[4373.027s][info][gc,heap        ] GC(1230) Old regions: 508->539
[4373.027s][info][gc,heap        ] GC(1230) Humongous regions: 80->80
[4373.027s][info][gc,metaspace   ] GC(1230) Metaspace: 28897K(29248K)->28897K(29248K) NonClass: 24029K(24192K)->24029K(24192K) Class: 4868K(5056K)->4868K(5056K)
[4373.027s][info][gc             ] GC(1230) Pause Young (Prepare Mixed) (G1 Evacuation Pause) 3630M->1458M(4096M) 117.238ms
[4373.027s][info][gc,cpu         ] GC(1230) User=0.69s Sys=0.00s Real=0.11s
...[4375.178s][info][gc,start       ] GC(1231) Pause Young (Mixed) (G1 Evacuation Pause)
[4375.178s][info][gc,task        ] GC(1231) Using 6 workers of 6 for evacuation
[4375.314s][info][gc,phases      ] GC(1231)   Pre Evacuate Collection Set: 0.36ms
[4375.314s][info][gc,phases      ] GC(1231)   Merge Heap Roots: 0.66ms
[4375.314s][info][gc,phases      ] GC(1231)   Evacuate Collection Set: 133.61ms
[4375.314s][info][gc,phases      ] GC(1231)   Post Evacuate Collection Set: 0.94ms
[4375.314s][info][gc,phases      ] GC(1231)   Other: 0.09ms
[4375.314s][info][gc,heap        ] GC(1231) Eden regions: 1104->0(1117)
[4375.314s][info][gc,heap        ] GC(1231) Survivor regions: 111->111(152)
[4375.314s][info][gc,heap        ] GC(1231) Old regions: 539->476
[4375.314s][info][gc,heap        ] GC(1231) Humongous regions: 80->80
[4375.314s][info][gc,metaspace   ] GC(1231) Metaspace: 28897K(29248K)->28897K(29248K) NonClass: 24029K(24192K)->24029K(24192K) Class: 4868K(5056K)->4868K(5056K)
[4375.314s][info][gc             ] GC(1231) Pause Young (Mixed) (G1 Evacuation Pause) 3666M->1333M(4096M) 135.791ms
[4375.314s][info][gc,cpu         ] GC(1231) User=0.80s Sys=0.00s Real=0.13s
..[4377.591s][info][gc,start       ] GC(1232) Pause Young (Concurrent Start) (G1 Evacuation Pause)
[4377.591s][info][gc,task        ] GC(1232) Using 6 workers of 6 for evacuation
[4377.706s][info][gc,phases      ] GC(1232)   Pre Evacuate Collection Set: 0.37ms
[4377.706s][info][gc,phases      ] GC(1232)   Merge Heap Roots: 0.44ms
[4377.706s][info][gc,phases      ] GC(1232)   Evacuate Collection Set: 113.41ms
[4377.706s][info][gc,phases      ] GC(1232)   Post Evacuate Collection Set: 0.88ms
[4377.706s][info][gc,phases      ] GC(1232)   Other: 0.10ms
[4377.706s][info][gc,heap        ] GC(1232) Eden regions: 1117->0(1120)
[4377.706s][info][gc,heap        ] GC(1232) Survivor regions: 111->108(154)
[4377.706s][info][gc,heap        ] GC(1232) Old regions: 476->509
[4377.706s][info][gc,heap        ] GC(1232) Humongous regions: 80->80
[4377.706s][info][gc,metaspace   ] GC(1232) Metaspace: 28897K(29248K)->28897K(29248K) NonClass: 24029K(24192K)->24029K(24192K) Class: 4868K(5056K)->4868K(5056K)
[4377.706s][info][gc             ] GC(1232) Pause Young (Concurrent Start) (G1 Evacuation Pause) 3567M->1391M(4096M) 115.351ms
[4377.706s][info][gc             ] GC(1233) Concurrent Mark Cycle
[4377.706s][info][gc,marking     ] GC(1233) Concurrent Scan Root Regions
[4377.706s][info][gc,cpu         ] GC(1232) User=0.69s Sys=0.00s Real=0.11s
[4377.897s][info][gc,marking     ] GC(1233) Concurrent Scan Root Regions 190.366ms
[4377.897s][info][gc,marking     ] GC(1233) Concurrent Mark
[4377.897s][info][gc,marking     ] GC(1233) Concurrent Mark From Roots
[4377.897s][info][gc,task        ] GC(1233) Using 2 workers of 2 for marking
.[4378.933s][info][gc,marking     ] GC(1233) Concurrent Mark From Roots 1036.434ms
[4378.933s][info][gc,marking     ] GC(1233) Concurrent Preclean
[4378.933s][info][gc,marking     ] GC(1233) Concurrent Preclean 0.109ms
[4378.934s][info][gc,start       ] GC(1233) Pause Remark
[4378.938s][info][gc             ] GC(1233) Pause Remark 2493M->2493M(4096M) 3.468ms
[4378.938s][info][gc,cpu         ] GC(1233) User=0.01s Sys=0.00s Real=0.00s
[4378.939s][info][gc,marking     ] GC(1233) Concurrent Mark 1041.867ms
[4378.939s][info][gc,marking     ] GC(1233) Concurrent Rebuild Remembered Sets and Scrub Regions
[4379.216s][info][gc,marking     ] GC(1233) Concurrent Rebuild Remembered Sets and Scrub Regions 277.035ms
[4379.216s][info][gc,start       ] GC(1233) Pause Cleanup
[4379.216s][info][gc             ] GC(1233) Pause Cleanup 2777M->2777M(4096M) 0.112ms
[4379.216s][info][gc,cpu         ] GC(1233) User=0.00s Sys=0.00s Real=0.00s
[4379.217s][info][gc,marking     ] GC(1233) Concurrent Clear Claimed Marks
[4379.217s][info][gc,marking     ] GC(1233) Concurrent Clear Claimed Marks 0.030ms
[4379.217s][info][gc,marking     ] GC(1233) Concurrent Cleanup for Next Mark
[4379.225s][info][gc,marking     ] GC(1233) Concurrent Cleanup for Next Mark 8.835ms
[4379.226s][info][gc             ] GC(1233) Concurrent Mark Cycle 1519.199ms
.[4380.035s][info][gc,start       ] GC(1234) Pause Young (Prepare Mixed) (G1 Evacuation Pause)
[4380.035s][info][gc,task        ] GC(1234) Using 6 workers of 6 for evacuation
[4380.153s][info][gc,phases      ] GC(1234)   Pre Evacuate Collection Set: 0.35ms
[4380.153s][info][gc,phases      ] GC(1234)   Merge Heap Roots: 0.48ms
[4380.153s][info][gc,phases      ] GC(1234)   Evacuate Collection Set: 115.80ms
[4380.153s][info][gc,phases      ] GC(1234)   Post Evacuate Collection Set: 0.92ms
[4380.153s][info][gc,phases      ] GC(1234)   Other: 0.08ms
[4380.153s][info][gc,heap        ] GC(1234) Eden regions: 1120->0(1103)
[4380.153s][info][gc,heap        ] GC(1234) Survivor regions: 108->111(154)
[4380.153s][info][gc,heap        ] GC(1234) Old regions: 509->540
[4380.153s][info][gc,heap        ] GC(1234) Humongous regions: 80->80
[4380.153s][info][gc,metaspace   ] GC(1234) Metaspace: 28897K(29248K)->28897K(29248K) NonClass: 24029K(24192K)->24029K(24192K) Class: 4868K(5056K)->4868K(5056K)
[4380.153s][info][gc             ] GC(1234) Pause Young (Prepare Mixed) (G1 Evacuation Pause) 3631M->1461M(4096M) 117.786ms
[4380.153s][info][gc,cpu         ] GC(1234) User=0.70s Sys=0.00s Real=0.12s
..[4382.301s][info][gc,start       ] GC(1235) Pause Young (Mixed) (G1 Evacuation Pause)
[4382.302s][info][gc,task        ] GC(1235) Using 6 workers of 6 for evacuation
[4382.432s][info][gc,phases      ] GC(1235)   Pre Evacuate Collection Set: 0.39ms
[4382.432s][info][gc,phases      ] GC(1235)   Merge Heap Roots: 0.67ms
[4382.432s][info][gc,phases      ] GC(1235)   Evacuate Collection Set: 127.37ms
[4382.432s][info][gc,phases      ] GC(1235)   Post Evacuate Collection Set: 0.93ms
[4382.432s][info][gc,phases      ] GC(1235)   Other: 0.86ms
[4382.432s][info][gc,heap        ] GC(1235) Eden regions: 1103->0(1118)
[4382.432s][info][gc,heap        ] GC(1235) Survivor regions: 111->110(152)
[4382.432s][info][gc,heap        ] GC(1235) Old regions: 540->475
[4382.432s][info][gc,heap        ] GC(1235) Humongous regions: 80->80
[4382.432s][info][gc,metaspace   ] GC(1235) Metaspace: 28897K(29248K)->28897K(29248K) NonClass: 24029K(24192K)->24029K(24192K) Class: 4868K(5056K)->4868K(5056K)
[4382.432s][info][gc             ] GC(1235) Pause Young (Mixed) (G1 Evacuation Pause) 3667M->1328M(4096M) 130.389ms
[4382.432s][info][gc,cpu         ] GC(1235) User=0.77s Sys=0.00s Real=0.13s
...[4384.743s][info][gc,start       ] GC(1236) Pause Young (Concurrent Start) (G1 Evacuation Pause)
[4384.743s][info][gc,task        ] GC(1236) Using 6 workers of 6 for evacuation
[4384.860s][info][gc,phases      ] GC(1236)   Pre Evacuate Collection Set: 0.36ms
[4384.860s][info][gc,phases      ] GC(1236)   Merge Heap Roots: 0.43ms
[4384.860s][info][gc,phases      ] GC(1236)   Evacuate Collection Set: 115.31ms
[4384.860s][info][gc,phases      ] GC(1236)   Post Evacuate Collection Set: 0.90ms
[4384.860s][info][gc,phases      ] GC(1236)   Other: 0.10ms
[4384.860s][info][gc,heap        ] GC(1236) Eden regions: 1118->0(1118)
[4384.860s][info][gc,heap        ] GC(1236) Survivor regions: 110->110(154)
[4384.860s][info][gc,heap        ] GC(1236) Old regions: 475->508
[4384.860s][info][gc,heap        ] GC(1236) Humongous regions: 80->80
[4384.860s][info][gc,metaspace   ] GC(1236) Metaspace: 28897K(29248K)->28897K(29248K) NonClass: 24029K(24192K)->24029K(24192K) Class: 4868K(5056K)->4868K(5056K)
[4384.860s][info][gc             ] GC(1236) Pause Young (Concurrent Start) (G1 Evacuation Pause) 3564M->1393M(4096M) 117.236ms
[4384.861s][info][gc             ] GC(1237) Concurrent Mark Cycle
[4384.861s][info][gc,marking     ] GC(1237) Concurrent Scan Root Regions
[4384.861s][info][gc,cpu         ] GC(1236) User=0.70s Sys=0.00s Real=0.12s
[4385.004s][info][gc,marking     ] GC(1237) Concurrent Scan Root Regions 143.018ms
[4385.004s][info][gc,marking     ] GC(1237) Concurrent Mark
[4385.004s][info][gc,marking     ] GC(1237) Concurrent Mark From Roots
[4385.004s][info][gc,task        ] GC(1237) Using 2 workers of 2 for marking
.[4385.833s][info][gc,marking     ] GC(1237) Concurrent Mark From Roots 829.819ms
[4385.833s][info][gc,marking     ] GC(1237) Concurrent Preclean
[4385.834s][info][gc,marking     ] GC(1237) Concurrent Preclean 0.116ms
[4385.836s][info][gc,start       ] GC(1237) Pause Remark
[4385.841s][info][gc             ] GC(1237) Pause Remark 2209M->2209M(4096M) 5.472ms
[4385.841s][info][gc,cpu         ] GC(1237) User=0.03s Sys=0.00s Real=0.01s
[4385.842s][info][gc,marking     ] GC(1237) Concurrent Mark 837.924ms
[4385.842s][info][gc,marking     ] GC(1237) Concurrent Rebuild Remembered Sets and Scrub Regions
[4386.210s][info][gc,marking     ] GC(1237) Concurrent Rebuild Remembered Sets and Scrub Regions 368.763ms
[4386.213s][info][gc,start       ] GC(1237) Pause Cleanup
[4386.213s][info][gc             ] GC(1237) Pause Cleanup 2595M->2595M(4096M) 0.136ms
[4386.213s][info][gc,cpu         ] GC(1237) User=0.00s Sys=0.00s Real=0.00s
[4386.213s][info][gc,marking     ] GC(1237) Concurrent Clear Claimed Marks
[4386.213s][info][gc,marking     ] GC(1237) Concurrent Clear Claimed Marks 0.030ms
[4386.213s][info][gc,marking     ] GC(1237) Concurrent Cleanup for Next Mark
[4386.218s][info][gc,marking     ] GC(1237) Concurrent Cleanup for Next Mark 4.793ms
[4386.218s][info][gc             ] GC(1237) Concurrent Mark Cycle 1357.535ms
.[4387.123s][info][gc,start       ] GC(1238) Pause Young (Prepare Mixed) (G1 Evacuation Pause)
[4387.123s][info][gc,task        ] GC(1238) Using 6 workers of 6 for evacuation
[4387.246s][info][gc,phases      ] GC(1238)   Pre Evacuate Collection Set: 0.33ms
[4387.246s][info][gc,phases      ] GC(1238)   Merge Heap Roots: 0.51ms
[4387.246s][info][gc,phases      ] GC(1238)   Evacuate Collection Set: 120.51ms
[4387.246s][info][gc,phases      ] GC(1238)   Post Evacuate Collection Set: 0.92ms
[4387.246s][info][gc,phases      ] GC(1238)   Other: 0.09ms
[4387.246s][info][gc,heap        ] GC(1238) Eden regions: 1118->0(1098)
[4387.246s][info][gc,heap        ] GC(1238) Survivor regions: 110->114(154)
[4387.246s][info][gc,heap        ] GC(1238) Old regions: 508->539
[4387.246s][info][gc,heap        ] GC(1238) Humongous regions: 80->80
[4387.246s][info][gc,metaspace   ] GC(1238) Metaspace: 28897K(29248K)->28897K(29248K) NonClass: 24029K(24192K)->24029K(24192K) Class: 4868K(5056K)->4868K(5056K)
[4387.246s][info][gc             ] GC(1238) Pause Young (Prepare Mixed) (G1 Evacuation Pause) 3629M->1464M(4096M) 122.486ms
[4387.246s][info][gc,cpu         ] GC(1238) User=0.73s Sys=0.00s Real=0.12s
..[4389.496s][info][gc,start       ] GC(1239) Pause Young (Mixed) (G1 Evacuation Pause)
[4389.496s][info][gc,task        ] GC(1239) Using 6 workers of 6 for evacuation
[4389.626s][info][gc,phases      ] GC(1239)   Pre Evacuate Collection Set: 0.37ms
[4389.626s][info][gc,phases      ] GC(1239)   Merge Heap Roots: 0.66ms
[4389.626s][info][gc,phases      ] GC(1239)   Evacuate Collection Set: 128.38ms
[4389.626s][info][gc,phases      ] GC(1239)   Post Evacuate Collection Set: 0.98ms
[4389.626s][info][gc,phases      ] GC(1239)   Other: 0.08ms
[4389.626s][info][gc,heap        ] GC(1239) Eden regions: 1098->0(1120)
[4389.626s][info][gc,heap        ] GC(1239) Survivor regions: 114->108(152)
[4389.626s][info][gc,heap        ] GC(1239) Old regions: 539->475
[4389.626s][info][gc,heap        ] GC(1239) Humongous regions: 80->80
[4389.626s][info][gc,metaspace   ] GC(1239) Metaspace: 28897K(29248K)->28897K(29248K) NonClass: 24029K(24192K)->24029K(24192K) Class: 4868K(5056K)->4868K(5056K)
[4389.626s][info][gc             ] GC(1239) Pause Young (Mixed) (G1 Evacuation Pause) 3660M->1324M(4096M) 130.596ms
[4389.627s][info][gc,cpu         ] GC(1239) User=0.77s Sys=0.00s Real=0.13s
...[4391.917s][info][gc,start       ] GC(1240) Pause Young (Concurrent Start) (G1 Evacuation Pause)
[4391.917s][info][gc,task        ] GC(1240) Using 6 workers of 6 for evacuation
[4392.035s][info][gc,phases      ] GC(1240)   Pre Evacuate Collection Set: 0.35ms
[4392.035s][info][gc,phases      ] GC(1240)   Merge Heap Roots: 0.42ms
[4392.035s][info][gc,phases      ] GC(1240)   Evacuate Collection Set: 116.84ms
[4392.035s][info][gc,phases      ] GC(1240)   Post Evacuate Collection Set: 0.91ms
[4392.035s][info][gc,phases      ] GC(1240)   Other: 0.10ms
[4392.035s][info][gc,heap        ] GC(1240) Eden regions: 1120->0(1115)
[4392.035s][info][gc,heap        ] GC(1240) Survivor regions: 108->113(154)
[4392.035s][info][gc,heap        ] GC(1240) Old regions: 475->507
[4392.035s][info][gc,heap        ] GC(1240) Humongous regions: 80->80
[4392.035s][info][gc,metaspace   ] GC(1240) Metaspace: 28897K(29248K)->28897K(29248K) NonClass: 24029K(24192K)->24029K(24192K) Class: 4868K(5056K)->4868K(5056K)
[4392.035s][info][gc             ] GC(1240) Pause Young (Concurrent Start) (G1 Evacuation Pause) 3564M->1397M(4096M) 118.747ms
[4392.035s][info][gc             ] GC(1241) Concurrent Mark Cycle
[4392.036s][info][gc,marking     ] GC(1241) Concurrent Scan Root Regions
[4392.036s][info][gc,cpu         ] GC(1240) User=0.71s Sys=0.00s Real=0.12s
[4392.228s][info][gc,marking     ] GC(1241) Concurrent Scan Root Regions 192.885ms
[4392.228s][info][gc,marking     ] GC(1241) Concurrent Mark
[4392.228s][info][gc,marking     ] GC(1241) Concurrent Mark From Roots
[4392.228s][info][gc,task        ] GC(1241) Using 2 workers of 2 for marking
.[4393.225s][info][gc,marking     ] GC(1241) Concurrent Mark From Roots 996.043ms
[4393.225s][info][gc,marking     ] GC(1241) Concurrent Preclean
[4393.225s][info][gc,marking     ] GC(1241) Concurrent Preclean 0.118ms
[4393.227s][info][gc,start       ] GC(1241) Pause Remark
[4393.232s][info][gc             ] GC(1241) Pause Remark 2497M->2497M(4096M) 4.480ms
[4393.232s][info][gc,cpu         ] GC(1241) User=0.03s Sys=0.00s Real=0.01s
[4393.233s][info][gc,marking     ] GC(1241) Concurrent Mark 1004.928ms
[4393.233s][info][gc,marking     ] GC(1241) Concurrent Rebuild Remembered Sets and Scrub Regions
[4393.604s][info][gc,marking     ] GC(1241) Concurrent Rebuild Remembered Sets and Scrub Regions 370.265ms
[4393.604s][info][gc,start       ] GC(1241) Pause Cleanup
[4393.604s][info][gc             ] GC(1241) Pause Cleanup 2927M->2927M(4096M) 0.114ms
[4393.604s][info][gc,cpu         ] GC(1241) User=0.00s Sys=0.00s Real=0.00s
[4393.604s][info][gc,marking     ] GC(1241) Concurrent Clear Claimed Marks
[4393.604s][info][gc,marking     ] GC(1241) Concurrent Clear Claimed Marks 0.022ms
[4393.604s][info][gc,marking     ] GC(1241) Concurrent Cleanup for Next Mark
[4393.610s][info][gc,marking     ] GC(1241) Concurrent Cleanup for Next Mark 5.322ms
[4393.610s][info][gc             ] GC(1241) Concurrent Mark Cycle 1574.091ms
.[4394.289s][info][gc,start       ] GC(1242) Pause Young (Prepare Mixed) (G1 Evacuation Pause)
[4394.289s][info][gc,task        ] GC(1242) Using 6 workers of 6 for evacuation
[4394.405s][info][gc,phases      ] GC(1242)   Pre Evacuate Collection Set: 0.32ms
[4394.405s][info][gc,phases      ] GC(1242)   Merge Heap Roots: 0.51ms
[4394.405s][info][gc,phases      ] GC(1242)   Evacuate Collection Set: 113.78ms
[4394.405s][info][gc,phases      ] GC(1242)   Post Evacuate Collection Set: 0.91ms
[4394.405s][info][gc,phases      ] GC(1242)   Other: 0.09ms
[4394.405s][info][gc,heap        ] GC(1242) Eden regions: 1115->0(1108)
[4394.405s][info][gc,heap        ] GC(1242) Survivor regions: 113->110(154)
[4394.405s][info][gc,heap        ] GC(1242) Old regions: 507->537
[4394.405s][info][gc,heap        ] GC(1242) Humongous regions: 80->80
[4394.405s][info][gc,metaspace   ] GC(1242) Metaspace: 28897K(29248K)->28897K(29248K) NonClass: 24029K(24192K)->24029K(24192K) Class: 4868K(5056K)->4868K(5056K)
[4394.405s][info][gc             ] GC(1242) Pause Young (Prepare Mixed) (G1 Evacuation Pause) 3627M->1452M(4096M) 115.737ms
[4394.405s][info][gc,cpu         ] GC(1242) User=0.68s Sys=0.00s Real=0.11s
..[4396.615s][info][gc,start       ] GC(1243) Pause Young (Mixed) (G1 Evacuation Pause)
[4396.616s][info][gc,task        ] GC(1243) Using 6 workers of 6 for evacuation
[4396.755s][info][gc,phases      ] GC(1243)   Pre Evacuate Collection Set: 0.37ms
[4396.755s][info][gc,phases      ] GC(1243)   Merge Heap Roots: 0.66ms
[4396.755s][info][gc,phases      ] GC(1243)   Evacuate Collection Set: 137.55ms
[4396.755s][info][gc,phases      ] GC(1243)   Post Evacuate Collection Set: 0.94ms
[4396.755s][info][gc,phases      ] GC(1243)   Other: 0.09ms
[4396.755s][info][gc,heap        ] GC(1243) Eden regions: 1108->0(1114)
[4396.755s][info][gc,heap        ] GC(1243) Survivor regions: 110->114(153)
[4396.755s][info][gc,heap        ] GC(1243) Old regions: 537->476
[4396.755s][info][gc,heap        ] GC(1243) Humongous regions: 80->80
[4396.755s][info][gc,metaspace   ] GC(1243) Metaspace: 28897K(29248K)->28897K(29248K) NonClass: 24029K(24192K)->24029K(24192K) Class: 4868K(5056K)->4868K(5056K)
[4396.755s][info][gc             ] GC(1243) Pause Young (Mixed) (G1 Evacuation Pause) 3668M->1337M(4096M) 139.734ms
[4396.755s][info][gc,cpu         ] GC(1243) User=0.83s Sys=0.00s Real=0.14s
...[4399.001s][info][gc,start       ] GC(1244) Pause Young (Concurrent Start) (G1 Evacuation Pause)
[4399.001s][info][gc,task        ] GC(1244) Using 6 workers of 6 for evacuation
[4399.122s][info][gc,phases      ] GC(1244)   Pre Evacuate Collection Set: 0.40ms
[4399.122s][info][gc,phases      ] GC(1244)   Merge Heap Roots: 0.45ms
[4399.122s][info][gc,phases      ] GC(1244)   Evacuate Collection Set: 118.57ms
[4399.122s][info][gc,phases      ] GC(1244)   Post Evacuate Collection Set: 0.88ms
[4399.122s][info][gc,phases      ] GC(1244)   Other: 0.13ms
[4399.122s][info][gc,heap        ] GC(1244) Eden regions: 1114->0(1116)
[4399.122s][info][gc,heap        ] GC(1244) Survivor regions: 114->112(154)
[4399.122s][info][gc,heap        ] GC(1244) Old regions: 476->507
[4399.122s][info][gc,heap        ] GC(1244) Humongous regions: 80->80
[4399.122s][info][gc,metaspace   ] GC(1244) Metaspace: 28897K(29248K)->28897K(29248K) NonClass: 24029K(24192K)->24029K(24192K) Class: 4868K(5056K)->4868K(5056K)
[4399.122s][info][gc             ] GC(1244) Pause Young (Concurrent Start) (G1 Evacuation Pause) 3565M->1397M(4096M) 120.578ms
[4399.122s][info][gc             ] GC(1245) Concurrent Mark Cycle
[4399.122s][info][gc,marking     ] GC(1245) Concurrent Scan Root Regions
[4399.122s][info][gc,cpu         ] GC(1244) User=0.71s Sys=0.00s Real=0.12s
[4399.312s][info][gc,marking     ] GC(1245) Concurrent Scan Root Regions 190.425ms
[4399.312s][info][gc,marking     ] GC(1245) Concurrent Mark
[4399.312s][info][gc,marking     ] GC(1245) Concurrent Mark From Roots
[4399.312s][info][gc,task        ] GC(1245) Using 2 workers of 2 for marking
.[4400.267s][info][gc,marking     ] GC(1245) Concurrent Mark From Roots 955.175ms
[4400.268s][info][gc,marking     ] GC(1245) Concurrent Preclean
[4400.268s][info][gc,marking     ] GC(1245) Concurrent Preclean 0.113ms
[4400.269s][info][gc,start       ] GC(1245) Pause Remark
[4400.276s][info][gc             ] GC(1245) Pause Remark 2507M->2507M(4096M) 6.852ms
[4400.276s][info][gc,cpu         ] GC(1245) User=0.04s Sys=0.00s Real=0.00s
[4400.276s][info][gc,marking     ] GC(1245) Concurrent Mark 964.049ms
[4400.276s][info][gc,marking     ] GC(1245) Concurrent Rebuild Remembered Sets and Scrub Regions
[4400.645s][info][gc,marking     ] GC(1245) Concurrent Rebuild Remembered Sets and Scrub Regions 368.230ms
[4400.645s][info][gc,start       ] GC(1245) Pause Cleanup
[4400.645s][info][gc             ] GC(1245) Pause Cleanup 2855M->2855M(4096M) 0.120ms
[4400.645s][info][gc,cpu         ] GC(1245) User=0.00s Sys=0.00s Real=0.00s
[4400.645s][info][gc,marking     ] GC(1245) Concurrent Clear Claimed Marks
[4400.645s][info][gc,marking     ] GC(1245) Concurrent Clear Claimed Marks 0.028ms
[4400.645s][info][gc,marking     ] GC(1245) Concurrent Cleanup for Next Mark
[4400.651s][info][gc,marking     ] GC(1245) Concurrent Cleanup for Next Mark 5.607ms
[4400.651s][info][gc             ] GC(1245) Concurrent Mark Cycle 1529.121ms
.[4401.444s][info][gc,start       ] GC(1246) Pause Young (Prepare Mixed) (G1 Evacuation Pause)
[4401.445s][info][gc,task        ] GC(1246) Using 6 workers of 6 for evacuation
[4401.561s][info][gc,phases      ] GC(1246)   Pre Evacuate Collection Set: 0.34ms
[4401.561s][info][gc,phases      ] GC(1246)   Merge Heap Roots: 0.49ms
[4401.561s][info][gc,phases      ] GC(1246)   Evacuate Collection Set: 114.46ms
[4401.561s][info][gc,phases      ] GC(1246)   Post Evacuate Collection Set: 0.93ms
[4401.561s][info][gc,phases      ] GC(1246)   Other: 0.08ms
[4401.561s][info][gc,heap        ] GC(1246) Eden regions: 1116->0(1110)
[4401.561s][info][gc,heap        ] GC(1246) Survivor regions: 112->108(154)
[4401.561s][info][gc,heap        ] GC(1246) Old regions: 507->539
[4401.561s][info][gc,heap        ] GC(1246) Humongous regions: 80->80
[4401.561s][info][gc,metaspace   ] GC(1246) Metaspace: 28897K(29248K)->28897K(29248K) NonClass: 24029K(24192K)->24029K(24192K) Class: 4868K(5056K)->4868K(5056K)
[4401.561s][info][gc             ] GC(1246) Pause Young (Prepare Mixed) (G1 Evacuation Pause) 3629M->1452M(4096M) 116.414ms
[4401.561s][info][gc,cpu         ] GC(1246) User=0.68s Sys=0.00s Real=0.12s
..[4403.827s][info][gc,start       ] GC(1247) Pause Young (Mixed) (G1 Evacuation Pause)
[4403.827s][info][gc,task        ] GC(1247) Using 6 workers of 6 for evacuation
[4403.963s][info][gc,phases      ] GC(1247)   Pre Evacuate Collection Set: 0.37ms
[4403.963s][info][gc,phases      ] GC(1247)   Merge Heap Roots: 0.63ms
[4403.963s][info][gc,phases      ] GC(1247)   Evacuate Collection Set: 134.52ms
[4403.963s][info][gc,phases      ] GC(1247)   Post Evacuate Collection Set: 0.96ms
[4403.963s][info][gc,phases      ] GC(1247)   Other: 0.09ms
[4403.963s][info][gc,heap        ] GC(1247) Eden regions: 1110->0(1116)
[4403.963s][info][gc,heap        ] GC(1247) Survivor regions: 108->112(153)
[4403.963s][info][gc,heap        ] GC(1247) Old regions: 539->474
[4403.963s][info][gc,heap        ] GC(1247) Humongous regions: 80->80
[4403.963s][info][gc,metaspace   ] GC(1247) Metaspace: 28897K(29248K)->28897K(29248K) NonClass: 24029K(24192K)->24029K(24192K) Class: 4868K(5056K)->4868K(5056K)
[4403.963s][info][gc             ] GC(1247) Pause Young (Mixed) (G1 Evacuation Pause) 3672M->1331M(4096M) 136.706ms
[4403.963s][info][gc,cpu         ] GC(1247) User=0.81s Sys=0.00s Real=0.14s
...[4406.246s][info][gc,start       ] GC(1248) Pause Young (Concurrent Start) (G1 Evacuation Pause)
[4406.246s][info][gc,task        ] GC(1248) Using 6 workers of 6 for evacuation
[4406.359s][info][gc,phases      ] GC(1248)   Pre Evacuate Collection Set: 0.35ms
[4406.359s][info][gc,phases      ] GC(1248)   Merge Heap Roots: 0.41ms
[4406.359s][info][gc,phases      ] GC(1248)   Evacuate Collection Set: 111.65ms
[4406.359s][info][gc,phases      ] GC(1248)   Post Evacuate Collection Set: 0.92ms
[4406.359s][info][gc,phases      ] GC(1248)   Other: 0.12ms
[4406.359s][info][gc,heap        ] GC(1248) Eden regions: 1116->0(1121)
[4406.359s][info][gc,heap        ] GC(1248) Survivor regions: 112->107(154)
[4406.359s][info][gc,heap        ] GC(1248) Old regions: 474->506
[4406.359s][info][gc,heap        ] GC(1248) Humongous regions: 80->80
[4406.359s][info][gc,metaspace   ] GC(1248) Metaspace: 28897K(29248K)->28897K(29248K) NonClass: 24029K(24192K)->24029K(24192K) Class: 4868K(5056K)->4868K(5056K)
[4406.359s][info][gc             ] GC(1248) Pause Young (Concurrent Start) (G1 Evacuation Pause) 3563M->1385M(4096M) 113.575ms
[4406.359s][info][gc             ] GC(1249) Concurrent Mark Cycle
[4406.359s][info][gc,marking     ] GC(1249) Concurrent Scan Root Regions
[4406.359s][info][gc,cpu         ] GC(1248) User=0.67s Sys=0.00s Real=0.12s
[4406.623s][info][gc,marking     ] GC(1249) Concurrent Scan Root Regions 263.737ms
[4406.623s][info][gc,marking     ] GC(1249) Concurrent Mark
[4406.623s][info][gc,marking     ] GC(1249) Concurrent Mark From Roots
[4406.623s][info][gc,task        ] GC(1249) Using 2 workers of 2 for marking
.[4407.637s][info][gc,marking     ] GC(1249) Concurrent Mark From Roots 1013.995ms
[4407.637s][info][gc,marking     ] GC(1249) Concurrent Preclean
[4407.637s][info][gc,marking     ] GC(1249) Concurrent Preclean 0.116ms
[4407.638s][info][gc,start       ] GC(1249) Pause Remark
[4407.645s][info][gc             ] GC(1249) Pause Remark 2625M->2625M(4096M) 7.460ms
[4407.645s][info][gc,cpu         ] GC(1249) User=0.04s Sys=0.00s Real=0.01s
[4407.645s][info][gc,marking     ] GC(1249) Concurrent Mark 1022.399ms
[4407.645s][info][gc,marking     ] GC(1249) Concurrent Rebuild Remembered Sets and Scrub Regions
.[4408.054s][info][gc,marking     ] GC(1249) Concurrent Rebuild Remembered Sets and Scrub Regions 408.445ms
[4408.055s][info][gc,start       ] GC(1249) Pause Cleanup
[4408.055s][info][gc             ] GC(1249) Pause Cleanup 3013M->3013M(4096M) 0.123ms
[4408.055s][info][gc,cpu         ] GC(1249) User=0.00s Sys=0.00s Real=0.00s
[4408.055s][info][gc,marking     ] GC(1249) Concurrent Clear Claimed Marks
[4408.055s][info][gc,marking     ] GC(1249) Concurrent Clear Claimed Marks 0.032ms
[4408.055s][info][gc,marking     ] GC(1249) Concurrent Cleanup for Next Mark
[4408.064s][info][gc,marking     ] GC(1249) Concurrent Cleanup for Next Mark 8.763ms
[4408.064s][info][gc             ] GC(1249) Concurrent Mark Cycle 1704.722ms
[4408.677s][info][gc,start       ] GC(1250) Pause Young (Prepare Mixed) (G1 Evacuation Pause)
[4408.677s][info][gc,task        ] GC(1250) Using 6 workers of 6 for evacuation
[4408.794s][info][gc,phases      ] GC(1250)   Pre Evacuate Collection Set: 0.37ms
[4408.794s][info][gc,phases      ] GC(1250)   Merge Heap Roots: 0.46ms
[4408.794s][info][gc,phases      ] GC(1250)   Evacuate Collection Set: 115.05ms
[4408.794s][info][gc,phases      ] GC(1250)   Post Evacuate Collection Set: 0.94ms
[4408.794s][info][gc,phases      ] GC(1250)   Other: 0.09ms
[4408.794s][info][gc,heap        ] GC(1250) Eden regions: 1121->0(1107)
[4408.794s][info][gc,heap        ] GC(1250) Survivor regions: 107->110(154)
[4408.794s][info][gc,heap        ] GC(1250) Old regions: 506->538
[4408.794s][info][gc,heap        ] GC(1250) Humongous regions: 80->80
[4408.794s][info][gc,metaspace   ] GC(1250) Metaspace: 28897K(29248K)->28897K(29248K) NonClass: 24029K(24192K)->24029K(24192K) Class: 4868K(5056K)->4868K(5056K)
[4408.794s][info][gc             ] GC(1250) Pause Young (Prepare Mixed) (G1 Evacuation Pause) 3627M->1454M(4096M) 117.056ms
[4408.794s][info][gc,cpu         ] GC(1250) User=0.69s Sys=0.00s Real=0.12s
...[4411.077s][info][gc,start       ] GC(1251) Pause Young (Mixed) (G1 Evacuation Pause)
[4411.077s][info][gc,task        ] GC(1251) Using 6 workers of 6 for evacuation
[4411.213s][info][gc,phases      ] GC(1251)   Pre Evacuate Collection Set: 0.35ms
[4411.213s][info][gc,phases      ] GC(1251)   Merge Heap Roots: 0.67ms
[4411.213s][info][gc,phases      ] GC(1251)   Evacuate Collection Set: 134.73ms
[4411.213s][info][gc,phases      ] GC(1251)   Post Evacuate Collection Set: 0.93ms
[4411.213s][info][gc,phases      ] GC(1251)   Other: 0.08ms
[4411.213s][info][gc,heap        ] GC(1251) Eden regions: 1107->0(1116)
[4411.213s][info][gc,heap        ] GC(1251) Survivor regions: 110->112(153)
[4411.213s][info][gc,heap        ] GC(1251) Old regions: 538->477
[4411.213s][info][gc,heap        ] GC(1251) Humongous regions: 80->80
[4411.213s][info][gc,metaspace   ] GC(1251) Metaspace: 28897K(29248K)->28897K(29248K) NonClass: 24029K(24192K)->24029K(24192K) Class: 4868K(5056K)->4868K(5056K)
[4411.213s][info][gc             ] GC(1251) Pause Young (Mixed) (G1 Evacuation Pause) 3668M->1336M(4096M) 136.885ms
[4411.213s][info][gc,cpu         ] GC(1251) User=0.81s Sys=0.00s Real=0.14s
..[4413.421s][info][gc,start       ] GC(1252) Pause Young (Concurrent Start) (G1 Evacuation Pause)
[4413.421s][info][gc,task        ] GC(1252) Using 6 workers of 6 for evacuation
[4413.538s][info][gc,phases      ] GC(1252)   Pre Evacuate Collection Set: 0.38ms
[4413.538s][info][gc,phases      ] GC(1252)   Merge Heap Roots: 0.45ms
[4413.538s][info][gc,phases      ] GC(1252)   Evacuate Collection Set: 114.87ms
[4413.538s][info][gc,phases      ] GC(1252)   Post Evacuate Collection Set: 0.90ms
[4413.538s][info][gc,phases      ] GC(1252)   Other: 0.11ms
[4413.538s][info][gc,heap        ] GC(1252) Eden regions: 1116->0(1118)
[4413.538s][info][gc,heap        ] GC(1252) Survivor regions: 112->110(154)
[4413.538s][info][gc,heap        ] GC(1252) Old regions: 477->509
[4413.538s][info][gc,heap        ] GC(1252) Humongous regions: 80->80
[4413.538s][info][gc,metaspace   ] GC(1252) Metaspace: 28897K(29248K)->28897K(29248K) NonClass: 24029K(24192K)->24029K(24192K) Class: 4868K(5056K)->4868K(5056K)
[4413.538s][info][gc             ] GC(1252) Pause Young (Concurrent Start) (G1 Evacuation Pause) 3568M->1397M(4096M) 116.848ms
[4413.538s][info][gc             ] GC(1253) Concurrent Mark Cycle
[4413.538s][info][gc,marking     ] GC(1253) Concurrent Scan Root Regions
[4413.538s][info][gc,cpu         ] GC(1252) User=0.69s Sys=0.00s Real=0.12s
[4413.733s][info][gc,marking     ] GC(1253) Concurrent Scan Root Regions 194.580ms
[4413.733s][info][gc,marking     ] GC(1253) Concurrent Mark
[4413.733s][info][gc,marking     ] GC(1253) Concurrent Mark From Roots
[4413.733s][info][gc,task        ] GC(1253) Using 2 workers of 2 for marking
.[4414.736s][info][gc,marking     ] GC(1253) Concurrent Mark From Roots 1002.863ms
[4414.736s][info][gc,marking     ] GC(1253) Concurrent Preclean
[4414.736s][info][gc,marking     ] GC(1253) Concurrent Preclean 0.107ms
[4414.736s][info][gc,start       ] GC(1253) Pause Remark
[4414.743s][info][gc             ] GC(1253) Pause Remark 2561M->2561M(4096M) 6.633ms
[4414.743s][info][gc,cpu         ] GC(1253) User=0.04s Sys=0.00s Real=0.01s
[4414.743s][info][gc,marking     ] GC(1253) Concurrent Mark 1009.908ms
[4414.743s][info][gc,marking     ] GC(1253) Concurrent Rebuild Remembered Sets and Scrub Regions
[4415.135s][info][gc,marking     ] GC(1253) Concurrent Rebuild Remembered Sets and Scrub Regions 392.555ms
[4415.136s][info][gc,start       ] GC(1253) Pause Cleanup
[4415.136s][info][gc             ] GC(1253) Pause Cleanup 2924M->2924M(4096M) 0.117ms
[4415.136s][info][gc,cpu         ] GC(1253) User=0.00s Sys=0.00s Real=0.00s
[4415.137s][info][gc,marking     ] GC(1253) Concurrent Clear Claimed Marks
[4415.137s][info][gc,marking     ] GC(1253) Concurrent Clear Claimed Marks 0.033ms
[4415.137s][info][gc,marking     ] GC(1253) Concurrent Cleanup for Next Mark
[4415.142s][info][gc,marking     ] GC(1253) Concurrent Cleanup for Next Mark 5.741ms
[4415.142s][info][gc             ] GC(1253) Concurrent Mark Cycle 1604.190ms
.[4415.813s][info][gc,start       ] GC(1254) Pause Young (Prepare Mixed) (G1 Evacuation Pause)
[4415.814s][info][gc,task        ] GC(1254) Using 6 workers of 6 for evacuation
[4415.932s][info][gc,phases      ] GC(1254)   Pre Evacuate Collection Set: 0.33ms
[4415.932s][info][gc,phases      ] GC(1254)   Merge Heap Roots: 0.49ms
[4415.932s][info][gc,phases      ] GC(1254)   Evacuate Collection Set: 116.81ms
[4415.932s][info][gc,phases      ] GC(1254)   Post Evacuate Collection Set: 0.94ms
[4415.932s][info][gc,phases      ] GC(1254)   Other: 0.08ms
[4415.932s][info][gc,heap        ] GC(1254) Eden regions: 1118->0(1100)
[4415.932s][info][gc,heap        ] GC(1254) Survivor regions: 110->112(154)
[4415.932s][info][gc,heap        ] GC(1254) Old regions: 509->541
[4415.932s][info][gc,heap        ] GC(1254) Humongous regions: 80->80
[4415.932s][info][gc,metaspace   ] GC(1254) Metaspace: 28897K(29248K)->28897K(29248K) NonClass: 24029K(24192K)->24029K(24192K) Class: 4868K(5056K)->4868K(5056K)
[4415.932s][info][gc             ] GC(1254) Pause Young (Prepare Mixed) (G1 Evacuation Pause) 3633M->1463M(4096M) 118.783ms
[4415.932s][info][gc,cpu         ] GC(1254) User=0.71s Sys=0.00s Real=0.12s
..[4418.191s][info][gc,start       ] GC(1255) Pause Young (Mixed) (G1 Evacuation Pause)
[4418.191s][info][gc,task        ] GC(1255) Using 6 workers of 6 for evacuation
[4418.323s][info][gc,phases      ] GC(1255)   Pre Evacuate Collection Set: 0.39ms
[4418.323s][info][gc,phases      ] GC(1255)   Merge Heap Roots: 0.63ms
[4418.323s][info][gc,phases      ] GC(1255)   Evacuate Collection Set: 129.65ms
[4418.323s][info][gc,phases      ] GC(1255)   Post Evacuate Collection Set: 0.96ms
[4418.323s][info][gc,phases      ] GC(1255)   Other: 0.09ms
[4418.323s][info][gc,heap        ] GC(1255) Eden regions: 1100->0(1117)
[4418.323s][info][gc,heap        ] GC(1255) Survivor regions: 112->111(152)
[4418.323s][info][gc,heap        ] GC(1255) Old regions: 541->477
[4418.323s][info][gc,heap        ] GC(1255) Humongous regions: 80->80
[4418.323s][info][gc,metaspace   ] GC(1255) Metaspace: 28897K(29248K)->28897K(29248K) NonClass: 24029K(24192K)->24029K(24192K) Class: 4868K(5056K)->4868K(5056K)
[4418.323s][info][gc             ] GC(1255) Pause Young (Mixed) (G1 Evacuation Pause) 3663M->1334M(4096M) 131.861ms
[4418.323s][info][gc,cpu         ] GC(1255) User=0.78s Sys=0.00s Real=0.13s
. (rIR:aIR:PR = 7887:7873:7874) (tPR = 117655) [OK] 
  4418s: Performance info:
         Transaction,    Success,    Partial,     Failed,   Receipts, AvgBarcode, 
             Overall,     477866,          0,          0,     453658,      59.47, 
         Response times:
             Request,    Success,    Partial,     Failed,   SkipFail,     Probes,    Samples,      min,      p50,      p90,      p95,      p99,      max, 
       TotalPurchase,     453870,          0,          0,          0,     356814,     419228,      300,     7300,    96000,   140000,   218000,   357000,
     InStorePurchase,     238146,          0,          0,          0,     187380,     220148,      300,     7200,    95000,   139000,   216000,   357000,
      OnlinePurchase,     167815,          0,          0,          0,     131538,     154432,      300,     7400,    96000,   141000,   218000,   357000,
        InstPurchase,      47909,          0,          0,          0,      37896,      44648,      400,     7300,    95000,   141000,   221000,   357000,
          AssocOfCat,        477,          0,          0,          0,        384,        563,    25000,    48000,   153000,   188200,   270400,   307000,
      AssocOfProduct,       4775,          0,          0,          0,       4438,       5387,      600,     8000,   100000,   144000,   225120,   302000,
      BusinessReport,       1197,          0,          0,          0,       1093,       1383,    28000,    52000,   146000,   194000,   271920,   323000,
          CustBuyBeh,       4791,          0,          0,          0,       4472,       5504,      200,     6400,    91000,   135000,   214000,   286000,
       ProductReturn,      12672,          0,          0,          0,       9680,      11714,      200,     7000,    93000,   137250,   213000,   332000,

  4418s: (58%)   IR =   8025 ..[4420.607s][info][gc,start       ] GC(1256) Pause Young (Concurrent Start) (G1 Evacuation Pause)
[4420.607s][info][gc,task        ] GC(1256) Using 6 workers of 6 for evacuation
[4420.723s][info][gc,phases      ] GC(1256)   Pre Evacuate Collection Set: 0.43ms
[4420.723s][info][gc,phases      ] GC(1256)   Merge Heap Roots: 0.48ms
[4420.723s][info][gc,phases      ] GC(1256)   Evacuate Collection Set: 114.33ms
[4420.723s][info][gc,phases      ] GC(1256)   Post Evacuate Collection Set: 0.97ms
[4420.723s][info][gc,phases      ] GC(1256)   Other: 0.13ms
[4420.723s][info][gc,heap        ] GC(1256) Eden regions: 1117->0(1119)
[4420.723s][info][gc,heap        ] GC(1256) Survivor regions: 111->109(154)
[4420.723s][info][gc,heap        ] GC(1256) Old regions: 477->508
[4420.723s][info][gc,heap        ] GC(1256) Humongous regions: 80->80
[4420.723s][info][gc,metaspace   ] GC(1256) Metaspace: 28897K(29248K)->28897K(29248K) NonClass: 24029K(24192K)->24029K(24192K) Class: 4868K(5056K)->4868K(5056K)
[4420.723s][info][gc             ] GC(1256) Pause Young (Concurrent Start) (G1 Evacuation Pause) 3568M->1393M(4096M) 116.476ms
[4420.723s][info][gc             ] GC(1257) Concurrent Mark Cycle
[4420.723s][info][gc,marking     ] GC(1257) Concurrent Scan Root Regions
[4420.723s][info][gc,cpu         ] GC(1256) User=0.69s Sys=0.00s Real=0.12s
[4420.910s][info][gc,marking     ] GC(1257) Concurrent Scan Root Regions 186.777ms
[4420.910s][info][gc,marking     ] GC(1257) Concurrent Mark
[4420.910s][info][gc,marking     ] GC(1257) Concurrent Mark From Roots
[4420.910s][info][gc,task        ] GC(1257) Using 2 workers of 2 for marking
.[4421.950s][info][gc,marking     ] GC(1257) Concurrent Mark From Roots 1040.488ms
[4421.950s][info][gc,marking     ] GC(1257) Concurrent Preclean
[4421.951s][info][gc,marking     ] GC(1257) Concurrent Preclean 0.148ms
[4421.954s][info][gc,start       ] GC(1257) Pause Remark
[4421.960s][info][gc             ] GC(1257) Pause Remark 2563M->2563M(4096M) 6.013ms
[4421.960s][info][gc,cpu         ] GC(1257) User=0.04s Sys=0.01s Real=0.01s
[4421.960s][info][gc,marking     ] GC(1257) Concurrent Mark 1049.906ms
[4421.960s][info][gc,marking     ] GC(1257) Concurrent Rebuild Remembered Sets and Scrub Regions
[4422.387s][info][gc,marking     ] GC(1257) Concurrent Rebuild Remembered Sets and Scrub Regions 427.338ms
[4422.389s][info][gc,start       ] GC(1257) Pause Cleanup
[4422.389s][info][gc             ] GC(1257) Pause Cleanup 2989M->2989M(4096M) 0.124ms
[4422.389s][info][gc,cpu         ] GC(1257) User=0.00s Sys=0.00s Real=0.00s
[4422.389s][info][gc,marking     ] GC(1257) Concurrent Clear Claimed Marks
[4422.389s][info][gc,marking     ] GC(1257) Concurrent Clear Claimed Marks 0.022ms
[4422.389s][info][gc,marking     ] GC(1257) Concurrent Cleanup for Next Mark
[4422.397s][info][gc,marking     ] GC(1257) Concurrent Cleanup for Next Mark 8.570ms
[4422.397s][info][gc             ] GC(1257) Concurrent Mark Cycle 1674.336ms
.[4422.979s][info][gc,start       ] GC(1258) Pause Young (Prepare Mixed) (G1 Evacuation Pause)
[4422.979s][info][gc,task        ] GC(1258) Using 6 workers of 6 for evacuation
[4423.099s][info][gc,phases      ] GC(1258)   Pre Evacuate Collection Set: 0.32ms
[4423.099s][info][gc,phases      ] GC(1258)   Merge Heap Roots: 0.47ms
[4423.099s][info][gc,phases      ] GC(1258)   Evacuate Collection Set: 118.36ms
[4423.099s][info][gc,phases      ] GC(1258)   Post Evacuate Collection Set: 0.93ms
[4423.099s][info][gc,phases      ] GC(1258)   Other: 0.09ms
[4423.100s][info][gc,heap        ] GC(1258) Eden regions: 1119->0(1099)
[4423.100s][info][gc,heap        ] GC(1258) Survivor regions: 109->113(154)
[4423.100s][info][gc,heap        ] GC(1258) Old regions: 508->540
[4423.100s][info][gc,heap        ] GC(1258) Humongous regions: 80->80
[4423.100s][info][gc,metaspace   ] GC(1258) Metaspace: 28897K(29248K)->28897K(29248K) NonClass: 24029K(24192K)->24029K(24192K) Class: 4868K(5056K)->4868K(5056K)
[4423.100s][info][gc             ] GC(1258) Pause Young (Prepare Mixed) (G1 Evacuation Pause) 3631M->1464M(4096M) 120.314ms
[4423.100s][info][gc,cpu         ] GC(1258) User=0.71s Sys=0.00s Real=0.12s
..[4425.293s][info][gc,start       ] GC(1259) Pause Young (Mixed) (G1 Evacuation Pause)
[4425.293s][info][gc,task        ] GC(1259) Using 6 workers of 6 for evacuation
[4425.422s][info][gc,phases      ] GC(1259)   Pre Evacuate Collection Set: 0.36ms
[4425.422s][info][gc,phases      ] GC(1259)   Merge Heap Roots: 0.58ms
[4425.422s][info][gc,phases      ] GC(1259)   Evacuate Collection Set: 127.04ms
[4425.422s][info][gc,phases      ] GC(1259)   Post Evacuate Collection Set: 0.95ms
[4425.422s][info][gc,phases      ] GC(1259)   Other: 0.09ms
[4425.422s][info][gc,heap        ] GC(1259) Eden regions: 1099->0(1120)
[4425.422s][info][gc,heap        ] GC(1259) Survivor regions: 113->108(152)
[4425.422s][info][gc,heap        ] GC(1259) Old regions: 540->476
[4425.422s][info][gc,heap        ] GC(1259) Humongous regions: 80->80
[4425.422s][info][gc,metaspace   ] GC(1259) Metaspace: 28897K(29248K)->28897K(29248K) NonClass: 24029K(24192K)->24029K(24192K) Class: 4868K(5056K)->4868K(5056K)
[4425.422s][info][gc             ] GC(1259) Pause Young (Mixed) (G1 Evacuation Pause) 3662M->1327M(4096M) 129.152ms
[4425.422s][info][gc,cpu         ] GC(1259) User=0.77s Sys=0.00s Real=0.13s
...[4427.689s][info][gc,start       ] GC(1260) Pause Young (Concurrent Start) (G1 Evacuation Pause)
[4427.689s][info][gc,task        ] GC(1260) Using 6 workers of 6 for evacuation
[4427.811s][info][gc,phases      ] GC(1260)   Pre Evacuate Collection Set: 0.37ms
[4427.811s][info][gc,phases      ] GC(1260)   Merge Heap Roots: 0.43ms
[4427.811s][info][gc,phases      ] GC(1260)   Evacuate Collection Set: 119.76ms
[4427.811s][info][gc,phases      ] GC(1260)   Post Evacuate Collection Set: 0.89ms
[4427.811s][info][gc,phases      ] GC(1260)   Other: 0.09ms
[4427.811s][info][gc,heap        ] GC(1260) Eden regions: 1120->0(1114)
[4427.811s][info][gc,heap        ] GC(1260) Survivor regions: 108->114(154)
[4427.811s][info][gc,heap        ] GC(1260) Old regions: 476->507
[4427.811s][info][gc,heap        ] GC(1260) Humongous regions: 80->80
[4427.811s][info][gc,metaspace   ] GC(1260) Metaspace: 28897K(29248K)->28897K(29248K) NonClass: 24029K(24192K)->24029K(24192K) Class: 4868K(5056K)->4868K(5056K)
[4427.811s][info][gc             ] GC(1260) Pause Young (Concurrent Start) (G1 Evacuation Pause) 3567M->1400M(4096M) 121.671ms
[4427.811s][info][gc             ] GC(1261) Concurrent Mark Cycle
[4427.811s][info][gc,marking     ] GC(1261) Concurrent Scan Root Regions
[4427.811s][info][gc,cpu         ] GC(1260) User=0.72s Sys=0.00s Real=0.12s
[4427.964s][info][gc,marking     ] GC(1261) Concurrent Scan Root Regions 153.681ms
[4427.964s][info][gc,marking     ] GC(1261) Concurrent Mark
[4427.964s][info][gc,marking     ] GC(1261) Concurrent Mark From Roots
[4427.964s][info][gc,task        ] GC(1261) Using 2 workers of 2 for marking
.[4428.695s][info][gc,marking     ] GC(1261) Concurrent Mark From Roots 730.498ms
[4428.695s][info][gc,marking     ] GC(1261) Concurrent Preclean
[4428.695s][info][gc,marking     ] GC(1261) Concurrent Preclean 0.080ms
[4428.695s][info][gc,start       ] GC(1261) Pause Remark
[4428.700s][info][gc             ] GC(1261) Pause Remark 2161M->2161M(4096M) 4.899ms
[4428.700s][info][gc,cpu         ] GC(1261) User=0.02s Sys=0.00s Real=0.01s
[4428.700s][info][gc,marking     ] GC(1261) Concurrent Mark 735.755ms
[4428.700s][info][gc,marking     ] GC(1261) Concurrent Rebuild Remembered Sets and Scrub Regions
[4429.024s][info][gc,marking     ] GC(1261) Concurrent Rebuild Remembered Sets and Scrub Regions 324.245ms
[4429.026s][info][gc,start       ] GC(1261) Pause Cleanup
[4429.026s][info][gc             ] GC(1261) Pause Cleanup 2470M->2470M(4096M) 0.125ms
[4429.026s][info][gc,cpu         ] GC(1261) User=0.00s Sys=0.00s Real=0.00s
[4429.026s][info][gc,marking     ] GC(1261) Concurrent Clear Claimed Marks
[4429.026s][info][gc,marking     ] GC(1261) Concurrent Clear Claimed Marks 0.036ms
[4429.026s][info][gc,marking     ] GC(1261) Concurrent Cleanup for Next Mark
[4429.036s][info][gc,marking     ] GC(1261) Concurrent Cleanup for Next Mark 10.622ms
[4429.037s][info][gc             ] GC(1261) Concurrent Mark Cycle 1225.832ms
.[4430.036s][info][gc,start       ] GC(1262) Pause Young (Prepare Mixed) (G1 Evacuation Pause)
[4430.036s][info][gc,task        ] GC(1262) Using 6 workers of 6 for evacuation
[4430.161s][info][gc,phases      ] GC(1262)   Pre Evacuate Collection Set: 0.34ms
[4430.161s][info][gc,phases      ] GC(1262)   Merge Heap Roots: 0.46ms
[4430.161s][info][gc,phases      ] GC(1262)   Evacuate Collection Set: 123.23ms
[4430.161s][info][gc,phases      ] GC(1262)   Post Evacuate Collection Set: 0.93ms
[4430.161s][info][gc,phases      ] GC(1262)   Other: 0.08ms
[4430.161s][info][gc,heap        ] GC(1262) Eden regions: 1114->0(1092)
[4430.161s][info][gc,heap        ] GC(1262) Survivor regions: 114->117(154)
[4430.161s][info][gc,heap        ] GC(1262) Old regions: 507->539
[4430.161s][info][gc,heap        ] GC(1262) Humongous regions: 80->80
[4430.161s][info][gc,metaspace   ] GC(1262) Metaspace: 28897K(29248K)->28897K(29248K) NonClass: 24029K(24192K)->24029K(24192K) Class: 4868K(5056K)->4868K(5056K)
[4430.161s][info][gc             ] GC(1262) Pause Young (Prepare Mixed) (G1 Evacuation Pause) 3628M->1470M(4096M) 125.168ms
[4430.161s][info][gc,cpu         ] GC(1262) User=0.74s Sys=0.00s Real=0.13s
..[4432.394s][info][gc,start       ] GC(1263) Pause Young (Mixed) (G1 Evacuation Pause)
[4432.394s][info][gc,task        ] GC(1263) Using 6 workers of 6 for evacuation
[4432.530s][info][gc,phases      ] GC(1263)   Pre Evacuate Collection Set: 0.37ms
[4432.530s][info][gc,phases      ] GC(1263)   Merge Heap Roots: 0.64ms
[4432.530s][info][gc,phases      ] GC(1263)   Evacuate Collection Set: 133.80ms
[4432.530s][info][gc,phases      ] GC(1263)   Post Evacuate Collection Set: 0.95ms
[4432.530s][info][gc,phases      ] GC(1263)   Other: 0.08ms
[4432.530s][info][gc,heap        ] GC(1263) Eden regions: 1092->0(1118)
[4432.530s][info][gc,heap        ] GC(1263) Survivor regions: 117->110(152)
[4432.530s][info][gc,heap        ] GC(1263) Old regions: 539->474
[4432.530s][info][gc,heap        ] GC(1263) Humongous regions: 80->80
[4432.530s][info][gc,metaspace   ] GC(1263) Metaspace: 28897K(29248K)->28897K(29248K) NonClass: 24029K(24192K)->24029K(24192K) Class: 4868K(5056K)->4868K(5056K)
[4432.530s][info][gc             ] GC(1263) Pause Young (Mixed) (G1 Evacuation Pause) 3654M->1327M(4096M) 135.978ms
[4432.530s][info][gc,cpu         ] GC(1263) User=0.80s Sys=0.00s Real=0.14s
..[4434.738s][info][gc,start       ] GC(1264) Pause Young (Concurrent Start) (G1 Evacuation Pause)
[4434.738s][info][gc,task        ] GC(1264) Using 6 workers of 6 for evacuation
[4434.857s][info][gc,phases      ] GC(1264)   Pre Evacuate Collection Set: 0.39ms
[4434.857s][info][gc,phases      ] GC(1264)   Merge Heap Roots: 0.43ms
[4434.857s][info][gc,phases      ] GC(1264)   Evacuate Collection Set: 116.76ms
[4434.857s][info][gc,phases      ] GC(1264)   Post Evacuate Collection Set: 0.90ms
[4434.857s][info][gc,phases      ] GC(1264)   Other: 0.13ms
[4434.857s][info][gc,heap        ] GC(1264) Eden regions: 1118->0(1118)
[4434.857s][info][gc,heap        ] GC(1264) Survivor regions: 110->110(154)
[4434.857s][info][gc,heap        ] GC(1264) Old regions: 474->507
[4434.857s][info][gc,heap        ] GC(1264) Humongous regions: 80->80
[4434.857s][info][gc,metaspace   ] GC(1264) Metaspace: 28897K(29248K)->28897K(29248K) NonClass: 24029K(24192K)->24029K(24192K) Class: 4868K(5056K)->4868K(5056K)
[4434.857s][info][gc             ] GC(1264) Pause Young (Concurrent Start) (G1 Evacuation Pause) 3563M->1392M(4096M) 118.759ms
[4434.857s][info][gc             ] GC(1265) Concurrent Mark Cycle
[4434.857s][info][gc,marking     ] GC(1265) Concurrent Scan Root Regions
[4434.857s][info][gc,cpu         ] GC(1264) User=0.70s Sys=0.00s Real=0.11s
.[4435.007s][info][gc,marking     ] GC(1265) Concurrent Scan Root Regions 150.026ms
[4435.007s][info][gc,marking     ] GC(1265) Concurrent Mark
[4435.007s][info][gc,marking     ] GC(1265) Concurrent Mark From Roots
[4435.007s][info][gc,task        ] GC(1265) Using 2 workers of 2 for marking
[4435.842s][info][gc,marking     ] GC(1265) Concurrent Mark From Roots 835.022ms
[4435.842s][info][gc,marking     ] GC(1265) Concurrent Preclean
[4435.842s][info][gc,marking     ] GC(1265) Concurrent Preclean 0.129ms
[4435.843s][info][gc,start       ] GC(1265) Pause Remark
[4435.847s][info][gc             ] GC(1265) Pause Remark 2278M->2278M(4096M) 3.944ms
[4435.847s][info][gc,cpu         ] GC(1265) User=0.02s Sys=0.00s Real=0.00s
[4435.848s][info][gc,marking     ] GC(1265) Concurrent Mark 840.644ms
[4435.848s][info][gc,marking     ] GC(1265) Concurrent Rebuild Remembered Sets and Scrub Regions
.[4436.216s][info][gc,marking     ] GC(1265) Concurrent Rebuild Remembered Sets and Scrub Regions 368.526ms
[4436.220s][info][gc,start       ] GC(1265) Pause Cleanup
[4436.220s][info][gc             ] GC(1265) Pause Cleanup 2674M->2674M(4096M) 0.144ms
[4436.220s][info][gc,cpu         ] GC(1265) User=0.00s Sys=0.00s Real=0.00s
[4436.220s][info][gc,marking     ] GC(1265) Concurrent Clear Claimed Marks
[4436.220s][info][gc,marking     ] GC(1265) Concurrent Clear Claimed Marks 0.033ms
[4436.220s][info][gc,marking     ] GC(1265) Concurrent Cleanup for Next Mark
[4436.227s][info][gc,marking     ] GC(1265) Concurrent Cleanup for Next Mark 6.483ms
[4436.227s][info][gc             ] GC(1265) Concurrent Mark Cycle 1369.751ms
.[4437.080s][info][gc,start       ] GC(1266) Pause Young (Prepare Mixed) (G1 Evacuation Pause)
[4437.081s][info][gc,task        ] GC(1266) Using 6 workers of 6 for evacuation
[4437.201s][info][gc,phases      ] GC(1266)   Pre Evacuate Collection Set: 0.36ms
[4437.201s][info][gc,phases      ] GC(1266)   Merge Heap Roots: 0.45ms
[4437.201s][info][gc,phases      ] GC(1266)   Evacuate Collection Set: 118.14ms
[4437.201s][info][gc,phases      ] GC(1266)   Post Evacuate Collection Set: 0.94ms
[4437.201s][info][gc,phases      ] GC(1266)   Other: 0.08ms
[4437.201s][info][gc,heap        ] GC(1266) Eden regions: 1118->0(1097)
[4437.201s][info][gc,heap        ] GC(1266) Survivor regions: 110->115(154)
[4437.201s][info][gc,heap        ] GC(1266) Old regions: 507->538
[4437.201s][info][gc,heap        ] GC(1266) Humongous regions: 80->80
[4437.201s][info][gc,metaspace   ] GC(1266) Metaspace: 28897K(29248K)->28897K(29248K) NonClass: 24029K(24192K)->24029K(24192K) Class: 4868K(5056K)->4868K(5056K)
[4437.201s][info][gc             ] GC(1266) Pause Young (Prepare Mixed) (G1 Evacuation Pause) 3628M->1464M(4096M) 120.089ms
[4437.201s][info][gc,cpu         ] GC(1266) User=0.71s Sys=0.00s Real=0.12s
..|[4439.329s][info][gc,start       ] GC(1267) Pause Young (Mixed) (G1 Evacuation Pause)
[4439.329s][info][gc,task        ] GC(1267) Using 6 workers of 6 for evacuation
[4439.464s][info][gc,phases      ] GC(1267)   Pre Evacuate Collection Set: 0.36ms
[4439.464s][info][gc,phases      ] GC(1267)   Merge Heap Roots: 0.64ms
[4439.464s][info][gc,phases      ] GC(1267)   Evacuate Collection Set: 133.04ms
[4439.464s][info][gc,phases      ] GC(1267)   Post Evacuate Collection Set: 0.94ms
[4439.464s][info][gc,phases      ] GC(1267)   Other: 0.09ms
[4439.464s][info][gc,heap        ] GC(1267) Eden regions: 1097->0(1118)
[4439.464s][info][gc,heap        ] GC(1267) Survivor regions: 115->110(152)
[4439.464s][info][gc,heap        ] GC(1267) Old regions: 538->476
[4439.464s][info][gc,heap        ] GC(1267) Humongous regions: 80->80
[4439.464s][info][gc,metaspace   ] GC(1267) Metaspace: 28899K(29248K)->28899K(29248K) NonClass: 24031K(24192K)->24031K(24192K) Class: 4868K(5056K)->4868K(5056K)
[4439.464s][info][gc             ] GC(1267) Pause Young (Mixed) (G1 Evacuation Pause) 3658M->1330M(4096M) 135.210ms
[4439.464s][info][gc,cpu         ] GC(1267) User=0.80s Sys=0.00s Real=0.13s
..[4441.741s][info][gc,start       ] GC(1268) Pause Young (Concurrent Start) (G1 Evacuation Pause)
[4441.741s][info][gc,task        ] GC(1268) Using 6 workers of 6 for evacuation
[4441.858s][info][gc,phases      ] GC(1268)   Pre Evacuate Collection Set: 0.38ms
[4441.858s][info][gc,phases      ] GC(1268)   Merge Heap Roots: 0.45ms
[4441.858s][info][gc,phases      ] GC(1268)   Evacuate Collection Set: 115.10ms
[4441.858s][info][gc,phases      ] GC(1268)   Post Evacuate Collection Set: 0.89ms
[4441.858s][info][gc,phases      ] GC(1268)   Other: 0.11ms
[4441.858s][info][gc,heap        ] GC(1268) Eden regions: 1118->0(1119)
[4441.858s][info][gc,heap        ] GC(1268) Survivor regions: 110->109(154)
[4441.858s][info][gc,heap        ] GC(1268) Old regions: 476->509
[4441.858s][info][gc,heap        ] GC(1268) Humongous regions: 80->80
[4441.858s][info][gc,metaspace   ] GC(1268) Metaspace: 28899K(29248K)->28899K(29248K) NonClass: 24031K(24192K)->24031K(24192K) Class: 4868K(5056K)->4868K(5056K)
[4441.858s][info][gc             ] GC(1268) Pause Young (Concurrent Start) (G1 Evacuation Pause) 3566M->1394M(4096M) 117.052ms
[4441.858s][info][gc             ] GC(1269) Concurrent Mark Cycle
[4441.858s][info][gc,marking     ] GC(1269) Concurrent Scan Root Regions
[4441.858s][info][gc,cpu         ] GC(1268) User=0.69s Sys=0.00s Real=0.11s
[4442.044s][info][gc,marking     ] GC(1269) Concurrent Scan Root Regions 185.630ms
[4442.044s][info][gc,marking     ] GC(1269) Concurrent Mark
[4442.044s][info][gc,marking     ] GC(1269) Concurrent Mark From Roots
[4442.044s][info][gc,task        ] GC(1269) Using 2 workers of 2 for marking
.[4443.063s][info][gc,marking     ] GC(1269) Concurrent Mark From Roots 1019.802ms
[4443.063s][info][gc,marking     ] GC(1269) Concurrent Preclean
[4443.064s][info][gc,marking     ] GC(1269) Concurrent Preclean 0.107ms
[4443.064s][info][gc,start       ] GC(1269) Pause Remark
[4443.071s][info][gc             ] GC(1269) Pause Remark 2490M->2490M(4096M) 6.653ms
[4443.071s][info][gc,cpu         ] GC(1269) User=0.03s Sys=0.00s Real=0.01s
[4443.073s][info][gc,marking     ] GC(1269) Concurrent Mark 1028.951ms
[4443.073s][info][gc,marking     ] GC(1269) Concurrent Rebuild Remembered Sets and Scrub Regions
.[4443.478s][info][gc,marking     ] GC(1269) Concurrent Rebuild Remembered Sets and Scrub Regions 405.753ms
[4443.479s][info][gc,start       ] GC(1269) Pause Cleanup
[4443.479s][info][gc             ] GC(1269) Pause Cleanup 2961M->2961M(4096M) 0.117ms
[4443.479s][info][gc,cpu         ] GC(1269) User=0.00s Sys=0.00s Real=0.00s
[4443.479s][info][gc,marking     ] GC(1269) Concurrent Clear Claimed Marks
[4443.479s][info][gc,marking     ] GC(1269) Concurrent Clear Claimed Marks 0.026ms
[4443.479s][info][gc,marking     ] GC(1269) Concurrent Cleanup for Next Mark
[4443.486s][info][gc,marking     ] GC(1269) Concurrent Cleanup for Next Mark 7.104ms
[4443.486s][info][gc             ] GC(1269) Concurrent Mark Cycle 1628.232ms
[4444.010s][info][gc,start       ] GC(1270) Pause Young (Prepare Mixed) (G1 Evacuation Pause)
[4444.010s][info][gc,task        ] GC(1270) Using 6 workers of 6 for evacuation
[4444.133s][info][gc,phases      ] GC(1270)   Pre Evacuate Collection Set: 0.35ms
[4444.133s][info][gc,phases      ] GC(1270)   Merge Heap Roots: 0.48ms
[4444.133s][info][gc,phases      ] GC(1270)   Evacuate Collection Set: 120.54ms
[4444.133s][info][gc,phases      ] GC(1270)   Post Evacuate Collection Set: 0.93ms
[4444.133s][info][gc,phases      ] GC(1270)   Other: 0.09ms
[4444.133s][info][gc,heap        ] GC(1270) Eden regions: 1119->0(1097)
[4444.133s][info][gc,heap        ] GC(1270) Survivor regions: 109->114(154)
[4444.133s][info][gc,heap        ] GC(1270) Old regions: 509->540
[4444.133s][info][gc,heap        ] GC(1270) Humongous regions: 80->80
[4444.133s][info][gc,metaspace   ] GC(1270) Metaspace: 28899K(29248K)->28899K(29248K) NonClass: 24031K(24192K)->24031K(24192K) Class: 4868K(5056K)->4868K(5056K)
[4444.133s][info][gc             ] GC(1270) Pause Young (Prepare Mixed) (G1 Evacuation Pause) 3632M->1465M(4096M) 122.539ms
[4444.133s][info][gc,cpu         ] GC(1270) User=0.72s Sys=0.00s Real=0.12s
...[4446.359s][info][gc,start       ] GC(1271) Pause Young (Mixed) (G1 Evacuation Pause)
[4446.359s][info][gc,task        ] GC(1271) Using 6 workers of 6 for evacuation
[4446.489s][info][gc,phases      ] GC(1271)   Pre Evacuate Collection Set: 0.38ms
[4446.489s][info][gc,phases      ] GC(1271)   Merge Heap Roots: 0.66ms
[4446.489s][info][gc,phases      ] GC(1271)   Evacuate Collection Set: 128.07ms
[4446.489s][info][gc,phases      ] GC(1271)   Post Evacuate Collection Set: 0.94ms
[4446.489s][info][gc,phases      ] GC(1271)   Other: 0.09ms
[4446.489s][info][gc,heap        ] GC(1271) Eden regions: 1097->0(1120)
[4446.489s][info][gc,heap        ] GC(1271) Survivor regions: 114->108(152)
[4446.489s][info][gc,heap        ] GC(1271) Old regions: 540->476
[4446.489s][info][gc,heap        ] GC(1271) Humongous regions: 80->80
[4446.489s][info][gc,metaspace   ] GC(1271) Metaspace: 28899K(29248K)->28899K(29248K) NonClass: 24031K(24192K)->24031K(24192K) Class: 4868K(5056K)->4868K(5056K)
[4446.489s][info][gc             ] GC(1271) Pause Young (Mixed) (G1 Evacuation Pause) 3659M->1325M(4096M) 130.278ms
[4446.489s][info][gc,cpu         ] GC(1271) User=0.77s Sys=0.00s Real=0.13s
..[4448.748s][info][gc,start       ] GC(1272) Pause Young (Concurrent Start) (G1 Evacuation Pause)
[4448.748s][info][gc,task        ] GC(1272) Using 6 workers of 6 for evacuation
[4448.868s][info][gc,phases      ] GC(1272)   Pre Evacuate Collection Set: 0.40ms
[4448.868s][info][gc,phases      ] GC(1272)   Merge Heap Roots: 0.42ms
[4448.868s][info][gc,phases      ] GC(1272)   Evacuate Collection Set: 118.08ms
[4448.868s][info][gc,phases      ] GC(1272)   Post Evacuate Collection Set: 0.90ms
[4448.868s][info][gc,phases      ] GC(1272)   Other: 0.10ms
[4448.868s][info][gc,heap        ] GC(1272) Eden regions: 1120->0(1115)
[4448.868s][info][gc,heap        ] GC(1272) Survivor regions: 108->113(154)
[4448.868s][info][gc,heap        ] GC(1272) Old regions: 476->508
[4448.868s][info][gc,heap        ] GC(1272) Humongous regions: 80->80
[4448.868s][info][gc,metaspace   ] GC(1272) Metaspace: 28899K(29248K)->28899K(29248K) NonClass: 24031K(24192K)->24031K(24192K) Class: 4868K(5056K)->4868K(5056K)
[4448.868s][info][gc             ] GC(1272) Pause Young (Concurrent Start) (G1 Evacuation Pause) 3565M->1400M(4096M) 120.034ms
[4448.868s][info][gc             ] GC(1273) Concurrent Mark Cycle
[4448.868s][info][gc,marking     ] GC(1273) Concurrent Scan Root Regions
[4448.868s][info][gc,cpu         ] GC(1272) User=0.70s Sys=0.01s Real=0.12s
[4449.059s][info][gc,marking     ] GC(1273) Concurrent Scan Root Regions 191.355ms
[4449.059s][info][gc,marking     ] GC(1273) Concurrent Mark
[4449.059s][info][gc,marking     ] GC(1273) Concurrent Mark From Roots
[4449.059s][info][gc,task        ] GC(1273) Using 2 workers of 2 for marking
.[4450.155s][info][gc,marking     ] GC(1273) Concurrent Mark From Roots 1095.603ms
[4450.155s][info][gc,marking     ] GC(1273) Concurrent Preclean
[4450.155s][info][gc,marking     ] GC(1273) Concurrent Preclean 0.116ms
[4450.157s][info][gc,start       ] GC(1273) Pause Remark
[4450.164s][info][gc             ] GC(1273) Pause Remark 2624M->2624M(4096M) 7.109ms
[4450.164s][info][gc,cpu         ] GC(1273) User=0.04s Sys=0.00s Real=0.01s
[4450.165s][info][gc,marking     ] GC(1273) Concurrent Mark 1105.683ms
[4450.165s][info][gc,marking     ] GC(1273) Concurrent Rebuild Remembered Sets and Scrub Regions
.[4450.552s][info][gc,marking     ] GC(1273) Concurrent Rebuild Remembered Sets and Scrub Regions 387.338ms
[4450.553s][info][gc,start       ] GC(1273) Pause Cleanup
[4450.553s][info][gc             ] GC(1273) Pause Cleanup 3067M->3067M(4096M) 0.119ms
[4450.553s][info][gc,cpu         ] GC(1273) User=0.00s Sys=0.00s Real=0.00s
[4450.553s][info][gc,marking     ] GC(1273) Concurrent Clear Claimed Marks
[4450.553s][info][gc,marking     ] GC(1273) Concurrent Clear Claimed Marks 0.023ms
[4450.553s][info][gc,marking     ] GC(1273) Concurrent Cleanup for Next Mark
[4450.558s][info][gc,marking     ] GC(1273) Concurrent Cleanup for Next Mark 5.171ms
[4450.558s][info][gc             ] GC(1273) Concurrent Mark Cycle 1690.105ms
[4451.090s][info][gc,start       ] GC(1274) Pause Young (Prepare Mixed) (G1 Evacuation Pause)
[4451.090s][info][gc,task        ] GC(1274) Using 6 workers of 6 for evacuation
[4451.212s][info][gc,phases      ] GC(1274)   Pre Evacuate Collection Set: 0.33ms
[4451.212s][info][gc,phases      ] GC(1274)   Merge Heap Roots: 0.49ms
[4451.212s][info][gc,phases      ] GC(1274)   Evacuate Collection Set: 119.79ms
[4451.212s][info][gc,phases      ] GC(1274)   Post Evacuate Collection Set: 0.94ms
[4451.212s][info][gc,phases      ] GC(1274)   Other: 0.09ms
[4451.212s][info][gc,heap        ] GC(1274) Eden regions: 1115->0(1099)
[4451.212s][info][gc,heap        ] GC(1274) Survivor regions: 113->113(154)
[4451.212s][info][gc,heap        ] GC(1274) Old regions: 508->540
[4451.212s][info][gc,heap        ] GC(1274) Humongous regions: 80->80
[4451.212s][info][gc,metaspace   ] GC(1274) Metaspace: 28899K(29248K)->28899K(29248K) NonClass: 24031K(24192K)->24031K(24192K) Class: 4868K(5056K)->4868K(5056K)
[4451.212s][info][gc             ] GC(1274) Pause Young (Prepare Mixed) (G1 Evacuation Pause) 3630M->1464M(4096M) 121.773ms
[4451.212s][info][gc,cpu         ] GC(1274) User=0.72s Sys=0.00s Real=0.12s
..[4453.378s][info][gc,start       ] GC(1275) Pause Young (Mixed) (G1 Evacuation Pause)
[4453.378s][info][gc,task        ] GC(1275) Using 6 workers of 6 for evacuation
[4453.512s][info][gc,phases      ] GC(1275)   Pre Evacuate Collection Set: 0.37ms
[4453.512s][info][gc,phases      ] GC(1275)   Merge Heap Roots: 0.67ms
[4453.512s][info][gc,phases      ] GC(1275)   Evacuate Collection Set: 131.81ms
[4453.512s][info][gc,phases      ] GC(1275)   Post Evacuate Collection Set: 0.94ms
[4453.512s][info][gc,phases      ] GC(1275)   Other: 0.10ms
[4453.512s][info][gc,heap        ] GC(1275) Eden regions: 1099->0(1119)
[4453.512s][info][gc,heap        ] GC(1275) Survivor regions: 113->109(152)
[4453.512s][info][gc,heap        ] GC(1275) Old regions: 540->475
[4453.512s][info][gc,heap        ] GC(1275) Humongous regions: 80->80
[4453.512s][info][gc,metaspace   ] GC(1275) Metaspace: 28899K(29248K)->28899K(29248K) NonClass: 24031K(24192K)->24031K(24192K) Class: 4868K(5056K)->4868K(5056K)
[4453.512s][info][gc             ] GC(1275) Pause Young (Mixed) (G1 Evacuation Pause) 3662M->1325M(4096M) 134.022ms
[4453.512s][info][gc,cpu         ] GC(1275) User=0.79s Sys=0.00s Real=0.13s
...[4455.724s][info][gc,start       ] GC(1276) Pause Young (Concurrent Start) (G1 Evacuation Pause)
[4455.724s][info][gc,task        ] GC(1276) Using 6 workers of 6 for evacuation
[4455.845s][info][gc,phases      ] GC(1276)   Pre Evacuate Collection Set: 0.37ms
[4455.845s][info][gc,phases      ] GC(1276)   Merge Heap Roots: 0.43ms
[4455.845s][info][gc,phases      ] GC(1276)   Evacuate Collection Set: 118.67ms
[4455.845s][info][gc,phases      ] GC(1276)   Post Evacuate Collection Set: 0.86ms
[4455.845s][info][gc,phases      ] GC(1276)   Other: 0.12ms
[4455.845s][info][gc,heap        ] GC(1276) Eden regions: 1119->0(1115)
[4455.845s][info][gc,heap        ] GC(1276) Survivor regions: 109->113(154)
[4455.845s][info][gc,heap        ] GC(1276) Old regions: 475->506
[4455.845s][info][gc,heap        ] GC(1276) Humongous regions: 80->80
[4455.845s][info][gc,metaspace   ] GC(1276) Metaspace: 28899K(29248K)->28899K(29248K) NonClass: 24031K(24192K)->24031K(24192K) Class: 4868K(5056K)->4868K(5056K)
[4455.845s][info][gc             ] GC(1276) Pause Young (Concurrent Start) (G1 Evacuation Pause) 3563M->1396M(4096M) 120.583ms
[4455.845s][info][gc             ] GC(1277) Concurrent Mark Cycle
[4455.845s][info][gc,marking     ] GC(1277) Concurrent Scan Root Regions
[4455.845s][info][gc,cpu         ] GC(1276) User=0.71s Sys=0.00s Real=0.12s
[4456.035s][info][gc,marking     ] GC(1277) Concurrent Scan Root Regions 189.739ms
[4456.035s][info][gc,marking     ] GC(1277) Concurrent Mark
[4456.035s][info][gc,marking     ] GC(1277) Concurrent Mark From Roots
[4456.035s][info][gc,task        ] GC(1277) Using 2 workers of 2 for marking
.[4457.051s][info][gc,marking     ] GC(1277) Concurrent Mark From Roots 1015.674ms
[4457.051s][info][gc,marking     ] GC(1277) Concurrent Preclean
[4457.051s][info][gc,marking     ] GC(1277) Concurrent Preclean 0.110ms
[4457.051s][info][gc,start       ] GC(1277) Pause Remark
[4457.058s][info][gc             ] GC(1277) Pause Remark 2520M->2520M(4096M) 6.862ms
[4457.058s][info][gc,cpu         ] GC(1277) User=0.04s Sys=0.00s Real=0.01s
[4457.058s][info][gc,marking     ] GC(1277) Concurrent Mark 1023.605ms
[4457.058s][info][gc,marking     ] GC(1277) Concurrent Rebuild Remembered Sets and Scrub Regions
[4457.418s][info][gc,marking     ] GC(1277) Concurrent Rebuild Remembered Sets and Scrub Regions 359.610ms
[4457.419s][info][gc,start       ] GC(1277) Pause Cleanup
[4457.419s][info][gc             ] GC(1277) Pause Cleanup 2852M->2852M(4096M) 0.120ms
[4457.419s][info][gc,cpu         ] GC(1277) User=0.00s Sys=0.00s Real=0.00s
[4457.419s][info][gc,marking     ] GC(1277) Concurrent Clear Claimed Marks
[4457.419s][info][gc,marking     ] GC(1277) Concurrent Clear Claimed Marks 0.030ms
[4457.419s][info][gc,marking     ] GC(1277) Concurrent Cleanup for Next Mark
[4457.424s][info][gc,marking     ] GC(1277) Concurrent Cleanup for Next Mark 4.817ms
[4457.424s][info][gc             ] GC(1277) Concurrent Mark Cycle 1578.853ms
.[4458.121s][info][gc,start       ] GC(1278) Pause Young (Prepare Mixed) (G1 Evacuation Pause)
[4458.121s][info][gc,task        ] GC(1278) Using 6 workers of 6 for evacuation
[4458.244s][info][gc,phases      ] GC(1278)   Pre Evacuate Collection Set: 0.38ms
[4458.244s][info][gc,phases      ] GC(1278)   Merge Heap Roots: 0.49ms
[4458.244s][info][gc,phases      ] GC(1278)   Evacuate Collection Set: 120.97ms
[4458.244s][info][gc,phases      ] GC(1278)   Post Evacuate Collection Set: 0.91ms
[4458.244s][info][gc,phases      ] GC(1278)   Other: 0.08ms
[4458.244s][info][gc,heap        ] GC(1278) Eden regions: 1115->0(1097)
[4458.244s][info][gc,heap        ] GC(1278) Survivor regions: 113->115(154)
[4458.244s][info][gc,heap        ] GC(1278) Old regions: 506->538
[4458.244s][info][gc,heap        ] GC(1278) Humongous regions: 80->80
[4458.244s][info][gc,metaspace   ] GC(1278) Metaspace: 28899K(29248K)->28899K(29248K) NonClass: 24031K(24192K)->24031K(24192K) Class: 4868K(5056K)->4868K(5056K)
[4458.244s][info][gc             ] GC(1278) Pause Young (Prepare Mixed) (G1 Evacuation Pause) 3626M->1465M(4096M) 122.955ms
[4458.244s][info][gc,cpu         ] GC(1278) User=0.72s Sys=0.00s Real=0.12s
..[4460.401s][info][gc,start       ] GC(1279) Pause Young (Mixed) (G1 Evacuation Pause)
[4460.401s][info][gc,task        ] GC(1279) Using 6 workers of 6 for evacuation
[4460.536s][info][gc,phases      ] GC(1279)   Pre Evacuate Collection Set: 0.37ms
[4460.536s][info][gc,phases      ] GC(1279)   Merge Heap Roots: 0.68ms
[4460.536s][info][gc,phases      ] GC(1279)   Evacuate Collection Set: 132.67ms
[4460.536s][info][gc,phases      ] GC(1279)   Post Evacuate Collection Set: 0.94ms
[4460.536s][info][gc,phases      ] GC(1279)   Other: 0.08ms
[4460.536s][info][gc,heap        ] GC(1279) Eden regions: 1097->0(1118)
[4460.536s][info][gc,heap        ] GC(1279) Survivor regions: 115->110(152)
[4460.536s][info][gc,heap        ] GC(1279) Old regions: 538->475
[4460.536s][info][gc,heap        ] GC(1279) Humongous regions: 80->80
[4460.536s][info][gc,metaspace   ] GC(1279) Metaspace: 28899K(29248K)->28899K(29248K) NonClass: 24031K(24192K)->24031K(24192K) Class: 4868K(5056K)->4868K(5056K)
[4460.536s][info][gc             ] GC(1279) Pause Young (Mixed) (G1 Evacuation Pause) 3659M->1327M(4096M) 134.888ms
[4460.536s][info][gc,cpu         ] GC(1279) User=0.80s Sys=0.00s Real=0.13s
...[4462.768s][info][gc,start       ] GC(1280) Pause Young (Concurrent Start) (G1 Evacuation Pause)
[4462.768s][info][gc,task        ] GC(1280) Using 6 workers of 6 for evacuation
[4462.885s][info][gc,phases      ] GC(1280)   Pre Evacuate Collection Set: 0.38ms
[4462.885s][info][gc,phases      ] GC(1280)   Merge Heap Roots: 0.45ms
[4462.885s][info][gc,phases      ] GC(1280)   Evacuate Collection Set: 114.89ms
[4462.885s][info][gc,phases      ] GC(1280)   Post Evacuate Collection Set: 0.91ms
[4462.885s][info][gc,phases      ] GC(1280)   Other: 0.11ms
[4462.885s][info][gc,heap        ] GC(1280) Eden regions: 1118->0(1119)
[4462.885s][info][gc,heap        ] GC(1280) Survivor regions: 110->109(154)
[4462.885s][info][gc,heap        ] GC(1280) Old regions: 475->507
[4462.885s][info][gc,heap        ] GC(1280) Humongous regions: 80->80
[4462.885s][info][gc,metaspace   ] GC(1280) Metaspace: 28899K(29248K)->28899K(29248K) NonClass: 24031K(24192K)->24031K(24192K) Class: 4868K(5056K)->4868K(5056K)
[4462.885s][info][gc             ] GC(1280) Pause Young (Concurrent Start) (G1 Evacuation Pause) 3563M->1389M(4096M) 116.887ms
[4462.885s][info][gc             ] GC(1281) Concurrent Mark Cycle
[4462.885s][info][gc,marking     ] GC(1281) Concurrent Scan Root Regions
[4462.885s][info][gc,cpu         ] GC(1280) User=0.69s Sys=0.00s Real=0.12s
[4463.097s][info][gc,marking     ] GC(1281) Concurrent Scan Root Regions 212.119ms
[4463.097s][info][gc,marking     ] GC(1281) Concurrent Mark
[4463.097s][info][gc,marking     ] GC(1281) Concurrent Mark From Roots
[4463.097s][info][gc,task        ] GC(1281) Using 2 workers of 2 for marking
.[4464.185s][info][gc,marking     ] GC(1281) Concurrent Mark From Roots 1087.877ms
[4464.185s][info][gc,marking     ] GC(1281) Concurrent Preclean
[4464.185s][info][gc,marking     ] GC(1281) Concurrent Preclean 0.110ms
[4464.186s][info][gc,start       ] GC(1281) Pause Remark
[4464.192s][info][gc             ] GC(1281) Pause Remark 2555M->2555M(4096M) 5.692ms
[4464.192s][info][gc,cpu         ] GC(1281) User=0.03s Sys=0.00s Real=0.01s
[4464.192s][info][gc,marking     ] GC(1281) Concurrent Mark 1094.983ms
[4464.192s][info][gc,marking     ] GC(1281) Concurrent Rebuild Remembered Sets and Scrub Regions
[4464.478s][info][gc,marking     ] GC(1281) Concurrent Rebuild Remembered Sets and Scrub Regions 285.703ms
[4464.479s][info][gc,start       ] GC(1281) Pause Cleanup
[4464.479s][info][gc             ] GC(1281) Pause Cleanup 2865M->2865M(4096M) 0.135ms
[4464.479s][info][gc,cpu         ] GC(1281) User=0.00s Sys=0.00s Real=0.00s
[4464.479s][info][gc,marking     ] GC(1281) Concurrent Clear Claimed Marks
[4464.479s][info][gc,marking     ] GC(1281) Concurrent Clear Claimed Marks 0.024ms
[4464.479s][info][gc,marking     ] GC(1281) Concurrent Cleanup for Next Mark
[4464.491s][info][gc,marking     ] GC(1281) Concurrent Cleanup for Next Mark 12.130ms
[4464.491s][info][gc             ] GC(1281) Concurrent Mark Cycle 1606.422ms
.[4465.126s][info][gc,start       ] GC(1282) Pause Young (Prepare Mixed) (G1 Evacuation Pause)
[4465.126s][info][gc,task        ] GC(1282) Using 6 workers of 6 for evacuation
[4465.249s][info][gc,phases      ] GC(1282)   Pre Evacuate Collection Set: 0.34ms
[4465.249s][info][gc,phases      ] GC(1282)   Merge Heap Roots: 0.58ms
[4465.249s][info][gc,phases      ] GC(1282)   Evacuate Collection Set: 120.40ms
[4465.249s][info][gc,phases      ] GC(1282)   Post Evacuate Collection Set: 0.92ms
[4465.249s][info][gc,phases      ] GC(1282)   Other: 0.09ms
[4465.249s][info][gc,heap        ] GC(1282) Eden regions: 1119->0(1098)
[4465.249s][info][gc,heap        ] GC(1282) Survivor regions: 109->114(154)
[4465.249s][info][gc,heap        ] GC(1282) Old regions: 507->539
[4465.249s][info][gc,heap        ] GC(1282) Humongous regions: 80->80
[4465.249s][info][gc,metaspace   ] GC(1282) Metaspace: 28899K(29248K)->28899K(29248K) NonClass: 24031K(24192K)->24031K(24192K) Class: 4868K(5056K)->4868K(5056K)
[4465.249s][info][gc             ] GC(1282) Pause Young (Prepare Mixed) (G1 Evacuation Pause) 3627M->1463M(4096M) 122.466ms
[4465.249s][info][gc,cpu         ] GC(1282) User=0.72s Sys=0.00s Real=0.13s
..[4467.446s][info][gc,start       ] GC(1283) Pause Young (Mixed) (G1 Evacuation Pause)
[4467.446s][info][gc,task        ] GC(1283) Using 6 workers of 6 for evacuation
[4467.581s][info][gc,phases      ] GC(1283)   Pre Evacuate Collection Set: 0.34ms
[4467.581s][info][gc,phases      ] GC(1283)   Merge Heap Roots: 0.71ms
[4467.581s][info][gc,phases      ] GC(1283)   Evacuate Collection Set: 132.78ms
[4467.581s][info][gc,phases      ] GC(1283)   Post Evacuate Collection Set: 0.92ms
[4467.581s][info][gc,phases      ] GC(1283)   Other: 0.09ms
[4467.581s][info][gc,heap        ] GC(1283) Eden regions: 1098->0(1119)
[4467.581s][info][gc,heap        ] GC(1283) Survivor regions: 114->109(152)
[4467.581s][info][gc,heap        ] GC(1283) Old regions: 539->477
[4467.581s][info][gc,heap        ] GC(1283) Humongous regions: 80->80
[4467.581s][info][gc,metaspace   ] GC(1283) Metaspace: 28899K(29248K)->28899K(29248K) NonClass: 24031K(24192K)->24031K(24192K) Class: 4868K(5056K)->4868K(5056K)
[4467.581s][info][gc             ] GC(1283) Pause Young (Mixed) (G1 Evacuation Pause) 3659M->1329M(4096M) 134.977ms
[4467.581s][info][gc,cpu         ] GC(1283) User=0.80s Sys=0.00s Real=0.14s
...[4469.831s][info][gc,start       ] GC(1284) Pause Young (Concurrent Start) (G1 Evacuation Pause)
[4469.831s][info][gc,task        ] GC(1284) Using 6 workers of 6 for evacuation
[4469.950s][info][gc,phases      ] GC(1284)   Pre Evacuate Collection Set: 0.38ms
[4469.950s][info][gc,phases      ] GC(1284)   Merge Heap Roots: 0.44ms
[4469.950s][info][gc,phases      ] GC(1284)   Evacuate Collection Set: 117.36ms
[4469.950s][info][gc,phases      ] GC(1284)   Post Evacuate Collection Set: 0.82ms
[4469.950s][info][gc,phases      ] GC(1284)   Other: 0.11ms
[4469.950s][info][gc,heap        ] GC(1284) Eden regions: 1119->0(1116)
[4469.950s][info][gc,heap        ] GC(1284) Survivor regions: 109->112(154)
[4469.950s][info][gc,heap        ] GC(1284) Old regions: 477->508
[4469.950s][info][gc,heap        ] GC(1284) Humongous regions: 80->80
[4469.950s][info][gc,metaspace   ] GC(1284) Metaspace: 28899K(29248K)->28899K(29248K) NonClass: 24031K(24192K)->24031K(24192K) Class: 4868K(5056K)->4868K(5056K)
[4469.950s][info][gc             ] GC(1284) Pause Young (Concurrent Start) (G1 Evacuation Pause) 3567M->1399M(4096M) 119.251ms
[4469.950s][info][gc             ] GC(1285) Concurrent Mark Cycle
[4469.950s][info][gc,marking     ] GC(1285) Concurrent Scan Root Regions
[4469.950s][info][gc,cpu         ] GC(1284) User=0.71s Sys=0.00s Real=0.12s
[4470.140s][info][gc,marking     ] GC(1285) Concurrent Scan Root Regions 190.063ms
[4470.140s][info][gc,marking     ] GC(1285) Concurrent Mark
[4470.140s][info][gc,marking     ] GC(1285) Concurrent Mark From Roots
[4470.140s][info][gc,task        ] GC(1285) Using 2 workers of 2 for marking
.[4471.166s][info][gc,marking     ] GC(1285) Concurrent Mark From Roots 1025.808ms
[4471.166s][info][gc,marking     ] GC(1285) Concurrent Preclean
[4471.166s][info][gc,marking     ] GC(1285) Concurrent Preclean 0.112ms
[4471.166s][info][gc,start       ] GC(1285) Pause Remark
[4471.172s][info][gc             ] GC(1285) Pause Remark 2512M->2512M(4096M) 5.753ms
[4471.172s][info][gc,cpu         ] GC(1285) User=0.03s Sys=0.00s Real=0.01s
[4471.172s][info][gc,marking     ] GC(1285) Concurrent Mark 1032.287ms
[4471.172s][info][gc,marking     ] GC(1285) Concurrent Rebuild Remembered Sets and Scrub Regions
[4471.546s][info][gc,marking     ] GC(1285) Concurrent Rebuild Remembered Sets and Scrub Regions 373.162ms
[4471.546s][info][gc,start       ] GC(1285) Pause Cleanup
[4471.546s][info][gc             ] GC(1285) Pause Cleanup 2927M->2927M(4096M) 0.104ms
[4471.546s][info][gc,cpu         ] GC(1285) User=0.00s Sys=0.00s Real=0.00s
[4471.546s][info][gc,marking     ] GC(1285) Concurrent Clear Claimed Marks
[4471.546s][info][gc,marking     ] GC(1285) Concurrent Clear Claimed Marks 0.025ms
[4471.546s][info][gc,marking     ] GC(1285) Concurrent Cleanup for Next Mark
[4471.557s][info][gc,marking     ] GC(1285) Concurrent Cleanup for Next Mark 11.154ms
[4471.557s][info][gc             ] GC(1285) Concurrent Mark Cycle 1607.190ms
.[4472.209s][info][gc,start       ] GC(1286) Pause Young (Prepare Mixed) (G1 Evacuation Pause)
[4472.209s][info][gc,task        ] GC(1286) Using 6 workers of 6 for evacuation
[4472.329s][info][gc,phases      ] GC(1286)   Pre Evacuate Collection Set: 0.34ms
[4472.329s][info][gc,phases      ] GC(1286)   Merge Heap Roots: 0.47ms
[4472.329s][info][gc,phases      ] GC(1286)   Evacuate Collection Set: 118.82ms
[4472.329s][info][gc,phases      ] GC(1286)   Post Evacuate Collection Set: 0.95ms
[4472.329s][info][gc,phases      ] GC(1286)   Other: 0.09ms
[4472.329s][info][gc,heap        ] GC(1286) Eden regions: 1116->0(1098)
[4472.329s][info][gc,heap        ] GC(1286) Survivor regions: 112->114(154)
[4472.329s][info][gc,heap        ] GC(1286) Old regions: 508->539
[4472.329s][info][gc,heap        ] GC(1286) Humongous regions: 80->80
[4472.329s][info][gc,metaspace   ] GC(1286) Metaspace: 28899K(29248K)->28899K(29248K) NonClass: 24031K(24192K)->24031K(24192K) Class: 4868K(5056K)->4868K(5056K)
[4472.329s][info][gc             ] GC(1286) Pause Young (Prepare Mixed) (G1 Evacuation Pause) 3631M->1464M(4096M) 120.796ms
[4472.329s][info][gc,cpu         ] GC(1286) User=0.71s Sys=0.00s Real=0.12s
..[4474.529s][info][gc,start       ] GC(1287) Pause Young (Mixed) (G1 Evacuation Pause)
[4474.529s][info][gc,task        ] GC(1287) Using 6 workers of 6 for evacuation
[4474.668s][info][gc,phases      ] GC(1287)   Pre Evacuate Collection Set: 0.37ms
[4474.668s][info][gc,phases      ] GC(1287)   Merge Heap Roots: 0.66ms
[4474.668s][info][gc,phases      ] GC(1287)   Evacuate Collection Set: 137.39ms
[4474.668s][info][gc,phases      ] GC(1287)   Post Evacuate Collection Set: 0.98ms
[4474.668s][info][gc,phases      ] GC(1287)   Other: 0.09ms
[4474.668s][info][gc,heap        ] GC(1287) Eden regions: 1098->0(1115)
[4474.668s][info][gc,heap        ] GC(1287) Survivor regions: 114->113(152)
[4474.668s][info][gc,heap        ] GC(1287) Old regions: 539->475
[4474.668s][info][gc,heap        ] GC(1287) Humongous regions: 80->80
[4474.668s][info][gc,metaspace   ] GC(1287) Metaspace: 28899K(29248K)->28899K(29248K) NonClass: 24031K(24192K)->24031K(24192K) Class: 4868K(5056K)->4868K(5056K)
[4474.668s][info][gc             ] GC(1287) Pause Young (Mixed) (G1 Evacuation Pause) 3660M->1334M(4096M) 139.616ms
[4474.668s][info][gc,cpu         ] GC(1287) User=0.82s Sys=0.00s Real=0.14s
...[4476.923s][info][gc,start       ] GC(1288) Pause Young (Concurrent Start) (G1 Evacuation Pause)
[4476.923s][info][gc,task        ] GC(1288) Using 6 workers of 6 for evacuation
[4477.050s][info][gc,phases      ] GC(1288)   Pre Evacuate Collection Set: 0.40ms
[4477.050s][info][gc,phases      ] GC(1288)   Merge Heap Roots: 0.46ms
[4477.050s][info][gc,phases      ] GC(1288)   Evacuate Collection Set: 124.42ms
[4477.050s][info][gc,phases      ] GC(1288)   Post Evacuate Collection Set: 0.89ms
[4477.050s][info][gc,phases      ] GC(1288)   Other: 0.12ms
[4477.050s][info][gc,heap        ] GC(1288) Eden regions: 1115->0(1113)
[4477.050s][info][gc,heap        ] GC(1288) Survivor regions: 113->115(154)
[4477.050s][info][gc,heap        ] GC(1288) Old regions: 475->506
[4477.050s][info][gc,heap        ] GC(1288) Humongous regions: 80->80
[4477.050s][info][gc,metaspace   ] GC(1288) Metaspace: 28899K(29248K)->28899K(29248K) NonClass: 24031K(24192K)->24031K(24192K) Class: 4868K(5056K)->4868K(5056K)
[4477.050s][info][gc             ] GC(1288) Pause Young (Concurrent Start) (G1 Evacuation Pause) 3564M->1401M(4096M) 126.422ms
[4477.050s][info][gc             ] GC(1289) Concurrent Mark Cycle
[4477.050s][info][gc,marking     ] GC(1289) Concurrent Scan Root Regions
[4477.050s][info][gc,cpu         ] GC(1288) User=0.75s Sys=0.00s Real=0.13s
[4477.244s][info][gc,marking     ] GC(1289) Concurrent Scan Root Regions 194.637ms
[4477.244s][info][gc,marking     ] GC(1289) Concurrent Mark
[4477.244s][info][gc,marking     ] GC(1289) Concurrent Mark From Roots
[4477.244s][info][gc,task        ] GC(1289) Using 2 workers of 2 for marking
.[4478.237s][info][gc,marking     ] GC(1289) Concurrent Mark From Roots 992.079ms
[4478.237s][info][gc,marking     ] GC(1289) Concurrent Preclean
[4478.237s][info][gc,marking     ] GC(1289) Concurrent Preclean 0.109ms
[4478.237s][info][gc,start       ] GC(1289) Pause Remark
[4478.243s][info][gc             ] GC(1289) Pause Remark 2489M->2489M(4096M) 6.336ms
[4478.243s][info][gc,cpu         ] GC(1289) User=0.03s Sys=0.00s Real=0.01s
[4478.244s][info][gc,marking     ] GC(1289) Concurrent Mark 999.923ms
[4478.244s][info][gc,marking     ] GC(1289) Concurrent Rebuild Remembered Sets and Scrub Regions
[4478.649s][info][gc,marking     ] GC(1289) Concurrent Rebuild Remembered Sets and Scrub Regions 404.886ms
[4478.651s][info][gc,start       ] GC(1289) Pause Cleanup
[4478.651s][info][gc             ] GC(1289) Pause Cleanup 2933M->2933M(4096M) 0.130ms
[4478.651s][info][gc,cpu         ] GC(1289) User=0.00s Sys=0.00s Real=0.00s
[4478.651s][info][gc,marking     ] GC(1289) Concurrent Clear Claimed Marks
[4478.651s][info][gc,marking     ] GC(1289) Concurrent Clear Claimed Marks 0.029ms
[4478.651s][info][gc,marking     ] GC(1289) Concurrent Cleanup for Next Mark
[4478.673s][info][gc,marking     ] GC(1289) Concurrent Cleanup for Next Mark 22.054ms
[4478.673s][info][gc             ] GC(1289) Concurrent Mark Cycle 1623.351ms
.[4479.299s][info][gc,start       ] GC(1290) Pause Young (Prepare Mixed) (G1 Evacuation Pause)
[4479.299s][info][gc,task        ] GC(1290) Using 6 workers of 6 for evacuation
[4479.416s][info][gc,phases      ] GC(1290)   Pre Evacuate Collection Set: 0.31ms
[4479.416s][info][gc,phases      ] GC(1290)   Merge Heap Roots: 0.50ms
[4479.416s][info][gc,phases      ] GC(1290)   Evacuate Collection Set: 115.07ms
[4479.416s][info][gc,phases      ] GC(1290)   Post Evacuate Collection Set: 0.91ms
[4479.416s][info][gc,phases      ] GC(1290)   Other: 0.09ms
[4479.416s][info][gc,heap        ] GC(1290) Eden regions: 1113->0(1109)
[4479.416s][info][gc,heap        ] GC(1290) Survivor regions: 115->109(154)
[4479.416s][info][gc,heap        ] GC(1290) Old regions: 506->538
[4479.416s][info][gc,heap        ] GC(1290) Humongous regions: 80->80
[4479.416s][info][gc,metaspace   ] GC(1290) Metaspace: 28899K(29248K)->28899K(29248K) NonClass: 24031K(24192K)->24031K(24192K) Class: 4868K(5056K)->4868K(5056K)
[4479.416s][info][gc             ] GC(1290) Pause Young (Prepare Mixed) (G1 Evacuation Pause) 3627M->1452M(4096M) 117.036ms
[4479.416s][info][gc,cpu         ] GC(1290) User=0.70s Sys=0.00s Real=0.11s
..[4481.608s][info][gc,start       ] GC(1291) Pause Young (Mixed) (G1 Evacuation Pause)
[4481.608s][info][gc,task        ] GC(1291) Using 6 workers of 6 for evacuation
[4481.742s][info][gc,phases      ] GC(1291)   Pre Evacuate Collection Set: 0.38ms
[4481.742s][info][gc,phases      ] GC(1291)   Merge Heap Roots: 0.66ms
[4481.742s][info][gc,phases      ] GC(1291)   Evacuate Collection Set: 132.45ms
[4481.743s][info][gc,phases      ] GC(1291)   Post Evacuate Collection Set: 0.96ms
[4481.743s][info][gc,phases      ] GC(1291)   Other: 0.09ms
[4481.743s][info][gc,heap        ] GC(1291) Eden regions: 1109->0(1118)
[4481.743s][info][gc,heap        ] GC(1291) Survivor regions: 109->110(153)
[4481.743s][info][gc,heap        ] GC(1291) Old regions: 538->476
[4481.743s][info][gc,heap        ] GC(1291) Humongous regions: 80->80
[4481.743s][info][gc,metaspace   ] GC(1291) Metaspace: 28899K(29248K)->28899K(29248K) NonClass: 24031K(24192K)->24031K(24192K) Class: 4868K(5056K)->4868K(5056K)
[4481.743s][info][gc             ] GC(1291) Pause Young (Mixed) (G1 Evacuation Pause) 3670M->1330M(4096M) 134.656ms
[4481.743s][info][gc,cpu         ] GC(1291) User=0.80s Sys=0.00s Real=0.14s
...[4483.939s][info][gc,start       ] GC(1292) Pause Young (Concurrent Start) (G1 Evacuation Pause)
[4483.939s][info][gc,task        ] GC(1292) Using 6 workers of 6 for evacuation
[4484.059s][info][gc,phases      ] GC(1292)   Pre Evacuate Collection Set: 0.38ms
[4484.059s][info][gc,phases      ] GC(1292)   Merge Heap Roots: 0.42ms
[4484.059s][info][gc,phases      ] GC(1292)   Evacuate Collection Set: 117.92ms
[4484.059s][info][gc,phases      ] GC(1292)   Post Evacuate Collection Set: 0.87ms
[4484.059s][info][gc,phases      ] GC(1292)   Other: 0.11ms
[4484.059s][info][gc,heap        ] GC(1292) Eden regions: 1118->0(1115)
[4484.059s][info][gc,heap        ] GC(1292) Survivor regions: 110->113(154)
[4484.059s][info][gc,heap        ] GC(1292) Old regions: 476->508
[4484.059s][info][gc,heap        ] GC(1292) Humongous regions: 80->80
[4484.059s][info][gc,metaspace   ] GC(1292) Metaspace: 28899K(29248K)->28899K(29248K) NonClass: 24031K(24192K)->24031K(24192K) Class: 4868K(5056K)->4868K(5056K)
[4484.059s][info][gc             ] GC(1292) Pause Young (Concurrent Start) (G1 Evacuation Pause) 3566M->1399M(4096M) 119.838ms
[4484.059s][info][gc             ] GC(1293) Concurrent Mark Cycle
[4484.059s][info][gc,marking     ] GC(1293) Concurrent Scan Root Regions
[4484.059s][info][gc,cpu         ] GC(1292) User=0.70s Sys=0.01s Real=0.12s
[4484.248s][info][gc,marking     ] GC(1293) Concurrent Scan Root Regions 188.972ms
[4484.248s][info][gc,marking     ] GC(1293) Concurrent Mark
[4484.248s][info][gc,marking     ] GC(1293) Concurrent Mark From Roots
[4484.248s][info][gc,task        ] GC(1293) Using 2 workers of 2 for marking
.[4485.233s][info][gc,marking     ] GC(1293) Concurrent Mark From Roots 985.056ms
[4485.233s][info][gc,marking     ] GC(1293) Concurrent Preclean
[4485.233s][info][gc,marking     ] GC(1293) Concurrent Preclean 0.116ms
[4485.236s][info][gc,start       ] GC(1293) Pause Remark
[4485.242s][info][gc             ] GC(1293) Pause Remark 2473M->2473M(4096M) 5.848ms
[4485.242s][info][gc,cpu         ] GC(1293) User=0.03s Sys=0.00s Real=0.01s
[4485.242s][info][gc,marking     ] GC(1293) Concurrent Mark 994.080ms
[4485.242s][info][gc,marking     ] GC(1293) Concurrent Rebuild Remembered Sets and Scrub Regions
[4485.516s][info][gc,marking     ] GC(1293) Concurrent Rebuild Remembered Sets and Scrub Regions 273.797ms
[4485.516s][info][gc,start       ] GC(1293) Pause Cleanup
[4485.516s][info][gc             ] GC(1293) Pause Cleanup 2785M->2785M(4096M) 0.105ms
[4485.516s][info][gc,cpu         ] GC(1293) User=0.00s Sys=0.00s Real=0.00s
[4485.516s][info][gc,marking     ] GC(1293) Concurrent Clear Claimed Marks
[4485.516s][info][gc,marking     ] GC(1293) Concurrent Clear Claimed Marks 0.020ms
[4485.516s][info][gc,marking     ] GC(1293) Concurrent Cleanup for Next Mark
[4485.522s][info][gc,marking     ] GC(1293) Concurrent Cleanup for Next Mark 5.879ms
[4485.522s][info][gc             ] GC(1293) Concurrent Mark Cycle 1463.238ms
.[4486.336s][info][gc,start       ] GC(1294) Pause Young (Prepare Mixed) (G1 Evacuation Pause)
[4486.336s][info][gc,task        ] GC(1294) Using 6 workers of 6 for evacuation
[4486.453s][info][gc,phases      ] GC(1294)   Pre Evacuate Collection Set: 0.38ms
[4486.453s][info][gc,phases      ] GC(1294)   Merge Heap Roots: 0.54ms
[4486.453s][info][gc,phases      ] GC(1294)   Evacuate Collection Set: 114.52ms
[4486.453s][info][gc,phases      ] GC(1294)   Post Evacuate Collection Set: 0.97ms
[4486.453s][info][gc,phases      ] GC(1294)   Other: 0.09ms
[4486.453s][info][gc,heap        ] GC(1294) Eden regions: 1115->0(1108)
[4486.453s][info][gc,heap        ] GC(1294) Survivor regions: 113->109(154)
[4486.453s][info][gc,heap        ] GC(1294) Old regions: 508->539
[4486.453s][info][gc,heap        ] GC(1294) Humongous regions: 80->80
[4486.453s][info][gc,metaspace   ] GC(1294) Metaspace: 28899K(29248K)->28899K(29248K) NonClass: 24031K(24192K)->24031K(24192K) Class: 4868K(5056K)->4868K(5056K)
[4486.453s][info][gc             ] GC(1294) Pause Young (Prepare Mixed) (G1 Evacuation Pause) 3629M->1454M(4096M) 116.638ms
[4486.453s][info][gc,cpu         ] GC(1294) User=0.69s Sys=0.00s Real=0.12s
..[4488.670s][info][gc,start       ] GC(1295) Pause Young (Mixed) (G1 Evacuation Pause)
[4488.670s][info][gc,task        ] GC(1295) Using 6 workers of 6 for evacuation
[4488.808s][info][gc,phases      ] GC(1295)   Pre Evacuate Collection Set: 0.42ms
[4488.808s][info][gc,phases      ] GC(1295)   Merge Heap Roots: 0.71ms
[4488.808s][info][gc,phases      ] GC(1295)   Evacuate Collection Set: 135.14ms
[4488.808s][info][gc,phases      ] GC(1295)   Post Evacuate Collection Set: 1.00ms
[4488.808s][info][gc,phases      ] GC(1295)   Other: 0.09ms
[4488.808s][info][gc,heap        ] GC(1295) Eden regions: 1108->0(1117)
[4488.808s][info][gc,heap        ] GC(1295) Survivor regions: 109->111(153)
[4488.808s][info][gc,heap        ] GC(1295) Old regions: 539->476
[4488.808s][info][gc,heap        ] GC(1295) Humongous regions: 80->80
[4488.808s][info][gc,metaspace   ] GC(1295) Metaspace: 28899K(29248K)->28899K(29248K) NonClass: 24031K(24192K)->24031K(24192K) Class: 4868K(5056K)->4868K(5056K)
[4488.808s][info][gc             ] GC(1295) Pause Young (Mixed) (G1 Evacuation Pause) 3670M->1331M(4096M) 137.519ms
[4488.808s][info][gc,cpu         ] GC(1295) User=0.81s Sys=0.00s Real=0.13s
...[4491.048s][info][gc,start       ] GC(1296) Pause Young (Concurrent Start) (G1 Evacuation Pause)
[4491.048s][info][gc,task        ] GC(1296) Using 6 workers of 6 for evacuation
[4491.174s][info][gc,phases      ] GC(1296)   Pre Evacuate Collection Set: 0.38ms
[4491.174s][info][gc,phases      ] GC(1296)   Merge Heap Roots: 0.44ms
[4491.174s][info][gc,phases      ] GC(1296)   Evacuate Collection Set: 124.62ms
[4491.174s][info][gc,phases      ] GC(1296)   Post Evacuate Collection Set: 0.88ms
[4491.174s][info][gc,phases      ] GC(1296)   Other: 0.11ms
[4491.174s][info][gc,heap        ] GC(1296) Eden regions: 1117->0(1111)
[4491.174s][info][gc,heap        ] GC(1296) Survivor regions: 111->117(154)
[4491.174s][info][gc,heap        ] GC(1296) Old regions: 476->508
[4491.174s][info][gc,heap        ] GC(1296) Humongous regions: 80->80
[4491.174s][info][gc,metaspace   ] GC(1296) Metaspace: 28899K(29248K)->28899K(29248K) NonClass: 24031K(24192K)->24031K(24192K) Class: 4868K(5056K)->4868K(5056K)
[4491.174s][info][gc             ] GC(1296) Pause Young (Concurrent Start) (G1 Evacuation Pause) 3565M->1407M(4096M) 126.552ms
[4491.174s][info][gc             ] GC(1297) Concurrent Mark Cycle
[4491.174s][info][gc,marking     ] GC(1297) Concurrent Scan Root Regions
[4491.174s][info][gc,cpu         ] GC(1296) User=0.75s Sys=0.00s Real=0.13s
[4491.321s][info][gc,marking     ] GC(1297) Concurrent Scan Root Regions 146.796ms
[4491.321s][info][gc,marking     ] GC(1297) Concurrent Mark
[4491.321s][info][gc,marking     ] GC(1297) Concurrent Mark From Roots
[4491.321s][info][gc,task        ] GC(1297) Using 2 workers of 2 for marking
.[4492.070s][info][gc,marking     ] GC(1297) Concurrent Mark From Roots 748.673ms
[4492.070s][info][gc,marking     ] GC(1297) Concurrent Preclean
[4492.070s][info][gc,marking     ] GC(1297) Concurrent Preclean 0.105ms
[4492.072s][info][gc,start       ] GC(1297) Pause Remark
[4492.076s][info][gc             ] GC(1297) Pause Remark 2159M->2159M(4096M) 3.519ms
[4492.076s][info][gc,cpu         ] GC(1297) User=0.01s Sys=0.00s Real=0.00s
[4492.076s][info][gc,marking     ] GC(1297) Concurrent Mark 754.765ms
[4492.076s][info][gc,marking     ] GC(1297) Concurrent Rebuild Remembered Sets and Scrub Regions
[4492.341s][info][gc,marking     ] GC(1297) Concurrent Rebuild Remembered Sets and Scrub Regions 265.250ms
[4492.341s][info][gc,start       ] GC(1297) Pause Cleanup
[4492.341s][info][gc             ] GC(1297) Pause Cleanup 2447M->2447M(4096M) 0.115ms
[4492.341s][info][gc,cpu         ] GC(1297) User=0.01s Sys=0.00s Real=0.00s
[4492.342s][info][gc,marking     ] GC(1297) Concurrent Clear Claimed Marks
[4492.342s][info][gc,marking     ] GC(1297) Concurrent Clear Claimed Marks 0.020ms
[4492.342s][info][gc,marking     ] GC(1297) Concurrent Cleanup for Next Mark
[4492.346s][info][gc,marking     ] GC(1297) Concurrent Cleanup for Next Mark 4.521ms
[4492.346s][info][gc             ] GC(1297) Concurrent Mark Cycle 1171.834ms
.[4493.379s][info][gc,start       ] GC(1298) Pause Young (Prepare Mixed) (G1 Evacuation Pause)
[4493.379s][info][gc,task        ] GC(1298) Using 6 workers of 6 for evacuation
[4493.498s][info][gc,phases      ] GC(1298)   Pre Evacuate Collection Set: 0.35ms
[4493.498s][info][gc,phases      ] GC(1298)   Merge Heap Roots: 0.45ms
[4493.498s][info][gc,phases      ] GC(1298)   Evacuate Collection Set: 117.31ms
[4493.498s][info][gc,phases      ] GC(1298)   Post Evacuate Collection Set: 0.95ms
[4493.498s][info][gc,phases      ] GC(1298)   Other: 0.10ms
[4493.498s][info][gc,heap        ] GC(1298) Eden regions: 1111->0(1104)
[4493.498s][info][gc,heap        ] GC(1298) Survivor regions: 117->111(154)
[4493.498s][info][gc,heap        ] GC(1298) Old regions: 508->539
[4493.498s][info][gc,heap        ] GC(1298) Humongous regions: 80->80
[4493.498s][info][gc,metaspace   ] GC(1298) Metaspace: 28899K(29248K)->28899K(29248K) NonClass: 24031K(24192K)->24031K(24192K) Class: 4868K(5056K)->4868K(5056K)
[4493.498s][info][gc             ] GC(1298) Pause Young (Prepare Mixed) (G1 Evacuation Pause) 3629M->1458M(4096M) 119.298ms
[4493.498s][info][gc,cpu         ] GC(1298) User=0.70s Sys=0.00s Real=0.12s
..[4495.677s][info][gc,start       ] GC(1299) Pause Young (Mixed) (G1 Evacuation Pause)
[4495.677s][info][gc,task        ] GC(1299) Using 6 workers of 6 for evacuation
[4495.808s][info][gc,phases      ] GC(1299)   Pre Evacuate Collection Set: 0.41ms
[4495.808s][info][gc,phases      ] GC(1299)   Merge Heap Roots: 0.68ms
[4495.808s][info][gc,phases      ] GC(1299)   Evacuate Collection Set: 129.06ms
[4495.808s][info][gc,phases      ] GC(1299)   Post Evacuate Collection Set: 0.96ms
[4495.808s][info][gc,phases      ] GC(1299)   Other: 0.09ms
[4495.808s][info][gc,heap        ] GC(1299) Eden regions: 1104->0(1119)
[4495.808s][info][gc,heap        ] GC(1299) Survivor regions: 111->109(152)
[4495.808s][info][gc,heap        ] GC(1299) Old regions: 539->476
[4495.808s][info][gc,heap        ] GC(1299) Humongous regions: 80->80
[4495.808s][info][gc,metaspace   ] GC(1299) Metaspace: 28899K(29248K)->28899K(29248K) NonClass: 24031K(24192K)->24031K(24192K) Class: 4868K(5056K)->4868K(5056K)
[4495.808s][info][gc             ] GC(1299) Pause Young (Mixed) (G1 Evacuation Pause) 3666M->1329M(4096M) 131.332ms
[4495.808s][info][gc,cpu         ] GC(1299) User=0.78s Sys=0.00s Real=0.13s
...[4498.045s][info][gc,start       ] GC(1300) Pause Young (Concurrent Start) (G1 Evacuation Pause)
[4498.045s][info][gc,task        ] GC(1300) Using 6 workers of 6 for evacuation
[4498.161s][info][gc,phases      ] GC(1300)   Pre Evacuate Collection Set: 0.41ms
[4498.161s][info][gc,phases      ] GC(1300)   Merge Heap Roots: 0.44ms
[4498.161s][info][gc,phases      ] GC(1300)   Evacuate Collection Set: 113.50ms
[4498.161s][info][gc,phases      ] GC(1300)   Post Evacuate Collection Set: 0.89ms
[4498.161s][info][gc,phases      ] GC(1300)   Other: 0.13ms
[4498.161s][info][gc,heap        ] GC(1300) Eden regions: 1119->0(1118)
[4498.161s][info][gc,heap        ] GC(1300) Survivor regions: 109->110(154)
[4498.161s][info][gc,heap        ] GC(1300) Old regions: 476->508
[4498.161s][info][gc,heap        ] GC(1300) Humongous regions: 80->80
[4498.161s][info][gc,metaspace   ] GC(1300) Metaspace: 28899K(29248K)->28899K(29248K) NonClass: 24031K(24192K)->24031K(24192K) Class: 4868K(5056K)->4868K(5056K)
[4498.161s][info][gc             ] GC(1300) Pause Young (Concurrent Start) (G1 Evacuation Pause) 3567M->1394M(4096M) 115.494ms
[4498.161s][info][gc             ] GC(1301) Concurrent Mark Cycle
[4498.161s][info][gc,marking     ] GC(1301) Concurrent Scan Root Regions
[4498.161s][info][gc,cpu         ] GC(1300) User=0.68s Sys=0.00s Real=0.12s
[4498.313s][info][gc,marking     ] GC(1301) Concurrent Scan Root Regions 151.570ms
[4498.313s][info][gc,marking     ] GC(1301) Concurrent Mark
[4498.313s][info][gc,marking     ] GC(1301) Concurrent Mark From Roots
[4498.313s][info][gc,task        ] GC(1301) Using 2 workers of 2 for marking
. (rIR:aIR:PR = 8025:7992:7992) (tPR = 118855) [OK] 
  4498s: Performance info:
         Transaction,    Success,    Partial,     Failed,   Receipts, AvgBarcode, 
             Overall,     479737,          0,          0,     455684,      59.48, 
         Response times:
             Request,    Success,    Partial,     Failed,   SkipFail,     Probes,    Samples,      min,      p50,      p90,      p95,      p99,      max, 
       TotalPurchase,     455658,          0,          0,          0,     345584,     485203,      200,     7500,   135000,   184000,   255000,   522000,
     InStorePurchase,     239892,          0,          0,          0,     181951,     255364,      300,     7400,   134000,   183000,   250000,   516000,
      OnlinePurchase,     167767,          0,          0,          0,     127228,     178946,      200,     7600,   135000,   185000,   269000,   522000,
        InstPurchase,      47999,          0,          0,          0,      36405,      50893,      300,     7700,   133000,   180000,   250000,   514000,
          AssocOfCat,        475,          0,          0,          0,        365,        590,    25000,    47000,   195900,   235450,   351720,   411000,
      AssocOfProduct,       4812,          0,          0,          0,       3247,       4757,      800,     8300,   141000,   182100,   258000,   352000,
      BusinessReport,       1199,          0,          0,          0,       1048,       1586,    27000,    53000,   192000,   236650,   337560,   540000,
          CustBuyBeh,       4823,          0,          0,          0,       3275,       4678,      200,     7800,   131000,   173050,   237000,   430000,
       ProductReturn,      12741,          0,          0,          0,       9719,      13764,      200,     8200,   139000,   187000,   262000,   427000,

  4498s: (59%)   IR =   8164 [4499.148s][info][gc,marking     ] GC(1301) Concurrent Mark From Roots 835.332ms
[4499.148s][info][gc,marking     ] GC(1301) Concurrent Preclean
[4499.148s][info][gc,marking     ] GC(1301) Concurrent Preclean 0.099ms
[4499.149s][info][gc,start       ] GC(1301) Pause Remark
[4499.155s][info][gc             ] GC(1301) Pause Remark 2340M->2340M(4096M) 5.582ms
[4499.155s][info][gc,cpu         ] GC(1301) User=0.03s Sys=0.00s Real=0.00s
[4499.156s][info][gc,marking     ] GC(1301) Concurrent Mark 843.175ms
[4499.156s][info][gc,marking     ] GC(1301) Concurrent Rebuild Remembered Sets and Scrub Regions
[4499.424s][info][gc,marking     ] GC(1301) Concurrent Rebuild Remembered Sets and Scrub Regions 268.127ms
[4499.424s][info][gc,start       ] GC(1301) Pause Cleanup
[4499.424s][info][gc             ] GC(1301) Pause Cleanup 2597M->2597M(4096M) 0.104ms
[4499.424s][info][gc,cpu         ] GC(1301) User=0.00s Sys=0.00s Real=0.00s
[4499.424s][info][gc,marking     ] GC(1301) Concurrent Clear Claimed Marks
[4499.424s][info][gc,marking     ] GC(1301) Concurrent Clear Claimed Marks 0.023ms
[4499.424s][info][gc,marking     ] GC(1301) Concurrent Cleanup for Next Mark
[4499.430s][info][gc,marking     ] GC(1301) Concurrent Cleanup for Next Mark 5.407ms
[4499.430s][info][gc             ] GC(1301) Concurrent Mark Cycle 1268.805ms
.[4500.491s][info][gc,start       ] GC(1302) Pause Young (Prepare Mixed) (G1 Evacuation Pause)
[4500.491s][info][gc,task        ] GC(1302) Using 6 workers of 6 for evacuation
[4500.610s][info][gc,phases      ] GC(1302)   Pre Evacuate Collection Set: 0.35ms
[4500.610s][info][gc,phases      ] GC(1302)   Merge Heap Roots: 0.48ms
[4500.610s][info][gc,phases      ] GC(1302)   Evacuate Collection Set: 116.72ms
[4500.610s][info][gc,phases      ] GC(1302)   Post Evacuate Collection Set: 0.94ms
[4500.610s][info][gc,phases      ] GC(1302)   Other: 0.08ms
[4500.610s][info][gc,heap        ] GC(1302) Eden regions: 1118->0(1101)
[4500.610s][info][gc,heap        ] GC(1302) Survivor regions: 110->112(154)
[4500.610s][info][gc,heap        ] GC(1302) Old regions: 508->540
[4500.610s][info][gc,heap        ] GC(1302) Humongous regions: 80->80
[4500.610s][info][gc,metaspace   ] GC(1302) Metaspace: 28900K(29248K)->28900K(29248K) NonClass: 24032K(24192K)->24032K(24192K) Class: 4868K(5056K)->4868K(5056K)
[4500.610s][info][gc             ] GC(1302) Pause Young (Prepare Mixed) (G1 Evacuation Pause) 3630M->1461M(4096M) 118.717ms
[4500.610s][info][gc,cpu         ] GC(1302) User=0.70s Sys=0.00s Real=0.12s
..[4502.760s][info][gc,start       ] GC(1303) Pause Young (Mixed) (G1 Evacuation Pause)
[4502.760s][info][gc,task        ] GC(1303) Using 6 workers of 6 for evacuation
[4502.893s][info][gc,phases      ] GC(1303)   Pre Evacuate Collection Set: 0.41ms
[4502.893s][info][gc,phases      ] GC(1303)   Merge Heap Roots: 0.63ms
[4502.893s][info][gc,phases      ] GC(1303)   Evacuate Collection Set: 130.68ms
[4502.893s][info][gc,phases      ] GC(1303)   Post Evacuate Collection Set: 1.01ms
[4502.893s][info][gc,phases      ] GC(1303)   Other: 0.09ms
[4502.893s][info][gc,heap        ] GC(1303) Eden regions: 1101->0(1118)
[4502.893s][info][gc,heap        ] GC(1303) Survivor regions: 112->110(152)
[4502.893s][info][gc,heap        ] GC(1303) Old regions: 540->476
[4502.893s][info][gc,heap        ] GC(1303) Humongous regions: 80->80
[4502.893s][info][gc,metaspace   ] GC(1303) Metaspace: 28900K(29248K)->28900K(29248K) NonClass: 24032K(24192K)->24032K(24192K) Class: 4868K(5056K)->4868K(5056K)
[4502.893s][info][gc             ] GC(1303) Pause Young (Mixed) (G1 Evacuation Pause) 3663M->1330M(4096M) 132.948ms
[4502.893s][info][gc,cpu         ] GC(1303) User=0.79s Sys=0.00s Real=0.13s
..[4505.070s][info][gc,start       ] GC(1304) Pause Young (Concurrent Start) (G1 Evacuation Pause)
[4505.070s][info][gc,task        ] GC(1304) Using 6 workers of 6 for evacuation
[4505.191s][info][gc,phases      ] GC(1304)   Pre Evacuate Collection Set: 0.36ms
[4505.191s][info][gc,phases      ] GC(1304)   Merge Heap Roots: 0.43ms
[4505.191s][info][gc,phases      ] GC(1304)   Evacuate Collection Set: 118.61ms
[4505.191s][info][gc,phases      ] GC(1304)   Post Evacuate Collection Set: 0.88ms
[4505.191s][info][gc,phases      ] GC(1304)   Other: 0.12ms
[4505.191s][info][gc,heap        ] GC(1304) Eden regions: 1118->0(1115)
[4505.191s][info][gc,heap        ] GC(1304) Survivor regions: 110->113(154)
[4505.191s][info][gc,heap        ] GC(1304) Old regions: 476->509
[4505.191s][info][gc,heap        ] GC(1304) Humongous regions: 80->80
[4505.191s][info][gc,metaspace   ] GC(1304) Metaspace: 28900K(29248K)->28900K(29248K) NonClass: 24032K(24192K)->24032K(24192K) Class: 4868K(5056K)->4868K(5056K)
[4505.191s][info][gc             ] GC(1304) Pause Young (Concurrent Start) (G1 Evacuation Pause) 3566M->1401M(4096M) 120.533ms
[4505.191s][info][gc             ] GC(1305) Concurrent Mark Cycle
[4505.191s][info][gc,marking     ] GC(1305) Concurrent Scan Root Regions
[4505.191s][info][gc,cpu         ] GC(1304) User=0.71s Sys=0.00s Real=0.12s
.[4505.337s][info][gc,marking     ] GC(1305) Concurrent Scan Root Regions 146.045ms
[4505.337s][info][gc,marking     ] GC(1305) Concurrent Mark
[4505.337s][info][gc,marking     ] GC(1305) Concurrent Mark From Roots
[4505.337s][info][gc,task        ] GC(1305) Using 2 workers of 2 for marking
[4506.052s][info][gc,marking     ] GC(1305) Concurrent Mark From Roots 715.293ms
[4506.052s][info][gc,marking     ] GC(1305) Concurrent Preclean
[4506.052s][info][gc,marking     ] GC(1305) Concurrent Preclean 0.125ms
[4506.054s][info][gc,start       ] GC(1305) Pause Remark
[4506.060s][info][gc             ] GC(1305) Pause Remark 2195M->2195M(4096M) 6.182ms
[4506.060s][info][gc,cpu         ] GC(1305) User=0.04s Sys=0.00s Real=0.01s
[4506.061s][info][gc,marking     ] GC(1305) Concurrent Mark 723.661ms
[4506.061s][info][gc,marking     ] GC(1305) Concurrent Rebuild Remembered Sets and Scrub Regions
.[4506.459s][info][gc,marking     ] GC(1305) Concurrent Rebuild Remembered Sets and Scrub Regions 398.843ms
[4506.461s][info][gc,start       ] GC(1305) Pause Cleanup
[4506.461s][info][gc             ] GC(1305) Pause Cleanup 2669M->2669M(4096M) 0.123ms
[4506.461s][info][gc,cpu         ] GC(1305) User=0.01s Sys=0.00s Real=0.00s
[4506.461s][info][gc,marking     ] GC(1305) Concurrent Clear Claimed Marks
[4506.461s][info][gc,marking     ] GC(1305) Concurrent Clear Claimed Marks 0.041ms
[4506.461s][info][gc,marking     ] GC(1305) Concurrent Cleanup for Next Mark
[4506.466s][info][gc,marking     ] GC(1305) Concurrent Cleanup for Next Mark 4.717ms
[4506.466s][info][gc             ] GC(1305) Concurrent Mark Cycle 1275.255ms
[4507.364s][info][gc,start       ] GC(1306) Pause Young (Prepare Mixed) (G1 Evacuation Pause)
[4507.364s][info][gc,task        ] GC(1306) Using 6 workers of 6 for evacuation
[4507.485s][info][gc,phases      ] GC(1306)   Pre Evacuate Collection Set: 0.34ms
[4507.485s][info][gc,phases      ] GC(1306)   Merge Heap Roots: 0.51ms
[4507.485s][info][gc,phases      ] GC(1306)   Evacuate Collection Set: 118.70ms
[4507.485s][info][gc,phases      ] GC(1306)   Post Evacuate Collection Set: 0.94ms
[4507.485s][info][gc,phases      ] GC(1306)   Other: 0.09ms
[4507.485s][info][gc,heap        ] GC(1306) Eden regions: 1115->0(1100)
[4507.485s][info][gc,heap        ] GC(1306) Survivor regions: 113->112(154)
[4507.485s][info][gc,heap        ] GC(1306) Old regions: 509->541
[4507.485s][info][gc,heap        ] GC(1306) Humongous regions: 80->80
[4507.485s][info][gc,metaspace   ] GC(1306) Metaspace: 28900K(29248K)->28900K(29248K) NonClass: 24032K(24192K)->24032K(24192K) Class: 4868K(5056K)->4868K(5056K)
[4507.485s][info][gc             ] GC(1306) Pause Young (Prepare Mixed) (G1 Evacuation Pause) 3631M->1464M(4096M) 120.716ms
[4507.485s][info][gc,cpu         ] GC(1306) User=0.71s Sys=0.00s Real=0.12s
...[4509.723s][info][gc,start       ] GC(1307) Pause Young (Mixed) (G1 Evacuation Pause)
[4509.723s][info][gc,task        ] GC(1307) Using 6 workers of 6 for evacuation
[4509.861s][info][gc,phases      ] GC(1307)   Pre Evacuate Collection Set: 0.36ms
[4509.861s][info][gc,phases      ] GC(1307)   Merge Heap Roots: 0.70ms
[4509.861s][info][gc,phases      ] GC(1307)   Evacuate Collection Set: 135.86ms
[4509.861s][info][gc,phases      ] GC(1307)   Post Evacuate Collection Set: 0.94ms
[4509.861s][info][gc,phases      ] GC(1307)   Other: 0.09ms
[4509.861s][info][gc,heap        ] GC(1307) Eden regions: 1100->0(1115)
[4509.861s][info][gc,heap        ] GC(1307) Survivor regions: 112->113(152)
[4509.861s][info][gc,heap        ] GC(1307) Old regions: 541->477
[4509.861s][info][gc,heap        ] GC(1307) Humongous regions: 80->80
[4509.861s][info][gc,metaspace   ] GC(1307) Metaspace: 28900K(29248K)->28900K(29248K) NonClass: 24032K(24192K)->24032K(24192K) Class: 4868K(5056K)->4868K(5056K)
[4509.861s][info][gc             ] GC(1307) Pause Young (Mixed) (G1 Evacuation Pause) 3664M->1338M(4096M) 138.070ms
[4509.861s][info][gc,cpu         ] GC(1307) User=0.82s Sys=0.00s Real=0.14s
.|.[4511.936s][info][gc,start       ] GC(1308) Pause Young (Concurrent Start) (G1 Evacuation Pause)
[4511.936s][info][gc,task        ] GC(1308) Using 6 workers of 6 for evacuation
[4512.053s][info][gc,phases      ] GC(1308)   Pre Evacuate Collection Set: 0.36ms
[4512.053s][info][gc,phases      ] GC(1308)   Merge Heap Roots: 0.44ms
[4512.053s][info][gc,phases      ] GC(1308)   Evacuate Collection Set: 115.18ms
[4512.053s][info][gc,phases      ] GC(1308)   Post Evacuate Collection Set: 0.89ms
[4512.053s][info][gc,phases      ] GC(1308)   Other: 0.11ms
[4512.053s][info][gc,heap        ] GC(1308) Eden regions: 1115->0(1118)
[4512.053s][info][gc,heap        ] GC(1308) Survivor regions: 113->110(154)
[4512.053s][info][gc,heap        ] GC(1308) Old regions: 477->509
[4512.053s][info][gc,heap        ] GC(1308) Humongous regions: 80->80
[4512.053s][info][gc,metaspace   ] GC(1308) Metaspace: 28900K(29248K)->28900K(29248K) NonClass: 24032K(24192K)->24032K(24192K) Class: 4868K(5056K)->4868K(5056K)
[4512.053s][info][gc             ] GC(1308) Pause Young (Concurrent Start) (G1 Evacuation Pause) 3568M->1396M(4096M) 117.099ms
[4512.053s][info][gc             ] GC(1309) Concurrent Mark Cycle
[4512.053s][info][gc,marking     ] GC(1309) Concurrent Scan Root Regions
[4512.053s][info][gc,cpu         ] GC(1308) User=0.69s Sys=0.00s Real=0.12s
[4512.257s][info][gc,marking     ] GC(1309) Concurrent Scan Root Regions 203.952ms
[4512.257s][info][gc,marking     ] GC(1309) Concurrent Mark
[4512.257s][info][gc,marking     ] GC(1309) Concurrent Mark From Roots
[4512.257s][info][gc,task        ] GC(1309) Using 2 workers of 2 for marking
.[4513.265s][info][gc,marking     ] GC(1309) Concurrent Mark From Roots 1007.699ms
[4513.265s][info][gc,marking     ] GC(1309) Concurrent Preclean
[4513.265s][info][gc,marking     ] GC(1309) Concurrent Preclean 0.128ms
[4513.267s][info][gc,start       ] GC(1309) Pause Remark
[4513.273s][info][gc             ] GC(1309) Pause Remark 2574M->2574M(4096M) 5.998ms
[4513.273s][info][gc,cpu         ] GC(1309) User=0.03s Sys=0.00s Real=0.01s
[4513.273s][info][gc,marking     ] GC(1309) Concurrent Mark 1016.317ms
[4513.273s][info][gc,marking     ] GC(1309) Concurrent Rebuild Remembered Sets and Scrub Regions
[4513.554s][info][gc,marking     ] GC(1309) Concurrent Rebuild Remembered Sets and Scrub Regions 280.457ms
[4513.555s][info][gc,start       ] GC(1309) Pause Cleanup
[4513.555s][info][gc             ] GC(1309) Pause Cleanup 2868M->2868M(4096M) 0.141ms
[4513.555s][info][gc,cpu         ] GC(1309) User=0.00s Sys=0.00s Real=0.00s
[4513.555s][info][gc,marking     ] GC(1309) Concurrent Clear Claimed Marks
[4513.555s][info][gc,marking     ] GC(1309) Concurrent Clear Claimed Marks 0.020ms
[4513.555s][info][gc,marking     ] GC(1309) Concurrent Cleanup for Next Mark
[4513.560s][info][gc,marking     ] GC(1309) Concurrent Cleanup for Next Mark 4.536ms
[4513.560s][info][gc             ] GC(1309) Concurrent Mark Cycle 1506.901ms
.[4514.305s][info][gc,start       ] GC(1310) Pause Young (Prepare Mixed) (G1 Evacuation Pause)
[4514.305s][info][gc,task        ] GC(1310) Using 6 workers of 6 for evacuation
[4514.424s][info][gc,phases      ] GC(1310)   Pre Evacuate Collection Set: 0.34ms
[4514.424s][info][gc,phases      ] GC(1310)   Merge Heap Roots: 0.47ms
[4514.424s][info][gc,phases      ] GC(1310)   Evacuate Collection Set: 116.43ms
[4514.424s][info][gc,phases      ] GC(1310)   Post Evacuate Collection Set: 0.90ms
[4514.424s][info][gc,phases      ] GC(1310)   Other: 0.09ms
[4514.424s][info][gc,heap        ] GC(1310) Eden regions: 1118->0(1102)
[4514.424s][info][gc,heap        ] GC(1310) Survivor regions: 110->111(154)
[4514.424s][info][gc,heap        ] GC(1310) Old regions: 509->541
[4514.424s][info][gc,heap        ] GC(1310) Humongous regions: 80->80
[4514.424s][info][gc,metaspace   ] GC(1310) Metaspace: 28900K(29248K)->28900K(29248K) NonClass: 24032K(24192K)->24032K(24192K) Class: 4868K(5056K)->4868K(5056K)
[4514.424s][info][gc             ] GC(1310) Pause Young (Prepare Mixed) (G1 Evacuation Pause) 3632M->1461M(4096M) 118.356ms
[4514.424s][info][gc,cpu         ] GC(1310) User=0.70s Sys=0.00s Real=0.12s
..[4516.569s][info][gc,start       ] GC(1311) Pause Young (Mixed) (G1 Evacuation Pause)
[4516.569s][info][gc,task        ] GC(1311) Using 6 workers of 6 for evacuation
[4516.698s][info][gc,phases      ] GC(1311)   Pre Evacuate Collection Set: 0.38ms
[4516.698s][info][gc,phases      ] GC(1311)   Merge Heap Roots: 0.61ms
[4516.698s][info][gc,phases      ] GC(1311)   Evacuate Collection Set: 127.50ms
[4516.698s][info][gc,phases      ] GC(1311)   Post Evacuate Collection Set: 0.96ms
[4516.698s][info][gc,phases      ] GC(1311)   Other: 0.08ms
[4516.698s][info][gc,heap        ] GC(1311) Eden regions: 1102->0(1119)
[4516.698s][info][gc,heap        ] GC(1311) Survivor regions: 111->109(152)
[4516.698s][info][gc,heap        ] GC(1311) Old regions: 541->475
[4516.698s][info][gc,heap        ] GC(1311) Humongous regions: 80->80
[4516.698s][info][gc,metaspace   ] GC(1311) Metaspace: 28900K(29248K)->28900K(29248K) NonClass: 24032K(24192K)->24032K(24192K) Class: 4868K(5056K)->4868K(5056K)
[4516.698s][info][gc             ] GC(1311) Pause Young (Mixed) (G1 Evacuation Pause) 3665M->1327M(4096M) 129.682ms
[4516.698s][info][gc,cpu         ] GC(1311) User=0.76s Sys=0.00s Real=0.13s
...[4518.887s][info][gc,start       ] GC(1312) Pause Young (Concurrent Start) (G1 Evacuation Pause)
[4518.887s][info][gc,task        ] GC(1312) Using 6 workers of 6 for evacuation
[4519.004s][info][gc,phases      ] GC(1312)   Pre Evacuate Collection Set: 0.37ms
[4519.004s][info][gc,phases      ] GC(1312)   Merge Heap Roots: 0.42ms
[4519.004s][info][gc,phases      ] GC(1312)   Evacuate Collection Set: 115.32ms
[4519.004s][info][gc,phases      ] GC(1312)   Post Evacuate Collection Set: 0.88ms
[4519.004s][info][gc,phases      ] GC(1312)   Other: 0.11ms
[4519.004s][info][gc,heap        ] GC(1312) Eden regions: 1119->0(1119)
[4519.004s][info][gc,heap        ] GC(1312) Survivor regions: 109->109(154)
[4519.004s][info][gc,heap        ] GC(1312) Old regions: 475->509
[4519.004s][info][gc,heap        ] GC(1312) Humongous regions: 80->80
[4519.004s][info][gc,metaspace   ] GC(1312) Metaspace: 28900K(29248K)->28900K(29248K) NonClass: 24032K(24192K)->24032K(24192K) Class: 4868K(5056K)->4868K(5056K)
[4519.004s][info][gc             ] GC(1312) Pause Young (Concurrent Start) (G1 Evacuation Pause) 3565M->1394M(4096M) 117.268ms
[4519.004s][info][gc             ] GC(1313) Concurrent Mark Cycle
[4519.004s][info][gc,marking     ] GC(1313) Concurrent Scan Root Regions
[4519.004s][info][gc,cpu         ] GC(1312) User=0.69s Sys=0.00s Real=0.12s
[4519.243s][info][gc,marking     ] GC(1313) Concurrent Scan Root Regions 238.381ms
[4519.243s][info][gc,marking     ] GC(1313) Concurrent Mark
[4519.243s][info][gc,marking     ] GC(1313) Concurrent Mark From Roots
[4519.243s][info][gc,task        ] GC(1313) Using 2 workers of 2 for marking
.[4520.260s][info][gc,marking     ] GC(1313) Concurrent Mark From Roots 1017.521ms
[4520.260s][info][gc,marking     ] GC(1313) Concurrent Preclean
[4520.260s][info][gc,marking     ] GC(1313) Concurrent Preclean 0.122ms
[4520.263s][info][gc,start       ] GC(1313) Pause Remark
[4520.269s][info][gc             ] GC(1313) Pause Remark 2644M->2644M(4096M) 5.557ms
[4520.269s][info][gc,cpu         ] GC(1313) User=0.03s Sys=0.00s Real=0.01s
[4520.270s][info][gc,marking     ] GC(1313) Concurrent Mark 1027.235ms
[4520.270s][info][gc,marking     ] GC(1313) Concurrent Rebuild Remembered Sets and Scrub Regions
[4520.630s][info][gc,marking     ] GC(1313) Concurrent Rebuild Remembered Sets and Scrub Regions 360.497ms
[4520.631s][info][gc,start       ] GC(1313) Pause Cleanup
[4520.631s][info][gc             ] GC(1313) Pause Cleanup 3035M->3035M(4096M) 0.116ms
[4520.631s][info][gc,cpu         ] GC(1313) User=0.00s Sys=0.00s Real=0.00s
[4520.631s][info][gc,marking     ] GC(1313) Concurrent Clear Claimed Marks
[4520.631s][info][gc,marking     ] GC(1313) Concurrent Clear Claimed Marks 0.026ms
[4520.631s][info][gc,marking     ] GC(1313) Concurrent Cleanup for Next Mark
[4520.634s][info][gc,marking     ] GC(1313) Concurrent Cleanup for Next Mark 3.566ms
[4520.634s][info][gc             ] GC(1313) Concurrent Mark Cycle 1630.205ms
.[4521.212s][info][gc,start       ] GC(1314) Pause Young (Prepare Mixed) (G1 Evacuation Pause)
[4521.212s][info][gc,task        ] GC(1314) Using 6 workers of 6 for evacuation
[4521.331s][info][gc,phases      ] GC(1314)   Pre Evacuate Collection Set: 0.36ms
[4521.331s][info][gc,phases      ] GC(1314)   Merge Heap Roots: 0.49ms
[4521.331s][info][gc,phases      ] GC(1314)   Evacuate Collection Set: 116.42ms
[4521.331s][info][gc,phases      ] GC(1314)   Post Evacuate Collection Set: 0.94ms
[4521.331s][info][gc,phases      ] GC(1314)   Other: 0.09ms
[4521.331s][info][gc,heap        ] GC(1314) Eden regions: 1119->0(1098)
[4521.331s][info][gc,heap        ] GC(1314) Survivor regions: 109->113(154)
[4521.331s][info][gc,heap        ] GC(1314) Old regions: 509->541
[4521.331s][info][gc,heap        ] GC(1314) Humongous regions: 80->80
[4521.331s][info][gc,metaspace   ] GC(1314) Metaspace: 28900K(29248K)->28900K(29248K) NonClass: 24032K(24192K)->24032K(24192K) Class: 4868K(5056K)->4868K(5056K)
[4521.331s][info][gc             ] GC(1314) Pause Young (Prepare Mixed) (G1 Evacuation Pause) 3632M->1465M(4096M) 118.420ms
[4521.331s][info][gc,cpu         ] GC(1314) User=0.70s Sys=0.00s Real=0.12s
..[4523.442s][info][gc,start       ] GC(1315) Pause Young (Mixed) (G1 Evacuation Pause)
[4523.442s][info][gc,task        ] GC(1315) Using 6 workers of 6 for evacuation
[4523.576s][info][gc,phases      ] GC(1315)   Pre Evacuate Collection Set: 0.39ms
[4523.576s][info][gc,phases      ] GC(1315)   Merge Heap Roots: 0.73ms
[4523.576s][info][gc,phases      ] GC(1315)   Evacuate Collection Set: 131.97ms
[4523.576s][info][gc,phases      ] GC(1315)   Post Evacuate Collection Set: 0.95ms
[4523.576s][info][gc,phases      ] GC(1315)   Other: 0.08ms
[4523.576s][info][gc,heap        ] GC(1315) Eden regions: 1098->0(1120)
[4523.576s][info][gc,heap        ] GC(1315) Survivor regions: 113->108(152)
[4523.576s][info][gc,heap        ] GC(1315) Old regions: 541->478
[4523.576s][info][gc,heap        ] GC(1315) Humongous regions: 80->80
[4523.576s][info][gc,metaspace   ] GC(1315) Metaspace: 28900K(29248K)->28900K(29248K) NonClass: 24032K(24192K)->24032K(24192K) Class: 4868K(5056K)->4868K(5056K)
[4523.576s][info][gc             ] GC(1315) Pause Young (Mixed) (G1 Evacuation Pause) 3661M->1329M(4096M) 134.252ms
[4523.577s][info][gc,cpu         ] GC(1315) User=0.80s Sys=0.00s Real=0.13s
..[4525.670s][info][gc,start       ] GC(1316) Pause Young (Concurrent Start) (G1 Evacuation Pause)
[4525.670s][info][gc,task        ] GC(1316) Using 6 workers of 6 for evacuation
[4525.792s][info][gc,phases      ] GC(1316)   Pre Evacuate Collection Set: 0.36ms
[4525.792s][info][gc,phases      ] GC(1316)   Merge Heap Roots: 0.48ms
[4525.792s][info][gc,phases      ] GC(1316)   Evacuate Collection Set: 119.91ms
[4525.792s][info][gc,phases      ] GC(1316)   Post Evacuate Collection Set: 0.88ms
[4525.792s][info][gc,phases      ] GC(1316)   Other: 0.14ms
[4525.792s][info][gc,heap        ] GC(1316) Eden regions: 1120->0(1116)
[4525.792s][info][gc,heap        ] GC(1316) Survivor regions: 108->112(154)
[4525.792s][info][gc,heap        ] GC(1316) Old regions: 478->510
[4525.792s][info][gc,heap        ] GC(1316) Humongous regions: 80->80
[4525.792s][info][gc,metaspace   ] GC(1316) Metaspace: 28900K(29248K)->28900K(29248K) NonClass: 24032K(24192K)->24032K(24192K) Class: 4868K(5056K)->4868K(5056K)
[4525.792s][info][gc             ] GC(1316) Pause Young (Concurrent Start) (G1 Evacuation Pause) 3569M->1403M(4096M) 121.890ms
[4525.792s][info][gc             ] GC(1317) Concurrent Mark Cycle
[4525.792s][info][gc,marking     ] GC(1317) Concurrent Scan Root Regions
[4525.792s][info][gc,cpu         ] GC(1316) User=0.72s Sys=0.00s Real=0.12s
[4526.012s][info][gc,marking     ] GC(1317) Concurrent Scan Root Regions 220.460ms
[4526.013s][info][gc,marking     ] GC(1317) Concurrent Mark
[4526.013s][info][gc,marking     ] GC(1317) Concurrent Mark From Roots
[4526.013s][info][gc,task        ] GC(1317) Using 2 workers of 2 for marking
.[4526.750s][info][gc,marking     ] GC(1317) Concurrent Mark From Roots 737.347ms
[4526.750s][info][gc,marking     ] GC(1317) Concurrent Preclean
[4526.750s][info][gc,marking     ] GC(1317) Concurrent Preclean 0.111ms
[4526.750s][info][gc,start       ] GC(1317) Pause Remark
[4526.755s][info][gc             ] GC(1317) Pause Remark 2295M->2295M(4096M) 5.275ms
[4526.756s][info][gc,cpu         ] GC(1317) User=0.03s Sys=0.00s Real=0.00s
[4526.758s][info][gc,marking     ] GC(1317) Concurrent Mark 745.367ms
[4526.758s][info][gc,marking     ] GC(1317) Concurrent Rebuild Remembered Sets and Scrub Regions
[4527.088s][info][gc,marking     ] GC(1317) Concurrent Rebuild Remembered Sets and Scrub Regions 329.986ms
[4527.090s][info][gc,start       ] GC(1317) Pause Cleanup
[4527.091s][info][gc             ] GC(1317) Pause Cleanup 2631M->2631M(4096M) 0.136ms
[4527.091s][info][gc,cpu         ] GC(1317) User=0.00s Sys=0.00s Real=0.00s
[4527.091s][info][gc,marking     ] GC(1317) Concurrent Clear Claimed Marks
[4527.091s][info][gc,marking     ] GC(1317) Concurrent Clear Claimed Marks 0.029ms
[4527.091s][info][gc,marking     ] GC(1317) Concurrent Cleanup for Next Mark
[4527.096s][info][gc,marking     ] GC(1317) Concurrent Cleanup for Next Mark 4.950ms
[4527.096s][info][gc             ] GC(1317) Concurrent Mark Cycle 1303.765ms
.[4528.015s][info][gc,start       ] GC(1318) Pause Young (Prepare Mixed) (G1 Evacuation Pause)
[4528.015s][info][gc,task        ] GC(1318) Using 6 workers of 6 for evacuation
[4528.135s][info][gc,phases      ] GC(1318)   Pre Evacuate Collection Set: 0.34ms
[4528.135s][info][gc,phases      ] GC(1318)   Merge Heap Roots: 0.48ms
[4528.135s][info][gc,phases      ] GC(1318)   Evacuate Collection Set: 118.16ms
[4528.135s][info][gc,phases      ] GC(1318)   Post Evacuate Collection Set: 0.92ms
[4528.135s][info][gc,phases      ] GC(1318)   Other: 0.09ms
[4528.135s][info][gc,heap        ] GC(1318) Eden regions: 1116->0(1094)
[4528.135s][info][gc,heap        ] GC(1318) Survivor regions: 112->115(154)
[4528.135s][info][gc,heap        ] GC(1318) Old regions: 510->541
[4528.135s][info][gc,heap        ] GC(1318) Humongous regions: 80->80
[4528.135s][info][gc,metaspace   ] GC(1318) Metaspace: 28900K(29248K)->28900K(29248K) NonClass: 24032K(24192K)->24032K(24192K) Class: 4868K(5056K)->4868K(5056K)
[4528.135s][info][gc             ] GC(1318) Pause Young (Prepare Mixed) (G1 Evacuation Pause) 3635M->1469M(4096M) 120.137ms
[4528.135s][info][gc,cpu         ] GC(1318) User=0.72s Sys=0.00s Real=0.12s
...[4530.256s][info][gc,start       ] GC(1319) Pause Young (Mixed) (G1 Evacuation Pause)
[4530.256s][info][gc,task        ] GC(1319) Using 6 workers of 6 for evacuation
[4530.387s][info][gc,phases      ] GC(1319)   Pre Evacuate Collection Set: 0.37ms
[4530.387s][info][gc,phases      ] GC(1319)   Merge Heap Roots: 0.65ms
[4530.387s][info][gc,phases      ] GC(1319)   Evacuate Collection Set: 129.40ms
[4530.387s][info][gc,phases      ] GC(1319)   Post Evacuate Collection Set: 0.95ms
[4530.387s][info][gc,phases      ] GC(1319)   Other: 0.09ms
[4530.387s][info][gc,heap        ] GC(1319) Eden regions: 1094->0(1120)
[4530.387s][info][gc,heap        ] GC(1319) Survivor regions: 115->108(152)
[4530.387s][info][gc,heap        ] GC(1319) Old regions: 541->475
[4530.387s][info][gc,heap        ] GC(1319) Humongous regions: 80->80
[4530.387s][info][gc,metaspace   ] GC(1319) Metaspace: 28900K(29248K)->28900K(29248K) NonClass: 24032K(24192K)->24032K(24192K) Class: 4868K(5056K)->4868K(5056K)
[4530.387s][info][gc             ] GC(1319) Pause Young (Mixed) (G1 Evacuation Pause) 3657M->1325M(4096M) 131.606ms
[4530.388s][info][gc,cpu         ] GC(1319) User=0.78s Sys=0.00s Real=0.13s
..[4532.562s][info][gc,start       ] GC(1320) Pause Young (Concurrent Start) (G1 Evacuation Pause)
[4532.562s][info][gc,task        ] GC(1320) Using 6 workers of 6 for evacuation
[4532.680s][info][gc,phases      ] GC(1320)   Pre Evacuate Collection Set: 0.42ms
[4532.681s][info][gc,phases      ] GC(1320)   Merge Heap Roots: 0.45ms
[4532.681s][info][gc,phases      ] GC(1320)   Evacuate Collection Set: 116.73ms
[4532.681s][info][gc,phases      ] GC(1320)   Post Evacuate Collection Set: 0.89ms
[4532.681s][info][gc,phases      ] GC(1320)   Other: 0.09ms
[4532.681s][info][gc,heap        ] GC(1320) Eden regions: 1120->0(1118)
[4532.681s][info][gc,heap        ] GC(1320) Survivor regions: 108->110(154)
[4532.681s][info][gc,heap        ] GC(1320) Old regions: 475->508
[4532.681s][info][gc,heap        ] GC(1320) Humongous regions: 80->80
[4532.681s][info][gc,metaspace   ] GC(1320) Metaspace: 28900K(29248K)->28900K(29248K) NonClass: 24032K(24192K)->24032K(24192K) Class: 4868K(5056K)->4868K(5056K)
[4532.681s][info][gc             ] GC(1320) Pause Young (Concurrent Start) (G1 Evacuation Pause) 3565M->1395M(4096M) 118.705ms
[4532.681s][info][gc             ] GC(1321) Concurrent Mark Cycle
[4532.681s][info][gc,marking     ] GC(1321) Concurrent Scan Root Regions
[4532.681s][info][gc,cpu         ] GC(1320) User=0.70s Sys=0.00s Real=0.12s
[4532.823s][info][gc,marking     ] GC(1321) Concurrent Scan Root Regions 141.922ms
[4532.823s][info][gc,marking     ] GC(1321) Concurrent Mark
[4532.823s][info][gc,marking     ] GC(1321) Concurrent Mark From Roots
[4532.823s][info][gc,task        ] GC(1321) Using 2 workers of 2 for marking
.[4533.596s][info][gc,marking     ] GC(1321) Concurrent Mark From Roots 773.663ms
[4533.596s][info][gc,marking     ] GC(1321) Concurrent Preclean
[4533.596s][info][gc,marking     ] GC(1321) Concurrent Preclean 0.088ms
[4533.599s][info][gc,start       ] GC(1321) Pause Remark
[4533.603s][info][gc             ] GC(1321) Pause Remark 2181M->2181M(4096M) 4.661ms
[4533.603s][info][gc,cpu         ] GC(1321) User=0.02s Sys=0.00s Real=0.00s
[4533.604s][info][gc,marking     ] GC(1321) Concurrent Mark 780.953ms
[4533.604s][info][gc,marking     ] GC(1321) Concurrent Rebuild Remembered Sets and Scrub Regions
[4533.929s][info][gc,marking     ] GC(1321) Concurrent Rebuild Remembered Sets and Scrub Regions 325.882ms
[4533.931s][info][gc,start       ] GC(1321) Pause Cleanup
[4533.932s][info][gc             ] GC(1321) Pause Cleanup 2479M->2479M(4096M) 0.132ms
[4533.932s][info][gc,cpu         ] GC(1321) User=0.00s Sys=0.00s Real=0.00s
[4533.932s][info][gc,marking     ] GC(1321) Concurrent Clear Claimed Marks
[4533.932s][info][gc,marking     ] GC(1321) Concurrent Clear Claimed Marks 0.030ms
[4533.932s][info][gc,marking     ] GC(1321) Concurrent Cleanup for Next Mark
[4533.939s][info][gc,marking     ] GC(1321) Concurrent Cleanup for Next Mark 7.506ms
[4533.939s][info][gc             ] GC(1321) Concurrent Mark Cycle 1258.648ms
.[4534.841s][info][gc,start       ] GC(1322) Pause Young (Prepare Mixed) (G1 Evacuation Pause)
[4534.841s][info][gc,task        ] GC(1322) Using 6 workers of 6 for evacuation
[4534.965s][info][gc,phases      ] GC(1322)   Pre Evacuate Collection Set: 0.33ms
[4534.965s][info][gc,phases      ] GC(1322)   Merge Heap Roots: 0.48ms
[4534.965s][info][gc,phases      ] GC(1322)   Evacuate Collection Set: 122.32ms
[4534.965s][info][gc,phases      ] GC(1322)   Post Evacuate Collection Set: 0.95ms
[4534.965s][info][gc,phases      ] GC(1322)   Other: 0.09ms
[4534.965s][info][gc,heap        ] GC(1322) Eden regions: 1118->0(1093)
[4534.965s][info][gc,heap        ] GC(1322) Survivor regions: 110->116(154)
[4534.965s][info][gc,heap        ] GC(1322) Old regions: 508->540
[4534.965s][info][gc,heap        ] GC(1322) Humongous regions: 80->80
[4534.965s][info][gc,metaspace   ] GC(1322) Metaspace: 28900K(29248K)->28900K(29248K) NonClass: 24032K(24192K)->24032K(24192K) Class: 4868K(5056K)->4868K(5056K)
[4534.965s][info][gc             ] GC(1322) Pause Young (Prepare Mixed) (G1 Evacuation Pause) 3631M->1470M(4096M) 124.315ms
[4534.965s][info][gc,cpu         ] GC(1322) User=0.74s Sys=0.00s Real=0.12s
..[4537.053s][info][gc,start       ] GC(1323) Pause Young (Mixed) (G1 Evacuation Pause)
[4537.053s][info][gc,task        ] GC(1323) Using 6 workers of 6 for evacuation
[4537.187s][info][gc,phases      ] GC(1323)   Pre Evacuate Collection Set: 0.41ms
[4537.187s][info][gc,phases      ] GC(1323)   Merge Heap Roots: 0.63ms
[4537.187s][info][gc,phases      ] GC(1323)   Evacuate Collection Set: 131.24ms
[4537.187s][info][gc,phases      ] GC(1323)   Post Evacuate Collection Set: 0.95ms
[4537.187s][info][gc,phases      ] GC(1323)   Other: 0.08ms
[4537.187s][info][gc,heap        ] GC(1323) Eden regions: 1093->0(1117)
[4537.187s][info][gc,heap        ] GC(1323) Survivor regions: 116->111(152)
[4537.187s][info][gc,heap        ] GC(1323) Old regions: 540->477
[4537.187s][info][gc,heap        ] GC(1323) Humongous regions: 80->80
[4537.187s][info][gc,metaspace   ] GC(1323) Metaspace: 28900K(29248K)->28900K(29248K) NonClass: 24032K(24192K)->24032K(24192K) Class: 4868K(5056K)->4868K(5056K)
[4537.187s][info][gc             ] GC(1323) Pause Young (Mixed) (G1 Evacuation Pause) 3656M->1334M(4096M) 133.449ms
[4537.187s][info][gc,cpu         ] GC(1323) User=0.79s Sys=0.00s Real=0.13s
...[4539.333s][info][gc,start       ] GC(1324) Pause Young (Concurrent Start) (G1 Evacuation Pause)
[4539.333s][info][gc,task        ] GC(1324) Using 6 workers of 6 for evacuation
[4539.448s][info][gc,phases      ] GC(1324)   Pre Evacuate Collection Set: 0.37ms
[4539.448s][info][gc,phases      ] GC(1324)   Merge Heap Roots: 0.48ms
[4539.448s][info][gc,phases      ] GC(1324)   Evacuate Collection Set: 112.88ms
[4539.448s][info][gc,phases      ] GC(1324)   Post Evacuate Collection Set: 0.88ms
[4539.448s][info][gc,phases      ] GC(1324)   Other: 0.13ms
[4539.448s][info][gc,heap        ] GC(1324) Eden regions: 1117->0(1121)
[4539.448s][info][gc,heap        ] GC(1324) Survivor regions: 111->107(154)
[4539.448s][info][gc,heap        ] GC(1324) Old regions: 477->509
[4539.448s][info][gc,heap        ] GC(1324) Humongous regions: 80->80
[4539.448s][info][gc,metaspace   ] GC(1324) Metaspace: 28900K(29248K)->28900K(29248K) NonClass: 24032K(24192K)->24032K(24192K) Class: 4868K(5056K)->4868K(5056K)
[4539.448s][info][gc             ] GC(1324) Pause Young (Concurrent Start) (G1 Evacuation Pause) 3568M->1389M(4096M) 114.880ms
[4539.448s][info][gc             ] GC(1325) Concurrent Mark Cycle
[4539.448s][info][gc,marking     ] GC(1325) Concurrent Scan Root Regions
[4539.448s][info][gc,cpu         ] GC(1324) User=0.68s Sys=0.00s Real=0.12s
[4539.664s][info][gc,marking     ] GC(1325) Concurrent Scan Root Regions 215.616ms
[4539.664s][info][gc,marking     ] GC(1325) Concurrent Mark
[4539.664s][info][gc,marking     ] GC(1325) Concurrent Mark From Roots
[4539.664s][info][gc,task        ] GC(1325) Using 2 workers of 2 for marking
.[4540.658s][info][gc,marking     ] GC(1325) Concurrent Mark From Roots 994.643ms
[4540.659s][info][gc,marking     ] GC(1325) Concurrent Preclean
[4540.659s][info][gc,marking     ] GC(1325) Concurrent Preclean 0.109ms
[4540.659s][info][gc,start       ] GC(1325) Pause Remark
[4540.665s][info][gc             ] GC(1325) Pause Remark 2575M->2575M(4096M) 5.354ms
[4540.665s][info][gc,cpu         ] GC(1325) User=0.03s Sys=0.00s Real=0.00s
[4540.665s][info][gc,marking     ] GC(1325) Concurrent Mark 1001.210ms
[4540.665s][info][gc,marking     ] GC(1325) Concurrent Rebuild Remembered Sets and Scrub Regions
[4541.067s][info][gc,marking     ] GC(1325) Concurrent Rebuild Remembered Sets and Scrub Regions 402.023ms
[4541.068s][info][gc,start       ] GC(1325) Pause Cleanup
[4541.068s][info][gc             ] GC(1325) Pause Cleanup 2961M->2961M(4096M) 0.135ms
[4541.068s][info][gc,cpu         ] GC(1325) User=0.00s Sys=0.00s Real=0.00s
[4541.068s][info][gc,marking     ] GC(1325) Concurrent Clear Claimed Marks
[4541.068s][info][gc,marking     ] GC(1325) Concurrent Clear Claimed Marks 0.027ms
[4541.068s][info][gc,marking     ] GC(1325) Concurrent Cleanup for Next Mark
[4541.080s][info][gc,marking     ] GC(1325) Concurrent Cleanup for Next Mark 11.151ms
[4541.080s][info][gc             ] GC(1325) Concurrent Mark Cycle 1631.565ms
.[4541.632s][info][gc,start       ] GC(1326) Pause Young (Prepare Mixed) (G1 Evacuation Pause)
[4541.632s][info][gc,task        ] GC(1326) Using 6 workers of 6 for evacuation
[4541.753s][info][gc,phases      ] GC(1326)   Pre Evacuate Collection Set: 0.33ms
[4541.753s][info][gc,phases      ] GC(1326)   Merge Heap Roots: 0.51ms
[4541.753s][info][gc,phases      ] GC(1326)   Evacuate Collection Set: 118.94ms
[4541.753s][info][gc,phases      ] GC(1326)   Post Evacuate Collection Set: 0.95ms
[4541.753s][info][gc,phases      ] GC(1326)   Other: 0.09ms
[4541.753s][info][gc,heap        ] GC(1326) Eden regions: 1121->0(1099)
[4541.753s][info][gc,heap        ] GC(1326) Survivor regions: 107->113(154)
[4541.753s][info][gc,heap        ] GC(1326) Old regions: 509->540
[4541.753s][info][gc,heap        ] GC(1326) Humongous regions: 80->80
[4541.753s][info][gc,metaspace   ] GC(1326) Metaspace: 28900K(29248K)->28900K(29248K) NonClass: 24032K(24192K)->24032K(24192K) Class: 4868K(5056K)->4868K(5056K)
[4541.753s][info][gc             ] GC(1326) Pause Young (Prepare Mixed) (G1 Evacuation Pause) 3631M->1464M(4096M) 120.940ms
[4541.753s][info][gc,cpu         ] GC(1326) User=0.71s Sys=0.00s Real=0.12s
..[4543.885s][info][gc,start       ] GC(1327) Pause Young (Mixed) (G1 Evacuation Pause)
[4543.885s][info][gc,task        ] GC(1327) Using 6 workers of 6 for evacuation
[4544.027s][info][gc,phases      ] GC(1327)   Pre Evacuate Collection Set: 0.38ms
[4544.027s][info][gc,phases      ] GC(1327)   Merge Heap Roots: 0.73ms
[4544.027s][info][gc,phases      ] GC(1327)   Evacuate Collection Set: 139.98ms
[4544.027s][info][gc,phases      ] GC(1327)   Post Evacuate Collection Set: 0.93ms
[4544.027s][info][gc,phases      ] GC(1327)   Other: 0.09ms
[4544.027s][info][gc,heap        ] GC(1327) Eden regions: 1099->0(1113)
[4544.027s][info][gc,heap        ] GC(1327) Survivor regions: 113->115(152)
[4544.027s][info][gc,heap        ] GC(1327) Old regions: 540->476
[4544.027s][info][gc,heap        ] GC(1327) Humongous regions: 80->80
[4544.027s][info][gc,metaspace   ] GC(1327) Metaspace: 28900K(29248K)->28900K(29248K) NonClass: 24032K(24192K)->24032K(24192K) Class: 4868K(5056K)->4868K(5056K)
[4544.027s][info][gc             ] GC(1327) Pause Young (Mixed) (G1 Evacuation Pause) 3662M->1340M(4096M) 142.266ms
[4544.027s][info][gc,cpu         ] GC(1327) User=0.84s Sys=0.00s Real=0.14s
..[4546.157s][info][gc,start       ] GC(1328) Pause Young (Concurrent Start) (G1 Evacuation Pause)
[4546.157s][info][gc,task        ] GC(1328) Using 6 workers of 6 for evacuation
[4546.283s][info][gc,phases      ] GC(1328)   Pre Evacuate Collection Set: 0.39ms
[4546.283s][info][gc,phases      ] GC(1328)   Merge Heap Roots: 0.44ms
[4546.283s][info][gc,phases      ] GC(1328)   Evacuate Collection Set: 124.02ms
[4546.283s][info][gc,phases      ] GC(1328)   Post Evacuate Collection Set: 0.85ms
[4546.283s][info][gc,phases      ] GC(1328)   Other: 0.11ms
[4546.283s][info][gc,heap        ] GC(1328) Eden regions: 1113->0(1110)
[4546.283s][info][gc,heap        ] GC(1328) Survivor regions: 115->118(154)
[4546.283s][info][gc,heap        ] GC(1328) Old regions: 476->509
[4546.283s][info][gc,heap        ] GC(1328) Humongous regions: 80->80
[4546.283s][info][gc,metaspace   ] GC(1328) Metaspace: 28900K(29248K)->28900K(29248K) NonClass: 24032K(24192K)->24032K(24192K) Class: 4868K(5056K)->4868K(5056K)
[4546.283s][info][gc             ] GC(1328) Pause Young (Concurrent Start) (G1 Evacuation Pause) 3566M->1412M(4096M) 125.942ms
[4546.283s][info][gc             ] GC(1329) Concurrent Mark Cycle
[4546.283s][info][gc,marking     ] GC(1329) Concurrent Scan Root Regions
[4546.283s][info][gc,cpu         ] GC(1328) User=0.75s Sys=0.00s Real=0.13s
.[4546.490s][info][gc,marking     ] GC(1329) Concurrent Scan Root Regions 207.008ms
[4546.491s][info][gc,marking     ] GC(1329) Concurrent Mark
[4546.491s][info][gc,marking     ] GC(1329) Concurrent Mark From Roots
[4546.491s][info][gc,task        ] GC(1329) Using 2 workers of 2 for marking
.[4547.516s][info][gc,marking     ] GC(1329) Concurrent Mark From Roots 1025.268ms
[4547.516s][info][gc,marking     ] GC(1329) Concurrent Preclean
[4547.516s][info][gc,marking     ] GC(1329) Concurrent Preclean 0.117ms
[4547.518s][info][gc,start       ] GC(1329) Pause Remark
[4547.523s][info][gc             ] GC(1329) Pause Remark 2560M->2560M(4096M) 5.169ms
[4547.523s][info][gc,cpu         ] GC(1329) User=0.03s Sys=0.00s Real=0.01s
[4547.524s][info][gc,marking     ] GC(1329) Concurrent Mark 1033.094ms
[4547.524s][info][gc,marking     ] GC(1329) Concurrent Rebuild Remembered Sets and Scrub Regions
[4548.045s][info][gc,marking     ] GC(1329) Concurrent Rebuild Remembered Sets and Scrub Regions 521.634ms
[4548.047s][info][gc,start       ] GC(1329) Pause Cleanup
[4548.048s][info][gc             ] GC(1329) Pause Cleanup 3150M->3150M(4096M) 0.131ms
[4548.048s][info][gc,cpu         ] GC(1329) User=0.00s Sys=0.00s Real=0.00s
[4548.048s][info][gc,marking     ] GC(1329) Concurrent Clear Claimed Marks
[4548.048s][info][gc,marking     ] GC(1329) Concurrent Clear Claimed Marks 0.036ms
[4548.048s][info][gc,marking     ] GC(1329) Concurrent Cleanup for Next Mark
[4548.057s][info][gc,marking     ] GC(1329) Concurrent Cleanup for Next Mark 9.032ms
[4548.057s][info][gc             ] GC(1329) Concurrent Mark Cycle 1773.547ms
.[4548.456s][info][gc,start       ] GC(1330) Pause Young (Prepare Mixed) (G1 Evacuation Pause)
[4548.456s][info][gc,task        ] GC(1330) Using 6 workers of 6 for evacuation
[4548.577s][info][gc,phases      ] GC(1330)   Pre Evacuate Collection Set: 0.32ms
[4548.577s][info][gc,phases      ] GC(1330)   Merge Heap Roots: 0.52ms
[4548.577s][info][gc,phases      ] GC(1330)   Evacuate Collection Set: 118.78ms
[4548.577s][info][gc,phases      ] GC(1330)   Post Evacuate Collection Set: 0.92ms
[4548.577s][info][gc,phases      ] GC(1330)   Other: 0.09ms
[4548.577s][info][gc,heap        ] GC(1330) Eden regions: 1110->0(1101)
[4548.577s][info][gc,heap        ] GC(1330) Survivor regions: 118->112(154)
[4548.577s][info][gc,heap        ] GC(1330) Old regions: 509->540
[4548.577s][info][gc,heap        ] GC(1330) Humongous regions: 80->80
[4548.577s][info][gc,metaspace   ] GC(1330) Metaspace: 28900K(29248K)->28900K(29248K) NonClass: 24032K(24192K)->24032K(24192K) Class: 4868K(5056K)->4868K(5056K)
[4548.577s][info][gc             ] GC(1330) Pause Young (Prepare Mixed) (G1 Evacuation Pause) 3632M->1463M(4096M) 120.775ms
[4548.577s][info][gc,cpu         ] GC(1330) User=0.71s Sys=0.00s Real=0.12s
..[4550.739s][info][gc,start       ] GC(1331) Pause Young (Mixed) (G1 Evacuation Pause)
[4550.739s][info][gc,task        ] GC(1331) Using 6 workers of 6 for evacuation
[4550.871s][info][gc,phases      ] GC(1331)   Pre Evacuate Collection Set: 0.39ms
[4550.871s][info][gc,phases      ] GC(1331)   Merge Heap Roots: 0.62ms
[4550.871s][info][gc,phases      ] GC(1331)   Evacuate Collection Set: 129.64ms
[4550.871s][info][gc,phases      ] GC(1331)   Post Evacuate Collection Set: 0.94ms
[4550.871s][info][gc,phases      ] GC(1331)   Other: 0.09ms
[4550.871s][info][gc,heap        ] GC(1331) Eden regions: 1101->0(1117)
[4550.871s][info][gc,heap        ] GC(1331) Survivor regions: 112->111(152)
[4550.871s][info][gc,heap        ] GC(1331) Old regions: 540->477
[4550.871s][info][gc,heap        ] GC(1331) Humongous regions: 80->80
[4550.871s][info][gc,metaspace   ] GC(1331) Metaspace: 28900K(29248K)->28900K(29248K) NonClass: 24032K(24192K)->24032K(24192K) Class: 4868K(5056K)->4868K(5056K)
[4550.871s][info][gc             ] GC(1331) Pause Young (Mixed) (G1 Evacuation Pause) 3665M->1335M(4096M) 131.831ms
[4550.871s][info][gc,cpu         ] GC(1331) User=0.78s Sys=0.00s Real=0.13s
..[4553.052s][info][gc,start       ] GC(1332) Pause Young (Concurrent Start) (G1 Evacuation Pause)
[4553.052s][info][gc,task        ] GC(1332) Using 6 workers of 6 for evacuation
[4553.170s][info][gc,phases      ] GC(1332)   Pre Evacuate Collection Set: 0.35ms
[4553.170s][info][gc,phases      ] GC(1332)   Merge Heap Roots: 0.43ms
[4553.170s][info][gc,phases      ] GC(1332)   Evacuate Collection Set: 116.37ms
[4553.170s][info][gc,phases      ] GC(1332)   Post Evacuate Collection Set: 0.87ms
[4553.170s][info][gc,phases      ] GC(1332)   Other: 0.12ms
[4553.170s][info][gc,heap        ] GC(1332) Eden regions: 1117->0(1117)
[4553.170s][info][gc,heap        ] GC(1332) Survivor regions: 111->111(154)
[4553.170s][info][gc,heap        ] GC(1332) Old regions: 477->508
[4553.170s][info][gc,heap        ] GC(1332) Humongous regions: 80->80
[4553.170s][info][gc,metaspace   ] GC(1332) Metaspace: 28900K(29248K)->28900K(29248K) NonClass: 24032K(24192K)->24032K(24192K) Class: 4868K(5056K)->4868K(5056K)
[4553.170s][info][gc             ] GC(1332) Pause Young (Concurrent Start) (G1 Evacuation Pause) 3569M->1396M(4096M) 118.262ms
[4553.170s][info][gc             ] GC(1333) Concurrent Mark Cycle
[4553.170s][info][gc,marking     ] GC(1333) Concurrent Scan Root Regions
[4553.170s][info][gc,cpu         ] GC(1332) User=0.70s Sys=0.00s Real=0.12s
[4553.357s][info][gc,marking     ] GC(1333) Concurrent Scan Root Regions 187.181ms
[4553.357s][info][gc,marking     ] GC(1333) Concurrent Mark
[4553.357s][info][gc,marking     ] GC(1333) Concurrent Mark From Roots
[4553.357s][info][gc,task        ] GC(1333) Using 2 workers of 2 for marking
.[4554.353s][info][gc,marking     ] GC(1333) Concurrent Mark From Roots 995.504ms
[4554.353s][info][gc,marking     ] GC(1333) Concurrent Preclean
[4554.353s][info][gc,marking     ] GC(1333) Concurrent Preclean 0.117ms
[4554.356s][info][gc,start       ] GC(1333) Pause Remark
[4554.362s][info][gc             ] GC(1333) Pause Remark 2516M->2516M(4096M) 5.534ms
[4554.362s][info][gc,cpu         ] GC(1333) User=0.03s Sys=0.00s Real=0.01s
[4554.362s][info][gc,marking     ] GC(1333) Concurrent Mark 1004.644ms
[4554.362s][info][gc,marking     ] GC(1333) Concurrent Rebuild Remembered Sets and Scrub Regions
.[4554.731s][info][gc,marking     ] GC(1333) Concurrent Rebuild Remembered Sets and Scrub Regions 369.218ms
[4554.734s][info][gc,start       ] GC(1333) Pause Cleanup
[4554.734s][info][gc             ] GC(1333) Pause Cleanup 2876M->2876M(4096M) 0.151ms
[4554.734s][info][gc,cpu         ] GC(1333) User=0.00s Sys=0.00s Real=0.00s
[4554.734s][info][gc,marking     ] GC(1333) Concurrent Clear Claimed Marks
[4554.734s][info][gc,marking     ] GC(1333) Concurrent Clear Claimed Marks 0.027ms
[4554.734s][info][gc,marking     ] GC(1333) Concurrent Cleanup for Next Mark
[4554.741s][info][gc,marking     ] GC(1333) Concurrent Cleanup for Next Mark 6.658ms
[4554.741s][info][gc             ] GC(1333) Concurrent Mark Cycle 1570.732ms
[4555.370s][info][gc,start       ] GC(1334) Pause Young (Prepare Mixed) (G1 Evacuation Pause)
[4555.370s][info][gc,task        ] GC(1334) Using 6 workers of 6 for evacuation
[4555.488s][info][gc,phases      ] GC(1334)   Pre Evacuate Collection Set: 0.35ms
[4555.488s][info][gc,phases      ] GC(1334)   Merge Heap Roots: 0.48ms
[4555.488s][info][gc,phases      ] GC(1334)   Evacuate Collection Set: 115.64ms
[4555.488s][info][gc,phases      ] GC(1334)   Post Evacuate Collection Set: 0.93ms
[4555.488s][info][gc,phases      ] GC(1334)   Other: 0.09ms
[4555.488s][info][gc,heap        ] GC(1334) Eden regions: 1117->0(1105)
[4555.488s][info][gc,heap        ] GC(1334) Survivor regions: 111->110(154)
[4555.488s][info][gc,heap        ] GC(1334) Old regions: 508->540
[4555.488s][info][gc,heap        ] GC(1334) Humongous regions: 80->80
[4555.488s][info][gc,metaspace   ] GC(1334) Metaspace: 28901K(29248K)->28901K(29248K) NonClass: 24033K(24192K)->24033K(24192K) Class: 4868K(5056K)->4868K(5056K)
[4555.488s][info][gc             ] GC(1334) Pause Young (Prepare Mixed) (G1 Evacuation Pause) 3630M->1458M(4096M) 117.630ms
[4555.488s][info][gc,cpu         ] GC(1334) User=0.70s Sys=0.00s Real=0.12s
...[4557.718s][info][gc,start       ] GC(1335) Pause Young (Mixed) (G1 Evacuation Pause)
[4557.718s][info][gc,task        ] GC(1335) Using 6 workers of 6 for evacuation
[4557.855s][info][gc,phases      ] GC(1335)   Pre Evacuate Collection Set: 0.36ms
[4557.855s][info][gc,phases      ] GC(1335)   Merge Heap Roots: 0.65ms
[4557.855s][info][gc,phases      ] GC(1335)   Evacuate Collection Set: 134.87ms
[4557.855s][info][gc,phases      ] GC(1335)   Post Evacuate Collection Set: 0.95ms
[4557.855s][info][gc,phases      ] GC(1335)   Other: 0.09ms
[4557.855s][info][gc,heap        ] GC(1335) Eden regions: 1105->0(1115)
[4557.855s][info][gc,heap        ] GC(1335) Survivor regions: 110->113(152)
[4557.855s][info][gc,heap        ] GC(1335) Old regions: 540->476
[4557.855s][info][gc,heap        ] GC(1335) Humongous regions: 80->80
[4557.855s][info][gc,metaspace   ] GC(1335) Metaspace: 28901K(29248K)->28901K(29248K) NonClass: 24033K(24192K)->24033K(24192K) Class: 4868K(5056K)->4868K(5056K)
[4557.855s][info][gc             ] GC(1335) Pause Young (Mixed) (G1 Evacuation Pause) 3668M->1336M(4096M) 137.049ms
[4557.855s][info][gc,cpu         ] GC(1335) User=0.81s Sys=0.00s Real=0.13s
..[4559.997s][info][gc,start       ] GC(1336) Pause Young (Concurrent Start) (G1 Evacuation Pause)
[4559.997s][info][gc,task        ] GC(1336) Using 6 workers of 6 for evacuation
[4560.115s][info][gc,phases      ] GC(1336)   Pre Evacuate Collection Set: 0.36ms
[4560.115s][info][gc,phases      ] GC(1336)   Merge Heap Roots: 0.41ms
[4560.115s][info][gc,phases      ] GC(1336)   Evacuate Collection Set: 115.98ms
[4560.115s][info][gc,phases      ] GC(1336)   Post Evacuate Collection Set: 0.89ms
[4560.115s][info][gc,phases      ] GC(1336)   Other: 0.09ms
[4560.115s][info][gc,heap        ] GC(1336) Eden regions: 1115->0(1117)
[4560.115s][info][gc,heap        ] GC(1336) Survivor regions: 113->111(154)
[4560.115s][info][gc,heap        ] GC(1336) Old regions: 476->507
[4560.115s][info][gc,heap        ] GC(1336) Humongous regions: 80->80
[4560.115s][info][gc,metaspace   ] GC(1336) Metaspace: 28901K(29248K)->28901K(29248K) NonClass: 24033K(24192K)->24033K(24192K) Class: 4868K(5056K)->4868K(5056K)
[4560.115s][info][gc             ] GC(1336) Pause Young (Concurrent Start) (G1 Evacuation Pause) 3566M->1395M(4096M) 117.881ms
[4560.115s][info][gc             ] GC(1337) Concurrent Mark Cycle
[4560.115s][info][gc,marking     ] GC(1337) Concurrent Scan Root Regions
[4560.115s][info][gc,cpu         ] GC(1336) User=0.69s Sys=0.00s Real=0.12s
[4560.302s][info][gc,marking     ] GC(1337) Concurrent Scan Root Regions 187.155ms
[4560.303s][info][gc,marking     ] GC(1337) Concurrent Mark
[4560.303s][info][gc,marking     ] GC(1337) Concurrent Mark From Roots
[4560.303s][info][gc,task        ] GC(1337) Using 2 workers of 2 for marking
.[4561.297s][info][gc,marking     ] GC(1337) Concurrent Mark From Roots 994.203ms
[4561.297s][info][gc,marking     ] GC(1337) Concurrent Preclean
[4561.297s][info][gc,marking     ] GC(1337) Concurrent Preclean 0.109ms
[4561.300s][info][gc,start       ] GC(1337) Pause Remark
[4561.307s][info][gc             ] GC(1337) Pause Remark 2553M->2553M(4096M) 6.873ms
[4561.307s][info][gc,cpu         ] GC(1337) User=0.04s Sys=0.00s Real=0.00s
[4561.308s][info][gc,marking     ] GC(1337) Concurrent Mark 1005.444ms
[4561.308s][info][gc,marking     ] GC(1337) Concurrent Rebuild Remembered Sets and Scrub Regions
[4561.575s][info][gc,marking     ] GC(1337) Concurrent Rebuild Remembered Sets and Scrub Regions 266.744ms
[4561.576s][info][gc,start       ] GC(1337) Pause Cleanup
[4561.576s][info][gc             ] GC(1337) Pause Cleanup 2789M->2789M(4096M) 0.121ms
[4561.576s][info][gc,cpu         ] GC(1337) User=0.00s Sys=0.00s Real=0.00s
[4561.576s][info][gc,marking     ] GC(1337) Concurrent Clear Claimed Marks
[4561.576s][info][gc,marking     ] GC(1337) Concurrent Clear Claimed Marks 0.030ms
[4561.576s][info][gc,marking     ] GC(1337) Concurrent Cleanup for Next Mark
[4561.582s][info][gc,marking     ] GC(1337) Concurrent Cleanup for Next Mark 6.072ms
[4561.582s][info][gc             ] GC(1337) Concurrent Mark Cycle 1466.638ms
.[4562.308s][info][gc,start       ] GC(1338) Pause Young (Prepare Mixed) (G1 Evacuation Pause)
[4562.308s][info][gc,task        ] GC(1338) Using 6 workers of 6 for evacuation
[4562.426s][info][gc,phases      ] GC(1338)   Pre Evacuate Collection Set: 0.33ms
[4562.426s][info][gc,phases      ] GC(1338)   Merge Heap Roots: 0.49ms
[4562.427s][info][gc,phases      ] GC(1338)   Evacuate Collection Set: 116.62ms
[4562.427s][info][gc,phases      ] GC(1338)   Post Evacuate Collection Set: 0.95ms
[4562.427s][info][gc,phases      ] GC(1338)   Other: 0.09ms
[4562.427s][info][gc,heap        ] GC(1338) Eden regions: 1117->0(1104)
[4562.427s][info][gc,heap        ] GC(1338) Survivor regions: 111->111(154)
[4562.427s][info][gc,heap        ] GC(1338) Old regions: 507->539
[4562.427s][info][gc,heap        ] GC(1338) Humongous regions: 80->80
[4562.427s][info][gc,metaspace   ] GC(1338) Metaspace: 28901K(29248K)->28901K(29248K) NonClass: 24033K(24192K)->24033K(24192K) Class: 4868K(5056K)->4868K(5056K)
[4562.427s][info][gc             ] GC(1338) Pause Young (Prepare Mixed) (G1 Evacuation Pause) 3629M->1458M(4096M) 118.615ms
[4562.427s][info][gc,cpu         ] GC(1338) User=0.70s Sys=0.00s Real=0.12s
..[4564.489s][info][gc,start       ] GC(1339) Pause Young (Mixed) (G1 Evacuation Pause)
[4564.489s][info][gc,task        ] GC(1339) Using 6 workers of 6 for evacuation
[4564.623s][info][gc,phases      ] GC(1339)   Pre Evacuate Collection Set: 0.35ms
[4564.623s][info][gc,phases      ] GC(1339)   Merge Heap Roots: 0.60ms
[4564.623s][info][gc,phases      ] GC(1339)   Evacuate Collection Set: 131.50ms
[4564.623s][info][gc,phases      ] GC(1339)   Post Evacuate Collection Set: 0.95ms
[4564.623s][info][gc,phases      ] GC(1339)   Other: 0.09ms
[4564.623s][info][gc,heap        ] GC(1339) Eden regions: 1104->0(1117)
[4564.623s][info][gc,heap        ] GC(1339) Survivor regions: 111->111(152)
[4564.623s][info][gc,heap        ] GC(1339) Old regions: 539->476
[4564.623s][info][gc,heap        ] GC(1339) Humongous regions: 80->80
[4564.623s][info][gc,metaspace   ] GC(1339) Metaspace: 28901K(29248K)->28901K(29248K) NonClass: 24033K(24192K)->24033K(24192K) Class: 4868K(5056K)->4868K(5056K)
[4564.623s][info][gc             ] GC(1339) Pause Young (Mixed) (G1 Evacuation Pause) 3666M->1333M(4096M) 133.621ms
[4564.623s][info][gc,cpu         ] GC(1339) User=0.79s Sys=0.00s Real=0.13s
...[4566.832s][info][gc,start       ] GC(1340) Pause Young (Concurrent Start) (G1 Evacuation Pause)
[4566.832s][info][gc,task        ] GC(1340) Using 6 workers of 6 for evacuation
[4566.949s][info][gc,phases      ] GC(1340)   Pre Evacuate Collection Set: 0.41ms
[4566.949s][info][gc,phases      ] GC(1340)   Merge Heap Roots: 0.45ms
[4566.949s][info][gc,phases      ] GC(1340)   Evacuate Collection Set: 115.02ms
[4566.949s][info][gc,phases      ] GC(1340)   Post Evacuate Collection Set: 0.92ms
[4566.949s][info][gc,phases      ] GC(1340)   Other: 0.11ms
[4566.949s][info][gc,heap        ] GC(1340) Eden regions: 1117->0(1117)
[4566.949s][info][gc,heap        ] GC(1340) Survivor regions: 111->111(154)
[4566.949s][info][gc,heap        ] GC(1340) Old regions: 476->508
[4566.949s][info][gc,heap        ] GC(1340) Humongous regions: 80->80
[4566.949s][info][gc,metaspace   ] GC(1340) Metaspace: 28901K(29248K)->28901K(29248K) NonClass: 24033K(24192K)->24033K(24192K) Class: 4868K(5056K)->4868K(5056K)
[4566.949s][info][gc             ] GC(1340) Pause Young (Concurrent Start) (G1 Evacuation Pause) 3567M->1395M(4096M) 117.047ms
[4566.949s][info][gc             ] GC(1341) Concurrent Mark Cycle
[4566.949s][info][gc,marking     ] GC(1341) Concurrent Scan Root Regions
[4566.949s][info][gc,cpu         ] GC(1340) User=0.69s Sys=0.00s Real=0.12s
[4567.148s][info][gc,marking     ] GC(1341) Concurrent Scan Root Regions 198.903ms
[4567.148s][info][gc,marking     ] GC(1341) Concurrent Mark
[4567.148s][info][gc,marking     ] GC(1341) Concurrent Mark From Roots
[4567.148s][info][gc,task        ] GC(1341) Using 2 workers of 2 for marking
.[4568.164s][info][gc,marking     ] GC(1341) Concurrent Mark From Roots 1015.525ms
[4568.164s][info][gc,marking     ] GC(1341) Concurrent Preclean
[4568.164s][info][gc,marking     ] GC(1341) Concurrent Preclean 0.113ms
[4568.167s][info][gc,start       ] GC(1341) Pause Remark
[4568.172s][info][gc             ] GC(1341) Pause Remark 2525M->2525M(4096M) 5.673ms
[4568.172s][info][gc,cpu         ] GC(1341) User=0.03s Sys=0.00s Real=0.01s
[4568.173s][info][gc,marking     ] GC(1341) Concurrent Mark 1025.103ms
[4568.173s][info][gc,marking     ] GC(1341) Concurrent Rebuild Remembered Sets and Scrub Regions
[4568.538s][info][gc,marking     ] GC(1341) Concurrent Rebuild Remembered Sets and Scrub Regions 364.892ms
[4568.539s][info][gc,start       ] GC(1341) Pause Cleanup
[4568.539s][info][gc             ] GC(1341) Pause Cleanup 2925M->2925M(4096M) 0.123ms
[4568.539s][info][gc,cpu         ] GC(1341) User=0.00s Sys=0.00s Real=0.00s
[4568.539s][info][gc,marking     ] GC(1341) Concurrent Clear Claimed Marks
[4568.539s][info][gc,marking     ] GC(1341) Concurrent Clear Claimed Marks 0.031ms
[4568.539s][info][gc,marking     ] GC(1341) Concurrent Cleanup for Next Mark
[4568.557s][info][gc,marking     ] GC(1341) Concurrent Cleanup for Next Mark 17.195ms
[4568.557s][info][gc             ] GC(1341) Concurrent Mark Cycle 1607.278ms
.[4569.117s][info][gc,start       ] GC(1342) Pause Young (Prepare Mixed) (G1 Evacuation Pause)
[4569.117s][info][gc,task        ] GC(1342) Using 6 workers of 6 for evacuation
[4569.238s][info][gc,phases      ] GC(1342)   Pre Evacuate Collection Set: 0.34ms
[4569.238s][info][gc,phases      ] GC(1342)   Merge Heap Roots: 0.46ms
[4569.238s][info][gc,phases      ] GC(1342)   Evacuate Collection Set: 119.11ms
[4569.238s][info][gc,phases      ] GC(1342)   Post Evacuate Collection Set: 0.93ms
[4569.238s][info][gc,phases      ] GC(1342)   Other: 0.09ms
[4569.238s][info][gc,heap        ] GC(1342) Eden regions: 1117->0(1098)
[4569.238s][info][gc,heap        ] GC(1342) Survivor regions: 111->114(154)
[4569.238s][info][gc,heap        ] GC(1342) Old regions: 508->539
[4569.238s][info][gc,heap        ] GC(1342) Humongous regions: 80->80
[4569.238s][info][gc,metaspace   ] GC(1342) Metaspace: 28901K(29248K)->28901K(29248K) NonClass: 24033K(24192K)->24033K(24192K) Class: 4868K(5056K)->4868K(5056K)
[4569.238s][info][gc             ] GC(1342) Pause Young (Prepare Mixed) (G1 Evacuation Pause) 3629M->1465M(4096M) 121.060ms
[4569.238s][info][gc,cpu         ] GC(1342) User=0.72s Sys=0.00s Real=0.13s
.. (rIR:aIR:PR = 8164:8226:8226) (tPR = 121638) [OK] 
  4570s: Performance info:
         Transaction,    Success,    Partial,     Failed,   Receipts, AvgBarcode, 
             Overall,     497211,          0,          0,     472517,      59.48, 
         Response times:
             Request,    Success,    Partial,     Failed,   SkipFail,     Probes,    Samples,      min,      p50,      p90,      p95,      p99,      max, 
       TotalPurchase,     472510,          0,          0,          0,     353016,     432170,      300,     7400,    96000,   138000,   258000,   530000,
     InStorePurchase,     249850,          0,          0,          0,     184437,     226251,      300,     7400,    96000,   139000,   257000,   443000,
      OnlinePurchase,     173000,          0,          0,          0,     130316,     159597,      300,     7500,    96000,   137000,   260000,   530000,
        InstPurchase,      49660,          0,          0,          0,      38263,      46322,      400,     7300,    93000,   136000,   257000,   423000,
          AssocOfCat,        489,          0,          0,          0,        395,        559,    27000,    52000,   165000,   199000,   259400,   344000,
      AssocOfProduct,       4978,          0,          0,          0,       3403,       4349,     1500,     9900,   108000,   149000,   272000,   384000,
      BusinessReport,       1233,          0,          0,          0,       1061,       1388,    30000,    56000,   179000,   221550,   364220,   630000,
          CustBuyBeh,       4892,          0,          0,          0,       3419,       4395,      300,     6100,    85000,   128000,   214000,   384000,
       ProductReturn,      13103,          0,          0,          0,      10032,      12505,      200,     7900,    97000,   139000,   248000,   566000,

  4570s: (60%)   IR =   8302 [4571.438s][info][gc,start       ] GC(1343) Pause Young (Mixed) (G1 Evacuation Pause)
[4571.438s][info][gc,task        ] GC(1343) Using 6 workers of 6 for evacuation
[4571.568s][info][gc,phases      ] GC(1343)   Pre Evacuate Collection Set: 0.37ms
[4571.568s][info][gc,phases      ] GC(1343)   Merge Heap Roots: 0.59ms
[4571.568s][info][gc,phases      ] GC(1343)   Evacuate Collection Set: 127.94ms
[4571.568s][info][gc,phases      ] GC(1343)   Post Evacuate Collection Set: 0.96ms
[4571.568s][info][gc,phases      ] GC(1343)   Other: 0.08ms
[4571.568s][info][gc,heap        ] GC(1343) Eden regions: 1098->0(1120)
[4571.568s][info][gc,heap        ] GC(1343) Survivor regions: 114->108(152)
[4571.568s][info][gc,heap        ] GC(1343) Old regions: 539->475
[4571.568s][info][gc,heap        ] GC(1343) Humongous regions: 80->80
[4571.568s][info][gc,metaspace   ] GC(1343) Metaspace: 28902K(29248K)->28902K(29248K) NonClass: 24034K(24192K)->24034K(24192K) Class: 4868K(5056K)->4868K(5056K)
[4571.568s][info][gc             ] GC(1343) Pause Young (Mixed) (G1 Evacuation Pause) 3661M->1325M(4096M) 130.080ms
[4571.568s][info][gc,cpu         ] GC(1343) User=0.77s Sys=0.00s Real=0.13s
..[4573.750s][info][gc,start       ] GC(1344) Pause Young (Concurrent Start) (G1 Evacuation Pause)
[4573.750s][info][gc,task        ] GC(1344) Using 6 workers of 6 for evacuation
[4573.874s][info][gc,phases      ] GC(1344)   Pre Evacuate Collection Set: 0.35ms
[4573.874s][info][gc,phases      ] GC(1344)   Merge Heap Roots: 0.43ms
[4573.874s][info][gc,phases      ] GC(1344)   Evacuate Collection Set: 122.51ms
[4573.874s][info][gc,phases      ] GC(1344)   Post Evacuate Collection Set: 0.94ms
[4573.874s][info][gc,phases      ] GC(1344)   Other: 0.10ms
[4573.874s][info][gc,heap        ] GC(1344) Eden regions: 1120->0(1113)
[4573.874s][info][gc,heap        ] GC(1344) Survivor regions: 108->115(154)
[4573.874s][info][gc,heap        ] GC(1344) Old regions: 475->507
[4573.874s][info][gc,heap        ] GC(1344) Humongous regions: 80->80
[4573.874s][info][gc,metaspace   ] GC(1344) Metaspace: 28902K(29248K)->28902K(29248K) NonClass: 24034K(24192K)->24034K(24192K) Class: 4868K(5056K)->4868K(5056K)
[4573.874s][info][gc             ] GC(1344) Pause Young (Concurrent Start) (G1 Evacuation Pause) 3565M->1402M(4096M) 124.489ms
[4573.874s][info][gc             ] GC(1345) Concurrent Mark Cycle
[4573.874s][info][gc,marking     ] GC(1345) Concurrent Scan Root Regions
[4573.874s][info][gc,cpu         ] GC(1344) User=0.73s Sys=0.00s Real=0.12s
[4574.074s][info][gc,marking     ] GC(1345) Concurrent Scan Root Regions 199.337ms
[4574.074s][info][gc,marking     ] GC(1345) Concurrent Mark
[4574.074s][info][gc,marking     ] GC(1345) Concurrent Mark From Roots
[4574.074s][info][gc,task        ] GC(1345) Using 2 workers of 2 for marking
.[4575.153s][info][gc,marking     ] GC(1345) Concurrent Mark From Roots 1078.878ms
[4575.153s][info][gc,marking     ] GC(1345) Concurrent Preclean
[4575.153s][info][gc,marking     ] GC(1345) Concurrent Preclean 0.132ms
[4575.154s][info][gc,start       ] GC(1345) Pause Remark
[4575.158s][info][gc             ] GC(1345) Pause Remark 2614M->2614M(4096M) 3.741ms
[4575.158s][info][gc,cpu         ] GC(1345) User=0.02s Sys=0.00s Real=0.01s
[4575.159s][info][gc,marking     ] GC(1345) Concurrent Mark 1084.673ms
[4575.159s][info][gc,marking     ] GC(1345) Concurrent Rebuild Remembered Sets and Scrub Regions
.[4575.531s][info][gc,marking     ] GC(1345) Concurrent Rebuild Remembered Sets and Scrub Regions 372.709ms
[4575.531s][info][gc,start       ] GC(1345) Pause Cleanup
[4575.532s][info][gc             ] GC(1345) Pause Cleanup 3012M->3012M(4096M) 0.104ms
[4575.532s][info][gc,cpu         ] GC(1345) User=0.00s Sys=0.00s Real=0.00s
[4575.532s][info][gc,marking     ] GC(1345) Concurrent Clear Claimed Marks
[4575.532s][info][gc,marking     ] GC(1345) Concurrent Clear Claimed Marks 0.023ms
[4575.532s][info][gc,marking     ] GC(1345) Concurrent Cleanup for Next Mark
[4575.542s][info][gc,marking     ] GC(1345) Concurrent Cleanup for Next Mark 10.688ms
[4575.542s][info][gc             ] GC(1345) Concurrent Mark Cycle 1667.997ms
[4576.126s][info][gc,start       ] GC(1346) Pause Young (Prepare Mixed) (G1 Evacuation Pause)
[4576.127s][info][gc,task        ] GC(1346) Using 6 workers of 6 for evacuation
[4576.248s][info][gc,phases      ] GC(1346)   Pre Evacuate Collection Set: 0.34ms
[4576.248s][info][gc,phases      ] GC(1346)   Merge Heap Roots: 0.48ms
[4576.248s][info][gc,phases      ] GC(1346)   Evacuate Collection Set: 120.06ms
[4576.248s][info][gc,phases      ] GC(1346)   Post Evacuate Collection Set: 0.95ms
[4576.248s][info][gc,phases      ] GC(1346)   Other: 0.09ms
[4576.248s][info][gc,heap        ] GC(1346) Eden regions: 1113->0(1098)
[4576.248s][info][gc,heap        ] GC(1346) Survivor regions: 115->114(154)
[4576.248s][info][gc,heap        ] GC(1346) Old regions: 507->539
[4576.248s][info][gc,heap        ] GC(1346) Humongous regions: 80->80
[4576.249s][info][gc,metaspace   ] GC(1346) Metaspace: 28902K(29248K)->28902K(29248K) NonClass: 24034K(24192K)->24034K(24192K) Class: 4868K(5056K)->4868K(5056K)
[4576.249s][info][gc             ] GC(1346) Pause Young (Prepare Mixed) (G1 Evacuation Pause) 3628M->1465M(4096M) 122.050ms
[4576.249s][info][gc,cpu         ] GC(1346) User=0.72s Sys=0.00s Real=0.13s
..[4578.267s][info][gc,start       ] GC(1347) Pause Young (Mixed) (G1 Evacuation Pause)
[4578.267s][info][gc,task        ] GC(1347) Using 6 workers of 6 for evacuation
[4578.401s][info][gc,phases      ] GC(1347)   Pre Evacuate Collection Set: 0.36ms
[4578.402s][info][gc,phases      ] GC(1347)   Merge Heap Roots: 0.68ms
[4578.402s][info][gc,phases      ] GC(1347)   Evacuate Collection Set: 132.13ms
[4578.402s][info][gc,phases      ] GC(1347)   Post Evacuate Collection Set: 0.94ms
[4578.402s][info][gc,phases      ] GC(1347)   Other: 0.10ms
[4578.402s][info][gc,heap        ] GC(1347) Eden regions: 1098->0(1118)
[4578.402s][info][gc,heap        ] GC(1347) Survivor regions: 114->110(152)
[4578.402s][info][gc,heap        ] GC(1347) Old regions: 539->475
[4578.402s][info][gc,heap        ] GC(1347) Humongous regions: 80->80
[4578.402s][info][gc,metaspace   ] GC(1347) Metaspace: 28902K(29248K)->28902K(29248K) NonClass: 24034K(24192K)->24034K(24192K) Class: 4868K(5056K)->4868K(5056K)
[4578.402s][info][gc             ] GC(1347) Pause Young (Mixed) (G1 Evacuation Pause) 3661M->1328M(4096M) 134.361ms
[4578.402s][info][gc,cpu         ] GC(1347) User=0.80s Sys=0.00s Real=0.14s
...[4580.573s][info][gc,start       ] GC(1348) Pause Young (Concurrent Start) (G1 Evacuation Pause)
[4580.573s][info][gc,task        ] GC(1348) Using 6 workers of 6 for evacuation
[4580.688s][info][gc,phases      ] GC(1348)   Pre Evacuate Collection Set: 0.38ms
[4580.688s][info][gc,phases      ] GC(1348)   Merge Heap Roots: 0.44ms
[4580.688s][info][gc,phases      ] GC(1348)   Evacuate Collection Set: 113.27ms
[4580.688s][info][gc,phases      ] GC(1348)   Post Evacuate Collection Set: 0.90ms
[4580.688s][info][gc,phases      ] GC(1348)   Other: 0.12ms
[4580.688s][info][gc,heap        ] GC(1348) Eden regions: 1118->0(1118)
[4580.688s][info][gc,heap        ] GC(1348) Survivor regions: 110->110(154)
[4580.688s][info][gc,heap        ] GC(1348) Old regions: 475->508
[4580.688s][info][gc,heap        ] GC(1348) Humongous regions: 80->80
[4580.688s][info][gc,metaspace   ] GC(1348) Metaspace: 28902K(29248K)->28902K(29248K) NonClass: 24034K(24192K)->24034K(24192K) Class: 4868K(5056K)->4868K(5056K)
[4580.688s][info][gc             ] GC(1348) Pause Young (Concurrent Start) (G1 Evacuation Pause) 3564M->1393M(4096M) 115.258ms
[4580.688s][info][gc             ] GC(1349) Concurrent Mark Cycle
[4580.688s][info][gc,marking     ] GC(1349) Concurrent Scan Root Regions
[4580.689s][info][gc,cpu         ] GC(1348) User=0.68s Sys=0.00s Real=0.12s
[4580.877s][info][gc,marking     ] GC(1349) Concurrent Scan Root Regions 188.842ms
[4580.877s][info][gc,marking     ] GC(1349) Concurrent Mark
[4580.877s][info][gc,marking     ] GC(1349) Concurrent Mark From Roots
[4580.877s][info][gc,task        ] GC(1349) Using 2 workers of 2 for marking
.[4581.893s][info][gc,marking     ] GC(1349) Concurrent Mark From Roots 1015.366ms
[4581.893s][info][gc,marking     ] GC(1349) Concurrent Preclean
[4581.893s][info][gc,marking     ] GC(1349) Concurrent Preclean 0.109ms
[4581.895s][info][gc,start       ] GC(1349) Pause Remark
[4581.902s][info][gc             ] GC(1349) Pause Remark 2483M->2483M(4096M) 6.404ms
[4581.902s][info][gc,cpu         ] GC(1349) User=0.03s Sys=0.00s Real=0.01s
[4581.902s][info][gc,marking     ] GC(1349) Concurrent Mark 1024.993ms
[4581.902s][info][gc,marking     ] GC(1349) Concurrent Rebuild Remembered Sets and Scrub Regions
[4582.288s][info][gc,marking     ] GC(1349) Concurrent Rebuild Remembered Sets and Scrub Regions 385.730ms
[4582.291s][info][gc,start       ] GC(1349) Pause Cleanup
[4582.291s][info][gc             ] GC(1349) Pause Cleanup 2975M->2975M(4096M) 0.142ms
[4582.291s][info][gc,cpu         ] GC(1349) User=0.00s Sys=0.00s Real=0.00s
[4582.291s][info][gc,marking     ] GC(1349) Concurrent Clear Claimed Marks
[4582.291s][info][gc,marking     ] GC(1349) Concurrent Clear Claimed Marks 0.037ms
[4582.291s][info][gc,marking     ] GC(1349) Concurrent Cleanup for Next Mark
[4582.297s][info][gc,marking     ] GC(1349) Concurrent Cleanup for Next Mark 5.406ms
[4582.297s][info][gc             ] GC(1349) Concurrent Mark Cycle 1608.460ms
.[4582.886s][info][gc,start       ] GC(1350) Pause Young (Prepare Mixed) (G1 Evacuation Pause)
[4582.886s][info][gc,task        ] GC(1350) Using 6 workers of 6 for evacuation
[4583.009s][info][gc,phases      ] GC(1350)   Pre Evacuate Collection Set: 0.33ms
[4583.009s][info][gc,phases      ] GC(1350)   Merge Heap Roots: 0.47ms
[4583.009s][info][gc,phases      ] GC(1350)   Evacuate Collection Set: 121.09ms
[4583.009s][info][gc,phases      ] GC(1350)   Post Evacuate Collection Set: 0.99ms
[4583.009s][info][gc,phases      ] GC(1350)   Other: 0.09ms
[4583.009s][info][gc,heap        ] GC(1350) Eden regions: 1118->0(1096)
[4583.009s][info][gc,heap        ] GC(1350) Survivor regions: 110->115(154)
[4583.009s][info][gc,heap        ] GC(1350) Old regions: 508->539
[4583.009s][info][gc,heap        ] GC(1350) Humongous regions: 80->80
[4583.009s][info][gc,metaspace   ] GC(1350) Metaspace: 28902K(29248K)->28902K(29248K) NonClass: 24034K(24192K)->24034K(24192K) Class: 4868K(5056K)->4868K(5056K)
[4583.009s][info][gc             ] GC(1350) Pause Young (Prepare Mixed) (G1 Evacuation Pause) 3629M->1465M(4096M) 123.121ms
[4583.009s][info][gc,cpu         ] GC(1350) User=0.73s Sys=0.00s Real=0.13s
..|[4585.078s][info][gc,start       ] GC(1351) Pause Young (Mixed) (G1 Evacuation Pause)
[4585.078s][info][gc,task        ] GC(1351) Using 6 workers of 6 for evacuation
[4585.218s][info][gc,phases      ] GC(1351)   Pre Evacuate Collection Set: 0.38ms
[4585.218s][info][gc,phases      ] GC(1351)   Merge Heap Roots: 0.71ms
[4585.218s][info][gc,phases      ] GC(1351)   Evacuate Collection Set: 137.32ms
[4585.218s][info][gc,phases      ] GC(1351)   Post Evacuate Collection Set: 0.92ms
[4585.218s][info][gc,phases      ] GC(1351)   Other: 0.09ms
[4585.218s][info][gc,heap        ] GC(1351) Eden regions: 1096->0(1115)
[4585.218s][info][gc,heap        ] GC(1351) Survivor regions: 115->113(152)
[4585.218s][info][gc,heap        ] GC(1351) Old regions: 539->477
[4585.218s][info][gc,heap        ] GC(1351) Humongous regions: 80->80
[4585.218s][info][gc,metaspace   ] GC(1351) Metaspace: 28902K(29248K)->28902K(29248K) NonClass: 24034K(24192K)->24034K(24192K) Class: 4868K(5056K)->4868K(5056K)
[4585.218s][info][gc             ] GC(1351) Pause Young (Mixed) (G1 Evacuation Pause) 3657M->1339M(4096M) 139.553ms
[4585.218s][info][gc,cpu         ] GC(1351) User=0.83s Sys=0.00s Real=0.14s
..[4587.286s][info][gc,start       ] GC(1352) Pause Young (Concurrent Start) (G1 Evacuation Pause)
[4587.286s][info][gc,task        ] GC(1352) Using 6 workers of 6 for evacuation
[4587.404s][info][gc,phases      ] GC(1352)   Pre Evacuate Collection Set: 0.40ms
[4587.404s][info][gc,phases      ] GC(1352)   Merge Heap Roots: 0.47ms
[4587.404s][info][gc,phases      ] GC(1352)   Evacuate Collection Set: 115.99ms
[4587.404s][info][gc,phases      ] GC(1352)   Post Evacuate Collection Set: 0.90ms
[4587.404s][info][gc,phases      ] GC(1352)   Other: 0.09ms
[4587.404s][info][gc,heap        ] GC(1352) Eden regions: 1115->0(1120)
[4587.404s][info][gc,heap        ] GC(1352) Survivor regions: 113->108(154)
[4587.404s][info][gc,heap        ] GC(1352) Old regions: 477->509
[4587.404s][info][gc,heap        ] GC(1352) Humongous regions: 80->80
[4587.404s][info][gc,metaspace   ] GC(1352) Metaspace: 28902K(29248K)->28902K(29248K) NonClass: 24034K(24192K)->24034K(24192K) Class: 4868K(5056K)->4868K(5056K)
[4587.404s][info][gc             ] GC(1352) Pause Young (Concurrent Start) (G1 Evacuation Pause) 3569M->1393M(4096M) 117.994ms
[4587.404s][info][gc             ] GC(1353) Concurrent Mark Cycle
[4587.404s][info][gc,marking     ] GC(1353) Concurrent Scan Root Regions
[4587.404s][info][gc,cpu         ] GC(1352) User=0.70s Sys=0.00s Real=0.12s
.[4587.610s][info][gc,marking     ] GC(1353) Concurrent Scan Root Regions 206.687ms
[4587.610s][info][gc,marking     ] GC(1353) Concurrent Mark
[4587.610s][info][gc,marking     ] GC(1353) Concurrent Mark From Roots
[4587.610s][info][gc,task        ] GC(1353) Using 2 workers of 2 for marking
.[4588.619s][info][gc,marking     ] GC(1353) Concurrent Mark From Roots 1008.485ms
[4588.619s][info][gc,marking     ] GC(1353) Concurrent Preclean
[4588.619s][info][gc,marking     ] GC(1353) Concurrent Preclean 0.089ms
[4588.623s][info][gc,start       ] GC(1353) Pause Remark
[4588.630s][info][gc             ] GC(1353) Pause Remark 2565M->2565M(4096M) 7.179ms
[4588.630s][info][gc,cpu         ] GC(1353) User=0.04s Sys=0.00s Real=0.01s
[4588.630s][info][gc,marking     ] GC(1353) Concurrent Mark 1019.548ms
[4588.630s][info][gc,marking     ] GC(1353) Concurrent Rebuild Remembered Sets and Scrub Regions
[4589.053s][info][gc,marking     ] GC(1353) Concurrent Rebuild Remembered Sets and Scrub Regions 422.726ms
[4589.054s][info][gc,start       ] GC(1353) Pause Cleanup
[4589.054s][info][gc             ] GC(1353) Pause Cleanup 3011M->3011M(4096M) 0.145ms
[4589.054s][info][gc,cpu         ] GC(1353) User=0.00s Sys=0.00s Real=0.00s
[4589.054s][info][gc,marking     ] GC(1353) Concurrent Clear Claimed Marks
[4589.054s][info][gc,marking     ] GC(1353) Concurrent Clear Claimed Marks 0.023ms
[4589.054s][info][gc,marking     ] GC(1353) Concurrent Cleanup for Next Mark
[4589.060s][info][gc,marking     ] GC(1353) Concurrent Cleanup for Next Mark 5.679ms
[4589.060s][info][gc             ] GC(1353) Concurrent Mark Cycle 1656.383ms
.[4589.597s][info][gc,start       ] GC(1354) Pause Young (Prepare Mixed) (G1 Evacuation Pause)
[4589.598s][info][gc,task        ] GC(1354) Using 6 workers of 6 for evacuation
[4589.716s][info][gc,phases      ] GC(1354)   Pre Evacuate Collection Set: 0.35ms
[4589.716s][info][gc,phases      ] GC(1354)   Merge Heap Roots: 0.46ms
[4589.716s][info][gc,phases      ] GC(1354)   Evacuate Collection Set: 116.63ms
[4589.716s][info][gc,phases      ] GC(1354)   Post Evacuate Collection Set: 0.92ms
[4589.716s][info][gc,phases      ] GC(1354)   Other: 0.09ms
[4589.716s][info][gc,heap        ] GC(1354) Eden regions: 1120->0(1102)
[4589.716s][info][gc,heap        ] GC(1354) Survivor regions: 108->111(154)
[4589.716s][info][gc,heap        ] GC(1354) Old regions: 509->541
[4589.716s][info][gc,heap        ] GC(1354) Humongous regions: 80->80
[4589.716s][info][gc,metaspace   ] GC(1354) Metaspace: 28902K(29248K)->28902K(29248K) NonClass: 24034K(24192K)->24034K(24192K) Class: 4868K(5056K)->4868K(5056K)
[4589.716s][info][gc             ] GC(1354) Pause Young (Prepare Mixed) (G1 Evacuation Pause) 3633M->1461M(4096M) 118.594ms
[4589.716s][info][gc,cpu         ] GC(1354) User=0.69s Sys=0.01s Real=0.12s
..[4591.806s][info][gc,start       ] GC(1355) Pause Young (Mixed) (G1 Evacuation Pause)
[4591.806s][info][gc,task        ] GC(1355) Using 6 workers of 6 for evacuation
[4591.940s][info][gc,phases      ] GC(1355)   Pre Evacuate Collection Set: 0.38ms
[4591.940s][info][gc,phases      ] GC(1355)   Merge Heap Roots: 0.60ms
[4591.940s][info][gc,phases      ] GC(1355)   Evacuate Collection Set: 130.99ms
[4591.940s][info][gc,phases      ] GC(1355)   Post Evacuate Collection Set: 0.98ms
[4591.940s][info][gc,phases      ] GC(1355)   Other: 0.09ms
[4591.940s][info][gc,heap        ] GC(1355) Eden regions: 1102->0(1116)
[4591.940s][info][gc,heap        ] GC(1355) Survivor regions: 111->112(152)
[4591.940s][info][gc,heap        ] GC(1355) Old regions: 541->475
[4591.940s][info][gc,heap        ] GC(1355) Humongous regions: 80->80
[4591.940s][info][gc,metaspace   ] GC(1355) Metaspace: 28902K(29248K)->28902K(29248K) NonClass: 24034K(24192K)->24034K(24192K) Class: 4868K(5056K)->4868K(5056K)
[4591.940s][info][gc             ] GC(1355) Pause Young (Mixed) (G1 Evacuation Pause) 3665M->1331M(4096M) 133.160ms
[4591.940s][info][gc,cpu         ] GC(1355) User=0.79s Sys=0.00s Real=0.14s
..[4594.109s][info][gc,start       ] GC(1356) Pause Young (Concurrent Start) (G1 Evacuation Pause)
[4594.109s][info][gc,task        ] GC(1356) Using 6 workers of 6 for evacuation
[4594.235s][info][gc,phases      ] GC(1356)   Pre Evacuate Collection Set: 0.40ms
[4594.235s][info][gc,phases      ] GC(1356)   Merge Heap Roots: 0.45ms
[4594.235s][info][gc,phases      ] GC(1356)   Evacuate Collection Set: 123.95ms
[4594.235s][info][gc,phases      ] GC(1356)   Post Evacuate Collection Set: 0.88ms
[4594.235s][info][gc,phases      ] GC(1356)   Other: 0.11ms
[4594.235s][info][gc,heap        ] GC(1356) Eden regions: 1116->0(1111)
[4594.235s][info][gc,heap        ] GC(1356) Survivor regions: 112->117(154)
[4594.235s][info][gc,heap        ] GC(1356) Old regions: 475->506
[4594.235s][info][gc,heap        ] GC(1356) Humongous regions: 80->80
[4594.235s][info][gc,metaspace   ] GC(1356) Metaspace: 28902K(29248K)->28902K(29248K) NonClass: 24034K(24192K)->24034K(24192K) Class: 4868K(5056K)->4868K(5056K)
[4594.235s][info][gc             ] GC(1356) Pause Young (Concurrent Start) (G1 Evacuation Pause) 3563M->1405M(4096M) 125.910ms
[4594.235s][info][gc             ] GC(1357) Concurrent Mark Cycle
[4594.235s][info][gc,marking     ] GC(1357) Concurrent Scan Root Regions
[4594.235s][info][gc,cpu         ] GC(1356) User=0.74s Sys=0.00s Real=0.12s
[4594.430s][info][gc,marking     ] GC(1357) Concurrent Scan Root Regions 194.940ms
[4594.430s][info][gc,marking     ] GC(1357) Concurrent Mark
[4594.430s][info][gc,marking     ] GC(1357) Concurrent Mark From Roots
[4594.430s][info][gc,task        ] GC(1357) Using 2 workers of 2 for marking
.[4595.206s][info][gc,marking     ] GC(1357) Concurrent Mark From Roots 776.365ms
[4595.206s][info][gc,marking     ] GC(1357) Concurrent Preclean
[4595.206s][info][gc,marking     ] GC(1357) Concurrent Preclean 0.133ms
[4595.211s][info][gc,start       ] GC(1357) Pause Remark
[4595.216s][info][gc             ] GC(1357) Pause Remark 2271M->2271M(4096M) 4.819ms
[4595.216s][info][gc,cpu         ] GC(1357) User=0.03s Sys=0.00s Real=0.00s
[4595.216s][info][gc,marking     ] GC(1357) Concurrent Mark 786.331ms
[4595.216s][info][gc,marking     ] GC(1357) Concurrent Rebuild Remembered Sets and Scrub Regions
[4595.512s][info][gc,marking     ] GC(1357) Concurrent Rebuild Remembered Sets and Scrub Regions 296.273ms
[4595.513s][info][gc,start       ] GC(1357) Pause Cleanup
[4595.513s][info][gc             ] GC(1357) Pause Cleanup 2604M->2604M(4096M) 0.120ms
[4595.513s][info][gc,cpu         ] GC(1357) User=0.00s Sys=0.00s Real=0.00s
[4595.513s][info][gc,marking     ] GC(1357) Concurrent Clear Claimed Marks
[4595.513s][info][gc,marking     ] GC(1357) Concurrent Clear Claimed Marks 0.020ms
[4595.513s][info][gc,marking     ] GC(1357) Concurrent Cleanup for Next Mark
[4595.521s][info][gc,marking     ] GC(1357) Concurrent Cleanup for Next Mark 8.620ms
[4595.522s][info][gc             ] GC(1357) Concurrent Mark Cycle 1286.785ms
.[4596.336s][info][gc,start       ] GC(1358) Pause Young (Prepare Mixed) (G1 Evacuation Pause)
[4596.336s][info][gc,task        ] GC(1358) Using 6 workers of 6 for evacuation
[4596.450s][info][gc,phases      ] GC(1358)   Pre Evacuate Collection Set: 0.37ms
[4596.450s][info][gc,phases      ] GC(1358)   Merge Heap Roots: 0.50ms
[4596.450s][info][gc,phases      ] GC(1358)   Evacuate Collection Set: 112.10ms
[4596.450s][info][gc,phases      ] GC(1358)   Post Evacuate Collection Set: 0.94ms
[4596.450s][info][gc,phases      ] GC(1358)   Other: 0.09ms
[4596.450s][info][gc,heap        ] GC(1358) Eden regions: 1111->0(1112)
[4596.450s][info][gc,heap        ] GC(1358) Survivor regions: 117->107(154)
[4596.450s][info][gc,heap        ] GC(1358) Old regions: 506->539
[4596.450s][info][gc,heap        ] GC(1358) Humongous regions: 80->80
[4596.450s][info][gc,metaspace   ] GC(1358) Metaspace: 28902K(29248K)->28902K(29248K) NonClass: 24034K(24192K)->24034K(24192K) Class: 4868K(5056K)->4868K(5056K)
[4596.450s][info][gc             ] GC(1358) Pause Young (Prepare Mixed) (G1 Evacuation Pause) 3627M->1449M(4096M) 114.139ms
[4596.450s][info][gc,cpu         ] GC(1358) User=0.68s Sys=0.00s Real=0.12s
..[4598.657s][info][gc,start       ] GC(1359) Pause Young (Mixed) (G1 Evacuation Pause)
[4598.657s][info][gc,task        ] GC(1359) Using 6 workers of 6 for evacuation
[4598.792s][info][gc,phases      ] GC(1359)   Pre Evacuate Collection Set: 0.38ms
[4598.792s][info][gc,phases      ] GC(1359)   Merge Heap Roots: 0.68ms
[4598.792s][info][gc,phases      ] GC(1359)   Evacuate Collection Set: 133.16ms
[4598.792s][info][gc,phases      ] GC(1359)   Post Evacuate Collection Set: 0.98ms
[4598.792s][info][gc,phases      ] GC(1359)   Other: 0.09ms
[4598.792s][info][gc,heap        ] GC(1359) Eden regions: 1112->0(1119)
[4598.792s][info][gc,heap        ] GC(1359) Survivor regions: 107->109(153)
[4598.792s][info][gc,heap        ] GC(1359) Old regions: 539->477
[4598.792s][info][gc,heap        ] GC(1359) Humongous regions: 80->80
[4598.792s][info][gc,metaspace   ] GC(1359) Metaspace: 28902K(29248K)->28902K(29248K) NonClass: 24034K(24192K)->24034K(24192K) Class: 4868K(5056K)->4868K(5056K)
[4598.792s][info][gc             ] GC(1359) Pause Young (Mixed) (G1 Evacuation Pause) 3673M->1329M(4096M) 135.449ms
[4598.792s][info][gc,cpu         ] GC(1359) User=0.80s Sys=0.00s Real=0.14s
...[4600.956s][info][gc,start       ] GC(1360) Pause Young (Concurrent Start) (G1 Evacuation Pause)
[4600.956s][info][gc,task        ] GC(1360) Using 6 workers of 6 for evacuation
[4601.074s][info][gc,phases      ] GC(1360)   Pre Evacuate Collection Set: 0.37ms
[4601.074s][info][gc,phases      ] GC(1360)   Merge Heap Roots: 0.43ms
[4601.074s][info][gc,phases      ] GC(1360)   Evacuate Collection Set: 116.65ms
[4601.074s][info][gc,phases      ] GC(1360)   Post Evacuate Collection Set: 0.90ms
[4601.074s][info][gc,phases      ] GC(1360)   Other: 0.11ms
[4601.074s][info][gc,heap        ] GC(1360) Eden regions: 1119->0(1117)
[4601.074s][info][gc,heap        ] GC(1360) Survivor regions: 109->111(154)
[4601.074s][info][gc,heap        ] GC(1360) Old regions: 477->508
[4601.074s][info][gc,heap        ] GC(1360) Humongous regions: 80->80
[4601.074s][info][gc,metaspace   ] GC(1360) Metaspace: 28902K(29248K)->28902K(29248K) NonClass: 24034K(24192K)->24034K(24192K) Class: 4868K(5056K)->4868K(5056K)
[4601.074s][info][gc             ] GC(1360) Pause Young (Concurrent Start) (G1 Evacuation Pause) 3567M->1396M(4096M) 118.608ms
[4601.074s][info][gc             ] GC(1361) Concurrent Mark Cycle
[4601.074s][info][gc,marking     ] GC(1361) Concurrent Scan Root Regions
[4601.074s][info][gc,cpu         ] GC(1360) User=0.70s Sys=0.00s Real=0.12s
[4601.213s][info][gc,marking     ] GC(1361) Concurrent Scan Root Regions 138.447ms
[4601.213s][info][gc,marking     ] GC(1361) Concurrent Mark
[4601.213s][info][gc,marking     ] GC(1361) Concurrent Mark From Roots
[4601.213s][info][gc,task        ] GC(1361) Using 2 workers of 2 for marking
.[4601.942s][info][gc,marking     ] GC(1361) Concurrent Mark From Roots 729.643ms
[4601.943s][info][gc,marking     ] GC(1361) Concurrent Preclean
[4601.943s][info][gc,marking     ] GC(1361) Concurrent Preclean 0.113ms
[4601.944s][info][gc,start       ] GC(1361) Pause Remark
[4601.949s][info][gc             ] GC(1361) Pause Remark 2112M->2112M(4096M) 4.810ms
[4601.949s][info][gc,cpu         ] GC(1361) User=0.03s Sys=0.00s Real=0.01s
[4601.949s][info][gc,marking     ] GC(1361) Concurrent Mark 736.573ms
[4601.949s][info][gc,marking     ] GC(1361) Concurrent Rebuild Remembered Sets and Scrub Regions
[4602.213s][info][gc,marking     ] GC(1361) Concurrent Rebuild Remembered Sets and Scrub Regions 263.898ms
[4602.213s][info][gc,start       ] GC(1361) Pause Cleanup
[4602.214s][info][gc             ] GC(1361) Pause Cleanup 2351M->2351M(4096M) 0.130ms
[4602.214s][info][gc,cpu         ] GC(1361) User=0.00s Sys=0.00s Real=0.00s
[4602.214s][info][gc,marking     ] GC(1361) Concurrent Clear Claimed Marks
[4602.214s][info][gc,marking     ] GC(1361) Concurrent Clear Claimed Marks 0.027ms
[4602.214s][info][gc,marking     ] GC(1361) Concurrent Cleanup for Next Mark
[4602.219s][info][gc,marking     ] GC(1361) Concurrent Cleanup for Next Mark 5.324ms
[4602.219s][info][gc             ] GC(1361) Concurrent Mark Cycle 1144.808ms
.[4603.247s][info][gc,start       ] GC(1362) Pause Young (Prepare Mixed) (G1 Evacuation Pause)
[4603.247s][info][gc,task        ] GC(1362) Using 6 workers of 6 for evacuation
[4603.361s][info][gc,phases      ] GC(1362)   Pre Evacuate Collection Set: 0.35ms
[4603.361s][info][gc,phases      ] GC(1362)   Merge Heap Roots: 0.48ms
[4603.361s][info][gc,phases      ] GC(1362)   Evacuate Collection Set: 112.62ms
[4603.361s][info][gc,phases      ] GC(1362)   Post Evacuate Collection Set: 0.94ms
[4603.361s][info][gc,phases      ] GC(1362)   Other: 0.09ms
[4603.361s][info][gc,heap        ] GC(1362) Eden regions: 1117->0(1111)
[4603.361s][info][gc,heap        ] GC(1362) Survivor regions: 111->107(154)
[4603.361s][info][gc,heap        ] GC(1362) Old regions: 508->540
[4603.361s][info][gc,heap        ] GC(1362) Humongous regions: 80->80
[4603.361s][info][gc,metaspace   ] GC(1362) Metaspace: 28902K(29248K)->28902K(29248K) NonClass: 24034K(24192K)->24034K(24192K) Class: 4868K(5056K)->4868K(5056K)
[4603.361s][info][gc             ] GC(1362) Pause Young (Prepare Mixed) (G1 Evacuation Pause) 3630M->1452M(4096M) 114.625ms
[4603.362s][info][gc,cpu         ] GC(1362) User=0.68s Sys=0.00s Real=0.12s
..[4605.465s][info][gc,start       ] GC(1363) Pause Young (Mixed) (G1 Evacuation Pause)
[4605.465s][info][gc,task        ] GC(1363) Using 6 workers of 6 for evacuation
[4605.594s][info][gc,phases      ] GC(1363)   Pre Evacuate Collection Set: 0.39ms
[4605.594s][info][gc,phases      ] GC(1363)   Merge Heap Roots: 0.65ms
[4605.594s][info][gc,phases      ] GC(1363)   Evacuate Collection Set: 127.69ms
[4605.594s][info][gc,phases      ] GC(1363)   Post Evacuate Collection Set: 0.96ms
[4605.594s][info][gc,phases      ] GC(1363)   Other: 0.11ms
[4605.594s][info][gc,heap        ] GC(1363) Eden regions: 1111->0(1121)
[4605.594s][info][gc,heap        ] GC(1363) Survivor regions: 107->107(153)
[4605.594s][info][gc,heap        ] GC(1363) Old regions: 540->476
[4605.594s][info][gc,heap        ] GC(1363) Humongous regions: 80->80
[4605.594s][info][gc,metaspace   ] GC(1363) Metaspace: 28902K(29248K)->28902K(29248K) NonClass: 24034K(24192K)->24034K(24192K) Class: 4868K(5056K)->4868K(5056K)
[4605.594s][info][gc             ] GC(1363) Pause Young (Mixed) (G1 Evacuation Pause) 3674M->1325M(4096M) 129.927ms
[4605.595s][info][gc,cpu         ] GC(1363) User=0.77s Sys=0.00s Real=0.13s
..[4607.874s][info][gc,start       ] GC(1364) Pause Young (Concurrent Start) (G1 Evacuation Pause)
[4607.874s][info][gc,task        ] GC(1364) Using 6 workers of 6 for evacuation
[4607.989s][info][gc,phases      ] GC(1364)   Pre Evacuate Collection Set: 0.38ms
[4607.989s][info][gc,phases      ] GC(1364)   Merge Heap Roots: 0.43ms
[4607.989s][info][gc,phases      ] GC(1364)   Evacuate Collection Set: 113.67ms
[4607.989s][info][gc,phases      ] GC(1364)   Post Evacuate Collection Set: 0.90ms
[4607.989s][info][gc,phases      ] GC(1364)   Other: 0.11ms
[4607.989s][info][gc,heap        ] GC(1364) Eden regions: 1121->0(1118)
[4607.989s][info][gc,heap        ] GC(1364) Survivor regions: 107->110(154)
[4607.989s][info][gc,heap        ] GC(1364) Old regions: 476->508
[4607.989s][info][gc,heap        ] GC(1364) Humongous regions: 80->80
[4607.989s][info][gc,metaspace   ] GC(1364) Metaspace: 28902K(29248K)->28902K(29248K) NonClass: 24034K(24192K)->24034K(24192K) Class: 4868K(5056K)->4868K(5056K)
[4607.989s][info][gc             ] GC(1364) Pause Young (Concurrent Start) (G1 Evacuation Pause) 3567M->1394M(4096M) 115.648ms
[4607.989s][info][gc             ] GC(1365) Concurrent Mark Cycle
[4607.989s][info][gc,marking     ] GC(1365) Concurrent Scan Root Regions
[4607.989s][info][gc,cpu         ] GC(1364) User=0.68s Sys=0.00s Real=0.12s
.[4608.148s][info][gc,marking     ] GC(1365) Concurrent Scan Root Regions 158.229ms
[4608.148s][info][gc,marking     ] GC(1365) Concurrent Mark
[4608.148s][info][gc,marking     ] GC(1365) Concurrent Mark From Roots
[4608.148s][info][gc,task        ] GC(1365) Using 2 workers of 2 for marking
.[4609.149s][info][gc,marking     ] GC(1365) Concurrent Mark From Roots 1000.957ms
[4609.149s][info][gc,marking     ] GC(1365) Concurrent Preclean
[4609.149s][info][gc,marking     ] GC(1365) Concurrent Preclean 0.119ms
[4609.149s][info][gc,start       ] GC(1365) Pause Remark
[4609.156s][info][gc             ] GC(1365) Pause Remark 2472M->2472M(4096M) 6.563ms
[4609.156s][info][gc,cpu         ] GC(1365) User=0.04s Sys=0.00s Real=0.00s
[4609.156s][info][gc,marking     ] GC(1365) Concurrent Mark 1008.544ms
[4609.156s][info][gc,marking     ] GC(1365) Concurrent Rebuild Remembered Sets and Scrub Regions
[4609.470s][info][gc,marking     ] GC(1365) Concurrent Rebuild Remembered Sets and Scrub Regions 314.237ms
[4609.471s][info][gc,start       ] GC(1365) Pause Cleanup
[4609.471s][info][gc             ] GC(1365) Pause Cleanup 2838M->2838M(4096M) 0.120ms
[4609.471s][info][gc,cpu         ] GC(1365) User=0.00s Sys=0.00s Real=0.00s
[4609.473s][info][gc,marking     ] GC(1365) Concurrent Clear Claimed Marks
[4609.473s][info][gc,marking     ] GC(1365) Concurrent Clear Claimed Marks 0.052ms
[4609.473s][info][gc,marking     ] GC(1365) Concurrent Cleanup for Next Mark
[4609.484s][info][gc,marking     ] GC(1365) Concurrent Cleanup for Next Mark 11.026ms
[4609.484s][info][gc             ] GC(1365) Concurrent Mark Cycle 1495.004ms
.[4610.167s][info][gc,start       ] GC(1366) Pause Young (Prepare Mixed) (G1 Evacuation Pause)
[4610.167s][info][gc,task        ] GC(1366) Using 6 workers of 6 for evacuation
[4610.286s][info][gc,phases      ] GC(1366)   Pre Evacuate Collection Set: 0.36ms
[4610.286s][info][gc,phases      ] GC(1366)   Merge Heap Roots: 0.52ms
[4610.286s][info][gc,phases      ] GC(1366)   Evacuate Collection Set: 117.39ms
[4610.286s][info][gc,phases      ] GC(1366)   Post Evacuate Collection Set: 0.93ms
[4610.286s][info][gc,phases      ] GC(1366)   Other: 0.08ms
[4610.286s][info][gc,heap        ] GC(1366) Eden regions: 1118->0(1098)
[4610.286s][info][gc,heap        ] GC(1366) Survivor regions: 110->114(154)
[4610.286s][info][gc,heap        ] GC(1366) Old regions: 508->539
[4610.286s][info][gc,heap        ] GC(1366) Humongous regions: 80->80
[4610.286s][info][gc,metaspace   ] GC(1366) Metaspace: 28902K(29248K)->28902K(29248K) NonClass: 24034K(24192K)->24034K(24192K) Class: 4868K(5056K)->4868K(5056K)
[4610.286s][info][gc             ] GC(1366) Pause Young (Prepare Mixed) (G1 Evacuation Pause) 3630M->1464M(4096M) 119.414ms
[4610.286s][info][gc,cpu         ] GC(1366) User=0.70s Sys=0.00s Real=0.12s
..[4612.397s][info][gc,start       ] GC(1367) Pause Young (Mixed) (G1 Evacuation Pause)
[4612.397s][info][gc,task        ] GC(1367) Using 6 workers of 6 for evacuation
[4612.536s][info][gc,phases      ] GC(1367)   Pre Evacuate Collection Set: 0.36ms
[4612.536s][info][gc,phases      ] GC(1367)   Merge Heap Roots: 0.67ms
[4612.536s][info][gc,phases      ] GC(1367)   Evacuate Collection Set: 137.22ms
[4612.536s][info][gc,phases      ] GC(1367)   Post Evacuate Collection Set: 0.95ms
[4612.536s][info][gc,phases      ] GC(1367)   Other: 0.09ms
[4612.536s][info][gc,heap        ] GC(1367) Eden regions: 1098->0(1117)
[4612.536s][info][gc,heap        ] GC(1367) Survivor regions: 114->111(152)
[4612.536s][info][gc,heap        ] GC(1367) Old regions: 539->476
[4612.536s][info][gc,heap        ] GC(1367) Humongous regions: 80->80
[4612.536s][info][gc,metaspace   ] GC(1367) Metaspace: 28902K(29248K)->28902K(29248K) NonClass: 24034K(24192K)->24034K(24192K) Class: 4868K(5056K)->4868K(5056K)
[4612.536s][info][gc             ] GC(1367) Pause Young (Mixed) (G1 Evacuation Pause) 3660M->1332M(4096M) 139.414ms
[4612.536s][info][gc,cpu         ] GC(1367) User=0.83s Sys=0.00s Real=0.14s
..[4614.626s][info][gc,start       ] GC(1368) Pause Young (Concurrent Start) (G1 Evacuation Pause)
[4614.626s][info][gc,task        ] GC(1368) Using 6 workers of 6 for evacuation
[4614.746s][info][gc,phases      ] GC(1368)   Pre Evacuate Collection Set: 0.40ms
[4614.746s][info][gc,phases      ] GC(1368)   Merge Heap Roots: 0.43ms
[4614.746s][info][gc,phases      ] GC(1368)   Evacuate Collection Set: 117.76ms
[4614.746s][info][gc,phases      ] GC(1368)   Post Evacuate Collection Set: 0.92ms
[4614.746s][info][gc,phases      ] GC(1368)   Other: 0.10ms
[4614.746s][info][gc,heap        ] GC(1368) Eden regions: 1117->0(1116)
[4614.746s][info][gc,heap        ] GC(1368) Survivor regions: 111->112(154)
[4614.746s][info][gc,heap        ] GC(1368) Old regions: 476->508
[4614.746s][info][gc,heap        ] GC(1368) Humongous regions: 80->80
[4614.746s][info][gc,metaspace   ] GC(1368) Metaspace: 28902K(29248K)->28902K(29248K) NonClass: 24034K(24192K)->24034K(24192K) Class: 4868K(5056K)->4868K(5056K)
[4614.746s][info][gc             ] GC(1368) Pause Young (Concurrent Start) (G1 Evacuation Pause) 3566M->1398M(4096M) 119.735ms
[4614.746s][info][gc             ] GC(1369) Concurrent Mark Cycle
[4614.746s][info][gc,marking     ] GC(1369) Concurrent Scan Root Regions
[4614.746s][info][gc,cpu         ] GC(1368) User=0.70s Sys=0.00s Real=0.12s
[4614.943s][info][gc,marking     ] GC(1369) Concurrent Scan Root Regions 197.471ms
[4614.943s][info][gc,marking     ] GC(1369) Concurrent Mark
[4614.943s][info][gc,marking     ] GC(1369) Concurrent Mark From Roots
[4614.943s][info][gc,task        ] GC(1369) Using 2 workers of 2 for marking
.[4616.032s][info][gc,marking     ] GC(1369) Concurrent Mark From Roots 1088.632ms
[4616.032s][info][gc,marking     ] GC(1369) Concurrent Preclean
[4616.032s][info][gc,marking     ] GC(1369) Concurrent Preclean 0.135ms
[4616.034s][info][gc,start       ] GC(1369) Pause Remark
[4616.041s][info][gc             ] GC(1369) Pause Remark 2624M->2624M(4096M) 7.490ms
[4616.041s][info][gc,cpu         ] GC(1369) User=0.03s Sys=0.00s Real=0.01s
[4616.042s][info][gc,marking     ] GC(1369) Concurrent Mark 1098.297ms
[4616.042s][info][gc,marking     ] GC(1369) Concurrent Rebuild Remembered Sets and Scrub Regions
.[4616.442s][info][gc,marking     ] GC(1369) Concurrent Rebuild Remembered Sets and Scrub Regions 400.455ms
[4616.444s][info][gc,start       ] GC(1369) Pause Cleanup
[4616.444s][info][gc             ] GC(1369) Pause Cleanup 3064M->3064M(4096M) 0.134ms
[4616.444s][info][gc,cpu         ] GC(1369) User=0.00s Sys=0.00s Real=0.00s
[4616.444s][info][gc,marking     ] GC(1369) Concurrent Clear Claimed Marks
[4616.444s][info][gc,marking     ] GC(1369) Concurrent Clear Claimed Marks 0.035ms
[4616.444s][info][gc,marking     ] GC(1369) Concurrent Cleanup for Next Mark
[4616.452s][info][gc,marking     ] GC(1369) Concurrent Cleanup for Next Mark 7.523ms
[4616.452s][info][gc             ] GC(1369) Concurrent Mark Cycle 1706.361ms
[4616.902s][info][gc,start       ] GC(1370) Pause Young (Prepare Mixed) (G1 Evacuation Pause)
[4616.902s][info][gc,task        ] GC(1370) Using 6 workers of 6 for evacuation
[4617.024s][info][gc,phases      ] GC(1370)   Pre Evacuate Collection Set: 0.33ms
[4617.024s][info][gc,phases      ] GC(1370)   Merge Heap Roots: 0.49ms
[4617.024s][info][gc,phases      ] GC(1370)   Evacuate Collection Set: 120.28ms
[4617.024s][info][gc,phases      ] GC(1370)   Post Evacuate Collection Set: 0.92ms
[4617.024s][info][gc,phases      ] GC(1370)   Other: 0.09ms
[4617.024s][info][gc,heap        ] GC(1370) Eden regions: 1116->0(1095)
[4617.024s][info][gc,heap        ] GC(1370) Survivor regions: 112->115(154)
[4617.024s][info][gc,heap        ] GC(1370) Old regions: 508->540
[4617.024s][info][gc,heap        ] GC(1370) Humongous regions: 80->80
[4617.024s][info][gc,metaspace   ] GC(1370) Metaspace: 28902K(29248K)->28902K(29248K) NonClass: 24034K(24192K)->24034K(24192K) Class: 4868K(5056K)->4868K(5056K)
[4617.024s][info][gc             ] GC(1370) Pause Young (Prepare Mixed) (G1 Evacuation Pause) 3630M->1467M(4096M) 122.255ms
[4617.024s][info][gc,cpu         ] GC(1370) User=0.73s Sys=0.00s Real=0.12s
...[4619.232s][info][gc,start       ] GC(1371) Pause Young (Mixed) (G1 Evacuation Pause)
[4619.232s][info][gc,task        ] GC(1371) Using 6 workers of 6 for evacuation
[4619.362s][info][gc,phases      ] GC(1371)   Pre Evacuate Collection Set: 0.42ms
[4619.362s][info][gc,phases      ] GC(1371)   Merge Heap Roots: 0.65ms
[4619.362s][info][gc,phases      ] GC(1371)   Evacuate Collection Set: 127.34ms
[4619.362s][info][gc,phases      ] GC(1371)   Post Evacuate Collection Set: 0.94ms
[4619.362s][info][gc,phases      ] GC(1371)   Other: 0.08ms
[4619.362s][info][gc,heap        ] GC(1371) Eden regions: 1095->0(1121)
[4619.362s][info][gc,heap        ] GC(1371) Survivor regions: 115->107(152)
[4619.362s][info][gc,heap        ] GC(1371) Old regions: 540->478
[4619.362s][info][gc,heap        ] GC(1371) Humongous regions: 80->80
[4619.362s][info][gc,metaspace   ] GC(1371) Metaspace: 28902K(29248K)->28902K(29248K) NonClass: 24034K(24192K)->24034K(24192K) Class: 4868K(5056K)->4868K(5056K)
[4619.362s][info][gc             ] GC(1371) Pause Young (Mixed) (G1 Evacuation Pause) 3657M->1328M(4096M) 129.576ms
[4619.362s][info][gc,cpu         ] GC(1371) User=0.76s Sys=0.01s Real=0.13s
..[4621.475s][info][gc,start       ] GC(1372) Pause Young (Concurrent Start) (G1 Evacuation Pause)
[4621.475s][info][gc,task        ] GC(1372) Using 6 workers of 6 for evacuation
[4621.596s][info][gc,phases      ] GC(1372)   Pre Evacuate Collection Set: 0.34ms
[4621.596s][info][gc,phases      ] GC(1372)   Merge Heap Roots: 0.44ms
[4621.596s][info][gc,phases      ] GC(1372)   Evacuate Collection Set: 118.80ms
[4621.596s][info][gc,phases      ] GC(1372)   Post Evacuate Collection Set: 0.90ms
[4621.596s][info][gc,phases      ] GC(1372)   Other: 0.11ms
[4621.596s][info][gc,heap        ] GC(1372) Eden regions: 1121->0(1116)
[4621.596s][info][gc,heap        ] GC(1372) Survivor regions: 107->112(154)
[4621.596s][info][gc,heap        ] GC(1372) Old regions: 478->510
[4621.596s][info][gc,heap        ] GC(1372) Humongous regions: 80->80
[4621.596s][info][gc,metaspace   ] GC(1372) Metaspace: 28902K(29248K)->28902K(29248K) NonClass: 24034K(24192K)->24034K(24192K) Class: 4868K(5056K)->4868K(5056K)
[4621.596s][info][gc             ] GC(1372) Pause Young (Concurrent Start) (G1 Evacuation Pause) 3570M->1402M(4096M) 120.748ms
[4621.596s][info][gc             ] GC(1373) Concurrent Mark Cycle
[4621.596s][info][gc,marking     ] GC(1373) Concurrent Scan Root Regions
[4621.596s][info][gc,cpu         ] GC(1372) User=0.72s Sys=0.00s Real=0.12s
[4621.803s][info][gc,marking     ] GC(1373) Concurrent Scan Root Regions 207.183ms
[4621.803s][info][gc,marking     ] GC(1373) Concurrent Mark
[4621.803s][info][gc,marking     ] GC(1373) Concurrent Mark From Roots
[4621.803s][info][gc,task        ] GC(1373) Using 2 workers of 2 for marking
.[4622.832s][info][gc,marking     ] GC(1373) Concurrent Mark From Roots 1028.630ms
[4622.832s][info][gc,marking     ] GC(1373) Concurrent Preclean
[4622.832s][info][gc,marking     ] GC(1373) Concurrent Preclean 0.116ms
[4622.834s][info][gc,start       ] GC(1373) Pause Remark
[4622.840s][info][gc             ] GC(1373) Pause Remark 2610M->2610M(4096M) 6.728ms
[4622.841s][info][gc,cpu         ] GC(1373) User=0.03s Sys=0.00s Real=0.01s
[4622.842s][info][gc,marking     ] GC(1373) Concurrent Mark 1038.656ms
[4622.842s][info][gc,marking     ] GC(1373) Concurrent Rebuild Remembered Sets and Scrub Regions
[4623.148s][info][gc,marking     ] GC(1373) Concurrent Rebuild Remembered Sets and Scrub Regions 306.153ms
[4623.149s][info][gc,start       ] GC(1373) Pause Cleanup
[4623.149s][info][gc             ] GC(1373) Pause Cleanup 2920M->2920M(4096M) 0.130ms
[4623.149s][info][gc,cpu         ] GC(1373) User=0.00s Sys=0.00s Real=0.00s
[4623.150s][info][gc,marking     ] GC(1373) Concurrent Clear Claimed Marks
[4623.150s][info][gc,marking     ] GC(1373) Concurrent Clear Claimed Marks 0.030ms
[4623.150s][info][gc,marking     ] GC(1373) Concurrent Cleanup for Next Mark
[4623.158s][info][gc,marking     ] GC(1373) Concurrent Cleanup for Next Mark 8.463ms
[4623.158s][info][gc             ] GC(1373) Concurrent Mark Cycle 1562.011ms
.[4623.765s][info][gc,start       ] GC(1374) Pause Young (Prepare Mixed) (G1 Evacuation Pause)
[4623.765s][info][gc,task        ] GC(1374) Using 6 workers of 6 for evacuation
[4623.882s][info][gc,phases      ] GC(1374)   Pre Evacuate Collection Set: 0.37ms
[4623.882s][info][gc,phases      ] GC(1374)   Merge Heap Roots: 0.50ms
[4623.882s][info][gc,phases      ] GC(1374)   Evacuate Collection Set: 115.28ms
[4623.882s][info][gc,phases      ] GC(1374)   Post Evacuate Collection Set: 0.93ms
[4623.882s][info][gc,phases      ] GC(1374)   Other: 0.09ms
[4623.882s][info][gc,heap        ] GC(1374) Eden regions: 1116->0(1105)
[4623.882s][info][gc,heap        ] GC(1374) Survivor regions: 112->109(154)
[4623.882s][info][gc,heap        ] GC(1374) Old regions: 510->542
[4623.882s][info][gc,heap        ] GC(1374) Humongous regions: 80->80
[4623.882s][info][gc,metaspace   ] GC(1374) Metaspace: 28902K(29248K)->28902K(29248K) NonClass: 24034K(24192K)->24034K(24192K) Class: 4868K(5056K)->4868K(5056K)
[4623.882s][info][gc             ] GC(1374) Pause Young (Prepare Mixed) (G1 Evacuation Pause) 3634M->1460M(4096M) 117.292ms
[4623.882s][info][gc,cpu         ] GC(1374) User=0.70s Sys=0.00s Real=0.12s
..[4626.062s][info][gc,start       ] GC(1375) Pause Young (Mixed) (G1 Evacuation Pause)
[4626.062s][info][gc,task        ] GC(1375) Using 6 workers of 6 for evacuation
[4626.194s][info][gc,phases      ] GC(1375)   Pre Evacuate Collection Set: 0.37ms
[4626.194s][info][gc,phases      ] GC(1375)   Merge Heap Roots: 0.59ms
[4626.194s][info][gc,phases      ] GC(1375)   Evacuate Collection Set: 130.78ms
[4626.194s][info][gc,phases      ] GC(1375)   Post Evacuate Collection Set: 0.95ms
[4626.194s][info][gc,phases      ] GC(1375)   Other: 0.10ms
[4626.194s][info][gc,heap        ] GC(1375) Eden regions: 1105->0(1116)
[4626.194s][info][gc,heap        ] GC(1375) Survivor regions: 109->112(152)
[4626.194s][info][gc,heap        ] GC(1375) Old regions: 542->477
[4626.194s][info][gc,heap        ] GC(1375) Humongous regions: 80->80
[4626.194s][info][gc,metaspace   ] GC(1375) Metaspace: 28902K(29248K)->28902K(29248K) NonClass: 24034K(24192K)->24034K(24192K) Class: 4868K(5056K)->4868K(5056K)
[4626.194s][info][gc             ] GC(1375) Pause Young (Mixed) (G1 Evacuation Pause) 3670M->1335M(4096M) 132.936ms
[4626.194s][info][gc,cpu         ] GC(1375) User=0.79s Sys=0.00s Real=0.13s
..[4628.292s][info][gc,start       ] GC(1376) Pause Young (Concurrent Start) (G1 Evacuation Pause)
[4628.292s][info][gc,task        ] GC(1376) Using 6 workers of 6 for evacuation
[4628.409s][info][gc,phases      ] GC(1376)   Pre Evacuate Collection Set: 0.37ms
[4628.409s][info][gc,phases      ] GC(1376)   Merge Heap Roots: 0.41ms
[4628.409s][info][gc,phases      ] GC(1376)   Evacuate Collection Set: 115.52ms
[4628.409s][info][gc,phases      ] GC(1376)   Post Evacuate Collection Set: 0.95ms
[4628.409s][info][gc,phases      ] GC(1376)   Other: 0.11ms
[4628.409s][info][gc,heap        ] GC(1376) Eden regions: 1116->0(1118)
[4628.409s][info][gc,heap        ] GC(1376) Survivor regions: 112->110(154)
[4628.409s][info][gc,heap        ] GC(1376) Old regions: 477->509
[4628.409s][info][gc,heap        ] GC(1376) Humongous regions: 80->80
[4628.409s][info][gc,metaspace   ] GC(1376) Metaspace: 28902K(29248K)->28902K(29248K) NonClass: 24034K(24192K)->24034K(24192K) Class: 4868K(5056K)->4868K(5056K)
[4628.409s][info][gc             ] GC(1376) Pause Young (Concurrent Start) (G1 Evacuation Pause) 3567M->1395M(4096M) 117.509ms
[4628.409s][info][gc             ] GC(1377) Concurrent Mark Cycle
[4628.409s][info][gc,marking     ] GC(1377) Concurrent Scan Root Regions
[4628.409s][info][gc,cpu         ] GC(1376) User=0.69s Sys=0.00s Real=0.12s
.[4628.599s][info][gc,marking     ] GC(1377) Concurrent Scan Root Regions 189.618ms
[4628.599s][info][gc,marking     ] GC(1377) Concurrent Mark
[4628.599s][info][gc,marking     ] GC(1377) Concurrent Mark From Roots
[4628.599s][info][gc,task        ] GC(1377) Using 2 workers of 2 for marking
.[4629.614s][info][gc,marking     ] GC(1377) Concurrent Mark From Roots 1014.919ms
[4629.614s][info][gc,marking     ] GC(1377) Concurrent Preclean
[4629.614s][info][gc,marking     ] GC(1377) Concurrent Preclean 0.098ms
[4629.616s][info][gc,start       ] GC(1377) Pause Remark
[4629.623s][info][gc             ] GC(1377) Pause Remark 2559M->2559M(4096M) 6.263ms
[4629.623s][info][gc,cpu         ] GC(1377) User=0.03s Sys=0.00s Real=0.01s
[4629.623s][info][gc,marking     ] GC(1377) Concurrent Mark 1023.659ms
[4629.623s][info][gc,marking     ] GC(1377) Concurrent Rebuild Remembered Sets and Scrub Regions
[4630.036s][info][gc,marking     ] GC(1377) Concurrent Rebuild Remembered Sets and Scrub Regions 413.437ms
[4630.038s][info][gc,start       ] GC(1377) Pause Cleanup
[4630.038s][info][gc             ] GC(1377) Pause Cleanup 2984M->2984M(4096M) 0.124ms
[4630.038s][info][gc,cpu         ] GC(1377) User=0.00s Sys=0.00s Real=0.00s
[4630.038s][info][gc,marking     ] GC(1377) Concurrent Clear Claimed Marks
[4630.038s][info][gc,marking     ] GC(1377) Concurrent Clear Claimed Marks 0.031ms
[4630.038s][info][gc,marking     ] GC(1377) Concurrent Cleanup for Next Mark
[4630.043s][info][gc,marking     ] GC(1377) Concurrent Cleanup for Next Mark 5.125ms
[4630.043s][info][gc             ] GC(1377) Concurrent Mark Cycle 1633.972ms
.[4630.609s][info][gc,start       ] GC(1378) Pause Young (Prepare Mixed) (G1 Evacuation Pause)
[4630.609s][info][gc,task        ] GC(1378) Using 6 workers of 6 for evacuation
[4630.728s][info][gc,phases      ] GC(1378)   Pre Evacuate Collection Set: 0.32ms
[4630.728s][info][gc,phases      ] GC(1378)   Merge Heap Roots: 0.52ms
[4630.728s][info][gc,phases      ] GC(1378)   Evacuate Collection Set: 116.87ms
[4630.728s][info][gc,phases      ] GC(1378)   Post Evacuate Collection Set: 0.95ms
[4630.728s][info][gc,phases      ] GC(1378)   Other: 0.09ms
[4630.728s][info][gc,heap        ] GC(1378) Eden regions: 1118->0(1106)
[4630.728s][info][gc,heap        ] GC(1378) Survivor regions: 110->109(154)
[4630.728s][info][gc,heap        ] GC(1378) Old regions: 509->541
[4630.728s][info][gc,heap        ] GC(1378) Humongous regions: 80->80
[4630.728s][info][gc,metaspace   ] GC(1378) Metaspace: 28902K(29248K)->28902K(29248K) NonClass: 24034K(24192K)->24034K(24192K) Class: 4868K(5056K)->4868K(5056K)
[4630.728s][info][gc             ] GC(1378) Pause Young (Prepare Mixed) (G1 Evacuation Pause) 3631M->1459M(4096M) 118.881ms
[4630.728s][info][gc,cpu         ] GC(1378) User=0.70s Sys=0.00s Real=0.12s
..[4632.811s][info][gc,start       ] GC(1379) Pause Young (Mixed) (G1 Evacuation Pause)
[4632.811s][info][gc,task        ] GC(1379) Using 6 workers of 6 for evacuation
[4632.949s][info][gc,phases      ] GC(1379)   Pre Evacuate Collection Set: 0.37ms
[4632.949s][info][gc,phases      ] GC(1379)   Merge Heap Roots: 0.74ms
[4632.949s][info][gc,phases      ] GC(1379)   Evacuate Collection Set: 135.66ms
[4632.949s][info][gc,phases      ] GC(1379)   Post Evacuate Collection Set: 0.93ms
[4632.949s][info][gc,phases      ] GC(1379)   Other: 0.09ms
[4632.949s][info][gc,heap        ] GC(1379) Eden regions: 1106->0(1117)
[4632.949s][info][gc,heap        ] GC(1379) Survivor regions: 109->111(152)
[4632.949s][info][gc,heap        ] GC(1379) Old regions: 541->476
[4632.949s][info][gc,heap        ] GC(1379) Humongous regions: 80->80
[4632.949s][info][gc,metaspace   ] GC(1379) Metaspace: 28902K(29248K)->28902K(29248K) NonClass: 24034K(24192K)->24034K(24192K) Class: 4868K(5056K)->4868K(5056K)
[4632.949s][info][gc             ] GC(1379) Pause Young (Mixed) (G1 Evacuation Pause) 3671M->1332M(4096M) 137.919ms
[4632.949s][info][gc,cpu         ] GC(1379) User=0.81s Sys=0.00s Real=0.14s
..[4635.046s][info][gc,start       ] GC(1380) Pause Young (Concurrent Start) (G1 Evacuation Pause)
[4635.046s][info][gc,task        ] GC(1380) Using 6 workers of 6 for evacuation
[4635.171s][info][gc,phases      ] GC(1380)   Pre Evacuate Collection Set: 0.37ms
[4635.171s][info][gc,phases      ] GC(1380)   Merge Heap Roots: 0.42ms
[4635.171s][info][gc,phases      ] GC(1380)   Evacuate Collection Set: 123.88ms
[4635.171s][info][gc,phases      ] GC(1380)   Post Evacuate Collection Set: 0.89ms
[4635.171s][info][gc,phases      ] GC(1380)   Other: 0.11ms
[4635.171s][info][gc,heap        ] GC(1380) Eden regions: 1117->0(1112)
[4635.171s][info][gc,heap        ] GC(1380) Survivor regions: 111->116(154)
[4635.171s][info][gc,heap        ] GC(1380) Old regions: 476->509
[4635.171s][info][gc,heap        ] GC(1380) Humongous regions: 80->80
[4635.171s][info][gc,metaspace   ] GC(1380) Metaspace: 28902K(29248K)->28902K(29248K) NonClass: 24034K(24192K)->24034K(24192K) Class: 4868K(5056K)->4868K(5056K)
[4635.171s][info][gc             ] GC(1380) Pause Young (Concurrent Start) (G1 Evacuation Pause) 3566M->1408M(4096M) 125.810ms
[4635.171s][info][gc             ] GC(1381) Concurrent Mark Cycle
[4635.172s][info][gc,marking     ] GC(1381) Concurrent Scan Root Regions
[4635.172s][info][gc,cpu         ] GC(1380) User=0.74s Sys=0.00s Real=0.13s
[4635.381s][info][gc,marking     ] GC(1381) Concurrent Scan Root Regions 209.752ms
[4635.381s][info][gc,marking     ] GC(1381) Concurrent Mark
[4635.381s][info][gc,marking     ] GC(1381) Concurrent Mark From Roots
[4635.381s][info][gc,task        ] GC(1381) Using 2 workers of 2 for marking
.[4636.381s][info][gc,marking     ] GC(1381) Concurrent Mark From Roots 1000.005ms
[4636.381s][info][gc,marking     ] GC(1381) Concurrent Preclean
[4636.382s][info][gc,marking     ] GC(1381) Concurrent Preclean 0.114ms
[4636.384s][info][gc,start       ] GC(1381) Pause Remark
[4636.391s][info][gc             ] GC(1381) Pause Remark 2600M->2600M(4096M) 7.224ms
[4636.391s][info][gc,cpu         ] GC(1381) User=0.03s Sys=0.01s Real=0.01s
[4636.391s][info][gc,marking     ] GC(1381) Concurrent Mark 1009.967ms
[4636.391s][info][gc,marking     ] GC(1381) Concurrent Rebuild Remembered Sets and Scrub Regions
.[4636.770s][info][gc,marking     ] GC(1381) Concurrent Rebuild Remembered Sets and Scrub Regions 379.045ms
[4636.771s][info][gc,start       ] GC(1381) Pause Cleanup
[4636.771s][info][gc             ] GC(1381) Pause Cleanup 3007M->3007M(4096M) 0.104ms
[4636.771s][info][gc,cpu         ] GC(1381) User=0.00s Sys=0.00s Real=0.00s
[4636.771s][info][gc,marking     ] GC(1381) Concurrent Clear Claimed Marks
[4636.771s][info][gc,marking     ] GC(1381) Concurrent Clear Claimed Marks 0.029ms
[4636.771s][info][gc,marking     ] GC(1381) Concurrent Cleanup for Next Mark
[4636.820s][info][gc,marking     ] GC(1381) Concurrent Cleanup for Next Mark 48.980ms
[4636.820s][info][gc             ] GC(1381) Concurrent Mark Cycle 1648.584ms
[4637.323s][info][gc,start       ] GC(1382) Pause Young (Prepare Mixed) (G1 Evacuation Pause)
[4637.323s][info][gc,task        ] GC(1382) Using 6 workers of 6 for evacuation
[4637.444s][info][gc,phases      ] GC(1382)   Pre Evacuate Collection Set: 0.32ms
[4637.444s][info][gc,phases      ] GC(1382)   Merge Heap Roots: 0.49ms
[4637.444s][info][gc,phases      ] GC(1382)   Evacuate Collection Set: 118.57ms
[4637.444s][info][gc,phases      ] GC(1382)   Post Evacuate Collection Set: 0.94ms
[4637.444s][info][gc,phases      ] GC(1382)   Other: 0.09ms
[4637.444s][info][gc,heap        ] GC(1382) Eden regions: 1112->0(1103)
[4637.444s][info][gc,heap        ] GC(1382) Survivor regions: 116->111(154)
[4637.444s][info][gc,heap        ] GC(1382) Old regions: 509->540
[4637.444s][info][gc,heap        ] GC(1382) Humongous regions: 80->80
[4637.444s][info][gc,metaspace   ] GC(1382) Metaspace: 28902K(29248K)->28902K(29248K) NonClass: 24034K(24192K)->24034K(24192K) Class: 4868K(5056K)->4868K(5056K)
[4637.444s][info][gc             ] GC(1382) Pause Young (Prepare Mixed) (G1 Evacuation Pause) 3632M->1460M(4096M) 120.542ms
[4637.444s][info][gc,cpu         ] GC(1382) User=0.71s Sys=0.00s Real=0.12s
...[4639.642s][info][gc,start       ] GC(1383) Pause Young (Mixed) (G1 Evacuation Pause)
[4639.642s][info][gc,task        ] GC(1383) Using 6 workers of 6 for evacuation
[4639.773s][info][gc,phases      ] GC(1383)   Pre Evacuate Collection Set: 0.39ms
[4639.773s][info][gc,phases      ] GC(1383)   Merge Heap Roots: 0.63ms
[4639.773s][info][gc,phases      ] GC(1383)   Evacuate Collection Set: 128.64ms
[4639.773s][info][gc,phases      ] GC(1383)   Post Evacuate Collection Set: 0.94ms
[4639.773s][info][gc,phases      ] GC(1383)   Other: 0.08ms
[4639.773s][info][gc,heap        ] GC(1383) Eden regions: 1103->0(1118)
[4639.773s][info][gc,heap        ] GC(1383) Survivor regions: 111->110(152)
[4639.773s][info][gc,heap        ] GC(1383) Old regions: 540->477
[4639.773s][info][gc,heap        ] GC(1383) Humongous regions: 80->80
[4639.773s][info][gc,metaspace   ] GC(1383) Metaspace: 28902K(29248K)->28902K(29248K) NonClass: 24034K(24192K)->24034K(24192K) Class: 4868K(5056K)->4868K(5056K)
[4639.773s][info][gc             ] GC(1383) Pause Young (Mixed) (G1 Evacuation Pause) 3666M->1332M(4096M) 130.818ms
[4639.773s][info][gc,cpu         ] GC(1383) User=0.77s Sys=0.00s Real=0.13s
..[4641.897s][info][gc,start       ] GC(1384) Pause Young (Concurrent Start) (G1 Evacuation Pause)
[4641.897s][info][gc,task        ] GC(1384) Using 6 workers of 6 for evacuation
[4642.014s][info][gc,phases      ] GC(1384)   Pre Evacuate Collection Set: 0.38ms
[4642.014s][info][gc,phases      ] GC(1384)   Merge Heap Roots: 0.43ms
[4642.014s][info][gc,phases      ] GC(1384)   Evacuate Collection Set: 114.74ms
[4642.014s][info][gc,phases      ] GC(1384)   Post Evacuate Collection Set: 0.90ms
[4642.014s][info][gc,phases      ] GC(1384)   Other: 0.12ms
[4642.014s][info][gc,heap        ] GC(1384) Eden regions: 1118->0(1118)
[4642.014s][info][gc,heap        ] GC(1384) Survivor regions: 110->110(154)
[4642.014s][info][gc,heap        ] GC(1384) Old regions: 477->509
[4642.014s][info][gc,heap        ] GC(1384) Humongous regions: 80->80
[4642.014s][info][gc,metaspace   ] GC(1384) Metaspace: 28902K(29248K)->28902K(29248K) NonClass: 24034K(24192K)->24034K(24192K) Class: 4868K(5056K)->4868K(5056K)
[4642.014s][info][gc             ] GC(1384) Pause Young (Concurrent Start) (G1 Evacuation Pause) 3568M->1397M(4096M) 116.717ms
[4642.014s][info][gc             ] GC(1385) Concurrent Mark Cycle
[4642.014s][info][gc,marking     ] GC(1385) Concurrent Scan Root Regions
[4642.014s][info][gc,cpu         ] GC(1384) User=0.69s Sys=0.00s Real=0.12s
[4642.236s][info][gc,marking     ] GC(1385) Concurrent Scan Root Regions 222.042ms
[4642.236s][info][gc,marking     ] GC(1385) Concurrent Mark
[4642.236s][info][gc,marking     ] GC(1385) Concurrent Mark From Roots
[4642.236s][info][gc,task        ] GC(1385) Using 2 workers of 2 for marking
.[4643.252s][info][gc,marking     ] GC(1385) Concurrent Mark From Roots 1015.515ms
[4643.252s][info][gc,marking     ] GC(1385) Concurrent Preclean
[4643.252s][info][gc,marking     ] GC(1385) Concurrent Preclean 0.133ms
[4643.252s][info][gc,start       ] GC(1385) Pause Remark
[4643.259s][info][gc             ] GC(1385) Pause Remark 2603M->2603M(4096M) 6.912ms
[4643.259s][info][gc,cpu         ] GC(1385) User=0.04s Sys=0.01s Real=0.01s
[4643.259s][info][gc,marking     ] GC(1385) Concurrent Mark 1023.007ms
[4643.259s][info][gc,marking     ] GC(1385) Concurrent Rebuild Remembered Sets and Scrub Regions
[4643.661s][info][gc,marking     ] GC(1385) Concurrent Rebuild Remembered Sets and Scrub Regions 402.192ms
[4643.665s][info][gc,start       ] GC(1385) Pause Cleanup
[4643.665s][info][gc             ] GC(1385) Pause Cleanup 3047M->3047M(4096M) 0.134ms
[4643.665s][info][gc,cpu         ] GC(1385) User=0.00s Sys=0.00s Real=0.00s
[4643.665s][info][gc,marking     ] GC(1385) Concurrent Clear Claimed Marks
[4643.665s][info][gc,marking     ] GC(1385) Concurrent Clear Claimed Marks 0.033ms
[4643.665s][info][gc,marking     ] GC(1385) Concurrent Cleanup for Next Mark
[4643.670s][info][gc,marking     ] GC(1385) Concurrent Cleanup for Next Mark 5.111ms
[4643.670s][info][gc             ] GC(1385) Concurrent Mark Cycle 1656.166ms
.[4644.197s][info][gc,start       ] GC(1386) Pause Young (Prepare Mixed) (G1 Evacuation Pause)
[4644.197s][info][gc,task        ] GC(1386) Using 6 workers of 6 for evacuation
[4644.319s][info][gc,phases      ] GC(1386)   Pre Evacuate Collection Set: 0.34ms
[4644.319s][info][gc,phases      ] GC(1386)   Merge Heap Roots: 0.49ms
[4644.319s][info][gc,phases      ] GC(1386)   Evacuate Collection Set: 120.12ms
[4644.319s][info][gc,phases      ] GC(1386)   Post Evacuate Collection Set: 0.95ms
[4644.319s][info][gc,phases      ] GC(1386)   Other: 0.08ms
[4644.319s][info][gc,heap        ] GC(1386) Eden regions: 1118->0(1096)
[4644.319s][info][gc,heap        ] GC(1386) Survivor regions: 110->114(154)
[4644.319s][info][gc,heap        ] GC(1386) Old regions: 509->541
[4644.319s][info][gc,heap        ] GC(1386) Humongous regions: 80->80
[4644.319s][info][gc,metaspace   ] GC(1386) Metaspace: 28902K(29248K)->28902K(29248K) NonClass: 24034K(24192K)->24034K(24192K) Class: 4868K(5056K)->4868K(5056K)
[4644.319s][info][gc             ] GC(1386) Pause Young (Prepare Mixed) (G1 Evacuation Pause) 3633M->1469M(4096M) 122.101ms
[4644.319s][info][gc,cpu         ] GC(1386) User=0.73s Sys=0.00s Real=0.13s
. (rIR:aIR:PR = 8302:8255:8255) (tPR = 122875) [OK] 
  4644s: Performance info:
         Transaction,    Success,    Partial,     Failed,   Receipts, AvgBarcode, 
             Overall,     497337,          0,          0,     472471,      59.47, 
         Response times:
             Request,    Success,    Partial,     Failed,   SkipFail,     Probes,    Samples,      min,      p50,      p90,      p95,      p99,      max, 
       TotalPurchase,     472469,          0,          0,          0,     351748,     445046,      300,     8500,   120000,   162000,   237000,   527000,
     InStorePurchase,     248015,          0,          0,          0,     184949,     234057,      300,     8500,   121000,   163000,   240000,   527000,
      OnlinePurchase,     174627,          0,          0,          0,     129270,     163878,      300,     8600,   119000,   161000,   233000,   461000,
        InstPurchase,      49827,          0,          0,          0,      37529,      47111,      400,     8300,   120000,   163000,   236000,   393000,
          AssocOfCat,        503,          0,          0,          0,        430,        630,    25000,    51000,   188000,   222450,   297760,   355000,
      AssocOfProduct,       4964,          0,          0,          0,       3478,       4593,      500,     7800,   109000,   147000,   225180,   314000,
      BusinessReport,       1249,          0,          0,          0,       1118,       1565,    29000,    58000,   190400,   222700,   310340,   518000,
          CustBuyBeh,       4976,          0,          0,          0,       3446,       4603,      400,     9400,   123000,   157000,   232000,   337000,
       ProductReturn,      13174,          0,          0,          0,       9007,      11603,      200,     8900,   121000,   158000,   236960,   467000,

  4644s: (61%)   IR =   8441 .[4646.433s][info][gc,start       ] GC(1387) Pause Young (Mixed) (G1 Evacuation Pause)
[4646.433s][info][gc,task        ] GC(1387) Using 6 workers of 6 for evacuation
[4646.568s][info][gc,phases      ] GC(1387)   Pre Evacuate Collection Set: 0.37ms
[4646.568s][info][gc,phases      ] GC(1387)   Merge Heap Roots: 0.62ms
[4646.568s][info][gc,phases      ] GC(1387)   Evacuate Collection Set: 132.82ms
[4646.568s][info][gc,phases      ] GC(1387)   Post Evacuate Collection Set: 0.94ms
[4646.568s][info][gc,phases      ] GC(1387)   Other: 0.08ms
[4646.568s][info][gc,heap        ] GC(1387) Eden regions: 1096->0(1118)
[4646.568s][info][gc,heap        ] GC(1387) Survivor regions: 114->110(152)
[4646.568s][info][gc,heap        ] GC(1387) Old regions: 541->477
[4646.568s][info][gc,heap        ] GC(1387) Humongous regions: 80->80
[4646.568s][info][gc,metaspace   ] GC(1387) Metaspace: 28906K(29248K)->28906K(29248K) NonClass: 24038K(24192K)->24038K(24192K) Class: 4868K(5056K)->4868K(5056K)
[4646.568s][info][gc             ] GC(1387) Pause Young (Mixed) (G1 Evacuation Pause) 3661M->1332M(4096M) 134.969ms
[4646.568s][info][gc,cpu         ] GC(1387) User=0.80s Sys=0.00s Real=0.13s
...[4648.761s][info][gc,start       ] GC(1388) Pause Young (Concurrent Start) (G1 Evacuation Pause)
[4648.762s][info][gc,task        ] GC(1388) Using 6 workers of 6 for evacuation
[4648.882s][info][gc,phases      ] GC(1388)   Pre Evacuate Collection Set: 0.39ms
[4648.882s][info][gc,phases      ] GC(1388)   Merge Heap Roots: 0.44ms
[4648.882s][info][gc,phases      ] GC(1388)   Evacuate Collection Set: 118.94ms
[4648.882s][info][gc,phases      ] GC(1388)   Post Evacuate Collection Set: 0.89ms
[4648.882s][info][gc,phases      ] GC(1388)   Other: 0.12ms
[4648.882s][info][gc,heap        ] GC(1388) Eden regions: 1118->0(1114)
[4648.882s][info][gc,heap        ] GC(1388) Survivor regions: 110->114(154)
[4648.882s][info][gc,heap        ] GC(1388) Old regions: 477->508
[4648.882s][info][gc,heap        ] GC(1388) Humongous regions: 80->80
[4648.882s][info][gc,metaspace   ] GC(1388) Metaspace: 28906K(29248K)->28906K(29248K) NonClass: 24038K(24192K)->24038K(24192K) Class: 4868K(5056K)->4868K(5056K)
[4648.882s][info][gc             ] GC(1388) Pause Young (Concurrent Start) (G1 Evacuation Pause) 3568M->1402M(4096M) 120.922ms
[4648.882s][info][gc             ] GC(1389) Concurrent Mark Cycle
[4648.882s][info][gc,marking     ] GC(1389) Concurrent Scan Root Regions
[4648.882s][info][gc,cpu         ] GC(1388) User=0.72s Sys=0.00s Real=0.12s
[4649.151s][info][gc,marking     ] GC(1389) Concurrent Scan Root Regions 268.539ms
[4649.151s][info][gc,marking     ] GC(1389) Concurrent Mark
[4649.151s][info][gc,marking     ] GC(1389) Concurrent Mark From Roots
[4649.151s][info][gc,task        ] GC(1389) Using 2 workers of 2 for marking
.[4650.293s][info][gc,marking     ] GC(1389) Concurrent Mark From Roots 1141.875ms
[4650.293s][info][gc,marking     ] GC(1389) Concurrent Preclean
[4650.293s][info][gc,marking     ] GC(1389) Concurrent Preclean 0.146ms
[4650.296s][info][gc,start       ] GC(1389) Pause Remark
[4650.300s][info][gc             ] GC(1389) Pause Remark 2738M->2738M(4096M) 3.781ms
[4650.300s][info][gc,cpu         ] GC(1389) User=0.02s Sys=0.00s Real=0.01s
[4650.300s][info][gc,marking     ] GC(1389) Concurrent Mark 1149.064ms
[4650.300s][info][gc,marking     ] GC(1389) Concurrent Rebuild Remembered Sets and Scrub Regions
[4650.711s][info][gc,marking     ] GC(1389) Concurrent Rebuild Remembered Sets and Scrub Regions 410.555ms
[4650.713s][info][gc,start       ] GC(1389) Pause Cleanup
[4650.713s][info][gc             ] GC(1389) Pause Cleanup 3178M->3178M(4096M) 0.164ms
[4650.713s][info][gc,cpu         ] GC(1389) User=0.00s Sys=0.00s Real=0.00s
[4650.713s][info][gc,marking     ] GC(1389) Concurrent Clear Claimed Marks
[4650.714s][info][gc,marking     ] GC(1389) Concurrent Clear Claimed Marks 0.025ms
[4650.714s][info][gc,marking     ] GC(1389) Concurrent Cleanup for Next Mark
[4650.719s][info][gc,marking     ] GC(1389) Concurrent Cleanup for Next Mark 5.066ms
[4650.719s][info][gc             ] GC(1389) Concurrent Mark Cycle 1836.226ms
.[4651.047s][info][gc,start       ] GC(1390) Pause Young (Prepare Mixed) (G1 Evacuation Pause)
[4651.047s][info][gc,task        ] GC(1390) Using 6 workers of 6 for evacuation
[4651.166s][info][gc,phases      ] GC(1390)   Pre Evacuate Collection Set: 0.35ms
[4651.166s][info][gc,phases      ] GC(1390)   Merge Heap Roots: 0.45ms
[4651.166s][info][gc,phases      ] GC(1390)   Evacuate Collection Set: 117.99ms
[4651.166s][info][gc,phases      ] GC(1390)   Post Evacuate Collection Set: 0.93ms
[4651.166s][info][gc,phases      ] GC(1390)   Other: 0.09ms
[4651.166s][info][gc,heap        ] GC(1390) Eden regions: 1114->0(1099)
[4651.166s][info][gc,heap        ] GC(1390) Survivor regions: 114->113(154)
[4651.166s][info][gc,heap        ] GC(1390) Old regions: 508->540
[4651.166s][info][gc,heap        ] GC(1390) Humongous regions: 80->80
[4651.166s][info][gc,metaspace   ] GC(1390) Metaspace: 28906K(29248K)->28906K(29248K) NonClass: 24038K(24192K)->24038K(24192K) Class: 4868K(5056K)->4868K(5056K)
[4651.166s][info][gc             ] GC(1390) Pause Young (Prepare Mixed) (G1 Evacuation Pause) 3630M->1465M(4096M) 119.943ms
[4651.166s][info][gc,cpu         ] GC(1390) User=0.71s Sys=0.00s Real=0.12s
..[4653.198s][info][gc,start       ] GC(1391) Pause Young (Mixed) (G1 Evacuation Pause)
[4653.198s][info][gc,task        ] GC(1391) Using 6 workers of 6 for evacuation
[4653.336s][info][gc,phases      ] GC(1391)   Pre Evacuate Collection Set: 0.36ms
[4653.336s][info][gc,phases      ] GC(1391)   Merge Heap Roots: 0.64ms
[4653.336s][info][gc,phases      ] GC(1391)   Evacuate Collection Set: 136.40ms
[4653.336s][info][gc,phases      ] GC(1391)   Post Evacuate Collection Set: 0.95ms
[4653.336s][info][gc,phases      ] GC(1391)   Other: 0.09ms
[4653.336s][info][gc,heap        ] GC(1391) Eden regions: 1099->0(1115)
[4653.336s][info][gc,heap        ] GC(1391) Survivor regions: 113->113(152)
[4653.336s][info][gc,heap        ] GC(1391) Old regions: 540->476
[4653.336s][info][gc,heap        ] GC(1391) Humongous regions: 80->80
[4653.336s][info][gc,metaspace   ] GC(1391) Metaspace: 28906K(29248K)->28906K(29248K) NonClass: 24038K(24192K)->24038K(24192K) Class: 4868K(5056K)->4868K(5056K)
[4653.336s][info][gc             ] GC(1391) Pause Young (Mixed) (G1 Evacuation Pause) 3663M->1336M(4096M) 138.567ms
[4653.337s][info][gc,cpu         ] GC(1391) User=0.83s Sys=0.00s Real=0.14s
..[4655.462s][info][gc,start       ] GC(1392) Pause Young (Concurrent Start) (G1 Evacuation Pause)
[4655.463s][info][gc,task        ] GC(1392) Using 6 workers of 6 for evacuation
[4655.582s][info][gc,phases      ] GC(1392)   Pre Evacuate Collection Set: 0.37ms
[4655.582s][info][gc,phases      ] GC(1392)   Merge Heap Roots: 0.44ms
[4655.582s][info][gc,phases      ] GC(1392)   Evacuate Collection Set: 117.51ms
[4655.582s][info][gc,phases      ] GC(1392)   Post Evacuate Collection Set: 0.88ms
[4655.582s][info][gc,phases      ] GC(1392)   Other: 0.11ms
[4655.582s][info][gc,heap        ] GC(1392) Eden regions: 1115->0(1115)
[4655.582s][info][gc,heap        ] GC(1392) Survivor regions: 113->113(154)
[4655.582s][info][gc,heap        ] GC(1392) Old regions: 476->508
[4655.582s][info][gc,heap        ] GC(1392) Humongous regions: 80->80
[4655.582s][info][gc,metaspace   ] GC(1392) Metaspace: 28906K(29248K)->28906K(29248K) NonClass: 24038K(24192K)->24038K(24192K) Class: 4868K(5056K)->4868K(5056K)
[4655.582s][info][gc             ] GC(1392) Pause Young (Concurrent Start) (G1 Evacuation Pause) 3566M->1400M(4096M) 119.454ms
[4655.582s][info][gc             ] GC(1393) Concurrent Mark Cycle
[4655.582s][info][gc,marking     ] GC(1393) Concurrent Scan Root Regions
[4655.582s][info][gc,cpu         ] GC(1392) User=0.70s Sys=0.00s Real=0.12s
[4655.810s][info][gc,marking     ] GC(1393) Concurrent Scan Root Regions 228.217ms
[4655.810s][info][gc,marking     ] GC(1393) Concurrent Mark
[4655.810s][info][gc,marking     ] GC(1393) Concurrent Mark From Roots
[4655.810s][info][gc,task        ] GC(1393) Using 2 workers of 2 for marking
..[4656.957s][info][gc,marking     ] GC(1393) Concurrent Mark From Roots 1146.840ms
[4656.957s][info][gc,marking     ] GC(1393) Concurrent Preclean
[4656.957s][info][gc,marking     ] GC(1393) Concurrent Preclean 0.088ms
[4656.960s][info][gc,start       ] GC(1393) Pause Remark
[4656.966s][info][gc             ] GC(1393) Pause Remark 2688M->2688M(4096M) 5.627ms
[4656.966s][info][gc,cpu         ] GC(1393) User=0.03s Sys=0.00s Real=0.00s
[4656.967s][info][gc,marking     ] GC(1393) Concurrent Mark 1156.408ms
[4656.967s][info][gc,marking     ] GC(1393) Concurrent Rebuild Remembered Sets and Scrub Regions
[4657.262s][info][gc,marking     ] GC(1393) Concurrent Rebuild Remembered Sets and Scrub Regions 295.782ms
[4657.264s][info][gc,start       ] GC(1393) Pause Cleanup
[4657.264s][info][gc             ] GC(1393) Pause Cleanup 3014M->3014M(4096M) 0.133ms
[4657.264s][info][gc,cpu         ] GC(1393) User=0.00s Sys=0.00s Real=0.00s
[4657.264s][info][gc,marking     ] GC(1393) Concurrent Clear Claimed Marks
[4657.264s][info][gc,marking     ] GC(1393) Concurrent Clear Claimed Marks 0.025ms
[4657.264s][info][gc,marking     ] GC(1393) Concurrent Cleanup for Next Mark
[4657.272s][info][gc,marking     ] GC(1393) Concurrent Cleanup for Next Mark 8.234ms
[4657.272s][info][gc             ] GC(1393) Concurrent Mark Cycle 1690.461ms
[4657.698s][info][gc,start       ] GC(1394) Pause Young (Prepare Mixed) (G1 Evacuation Pause)
[4657.698s][info][gc,task        ] GC(1394) Using 6 workers of 6 for evacuation
[4657.824s][info][gc,phases      ] GC(1394)   Pre Evacuate Collection Set: 0.35ms
[4657.824s][info][gc,phases      ] GC(1394)   Merge Heap Roots: 0.51ms
[4657.824s][info][gc,phases      ] GC(1394)   Evacuate Collection Set: 123.75ms
[4657.824s][info][gc,phases      ] GC(1394)   Post Evacuate Collection Set: 0.96ms
[4657.824s][info][gc,phases      ] GC(1394)   Other: 0.08ms
[4657.824s][info][gc,heap        ] GC(1394) Eden regions: 1115->0(1093)
[4657.824s][info][gc,heap        ] GC(1394) Survivor regions: 113->116(154)
[4657.824s][info][gc,heap        ] GC(1394) Old regions: 508->540
[4657.824s][info][gc,heap        ] GC(1394) Humongous regions: 80->80
[4657.824s][info][gc,metaspace   ] GC(1394) Metaspace: 28906K(29248K)->28906K(29248K) NonClass: 24038K(24192K)->24038K(24192K) Class: 4868K(5056K)->4868K(5056K)
[4657.824s][info][gc             ] GC(1394) Pause Young (Prepare Mixed) (G1 Evacuation Pause) 3630M->1470M(4096M) 125.771ms
[4657.824s][info][gc,cpu         ] GC(1394) User=0.72s Sys=0.00s Real=0.13s
..[4659.859s][info][gc,start       ] GC(1395) Pause Young (Mixed) (G1 Evacuation Pause)
[4659.859s][info][gc,task        ] GC(1395) Using 6 workers of 6 for evacuation
[4659.999s][info][gc,phases      ] GC(1395)   Pre Evacuate Collection Set: 0.39ms
[4659.999s][info][gc,phases      ] GC(1395)   Merge Heap Roots: 0.70ms
[4659.999s][info][gc,phases      ] GC(1395)   Evacuate Collection Set: 137.21ms
[4659.999s][info][gc,phases      ] GC(1395)   Post Evacuate Collection Set: 0.93ms
[4659.999s][info][gc,phases      ] GC(1395)   Other: 0.08ms
[4659.999s][info][gc,heap        ] GC(1395) Eden regions: 1093->0(1115)
[4659.999s][info][gc,heap        ] GC(1395) Survivor regions: 116->113(152)
[4659.999s][info][gc,heap        ] GC(1395) Old regions: 540->478
[4659.999s][info][gc,heap        ] GC(1395) Humongous regions: 80->80
[4659.999s][info][gc,metaspace   ] GC(1395) Metaspace: 28906K(29248K)->28906K(29248K) NonClass: 24038K(24192K)->24038K(24192K) Class: 4868K(5056K)->4868K(5056K)
[4659.999s][info][gc             ] GC(1395) Pause Young (Mixed) (G1 Evacuation Pause) 3656M->1339M(4096M) 139.468ms
[4659.999s][info][gc,cpu         ] GC(1395) User=0.82s Sys=0.00s Real=0.14s
...[4662.122s][info][gc,start       ] GC(1396) Pause Young (Concurrent Start) (G1 Evacuation Pause)
[4662.122s][info][gc,task        ] GC(1396) Using 6 workers of 6 for evacuation
[4662.240s][info][gc,phases      ] GC(1396)   Pre Evacuate Collection Set: 0.36ms
[4662.240s][info][gc,phases      ] GC(1396)   Merge Heap Roots: 0.46ms
[4662.240s][info][gc,phases      ] GC(1396)   Evacuate Collection Set: 116.24ms
[4662.240s][info][gc,phases      ] GC(1396)   Post Evacuate Collection Set: 0.88ms
[4662.240s][info][gc,phases      ] GC(1396)   Other: 0.11ms
[4662.240s][info][gc,heap        ] GC(1396) Eden regions: 1115->0(1116)
[4662.240s][info][gc,heap        ] GC(1396) Survivor regions: 113->112(154)
[4662.240s][info][gc,heap        ] GC(1396) Old regions: 478->510
[4662.240s][info][gc,heap        ] GC(1396) Humongous regions: 80->80
[4662.240s][info][gc,metaspace   ] GC(1396) Metaspace: 28906K(29248K)->28906K(29248K) NonClass: 24038K(24192K)->24038K(24192K) Class: 4868K(5056K)->4868K(5056K)
[4662.240s][info][gc             ] GC(1396) Pause Young (Concurrent Start) (G1 Evacuation Pause) 3569M->1401M(4096M) 118.192ms
[4662.240s][info][gc             ] GC(1397) Concurrent Mark Cycle
[4662.240s][info][gc,marking     ] GC(1397) Concurrent Scan Root Regions
[4662.240s][info][gc,cpu         ] GC(1396) User=0.70s Sys=0.00s Real=0.12s
[4662.429s][info][gc,marking     ] GC(1397) Concurrent Scan Root Regions 188.973ms
[4662.429s][info][gc,marking     ] GC(1397) Concurrent Mark
[4662.429s][info][gc,marking     ] GC(1397) Concurrent Mark From Roots
[4662.429s][info][gc,task        ] GC(1397) Using 2 workers of 2 for marking
.[4663.462s][info][gc,marking     ] GC(1397) Concurrent Mark From Roots 1032.826ms
[4663.462s][info][gc,marking     ] GC(1397) Concurrent Preclean
[4663.462s][info][gc,marking     ] GC(1397) Concurrent Preclean 0.110ms
[4663.463s][info][gc,start       ] GC(1397) Pause Remark
[4663.470s][info][gc             ] GC(1397) Pause Remark 2562M->2562M(4096M) 7.132ms
[4663.470s][info][gc,cpu         ] GC(1397) User=0.04s Sys=0.00s Real=0.01s
[4663.470s][info][gc,marking     ] GC(1397) Concurrent Mark 1040.745ms
[4663.470s][info][gc,marking     ] GC(1397) Concurrent Rebuild Remembered Sets and Scrub Regions
[4663.876s][info][gc,marking     ] GC(1397) Concurrent Rebuild Remembered Sets and Scrub Regions 406.252ms
[4663.877s][info][gc,start       ] GC(1397) Pause Cleanup
[4663.877s][info][gc             ] GC(1397) Pause Cleanup 2980M->2980M(4096M) 0.134ms
[4663.877s][info][gc,cpu         ] GC(1397) User=0.00s Sys=0.00s Real=0.00s
[4663.877s][info][gc,marking     ] GC(1397) Concurrent Clear Claimed Marks
[4663.877s][info][gc,marking     ] GC(1397) Concurrent Clear Claimed Marks 0.024ms
[4663.877s][info][gc,marking     ] GC(1397) Concurrent Cleanup for Next Mark
[4663.883s][info][gc,marking     ] GC(1397) Concurrent Cleanup for Next Mark 5.714ms
[4663.883s][info][gc             ] GC(1397) Concurrent Mark Cycle 1642.292ms
.[4664.345s][info][gc,start       ] GC(1398) Pause Young (Prepare Mixed) (G1 Evacuation Pause)
[4664.346s][info][gc,task        ] GC(1398) Using 6 workers of 6 for evacuation
[4664.466s][info][gc,phases      ] GC(1398)   Pre Evacuate Collection Set: 0.32ms
[4664.466s][info][gc,phases      ] GC(1398)   Merge Heap Roots: 0.46ms
[4664.466s][info][gc,phases      ] GC(1398)   Evacuate Collection Set: 118.89ms
[4664.466s][info][gc,phases      ] GC(1398)   Post Evacuate Collection Set: 0.92ms
[4664.466s][info][gc,phases      ] GC(1398)   Other: 0.08ms
[4664.466s][info][gc,heap        ] GC(1398) Eden regions: 1116->0(1096)
[4664.466s][info][gc,heap        ] GC(1398) Survivor regions: 112->114(154)
[4664.466s][info][gc,heap        ] GC(1398) Old regions: 510->541
[4664.466s][info][gc,heap        ] GC(1398) Humongous regions: 80->80
[4664.466s][info][gc,metaspace   ] GC(1398) Metaspace: 28906K(29248K)->28906K(29248K) NonClass: 24038K(24192K)->24038K(24192K) Class: 4868K(5056K)->4868K(5056K)
[4664.466s][info][gc             ] GC(1398) Pause Young (Prepare Mixed) (G1 Evacuation Pause) 3633M->1468M(4096M) 120.825ms
[4664.466s][info][gc,cpu         ] GC(1398) User=0.72s Sys=0.00s Real=0.12s
..|[4666.551s][info][gc,start       ] GC(1399) Pause Young (Mixed) (G1 Evacuation Pause)
[4666.551s][info][gc,task        ] GC(1399) Using 6 workers of 6 for evacuation
[4666.685s][info][gc,phases      ] GC(1399)   Pre Evacuate Collection Set: 0.35ms
[4666.685s][info][gc,phases      ] GC(1399)   Merge Heap Roots: 0.58ms
[4666.685s][info][gc,phases      ] GC(1399)   Evacuate Collection Set: 131.47ms
[4666.685s][info][gc,phases      ] GC(1399)   Post Evacuate Collection Set: 0.94ms
[4666.685s][info][gc,phases      ] GC(1399)   Other: 0.09ms
[4666.685s][info][gc,heap        ] GC(1399) Eden regions: 1096->0(1118)
[4666.685s][info][gc,heap        ] GC(1399) Survivor regions: 114->110(152)
[4666.685s][info][gc,heap        ] GC(1399) Old regions: 541->476
[4666.685s][info][gc,heap        ] GC(1399) Humongous regions: 80->80
[4666.685s][info][gc,metaspace   ] GC(1399) Metaspace: 28906K(29248K)->28906K(29248K) NonClass: 24038K(24192K)->24038K(24192K) Class: 4868K(5056K)->4868K(5056K)
[4666.685s][info][gc             ] GC(1399) Pause Young (Mixed) (G1 Evacuation Pause) 3660M->1331M(4096M) 133.550ms
[4666.685s][info][gc,cpu         ] GC(1399) User=0.79s Sys=0.00s Real=0.13s
..[4668.826s][info][gc,start       ] GC(1400) Pause Young (Concurrent Start) (G1 Evacuation Pause)
[4668.826s][info][gc,task        ] GC(1400) Using 6 workers of 6 for evacuation
[4668.941s][info][gc,phases      ] GC(1400)   Pre Evacuate Collection Set: 0.41ms
[4668.941s][info][gc,phases      ] GC(1400)   Merge Heap Roots: 0.43ms
[4668.941s][info][gc,phases      ] GC(1400)   Evacuate Collection Set: 113.11ms
[4668.941s][info][gc,phases      ] GC(1400)   Post Evacuate Collection Set: 0.88ms
[4668.941s][info][gc,phases      ] GC(1400)   Other: 0.11ms
[4668.941s][info][gc,heap        ] GC(1400) Eden regions: 1118->0(1119)
[4668.941s][info][gc,heap        ] GC(1400) Survivor regions: 110->109(154)
[4668.941s][info][gc,heap        ] GC(1400) Old regions: 476->508
[4668.941s][info][gc,heap        ] GC(1400) Humongous regions: 80->80
[4668.941s][info][gc,metaspace   ] GC(1400) Metaspace: 28906K(29248K)->28906K(29248K) NonClass: 24038K(24192K)->24038K(24192K) Class: 4868K(5056K)->4868K(5056K)
[4668.941s][info][gc             ] GC(1400) Pause Young (Concurrent Start) (G1 Evacuation Pause) 3567M->1392M(4096M) 115.064ms
[4668.941s][info][gc             ] GC(1401) Concurrent Mark Cycle
[4668.941s][info][gc,marking     ] GC(1401) Concurrent Scan Root Regions
[4668.941s][info][gc,cpu         ] GC(1400) User=0.68s Sys=0.00s Real=0.12s
[4669.128s][info][gc,marking     ] GC(1401) Concurrent Scan Root Regions 186.446ms
[4669.128s][info][gc,marking     ] GC(1401) Concurrent Mark
[4669.128s][info][gc,marking     ] GC(1401) Concurrent Mark From Roots
[4669.128s][info][gc,task        ] GC(1401) Using 2 workers of 2 for marking
.[4670.160s][info][gc,marking     ] GC(1401) Concurrent Mark From Roots 1032.508ms
[4670.160s][info][gc,marking     ] GC(1401) Concurrent Preclean
[4670.161s][info][gc,marking     ] GC(1401) Concurrent Preclean 0.115ms
[4670.165s][info][gc,start       ] GC(1401) Pause Remark
[4670.173s][info][gc             ] GC(1401) Pause Remark 2546M->2546M(4096M) 7.429ms
[4670.173s][info][gc,cpu         ] GC(1401) User=0.04s Sys=0.00s Real=0.01s
[4670.173s][info][gc,marking     ] GC(1401) Concurrent Mark 1045.198ms
[4670.173s][info][gc,marking     ] GC(1401) Concurrent Rebuild Remembered Sets and Scrub Regions
[4670.488s][info][gc,marking     ] GC(1401) Concurrent Rebuild Remembered Sets and Scrub Regions 315.338ms
[4670.490s][info][gc,start       ] GC(1401) Pause Cleanup
[4670.491s][info][gc             ] GC(1401) Pause Cleanup 2852M->2852M(4096M) 0.134ms
[4670.491s][info][gc,cpu         ] GC(1401) User=0.00s Sys=0.00s Real=0.00s
[4670.491s][info][gc,marking     ] GC(1401) Concurrent Clear Claimed Marks
[4670.491s][info][gc,marking     ] GC(1401) Concurrent Clear Claimed Marks 0.023ms
[4670.491s][info][gc,marking     ] GC(1401) Concurrent Cleanup for Next Mark
[4670.497s][info][gc,marking     ] GC(1401) Concurrent Cleanup for Next Mark 6.326ms
[4670.497s][info][gc             ] GC(1401) Concurrent Mark Cycle 1555.772ms
.[4671.110s][info][gc,start       ] GC(1402) Pause Young (Prepare Mixed) (G1 Evacuation Pause)
[4671.110s][info][gc,task        ] GC(1402) Using 6 workers of 6 for evacuation
[4671.228s][info][gc,phases      ] GC(1402)   Pre Evacuate Collection Set: 0.35ms
[4671.228s][info][gc,phases      ] GC(1402)   Merge Heap Roots: 0.52ms
[4671.228s][info][gc,phases      ] GC(1402)   Evacuate Collection Set: 116.18ms
[4671.228s][info][gc,phases      ] GC(1402)   Post Evacuate Collection Set: 0.90ms
[4671.228s][info][gc,phases      ] GC(1402)   Other: 0.09ms
[4671.228s][info][gc,heap        ] GC(1402) Eden regions: 1119->0(1103)
[4671.228s][info][gc,heap        ] GC(1402) Survivor regions: 109->111(154)
[4671.228s][info][gc,heap        ] GC(1402) Old regions: 508->540
[4671.228s][info][gc,heap        ] GC(1402) Humongous regions: 80->80
[4671.228s][info][gc,metaspace   ] GC(1402) Metaspace: 28906K(29248K)->28906K(29248K) NonClass: 24038K(24192K)->24038K(24192K) Class: 4868K(5056K)->4868K(5056K)
[4671.228s][info][gc             ] GC(1402) Pause Young (Prepare Mixed) (G1 Evacuation Pause) 3630M->1460M(4096M) 118.199ms
[4671.228s][info][gc,cpu         ] GC(1402) User=0.70s Sys=0.00s Real=0.12s
..[4673.263s][info][gc,start       ] GC(1403) Pause Young (Mixed) (G1 Evacuation Pause)
[4673.263s][info][gc,task        ] GC(1403) Using 6 workers of 6 for evacuation
[4673.397s][info][gc,phases      ] GC(1403)   Pre Evacuate Collection Set: 0.36ms
[4673.397s][info][gc,phases      ] GC(1403)   Merge Heap Roots: 0.69ms
[4673.397s][info][gc,phases      ] GC(1403)   Evacuate Collection Set: 131.98ms
[4673.397s][info][gc,phases      ] GC(1403)   Post Evacuate Collection Set: 0.95ms
[4673.397s][info][gc,phases      ] GC(1403)   Other: 0.09ms
[4673.397s][info][gc,heap        ] GC(1403) Eden regions: 1103->0(1118)
[4673.397s][info][gc,heap        ] GC(1403) Survivor regions: 111->110(152)
[4673.397s][info][gc,heap        ] GC(1403) Old regions: 540->477
[4673.397s][info][gc,heap        ] GC(1403) Humongous regions: 80->80
[4673.397s][info][gc,metaspace   ] GC(1403) Metaspace: 28906K(29248K)->28906K(29248K) NonClass: 24038K(24192K)->24038K(24192K) Class: 4868K(5056K)->4868K(5056K)
[4673.397s][info][gc             ] GC(1403) Pause Young (Mixed) (G1 Evacuation Pause) 3666M->1332M(4096M) 134.208ms
[4673.397s][info][gc,cpu         ] GC(1403) User=0.79s Sys=0.00s Real=0.13s
..[4675.494s][info][gc,start       ] GC(1404) Pause Young (Concurrent Start) (G1 Evacuation Pause)
[4675.494s][info][gc,task        ] GC(1404) Using 6 workers of 6 for evacuation
[4675.609s][info][gc,phases      ] GC(1404)   Pre Evacuate Collection Set: 0.37ms
[4675.609s][info][gc,phases      ] GC(1404)   Merge Heap Roots: 0.44ms
[4675.609s][info][gc,phases      ] GC(1404)   Evacuate Collection Set: 113.30ms
[4675.609s][info][gc,phases      ] GC(1404)   Post Evacuate Collection Set: 0.89ms
[4675.609s][info][gc,phases      ] GC(1404)   Other: 0.10ms
[4675.609s][info][gc,heap        ] GC(1404) Eden regions: 1118->0(1120)
[4675.609s][info][gc,heap        ] GC(1404) Survivor regions: 110->108(154)
[4675.609s][info][gc,heap        ] GC(1404) Old regions: 477->509
[4675.609s][info][gc,heap        ] GC(1404) Humongous regions: 80->80
[4675.609s][info][gc,metaspace   ] GC(1404) Metaspace: 28906K(29248K)->28906K(29248K) NonClass: 24038K(24192K)->24038K(24192K) Class: 4868K(5056K)->4868K(5056K)
[4675.609s][info][gc             ] GC(1404) Pause Young (Concurrent Start) (G1 Evacuation Pause) 3568M->1392M(4096M) 115.239ms
[4675.609s][info][gc             ] GC(1405) Concurrent Mark Cycle
[4675.609s][info][gc,marking     ] GC(1405) Concurrent Scan Root Regions
[4675.609s][info][gc,cpu         ] GC(1404) User=0.68s Sys=0.00s Real=0.12s
[4675.750s][info][gc,marking     ] GC(1405) Concurrent Scan Root Regions 140.473ms
[4675.750s][info][gc,marking     ] GC(1405) Concurrent Mark
[4675.750s][info][gc,marking     ] GC(1405) Concurrent Mark From Roots
[4675.750s][info][gc,task        ] GC(1405) Using 2 workers of 2 for marking
.[4676.489s][info][gc,marking     ] GC(1405) Concurrent Mark From Roots 739.158ms
[4676.489s][info][gc,marking     ] GC(1405) Concurrent Preclean
[4676.489s][info][gc,marking     ] GC(1405) Concurrent Preclean 0.104ms
[4676.489s][info][gc,start       ] GC(1405) Pause Remark
[4676.494s][info][gc             ] GC(1405) Pause Remark 2174M->2174M(4096M) 5.096ms
[4676.494s][info][gc,cpu         ] GC(1405) User=0.03s Sys=0.00s Real=0.00s
[4676.497s][info][gc,marking     ] GC(1405) Concurrent Mark 747.503ms
[4676.497s][info][gc,marking     ] GC(1405) Concurrent Rebuild Remembered Sets and Scrub Regions
.[4676.949s][info][gc,marking     ] GC(1405) Concurrent Rebuild Remembered Sets and Scrub Regions 451.667ms
[4676.951s][info][gc,start       ] GC(1405) Pause Cleanup
[4676.951s][info][gc             ] GC(1405) Pause Cleanup 2634M->2634M(4096M) 0.136ms
[4676.951s][info][gc,cpu         ] GC(1405) User=0.00s Sys=0.00s Real=0.00s
[4676.951s][info][gc,marking     ] GC(1405) Concurrent Clear Claimed Marks
[4676.951s][info][gc,marking     ] GC(1405) Concurrent Clear Claimed Marks 0.024ms
[4676.951s][info][gc,marking     ] GC(1405) Concurrent Cleanup for Next Mark
[4676.958s][info][gc,marking     ] GC(1405) Concurrent Cleanup for Next Mark 6.136ms
[4676.958s][info][gc             ] GC(1405) Concurrent Mark Cycle 1348.360ms
[4677.812s][info][gc,start       ] GC(1406) Pause Young (Prepare Mixed) (G1 Evacuation Pause)
[4677.812s][info][gc,task        ] GC(1406) Using 6 workers of 6 for evacuation
[4677.930s][info][gc,phases      ] GC(1406)   Pre Evacuate Collection Set: 0.36ms
[4677.930s][info][gc,phases      ] GC(1406)   Merge Heap Roots: 0.49ms
[4677.930s][info][gc,phases      ] GC(1406)   Evacuate Collection Set: 115.61ms
[4677.930s][info][gc,phases      ] GC(1406)   Post Evacuate Collection Set: 0.93ms
[4677.930s][info][gc,phases      ] GC(1406)   Other: 0.09ms
[4677.930s][info][gc,heap        ] GC(1406) Eden regions: 1120->0(1101)
[4677.930s][info][gc,heap        ] GC(1406) Survivor regions: 108->112(154)
[4677.930s][info][gc,heap        ] GC(1406) Old regions: 509->540
[4677.930s][info][gc,heap        ] GC(1406) Humongous regions: 80->80
[4677.930s][info][gc,metaspace   ] GC(1406) Metaspace: 28906K(29248K)->28906K(29248K) NonClass: 24038K(24192K)->24038K(24192K) Class: 4868K(5056K)->4868K(5056K)
[4677.930s][info][gc             ] GC(1406) Pause Young (Prepare Mixed) (G1 Evacuation Pause) 3632M->1461M(4096M) 117.606ms
[4677.930s][info][gc,cpu         ] GC(1406) User=0.69s Sys=0.00s Real=0.12s
...[4680.026s][info][gc,start       ] GC(1407) Pause Young (Mixed) (G1 Evacuation Pause)
[4680.026s][info][gc,task        ] GC(1407) Using 6 workers of 6 for evacuation
[4680.159s][info][gc,phases      ] GC(1407)   Pre Evacuate Collection Set: 0.37ms
[4680.159s][info][gc,phases      ] GC(1407)   Merge Heap Roots: 0.67ms
[4680.159s][info][gc,phases      ] GC(1407)   Evacuate Collection Set: 130.59ms
[4680.159s][info][gc,phases      ] GC(1407)   Post Evacuate Collection Set: 0.93ms
[4680.159s][info][gc,phases      ] GC(1407)   Other: 0.09ms
[4680.159s][info][gc,heap        ] GC(1407) Eden regions: 1101->0(1118)
[4680.159s][info][gc,heap        ] GC(1407) Survivor regions: 112->110(152)
[4680.159s][info][gc,heap        ] GC(1407) Old regions: 540->476
[4680.159s][info][gc,heap        ] GC(1407) Humongous regions: 80->80
[4680.159s][info][gc,metaspace   ] GC(1407) Metaspace: 28906K(29248K)->28906K(29248K) NonClass: 24038K(24192K)->24038K(24192K) Class: 4868K(5056K)->4868K(5056K)
[4680.159s][info][gc             ] GC(1407) Pause Young (Mixed) (G1 Evacuation Pause) 3663M->1329M(4096M) 132.793ms
[4680.159s][info][gc,cpu         ] GC(1407) User=0.79s Sys=0.00s Real=0.14s
..[4682.178s][info][gc,start       ] GC(1408) Pause Young (Concurrent Start) (G1 Evacuation Pause)
[4682.178s][info][gc,task        ] GC(1408) Using 6 workers of 6 for evacuation
[4682.297s][info][gc,phases      ] GC(1408)   Pre Evacuate Collection Set: 0.40ms
[4682.297s][info][gc,phases      ] GC(1408)   Merge Heap Roots: 0.45ms
[4682.297s][info][gc,phases      ] GC(1408)   Evacuate Collection Set: 117.05ms
[4682.297s][info][gc,phases      ] GC(1408)   Post Evacuate Collection Set: 0.92ms
[4682.297s][info][gc,phases      ] GC(1408)   Other: 0.11ms
[4682.297s][info][gc,heap        ] GC(1408) Eden regions: 1118->0(1116)
[4682.297s][info][gc,heap        ] GC(1408) Survivor regions: 110->112(154)
[4682.297s][info][gc,heap        ] GC(1408) Old regions: 476->508
[4682.297s][info][gc,heap        ] GC(1408) Humongous regions: 80->80
[4682.297s][info][gc,metaspace   ] GC(1408) Metaspace: 28906K(29248K)->28906K(29248K) NonClass: 24038K(24192K)->24038K(24192K) Class: 4868K(5056K)->4868K(5056K)
[4682.297s][info][gc             ] GC(1408) Pause Young (Concurrent Start) (G1 Evacuation Pause) 3565M->1397M(4096M) 119.047ms
[4682.297s][info][gc             ] GC(1409) Concurrent Mark Cycle
[4682.297s][info][gc,marking     ] GC(1409) Concurrent Scan Root Regions
[4682.297s][info][gc,cpu         ] GC(1408) User=0.70s Sys=0.00s Real=0.12s
[4682.507s][info][gc,marking     ] GC(1409) Concurrent Scan Root Regions 210.039ms
[4682.507s][info][gc,marking     ] GC(1409) Concurrent Mark
[4682.507s][info][gc,marking     ] GC(1409) Concurrent Mark From Roots
[4682.507s][info][gc,task        ] GC(1409) Using 2 workers of 2 for marking
.[4683.506s][info][gc,marking     ] GC(1409) Concurrent Mark From Roots 999.428ms
[4683.506s][info][gc,marking     ] GC(1409) Concurrent Preclean
[4683.506s][info][gc,marking     ] GC(1409) Concurrent Preclean 0.125ms
[4683.507s][info][gc,start       ] GC(1409) Pause Remark
[4683.514s][info][gc             ] GC(1409) Pause Remark 2583M->2583M(4096M) 7.165ms
[4683.514s][info][gc,cpu         ] GC(1409) User=0.04s Sys=0.00s Real=0.01s
[4683.516s][info][gc,marking     ] GC(1409) Concurrent Mark 1009.476ms
[4683.516s][info][gc,marking     ] GC(1409) Concurrent Rebuild Remembered Sets and Scrub Regions
[4684.015s][info][gc,marking     ] GC(1409) Concurrent Rebuild Remembered Sets and Scrub Regions 498.280ms
[4684.015s][info][gc,start       ] GC(1409) Pause Cleanup
[4684.015s][info][gc             ] GC(1409) Pause Cleanup 3141M->3141M(4096M) 0.117ms
[4684.015s][info][gc,cpu         ] GC(1409) User=0.00s Sys=0.00s Real=0.00s
[4684.016s][info][gc,marking     ] GC(1409) Concurrent Clear Claimed Marks
[4684.016s][info][gc,marking     ] GC(1409) Concurrent Clear Claimed Marks 0.032ms
[4684.016s][info][gc,marking     ] GC(1409) Concurrent Cleanup for Next Mark
.[4684.029s][info][gc,marking     ] GC(1409) Concurrent Cleanup for Next Mark 13.207ms
[4684.029s][info][gc             ] GC(1409) Concurrent Mark Cycle 1732.371ms
[4684.388s][info][gc,start       ] GC(1410) Pause Young (Prepare Mixed) (G1 Evacuation Pause)
[4684.388s][info][gc,task        ] GC(1410) Using 6 workers of 6 for evacuation
[4684.507s][info][gc,phases      ] GC(1410)   Pre Evacuate Collection Set: 0.38ms
[4684.507s][info][gc,phases      ] GC(1410)   Merge Heap Roots: 0.64ms
[4684.507s][info][gc,phases      ] GC(1410)   Evacuate Collection Set: 116.68ms
[4684.507s][info][gc,phases      ] GC(1410)   Post Evacuate Collection Set: 0.85ms
[4684.507s][info][gc,phases      ] GC(1410)   Other: 0.08ms
[4684.507s][info][gc,heap        ] GC(1410) Eden regions: 1116->0(1104)
[4684.507s][info][gc,heap        ] GC(1410) Survivor regions: 112->111(154)
[4684.507s][info][gc,heap        ] GC(1410) Old regions: 508->539
[4684.507s][info][gc,heap        ] GC(1410) Humongous regions: 80->80
[4684.507s][info][gc,metaspace   ] GC(1410) Metaspace: 28906K(29248K)->28906K(29248K) NonClass: 24038K(24192K)->24038K(24192K) Class: 4868K(5056K)->4868K(5056K)
[4684.507s][info][gc             ] GC(1410) Pause Young (Prepare Mixed) (G1 Evacuation Pause) 3629M->1458M(4096M) 118.802ms
[4684.507s][info][gc,cpu         ] GC(1410) User=0.70s Sys=0.00s Real=0.11s
..[4686.617s][info][gc,start       ] GC(1411) Pause Young (Mixed) (G1 Evacuation Pause)
[4686.617s][info][gc,task        ] GC(1411) Using 6 workers of 6 for evacuation
[4686.749s][info][gc,phases      ] GC(1411)   Pre Evacuate Collection Set: 0.37ms
[4686.749s][info][gc,phases      ] GC(1411)   Merge Heap Roots: 0.68ms
[4686.749s][info][gc,phases      ] GC(1411)   Evacuate Collection Set: 130.08ms
[4686.749s][info][gc,phases      ] GC(1411)   Post Evacuate Collection Set: 0.94ms
[4686.749s][info][gc,phases      ] GC(1411)   Other: 0.09ms
[4686.749s][info][gc,heap        ] GC(1411) Eden regions: 1104->0(1119)
[4686.749s][info][gc,heap        ] GC(1411) Survivor regions: 111->109(152)
[4686.749s][info][gc,heap        ] GC(1411) Old regions: 539->476
[4686.749s][info][gc,heap        ] GC(1411) Humongous regions: 80->80
[4686.749s][info][gc,metaspace   ] GC(1411) Metaspace: 28906K(29248K)->28906K(29248K) NonClass: 24038K(24192K)->24038K(24192K) Class: 4868K(5056K)->4868K(5056K)
[4686.749s][info][gc             ] GC(1411) Pause Young (Mixed) (G1 Evacuation Pause) 3666M->1328M(4096M) 132.286ms
[4686.749s][info][gc,cpu         ] GC(1411) User=0.78s Sys=0.01s Real=0.14s
..[4688.751s][info][gc,start       ] GC(1412) Pause Young (Concurrent Start) (G1 Evacuation Pause)
[4688.751s][info][gc,task        ] GC(1412) Using 6 workers of 6 for evacuation
[4688.871s][info][gc,phases      ] GC(1412)   Pre Evacuate Collection Set: 0.39ms
[4688.871s][info][gc,phases      ] GC(1412)   Merge Heap Roots: 0.44ms
[4688.871s][info][gc,phases      ] GC(1412)   Evacuate Collection Set: 117.46ms
[4688.871s][info][gc,phases      ] GC(1412)   Post Evacuate Collection Set: 0.90ms
[4688.871s][info][gc,phases      ] GC(1412)   Other: 0.11ms
[4688.871s][info][gc,heap        ] GC(1412) Eden regions: 1119->0(1116)
[4688.871s][info][gc,heap        ] GC(1412) Survivor regions: 109->112(154)
[4688.871s][info][gc,heap        ] GC(1412) Old regions: 476->507
[4688.871s][info][gc,heap        ] GC(1412) Humongous regions: 80->80
[4688.871s][info][gc,metaspace   ] GC(1412) Metaspace: 28906K(29248K)->28906K(29248K) NonClass: 24038K(24192K)->24038K(24192K) Class: 4868K(5056K)->4868K(5056K)
[4688.871s][info][gc             ] GC(1412) Pause Young (Concurrent Start) (G1 Evacuation Pause) 3566M->1397M(4096M) 119.424ms
[4688.871s][info][gc             ] GC(1413) Concurrent Mark Cycle
[4688.871s][info][gc,marking     ] GC(1413) Concurrent Scan Root Regions
[4688.871s][info][gc,cpu         ] GC(1412) User=0.71s Sys=0.00s Real=0.12s
[4689.016s][info][gc,marking     ] GC(1413) Concurrent Scan Root Regions 145.101ms
[4689.016s][info][gc,marking     ] GC(1413) Concurrent Mark
[4689.016s][info][gc,marking     ] GC(1413) Concurrent Mark From Roots
[4689.016s][info][gc,task        ] GC(1413) Using 2 workers of 2 for marking
.[4689.742s][info][gc,marking     ] GC(1413) Concurrent Mark From Roots 726.244ms
[4689.742s][info][gc,marking     ] GC(1413) Concurrent Preclean
[4689.742s][info][gc,marking     ] GC(1413) Concurrent Preclean 0.080ms
[4689.744s][info][gc,start       ] GC(1413) Pause Remark
[4689.749s][info][gc             ] GC(1413) Pause Remark 2183M->2183M(4096M) 5.134ms
[4689.749s][info][gc,cpu         ] GC(1413) User=0.03s Sys=0.00s Real=0.01s
[4689.749s][info][gc,marking     ] GC(1413) Concurrent Mark 733.173ms
[4689.749s][info][gc,marking     ] GC(1413) Concurrent Rebuild Remembered Sets and Scrub Regions
[4690.063s][info][gc,marking     ] GC(1413) Concurrent Rebuild Remembered Sets and Scrub Regions 313.830ms
[4690.063s][info][gc,start       ] GC(1413) Pause Cleanup
[4690.063s][info][gc             ] GC(1413) Pause Cleanup 2443M->2443M(4096M) 0.115ms
[4690.064s][info][gc,cpu         ] GC(1413) User=0.00s Sys=0.00s Real=0.00s
[4690.064s][info][gc,marking     ] GC(1413) Concurrent Clear Claimed Marks
[4690.065s][info][gc,marking     ] GC(1413) Concurrent Clear Claimed Marks 0.067ms
[4690.065s][info][gc,marking     ] GC(1413) Concurrent Cleanup for Next Mark
[4690.081s][info][gc,marking     ] GC(1413) Concurrent Cleanup for Next Mark 16.576ms
[4690.081s][info][gc             ] GC(1413) Concurrent Mark Cycle 1210.371ms
.[4691.070s][info][gc,start       ] GC(1414) Pause Young (Prepare Mixed) (G1 Evacuation Pause)
[4691.070s][info][gc,task        ] GC(1414) Using 6 workers of 6 for evacuation
[4691.189s][info][gc,phases      ] GC(1414)   Pre Evacuate Collection Set: 0.38ms
[4691.189s][info][gc,phases      ] GC(1414)   Merge Heap Roots: 0.48ms
[4691.189s][info][gc,phases      ] GC(1414)   Evacuate Collection Set: 116.64ms
[4691.189s][info][gc,phases      ] GC(1414)   Post Evacuate Collection Set: 0.92ms
[4691.189s][info][gc,phases      ] GC(1414)   Other: 0.09ms
[4691.189s][info][gc,heap        ] GC(1414) Eden regions: 1116->0(1102)
[4691.189s][info][gc,heap        ] GC(1414) Survivor regions: 112->112(154)
[4691.189s][info][gc,heap        ] GC(1414) Old regions: 507->539
[4691.189s][info][gc,heap        ] GC(1414) Humongous regions: 80->80
[4691.189s][info][gc,metaspace   ] GC(1414) Metaspace: 28906K(29248K)->28906K(29248K) NonClass: 24038K(24192K)->24038K(24192K) Class: 4868K(5056K)->4868K(5056K)
[4691.189s][info][gc             ] GC(1414) Pause Young (Prepare Mixed) (G1 Evacuation Pause) 3629M->1460M(4096M) 118.635ms
[4691.189s][info][gc,cpu         ] GC(1414) User=0.70s Sys=0.00s Real=0.12s
..[4693.186s][info][gc,start       ] GC(1415) Pause Young (Mixed) (G1 Evacuation Pause)
[4693.186s][info][gc,task        ] GC(1415) Using 6 workers of 6 for evacuation
[4693.320s][info][gc,phases      ] GC(1415)   Pre Evacuate Collection Set: 0.38ms
[4693.320s][info][gc,phases      ] GC(1415)   Merge Heap Roots: 0.63ms
[4693.320s][info][gc,phases      ] GC(1415)   Evacuate Collection Set: 131.34ms
[4693.320s][info][gc,phases      ] GC(1415)   Post Evacuate Collection Set: 0.94ms
[4693.320s][info][gc,phases      ] GC(1415)   Other: 0.08ms
[4693.320s][info][gc,heap        ] GC(1415) Eden regions: 1102->0(1116)
[4693.320s][info][gc,heap        ] GC(1415) Survivor regions: 112->112(152)
[4693.320s][info][gc,heap        ] GC(1415) Old regions: 539->475
[4693.320s][info][gc,heap        ] GC(1415) Humongous regions: 80->80
[4693.320s][info][gc,metaspace   ] GC(1415) Metaspace: 28906K(29248K)->28906K(29248K) NonClass: 24038K(24192K)->24038K(24192K) Class: 4868K(5056K)->4868K(5056K)
[4693.320s][info][gc             ] GC(1415) Pause Young (Mixed) (G1 Evacuation Pause) 3664M->1332M(4096M) 133.502ms
[4693.320s][info][gc,cpu         ] GC(1415) User=0.79s Sys=0.00s Real=0.14s
...[4695.414s][info][gc,start       ] GC(1416) Pause Young (Concurrent Start) (G1 Evacuation Pause)
[4695.414s][info][gc,task        ] GC(1416) Using 6 workers of 6 for evacuation
[4695.531s][info][gc,phases      ] GC(1416)   Pre Evacuate Collection Set: 0.37ms
[4695.531s][info][gc,phases      ] GC(1416)   Merge Heap Roots: 0.46ms
[4695.531s][info][gc,phases      ] GC(1416)   Evacuate Collection Set: 114.63ms
[4695.531s][info][gc,phases      ] GC(1416)   Post Evacuate Collection Set: 0.89ms
[4695.531s][info][gc,phases      ] GC(1416)   Other: 0.12ms
[4695.531s][info][gc,heap        ] GC(1416) Eden regions: 1116->0(1121)
[4695.531s][info][gc,heap        ] GC(1416) Survivor regions: 112->107(154)
[4695.531s][info][gc,heap        ] GC(1416) Old regions: 475->507
[4695.531s][info][gc,heap        ] GC(1416) Humongous regions: 80->80
[4695.531s][info][gc,metaspace   ] GC(1416) Metaspace: 28906K(29248K)->28906K(29248K) NonClass: 24038K(24192K)->24038K(24192K) Class: 4868K(5056K)->4868K(5056K)
[4695.531s][info][gc             ] GC(1416) Pause Young (Concurrent Start) (G1 Evacuation Pause) 3564M->1387M(4096M) 116.600ms
[4695.531s][info][gc             ] GC(1417) Concurrent Mark Cycle
[4695.531s][info][gc,marking     ] GC(1417) Concurrent Scan Root Regions
[4695.531s][info][gc,cpu         ] GC(1416) User=0.69s Sys=0.00s Real=0.12s
[4695.676s][info][gc,marking     ] GC(1417) Concurrent Scan Root Regions 144.561ms
[4695.676s][info][gc,marking     ] GC(1417) Concurrent Mark
[4695.676s][info][gc,marking     ] GC(1417) Concurrent Mark From Roots
[4695.676s][info][gc,task        ] GC(1417) Using 2 workers of 2 for marking
[4696.433s][info][gc,marking     ] GC(1417) Concurrent Mark From Roots 756.809ms
[4696.433s][info][gc,marking     ] GC(1417) Concurrent Preclean
[4696.433s][info][gc,marking     ] GC(1417) Concurrent Preclean 0.090ms
[4696.433s][info][gc,start       ] GC(1417) Pause Remark
[4696.439s][info][gc             ] GC(1417) Pause Remark 2259M->2259M(4096M) 5.777ms
[4696.439s][info][gc,cpu         ] GC(1417) User=0.03s Sys=0.00s Real=0.01s
[4696.439s][info][gc,marking     ] GC(1417) Concurrent Mark 763.401ms
[4696.439s][info][gc,marking     ] GC(1417) Concurrent Rebuild Remembered Sets and Scrub Regions
.[4696.724s][info][gc,marking     ] GC(1417) Concurrent Rebuild Remembered Sets and Scrub Regions 284.415ms
[4696.725s][info][gc,start       ] GC(1417) Pause Cleanup
[4696.725s][info][gc             ] GC(1417) Pause Cleanup 2569M->2569M(4096M) 0.120ms
[4696.725s][info][gc,cpu         ] GC(1417) User=0.00s Sys=0.00s Real=0.00s
[4696.725s][info][gc,marking     ] GC(1417) Concurrent Clear Claimed Marks
[4696.725s][info][gc,marking     ] GC(1417) Concurrent Clear Claimed Marks 0.022ms
[4696.725s][info][gc,marking     ] GC(1417) Concurrent Cleanup for Next Mark
[4696.734s][info][gc,marking     ] GC(1417) Concurrent Cleanup for Next Mark 8.897ms
[4696.734s][info][gc             ] GC(1417) Concurrent Mark Cycle 1202.736ms
.[4697.675s][info][gc,start       ] GC(1418) Pause Young (Prepare Mixed) (G1 Evacuation Pause)
[4697.675s][info][gc,task        ] GC(1418) Using 6 workers of 6 for evacuation
[4697.796s][info][gc,phases      ] GC(1418)   Pre Evacuate Collection Set: 0.32ms
[4697.796s][info][gc,phases      ] GC(1418)   Merge Heap Roots: 0.49ms
[4697.796s][info][gc,phases      ] GC(1418)   Evacuate Collection Set: 118.56ms
[4697.796s][info][gc,phases      ] GC(1418)   Post Evacuate Collection Set: 0.93ms
[4697.796s][info][gc,phases      ] GC(1418)   Other: 0.12ms
[4697.796s][info][gc,heap        ] GC(1418) Eden regions: 1121->0(1101)
[4697.796s][info][gc,heap        ] GC(1418) Survivor regions: 107->113(154)
[4697.796s][info][gc,heap        ] GC(1418) Old regions: 507->538
[4697.796s][info][gc,heap        ] GC(1418) Humongous regions: 80->80
[4697.796s][info][gc,metaspace   ] GC(1418) Metaspace: 28906K(29248K)->28906K(29248K) NonClass: 24038K(24192K)->24038K(24192K) Class: 4868K(5056K)->4868K(5056K)
[4697.796s][info][gc             ] GC(1418) Pause Young (Prepare Mixed) (G1 Evacuation Pause) 3629M->1460M(4096M) 120.543ms
[4697.796s][info][gc,cpu         ] GC(1418) User=0.71s Sys=0.01s Real=0.12s
..[4699.808s][info][gc,start       ] GC(1419) Pause Young (Mixed) (G1 Evacuation Pause)
[4699.808s][info][gc,task        ] GC(1419) Using 6 workers of 6 for evacuation
[4699.945s][info][gc,phases      ] GC(1419)   Pre Evacuate Collection Set: 0.39ms
[4699.945s][info][gc,phases      ] GC(1419)   Merge Heap Roots: 0.70ms
[4699.945s][info][gc,phases      ] GC(1419)   Evacuate Collection Set: 134.98ms
[4699.945s][info][gc,phases      ] GC(1419)   Post Evacuate Collection Set: 0.97ms
[4699.945s][info][gc,phases      ] GC(1419)   Other: 0.09ms
[4699.945s][info][gc,heap        ] GC(1419) Eden regions: 1101->0(1116)
[4699.945s][info][gc,heap        ] GC(1419) Survivor regions: 113->112(152)
[4699.945s][info][gc,heap        ] GC(1419) Old regions: 538->476
[4699.945s][info][gc,heap        ] GC(1419) Humongous regions: 80->80
[4699.945s][info][gc,metaspace   ] GC(1419) Metaspace: 28906K(29248K)->28906K(29248K) NonClass: 24038K(24192K)->24038K(24192K) Class: 4868K(5056K)->4868K(5056K)
[4699.945s][info][gc             ] GC(1419) Pause Young (Mixed) (G1 Evacuation Pause) 3662M->1334M(4096M) 137.258ms
[4699.945s][info][gc,cpu         ] GC(1419) User=0.81s Sys=0.00s Real=0.13s
..[4702.102s][info][gc,start       ] GC(1420) Pause Young (Concurrent Start) (G1 Evacuation Pause)
[4702.102s][info][gc,task        ] GC(1420) Using 6 workers of 6 for evacuation
[4702.223s][info][gc,phases      ] GC(1420)   Pre Evacuate Collection Set: 0.39ms
[4702.223s][info][gc,phases      ] GC(1420)   Merge Heap Roots: 0.43ms
[4702.223s][info][gc,phases      ] GC(1420)   Evacuate Collection Set: 119.25ms
[4702.223s][info][gc,phases      ] GC(1420)   Post Evacuate Collection Set: 0.84ms
[4702.223s][info][gc,phases      ] GC(1420)   Other: 0.11ms
[4702.223s][info][gc,heap        ] GC(1420) Eden regions: 1116->0(1114)
[4702.223s][info][gc,heap        ] GC(1420) Survivor regions: 112->114(154)
[4702.223s][info][gc,heap        ] GC(1420) Old regions: 476->509
[4702.223s][info][gc,heap        ] GC(1420) Humongous regions: 80->80
[4702.223s][info][gc,metaspace   ] GC(1420) Metaspace: 28906K(29248K)->28906K(29248K) NonClass: 24038K(24192K)->24038K(24192K) Class: 4868K(5056K)->4868K(5056K)
[4702.223s][info][gc             ] GC(1420) Pause Young (Concurrent Start) (G1 Evacuation Pause) 3566M->1403M(4096M) 121.149ms
[4702.223s][info][gc             ] GC(1421) Concurrent Mark Cycle
[4702.223s][info][gc,marking     ] GC(1421) Concurrent Scan Root Regions
[4702.223s][info][gc,cpu         ] GC(1420) User=0.71s Sys=0.00s Real=0.12s
[4702.451s][info][gc,marking     ] GC(1421) Concurrent Scan Root Regions 227.805ms
[4702.451s][info][gc,marking     ] GC(1421) Concurrent Mark
[4702.451s][info][gc,marking     ] GC(1421) Concurrent Mark From Roots
[4702.451s][info][gc,task        ] GC(1421) Using 2 workers of 2 for marking
..[4703.572s][info][gc,marking     ] GC(1421) Concurrent Mark From Roots 1121.544ms
[4703.572s][info][gc,marking     ] GC(1421) Concurrent Preclean
[4703.572s][info][gc,marking     ] GC(1421) Concurrent Preclean 0.097ms
[4703.574s][info][gc,start       ] GC(1421) Pause Remark
[4703.578s][info][gc             ] GC(1421) Pause Remark 2751M->2751M(4096M) 3.683ms
[4703.578s][info][gc,cpu         ] GC(1421) User=0.02s Sys=0.00s Real=0.01s
[4703.579s][info][gc,marking     ] GC(1421) Concurrent Mark 1128.377ms
[4703.579s][info][gc,marking     ] GC(1421) Concurrent Rebuild Remembered Sets and Scrub Regions
[4703.897s][info][gc,marking     ] GC(1421) Concurrent Rebuild Remembered Sets and Scrub Regions 318.122ms
[4703.898s][info][gc,start       ] GC(1421) Pause Cleanup
[4703.898s][info][gc             ] GC(1421) Pause Cleanup 3035M->3035M(4096M) 0.127ms
[4703.898s][info][gc,cpu         ] GC(1421) User=0.00s Sys=0.00s Real=0.00s
[4703.899s][info][gc,marking     ] GC(1421) Concurrent Clear Claimed Marks
[4703.899s][info][gc,marking     ] GC(1421) Concurrent Clear Claimed Marks 0.034ms
[4703.899s][info][gc,marking     ] GC(1421) Concurrent Cleanup for Next Mark
[4703.909s][info][gc,marking     ] GC(1421) Concurrent Cleanup for Next Mark 9.261ms
[4703.909s][info][gc             ] GC(1421) Concurrent Mark Cycle 1685.960ms
[4704.444s][info][gc,start       ] GC(1422) Pause Young (Prepare Mixed) (G1 Evacuation Pause)
[4704.444s][info][gc,task        ] GC(1422) Using 6 workers of 6 for evacuation
[4704.562s][info][gc,phases      ] GC(1422)   Pre Evacuate Collection Set: 0.33ms
[4704.562s][info][gc,phases      ] GC(1422)   Merge Heap Roots: 0.58ms
[4704.562s][info][gc,phases      ] GC(1422)   Evacuate Collection Set: 116.81ms
[4704.562s][info][gc,phases      ] GC(1422)   Post Evacuate Collection Set: 0.95ms
[4704.562s][info][gc,phases      ] GC(1422)   Other: 0.08ms
[4704.562s][info][gc,heap        ] GC(1422) Eden regions: 1114->0(1103)
[4704.562s][info][gc,heap        ] GC(1422) Survivor regions: 114->111(154)
[4704.562s][info][gc,heap        ] GC(1422) Old regions: 509->540
[4704.562s][info][gc,heap        ] GC(1422) Humongous regions: 80->80
[4704.562s][info][gc,metaspace   ] GC(1422) Metaspace: 28906K(29248K)->28906K(29248K) NonClass: 24038K(24192K)->24038K(24192K) Class: 4868K(5056K)->4868K(5056K)
[4704.562s][info][gc             ] GC(1422) Pause Young (Prepare Mixed) (G1 Evacuation Pause) 3631M->1460M(4096M) 118.892ms
[4704.562s][info][gc,cpu         ] GC(1422) User=0.71s Sys=0.00s Real=0.12s
...[4706.590s][info][gc,start       ] GC(1423) Pause Young (Mixed) (G1 Evacuation Pause)
[4706.590s][info][gc,task        ] GC(1423) Using 6 workers of 6 for evacuation
[4706.731s][info][gc,phases      ] GC(1423)   Pre Evacuate Collection Set: 0.39ms
[4706.731s][info][gc,phases      ] GC(1423)   Merge Heap Roots: 0.69ms
[4706.731s][info][gc,phases      ] GC(1423)   Evacuate Collection Set: 138.72ms
[4706.731s][info][gc,phases      ] GC(1423)   Post Evacuate Collection Set: 0.92ms
[4706.731s][info][gc,phases      ] GC(1423)   Other: 0.09ms
[4706.731s][info][gc,heap        ] GC(1423) Eden regions: 1103->0(1117)
[4706.731s][info][gc,heap        ] GC(1423) Survivor regions: 111->111(152)
[4706.731s][info][gc,heap        ] GC(1423) Old regions: 540->476
[4706.731s][info][gc,heap        ] GC(1423) Humongous regions: 80->80
[4706.731s][info][gc,metaspace   ] GC(1423) Metaspace: 28906K(29248K)->28906K(29248K) NonClass: 24038K(24192K)->24038K(24192K) Class: 4868K(5056K)->4868K(5056K)
[4706.731s][info][gc             ] GC(1423) Pause Young (Mixed) (G1 Evacuation Pause) 3666M->1331M(4096M) 140.929ms
[4706.731s][info][gc,cpu         ] GC(1423) User=0.83s Sys=0.00s Real=0.14s
..[4708.873s][info][gc,start       ] GC(1424) Pause Young (Concurrent Start) (G1 Evacuation Pause)
[4708.873s][info][gc,task        ] GC(1424) Using 6 workers of 6 for evacuation
[4708.991s][info][gc,phases      ] GC(1424)   Pre Evacuate Collection Set: 0.32ms
[4708.991s][info][gc,phases      ] GC(1424)   Merge Heap Roots: 0.46ms
[4708.991s][info][gc,phases      ] GC(1424)   Evacuate Collection Set: 116.22ms
[4708.991s][info][gc,phases      ] GC(1424)   Post Evacuate Collection Set: 0.88ms
[4708.991s][info][gc,phases      ] GC(1424)   Other: 0.13ms
[4708.991s][info][gc,heap        ] GC(1424) Eden regions: 1117->0(1118)
[4708.991s][info][gc,heap        ] GC(1424) Survivor regions: 111->110(154)
[4708.991s][info][gc,heap        ] GC(1424) Old regions: 476->507
[4708.991s][info][gc,heap        ] GC(1424) Humongous regions: 80->80
[4708.991s][info][gc,metaspace   ] GC(1424) Metaspace: 28906K(29248K)->28906K(29248K) NonClass: 24038K(24192K)->24038K(24192K) Class: 4868K(5056K)->4868K(5056K)
[4708.991s][info][gc             ] GC(1424) Pause Young (Concurrent Start) (G1 Evacuation Pause) 3565M->1392M(4096M) 118.135ms
[4708.991s][info][gc             ] GC(1425) Concurrent Mark Cycle
[4708.991s][info][gc,marking     ] GC(1425) Concurrent Scan Root Regions
[4708.991s][info][gc,cpu         ] GC(1424) User=0.70s Sys=0.00s Real=0.12s
[4709.134s][info][gc,marking     ] GC(1425) Concurrent Scan Root Regions 142.524ms
[4709.134s][info][gc,marking     ] GC(1425) Concurrent Mark
[4709.134s][info][gc,marking     ] GC(1425) Concurrent Mark From Roots
[4709.134s][info][gc,task        ] GC(1425) Using 2 workers of 2 for marking
.[4709.916s][info][gc,marking     ] GC(1425) Concurrent Mark From Roots 782.312ms
[4709.916s][info][gc,marking     ] GC(1425) Concurrent Preclean
[4709.916s][info][gc,marking     ] GC(1425) Concurrent Preclean 0.097ms
[4709.919s][info][gc,start       ] GC(1425) Pause Remark
[4709.923s][info][gc             ] GC(1425) Pause Remark 2194M->2194M(4096M) 4.661ms
[4709.923s][info][gc,cpu         ] GC(1425) User=0.02s Sys=0.00s Real=0.00s
[4709.923s][info][gc,marking     ] GC(1425) Concurrent Mark 789.510ms
[4709.924s][info][gc,marking     ] GC(1425) Concurrent Rebuild Remembered Sets and Scrub Regions
[4710.218s][info][gc,marking     ] GC(1425) Concurrent Rebuild Remembered Sets and Scrub Regions 294.379ms
[4710.218s][info][gc,start       ] GC(1425) Pause Cleanup
[4710.218s][info][gc             ] GC(1425) Pause Cleanup 2464M->2464M(4096M) 0.126ms
[4710.218s][info][gc,cpu         ] GC(1425) User=0.00s Sys=0.00s Real=0.00s
[4710.218s][info][gc,marking     ] GC(1425) Concurrent Clear Claimed Marks
[4710.218s][info][gc,marking     ] GC(1425) Concurrent Clear Claimed Marks 0.024ms
[4710.218s][info][gc,marking     ] GC(1425) Concurrent Cleanup for Next Mark
[4710.223s][info][gc,marking     ] GC(1425) Concurrent Cleanup for Next Mark 5.109ms
[4710.223s][info][gc             ] GC(1425) Concurrent Mark Cycle 1232.079ms
.[4711.146s][info][gc,start       ] GC(1426) Pause Young (Prepare Mixed) (G1 Evacuation Pause)
[4711.146s][info][gc,task        ] GC(1426) Using 6 workers of 6 for evacuation
[4711.266s][info][gc,phases      ] GC(1426)   Pre Evacuate Collection Set: 0.35ms
[4711.266s][info][gc,phases      ] GC(1426)   Merge Heap Roots: 0.49ms
[4711.266s][info][gc,phases      ] GC(1426)   Evacuate Collection Set: 118.60ms
[4711.266s][info][gc,phases      ] GC(1426)   Post Evacuate Collection Set: 0.97ms
[4711.266s][info][gc,phases      ] GC(1426)   Other: 0.09ms
[4711.266s][info][gc,heap        ] GC(1426) Eden regions: 1118->0(1100)
[4711.266s][info][gc,heap        ] GC(1426) Survivor regions: 110->113(154)
[4711.266s][info][gc,heap        ] GC(1426) Old regions: 507->539
[4711.266s][info][gc,heap        ] GC(1426) Humongous regions: 80->80
[4711.266s][info][gc,metaspace   ] GC(1426) Metaspace: 28906K(29248K)->28906K(29248K) NonClass: 24038K(24192K)->24038K(24192K) Class: 4868K(5056K)->4868K(5056K)
[4711.266s][info][gc             ] GC(1426) Pause Young (Prepare Mixed) (G1 Evacuation Pause) 3628M->1462M(4096M) 120.629ms
[4711.266s][info][gc,cpu         ] GC(1426) User=0.72s Sys=0.00s Real=0.12s
..[4713.356s][info][gc,start       ] GC(1427) Pause Young (Mixed) (G1 Evacuation Pause)
[4713.356s][info][gc,task        ] GC(1427) Using 6 workers of 6 for evacuation
[4713.496s][info][gc,phases      ] GC(1427)   Pre Evacuate Collection Set: 0.38ms
[4713.496s][info][gc,phases      ] GC(1427)   Merge Heap Roots: 0.82ms
[4713.496s][info][gc,phases      ] GC(1427)   Evacuate Collection Set: 137.29ms
[4713.496s][info][gc,phases      ] GC(1427)   Post Evacuate Collection Set: 0.94ms
[4713.496s][info][gc,phases      ] GC(1427)   Other: 0.09ms
[4713.496s][info][gc,heap        ] GC(1427) Eden regions: 1100->0(1114)
[4713.496s][info][gc,heap        ] GC(1427) Survivor regions: 113->114(152)
[4713.496s][info][gc,heap        ] GC(1427) Old regions: 539->477
[4713.496s][info][gc,heap        ] GC(1427) Humongous regions: 80->80
[4713.496s][info][gc,metaspace   ] GC(1427) Metaspace: 28906K(29248K)->28906K(29248K) NonClass: 24038K(24192K)->24038K(24192K) Class: 4868K(5056K)->4868K(5056K)
[4713.496s][info][gc             ] GC(1427) Pause Young (Mixed) (G1 Evacuation Pause) 3662M->1339M(4096M) 139.637ms
[4713.496s][info][gc,cpu         ] GC(1427) User=0.83s Sys=0.00s Real=0.14s
..[4715.627s][info][gc,start       ] GC(1428) Pause Young (Concurrent Start) (G1 Evacuation Pause)
[4715.627s][info][gc,task        ] GC(1428) Using 6 workers of 6 for evacuation
[4715.749s][info][gc,phases      ] GC(1428)   Pre Evacuate Collection Set: 0.37ms
[4715.749s][info][gc,phases      ] GC(1428)   Merge Heap Roots: 0.45ms
[4715.749s][info][gc,phases      ] GC(1428)   Evacuate Collection Set: 120.00ms
[4715.749s][info][gc,phases      ] GC(1428)   Post Evacuate Collection Set: 0.89ms
[4715.749s][info][gc,phases      ] GC(1428)   Other: 0.13ms
[4715.749s][info][gc,heap        ] GC(1428) Eden regions: 1114->0(1117)
[4715.749s][info][gc,heap        ] GC(1428) Survivor regions: 114->111(154)
[4715.749s][info][gc,heap        ] GC(1428) Old regions: 477->509
[4715.749s][info][gc,heap        ] GC(1428) Humongous regions: 80->80
[4715.749s][info][gc,metaspace   ] GC(1428) Metaspace: 28906K(29248K)->28906K(29248K) NonClass: 24038K(24192K)->24038K(24192K) Class: 4868K(5056K)->4868K(5056K)
[4715.749s][info][gc             ] GC(1428) Pause Young (Concurrent Start) (G1 Evacuation Pause) 3567M->1399M(4096M) 122.000ms
[4715.749s][info][gc             ] GC(1429) Concurrent Mark Cycle
[4715.749s][info][gc,marking     ] GC(1429) Concurrent Scan Root Regions
[4715.750s][info][gc,cpu         ] GC(1428) User=0.73s Sys=0.00s Real=0.13s
.[4715.933s][info][gc,marking     ] GC(1429) Concurrent Scan Root Regions 182.998ms
[4715.933s][info][gc,marking     ] GC(1429) Concurrent Mark
[4715.933s][info][gc,marking     ] GC(1429) Concurrent Mark From Roots
[4715.933s][info][gc,task        ] GC(1429) Using 2 workers of 2 for marking
[4716.685s][info][gc,marking     ] GC(1429) Concurrent Mark From Roots 752.227ms
[4716.685s][info][gc,marking     ] GC(1429) Concurrent Preclean
[4716.685s][info][gc,marking     ] GC(1429) Concurrent Preclean 0.113ms
[4716.686s][info][gc,start       ] GC(1429) Pause Remark
[4716.692s][info][gc             ] GC(1429) Pause Remark 2251M->2251M(4096M) 5.510ms
[4716.692s][info][gc,cpu         ] GC(1429) User=0.03s Sys=0.00s Real=0.01s
[4716.692s][info][gc,marking     ] GC(1429) Concurrent Mark 759.319ms
[4716.692s][info][gc,marking     ] GC(1429) Concurrent Rebuild Remembered Sets and Scrub Regions
.[4717.013s][info][gc,marking     ] GC(1429) Concurrent Rebuild Remembered Sets and Scrub Regions 321.415ms
[4717.014s][info][gc,start       ] GC(1429) Pause Cleanup
[4717.015s][info][gc             ] GC(1429) Pause Cleanup 2545M->2545M(4096M) 0.126ms
[4717.015s][info][gc,cpu         ] GC(1429) User=0.00s Sys=0.00s Real=0.00s
[4717.016s][info][gc,marking     ] GC(1429) Concurrent Clear Claimed Marks
[4717.016s][info][gc,marking     ] GC(1429) Concurrent Clear Claimed Marks 0.038ms
