[0.002s][info][gc,init] CardTable entry size: 512
[0.002s][info][gc     ] Using G1
[0.009s][info][gc,init] Version: 24-internal-adhoc.thomas.source (release)
[0.009s][info][gc,init] CPUs: 8 total, 6 available
[0.009s][info][gc,init] Memory: 15662M
[0.009s][info][gc,init] Large Page Support: Disabled
[0.009s][info][gc,init] NUMA Support: Disabled
[0.009s][info][gc,init] Compressed Oops: Enabled (Zero based)
[0.009s][info][gc,init] Heap Region Size: 2M
[0.009s][info][gc,init] Heap Min Capacity: 4G
[0.009s][info][gc,init] Heap Initial Capacity: 4G
[0.009s][info][gc,init] Heap Max Capacity: 4G
[0.009s][info][gc,init] Pre-touch: Disabled
[0.009s][info][gc,init] Parallel Workers: 6
[0.009s][info][gc,init] Concurrent Workers: 2
[0.009s][info][gc,init] Concurrent Refinement Workers: 6
[0.009s][info][gc,init] Periodic GC: Disabled
[0.009s][info][gc,metaspace] CDS archive(s) not mapped
[0.009s][info][gc,metaspace] Compressed class space mapped at: 0x00000000a6000000-0x00000000e6000000, reserved size: 1073741824
[0.009s][info][gc,metaspace] UseCompressedClassPointers 1, UseCompactObjectHeaders 1, narrow klass pointer bits 22, max shift 10
[0.009s][info][gc,metaspace] Narrow klass base: 0x00000000a6000000, Narrow klass shift: 9, Narrow klass range: 0x40000000

SPECjbb2015 Java Business Benchmark
 (c) Standard Performance Evaluation Corporation, 2015

Preparing to launch All-in-one SPECjbb2015.

Reading property file: /shared/projects/openjdk/analysis/lilliput-benefits/specjbb/results-COH-ON-G1-0/./config/specjbb2015.props

     0s: Enumerating plugins...
     0s:    Connectivity:
     0s:             HTTP_Grizzly: Grizzly HTTP server, JDK HTTP client
     0s:              NIO_Grizzly: Grizzly NIO server, Grizzly NIO client
     0s:               HTTP_Jetty: Jetty HTTP server, JDK HTTP client
     0s:    Snapshot:
     0s:                 InMemory: Stores snapshots in heap memory
     0s:    Data Writers:
     0s:                     Demo: Send all frame to listener
     0s:                   InFile: Writing Data into file
     0s:                   Silent: Drop all frames
     0s: 
     0s: Kit validation is skipped.
     0s: Tests are skipped.
     0s: 
     0s: [1.000s][info][gc,start    ] GC(0) Pause Young (Normal) (G1 Evacuation Pause)
[1.001s][info][gc,task     ] GC(0) Using 6 workers of 6 for evacuation
[1.006s][info][gc,phases   ] GC(0)   Pre Evacuate Collection Set: 0.30ms
[1.006s][info][gc,phases   ] GC(0)   Merge Heap Roots: 0.08ms
[1.006s][info][gc,phases   ] GC(0)   Evacuate Collection Set: 4.30ms
[1.006s][info][gc,phases   ] GC(0)   Post Evacuate Collection Set: 0.47ms
[1.006s][info][gc,phases   ] GC(0)   Other: 0.44ms
[1.006s][info][gc,heap     ] GC(0) Eden regions: 102->0(99)
[1.006s][info][gc,heap     ] GC(0) Survivor regions: 0->3(13)
[1.006s][info][gc,heap     ] GC(0) Old regions: 0->0
[1.006s][info][gc,heap     ] GC(0) Humongous regions: 0->0
[1.006s][info][gc,metaspace] GC(0) Metaspace: 21101K(21312K)->21101K(21312K) NonClass: 17101K(17216K)->17101K(17216K) Class: 3999K(4096K)->3999K(4096K)
[1.006s][info][gc          ] GC(0) Pause Young (Normal) (G1 Evacuation Pause) 204M->4M(4096M) 5.753ms
[1.006s][info][gc,cpu      ] GC(0) User=0.01s Sys=0.01s Real=0.01s
[1.160s][info][gc,start    ] GC(1) Pause Young (Concurrent Start) (Metadata GC Threshold)
[1.160s][info][gc,task     ] GC(1) Using 6 workers of 6 for evacuation
[1.163s][info][gc,phases   ] GC(1)   Pre Evacuate Collection Set: 0.30ms
[1.163s][info][gc,phases   ] GC(1)   Merge Heap Roots: 0.03ms
[1.163s][info][gc,phases   ] GC(1)   Evacuate Collection Set: 2.60ms
[1.163s][info][gc,phases   ] GC(1)   Post Evacuate Collection Set: 0.33ms
[1.163s][info][gc,phases   ] GC(1)   Other: 0.07ms
[1.163s][info][gc,heap     ] GC(1) Eden regions: 47->0(99)
[1.163s][info][gc,heap     ] GC(1) Survivor regions: 3->3(13)
[1.163s][info][gc,heap     ] GC(1) Old regions: 0->0
[1.163s][info][gc,heap     ] GC(1) Humongous regions: 0->0
[1.163s][info][gc,metaspace] GC(1) Metaspace: 21412K(21504K)->21412K(21504K) NonClass: 17384K(17408K)->17384K(17408K) Class: 4028K(4096K)->4028K(4096K)
[1.163s][info][gc          ] GC(1) Pause Young (Concurrent Start) (Metadata GC Threshold) 98M->5M(4096M) 3.450ms
[1.163s][info][gc,cpu      ] GC(1) User=0.02s Sys=0.00s Real=0.00s
[1.163s][info][gc          ] GC(2) Concurrent Mark Cycle
[1.163s][info][gc,marking  ] GC(2) Concurrent Scan Root Regions
[1.165s][info][gc,marking  ] GC(2) Concurrent Scan Root Regions 1.902ms
[1.165s][info][gc,marking  ] GC(2) Concurrent Mark
[1.165s][info][gc,marking  ] GC(2) Concurrent Mark From Roots
[1.165s][info][gc,task     ] GC(2) Using 2 workers of 2 for marking
[1.166s][info][gc,marking  ] GC(2) Concurrent Mark From Roots 0.711ms
[1.166s][info][gc,marking  ] GC(2) Concurrent Preclean
[1.166s][info][gc,marking  ] GC(2) Concurrent Preclean 0.005ms
[1.166s][info][gc,start    ] GC(2) Pause Remark
[1.167s][info][gc          ] GC(2) Pause Remark 6M->6M(4096M) 0.789ms
[1.167s][info][gc,cpu      ] GC(2) User=0.00s Sys=0.00s Real=0.01s
[1.167s][info][gc,marking  ] GC(2) Concurrent Mark 1.582ms
[1.167s][info][gc,marking  ] GC(2) Concurrent Rebuild Remembered Sets and Scrub Regions
[1.167s][info][gc,marking  ] GC(2) Concurrent Rebuild Remembered Sets and Scrub Regions 0.078ms
[1.167s][info][gc,start    ] GC(2) Pause Cleanup
[1.167s][info][gc          ] GC(2) Pause Cleanup 6M->6M(4096M) 0.009ms
[1.167s][info][gc,cpu      ] GC(2) User=0.00s Sys=0.00s Real=0.00s
[1.167s][info][gc,marking  ] GC(2) Concurrent Clear Claimed Marks
[1.167s][info][gc,marking  ] GC(2) Concurrent Clear Claimed Marks 0.006ms
[1.167s][info][gc,marking  ] GC(2) Concurrent Cleanup for Next Mark
[1.172s][info][gc,marking  ] GC(2) Concurrent Cleanup for Next Mark 4.891ms
[1.172s][info][gc          ] GC(2) Concurrent Mark Cycle 8.635ms
Ladies and gentlemen, this is your Controller speaking.
     0s: We are delighted in having you for benchmark run today.
     0s: 
     0s: Binary log file is ./specjbb2015-C-20240905-00001.data.gz
     0s: 
     0s: Performing handshake with all agents ...
     0s: 
     0s:  Agent Group1.TxInjector.CompositeTxInjector has attached to Controller
     0s:  Agent Group1.Backend.CompositeBackend has attached to Controller
     0s: 
     0s: All agents have connected.
     0s: 
     0s: Attached agents info:

Group "Group1"
    TxInjectors:
        CompositeTxInjector, includes { Driver } @ [local in-Java link]
    Backends:
        CompositeBackend, includes { SM(2),SP(2) } @ [local in-Java link]

     0s: Initializing... (init[1.361s][info][gc,start    ] GC(3) Pause Young (Normal) (G1 Evacuation Pause)
[1.361s][info][gc,task     ] GC(3) Using 6 workers of 6 for evacuation
[1.427s][info][gc,phases   ] GC(3)   Pre Evacuate Collection Set: 0.32ms
[1.427s][info][gc,phases   ] GC(3)   Merge Heap Roots: 0.07ms
[1.427s][info][gc,phases   ] GC(3)   Evacuate Collection Set: 64.31ms
[1.427s][info][gc,phases   ] GC(3)   Post Evacuate Collection Set: 0.64ms
[1.427s][info][gc,phases   ] GC(3)   Other: 0.06ms
[1.427s][info][gc,heap     ] GC(3) Eden regions: 99->0(89)
[1.427s][info][gc,heap     ] GC(3) Survivor regions: 3->13(13)
[1.427s][info][gc,heap     ] GC(3) Old regions: 0->53
[1.427s][info][gc,heap     ] GC(3) Humongous regions: 15->15
[1.427s][info][gc,metaspace] GC(3) Metaspace: 22687K(22912K)->22687K(22912K) NonClass: 18425K(18560K)->18425K(18560K) Class: 4261K(4352K)->4261K(4352K)
[1.427s][info][gc          ] GC(3) Pause Young (Normal) (G1 Evacuation Pause) 233M->162M(4096M) 65.518ms
[1.427s][info][gc,cpu      ] GC(3) User=0.31s Sys=0.08s Real=0.07s
[1.533s][info][gc,start    ] GC(4) Pause Young (Normal) (G1 Evacuation Pause)
[1.533s][info][gc,task     ] GC(4) Using 6 workers of 6 for evacuation
[1.616s][info][gc,phases   ] GC(4)   Pre Evacuate Collection Set: 0.34ms
[1.616s][info][gc,phases   ] GC(4)   Merge Heap Roots: 0.26ms
[1.616s][info][gc,phases   ] GC(4)   Evacuate Collection Set: 81.82ms
[1.616s][info][gc,phases   ] GC(4)   Post Evacuate Collection Set: 0.44ms
[1.616s][info][gc,phases   ] GC(4)   Other: 0.05ms
[1.616s][info][gc,heap     ] GC(4) Eden regions: 89->0(89)
[1.616s][info][gc,heap     ] GC(4) Survivor regions: 13->13(13)
[1.616s][info][gc,heap     ] GC(4) Old regions: 53->125
[1.616s][info][gc,heap     ] GC(4) Humongous regions: 15->15
[1.616s][info][gc,metaspace] GC(4) Metaspace: 22699K(22912K)->22699K(22912K) NonClass: 18438K(18560K)->18438K(18560K) Class: 4261K(4352K)->4261K(4352K)
[1.616s][info][gc          ] GC(4) Pause Young (Normal) (G1 Evacuation Pause) 340M->306M(4096M) 83.068ms
[1.616s][info][gc,cpu      ] GC(4) User=0.45s Sys=0.04s Real=0.09s
[1.696s][info][gc,start    ] GC(5) Pause Young (Normal) (G1 Evacuation Pause)
[1.696s][info][gc,task     ] GC(5) Using 6 workers of 6 for evacuation
[1.766s][info][gc,phases   ] GC(5)   Pre Evacuate Collection Set: 0.32ms
[1.766s][info][gc,phases   ] GC(5)   Merge Heap Roots: 0.05ms
[1.766s][info][gc,phases   ] GC(5)   Evacuate Collection Set: 69.53ms
[1.767s][info][gc,phases   ] GC(5)   Post Evacuate Collection Set: 0.20ms
[1.767s][info][gc,phases   ] GC(5)   Other: 0.05ms
[1.767s][info][gc,heap     ] GC(5) Eden regions: 89->0(89)
[1.767s][info][gc,heap     ] GC(5) Survivor regions: 13->13(13)
[1.767s][info][gc,heap     ] GC(5) Old regions: 125->202
[1.767s][info][gc,heap     ] GC(5) Humongous regions: 15->15
[1.767s][info][gc,metaspace] GC(5) Metaspace: 22699K(22912K)->22699K(22912K) NonClass: 18438K(18560K)->18438K(18560K) Class: 4261K(4352K)->4261K(4352K)
[1.767s][info][gc          ] GC(5) Pause Young (Normal) (G1 Evacuation Pause) 484M->460M(4096M) 70.301ms
[1.767s][info][gc,cpu      ] GC(5) User=0.38s Sys=0.04s Real=0.07s
[1.799s][info][gc,start    ] GC(6) Pause Young (Normal) (G1 Evacuation Pause)
[1.799s][info][gc,task     ] GC(6) Using 6 workers of 6 for evacuation
[1.871s][info][gc,phases   ] GC(6)   Pre Evacuate Collection Set: 0.33ms
[1.871s][info][gc,phases   ] GC(6)   Merge Heap Roots: 0.08ms
[1.871s][info][gc,phases   ] GC(6)   Evacuate Collection Set: 70.90ms
[1.871s][info][gc,phases   ] GC(6)   Post Evacuate Collection Set: 0.22ms
[1.871s][info][gc,phases   ] GC(6)   Other: 0.05ms
[1.871s][info][gc,heap     ] GC(6) Eden regions: 89->0(89)
[1.871s][info][gc,heap     ] GC(6) Survivor regions: 13->13(13)
[1.871s][info][gc,heap     ] GC(6) Old regions: 202->277
[1.871s][info][gc,heap     ] GC(6) Humongous regions: 15->15
[1.871s][info][gc,metaspace] GC(6) Metaspace: 22700K(22912K)->22700K(22912K) NonClass: 18438K(18560K)->18438K(18560K) Class: 4261K(4352K)->4261K(4352K)
[1.871s][info][gc          ] GC(6) Pause Young (Normal) (G1 Evacuation Pause) 638M->610M(4096M) 71.718ms
[1.871s][info][gc,cpu      ] GC(6) User=0.38s Sys=0.04s Real=0.07s
[1.953s][info][gc,start    ] GC(7) Pause Young (Normal) (G1 Evacuation Pause)
[1.953s][info][gc,task     ] GC(7) Using 6 workers of 6 for evacuation
[2.021s][info][gc,phases   ] GC(7)   Pre Evacuate Collection Set: 0.32ms
[2.021s][info][gc,phases   ] GC(7)   Merge Heap Roots: 0.12ms
[2.021s][info][gc,phases   ] GC(7)   Evacuate Collection Set: 67.11ms
[2.021s][info][gc,phases   ] GC(7)   Post Evacuate Collection Set: 0.23ms
[2.021s][info][gc,phases   ] GC(7)   Other: 0.06ms
[2.021s][info][gc,heap     ] GC(7) Eden regions: 89->0(89)
[2.021s][info][gc,heap     ] GC(7) Survivor regions: 13->13(13)
[2.021s][info][gc,heap     ] GC(7) Old regions: 277->345
[2.021s][info][gc,heap     ] GC(7) Humongous regions: 19->19
[2.021s][info][gc,metaspace] GC(7) Metaspace: 22703K(22912K)->22703K(22912K) NonClass: 18441K(18560K)->18441K(18560K) Class: 4261K(4352K)->4261K(4352K)
[2.021s][info][gc          ] GC(7) Pause Young (Normal) (G1 Evacuation Pause) 795M->754M(4096M) 67.986ms
[2.021s][info][gc,cpu      ] GC(7) User=0.38s Sys=0.02s Real=0.07s
[2.289s][info][gc,start    ] GC(8) Pause Young (Normal) (G1 Evacuation Pause)
[2.289s][info][gc,task     ] GC(8) Using 6 workers of 6 for evacuation
[2.365s][info][gc,phases   ] GC(8)   Pre Evacuate Collection Set: 0.32ms
[2.365s][info][gc,phases   ] GC(8)   Merge Heap Roots: 0.14ms
[2.365s][info][gc,phases   ] GC(8)   Evacuate Collection Set: 75.55ms
[2.365s][info][gc,phases   ] GC(8)   Post Evacuate Collection Set: 0.32ms
[2.365s][info][gc,phases   ] GC(8)   Other: 0.05ms
[2.365s][info][gc,heap     ] GC(8) Eden regions: 89->0(89)
[2.365s][info][gc,heap     ] GC(8) Survivor regions: 13->13(13)
[2.365s][info][gc,heap     ] GC(8) Old regions: 345->397
[2.365s][info][gc,heap     ] GC(8) Humongous regions: 27->27
[2.365s][info][gc,metaspace] GC(8) Metaspace: 22758K(22976K)->22758K(22976K) NonClass: 18494K(18560K)->18494K(18560K) Class: 4264K(4416K)->4264K(4416K)
[2.365s][info][gc          ] GC(8) Pause Young (Normal) (G1 Evacuation Pause) 948M->874M(4096M) 76.513ms
[2.365s][info][gc,cpu      ] GC(8) User=0.44s Sys=0.02s Real=0.07s
[2.515s][info][gc,start    ] GC(9) Pause Young (Normal) (G1 Evacuation Pause)
[2.516s][info][gc,task     ] GC(9) Using 6 workers of 6 for evacuation
[2.606s][info][gc,phases   ] GC(9)   Pre Evacuate Collection Set: 0.34ms
[2.606s][info][gc,phases   ] GC(9)   Merge Heap Roots: 0.36ms
[2.606s][info][gc,phases   ] GC(9)   Evacuate Collection Set: 89.22ms
[2.606s][info][gc,phases   ] GC(9)   Post Evacuate Collection Set: 0.25ms
[2.606s][info][gc,phases   ] GC(9)   Other: 0.06ms
[2.606s][info][gc,heap     ] GC(9) Eden regions: 89->0(89)
[2.606s][info][gc,heap     ] GC(9) Survivor regions: 13->13(13)
[2.606s][info][gc,heap     ] GC(9) Old regions: 397->460
[2.606s][info][gc,heap     ] GC(9) Humongous regions: 32->32
[2.606s][info][gc,metaspace] GC(9) Metaspace: 22766K(22976K)->22766K(22976K) NonClass: 18501K(18560K)->18501K(18560K) Class: 4264K(4416K)->4264K(4416K)
[2.606s][info][gc          ] GC(9) Pause Young (Normal) (G1 Evacuation Pause) 1062M->1009M(4096M) 90.373ms
[2.606s][info][gc,cpu      ] GC(9) User=0.52s Sys=0.02s Real=0.10s
) OK
     2s: 
     2s: Check whether properties are compliant
     2s: (validation=PASSED) Property settings are COMPLIANT.
     2s: 
     2s: Searching for high-bound for max-jOPS possible for this system
     2s: Searching from base IR = 100
     2s:       rampup IR =      0 [reconfig (term) [2.834s][info][gc,start    ] GC(10) Pause Full (System.gc())
[2.834s][info][gc,task     ] GC(10) Using 6 workers of 6 for full compaction
[2.834s][info][gc,phases,start] GC(10) Phase 1: Mark live objects
[2.848s][info][gc,phases      ] GC(10) Phase 1: Mark live objects 14.172ms
[2.848s][info][gc,phases,start] GC(10) Phase 2: Prepare compaction
[2.854s][info][gc,phases      ] GC(10) Phase 2: Prepare compaction 5.974ms
[2.854s][info][gc,phases,start] GC(10) Phase 3: Adjust pointers
[2.863s][info][gc,phases      ] GC(10) Phase 3: Adjust pointers 8.086ms
[2.863s][info][gc,phases,start] GC(10) Phase 4: Compact heap
[2.871s][info][gc,phases      ] GC(10) Phase 4: Compact heap 8.728ms
[2.871s][info][gc,phases,start] GC(10) Phase 5: Reset Metadata
[2.873s][info][gc,phases      ] GC(10) Phase 5: Reset Metadata 2.100ms
[2.878s][info][gc,heap        ] GC(10) Eden regions: 64->0(102)
[2.878s][info][gc,heap        ] GC(10) Survivor regions: 13->0(13)
[2.878s][info][gc,heap        ] GC(10) Old regions: 460->33
[2.878s][info][gc,heap        ] GC(10) Humongous regions: 46->13
[2.878s][info][gc,metaspace   ] GC(10) Metaspace: 23058K(23296K)->23058K(23296K) NonClass: 18750K(18880K)->18750K(18880K) Class: 4307K(4416K)->4307K(4416K)
[2.878s][info][gc             ] GC(10) Pause Full (System.gc()) 1165M->86M(4096M) 44.474ms
[2.878s][info][gc,cpu         ] GC(10) User=0.23s Sys=0.00s Real=0.05s
(init[3.175s][info][gc,start       ] GC(11) Pause Young (Normal) (G1 Evacuation Pause)
[3.175s][info][gc,task        ] GC(11) Using 6 workers of 6 for evacuation
[3.229s][info][gc,phases      ] GC(11)   Pre Evacuate Collection Set: 0.33ms
[3.229s][info][gc,phases      ] GC(11)   Merge Heap Roots: 0.05ms
[3.229s][info][gc,phases      ] GC(11)   Evacuate Collection Set: 53.23ms
[3.229s][info][gc,phases      ] GC(11)   Post Evacuate Collection Set: 0.37ms
[3.229s][info][gc,phases      ] GC(11)   Other: 0.05ms
[3.229s][info][gc,heap        ] GC(11) Eden regions: 102->0(89)
[3.229s][info][gc,heap        ] GC(11) Survivor regions: 0->13(13)
[3.229s][info][gc,heap        ] GC(11) Old regions: 33->92
[3.229s][info][gc,heap        ] GC(11) Humongous regions: 15->15
[3.229s][info][gc,metaspace   ] GC(11) Metaspace: 23062K(23296K)->23062K(23296K) NonClass: 18754K(18880K)->18754K(18880K) Class: 4307K(4416K)->4307K(4416K)
[3.229s][info][gc             ] GC(11) Pause Young (Normal) (G1 Evacuation Pause) 294M->233M(4096M) 54.165ms
[3.229s][info][gc,cpu         ] GC(11) User=0.32s Sys=0.00s Real=0.06s
[3.262s][info][gc,start       ] GC(12) Pause Young (Normal) (G1 Evacuation Pause)
[3.262s][info][gc,task        ] GC(12) Using 6 workers of 6 for evacuation
[3.333s][info][gc,phases      ] GC(12)   Pre Evacuate Collection Set: 0.32ms
[3.333s][info][gc,phases      ] GC(12)   Merge Heap Roots: 0.27ms
[3.333s][info][gc,phases      ] GC(12)   Evacuate Collection Set: 70.45ms
[3.333s][info][gc,phases      ] GC(12)   Post Evacuate Collection Set: 0.23ms
[3.333s][info][gc,phases      ] GC(12)   Other: 0.05ms
[3.333s][info][gc,heap        ] GC(12) Eden regions: 89->0(89)
[3.333s][info][gc,heap        ] GC(12) Survivor regions: 13->13(13)
[3.333s][info][gc,heap        ] GC(12) Old regions: 92->166
[3.333s][info][gc,heap        ] GC(12) Humongous regions: 15->15
[3.333s][info][gc,metaspace   ] GC(12) Metaspace: 23062K(23296K)->23062K(23296K) NonClass: 18754K(18880K)->18754K(18880K) Class: 4307K(4416K)->4307K(4416K)
[3.333s][info][gc             ] GC(12) Pause Young (Normal) (G1 Evacuation Pause) 411M->382M(4096M) 71.454ms
[3.333s][info][gc,cpu         ] GC(12) User=0.42s Sys=0.00s Real=0.07s
[3.360s][info][gc,start       ] GC(13) Pause Young (Normal) (G1 Evacuation Pause)
[3.360s][info][gc,task        ] GC(13) Using 6 workers of 6 for evacuation
[3.421s][info][gc,phases      ] GC(13)   Pre Evacuate Collection Set: 0.33ms
[3.421s][info][gc,phases      ] GC(13)   Merge Heap Roots: 0.06ms
[3.421s][info][gc,phases      ] GC(13)   Evacuate Collection Set: 60.51ms
[3.421s][info][gc,phases      ] GC(13)   Post Evacuate Collection Set: 0.23ms
[3.421s][info][gc,phases      ] GC(13)   Other: 0.05ms
[3.421s][info][gc,heap        ] GC(13) Eden regions: 89->0(89)
[3.421s][info][gc,heap        ] GC(13) Survivor regions: 13->13(13)
[3.421s][info][gc,heap        ] GC(13) Old regions: 166->241
[3.421s][info][gc,heap        ] GC(13) Humongous regions: 15->15
[3.421s][info][gc,metaspace   ] GC(13) Metaspace: 23062K(23296K)->23062K(23296K) NonClass: 18754K(18880K)->18754K(18880K) Class: 4307K(4416K)->4307K(4416K)
[3.421s][info][gc             ] GC(13) Pause Young (Normal) (G1 Evacuation Pause) 560M->531M(4096M) 61.310ms
[3.421s][info][gc,cpu         ] GC(13) User=0.36s Sys=0.01s Real=0.06s
[3.448s][info][gc,start       ] GC(14) Pause Young (Normal) (G1 Evacuation Pause)
[3.448s][info][gc,task        ] GC(14) Using 6 workers of 6 for evacuation
[3.511s][info][gc,phases      ] GC(14)   Pre Evacuate Collection Set: 0.33ms
[3.511s][info][gc,phases      ] GC(14)   Merge Heap Roots: 0.09ms
[3.511s][info][gc,phases      ] GC(14)   Evacuate Collection Set: 61.75ms
[3.511s][info][gc,phases      ] GC(14)   Post Evacuate Collection Set: 0.22ms
[3.511s][info][gc,phases      ] GC(14)   Other: 0.05ms
[3.511s][info][gc,heap        ] GC(14) Eden regions: 89->0(89)
[3.511s][info][gc,heap        ] GC(14) Survivor regions: 13->13(13)
[3.511s][info][gc,heap        ] GC(14) Old regions: 241->315
[3.511s][info][gc,heap        ] GC(14) Humongous regions: 15->15
[3.511s][info][gc,metaspace   ] GC(14) Metaspace: 23062K(23296K)->23062K(23296K) NonClass: 18754K(18880K)->18754K(18880K) Class: 4307K(4416K)->4307K(4416K)
[3.511s][info][gc             ] GC(14) Pause Young (Normal) (G1 Evacuation Pause) 709M->680M(4096M) 62.559ms
[3.511s][info][gc,cpu         ] GC(14) User=0.37s Sys=0.00s Real=0.06s
[3.671s][info][gc,start       ] GC(15) Pause Young (Normal) (G1 Evacuation Pause)
[3.671s][info][gc,task        ] GC(15) Using 6 workers of 6 for evacuation
[3.737s][info][gc,phases      ] GC(15)   Pre Evacuate Collection Set: 0.33ms
[3.737s][info][gc,phases      ] GC(15)   Merge Heap Roots: 0.15ms
[3.737s][info][gc,phases      ] GC(15)   Evacuate Collection Set: 64.75ms
[3.737s][info][gc,phases      ] GC(15)   Post Evacuate Collection Set: 0.29ms
[3.737s][info][gc,phases      ] GC(15)   Other: 0.05ms
[3.737s][info][gc,heap        ] GC(15) Eden regions: 91->0(107)
[3.737s][info][gc,heap        ] GC(15) Survivor regions: 13->13(13)
[3.737s][info][gc,heap        ] GC(15) Old regions: 315->377
[3.737s][info][gc,heap        ] GC(15) Humongous regions: 23->23
[3.737s][info][gc,metaspace   ] GC(15) Metaspace: 23072K(23296K)->23072K(23296K) NonClass: 18764K(18880K)->18764K(18880K) Class: 4307K(4416K)->4307K(4416K)
[3.737s][info][gc             ] GC(15) Pause Young (Normal) (G1 Evacuation Pause) 878M->820M(4096M) 65.705ms
[3.737s][info][gc,cpu         ] GC(15) User=0.38s Sys=0.00s Real=0.07s
[3.927s][info][gc,start       ] GC(16) Pause Young (Normal) (G1 Evacuation Pause)
[3.927s][info][gc,task        ] GC(16) Using 6 workers of 6 for evacuation
[4.001s][info][gc,phases      ] GC(16)   Pre Evacuate Collection Set: 0.30ms
[4.001s][info][gc,phases      ] GC(16)   Merge Heap Roots: 0.30ms
[4.001s][info][gc,phases      ] GC(16)   Evacuate Collection Set: 73.00ms
[4.001s][info][gc,phases      ] GC(16)   Post Evacuate Collection Set: 0.29ms
[4.001s][info][gc,phases      ] GC(16)   Other: 0.05ms
[4.001s][info][gc,heap        ] GC(16) Eden regions: 89->0(116)
[4.001s][info][gc,heap        ] GC(16) Survivor regions: 13->13(13)
[4.001s][info][gc,heap        ] GC(16) Old regions: 377->420
[4.001s][info][gc,heap        ] GC(16) Humongous regions: 34->34
[4.001s][info][gc,metaspace   ] GC(16) Metaspace: 23074K(23296K)->23074K(23296K) NonClass: 18766K(18880K)->18766K(18880K) Class: 4307K(4416K)->4307K(4416K)
[4.001s][info][gc             ] GC(16) Pause Young (Normal) (G1 Evacuation Pause) 1020M->928M(4096M) 74.085ms
[4.001s][info][gc,cpu         ] GC(16) User=0.43s Sys=0.00s Real=0.07s
) ] ... (rIR:aIR:PR = 0:0:0) (tPR = 0) [OK] 
     7s:       rampup IR =     10 [7.471s][info][gc,start       ] GC(17) Pause Young (Normal) (G1 Evacuation Pause)
[7.471s][info][gc,task        ] GC(17) Using 6 workers of 6 for evacuation
[7.552s][info][gc,phases      ] GC(17)   Pre Evacuate Collection Set: 0.32ms
[7.552s][info][gc,phases      ] GC(17)   Merge Heap Roots: 0.26ms
[7.552s][info][gc,phases      ] GC(17)   Evacuate Collection Set: 79.57ms
[7.552s][info][gc,phases      ] GC(17)   Post Evacuate Collection Set: 0.27ms
[7.552s][info][gc,phases      ] GC(17)   Other: 0.06ms
[7.552s][info][gc,heap        ] GC(17) Eden regions: 107->0(126)
[7.552s][info][gc,heap        ] GC(17) Survivor regions: 13->15(15)
[7.552s][info][gc,heap        ] GC(17) Old regions: 420->474
[7.552s][info][gc,heap        ] GC(17) Humongous regions: 46->46
[7.552s][info][gc,metaspace   ] GC(17) Metaspace: 23299K(23552K)->23299K(23552K) NonClass: 18967K(19072K)->18967K(19072K) Class: 4332K(4480K)->4332K(4480K)
[7.552s][info][gc             ] GC(17) Pause Young (Normal) (G1 Evacuation Pause) 1166M->1064M(4096M) 80.599ms
[7.552s][info][gc,cpu         ] GC(17) User=0.46s Sys=0.01s Real=0.08s
... (rIR:aIR:PR = 10:10:10) (tPR = 778) [OK] 
    10s:       rampup IR =     20 ... (rIR:aIR:PR = 20:19:19) (tPR = 1419) [OK] 
    13s:       rampup IR =     30 .... (rIR:aIR:PR = 30:28:28) (tPR = 2077) [OK] 
    17s:       rampup IR =     40 .... (rIR:aIR:PR = 40:38:38) (tPR = 2775) [OK] 
    21s:       rampup IR =     50 .... (rIR:aIR:PR = 50:52:51) (tPR = 3530) [OK] 
    25s:       rampup IR =     60 .... (rIR:aIR:PR = 60:64:62) (tPR = 4073) [OK] 
    29s:       rampup IR =     70 .... (rIR:aIR:PR = 70:74:71) (tPR = 3888) [OK] 
    33s:       rampup IR =     80 [33.578s][info][gc,start       ] GC(18) Pause Young (Normal) (G1 Evacuation Pause)
[33.579s][info][gc,task        ] GC(18) Using 6 workers of 6 for evacuation
[33.610s][info][gc,phases      ] GC(18)   Pre Evacuate Collection Set: 0.35ms
[33.610s][info][gc,phases      ] GC(18)   Merge Heap Roots: 0.22ms
[33.610s][info][gc,phases      ] GC(18)   Evacuate Collection Set: 30.54ms
[33.610s][info][gc,phases      ] GC(18)   Post Evacuate Collection Set: 0.33ms
[33.610s][info][gc,phases      ] GC(18)   Other: 0.07ms
[33.610s][info][gc,heap        ] GC(18) Eden regions: 138->0(188)
[33.610s][info][gc,heap        ] GC(18) Survivor regions: 15->10(20)
[33.610s][info][gc,heap        ] GC(18) Old regions: 474->491
[33.610s][info][gc,heap        ] GC(18) Humongous regions: 46->46
[33.610s][info][gc,metaspace   ] GC(18) Metaspace: 25130K(25344K)->25130K(25344K) NonClass: 20644K(20800K)->20644K(20800K) Class: 4486K(4544K)->4486K(4544K)
[33.610s][info][gc             ] GC(18) Pause Young (Normal) (G1 Evacuation Pause) 1340M->1085M(4096M) 31.634ms
[33.610s][info][gc,cpu         ] GC(18) User=0.17s Sys=0.01s Real=0.03s
.... (rIR:aIR:PR = 80:81:79) (tPR = 4533) [OK] 
    37s:       rampup IR =     90 .... (rIR:aIR:PR = 90:92:90) (tPR = 4563) [OK] 
    41s:       rampup IR =    100 .... (rIR:aIR:PR = 100:101:98) (tPR = 4789) [OK] 
    45s:    snapshot, IR =    100 ....|........[58.190s][info][gc,start       ] GC(19) Pause Young (Normal) (G1 Evacuation Pause)
[58.190s][info][gc,task        ] GC(19) Using 6 workers of 6 for evacuation
[58.215s][info][gc,phases      ] GC(19)   Pre Evacuate Collection Set: 0.34ms
[58.215s][info][gc,phases      ] GC(19)   Merge Heap Roots: 0.20ms
[58.215s][info][gc,phases      ] GC(19)   Evacuate Collection Set: 24.47ms
[58.215s][info][gc,phases      ] GC(19)   Post Evacuate Collection Set: 0.38ms
[58.215s][info][gc,phases      ] GC(19)   Other: 0.08ms
[58.215s][info][gc,heap        ] GC(19) Eden regions: 208->0(226)
[58.215s][info][gc,heap        ] GC(19) Survivor regions: 10->22(28)
[58.215s][info][gc,heap        ] GC(19) Old regions: 491->491
[58.215s][info][gc,heap        ] GC(19) Humongous regions: 46->46
[58.215s][info][gc,metaspace   ] GC(19) Metaspace: 27125K(27392K)->27125K(27392K) NonClass: 22308K(22464K)->22308K(22464K) Class: 4816K(4928K)->4816K(4928K)
[58.215s][info][gc             ] GC(19) Pause Young (Normal) (G1 Evacuation Pause) 1501M->1110M(4096M) 25.600ms
[58.215s][info][gc,cpu         ] GC(19) User=0.13s Sys=0.01s Real=0.02s
...................... (rIR:aIR:PR = 100:100:98) (tPR = 3200) [OK] 
    79s: Performing snapshot: (quiescence.....) (stop TxI) (stop BE) (saving... [84.789s][info][gc,start       ] GC(20) Pause Young (Normal) (G1 Evacuation Pause)
[84.789s][info][gc,task        ] GC(20) Using 6 workers of 6 for evacuation
[84.834s][info][gc,phases      ] GC(20)   Pre Evacuate Collection Set: 0.30ms
[84.834s][info][gc,phases      ] GC(20)   Merge Heap Roots: 0.26ms
[84.834s][info][gc,phases      ] GC(20)   Evacuate Collection Set: 44.00ms
[84.834s][info][gc,phases      ] GC(20)   Post Evacuate Collection Set: 0.47ms
[84.834s][info][gc,phases      ] GC(20)   Other: 0.08ms
[84.834s][info][gc,heap        ] GC(20) Eden regions: 225->0(274)
[84.834s][info][gc,heap        ] GC(20) Survivor regions: 22->30(31)
[84.834s][info][gc,heap        ] GC(20) Old regions: 491->498
[84.834s][info][gc,heap        ] GC(20) Humongous regions: 115->87
[84.834s][info][gc,metaspace   ] GC(20) Metaspace: 27395K(27648K)->27395K(27648K) NonClass: 22569K(22720K)->22569K(22720K) Class: 4825K(4928K)->4825K(4928K)
[84.834s][info][gc             ] GC(20) Pause Young (Normal) (G1 Evacuation Pause) 1698M->1222M(4096M) 45.242ms
[84.834s][info][gc,cpu         ] GC(20) User=0.26s Sys=0.01s Real=0.04s
103379 Kb) (term) [86.758s][info][gc,start       ] GC(21) Pause Full (System.gc())
[86.758s][info][gc,task        ] GC(21) Using 6 workers of 6 for full compaction
[86.758s][info][gc,phases,start] GC(21) Phase 1: Mark live objects
[86.774s][info][gc,phases      ] GC(21) Phase 1: Mark live objects 16.004ms
[86.774s][info][gc,phases,start] GC(21) Phase 2: Prepare compaction
[86.776s][info][gc,phases      ] GC(21) Phase 2: Prepare compaction 1.926ms
[86.776s][info][gc,phases,start] GC(21) Phase 3: Adjust pointers
[86.782s][info][gc,phases      ] GC(21) Phase 3: Adjust pointers 6.224ms
[86.782s][info][gc,phases,start] GC(21) Phase 4: Compact heap
[86.784s][info][gc,phases      ] GC(21) Phase 4: Compact heap 1.864ms
[86.784s][info][gc,phases,start] GC(21) Phase 5: Reset Metadata
[86.788s][info][gc,phases      ] GC(21) Phase 5: Reset Metadata 4.274ms
[86.794s][info][gc,heap        ] GC(21) Eden regions: 46->0(327)
[86.794s][info][gc,heap        ] GC(21) Survivor regions: 30->0(31)
[86.794s][info][gc,heap        ] GC(21) Old regions: 498->34
[86.794s][info][gc,heap        ] GC(21) Humongous regions: 303->66
[86.794s][info][gc,metaspace   ] GC(21) Metaspace: 27410K(27648K)->27397K(27648K) NonClass: 22585K(22720K)->22575K(22720K) Class: 4825K(4928K)->4821K(4928K)
[86.794s][info][gc             ] GC(21) Pause Full (System.gc()) 1745M->193M(4096M) 36.815ms
[86.794s][info][gc,cpu         ] GC(21) User=0.19s Sys=0.00s Real=0.03s
(init[87.508s][info][gc,start       ] GC(22) Pause Young (Normal) (G1 Evacuation Pause)
[87.508s][info][gc,task        ] GC(22) Using 6 workers of 6 for evacuation
[87.661s][info][gc,phases      ] GC(22)   Pre Evacuate Collection Set: 0.35ms
[87.661s][info][gc,phases      ] GC(22)   Merge Heap Roots: 0.30ms
[87.661s][info][gc,phases      ] GC(22)   Evacuate Collection Set: 152.18ms
[87.661s][info][gc,phases      ] GC(22)   Post Evacuate Collection Set: 0.46ms
[87.661s][info][gc,phases      ] GC(22)   Other: 0.13ms
[87.661s][info][gc,heap        ] GC(22) Eden regions: 312->0(242)
[87.661s][info][gc,heap        ] GC(22) Survivor regions: 0->39(39)
[87.661s][info][gc,heap        ] GC(22) Old regions: 34->105
[87.661s][info][gc,heap        ] GC(22) Humongous regions: 107->105
[87.661s][info][gc,metaspace   ] GC(22) Metaspace: 27484K(27712K)->27484K(27712K) NonClass: 22655K(22784K)->22655K(22784K) Class: 4829K(4928K)->4829K(4928K)
[87.661s][info][gc             ] GC(22) Pause Young (Normal) (G1 Evacuation Pause) 899M->491M(4096M) 153.546ms
[87.661s][info][gc,cpu         ] GC(22) User=0.89s Sys=0.01s Real=0.15s
[87.977s][info][gc,start       ] GC(23) Pause Young (Normal) (G1 Evacuation Pause)
[87.977s][info][gc,task        ] GC(23) Using 6 workers of 6 for evacuation
[88.131s][info][gc,phases      ] GC(23)   Pre Evacuate Collection Set: 0.29ms
[88.131s][info][gc,phases      ] GC(23)   Merge Heap Roots: 0.39ms
[88.131s][info][gc,phases      ] GC(23)   Evacuate Collection Set: 152.44ms
[88.131s][info][gc,phases      ] GC(23)   Post Evacuate Collection Set: 0.36ms
[88.131s][info][gc,phases      ] GC(23)   Other: 0.05ms
[88.131s][info][gc,heap        ] GC(23) Eden regions: 229->0(237)
[88.131s][info][gc,heap        ] GC(23) Survivor regions: 39->34(34)
[88.131s][info][gc,heap        ] GC(23) Old regions: 105->190
[88.131s][info][gc,heap        ] GC(23) Humongous regions: 127->126
[88.131s][info][gc,metaspace   ] GC(23) Metaspace: 27506K(27712K)->27506K(27712K) NonClass: 22674K(22784K)->22674K(22784K) Class: 4832K(4928K)->4832K(4928K)
[88.131s][info][gc             ] GC(23) Pause Young (Normal) (G1 Evacuation Pause) 993M->692M(4096M) 153.679ms
[88.131s][info][gc,cpu         ] GC(23) User=0.90s Sys=0.00s Real=0.15s
[88.614s][info][gc,start       ] GC(24) Pause Young (Normal) (G1 Evacuation Pause)
[88.614s][info][gc,task        ] GC(24) Using 6 workers of 6 for evacuation
[88.758s][info][gc,phases      ] GC(24)   Pre Evacuate Collection Set: 0.33ms
[88.758s][info][gc,phases      ] GC(24)   Merge Heap Roots: 0.37ms
[88.758s][info][gc,phases      ] GC(24)   Evacuate Collection Set: 142.79ms
[88.758s][info][gc,phases      ] GC(24)   Post Evacuate Collection Set: 0.45ms
[88.758s][info][gc,phases      ] GC(24)   Other: 0.05ms
[88.758s][info][gc,heap        ] GC(24) Eden regions: 230->0(226)
[88.758s][info][gc,heap        ] GC(24) Survivor regions: 34->33(33)
[88.758s][info][gc,heap        ] GC(24) Old regions: 190->319
[88.758s][info][gc,heap        ] GC(24) Humongous regions: 160->158
[88.758s][info][gc,metaspace   ] GC(24) Metaspace: 27519K(27776K)->27519K(27776K) NonClass: 22686K(22848K)->22686K(22848K) Class: 4833K(4928K)->4833K(4928K)
[88.758s][info][gc             ] GC(24) Pause Young (Normal) (G1 Evacuation Pause) 1220M->1013M(4096M) 144.150ms
[88.758s][info][gc,cpu         ] GC(24) User=0.85s Sys=0.00s Real=0.15s
) ...
    91s:       rampup IR =      0 ... (rIR:aIR:PR = 0:0:0) (tPR = 0) [OK] 
    94s:       rampup IR =     10 ... (rIR:aIR:PR = 10:7:7) (tPR = 111) [OK] 
    97s:       rampup IR =     20 ... (rIR:aIR:PR = 20:17:17) (tPR = 574) [OK] 
   100s:       rampup IR =     30 .... (rIR:aIR:PR = 30:30:30) (tPR = 648) [OK] 
   104s:       rampup IR =     40 ...[107.906s][info][gc,start       ] GC(25) Pause Young (Normal) (G1 Evacuation Pause)
[107.906s][info][gc,task        ] GC(25) Using 6 workers of 6 for evacuation
[108.053s][info][gc,phases      ] GC(25)   Pre Evacuate Collection Set: 0.34ms
[108.053s][info][gc,phases      ] GC(25)   Merge Heap Roots: 0.37ms
[108.053s][info][gc,phases      ] GC(25)   Evacuate Collection Set: 146.30ms
[108.053s][info][gc,phases      ] GC(25)   Post Evacuate Collection Set: 0.38ms
[108.053s][info][gc,phases      ] GC(25)   Other: 0.06ms
[108.053s][info][gc,heap        ] GC(25) Eden regions: 239->0(207)
[108.053s][info][gc,heap        ] GC(25) Survivor regions: 33->34(34)
[108.053s][info][gc,heap        ] GC(25) Old regions: 319->481
[108.053s][info][gc,heap        ] GC(25) Humongous regions: 158->158
[108.053s][info][gc,metaspace   ] GC(25) Metaspace: 27587K(27776K)->27587K(27776K) NonClass: 22754K(22848K)->22754K(22848K) Class: 4833K(4928K)->4833K(4928K)
[108.053s][info][gc             ] GC(25) Pause Young (Normal) (G1 Evacuation Pause) 1491M->1339M(4096M) 147.574ms
[108.053s][info][gc,cpu         ] GC(25) User=0.87s Sys=0.00s Real=0.15s
. (rIR:aIR:PR = 40:40:40) (tPR = 854) [OK] 
   108s:       rampup IR =     50 .... (rIR:aIR:PR = 50:48:47) (tPR = 916) [OK] 
   112s:       rampup IR =     60 .... (rIR:aIR:PR = 60:61:59) (tPR = 1188) [OK] 
   116s:       rampup IR =     70 .... (rIR:aIR:PR = 70:72:70) (tPR = 1629) [OK] 
   120s:       rampup IR =     80 .... (rIR:aIR:PR = 80:82:80) (tPR = 1510) [OK] 
   124s:       rampup IR =     90 .... (rIR:aIR:PR = 90:89:87) (tPR = 1539) [OK] 
   128s:       rampup IR =    100 .... (rIR:aIR:PR = 100:97:95) (tPR = 1902) [OK] 
   132s:       trying IR =    200 .... (rIR:aIR:PR = 200:195:191) (tPR = 4188) [OK] 
   136s:       trying IR =    220 .... (rIR:aIR:PR = 220:225:221) (tPR = 4555) [OK] 
   140s:       trying IR =    244 ..[143.096s][info][gc,start       ] GC(26) Pause Young (Normal) (G1 Evacuation Pause)
[143.096s][info][gc,task        ] GC(26) Using 6 workers of 6 for evacuation
[143.144s][info][gc,phases      ] GC(26)   Pre Evacuate Collection Set: 0.36ms
[143.144s][info][gc,phases      ] GC(26)   Merge Heap Roots: 0.54ms
[143.144s][info][gc,phases      ] GC(26)   Evacuate Collection Set: 46.56ms
[143.144s][info][gc,phases      ] GC(26)   Post Evacuate Collection Set: 0.46ms
[143.144s][info][gc,phases      ] GC(26)   Other: 0.07ms
[143.144s][info][gc,heap        ] GC(26) Eden regions: 207->0(299)
[143.144s][info][gc,heap        ] GC(26) Survivor regions: 34->19(31)
[143.144s][info][gc,heap        ] GC(26) Old regions: 481->514
[143.144s][info][gc,heap        ] GC(26) Humongous regions: 158->158
[143.144s][info][gc,metaspace   ] GC(26) Metaspace: 27723K(27904K)->27723K(27904K) NonClass: 22888K(22976K)->22888K(22976K) Class: 4835K(4928K)->4835K(4928K)
[143.144s][info][gc             ] GC(26) Pause Young (Normal) (G1 Evacuation Pause) 1753M->1374M(4096M) 48.127ms
[143.144s][info][gc,cpu         ] GC(26) User=0.28s Sys=0.00s Real=0.04s
.. (rIR:aIR:PR = 244:245:240) (tPR = 4750) [OK] 
   144s:       trying IR =    273 .... (rIR:aIR:PR = 273:280:274) (tPR = 5338) [OK] 
   148s:       trying IR =    307 .... (rIR:aIR:PR = 307:309:302) (tPR = 5911) [OK] 
   152s:       trying IR =    349 ...[156.239s][info][gc,start       ] GC(27) Pause Young (Normal) (G1 Evacuation Pause)
[156.239s][info][gc,task        ] GC(27) Using 6 workers of 6 for evacuation
[156.280s][info][gc,phases      ] GC(27)   Pre Evacuate Collection Set: 0.36ms
[156.280s][info][gc,phases      ] GC(27)   Merge Heap Roots: 0.53ms
[156.280s][info][gc,phases      ] GC(27)   Evacuate Collection Set: 39.59ms
[156.280s][info][gc,phases      ] GC(27)   Post Evacuate Collection Set: 0.53ms
[156.280s][info][gc,phases      ] GC(27)   Other: 0.06ms
[156.280s][info][gc,heap        ] GC(27) Eden regions: 294->0(338)
[156.280s][info][gc,heap        ] GC(27) Survivor regions: 19->35(40)
[156.280s][info][gc,heap        ] GC(27) Old regions: 514->514
[156.280s][info][gc,heap        ] GC(27) Humongous regions: 158->158
[156.280s][info][gc,metaspace   ] GC(27) Metaspace: 27812K(28032K)->27812K(28032K) NonClass: 22977K(23104K)->22977K(23104K) Class: 4835K(4928K)->4835K(4928K)
[156.280s][info][gc             ] GC(27) Pause Young (Normal) (G1 Evacuation Pause) 1962M->1407M(4096M) 41.228ms
[156.280s][info][gc,cpu         ] GC(27) User=0.24s Sys=0.00s Real=0.04s
. (rIR:aIR:PR = 349:353:347) (tPR = 6555) [OK] 
   156s:       trying IR =    399 ...... (rIR:aIR:PR = 399:396:388) (tPR = 7126) [OK] 
   162s:       trying IR =    458 ..[165.880s][info][gc,start       ] GC(28) Pause Young (Normal) (G1 Evacuation Pause)
[165.880s][info][gc,task        ] GC(28) Using 6 workers of 6 for evacuation
[165.937s][info][gc,phases      ] GC(28)   Pre Evacuate Collection Set: 0.37ms
[165.937s][info][gc,phases      ] GC(28)   Merge Heap Roots: 0.53ms
[165.937s][info][gc,phases      ] GC(28)   Evacuate Collection Set: 55.11ms
[165.937s][info][gc,phases      ] GC(28)   Post Evacuate Collection Set: 0.51ms
[165.937s][info][gc,phases      ] GC(28)   Other: 0.07ms
[165.937s][info][gc,heap        ] GC(28) Eden regions: 331->0(392)
[165.937s][info][gc,heap        ] GC(28) Survivor regions: 35->37(46)
[165.937s][info][gc,heap        ] GC(28) Old regions: 514->531
[165.937s][info][gc,heap        ] GC(28) Humongous regions: 158->158
[165.937s][info][gc,metaspace   ] GC(28) Metaspace: 27859K(28096K)->27859K(28096K) NonClass: 23021K(23168K)->23021K(23168K) Class: 4837K(4928K)->4837K(4928K)
[165.937s][info][gc             ] GC(28) Pause Young (Normal) (G1 Evacuation Pause) 2069M->1443M(4096M) 56.733ms
[165.937s][info][gc,cpu         ] GC(28) User=0.32s Sys=0.02s Real=0.06s
... (rIR:aIR:PR = 458:449:441) (tPR = 8615) [OK] 
   167s:       trying IR =    530 .... (rIR:aIR:PR = 530:537:524) (tPR = 9110) [OK] 
   171s:       trying IR =    616 ..[174.694s][info][gc,start       ] GC(29) Pause Young (Normal) (G1 Evacuation Pause)
[174.694s][info][gc,task        ] GC(29) Using 6 workers of 6 for evacuation
[174.751s][info][gc,phases      ] GC(29)   Pre Evacuate Collection Set: 0.36ms
[174.751s][info][gc,phases      ] GC(29)   Merge Heap Roots: 0.46ms
[174.751s][info][gc,phases      ] GC(29)   Evacuate Collection Set: 56.06ms
[174.751s][info][gc,phases      ] GC(29)   Post Evacuate Collection Set: 0.53ms
[174.751s][info][gc,phases      ] GC(29)   Other: 0.09ms
[174.751s][info][gc,heap        ] GC(29) Eden regions: 402->0(444)
[174.751s][info][gc,heap        ] GC(29) Survivor regions: 37->40(55)
[174.751s][info][gc,heap        ] GC(29) Old regions: 531->547
[174.751s][info][gc,heap        ] GC(29) Humongous regions: 158->158
[174.751s][info][gc,metaspace   ] GC(29) Metaspace: 27906K(28160K)->27906K(28160K) NonClass: 23067K(23232K)->23067K(23232K) Class: 4838K(4928K)->4838K(4928K)
[174.751s][info][gc             ] GC(29) Pause Young (Normal) (G1 Evacuation Pause) 2247M->1483M(4096M) 57.626ms
[174.751s][info][gc,cpu         ] GC(29) User=0.31s Sys=0.02s Real=0.06s
.. (rIR:aIR:PR = 616:618:607) (tPR = 10722) [OK] 
   175s:       trying IR =    719 .... (rIR:aIR:PR = 719:728:712) (tPR = 12459) [OK] 
   179s:       trying IR =    843 ..[182.142s][info][gc,start       ] GC(30) Pause Young (Normal) (G1 Evacuation Pause)
[182.142s][info][gc,task        ] GC(30) Using 6 workers of 6 for evacuation
[182.201s][info][gc,phases      ] GC(30)   Pre Evacuate Collection Set: 0.37ms
[182.201s][info][gc,phases      ] GC(30)   Merge Heap Roots: 0.41ms
[182.201s][info][gc,phases      ] GC(30)   Evacuate Collection Set: 57.91ms
[182.201s][info][gc,phases      ] GC(30)   Post Evacuate Collection Set: 0.51ms
[182.201s][info][gc,phases      ] GC(30)   Other: 0.07ms
[182.201s][info][gc,heap        ] GC(30) Eden regions: 458->0(509)
[182.201s][info][gc,heap        ] GC(30) Survivor regions: 40->44(63)
[182.201s][info][gc,heap        ] GC(30) Old regions: 547->564
[182.201s][info][gc,heap        ] GC(30) Humongous regions: 158->158
[182.201s][info][gc,metaspace   ] GC(30) Metaspace: 27953K(28160K)->27953K(28160K) NonClass: 23113K(23232K)->23113K(23232K) Class: 4840K(4928K)->4840K(4928K)
[182.201s][info][gc             ] GC(30) Pause Young (Normal) (G1 Evacuation Pause) 2399M->1524M(4096M) 59.411ms
[182.201s][info][gc,cpu         ] GC(30) User=0.34s Sys=0.02s Real=0.06s
.. (rIR:aIR:PR = 843:843:825) (tPR = 14495) [OK] 
   183s:       trying IR =    992 ....[188.730s][info][gc,start       ] GC(31) Pause Young (Normal) (G1 Evacuation Pause)
[188.730s][info][gc,task        ] GC(31) Using 6 workers of 6 for evacuation
[188.800s][info][gc,phases      ] GC(31)   Pre Evacuate Collection Set: 0.40ms
[188.800s][info][gc,phases      ] GC(31)   Merge Heap Roots: 0.36ms
[188.800s][info][gc,phases      ] GC(31)   Evacuate Collection Set: 68.10ms
[188.800s][info][gc,phases      ] GC(31)   Post Evacuate Collection Set: 0.58ms
[188.800s][info][gc,phases      ] GC(31)   Other: 0.08ms
[188.800s][info][gc,heap        ] GC(31) Eden regions: 523->0(554)
[188.800s][info][gc,heap        ] GC(31) Survivor regions: 44->54(71)
[188.800s][info][gc,heap        ] GC(31) Old regions: 564->583
[188.800s][info][gc,heap        ] GC(31) Humongous regions: 158->158
[188.800s][info][gc,metaspace   ] GC(31) Metaspace: 27961K(28160K)->27961K(28160K) NonClass: 23121K(23232K)->23121K(23232K) Class: 4840K(4928K)->4840K(4928K)
[188.800s][info][gc             ] GC(31) Pause Young (Normal) (G1 Evacuation Pause) 2570M->1582M(4096M) 69.647ms
[188.800s][info][gc,cpu         ] GC(31) User=0.39s Sys=0.02s Real=0.07s
.. (rIR:aIR:PR = 992:984:963) (tPR = 16255) [OK] 
   189s:       trying IR =   1170 ....[194.687s][info][gc,start       ] GC(32) Pause Young (Normal) (G1 Evacuation Pause)
[194.687s][info][gc,task        ] GC(32) Using 6 workers of 6 for evacuation
[194.756s][info][gc,phases      ] GC(32)   Pre Evacuate Collection Set: 0.37ms
[194.756s][info][gc,phases      ] GC(32)   Merge Heap Roots: 0.33ms
[194.756s][info][gc,phases      ] GC(32)   Evacuate Collection Set: 68.33ms
[194.756s][info][gc,phases      ] GC(32)   Post Evacuate Collection Set: 0.61ms
[194.756s][info][gc,phases      ] GC(32)   Other: 0.08ms
[194.756s][info][gc,heap        ] GC(32) Eden regions: 567->0(618)
[194.756s][info][gc,heap        ] GC(32) Survivor regions: 54->57(78)
[194.756s][info][gc,heap        ] GC(32) Old regions: 583->603
[194.756s][info][gc,heap        ] GC(32) Humongous regions: 158->158
[194.756s][info][gc,metaspace   ] GC(32) Metaspace: 28076K(28352K)->28076K(28352K) NonClass: 23220K(23360K)->23220K(23360K) Class: 4856K(4992K)->4856K(4992K)
[194.756s][info][gc             ] GC(32) Pause Young (Normal) (G1 Evacuation Pause) 2716M->1628M(4096M) 69.843ms
[194.756s][info][gc,cpu         ] GC(32) User=0.40s Sys=0.02s Real=0.07s
.. (rIR:aIR:PR = 1170:1167:1142) (tPR = 19490) [OK] 
   195s:       trying IR =   1384 .... (rIR:aIR:PR = 1384:1382:1368) (tPR = 23510) [OK] 
   199s:       trying IR =   1641 [200.424s][info][gc,start       ] GC(33) Pause Young (Normal) (G1 Evacuation Pause)
[200.424s][info][gc,task        ] GC(33) Using 6 workers of 6 for evacuation
[200.502s][info][gc,phases      ] GC(33)   Pre Evacuate Collection Set: 0.34ms
[200.502s][info][gc,phases      ] GC(33)   Merge Heap Roots: 0.37ms
[200.502s][info][gc,phases      ] GC(33)   Evacuate Collection Set: 77.12ms
[200.502s][info][gc,phases      ] GC(33)   Post Evacuate Collection Set: 0.65ms
[200.502s][info][gc,phases      ] GC(33)   Other: 0.08ms
[200.502s][info][gc,heap        ] GC(33) Eden regions: 628->0(667)
[200.502s][info][gc,heap        ] GC(33) Survivor regions: 57->61(86)
[200.502s][info][gc,heap        ] GC(33) Old regions: 603->626
[200.502s][info][gc,heap        ] GC(33) Humongous regions: 160->160
[200.502s][info][gc,metaspace   ] GC(33) Metaspace: 28099K(28416K)->28099K(28416K) NonClass: 23243K(23424K)->23243K(23424K) Class: 4856K(4992K)->4856K(4992K)
[200.502s][info][gc             ] GC(33) Pause Young (Normal) (G1 Evacuation Pause) 2888M->1686M(4096M) 78.709ms
[200.502s][info][gc,cpu         ] GC(33) User=0.44s Sys=0.02s Real=0.08s
.... (rIR:aIR:PR = 1641:1653:1648) (tPR = 27386) [OK] 
   203s:       trying IR =   1949 .[205.144s][info][gc,start       ] GC(34) Pause Young (Normal) (G1 Evacuation Pause)
[205.145s][info][gc,task        ] GC(34) Using 6 workers of 6 for evacuation
[205.224s][info][gc,phases      ] GC(34)   Pre Evacuate Collection Set: 0.35ms
[205.224s][info][gc,phases      ] GC(34)   Merge Heap Roots: 0.33ms
[205.224s][info][gc,phases      ] GC(34)   Evacuate Collection Set: 78.39ms
[205.224s][info][gc,phases      ] GC(34)   Post Evacuate Collection Set: 0.70ms
[205.224s][info][gc,phases      ] GC(34)   Other: 0.08ms
[205.224s][info][gc,heap        ] GC(34) Eden regions: 671->0(723)
[205.224s][info][gc,heap        ] GC(34) Survivor regions: 61->65(92)
[205.224s][info][gc,heap        ] GC(34) Old regions: 626->650
[205.224s][info][gc,heap        ] GC(34) Humongous regions: 160->160
[205.224s][info][gc,metaspace   ] GC(34) Metaspace: 28123K(28416K)->28123K(28416K) NonClass: 23267K(23424K)->23267K(23424K) Class: 4856K(4992K)->4856K(4992K)
[205.224s][info][gc             ] GC(34) Pause Young (Normal) (G1 Evacuation Pause) 3028M->1742M(4096M) 79.980ms
[205.224s][info][gc,cpu         ] GC(34) User=0.45s Sys=0.02s Real=0.08s
... (rIR:aIR:PR = 1949:1937:1937) (tPR = 31044) [OK] 
   207s:       trying IR =   2319 .[209.564s][info][gc,start       ] GC(35) Pause Young (Normal) (G1 Evacuation Pause)
[209.564s][info][gc,task        ] GC(35) Using 6 workers of 6 for evacuation
[209.657s][info][gc,phases      ] GC(35)   Pre Evacuate Collection Set: 0.32ms
[209.657s][info][gc,phases      ] GC(35)   Merge Heap Roots: 0.34ms
[209.657s][info][gc,phases      ] GC(35)   Evacuate Collection Set: 91.42ms
[209.657s][info][gc,phases      ] GC(35)   Post Evacuate Collection Set: 0.69ms
[209.657s][info][gc,phases      ] GC(35)   Other: 0.08ms
[209.657s][info][gc,heap        ] GC(35) Eden regions: 727->0(756)
[209.657s][info][gc,heap        ] GC(35) Survivor regions: 65->72(99)
[209.657s][info][gc,heap        ] GC(35) Old regions: 650->676
[209.657s][info][gc,heap        ] GC(35) Humongous regions: 160->160
[209.657s][info][gc,metaspace   ] GC(35) Metaspace: 28147K(28416K)->28147K(28416K) NonClass: 23291K(23424K)->23291K(23424K) Class: 4856K(4992K)->4856K(4992K)
[209.657s][info][gc             ] GC(35) Pause Young (Normal) (G1 Evacuation Pause) 3196M->1808M(4096M) 92.973ms
[209.657s][info][gc,cpu         ] GC(35) User=0.51s Sys=0.04s Real=0.10s
... (rIR:aIR:PR = 2319:2291:2291) (tPR = 38635) [OK] 
   211s:       trying IR =   2762 .[213.741s][info][gc,start       ] GC(36) Pause Young (Normal) (G1 Evacuation Pause)
[213.741s][info][gc,task        ] GC(36) Using 6 workers of 6 for evacuation
[213.837s][info][gc,phases      ] GC(36)   Pre Evacuate Collection Set: 0.37ms
[213.837s][info][gc,phases      ] GC(36)   Merge Heap Roots: 0.42ms
[213.837s][info][gc,phases      ] GC(36)   Evacuate Collection Set: 94.72ms
[213.837s][info][gc,phases      ] GC(36)   Post Evacuate Collection Set: 0.73ms
[213.837s][info][gc,phases      ] GC(36)   Other: 0.08ms
[213.837s][info][gc,heap        ] GC(36) Eden regions: 761->0(791)
[213.837s][info][gc,heap        ] GC(36) Survivor regions: 72->78(105)
[213.837s][info][gc,heap        ] GC(36) Old regions: 676->702
[213.837s][info][gc,heap        ] GC(36) Humongous regions: 160->160
[213.837s][info][gc,metaspace   ] GC(36) Metaspace: 28249K(28544K)->28249K(28544K) NonClass: 23386K(23552K)->23386K(23552K) Class: 4862K(4992K)->4862K(4992K)
[213.837s][info][gc             ] GC(36) Pause Young (Normal) (G1 Evacuation Pause) 3330M->1872M(4096M) 96.459ms
[213.837s][info][gc,cpu         ] GC(36) User=0.55s Sys=0.02s Real=0.10s
... (rIR:aIR:PR = 2762:2758:2758) (tPR = 44392) [OK] 
   215s:       trying IR =   3295 .[217.737s][info][gc,start       ] GC(37) Pause Young (Normal) (G1 Evacuation Pause)
[217.737s][info][gc,task        ] GC(37) Using 6 workers of 6 for evacuation
[217.836s][info][gc,phases      ] GC(37)   Pre Evacuate Collection Set: 0.37ms
[217.836s][info][gc,phases      ] GC(37)   Merge Heap Roots: 0.38ms
[217.836s][info][gc,phases      ] GC(37)   Evacuate Collection Set: 97.49ms
[217.836s][info][gc,phases      ] GC(37)   Post Evacuate Collection Set: 0.77ms
[217.836s][info][gc,phases      ] GC(37)   Other: 0.08ms
[217.836s][info][gc,heap        ] GC(37) Eden regions: 791->0(796)
[217.836s][info][gc,heap        ] GC(37) Survivor regions: 78->83(109)
[217.836s][info][gc,heap        ] GC(37) Old regions: 702->732
[217.836s][info][gc,heap        ] GC(37) Humongous regions: 160->160
[217.836s][info][gc,metaspace   ] GC(37) Metaspace: 28563K(28928K)->28563K(28928K) NonClass: 23680K(23872K)->23680K(23872K) Class: 4882K(5056K)->4882K(5056K)
[217.836s][info][gc             ] GC(37) Pause Young (Normal) (G1 Evacuation Pause) 3454M->1941M(4096M) 99.222ms
[217.836s][info][gc,cpu         ] GC(37) User=0.56s Sys=0.03s Real=0.10s
... (rIR:aIR:PR = 3295:3343:3342) (tPR = 52325) [OK] 
   219s:       trying IR =   3934 .[221.265s][info][gc,start       ] GC(38) Pause Young (Normal) (G1 Evacuation Pause)
[221.265s][info][gc,task        ] GC(38) Using 6 workers of 6 for evacuation
[221.365s][info][gc,phases      ] GC(38)   Pre Evacuate Collection Set: 0.35ms
[221.365s][info][gc,phases      ] GC(38)   Merge Heap Roots: 0.58ms
[221.365s][info][gc,phases      ] GC(38)   Evacuate Collection Set: 98.42ms
[221.365s][info][gc,phases      ] GC(38)   Post Evacuate Collection Set: 0.83ms
[221.365s][info][gc,phases      ] GC(38)   Other: 0.08ms
[221.365s][info][gc,heap        ] GC(38) Eden regions: 796->0(799)
[221.365s][info][gc,heap        ] GC(38) Survivor regions: 83->87(110)
[221.365s][info][gc,heap        ] GC(38) Old regions: 732->760
[221.365s][info][gc,heap        ] GC(38) Humongous regions: 160->160
[221.365s][info][gc,metaspace   ] GC(38) Metaspace: 28633K(28992K)->28633K(28992K) NonClass: 23750K(23936K)->23750K(23936K) Class: 4882K(5056K)->4882K(5056K)
[221.365s][info][gc             ] GC(38) Pause Young (Normal) (G1 Evacuation Pause) 3533M->2007M(4096M) 100.397ms
[221.365s][info][gc,cpu         ] GC(38) User=0.58s Sys=0.01s Real=0.10s
... (rIR:aIR:PR = 3934:3946:3946) (tPR = 60332) [OK] 
   223s:       trying IR =   4701 [224.424s][info][gc,start       ] GC(39) Pause Young (Normal) (G1 Evacuation Pause)
[224.424s][info][gc,task        ] GC(39) Using 6 workers of 6 for evacuation
[224.533s][info][gc,phases      ] GC(39)   Pre Evacuate Collection Set: 0.38ms
[224.533s][info][gc,phases      ] GC(39)   Merge Heap Roots: 0.46ms
[224.533s][info][gc,phases      ] GC(39)   Evacuate Collection Set: 107.27ms
[224.533s][info][gc,phases      ] GC(39)   Post Evacuate Collection Set: 0.74ms
[224.533s][info][gc,phases      ] GC(39)   Other: 0.09ms
[224.533s][info][gc,heap        ] GC(39) Eden regions: 799->0(792)
[224.533s][info][gc,heap        ] GC(39) Survivor regions: 87->92(111)
[224.533s][info][gc,heap        ] GC(39) Old regions: 760->791
[224.533s][info][gc,heap        ] GC(39) Humongous regions: 160->160
[224.533s][info][gc,metaspace   ] GC(39) Metaspace: 28668K(28992K)->28668K(28992K) NonClass: 23785K(23936K)->23785K(23936K) Class: 4882K(5056K)->4882K(5056K)
[224.533s][info][gc             ] GC(39) Pause Young (Normal) (G1 Evacuation Pause) 3605M->2077M(4096M) 109.058ms
[224.533s][info][gc,cpu         ] GC(39) User=0.63s Sys=0.02s Real=0.11s
...[227.164s][info][gc,start       ] GC(40) Pause Young (Concurrent Start) (G1 Evacuation Pause)
[227.165s][info][gc,task        ] GC(40) Using 6 workers of 6 for evacuation
[227.269s][info][gc,phases      ] GC(40)   Pre Evacuate Collection Set: 0.41ms
[227.269s][info][gc,phases      ] GC(40)   Merge Heap Roots: 0.40ms
[227.269s][info][gc,phases      ] GC(40)   Evacuate Collection Set: 103.25ms
[227.269s][info][gc,phases      ] GC(40)   Post Evacuate Collection Set: 0.71ms
[227.269s][info][gc,phases      ] GC(40)   Other: 0.09ms
[227.269s][info][gc,heap        ] GC(40) Eden regions: 792->0(782)
[227.269s][info][gc,heap        ] GC(40) Survivor regions: 92->91(111)
[227.269s][info][gc,heap        ] GC(40) Old regions: 791->821
[227.269s][info][gc,heap        ] GC(40) Humongous regions: 160->160
[227.269s][info][gc,metaspace   ] GC(40) Metaspace: 28669K(28992K)->28669K(28992K) NonClass: 23785K(23936K)->23785K(23936K) Class: 4883K(5056K)->4883K(5056K)
[227.269s][info][gc             ] GC(40) Pause Young (Concurrent Start) (G1 Evacuation Pause) 3661M->2136M(4096M) 104.984ms
[227.269s][info][gc             ] GC(41) Concurrent Mark Cycle
[227.269s][info][gc,marking     ] GC(41) Concurrent Scan Root Regions
[227.270s][info][gc,cpu         ] GC(40) User=0.60s Sys=0.01s Real=0.11s
[227.433s][info][gc,marking     ] GC(41) Concurrent Scan Root Regions 163.434ms
[227.433s][info][gc,marking     ] GC(41) Concurrent Mark
[227.433s][info][gc,marking     ] GC(41) Concurrent Mark From Roots
[227.433s][info][gc,task        ] GC(41) Using 2 workers of 2 for marking
. (rIR:aIR:PR = 4701:4753:4753) (tPR = 74232) [OK] 
   227s:       trying IR =   5621 [228.428s][info][gc,marking     ] GC(41) Concurrent Mark From Roots 995.405ms
[228.428s][info][gc,marking     ] GC(41) Concurrent Preclean
[228.428s][info][gc,marking     ] GC(41) Concurrent Preclean 0.065ms
[228.429s][info][gc,start       ] GC(41) Pause Remark
[228.436s][info][gc             ] GC(41) Pause Remark 2900M->2652M(4096M) 7.186ms
[228.436s][info][gc,cpu         ] GC(41) User=0.03s Sys=0.00s Real=0.01s
[228.436s][info][gc,marking     ] GC(41) Concurrent Mark 1002.956ms
[228.436s][info][gc,marking     ] GC(41) Concurrent Rebuild Remembered Sets and Scrub Regions
[228.820s][info][gc,marking     ] GC(41) Concurrent Rebuild Remembered Sets and Scrub Regions 384.530ms
[228.821s][info][gc,start       ] GC(41) Pause Cleanup
[228.821s][info][gc             ] GC(41) Pause Cleanup 2916M->2916M(4096M) 0.262ms
[228.821s][info][gc,cpu         ] GC(41) User=0.00s Sys=0.00s Real=0.00s
[228.822s][info][gc,marking     ] GC(41) Concurrent Clear Claimed Marks
[228.822s][info][gc,marking     ] GC(41) Concurrent Clear Claimed Marks 0.038ms
[228.822s][info][gc,marking     ] GC(41) Concurrent Cleanup for Next Mark
[228.826s][info][gc,marking     ] GC(41) Concurrent Cleanup for Next Mark 4.759ms
[228.826s][info][gc             ] GC(41) Concurrent Mark Cycle 1556.938ms
.[229.607s][info][gc,start       ] GC(42) Pause Young (Prepare Mixed) (G1 Evacuation Pause)
[229.607s][info][gc,task        ] GC(42) Using 6 workers of 6 for evacuation
[229.709s][info][gc,phases      ] GC(42)   Pre Evacuate Collection Set: 0.33ms
[229.709s][info][gc,phases      ] GC(42)   Merge Heap Roots: 0.41ms
[229.709s][info][gc,phases      ] GC(42)   Evacuate Collection Set: 100.54ms
[229.709s][info][gc,phases      ] GC(42)   Post Evacuate Collection Set: 0.88ms
[229.709s][info][gc,phases      ] GC(42)   Other: 0.09ms
[229.709s][info][gc,heap        ] GC(42) Eden regions: 782->0(851)
[229.709s][info][gc,heap        ] GC(42) Survivor regions: 91->92(110)
[229.709s][info][gc,heap        ] GC(42) Old regions: 780->811
[229.709s][info][gc,heap        ] GC(42) Humongous regions: 77->77
[229.709s][info][gc,metaspace   ] GC(42) Metaspace: 28694K(28992K)->28694K(28992K) NonClass: 23811K(23936K)->23811K(23936K) Class: 4883K(5056K)->4883K(5056K)
[229.709s][info][gc             ] GC(42) Pause Young (Prepare Mixed) (G1 Evacuation Pause) 3452M->1951M(4096M) 102.379ms
[229.709s][info][gc,cpu         ] GC(42) User=0.60s Sys=0.00s Real=0.10s
... (rIR:aIR:PR = 5621:5616:5616) (tPR = 83616) [OK] 
   231s:       trying IR =   6725 [232.069s][info][gc,start       ] GC(43) Pause Young (Mixed) (G1 Evacuation Pause)
[232.069s][info][gc,task        ] GC(43) Using 6 workers of 6 for evacuation
[232.176s][info][gc,phases      ] GC(43)   Pre Evacuate Collection Set: 0.38ms
[232.176s][info][gc,phases      ] GC(43)   Merge Heap Roots: 0.54ms
[232.176s][info][gc,phases      ] GC(43)   Evacuate Collection Set: 105.43ms
[232.176s][info][gc,phases      ] GC(43)   Post Evacuate Collection Set: 1.01ms
[232.176s][info][gc,phases      ] GC(43)   Other: 0.12ms
[232.176s][info][gc,heap        ] GC(43) Eden regions: 847->0(854)
[232.176s][info][gc,heap        ] GC(43) Survivor regions: 92->88(118)
[232.177s][info][gc,heap        ] GC(43) Old regions: 811->792
[232.177s][info][gc,heap        ] GC(43) Humongous regions: 77->77
[232.177s][info][gc,metaspace   ] GC(43) Metaspace: 28699K(28992K)->28699K(28992K) NonClass: 23816K(23936K)->23816K(23936K) Class: 4883K(5056K)->4883K(5056K)
[232.177s][info][gc             ] GC(43) Pause Young (Mixed) (G1 Evacuation Pause) 3645M->1908M(4096M) 107.613ms
[232.177s][info][gc,cpu         ] GC(43) User=0.61s Sys=0.02s Real=0.11s
..[234.205s][info][gc,start       ] GC(44) Pause Young (Mixed) (G1 Evacuation Pause)
[234.205s][info][gc,task        ] GC(44) Using 6 workers of 6 for evacuation
[234.315s][info][gc,phases      ] GC(44)   Pre Evacuate Collection Set: 0.37ms
[234.315s][info][gc,phases      ] GC(44)   Merge Heap Roots: 0.56ms
[234.315s][info][gc,phases      ] GC(44)   Evacuate Collection Set: 106.73ms
[234.315s][info][gc,phases      ] GC(44)   Merge Optional Heap Roots: 0.07ms
[234.315s][info][gc,phases      ] GC(44)   Evacuate Optional Collection Set: 1.11ms
[234.315s][info][gc,phases      ] GC(44)   Post Evacuate Collection Set: 0.97ms
[234.315s][info][gc,phases      ] GC(44)   Other: 0.11ms
[234.315s][info][gc,heap        ] GC(44) Eden regions: 854->0(881)
[234.315s][info][gc,heap        ] GC(44) Survivor regions: 88->93(118)
[234.315s][info][gc,heap        ] GC(44) Old regions: 792->760
[234.315s][info][gc,heap        ] GC(44) Humongous regions: 77->77
[234.315s][info][gc,metaspace   ] GC(44) Metaspace: 28727K(29056K)->28727K(29056K) NonClass: 23843K(24000K)->23843K(24000K) Class: 4883K(5056K)->4883K(5056K)
[234.315s][info][gc             ] GC(44) Pause Young (Mixed) (G1 Evacuation Pause) 3616M->1854M(4096M) 110.047ms
[234.315s][info][gc,cpu         ] GC(44) User=0.65s Sys=0.01s Real=0.11s
.. (rIR:aIR:PR = 6725:6751:6758) (tPR = 103439) [OK] 
   235s:       trying IR =   8050 [236.290s][info][gc,start       ] GC(45) Pause Young (Mixed) (G1 Evacuation Pause)
[236.291s][info][gc,task        ] GC(45) Using 6 workers of 6 for evacuation
[236.408s][info][gc,phases      ] GC(45)   Pre Evacuate Collection Set: 0.40ms
[236.408s][info][gc,phases      ] GC(45)   Merge Heap Roots: 0.64ms
[236.408s][info][gc,phases      ] GC(45)   Evacuate Collection Set: 113.50ms
[236.408s][info][gc,phases      ] GC(45)   Merge Optional Heap Roots: 0.08ms
[236.408s][info][gc,phases      ] GC(45)   Evacuate Optional Collection Set: 1.39ms
[236.408s][info][gc,phases      ] GC(45)   Post Evacuate Collection Set: 1.00ms
[236.408s][info][gc,phases      ] GC(45)   Other: 0.13ms
[236.408s][info][gc,heap        ] GC(45) Eden regions: 881->0(589)
[236.408s][info][gc,heap        ] GC(45) Survivor regions: 93->93(122)
[236.408s][info][gc,heap        ] GC(45) Old regions: 760->711
[236.408s][info][gc,heap        ] GC(45) Humongous regions: 77->77
[236.408s][info][gc,metaspace   ] GC(45) Metaspace: 28727K(29056K)->28727K(29056K) NonClass: 23843K(24000K)->23843K(24000K) Class: 4883K(5056K)->4883K(5056K)
[236.408s][info][gc             ] GC(45) Pause Young (Mixed) (G1 Evacuation Pause) 3616M->1756M(4096M) 117.270ms
[236.408s][info][gc,cpu         ] GC(45) User=0.69s Sys=0.01s Real=0.12s
.[237.558s][info][gc,start       ] GC(46) Pause Young (Mixed) (G1 Evacuation Pause)
[237.558s][info][gc,task        ] GC(46) Using 6 workers of 6 for evacuation
[237.665s][info][gc,phases      ] GC(46)   Pre Evacuate Collection Set: 0.40ms
[237.665s][info][gc,phases      ] GC(46)   Merge Heap Roots: 0.66ms
[237.665s][info][gc,phases      ] GC(46)   Evacuate Collection Set: 104.75ms
[237.665s][info][gc,phases      ] GC(46)   Post Evacuate Collection Set: 0.99ms
[237.665s][info][gc,phases      ] GC(46)   Other: 0.09ms
[237.665s][info][gc,heap        ] GC(46) Eden regions: 647->0(926)
[237.665s][info][gc,heap        ] GC(46) Survivor regions: 93->43(93)
[237.665s][info][gc,heap        ] GC(46) Old regions: 711->737
[237.665s][info][gc,heap        ] GC(46) Humongous regions: 77->77
[237.665s][info][gc,metaspace   ] GC(46) Metaspace: 28728K(29056K)->28728K(29056K) NonClass: 23844K(24000K)->23844K(24000K) Class: 4883K(5056K)->4883K(5056K)
[237.665s][info][gc             ] GC(46) Pause Young (Mixed) (G1 Evacuation Pause) 3050M->1708M(4096M) 107.023ms
[237.665s][info][gc,cpu         ] GC(46) User=0.64s Sys=0.00s Real=0.10s
..[239.489s][info][gc,start       ] GC(47) Pause Young (Mixed) (G1 Evacuation Pause)
[239.489s][info][gc,task        ] GC(47) Using 6 workers of 6 for evacuation
[239.593s][info][gc,phases      ] GC(47)   Pre Evacuate Collection Set: 0.39ms
[239.593s][info][gc,phases      ] GC(47)   Merge Heap Roots: 0.97ms
[239.593s][info][gc,phases      ] GC(47)   Evacuate Collection Set: 98.73ms
[239.593s][info][gc,phases      ] GC(47)   Merge Optional Heap Roots: 0.11ms
[239.593s][info][gc,phases      ] GC(47)   Evacuate Optional Collection Set: 2.57ms
[239.593s][info][gc,phases      ] GC(47)   Post Evacuate Collection Set: 1.07ms
[239.593s][info][gc,phases      ] GC(47)   Other: 0.13ms
[239.593s][info][gc,heap        ] GC(47) Eden regions: 926->0(953)
[239.593s][info][gc,heap        ] GC(47) Survivor regions: 43->87(122)
[239.593s][info][gc,heap        ] GC(47) Old regions: 737->654
[239.593s][info][gc,heap        ] GC(47) Humongous regions: 77->77
[239.593s][info][gc,metaspace   ] GC(47) Metaspace: 28736K(29056K)->28736K(29056K) NonClass: 23852K(24000K)->23852K(24000K) Class: 4883K(5056K)->4883K(5056K)
[239.593s][info][gc             ] GC(47) Pause Young (Mixed) (G1 Evacuation Pause) 3560M->1630M(4096M) 104.093ms
[239.593s][info][gc,cpu         ] GC(47) User=0.61s Sys=0.00s Real=0.10s
. (rIR:aIR:PR = 8050:8060:8057) (tPR = 123743) [OK] 
   239s:       trying IR =   9640 .[241.230s][info][gc,start       ] GC(48) Pause Young (Mixed) (G1 Evacuation Pause)
[241.230s][info][gc,task        ] GC(48) Using 6 workers of 6 for evacuation
[241.365s][info][gc,phases      ] GC(48)   Pre Evacuate Collection Set: 0.36ms
[241.365s][info][gc,phases      ] GC(48)   Merge Heap Roots: 0.85ms
[241.365s][info][gc,phases      ] GC(48)   Evacuate Collection Set: 123.48ms
[241.365s][info][gc,phases      ] GC(48)   Merge Optional Heap Roots: 0.17ms
[241.365s][info][gc,phases      ] GC(48)   Evacuate Optional Collection Set: 9.27ms
[241.365s][info][gc,phases      ] GC(48)   Post Evacuate Collection Set: 1.05ms
[241.365s][info][gc,phases      ] GC(48)   Other: 0.08ms
[241.365s][info][gc,heap        ] GC(48) Eden regions: 953->0(976)
[241.365s][info][gc,heap        ] GC(48) Survivor regions: 87->102(130)
[241.365s][info][gc,heap        ] GC(48) Old regions: 654->620
[241.365s][info][gc,heap        ] GC(48) Humongous regions: 77->77
[241.365s][info][gc,metaspace   ] GC(48) Metaspace: 28738K(29056K)->28738K(29056K) NonClass: 23855K(24000K)->23855K(24000K) Class: 4883K(5056K)->4883K(5056K)
[241.365s][info][gc             ] GC(48) Pause Young (Mixed) (G1 Evacuation Pause) 3536M->1595M(4096M) 135.405ms
[241.366s][info][gc,cpu         ] GC(48) User=0.80s Sys=0.01s Real=0.13s
.[242.932s][info][gc,start       ] GC(49) Pause Young (Normal) (G1 Evacuation Pause)
[242.932s][info][gc,task        ] GC(49) Using 6 workers of 6 for evacuation
[243.043s][info][gc,phases      ] GC(49)   Pre Evacuate Collection Set: 0.38ms
[243.043s][info][gc,phases      ] GC(49)   Merge Heap Roots: 0.72ms
[243.043s][info][gc,phases      ] GC(49)   Evacuate Collection Set: 109.63ms
[243.043s][info][gc,phases      ] GC(49)   Post Evacuate Collection Set: 0.87ms
[243.043s][info][gc,phases      ] GC(49)   Other: 0.09ms
[243.043s][info][gc,heap        ] GC(49) Eden regions: 976->0(978)
[243.043s][info][gc,heap        ] GC(49) Survivor regions: 102->97(135)
[243.043s][info][gc,heap        ] GC(49) Old regions: 620->650
[243.043s][info][gc,heap        ] GC(49) Humongous regions: 77->77
[243.043s][info][gc,metaspace   ] GC(49) Metaspace: 28738K(29056K)->28738K(29056K) NonClass: 23855K(24000K)->23855K(24000K) Class: 4883K(5056K)->4883K(5056K)
[243.043s][info][gc             ] GC(49) Pause Young (Normal) (G1 Evacuation Pause) 3547M->1645M(4096M) 111.817ms
[243.043s][info][gc,cpu         ] GC(49) User=0.66s Sys=0.00s Real=0.11s
..[244.583s][info][gc,start       ] GC(50) Pause Young (Normal) (G1 Evacuation Pause)
[244.583s][info][gc,task        ] GC(50) Using 6 workers of 6 for evacuation
[244.694s][info][gc,phases      ] GC(50)   Pre Evacuate Collection Set: 0.34ms
[244.694s][info][gc,phases      ] GC(50)   Merge Heap Roots: 0.40ms
[244.694s][info][gc,phases      ] GC(50)   Evacuate Collection Set: 109.49ms
[244.694s][info][gc,phases      ] GC(50)   Post Evacuate Collection Set: 0.80ms
[244.694s][info][gc,phases      ] GC(50)   Other: 0.08ms
[244.694s][info][gc,heap        ] GC(50) Eden regions: 978->0(970)
[244.694s][info][gc,heap        ] GC(50) Survivor regions: 97->104(135)
[244.694s][info][gc,heap        ] GC(50) Old regions: 650->681
[244.694s][info][gc,heap        ] GC(50) Humongous regions: 77->77
[244.694s][info][gc,metaspace   ] GC(50) Metaspace: 28760K(29056K)->28760K(29056K) NonClass: 23876K(24000K)->23876K(24000K) Class: 4884K(5056K)->4884K(5056K)
[244.694s][info][gc             ] GC(50) Pause Young (Normal) (G1 Evacuation Pause) 3601M->1721M(4096M) 111.240ms
[244.695s][info][gc,cpu         ] GC(50) User=0.66s Sys=0.00s Real=0.11s
.. (rIR:aIR:PR = 9640:9875:9875) (tPR = 146355) [OK] 
   245s:       trying IR =  11548 [246.188s][info][gc,start       ] GC(51) Pause Young (Normal) (G1 Evacuation Pause)
[246.189s][info][gc,task        ] GC(51) Using 6 workers of 6 for evacuation
[246.300s][info][gc,phases      ] GC(51)   Pre Evacuate Collection Set: 0.34ms
[246.300s][info][gc,phases      ] GC(51)   Merge Heap Roots: 0.42ms
[246.300s][info][gc,phases      ] GC(51)   Evacuate Collection Set: 109.81ms
[246.300s][info][gc,phases      ] GC(51)   Post Evacuate Collection Set: 0.84ms
[246.300s][info][gc,phases      ] GC(51)   Other: 0.08ms
[246.300s][info][gc,heap        ] GC(51) Eden regions: 970->0(949)
[246.300s][info][gc,heap        ] GC(51) Survivor regions: 104->103(135)
[246.300s][info][gc,heap        ] GC(51) Old regions: 681->713
[246.300s][info][gc,heap        ] GC(51) Humongous regions: 77->77
[246.300s][info][gc,metaspace   ] GC(51) Metaspace: 28775K(29056K)->28775K(29056K) NonClass: 23891K(24000K)->23891K(24000K) Class: 4884K(5056K)->4884K(5056K)
[246.300s][info][gc             ] GC(51) Pause Young (Normal) (G1 Evacuation Pause) 3661M->1783M(4096M) 111.615ms
[246.300s][info][gc,cpu         ] GC(51) User=0.66s Sys=0.00s Real=0.11s
.[247.506s][info][gc,start       ] GC(52) Pause Young (Normal) (G1 Evacuation Pause)
[247.507s][info][gc,task        ] GC(52) Using 6 workers of 6 for evacuation
[247.618s][info][gc,phases      ] GC(52)   Pre Evacuate Collection Set: 0.34ms
[247.618s][info][gc,phases      ] GC(52)   Merge Heap Roots: 0.40ms
[247.618s][info][gc,phases      ] GC(52)   Evacuate Collection Set: 109.64ms
[247.618s][info][gc,phases      ] GC(52)   Post Evacuate Collection Set: 0.81ms
[247.618s][info][gc,phases      ] GC(52)   Other: 0.08ms
[247.618s][info][gc,heap        ] GC(52) Eden regions: 949->0(916)
[247.618s][info][gc,heap        ] GC(52) Survivor regions: 103->103(132)
[247.618s][info][gc,heap        ] GC(52) Old regions: 713->746
[247.618s][info][gc,heap        ] GC(52) Humongous regions: 77->77
[247.618s][info][gc,metaspace   ] GC(52) Metaspace: 28775K(29056K)->28775K(29056K) NonClass: 23891K(24000K)->23891K(24000K) Class: 4884K(5056K)->4884K(5056K)
[247.618s][info][gc             ] GC(52) Pause Young (Normal) (G1 Evacuation Pause) 3681M->1848M(4096M) 111.419ms
[247.618s][info][gc,cpu         ] GC(52) User=0.66s Sys=0.00s Real=0.11s
.[248.866s][info][gc,start       ] GC(53) Pause Young (Normal) (G1 Evacuation Pause)
[248.866s][info][gc,task        ] GC(53) Using 6 workers of 6 for evacuation
[249.019s][info][gc,phases      ] GC(53)   Pre Evacuate Collection Set: 0.32ms
[249.019s][info][gc,phases      ] GC(53)   Merge Heap Roots: 0.40ms
[249.019s][info][gc,phases      ] GC(53)   Evacuate Collection Set: 150.99ms
[249.019s][info][gc,phases      ] GC(53)   Post Evacuate Collection Set: 0.75ms
[249.019s][info][gc,phases      ] GC(53)   Other: 0.08ms
[249.019s][info][gc,heap        ] GC(53) Eden regions: 916->0(886)
[249.019s][info][gc,heap        ] GC(53) Survivor regions: 103->102(128)
[249.019s][info][gc,heap        ] GC(53) Old regions: 746->778
[249.019s][info][gc,heap        ] GC(53) Humongous regions: 77->77
[249.019s][info][gc,metaspace   ] GC(53) Metaspace: 28775K(29056K)->28775K(29056K) NonClass: 23891K(24000K)->23891K(24000K) Class: 4884K(5056K)->4884K(5056K)
[249.019s][info][gc             ] GC(53) Pause Young (Normal) (G1 Evacuation Pause) 3680M->1911M(4096M) 152.668ms
[249.019s][info][gc,cpu         ] GC(53) User=0.67s Sys=0.00s Real=0.15s
.[250.182s][info][gc,start       ] GC(54) Pause Young (Normal) (G1 Evacuation Pause)
[250.182s][info][gc,task        ] GC(54) Using 6 workers of 6 for evacuation
[250.287s][info][gc,phases      ] GC(54)   Pre Evacuate Collection Set: 0.33ms
[250.288s][info][gc,phases      ] GC(54)   Merge Heap Roots: 0.41ms
[250.288s][info][gc,phases      ] GC(54)   Evacuate Collection Set: 104.26ms
[250.288s][info][gc,phases      ] GC(54)   Post Evacuate Collection Set: 0.77ms
[250.288s][info][gc,phases      ] GC(54)   Other: 0.07ms
[250.288s][info][gc,heap        ] GC(54) Eden regions: 886->0(864)
[250.288s][info][gc,heap        ] GC(54) Survivor regions: 102->97(124)
[250.288s][info][gc,heap        ] GC(54) Old regions: 778->810
[250.288s][info][gc,heap        ] GC(54) Humongous regions: 77->77
[250.288s][info][gc,metaspace   ] GC(54) Metaspace: 28780K(29056K)->28780K(29056K) NonClass: 23896K(24000K)->23896K(24000K) Class: 4884K(5056K)->4884K(5056K)
[250.288s][info][gc             ] GC(54) Pause Young (Normal) (G1 Evacuation Pause) 3683M->1965M(4096M) 105.965ms
[250.288s][info][gc,cpu         ] GC(54) User=0.63s Sys=0.00s Real=0.11s
.[251.441s][info][gc,start       ] GC(55) Pause Young (Normal) (G1 Evacuation Pause)
[251.441s][info][gc,task        ] GC(55) Using 6 workers of 6 for evacuation
[251.551s][info][gc,phases      ] GC(55)   Pre Evacuate Collection Set: 0.34ms
[251.551s][info][gc,phases      ] GC(55)   Merge Heap Roots: 0.40ms
[251.551s][info][gc,phases      ] GC(55)   Evacuate Collection Set: 107.81ms
[251.551s][info][gc,phases      ] GC(55)   Post Evacuate Collection Set: 0.75ms
[251.551s][info][gc,phases      ] GC(55)   Other: 0.08ms
[251.551s][info][gc,heap        ] GC(55) Eden regions: 864->0(827)
[251.551s][info][gc,heap        ] GC(55) Survivor regions: 97->100(121)
[251.551s][info][gc,heap        ] GC(55) Old regions: 810->841
[251.551s][info][gc,heap        ] GC(55) Humongous regions: 77->77
[251.551s][info][gc,metaspace   ] GC(55) Metaspace: 28780K(29056K)->28780K(29056K) NonClass: 23896K(24000K)->23896K(24000K) Class: 4884K(5056K)->4884K(5056K)
[251.551s][info][gc             ] GC(55) Pause Young (Normal) (G1 Evacuation Pause) 3693M->2033M(4096M) 109.504ms
[251.551s][info][gc,cpu         ] GC(55) User=0.65s Sys=0.00s Real=0.11s
.. (rIR:aIR:PR = 11548:11518:11520) (tPR = 175341) [OK] 
   252s:       trying IR =  13837 [252.694s][info][gc,start       ] GC(56) Pause Young (Normal) (G1 Evacuation Pause)
[252.694s][info][gc,task        ] GC(56) Using 6 workers of 6 for evacuation
[252.800s][info][gc,phases      ] GC(56)   Pre Evacuate Collection Set: 0.39ms
[252.800s][info][gc,phases      ] GC(56)   Merge Heap Roots: 0.57ms
[252.800s][info][gc,phases      ] GC(56)   Evacuate Collection Set: 104.10ms
[252.800s][info][gc,phases      ] GC(56)   Post Evacuate Collection Set: 0.72ms
[252.800s][info][gc,phases      ] GC(56)   Other: 0.09ms
[252.800s][info][gc,heap        ] GC(56) Eden regions: 827->0(839)
[252.800s][info][gc,heap        ] GC(56) Survivor regions: 100->59(116)
[252.800s][info][gc,heap        ] GC(56) Old regions: 841->911
[252.800s][info][gc,heap        ] GC(56) Humongous regions: 77->77
[252.800s][info][gc,metaspace   ] GC(56) Metaspace: 28780K(29056K)->28780K(29056K) NonClass: 23896K(24000K)->23896K(24000K) Class: 4884K(5056K)->4884K(5056K)
[252.800s][info][gc             ] GC(56) Pause Young (Normal) (G1 Evacuation Pause) 3687M->2090M(4096M) 106.010ms
[252.800s][info][gc,cpu         ] GC(56) User=0.63s Sys=0.00s Real=0.11s
.[253.879s][info][gc,start       ] GC(57) Pause Young (Concurrent Start) (G1 Evacuation Pause)
[253.879s][info][gc,task        ] GC(57) Using 6 workers of 6 for evacuation
[254.004s][info][gc,phases      ] GC(57)   Pre Evacuate Collection Set: 0.38ms
[254.004s][info][gc,phases      ] GC(57)   Merge Heap Roots: 0.36ms
[254.004s][info][gc,phases      ] GC(57)   Evacuate Collection Set: 124.15ms
[254.004s][info][gc,phases      ] GC(57)   Post Evacuate Collection Set: 0.76ms
[254.004s][info][gc,phases      ] GC(57)   Other: 0.11ms
[254.004s][info][gc,heap        ] GC(57) Eden regions: 839->0(792)
[254.004s][info][gc,heap        ] GC(57) Survivor regions: 59->63(113)
[254.004s][info][gc,heap        ] GC(57) Old regions: 911->950
[254.004s][info][gc,heap        ] GC(57) Humongous regions: 77->77
[254.004s][info][gc,metaspace   ] GC(57) Metaspace: 28780K(29056K)->28780K(29056K) NonClass: 23896K(24000K)->23896K(24000K) Class: 4884K(5056K)->4884K(5056K)
[254.004s][info][gc             ] GC(57) Pause Young (Concurrent Start) (G1 Evacuation Pause) 3768M->2177M(4096M) 125.890ms
[254.004s][info][gc             ] GC(58) Concurrent Mark Cycle
[254.004s][info][gc,cpu         ] GC(57) User=0.52s Sys=0.00s Real=0.12s
[254.004s][info][gc,marking     ] GC(58) Concurrent Scan Root Regions
[254.156s][info][gc,marking     ] GC(58) Concurrent Scan Root Regions 151.961ms
[254.156s][info][gc,marking     ] GC(58) Concurrent Mark
[254.156s][info][gc,marking     ] GC(58) Concurrent Mark From Roots
[254.156s][info][gc,task        ] GC(58) Using 2 workers of 2 for marking
.[255.396s][info][gc,marking     ] GC(58) Concurrent Mark From Roots 1239.399ms
[255.396s][info][gc,marking     ] GC(58) Concurrent Preclean
[255.396s][info][gc,marking     ] GC(58) Concurrent Preclean 0.247ms
[255.397s][info][gc,start       ] GC(58) Pause Remark
[255.402s][info][gc             ] GC(58) Pause Remark 3531M->3493M(4096M) 4.647ms
[255.402s][info][gc,cpu         ] GC(58) User=0.02s Sys=0.00s Real=0.00s
[255.403s][info][gc,marking     ] GC(58) Concurrent Mark 1246.550ms
[255.403s][info][gc,marking     ] GC(58) Concurrent Rebuild Remembered Sets and Scrub Regions
[255.578s][info][gc,start       ] GC(59) Pause Young (Normal) (G1 Evacuation Pause)
[255.578s][info][gc,task        ] GC(59) Using 6 workers of 6 for evacuation
[255.660s][info][gc,phases      ] GC(59)   Pre Evacuate Collection Set: 0.31ms
[255.660s][info][gc,phases      ] GC(59)   Merge Heap Roots: 0.37ms
[255.660s][info][gc,phases      ] GC(59)   Evacuate Collection Set: 79.98ms
[255.660s][info][gc,phases      ] GC(59)   Post Evacuate Collection Set: 0.86ms
[255.660s][info][gc,phases      ] GC(59)   Other: 0.10ms
[255.660s][info][gc,heap        ] GC(59) Eden regions: 792->0(789)
[255.660s][info][gc,heap        ] GC(59) Survivor regions: 63->54(107)
[255.660s][info][gc,heap        ] GC(59) Old regions: 931->971
[255.660s][info][gc,heap        ] GC(59) Humongous regions: 77->77
[255.660s][info][gc,metaspace   ] GC(59) Metaspace: 28782K(29120K)->28782K(29120K) NonClass: 23898K(24064K)->23898K(24064K) Class: 4884K(5056K)->4884K(5056K)
[255.660s][info][gc             ] GC(59) Pause Young (Normal) (G1 Evacuation Pause) 3723M->2202M(4096M) 81.767ms
[255.660s][info][gc,cpu         ] GC(59) User=0.48s Sys=0.00s Real=0.08s
.[256.285s][info][gc,marking     ] GC(58) Concurrent Rebuild Remembered Sets and Scrub Regions 882.358ms
[256.288s][info][gc,start       ] GC(58) Pause Cleanup
[256.288s][info][gc             ] GC(58) Pause Cleanup 3110M->3110M(4096M) 0.346ms
[256.288s][info][gc,cpu         ] GC(58) User=0.00s Sys=0.00s Real=0.00s
[256.288s][info][gc,marking     ] GC(58) Concurrent Clear Claimed Marks
[256.288s][info][gc,marking     ] GC(58) Concurrent Clear Claimed Marks 0.038ms
[256.288s][info][gc,marking     ] GC(58) Concurrent Cleanup for Next Mark
[256.294s][info][gc,marking     ] GC(58) Concurrent Cleanup for Next Mark 5.317ms
[256.294s][info][gc             ] GC(58) Concurrent Mark Cycle 2289.423ms
[256.799s][info][gc,start       ] GC(60) Pause Young (Prepare Mixed) (G1 Evacuation Pause)
[256.799s][info][gc,task        ] GC(60) Using 6 workers of 6 for evacuation
[256.930s][info][gc,phases      ] GC(60)   Pre Evacuate Collection Set: 0.31ms
[256.930s][info][gc,phases      ] GC(60)   Merge Heap Roots: 0.50ms
[256.930s][info][gc,phases      ] GC(60)   Evacuate Collection Set: 128.85ms
[256.930s][info][gc,phases      ] GC(60)   Post Evacuate Collection Set: 0.84ms
[256.930s][info][gc,phases      ] GC(60)   Other: 0.09ms
[256.930s][info][gc,heap        ] GC(60) Eden regions: 789->0(701)
[256.930s][info][gc,heap        ] GC(60) Survivor regions: 54->98(106)
[256.930s][info][gc,heap        ] GC(60) Old regions: 971->971
[256.930s][info][gc,heap        ] GC(60) Humongous regions: 77->77
[256.930s][info][gc,metaspace   ] GC(60) Metaspace: 28783K(29120K)->28783K(29120K) NonClass: 23899K(24064K)->23899K(24064K) Class: 4884K(5056K)->4884K(5056K)
[256.930s][info][gc             ] GC(60) Pause Young (Prepare Mixed) (G1 Evacuation Pause) 3780M->2289M(4096M) 130.733ms
[256.930s][info][gc,cpu         ] GC(60) User=0.54s Sys=0.00s Real=0.13s
.[257.804s][info][gc,start       ] GC(61) Pause Young (Mixed) (G1 Evacuation Pause)
[257.805s][info][gc,task        ] GC(61) Using 6 workers of 6 for evacuation
[257.954s][info][gc,phases      ] GC(61)   Pre Evacuate Collection Set: 0.42ms
[257.954s][info][gc,phases      ] GC(61)   Merge Heap Roots: 0.59ms
[257.954s][info][gc,phases      ] GC(61)   Evacuate Collection Set: 147.02ms
[257.954s][info][gc,phases      ] GC(61)   Post Evacuate Collection Set: 1.01ms
[257.954s][info][gc,phases      ] GC(61)   Other: 0.11ms
[257.954s][info][gc,heap        ] GC(61) Eden regions: 701->0(909)
[257.954s][info][gc,heap        ] GC(61) Survivor regions: 98->56(100)
[257.954s][info][gc,heap        ] GC(61) Old regions: 971->837
[257.954s][info][gc,heap        ] GC(61) Humongous regions: 77->77
[257.954s][info][gc,metaspace   ] GC(61) Metaspace: 28784K(29120K)->28784K(29120K) NonClass: 23900K(24064K)->23900K(24064K) Class: 4884K(5056K)->4884K(5056K)
[257.954s][info][gc             ] GC(61) Pause Young (Mixed) (G1 Evacuation Pause) 3691M->1938M(4096M) 150.047ms
[257.954s][info][gc,cpu         ] GC(61) User=0.65s Sys=0.00s Real=0.15s
.[259.136s][info][gc,start       ] GC(62) Pause Young (Mixed) (G1 Evacuation Pause)
[259.136s][info][gc,task        ] GC(62) Using 6 workers of 6 for evacuation
[259.246s][info][gc,phases      ] GC(62)   Pre Evacuate Collection Set: 0.39ms
[259.246s][info][gc,phases      ] GC(62)   Merge Heap Roots: 0.76ms
[259.246s][info][gc,phases      ] GC(62)   Evacuate Collection Set: 108.00ms
[259.246s][info][gc,phases      ] GC(62)   Post Evacuate Collection Set: 1.18ms
[259.246s][info][gc,phases      ] GC(62)   Other: 0.10ms
[259.246s][info][gc,heap        ] GC(62) Eden regions: 909->0(1020)
[259.246s][info][gc,heap        ] GC(62) Survivor regions: 56->101(121)
[259.246s][info][gc,heap        ] GC(62) Old regions: 837->646
[259.246s][info][gc,heap        ] GC(62) Humongous regions: 77->77
[259.247s][info][gc,metaspace   ] GC(62) Metaspace: 28784K(29120K)->28784K(29120K) NonClass: 23900K(24064K)->23900K(24064K) Class: 4884K(5056K)->4884K(5056K)
[259.247s][info][gc             ] GC(62) Pause Young (Mixed) (G1 Evacuation Pause) 3756M->1645M(4096M) 110.564ms
[259.247s][info][gc,cpu         ] GC(62) User=0.65s Sys=0.00s Real=0.11s
.[260.513s][info][gc,start       ] GC(63) Pause Young (Mixed) (G1 Evacuation Pause)
[260.513s][info][gc,task        ] GC(63) Using 6 workers of 6 for evacuation
[260.646s][info][gc,phases      ] GC(63)   Pre Evacuate Collection Set: 0.36ms
[260.646s][info][gc,phases      ] GC(63)   Merge Heap Roots: 0.80ms
[260.646s][info][gc,phases      ] GC(63)   Evacuate Collection Set: 130.93ms
[260.646s][info][gc,phases      ] GC(63)   Post Evacuate Collection Set: 1.17ms
[260.646s][info][gc,phases      ] GC(63)   Other: 0.13ms
[260.646s][info][gc,heap        ] GC(63) Eden regions: 1020->0(983)
[260.646s][info][gc,heap        ] GC(63) Survivor regions: 101->109(141)
[260.647s][info][gc,heap        ] GC(63) Old regions: 646->614
[260.647s][info][gc,heap        ] GC(63) Humongous regions: 77->77
[260.647s][info][gc,metaspace   ] GC(63) Metaspace: 28790K(29120K)->28790K(29120K) NonClass: 23906K(24064K)->23906K(24064K) Class: 4884K(5056K)->4884K(5056K)
[260.647s][info][gc             ] GC(63) Pause Young (Mixed) (G1 Evacuation Pause) 3685M->1597M(4096M) 133.519ms
[260.647s][info][gc,cpu         ] GC(63) User=0.79s Sys=0.00s Real=0.14s
.[261.836s][info][gc,start       ] GC(64) Pause Young (Mixed) (G1 Evacuation Pause)
[261.836s][info][gc,task        ] GC(64) Using 6 workers of 6 for evacuation
[262.038s][info][gc,mmu         ] GC(64) MMU target violated: 201.0ms (200.0ms/201.0ms)
[262.038s][info][gc,phases      ] GC(64)   Pre Evacuate Collection Set: 0.34ms
[262.038s][info][gc,phases      ] GC(64)   Merge Heap Roots: 1.43ms
[262.038s][info][gc,phases      ] GC(64)   Evacuate Collection Set: 199.79ms
[262.038s][info][gc,phases      ] GC(64)   Post Evacuate Collection Set: 0.86ms
[262.038s][info][gc,phases      ] GC(64)   Other: 0.12ms
[262.038s][info][gc,heap        ] GC(64) Eden regions: 962->0(1022)
[262.038s][info][gc,heap        ] GC(64) Survivor regions: 109->68(134)
[262.038s][info][gc,heap        ] GC(64) Old regions: 614->652
[262.038s][info][gc,heap        ] GC(64) Humongous regions: 77->77
[262.038s][info][gc,metaspace   ] GC(64) Metaspace: 28792K(29120K)->28792K(29120K) NonClass: 23908K(24064K)->23908K(24064K) Class: 4884K(5056K)->4884K(5056K)
[262.039s][info][gc             ] GC(64) Pause Young (Mixed) (G1 Evacuation Pause) 3521M->1591M(4096M) 202.649ms
[262.039s][info][gc,cpu         ] GC(64) User=0.96s Sys=0.00s Real=0.20s
.[263.405s][info][gc,start       ] GC(65) Pause Young (Normal) (G1 Evacuation Pause)
[263.405s][info][gc,task        ] GC(65) Using 6 workers of 6 for evacuation
[263.496s][info][gc,phases      ] GC(65)   Pre Evacuate Collection Set: 0.33ms
[263.496s][info][gc,phases      ] GC(65)   Merge Heap Roots: 0.41ms
[263.496s][info][gc,phases      ] GC(65)   Evacuate Collection Set: 89.55ms
[263.496s][info][gc,phases      ] GC(65)   Post Evacuate Collection Set: 0.87ms
[263.496s][info][gc,phases      ] GC(65)   Other: 0.09ms
[263.496s][info][gc,heap        ] GC(65) Eden regions: 1022->0(1008)
[263.496s][info][gc,heap        ] GC(65) Survivor regions: 68->104(137)
[263.496s][info][gc,heap        ] GC(65) Old regions: 652->652
[263.496s][info][gc,heap        ] GC(65) Humongous regions: 77->77
[263.496s][info][gc,metaspace   ] GC(65) Metaspace: 28792K(29120K)->28792K(29120K) NonClass: 23908K(24064K)->23908K(24064K) Class: 4884K(5056K)->4884K(5056K)
[263.496s][info][gc             ] GC(65) Pause Young (Normal) (G1 Evacuation Pause) 3635M->1664M(4096M) 91.377ms
[263.496s][info][gc,cpu         ] GC(65) User=0.54s Sys=0.00s Real=0.10s
[264.723s][info][gc,start       ] GC(66) Pause Young (Normal) (G1 Evacuation Pause)
[264.723s][info][gc,task        ] GC(66) Using 6 workers of 6 for evacuation
[264.846s][info][gc,phases      ] GC(66)   Pre Evacuate Collection Set: 0.36ms
[264.846s][info][gc,phases      ] GC(66)   Merge Heap Roots: 0.46ms
[264.846s][info][gc,phases      ] GC(66)   Evacuate Collection Set: 120.55ms
[264.846s][info][gc,phases      ] GC(66)   Post Evacuate Collection Set: 0.85ms
[264.846s][info][gc,phases      ] GC(66)   Other: 0.08ms
[264.846s][info][gc,heap        ] GC(66) Eden regions: 1008->0(957)
[264.846s][info][gc,heap        ] GC(66) Survivor regions: 104->114(139)
[264.846s][info][gc,heap        ] GC(66) Old regions: 652->683
[264.846s][info][gc,heap        ] GC(66) Humongous regions: 77->77
[264.846s][info][gc,metaspace   ] GC(66) Metaspace: 28793K(29120K)->28793K(29120K) NonClass: 23909K(24064K)->23909K(24064K) Class: 4884K(5056K)->4884K(5056K)
[264.846s][info][gc             ] GC(66) Pause Young (Normal) (G1 Evacuation Pause) 3680M->1745M(4096M) 122.428ms
[264.846s][info][gc,cpu         ] GC(66) User=0.72s Sys=0.00s Real=0.12s
?.[266.145s][info][gc,start       ] GC(67) Pause Young (Normal) (G1 Evacuation Pause)
[266.145s][info][gc,task        ] GC(67) Using 6 workers of 6 for evacuation
[266.258s][info][gc,phases      ] GC(67)   Pre Evacuate Collection Set: 0.39ms
[266.258s][info][gc,phases      ] GC(67)   Merge Heap Roots: 0.39ms
[266.258s][info][gc,phases      ] GC(67)   Evacuate Collection Set: 111.48ms
[266.258s][info][gc,phases      ] GC(67)   Post Evacuate Collection Set: 0.80ms
[266.258s][info][gc,phases      ] GC(67)   Other: 0.07ms
[266.258s][info][gc,heap        ] GC(67) Eden regions: 957->0(972)
[266.258s][info][gc,heap        ] GC(67) Survivor regions: 114->63(134)
[266.258s][info][gc,heap        ] GC(67) Old regions: 683->761
[266.258s][info][gc,heap        ] GC(67) Humongous regions: 77->77
[266.258s][info][gc,metaspace   ] GC(67) Metaspace: 28793K(29120K)->28793K(29120K) NonClass: 23909K(24064K)->23909K(24064K) Class: 4884K(5056K)->4884K(5056K)
[266.258s][info][gc             ] GC(67) Pause Young (Normal) (G1 Evacuation Pause) 3659M->1799M(4096M) 113.281ms
[266.258s][info][gc,cpu         ] GC(67) User=0.67s Sys=0.00s Real=0.12s
.[267.503s][info][gc,start       ] GC(68) Pause Young (Normal) (G1 Evacuation Pause)
[267.503s][info][gc,task        ] GC(68) Using 6 workers of 6 for evacuation
[267.598s][info][gc,phases      ] GC(68)   Pre Evacuate Collection Set: 0.33ms
[267.598s][info][gc,phases      ] GC(68)   Merge Heap Roots: 0.42ms
[267.598s][info][gc,phases      ] GC(68)   Evacuate Collection Set: 92.96ms
[267.598s][info][gc,phases      ] GC(68)   Post Evacuate Collection Set: 0.81ms
[267.598s][info][gc,phases      ] GC(68)   Other: 0.08ms
[267.598s][info][gc,heap        ] GC(68) Eden regions: 972->0(893)
[267.598s][info][gc,heap        ] GC(68) Survivor regions: 63->107(130)
[267.598s][info][gc,heap        ] GC(68) Old regions: 761->761
[267.598s][info][gc,heap        ] GC(68) Humongous regions: 77->77
[267.598s][info][gc,metaspace   ] GC(68) Metaspace: 28793K(29120K)->28793K(29120K) NonClass: 23909K(24064K)->23909K(24064K) Class: 4884K(5056K)->4884K(5056K)
[267.598s][info][gc             ] GC(68) Pause Young (Normal) (G1 Evacuation Pause) 3743M->1887M(4096M) 94.745ms
[267.598s][info][gc,cpu         ] GC(68) User=0.56s Sys=0.00s Real=0.10s
..[268.787s][info][gc,start       ] GC(69) Pause Young (Normal) (G1 Evacuation Pause)
[268.787s][info][gc,task        ] GC(69) Using 6 workers of 6 for evacuation
[268.944s][info][gc,phases      ] GC(69)   Pre Evacuate Collection Set: 0.32ms
[268.944s][info][gc,phases      ] GC(69)   Merge Heap Roots: 0.42ms
[268.944s][info][gc,phases      ] GC(69)   Evacuate Collection Set: 155.68ms
[268.944s][info][gc,phases      ] GC(69)   Post Evacuate Collection Set: 0.79ms
[268.944s][info][gc,phases      ] GC(69)   Other: 0.08ms
[268.944s][info][gc,heap        ] GC(69) Eden regions: 893->0(900)
[268.944s][info][gc,heap        ] GC(69) Survivor regions: 107->67(125)
[268.944s][info][gc,heap        ] GC(69) Old regions: 761->834
[268.944s][info][gc,heap        ] GC(69) Humongous regions: 77->77
[268.944s][info][gc,metaspace   ] GC(69) Metaspace: 28794K(29120K)->28794K(29120K) NonClass: 23910K(24064K)->23910K(24064K) Class: 4884K(5056K)->4884K(5056K)
[268.944s][info][gc             ] GC(69) Pause Young (Normal) (G1 Evacuation Pause) 3673M->1953M(4096M) 157.440ms
[268.944s][info][gc,cpu         ] GC(69) User=0.70s Sys=0.00s Real=0.15s
[270.016s][info][gc,start       ] GC(70) Pause Young (Normal) (G1 Evacuation Pause)
[270.016s][info][gc,task        ] GC(70) Using 6 workers of 6 for evacuation
[270.117s][info][gc,phases      ] GC(70)   Pre Evacuate Collection Set: 0.34ms
[270.117s][info][gc,phases      ] GC(70)   Merge Heap Roots: 0.37ms
[270.117s][info][gc,phases      ] GC(70)   Evacuate Collection Set: 98.71ms
[270.117s][info][gc,phases      ] GC(70)   Post Evacuate Collection Set: 0.73ms
[270.117s][info][gc,phases      ] GC(70)   Other: 0.07ms
[270.117s][info][gc,heap        ] GC(70) Eden regions: 900->0(844)
[270.117s][info][gc,heap        ] GC(70) Survivor regions: 67->72(121)
[270.117s][info][gc,heap        ] GC(70) Old regions: 834->880
[270.117s][info][gc,heap        ] GC(70) Humongous regions: 77->77
[270.117s][info][gc,metaspace   ] GC(70) Metaspace: 28794K(29120K)->28794K(29120K) NonClass: 23910K(24064K)->23910K(24064K) Class: 4884K(5056K)->4884K(5056K)
[270.117s][info][gc             ] GC(70) Pause Young (Normal) (G1 Evacuation Pause) 3753M->2055M(4096M) 100.370ms
[270.117s][info][gc,cpu         ] GC(70) User=0.59s Sys=0.00s Real=0.10s
.[271.251s][info][gc,start       ] GC(71) Pause Young (Concurrent Start) (G1 Evacuation Pause)
[271.251s][info][gc,task        ] GC(71) Using 6 workers of 6 for evacuation
[271.333s][info][gc,phases      ] GC(71)   Pre Evacuate Collection Set: 0.41ms
[271.333s][info][gc,phases      ] GC(71)   Merge Heap Roots: 0.38ms
[271.333s][info][gc,phases      ] GC(71)   Evacuate Collection Set: 80.31ms
[271.333s][info][gc,phases      ] GC(71)   Post Evacuate Collection Set: 0.71ms
[271.333s][info][gc,phases      ] GC(71)   Other: 0.10ms
[271.333s][info][gc,heap        ] GC(71) Eden regions: 844->0(834)
[271.333s][info][gc,heap        ] GC(71) Survivor regions: 72->54(115)
[271.333s][info][gc,heap        ] GC(71) Old regions: 880->924
[271.333s][info][gc,heap        ] GC(71) Humongous regions: 77->77
[271.333s][info][gc,metaspace   ] GC(71) Metaspace: 28798K(29120K)->28798K(29120K) NonClass: 23914K(24064K)->23914K(24064K) Class: 4884K(5056K)->4884K(5056K)
[271.333s][info][gc             ] GC(71) Pause Young (Concurrent Start) (G1 Evacuation Pause) 3743M->2107M(4096M) 82.064ms
[271.333s][info][gc             ] GC(72) Concurrent Mark Cycle
[271.333s][info][gc,marking     ] GC(72) Concurrent Scan Root Regions
[271.333s][info][gc,cpu         ] GC(71) User=0.48s Sys=0.00s Real=0.08s
.[271.447s][info][gc,marking     ] GC(72) Concurrent Scan Root Regions 113.867ms
[271.447s][info][gc,marking     ] GC(72) Concurrent Mark
[271.447s][info][gc,marking     ] GC(72) Concurrent Mark From Roots
[271.447s][info][gc,task        ] GC(72) Using 2 workers of 2 for marking
[272.463s][info][gc,marking     ] GC(72) Concurrent Mark From Roots 1016.259ms
[272.463s][info][gc,marking     ] GC(72) Concurrent Preclean
[272.463s][info][gc,marking     ] GC(72) Concurrent Preclean 0.064ms
[272.465s][info][gc,start       ] GC(72) Pause Remark
[272.470s][info][gc             ] GC(72) Pause Remark 3145M->3137M(4096M) 4.162ms
[272.470s][info][gc,cpu         ] GC(72) User=0.02s Sys=0.00s Real=0.01s
[272.470s][info][gc,marking     ] GC(72) Concurrent Mark 1023.447ms
[272.470s][info][gc,marking     ] GC(72) Concurrent Rebuild Remembered Sets and Scrub Regions
[272.947s][info][gc,marking     ] GC(72) Concurrent Rebuild Remembered Sets and Scrub Regions 477.195ms
[272.948s][info][gc,start       ] GC(72) Pause Cleanup
[272.948s][info][gc             ] GC(72) Pause Cleanup 3537M->3537M(4096M) 0.269ms
[272.948s][info][gc,cpu         ] GC(72) User=0.00s Sys=0.00s Real=0.00s
[272.948s][info][gc,marking     ] GC(72) Concurrent Clear Claimed Marks
[272.948s][info][gc,marking     ] GC(72) Concurrent Clear Claimed Marks 0.037ms
[272.948s][info][gc,marking     ] GC(72) Concurrent Cleanup for Next Mark
[272.960s][info][gc,marking     ] GC(72) Concurrent Cleanup for Next Mark 12.223ms
[272.961s][info][gc             ] GC(72) Concurrent Mark Cycle 1627.864ms
.[273.098s][info][gc,start       ] GC(73) Pause Young (Prepare Mixed) (G1 Evacuation Pause)
[273.098s][info][gc,task        ] GC(73) Using 6 workers of 6 for evacuation
[273.178s][info][gc,phases      ] GC(73)   Pre Evacuate Collection Set: 0.34ms
[273.178s][info][gc,phases      ] GC(73)   Merge Heap Roots: 0.41ms
[273.178s][info][gc,phases      ] GC(73)   Evacuate Collection Set: 78.21ms
[273.178s][info][gc,phases      ] GC(73)   Post Evacuate Collection Set: 0.90ms
[273.178s][info][gc,phases      ] GC(73)   Other: 0.09ms
[273.178s][info][gc,heap        ] GC(73) Eden regions: 834->0(766)
[273.178s][info][gc,heap        ] GC(73) Survivor regions: 54->91(111)
[273.178s][info][gc,heap        ] GC(73) Old regions: 920->920
[273.178s][info][gc,heap        ] GC(73) Humongous regions: 77->77
[273.178s][info][gc,metaspace   ] GC(73) Metaspace: 28800K(29120K)->28800K(29120K) NonClass: 23916K(24064K)->23916K(24064K) Class: 4884K(5056K)->4884K(5056K)
[273.178s][info][gc             ] GC(73) Pause Young (Prepare Mixed) (G1 Evacuation Pause) 3767M->2173M(4096M) 80.089ms
[273.178s][info][gc,cpu         ] GC(73) User=0.47s Sys=0.01s Real=0.08s
.[274.269s][info][gc,start       ] GC(74) Pause Young (Mixed) (G1 Evacuation Pause)
[274.270s][info][gc,task        ] GC(74) Using 6 workers of 6 for evacuation
[274.373s][info][gc,phases      ] GC(74)   Pre Evacuate Collection Set: 0.42ms
[274.373s][info][gc,phases      ] GC(74)   Merge Heap Roots: 0.49ms
[274.373s][info][gc,phases      ] GC(74)   Evacuate Collection Set: 101.78ms
[274.373s][info][gc,phases      ] GC(74)   Post Evacuate Collection Set: 0.94ms
[274.373s][info][gc,phases      ] GC(74)   Other: 0.10ms
[274.373s][info][gc,heap        ] GC(74) Eden regions: 766->0(936)
[274.373s][info][gc,heap        ] GC(74) Survivor regions: 91->91(108)
[274.373s][info][gc,heap        ] GC(74) Old regions: 920->750
[274.373s][info][gc,heap        ] GC(74) Humongous regions: 77->77
[274.373s][info][gc,metaspace   ] GC(74) Metaspace: 28800K(29120K)->28800K(29120K) NonClass: 23916K(24064K)->23916K(24064K) Class: 4884K(5056K)->4884K(5056K)
[274.373s][info][gc             ] GC(74) Pause Young (Mixed) (G1 Evacuation Pause) 3705M->1834M(4096M) 103.863ms
[274.373s][info][gc,cpu         ] GC(74) User=0.61s Sys=0.00s Real=0.10s
.[275.383s][info][gc,start       ] GC(75) Pause Young (Mixed) (G1 Evacuation Pause)
[275.383s][info][gc,task        ] GC(75) Using 6 workers of 6 for evacuation
[275.532s][info][gc,phases      ] GC(75)   Pre Evacuate Collection Set: 0.38ms
[275.532s][info][gc,phases      ] GC(75)   Merge Heap Roots: 0.65ms
[275.532s][info][gc,phases      ] GC(75)   Evacuate Collection Set: 147.28ms
[275.532s][info][gc,phases      ] GC(75)   Post Evacuate Collection Set: 1.03ms
[275.532s][info][gc,phases      ] GC(75)   Other: 0.11ms
[275.532s][info][gc,heap        ] GC(75) Eden regions: 936->0(969)
[275.532s][info][gc,heap        ] GC(75) Survivor regions: 91->129(129)
[275.532s][info][gc,heap        ] GC(75) Old regions: 750->593
[275.532s][info][gc,heap        ] GC(75) Humongous regions: 77->77
[275.532s][info][gc,metaspace   ] GC(75) Metaspace: 28800K(29120K)->28800K(29120K) NonClass: 23916K(24064K)->23916K(24064K) Class: 4884K(5056K)->4884K(5056K)
[275.532s][info][gc             ] GC(75) Pause Young (Mixed) (G1 Evacuation Pause) 3706M->1595M(4096M) 149.583ms
[275.533s][info][gc,cpu         ] GC(75) User=0.88s Sys=0.00s Real=0.15s
.[276.800s][info][gc,start       ] GC(76) Pause Young (Mixed) (G1 Evacuation Pause)
[276.800s][info][gc,task        ] GC(76) Using 6 workers of 6 for evacuation
[276.985s][info][gc,phases      ] GC(76)   Pre Evacuate Collection Set: 0.37ms
[276.985s][info][gc,phases      ] GC(76)   Merge Heap Roots: 0.62ms
[276.985s][info][gc,phases      ] GC(76)   Evacuate Collection Set: 182.55ms
[276.985s][info][gc,phases      ] GC(76)   Post Evacuate Collection Set: 1.09ms
[276.985s][info][gc,phases      ] GC(76)   Other: 0.09ms
[276.985s][info][gc,heap        ] GC(76) Eden regions: 983->0(1061)
[276.985s][info][gc,heap        ] GC(76) Survivor regions: 129->74(139)
[276.985s][info][gc,heap        ] GC(76) Old regions: 593->626
[276.985s][info][gc,heap        ] GC(76) Humongous regions: 77->77
[276.985s][info][gc,metaspace   ] GC(76) Metaspace: 28802K(29120K)->28802K(29120K) NonClass: 23918K(24064K)->23918K(24064K) Class: 4884K(5056K)->4884K(5056K)
[276.985s][info][gc             ] GC(76) Pause Young (Mixed) (G1 Evacuation Pause) 3561M->1551M(4096M) 184.856ms
[276.985s][info][gc,cpu         ] GC(76) User=0.86s Sys=0.01s Real=0.18s
.[278.304s][info][gc,start       ] GC(77) Pause Young (Mixed) (G1 Evacuation Pause)
[278.304s][info][gc,task        ] GC(77) Using 6 workers of 6 for evacuation
[278.448s][info][gc,phases      ] GC(77)   Pre Evacuate Collection Set: 0.30ms
[278.448s][info][gc,phases      ] GC(77)   Merge Heap Roots: 1.04ms
[278.448s][info][gc,phases      ] GC(77)   Evacuate Collection Set: 141.29ms
[278.448s][info][gc,phases      ] GC(77)   Post Evacuate Collection Set: 0.82ms
[278.448s][info][gc,phases      ] GC(77)   Other: 0.11ms
[278.448s][info][gc,heap        ] GC(77) Eden regions: 1061->0(1025)
[278.448s][info][gc,heap        ] GC(77) Survivor regions: 74->82(142)
[278.448s][info][gc,heap        ] GC(77) Old regions: 626->657
[278.448s][info][gc,heap        ] GC(77) Humongous regions: 77->77
[278.448s][info][gc,metaspace   ] GC(77) Metaspace: 28803K(29120K)->28803K(29120K) NonClass: 23918K(24064K)->23918K(24064K) Class: 4884K(5056K)->4884K(5056K)
[278.448s][info][gc             ] GC(77) Pause Young (Mixed) (G1 Evacuation Pause) 3673M->1629M(4096M) 143.691ms
[278.448s][info][gc,cpu         ] GC(77) User=0.85s Sys=0.00s Real=0.15s
.[279.877s][info][gc,start       ] GC(78) Pause Young (Concurrent Start) (G1 Evacuation Pause)
[279.877s][info][gc,task        ] GC(78) Using 6 workers of 6 for evacuation
[280.017s][info][gc,phases      ] GC(78)   Pre Evacuate Collection Set: 0.40ms
[280.017s][info][gc,phases      ] GC(78)   Merge Heap Roots: 0.45ms
[280.017s][info][gc,phases      ] GC(78)   Evacuate Collection Set: 137.75ms
[280.017s][info][gc,phases      ] GC(78)   Post Evacuate Collection Set: 0.84ms
[280.017s][info][gc,phases      ] GC(78)   Other: 0.11ms
[280.017s][info][gc,heap        ] GC(78) Eden regions: 1025->0(1009)
[280.017s][info][gc,heap        ] GC(78) Survivor regions: 82->63(139)
[280.017s][info][gc,heap        ] GC(78) Old regions: 657->706
[280.017s][info][gc,heap        ] GC(78) Humongous regions: 77->77
[280.017s][info][gc,metaspace   ] GC(78) Metaspace: 28804K(29120K)->28804K(29120K) NonClass: 23920K(24064K)->23920K(24064K) Class: 4884K(5056K)->4884K(5056K)
[280.017s][info][gc             ] GC(78) Pause Young (Concurrent Start) (G1 Evacuation Pause) 3679M->1690M(4096M) 139.667ms
[280.017s][info][gc             ] GC(79) Concurrent Mark Cycle
[280.017s][info][gc,marking     ] GC(79) Concurrent Scan Root Regions
[280.017s][info][gc,cpu         ] GC(78) User=0.59s Sys=0.00s Real=0.14s
.[280.252s][info][gc,marking     ] GC(79) Concurrent Scan Root Regions 234.595ms
[280.252s][info][gc,marking     ] GC(79) Concurrent Mark
[280.252s][info][gc,marking     ] GC(79) Concurrent Mark From Roots
[280.252s][info][gc,task        ] GC(79) Using 2 workers of 2 for marking
.[281.809s][info][gc,marking     ] GC(79) Concurrent Mark From Roots 1557.036ms
[281.809s][info][gc,marking     ] GC(79) Concurrent Preclean
[281.809s][info][gc,marking     ] GC(79) Concurrent Preclean 0.073ms
[281.809s][info][gc,start       ] GC(79) Pause Remark
[281.813s][info][gc             ] GC(79) Pause Remark 3572M->3572M(4096M) 4.189ms
[281.813s][info][gc,cpu         ] GC(79) User=0.02s Sys=0.00s Real=0.00s
[281.816s][info][gc,marking     ] GC(79) Concurrent Mark 1564.218ms
[281.816s][info][gc,marking     ] GC(79) Concurrent Rebuild Remembered Sets and Scrub Regions
[281.995s][info][gc,start       ] GC(80) Pause Young (Normal) (G1 Evacuation Pause)
[281.995s][info][gc,task        ] GC(80) Using 6 workers of 6 for evacuation
[282.097s][info][gc,phases      ] GC(80)   Pre Evacuate Collection Set: 0.32ms
[282.097s][info][gc,phases      ] GC(80)   Merge Heap Roots: 0.42ms
[282.097s][info][gc,phases      ] GC(80)   Evacuate Collection Set: 99.40ms
[282.097s][info][gc,phases      ] GC(80)   Post Evacuate Collection Set: 0.92ms
[282.097s][info][gc,phases      ] GC(80)   Other: 0.09ms
[282.097s][info][gc,heap        ] GC(80) Eden regions: 1009->0(936)
[282.097s][info][gc,heap        ] GC(80) Survivor regions: 63->113(134)
[282.097s][info][gc,heap        ] GC(80) Old regions: 706->706
[282.097s][info][gc,heap        ] GC(80) Humongous regions: 77->77
[282.097s][info][gc,metaspace   ] GC(80) Metaspace: 28806K(29120K)->28806K(29120K) NonClass: 23922K(24064K)->23922K(24064K) Class: 4884K(5056K)->4884K(5056K)
[282.097s][info][gc             ] GC(80) Pause Young (Normal) (G1 Evacuation Pause) 3708M->1790M(4096M) 101.289ms
[282.097s][info][gc,cpu         ] GC(80) User=0.60s Sys=0.00s Real=0.11s
[282.268s][info][gc,marking     ] GC(79) Concurrent Rebuild Remembered Sets and Scrub Regions 452.361ms
[282.269s][info][gc,start       ] GC(79) Pause Cleanup
[282.270s][info][gc             ] GC(79) Pause Cleanup 1996M->1996M(4096M) 0.207ms
[282.270s][info][gc,cpu         ] GC(79) User=0.00s Sys=0.00s Real=0.00s
[282.271s][info][gc,marking     ] GC(79) Concurrent Clear Claimed Marks
[282.271s][info][gc,marking     ] GC(79) Concurrent Clear Claimed Marks 0.056ms
[282.271s][info][gc,marking     ] GC(79) Concurrent Cleanup for Next Mark
[282.276s][info][gc,marking     ] GC(79) Concurrent Cleanup for Next Mark 5.165ms
[282.277s][info][gc             ] GC(79) Concurrent Mark Cycle 2259.581ms
.[283.294s][info][gc,start       ] GC(81) Pause Young (Prepare Mixed) (G1 Evacuation Pause)
[283.294s][info][gc,task        ] GC(81) Using 6 workers of 6 for evacuation
[283.407s][info][gc,phases      ] GC(81)   Pre Evacuate Collection Set: 0.33ms
[283.407s][info][gc,phases      ] GC(81)   Merge Heap Roots: 0.48ms
[283.407s][info][gc,phases      ] GC(81)   Evacuate Collection Set: 111.04ms
[283.407s][info][gc,phases      ] GC(81)   Post Evacuate Collection Set: 0.89ms
[283.407s][info][gc,phases      ] GC(81)   Other: 0.09ms
[283.407s][info][gc,heap        ] GC(81) Eden regions: 936->0(947)
[283.407s][info][gc,heap        ] GC(81) Survivor regions: 113->67(132)
[283.407s][info][gc,heap        ] GC(81) Old regions: 706->776
[283.407s][info][gc,heap        ] GC(81) Humongous regions: 77->77
[283.407s][info][gc,metaspace   ] GC(81) Metaspace: 28807K(29120K)->28807K(29120K) NonClass: 23923K(24064K)->23923K(24064K) Class: 4884K(5056K)->4884K(5056K)
[283.407s][info][gc             ] GC(81) Pause Young (Prepare Mixed) (G1 Evacuation Pause) 3662M->1837M(4096M) 112.964ms
[283.407s][info][gc,cpu         ] GC(81) User=0.66s Sys=0.00s Real=0.12s
. (rIR:aIR:PR = 13837:12726:11568) (tPR = 175772) [IR is under limit] [PR is under limit] 
   283s: Re-initializing (term[284.631s][info][gc,start       ] GC(82) Pause Young (Mixed) (G1 Evacuation Pause)
[284.631s][info][gc,task        ] GC(82) Using 6 workers of 6 for evacuation
[284.736s][info][gc,phases      ] GC(82)   Pre Evacuate Collection Set: 0.45ms
[284.736s][info][gc,phases      ] GC(82)   Merge Heap Roots: 0.58ms
[284.736s][info][gc,phases      ] GC(82)   Evacuate Collection Set: 102.61ms
[284.736s][info][gc,phases      ] GC(82)   Post Evacuate Collection Set: 0.97ms
[284.736s][info][gc,phases      ] GC(82)   Other: 0.86ms
[284.736s][info][gc,heap        ] GC(82) Eden regions: 947->0(1067)
[284.736s][info][gc,heap        ] GC(82) Survivor regions: 67->64(127)
[284.736s][info][gc,heap        ] GC(82) Old regions: 776->629
[284.736s][info][gc,heap        ] GC(82) Humongous regions: 77->77
[284.736s][info][gc,metaspace   ] GC(82) Metaspace: 28808K(29120K)->28808K(29120K) NonClass: 23924K(24064K)->23924K(24064K) Class: 4884K(5056K)->4884K(5056K)
[284.736s][info][gc             ] GC(82) Pause Young (Mixed) (G1 Evacuation Pause) 3731M->1536M(4096M) 105.602ms
[284.736s][info][gc,cpu         ] GC(82) User=0.61s Sys=0.00s Real=0.11s
[286.133s][info][gc,start       ] GC(83) Pause Young (Mixed) (G1 Evacuation Pause)
[286.133s][info][gc,task        ] GC(83) Using 6 workers of 6 for evacuation
[286.250s][info][gc,phases      ] GC(83)   Pre Evacuate Collection Set: 0.36ms
[286.250s][info][gc,phases      ] GC(83)   Merge Heap Roots: 0.77ms
[286.250s][info][gc,phases      ] GC(83)   Evacuate Collection Set: 114.70ms
[286.250s][info][gc,phases      ] GC(83)   Post Evacuate Collection Set: 0.90ms
[286.250s][info][gc,phases      ] GC(83)   Other: 0.09ms
[286.250s][info][gc,heap        ] GC(83) Eden regions: 1067->0(1074)
[286.250s][info][gc,heap        ] GC(83) Survivor regions: 64->115(142)
[286.250s][info][gc,heap        ] GC(83) Old regions: 629->564
[286.250s][info][gc,heap        ] GC(83) Humongous regions: 77->77
[286.250s][info][gc,metaspace   ] GC(83) Metaspace: 28813K(29120K)->28813K(29120K) NonClass: 23929K(24064K)->23929K(24064K) Class: 4884K(5056K)->4884K(5056K)
[286.250s][info][gc             ] GC(83) Pause Young (Mixed) (G1 Evacuation Pause) 3670M->1510M(4096M) 116.942ms
[286.250s][info][gc,cpu         ] GC(83) User=0.69s Sys=0.00s Real=0.12s
[287.400s][info][gc,start       ] GC(84) Pause Young (Concurrent Start) (G1 Evacuation Pause)
[287.400s][info][gc,task        ] GC(84) Using 6 workers of 6 for evacuation
[287.535s][info][gc,phases      ] GC(84)   Pre Evacuate Collection Set: 0.38ms
[287.535s][info][gc,phases      ] GC(84)   Merge Heap Roots: 0.46ms
[287.535s][info][gc,phases      ] GC(84)   Evacuate Collection Set: 133.31ms
[287.535s][info][gc,phases      ] GC(84)   Post Evacuate Collection Set: 0.87ms
[287.535s][info][gc,phases      ] GC(84)   Other: 0.11ms
[287.535s][info][gc,heap        ] GC(84) Eden regions: 1074->0(1009)
[287.535s][info][gc,heap        ] GC(84) Survivor regions: 115->133(149)
[287.535s][info][gc,heap        ] GC(84) Old regions: 564->593
[287.535s][info][gc,heap        ] GC(84) Humongous regions: 77->77
[287.536s][info][gc,metaspace   ] GC(84) Metaspace: 28813K(29120K)->28813K(29120K) NonClass: 23929K(24064K)->23929K(24064K) Class: 4884K(5056K)->4884K(5056K)
[287.536s][info][gc             ] GC(84) Pause Young (Concurrent Start) (G1 Evacuation Pause) 3658M->1603M(4096M) 135.263ms
[287.536s][info][gc             ] GC(85) Concurrent Mark Cycle
[287.536s][info][gc,marking     ] GC(85) Concurrent Scan Root Regions
[287.536s][info][gc,cpu         ] GC(84) User=0.80s Sys=0.00s Real=0.13s
[287.743s][info][gc,marking     ] GC(85) Concurrent Scan Root Regions 206.951ms
[287.743s][info][gc,marking     ] GC(85) Concurrent Mark
[287.743s][info][gc,marking     ] GC(85) Concurrent Mark From Roots
[287.743s][info][gc,task        ] GC(85) Using 2 workers of 2 for marking
[288.755s][info][gc,marking     ] GC(85) Concurrent Mark From Roots 1012.110ms
[288.755s][info][gc,marking     ] GC(85) Concurrent Preclean
[288.755s][info][gc,marking     ] GC(85) Concurrent Preclean 0.078ms
[288.755s][info][gc,start       ] GC(85) Pause Remark
[288.757s][info][gc             ] GC(85) Pause Remark 2364M->2364M(4096M) 2.006ms
[288.757s][info][gc,cpu         ] GC(85) User=0.01s Sys=0.00s Real=0.01s
[288.757s][info][gc,marking     ] GC(85) Concurrent Mark 1014.563ms
[288.757s][info][gc,marking     ] GC(85) Concurrent Rebuild Remembered Sets and Scrub Regions
[289.148s][info][gc,marking     ] GC(85) Concurrent Rebuild Remembered Sets and Scrub Regions 391.261ms
[289.149s][info][gc,start       ] GC(85) Pause Cleanup
[289.149s][info][gc             ] GC(85) Pause Cleanup 2523M->2523M(4096M) 0.176ms
[289.149s][info][gc,cpu         ] GC(85) User=0.00s Sys=0.00s Real=0.00s
[289.151s][info][gc,marking     ] GC(85) Concurrent Clear Claimed Marks
[289.151s][info][gc,marking     ] GC(85) Concurrent Clear Claimed Marks 0.065ms
[289.151s][info][gc,marking     ] GC(85) Concurrent Cleanup for Next Mark
[289.243s][info][gc,marking     ] GC(85) Concurrent Cleanup for Next Mark 91.110ms
[289.243s][info][gc             ] GC(85) Concurrent Mark Cycle 1707.112ms
[289.956s][info][gc,start       ] GC(86) Pause Young (Prepare Mixed) (G1 Evacuation Pause)
[289.956s][info][gc,task        ] GC(86) Using 6 workers of 6 for evacuation
[290.078s][info][gc,phases      ] GC(86)   Pre Evacuate Collection Set: 0.33ms
[290.078s][info][gc,phases      ] GC(86)   Merge Heap Roots: 0.41ms
[290.078s][info][gc,phases      ] GC(86)   Evacuate Collection Set: 120.04ms
[290.078s][info][gc,phases      ] GC(86)   Post Evacuate Collection Set: 0.84ms
[290.078s][info][gc,phases      ] GC(86)   Other: 0.09ms
[290.078s][info][gc,heap        ] GC(86) Eden regions: 1009->0(1034)
[290.078s][info][gc,heap        ] GC(86) Survivor regions: 133->45(143)
[290.078s][info][gc,heap        ] GC(86) Old regions: 593->705
[290.078s][info][gc,heap        ] GC(86) Humongous regions: 77->77
[290.078s][info][gc,metaspace   ] GC(86) Metaspace: 28813K(29120K)->28813K(29120K) NonClass: 23929K(24064K)->23929K(24064K) Class: 4884K(5056K)->4884K(5056K)
[290.078s][info][gc             ] GC(86) Pause Young (Prepare Mixed) (G1 Evacuation Pause) 3621M->1651M(4096M) 121.857ms
[290.078s][info][gc,cpu         ] GC(86) User=0.72s Sys=0.00s Real=0.13s
[291.269s][info][gc,start       ] GC(87) Pause Young (Mixed) (G1 Evacuation Pause)
[291.269s][info][gc,task        ] GC(87) Using 6 workers of 6 for evacuation
[291.390s][info][gc,phases      ] GC(87)   Pre Evacuate Collection Set: 0.38ms
[291.390s][info][gc,phases      ] GC(87)   Merge Heap Roots: 0.52ms
[291.390s][info][gc,phases      ] GC(87)   Evacuate Collection Set: 118.39ms
[291.390s][info][gc,phases      ] GC(87)   Post Evacuate Collection Set: 0.93ms
[291.390s][info][gc,phases      ] GC(87)   Other: 0.09ms
[291.390s][info][gc,heap        ] GC(87) Eden regions: 1034->0(1098)
[291.390s][info][gc,heap        ] GC(87) Survivor regions: 45->116(135)
[291.390s][info][gc,heap        ] GC(87) Old regions: 705->526
[291.390s][info][gc,heap        ] GC(87) Humongous regions: 77->77
[291.390s][info][gc,metaspace   ] GC(87) Metaspace: 28813K(29120K)->28813K(29120K) NonClass: 23929K(24064K)->23929K(24064K) Class: 4884K(5056K)->4884K(5056K)
[291.390s][info][gc             ] GC(87) Pause Young (Mixed) (G1 Evacuation Pause) 3719M->1435M(4096M) 120.455ms
[291.390s][info][gc,cpu         ] GC(87) User=0.72s Sys=0.00s Real=0.12s
[292.756s][info][gc,start       ] GC(88) Pause Young (Mixed) (G1 Evacuation Pause)
[292.756s][info][gc,task        ] GC(88) Using 6 workers of 6 for evacuation
[292.933s][info][gc,phases      ] GC(88)   Pre Evacuate Collection Set: 0.34ms
[292.933s][info][gc,phases      ] GC(88)   Merge Heap Roots: 0.57ms
[292.933s][info][gc,phases      ] GC(88)   Evacuate Collection Set: 174.76ms
[292.933s][info][gc,phases      ] GC(88)   Post Evacuate Collection Set: 0.88ms
[292.933s][info][gc,phases      ] GC(88)   Other: 0.10ms
[292.933s][info][gc,heap        ] GC(88) Eden regions: 1098->0(1077)
[292.933s][info][gc,heap        ] GC(88) Survivor regions: 116->81(152)
[292.933s][info][gc,heap        ] GC(88) Old regions: 526->599
[292.933s][info][gc,heap        ] GC(88) Humongous regions: 77->77
[292.933s][info][gc,metaspace   ] GC(88) Metaspace: 28816K(29120K)->28816K(29120K) NonClass: 23932K(24064K)->23932K(24064K) Class: 4884K(5056K)->4884K(5056K)
[292.933s][info][gc             ] GC(88) Pause Young (Mixed) (G1 Evacuation Pause) 3631M->1510M(4096M) 176.807ms
[292.933s][info][gc,cpu         ] GC(88) User=0.81s Sys=0.00s Real=0.17s
) [292.964s][info][gc,start       ] GC(89) Pause Full (System.gc())
[292.964s][info][gc,task        ] GC(89) Using 6 workers of 6 for full compaction
[292.964s][info][gc,phases,start] GC(89) Phase 1: Mark live objects
[292.979s][info][gc,phases      ] GC(89) Phase 1: Mark live objects 14.416ms
[292.979s][info][gc,phases,start] GC(89) Phase 2: Prepare compaction
[292.981s][info][gc,phases      ] GC(89) Phase 2: Prepare compaction 1.921ms
[292.981s][info][gc,phases,start] GC(89) Phase 3: Adjust pointers
[292.987s][info][gc,phases      ] GC(89) Phase 3: Adjust pointers 6.158ms
[292.987s][info][gc,phases,start] GC(89) Phase 4: Compact heap
[292.989s][info][gc,phases      ] GC(89) Phase 4: Compact heap 2.064ms
[292.989s][info][gc,phases,start] GC(89) Phase 5: Reset Metadata
[292.993s][info][gc,phases      ] GC(89) Phase 5: Reset Metadata 4.329ms
[292.999s][info][gc,heap        ] GC(89) Eden regions: 32->0(1228)
[292.999s][info][gc,heap        ] GC(89) Survivor regions: 81->0(152)
[292.999s][info][gc,heap        ] GC(89) Old regions: 599->35
[292.999s][info][gc,heap        ] GC(89) Humongous regions: 77->66
[292.999s][info][gc,metaspace   ] GC(89) Metaspace: 28816K(29120K)->28816K(29120K) NonClass: 23932K(24064K)->23932K(24064K) Class: 4884K(5056K)->4884K(5056K)
[292.999s][info][gc             ] GC(89) Pause Full (System.gc()) 1572M->194M(4096M) 35.441ms
[292.999s][info][gc,cpu         ] GC(89) User=0.19s Sys=0.00s Real=0.04s
(init[293.239s][info][gc,start       ] GC(90) Pause Young (Concurrent Start) (G1 Humongous Allocation)
[293.239s][info][gc,task        ] GC(90) Using 6 workers of 6 for evacuation
[293.252s][info][gc,phases      ] GC(90)   Pre Evacuate Collection Set: 0.35ms
[293.252s][info][gc,phases      ] GC(90)   Merge Heap Roots: 0.03ms
[293.252s][info][gc,phases      ] GC(90)   Evacuate Collection Set: 12.86ms
[293.252s][info][gc,phases      ] GC(90)   Post Evacuate Collection Set: 0.25ms
[293.252s][info][gc,phases      ] GC(90)   Other: 0.10ms
[293.252s][info][gc,heap        ] GC(90) Eden regions: 47->0(1214)
[293.252s][info][gc,heap        ] GC(90) Survivor regions: 0->14(154)
[293.252s][info][gc,heap        ] GC(90) Old regions: 35->35
[293.252s][info][gc,heap        ] GC(90) Humongous regions: 66->66
[293.252s][info][gc,metaspace   ] GC(90) Metaspace: 28828K(29184K)->28828K(29184K) NonClass: 23944K(24128K)->23944K(24128K) Class: 4884K(5056K)->4884K(5056K)
[293.252s][info][gc             ] GC(90) Pause Young (Concurrent Start) (G1 Humongous Allocation) 287M->221M(4096M) 13.708ms
[293.252s][info][gc             ] GC(91) Concurrent Mark Cycle
[293.252s][info][gc,marking     ] GC(91) Concurrent Scan Root Regions
[293.252s][info][gc,cpu         ] GC(90) User=0.08s Sys=0.00s Real=0.01s
[293.264s][info][gc,marking     ] GC(91) Concurrent Scan Root Regions 11.393ms
[293.264s][info][gc,marking     ] GC(91) Concurrent Mark
[293.264s][info][gc,marking     ] GC(91) Concurrent Mark From Roots
[293.264s][info][gc,task        ] GC(91) Using 2 workers of 2 for marking
[293.325s][info][gc,marking     ] GC(91) Concurrent Mark From Roots 61.023ms
[293.325s][info][gc,marking     ] GC(91) Concurrent Preclean
[293.325s][info][gc,marking     ] GC(91) Concurrent Preclean 0.121ms
[293.325s][info][gc,start       ] GC(91) Pause Remark
[293.327s][info][gc             ] GC(91) Pause Remark 391M->391M(4096M) 1.728ms
[293.327s][info][gc,cpu         ] GC(91) User=0.01s Sys=0.00s Real=0.01s
[293.327s][info][gc,marking     ] GC(91) Concurrent Mark 63.053ms
[293.327s][info][gc,marking     ] GC(91) Concurrent Rebuild Remembered Sets and Scrub Regions
[293.354s][info][gc,marking     ] GC(91) Concurrent Rebuild Remembered Sets and Scrub Regions 26.921ms
[293.354s][info][gc,start       ] GC(91) Pause Cleanup
[293.354s][info][gc             ] GC(91) Pause Cleanup 450M->450M(4096M) 0.068ms
[293.354s][info][gc,cpu         ] GC(91) User=0.00s Sys=0.00s Real=0.00s
[293.354s][info][gc,marking     ] GC(91) Concurrent Clear Claimed Marks
[293.354s][info][gc,marking     ] GC(91) Concurrent Clear Claimed Marks 0.030ms
[293.354s][info][gc,marking     ] GC(91) Concurrent Cleanup for Next Mark
[293.359s][info][gc,marking     ] GC(91) Concurrent Cleanup for Next Mark 4.573ms
[293.359s][info][gc             ] GC(91) Concurrent Mark Cycle 106.303ms
) ... OK
   297s: Searching from base IR = 11548
   297s:       rampup IR =      0 ... (rIR:aIR:PR = 0:0:0) (tPR = 0) [OK] 
   300s:       rampup IR =   1155 ...[303.771s][info][gc,start       ] GC(92) Pause Young (Prepare Mixed) (G1 Evacuation Pause)
[303.771s][info][gc,task        ] GC(92) Using 6 workers of 6 for evacuation
[304.253s][info][gc,mmu         ] GC(92) MMU target violated: 201.0ms (200.0ms/201.0ms)
[304.253s][info][gc,phases      ] GC(92)   Pre Evacuate Collection Set: 0.39ms
[304.253s][info][gc,phases      ] GC(92)   Merge Heap Roots: 0.49ms
[304.253s][info][gc,phases      ] GC(92)   Evacuate Collection Set: 479.07ms
[304.253s][info][gc,phases      ] GC(92)   Post Evacuate Collection Set: 1.35ms
[304.253s][info][gc,phases      ] GC(92)   Other: 0.16ms
[304.253s][info][gc,heap        ] GC(92) Eden regions: 1214->0(407)
[304.253s][info][gc,heap        ] GC(92) Survivor regions: 14->154(154)
[304.253s][info][gc,heap        ] GC(92) Old regions: 35->343
[304.253s][info][gc,heap        ] GC(92) Humongous regions: 163->155
[304.253s][info][gc,metaspace   ] GC(92) Metaspace: 28834K(29248K)->28834K(29248K) NonClass: 23950K(24128K)->23950K(24128K) Class: 4884K(5120K)->4884K(5120K)
[304.253s][info][gc             ] GC(92) Pause Young (Prepare Mixed) (G1 Evacuation Pause) 2843M->1296M(4096M) 481.564ms
[304.253s][info][gc,cpu         ] GC(92) User=2.85s Sys=0.00s Real=0.48s
. (rIR:aIR:PR = 1155:1149:1124) (tPR = 23650) [OK] 
   304s:       rampup IR =   2310 .[306.283s][info][gc,start       ] GC(93) Pause Young (Mixed) (G1 Evacuation Pause)
[306.283s][info][gc,task        ] GC(93) Using 6 workers of 6 for evacuation
[306.482s][info][gc,phases      ] GC(93)   Pre Evacuate Collection Set: 0.35ms
[306.482s][info][gc,phases      ] GC(93)   Merge Heap Roots: 0.58ms
[306.482s][info][gc,phases      ] GC(93)   Evacuate Collection Set: 197.52ms
[306.482s][info][gc,phases      ] GC(93)   Post Evacuate Collection Set: 0.54ms
[306.482s][info][gc,phases      ] GC(93)   Other: 0.07ms
[306.482s][info][gc,heap        ] GC(93) Eden regions: 403->0(672)
[306.482s][info][gc,heap        ] GC(93) Survivor regions: 154->25(70)
[306.482s][info][gc,heap        ] GC(93) Old regions: 343->494
[306.482s][info][gc,heap        ] GC(93) Humongous regions: 155->155
[306.482s][info][gc,metaspace   ] GC(93) Metaspace: 28835K(29248K)->28835K(29248K) NonClass: 23950K(24128K)->23950K(24128K) Class: 4884K(5120K)->4884K(5120K)
[306.482s][info][gc             ] GC(93) Pause Young (Mixed) (G1 Evacuation Pause) 2102M->1341M(4096M) 199.187ms
[306.482s][info][gc,cpu         ] GC(93) User=1.18s Sys=0.00s Real=0.20s
....[309.778s][info][gc,start       ] GC(94) Pause Young (Concurrent Start) (G1 Evacuation Pause)
[309.778s][info][gc,task        ] GC(94) Using 6 workers of 6 for evacuation
[309.836s][info][gc,phases      ] GC(94)   Pre Evacuate Collection Set: 0.40ms
[309.836s][info][gc,phases      ] GC(94)   Merge Heap Roots: 0.46ms
[309.836s][info][gc,phases      ] GC(94)   Evacuate Collection Set: 55.71ms
[309.836s][info][gc,phases      ] GC(94)   Post Evacuate Collection Set: 0.71ms
[309.836s][info][gc,phases      ] GC(94)   Other: 0.12ms
[309.836s][info][gc,heap        ] GC(94) Eden regions: 691->0(698)
[309.836s][info][gc,heap        ] GC(94) Survivor regions: 25->57(90)
[309.836s][info][gc,heap        ] GC(94) Old regions: 494->494
[309.836s][info][gc,heap        ] GC(94) Humongous regions: 155->155
[309.836s][info][gc,metaspace   ] GC(94) Metaspace: 28839K(29248K)->28839K(29248K) NonClass: 23955K(24128K)->23955K(24128K) Class: 4884K(5120K)->4884K(5120K)
[309.836s][info][gc             ] GC(94) Pause Young (Concurrent Start) (G1 Evacuation Pause) 2723M->1405M(4096M) 57.530ms
[309.836s][info][gc             ] GC(95) Concurrent Mark Cycle
[309.836s][info][gc,marking     ] GC(95) Concurrent Scan Root Regions
[309.836s][info][gc,cpu         ] GC(94) User=0.34s Sys=0.00s Real=0.05s
[309.893s][info][gc,marking     ] GC(95) Concurrent Scan Root Regions 57.428ms
[309.893s][info][gc,marking     ] GC(95) Concurrent Mark
[309.893s][info][gc,marking     ] GC(95) Concurrent Mark From Roots
[309.893s][info][gc,task        ] GC(95) Using 2 workers of 2 for marking
[310.478s][info][gc,marking     ] GC(95) Concurrent Mark From Roots 584.487ms
[310.478s][info][gc,marking     ] GC(95) Concurrent Preclean
[310.478s][info][gc,marking     ] GC(95) Concurrent Preclean 0.064ms
[310.479s][info][gc,start       ] GC(95) Pause Remark
[310.484s][info][gc             ] GC(95) Pause Remark 1683M->1453M(4096M) 5.314ms
[310.484s][info][gc,cpu         ] GC(95) User=0.03s Sys=0.00s Real=0.00s
[310.484s][info][gc,marking     ] GC(95) Concurrent Mark 590.881ms
[310.484s][info][gc,marking     ] GC(95) Concurrent Rebuild Remembered Sets and Scrub Regions
. (rIR:aIR:PR = 2310:2294:2244) (tPR = 41174) [OK] 
   310s:       rampup IR =   3464 [310.700s][info][gc,marking     ] GC(95) Concurrent Rebuild Remembered Sets and Scrub Regions 215.936ms
[310.700s][info][gc,start       ] GC(95) Pause Cleanup
[310.700s][info][gc             ] GC(95) Pause Cleanup 1568M->1568M(4096M) 0.093ms
[310.700s][info][gc,cpu         ] GC(95) User=0.00s Sys=0.00s Real=0.00s
[310.700s][info][gc,marking     ] GC(95) Concurrent Clear Claimed Marks
[310.700s][info][gc,marking     ] GC(95) Concurrent Clear Claimed Marks 0.027ms
[310.700s][info][gc,marking     ] GC(95) Concurrent Cleanup for Next Mark
[310.704s][info][gc,marking     ] GC(95) Concurrent Cleanup for Next Mark 3.260ms
[310.704s][info][gc             ] GC(95) Concurrent Mark Cycle 867.931ms
.[312.365s][info][gc,start       ] GC(96) Pause Young (Prepare Mixed) (G1 Evacuation Pause)
[312.365s][info][gc,task        ] GC(96) Using 6 workers of 6 for evacuation
[312.443s][info][gc,phases      ] GC(96)   Pre Evacuate Collection Set: 0.34ms
[312.443s][info][gc,phases      ] GC(96)   Merge Heap Roots: 0.58ms
[312.443s][info][gc,phases      ] GC(96)   Evacuate Collection Set: 76.44ms
[312.443s][info][gc,phases      ] GC(96)   Post Evacuate Collection Set: 0.74ms
[312.443s][info][gc,phases      ] GC(96)   Other: 0.06ms
[312.443s][info][gc,heap        ] GC(96) Eden regions: 684->0(756)
[312.443s][info][gc,heap        ] GC(96) Survivor regions: 57->68(93)
[312.443s][info][gc,heap        ] GC(96) Old regions: 459->477
[312.443s][info][gc,heap        ] GC(96) Humongous regions: 75->75
[312.443s][info][gc,metaspace   ] GC(96) Metaspace: 28839K(29248K)->28839K(29248K) NonClass: 23955K(24128K)->23955K(24128K) Class: 4884K(5120K)->4884K(5120K)
[312.443s][info][gc             ] GC(96) Pause Young (Prepare Mixed) (G1 Evacuation Pause) 2543M->1233M(4096M) 78.325ms
[312.443s][info][gc,cpu         ] GC(96) User=0.46s Sys=0.00s Real=0.08s
... (rIR:aIR:PR = 3464:3476:3403) (tPR = 59418) [OK] 
   314s:       rampup IR =   4619 [315.222s][info][gc,start       ] GC(97) Pause Young (Mixed) (G1 Evacuation Pause)
[315.222s][info][gc,task        ] GC(97) Using 6 workers of 6 for evacuation
[315.313s][info][gc,phases      ] GC(97)   Pre Evacuate Collection Set: 0.39ms
[315.313s][info][gc,phases      ] GC(97)   Merge Heap Roots: 0.38ms
[315.313s][info][gc,phases      ] GC(97)   Evacuate Collection Set: 88.70ms
[315.313s][info][gc,phases      ] GC(97)   Post Evacuate Collection Set: 0.80ms
[315.313s][info][gc,phases      ] GC(97)   Other: 0.08ms
[315.313s][info][gc,heap        ] GC(97) Eden regions: 874->0(944)
[315.313s][info][gc,heap        ] GC(97) Survivor regions: 68->79(118)
[315.313s][info][gc,heap        ] GC(97) Old regions: 477->498
[315.313s][info][gc,heap        ] GC(97) Humongous regions: 75->75
[315.313s][info][gc,metaspace   ] GC(97) Metaspace: 28839K(29248K)->28839K(29248K) NonClass: 23955K(24128K)->23955K(24128K) Class: 4884K(5120K)->4884K(5120K)
[315.313s][info][gc             ] GC(97) Pause Young (Mixed) (G1 Evacuation Pause) 2981M->1299M(4096M) 90.470ms
[315.313s][info][gc,cpu         ] GC(97) User=0.53s Sys=0.00s Real=0.09s
...[317.839s][info][gc,start       ] GC(98) Pause Young (Mixed) (G1 Evacuation Pause)
[317.839s][info][gc,task        ] GC(98) Using 6 workers of 6 for evacuation
[317.940s][info][gc,phases      ] GC(98)   Pre Evacuate Collection Set: 0.36ms
[317.940s][info][gc,phases      ] GC(98)   Merge Heap Roots: 0.39ms
[317.940s][info][gc,phases      ] GC(98)   Evacuate Collection Set: 100.03ms
[317.940s][info][gc,phases      ] GC(98)   Post Evacuate Collection Set: 0.79ms
[317.940s][info][gc,phases      ] GC(98)   Other: 0.08ms
[317.940s][info][gc,heap        ] GC(98) Eden regions: 1014->0(1032)
[317.940s][info][gc,heap        ] GC(98) Survivor regions: 79->92(137)
[317.940s][info][gc,heap        ] GC(98) Old regions: 498->518
[317.940s][info][gc,heap        ] GC(98) Humongous regions: 77->77
[317.940s][info][gc,metaspace   ] GC(98) Metaspace: 28839K(29248K)->28839K(29248K) NonClass: 23955K(24128K)->23955K(24128K) Class: 4884K(5120K)->4884K(5120K)
[317.940s][info][gc             ] GC(98) Pause Young (Mixed) (G1 Evacuation Pause) 3331M->1370M(4096M) 101.766ms
[317.940s][info][gc,cpu         ] GC(98) User=0.60s Sys=0.00s Real=0.10s
. (rIR:aIR:PR = 4619:4592:4590) (tPR = 74859) [OK] 
   318s:       rampup IR =   5774 .[320.258s][info][gc,start       ] GC(99) Pause Young (Mixed) (G1 Evacuation Pause)
[320.258s][info][gc,task        ] GC(99) Using 6 workers of 6 for evacuation
[320.369s][info][gc,phases      ] GC(99)   Pre Evacuate Collection Set: 0.38ms
[320.369s][info][gc,phases      ] GC(99)   Merge Heap Roots: 0.37ms
[320.369s][info][gc,phases      ] GC(99)   Evacuate Collection Set: 108.71ms
[320.369s][info][gc,phases      ] GC(99)   Merge Optional Heap Roots: 0.03ms
[320.369s][info][gc,phases      ] GC(99)   Evacuate Optional Collection Set: 0.57ms
[320.369s][info][gc,phases      ] GC(99)   Post Evacuate Collection Set: 0.93ms
[320.369s][info][gc,phases      ] GC(99)   Other: 0.11ms
[320.369s][info][gc,heap        ] GC(99) Eden regions: 1065->0(1067)
[320.369s][info][gc,heap        ] GC(99) Survivor regions: 92->99(145)
[320.369s][info][gc,heap        ] GC(99) Old regions: 518->540
[320.369s][info][gc,heap        ] GC(99) Humongous regions: 77->77
[320.369s][info][gc,metaspace   ] GC(99) Metaspace: 28842K(29248K)->28842K(29248K) NonClass: 23958K(24128K)->23958K(24128K) Class: 4884K(5120K)->4884K(5120K)
[320.369s][info][gc             ] GC(99) Pause Young (Mixed) (G1 Evacuation Pause) 3500M->1428M(4096M) 111.230ms
[320.369s][info][gc,cpu         ] GC(99) User=0.65s Sys=0.00s Real=0.11s
... (rIR:aIR:PR = 5774:5781:5781) (tPR = 93683) [OK] 
   322s:       rampup IR =   6929 [322.860s][info][gc,start       ] GC(100) Pause Young (Mixed) (G1 Evacuation Pause)
[322.860s][info][gc,task        ] GC(100) Using 6 workers of 6 for evacuation
[322.979s][info][gc,phases      ] GC(100)   Pre Evacuate Collection Set: 0.39ms
[322.979s][info][gc,phases      ] GC(100)   Merge Heap Roots: 0.41ms
[322.979s][info][gc,phases      ] GC(100)   Evacuate Collection Set: 116.43ms
[322.979s][info][gc,phases      ] GC(100)   Post Evacuate Collection Set: 1.00ms
[322.979s][info][gc,phases      ] GC(100)   Other: 0.08ms
[322.979s][info][gc,heap        ] GC(100) Eden regions: 1067->0(1065)
[322.979s][info][gc,heap        ] GC(100) Survivor regions: 99->106(146)
[322.979s][info][gc,heap        ] GC(100) Old regions: 540->559
[322.979s][info][gc,heap        ] GC(100) Humongous regions: 77->77
[322.979s][info][gc,metaspace   ] GC(100) Metaspace: 28848K(29248K)->28848K(29248K) NonClass: 23963K(24128K)->23963K(24128K) Class: 4884K(5120K)->4884K(5120K)
[322.979s][info][gc             ] GC(100) Pause Young (Mixed) (G1 Evacuation Pause) 3562M->1481M(4096M) 118.452ms
[322.979s][info][gc,cpu         ] GC(100) User=0.70s Sys=0.00s Real=0.12s
..[325.233s][info][gc,start       ] GC(101) Pause Young (Concurrent Start) (G1 Evacuation Pause)
[325.233s][info][gc,task        ] GC(101) Using 6 workers of 6 for evacuation
[325.351s][info][gc,phases      ] GC(101)   Pre Evacuate Collection Set: 0.43ms
[325.351s][info][gc,phases      ] GC(101)   Merge Heap Roots: 0.44ms
[325.351s][info][gc,phases      ] GC(101)   Evacuate Collection Set: 115.96ms
[325.351s][info][gc,phases      ] GC(101)   Post Evacuate Collection Set: 1.00ms
[325.351s][info][gc,phases      ] GC(101)   Other: 0.13ms
[325.351s][info][gc,heap        ] GC(101) Eden regions: 1065->0(1049)
[325.351s][info][gc,heap        ] GC(101) Survivor regions: 106->107(147)
[325.351s][info][gc,heap        ] GC(101) Old regions: 559->594
[325.351s][info][gc,heap        ] GC(101) Humongous regions: 77->77
[325.351s][info][gc,metaspace   ] GC(101) Metaspace: 28848K(29248K)->28848K(29248K) NonClass: 23963K(24128K)->23963K(24128K) Class: 4884K(5120K)->4884K(5120K)
[325.351s][info][gc             ] GC(101) Pause Young (Concurrent Start) (G1 Evacuation Pause) 3611M->1553M(4096M) 118.093ms
[325.351s][info][gc             ] GC(102) Concurrent Mark Cycle
[325.351s][info][gc,marking     ] GC(102) Concurrent Scan Root Regions
[325.351s][info][gc,cpu         ] GC(101) User=0.69s Sys=0.00s Real=0.12s
[325.511s][info][gc,marking     ] GC(102) Concurrent Scan Root Regions 159.702ms
[325.511s][info][gc,marking     ] GC(102) Concurrent Mark
[325.511s][info][gc,marking     ] GC(102) Concurrent Mark From Roots
[325.511s][info][gc,task        ] GC(102) Using 2 workers of 2 for marking
.[326.112s][info][gc,marking     ] GC(102) Concurrent Mark From Roots 600.786ms
[326.112s][info][gc,marking     ] GC(102) Concurrent Preclean
[326.112s][info][gc,marking     ] GC(102) Concurrent Preclean 0.084ms
[326.112s][info][gc,start       ] GC(102) Pause Remark
[326.118s][info][gc             ] GC(102) Pause Remark 2270M->2270M(4096M) 5.786ms
[326.118s][info][gc,cpu         ] GC(102) User=0.04s Sys=0.00s Real=0.01s
[326.118s][info][gc,marking     ] GC(102) Concurrent Mark 607.255ms
[326.118s][info][gc,marking     ] GC(102) Concurrent Rebuild Remembered Sets and Scrub Regions
[326.351s][info][gc,marking     ] GC(102) Concurrent Rebuild Remembered Sets and Scrub Regions 232.326ms
[326.352s][info][gc,start       ] GC(102) Pause Cleanup
[326.352s][info][gc             ] GC(102) Pause Cleanup 2481M->2481M(4096M) 0.196ms
[326.352s][info][gc,cpu         ] GC(102) User=0.00s Sys=0.00s Real=0.00s
[326.352s][info][gc,marking     ] GC(102) Concurrent Clear Claimed Marks
[326.352s][info][gc,marking     ] GC(102) Concurrent Clear Claimed Marks 0.035ms
[326.352s][info][gc,marking     ] GC(102) Concurrent Cleanup for Next Mark
[326.361s][info][gc,marking     ] GC(102) Concurrent Cleanup for Next Mark 8.609ms
[326.361s][info][gc             ] GC(102) Concurrent Mark Cycle 1009.599ms
. (rIR:aIR:PR = 6929:6852:6852) (tPR = 102799) [OK] 
   326s:       rampup IR =   8084 [327.467s][info][gc,start       ] GC(103) Pause Young (Prepare Mixed) (G1 Evacuation Pause)
[327.467s][info][gc,task        ] GC(103) Using 6 workers of 6 for evacuation
[327.587s][info][gc,phases      ] GC(103)   Pre Evacuate Collection Set: 0.36ms
[327.587s][info][gc,phases      ] GC(103)   Merge Heap Roots: 0.50ms
[327.587s][info][gc,phases      ] GC(103)   Evacuate Collection Set: 118.09ms
[327.587s][info][gc,phases      ] GC(103)   Post Evacuate Collection Set: 1.01ms
[327.587s][info][gc,phases      ] GC(103)   Other: 0.08ms
[327.587s][info][gc,heap        ] GC(103) Eden regions: 1049->0(1022)
[327.587s][info][gc,heap        ] GC(103) Survivor regions: 107->109(145)
[327.587s][info][gc,heap        ] GC(103) Old regions: 594->628
[327.587s][info][gc,heap        ] GC(103) Humongous regions: 77->77
[327.587s][info][gc,metaspace   ] GC(103) Metaspace: 28848K(29248K)->28848K(29248K) NonClass: 23964K(24128K)->23964K(24128K) Class: 4884K(5120K)->4884K(5120K)
[327.587s][info][gc             ] GC(103) Pause Young (Prepare Mixed) (G1 Evacuation Pause) 3651M->1624M(4096M) 120.178ms
[327.587s][info][gc,cpu         ] GC(103) User=0.71s Sys=0.00s Real=0.12s
..[329.579s][info][gc,start       ] GC(104) Pause Young (Mixed) (G1 Evacuation Pause)
[329.579s][info][gc,task        ] GC(104) Using 6 workers of 6 for evacuation
[329.711s][info][gc,phases      ] GC(104)   Pre Evacuate Collection Set: 0.44ms
[329.711s][info][gc,phases      ] GC(104)   Merge Heap Roots: 0.51ms
[329.711s][info][gc,phases      ] GC(104)   Evacuate Collection Set: 128.42ms
[329.711s][info][gc,phases      ] GC(104)   Merge Optional Heap Roots: 0.04ms
[329.711s][info][gc,phases      ] GC(104)   Evacuate Optional Collection Set: 1.49ms
[329.711s][info][gc,phases      ] GC(104)   Post Evacuate Collection Set: 1.15ms
[329.711s][info][gc,phases      ] GC(104)   Other: 0.11ms
[329.711s][info][gc,heap        ] GC(104) Eden regions: 1022->0(1121)
[329.711s][info][gc,heap        ] GC(104) Survivor regions: 109->107(142)
[329.711s][info][gc,heap        ] GC(104) Old regions: 628->476
[329.711s][info][gc,heap        ] GC(104) Humongous regions: 77->77
[329.711s][info][gc,metaspace   ] GC(104) Metaspace: 28848K(29248K)->28848K(29248K) NonClass: 23964K(24128K)->23964K(24128K) Class: 4884K(5120K)->4884K(5120K)
[329.711s][info][gc             ] GC(104) Pause Young (Mixed) (G1 Evacuation Pause) 3668M->1317M(4096M) 132.298ms
[329.711s][info][gc,cpu         ] GC(104) User=0.79s Sys=0.00s Real=0.13s
.. (rIR:aIR:PR = 8084:8052:8225) (tPR = 125114) [OK] 
   330s:       rampup IR =   9238 .[331.849s][info][gc,start       ] GC(105) Pause Young (Mixed) (G1 Evacuation Pause)
[331.849s][info][gc,task        ] GC(105) Using 6 workers of 6 for evacuation
[331.973s][info][gc,phases      ] GC(105)   Pre Evacuate Collection Set: 0.35ms
[331.973s][info][gc,phases      ] GC(105)   Merge Heap Roots: 0.51ms
[331.973s][info][gc,phases      ] GC(105)   Evacuate Collection Set: 122.20ms
[331.973s][info][gc,phases      ] GC(105)   Post Evacuate Collection Set: 1.10ms
[331.973s][info][gc,phases      ] GC(105)   Other: 0.10ms
[331.973s][info][gc,heap        ] GC(105) Eden regions: 1121->0(1116)
[331.973s][info][gc,heap        ] GC(105) Survivor regions: 107->112(154)
[331.973s][info][gc,heap        ] GC(105) Old regions: 476->491
[331.973s][info][gc,heap        ] GC(105) Humongous regions: 77->77
[331.973s][info][gc,metaspace   ] GC(105) Metaspace: 28849K(29248K)->28849K(29248K) NonClass: 23964K(24128K)->23964K(24128K) Class: 4884K(5120K)->4884K(5120K)
[331.973s][info][gc             ] GC(105) Pause Young (Mixed) (G1 Evacuation Pause) 3559M->1358M(4096M) 124.397ms
[331.973s][info][gc,cpu         ] GC(105) User=0.74s Sys=0.00s Real=0.12s
..[333.801s][info][gc,start       ] GC(106) Pause Young (Concurrent Start) (G1 Evacuation Pause)
[333.801s][info][gc,task        ] GC(106) Using 6 workers of 6 for evacuation
[333.921s][info][gc,phases      ] GC(106)   Pre Evacuate Collection Set: 0.41ms
[333.921s][info][gc,phases      ] GC(106)   Merge Heap Roots: 0.44ms
[333.921s][info][gc,phases      ] GC(106)   Evacuate Collection Set: 118.64ms
[333.921s][info][gc,phases      ] GC(106)   Post Evacuate Collection Set: 0.95ms
[333.921s][info][gc,phases      ] GC(106)   Other: 0.10ms
[333.921s][info][gc,heap        ] GC(106) Eden regions: 1116->0(1115)
[333.921s][info][gc,heap        ] GC(106) Survivor regions: 112->113(154)
[333.921s][info][gc,heap        ] GC(106) Old regions: 491->522
[333.921s][info][gc,heap        ] GC(106) Humongous regions: 77->77
[333.921s][info][gc,metaspace   ] GC(106) Metaspace: 28851K(29248K)->28851K(29248K) NonClass: 23966K(24128K)->23966K(24128K) Class: 4884K(5120K)->4884K(5120K)
[333.921s][info][gc             ] GC(106) Pause Young (Concurrent Start) (G1 Evacuation Pause) 3590M->1421M(4096M) 120.679ms
[333.922s][info][gc             ] GC(107) Concurrent Mark Cycle
[333.922s][info][gc,marking     ] GC(107) Concurrent Scan Root Regions
[333.922s][info][gc,cpu         ] GC(106) User=0.71s Sys=0.00s Real=0.12s
[334.110s][info][gc,marking     ] GC(107) Concurrent Scan Root Regions 188.407ms
[334.110s][info][gc,marking     ] GC(107) Concurrent Mark
[334.110s][info][gc,marking     ] GC(107) Concurrent Mark From Roots
[334.110s][info][gc,task        ] GC(107) Using 2 workers of 2 for marking
.[334.807s][info][gc,marking     ] GC(107) Concurrent Mark From Roots 696.676ms
[334.807s][info][gc,marking     ] GC(107) Concurrent Preclean
[334.807s][info][gc,marking     ] GC(107) Concurrent Preclean 0.123ms
[334.808s][info][gc,start       ] GC(107) Pause Remark
[334.814s][info][gc             ] GC(107) Pause Remark 2261M->2261M(4096M) 5.621ms
[334.814s][info][gc,cpu         ] GC(107) User=0.03s Sys=0.00s Real=0.00s
[334.814s][info][gc,marking     ] GC(107) Concurrent Mark 704.208ms
[334.814s][info][gc,marking     ] GC(107) Concurrent Rebuild Remembered Sets and Scrub Regions
[335.129s][info][gc,marking     ] GC(107) Concurrent Rebuild Remembered Sets and Scrub Regions 315.214ms
[335.131s][info][gc,start       ] GC(107) Pause Cleanup
[335.131s][info][gc             ] GC(107) Pause Cleanup 2489M->2489M(4096M) 0.169ms
[335.131s][info][gc,cpu         ] GC(107) User=0.00s Sys=0.00s Real=0.00s
[335.131s][info][gc,marking     ] GC(107) Concurrent Clear Claimed Marks
[335.132s][info][gc,marking     ] GC(107) Concurrent Clear Claimed Marks 0.041ms
[335.132s][info][gc,marking     ] GC(107) Concurrent Cleanup for Next Mark
[335.144s][info][gc,marking     ] GC(107) Concurrent Cleanup for Next Mark 12.191ms
[335.144s][info][gc             ] GC(107) Concurrent Mark Cycle 1222.273ms
[335.878s][info][gc,start       ] GC(108) Pause Young (Prepare Mixed) (G1 Evacuation Pause)
[335.878s][info][gc,task        ] GC(108) Using 6 workers of 6 for evacuation
[336.039s][info][gc,phases      ] GC(108)   Pre Evacuate Collection Set: 0.38ms
[336.039s][info][gc,phases      ] GC(108)   Merge Heap Roots: 0.50ms
[336.039s][info][gc,phases      ] GC(108)   Evacuate Collection Set: 159.52ms
[336.039s][info][gc,phases      ] GC(108)   Post Evacuate Collection Set: 0.90ms
[336.039s][info][gc,phases      ] GC(108)   Other: 0.10ms
[336.039s][info][gc,heap        ] GC(108) Eden regions: 1115->0(1089)
[336.039s][info][gc,heap        ] GC(108) Survivor regions: 113->111(154)
[336.039s][info][gc,heap        ] GC(108) Old regions: 522->557
[336.039s][info][gc,heap        ] GC(108) Humongous regions: 77->77
[336.039s][info][gc,metaspace   ] GC(108) Metaspace: 28852K(29248K)->28852K(29248K) NonClass: 23967K(24128K)->23967K(24128K) Class: 4884K(5120K)->4884K(5120K)
[336.039s][info][gc             ] GC(108) Pause Young (Prepare Mixed) (G1 Evacuation Pause) 3651M->1487M(4096M) 161.525ms
[336.040s][info][gc,cpu         ] GC(108) User=0.72s Sys=0.00s Real=0.16s
..[337.694s][info][gc,start       ] GC(109) Pause Young (Mixed) (G1 Evacuation Pause)
[337.694s][info][gc,task        ] GC(109) Using 6 workers of 6 for evacuation
[337.844s][info][gc,phases      ] GC(109)   Pre Evacuate Collection Set: 0.40ms
[337.844s][info][gc,phases      ] GC(109)   Merge Heap Roots: 0.72ms
[337.844s][info][gc,phases      ] GC(109)   Evacuate Collection Set: 146.94ms
[337.844s][info][gc,phases      ] GC(109)   Post Evacuate Collection Set: 1.00ms
[337.844s][info][gc,phases      ] GC(109)   Other: 0.09ms
[337.844s][info][gc,heap        ] GC(109) Eden regions: 1089->0(1117)
[337.844s][info][gc,heap        ] GC(109) Survivor regions: 111->111(150)
[337.844s][info][gc,heap        ] GC(109) Old regions: 557->461
[337.844s][info][gc,heap        ] GC(109) Humongous regions: 77->77
[337.844s][info][gc,metaspace   ] GC(109) Metaspace: 28852K(29248K)->28852K(29248K) NonClass: 23967K(24128K)->23967K(24128K) Class: 4884K(5120K)->4884K(5120K)
[337.844s][info][gc             ] GC(109) Pause Young (Mixed) (G1 Evacuation Pause) 3665M->1296M(4096M) 149.303ms
[337.844s][info][gc,cpu         ] GC(109) User=0.89s Sys=0.00s Real=0.15s
.. (rIR:aIR:PR = 9238:9382:9382) (tPR = 145777) [OK] 
   338s:       rampup IR =  10393 [339.615s][info][gc,start       ] GC(110) Pause Young (Concurrent Start) (G1 Evacuation Pause)
[339.616s][info][gc,task        ] GC(110) Using 6 workers of 6 for evacuation
[339.733s][info][gc,phases      ] GC(110)   Pre Evacuate Collection Set: 0.40ms
[339.733s][info][gc,phases      ] GC(110)   Merge Heap Roots: 0.51ms
[339.733s][info][gc,phases      ] GC(110)   Evacuate Collection Set: 115.45ms
[339.733s][info][gc,phases      ] GC(110)   Post Evacuate Collection Set: 0.89ms
[339.733s][info][gc,phases      ] GC(110)   Other: 0.15ms
[339.733s][info][gc,heap        ] GC(110) Eden regions: 1117->0(1120)
[339.733s][info][gc,heap        ] GC(110) Survivor regions: 111->108(154)
[339.733s][info][gc,heap        ] GC(110) Old regions: 461->493
[339.733s][info][gc,heap        ] GC(110) Humongous regions: 77->77
[339.733s][info][gc,metaspace   ] GC(110) Metaspace: 28852K(29248K)->28852K(29248K) NonClass: 23967K(24128K)->23967K(24128K) Class: 4884K(5120K)->4884K(5120K)
[339.733s][info][gc             ] GC(110) Pause Young (Concurrent Start) (G1 Evacuation Pause) 3530M->1353M(4096M) 117.533ms
[339.733s][info][gc             ] GC(111) Concurrent Mark Cycle
[339.733s][info][gc,marking     ] GC(111) Concurrent Scan Root Regions
[339.733s][info][gc,cpu         ] GC(110) User=0.70s Sys=0.00s Real=0.12s
[339.886s][info][gc,marking     ] GC(111) Concurrent Scan Root Regions 152.646ms
[339.905s][info][gc,marking     ] GC(111) Concurrent Mark
[339.905s][info][gc,marking     ] GC(111) Concurrent Mark From Roots
[339.905s][info][gc,task        ] GC(111) Using 2 workers of 2 for marking
.[340.573s][info][gc,marking     ] GC(111) Concurrent Mark From Roots 667.404ms
[340.573s][info][gc,marking     ] GC(111) Concurrent Preclean
[340.573s][info][gc,marking     ] GC(111) Concurrent Preclean 0.104ms
[340.575s][info][gc,start       ] GC(111) Pause Remark
[340.579s][info][gc             ] GC(111) Pause Remark 2107M->2107M(4096M) 4.642ms
[340.579s][info][gc,cpu         ] GC(111) User=0.03s Sys=0.00s Real=0.01s
[340.580s][info][gc,marking     ] GC(111) Concurrent Mark 674.460ms
[340.580s][info][gc,marking     ] GC(111) Concurrent Rebuild Remembered Sets and Scrub Regions
[340.860s][info][gc,marking     ] GC(111) Concurrent Rebuild Remembered Sets and Scrub Regions 280.327ms
[340.860s][info][gc,start       ] GC(111) Pause Cleanup
[340.860s][info][gc             ] GC(111) Pause Cleanup 2423M->2423M(4096M) 0.123ms
[340.860s][info][gc,cpu         ] GC(111) User=0.00s Sys=0.00s Real=0.00s
[340.860s][info][gc,marking     ] GC(111) Concurrent Clear Claimed Marks
[340.860s][info][gc,marking     ] GC(111) Concurrent Clear Claimed Marks 0.028ms
[340.860s][info][gc,marking     ] GC(111) Concurrent Cleanup for Next Mark
[340.865s][info][gc,marking     ] GC(111) Concurrent Cleanup for Next Mark 4.619ms
[340.865s][info][gc             ] GC(111) Concurrent Mark Cycle 1132.012ms
.[341.652s][info][gc,start       ] GC(112) Pause Young (Prepare Mixed) (G1 Evacuation Pause)
[341.652s][info][gc,task        ] GC(112) Using 6 workers of 6 for evacuation
[341.773s][info][gc,phases      ] GC(112)   Pre Evacuate Collection Set: 0.36ms
[341.773s][info][gc,phases      ] GC(112)   Merge Heap Roots: 0.51ms
[341.773s][info][gc,phases      ] GC(112)   Evacuate Collection Set: 119.29ms
[341.773s][info][gc,phases      ] GC(112)   Post Evacuate Collection Set: 0.93ms
[341.773s][info][gc,phases      ] GC(112)   Other: 0.08ms
[341.773s][info][gc,heap        ] GC(112) Eden regions: 1120->0(1116)
[341.773s][info][gc,heap        ] GC(112) Survivor regions: 108->112(154)
[341.773s][info][gc,heap        ] GC(112) Old regions: 493->525
[341.773s][info][gc,heap        ] GC(112) Humongous regions: 77->77
[341.773s][info][gc,metaspace   ] GC(112) Metaspace: 28852K(29248K)->28852K(29248K) NonClass: 23967K(24128K)->23967K(24128K) Class: 4884K(5120K)->4884K(5120K)
[341.773s][info][gc             ] GC(112) Pause Young (Prepare Mixed) (G1 Evacuation Pause) 3593M->1425M(4096M) 121.314ms
[341.773s][info][gc,cpu         ] GC(112) User=0.71s Sys=0.01s Real=0.12s
.[343.283s][info][gc,start       ] GC(113) Pause Young (Mixed) (G1 Evacuation Pause)
[343.283s][info][gc,task        ] GC(113) Using 6 workers of 6 for evacuation
[343.424s][info][gc,phases      ] GC(113)   Pre Evacuate Collection Set: 0.40ms
[343.424s][info][gc,phases      ] GC(113)   Merge Heap Roots: 0.63ms
[343.424s][info][gc,phases      ] GC(113)   Evacuate Collection Set: 139.79ms
[343.424s][info][gc,phases      ] GC(113)   Post Evacuate Collection Set: 0.91ms
[343.424s][info][gc,phases      ] GC(113)   Other: 0.09ms
[343.424s][info][gc,heap        ] GC(113) Eden regions: 1116->0(1113)
[343.424s][info][gc,heap        ] GC(113) Survivor regions: 112->115(154)
[343.424s][info][gc,heap        ] GC(113) Old regions: 525->463
[343.424s][info][gc,heap        ] GC(113) Humongous regions: 77->77
[343.424s][info][gc,metaspace   ] GC(113) Metaspace: 28852K(29248K)->28852K(29248K) NonClass: 23967K(24128K)->23967K(24128K) Class: 4884K(5120K)->4884K(5120K)
[343.424s][info][gc             ] GC(113) Pause Young (Mixed) (G1 Evacuation Pause) 3657M->1306M(4096M) 141.952ms
[343.425s][info][gc,cpu         ] GC(113) User=0.84s Sys=0.00s Real=0.14s
.. (rIR:aIR:PR = 10393:10606:10715) (tPR = 160635) [OK] 
   344s:       rampup IR =  11548 [345.078s][info][gc,start       ] GC(114) Pause Young (Concurrent Start) (G1 Evacuation Pause)
[345.078s][info][gc,task        ] GC(114) Using 6 workers of 6 for evacuation
[345.201s][info][gc,phases      ] GC(114)   Pre Evacuate Collection Set: 0.42ms
[345.201s][info][gc,phases      ] GC(114)   Merge Heap Roots: 0.53ms
[345.201s][info][gc,phases      ] GC(114)   Evacuate Collection Set: 119.98ms
[345.201s][info][gc,phases      ] GC(114)   Post Evacuate Collection Set: 0.90ms
[345.201s][info][gc,phases      ] GC(114)   Other: 0.92ms
[345.201s][info][gc,heap        ] GC(114) Eden regions: 1113->0(1115)
[345.201s][info][gc,heap        ] GC(114) Survivor regions: 115->113(154)
[345.201s][info][gc,heap        ] GC(114) Old regions: 463->495
[345.201s][info][gc,heap        ] GC(114) Humongous regions: 77->77
[345.201s][info][gc,metaspace   ] GC(114) Metaspace: 28853K(29248K)->28853K(29248K) NonClass: 23968K(24128K)->23968K(24128K) Class: 4884K(5120K)->4884K(5120K)
[345.201s][info][gc             ] GC(114) Pause Young (Concurrent Start) (G1 Evacuation Pause) 3532M->1367M(4096M) 122.882ms
[345.201s][info][gc             ] GC(115) Concurrent Mark Cycle
[345.201s][info][gc,marking     ] GC(115) Concurrent Scan Root Regions
[345.201s][info][gc,cpu         ] GC(114) User=0.72s Sys=0.00s Real=0.12s
[345.356s][info][gc,marking     ] GC(115) Concurrent Scan Root Regions 155.266ms
[345.356s][info][gc,marking     ] GC(115) Concurrent Mark
[345.356s][info][gc,marking     ] GC(115) Concurrent Mark From Roots
[345.356s][info][gc,task        ] GC(115) Using 2 workers of 2 for marking
.[346.102s][info][gc,marking     ] GC(115) Concurrent Mark From Roots 745.178ms
[346.102s][info][gc,marking     ] GC(115) Concurrent Preclean
[346.102s][info][gc,marking     ] GC(115) Concurrent Preclean 0.105ms
[346.104s][info][gc,start       ] GC(115) Pause Remark
[346.109s][info][gc             ] GC(115) Pause Remark 2229M->2229M(4096M) 4.491ms
[346.109s][info][gc,cpu         ] GC(115) User=0.02s Sys=0.00s Real=0.01s
[346.110s][info][gc,marking     ] GC(115) Concurrent Mark 753.122ms
[346.110s][info][gc,marking     ] GC(115) Concurrent Rebuild Remembered Sets and Scrub Regions
[346.367s][info][gc,marking     ] GC(115) Concurrent Rebuild Remembered Sets and Scrub Regions 257.600ms
[346.370s][info][gc,start       ] GC(115) Pause Cleanup
[346.370s][info][gc             ] GC(115) Pause Cleanup 2549M->2549M(4096M) 0.159ms
[346.370s][info][gc,cpu         ] GC(115) User=0.00s Sys=0.00s Real=0.00s
[346.370s][info][gc,marking     ] GC(115) Concurrent Clear Claimed Marks
[346.370s][info][gc,marking     ] GC(115) Concurrent Clear Claimed Marks 0.040ms
[346.370s][info][gc,marking     ] GC(115) Concurrent Cleanup for Next Mark
[346.423s][info][gc,marking     ] GC(115) Concurrent Cleanup for Next Mark 52.850ms
[346.423s][info][gc             ] GC(115) Concurrent Mark Cycle 1222.125ms
.[347.125s][info][gc,start       ] GC(116) Pause Young (Prepare Mixed) (G1 Evacuation Pause)
[347.125s][info][gc,task        ] GC(116) Using 6 workers of 6 for evacuation
[347.248s][info][gc,phases      ] GC(116)   Pre Evacuate Collection Set: 0.36ms
[347.248s][info][gc,phases      ] GC(116)   Merge Heap Roots: 0.52ms
[347.248s][info][gc,phases      ] GC(116)   Evacuate Collection Set: 120.85ms
[347.248s][info][gc,phases      ] GC(116)   Post Evacuate Collection Set: 0.98ms
[347.248s][info][gc,phases      ] GC(116)   Other: 0.09ms
[347.248s][info][gc,heap        ] GC(116) Eden regions: 1115->0(1112)
[347.248s][info][gc,heap        ] GC(116) Survivor regions: 113->114(154)
[347.248s][info][gc,heap        ] GC(116) Old regions: 495->528
[347.248s][info][gc,heap        ] GC(116) Humongous regions: 77->77
[347.248s][info][gc,metaspace   ] GC(116) Metaspace: 28853K(29248K)->28853K(29248K) NonClass: 23968K(24128K)->23968K(24128K) Class: 4884K(5120K)->4884K(5120K)
[347.248s][info][gc             ] GC(116) Pause Young (Prepare Mixed) (G1 Evacuation Pause) 3597M->1436M(4096M) 122.934ms
[347.248s][info][gc,cpu         ] GC(116) User=0.72s Sys=0.00s Real=0.13s
.[348.735s][info][gc,start       ] GC(117) Pause Young (Mixed) (G1 Evacuation Pause)
[348.735s][info][gc,task        ] GC(117) Using 6 workers of 6 for evacuation
[348.881s][info][gc,phases      ] GC(117)   Pre Evacuate Collection Set: 0.39ms
[348.881s][info][gc,phases      ] GC(117)   Merge Heap Roots: 0.71ms
[348.881s][info][gc,phases      ] GC(117)   Evacuate Collection Set: 143.76ms
[348.881s][info][gc,phases      ] GC(117)   Post Evacuate Collection Set: 1.03ms
[348.881s][info][gc,phases      ] GC(117)   Other: 0.09ms
[348.881s][info][gc,heap        ] GC(117) Eden regions: 1112->0(1109)
[348.881s][info][gc,heap        ] GC(117) Survivor regions: 114->119(154)
[348.881s][info][gc,heap        ] GC(117) Old regions: 528->466
[348.881s][info][gc,heap        ] GC(117) Humongous regions: 77->77
[348.881s][info][gc,metaspace   ] GC(117) Metaspace: 28853K(29248K)->28853K(29248K) NonClass: 23968K(24128K)->23968K(24128K) Class: 4884K(5120K)->4884K(5120K)
[348.881s][info][gc             ] GC(117) Pause Young (Mixed) (G1 Evacuation Pause) 3660M->1321M(4096M) 146.111ms
[348.881s][info][gc,cpu         ] GC(117) User=0.87s Sys=0.00s Real=0.15s
..[350.311s][info][gc,start       ] GC(118) Pause Young (Concurrent Start) (G1 Evacuation Pause)
[350.311s][info][gc,task        ] GC(118) Using 6 workers of 6 for evacuation
[350.435s][info][gc,phases      ] GC(118)   Pre Evacuate Collection Set: 0.41ms
[350.435s][info][gc,phases      ] GC(118)   Merge Heap Roots: 0.44ms
[350.435s][info][gc,phases      ] GC(118)   Evacuate Collection Set: 121.92ms
[350.435s][info][gc,phases      ] GC(118)   Post Evacuate Collection Set: 0.93ms
[350.435s][info][gc,phases      ] GC(118)   Other: 0.10ms
[350.435s][info][gc,heap        ] GC(118) Eden regions: 1109->0(1112)
[350.435s][info][gc,heap        ] GC(118) Survivor regions: 119->116(154)
[350.435s][info][gc,heap        ] GC(118) Old regions: 466->498
[350.435s][info][gc,heap        ] GC(118) Humongous regions: 77->77
[350.435s][info][gc,metaspace   ] GC(118) Metaspace: 28855K(29248K)->28855K(29248K) NonClass: 23970K(24128K)->23970K(24128K) Class: 4884K(5120K)->4884K(5120K)
[350.435s][info][gc             ] GC(118) Pause Young (Concurrent Start) (G1 Evacuation Pause) 3539M->1379M(4096M) 123.939ms
[350.435s][info][gc             ] GC(119) Concurrent Mark Cycle
[350.435s][info][gc,marking     ] GC(119) Concurrent Scan Root Regions
[350.435s][info][gc,cpu         ] GC(118) User=0.73s Sys=0.00s Real=0.12s
[350.591s][info][gc,marking     ] GC(119) Concurrent Scan Root Regions 155.230ms
[350.591s][info][gc,marking     ] GC(119) Concurrent Mark
[350.591s][info][gc,marking     ] GC(119) Concurrent Mark From Roots
[350.591s][info][gc,task        ] GC(119) Using 2 workers of 2 for marking
.[351.631s][info][gc,marking     ] GC(119) Concurrent Mark From Roots 1040.539ms
[351.631s][info][gc,marking     ] GC(119) Concurrent Preclean
[351.631s][info][gc,marking     ] GC(119) Concurrent Preclean 0.087ms
[351.637s][info][gc,start       ] GC(119) Pause Remark
[351.641s][info][gc             ] GC(119) Pause Remark 2269M->2269M(4096M) 4.072ms
[351.641s][info][gc,cpu         ] GC(119) User=0.02s Sys=0.00s Real=0.00s
[351.641s][info][gc,marking     ] GC(119) Concurrent Mark 1050.627ms
[351.641s][info][gc,marking     ] GC(119) Concurrent Rebuild Remembered Sets and Scrub Regions
[352.057s][info][gc,marking     ] GC(119) Concurrent Rebuild Remembered Sets and Scrub Regions 415.627ms
[352.058s][info][gc,start       ] GC(119) Pause Cleanup
[352.058s][info][gc             ] GC(119) Pause Cleanup 2644M->2644M(4096M) 0.155ms
[352.058s][info][gc,cpu         ] GC(119) User=0.00s Sys=0.00s Real=0.00s
[352.058s][info][gc,marking     ] GC(119) Concurrent Clear Claimed Marks
[352.058s][info][gc,marking     ] GC(119) Concurrent Clear Claimed Marks 0.036ms
[352.058s][info][gc,marking     ] GC(119) Concurrent Cleanup for Next Mark
[352.064s][info][gc,marking     ] GC(119) Concurrent Cleanup for Next Mark 5.347ms
[352.064s][info][gc             ] GC(119) Concurrent Mark Cycle 1628.372ms
.[352.581s][info][gc,start       ] GC(120) Pause Young (Prepare Mixed) (G1 Evacuation Pause)
[352.581s][info][gc,task        ] GC(120) Using 6 workers of 6 for evacuation
[352.705s][info][gc,phases      ] GC(120)   Pre Evacuate Collection Set: 0.36ms
[352.705s][info][gc,phases      ] GC(120)   Merge Heap Roots: 0.52ms
[352.705s][info][gc,phases      ] GC(120)   Evacuate Collection Set: 121.89ms
[352.705s][info][gc,phases      ] GC(120)   Post Evacuate Collection Set: 0.96ms
[352.705s][info][gc,phases      ] GC(120)   Other: 0.08ms
[352.705s][info][gc,heap        ] GC(120) Eden regions: 1112->0(1105)
[352.705s][info][gc,heap        ] GC(120) Survivor regions: 116->116(154)
[352.705s][info][gc,heap        ] GC(120) Old regions: 498->531
[352.705s][info][gc,heap        ] GC(120) Humongous regions: 77->77
[352.705s][info][gc,metaspace   ] GC(120) Metaspace: 28855K(29248K)->28855K(29248K) NonClass: 23970K(24128K)->23970K(24128K) Class: 4884K(5120K)->4884K(5120K)
[352.705s][info][gc             ] GC(120) Pause Young (Prepare Mixed) (G1 Evacuation Pause) 3603M->1445M(4096M) 123.941ms
[352.705s][info][gc,cpu         ] GC(120) User=0.74s Sys=0.00s Real=0.12s
.[354.143s][info][gc,start       ] GC(121) Pause Young (Mixed) (G1 Evacuation Pause)
[354.143s][info][gc,task        ] GC(121) Using 6 workers of 6 for evacuation
[354.281s][info][gc,phases      ] GC(121)   Pre Evacuate Collection Set: 0.41ms
[354.282s][info][gc,phases      ] GC(121)   Merge Heap Roots: 0.63ms
[354.282s][info][gc,phases      ] GC(121)   Evacuate Collection Set: 136.42ms
[354.282s][info][gc,phases      ] GC(121)   Post Evacuate Collection Set: 0.97ms
[354.282s][info][gc,phases      ] GC(121)   Other: 0.10ms
[354.282s][info][gc,heap        ] GC(121) Eden regions: 1105->0(1117)
[354.282s][info][gc,heap        ] GC(121) Survivor regions: 116->111(153)
[354.282s][info][gc,heap        ] GC(121) Old regions: 531->468
[354.282s][info][gc,heap        ] GC(121) Humongous regions: 77->77
[354.282s][info][gc,metaspace   ] GC(121) Metaspace: 28855K(29248K)->28855K(29248K) NonClass: 23970K(24128K)->23970K(24128K) Class: 4884K(5120K)->4884K(5120K)
[354.282s][info][gc             ] GC(121) Pause Young (Mixed) (G1 Evacuation Pause) 3655M->1308M(4096M) 138.680ms
[354.282s][info][gc,cpu         ] GC(121) User=0.82s Sys=0.00s Real=0.14s
.[355.698s][info][gc,start       ] GC(122) Pause Young (Concurrent Start) (G1 Evacuation Pause)
[355.698s][info][gc,task        ] GC(122) Using 6 workers of 6 for evacuation
[355.823s][info][gc,phases      ] GC(122)   Pre Evacuate Collection Set: 0.40ms
[355.823s][info][gc,phases      ] GC(122)   Merge Heap Roots: 0.47ms
[355.823s][info][gc,phases      ] GC(122)   Evacuate Collection Set: 122.58ms
[355.823s][info][gc,phases      ] GC(122)   Post Evacuate Collection Set: 0.91ms
[355.823s][info][gc,phases      ] GC(122)   Other: 0.11ms
[355.823s][info][gc,heap        ] GC(122) Eden regions: 1117->0(1109)
[355.823s][info][gc,heap        ] GC(122) Survivor regions: 111->119(154)
[355.823s][info][gc,heap        ] GC(122) Old regions: 468->497
[355.823s][info][gc,heap        ] GC(122) Humongous regions: 77->77
[355.823s][info][gc,metaspace   ] GC(122) Metaspace: 28858K(29248K)->28858K(29248K) NonClass: 23973K(24128K)->23973K(24128K) Class: 4884K(5120K)->4884K(5120K)
[355.823s][info][gc             ] GC(122) Pause Young (Concurrent Start) (G1 Evacuation Pause) 3542M->1383M(4096M) 124.597ms
[355.823s][info][gc             ] GC(123) Concurrent Mark Cycle
[355.823s][info][gc,marking     ] GC(123) Concurrent Scan Root Regions
[355.823s][info][gc,cpu         ] GC(122) User=0.74s Sys=0.00s Real=0.12s
[356.075s][info][gc,marking     ] GC(123) Concurrent Scan Root Regions 251.845ms
[356.075s][info][gc,marking     ] GC(123) Concurrent Mark
[356.075s][info][gc,marking     ] GC(123) Concurrent Mark From Roots
[356.075s][info][gc,task        ] GC(123) Using 2 workers of 2 for marking
.[356.781s][info][gc,marking     ] GC(123) Concurrent Mark From Roots 705.984ms
[356.781s][info][gc,marking     ] GC(123) Concurrent Preclean
[356.781s][info][gc,marking     ] GC(123) Concurrent Preclean 0.080ms
[356.782s][info][gc,start       ] GC(123) Pause Remark
[356.786s][info][gc             ] GC(123) Pause Remark 2115M->2115M(4096M) 4.589ms
[356.786s][info][gc,cpu         ] GC(123) User=0.02s Sys=0.00s Real=0.01s
[356.787s][info][gc,marking     ] GC(123) Concurrent Mark 711.890ms
[356.787s][info][gc,marking     ] GC(123) Concurrent Rebuild Remembered Sets and Scrub Regions
[357.092s][info][gc,marking     ] GC(123) Concurrent Rebuild Remembered Sets and Scrub Regions 305.847ms
[357.093s][info][gc,start       ] GC(123) Pause Cleanup
[357.093s][info][gc             ] GC(123) Pause Cleanup 2357M->2357M(4096M) 0.130ms
[357.093s][info][gc,cpu         ] GC(123) User=0.00s Sys=0.00s Real=0.00s
[357.093s][info][gc,marking     ] GC(123) Concurrent Clear Claimed Marks
[357.093s][info][gc,marking     ] GC(123) Concurrent Clear Claimed Marks 0.039ms
[357.093s][info][gc,marking     ] GC(123) Concurrent Cleanup for Next Mark
[357.097s][info][gc,marking     ] GC(123) Concurrent Cleanup for Next Mark 4.527ms
[357.098s][info][gc             ] GC(123) Concurrent Mark Cycle 1274.715ms
.[357.881s][info][gc,start       ] GC(124) Pause Young (Prepare Mixed) (G1 Evacuation Pause)
[357.881s][info][gc,task        ] GC(124) Using 6 workers of 6 for evacuation
[358.048s][info][gc,phases      ] GC(124)   Pre Evacuate Collection Set: 0.36ms
[358.048s][info][gc,phases      ] GC(124)   Merge Heap Roots: 0.49ms
[358.048s][info][gc,phases      ] GC(124)   Evacuate Collection Set: 164.67ms
[358.048s][info][gc,phases      ] GC(124)   Post Evacuate Collection Set: 1.02ms
[358.048s][info][gc,phases      ] GC(124)   Other: 0.08ms
[358.048s][info][gc,heap        ] GC(124) Eden regions: 1109->0(1101)
[358.048s][info][gc,heap        ] GC(124) Survivor regions: 119->118(154)
[358.048s][info][gc,heap        ] GC(124) Old regions: 497->531
[358.048s][info][gc,heap        ] GC(124) Humongous regions: 77->77
[358.048s][info][gc,metaspace   ] GC(124) Metaspace: 28861K(29248K)->28861K(29248K) NonClass: 23976K(24128K)->23976K(24128K) Class: 4884K(5120K)->4884K(5120K)
[358.048s][info][gc             ] GC(124) Pause Young (Prepare Mixed) (G1 Evacuation Pause) 3601M->1448M(4096M) 166.763ms
[358.048s][info][gc,cpu         ] GC(124) User=0.75s Sys=0.00s Real=0.17s
.[359.370s][info][gc,start       ] GC(125) Pause Young (Mixed) (G1 Evacuation Pause)
[359.370s][info][gc,task        ] GC(125) Using 6 workers of 6 for evacuation
[359.522s][info][gc,phases      ] GC(125)   Pre Evacuate Collection Set: 0.41ms
[359.522s][info][gc,phases      ] GC(125)   Merge Heap Roots: 0.63ms
[359.522s][info][gc,phases      ] GC(125)   Evacuate Collection Set: 149.85ms
[359.522s][info][gc,phases      ] GC(125)   Post Evacuate Collection Set: 1.02ms
[359.522s][info][gc,phases      ] GC(125)   Other: 0.09ms
[359.522s][info][gc,heap        ] GC(125) Eden regions: 1101->0(1102)
[359.522s][info][gc,heap        ] GC(125) Survivor regions: 118->126(153)
[359.522s][info][gc,heap        ] GC(125) Old regions: 531->468
[359.522s][info][gc,heap        ] GC(125) Humongous regions: 77->77
[359.522s][info][gc,metaspace   ] GC(125) Metaspace: 28861K(29248K)->28861K(29248K) NonClass: 23977K(24128K)->23977K(24128K) Class: 4884K(5120K)->4884K(5120K)
[359.522s][info][gc             ] GC(125) Pause Young (Mixed) (G1 Evacuation Pause) 3650M->1339M(4096M) 152.130ms
[359.522s][info][gc,cpu         ] GC(125) User=0.90s Sys=0.00s Real=0.15s
.[361.043s][info][gc,start       ] GC(126) Pause Young (Concurrent Start) (G1 Evacuation Pause)
[361.043s][info][gc,task        ] GC(126) Using 6 workers of 6 for evacuation
[361.171s][info][gc,phases      ] GC(126)   Pre Evacuate Collection Set: 0.43ms
[361.171s][info][gc,phases      ] GC(126)   Merge Heap Roots: 0.50ms
[361.171s][info][gc,phases      ] GC(126)   Evacuate Collection Set: 125.89ms
[361.171s][info][gc,phases      ] GC(126)   Post Evacuate Collection Set: 0.85ms
[361.171s][info][gc,phases      ] GC(126)   Other: 0.93ms
[361.171s][info][gc,heap        ] GC(126) Eden regions: 1102->0(1148)
[361.171s][info][gc,heap        ] GC(126) Survivor regions: 126->73(154)
[361.171s][info][gc,heap        ] GC(126) Old regions: 468->547
[361.171s][info][gc,heap        ] GC(126) Humongous regions: 77->77
[361.171s][info][gc,metaspace   ] GC(126) Metaspace: 28861K(29248K)->28861K(29248K) NonClass: 23977K(24128K)->23977K(24128K) Class: 4884K(5120K)->4884K(5120K)
[361.171s][info][gc             ] GC(126) Pause Young (Concurrent Start) (G1 Evacuation Pause) 3543M->1390M(4096M) 128.729ms
[361.171s][info][gc             ] GC(127) Concurrent Mark Cycle
[361.171s][info][gc,marking     ] GC(127) Concurrent Scan Root Regions
[361.171s][info][gc,cpu         ] GC(126) User=0.75s Sys=0.00s Real=0.13s
[361.395s][info][gc,marking     ] GC(127) Concurrent Scan Root Regions 223.428ms
[361.395s][info][gc,marking     ] GC(127) Concurrent Mark
[361.395s][info][gc,marking     ] GC(127) Concurrent Mark From Roots
[361.395s][info][gc,task        ] GC(127) Using 2 workers of 2 for marking
.[362.549s][info][gc,marking     ] GC(127) Concurrent Mark From Roots 1154.348ms
[362.549s][info][gc,marking     ] GC(127) Concurrent Preclean
[362.549s][info][gc,marking     ] GC(127) Concurrent Preclean 0.080ms
[362.551s][info][gc,start       ] GC(127) Pause Remark
[362.558s][info][gc             ] GC(127) Pause Remark 2916M->2916M(4096M) 7.410ms
[362.558s][info][gc,cpu         ] GC(127) User=0.05s Sys=0.00s Real=0.01s
[362.558s][info][gc,marking     ] GC(127) Concurrent Mark 1163.174ms
[362.558s][info][gc,marking     ] GC(127) Concurrent Rebuild Remembered Sets and Scrub Regions
[363.151s][info][gc,start       ] GC(128) Pause Young (Normal) (G1 Evacuation Pause)
[363.151s][info][gc,task        ] GC(128) Using 6 workers of 6 for evacuation
[363.255s][info][gc,phases      ] GC(128)   Pre Evacuate Collection Set: 0.34ms
[363.255s][info][gc,phases      ] GC(128)   Merge Heap Roots: 0.50ms
[363.255s][info][gc,phases      ] GC(128)   Evacuate Collection Set: 101.84ms
[363.255s][info][gc,phases      ] GC(128)   Post Evacuate Collection Set: 0.93ms
[363.255s][info][gc,phases      ] GC(128)   Other: 0.08ms
[363.255s][info][gc,heap        ] GC(128) Eden regions: 1148->0(1089)
[363.255s][info][gc,heap        ] GC(128) Survivor regions: 73->116(153)
[363.255s][info][gc,heap        ] GC(128) Old regions: 547->547
[363.255s][info][gc,heap        ] GC(128) Humongous regions: 77->77
[363.255s][info][gc,metaspace   ] GC(128) Metaspace: 28861K(29248K)->28861K(29248K) NonClass: 23977K(24128K)->23977K(24128K) Class: 4884K(5120K)->4884K(5120K)
[363.255s][info][gc             ] GC(128) Pause Young (Normal) (G1 Evacuation Pause) 3686M->1477M(4096M) 103.827ms
[363.255s][info][gc,cpu         ] GC(128) User=0.61s Sys=0.00s Real=0.10s
.[363.320s][info][gc,marking     ] GC(127) Concurrent Rebuild Remembered Sets and Scrub Regions 762.270ms
[363.321s][info][gc,start       ] GC(127) Pause Cleanup
[363.321s][info][gc             ] GC(127) Pause Cleanup 1543M->1543M(4096M) 0.127ms
[363.321s][info][gc,cpu         ] GC(127) User=0.00s Sys=0.00s Real=0.00s
[363.321s][info][gc,marking     ] GC(127) Concurrent Clear Claimed Marks
[363.321s][info][gc,marking     ] GC(127) Concurrent Clear Claimed Marks 0.028ms
[363.321s][info][gc,marking     ] GC(127) Concurrent Cleanup for Next Mark
[363.326s][info][gc,marking     ] GC(127) Concurrent Cleanup for Next Mark 5.109ms
[363.326s][info][gc             ] GC(127) Concurrent Mark Cycle 2154.578ms
.[364.773s][info][gc,start       ] GC(129) Pause Young (Prepare Mixed) (G1 Evacuation Pause)
[364.773s][info][gc,task        ] GC(129) Using 6 workers of 6 for evacuation
[364.952s][info][gc,phases      ] GC(129)   Pre Evacuate Collection Set: 0.34ms
[364.952s][info][gc,phases      ] GC(129)   Merge Heap Roots: 0.49ms
[364.952s][info][gc,phases      ] GC(129)   Evacuate Collection Set: 177.24ms
[364.952s][info][gc,phases      ] GC(129)   Post Evacuate Collection Set: 0.93ms
[364.952s][info][gc,phases      ] GC(129)   Other: 0.09ms
[364.952s][info][gc,heap        ] GC(129) Eden regions: 1089->0(1065)
[364.952s][info][gc,heap        ] GC(129) Survivor regions: 116->82(151)
[364.952s][info][gc,heap        ] GC(129) Old regions: 547->625
[364.952s][info][gc,heap        ] GC(129) Humongous regions: 77->77
[364.952s][info][gc,metaspace   ] GC(129) Metaspace: 28861K(29248K)->28861K(29248K) NonClass: 23977K(24128K)->23977K(24128K) Class: 4884K(5120K)->4884K(5120K)
[364.952s][info][gc             ] GC(129) Pause Young (Prepare Mixed) (G1 Evacuation Pause) 3655M->1566M(4096M) 179.218ms
[364.952s][info][gc,cpu         ] GC(129) User=0.82s Sys=0.00s Real=0.18s
.[366.313s][info][gc,start       ] GC(130) Pause Young (Mixed) (G1 Evacuation Pause)
[366.313s][info][gc,task        ] GC(130) Using 6 workers of 6 for evacuation
[366.428s][info][gc,phases      ] GC(130)   Pre Evacuate Collection Set: 0.42ms
[366.428s][info][gc,phases      ] GC(130)   Merge Heap Roots: 0.74ms
[366.428s][info][gc,phases      ] GC(130)   Evacuate Collection Set: 112.70ms
[366.428s][info][gc,phases      ] GC(130)   Post Evacuate Collection Set: 0.97ms
[366.428s][info][gc,phases      ] GC(130)   Other: 0.84ms
[366.428s][info][gc,heap        ] GC(130) Eden regions: 1065->0(1128)
[366.428s][info][gc,heap        ] GC(130) Survivor regions: 82->71(144)
[366.428s][info][gc,heap        ] GC(130) Old regions: 625->568
[366.428s][info][gc,heap        ] GC(130) Humongous regions: 77->77
[366.428s][info][gc,metaspace   ] GC(130) Metaspace: 28861K(29248K)->28861K(29248K) NonClass: 23977K(24128K)->23977K(24128K) Class: 4884K(5120K)->4884K(5120K)
[366.429s][info][gc             ] GC(130) Pause Young (Mixed) (G1 Evacuation Pause) 3696M->1429M(4096M) 115.815ms
[366.429s][info][gc,cpu         ] GC(130) User=0.68s Sys=0.00s Real=0.12s
[367.782s][info][gc,start       ] GC(131) Pause Young (Concurrent Start) (G1 Evacuation Pause)
[367.782s][info][gc,task        ] GC(131) Using 6 workers of 6 for evacuation
[367.938s][info][gc,phases      ] GC(131)   Pre Evacuate Collection Set: 0.37ms
[367.938s][info][gc,phases      ] GC(131)   Merge Heap Roots: 0.49ms
[367.938s][info][gc,phases      ] GC(131)   Evacuate Collection Set: 153.46ms
[367.938s][info][gc,phases      ] GC(131)   Post Evacuate Collection Set: 0.87ms
[367.938s][info][gc,phases      ] GC(131)   Other: 0.11ms
[367.938s][info][gc,heap        ] GC(131) Eden regions: 1128->0(1040)
[367.938s][info][gc,heap        ] GC(131) Survivor regions: 71->130(150)
[367.938s][info][gc,heap        ] GC(131) Old regions: 568->568
[367.938s][info][gc,heap        ] GC(131) Humongous regions: 77->77
[367.938s][info][gc,metaspace   ] GC(131) Metaspace: 28864K(29248K)->28864K(29248K) NonClass: 23979K(24128K)->23979K(24128K) Class: 4884K(5120K)->4884K(5120K)
[367.938s][info][gc             ] GC(131) Pause Young (Concurrent Start) (G1 Evacuation Pause) 3685M->1546M(4096M) 155.444ms
[367.938s][info][gc             ] GC(132) Concurrent Mark Cycle
[367.938s][info][gc,marking     ] GC(132) Concurrent Scan Root Regions
[367.938s][info][gc,cpu         ] GC(131) User=0.69s Sys=0.00s Real=0.16s
[368.121s][info][gc,marking     ] GC(132) Concurrent Scan Root Regions 183.556ms
[368.121s][info][gc,marking     ] GC(132) Concurrent Mark
[368.121s][info][gc,marking     ] GC(132) Concurrent Mark From Roots
[368.121s][info][gc,task        ] GC(132) Using 2 workers of 2 for marking
??.[369.334s][info][gc,marking     ] GC(132) Concurrent Mark From Roots 1212.515ms
[369.334s][info][gc,marking     ] GC(132) Concurrent Preclean
[369.334s][info][gc,marking     ] GC(132) Concurrent Preclean 0.076ms
[369.343s][info][gc,start       ] GC(132) Pause Remark
[369.347s][info][gc             ] GC(132) Pause Remark 2970M->2970M(4096M) 3.928ms
[369.347s][info][gc,cpu         ] GC(132) User=0.02s Sys=0.00s Real=0.01s
[369.347s][info][gc,marking     ] GC(132) Concurrent Mark 1225.183ms
[369.347s][info][gc,marking     ] GC(132) Concurrent Rebuild Remembered Sets and Scrub Regions
[369.826s][info][gc,marking     ] GC(132) Concurrent Rebuild Remembered Sets and Scrub Regions 479.138ms
[369.826s][info][gc,start       ] GC(132) Pause Cleanup
[369.826s][info][gc             ] GC(132) Pause Cleanup 3575M->3575M(4096M) 0.149ms
[369.826s][info][gc,cpu         ] GC(132) User=0.00s Sys=0.00s Real=0.00s
[369.826s][info][gc,marking     ] GC(132) Concurrent Clear Claimed Marks
[369.826s][info][gc,marking     ] GC(132) Concurrent Clear Claimed Marks 0.030ms
[369.826s][info][gc,marking     ] GC(132) Concurrent Cleanup for Next Mark
[369.831s][info][gc,marking     ] GC(132) Concurrent Cleanup for Next Mark 4.930ms
[369.831s][info][gc             ] GC(132) Concurrent Mark Cycle 1893.416ms
.[369.866s][info][gc,start       ] GC(133) Pause Young (Prepare Mixed) (G1 Evacuation Pause)
[369.866s][info][gc,task        ] GC(133) Using 6 workers of 6 for evacuation
[370.038s][info][gc,phases      ] GC(133)   Pre Evacuate Collection Set: 0.34ms
[370.038s][info][gc,phases      ] GC(133)   Merge Heap Roots: 0.49ms
[370.038s][info][gc,phases      ] GC(133)   Evacuate Collection Set: 169.79ms
[370.038s][info][gc,phases      ] GC(133)   Post Evacuate Collection Set: 0.88ms
[370.038s][info][gc,phases      ] GC(133)   Other: 0.09ms
[370.038s][info][gc,heap        ] GC(133) Eden regions: 1040->0(1051)
[370.038s][info][gc,heap        ] GC(133) Survivor regions: 130->73(147)
[370.038s][info][gc,heap        ] GC(133) Old regions: 568->651
[370.038s][info][gc,heap        ] GC(133) Humongous regions: 77->77
[370.038s][info][gc,metaspace   ] GC(133) Metaspace: 28864K(29248K)->28864K(29248K) NonClass: 23979K(24128K)->23979K(24128K) Class: 4884K(5120K)->4884K(5120K)
[370.038s][info][gc             ] GC(133) Pause Young (Prepare Mixed) (G1 Evacuation Pause) 3626M->1600M(4096M) 171.732ms
[370.038s][info][gc,cpu         ] GC(133) User=0.78s Sys=0.01s Real=0.17s
.[371.560s][info][gc,start       ] GC(134) Pause Young (Mixed) (G1 Evacuation Pause)
[371.560s][info][gc,task        ] GC(134) Using 6 workers of 6 for evacuation
[371.694s][info][gc,phases      ] GC(134)   Pre Evacuate Collection Set: 0.41ms
[371.694s][info][gc,phases      ] GC(134)   Merge Heap Roots: 0.84ms
[371.694s][info][gc,phases      ] GC(134)   Evacuate Collection Set: 132.08ms
[371.694s][info][gc,phases      ] GC(134)   Post Evacuate Collection Set: 1.06ms
[371.694s][info][gc,phases      ] GC(134)   Other: 0.09ms
[371.694s][info][gc,heap        ] GC(134) Eden regions: 1051->0(1159)
[371.694s][info][gc,heap        ] GC(134) Survivor regions: 73->69(141)
[371.694s][info][gc,heap        ] GC(134) Old regions: 651->534
[371.694s][info][gc,heap        ] GC(134) Humongous regions: 77->77
[371.694s][info][gc,metaspace   ] GC(134) Metaspace: 28864K(29248K)->28864K(29248K) NonClass: 23979K(24128K)->23979K(24128K) Class: 4884K(5120K)->4884K(5120K)
[371.694s][info][gc             ] GC(134) Pause Young (Mixed) (G1 Evacuation Pause) 3702M->1357M(4096M) 134.620ms
[371.694s][info][gc,cpu         ] GC(134) User=0.79s Sys=0.00s Real=0.13s
.[373.230s][info][gc,start       ] GC(135) Pause Young (Mixed) (G1 Evacuation Pause)
[373.230s][info][gc,task        ] GC(135) Using 6 workers of 6 for evacuation
[373.336s][info][gc,phases      ] GC(135)   Pre Evacuate Collection Set: 0.32ms
[373.336s][info][gc,phases      ] GC(135)   Merge Heap Roots: 0.53ms
[373.336s][info][gc,phases      ] GC(135)   Evacuate Collection Set: 103.93ms
[373.336s][info][gc,phases      ] GC(135)   Post Evacuate Collection Set: 0.90ms
[373.336s][info][gc,phases      ] GC(135)   Other: 0.08ms
[373.336s][info][gc,heap        ] GC(135) Eden regions: 1159->0(1103)
[373.336s][info][gc,heap        ] GC(135) Survivor regions: 69->115(154)
[373.336s][info][gc,heap        ] GC(135) Old regions: 534->535
[373.336s][info][gc,heap        ] GC(135) Humongous regions: 77->77
[373.336s][info][gc,metaspace   ] GC(135) Metaspace: 28864K(29248K)->28864K(29248K) NonClass: 23979K(24128K)->23979K(24128K) Class: 4884K(5120K)->4884K(5120K)
[373.336s][info][gc             ] GC(135) Pause Young (Mixed) (G1 Evacuation Pause) 3675M->1450M(4096M) 105.895ms
[373.336s][info][gc,cpu         ] GC(135) User=0.62s Sys=0.00s Real=0.11s
.[374.780s][info][gc,start       ] GC(136) Pause Young (Concurrent Start) (G1 Evacuation Pause)
[374.781s][info][gc,task        ] GC(136) Using 6 workers of 6 for evacuation
[374.938s][info][gc,phases      ] GC(136)   Pre Evacuate Collection Set: 0.40ms
[374.938s][info][gc,phases      ] GC(136)   Merge Heap Roots: 0.44ms
[374.938s][info][gc,phases      ] GC(136)   Evacuate Collection Set: 155.27ms
[374.938s][info][gc,phases      ] GC(136)   Post Evacuate Collection Set: 0.91ms
[374.938s][info][gc,phases      ] GC(136)   Other: 0.12ms
[374.938s][info][gc,heap        ] GC(136) Eden regions: 1103->0(1078)
[374.938s][info][gc,heap        ] GC(136) Survivor regions: 115->113(153)
[374.938s][info][gc,heap        ] GC(136) Old regions: 535->564
[374.938s][info][gc,heap        ] GC(136) Humongous regions: 77->77
[374.938s][info][gc,metaspace   ] GC(136) Metaspace: 28864K(29248K)->28864K(29248K) NonClass: 23979K(24128K)->23979K(24128K) Class: 4884K(5120K)->4884K(5120K)
[374.938s][info][gc             ] GC(136) Pause Young (Concurrent Start) (G1 Evacuation Pause) 3656M->1504M(4096M) 157.280ms
[374.938s][info][gc             ] GC(137) Concurrent Mark Cycle
[374.938s][info][gc,cpu         ] GC(136) User=0.70s Sys=0.00s Real=0.16s
[374.938s][info][gc,marking     ] GC(137) Concurrent Scan Root Regions
[375.131s][info][gc,marking     ] GC(137) Concurrent Scan Root Regions 193.263ms
[375.131s][info][gc,marking     ] GC(137) Concurrent Mark
[375.131s][info][gc,marking     ] GC(137) Concurrent Mark From Roots
[375.131s][info][gc,task        ] GC(137) Using 2 workers of 2 for marking
. (rIR:aIR:PR = 11548:10936:10908) (tPR = 162152) [IR is under limit] [PR is under limit] 
   375s: Re-initializing (term[376.702s][info][gc,start       ] GC(138) Pause Young (Normal) (G1 Evacuation Pause)
[376.702s][info][gc,task        ] GC(138) Using 6 workers of 6 for evacuation
[376.834s][info][gc,phases      ] GC(138)   Pre Evacuate Collection Set: 0.33ms
[376.834s][info][gc,phases      ] GC(138)   Merge Heap Roots: 0.50ms
[376.834s][info][gc,phases      ] GC(138)   Evacuate Collection Set: 130.37ms
[376.834s][info][gc,phases      ] GC(138)   Post Evacuate Collection Set: 0.90ms
[376.834s][info][gc,phases      ] GC(138)   Other: 0.08ms
[376.834s][info][gc,heap        ] GC(138) Eden regions: 1078->0(1020)
[376.834s][info][gc,heap        ] GC(138) Survivor regions: 113->126(149)
[376.834s][info][gc,heap        ] GC(138) Old regions: 564->596
[376.834s][info][gc,heap        ] GC(138) Humongous regions: 77->77
[376.834s][info][gc,metaspace   ] GC(138) Metaspace: 28864K(29248K)->28864K(29248K) NonClass: 23980K(24128K)->23980K(24128K) Class: 4884K(5120K)->4884K(5120K)
[376.834s][info][gc             ] GC(138) Pause Young (Normal) (G1 Evacuation Pause) 3660M->1594M(4096M) 132.335ms
[376.834s][info][gc,cpu         ] GC(138) User=0.79s Sys=0.00s Real=0.13s
[377.033s][info][gc,marking     ] GC(137) Concurrent Mark From Roots 1901.431ms
[377.033s][info][gc,marking     ] GC(137) Concurrent Preclean
[377.033s][info][gc,marking     ] GC(137) Concurrent Preclean 0.075ms
[377.035s][info][gc,start       ] GC(137) Pause Remark
[377.042s][info][gc             ] GC(137) Pause Remark 1856M->1856M(4096M) 7.057ms
[377.042s][info][gc,cpu         ] GC(137) User=0.04s Sys=0.00s Real=0.01s
[377.042s][info][gc,marking     ] GC(137) Concurrent Mark 1911.255ms
[377.042s][info][gc,marking     ] GC(137) Concurrent Rebuild Remembered Sets and Scrub Regions
[377.407s][info][gc,marking     ] GC(137) Concurrent Rebuild Remembered Sets and Scrub Regions 364.600ms
[377.407s][info][gc,start       ] GC(137) Pause Cleanup
[377.407s][info][gc             ] GC(137) Pause Cleanup 2398M->2398M(4096M) 0.177ms
[377.407s][info][gc,cpu         ] GC(137) User=0.00s Sys=0.00s Real=0.00s
[377.408s][info][gc,marking     ] GC(137) Concurrent Clear Claimed Marks
[377.408s][info][gc,marking     ] GC(137) Concurrent Clear Claimed Marks 0.029ms
[377.408s][info][gc,marking     ] GC(137) Concurrent Cleanup for Next Mark
[377.413s][info][gc,marking     ] GC(137) Concurrent Cleanup for Next Mark 5.004ms
[377.413s][info][gc             ] GC(137) Concurrent Mark Cycle 2474.848ms
) [377.610s][info][gc,start       ] GC(139) Pause Full (System.gc())
[377.610s][info][gc,task        ] GC(139) Using 6 workers of 6 for full compaction
[377.610s][info][gc,phases,start] GC(139) Phase 1: Mark live objects
[377.625s][info][gc,phases      ] GC(139) Phase 1: Mark live objects 14.622ms
[377.625s][info][gc,phases,start] GC(139) Phase 2: Prepare compaction
[377.628s][info][gc,phases      ] GC(139) Phase 2: Prepare compaction 2.826ms
[377.628s][info][gc,phases,start] GC(139) Phase 3: Adjust pointers
[377.635s][info][gc,phases      ] GC(139) Phase 3: Adjust pointers 7.238ms
[377.635s][info][gc,phases,start] GC(139) Phase 4: Compact heap
[377.638s][info][gc,phases      ] GC(139) Phase 4: Compact heap 2.865ms
[377.638s][info][gc,phases,start] GC(139) Phase 5: Reset Metadata
[377.642s][info][gc,phases      ] GC(139) Phase 5: Reset Metadata 4.294ms
[377.648s][info][gc,heap        ] GC(139) Eden regions: 527->0(1228)
[377.648s][info][gc,heap        ] GC(139) Survivor regions: 126->0(149)
[377.648s][info][gc,heap        ] GC(139) Old regions: 596->34
[377.648s][info][gc,heap        ] GC(139) Humongous regions: 77->66
[377.648s][info][gc,metaspace   ] GC(139) Metaspace: 28865K(29248K)->28865K(29248K) NonClass: 23981K(24128K)->23981K(24128K) Class: 4884K(5120K)->4884K(5120K)
[377.648s][info][gc             ] GC(139) Pause Full (System.gc()) 2647M->194M(4096M) 38.654ms
[377.648s][info][gc,cpu         ] GC(139) User=0.21s Sys=0.00s Real=0.04s
(init[377.886s][info][gc,start       ] GC(140) Pause Young (Concurrent Start) (G1 Humongous Allocation)
[377.886s][info][gc,task        ] GC(140) Using 6 workers of 6 for evacuation
[377.899s][info][gc,phases      ] GC(140)   Pre Evacuate Collection Set: 0.35ms
[377.899s][info][gc,phases      ] GC(140)   Merge Heap Roots: 0.03ms
[377.899s][info][gc,phases      ] GC(140)   Evacuate Collection Set: 12.71ms
[377.899s][info][gc,phases      ] GC(140)   Post Evacuate Collection Set: 0.26ms
[377.899s][info][gc,phases      ] GC(140)   Other: 0.08ms
[377.900s][info][gc,heap        ] GC(140) Eden regions: 45->0(1213)
[377.900s][info][gc,heap        ] GC(140) Survivor regions: 0->15(154)
[377.900s][info][gc,heap        ] GC(140) Old regions: 34->34
[377.900s][info][gc,heap        ] GC(140) Humongous regions: 66->66
[377.900s][info][gc,metaspace   ] GC(140) Metaspace: 28865K(29248K)->28865K(29248K) NonClass: 23981K(24128K)->23981K(24128K) Class: 4884K(5120K)->4884K(5120K)
[377.900s][info][gc             ] GC(140) Pause Young (Concurrent Start) (G1 Humongous Allocation) 284M->223M(4096M) 13.576ms
[377.900s][info][gc,cpu         ] GC(140) User=0.08s Sys=0.00s Real=0.01s
[377.900s][info][gc             ] GC(141) Concurrent Mark Cycle
[377.900s][info][gc,marking     ] GC(141) Concurrent Scan Root Regions
[377.908s][info][gc,marking     ] GC(141) Concurrent Scan Root Regions 8.672ms
[377.908s][info][gc,marking     ] GC(141) Concurrent Mark
[377.908s][info][gc,marking     ] GC(141) Concurrent Mark From Roots
[377.908s][info][gc,task        ] GC(141) Using 2 workers of 2 for marking
[377.956s][info][gc,marking     ] GC(141) Concurrent Mark From Roots 47.219ms
[377.956s][info][gc,marking     ] GC(141) Concurrent Preclean
[377.956s][info][gc,marking     ] GC(141) Concurrent Preclean 0.121ms
[377.956s][info][gc,start       ] GC(141) Pause Remark
[377.958s][info][gc             ] GC(141) Pause Remark 358M->358M(4096M) 1.749ms
[377.958s][info][gc,cpu         ] GC(141) User=0.00s Sys=0.00s Real=0.01s
[377.958s][info][gc,marking     ] GC(141) Concurrent Mark 49.304ms
[377.958s][info][gc,marking     ] GC(141) Concurrent Rebuild Remembered Sets and Scrub Regions
[377.984s][info][gc,marking     ] GC(141) Concurrent Rebuild Remembered Sets and Scrub Regions 26.475ms
[377.984s][info][gc,start       ] GC(141) Pause Cleanup
[377.984s][info][gc             ] GC(141) Pause Cleanup 417M->417M(4096M) 0.066ms
[377.984s][info][gc,cpu         ] GC(141) User=0.00s Sys=0.00s Real=0.00s
[377.984s][info][gc,marking     ] GC(141) Concurrent Clear Claimed Marks
[377.984s][info][gc,marking     ] GC(141) Concurrent Clear Claimed Marks 0.027ms
[377.984s][info][gc,marking     ] GC(141) Concurrent Cleanup for Next Mark
[377.989s][info][gc,marking     ] GC(141) Concurrent Cleanup for Next Mark 4.346ms
[377.989s][info][gc             ] GC(141) Concurrent Mark Cycle 89.146ms
) ... OK
   381s: high-bound for max-jOPS is measured to be 13837
   381s: 
   381s: Restarting (term) [381.931s][info][gc,start       ] GC(142) Pause Full (System.gc())
[381.932s][info][gc,task        ] GC(142) Using 6 workers of 6 for full compaction
[381.932s][info][gc,phases,start] GC(142) Phase 1: Mark live objects
[381.948s][info][gc,phases      ] GC(142) Phase 1: Mark live objects 16.074ms
[381.948s][info][gc,phases,start] GC(142) Phase 2: Prepare compaction
[381.950s][info][gc,phases      ] GC(142) Phase 2: Prepare compaction 2.253ms
[381.950s][info][gc,phases,start] GC(142) Phase 3: Adjust pointers
[381.957s][info][gc,phases      ] GC(142) Phase 3: Adjust pointers 6.840ms
[381.957s][info][gc,phases,start] GC(142) Phase 4: Compact heap
[381.959s][info][gc,phases      ] GC(142) Phase 4: Compact heap 2.178ms
[381.959s][info][gc,phases,start] GC(142) Phase 5: Reset Metadata
[381.964s][info][gc,phases      ] GC(142) Phase 5: Reset Metadata 4.260ms
[381.970s][info][gc,heap        ] GC(142) Eden regions: 915->0(1228)
[381.970s][info][gc,heap        ] GC(142) Survivor regions: 15->0(154)
[381.970s][info][gc,heap        ] GC(142) Old regions: 34->34
[381.970s][info][gc,heap        ] GC(142) Humongous regions: 163->66
[381.970s][info][gc,metaspace   ] GC(142) Metaspace: 28876K(29248K)->28876K(29248K) NonClass: 23991K(24128K)->23991K(24128K) Class: 4884K(5120K)->4884K(5120K)
[381.970s][info][gc             ] GC(142) Pause Full (System.gc()) 2245M->193M(4096M) 38.369ms
[381.970s][info][gc,cpu         ] GC(142) User=0.20s Sys=0.00s Real=0.04s
(init[382.208s][info][gc,start       ] GC(143) Pause Young (Concurrent Start) (G1 Humongous Allocation)
[382.208s][info][gc,task        ] GC(143) Using 6 workers of 6 for evacuation
[382.222s][info][gc,phases      ] GC(143)   Pre Evacuate Collection Set: 0.38ms
[382.222s][info][gc,phases      ] GC(143)   Merge Heap Roots: 0.03ms
[382.222s][info][gc,phases      ] GC(143)   Evacuate Collection Set: 13.90ms
[382.222s][info][gc,phases      ] GC(143)   Post Evacuate Collection Set: 0.26ms
[382.222s][info][gc,phases      ] GC(143)   Other: 0.09ms
[382.222s][info][gc,heap        ] GC(143) Eden regions: 50->0(1214)
[382.222s][info][gc,heap        ] GC(143) Survivor regions: 0->14(154)
[382.222s][info][gc,heap        ] GC(143) Old regions: 34->34
[382.222s][info][gc,heap        ] GC(143) Humongous regions: 66->66
[382.222s][info][gc,metaspace   ] GC(143) Metaspace: 28876K(29248K)->28876K(29248K) NonClass: 23991K(24128K)->23991K(24128K) Class: 4884K(5120K)->4884K(5120K)
[382.222s][info][gc             ] GC(143) Pause Young (Concurrent Start) (G1 Humongous Allocation) 292M->221M(4096M) 14.821ms
[382.222s][info][gc             ] GC(144) Concurrent Mark Cycle
[382.222s][info][gc,marking     ] GC(144) Concurrent Scan Root Regions
[382.222s][info][gc,cpu         ] GC(143) User=0.09s Sys=0.00s Real=0.01s
[382.235s][info][gc,marking     ] GC(144) Concurrent Scan Root Regions 12.386ms
[382.235s][info][gc,marking     ] GC(144) Concurrent Mark
[382.235s][info][gc,marking     ] GC(144) Concurrent Mark From Roots
[382.235s][info][gc,task        ] GC(144) Using 2 workers of 2 for marking
[382.293s][info][gc,marking     ] GC(144) Concurrent Mark From Roots 58.333ms
[382.293s][info][gc,marking     ] GC(144) Concurrent Preclean
[382.293s][info][gc,marking     ] GC(144) Concurrent Preclean 0.098ms
[382.293s][info][gc,start       ] GC(144) Pause Remark
[382.295s][info][gc             ] GC(144) Pause Remark 352M->352M(4096M) 1.656ms
[382.295s][info][gc,cpu         ] GC(144) User=0.01s Sys=0.00s Real=0.00s
[382.295s][info][gc,marking     ] GC(144) Concurrent Mark 60.260ms
[382.295s][info][gc,marking     ] GC(144) Concurrent Rebuild Remembered Sets and Scrub Regions
[382.320s][info][gc,marking     ] GC(144) Concurrent Rebuild Remembered Sets and Scrub Regions 25.312ms
[382.320s][info][gc,start       ] GC(144) Pause Cleanup
[382.321s][info][gc             ] GC(144) Pause Cleanup 395M->395M(4096M) 0.067ms
[382.321s][info][gc,cpu         ] GC(144) User=0.00s Sys=0.00s Real=0.00s
[382.321s][info][gc,marking     ] GC(144) Concurrent Clear Claimed Marks
[382.321s][info][gc,marking     ] GC(144) Concurrent Clear Claimed Marks 0.028ms
[382.321s][info][gc,marking     ] GC(144) Concurrent Cleanup for Next Mark
[382.325s][info][gc,marking     ] GC(144) Concurrent Cleanup for Next Mark 4.111ms
[382.325s][info][gc             ] GC(144) Concurrent Mark Cycle 102.454ms
) ... OK
   386s: 
   386s: Warmup for building throughput-responsetime curve
   386s: (10%)   IR =   1384 ...[389.650s][info][gc,start       ] GC(145) Pause Young (Prepare Mixed) (G1 Evacuation Pause)
[389.650s][info][gc,task        ] GC(145) Using 6 workers of 6 for evacuation
[390.133s][info][gc,mmu         ] GC(145) MMU target violated: 201.0ms (200.0ms/201.0ms)
[390.133s][info][gc,phases      ] GC(145)   Pre Evacuate Collection Set: 0.32ms
[390.133s][info][gc,phases      ] GC(145)   Merge Heap Roots: 0.59ms
[390.133s][info][gc,phases      ] GC(145)   Evacuate Collection Set: 480.59ms
[390.133s][info][gc,phases      ] GC(145)   Post Evacuate Collection Set: 1.29ms
[390.133s][info][gc,phases      ] GC(145)   Other: 0.11ms
[390.133s][info][gc,heap        ] GC(145) Eden regions: 1214->0(488)
[390.133s][info][gc,heap        ] GC(145) Survivor regions: 14->154(154)
[390.133s][info][gc,heap        ] GC(145) Old regions: 34->345
[390.133s][info][gc,heap        ] GC(145) Humongous regions: 163->155
[390.133s][info][gc,metaspace   ] GC(145) Metaspace: 28880K(29248K)->28880K(29248K) NonClass: 23996K(24128K)->23996K(24128K) Class: 4884K(5120K)->4884K(5120K)
[390.133s][info][gc             ] GC(145) Pause Young (Prepare Mixed) (G1 Evacuation Pause) 2843M->1300M(4096M) 483.000ms
[390.133s][info][gc,cpu         ] GC(145) User=2.86s Sys=0.00s Real=0.48s
....[393.771s][info][gc,start       ] GC(146) Pause Young (Mixed) (G1 Evacuation Pause)
[393.771s][info][gc,task        ] GC(146) Using 6 workers of 6 for evacuation
[393.953s][info][gc,phases      ] GC(146)   Pre Evacuate Collection Set: 0.35ms
[393.953s][info][gc,phases      ] GC(146)   Merge Heap Roots: 0.59ms
[393.953s][info][gc,phases      ] GC(146)   Evacuate Collection Set: 180.66ms
[393.953s][info][gc,phases      ] GC(146)   Post Evacuate Collection Set: 0.50ms
[393.953s][info][gc,phases      ] GC(146)   Other: 0.08ms
[393.953s][info][gc,heap        ] GC(146) Eden regions: 471->0(625)
[393.953s][info][gc,heap        ] GC(146) Survivor regions: 154->27(79)
[393.953s][info][gc,heap        ] GC(146) Old regions: 345->493
[393.953s][info][gc,heap        ] GC(146) Humongous regions: 155->155
[393.953s][info][gc,metaspace   ] GC(146) Metaspace: 28880K(29248K)->28880K(29248K) NonClass: 23996K(24128K)->23996K(24128K) Class: 4884K(5120K)->4884K(5120K)
[393.953s][info][gc             ] GC(146) Pause Young (Mixed) (G1 Evacuation Pause) 2242M->1344M(4096M) 182.329ms
[393.953s][info][gc,cpu         ] GC(146) User=1.08s Sys=0.00s Real=0.18s
.....[399.420s][info][gc,start       ] GC(147) Pause Young (Concurrent Start) (G1 Evacuation Pause)
[399.420s][info][gc,task        ] GC(147) Using 6 workers of 6 for evacuation
[399.479s][info][gc,phases      ] GC(147)   Pre Evacuate Collection Set: 0.42ms
[399.479s][info][gc,phases      ] GC(147)   Merge Heap Roots: 0.42ms
[399.479s][info][gc,phases      ] GC(147)   Evacuate Collection Set: 56.81ms
[399.479s][info][gc,phases      ] GC(147)   Post Evacuate Collection Set: 0.71ms
[399.479s][info][gc,phases      ] GC(147)   Other: 0.11ms
[399.479s][info][gc,heap        ] GC(147) Eden regions: 660->0(683)
[399.479s][info][gc,heap        ] GC(147) Survivor regions: 27->58(86)
[399.479s][info][gc,heap        ] GC(147) Old regions: 493->493
[399.479s][info][gc,heap        ] GC(147) Humongous regions: 155->155
[399.479s][info][gc,metaspace   ] GC(147) Metaspace: 28880K(29248K)->28880K(29248K) NonClass: 23996K(24128K)->23996K(24128K) Class: 4884K(5120K)->4884K(5120K)
[399.479s][info][gc             ] GC(147) Pause Young (Concurrent Start) (G1 Evacuation Pause) 2664M->1406M(4096M) 58.605ms
[399.479s][info][gc             ] GC(148) Concurrent Mark Cycle
[399.479s][info][gc,marking     ] GC(148) Concurrent Scan Root Regions
[399.479s][info][gc,cpu         ] GC(147) User=0.34s Sys=0.00s Real=0.06s
[399.539s][info][gc,marking     ] GC(148) Concurrent Scan Root Regions 60.257ms
[399.539s][info][gc,marking     ] GC(148) Concurrent Mark
[399.539s][info][gc,marking     ] GC(148) Concurrent Mark From Roots
[399.539s][info][gc,task        ] GC(148) Using 2 workers of 2 for marking
.[400.141s][info][gc,marking     ] GC(148) Concurrent Mark From Roots 602.146ms
[400.142s][info][gc,marking     ] GC(148) Concurrent Preclean
[400.142s][info][gc,marking     ] GC(148) Concurrent Preclean 0.050ms
[400.142s][info][gc,start       ] GC(148) Pause Remark
[400.146s][info][gc             ] GC(148) Pause Remark 1592M->1404M(4096M) 3.960ms
[400.146s][info][gc,cpu         ] GC(148) User=0.02s Sys=0.00s Real=0.00s
[400.146s][info][gc,marking     ] GC(148) Concurrent Mark 606.424ms
[400.146s][info][gc,marking     ] GC(148) Concurrent Rebuild Remembered Sets and Scrub Regions
[400.363s][info][gc,marking     ] GC(148) Concurrent Rebuild Remembered Sets and Scrub Regions 216.731ms
[400.363s][info][gc,start       ] GC(148) Pause Cleanup
[400.363s][info][gc             ] GC(148) Pause Cleanup 1458M->1458M(4096M) 0.093ms
[400.363s][info][gc,cpu         ] GC(148) User=0.00s Sys=0.00s Real=0.00s
[400.363s][info][gc,marking     ] GC(148) Concurrent Clear Claimed Marks
[400.363s][info][gc,marking     ] GC(148) Concurrent Clear Claimed Marks 0.028ms
[400.363s][info][gc,marking     ] GC(148) Concurrent Cleanup for Next Mark
[400.366s][info][gc,marking     ] GC(148) Concurrent Cleanup for Next Mark 3.173ms
[400.366s][info][gc             ] GC(148) Concurrent Mark Cycle 887.027ms
.....[405.047s][info][gc,start       ] GC(149) Pause Young (Prepare Mixed) (G1 Evacuation Pause)
[405.047s][info][gc,task        ] GC(149) Using 6 workers of 6 for evacuation
[405.124s][info][gc,phases      ] GC(149)   Pre Evacuate Collection Set: 0.36ms
[405.124s][info][gc,phases      ] GC(149)   Merge Heap Roots: 0.59ms
[405.124s][info][gc,phases      ] GC(149)   Evacuate Collection Set: 75.65ms
[405.124s][info][gc,phases      ] GC(149)   Post Evacuate Collection Set: 0.73ms
[405.124s][info][gc,phases      ] GC(149)   Other: 0.08ms
[405.124s][info][gc,heap        ] GC(149) Eden regions: 674->0(1051)
[405.124s][info][gc,heap        ] GC(149) Survivor regions: 58->65(92)
[405.124s][info][gc,heap        ] GC(149) Old regions: 479->500
[405.124s][info][gc,heap        ] GC(149) Humongous regions: 75->75
[405.124s][info][gc,metaspace   ] GC(149) Metaspace: 28886K(29248K)->28886K(29248K) NonClass: 24002K(24128K)->24002K(24128K) Class: 4884K(5120K)->4884K(5120K)
[405.124s][info][gc             ] GC(149) Pause Young (Prepare Mixed) (G1 Evacuation Pause) 2566M->1273M(4096M) 77.533ms
[405.124s][info][gc,cpu         ] GC(149) User=0.45s Sys=0.00s Real=0.07s
.........[414.144s][info][gc,start       ] GC(150) Pause Young (Mixed) (G1 Evacuation Pause)
[414.144s][info][gc,task        ] GC(150) Using 6 workers of 6 for evacuation
[414.245s][info][gc,phases      ] GC(150)   Pre Evacuate Collection Set: 0.41ms
[414.245s][info][gc,phases      ] GC(150)   Merge Heap Roots: 0.52ms
[414.245s][info][gc,phases      ] GC(150)   Evacuate Collection Set: 97.12ms
[414.245s][info][gc,phases      ] GC(150)   Merge Optional Heap Roots: 0.05ms
[414.245s][info][gc,phases      ] GC(150)   Evacuate Optional Collection Set: 1.09ms
[414.245s][info][gc,phases      ] GC(150)   Post Evacuate Collection Set: 0.99ms
[414.245s][info][gc,phases      ] GC(150)   Other: 0.10ms
[414.245s][info][gc,heap        ] GC(150) Eden regions: 1051->0(1002)
[414.245s][info][gc,heap        ] GC(150) Survivor regions: 65->105(140)
[414.245s][info][gc,heap        ] GC(150) Old regions: 500->471
[414.245s][info][gc,heap        ] GC(150) Humongous regions: 75->75
[414.245s][info][gc,metaspace   ] GC(150) Metaspace: 28886K(29248K)->28886K(29248K) NonClass: 24002K(24128K)->24002K(24128K) Class: 4884K(5120K)->4884K(5120K)
[414.245s][info][gc             ] GC(150) Pause Young (Mixed) (G1 Evacuation Pause) 3375M->1300M(4096M) 100.394ms
[414.245s][info][gc,cpu         ] GC(150) User=0.59s Sys=0.00s Real=0.10s
.........[423.105s][info][gc,start       ] GC(151) Pause Young (Mixed) (G1 Evacuation Pause)
[423.105s][info][gc,task        ] GC(151) Using 6 workers of 6 for evacuation
[423.223s][info][gc,phases      ] GC(151)   Pre Evacuate Collection Set: 0.37ms
[423.223s][info][gc,phases      ] GC(151)   Merge Heap Roots: 0.48ms
[423.223s][info][gc,phases      ] GC(151)   Evacuate Collection Set: 116.69ms
[423.223s][info][gc,phases      ] GC(151)   Post Evacuate Collection Set: 0.94ms
[423.223s][info][gc,phases      ] GC(151)   Other: 0.09ms
[423.223s][info][gc,heap        ] GC(151) Eden regions: 1036->0(1085)
[423.223s][info][gc,heap        ] GC(151) Survivor regions: 105->96(143)
[423.223s][info][gc,heap        ] GC(151) Old regions: 471->509
[423.223s][info][gc,heap        ] GC(151) Humongous regions: 77->77
[423.223s][info][gc,metaspace   ] GC(151) Metaspace: 28887K(29248K)->28887K(29248K) NonClass: 24003K(24128K)->24003K(24128K) Class: 4884K(5120K)->4884K(5120K)
[423.223s][info][gc             ] GC(151) Pause Young (Mixed) (G1 Evacuation Pause) 3376M->1361M(4096M) 118.705ms
[423.223s][info][gc,cpu         ] GC(151) User=0.70s Sys=0.00s Real=0.12s
..........[433.086s][info][gc,start       ] GC(152) Pause Young (Mixed) (G1 Evacuation Pause)
[433.086s][info][gc,task        ] GC(152) Using 6 workers of 6 for evacuation
[433.206s][info][gc,phases      ] GC(152)   Pre Evacuate Collection Set: 0.38ms
[433.206s][info][gc,phases      ] GC(152)   Merge Heap Roots: 0.51ms
[433.206s][info][gc,phases      ] GC(152)   Evacuate Collection Set: 117.74ms
[433.206s][info][gc,phases      ] GC(152)   Post Evacuate Collection Set: 0.91ms
[433.206s][info][gc,phases      ] GC(152)   Other: 0.08ms
[433.206s][info][gc,heap        ] GC(152) Eden regions: 1085->0(997)
[433.206s][info][gc,heap        ] GC(152) Survivor regions: 96->101(148)
[433.206s][info][gc,heap        ] GC(152) Old regions: 509->544
[433.206s][info][gc,heap        ] GC(152) Humongous regions: 77->77
[433.206s][info][gc,metaspace   ] GC(152) Metaspace: 28893K(29248K)->28893K(29248K) NonClass: 24009K(24128K)->24009K(24128K) Class: 4884K(5120K)->4884K(5120K)
[433.206s][info][gc             ] GC(152) Pause Young (Mixed) (G1 Evacuation Pause) 3531M->1441M(4096M) 119.752ms
[433.206s][info][gc,cpu         ] GC(152) User=0.71s Sys=0.00s Real=0.12s
...........[444.153s][info][gc,start       ] GC(153) Pause Young (Concurrent Start) (G1 Evacuation Pause)
[444.153s][info][gc,task        ] GC(153) Using 6 workers of 6 for evacuation
[444.268s][info][gc,phases      ] GC(153)   Pre Evacuate Collection Set: 0.38ms
[444.268s][info][gc,phases      ] GC(153)   Merge Heap Roots: 0.42ms
[444.268s][info][gc,phases      ] GC(153)   Evacuate Collection Set: 112.63ms
[444.268s][info][gc,phases      ] GC(153)   Post Evacuate Collection Set: 0.85ms
[444.268s][info][gc,phases      ] GC(153)   Other: 0.10ms
[444.268s][info][gc,heap        ] GC(153) Eden regions: 1075->0(1063)
[444.268s][info][gc,heap        ] GC(153) Survivor regions: 101->104(147)
[444.268s][info][gc,heap        ] GC(153) Old regions: 544->577
[444.268s][info][gc,heap        ] GC(153) Humongous regions: 77->77
[444.268s][info][gc,metaspace   ] GC(153) Metaspace: 28895K(29248K)->28895K(29248K) NonClass: 24010K(24128K)->24010K(24128K) Class: 4884K(5120K)->4884K(5120K)
[444.268s][info][gc             ] GC(153) Pause Young (Concurrent Start) (G1 Evacuation Pause) 3591M->1513M(4096M) 114.529ms
[444.268s][info][gc             ] GC(154) Concurrent Mark Cycle
[444.268s][info][gc,marking     ] GC(154) Concurrent Scan Root Regions
[444.268s][info][gc,cpu         ] GC(153) User=0.68s Sys=0.00s Real=0.12s
[444.396s][info][gc,marking     ] GC(154) Concurrent Scan Root Regions 128.221ms
[444.396s][info][gc,marking     ] GC(154) Concurrent Mark
[444.396s][info][gc,marking     ] GC(154) Concurrent Mark From Roots
[444.396s][info][gc,task        ] GC(154) Using 2 workers of 2 for marking
.[444.868s][info][gc,marking     ] GC(154) Concurrent Mark From Roots 472.071ms
[444.868s][info][gc,marking     ] GC(154) Concurrent Preclean
[444.868s][info][gc,marking     ] GC(154) Concurrent Preclean 0.049ms
[444.868s][info][gc,start       ] GC(154) Pause Remark
[444.871s][info][gc             ] GC(154) Pause Remark 1633M->1633M(4096M) 3.058ms
[444.871s][info][gc,cpu         ] GC(154) User=0.02s Sys=0.00s Real=0.00s
[444.872s][info][gc,marking     ] GC(154) Concurrent Mark 475.456ms
[444.872s][info][gc,marking     ] GC(154) Concurrent Rebuild Remembered Sets and Scrub Regions
[445.088s][info][gc,marking     ] GC(154) Concurrent Rebuild Remembered Sets and Scrub Regions 216.006ms
[445.088s][info][gc,start       ] GC(154) Pause Cleanup
[445.088s][info][gc             ] GC(154) Pause Cleanup 1669M->1669M(4096M) 0.178ms
[445.088s][info][gc,cpu         ] GC(154) User=0.00s Sys=0.00s Real=0.00s
[445.088s][info][gc,marking     ] GC(154) Concurrent Clear Claimed Marks
[445.088s][info][gc,marking     ] GC(154) Concurrent Clear Claimed Marks 0.031ms
[445.088s][info][gc,marking     ] GC(154) Concurrent Cleanup for Next Mark
[445.091s][info][gc,marking     ] GC(154) Concurrent Cleanup for Next Mark 3.273ms
[445.091s][info][gc             ] GC(154) Concurrent Mark Cycle 823.499ms
...........[456.159s][info][gc,start       ] GC(155) Pause Young (Prepare Mixed) (G1 Evacuation Pause)
[456.159s][info][gc,task        ] GC(155) Using 6 workers of 6 for evacuation
[456.276s][info][gc,phases      ] GC(155)   Pre Evacuate Collection Set: 0.40ms
[456.276s][info][gc,phases      ] GC(155)   Merge Heap Roots: 0.51ms
[456.276s][info][gc,phases      ] GC(155)   Evacuate Collection Set: 115.41ms
[456.276s][info][gc,phases      ] GC(155)   Post Evacuate Collection Set: 0.98ms
[456.276s][info][gc,phases      ] GC(155)   Other: 0.10ms
[456.276s][info][gc,heap        ] GC(155) Eden regions: 1063->0(1044)
[456.276s][info][gc,heap        ] GC(155) Survivor regions: 104->105(146)
[456.276s][info][gc,heap        ] GC(155) Old regions: 577->614
[456.276s][info][gc,heap        ] GC(155) Humongous regions: 77->77
[456.276s][info][gc,metaspace   ] GC(155) Metaspace: 28895K(29248K)->28895K(29248K) NonClass: 24010K(24128K)->24010K(24128K) Class: 4884K(5120K)->4884K(5120K)
[456.276s][info][gc             ] GC(155) Pause Young (Prepare Mixed) (G1 Evacuation Pause) 3639M->1589M(4096M) 117.559ms
[456.276s][info][gc,cpu         ] GC(155) User=0.69s Sys=0.00s Real=0.12s
............[468.308s][info][gc,start       ] GC(156) Pause Young (Mixed) (G1 Evacuation Pause)
[468.308s][info][gc,task        ] GC(156) Using 6 workers of 6 for evacuation
[468.450s][info][gc,phases      ] GC(156)   Pre Evacuate Collection Set: 0.49ms
[468.450s][info][gc,phases      ] GC(156)   Merge Heap Roots: 0.70ms
[468.450s][info][gc,phases      ] GC(156)   Evacuate Collection Set: 135.72ms
[468.450s][info][gc,phases      ] GC(156)   Merge Optional Heap Roots: 0.08ms
[468.450s][info][gc,phases      ] GC(156)   Evacuate Optional Collection Set: 3.72ms
[468.450s][info][gc,phases      ] GC(156)   Post Evacuate Collection Set: 1.26ms
[468.450s][info][gc,phases      ] GC(156)   Other: 0.11ms
[468.450s][info][gc,heap        ] GC(156) Eden regions: 1044->0(1121)
[468.450s][info][gc,heap        ] GC(156) Survivor regions: 105->107(144)
[468.450s][info][gc,heap        ] GC(156) Old regions: 614->467
[468.450s][info][gc,heap        ] GC(156) Humongous regions: 77->77
[468.450s][info][gc,metaspace   ] GC(156) Metaspace: 28907K(29312K)->28907K(29312K) NonClass: 24023K(24192K)->24023K(24192K) Class: 4884K(5120K)->4884K(5120K)
[468.450s][info][gc             ] GC(156) Pause Young (Mixed) (G1 Evacuation Pause) 3677M->1299M(4096M) 142.220ms
[468.450s][info][gc,cpu         ] GC(156) User=0.84s Sys=0.00s Real=0.14s
.............[481.465s][info][gc,start       ] GC(157) Pause Young (Mixed) (G1 Evacuation Pause)
[481.465s][info][gc,task        ] GC(157) Using 6 workers of 6 for evacuation
[481.613s][info][gc,phases      ] GC(157)   Pre Evacuate Collection Set: 0.35ms
[481.613s][info][gc,phases      ] GC(157)   Merge Heap Roots: 0.87ms
[481.613s][info][gc,phases      ] GC(157)   Evacuate Collection Set: 145.34ms
[481.613s][info][gc,phases      ] GC(157)   Post Evacuate Collection Set: 0.94ms
[481.613s][info][gc,phases      ] GC(157)   Other: 0.08ms
[481.613s][info][gc,heap        ] GC(157) Eden regions: 1121->0(1120)
[481.613s][info][gc,heap        ] GC(157) Survivor regions: 107->108(154)
[481.613s][info][gc,heap        ] GC(157) Old regions: 467->489
[481.613s][info][gc,heap        ] GC(157) Humongous regions: 77->77
[481.613s][info][gc,metaspace   ] GC(157) Metaspace: 28907K(29312K)->28907K(29312K) NonClass: 24023K(24192K)->24023K(24192K) Class: 4884K(5120K)->4884K(5120K)
[481.613s][info][gc             ] GC(157) Pause Young (Mixed) (G1 Evacuation Pause) 3541M->1344M(4096M) 147.707ms
[481.613s][info][gc,cpu         ] GC(157) User=0.87s Sys=0.00s Real=0.15s
..............[494.788s][info][gc,start       ] GC(158) Pause Young (Concurrent Start) (G1 Evacuation Pause)
[494.788s][info][gc,task        ] GC(158) Using 6 workers of 6 for evacuation
[494.905s][info][gc,phases      ] GC(158)   Pre Evacuate Collection Set: 0.42ms
[494.906s][info][gc,phases      ] GC(158)   Merge Heap Roots: 0.48ms
[494.906s][info][gc,phases      ] GC(158)   Evacuate Collection Set: 115.49ms
[494.906s][info][gc,phases      ] GC(158)   Post Evacuate Collection Set: 0.92ms
[494.906s][info][gc,phases      ] GC(158)   Other: 0.12ms
[494.906s][info][gc,heap        ] GC(158) Eden regions: 1120->0(1120)
[494.906s][info][gc,heap        ] GC(158) Survivor regions: 108->108(154)
[494.906s][info][gc,heap        ] GC(158) Old regions: 489->521
[494.906s][info][gc,heap        ] GC(158) Humongous regions: 77->77
[494.906s][info][gc,metaspace   ] GC(158) Metaspace: 28907K(29312K)->28907K(29312K) NonClass: 24023K(24192K)->24023K(24192K) Class: 4884K(5120K)->4884K(5120K)
[494.906s][info][gc             ] GC(158) Pause Young (Concurrent Start) (G1 Evacuation Pause) 3584M->1409M(4096M) 117.560ms
[494.906s][info][gc             ] GC(159) Concurrent Mark Cycle
[494.906s][info][gc,marking     ] GC(159) Concurrent Scan Root Regions
[494.906s][info][gc,cpu         ] GC(158) User=0.69s Sys=0.00s Real=0.11s
[495.015s][info][gc,marking     ] GC(159) Concurrent Scan Root Regions 109.422ms
[495.015s][info][gc,marking     ] GC(159) Concurrent Mark
[495.015s][info][gc,marking     ] GC(159) Concurrent Mark From Roots
[495.015s][info][gc,task        ] GC(159) Using 2 workers of 2 for marking
[495.493s][info][gc,marking     ] GC(159) Concurrent Mark From Roots 478.263ms
[495.493s][info][gc,marking     ] GC(159) Concurrent Preclean
[495.493s][info][gc,marking     ] GC(159) Concurrent Preclean 0.049ms
[495.494s][info][gc,start       ] GC(159) Pause Remark
[495.496s][info][gc             ] GC(159) Pause Remark 1525M->1525M(4096M) 2.531ms
[495.496s][info][gc,cpu         ] GC(159) User=0.01s Sys=0.00s Real=0.01s
[495.496s][info][gc,marking     ] GC(159) Concurrent Mark 481.086ms
[495.496s][info][gc,marking     ] GC(159) Concurrent Rebuild Remembered Sets and Scrub Regions
.[495.721s][info][gc,marking     ] GC(159) Concurrent Rebuild Remembered Sets and Scrub Regions 225.104ms
[495.721s][info][gc,start       ] GC(159) Pause Cleanup
[495.722s][info][gc             ] GC(159) Pause Cleanup 1563M->1563M(4096M) 0.138ms
[495.722s][info][gc,cpu         ] GC(159) User=0.00s Sys=0.00s Real=0.00s
[495.722s][info][gc,marking     ] GC(159) Concurrent Clear Claimed Marks
[495.722s][info][gc,marking     ] GC(159) Concurrent Clear Claimed Marks 0.027ms
[495.722s][info][gc,marking     ] GC(159) Concurrent Cleanup for Next Mark
[495.725s][info][gc,marking     ] GC(159) Concurrent Cleanup for Next Mark 3.257ms
[495.725s][info][gc             ] GC(159) Concurrent Mark Cycle 819.358ms
............[508.102s][info][gc,start       ] GC(160) Pause Young (Prepare Mixed) (G1 Evacuation Pause)
[508.102s][info][gc,task        ] GC(160) Using 6 workers of 6 for evacuation
[508.222s][info][gc,phases      ] GC(160)   Pre Evacuate Collection Set: 0.37ms
[508.222s][info][gc,phases      ] GC(160)   Merge Heap Roots: 0.51ms
[508.222s][info][gc,phases      ] GC(160)   Evacuate Collection Set: 117.43ms
[508.222s][info][gc,phases      ] GC(160)   Post Evacuate Collection Set: 1.03ms
[508.222s][info][gc,phases      ] GC(160)   Other: 0.09ms
[508.222s][info][gc,heap        ] GC(160) Eden regions: 1120->0(1096)
[508.222s][info][gc,heap        ] GC(160) Survivor regions: 108->109(154)
[508.222s][info][gc,heap        ] GC(160) Old regions: 521->554
[508.222s][info][gc,heap        ] GC(160) Humongous regions: 77->77
[508.222s][info][gc,metaspace   ] GC(160) Metaspace: 28907K(29312K)->28907K(29312K) NonClass: 24023K(24192K)->24023K(24192K) Class: 4884K(5120K)->4884K(5120K)
[508.222s][info][gc             ] GC(160) Pause Young (Prepare Mixed) (G1 Evacuation Pause) 3649M->1478M(4096M) 119.557ms
[508.222s][info][gc,cpu         ] GC(160) User=0.71s Sys=0.00s Real=0.12s
.............[521.117s][info][gc,start       ] GC(161) Pause Young (Mixed) (G1 Evacuation Pause)
[521.117s][info][gc,task        ] GC(161) Using 6 workers of 6 for evacuation
[521.278s][info][gc,phases      ] GC(161)   Pre Evacuate Collection Set: 0.47ms
[521.278s][info][gc,phases      ] GC(161)   Merge Heap Roots: 0.77ms
[521.278s][info][gc,phases      ] GC(161)   Evacuate Collection Set: 146.25ms
[521.278s][info][gc,phases      ] GC(161)   Merge Optional Heap Roots: 0.21ms
[521.278s][info][gc,phases      ] GC(161)   Evacuate Optional Collection Set: 11.92ms
[521.278s][info][gc,phases      ] GC(161)   Post Evacuate Collection Set: 1.37ms
[521.278s][info][gc,phases      ] GC(161)   Other: 0.10ms
[521.278s][info][gc,heap        ] GC(161) Eden regions: 1096->0(1120)
[521.278s][info][gc,heap        ] GC(161) Survivor regions: 109->108(151)
[521.278s][info][gc,heap        ] GC(161) Old regions: 554->459
[521.278s][info][gc,heap        ] GC(161) Humongous regions: 77->77
[521.278s][info][gc,metaspace   ] GC(161) Metaspace: 28907K(29312K)->28907K(29312K) NonClass: 24023K(24192K)->24023K(24192K) Class: 4884K(5120K)->4884K(5120K)
[521.278s][info][gc             ] GC(161) Pause Young (Mixed) (G1 Evacuation Pause) 3670M->1285M(4096M) 161.252ms
[521.278s][info][gc,cpu         ] GC(161) User=0.95s Sys=0.00s Real=0.16s
.............[534.595s][info][gc,start       ] GC(162) Pause Young (Mixed) (G1 Evacuation Pause)
[534.595s][info][gc,task        ] GC(162) Using 6 workers of 6 for evacuation
[534.729s][info][gc,phases      ] GC(162)   Pre Evacuate Collection Set: 0.36ms
[534.729s][info][gc,phases      ] GC(162)   Merge Heap Roots: 0.86ms
[534.729s][info][gc,phases      ] GC(162)   Evacuate Collection Set: 131.13ms
[534.729s][info][gc,phases      ] GC(162)   Post Evacuate Collection Set: 0.89ms
[534.729s][info][gc,phases      ] GC(162)   Other: 0.08ms
[534.729s][info][gc,heap        ] GC(162) Eden regions: 1120->0(1120)
[534.729s][info][gc,heap        ] GC(162) Survivor regions: 108->108(154)
[534.729s][info][gc,heap        ] GC(162) Old regions: 459->490
[534.729s][info][gc,heap        ] GC(162) Humongous regions: 77->77
[534.729s][info][gc,metaspace   ] GC(162) Metaspace: 28908K(29312K)->28908K(29312K) NonClass: 24024K(24192K)->24024K(24192K) Class: 4884K(5120K)->4884K(5120K)
[534.729s][info][gc             ] GC(162) Pause Young (Mixed) (G1 Evacuation Pause) 3525M->1346M(4096M) 133.439ms
[534.729s][info][gc,cpu         ] GC(162) User=0.79s Sys=0.00s Real=0.14s
..............[547.921s][info][gc,start       ] GC(163) Pause Young (Concurrent Start) (G1 Evacuation Pause)
[547.921s][info][gc,task        ] GC(163) Using 6 workers of 6 for evacuation
[548.041s][info][gc,phases      ] GC(163)   Pre Evacuate Collection Set: 0.41ms
[548.041s][info][gc,phases      ] GC(163)   Merge Heap Roots: 0.48ms
[548.041s][info][gc,phases      ] GC(163)   Evacuate Collection Set: 117.90ms
[548.041s][info][gc,phases      ] GC(163)   Post Evacuate Collection Set: 0.91ms
[548.041s][info][gc,phases      ] GC(163)   Other: 0.11ms
[548.041s][info][gc,heap        ] GC(163) Eden regions: 1120->0(1118)
[548.041s][info][gc,heap        ] GC(163) Survivor regions: 108->110(154)
[548.041s][info][gc,heap        ] GC(163) Old regions: 490->521
[548.041s][info][gc,heap        ] GC(163) Humongous regions: 77->77
[548.041s][info][gc,metaspace   ] GC(163) Metaspace: 28910K(29312K)->28910K(29312K) NonClass: 24025K(24192K)->24025K(24192K) Class: 4884K(5120K)->4884K(5120K)
[548.041s][info][gc             ] GC(163) Pause Young (Concurrent Start) (G1 Evacuation Pause) 3586M->1414M(4096M) 119.937ms
[548.041s][info][gc             ] GC(164) Concurrent Mark Cycle
[548.041s][info][gc,marking     ] GC(164) Concurrent Scan Root Regions
[548.041s][info][gc,cpu         ] GC(163) User=0.71s Sys=0.00s Real=0.12s
[548.157s][info][gc,marking     ] GC(164) Concurrent Scan Root Regions 115.956ms
[548.157s][info][gc,marking     ] GC(164) Concurrent Mark
[548.157s][info][gc,marking     ] GC(164) Concurrent Mark From Roots
[548.157s][info][gc,task        ] GC(164) Using 2 workers of 2 for marking
[548.674s][info][gc,marking     ] GC(164) Concurrent Mark From Roots 516.941ms
[548.674s][info][gc,marking     ] GC(164) Concurrent Preclean
[548.674s][info][gc,marking     ] GC(164) Concurrent Preclean 0.051ms
[548.674s][info][gc,start       ] GC(164) Pause Remark
[548.677s][info][gc             ] GC(164) Pause Remark 1530M->1530M(4096M) 2.598ms
[548.677s][info][gc,cpu         ] GC(164) User=0.01s Sys=0.00s Real=0.01s
[548.677s][info][gc,marking     ] GC(164) Concurrent Mark 519.836ms
[548.677s][info][gc,marking     ] GC(164) Concurrent Rebuild Remembered Sets and Scrub Regions
.[548.939s][info][gc,marking     ] GC(164) Concurrent Rebuild Remembered Sets and Scrub Regions 262.015ms
[548.939s][info][gc,start       ] GC(164) Pause Cleanup
[548.939s][info][gc             ] GC(164) Pause Cleanup 1584M->1584M(4096M) 0.133ms
[548.939s][info][gc,cpu         ] GC(164) User=0.00s Sys=0.00s Real=0.00s
[548.939s][info][gc,marking     ] GC(164) Concurrent Clear Claimed Marks
[548.939s][info][gc,marking     ] GC(164) Concurrent Clear Claimed Marks 0.030ms
[548.939s][info][gc,marking     ] GC(164) Concurrent Cleanup for Next Mark
[548.942s][info][gc,marking     ] GC(164) Concurrent Cleanup for Next Mark 3.259ms
[548.943s][info][gc             ] GC(164) Concurrent Mark Cycle 901.587ms
............[561.577s][info][gc,start       ] GC(165) Pause Young (Prepare Mixed) (G1 Evacuation Pause)
[561.577s][info][gc,task        ] GC(165) Using 6 workers of 6 for evacuation
[561.694s][info][gc,phases      ] GC(165)   Pre Evacuate Collection Set: 0.34ms
[561.694s][info][gc,phases      ] GC(165)   Merge Heap Roots: 0.56ms
[561.694s][info][gc,phases      ] GC(165)   Evacuate Collection Set: 115.33ms
[561.694s][info][gc,phases      ] GC(165)   Post Evacuate Collection Set: 1.02ms
[561.694s][info][gc,phases      ] GC(165)   Other: 0.09ms
[561.694s][info][gc,heap        ] GC(165) Eden regions: 1118->0(1098)
[561.694s][info][gc,heap        ] GC(165) Survivor regions: 110->108(154)
[561.694s][info][gc,heap        ] GC(165) Old regions: 521->554
[561.694s][info][gc,heap        ] GC(165) Humongous regions: 77->77
[561.694s][info][gc,metaspace   ] GC(165) Metaspace: 28911K(29312K)->28911K(29312K) NonClass: 24026K(24192K)->24026K(24192K) Class: 4884K(5120K)->4884K(5120K)
[561.694s][info][gc             ] GC(165) Pause Young (Prepare Mixed) (G1 Evacuation Pause) 3650M->1475M(4096M) 117.481ms
[561.694s][info][gc,cpu         ] GC(165) User=0.69s Sys=0.00s Real=0.11s
...... (rIR:aIR:PR = 1384:1384:1384) (tPR = 21328) [OK] 
   566s: 
   566s: Building throughput-responsetime curve
   566s: ( 0%)   IR =      0 ...|............................................................ (rIR:aIR:PR = 0:0:0) (tPR = 0) [OK] 
   629s: Performance info:
         Transaction,    Success,    Partial,     Failed,   Receipts, AvgBarcode, 
         Response times:
             Request,    Success,    Partial,     Failed,   SkipFail,     Probes,    Samples,      min,      p50,      p90,      p95,      p99,      max, 

   629s: ( 1%)   IR =    138 ....|............................................................ (rIR:aIR:PR = 138:138:138) (tPR = 2146) [OK] 
   693s: Performance info:
         Transaction,    Success,    Partial,     Failed,   Receipts, AvgBarcode, 
             Overall,       8288,          0,          0,       7870,      59.50, 
         Response times:
             Request,    Success,    Partial,     Failed,   SkipFail,     Probes,    Samples,      min,      p50,      p90,      p95,      p99,      max, 
       TotalPurchase,       7870,          0,          0,          0,       7308,       8233,      300,      400,      600,      600,      800,     1100,
     InStorePurchase,       4145,          0,          0,          0,       3907,       4340,      300,      400,      500,      600,      800,     1100,
      OnlinePurchase,       2893,          0,          0,          0,       2718,       3103,      300,      400,      600,      600,      800,     1000,
        InstPurchase,        832,          0,          0,          0,        683,        790,      400,      500,      600,      700,      900,     1000,
          AssocOfCat,         10,          0,          0,          0,          8,          8,    21000,    22000,    23000,    23000,    23000,    23000,
      AssocOfProduct,         83,          0,          0,          0,         79,         87,      400,      600,      700,      700,      900,      900,
      BusinessReport,         23,          0,          0,          0,         22,         22,    22000,    23000,    26700,    27850,    28000,    28000,
          CustBuyBeh,         84,          0,          0,          0,         84,         88,      200,      300,      300,      400,      500,      500,
       ProductReturn,        218,          0,          0,          0,        162,        241,      200,      300,      300,      400,      558,      600,

   693s: ( 2%)   IR =    277 .....|.[700.671s][info][gc,start       ] GC(166) Pause Young (Mixed) (G1 Evacuation Pause)
[700.671s][info][gc,task        ] GC(166) Using 6 workers of 6 for evacuation
[700.824s][info][gc,phases      ] GC(166)   Pre Evacuate Collection Set: 0.38ms
[700.824s][info][gc,phases      ] GC(166)   Merge Heap Roots: 0.81ms
[700.824s][info][gc,phases      ] GC(166)   Evacuate Collection Set: 142.46ms
[700.824s][info][gc,phases      ] GC(166)   Merge Optional Heap Roots: 0.20ms
[700.824s][info][gc,phases      ] GC(166)   Evacuate Optional Collection Set: 7.18ms
[700.824s][info][gc,phases      ] GC(166)   Post Evacuate Collection Set: 1.12ms
[700.824s][info][gc,phases      ] GC(166)   Other: 0.11ms
[700.824s][info][gc,heap        ] GC(166) Eden regions: 1098->0(1121)
[700.824s][info][gc,heap        ] GC(166) Survivor regions: 108->107(151)
[700.824s][info][gc,heap        ] GC(166) Old regions: 554->458
[700.824s][info][gc,heap        ] GC(166) Humongous regions: 77->77
[700.824s][info][gc,metaspace   ] GC(166) Metaspace: 28926K(29312K)->28926K(29312K) NonClass: 24041K(24192K)->24041K(24192K) Class: 4884K(5120K)->4884K(5120K)
[700.824s][info][gc             ] GC(166) Pause Young (Mixed) (G1 Evacuation Pause) 3671M->1282M(4096M) 152.408ms
[700.824s][info][gc,cpu         ] GC(166) User=0.91s Sys=0.00s Real=0.15s
........................................................... (rIR:aIR:PR = 277:277:277) (tPR = 4228) [OK] 
   758s: Performance info:
         Transaction,    Success,    Partial,     Failed,   Receipts, AvgBarcode, 
             Overall,      16635,          0,          0,      15800,      59.46, 
         Response times:
             Request,    Success,    Partial,     Failed,   SkipFail,     Probes,    Samples,      min,      p50,      p90,      p95,      p99,      max, 
       TotalPurchase,      15800,          0,          0,          0,      15045,      17027,      300,      500,      700,      800,     1000,   154000,
     InStorePurchase,       8307,          0,          0,          0,       7993,       8993,      300,      500,      800,      800,     1000,   154000,
      OnlinePurchase,       5826,          0,          0,          0,       5526,       6241,      300,      500,      800,      800,     1100,     2600,
        InstPurchase,       1667,          0,          0,          0,       1526,       1793,      400,      500,      700,      800,     1000,     2000,
          AssocOfCat,         18,          0,          0,          0,         17,         18,    18100,    22000,    23100,    24000,    24000,    24000,
      AssocOfProduct,        168,          0,          0,          0,        114,        155,      400,      700,     1000,     1000,     2040,     2600,
      BusinessReport,         42,          0,          0,          0,         41,         44,    18600,    23000,    27000,    28000,    28000,    28000,
          CustBuyBeh,        168,          0,          0,          0,        125,        177,      200,      300,      600,      700,      900,      900,
       ProductReturn,        439,          0,          0,          0,        347,        449,      200,      300,      600,      700,      850,      900,

   758s: ( 3%)   IR =    415 .....|[764.782s][info][gc,start       ] GC(167) Pause Young (Concurrent Start) (G1 Evacuation Pause)
[764.782s][info][gc,task        ] GC(167) Using 6 workers of 6 for evacuation
[764.900s][info][gc,phases      ] GC(167)   Pre Evacuate Collection Set: 0.44ms
[764.900s][info][gc,phases      ] GC(167)   Merge Heap Roots: 0.54ms
[764.900s][info][gc,phases      ] GC(167)   Evacuate Collection Set: 115.48ms
[764.900s][info][gc,phases      ] GC(167)   Post Evacuate Collection Set: 0.96ms
[764.900s][info][gc,phases      ] GC(167)   Other: 0.14ms
[764.900s][info][gc,heap        ] GC(167) Eden regions: 1121->0(1121)
[764.900s][info][gc,heap        ] GC(167) Survivor regions: 107->107(154)
[764.900s][info][gc,heap        ] GC(167) Old regions: 458->491
[764.900s][info][gc,heap        ] GC(167) Humongous regions: 77->77
[764.900s][info][gc,metaspace   ] GC(167) Metaspace: 28927K(29312K)->28927K(29312K) NonClass: 24042K(24192K)->24042K(24192K) Class: 4884K(5120K)->4884K(5120K)
[764.900s][info][gc             ] GC(167) Pause Young (Concurrent Start) (G1 Evacuation Pause) 3524M->1347M(4096M) 117.675ms
[764.900s][info][gc             ] GC(168) Concurrent Mark Cycle
[764.900s][info][gc,marking     ] GC(168) Concurrent Scan Root Regions
[764.900s][info][gc,cpu         ] GC(167) User=0.69s Sys=0.00s Real=0.12s
.[765.016s][info][gc,marking     ] GC(168) Concurrent Scan Root Regions 116.395ms
[765.017s][info][gc,marking     ] GC(168) Concurrent Mark
[765.017s][info][gc,marking     ] GC(168) Concurrent Mark From Roots
[765.017s][info][gc,task        ] GC(168) Using 2 workers of 2 for marking
[765.505s][info][gc,marking     ] GC(168) Concurrent Mark From Roots 488.622ms
[765.505s][info][gc,marking     ] GC(168) Concurrent Preclean
[765.505s][info][gc,marking     ] GC(168) Concurrent Preclean 0.061ms
[765.505s][info][gc,start       ] GC(168) Pause Remark
[765.507s][info][gc             ] GC(168) Pause Remark 1385M->1385M(4096M) 2.109ms
[765.507s][info][gc,cpu         ] GC(168) User=0.01s Sys=0.00s Real=0.01s
[765.508s][info][gc,marking     ] GC(168) Concurrent Mark 491.019ms
[765.508s][info][gc,marking     ] GC(168) Concurrent Rebuild Remembered Sets and Scrub Regions
[765.711s][info][gc,marking     ] GC(168) Concurrent Rebuild Remembered Sets and Scrub Regions 203.033ms
[765.711s][info][gc,start       ] GC(168) Pause Cleanup
[765.711s][info][gc             ] GC(168) Pause Cleanup 1393M->1393M(4096M) 0.113ms
[765.711s][info][gc,cpu         ] GC(168) User=0.00s Sys=0.00s Real=0.00s
[765.711s][info][gc,marking     ] GC(168) Concurrent Clear Claimed Marks
[765.711s][info][gc,marking     ] GC(168) Concurrent Clear Claimed Marks 0.029ms
[765.711s][info][gc,marking     ] GC(168) Concurrent Cleanup for Next Mark
[765.714s][info][gc,marking     ] GC(168) Concurrent Cleanup for Next Mark 3.238ms
[765.714s][info][gc             ] GC(168) Concurrent Mark Cycle 814.174ms
.............................................[809.941s][info][gc,start       ] GC(169) Pause Young (Prepare Mixed) (G1 Evacuation Pause)
[809.942s][info][gc,task        ] GC(169) Using 6 workers of 6 for evacuation
[810.057s][info][gc,phases      ] GC(169)   Pre Evacuate Collection Set: 0.35ms
[810.057s][info][gc,phases      ] GC(169)   Merge Heap Roots: 0.54ms
[810.057s][info][gc,phases      ] GC(169)   Evacuate Collection Set: 113.95ms
[810.057s][info][gc,phases      ] GC(169)   Post Evacuate Collection Set: 0.98ms
[810.057s][info][gc,phases      ] GC(169)   Other: 0.09ms
[810.057s][info][gc,heap        ] GC(169) Eden regions: 1121->0(1120)
[810.057s][info][gc,heap        ] GC(169) Survivor regions: 107->108(154)
[810.057s][info][gc,heap        ] GC(169) Old regions: 491->523
[810.057s][info][gc,heap        ] GC(169) Humongous regions: 77->77
[810.057s][info][gc,metaspace   ] GC(169) Metaspace: 28931K(29312K)->28931K(29312K) NonClass: 24046K(24192K)->24046K(24192K) Class: 4884K(5120K)->4884K(5120K)
[810.057s][info][gc             ] GC(169) Pause Young (Prepare Mixed) (G1 Evacuation Pause) 3589M->1412M(4096M) 116.030ms
[810.058s][info][gc,cpu         ] GC(169) User=0.68s Sys=0.00s Real=0.12s
.............. (rIR:aIR:PR = 415:415:415) (tPR = 6232) [OK] 
   823s: Performance info:
         Transaction,    Success,    Partial,     Failed,   Receipts, AvgBarcode, 
             Overall,      24943,          0,          0,      23694,      59.48, 
         Response times:
             Request,    Success,    Partial,     Failed,   SkipFail,     Probes,    Samples,      min,      p50,      p90,      p95,      p99,      max, 
       TotalPurchase,      23694,          0,          0,          0,      22590,      25197,      300,      600,      900,     1000,     1300,   120000,
     InStorePurchase,      12472,          0,          0,          0,      11985,      13209,      300,      600,      900,     1000,     1300,   120000,
      OnlinePurchase,       8727,          0,          0,          0,       8324,       9333,      300,      600,      900,     1000,     1300,   120000,
        InstPurchase,       2495,          0,          0,          0,       2281,       2655,      400,      600,      900,     1000,     1300,   120000,
          AssocOfCat,         25,          0,          0,          0,         23,         26,    17800,    22000,    27300,    28000,    28000,    28000,
      AssocOfProduct,        246,          0,          0,          0,        186,        256,      400,      800,     1100,     1200,     1400,     1600,
      BusinessReport,         63,          0,          0,          0,         60,         66,    17900,    23000,    28000,    29000,   136000,   136000,
          CustBuyBeh,        252,          0,          0,          0,        196,        257,      100,      500,      720,      900,     1142,   120000,
       ProductReturn,        663,          0,          0,          0,        579,        750,      200,      600,      900,     1000,     1200,     1500,

   823s: ( 4%)   IR =    553 ....|...................[847.108s][info][gc,start       ] GC(170) Pause Young (Mixed) (G1 Evacuation Pause)
[847.108s][info][gc,task        ] GC(170) Using 6 workers of 6 for evacuation
[847.256s][info][gc,phases      ] GC(170)   Pre Evacuate Collection Set: 0.38ms
[847.256s][info][gc,phases      ] GC(170)   Merge Heap Roots: 0.88ms
[847.256s][info][gc,phases      ] GC(170)   Evacuate Collection Set: 145.87ms
[847.256s][info][gc,phases      ] GC(170)   Post Evacuate Collection Set: 0.97ms
[847.256s][info][gc,phases      ] GC(170)   Other: 0.09ms
[847.256s][info][gc,heap        ] GC(170) Eden regions: 1120->0(1118)
[847.256s][info][gc,heap        ] GC(170) Survivor regions: 108->110(154)
[847.256s][info][gc,heap        ] GC(170) Old regions: 523->461
[847.256s][info][gc,heap        ] GC(170) Humongous regions: 77->77
[847.256s][info][gc,metaspace   ] GC(170) Metaspace: 28933K(29312K)->28933K(29312K) NonClass: 24049K(24192K)->24049K(24192K) Class: 4884K(5120K)->4884K(5120K)
[847.256s][info][gc             ] GC(170) Pause Young (Mixed) (G1 Evacuation Pause) 3652M->1294M(4096M) 148.319ms
[847.256s][info][gc,cpu         ] GC(170) User=0.88s Sys=0.00s Real=0.15s
..................................[881.314s][info][gc,start       ] GC(171) Pause Young (Concurrent Start) (G1 Evacuation Pause)
[881.314s][info][gc,task        ] GC(171) Using 6 workers of 6 for evacuation
[881.432s][info][gc,phases      ] GC(171)   Pre Evacuate Collection Set: 0.41ms
[881.432s][info][gc,phases      ] GC(171)   Merge Heap Roots: 0.48ms
[881.432s][info][gc,phases      ] GC(171)   Evacuate Collection Set: 116.03ms
[881.432s][info][gc,phases      ] GC(171)   Post Evacuate Collection Set: 0.89ms
[881.432s][info][gc,phases      ] GC(171)   Other: 0.11ms
[881.432s][info][gc,heap        ] GC(171) Eden regions: 1118->0(1120)
[881.432s][info][gc,heap        ] GC(171) Survivor regions: 110->108(154)
[881.432s][info][gc,heap        ] GC(171) Old regions: 461->494
[881.432s][info][gc,heap        ] GC(171) Humongous regions: 77->77
[881.432s][info][gc,metaspace   ] GC(171) Metaspace: 28935K(29312K)->28935K(29312K) NonClass: 24050K(24192K)->24050K(24192K) Class: 4884K(5120K)->4884K(5120K)
[881.432s][info][gc             ] GC(171) Pause Young (Concurrent Start) (G1 Evacuation Pause) 3530M->1354M(4096M) 118.031ms
[881.432s][info][gc             ] GC(172) Concurrent Mark Cycle
[881.432s][info][gc,marking     ] GC(172) Concurrent Scan Root Regions
[881.432s][info][gc,cpu         ] GC(171) User=0.70s Sys=0.00s Real=0.12s
[881.541s][info][gc,marking     ] GC(172) Concurrent Scan Root Regions 109.239ms
[881.541s][info][gc,marking     ] GC(172) Concurrent Mark
[881.541s][info][gc,marking     ] GC(172) Concurrent Mark From Roots
[881.541s][info][gc,task        ] GC(172) Using 2 workers of 2 for marking
.[882.034s][info][gc,marking     ] GC(172) Concurrent Mark From Roots 493.248ms
[882.034s][info][gc,marking     ] GC(172) Concurrent Preclean
[882.034s][info][gc,marking     ] GC(172) Concurrent Preclean 0.062ms
[882.034s][info][gc,start       ] GC(172) Pause Remark
[882.037s][info][gc             ] GC(172) Pause Remark 1409M->1409M(4096M) 2.175ms
[882.037s][info][gc,cpu         ] GC(172) User=0.01s Sys=0.00s Real=0.01s
[882.037s][info][gc,marking     ] GC(172) Concurrent Mark 496.503ms
[882.038s][info][gc,marking     ] GC(172) Concurrent Rebuild Remembered Sets and Scrub Regions
[882.237s][info][gc,marking     ] GC(172) Concurrent Rebuild Remembered Sets and Scrub Regions 199.193ms
[882.237s][info][gc,start       ] GC(172) Pause Cleanup
[882.237s][info][gc             ] GC(172) Pause Cleanup 1427M->1427M(4096M) 0.118ms
[882.237s][info][gc,cpu         ] GC(172) User=0.00s Sys=0.00s Real=0.00s
[882.237s][info][gc,marking     ] GC(172) Concurrent Clear Claimed Marks
[882.237s][info][gc,marking     ] GC(172) Concurrent Clear Claimed Marks 0.025ms
[882.237s][info][gc,marking     ] GC(172) Concurrent Cleanup for Next Mark
[882.240s][info][gc,marking     ] GC(172) Concurrent Cleanup for Next Mark 3.255ms
[882.240s][info][gc             ] GC(172) Concurrent Mark Cycle 808.648ms
...... (rIR:aIR:PR = 553:553:553) (tPR = 8222) [OK] 
   887s: Performance info:
         Transaction,    Success,    Partial,     Failed,   Receipts, AvgBarcode, 
             Overall,      33194,          0,          0,      31535,      59.47, 
         Response times:
             Request,    Success,    Partial,     Failed,   SkipFail,     Probes,    Samples,      min,      p50,      p90,      p95,      p99,      max, 
       TotalPurchase,      31535,          0,          0,          0,      30292,      33450,      300,      800,     1100,     1200,     1500,   120000,
     InStorePurchase,      16582,          0,          0,          0,      16103,      17689,      300,      700,     1100,     1200,     1500,     8600,
      OnlinePurchase,      11625,          0,          0,          0,      11118,      12304,      300,      800,     1100,     1200,     1600,   120000,
        InstPurchase,       3328,          0,          0,          0,       3071,       3457,      400,      700,     1100,     1200,     1400,     7500,
          AssocOfCat,         32,          0,          0,          0,         30,         34,    17600,    22500,    25000,    35500,    40000,    40000,
      AssocOfProduct,        333,          0,          0,          0,        278,        374,      400,      900,     1200,     1400,     1500,     1700,
      BusinessReport,         85,          0,          0,          0,         78,         88,    18400,    24000,    28100,    32650,   173000,   173000,
          CustBuyBeh,        333,          0,          0,          0,        245,        325,      200,      600,      900,     1070,     1274,     1500,
       ProductReturn,        876,          0,          0,          0,        720,        888,      200,      700,     1000,     1100,     1500,     6300,

   887s: ( 5%)   IR =    692 ....|.................[909.926s][info][gc,start       ] GC(173) Pause Young (Prepare Mixed) (G1 Evacuation Pause)
[909.926s][info][gc,task        ] GC(173) Using 6 workers of 6 for evacuation
[910.044s][info][gc,phases      ] GC(173)   Pre Evacuate Collection Set: 0.35ms
[910.044s][info][gc,phases      ] GC(173)   Merge Heap Roots: 0.58ms
[910.044s][info][gc,phases      ] GC(173)   Evacuate Collection Set: 115.41ms
[910.044s][info][gc,phases      ] GC(173)   Post Evacuate Collection Set: 0.99ms
[910.044s][info][gc,phases      ] GC(173)   Other: 0.11ms
[910.044s][info][gc,heap        ] GC(173) Eden regions: 1120->0(1120)
[910.044s][info][gc,heap        ] GC(173) Survivor regions: 108->108(154)
[910.044s][info][gc,heap        ] GC(173) Old regions: 494->525
[910.044s][info][gc,heap        ] GC(173) Humongous regions: 77->77
[910.044s][info][gc,metaspace   ] GC(173) Metaspace: 28937K(29312K)->28937K(29312K) NonClass: 24053K(24192K)->24053K(24192K) Class: 4884K(5120K)->4884K(5120K)
[910.044s][info][gc             ] GC(173) Pause Young (Prepare Mixed) (G1 Evacuation Pause) 3594M->1417M(4096M) 117.576ms
[910.044s][info][gc,cpu         ] GC(173) User=0.69s Sys=0.00s Real=0.11s
............................[937.254s][info][gc,start       ] GC(174) Pause Young (Mixed) (G1 Evacuation Pause)
[937.254s][info][gc,task        ] GC(174) Using 6 workers of 6 for evacuation
[937.397s][info][gc,phases      ] GC(174)   Pre Evacuate Collection Set: 0.44ms
[937.397s][info][gc,phases      ] GC(174)   Merge Heap Roots: 0.87ms
[937.397s][info][gc,phases      ] GC(174)   Evacuate Collection Set: 140.10ms
[937.397s][info][gc,phases      ] GC(174)   Post Evacuate Collection Set: 0.97ms
[937.397s][info][gc,phases      ] GC(174)   Other: 0.10ms
[937.397s][info][gc,heap        ] GC(174) Eden regions: 1120->0(1119)
[937.397s][info][gc,heap        ] GC(174) Survivor regions: 108->109(154)
[937.397s][info][gc,heap        ] GC(174) Old regions: 525->460
[937.397s][info][gc,heap        ] GC(174) Humongous regions: 77->77
[937.397s][info][gc,metaspace   ] GC(174) Metaspace: 28939K(29312K)->28939K(29312K) NonClass: 24054K(24192K)->24054K(24192K) Class: 4884K(5120K)->4884K(5120K)
[937.397s][info][gc             ] GC(174) Pause Young (Mixed) (G1 Evacuation Pause) 3657M->1289M(4096M) 142.621ms
[937.397s][info][gc,cpu         ] GC(174) User=0.84s Sys=0.00s Real=0.15s
............... (rIR:aIR:PR = 692:692:692) (tPR = 10123) [OK] 
   951s: Performance info:
         Transaction,    Success,    Partial,     Failed,   Receipts, AvgBarcode, 
             Overall,      41612,          0,          0,      39530,      59.46, 
         Response times:
             Request,    Success,    Partial,     Failed,   SkipFail,     Probes,    Samples,      min,      p50,      p90,      p95,      p99,      max, 
       TotalPurchase,      39530,          0,          0,          0,      37965,      41221,      300,      900,     1300,     1400,     1700,   146000,
     InStorePurchase,      20810,          0,          0,          0,      20112,      21605,      300,      900,     1300,     1400,     1700,   120000,
      OnlinePurchase,      14557,          0,          0,          0,      13993,      15268,      300,      900,     1300,     1400,     1700,   145000,
        InstPurchase,       4163,          0,          0,          0,       3860,       4348,      400,      900,     1200,     1400,     1751,   146000,
          AssocOfCat,         42,          0,          0,          0,         34,         44,    17600,    23000,    24000,    24000,    25000,    25000,
      AssocOfProduct,        415,          0,          0,          0,        331,        432,      500,     1100,     1400,     1500,     2034,     6700,
      BusinessReport,        104,          0,          0,          0,         99,        110,    18500,    24000,    28000,    29900,    43000,    43000,
          CustBuyBeh,        417,          0,          0,          0,        345,        445,      200,      500,     1000,     1100,     1400,     1500,
       ProductReturn,       1104,          0,          0,          0,        935,       1105,      200,      800,     1200,     1300,     1500,     5100,

   951s: ( 6%)   IR =    830 .......|...[962.639s][info][gc,start       ] GC(175) Pause Young (Concurrent Start) (G1 Evacuation Pause)
[962.639s][info][gc,task        ] GC(175) Using 6 workers of 6 for evacuation
[962.757s][info][gc,phases      ] GC(175)   Pre Evacuate Collection Set: 0.41ms
[962.757s][info][gc,phases      ] GC(175)   Merge Heap Roots: 0.54ms
[962.757s][info][gc,phases      ] GC(175)   Evacuate Collection Set: 115.77ms
[962.757s][info][gc,phases      ] GC(175)   Post Evacuate Collection Set: 0.90ms
[962.757s][info][gc,phases      ] GC(175)   Other: 0.13ms
[962.757s][info][gc,heap        ] GC(175) Eden regions: 1119->0(1118)
[962.757s][info][gc,heap        ] GC(175) Survivor regions: 109->110(154)
[962.757s][info][gc,heap        ] GC(175) Old regions: 460->492
[962.757s][info][gc,heap        ] GC(175) Humongous regions: 77->77
[962.757s][info][gc,metaspace   ] GC(175) Metaspace: 28941K(29312K)->28941K(29312K) NonClass: 24057K(24192K)->24057K(24192K) Class: 4884K(5120K)->4884K(5120K)
[962.757s][info][gc             ] GC(175) Pause Young (Concurrent Start) (G1 Evacuation Pause) 3527M->1355M(4096M) 117.900ms
[962.757s][info][gc             ] GC(176) Concurrent Mark Cycle
[962.757s][info][gc,marking     ] GC(176) Concurrent Scan Root Regions
[962.757s][info][gc,cpu         ] GC(175) User=0.69s Sys=0.00s Real=0.12s
[962.869s][info][gc,marking     ] GC(176) Concurrent Scan Root Regions 112.018ms
[962.869s][info][gc,marking     ] GC(176) Concurrent Mark
[962.869s][info][gc,marking     ] GC(176) Concurrent Mark From Roots
[962.869s][info][gc,task        ] GC(176) Using 2 workers of 2 for marking
.[963.361s][info][gc,marking     ] GC(176) Concurrent Mark From Roots 491.239ms
[963.361s][info][gc,marking     ] GC(176) Concurrent Preclean
[963.361s][info][gc,marking     ] GC(176) Concurrent Preclean 0.074ms
[963.361s][info][gc,start       ] GC(176) Pause Remark
[963.363s][info][gc             ] GC(176) Pause Remark 1417M->1417M(4096M) 2.226ms
[963.363s][info][gc,cpu         ] GC(176) User=0.01s Sys=0.00s Real=0.00s
[963.364s][info][gc,marking     ] GC(176) Concurrent Mark 494.208ms
[963.364s][info][gc,marking     ] GC(176) Concurrent Rebuild Remembered Sets and Scrub Regions
[963.558s][info][gc,marking     ] GC(176) Concurrent Rebuild Remembered Sets and Scrub Regions 194.902ms
[963.559s][info][gc,start       ] GC(176) Pause Cleanup
[963.559s][info][gc             ] GC(176) Pause Cleanup 1434M->1434M(4096M) 0.118ms
[963.559s][info][gc,cpu         ] GC(176) User=0.01s Sys=0.00s Real=0.00s
[963.559s][info][gc,marking     ] GC(176) Concurrent Clear Claimed Marks
[963.559s][info][gc,marking     ] GC(176) Concurrent Clear Claimed Marks 0.026ms
[963.559s][info][gc,marking     ] GC(176) Concurrent Cleanup for Next Mark
[963.563s][info][gc,marking     ] GC(176) Concurrent Cleanup for Next Mark 4.007ms
[963.563s][info][gc             ] GC(176) Concurrent Mark Cycle 805.639ms
......................[985.590s][info][gc,start       ] GC(177) Pause Young (Prepare Mixed) (G1 Evacuation Pause)
[985.590s][info][gc,task        ] GC(177) Using 6 workers of 6 for evacuation
[985.708s][info][gc,phases      ] GC(177)   Pre Evacuate Collection Set: 0.38ms
[985.708s][info][gc,phases      ] GC(177)   Merge Heap Roots: 0.53ms
[985.708s][info][gc,phases      ] GC(177)   Evacuate Collection Set: 115.68ms
[985.708s][info][gc,phases      ] GC(177)   Post Evacuate Collection Set: 0.96ms
[985.708s][info][gc,phases      ] GC(177)   Other: 0.10ms
[985.708s][info][gc,heap        ] GC(177) Eden regions: 1118->0(1119)
[985.708s][info][gc,heap        ] GC(177) Survivor regions: 110->109(154)
[985.708s][info][gc,heap        ] GC(177) Old regions: 492->525
[985.708s][info][gc,heap        ] GC(177) Humongous regions: 77->77
[985.708s][info][gc,metaspace   ] GC(177) Metaspace: 28944K(29312K)->28944K(29312K) NonClass: 24060K(24192K)->24060K(24192K) Class: 4884K(5120K)->4884K(5120K)
[985.708s][info][gc             ] GC(177) Pause Young (Prepare Mixed) (G1 Evacuation Pause) 3591M->1418M(4096M) 117.803ms
[985.708s][info][gc,cpu         ] GC(177) User=0.70s Sys=0.00s Real=0.12s
.......................[1008.381s][info][gc,start       ] GC(178) Pause Young (Mixed) (G1 Evacuation Pause)
[1008.382s][info][gc,task        ] GC(178) Using 6 workers of 6 for evacuation
[1008.517s][info][gc,phases      ] GC(178)   Pre Evacuate Collection Set: 0.41ms
[1008.517s][info][gc,phases      ] GC(178)   Merge Heap Roots: 0.74ms
[1008.517s][info][gc,phases      ] GC(178)   Evacuate Collection Set: 133.55ms
[1008.517s][info][gc,phases      ] GC(178)   Post Evacuate Collection Set: 1.01ms
[1008.517s][info][gc,phases      ] GC(178)   Other: 0.10ms
[1008.517s][info][gc,heap        ] GC(178) Eden regions: 1119->0(1119)
[1008.517s][info][gc,heap        ] GC(178) Survivor regions: 109->109(154)
[1008.517s][info][gc,heap        ] GC(178) Old regions: 525->463
[1008.517s][info][gc,heap        ] GC(178) Humongous regions: 77->77
[1008.517s][info][gc,metaspace   ] GC(178) Metaspace: 28944K(29312K)->28944K(29312K) NonClass: 24060K(24192K)->24060K(24192K) Class: 4884K(5120K)->4884K(5120K)
[1008.517s][info][gc             ] GC(178) Pause Young (Mixed) (G1 Evacuation Pause) 3656M->1295M(4096M) 135.935ms
[1008.517s][info][gc,cpu         ] GC(178) User=0.81s Sys=0.00s Real=0.14s
........... (rIR:aIR:PR = 830:830:830) (tPR = 12496) [OK] 
  1018s: Performance info:
         Transaction,    Success,    Partial,     Failed,   Receipts, AvgBarcode, 
             Overall,      49831,          0,          0,      47337,      59.46, 
         Response times:
             Request,    Success,    Partial,     Failed,   SkipFail,     Probes,    Samples,      min,      p50,      p90,      p95,      p99,      max, 
       TotalPurchase,      47337,          0,          0,          0,      45721,      52178,      300,     1000,     1400,     1600,     2100,   138000,
     InStorePurchase,      24918,          0,          0,          0,      24183,      27358,      300,     1000,     1400,     1600,     2100,   138000,
      OnlinePurchase,      17446,          0,          0,          0,      16846,      19315,      300,      900,     1400,     1500,     2000,   125000,
        InstPurchase,       4973,          0,          0,          0,       4692,       5505,      400,     1100,     1500,     1600,     2194,   138000,
          AssocOfCat,         51,          0,          0,          0,         47,         54,    18100,    23000,    25500,    28000,    30000,    30000,
      AssocOfProduct,        496,          0,          0,          0,        417,        540,      400,      900,     1200,     1400,     2418,     3400,
      BusinessReport,        124,          0,          0,          0,         83,        137,    19200,    24000,    29000,    32000,    41240,    42000,
          CustBuyBeh,        501,          0,          0,          0,        414,        545,      200,      800,     1400,     1500,     2108,   121000,
       ProductReturn,       1322,          0,          0,          0,       1171,       1490,      200,      900,     1300,     1500,     2100,   137000,

  1018s: ( 7%)   IR =    969 ....|......[1029.643s][info][gc,start       ] GC(179) Pause Young (Concurrent Start) (G1 Evacuation Pause)
[1029.643s][info][gc,task        ] GC(179) Using 6 workers of 6 for evacuation
[1029.761s][info][gc,phases      ] GC(179)   Pre Evacuate Collection Set: 0.42ms
[1029.761s][info][gc,phases      ] GC(179)   Merge Heap Roots: 0.51ms
[1029.761s][info][gc,phases      ] GC(179)   Evacuate Collection Set: 116.65ms
[1029.761s][info][gc,phases      ] GC(179)   Post Evacuate Collection Set: 0.88ms
[1029.761s][info][gc,phases      ] GC(179)   Other: 0.11ms
[1029.761s][info][gc,heap        ] GC(179) Eden regions: 1119->0(1119)
[1029.761s][info][gc,heap        ] GC(179) Survivor regions: 109->109(154)
[1029.761s][info][gc,heap        ] GC(179) Old regions: 463->496
[1029.761s][info][gc,heap        ] GC(179) Humongous regions: 77->77
[1029.761s][info][gc,metaspace   ] GC(179) Metaspace: 28945K(29312K)->28945K(29312K) NonClass: 24060K(24192K)->24060K(24192K) Class: 4884K(5120K)->4884K(5120K)
[1029.761s][info][gc             ] GC(179) Pause Young (Concurrent Start) (G1 Evacuation Pause) 3533M->1361M(4096M) 118.700ms
[1029.761s][info][gc             ] GC(180) Concurrent Mark Cycle
[1029.761s][info][gc,marking     ] GC(180) Concurrent Scan Root Regions
[1029.761s][info][gc,cpu         ] GC(179) User=0.70s Sys=0.00s Real=0.12s
[1029.871s][info][gc,marking     ] GC(180) Concurrent Scan Root Regions 109.552ms
[1029.871s][info][gc,marking     ] GC(180) Concurrent Mark
[1029.871s][info][gc,marking     ] GC(180) Concurrent Mark From Roots
[1029.871s][info][gc,task        ] GC(180) Using 2 workers of 2 for marking
.[1030.367s][info][gc,marking     ] GC(180) Concurrent Mark From Roots 496.226ms
[1030.367s][info][gc,marking     ] GC(180) Concurrent Preclean
[1030.367s][info][gc,marking     ] GC(180) Concurrent Preclean 0.060ms
[1030.367s][info][gc,start       ] GC(180) Pause Remark
[1030.370s][info][gc             ] GC(180) Pause Remark 1437M->1437M(4096M) 2.230ms
[1030.370s][info][gc,cpu         ] GC(180) User=0.01s Sys=0.00s Real=0.00s
[1030.370s][info][gc,marking     ] GC(180) Concurrent Mark 498.766ms
[1030.370s][info][gc,marking     ] GC(180) Concurrent Rebuild Remembered Sets and Scrub Regions
[1030.562s][info][gc,marking     ] GC(180) Concurrent Rebuild Remembered Sets and Scrub Regions 192.441ms
[1030.562s][info][gc,start       ] GC(180) Pause Cleanup
[1030.562s][info][gc             ] GC(180) Pause Cleanup 1451M->1451M(4096M) 0.112ms
[1030.562s][info][gc,cpu         ] GC(180) User=0.00s Sys=0.00s Real=0.00s
[1030.562s][info][gc,marking     ] GC(180) Concurrent Clear Claimed Marks
[1030.563s][info][gc,marking     ] GC(180) Concurrent Clear Claimed Marks 0.032ms
[1030.563s][info][gc,marking     ] GC(180) Concurrent Cleanup for Next Mark
[1030.566s][info][gc,marking     ] GC(180) Concurrent Cleanup for Next Mark 3.769ms
[1030.566s][info][gc             ] GC(180) Concurrent Mark Cycle 805.016ms
...................[1049.542s][info][gc,start       ] GC(181) Pause Young (Prepare Mixed) (G1 Evacuation Pause)
[1049.542s][info][gc,task        ] GC(181) Using 6 workers of 6 for evacuation
[1049.660s][info][gc,phases      ] GC(181)   Pre Evacuate Collection Set: 0.38ms
[1049.660s][info][gc,phases      ] GC(181)   Merge Heap Roots: 0.60ms
[1049.660s][info][gc,phases      ] GC(181)   Evacuate Collection Set: 115.64ms
[1049.660s][info][gc,phases      ] GC(181)   Post Evacuate Collection Set: 0.94ms
[1049.660s][info][gc,phases      ] GC(181)   Other: 0.09ms
[1049.660s][info][gc,heap        ] GC(181) Eden regions: 1119->0(1119)
[1049.660s][info][gc,heap        ] GC(181) Survivor regions: 109->109(154)
[1049.660s][info][gc,heap        ] GC(181) Old regions: 496->527
[1049.660s][info][gc,heap        ] GC(181) Humongous regions: 77->77
[1049.660s][info][gc,metaspace   ] GC(181) Metaspace: 28945K(29312K)->28945K(29312K) NonClass: 24060K(24192K)->24060K(24192K) Class: 4884K(5120K)->4884K(5120K)
[1049.660s][info][gc             ] GC(181) Pause Young (Prepare Mixed) (G1 Evacuation Pause) 3599M->1424M(4096M) 117.777ms
[1049.660s][info][gc,cpu         ] GC(181) User=0.70s Sys=0.00s Real=0.12s
....................[1069.161s][info][gc,start       ] GC(182) Pause Young (Mixed) (G1 Evacuation Pause)
[1069.161s][info][gc,task        ] GC(182) Using 6 workers of 6 for evacuation
[1069.292s][info][gc,phases      ] GC(182)   Pre Evacuate Collection Set: 0.39ms
[1069.292s][info][gc,phases      ] GC(182)   Merge Heap Roots: 0.62ms
[1069.292s][info][gc,phases      ] GC(182)   Evacuate Collection Set: 129.51ms
[1069.292s][info][gc,phases      ] GC(182)   Post Evacuate Collection Set: 0.97ms
[1069.292s][info][gc,phases      ] GC(182)   Other: 0.09ms
[1069.292s][info][gc,heap        ] GC(182) Eden regions: 1119->0(1119)
[1069.292s][info][gc,heap        ] GC(182) Survivor regions: 109->109(154)
[1069.292s][info][gc,heap        ] GC(182) Old regions: 527->461
[1069.293s][info][gc,heap        ] GC(182) Humongous regions: 77->77
[1069.293s][info][gc,metaspace   ] GC(182) Metaspace: 28945K(29312K)->28945K(29312K) NonClass: 24060K(24192K)->24060K(24192K) Class: 4884K(5120K)->4884K(5120K)
[1069.293s][info][gc             ] GC(182) Pause Young (Mixed) (G1 Evacuation Pause) 3662M->1292M(4096M) 131.701ms
[1069.293s][info][gc,cpu         ] GC(182) User=0.77s Sys=0.01s Real=0.13s
.............. (rIR:aIR:PR = 969:969:969) (tPR = 14488) [OK] 
  1082s: Performance info:
         Transaction,    Success,    Partial,     Failed,   Receipts, AvgBarcode, 
             Overall,      58201,          0,          0,      55291,      59.48, 
         Response times:
             Request,    Success,    Partial,     Failed,   SkipFail,     Probes,    Samples,      min,      p50,      p90,      p95,      p99,      max, 
       TotalPurchase,      55291,          0,          0,          0,      53446,      57903,      300,     1100,     1600,     1700,     2400,   134000,
     InStorePurchase,      29101,          0,          0,          0,      28274,      30464,      300,     1100,     1600,     1700,     2300,   134000,
      OnlinePurchase,      20352,          0,          0,          0,      19677,      21311,      300,     1100,     1600,     1740,     2400,   134000,
        InstPurchase,       5838,          0,          0,          0,       5495,       6128,      400,     1200,     1700,     1800,     2500,   134000,
          AssocOfCat,         59,          0,          0,          0,         55,         61,    17600,    23000,    26000,    26900,    31000,    31000,
      AssocOfProduct,        578,          0,          0,          0,        476,        619,      500,     1500,     1900,     2100,     3080,   121000,
      BusinessReport,        147,          0,          0,          0,        105,        169,    18300,    24000,    28000,    29500,    34800,    39000,
          CustBuyBeh,        584,          0,          0,          0,        497,        607,      200,      900,     1400,     1560,     2300,     6800,
       ProductReturn,       1542,          0,          0,          0,       1381,       1614,      200,      900,     1500,     1600,     2300,   121000,

  1082s: ( 8%)   IR =   1107 .....[1088.271s][info][gc,start       ] GC(183) Pause Young (Concurrent Start) (G1 Evacuation Pause)
[1088.271s][info][gc,task        ] GC(183) Using 6 workers of 6 for evacuation
[1088.388s][info][gc,phases      ] GC(183)   Pre Evacuate Collection Set: 0.43ms
[1088.388s][info][gc,phases      ] GC(183)   Merge Heap Roots: 0.52ms
[1088.388s][info][gc,phases      ] GC(183)   Evacuate Collection Set: 114.83ms
[1088.388s][info][gc,phases      ] GC(183)   Post Evacuate Collection Set: 0.92ms
[1088.388s][info][gc,phases      ] GC(183)   Other: 0.13ms
[1088.388s][info][gc,heap        ] GC(183) Eden regions: 1119->0(1119)
[1088.388s][info][gc,heap        ] GC(183) Survivor regions: 109->109(154)
[1088.388s][info][gc,heap        ] GC(183) Old regions: 461->493
[1088.388s][info][gc,heap        ] GC(183) Humongous regions: 77->77
[1088.388s][info][gc,metaspace   ] GC(183) Metaspace: 28946K(29312K)->28946K(29312K) NonClass: 24061K(24192K)->24061K(24192K) Class: 4884K(5120K)->4884K(5120K)
[1088.388s][info][gc             ] GC(183) Pause Young (Concurrent Start) (G1 Evacuation Pause) 3530M->1354M(4096M) 116.966ms
[1088.388s][info][gc             ] GC(184) Concurrent Mark Cycle
[1088.388s][info][gc,marking     ] GC(184) Concurrent Scan Root Regions
[1088.388s][info][gc,cpu         ] GC(183) User=0.69s Sys=0.01s Real=0.12s
[1088.508s][info][gc,marking     ] GC(184) Concurrent Scan Root Regions 119.286ms
[1088.508s][info][gc,marking     ] GC(184) Concurrent Mark
[1088.508s][info][gc,marking     ] GC(184) Concurrent Mark From Roots
[1088.508s][info][gc,task        ] GC(184) Using 2 workers of 2 for marking
[1089.018s][info][gc,marking     ] GC(184) Concurrent Mark From Roots 510.054ms
[1089.018s][info][gc,marking     ] GC(184) Concurrent Preclean
[1089.018s][info][gc,marking     ] GC(184) Concurrent Preclean 0.058ms
[1089.018s][info][gc,start       ] GC(184) Pause Remark
[1089.020s][info][gc             ] GC(184) Pause Remark 1479M->1479M(4096M) 2.381ms
[1089.020s][info][gc,cpu         ] GC(184) User=0.01s Sys=0.01s Real=0.00s
[1089.020s][info][gc,marking     ] GC(184) Concurrent Mark 512.716ms
[1089.020s][info][gc,marking     ] GC(184) Concurrent Rebuild Remembered Sets and Scrub Regions
.|[1089.222s][info][gc,marking     ] GC(184) Concurrent Rebuild Remembered Sets and Scrub Regions 201.606ms
[1089.222s][info][gc,start       ] GC(184) Pause Cleanup
[1089.222s][info][gc             ] GC(184) Pause Cleanup 1503M->1503M(4096M) 0.123ms
[1089.222s][info][gc,cpu         ] GC(184) User=0.00s Sys=0.00s Real=0.00s
[1089.222s][info][gc,marking     ] GC(184) Concurrent Clear Claimed Marks
[1089.222s][info][gc,marking     ] GC(184) Concurrent Clear Claimed Marks 0.030ms
[1089.222s][info][gc,marking     ] GC(184) Concurrent Cleanup for Next Mark
[1089.226s][info][gc,marking     ] GC(184) Concurrent Cleanup for Next Mark 3.258ms
[1089.226s][info][gc             ] GC(184) Concurrent Mark Cycle 837.352ms
................[1105.417s][info][gc,start       ] GC(185) Pause Young (Prepare Mixed) (G1 Evacuation Pause)
[1105.418s][info][gc,task        ] GC(185) Using 6 workers of 6 for evacuation
[1105.534s][info][gc,phases      ] GC(185)   Pre Evacuate Collection Set: 0.36ms
[1105.534s][info][gc,phases      ] GC(185)   Merge Heap Roots: 0.55ms
[1105.534s][info][gc,phases      ] GC(185)   Evacuate Collection Set: 114.78ms
[1105.534s][info][gc,phases      ] GC(185)   Post Evacuate Collection Set: 0.96ms
[1105.534s][info][gc,phases      ] GC(185)   Other: 0.09ms
[1105.534s][info][gc,heap        ] GC(185) Eden regions: 1119->0(1119)
[1105.534s][info][gc,heap        ] GC(185) Survivor regions: 109->109(154)
[1105.534s][info][gc,heap        ] GC(185) Old regions: 493->525
[1105.534s][info][gc,heap        ] GC(185) Humongous regions: 77->77
[1105.534s][info][gc,metaspace   ] GC(185) Metaspace: 28946K(29312K)->28946K(29312K) NonClass: 24061K(24192K)->24061K(24192K) Class: 4884K(5120K)->4884K(5120K)
[1105.534s][info][gc             ] GC(185) Pause Young (Prepare Mixed) (G1 Evacuation Pause) 3592M->1418M(4096M) 116.891ms
[1105.534s][info][gc,cpu         ] GC(185) User=0.69s Sys=0.00s Real=0.11s
.................[1122.665s][info][gc,start       ] GC(186) Pause Young (Mixed) (G1 Evacuation Pause)
[1122.665s][info][gc,task        ] GC(186) Using 6 workers of 6 for evacuation
[1122.798s][info][gc,phases      ] GC(186)   Pre Evacuate Collection Set: 0.37ms
[1122.798s][info][gc,phases      ] GC(186)   Merge Heap Roots: 0.70ms
[1122.798s][info][gc,phases      ] GC(186)   Evacuate Collection Set: 130.54ms
[1122.798s][info][gc,phases      ] GC(186)   Post Evacuate Collection Set: 0.97ms
[1122.798s][info][gc,phases      ] GC(186)   Other: 0.10ms
[1122.798s][info][gc,heap        ] GC(186) Eden regions: 1119->0(1120)
[1122.798s][info][gc,heap        ] GC(186) Survivor regions: 109->108(154)
[1122.798s][info][gc,heap        ] GC(186) Old regions: 525->462
[1122.798s][info][gc,heap        ] GC(186) Humongous regions: 77->77
[1122.798s][info][gc,metaspace   ] GC(186) Metaspace: 28946K(29312K)->28946K(29312K) NonClass: 24061K(24192K)->24061K(24192K) Class: 4884K(5120K)->4884K(5120K)
[1122.798s][info][gc             ] GC(186) Pause Young (Mixed) (G1 Evacuation Pause) 3656M->1291M(4096M) 132.799ms
[1122.798s][info][gc,cpu         ] GC(186) User=0.78s Sys=0.00s Real=0.14s
.................[1139.969s][info][gc,start       ] GC(187) Pause Young (Concurrent Start) (G1 Evacuation Pause)
[1139.969s][info][gc,task        ] GC(187) Using 6 workers of 6 for evacuation
[1140.086s][info][gc,phases      ] GC(187)   Pre Evacuate Collection Set: 0.44ms
[1140.086s][info][gc,phases      ] GC(187)   Merge Heap Roots: 0.52ms
[1140.086s][info][gc,phases      ] GC(187)   Evacuate Collection Set: 114.50ms
[1140.086s][info][gc,phases      ] GC(187)   Post Evacuate Collection Set: 0.92ms
[1140.086s][info][gc,phases      ] GC(187)   Other: 0.13ms
[1140.086s][info][gc,heap        ] GC(187) Eden regions: 1120->0(1119)
[1140.086s][info][gc,heap        ] GC(187) Survivor regions: 108->109(154)
[1140.086s][info][gc,heap        ] GC(187) Old regions: 462->493
[1140.086s][info][gc,heap        ] GC(187) Humongous regions: 77->77
[1140.086s][info][gc,metaspace   ] GC(187) Metaspace: 28946K(29312K)->28946K(29312K) NonClass: 24061K(24192K)->24061K(24192K) Class: 4884K(5120K)->4884K(5120K)
[1140.086s][info][gc             ] GC(187) Pause Young (Concurrent Start) (G1 Evacuation Pause) 3531M->1355M(4096M) 116.632ms
[1140.086s][info][gc             ] GC(188) Concurrent Mark Cycle
[1140.086s][info][gc,marking     ] GC(188) Concurrent Scan Root Regions
[1140.086s][info][gc,cpu         ] GC(187) User=0.69s Sys=0.00s Real=0.12s
.[1140.197s][info][gc,marking     ] GC(188) Concurrent Scan Root Regions 111.412ms
[1140.197s][info][gc,marking     ] GC(188) Concurrent Mark
[1140.197s][info][gc,marking     ] GC(188) Concurrent Mark From Roots
[1140.197s][info][gc,task        ] GC(188) Using 2 workers of 2 for marking
[1140.741s][info][gc,marking     ] GC(188) Concurrent Mark From Roots 543.740ms
[1140.741s][info][gc,marking     ] GC(188) Concurrent Preclean
[1140.741s][info][gc,marking     ] GC(188) Concurrent Preclean 0.054ms
[1140.741s][info][gc,start       ] GC(188) Pause Remark
[1140.744s][info][gc             ] GC(188) Pause Remark 1457M->1457M(4096M) 2.505ms
[1140.744s][info][gc,cpu         ] GC(188) User=0.01s Sys=0.00s Real=0.00s
[1140.744s][info][gc,marking     ] GC(188) Concurrent Mark 546.555ms
[1140.744s][info][gc,marking     ] GC(188) Concurrent Rebuild Remembered Sets and Scrub Regions
[1140.948s][info][gc,marking     ] GC(188) Concurrent Rebuild Remembered Sets and Scrub Regions 204.187ms
[1140.948s][info][gc,start       ] GC(188) Pause Cleanup
[1140.948s][info][gc             ] GC(188) Pause Cleanup 1486M->1486M(4096M) 0.115ms
[1140.948s][info][gc,cpu         ] GC(188) User=0.00s Sys=0.00s Real=0.00s
[1140.948s][info][gc,marking     ] GC(188) Concurrent Clear Claimed Marks
[1140.948s][info][gc,marking     ] GC(188) Concurrent Clear Claimed Marks 0.031ms
[1140.948s][info][gc,marking     ] GC(188) Concurrent Cleanup for Next Mark
[1140.952s][info][gc,marking     ] GC(188) Concurrent Cleanup for Next Mark 3.817ms
[1140.952s][info][gc             ] GC(188) Concurrent Mark Cycle 866.483ms
......... (rIR:aIR:PR = 1107:1107:1107) (tPR = 16300) [OK] 
  1148s: Performance info:
         Transaction,    Success,    Partial,     Failed,   Receipts, AvgBarcode, 
             Overall,      66453,          0,          0,      63136,      59.48, 
         Response times:
             Request,    Success,    Partial,     Failed,   SkipFail,     Probes,    Samples,      min,      p50,      p90,      p95,      p99,      max, 
       TotalPurchase,      63136,          0,          0,          0,      61068,      68106,      300,     1200,     1800,     1900,     2900,   136000,
     InStorePurchase,      33258,          0,          0,          0,      32378,      36083,      300,     1200,     1800,     2000,     3100,   135000,
      OnlinePurchase,      23223,          0,          0,          0,      22359,      24836,      300,     1200,     1800,     1900,     2900,   136000,
        InstPurchase,       6655,          0,          0,          0,       6331,       7187,      400,     1100,     1700,     1900,     2600,   136000,
          AssocOfCat,         65,          0,          0,          0,         64,         71,    18100,    24000,    26800,    47400,    54000,    54000,
      AssocOfProduct,        664,          0,          0,          0,        554,        696,      600,     1400,     1900,     2200,     2903,     8300,
      BusinessReport,        165,          0,          0,          0,        119,        172,    19100,    25000,    31000,    37050,    57160,    63000,
          CustBuyBeh,        667,          0,          0,          0,        587,        748,      200,     1100,     1600,     1700,     2500,   135000,
       ProductReturn,       1756,          0,          0,          0,       1574,       1884,      200,     1100,     1700,     1900,     2800,    14200,

  1148s: ( 9%)   IR =   1245 ....|...[1156.395s][info][gc,start       ] GC(189) Pause Young (Prepare Mixed) (G1 Evacuation Pause)
[1156.395s][info][gc,task        ] GC(189) Using 6 workers of 6 for evacuation
[1156.512s][info][gc,phases      ] GC(189)   Pre Evacuate Collection Set: 0.38ms
[1156.512s][info][gc,phases      ] GC(189)   Merge Heap Roots: 0.51ms
[1156.512s][info][gc,phases      ] GC(189)   Evacuate Collection Set: 115.02ms
[1156.512s][info][gc,phases      ] GC(189)   Post Evacuate Collection Set: 0.91ms
[1156.512s][info][gc,phases      ] GC(189)   Other: 0.08ms
[1156.512s][info][gc,heap        ] GC(189) Eden regions: 1119->0(1119)
[1156.512s][info][gc,heap        ] GC(189) Survivor regions: 109->109(154)
[1156.512s][info][gc,heap        ] GC(189) Old regions: 493->525
[1156.512s][info][gc,heap        ] GC(189) Humongous regions: 77->77
[1156.512s][info][gc,metaspace   ] GC(189) Metaspace: 28949K(29312K)->28949K(29312K) NonClass: 24064K(24192K)->24064K(24192K) Class: 4884K(5120K)->4884K(5120K)
[1156.512s][info][gc             ] GC(189) Pause Young (Prepare Mixed) (G1 Evacuation Pause) 3593M->1419M(4096M) 117.053ms
[1156.512s][info][gc,cpu         ] GC(189) User=0.70s Sys=0.00s Real=0.12s
...............[1171.656s][info][gc,start       ] GC(190) Pause Young (Mixed) (G1 Evacuation Pause)
[1171.656s][info][gc,task        ] GC(190) Using 6 workers of 6 for evacuation
[1171.790s][info][gc,phases      ] GC(190)   Pre Evacuate Collection Set: 0.38ms
[1171.790s][info][gc,phases      ] GC(190)   Merge Heap Roots: 0.63ms
[1171.790s][info][gc,phases      ] GC(190)   Evacuate Collection Set: 132.46ms
[1171.790s][info][gc,phases      ] GC(190)   Post Evacuate Collection Set: 0.99ms
[1171.790s][info][gc,phases      ] GC(190)   Other: 0.09ms
[1171.790s][info][gc,heap        ] GC(190) Eden regions: 1119->0(1120)
[1171.790s][info][gc,heap        ] GC(190) Survivor regions: 109->108(154)
[1171.790s][info][gc,heap        ] GC(190) Old regions: 525->465
[1171.790s][info][gc,heap        ] GC(190) Humongous regions: 77->77
[1171.790s][info][gc,metaspace   ] GC(190) Metaspace: 28949K(29312K)->28949K(29312K) NonClass: 24064K(24192K)->24064K(24192K) Class: 4884K(5120K)->4884K(5120K)
[1171.790s][info][gc             ] GC(190) Pause Young (Mixed) (G1 Evacuation Pause) 3657M->1297M(4096M) 134.688ms
[1171.790s][info][gc,cpu         ] GC(190) User=0.80s Sys=0.00s Real=0.14s
...............[1187.054s][info][gc,start       ] GC(191) Pause Young (Concurrent Start) (G1 Evacuation Pause)
[1187.054s][info][gc,task        ] GC(191) Using 6 workers of 6 for evacuation
[1187.171s][info][gc,phases      ] GC(191)   Pre Evacuate Collection Set: 0.45ms
[1187.171s][info][gc,phases      ] GC(191)   Merge Heap Roots: 0.51ms
[1187.171s][info][gc,phases      ] GC(191)   Evacuate Collection Set: 114.57ms
[1187.171s][info][gc,phases      ] GC(191)   Post Evacuate Collection Set: 0.89ms
[1187.171s][info][gc,phases      ] GC(191)   Other: 0.11ms
[1187.171s][info][gc,heap        ] GC(191) Eden regions: 1120->0(1120)
[1187.171s][info][gc,heap        ] GC(191) Survivor regions: 108->108(154)
[1187.171s][info][gc,heap        ] GC(191) Old regions: 465->497
[1187.171s][info][gc,heap        ] GC(191) Humongous regions: 77->77
[1187.171s][info][gc,metaspace   ] GC(191) Metaspace: 28949K(29312K)->28949K(29312K) NonClass: 24064K(24192K)->24064K(24192K) Class: 4884K(5120K)->4884K(5120K)
[1187.171s][info][gc             ] GC(191) Pause Young (Concurrent Start) (G1 Evacuation Pause) 3537M->1362M(4096M) 116.663ms
[1187.171s][info][gc             ] GC(192) Concurrent Mark Cycle
[1187.171s][info][gc,marking     ] GC(192) Concurrent Scan Root Regions
[1187.171s][info][gc,cpu         ] GC(191) User=0.69s Sys=0.00s Real=0.12s
.[1187.338s][info][gc,marking     ] GC(192) Concurrent Scan Root Regions 166.964ms
[1187.338s][info][gc,marking     ] GC(192) Concurrent Mark
[1187.338s][info][gc,marking     ] GC(192) Concurrent Mark From Roots
[1187.338s][info][gc,task        ] GC(192) Using 2 workers of 2 for marking
[1188.212s][info][gc,marking     ] GC(192) Concurrent Mark From Roots 874.298ms
[1188.212s][info][gc,marking     ] GC(192) Concurrent Preclean
[1188.212s][info][gc,marking     ] GC(192) Concurrent Preclean 0.059ms
[1188.213s][info][gc,start       ] GC(192) Pause Remark
[1188.215s][info][gc             ] GC(192) Pause Remark 1538M->1538M(4096M) 2.672ms
[1188.215s][info][gc,cpu         ] GC(192) User=0.01s Sys=0.00s Real=0.00s
[1188.215s][info][gc,marking     ] GC(192) Concurrent Mark 877.257ms
[1188.215s][info][gc,marking     ] GC(192) Concurrent Rebuild Remembered Sets and Scrub Regions
.[1188.545s][info][gc,marking     ] GC(192) Concurrent Rebuild Remembered Sets and Scrub Regions 330.148ms
[1188.546s][info][gc,start       ] GC(192) Pause Cleanup
[1188.546s][info][gc             ] GC(192) Pause Cleanup 1591M->1591M(4096M) 0.111ms
[1188.546s][info][gc,cpu         ] GC(192) User=0.00s Sys=0.00s Real=0.00s
[1188.546s][info][gc,marking     ] GC(192) Concurrent Clear Claimed Marks
[1188.546s][info][gc,marking     ] GC(192) Concurrent Clear Claimed Marks 0.027ms
[1188.546s][info][gc,marking     ] GC(192) Concurrent Cleanup for Next Mark
[1188.549s][info][gc,marking     ] GC(192) Concurrent Cleanup for Next Mark 3.497ms
[1188.549s][info][gc             ] GC(192) Concurrent Mark Cycle 1378.274ms
..............[1202.377s][info][gc,start       ] GC(193) Pause Young (Prepare Mixed) (G1 Evacuation Pause)
[1202.377s][info][gc,task        ] GC(193) Using 6 workers of 6 for evacuation
[1202.494s][info][gc,phases      ] GC(193)   Pre Evacuate Collection Set: 0.36ms
[1202.494s][info][gc,phases      ] GC(193)   Merge Heap Roots: 0.52ms
[1202.494s][info][gc,phases      ] GC(193)   Evacuate Collection Set: 115.00ms
[1202.494s][info][gc,phases      ] GC(193)   Post Evacuate Collection Set: 0.93ms
[1202.494s][info][gc,phases      ] GC(193)   Other: 0.09ms
[1202.494s][info][gc,heap        ] GC(193) Eden regions: 1120->0(1119)
[1202.494s][info][gc,heap        ] GC(193) Survivor regions: 108->109(154)
[1202.494s][info][gc,heap        ] GC(193) Old regions: 497->529
[1202.494s][info][gc,heap        ] GC(193) Humongous regions: 77->77
[1202.494s][info][gc,metaspace   ] GC(193) Metaspace: 28949K(29312K)->28949K(29312K) NonClass: 24064K(24192K)->24064K(24192K) Class: 4884K(5120K)->4884K(5120K)
[1202.494s][info][gc             ] GC(193) Pause Young (Prepare Mixed) (G1 Evacuation Pause) 3602M->1427M(4096M) 117.032ms
[1202.494s][info][gc,cpu         ] GC(193) User=0.69s Sys=0.00s Real=0.11s
........... (rIR:aIR:PR = 1245:1246:1246) (tPR = 18763) [OK] 
  1212s: Performance info:
         Transaction,    Success,    Partial,     Failed,   Receipts, AvgBarcode, 
             Overall,      74806,          0,          0,      71078,      59.47, 
         Response times:
             Request,    Success,    Partial,     Failed,   SkipFail,     Probes,    Samples,      min,      p50,      p90,      p95,      p99,      max, 
       TotalPurchase,      71078,          0,          0,          0,      68354,      74058,      300,     1300,     1900,     2100,     3100,   138000,
     InStorePurchase,      37428,          0,          0,          0,      36187,      39003,      300,     1300,     1900,     2100,     3100,   138000,
      OnlinePurchase,      26166,          0,          0,          0,      25129,      27267,      300,     1400,     2000,     2200,     3100,   137000,
        InstPurchase,       7484,          0,          0,          0,       7038,       7788,      400,     1200,     1900,     2100,     3100,   122000,
          AssocOfCat,         76,          0,          0,          0,         73,         78,    17700,    24000,    27000,    28000,    50000,    50000,
      AssocOfProduct,        743,          0,          0,          0,        631,        775,      700,     1600,     2100,     2300,     3324,   121000,
      BusinessReport,        187,          0,          0,          0,        145,        192,    18800,    25000,    30000,    32000,    39630,    48000,
          CustBuyBeh,        740,          0,          0,          0,        642,        802,      100,      500,     1000,     1300,     2000,     4400,
       ProductReturn,       1982,          0,          0,          0,       1780,       2046,      200,     1100,     1800,     1900,     2800,    10100,

  1212s: (10%)   IR =   1384 ...[1217.156s][info][gc,start       ] GC(194) Pause Young (Mixed) (G1 Evacuation Pause)
[1217.156s][info][gc,task        ] GC(194) Using 6 workers of 6 for evacuation
[1217.286s][info][gc,phases      ] GC(194)   Pre Evacuate Collection Set: 0.40ms
[1217.286s][info][gc,phases      ] GC(194)   Merge Heap Roots: 0.71ms
[1217.286s][info][gc,phases      ] GC(194)   Evacuate Collection Set: 128.42ms
[1217.286s][info][gc,phases      ] GC(194)   Post Evacuate Collection Set: 0.95ms
[1217.286s][info][gc,phases      ] GC(194)   Other: 0.10ms
[1217.286s][info][gc,heap        ] GC(194) Eden regions: 1119->0(1119)
[1217.286s][info][gc,heap        ] GC(194) Survivor regions: 109->109(154)
[1217.286s][info][gc,heap        ] GC(194) Old regions: 529->465
[1217.286s][info][gc,heap        ] GC(194) Humongous regions: 77->77
[1217.286s][info][gc,metaspace   ] GC(194) Metaspace: 28949K(29312K)->28949K(29312K) NonClass: 24064K(24192K)->24064K(24192K) Class: 4884K(5120K)->4884K(5120K)
[1217.286s][info][gc             ] GC(194) Pause Young (Mixed) (G1 Evacuation Pause) 3665M->1298M(4096M) 130.720ms
[1217.286s][info][gc,cpu         ] GC(194) User=0.77s Sys=0.00s Real=0.14s
.....|.........[1230.945s][info][gc,start       ] GC(195) Pause Young (Concurrent Start) (G1 Evacuation Pause)
[1230.945s][info][gc,task        ] GC(195) Using 6 workers of 6 for evacuation
[1231.061s][info][gc,phases      ] GC(195)   Pre Evacuate Collection Set: 0.41ms
[1231.061s][info][gc,phases      ] GC(195)   Merge Heap Roots: 0.46ms
[1231.061s][info][gc,phases      ] GC(195)   Evacuate Collection Set: 114.13ms
[1231.061s][info][gc,phases      ] GC(195)   Post Evacuate Collection Set: 0.89ms
[1231.061s][info][gc,phases      ] GC(195)   Other: 0.10ms
[1231.061s][info][gc,heap        ] GC(195) Eden regions: 1119->0(1121)
[1231.061s][info][gc,heap        ] GC(195) Survivor regions: 109->107(154)
[1231.061s][info][gc,heap        ] GC(195) Old regions: 465->497
[1231.061s][info][gc,heap        ] GC(195) Humongous regions: 77->77
[1231.061s][info][gc,metaspace   ] GC(195) Metaspace: 28949K(29312K)->28949K(29312K) NonClass: 24064K(24192K)->24064K(24192K) Class: 4884K(5120K)->4884K(5120K)
[1231.061s][info][gc             ] GC(195) Pause Young (Concurrent Start) (G1 Evacuation Pause) 3536M->1360M(4096M) 116.135ms
[1231.061s][info][gc             ] GC(196) Concurrent Mark Cycle
[1231.061s][info][gc,marking     ] GC(196) Concurrent Scan Root Regions
[1231.061s][info][gc,cpu         ] GC(195) User=0.68s Sys=0.00s Real=0.12s
[1231.173s][info][gc,marking     ] GC(196) Concurrent Scan Root Regions 112.356ms
[1231.173s][info][gc,marking     ] GC(196) Concurrent Mark
[1231.173s][info][gc,marking     ] GC(196) Concurrent Mark From Roots
[1231.173s][info][gc,task        ] GC(196) Using 2 workers of 2 for marking
.[1231.694s][info][gc,marking     ] GC(196) Concurrent Mark From Roots 520.981ms
[1231.694s][info][gc,marking     ] GC(196) Concurrent Preclean
[1231.694s][info][gc,marking     ] GC(196) Concurrent Preclean 0.060ms
[1231.694s][info][gc,start       ] GC(196) Pause Remark
[1231.697s][info][gc             ] GC(196) Pause Remark 1459M->1459M(4096M) 2.569ms
[1231.697s][info][gc,cpu         ] GC(196) User=0.01s Sys=0.00s Real=0.01s
[1231.697s][info][gc,marking     ] GC(196) Concurrent Mark 523.850ms
[1231.697s][info][gc,marking     ] GC(196) Concurrent Rebuild Remembered Sets and Scrub Regions
[1231.926s][info][gc,marking     ] GC(196) Concurrent Rebuild Remembered Sets and Scrub Regions 228.821ms
[1231.926s][info][gc,start       ] GC(196) Pause Cleanup
[1231.926s][info][gc             ] GC(196) Pause Cleanup 1517M->1517M(4096M) 0.123ms
[1231.926s][info][gc,cpu         ] GC(196) User=0.00s Sys=0.00s Real=0.00s
[1231.926s][info][gc,marking     ] GC(196) Concurrent Clear Claimed Marks
[1231.926s][info][gc,marking     ] GC(196) Concurrent Clear Claimed Marks 0.031ms
[1231.926s][info][gc,marking     ] GC(196) Concurrent Cleanup for Next Mark
[1231.930s][info][gc,marking     ] GC(196) Concurrent Cleanup for Next Mark 3.434ms
[1231.930s][info][gc             ] GC(196) Concurrent Mark Cycle 869.193ms
.............[1244.798s][info][gc,start       ] GC(197) Pause Young (Prepare Mixed) (G1 Evacuation Pause)
[1244.798s][info][gc,task        ] GC(197) Using 6 workers of 6 for evacuation
[1244.915s][info][gc,phases      ] GC(197)   Pre Evacuate Collection Set: 0.35ms
[1244.915s][info][gc,phases      ] GC(197)   Merge Heap Roots: 0.55ms
[1244.915s][info][gc,phases      ] GC(197)   Evacuate Collection Set: 114.92ms
[1244.915s][info][gc,phases      ] GC(197)   Post Evacuate Collection Set: 0.94ms
[1244.915s][info][gc,phases      ] GC(197)   Other: 0.10ms
[1244.915s][info][gc,heap        ] GC(197) Eden regions: 1121->0(1119)
[1244.915s][info][gc,heap        ] GC(197) Survivor regions: 107->109(154)
[1244.915s][info][gc,heap        ] GC(197) Old regions: 497->529
[1244.915s][info][gc,heap        ] GC(197) Humongous regions: 77->77
[1244.915s][info][gc,metaspace   ] GC(197) Metaspace: 28949K(29312K)->28949K(29312K) NonClass: 24065K(24192K)->24065K(24192K) Class: 4884K(5120K)->4884K(5120K)
[1244.915s][info][gc             ] GC(197) Pause Young (Prepare Mixed) (G1 Evacuation Pause) 3602M->1428M(4096M) 117.024ms
[1244.915s][info][gc,cpu         ] GC(197) User=0.69s Sys=0.00s Real=0.11s
..............[1258.533s][info][gc,start       ] GC(198) Pause Young (Mixed) (G1 Evacuation Pause)
[1258.533s][info][gc,task        ] GC(198) Using 6 workers of 6 for evacuation
[1258.668s][info][gc,phases      ] GC(198)   Pre Evacuate Collection Set: 0.39ms
[1258.668s][info][gc,phases      ] GC(198)   Merge Heap Roots: 0.70ms
[1258.668s][info][gc,phases      ] GC(198)   Evacuate Collection Set: 132.92ms
[1258.668s][info][gc,phases      ] GC(198)   Post Evacuate Collection Set: 0.96ms
[1258.668s][info][gc,phases      ] GC(198)   Other: 0.09ms
[1258.668s][info][gc,heap        ] GC(198) Eden regions: 1119->0(1119)
[1258.668s][info][gc,heap        ] GC(198) Survivor regions: 109->109(154)
[1258.668s][info][gc,heap        ] GC(198) Old regions: 529->465
[1258.668s][info][gc,heap        ] GC(198) Humongous regions: 77->77
[1258.669s][info][gc,metaspace   ] GC(198) Metaspace: 28950K(29312K)->28950K(29312K) NonClass: 24065K(24192K)->24065K(24192K) Class: 4884K(5120K)->4884K(5120K)
[1258.669s][info][gc             ] GC(198) Pause Young (Mixed) (G1 Evacuation Pause) 3666M->1299M(4096M) 135.186ms
[1258.669s][info][gc,cpu         ] GC(198) User=0.80s Sys=0.00s Real=0.14s
.............[1272.305s][info][gc,start       ] GC(199) Pause Young (Concurrent Start) (G1 Evacuation Pause)
[1272.305s][info][gc,task        ] GC(199) Using 6 workers of 6 for evacuation
[1272.422s][info][gc,phases      ] GC(199)   Pre Evacuate Collection Set: 0.47ms
[1272.422s][info][gc,phases      ] GC(199)   Merge Heap Roots: 0.52ms
[1272.422s][info][gc,phases      ] GC(199)   Evacuate Collection Set: 114.77ms
[1272.422s][info][gc,phases      ] GC(199)   Post Evacuate Collection Set: 0.88ms
[1272.422s][info][gc,phases      ] GC(199)   Other: 0.13ms
[1272.422s][info][gc,heap        ] GC(199) Eden regions: 1119->0(1119)
[1272.422s][info][gc,heap        ] GC(199) Survivor regions: 109->109(154)
[1272.422s][info][gc,heap        ] GC(199) Old regions: 465->497
[1272.422s][info][gc,heap        ] GC(199) Humongous regions: 77->77
[1272.422s][info][gc,metaspace   ] GC(199) Metaspace: 28950K(29312K)->28950K(29312K) NonClass: 24065K(24192K)->24065K(24192K) Class: 4884K(5120K)->4884K(5120K)
[1272.422s][info][gc             ] GC(199) Pause Young (Concurrent Start) (G1 Evacuation Pause) 3537M->1362M(4096M) 116.926ms
[1272.422s][info][gc             ] GC(200) Concurrent Mark Cycle
[1272.422s][info][gc,marking     ] GC(200) Concurrent Scan Root Regions
[1272.422s][info][gc,cpu         ] GC(199) User=0.69s Sys=0.00s Real=0.12s
.[1272.591s][info][gc,marking     ] GC(200) Concurrent Scan Root Regions 168.723ms
[1272.591s][info][gc,marking     ] GC(200) Concurrent Mark
[1272.591s][info][gc,marking     ] GC(200) Concurrent Mark From Roots
[1272.591s][info][gc,task        ] GC(200) Using 2 workers of 2 for marking
.[1273.468s][info][gc,marking     ] GC(200) Concurrent Mark From Roots 876.714ms
[1273.468s][info][gc,marking     ] GC(200) Concurrent Preclean
[1273.468s][info][gc,marking     ] GC(200) Concurrent Preclean 0.051ms
[1273.468s][info][gc,start       ] GC(200) Pause Remark
[1273.471s][info][gc             ] GC(200) Pause Remark 1552M->1552M(4096M) 2.948ms
[1273.471s][info][gc,cpu         ] GC(200) User=0.01s Sys=0.01s Real=0.00s
[1273.471s][info][gc,marking     ] GC(200) Concurrent Mark 879.953ms
[1273.471s][info][gc,marking     ] GC(200) Concurrent Rebuild Remembered Sets and Scrub Regions
[1273.676s][info][gc,marking     ] GC(200) Concurrent Rebuild Remembered Sets and Scrub Regions 204.949ms
[1273.676s][info][gc,start       ] GC(200) Pause Cleanup
[1273.676s][info][gc             ] GC(200) Pause Cleanup 1590M->1590M(4096M) 0.113ms
[1273.676s][info][gc,cpu         ] GC(200) User=0.00s Sys=0.00s Real=0.00s
[1273.676s][info][gc,marking     ] GC(200) Concurrent Clear Claimed Marks
[1273.676s][info][gc,marking     ] GC(200) Concurrent Clear Claimed Marks 0.027ms
[1273.676s][info][gc,marking     ] GC(200) Concurrent Cleanup for Next Mark
[1273.679s][info][gc,marking     ] GC(200) Concurrent Cleanup for Next Mark 3.243ms
[1273.679s][info][gc             ] GC(200) Concurrent Mark Cycle 1257.312ms
........ (rIR:aIR:PR = 1384:1383:1383) (tPR = 20719) [OK] 
  1281s: Performance info:
         Transaction,    Success,    Partial,     Failed,   Receipts, AvgBarcode, 
             Overall,      83206,          0,          0,      79037,      59.46, 
         Response times:
             Request,    Success,    Partial,     Failed,   SkipFail,     Probes,    Samples,      min,      p50,      p90,      p95,      p99,      max, 
       TotalPurchase,      79037,          0,          0,          0,      76395,      88253,      300,     1400,     2100,     2300,     3800,   146000,
     InStorePurchase,      41590,          0,          0,          0,      40285,      46229,      300,     1400,     2100,     2300,     3700,   139000,
      OnlinePurchase,      29119,          0,          0,          0,      28279,      32756,      300,     1400,     2100,     2300,     4400,   146000,
        InstPurchase,       8328,          0,          0,          0,       7831,       9268,      400,     1500,     2100,     2300,     3600,   133000,
          AssocOfCat,         83,          0,          0,          0,         81,         94,    17500,    24000,    28000,    32000,    38000,    38000,
      AssocOfProduct,        839,          0,          0,          0,        709,        911,      600,     1800,     2300,     2500,     3688,   134000,
      BusinessReport,        207,          0,          0,          0,        140,        222,    18500,    26000,    33700,    39000,    78000,   183000,
          CustBuyBeh,        833,          0,          0,          0,        718,        950,      300,     1500,     2100,     2300,     2949,     6900,
       ProductReturn,       2207,          0,          0,          0,       1995,       2475,      300,     1100,     1800,     2100,     4524,   120000,

  1281s: (11%)   IR =   1522 ....[1285.742s][info][gc,start       ] GC(201) Pause Young (Prepare Mixed) (G1 Evacuation Pause)
[1285.742s][info][gc,task        ] GC(201) Using 6 workers of 6 for evacuation
[1285.859s][info][gc,phases      ] GC(201)   Pre Evacuate Collection Set: 0.35ms
[1285.859s][info][gc,phases      ] GC(201)   Merge Heap Roots: 0.58ms
[1285.859s][info][gc,phases      ] GC(201)   Evacuate Collection Set: 114.97ms
[1285.859s][info][gc,phases      ] GC(201)   Post Evacuate Collection Set: 0.92ms
[1285.859s][info][gc,phases      ] GC(201)   Other: 0.09ms
[1285.859s][info][gc,heap        ] GC(201) Eden regions: 1119->0(1118)
[1285.859s][info][gc,heap        ] GC(201) Survivor regions: 109->110(154)
[1285.859s][info][gc,heap        ] GC(201) Old regions: 497->529
[1285.859s][info][gc,heap        ] GC(201) Humongous regions: 77->77
[1285.859s][info][gc,metaspace   ] GC(201) Metaspace: 28950K(29312K)->28950K(29312K) NonClass: 24066K(24192K)->24066K(24192K) Class: 4884K(5120K)->4884K(5120K)
[1285.859s][info][gc             ] GC(201) Pause Young (Prepare Mixed) (G1 Evacuation Pause) 3600M->1428M(4096M) 117.036ms
[1285.859s][info][gc,cpu         ] GC(201) User=0.69s Sys=0.00s Real=0.12s
.|...........[1298.231s][info][gc,start       ] GC(202) Pause Young (Mixed) (G1 Evacuation Pause)
[1298.232s][info][gc,task        ] GC(202) Using 6 workers of 6 for evacuation
[1298.363s][info][gc,phases      ] GC(202)   Pre Evacuate Collection Set: 0.41ms
[1298.363s][info][gc,phases      ] GC(202)   Merge Heap Roots: 0.60ms
[1298.363s][info][gc,phases      ] GC(202)   Evacuate Collection Set: 128.99ms
[1298.363s][info][gc,phases      ] GC(202)   Post Evacuate Collection Set: 1.00ms
[1298.363s][info][gc,phases      ] GC(202)   Other: 0.10ms
[1298.363s][info][gc,heap        ] GC(202) Eden regions: 1118->0(1119)
[1298.363s][info][gc,heap        ] GC(202) Survivor regions: 110->109(154)
[1298.363s][info][gc,heap        ] GC(202) Old regions: 529->464
[1298.363s][info][gc,heap        ] GC(202) Humongous regions: 77->77
[1298.363s][info][gc,metaspace   ] GC(202) Metaspace: 28952K(29312K)->28952K(29312K) NonClass: 24067K(24192K)->24067K(24192K) Class: 4884K(5120K)->4884K(5120K)
[1298.363s][info][gc             ] GC(202) Pause Young (Mixed) (G1 Evacuation Pause) 3664M->1296M(4096M) 131.238ms
[1298.363s][info][gc,cpu         ] GC(202) User=0.78s Sys=0.00s Real=0.13s
.............[1310.715s][info][gc,start       ] GC(203) Pause Young (Concurrent Start) (G1 Evacuation Pause)
[1310.715s][info][gc,task        ] GC(203) Using 6 workers of 6 for evacuation
[1310.833s][info][gc,phases      ] GC(203)   Pre Evacuate Collection Set: 0.45ms
[1310.833s][info][gc,phases      ] GC(203)   Merge Heap Roots: 0.49ms
[1310.833s][info][gc,phases      ] GC(203)   Evacuate Collection Set: 115.32ms
[1310.833s][info][gc,phases      ] GC(203)   Post Evacuate Collection Set: 0.89ms
[1310.833s][info][gc,phases      ] GC(203)   Other: 0.12ms
[1310.833s][info][gc,heap        ] GC(203) Eden regions: 1119->0(1119)
[1310.833s][info][gc,heap        ] GC(203) Survivor regions: 109->109(154)
[1310.833s][info][gc,heap        ] GC(203) Old regions: 464->497
[1310.833s][info][gc,heap        ] GC(203) Humongous regions: 77->77
[1310.833s][info][gc,metaspace   ] GC(203) Metaspace: 28953K(29312K)->28953K(29312K) NonClass: 24068K(24192K)->24068K(24192K) Class: 4884K(5120K)->4884K(5120K)
[1310.833s][info][gc             ] GC(203) Pause Young (Concurrent Start) (G1 Evacuation Pause) 3534M->1363M(4096M) 117.414ms
[1310.833s][info][gc             ] GC(204) Concurrent Mark Cycle
[1310.833s][info][gc,marking     ] GC(204) Concurrent Scan Root Regions
[1310.833s][info][gc,cpu         ] GC(203) User=0.70s Sys=0.00s Real=0.12s
[1310.955s][info][gc,marking     ] GC(204) Concurrent Scan Root Regions 121.855ms
[1310.955s][info][gc,marking     ] GC(204) Concurrent Mark
[1310.955s][info][gc,marking     ] GC(204) Concurrent Mark From Roots
[1310.955s][info][gc,task        ] GC(204) Using 2 workers of 2 for marking
.[1311.478s][info][gc,marking     ] GC(204) Concurrent Mark From Roots 522.806ms
[1311.478s][info][gc,marking     ] GC(204) Concurrent Preclean
[1311.478s][info][gc,marking     ] GC(204) Concurrent Preclean 0.057ms
[1311.478s][info][gc,start       ] GC(204) Pause Remark
[1311.480s][info][gc             ] GC(204) Pause Remark 1498M->1498M(4096M) 2.560ms
[1311.480s][info][gc,cpu         ] GC(204) User=0.01s Sys=0.00s Real=0.00s
[1311.480s][info][gc,marking     ] GC(204) Concurrent Mark 525.787ms
[1311.480s][info][gc,marking     ] GC(204) Concurrent Rebuild Remembered Sets and Scrub Regions
[1311.689s][info][gc,marking     ] GC(204) Concurrent Rebuild Remembered Sets and Scrub Regions 208.128ms
[1311.689s][info][gc,start       ] GC(204) Pause Cleanup
[1311.689s][info][gc             ] GC(204) Pause Cleanup 1535M->1535M(4096M) 0.125ms
[1311.689s][info][gc,cpu         ] GC(204) User=0.00s Sys=0.00s Real=0.00s
[1311.689s][info][gc,marking     ] GC(204) Concurrent Clear Claimed Marks
[1311.689s][info][gc,marking     ] GC(204) Concurrent Clear Claimed Marks 0.028ms
[1311.689s][info][gc,marking     ] GC(204) Concurrent Cleanup for Next Mark
[1311.692s][info][gc,marking     ] GC(204) Concurrent Cleanup for Next Mark 3.268ms
[1311.692s][info][gc             ] GC(204) Concurrent Mark Cycle 859.521ms
...........[1323.308s][info][gc,start       ] GC(205) Pause Young (Prepare Mixed) (G1 Evacuation Pause)
[1323.308s][info][gc,task        ] GC(205) Using 6 workers of 6 for evacuation
[1323.424s][info][gc,phases      ] GC(205)   Pre Evacuate Collection Set: 0.37ms
[1323.424s][info][gc,phases      ] GC(205)   Merge Heap Roots: 0.56ms
[1323.424s][info][gc,phases      ] GC(205)   Evacuate Collection Set: 114.67ms
[1323.424s][info][gc,phases      ] GC(205)   Post Evacuate Collection Set: 0.97ms
[1323.424s][info][gc,phases      ] GC(205)   Other: 0.09ms
[1323.424s][info][gc,heap        ] GC(205) Eden regions: 1119->0(1120)
[1323.424s][info][gc,heap        ] GC(205) Survivor regions: 109->108(154)
[1323.424s][info][gc,heap        ] GC(205) Old regions: 497->529
[1323.424s][info][gc,heap        ] GC(205) Humongous regions: 77->77
[1323.424s][info][gc,metaspace   ] GC(205) Metaspace: 28953K(29312K)->28953K(29312K) NonClass: 24068K(24192K)->24068K(24192K) Class: 4884K(5120K)->4884K(5120K)
[1323.424s][info][gc             ] GC(205) Pause Young (Prepare Mixed) (G1 Evacuation Pause) 3601M->1426M(4096M) 116.802ms
[1323.425s][info][gc,cpu         ] GC(205) User=0.69s Sys=0.00s Real=0.11s
.............[1335.839s][info][gc,start       ] GC(206) Pause Young (Mixed) (G1 Evacuation Pause)
[1335.839s][info][gc,task        ] GC(206) Using 6 workers of 6 for evacuation
[1335.977s][info][gc,phases      ] GC(206)   Pre Evacuate Collection Set: 0.41ms
[1335.977s][info][gc,phases      ] GC(206)   Merge Heap Roots: 0.78ms
[1335.977s][info][gc,phases      ] GC(206)   Evacuate Collection Set: 136.13ms
[1335.977s][info][gc,phases      ] GC(206)   Post Evacuate Collection Set: 0.97ms
[1335.977s][info][gc,phases      ] GC(206)   Other: 0.09ms
[1335.977s][info][gc,heap        ] GC(206) Eden regions: 1120->0(1119)
[1335.977s][info][gc,heap        ] GC(206) Survivor regions: 108->109(154)
[1335.977s][info][gc,heap        ] GC(206) Old regions: 529->465
[1335.977s][info][gc,heap        ] GC(206) Humongous regions: 77->77
[1335.977s][info][gc,metaspace   ] GC(206) Metaspace: 28953K(29312K)->28953K(29312K) NonClass: 24068K(24192K)->24068K(24192K) Class: 4884K(5120K)->4884K(5120K)
[1335.977s][info][gc             ] GC(206) Pause Young (Mixed) (G1 Evacuation Pause) 3666M->1298M(4096M) 138.514ms
[1335.977s][info][gc,cpu         ] GC(206) User=0.82s Sys=0.00s Real=0.14s
........... (rIR:aIR:PR = 1522:1522:1522) (tPR = 22188) [OK] 
  1346s: Performance info:
         Transaction,    Success,    Partial,     Failed,   Receipts, AvgBarcode, 
             Overall,      91352,          0,          0,      86787,      59.47, 
         Response times:
             Request,    Success,    Partial,     Failed,   SkipFail,     Probes,    Samples,      min,      p50,      p90,      p95,      p99,      max, 
       TotalPurchase,      86787,          0,          0,          0,      83853,      92194,      300,     1500,     2200,     2500,     4800,   150000,
     InStorePurchase,      45648,          0,          0,          0,      44278,      48583,      300,     1400,     2200,     2400,     4400,   150000,
      OnlinePurchase,      32000,          0,          0,          0,      30961,      34001,      300,     1500,     2200,     2500,     5100,   150000,
        InstPurchase,       9139,          0,          0,          0,       8614,       9610,      500,     1700,     2300,     2600,     7456,   150000,
          AssocOfCat,         92,          0,          0,          0,         89,         97,    18600,    25000,    28000,    30100,   178000,   178000,
      AssocOfProduct,        912,          0,          0,          0,        771,        917,      500,     1500,     2100,     2300,     3400,     8300,
      BusinessReport,        231,          0,          0,          0,        169,        265,    19200,    26000,    30000,    31000,    45340,    53000,
          CustBuyBeh,        913,          0,          0,          0,        779,        983,      200,     1500,     2200,     2500,     3712,    11800,
       ProductReturn,       2417,          0,          0,          0,       2205,       2579,      200,     1400,     2200,     2400,     3560,   128000,

  1346s: (12%)   IR =   1660 .[1348.209s][info][gc,start       ] GC(207) Pause Young (Concurrent Start) (G1 Evacuation Pause)
[1348.209s][info][gc,task        ] GC(207) Using 6 workers of 6 for evacuation
[1348.326s][info][gc,phases      ] GC(207)   Pre Evacuate Collection Set: 0.46ms
[1348.326s][info][gc,phases      ] GC(207)   Merge Heap Roots: 0.55ms
[1348.326s][info][gc,phases      ] GC(207)   Evacuate Collection Set: 115.15ms
[1348.326s][info][gc,phases      ] GC(207)   Post Evacuate Collection Set: 0.89ms
[1348.326s][info][gc,phases      ] GC(207)   Other: 0.12ms
[1348.326s][info][gc,heap        ] GC(207) Eden regions: 1119->0(1119)
[1348.326s][info][gc,heap        ] GC(207) Survivor regions: 109->109(154)
[1348.326s][info][gc,heap        ] GC(207) Old regions: 465->496
[1348.326s][info][gc,heap        ] GC(207) Humongous regions: 77->77
[1348.326s][info][gc,metaspace   ] GC(207) Metaspace: 28953K(29312K)->28953K(29312K) NonClass: 24068K(24192K)->24068K(24192K) Class: 4884K(5120K)->4884K(5120K)
[1348.326s][info][gc             ] GC(207) Pause Young (Concurrent Start) (G1 Evacuation Pause) 3536M->1361M(4096M) 117.309ms
[1348.326s][info][gc             ] GC(208) Concurrent Mark Cycle
[1348.326s][info][gc,marking     ] GC(208) Concurrent Scan Root Regions
[1348.326s][info][gc,cpu         ] GC(207) User=0.70s Sys=0.00s Real=0.12s
[1348.491s][info][gc,marking     ] GC(208) Concurrent Scan Root Regions 165.004ms
.[1348.492s][info][gc,marking     ] GC(208) Concurrent Mark
[1348.492s][info][gc,marking     ] GC(208) Concurrent Mark From Roots
[1348.492s][info][gc,task        ] GC(208) Using 2 workers of 2 for marking
[1349.060s][info][gc,marking     ] GC(208) Concurrent Mark From Roots 567.571ms
[1349.060s][info][gc,marking     ] GC(208) Concurrent Preclean
[1349.060s][info][gc,marking     ] GC(208) Concurrent Preclean 0.055ms
[1349.060s][info][gc,start       ] GC(208) Pause Remark
[1349.063s][info][gc             ] GC(208) Pause Remark 1530M->1530M(4096M) 2.719ms
[1349.063s][info][gc,cpu         ] GC(208) User=0.01s Sys=0.00s Real=0.00s
[1349.063s][info][gc,marking     ] GC(208) Concurrent Mark 570.606ms
[1349.063s][info][gc,marking     ] GC(208) Concurrent Rebuild Remembered Sets and Scrub Regions
[1349.273s][info][gc,marking     ] GC(208) Concurrent Rebuild Remembered Sets and Scrub Regions 210.172ms
[1349.273s][info][gc,start       ] GC(208) Pause Cleanup
[1349.273s][info][gc             ] GC(208) Pause Cleanup 1567M->1567M(4096M) 0.125ms
[1349.273s][info][gc,cpu         ] GC(208) User=0.00s Sys=0.00s Real=0.00s
[1349.274s][info][gc,marking     ] GC(208) Concurrent Clear Claimed Marks
[1349.274s][info][gc,marking     ] GC(208) Concurrent Clear Claimed Marks 0.040ms
[1349.274s][info][gc,marking     ] GC(208) Concurrent Cleanup for Next Mark
[1349.278s][info][gc,marking     ] GC(208) Concurrent Cleanup for Next Mark 4.050ms
[1349.278s][info][gc             ] GC(208) Concurrent Mark Cycle 952.197ms
..|.........[1359.634s][info][gc,start       ] GC(209) Pause Young (Prepare Mixed) (G1 Evacuation Pause)
[1359.634s][info][gc,task        ] GC(209) Using 6 workers of 6 for evacuation
[1359.753s][info][gc,phases      ] GC(209)   Pre Evacuate Collection Set: 0.33ms
[1359.753s][info][gc,phases      ] GC(209)   Merge Heap Roots: 0.54ms
[1359.753s][info][gc,phases      ] GC(209)   Evacuate Collection Set: 117.29ms
[1359.753s][info][gc,phases      ] GC(209)   Post Evacuate Collection Set: 0.97ms
[1359.753s][info][gc,phases      ] GC(209)   Other: 0.10ms
[1359.753s][info][gc,heap        ] GC(209) Eden regions: 1119->0(1118)
[1359.753s][info][gc,heap        ] GC(209) Survivor regions: 109->110(154)
[1359.753s][info][gc,heap        ] GC(209) Old regions: 496->528
[1359.753s][info][gc,heap        ] GC(209) Humongous regions: 77->77
[1359.753s][info][gc,metaspace   ] GC(209) Metaspace: 28957K(29312K)->28957K(29312K) NonClass: 24073K(24192K)->24073K(24192K) Class: 4884K(5120K)->4884K(5120K)
[1359.753s][info][gc             ] GC(209) Pause Young (Prepare Mixed) (G1 Evacuation Pause) 3599M->1427M(4096M) 119.371ms
[1359.753s][info][gc,cpu         ] GC(209) User=0.71s Sys=0.00s Real=0.12s
...........[1371.150s][info][gc,start       ] GC(210) Pause Young (Mixed) (G1 Evacuation Pause)
[1371.150s][info][gc,task        ] GC(210) Using 6 workers of 6 for evacuation
[1371.286s][info][gc,phases      ] GC(210)   Pre Evacuate Collection Set: 0.37ms
[1371.286s][info][gc,phases      ] GC(210)   Merge Heap Roots: 0.70ms
[1371.286s][info][gc,phases      ] GC(210)   Evacuate Collection Set: 133.69ms
[1371.286s][info][gc,phases      ] GC(210)   Post Evacuate Collection Set: 0.96ms
[1371.286s][info][gc,phases      ] GC(210)   Other: 0.09ms
[1371.286s][info][gc,heap        ] GC(210) Eden regions: 1118->0(1118)
[1371.286s][info][gc,heap        ] GC(210) Survivor regions: 110->110(154)
[1371.286s][info][gc,heap        ] GC(210) Old regions: 528->465
[1371.286s][info][gc,heap        ] GC(210) Humongous regions: 77->77
[1371.286s][info][gc,metaspace   ] GC(210) Metaspace: 28957K(29312K)->28957K(29312K) NonClass: 24073K(24192K)->24073K(24192K) Class: 4884K(5120K)->4884K(5120K)
[1371.286s][info][gc             ] GC(210) Pause Young (Mixed) (G1 Evacuation Pause) 3663M->1301M(4096M) 135.955ms
[1371.286s][info][gc,cpu         ] GC(210) User=0.80s Sys=0.00s Real=0.14s
............[1382.566s][info][gc,start       ] GC(211) Pause Young (Concurrent Start) (G1 Evacuation Pause)
[1382.566s][info][gc,task        ] GC(211) Using 6 workers of 6 for evacuation
[1382.684s][info][gc,phases      ] GC(211)   Pre Evacuate Collection Set: 0.44ms
[1382.684s][info][gc,phases      ] GC(211)   Merge Heap Roots: 0.50ms
[1382.684s][info][gc,phases      ] GC(211)   Evacuate Collection Set: 115.54ms
[1382.684s][info][gc,phases      ] GC(211)   Post Evacuate Collection Set: 0.92ms
[1382.684s][info][gc,phases      ] GC(211)   Other: 0.14ms
[1382.684s][info][gc,heap        ] GC(211) Eden regions: 1118->0(1120)
[1382.684s][info][gc,heap        ] GC(211) Survivor regions: 110->108(154)
[1382.684s][info][gc,heap        ] GC(211) Old regions: 465->497
[1382.684s][info][gc,heap        ] GC(211) Humongous regions: 77->77
[1382.684s][info][gc,metaspace   ] GC(211) Metaspace: 28957K(29312K)->28957K(29312K) NonClass: 24073K(24192K)->24073K(24192K) Class: 4884K(5120K)->4884K(5120K)
[1382.684s][info][gc             ] GC(211) Pause Young (Concurrent Start) (G1 Evacuation Pause) 3537M->1361M(4096M) 117.676ms
[1382.684s][info][gc             ] GC(212) Concurrent Mark Cycle
[1382.684s][info][gc,marking     ] GC(212) Concurrent Scan Root Regions
[1382.684s][info][gc,cpu         ] GC(211) User=0.69s Sys=0.01s Real=0.11s
[1382.814s][info][gc,marking     ] GC(212) Concurrent Scan Root Regions 129.729ms
[1382.814s][info][gc,marking     ] GC(212) Concurrent Mark
[1382.814s][info][gc,marking     ] GC(212) Concurrent Mark From Roots
[1382.814s][info][gc,task        ] GC(212) Using 2 workers of 2 for marking
[1383.358s][info][gc,marking     ] GC(212) Concurrent Mark From Roots 544.221ms
[1383.358s][info][gc,marking     ] GC(212) Concurrent Preclean
[1383.358s][info][gc,marking     ] GC(212) Concurrent Preclean 0.059ms
[1383.358s][info][gc,start       ] GC(212) Pause Remark
[1383.361s][info][gc             ] GC(212) Pause Remark 1511M->1511M(4096M) 2.575ms
[1383.361s][info][gc,cpu         ] GC(212) User=0.01s Sys=0.00s Real=0.00s
[1383.361s][info][gc,marking     ] GC(212) Concurrent Mark 547.096ms
[1383.361s][info][gc,marking     ] GC(212) Concurrent Rebuild Remembered Sets and Scrub Regions
.[1383.569s][info][gc,marking     ] GC(212) Concurrent Rebuild Remembered Sets and Scrub Regions 208.353ms
[1383.570s][info][gc,start       ] GC(212) Pause Cleanup
[1383.570s][info][gc             ] GC(212) Pause Cleanup 1545M->1545M(4096M) 0.121ms
[1383.570s][info][gc,cpu         ] GC(212) User=0.00s Sys=0.00s Real=0.00s
[1383.571s][info][gc,marking     ] GC(212) Concurrent Clear Claimed Marks
[1383.571s][info][gc,marking     ] GC(212) Concurrent Clear Claimed Marks 0.037ms
[1383.571s][info][gc,marking     ] GC(212) Concurrent Cleanup for Next Mark
[1383.575s][info][gc,marking     ] GC(212) Concurrent Cleanup for Next Mark 4.044ms
[1383.575s][info][gc             ] GC(212) Concurrent Mark Cycle 890.809ms
..........[1393.992s][info][gc,start       ] GC(213) Pause Young (Prepare Mixed) (G1 Evacuation Pause)
[1393.992s][info][gc,task        ] GC(213) Using 6 workers of 6 for evacuation
[1394.108s][info][gc,phases      ] GC(213)   Pre Evacuate Collection Set: 0.35ms
[1394.108s][info][gc,phases      ] GC(213)   Merge Heap Roots: 0.53ms
[1394.108s][info][gc,phases      ] GC(213)   Evacuate Collection Set: 113.64ms
[1394.108s][info][gc,phases      ] GC(213)   Post Evacuate Collection Set: 0.91ms
[1394.108s][info][gc,phases      ] GC(213)   Other: 0.08ms
[1394.108s][info][gc,heap        ] GC(213) Eden regions: 1120->0(1120)
[1394.108s][info][gc,heap        ] GC(213) Survivor regions: 108->108(154)
[1394.108s][info][gc,heap        ] GC(213) Old regions: 497->529
[1394.108s][info][gc,heap        ] GC(213) Humongous regions: 77->77
[1394.108s][info][gc,metaspace   ] GC(213) Metaspace: 28957K(29312K)->28957K(29312K) NonClass: 24073K(24192K)->24073K(24192K) Class: 4884K(5120K)->4884K(5120K)
[1394.108s][info][gc             ] GC(213) Pause Young (Prepare Mixed) (G1 Evacuation Pause) 3601M->1424M(4096M) 115.641ms
[1394.108s][info][gc,cpu         ] GC(213) User=0.69s Sys=0.00s Real=0.12s
...........[1405.476s][info][gc,start       ] GC(214) Pause Young (Mixed) (G1 Evacuation Pause)
[1405.476s][info][gc,task        ] GC(214) Using 6 workers of 6 for evacuation
[1405.607s][info][gc,phases      ] GC(214)   Pre Evacuate Collection Set: 0.40ms
[1405.607s][info][gc,phases      ] GC(214)   Merge Heap Roots: 0.62ms
[1405.607s][info][gc,phases      ] GC(214)   Evacuate Collection Set: 128.87ms
[1405.607s][info][gc,phases      ] GC(214)   Post Evacuate Collection Set: 0.97ms
[1405.607s][info][gc,phases      ] GC(214)   Other: 0.11ms
[1405.607s][info][gc,heap        ] GC(214) Eden regions: 1120->0(1120)
[1405.607s][info][gc,heap        ] GC(214) Survivor regions: 108->108(154)
[1405.607s][info][gc,heap        ] GC(214) Old regions: 529->465
[1405.607s][info][gc,heap        ] GC(214) Humongous regions: 77->77
[1405.607s][info][gc,metaspace   ] GC(214) Metaspace: 28957K(29312K)->28957K(29312K) NonClass: 24073K(24192K)->24073K(24192K) Class: 4884K(5120K)->4884K(5120K)
[1405.607s][info][gc             ] GC(214) Pause Young (Mixed) (G1 Evacuation Pause) 3664M->1298M(4096M) 131.113ms
[1405.607s][info][gc,cpu         ] GC(214) User=0.77s Sys=0.00s Real=0.14s
...... (rIR:aIR:PR = 1660:1659:1659) (tPR = 24896) [OK] 
  1410s: Performance info:
         Transaction,    Success,    Partial,     Failed,   Receipts, AvgBarcode, 
             Overall,      99762,          0,          0,      94768,      59.48, 
         Response times:
             Request,    Success,    Partial,     Failed,   SkipFail,     Probes,    Samples,      min,      p50,      p90,      p95,      p99,      max, 
       TotalPurchase,      94768,          0,          0,          0,      91779,      99426,      300,     1600,     2400,     2700,     7000,   136000,
     InStorePurchase,      49867,          0,          0,          0,      48684,      52611,      300,     1600,     2400,     2700,     7588,   136000,
      OnlinePurchase,      34918,          0,          0,          0,      33607,      36297,      300,     1700,     2400,     2700,     6300,   136000,
        InstPurchase,       9983,          0,          0,          0,       9488,      10518,      400,     1500,     2300,     2600,     6981,   135000,
          AssocOfCat,         99,          0,          0,          0,         92,        106,    17600,    24000,    28300,    33600,   146860,   147000,
      AssocOfProduct,       1000,          0,          0,          0,        875,       1067,      600,     1800,     2500,     2800,     7700,    15500,
      BusinessReport,        250,          0,          0,          0,        192,        256,    19200,    26000,    31300,    35150,    60720,    67000,
          CustBuyBeh,        997,          0,          0,          0,        872,       1060,      200,     1500,     2100,     2300,     7046,   121000,
       ProductReturn,       2648,          0,          0,          0,       2426,       2780,      200,      900,     1700,     2000,     2800,   127000,

  1410s: (13%)   IR =   1799 .....[1416.372s][info][gc,start       ] GC(215) Pause Young (Concurrent Start) (G1 Evacuation Pause)
[1416.372s][info][gc,task        ] GC(215) Using 6 workers of 6 for evacuation
[1416.489s][info][gc,phases      ] GC(215)   Pre Evacuate Collection Set: 0.44ms
[1416.489s][info][gc,phases      ] GC(215)   Merge Heap Roots: 0.55ms
[1416.489s][info][gc,phases      ] GC(215)   Evacuate Collection Set: 114.91ms
[1416.489s][info][gc,phases      ] GC(215)   Post Evacuate Collection Set: 0.94ms
[1416.489s][info][gc,phases      ] GC(215)   Other: 0.12ms
[1416.489s][info][gc,heap        ] GC(215) Eden regions: 1120->0(1120)
[1416.489s][info][gc,heap        ] GC(215) Survivor regions: 108->108(154)
[1416.489s][info][gc,heap        ] GC(215) Old regions: 465->497
[1416.489s][info][gc,heap        ] GC(215) Humongous regions: 77->77
[1416.489s][info][gc,metaspace   ] GC(215) Metaspace: 28961K(29312K)->28961K(29312K) NonClass: 24077K(24192K)->24077K(24192K) Class: 4884K(5120K)->4884K(5120K)
[1416.489s][info][gc             ] GC(215) Pause Young (Concurrent Start) (G1 Evacuation Pause) 3538M->1360M(4096M) 117.113ms
[1416.489s][info][gc             ] GC(216) Concurrent Mark Cycle
[1416.489s][info][gc,marking     ] GC(216) Concurrent Scan Root Regions
[1416.489s][info][gc,cpu         ] GC(215) User=0.69s Sys=0.00s Real=0.12s
.|[1416.655s][info][gc,marking     ] GC(216) Concurrent Scan Root Regions 165.626ms
[1416.655s][info][gc,marking     ] GC(216) Concurrent Mark
[1416.655s][info][gc,marking     ] GC(216) Concurrent Mark From Roots
[1416.655s][info][gc,task        ] GC(216) Using 2 workers of 2 for marking
[1417.186s][info][gc,marking     ] GC(216) Concurrent Mark From Roots 531.098ms
[1417.186s][info][gc,marking     ] GC(216) Concurrent Preclean
[1417.186s][info][gc,marking     ] GC(216) Concurrent Preclean 0.056ms
[1417.186s][info][gc,start       ] GC(216) Pause Remark
[1417.188s][info][gc             ] GC(216) Pause Remark 1524M->1524M(4096M) 2.393ms
[1417.188s][info][gc,cpu         ] GC(216) User=0.01s Sys=0.00s Real=0.00s
[1417.189s][info][gc,marking     ] GC(216) Concurrent Mark 533.796ms
[1417.189s][info][gc,marking     ] GC(216) Concurrent Rebuild Remembered Sets and Scrub Regions
[1417.404s][info][gc,marking     ] GC(216) Concurrent Rebuild Remembered Sets and Scrub Regions 215.739ms
[1417.404s][info][gc,start       ] GC(216) Pause Cleanup
[1417.405s][info][gc             ] GC(216) Pause Cleanup 1583M->1583M(4096M) 0.116ms
[1417.405s][info][gc,cpu         ] GC(216) User=0.00s Sys=0.01s Real=0.00s
[1417.405s][info][gc,marking     ] GC(216) Concurrent Clear Claimed Marks
[1417.405s][info][gc,marking     ] GC(216) Concurrent Clear Claimed Marks 0.026ms
[1417.405s][info][gc,marking     ] GC(216) Concurrent Cleanup for Next Mark
[1417.408s][info][gc,marking     ] GC(216) Concurrent Cleanup for Next Mark 3.573ms
[1417.408s][info][gc             ] GC(216) Concurrent Mark Cycle 919.168ms
..........[1426.934s][info][gc,start       ] GC(217) Pause Young (Prepare Mixed) (G1 Evacuation Pause)
[1426.934s][info][gc,task        ] GC(217) Using 6 workers of 6 for evacuation
[1427.053s][info][gc,phases      ] GC(217)   Pre Evacuate Collection Set: 0.36ms
[1427.053s][info][gc,phases      ] GC(217)   Merge Heap Roots: 0.55ms
[1427.053s][info][gc,phases      ] GC(217)   Evacuate Collection Set: 117.17ms
[1427.053s][info][gc,phases      ] GC(217)   Post Evacuate Collection Set: 0.97ms
[1427.053s][info][gc,phases      ] GC(217)   Other: 0.09ms
[1427.053s][info][gc,heap        ] GC(217) Eden regions: 1120->0(1119)
[1427.053s][info][gc,heap        ] GC(217) Survivor regions: 108->109(154)
[1427.053s][info][gc,heap        ] GC(217) Old regions: 497->529
[1427.053s][info][gc,heap        ] GC(217) Humongous regions: 77->77
[1427.053s][info][gc,metaspace   ] GC(217) Metaspace: 28961K(29312K)->28961K(29312K) NonClass: 24077K(24192K)->24077K(24192K) Class: 4884K(5120K)->4884K(5120K)
[1427.053s][info][gc             ] GC(217) Pause Young (Prepare Mixed) (G1 Evacuation Pause) 3600M->1427M(4096M) 119.274ms
[1427.053s][info][gc,cpu         ] GC(217) User=0.70s Sys=0.00s Real=0.12s
..........[1437.558s][info][gc,start       ] GC(218) Pause Young (Mixed) (G1 Evacuation Pause)
[1437.558s][info][gc,task        ] GC(218) Using 6 workers of 6 for evacuation
[1437.696s][info][gc,phases      ] GC(218)   Pre Evacuate Collection Set: 0.42ms
[1437.696s][info][gc,phases      ] GC(218)   Merge Heap Roots: 0.73ms
[1437.696s][info][gc,phases      ] GC(218)   Evacuate Collection Set: 136.02ms
[1437.696s][info][gc,phases      ] GC(218)   Post Evacuate Collection Set: 0.96ms
[1437.696s][info][gc,phases      ] GC(218)   Other: 0.09ms
[1437.696s][info][gc,heap        ] GC(218) Eden regions: 1119->0(1117)
[1437.696s][info][gc,heap        ] GC(218) Survivor regions: 109->111(154)
[1437.696s][info][gc,heap        ] GC(218) Old regions: 529->466
[1437.696s][info][gc,heap        ] GC(218) Humongous regions: 77->77
[1437.696s][info][gc,metaspace   ] GC(218) Metaspace: 28961K(29312K)->28961K(29312K) NonClass: 24077K(24192K)->24077K(24192K) Class: 4884K(5120K)->4884K(5120K)
[1437.696s][info][gc             ] GC(218) Pause Young (Mixed) (G1 Evacuation Pause) 3665M->1306M(4096M) 138.334ms
[1437.696s][info][gc,cpu         ] GC(218) User=0.81s Sys=0.00s Real=0.14s
...........[1448.122s][info][gc,start       ] GC(219) Pause Young (Concurrent Start) (G1 Evacuation Pause)
[1448.122s][info][gc,task        ] GC(219) Using 6 workers of 6 for evacuation
[1448.239s][info][gc,phases      ] GC(219)   Pre Evacuate Collection Set: 0.40ms
[1448.239s][info][gc,phases      ] GC(219)   Merge Heap Roots: 0.50ms
[1448.239s][info][gc,phases      ] GC(219)   Evacuate Collection Set: 114.81ms
[1448.239s][info][gc,phases      ] GC(219)   Post Evacuate Collection Set: 0.90ms
[1448.239s][info][gc,phases      ] GC(219)   Other: 0.10ms
[1448.239s][info][gc,heap        ] GC(219) Eden regions: 1117->0(1119)
[1448.239s][info][gc,heap        ] GC(219) Survivor regions: 111->109(154)
[1448.239s][info][gc,heap        ] GC(219) Old regions: 466->498
[1448.239s][info][gc,heap        ] GC(219) Humongous regions: 77->77
[1448.239s][info][gc,metaspace   ] GC(219) Metaspace: 28961K(29312K)->28961K(29312K) NonClass: 24077K(24192K)->24077K(24192K) Class: 4884K(5120K)->4884K(5120K)
[1448.239s][info][gc             ] GC(219) Pause Young (Concurrent Start) (G1 Evacuation Pause) 3540M->1365M(4096M) 116.873ms
[1448.239s][info][gc             ] GC(220) Concurrent Mark Cycle
[1448.239s][info][gc,marking     ] GC(220) Concurrent Scan Root Regions
[1448.239s][info][gc,cpu         ] GC(219) User=0.69s Sys=0.00s Real=0.12s
[1448.361s][info][gc,marking     ] GC(220) Concurrent Scan Root Regions 121.990ms
[1448.361s][info][gc,marking     ] GC(220) Concurrent Mark
[1448.361s][info][gc,marking     ] GC(220) Concurrent Mark From Roots
[1448.361s][info][gc,task        ] GC(220) Using 2 workers of 2 for marking
.[1448.884s][info][gc,marking     ] GC(220) Concurrent Mark From Roots 523.175ms
[1448.884s][info][gc,marking     ] GC(220) Concurrent Preclean
[1448.884s][info][gc,marking     ] GC(220) Concurrent Preclean 0.067ms
[1448.885s][info][gc,start       ] GC(220) Pause Remark
[1448.887s][info][gc             ] GC(220) Pause Remark 1535M->1535M(4096M) 2.739ms
[1448.887s][info][gc,cpu         ] GC(220) User=0.01s Sys=0.00s Real=0.01s
[1448.888s][info][gc,marking     ] GC(220) Concurrent Mark 526.335ms
[1448.888s][info][gc,marking     ] GC(220) Concurrent Rebuild Remembered Sets and Scrub Regions
[1449.090s][info][gc,marking     ] GC(220) Concurrent Rebuild Remembered Sets and Scrub Regions 202.914ms
[1449.091s][info][gc,start       ] GC(220) Pause Cleanup
[1449.091s][info][gc             ] GC(220) Pause Cleanup 1570M->1570M(4096M) 0.117ms
[1449.091s][info][gc,cpu         ] GC(220) User=0.00s Sys=0.00s Real=0.00s
[1449.091s][info][gc,marking     ] GC(220) Concurrent Clear Claimed Marks
[1449.091s][info][gc,marking     ] GC(220) Concurrent Clear Claimed Marks 0.026ms
[1449.091s][info][gc,marking     ] GC(220) Concurrent Cleanup for Next Mark
[1449.094s][info][gc,marking     ] GC(220) Concurrent Cleanup for Next Mark 3.288ms
[1449.094s][info][gc             ] GC(220) Concurrent Mark Cycle 855.032ms
.........[1458.665s][info][gc,start       ] GC(221) Pause Young (Prepare Mixed) (G1 Evacuation Pause)
[1458.665s][info][gc,task        ] GC(221) Using 6 workers of 6 for evacuation
[1458.782s][info][gc,phases      ] GC(221)   Pre Evacuate Collection Set: 0.37ms
[1458.782s][info][gc,phases      ] GC(221)   Merge Heap Roots: 0.51ms
[1458.782s][info][gc,phases      ] GC(221)   Evacuate Collection Set: 114.34ms
[1458.782s][info][gc,phases      ] GC(221)   Post Evacuate Collection Set: 0.98ms
[1458.782s][info][gc,phases      ] GC(221)   Other: 0.09ms
[1458.782s][info][gc,heap        ] GC(221) Eden regions: 1119->0(1119)
[1458.782s][info][gc,heap        ] GC(221) Survivor regions: 109->109(154)
[1458.782s][info][gc,heap        ] GC(221) Old regions: 498->530
[1458.782s][info][gc,heap        ] GC(221) Humongous regions: 77->77
[1458.782s][info][gc,metaspace   ] GC(221) Metaspace: 28961K(29312K)->28961K(29312K) NonClass: 24077K(24192K)->24077K(24192K) Class: 4884K(5120K)->4884K(5120K)
[1458.782s][info][gc             ] GC(221) Pause Young (Prepare Mixed) (G1 Evacuation Pause) 3603M->1430M(4096M) 116.434ms
[1458.782s][info][gc,cpu         ] GC(221) User=0.68s Sys=0.00s Real=0.12s
...........[1469.306s][info][gc,start       ] GC(222) Pause Young (Mixed) (G1 Evacuation Pause)
[1469.306s][info][gc,task        ] GC(222) Using 6 workers of 6 for evacuation
[1469.441s][info][gc,phases      ] GC(222)   Pre Evacuate Collection Set: 0.46ms
[1469.441s][info][gc,phases      ] GC(222)   Merge Heap Roots: 0.82ms
[1469.441s][info][gc,phases      ] GC(222)   Evacuate Collection Set: 132.29ms
[1469.441s][info][gc,phases      ] GC(222)   Post Evacuate Collection Set: 0.96ms
[1469.441s][info][gc,phases      ] GC(222)   Other: 0.10ms
[1469.441s][info][gc,heap        ] GC(222) Eden regions: 1119->0(1119)
[1469.441s][info][gc,heap        ] GC(222) Survivor regions: 109->109(154)
[1469.441s][info][gc,heap        ] GC(222) Old regions: 530->467
[1469.441s][info][gc,heap        ] GC(222) Humongous regions: 77->77
[1469.441s][info][gc,metaspace   ] GC(222) Metaspace: 28961K(29312K)->28961K(29312K) NonClass: 24077K(24192K)->24077K(24192K) Class: 4884K(5120K)->4884K(5120K)
[1469.441s][info][gc             ] GC(222) Pause Young (Mixed) (G1 Evacuation Pause) 3668M->1303M(4096M) 134.765ms
[1469.441s][info][gc,cpu         ] GC(222) User=0.80s Sys=0.00s Real=0.13s
.[1470.268s][info][gc,start       ] GC(223) Pause Young (Concurrent Start) (G1 Humongous Allocation)
[1470.268s][info][gc,task        ] GC(223) Using 6 workers of 6 for evacuation
[1470.354s][info][gc,phases      ] GC(223)   Pre Evacuate Collection Set: 0.39ms
[1470.354s][info][gc,phases      ] GC(223)   Merge Heap Roots: 0.29ms
[1470.354s][info][gc,phases      ] GC(223)   Evacuate Collection Set: 85.03ms
[1470.354s][info][gc,phases      ] GC(223)   Post Evacuate Collection Set: 0.44ms
[1470.354s][info][gc,phases      ] GC(223)   Other: 0.10ms
[1470.354s][info][gc,heap        ] GC(223) Eden regions: 117->0(1158)
[1470.354s][info][gc,heap        ] GC(223) Survivor regions: 109->70(154)
[1470.354s][info][gc,heap        ] GC(223) Old regions: 467->510
[1470.354s][info][gc,heap        ] GC(223) Humongous regions: 77->77
[1470.354s][info][gc,metaspace   ] GC(223) Metaspace: 28961K(29312K)->28961K(29312K) NonClass: 24077K(24192K)->24077K(24192K) Class: 4884K(5120K)->4884K(5120K)
[1470.354s][info][gc             ] GC(223) Pause Young (Concurrent Start) (G1 Humongous Allocation) 1537M->1310M(4096M) 86.392ms
[1470.354s][info][gc             ] GC(224) Concurrent Mark Cycle
[1470.354s][info][gc,marking     ] GC(224) Concurrent Scan Root Regions
[1470.354s][info][gc,cpu         ] GC(223) User=0.51s Sys=0.00s Real=0.08s
[1470.452s][info][gc,marking     ] GC(224) Concurrent Scan Root Regions 98.369ms
[1470.452s][info][gc,marking     ] GC(224) Concurrent Mark
[1470.452s][info][gc,marking     ] GC(224) Concurrent Mark From Roots
[1470.452s][info][gc,task        ] GC(224) Using 2 workers of 2 for marking
.[1471.048s][info][gc,marking     ] GC(224) Concurrent Mark From Roots 595.975ms
[1471.048s][info][gc,marking     ] GC(224) Concurrent Preclean
[1471.048s][info][gc,marking     ] GC(224) Concurrent Preclean 0.052ms
[1471.049s][info][gc,start       ] GC(224) Pause Remark
[1471.051s][info][gc             ] GC(224) Pause Remark 1486M->1486M(4096M) 2.908ms
[1471.052s][info][gc,cpu         ] GC(224) User=0.01s Sys=0.00s Real=0.00s
[1471.052s][info][gc,marking     ] GC(224) Concurrent Mark 599.191ms
[1471.052s][info][gc,marking     ] GC(224) Concurrent Rebuild Remembered Sets and Scrub Regions
[1471.276s][info][gc,marking     ] GC(224) Concurrent Rebuild Remembered Sets and Scrub Regions 224.708ms
[1471.276s][info][gc,start       ] GC(224) Pause Cleanup
[1471.277s][info][gc             ] GC(224) Pause Cleanup 1527M->1527M(4096M) 0.103ms
[1471.277s][info][gc,cpu         ] GC(224) User=0.00s Sys=0.00s Real=0.00s
[1471.277s][info][gc,marking     ] GC(224) Concurrent Clear Claimed Marks
[1471.277s][info][gc,marking     ] GC(224) Concurrent Clear Claimed Marks 0.026ms
[1471.277s][info][gc,marking     ] GC(224) Concurrent Cleanup for Next Mark
[1471.281s][info][gc,marking     ] GC(224) Concurrent Cleanup for Next Mark 4.020ms
[1471.281s][info][gc             ] GC(224) Concurrent Mark Cycle 926.778ms
...... (rIR:aIR:PR = 1799:1800:1800) (tPR = 26942) [OK] 
  1476s: Performance info:
         Transaction,    Success,    Partial,     Failed,   Receipts, AvgBarcode, 
             Overall,     108303,          0,          0,     102874,      59.47, 
         Response times:
             Request,    Success,    Partial,     Failed,   SkipFail,     Probes,    Samples,      min,      p50,      p90,      p95,      p99,      max, 
       TotalPurchase,     102874,          0,          0,          0,     100167,     111454,      300,     1700,     2600,     3000,     7700,   181000,
     InStorePurchase,      54160,          0,          0,          0,      52852,      58655,      300,     1600,     2600,     2900,     7400,   181000,
      OnlinePurchase,      37901,          0,          0,          0,      36942,      41065,      300,     1800,     2600,     3000,     7700,   181000,
        InstPurchase,      10813,          0,          0,          0,      10373,      11734,      400,     1800,     2700,     3000,     8065,   151000,
          AssocOfCat,        108,          0,          0,          0,         98,        118,    18600,    25000,    30000,    38000,    54620,    55000,
      AssocOfProduct,       1082,          0,          0,          0,        945,       1199,      400,     1400,     2200,     2500,     7100,    23000,
      BusinessReport,        271,          0,          0,          0,        209,        293,    19500,    26000,    34000,    40000,    54180,   147000,
          CustBuyBeh,       1087,          0,          0,          0,        949,       1150,      500,     1900,     2600,     3100,    18445,   142000,
       ProductReturn,       2881,          0,          0,          0,       2627,       3061,      200,     1300,     2400,     2700,     5714,   139000,

  1476s: (14%)   IR =   1937 ....[1480.900s][info][gc,start       ] GC(225) Pause Young (Prepare Mixed) (G1 Evacuation Pause)
[1480.900s][info][gc,task        ] GC(225) Using 6 workers of 6 for evacuation
[1481.004s][info][gc,phases      ] GC(225)   Pre Evacuate Collection Set: 0.39ms
[1481.004s][info][gc,phases      ] GC(225)   Merge Heap Roots: 0.51ms
[1481.004s][info][gc,phases      ] GC(225)   Evacuate Collection Set: 101.71ms
[1481.004s][info][gc,phases      ] GC(225)   Post Evacuate Collection Set: 0.94ms
[1481.004s][info][gc,phases      ] GC(225)   Other: 0.08ms
[1481.004s][info][gc,heap        ] GC(225) Eden regions: 1158->0(1112)
[1481.004s][info][gc,heap        ] GC(225) Survivor regions: 70->116(154)
[1481.004s][info][gc,heap        ] GC(225) Old regions: 510->510
[1481.004s][info][gc,heap        ] GC(225) Humongous regions: 80->80
[1481.004s][info][gc,metaspace   ] GC(225) Metaspace: 28961K(29312K)->28961K(29312K) NonClass: 24077K(24192K)->24077K(24192K) Class: 4884K(5120K)->4884K(5120K)
[1481.004s][info][gc             ] GC(225) Pause Young (Prepare Mixed) (G1 Evacuation Pause) 3632M->1408M(4096M) 103.775ms
[1481.004s][info][gc,cpu         ] GC(225) User=0.62s Sys=0.00s Real=0.10s
.|........[1490.666s][info][gc,start       ] GC(226) Pause Young (Mixed) (G1 Evacuation Pause)
[1490.666s][info][gc,task        ] GC(226) Using 6 workers of 6 for evacuation
[1490.798s][info][gc,phases      ] GC(226)   Pre Evacuate Collection Set: 0.39ms
[1490.798s][info][gc,phases      ] GC(226)   Merge Heap Roots: 0.59ms
[1490.798s][info][gc,phases      ] GC(226)   Evacuate Collection Set: 129.76ms
[1490.798s][info][gc,phases      ] GC(226)   Post Evacuate Collection Set: 0.96ms
[1490.798s][info][gc,phases      ] GC(226)   Other: 0.09ms
[1490.798s][info][gc,heap        ] GC(226) Eden regions: 1112->0(1114)
[1490.798s][info][gc,heap        ] GC(226) Survivor regions: 116->114(154)
[1490.798s][info][gc,heap        ] GC(226) Old regions: 510->476
[1490.798s][info][gc,heap        ] GC(226) Humongous regions: 80->80
[1490.798s][info][gc,metaspace   ] GC(226) Metaspace: 28961K(29312K)->28961K(29312K) NonClass: 24077K(24192K)->24077K(24192K) Class: 4884K(5120K)->4884K(5120K)
[1490.798s][info][gc             ] GC(226) Pause Young (Mixed) (G1 Evacuation Pause) 3632M->1336M(4096M) 131.928ms
[1490.798s][info][gc,cpu         ] GC(226) User=0.78s Sys=0.00s Real=0.14s
..........[1500.480s][info][gc,start       ] GC(227) Pause Young (Concurrent Start) (G1 Evacuation Pause)
[1500.480s][info][gc,task        ] GC(227) Using 6 workers of 6 for evacuation
[1500.603s][info][gc,phases      ] GC(227)   Pre Evacuate Collection Set: 0.46ms
[1500.603s][info][gc,phases      ] GC(227)   Merge Heap Roots: 0.52ms
[1500.603s][info][gc,phases      ] GC(227)   Evacuate Collection Set: 121.02ms
[1500.603s][info][gc,phases      ] GC(227)   Post Evacuate Collection Set: 0.91ms
[1500.603s][info][gc,phases      ] GC(227)   Other: 0.12ms
[1500.603s][info][gc,heap        ] GC(227) Eden regions: 1114->0(1120)
[1500.603s][info][gc,heap        ] GC(227) Survivor regions: 114->108(154)
[1500.603s][info][gc,heap        ] GC(227) Old regions: 476->512
[1500.603s][info][gc,heap        ] GC(227) Humongous regions: 80->80
[1500.603s][info][gc,metaspace   ] GC(227) Metaspace: 28961K(29312K)->28961K(29312K) NonClass: 24077K(24192K)->24077K(24192K) Class: 4884K(5120K)->4884K(5120K)
[1500.603s][info][gc             ] GC(227) Pause Young (Concurrent Start) (G1 Evacuation Pause) 3564M->1397M(4096M) 123.154ms
[1500.603s][info][gc             ] GC(228) Concurrent Mark Cycle
[1500.603s][info][gc,marking     ] GC(228) Concurrent Scan Root Regions
[1500.603s][info][gc,cpu         ] GC(227) User=0.73s Sys=0.00s Real=0.12s
[1500.738s][info][gc,marking     ] GC(228) Concurrent Scan Root Regions 134.352ms
[1500.738s][info][gc,marking     ] GC(228) Concurrent Mark
[1500.738s][info][gc,marking     ] GC(228) Concurrent Mark From Roots
[1500.738s][info][gc,task        ] GC(228) Using 2 workers of 2 for marking
.[1501.264s][info][gc,marking     ] GC(228) Concurrent Mark From Roots 525.898ms
[1501.264s][info][gc,marking     ] GC(228) Concurrent Preclean
[1501.264s][info][gc,marking     ] GC(228) Concurrent Preclean 0.055ms
[1501.264s][info][gc,start       ] GC(228) Pause Remark
[1501.266s][info][gc             ] GC(228) Pause Remark 1585M->1585M(4096M) 2.749ms
[1501.267s][info][gc,cpu         ] GC(228) User=0.02s Sys=0.00s Real=0.01s
[1501.267s][info][gc,marking     ] GC(228) Concurrent Mark 528.963ms
[1501.267s][info][gc,marking     ] GC(228) Concurrent Rebuild Remembered Sets and Scrub Regions
[1501.497s][info][gc,marking     ] GC(228) Concurrent Rebuild Remembered Sets and Scrub Regions 230.642ms
[1501.497s][info][gc,start       ] GC(228) Pause Cleanup
[1501.498s][info][gc             ] GC(228) Pause Cleanup 1636M->1636M(4096M) 0.139ms
[1501.498s][info][gc,cpu         ] GC(228) User=0.01s Sys=0.00s Real=0.00s
[1501.498s][info][gc,marking     ] GC(228) Concurrent Clear Claimed Marks
[1501.498s][info][gc,marking     ] GC(228) Concurrent Clear Claimed Marks 0.031ms
[1501.498s][info][gc,marking     ] GC(228) Concurrent Cleanup for Next Mark
[1501.501s][info][gc,marking     ] GC(228) Concurrent Cleanup for Next Mark 3.530ms
[1501.501s][info][gc             ] GC(228) Concurrent Mark Cycle 897.991ms
.........[1510.232s][info][gc,start       ] GC(229) Pause Young (Prepare Mixed) (G1 Evacuation Pause)
[1510.232s][info][gc,task        ] GC(229) Using 6 workers of 6 for evacuation
[1510.351s][info][gc,phases      ] GC(229)   Pre Evacuate Collection Set: 0.34ms
[1510.351s][info][gc,phases      ] GC(229)   Merge Heap Roots: 0.54ms
[1510.351s][info][gc,phases      ] GC(229)   Evacuate Collection Set: 117.38ms
[1510.351s][info][gc,phases      ] GC(229)   Post Evacuate Collection Set: 0.95ms
[1510.351s][info][gc,phases      ] GC(229)   Other: 0.09ms
[1510.351s][info][gc,heap        ] GC(229) Eden regions: 1120->0(1101)
[1510.351s][info][gc,heap        ] GC(229) Survivor regions: 108->110(154)
[1510.351s][info][gc,heap        ] GC(229) Old regions: 512->544
[1510.351s][info][gc,heap        ] GC(229) Humongous regions: 80->80
[1510.351s][info][gc,metaspace   ] GC(229) Metaspace: 28961K(29312K)->28961K(29312K) NonClass: 24077K(24192K)->24077K(24192K) Class: 4884K(5120K)->4884K(5120K)
[1510.351s][info][gc             ] GC(229) Pause Young (Prepare Mixed) (G1 Evacuation Pause) 3637M->1465M(4096M) 119.436ms
[1510.351s][info][gc,cpu         ] GC(229) User=0.70s Sys=0.00s Real=0.12s
..........[1520.013s][info][gc,start       ] GC(230) Pause Young (Mixed) (G1 Evacuation Pause)
[1520.013s][info][gc,task        ] GC(230) Using 6 workers of 6 for evacuation
[1520.146s][info][gc,phases      ] GC(230)   Pre Evacuate Collection Set: 0.42ms
[1520.146s][info][gc,phases      ] GC(230)   Merge Heap Roots: 0.71ms
[1520.146s][info][gc,phases      ] GC(230)   Evacuate Collection Set: 131.30ms
[1520.146s][info][gc,phases      ] GC(230)   Post Evacuate Collection Set: 0.96ms
[1520.146s][info][gc,phases      ] GC(230)   Other: 0.10ms
[1520.146s][info][gc,heap        ] GC(230) Eden regions: 1101->0(1120)
[1520.146s][info][gc,heap        ] GC(230) Survivor regions: 110->108(152)
[1520.146s][info][gc,heap        ] GC(230) Old regions: 544->463
[1520.146s][info][gc,heap        ] GC(230) Humongous regions: 80->80
[1520.146s][info][gc,metaspace   ] GC(230) Metaspace: 28961K(29312K)->28961K(29312K) NonClass: 24077K(24192K)->24077K(24192K) Class: 4884K(5120K)->4884K(5120K)
[1520.146s][info][gc             ] GC(230) Pause Young (Mixed) (G1 Evacuation Pause) 3667M->1299M(4096M) 133.626ms
[1520.147s][info][gc,cpu         ] GC(230) User=0.79s Sys=0.00s Real=0.14s
.........[1529.749s][info][gc,start       ] GC(231) Pause Young (Concurrent Start) (G1 Evacuation Pause)
[1529.749s][info][gc,task        ] GC(231) Using 6 workers of 6 for evacuation
[1529.866s][info][gc,phases      ] GC(231)   Pre Evacuate Collection Set: 0.39ms
[1529.866s][info][gc,phases      ] GC(231)   Merge Heap Roots: 0.49ms
[1529.866s][info][gc,phases      ] GC(231)   Evacuate Collection Set: 114.46ms
[1529.866s][info][gc,phases      ] GC(231)   Post Evacuate Collection Set: 0.89ms
[1529.866s][info][gc,phases      ] GC(231)   Other: 0.10ms
[1529.866s][info][gc,heap        ] GC(231) Eden regions: 1120->0(1120)
[1529.866s][info][gc,heap        ] GC(231) Survivor regions: 108->108(154)
[1529.866s][info][gc,heap        ] GC(231) Old regions: 463->496
[1529.866s][info][gc,heap        ] GC(231) Humongous regions: 80->80
[1529.866s][info][gc,metaspace   ] GC(231) Metaspace: 28961K(29312K)->28961K(29312K) NonClass: 24077K(24192K)->24077K(24192K) Class: 4884K(5120K)->4884K(5120K)
[1529.866s][info][gc             ] GC(231) Pause Young (Concurrent Start) (G1 Evacuation Pause) 3539M->1365M(4096M) 116.449ms
[1529.866s][info][gc             ] GC(232) Concurrent Mark Cycle
[1529.866s][info][gc,marking     ] GC(232) Concurrent Scan Root Regions
[1529.866s][info][gc,cpu         ] GC(231) User=0.69s Sys=0.00s Real=0.12s
.[1529.985s][info][gc,marking     ] GC(232) Concurrent Scan Root Regions 118.903ms
[1529.985s][info][gc,marking     ] GC(232) Concurrent Mark
[1529.985s][info][gc,marking     ] GC(232) Concurrent Mark From Roots
[1529.985s][info][gc,task        ] GC(232) Using 2 workers of 2 for marking
[1530.560s][info][gc,marking     ] GC(232) Concurrent Mark From Roots 574.949ms
[1530.560s][info][gc,marking     ] GC(232) Concurrent Preclean
[1530.560s][info][gc,marking     ] GC(232) Concurrent Preclean 0.048ms
[1530.560s][info][gc,start       ] GC(232) Pause Remark
[1530.563s][info][gc             ] GC(232) Pause Remark 1552M->1552M(4096M) 2.877ms
[1530.563s][info][gc,cpu         ] GC(232) User=0.01s Sys=0.00s Real=0.00s
[1530.563s][info][gc,marking     ] GC(232) Concurrent Mark 578.120ms
[1530.563s][info][gc,marking     ] GC(232) Concurrent Rebuild Remembered Sets and Scrub Regions
[1530.801s][info][gc,marking     ] GC(232) Concurrent Rebuild Remembered Sets and Scrub Regions 238.552ms
[1530.802s][info][gc,start       ] GC(232) Pause Cleanup
[1530.802s][info][gc             ] GC(232) Pause Cleanup 1617M->1617M(4096M) 0.122ms
[1530.802s][info][gc,cpu         ] GC(232) User=0.00s Sys=0.00s Real=0.00s
[1530.802s][info][gc,marking     ] GC(232) Concurrent Clear Claimed Marks
[1530.802s][info][gc,marking     ] GC(232) Concurrent Clear Claimed Marks 0.029ms
[1530.802s][info][gc,marking     ] GC(232) Concurrent Cleanup for Next Mark
[1530.805s][info][gc,marking     ] GC(232) Concurrent Cleanup for Next Mark 3.589ms
[1530.806s][info][gc             ] GC(232) Concurrent Mark Cycle 939.684ms
.........[1539.485s][info][gc,start       ] GC(233) Pause Young (Prepare Mixed) (G1 Evacuation Pause)
[1539.485s][info][gc,task        ] GC(233) Using 6 workers of 6 for evacuation
[1539.604s][info][gc,phases      ] GC(233)   Pre Evacuate Collection Set: 0.39ms
[1539.604s][info][gc,phases      ] GC(233)   Merge Heap Roots: 0.58ms
[1539.604s][info][gc,phases      ] GC(233)   Evacuate Collection Set: 117.07ms
[1539.604s][info][gc,phases      ] GC(233)   Post Evacuate Collection Set: 0.95ms
[1539.604s][info][gc,phases      ] GC(233)   Other: 0.09ms
[1539.604s][info][gc,heap        ] GC(233) Eden regions: 1120->0(1115)
[1539.604s][info][gc,heap        ] GC(233) Survivor regions: 108->111(154)
[1539.604s][info][gc,heap        ] GC(233) Old regions: 496->528
[1539.604s][info][gc,heap        ] GC(233) Humongous regions: 80->80
[1539.604s][info][gc,metaspace   ] GC(233) Metaspace: 28961K(29312K)->28961K(29312K) NonClass: 24077K(24192K)->24077K(24192K) Class: 4884K(5120K)->4884K(5120K)
[1539.604s][info][gc             ] GC(233) Pause Young (Prepare Mixed) (G1 Evacuation Pause) 3605M->1434M(4096M) 119.229ms
[1539.604s][info][gc,cpu         ] GC(233) User=0.71s Sys=0.00s Real=0.12s
... (rIR:aIR:PR = 1937:1935:1935) (tPR = 28774) [OK] 
  1541s: Performance info:
         Transaction,    Success,    Partial,     Failed,   Receipts, AvgBarcode, 
             Overall,     116250,          0,          0,     110433,      59.48, 
         Response times:
             Request,    Success,    Partial,     Failed,   SkipFail,     Probes,    Samples,      min,      p50,      p90,      p95,      p99,      max, 
       TotalPurchase,     110432,          0,          0,          0,     107709,     117869,      300,     1800,     2700,     3000,     7500,   140000,
     InStorePurchase,      58069,          0,          0,          0,      57039,      62236,      300,     1700,     2700,     3000,     7800,   140000,
      OnlinePurchase,      40722,          0,          0,          0,      39545,      43313,      300,     1800,     2700,     3000,     7100,   140000,
        InstPurchase,      11641,          0,          0,          0,      11125,      12320,      400,     1900,     2800,     3100,     9700,   137000,
          AssocOfCat,        117,          0,          0,          0,        110,        126,    18800,    25000,    30000,    38300,   168190,   169000,
      AssocOfProduct,       1157,          0,          0,          0,       1022,       1246,      400,     2200,     2800,     3300,    11700,   137000,
      BusinessReport,        287,          0,          0,          0,        212,        291,    19100,    26000,    36000,    41800,   135800,   146000,
          CustBuyBeh,       1165,          0,          0,          0,       1023,       1258,      200,      700,     1300,     1600,     4000,     8100,
       ProductReturn,       3092,          0,          0,          0,       2874,       3330,      300,     1700,     2600,     2900,    11400,   137000,

  1541s: (15%)   IR =   2076 ....|...[1548.988s][info][gc,start       ] GC(234) Pause Young (Mixed) (G1 Evacuation Pause)
[1548.988s][info][gc,task        ] GC(234) Using 6 workers of 6 for evacuation
[1549.131s][info][gc,phases      ] GC(234)   Pre Evacuate Collection Set: 0.40ms
[1549.131s][info][gc,phases      ] GC(234)   Merge Heap Roots: 0.82ms
[1549.131s][info][gc,phases      ] GC(234)   Evacuate Collection Set: 140.54ms
[1549.131s][info][gc,phases      ] GC(234)   Post Evacuate Collection Set: 1.01ms
[1549.131s][info][gc,phases      ] GC(234)   Other: 0.10ms
[1549.131s][info][gc,heap        ] GC(234) Eden regions: 1115->0(1117)
[1549.131s][info][gc,heap        ] GC(234) Survivor regions: 111->111(154)
[1549.131s][info][gc,heap        ] GC(234) Old regions: 528->467
[1549.131s][info][gc,heap        ] GC(234) Humongous regions: 80->80
[1549.131s][info][gc,metaspace   ] GC(234) Metaspace: 28963K(29312K)->28963K(29312K) NonClass: 24079K(24192K)->24079K(24192K) Class: 4884K(5120K)->4884K(5120K)
[1549.131s][info][gc             ] GC(234) Pause Young (Mixed) (G1 Evacuation Pause) 3664M->1312M(4096M) 143.024ms
[1549.131s][info][gc,cpu         ] GC(234) User=0.85s Sys=0.00s Real=0.14s
.........[1558.165s][info][gc,start       ] GC(235) Pause Young (Concurrent Start) (G1 Evacuation Pause)
[1558.165s][info][gc,task        ] GC(235) Using 6 workers of 6 for evacuation
[1558.282s][info][gc,phases      ] GC(235)   Pre Evacuate Collection Set: 0.43ms
[1558.282s][info][gc,phases      ] GC(235)   Merge Heap Roots: 0.50ms
[1558.282s][info][gc,phases      ] GC(235)   Evacuate Collection Set: 115.23ms
[1558.282s][info][gc,phases      ] GC(235)   Post Evacuate Collection Set: 0.89ms
[1558.282s][info][gc,phases      ] GC(235)   Other: 0.11ms
[1558.282s][info][gc,heap        ] GC(235) Eden regions: 1117->0(1119)
[1558.282s][info][gc,heap        ] GC(235) Survivor regions: 111->109(154)
[1558.282s][info][gc,heap        ] GC(235) Old regions: 467->499
[1558.282s][info][gc,heap        ] GC(235) Humongous regions: 80->80
[1558.282s][info][gc,metaspace   ] GC(235) Metaspace: 28963K(29312K)->28963K(29312K) NonClass: 24079K(24192K)->24079K(24192K) Class: 4884K(5120K)->4884K(5120K)
[1558.282s][info][gc             ] GC(235) Pause Young (Concurrent Start) (G1 Evacuation Pause) 3546M->1373M(4096M) 117.304ms
[1558.282s][info][gc             ] GC(236) Concurrent Mark Cycle
[1558.282s][info][gc,marking     ] GC(236) Concurrent Scan Root Regions
[1558.282s][info][gc,cpu         ] GC(235) User=0.69s Sys=0.00s Real=0.12s
[1558.428s][info][gc,marking     ] GC(236) Concurrent Scan Root Regions 146.395ms
[1558.428s][info][gc,marking     ] GC(236) Concurrent Mark
[1558.428s][info][gc,marking     ] GC(236) Concurrent Mark From Roots
[1558.428s][info][gc,task        ] GC(236) Using 2 workers of 2 for marking
.[1559.000s][info][gc,marking     ] GC(236) Concurrent Mark From Roots 571.776ms
[1559.000s][info][gc,marking     ] GC(236) Concurrent Preclean
[1559.000s][info][gc,marking     ] GC(236) Concurrent Preclean 0.055ms
[1559.000s][info][gc,start       ] GC(236) Pause Remark
[1559.003s][info][gc             ] GC(236) Pause Remark 1586M->1586M(4096M) 2.924ms
[1559.003s][info][gc,cpu         ] GC(236) User=0.02s Sys=0.00s Real=0.00s
[1559.003s][info][gc,marking     ] GC(236) Concurrent Mark 575.021ms
[1559.003s][info][gc,marking     ] GC(236) Concurrent Rebuild Remembered Sets and Scrub Regions
[1559.214s][info][gc,marking     ] GC(236) Concurrent Rebuild Remembered Sets and Scrub Regions 210.615ms
[1559.214s][info][gc,start       ] GC(236) Pause Cleanup
[1559.214s][info][gc             ] GC(236) Pause Cleanup 1640M->1640M(4096M) 0.108ms
[1559.214s][info][gc,cpu         ] GC(236) User=0.00s Sys=0.00s Real=0.00s
[1559.214s][info][gc,marking     ] GC(236) Concurrent Clear Claimed Marks
[1559.214s][info][gc,marking     ] GC(236) Concurrent Clear Claimed Marks 0.031ms
[1559.214s][info][gc,marking     ] GC(236) Concurrent Cleanup for Next Mark
[1559.218s][info][gc,marking     ] GC(236) Concurrent Cleanup for Next Mark 3.249ms
[1559.218s][info][gc             ] GC(236) Concurrent Mark Cycle 935.743ms
........[1567.255s][info][gc,start       ] GC(237) Pause Young (Prepare Mixed) (G1 Evacuation Pause)
[1567.255s][info][gc,task        ] GC(237) Using 6 workers of 6 for evacuation
[1567.374s][info][gc,phases      ] GC(237)   Pre Evacuate Collection Set: 0.36ms
[1567.374s][info][gc,phases      ] GC(237)   Merge Heap Roots: 0.57ms
[1567.374s][info][gc,phases      ] GC(237)   Evacuate Collection Set: 116.40ms
[1567.374s][info][gc,phases      ] GC(237)   Post Evacuate Collection Set: 0.94ms
[1567.374s][info][gc,phases      ] GC(237)   Other: 0.08ms
[1567.374s][info][gc,heap        ] GC(237) Eden regions: 1119->0(1115)
[1567.374s][info][gc,heap        ] GC(237) Survivor regions: 109->110(154)
[1567.374s][info][gc,heap        ] GC(237) Old regions: 499->530
[1567.374s][info][gc,heap        ] GC(237) Humongous regions: 80->80
[1567.374s][info][gc,metaspace   ] GC(237) Metaspace: 28963K(29312K)->28963K(29312K) NonClass: 24079K(24192K)->24079K(24192K) Class: 4884K(5120K)->4884K(5120K)
[1567.374s][info][gc             ] GC(237) Pause Young (Prepare Mixed) (G1 Evacuation Pause) 3611M->1437M(4096M) 118.496ms
[1567.374s][info][gc,cpu         ] GC(237) User=0.70s Sys=0.00s Real=0.12s
.........[1576.393s][info][gc,start       ] GC(238) Pause Young (Mixed) (G1 Evacuation Pause)
[1576.394s][info][gc,task        ] GC(238) Using 6 workers of 6 for evacuation
[1576.529s][info][gc,phases      ] GC(238)   Pre Evacuate Collection Set: 0.41ms
[1576.529s][info][gc,phases      ] GC(238)   Merge Heap Roots: 0.72ms
[1576.529s][info][gc,phases      ] GC(238)   Evacuate Collection Set: 132.79ms
[1576.529s][info][gc,phases      ] GC(238)   Post Evacuate Collection Set: 1.04ms
[1576.529s][info][gc,phases      ] GC(238)   Other: 0.09ms
[1576.529s][info][gc,heap        ] GC(238) Eden regions: 1115->0(1119)
[1576.529s][info][gc,heap        ] GC(238) Survivor regions: 110->109(154)
[1576.529s][info][gc,heap        ] GC(238) Old regions: 530->466
[1576.529s][info][gc,heap        ] GC(238) Humongous regions: 80->80
[1576.529s][info][gc,metaspace   ] GC(238) Metaspace: 28963K(29312K)->28963K(29312K) NonClass: 24079K(24192K)->24079K(24192K) Class: 4884K(5120K)->4884K(5120K)
[1576.529s][info][gc             ] GC(238) Pause Young (Mixed) (G1 Evacuation Pause) 3667M->1306M(4096M) 135.183ms
[1576.529s][info][gc,cpu         ] GC(238) User=0.80s Sys=0.00s Real=0.14s
.........[1585.689s][info][gc,start       ] GC(239) Pause Young (Concurrent Start) (G1 Evacuation Pause)
[1585.689s][info][gc,task        ] GC(239) Using 6 workers of 6 for evacuation
[1585.808s][info][gc,phases      ] GC(239)   Pre Evacuate Collection Set: 0.39ms
[1585.808s][info][gc,phases      ] GC(239)   Merge Heap Roots: 0.54ms
[1585.808s][info][gc,phases      ] GC(239)   Evacuate Collection Set: 117.04ms
[1585.808s][info][gc,phases      ] GC(239)   Post Evacuate Collection Set: 0.99ms
[1585.808s][info][gc,phases      ] GC(239)   Other: 0.12ms
[1585.808s][info][gc,heap        ] GC(239) Eden regions: 1119->0(1119)
[1585.808s][info][gc,heap        ] GC(239) Survivor regions: 109->109(154)
[1585.808s][info][gc,heap        ] GC(239) Old regions: 466->497
[1585.808s][info][gc,heap        ] GC(239) Humongous regions: 80->80
[1585.808s][info][gc,metaspace   ] GC(239) Metaspace: 28963K(29312K)->28963K(29312K) NonClass: 24079K(24192K)->24079K(24192K) Class: 4884K(5120K)->4884K(5120K)
[1585.808s][info][gc             ] GC(239) Pause Young (Concurrent Start) (G1 Evacuation Pause) 3544M->1370M(4096M) 119.195ms
[1585.808s][info][gc             ] GC(240) Concurrent Mark Cycle
[1585.808s][info][gc,marking     ] GC(240) Concurrent Scan Root Regions
[1585.808s][info][gc,cpu         ] GC(239) User=0.70s Sys=0.00s Real=0.12s
.[1585.935s][info][gc,marking     ] GC(240) Concurrent Scan Root Regions 126.685ms
[1585.935s][info][gc,marking     ] GC(240) Concurrent Mark
[1585.935s][info][gc,marking     ] GC(240) Concurrent Mark From Roots
[1585.935s][info][gc,task        ] GC(240) Using 2 workers of 2 for marking
[1586.484s][info][gc,marking     ] GC(240) Concurrent Mark From Roots 548.596ms
[1586.484s][info][gc,marking     ] GC(240) Concurrent Preclean
[1586.484s][info][gc,marking     ] GC(240) Concurrent Preclean 0.071ms
[1586.484s][info][gc,start       ] GC(240) Pause Remark
[1586.487s][info][gc             ] GC(240) Pause Remark 1620M->1620M(4096M) 2.990ms
[1586.487s][info][gc,cpu         ] GC(240) User=0.02s Sys=0.00s Real=0.01s
[1586.487s][info][gc,marking     ] GC(240) Concurrent Mark 552.410ms
[1586.487s][info][gc,marking     ] GC(240) Concurrent Rebuild Remembered Sets and Scrub Regions
[1586.710s][info][gc,marking     ] GC(240) Concurrent Rebuild Remembered Sets and Scrub Regions 222.447ms
[1586.710s][info][gc,start       ] GC(240) Pause Cleanup
[1586.710s][info][gc             ] GC(240) Pause Cleanup 1683M->1683M(4096M) 0.120ms
[1586.710s][info][gc,cpu         ] GC(240) User=0.00s Sys=0.00s Real=0.00s
[1586.710s][info][gc,marking     ] GC(240) Concurrent Clear Claimed Marks
[1586.710s][info][gc,marking     ] GC(240) Concurrent Clear Claimed Marks 0.027ms
[1586.710s][info][gc,marking     ] GC(240) Concurrent Cleanup for Next Mark
[1586.713s][info][gc,marking     ] GC(240) Concurrent Cleanup for Next Mark 3.233ms
[1586.713s][info][gc             ] GC(240) Concurrent Mark Cycle 905.221ms
........[1594.849s][info][gc,start       ] GC(241) Pause Young (Prepare Mixed) (G1 Evacuation Pause)
[1594.849s][info][gc,task        ] GC(241) Using 6 workers of 6 for evacuation
[1594.967s][info][gc,phases      ] GC(241)   Pre Evacuate Collection Set: 0.37ms
[1594.967s][info][gc,phases      ] GC(241)   Merge Heap Roots: 0.61ms
[1594.967s][info][gc,phases      ] GC(241)   Evacuate Collection Set: 116.33ms
[1594.967s][info][gc,phases      ] GC(241)   Post Evacuate Collection Set: 0.96ms
[1594.967s][info][gc,phases      ] GC(241)   Other: 0.08ms
[1594.967s][info][gc,heap        ] GC(241) Eden regions: 1119->0(1116)
[1594.967s][info][gc,heap        ] GC(241) Survivor regions: 109->110(154)
[1594.967s][info][gc,heap        ] GC(241) Old regions: 497->529
[1594.967s][info][gc,heap        ] GC(241) Humongous regions: 80->80
[1594.967s][info][gc,metaspace   ] GC(241) Metaspace: 28963K(29312K)->28963K(29312K) NonClass: 24079K(24192K)->24079K(24192K) Class: 4884K(5120K)->4884K(5120K)
[1594.967s][info][gc             ] GC(241) Pause Young (Prepare Mixed) (G1 Evacuation Pause) 3608M->1435M(4096M) 118.474ms
[1594.967s][info][gc,cpu         ] GC(241) User=0.70s Sys=0.00s Real=0.12s
.........[1603.833s][info][gc,start       ] GC(242) Pause Young (Mixed) (G1 Evacuation Pause)
[1603.833s][info][gc,task        ] GC(242) Using 6 workers of 6 for evacuation
[1603.969s][info][gc,phases      ] GC(242)   Pre Evacuate Collection Set: 0.42ms
[1603.969s][info][gc,phases      ] GC(242)   Merge Heap Roots: 0.72ms
[1603.969s][info][gc,phases      ] GC(242)   Evacuate Collection Set: 133.99ms
[1603.969s][info][gc,phases      ] GC(242)   Post Evacuate Collection Set: 1.01ms
[1603.969s][info][gc,phases      ] GC(242)   Other: 0.09ms
[1603.969s][info][gc,heap        ] GC(242) Eden regions: 1116->0(1121)
[1603.969s][info][gc,heap        ] GC(242) Survivor regions: 110->107(154)
[1603.969s][info][gc,heap        ] GC(242) Old regions: 529->466
[1603.969s][info][gc,heap        ] GC(242) Humongous regions: 80->80
[1603.969s][info][gc,metaspace   ] GC(242) Metaspace: 28963K(29312K)->28963K(29312K) NonClass: 24079K(24192K)->24079K(24192K) Class: 4884K(5120K)->4884K(5120K)
[1603.969s][info][gc             ] GC(242) Pause Young (Mixed) (G1 Evacuation Pause) 3667M->1304M(4096M) 136.351ms
[1603.969s][info][gc,cpu         ] GC(242) User=0.81s Sys=0.00s Real=0.14s
... (rIR:aIR:PR = 2076:2076:2076) (tPR = 30487) [OK] 
  1605s: Performance info:
         Transaction,    Success,    Partial,     Failed,   Receipts, AvgBarcode, 
             Overall,     124758,          0,          0,     118512,      59.46, 
         Response times:
             Request,    Success,    Partial,     Failed,   SkipFail,     Probes,    Samples,      min,      p50,      p90,      p95,      p99,      max, 
       TotalPurchase,     118512,          0,          0,          0,     115837,     124899,      300,     1900,     2900,     3200,     8400,   139000,
     InStorePurchase,      62370,          0,          0,          0,      60787,      65276,      300,     1800,     2900,     3200,     8223,   139000,
      OnlinePurchase,      43651,          0,          0,          0,      43008,      46388,      300,     2000,     2900,     3300,     8811,   139000,
        InstPurchase,      12491,          0,          0,          0,      12042,      13235,      400,     1700,     2700,     3100,     8100,   139000,
          AssocOfCat,        127,          0,          0,          0,         92,        139,    19200,    26000,    31000,    37000,   110000,   154000,
      AssocOfProduct,       1253,          0,          0,          0,       1065,       1229,      600,     2000,     2700,     2900,    10870,    22000,
      BusinessReport,        312,          0,          0,          0,        232,        317,    19400,    27000,    34000,    40200,   137380,   190000,
          CustBuyBeh,       1245,          0,          0,          0,       1126,       1388,      200,     2500,     3200,     3700,    24110,   123000,
       ProductReturn,       3308,          0,          0,          0,       3081,       3531,      200,     1900,     2800,     3100,     7200,   139000,

  1605s: (16%)   IR =   2214 .....|.[1612.649s][info][gc,start       ] GC(243) Pause Young (Concurrent Start) (G1 Evacuation Pause)
[1612.649s][info][gc,task        ] GC(243) Using 6 workers of 6 for evacuation
[1612.767s][info][gc,phases      ] GC(243)   Pre Evacuate Collection Set: 0.42ms
[1612.767s][info][gc,phases      ] GC(243)   Merge Heap Roots: 0.50ms
[1612.767s][info][gc,phases      ] GC(243)   Evacuate Collection Set: 116.46ms
[1612.767s][info][gc,phases      ] GC(243)   Post Evacuate Collection Set: 0.92ms
[1612.767s][info][gc,phases      ] GC(243)   Other: 0.10ms
[1612.767s][info][gc,heap        ] GC(243) Eden regions: 1121->0(1120)
[1612.767s][info][gc,heap        ] GC(243) Survivor regions: 107->108(154)
[1612.767s][info][gc,heap        ] GC(243) Old regions: 466->498
[1612.767s][info][gc,heap        ] GC(243) Humongous regions: 80->80
[1612.767s][info][gc,metaspace   ] GC(243) Metaspace: 28965K(29312K)->28965K(29312K) NonClass: 24081K(24192K)->24081K(24192K) Class: 4884K(5120K)->4884K(5120K)
[1612.767s][info][gc             ] GC(243) Pause Young (Concurrent Start) (G1 Evacuation Pause) 3546M->1370M(4096M) 118.561ms
[1612.767s][info][gc             ] GC(244) Concurrent Mark Cycle
[1612.767s][info][gc,marking     ] GC(244) Concurrent Scan Root Regions
[1612.767s][info][gc,cpu         ] GC(243) User=0.70s Sys=0.00s Real=0.12s
[1612.900s][info][gc,marking     ] GC(244) Concurrent Scan Root Regions 132.590ms
[1612.900s][info][gc,marking     ] GC(244) Concurrent Mark
[1612.900s][info][gc,marking     ] GC(244) Concurrent Mark From Roots
[1612.900s][info][gc,task        ] GC(244) Using 2 workers of 2 for marking
.[1613.472s][info][gc,marking     ] GC(244) Concurrent Mark From Roots 572.136ms
[1613.472s][info][gc,marking     ] GC(244) Concurrent Preclean
[1613.472s][info][gc,marking     ] GC(244) Concurrent Preclean 0.080ms
[1613.473s][info][gc,start       ] GC(244) Pause Remark
[1613.475s][info][gc             ] GC(244) Pause Remark 1579M->1579M(4096M) 2.890ms
[1613.475s][info][gc,cpu         ] GC(244) User=0.02s Sys=0.00s Real=0.00s
[1613.476s][info][gc,marking     ] GC(244) Concurrent Mark 575.501ms
[1613.476s][info][gc,marking     ] GC(244) Concurrent Rebuild Remembered Sets and Scrub Regions
[1613.705s][info][gc,marking     ] GC(244) Concurrent Rebuild Remembered Sets and Scrub Regions 228.927ms
[1613.705s][info][gc,start       ] GC(244) Pause Cleanup
[1613.705s][info][gc             ] GC(244) Pause Cleanup 1646M->1646M(4096M) 0.127ms
[1613.705s][info][gc,cpu         ] GC(244) User=0.00s Sys=0.00s Real=0.00s
[1613.705s][info][gc,marking     ] GC(244) Concurrent Clear Claimed Marks
[1613.705s][info][gc,marking     ] GC(244) Concurrent Clear Claimed Marks 0.031ms
[1613.705s][info][gc,marking     ] GC(244) Concurrent Cleanup for Next Mark
[1613.709s][info][gc,marking     ] GC(244) Concurrent Cleanup for Next Mark 4.019ms
[1613.709s][info][gc             ] GC(244) Concurrent Mark Cycle 941.531ms
........[1621.283s][info][gc,start       ] GC(245) Pause Young (Prepare Mixed) (G1 Evacuation Pause)
[1621.283s][info][gc,task        ] GC(245) Using 6 workers of 6 for evacuation
[1621.407s][info][gc,phases      ] GC(245)   Pre Evacuate Collection Set: 0.35ms
[1621.407s][info][gc,phases      ] GC(245)   Merge Heap Roots: 0.57ms
[1621.407s][info][gc,phases      ] GC(245)   Evacuate Collection Set: 121.36ms
[1621.407s][info][gc,phases      ] GC(245)   Post Evacuate Collection Set: 0.96ms
[1621.407s][info][gc,phases      ] GC(245)   Other: 0.09ms
[1621.407s][info][gc,heap        ] GC(245) Eden regions: 1120->0(1111)
[1621.407s][info][gc,heap        ] GC(245) Survivor regions: 108->112(154)
[1621.407s][info][gc,heap        ] GC(245) Old regions: 498->530
[1621.407s][info][gc,heap        ] GC(245) Humongous regions: 80->80
[1621.407s][info][gc,metaspace   ] GC(245) Metaspace: 28965K(29312K)->28965K(29312K) NonClass: 24081K(24192K)->24081K(24192K) Class: 4884K(5120K)->4884K(5120K)
[1621.407s][info][gc             ] GC(245) Pause Young (Prepare Mixed) (G1 Evacuation Pause) 3610M->1441M(4096M) 123.476ms
[1621.407s][info][gc,cpu         ] GC(245) User=0.72s Sys=0.00s Real=0.13s
........[1629.754s][info][gc,start       ] GC(246) Pause Young (Mixed) (G1 Evacuation Pause)
[1629.754s][info][gc,task        ] GC(246) Using 6 workers of 6 for evacuation
[1629.892s][info][gc,phases      ] GC(246)   Pre Evacuate Collection Set: 0.40ms
[1629.892s][info][gc,phases      ] GC(246)   Merge Heap Roots: 0.81ms
[1629.892s][info][gc,phases      ] GC(246)   Evacuate Collection Set: 135.59ms
[1629.892s][info][gc,phases      ] GC(246)   Post Evacuate Collection Set: 0.97ms
[1629.892s][info][gc,phases      ] GC(246)   Other: 0.09ms
[1629.892s][info][gc,heap        ] GC(246) Eden regions: 1111->0(1120)
[1629.892s][info][gc,heap        ] GC(246) Survivor regions: 112->108(153)
[1629.892s][info][gc,heap        ] GC(246) Old regions: 530->468
[1629.892s][info][gc,heap        ] GC(246) Humongous regions: 80->80
[1629.892s][info][gc,metaspace   ] GC(246) Metaspace: 28970K(29312K)->28970K(29312K) NonClass: 24085K(24192K)->24085K(24192K) Class: 4884K(5120K)->4884K(5120K)
[1629.892s][info][gc             ] GC(246) Pause Young (Mixed) (G1 Evacuation Pause) 3663M->1309M(4096M) 138.002ms
[1629.892s][info][gc,cpu         ] GC(246) User=0.81s Sys=0.00s Real=0.14s
.........[1638.369s][info][gc,start       ] GC(247) Pause Young (Concurrent Start) (G1 Evacuation Pause)
[1638.369s][info][gc,task        ] GC(247) Using 6 workers of 6 for evacuation
[1638.487s][info][gc,phases      ] GC(247)   Pre Evacuate Collection Set: 0.45ms
[1638.487s][info][gc,phases      ] GC(247)   Merge Heap Roots: 0.56ms
[1638.487s][info][gc,phases      ] GC(247)   Evacuate Collection Set: 115.77ms
[1638.487s][info][gc,phases      ] GC(247)   Post Evacuate Collection Set: 0.94ms
[1638.487s][info][gc,phases      ] GC(247)   Other: 0.11ms
[1638.487s][info][gc,heap        ] GC(247) Eden regions: 1120->0(1120)
[1638.487s][info][gc,heap        ] GC(247) Survivor regions: 108->108(154)
[1638.487s][info][gc,heap        ] GC(247) Old regions: 468->500
[1638.487s][info][gc,heap        ] GC(247) Humongous regions: 80->80
[1638.487s][info][gc,metaspace   ] GC(247) Metaspace: 28970K(29312K)->28970K(29312K) NonClass: 24085K(24192K)->24085K(24192K) Class: 4884K(5120K)->4884K(5120K)
[1638.487s][info][gc             ] GC(247) Pause Young (Concurrent Start) (G1 Evacuation Pause) 3549M->1372M(4096M) 117.951ms
[1638.487s][info][gc             ] GC(248) Concurrent Mark Cycle
[1638.487s][info][gc,marking     ] GC(248) Concurrent Scan Root Regions
[1638.487s][info][gc,cpu         ] GC(247) User=0.70s Sys=0.00s Real=0.12s
[1638.631s][info][gc,marking     ] GC(248) Concurrent Scan Root Regions 144.380ms
[1638.631s][info][gc,marking     ] GC(248) Concurrent Mark
[1638.631s][info][gc,marking     ] GC(248) Concurrent Mark From Roots
[1638.631s][info][gc,task        ] GC(248) Using 2 workers of 2 for marking
.[1639.207s][info][gc,marking     ] GC(248) Concurrent Mark From Roots 576.095ms
[1639.207s][info][gc,marking     ] GC(248) Concurrent Preclean
[1639.207s][info][gc,marking     ] GC(248) Concurrent Preclean 0.052ms
[1639.208s][info][gc,start       ] GC(248) Pause Remark
[1639.210s][info][gc             ] GC(248) Pause Remark 1606M->1606M(4096M) 2.853ms
[1639.210s][info][gc,cpu         ] GC(248) User=0.01s Sys=0.00s Real=0.00s
[1639.211s][info][gc,marking     ] GC(248) Concurrent Mark 579.269ms
[1639.211s][info][gc,marking     ] GC(248) Concurrent Rebuild Remembered Sets and Scrub Regions
[1639.443s][info][gc,marking     ] GC(248) Concurrent Rebuild Remembered Sets and Scrub Regions 232.653ms
[1639.443s][info][gc,start       ] GC(248) Pause Cleanup
[1639.443s][info][gc             ] GC(248) Pause Cleanup 1674M->1674M(4096M) 0.119ms
[1639.443s][info][gc,cpu         ] GC(248) User=0.00s Sys=0.00s Real=0.00s
[1639.443s][info][gc,marking     ] GC(248) Concurrent Clear Claimed Marks
[1639.444s][info][gc,marking     ] GC(248) Concurrent Clear Claimed Marks 0.027ms
[1639.444s][info][gc,marking     ] GC(248) Concurrent Cleanup for Next Mark
[1639.447s][info][gc,marking     ] GC(248) Concurrent Cleanup for Next Mark 3.260ms
[1639.447s][info][gc             ] GC(248) Concurrent Mark Cycle 960.053ms
.......[1646.885s][info][gc,start       ] GC(249) Pause Young (Prepare Mixed) (G1 Evacuation Pause)
[1646.886s][info][gc,task        ] GC(249) Using 6 workers of 6 for evacuation
[1647.001s][info][gc,phases      ] GC(249)   Pre Evacuate Collection Set: 0.37ms
[1647.001s][info][gc,phases      ] GC(249)   Merge Heap Roots: 0.53ms
[1647.001s][info][gc,phases      ] GC(249)   Evacuate Collection Set: 113.81ms
[1647.001s][info][gc,phases      ] GC(249)   Post Evacuate Collection Set: 0.97ms
[1647.001s][info][gc,phases      ] GC(249)   Other: 0.09ms
[1647.001s][info][gc,heap        ] GC(249) Eden regions: 1120->0(1120)
[1647.001s][info][gc,heap        ] GC(249) Survivor regions: 108->107(154)
[1647.001s][info][gc,heap        ] GC(249) Old regions: 500->531
[1647.001s][info][gc,heap        ] GC(249) Humongous regions: 80->80
[1647.001s][info][gc,metaspace   ] GC(249) Metaspace: 28970K(29312K)->28970K(29312K) NonClass: 24085K(24192K)->24085K(24192K) Class: 4884K(5120K)->4884K(5120K)
[1647.001s][info][gc             ] GC(249) Pause Young (Prepare Mixed) (G1 Evacuation Pause) 3612M->1433M(4096M) 115.894ms
[1647.001s][info][gc,cpu         ] GC(249) User=0.69s Sys=0.00s Real=0.12s
.........[1655.477s][info][gc,start       ] GC(250) Pause Young (Mixed) (G1 Evacuation Pause)
[1655.477s][info][gc,task        ] GC(250) Using 6 workers of 6 for evacuation
[1655.615s][info][gc,phases      ] GC(250)   Pre Evacuate Collection Set: 0.44ms
[1655.615s][info][gc,phases      ] GC(250)   Merge Heap Roots: 0.83ms
[1655.615s][info][gc,phases      ] GC(250)   Evacuate Collection Set: 135.31ms
[1655.615s][info][gc,phases      ] GC(250)   Post Evacuate Collection Set: 0.97ms
[1655.615s][info][gc,phases      ] GC(250)   Other: 0.10ms
[1655.615s][info][gc,heap        ] GC(250) Eden regions: 1120->0(1119)
[1655.615s][info][gc,heap        ] GC(250) Survivor regions: 107->109(154)
[1655.615s][info][gc,heap        ] GC(250) Old regions: 531->466
[1655.615s][info][gc,heap        ] GC(250) Humongous regions: 80->80
[1655.615s][info][gc,metaspace   ] GC(250) Metaspace: 28970K(29312K)->28970K(29312K) NonClass: 24085K(24192K)->24085K(24192K) Class: 4884K(5120K)->4884K(5120K)
[1655.615s][info][gc             ] GC(250) Pause Young (Mixed) (G1 Evacuation Pause) 3673M->1307M(4096M) 137.790ms
[1655.615s][info][gc,cpu         ] GC(250) User=0.81s Sys=0.00s Real=0.13s
.........[1664.294s][info][gc,start       ] GC(251) Pause Young (Concurrent Start) (G1 Evacuation Pause)
[1664.294s][info][gc,task        ] GC(251) Using 6 workers of 6 for evacuation
[1664.412s][info][gc,phases      ] GC(251)   Pre Evacuate Collection Set: 0.43ms
[1664.412s][info][gc,phases      ] GC(251)   Merge Heap Roots: 0.52ms
[1664.412s][info][gc,phases      ] GC(251)   Evacuate Collection Set: 116.28ms
[1664.412s][info][gc,phases      ] GC(251)   Post Evacuate Collection Set: 0.91ms
[1664.412s][info][gc,phases      ] GC(251)   Other: 0.10ms
[1664.412s][info][gc,heap        ] GC(251) Eden regions: 1119->0(1118)
[1664.412s][info][gc,heap        ] GC(251) Survivor regions: 109->110(154)
[1664.412s][info][gc,heap        ] GC(251) Old regions: 466->497
[1664.412s][info][gc,heap        ] GC(251) Humongous regions: 80->80
[1664.412s][info][gc,metaspace   ] GC(251) Metaspace: 28970K(29312K)->28970K(29312K) NonClass: 24085K(24192K)->24085K(24192K) Class: 4884K(5120K)->4884K(5120K)
[1664.412s][info][gc             ] GC(251) Pause Young (Concurrent Start) (G1 Evacuation Pause) 3545M->1371M(4096M) 118.363ms
[1664.412s][info][gc             ] GC(252) Concurrent Mark Cycle
[1664.412s][info][gc,marking     ] GC(252) Concurrent Scan Root Regions
[1664.412s][info][gc,cpu         ] GC(251) User=0.70s Sys=0.00s Real=0.12s
[1664.547s][info][gc,marking     ] GC(252) Concurrent Scan Root Regions 135.071ms
[1664.547s][info][gc,marking     ] GC(252) Concurrent Mark
[1664.547s][info][gc,marking     ] GC(252) Concurrent Mark From Roots
[1664.547s][info][gc,task        ] GC(252) Using 2 workers of 2 for marking
.[1665.135s][info][gc,marking     ] GC(252) Concurrent Mark From Roots 587.887ms
[1665.135s][info][gc,marking     ] GC(252) Concurrent Preclean
[1665.135s][info][gc,marking     ] GC(252) Concurrent Preclean 0.048ms
[1665.135s][info][gc,start       ] GC(252) Pause Remark
[1665.138s][info][gc             ] GC(252) Pause Remark 1607M->1607M(4096M) 2.799ms
[1665.138s][info][gc,cpu         ] GC(252) User=0.01s Sys=0.00s Real=0.01s
[1665.138s][info][gc,marking     ] GC(252) Concurrent Mark 590.960ms
[1665.138s][info][gc,marking     ] GC(252) Concurrent Rebuild Remembered Sets and Scrub Regions
[1665.360s][info][gc,marking     ] GC(252) Concurrent Rebuild Remembered Sets and Scrub Regions 221.838ms
[1665.360s][info][gc,start       ] GC(252) Pause Cleanup
[1665.360s][info][gc             ] GC(252) Pause Cleanup 1665M->1665M(4096M) 0.116ms
[1665.360s][info][gc,cpu         ] GC(252) User=0.00s Sys=0.00s Real=0.00s
[1665.360s][info][gc,marking     ] GC(252) Concurrent Clear Claimed Marks
[1665.360s][info][gc,marking     ] GC(252) Concurrent Clear Claimed Marks 0.030ms
[1665.360s][info][gc,marking     ] GC(252) Concurrent Cleanup for Next Mark
[1665.363s][info][gc,marking     ] GC(252) Concurrent Cleanup for Next Mark 3.245ms
[1665.363s][info][gc             ] GC(252) Concurrent Mark Cycle 951.554ms
...... (rIR:aIR:PR = 2214:2214:2214) (tPR = 32884) [OK] 
  1670s: Performance info:
         Transaction,    Success,    Partial,     Failed,   Receipts, AvgBarcode, 
             Overall,     132925,          0,          0,     126279,      59.47, 
         Response times:
             Request,    Success,    Partial,     Failed,   SkipFail,     Probes,    Samples,      min,      p50,      p90,      p95,      p99,      max, 
       TotalPurchase,     126279,          0,          0,          0,     122615,     133959,      300,     2000,     3100,     3500,    11200,   149000,
     InStorePurchase,      66438,          0,          0,          0,      64621,      70396,      300,     2000,     3100,     3500,    11400,   149000,
      OnlinePurchase,      46540,          0,          0,          0,      45266,      49449,      300,     1900,     3000,     3500,    10900,   148000,
        InstPurchase,      13301,          0,          0,          0,      12728,      14114,      400,     2100,     3100,     3700,    11300,   126000,
          AssocOfCat,        133,          0,          0,          0,         97,        151,    17200,    25000,    29800,    35000,   138600,   175000,
      AssocOfProduct,       1328,          0,          0,          0,       1189,       1452,      500,     1500,     2400,     2735,     9800,   140000,
      BusinessReport,        333,          0,          0,          0,        269,        395,    19600,    27000,    35000,    40200,    60000,   193000,
          CustBuyBeh,       1326,          0,          0,          0,       1191,       1423,      200,     1800,     3000,     3400,     8028,    37000,
       ProductReturn,       3526,          0,          0,          0,       3289,       3757,      200,     2000,     3100,     3600,    13226,   121000,

  1670s: (17%)   IR =   2352 .[1672.583s][info][gc,start       ] GC(253) Pause Young (Prepare Mixed) (G1 Evacuation Pause)
[1672.583s][info][gc,task        ] GC(253) Using 6 workers of 6 for evacuation
[1672.701s][info][gc,phases      ] GC(253)   Pre Evacuate Collection Set: 0.39ms
[1672.701s][info][gc,phases      ] GC(253)   Merge Heap Roots: 0.52ms
[1672.701s][info][gc,phases      ] GC(253)   Evacuate Collection Set: 115.46ms
[1672.701s][info][gc,phases      ] GC(253)   Post Evacuate Collection Set: 0.94ms
[1672.701s][info][gc,phases      ] GC(253)   Other: 0.09ms
[1672.701s][info][gc,heap        ] GC(253) Eden regions: 1118->0(1118)
[1672.701s][info][gc,heap        ] GC(253) Survivor regions: 110->109(154)
[1672.701s][info][gc,heap        ] GC(253) Old regions: 497->529
[1672.701s][info][gc,heap        ] GC(253) Humongous regions: 80->80
[1672.701s][info][gc,metaspace   ] GC(253) Metaspace: 28970K(29312K)->28970K(29312K) NonClass: 24085K(24192K)->24085K(24192K) Class: 4884K(5120K)->4884K(5120K)
[1672.701s][info][gc             ] GC(253) Pause Young (Prepare Mixed) (G1 Evacuation Pause) 3607M->1434M(4096M) 117.556ms
[1672.701s][info][gc,cpu         ] GC(253) User=0.70s Sys=0.00s Real=0.12s
.......|.[1680.737s][info][gc,start       ] GC(254) Pause Young (Mixed) (G1 Evacuation Pause)
[1680.737s][info][gc,task        ] GC(254) Using 6 workers of 6 for evacuation
[1680.870s][info][gc,phases      ] GC(254)   Pre Evacuate Collection Set: 0.40ms
[1680.870s][info][gc,phases      ] GC(254)   Merge Heap Roots: 0.67ms
[1680.870s][info][gc,phases      ] GC(254)   Evacuate Collection Set: 130.77ms
[1680.870s][info][gc,phases      ] GC(254)   Post Evacuate Collection Set: 0.98ms
[1680.870s][info][gc,phases      ] GC(254)   Other: 0.08ms
[1680.870s][info][gc,heap        ] GC(254) Eden regions: 1118->0(1120)
[1680.870s][info][gc,heap        ] GC(254) Survivor regions: 109->108(154)
[1680.870s][info][gc,heap        ] GC(254) Old regions: 529->467
[1680.870s][info][gc,heap        ] GC(254) Humongous regions: 80->80
[1680.870s][info][gc,metaspace   ] GC(254) Metaspace: 28970K(29312K)->28970K(29312K) NonClass: 24085K(24192K)->24085K(24192K) Class: 4884K(5120K)->4884K(5120K)
[1680.870s][info][gc             ] GC(254) Pause Young (Mixed) (G1 Evacuation Pause) 3670M->1308M(4096M) 133.022ms
[1680.870s][info][gc,cpu         ] GC(254) User=0.79s Sys=0.00s Real=0.13s
........[1688.825s][info][gc,start       ] GC(255) Pause Young (Concurrent Start) (G1 Evacuation Pause)
[1688.825s][info][gc,task        ] GC(255) Using 6 workers of 6 for evacuation
[1688.946s][info][gc,phases      ] GC(255)   Pre Evacuate Collection Set: 0.41ms
[1688.947s][info][gc,phases      ] GC(255)   Merge Heap Roots: 0.51ms
[1688.947s][info][gc,phases      ] GC(255)   Evacuate Collection Set: 119.85ms
[1688.947s][info][gc,phases      ] GC(255)   Post Evacuate Collection Set: 0.89ms
[1688.947s][info][gc,phases      ] GC(255)   Other: 0.09ms
[1688.947s][info][gc,heap        ] GC(255) Eden regions: 1120->0(1116)
[1688.947s][info][gc,heap        ] GC(255) Survivor regions: 108->112(154)
[1688.947s][info][gc,heap        ] GC(255) Old regions: 467->499
[1688.947s][info][gc,heap        ] GC(255) Humongous regions: 80->80
[1688.947s][info][gc,metaspace   ] GC(255) Metaspace: 28970K(29312K)->28970K(29312K) NonClass: 24085K(24192K)->24085K(24192K) Class: 4884K(5120K)->4884K(5120K)
[1688.947s][info][gc             ] GC(255) Pause Young (Concurrent Start) (G1 Evacuation Pause) 3548M->1379M(4096M) 121.881ms
[1688.947s][info][gc             ] GC(256) Concurrent Mark Cycle
[1688.947s][info][gc,marking     ] GC(256) Concurrent Scan Root Regions
[1688.947s][info][gc,cpu         ] GC(255) User=0.72s Sys=0.00s Real=0.13s
.[1689.115s][info][gc,marking     ] GC(256) Concurrent Scan Root Regions 168.802ms
[1689.115s][info][gc,marking     ] GC(256) Concurrent Mark
[1689.115s][info][gc,marking     ] GC(256) Concurrent Mark From Roots
[1689.115s][info][gc,task        ] GC(256) Using 2 workers of 2 for marking
.[1690.071s][info][gc,marking     ] GC(256) Concurrent Mark From Roots 955.134ms
[1690.071s][info][gc,marking     ] GC(256) Concurrent Preclean
[1690.071s][info][gc,marking     ] GC(256) Concurrent Preclean 0.058ms
[1690.071s][info][gc,start       ] GC(256) Pause Remark
[1690.074s][info][gc             ] GC(256) Pause Remark 1734M->1734M(4096M) 3.636ms
[1690.075s][info][gc,cpu         ] GC(256) User=0.02s Sys=0.00s Real=0.00s
[1690.075s][info][gc,marking     ] GC(256) Concurrent Mark 959.086ms
[1690.075s][info][gc,marking     ] GC(256) Concurrent Rebuild Remembered Sets and Scrub Regions
[1690.428s][info][gc,marking     ] GC(256) Concurrent Rebuild Remembered Sets and Scrub Regions 353.541ms
[1690.428s][info][gc,start       ] GC(256) Pause Cleanup
[1690.428s][info][gc             ] GC(256) Pause Cleanup 1851M->1851M(4096M) 0.112ms
[1690.428s][info][gc,cpu         ] GC(256) User=0.00s Sys=0.00s Real=0.00s
[1690.428s][info][gc,marking     ] GC(256) Concurrent Clear Claimed Marks
[1690.428s][info][gc,marking     ] GC(256) Concurrent Clear Claimed Marks 0.026ms
[1690.428s][info][gc,marking     ] GC(256) Concurrent Cleanup for Next Mark
[1690.432s][info][gc,marking     ] GC(256) Concurrent Cleanup for Next Mark 3.414ms
[1690.432s][info][gc             ] GC(256) Concurrent Mark Cycle 1485.378ms
......[1696.828s][info][gc,start       ] GC(257) Pause Young (Prepare Mixed) (G1 Evacuation Pause)
[1696.828s][info][gc,task        ] GC(257) Using 6 workers of 6 for evacuation
[1696.945s][info][gc,phases      ] GC(257)   Pre Evacuate Collection Set: 0.34ms
[1696.945s][info][gc,phases      ] GC(257)   Merge Heap Roots: 0.58ms
[1696.945s][info][gc,phases      ] GC(257)   Evacuate Collection Set: 115.12ms
[1696.945s][info][gc,phases      ] GC(257)   Post Evacuate Collection Set: 0.97ms
[1696.945s][info][gc,phases      ] GC(257)   Other: 0.10ms
[1696.945s][info][gc,heap        ] GC(257) Eden regions: 1116->0(1116)
[1696.945s][info][gc,heap        ] GC(257) Survivor regions: 112->109(154)
[1696.946s][info][gc,heap        ] GC(257) Old regions: 499->531
[1696.946s][info][gc,heap        ] GC(257) Humongous regions: 80->80
[1696.946s][info][gc,metaspace   ] GC(257) Metaspace: 28970K(29312K)->28970K(29312K) NonClass: 24085K(24192K)->24085K(24192K) Class: 4884K(5120K)->4884K(5120K)
[1696.946s][info][gc             ] GC(257) Pause Young (Prepare Mixed) (G1 Evacuation Pause) 3611M->1438M(4096M) 117.269ms
[1696.946s][info][gc,cpu         ] GC(257) User=0.69s Sys=0.00s Real=0.11s
........[1704.902s][info][gc,start       ] GC(258) Pause Young (Mixed) (G1 Evacuation Pause)
[1704.902s][info][gc,task        ] GC(258) Using 6 workers of 6 for evacuation
[1705.037s][info][gc,phases      ] GC(258)   Pre Evacuate Collection Set: 0.39ms
[1705.037s][info][gc,phases      ] GC(258)   Merge Heap Roots: 0.81ms
[1705.037s][info][gc,phases      ] GC(258)   Evacuate Collection Set: 133.03ms
[1705.037s][info][gc,phases      ] GC(258)   Post Evacuate Collection Set: 0.98ms
[1705.037s][info][gc,phases      ] GC(258)   Other: 0.09ms
[1705.037s][info][gc,heap        ] GC(258) Eden regions: 1116->0(1120)
[1705.037s][info][gc,heap        ] GC(258) Survivor regions: 109->108(154)
[1705.037s][info][gc,heap        ] GC(258) Old regions: 531->468
[1705.037s][info][gc,heap        ] GC(258) Humongous regions: 80->80
[1705.037s][info][gc,metaspace   ] GC(258) Metaspace: 28970K(29312K)->28970K(29312K) NonClass: 24085K(24192K)->24085K(24192K) Class: 4884K(5120K)->4884K(5120K)
[1705.037s][info][gc             ] GC(258) Pause Young (Mixed) (G1 Evacuation Pause) 3670M->1308M(4096M) 135.439ms
[1705.037s][info][gc,cpu         ] GC(258) User=0.80s Sys=0.00s Real=0.14s
........[1712.993s][info][gc,start       ] GC(259) Pause Young (Concurrent Start) (G1 Evacuation Pause)
[1712.993s][info][gc,task        ] GC(259) Using 6 workers of 6 for evacuation
[1713.110s][info][gc,phases      ] GC(259)   Pre Evacuate Collection Set: 0.40ms
[1713.110s][info][gc,phases      ] GC(259)   Merge Heap Roots: 0.50ms
[1713.110s][info][gc,phases      ] GC(259)   Evacuate Collection Set: 115.15ms
[1713.110s][info][gc,phases      ] GC(259)   Post Evacuate Collection Set: 0.91ms
[1713.110s][info][gc,phases      ] GC(259)   Other: 0.09ms
[1713.110s][info][gc,heap        ] GC(259) Eden regions: 1120->0(1120)
[1713.110s][info][gc,heap        ] GC(259) Survivor regions: 108->108(154)
[1713.110s][info][gc,heap        ] GC(259) Old regions: 468->500
[1713.110s][info][gc,heap        ] GC(259) Humongous regions: 80->80
[1713.110s][info][gc,metaspace   ] GC(259) Metaspace: 28970K(29312K)->28970K(29312K) NonClass: 24085K(24192K)->24085K(24192K) Class: 4884K(5120K)->4884K(5120K)
[1713.110s][info][gc             ] GC(259) Pause Young (Concurrent Start) (G1 Evacuation Pause) 3548M->1372M(4096M) 117.173ms
[1713.110s][info][gc             ] GC(260) Concurrent Mark Cycle
[1713.110s][info][gc,marking     ] GC(260) Concurrent Scan Root Regions
[1713.110s][info][gc,cpu         ] GC(259) User=0.69s Sys=0.00s Real=0.12s
.[1713.274s][info][gc,marking     ] GC(260) Concurrent Scan Root Regions 164.593ms
[1713.274s][info][gc,marking     ] GC(260) Concurrent Mark
[1713.274s][info][gc,marking     ] GC(260) Concurrent Mark From Roots
[1713.274s][info][gc,task        ] GC(260) Using 2 workers of 2 for marking
.[1714.181s][info][gc,marking     ] GC(260) Concurrent Mark From Roots 906.245ms
[1714.181s][info][gc,marking     ] GC(260) Concurrent Preclean
[1714.181s][info][gc,marking     ] GC(260) Concurrent Preclean 0.049ms
[1714.181s][info][gc,start       ] GC(260) Pause Remark
[1714.184s][info][gc             ] GC(260) Pause Remark 1705M->1705M(4096M) 3.542ms
[1714.185s][info][gc,cpu         ] GC(260) User=0.02s Sys=0.00s Real=0.00s
[1714.185s][info][gc,marking     ] GC(260) Concurrent Mark 910.101ms
[1714.185s][info][gc,marking     ] GC(260) Concurrent Rebuild Remembered Sets and Scrub Regions
[1714.536s][info][gc,marking     ] GC(260) Concurrent Rebuild Remembered Sets and Scrub Regions 351.142ms
[1714.536s][info][gc,start       ] GC(260) Pause Cleanup
[1714.536s][info][gc             ] GC(260) Pause Cleanup 1806M->1806M(4096M) 0.119ms
[1714.536s][info][gc,cpu         ] GC(260) User=0.00s Sys=0.00s Real=0.00s
[1714.536s][info][gc,marking     ] GC(260) Concurrent Clear Claimed Marks
[1714.536s][info][gc,marking     ] GC(260) Concurrent Clear Claimed Marks 0.033ms
[1714.536s][info][gc,marking     ] GC(260) Concurrent Cleanup for Next Mark
[1714.541s][info][gc,marking     ] GC(260) Concurrent Cleanup for Next Mark 5.012ms
[1714.541s][info][gc             ] GC(260) Concurrent Mark Cycle 1431.623ms
.......[1721.143s][info][gc,start       ] GC(261) Pause Young (Prepare Mixed) (G1 Evacuation Pause)
[1721.143s][info][gc,task        ] GC(261) Using 6 workers of 6 for evacuation
[1721.260s][info][gc,phases      ] GC(261)   Pre Evacuate Collection Set: 0.36ms
[1721.260s][info][gc,phases      ] GC(261)   Merge Heap Roots: 0.51ms
[1721.260s][info][gc,phases      ] GC(261)   Evacuate Collection Set: 114.95ms
[1721.260s][info][gc,phases      ] GC(261)   Post Evacuate Collection Set: 0.92ms
[1721.260s][info][gc,phases      ] GC(261)   Other: 0.10ms
[1721.260s][info][gc,heap        ] GC(261) Eden regions: 1120->0(1115)
[1721.260s][info][gc,heap        ] GC(261) Survivor regions: 108->109(154)
[1721.260s][info][gc,heap        ] GC(261) Old regions: 500->532
[1721.260s][info][gc,heap        ] GC(261) Humongous regions: 80->80
[1721.260s][info][gc,metaspace   ] GC(261) Metaspace: 28970K(29312K)->28970K(29312K) NonClass: 24085K(24192K)->24085K(24192K) Class: 4884K(5120K)->4884K(5120K)
[1721.260s][info][gc             ] GC(261) Pause Young (Prepare Mixed) (G1 Evacuation Pause) 3612M->1438M(4096M) 116.961ms
[1721.260s][info][gc,cpu         ] GC(261) User=0.69s Sys=0.00s Real=0.12s
........[1729.149s][info][gc,start       ] GC(262) Pause Young (Mixed) (G1 Evacuation Pause)
[1729.149s][info][gc,task        ] GC(262) Using 6 workers of 6 for evacuation
[1729.290s][info][gc,phases      ] GC(262)   Pre Evacuate Collection Set: 0.44ms
[1729.290s][info][gc,phases      ] GC(262)   Merge Heap Roots: 0.84ms
[1729.290s][info][gc,phases      ] GC(262)   Evacuate Collection Set: 138.44ms
[1729.290s][info][gc,phases      ] GC(262)   Post Evacuate Collection Set: 0.85ms
[1729.290s][info][gc,phases      ] GC(262)   Other: 0.10ms
[1729.290s][info][gc,heap        ] GC(262) Eden regions: 1115->0(1118)
[1729.290s][info][gc,heap        ] GC(262) Survivor regions: 109->110(153)
[1729.290s][info][gc,heap        ] GC(262) Old regions: 532->469
[1729.290s][info][gc,heap        ] GC(262) Humongous regions: 80->80
[1729.290s][info][gc,metaspace   ] GC(262) Metaspace: 28970K(29312K)->28970K(29312K) NonClass: 24085K(24192K)->24085K(24192K) Class: 4884K(5120K)->4884K(5120K)
[1729.290s][info][gc             ] GC(262) Pause Young (Mixed) (G1 Evacuation Pause) 3668M->1314M(4096M) 140.812ms
[1729.290s][info][gc,cpu         ] GC(262) User=0.83s Sys=0.01s Real=0.14s
........[1737.204s][info][gc,start       ] GC(263) Pause Young (Concurrent Start) (G1 Evacuation Pause)
[1737.205s][info][gc,task        ] GC(263) Using 6 workers of 6 for evacuation
[1737.321s][info][gc,phases      ] GC(263)   Pre Evacuate Collection Set: 0.39ms
[1737.321s][info][gc,phases      ] GC(263)   Merge Heap Roots: 0.48ms
[1737.321s][info][gc,phases      ] GC(263)   Evacuate Collection Set: 114.92ms
[1737.321s][info][gc,phases      ] GC(263)   Post Evacuate Collection Set: 0.91ms
[1737.321s][info][gc,phases      ] GC(263)   Other: 0.12ms
[1737.321s][info][gc,heap        ] GC(263) Eden regions: 1118->0(1120)
[1737.321s][info][gc,heap        ] GC(263) Survivor regions: 110->108(154)
[1737.321s][info][gc,heap        ] GC(263) Old regions: 469->501
[1737.321s][info][gc,heap        ] GC(263) Humongous regions: 80->80
[1737.321s][info][gc,metaspace   ] GC(263) Metaspace: 28970K(29312K)->28970K(29312K) NonClass: 24085K(24192K)->24085K(24192K) Class: 4884K(5120K)->4884K(5120K)
[1737.321s][info][gc             ] GC(263) Pause Young (Concurrent Start) (G1 Evacuation Pause) 3550M->1375M(4096M) 116.949ms
[1737.321s][info][gc             ] GC(264) Concurrent Mark Cycle
[1737.321s][info][gc,marking     ] GC(264) Concurrent Scan Root Regions
[1737.321s][info][gc,cpu         ] GC(263) User=0.69s Sys=0.00s Real=0.12s
[1737.490s][info][gc,marking     ] GC(264) Concurrent Scan Root Regions 168.076ms
[1737.490s][info][gc,marking     ] GC(264) Concurrent Mark
[1737.490s][info][gc,marking     ] GC(264) Concurrent Mark From Roots
[1737.490s][info][gc,task        ] GC(264) Using 2 workers of 2 for marking
.[1738.391s][info][gc,marking     ] GC(264) Concurrent Mark From Roots 901.339ms
[1738.391s][info][gc,marking     ] GC(264) Concurrent Preclean
[1738.391s][info][gc,marking     ] GC(264) Concurrent Preclean 0.049ms
[1738.391s][info][gc,start       ] GC(264) Pause Remark
[1738.395s][info][gc             ] GC(264) Pause Remark 1708M->1708M(4096M) 3.465ms
[1738.395s][info][gc,cpu         ] GC(264) User=0.01s Sys=0.00s Real=0.00s
[1738.395s][info][gc,marking     ] GC(264) Concurrent Mark 905.077ms
[1738.395s][info][gc,marking     ] GC(264) Concurrent Rebuild Remembered Sets and Scrub Regions
[1738.739s][info][gc,marking     ] GC(264) Concurrent Rebuild Remembered Sets and Scrub Regions 344.696ms
[1738.740s][info][gc,start       ] GC(264) Pause Cleanup
[1738.740s][info][gc             ] GC(264) Pause Cleanup 1803M->1803M(4096M) 0.117ms
[1738.740s][info][gc,cpu         ] GC(264) User=0.00s Sys=0.00s Real=0.00s
[1738.740s][info][gc,marking     ] GC(264) Concurrent Clear Claimed Marks
[1738.740s][info][gc,marking     ] GC(264) Concurrent Clear Claimed Marks 0.026ms
[1738.740s][info][gc,marking     ] GC(264) Concurrent Cleanup for Next Mark
[1738.743s][info][gc,marking     ] GC(264) Concurrent Cleanup for Next Mark 3.432ms
[1738.743s][info][gc             ] GC(264) Concurrent Mark Cycle 1421.741ms
. (rIR:aIR:PR = 2352:2352:2352) (tPR = 34772) [OK] 
  1738s: Performance info:
         Transaction,    Success,    Partial,     Failed,   Receipts, AvgBarcode, 
             Overall,     141340,          0,          0,     134275,      59.47, 
         Response times:
             Request,    Success,    Partial,     Failed,   SkipFail,     Probes,    Samples,      min,      p50,      p90,      p95,      p99,      max, 
       TotalPurchase,     134275,          0,          0,          0,     130966,     150119,      300,     2100,     3200,     3800,    13100,   161000,
     InStorePurchase,      70666,          0,          0,          0,      69093,      78781,      300,     2100,     3300,     3800,    14000,   161000,
      OnlinePurchase,      49497,          0,          0,          0,      48322,      55597,      300,     2100,     3200,     3700,    12602,   140000,
        InstPurchase,      14112,          0,          0,          0,      13551,      15741,      400,     2100,     3300,     3800,    10716,   139000,
          AssocOfCat,        140,          0,          0,          0,        100,        164,    19200,    27000,    34000,    39500,   112350,   178000,
      AssocOfProduct,       1420,          0,          0,          0,       1246,       1570,      600,     1600,     2800,     3300,     6777,   136000,
      BusinessReport,        354,          0,          0,          0,        281,        367,    18700,    27000,    36000,    40000,    62800,   162000,
          CustBuyBeh,       1409,          0,          0,          0,       1288,       1617,      200,     2100,     3400,     3900,    20820,   139000,
       ProductReturn,       3742,          0,          0,          0,       3480,       4229,      200,     2500,     3500,     4250,    15200,   137000,

  1738s: (18%)   IR =   2491 .....|[1744.955s][info][gc,start       ] GC(265) Pause Young (Prepare Mixed) (G1 Evacuation Pause)
[1744.955s][info][gc,task        ] GC(265) Using 6 workers of 6 for evacuation
[1745.071s][info][gc,phases      ] GC(265)   Pre Evacuate Collection Set: 0.36ms
[1745.071s][info][gc,phases      ] GC(265)   Merge Heap Roots: 0.55ms
[1745.071s][info][gc,phases      ] GC(265)   Evacuate Collection Set: 114.48ms
[1745.071s][info][gc,phases      ] GC(265)   Post Evacuate Collection Set: 0.93ms
[1745.071s][info][gc,phases      ] GC(265)   Other: 0.08ms
[1745.071s][info][gc,heap        ] GC(265) Eden regions: 1120->0(1114)
[1745.071s][info][gc,heap        ] GC(265) Survivor regions: 108->109(154)
[1745.071s][info][gc,heap        ] GC(265) Old regions: 501->533
[1745.071s][info][gc,heap        ] GC(265) Humongous regions: 80->80
[1745.071s][info][gc,metaspace   ] GC(265) Metaspace: 28970K(29312K)->28970K(29312K) NonClass: 24085K(24192K)->24085K(24192K) Class: 4884K(5120K)->4884K(5120K)
[1745.071s][info][gc             ] GC(265) Pause Young (Prepare Mixed) (G1 Evacuation Pause) 3615M->1440M(4096M) 116.529ms
[1745.071s][info][gc,cpu         ] GC(265) User=0.69s Sys=0.00s Real=0.12s
........[1752.585s][info][gc,start       ] GC(266) Pause Young (Mixed) (G1 Evacuation Pause)
[1752.585s][info][gc,task        ] GC(266) Using 6 workers of 6 for evacuation
[1752.719s][info][gc,phases      ] GC(266)   Pre Evacuate Collection Set: 0.41ms
[1752.719s][info][gc,phases      ] GC(266)   Merge Heap Roots: 0.68ms
[1752.719s][info][gc,phases      ] GC(266)   Evacuate Collection Set: 131.48ms
[1752.719s][info][gc,phases      ] GC(266)   Post Evacuate Collection Set: 1.00ms
[1752.719s][info][gc,phases      ] GC(266)   Other: 0.09ms
[1752.719s][info][gc,heap        ] GC(266) Eden regions: 1114->0(1119)
[1752.719s][info][gc,heap        ] GC(266) Survivor regions: 109->109(153)
[1752.719s][info][gc,heap        ] GC(266) Old regions: 533->468
[1752.719s][info][gc,heap        ] GC(266) Humongous regions: 80->80
[1752.719s][info][gc,metaspace   ] GC(266) Metaspace: 28970K(29312K)->28970K(29312K) NonClass: 24085K(24192K)->24085K(24192K) Class: 4884K(5120K)->4884K(5120K)
[1752.719s][info][gc             ] GC(266) Pause Young (Mixed) (G1 Evacuation Pause) 3668M->1312M(4096M) 133.789ms
[1752.719s][info][gc,cpu         ] GC(266) User=0.79s Sys=0.00s Real=0.14s
........[1760.257s][info][gc,start       ] GC(267) Pause Young (Concurrent Start) (G1 Evacuation Pause)
[1760.257s][info][gc,task        ] GC(267) Using 6 workers of 6 for evacuation
[1760.374s][info][gc,phases      ] GC(267)   Pre Evacuate Collection Set: 0.40ms
[1760.374s][info][gc,phases      ] GC(267)   Merge Heap Roots: 0.47ms
[1760.374s][info][gc,phases      ] GC(267)   Evacuate Collection Set: 115.31ms
[1760.374s][info][gc,phases      ] GC(267)   Post Evacuate Collection Set: 0.93ms
[1760.374s][info][gc,phases      ] GC(267)   Other: 0.09ms
[1760.374s][info][gc,heap        ] GC(267) Eden regions: 1119->0(1120)
[1760.374s][info][gc,heap        ] GC(267) Survivor regions: 109->108(154)
[1760.374s][info][gc,heap        ] GC(267) Old regions: 468->501
[1760.374s][info][gc,heap        ] GC(267) Humongous regions: 80->80
[1760.374s][info][gc,metaspace   ] GC(267) Metaspace: 28970K(29312K)->28970K(29312K) NonClass: 24085K(24192K)->24085K(24192K) Class: 4884K(5120K)->4884K(5120K)
[1760.374s][info][gc             ] GC(267) Pause Young (Concurrent Start) (G1 Evacuation Pause) 3550M->1375M(4096M) 117.323ms
[1760.374s][info][gc             ] GC(268) Concurrent Mark Cycle
[1760.374s][info][gc,marking     ] GC(268) Concurrent Scan Root Regions
[1760.374s][info][gc,cpu         ] GC(267) User=0.69s Sys=0.00s Real=0.11s
[1760.543s][info][gc,marking     ] GC(268) Concurrent Scan Root Regions 168.652ms
[1760.543s][info][gc,marking     ] GC(268) Concurrent Mark
[1760.543s][info][gc,marking     ] GC(268) Concurrent Mark From Roots
[1760.543s][info][gc,task        ] GC(268) Using 2 workers of 2 for marking
[1761.088s][info][gc,marking     ] GC(268) Concurrent Mark From Roots 544.443ms
[1761.088s][info][gc,marking     ] GC(268) Concurrent Preclean
[1761.088s][info][gc,marking     ] GC(268) Concurrent Preclean 0.062ms
[1761.088s][info][gc,start       ] GC(268) Pause Remark
[1761.091s][info][gc             ] GC(268) Pause Remark 1627M->1627M(4096M) 3.057ms
[1761.091s][info][gc,cpu         ] GC(268) User=0.01s Sys=0.00s Real=0.00s
[1761.091s][info][gc,marking     ] GC(268) Concurrent Mark 547.813ms
[1761.091s][info][gc,marking     ] GC(268) Concurrent Rebuild Remembered Sets and Scrub Regions
.[1761.299s][info][gc,marking     ] GC(268) Concurrent Rebuild Remembered Sets and Scrub Regions 208.203ms
[1761.299s][info][gc,start       ] GC(268) Pause Cleanup
[1761.299s][info][gc             ] GC(268) Pause Cleanup 1684M->1684M(4096M) 0.116ms
[1761.300s][info][gc,cpu         ] GC(268) User=0.00s Sys=0.00s Real=0.00s
[1761.300s][info][gc,marking     ] GC(268) Concurrent Clear Claimed Marks
[1761.300s][info][gc,marking     ] GC(268) Concurrent Clear Claimed Marks 0.027ms
[1761.300s][info][gc,marking     ] GC(268) Concurrent Cleanup for Next Mark
[1761.303s][info][gc,marking     ] GC(268) Concurrent Cleanup for Next Mark 3.888ms
[1761.304s][info][gc             ] GC(268) Concurrent Mark Cycle 929.068ms
......[1767.830s][info][gc,start       ] GC(269) Pause Young (Prepare Mixed) (G1 Evacuation Pause)
[1767.830s][info][gc,task        ] GC(269) Using 6 workers of 6 for evacuation
[1767.948s][info][gc,phases      ] GC(269)   Pre Evacuate Collection Set: 0.37ms
[1767.948s][info][gc,phases      ] GC(269)   Merge Heap Roots: 0.52ms
[1767.948s][info][gc,phases      ] GC(269)   Evacuate Collection Set: 116.70ms
[1767.948s][info][gc,phases      ] GC(269)   Post Evacuate Collection Set: 0.93ms
[1767.948s][info][gc,phases      ] GC(269)   Other: 0.08ms
[1767.948s][info][gc,heap        ] GC(269) Eden regions: 1120->0(1112)
[1767.948s][info][gc,heap        ] GC(269) Survivor regions: 108->110(154)
[1767.948s][info][gc,heap        ] GC(269) Old regions: 501->533
[1767.948s][info][gc,heap        ] GC(269) Humongous regions: 80->80
[1767.948s][info][gc,metaspace   ] GC(269) Metaspace: 28970K(29312K)->28970K(29312K) NonClass: 24086K(24192K)->24086K(24192K) Class: 4884K(5120K)->4884K(5120K)
[1767.948s][info][gc             ] GC(269) Pause Young (Prepare Mixed) (G1 Evacuation Pause) 3615M->1443M(4096M) 118.720ms
[1767.949s][info][gc,cpu         ] GC(269) User=0.70s Sys=0.00s Real=0.12s
........[1775.361s][info][gc,start       ] GC(270) Pause Young (Mixed) (G1 Evacuation Pause)
[1775.361s][info][gc,task        ] GC(270) Using 6 workers of 6 for evacuation
[1775.496s][info][gc,phases      ] GC(270)   Pre Evacuate Collection Set: 0.40ms
[1775.496s][info][gc,phases      ] GC(270)   Merge Heap Roots: 0.83ms
[1775.496s][info][gc,phases      ] GC(270)   Evacuate Collection Set: 133.06ms
[1775.496s][info][gc,phases      ] GC(270)   Post Evacuate Collection Set: 0.98ms
[1775.496s][info][gc,phases      ] GC(270)   Other: 0.11ms
[1775.496s][info][gc,heap        ] GC(270) Eden regions: 1112->0(1120)
[1775.496s][info][gc,heap        ] GC(270) Survivor regions: 110->108(153)
[1775.496s][info][gc,heap        ] GC(270) Old regions: 533->469
[1775.496s][info][gc,heap        ] GC(270) Humongous regions: 80->80
[1775.496s][info][gc,metaspace   ] GC(270) Metaspace: 28970K(29312K)->28970K(29312K) NonClass: 24086K(24192K)->24086K(24192K) Class: 4884K(5120K)->4884K(5120K)
[1775.496s][info][gc             ] GC(270) Pause Young (Mixed) (G1 Evacuation Pause) 3667M->1312M(4096M) 135.501ms
[1775.496s][info][gc,cpu         ] GC(270) User=0.81s Sys=0.00s Real=0.14s
.......[1782.951s][info][gc,start       ] GC(271) Pause Young (Concurrent Start) (G1 Evacuation Pause)
[1782.951s][info][gc,task        ] GC(271) Using 6 workers of 6 for evacuation
[1783.070s][info][gc,phases      ] GC(271)   Pre Evacuate Collection Set: 0.41ms
[1783.070s][info][gc,phases      ] GC(271)   Merge Heap Roots: 0.49ms
[1783.070s][info][gc,phases      ] GC(271)   Evacuate Collection Set: 116.77ms
[1783.070s][info][gc,phases      ] GC(271)   Post Evacuate Collection Set: 0.88ms
[1783.070s][info][gc,phases      ] GC(271)   Other: 0.11ms
[1783.070s][info][gc,heap        ] GC(271) Eden regions: 1120->0(1118)
[1783.070s][info][gc,heap        ] GC(271) Survivor regions: 108->110(154)
[1783.070s][info][gc,heap        ] GC(271) Old regions: 469->501
[1783.070s][info][gc,heap        ] GC(271) Humongous regions: 80->80
[1783.070s][info][gc,metaspace   ] GC(271) Metaspace: 28970K(29312K)->28970K(29312K) NonClass: 24086K(24192K)->24086K(24192K) Class: 4884K(5120K)->4884K(5120K)
[1783.070s][info][gc             ] GC(271) Pause Young (Concurrent Start) (G1 Evacuation Pause) 3552M->1378M(4096M) 118.787ms
[1783.070s][info][gc             ] GC(272) Concurrent Mark Cycle
[1783.070s][info][gc,marking     ] GC(272) Concurrent Scan Root Regions
[1783.070s][info][gc,cpu         ] GC(271) User=0.70s Sys=0.00s Real=0.12s
.[1783.194s][info][gc,marking     ] GC(272) Concurrent Scan Root Regions 123.765ms
[1783.194s][info][gc,marking     ] GC(272) Concurrent Mark
[1783.194s][info][gc,marking     ] GC(272) Concurrent Mark From Roots
[1783.194s][info][gc,task        ] GC(272) Using 2 workers of 2 for marking
[1783.753s][info][gc,marking     ] GC(272) Concurrent Mark From Roots 558.778ms
[1783.753s][info][gc,marking     ] GC(272) Concurrent Preclean
[1783.753s][info][gc,marking     ] GC(272) Concurrent Preclean 0.057ms
[1783.753s][info][gc,start       ] GC(272) Pause Remark
[1783.756s][info][gc             ] GC(272) Pause Remark 1619M->1619M(4096M) 3.069ms
[1783.756s][info][gc,cpu         ] GC(272) User=0.02s Sys=0.00s Real=0.01s
[1783.756s][info][gc,marking     ] GC(272) Concurrent Mark 562.145ms
[1783.756s][info][gc,marking     ] GC(272) Concurrent Rebuild Remembered Sets and Scrub Regions
[1784.001s][info][gc,marking     ] GC(272) Concurrent Rebuild Remembered Sets and Scrub Regions 244.941ms
[1784.001s][info][gc,start       ] GC(272) Pause Cleanup
[1784.001s][info][gc             ] GC(272) Pause Cleanup 1683M->1683M(4096M) 0.125ms
[1784.001s][info][gc,cpu         ] GC(272) User=0.00s Sys=0.00s Real=0.00s
[1784.001s][info][gc,marking     ] GC(272) Concurrent Clear Claimed Marks
[1784.001s][info][gc,marking     ] GC(272) Concurrent Clear Claimed Marks 0.031ms
[1784.001s][info][gc,marking     ] GC(272) Concurrent Cleanup for Next Mark
[1784.005s][info][gc,marking     ] GC(272) Concurrent Cleanup for Next Mark 3.815ms
[1784.005s][info][gc             ] GC(272) Concurrent Mark Cycle 935.164ms
.......[1790.589s][info][gc,start       ] GC(273) Pause Young (Prepare Mixed) (G1 Evacuation Pause)
[1790.589s][info][gc,task        ] GC(273) Using 6 workers of 6 for evacuation
[1790.709s][info][gc,phases      ] GC(273)   Pre Evacuate Collection Set: 0.34ms
[1790.709s][info][gc,phases      ] GC(273)   Merge Heap Roots: 0.54ms
[1790.709s][info][gc,phases      ] GC(273)   Evacuate Collection Set: 117.96ms
[1790.709s][info][gc,phases      ] GC(273)   Post Evacuate Collection Set: 0.96ms
[1790.709s][info][gc,phases      ] GC(273)   Other: 0.09ms
[1790.709s][info][gc,heap        ] GC(273) Eden regions: 1118->0(1113)
[1790.709s][info][gc,heap        ] GC(273) Survivor regions: 110->110(154)
[1790.709s][info][gc,heap        ] GC(273) Old regions: 501->532
[1790.709s][info][gc,heap        ] GC(273) Humongous regions: 80->80
[1790.709s][info][gc,metaspace   ] GC(273) Metaspace: 28971K(29312K)->28971K(29312K) NonClass: 24087K(24192K)->24087K(24192K) Class: 4884K(5120K)->4884K(5120K)
[1790.709s][info][gc             ] GC(273) Pause Young (Prepare Mixed) (G1 Evacuation Pause) 3614M->1441M(4096M) 120.016ms
[1790.709s][info][gc,cpu         ] GC(273) User=0.70s Sys=0.01s Real=0.12s
........[1798.263s][info][gc,start       ] GC(274) Pause Young (Mixed) (G1 Evacuation Pause)
[1798.263s][info][gc,task        ] GC(274) Using 6 workers of 6 for evacuation
[1798.396s][info][gc,phases      ] GC(274)   Pre Evacuate Collection Set: 0.40ms
[1798.396s][info][gc,phases      ] GC(274)   Merge Heap Roots: 0.74ms
[1798.396s][info][gc,phases      ] GC(274)   Evacuate Collection Set: 131.10ms
[1798.396s][info][gc,phases      ] GC(274)   Post Evacuate Collection Set: 0.96ms
[1798.396s][info][gc,phases      ] GC(274)   Other: 0.09ms
[1798.396s][info][gc,heap        ] GC(274) Eden regions: 1113->0(1119)
[1798.396s][info][gc,heap        ] GC(274) Survivor regions: 110->109(153)
[1798.396s][info][gc,heap        ] GC(274) Old regions: 532->467
[1798.396s][info][gc,heap        ] GC(274) Humongous regions: 80->80
[1798.396s][info][gc,metaspace   ] GC(274) Metaspace: 28971K(29312K)->28971K(29312K) NonClass: 24087K(24192K)->24087K(24192K) Class: 4884K(5120K)->4884K(5120K)
[1798.396s][info][gc             ] GC(274) Pause Young (Mixed) (G1 Evacuation Pause) 3667M->1309M(4096M) 133.420ms
[1798.396s][info][gc,cpu         ] GC(274) User=0.79s Sys=0.00s Real=0.14s
...... (rIR:aIR:PR = 2491:2489:2489) (tPR = 36984) [OK] 
  1803s: Performance info:
         Transaction,    Success,    Partial,     Failed,   Receipts, AvgBarcode, 
             Overall,     149424,          0,          0,     141969,      59.48, 
         Response times:
             Request,    Success,    Partial,     Failed,   SkipFail,     Probes,    Samples,      min,      p50,      p90,      p95,      p99,      max, 
       TotalPurchase,     141960,          0,          0,          0,     138786,     151139,      300,     2100,     3300,     3700,    12700,   143000,
     InStorePurchase,      74699,          0,          0,          0,      73273,      79494,      300,     2000,     3200,     3700,    12100,   142000,
      OnlinePurchase,      52293,          0,          0,          0,      51186,      55822,      300,     2200,     3300,     3800,    12900,   143000,
        InstPurchase,      14968,          0,          0,          0,      14327,      15823,      400,     2400,     3500,     4000,    16400,   140000,
          AssocOfCat,        150,          0,          0,          0,        105,        146,    21000,    26000,    32000,    37600,   120110,   161000,
      AssocOfProduct,       1493,          0,          0,          0,       1346,       1644,      500,     1500,     3550,     4000,     9345,   121000,
      BusinessReport,        372,          0,          0,          0,        307,        410,    21000,    28000,    36900,    50450,   156120,   185000,
          CustBuyBeh,       1493,          0,          0,          0,       1336,       1608,      200,     2700,     3600,     4100,    13828,   139000,
       ProductReturn,       3954,          0,          0,          0,       3685,       4173,      200,     1600,     3100,     3600,    10478,   122000,

  1803s: (19%)   IR =   2629 .[1805.771s][info][gc,start       ] GC(275) Pause Young (Concurrent Start) (G1 Evacuation Pause)
[1805.771s][info][gc,task        ] GC(275) Using 6 workers of 6 for evacuation
[1805.890s][info][gc,phases      ] GC(275)   Pre Evacuate Collection Set: 0.41ms
[1805.890s][info][gc,phases      ] GC(275)   Merge Heap Roots: 0.49ms
[1805.890s][info][gc,phases      ] GC(275)   Evacuate Collection Set: 116.67ms
[1805.890s][info][gc,phases      ] GC(275)   Post Evacuate Collection Set: 0.94ms
[1805.890s][info][gc,phases      ] GC(275)   Other: 0.12ms
[1805.890s][info][gc,heap        ] GC(275) Eden regions: 1119->0(1117)
[1805.890s][info][gc,heap        ] GC(275) Survivor regions: 109->111(154)
[1805.890s][info][gc,heap        ] GC(275) Old regions: 467->499
[1805.890s][info][gc,heap        ] GC(275) Humongous regions: 80->80
[1805.890s][info][gc,metaspace   ] GC(275) Metaspace: 28972K(29312K)->28972K(29312K) NonClass: 24087K(24192K)->24087K(24192K) Class: 4884K(5120K)->4884K(5120K)
[1805.890s][info][gc             ] GC(275) Pause Young (Concurrent Start) (G1 Evacuation Pause) 3547M->1376M(4096M) 118.759ms
[1805.890s][info][gc             ] GC(276) Concurrent Mark Cycle
[1805.890s][info][gc,marking     ] GC(276) Concurrent Scan Root Regions
[1805.890s][info][gc,cpu         ] GC(275) User=0.71s Sys=0.00s Real=0.12s
[1806.030s][info][gc,marking     ] GC(276) Concurrent Scan Root Regions 139.914ms
[1806.030s][info][gc,marking     ] GC(276) Concurrent Mark
[1806.030s][info][gc,marking     ] GC(276) Concurrent Mark From Roots
[1806.030s][info][gc,task        ] GC(276) Using 2 workers of 2 for marking
.[1806.589s][info][gc,marking     ] GC(276) Concurrent Mark From Roots 559.289ms
[1806.589s][info][gc,marking     ] GC(276) Concurrent Preclean
[1806.590s][info][gc,marking     ] GC(276) Concurrent Preclean 0.066ms
[1806.590s][info][gc,start       ] GC(276) Pause Remark
[1806.593s][info][gc             ] GC(276) Pause Remark 1650M->1650M(4096M) 3.245ms
[1806.593s][info][gc,cpu         ] GC(276) User=0.02s Sys=0.00s Real=0.00s
[1806.593s][info][gc,marking     ] GC(276) Concurrent Mark 562.838ms
[1806.593s][info][gc,marking     ] GC(276) Concurrent Rebuild Remembered Sets and Scrub Regions
[1806.811s][info][gc,marking     ] GC(276) Concurrent Rebuild Remembered Sets and Scrub Regions 218.169ms
[1806.811s][info][gc,start       ] GC(276) Pause Cleanup
[1806.812s][info][gc             ] GC(276) Pause Cleanup 1712M->1712M(4096M) 0.126ms
[1806.812s][info][gc,cpu         ] GC(276) User=0.00s Sys=0.00s Real=0.00s
[1806.812s][info][gc,marking     ] GC(276) Concurrent Clear Claimed Marks
[1806.812s][info][gc,marking     ] GC(276) Concurrent Clear Claimed Marks 0.030ms
[1806.812s][info][gc,marking     ] GC(276) Concurrent Cleanup for Next Mark
[1806.815s][info][gc,marking     ] GC(276) Concurrent Cleanup for Next Mark 3.260ms
[1806.815s][info][gc             ] GC(276) Concurrent Mark Cycle 924.720ms
.....|.[1813.018s][info][gc,start       ] GC(277) Pause Young (Prepare Mixed) (G1 Evacuation Pause)
[1813.018s][info][gc,task        ] GC(277) Using 6 workers of 6 for evacuation
[1813.139s][info][gc,phases      ] GC(277)   Pre Evacuate Collection Set: 0.35ms
[1813.139s][info][gc,phases      ] GC(277)   Merge Heap Roots: 0.56ms
[1813.139s][info][gc,phases      ] GC(277)   Evacuate Collection Set: 118.69ms
[1813.139s][info][gc,phases      ] GC(277)   Post Evacuate Collection Set: 0.98ms
[1813.139s][info][gc,phases      ] GC(277)   Other: 0.09ms
[1813.139s][info][gc,heap        ] GC(277) Eden regions: 1117->0(1112)
[1813.139s][info][gc,heap        ] GC(277) Survivor regions: 111->111(154)
[1813.139s][info][gc,heap        ] GC(277) Old regions: 499->531
[1813.139s][info][gc,heap        ] GC(277) Humongous regions: 80->80
[1813.139s][info][gc,metaspace   ] GC(277) Metaspace: 28974K(29312K)->28974K(29312K) NonClass: 24090K(24192K)->24090K(24192K) Class: 4884K(5120K)->4884K(5120K)
[1813.139s][info][gc             ] GC(277) Pause Young (Prepare Mixed) (G1 Evacuation Pause) 3610M->1441M(4096M) 120.805ms
[1813.139s][info][gc,cpu         ] GC(277) User=0.72s Sys=0.00s Real=0.12s
.......[1820.190s][info][gc,start       ] GC(278) Pause Young (Mixed) (G1 Evacuation Pause)
[1820.190s][info][gc,task        ] GC(278) Using 6 workers of 6 for evacuation
[1820.322s][info][gc,phases      ] GC(278)   Pre Evacuate Collection Set: 0.40ms
[1820.323s][info][gc,phases      ] GC(278)   Merge Heap Roots: 0.73ms
[1820.323s][info][gc,phases      ] GC(278)   Evacuate Collection Set: 130.17ms
[1820.323s][info][gc,phases      ] GC(278)   Post Evacuate Collection Set: 0.97ms
[1820.323s][info][gc,phases      ] GC(278)   Other: 0.09ms
[1820.323s][info][gc,heap        ] GC(278) Eden regions: 1112->0(1119)
[1820.323s][info][gc,heap        ] GC(278) Survivor regions: 111->109(153)
[1820.323s][info][gc,heap        ] GC(278) Old regions: 531->467
[1820.323s][info][gc,heap        ] GC(278) Humongous regions: 80->80
[1820.323s][info][gc,metaspace   ] GC(278) Metaspace: 28974K(29312K)->28974K(29312K) NonClass: 24090K(24192K)->24090K(24192K) Class: 4884K(5120K)->4884K(5120K)
[1820.323s][info][gc             ] GC(278) Pause Young (Mixed) (G1 Evacuation Pause) 3665M->1310M(4096M) 132.506ms
[1820.323s][info][gc,cpu         ] GC(278) User=0.78s Sys=0.00s Real=0.13s
........[1827.355s][info][gc,start       ] GC(279) Pause Young (Concurrent Start) (G1 Evacuation Pause)
[1827.355s][info][gc,task        ] GC(279) Using 6 workers of 6 for evacuation
[1827.472s][info][gc,phases      ] GC(279)   Pre Evacuate Collection Set: 0.41ms
[1827.472s][info][gc,phases      ] GC(279)   Merge Heap Roots: 0.51ms
[1827.472s][info][gc,phases      ] GC(279)   Evacuate Collection Set: 115.05ms
[1827.472s][info][gc,phases      ] GC(279)   Post Evacuate Collection Set: 0.92ms
[1827.472s][info][gc,phases      ] GC(279)   Other: 0.10ms
[1827.472s][info][gc,heap        ] GC(279) Eden regions: 1119->0(1121)
[1827.472s][info][gc,heap        ] GC(279) Survivor regions: 109->107(154)
[1827.472s][info][gc,heap        ] GC(279) Old regions: 467->500
[1827.472s][info][gc,heap        ] GC(279) Humongous regions: 80->80
[1827.472s][info][gc,metaspace   ] GC(279) Metaspace: 28976K(29312K)->28976K(29312K) NonClass: 24091K(24192K)->24091K(24192K) Class: 4884K(5120K)->4884K(5120K)
[1827.472s][info][gc             ] GC(279) Pause Young (Concurrent Start) (G1 Evacuation Pause) 3548M->1372M(4096M) 117.123ms
[1827.472s][info][gc             ] GC(280) Concurrent Mark Cycle
[1827.472s][info][gc,marking     ] GC(280) Concurrent Scan Root Regions
[1827.472s][info][gc,cpu         ] GC(279) User=0.70s Sys=0.00s Real=0.12s
[1827.597s][info][gc,marking     ] GC(280) Concurrent Scan Root Regions 125.192ms
[1827.597s][info][gc,marking     ] GC(280) Concurrent Mark
[1827.597s][info][gc,marking     ] GC(280) Concurrent Mark From Roots
[1827.597s][info][gc,task        ] GC(280) Using 2 workers of 2 for marking
[1828.153s][info][gc,marking     ] GC(280) Concurrent Mark From Roots 555.568ms
[1828.153s][info][gc,marking     ] GC(280) Concurrent Preclean
[1828.153s][info][gc,marking     ] GC(280) Concurrent Preclean 0.054ms
[1828.153s][info][gc,start       ] GC(280) Pause Remark
[1828.156s][info][gc             ] GC(280) Pause Remark 1609M->1609M(4096M) 2.991ms
[1828.156s][info][gc,cpu         ] GC(280) User=0.01s Sys=0.00s Real=0.01s
[1828.156s][info][gc,marking     ] GC(280) Concurrent Mark 559.044ms
[1828.156s][info][gc,marking     ] GC(280) Concurrent Rebuild Remembered Sets and Scrub Regions
.[1828.376s][info][gc,marking     ] GC(280) Concurrent Rebuild Remembered Sets and Scrub Regions 219.401ms
[1828.376s][info][gc,start       ] GC(280) Pause Cleanup
[1828.376s][info][gc             ] GC(280) Pause Cleanup 1680M->1680M(4096M) 0.122ms
[1828.376s][info][gc,cpu         ] GC(280) User=0.00s Sys=0.00s Real=0.00s
[1828.376s][info][gc,marking     ] GC(280) Concurrent Clear Claimed Marks
[1828.376s][info][gc,marking     ] GC(280) Concurrent Clear Claimed Marks 0.025ms
[1828.376s][info][gc,marking     ] GC(280) Concurrent Cleanup for Next Mark
[1828.380s][info][gc,marking     ] GC(280) Concurrent Cleanup for Next Mark 3.678ms
[1828.380s][info][gc             ] GC(280) Concurrent Mark Cycle 907.773ms
......[1834.636s][info][gc,start       ] GC(281) Pause Young (Prepare Mixed) (G1 Evacuation Pause)
[1834.636s][info][gc,task        ] GC(281) Using 6 workers of 6 for evacuation
[1834.754s][info][gc,phases      ] GC(281)   Pre Evacuate Collection Set: 0.36ms
[1834.754s][info][gc,phases      ] GC(281)   Merge Heap Roots: 0.55ms
[1834.754s][info][gc,phases      ] GC(281)   Evacuate Collection Set: 115.51ms
[1834.754s][info][gc,phases      ] GC(281)   Post Evacuate Collection Set: 0.93ms
[1834.754s][info][gc,phases      ] GC(281)   Other: 0.09ms
[1834.754s][info][gc,heap        ] GC(281) Eden regions: 1121->0(1117)
[1834.754s][info][gc,heap        ] GC(281) Survivor regions: 107->109(154)
[1834.754s][info][gc,heap        ] GC(281) Old regions: 500->530
[1834.754s][info][gc,heap        ] GC(281) Humongous regions: 80->80
[1834.754s][info][gc,metaspace   ] GC(281) Metaspace: 28976K(29312K)->28976K(29312K) NonClass: 24091K(24192K)->24091K(24192K) Class: 4884K(5120K)->4884K(5120K)
[1834.754s][info][gc             ] GC(281) Pause Young (Prepare Mixed) (G1 Evacuation Pause) 3614M->1436M(4096M) 117.578ms
[1834.754s][info][gc,cpu         ] GC(281) User=0.69s Sys=0.00s Real=0.11s
.......[1841.898s][info][gc,start       ] GC(282) Pause Young (Mixed) (G1 Evacuation Pause)
[1841.899s][info][gc,task        ] GC(282) Using 6 workers of 6 for evacuation
[1842.038s][info][gc,phases      ] GC(282)   Pre Evacuate Collection Set: 0.38ms
[1842.038s][info][gc,phases      ] GC(282)   Merge Heap Roots: 0.75ms
[1842.038s][info][gc,phases      ] GC(282)   Evacuate Collection Set: 136.88ms
[1842.038s][info][gc,phases      ] GC(282)   Post Evacuate Collection Set: 0.97ms
[1842.038s][info][gc,phases      ] GC(282)   Other: 0.09ms
[1842.038s][info][gc,heap        ] GC(282) Eden regions: 1117->0(1119)
[1842.038s][info][gc,heap        ] GC(282) Survivor regions: 109->109(154)
[1842.038s][info][gc,heap        ] GC(282) Old regions: 530->469
[1842.038s][info][gc,heap        ] GC(282) Humongous regions: 80->80
[1842.038s][info][gc,metaspace   ] GC(282) Metaspace: 28976K(29312K)->28976K(29312K) NonClass: 24091K(24192K)->24091K(24192K) Class: 4884K(5120K)->4884K(5120K)
[1842.038s][info][gc             ] GC(282) Pause Young (Mixed) (G1 Evacuation Pause) 3670M->1312M(4096M) 139.227ms
[1842.038s][info][gc,cpu         ] GC(282) User=0.82s Sys=0.00s Real=0.14s
.......[1849.010s][info][gc,start       ] GC(283) Pause Young (Concurrent Start) (G1 Evacuation Pause)
[1849.010s][info][gc,task        ] GC(283) Using 6 workers of 6 for evacuation
[1849.126s][info][gc,phases      ] GC(283)   Pre Evacuate Collection Set: 0.45ms
[1849.127s][info][gc,phases      ] GC(283)   Merge Heap Roots: 0.58ms
[1849.127s][info][gc,phases      ] GC(283)   Evacuate Collection Set: 114.21ms
[1849.127s][info][gc,phases      ] GC(283)   Post Evacuate Collection Set: 0.91ms
[1849.127s][info][gc,phases      ] GC(283)   Other: 0.14ms
[1849.127s][info][gc,heap        ] GC(283) Eden regions: 1119->0(1121)
[1849.127s][info][gc,heap        ] GC(283) Survivor regions: 109->107(154)
[1849.127s][info][gc,heap        ] GC(283) Old regions: 469->501
[1849.127s][info][gc,heap        ] GC(283) Humongous regions: 80->80
[1849.127s][info][gc,metaspace   ] GC(283) Metaspace: 28976K(29312K)->28976K(29312K) NonClass: 24091K(24192K)->24091K(24192K) Class: 4884K(5120K)->4884K(5120K)
[1849.127s][info][gc             ] GC(283) Pause Young (Concurrent Start) (G1 Evacuation Pause) 3550M->1374M(4096M) 116.406ms
[1849.127s][info][gc             ] GC(284) Concurrent Mark Cycle
[1849.127s][info][gc,marking     ] GC(284) Concurrent Scan Root Regions
[1849.127s][info][gc,cpu         ] GC(283) User=0.69s Sys=0.00s Real=0.12s
[1849.250s][info][gc,marking     ] GC(284) Concurrent Scan Root Regions 123.782ms
[1849.250s][info][gc,marking     ] GC(284) Concurrent Mark
[1849.250s][info][gc,marking     ] GC(284) Concurrent Mark From Roots
[1849.250s][info][gc,task        ] GC(284) Using 2 workers of 2 for marking
.[1849.769s][info][gc,marking     ] GC(284) Concurrent Mark From Roots 518.484ms
[1849.769s][info][gc,marking     ] GC(284) Concurrent Preclean
[1849.769s][info][gc,marking     ] GC(284) Concurrent Preclean 0.055ms
[1849.769s][info][gc,start       ] GC(284) Pause Remark
[1849.772s][info][gc             ] GC(284) Pause Remark 1595M->1595M(4096M) 2.927ms
[1849.772s][info][gc,cpu         ] GC(284) User=0.01s Sys=0.00s Real=0.00s
[1849.772s][info][gc,marking     ] GC(284) Concurrent Mark 521.717ms
[1849.772s][info][gc,marking     ] GC(284) Concurrent Rebuild Remembered Sets and Scrub Regions
[1849.981s][info][gc,marking     ] GC(284) Concurrent Rebuild Remembered Sets and Scrub Regions 208.687ms
[1849.981s][info][gc,start       ] GC(284) Pause Cleanup
[1849.981s][info][gc             ] GC(284) Pause Cleanup 1678M->1678M(4096M) 0.122ms
[1849.981s][info][gc,cpu         ] GC(284) User=0.00s Sys=0.00s Real=0.00s
[1849.981s][info][gc,marking     ] GC(284) Concurrent Clear Claimed Marks
[1849.981s][info][gc,marking     ] GC(284) Concurrent Clear Claimed Marks 0.030ms
[1849.981s][info][gc,marking     ] GC(284) Concurrent Cleanup for Next Mark
[1849.985s][info][gc,marking     ] GC(284) Concurrent Cleanup for Next Mark 3.786ms
[1849.985s][info][gc             ] GC(284) Concurrent Mark Cycle 858.480ms
......[1856.281s][info][gc,start       ] GC(285) Pause Young (Prepare Mixed) (G1 Evacuation Pause)
[1856.281s][info][gc,task        ] GC(285) Using 6 workers of 6 for evacuation
[1856.398s][info][gc,phases      ] GC(285)   Pre Evacuate Collection Set: 0.36ms
[1856.398s][info][gc,phases      ] GC(285)   Merge Heap Roots: 0.53ms
[1856.398s][info][gc,phases      ] GC(285)   Evacuate Collection Set: 115.57ms
[1856.398s][info][gc,phases      ] GC(285)   Post Evacuate Collection Set: 0.95ms
[1856.398s][info][gc,phases      ] GC(285)   Other: 0.09ms
[1856.398s][info][gc,heap        ] GC(285) Eden regions: 1121->0(1116)
[1856.398s][info][gc,heap        ] GC(285) Survivor regions: 107->108(154)
[1856.398s][info][gc,heap        ] GC(285) Old regions: 501->533
[1856.398s][info][gc,heap        ] GC(285) Humongous regions: 80->80
[1856.398s][info][gc,metaspace   ] GC(285) Metaspace: 28976K(29312K)->28976K(29312K) NonClass: 24091K(24192K)->24091K(24192K) Class: 4884K(5120K)->4884K(5120K)
[1856.398s][info][gc             ] GC(285) Pause Young (Prepare Mixed) (G1 Evacuation Pause) 3616M->1439M(4096M) 117.633ms
[1856.398s][info][gc,cpu         ] GC(285) User=0.70s Sys=0.00s Real=0.12s
........[1863.561s][info][gc,start       ] GC(286) Pause Young (Mixed) (G1 Evacuation Pause)
[1863.561s][info][gc,task        ] GC(286) Using 6 workers of 6 for evacuation
[1863.698s][info][gc,phases      ] GC(286)   Pre Evacuate Collection Set: 0.42ms
[1863.698s][info][gc,phases      ] GC(286)   Merge Heap Roots: 0.75ms
[1863.698s][info][gc,phases      ] GC(286)   Evacuate Collection Set: 134.35ms
[1863.698s][info][gc,phases      ] GC(286)   Post Evacuate Collection Set: 0.98ms
[1863.698s][info][gc,phases      ] GC(286)   Other: 0.10ms
[1863.698s][info][gc,heap        ] GC(286) Eden regions: 1116->0(1116)
[1863.698s][info][gc,heap        ] GC(286) Survivor regions: 108->112(153)
[1863.698s][info][gc,heap        ] GC(286) Old regions: 533->468
[1863.698s][info][gc,heap        ] GC(286) Humongous regions: 80->80
[1863.698s][info][gc,metaspace   ] GC(286) Metaspace: 28976K(29312K)->28976K(29312K) NonClass: 24091K(24192K)->24091K(24192K) Class: 4884K(5120K)->4884K(5120K)
[1863.698s][info][gc             ] GC(286) Pause Young (Mixed) (G1 Evacuation Pause) 3671M->1316M(4096M) 136.757ms
[1863.698s][info][gc,cpu         ] GC(286) User=0.81s Sys=0.00s Real=0.14s
.......[1870.749s][info][gc,start       ] GC(287) Pause Young (Concurrent Start) (G1 Evacuation Pause)
[1870.749s][info][gc,task        ] GC(287) Using 6 workers of 6 for evacuation
[1870.866s][info][gc,phases      ] GC(287)   Pre Evacuate Collection Set: 0.46ms
[1870.866s][info][gc,phases      ] GC(287)   Merge Heap Roots: 0.54ms
[1870.866s][info][gc,phases      ] GC(287)   Evacuate Collection Set: 114.60ms
[1870.866s][info][gc,phases      ] GC(287)   Post Evacuate Collection Set: 0.92ms
[1870.866s][info][gc,phases      ] GC(287)   Other: 0.15ms
[1870.866s][info][gc,heap        ] GC(287) Eden regions: 1116->0(1119)
[1870.866s][info][gc,heap        ] GC(287) Survivor regions: 112->109(154)
[1870.866s][info][gc,heap        ] GC(287) Old regions: 468->500
[1870.866s][info][gc,heap        ] GC(287) Humongous regions: 80->80
[1870.866s][info][gc,metaspace   ] GC(287) Metaspace: 28976K(29312K)->28976K(29312K) NonClass: 24091K(24192K)->24091K(24192K) Class: 4884K(5120K)->4884K(5120K)
[1870.866s][info][gc             ] GC(287) Pause Young (Concurrent Start) (G1 Evacuation Pause) 3548M->1375M(4096M) 116.816ms
[1870.866s][info][gc             ] GC(288) Concurrent Mark Cycle
[1870.866s][info][gc,marking     ] GC(288) Concurrent Scan Root Regions
[1870.866s][info][gc,cpu         ] GC(287) User=0.69s Sys=0.00s Real=0.11s
[1870.976s][info][gc,marking     ] GC(288) Concurrent Scan Root Regions 110.389ms
[1870.976s][info][gc,marking     ] GC(288) Concurrent Mark
[1870.976s][info][gc,marking     ] GC(288) Concurrent Mark From Roots
[1870.976s][info][gc,task        ] GC(288) Using 2 workers of 2 for marking
. (rIR:aIR:PR = 2629:2630:2630) (tPR = 38528) [OK] 
  1871s: Performance info:
         Transaction,    Success,    Partial,     Failed,   Receipts, AvgBarcode, 
             Overall,     158338,          0,          0,     150423,      59.47, 
         Response times:
             Request,    Success,    Partial,     Failed,   SkipFail,     Probes,    Samples,      min,      p50,      p90,      p95,      p99,      max, 
       TotalPurchase,     150429,          0,          0,          0,     146997,     165624,      300,     2300,     3600,     4300,    19000,   142000,
     InStorePurchase,      79182,          0,          0,          0,      77699,      87380,      300,     2300,     3600,     4200,    19000,   142000,
      OnlinePurchase,      55394,          0,          0,          0,      54178,      61141,      300,     2300,     3700,     4500,    19000,   137000,
        InstPurchase,      15853,          0,          0,          0,      15120,      17103,      400,     2200,     3600,     4300,    18600,   137000,
          AssocOfCat,        158,          0,          0,          0,        119,        167,    18500,    27000,    34600,    52400,   107520,   166000,
      AssocOfProduct,       1585,          0,          0,          0,       1391,       1734,      700,     2500,     3600,     4300,    23000,   122000,
      BusinessReport,        400,          0,          0,          0,        325,        448,    19900,    28000,    37100,    44550,    93590,   190000,
          CustBuyBeh,       1577,          0,          0,          0,       1418,       1714,      300,     2100,     3200,     3800,    19570,   121000,
       ProductReturn,       4196,          0,          0,          0,       3939,       4618,      600,     2400,     3700,     4600,    23000,   137000,

  1871s: (20%)   IR =   2767 [1871.545s][info][gc,marking     ] GC(288) Concurrent Mark From Roots 569.119ms
[1871.545s][info][gc,marking     ] GC(288) Concurrent Preclean
[1871.545s][info][gc,marking     ] GC(288) Concurrent Preclean 0.057ms
[1871.546s][info][gc,start       ] GC(288) Pause Remark
[1871.549s][info][gc             ] GC(288) Pause Remark 1662M->1662M(4096M) 3.046ms
[1871.549s][info][gc,cpu         ] GC(288) User=0.02s Sys=0.00s Real=0.01s
[1871.549s][info][gc,marking     ] GC(288) Concurrent Mark 572.490ms
[1871.549s][info][gc,marking     ] GC(288) Concurrent Rebuild Remembered Sets and Scrub Regions
[1871.774s][info][gc,marking     ] GC(288) Concurrent Rebuild Remembered Sets and Scrub Regions 224.867ms
[1871.774s][info][gc,start       ] GC(288) Pause Cleanup
[1871.774s][info][gc             ] GC(288) Pause Cleanup 1741M->1741M(4096M) 0.121ms
[1871.774s][info][gc,cpu         ] GC(288) User=0.00s Sys=0.00s Real=0.00s
[1871.774s][info][gc,marking     ] GC(288) Concurrent Clear Claimed Marks
[1871.774s][info][gc,marking     ] GC(288) Concurrent Clear Claimed Marks 0.024ms
[1871.774s][info][gc,marking     ] GC(288) Concurrent Cleanup for Next Mark
[1871.778s][info][gc,marking     ] GC(288) Concurrent Cleanup for Next Mark 4.266ms
[1871.778s][info][gc             ] GC(288) Concurrent Mark Cycle 912.457ms
......|[1877.530s][info][gc,start       ] GC(289) Pause Young (Prepare Mixed) (G1 Evacuation Pause)
[1877.530s][info][gc,task        ] GC(289) Using 6 workers of 6 for evacuation
[1877.648s][info][gc,phases      ] GC(289)   Pre Evacuate Collection Set: 0.39ms
[1877.648s][info][gc,phases      ] GC(289)   Merge Heap Roots: 0.54ms
[1877.648s][info][gc,phases      ] GC(289)   Evacuate Collection Set: 115.80ms
[1877.648s][info][gc,phases      ] GC(289)   Post Evacuate Collection Set: 1.01ms
[1877.648s][info][gc,phases      ] GC(289)   Other: 0.09ms
[1877.648s][info][gc,heap        ] GC(289) Eden regions: 1119->0(1117)
[1877.648s][info][gc,heap        ] GC(289) Survivor regions: 109->108(154)
[1877.648s][info][gc,heap        ] GC(289) Old regions: 500->532
[1877.648s][info][gc,heap        ] GC(289) Humongous regions: 80->80
[1877.648s][info][gc,metaspace   ] GC(289) Metaspace: 28976K(29312K)->28976K(29312K) NonClass: 24091K(24192K)->24091K(24192K) Class: 4884K(5120K)->4884K(5120K)
[1877.648s][info][gc             ] GC(289) Pause Young (Prepare Mixed) (G1 Evacuation Pause) 3613M->1437M(4096M) 117.950ms
[1877.648s][info][gc,cpu         ] GC(289) User=0.70s Sys=0.00s Real=0.12s
......[1884.383s][info][gc,start       ] GC(290) Pause Young (Mixed) (G1 Evacuation Pause)
[1884.383s][info][gc,task        ] GC(290) Using 6 workers of 6 for evacuation
[1884.521s][info][gc,phases      ] GC(290)   Pre Evacuate Collection Set: 0.37ms
[1884.521s][info][gc,phases      ] GC(290)   Merge Heap Roots: 0.82ms
[1884.521s][info][gc,phases      ] GC(290)   Evacuate Collection Set: 136.15ms
[1884.521s][info][gc,phases      ] GC(290)   Post Evacuate Collection Set: 0.98ms
[1884.521s][info][gc,phases      ] GC(290)   Other: 0.09ms
[1884.521s][info][gc,heap        ] GC(290) Eden regions: 1117->0(1119)
[1884.521s][info][gc,heap        ] GC(290) Survivor regions: 108->109(154)
[1884.521s][info][gc,heap        ] GC(290) Old regions: 532->468
[1884.521s][info][gc,heap        ] GC(290) Humongous regions: 80->80
[1884.521s][info][gc,metaspace   ] GC(290) Metaspace: 28976K(29312K)->28976K(29312K) NonClass: 24091K(24192K)->24091K(24192K) Class: 4884K(5120K)->4884K(5120K)
[1884.521s][info][gc             ] GC(290) Pause Young (Mixed) (G1 Evacuation Pause) 3671M->1311M(4096M) 138.560ms
[1884.521s][info][gc,cpu         ] GC(290) User=0.82s Sys=0.00s Real=0.14s
.......[1891.252s][info][gc,start       ] GC(291) Pause Young (Concurrent Start) (G1 Evacuation Pause)
[1891.253s][info][gc,task        ] GC(291) Using 6 workers of 6 for evacuation
[1891.370s][info][gc,phases      ] GC(291)   Pre Evacuate Collection Set: 0.43ms
[1891.370s][info][gc,phases      ] GC(291)   Merge Heap Roots: 0.53ms
[1891.370s][info][gc,phases      ] GC(291)   Evacuate Collection Set: 115.68ms
[1891.370s][info][gc,phases      ] GC(291)   Post Evacuate Collection Set: 0.91ms
[1891.370s][info][gc,phases      ] GC(291)   Other: 0.13ms
[1891.370s][info][gc,heap        ] GC(291) Eden regions: 1119->0(1119)
[1891.370s][info][gc,heap        ] GC(291) Survivor regions: 109->109(154)
[1891.370s][info][gc,heap        ] GC(291) Old regions: 468->500
[1891.370s][info][gc,heap        ] GC(291) Humongous regions: 80->80
[1891.370s][info][gc,metaspace   ] GC(291) Metaspace: 28976K(29312K)->28976K(29312K) NonClass: 24091K(24192K)->24091K(24192K) Class: 4884K(5120K)->4884K(5120K)
[1891.370s][info][gc             ] GC(291) Pause Young (Concurrent Start) (G1 Evacuation Pause) 3549M->1375M(4096M) 117.807ms
[1891.370s][info][gc             ] GC(292) Concurrent Mark Cycle
[1891.370s][info][gc,marking     ] GC(292) Concurrent Scan Root Regions
[1891.370s][info][gc,cpu         ] GC(291) User=0.69s Sys=0.00s Real=0.12s
.[1891.539s][info][gc,marking     ] GC(292) Concurrent Scan Root Regions 168.796ms
[1891.539s][info][gc,marking     ] GC(292) Concurrent Mark
[1891.539s][info][gc,marking     ] GC(292) Concurrent Mark From Roots
[1891.539s][info][gc,task        ] GC(292) Using 2 workers of 2 for marking
[1892.098s][info][gc,marking     ] GC(292) Concurrent Mark From Roots 559.203ms
[1892.098s][info][gc,marking     ] GC(292) Concurrent Preclean
[1892.099s][info][gc,marking     ] GC(292) Concurrent Preclean 0.085ms
[1892.099s][info][gc,start       ] GC(292) Pause Remark
[1892.102s][info][gc             ] GC(292) Pause Remark 1658M->1658M(4096M) 3.278ms
[1892.102s][info][gc,cpu         ] GC(292) User=0.01s Sys=0.00s Real=0.00s
[1892.103s][info][gc,marking     ] GC(292) Concurrent Mark 563.795ms
[1892.103s][info][gc,marking     ] GC(292) Concurrent Rebuild Remembered Sets and Scrub Regions
[1892.330s][info][gc,marking     ] GC(292) Concurrent Rebuild Remembered Sets and Scrub Regions 227.152ms
[1892.330s][info][gc,start       ] GC(292) Pause Cleanup
[1892.330s][info][gc             ] GC(292) Pause Cleanup 1743M->1743M(4096M) 0.113ms
[1892.330s][info][gc,cpu         ] GC(292) User=0.00s Sys=0.00s Real=0.00s
[1892.330s][info][gc,marking     ] GC(292) Concurrent Clear Claimed Marks
[1892.330s][info][gc,marking     ] GC(292) Concurrent Clear Claimed Marks 0.028ms
[1892.330s][info][gc,marking     ] GC(292) Concurrent Cleanup for Next Mark
[1892.334s][info][gc,marking     ] GC(292) Concurrent Cleanup for Next Mark 3.783ms
[1892.334s][info][gc             ] GC(292) Concurrent Mark Cycle 963.994ms
......[1898.084s][info][gc,start       ] GC(293) Pause Young (Prepare Mixed) (G1 Evacuation Pause)
[1898.084s][info][gc,task        ] GC(293) Using 6 workers of 6 for evacuation
[1898.201s][info][gc,phases      ] GC(293)   Pre Evacuate Collection Set: 0.37ms
[1898.201s][info][gc,phases      ] GC(293)   Merge Heap Roots: 0.56ms
[1898.201s][info][gc,phases      ] GC(293)   Evacuate Collection Set: 114.91ms
[1898.201s][info][gc,phases      ] GC(293)   Post Evacuate Collection Set: 0.96ms
[1898.201s][info][gc,phases      ] GC(293)   Other: 0.09ms
[1898.201s][info][gc,heap        ] GC(293) Eden regions: 1119->0(1116)
[1898.201s][info][gc,heap        ] GC(293) Survivor regions: 109->108(154)
[1898.201s][info][gc,heap        ] GC(293) Old regions: 500->533
[1898.201s][info][gc,heap        ] GC(293) Humongous regions: 80->80
[1898.201s][info][gc,metaspace   ] GC(293) Metaspace: 28976K(29312K)->28976K(29312K) NonClass: 24091K(24192K)->24091K(24192K) Class: 4884K(5120K)->4884K(5120K)
[1898.201s][info][gc             ] GC(293) Pause Young (Prepare Mixed) (G1 Evacuation Pause) 3613M->1439M(4096M) 117.014ms
[1898.201s][info][gc,cpu         ] GC(293) User=0.69s Sys=0.00s Real=0.12s
.......[1904.973s][info][gc,start       ] GC(294) Pause Young (Mixed) (G1 Evacuation Pause)
[1904.973s][info][gc,task        ] GC(294) Using 6 workers of 6 for evacuation
[1905.108s][info][gc,phases      ] GC(294)   Pre Evacuate Collection Set: 0.39ms
[1905.108s][info][gc,phases      ] GC(294)   Merge Heap Roots: 0.78ms
[1905.108s][info][gc,phases      ] GC(294)   Evacuate Collection Set: 132.69ms
[1905.108s][info][gc,phases      ] GC(294)   Post Evacuate Collection Set: 0.95ms
[1905.108s][info][gc,phases      ] GC(294)   Other: 0.09ms
[1905.108s][info][gc,heap        ] GC(294) Eden regions: 1116->0(1119)
[1905.108s][info][gc,heap        ] GC(294) Survivor regions: 108->109(153)
[1905.108s][info][gc,heap        ] GC(294) Old regions: 533->470
[1905.108s][info][gc,heap        ] GC(294) Humongous regions: 80->80
[1905.108s][info][gc,metaspace   ] GC(294) Metaspace: 28976K(29312K)->28976K(29312K) NonClass: 24091K(24192K)->24091K(24192K) Class: 4884K(5120K)->4884K(5120K)
[1905.108s][info][gc             ] GC(294) Pause Young (Mixed) (G1 Evacuation Pause) 3671M->1314M(4096M) 135.026ms
[1905.108s][info][gc,cpu         ] GC(294) User=0.80s Sys=0.01s Real=0.14s
.......[1911.783s][info][gc,start       ] GC(295) Pause Young (Concurrent Start) (G1 Evacuation Pause)
[1911.783s][info][gc,task        ] GC(295) Using 6 workers of 6 for evacuation
[1911.900s][info][gc,phases      ] GC(295)   Pre Evacuate Collection Set: 0.41ms
[1911.900s][info][gc,phases      ] GC(295)   Merge Heap Roots: 0.56ms
[1911.900s][info][gc,phases      ] GC(295)   Evacuate Collection Set: 115.35ms
[1911.900s][info][gc,phases      ] GC(295)   Post Evacuate Collection Set: 0.90ms
[1911.900s][info][gc,phases      ] GC(295)   Other: 0.13ms
[1911.900s][info][gc,heap        ] GC(295) Eden regions: 1119->0(1118)
[1911.900s][info][gc,heap        ] GC(295) Survivor regions: 109->110(154)
[1911.900s][info][gc,heap        ] GC(295) Old regions: 470->501
[1911.900s][info][gc,heap        ] GC(295) Humongous regions: 80->80
[1911.900s][info][gc,metaspace   ] GC(295) Metaspace: 28976K(29312K)->28976K(29312K) NonClass: 24091K(24192K)->24091K(24192K) Class: 4884K(5120K)->4884K(5120K)
[1911.900s][info][gc             ] GC(295) Pause Young (Concurrent Start) (G1 Evacuation Pause) 3552M->1380M(4096M) 117.476ms
[1911.900s][info][gc             ] GC(296) Concurrent Mark Cycle
[1911.900s][info][gc,marking     ] GC(296) Concurrent Scan Root Regions
[1911.900s][info][gc,cpu         ] GC(295) User=0.70s Sys=0.00s Real=0.12s
[1912.035s][info][gc,marking     ] GC(296) Concurrent Scan Root Regions 134.292ms
[1912.035s][info][gc,marking     ] GC(296) Concurrent Mark
[1912.035s][info][gc,marking     ] GC(296) Concurrent Mark From Roots
[1912.035s][info][gc,task        ] GC(296) Using 2 workers of 2 for marking
.[1912.602s][info][gc,marking     ] GC(296) Concurrent Mark From Roots 567.346ms
[1912.602s][info][gc,marking     ] GC(296) Concurrent Preclean
[1912.602s][info][gc,marking     ] GC(296) Concurrent Preclean 0.047ms
[1912.602s][info][gc,start       ] GC(296) Pause Remark
[1912.605s][info][gc             ] GC(296) Pause Remark 1678M->1678M(4096M) 3.058ms
[1912.606s][info][gc,cpu         ] GC(296) User=0.02s Sys=0.01s Real=0.00s
[1912.606s][info][gc,marking     ] GC(296) Concurrent Mark 570.717ms
[1912.606s][info][gc,marking     ] GC(296) Concurrent Rebuild Remembered Sets and Scrub Regions
[1912.825s][info][gc,marking     ] GC(296) Concurrent Rebuild Remembered Sets and Scrub Regions 218.977ms
[1912.825s][info][gc,start       ] GC(296) Pause Cleanup
[1912.825s][info][gc             ] GC(296) Pause Cleanup 1744M->1744M(4096M) 0.112ms
[1912.825s][info][gc,cpu         ] GC(296) User=0.00s Sys=0.00s Real=0.00s
[1912.825s][info][gc,marking     ] GC(296) Concurrent Clear Claimed Marks
[1912.825s][info][gc,marking     ] GC(296) Concurrent Clear Claimed Marks 0.031ms
[1912.825s][info][gc,marking     ] GC(296) Concurrent Cleanup for Next Mark
[1912.829s][info][gc,marking     ] GC(296) Concurrent Cleanup for Next Mark 3.836ms
[1912.829s][info][gc             ] GC(296) Concurrent Mark Cycle 928.296ms
......[1918.654s][info][gc,start       ] GC(297) Pause Young (Prepare Mixed) (G1 Evacuation Pause)
[1918.654s][info][gc,task        ] GC(297) Using 6 workers of 6 for evacuation
[1918.776s][info][gc,phases      ] GC(297)   Pre Evacuate Collection Set: 0.37ms
[1918.776s][info][gc,phases      ] GC(297)   Merge Heap Roots: 0.58ms
[1918.776s][info][gc,phases      ] GC(297)   Evacuate Collection Set: 120.06ms
[1918.776s][info][gc,phases      ] GC(297)   Post Evacuate Collection Set: 0.97ms
[1918.776s][info][gc,phases      ] GC(297)   Other: 0.09ms
[1918.776s][info][gc,heap        ] GC(297) Eden regions: 1118->0(1110)
[1918.776s][info][gc,heap        ] GC(297) Survivor regions: 110->111(154)
[1918.776s][info][gc,heap        ] GC(297) Old regions: 501->533
[1918.776s][info][gc,heap        ] GC(297) Humongous regions: 80->80
[1918.776s][info][gc,metaspace   ] GC(297) Metaspace: 28976K(29312K)->28976K(29312K) NonClass: 24091K(24192K)->24091K(24192K) Class: 4884K(5120K)->4884K(5120K)
[1918.776s][info][gc             ] GC(297) Pause Young (Prepare Mixed) (G1 Evacuation Pause) 3616M->1445M(4096M) 122.197ms
[1918.776s][info][gc,cpu         ] GC(297) User=0.73s Sys=0.00s Real=0.13s
......[1925.444s][info][gc,start       ] GC(298) Pause Young (Mixed) (G1 Evacuation Pause)
[1925.444s][info][gc,task        ] GC(298) Using 6 workers of 6 for evacuation
[1925.581s][info][gc,phases      ] GC(298)   Pre Evacuate Collection Set: 0.42ms
[1925.581s][info][gc,phases      ] GC(298)   Merge Heap Roots: 0.84ms
[1925.581s][info][gc,phases      ] GC(298)   Evacuate Collection Set: 134.48ms
[1925.581s][info][gc,phases      ] GC(298)   Post Evacuate Collection Set: 0.96ms
[1925.581s][info][gc,phases      ] GC(298)   Other: 0.10ms
[1925.581s][info][gc,heap        ] GC(298) Eden regions: 1110->0(1119)
[1925.581s][info][gc,heap        ] GC(298) Survivor regions: 111->109(153)
[1925.581s][info][gc,heap        ] GC(298) Old regions: 533->467
[1925.581s][info][gc,heap        ] GC(298) Humongous regions: 80->80
[1925.581s][info][gc,metaspace   ] GC(298) Metaspace: 28976K(29312K)->28976K(29312K) NonClass: 24091K(24192K)->24091K(24192K) Class: 4884K(5120K)->4884K(5120K)
[1925.581s][info][gc             ] GC(298) Pause Young (Mixed) (G1 Evacuation Pause) 3665M->1310M(4096M) 136.936ms
[1925.581s][info][gc,cpu         ] GC(298) User=0.80s Sys=0.00s Real=0.14s
.......[1932.332s][info][gc,start       ] GC(299) Pause Young (Concurrent Start) (G1 Evacuation Pause)
[1932.333s][info][gc,task        ] GC(299) Using 6 workers of 6 for evacuation
[1932.449s][info][gc,phases      ] GC(299)   Pre Evacuate Collection Set: 0.41ms
[1932.449s][info][gc,phases      ] GC(299)   Merge Heap Roots: 0.48ms
[1932.449s][info][gc,phases      ] GC(299)   Evacuate Collection Set: 114.79ms
[1932.449s][info][gc,phases      ] GC(299)   Post Evacuate Collection Set: 0.91ms
[1932.449s][info][gc,phases      ] GC(299)   Other: 0.12ms
[1932.449s][info][gc,heap        ] GC(299) Eden regions: 1119->0(1119)
[1932.449s][info][gc,heap        ] GC(299) Survivor regions: 109->109(154)
[1932.449s][info][gc,heap        ] GC(299) Old regions: 467->500
[1932.449s][info][gc,heap        ] GC(299) Humongous regions: 80->80
[1932.449s][info][gc,metaspace   ] GC(299) Metaspace: 28976K(29312K)->28976K(29312K) NonClass: 24091K(24192K)->24091K(24192K) Class: 4884K(5120K)->4884K(5120K)
[1932.449s][info][gc             ] GC(299) Pause Young (Concurrent Start) (G1 Evacuation Pause) 3548M->1374M(4096M) 116.845ms
[1932.449s][info][gc             ] GC(300) Concurrent Mark Cycle
[1932.449s][info][gc,marking     ] GC(300) Concurrent Scan Root Regions
[1932.449s][info][gc,cpu         ] GC(299) User=0.69s Sys=0.00s Real=0.12s
.[1932.619s][info][gc,marking     ] GC(300) Concurrent Scan Root Regions 169.631ms
[1932.619s][info][gc,marking     ] GC(300) Concurrent Mark
[1932.619s][info][gc,marking     ] GC(300) Concurrent Mark From Roots
[1932.619s][info][gc,task        ] GC(300) Using 2 workers of 2 for marking
[1933.530s][info][gc,marking     ] GC(300) Concurrent Mark From Roots 910.848ms
[1933.530s][info][gc,marking     ] GC(300) Concurrent Preclean
[1933.530s][info][gc,marking     ] GC(300) Concurrent Preclean 0.053ms
[1933.530s][info][gc,start       ] GC(300) Pause Remark
[1933.534s][info][gc             ] GC(300) Pause Remark 1792M->1792M(4096M) 4.175ms
[1933.534s][info][gc,cpu         ] GC(300) User=0.03s Sys=0.00s Real=0.00s
[1933.534s][info][gc,marking     ] GC(300) Concurrent Mark 915.324ms
[1933.534s][info][gc,marking     ] GC(300) Concurrent Rebuild Remembered Sets and Scrub Regions
.[1933.756s][info][gc,marking     ] GC(300) Concurrent Rebuild Remembered Sets and Scrub Regions 222.088ms
[1933.757s][info][gc,start       ] GC(300) Pause Cleanup
[1933.757s][info][gc             ] GC(300) Pause Cleanup 1867M->1867M(4096M) 0.108ms
[1933.757s][info][gc,cpu         ] GC(300) User=0.00s Sys=0.00s Real=0.00s
[1933.757s][info][gc,marking     ] GC(300) Concurrent Clear Claimed Marks
[1933.757s][info][gc,marking     ] GC(300) Concurrent Clear Claimed Marks 0.028ms
[1933.757s][info][gc,marking     ] GC(300) Concurrent Cleanup for Next Mark
[1933.760s][info][gc,marking     ] GC(300) Concurrent Cleanup for Next Mark 3.286ms
[1933.760s][info][gc             ] GC(300) Concurrent Mark Cycle 1310.771ms
.... (rIR:aIR:PR = 2767:2767:2767) (tPR = 41043) [OK] 
  1937s: Performance info:
         Transaction,    Success,    Partial,     Failed,   Receipts, AvgBarcode, 
             Overall,     166441,          0,          0,     158115,      59.48, 
         Response times:
             Request,    Success,    Partial,     Failed,   SkipFail,     Probes,    Samples,      min,      p50,      p90,      p95,      p99,      max, 
       TotalPurchase,     158117,          0,          0,          0,     154167,     170656,      300,     2400,     3700,     4400,    18300,   140000,
     InStorePurchase,      83203,          0,          0,          0,      81236,      89552,      300,     2300,     3700,     4400,    18300,   139000,
      OnlinePurchase,      58272,          0,          0,          0,      56886,      63034,      300,     2400,     3700,     4400,    17965,   140000,
        InstPurchase,      16642,          0,          0,          0,      16045,      18070,      400,     2600,     3800,     4500,    18800,   140000,
          AssocOfCat,        166,          0,          0,          0,        123,        184,    19200,    27000,    34000,    38750,    51500,    60000,
      AssocOfProduct,       1664,          0,          0,          0,       1491,       1759,      500,     1600,     2400,     2900,     5640,    16400,
      BusinessReport,        414,          0,          0,          0,        318,        414,    19700,    29000,    39000,    45250,   150050,   199000,
          CustBuyBeh,       1665,          0,          0,          0,       1514,       1844,      300,     2600,     3700,     4475,    15085,   139000,
       ProductReturn,       4417,          0,          0,          0,       4167,       4824,      100,     1500,     2600,     3000,     9775,   122000,

  1937s: (21%)   IR =   2906 .[1939.113s][info][gc,start       ] GC(301) Pause Young (Prepare Mixed) (G1 Evacuation Pause)
[1939.113s][info][gc,task        ] GC(301) Using 6 workers of 6 for evacuation
[1939.233s][info][gc,phases      ] GC(301)   Pre Evacuate Collection Set: 0.38ms
[1939.233s][info][gc,phases      ] GC(301)   Merge Heap Roots: 0.63ms
[1939.233s][info][gc,phases      ] GC(301)   Evacuate Collection Set: 118.15ms
[1939.233s][info][gc,phases      ] GC(301)   Post Evacuate Collection Set: 0.95ms
[1939.233s][info][gc,phases      ] GC(301)   Other: 0.09ms
[1939.233s][info][gc,heap        ] GC(301) Eden regions: 1119->0(1111)
[1939.233s][info][gc,heap        ] GC(301) Survivor regions: 109->111(154)
[1939.233s][info][gc,heap        ] GC(301) Old regions: 500->532
[1939.233s][info][gc,heap        ] GC(301) Humongous regions: 80->80
[1939.233s][info][gc,metaspace   ] GC(301) Metaspace: 28976K(29312K)->28976K(29312K) NonClass: 24091K(24192K)->24091K(24192K) Class: 4884K(5120K)->4884K(5120K)
[1939.233s][info][gc             ] GC(301) Pause Young (Prepare Mixed) (G1 Evacuation Pause) 3612M->1442M(4096M) 120.338ms
[1939.233s][info][gc,cpu         ] GC(301) User=0.71s Sys=0.00s Real=0.12s
....|..[1945.602s][info][gc,start       ] GC(302) Pause Young (Mixed) (G1 Evacuation Pause)
[1945.602s][info][gc,task        ] GC(302) Using 6 workers of 6 for evacuation
[1945.735s][info][gc,phases      ] GC(302)   Pre Evacuate Collection Set: 0.40ms
[1945.735s][info][gc,phases      ] GC(302)   Merge Heap Roots: 0.74ms
[1945.735s][info][gc,phases      ] GC(302)   Evacuate Collection Set: 131.42ms
[1945.735s][info][gc,phases      ] GC(302)   Post Evacuate Collection Set: 0.96ms
[1945.735s][info][gc,phases      ] GC(302)   Other: 0.09ms
[1945.735s][info][gc,heap        ] GC(302) Eden regions: 1111->0(1119)
[1945.735s][info][gc,heap        ] GC(302) Survivor regions: 111->109(153)
[1945.735s][info][gc,heap        ] GC(302) Old regions: 532->470
[1945.735s][info][gc,heap        ] GC(302) Humongous regions: 80->80
[1945.735s][info][gc,metaspace   ] GC(302) Metaspace: 28976K(29312K)->28976K(29312K) NonClass: 24091K(24192K)->24091K(24192K) Class: 4884K(5120K)->4884K(5120K)
[1945.735s][info][gc             ] GC(302) Pause Young (Mixed) (G1 Evacuation Pause) 3664M->1315M(4096M) 133.737ms
[1945.735s][info][gc,cpu         ] GC(302) User=0.79s Sys=0.00s Real=0.13s
.......[1952.121s][info][gc,start       ] GC(303) Pause Young (Concurrent Start) (G1 Evacuation Pause)
[1952.121s][info][gc,task        ] GC(303) Using 6 workers of 6 for evacuation
[1952.240s][info][gc,phases      ] GC(303)   Pre Evacuate Collection Set: 0.41ms
[1952.240s][info][gc,phases      ] GC(303)   Merge Heap Roots: 0.59ms
[1952.240s][info][gc,phases      ] GC(303)   Evacuate Collection Set: 117.55ms
[1952.240s][info][gc,phases      ] GC(303)   Post Evacuate Collection Set: 0.85ms
[1952.240s][info][gc,phases      ] GC(303)   Other: 0.12ms
[1952.240s][info][gc,heap        ] GC(303) Eden regions: 1119->0(1119)
[1952.240s][info][gc,heap        ] GC(303) Survivor regions: 109->109(154)
[1952.240s][info][gc,heap        ] GC(303) Old regions: 470->502
[1952.240s][info][gc,heap        ] GC(303) Humongous regions: 80->80
[1952.240s][info][gc,metaspace   ] GC(303) Metaspace: 28976K(29312K)->28976K(29312K) NonClass: 24091K(24192K)->24091K(24192K) Class: 4884K(5120K)->4884K(5120K)
[1952.240s][info][gc             ] GC(303) Pause Young (Concurrent Start) (G1 Evacuation Pause) 3553M->1378M(4096M) 119.662ms
[1952.240s][info][gc             ] GC(304) Concurrent Mark Cycle
[1952.240s][info][gc,marking     ] GC(304) Concurrent Scan Root Regions
[1952.240s][info][gc,cpu         ] GC(303) User=0.71s Sys=0.00s Real=0.12s
[1952.364s][info][gc,marking     ] GC(304) Concurrent Scan Root Regions 123.303ms
[1952.364s][info][gc,marking     ] GC(304) Concurrent Mark
[1952.364s][info][gc,marking     ] GC(304) Concurrent Mark From Roots
[1952.364s][info][gc,task        ] GC(304) Using 2 workers of 2 for marking
.[1952.942s][info][gc,marking     ] GC(304) Concurrent Mark From Roots 577.917ms
[1952.942s][info][gc,marking     ] GC(304) Concurrent Preclean
[1952.942s][info][gc,marking     ] GC(304) Concurrent Preclean 0.070ms
[1952.942s][info][gc,start       ] GC(304) Pause Remark
[1952.945s][info][gc             ] GC(304) Pause Remark 1658M->1658M(4096M) 3.362ms
[1952.945s][info][gc,cpu         ] GC(304) User=0.01s Sys=0.00s Real=0.00s
[1952.945s][info][gc,marking     ] GC(304) Concurrent Mark 581.620ms
[1952.945s][info][gc,marking     ] GC(304) Concurrent Rebuild Remembered Sets and Scrub Regions
[1953.176s][info][gc,marking     ] GC(304) Concurrent Rebuild Remembered Sets and Scrub Regions 230.445ms
[1953.176s][info][gc,start       ] GC(304) Pause Cleanup
[1953.176s][info][gc             ] GC(304) Pause Cleanup 1730M->1730M(4096M) 0.118ms
[1953.176s][info][gc,cpu         ] GC(304) User=0.00s Sys=0.00s Real=0.01s
[1953.176s][info][gc,marking     ] GC(304) Concurrent Clear Claimed Marks
[1953.176s][info][gc,marking     ] GC(304) Concurrent Clear Claimed Marks 0.028ms
[1953.176s][info][gc,marking     ] GC(304) Concurrent Cleanup for Next Mark
[1953.179s][info][gc,marking     ] GC(304) Concurrent Cleanup for Next Mark 3.220ms
[1953.179s][info][gc             ] GC(304) Concurrent Mark Cycle 939.064ms
.....[1958.636s][info][gc,start       ] GC(305) Pause Young (Prepare Mixed) (G1 Evacuation Pause)
[1958.636s][info][gc,task        ] GC(305) Using 6 workers of 6 for evacuation
[1958.756s][info][gc,phases      ] GC(305)   Pre Evacuate Collection Set: 0.34ms
[1958.756s][info][gc,phases      ] GC(305)   Merge Heap Roots: 0.56ms
[1958.756s][info][gc,phases      ] GC(305)   Evacuate Collection Set: 117.78ms
[1958.756s][info][gc,phases      ] GC(305)   Post Evacuate Collection Set: 0.95ms
[1958.756s][info][gc,phases      ] GC(305)   Other: 0.09ms
[1958.756s][info][gc,heap        ] GC(305) Eden regions: 1119->0(1111)
[1958.756s][info][gc,heap        ] GC(305) Survivor regions: 109->110(154)
[1958.756s][info][gc,heap        ] GC(305) Old regions: 502->534
[1958.756s][info][gc,heap        ] GC(305) Humongous regions: 80->80
[1958.756s][info][gc,metaspace   ] GC(305) Metaspace: 28976K(29312K)->28976K(29312K) NonClass: 24091K(24192K)->24091K(24192K) Class: 4884K(5120K)->4884K(5120K)
[1958.756s][info][gc             ] GC(305) Pause Young (Prepare Mixed) (G1 Evacuation Pause) 3616M->1445M(4096M) 119.858ms
[1958.756s][info][gc,cpu         ] GC(305) User=0.71s Sys=0.00s Real=0.12s
.......[1965.154s][info][gc,start       ] GC(306) Pause Young (Mixed) (G1 Evacuation Pause)
[1965.154s][info][gc,task        ] GC(306) Using 6 workers of 6 for evacuation
[1965.289s][info][gc,phases      ] GC(306)   Pre Evacuate Collection Set: 0.39ms
[1965.289s][info][gc,phases      ] GC(306)   Merge Heap Roots: 0.72ms
[1965.289s][info][gc,phases      ] GC(306)   Evacuate Collection Set: 132.39ms
[1965.289s][info][gc,phases      ] GC(306)   Post Evacuate Collection Set: 0.97ms
[1965.289s][info][gc,phases      ] GC(306)   Other: 0.09ms
[1965.289s][info][gc,heap        ] GC(306) Eden regions: 1111->0(1118)
[1965.289s][info][gc,heap        ] GC(306) Survivor regions: 110->110(153)
[1965.289s][info][gc,heap        ] GC(306) Old regions: 534->469
[1965.289s][info][gc,heap        ] GC(306) Humongous regions: 80->80
[1965.289s][info][gc,metaspace   ] GC(306) Metaspace: 28976K(29312K)->28976K(29312K) NonClass: 24091K(24192K)->24091K(24192K) Class: 4884K(5120K)->4884K(5120K)
[1965.289s][info][gc             ] GC(306) Pause Young (Mixed) (G1 Evacuation Pause) 3667M->1314M(4096M) 134.706ms
[1965.289s][info][gc,cpu         ] GC(306) User=0.80s Sys=0.00s Real=0.14s
......[1971.569s][info][gc,start       ] GC(307) Pause Young (Concurrent Start) (G1 Evacuation Pause)
[1971.569s][info][gc,task        ] GC(307) Using 6 workers of 6 for evacuation
[1971.687s][info][gc,phases      ] GC(307)   Pre Evacuate Collection Set: 0.45ms
[1971.687s][info][gc,phases      ] GC(307)   Merge Heap Roots: 0.57ms
[1971.687s][info][gc,phases      ] GC(307)   Evacuate Collection Set: 115.89ms
[1971.687s][info][gc,phases      ] GC(307)   Post Evacuate Collection Set: 0.91ms
[1971.687s][info][gc,phases      ] GC(307)   Other: 0.15ms
[1971.687s][info][gc,heap        ] GC(307) Eden regions: 1118->0(1119)
[1971.687s][info][gc,heap        ] GC(307) Survivor regions: 110->109(154)
[1971.687s][info][gc,heap        ] GC(307) Old regions: 469->500
[1971.687s][info][gc,heap        ] GC(307) Humongous regions: 80->80
[1971.687s][info][gc,metaspace   ] GC(307) Metaspace: 28976K(29312K)->28976K(29312K) NonClass: 24091K(24192K)->24091K(24192K) Class: 4884K(5120K)->4884K(5120K)
[1971.687s][info][gc             ] GC(307) Pause Young (Concurrent Start) (G1 Evacuation Pause) 3550M->1376M(4096M) 118.106ms
[1971.687s][info][gc             ] GC(308) Concurrent Mark Cycle
[1971.687s][info][gc,marking     ] GC(308) Concurrent Scan Root Regions
[1971.687s][info][gc,cpu         ] GC(307) User=0.70s Sys=0.00s Real=0.12s
.[1971.853s][info][gc,marking     ] GC(308) Concurrent Scan Root Regions 165.972ms
[1971.853s][info][gc,marking     ] GC(308) Concurrent Mark
[1971.853s][info][gc,marking     ] GC(308) Concurrent Mark From Roots
[1971.853s][info][gc,task        ] GC(308) Using 2 workers of 2 for marking
.[1972.772s][info][gc,marking     ] GC(308) Concurrent Mark From Roots 918.596ms
[1972.772s][info][gc,marking     ] GC(308) Concurrent Preclean
[1972.772s][info][gc,marking     ] GC(308) Concurrent Preclean 0.071ms
[1972.772s][info][gc,start       ] GC(308) Pause Remark
[1972.775s][info][gc             ] GC(308) Pause Remark 1744M->1744M(4096M) 2.605ms
[1972.775s][info][gc,cpu         ] GC(308) User=0.01s Sys=0.00s Real=0.00s
[1972.775s][info][gc,marking     ] GC(308) Concurrent Mark 922.155ms
[1972.775s][info][gc,marking     ] GC(308) Concurrent Rebuild Remembered Sets and Scrub Regions
[1973.173s][info][gc,marking     ] GC(308) Concurrent Rebuild Remembered Sets and Scrub Regions 397.597ms
[1973.173s][info][gc,start       ] GC(308) Pause Cleanup
[1973.173s][info][gc             ] GC(308) Pause Cleanup 1886M->1886M(4096M) 0.122ms
[1973.173s][info][gc,cpu         ] GC(308) User=0.00s Sys=0.00s Real=0.00s
[1973.173s][info][gc,marking     ] GC(308) Concurrent Clear Claimed Marks
[1973.173s][info][gc,marking     ] GC(308) Concurrent Clear Claimed Marks 0.033ms
[1973.173s][info][gc,marking     ] GC(308) Concurrent Cleanup for Next Mark
[1973.178s][info][gc,marking     ] GC(308) Concurrent Cleanup for Next Mark 5.005ms
[1973.178s][info][gc             ] GC(308) Concurrent Mark Cycle 1491.250ms
.....[1978.257s][info][gc,start       ] GC(309) Pause Young (Prepare Mixed) (G1 Evacuation Pause)
[1978.257s][info][gc,task        ] GC(309) Using 6 workers of 6 for evacuation
[1978.376s][info][gc,phases      ] GC(309)   Pre Evacuate Collection Set: 0.36ms
[1978.376s][info][gc,phases      ] GC(309)   Merge Heap Roots: 0.55ms
[1978.376s][info][gc,phases      ] GC(309)   Evacuate Collection Set: 116.20ms
[1978.376s][info][gc,phases      ] GC(309)   Post Evacuate Collection Set: 0.96ms
[1978.376s][info][gc,phases      ] GC(309)   Other: 0.09ms
[1978.376s][info][gc,heap        ] GC(309) Eden regions: 1119->0(1115)
[1978.376s][info][gc,heap        ] GC(309) Survivor regions: 109->109(154)
[1978.376s][info][gc,heap        ] GC(309) Old regions: 500->532
[1978.376s][info][gc,heap        ] GC(309) Humongous regions: 80->80
[1978.376s][info][gc,metaspace   ] GC(309) Metaspace: 28976K(29312K)->28976K(29312K) NonClass: 24091K(24192K)->24091K(24192K) Class: 4884K(5120K)->4884K(5120K)
[1978.376s][info][gc             ] GC(309) Pause Young (Prepare Mixed) (G1 Evacuation Pause) 3614M->1439M(4096M) 118.289ms
[1978.376s][info][gc,cpu         ] GC(309) User=0.70s Sys=0.00s Real=0.11s
......[1984.615s][info][gc,start       ] GC(310) Pause Young (Mixed) (G1 Evacuation Pause)
[1984.615s][info][gc,task        ] GC(310) Using 6 workers of 6 for evacuation
[1984.754s][info][gc,phases      ] GC(310)   Pre Evacuate Collection Set: 0.40ms
[1984.754s][info][gc,phases      ] GC(310)   Merge Heap Roots: 0.79ms
[1984.754s][info][gc,phases      ] GC(310)   Evacuate Collection Set: 136.39ms
[1984.754s][info][gc,phases      ] GC(310)   Post Evacuate Collection Set: 0.97ms
[1984.754s][info][gc,phases      ] GC(310)   Other: 0.09ms
[1984.754s][info][gc,heap        ] GC(310) Eden regions: 1115->0(1116)
[1984.754s][info][gc,heap        ] GC(310) Survivor regions: 109->112(153)
[1984.754s][info][gc,heap        ] GC(310) Old regions: 532->471
[1984.754s][info][gc,heap        ] GC(310) Humongous regions: 80->80
[1984.754s][info][gc,metaspace   ] GC(310) Metaspace: 28976K(29312K)->28976K(29312K) NonClass: 24091K(24192K)->24091K(24192K) Class: 4884K(5120K)->4884K(5120K)
[1984.754s][info][gc             ] GC(310) Pause Young (Mixed) (G1 Evacuation Pause) 3669M->1322M(4096M) 138.796ms
[1984.754s][info][gc,cpu         ] GC(310) User=0.82s Sys=0.00s Real=0.14s
.......[1991.207s][info][gc,start       ] GC(311) Pause Young (Concurrent Start) (G1 Evacuation Pause)
[1991.207s][info][gc,task        ] GC(311) Using 6 workers of 6 for evacuation
[1991.324s][info][gc,phases      ] GC(311)   Pre Evacuate Collection Set: 0.40ms
[1991.324s][info][gc,phases      ] GC(311)   Merge Heap Roots: 0.49ms
[1991.324s][info][gc,phases      ] GC(311)   Evacuate Collection Set: 115.14ms
[1991.324s][info][gc,phases      ] GC(311)   Post Evacuate Collection Set: 0.93ms
[1991.324s][info][gc,phases      ] GC(311)   Other: 0.12ms
[1991.324s][info][gc,heap        ] GC(311) Eden regions: 1116->0(1120)
[1991.324s][info][gc,heap        ] GC(311) Survivor regions: 112->108(154)
[1991.324s][info][gc,heap        ] GC(311) Old regions: 471->504
[1991.324s][info][gc,heap        ] GC(311) Humongous regions: 80->80
[1991.324s][info][gc,metaspace   ] GC(311) Metaspace: 28976K(29312K)->28976K(29312K) NonClass: 24091K(24192K)->24091K(24192K) Class: 4884K(5120K)->4884K(5120K)
[1991.324s][info][gc             ] GC(311) Pause Young (Concurrent Start) (G1 Evacuation Pause) 3554M->1381M(4096M) 117.216ms
[1991.324s][info][gc             ] GC(312) Concurrent Mark Cycle
[1991.324s][info][gc,marking     ] GC(312) Concurrent Scan Root Regions
[1991.324s][info][gc,cpu         ] GC(311) User=0.69s Sys=0.00s Real=0.11s
[1991.492s][info][gc,marking     ] GC(312) Concurrent Scan Root Regions 167.234ms
[1991.492s][info][gc,marking     ] GC(312) Concurrent Mark
[1991.492s][info][gc,marking     ] GC(312) Concurrent Mark From Roots
[1991.492s][info][gc,task        ] GC(312) Using 2 workers of 2 for marking
.[1992.402s][info][gc,marking     ] GC(312) Concurrent Mark From Roots 910.337ms
[1992.402s][info][gc,marking     ] GC(312) Concurrent Preclean
[1992.402s][info][gc,marking     ] GC(312) Concurrent Preclean 0.052ms
[1992.402s][info][gc,start       ] GC(312) Pause Remark
[1992.406s][info][gc             ] GC(312) Pause Remark 1821M->1821M(4096M) 4.145ms
[1992.406s][info][gc,cpu         ] GC(312) User=0.02s Sys=0.01s Real=0.01s
[1992.406s][info][gc,marking     ] GC(312) Concurrent Mark 914.802ms
[1992.406s][info][gc,marking     ] GC(312) Concurrent Rebuild Remembered Sets and Scrub Regions
[1992.635s][info][gc,marking     ] GC(312) Concurrent Rebuild Remembered Sets and Scrub Regions 228.022ms
[1992.635s][info][gc,start       ] GC(312) Pause Cleanup
[1992.635s][info][gc             ] GC(312) Pause Cleanup 1903M->1903M(4096M) 0.121ms
[1992.635s][info][gc,cpu         ] GC(312) User=0.00s Sys=0.00s Real=0.00s
[1992.635s][info][gc,marking     ] GC(312) Concurrent Clear Claimed Marks
[1992.635s][info][gc,marking     ] GC(312) Concurrent Clear Claimed Marks 0.032ms
[1992.635s][info][gc,marking     ] GC(312) Concurrent Cleanup for Next Mark
[1992.638s][info][gc,marking     ] GC(312) Concurrent Cleanup for Next Mark 3.264ms
[1992.638s][info][gc             ] GC(312) Concurrent Mark Cycle 1313.843ms
.....[1997.654s][info][gc,start       ] GC(313) Pause Young (Prepare Mixed) (G1 Evacuation Pause)
[1997.654s][info][gc,task        ] GC(313) Using 6 workers of 6 for evacuation
[1997.774s][info][gc,phases      ] GC(313)   Pre Evacuate Collection Set: 0.36ms
[1997.774s][info][gc,phases      ] GC(313)   Merge Heap Roots: 0.57ms
[1997.774s][info][gc,phases      ] GC(313)   Evacuate Collection Set: 117.90ms
[1997.774s][info][gc,phases      ] GC(313)   Post Evacuate Collection Set: 0.99ms
[1997.774s][info][gc,phases      ] GC(313)   Other: 0.09ms
[1997.774s][info][gc,heap        ] GC(313) Eden regions: 1120->0(1108)
[1997.774s][info][gc,heap        ] GC(313) Survivor regions: 108->111(154)
[1997.774s][info][gc,heap        ] GC(313) Old regions: 504->535
[1997.774s][info][gc,heap        ] GC(313) Humongous regions: 80->80
[1997.774s][info][gc,metaspace   ] GC(313) Metaspace: 28976K(29312K)->28976K(29312K) NonClass: 24091K(24192K)->24091K(24192K) Class: 4884K(5120K)->4884K(5120K)
[1997.774s][info][gc             ] GC(313) Pause Young (Prepare Mixed) (G1 Evacuation Pause) 3621M->1448M(4096M) 120.047ms
[1997.774s][info][gc,cpu         ] GC(313) User=0.70s Sys=0.01s Real=0.12s
...... (rIR:aIR:PR = 2906:2906:2906) (tPR = 43238) [OK] 
  2002s: Performance info:
         Transaction,    Success,    Partial,     Failed,   Receipts, AvgBarcode, 
             Overall,     174893,          0,          0,     166159,      59.46, 
         Response times:
             Request,    Success,    Partial,     Failed,   SkipFail,     Probes,    Samples,      min,      p50,      p90,      p95,      p99,      max, 
       TotalPurchase,     166159,          0,          0,          0,     162188,     176790,      300,     2500,     4000,     4700,    15309,   158000,
     InStorePurchase,      87451,          0,          0,          0,      85827,      93366,      300,     2500,     3900,     4700,    15500,   149000,
      OnlinePurchase,      61227,          0,          0,          0,      59618,      64984,      300,     2600,     4000,     4800,    16300,   158000,
        InstPurchase,      17481,          0,          0,          0,      16743,      18440,      400,     2100,     3800,     4500,    10600,   128000,
          AssocOfCat,        173,          0,          0,          0,        126,        183,    19200,    27000,    33000,    40600,   172200,   189000,
      AssocOfProduct,       1746,          0,          0,          0,       1556,       1840,      400,     1300,     2900,     3300,     5318,    33000,
      BusinessReport,        437,          0,          0,          0,        363,        485,    19300,    29000,    38400,    46700,   150540,   171000,
          CustBuyBeh,       1755,          0,          0,          0,       1583,       1878,      300,     2600,     4200,     5000,    19721,   136000,
       ProductReturn,       4625,          0,          0,          0,       4337,       4922,      300,     2000,     3300,     3800,     7962,    40000,

  2002s: (22%)   IR =   3044 .[2004.123s][info][gc,start       ] GC(314) Pause Young (Mixed) (G1 Evacuation Pause)
[2004.123s][info][gc,task        ] GC(314) Using 6 workers of 6 for evacuation
[2004.263s][info][gc,phases      ] GC(314)   Pre Evacuate Collection Set: 0.41ms
[2004.263s][info][gc,phases      ] GC(314)   Merge Heap Roots: 0.90ms
[2004.263s][info][gc,phases      ] GC(314)   Evacuate Collection Set: 137.95ms
[2004.263s][info][gc,phases      ] GC(314)   Post Evacuate Collection Set: 0.95ms
[2004.263s][info][gc,phases      ] GC(314)   Other: 0.09ms
[2004.263s][info][gc,heap        ] GC(314) Eden regions: 1108->0(1120)
[2004.263s][info][gc,heap        ] GC(314) Survivor regions: 111->108(153)
[2004.263s][info][gc,heap        ] GC(314) Old regions: 535->470
[2004.263s][info][gc,heap        ] GC(314) Humongous regions: 80->80
[2004.263s][info][gc,metaspace   ] GC(314) Metaspace: 28976K(29312K)->28976K(29312K) NonClass: 24091K(24192K)->24091K(24192K) Class: 4884K(5120K)->4884K(5120K)
[2004.263s][info][gc             ] GC(314) Pause Young (Mixed) (G1 Evacuation Pause) 3664M->1314M(4096M) 140.420ms
[2004.263s][info][gc,cpu         ] GC(314) User=0.83s Sys=0.00s Real=0.14s
......[2010.396s][info][gc,start       ] GC(315) Pause Young (Concurrent Start) (G1 Evacuation Pause)
[2010.397s][info][gc,task        ] GC(315) Using 6 workers of 6 for evacuation
[2010.515s][info][gc,phases      ] GC(315)   Pre Evacuate Collection Set: 0.38ms
[2010.515s][info][gc,phases      ] GC(315)   Merge Heap Roots: 0.48ms
[2010.515s][info][gc,phases      ] GC(315)   Evacuate Collection Set: 116.89ms
[2010.515s][info][gc,phases      ] GC(315)   Post Evacuate Collection Set: 0.95ms
[2010.515s][info][gc,phases      ] GC(315)   Other: 0.13ms
[2010.515s][info][gc,heap        ] GC(315) Eden regions: 1120->0(1119)
[2010.515s][info][gc,heap        ] GC(315) Survivor regions: 108->109(154)
[2010.515s][info][gc,heap        ] GC(315) Old regions: 470->502
[2010.515s][info][gc,heap        ] GC(315) Humongous regions: 80->80
[2010.515s][info][gc,metaspace   ] GC(315) Metaspace: 28976K(29312K)->28976K(29312K) NonClass: 24091K(24192K)->24091K(24192K) Class: 4884K(5120K)->4884K(5120K)
[2010.515s][info][gc             ] GC(315) Pause Young (Concurrent Start) (G1 Evacuation Pause) 3554M->1380M(4096M) 118.982ms
[2010.515s][info][gc             ] GC(316) Concurrent Mark Cycle
[2010.515s][info][gc,marking     ] GC(316) Concurrent Scan Root Regions
[2010.516s][info][gc,cpu         ] GC(315) User=0.70s Sys=0.00s Real=0.11s
[2010.648s][info][gc,marking     ] GC(316) Concurrent Scan Root Regions 132.386ms
[2010.648s][info][gc,marking     ] GC(316) Concurrent Mark
[2010.648s][info][gc,marking     ] GC(316) Concurrent Mark From Roots
[2010.648s][info][gc,task        ] GC(316) Using 2 workers of 2 for marking
.|[2011.232s][info][gc,marking     ] GC(316) Concurrent Mark From Roots 583.805ms
[2011.232s][info][gc,marking     ] GC(316) Concurrent Preclean
[2011.232s][info][gc,marking     ] GC(316) Concurrent Preclean 0.073ms
[2011.232s][info][gc,start       ] GC(316) Pause Remark
[2011.235s][info][gc             ] GC(316) Pause Remark 1690M->1690M(4096M) 3.099ms
[2011.235s][info][gc,cpu         ] GC(316) User=0.02s Sys=0.00s Real=0.00s
[2011.235s][info][gc,marking     ] GC(316) Concurrent Mark 587.231ms
[2011.235s][info][gc,marking     ] GC(316) Concurrent Rebuild Remembered Sets and Scrub Regions
[2011.456s][info][gc,marking     ] GC(316) Concurrent Rebuild Remembered Sets and Scrub Regions 220.326ms
[2011.456s][info][gc,start       ] GC(316) Pause Cleanup
[2011.456s][info][gc             ] GC(316) Pause Cleanup 1756M->1756M(4096M) 0.128ms
[2011.456s][info][gc,cpu         ] GC(316) User=0.00s Sys=0.00s Real=0.00s
[2011.456s][info][gc,marking     ] GC(316) Concurrent Clear Claimed Marks
[2011.456s][info][gc,marking     ] GC(316) Concurrent Clear Claimed Marks 0.030ms
[2011.456s][info][gc,marking     ] GC(316) Concurrent Cleanup for Next Mark
[2011.461s][info][gc,marking     ] GC(316) Concurrent Cleanup for Next Mark 4.709ms
[2011.461s][info][gc             ] GC(316) Concurrent Mark Cycle 945.218ms
.....[2016.579s][info][gc,start       ] GC(317) Pause Young (Prepare Mixed) (G1 Evacuation Pause)
[2016.579s][info][gc,task        ] GC(317) Using 6 workers of 6 for evacuation
[2016.701s][info][gc,phases      ] GC(317)   Pre Evacuate Collection Set: 0.34ms
[2016.701s][info][gc,phases      ] GC(317)   Merge Heap Roots: 0.52ms
[2016.701s][info][gc,phases      ] GC(317)   Evacuate Collection Set: 120.51ms
[2016.701s][info][gc,phases      ] GC(317)   Post Evacuate Collection Set: 1.02ms
[2016.701s][info][gc,phases      ] GC(317)   Other: 0.08ms
[2016.701s][info][gc,heap        ] GC(317) Eden regions: 1119->0(1105)
[2016.701s][info][gc,heap        ] GC(317) Survivor regions: 109->113(154)
[2016.701s][info][gc,heap        ] GC(317) Old regions: 502->534
[2016.701s][info][gc,heap        ] GC(317) Humongous regions: 80->80
[2016.701s][info][gc,metaspace   ] GC(317) Metaspace: 28976K(29312K)->28976K(29312K) NonClass: 24091K(24192K)->24091K(24192K) Class: 4884K(5120K)->4884K(5120K)
[2016.701s][info][gc             ] GC(317) Pause Young (Prepare Mixed) (G1 Evacuation Pause) 3618M->1450M(4096M) 122.611ms
[2016.701s][info][gc,cpu         ] GC(317) User=0.72s Sys=0.00s Real=0.12s
......[2022.770s][info][gc,start       ] GC(318) Pause Young (Mixed) (G1 Evacuation Pause)
[2022.770s][info][gc,task        ] GC(318) Using 6 workers of 6 for evacuation
[2022.913s][info][gc,phases      ] GC(318)   Pre Evacuate Collection Set: 0.37ms
[2022.913s][info][gc,phases      ] GC(318)   Merge Heap Roots: 0.74ms
[2022.913s][info][gc,phases      ] GC(318)   Evacuate Collection Set: 140.54ms
[2022.913s][info][gc,phases      ] GC(318)   Post Evacuate Collection Set: 0.97ms
[2022.913s][info][gc,phases      ] GC(318)   Other: 0.09ms
[2022.913s][info][gc,heap        ] GC(318) Eden regions: 1105->0(1115)
[2022.913s][info][gc,heap        ] GC(318) Survivor regions: 113->113(153)
[2022.913s][info][gc,heap        ] GC(318) Old regions: 534->469
[2022.913s][info][gc,heap        ] GC(318) Humongous regions: 80->80
[2022.913s][info][gc,metaspace   ] GC(318) Metaspace: 28976K(29312K)->28976K(29312K) NonClass: 24091K(24192K)->24091K(24192K) Class: 4884K(5120K)->4884K(5120K)
[2022.913s][info][gc             ] GC(318) Pause Young (Mixed) (G1 Evacuation Pause) 3660M->1321M(4096M) 142.843ms
[2022.913s][info][gc,cpu         ] GC(318) User=0.85s Sys=0.00s Real=0.14s
.......[2028.921s][info][gc,start       ] GC(319) Pause Young (Concurrent Start) (G1 Evacuation Pause)
[2028.921s][info][gc,task        ] GC(319) Using 6 workers of 6 for evacuation
[2029.036s][info][gc,phases      ] GC(319)   Pre Evacuate Collection Set: 0.40ms
[2029.036s][info][gc,phases      ] GC(319)   Merge Heap Roots: 0.51ms
[2029.036s][info][gc,phases      ] GC(319)   Evacuate Collection Set: 113.16ms
[2029.036s][info][gc,phases      ] GC(319)   Post Evacuate Collection Set: 0.90ms
[2029.036s][info][gc,phases      ] GC(319)   Other: 0.11ms
[2029.036s][info][gc,heap        ] GC(319) Eden regions: 1115->0(1121)
[2029.036s][info][gc,heap        ] GC(319) Survivor regions: 113->107(154)
[2029.036s][info][gc,heap        ] GC(319) Old regions: 469->500
[2029.036s][info][gc,heap        ] GC(319) Humongous regions: 80->80
[2029.036s][info][gc,metaspace   ] GC(319) Metaspace: 28976K(29312K)->28976K(29312K) NonClass: 24091K(24192K)->24091K(24192K) Class: 4884K(5120K)->4884K(5120K)
[2029.036s][info][gc             ] GC(319) Pause Young (Concurrent Start) (G1 Evacuation Pause) 3551M->1370M(4096M) 115.229ms
[2029.036s][info][gc             ] GC(320) Concurrent Mark Cycle
[2029.036s][info][gc,marking     ] GC(320) Concurrent Scan Root Regions
[2029.036s][info][gc,cpu         ] GC(319) User=0.68s Sys=0.00s Real=0.12s
[2029.154s][info][gc,marking     ] GC(320) Concurrent Scan Root Regions 117.381ms
[2029.154s][info][gc,marking     ] GC(320) Concurrent Mark
[2029.154s][info][gc,marking     ] GC(320) Concurrent Mark From Roots
[2029.154s][info][gc,task        ] GC(320) Using 2 workers of 2 for marking
[2029.714s][info][gc,marking     ] GC(320) Concurrent Mark From Roots 560.612ms
[2029.714s][info][gc,marking     ] GC(320) Concurrent Preclean
[2029.715s][info][gc,marking     ] GC(320) Concurrent Preclean 0.053ms
[2029.715s][info][gc,start       ] GC(320) Pause Remark
[2029.718s][info][gc             ] GC(320) Pause Remark 1642M->1642M(4096M) 3.377ms
[2029.718s][info][gc,cpu         ] GC(320) User=0.02s Sys=0.00s Real=0.01s
[2029.718s][info][gc,marking     ] GC(320) Concurrent Mark 564.290ms
[2029.718s][info][gc,marking     ] GC(320) Concurrent Rebuild Remembered Sets and Scrub Regions
.[2029.966s][info][gc,marking     ] GC(320) Concurrent Rebuild Remembered Sets and Scrub Regions 248.212ms
[2029.966s][info][gc,start       ] GC(320) Pause Cleanup
[2029.967s][info][gc             ] GC(320) Pause Cleanup 1745M->1745M(4096M) 0.121ms
[2029.967s][info][gc,cpu         ] GC(320) User=0.00s Sys=0.00s Real=0.00s
[2029.967s][info][gc,marking     ] GC(320) Concurrent Clear Claimed Marks
[2029.967s][info][gc,marking     ] GC(320) Concurrent Clear Claimed Marks 0.023ms
[2029.967s][info][gc,marking     ] GC(320) Concurrent Cleanup for Next Mark
[2029.970s][info][gc,marking     ] GC(320) Concurrent Cleanup for Next Mark 3.263ms
[2029.970s][info][gc             ] GC(320) Concurrent Mark Cycle 933.626ms
.....[2035.223s][info][gc,start       ] GC(321) Pause Young (Prepare Mixed) (G1 Evacuation Pause)
[2035.223s][info][gc,task        ] GC(321) Using 6 workers of 6 for evacuation
[2035.340s][info][gc,phases      ] GC(321)   Pre Evacuate Collection Set: 0.38ms
[2035.340s][info][gc,phases      ] GC(321)   Merge Heap Roots: 0.54ms
[2035.340s][info][gc,phases      ] GC(321)   Evacuate Collection Set: 114.96ms
[2035.340s][info][gc,phases      ] GC(321)   Post Evacuate Collection Set: 0.98ms
[2035.340s][info][gc,phases      ] GC(321)   Other: 0.09ms
[2035.340s][info][gc,heap        ] GC(321) Eden regions: 1121->0(1118)
[2035.340s][info][gc,heap        ] GC(321) Survivor regions: 107->108(154)
[2035.340s][info][gc,heap        ] GC(321) Old regions: 500->531
[2035.340s][info][gc,heap        ] GC(321) Humongous regions: 80->80
[2035.340s][info][gc,metaspace   ] GC(321) Metaspace: 28976K(29312K)->28976K(29312K) NonClass: 24091K(24192K)->24091K(24192K) Class: 4884K(5120K)->4884K(5120K)
[2035.340s][info][gc             ] GC(321) Pause Young (Prepare Mixed) (G1 Evacuation Pause) 3612M->1436M(4096M) 117.075ms
[2035.340s][info][gc,cpu         ] GC(321) User=0.69s Sys=0.00s Real=0.12s
......[2041.346s][info][gc,start       ] GC(322) Pause Young (Mixed) (G1 Evacuation Pause)
[2041.346s][info][gc,task        ] GC(322) Using 6 workers of 6 for evacuation
[2041.481s][info][gc,phases      ] GC(322)   Pre Evacuate Collection Set: 0.42ms
[2041.481s][info][gc,phases      ] GC(322)   Merge Heap Roots: 0.72ms
[2041.481s][info][gc,phases      ] GC(322)   Evacuate Collection Set: 132.84ms
[2041.481s][info][gc,phases      ] GC(322)   Post Evacuate Collection Set: 0.97ms
[2041.481s][info][gc,phases      ] GC(322)   Other: 0.10ms
[2041.481s][info][gc,heap        ] GC(322) Eden regions: 1118->0(1118)
[2041.481s][info][gc,heap        ] GC(322) Survivor regions: 108->110(154)
[2041.481s][info][gc,heap        ] GC(322) Old regions: 531->469
[2041.481s][info][gc,heap        ] GC(322) Humongous regions: 80->80
[2041.481s][info][gc,metaspace   ] GC(322) Metaspace: 28976K(29312K)->28976K(29312K) NonClass: 24091K(24192K)->24091K(24192K) Class: 4884K(5120K)->4884K(5120K)
[2041.481s][info][gc             ] GC(322) Pause Young (Mixed) (G1 Evacuation Pause) 3672M->1315M(4096M) 135.187ms
[2041.481s][info][gc,cpu         ] GC(322) User=0.80s Sys=0.00s Real=0.13s
......[2047.613s][info][gc,start       ] GC(323) Pause Young (Concurrent Start) (G1 Evacuation Pause)
[2047.613s][info][gc,task        ] GC(323) Using 6 workers of 6 for evacuation
[2047.731s][info][gc,phases      ] GC(323)   Pre Evacuate Collection Set: 0.40ms
[2047.731s][info][gc,phases      ] GC(323)   Merge Heap Roots: 0.50ms
[2047.731s][info][gc,phases      ] GC(323)   Evacuate Collection Set: 116.06ms
[2047.731s][info][gc,phases      ] GC(323)   Post Evacuate Collection Set: 0.90ms
[2047.731s][info][gc,phases      ] GC(323)   Other: 0.11ms
[2047.731s][info][gc,heap        ] GC(323) Eden regions: 1118->0(1119)
[2047.731s][info][gc,heap        ] GC(323) Survivor regions: 110->109(154)
[2047.731s][info][gc,heap        ] GC(323) Old regions: 469->501
[2047.731s][info][gc,heap        ] GC(323) Humongous regions: 80->80
[2047.731s][info][gc,metaspace   ] GC(323) Metaspace: 28976K(29312K)->28976K(29312K) NonClass: 24091K(24192K)->24091K(24192K) Class: 4884K(5120K)->4884K(5120K)
[2047.731s][info][gc             ] GC(323) Pause Young (Concurrent Start) (G1 Evacuation Pause) 3551M->1377M(4096M) 118.119ms
[2047.731s][info][gc             ] GC(324) Concurrent Mark Cycle
[2047.731s][info][gc,marking     ] GC(324) Concurrent Scan Root Regions
[2047.731s][info][gc,cpu         ] GC(323) User=0.70s Sys=0.00s Real=0.12s
[2047.854s][info][gc,marking     ] GC(324) Concurrent Scan Root Regions 122.537ms
[2047.854s][info][gc,marking     ] GC(324) Concurrent Mark
[2047.854s][info][gc,marking     ] GC(324) Concurrent Mark From Roots
[2047.854s][info][gc,task        ] GC(324) Using 2 workers of 2 for marking
.[2048.418s][info][gc,marking     ] GC(324) Concurrent Mark From Roots 564.197ms
[2048.418s][info][gc,marking     ] GC(324) Concurrent Preclean
[2048.418s][info][gc,marking     ] GC(324) Concurrent Preclean 0.080ms
[2048.419s][info][gc,start       ] GC(324) Pause Remark
[2048.422s][info][gc             ] GC(324) Pause Remark 1663M->1663M(4096M) 3.352ms
[2048.422s][info][gc,cpu         ] GC(324) User=0.01s Sys=0.01s Real=0.00s
[2048.423s][info][gc,marking     ] GC(324) Concurrent Mark 568.635ms
[2048.423s][info][gc,marking     ] GC(324) Concurrent Rebuild Remembered Sets and Scrub Regions
[2048.642s][info][gc,marking     ] GC(324) Concurrent Rebuild Remembered Sets and Scrub Regions 219.587ms
[2048.642s][info][gc,start       ] GC(324) Pause Cleanup
[2048.643s][info][gc             ] GC(324) Pause Cleanup 1739M->1739M(4096M) 0.123ms
[2048.643s][info][gc,cpu         ] GC(324) User=0.00s Sys=0.00s Real=0.00s
[2048.643s][info][gc,marking     ] GC(324) Concurrent Clear Claimed Marks
[2048.643s][info][gc,marking     ] GC(324) Concurrent Clear Claimed Marks 0.038ms
[2048.643s][info][gc,marking     ] GC(324) Concurrent Cleanup for Next Mark
[2048.647s][info][gc,marking     ] GC(324) Concurrent Cleanup for Next Mark 3.982ms
[2048.647s][info][gc             ] GC(324) Concurrent Mark Cycle 915.931ms
.....[2053.881s][info][gc,start       ] GC(325) Pause Young (Prepare Mixed) (G1 Evacuation Pause)
[2053.881s][info][gc,task        ] GC(325) Using 6 workers of 6 for evacuation
[2053.997s][info][gc,phases      ] GC(325)   Pre Evacuate Collection Set: 0.37ms
[2053.997s][info][gc,phases      ] GC(325)   Merge Heap Roots: 0.54ms
[2053.997s][info][gc,phases      ] GC(325)   Evacuate Collection Set: 114.56ms
[2053.997s][info][gc,phases      ] GC(325)   Post Evacuate Collection Set: 0.96ms
[2053.997s][info][gc,phases      ] GC(325)   Other: 0.09ms
[2053.997s][info][gc,heap        ] GC(325) Eden regions: 1119->0(1114)
[2053.997s][info][gc,heap        ] GC(325) Survivor regions: 109->109(154)
[2053.997s][info][gc,heap        ] GC(325) Old regions: 501->533
[2053.997s][info][gc,heap        ] GC(325) Humongous regions: 80->80
[2053.997s][info][gc,metaspace   ] GC(325) Metaspace: 28976K(29312K)->28976K(29312K) NonClass: 24091K(24192K)->24091K(24192K) Class: 4884K(5120K)->4884K(5120K)
[2053.997s][info][gc             ] GC(325) Pause Young (Prepare Mixed) (G1 Evacuation Pause) 3615M->1441M(4096M) 116.654ms
[2053.997s][info][gc,cpu         ] GC(325) User=0.69s Sys=0.00s Real=0.12s
......[2059.964s][info][gc,start       ] GC(326) Pause Young (Mixed) (G1 Evacuation Pause)
[2059.964s][info][gc,task        ] GC(326) Using 6 workers of 6 for evacuation
[2060.097s][info][gc,phases      ] GC(326)   Pre Evacuate Collection Set: 0.40ms
[2060.097s][info][gc,phases      ] GC(326)   Merge Heap Roots: 0.69ms
[2060.097s][info][gc,phases      ] GC(326)   Evacuate Collection Set: 130.72ms
[2060.097s][info][gc,phases      ] GC(326)   Post Evacuate Collection Set: 0.96ms
[2060.097s][info][gc,phases      ] GC(326)   Other: 0.09ms
[2060.097s][info][gc,heap        ] GC(326) Eden regions: 1114->0(1120)
[2060.097s][info][gc,heap        ] GC(326) Survivor regions: 109->108(153)
[2060.097s][info][gc,heap        ] GC(326) Old regions: 533->470
[2060.097s][info][gc,heap        ] GC(326) Humongous regions: 80->80
[2060.097s][info][gc,metaspace   ] GC(326) Metaspace: 28976K(29312K)->28976K(29312K) NonClass: 24091K(24192K)->24091K(24192K) Class: 4884K(5120K)->4884K(5120K)
[2060.097s][info][gc             ] GC(326) Pause Young (Mixed) (G1 Evacuation Pause) 3669M->1312M(4096M) 132.998ms
[2060.097s][info][gc,cpu         ] GC(326) User=0.78s Sys=0.00s Real=0.14s
.......[2066.276s][info][gc,start       ] GC(327) Pause Young (Concurrent Start) (G1 Evacuation Pause)
[2066.276s][info][gc,task        ] GC(327) Using 6 workers of 6 for evacuation
[2066.395s][info][gc,phases      ] GC(327)   Pre Evacuate Collection Set: 0.40ms
[2066.395s][info][gc,phases      ] GC(327)   Merge Heap Roots: 0.52ms
[2066.395s][info][gc,phases      ] GC(327)   Evacuate Collection Set: 116.48ms
[2066.395s][info][gc,phases      ] GC(327)   Post Evacuate Collection Set: 0.90ms
[2066.395s][info][gc,phases      ] GC(327)   Other: 0.67ms
[2066.395s][info][gc,heap        ] GC(327) Eden regions: 1120->0(1119)
[2066.395s][info][gc,heap        ] GC(327) Survivor regions: 108->109(154)
[2066.395s][info][gc,heap        ] GC(327) Old regions: 470->502
[2066.395s][info][gc,heap        ] GC(327) Humongous regions: 80->80
[2066.395s][info][gc,metaspace   ] GC(327) Metaspace: 28976K(29312K)->28976K(29312K) NonClass: 24091K(24192K)->24091K(24192K) Class: 4884K(5120K)->4884K(5120K)
[2066.395s][info][gc             ] GC(327) Pause Young (Concurrent Start) (G1 Evacuation Pause) 3552M->1379M(4096M) 119.107ms
[2066.395s][info][gc             ] GC(328) Concurrent Mark Cycle
[2066.395s][info][gc,marking     ] GC(328) Concurrent Scan Root Regions
[2066.395s][info][gc,cpu         ] GC(327) User=0.70s Sys=0.00s Real=0.11s
[2066.504s][info][gc,marking     ] GC(328) Concurrent Scan Root Regions 108.924ms
[2066.504s][info][gc,marking     ] GC(328) Concurrent Mark
[2066.504s][info][gc,marking     ] GC(328) Concurrent Mark From Roots
[2066.504s][info][gc,task        ] GC(328) Using 2 workers of 2 for marking
[2067.019s][info][gc,marking     ] GC(328) Concurrent Mark From Roots 514.708ms
[2067.019s][info][gc,marking     ] GC(328) Concurrent Preclean
[2067.019s][info][gc,marking     ] GC(328) Concurrent Preclean 0.058ms
[2067.019s][info][gc,start       ] GC(328) Pause Remark
[2067.022s][info][gc             ] GC(328) Pause Remark 1626M->1626M(4096M) 2.981ms
[2067.022s][info][gc,cpu         ] GC(328) User=0.02s Sys=0.00s Real=0.00s
[2067.023s][info][gc,marking     ] GC(328) Concurrent Mark 518.602ms
[2067.023s][info][gc,marking     ] GC(328) Concurrent Rebuild Remembered Sets and Scrub Regions
.[2067.253s][info][gc,marking     ] GC(328) Concurrent Rebuild Remembered Sets and Scrub Regions 230.019ms
[2067.253s][info][gc,start       ] GC(328) Pause Cleanup
[2067.253s][info][gc             ] GC(328) Pause Cleanup 1711M->1711M(4096M) 0.118ms
[2067.253s][info][gc,cpu         ] GC(328) User=0.00s Sys=0.00s Real=0.00s
[2067.253s][info][gc,marking     ] GC(328) Concurrent Clear Claimed Marks
[2067.253s][info][gc,marking     ] GC(328) Concurrent Clear Claimed Marks 0.028ms
[2067.253s][info][gc,marking     ] GC(328) Concurrent Cleanup for Next Mark
[2067.257s][info][gc,marking     ] GC(328) Concurrent Cleanup for Next Mark 4.193ms
[2067.257s][info][gc             ] GC(328) Concurrent Mark Cycle 862.349ms
.... (rIR:aIR:PR = 3044:3043:3043) (tPR = 45499) [OK] 
  2070s: Performance info:
         Transaction,    Success,    Partial,     Failed,   Receipts, AvgBarcode, 
             Overall,     183445,          0,          0,     174286,      59.47, 
         Response times:
             Request,    Success,    Partial,     Failed,   SkipFail,     Probes,    Samples,      min,      p50,      p90,      p95,      p99,      max, 
       TotalPurchase,     174286,          0,          0,          0,     170841,     194775,      300,     2600,     4100,     5200,    26000,   157000,
     InStorePurchase,      91685,          0,          0,          0,      90059,     102410,      300,     2600,     4100,     5200,    26000,   157000,
      OnlinePurchase,      64246,          0,          0,          0,      63042,      71912,      300,     2500,     4100,     5100,    26000,   157000,
        InstPurchase,      18355,          0,          0,          0,      17740,      20453,      400,     2700,     4200,     5200,    24000,   148000,
          AssocOfCat,        183,          0,          0,          0,        129,        188,    18700,    27000,    34000,    38550,   112930,   169000,
      AssocOfProduct,       1841,          0,          0,          0,       1673,       1998,      600,     3100,     4300,     5600,    34000,   121000,
      BusinessReport,        457,          0,          0,          0,        348,        482,    19700,    29000,    39000,    49000,   162000,   182000,
          CustBuyBeh,       1830,          0,          0,          0,       1663,       2097,      200,     1000,     3200,     4000,    21000,   138000,
       ProductReturn,       4847,          0,          0,          0,       4607,       5543,      300,     2700,     4200,     5400,    29000,   157000,

  2070s: (23%)   IR =   3183 .[2072.497s][info][gc,start       ] GC(329) Pause Young (Prepare Mixed) (G1 Evacuation Pause)
[2072.497s][info][gc,task        ] GC(329) Using 6 workers of 6 for evacuation
[2072.614s][info][gc,phases      ] GC(329)   Pre Evacuate Collection Set: 0.38ms
[2072.614s][info][gc,phases      ] GC(329)   Merge Heap Roots: 0.53ms
[2072.614s][info][gc,phases      ] GC(329)   Evacuate Collection Set: 115.51ms
[2072.614s][info][gc,phases      ] GC(329)   Post Evacuate Collection Set: 1.02ms
[2072.614s][info][gc,phases      ] GC(329)   Other: 0.08ms
[2072.614s][info][gc,heap        ] GC(329) Eden regions: 1119->0(1112)
[2072.614s][info][gc,heap        ] GC(329) Survivor regions: 109->110(154)
[2072.614s][info][gc,heap        ] GC(329) Old regions: 502->533
[2072.614s][info][gc,heap        ] GC(329) Humongous regions: 80->80
[2072.614s][info][gc,metaspace   ] GC(329) Metaspace: 28977K(29312K)->28977K(29312K) NonClass: 24093K(24192K)->24093K(24192K) Class: 4884K(5120K)->4884K(5120K)
[2072.614s][info][gc             ] GC(329) Pause Young (Prepare Mixed) (G1 Evacuation Pause) 3617M->1443M(4096M) 117.655ms
[2072.614s][info][gc,cpu         ] GC(329) User=0.69s Sys=0.00s Real=0.11s
.....|.[2078.380s][info][gc,start       ] GC(330) Pause Young (Mixed) (G1 Evacuation Pause)
[2078.380s][info][gc,task        ] GC(330) Using 6 workers of 6 for evacuation
[2078.521s][info][gc,phases      ] GC(330)   Pre Evacuate Collection Set: 0.39ms
[2078.521s][info][gc,phases      ] GC(330)   Merge Heap Roots: 0.90ms
[2078.521s][info][gc,phases      ] GC(330)   Evacuate Collection Set: 138.12ms
[2078.521s][info][gc,phases      ] GC(330)   Post Evacuate Collection Set: 1.00ms
[2078.521s][info][gc,phases      ] GC(330)   Other: 0.09ms
[2078.521s][info][gc,heap        ] GC(330) Eden regions: 1112->0(1120)
[2078.521s][info][gc,heap        ] GC(330) Survivor regions: 110->108(153)
[2078.521s][info][gc,heap        ] GC(330) Old regions: 533->470
[2078.521s][info][gc,heap        ] GC(330) Humongous regions: 80->80
[2078.521s][info][gc,metaspace   ] GC(330) Metaspace: 28977K(29312K)->28977K(29312K) NonClass: 24093K(24192K)->24093K(24192K) Class: 4884K(5120K)->4884K(5120K)
[2078.521s][info][gc             ] GC(330) Pause Young (Mixed) (G1 Evacuation Pause) 3667M->1313M(4096M) 140.650ms
[2078.521s][info][gc,cpu         ] GC(330) User=0.83s Sys=0.00s Real=0.14s
......[2084.332s][info][gc,start       ] GC(331) Pause Young (Concurrent Start) (G1 Evacuation Pause)
[2084.332s][info][gc,task        ] GC(331) Using 6 workers of 6 for evacuation
[2084.450s][info][gc,phases      ] GC(331)   Pre Evacuate Collection Set: 0.40ms
[2084.450s][info][gc,phases      ] GC(331)   Merge Heap Roots: 0.55ms
[2084.450s][info][gc,phases      ] GC(331)   Evacuate Collection Set: 115.45ms
[2084.450s][info][gc,phases      ] GC(331)   Post Evacuate Collection Set: 0.91ms
[2084.450s][info][gc,phases      ] GC(331)   Other: 0.12ms
[2084.450s][info][gc,heap        ] GC(331) Eden regions: 1120->0(1119)
[2084.450s][info][gc,heap        ] GC(331) Survivor regions: 108->109(154)
[2084.450s][info][gc,heap        ] GC(331) Old regions: 470->502
[2084.450s][info][gc,heap        ] GC(331) Humongous regions: 80->80
[2084.450s][info][gc,metaspace   ] GC(331) Metaspace: 28977K(29312K)->28977K(29312K) NonClass: 24093K(24192K)->24093K(24192K) Class: 4884K(5120K)->4884K(5120K)
[2084.450s][info][gc             ] GC(331) Pause Young (Concurrent Start) (G1 Evacuation Pause) 3553M->1378M(4096M) 117.566ms
[2084.450s][info][gc             ] GC(332) Concurrent Mark Cycle
[2084.450s][info][gc,marking     ] GC(332) Concurrent Scan Root Regions
[2084.450s][info][gc,cpu         ] GC(331) User=0.70s Sys=0.00s Real=0.12s
[2084.605s][info][gc,marking     ] GC(332) Concurrent Scan Root Regions 155.511ms
[2084.605s][info][gc,marking     ] GC(332) Concurrent Mark
[2084.605s][info][gc,marking     ] GC(332) Concurrent Mark From Roots
[2084.605s][info][gc,task        ] GC(332) Using 2 workers of 2 for marking
.[2085.232s][info][gc,marking     ] GC(332) Concurrent Mark From Roots 626.980ms
[2085.232s][info][gc,marking     ] GC(332) Concurrent Preclean
[2085.232s][info][gc,marking     ] GC(332) Concurrent Preclean 0.069ms
[2085.232s][info][gc,start       ] GC(332) Pause Remark
[2085.236s][info][gc             ] GC(332) Pause Remark 1716M->1716M(4096M) 3.131ms
[2085.236s][info][gc,cpu         ] GC(332) User=0.02s Sys=0.00s Real=0.00s
[2085.236s][info][gc,marking     ] GC(332) Concurrent Mark 630.433ms
[2085.236s][info][gc,marking     ] GC(332) Concurrent Rebuild Remembered Sets and Scrub Regions
[2085.477s][info][gc,marking     ] GC(332) Concurrent Rebuild Remembered Sets and Scrub Regions 241.663ms
[2085.478s][info][gc,start       ] GC(332) Pause Cleanup
[2085.478s][info][gc             ] GC(332) Pause Cleanup 1819M->1819M(4096M) 0.122ms
[2085.478s][info][gc,cpu         ] GC(332) User=0.00s Sys=0.00s Real=0.00s
[2085.478s][info][gc,marking     ] GC(332) Concurrent Clear Claimed Marks
[2085.478s][info][gc,marking     ] GC(332) Concurrent Clear Claimed Marks 0.033ms
[2085.478s][info][gc,marking     ] GC(332) Concurrent Cleanup for Next Mark
[2085.483s][info][gc,marking     ] GC(332) Concurrent Cleanup for Next Mark 5.219ms
[2085.483s][info][gc             ] GC(332) Concurrent Mark Cycle 1033.557ms
.....[2090.340s][info][gc,start       ] GC(333) Pause Young (Prepare Mixed) (G1 Evacuation Pause)
[2090.340s][info][gc,task        ] GC(333) Using 6 workers of 6 for evacuation
[2090.456s][info][gc,phases      ] GC(333)   Pre Evacuate Collection Set: 0.36ms
[2090.456s][info][gc,phases      ] GC(333)   Merge Heap Roots: 0.51ms
[2090.456s][info][gc,phases      ] GC(333)   Evacuate Collection Set: 114.76ms
[2090.456s][info][gc,phases      ] GC(333)   Post Evacuate Collection Set: 0.96ms
[2090.456s][info][gc,phases      ] GC(333)   Other: 0.08ms
[2090.456s][info][gc,heap        ] GC(333) Eden regions: 1119->0(1114)
[2090.456s][info][gc,heap        ] GC(333) Survivor regions: 109->109(154)
[2090.456s][info][gc,heap        ] GC(333) Old regions: 502->533
[2090.456s][info][gc,heap        ] GC(333) Humongous regions: 80->80
[2090.456s][info][gc,metaspace   ] GC(333) Metaspace: 28977K(29312K)->28977K(29312K) NonClass: 24093K(24192K)->24093K(24192K) Class: 4884K(5120K)->4884K(5120K)
[2090.456s][info][gc             ] GC(333) Pause Young (Prepare Mixed) (G1 Evacuation Pause) 3616M->1441M(4096M) 116.803ms
[2090.456s][info][gc,cpu         ] GC(333) User=0.69s Sys=0.00s Real=0.12s
......[2096.227s][info][gc,start       ] GC(334) Pause Young (Mixed) (G1 Evacuation Pause)
[2096.227s][info][gc,task        ] GC(334) Using 6 workers of 6 for evacuation
[2096.361s][info][gc,phases      ] GC(334)   Pre Evacuate Collection Set: 0.39ms
[2096.361s][info][gc,phases      ] GC(334)   Merge Heap Roots: 0.68ms
[2096.361s][info][gc,phases      ] GC(334)   Evacuate Collection Set: 131.13ms
[2096.361s][info][gc,phases      ] GC(334)   Post Evacuate Collection Set: 0.95ms
[2096.361s][info][gc,phases      ] GC(334)   Other: 0.09ms
[2096.361s][info][gc,heap        ] GC(334) Eden regions: 1114->0(1120)
[2096.361s][info][gc,heap        ] GC(334) Survivor regions: 109->108(153)
[2096.361s][info][gc,heap        ] GC(334) Old regions: 533->470
[2096.361s][info][gc,heap        ] GC(334) Humongous regions: 80->80
[2096.361s][info][gc,metaspace   ] GC(334) Metaspace: 28977K(29312K)->28977K(29312K) NonClass: 24093K(24192K)->24093K(24192K) Class: 4884K(5120K)->4884K(5120K)
[2096.361s][info][gc             ] GC(334) Pause Young (Mixed) (G1 Evacuation Pause) 3669M->1312M(4096M) 133.359ms
[2096.361s][info][gc,cpu         ] GC(334) User=0.79s Sys=0.00s Real=0.13s
......[2102.172s][info][gc,start       ] GC(335) Pause Young (Concurrent Start) (G1 Evacuation Pause)
[2102.172s][info][gc,task        ] GC(335) Using 6 workers of 6 for evacuation
[2102.289s][info][gc,phases      ] GC(335)   Pre Evacuate Collection Set: 0.35ms
[2102.289s][info][gc,phases      ] GC(335)   Merge Heap Roots: 0.54ms
[2102.289s][info][gc,phases      ] GC(335)   Evacuate Collection Set: 115.73ms
[2102.289s][info][gc,phases      ] GC(335)   Post Evacuate Collection Set: 0.90ms
[2102.289s][info][gc,phases      ] GC(335)   Other: 0.10ms
[2102.289s][info][gc,heap        ] GC(335) Eden regions: 1120->0(1119)
[2102.289s][info][gc,heap        ] GC(335) Survivor regions: 108->109(154)
[2102.289s][info][gc,heap        ] GC(335) Old regions: 470->502
[2102.289s][info][gc,heap        ] GC(335) Humongous regions: 80->80
[2102.289s][info][gc,metaspace   ] GC(335) Metaspace: 28977K(29312K)->28977K(29312K) NonClass: 24093K(24192K)->24093K(24192K) Class: 4884K(5120K)->4884K(5120K)
[2102.289s][info][gc             ] GC(335) Pause Young (Concurrent Start) (G1 Evacuation Pause) 3552M->1378M(4096M) 117.777ms
[2102.289s][info][gc             ] GC(336) Concurrent Mark Cycle
[2102.289s][info][gc,marking     ] GC(336) Concurrent Scan Root Regions
[2102.289s][info][gc,cpu         ] GC(335) User=0.70s Sys=0.00s Real=0.12s
[2102.444s][info][gc,marking     ] GC(336) Concurrent Scan Root Regions 154.307ms
[2102.444s][info][gc,marking     ] GC(336) Concurrent Mark
[2102.444s][info][gc,marking     ] GC(336) Concurrent Mark From Roots
[2102.444s][info][gc,task        ] GC(336) Using 2 workers of 2 for marking
[2103.078s][info][gc,marking     ] GC(336) Concurrent Mark From Roots 634.568ms
[2103.078s][info][gc,marking     ] GC(336) Concurrent Preclean
[2103.079s][info][gc,marking     ] GC(336) Concurrent Preclean 0.071ms
[2103.079s][info][gc,start       ] GC(336) Pause Remark
[2103.082s][info][gc             ] GC(336) Pause Remark 1720M->1720M(4096M) 3.618ms
[2103.082s][info][gc,cpu         ] GC(336) User=0.02s Sys=0.00s Real=0.00s
[2103.082s][info][gc,marking     ] GC(336) Concurrent Mark 638.542ms
[2103.082s][info][gc,marking     ] GC(336) Concurrent Rebuild Remembered Sets and Scrub Regions
.[2103.324s][info][gc,marking     ] GC(336) Concurrent Rebuild Remembered Sets and Scrub Regions 242.013ms
[2103.325s][info][gc,start       ] GC(336) Pause Cleanup
[2103.325s][info][gc             ] GC(336) Pause Cleanup 1808M->1808M(4096M) 0.115ms
[2103.325s][info][gc,cpu         ] GC(336) User=0.00s Sys=0.00s Real=0.00s
[2103.325s][info][gc,marking     ] GC(336) Concurrent Clear Claimed Marks
[2103.325s][info][gc,marking     ] GC(336) Concurrent Clear Claimed Marks 0.026ms
[2103.325s][info][gc,marking     ] GC(336) Concurrent Cleanup for Next Mark
[2103.328s][info][gc,marking     ] GC(336) Concurrent Cleanup for Next Mark 3.407ms
[2103.328s][info][gc             ] GC(336) Concurrent Mark Cycle 1038.726ms
....[2108.078s][info][gc,start       ] GC(337) Pause Young (Prepare Mixed) (G1 Evacuation Pause)
[2108.078s][info][gc,task        ] GC(337) Using 6 workers of 6 for evacuation
[2108.197s][info][gc,phases      ] GC(337)   Pre Evacuate Collection Set: 0.35ms
[2108.197s][info][gc,phases      ] GC(337)   Merge Heap Roots: 0.57ms
[2108.197s][info][gc,phases      ] GC(337)   Evacuate Collection Set: 117.59ms
[2108.197s][info][gc,phases      ] GC(337)   Post Evacuate Collection Set: 0.96ms
[2108.197s][info][gc,phases      ] GC(337)   Other: 0.10ms
[2108.197s][info][gc,heap        ] GC(337) Eden regions: 1119->0(1112)
[2108.197s][info][gc,heap        ] GC(337) Survivor regions: 109->110(154)
[2108.197s][info][gc,heap        ] GC(337) Old regions: 502->533
[2108.198s][info][gc,heap        ] GC(337) Humongous regions: 80->80
[2108.198s][info][gc,metaspace   ] GC(337) Metaspace: 28977K(29312K)->28977K(29312K) NonClass: 24093K(24192K)->24093K(24192K) Class: 4884K(5120K)->4884K(5120K)
[2108.198s][info][gc             ] GC(337) Pause Young (Prepare Mixed) (G1 Evacuation Pause) 3616M->1443M(4096M) 119.700ms
[2108.198s][info][gc,cpu         ] GC(337) User=0.70s Sys=0.00s Real=0.12s
......[2114.025s][info][gc,start       ] GC(338) Pause Young (Mixed) (G1 Evacuation Pause)
[2114.025s][info][gc,task        ] GC(338) Using 6 workers of 6 for evacuation
[2114.164s][info][gc,phases      ] GC(338)   Pre Evacuate Collection Set: 0.44ms
[2114.164s][info][gc,phases      ] GC(338)   Merge Heap Roots: 0.81ms
[2114.164s][info][gc,phases      ] GC(338)   Evacuate Collection Set: 136.21ms
[2114.164s][info][gc,phases      ] GC(338)   Post Evacuate Collection Set: 0.97ms
[2114.164s][info][gc,phases      ] GC(338)   Other: 0.09ms
[2114.164s][info][gc,heap        ] GC(338) Eden regions: 1112->0(1120)
[2114.164s][info][gc,heap        ] GC(338) Survivor regions: 110->108(153)
[2114.164s][info][gc,heap        ] GC(338) Old regions: 533->469
[2114.164s][info][gc,heap        ] GC(338) Humongous regions: 80->80
[2114.164s][info][gc,metaspace   ] GC(338) Metaspace: 28977K(29312K)->28977K(29312K) NonClass: 24093K(24192K)->24093K(24192K) Class: 4884K(5120K)->4884K(5120K)
[2114.164s][info][gc             ] GC(338) Pause Young (Mixed) (G1 Evacuation Pause) 3667M->1311M(4096M) 138.672ms
[2114.164s][info][gc,cpu         ] GC(338) User=0.83s Sys=0.00s Real=0.14s
......[2120.005s][info][gc,start       ] GC(339) Pause Young (Concurrent Start) (G1 Evacuation Pause)
[2120.005s][info][gc,task        ] GC(339) Using 6 workers of 6 for evacuation
[2120.124s][info][gc,phases      ] GC(339)   Pre Evacuate Collection Set: 0.40ms
[2120.124s][info][gc,phases      ] GC(339)   Merge Heap Roots: 0.51ms
[2120.124s][info][gc,phases      ] GC(339)   Evacuate Collection Set: 116.33ms
[2120.124s][info][gc,phases      ] GC(339)   Post Evacuate Collection Set: 0.90ms
[2120.124s][info][gc,phases      ] GC(339)   Other: 0.12ms
[2120.124s][info][gc,heap        ] GC(339) Eden regions: 1120->0(1117)
[2120.124s][info][gc,heap        ] GC(339) Survivor regions: 108->111(154)
[2120.124s][info][gc,heap        ] GC(339) Old regions: 469->501
[2120.124s][info][gc,heap        ] GC(339) Humongous regions: 80->80
[2120.124s][info][gc,metaspace   ] GC(339) Metaspace: 28977K(29312K)->28977K(29312K) NonClass: 24093K(24192K)->24093K(24192K) Class: 4884K(5120K)->4884K(5120K)
[2120.124s][info][gc             ] GC(339) Pause Young (Concurrent Start) (G1 Evacuation Pause) 3551M->1380M(4096M) 118.382ms
[2120.124s][info][gc             ] GC(340) Concurrent Mark Cycle
[2120.124s][info][gc,marking     ] GC(340) Concurrent Scan Root Regions
[2120.124s][info][gc,cpu         ] GC(339) User=0.70s Sys=0.00s Real=0.12s
.[2120.275s][info][gc,marking     ] GC(340) Concurrent Scan Root Regions 150.775ms
[2120.275s][info][gc,marking     ] GC(340) Concurrent Mark
[2120.275s][info][gc,marking     ] GC(340) Concurrent Mark From Roots
[2120.275s][info][gc,task        ] GC(340) Using 2 workers of 2 for marking
[2120.950s][info][gc,marking     ] GC(340) Concurrent Mark From Roots 675.033ms
[2120.950s][info][gc,marking     ] GC(340) Concurrent Preclean
[2120.950s][info][gc,marking     ] GC(340) Concurrent Preclean 0.053ms
[2120.950s][info][gc,start       ] GC(340) Pause Remark
[2120.953s][info][gc             ] GC(340) Pause Remark 1762M->1762M(4096M) 3.205ms
[2120.953s][info][gc,cpu         ] GC(340) User=0.02s Sys=0.00s Real=0.00s
[2120.953s][info][gc,marking     ] GC(340) Concurrent Mark 678.524ms
[2120.953s][info][gc,marking     ] GC(340) Concurrent Rebuild Remembered Sets and Scrub Regions
[2121.200s][info][gc,marking     ] GC(340) Concurrent Rebuild Remembered Sets and Scrub Regions 246.381ms
[2121.200s][info][gc,start       ] GC(340) Pause Cleanup
[2121.200s][info][gc             ] GC(340) Pause Cleanup 1852M->1852M(4096M) 0.130ms
[2121.200s][info][gc,cpu         ] GC(340) User=0.00s Sys=0.00s Real=0.00s
[2121.200s][info][gc,marking     ] GC(340) Concurrent Clear Claimed Marks
[2121.200s][info][gc,marking     ] GC(340) Concurrent Clear Claimed Marks 0.028ms
[2121.200s][info][gc,marking     ] GC(340) Concurrent Cleanup for Next Mark
[2121.204s][info][gc,marking     ] GC(340) Concurrent Cleanup for Next Mark 3.853ms
[2121.204s][info][gc             ] GC(340) Concurrent Mark Cycle 1080.223ms
.....[2125.877s][info][gc,start       ] GC(341) Pause Young (Prepare Mixed) (G1 Evacuation Pause)
[2125.877s][info][gc,task        ] GC(341) Using 6 workers of 6 for evacuation
[2125.993s][info][gc,phases      ] GC(341)   Pre Evacuate Collection Set: 0.37ms
[2125.993s][info][gc,phases      ] GC(341)   Merge Heap Roots: 0.53ms
[2125.993s][info][gc,phases      ] GC(341)   Evacuate Collection Set: 114.58ms
[2125.993s][info][gc,phases      ] GC(341)   Post Evacuate Collection Set: 1.00ms
[2125.993s][info][gc,phases      ] GC(341)   Other: 0.09ms
[2125.993s][info][gc,heap        ] GC(341) Eden regions: 1117->0(1116)
[2125.993s][info][gc,heap        ] GC(341) Survivor regions: 111->108(154)
[2125.993s][info][gc,heap        ] GC(341) Old regions: 501->533
[2125.993s][info][gc,heap        ] GC(341) Humongous regions: 80->80
[2125.993s][info][gc,metaspace   ] GC(341) Metaspace: 28977K(29312K)->28977K(29312K) NonClass: 24093K(24192K)->24093K(24192K) Class: 4884K(5120K)->4884K(5120K)
[2125.993s][info][gc             ] GC(341) Pause Young (Prepare Mixed) (G1 Evacuation Pause) 3614M->1438M(4096M) 116.711ms
[2125.994s][info][gc,cpu         ] GC(341) User=0.68s Sys=0.00s Real=0.11s
......[2131.741s][info][gc,start       ] GC(342) Pause Young (Mixed) (G1 Evacuation Pause)
[2131.741s][info][gc,task        ] GC(342) Using 6 workers of 6 for evacuation
[2131.876s][info][gc,phases      ] GC(342)   Pre Evacuate Collection Set: 0.40ms
[2131.876s][info][gc,phases      ] GC(342)   Merge Heap Roots: 0.69ms
[2131.876s][info][gc,phases      ] GC(342)   Evacuate Collection Set: 132.44ms
[2131.876s][info][gc,phases      ] GC(342)   Post Evacuate Collection Set: 0.97ms
[2131.876s][info][gc,phases      ] GC(342)   Other: 0.09ms
[2131.876s][info][gc,heap        ] GC(342) Eden regions: 1116->0(1120)
[2131.876s][info][gc,heap        ] GC(342) Survivor regions: 108->108(153)
[2131.876s][info][gc,heap        ] GC(342) Old regions: 533->470
[2131.876s][info][gc,heap        ] GC(342) Humongous regions: 80->80
[2131.876s][info][gc,metaspace   ] GC(342) Metaspace: 28977K(29312K)->28977K(29312K) NonClass: 24093K(24192K)->24093K(24192K) Class: 4884K(5120K)->4884K(5120K)
[2131.876s][info][gc             ] GC(342) Pause Young (Mixed) (G1 Evacuation Pause) 3670M->1313M(4096M) 134.707ms
[2131.876s][info][gc,cpu         ] GC(342) User=0.79s Sys=0.00s Real=0.14s
...... (rIR:aIR:PR = 3183:3182:3182) (tPR = 47482) [OK] 
  2136s: Performance info:
         Transaction,    Success,    Partial,     Failed,   Receipts, AvgBarcode, 
             Overall,     191194,          0,          0,     181643,      59.48, 
         Response times:
             Request,    Success,    Partial,     Failed,   SkipFail,     Probes,    Samples,      min,      p50,      p90,      p95,      p99,      max, 
       TotalPurchase,     181639,          0,          0,          0,     177515,     196352,      300,     2600,     4200,     5100,    21000,   176000,
     InStorePurchase,      95566,          0,          0,          0,      93627,     103232,      300,     2600,     4200,     5100,    21000,   176000,
      OnlinePurchase,      66956,          0,          0,          0,      65389,      72376,      300,     2600,     4200,     5000,    18900,   176000,
        InstPurchase,      19117,          0,          0,          0,      18499,      20744,      400,     2800,     4200,     5100,    18900,   163000,
          AssocOfCat,        192,          0,          0,          0,        155,        242,    21000,    29000,    39700,    54850,   160270,   195000,
      AssocOfProduct,       1909,          0,          0,          0,       1747,       2091,      500,     2700,     4400,     5400,    18300,   147000,
      BusinessReport,        485,          0,          0,          0,        386,        527,    22000,    31000,    43000,    53000,    74440,   176000,
          CustBuyBeh,       1914,          0,          0,          0,       1721,       2084,      300,     3100,     4400,     5300,    24150,   122000,
       ProductReturn,       5050,          0,          0,          0,       4800,       5608,      300,     2800,     4300,     5300,    26000,   145000,

  2136s: (24%)   IR =   3321 [2137.773s][info][gc,start       ] GC(343) Pause Young (Concurrent Start) (G1 Evacuation Pause)
[2137.773s][info][gc,task        ] GC(343) Using 6 workers of 6 for evacuation
[2137.893s][info][gc,phases      ] GC(343)   Pre Evacuate Collection Set: 0.41ms
[2137.893s][info][gc,phases      ] GC(343)   Merge Heap Roots: 0.59ms
[2137.893s][info][gc,phases      ] GC(343)   Evacuate Collection Set: 117.95ms
[2137.893s][info][gc,phases      ] GC(343)   Post Evacuate Collection Set: 0.92ms
[2137.893s][info][gc,phases      ] GC(343)   Other: 0.11ms
[2137.893s][info][gc,heap        ] GC(343) Eden regions: 1120->0(1117)
[2137.893s][info][gc,heap        ] GC(343) Survivor regions: 108->111(154)
[2137.893s][info][gc,heap        ] GC(343) Old regions: 470->501
[2137.893s][info][gc,heap        ] GC(343) Humongous regions: 80->80
[2137.893s][info][gc,metaspace   ] GC(343) Metaspace: 28977K(29312K)->28977K(29312K) NonClass: 24093K(24192K)->24093K(24192K) Class: 4884K(5120K)->4884K(5120K)
[2137.893s][info][gc             ] GC(343) Pause Young (Concurrent Start) (G1 Evacuation Pause) 3553M->1382M(4096M) 120.139ms
[2137.893s][info][gc             ] GC(344) Concurrent Mark Cycle
[2137.893s][info][gc,marking     ] GC(344) Concurrent Scan Root Regions
[2137.893s][info][gc,cpu         ] GC(343) User=0.71s Sys=0.00s Real=0.12s
[2138.059s][info][gc,marking     ] GC(344) Concurrent Scan Root Regions 166.349ms
[2138.059s][info][gc,marking     ] GC(344) Concurrent Mark
[2138.059s][info][gc,marking     ] GC(344) Concurrent Mark From Roots
[2138.059s][info][gc,task        ] GC(344) Using 2 workers of 2 for marking
.[2138.708s][info][gc,marking     ] GC(344) Concurrent Mark From Roots 648.316ms
[2138.708s][info][gc,marking     ] GC(344) Concurrent Preclean
[2138.708s][info][gc,marking     ] GC(344) Concurrent Preclean 0.061ms
[2138.708s][info][gc,start       ] GC(344) Pause Remark
[2138.712s][info][gc             ] GC(344) Pause Remark 1758M->1758M(4096M) 3.588ms
[2138.712s][info][gc,cpu         ] GC(344) User=0.02s Sys=0.00s Real=0.00s
[2138.712s][info][gc,marking     ] GC(344) Concurrent Mark 652.250ms
[2138.712s][info][gc,marking     ] GC(344) Concurrent Rebuild Remembered Sets and Scrub Regions
[2138.940s][info][gc,marking     ] GC(344) Concurrent Rebuild Remembered Sets and Scrub Regions 228.077ms
[2138.940s][info][gc,start       ] GC(344) Pause Cleanup
[2138.940s][info][gc             ] GC(344) Pause Cleanup 1848M->1848M(4096M) 0.110ms
[2138.940s][info][gc,cpu         ] GC(344) User=0.00s Sys=0.00s Real=0.00s
[2138.940s][info][gc,marking     ] GC(344) Concurrent Clear Claimed Marks
[2138.940s][info][gc,marking     ] GC(344) Concurrent Clear Claimed Marks 0.027ms
[2138.940s][info][gc,marking     ] GC(344) Concurrent Cleanup for Next Mark
[2138.943s][info][gc,marking     ] GC(344) Concurrent Cleanup for Next Mark 3.325ms
[2138.943s][info][gc             ] GC(344) Concurrent Mark Cycle 1050.454ms
.....|[2143.451s][info][gc,start       ] GC(345) Pause Young (Prepare Mixed) (G1 Evacuation Pause)
[2143.451s][info][gc,task        ] GC(345) Using 6 workers of 6 for evacuation
[2143.567s][info][gc,phases      ] GC(345)   Pre Evacuate Collection Set: 0.35ms
[2143.567s][info][gc,phases      ] GC(345)   Merge Heap Roots: 0.52ms
[2143.567s][info][gc,phases      ] GC(345)   Evacuate Collection Set: 114.64ms
[2143.567s][info][gc,phases      ] GC(345)   Post Evacuate Collection Set: 0.97ms
[2143.567s][info][gc,phases      ] GC(345)   Other: 0.09ms
[2143.567s][info][gc,heap        ] GC(345) Eden regions: 1117->0(1115)
[2143.567s][info][gc,heap        ] GC(345) Survivor regions: 111->109(154)
[2143.567s][info][gc,heap        ] GC(345) Old regions: 501->532
[2143.567s][info][gc,heap        ] GC(345) Humongous regions: 80->80
[2143.567s][info][gc,metaspace   ] GC(345) Metaspace: 28977K(29312K)->28977K(29312K) NonClass: 24093K(24192K)->24093K(24192K) Class: 4884K(5120K)->4884K(5120K)
[2143.567s][info][gc             ] GC(345) Pause Young (Prepare Mixed) (G1 Evacuation Pause) 3616M->1440M(4096M) 116.698ms
[2143.567s][info][gc,cpu         ] GC(345) User=0.69s Sys=0.00s Real=0.12s
.....[2149.126s][info][gc,start       ] GC(346) Pause Young (Mixed) (G1 Evacuation Pause)
[2149.126s][info][gc,task        ] GC(346) Using 6 workers of 6 for evacuation
[2149.265s][info][gc,phases      ] GC(346)   Pre Evacuate Collection Set: 0.42ms
[2149.265s][info][gc,phases      ] GC(346)   Merge Heap Roots: 0.88ms
[2149.265s][info][gc,phases      ] GC(346)   Evacuate Collection Set: 136.41ms
[2149.265s][info][gc,phases      ] GC(346)   Post Evacuate Collection Set: 0.99ms
[2149.265s][info][gc,phases      ] GC(346)   Other: 0.11ms
[2149.265s][info][gc,heap        ] GC(346) Eden regions: 1115->0(1120)
[2149.265s][info][gc,heap        ] GC(346) Survivor regions: 109->108(153)
[2149.265s][info][gc,heap        ] GC(346) Old regions: 532->470
[2149.265s][info][gc,heap        ] GC(346) Humongous regions: 80->80
[2149.265s][info][gc,metaspace   ] GC(346) Metaspace: 28977K(29312K)->28977K(29312K) NonClass: 24093K(24192K)->24093K(24192K) Class: 4884K(5120K)->4884K(5120K)
[2149.265s][info][gc             ] GC(346) Pause Young (Mixed) (G1 Evacuation Pause) 3670M->1313M(4096M) 138.974ms
[2149.265s][info][gc,cpu         ] GC(346) User=0.83s Sys=0.00s Real=0.13s
......[2154.872s][info][gc,start       ] GC(347) Pause Young (Concurrent Start) (G1 Evacuation Pause)
[2154.872s][info][gc,task        ] GC(347) Using 6 workers of 6 for evacuation
[2154.987s][info][gc,phases      ] GC(347)   Pre Evacuate Collection Set: 0.42ms
[2154.987s][info][gc,phases      ] GC(347)   Merge Heap Roots: 0.51ms
[2154.987s][info][gc,phases      ] GC(347)   Evacuate Collection Set: 113.28ms
[2154.987s][info][gc,phases      ] GC(347)   Post Evacuate Collection Set: 0.89ms
[2154.987s][info][gc,phases      ] GC(347)   Other: 0.10ms
[2154.987s][info][gc,heap        ] GC(347) Eden regions: 1120->0(1121)
[2154.987s][info][gc,heap        ] GC(347) Survivor regions: 108->107(154)
[2154.987s][info][gc,heap        ] GC(347) Old regions: 470->502
[2154.987s][info][gc,heap        ] GC(347) Humongous regions: 80->80
[2154.987s][info][gc,metaspace   ] GC(347) Metaspace: 28977K(29312K)->28977K(29312K) NonClass: 24093K(24192K)->24093K(24192K) Class: 4884K(5120K)->4884K(5120K)
[2154.987s][info][gc             ] GC(347) Pause Young (Concurrent Start) (G1 Evacuation Pause) 3553M->1375M(4096M) 115.336ms
[2154.987s][info][gc             ] GC(348) Concurrent Mark Cycle
[2154.987s][info][gc,marking     ] GC(348) Concurrent Scan Root Regions
[2154.987s][info][gc,cpu         ] GC(347) User=0.68s Sys=0.00s Real=0.12s
[2155.112s][info][gc,marking     ] GC(348) Concurrent Scan Root Regions 124.451ms
[2155.112s][info][gc,marking     ] GC(348) Concurrent Mark
[2155.112s][info][gc,marking     ] GC(348) Concurrent Mark From Roots
[2155.112s][info][gc,task        ] GC(348) Using 2 workers of 2 for marking
.[2155.711s][info][gc,marking     ] GC(348) Concurrent Mark From Roots 599.656ms
[2155.712s][info][gc,marking     ] GC(348) Concurrent Preclean
[2155.712s][info][gc,marking     ] GC(348) Concurrent Preclean 0.050ms
[2155.712s][info][gc,start       ] GC(348) Pause Remark
[2155.715s][info][gc             ] GC(348) Pause Remark 1743M->1743M(4096M) 3.443ms
[2155.715s][info][gc,cpu         ] GC(348) User=0.02s Sys=0.00s Real=0.00s
[2155.715s][info][gc,marking     ] GC(348) Concurrent Mark 603.412ms
[2155.715s][info][gc,marking     ] GC(348) Concurrent Rebuild Remembered Sets and Scrub Regions
[2155.984s][info][gc,marking     ] GC(348) Concurrent Rebuild Remembered Sets and Scrub Regions 269.079ms
[2155.984s][info][gc,start       ] GC(348) Pause Cleanup
[2155.985s][info][gc             ] GC(348) Pause Cleanup 1869M->1869M(4096M) 0.125ms
[2155.985s][info][gc,cpu         ] GC(348) User=0.00s Sys=0.00s Real=0.00s
[2155.985s][info][gc,marking     ] GC(348) Concurrent Clear Claimed Marks
[2155.985s][info][gc,marking     ] GC(348) Concurrent Clear Claimed Marks 0.035ms
[2155.985s][info][gc,marking     ] GC(348) Concurrent Cleanup for Next Mark
[2155.988s][info][gc,marking     ] GC(348) Concurrent Cleanup for Next Mark 3.271ms
[2155.988s][info][gc             ] GC(348) Concurrent Mark Cycle 1000.734ms
.....[2160.538s][info][gc,start       ] GC(349) Pause Young (Prepare Mixed) (G1 Evacuation Pause)
[2160.538s][info][gc,task        ] GC(349) Using 6 workers of 6 for evacuation
[2160.654s][info][gc,phases      ] GC(349)   Pre Evacuate Collection Set: 0.36ms
[2160.654s][info][gc,phases      ] GC(349)   Merge Heap Roots: 0.57ms
[2160.654s][info][gc,phases      ] GC(349)   Evacuate Collection Set: 114.77ms
[2160.654s][info][gc,phases      ] GC(349)   Post Evacuate Collection Set: 0.95ms
[2160.654s][info][gc,phases      ] GC(349)   Other: 0.10ms
[2160.654s][info][gc,heap        ] GC(349) Eden regions: 1121->0(1116)
[2160.654s][info][gc,heap        ] GC(349) Survivor regions: 107->108(154)
[2160.654s][info][gc,heap        ] GC(349) Old regions: 502->533
[2160.655s][info][gc,heap        ] GC(349) Humongous regions: 80->80
[2160.655s][info][gc,metaspace   ] GC(349) Metaspace: 28977K(29312K)->28977K(29312K) NonClass: 24093K(24192K)->24093K(24192K) Class: 4884K(5120K)->4884K(5120K)
[2160.655s][info][gc             ] GC(349) Pause Young (Prepare Mixed) (G1 Evacuation Pause) 3617M->1440M(4096M) 116.892ms
[2160.655s][info][gc,cpu         ] GC(349) User=0.69s Sys=0.00s Real=0.11s
.....[2166.224s][info][gc,start       ] GC(350) Pause Young (Mixed) (G1 Evacuation Pause)
[2166.224s][info][gc,task        ] GC(350) Using 6 workers of 6 for evacuation
[2166.360s][info][gc,phases      ] GC(350)   Pre Evacuate Collection Set: 0.39ms
[2166.360s][info][gc,phases      ] GC(350)   Merge Heap Roots: 0.63ms
[2166.360s][info][gc,phases      ] GC(350)   Evacuate Collection Set: 133.58ms
[2166.360s][info][gc,phases      ] GC(350)   Post Evacuate Collection Set: 0.98ms
[2166.360s][info][gc,phases      ] GC(350)   Other: 0.09ms
[2166.360s][info][gc,heap        ] GC(350) Eden regions: 1116->0(1118)
[2166.360s][info][gc,heap        ] GC(350) Survivor regions: 108->110(153)
[2166.360s][info][gc,heap        ] GC(350) Old regions: 533->469
[2166.360s][info][gc,heap        ] GC(350) Humongous regions: 80->80
[2166.360s][info][gc,metaspace   ] GC(350) Metaspace: 28977K(29312K)->28977K(29312K) NonClass: 24093K(24192K)->24093K(24192K) Class: 4884K(5120K)->4884K(5120K)
[2166.360s][info][gc             ] GC(350) Pause Young (Mixed) (G1 Evacuation Pause) 3672M->1315M(4096M) 135.799ms
[2166.360s][info][gc,cpu         ] GC(350) User=0.80s Sys=0.00s Real=0.14s
......[2171.844s][info][gc,start       ] GC(351) Pause Young (Concurrent Start) (G1 Evacuation Pause)
[2171.844s][info][gc,task        ] GC(351) Using 6 workers of 6 for evacuation
[2171.961s][info][gc,phases      ] GC(351)   Pre Evacuate Collection Set: 0.44ms
[2171.961s][info][gc,phases      ] GC(351)   Merge Heap Roots: 0.51ms
[2171.961s][info][gc,phases      ] GC(351)   Evacuate Collection Set: 114.87ms
[2171.961s][info][gc,phases      ] GC(351)   Post Evacuate Collection Set: 0.92ms
[2171.961s][info][gc,phases      ] GC(351)   Other: 0.13ms
[2171.961s][info][gc,heap        ] GC(351) Eden regions: 1118->0(1121)
[2171.961s][info][gc,heap        ] GC(351) Survivor regions: 110->107(154)
[2171.961s][info][gc,heap        ] GC(351) Old regions: 469->501
[2171.961s][info][gc,heap        ] GC(351) Humongous regions: 80->80
[2171.961s][info][gc,metaspace   ] GC(351) Metaspace: 28977K(29312K)->28977K(29312K) NonClass: 24093K(24192K)->24093K(24192K) Class: 4884K(5120K)->4884K(5120K)
[2171.961s][info][gc             ] GC(351) Pause Young (Concurrent Start) (G1 Evacuation Pause) 3551M->1373M(4096M) 117.011ms
[2171.961s][info][gc             ] GC(352) Concurrent Mark Cycle
[2171.961s][info][gc,marking     ] GC(352) Concurrent Scan Root Regions
[2171.961s][info][gc,cpu         ] GC(351) User=0.69s Sys=0.00s Real=0.12s
[2172.081s][info][gc,marking     ] GC(352) Concurrent Scan Root Regions 119.678ms
[2172.081s][info][gc,marking     ] GC(352) Concurrent Mark
[2172.081s][info][gc,marking     ] GC(352) Concurrent Mark From Roots
[2172.081s][info][gc,task        ] GC(352) Using 2 workers of 2 for marking
.[2172.661s][info][gc,marking     ] GC(352) Concurrent Mark From Roots 580.454ms
[2172.661s][info][gc,marking     ] GC(352) Concurrent Preclean
[2172.661s][info][gc,marking     ] GC(352) Concurrent Preclean 0.052ms
[2172.661s][info][gc,start       ] GC(352) Pause Remark
[2172.665s][info][gc             ] GC(352) Pause Remark 1676M->1676M(4096M) 3.291ms
[2172.665s][info][gc,cpu         ] GC(352) User=0.01s Sys=0.00s Real=0.00s
[2172.665s][info][gc,marking     ] GC(352) Concurrent Mark 584.056ms
[2172.665s][info][gc,marking     ] GC(352) Concurrent Rebuild Remembered Sets and Scrub Regions
[2172.925s][info][gc,marking     ] GC(352) Concurrent Rebuild Remembered Sets and Scrub Regions 260.291ms
[2172.925s][info][gc,start       ] GC(352) Pause Cleanup
[2172.925s][info][gc             ] GC(352) Pause Cleanup 1787M->1787M(4096M) 0.134ms
[2172.925s][info][gc,cpu         ] GC(352) User=0.00s Sys=0.00s Real=0.00s
[2172.926s][info][gc,marking     ] GC(352) Concurrent Clear Claimed Marks
[2172.926s][info][gc,marking     ] GC(352) Concurrent Clear Claimed Marks 0.031ms
[2172.926s][info][gc,marking     ] GC(352) Concurrent Cleanup for Next Mark
[2172.930s][info][gc,marking     ] GC(352) Concurrent Cleanup for Next Mark 4.738ms
[2172.930s][info][gc             ] GC(352) Concurrent Mark Cycle 969.275ms
.....[2177.527s][info][gc,start       ] GC(353) Pause Young (Prepare Mixed) (G1 Evacuation Pause)
[2177.527s][info][gc,task        ] GC(353) Using 6 workers of 6 for evacuation
[2177.646s][info][gc,phases      ] GC(353)   Pre Evacuate Collection Set: 0.35ms
[2177.646s][info][gc,phases      ] GC(353)   Merge Heap Roots: 0.53ms
[2177.646s][info][gc,phases      ] GC(353)   Evacuate Collection Set: 117.27ms
[2177.646s][info][gc,phases      ] GC(353)   Post Evacuate Collection Set: 0.95ms
[2177.646s][info][gc,phases      ] GC(353)   Other: 0.08ms
[2177.646s][info][gc,heap        ] GC(353) Eden regions: 1121->0(1112)
[2177.646s][info][gc,heap        ] GC(353) Survivor regions: 107->110(154)
[2177.646s][info][gc,heap        ] GC(353) Old regions: 501->533
[2177.646s][info][gc,heap        ] GC(353) Humongous regions: 80->80
[2177.646s][info][gc,metaspace   ] GC(353) Metaspace: 28977K(29312K)->28977K(29312K) NonClass: 24093K(24192K)->24093K(24192K) Class: 4884K(5120K)->4884K(5120K)
[2177.646s][info][gc             ] GC(353) Pause Young (Prepare Mixed) (G1 Evacuation Pause) 3615M->1443M(4096M) 119.315ms
[2177.646s][info][gc,cpu         ] GC(353) User=0.71s Sys=0.00s Real=0.12s
.....[2183.235s][info][gc,start       ] GC(354) Pause Young (Mixed) (G1 Evacuation Pause)
[2183.236s][info][gc,task        ] GC(354) Using 6 workers of 6 for evacuation
[2183.369s][info][gc,phases      ] GC(354)   Pre Evacuate Collection Set: 0.40ms
[2183.369s][info][gc,phases      ] GC(354)   Merge Heap Roots: 0.73ms
[2183.369s][info][gc,phases      ] GC(354)   Evacuate Collection Set: 131.75ms
[2183.369s][info][gc,phases      ] GC(354)   Post Evacuate Collection Set: 0.98ms
[2183.370s][info][gc,phases      ] GC(354)   Other: 0.09ms
[2183.370s][info][gc,heap        ] GC(354) Eden regions: 1112->0(1120)
[2183.370s][info][gc,heap        ] GC(354) Survivor regions: 110->108(153)
[2183.370s][info][gc,heap        ] GC(354) Old regions: 533->470
[2183.370s][info][gc,heap        ] GC(354) Humongous regions: 80->80
[2183.370s][info][gc,metaspace   ] GC(354) Metaspace: 28977K(29312K)->28977K(29312K) NonClass: 24093K(24192K)->24093K(24192K) Class: 4884K(5120K)->4884K(5120K)
[2183.370s][info][gc             ] GC(354) Pause Young (Mixed) (G1 Evacuation Pause) 3667M->1313M(4096M) 134.075ms
[2183.370s][info][gc,cpu         ] GC(354) User=0.79s Sys=0.00s Real=0.14s
......[2189.015s][info][gc,start       ] GC(355) Pause Young (Concurrent Start) (G1 Evacuation Pause)
[2189.015s][info][gc,task        ] GC(355) Using 6 workers of 6 for evacuation
[2189.132s][info][gc,phases      ] GC(355)   Pre Evacuate Collection Set: 0.42ms
[2189.132s][info][gc,phases      ] GC(355)   Merge Heap Roots: 0.55ms
[2189.132s][info][gc,phases      ] GC(355)   Evacuate Collection Set: 115.12ms
[2189.132s][info][gc,phases      ] GC(355)   Post Evacuate Collection Set: 0.94ms
[2189.132s][info][gc,phases      ] GC(355)   Other: 0.12ms
[2189.132s][info][gc,heap        ] GC(355) Eden regions: 1120->0(1119)
[2189.132s][info][gc,heap        ] GC(355) Survivor regions: 108->109(154)
[2189.132s][info][gc,heap        ] GC(355) Old regions: 470->502
[2189.132s][info][gc,heap        ] GC(355) Humongous regions: 80->80
[2189.132s][info][gc,metaspace   ] GC(355) Metaspace: 28977K(29312K)->28977K(29312K) NonClass: 24093K(24192K)->24093K(24192K) Class: 4884K(5120K)->4884K(5120K)
[2189.132s][info][gc             ] GC(355) Pause Young (Concurrent Start) (G1 Evacuation Pause) 3553M->1379M(4096M) 117.275ms
[2189.132s][info][gc             ] GC(356) Concurrent Mark Cycle
[2189.132s][info][gc,marking     ] GC(356) Concurrent Scan Root Regions
[2189.132s][info][gc,cpu         ] GC(355) User=0.69s Sys=0.00s Real=0.12s
[2189.300s][info][gc,marking     ] GC(356) Concurrent Scan Root Regions 167.749ms
[2189.300s][info][gc,marking     ] GC(356) Concurrent Mark
[2189.300s][info][gc,marking     ] GC(356) Concurrent Mark From Roots
[2189.300s][info][gc,task        ] GC(356) Using 2 workers of 2 for marking
.[2189.873s][info][gc,marking     ] GC(356) Concurrent Mark From Roots 572.515ms
[2189.873s][info][gc,marking     ] GC(356) Concurrent Preclean
[2189.873s][info][gc,marking     ] GC(356) Concurrent Preclean 0.052ms
[2189.873s][info][gc,start       ] GC(356) Pause Remark
[2189.876s][info][gc             ] GC(356) Pause Remark 1725M->1725M(4096M) 3.325ms
[2189.876s][info][gc,cpu         ] GC(356) User=0.02s Sys=0.00s Real=0.01s
[2189.876s][info][gc,marking     ] GC(356) Concurrent Mark 576.136ms
[2189.876s][info][gc,marking     ] GC(356) Concurrent Rebuild Remembered Sets and Scrub Regions
[2190.097s][info][gc,marking     ] GC(356) Concurrent Rebuild Remembered Sets and Scrub Regions 220.209ms
[2190.097s][info][gc,start       ] GC(356) Pause Cleanup
[2190.097s][info][gc             ] GC(356) Pause Cleanup 1805M->1805M(4096M) 0.119ms
[2190.097s][info][gc,cpu         ] GC(356) User=0.00s Sys=0.00s Real=0.00s
[2190.097s][info][gc,marking     ] GC(356) Concurrent Clear Claimed Marks
[2190.097s][info][gc,marking     ] GC(356) Concurrent Clear Claimed Marks 0.029ms
[2190.097s][info][gc,marking     ] GC(356) Concurrent Cleanup for Next Mark
[2190.101s][info][gc,marking     ] GC(356) Concurrent Cleanup for Next Mark 4.210ms
[2190.101s][info][gc             ] GC(356) Concurrent Mark Cycle 968.798ms
.....[2194.600s][info][gc,start       ] GC(357) Pause Young (Prepare Mixed) (G1 Evacuation Pause)
[2194.600s][info][gc,task        ] GC(357) Using 6 workers of 6 for evacuation
[2194.717s][info][gc,phases      ] GC(357)   Pre Evacuate Collection Set: 0.38ms
[2194.717s][info][gc,phases      ] GC(357)   Merge Heap Roots: 0.56ms
[2194.717s][info][gc,phases      ] GC(357)   Evacuate Collection Set: 115.22ms
[2194.717s][info][gc,phases      ] GC(357)   Post Evacuate Collection Set: 0.94ms
[2194.717s][info][gc,phases      ] GC(357)   Other: 0.10ms
[2194.717s][info][gc,heap        ] GC(357) Eden regions: 1119->0(1113)
[2194.717s][info][gc,heap        ] GC(357) Survivor regions: 109->109(154)
[2194.717s][info][gc,heap        ] GC(357) Old regions: 502->534
[2194.717s][info][gc,heap        ] GC(357) Humongous regions: 80->80
[2194.717s][info][gc,metaspace   ] GC(357) Metaspace: 28977K(29312K)->28977K(29312K) NonClass: 24093K(24192K)->24093K(24192K) Class: 4884K(5120K)->4884K(5120K)
[2194.717s][info][gc             ] GC(357) Pause Young (Prepare Mixed) (G1 Evacuation Pause) 3617M->1442M(4096M) 117.335ms
[2194.717s][info][gc,cpu         ] GC(357) User=0.69s Sys=0.00s Real=0.12s
.....[2200.345s][info][gc,start       ] GC(358) Pause Young (Mixed) (G1 Evacuation Pause)
[2200.345s][info][gc,task        ] GC(358) Using 6 workers of 6 for evacuation
[2200.480s][info][gc,phases      ] GC(358)   Pre Evacuate Collection Set: 0.43ms
[2200.480s][info][gc,phases      ] GC(358)   Merge Heap Roots: 0.71ms
[2200.480s][info][gc,phases      ] GC(358)   Evacuate Collection Set: 131.93ms
[2200.480s][info][gc,phases      ] GC(358)   Post Evacuate Collection Set: 0.97ms
[2200.480s][info][gc,phases      ] GC(358)   Other: 0.09ms
[2200.480s][info][gc,heap        ] GC(358) Eden regions: 1113->0(1120)
[2200.480s][info][gc,heap        ] GC(358) Survivor regions: 109->108(153)
[2200.480s][info][gc,heap        ] GC(358) Old regions: 534->470
[2200.480s][info][gc,heap        ] GC(358) Humongous regions: 80->80
[2200.480s][info][gc,metaspace   ] GC(358) Metaspace: 28977K(29312K)->28977K(29312K) NonClass: 24093K(24192K)->24093K(24192K) Class: 4884K(5120K)->4884K(5120K)
[2200.480s][info][gc             ] GC(358) Pause Young (Mixed) (G1 Evacuation Pause) 3668M->1314M(4096M) 134.283ms
[2200.480s][info][gc,cpu         ] GC(358) User=0.80s Sys=0.00s Real=0.14s
.... (rIR:aIR:PR = 3321:3323:3323) (tPR = 49599) [OK] 
  2203s: Performance info:
         Transaction,    Success,    Partial,     Failed,   Receipts, AvgBarcode, 
             Overall,     200139,          0,          0,     190125,      59.48, 
         Response times:
             Request,    Success,    Partial,     Failed,   SkipFail,     Probes,    Samples,      min,      p50,      p90,      p95,      p99,      max, 
       TotalPurchase,     190125,          0,          0,          0,     185423,     205531,      300,     2700,     4500,     5500,    18200,   179000,
     InStorePurchase,     100063,          0,          0,          0,      97813,     108323,      300,     2700,     4400,     5500,    18000,   172000,
      OnlinePurchase,      70038,          0,          0,          0,      68245,      75611,      300,     2800,     4500,     5600,    18200,   179000,
        InstPurchase,      20024,          0,          0,          0,      19365,      21597,      400,     2900,     4700,     5700,    19300,   167000,
          AssocOfCat,        199,          0,          0,          0,        135,        200,    21000,    28000,    36000,    41850,    51960,    77000,
      AssocOfProduct,       2013,          0,          0,          0,       1819,       2130,      500,     3200,     4900,     6000,    26000,   167000,
      BusinessReport,        501,          0,          0,          0,        411,        520,    19700,    30000,    41000,    48000,    82790,   178000,
          CustBuyBeh,       2002,          0,          0,          0,       1839,       2207,      700,     3400,     5000,     6060,    25000,   142000,
       ProductReturn,       5299,          0,          0,          0,       5025,       5822,      200,     2400,     4300,     5200,    15600,   166000,

  2203s: (25%)   IR =   3459 ..[2205.935s][info][gc,start       ] GC(359) Pause Young (Concurrent Start) (G1 Evacuation Pause)
[2205.935s][info][gc,task        ] GC(359) Using 6 workers of 6 for evacuation
[2206.057s][info][gc,phases      ] GC(359)   Pre Evacuate Collection Set: 0.44ms
[2206.057s][info][gc,phases      ] GC(359)   Merge Heap Roots: 0.54ms
[2206.057s][info][gc,phases      ] GC(359)   Evacuate Collection Set: 119.97ms
[2206.057s][info][gc,phases      ] GC(359)   Post Evacuate Collection Set: 0.92ms
[2206.057s][info][gc,phases      ] GC(359)   Other: 0.11ms
[2206.057s][info][gc,heap        ] GC(359) Eden regions: 1120->0(1116)
[2206.057s][info][gc,heap        ] GC(359) Survivor regions: 108->112(154)
[2206.057s][info][gc,heap        ] GC(359) Old regions: 470->502
[2206.057s][info][gc,heap        ] GC(359) Humongous regions: 80->80
[2206.057s][info][gc,metaspace   ] GC(359) Metaspace: 28977K(29312K)->28977K(29312K) NonClass: 24093K(24192K)->24093K(24192K) Class: 4884K(5120K)->4884K(5120K)
[2206.057s][info][gc             ] GC(359) Pause Young (Concurrent Start) (G1 Evacuation Pause) 3554M->1384M(4096M) 122.094ms
[2206.057s][info][gc             ] GC(360) Concurrent Mark Cycle
[2206.058s][info][gc,marking     ] GC(360) Concurrent Scan Root Regions
[2206.058s][info][gc,cpu         ] GC(359) User=0.72s Sys=0.00s Real=0.13s
[2206.226s][info][gc,marking     ] GC(360) Concurrent Scan Root Regions 168.342ms
[2206.226s][info][gc,marking     ] GC(360) Concurrent Mark
[2206.226s][info][gc,marking     ] GC(360) Concurrent Mark From Roots
[2206.226s][info][gc,task        ] GC(360) Using 2 workers of 2 for marking
.[2206.855s][info][gc,marking     ] GC(360) Concurrent Mark From Roots 629.252ms
[2206.855s][info][gc,marking     ] GC(360) Concurrent Preclean
[2206.855s][info][gc,marking     ] GC(360) Concurrent Preclean 0.070ms
[2206.856s][info][gc,start       ] GC(360) Pause Remark
[2206.859s][info][gc             ] GC(360) Pause Remark 1767M->1767M(4096M) 3.564ms
[2206.859s][info][gc,cpu         ] GC(360) User=0.02s Sys=0.00s Real=0.01s
[2206.859s][info][gc,marking     ] GC(360) Concurrent Mark 633.591ms
[2206.860s][info][gc,marking     ] GC(360) Concurrent Rebuild Remembered Sets and Scrub Regions
[2207.219s][info][gc,marking     ] GC(360) Concurrent Rebuild Remembered Sets and Scrub Regions 359.401ms
[2207.219s][info][gc,start       ] GC(360) Pause Cleanup
[2207.219s][info][gc             ] GC(360) Pause Cleanup 1915M->1915M(4096M) 0.132ms
[2207.219s][info][gc,cpu         ] GC(360) User=0.00s Sys=0.00s Real=0.00s
[2207.219s][info][gc,marking     ] GC(360) Concurrent Clear Claimed Marks
[2207.219s][info][gc,marking     ] GC(360) Concurrent Clear Claimed Marks 0.024ms
[2207.219s][info][gc,marking     ] GC(360) Concurrent Cleanup for Next Mark
[2207.223s][info][gc,marking     ] GC(360) Concurrent Cleanup for Next Mark 3.445ms
[2207.223s][info][gc             ] GC(360) Concurrent Mark Cycle 1165.224ms
.|...[2211.433s][info][gc,start       ] GC(361) Pause Young (Prepare Mixed) (G1 Evacuation Pause)
[2211.433s][info][gc,task        ] GC(361) Using 6 workers of 6 for evacuation
[2211.551s][info][gc,phases      ] GC(361)   Pre Evacuate Collection Set: 0.37ms
[2211.551s][info][gc,phases      ] GC(361)   Merge Heap Roots: 0.55ms
[2211.551s][info][gc,phases      ] GC(361)   Evacuate Collection Set: 115.22ms
[2211.551s][info][gc,phases      ] GC(361)   Post Evacuate Collection Set: 0.95ms
[2211.551s][info][gc,phases      ] GC(361)   Other: 0.09ms
[2211.551s][info][gc,heap        ] GC(361) Eden regions: 1116->0(1113)
[2211.551s][info][gc,heap        ] GC(361) Survivor regions: 112->109(154)
[2211.551s][info][gc,heap        ] GC(361) Old regions: 502->534
[2211.551s][info][gc,heap        ] GC(361) Humongous regions: 80->80
[2211.551s][info][gc,metaspace   ] GC(361) Metaspace: 28982K(29312K)->28982K(29312K) NonClass: 24098K(24192K)->24098K(24192K) Class: 4884K(5120K)->4884K(5120K)
[2211.551s][info][gc             ] GC(361) Pause Young (Prepare Mixed) (G1 Evacuation Pause) 3616M->1444M(4096M) 117.316ms
[2211.551s][info][gc,cpu         ] GC(361) User=0.70s Sys=0.00s Real=0.12s
......[2216.858s][info][gc,start       ] GC(362) Pause Young (Mixed) (G1 Evacuation Pause)
[2216.858s][info][gc,task        ] GC(362) Using 6 workers of 6 for evacuation
[2216.990s][info][gc,phases      ] GC(362)   Pre Evacuate Collection Set: 0.39ms
[2216.990s][info][gc,phases      ] GC(362)   Merge Heap Roots: 0.71ms
[2216.990s][info][gc,phases      ] GC(362)   Evacuate Collection Set: 130.28ms
[2216.990s][info][gc,phases      ] GC(362)   Post Evacuate Collection Set: 0.96ms
[2216.990s][info][gc,phases      ] GC(362)   Other: 0.09ms
[2216.990s][info][gc,heap        ] GC(362) Eden regions: 1113->0(1120)
[2216.990s][info][gc,heap        ] GC(362) Survivor regions: 109->108(153)
[2216.990s][info][gc,heap        ] GC(362) Old regions: 534->470
[2216.990s][info][gc,heap        ] GC(362) Humongous regions: 80->80
[2216.990s][info][gc,metaspace   ] GC(362) Metaspace: 28982K(29312K)->28982K(29312K) NonClass: 24098K(24192K)->24098K(24192K) Class: 4884K(5120K)->4884K(5120K)
[2216.990s][info][gc             ] GC(362) Pause Young (Mixed) (G1 Evacuation Pause) 3670M->1313M(4096M) 132.548ms
[2216.990s][info][gc,cpu         ] GC(362) User=0.79s Sys=0.00s Real=0.13s
.....[2222.328s][info][gc,start       ] GC(363) Pause Young (Concurrent Start) (G1 Evacuation Pause)
[2222.328s][info][gc,task        ] GC(363) Using 6 workers of 6 for evacuation
[2222.445s][info][gc,phases      ] GC(363)   Pre Evacuate Collection Set: 0.42ms
[2222.445s][info][gc,phases      ] GC(363)   Merge Heap Roots: 0.54ms
[2222.445s][info][gc,phases      ] GC(363)   Evacuate Collection Set: 114.84ms
[2222.445s][info][gc,phases      ] GC(363)   Post Evacuate Collection Set: 0.92ms
[2222.445s][info][gc,phases      ] GC(363)   Other: 0.11ms
[2222.445s][info][gc,heap        ] GC(363) Eden regions: 1120->0(1120)
[2222.445s][info][gc,heap        ] GC(363) Survivor regions: 108->108(154)
[2222.445s][info][gc,heap        ] GC(363) Old regions: 470->502
[2222.445s][info][gc,heap        ] GC(363) Humongous regions: 80->80
[2222.445s][info][gc,metaspace   ] GC(363) Metaspace: 28982K(29312K)->28982K(29312K) NonClass: 24098K(24192K)->24098K(24192K) Class: 4884K(5120K)->4884K(5120K)
[2222.445s][info][gc             ] GC(363) Pause Young (Concurrent Start) (G1 Evacuation Pause) 3553M->1378M(4096M) 116.981ms
[2222.445s][info][gc             ] GC(364) Concurrent Mark Cycle
[2222.445s][info][gc,marking     ] GC(364) Concurrent Scan Root Regions
[2222.445s][info][gc,cpu         ] GC(363) User=0.69s Sys=0.00s Real=0.11s
.[2222.615s][info][gc,marking     ] GC(364) Concurrent Scan Root Regions 170.279ms
[2222.615s][info][gc,marking     ] GC(364) Concurrent Mark
[2222.615s][info][gc,marking     ] GC(364) Concurrent Mark From Roots
[2222.615s][info][gc,task        ] GC(364) Using 2 workers of 2 for marking
[2223.539s][info][gc,marking     ] GC(364) Concurrent Mark From Roots 923.921ms
[2223.539s][info][gc,marking     ] GC(364) Concurrent Preclean
[2223.539s][info][gc,marking     ] GC(364) Concurrent Preclean 0.068ms
[2223.539s][info][gc,start       ] GC(364) Pause Remark
[2223.543s][info][gc             ] GC(364) Pause Remark 1868M->1868M(4096M) 3.916ms
[2223.543s][info][gc,cpu         ] GC(364) User=0.02s Sys=0.00s Real=0.00s
[2223.543s][info][gc,marking     ] GC(364) Concurrent Mark 928.219ms
[2223.543s][info][gc,marking     ] GC(364) Concurrent Rebuild Remembered Sets and Scrub Regions
.[2223.947s][info][gc,marking     ] GC(364) Concurrent Rebuild Remembered Sets and Scrub Regions 403.154ms
[2223.947s][info][gc,start       ] GC(364) Pause Cleanup
[2223.947s][info][gc             ] GC(364) Pause Cleanup 2062M->2062M(4096M) 0.137ms
[2223.947s][info][gc,cpu         ] GC(364) User=0.00s Sys=0.00s Real=0.00s
[2223.947s][info][gc,marking     ] GC(364) Concurrent Clear Claimed Marks
[2223.947s][info][gc,marking     ] GC(364) Concurrent Clear Claimed Marks 0.031ms
[2223.947s][info][gc,marking     ] GC(364) Concurrent Cleanup for Next Mark
[2223.952s][info][gc,marking     ] GC(364) Concurrent Cleanup for Next Mark 4.823ms
[2223.952s][info][gc             ] GC(364) Concurrent Mark Cycle 1507.001ms
....[2227.745s][info][gc,start       ] GC(365) Pause Young (Prepare Mixed) (G1 Evacuation Pause)
[2227.745s][info][gc,task        ] GC(365) Using 6 workers of 6 for evacuation
[2227.866s][info][gc,phases      ] GC(365)   Pre Evacuate Collection Set: 0.38ms
[2227.866s][info][gc,phases      ] GC(365)   Merge Heap Roots: 0.54ms
[2227.866s][info][gc,phases      ] GC(365)   Evacuate Collection Set: 119.58ms
[2227.866s][info][gc,phases      ] GC(365)   Post Evacuate Collection Set: 0.99ms
[2227.866s][info][gc,phases      ] GC(365)   Other: 0.08ms
[2227.866s][info][gc,heap        ] GC(365) Eden regions: 1120->0(1109)
[2227.866s][info][gc,heap        ] GC(365) Survivor regions: 108->111(154)
[2227.866s][info][gc,heap        ] GC(365) Old regions: 502->534
[2227.866s][info][gc,heap        ] GC(365) Humongous regions: 80->80
[2227.866s][info][gc,metaspace   ] GC(365) Metaspace: 28982K(29312K)->28982K(29312K) NonClass: 24098K(24192K)->24098K(24192K) Class: 4884K(5120K)->4884K(5120K)
[2227.866s][info][gc             ] GC(365) Pause Young (Prepare Mixed) (G1 Evacuation Pause) 3618M->1446M(4096M) 121.702ms
[2227.866s][info][gc,cpu         ] GC(365) User=0.72s Sys=0.00s Real=0.13s
.....[2233.194s][info][gc,start       ] GC(366) Pause Young (Mixed) (G1 Evacuation Pause)
[2233.194s][info][gc,task        ] GC(366) Using 6 workers of 6 for evacuation
[2233.333s][info][gc,phases      ] GC(366)   Pre Evacuate Collection Set: 0.40ms
[2233.333s][info][gc,phases      ] GC(366)   Merge Heap Roots: 0.79ms
[2233.333s][info][gc,phases      ] GC(366)   Evacuate Collection Set: 137.07ms
[2233.333s][info][gc,phases      ] GC(366)   Post Evacuate Collection Set: 0.97ms
[2233.333s][info][gc,phases      ] GC(366)   Other: 0.10ms
[2233.333s][info][gc,heap        ] GC(366) Eden regions: 1109->0(1120)
[2233.333s][info][gc,heap        ] GC(366) Survivor regions: 111->108(153)
[2233.333s][info][gc,heap        ] GC(366) Old regions: 534->470
[2233.333s][info][gc,heap        ] GC(366) Humongous regions: 80->80
[2233.333s][info][gc,metaspace   ] GC(366) Metaspace: 28982K(29312K)->28982K(29312K) NonClass: 24098K(24192K)->24098K(24192K) Class: 4884K(5120K)->4884K(5120K)
[2233.333s][info][gc             ] GC(366) Pause Young (Mixed) (G1 Evacuation Pause) 3664M->1313M(4096M) 139.496ms
[2233.333s][info][gc,cpu         ] GC(366) User=0.82s Sys=0.00s Real=0.14s
......[2238.684s][info][gc,start       ] GC(367) Pause Young (Concurrent Start) (G1 Evacuation Pause)
[2238.684s][info][gc,task        ] GC(367) Using 6 workers of 6 for evacuation
[2238.801s][info][gc,phases      ] GC(367)   Pre Evacuate Collection Set: 0.40ms
[2238.801s][info][gc,phases      ] GC(367)   Merge Heap Roots: 0.51ms
[2238.801s][info][gc,phases      ] GC(367)   Evacuate Collection Set: 114.88ms
[2238.801s][info][gc,phases      ] GC(367)   Post Evacuate Collection Set: 0.91ms
[2238.801s][info][gc,phases      ] GC(367)   Other: 0.09ms
[2238.801s][info][gc,heap        ] GC(367) Eden regions: 1120->0(1119)
[2238.801s][info][gc,heap        ] GC(367) Survivor regions: 108->109(154)
[2238.801s][info][gc,heap        ] GC(367) Old regions: 470->502
[2238.801s][info][gc,heap        ] GC(367) Humongous regions: 80->80
[2238.801s][info][gc,metaspace   ] GC(367) Metaspace: 28982K(29312K)->28982K(29312K) NonClass: 24098K(24192K)->24098K(24192K) Class: 4884K(5120K)->4884K(5120K)
[2238.801s][info][gc             ] GC(367) Pause Young (Concurrent Start) (G1 Evacuation Pause) 3553M->1380M(4096M) 116.942ms
[2238.801s][info][gc             ] GC(368) Concurrent Mark Cycle
[2238.801s][info][gc,marking     ] GC(368) Concurrent Scan Root Regions
[2238.801s][info][gc,cpu         ] GC(367) User=0.69s Sys=0.00s Real=0.12s
[2238.969s][info][gc,marking     ] GC(368) Concurrent Scan Root Regions 168.325ms
[2238.969s][info][gc,marking     ] GC(368) Concurrent Mark
[2238.969s][info][gc,marking     ] GC(368) Concurrent Mark From Roots
[2238.969s][info][gc,task        ] GC(368) Using 2 workers of 2 for marking
.[2239.938s][info][gc,marking     ] GC(368) Concurrent Mark From Roots 969.412ms
[2239.939s][info][gc,marking     ] GC(368) Concurrent Preclean
[2239.939s][info][gc,marking     ] GC(368) Concurrent Preclean 0.071ms
[2239.939s][info][gc,start       ] GC(368) Pause Remark
[2239.943s][info][gc             ] GC(368) Pause Remark 1918M->1918M(4096M) 4.063ms
[2239.943s][info][gc,cpu         ] GC(368) User=0.03s Sys=0.00s Real=0.00s
[2239.943s][info][gc,marking     ] GC(368) Concurrent Mark 974.385ms
[2239.943s][info][gc,marking     ] GC(368) Concurrent Rebuild Remembered Sets and Scrub Regions
[2240.197s][info][gc,marking     ] GC(368) Concurrent Rebuild Remembered Sets and Scrub Regions 253.895ms
[2240.198s][info][gc,start       ] GC(368) Pause Cleanup
[2240.198s][info][gc             ] GC(368) Pause Cleanup 2021M->2021M(4096M) 0.118ms
[2240.198s][info][gc,cpu         ] GC(368) User=0.00s Sys=0.00s Real=0.00s
[2240.198s][info][gc,marking     ] GC(368) Concurrent Clear Claimed Marks
[2240.198s][info][gc,marking     ] GC(368) Concurrent Clear Claimed Marks 0.033ms
[2240.198s][info][gc,marking     ] GC(368) Concurrent Cleanup for Next Mark
[2240.205s][info][gc,marking     ] GC(368) Concurrent Cleanup for Next Mark 7.344ms
[2240.205s][info][gc             ] GC(368) Concurrent Mark Cycle 1404.441ms
....[2244.107s][info][gc,start       ] GC(369) Pause Young (Prepare Mixed) (G1 Evacuation Pause)
[2244.107s][info][gc,task        ] GC(369) Using 6 workers of 6 for evacuation
[2244.225s][info][gc,phases      ] GC(369)   Pre Evacuate Collection Set: 0.33ms
[2244.225s][info][gc,phases      ] GC(369)   Merge Heap Roots: 0.54ms
[2244.225s][info][gc,phases      ] GC(369)   Evacuate Collection Set: 115.41ms
[2244.225s][info][gc,phases      ] GC(369)   Post Evacuate Collection Set: 0.93ms
[2244.225s][info][gc,phases      ] GC(369)   Other: 0.08ms
[2244.225s][info][gc,heap        ] GC(369) Eden regions: 1119->0(1113)
[2244.225s][info][gc,heap        ] GC(369) Survivor regions: 109->109(154)
[2244.225s][info][gc,heap        ] GC(369) Old regions: 502->534
[2244.225s][info][gc,heap        ] GC(369) Humongous regions: 80->80
[2244.225s][info][gc,metaspace   ] GC(369) Metaspace: 28982K(29312K)->28982K(29312K) NonClass: 24098K(24192K)->24098K(24192K) Class: 4884K(5120K)->4884K(5120K)
[2244.225s][info][gc             ] GC(369) Pause Young (Prepare Mixed) (G1 Evacuation Pause) 3618M->1442M(4096M) 117.450ms
[2244.225s][info][gc,cpu         ] GC(369) User=0.70s Sys=0.00s Real=0.11s
.....[2249.599s][info][gc,start       ] GC(370) Pause Young (Mixed) (G1 Evacuation Pause)
[2249.599s][info][gc,task        ] GC(370) Using 6 workers of 6 for evacuation
[2249.737s][info][gc,phases      ] GC(370)   Pre Evacuate Collection Set: 0.43ms
[2249.737s][info][gc,phases      ] GC(370)   Merge Heap Roots: 0.78ms
[2249.737s][info][gc,phases      ] GC(370)   Evacuate Collection Set: 135.03ms
[2249.737s][info][gc,phases      ] GC(370)   Post Evacuate Collection Set: 0.97ms
[2249.737s][info][gc,phases      ] GC(370)   Other: 0.11ms
[2249.737s][info][gc,heap        ] GC(370) Eden regions: 1113->0(1117)
[2249.737s][info][gc,heap        ] GC(370) Survivor regions: 109->111(153)
[2249.737s][info][gc,heap        ] GC(370) Old regions: 534->471
[2249.737s][info][gc,heap        ] GC(370) Humongous regions: 80->80
[2249.737s][info][gc,metaspace   ] GC(370) Metaspace: 28982K(29312K)->28982K(29312K) NonClass: 24098K(24192K)->24098K(24192K) Class: 4884K(5120K)->4884K(5120K)
[2249.737s][info][gc             ] GC(370) Pause Young (Mixed) (G1 Evacuation Pause) 3668M->1321M(4096M) 137.423ms
[2249.737s][info][gc,cpu         ] GC(370) User=0.82s Sys=0.00s Real=0.14s
......[2254.941s][info][gc,start       ] GC(371) Pause Young (Concurrent Start) (G1 Evacuation Pause)
[2254.941s][info][gc,task        ] GC(371) Using 6 workers of 6 for evacuation
[2255.057s][info][gc,phases      ] GC(371)   Pre Evacuate Collection Set: 0.43ms
[2255.057s][info][gc,phases      ] GC(371)   Merge Heap Roots: 0.48ms
[2255.057s][info][gc,phases      ] GC(371)   Evacuate Collection Set: 114.10ms
[2255.057s][info][gc,phases      ] GC(371)   Post Evacuate Collection Set: 0.90ms
[2255.057s][info][gc,phases      ] GC(371)   Other: 0.12ms
[2255.057s][info][gc,heap        ] GC(371) Eden regions: 1117->0(1121)
[2255.057s][info][gc,heap        ] GC(371) Survivor regions: 111->107(154)
[2255.057s][info][gc,heap        ] GC(371) Old regions: 471->503
[2255.057s][info][gc,heap        ] GC(371) Humongous regions: 80->80
[2255.057s][info][gc,metaspace   ] GC(371) Metaspace: 28982K(29312K)->28982K(29312K) NonClass: 24098K(24192K)->24098K(24192K) Class: 4884K(5120K)->4884K(5120K)
[2255.057s][info][gc             ] GC(371) Pause Young (Concurrent Start) (G1 Evacuation Pause) 3555M->1378M(4096M) 116.184ms
[2255.058s][info][gc             ] GC(372) Concurrent Mark Cycle
[2255.058s][info][gc,marking     ] GC(372) Concurrent Scan Root Regions
[2255.058s][info][gc,cpu         ] GC(371) User=0.69s Sys=0.01s Real=0.12s
[2255.185s][info][gc,marking     ] GC(372) Concurrent Scan Root Regions 127.004ms
[2255.185s][info][gc,marking     ] GC(372) Concurrent Mark
[2255.185s][info][gc,marking     ] GC(372) Concurrent Mark From Roots
[2255.185s][info][gc,task        ] GC(372) Using 2 workers of 2 for marking
.[2255.747s][info][gc,marking     ] GC(372) Concurrent Mark From Roots 562.229ms
[2255.747s][info][gc,marking     ] GC(372) Concurrent Preclean
[2255.747s][info][gc,marking     ] GC(372) Concurrent Preclean 0.066ms
[2255.747s][info][gc,start       ] GC(372) Pause Remark
[2255.750s][info][gc             ] GC(372) Pause Remark 1679M->1679M(4096M) 2.978ms
[2255.750s][info][gc,cpu         ] GC(372) User=0.02s Sys=0.00s Real=0.00s
[2255.750s][info][gc,marking     ] GC(372) Concurrent Mark 565.515ms
[2255.750s][info][gc,marking     ] GC(372) Concurrent Rebuild Remembered Sets and Scrub Regions
[2256.020s][info][gc,marking     ] GC(372) Concurrent Rebuild Remembered Sets and Scrub Regions 270.303ms
[2256.021s][info][gc,start       ] GC(372) Pause Cleanup
[2256.021s][info][gc             ] GC(372) Pause Cleanup 1787M->1787M(4096M) 0.139ms
[2256.021s][info][gc,cpu         ] GC(372) User=0.01s Sys=0.00s Real=0.00s
[2256.021s][info][gc,marking     ] GC(372) Concurrent Clear Claimed Marks
[2256.021s][info][gc,marking     ] GC(372) Concurrent Clear Claimed Marks 0.061ms
[2256.021s][info][gc,marking     ] GC(372) Concurrent Cleanup for Next Mark
[2256.026s][info][gc,marking     ] GC(372) Concurrent Cleanup for Next Mark 4.711ms
[2256.026s][info][gc             ] GC(372) Concurrent Mark Cycle 968.688ms
....[2260.418s][info][gc,start       ] GC(373) Pause Young (Prepare Mixed) (G1 Evacuation Pause)
[2260.418s][info][gc,task        ] GC(373) Using 6 workers of 6 for evacuation
[2260.535s][info][gc,phases      ] GC(373)   Pre Evacuate Collection Set: 0.35ms
[2260.535s][info][gc,phases      ] GC(373)   Merge Heap Roots: 0.53ms
[2260.535s][info][gc,phases      ] GC(373)   Evacuate Collection Set: 114.44ms
[2260.535s][info][gc,phases      ] GC(373)   Post Evacuate Collection Set: 0.93ms
[2260.535s][info][gc,phases      ] GC(373)   Other: 0.10ms
[2260.535s][info][gc,heap        ] GC(373) Eden regions: 1121->0(1114)
[2260.535s][info][gc,heap        ] GC(373) Survivor regions: 107->108(154)
[2260.535s][info][gc,heap        ] GC(373) Old regions: 503->535
[2260.535s][info][gc,heap        ] GC(373) Humongous regions: 80->80
[2260.535s][info][gc,metaspace   ] GC(373) Metaspace: 28982K(29312K)->28982K(29312K) NonClass: 24098K(24192K)->24098K(24192K) Class: 4884K(5120K)->4884K(5120K)
[2260.535s][info][gc             ] GC(373) Pause Young (Prepare Mixed) (G1 Evacuation Pause) 3620M->1443M(4096M) 116.500ms
[2260.535s][info][gc,cpu         ] GC(373) User=0.69s Sys=0.00s Real=0.11s
......[2265.961s][info][gc,start       ] GC(374) Pause Young (Mixed) (G1 Evacuation Pause)
[2265.961s][info][gc,task        ] GC(374) Using 6 workers of 6 for evacuation
[2266.095s][info][gc,phases      ] GC(374)   Pre Evacuate Collection Set: 0.40ms
[2266.095s][info][gc,phases      ] GC(374)   Merge Heap Roots: 0.77ms
[2266.095s][info][gc,phases      ] GC(374)   Evacuate Collection Set: 131.71ms
[2266.095s][info][gc,phases      ] GC(374)   Post Evacuate Collection Set: 0.95ms
[2266.095s][info][gc,phases      ] GC(374)   Other: 0.09ms
[2266.095s][info][gc,heap        ] GC(374) Eden regions: 1114->0(1120)
[2266.095s][info][gc,heap        ] GC(374) Survivor regions: 108->108(153)
[2266.095s][info][gc,heap        ] GC(374) Old regions: 535->470
[2266.095s][info][gc,heap        ] GC(374) Humongous regions: 80->80
[2266.095s][info][gc,metaspace   ] GC(374) Metaspace: 28982K(29312K)->28982K(29312K) NonClass: 24098K(24192K)->24098K(24192K) Class: 4884K(5120K)->4884K(5120K)
[2266.095s][info][gc             ] GC(374) Pause Young (Mixed) (G1 Evacuation Pause) 3671M->1314M(4096M) 134.057ms
[2266.095s][info][gc,cpu         ] GC(374) User=0.79s Sys=0.00s Real=0.13s
.. (rIR:aIR:PR = 3459:3461:3461) (tPR = 51494) [OK] 
  2267s: Performance info:
         Transaction,    Success,    Partial,     Failed,   Receipts, AvgBarcode, 
             Overall,     208483,          0,          0,     198064,      59.48, 
         Response times:
             Request,    Success,    Partial,     Failed,   SkipFail,     Probes,    Samples,      min,      p50,      p90,      p95,      p99,      max, 
       TotalPurchase,     198064,          0,          0,          0,     193386,     207216,      300,     2900,     5000,     6800,    35000,   211000,
     InStorePurchase,     104229,          0,          0,          0,     101756,     108948,      300,     2900,     4900,     6700,    35000,   211000,
      OnlinePurchase,      72964,          0,          0,          0,      71554,      76579,      300,     2900,     5000,     6800,    34000,   178000,
        InstPurchase,      20871,          0,          0,          0,      20076,      21689,      400,     2900,     4900,     6800,    36000,   143000,
          AssocOfCat,        207,          0,          0,          0,        147,        205,    22000,    29000,    39400,    52000,   106980,   178000,
      AssocOfProduct,       2077,          0,          0,          0,       1909,       2233,      600,     3300,     4900,     6730,    39000,   141000,
      BusinessReport,        520,          0,          0,          0,        437,        550,    19900,    29000,    45000,    50000,   104330,   176000,
          CustBuyBeh,       2084,          0,          0,          0,       1963,       2299,      200,     2300,     4600,     6000,    40000,   120000,
       ProductReturn,       5531,          0,          0,          0,       5133,       5669,      200,     3300,     5300,     7700,    42000,   158000,

  2267s: (26%)   IR =   3598 ...[2271.265s][info][gc,start       ] GC(375) Pause Young (Concurrent Start) (G1 Evacuation Pause)
[2271.265s][info][gc,task        ] GC(375) Using 6 workers of 6 for evacuation
[2271.383s][info][gc,phases      ] GC(375)   Pre Evacuate Collection Set: 0.39ms
[2271.383s][info][gc,phases      ] GC(375)   Merge Heap Roots: 0.52ms
[2271.383s][info][gc,phases      ] GC(375)   Evacuate Collection Set: 115.95ms
[2271.383s][info][gc,phases      ] GC(375)   Post Evacuate Collection Set: 0.91ms
[2271.383s][info][gc,phases      ] GC(375)   Other: 0.12ms
[2271.383s][info][gc,heap        ] GC(375) Eden regions: 1120->0(1119)
[2271.383s][info][gc,heap        ] GC(375) Survivor regions: 108->109(154)
[2271.383s][info][gc,heap        ] GC(375) Old regions: 470->502
[2271.383s][info][gc,heap        ] GC(375) Humongous regions: 80->80
[2271.383s][info][gc,metaspace   ] GC(375) Metaspace: 28992K(29376K)->28992K(29376K) NonClass: 24108K(24256K)->24108K(24256K) Class: 4884K(5120K)->4884K(5120K)
[2271.383s][info][gc             ] GC(375) Pause Young (Concurrent Start) (G1 Evacuation Pause) 3554M->1379M(4096M) 118.039ms
[2271.383s][info][gc             ] GC(376) Concurrent Mark Cycle
[2271.383s][info][gc,marking     ] GC(376) Concurrent Scan Root Regions
[2271.383s][info][gc,cpu         ] GC(375) User=0.69s Sys=0.00s Real=0.12s
[2271.517s][info][gc,marking     ] GC(376) Concurrent Scan Root Regions 133.508ms
[2271.517s][info][gc,marking     ] GC(376) Concurrent Mark
[2271.517s][info][gc,marking     ] GC(376) Concurrent Mark From Roots
[2271.517s][info][gc,task        ] GC(376) Using 2 workers of 2 for marking
.[2272.100s][info][gc,marking     ] GC(376) Concurrent Mark From Roots 583.157ms
[2272.100s][info][gc,marking     ] GC(376) Concurrent Preclean
[2272.100s][info][gc,marking     ] GC(376) Concurrent Preclean 0.076ms
[2272.100s][info][gc,start       ] GC(376) Pause Remark
[2272.104s][info][gc             ] GC(376) Pause Remark 1743M->1743M(4096M) 3.161ms
[2272.104s][info][gc,cpu         ] GC(376) User=0.02s Sys=0.00s Real=0.00s
[2272.104s][info][gc,marking     ] GC(376) Concurrent Mark 587.204ms
[2272.104s][info][gc,marking     ] GC(376) Concurrent Rebuild Remembered Sets and Scrub Regions
[2272.325s][info][gc,marking     ] GC(376) Concurrent Rebuild Remembered Sets and Scrub Regions 220.292ms
[2272.325s][info][gc,start       ] GC(376) Pause Cleanup
[2272.325s][info][gc             ] GC(376) Pause Cleanup 1829M->1829M(4096M) 0.121ms
[2272.325s][info][gc,cpu         ] GC(376) User=0.00s Sys=0.00s Real=0.00s
[2272.325s][info][gc,marking     ] GC(376) Concurrent Clear Claimed Marks
[2272.325s][info][gc,marking     ] GC(376) Concurrent Clear Claimed Marks 0.027ms
[2272.325s][info][gc,marking     ] GC(376) Concurrent Cleanup for Next Mark
[2272.328s][info][gc,marking     ] GC(376) Concurrent Cleanup for Next Mark 3.528ms
[2272.328s][info][gc             ] GC(376) Concurrent Mark Cycle 945.075ms
.|...[2276.558s][info][gc,start       ] GC(377) Pause Young (Prepare Mixed) (G1 Evacuation Pause)
[2276.558s][info][gc,task        ] GC(377) Using 6 workers of 6 for evacuation
[2276.676s][info][gc,phases      ] GC(377)   Pre Evacuate Collection Set: 0.39ms
[2276.676s][info][gc,phases      ] GC(377)   Merge Heap Roots: 0.54ms
[2276.676s][info][gc,phases      ] GC(377)   Evacuate Collection Set: 115.55ms
[2276.676s][info][gc,phases      ] GC(377)   Post Evacuate Collection Set: 0.94ms
[2276.676s][info][gc,phases      ] GC(377)   Other: 0.09ms
[2276.676s][info][gc,heap        ] GC(377) Eden regions: 1119->0(1113)
[2276.676s][info][gc,heap        ] GC(377) Survivor regions: 109->109(154)
[2276.676s][info][gc,heap        ] GC(377) Old regions: 502->534
[2276.676s][info][gc,heap        ] GC(377) Humongous regions: 80->80
[2276.676s][info][gc,metaspace   ] GC(377) Metaspace: 28992K(29376K)->28992K(29376K) NonClass: 24108K(24256K)->24108K(24256K) Class: 4884K(5120K)->4884K(5120K)
[2276.676s][info][gc             ] GC(377) Pause Young (Prepare Mixed) (G1 Evacuation Pause) 3617M->1443M(4096M) 117.646ms
[2276.676s][info][gc,cpu         ] GC(377) User=0.69s Sys=0.00s Real=0.12s
.....[2281.743s][info][gc,start       ] GC(378) Pause Young (Mixed) (G1 Evacuation Pause)
[2281.743s][info][gc,task        ] GC(378) Using 6 workers of 6 for evacuation
[2281.877s][info][gc,phases      ] GC(378)   Pre Evacuate Collection Set: 0.39ms
[2281.877s][info][gc,phases      ] GC(378)   Merge Heap Roots: 0.75ms
[2281.877s][info][gc,phases      ] GC(378)   Evacuate Collection Set: 131.86ms
[2281.877s][info][gc,phases      ] GC(378)   Post Evacuate Collection Set: 0.97ms
[2281.877s][info][gc,phases      ] GC(378)   Other: 0.09ms
[2281.877s][info][gc,heap        ] GC(378) Eden regions: 1113->0(1118)
[2281.877s][info][gc,heap        ] GC(378) Survivor regions: 109->110(153)
[2281.877s][info][gc,heap        ] GC(378) Old regions: 534->470
[2281.877s][info][gc,heap        ] GC(378) Humongous regions: 80->80
[2281.877s][info][gc,metaspace   ] GC(378) Metaspace: 28992K(29376K)->28992K(29376K) NonClass: 24108K(24256K)->24108K(24256K) Class: 4884K(5120K)->4884K(5120K)
[2281.877s][info][gc             ] GC(378) Pause Young (Mixed) (G1 Evacuation Pause) 3669M->1318M(4096M) 134.215ms
[2281.877s][info][gc,cpu         ] GC(378) User=0.79s Sys=0.00s Real=0.14s
......[2287.064s][info][gc,start       ] GC(379) Pause Young (Concurrent Start) (G1 Evacuation Pause)
[2287.064s][info][gc,task        ] GC(379) Using 6 workers of 6 for evacuation
[2287.182s][info][gc,phases      ] GC(379)   Pre Evacuate Collection Set: 0.38ms
[2287.183s][info][gc,phases      ] GC(379)   Merge Heap Roots: 0.54ms
[2287.183s][info][gc,phases      ] GC(379)   Evacuate Collection Set: 116.05ms
[2287.183s][info][gc,phases      ] GC(379)   Post Evacuate Collection Set: 0.91ms
[2287.183s][info][gc,phases      ] GC(379)   Other: 0.12ms
[2287.183s][info][gc,heap        ] GC(379) Eden regions: 1118->0(1119)
[2287.183s][info][gc,heap        ] GC(379) Survivor regions: 110->109(154)
[2287.183s][info][gc,heap        ] GC(379) Old regions: 470->502
[2287.183s][info][gc,heap        ] GC(379) Humongous regions: 80->80
[2287.183s][info][gc,metaspace   ] GC(379) Metaspace: 28992K(29376K)->28992K(29376K) NonClass: 24108K(24256K)->24108K(24256K) Class: 4884K(5120K)->4884K(5120K)
[2287.183s][info][gc             ] GC(379) Pause Young (Concurrent Start) (G1 Evacuation Pause) 3554M->1379M(4096M) 118.143ms
[2287.183s][info][gc             ] GC(380) Concurrent Mark Cycle
[2287.183s][info][gc,marking     ] GC(380) Concurrent Scan Root Regions
[2287.183s][info][gc,cpu         ] GC(379) User=0.70s Sys=0.00s Real=0.12s
[2287.330s][info][gc,marking     ] GC(380) Concurrent Scan Root Regions 147.273ms
[2287.330s][info][gc,marking     ] GC(380) Concurrent Mark
[2287.330s][info][gc,marking     ] GC(380) Concurrent Mark From Roots
[2287.330s][info][gc,task        ] GC(380) Using 2 workers of 2 for marking
.[2287.954s][info][gc,marking     ] GC(380) Concurrent Mark From Roots 624.475ms
[2287.954s][info][gc,marking     ] GC(380) Concurrent Preclean
[2287.955s][info][gc,marking     ] GC(380) Concurrent Preclean 0.078ms
[2287.955s][info][gc,start       ] GC(380) Pause Remark
[2287.958s][info][gc             ] GC(380) Pause Remark 1741M->1741M(4096M) 3.655ms
[2287.958s][info][gc,cpu         ] GC(380) User=0.02s Sys=0.00s Real=0.01s
[2287.961s][info][gc,marking     ] GC(380) Concurrent Mark 630.586ms
[2287.961s][info][gc,marking     ] GC(380) Concurrent Rebuild Remembered Sets and Scrub Regions
[2288.213s][info][gc,marking     ] GC(380) Concurrent Rebuild Remembered Sets and Scrub Regions 252.580ms
[2288.213s][info][gc,start       ] GC(380) Pause Cleanup
[2288.213s][info][gc             ] GC(380) Pause Cleanup 1861M->1861M(4096M) 0.125ms
[2288.213s][info][gc,cpu         ] GC(380) User=0.00s Sys=0.00s Real=0.00s
[2288.213s][info][gc,marking     ] GC(380) Concurrent Clear Claimed Marks
[2288.213s][info][gc,marking     ] GC(380) Concurrent Clear Claimed Marks 0.030ms
[2288.213s][info][gc,marking     ] GC(380) Concurrent Cleanup for Next Mark
[2288.218s][info][gc,marking     ] GC(380) Concurrent Cleanup for Next Mark 4.563ms
[2288.218s][info][gc             ] GC(380) Concurrent Mark Cycle 1035.570ms
....[2292.274s][info][gc,start       ] GC(381) Pause Young (Prepare Mixed) (G1 Evacuation Pause)
[2292.274s][info][gc,task        ] GC(381) Using 6 workers of 6 for evacuation
[2292.392s][info][gc,phases      ] GC(381)   Pre Evacuate Collection Set: 0.36ms
[2292.392s][info][gc,phases      ] GC(381)   Merge Heap Roots: 0.54ms
[2292.392s][info][gc,phases      ] GC(381)   Evacuate Collection Set: 115.59ms
[2292.392s][info][gc,phases      ] GC(381)   Post Evacuate Collection Set: 0.96ms
[2292.392s][info][gc,phases      ] GC(381)   Other: 0.10ms
[2292.392s][info][gc,heap        ] GC(381) Eden regions: 1119->0(1113)
[2292.392s][info][gc,heap        ] GC(381) Survivor regions: 109->109(154)
[2292.392s][info][gc,heap        ] GC(381) Old regions: 502->534
[2292.392s][info][gc,heap        ] GC(381) Humongous regions: 80->80
[2292.392s][info][gc,metaspace   ] GC(381) Metaspace: 28992K(29376K)->28992K(29376K) NonClass: 24108K(24256K)->24108K(24256K) Class: 4884K(5120K)->4884K(5120K)
[2292.392s][info][gc             ] GC(381) Pause Young (Prepare Mixed) (G1 Evacuation Pause) 3617M->1443M(4096M) 117.682ms
[2292.392s][info][gc,cpu         ] GC(381) User=0.70s Sys=0.00s Real=0.12s
.....[2297.478s][info][gc,start       ] GC(382) Pause Young (Mixed) (G1 Evacuation Pause)
[2297.478s][info][gc,task        ] GC(382) Using 6 workers of 6 for evacuation
[2297.616s][info][gc,phases      ] GC(382)   Pre Evacuate Collection Set: 0.40ms
[2297.616s][info][gc,phases      ] GC(382)   Merge Heap Roots: 0.75ms
[2297.616s][info][gc,phases      ] GC(382)   Evacuate Collection Set: 135.50ms
[2297.616s][info][gc,phases      ] GC(382)   Post Evacuate Collection Set: 0.97ms
[2297.616s][info][gc,phases      ] GC(382)   Other: 0.09ms
[2297.616s][info][gc,heap        ] GC(382) Eden regions: 1113->0(1118)
[2297.616s][info][gc,heap        ] GC(382) Survivor regions: 109->110(153)
[2297.616s][info][gc,heap        ] GC(382) Old regions: 534->471
[2297.616s][info][gc,heap        ] GC(382) Humongous regions: 80->80
[2297.616s][info][gc,metaspace   ] GC(382) Metaspace: 28992K(29376K)->28992K(29376K) NonClass: 24108K(24256K)->24108K(24256K) Class: 4884K(5120K)->4884K(5120K)
[2297.616s][info][gc             ] GC(382) Pause Young (Mixed) (G1 Evacuation Pause) 3669M->1318M(4096M) 137.830ms
[2297.616s][info][gc,cpu         ] GC(382) User=0.82s Sys=0.00s Real=0.14s
.....[2302.704s][info][gc,start       ] GC(383) Pause Young (Concurrent Start) (G1 Evacuation Pause)
[2302.704s][info][gc,task        ] GC(383) Using 6 workers of 6 for evacuation
[2302.824s][info][gc,phases      ] GC(383)   Pre Evacuate Collection Set: 0.38ms
[2302.824s][info][gc,phases      ] GC(383)   Merge Heap Roots: 0.50ms
[2302.824s][info][gc,phases      ] GC(383)   Evacuate Collection Set: 118.10ms
[2302.824s][info][gc,phases      ] GC(383)   Post Evacuate Collection Set: 0.92ms
[2302.824s][info][gc,phases      ] GC(383)   Other: 0.12ms
[2302.824s][info][gc,heap        ] GC(383) Eden regions: 1118->0(1117)
[2302.824s][info][gc,heap        ] GC(383) Survivor regions: 110->111(154)
[2302.824s][info][gc,heap        ] GC(383) Old regions: 471->502
[2302.824s][info][gc,heap        ] GC(383) Humongous regions: 80->80
[2302.824s][info][gc,metaspace   ] GC(383) Metaspace: 28992K(29376K)->28992K(29376K) NonClass: 24108K(24256K)->24108K(24256K) Class: 4884K(5120K)->4884K(5120K)
[2302.824s][info][gc             ] GC(383) Pause Young (Concurrent Start) (G1 Evacuation Pause) 3554M->1383M(4096M) 120.168ms
[2302.825s][info][gc             ] GC(384) Concurrent Mark Cycle
[2302.825s][info][gc,marking     ] GC(384) Concurrent Scan Root Regions
[2302.825s][info][gc,cpu         ] GC(383) User=0.71s Sys=0.00s Real=0.12s
.[2302.994s][info][gc,marking     ] GC(384) Concurrent Scan Root Regions 169.943ms
[2302.994s][info][gc,marking     ] GC(384) Concurrent Mark
[2302.994s][info][gc,marking     ] GC(384) Concurrent Mark From Roots
[2302.994s][info][gc,task        ] GC(384) Using 2 workers of 2 for marking
.[2303.963s][info][gc,marking     ] GC(384) Concurrent Mark From Roots 968.669ms
[2303.963s][info][gc,marking     ] GC(384) Concurrent Preclean
[2303.963s][info][gc,marking     ] GC(384) Concurrent Preclean 0.054ms
[2303.963s][info][gc,start       ] GC(384) Pause Remark
[2303.968s][info][gc             ] GC(384) Pause Remark 1923M->1923M(4096M) 4.735ms
[2303.968s][info][gc,cpu         ] GC(384) User=0.03s Sys=0.00s Real=0.01s
[2303.968s][info][gc,marking     ] GC(384) Concurrent Mark 973.710ms
[2303.968s][info][gc,marking     ] GC(384) Concurrent Rebuild Remembered Sets and Scrub Regions
[2304.329s][info][gc,marking     ] GC(384) Concurrent Rebuild Remembered Sets and Scrub Regions 360.338ms
[2304.329s][info][gc,start       ] GC(384) Pause Cleanup
[2304.329s][info][gc             ] GC(384) Pause Cleanup 2059M->2059M(4096M) 0.112ms
[2304.329s][info][gc,cpu         ] GC(384) User=0.00s Sys=0.00s Real=0.00s
[2304.329s][info][gc,marking     ] GC(384) Concurrent Clear Claimed Marks
[2304.329s][info][gc,marking     ] GC(384) Concurrent Clear Claimed Marks 0.031ms
[2304.329s][info][gc,marking     ] GC(384) Concurrent Cleanup for Next Mark
[2304.333s][info][gc,marking     ] GC(384) Concurrent Cleanup for Next Mark 4.042ms
[2304.333s][info][gc             ] GC(384) Concurrent Mark Cycle 1508.488ms
....[2308.014s][info][gc,start       ] GC(385) Pause Young (Prepare Mixed) (G1 Evacuation Pause)
[2308.014s][info][gc,task        ] GC(385) Using 6 workers of 6 for evacuation
[2308.130s][info][gc,phases      ] GC(385)   Pre Evacuate Collection Set: 0.36ms
[2308.130s][info][gc,phases      ] GC(385)   Merge Heap Roots: 0.52ms
[2308.130s][info][gc,phases      ] GC(385)   Evacuate Collection Set: 113.93ms
[2308.130s][info][gc,phases      ] GC(385)   Post Evacuate Collection Set: 0.99ms
[2308.130s][info][gc,phases      ] GC(385)   Other: 0.09ms
[2308.130s][info][gc,heap        ] GC(385) Eden regions: 1117->0(1113)
[2308.130s][info][gc,heap        ] GC(385) Survivor regions: 111->109(154)
[2308.130s][info][gc,heap        ] GC(385) Old regions: 502->534
[2308.130s][info][gc,heap        ] GC(385) Humongous regions: 80->80
[2308.130s][info][gc,metaspace   ] GC(385) Metaspace: 28992K(29376K)->28992K(29376K) NonClass: 24108K(24256K)->24108K(24256K) Class: 4884K(5120K)->4884K(5120K)
[2308.130s][info][gc             ] GC(385) Pause Young (Prepare Mixed) (G1 Evacuation Pause) 3617M->1442M(4096M) 116.014ms
[2308.130s][info][gc,cpu         ] GC(385) User=0.69s Sys=0.00s Real=0.12s
.....[2313.322s][info][gc,start       ] GC(386) Pause Young (Mixed) (G1 Evacuation Pause)
[2313.322s][info][gc,task        ] GC(386) Using 6 workers of 6 for evacuation
[2313.464s][info][gc,phases      ] GC(386)   Pre Evacuate Collection Set: 0.38ms
[2313.464s][info][gc,phases      ] GC(386)   Merge Heap Roots: 0.78ms
[2313.464s][info][gc,phases      ] GC(386)   Evacuate Collection Set: 140.23ms
[2313.464s][info][gc,phases      ] GC(386)   Post Evacuate Collection Set: 0.97ms
[2313.464s][info][gc,phases      ] GC(386)   Other: 0.09ms
[2313.464s][info][gc,heap        ] GC(386) Eden regions: 1113->0(1117)
[2313.464s][info][gc,heap        ] GC(386) Survivor regions: 109->111(153)
[2313.464s][info][gc,heap        ] GC(386) Old regions: 534->471
[2313.464s][info][gc,heap        ] GC(386) Humongous regions: 80->80
[2313.464s][info][gc,metaspace   ] GC(386) Metaspace: 28992K(29376K)->28992K(29376K) NonClass: 24108K(24256K)->24108K(24256K) Class: 4884K(5120K)->4884K(5120K)
[2313.464s][info][gc             ] GC(386) Pause Young (Mixed) (G1 Evacuation Pause) 3668M->1322M(4096M) 142.597ms
[2313.464s][info][gc,cpu         ] GC(386) User=0.84s Sys=0.00s Real=0.14s
.....[2318.483s][info][gc,start       ] GC(387) Pause Young (Concurrent Start) (G1 Evacuation Pause)
[2318.483s][info][gc,task        ] GC(387) Using 6 workers of 6 for evacuation
[2318.601s][info][gc,phases      ] GC(387)   Pre Evacuate Collection Set: 0.41ms
[2318.601s][info][gc,phases      ] GC(387)   Merge Heap Roots: 0.51ms
[2318.601s][info][gc,phases      ] GC(387)   Evacuate Collection Set: 116.21ms
[2318.601s][info][gc,phases      ] GC(387)   Post Evacuate Collection Set: 0.92ms
[2318.601s][info][gc,phases      ] GC(387)   Other: 0.10ms
[2318.601s][info][gc,heap        ] GC(387) Eden regions: 1117->0(1119)
[2318.601s][info][gc,heap        ] GC(387) Survivor regions: 111->109(154)
[2318.601s][info][gc,heap        ] GC(387) Old regions: 471->504
[2318.601s][info][gc,heap        ] GC(387) Humongous regions: 80->80
[2318.601s][info][gc,metaspace   ] GC(387) Metaspace: 28992K(29376K)->28992K(29376K) NonClass: 24108K(24256K)->24108K(24256K) Class: 4884K(5120K)->4884K(5120K)
[2318.601s][info][gc             ] GC(387) Pause Young (Concurrent Start) (G1 Evacuation Pause) 3556M->1382M(4096M) 118.297ms
[2318.601s][info][gc             ] GC(388) Concurrent Mark Cycle
[2318.601s][info][gc,marking     ] GC(388) Concurrent Scan Root Regions
[2318.601s][info][gc,cpu         ] GC(387) User=0.70s Sys=0.01s Real=0.12s
[2318.772s][info][gc,marking     ] GC(388) Concurrent Scan Root Regions 170.501ms
[2318.772s][info][gc,marking     ] GC(388) Concurrent Mark
[2318.772s][info][gc,marking     ] GC(388) Concurrent Mark From Roots
[2318.772s][info][gc,task        ] GC(388) Using 2 workers of 2 for marking
.[2319.698s][info][gc,marking     ] GC(388) Concurrent Mark From Roots 925.838ms
[2319.698s][info][gc,marking     ] GC(388) Concurrent Preclean
[2319.698s][info][gc,marking     ] GC(388) Concurrent Preclean 0.064ms
[2319.698s][info][gc,start       ] GC(388) Pause Remark
[2319.702s][info][gc             ] GC(388) Pause Remark 1897M->1897M(4096M) 4.318ms
[2319.702s][info][gc,cpu         ] GC(388) User=0.02s Sys=0.01s Real=0.00s
[2319.702s][info][gc,marking     ] GC(388) Concurrent Mark 930.479ms
[2319.702s][info][gc,marking     ] GC(388) Concurrent Rebuild Remembered Sets and Scrub Regions
.[2320.097s][info][gc,marking     ] GC(388) Concurrent Rebuild Remembered Sets and Scrub Regions 394.361ms
[2320.097s][info][gc,start       ] GC(388) Pause Cleanup
[2320.097s][info][gc             ] GC(388) Pause Cleanup 2048M->2048M(4096M) 0.130ms
[2320.097s][info][gc,cpu         ] GC(388) User=0.00s Sys=0.00s Real=0.00s
[2320.097s][info][gc,marking     ] GC(388) Concurrent Clear Claimed Marks
[2320.097s][info][gc,marking     ] GC(388) Concurrent Clear Claimed Marks 0.027ms
[2320.097s][info][gc,marking     ] GC(388) Concurrent Cleanup for Next Mark
[2320.100s][info][gc,marking     ] GC(388) Concurrent Cleanup for Next Mark 3.454ms
[2320.100s][info][gc             ] GC(388) Concurrent Mark Cycle 1499.259ms
...[2323.745s][info][gc,start       ] GC(389) Pause Young (Prepare Mixed) (G1 Evacuation Pause)
[2323.745s][info][gc,task        ] GC(389) Using 6 workers of 6 for evacuation
[2323.867s][info][gc,phases      ] GC(389)   Pre Evacuate Collection Set: 0.35ms
[2323.867s][info][gc,phases      ] GC(389)   Merge Heap Roots: 0.51ms
[2323.867s][info][gc,phases      ] GC(389)   Evacuate Collection Set: 119.58ms
[2323.867s][info][gc,phases      ] GC(389)   Post Evacuate Collection Set: 0.94ms
[2323.867s][info][gc,phases      ] GC(389)   Other: 0.10ms
[2323.867s][info][gc,heap        ] GC(389) Eden regions: 1119->0(1105)
[2323.867s][info][gc,heap        ] GC(389) Survivor regions: 109->112(154)
[2323.867s][info][gc,heap        ] GC(389) Old regions: 504->536
[2323.867s][info][gc,heap        ] GC(389) Humongous regions: 80->80
[2323.867s][info][gc,metaspace   ] GC(389) Metaspace: 28993K(29376K)->28993K(29376K) NonClass: 24108K(24256K)->24108K(24256K) Class: 4884K(5120K)->4884K(5120K)
[2323.867s][info][gc             ] GC(389) Pause Young (Prepare Mixed) (G1 Evacuation Pause) 3620M->1452M(4096M) 121.612ms
[2323.867s][info][gc,cpu         ] GC(389) User=0.72s Sys=0.00s Real=0.13s
......[2328.971s][info][gc,start       ] GC(390) Pause Young (Mixed) (G1 Evacuation Pause)
[2328.971s][info][gc,task        ] GC(390) Using 6 workers of 6 for evacuation
[2329.103s][info][gc,phases      ] GC(390)   Pre Evacuate Collection Set: 0.39ms
[2329.103s][info][gc,phases      ] GC(390)   Merge Heap Roots: 0.63ms
[2329.103s][info][gc,phases      ] GC(390)   Evacuate Collection Set: 129.00ms
[2329.103s][info][gc,phases      ] GC(390)   Post Evacuate Collection Set: 0.96ms
[2329.103s][info][gc,phases      ] GC(390)   Other: 0.09ms
[2329.103s][info][gc,heap        ] GC(390) Eden regions: 1105->0(1121)
[2329.103s][info][gc,heap        ] GC(390) Survivor regions: 112->107(153)
[2329.103s][info][gc,heap        ] GC(390) Old regions: 536->471
[2329.103s][info][gc,heap        ] GC(390) Humongous regions: 80->80
[2329.103s][info][gc,metaspace   ] GC(390) Metaspace: 28993K(29376K)->28993K(29376K) NonClass: 24108K(24256K)->24108K(24256K) Class: 4884K(5120K)->4884K(5120K)
[2329.103s][info][gc             ] GC(390) Pause Young (Mixed) (G1 Evacuation Pause) 3662M->1313M(4096M) 131.200ms
[2329.103s][info][gc,cpu         ] GC(390) User=0.77s Sys=0.00s Real=0.13s
.... (rIR:aIR:PR = 3598:3598:3597) (tPR = 53537) [OK] 
  2332s: Performance info:
         Transaction,    Success,    Partial,     Failed,   Receipts, AvgBarcode, 
             Overall,     216326,          0,          0,     205498,      59.48, 
         Response times:
             Request,    Success,    Partial,     Failed,   SkipFail,     Probes,    Samples,      min,      p50,      p90,      p95,      p99,      max, 
       TotalPurchase,     205557,          0,          0,          0,     200334,     219130,      300,     3000,     4900,     6200,    28000,   200000,
     InStorePurchase,     108190,          0,          0,          0,     105377,     114923,      300,     3000,     5000,     6300,    29000,   167000,
      OnlinePurchase,      75698,          0,          0,          0,      74013,      80938,      300,     2800,     4800,     6000,    25000,   200000,
        InstPurchase,      21669,          0,          0,          0,      20944,      23269,      400,     3100,     5100,     6450,    29000,   150000,
          AssocOfCat,        214,          0,          0,          0,        162,        230,    20000,    28000,    38000,    48000,    69350,   153000,
      AssocOfProduct,       2171,          0,          0,          0,       1970,       2297,     1000,     3800,     5600,     7200,    44020,   128000,
      BusinessReport,        541,          0,          0,          0,        455,        614,    23000,    31000,    46000,    67250,   174000,   229000,
          CustBuyBeh,       2165,          0,          0,          0,       1948,       2248,      800,     3100,     4900,     6200,    31510,   135000,
       ProductReturn,       5740,          0,          0,          0,       5425,       6109,      200,     2000,     3500,     4300,    18390,   128000,

  2332s: (27%)   IR =   3736 .[2334.203s][info][gc,start       ] GC(391) Pause Young (Concurrent Start) (G1 Evacuation Pause)
[2334.203s][info][gc,task        ] GC(391) Using 6 workers of 6 for evacuation
[2334.324s][info][gc,phases      ] GC(391)   Pre Evacuate Collection Set: 0.38ms
[2334.324s][info][gc,phases      ] GC(391)   Merge Heap Roots: 0.51ms
[2334.324s][info][gc,phases      ] GC(391)   Evacuate Collection Set: 118.90ms
[2334.324s][info][gc,phases      ] GC(391)   Post Evacuate Collection Set: 0.94ms
[2334.324s][info][gc,phases      ] GC(391)   Other: 0.12ms
[2334.324s][info][gc,heap        ] GC(391) Eden regions: 1121->0(1117)
[2334.324s][info][gc,heap        ] GC(391) Survivor regions: 107->111(154)
[2334.324s][info][gc,heap        ] GC(391) Old regions: 471->503
[2334.324s][info][gc,heap        ] GC(391) Humongous regions: 80->80
[2334.324s][info][gc,metaspace   ] GC(391) Metaspace: 28993K(29376K)->28993K(29376K) NonClass: 24108K(24256K)->24108K(24256K) Class: 4884K(5120K)->4884K(5120K)
[2334.324s][info][gc             ] GC(391) Pause Young (Concurrent Start) (G1 Evacuation Pause) 3555M->1385M(4096M) 120.996ms
[2334.324s][info][gc             ] GC(392) Concurrent Mark Cycle
[2334.324s][info][gc,marking     ] GC(392) Concurrent Scan Root Regions
[2334.324s][info][gc,cpu         ] GC(391) User=0.71s Sys=0.00s Real=0.12s
[2334.499s][info][gc,marking     ] GC(392) Concurrent Scan Root Regions 174.594ms
[2334.499s][info][gc,marking     ] GC(392) Concurrent Mark
[2334.499s][info][gc,marking     ] GC(392) Concurrent Mark From Roots
[2334.499s][info][gc,task        ] GC(392) Using 2 workers of 2 for marking
.[2335.427s][info][gc,marking     ] GC(392) Concurrent Mark From Roots 928.086ms
[2335.427s][info][gc,marking     ] GC(392) Concurrent Preclean
[2335.427s][info][gc,marking     ] GC(392) Concurrent Preclean 0.073ms
[2335.427s][info][gc,start       ] GC(392) Pause Remark
[2335.431s][info][gc             ] GC(392) Pause Remark 1939M->1939M(4096M) 4.012ms
[2335.431s][info][gc,cpu         ] GC(392) User=0.02s Sys=0.00s Real=0.00s
[2335.431s][info][gc,marking     ] GC(392) Concurrent Mark 932.463ms
[2335.431s][info][gc,marking     ] GC(392) Concurrent Rebuild Remembered Sets and Scrub Regions
[2335.787s][info][gc,marking     ] GC(392) Concurrent Rebuild Remembered Sets and Scrub Regions 355.795ms
[2335.787s][info][gc,start       ] GC(392) Pause Cleanup
[2335.787s][info][gc             ] GC(392) Pause Cleanup 2121M->2121M(4096M) 0.125ms
[2335.787s][info][gc,cpu         ] GC(392) User=0.00s Sys=0.00s Real=0.00s
[2335.787s][info][gc,marking     ] GC(392) Concurrent Clear Claimed Marks
[2335.787s][info][gc,marking     ] GC(392) Concurrent Clear Claimed Marks 0.030ms
[2335.787s][info][gc,marking     ] GC(392) Concurrent Cleanup for Next Mark
[2335.791s][info][gc,marking     ] GC(392) Concurrent Cleanup for Next Mark 3.658ms
[2335.791s][info][gc             ] GC(392) Concurrent Mark Cycle 1467.004ms
..|..[2339.273s][info][gc,start       ] GC(393) Pause Young (Prepare Mixed) (G1 Evacuation Pause)
[2339.273s][info][gc,task        ] GC(393) Using 6 workers of 6 for evacuation
[2339.390s][info][gc,phases      ] GC(393)   Pre Evacuate Collection Set: 0.36ms
[2339.390s][info][gc,phases      ] GC(393)   Merge Heap Roots: 0.56ms
[2339.390s][info][gc,phases      ] GC(393)   Evacuate Collection Set: 114.87ms
[2339.390s][info][gc,phases      ] GC(393)   Post Evacuate Collection Set: 0.93ms
[2339.390s][info][gc,phases      ] GC(393)   Other: 0.10ms
[2339.390s][info][gc,heap        ] GC(393) Eden regions: 1117->0(1113)
[2339.390s][info][gc,heap        ] GC(393) Survivor regions: 111->109(154)
[2339.390s][info][gc,heap        ] GC(393) Old regions: 503->534
[2339.390s][info][gc,heap        ] GC(393) Humongous regions: 80->80
[2339.390s][info][gc,metaspace   ] GC(393) Metaspace: 28993K(29376K)->28993K(29376K) NonClass: 24108K(24256K)->24108K(24256K) Class: 4884K(5120K)->4884K(5120K)
[2339.390s][info][gc             ] GC(393) Pause Young (Prepare Mixed) (G1 Evacuation Pause) 3619M->1443M(4096M) 116.935ms
[2339.390s][info][gc,cpu         ] GC(393) User=0.69s Sys=0.00s Real=0.12s
.....[2344.254s][info][gc,start       ] GC(394) Pause Young (Mixed) (G1 Evacuation Pause)
[2344.254s][info][gc,task        ] GC(394) Using 6 workers of 6 for evacuation
[2344.388s][info][gc,phases      ] GC(394)   Pre Evacuate Collection Set: 0.43ms
[2344.389s][info][gc,phases      ] GC(394)   Merge Heap Roots: 0.69ms
[2344.389s][info][gc,phases      ] GC(394)   Evacuate Collection Set: 132.35ms
[2344.389s][info][gc,phases      ] GC(394)   Post Evacuate Collection Set: 0.98ms
[2344.389s][info][gc,phases      ] GC(394)   Other: 0.09ms
[2344.389s][info][gc,heap        ] GC(394) Eden regions: 1113->0(1119)
[2344.389s][info][gc,heap        ] GC(394) Survivor regions: 109->109(153)
[2344.389s][info][gc,heap        ] GC(394) Old regions: 534->471
[2344.389s][info][gc,heap        ] GC(394) Humongous regions: 80->80
[2344.389s][info][gc,metaspace   ] GC(394) Metaspace: 28993K(29376K)->28993K(29376K) NonClass: 24108K(24256K)->24108K(24256K) Class: 4884K(5120K)->4884K(5120K)
[2344.389s][info][gc             ] GC(394) Pause Young (Mixed) (G1 Evacuation Pause) 3669M->1317M(4096M) 134.678ms
[2344.389s][info][gc,cpu         ] GC(394) User=0.79s Sys=0.00s Real=0.14s
.....[2349.353s][info][gc,start       ] GC(395) Pause Young (Concurrent Start) (G1 Evacuation Pause)
[2349.353s][info][gc,task        ] GC(395) Using 6 workers of 6 for evacuation
[2349.473s][info][gc,phases      ] GC(395)   Pre Evacuate Collection Set: 0.42ms
[2349.473s][info][gc,phases      ] GC(395)   Merge Heap Roots: 0.51ms
[2349.473s][info][gc,phases      ] GC(395)   Evacuate Collection Set: 117.65ms
[2349.473s][info][gc,phases      ] GC(395)   Post Evacuate Collection Set: 0.91ms
[2349.473s][info][gc,phases      ] GC(395)   Other: 0.13ms
[2349.473s][info][gc,heap        ] GC(395) Eden regions: 1119->0(1118)
[2349.473s][info][gc,heap        ] GC(395) Survivor regions: 109->110(154)
[2349.473s][info][gc,heap        ] GC(395) Old regions: 471->502
[2349.473s][info][gc,heap        ] GC(395) Humongous regions: 80->80
[2349.473s][info][gc,metaspace   ] GC(395) Metaspace: 28993K(29376K)->28993K(29376K) NonClass: 24108K(24256K)->24108K(24256K) Class: 4884K(5120K)->4884K(5120K)
[2349.473s][info][gc             ] GC(395) Pause Young (Concurrent Start) (G1 Evacuation Pause) 3555M->1382M(4096M) 119.762ms
[2349.473s][info][gc             ] GC(396) Concurrent Mark Cycle
[2349.473s][info][gc,marking     ] GC(396) Concurrent Scan Root Regions
[2349.473s][info][gc,cpu         ] GC(395) User=0.70s Sys=0.00s Real=0.12s
[2349.645s][info][gc,marking     ] GC(396) Concurrent Scan Root Regions 171.984ms
[2349.645s][info][gc,marking     ] GC(396) Concurrent Mark
[2349.645s][info][gc,marking     ] GC(396) Concurrent Mark From Roots
[2349.645s][info][gc,task        ] GC(396) Using 2 workers of 2 for marking
.[2350.232s][info][gc,marking     ] GC(396) Concurrent Mark From Roots 586.603ms
[2350.232s][info][gc,marking     ] GC(396) Concurrent Preclean
[2350.232s][info][gc,marking     ] GC(396) Concurrent Preclean 0.062ms
[2350.232s][info][gc,start       ] GC(396) Pause Remark
[2350.236s][info][gc             ] GC(396) Pause Remark 1774M->1774M(4096M) 3.744ms
[2350.236s][info][gc,cpu         ] GC(396) User=0.02s Sys=0.00s Real=0.01s
[2350.236s][info][gc,marking     ] GC(396) Concurrent Mark 590.979ms
[2350.236s][info][gc,marking     ] GC(396) Concurrent Rebuild Remembered Sets and Scrub Regions
[2350.470s][info][gc,marking     ] GC(396) Concurrent Rebuild Remembered Sets and Scrub Regions 234.093ms
[2350.470s][info][gc,start       ] GC(396) Pause Cleanup
[2350.470s][info][gc             ] GC(396) Pause Cleanup 1880M->1880M(4096M) 0.118ms
[2350.470s][info][gc,cpu         ] GC(396) User=0.00s Sys=0.00s Real=0.00s
[2350.471s][info][gc,marking     ] GC(396) Concurrent Clear Claimed Marks
[2350.471s][info][gc,marking     ] GC(396) Concurrent Clear Claimed Marks 0.035ms
[2350.471s][info][gc,marking     ] GC(396) Concurrent Cleanup for Next Mark
[2350.474s][info][gc,marking     ] GC(396) Concurrent Cleanup for Next Mark 3.863ms
[2350.475s][info][gc             ] GC(396) Concurrent Mark Cycle 1001.613ms
....[2354.409s][info][gc,start       ] GC(397) Pause Young (Prepare Mixed) (G1 Evacuation Pause)
[2354.409s][info][gc,task        ] GC(397) Using 6 workers of 6 for evacuation
[2354.527s][info][gc,phases      ] GC(397)   Pre Evacuate Collection Set: 0.35ms
[2354.527s][info][gc,phases      ] GC(397)   Merge Heap Roots: 0.61ms
[2354.527s][info][gc,phases      ] GC(397)   Evacuate Collection Set: 115.94ms
[2354.527s][info][gc,phases      ] GC(397)   Post Evacuate Collection Set: 0.94ms
[2354.527s][info][gc,phases      ] GC(397)   Other: 0.09ms
[2354.527s][info][gc,heap        ] GC(397) Eden regions: 1118->0(1113)
[2354.527s][info][gc,heap        ] GC(397) Survivor regions: 110->109(154)
[2354.527s][info][gc,heap        ] GC(397) Old regions: 502->534
[2354.527s][info][gc,heap        ] GC(397) Humongous regions: 80->80
[2354.527s][info][gc,metaspace   ] GC(397) Metaspace: 28993K(29376K)->28993K(29376K) NonClass: 24108K(24256K)->24108K(24256K) Class: 4884K(5120K)->4884K(5120K)
[2354.527s][info][gc             ] GC(397) Pause Young (Prepare Mixed) (G1 Evacuation Pause) 3618M->1443M(4096M) 118.081ms
[2354.527s][info][gc,cpu         ] GC(397) User=0.69s Sys=0.00s Real=0.12s
.....[2359.461s][info][gc,start       ] GC(398) Pause Young (Mixed) (G1 Evacuation Pause)
[2359.461s][info][gc,task        ] GC(398) Using 6 workers of 6 for evacuation
[2359.595s][info][gc,phases      ] GC(398)   Pre Evacuate Collection Set: 0.42ms
[2359.595s][info][gc,phases      ] GC(398)   Merge Heap Roots: 0.65ms
[2359.595s][info][gc,phases      ] GC(398)   Evacuate Collection Set: 132.56ms
[2359.595s][info][gc,phases      ] GC(398)   Post Evacuate Collection Set: 0.97ms
[2359.595s][info][gc,phases      ] GC(398)   Other: 0.09ms
[2359.595s][info][gc,heap        ] GC(398) Eden regions: 1113->0(1117)
[2359.595s][info][gc,heap        ] GC(398) Survivor regions: 109->111(153)
[2359.595s][info][gc,heap        ] GC(398) Old regions: 534->471
[2359.595s][info][gc,heap        ] GC(398) Humongous regions: 80->80
[2359.595s][info][gc,metaspace   ] GC(398) Metaspace: 28993K(29376K)->28993K(29376K) NonClass: 24108K(24256K)->24108K(24256K) Class: 4884K(5120K)->4884K(5120K)
[2359.595s][info][gc             ] GC(398) Pause Young (Mixed) (G1 Evacuation Pause) 3669M->1322M(4096M) 134.824ms
[2359.595s][info][gc,cpu         ] GC(398) User=0.79s Sys=0.01s Real=0.13s
.....[2364.538s][info][gc,start       ] GC(399) Pause Young (Concurrent Start) (G1 Evacuation Pause)
[2364.538s][info][gc,task        ] GC(399) Using 6 workers of 6 for evacuation
[2364.655s][info][gc,phases      ] GC(399)   Pre Evacuate Collection Set: 0.45ms
[2364.655s][info][gc,phases      ] GC(399)   Merge Heap Roots: 0.55ms
[2364.655s][info][gc,phases      ] GC(399)   Evacuate Collection Set: 115.45ms
[2364.655s][info][gc,phases      ] GC(399)   Post Evacuate Collection Set: 0.92ms
[2364.655s][info][gc,phases      ] GC(399)   Other: 0.11ms
[2364.655s][info][gc,heap        ] GC(399) Eden regions: 1117->0(1119)
[2364.655s][info][gc,heap        ] GC(399) Survivor regions: 111->109(154)
[2364.655s][info][gc,heap        ] GC(399) Old regions: 471->503
[2364.655s][info][gc,heap        ] GC(399) Humongous regions: 80->80
[2364.655s][info][gc,metaspace   ] GC(399) Metaspace: 28993K(29376K)->28993K(29376K) NonClass: 24108K(24256K)->24108K(24256K) Class: 4884K(5120K)->4884K(5120K)
[2364.655s][info][gc             ] GC(399) Pause Young (Concurrent Start) (G1 Evacuation Pause) 3556M->1381M(4096M) 117.608ms
[2364.655s][info][gc             ] GC(400) Concurrent Mark Cycle
[2364.655s][info][gc,marking     ] GC(400) Concurrent Scan Root Regions
[2364.655s][info][gc,cpu         ] GC(399) User=0.69s Sys=0.00s Real=0.11s
[2364.823s][info][gc,marking     ] GC(400) Concurrent Scan Root Regions 167.448ms
[2364.823s][info][gc,marking     ] GC(400) Concurrent Mark
[2364.823s][info][gc,marking     ] GC(400) Concurrent Mark From Roots
[2364.823s][info][gc,task        ] GC(400) Using 2 workers of 2 for marking
.[2365.749s][info][gc,marking     ] GC(400) Concurrent Mark From Roots 925.927ms
[2365.749s][info][gc,marking     ] GC(400) Concurrent Preclean
[2365.749s][info][gc,marking     ] GC(400) Concurrent Preclean 0.060ms
[2365.749s][info][gc,start       ] GC(400) Pause Remark
[2365.753s][info][gc             ] GC(400) Pause Remark 1893M->1893M(4096M) 4.433ms
[2365.753s][info][gc,cpu         ] GC(400) User=0.02s Sys=0.00s Real=0.00s
[2365.753s][info][gc,marking     ] GC(400) Concurrent Mark 930.650ms
[2365.753s][info][gc,marking     ] GC(400) Concurrent Rebuild Remembered Sets and Scrub Regions
.[2366.150s][info][gc,marking     ] GC(400) Concurrent Rebuild Remembered Sets and Scrub Regions 396.251ms
[2366.150s][info][gc,start       ] GC(400) Pause Cleanup
[2366.150s][info][gc             ] GC(400) Pause Cleanup 2052M->2052M(4096M) 0.122ms
[2366.150s][info][gc,cpu         ] GC(400) User=0.00s Sys=0.00s Real=0.00s
[2366.150s][info][gc,marking     ] GC(400) Concurrent Clear Claimed Marks
[2366.150s][info][gc,marking     ] GC(400) Concurrent Clear Claimed Marks 0.027ms
[2366.150s][info][gc,marking     ] GC(400) Concurrent Cleanup for Next Mark
[2366.154s][info][gc,marking     ] GC(400) Concurrent Cleanup for Next Mark 3.441ms
[2366.154s][info][gc             ] GC(400) Concurrent Mark Cycle 1498.251ms
...[2369.502s][info][gc,start       ] GC(401) Pause Young (Prepare Mixed) (G1 Evacuation Pause)
[2369.502s][info][gc,task        ] GC(401) Using 6 workers of 6 for evacuation
[2369.622s][info][gc,phases      ] GC(401)   Pre Evacuate Collection Set: 0.37ms
[2369.622s][info][gc,phases      ] GC(401)   Merge Heap Roots: 0.53ms
[2369.622s][info][gc,phases      ] GC(401)   Evacuate Collection Set: 118.10ms
[2369.622s][info][gc,phases      ] GC(401)   Post Evacuate Collection Set: 0.97ms
[2369.622s][info][gc,phases      ] GC(401)   Other: 0.10ms
[2369.622s][info][gc,heap        ] GC(401) Eden regions: 1119->0(1108)
[2369.622s][info][gc,heap        ] GC(401) Survivor regions: 109->111(154)
[2369.622s][info][gc,heap        ] GC(401) Old regions: 503->535
[2369.622s][info][gc,heap        ] GC(401) Humongous regions: 80->80
[2369.622s][info][gc,metaspace   ] GC(401) Metaspace: 28993K(29376K)->28993K(29376K) NonClass: 24108K(24256K)->24108K(24256K) Class: 4884K(5120K)->4884K(5120K)
[2369.622s][info][gc             ] GC(401) Pause Young (Prepare Mixed) (G1 Evacuation Pause) 3619M->1449M(4096M) 120.187ms
[2369.622s][info][gc,cpu         ] GC(401) User=0.71s Sys=0.00s Real=0.12s
.....[2374.626s][info][gc,start       ] GC(402) Pause Young (Mixed) (G1 Evacuation Pause)
[2374.626s][info][gc,task        ] GC(402) Using 6 workers of 6 for evacuation
[2374.759s][info][gc,phases      ] GC(402)   Pre Evacuate Collection Set: 0.41ms
[2374.759s][info][gc,phases      ] GC(402)   Merge Heap Roots: 0.65ms
[2374.759s][info][gc,phases      ] GC(402)   Evacuate Collection Set: 130.79ms
[2374.759s][info][gc,phases      ] GC(402)   Post Evacuate Collection Set: 0.97ms
[2374.759s][info][gc,phases      ] GC(402)   Other: 0.09ms
[2374.759s][info][gc,heap        ] GC(402) Eden regions: 1108->0(1118)
[2374.759s][info][gc,heap        ] GC(402) Survivor regions: 111->110(153)
[2374.759s][info][gc,heap        ] GC(402) Old regions: 535->470
[2374.759s][info][gc,heap        ] GC(402) Humongous regions: 80->80
[2374.759s][info][gc,metaspace   ] GC(402) Metaspace: 28993K(29376K)->28993K(29376K) NonClass: 24108K(24256K)->24108K(24256K) Class: 4884K(5120K)->4884K(5120K)
[2374.759s][info][gc             ] GC(402) Pause Young (Mixed) (G1 Evacuation Pause) 3665M->1316M(4096M) 133.029ms
[2374.759s][info][gc,cpu         ] GC(402) User=0.79s Sys=0.00s Real=0.13s
.....[2379.741s][info][gc,start       ] GC(403) Pause Young (Concurrent Start) (G1 Evacuation Pause)
[2379.741s][info][gc,task        ] GC(403) Using 6 workers of 6 for evacuation
[2379.861s][info][gc,phases      ] GC(403)   Pre Evacuate Collection Set: 0.38ms
[2379.861s][info][gc,phases      ] GC(403)   Merge Heap Roots: 0.50ms
[2379.861s][info][gc,phases      ] GC(403)   Evacuate Collection Set: 118.20ms
[2379.861s][info][gc,phases      ] GC(403)   Post Evacuate Collection Set: 0.90ms
[2379.861s][info][gc,phases      ] GC(403)   Other: 0.12ms
[2379.861s][info][gc,heap        ] GC(403) Eden regions: 1118->0(1116)
[2379.861s][info][gc,heap        ] GC(403) Survivor regions: 110->112(154)
[2379.861s][info][gc,heap        ] GC(403) Old regions: 470->501
[2379.861s][info][gc,heap        ] GC(403) Humongous regions: 80->80
[2379.861s][info][gc,metaspace   ] GC(403) Metaspace: 28993K(29376K)->28993K(29376K) NonClass: 24108K(24256K)->24108K(24256K) Class: 4884K(5120K)->4884K(5120K)
[2379.861s][info][gc             ] GC(403) Pause Young (Concurrent Start) (G1 Evacuation Pause) 3552M->1382M(4096M) 120.220ms
[2379.861s][info][gc             ] GC(404) Concurrent Mark Cycle
[2379.861s][info][gc,cpu         ] GC(403) User=0.71s Sys=0.00s Real=0.12s
[2379.861s][info][gc,marking     ] GC(404) Concurrent Scan Root Regions
.[2380.033s][info][gc,marking     ] GC(404) Concurrent Scan Root Regions 172.286ms
[2380.033s][info][gc,marking     ] GC(404) Concurrent Mark
[2380.033s][info][gc,marking     ] GC(404) Concurrent Mark From Roots
[2380.033s][info][gc,task        ] GC(404) Using 2 workers of 2 for marking
[2380.734s][info][gc,marking     ] GC(404) Concurrent Mark From Roots 700.336ms
[2380.734s][info][gc,marking     ] GC(404) Concurrent Preclean
[2380.734s][info][gc,marking     ] GC(404) Concurrent Preclean 0.056ms
[2380.734s][info][gc,start       ] GC(404) Pause Remark
[2380.737s][info][gc             ] GC(404) Pause Remark 1861M->1861M(4096M) 3.736ms
[2380.737s][info][gc,cpu         ] GC(404) User=0.02s Sys=0.00s Real=0.01s
[2380.738s][info][gc,marking     ] GC(404) Concurrent Mark 704.384ms
[2380.738s][info][gc,marking     ] GC(404) Concurrent Rebuild Remembered Sets and Scrub Regions
.[2381.025s][info][gc,marking     ] GC(404) Concurrent Rebuild Remembered Sets and Scrub Regions 287.096ms
[2381.025s][info][gc,start       ] GC(404) Pause Cleanup
[2381.025s][info][gc             ] GC(404) Pause Cleanup 1967M->1967M(4096M) 0.123ms
[2381.025s][info][gc,cpu         ] GC(404) User=0.00s Sys=0.00s Real=0.00s
[2381.025s][info][gc,marking     ] GC(404) Concurrent Clear Claimed Marks
[2381.025s][info][gc,marking     ] GC(404) Concurrent Clear Claimed Marks 0.026ms
[2381.025s][info][gc,marking     ] GC(404) Concurrent Cleanup for Next Mark
[2381.029s][info][gc,marking     ] GC(404) Concurrent Cleanup for Next Mark 4.188ms
[2381.029s][info][gc             ] GC(404) Concurrent Mark Cycle 1168.430ms
...[2384.703s][info][gc,start       ] GC(405) Pause Young (Prepare Mixed) (G1 Evacuation Pause)
[2384.703s][info][gc,task        ] GC(405) Using 6 workers of 6 for evacuation
[2384.820s][info][gc,phases      ] GC(405)   Pre Evacuate Collection Set: 0.39ms
[2384.820s][info][gc,phases      ] GC(405)   Merge Heap Roots: 0.53ms
[2384.820s][info][gc,phases      ] GC(405)   Evacuate Collection Set: 115.34ms
[2384.820s][info][gc,phases      ] GC(405)   Post Evacuate Collection Set: 0.96ms
[2384.820s][info][gc,phases      ] GC(405)   Other: 0.10ms
[2384.820s][info][gc,heap        ] GC(405) Eden regions: 1116->0(1112)
[2384.820s][info][gc,heap        ] GC(405) Survivor regions: 112->110(154)
[2384.820s][info][gc,heap        ] GC(405) Old regions: 501->533
[2384.820s][info][gc,heap        ] GC(405) Humongous regions: 80->80
[2384.820s][info][gc,metaspace   ] GC(405) Metaspace: 28993K(29376K)->28993K(29376K) NonClass: 24108K(24256K)->24108K(24256K) Class: 4884K(5120K)->4884K(5120K)
[2384.820s][info][gc             ] GC(405) Pause Young (Prepare Mixed) (G1 Evacuation Pause) 3614M->1442M(4096M) 117.462ms
[2384.820s][info][gc,cpu         ] GC(405) User=0.69s Sys=0.00s Real=0.12s
.....[2389.726s][info][gc,start       ] GC(406) Pause Young (Mixed) (G1 Evacuation Pause)
[2389.726s][info][gc,task        ] GC(406) Using 6 workers of 6 for evacuation
[2389.864s][info][gc,phases      ] GC(406)   Pre Evacuate Collection Set: 0.40ms
[2389.864s][info][gc,phases      ] GC(406)   Merge Heap Roots: 0.79ms
[2389.864s][info][gc,phases      ] GC(406)   Evacuate Collection Set: 135.35ms
[2389.864s][info][gc,phases      ] GC(406)   Post Evacuate Collection Set: 0.96ms
[2389.864s][info][gc,phases      ] GC(406)   Other: 0.09ms
[2389.864s][info][gc,heap        ] GC(406) Eden regions: 1112->0(1119)
[2389.864s][info][gc,heap        ] GC(406) Survivor regions: 110->109(153)
[2389.864s][info][gc,heap        ] GC(406) Old regions: 533->470
[2389.864s][info][gc,heap        ] GC(406) Humongous regions: 80->80
[2389.864s][info][gc,metaspace   ] GC(406) Metaspace: 28993K(29376K)->28993K(29376K) NonClass: 24108K(24256K)->24108K(24256K) Class: 4884K(5120K)->4884K(5120K)
[2389.864s][info][gc             ] GC(406) Pause Young (Mixed) (G1 Evacuation Pause) 3666M->1316M(4096M) 137.717ms
[2389.864s][info][gc,cpu         ] GC(406) User=0.82s Sys=0.00s Real=0.13s
.....[2394.790s][info][gc,start       ] GC(407) Pause Young (Concurrent Start) (G1 Evacuation Pause)
[2394.790s][info][gc,task        ] GC(407) Using 6 workers of 6 for evacuation
[2394.906s][info][gc,phases      ] GC(407)   Pre Evacuate Collection Set: 0.41ms
[2394.906s][info][gc,phases      ] GC(407)   Merge Heap Roots: 0.54ms
[2394.906s][info][gc,phases      ] GC(407)   Evacuate Collection Set: 114.07ms
[2394.906s][info][gc,phases      ] GC(407)   Post Evacuate Collection Set: 0.89ms
[2394.906s][info][gc,phases      ] GC(407)   Other: 0.11ms
[2394.906s][info][gc,heap        ] GC(407) Eden regions: 1119->0(1119)
[2394.906s][info][gc,heap        ] GC(407) Survivor regions: 109->109(154)
[2394.906s][info][gc,heap        ] GC(407) Old regions: 470->502
[2394.906s][info][gc,heap        ] GC(407) Humongous regions: 80->80
[2394.906s][info][gc,metaspace   ] GC(407) Metaspace: 28993K(29376K)->28993K(29376K) NonClass: 24108K(24256K)->24108K(24256K) Class: 4884K(5120K)->4884K(5120K)
[2394.906s][info][gc             ] GC(407) Pause Young (Concurrent Start) (G1 Evacuation Pause) 3554M->1378M(4096M) 116.175ms
[2394.906s][info][gc             ] GC(408) Concurrent Mark Cycle
[2394.906s][info][gc,marking     ] GC(408) Concurrent Scan Root Regions
[2394.906s][info][gc,cpu         ] GC(407) User=0.69s Sys=0.00s Real=0.11s
.[2395.047s][info][gc,marking     ] GC(408) Concurrent Scan Root Regions 140.881ms
[2395.047s][info][gc,marking     ] GC(408) Concurrent Mark
[2395.047s][info][gc,marking     ] GC(408) Concurrent Mark From Roots
[2395.047s][info][gc,task        ] GC(408) Using 2 workers of 2 for marking
[2395.720s][info][gc,marking     ] GC(408) Concurrent Mark From Roots 672.897ms
[2395.720s][info][gc,marking     ] GC(408) Concurrent Preclean
[2395.720s][info][gc,marking     ] GC(408) Concurrent Preclean 0.076ms
[2395.720s][info][gc,start       ] GC(408) Pause Remark
[2395.724s][info][gc             ] GC(408) Pause Remark 1780M->1780M(4096M) 3.750ms
[2395.724s][info][gc,cpu         ] GC(408) User=0.02s Sys=0.00s Real=0.00s
[2395.724s][info][gc,marking     ] GC(408) Concurrent Mark 677.449ms
[2395.724s][info][gc,marking     ] GC(408) Concurrent Rebuild Remembered Sets and Scrub Regions
.[2396.012s][info][gc,marking     ] GC(408) Concurrent Rebuild Remembered Sets and Scrub Regions 287.906ms
[2396.012s][info][gc,start       ] GC(408) Pause Cleanup
[2396.012s][info][gc             ] GC(408) Pause Cleanup 1890M->1890M(4096M) 0.112ms
[2396.012s][info][gc,cpu         ] GC(408) User=0.00s Sys=0.00s Real=0.00s
[2396.012s][info][gc,marking     ] GC(408) Concurrent Clear Claimed Marks
[2396.012s][info][gc,marking     ] GC(408) Concurrent Clear Claimed Marks 0.026ms
[2396.013s][info][gc,marking     ] GC(408) Concurrent Cleanup for Next Mark
[2396.016s][info][gc,marking     ] GC(408) Concurrent Cleanup for Next Mark 3.821ms
[2396.016s][info][gc             ] GC(408) Concurrent Mark Cycle 1110.616ms
. (rIR:aIR:PR = 3736:3736:3736) (tPR = 55335) [OK] 
  2396s: Performance info:
         Transaction,    Success,    Partial,     Failed,   Receipts, AvgBarcode, 
             Overall,     224347,          0,          0,     213132,      59.48, 
         Response times:
             Request,    Success,    Partial,     Failed,   SkipFail,     Probes,    Samples,      min,      p50,      p90,      p95,      p99,      max, 
       TotalPurchase,     213132,          0,          0,          0,     209584,     224121,      300,     3100,     5500,     7600,    38000,   183000,
     InStorePurchase,     112182,          0,          0,          0,     110561,     117890,      300,     3100,     5500,     7700,    38000,   183000,
      OnlinePurchase,      78487,          0,          0,          0,      77136,      82524,      300,     3100,     5500,     7500,    37000,   183000,
        InstPurchase,      22463,          0,          0,          0,      21887,      23707,      400,     3300,     5600,     7700,    38000,   183000,
          AssocOfCat,        222,          0,          0,          0,        148,        213,    22000,    31000,    43000,    59800,   167860,   183000,
      AssocOfProduct,       2232,          0,          0,          0,       2070,       2396,      400,     2400,     5100,     7015,    32030,   119000,
      BusinessReport,        561,          0,          0,          0,        460,        590,    21000,    30000,    45000,    53900,   162090,   171000,
          CustBuyBeh,       2238,          0,          0,          0,       2045,       2387,      200,     1900,     4500,     6400,    28240,   183000,
       ProductReturn,       5962,          0,          0,          0,       5677,       6243,      200,     2100,     4500,     6000,    30000,   183000,

  2396s: (28%)   IR =   3874 ..[2399.836s][info][gc,start       ] GC(409) Pause Young (Prepare Mixed) (G1 Evacuation Pause)
[2399.836s][info][gc,task        ] GC(409) Using 6 workers of 6 for evacuation
[2399.955s][info][gc,phases      ] GC(409)   Pre Evacuate Collection Set: 0.36ms
[2399.955s][info][gc,phases      ] GC(409)   Merge Heap Roots: 0.55ms
[2399.955s][info][gc,phases      ] GC(409)   Evacuate Collection Set: 116.89ms
[2399.955s][info][gc,phases      ] GC(409)   Post Evacuate Collection Set: 0.97ms
[2399.955s][info][gc,phases      ] GC(409)   Other: 0.09ms
[2399.955s][info][gc,heap        ] GC(409) Eden regions: 1119->0(1109)
[2399.955s][info][gc,heap        ] GC(409) Survivor regions: 109->111(154)
[2399.955s][info][gc,heap        ] GC(409) Old regions: 502->534
[2399.955s][info][gc,heap        ] GC(409) Humongous regions: 80->80
[2399.955s][info][gc,metaspace   ] GC(409) Metaspace: 28993K(29376K)->28993K(29376K) NonClass: 24108K(24256K)->24108K(24256K) Class: 4884K(5120K)->4884K(5120K)
[2399.955s][info][gc             ] GC(409) Pause Young (Prepare Mixed) (G1 Evacuation Pause) 3616M->1446M(4096M) 118.973ms
[2399.955s][info][gc,cpu         ] GC(409) User=0.70s Sys=0.00s Real=0.11s
...|..[2404.682s][info][gc,start       ] GC(410) Pause Young (Mixed) (G1 Evacuation Pause)
[2404.682s][info][gc,task        ] GC(410) Using 6 workers of 6 for evacuation
[2404.817s][info][gc,phases      ] GC(410)   Pre Evacuate Collection Set: 0.38ms
[2404.817s][info][gc,phases      ] GC(410)   Merge Heap Roots: 0.73ms
[2404.817s][info][gc,phases      ] GC(410)   Evacuate Collection Set: 132.74ms
[2404.817s][info][gc,phases      ] GC(410)   Post Evacuate Collection Set: 0.96ms
[2404.817s][info][gc,phases      ] GC(410)   Other: 0.10ms
[2404.817s][info][gc,heap        ] GC(410) Eden regions: 1109->0(1116)
[2404.817s][info][gc,heap        ] GC(410) Survivor regions: 111->112(153)
[2404.817s][info][gc,heap        ] GC(410) Old regions: 534->471
[2404.817s][info][gc,heap        ] GC(410) Humongous regions: 80->80
[2404.817s][info][gc,metaspace   ] GC(410) Metaspace: 28993K(29376K)->28993K(29376K) NonClass: 24108K(24256K)->24108K(24256K) Class: 4884K(5120K)->4884K(5120K)
[2404.817s][info][gc             ] GC(410) Pause Young (Mixed) (G1 Evacuation Pause) 3664M->1323M(4096M) 135.076ms
[2404.817s][info][gc,cpu         ] GC(410) User=0.80s Sys=0.00s Real=0.14s
.....[2409.543s][info][gc,start       ] GC(411) Pause Young (Concurrent Start) (G1 Evacuation Pause)
[2409.543s][info][gc,task        ] GC(411) Using 6 workers of 6 for evacuation
[2409.660s][info][gc,phases      ] GC(411)   Pre Evacuate Collection Set: 0.42ms
[2409.660s][info][gc,phases      ] GC(411)   Merge Heap Roots: 0.51ms
[2409.660s][info][gc,phases      ] GC(411)   Evacuate Collection Set: 115.24ms
[2409.660s][info][gc,phases      ] GC(411)   Post Evacuate Collection Set: 0.91ms
[2409.660s][info][gc,phases      ] GC(411)   Other: 0.10ms
[2409.660s][info][gc,heap        ] GC(411) Eden regions: 1116->0(1119)
[2409.660s][info][gc,heap        ] GC(411) Survivor regions: 112->109(154)
[2409.660s][info][gc,heap        ] GC(411) Old regions: 471->504
[2409.660s][info][gc,heap        ] GC(411) Humongous regions: 80->80
[2409.660s][info][gc,metaspace   ] GC(411) Metaspace: 28993K(29376K)->28993K(29376K) NonClass: 24108K(24256K)->24108K(24256K) Class: 4884K(5120K)->4884K(5120K)
[2409.660s][info][gc             ] GC(411) Pause Young (Concurrent Start) (G1 Evacuation Pause) 3555M->1382M(4096M) 117.312ms
[2409.660s][info][gc             ] GC(412) Concurrent Mark Cycle
[2409.660s][info][gc,marking     ] GC(412) Concurrent Scan Root Regions
[2409.660s][info][gc,cpu         ] GC(411) User=0.70s Sys=0.00s Real=0.12s
[2409.795s][info][gc,marking     ] GC(412) Concurrent Scan Root Regions 134.565ms
[2409.795s][info][gc,marking     ] GC(412) Concurrent Mark
[2409.795s][info][gc,marking     ] GC(412) Concurrent Mark From Roots
[2409.795s][info][gc,task        ] GC(412) Using 2 workers of 2 for marking
.[2410.412s][info][gc,marking     ] GC(412) Concurrent Mark From Roots 616.804ms
[2410.412s][info][gc,marking     ] GC(412) Concurrent Preclean
[2410.412s][info][gc,marking     ] GC(412) Concurrent Preclean 0.066ms
[2410.412s][info][gc,start       ] GC(412) Pause Remark
[2410.416s][info][gc             ] GC(412) Pause Remark 1788M->1788M(4096M) 4.094ms
[2410.416s][info][gc,cpu         ] GC(412) User=0.02s Sys=0.00s Real=0.01s
[2410.416s][info][gc,marking     ] GC(412) Concurrent Mark 621.202ms
[2410.416s][info][gc,marking     ] GC(412) Concurrent Rebuild Remembered Sets and Scrub Regions
[2410.649s][info][gc,marking     ] GC(412) Concurrent Rebuild Remembered Sets and Scrub Regions 232.779ms
[2410.649s][info][gc,start       ] GC(412) Pause Cleanup
[2410.650s][info][gc             ] GC(412) Pause Cleanup 1897M->1897M(4096M) 0.143ms
[2410.650s][info][gc,cpu         ] GC(412) User=0.00s Sys=0.00s Real=0.00s
[2410.651s][info][gc,marking     ] GC(412) Concurrent Clear Claimed Marks
[2410.651s][info][gc,marking     ] GC(412) Concurrent Clear Claimed Marks 0.041ms
[2410.651s][info][gc,marking     ] GC(412) Concurrent Cleanup for Next Mark
[2410.654s][info][gc,marking     ] GC(412) Concurrent Cleanup for Next Mark 3.560ms
[2410.654s][info][gc             ] GC(412) Concurrent Mark Cycle 994.030ms
....[2414.462s][info][gc,start       ] GC(413) Pause Young (Prepare Mixed) (G1 Evacuation Pause)
[2414.462s][info][gc,task        ] GC(413) Using 6 workers of 6 for evacuation
[2414.580s][info][gc,phases      ] GC(413)   Pre Evacuate Collection Set: 0.39ms
[2414.580s][info][gc,phases      ] GC(413)   Merge Heap Roots: 0.55ms
[2414.580s][info][gc,phases      ] GC(413)   Evacuate Collection Set: 115.82ms
[2414.580s][info][gc,phases      ] GC(413)   Post Evacuate Collection Set: 0.95ms
[2414.580s][info][gc,phases      ] GC(413)   Other: 0.09ms
[2414.580s][info][gc,heap        ] GC(413) Eden regions: 1119->0(1112)
[2414.580s][info][gc,heap        ] GC(413) Survivor regions: 109->109(154)
[2414.580s][info][gc,heap        ] GC(413) Old regions: 504->535
[2414.580s][info][gc,heap        ] GC(413) Humongous regions: 80->80
[2414.580s][info][gc,metaspace   ] GC(413) Metaspace: 28993K(29376K)->28993K(29376K) NonClass: 24108K(24256K)->24108K(24256K) Class: 4884K(5120K)->4884K(5120K)
[2414.580s][info][gc             ] GC(413) Pause Young (Prepare Mixed) (G1 Evacuation Pause) 3620M->1445M(4096M) 117.935ms
[2414.580s][info][gc,cpu         ] GC(413) User=0.70s Sys=0.00s Real=0.12s
.....[2419.246s][info][gc,start       ] GC(414) Pause Young (Mixed) (G1 Evacuation Pause)
[2419.246s][info][gc,task        ] GC(414) Using 6 workers of 6 for evacuation
[2419.380s][info][gc,phases      ] GC(414)   Pre Evacuate Collection Set: 0.39ms
[2419.380s][info][gc,phases      ] GC(414)   Merge Heap Roots: 0.70ms
[2419.380s][info][gc,phases      ] GC(414)   Evacuate Collection Set: 131.68ms
[2419.380s][info][gc,phases      ] GC(414)   Post Evacuate Collection Set: 0.97ms
[2419.380s][info][gc,phases      ] GC(414)   Other: 0.09ms
[2419.380s][info][gc,heap        ] GC(414) Eden regions: 1112->0(1119)
[2419.380s][info][gc,heap        ] GC(414) Survivor regions: 109->109(153)
[2419.380s][info][gc,heap        ] GC(414) Old regions: 535->470
[2419.380s][info][gc,heap        ] GC(414) Humongous regions: 80->80
[2419.380s][info][gc,metaspace   ] GC(414) Metaspace: 28993K(29376K)->28993K(29376K) NonClass: 24108K(24256K)->24108K(24256K) Class: 4884K(5120K)->4884K(5120K)
[2419.380s][info][gc             ] GC(414) Pause Young (Mixed) (G1 Evacuation Pause) 3669M->1315M(4096M) 133.957ms
[2419.380s][info][gc,cpu         ] GC(414) User=0.79s Sys=0.00s Real=0.14s
.....[2424.144s][info][gc,start       ] GC(415) Pause Young (Concurrent Start) (G1 Evacuation Pause)
[2424.144s][info][gc,task        ] GC(415) Using 6 workers of 6 for evacuation
[2424.264s][info][gc,phases      ] GC(415)   Pre Evacuate Collection Set: 0.40ms
[2424.264s][info][gc,phases      ] GC(415)   Merge Heap Roots: 0.50ms
[2424.264s][info][gc,phases      ] GC(415)   Evacuate Collection Set: 118.00ms
[2424.264s][info][gc,phases      ] GC(415)   Post Evacuate Collection Set: 0.91ms
[2424.264s][info][gc,phases      ] GC(415)   Other: 0.14ms
[2424.264s][info][gc,heap        ] GC(415) Eden regions: 1119->0(1118)
[2424.264s][info][gc,heap        ] GC(415) Survivor regions: 109->110(154)
[2424.264s][info][gc,heap        ] GC(415) Old regions: 470->502
[2424.264s][info][gc,heap        ] GC(415) Humongous regions: 80->80
[2424.264s][info][gc,metaspace   ] GC(415) Metaspace: 28994K(29376K)->28994K(29376K) NonClass: 24109K(24256K)->24109K(24256K) Class: 4884K(5120K)->4884K(5120K)
[2424.264s][info][gc             ] GC(415) Pause Young (Concurrent Start) (G1 Evacuation Pause) 3553M->1381M(4096M) 120.083ms
[2424.264s][info][gc             ] GC(416) Concurrent Mark Cycle
[2424.264s][info][gc,marking     ] GC(416) Concurrent Scan Root Regions
[2424.264s][info][gc,cpu         ] GC(415) User=0.71s Sys=0.00s Real=0.12s
[2424.435s][info][gc,marking     ] GC(416) Concurrent Scan Root Regions 170.638ms
[2424.435s][info][gc,marking     ] GC(416) Concurrent Mark
[2424.435s][info][gc,marking     ] GC(416) Concurrent Mark From Roots
[2424.435s][info][gc,task        ] GC(416) Using 2 workers of 2 for marking
.[2425.367s][info][gc,marking     ] GC(416) Concurrent Mark From Roots 932.477ms
[2425.367s][info][gc,marking     ] GC(416) Concurrent Preclean
[2425.367s][info][gc,marking     ] GC(416) Concurrent Preclean 0.081ms
[2425.370s][info][gc,start       ] GC(416) Pause Remark
[2425.374s][info][gc             ] GC(416) Pause Remark 1977M->1977M(4096M) 4.477ms
[2425.374s][info][gc,cpu         ] GC(416) User=0.02s Sys=0.00s Real=0.00s
[2425.375s][info][gc,marking     ] GC(416) Concurrent Mark 940.252ms
[2425.375s][info][gc,marking     ] GC(416) Concurrent Rebuild Remembered Sets and Scrub Regions
[2425.606s][info][gc,marking     ] GC(416) Concurrent Rebuild Remembered Sets and Scrub Regions 230.982ms
[2425.606s][info][gc,start       ] GC(416) Pause Cleanup
[2425.606s][info][gc             ] GC(416) Pause Cleanup 2083M->2083M(4096M) 0.117ms
[2425.606s][info][gc,cpu         ] GC(416) User=0.00s Sys=0.00s Real=0.00s
[2425.606s][info][gc,marking     ] GC(416) Concurrent Clear Claimed Marks
[2425.606s][info][gc,marking     ] GC(416) Concurrent Clear Claimed Marks 0.029ms
[2425.606s][info][gc,marking     ] GC(416) Concurrent Cleanup for Next Mark
[2425.610s][info][gc,marking     ] GC(416) Concurrent Cleanup for Next Mark 3.257ms
[2425.610s][info][gc             ] GC(416) Concurrent Mark Cycle 1345.637ms
...[2429.011s][info][gc,start       ] GC(417) Pause Young (Prepare Mixed) (G1 Evacuation Pause)
[2429.011s][info][gc,task        ] GC(417) Using 6 workers of 6 for evacuation
[2429.127s][info][gc,phases      ] GC(417)   Pre Evacuate Collection Set: 0.35ms
[2429.127s][info][gc,phases      ] GC(417)   Merge Heap Roots: 0.53ms
[2429.127s][info][gc,phases      ] GC(417)   Evacuate Collection Set: 114.12ms
[2429.127s][info][gc,phases      ] GC(417)   Post Evacuate Collection Set: 0.94ms
[2429.127s][info][gc,phases      ] GC(417)   Other: 0.09ms
[2429.127s][info][gc,heap        ] GC(417) Eden regions: 1118->0(1116)
[2429.127s][info][gc,heap        ] GC(417) Survivor regions: 110->108(154)
[2429.127s][info][gc,heap        ] GC(417) Old regions: 502->533
[2429.127s][info][gc,heap        ] GC(417) Humongous regions: 80->80
[2429.127s][info][gc,metaspace   ] GC(417) Metaspace: 28994K(29376K)->28994K(29376K) NonClass: 24109K(24256K)->24109K(24256K) Class: 4884K(5120K)->4884K(5120K)
[2429.127s][info][gc             ] GC(417) Pause Young (Prepare Mixed) (G1 Evacuation Pause) 3617M->1440M(4096M) 116.167ms
[2429.127s][info][gc,cpu         ] GC(417) User=0.68s Sys=0.00s Real=0.12s
.....[2433.872s][info][gc,start       ] GC(418) Pause Young (Mixed) (G1 Evacuation Pause)
[2433.872s][info][gc,task        ] GC(418) Using 6 workers of 6 for evacuation
[2434.005s][info][gc,phases      ] GC(418)   Pre Evacuate Collection Set: 0.42ms
[2434.005s][info][gc,phases      ] GC(418)   Merge Heap Roots: 0.66ms
[2434.005s][info][gc,phases      ] GC(418)   Evacuate Collection Set: 131.30ms
[2434.005s][info][gc,phases      ] GC(418)   Post Evacuate Collection Set: 0.96ms
[2434.005s][info][gc,phases      ] GC(418)   Other: 0.11ms
[2434.005s][info][gc,heap        ] GC(418) Eden regions: 1116->0(1118)
[2434.005s][info][gc,heap        ] GC(418) Survivor regions: 108->110(153)
[2434.005s][info][gc,heap        ] GC(418) Old regions: 533->469
[2434.005s][info][gc,heap        ] GC(418) Humongous regions: 80->80
[2434.005s][info][gc,metaspace   ] GC(418) Metaspace: 28994K(29376K)->28994K(29376K) NonClass: 24109K(24256K)->24109K(24256K) Class: 4884K(5120K)->4884K(5120K)
[2434.005s][info][gc             ] GC(418) Pause Young (Mixed) (G1 Evacuation Pause) 3672M->1315M(4096M) 133.573ms
[2434.005s][info][gc,cpu         ] GC(418) User=0.79s Sys=0.00s Real=0.13s
.....[2438.759s][info][gc,start       ] GC(419) Pause Young (Concurrent Start) (G1 Evacuation Pause)
[2438.759s][info][gc,task        ] GC(419) Using 6 workers of 6 for evacuation
[2438.881s][info][gc,phases      ] GC(419)   Pre Evacuate Collection Set: 0.42ms
[2438.881s][info][gc,phases      ] GC(419)   Merge Heap Roots: 0.53ms
[2438.881s][info][gc,phases      ] GC(419)   Evacuate Collection Set: 120.34ms
[2438.881s][info][gc,phases      ] GC(419)   Post Evacuate Collection Set: 0.89ms
[2438.881s][info][gc,phases      ] GC(419)   Other: 0.11ms
[2438.881s][info][gc,heap        ] GC(419) Eden regions: 1118->0(1116)
[2438.881s][info][gc,heap        ] GC(419) Survivor regions: 110->112(154)
[2438.881s][info][gc,heap        ] GC(419) Old regions: 469->501
[2438.881s][info][gc,heap        ] GC(419) Humongous regions: 80->80
[2438.881s][info][gc,metaspace   ] GC(419) Metaspace: 28994K(29376K)->28994K(29376K) NonClass: 24109K(24256K)->24109K(24256K) Class: 4884K(5120K)->4884K(5120K)
[2438.881s][info][gc             ] GC(419) Pause Young (Concurrent Start) (G1 Evacuation Pause) 3551M->1384M(4096M) 122.429ms
[2438.881s][info][gc             ] GC(420) Concurrent Mark Cycle
[2438.881s][info][gc,marking     ] GC(420) Concurrent Scan Root Regions
[2438.881s][info][gc,cpu         ] GC(419) User=0.72s Sys=0.00s Real=0.12s
[2439.027s][info][gc,marking     ] GC(420) Concurrent Scan Root Regions 145.834ms
[2439.027s][info][gc,marking     ] GC(420) Concurrent Mark
[2439.027s][info][gc,marking     ] GC(420) Concurrent Mark From Roots
[2439.027s][info][gc,task        ] GC(420) Using 2 workers of 2 for marking
.[2439.614s][info][gc,marking     ] GC(420) Concurrent Mark From Roots 587.257ms
[2439.614s][info][gc,marking     ] GC(420) Concurrent Preclean
[2439.614s][info][gc,marking     ] GC(420) Concurrent Preclean 0.054ms
[2439.614s][info][gc,start       ] GC(420) Pause Remark
[2439.618s][info][gc             ] GC(420) Pause Remark 1762M->1762M(4096M) 3.453ms
[2439.618s][info][gc,cpu         ] GC(420) User=0.02s Sys=0.00s Real=0.01s
[2439.618s][info][gc,marking     ] GC(420) Concurrent Mark 591.018ms
[2439.618s][info][gc,marking     ] GC(420) Concurrent Rebuild Remembered Sets and Scrub Regions
[2439.880s][info][gc,marking     ] GC(420) Concurrent Rebuild Remembered Sets and Scrub Regions 261.688ms
[2439.880s][info][gc,start       ] GC(420) Pause Cleanup
[2439.880s][info][gc             ] GC(420) Pause Cleanup 1885M->1885M(4096M) 0.114ms
[2439.880s][info][gc,cpu         ] GC(420) User=0.00s Sys=0.00s Real=0.00s
[2439.880s][info][gc,marking     ] GC(420) Concurrent Clear Claimed Marks
[2439.880s][info][gc,marking     ] GC(420) Concurrent Clear Claimed Marks 0.037ms
[2439.880s][info][gc,marking     ] GC(420) Concurrent Cleanup for Next Mark
[2439.883s][info][gc,marking     ] GC(420) Concurrent Cleanup for Next Mark 3.283ms
[2439.883s][info][gc             ] GC(420) Concurrent Mark Cycle 1002.350ms
....[2443.653s][info][gc,start       ] GC(421) Pause Young (Prepare Mixed) (G1 Evacuation Pause)
[2443.653s][info][gc,task        ] GC(421) Using 6 workers of 6 for evacuation
[2443.773s][info][gc,phases      ] GC(421)   Pre Evacuate Collection Set: 0.36ms
[2443.773s][info][gc,phases      ] GC(421)   Merge Heap Roots: 0.56ms
[2443.773s][info][gc,phases      ] GC(421)   Evacuate Collection Set: 117.91ms
[2443.773s][info][gc,phases      ] GC(421)   Post Evacuate Collection Set: 1.00ms
[2443.773s][info][gc,phases      ] GC(421)   Other: 0.10ms
[2443.773s][info][gc,heap        ] GC(421) Eden regions: 1116->0(1110)
[2443.773s][info][gc,heap        ] GC(421) Survivor regions: 112->111(154)
[2443.773s][info][gc,heap        ] GC(421) Old regions: 501->533
[2443.773s][info][gc,heap        ] GC(421) Humongous regions: 80->80
[2443.773s][info][gc,metaspace   ] GC(421) Metaspace: 28994K(29376K)->28994K(29376K) NonClass: 24109K(24256K)->24109K(24256K) Class: 4884K(5120K)->4884K(5120K)
[2443.773s][info][gc             ] GC(421) Pause Young (Prepare Mixed) (G1 Evacuation Pause) 3616M->1445M(4096M) 120.072ms
[2443.773s][info][gc,cpu         ] GC(421) User=0.71s Sys=0.00s Real=0.12s
.....[2448.560s][info][gc,start       ] GC(422) Pause Young (Mixed) (G1 Evacuation Pause)
[2448.560s][info][gc,task        ] GC(422) Using 6 workers of 6 for evacuation
[2448.695s][info][gc,phases      ] GC(422)   Pre Evacuate Collection Set: 0.42ms
[2448.695s][info][gc,phases      ] GC(422)   Merge Heap Roots: 0.74ms
[2448.695s][info][gc,phases      ] GC(422)   Evacuate Collection Set: 133.60ms
[2448.695s][info][gc,phases      ] GC(422)   Post Evacuate Collection Set: 1.00ms
[2448.695s][info][gc,phases      ] GC(422)   Other: 0.09ms
[2448.695s][info][gc,heap        ] GC(422) Eden regions: 1110->0(1119)
[2448.695s][info][gc,heap        ] GC(422) Survivor regions: 111->109(153)
[2448.695s][info][gc,heap        ] GC(422) Old regions: 533->470
[2448.695s][info][gc,heap        ] GC(422) Humongous regions: 80->80
[2448.696s][info][gc,metaspace   ] GC(422) Metaspace: 28994K(29376K)->28994K(29376K) NonClass: 24109K(24256K)->24109K(24256K) Class: 4884K(5120K)->4884K(5120K)
[2448.696s][info][gc             ] GC(422) Pause Young (Mixed) (G1 Evacuation Pause) 3665M->1315M(4096M) 136.007ms
[2448.696s][info][gc,cpu         ] GC(422) User=0.81s Sys=0.00s Real=0.13s
.....[2453.415s][info][gc,start       ] GC(423) Pause Young (Concurrent Start) (G1 Evacuation Pause)
[2453.415s][info][gc,task        ] GC(423) Using 6 workers of 6 for evacuation
[2453.532s][info][gc,phases      ] GC(423)   Pre Evacuate Collection Set: 0.43ms
[2453.532s][info][gc,phases      ] GC(423)   Merge Heap Roots: 0.50ms
[2453.532s][info][gc,phases      ] GC(423)   Evacuate Collection Set: 114.84ms
[2453.532s][info][gc,phases      ] GC(423)   Post Evacuate Collection Set: 0.91ms
[2453.532s][info][gc,phases      ] GC(423)   Other: 0.09ms
[2453.532s][info][gc,heap        ] GC(423) Eden regions: 1119->0(1120)
[2453.532s][info][gc,heap        ] GC(423) Survivor regions: 109->108(154)
[2453.532s][info][gc,heap        ] GC(423) Old regions: 470->501
[2453.532s][info][gc,heap        ] GC(423) Humongous regions: 80->80
[2453.532s][info][gc,metaspace   ] GC(423) Metaspace: 28994K(29376K)->28994K(29376K) NonClass: 24109K(24256K)->24109K(24256K) Class: 4884K(5120K)->4884K(5120K)
[2453.532s][info][gc             ] GC(423) Pause Young (Concurrent Start) (G1 Evacuation Pause) 3553M->1375M(4096M) 116.889ms
[2453.532s][info][gc             ] GC(424) Concurrent Mark Cycle
[2453.532s][info][gc,marking     ] GC(424) Concurrent Scan Root Regions
[2453.532s][info][gc,cpu         ] GC(423) User=0.69s Sys=0.00s Real=0.12s
[2453.673s][info][gc,marking     ] GC(424) Concurrent Scan Root Regions 140.691ms
[2453.673s][info][gc,marking     ] GC(424) Concurrent Mark
[2453.673s][info][gc,marking     ] GC(424) Concurrent Mark From Roots
[2453.673s][info][gc,task        ] GC(424) Using 2 workers of 2 for marking
.[2454.364s][info][gc,marking     ] GC(424) Concurrent Mark From Roots 691.645ms
[2454.364s][info][gc,marking     ] GC(424) Concurrent Preclean
[2454.364s][info][gc,marking     ] GC(424) Concurrent Preclean 0.062ms
[2454.366s][info][gc,start       ] GC(424) Pause Remark
[2454.370s][info][gc             ] GC(424) Pause Remark 1817M->1817M(4096M) 4.126ms
[2454.370s][info][gc,cpu         ] GC(424) User=0.02s Sys=0.00s Real=0.00s
[2454.370s][info][gc,marking     ] GC(424) Concurrent Mark 697.763ms
[2454.370s][info][gc,marking     ] GC(424) Concurrent Rebuild Remembered Sets and Scrub Regions
[2454.597s][info][gc,marking     ] GC(424) Concurrent Rebuild Remembered Sets and Scrub Regions 227.054ms
[2454.598s][info][gc,start       ] GC(424) Pause Cleanup
[2454.598s][info][gc             ] GC(424) Pause Cleanup 1923M->1923M(4096M) 0.110ms
[2454.598s][info][gc,cpu         ] GC(424) User=0.00s Sys=0.00s Real=0.00s
[2454.598s][info][gc,marking     ] GC(424) Concurrent Clear Claimed Marks
[2454.598s][info][gc,marking     ] GC(424) Concurrent Clear Claimed Marks 0.027ms
[2454.598s][info][gc,marking     ] GC(424) Concurrent Cleanup for Next Mark
[2454.602s][info][gc,marking     ] GC(424) Concurrent Cleanup for Next Mark 4.471ms
[2454.602s][info][gc             ] GC(424) Concurrent Mark Cycle 1070.433ms
....[2458.256s][info][gc,start       ] GC(425) Pause Young (Prepare Mixed) (G1 Evacuation Pause)
[2458.256s][info][gc,task        ] GC(425) Using 6 workers of 6 for evacuation
[2458.376s][info][gc,phases      ] GC(425)   Pre Evacuate Collection Set: 0.36ms
[2458.376s][info][gc,phases      ] GC(425)   Merge Heap Roots: 0.55ms
[2458.376s][info][gc,phases      ] GC(425)   Evacuate Collection Set: 117.73ms
[2458.376s][info][gc,phases      ] GC(425)   Post Evacuate Collection Set: 0.95ms
[2458.376s][info][gc,phases      ] GC(425)   Other: 0.09ms
[2458.376s][info][gc,heap        ] GC(425) Eden regions: 1120->0(1110)
[2458.376s][info][gc,heap        ] GC(425) Survivor regions: 108->111(154)
[2458.376s][info][gc,heap        ] GC(425) Old regions: 501->533
[2458.376s][info][gc,heap        ] GC(425) Humongous regions: 80->80
[2458.376s][info][gc,metaspace   ] GC(425) Metaspace: 28994K(29376K)->28994K(29376K) NonClass: 24109K(24256K)->24109K(24256K) Class: 4884K(5120K)->4884K(5120K)
[2458.376s][info][gc             ] GC(425) Pause Young (Prepare Mixed) (G1 Evacuation Pause) 3615M->1445M(4096M) 119.812ms
[2458.376s][info][gc,cpu         ] GC(425) User=0.71s Sys=0.00s Real=0.12s
.... (rIR:aIR:PR = 3874:3873:3873) (tPR = 57604) [OK] 
  2461s: Performance info:
         Transaction,    Success,    Partial,     Failed,   Receipts, AvgBarcode, 
             Overall,     232858,          0,          0,     221214,      59.47, 
         Response times:
             Request,    Success,    Partial,     Failed,   SkipFail,     Probes,    Samples,      min,      p50,      p90,      p95,      p99,      max, 
       TotalPurchase,     221224,          0,          0,          0,     217629,     236260,      300,     3100,     5400,     7300,    40000,   211000,
     InStorePurchase,     116414,          0,          0,          0,     114690,     124235,      300,     3100,     5400,     7400,    40000,   184000,
      OnlinePurchase,      81542,          0,          0,          0,      80342,      87174,      300,     3200,     5500,     7400,    40000,   211000,
        InstPurchase,      23268,          0,          0,          0,      22597,      24851,      400,     3100,     5300,     7200,    37000,   177000,
          AssocOfCat,        233,          0,          0,          0,        170,        253,    19700,    29000,    49000,    64300,   117400,   184000,
      AssocOfProduct,       2327,          0,          0,          0,       2154,       2498,     1100,     4200,     6400,     8505,    50000,   127000,
      BusinessReport,        582,          0,          0,          0,        485,        622,    19800,    31000,    48000,    66000,   165540,   246000,
          CustBuyBeh,       2327,          0,          0,          0,       2163,       2508,      300,     3000,     5510,     7755,    42000,   142000,
       ProductReturn,       6179,          0,          0,          0,       5812,       6591,      300,     3200,     5700,     7800,    40080,   142000,

  2461s: (29%)   IR =   4013 .[2463.220s][info][gc,start       ] GC(426) Pause Young (Mixed) (G1 Evacuation Pause)
[2463.220s][info][gc,task        ] GC(426) Using 6 workers of 6 for evacuation
[2463.355s][info][gc,phases      ] GC(426)   Pre Evacuate Collection Set: 0.40ms
[2463.355s][info][gc,phases      ] GC(426)   Merge Heap Roots: 0.71ms
[2463.355s][info][gc,phases      ] GC(426)   Evacuate Collection Set: 132.54ms
[2463.355s][info][gc,phases      ] GC(426)   Post Evacuate Collection Set: 1.00ms
[2463.355s][info][gc,phases      ] GC(426)   Other: 0.09ms
[2463.355s][info][gc,heap        ] GC(426) Eden regions: 1110->0(1120)
[2463.355s][info][gc,heap        ] GC(426) Survivor regions: 111->108(153)
[2463.355s][info][gc,heap        ] GC(426) Old regions: 533->471
[2463.355s][info][gc,heap        ] GC(426) Humongous regions: 80->80
[2463.355s][info][gc,metaspace   ] GC(426) Metaspace: 28998K(29376K)->28998K(29376K) NonClass: 24113K(24256K)->24113K(24256K) Class: 4884K(5120K)->4884K(5120K)
[2463.355s][info][gc             ] GC(426) Pause Young (Mixed) (G1 Evacuation Pause) 3665M->1315M(4096M) 134.890ms
[2463.355s][info][gc,cpu         ] GC(426) User=0.79s Sys=0.00s Real=0.13s
...|.[2467.779s][info][gc,start       ] GC(427) Pause Young (Concurrent Start) (G1 Evacuation Pause)
[2467.779s][info][gc,task        ] GC(427) Using 6 workers of 6 for evacuation
[2467.899s][info][gc,phases      ] GC(427)   Pre Evacuate Collection Set: 0.40ms
[2467.899s][info][gc,phases      ] GC(427)   Merge Heap Roots: 0.52ms
[2467.899s][info][gc,phases      ] GC(427)   Evacuate Collection Set: 117.59ms
[2467.899s][info][gc,phases      ] GC(427)   Post Evacuate Collection Set: 0.92ms
[2467.899s][info][gc,phases      ] GC(427)   Other: 0.10ms
[2467.899s][info][gc,heap        ] GC(427) Eden regions: 1120->0(1118)
[2467.899s][info][gc,heap        ] GC(427) Survivor regions: 108->110(154)
[2467.899s][info][gc,heap        ] GC(427) Old regions: 471->502
[2467.899s][info][gc,heap        ] GC(427) Humongous regions: 80->80
[2467.899s][info][gc,metaspace   ] GC(427) Metaspace: 28998K(29376K)->28998K(29376K) NonClass: 24113K(24256K)->24113K(24256K) Class: 4884K(5120K)->4884K(5120K)
[2467.899s][info][gc             ] GC(427) Pause Young (Concurrent Start) (G1 Evacuation Pause) 3555M->1381M(4096M) 119.667ms
[2467.899s][info][gc             ] GC(428) Concurrent Mark Cycle
[2467.899s][info][gc,marking     ] GC(428) Concurrent Scan Root Regions
[2467.899s][info][gc,cpu         ] GC(427) User=0.70s Sys=0.01s Real=0.12s
[2468.067s][info][gc,marking     ] GC(428) Concurrent Scan Root Regions 168.098ms
[2468.067s][info][gc,marking     ] GC(428) Concurrent Mark
[2468.067s][info][gc,marking     ] GC(428) Concurrent Mark From Roots
[2468.067s][info][gc,task        ] GC(428) Using 2 workers of 2 for marking
.[2469.044s][info][gc,marking     ] GC(428) Concurrent Mark From Roots 976.697ms
[2469.044s][info][gc,marking     ] GC(428) Concurrent Preclean
[2469.044s][info][gc,marking     ] GC(428) Concurrent Preclean 0.066ms
[2469.044s][info][gc,start       ] GC(428) Pause Remark
[2469.048s][info][gc             ] GC(428) Pause Remark 1955M->1955M(4096M) 3.844ms
[2469.048s][info][gc,cpu         ] GC(428) User=0.02s Sys=0.00s Real=0.01s
[2469.048s][info][gc,marking     ] GC(428) Concurrent Mark 980.851ms
[2469.048s][info][gc,marking     ] GC(428) Concurrent Rebuild Remembered Sets and Scrub Regions
.[2469.404s][info][gc,marking     ] GC(428) Concurrent Rebuild Remembered Sets and Scrub Regions 355.702ms
[2469.404s][info][gc,start       ] GC(428) Pause Cleanup
[2469.404s][info][gc             ] GC(428) Pause Cleanup 2123M->2123M(4096M) 0.133ms
[2469.404s][info][gc,cpu         ] GC(428) User=0.00s Sys=0.00s Real=0.00s
[2469.404s][info][gc,marking     ] GC(428) Concurrent Clear Claimed Marks
[2469.404s][info][gc,marking     ] GC(428) Concurrent Clear Claimed Marks 0.043ms
[2469.404s][info][gc,marking     ] GC(428) Concurrent Cleanup for Next Mark
[2469.408s][info][gc,marking     ] GC(428) Concurrent Cleanup for Next Mark 3.858ms
[2469.408s][info][gc             ] GC(428) Concurrent Mark Cycle 1509.324ms
...[2472.515s][info][gc,start       ] GC(429) Pause Young (Prepare Mixed) (G1 Evacuation Pause)
[2472.515s][info][gc,task        ] GC(429) Using 6 workers of 6 for evacuation
[2472.634s][info][gc,phases      ] GC(429)   Pre Evacuate Collection Set: 0.37ms
[2472.634s][info][gc,phases      ] GC(429)   Merge Heap Roots: 0.53ms
[2472.634s][info][gc,phases      ] GC(429)   Evacuate Collection Set: 117.22ms
[2472.634s][info][gc,phases      ] GC(429)   Post Evacuate Collection Set: 0.98ms
[2472.634s][info][gc,phases      ] GC(429)   Other: 0.09ms
[2472.634s][info][gc,heap        ] GC(429) Eden regions: 1118->0(1112)
[2472.634s][info][gc,heap        ] GC(429) Survivor regions: 110->109(154)
[2472.634s][info][gc,heap        ] GC(429) Old regions: 502->535
[2472.634s][info][gc,heap        ] GC(429) Humongous regions: 80->80
[2472.634s][info][gc,metaspace   ] GC(429) Metaspace: 28998K(29376K)->28998K(29376K) NonClass: 24113K(24256K)->24113K(24256K) Class: 4884K(5120K)->4884K(5120K)
[2472.634s][info][gc             ] GC(429) Pause Young (Prepare Mixed) (G1 Evacuation Pause) 3617M->1445M(4096M) 119.353ms
[2472.634s][info][gc,cpu         ] GC(429) User=0.70s Sys=0.00s Real=0.12s
.....[2477.306s][info][gc,start       ] GC(430) Pause Young (Mixed) (G1 Evacuation Pause)
[2477.306s][info][gc,task        ] GC(430) Using 6 workers of 6 for evacuation
[2477.439s][info][gc,phases      ] GC(430)   Pre Evacuate Collection Set: 0.45ms
[2477.439s][info][gc,phases      ] GC(430)   Merge Heap Roots: 0.71ms
[2477.439s][info][gc,phases      ] GC(430)   Evacuate Collection Set: 130.50ms
[2477.439s][info][gc,phases      ] GC(430)   Post Evacuate Collection Set: 1.03ms
[2477.439s][info][gc,phases      ] GC(430)   Other: 0.09ms
[2477.439s][info][gc,heap        ] GC(430) Eden regions: 1112->0(1118)
[2477.439s][info][gc,heap        ] GC(430) Survivor regions: 109->110(153)
[2477.439s][info][gc,heap        ] GC(430) Old regions: 535->470
[2477.439s][info][gc,heap        ] GC(430) Humongous regions: 80->80
[2477.439s][info][gc,metaspace   ] GC(430) Metaspace: 28998K(29376K)->28998K(29376K) NonClass: 24113K(24256K)->24113K(24256K) Class: 4884K(5120K)->4884K(5120K)
[2477.439s][info][gc             ] GC(430) Pause Young (Mixed) (G1 Evacuation Pause) 3669M->1317M(4096M) 132.913ms
[2477.439s][info][gc,cpu         ] GC(430) User=0.78s Sys=0.00s Real=0.14s
....[2481.922s][info][gc,start       ] GC(431) Pause Young (Concurrent Start) (G1 Evacuation Pause)
[2481.922s][info][gc,task        ] GC(431) Using 6 workers of 6 for evacuation
[2482.039s][info][gc,phases      ] GC(431)   Pre Evacuate Collection Set: 0.43ms
[2482.039s][info][gc,phases      ] GC(431)   Merge Heap Roots: 0.51ms
[2482.039s][info][gc,phases      ] GC(431)   Evacuate Collection Set: 114.57ms
[2482.039s][info][gc,phases      ] GC(431)   Post Evacuate Collection Set: 0.95ms
[2482.039s][info][gc,phases      ] GC(431)   Other: 0.12ms
[2482.039s][info][gc,heap        ] GC(431) Eden regions: 1118->0(1121)
[2482.039s][info][gc,heap        ] GC(431) Survivor regions: 110->107(154)
[2482.039s][info][gc,heap        ] GC(431) Old regions: 470->503
[2482.039s][info][gc,heap        ] GC(431) Humongous regions: 80->80
[2482.039s][info][gc,metaspace   ] GC(431) Metaspace: 28998K(29376K)->28998K(29376K) NonClass: 24113K(24256K)->24113K(24256K) Class: 4884K(5120K)->4884K(5120K)
[2482.039s][info][gc             ] GC(431) Pause Young (Concurrent Start) (G1 Evacuation Pause) 3553M->1377M(4096M) 116.728ms
[2482.039s][info][gc             ] GC(432) Concurrent Mark Cycle
[2482.039s][info][gc,marking     ] GC(432) Concurrent Scan Root Regions
[2482.039s][info][gc,cpu         ] GC(431) User=0.69s Sys=0.00s Real=0.12s
[2482.145s][info][gc,marking     ] GC(432) Concurrent Scan Root Regions 105.933ms
[2482.145s][info][gc,marking     ] GC(432) Concurrent Mark
[2482.145s][info][gc,marking     ] GC(432) Concurrent Mark From Roots
[2482.145s][info][gc,task        ] GC(432) Using 2 workers of 2 for marking
.[2482.671s][info][gc,marking     ] GC(432) Concurrent Mark From Roots 526.670ms
[2482.671s][info][gc,marking     ] GC(432) Concurrent Preclean
[2482.671s][info][gc,marking     ] GC(432) Concurrent Preclean 0.074ms
[2482.672s][info][gc,start       ] GC(432) Pause Remark
[2482.675s][info][gc             ] GC(432) Pause Remark 1728M->1728M(4096M) 3.556ms
[2482.675s][info][gc,cpu         ] GC(432) User=0.02s Sys=0.00s Real=0.00s
[2482.675s][info][gc,marking     ] GC(432) Concurrent Mark 530.621ms
[2482.675s][info][gc,marking     ] GC(432) Concurrent Rebuild Remembered Sets and Scrub Regions
[2482.936s][info][gc,marking     ] GC(432) Concurrent Rebuild Remembered Sets and Scrub Regions 260.394ms
[2482.936s][info][gc,start       ] GC(432) Pause Cleanup
[2482.936s][info][gc             ] GC(432) Pause Cleanup 1865M->1865M(4096M) 0.122ms
[2482.936s][info][gc,cpu         ] GC(432) User=0.00s Sys=0.00s Real=0.01s
[2482.936s][info][gc,marking     ] GC(432) Concurrent Clear Claimed Marks
[2482.936s][info][gc,marking     ] GC(432) Concurrent Clear Claimed Marks 0.027ms
[2482.936s][info][gc,marking     ] GC(432) Concurrent Cleanup for Next Mark
[2482.939s][info][gc,marking     ] GC(432) Concurrent Cleanup for Next Mark 3.309ms
[2482.939s][info][gc             ] GC(432) Concurrent Mark Cycle 900.704ms
....[2486.605s][info][gc,start       ] GC(433) Pause Young (Prepare Mixed) (G1 Evacuation Pause)
[2486.605s][info][gc,task        ] GC(433) Using 6 workers of 6 for evacuation
[2486.727s][info][gc,phases      ] GC(433)   Pre Evacuate Collection Set: 0.36ms
[2486.727s][info][gc,phases      ] GC(433)   Merge Heap Roots: 0.54ms
[2486.727s][info][gc,phases      ] GC(433)   Evacuate Collection Set: 119.91ms
[2486.727s][info][gc,phases      ] GC(433)   Post Evacuate Collection Set: 0.97ms
[2486.727s][info][gc,phases      ] GC(433)   Other: 0.09ms
[2486.727s][info][gc,heap        ] GC(433) Eden regions: 1121->0(1108)
[2486.727s][info][gc,heap        ] GC(433) Survivor regions: 107->111(154)
[2486.727s][info][gc,heap        ] GC(433) Old regions: 503->535
[2486.727s][info][gc,heap        ] GC(433) Humongous regions: 80->80
[2486.727s][info][gc,metaspace   ] GC(433) Metaspace: 28998K(29376K)->28998K(29376K) NonClass: 24113K(24256K)->24113K(24256K) Class: 4884K(5120K)->4884K(5120K)
[2486.727s][info][gc             ] GC(433) Pause Young (Prepare Mixed) (G1 Evacuation Pause) 3619M->1449M(4096M) 121.990ms
[2486.727s][info][gc,cpu         ] GC(433) User=0.72s Sys=0.01s Real=0.13s
.....[2491.339s][info][gc,start       ] GC(434) Pause Young (Mixed) (G1 Evacuation Pause)
[2491.339s][info][gc,task        ] GC(434) Using 6 workers of 6 for evacuation
[2491.475s][info][gc,phases      ] GC(434)   Pre Evacuate Collection Set: 0.42ms
[2491.476s][info][gc,phases      ] GC(434)   Merge Heap Roots: 0.79ms
[2491.476s][info][gc,phases      ] GC(434)   Evacuate Collection Set: 134.28ms
[2491.476s][info][gc,phases      ] GC(434)   Post Evacuate Collection Set: 0.94ms
[2491.476s][info][gc,phases      ] GC(434)   Other: 0.10ms
[2491.476s][info][gc,heap        ] GC(434) Eden regions: 1108->0(1119)
[2491.476s][info][gc,heap        ] GC(434) Survivor regions: 111->109(153)
[2491.476s][info][gc,heap        ] GC(434) Old regions: 535->471
[2491.476s][info][gc,heap        ] GC(434) Humongous regions: 80->80
[2491.476s][info][gc,metaspace   ] GC(434) Metaspace: 28998K(29376K)->28998K(29376K) NonClass: 24113K(24256K)->24113K(24256K) Class: 4884K(5120K)->4884K(5120K)
[2491.476s][info][gc             ] GC(434) Pause Young (Mixed) (G1 Evacuation Pause) 3665M->1318M(4096M) 136.645ms
[2491.476s][info][gc,cpu         ] GC(434) User=0.81s Sys=0.00s Real=0.13s
....[2496.139s][info][gc,start       ] GC(435) Pause Young (Concurrent Start) (G1 Evacuation Pause)
[2496.139s][info][gc,task        ] GC(435) Using 6 workers of 6 for evacuation
[2496.257s][info][gc,phases      ] GC(435)   Pre Evacuate Collection Set: 0.39ms
[2496.257s][info][gc,phases      ] GC(435)   Merge Heap Roots: 0.47ms
[2496.257s][info][gc,phases      ] GC(435)   Evacuate Collection Set: 115.46ms
[2496.257s][info][gc,phases      ] GC(435)   Post Evacuate Collection Set: 0.91ms
[2496.257s][info][gc,phases      ] GC(435)   Other: 0.11ms
[2496.257s][info][gc,heap        ] GC(435) Eden regions: 1119->0(1120)
[2496.257s][info][gc,heap        ] GC(435) Survivor regions: 109->108(154)
[2496.257s][info][gc,heap        ] GC(435) Old regions: 471->503
[2496.257s][info][gc,heap        ] GC(435) Humongous regions: 80->80
[2496.257s][info][gc,metaspace   ] GC(435) Metaspace: 28998K(29376K)->28998K(29376K) NonClass: 24113K(24256K)->24113K(24256K) Class: 4884K(5120K)->4884K(5120K)
[2496.257s][info][gc             ] GC(435) Pause Young (Concurrent Start) (G1 Evacuation Pause) 3556M->1378M(4096M) 117.524ms
[2496.257s][info][gc             ] GC(436) Concurrent Mark Cycle
[2496.257s][info][gc,marking     ] GC(436) Concurrent Scan Root Regions
[2496.257s][info][gc,cpu         ] GC(435) User=0.69s Sys=0.00s Real=0.12s
.[2496.385s][info][gc,marking     ] GC(436) Concurrent Scan Root Regions 128.083ms
[2496.385s][info][gc,marking     ] GC(436) Concurrent Mark
[2496.385s][info][gc,marking     ] GC(436) Concurrent Mark From Roots
[2496.385s][info][gc,task        ] GC(436) Using 2 workers of 2 for marking
[2496.995s][info][gc,marking     ] GC(436) Concurrent Mark From Roots 610.208ms
[2496.995s][info][gc,marking     ] GC(436) Concurrent Preclean
[2496.995s][info][gc,marking     ] GC(436) Concurrent Preclean 0.079ms
[2496.996s][info][gc,start       ] GC(436) Pause Remark
[2496.999s][info][gc             ] GC(436) Pause Remark 1768M->1768M(4096M) 3.655ms
[2496.999s][info][gc,cpu         ] GC(436) User=0.02s Sys=0.00s Real=0.01s
[2496.999s][info][gc,marking     ] GC(436) Concurrent Mark 614.257ms
[2496.999s][info][gc,marking     ] GC(436) Concurrent Rebuild Remembered Sets and Scrub Regions
[2497.236s][info][gc,marking     ] GC(436) Concurrent Rebuild Remembered Sets and Scrub Regions 236.976ms
[2497.236s][info][gc,start       ] GC(436) Pause Cleanup
[2497.237s][info][gc             ] GC(436) Pause Cleanup 1894M->1894M(4096M) 0.115ms
[2497.237s][info][gc,cpu         ] GC(436) User=0.00s Sys=0.00s Real=0.00s
[2497.237s][info][gc,marking     ] GC(436) Concurrent Clear Claimed Marks
[2497.237s][info][gc,marking     ] GC(436) Concurrent Clear Claimed Marks 0.028ms
[2497.237s][info][gc,marking     ] GC(436) Concurrent Cleanup for Next Mark
[2497.240s][info][gc,marking     ] GC(436) Concurrent Cleanup for Next Mark 3.668ms
[2497.240s][info][gc             ] GC(436) Concurrent Mark Cycle 983.444ms
....[2500.759s][info][gc,start       ] GC(437) Pause Young (Prepare Mixed) (G1 Evacuation Pause)
[2500.759s][info][gc,task        ] GC(437) Using 6 workers of 6 for evacuation
[2500.881s][info][gc,phases      ] GC(437)   Pre Evacuate Collection Set: 0.37ms
[2500.881s][info][gc,phases      ] GC(437)   Merge Heap Roots: 0.55ms
[2500.881s][info][gc,phases      ] GC(437)   Evacuate Collection Set: 119.54ms
[2500.881s][info][gc,phases      ] GC(437)   Post Evacuate Collection Set: 0.94ms
[2500.881s][info][gc,phases      ] GC(437)   Other: 0.09ms
[2500.881s][info][gc,heap        ] GC(437) Eden regions: 1120->0(1106)
[2500.881s][info][gc,heap        ] GC(437) Survivor regions: 108->112(154)
[2500.881s][info][gc,heap        ] GC(437) Old regions: 503->535
[2500.881s][info][gc,heap        ] GC(437) Humongous regions: 80->80
[2500.881s][info][gc,metaspace   ] GC(437) Metaspace: 28998K(29376K)->28998K(29376K) NonClass: 24113K(24256K)->24113K(24256K) Class: 4884K(5120K)->4884K(5120K)
[2500.881s][info][gc             ] GC(437) Pause Young (Prepare Mixed) (G1 Evacuation Pause) 3618M->1452M(4096M) 121.618ms
[2500.881s][info][gc,cpu         ] GC(437) User=0.72s Sys=0.01s Real=0.12s
.....[2505.435s][info][gc,start       ] GC(438) Pause Young (Mixed) (G1 Evacuation Pause)
[2505.435s][info][gc,task        ] GC(438) Using 6 workers of 6 for evacuation
[2505.569s][info][gc,phases      ] GC(438)   Pre Evacuate Collection Set: 0.39ms
[2505.569s][info][gc,phases      ] GC(438)   Merge Heap Roots: 0.71ms
[2505.569s][info][gc,phases      ] GC(438)   Evacuate Collection Set: 131.43ms
[2505.569s][info][gc,phases      ] GC(438)   Post Evacuate Collection Set: 0.97ms
[2505.569s][info][gc,phases      ] GC(438)   Other: 0.09ms
[2505.569s][info][gc,heap        ] GC(438) Eden regions: 1106->0(1120)
[2505.569s][info][gc,heap        ] GC(438) Survivor regions: 112->108(153)
[2505.569s][info][gc,heap        ] GC(438) Old regions: 535->471
[2505.569s][info][gc,heap        ] GC(438) Humongous regions: 80->80
[2505.569s][info][gc,metaspace   ] GC(438) Metaspace: 28998K(29376K)->28998K(29376K) NonClass: 24113K(24256K)->24113K(24256K) Class: 4884K(5120K)->4884K(5120K)
[2505.569s][info][gc             ] GC(438) Pause Young (Mixed) (G1 Evacuation Pause) 3664M->1316M(4096M) 133.730ms
[2505.569s][info][gc,cpu         ] GC(438) User=0.79s Sys=0.00s Real=0.14s
....[2510.174s][info][gc,start       ] GC(439) Pause Young (Concurrent Start) (G1 Evacuation Pause)
[2510.174s][info][gc,task        ] GC(439) Using 6 workers of 6 for evacuation
[2510.295s][info][gc,phases      ] GC(439)   Pre Evacuate Collection Set: 0.40ms
[2510.295s][info][gc,phases      ] GC(439)   Merge Heap Roots: 0.47ms
[2510.295s][info][gc,phases      ] GC(439)   Evacuate Collection Set: 118.46ms
[2510.295s][info][gc,phases      ] GC(439)   Post Evacuate Collection Set: 0.91ms
[2510.295s][info][gc,phases      ] GC(439)   Other: 0.13ms
[2510.295s][info][gc,heap        ] GC(439) Eden regions: 1120->0(1117)
[2510.295s][info][gc,heap        ] GC(439) Survivor regions: 108->111(154)
[2510.295s][info][gc,heap        ] GC(439) Old regions: 471->503
[2510.295s][info][gc,heap        ] GC(439) Humongous regions: 80->80
[2510.295s][info][gc,metaspace   ] GC(439) Metaspace: 28998K(29376K)->28998K(29376K) NonClass: 24113K(24256K)->24113K(24256K) Class: 4884K(5120K)->4884K(5120K)
[2510.295s][info][gc             ] GC(439) Pause Young (Concurrent Start) (G1 Evacuation Pause) 3556M->1385M(4096M) 120.499ms
[2510.295s][info][gc             ] GC(440) Concurrent Mark Cycle
[2510.295s][info][gc,marking     ] GC(440) Concurrent Scan Root Regions
[2510.295s][info][gc,cpu         ] GC(439) User=0.71s Sys=0.00s Real=0.12s
.[2510.420s][info][gc,marking     ] GC(440) Concurrent Scan Root Regions 124.569ms
[2510.420s][info][gc,marking     ] GC(440) Concurrent Mark
[2510.420s][info][gc,marking     ] GC(440) Concurrent Mark From Roots
[2510.420s][info][gc,task        ] GC(440) Using 2 workers of 2 for marking
[2511.015s][info][gc,marking     ] GC(440) Concurrent Mark From Roots 595.149ms
[2511.015s][info][gc,marking     ] GC(440) Concurrent Preclean
[2511.015s][info][gc,marking     ] GC(440) Concurrent Preclean 0.058ms
[2511.015s][info][gc,start       ] GC(440) Pause Remark
[2511.019s][info][gc             ] GC(440) Pause Remark 1733M->1733M(4096M) 3.906ms
[2511.019s][info][gc,cpu         ] GC(440) User=0.02s Sys=0.00s Real=0.01s
[2511.019s][info][gc,marking     ] GC(440) Concurrent Mark 599.375ms
[2511.019s][info][gc,marking     ] GC(440) Concurrent Rebuild Remembered Sets and Scrub Regions
[2511.259s][info][gc,marking     ] GC(440) Concurrent Rebuild Remembered Sets and Scrub Regions 239.769ms
[2511.259s][info][gc,start       ] GC(440) Pause Cleanup
[2511.259s][info][gc             ] GC(440) Pause Cleanup 1851M->1851M(4096M) 0.127ms
[2511.259s][info][gc,cpu         ] GC(440) User=0.00s Sys=0.00s Real=0.00s
[2511.259s][info][gc,marking     ] GC(440) Concurrent Clear Claimed Marks
[2511.259s][info][gc,marking     ] GC(440) Concurrent Clear Claimed Marks 0.030ms
[2511.259s][info][gc,marking     ] GC(440) Concurrent Cleanup for Next Mark
[2511.266s][info][gc,marking     ] GC(440) Concurrent Cleanup for Next Mark 6.707ms
[2511.266s][info][gc             ] GC(440) Concurrent Mark Cycle 970.932ms
....[2514.899s][info][gc,start       ] GC(441) Pause Young (Prepare Mixed) (G1 Evacuation Pause)
[2514.899s][info][gc,task        ] GC(441) Using 6 workers of 6 for evacuation
[2515.016s][info][gc,phases      ] GC(441)   Pre Evacuate Collection Set: 0.39ms
[2515.016s][info][gc,phases      ] GC(441)   Merge Heap Roots: 0.55ms
[2515.016s][info][gc,phases      ] GC(441)   Evacuate Collection Set: 115.37ms
[2515.016s][info][gc,phases      ] GC(441)   Post Evacuate Collection Set: 0.98ms
[2515.016s][info][gc,phases      ] GC(441)   Other: 0.09ms
[2515.016s][info][gc,heap        ] GC(441) Eden regions: 1117->0(1116)
[2515.016s][info][gc,heap        ] GC(441) Survivor regions: 111->107(154)
[2515.016s][info][gc,heap        ] GC(441) Old regions: 503->535
[2515.016s][info][gc,heap        ] GC(441) Humongous regions: 80->80
[2515.016s][info][gc,metaspace   ] GC(441) Metaspace: 28998K(29376K)->28998K(29376K) NonClass: 24113K(24256K)->24113K(24256K) Class: 4884K(5120K)->4884K(5120K)
[2515.016s][info][gc             ] GC(441) Pause Young (Prepare Mixed) (G1 Evacuation Pause) 3619M->1442M(4096M) 117.543ms
[2515.016s][info][gc,cpu         ] GC(441) User=0.69s Sys=0.01s Real=0.12s
.....[2519.605s][info][gc,start       ] GC(442) Pause Young (Mixed) (G1 Evacuation Pause)
[2519.606s][info][gc,task        ] GC(442) Using 6 workers of 6 for evacuation
[2519.740s][info][gc,phases      ] GC(442)   Pre Evacuate Collection Set: 0.40ms
[2519.740s][info][gc,phases      ] GC(442)   Merge Heap Roots: 0.66ms
[2519.740s][info][gc,phases      ] GC(442)   Evacuate Collection Set: 132.42ms
[2519.740s][info][gc,phases      ] GC(442)   Post Evacuate Collection Set: 1.00ms
[2519.740s][info][gc,phases      ] GC(442)   Other: 0.09ms
[2519.740s][info][gc,heap        ] GC(442) Eden regions: 1116->0(1119)
[2519.740s][info][gc,heap        ] GC(442) Survivor regions: 107->109(153)
[2519.740s][info][gc,heap        ] GC(442) Old regions: 535->470
[2519.740s][info][gc,heap        ] GC(442) Humongous regions: 80->80
[2519.740s][info][gc,metaspace   ] GC(442) Metaspace: 28998K(29376K)->28998K(29376K) NonClass: 24113K(24256K)->24113K(24256K) Class: 4884K(5120K)->4884K(5120K)
[2519.740s][info][gc             ] GC(442) Pause Young (Mixed) (G1 Evacuation Pause) 3674M->1316M(4096M) 134.712ms
[2519.740s][info][gc,cpu         ] GC(442) User=0.80s Sys=0.00s Real=0.14s
.....[2524.384s][info][gc,start       ] GC(443) Pause Young (Concurrent Start) (G1 Evacuation Pause)
[2524.384s][info][gc,task        ] GC(443) Using 6 workers of 6 for evacuation
[2524.503s][info][gc,phases      ] GC(443)   Pre Evacuate Collection Set: 0.45ms
[2524.503s][info][gc,phases      ] GC(443)   Merge Heap Roots: 0.59ms
[2524.503s][info][gc,phases      ] GC(443)   Evacuate Collection Set: 116.49ms
[2524.503s][info][gc,phases      ] GC(443)   Post Evacuate Collection Set: 0.89ms
[2524.503s][info][gc,phases      ] GC(443)   Other: 0.14ms
[2524.503s][info][gc,heap        ] GC(443) Eden regions: 1119->0(1119)
[2524.503s][info][gc,heap        ] GC(443) Survivor regions: 109->109(154)
[2524.503s][info][gc,heap        ] GC(443) Old regions: 470->502
[2524.503s][info][gc,heap        ] GC(443) Humongous regions: 80->80
[2524.503s][info][gc,metaspace   ] GC(443) Metaspace: 28998K(29376K)->28998K(29376K) NonClass: 24113K(24256K)->24113K(24256K) Class: 4884K(5120K)->4884K(5120K)
[2524.503s][info][gc             ] GC(443) Pause Young (Concurrent Start) (G1 Evacuation Pause) 3554M->1378M(4096M) 118.687ms
[2524.503s][info][gc             ] GC(444) Concurrent Mark Cycle
[2524.503s][info][gc,cpu         ] GC(443) User=0.70s Sys=0.00s Real=0.12s
[2524.503s][info][gc,marking     ] GC(444) Concurrent Scan Root Regions
[2524.672s][info][gc,marking     ] GC(444) Concurrent Scan Root Regions 168.797ms
[2524.672s][info][gc,marking     ] GC(444) Concurrent Mark
[2524.672s][info][gc,marking     ] GC(444) Concurrent Mark From Roots
[2524.672s][info][gc,task        ] GC(444) Using 2 workers of 2 for marking
.[2525.600s][info][gc,marking     ] GC(444) Concurrent Mark From Roots 927.995ms
[2525.600s][info][gc,marking     ] GC(444) Concurrent Preclean
[2525.600s][info][gc,marking     ] GC(444) Concurrent Preclean 0.079ms
[2525.601s][info][gc,start       ] GC(444) Pause Remark
[2525.606s][info][gc             ] GC(444) Pause Remark 1942M->1942M(4096M) 4.536ms
[2525.606s][info][gc,cpu         ] GC(444) User=0.03s Sys=0.00s Real=0.00s
[2525.606s][info][gc,marking     ] GC(444) Concurrent Mark 934.104ms
[2525.606s][info][gc,marking     ] GC(444) Concurrent Rebuild Remembered Sets and Scrub Regions
[2525.849s][info][gc,marking     ] GC(444) Concurrent Rebuild Remembered Sets and Scrub Regions 243.577ms
[2525.850s][info][gc,start       ] GC(444) Pause Cleanup
[2525.850s][info][gc             ] GC(444) Pause Cleanup 2088M->2088M(4096M) 0.125ms
[2525.850s][info][gc,cpu         ] GC(444) User=0.00s Sys=0.00s Real=0.00s
[2525.850s][info][gc,marking     ] GC(444) Concurrent Clear Claimed Marks
[2525.850s][info][gc,marking     ] GC(444) Concurrent Clear Claimed Marks 0.033ms
[2525.850s][info][gc,marking     ] GC(444) Concurrent Cleanup for Next Mark
[2525.855s][info][gc,marking     ] GC(444) Concurrent Cleanup for Next Mark 5.003ms
[2525.855s][info][gc             ] GC(444) Concurrent Mark Cycle 1352.027ms
. (rIR:aIR:PR = 4013:4012:4012) (tPR = 59627) [OK] 
  2526s: Performance info:
         Transaction,    Success,    Partial,     Failed,   Receipts, AvgBarcode, 
             Overall,     241355,          0,          0,     229298,      59.47, 
         Response times:
             Request,    Success,    Partial,     Failed,   SkipFail,     Probes,    Samples,      min,      p50,      p90,      p95,      p99,      max, 
       TotalPurchase,     229298,          0,          0,          0,     224693,     241200,      300,     3200,     5900,     8800,    37000,   208000,
     InStorePurchase,     120651,          0,          0,          0,     118423,     126661,      300,     3100,     5800,     8800,    37000,   208000,
      OnlinePurchase,      84486,          0,          0,          0,      82783,      89101,      300,     3400,     5900,     8700,    37000,   201000,
        InstPurchase,      24161,          0,          0,          0,      23487,      25438,      400,     3100,     5800,     8800,    36000,   208000,
          AssocOfCat,        240,          0,          0,          0,        187,        255,    21000,    29000,    45400,    54200,    71760,   221000,
      AssocOfProduct,       2413,          0,          0,          0,       2255,       2596,      400,     4200,     6900,    12900,    44150,   142000,
      BusinessReport,        601,          0,          0,          0,        494,        621,    21000,    32000,    51000,    66000,   155340,   188000,
          CustBuyBeh,       2411,          0,          0,          0,       2181,       2483,      200,     3700,     6200,     8700,    37000,   141000,
       ProductReturn,       6392,          0,          0,          0,       6067,       6733,      300,     4000,     6700,    11600,    44000,   208000,

  2526s: (30%)   IR =   4151 ..[2528.972s][info][gc,start       ] GC(445) Pause Young (Prepare Mixed) (G1 Evacuation Pause)
[2528.972s][info][gc,task        ] GC(445) Using 6 workers of 6 for evacuation
[2529.089s][info][gc,phases      ] GC(445)   Pre Evacuate Collection Set: 0.34ms
[2529.089s][info][gc,phases      ] GC(445)   Merge Heap Roots: 0.56ms
[2529.089s][info][gc,phases      ] GC(445)   Evacuate Collection Set: 115.24ms
[2529.089s][info][gc,phases      ] GC(445)   Post Evacuate Collection Set: 0.97ms
[2529.089s][info][gc,phases      ] GC(445)   Other: 0.09ms
[2529.089s][info][gc,heap        ] GC(445) Eden regions: 1119->0(1113)
[2529.089s][info][gc,heap        ] GC(445) Survivor regions: 109->109(154)
[2529.089s][info][gc,heap        ] GC(445) Old regions: 502->534
[2529.089s][info][gc,heap        ] GC(445) Humongous regions: 80->80
[2529.090s][info][gc,metaspace   ] GC(445) Metaspace: 28998K(29376K)->28998K(29376K) NonClass: 24113K(24256K)->24113K(24256K) Class: 4884K(5120K)->4884K(5120K)
[2529.090s][info][gc             ] GC(445) Pause Young (Prepare Mixed) (G1 Evacuation Pause) 3616M->1442M(4096M) 117.328ms
[2529.090s][info][gc,cpu         ] GC(445) User=0.69s Sys=0.00s Real=0.12s
...|..[2533.513s][info][gc,start       ] GC(446) Pause Young (Mixed) (G1 Evacuation Pause)
[2533.513s][info][gc,task        ] GC(446) Using 6 workers of 6 for evacuation
[2533.649s][info][gc,phases      ] GC(446)   Pre Evacuate Collection Set: 0.43ms
[2533.649s][info][gc,phases      ] GC(446)   Merge Heap Roots: 0.75ms
[2533.649s][info][gc,phases      ] GC(446)   Evacuate Collection Set: 133.59ms
[2533.649s][info][gc,phases      ] GC(446)   Post Evacuate Collection Set: 0.95ms
[2533.649s][info][gc,phases      ] GC(446)   Other: 0.09ms
[2533.649s][info][gc,heap        ] GC(446) Eden regions: 1113->0(1118)
[2533.649s][info][gc,heap        ] GC(446) Survivor regions: 109->110(153)
[2533.649s][info][gc,heap        ] GC(446) Old regions: 534->472
[2533.649s][info][gc,heap        ] GC(446) Humongous regions: 80->80
[2533.649s][info][gc,metaspace   ] GC(446) Metaspace: 28998K(29376K)->28998K(29376K) NonClass: 24113K(24256K)->24113K(24256K) Class: 4884K(5120K)->4884K(5120K)
[2533.649s][info][gc             ] GC(446) Pause Young (Mixed) (G1 Evacuation Pause) 3668M->1320M(4096M) 135.960ms
[2533.649s][info][gc,cpu         ] GC(446) User=0.81s Sys=0.00s Real=0.14s
....[2538.092s][info][gc,start       ] GC(447) Pause Young (Concurrent Start) (G1 Evacuation Pause)
[2538.092s][info][gc,task        ] GC(447) Using 6 workers of 6 for evacuation
[2538.209s][info][gc,phases      ] GC(447)   Pre Evacuate Collection Set: 0.41ms
[2538.209s][info][gc,phases      ] GC(447)   Merge Heap Roots: 0.52ms
[2538.209s][info][gc,phases      ] GC(447)   Evacuate Collection Set: 115.02ms
[2538.209s][info][gc,phases      ] GC(447)   Post Evacuate Collection Set: 0.91ms
[2538.209s][info][gc,phases      ] GC(447)   Other: 0.11ms
[2538.209s][info][gc,heap        ] GC(447) Eden regions: 1118->0(1120)
[2538.209s][info][gc,heap        ] GC(447) Survivor regions: 110->108(154)
[2538.209s][info][gc,heap        ] GC(447) Old regions: 472->504
[2538.209s][info][gc,heap        ] GC(447) Humongous regions: 80->80
[2538.209s][info][gc,metaspace   ] GC(447) Metaspace: 28998K(29376K)->28998K(29376K) NonClass: 24113K(24256K)->24113K(24256K) Class: 4884K(5120K)->4884K(5120K)
[2538.209s][info][gc             ] GC(447) Pause Young (Concurrent Start) (G1 Evacuation Pause) 3556M->1381M(4096M) 117.105ms
[2538.209s][info][gc             ] GC(448) Concurrent Mark Cycle
[2538.209s][info][gc,marking     ] GC(448) Concurrent Scan Root Regions
[2538.209s][info][gc,cpu         ] GC(447) User=0.70s Sys=0.00s Real=0.12s
[2538.341s][info][gc,marking     ] GC(448) Concurrent Scan Root Regions 131.740ms
[2538.341s][info][gc,marking     ] GC(448) Concurrent Mark
[2538.341s][info][gc,marking     ] GC(448) Concurrent Mark From Roots
[2538.341s][info][gc,task        ] GC(448) Using 2 workers of 2 for marking
.[2538.977s][info][gc,marking     ] GC(448) Concurrent Mark From Roots 635.945ms
[2538.977s][info][gc,marking     ] GC(448) Concurrent Preclean
[2538.977s][info][gc,marking     ] GC(448) Concurrent Preclean 0.071ms
[2538.977s][info][gc,start       ] GC(448) Pause Remark
[2538.980s][info][gc             ] GC(448) Pause Remark 1862M->1862M(4096M) 3.146ms
[2538.980s][info][gc,cpu         ] GC(448) User=0.01s Sys=0.01s Real=0.00s
[2538.980s][info][gc,marking     ] GC(448) Concurrent Mark 639.430ms
[2538.980s][info][gc,marking     ] GC(448) Concurrent Rebuild Remembered Sets and Scrub Regions
[2539.209s][info][gc,marking     ] GC(448) Concurrent Rebuild Remembered Sets and Scrub Regions 229.182ms
[2539.210s][info][gc,start       ] GC(448) Pause Cleanup
[2539.210s][info][gc             ] GC(448) Pause Cleanup 1957M->1957M(4096M) 0.118ms
[2539.210s][info][gc,cpu         ] GC(448) User=0.00s Sys=0.00s Real=0.00s
[2539.210s][info][gc,marking     ] GC(448) Concurrent Clear Claimed Marks
[2539.210s][info][gc,marking     ] GC(448) Concurrent Clear Claimed Marks 0.028ms
[2539.210s][info][gc,marking     ] GC(448) Concurrent Cleanup for Next Mark
[2539.213s][info][gc,marking     ] GC(448) Concurrent Cleanup for Next Mark 3.676ms
[2539.213s][info][gc             ] GC(448) Concurrent Mark Cycle 1004.516ms
....[2542.650s][info][gc,start       ] GC(449) Pause Young (Prepare Mixed) (G1 Evacuation Pause)
[2542.650s][info][gc,task        ] GC(449) Using 6 workers of 6 for evacuation
[2542.770s][info][gc,phases      ] GC(449)   Pre Evacuate Collection Set: 0.38ms
[2542.770s][info][gc,phases      ] GC(449)   Merge Heap Roots: 0.60ms
[2542.770s][info][gc,phases      ] GC(449)   Evacuate Collection Set: 117.91ms
[2542.770s][info][gc,phases      ] GC(449)   Post Evacuate Collection Set: 0.97ms
[2542.770s][info][gc,phases      ] GC(449)   Other: 0.09ms
[2542.770s][info][gc,heap        ] GC(449) Eden regions: 1120->0(1105)
[2542.770s][info][gc,heap        ] GC(449) Survivor regions: 108->112(154)
[2542.770s][info][gc,heap        ] GC(449) Old regions: 504->536
[2542.770s][info][gc,heap        ] GC(449) Humongous regions: 80->80
[2542.770s][info][gc,metaspace   ] GC(449) Metaspace: 28998K(29376K)->28998K(29376K) NonClass: 24113K(24256K)->24113K(24256K) Class: 4884K(5120K)->4884K(5120K)
[2542.770s][info][gc             ] GC(449) Pause Young (Prepare Mixed) (G1 Evacuation Pause) 3621M->1453M(4096M) 120.114ms
[2542.770s][info][gc,cpu         ] GC(449) User=0.71s Sys=0.00s Real=0.12s
....[2547.121s][info][gc,start       ] GC(450) Pause Young (Mixed) (G1 Evacuation Pause)
[2547.121s][info][gc,task        ] GC(450) Using 6 workers of 6 for evacuation
[2547.258s][info][gc,phases      ] GC(450)   Pre Evacuate Collection Set: 0.41ms
[2547.259s][info][gc,phases      ] GC(450)   Merge Heap Roots: 0.72ms
[2547.259s][info][gc,phases      ] GC(450)   Evacuate Collection Set: 134.95ms
[2547.259s][info][gc,phases      ] GC(450)   Post Evacuate Collection Set: 0.95ms
[2547.259s][info][gc,phases      ] GC(450)   Other: 0.09ms
[2547.259s][info][gc,heap        ] GC(450) Eden regions: 1105->0(1120)
[2547.259s][info][gc,heap        ] GC(450) Survivor regions: 112->108(153)
[2547.259s][info][gc,heap        ] GC(450) Old regions: 536->472
[2547.259s][info][gc,heap        ] GC(450) Humongous regions: 80->80
[2547.259s][info][gc,metaspace   ] GC(450) Metaspace: 28998K(29376K)->28998K(29376K) NonClass: 24113K(24256K)->24113K(24256K) Class: 4884K(5120K)->4884K(5120K)
[2547.259s][info][gc             ] GC(450) Pause Young (Mixed) (G1 Evacuation Pause) 3663M->1318M(4096M) 137.259ms
[2547.259s][info][gc,cpu         ] GC(450) User=0.81s Sys=0.00s Real=0.14s
.....[2551.689s][info][gc,start       ] GC(451) Pause Young (Concurrent Start) (G1 Evacuation Pause)
[2551.689s][info][gc,task        ] GC(451) Using 6 workers of 6 for evacuation
[2551.808s][info][gc,phases      ] GC(451)   Pre Evacuate Collection Set: 0.36ms
[2551.808s][info][gc,phases      ] GC(451)   Merge Heap Roots: 0.55ms
[2551.808s][info][gc,phases      ] GC(451)   Evacuate Collection Set: 117.24ms
[2551.808s][info][gc,phases      ] GC(451)   Post Evacuate Collection Set: 0.92ms
[2551.808s][info][gc,phases      ] GC(451)   Other: 0.12ms
[2551.808s][info][gc,heap        ] GC(451) Eden regions: 1120->0(1117)
[2551.808s][info][gc,heap        ] GC(451) Survivor regions: 108->111(154)
[2551.808s][info][gc,heap        ] GC(451) Old regions: 472->504
[2551.808s][info][gc,heap        ] GC(451) Humongous regions: 80->80
[2551.808s][info][gc,metaspace   ] GC(451) Metaspace: 28998K(29376K)->28998K(29376K) NonClass: 24113K(24256K)->24113K(24256K) Class: 4884K(5120K)->4884K(5120K)
[2551.809s][info][gc             ] GC(451) Pause Young (Concurrent Start) (G1 Evacuation Pause) 3558M->1387M(4096M) 119.335ms
[2551.809s][info][gc             ] GC(452) Concurrent Mark Cycle
[2551.809s][info][gc,marking     ] GC(452) Concurrent Scan Root Regions
[2551.809s][info][gc,cpu         ] GC(451) User=0.71s Sys=0.00s Real=0.12s
[2551.938s][info][gc,marking     ] GC(452) Concurrent Scan Root Regions 129.140ms
[2551.938s][info][gc,marking     ] GC(452) Concurrent Mark
[2551.938s][info][gc,marking     ] GC(452) Concurrent Mark From Roots
[2551.938s][info][gc,task        ] GC(452) Using 2 workers of 2 for marking
.[2552.617s][info][gc,marking     ] GC(452) Concurrent Mark From Roots 678.746ms
[2552.617s][info][gc,marking     ] GC(452) Concurrent Preclean
[2552.617s][info][gc,marking     ] GC(452) Concurrent Preclean 0.051ms
[2552.617s][info][gc,start       ] GC(452) Pause Remark
[2552.621s][info][gc             ] GC(452) Pause Remark 1839M->1839M(4096M) 4.052ms
[2552.621s][info][gc,cpu         ] GC(452) User=0.02s Sys=0.00s Real=0.00s
[2552.621s][info][gc,marking     ] GC(452) Concurrent Mark 683.092ms
[2552.621s][info][gc,marking     ] GC(452) Concurrent Rebuild Remembered Sets and Scrub Regions
[2552.852s][info][gc,marking     ] GC(452) Concurrent Rebuild Remembered Sets and Scrub Regions 231.370ms
[2552.852s][info][gc,start       ] GC(452) Pause Cleanup
[2552.852s][info][gc             ] GC(452) Pause Cleanup 1951M->1951M(4096M) 0.114ms
[2552.852s][info][gc,cpu         ] GC(452) User=0.00s Sys=0.00s Real=0.00s
[2552.853s][info][gc,marking     ] GC(452) Concurrent Clear Claimed Marks
[2552.853s][info][gc,marking     ] GC(452) Concurrent Clear Claimed Marks 0.025ms
[2552.853s][info][gc,marking     ] GC(452) Concurrent Cleanup for Next Mark
[2552.856s][info][gc,marking     ] GC(452) Concurrent Cleanup for Next Mark 3.652ms
[2552.856s][info][gc             ] GC(452) Concurrent Mark Cycle 1047.711ms
...[2556.256s][info][gc,start       ] GC(453) Pause Young (Prepare Mixed) (G1 Evacuation Pause)
[2556.257s][info][gc,task        ] GC(453) Using 6 workers of 6 for evacuation
[2556.373s][info][gc,phases      ] GC(453)   Pre Evacuate Collection Set: 0.35ms
[2556.373s][info][gc,phases      ] GC(453)   Merge Heap Roots: 0.55ms
[2556.373s][info][gc,phases      ] GC(453)   Evacuate Collection Set: 114.72ms
[2556.373s][info][gc,phases      ] GC(453)   Post Evacuate Collection Set: 0.98ms
[2556.373s][info][gc,phases      ] GC(453)   Other: 0.09ms
[2556.373s][info][gc,heap        ] GC(453) Eden regions: 1117->0(1111)
[2556.373s][info][gc,heap        ] GC(453) Survivor regions: 111->109(154)
[2556.373s][info][gc,heap        ] GC(453) Old regions: 504->536
[2556.373s][info][gc,heap        ] GC(453) Humongous regions: 80->80
[2556.373s][info][gc,metaspace   ] GC(453) Metaspace: 28998K(29376K)->28998K(29376K) NonClass: 24113K(24256K)->24113K(24256K) Class: 4884K(5120K)->4884K(5120K)
[2556.373s][info][gc             ] GC(453) Pause Young (Prepare Mixed) (G1 Evacuation Pause) 3621M->1446M(4096M) 116.848ms
[2556.373s][info][gc,cpu         ] GC(453) User=0.69s Sys=0.00s Real=0.11s
.....[2560.765s][info][gc,start       ] GC(454) Pause Young (Mixed) (G1 Evacuation Pause)
[2560.765s][info][gc,task        ] GC(454) Using 6 workers of 6 for evacuation
[2560.904s][info][gc,phases      ] GC(454)   Pre Evacuate Collection Set: 0.40ms
[2560.904s][info][gc,phases      ] GC(454)   Merge Heap Roots: 0.70ms
[2560.904s][info][gc,phases      ] GC(454)   Evacuate Collection Set: 136.65ms
[2560.904s][info][gc,phases      ] GC(454)   Post Evacuate Collection Set: 1.01ms
[2560.904s][info][gc,phases      ] GC(454)   Other: 0.09ms
[2560.904s][info][gc,heap        ] GC(454) Eden regions: 1111->0(1116)
[2560.904s][info][gc,heap        ] GC(454) Survivor regions: 109->112(153)
[2560.904s][info][gc,heap        ] GC(454) Old regions: 536->471
[2560.904s][info][gc,heap        ] GC(454) Humongous regions: 80->80
[2560.904s][info][gc,metaspace   ] GC(454) Metaspace: 28998K(29376K)->28998K(29376K) NonClass: 24113K(24256K)->24113K(24256K) Class: 4884K(5120K)->4884K(5120K)
[2560.904s][info][gc             ] GC(454) Pause Young (Mixed) (G1 Evacuation Pause) 3668M->1323M(4096M) 138.989ms
[2560.904s][info][gc,cpu         ] GC(454) User=0.83s Sys=0.00s Real=0.14s
....[2565.308s][info][gc,start       ] GC(455) Pause Young (Concurrent Start) (G1 Evacuation Pause)
[2565.308s][info][gc,task        ] GC(455) Using 6 workers of 6 for evacuation
[2565.426s][info][gc,phases      ] GC(455)   Pre Evacuate Collection Set: 0.43ms
[2565.426s][info][gc,phases      ] GC(455)   Merge Heap Roots: 0.50ms
[2565.426s][info][gc,phases      ] GC(455)   Evacuate Collection Set: 116.58ms
[2565.426s][info][gc,phases      ] GC(455)   Post Evacuate Collection Set: 0.91ms
[2565.426s][info][gc,phases      ] GC(455)   Other: 0.11ms
[2565.426s][info][gc,heap        ] GC(455) Eden regions: 1116->0(1120)
[2565.426s][info][gc,heap        ] GC(455) Survivor regions: 112->108(154)
[2565.426s][info][gc,heap        ] GC(455) Old regions: 471->503
[2565.426s][info][gc,heap        ] GC(455) Humongous regions: 80->80
[2565.426s][info][gc,metaspace   ] GC(455) Metaspace: 28998K(29376K)->28998K(29376K) NonClass: 24113K(24256K)->24113K(24256K) Class: 4884K(5120K)->4884K(5120K)
[2565.426s][info][gc             ] GC(455) Pause Young (Concurrent Start) (G1 Evacuation Pause) 3555M->1378M(4096M) 118.658ms
[2565.426s][info][gc             ] GC(456) Concurrent Mark Cycle
[2565.426s][info][gc,marking     ] GC(456) Concurrent Scan Root Regions
[2565.426s][info][gc,cpu         ] GC(455) User=0.70s Sys=0.00s Real=0.12s
.[2565.547s][info][gc,marking     ] GC(456) Concurrent Scan Root Regions 120.959ms
[2565.547s][info][gc,marking     ] GC(456) Concurrent Mark
[2565.547s][info][gc,marking     ] GC(456) Concurrent Mark From Roots
[2565.547s][info][gc,task        ] GC(456) Using 2 workers of 2 for marking
[2566.153s][info][gc,marking     ] GC(456) Concurrent Mark From Roots 605.378ms
[2566.153s][info][gc,marking     ] GC(456) Concurrent Preclean
[2566.153s][info][gc,marking     ] GC(456) Concurrent Preclean 0.059ms
[2566.153s][info][gc,start       ] GC(456) Pause Remark
[2566.157s][info][gc             ] GC(456) Pause Remark 1784M->1784M(4096M) 3.932ms
[2566.157s][info][gc,cpu         ] GC(456) User=0.02s Sys=0.00s Real=0.01s
[2566.157s][info][gc,marking     ] GC(456) Concurrent Mark 609.618ms
[2566.157s][info][gc,marking     ] GC(456) Concurrent Rebuild Remembered Sets and Scrub Regions
[2566.368s][info][gc,marking     ] GC(456) Concurrent Rebuild Remembered Sets and Scrub Regions 211.415ms
[2566.369s][info][gc,start       ] GC(456) Pause Cleanup
[2566.369s][info][gc             ] GC(456) Pause Cleanup 1920M->1920M(4096M) 0.133ms
[2566.369s][info][gc,cpu         ] GC(456) User=0.00s Sys=0.00s Real=0.00s
[2566.370s][info][gc,marking     ] GC(456) Concurrent Clear Claimed Marks
[2566.370s][info][gc,marking     ] GC(456) Concurrent Clear Claimed Marks 0.037ms
[2566.370s][info][gc,marking     ] GC(456) Concurrent Cleanup for Next Mark
[2566.375s][info][gc,marking     ] GC(456) Concurrent Cleanup for Next Mark 4.991ms
[2566.375s][info][gc             ] GC(456) Concurrent Mark Cycle 948.217ms
....[2569.881s][info][gc,start       ] GC(457) Pause Young (Prepare Mixed) (G1 Evacuation Pause)
[2569.881s][info][gc,task        ] GC(457) Using 6 workers of 6 for evacuation
[2569.997s][info][gc,phases      ] GC(457)   Pre Evacuate Collection Set: 0.37ms
[2569.997s][info][gc,phases      ] GC(457)   Merge Heap Roots: 0.56ms
[2569.997s][info][gc,phases      ] GC(457)   Evacuate Collection Set: 114.64ms
[2569.997s][info][gc,phases      ] GC(457)   Post Evacuate Collection Set: 0.96ms
[2569.997s][info][gc,phases      ] GC(457)   Other: 0.10ms
[2569.997s][info][gc,heap        ] GC(457) Eden regions: 1120->0(1115)
[2569.997s][info][gc,heap        ] GC(457) Survivor regions: 108->108(154)
[2569.997s][info][gc,heap        ] GC(457) Old regions: 503->534
[2569.997s][info][gc,heap        ] GC(457) Humongous regions: 80->80
[2569.997s][info][gc,metaspace   ] GC(457) Metaspace: 28998K(29376K)->28998K(29376K) NonClass: 24113K(24256K)->24113K(24256K) Class: 4884K(5120K)->4884K(5120K)
[2569.997s][info][gc             ] GC(457) Pause Young (Prepare Mixed) (G1 Evacuation Pause) 3618M->1442M(4096M) 116.787ms
[2569.997s][info][gc,cpu         ] GC(457) User=0.69s Sys=0.00s Real=0.12s
....[2574.378s][info][gc,start       ] GC(458) Pause Young (Mixed) (G1 Evacuation Pause)
[2574.378s][info][gc,task        ] GC(458) Using 6 workers of 6 for evacuation
[2574.515s][info][gc,phases      ] GC(458)   Pre Evacuate Collection Set: 0.39ms
[2574.515s][info][gc,phases      ] GC(458)   Merge Heap Roots: 0.73ms
[2574.515s][info][gc,phases      ] GC(458)   Evacuate Collection Set: 134.32ms
[2574.515s][info][gc,phases      ] GC(458)   Post Evacuate Collection Set: 0.97ms
[2574.515s][info][gc,phases      ] GC(458)   Other: 0.09ms
[2574.515s][info][gc,heap        ] GC(458) Eden regions: 1115->0(1117)
[2574.515s][info][gc,heap        ] GC(458) Survivor regions: 108->111(153)
[2574.515s][info][gc,heap        ] GC(458) Old regions: 534->471
[2574.515s][info][gc,heap        ] GC(458) Humongous regions: 80->80
[2574.515s][info][gc,metaspace   ] GC(458) Metaspace: 28998K(29376K)->28998K(29376K) NonClass: 24113K(24256K)->24113K(24256K) Class: 4884K(5120K)->4884K(5120K)
[2574.515s][info][gc             ] GC(458) Pause Young (Mixed) (G1 Evacuation Pause) 3672M->1320M(4096M) 136.640ms
[2574.515s][info][gc,cpu         ] GC(458) User=0.81s Sys=0.00s Real=0.13s
.....[2579.019s][info][gc,start       ] GC(459) Pause Young (Concurrent Start) (G1 Evacuation Pause)
[2579.019s][info][gc,task        ] GC(459) Using 6 workers of 6 for evacuation
[2579.137s][info][gc,phases      ] GC(459)   Pre Evacuate Collection Set: 0.41ms
[2579.137s][info][gc,phases      ] GC(459)   Merge Heap Roots: 0.52ms
[2579.137s][info][gc,phases      ] GC(459)   Evacuate Collection Set: 115.55ms
[2579.137s][info][gc,phases      ] GC(459)   Post Evacuate Collection Set: 0.93ms
[2579.137s][info][gc,phases      ] GC(459)   Other: 0.12ms
[2579.137s][info][gc,heap        ] GC(459) Eden regions: 1117->0(1119)
[2579.137s][info][gc,heap        ] GC(459) Survivor regions: 111->109(154)
[2579.137s][info][gc,heap        ] GC(459) Old regions: 471->502
[2579.137s][info][gc,heap        ] GC(459) Humongous regions: 80->80
[2579.137s][info][gc,metaspace   ] GC(459) Metaspace: 28998K(29376K)->28998K(29376K) NonClass: 24113K(24256K)->24113K(24256K) Class: 4884K(5120K)->4884K(5120K)
[2579.137s][info][gc             ] GC(459) Pause Young (Concurrent Start) (G1 Evacuation Pause) 3554M->1379M(4096M) 117.658ms
[2579.137s][info][gc             ] GC(460) Concurrent Mark Cycle
[2579.137s][info][gc,marking     ] GC(460) Concurrent Scan Root Regions
[2579.137s][info][gc,cpu         ] GC(459) User=0.70s Sys=0.00s Real=0.12s
[2579.262s][info][gc,marking     ] GC(460) Concurrent Scan Root Regions 125.399ms
[2579.262s][info][gc,marking     ] GC(460) Concurrent Mark
[2579.262s][info][gc,marking     ] GC(460) Concurrent Mark From Roots
[2579.262s][info][gc,task        ] GC(460) Using 2 workers of 2 for marking
.[2579.881s][info][gc,marking     ] GC(460) Concurrent Mark From Roots 618.351ms
[2579.881s][info][gc,marking     ] GC(460) Concurrent Preclean
[2579.881s][info][gc,marking     ] GC(460) Concurrent Preclean 0.053ms
[2579.881s][info][gc,start       ] GC(460) Pause Remark
[2579.885s][info][gc             ] GC(460) Pause Remark 1806M->1806M(4096M) 3.771ms
[2579.885s][info][gc,cpu         ] GC(460) User=0.02s Sys=0.00s Real=0.00s
[2579.885s][info][gc,marking     ] GC(460) Concurrent Mark 622.435ms
[2579.885s][info][gc,marking     ] GC(460) Concurrent Rebuild Remembered Sets and Scrub Regions
[2580.119s][info][gc,marking     ] GC(460) Concurrent Rebuild Remembered Sets and Scrub Regions 234.661ms
[2580.120s][info][gc,start       ] GC(460) Pause Cleanup
[2580.120s][info][gc             ] GC(460) Pause Cleanup 1931M->1931M(4096M) 0.119ms
[2580.120s][info][gc,cpu         ] GC(460) User=0.00s Sys=0.00s Real=0.00s
[2580.120s][info][gc,marking     ] GC(460) Concurrent Clear Claimed Marks
[2580.120s][info][gc,marking     ] GC(460) Concurrent Clear Claimed Marks 0.028ms
[2580.120s][info][gc,marking     ] GC(460) Concurrent Cleanup for Next Mark
[2580.123s][info][gc,marking     ] GC(460) Concurrent Cleanup for Next Mark 3.264ms
[2580.123s][info][gc             ] GC(460) Concurrent Mark Cycle 986.261ms
....[2583.622s][info][gc,start       ] GC(461) Pause Young (Prepare Mixed) (G1 Evacuation Pause)
[2583.622s][info][gc,task        ] GC(461) Using 6 workers of 6 for evacuation
[2583.740s][info][gc,phases      ] GC(461)   Pre Evacuate Collection Set: 0.37ms
[2583.740s][info][gc,phases      ] GC(461)   Merge Heap Roots: 0.53ms
[2583.740s][info][gc,phases      ] GC(461)   Evacuate Collection Set: 115.53ms
[2583.740s][info][gc,phases      ] GC(461)   Post Evacuate Collection Set: 0.94ms
[2583.740s][info][gc,phases      ] GC(461)   Other: 0.08ms
[2583.740s][info][gc,heap        ] GC(461) Eden regions: 1119->0(1111)
[2583.740s][info][gc,heap        ] GC(461) Survivor regions: 109->110(154)
[2583.740s][info][gc,heap        ] GC(461) Old regions: 502->534
[2583.740s][info][gc,heap        ] GC(461) Humongous regions: 80->80
[2583.740s][info][gc,metaspace   ] GC(461) Metaspace: 28998K(29376K)->28998K(29376K) NonClass: 24113K(24256K)->24113K(24256K) Class: 4884K(5120K)->4884K(5120K)
[2583.740s][info][gc             ] GC(461) Pause Young (Prepare Mixed) (G1 Evacuation Pause) 3617M->1444M(4096M) 117.580ms
[2583.740s][info][gc,cpu         ] GC(461) User=0.70s Sys=0.00s Real=0.12s
....[2588.109s][info][gc,start       ] GC(462) Pause Young (Mixed) (G1 Evacuation Pause)
[2588.109s][info][gc,task        ] GC(462) Using 6 workers of 6 for evacuation
[2588.246s][info][gc,phases      ] GC(462)   Pre Evacuate Collection Set: 0.41ms
[2588.246s][info][gc,phases      ] GC(462)   Merge Heap Roots: 0.66ms
[2588.246s][info][gc,phases      ] GC(462)   Evacuate Collection Set: 134.73ms
[2588.246s][info][gc,phases      ] GC(462)   Post Evacuate Collection Set: 0.96ms
[2588.246s][info][gc,phases      ] GC(462)   Other: 0.09ms
[2588.246s][info][gc,heap        ] GC(462) Eden regions: 1111->0(1115)
[2588.246s][info][gc,heap        ] GC(462) Survivor regions: 110->113(153)
[2588.246s][info][gc,heap        ] GC(462) Old regions: 534->470
[2588.246s][info][gc,heap        ] GC(462) Humongous regions: 80->80
[2588.246s][info][gc,metaspace   ] GC(462) Metaspace: 28998K(29376K)->28998K(29376K) NonClass: 24113K(24256K)->24113K(24256K) Class: 4884K(5120K)->4884K(5120K)
[2588.246s][info][gc             ] GC(462) Pause Young (Mixed) (G1 Evacuation Pause) 3666M->1322M(4096M) 136.975ms
[2588.246s][info][gc,cpu         ] GC(462) User=0.81s Sys=0.00s Real=0.13s
.... (rIR:aIR:PR = 4151:4150:4150) (tPR = 61708) [OK] 
  2591s: Performance info:
         Transaction,    Success,    Partial,     Failed,   Receipts, AvgBarcode, 
             Overall,     249571,          0,          0,     237092,      59.48, 
         Response times:
             Request,    Success,    Partial,     Failed,   SkipFail,     Probes,    Samples,      min,      p50,      p90,      p95,      p99,      max, 
       TotalPurchase,     237092,          0,          0,          0,     232539,     252863,      300,     3400,     5900,     8700,    40000,   180000,
     InStorePurchase,     124794,          0,          0,          0,     122690,     133189,      300,     3400,     5900,     8700,    40000,   180000,
      OnlinePurchase,      87359,          0,          0,          0,      85551,      92841,      300,     3300,     5800,     8600,    39000,   180000,
        InstPurchase,      24939,          0,          0,          0,      24298,      26833,      400,     3600,     6200,     9200,    43660,   180000,
          AssocOfCat,        251,          0,          0,          0,        202,        287,    20000,    30000,    41000,    59600,   126760,   169000,
      AssocOfProduct,       2491,          0,          0,          0,       2289,       2661,      600,     2700,     4700,     7490,    28520,   128000,
      BusinessReport,        622,          0,          0,          0,        504,        629,    21000,    31000,    48000,    58500,   165700,   195000,
          CustBuyBeh,       2501,          0,          0,          0,       2328,       2741,      300,     3000,     5400,     7490,    41740,    97000,
       ProductReturn,       6614,          0,          0,          0,       6334,       7186,      300,     4000,     6500,     9800,    42130,   147000,

  2591s: (31%)   IR =   4289 .[2592.640s][info][gc,start       ] GC(463) Pause Young (Concurrent Start) (G1 Evacuation Pause)
[2592.641s][info][gc,task        ] GC(463) Using 6 workers of 6 for evacuation
[2592.758s][info][gc,phases      ] GC(463)   Pre Evacuate Collection Set: 0.41ms
[2592.758s][info][gc,phases      ] GC(463)   Merge Heap Roots: 0.50ms
[2592.758s][info][gc,phases      ] GC(463)   Evacuate Collection Set: 115.29ms
[2592.758s][info][gc,phases      ] GC(463)   Post Evacuate Collection Set: 0.94ms
[2592.758s][info][gc,phases      ] GC(463)   Other: 0.10ms
[2592.758s][info][gc,heap        ] GC(463) Eden regions: 1115->0(1119)
[2592.758s][info][gc,heap        ] GC(463) Survivor regions: 113->109(154)
[2592.758s][info][gc,heap        ] GC(463) Old regions: 470->502
[2592.758s][info][gc,heap        ] GC(463) Humongous regions: 80->80
[2592.758s][info][gc,metaspace   ] GC(463) Metaspace: 28998K(29376K)->28998K(29376K) NonClass: 24113K(24256K)->24113K(24256K) Class: 4884K(5120K)->4884K(5120K)
[2592.758s][info][gc             ] GC(463) Pause Young (Concurrent Start) (G1 Evacuation Pause) 3552M->1379M(4096M) 117.376ms
[2592.758s][info][gc             ] GC(464) Concurrent Mark Cycle
[2592.758s][info][gc,marking     ] GC(464) Concurrent Scan Root Regions
[2592.758s][info][gc,cpu         ] GC(463) User=0.70s Sys=0.00s Real=0.12s
[2592.888s][info][gc,marking     ] GC(464) Concurrent Scan Root Regions 130.123ms
[2592.888s][info][gc,marking     ] GC(464) Concurrent Mark
[2592.888s][info][gc,marking     ] GC(464) Concurrent Mark From Roots
[2592.888s][info][gc,task        ] GC(464) Using 2 workers of 2 for marking
[2593.489s][info][gc,marking     ] GC(464) Concurrent Mark From Roots 600.795ms
[2593.489s][info][gc,marking     ] GC(464) Concurrent Preclean
[2593.489s][info][gc,marking     ] GC(464) Concurrent Preclean 0.066ms
[2593.489s][info][gc,start       ] GC(464) Pause Remark
[2593.493s][info][gc             ] GC(464) Pause Remark 1802M->1802M(4096M) 3.952ms
[2593.493s][info][gc,cpu         ] GC(464) User=0.02s Sys=0.00s Real=0.00s
[2593.493s][info][gc,marking     ] GC(464) Concurrent Mark 605.085ms
[2593.493s][info][gc,marking     ] GC(464) Concurrent Rebuild Remembered Sets and Scrub Regions
.[2593.731s][info][gc,marking     ] GC(464) Concurrent Rebuild Remembered Sets and Scrub Regions 237.904ms
[2593.731s][info][gc,start       ] GC(464) Pause Cleanup
[2593.731s][info][gc             ] GC(464) Pause Cleanup 1927M->1927M(4096M) 0.114ms
[2593.731s][info][gc,cpu         ] GC(464) User=0.00s Sys=0.00s Real=0.00s
[2593.731s][info][gc,marking     ] GC(464) Concurrent Clear Claimed Marks
[2593.731s][info][gc,marking     ] GC(464) Concurrent Clear Claimed Marks 0.032ms
[2593.731s][info][gc,marking     ] GC(464) Concurrent Cleanup for Next Mark
[2593.735s][info][gc,marking     ] GC(464) Concurrent Cleanup for Next Mark 3.246ms
[2593.735s][info][gc             ] GC(464) Concurrent Mark Cycle 976.851ms
..|.[2597.054s][info][gc,start       ] GC(465) Pause Young (Prepare Mixed) (G1 Evacuation Pause)
[2597.054s][info][gc,task        ] GC(465) Using 6 workers of 6 for evacuation
[2597.182s][info][gc,phases      ] GC(465)   Pre Evacuate Collection Set: 0.38ms
[2597.182s][info][gc,phases      ] GC(465)   Merge Heap Roots: 0.55ms
[2597.182s][info][gc,phases      ] GC(465)   Evacuate Collection Set: 125.86ms
[2597.182s][info][gc,phases      ] GC(465)   Post Evacuate Collection Set: 0.96ms
[2597.182s][info][gc,phases      ] GC(465)   Other: 0.09ms
[2597.182s][info][gc,heap        ] GC(465) Eden regions: 1119->0(1110)
[2597.182s][info][gc,heap        ] GC(465) Survivor regions: 109->111(154)
[2597.182s][info][gc,heap        ] GC(465) Old regions: 502->533
[2597.182s][info][gc,heap        ] GC(465) Humongous regions: 80->80
[2597.182s][info][gc,metaspace   ] GC(465) Metaspace: 28998K(29376K)->28998K(29376K) NonClass: 24113K(24256K)->24113K(24256K) Class: 4884K(5120K)->4884K(5120K)
[2597.182s][info][gc             ] GC(465) Pause Young (Prepare Mixed) (G1 Evacuation Pause) 3617M->1446M(4096M) 127.974ms
[2597.182s][info][gc,cpu         ] GC(465) User=0.76s Sys=0.00s Real=0.13s
....[2601.415s][info][gc,start       ] GC(466) Pause Young (Mixed) (G1 Evacuation Pause)
[2601.415s][info][gc,task        ] GC(466) Using 6 workers of 6 for evacuation
[2601.565s][info][gc,phases      ] GC(466)   Pre Evacuate Collection Set: 0.39ms
[2601.565s][info][gc,phases      ] GC(466)   Merge Heap Roots: 0.78ms
[2601.565s][info][gc,phases      ] GC(466)   Evacuate Collection Set: 147.54ms
[2601.565s][info][gc,phases      ] GC(466)   Post Evacuate Collection Set: 0.99ms
[2601.565s][info][gc,phases      ] GC(466)   Other: 0.09ms
[2601.565s][info][gc,heap        ] GC(466) Eden regions: 1110->0(1118)
[2601.565s][info][gc,heap        ] GC(466) Survivor regions: 111->110(153)
[2601.565s][info][gc,heap        ] GC(466) Old regions: 533->471
[2601.565s][info][gc,heap        ] GC(466) Humongous regions: 80->80
[2601.565s][info][gc,metaspace   ] GC(466) Metaspace: 28998K(29376K)->28998K(29376K) NonClass: 24113K(24256K)->24113K(24256K) Class: 4884K(5120K)->4884K(5120K)
[2601.565s][info][gc             ] GC(466) Pause Young (Mixed) (G1 Evacuation Pause) 3666M->1319M(4096M) 149.942ms
[2601.565s][info][gc,cpu         ] GC(466) User=0.89s Sys=0.00s Real=0.15s
.....[2605.869s][info][gc,start       ] GC(467) Pause Young (Concurrent Start) (G1 Evacuation Pause)
[2605.869s][info][gc,task        ] GC(467) Using 6 workers of 6 for evacuation
[2605.998s][info][gc,phases      ] GC(467)   Pre Evacuate Collection Set: 0.41ms
[2605.998s][info][gc,phases      ] GC(467)   Merge Heap Roots: 0.52ms
[2605.998s][info][gc,phases      ] GC(467)   Evacuate Collection Set: 127.46ms
[2605.998s][info][gc,phases      ] GC(467)   Post Evacuate Collection Set: 0.94ms
[2605.998s][info][gc,phases      ] GC(467)   Other: 0.10ms
[2605.998s][info][gc,heap        ] GC(467) Eden regions: 1118->0(1119)
[2605.998s][info][gc,heap        ] GC(467) Survivor regions: 110->109(154)
[2605.998s][info][gc,heap        ] GC(467) Old regions: 471->503
[2605.998s][info][gc,heap        ] GC(467) Humongous regions: 80->80
[2605.998s][info][gc,metaspace   ] GC(467) Metaspace: 28998K(29376K)->28998K(29376K) NonClass: 24113K(24256K)->24113K(24256K) Class: 4884K(5120K)->4884K(5120K)
[2605.998s][info][gc             ] GC(467) Pause Young (Concurrent Start) (G1 Evacuation Pause) 3555M->1381M(4096M) 129.557ms
[2605.998s][info][gc             ] GC(468) Concurrent Mark Cycle
[2605.998s][info][gc,marking     ] GC(468) Concurrent Scan Root Regions
[2605.998s][info][gc,cpu         ] GC(467) User=0.77s Sys=0.00s Real=0.13s
[2606.181s][info][gc,marking     ] GC(468) Concurrent Scan Root Regions 182.498ms
[2606.181s][info][gc,marking     ] GC(468) Concurrent Mark
[2606.181s][info][gc,marking     ] GC(468) Concurrent Mark From Roots
[2606.181s][info][gc,task        ] GC(468) Using 2 workers of 2 for marking
.[2606.842s][info][gc,marking     ] GC(468) Concurrent Mark From Roots 661.103ms
[2606.842s][info][gc,marking     ] GC(468) Concurrent Preclean
[2606.842s][info][gc,marking     ] GC(468) Concurrent Preclean 0.058ms
[2606.842s][info][gc,start       ] GC(468) Pause Remark
[2606.846s][info][gc             ] GC(468) Pause Remark 1877M->1877M(4096M) 4.181ms
[2606.846s][info][gc,cpu         ] GC(468) User=0.02s Sys=0.00s Real=0.01s
[2606.847s][info][gc,marking     ] GC(468) Concurrent Mark 665.860ms
[2606.847s][info][gc,marking     ] GC(468) Concurrent Rebuild Remembered Sets and Scrub Regions
[2607.168s][info][gc,marking     ] GC(468) Concurrent Rebuild Remembered Sets and Scrub Regions 321.068ms
[2607.168s][info][gc,start       ] GC(468) Pause Cleanup
[2607.168s][info][gc             ] GC(468) Pause Cleanup 2049M->2049M(4096M) 0.115ms
[2607.168s][info][gc,cpu         ] GC(468) User=0.00s Sys=0.00s Real=0.00s
[2607.168s][info][gc,marking     ] GC(468) Concurrent Clear Claimed Marks
[2607.168s][info][gc,marking     ] GC(468) Concurrent Clear Claimed Marks 0.028ms
[2607.168s][info][gc,marking     ] GC(468) Concurrent Cleanup for Next Mark
[2607.172s][info][gc,marking     ] GC(468) Concurrent Cleanup for Next Mark 3.646ms
[2607.172s][info][gc             ] GC(468) Concurrent Mark Cycle 1173.552ms
...[2610.168s][info][gc,start       ] GC(469) Pause Young (Prepare Mixed) (G1 Evacuation Pause)
[2610.168s][info][gc,task        ] GC(469) Using 6 workers of 6 for evacuation
[2610.294s][info][gc,phases      ] GC(469)   Pre Evacuate Collection Set: 0.37ms
[2610.294s][info][gc,phases      ] GC(469)   Merge Heap Roots: 0.56ms
[2610.294s][info][gc,phases      ] GC(469)   Evacuate Collection Set: 124.43ms
[2610.294s][info][gc,phases      ] GC(469)   Post Evacuate Collection Set: 0.98ms
[2610.294s][info][gc,phases      ] GC(469)   Other: 0.09ms
[2610.294s][info][gc,heap        ] GC(469) Eden regions: 1119->0(1114)
[2610.294s][info][gc,heap        ] GC(469) Survivor regions: 109->108(154)
[2610.294s][info][gc,heap        ] GC(469) Old regions: 503->535
[2610.294s][info][gc,heap        ] GC(469) Humongous regions: 80->80
[2610.294s][info][gc,metaspace   ] GC(469) Metaspace: 28998K(29376K)->28998K(29376K) NonClass: 24113K(24256K)->24113K(24256K) Class: 4884K(5120K)->4884K(5120K)
[2610.294s][info][gc             ] GC(469) Pause Young (Prepare Mixed) (G1 Evacuation Pause) 3619M->1443M(4096M) 126.558ms
[2610.294s][info][gc,cpu         ] GC(469) User=0.75s Sys=0.00s Real=0.12s
....[2614.634s][info][gc,start       ] GC(470) Pause Young (Mixed) (G1 Evacuation Pause)
[2614.634s][info][gc,task        ] GC(470) Using 6 workers of 6 for evacuation
[2614.779s][info][gc,phases      ] GC(470)   Pre Evacuate Collection Set: 0.43ms
[2614.779s][info][gc,phases      ] GC(470)   Merge Heap Roots: 0.74ms
[2614.779s][info][gc,phases      ] GC(470)   Evacuate Collection Set: 142.87ms
[2614.779s][info][gc,phases      ] GC(470)   Post Evacuate Collection Set: 0.98ms
[2614.779s][info][gc,phases      ] GC(470)   Other: 0.11ms
[2614.779s][info][gc,heap        ] GC(470) Eden regions: 1114->0(1119)
[2614.779s][info][gc,heap        ] GC(470) Survivor regions: 108->109(153)
[2614.779s][info][gc,heap        ] GC(470) Old regions: 535->471
[2614.779s][info][gc,heap        ] GC(470) Humongous regions: 80->80
[2614.779s][info][gc,metaspace   ] GC(470) Metaspace: 28998K(29376K)->28998K(29376K) NonClass: 24113K(24256K)->24113K(24256K) Class: 4884K(5120K)->4884K(5120K)
[2614.779s][info][gc             ] GC(470) Pause Young (Mixed) (G1 Evacuation Pause) 3671M->1317M(4096M) 145.261ms
[2614.779s][info][gc,cpu         ] GC(470) User=0.86s Sys=0.00s Real=0.15s
.....[2619.021s][info][gc,start       ] GC(471) Pause Young (Concurrent Start) (G1 Evacuation Pause)
[2619.021s][info][gc,task        ] GC(471) Using 6 workers of 6 for evacuation
[2619.148s][info][gc,phases      ] GC(471)   Pre Evacuate Collection Set: 0.41ms
[2619.148s][info][gc,phases      ] GC(471)   Merge Heap Roots: 0.50ms
[2619.148s][info][gc,phases      ] GC(471)   Evacuate Collection Set: 124.66ms
[2619.148s][info][gc,phases      ] GC(471)   Post Evacuate Collection Set: 0.92ms
[2619.148s][info][gc,phases      ] GC(471)   Other: 0.12ms
[2619.148s][info][gc,heap        ] GC(471) Eden regions: 1119->0(1120)
[2619.148s][info][gc,heap        ] GC(471) Survivor regions: 109->108(154)
[2619.148s][info][gc,heap        ] GC(471) Old regions: 471->502
[2619.148s][info][gc,heap        ] GC(471) Humongous regions: 80->80
[2619.148s][info][gc,metaspace   ] GC(471) Metaspace: 28998K(29376K)->28998K(29376K) NonClass: 24113K(24256K)->24113K(24256K) Class: 4884K(5120K)->4884K(5120K)
[2619.148s][info][gc             ] GC(471) Pause Young (Concurrent Start) (G1 Evacuation Pause) 3555M->1377M(4096M) 126.752ms
[2619.148s][info][gc             ] GC(472) Concurrent Mark Cycle
[2619.148s][info][gc,marking     ] GC(472) Concurrent Scan Root Regions
[2619.148s][info][gc,cpu         ] GC(471) User=0.75s Sys=0.00s Real=0.13s
[2619.320s][info][gc,marking     ] GC(472) Concurrent Scan Root Regions 171.606ms
[2619.320s][info][gc,marking     ] GC(472) Concurrent Mark
[2619.320s][info][gc,marking     ] GC(472) Concurrent Mark From Roots
[2619.320s][info][gc,task        ] GC(472) Using 2 workers of 2 for marking
.[2620.005s][info][gc,marking     ] GC(472) Concurrent Mark From Roots 685.105ms
[2620.005s][info][gc,marking     ] GC(472) Concurrent Preclean
[2620.005s][info][gc,marking     ] GC(472) Concurrent Preclean 0.072ms
[2620.005s][info][gc,start       ] GC(472) Pause Remark
[2620.010s][info][gc             ] GC(472) Pause Remark 1875M->1875M(4096M) 4.156ms
[2620.010s][info][gc,cpu         ] GC(472) User=0.02s Sys=0.00s Real=0.01s
[2620.010s][info][gc,marking     ] GC(472) Concurrent Mark 689.901ms
[2620.010s][info][gc,marking     ] GC(472) Concurrent Rebuild Remembered Sets and Scrub Regions
[2620.275s][info][gc,marking     ] GC(472) Concurrent Rebuild Remembered Sets and Scrub Regions 265.637ms
[2620.276s][info][gc,start       ] GC(472) Pause Cleanup
[2620.276s][info][gc             ] GC(472) Pause Cleanup 2016M->2016M(4096M) 0.122ms
[2620.276s][info][gc,cpu         ] GC(472) User=0.00s Sys=0.00s Real=0.00s
[2620.276s][info][gc,marking     ] GC(472) Concurrent Clear Claimed Marks
[2620.276s][info][gc,marking     ] GC(472) Concurrent Clear Claimed Marks 0.030ms
[2620.276s][info][gc,marking     ] GC(472) Concurrent Cleanup for Next Mark
[2620.279s][info][gc,marking     ] GC(472) Concurrent Cleanup for Next Mark 3.428ms
[2620.279s][info][gc             ] GC(472) Concurrent Mark Cycle 1131.090ms
...[2623.496s][info][gc,start       ] GC(473) Pause Young (Prepare Mixed) (G1 Evacuation Pause)
[2623.496s][info][gc,task        ] GC(473) Using 6 workers of 6 for evacuation
[2623.624s][info][gc,phases      ] GC(473)   Pre Evacuate Collection Set: 0.35ms
[2623.624s][info][gc,phases      ] GC(473)   Merge Heap Roots: 0.55ms
[2623.624s][info][gc,phases      ] GC(473)   Evacuate Collection Set: 126.13ms
[2623.624s][info][gc,phases      ] GC(473)   Post Evacuate Collection Set: 0.97ms
[2623.624s][info][gc,phases      ] GC(473)   Other: 0.09ms
[2623.624s][info][gc,heap        ] GC(473) Eden regions: 1120->0(1111)
[2623.624s][info][gc,heap        ] GC(473) Survivor regions: 108->110(154)
[2623.624s][info][gc,heap        ] GC(473) Old regions: 502->534
[2623.624s][info][gc,heap        ] GC(473) Humongous regions: 80->80
[2623.624s][info][gc,metaspace   ] GC(473) Metaspace: 28998K(29376K)->28998K(29376K) NonClass: 24113K(24256K)->24113K(24256K) Class: 4884K(5120K)->4884K(5120K)
[2623.624s][info][gc             ] GC(473) Pause Young (Prepare Mixed) (G1 Evacuation Pause) 3617M->1444M(4096M) 128.218ms
[2623.624s][info][gc,cpu         ] GC(473) User=0.76s Sys=0.00s Real=0.12s
.....[2627.905s][info][gc,start       ] GC(474) Pause Young (Mixed) (G1 Evacuation Pause)
[2627.905s][info][gc,task        ] GC(474) Using 6 workers of 6 for evacuation
[2628.050s][info][gc,phases      ] GC(474)   Pre Evacuate Collection Set: 0.40ms
[2628.050s][info][gc,phases      ] GC(474)   Merge Heap Roots: 0.75ms
[2628.050s][info][gc,phases      ] GC(474)   Evacuate Collection Set: 142.68ms
[2628.050s][info][gc,phases      ] GC(474)   Post Evacuate Collection Set: 0.97ms
[2628.050s][info][gc,phases      ] GC(474)   Other: 0.09ms
[2628.050s][info][gc,heap        ] GC(474) Eden regions: 1111->0(1120)
[2628.050s][info][gc,heap        ] GC(474) Survivor regions: 110->108(153)
[2628.050s][info][gc,heap        ] GC(474) Old regions: 534->471
[2628.050s][info][gc,heap        ] GC(474) Humongous regions: 80->80
[2628.050s][info][gc,metaspace   ] GC(474) Metaspace: 28998K(29376K)->28998K(29376K) NonClass: 24113K(24256K)->24113K(24256K) Class: 4884K(5120K)->4884K(5120K)
[2628.050s][info][gc             ] GC(474) Pause Young (Mixed) (G1 Evacuation Pause) 3666M->1315M(4096M) 145.015ms
[2628.050s][info][gc,cpu         ] GC(474) User=0.85s Sys=0.00s Real=0.15s
....[2632.294s][info][gc,start       ] GC(475) Pause Young (Concurrent Start) (G1 Evacuation Pause)
[2632.294s][info][gc,task        ] GC(475) Using 6 workers of 6 for evacuation
[2632.423s][info][gc,phases      ] GC(475)   Pre Evacuate Collection Set: 0.47ms
[2632.423s][info][gc,phases      ] GC(475)   Merge Heap Roots: 0.54ms
[2632.423s][info][gc,phases      ] GC(475)   Evacuate Collection Set: 126.41ms
[2632.423s][info][gc,phases      ] GC(475)   Post Evacuate Collection Set: 0.97ms
[2632.423s][info][gc,phases      ] GC(475)   Other: 0.12ms
[2632.423s][info][gc,heap        ] GC(475) Eden regions: 1120->0(1119)
[2632.423s][info][gc,heap        ] GC(475) Survivor regions: 108->109(154)
[2632.423s][info][gc,heap        ] GC(475) Old regions: 471->503
[2632.423s][info][gc,heap        ] GC(475) Humongous regions: 80->80
[2632.423s][info][gc,metaspace   ] GC(475) Metaspace: 28999K(29376K)->28999K(29376K) NonClass: 24115K(24256K)->24115K(24256K) Class: 4884K(5120K)->4884K(5120K)
[2632.423s][info][gc             ] GC(475) Pause Young (Concurrent Start) (G1 Evacuation Pause) 3555M->1382M(4096M) 128.652ms
[2632.423s][info][gc             ] GC(476) Concurrent Mark Cycle
[2632.423s][info][gc,marking     ] GC(476) Concurrent Scan Root Regions
[2632.423s][info][gc,cpu         ] GC(475) User=0.76s Sys=0.00s Real=0.13s
[2632.567s][info][gc,marking     ] GC(476) Concurrent Scan Root Regions 144.311ms
[2632.567s][info][gc,marking     ] GC(476) Concurrent Mark
[2632.567s][info][gc,marking     ] GC(476) Concurrent Mark From Roots
[2632.567s][info][gc,task        ] GC(476) Using 2 workers of 2 for marking
.[2633.205s][info][gc,marking     ] GC(476) Concurrent Mark From Roots 638.101ms
[2633.205s][info][gc,marking     ] GC(476) Concurrent Preclean
[2633.205s][info][gc,marking     ] GC(476) Concurrent Preclean 0.090ms
[2633.206s][info][gc,start       ] GC(476) Pause Remark
[2633.211s][info][gc             ] GC(476) Pause Remark 1846M->1846M(4096M) 4.892ms
[2633.211s][info][gc,cpu         ] GC(476) User=0.03s Sys=0.00s Real=0.01s
[2633.211s][info][gc,marking     ] GC(476) Concurrent Mark 643.461ms
[2633.211s][info][gc,marking     ] GC(476) Concurrent Rebuild Remembered Sets and Scrub Regions
[2633.460s][info][gc,marking     ] GC(476) Concurrent Rebuild Remembered Sets and Scrub Regions 249.130ms
[2633.464s][info][gc,start       ] GC(476) Pause Cleanup
[2633.464s][info][gc             ] GC(476) Pause Cleanup 1996M->1996M(4096M) 0.166ms
[2633.464s][info][gc,cpu         ] GC(476) User=0.00s Sys=0.00s Real=0.00s
[2633.464s][info][gc,marking     ] GC(476) Concurrent Clear Claimed Marks
[2633.464s][info][gc,marking     ] GC(476) Concurrent Clear Claimed Marks 0.050ms
[2633.464s][info][gc,marking     ] GC(476) Concurrent Cleanup for Next Mark
[2633.472s][info][gc,marking     ] GC(476) Concurrent Cleanup for Next Mark 7.921ms
[2633.472s][info][gc             ] GC(476) Concurrent Mark Cycle 1049.032ms
...[2636.728s][info][gc,start       ] GC(477) Pause Young (Prepare Mixed) (G1 Evacuation Pause)
[2636.728s][info][gc,task        ] GC(477) Using 6 workers of 6 for evacuation
[2636.848s][info][gc,phases      ] GC(477)   Pre Evacuate Collection Set: 0.36ms
[2636.848s][info][gc,phases      ] GC(477)   Merge Heap Roots: 0.57ms
[2636.848s][info][gc,phases      ] GC(477)   Evacuate Collection Set: 117.41ms
[2636.848s][info][gc,phases      ] GC(477)   Post Evacuate Collection Set: 0.99ms
[2636.848s][info][gc,phases      ] GC(477)   Other: 0.08ms
[2636.848s][info][gc,heap        ] GC(477) Eden regions: 1119->0(1111)
[2636.848s][info][gc,heap        ] GC(477) Survivor regions: 109->109(154)
[2636.848s][info][gc,heap        ] GC(477) Old regions: 503->536
[2636.848s][info][gc,heap        ] GC(477) Humongous regions: 80->80
[2636.848s][info][gc,metaspace   ] GC(477) Metaspace: 28999K(29376K)->28999K(29376K) NonClass: 24115K(24256K)->24115K(24256K) Class: 4884K(5120K)->4884K(5120K)
[2636.848s][info][gc             ] GC(477) Pause Young (Prepare Mixed) (G1 Evacuation Pause) 3620M->1447M(4096M) 119.585ms
[2636.848s][info][gc,cpu         ] GC(477) User=0.71s Sys=0.00s Real=0.12s
.....[2641.125s][info][gc,start       ] GC(478) Pause Young (Mixed) (G1 Evacuation Pause)
[2641.125s][info][gc,task        ] GC(478) Using 6 workers of 6 for evacuation
[2641.261s][info][gc,phases      ] GC(478)   Pre Evacuate Collection Set: 0.41ms
[2641.261s][info][gc,phases      ] GC(478)   Merge Heap Roots: 0.77ms
[2641.261s][info][gc,phases      ] GC(478)   Evacuate Collection Set: 134.08ms
[2641.261s][info][gc,phases      ] GC(478)   Post Evacuate Collection Set: 0.95ms
[2641.261s][info][gc,phases      ] GC(478)   Other: 0.09ms
[2641.261s][info][gc,heap        ] GC(478) Eden regions: 1111->0(1119)
[2641.261s][info][gc,heap        ] GC(478) Survivor regions: 109->109(153)
[2641.261s][info][gc,heap        ] GC(478) Old regions: 536->471
[2641.261s][info][gc,heap        ] GC(478) Humongous regions: 80->80
[2641.261s][info][gc,metaspace   ] GC(478) Metaspace: 28999K(29376K)->28999K(29376K) NonClass: 24115K(24256K)->24115K(24256K) Class: 4884K(5120K)->4884K(5120K)
[2641.261s][info][gc             ] GC(478) Pause Young (Mixed) (G1 Evacuation Pause) 3669M->1318M(4096M) 136.450ms
[2641.261s][info][gc,cpu         ] GC(478) User=0.81s Sys=0.00s Real=0.14s
....[2645.489s][info][gc,start       ] GC(479) Pause Young (Concurrent Start) (G1 Evacuation Pause)
[2645.489s][info][gc,task        ] GC(479) Using 6 workers of 6 for evacuation
[2645.606s][info][gc,phases      ] GC(479)   Pre Evacuate Collection Set: 0.41ms
[2645.606s][info][gc,phases      ] GC(479)   Merge Heap Roots: 0.67ms
[2645.606s][info][gc,phases      ] GC(479)   Evacuate Collection Set: 115.53ms
[2645.606s][info][gc,phases      ] GC(479)   Post Evacuate Collection Set: 0.91ms
[2645.606s][info][gc,phases      ] GC(479)   Other: 0.11ms
[2645.606s][info][gc,heap        ] GC(479) Eden regions: 1119->0(1119)
[2645.606s][info][gc,heap        ] GC(479) Survivor regions: 109->109(154)
[2645.606s][info][gc,heap        ] GC(479) Old regions: 471->503
[2645.606s][info][gc,heap        ] GC(479) Humongous regions: 80->80
[2645.606s][info][gc,metaspace   ] GC(479) Metaspace: 28999K(29376K)->28999K(29376K) NonClass: 24115K(24256K)->24115K(24256K) Class: 4884K(5120K)->4884K(5120K)
[2645.606s][info][gc             ] GC(479) Pause Young (Concurrent Start) (G1 Evacuation Pause) 3556M->1380M(4096M) 117.754ms
[2645.606s][info][gc             ] GC(480) Concurrent Mark Cycle
[2645.606s][info][gc,marking     ] GC(480) Concurrent Scan Root Regions
[2645.606s][info][gc,cpu         ] GC(479) User=0.70s Sys=0.00s Real=0.12s
[2645.775s][info][gc,marking     ] GC(480) Concurrent Scan Root Regions 168.823ms
[2645.775s][info][gc,marking     ] GC(480) Concurrent Mark
[2645.775s][info][gc,marking     ] GC(480) Concurrent Mark From Roots
[2645.775s][info][gc,task        ] GC(480) Using 2 workers of 2 for marking
.[2646.703s][info][gc,marking     ] GC(480) Concurrent Mark From Roots 927.377ms
[2646.703s][info][gc,marking     ] GC(480) Concurrent Preclean
[2646.703s][info][gc,marking     ] GC(480) Concurrent Preclean 0.076ms
[2646.703s][info][gc,start       ] GC(480) Pause Remark
[2646.708s][info][gc             ] GC(480) Pause Remark 1978M->1978M(4096M) 4.683ms
[2646.708s][info][gc,cpu         ] GC(480) User=0.02s Sys=0.00s Real=0.01s
[2646.709s][info][gc,marking     ] GC(480) Concurrent Mark 933.630ms
[2646.709s][info][gc,marking     ] GC(480) Concurrent Rebuild Remembered Sets and Scrub Regions
.[2646.921s][info][gc,marking     ] GC(480) Concurrent Rebuild Remembered Sets and Scrub Regions 212.112ms
[2646.921s][info][gc,start       ] GC(480) Pause Cleanup
[2646.921s][info][gc             ] GC(480) Pause Cleanup 2094M->2094M(4096M) 0.108ms
[2646.921s][info][gc,cpu         ] GC(480) User=0.00s Sys=0.00s Real=0.00s
[2646.921s][info][gc,marking     ] GC(480) Concurrent Clear Claimed Marks
[2646.921s][info][gc,marking     ] GC(480) Concurrent Clear Claimed Marks 0.035ms
[2646.921s][info][gc,marking     ] GC(480) Concurrent Cleanup for Next Mark
[2646.926s][info][gc,marking     ] GC(480) Concurrent Cleanup for Next Mark 4.440ms
[2646.926s][info][gc             ] GC(480) Concurrent Mark Cycle 1319.539ms
...[2649.976s][info][gc,start       ] GC(481) Pause Young (Prepare Mixed) (G1 Evacuation Pause)
[2649.976s][info][gc,task        ] GC(481) Using 6 workers of 6 for evacuation
[2650.096s][info][gc,phases      ] GC(481)   Pre Evacuate Collection Set: 0.40ms
[2650.096s][info][gc,phases      ] GC(481)   Merge Heap Roots: 0.54ms
[2650.096s][info][gc,phases      ] GC(481)   Evacuate Collection Set: 118.12ms
[2650.096s][info][gc,phases      ] GC(481)   Post Evacuate Collection Set: 0.94ms
[2650.096s][info][gc,phases      ] GC(481)   Other: 0.09ms
[2650.096s][info][gc,heap        ] GC(481) Eden regions: 1119->0(1110)
[2650.096s][info][gc,heap        ] GC(481) Survivor regions: 109->110(154)
[2650.096s][info][gc,heap        ] GC(481) Old regions: 503->535
[2650.096s][info][gc,heap        ] GC(481) Humongous regions: 80->80
[2650.096s][info][gc,metaspace   ] GC(481) Metaspace: 28999K(29376K)->28999K(29376K) NonClass: 24115K(24256K)->24115K(24256K) Class: 4884K(5120K)->4884K(5120K)
[2650.096s][info][gc             ] GC(481) Pause Young (Prepare Mixed) (G1 Evacuation Pause) 3618M->1447M(4096M) 120.218ms
[2650.096s][info][gc,cpu         ] GC(481) User=0.71s Sys=0.00s Real=0.13s
....[2654.345s][info][gc,start       ] GC(482) Pause Young (Mixed) (G1 Evacuation Pause)
[2654.345s][info][gc,task        ] GC(482) Using 6 workers of 6 for evacuation
[2654.479s][info][gc,phases      ] GC(482)   Pre Evacuate Collection Set: 0.43ms
[2654.479s][info][gc,phases      ] GC(482)   Merge Heap Roots: 0.68ms
[2654.479s][info][gc,phases      ] GC(482)   Evacuate Collection Set: 131.42ms
[2654.479s][info][gc,phases      ] GC(482)   Post Evacuate Collection Set: 0.98ms
[2654.479s][info][gc,phases      ] GC(482)   Other: 0.09ms
[2654.479s][info][gc,heap        ] GC(482) Eden regions: 1110->0(1120)
[2654.479s][info][gc,heap        ] GC(482) Survivor regions: 110->108(153)
[2654.479s][info][gc,heap        ] GC(482) Old regions: 535->470
[2654.479s][info][gc,heap        ] GC(482) Humongous regions: 80->80
[2654.479s][info][gc,metaspace   ] GC(482) Metaspace: 28999K(29376K)->28999K(29376K) NonClass: 24115K(24256K)->24115K(24256K) Class: 4884K(5120K)->4884K(5120K)
[2654.479s][info][gc             ] GC(482) Pause Young (Mixed) (G1 Evacuation Pause) 3667M->1312M(4096M) 133.741ms
[2654.479s][info][gc,cpu         ] GC(482) User=0.79s Sys=0.00s Real=0.14s
.. (rIR:aIR:PR = 4289:4289:4289) (tPR = 63297) [OK] 
  2655s: Performance info:
         Transaction,    Success,    Partial,     Failed,   Receipts, AvgBarcode, 
             Overall,     258743,          0,          0,     245816,      59.48, 
         Response times:
             Request,    Success,    Partial,     Failed,   SkipFail,     Probes,    Samples,      min,      p50,      p90,      p95,      p99,      max, 
       TotalPurchase,     245810,          0,          0,          0,     240845,     258953,      300,     3600,     7000,    13630,    50000,   222000,
     InStorePurchase,     129375,          0,          0,          0,     127076,     136435,      300,     3600,     7000,    14000,    48000,   183000,
      OnlinePurchase,      90564,          0,          0,          0,      88566,      95393,      300,     3700,     7200,    14200,    52000,   222000,
        InstPurchase,      25871,          0,          0,          0,      25203,      27125,      400,     3300,     6400,    11000,    46000,   172000,
          AssocOfCat,        261,          0,          0,          0,        192,        259,    24000,    32000,    47000,    70000,   135200,   184000,
      AssocOfProduct,       2581,          0,          0,          0,       2382,       2689,      500,     2200,     5700,     8600,    38100,   140000,
      BusinessReport,        648,          0,          0,          0,        557,        687,    24000,    35000,    58000,    78000,   174200,   206000,
          CustBuyBeh,       2579,          0,          0,          0,       2332,       2656,      200,     2500,     5300,     9600,    42290,   150000,
       ProductReturn,       6857,          0,          0,          0,       6585,       7336,      200,     3950,     7300,    13300,    60000,   155000,

  2655s: (32%)   IR =   4428 ..[2658.662s][info][gc,start       ] GC(483) Pause Young (Concurrent Start) (G1 Evacuation Pause)
[2658.662s][info][gc,task        ] GC(483) Using 6 workers of 6 for evacuation
[2658.787s][info][gc,phases      ] GC(483)   Pre Evacuate Collection Set: 0.42ms
[2658.788s][info][gc,phases      ] GC(483)   Merge Heap Roots: 0.52ms
[2658.788s][info][gc,phases      ] GC(483)   Evacuate Collection Set: 123.23ms
[2658.788s][info][gc,phases      ] GC(483)   Post Evacuate Collection Set: 0.94ms
[2658.788s][info][gc,phases      ] GC(483)   Other: 0.12ms
[2658.788s][info][gc,heap        ] GC(483) Eden regions: 1120->0(1116)
[2658.788s][info][gc,heap        ] GC(483) Survivor regions: 108->112(154)
[2658.788s][info][gc,heap        ] GC(483) Old regions: 470->502
[2658.788s][info][gc,heap        ] GC(483) Humongous regions: 80->80
[2658.788s][info][gc,metaspace   ] GC(483) Metaspace: 28999K(29376K)->28999K(29376K) NonClass: 24115K(24256K)->24115K(24256K) Class: 4884K(5120K)->4884K(5120K)
[2658.788s][info][gc             ] GC(483) Pause Young (Concurrent Start) (G1 Evacuation Pause) 3552M->1385M(4096M) 125.360ms
[2658.788s][info][gc             ] GC(484) Concurrent Mark Cycle
[2658.788s][info][gc,marking     ] GC(484) Concurrent Scan Root Regions
[2658.788s][info][gc,cpu         ] GC(483) User=0.74s Sys=0.00s Real=0.13s
[2658.900s][info][gc,marking     ] GC(484) Concurrent Scan Root Regions 112.812ms
[2658.901s][info][gc,marking     ] GC(484) Concurrent Mark
[2658.901s][info][gc,marking     ] GC(484) Concurrent Mark From Roots
[2658.901s][info][gc,task        ] GC(484) Using 2 workers of 2 for marking
.[2659.543s][info][gc,marking     ] GC(484) Concurrent Mark From Roots 642.758ms
[2659.543s][info][gc,marking     ] GC(484) Concurrent Preclean
[2659.543s][info][gc,marking     ] GC(484) Concurrent Preclean 0.102ms
[2659.544s][info][gc,start       ] GC(484) Pause Remark
[2659.548s][info][gc             ] GC(484) Pause Remark 1855M->1855M(4096M) 3.853ms
[2659.548s][info][gc,cpu         ] GC(484) User=0.02s Sys=0.00s Real=0.01s
[2659.548s][info][gc,marking     ] GC(484) Concurrent Mark 647.494ms
[2659.548s][info][gc,marking     ] GC(484) Concurrent Rebuild Remembered Sets and Scrub Regions
[2659.814s][info][gc,marking     ] GC(484) Concurrent Rebuild Remembered Sets and Scrub Regions 266.065ms
[2659.814s][info][gc,start       ] GC(484) Pause Cleanup
[2659.814s][info][gc             ] GC(484) Pause Cleanup 1993M->1993M(4096M) 0.128ms
[2659.814s][info][gc,cpu         ] GC(484) User=0.00s Sys=0.00s Real=0.00s
[2659.814s][info][gc,marking     ] GC(484) Concurrent Clear Claimed Marks
[2659.814s][info][gc,marking     ] GC(484) Concurrent Clear Claimed Marks 0.024ms
[2659.814s][info][gc,marking     ] GC(484) Concurrent Cleanup for Next Mark
[2659.818s][info][gc,marking     ] GC(484) Concurrent Cleanup for Next Mark 3.715ms
[2659.818s][info][gc             ] GC(484) Concurrent Mark Cycle 1030.605ms
...|[2662.936s][info][gc,start       ] GC(485) Pause Young (Prepare Mixed) (G1 Evacuation Pause)
[2662.936s][info][gc,task        ] GC(485) Using 6 workers of 6 for evacuation
[2663.056s][info][gc,phases      ] GC(485)   Pre Evacuate Collection Set: 0.31ms
[2663.056s][info][gc,phases      ] GC(485)   Merge Heap Roots: 0.55ms
[2663.056s][info][gc,phases      ] GC(485)   Evacuate Collection Set: 117.69ms
[2663.056s][info][gc,phases      ] GC(485)   Post Evacuate Collection Set: 0.96ms
[2663.056s][info][gc,phases      ] GC(485)   Other: 0.09ms
[2663.056s][info][gc,heap        ] GC(485) Eden regions: 1116->0(1111)
[2663.056s][info][gc,heap        ] GC(485) Survivor regions: 112->110(154)
[2663.056s][info][gc,heap        ] GC(485) Old regions: 502->534
[2663.056s][info][gc,heap        ] GC(485) Humongous regions: 80->80
[2663.056s][info][gc,metaspace   ] GC(485) Metaspace: 29002K(29376K)->29002K(29376K) NonClass: 24117K(24256K)->24117K(24256K) Class: 4884K(5120K)->4884K(5120K)
[2663.056s][info][gc             ] GC(485) Pause Young (Prepare Mixed) (G1 Evacuation Pause) 3617M->1445M(4096M) 119.715ms
[2663.056s][info][gc,cpu         ] GC(485) User=0.71s Sys=0.00s Real=0.12s
.....[2667.182s][info][gc,start       ] GC(486) Pause Young (Mixed) (G1 Evacuation Pause)
[2667.182s][info][gc,task        ] GC(486) Using 6 workers of 6 for evacuation
[2667.321s][info][gc,phases      ] GC(486)   Pre Evacuate Collection Set: 0.41ms
[2667.321s][info][gc,phases      ] GC(486)   Merge Heap Roots: 0.82ms
[2667.321s][info][gc,phases      ] GC(486)   Evacuate Collection Set: 136.96ms
[2667.321s][info][gc,phases      ] GC(486)   Post Evacuate Collection Set: 0.99ms
[2667.321s][info][gc,phases      ] GC(486)   Other: 0.09ms
[2667.321s][info][gc,heap        ] GC(486) Eden regions: 1111->0(1119)
[2667.321s][info][gc,heap        ] GC(486) Survivor regions: 110->109(153)
[2667.321s][info][gc,heap        ] GC(486) Old regions: 534->471
[2667.321s][info][gc,heap        ] GC(486) Humongous regions: 80->80
[2667.321s][info][gc,metaspace   ] GC(486) Metaspace: 29002K(29376K)->29002K(29376K) NonClass: 24117K(24256K)->24117K(24256K) Class: 4884K(5120K)->4884K(5120K)
[2667.321s][info][gc             ] GC(486) Pause Young (Mixed) (G1 Evacuation Pause) 3667M->1316M(4096M) 139.403ms
[2667.322s][info][gc,cpu         ] GC(486) User=0.82s Sys=0.00s Real=0.14s
....[2671.496s][info][gc,start       ] GC(487) Pause Young (Concurrent Start) (G1 Evacuation Pause)
[2671.496s][info][gc,task        ] GC(487) Using 6 workers of 6 for evacuation
[2671.614s][info][gc,phases      ] GC(487)   Pre Evacuate Collection Set: 0.43ms
[2671.614s][info][gc,phases      ] GC(487)   Merge Heap Roots: 0.52ms
[2671.614s][info][gc,phases      ] GC(487)   Evacuate Collection Set: 115.67ms
[2671.614s][info][gc,phases      ] GC(487)   Post Evacuate Collection Set: 0.90ms
[2671.614s][info][gc,phases      ] GC(487)   Other: 0.12ms
[2671.614s][info][gc,heap        ] GC(487) Eden regions: 1119->0(1119)
[2671.614s][info][gc,heap        ] GC(487) Survivor regions: 109->109(154)
[2671.614s][info][gc,heap        ] GC(487) Old regions: 471->502
[2671.614s][info][gc,heap        ] GC(487) Humongous regions: 80->80
[2671.614s][info][gc,metaspace   ] GC(487) Metaspace: 29002K(29376K)->29002K(29376K) NonClass: 24117K(24256K)->24117K(24256K) Class: 4884K(5120K)->4884K(5120K)
[2671.614s][info][gc             ] GC(487) Pause Young (Concurrent Start) (G1 Evacuation Pause) 3554M->1380M(4096M) 117.768ms
[2671.614s][info][gc             ] GC(488) Concurrent Mark Cycle
[2671.614s][info][gc,marking     ] GC(488) Concurrent Scan Root Regions
[2671.614s][info][gc,cpu         ] GC(487) User=0.69s Sys=0.00s Real=0.11s
[2671.769s][info][gc,marking     ] GC(488) Concurrent Scan Root Regions 155.328ms
[2671.769s][info][gc,marking     ] GC(488) Concurrent Mark
[2671.769s][info][gc,marking     ] GC(488) Concurrent Mark From Roots
[2671.769s][info][gc,task        ] GC(488) Using 2 workers of 2 for marking
.[2672.490s][info][gc,marking     ] GC(488) Concurrent Mark From Roots 720.571ms
[2672.490s][info][gc,marking     ] GC(488) Concurrent Preclean
[2672.490s][info][gc,marking     ] GC(488) Concurrent Preclean 0.082ms
[2672.490s][info][gc,start       ] GC(488) Pause Remark
[2672.494s][info][gc             ] GC(488) Pause Remark 1898M->1898M(4096M) 4.171ms
[2672.494s][info][gc,cpu         ] GC(488) User=0.02s Sys=0.00s Real=0.00s
[2672.494s][info][gc,marking     ] GC(488) Concurrent Mark 725.161ms
[2672.494s][info][gc,marking     ] GC(488) Concurrent Rebuild Remembered Sets and Scrub Regions
[2672.786s][info][gc,marking     ] GC(488) Concurrent Rebuild Remembered Sets and Scrub Regions 291.917ms
[2672.786s][info][gc,start       ] GC(488) Pause Cleanup
[2672.786s][info][gc             ] GC(488) Pause Cleanup 2090M->2090M(4096M) 0.110ms
[2672.786s][info][gc,cpu         ] GC(488) User=0.00s Sys=0.00s Real=0.00s
[2672.787s][info][gc,marking     ] GC(488) Concurrent Clear Claimed Marks
[2672.787s][info][gc,marking     ] GC(488) Concurrent Clear Claimed Marks 0.028ms
[2672.787s][info][gc,marking     ] GC(488) Concurrent Cleanup for Next Mark
[2672.790s][info][gc,marking     ] GC(488) Concurrent Cleanup for Next Mark 3.900ms
[2672.791s][info][gc             ] GC(488) Concurrent Mark Cycle 1176.780ms
...[2675.740s][info][gc,start       ] GC(489) Pause Young (Prepare Mixed) (G1 Evacuation Pause)
[2675.740s][info][gc,task        ] GC(489) Using 6 workers of 6 for evacuation
[2675.857s][info][gc,phases      ] GC(489)   Pre Evacuate Collection Set: 0.35ms
[2675.857s][info][gc,phases      ] GC(489)   Merge Heap Roots: 0.59ms
[2675.857s][info][gc,phases      ] GC(489)   Evacuate Collection Set: 115.44ms
[2675.857s][info][gc,phases      ] GC(489)   Post Evacuate Collection Set: 0.94ms
[2675.857s][info][gc,phases      ] GC(489)   Other: 0.10ms
[2675.857s][info][gc,heap        ] GC(489) Eden regions: 1119->0(1111)
[2675.857s][info][gc,heap        ] GC(489) Survivor regions: 109->110(154)
[2675.857s][info][gc,heap        ] GC(489) Old regions: 502->534
[2675.857s][info][gc,heap        ] GC(489) Humongous regions: 80->80
[2675.857s][info][gc,metaspace   ] GC(489) Metaspace: 29002K(29376K)->29002K(29376K) NonClass: 24117K(24256K)->24117K(24256K) Class: 4884K(5120K)->4884K(5120K)
[2675.857s][info][gc             ] GC(489) Pause Young (Prepare Mixed) (G1 Evacuation Pause) 3618M->1446M(4096M) 117.558ms
[2675.857s][info][gc,cpu         ] GC(489) User=0.70s Sys=0.00s Real=0.12s
....[2679.983s][info][gc,start       ] GC(490) Pause Young (Mixed) (G1 Evacuation Pause)
[2679.983s][info][gc,task        ] GC(490) Using 6 workers of 6 for evacuation
[2680.120s][info][gc,phases      ] GC(490)   Pre Evacuate Collection Set: 0.40ms
[2680.120s][info][gc,phases      ] GC(490)   Merge Heap Roots: 0.73ms
[2680.120s][info][gc,phases      ] GC(490)   Evacuate Collection Set: 135.49ms
[2680.120s][info][gc,phases      ] GC(490)   Post Evacuate Collection Set: 0.99ms
[2680.120s][info][gc,phases      ] GC(490)   Other: 0.10ms
[2680.120s][info][gc,heap        ] GC(490) Eden regions: 1111->0(1117)
[2680.120s][info][gc,heap        ] GC(490) Survivor regions: 110->111(153)
[2680.120s][info][gc,heap        ] GC(490) Old regions: 534->472
[2680.120s][info][gc,heap        ] GC(490) Humongous regions: 80->80
[2680.120s][info][gc,metaspace   ] GC(490) Metaspace: 29002K(29376K)->29002K(29376K) NonClass: 24117K(24256K)->24117K(24256K) Class: 4884K(5120K)->4884K(5120K)
[2680.120s][info][gc             ] GC(490) Pause Young (Mixed) (G1 Evacuation Pause) 3668M->1323M(4096M) 137.841ms
[2680.120s][info][gc,cpu         ] GC(490) User=0.82s Sys=0.00s Real=0.14s
.....[2684.243s][info][gc,start       ] GC(491) Pause Young (Concurrent Start) (G1 Evacuation Pause)
[2684.243s][info][gc,task        ] GC(491) Using 6 workers of 6 for evacuation
[2684.359s][info][gc,phases      ] GC(491)   Pre Evacuate Collection Set: 0.44ms
[2684.359s][info][gc,phases      ] GC(491)   Merge Heap Roots: 0.61ms
[2684.359s][info][gc,phases      ] GC(491)   Evacuate Collection Set: 113.84ms
[2684.359s][info][gc,phases      ] GC(491)   Post Evacuate Collection Set: 0.91ms
[2684.359s][info][gc,phases      ] GC(491)   Other: 0.10ms
[2684.359s][info][gc,heap        ] GC(491) Eden regions: 1117->0(1120)
[2684.359s][info][gc,heap        ] GC(491) Survivor regions: 111->108(154)
[2684.359s][info][gc,heap        ] GC(491) Old regions: 472->504
[2684.359s][info][gc,heap        ] GC(491) Humongous regions: 80->80
[2684.359s][info][gc,metaspace   ] GC(491) Metaspace: 29002K(29376K)->29002K(29376K) NonClass: 24117K(24256K)->24117K(24256K) Class: 4884K(5120K)->4884K(5120K)
[2684.359s][info][gc             ] GC(491) Pause Young (Concurrent Start) (G1 Evacuation Pause) 3557M->1382M(4096M) 116.047ms
[2684.359s][info][gc             ] GC(492) Concurrent Mark Cycle
[2684.359s][info][gc,marking     ] GC(492) Concurrent Scan Root Regions
[2684.359s][info][gc,cpu         ] GC(491) User=0.69s Sys=0.00s Real=0.12s
[2684.524s][info][gc,marking     ] GC(492) Concurrent Scan Root Regions 165.274ms
[2684.524s][info][gc,marking     ] GC(492) Concurrent Mark
[2684.524s][info][gc,marking     ] GC(492) Concurrent Mark From Roots
[2684.524s][info][gc,task        ] GC(492) Using 2 workers of 2 for marking
.[2685.136s][info][gc,marking     ] GC(492) Concurrent Mark From Roots 612.199ms
[2685.136s][info][gc,marking     ] GC(492) Concurrent Preclean
[2685.136s][info][gc,marking     ] GC(492) Concurrent Preclean 0.050ms
[2685.137s][info][gc,start       ] GC(492) Pause Remark
[2685.140s][info][gc             ] GC(492) Pause Remark 1838M->1838M(4096M) 3.865ms
[2685.140s][info][gc,cpu         ] GC(492) User=0.02s Sys=0.00s Real=0.00s
[2685.141s][info][gc,marking     ] GC(492) Concurrent Mark 616.360ms
[2685.141s][info][gc,marking     ] GC(492) Concurrent Rebuild Remembered Sets and Scrub Regions
[2685.500s][info][gc,marking     ] GC(492) Concurrent Rebuild Remembered Sets and Scrub Regions 359.327ms
[2685.500s][info][gc,start       ] GC(492) Pause Cleanup
[2685.500s][info][gc             ] GC(492) Pause Cleanup 2052M->2052M(4096M) 0.127ms
[2685.500s][info][gc,cpu         ] GC(492) User=0.00s Sys=0.00s Real=0.00s
[2685.500s][info][gc,marking     ] GC(492) Concurrent Clear Claimed Marks
[2685.500s][info][gc,marking     ] GC(492) Concurrent Clear Claimed Marks 0.033ms
[2685.500s][info][gc,marking     ] GC(492) Concurrent Cleanup for Next Mark
[2685.505s][info][gc,marking     ] GC(492) Concurrent Cleanup for Next Mark 4.736ms
[2685.505s][info][gc             ] GC(492) Concurrent Mark Cycle 1146.262ms
...[2688.527s][info][gc,start       ] GC(493) Pause Young (Prepare Mixed) (G1 Evacuation Pause)
[2688.527s][info][gc,task        ] GC(493) Using 6 workers of 6 for evacuation
[2688.647s][info][gc,phases      ] GC(493)   Pre Evacuate Collection Set: 0.35ms
[2688.647s][info][gc,phases      ] GC(493)   Merge Heap Roots: 0.55ms
[2688.647s][info][gc,phases      ] GC(493)   Evacuate Collection Set: 118.85ms
[2688.647s][info][gc,phases      ] GC(493)   Post Evacuate Collection Set: 0.98ms
[2688.647s][info][gc,phases      ] GC(493)   Other: 0.10ms
[2688.647s][info][gc,heap        ] GC(493) Eden regions: 1120->0(1109)
[2688.647s][info][gc,heap        ] GC(493) Survivor regions: 108->110(154)
[2688.647s][info][gc,heap        ] GC(493) Old regions: 504->536
[2688.647s][info][gc,heap        ] GC(493) Humongous regions: 80->80
[2688.647s][info][gc,metaspace   ] GC(493) Metaspace: 29002K(29376K)->29002K(29376K) NonClass: 24117K(24256K)->24117K(24256K) Class: 4884K(5120K)->4884K(5120K)
[2688.648s][info][gc             ] GC(493) Pause Young (Prepare Mixed) (G1 Evacuation Pause) 3622M->1449M(4096M) 120.961ms
[2688.648s][info][gc,cpu         ] GC(493) User=0.71s Sys=0.00s Real=0.12s
....[2692.766s][info][gc,start       ] GC(494) Pause Young (Mixed) (G1 Evacuation Pause)
[2692.766s][info][gc,task        ] GC(494) Using 6 workers of 6 for evacuation
[2692.900s][info][gc,phases      ] GC(494)   Pre Evacuate Collection Set: 0.42ms
[2692.901s][info][gc,phases      ] GC(494)   Merge Heap Roots: 0.72ms
[2692.901s][info][gc,phases      ] GC(494)   Evacuate Collection Set: 132.28ms
[2692.901s][info][gc,phases      ] GC(494)   Post Evacuate Collection Set: 0.98ms
[2692.901s][info][gc,phases      ] GC(494)   Other: 0.09ms
[2692.901s][info][gc,heap        ] GC(494) Eden regions: 1109->0(1118)
[2692.901s][info][gc,heap        ] GC(494) Survivor regions: 110->110(153)
[2692.901s][info][gc,heap        ] GC(494) Old regions: 536->472
[2692.901s][info][gc,heap        ] GC(494) Humongous regions: 80->80
[2692.901s][info][gc,metaspace   ] GC(494) Metaspace: 29002K(29376K)->29002K(29376K) NonClass: 24117K(24256K)->24117K(24256K) Class: 4884K(5120K)->4884K(5120K)
[2692.901s][info][gc             ] GC(494) Pause Young (Mixed) (G1 Evacuation Pause) 3667M->1321M(4096M) 134.619ms
[2692.901s][info][gc,cpu         ] GC(494) User=0.80s Sys=0.00s Real=0.13s
....[2697.001s][info][gc,start       ] GC(495) Pause Young (Concurrent Start) (G1 Evacuation Pause)
[2697.001s][info][gc,task        ] GC(495) Using 6 workers of 6 for evacuation
[2697.121s][info][gc,phases      ] GC(495)   Pre Evacuate Collection Set: 0.39ms
[2697.121s][info][gc,phases      ] GC(495)   Merge Heap Roots: 0.52ms
[2697.121s][info][gc,phases      ] GC(495)   Evacuate Collection Set: 117.97ms
[2697.121s][info][gc,phases      ] GC(495)   Post Evacuate Collection Set: 0.92ms
[2697.121s][info][gc,phases      ] GC(495)   Other: 0.13ms
[2697.121s][info][gc,heap        ] GC(495) Eden regions: 1118->0(1118)
[2697.121s][info][gc,heap        ] GC(495) Survivor regions: 110->110(154)
[2697.121s][info][gc,heap        ] GC(495) Old regions: 472->504
[2697.121s][info][gc,heap        ] GC(495) Humongous regions: 80->80
[2697.121s][info][gc,metaspace   ] GC(495) Metaspace: 29002K(29376K)->29002K(29376K) NonClass: 24117K(24256K)->24117K(24256K) Class: 4884K(5120K)->4884K(5120K)
[2697.121s][info][gc             ] GC(495) Pause Young (Concurrent Start) (G1 Evacuation Pause) 3557M->1386M(4096M) 120.060ms
[2697.121s][info][gc             ] GC(496) Concurrent Mark Cycle
[2697.121s][info][gc,marking     ] GC(496) Concurrent Scan Root Regions
[2697.121s][info][gc,cpu         ] GC(495) User=0.70s Sys=0.01s Real=0.12s
.[2697.253s][info][gc,marking     ] GC(496) Concurrent Scan Root Regions 131.990ms
[2697.253s][info][gc,marking     ] GC(496) Concurrent Mark
[2697.253s][info][gc,marking     ] GC(496) Concurrent Mark From Roots
[2697.253s][info][gc,task        ] GC(496) Using 2 workers of 2 for marking
[2697.935s][info][gc,marking     ] GC(496) Concurrent Mark From Roots 682.306ms
[2697.935s][info][gc,marking     ] GC(496) Concurrent Preclean
[2697.936s][info][gc,marking     ] GC(496) Concurrent Preclean 0.068ms
[2697.936s][info][gc,start       ] GC(496) Pause Remark
[2697.940s][info][gc             ] GC(496) Pause Remark 1847M->1847M(4096M) 4.318ms
[2697.940s][info][gc,cpu         ] GC(496) User=0.02s Sys=0.00s Real=0.01s
[2697.940s][info][gc,marking     ] GC(496) Concurrent Mark 686.949ms
[2697.940s][info][gc,marking     ] GC(496) Concurrent Rebuild Remembered Sets and Scrub Regions
.[2698.222s][info][gc,marking     ] GC(496) Concurrent Rebuild Remembered Sets and Scrub Regions 281.757ms
[2698.222s][info][gc,start       ] GC(496) Pause Cleanup
[2698.222s][info][gc             ] GC(496) Pause Cleanup 2008M->2008M(4096M) 0.113ms
[2698.222s][info][gc,cpu         ] GC(496) User=0.00s Sys=0.00s Real=0.00s
[2698.222s][info][gc,marking     ] GC(496) Concurrent Clear Claimed Marks
[2698.222s][info][gc,marking     ] GC(496) Concurrent Clear Claimed Marks 0.026ms
[2698.222s][info][gc,marking     ] GC(496) Concurrent Cleanup for Next Mark
[2698.225s][info][gc,marking     ] GC(496) Concurrent Cleanup for Next Mark 3.235ms
[2698.225s][info][gc             ] GC(496) Concurrent Mark Cycle 1104.408ms
...[2701.325s][info][gc,start       ] GC(497) Pause Young (Prepare Mixed) (G1 Evacuation Pause)
[2701.325s][info][gc,task        ] GC(497) Using 6 workers of 6 for evacuation
[2701.444s][info][gc,phases      ] GC(497)   Pre Evacuate Collection Set: 0.38ms
[2701.444s][info][gc,phases      ] GC(497)   Merge Heap Roots: 0.55ms
[2701.444s][info][gc,phases      ] GC(497)   Evacuate Collection Set: 116.44ms
[2701.444s][info][gc,phases      ] GC(497)   Post Evacuate Collection Set: 0.96ms
[2701.444s][info][gc,phases      ] GC(497)   Other: 0.08ms
[2701.444s][info][gc,heap        ] GC(497) Eden regions: 1118->0(1111)
[2701.444s][info][gc,heap        ] GC(497) Survivor regions: 110->109(154)
[2701.444s][info][gc,heap        ] GC(497) Old regions: 504->536
[2701.444s][info][gc,heap        ] GC(497) Humongous regions: 80->80
[2701.444s][info][gc,metaspace   ] GC(497) Metaspace: 29002K(29376K)->29002K(29376K) NonClass: 24117K(24256K)->24117K(24256K) Class: 4884K(5120K)->4884K(5120K)
[2701.444s][info][gc             ] GC(497) Pause Young (Prepare Mixed) (G1 Evacuation Pause) 3622M->1448M(4096M) 118.556ms
[2701.444s][info][gc,cpu         ] GC(497) User=0.70s Sys=0.00s Real=0.12s
....[2705.486s][info][gc,start       ] GC(498) Pause Young (Mixed) (G1 Evacuation Pause)
[2705.486s][info][gc,task        ] GC(498) Using 6 workers of 6 for evacuation
[2705.621s][info][gc,phases      ] GC(498)   Pre Evacuate Collection Set: 0.41ms
[2705.621s][info][gc,phases      ] GC(498)   Merge Heap Roots: 0.72ms
[2705.621s][info][gc,phases      ] GC(498)   Evacuate Collection Set: 132.66ms
[2705.621s][info][gc,phases      ] GC(498)   Post Evacuate Collection Set: 0.97ms
[2705.621s][info][gc,phases      ] GC(498)   Other: 0.09ms
[2705.621s][info][gc,heap        ] GC(498) Eden regions: 1111->0(1119)
[2705.621s][info][gc,heap        ] GC(498) Survivor regions: 109->109(153)
[2705.621s][info][gc,heap        ] GC(498) Old regions: 536->472
[2705.621s][info][gc,heap        ] GC(498) Humongous regions: 80->80
[2705.621s][info][gc,metaspace   ] GC(498) Metaspace: 29002K(29376K)->29002K(29376K) NonClass: 24117K(24256K)->24117K(24256K) Class: 4884K(5120K)->4884K(5120K)
[2705.621s][info][gc             ] GC(498) Pause Young (Mixed) (G1 Evacuation Pause) 3670M->1318M(4096M) 134.995ms
[2705.621s][info][gc,cpu         ] GC(498) User=0.80s Sys=0.00s Real=0.14s
....[2709.732s][info][gc,start       ] GC(499) Pause Young (Concurrent Start) (G1 Evacuation Pause)
[2709.732s][info][gc,task        ] GC(499) Using 6 workers of 6 for evacuation
[2709.851s][info][gc,phases      ] GC(499)   Pre Evacuate Collection Set: 0.44ms
[2709.851s][info][gc,phases      ] GC(499)   Merge Heap Roots: 0.52ms
[2709.851s][info][gc,phases      ] GC(499)   Evacuate Collection Set: 116.73ms
[2709.851s][info][gc,phases      ] GC(499)   Post Evacuate Collection Set: 0.90ms
[2709.851s][info][gc,phases      ] GC(499)   Other: 0.12ms
[2709.851s][info][gc,heap        ] GC(499) Eden regions: 1119->0(1119)
[2709.851s][info][gc,heap        ] GC(499) Survivor regions: 109->109(154)
[2709.851s][info][gc,heap        ] GC(499) Old regions: 472->504
[2709.851s][info][gc,heap        ] GC(499) Humongous regions: 80->80
[2709.851s][info][gc,metaspace   ] GC(499) Metaspace: 29002K(29376K)->29002K(29376K) NonClass: 24117K(24256K)->24117K(24256K) Class: 4884K(5120K)->4884K(5120K)
[2709.851s][info][gc             ] GC(499) Pause Young (Concurrent Start) (G1 Evacuation Pause) 3556M->1383M(4096M) 118.864ms
[2709.851s][info][gc             ] GC(500) Concurrent Mark Cycle
[2709.851s][info][gc,marking     ] GC(500) Concurrent Scan Root Regions
[2709.851s][info][gc,cpu         ] GC(499) User=0.70s Sys=0.00s Real=0.12s
[2709.994s][info][gc,marking     ] GC(500) Concurrent Scan Root Regions 142.930ms
[2709.994s][info][gc,marking     ] GC(500) Concurrent Mark
[2709.994s][info][gc,marking     ] GC(500) Concurrent Mark From Roots
[2709.994s][info][gc,task        ] GC(500) Using 2 workers of 2 for marking
.[2710.727s][info][gc,marking     ] GC(500) Concurrent Mark From Roots 733.193ms
[2710.727s][info][gc,marking     ] GC(500) Concurrent Preclean
[2710.728s][info][gc,marking     ] GC(500) Concurrent Preclean 0.070ms
[2710.728s][info][gc,start       ] GC(500) Pause Remark
[2710.732s][info][gc             ] GC(500) Pause Remark 1884M->1884M(4096M) 4.502ms
[2710.733s][info][gc,cpu         ] GC(500) User=0.03s Sys=0.00s Real=0.00s
[2710.733s][info][gc,marking     ] GC(500) Concurrent Mark 739.140ms
[2710.733s][info][gc,marking     ] GC(500) Concurrent Rebuild Remembered Sets and Scrub Regions
[2711.035s][info][gc,marking     ] GC(500) Concurrent Rebuild Remembered Sets and Scrub Regions 301.232ms
[2711.035s][info][gc,start       ] GC(500) Pause Cleanup
[2711.035s][info][gc             ] GC(500) Pause Cleanup 2039M->2039M(4096M) 0.122ms
[2711.035s][info][gc,cpu         ] GC(500) User=0.00s Sys=0.00s Real=0.00s
[2711.035s][info][gc,marking     ] GC(500) Concurrent Clear Claimed Marks
[2711.035s][info][gc,marking     ] GC(500) Concurrent Clear Claimed Marks 0.025ms
[2711.035s][info][gc,marking     ] GC(500) Concurrent Cleanup for Next Mark
[2711.038s][info][gc,marking     ] GC(500) Concurrent Cleanup for Next Mark 3.255ms
[2711.038s][info][gc             ] GC(500) Concurrent Mark Cycle 1187.037ms
...[2714.082s][info][gc,start       ] GC(501) Pause Young (Prepare Mixed) (G1 Evacuation Pause)
[2714.082s][info][gc,task        ] GC(501) Using 6 workers of 6 for evacuation
[2714.199s][info][gc,phases      ] GC(501)   Pre Evacuate Collection Set: 0.39ms
[2714.199s][info][gc,phases      ] GC(501)   Merge Heap Roots: 0.52ms
[2714.199s][info][gc,phases      ] GC(501)   Evacuate Collection Set: 114.59ms
[2714.199s][info][gc,phases      ] GC(501)   Post Evacuate Collection Set: 0.94ms
[2714.199s][info][gc,phases      ] GC(501)   Other: 0.09ms
[2714.199s][info][gc,heap        ] GC(501) Eden regions: 1119->0(1114)
[2714.199s][info][gc,heap        ] GC(501) Survivor regions: 109->108(154)
[2714.199s][info][gc,heap        ] GC(501) Old regions: 504->535
[2714.199s][info][gc,heap        ] GC(501) Humongous regions: 80->80
[2714.199s][info][gc,metaspace   ] GC(501) Metaspace: 29002K(29376K)->29002K(29376K) NonClass: 24117K(24256K)->24117K(24256K) Class: 4884K(5120K)->4884K(5120K)
[2714.199s][info][gc             ] GC(501) Pause Young (Prepare Mixed) (G1 Evacuation Pause) 3621M->1443M(4096M) 116.657ms
[2714.199s][info][gc,cpu         ] GC(501) User=0.68s Sys=0.01s Real=0.12s
.....[2718.390s][info][gc,start       ] GC(502) Pause Young (Mixed) (G1 Evacuation Pause)
[2718.390s][info][gc,task        ] GC(502) Using 6 workers of 6 for evacuation
[2718.523s][info][gc,phases      ] GC(502)   Pre Evacuate Collection Set: 0.39ms
[2718.523s][info][gc,phases      ] GC(502)   Merge Heap Roots: 0.67ms
[2718.523s][info][gc,phases      ] GC(502)   Evacuate Collection Set: 131.08ms
[2718.523s][info][gc,phases      ] GC(502)   Post Evacuate Collection Set: 0.97ms
[2718.523s][info][gc,phases      ] GC(502)   Other: 0.09ms
[2718.524s][info][gc,heap        ] GC(502) Eden regions: 1114->0(1118)
[2718.524s][info][gc,heap        ] GC(502) Survivor regions: 108->110(153)
[2718.524s][info][gc,heap        ] GC(502) Old regions: 535->472
[2718.524s][info][gc,heap        ] GC(502) Humongous regions: 80->80
[2718.524s][info][gc,metaspace   ] GC(502) Metaspace: 29002K(29376K)->29002K(29376K) NonClass: 24117K(24256K)->24117K(24256K) Class: 4884K(5120K)->4884K(5120K)
[2718.524s][info][gc             ] GC(502) Pause Young (Mixed) (G1 Evacuation Pause) 3671M->1320M(4096M) 133.347ms
[2718.524s][info][gc,cpu         ] GC(502) User=0.79s Sys=0.00s Real=0.13s
.... (rIR:aIR:PR = 4428:4427:4427) (tPR = 65460) [OK] 
  2721s: Performance info:
         Transaction,    Success,    Partial,     Failed,   Receipts, AvgBarcode, 
             Overall,     266663,          0,          0,     253316,      59.48, 
         Response times:
             Request,    Success,    Partial,     Failed,   SkipFail,     Probes,    Samples,      min,      p50,      p90,      p95,      p99,      max, 
       TotalPurchase,     253319,          0,          0,          0,     248839,     274605,      300,     3500,     6400,    10400,    48000,   186000,
     InStorePurchase,     133328,          0,          0,          0,     131165,     144300,      300,     3600,     6500,    10700,    49000,   186000,
      OnlinePurchase,      93328,          0,          0,          0,      91840,     101291,      300,     3600,     6400,    10000,    47000,   183000,
        InstPurchase,      26663,          0,          0,          0,      25834,      29014,      400,     3400,     6400,    10100,    51000,   175000,
          AssocOfCat,        263,          0,          0,          0,        191,        290,    22000,    31000,    50000,    59900,   157250,   183000,
      AssocOfProduct,       2673,          0,          0,          0,       2472,       2870,      400,     4300,     7000,     9800,    50290,   146000,
      BusinessReport,        666,          0,          0,          0,        564,        740,    24000,    33000,    54000,    69000,   159590,   206000,
          CustBuyBeh,       2675,          0,          0,          0,       2486,       2960,      300,     2750,     6200,    10000,    37780,   167000,
       ProductReturn,       7070,          0,          0,          0,       6738,       7679,      200,     3700,     6300,    10300,    42000,   175000,

  2721s: (33%)   IR =   4566 [2722.556s][info][gc,start       ] GC(503) Pause Young (Concurrent Start) (G1 Evacuation Pause)
[2722.556s][info][gc,task        ] GC(503) Using 6 workers of 6 for evacuation
[2722.673s][info][gc,phases      ] GC(503)   Pre Evacuate Collection Set: 0.41ms
[2722.673s][info][gc,phases      ] GC(503)   Merge Heap Roots: 0.49ms
[2722.673s][info][gc,phases      ] GC(503)   Evacuate Collection Set: 115.64ms
[2722.673s][info][gc,phases      ] GC(503)   Post Evacuate Collection Set: 0.91ms
[2722.673s][info][gc,phases      ] GC(503)   Other: 0.10ms
[2722.673s][info][gc,heap        ] GC(503) Eden regions: 1118->0(1119)
[2722.673s][info][gc,heap        ] GC(503) Survivor regions: 110->109(154)
[2722.673s][info][gc,heap        ] GC(503) Old regions: 472->504
[2722.673s][info][gc,heap        ] GC(503) Humongous regions: 80->80
[2722.673s][info][gc,metaspace   ] GC(503) Metaspace: 29002K(29376K)->29002K(29376K) NonClass: 24117K(24256K)->24117K(24256K) Class: 4884K(5120K)->4884K(5120K)
[2722.674s][info][gc             ] GC(503) Pause Young (Concurrent Start) (G1 Evacuation Pause) 3556M->1382M(4096M) 117.679ms
[2722.674s][info][gc             ] GC(504) Concurrent Mark Cycle
[2722.674s][info][gc,marking     ] GC(504) Concurrent Scan Root Regions
[2722.674s][info][gc,cpu         ] GC(503) User=0.69s Sys=0.00s Real=0.12s
[2722.832s][info][gc,marking     ] GC(504) Concurrent Scan Root Regions 158.318ms
[2722.832s][info][gc,marking     ] GC(504) Concurrent Mark
[2722.832s][info][gc,marking     ] GC(504) Concurrent Mark From Roots
[2722.832s][info][gc,task        ] GC(504) Using 2 workers of 2 for marking
.[2723.563s][info][gc,marking     ] GC(504) Concurrent Mark From Roots 731.166ms
[2723.563s][info][gc,marking     ] GC(504) Concurrent Preclean
[2723.563s][info][gc,marking     ] GC(504) Concurrent Preclean 0.195ms
[2723.564s][info][gc,start       ] GC(504) Pause Remark
[2723.569s][info][gc             ] GC(504) Pause Remark 1920M->1920M(4096M) 5.876ms
[2723.569s][info][gc,cpu         ] GC(504) User=0.04s Sys=0.00s Real=0.01s
[2723.570s][info][gc,marking     ] GC(504) Concurrent Mark 738.299ms
[2723.570s][info][gc,marking     ] GC(504) Concurrent Rebuild Remembered Sets and Scrub Regions
[2723.874s][info][gc,marking     ] GC(504) Concurrent Rebuild Remembered Sets and Scrub Regions 304.119ms
[2723.874s][info][gc,start       ] GC(504) Pause Cleanup
[2723.875s][info][gc             ] GC(504) Pause Cleanup 2094M->2094M(4096M) 0.121ms
[2723.875s][info][gc,cpu         ] GC(504) User=0.00s Sys=0.00s Real=0.00s
[2723.875s][info][gc,marking     ] GC(504) Concurrent Clear Claimed Marks
[2723.875s][info][gc,marking     ] GC(504) Concurrent Clear Claimed Marks 0.032ms
[2723.875s][info][gc,marking     ] GC(504) Concurrent Cleanup for Next Mark
[2723.880s][info][gc,marking     ] GC(504) Concurrent Cleanup for Next Mark 4.968ms
[2723.880s][info][gc             ] GC(504) Concurrent Mark Cycle 1206.196ms
...[2726.715s][info][gc,start       ] GC(505) Pause Young (Prepare Mixed) (G1 Evacuation Pause)
[2726.715s][info][gc,task        ] GC(505) Using 6 workers of 6 for evacuation
[2726.834s][info][gc,phases      ] GC(505)   Pre Evacuate Collection Set: 0.35ms
[2726.834s][info][gc,phases      ] GC(505)   Merge Heap Roots: 0.57ms
[2726.834s][info][gc,phases      ] GC(505)   Evacuate Collection Set: 117.43ms
[2726.834s][info][gc,phases      ] GC(505)   Post Evacuate Collection Set: 0.96ms
[2726.834s][info][gc,phases      ] GC(505)   Other: 0.09ms
[2726.834s][info][gc,heap        ] GC(505) Eden regions: 1119->0(1109)
[2726.834s][info][gc,heap        ] GC(505) Survivor regions: 109->110(154)
[2726.834s][info][gc,heap        ] GC(505) Old regions: 504->536
[2726.834s][info][gc,heap        ] GC(505) Humongous regions: 80->80
[2726.834s][info][gc,metaspace   ] GC(505) Metaspace: 28998K(29376K)->28998K(29376K) NonClass: 24117K(24256K)->24117K(24256K) Class: 4881K(5120K)->4881K(5120K)
[2726.834s][info][gc             ] GC(505) Pause Young (Prepare Mixed) (G1 Evacuation Pause) 3620M->1449M(4096M) 119.549ms
[2726.834s][info][gc,cpu         ] GC(505) User=0.71s Sys=0.00s Real=0.12s
.|...[2730.822s][info][gc,start       ] GC(506) Pause Young (Mixed) (G1 Evacuation Pause)
[2730.822s][info][gc,task        ] GC(506) Using 6 workers of 6 for evacuation
[2730.952s][info][gc,phases      ] GC(506)   Pre Evacuate Collection Set: 0.39ms
[2730.952s][info][gc,phases      ] GC(506)   Merge Heap Roots: 0.67ms
[2730.952s][info][gc,phases      ] GC(506)   Evacuate Collection Set: 128.60ms
[2730.952s][info][gc,phases      ] GC(506)   Post Evacuate Collection Set: 0.96ms
[2730.952s][info][gc,phases      ] GC(506)   Other: 0.09ms
[2730.952s][info][gc,heap        ] GC(506) Eden regions: 1109->0(1121)
[2730.952s][info][gc,heap        ] GC(506) Survivor regions: 110->107(153)
[2730.952s][info][gc,heap        ] GC(506) Old regions: 536->471
[2730.952s][info][gc,heap        ] GC(506) Humongous regions: 80->80
[2730.952s][info][gc,metaspace   ] GC(506) Metaspace: 28998K(29376K)->28998K(29376K) NonClass: 24117K(24256K)->24117K(24256K) Class: 4881K(5120K)->4881K(5120K)
[2730.952s][info][gc             ] GC(506) Pause Young (Mixed) (G1 Evacuation Pause) 3667M->1314M(4096M) 130.835ms
[2730.953s][info][gc,cpu         ] GC(506) User=0.77s Sys=0.00s Real=0.13s
....[2735.003s][info][gc,start       ] GC(507) Pause Young (Concurrent Start) (G1 Evacuation Pause)
[2735.003s][info][gc,task        ] GC(507) Using 6 workers of 6 for evacuation
[2735.119s][info][gc,phases      ] GC(507)   Pre Evacuate Collection Set: 0.44ms
[2735.120s][info][gc,phases      ] GC(507)   Merge Heap Roots: 0.56ms
[2735.120s][info][gc,phases      ] GC(507)   Evacuate Collection Set: 114.57ms
[2735.120s][info][gc,phases      ] GC(507)   Post Evacuate Collection Set: 0.90ms
[2735.120s][info][gc,phases      ] GC(507)   Other: 0.13ms
[2735.120s][info][gc,heap        ] GC(507) Eden regions: 1121->0(1120)
[2735.120s][info][gc,heap        ] GC(507) Survivor regions: 107->108(154)
[2735.120s][info][gc,heap        ] GC(507) Old regions: 471->504
[2735.120s][info][gc,heap        ] GC(507) Humongous regions: 80->80
[2735.120s][info][gc,metaspace   ] GC(507) Metaspace: 28998K(29376K)->28998K(29376K) NonClass: 24117K(24256K)->24117K(24256K) Class: 4881K(5120K)->4881K(5120K)
[2735.120s][info][gc             ] GC(507) Pause Young (Concurrent Start) (G1 Evacuation Pause) 3556M->1381M(4096M) 116.759ms
[2735.120s][info][gc             ] GC(508) Concurrent Mark Cycle
[2735.120s][info][gc,marking     ] GC(508) Concurrent Scan Root Regions
[2735.120s][info][gc,cpu         ] GC(507) User=0.69s Sys=0.00s Real=0.12s
.[2735.279s][info][gc,marking     ] GC(508) Concurrent Scan Root Regions 159.009ms
[2735.279s][info][gc,marking     ] GC(508) Concurrent Mark
[2735.279s][info][gc,marking     ] GC(508) Concurrent Mark From Roots
[2735.279s][info][gc,task        ] GC(508) Using 2 workers of 2 for marking
[2736.011s][info][gc,marking     ] GC(508) Concurrent Mark From Roots 732.502ms
[2736.011s][info][gc,marking     ] GC(508) Concurrent Preclean
[2736.011s][info][gc,marking     ] GC(508) Concurrent Preclean 0.133ms
[2736.013s][info][gc,start       ] GC(508) Pause Remark
[2736.018s][info][gc             ] GC(508) Pause Remark 1935M->1935M(4096M) 4.634ms
[2736.018s][info][gc,cpu         ] GC(508) User=0.03s Sys=0.00s Real=0.01s
[2736.018s][info][gc,marking     ] GC(508) Concurrent Mark 739.203ms
[2736.018s][info][gc,marking     ] GC(508) Concurrent Rebuild Remembered Sets and Scrub Regions
.[2736.312s][info][gc,marking     ] GC(508) Concurrent Rebuild Remembered Sets and Scrub Regions 293.950ms
[2736.312s][info][gc,start       ] GC(508) Pause Cleanup
[2736.312s][info][gc             ] GC(508) Pause Cleanup 2128M->2128M(4096M) 0.126ms
[2736.312s][info][gc,cpu         ] GC(508) User=0.00s Sys=0.00s Real=0.00s
[2736.314s][info][gc,marking     ] GC(508) Concurrent Clear Claimed Marks
[2736.314s][info][gc,marking     ] GC(508) Concurrent Clear Claimed Marks 0.043ms
[2736.314s][info][gc,marking     ] GC(508) Concurrent Cleanup for Next Mark
[2736.318s][info][gc,marking     ] GC(508) Concurrent Cleanup for Next Mark 4.092ms
[2736.318s][info][gc             ] GC(508) Concurrent Mark Cycle 1198.106ms
..[2739.115s][info][gc,start       ] GC(509) Pause Young (Prepare Mixed) (G1 Evacuation Pause)
[2739.115s][info][gc,task        ] GC(509) Using 6 workers of 6 for evacuation
[2739.232s][info][gc,phases      ] GC(509)   Pre Evacuate Collection Set: 0.36ms
[2739.232s][info][gc,phases      ] GC(509)   Merge Heap Roots: 0.55ms
[2739.232s][info][gc,phases      ] GC(509)   Evacuate Collection Set: 114.91ms
[2739.232s][info][gc,phases      ] GC(509)   Post Evacuate Collection Set: 0.96ms
[2739.232s][info][gc,phases      ] GC(509)   Other: 0.10ms
[2739.232s][info][gc,heap        ] GC(509) Eden regions: 1120->0(1113)
[2739.232s][info][gc,heap        ] GC(509) Survivor regions: 108->108(154)
[2739.232s][info][gc,heap        ] GC(509) Old regions: 504->536
[2739.232s][info][gc,heap        ] GC(509) Humongous regions: 80->80
[2739.232s][info][gc,metaspace   ] GC(509) Metaspace: 28998K(29376K)->28998K(29376K) NonClass: 24117K(24256K)->24117K(24256K) Class: 4881K(5120K)->4881K(5120K)
[2739.232s][info][gc             ] GC(509) Pause Young (Prepare Mixed) (G1 Evacuation Pause) 3621M->1445M(4096M) 116.991ms
[2739.232s][info][gc,cpu         ] GC(509) User=0.69s Sys=0.00s Real=0.12s
....[2743.297s][info][gc,start       ] GC(510) Pause Young (Mixed) (G1 Evacuation Pause)
[2743.297s][info][gc,task        ] GC(510) Using 6 workers of 6 for evacuation
[2743.433s][info][gc,phases      ] GC(510)   Pre Evacuate Collection Set: 0.43ms
[2743.433s][info][gc,phases      ] GC(510)   Merge Heap Roots: 0.75ms
[2743.433s][info][gc,phases      ] GC(510)   Evacuate Collection Set: 133.59ms
[2743.433s][info][gc,phases      ] GC(510)   Post Evacuate Collection Set: 1.00ms
[2743.433s][info][gc,phases      ] GC(510)   Other: 0.10ms
[2743.433s][info][gc,heap        ] GC(510) Eden regions: 1113->0(1120)
[2743.433s][info][gc,heap        ] GC(510) Survivor regions: 108->108(153)
[2743.433s][info][gc,heap        ] GC(510) Old regions: 536->472
[2743.433s][info][gc,heap        ] GC(510) Humongous regions: 80->80
[2743.433s][info][gc,metaspace   ] GC(510) Metaspace: 28998K(29376K)->28998K(29376K) NonClass: 24117K(24256K)->24117K(24256K) Class: 4881K(5120K)->4881K(5120K)
[2743.433s][info][gc             ] GC(510) Pause Young (Mixed) (G1 Evacuation Pause) 3671M->1318M(4096M) 136.031ms
[2743.433s][info][gc,cpu         ] GC(510) User=0.80s Sys=0.00s Real=0.13s
....[2747.380s][info][gc,start       ] GC(511) Pause Young (Concurrent Start) (G1 Evacuation Pause)
[2747.380s][info][gc,task        ] GC(511) Using 6 workers of 6 for evacuation
[2747.496s][info][gc,phases      ] GC(511)   Pre Evacuate Collection Set: 0.40ms
[2747.496s][info][gc,phases      ] GC(511)   Merge Heap Roots: 0.53ms
[2747.496s][info][gc,phases      ] GC(511)   Evacuate Collection Set: 113.33ms
[2747.496s][info][gc,phases      ] GC(511)   Post Evacuate Collection Set: 0.92ms
[2747.496s][info][gc,phases      ] GC(511)   Other: 0.85ms
[2747.496s][info][gc,heap        ] GC(511) Eden regions: 1120->0(1119)
[2747.496s][info][gc,heap        ] GC(511) Survivor regions: 108->109(154)
[2747.496s][info][gc,heap        ] GC(511) Old regions: 472->504
[2747.496s][info][gc,heap        ] GC(511) Humongous regions: 80->80
[2747.496s][info][gc,metaspace   ] GC(511) Metaspace: 28998K(29376K)->28998K(29376K) NonClass: 24117K(24256K)->24117K(24256K) Class: 4881K(5120K)->4881K(5120K)
[2747.496s][info][gc             ] GC(511) Pause Young (Concurrent Start) (G1 Evacuation Pause) 3558M->1382M(4096M) 116.173ms
[2747.496s][info][gc             ] GC(512) Concurrent Mark Cycle
[2747.496s][info][gc,marking     ] GC(512) Concurrent Scan Root Regions
[2747.496s][info][gc,cpu         ] GC(511) User=0.68s Sys=0.00s Real=0.12s
.[2747.666s][info][gc,marking     ] GC(512) Concurrent Scan Root Regions 170.592ms
[2747.667s][info][gc,marking     ] GC(512) Concurrent Mark
[2747.667s][info][gc,marking     ] GC(512) Concurrent Mark From Roots
[2747.667s][info][gc,task        ] GC(512) Using 2 workers of 2 for marking
.[2748.606s][info][gc,marking     ] GC(512) Concurrent Mark From Roots 939.837ms
[2748.606s][info][gc,marking     ] GC(512) Concurrent Preclean
[2748.607s][info][gc,marking     ] GC(512) Concurrent Preclean 0.118ms
[2748.607s][info][gc,start       ] GC(512) Pause Remark
[2748.613s][info][gc             ] GC(512) Pause Remark 2057M->2057M(4096M) 6.425ms
[2748.613s][info][gc,cpu         ] GC(512) User=0.03s Sys=0.00s Real=0.00s
[2748.613s][info][gc,marking     ] GC(512) Concurrent Mark 946.803ms
[2748.613s][info][gc,marking     ] GC(512) Concurrent Rebuild Remembered Sets and Scrub Regions
[2749.018s][info][gc,marking     ] GC(512) Concurrent Rebuild Remembered Sets and Scrub Regions 404.151ms
[2749.018s][info][gc,start       ] GC(512) Pause Cleanup
[2749.018s][info][gc             ] GC(512) Pause Cleanup 2309M->2309M(4096M) 0.111ms
[2749.018s][info][gc,cpu         ] GC(512) User=0.00s Sys=0.00s Real=0.00s
[2749.018s][info][gc,marking     ] GC(512) Concurrent Clear Claimed Marks
[2749.018s][info][gc,marking     ] GC(512) Concurrent Clear Claimed Marks 0.028ms
[2749.018s][info][gc,marking     ] GC(512) Concurrent Cleanup for Next Mark
[2749.021s][info][gc,marking     ] GC(512) Concurrent Cleanup for Next Mark 3.450ms
[2749.021s][info][gc             ] GC(512) Concurrent Mark Cycle 1525.488ms
...[2751.561s][info][gc,start       ] GC(513) Pause Young (Prepare Mixed) (G1 Evacuation Pause)
[2751.561s][info][gc,task        ] GC(513) Using 6 workers of 6 for evacuation
[2751.680s][info][gc,phases      ] GC(513)   Pre Evacuate Collection Set: 0.38ms
[2751.680s][info][gc,phases      ] GC(513)   Merge Heap Roots: 0.54ms
[2751.680s][info][gc,phases      ] GC(513)   Evacuate Collection Set: 116.57ms
[2751.680s][info][gc,phases      ] GC(513)   Post Evacuate Collection Set: 0.97ms
[2751.680s][info][gc,phases      ] GC(513)   Other: 0.09ms
[2751.680s][info][gc,heap        ] GC(513) Eden regions: 1119->0(1108)
[2751.680s][info][gc,heap        ] GC(513) Survivor regions: 109->111(154)
[2751.680s][info][gc,heap        ] GC(513) Old regions: 504->535
[2751.680s][info][gc,heap        ] GC(513) Humongous regions: 80->80
[2751.680s][info][gc,metaspace   ] GC(513) Metaspace: 28995K(29376K)->28995K(29376K) NonClass: 24115K(24256K)->24115K(24256K) Class: 4880K(5120K)->4880K(5120K)
[2751.680s][info][gc             ] GC(513) Pause Young (Prepare Mixed) (G1 Evacuation Pause) 3620M->1449M(4096M) 118.688ms
[2751.680s][info][gc,cpu         ] GC(513) User=0.70s Sys=0.00s Real=0.12s
....[2755.602s][info][gc,start       ] GC(514) Pause Young (Mixed) (G1 Evacuation Pause)
[2755.602s][info][gc,task        ] GC(514) Using 6 workers of 6 for evacuation
[2755.737s][info][gc,phases      ] GC(514)   Pre Evacuate Collection Set: 0.43ms
[2755.737s][info][gc,phases      ] GC(514)   Merge Heap Roots: 0.72ms
[2755.737s][info][gc,phases      ] GC(514)   Evacuate Collection Set: 132.61ms
[2755.737s][info][gc,phases      ] GC(514)   Post Evacuate Collection Set: 0.99ms
[2755.737s][info][gc,phases      ] GC(514)   Other: 0.09ms
[2755.737s][info][gc,heap        ] GC(514) Eden regions: 1108->0(1119)
[2755.737s][info][gc,heap        ] GC(514) Survivor regions: 111->109(153)
[2755.737s][info][gc,heap        ] GC(514) Old regions: 535->472
[2755.737s][info][gc,heap        ] GC(514) Humongous regions: 80->80
[2755.737s][info][gc,metaspace   ] GC(514) Metaspace: 28995K(29376K)->28995K(29376K) NonClass: 24115K(24256K)->24115K(24256K) Class: 4880K(5120K)->4880K(5120K)
[2755.737s][info][gc             ] GC(514) Pause Young (Mixed) (G1 Evacuation Pause) 3665M->1319M(4096M) 134.970ms
[2755.737s][info][gc,cpu         ] GC(514) User=0.80s Sys=0.00s Real=0.14s
....[2759.713s][info][gc,start       ] GC(515) Pause Young (Concurrent Start) (G1 Evacuation Pause)
[2759.713s][info][gc,task        ] GC(515) Using 6 workers of 6 for evacuation
[2759.830s][info][gc,phases      ] GC(515)   Pre Evacuate Collection Set: 0.43ms
[2759.830s][info][gc,phases      ] GC(515)   Merge Heap Roots: 0.52ms
[2759.830s][info][gc,phases      ] GC(515)   Evacuate Collection Set: 114.86ms
[2759.830s][info][gc,phases      ] GC(515)   Post Evacuate Collection Set: 0.91ms
[2759.830s][info][gc,phases      ] GC(515)   Other: 0.14ms
[2759.830s][info][gc,heap        ] GC(515) Eden regions: 1119->0(1120)
[2759.830s][info][gc,heap        ] GC(515) Survivor regions: 109->108(154)
[2759.830s][info][gc,heap        ] GC(515) Old regions: 472->504
[2759.830s][info][gc,heap        ] GC(515) Humongous regions: 80->80
[2759.830s][info][gc,metaspace   ] GC(515) Metaspace: 28995K(29376K)->28995K(29376K) NonClass: 24115K(24256K)->24115K(24256K) Class: 4880K(5120K)->4880K(5120K)
[2759.830s][info][gc             ] GC(515) Pause Young (Concurrent Start) (G1 Evacuation Pause) 3557M->1382M(4096M) 116.979ms
[2759.830s][info][gc             ] GC(516) Concurrent Mark Cycle
[2759.830s][info][gc,marking     ] GC(516) Concurrent Scan Root Regions
[2759.830s][info][gc,cpu         ] GC(515) User=0.69s Sys=0.00s Real=0.12s
[2760.003s][info][gc,marking     ] GC(516) Concurrent Scan Root Regions 172.610ms
[2760.003s][info][gc,marking     ] GC(516) Concurrent Mark
[2760.003s][info][gc,marking     ] GC(516) Concurrent Mark From Roots
[2760.003s][info][gc,task        ] GC(516) Using 2 workers of 2 for marking
.[2760.979s][info][gc,marking     ] GC(516) Concurrent Mark From Roots 976.157ms
[2760.979s][info][gc,marking     ] GC(516) Concurrent Preclean
[2760.979s][info][gc,marking     ] GC(516) Concurrent Preclean 0.077ms
[2760.979s][info][gc,start       ] GC(516) Pause Remark
[2760.984s][info][gc             ] GC(516) Pause Remark 2013M->2013M(4096M) 4.940ms
[2760.984s][info][gc,cpu         ] GC(516) User=0.02s Sys=0.00s Real=0.00s
[2760.985s][info][gc,marking     ] GC(516) Concurrent Mark 981.427ms
[2760.985s][info][gc,marking     ] GC(516) Concurrent Rebuild Remembered Sets and Scrub Regions
[2761.346s][info][gc,marking     ] GC(516) Concurrent Rebuild Remembered Sets and Scrub Regions 361.014ms
[2761.347s][info][gc,start       ] GC(516) Pause Cleanup
[2761.347s][info][gc             ] GC(516) Pause Cleanup 2230M->2230M(4096M) 0.170ms
[2761.347s][info][gc,cpu         ] GC(516) User=0.00s Sys=0.00s Real=0.00s
[2761.347s][info][gc,marking     ] GC(516) Concurrent Clear Claimed Marks
[2761.347s][info][gc,marking     ] GC(516) Concurrent Clear Claimed Marks 0.041ms
[2761.347s][info][gc,marking     ] GC(516) Concurrent Cleanup for Next Mark
[2761.353s][info][gc,marking     ] GC(516) Concurrent Cleanup for Next Mark 5.938ms
[2761.353s][info][gc             ] GC(516) Concurrent Mark Cycle 1522.946ms
...[2763.888s][info][gc,start       ] GC(517) Pause Young (Prepare Mixed) (G1 Evacuation Pause)
[2763.888s][info][gc,task        ] GC(517) Using 6 workers of 6 for evacuation
[2764.004s][info][gc,phases      ] GC(517)   Pre Evacuate Collection Set: 0.36ms
[2764.005s][info][gc,phases      ] GC(517)   Merge Heap Roots: 0.61ms
[2764.005s][info][gc,phases      ] GC(517)   Evacuate Collection Set: 114.31ms
[2764.005s][info][gc,phases      ] GC(517)   Post Evacuate Collection Set: 0.96ms
[2764.005s][info][gc,phases      ] GC(517)   Other: 0.10ms
[2764.005s][info][gc,heap        ] GC(517) Eden regions: 1120->0(1111)
[2764.005s][info][gc,heap        ] GC(517) Survivor regions: 108->109(154)
[2764.005s][info][gc,heap        ] GC(517) Old regions: 504->536
[2764.005s][info][gc,heap        ] GC(517) Humongous regions: 80->80
[2764.005s][info][gc,metaspace   ] GC(517) Metaspace: 28995K(29376K)->28995K(29376K) NonClass: 24115K(24256K)->24115K(24256K) Class: 4880K(5120K)->4880K(5120K)
[2764.005s][info][gc             ] GC(517) Pause Young (Prepare Mixed) (G1 Evacuation Pause) 3622M->1447M(4096M) 116.470ms
[2764.005s][info][gc,cpu         ] GC(517) User=0.69s Sys=0.00s Real=0.11s
....[2768.048s][info][gc,start       ] GC(518) Pause Young (Mixed) (G1 Evacuation Pause)
[2768.048s][info][gc,task        ] GC(518) Using 6 workers of 6 for evacuation
[2768.182s][info][gc,phases      ] GC(518)   Pre Evacuate Collection Set: 0.42ms
[2768.182s][info][gc,phases      ] GC(518)   Merge Heap Roots: 0.77ms
[2768.182s][info][gc,phases      ] GC(518)   Evacuate Collection Set: 131.69ms
[2768.182s][info][gc,phases      ] GC(518)   Post Evacuate Collection Set: 0.95ms
[2768.182s][info][gc,phases      ] GC(518)   Other: 0.10ms
[2768.182s][info][gc,heap        ] GC(518) Eden regions: 1111->0(1119)
[2768.182s][info][gc,heap        ] GC(518) Survivor regions: 109->109(153)
[2768.182s][info][gc,heap        ] GC(518) Old regions: 536->472
[2768.182s][info][gc,heap        ] GC(518) Humongous regions: 80->80
[2768.182s][info][gc,metaspace   ] GC(518) Metaspace: 28995K(29376K)->28995K(29376K) NonClass: 24115K(24256K)->24115K(24256K) Class: 4880K(5120K)->4880K(5120K)
[2768.182s][info][gc             ] GC(518) Pause Young (Mixed) (G1 Evacuation Pause) 3669M->1318M(4096M) 134.049ms
[2768.182s][info][gc,cpu         ] GC(518) User=0.80s Sys=0.00s Real=0.13s
....[2772.135s][info][gc,start       ] GC(519) Pause Young (Concurrent Start) (G1 Evacuation Pause)
[2772.135s][info][gc,task        ] GC(519) Using 6 workers of 6 for evacuation
[2772.261s][info][gc,phases      ] GC(519)   Pre Evacuate Collection Set: 0.37ms
[2772.261s][info][gc,phases      ] GC(519)   Merge Heap Roots: 0.51ms
[2772.261s][info][gc,phases      ] GC(519)   Evacuate Collection Set: 123.72ms
[2772.261s][info][gc,phases      ] GC(519)   Post Evacuate Collection Set: 1.23ms
[2772.261s][info][gc,phases      ] GC(519)   Other: 0.13ms
[2772.261s][info][gc,heap        ] GC(519) Eden regions: 1119->0(1113)
[2772.261s][info][gc,heap        ] GC(519) Survivor regions: 109->115(154)
[2772.261s][info][gc,heap        ] GC(519) Old regions: 472->504
[2772.261s][info][gc,heap        ] GC(519) Humongous regions: 80->80
[2772.261s][info][gc,metaspace   ] GC(519) Metaspace: 28996K(29376K)->28996K(29376K) NonClass: 24115K(24256K)->24115K(24256K) Class: 4880K(5120K)->4880K(5120K)
[2772.261s][info][gc             ] GC(519) Pause Young (Concurrent Start) (G1 Evacuation Pause) 3556M->1395M(4096M) 126.107ms
[2772.261s][info][gc             ] GC(520) Concurrent Mark Cycle
[2772.261s][info][gc,marking     ] GC(520) Concurrent Scan Root Regions
[2772.261s][info][gc,cpu         ] GC(519) User=0.75s Sys=0.00s Real=0.13s
[2772.439s][info][gc,marking     ] GC(520) Concurrent Scan Root Regions 178.232ms
[2772.439s][info][gc,marking     ] GC(520) Concurrent Mark
[2772.439s][info][gc,marking     ] GC(520) Concurrent Mark From Roots
[2772.439s][info][gc,task        ] GC(520) Using 2 workers of 2 for marking
.[2773.373s][info][gc,marking     ] GC(520) Concurrent Mark From Roots 934.061ms
[2773.373s][info][gc,marking     ] GC(520) Concurrent Preclean
[2773.373s][info][gc,marking     ] GC(520) Concurrent Preclean 0.124ms
[2773.374s][info][gc,start       ] GC(520) Pause Remark
[2773.379s][info][gc             ] GC(520) Pause Remark 2058M->2058M(4096M) 5.167ms
[2773.379s][info][gc,cpu         ] GC(520) User=0.03s Sys=0.00s Real=0.01s
[2773.379s][info][gc,marking     ] GC(520) Concurrent Mark 939.765ms
[2773.379s][info][gc,marking     ] GC(520) Concurrent Rebuild Remembered Sets and Scrub Regions
.[2773.738s][info][gc,marking     ] GC(520) Concurrent Rebuild Remembered Sets and Scrub Regions 358.949ms
[2773.738s][info][gc,start       ] GC(520) Pause Cleanup
[2773.738s][info][gc             ] GC(520) Pause Cleanup 2267M->2267M(4096M) 0.105ms
[2773.738s][info][gc,cpu         ] GC(520) User=0.00s Sys=0.00s Real=0.00s
[2773.738s][info][gc,marking     ] GC(520) Concurrent Clear Claimed Marks
[2773.738s][info][gc,marking     ] GC(520) Concurrent Clear Claimed Marks 0.025ms
[2773.738s][info][gc,marking     ] GC(520) Concurrent Cleanup for Next Mark
[2773.742s][info][gc,marking     ] GC(520) Concurrent Cleanup for Next Mark 3.450ms
[2773.742s][info][gc             ] GC(520) Concurrent Mark Cycle 1480.860ms
..[2776.298s][info][gc,start       ] GC(521) Pause Young (Prepare Mixed) (G1 Evacuation Pause)
[2776.298s][info][gc,task        ] GC(521) Using 6 workers of 6 for evacuation
[2776.416s][info][gc,phases      ] GC(521)   Pre Evacuate Collection Set: 0.36ms
[2776.416s][info][gc,phases      ] GC(521)   Merge Heap Roots: 0.54ms
[2776.416s][info][gc,phases      ] GC(521)   Evacuate Collection Set: 115.39ms
[2776.416s][info][gc,phases      ] GC(521)   Post Evacuate Collection Set: 0.97ms
[2776.416s][info][gc,phases      ] GC(521)   Other: 0.09ms
[2776.416s][info][gc,heap        ] GC(521) Eden regions: 1113->0(1110)
[2776.416s][info][gc,heap        ] GC(521) Survivor regions: 115->109(154)
[2776.416s][info][gc,heap        ] GC(521) Old regions: 504->537
[2776.416s][info][gc,heap        ] GC(521) Humongous regions: 80->80
[2776.416s][info][gc,metaspace   ] GC(521) Metaspace: 28996K(29376K)->28996K(29376K) NonClass: 24115K(24256K)->24115K(24256K) Class: 4880K(5120K)->4880K(5120K)
[2776.416s][info][gc             ] GC(521) Pause Young (Prepare Mixed) (G1 Evacuation Pause) 3621M->1448M(4096M) 117.504ms
[2776.416s][info][gc,cpu         ] GC(521) User=0.69s Sys=0.00s Real=0.11s
....[2780.405s][info][gc,start       ] GC(522) Pause Young (Mixed) (G1 Evacuation Pause)
[2780.405s][info][gc,task        ] GC(522) Using 6 workers of 6 for evacuation
[2780.540s][info][gc,phases      ] GC(522)   Pre Evacuate Collection Set: 0.38ms
[2780.540s][info][gc,phases      ] GC(522)   Merge Heap Roots: 0.68ms
[2780.540s][info][gc,phases      ] GC(522)   Evacuate Collection Set: 132.42ms
[2780.540s][info][gc,phases      ] GC(522)   Post Evacuate Collection Set: 0.96ms
[2780.540s][info][gc,phases      ] GC(522)   Other: 0.08ms
[2780.540s][info][gc,heap        ] GC(522) Eden regions: 1110->0(1119)
[2780.540s][info][gc,heap        ] GC(522) Survivor regions: 109->109(153)
[2780.540s][info][gc,heap        ] GC(522) Old regions: 537->473
[2780.540s][info][gc,heap        ] GC(522) Humongous regions: 80->80
[2780.540s][info][gc,metaspace   ] GC(522) Metaspace: 28996K(29376K)->28996K(29376K) NonClass: 24115K(24256K)->24115K(24256K) Class: 4880K(5120K)->4880K(5120K)
[2780.540s][info][gc             ] GC(522) Pause Young (Mixed) (G1 Evacuation Pause) 3668M->1321M(4096M) 134.670ms
[2780.540s][info][gc,cpu         ] GC(522) User=0.80s Sys=0.00s Real=0.14s
....[2784.538s][info][gc,start       ] GC(523) Pause Young (Concurrent Start) (G1 Evacuation Pause)
[2784.538s][info][gc,task        ] GC(523) Using 6 workers of 6 for evacuation
[2784.658s][info][gc,phases      ] GC(523)   Pre Evacuate Collection Set: 0.43ms
[2784.658s][info][gc,phases      ] GC(523)   Merge Heap Roots: 0.49ms
[2784.658s][info][gc,phases      ] GC(523)   Evacuate Collection Set: 118.11ms
[2784.658s][info][gc,phases      ] GC(523)   Post Evacuate Collection Set: 0.92ms
[2784.658s][info][gc,phases      ] GC(523)   Other: 0.10ms
[2784.658s][info][gc,heap        ] GC(523) Eden regions: 1119->0(1117)
[2784.658s][info][gc,heap        ] GC(523) Survivor regions: 109->111(154)
[2784.658s][info][gc,heap        ] GC(523) Old regions: 473->505
[2784.658s][info][gc,heap        ] GC(523) Humongous regions: 80->80
[2784.658s][info][gc,metaspace   ] GC(523) Metaspace: 28996K(29376K)->28996K(29376K) NonClass: 24115K(24256K)->24115K(24256K) Class: 4880K(5120K)->4880K(5120K)
[2784.658s][info][gc             ] GC(523) Pause Young (Concurrent Start) (G1 Evacuation Pause) 3559M->1389M(4096M) 120.192ms
[2784.658s][info][gc             ] GC(524) Concurrent Mark Cycle
[2784.658s][info][gc,marking     ] GC(524) Concurrent Scan Root Regions
[2784.658s][info][gc,cpu         ] GC(523) User=0.71s Sys=0.00s Real=0.12s
.[2784.830s][info][gc,marking     ] GC(524) Concurrent Scan Root Regions 171.943ms
[2784.830s][info][gc,marking     ] GC(524) Concurrent Mark
[2784.830s][info][gc,marking     ] GC(524) Concurrent Mark From Roots
[2784.830s][info][gc,task        ] GC(524) Using 2 workers of 2 for marking
.[2785.768s][info][gc,marking     ] GC(524) Concurrent Mark From Roots 938.310ms
[2785.768s][info][gc,marking     ] GC(524) Concurrent Preclean
[2785.768s][info][gc,marking     ] GC(524) Concurrent Preclean 0.080ms
[2785.769s][info][gc,start       ] GC(524) Pause Remark
[2785.774s][info][gc             ] GC(524) Pause Remark 2071M->2071M(4096M) 5.013ms
[2785.774s][info][gc,cpu         ] GC(524) User=0.03s Sys=0.00s Real=0.00s
[2785.774s][info][gc,marking     ] GC(524) Concurrent Mark 943.646ms
[2785.774s][info][gc,marking     ] GC(524) Concurrent Rebuild Remembered Sets and Scrub Regions
[2786.174s][info][gc,marking     ] GC(524) Concurrent Rebuild Remembered Sets and Scrub Regions 400.584ms
[2786.174s][info][gc,start       ] GC(524) Pause Cleanup
[2786.174s][info][gc             ] GC(524) Pause Cleanup 2288M->2288M(4096M) 0.109ms
[2786.174s][info][gc,cpu         ] GC(524) User=0.00s Sys=0.00s Real=0.00s
[2786.175s][info][gc,marking     ] GC(524) Concurrent Clear Claimed Marks
[2786.175s][info][gc,marking     ] GC(524) Concurrent Clear Claimed Marks 0.023ms
[2786.175s][info][gc,marking     ] GC(524) Concurrent Cleanup for Next Mark
[2786.179s][info][gc,marking     ] GC(524) Concurrent Cleanup for Next Mark 4.659ms
[2786.179s][info][gc             ] GC(524) Concurrent Mark Cycle 1521.323ms
.. (rIR:aIR:PR = 4566:4568:4568) (tPR = 67557) [OK] 
  2787s: Performance info:
         Transaction,    Success,    Partial,     Failed,   Receipts, AvgBarcode, 
             Overall,     276159,          0,          0,     262361,      59.47, 
         Response times:
             Request,    Success,    Partial,     Failed,   SkipFail,     Probes,    Samples,      min,      p50,      p90,      p95,      p99,      max, 
       TotalPurchase,     262366,          0,          0,          0,     258181,     280867,      300,     3700,     7100,    12400,    53000,   226000,
     InStorePurchase,     138098,          0,          0,          0,     136074,     147786,      300,     3600,     7100,    12500,    53000,   200000,
      OnlinePurchase,      96635,          0,          0,          0,      95347,     103500,      300,     3700,     7100,    12200,    53000,   225000,
        InstPurchase,      27633,          0,          0,          0,      26760,      29581,      400,     3700,     7200,    13100,    52000,   226000,
          AssocOfCat,        276,          0,          0,          0,        221,        306,    21000,    30000,    46000,    53650,    99510,   162000,
      AssocOfProduct,       2754,          0,          0,          0,       2495,       2884,      900,     5000,     9400,    21000,    68000,   173000,
      BusinessReport,        691,          0,          0,          0,        601,        734,    24000,    33000,    54000,    75250,   146950,   189000,
          CustBuyBeh,       2758,          0,          0,          0,       2558,       2985,      300,     3700,     7400,    14640,    51000,   124000,
       ProductReturn,       7317,          0,          0,          0,       6890,       7764,      200,     3500,     7200,    12400,    53000,   179000,

  2787s: (34%)   IR =   4705 [2788.630s][info][gc,start       ] GC(525) Pause Young (Prepare Mixed) (G1 Evacuation Pause)
[2788.630s][info][gc,task        ] GC(525) Using 6 workers of 6 for evacuation
[2788.748s][info][gc,phases      ] GC(525)   Pre Evacuate Collection Set: 0.35ms
[2788.748s][info][gc,phases      ] GC(525)   Merge Heap Roots: 0.55ms
[2788.748s][info][gc,phases      ] GC(525)   Evacuate Collection Set: 116.18ms
[2788.748s][info][gc,phases      ] GC(525)   Post Evacuate Collection Set: 0.96ms
[2788.748s][info][gc,phases      ] GC(525)   Other: 0.09ms
[2788.748s][info][gc,heap        ] GC(525) Eden regions: 1117->0(1109)
[2788.748s][info][gc,heap        ] GC(525) Survivor regions: 111->110(154)
[2788.748s][info][gc,heap        ] GC(525) Old regions: 505->536
[2788.748s][info][gc,heap        ] GC(525) Humongous regions: 80->80
[2788.748s][info][gc,metaspace   ] GC(525) Metaspace: 28996K(29376K)->28996K(29376K) NonClass: 24115K(24256K)->24115K(24256K) Class: 4880K(5120K)->4880K(5120K)
[2788.748s][info][gc             ] GC(525) Pause Young (Prepare Mixed) (G1 Evacuation Pause) 3623M->1449M(4096M) 118.248ms
[2788.749s][info][gc,cpu         ] GC(525) User=0.70s Sys=0.00s Real=0.12s
....[2792.620s][info][gc,start       ] GC(526) Pause Young (Mixed) (G1 Evacuation Pause)
[2792.620s][info][gc,task        ] GC(526) Using 6 workers of 6 for evacuation
[2792.757s][info][gc,phases      ] GC(526)   Pre Evacuate Collection Set: 0.38ms
[2792.757s][info][gc,phases      ] GC(526)   Merge Heap Roots: 0.70ms
[2792.757s][info][gc,phases      ] GC(526)   Evacuate Collection Set: 134.84ms
[2792.757s][info][gc,phases      ] GC(526)   Post Evacuate Collection Set: 1.28ms
[2792.757s][info][gc,phases      ] GC(526)   Other: 0.11ms
[2792.757s][info][gc,heap        ] GC(526) Eden regions: 1109->0(1116)
[2792.757s][info][gc,heap        ] GC(526) Survivor regions: 110->112(153)
[2792.757s][info][gc,heap        ] GC(526) Old regions: 536->472
[2792.757s][info][gc,heap        ] GC(526) Humongous regions: 80->80
[2792.757s][info][gc,metaspace   ] GC(526) Metaspace: 28996K(29376K)->28996K(29376K) NonClass: 24116K(24256K)->24116K(24256K) Class: 4880K(5120K)->4880K(5120K)
[2792.758s][info][gc             ] GC(526) Pause Young (Mixed) (G1 Evacuation Pause) 3667M->1324M(4096M) 137.525ms
[2792.758s][info][gc,cpu         ] GC(526) User=0.81s Sys=0.00s Real=0.14s
....[2796.655s][info][gc,start       ] GC(527) Pause Young (Concurrent Start) (G1 Evacuation Pause)
[2796.655s][info][gc,task        ] GC(527) Using 6 workers of 6 for evacuation
[2796.772s][info][gc,phases      ] GC(527)   Pre Evacuate Collection Set: 0.40ms
[2796.772s][info][gc,phases      ] GC(527)   Merge Heap Roots: 0.50ms
[2796.772s][info][gc,phases      ] GC(527)   Evacuate Collection Set: 114.92ms
[2796.772s][info][gc,phases      ] GC(527)   Post Evacuate Collection Set: 0.92ms
[2796.772s][info][gc,phases      ] GC(527)   Other: 0.11ms
[2796.772s][info][gc,heap        ] GC(527) Eden regions: 1116->0(1119)
[2796.772s][info][gc,heap        ] GC(527) Survivor regions: 112->109(154)
[2796.772s][info][gc,heap        ] GC(527) Old regions: 472->504
[2796.772s][info][gc,heap        ] GC(527) Humongous regions: 80->80
[2796.772s][info][gc,metaspace   ] GC(527) Metaspace: 28996K(29376K)->28996K(29376K) NonClass: 24116K(24256K)->24116K(24256K) Class: 4880K(5120K)->4880K(5120K)
[2796.772s][info][gc             ] GC(527) Pause Young (Concurrent Start) (G1 Evacuation Pause) 3556M->1384M(4096M) 116.997ms
[2796.772s][info][gc             ] GC(528) Concurrent Mark Cycle
[2796.772s][info][gc,marking     ] GC(528) Concurrent Scan Root Regions
[2796.772s][info][gc,cpu         ] GC(527) User=0.69s Sys=0.00s Real=0.12s
.[2796.943s][info][gc,marking     ] GC(528) Concurrent Scan Root Regions 171.487ms
[2796.943s][info][gc,marking     ] GC(528) Concurrent Mark
[2796.943s][info][gc,marking     ] GC(528) Concurrent Mark From Roots
[2796.943s][info][gc,task        ] GC(528) Using 2 workers of 2 for marking
[2797.613s][info][gc,marking     ] GC(528) Concurrent Mark From Roots 669.464ms
[2797.613s][info][gc,marking     ] GC(528) Concurrent Preclean
[2797.613s][info][gc,marking     ] GC(528) Concurrent Preclean 0.153ms
[2797.613s][info][gc,start       ] GC(528) Pause Remark
[2797.617s][info][gc             ] GC(528) Pause Remark 1994M->1994M(4096M) 4.023ms
[2797.617s][info][gc,cpu         ] GC(528) User=0.02s Sys=0.00s Real=0.01s
[2797.618s][info][gc,marking     ] GC(528) Concurrent Mark 674.261ms
[2797.618s][info][gc,marking     ] GC(528) Concurrent Rebuild Remembered Sets and Scrub Regions
.[2797.840s][info][gc,marking     ] GC(528) Concurrent Rebuild Remembered Sets and Scrub Regions 222.901ms
[2797.841s][info][gc,start       ] GC(528) Pause Cleanup
[2797.841s][info][gc             ] GC(528) Pause Cleanup 2079M->2079M(4096M) 0.108ms
[2797.841s][info][gc,cpu         ] GC(528) User=0.00s Sys=0.00s Real=0.00s
[2797.841s][info][gc,marking     ] GC(528) Concurrent Clear Claimed Marks
[2797.841s][info][gc,marking     ] GC(528) Concurrent Clear Claimed Marks 0.032ms
[2797.841s][info][gc,marking     ] GC(528) Concurrent Cleanup for Next Mark
[2797.844s][info][gc,marking     ] GC(528) Concurrent Cleanup for Next Mark 3.263ms
[2797.844s][info][gc             ] GC(528) Concurrent Mark Cycle 1072.385ms
..[2800.705s][info][gc,start       ] GC(529) Pause Young (Prepare Mixed) (G1 Evacuation Pause)
[2800.705s][info][gc,task        ] GC(529) Using 6 workers of 6 for evacuation
[2800.823s][info][gc,phases      ] GC(529)   Pre Evacuate Collection Set: 0.36ms
[2800.823s][info][gc,phases      ] GC(529)   Merge Heap Roots: 0.52ms
[2800.823s][info][gc,phases      ] GC(529)   Evacuate Collection Set: 116.04ms
[2800.823s][info][gc,phases      ] GC(529)   Post Evacuate Collection Set: 0.93ms
[2800.823s][info][gc,phases      ] GC(529)   Other: 0.08ms
[2800.823s][info][gc,heap        ] GC(529) Eden regions: 1119->0(1107)
[2800.823s][info][gc,heap        ] GC(529) Survivor regions: 109->111(154)
[2800.823s][info][gc,heap        ] GC(529) Old regions: 504->536
[2800.823s][info][gc,heap        ] GC(529) Humongous regions: 80->80
[2800.823s][info][gc,metaspace   ] GC(529) Metaspace: 28996K(29376K)->28996K(29376K) NonClass: 24116K(24256K)->24116K(24256K) Class: 4880K(5120K)->4880K(5120K)
[2800.823s][info][gc             ] GC(529) Pause Young (Prepare Mixed) (G1 Evacuation Pause) 3622M->1450M(4096M) 118.059ms
[2800.823s][info][gc,cpu         ] GC(529) User=0.70s Sys=0.00s Real=0.12s
..|..[2804.645s][info][gc,start       ] GC(530) Pause Young (Mixed) (G1 Evacuation Pause)
[2804.645s][info][gc,task        ] GC(530) Using 6 workers of 6 for evacuation
[2804.777s][info][gc,phases      ] GC(530)   Pre Evacuate Collection Set: 0.37ms
[2804.777s][info][gc,phases      ] GC(530)   Merge Heap Roots: 0.67ms
[2804.777s][info][gc,phases      ] GC(530)   Evacuate Collection Set: 129.96ms
[2804.777s][info][gc,phases      ] GC(530)   Post Evacuate Collection Set: 0.95ms
[2804.777s][info][gc,phases      ] GC(530)   Other: 0.09ms
[2804.777s][info][gc,heap        ] GC(530) Eden regions: 1107->0(1119)
[2804.777s][info][gc,heap        ] GC(530) Survivor regions: 111->109(153)
[2804.777s][info][gc,heap        ] GC(530) Old regions: 536->472
[2804.777s][info][gc,heap        ] GC(530) Humongous regions: 80->80
[2804.777s][info][gc,metaspace   ] GC(530) Metaspace: 28996K(29376K)->28996K(29376K) NonClass: 24116K(24256K)->24116K(24256K) Class: 4880K(5120K)->4880K(5120K)
[2804.777s][info][gc             ] GC(530) Pause Young (Mixed) (G1 Evacuation Pause) 3664M->1320M(4096M) 132.179ms
[2804.777s][info][gc,cpu         ] GC(530) User=0.78s Sys=0.00s Real=0.14s
....[2808.636s][info][gc,start       ] GC(531) Pause Young (Concurrent Start) (G1 Evacuation Pause)
[2808.636s][info][gc,task        ] GC(531) Using 6 workers of 6 for evacuation
[2808.756s][info][gc,phases      ] GC(531)   Pre Evacuate Collection Set: 0.45ms
[2808.756s][info][gc,phases      ] GC(531)   Merge Heap Roots: 0.50ms
[2808.756s][info][gc,phases      ] GC(531)   Evacuate Collection Set: 118.21ms
[2808.756s][info][gc,phases      ] GC(531)   Post Evacuate Collection Set: 0.92ms
[2808.756s][info][gc,phases      ] GC(531)   Other: 0.12ms
[2808.756s][info][gc,heap        ] GC(531) Eden regions: 1119->0(1117)
[2808.756s][info][gc,heap        ] GC(531) Survivor regions: 109->111(154)
[2808.756s][info][gc,heap        ] GC(531) Old regions: 472->504
[2808.756s][info][gc,heap        ] GC(531) Humongous regions: 80->80
[2808.756s][info][gc,metaspace   ] GC(531) Metaspace: 28996K(29376K)->28996K(29376K) NonClass: 24116K(24256K)->24116K(24256K) Class: 4880K(5120K)->4880K(5120K)
[2808.756s][info][gc             ] GC(531) Pause Young (Concurrent Start) (G1 Evacuation Pause) 3558M->1387M(4096M) 120.329ms
[2808.757s][info][gc             ] GC(532) Concurrent Mark Cycle
[2808.757s][info][gc,marking     ] GC(532) Concurrent Scan Root Regions
[2808.757s][info][gc,cpu         ] GC(531) User=0.71s Sys=0.00s Real=0.12s
.[2808.928s][info][gc,marking     ] GC(532) Concurrent Scan Root Regions 171.193ms
[2808.928s][info][gc,marking     ] GC(532) Concurrent Mark
[2808.928s][info][gc,marking     ] GC(532) Concurrent Mark From Roots
[2808.928s][info][gc,task        ] GC(532) Using 2 workers of 2 for marking
[2809.862s][info][gc,marking     ] GC(532) Concurrent Mark From Roots 934.248ms
[2809.862s][info][gc,marking     ] GC(532) Concurrent Preclean
[2809.862s][info][gc,marking     ] GC(532) Concurrent Preclean 0.155ms
[2809.864s][info][gc,start       ] GC(532) Pause Remark
[2809.870s][info][gc             ] GC(532) Pause Remark 2019M->2019M(4096M) 6.195ms
[2809.870s][info][gc,cpu         ] GC(532) User=0.04s Sys=0.00s Real=0.01s
[2809.870s][info][gc,marking     ] GC(532) Concurrent Mark 942.318ms
[2809.870s][info][gc,marking     ] GC(532) Concurrent Rebuild Remembered Sets and Scrub Regions
.[2810.145s][info][gc,marking     ] GC(532) Concurrent Rebuild Remembered Sets and Scrub Regions 274.770ms
[2810.145s][info][gc,start       ] GC(532) Pause Cleanup
[2810.145s][info][gc             ] GC(532) Pause Cleanup 2209M->2209M(4096M) 0.119ms
[2810.145s][info][gc,cpu         ] GC(532) User=0.00s Sys=0.00s Real=0.00s
[2810.145s][info][gc,marking     ] GC(532) Concurrent Clear Claimed Marks
[2810.146s][info][gc,marking     ] GC(532) Concurrent Clear Claimed Marks 0.028ms
[2810.146s][info][gc,marking     ] GC(532) Concurrent Cleanup for Next Mark
[2810.150s][info][gc,marking     ] GC(532) Concurrent Cleanup for Next Mark 4.868ms
[2810.150s][info][gc             ] GC(532) Concurrent Mark Cycle 1393.918ms
..[2812.700s][info][gc,start       ] GC(533) Pause Young (Prepare Mixed) (G1 Evacuation Pause)
[2812.700s][info][gc,task        ] GC(533) Using 6 workers of 6 for evacuation
[2812.823s][info][gc,phases      ] GC(533)   Pre Evacuate Collection Set: 0.37ms
[2812.823s][info][gc,phases      ] GC(533)   Merge Heap Roots: 0.58ms
[2812.823s][info][gc,phases      ] GC(533)   Evacuate Collection Set: 120.09ms
[2812.823s][info][gc,phases      ] GC(533)   Post Evacuate Collection Set: 0.97ms
[2812.823s][info][gc,phases      ] GC(533)   Other: 0.08ms
[2812.823s][info][gc,heap        ] GC(533) Eden regions: 1117->0(1102)
[2812.823s][info][gc,heap        ] GC(533) Survivor regions: 111->114(154)
[2812.823s][info][gc,heap        ] GC(533) Old regions: 504->535
[2812.823s][info][gc,heap        ] GC(533) Humongous regions: 80->80
[2812.823s][info][gc,metaspace   ] GC(533) Metaspace: 28994K(29376K)->28994K(29376K) NonClass: 24115K(24256K)->24115K(24256K) Class: 4879K(5120K)->4879K(5120K)
[2812.823s][info][gc             ] GC(533) Pause Young (Prepare Mixed) (G1 Evacuation Pause) 3621M->1456M(4096M) 122.211ms
[2812.823s][info][gc,cpu         ] GC(533) User=0.73s Sys=0.00s Real=0.12s
....[2816.670s][info][gc,start       ] GC(534) Pause Young (Mixed) (G1 Evacuation Pause)
[2816.670s][info][gc,task        ] GC(534) Using 6 workers of 6 for evacuation
[2816.804s][info][gc,phases      ] GC(534)   Pre Evacuate Collection Set: 0.41ms
[2816.804s][info][gc,phases      ] GC(534)   Merge Heap Roots: 0.72ms
[2816.804s][info][gc,phases      ] GC(534)   Evacuate Collection Set: 131.50ms
[2816.804s][info][gc,phases      ] GC(534)   Post Evacuate Collection Set: 0.98ms
[2816.804s][info][gc,phases      ] GC(534)   Other: 0.09ms
[2816.804s][info][gc,heap        ] GC(534) Eden regions: 1102->0(1118)
[2816.804s][info][gc,heap        ] GC(534) Survivor regions: 114->110(152)
[2816.804s][info][gc,heap        ] GC(534) Old regions: 535->472
[2816.804s][info][gc,heap        ] GC(534) Humongous regions: 80->80
[2816.804s][info][gc,metaspace   ] GC(534) Metaspace: 28994K(29376K)->28994K(29376K) NonClass: 24115K(24256K)->24115K(24256K) Class: 4879K(5120K)->4879K(5120K)
[2816.804s][info][gc             ] GC(534) Pause Young (Mixed) (G1 Evacuation Pause) 3660M->1321M(4096M) 133.865ms
[2816.804s][info][gc,cpu         ] GC(534) User=0.79s Sys=0.00s Real=0.13s
....[2820.707s][info][gc,start       ] GC(535) Pause Young (Concurrent Start) (G1 Evacuation Pause)
[2820.707s][info][gc,task        ] GC(535) Using 6 workers of 6 for evacuation
[2820.830s][info][gc,phases      ] GC(535)   Pre Evacuate Collection Set: 0.39ms
[2820.830s][info][gc,phases      ] GC(535)   Merge Heap Roots: 0.49ms
[2820.830s][info][gc,phases      ] GC(535)   Evacuate Collection Set: 120.61ms
[2820.830s][info][gc,phases      ] GC(535)   Post Evacuate Collection Set: 0.90ms
[2820.830s][info][gc,phases      ] GC(535)   Other: 0.12ms
[2820.830s][info][gc,heap        ] GC(535) Eden regions: 1118->0(1116)
[2820.830s][info][gc,heap        ] GC(535) Survivor regions: 110->112(154)
[2820.830s][info][gc,heap        ] GC(535) Old regions: 472->505
[2820.830s][info][gc,heap        ] GC(535) Humongous regions: 80->80
[2820.830s][info][gc,metaspace   ] GC(535) Metaspace: 28994K(29376K)->28994K(29376K) NonClass: 24115K(24256K)->24115K(24256K) Class: 4879K(5120K)->4879K(5120K)
[2820.830s][info][gc             ] GC(535) Pause Young (Concurrent Start) (G1 Evacuation Pause) 3557M->1391M(4096M) 122.646ms
[2820.830s][info][gc             ] GC(536) Concurrent Mark Cycle
[2820.830s][info][gc,marking     ] GC(536) Concurrent Scan Root Regions
[2820.830s][info][gc,cpu         ] GC(535) User=0.72s Sys=0.01s Real=0.12s
.[2821.010s][info][gc,marking     ] GC(536) Concurrent Scan Root Regions 180.025ms
[2821.010s][info][gc,marking     ] GC(536) Concurrent Mark
[2821.010s][info][gc,marking     ] GC(536) Concurrent Mark From Roots
[2821.010s][info][gc,task        ] GC(536) Using 2 workers of 2 for marking
.[2821.985s][info][gc,marking     ] GC(536) Concurrent Mark From Roots 974.934ms
[2821.985s][info][gc,marking     ] GC(536) Concurrent Preclean
[2821.985s][info][gc,marking     ] GC(536) Concurrent Preclean 0.128ms
[2821.985s][info][gc,start       ] GC(536) Pause Remark
[2821.991s][info][gc             ] GC(536) Pause Remark 2119M->2119M(4096M) 5.280ms
[2821.991s][info][gc,cpu         ] GC(536) User=0.03s Sys=0.00s Real=0.01s
[2821.991s][info][gc,marking     ] GC(536) Concurrent Mark 980.737ms
[2821.991s][info][gc,marking     ] GC(536) Concurrent Rebuild Remembered Sets and Scrub Regions
[2822.349s][info][gc,marking     ] GC(536) Concurrent Rebuild Remembered Sets and Scrub Regions 358.265ms
[2822.349s][info][gc,start       ] GC(536) Pause Cleanup
[2822.349s][info][gc             ] GC(536) Pause Cleanup 2321M->2321M(4096M) 0.117ms
[2822.349s][info][gc,cpu         ] GC(536) User=0.00s Sys=0.00s Real=0.00s
[2822.349s][info][gc,marking     ] GC(536) Concurrent Clear Claimed Marks
[2822.349s][info][gc,marking     ] GC(536) Concurrent Clear Claimed Marks 0.026ms
[2822.349s][info][gc,marking     ] GC(536) Concurrent Cleanup for Next Mark
[2822.353s][info][gc,marking     ] GC(536) Concurrent Cleanup for Next Mark 4.158ms
[2822.354s][info][gc             ] GC(536) Concurrent Mark Cycle 1523.649ms
..[2824.688s][info][gc,start       ] GC(537) Pause Young (Prepare Mixed) (G1 Evacuation Pause)
[2824.688s][info][gc,task        ] GC(537) Using 6 workers of 6 for evacuation
[2824.806s][info][gc,phases      ] GC(537)   Pre Evacuate Collection Set: 0.34ms
[2824.806s][info][gc,phases      ] GC(537)   Merge Heap Roots: 0.55ms
[2824.806s][info][gc,phases      ] GC(537)   Evacuate Collection Set: 116.00ms
[2824.806s][info][gc,phases      ] GC(537)   Post Evacuate Collection Set: 0.95ms
[2824.806s][info][gc,phases      ] GC(537)   Other: 0.10ms
[2824.806s][info][gc,heap        ] GC(537) Eden regions: 1116->0(1110)
[2824.806s][info][gc,heap        ] GC(537) Survivor regions: 112->109(154)
[2824.806s][info][gc,heap        ] GC(537) Old regions: 505->537
[2824.806s][info][gc,heap        ] GC(537) Humongous regions: 80->80
[2824.806s][info][gc,metaspace   ] GC(537) Metaspace: 28994K(29376K)->28994K(29376K) NonClass: 24115K(24256K)->24115K(24256K) Class: 4879K(5120K)->4879K(5120K)
[2824.806s][info][gc             ] GC(537) Pause Young (Prepare Mixed) (G1 Evacuation Pause) 3623M->1449M(4096M) 118.071ms
[2824.806s][info][gc,cpu         ] GC(537) User=0.70s Sys=0.00s Real=0.12s
....[2828.706s][info][gc,start       ] GC(538) Pause Young (Mixed) (G1 Evacuation Pause)
[2828.706s][info][gc,task        ] GC(538) Using 6 workers of 6 for evacuation
[2828.844s][info][gc,phases      ] GC(538)   Pre Evacuate Collection Set: 0.37ms
[2828.844s][info][gc,phases      ] GC(538)   Merge Heap Roots: 0.67ms
[2828.844s][info][gc,phases      ] GC(538)   Evacuate Collection Set: 136.21ms
[2828.844s][info][gc,phases      ] GC(538)   Post Evacuate Collection Set: 1.00ms
[2828.844s][info][gc,phases      ] GC(538)   Other: 0.09ms
[2828.844s][info][gc,heap        ] GC(538) Eden regions: 1110->0(1116)
[2828.844s][info][gc,heap        ] GC(538) Survivor regions: 109->112(153)
[2828.844s][info][gc,heap        ] GC(538) Old regions: 537->472
[2828.844s][info][gc,heap        ] GC(538) Humongous regions: 80->80
[2828.844s][info][gc,metaspace   ] GC(538) Metaspace: 28994K(29376K)->28994K(29376K) NonClass: 24115K(24256K)->24115K(24256K) Class: 4879K(5120K)->4879K(5120K)
[2828.844s][info][gc             ] GC(538) Pause Young (Mixed) (G1 Evacuation Pause) 3669M->1325M(4096M) 138.480ms
[2828.844s][info][gc,cpu         ] GC(538) User=0.82s Sys=0.00s Real=0.13s
....[2832.670s][info][gc,start       ] GC(539) Pause Young (Concurrent Start) (G1 Evacuation Pause)
[2832.670s][info][gc,task        ] GC(539) Using 6 workers of 6 for evacuation
[2832.789s][info][gc,phases      ] GC(539)   Pre Evacuate Collection Set: 0.38ms
[2832.789s][info][gc,phases      ] GC(539)   Merge Heap Roots: 0.51ms
[2832.789s][info][gc,phases      ] GC(539)   Evacuate Collection Set: 116.75ms
[2832.789s][info][gc,phases      ] GC(539)   Post Evacuate Collection Set: 0.91ms
[2832.789s][info][gc,phases      ] GC(539)   Other: 0.13ms
[2832.789s][info][gc,heap        ] GC(539) Eden regions: 1116->0(1117)
[2832.789s][info][gc,heap        ] GC(539) Survivor regions: 112->111(154)
[2832.789s][info][gc,heap        ] GC(539) Old regions: 472->505
[2832.789s][info][gc,heap        ] GC(539) Humongous regions: 80->80
[2832.789s][info][gc,metaspace   ] GC(539) Metaspace: 28995K(29376K)->28995K(29376K) NonClass: 24115K(24256K)->24115K(24256K) Class: 4879K(5120K)->4879K(5120K)
[2832.789s][info][gc             ] GC(539) Pause Young (Concurrent Start) (G1 Evacuation Pause) 3557M->1388M(4096M) 118.796ms
[2832.789s][info][gc             ] GC(540) Concurrent Mark Cycle
[2832.789s][info][gc,marking     ] GC(540) Concurrent Scan Root Regions
[2832.789s][info][gc,cpu         ] GC(539) User=0.70s Sys=0.00s Real=0.12s
.[2832.962s][info][gc,marking     ] GC(540) Concurrent Scan Root Regions 173.508ms
[2832.962s][info][gc,marking     ] GC(540) Concurrent Mark
[2832.962s][info][gc,marking     ] GC(540) Concurrent Mark From Roots
[2832.962s][info][gc,task        ] GC(540) Using 2 workers of 2 for marking
[2833.945s][info][gc,marking     ] GC(540) Concurrent Mark From Roots 982.146ms
[2833.945s][info][gc,marking     ] GC(540) Concurrent Preclean
[2833.945s][info][gc,marking     ] GC(540) Concurrent Preclean 0.089ms
[2833.945s][info][gc,start       ] GC(540) Pause Remark
[2833.948s][info][gc             ] GC(540) Pause Remark 2093M->2093M(4096M) 3.679ms
[2833.948s][info][gc,cpu         ] GC(540) User=0.02s Sys=0.00s Real=0.01s
[2833.949s][info][gc,marking     ] GC(540) Concurrent Mark 986.180ms
[2833.949s][info][gc,marking     ] GC(540) Concurrent Rebuild Remembered Sets and Scrub Regions
.[2834.307s][info][gc,marking     ] GC(540) Concurrent Rebuild Remembered Sets and Scrub Regions 358.383ms
[2834.307s][info][gc,start       ] GC(540) Pause Cleanup
[2834.307s][info][gc             ] GC(540) Pause Cleanup 2274M->2274M(4096M) 0.115ms
[2834.307s][info][gc,cpu         ] GC(540) User=0.00s Sys=0.00s Real=0.00s
[2834.307s][info][gc,marking     ] GC(540) Concurrent Clear Claimed Marks
[2834.307s][info][gc,marking     ] GC(540) Concurrent Clear Claimed Marks 0.027ms
[2834.307s][info][gc,marking     ] GC(540) Concurrent Cleanup for Next Mark
[2834.311s][info][gc,marking     ] GC(540) Concurrent Cleanup for Next Mark 3.606ms
[2834.311s][info][gc             ] GC(540) Concurrent Mark Cycle 1522.164ms
..[2836.689s][info][gc,start       ] GC(541) Pause Young (Prepare Mixed) (G1 Evacuation Pause)
[2836.689s][info][gc,task        ] GC(541) Using 6 workers of 6 for evacuation
[2836.807s][info][gc,phases      ] GC(541)   Pre Evacuate Collection Set: 0.35ms
[2836.807s][info][gc,phases      ] GC(541)   Merge Heap Roots: 0.51ms
[2836.807s][info][gc,phases      ] GC(541)   Evacuate Collection Set: 115.90ms
[2836.807s][info][gc,phases      ] GC(541)   Post Evacuate Collection Set: 0.94ms
[2836.807s][info][gc,phases      ] GC(541)   Other: 0.09ms
[2836.807s][info][gc,heap        ] GC(541) Eden regions: 1117->0(1109)
[2836.807s][info][gc,heap        ] GC(541) Survivor regions: 111->110(154)
[2836.807s][info][gc,heap        ] GC(541) Old regions: 505->536
[2836.807s][info][gc,heap        ] GC(541) Humongous regions: 80->80
[2836.807s][info][gc,metaspace   ] GC(541) Metaspace: 28995K(29376K)->28995K(29376K) NonClass: 24115K(24256K)->24115K(24256K) Class: 4879K(5120K)->4879K(5120K)
[2836.807s][info][gc             ] GC(541) Pause Young (Prepare Mixed) (G1 Evacuation Pause) 3622M->1449M(4096M) 117.924ms
[2836.807s][info][gc,cpu         ] GC(541) User=0.70s Sys=0.00s Real=0.12s
....[2840.655s][info][gc,start       ] GC(542) Pause Young (Mixed) (G1 Evacuation Pause)
[2840.655s][info][gc,task        ] GC(542) Using 6 workers of 6 for evacuation
[2840.788s][info][gc,phases      ] GC(542)   Pre Evacuate Collection Set: 0.41ms
[2840.788s][info][gc,phases      ] GC(542)   Merge Heap Roots: 0.70ms
[2840.788s][info][gc,phases      ] GC(542)   Evacuate Collection Set: 131.42ms
[2840.788s][info][gc,phases      ] GC(542)   Post Evacuate Collection Set: 0.99ms
[2840.788s][info][gc,phases      ] GC(542)   Other: 0.09ms
[2840.788s][info][gc,heap        ] GC(542) Eden regions: 1109->0(1119)
[2840.788s][info][gc,heap        ] GC(542) Survivor regions: 110->109(153)
[2840.788s][info][gc,heap        ] GC(542) Old regions: 536->473
[2840.788s][info][gc,heap        ] GC(542) Humongous regions: 80->80
[2840.788s][info][gc,metaspace   ] GC(542) Metaspace: 28995K(29376K)->28995K(29376K) NonClass: 24115K(24256K)->24115K(24256K) Class: 4879K(5120K)->4879K(5120K)
[2840.788s][info][gc             ] GC(542) Pause Young (Mixed) (G1 Evacuation Pause) 3667M->1321M(4096M) 133.726ms
[2840.788s][info][gc,cpu         ] GC(542) User=0.79s Sys=0.00s Real=0.14s
....[2844.708s][info][gc,start       ] GC(543) Pause Young (Concurrent Start) (G1 Evacuation Pause)
[2844.708s][info][gc,task        ] GC(543) Using 6 workers of 6 for evacuation
[2844.826s][info][gc,phases      ] GC(543)   Pre Evacuate Collection Set: 0.37ms
[2844.826s][info][gc,phases      ] GC(543)   Merge Heap Roots: 0.51ms
[2844.826s][info][gc,phases      ] GC(543)   Evacuate Collection Set: 116.11ms
[2844.826s][info][gc,phases      ] GC(543)   Post Evacuate Collection Set: 0.92ms
[2844.826s][info][gc,phases      ] GC(543)   Other: 0.11ms
[2844.826s][info][gc,heap        ] GC(543) Eden regions: 1119->0(1118)
[2844.826s][info][gc,heap        ] GC(543) Survivor regions: 109->110(154)
[2844.826s][info][gc,heap        ] GC(543) Old regions: 473->505
[2844.826s][info][gc,heap        ] GC(543) Humongous regions: 80->80
[2844.826s][info][gc,metaspace   ] GC(543) Metaspace: 28995K(29376K)->28995K(29376K) NonClass: 24115K(24256K)->24115K(24256K) Class: 4879K(5120K)->4879K(5120K)
[2844.826s][info][gc             ] GC(543) Pause Young (Concurrent Start) (G1 Evacuation Pause) 3559M->1386M(4096M) 118.196ms
[2844.826s][info][gc             ] GC(544) Concurrent Mark Cycle
[2844.826s][info][gc,marking     ] GC(544) Concurrent Scan Root Regions
[2844.826s][info][gc,cpu         ] GC(543) User=0.70s Sys=0.00s Real=0.12s
.[2844.998s][info][gc,marking     ] GC(544) Concurrent Scan Root Regions 171.866ms
[2844.998s][info][gc,marking     ] GC(544) Concurrent Mark
[2844.998s][info][gc,marking     ] GC(544) Concurrent Mark From Roots
[2844.998s][info][gc,task        ] GC(544) Using 2 workers of 2 for marking
.[2845.977s][info][gc,marking     ] GC(544) Concurrent Mark From Roots 978.681ms
[2845.977s][info][gc,marking     ] GC(544) Concurrent Preclean
[2845.977s][info][gc,marking     ] GC(544) Concurrent Preclean 0.097ms
[2845.977s][info][gc,start       ] GC(544) Pause Remark
[2845.983s][info][gc             ] GC(544) Pause Remark 2113M->2113M(4096M) 5.323ms
[2845.983s][info][gc,cpu         ] GC(544) User=0.02s Sys=0.00s Real=0.00s
[2845.983s][info][gc,marking     ] GC(544) Concurrent Mark 984.350ms
[2845.983s][info][gc,marking     ] GC(544) Concurrent Rebuild Remembered Sets and Scrub Regions
[2846.342s][info][gc,marking     ] GC(544) Concurrent Rebuild Remembered Sets and Scrub Regions 358.938ms
[2846.342s][info][gc,start       ] GC(544) Pause Cleanup
[2846.342s][info][gc             ] GC(544) Pause Cleanup 2287M->2287M(4096M) 0.114ms
[2846.342s][info][gc,cpu         ] GC(544) User=0.01s Sys=0.00s Real=0.00s
[2846.342s][info][gc,marking     ] GC(544) Concurrent Clear Claimed Marks
[2846.342s][info][gc,marking     ] GC(544) Concurrent Clear Claimed Marks 0.026ms
[2846.342s][info][gc,marking     ] GC(544) Concurrent Cleanup for Next Mark
[2846.346s][info][gc,marking     ] GC(544) Concurrent Cleanup for Next Mark 3.834ms
[2846.346s][info][gc             ] GC(544) Concurrent Mark Cycle 1519.446ms
..[2848.663s][info][gc,start       ] GC(545) Pause Young (Prepare Mixed) (G1 Evacuation Pause)
[2848.663s][info][gc,task        ] GC(545) Using 6 workers of 6 for evacuation
[2848.782s][info][gc,phases      ] GC(545)   Pre Evacuate Collection Set: 0.35ms
[2848.782s][info][gc,phases      ] GC(545)   Merge Heap Roots: 0.57ms
[2848.782s][info][gc,phases      ] GC(545)   Evacuate Collection Set: 117.03ms
[2848.782s][info][gc,phases      ] GC(545)   Post Evacuate Collection Set: 0.98ms
[2848.782s][info][gc,phases      ] GC(545)   Other: 0.09ms
[2848.782s][info][gc,heap        ] GC(545) Eden regions: 1118->0(1107)
[2848.782s][info][gc,heap        ] GC(545) Survivor regions: 110->111(154)
[2848.782s][info][gc,heap        ] GC(545) Old regions: 505->536
[2848.782s][info][gc,heap        ] GC(545) Humongous regions: 80->80
[2848.782s][info][gc,metaspace   ] GC(545) Metaspace: 28995K(29376K)->28995K(29376K) NonClass: 24115K(24256K)->24115K(24256K) Class: 4879K(5120K)->4879K(5120K)
[2848.782s][info][gc             ] GC(545) Pause Young (Prepare Mixed) (G1 Evacuation Pause) 3622M->1452M(4096M) 119.175ms
[2848.782s][info][gc,cpu         ] GC(545) User=0.70s Sys=0.00s Real=0.12s
....[2852.641s][info][gc,start       ] GC(546) Pause Young (Mixed) (G1 Evacuation Pause)
[2852.641s][info][gc,task        ] GC(546) Using 6 workers of 6 for evacuation
[2852.782s][info][gc,phases      ] GC(546)   Pre Evacuate Collection Set: 0.36ms
[2852.782s][info][gc,phases      ] GC(546)   Merge Heap Roots: 0.73ms
[2852.782s][info][gc,phases      ] GC(546)   Evacuate Collection Set: 138.69ms
[2852.782s][info][gc,phases      ] GC(546)   Post Evacuate Collection Set: 1.00ms
[2852.782s][info][gc,phases      ] GC(546)   Other: 0.09ms
[2852.782s][info][gc,heap        ] GC(546) Eden regions: 1107->0(1114)
[2852.782s][info][gc,heap        ] GC(546) Survivor regions: 111->114(153)
[2852.782s][info][gc,heap        ] GC(546) Old regions: 536->472
[2852.782s][info][gc,heap        ] GC(546) Humongous regions: 80->80
[2852.782s][info][gc,metaspace   ] GC(546) Metaspace: 28995K(29376K)->28995K(29376K) NonClass: 24115K(24256K)->24115K(24256K) Class: 4879K(5120K)->4879K(5120K)
[2852.782s][info][gc             ] GC(546) Pause Young (Mixed) (G1 Evacuation Pause) 3666M->1330M(4096M) 141.005ms
[2852.782s][info][gc,cpu         ] GC(546) User=0.84s Sys=0.00s Real=0.14s
....[2856.681s][info][gc,start       ] GC(547) Pause Young (Concurrent Start) (G1 Evacuation Pause)
[2856.681s][info][gc,task        ] GC(547) Using 6 workers of 6 for evacuation
[2856.799s][info][gc,phases      ] GC(547)   Pre Evacuate Collection Set: 0.43ms
[2856.799s][info][gc,phases      ] GC(547)   Merge Heap Roots: 0.50ms
[2856.799s][info][gc,phases      ] GC(547)   Evacuate Collection Set: 115.38ms
[2856.799s][info][gc,phases      ] GC(547)   Post Evacuate Collection Set: 0.90ms
[2856.799s][info][gc,phases      ] GC(547)   Other: 0.13ms
[2856.799s][info][gc,heap        ] GC(547) Eden regions: 1114->0(1119)
[2856.799s][info][gc,heap        ] GC(547) Survivor regions: 114->109(154)
[2856.799s][info][gc,heap        ] GC(547) Old regions: 472->504
[2856.799s][info][gc,heap        ] GC(547) Humongous regions: 80->80
[2856.799s][info][gc,metaspace   ] GC(547) Metaspace: 28995K(29376K)->28995K(29376K) NonClass: 24115K(24256K)->24115K(24256K) Class: 4879K(5120K)->4879K(5120K)
[2856.799s][info][gc             ] GC(547) Pause Young (Concurrent Start) (G1 Evacuation Pause) 3558M->1382M(4096M) 117.466ms
[2856.799s][info][gc             ] GC(548) Concurrent Mark Cycle
[2856.799s][info][gc,marking     ] GC(548) Concurrent Scan Root Regions
[2856.799s][info][gc,cpu         ] GC(547) User=0.70s Sys=0.00s Real=0.12s
[2856.970s][info][gc,marking     ] GC(548) Concurrent Scan Root Regions 171.061ms
[2856.970s][info][gc,marking     ] GC(548) Concurrent Mark
[2856.970s][info][gc,marking     ] GC(548) Concurrent Mark From Roots
[2856.970s][info][gc,task        ] GC(548) Using 2 workers of 2 for marking
.[2857.954s][info][gc,marking     ] GC(548) Concurrent Mark From Roots 983.680ms
[2857.954s][info][gc,marking     ] GC(548) Concurrent Preclean
[2857.954s][info][gc,marking     ] GC(548) Concurrent Preclean 0.077ms
[2857.954s][info][gc,start       ] GC(548) Pause Remark
[2857.959s][info][gc             ] GC(548) Pause Remark 2068M->2068M(4096M) 5.050ms
[2857.959s][info][gc,cpu         ] GC(548) User=0.03s Sys=0.00s Real=0.01s
[2857.959s][info][gc,marking     ] GC(548) Concurrent Mark 989.078ms
[2857.959s][info][gc,marking     ] GC(548) Concurrent Rebuild Remembered Sets and Scrub Regions
.[2858.322s][info][gc,marking     ] GC(548) Concurrent Rebuild Remembered Sets and Scrub Regions 363.322ms
[2858.322s][info][gc,start       ] GC(548) Pause Cleanup
[2858.323s][info][gc             ] GC(548) Pause Cleanup 2278M->2278M(4096M) 0.124ms
[2858.323s][info][gc,cpu         ] GC(548) User=0.00s Sys=0.00s Real=0.00s
[2858.323s][info][gc,marking     ] GC(548) Concurrent Clear Claimed Marks
[2858.323s][info][gc,marking     ] GC(548) Concurrent Clear Claimed Marks 0.027ms
[2858.323s][info][gc,marking     ] GC(548) Concurrent Cleanup for Next Mark
[2858.328s][info][gc,marking     ] GC(548) Concurrent Cleanup for Next Mark 4.910ms
[2858.328s][info][gc             ] GC(548) Concurrent Mark Cycle 1528.889ms
..[2860.703s][info][gc,start       ] GC(549) Pause Young (Prepare Mixed) (G1 Evacuation Pause)
[2860.703s][info][gc,task        ] GC(549) Using 6 workers of 6 for evacuation
[2860.823s][info][gc,phases      ] GC(549)   Pre Evacuate Collection Set: 0.35ms
[2860.823s][info][gc,phases      ] GC(549)   Merge Heap Roots: 0.55ms
[2860.823s][info][gc,phases      ] GC(549)   Evacuate Collection Set: 117.45ms
[2860.823s][info][gc,phases      ] GC(549)   Post Evacuate Collection Set: 0.97ms
[2860.823s][info][gc,phases      ] GC(549)   Other: 0.08ms
[2860.823s][info][gc,heap        ] GC(549) Eden regions: 1119->0(1106)
[2860.823s][info][gc,heap        ] GC(549) Survivor regions: 109->112(154)
[2860.823s][info][gc,heap        ] GC(549) Old regions: 504->535
[2860.823s][info][gc,heap        ] GC(549) Humongous regions: 80->80
[2860.823s][info][gc,metaspace   ] GC(549) Metaspace: 28995K(29376K)->28995K(29376K) NonClass: 24115K(24256K)->24115K(24256K) Class: 4879K(5120K)->4879K(5120K)
[2860.823s][info][gc             ] GC(549) Pause Young (Prepare Mixed) (G1 Evacuation Pause) 3620M->1451M(4096M) 119.524ms
[2860.823s][info][gc,cpu         ] GC(549) User=0.71s Sys=0.00s Real=0.12s
.. (rIR:aIR:PR = 4705:4711:4711) (tPR = 69596) [OK] 
  2861s: Performance info:
         Transaction,    Success,    Partial,     Failed,   Receipts, AvgBarcode, 
             Overall,     283608,          0,          0,     269439,      59.48, 
         Response times:
             Request,    Success,    Partial,     Failed,   SkipFail,     Probes,    Samples,      min,      p50,      p90,      p95,      p99,      max, 
       TotalPurchase,     269439,          0,          0,          0,     258780,     327587,      300,     3800,     7400,    14100,    61000,   204000,
     InStorePurchase,     141758,          0,          0,          0,     136247,     172705,      300,     3700,     7300,    14100,    56000,   204000,
      OnlinePurchase,      99314,          0,          0,          0,      95186,     120565,      300,     4000,     7600,    14400,    64000,   204000,
        InstPurchase,      28367,          0,          0,          0,      27347,      34317,      400,     3500,     7400,    12700,    67000,   180000,
          AssocOfCat,        285,          0,          0,          0,        231,        359,    23000,    32000,    55000,    81000,   168600,   200000,
      AssocOfProduct,       2833,          0,          0,          0,       2652,       3488,      400,     4700,     8300,    18800,    72220,   144000,
      BusinessReport,        713,          0,          0,          0,        606,        856,    22000,    33000,    53000,    77000,   171430,   222000,
          CustBuyBeh,       2834,          0,          0,          0,       2547,       3347,      200,     3300,     6800,    14680,    69000,   148000,
       ProductReturn,       7503,          0,          0,          0,       7015,       9072,      200,     3700,     7200,    13600,    67000,   183000,

  2861s: (35%)   IR =   4843 ..[2864.550s][info][gc,start       ] GC(550) Pause Young (Mixed) (G1 Evacuation Pause)
[2864.550s][info][gc,task        ] GC(550) Using 6 workers of 6 for evacuation
[2864.684s][info][gc,phases      ] GC(550)   Pre Evacuate Collection Set: 0.40ms
[2864.685s][info][gc,phases      ] GC(550)   Merge Heap Roots: 0.74ms
[2864.685s][info][gc,phases      ] GC(550)   Evacuate Collection Set: 132.40ms
[2864.685s][info][gc,phases      ] GC(550)   Post Evacuate Collection Set: 0.94ms
[2864.685s][info][gc,phases      ] GC(550)   Other: 0.09ms
[2864.685s][info][gc,heap        ] GC(550) Eden regions: 1106->0(1119)
[2864.685s][info][gc,heap        ] GC(550) Survivor regions: 112->109(153)
[2864.685s][info][gc,heap        ] GC(550) Old regions: 535->472
[2864.685s][info][gc,heap        ] GC(550) Humongous regions: 80->80
[2864.685s][info][gc,metaspace   ] GC(550) Metaspace: 28995K(29376K)->28995K(29376K) NonClass: 24115K(24256K)->24115K(24256K) Class: 4879K(5120K)->4879K(5120K)
[2864.685s][info][gc             ] GC(550) Pause Young (Mixed) (G1 Evacuation Pause) 3663M->1320M(4096M) 134.717ms
[2864.685s][info][gc,cpu         ] GC(550) User=0.79s Sys=0.00s Real=0.13s
....|[2868.490s][info][gc,start       ] GC(551) Pause Young (Concurrent Start) (G1 Evacuation Pause)
[2868.490s][info][gc,task        ] GC(551) Using 6 workers of 6 for evacuation
[2868.606s][info][gc,phases      ] GC(551)   Pre Evacuate Collection Set: 0.39ms
[2868.606s][info][gc,phases      ] GC(551)   Merge Heap Roots: 0.48ms
[2868.606s][info][gc,phases      ] GC(551)   Evacuate Collection Set: 114.47ms
[2868.606s][info][gc,phases      ] GC(551)   Post Evacuate Collection Set: 0.89ms
[2868.606s][info][gc,phases      ] GC(551)   Other: 0.10ms
[2868.606s][info][gc,heap        ] GC(551) Eden regions: 1119->0(1119)
[2868.606s][info][gc,heap        ] GC(551) Survivor regions: 109->109(154)
[2868.606s][info][gc,heap        ] GC(551) Old regions: 472->504
[2868.606s][info][gc,heap        ] GC(551) Humongous regions: 80->80
[2868.606s][info][gc,metaspace   ] GC(551) Metaspace: 28995K(29376K)->28995K(29376K) NonClass: 24115K(24256K)->24115K(24256K) Class: 4879K(5120K)->4879K(5120K)
[2868.606s][info][gc             ] GC(551) Pause Young (Concurrent Start) (G1 Evacuation Pause) 3558M->1382M(4096M) 116.474ms
[2868.606s][info][gc             ] GC(552) Concurrent Mark Cycle
[2868.606s][info][gc,marking     ] GC(552) Concurrent Scan Root Regions
[2868.606s][info][gc,cpu         ] GC(551) User=0.68s Sys=0.01s Real=0.12s
[2868.761s][info][gc,marking     ] GC(552) Concurrent Scan Root Regions 154.799ms
[2868.761s][info][gc,marking     ] GC(552) Concurrent Mark
[2868.761s][info][gc,marking     ] GC(552) Concurrent Mark From Roots
[2868.761s][info][gc,task        ] GC(552) Using 2 workers of 2 for marking
.[2869.513s][info][gc,marking     ] GC(552) Concurrent Mark From Roots 751.836ms
[2869.513s][info][gc,marking     ] GC(552) Concurrent Preclean
[2869.513s][info][gc,marking     ] GC(552) Concurrent Preclean 0.099ms
[2869.513s][info][gc,start       ] GC(552) Pause Remark
[2869.518s][info][gc             ] GC(552) Pause Remark 1979M->1979M(4096M) 4.747ms
[2869.518s][info][gc,cpu         ] GC(552) User=0.02s Sys=0.00s Real=0.01s
[2869.518s][info][gc,marking     ] GC(552) Concurrent Mark 756.962ms
[2869.518s][info][gc,marking     ] GC(552) Concurrent Rebuild Remembered Sets and Scrub Regions
[2869.808s][info][gc,marking     ] GC(552) Concurrent Rebuild Remembered Sets and Scrub Regions 289.896ms
[2869.808s][info][gc,start       ] GC(552) Pause Cleanup
[2869.808s][info][gc             ] GC(552) Pause Cleanup 2168M->2168M(4096M) 0.125ms
[2869.808s][info][gc,cpu         ] GC(552) User=0.00s Sys=0.00s Real=0.00s
[2869.808s][info][gc,marking     ] GC(552) Concurrent Clear Claimed Marks
[2869.808s][info][gc,marking     ] GC(552) Concurrent Clear Claimed Marks 0.021ms
[2869.808s][info][gc,marking     ] GC(552) Concurrent Cleanup for Next Mark
[2869.812s][info][gc,marking     ] GC(552) Concurrent Cleanup for Next Mark 3.329ms
[2869.812s][info][gc             ] GC(552) Concurrent Mark Cycle 1205.434ms
...[2872.336s][info][gc,start       ] GC(553) Pause Young (Prepare Mixed) (G1 Evacuation Pause)
[2872.336s][info][gc,task        ] GC(553) Using 6 workers of 6 for evacuation
[2872.453s][info][gc,phases      ] GC(553)   Pre Evacuate Collection Set: 0.36ms
[2872.453s][info][gc,phases      ] GC(553)   Merge Heap Roots: 0.51ms
[2872.453s][info][gc,phases      ] GC(553)   Evacuate Collection Set: 115.05ms
[2872.453s][info][gc,phases      ] GC(553)   Post Evacuate Collection Set: 0.93ms
[2872.453s][info][gc,phases      ] GC(553)   Other: 0.09ms
[2872.453s][info][gc,heap        ] GC(553) Eden regions: 1119->0(1114)
[2872.453s][info][gc,heap        ] GC(553) Survivor regions: 109->108(154)
[2872.453s][info][gc,heap        ] GC(553) Old regions: 504->535
[2872.453s][info][gc,heap        ] GC(553) Humongous regions: 80->80
[2872.453s][info][gc,metaspace   ] GC(553) Metaspace: 28995K(29376K)->28995K(29376K) NonClass: 24115K(24256K)->24115K(24256K) Class: 4879K(5120K)->4879K(5120K)
[2872.453s][info][gc             ] GC(553) Pause Young (Prepare Mixed) (G1 Evacuation Pause) 3620M->1443M(4096M) 117.064ms
[2872.453s][info][gc,cpu         ] GC(553) User=0.70s Sys=0.00s Real=0.11s
....[2876.259s][info][gc,start       ] GC(554) Pause Young (Mixed) (G1 Evacuation Pause)
[2876.259s][info][gc,task        ] GC(554) Using 6 workers of 6 for evacuation
[2876.393s][info][gc,phases      ] GC(554)   Pre Evacuate Collection Set: 0.41ms
[2876.393s][info][gc,phases      ] GC(554)   Merge Heap Roots: 0.73ms
[2876.393s][info][gc,phases      ] GC(554)   Evacuate Collection Set: 132.09ms
[2876.393s][info][gc,phases      ] GC(554)   Post Evacuate Collection Set: 0.96ms
[2876.393s][info][gc,phases      ] GC(554)   Other: 0.09ms
[2876.393s][info][gc,heap        ] GC(554) Eden regions: 1114->0(1120)
[2876.393s][info][gc,heap        ] GC(554) Survivor regions: 108->108(153)
[2876.393s][info][gc,heap        ] GC(554) Old regions: 535->471
[2876.393s][info][gc,heap        ] GC(554) Humongous regions: 80->80
[2876.393s][info][gc,metaspace   ] GC(554) Metaspace: 28995K(29376K)->28995K(29376K) NonClass: 24115K(24256K)->24115K(24256K) Class: 4879K(5120K)->4879K(5120K)
[2876.393s][info][gc             ] GC(554) Pause Young (Mixed) (G1 Evacuation Pause) 3671M->1316M(4096M) 134.451ms
[2876.393s][info][gc,cpu         ] GC(554) User=0.80s Sys=0.00s Real=0.13s
....[2880.173s][info][gc,start       ] GC(555) Pause Young (Concurrent Start) (G1 Evacuation Pause)
[2880.173s][info][gc,task        ] GC(555) Using 6 workers of 6 for evacuation
[2880.290s][info][gc,phases      ] GC(555)   Pre Evacuate Collection Set: 0.35ms
[2880.290s][info][gc,phases      ] GC(555)   Merge Heap Roots: 0.47ms
[2880.290s][info][gc,phases      ] GC(555)   Evacuate Collection Set: 115.27ms
[2880.290s][info][gc,phases      ] GC(555)   Post Evacuate Collection Set: 0.92ms
[2880.290s][info][gc,phases      ] GC(555)   Other: 0.12ms
[2880.290s][info][gc,heap        ] GC(555) Eden regions: 1120->0(1119)
[2880.290s][info][gc,heap        ] GC(555) Survivor regions: 108->109(154)
[2880.290s][info][gc,heap        ] GC(555) Old regions: 471->502
[2880.290s][info][gc,heap        ] GC(555) Humongous regions: 80->80
[2880.290s][info][gc,metaspace   ] GC(555) Metaspace: 28995K(29376K)->28995K(29376K) NonClass: 24115K(24256K)->24115K(24256K) Class: 4879K(5120K)->4879K(5120K)
[2880.290s][info][gc             ] GC(555) Pause Young (Concurrent Start) (G1 Evacuation Pause) 3556M->1380M(4096M) 117.250ms
[2880.290s][info][gc             ] GC(556) Concurrent Mark Cycle
[2880.291s][info][gc,marking     ] GC(556) Concurrent Scan Root Regions
[2880.291s][info][gc,cpu         ] GC(555) User=0.69s Sys=0.01s Real=0.12s
[2880.459s][info][gc,marking     ] GC(556) Concurrent Scan Root Regions 168.861ms
[2880.459s][info][gc,marking     ] GC(556) Concurrent Mark
[2880.459s][info][gc,marking     ] GC(556) Concurrent Mark From Roots
[2880.459s][info][gc,task        ] GC(556) Using 2 workers of 2 for marking
.[2881.407s][info][gc,marking     ] GC(556) Concurrent Mark From Roots 947.061ms
[2881.407s][info][gc,marking     ] GC(556) Concurrent Preclean
[2881.407s][info][gc,marking     ] GC(556) Concurrent Preclean 0.126ms
[2881.407s][info][gc,start       ] GC(556) Pause Remark
[2881.412s][info][gc             ] GC(556) Pause Remark 2108M->2108M(4096M) 5.049ms
[2881.412s][info][gc,cpu         ] GC(556) User=0.03s Sys=0.00s Real=0.00s
[2881.413s][info][gc,marking     ] GC(556) Concurrent Mark 953.499ms
[2881.413s][info][gc,marking     ] GC(556) Concurrent Rebuild Remembered Sets and Scrub Regions
[2881.766s][info][gc,marking     ] GC(556) Concurrent Rebuild Remembered Sets and Scrub Regions 353.432ms
[2881.767s][info][gc,start       ] GC(556) Pause Cleanup
[2881.767s][info][gc             ] GC(556) Pause Cleanup 2316M->2316M(4096M) 0.117ms
[2881.767s][info][gc,cpu         ] GC(556) User=0.00s Sys=0.00s Real=0.00s
[2881.767s][info][gc,marking     ] GC(556) Concurrent Clear Claimed Marks
[2881.768s][info][gc,marking     ] GC(556) Concurrent Clear Claimed Marks 0.027ms
[2881.768s][info][gc,marking     ] GC(556) Concurrent Cleanup for Next Mark
[2881.772s][info][gc,marking     ] GC(556) Concurrent Cleanup for Next Mark 4.883ms
[2881.772s][info][gc             ] GC(556) Concurrent Mark Cycle 1481.955ms
...[2884.119s][info][gc,start       ] GC(557) Pause Young (Prepare Mixed) (G1 Evacuation Pause)
[2884.119s][info][gc,task        ] GC(557) Using 6 workers of 6 for evacuation
[2884.240s][info][gc,phases      ] GC(557)   Pre Evacuate Collection Set: 0.33ms
[2884.240s][info][gc,phases      ] GC(557)   Merge Heap Roots: 0.52ms
[2884.240s][info][gc,phases      ] GC(557)   Evacuate Collection Set: 118.82ms
[2884.240s][info][gc,phases      ] GC(557)   Post Evacuate Collection Set: 0.95ms
[2884.240s][info][gc,phases      ] GC(557)   Other: 0.08ms
[2884.240s][info][gc,heap        ] GC(557) Eden regions: 1119->0(1106)
[2884.240s][info][gc,heap        ] GC(557) Survivor regions: 109->112(154)
[2884.240s][info][gc,heap        ] GC(557) Old regions: 502->535
[2884.240s][info][gc,heap        ] GC(557) Humongous regions: 80->80
[2884.240s][info][gc,metaspace   ] GC(557) Metaspace: 28995K(29376K)->28995K(29376K) NonClass: 24115K(24256K)->24115K(24256K) Class: 4879K(5120K)->4879K(5120K)
[2884.240s][info][gc             ] GC(557) Pause Young (Prepare Mixed) (G1 Evacuation Pause) 3618M->1451M(4096M) 120.855ms
[2884.240s][info][gc,cpu         ] GC(557) User=0.71s Sys=0.00s Real=0.12s
...[2887.981s][info][gc,start       ] GC(558) Pause Young (Mixed) (G1 Evacuation Pause)
[2887.981s][info][gc,task        ] GC(558) Using 6 workers of 6 for evacuation
[2888.113s][info][gc,phases      ] GC(558)   Pre Evacuate Collection Set: 0.38ms
[2888.113s][info][gc,phases      ] GC(558)   Merge Heap Roots: 0.66ms
[2888.113s][info][gc,phases      ] GC(558)   Evacuate Collection Set: 130.39ms
[2888.113s][info][gc,phases      ] GC(558)   Post Evacuate Collection Set: 0.93ms
[2888.113s][info][gc,phases      ] GC(558)   Other: 0.09ms
[2888.113s][info][gc,heap        ] GC(558) Eden regions: 1106->0(1120)
[2888.113s][info][gc,heap        ] GC(558) Survivor regions: 112->108(153)
[2888.113s][info][gc,heap        ] GC(558) Old regions: 535->472
[2888.113s][info][gc,heap        ] GC(558) Humongous regions: 80->80
[2888.113s][info][gc,metaspace   ] GC(558) Metaspace: 28995K(29376K)->28995K(29376K) NonClass: 24115K(24256K)->24115K(24256K) Class: 4879K(5120K)->4879K(5120K)
[2888.113s][info][gc             ] GC(558) Pause Young (Mixed) (G1 Evacuation Pause) 3663M->1316M(4096M) 132.610ms
[2888.113s][info][gc,cpu         ] GC(558) User=0.79s Sys=0.00s Real=0.13s
....[2891.793s][info][gc,start       ] GC(559) Pause Young (Concurrent Start) (G1 Evacuation Pause)
[2891.793s][info][gc,task        ] GC(559) Using 6 workers of 6 for evacuation
[2891.911s][info][gc,phases      ] GC(559)   Pre Evacuate Collection Set: 0.37ms
[2891.911s][info][gc,phases      ] GC(559)   Merge Heap Roots: 0.47ms
[2891.911s][info][gc,phases      ] GC(559)   Evacuate Collection Set: 115.68ms
[2891.911s][info][gc,phases      ] GC(559)   Post Evacuate Collection Set: 0.85ms
[2891.911s][info][gc,phases      ] GC(559)   Other: 0.11ms
[2891.911s][info][gc,heap        ] GC(559) Eden regions: 1120->0(1119)
[2891.911s][info][gc,heap        ] GC(559) Survivor regions: 108->109(154)
[2891.911s][info][gc,heap        ] GC(559) Old regions: 472->504
[2891.911s][info][gc,heap        ] GC(559) Humongous regions: 80->80
[2891.911s][info][gc,metaspace   ] GC(559) Metaspace: 28995K(29376K)->28995K(29376K) NonClass: 24115K(24256K)->24115K(24256K) Class: 4879K(5120K)->4879K(5120K)
[2891.911s][info][gc             ] GC(559) Pause Young (Concurrent Start) (G1 Evacuation Pause) 3556M->1384M(4096M) 117.604ms
[2891.911s][info][gc             ] GC(560) Concurrent Mark Cycle
[2891.911s][info][gc,marking     ] GC(560) Concurrent Scan Root Regions
[2891.911s][info][gc,cpu         ] GC(559) User=0.69s Sys=0.00s Real=0.12s
[2892.070s][info][gc,marking     ] GC(560) Concurrent Scan Root Regions 159.209ms
[2892.070s][info][gc,marking     ] GC(560) Concurrent Mark
[2892.070s][info][gc,marking     ] GC(560) Concurrent Mark From Roots
[2892.070s][info][gc,task        ] GC(560) Using 2 workers of 2 for marking
.[2892.819s][info][gc,marking     ] GC(560) Concurrent Mark From Roots 748.468ms
[2892.819s][info][gc,marking     ] GC(560) Concurrent Preclean
[2892.819s][info][gc,marking     ] GC(560) Concurrent Preclean 0.130ms
[2892.819s][info][gc,start       ] GC(560) Pause Remark
[2892.824s][info][gc             ] GC(560) Pause Remark 1964M->1964M(4096M) 4.588ms
[2892.824s][info][gc,cpu         ] GC(560) User=0.02s Sys=0.00s Real=0.00s
[2892.825s][info][gc,marking     ] GC(560) Concurrent Mark 754.843ms
[2892.825s][info][gc,marking     ] GC(560) Concurrent Rebuild Remembered Sets and Scrub Regions
.[2893.141s][info][gc,marking     ] GC(560) Concurrent Rebuild Remembered Sets and Scrub Regions 315.602ms
[2893.141s][info][gc,start       ] GC(560) Pause Cleanup
[2893.141s][info][gc             ] GC(560) Pause Cleanup 2135M->2135M(4096M) 0.107ms
[2893.141s][info][gc,cpu         ] GC(560) User=0.00s Sys=0.00s Real=0.00s
[2893.141s][info][gc,marking     ] GC(560) Concurrent Clear Claimed Marks
[2893.141s][info][gc,marking     ] GC(560) Concurrent Clear Claimed Marks 0.021ms
[2893.141s][info][gc,marking     ] GC(560) Concurrent Cleanup for Next Mark
[2893.144s][info][gc,marking     ] GC(560) Concurrent Cleanup for Next Mark 3.216ms
[2893.144s][info][gc             ] GC(560) Concurrent Mark Cycle 1233.292ms
..[2895.729s][info][gc,start       ] GC(561) Pause Young (Prepare Mixed) (G1 Evacuation Pause)
[2895.729s][info][gc,task        ] GC(561) Using 6 workers of 6 for evacuation
[2895.848s][info][gc,phases      ] GC(561)   Pre Evacuate Collection Set: 0.31ms
[2895.848s][info][gc,phases      ] GC(561)   Merge Heap Roots: 0.51ms
[2895.848s][info][gc,phases      ] GC(561)   Evacuate Collection Set: 117.87ms
[2895.848s][info][gc,phases      ] GC(561)   Post Evacuate Collection Set: 0.93ms
[2895.848s][info][gc,phases      ] GC(561)   Other: 0.09ms
[2895.848s][info][gc,heap        ] GC(561) Eden regions: 1119->0(1105)
[2895.848s][info][gc,heap        ] GC(561) Survivor regions: 109->112(154)
[2895.848s][info][gc,heap        ] GC(561) Old regions: 504->536
[2895.848s][info][gc,heap        ] GC(561) Humongous regions: 80->80
[2895.848s][info][gc,metaspace   ] GC(561) Metaspace: 28995K(29376K)->28995K(29376K) NonClass: 24115K(24256K)->24115K(24256K) Class: 4879K(5120K)->4879K(5120K)
[2895.848s][info][gc             ] GC(561) Pause Young (Prepare Mixed) (G1 Evacuation Pause) 3622M->1454M(4096M) 119.822ms
[2895.849s][info][gc,cpu         ] GC(561) User=0.71s Sys=0.00s Real=0.12s
....[2899.536s][info][gc,start       ] GC(562) Pause Young (Mixed) (G1 Evacuation Pause)
[2899.536s][info][gc,task        ] GC(562) Using 6 workers of 6 for evacuation
[2899.675s][info][gc,phases      ] GC(562)   Pre Evacuate Collection Set: 0.39ms
[2899.675s][info][gc,phases      ] GC(562)   Merge Heap Roots: 0.73ms
[2899.675s][info][gc,phases      ] GC(562)   Evacuate Collection Set: 136.65ms
[2899.675s][info][gc,phases      ] GC(562)   Post Evacuate Collection Set: 0.98ms
[2899.675s][info][gc,phases      ] GC(562)   Other: 0.09ms
[2899.675s][info][gc,heap        ] GC(562) Eden regions: 1105->0(1117)
[2899.675s][info][gc,heap        ] GC(562) Survivor regions: 112->111(153)
[2899.675s][info][gc,heap        ] GC(562) Old regions: 536->473
[2899.675s][info][gc,heap        ] GC(562) Humongous regions: 80->80
[2899.675s][info][gc,metaspace   ] GC(562) Metaspace: 28995K(29376K)->28995K(29376K) NonClass: 24115K(24256K)->24115K(24256K) Class: 4879K(5120K)->4879K(5120K)
[2899.675s][info][gc             ] GC(562) Pause Young (Mixed) (G1 Evacuation Pause) 3664M->1325M(4096M) 138.988ms
[2899.675s][info][gc,cpu         ] GC(562) User=0.83s Sys=0.00s Real=0.14s
....[2903.510s][info][gc,start       ] GC(563) Pause Young (Concurrent Start) (G1 Evacuation Pause)
[2903.511s][info][gc,task        ] GC(563) Using 6 workers of 6 for evacuation
[2903.628s][info][gc,phases      ] GC(563)   Pre Evacuate Collection Set: 0.40ms
[2903.628s][info][gc,phases      ] GC(563)   Merge Heap Roots: 0.48ms
[2903.628s][info][gc,phases      ] GC(563)   Evacuate Collection Set: 115.69ms
[2903.628s][info][gc,phases      ] GC(563)   Post Evacuate Collection Set: 0.89ms
[2903.628s][info][gc,phases      ] GC(563)   Other: 0.10ms
[2903.628s][info][gc,heap        ] GC(563) Eden regions: 1117->0(1120)
[2903.628s][info][gc,heap        ] GC(563) Survivor regions: 111->108(154)
[2903.628s][info][gc,heap        ] GC(563) Old regions: 473->506
[2903.628s][info][gc,heap        ] GC(563) Humongous regions: 80->80
[2903.628s][info][gc,metaspace   ] GC(563) Metaspace: 28995K(29376K)->28995K(29376K) NonClass: 24115K(24256K)->24115K(24256K) Class: 4879K(5120K)->4879K(5120K)
[2903.628s][info][gc             ] GC(563) Pause Young (Concurrent Start) (G1 Evacuation Pause) 3559M->1385M(4096M) 117.706ms
[2903.628s][info][gc             ] GC(564) Concurrent Mark Cycle
[2903.628s][info][gc,marking     ] GC(564) Concurrent Scan Root Regions
[2903.628s][info][gc,cpu         ] GC(563) User=0.69s Sys=0.00s Real=0.12s
[2903.800s][info][gc,marking     ] GC(564) Concurrent Scan Root Regions 171.663ms
[2903.800s][info][gc,marking     ] GC(564) Concurrent Mark
[2903.800s][info][gc,marking     ] GC(564) Concurrent Mark From Roots
[2903.800s][info][gc,task        ] GC(564) Using 2 workers of 2 for marking
.[2904.530s][info][gc,marking     ] GC(564) Concurrent Mark From Roots 729.713ms
[2904.530s][info][gc,marking     ] GC(564) Concurrent Preclean
[2904.530s][info][gc,marking     ] GC(564) Concurrent Preclean 0.081ms
[2904.530s][info][gc,start       ] GC(564) Pause Remark
[2904.534s][info][gc             ] GC(564) Pause Remark 1963M->1963M(4096M) 4.485ms
[2904.534s][info][gc,cpu         ] GC(564) User=0.03s Sys=0.00s Real=0.00s
[2904.535s][info][gc,marking     ] GC(564) Concurrent Mark 734.553ms
[2904.535s][info][gc,marking     ] GC(564) Concurrent Rebuild Remembered Sets and Scrub Regions
[2904.778s][info][gc,marking     ] GC(564) Concurrent Rebuild Remembered Sets and Scrub Regions 243.539ms
[2904.778s][info][gc,start       ] GC(564) Pause Cleanup
[2904.778s][info][gc             ] GC(564) Pause Cleanup 2115M->2115M(4096M) 0.099ms
[2904.778s][info][gc,cpu         ] GC(564) User=0.00s Sys=0.00s Real=0.00s
[2904.778s][info][gc,marking     ] GC(564) Concurrent Clear Claimed Marks
[2904.778s][info][gc,marking     ] GC(564) Concurrent Clear Claimed Marks 0.039ms
[2904.778s][info][gc,marking     ] GC(564) Concurrent Cleanup for Next Mark
[2904.783s][info][gc,marking     ] GC(564) Concurrent Cleanup for Next Mark 4.627ms
[2904.783s][info][gc             ] GC(564) Concurrent Mark Cycle 1154.890ms
...[2907.356s][info][gc,start       ] GC(565) Pause Young (Prepare Mixed) (G1 Evacuation Pause)
[2907.356s][info][gc,task        ] GC(565) Using 6 workers of 6 for evacuation
[2907.477s][info][gc,phases      ] GC(565)   Pre Evacuate Collection Set: 0.34ms
[2907.477s][info][gc,phases      ] GC(565)   Merge Heap Roots: 0.50ms
[2907.477s][info][gc,phases      ] GC(565)   Evacuate Collection Set: 119.65ms
[2907.477s][info][gc,phases      ] GC(565)   Post Evacuate Collection Set: 0.91ms
[2907.477s][info][gc,phases      ] GC(565)   Other: 0.09ms
[2907.477s][info][gc,heap        ] GC(565) Eden regions: 1120->0(1102)
[2907.477s][info][gc,heap        ] GC(565) Survivor regions: 108->113(154)
[2907.477s][info][gc,heap        ] GC(565) Old regions: 506->537
[2907.477s][info][gc,heap        ] GC(565) Humongous regions: 80->80
[2907.477s][info][gc,metaspace   ] GC(565) Metaspace: 28995K(29376K)->28995K(29376K) NonClass: 24115K(24256K)->24115K(24256K) Class: 4879K(5120K)->4879K(5120K)
[2907.477s][info][gc             ] GC(565) Pause Young (Prepare Mixed) (G1 Evacuation Pause) 3625M->1457M(4096M) 121.620ms
[2907.477s][info][gc,cpu         ] GC(565) User=0.72s Sys=0.00s Real=0.13s
....[2911.197s][info][gc,start       ] GC(566) Pause Young (Mixed) (G1 Evacuation Pause)
[2911.197s][info][gc,task        ] GC(566) Using 6 workers of 6 for evacuation
[2911.327s][info][gc,phases      ] GC(566)   Pre Evacuate Collection Set: 0.38ms
[2911.327s][info][gc,phases      ] GC(566)   Merge Heap Roots: 0.60ms
[2911.327s][info][gc,phases      ] GC(566)   Evacuate Collection Set: 127.22ms
[2911.327s][info][gc,phases      ] GC(566)   Post Evacuate Collection Set: 0.94ms
[2911.327s][info][gc,phases      ] GC(566)   Other: 0.09ms
[2911.327s][info][gc,heap        ] GC(566) Eden regions: 1102->0(1120)
[2911.327s][info][gc,heap        ] GC(566) Survivor regions: 113->108(152)
[2911.327s][info][gc,heap        ] GC(566) Old regions: 537->474
[2911.327s][info][gc,heap        ] GC(566) Humongous regions: 80->80
[2911.327s][info][gc,metaspace   ] GC(566) Metaspace: 28995K(29376K)->28995K(29376K) NonClass: 24115K(24256K)->24115K(24256K) Class: 4879K(5120K)->4879K(5120K)
[2911.327s][info][gc             ] GC(566) Pause Young (Mixed) (G1 Evacuation Pause) 3661M->1321M(4096M) 129.373ms
[2911.327s][info][gc,cpu         ] GC(566) User=0.76s Sys=0.00s Real=0.13s
...[2915.068s][info][gc,start       ] GC(567) Pause Young (Concurrent Start) (G1 Evacuation Pause)
[2915.068s][info][gc,task        ] GC(567) Using 6 workers of 6 for evacuation
[2915.183s][info][gc,phases      ] GC(567)   Pre Evacuate Collection Set: 0.39ms
[2915.183s][info][gc,phases      ] GC(567)   Merge Heap Roots: 0.47ms
[2915.183s][info][gc,phases      ] GC(567)   Evacuate Collection Set: 113.37ms
[2915.183s][info][gc,phases      ] GC(567)   Post Evacuate Collection Set: 0.89ms
[2915.183s][info][gc,phases      ] GC(567)   Other: 0.12ms
[2915.183s][info][gc,heap        ] GC(567) Eden regions: 1120->0(1121)
[2915.183s][info][gc,heap        ] GC(567) Survivor regions: 108->107(154)
[2915.183s][info][gc,heap        ] GC(567) Old regions: 474->506
[2915.183s][info][gc,heap        ] GC(567) Humongous regions: 80->80
[2915.183s][info][gc,metaspace   ] GC(567) Metaspace: 28995K(29376K)->28995K(29376K) NonClass: 24115K(24256K)->24115K(24256K) Class: 4879K(5120K)->4879K(5120K)
[2915.183s][info][gc             ] GC(567) Pause Young (Concurrent Start) (G1 Evacuation Pause) 3561M->1383M(4096M) 115.379ms
[2915.183s][info][gc             ] GC(568) Concurrent Mark Cycle
[2915.183s][info][gc,marking     ] GC(568) Concurrent Scan Root Regions
[2915.183s][info][gc,cpu         ] GC(567) User=0.68s Sys=0.00s Real=0.11s
.[2915.313s][info][gc,marking     ] GC(568) Concurrent Scan Root Regions 129.219ms
[2915.313s][info][gc,marking     ] GC(568) Concurrent Mark
[2915.313s][info][gc,marking     ] GC(568) Concurrent Mark From Roots
[2915.313s][info][gc,task        ] GC(568) Using 2 workers of 2 for marking
[2915.945s][info][gc,marking     ] GC(568) Concurrent Mark From Roots 632.031ms
[2915.945s][info][gc,marking     ] GC(568) Concurrent Preclean
[2915.945s][info][gc,marking     ] GC(568) Concurrent Preclean 0.160ms
[2915.946s][info][gc,start       ] GC(568) Pause Remark
[2915.950s][info][gc             ] GC(568) Pause Remark 1871M->1871M(4096M) 3.805ms
[2915.950s][info][gc,cpu         ] GC(568) User=0.02s Sys=0.00s Real=0.00s
[2915.950s][info][gc,marking     ] GC(568) Concurrent Mark 637.757ms
[2915.950s][info][gc,marking     ] GC(568) Concurrent Rebuild Remembered Sets and Scrub Regions
.[2916.240s][info][gc,marking     ] GC(568) Concurrent Rebuild Remembered Sets and Scrub Regions 289.329ms
[2916.240s][info][gc,start       ] GC(568) Pause Cleanup
[2916.240s][info][gc             ] GC(568) Pause Cleanup 2057M->2057M(4096M) 0.099ms
[2916.240s][info][gc,cpu         ] GC(568) User=0.00s Sys=0.00s Real=0.00s
[2916.240s][info][gc,marking     ] GC(568) Concurrent Clear Claimed Marks
[2916.240s][info][gc,marking     ] GC(568) Concurrent Clear Claimed Marks 0.024ms
[2916.240s][info][gc,marking     ] GC(568) Concurrent Cleanup for Next Mark
[2916.243s][info][gc,marking     ] GC(568) Concurrent Cleanup for Next Mark 3.206ms
[2916.243s][info][gc             ] GC(568) Concurrent Mark Cycle 1059.914ms
..[2919.027s][info][gc,start       ] GC(569) Pause Young (Prepare Mixed) (G1 Evacuation Pause)
[2919.027s][info][gc,task        ] GC(569) Using 6 workers of 6 for evacuation
[2919.147s][info][gc,phases      ] GC(569)   Pre Evacuate Collection Set: 0.32ms
[2919.147s][info][gc,phases      ] GC(569)   Merge Heap Roots: 0.50ms
[2919.147s][info][gc,phases      ] GC(569)   Evacuate Collection Set: 118.15ms
[2919.147s][info][gc,phases      ] GC(569)   Post Evacuate Collection Set: 0.92ms
[2919.147s][info][gc,phases      ] GC(569)   Other: 0.09ms
[2919.147s][info][gc,heap        ] GC(569) Eden regions: 1121->0(1104)
[2919.147s][info][gc,heap        ] GC(569) Survivor regions: 107->112(154)
[2919.147s][info][gc,heap        ] GC(569) Old regions: 506->537
[2919.147s][info][gc,heap        ] GC(569) Humongous regions: 80->80
[2919.147s][info][gc,metaspace   ] GC(569) Metaspace: 28995K(29376K)->28995K(29376K) NonClass: 24115K(24256K)->24115K(24256K) Class: 4879K(5120K)->4879K(5120K)
[2919.147s][info][gc             ] GC(569) Pause Young (Prepare Mixed) (G1 Evacuation Pause) 3625M->1455M(4096M) 120.134ms
[2919.147s][info][gc,cpu         ] GC(569) User=0.71s Sys=0.00s Real=0.12s
....[2922.856s][info][gc,start       ] GC(570) Pause Young (Mixed) (G1 Evacuation Pause)
[2922.856s][info][gc,task        ] GC(570) Using 6 workers of 6 for evacuation
[2922.986s][info][gc,phases      ] GC(570)   Pre Evacuate Collection Set: 0.40ms
[2922.986s][info][gc,phases      ] GC(570)   Merge Heap Roots: 0.63ms
[2922.986s][info][gc,phases      ] GC(570)   Evacuate Collection Set: 128.56ms
[2922.986s][info][gc,phases      ] GC(570)   Post Evacuate Collection Set: 0.97ms
[2922.986s][info][gc,phases      ] GC(570)   Other: 0.09ms
[2922.986s][info][gc,heap        ] GC(570) Eden regions: 1104->0(1121)
[2922.986s][info][gc,heap        ] GC(570) Survivor regions: 112->107(152)
[2922.986s][info][gc,heap        ] GC(570) Old regions: 537->472
[2922.986s][info][gc,heap        ] GC(570) Humongous regions: 80->80
[2922.986s][info][gc,metaspace   ] GC(570) Metaspace: 28995K(29376K)->28995K(29376K) NonClass: 24115K(24256K)->24115K(24256K) Class: 4879K(5120K)->4879K(5120K)
[2922.986s][info][gc             ] GC(570) Pause Young (Mixed) (G1 Evacuation Pause) 3663M->1315M(4096M) 130.773ms
[2922.986s][info][gc,cpu         ] GC(570) User=0.77s Sys=0.00s Real=0.14s
....[2926.777s][info][gc,start       ] GC(571) Pause Young (Concurrent Start) (G1 Evacuation Pause)
[2926.777s][info][gc,task        ] GC(571) Using 6 workers of 6 for evacuation
[2926.895s][info][gc,phases      ] GC(571)   Pre Evacuate Collection Set: 0.36ms
[2926.895s][info][gc,phases      ] GC(571)   Merge Heap Roots: 0.48ms
[2926.895s][info][gc,phases      ] GC(571)   Evacuate Collection Set: 116.04ms
[2926.895s][info][gc,phases      ] GC(571)   Post Evacuate Collection Set: 0.90ms
[2926.895s][info][gc,phases      ] GC(571)   Other: 0.11ms
[2926.895s][info][gc,heap        ] GC(571) Eden regions: 1121->0(1119)
[2926.895s][info][gc,heap        ] GC(571) Survivor regions: 107->109(154)
[2926.895s][info][gc,heap        ] GC(571) Old regions: 472->505
[2926.895s][info][gc,heap        ] GC(571) Humongous regions: 80->80
[2926.895s][info][gc,metaspace   ] GC(571) Metaspace: 28995K(29376K)->28995K(29376K) NonClass: 24115K(24256K)->24115K(24256K) Class: 4879K(5120K)->4879K(5120K)
[2926.895s][info][gc             ] GC(571) Pause Young (Concurrent Start) (G1 Evacuation Pause) 3557M->1385M(4096M) 118.024ms
[2926.895s][info][gc             ] GC(572) Concurrent Mark Cycle
[2926.895s][info][gc,marking     ] GC(572) Concurrent Scan Root Regions
[2926.895s][info][gc,cpu         ] GC(571) User=0.70s Sys=0.01s Real=0.11s
[2927.068s][info][gc,marking     ] GC(572) Concurrent Scan Root Regions 173.414ms
[2927.068s][info][gc,marking     ] GC(572) Concurrent Mark
[2927.068s][info][gc,marking     ] GC(572) Concurrent Mark From Roots
[2927.068s][info][gc,task        ] GC(572) Using 2 workers of 2 for marking
.[2927.765s][info][gc,marking     ] GC(572) Concurrent Mark From Roots 696.573ms
[2927.765s][info][gc,marking     ] GC(572) Concurrent Preclean
[2927.765s][info][gc,marking     ] GC(572) Concurrent Preclean 0.086ms
[2927.765s][info][gc,start       ] GC(572) Pause Remark
[2927.770s][info][gc             ] GC(572) Pause Remark 1923M->1923M(4096M) 5.285ms
[2927.771s][info][gc,cpu         ] GC(572) User=0.02s Sys=0.00s Real=0.01s
[2927.771s][info][gc,marking     ] GC(572) Concurrent Mark 702.229ms
[2927.771s][info][gc,marking     ] GC(572) Concurrent Rebuild Remembered Sets and Scrub Regions
[2928.029s][info][gc,marking     ] GC(572) Concurrent Rebuild Remembered Sets and Scrub Regions 258.443ms
[2928.029s][info][gc,start       ] GC(572) Pause Cleanup
[2928.029s][info][gc             ] GC(572) Pause Cleanup 2084M->2084M(4096M) 0.105ms
[2928.029s][info][gc,cpu         ] GC(572) User=0.00s Sys=0.00s Real=0.00s
[2928.029s][info][gc,marking     ] GC(572) Concurrent Clear Claimed Marks
[2928.029s][info][gc,marking     ] GC(572) Concurrent Clear Claimed Marks 0.045ms
[2928.029s][info][gc,marking     ] GC(572) Concurrent Cleanup for Next Mark
[2928.034s][info][gc,marking     ] GC(572) Concurrent Cleanup for Next Mark 4.460ms
[2928.034s][info][gc             ] GC(572) Concurrent Mark Cycle 1139.068ms
. (rIR:aIR:PR = 4843:4845:4845) (tPR = 71889) [OK] 
  2927s: Performance info:
         Transaction,    Success,    Partial,     Failed,   Receipts, AvgBarcode, 
             Overall,     291444,          0,          0,     276870,      59.48, 
         Response times:
             Request,    Success,    Partial,     Failed,   SkipFail,     Probes,    Samples,      min,      p50,      p90,      p95,      p99,      max, 
       TotalPurchase,     276864,          0,          0,          0,     271795,     299671,      300,     3900,     7700,    14900,    53000,   278000,
     InStorePurchase,     145772,          0,          0,          0,     143688,     158138,      300,     3900,     7800,    15200,    53000,   278000,
      OnlinePurchase,     101965,          0,          0,          0,      99800,     110066,      300,     3700,     7500,    14365,    52000,   179000,
        InstPurchase,      29127,          0,          0,          0,      28307,      31467,      400,     4000,     7700,    15300,    54000,   179000,
          AssocOfCat,        291,          0,          0,          0,        220,        313,    19300,    31000,    48000,    54300,   159580,   173000,
      AssocOfProduct,       2913,          0,          0,          0,       2722,       3239,      400,     4400,     7900,    13900,    50000,   141000,
      BusinessReport,        729,          0,          0,          0,        618,        764,    24000,    34000,    52000,    68000,   113050,   229000,
          CustBuyBeh,       2912,          0,          0,          0,       2716,       3284,      200,     4100,     7700,    15050,    53000,   138000,
       ProductReturn,       7723,          0,          0,          0,       7337,       8368,      200,     3800,     6900,    12900,    47000,   143000,

  2927s: (36%)   IR =   4981 ..[2930.664s][info][gc,start       ] GC(573) Pause Young (Prepare Mixed) (G1 Evacuation Pause)
[2930.664s][info][gc,task        ] GC(573) Using 6 workers of 6 for evacuation
[2930.782s][info][gc,phases      ] GC(573)   Pre Evacuate Collection Set: 0.37ms
[2930.782s][info][gc,phases      ] GC(573)   Merge Heap Roots: 0.55ms
[2930.782s][info][gc,phases      ] GC(573)   Evacuate Collection Set: 116.05ms
[2930.782s][info][gc,phases      ] GC(573)   Post Evacuate Collection Set: 0.93ms
[2930.782s][info][gc,phases      ] GC(573)   Other: 0.10ms
[2930.782s][info][gc,heap        ] GC(573) Eden regions: 1119->0(1107)
[2930.782s][info][gc,heap        ] GC(573) Survivor regions: 109->111(154)
[2930.782s][info][gc,heap        ] GC(573) Old regions: 505->536
[2930.782s][info][gc,heap        ] GC(573) Humongous regions: 80->80
[2930.782s][info][gc,metaspace   ] GC(573) Metaspace: 28992K(29376K)->28992K(29376K) NonClass: 24113K(24256K)->24113K(24256K) Class: 4878K(5120K)->4878K(5120K)
[2930.782s][info][gc             ] GC(573) Pause Young (Prepare Mixed) (G1 Evacuation Pause) 3623M->1451M(4096M) 118.156ms
[2930.782s][info][gc,cpu         ] GC(573) User=0.70s Sys=0.00s Real=0.12s
...|.[2934.350s][info][gc,start       ] GC(574) Pause Young (Mixed) (G1 Evacuation Pause)
[2934.350s][info][gc,task        ] GC(574) Using 6 workers of 6 for evacuation
[2934.485s][info][gc,phases      ] GC(574)   Pre Evacuate Collection Set: 0.36ms
[2934.485s][info][gc,phases      ] GC(574)   Merge Heap Roots: 0.80ms
[2934.485s][info][gc,phases      ] GC(574)   Evacuate Collection Set: 132.63ms
[2934.485s][info][gc,phases      ] GC(574)   Post Evacuate Collection Set: 0.94ms
[2934.485s][info][gc,phases      ] GC(574)   Other: 0.09ms
[2934.485s][info][gc,heap        ] GC(574) Eden regions: 1107->0(1119)
[2934.485s][info][gc,heap        ] GC(574) Survivor regions: 111->109(153)
[2934.485s][info][gc,heap        ] GC(574) Old regions: 536->472
[2934.485s][info][gc,heap        ] GC(574) Humongous regions: 80->80
[2934.485s][info][gc,metaspace   ] GC(574) Metaspace: 28992K(29376K)->28992K(29376K) NonClass: 24113K(24256K)->24113K(24256K) Class: 4878K(5120K)->4878K(5120K)
[2934.485s][info][gc             ] GC(574) Pause Young (Mixed) (G1 Evacuation Pause) 3665M->1318M(4096M) 134.979ms
[2934.485s][info][gc,cpu         ] GC(574) User=0.80s Sys=0.00s Real=0.13s
...[2938.143s][info][gc,start       ] GC(575) Pause Young (Concurrent Start) (G1 Evacuation Pause)
[2938.143s][info][gc,task        ] GC(575) Using 6 workers of 6 for evacuation
[2938.261s][info][gc,phases      ] GC(575)   Pre Evacuate Collection Set: 0.36ms
[2938.261s][info][gc,phases      ] GC(575)   Merge Heap Roots: 0.48ms
[2938.261s][info][gc,phases      ] GC(575)   Evacuate Collection Set: 116.73ms
[2938.261s][info][gc,phases      ] GC(575)   Post Evacuate Collection Set: 0.89ms
[2938.262s][info][gc,phases      ] GC(575)   Other: 0.09ms
[2938.262s][info][gc,heap        ] GC(575) Eden regions: 1119->0(1119)
[2938.262s][info][gc,heap        ] GC(575) Survivor regions: 109->109(154)
[2938.262s][info][gc,heap        ] GC(575) Old regions: 472->504
[2938.262s][info][gc,heap        ] GC(575) Humongous regions: 80->80
[2938.262s][info][gc,metaspace   ] GC(575) Metaspace: 28992K(29376K)->28992K(29376K) NonClass: 24113K(24256K)->24113K(24256K) Class: 4878K(5120K)->4878K(5120K)
[2938.262s][info][gc             ] GC(575) Pause Young (Concurrent Start) (G1 Evacuation Pause) 3556M->1384M(4096M) 118.704ms
[2938.262s][info][gc             ] GC(576) Concurrent Mark Cycle
[2938.262s][info][gc,marking     ] GC(576) Concurrent Scan Root Regions
[2938.262s][info][gc,cpu         ] GC(575) User=0.71s Sys=0.00s Real=0.12s
.[2938.438s][info][gc,marking     ] GC(576) Concurrent Scan Root Regions 176.636ms
[2938.438s][info][gc,marking     ] GC(576) Concurrent Mark
[2938.438s][info][gc,marking     ] GC(576) Concurrent Mark From Roots
[2938.438s][info][gc,task        ] GC(576) Using 2 workers of 2 for marking
.[2939.379s][info][gc,marking     ] GC(576) Concurrent Mark From Roots 940.702ms
[2939.379s][info][gc,marking     ] GC(576) Concurrent Preclean
[2939.379s][info][gc,marking     ] GC(576) Concurrent Preclean 0.120ms
[2939.379s][info][gc,start       ] GC(576) Pause Remark
[2939.384s][info][gc             ] GC(576) Pause Remark 2093M->2093M(4096M) 5.047ms
[2939.384s][info][gc,cpu         ] GC(576) User=0.03s Sys=0.00s Real=0.00s
[2939.384s][info][gc,marking     ] GC(576) Concurrent Mark 946.147ms
[2939.384s][info][gc,marking     ] GC(576) Concurrent Rebuild Remembered Sets and Scrub Regions
[2939.630s][info][gc,marking     ] GC(576) Concurrent Rebuild Remembered Sets and Scrub Regions 245.423ms
[2939.630s][info][gc,start       ] GC(576) Pause Cleanup
[2939.630s][info][gc             ] GC(576) Pause Cleanup 2250M->2250M(4096M) 0.101ms
[2939.630s][info][gc,cpu         ] GC(576) User=0.00s Sys=0.00s Real=0.00s
[2939.630s][info][gc,marking     ] GC(576) Concurrent Clear Claimed Marks
[2939.630s][info][gc,marking     ] GC(576) Concurrent Clear Claimed Marks 0.026ms
[2939.630s][info][gc,marking     ] GC(576) Concurrent Cleanup for Next Mark
[2939.635s][info][gc,marking     ] GC(576) Concurrent Cleanup for Next Mark 4.414ms
[2939.635s][info][gc             ] GC(576) Concurrent Mark Cycle 1373.048ms
..[2941.941s][info][gc,start       ] GC(577) Pause Young (Prepare Mixed) (G1 Evacuation Pause)
[2941.941s][info][gc,task        ] GC(577) Using 6 workers of 6 for evacuation
[2942.060s][info][gc,phases      ] GC(577)   Pre Evacuate Collection Set: 0.33ms
[2942.060s][info][gc,phases      ] GC(577)   Merge Heap Roots: 0.53ms
[2942.060s][info][gc,phases      ] GC(577)   Evacuate Collection Set: 116.60ms
[2942.060s][info][gc,phases      ] GC(577)   Post Evacuate Collection Set: 0.94ms
[2942.060s][info][gc,phases      ] GC(577)   Other: 0.08ms
[2942.060s][info][gc,heap        ] GC(577) Eden regions: 1119->0(1109)
[2942.060s][info][gc,heap        ] GC(577) Survivor regions: 109->110(154)
[2942.060s][info][gc,heap        ] GC(577) Old regions: 504->536
[2942.060s][info][gc,heap        ] GC(577) Humongous regions: 80->80
[2942.060s][info][gc,metaspace   ] GC(577) Metaspace: 28992K(29376K)->28992K(29376K) NonClass: 24113K(24256K)->24113K(24256K) Class: 4878K(5120K)->4878K(5120K)
[2942.060s][info][gc             ] GC(577) Pause Young (Prepare Mixed) (G1 Evacuation Pause) 3622M->1448M(4096M) 118.611ms
[2942.060s][info][gc,cpu         ] GC(577) User=0.70s Sys=0.00s Real=0.12s
....[2945.685s][info][gc,start       ] GC(578) Pause Young (Mixed) (G1 Evacuation Pause)
[2945.685s][info][gc,task        ] GC(578) Using 6 workers of 6 for evacuation
[2945.820s][info][gc,phases      ] GC(578)   Pre Evacuate Collection Set: 0.39ms
[2945.820s][info][gc,phases      ] GC(578)   Merge Heap Roots: 0.71ms
[2945.820s][info][gc,phases      ] GC(578)   Evacuate Collection Set: 132.91ms
[2945.820s][info][gc,phases      ] GC(578)   Post Evacuate Collection Set: 0.95ms
[2945.820s][info][gc,phases      ] GC(578)   Other: 0.09ms
[2945.820s][info][gc,heap        ] GC(578) Eden regions: 1109->0(1119)
[2945.820s][info][gc,heap        ] GC(578) Survivor regions: 110->109(153)
[2945.820s][info][gc,heap        ] GC(578) Old regions: 536->473
[2945.820s][info][gc,heap        ] GC(578) Humongous regions: 80->80
[2945.820s][info][gc,metaspace   ] GC(578) Metaspace: 28992K(29376K)->28992K(29376K) NonClass: 24113K(24256K)->24113K(24256K) Class: 4878K(5120K)->4878K(5120K)
[2945.820s][info][gc             ] GC(578) Pause Young (Mixed) (G1 Evacuation Pause) 3666M->1321M(4096M) 135.174ms
[2945.820s][info][gc,cpu         ] GC(578) User=0.80s Sys=0.00s Real=0.14s
....[2949.478s][info][gc,start       ] GC(579) Pause Young (Concurrent Start) (G1 Evacuation Pause)
[2949.478s][info][gc,task        ] GC(579) Using 6 workers of 6 for evacuation
[2949.594s][info][gc,phases      ] GC(579)   Pre Evacuate Collection Set: 0.37ms
[2949.594s][info][gc,phases      ] GC(579)   Merge Heap Roots: 0.48ms
[2949.594s][info][gc,phases      ] GC(579)   Evacuate Collection Set: 114.26ms
[2949.594s][info][gc,phases      ] GC(579)   Post Evacuate Collection Set: 0.90ms
[2949.594s][info][gc,phases      ] GC(579)   Other: 0.11ms
[2949.594s][info][gc,heap        ] GC(579) Eden regions: 1119->0(1120)
[2949.594s][info][gc,heap        ] GC(579) Survivor regions: 109->108(154)
[2949.594s][info][gc,heap        ] GC(579) Old regions: 473->505
[2949.594s][info][gc,heap        ] GC(579) Humongous regions: 80->80
[2949.594s][info][gc,metaspace   ] GC(579) Metaspace: 28992K(29376K)->28992K(29376K) NonClass: 24113K(24256K)->24113K(24256K) Class: 4878K(5120K)->4878K(5120K)
[2949.594s][info][gc             ] GC(579) Pause Young (Concurrent Start) (G1 Evacuation Pause) 3559M->1383M(4096M) 116.252ms
[2949.594s][info][gc             ] GC(580) Concurrent Mark Cycle
[2949.594s][info][gc,marking     ] GC(580) Concurrent Scan Root Regions
[2949.594s][info][gc,cpu         ] GC(579) User=0.69s Sys=0.00s Real=0.11s
[2949.743s][info][gc,marking     ] GC(580) Concurrent Scan Root Regions 149.048ms
[2949.743s][info][gc,marking     ] GC(580) Concurrent Mark
[2949.743s][info][gc,marking     ] GC(580) Concurrent Mark From Roots
[2949.743s][info][gc,task        ] GC(580) Using 2 workers of 2 for marking
.[2950.459s][info][gc,marking     ] GC(580) Concurrent Mark From Roots 715.406ms
[2950.459s][info][gc,marking     ] GC(580) Concurrent Preclean
[2950.459s][info][gc,marking     ] GC(580) Concurrent Preclean 0.123ms
[2950.459s][info][gc,start       ] GC(580) Pause Remark
[2950.464s][info][gc             ] GC(580) Pause Remark 1937M->1937M(4096M) 4.571ms
[2950.464s][info][gc,cpu         ] GC(580) User=0.03s Sys=0.00s Real=0.00s
[2950.464s][info][gc,marking     ] GC(580) Concurrent Mark 720.360ms
[2950.464s][info][gc,marking     ] GC(580) Concurrent Rebuild Remembered Sets and Scrub Regions
[2950.821s][info][gc,marking     ] GC(580) Concurrent Rebuild Remembered Sets and Scrub Regions 357.475ms
[2950.821s][info][gc,start       ] GC(580) Pause Cleanup
[2950.822s][info][gc             ] GC(580) Pause Cleanup 2116M->2116M(4096M) 0.102ms
[2950.822s][info][gc,cpu         ] GC(580) User=0.00s Sys=0.00s Real=0.00s
[2950.822s][info][gc,marking     ] GC(580) Concurrent Clear Claimed Marks
[2950.822s][info][gc,marking     ] GC(580) Concurrent Clear Claimed Marks 0.024ms
[2950.822s][info][gc,marking     ] GC(580) Concurrent Cleanup for Next Mark
[2950.826s][info][gc,marking     ] GC(580) Concurrent Cleanup for Next Mark 4.117ms
[2950.826s][info][gc             ] GC(580) Concurrent Mark Cycle 1231.464ms
...[2953.323s][info][gc,start       ] GC(581) Pause Young (Prepare Mixed) (G1 Evacuation Pause)
[2953.323s][info][gc,task        ] GC(581) Using 6 workers of 6 for evacuation
[2953.443s][info][gc,phases      ] GC(581)   Pre Evacuate Collection Set: 0.34ms
[2953.443s][info][gc,phases      ] GC(581)   Merge Heap Roots: 0.50ms
[2953.443s][info][gc,phases      ] GC(581)   Evacuate Collection Set: 118.02ms
[2953.443s][info][gc,phases      ] GC(581)   Post Evacuate Collection Set: 0.97ms
[2953.443s][info][gc,phases      ] GC(581)   Other: 0.09ms
[2953.443s][info][gc,heap        ] GC(581) Eden regions: 1120->0(1107)
[2953.443s][info][gc,heap        ] GC(581) Survivor regions: 108->111(154)
[2953.443s][info][gc,heap        ] GC(581) Old regions: 505->536
[2953.443s][info][gc,heap        ] GC(581) Humongous regions: 80->80
[2953.443s][info][gc,metaspace   ] GC(581) Metaspace: 28992K(29376K)->28992K(29376K) NonClass: 24113K(24256K)->24113K(24256K) Class: 4878K(5120K)->4878K(5120K)
[2953.443s][info][gc             ] GC(581) Pause Young (Prepare Mixed) (G1 Evacuation Pause) 3623M->1451M(4096M) 120.052ms
[2953.443s][info][gc,cpu         ] GC(581) User=0.71s Sys=0.00s Real=0.12s
...[2957.059s][info][gc,start       ] GC(582) Pause Young (Mixed) (G1 Evacuation Pause)
[2957.059s][info][gc,task        ] GC(582) Using 6 workers of 6 for evacuation
[2957.198s][info][gc,phases      ] GC(582)   Pre Evacuate Collection Set: 0.38ms
[2957.198s][info][gc,phases      ] GC(582)   Merge Heap Roots: 0.77ms
[2957.198s][info][gc,phases      ] GC(582)   Evacuate Collection Set: 136.22ms
[2957.198s][info][gc,phases      ] GC(582)   Post Evacuate Collection Set: 0.93ms
[2957.198s][info][gc,phases      ] GC(582)   Other: 0.09ms
[2957.198s][info][gc,heap        ] GC(582) Eden regions: 1107->0(1119)
[2957.198s][info][gc,heap        ] GC(582) Survivor regions: 111->109(153)
[2957.198s][info][gc,heap        ] GC(582) Old regions: 536->471
[2957.198s][info][gc,heap        ] GC(582) Humongous regions: 80->80
[2957.198s][info][gc,metaspace   ] GC(582) Metaspace: 28992K(29376K)->28992K(29376K) NonClass: 24113K(24256K)->24113K(24256K) Class: 4878K(5120K)->4878K(5120K)
[2957.198s][info][gc             ] GC(582) Pause Young (Mixed) (G1 Evacuation Pause) 3665M->1317M(4096M) 138.520ms
[2957.198s][info][gc,cpu         ] GC(582) User=0.81s Sys=0.00s Real=0.14s
....[2960.879s][info][gc,start       ] GC(583) Pause Young (Concurrent Start) (G1 Evacuation Pause)
[2960.879s][info][gc,task        ] GC(583) Using 6 workers of 6 for evacuation
[2960.994s][info][gc,phases      ] GC(583)   Pre Evacuate Collection Set: 0.36ms
[2960.995s][info][gc,phases      ] GC(583)   Merge Heap Roots: 0.47ms
[2960.995s][info][gc,phases      ] GC(583)   Evacuate Collection Set: 114.10ms
[2960.995s][info][gc,phases      ] GC(583)   Post Evacuate Collection Set: 0.90ms
[2960.995s][info][gc,phases      ] GC(583)   Other: 0.11ms
[2960.995s][info][gc,heap        ] GC(583) Eden regions: 1119->0(1120)
[2960.995s][info][gc,heap        ] GC(583) Survivor regions: 109->108(154)
[2960.995s][info][gc,heap        ] GC(583) Old regions: 471->503
[2960.995s][info][gc,heap        ] GC(583) Humongous regions: 80->80
[2960.995s][info][gc,metaspace   ] GC(583) Metaspace: 28992K(29376K)->28992K(29376K) NonClass: 24113K(24256K)->24113K(24256K) Class: 4878K(5120K)->4878K(5120K)
[2960.995s][info][gc             ] GC(583) Pause Young (Concurrent Start) (G1 Evacuation Pause) 3555M->1379M(4096M) 116.079ms
[2960.995s][info][gc             ] GC(584) Concurrent Mark Cycle
[2960.995s][info][gc,marking     ] GC(584) Concurrent Scan Root Regions
[2960.995s][info][gc,cpu         ] GC(583) User=0.69s Sys=0.00s Real=0.11s
[2961.135s][info][gc,marking     ] GC(584) Concurrent Scan Root Regions 140.448ms
[2961.135s][info][gc,marking     ] GC(584) Concurrent Mark
[2961.135s][info][gc,marking     ] GC(584) Concurrent Mark From Roots
[2961.135s][info][gc,task        ] GC(584) Using 2 workers of 2 for marking
.[2961.747s][info][gc,marking     ] GC(584) Concurrent Mark From Roots 611.651ms
[2961.747s][info][gc,marking     ] GC(584) Concurrent Preclean
[2961.747s][info][gc,marking     ] GC(584) Concurrent Preclean 0.122ms
[2961.747s][info][gc,start       ] GC(584) Pause Remark
[2961.752s][info][gc             ] GC(584) Pause Remark 1847M->1847M(4096M) 4.625ms
[2961.752s][info][gc,cpu         ] GC(584) User=0.02s Sys=0.00s Real=0.00s
[2961.752s][info][gc,marking     ] GC(584) Concurrent Mark 617.320ms
[2961.752s][info][gc,marking     ] GC(584) Concurrent Rebuild Remembered Sets and Scrub Regions
[2962.032s][info][gc,marking     ] GC(584) Concurrent Rebuild Remembered Sets and Scrub Regions 279.878ms
[2962.033s][info][gc,start       ] GC(584) Pause Cleanup
[2962.033s][info][gc             ] GC(584) Pause Cleanup 2014M->2014M(4096M) 0.102ms
[2962.033s][info][gc,cpu         ] GC(584) User=0.00s Sys=0.00s Real=0.00s
[2962.033s][info][gc,marking     ] GC(584) Concurrent Clear Claimed Marks
[2962.033s][info][gc,marking     ] GC(584) Concurrent Clear Claimed Marks 0.025ms
[2962.033s][info][gc,marking     ] GC(584) Concurrent Cleanup for Next Mark
[2962.037s][info][gc,marking     ] GC(584) Concurrent Cleanup for Next Mark 4.589ms
[2962.037s][info][gc             ] GC(584) Concurrent Mark Cycle 1042.749ms
...[2964.676s][info][gc,start       ] GC(585) Pause Young (Prepare Mixed) (G1 Evacuation Pause)
[2964.676s][info][gc,task        ] GC(585) Using 6 workers of 6 for evacuation
[2964.795s][info][gc,phases      ] GC(585)   Pre Evacuate Collection Set: 0.34ms
[2964.795s][info][gc,phases      ] GC(585)   Merge Heap Roots: 0.57ms
[2964.795s][info][gc,phases      ] GC(585)   Evacuate Collection Set: 116.85ms
[2964.795s][info][gc,phases      ] GC(585)   Post Evacuate Collection Set: 0.90ms
[2964.795s][info][gc,phases      ] GC(585)   Other: 0.09ms
[2964.795s][info][gc,heap        ] GC(585) Eden regions: 1120->0(1110)
[2964.795s][info][gc,heap        ] GC(585) Survivor regions: 108->110(154)
[2964.795s][info][gc,heap        ] GC(585) Old regions: 503->535
[2964.795s][info][gc,heap        ] GC(585) Humongous regions: 80->80
[2964.795s][info][gc,metaspace   ] GC(585) Metaspace: 28992K(29376K)->28992K(29376K) NonClass: 24113K(24256K)->24113K(24256K) Class: 4878K(5120K)->4878K(5120K)
[2964.795s][info][gc             ] GC(585) Pause Young (Prepare Mixed) (G1 Evacuation Pause) 3619M->1447M(4096M) 118.888ms
[2964.795s][info][gc,cpu         ] GC(585) User=0.70s Sys=0.00s Real=0.11s
....[2968.400s][info][gc,start       ] GC(586) Pause Young (Mixed) (G1 Evacuation Pause)
[2968.400s][info][gc,task        ] GC(586) Using 6 workers of 6 for evacuation
[2968.532s][info][gc,phases      ] GC(586)   Pre Evacuate Collection Set: 0.39ms
[2968.532s][info][gc,phases      ] GC(586)   Merge Heap Roots: 0.65ms
[2968.532s][info][gc,phases      ] GC(586)   Evacuate Collection Set: 130.29ms
[2968.532s][info][gc,phases      ] GC(586)   Post Evacuate Collection Set: 0.97ms
[2968.532s][info][gc,phases      ] GC(586)   Other: 0.09ms
[2968.532s][info][gc,heap        ] GC(586) Eden regions: 1110->0(1120)
[2968.532s][info][gc,heap        ] GC(586) Survivor regions: 110->108(153)
[2968.532s][info][gc,heap        ] GC(586) Old regions: 535->472
[2968.532s][info][gc,heap        ] GC(586) Humongous regions: 80->80
[2968.532s][info][gc,metaspace   ] GC(586) Metaspace: 28992K(29376K)->28992K(29376K) NonClass: 24113K(24256K)->24113K(24256K) Class: 4878K(5120K)->4878K(5120K)
[2968.532s][info][gc             ] GC(586) Pause Young (Mixed) (G1 Evacuation Pause) 3667M->1317M(4096M) 132.511ms
[2968.532s][info][gc,cpu         ] GC(586) User=0.78s Sys=0.00s Real=0.13s
...[2972.237s][info][gc,start       ] GC(587) Pause Young (Concurrent Start) (G1 Evacuation Pause)
[2972.237s][info][gc,task        ] GC(587) Using 6 workers of 6 for evacuation
[2972.354s][info][gc,phases      ] GC(587)   Pre Evacuate Collection Set: 0.40ms
[2972.354s][info][gc,phases      ] GC(587)   Merge Heap Roots: 0.50ms
[2972.354s][info][gc,phases      ] GC(587)   Evacuate Collection Set: 115.55ms
[2972.354s][info][gc,phases      ] GC(587)   Post Evacuate Collection Set: 0.88ms
[2972.354s][info][gc,phases      ] GC(587)   Other: 0.12ms
[2972.354s][info][gc,heap        ] GC(587) Eden regions: 1120->0(1119)
[2972.354s][info][gc,heap        ] GC(587) Survivor regions: 108->109(154)
[2972.354s][info][gc,heap        ] GC(587) Old regions: 472->503
[2972.354s][info][gc,heap        ] GC(587) Humongous regions: 80->80
[2972.354s][info][gc,metaspace   ] GC(587) Metaspace: 28992K(29376K)->28992K(29376K) NonClass: 24113K(24256K)->24113K(24256K) Class: 4878K(5120K)->4878K(5120K)
[2972.354s][info][gc             ] GC(587) Pause Young (Concurrent Start) (G1 Evacuation Pause) 3557M->1382M(4096M) 117.582ms
[2972.354s][info][gc             ] GC(588) Concurrent Mark Cycle
[2972.354s][info][gc,marking     ] GC(588) Concurrent Scan Root Regions
[2972.354s][info][gc,cpu         ] GC(587) User=0.69s Sys=0.00s Real=0.11s
.[2972.526s][info][gc,marking     ] GC(588) Concurrent Scan Root Regions 171.828ms
[2972.526s][info][gc,marking     ] GC(588) Concurrent Mark
[2972.526s][info][gc,marking     ] GC(588) Concurrent Mark From Roots
[2972.526s][info][gc,task        ] GC(588) Using 2 workers of 2 for marking
.[2973.465s][info][gc,marking     ] GC(588) Concurrent Mark From Roots 938.778ms
[2973.465s][info][gc,marking     ] GC(588) Concurrent Preclean
[2973.465s][info][gc,marking     ] GC(588) Concurrent Preclean 0.125ms
[2973.465s][info][gc,start       ] GC(588) Pause Remark
[2973.470s][info][gc             ] GC(588) Pause Remark 2092M->2092M(4096M) 4.865ms
[2973.470s][info][gc,cpu         ] GC(588) User=0.02s Sys=0.00s Real=0.01s
[2973.470s][info][gc,marking     ] GC(588) Concurrent Mark 944.313ms
[2973.470s][info][gc,marking     ] GC(588) Concurrent Rebuild Remembered Sets and Scrub Regions
[2973.831s][info][gc,marking     ] GC(588) Concurrent Rebuild Remembered Sets and Scrub Regions 360.204ms
[2973.831s][info][gc,start       ] GC(588) Pause Cleanup
[2973.831s][info][gc             ] GC(588) Pause Cleanup 2355M->2355M(4096M) 0.104ms
[2973.831s][info][gc,cpu         ] GC(588) User=0.00s Sys=0.00s Real=0.00s
[2973.831s][info][gc,marking     ] GC(588) Concurrent Clear Claimed Marks
[2973.831s][info][gc,marking     ] GC(588) Concurrent Clear Claimed Marks 0.026ms
[2973.831s][info][gc,marking     ] GC(588) Concurrent Cleanup for Next Mark
[2973.836s][info][gc,marking     ] GC(588) Concurrent Cleanup for Next Mark 5.083ms
[2973.836s][info][gc             ] GC(588) Concurrent Mark Cycle 1481.928ms
..[2975.920s][info][gc,start       ] GC(589) Pause Young (Prepare Mixed) (G1 Evacuation Pause)
[2975.920s][info][gc,task        ] GC(589) Using 6 workers of 6 for evacuation
[2976.041s][info][gc,phases      ] GC(589)   Pre Evacuate Collection Set: 0.36ms
[2976.041s][info][gc,phases      ] GC(589)   Merge Heap Roots: 0.53ms
[2976.041s][info][gc,phases      ] GC(589)   Evacuate Collection Set: 118.51ms
[2976.041s][info][gc,phases      ] GC(589)   Post Evacuate Collection Set: 0.92ms
[2976.041s][info][gc,phases      ] GC(589)   Other: 0.09ms
[2976.041s][info][gc,heap        ] GC(589) Eden regions: 1119->0(1110)
[2976.041s][info][gc,heap        ] GC(589) Survivor regions: 109->110(154)
[2976.041s][info][gc,heap        ] GC(589) Old regions: 503->535
[2976.041s][info][gc,heap        ] GC(589) Humongous regions: 80->80
[2976.041s][info][gc,metaspace   ] GC(589) Metaspace: 28992K(29376K)->28992K(29376K) NonClass: 24113K(24256K)->24113K(24256K) Class: 4878K(5120K)->4878K(5120K)
[2976.041s][info][gc             ] GC(589) Pause Young (Prepare Mixed) (G1 Evacuation Pause) 3620M->1447M(4096M) 120.538ms
[2976.041s][info][gc,cpu         ] GC(589) User=0.71s Sys=0.00s Real=0.12s
....[2979.770s][info][gc,start       ] GC(590) Pause Young (Mixed) (G1 Evacuation Pause)
[2979.770s][info][gc,task        ] GC(590) Using 6 workers of 6 for evacuation
[2979.910s][info][gc,phases      ] GC(590)   Pre Evacuate Collection Set: 0.37ms
[2979.910s][info][gc,phases      ] GC(590)   Merge Heap Roots: 0.69ms
[2979.910s][info][gc,phases      ] GC(590)   Evacuate Collection Set: 137.04ms
[2979.910s][info][gc,phases      ] GC(590)   Post Evacuate Collection Set: 0.96ms
[2979.910s][info][gc,phases      ] GC(590)   Other: 0.10ms
[2979.910s][info][gc,heap        ] GC(590) Eden regions: 1110->0(1115)
[2979.910s][info][gc,heap        ] GC(590) Survivor regions: 110->113(153)
[2979.910s][info][gc,heap        ] GC(590) Old regions: 535->473
[2979.910s][info][gc,heap        ] GC(590) Humongous regions: 80->80
[2979.910s][info][gc,metaspace   ] GC(590) Metaspace: 28992K(29376K)->28992K(29376K) NonClass: 24113K(24256K)->24113K(24256K) Class: 4878K(5120K)->4878K(5120K)
[2979.910s][info][gc             ] GC(590) Pause Young (Mixed) (G1 Evacuation Pause) 3667M->1329M(4096M) 139.292ms
[2979.910s][info][gc,cpu         ] GC(590) User=0.83s Sys=0.00s Real=0.14s
....[2983.567s][info][gc,start       ] GC(591) Pause Young (Concurrent Start) (G1 Evacuation Pause)
[2983.567s][info][gc,task        ] GC(591) Using 6 workers of 6 for evacuation
[2983.687s][info][gc,phases      ] GC(591)   Pre Evacuate Collection Set: 0.36ms
[2983.687s][info][gc,phases      ] GC(591)   Merge Heap Roots: 0.48ms
[2983.687s][info][gc,phases      ] GC(591)   Evacuate Collection Set: 118.65ms
[2983.687s][info][gc,phases      ] GC(591)   Post Evacuate Collection Set: 0.90ms
[2983.687s][info][gc,phases      ] GC(591)   Other: 0.11ms
[2983.687s][info][gc,heap        ] GC(591) Eden regions: 1115->0(1117)
[2983.687s][info][gc,heap        ] GC(591) Survivor regions: 113->111(154)
[2983.687s][info][gc,heap        ] GC(591) Old regions: 473->504
[2983.687s][info][gc,heap        ] GC(591) Humongous regions: 80->80
[2983.687s][info][gc,metaspace   ] GC(591) Metaspace: 28992K(29376K)->28992K(29376K) NonClass: 24113K(24256K)->24113K(24256K) Class: 4878K(5120K)->4878K(5120K)
[2983.687s][info][gc             ] GC(591) Pause Young (Concurrent Start) (G1 Evacuation Pause) 3559M->1387M(4096M) 120.622ms
[2983.687s][info][gc             ] GC(592) Concurrent Mark Cycle
[2983.687s][info][gc,marking     ] GC(592) Concurrent Scan Root Regions
[2983.687s][info][gc,cpu         ] GC(591) User=0.71s Sys=0.00s Real=0.12s
[2983.861s][info][gc,marking     ] GC(592) Concurrent Scan Root Regions 173.971ms
[2983.861s][info][gc,marking     ] GC(592) Concurrent Mark
[2983.861s][info][gc,marking     ] GC(592) Concurrent Mark From Roots
[2983.861s][info][gc,task        ] GC(592) Using 2 workers of 2 for marking
.[2984.805s][info][gc,marking     ] GC(592) Concurrent Mark From Roots 944.118ms
[2984.805s][info][gc,marking     ] GC(592) Concurrent Preclean
[2984.806s][info][gc,marking     ] GC(592) Concurrent Preclean 0.119ms
[2984.806s][info][gc,start       ] GC(592) Pause Remark
[2984.811s][info][gc             ] GC(592) Pause Remark 2152M->2152M(4096M) 5.609ms
[2984.811s][info][gc,cpu         ] GC(592) User=0.03s Sys=0.00s Real=0.01s
[2984.812s][info][gc,marking     ] GC(592) Concurrent Mark 950.339ms
[2984.812s][info][gc,marking     ] GC(592) Concurrent Rebuild Remembered Sets and Scrub Regions
[2985.112s][info][gc,marking     ] GC(592) Concurrent Rebuild Remembered Sets and Scrub Regions 300.092ms
[2985.112s][info][gc,start       ] GC(592) Pause Cleanup
[2985.112s][info][gc             ] GC(592) Pause Cleanup 2350M->2350M(4096M) 0.115ms
[2985.112s][info][gc,cpu         ] GC(592) User=0.00s Sys=0.00s Real=0.00s
[2985.112s][info][gc,marking     ] GC(592) Concurrent Clear Claimed Marks
[2985.112s][info][gc,marking     ] GC(592) Concurrent Clear Claimed Marks 0.023ms
[2985.112s][info][gc,marking     ] GC(592) Concurrent Cleanup for Next Mark
[2985.115s][info][gc,marking     ] GC(592) Concurrent Cleanup for Next Mark 3.258ms
[2985.115s][info][gc             ] GC(592) Concurrent Mark Cycle 1428.118ms
..[2987.334s][info][gc,start       ] GC(593) Pause Young (Prepare Mixed) (G1 Evacuation Pause)
[2987.334s][info][gc,task        ] GC(593) Using 6 workers of 6 for evacuation
[2987.456s][info][gc,phases      ] GC(593)   Pre Evacuate Collection Set: 0.31ms
[2987.456s][info][gc,phases      ] GC(593)   Merge Heap Roots: 0.58ms
[2987.456s][info][gc,phases      ] GC(593)   Evacuate Collection Set: 119.96ms
[2987.456s][info][gc,phases      ] GC(593)   Post Evacuate Collection Set: 0.92ms
[2987.456s][info][gc,phases      ] GC(593)   Other: 0.12ms
[2987.456s][info][gc,heap        ] GC(593) Eden regions: 1117->0(1107)
[2987.456s][info][gc,heap        ] GC(593) Survivor regions: 111->111(154)
[2987.456s][info][gc,heap        ] GC(593) Old regions: 504->536
[2987.456s][info][gc,heap        ] GC(593) Humongous regions: 80->80
[2987.456s][info][gc,metaspace   ] GC(593) Metaspace: 28992K(29376K)->28992K(29376K) NonClass: 24113K(24256K)->24113K(24256K) Class: 4878K(5120K)->4878K(5120K)
[2987.456s][info][gc             ] GC(593) Pause Young (Prepare Mixed) (G1 Evacuation Pause) 3621M->1451M(4096M) 122.027ms
[2987.456s][info][gc,cpu         ] GC(593) User=0.73s Sys=0.00s Real=0.13s
....[2991.083s][info][gc,start       ] GC(594) Pause Young (Mixed) (G1 Evacuation Pause)
[2991.083s][info][gc,task        ] GC(594) Using 6 workers of 6 for evacuation
[2991.214s][info][gc,phases      ] GC(594)   Pre Evacuate Collection Set: 0.36ms
[2991.214s][info][gc,phases      ] GC(594)   Merge Heap Roots: 0.60ms
[2991.214s][info][gc,phases      ] GC(594)   Evacuate Collection Set: 128.64ms
[2991.214s][info][gc,phases      ] GC(594)   Post Evacuate Collection Set: 0.93ms
[2991.214s][info][gc,phases      ] GC(594)   Other: 0.09ms
[2991.214s][info][gc,heap        ] GC(594) Eden regions: 1107->0(1120)
[2991.214s][info][gc,heap        ] GC(594) Survivor regions: 111->108(153)
[2991.214s][info][gc,heap        ] GC(594) Old regions: 536->472
[2991.214s][info][gc,heap        ] GC(594) Humongous regions: 80->80
[2991.214s][info][gc,metaspace   ] GC(594) Metaspace: 28992K(29376K)->28992K(29376K) NonClass: 24113K(24256K)->24113K(24256K) Class: 4878K(5120K)->4878K(5120K)
[2991.214s][info][gc             ] GC(594) Pause Young (Mixed) (G1 Evacuation Pause) 3665M->1317M(4096M) 130.741ms
[2991.214s][info][gc,cpu         ] GC(594) User=0.77s Sys=0.00s Real=0.13s
... (rIR:aIR:PR = 4981:4983:4983) (tPR = 74197) [OK] 
  2993s: Performance info:
         Transaction,    Success,    Partial,     Failed,   Receipts, AvgBarcode, 
             Overall,     300150,          0,          0,     285121,      59.47, 
         Response times:
             Request,    Success,    Partial,     Failed,   SkipFail,     Probes,    Samples,      min,      p50,      p90,      p95,      p99,      max, 
       TotalPurchase,     285117,          0,          0,          0,     279453,     303695,      300,     4000,     8000,    16900,    66000,   203000,
     InStorePurchase,     150108,          0,          0,          0,     147190,     159448,      300,     3900,     7900,    16500,    63000,   203000,
      OnlinePurchase,     104989,          0,          0,          0,     103116,     112166,      300,     4100,     8000,    17300,    70000,   203000,
        InstPurchase,      30020,          0,          0,          0,      29147,      32081,      400,     4200,     8100,    17700,    69000,   203000,
          AssocOfCat,        298,          0,          0,          0,        213,        316,    21000,    32000,    62000,    77000,   158300,   222000,
      AssocOfProduct,       3009,          0,          0,          0,       2752,       3192,      500,     4300,     7700,    17000,    80070,   148000,
      BusinessReport,        749,          0,          0,          0,        669,        843,    19200,    34000,    53000,    66800,   161800,   272000,
          CustBuyBeh,       3006,          0,          0,          0,       2798,       3244,      200,     2800,     7500,    12475,    57000,   142000,
       ProductReturn,       7962,          0,          0,          0,       7594,       8502,      200,     3000,     6700,    15100,    62000,   179000,

  2993s: (37%)   IR =   5120 .[2994.850s][info][gc,start       ] GC(595) Pause Young (Concurrent Start) (G1 Evacuation Pause)
[2994.850s][info][gc,task        ] GC(595) Using 6 workers of 6 for evacuation
[2994.966s][info][gc,phases      ] GC(595)   Pre Evacuate Collection Set: 0.40ms
[2994.966s][info][gc,phases      ] GC(595)   Merge Heap Roots: 0.48ms
[2994.966s][info][gc,phases      ] GC(595)   Evacuate Collection Set: 113.38ms
[2994.966s][info][gc,phases      ] GC(595)   Post Evacuate Collection Set: 0.89ms
[2994.966s][info][gc,phases      ] GC(595)   Other: 0.14ms
[2994.966s][info][gc,heap        ] GC(595) Eden regions: 1120->0(1121)
[2994.966s][info][gc,heap        ] GC(595) Survivor regions: 108->107(154)
[2994.966s][info][gc,heap        ] GC(595) Old regions: 472->503
[2994.966s][info][gc,heap        ] GC(595) Humongous regions: 80->80
[2994.966s][info][gc,metaspace   ] GC(595) Metaspace: 28992K(29376K)->28992K(29376K) NonClass: 24113K(24256K)->24113K(24256K) Class: 4878K(5120K)->4878K(5120K)
[2994.966s][info][gc             ] GC(595) Pause Young (Concurrent Start) (G1 Evacuation Pause) 3557M->1378M(4096M) 115.429ms
[2994.966s][info][gc             ] GC(596) Concurrent Mark Cycle
[2994.966s][info][gc,marking     ] GC(596) Concurrent Scan Root Regions
[2994.966s][info][gc,cpu         ] GC(595) User=0.68s Sys=0.00s Real=0.11s
[2995.131s][info][gc,marking     ] GC(596) Concurrent Scan Root Regions 165.203ms
[2995.131s][info][gc,marking     ] GC(596) Concurrent Mark
[2995.131s][info][gc,marking     ] GC(596) Concurrent Mark From Roots
[2995.131s][info][gc,task        ] GC(596) Using 2 workers of 2 for marking
.[2996.106s][info][gc,marking     ] GC(596) Concurrent Mark From Roots 975.193ms
[2996.106s][info][gc,marking     ] GC(596) Concurrent Preclean
[2996.106s][info][gc,marking     ] GC(596) Concurrent Preclean 0.122ms
[2996.106s][info][gc,start       ] GC(596) Pause Remark
[2996.112s][info][gc             ] GC(596) Pause Remark 2092M->2092M(4096M) 5.283ms
[2996.112s][info][gc,cpu         ] GC(596) User=0.03s Sys=0.00s Real=0.00s
[2996.112s][info][gc,marking     ] GC(596) Concurrent Mark 980.895ms
[2996.112s][info][gc,marking     ] GC(596) Concurrent Rebuild Remembered Sets and Scrub Regions
[2996.394s][info][gc,marking     ] GC(596) Concurrent Rebuild Remembered Sets and Scrub Regions 282.495ms
[2996.394s][info][gc,start       ] GC(596) Pause Cleanup
[2996.395s][info][gc             ] GC(596) Pause Cleanup 2270M->2270M(4096M) 0.096ms
[2996.395s][info][gc,cpu         ] GC(596) User=0.00s Sys=0.00s Real=0.00s
[2996.395s][info][gc,marking     ] GC(596) Concurrent Clear Claimed Marks
[2996.395s][info][gc,marking     ] GC(596) Concurrent Clear Claimed Marks 0.022ms
[2996.395s][info][gc,marking     ] GC(596) Concurrent Cleanup for Next Mark
[2996.398s][info][gc,marking     ] GC(596) Concurrent Cleanup for Next Mark 3.690ms
[2996.398s][info][gc             ] GC(596) Concurrent Mark Cycle 1432.733ms
..|.[2998.588s][info][gc,start       ] GC(597) Pause Young (Prepare Mixed) (G1 Evacuation Pause)
[2998.588s][info][gc,task        ] GC(597) Using 6 workers of 6 for evacuation
[2998.708s][info][gc,phases      ] GC(597)   Pre Evacuate Collection Set: 0.34ms
[2998.708s][info][gc,phases      ] GC(597)   Merge Heap Roots: 0.49ms
[2998.708s][info][gc,phases      ] GC(597)   Evacuate Collection Set: 118.78ms
[2998.708s][info][gc,phases      ] GC(597)   Post Evacuate Collection Set: 0.93ms
[2998.708s][info][gc,phases      ] GC(597)   Other: 0.08ms
[2998.708s][info][gc,heap        ] GC(597) Eden regions: 1121->0(1106)
[2998.708s][info][gc,heap        ] GC(597) Survivor regions: 107->112(154)
[2998.708s][info][gc,heap        ] GC(597) Old regions: 503->535
[2998.708s][info][gc,heap        ] GC(597) Humongous regions: 80->80
[2998.709s][info][gc,metaspace   ] GC(597) Metaspace: 28992K(29376K)->28992K(29376K) NonClass: 24113K(24256K)->24113K(24256K) Class: 4878K(5120K)->4878K(5120K)
[2998.709s][info][gc             ] GC(597) Pause Young (Prepare Mixed) (G1 Evacuation Pause) 3620M->1451M(4096M) 120.749ms
[2998.709s][info][gc,cpu         ] GC(597) User=0.71s Sys=0.01s Real=0.12s
...[3002.191s][info][gc,start       ] GC(598) Pause Young (Mixed) (G1 Evacuation Pause)
[3002.191s][info][gc,task        ] GC(598) Using 6 workers of 6 for evacuation
[3002.324s][info][gc,phases      ] GC(598)   Pre Evacuate Collection Set: 0.40ms
[3002.324s][info][gc,phases      ] GC(598)   Merge Heap Roots: 0.66ms
[3002.324s][info][gc,phases      ] GC(598)   Evacuate Collection Set: 131.38ms
[3002.324s][info][gc,phases      ] GC(598)   Post Evacuate Collection Set: 0.98ms
[3002.324s][info][gc,phases      ] GC(598)   Other: 0.09ms
[3002.324s][info][gc,heap        ] GC(598) Eden regions: 1106->0(1120)
[3002.324s][info][gc,heap        ] GC(598) Survivor regions: 112->108(153)
[3002.324s][info][gc,heap        ] GC(598) Old regions: 535->472
[3002.324s][info][gc,heap        ] GC(598) Humongous regions: 80->80
[3002.324s][info][gc,metaspace   ] GC(598) Metaspace: 28992K(29376K)->28992K(29376K) NonClass: 24113K(24256K)->24113K(24256K) Class: 4878K(5120K)->4878K(5120K)
[3002.324s][info][gc             ] GC(598) Pause Young (Mixed) (G1 Evacuation Pause) 3663M->1318M(4096M) 133.659ms
[3002.324s][info][gc,cpu         ] GC(598) User=0.80s Sys=0.00s Real=0.13s
....[3005.826s][info][gc,start       ] GC(599) Pause Young (Concurrent Start) (G1 Evacuation Pause)
[3005.826s][info][gc,task        ] GC(599) Using 6 workers of 6 for evacuation
[3005.942s][info][gc,phases      ] GC(599)   Pre Evacuate Collection Set: 0.37ms
[3005.942s][info][gc,phases      ] GC(599)   Merge Heap Roots: 0.45ms
[3005.942s][info][gc,phases      ] GC(599)   Evacuate Collection Set: 113.21ms
[3005.942s][info][gc,phases      ] GC(599)   Post Evacuate Collection Set: 0.90ms
[3005.942s][info][gc,phases      ] GC(599)   Other: 0.11ms
[3005.942s][info][gc,heap        ] GC(599) Eden regions: 1120->0(1122)
[3005.942s][info][gc,heap        ] GC(599) Survivor regions: 108->106(154)
[3005.942s][info][gc,heap        ] GC(599) Old regions: 472->504
[3005.942s][info][gc,heap        ] GC(599) Humongous regions: 80->80
[3005.942s][info][gc,metaspace   ] GC(599) Metaspace: 28992K(29376K)->28992K(29376K) NonClass: 24113K(24256K)->24113K(24256K) Class: 4878K(5120K)->4878K(5120K)
[3005.942s][info][gc             ] GC(599) Pause Young (Concurrent Start) (G1 Evacuation Pause) 3558M->1378M(4096M) 115.184ms
[3005.942s][info][gc             ] GC(600) Concurrent Mark Cycle
[3005.942s][info][gc,marking     ] GC(600) Concurrent Scan Root Regions
[3005.942s][info][gc,cpu         ] GC(599) User=0.68s Sys=0.00s Real=0.11s
[3006.100s][info][gc,marking     ] GC(600) Concurrent Scan Root Regions 158.166ms
[3006.100s][info][gc,marking     ] GC(600) Concurrent Mark
[3006.100s][info][gc,marking     ] GC(600) Concurrent Mark From Roots
[3006.100s][info][gc,task        ] GC(600) Using 2 workers of 2 for marking
.[3006.831s][info][gc,marking     ] GC(600) Concurrent Mark From Roots 730.792ms
[3006.831s][info][gc,marking     ] GC(600) Concurrent Preclean
[3006.831s][info][gc,marking     ] GC(600) Concurrent Preclean 0.081ms
[3006.831s][info][gc,start       ] GC(600) Pause Remark
[3006.836s][info][gc             ] GC(600) Pause Remark 1963M->1963M(4096M) 4.823ms
[3006.836s][info][gc,cpu         ] GC(600) User=0.03s Sys=0.00s Real=0.00s
[3006.836s][info][gc,marking     ] GC(600) Concurrent Mark 735.948ms
[3006.836s][info][gc,marking     ] GC(600) Concurrent Rebuild Remembered Sets and Scrub Regions
[3007.127s][info][gc,marking     ] GC(600) Concurrent Rebuild Remembered Sets and Scrub Regions 291.590ms
[3007.128s][info][gc,start       ] GC(600) Pause Cleanup
[3007.128s][info][gc             ] GC(600) Pause Cleanup 2140M->2140M(4096M) 0.108ms
[3007.128s][info][gc,cpu         ] GC(600) User=0.00s Sys=0.00s Real=0.00s
[3007.128s][info][gc,marking     ] GC(600) Concurrent Clear Claimed Marks
[3007.128s][info][gc,marking     ] GC(600) Concurrent Clear Claimed Marks 0.021ms
[3007.128s][info][gc,marking     ] GC(600) Concurrent Cleanup for Next Mark
[3007.131s][info][gc,marking     ] GC(600) Concurrent Cleanup for Next Mark 3.194ms
[3007.131s][info][gc             ] GC(600) Concurrent Mark Cycle 1189.341ms
...[3009.648s][info][gc,start       ] GC(601) Pause Young (Prepare Mixed) (G1 Evacuation Pause)
[3009.648s][info][gc,task        ] GC(601) Using 6 workers of 6 for evacuation
[3009.768s][info][gc,phases      ] GC(601)   Pre Evacuate Collection Set: 0.32ms
[3009.768s][info][gc,phases      ] GC(601)   Merge Heap Roots: 0.52ms
[3009.768s][info][gc,phases      ] GC(601)   Evacuate Collection Set: 118.11ms
[3009.768s][info][gc,phases      ] GC(601)   Post Evacuate Collection Set: 0.96ms
[3009.768s][info][gc,phases      ] GC(601)   Other: 0.09ms
[3009.768s][info][gc,heap        ] GC(601) Eden regions: 1122->0(1105)
[3009.768s][info][gc,heap        ] GC(601) Survivor regions: 106->112(154)
[3009.768s][info][gc,heap        ] GC(601) Old regions: 504->536
[3009.768s][info][gc,heap        ] GC(601) Humongous regions: 80->80
[3009.768s][info][gc,metaspace   ] GC(601) Metaspace: 28992K(29376K)->28992K(29376K) NonClass: 24113K(24256K)->24113K(24256K) Class: 4878K(5120K)->4878K(5120K)
[3009.768s][info][gc             ] GC(601) Pause Young (Prepare Mixed) (G1 Evacuation Pause) 3622M->1452M(4096M) 120.139ms
[3009.768s][info][gc,cpu         ] GC(601) User=0.71s Sys=0.00s Real=0.12s
...[3013.190s][info][gc,start       ] GC(602) Pause Young (Mixed) (G1 Evacuation Pause)
[3013.190s][info][gc,task        ] GC(602) Using 6 workers of 6 for evacuation
[3013.322s][info][gc,phases      ] GC(602)   Pre Evacuate Collection Set: 0.39ms
[3013.322s][info][gc,phases      ] GC(602)   Merge Heap Roots: 0.62ms
[3013.322s][info][gc,phases      ] GC(602)   Evacuate Collection Set: 129.62ms
[3013.322s][info][gc,phases      ] GC(602)   Post Evacuate Collection Set: 0.92ms
[3013.322s][info][gc,phases      ] GC(602)   Other: 0.09ms
[3013.322s][info][gc,heap        ] GC(602) Eden regions: 1105->0(1120)
[3013.322s][info][gc,heap        ] GC(602) Survivor regions: 112->108(153)
[3013.322s][info][gc,heap        ] GC(602) Old regions: 536->472
[3013.322s][info][gc,heap        ] GC(602) Humongous regions: 80->80
[3013.322s][info][gc,metaspace   ] GC(602) Metaspace: 28992K(29376K)->28992K(29376K) NonClass: 24113K(24256K)->24113K(24256K) Class: 4878K(5120K)->4878K(5120K)
[3013.322s][info][gc             ] GC(602) Pause Young (Mixed) (G1 Evacuation Pause) 3662M->1317M(4096M) 131.773ms
[3013.322s][info][gc,cpu         ] GC(602) User=0.78s Sys=0.00s Real=0.13s
....[3016.899s][info][gc,start       ] GC(603) Pause Young (Concurrent Start) (G1 Evacuation Pause)
[3016.899s][info][gc,task        ] GC(603) Using 6 workers of 6 for evacuation
[3017.018s][info][gc,phases      ] GC(603)   Pre Evacuate Collection Set: 0.36ms
[3017.018s][info][gc,phases      ] GC(603)   Merge Heap Roots: 0.46ms
[3017.018s][info][gc,phases      ] GC(603)   Evacuate Collection Set: 116.53ms
[3017.018s][info][gc,phases      ] GC(603)   Post Evacuate Collection Set: 0.88ms
[3017.018s][info][gc,phases      ] GC(603)   Other: 0.13ms
[3017.018s][info][gc,heap        ] GC(603) Eden regions: 1120->0(1119)
[3017.018s][info][gc,heap        ] GC(603) Survivor regions: 108->109(154)
[3017.018s][info][gc,heap        ] GC(603) Old regions: 472->505
[3017.018s][info][gc,heap        ] GC(603) Humongous regions: 80->80
[3017.018s][info][gc,metaspace   ] GC(603) Metaspace: 28992K(29376K)->28992K(29376K) NonClass: 24113K(24256K)->24113K(24256K) Class: 4878K(5120K)->4878K(5120K)
[3017.018s][info][gc             ] GC(603) Pause Young (Concurrent Start) (G1 Evacuation Pause) 3557M->1384M(4096M) 118.478ms
[3017.018s][info][gc             ] GC(604) Concurrent Mark Cycle
[3017.018s][info][gc,marking     ] GC(604) Concurrent Scan Root Regions
[3017.018s][info][gc,cpu         ] GC(603) User=0.70s Sys=0.00s Real=0.12s
[3017.187s][info][gc,marking     ] GC(604) Concurrent Scan Root Regions 169.104ms
[3017.187s][info][gc,marking     ] GC(604) Concurrent Mark
[3017.187s][info][gc,marking     ] GC(604) Concurrent Mark From Roots
[3017.187s][info][gc,task        ] GC(604) Using 2 workers of 2 for marking
.[3018.022s][info][gc,marking     ] GC(604) Concurrent Mark From Roots 834.556ms
[3018.022s][info][gc,marking     ] GC(604) Concurrent Preclean
[3018.022s][info][gc,marking     ] GC(604) Concurrent Preclean 0.134ms
[3018.022s][info][gc,start       ] GC(604) Pause Remark
[3018.027s][info][gc             ] GC(604) Pause Remark 2098M->2098M(4096M) 4.634ms
[3018.027s][info][gc,cpu         ] GC(604) User=0.02s Sys=0.00s Real=0.01s
[3018.027s][info][gc,marking     ] GC(604) Concurrent Mark 839.803ms
[3018.027s][info][gc,marking     ] GC(604) Concurrent Rebuild Remembered Sets and Scrub Regions
[3018.273s][info][gc,marking     ] GC(604) Concurrent Rebuild Remembered Sets and Scrub Regions 246.231ms
[3018.274s][info][gc,start       ] GC(604) Pause Cleanup
[3018.274s][info][gc             ] GC(604) Pause Cleanup 2254M->2254M(4096M) 0.123ms
[3018.274s][info][gc,cpu         ] GC(604) User=0.00s Sys=0.00s Real=0.00s
[3018.274s][info][gc,marking     ] GC(604) Concurrent Clear Claimed Marks
[3018.274s][info][gc,marking     ] GC(604) Concurrent Clear Claimed Marks 0.032ms
[3018.274s][info][gc,marking     ] GC(604) Concurrent Cleanup for Next Mark
[3018.279s][info][gc,marking     ] GC(604) Concurrent Cleanup for Next Mark 4.589ms
[3018.279s][info][gc             ] GC(604) Concurrent Mark Cycle 1261.214ms
...[3020.685s][info][gc,start       ] GC(605) Pause Young (Prepare Mixed) (G1 Evacuation Pause)
[3020.685s][info][gc,task        ] GC(605) Using 6 workers of 6 for evacuation
[3020.805s][info][gc,phases      ] GC(605)   Pre Evacuate Collection Set: 0.35ms
[3020.805s][info][gc,phases      ] GC(605)   Merge Heap Roots: 0.52ms
[3020.805s][info][gc,phases      ] GC(605)   Evacuate Collection Set: 117.62ms
[3020.805s][info][gc,phases      ] GC(605)   Post Evacuate Collection Set: 0.91ms
[3020.805s][info][gc,phases      ] GC(605)   Other: 0.09ms
[3020.805s][info][gc,heap        ] GC(605) Eden regions: 1119->0(1105)
[3020.805s][info][gc,heap        ] GC(605) Survivor regions: 109->112(154)
[3020.805s][info][gc,heap        ] GC(605) Old regions: 505->536
[3020.805s][info][gc,heap        ] GC(605) Humongous regions: 80->80
[3020.805s][info][gc,metaspace   ] GC(605) Metaspace: 28992K(29376K)->28992K(29376K) NonClass: 24113K(24256K)->24113K(24256K) Class: 4878K(5120K)->4878K(5120K)
[3020.805s][info][gc             ] GC(605) Pause Young (Prepare Mixed) (G1 Evacuation Pause) 3622M->1453M(4096M) 119.620ms
[3020.805s][info][gc,cpu         ] GC(605) User=0.70s Sys=0.00s Real=0.12s
...[3024.262s][info][gc,start       ] GC(606) Pause Young (Mixed) (G1 Evacuation Pause)
[3024.262s][info][gc,task        ] GC(606) Using 6 workers of 6 for evacuation
[3024.397s][info][gc,phases      ] GC(606)   Pre Evacuate Collection Set: 0.44ms
[3024.397s][info][gc,phases      ] GC(606)   Merge Heap Roots: 0.69ms
[3024.397s][info][gc,phases      ] GC(606)   Evacuate Collection Set: 132.20ms
[3024.397s][info][gc,phases      ] GC(606)   Post Evacuate Collection Set: 0.96ms
[3024.397s][info][gc,phases      ] GC(606)   Other: 0.10ms
[3024.397s][info][gc,heap        ] GC(606) Eden regions: 1105->0(1118)
[3024.397s][info][gc,heap        ] GC(606) Survivor regions: 112->110(153)
[3024.397s][info][gc,heap        ] GC(606) Old regions: 536->471
[3024.397s][info][gc,heap        ] GC(606) Humongous regions: 80->80
[3024.397s][info][gc,metaspace   ] GC(606) Metaspace: 28992K(29376K)->28992K(29376K) NonClass: 24113K(24256K)->24113K(24256K) Class: 4878K(5120K)->4878K(5120K)
[3024.397s][info][gc             ] GC(606) Pause Young (Mixed) (G1 Evacuation Pause) 3663M->1319M(4096M) 134.532ms
[3024.397s][info][gc,cpu         ] GC(606) User=0.79s Sys=0.00s Real=0.14s
....[3027.979s][info][gc,start       ] GC(607) Pause Young (Concurrent Start) (G1 Evacuation Pause)
[3027.979s][info][gc,task        ] GC(607) Using 6 workers of 6 for evacuation
[3028.099s][info][gc,phases      ] GC(607)   Pre Evacuate Collection Set: 0.37ms
[3028.099s][info][gc,phases      ] GC(607)   Merge Heap Roots: 0.46ms
[3028.099s][info][gc,phases      ] GC(607)   Evacuate Collection Set: 118.57ms
[3028.099s][info][gc,phases      ] GC(607)   Post Evacuate Collection Set: 0.88ms
[3028.099s][info][gc,phases      ] GC(607)   Other: 0.10ms
[3028.099s][info][gc,heap        ] GC(607) Eden regions: 1118->0(1120)
[3028.099s][info][gc,heap        ] GC(607) Survivor regions: 110->108(154)
[3028.099s][info][gc,heap        ] GC(607) Old regions: 471->503
[3028.099s][info][gc,heap        ] GC(607) Humongous regions: 80->80
[3028.099s][info][gc,metaspace   ] GC(607) Metaspace: 28992K(29376K)->28992K(29376K) NonClass: 24113K(24256K)->24113K(24256K) Class: 4878K(5120K)->4878K(5120K)
[3028.099s][info][gc             ] GC(607) Pause Young (Concurrent Start) (G1 Evacuation Pause) 3555M->1380M(4096M) 120.518ms
[3028.099s][info][gc             ] GC(608) Concurrent Mark Cycle
[3028.099s][info][gc,marking     ] GC(608) Concurrent Scan Root Regions
[3028.099s][info][gc,cpu         ] GC(607) User=0.71s Sys=0.00s Real=0.12s
[3028.235s][info][gc,marking     ] GC(608) Concurrent Scan Root Regions 135.756ms
[3028.235s][info][gc,marking     ] GC(608) Concurrent Mark
[3028.235s][info][gc,marking     ] GC(608) Concurrent Mark From Roots
[3028.235s][info][gc,task        ] GC(608) Using 2 workers of 2 for marking
.[3028.916s][info][gc,marking     ] GC(608) Concurrent Mark From Roots 680.717ms
[3028.916s][info][gc,marking     ] GC(608) Concurrent Preclean
[3028.916s][info][gc,marking     ] GC(608) Concurrent Preclean 0.096ms
[3028.916s][info][gc,start       ] GC(608) Pause Remark
[3028.920s][info][gc             ] GC(608) Pause Remark 2004M->2004M(4096M) 4.337ms
[3028.921s][info][gc,cpu         ] GC(608) User=0.02s Sys=0.00s Real=0.00s
[3028.921s][info][gc,marking     ] GC(608) Concurrent Mark 685.753ms
[3028.921s][info][gc,marking     ] GC(608) Concurrent Rebuild Remembered Sets and Scrub Regions
[3029.170s][info][gc,marking     ] GC(608) Concurrent Rebuild Remembered Sets and Scrub Regions 248.890ms
[3029.170s][info][gc,start       ] GC(608) Pause Cleanup
[3029.170s][info][gc             ] GC(608) Pause Cleanup 2166M->2166M(4096M) 0.118ms
[3029.170s][info][gc,cpu         ] GC(608) User=0.01s Sys=0.00s Real=0.00s
[3029.170s][info][gc,marking     ] GC(608) Concurrent Clear Claimed Marks
[3029.170s][info][gc,marking     ] GC(608) Concurrent Clear Claimed Marks 0.032ms
[3029.170s][info][gc,marking     ] GC(608) Concurrent Cleanup for Next Mark
[3029.176s][info][gc,marking     ] GC(608) Concurrent Cleanup for Next Mark 5.933ms
[3029.176s][info][gc             ] GC(608) Concurrent Mark Cycle 1077.291ms
...[3031.660s][info][gc,start       ] GC(609) Pause Young (Prepare Mixed) (G1 Evacuation Pause)
[3031.660s][info][gc,task        ] GC(609) Using 6 workers of 6 for evacuation
[3031.777s][info][gc,phases      ] GC(609)   Pre Evacuate Collection Set: 0.32ms
[3031.777s][info][gc,phases      ] GC(609)   Merge Heap Roots: 0.50ms
[3031.777s][info][gc,phases      ] GC(609)   Evacuate Collection Set: 115.25ms
[3031.777s][info][gc,phases      ] GC(609)   Post Evacuate Collection Set: 0.95ms
[3031.777s][info][gc,phases      ] GC(609)   Other: 0.10ms
[3031.777s][info][gc,heap        ] GC(609) Eden regions: 1120->0(1111)
[3031.777s][info][gc,heap        ] GC(609) Survivor regions: 108->110(154)
[3031.777s][info][gc,heap        ] GC(609) Old regions: 503->534
[3031.777s][info][gc,heap        ] GC(609) Humongous regions: 80->80
[3031.777s][info][gc,metaspace   ] GC(609) Metaspace: 28992K(29376K)->28992K(29376K) NonClass: 24113K(24256K)->24113K(24256K) Class: 4878K(5120K)->4878K(5120K)
[3031.777s][info][gc             ] GC(609) Pause Young (Prepare Mixed) (G1 Evacuation Pause) 3620M->1446M(4096M) 117.266ms
[3031.777s][info][gc,cpu         ] GC(609) User=0.69s Sys=0.00s Real=0.12s
...[3035.299s][info][gc,start       ] GC(610) Pause Young (Mixed) (G1 Evacuation Pause)
[3035.299s][info][gc,task        ] GC(610) Using 6 workers of 6 for evacuation
[3035.436s][info][gc,phases      ] GC(610)   Pre Evacuate Collection Set: 0.37ms
[3035.436s][info][gc,phases      ] GC(610)   Merge Heap Roots: 0.76ms
[3035.436s][info][gc,phases      ] GC(610)   Evacuate Collection Set: 135.11ms
[3035.436s][info][gc,phases      ] GC(610)   Post Evacuate Collection Set: 0.91ms
[3035.436s][info][gc,phases      ] GC(610)   Other: 0.09ms
[3035.436s][info][gc,heap        ] GC(610) Eden regions: 1111->0(1117)
[3035.436s][info][gc,heap        ] GC(610) Survivor regions: 110->111(153)
[3035.436s][info][gc,heap        ] GC(610) Old regions: 534->473
[3035.436s][info][gc,heap        ] GC(610) Humongous regions: 80->80
[3035.436s][info][gc,metaspace   ] GC(610) Metaspace: 28992K(29376K)->28992K(29376K) NonClass: 24113K(24256K)->24113K(24256K) Class: 4878K(5120K)->4878K(5120K)
[3035.436s][info][gc             ] GC(610) Pause Young (Mixed) (G1 Evacuation Pause) 3668M->1324M(4096M) 137.388ms
[3035.436s][info][gc,cpu         ] GC(610) User=0.81s Sys=0.00s Real=0.14s
....[3038.977s][info][gc,start       ] GC(611) Pause Young (Concurrent Start) (G1 Evacuation Pause)
[3038.977s][info][gc,task        ] GC(611) Using 6 workers of 6 for evacuation
[3039.091s][info][gc,phases      ] GC(611)   Pre Evacuate Collection Set: 0.39ms
[3039.091s][info][gc,phases      ] GC(611)   Merge Heap Roots: 0.46ms
[3039.091s][info][gc,phases      ] GC(611)   Evacuate Collection Set: 111.88ms
[3039.091s][info][gc,phases      ] GC(611)   Post Evacuate Collection Set: 0.88ms
[3039.091s][info][gc,phases      ] GC(611)   Other: 0.12ms
[3039.091s][info][gc,heap        ] GC(611) Eden regions: 1117->0(1121)
[3039.091s][info][gc,heap        ] GC(611) Survivor regions: 111->107(154)
[3039.091s][info][gc,heap        ] GC(611) Old regions: 473->505
[3039.091s][info][gc,heap        ] GC(611) Humongous regions: 80->80
[3039.091s][info][gc,metaspace   ] GC(611) Metaspace: 28992K(29376K)->28992K(29376K) NonClass: 24113K(24256K)->24113K(24256K) Class: 4878K(5120K)->4878K(5120K)
[3039.091s][info][gc             ] GC(611) Pause Young (Concurrent Start) (G1 Evacuation Pause) 3558M->1380M(4096M) 113.867ms
[3039.091s][info][gc             ] GC(612) Concurrent Mark Cycle
[3039.091s][info][gc,marking     ] GC(612) Concurrent Scan Root Regions
[3039.091s][info][gc,cpu         ] GC(611) User=0.67s Sys=0.00s Real=0.11s
[3039.222s][info][gc,marking     ] GC(612) Concurrent Scan Root Regions 130.677ms
[3039.222s][info][gc,marking     ] GC(612) Concurrent Mark
[3039.222s][info][gc,marking     ] GC(612) Concurrent Mark From Roots
[3039.222s][info][gc,task        ] GC(612) Using 2 workers of 2 for marking
.[3039.880s][info][gc,marking     ] GC(612) Concurrent Mark From Roots 657.891ms
[3039.880s][info][gc,marking     ] GC(612) Concurrent Preclean
[3039.880s][info][gc,marking     ] GC(612) Concurrent Preclean 0.094ms
[3039.880s][info][gc,start       ] GC(612) Pause Remark
[3039.884s][info][gc             ] GC(612) Pause Remark 1944M->1944M(4096M) 4.333ms
[3039.884s][info][gc,cpu         ] GC(612) User=0.03s Sys=0.00s Real=0.00s
[3039.885s][info][gc,marking     ] GC(612) Concurrent Mark 663.311ms
[3039.885s][info][gc,marking     ] GC(612) Concurrent Rebuild Remembered Sets and Scrub Regions
[3040.123s][info][gc,marking     ] GC(612) Concurrent Rebuild Remembered Sets and Scrub Regions 238.264ms
[3040.124s][info][gc,start       ] GC(612) Pause Cleanup
[3040.124s][info][gc             ] GC(612) Pause Cleanup 2088M->2088M(4096M) 0.140ms
[3040.124s][info][gc,cpu         ] GC(612) User=0.00s Sys=0.00s Real=0.00s
[3040.124s][info][gc,marking     ] GC(612) Concurrent Clear Claimed Marks
[3040.124s][info][gc,marking     ] GC(612) Concurrent Clear Claimed Marks 0.029ms
[3040.124s][info][gc,marking     ] GC(612) Concurrent Cleanup for Next Mark
[3040.129s][info][gc,marking     ] GC(612) Concurrent Cleanup for Next Mark 4.290ms
[3040.129s][info][gc             ] GC(612) Concurrent Mark Cycle 1037.796ms
...[3042.690s][info][gc,start       ] GC(613) Pause Young (Prepare Mixed) (G1 Evacuation Pause)
[3042.690s][info][gc,task        ] GC(613) Using 6 workers of 6 for evacuation
[3042.808s][info][gc,phases      ] GC(613)   Pre Evacuate Collection Set: 0.34ms
[3042.808s][info][gc,phases      ] GC(613)   Merge Heap Roots: 0.51ms
[3042.808s][info][gc,phases      ] GC(613)   Evacuate Collection Set: 115.80ms
[3042.808s][info][gc,phases      ] GC(613)   Post Evacuate Collection Set: 0.93ms
[3042.808s][info][gc,phases      ] GC(613)   Other: 0.08ms
[3042.808s][info][gc,heap        ] GC(613) Eden regions: 1121->0(1107)
[3042.808s][info][gc,heap        ] GC(613) Survivor regions: 107->111(154)
[3042.808s][info][gc,heap        ] GC(613) Old regions: 505->536
[3042.808s][info][gc,heap        ] GC(613) Humongous regions: 80->80
[3042.808s][info][gc,metaspace   ] GC(613) Metaspace: 28992K(29376K)->28992K(29376K) NonClass: 24113K(24256K)->24113K(24256K) Class: 4878K(5120K)->4878K(5120K)
[3042.808s][info][gc             ] GC(613) Pause Young (Prepare Mixed) (G1 Evacuation Pause) 3622M->1450M(4096M) 117.800ms
[3042.808s][info][gc,cpu         ] GC(613) User=0.69s Sys=0.00s Real=0.12s
...[3046.328s][info][gc,start       ] GC(614) Pause Young (Mixed) (G1 Evacuation Pause)
[3046.328s][info][gc,task        ] GC(614) Using 6 workers of 6 for evacuation
[3046.463s][info][gc,phases      ] GC(614)   Pre Evacuate Collection Set: 0.36ms
[3046.463s][info][gc,phases      ] GC(614)   Merge Heap Roots: 0.70ms
[3046.463s][info][gc,phases      ] GC(614)   Evacuate Collection Set: 132.47ms
[3046.463s][info][gc,phases      ] GC(614)   Post Evacuate Collection Set: 0.97ms
[3046.463s][info][gc,phases      ] GC(614)   Other: 0.09ms
[3046.463s][info][gc,heap        ] GC(614) Eden regions: 1107->0(1119)
[3046.463s][info][gc,heap        ] GC(614) Survivor regions: 111->109(153)
[3046.463s][info][gc,heap        ] GC(614) Old regions: 536->473
[3046.463s][info][gc,heap        ] GC(614) Humongous regions: 80->80
[3046.463s][info][gc,metaspace   ] GC(614) Metaspace: 28992K(29376K)->28992K(29376K) NonClass: 24113K(24256K)->24113K(24256K) Class: 4878K(5120K)->4878K(5120K)
[3046.463s][info][gc             ] GC(614) Pause Young (Mixed) (G1 Evacuation Pause) 3664M->1322M(4096M) 134.716ms
[3046.463s][info][gc,cpu         ] GC(614) User=0.79s Sys=0.01s Real=0.13s
....[3049.989s][info][gc,start       ] GC(615) Pause Young (Concurrent Start) (G1 Evacuation Pause)
[3049.989s][info][gc,task        ] GC(615) Using 6 workers of 6 for evacuation
[3050.106s][info][gc,phases      ] GC(615)   Pre Evacuate Collection Set: 0.44ms
[3050.106s][info][gc,phases      ] GC(615)   Merge Heap Roots: 0.51ms
[3050.106s][info][gc,phases      ] GC(615)   Evacuate Collection Set: 115.08ms
[3050.106s][info][gc,phases      ] GC(615)   Post Evacuate Collection Set: 0.88ms
[3050.106s][info][gc,phases      ] GC(615)   Other: 0.14ms
[3050.106s][info][gc,heap        ] GC(615) Eden regions: 1119->0(1119)
[3050.106s][info][gc,heap        ] GC(615) Survivor regions: 109->109(154)
[3050.106s][info][gc,heap        ] GC(615) Old regions: 473->506
[3050.106s][info][gc,heap        ] GC(615) Humongous regions: 80->80
[3050.106s][info][gc,metaspace   ] GC(615) Metaspace: 28992K(29376K)->28992K(29376K) NonClass: 24113K(24256K)->24113K(24256K) Class: 4878K(5120K)->4878K(5120K)
[3050.106s][info][gc             ] GC(615) Pause Young (Concurrent Start) (G1 Evacuation Pause) 3560M->1387M(4096M) 117.202ms
[3050.106s][info][gc             ] GC(616) Concurrent Mark Cycle
[3050.106s][info][gc,marking     ] GC(616) Concurrent Scan Root Regions
[3050.106s][info][gc,cpu         ] GC(615) User=0.70s Sys=0.00s Real=0.12s
[3050.277s][info][gc,marking     ] GC(616) Concurrent Scan Root Regions 170.329ms
[3050.277s][info][gc,marking     ] GC(616) Concurrent Mark
[3050.277s][info][gc,marking     ] GC(616) Concurrent Mark From Roots
[3050.277s][info][gc,task        ] GC(616) Using 2 workers of 2 for marking
.[3050.891s][info][gc,marking     ] GC(616) Concurrent Mark From Roots 614.664ms
[3050.891s][info][gc,marking     ] GC(616) Concurrent Preclean
[3050.891s][info][gc,marking     ] GC(616) Concurrent Preclean 0.098ms
[3050.892s][info][gc,start       ] GC(616) Pause Remark
[3050.895s][info][gc             ] GC(616) Pause Remark 1884M->1884M(4096M) 3.830ms
[3050.895s][info][gc,cpu         ] GC(616) User=0.02s Sys=0.00s Real=0.00s
[3050.895s][info][gc,marking     ] GC(616) Concurrent Mark 618.858ms
[3050.895s][info][gc,marking     ] GC(616) Concurrent Rebuild Remembered Sets and Scrub Regions
[3051.134s][info][gc,marking     ] GC(616) Concurrent Rebuild Remembered Sets and Scrub Regions 238.668ms
[3051.134s][info][gc,start       ] GC(616) Pause Cleanup
[3051.135s][info][gc             ] GC(616) Pause Cleanup 2033M->2033M(4096M) 0.106ms
[3051.135s][info][gc,cpu         ] GC(616) User=0.00s Sys=0.00s Real=0.00s
[3051.135s][info][gc,marking     ] GC(616) Concurrent Clear Claimed Marks
[3051.135s][info][gc,marking     ] GC(616) Concurrent Clear Claimed Marks 0.034ms
[3051.135s][info][gc,marking     ] GC(616) Concurrent Cleanup for Next Mark
[3051.140s][info][gc,marking     ] GC(616) Concurrent Cleanup for Next Mark 4.828ms
[3051.140s][info][gc             ] GC(616) Concurrent Mark Cycle 1033.624ms
...[3053.743s][info][gc,start       ] GC(617) Pause Young (Prepare Mixed) (G1 Evacuation Pause)
[3053.743s][info][gc,task        ] GC(617) Using 6 workers of 6 for evacuation
[3053.860s][info][gc,phases      ] GC(617)   Pre Evacuate Collection Set: 0.35ms
[3053.860s][info][gc,phases      ] GC(617)   Merge Heap Roots: 0.51ms
[3053.860s][info][gc,phases      ] GC(617)   Evacuate Collection Set: 115.14ms
[3053.860s][info][gc,phases      ] GC(617)   Post Evacuate Collection Set: 0.92ms
[3053.860s][info][gc,phases      ] GC(617)   Other: 0.10ms
[3053.860s][info][gc,heap        ] GC(617) Eden regions: 1119->0(1107)
[3053.860s][info][gc,heap        ] GC(617) Survivor regions: 109->110(154)
[3053.860s][info][gc,heap        ] GC(617) Old regions: 506->538
[3053.860s][info][gc,heap        ] GC(617) Humongous regions: 80->80
[3053.860s][info][gc,metaspace   ] GC(617) Metaspace: 28992K(29376K)->28992K(29376K) NonClass: 24113K(24256K)->24113K(24256K) Class: 4878K(5120K)->4878K(5120K)
[3053.860s][info][gc             ] GC(617) Pause Young (Prepare Mixed) (G1 Evacuation Pause) 3625M->1452M(4096M) 117.157ms
[3053.860s][info][gc,cpu         ] GC(617) User=0.69s Sys=0.00s Real=0.12s
...[3057.361s][info][gc,start       ] GC(618) Pause Young (Mixed) (G1 Evacuation Pause)
[3057.361s][info][gc,task        ] GC(618) Using 6 workers of 6 for evacuation
[3057.495s][info][gc,phases      ] GC(618)   Pre Evacuate Collection Set: 0.36ms
[3057.495s][info][gc,phases      ] GC(618)   Merge Heap Roots: 0.66ms
[3057.495s][info][gc,phases      ] GC(618)   Evacuate Collection Set: 131.99ms
[3057.495s][info][gc,phases      ] GC(618)   Post Evacuate Collection Set: 0.99ms
[3057.495s][info][gc,phases      ] GC(618)   Other: 0.09ms
[3057.495s][info][gc,heap        ] GC(618) Eden regions: 1107->0(1116)
[3057.495s][info][gc,heap        ] GC(618) Survivor regions: 110->112(153)
[3057.495s][info][gc,heap        ] GC(618) Old regions: 538->473
[3057.495s][info][gc,heap        ] GC(618) Humongous regions: 80->80
[3057.495s][info][gc,metaspace   ] GC(618) Metaspace: 28992K(29376K)->28992K(29376K) NonClass: 24113K(24256K)->24113K(24256K) Class: 4878K(5120K)->4878K(5120K)
[3057.495s][info][gc             ] GC(618) Pause Young (Mixed) (G1 Evacuation Pause) 3666M->1326M(4096M) 134.225ms
[3057.495s][info][gc,cpu         ] GC(618) User=0.80s Sys=0.00s Real=0.13s
. (rIR:aIR:PR = 5120:5119:5119) (tPR = 75750) [OK] 
  3057s: Performance info:
         Transaction,    Success,    Partial,     Failed,   Receipts, AvgBarcode, 
             Overall,     307447,          0,          0,     292078,      59.48, 
         Response times:
             Request,    Success,    Partial,     Failed,   SkipFail,     Probes,    Samples,      min,      p50,      p90,      p95,      p99,      max, 
       TotalPurchase,     292078,          0,          0,          0,     287329,     306959,      300,     4000,     8600,    19500,    56000,   200000,
     InStorePurchase,     153721,          0,          0,          0,     151649,     161384,      300,     4000,     8500,    19400,    56000,   200000,
      OnlinePurchase,     107595,          0,          0,          0,     105805,     113246,      300,     4000,     8500,    19400,    56000,   190000,
        InstPurchase,      30762,          0,          0,          0,      29875,      32329,      400,     4400,     9000,    21000,    58000,   183000,
          AssocOfCat,        309,          0,          0,          0,        246,        325,    21000,    33000,    53000,    71100,   165660,   182000,
      AssocOfProduct,       3066,          0,          0,          0,       2837,       3224,      600,     5800,    11100,    28000,    76500,   155000,
      BusinessReport,        765,          0,          0,          0,        636,        772,    25000,    36000,    62000,    87350,   161000,   227000,
          CustBuyBeh,       3072,          0,          0,          0,       2802,       3178,      200,     3000,     6500,    12400,    40210,   200000,
       ProductReturn,       8157,          0,          0,          0,       7767,       8579,      300,     4900,     9800,    25000,    70000,   144000,

  3057s: (38%)   IR =   5258 ...[3060.996s][info][gc,start       ] GC(619) Pause Young (Concurrent Start) (G1 Evacuation Pause)
[3060.996s][info][gc,task        ] GC(619) Using 6 workers of 6 for evacuation
[3061.112s][info][gc,phases      ] GC(619)   Pre Evacuate Collection Set: 0.35ms
[3061.112s][info][gc,phases      ] GC(619)   Merge Heap Roots: 0.49ms
[3061.112s][info][gc,phases      ] GC(619)   Evacuate Collection Set: 113.55ms
[3061.112s][info][gc,phases      ] GC(619)   Post Evacuate Collection Set: 0.93ms
[3061.112s][info][gc,phases      ] GC(619)   Other: 0.12ms
[3061.112s][info][gc,heap        ] GC(619) Eden regions: 1116->0(1120)
[3061.112s][info][gc,heap        ] GC(619) Survivor regions: 112->108(154)
[3061.112s][info][gc,heap        ] GC(619) Old regions: 473->505
[3061.112s][info][gc,heap        ] GC(619) Humongous regions: 80->80
[3061.112s][info][gc,metaspace   ] GC(619) Metaspace: 28992K(29376K)->28992K(29376K) NonClass: 24113K(24256K)->24113K(24256K) Class: 4878K(5120K)->4878K(5120K)
[3061.112s][info][gc             ] GC(619) Pause Young (Concurrent Start) (G1 Evacuation Pause) 3558M->1384M(4096M) 115.560ms
[3061.112s][info][gc             ] GC(620) Concurrent Mark Cycle
[3061.112s][info][gc,marking     ] GC(620) Concurrent Scan Root Regions
[3061.112s][info][gc,cpu         ] GC(619) User=0.68s Sys=0.00s Real=0.11s
[3061.246s][info][gc,marking     ] GC(620) Concurrent Scan Root Regions 134.040ms
[3061.246s][info][gc,marking     ] GC(620) Concurrent Mark
[3061.246s][info][gc,marking     ] GC(620) Concurrent Mark From Roots
[3061.246s][info][gc,task        ] GC(620) Using 2 workers of 2 for marking
.|[3061.898s][info][gc,marking     ] GC(620) Concurrent Mark From Roots 651.811ms
[3061.898s][info][gc,marking     ] GC(620) Concurrent Preclean
[3061.898s][info][gc,marking     ] GC(620) Concurrent Preclean 0.103ms
[3061.898s][info][gc,start       ] GC(620) Pause Remark
[3061.903s][info][gc             ] GC(620) Pause Remark 1958M->1958M(4096M) 5.039ms
[3061.903s][info][gc,cpu         ] GC(620) User=0.02s Sys=0.00s Real=0.00s
[3061.903s][info][gc,marking     ] GC(620) Concurrent Mark 657.244ms
[3061.903s][info][gc,marking     ] GC(620) Concurrent Rebuild Remembered Sets and Scrub Regions
[3062.151s][info][gc,marking     ] GC(620) Concurrent Rebuild Remembered Sets and Scrub Regions 247.593ms
[3062.151s][info][gc,start       ] GC(620) Pause Cleanup
[3062.151s][info][gc             ] GC(620) Pause Cleanup 2133M->2133M(4096M) 0.103ms
[3062.151s][info][gc,cpu         ] GC(620) User=0.00s Sys=0.00s Real=0.00s
[3062.151s][info][gc,marking     ] GC(620) Concurrent Clear Claimed Marks
[3062.151s][info][gc,marking     ] GC(620) Concurrent Clear Claimed Marks 0.021ms
[3062.151s][info][gc,marking     ] GC(620) Concurrent Cleanup for Next Mark
[3062.156s][info][gc,marking     ] GC(620) Concurrent Cleanup for Next Mark 4.914ms
[3062.156s][info][gc             ] GC(620) Concurrent Mark Cycle 1044.266ms
..[3064.622s][info][gc,start       ] GC(621) Pause Young (Prepare Mixed) (G1 Evacuation Pause)
[3064.622s][info][gc,task        ] GC(621) Using 6 workers of 6 for evacuation
[3064.741s][info][gc,phases      ] GC(621)   Pre Evacuate Collection Set: 0.36ms
[3064.741s][info][gc,phases      ] GC(621)   Merge Heap Roots: 0.49ms
[3064.741s][info][gc,phases      ] GC(621)   Evacuate Collection Set: 117.30ms
[3064.741s][info][gc,phases      ] GC(621)   Post Evacuate Collection Set: 0.95ms
[3064.741s][info][gc,phases      ] GC(621)   Other: 0.08ms
[3064.741s][info][gc,heap        ] GC(621) Eden regions: 1120->0(1106)
[3064.741s][info][gc,heap        ] GC(621) Survivor regions: 108->111(154)
[3064.741s][info][gc,heap        ] GC(621) Old regions: 505->537
[3064.741s][info][gc,heap        ] GC(621) Humongous regions: 80->80
[3064.741s][info][gc,metaspace   ] GC(621) Metaspace: 28992K(29376K)->28992K(29376K) NonClass: 24113K(24256K)->24113K(24256K) Class: 4878K(5120K)->4878K(5120K)
[3064.741s][info][gc             ] GC(621) Pause Young (Prepare Mixed) (G1 Evacuation Pause) 3624M->1454M(4096M) 119.328ms
[3064.741s][info][gc,cpu         ] GC(621) User=0.70s Sys=0.00s Real=0.12s
....[3068.195s][info][gc,start       ] GC(622) Pause Young (Mixed) (G1 Evacuation Pause)
[3068.195s][info][gc,task        ] GC(622) Using 6 workers of 6 for evacuation
[3068.334s][info][gc,phases      ] GC(622)   Pre Evacuate Collection Set: 0.36ms
[3068.334s][info][gc,phases      ] GC(622)   Merge Heap Roots: 0.84ms
[3068.334s][info][gc,phases      ] GC(622)   Evacuate Collection Set: 136.76ms
[3068.334s][info][gc,phases      ] GC(622)   Post Evacuate Collection Set: 0.98ms
[3068.334s][info][gc,phases      ] GC(622)   Other: 0.10ms
[3068.334s][info][gc,heap        ] GC(622) Eden regions: 1106->0(1116)
[3068.334s][info][gc,heap        ] GC(622) Survivor regions: 111->112(153)
[3068.334s][info][gc,heap        ] GC(622) Old regions: 537->473
[3068.334s][info][gc,heap        ] GC(622) Humongous regions: 80->80
[3068.334s][info][gc,metaspace   ] GC(622) Metaspace: 28992K(29376K)->28992K(29376K) NonClass: 24113K(24256K)->24113K(24256K) Class: 4878K(5120K)->4878K(5120K)
[3068.334s][info][gc             ] GC(622) Pause Young (Mixed) (G1 Evacuation Pause) 3666M->1327M(4096M) 139.166ms
[3068.334s][info][gc,cpu         ] GC(622) User=0.83s Sys=0.00s Real=0.14s
....[3071.761s][info][gc,start       ] GC(623) Pause Young (Concurrent Start) (G1 Evacuation Pause)
[3071.761s][info][gc,task        ] GC(623) Using 6 workers of 6 for evacuation
[3071.879s][info][gc,phases      ] GC(623)   Pre Evacuate Collection Set: 0.42ms
[3071.879s][info][gc,phases      ] GC(623)   Merge Heap Roots: 0.45ms
[3071.879s][info][gc,phases      ] GC(623)   Evacuate Collection Set: 115.52ms
[3071.879s][info][gc,phases      ] GC(623)   Post Evacuate Collection Set: 0.87ms
[3071.879s][info][gc,phases      ] GC(623)   Other: 0.12ms
[3071.879s][info][gc,heap        ] GC(623) Eden regions: 1116->0(1118)
[3071.879s][info][gc,heap        ] GC(623) Survivor regions: 112->110(154)
[3071.879s][info][gc,heap        ] GC(623) Old regions: 473->506
[3071.879s][info][gc,heap        ] GC(623) Humongous regions: 80->80
[3071.879s][info][gc,metaspace   ] GC(623) Metaspace: 28992K(29376K)->28992K(29376K) NonClass: 24113K(24256K)->24113K(24256K) Class: 4878K(5120K)->4878K(5120K)
[3071.879s][info][gc             ] GC(623) Pause Young (Concurrent Start) (G1 Evacuation Pause) 3559M->1389M(4096M) 117.512ms
[3071.879s][info][gc             ] GC(624) Concurrent Mark Cycle
[3071.879s][info][gc,marking     ] GC(624) Concurrent Scan Root Regions
[3071.879s][info][gc,cpu         ] GC(623) User=0.69s Sys=0.01s Real=0.12s
[3072.051s][info][gc,marking     ] GC(624) Concurrent Scan Root Regions 172.304ms
[3072.051s][info][gc,marking     ] GC(624) Concurrent Mark
[3072.051s][info][gc,marking     ] GC(624) Concurrent Mark From Roots
[3072.051s][info][gc,task        ] GC(624) Using 2 workers of 2 for marking
.[3072.833s][info][gc,marking     ] GC(624) Concurrent Mark From Roots 781.864ms
[3072.833s][info][gc,marking     ] GC(624) Concurrent Preclean
[3072.833s][info][gc,marking     ] GC(624) Concurrent Preclean 0.118ms
[3072.833s][info][gc,start       ] GC(624) Pause Remark
[3072.838s][info][gc             ] GC(624) Pause Remark 2066M->2066M(4096M) 5.006ms
[3072.839s][info][gc,cpu         ] GC(624) User=0.03s Sys=0.00s Real=0.01s
[3072.839s][info][gc,marking     ] GC(624) Concurrent Mark 787.278ms
[3072.839s][info][gc,marking     ] GC(624) Concurrent Rebuild Remembered Sets and Scrub Regions
[3073.193s][info][gc,marking     ] GC(624) Concurrent Rebuild Remembered Sets and Scrub Regions 354.035ms
[3073.193s][info][gc,start       ] GC(624) Pause Cleanup
[3073.193s][info][gc             ] GC(624) Pause Cleanup 2334M->2334M(4096M) 0.093ms
[3073.193s][info][gc,cpu         ] GC(624) User=0.00s Sys=0.00s Real=0.00s
[3073.193s][info][gc,marking     ] GC(624) Concurrent Clear Claimed Marks
[3073.193s][info][gc,marking     ] GC(624) Concurrent Clear Claimed Marks 0.024ms
[3073.193s][info][gc,marking     ] GC(624) Concurrent Cleanup for Next Mark
[3073.196s][info][gc,marking     ] GC(624) Concurrent Cleanup for Next Mark 3.248ms
[3073.196s][info][gc             ] GC(624) Concurrent Mark Cycle 1317.319ms
..[3075.296s][info][gc,start       ] GC(625) Pause Young (Prepare Mixed) (G1 Evacuation Pause)
[3075.296s][info][gc,task        ] GC(625) Using 6 workers of 6 for evacuation
[3075.413s][info][gc,phases      ] GC(625)   Pre Evacuate Collection Set: 0.36ms
[3075.413s][info][gc,phases      ] GC(625)   Merge Heap Roots: 0.53ms
[3075.413s][info][gc,phases      ] GC(625)   Evacuate Collection Set: 114.49ms
[3075.413s][info][gc,phases      ] GC(625)   Post Evacuate Collection Set: 0.92ms
[3075.413s][info][gc,phases      ] GC(625)   Other: 0.09ms
[3075.413s][info][gc,heap        ] GC(625) Eden regions: 1118->0(1109)
[3075.413s][info][gc,heap        ] GC(625) Survivor regions: 110->109(154)
[3075.413s][info][gc,heap        ] GC(625) Old regions: 506->538
[3075.413s][info][gc,heap        ] GC(625) Humongous regions: 80->80
[3075.413s][info][gc,metaspace   ] GC(625) Metaspace: 28992K(29376K)->28992K(29376K) NonClass: 24113K(24256K)->24113K(24256K) Class: 4878K(5120K)->4878K(5120K)
[3075.413s][info][gc             ] GC(625) Pause Young (Prepare Mixed) (G1 Evacuation Pause) 3625M->1450M(4096M) 116.502ms
[3075.413s][info][gc,cpu         ] GC(625) User=0.68s Sys=0.00s Real=0.11s
....[3078.912s][info][gc,start       ] GC(626) Pause Young (Mixed) (G1 Evacuation Pause)
[3078.912s][info][gc,task        ] GC(626) Using 6 workers of 6 for evacuation
[3079.045s][info][gc,phases      ] GC(626)   Pre Evacuate Collection Set: 0.36ms
[3079.045s][info][gc,phases      ] GC(626)   Merge Heap Roots: 0.64ms
[3079.045s][info][gc,phases      ] GC(626)   Evacuate Collection Set: 131.03ms
[3079.045s][info][gc,phases      ] GC(626)   Post Evacuate Collection Set: 0.95ms
[3079.045s][info][gc,phases      ] GC(626)   Other: 0.09ms
[3079.045s][info][gc,heap        ] GC(626) Eden regions: 1109->0(1118)
[3079.045s][info][gc,heap        ] GC(626) Survivor regions: 109->110(153)
[3079.045s][info][gc,heap        ] GC(626) Old regions: 538->475
[3079.045s][info][gc,heap        ] GC(626) Humongous regions: 80->80
[3079.045s][info][gc,metaspace   ] GC(626) Metaspace: 28992K(29376K)->28992K(29376K) NonClass: 24113K(24256K)->24113K(24256K) Class: 4878K(5120K)->4878K(5120K)
[3079.045s][info][gc             ] GC(626) Pause Young (Mixed) (G1 Evacuation Pause) 3668M->1326M(4096M) 133.195ms
[3079.045s][info][gc,cpu         ] GC(626) User=0.78s Sys=0.00s Real=0.13s
...[3082.484s][info][gc,start       ] GC(627) Pause Young (Concurrent Start) (G1 Evacuation Pause)
[3082.484s][info][gc,task        ] GC(627) Using 6 workers of 6 for evacuation
[3082.601s][info][gc,phases      ] GC(627)   Pre Evacuate Collection Set: 0.41ms
[3082.601s][info][gc,phases      ] GC(627)   Merge Heap Roots: 0.48ms
[3082.601s][info][gc,phases      ] GC(627)   Evacuate Collection Set: 114.94ms
[3082.601s][info][gc,phases      ] GC(627)   Post Evacuate Collection Set: 0.91ms
[3082.601s][info][gc,phases      ] GC(627)   Other: 0.11ms
[3082.601s][info][gc,heap        ] GC(627) Eden regions: 1118->0(1119)
[3082.601s][info][gc,heap        ] GC(627) Survivor regions: 110->109(154)
[3082.601s][info][gc,heap        ] GC(627) Old regions: 475->506
[3082.601s][info][gc,heap        ] GC(627) Humongous regions: 80->80
[3082.601s][info][gc,metaspace   ] GC(627) Metaspace: 28992K(29376K)->28992K(29376K) NonClass: 24113K(24256K)->24113K(24256K) Class: 4878K(5120K)->4878K(5120K)
[3082.601s][info][gc             ] GC(627) Pause Young (Concurrent Start) (G1 Evacuation Pause) 3562M->1387M(4096M) 116.985ms
[3082.601s][info][gc             ] GC(628) Concurrent Mark Cycle
[3082.601s][info][gc,marking     ] GC(628) Concurrent Scan Root Regions
[3082.601s][info][gc,cpu         ] GC(627) User=0.69s Sys=0.00s Real=0.12s
[3082.770s][info][gc,marking     ] GC(628) Concurrent Scan Root Regions 168.747ms
[3082.770s][info][gc,marking     ] GC(628) Concurrent Mark
[3082.770s][info][gc,marking     ] GC(628) Concurrent Mark From Roots
[3082.770s][info][gc,task        ] GC(628) Using 2 workers of 2 for marking
.[3083.546s][info][gc,marking     ] GC(628) Concurrent Mark From Roots 776.494ms
[3083.546s][info][gc,marking     ] GC(628) Concurrent Preclean
[3083.546s][info][gc,marking     ] GC(628) Concurrent Preclean 0.128ms
[3083.546s][info][gc,start       ] GC(628) Pause Remark
[3083.551s][info][gc             ] GC(628) Pause Remark 2049M->2049M(4096M) 4.545ms
[3083.551s][info][gc,cpu         ] GC(628) User=0.02s Sys=0.00s Real=0.00s
[3083.551s][info][gc,marking     ] GC(628) Concurrent Mark 781.619ms
[3083.551s][info][gc,marking     ] GC(628) Concurrent Rebuild Remembered Sets and Scrub Regions
.[3083.832s][info][gc,marking     ] GC(628) Concurrent Rebuild Remembered Sets and Scrub Regions 280.318ms
[3083.832s][info][gc,start       ] GC(628) Pause Cleanup
[3083.832s][info][gc             ] GC(628) Pause Cleanup 2234M->2234M(4096M) 0.119ms
[3083.832s][info][gc,cpu         ] GC(628) User=0.00s Sys=0.00s Real=0.00s
[3083.834s][info][gc,marking     ] GC(628) Concurrent Clear Claimed Marks
[3083.835s][info][gc,marking     ] GC(628) Concurrent Clear Claimed Marks 0.052ms
[3083.835s][info][gc,marking     ] GC(628) Concurrent Cleanup for Next Mark
[3083.844s][info][gc,marking     ] GC(628) Concurrent Cleanup for Next Mark 9.862ms
[3083.844s][info][gc             ] GC(628) Concurrent Mark Cycle 1243.706ms
..[3086.062s][info][gc,start       ] GC(629) Pause Young (Prepare Mixed) (G1 Evacuation Pause)
[3086.062s][info][gc,task        ] GC(629) Using 6 workers of 6 for evacuation
[3086.180s][info][gc,phases      ] GC(629)   Pre Evacuate Collection Set: 0.34ms
[3086.180s][info][gc,phases      ] GC(629)   Merge Heap Roots: 0.55ms
[3086.180s][info][gc,phases      ] GC(629)   Evacuate Collection Set: 116.10ms
[3086.180s][info][gc,phases      ] GC(629)   Post Evacuate Collection Set: 0.90ms
[3086.180s][info][gc,phases      ] GC(629)   Other: 0.08ms
[3086.180s][info][gc,heap        ] GC(629) Eden regions: 1119->0(1107)
[3086.180s][info][gc,heap        ] GC(629) Survivor regions: 109->110(154)
[3086.180s][info][gc,heap        ] GC(629) Old regions: 506->538
[3086.180s][info][gc,heap        ] GC(629) Humongous regions: 80->80
[3086.180s][info][gc,metaspace   ] GC(629) Metaspace: 28992K(29376K)->28992K(29376K) NonClass: 24113K(24256K)->24113K(24256K) Class: 4878K(5120K)->4878K(5120K)
[3086.180s][info][gc             ] GC(629) Pause Young (Prepare Mixed) (G1 Evacuation Pause) 3625M->1452M(4096M) 118.102ms
[3086.181s][info][gc,cpu         ] GC(629) User=0.70s Sys=0.00s Real=0.12s
...[3089.636s][info][gc,start       ] GC(630) Pause Young (Mixed) (G1 Evacuation Pause)
[3089.636s][info][gc,task        ] GC(630) Using 6 workers of 6 for evacuation
[3089.777s][info][gc,phases      ] GC(630)   Pre Evacuate Collection Set: 0.36ms
[3089.777s][info][gc,phases      ] GC(630)   Merge Heap Roots: 0.76ms
[3089.777s][info][gc,phases      ] GC(630)   Evacuate Collection Set: 139.54ms
[3089.778s][info][gc,phases      ] GC(630)   Post Evacuate Collection Set: 0.96ms
[3089.778s][info][gc,phases      ] GC(630)   Other: 0.09ms
[3089.778s][info][gc,heap        ] GC(630) Eden regions: 1107->0(1114)
[3089.778s][info][gc,heap        ] GC(630) Survivor regions: 110->114(153)
[3089.778s][info][gc,heap        ] GC(630) Old regions: 538->473
[3089.778s][info][gc,heap        ] GC(630) Humongous regions: 80->80
[3089.778s][info][gc,metaspace   ] GC(630) Metaspace: 28992K(29376K)->28992K(29376K) NonClass: 24113K(24256K)->24113K(24256K) Class: 4878K(5120K)->4878K(5120K)
[3089.778s][info][gc             ] GC(630) Pause Young (Mixed) (G1 Evacuation Pause) 3666M->1332M(4096M) 141.843ms
[3089.778s][info][gc,cpu         ] GC(630) User=0.84s Sys=0.00s Real=0.15s
....[3093.213s][info][gc,start       ] GC(631) Pause Young (Concurrent Start) (G1 Evacuation Pause)
[3093.213s][info][gc,task        ] GC(631) Using 6 workers of 6 for evacuation
[3093.331s][info][gc,phases      ] GC(631)   Pre Evacuate Collection Set: 0.38ms
[3093.331s][info][gc,phases      ] GC(631)   Merge Heap Roots: 0.49ms
[3093.331s][info][gc,phases      ] GC(631)   Evacuate Collection Set: 116.26ms
[3093.331s][info][gc,phases      ] GC(631)   Post Evacuate Collection Set: 0.90ms
[3093.331s][info][gc,phases      ] GC(631)   Other: 0.13ms
[3093.331s][info][gc,heap        ] GC(631) Eden regions: 1114->0(1119)
[3093.331s][info][gc,heap        ] GC(631) Survivor regions: 114->109(154)
[3093.331s][info][gc,heap        ] GC(631) Old regions: 473->505
[3093.331s][info][gc,heap        ] GC(631) Humongous regions: 80->80
[3093.331s][info][gc,metaspace   ] GC(631) Metaspace: 28992K(29376K)->28992K(29376K) NonClass: 24113K(24256K)->24113K(24256K) Class: 4878K(5120K)->4878K(5120K)
[3093.331s][info][gc             ] GC(631) Pause Young (Concurrent Start) (G1 Evacuation Pause) 3560M->1386M(4096M) 118.280ms
[3093.331s][info][gc             ] GC(632) Concurrent Mark Cycle
[3093.331s][info][gc,marking     ] GC(632) Concurrent Scan Root Regions
[3093.331s][info][gc,cpu         ] GC(631) User=0.70s Sys=0.00s Real=0.12s
[3093.504s][info][gc,marking     ] GC(632) Concurrent Scan Root Regions 172.812ms
[3093.504s][info][gc,marking     ] GC(632) Concurrent Mark
[3093.504s][info][gc,marking     ] GC(632) Concurrent Mark From Roots
[3093.504s][info][gc,task        ] GC(632) Using 2 workers of 2 for marking
.[3094.171s][info][gc,marking     ] GC(632) Concurrent Mark From Roots 667.257ms
[3094.172s][info][gc,marking     ] GC(632) Concurrent Preclean
[3094.172s][info][gc,marking     ] GC(632) Concurrent Preclean 0.150ms
[3094.172s][info][gc,start       ] GC(632) Pause Remark
[3094.177s][info][gc             ] GC(632) Pause Remark 2006M->2006M(4096M) 5.062ms
[3094.177s][info][gc,cpu         ] GC(632) User=0.03s Sys=0.00s Real=0.01s
[3094.177s][info][gc,marking     ] GC(632) Concurrent Mark 672.752ms
[3094.177s][info][gc,marking     ] GC(632) Concurrent Rebuild Remembered Sets and Scrub Regions
[3094.423s][info][gc,marking     ] GC(632) Concurrent Rebuild Remembered Sets and Scrub Regions 245.881ms
[3094.423s][info][gc,start       ] GC(632) Pause Cleanup
[3094.423s][info][gc             ] GC(632) Pause Cleanup 2175M->2175M(4096M) 0.107ms
[3094.423s][info][gc,cpu         ] GC(632) User=0.00s Sys=0.00s Real=0.00s
[3094.423s][info][gc,marking     ] GC(632) Concurrent Clear Claimed Marks
[3094.423s][info][gc,marking     ] GC(632) Concurrent Clear Claimed Marks 0.025ms
[3094.423s][info][gc,marking     ] GC(632) Concurrent Cleanup for Next Mark
[3094.427s][info][gc,marking     ] GC(632) Concurrent Cleanup for Next Mark 4.139ms
[3094.427s][info][gc             ] GC(632) Concurrent Mark Cycle 1096.109ms
...[3096.835s][info][gc,start       ] GC(633) Pause Young (Prepare Mixed) (G1 Evacuation Pause)
[3096.835s][info][gc,task        ] GC(633) Using 6 workers of 6 for evacuation
[3096.950s][info][gc,phases      ] GC(633)   Pre Evacuate Collection Set: 0.35ms
[3096.950s][info][gc,phases      ] GC(633)   Merge Heap Roots: 0.51ms
[3096.950s][info][gc,phases      ] GC(633)   Evacuate Collection Set: 113.75ms
[3096.950s][info][gc,phases      ] GC(633)   Post Evacuate Collection Set: 0.94ms
[3096.950s][info][gc,phases      ] GC(633)   Other: 0.09ms
[3096.950s][info][gc,heap        ] GC(633) Eden regions: 1119->0(1112)
[3096.950s][info][gc,heap        ] GC(633) Survivor regions: 109->108(154)
[3096.950s][info][gc,heap        ] GC(633) Old regions: 505->537
[3096.950s][info][gc,heap        ] GC(633) Humongous regions: 80->80
[3096.950s][info][gc,metaspace   ] GC(633) Metaspace: 28936K(29376K)->28936K(29376K) NonClass: 24067K(24256K)->24067K(24256K) Class: 4869K(5120K)->4869K(5120K)
[3096.950s][info][gc             ] GC(633) Pause Young (Prepare Mixed) (G1 Evacuation Pause) 3624M->1446M(4096M) 115.763ms
[3096.950s][info][gc,cpu         ] GC(633) User=0.68s Sys=0.00s Real=0.12s
...[3100.365s][info][gc,start       ] GC(634) Pause Young (Mixed) (G1 Evacuation Pause)
[3100.365s][info][gc,task        ] GC(634) Using 6 workers of 6 for evacuation
[3100.498s][info][gc,phases      ] GC(634)   Pre Evacuate Collection Set: 0.36ms
[3100.498s][info][gc,phases      ] GC(634)   Merge Heap Roots: 0.71ms
[3100.498s][info][gc,phases      ] GC(634)   Evacuate Collection Set: 131.16ms
[3100.498s][info][gc,phases      ] GC(634)   Post Evacuate Collection Set: 0.98ms
[3100.498s][info][gc,phases      ] GC(634)   Other: 0.09ms
[3100.498s][info][gc,heap        ] GC(634) Eden regions: 1112->0(1120)
[3100.498s][info][gc,heap        ] GC(634) Survivor regions: 108->108(153)
[3100.498s][info][gc,heap        ] GC(634) Old regions: 537->473
[3100.498s][info][gc,heap        ] GC(634) Humongous regions: 80->80
[3100.498s][info][gc,metaspace   ] GC(634) Metaspace: 28936K(29376K)->28936K(29376K) NonClass: 24067K(24256K)->24067K(24256K) Class: 4869K(5120K)->4869K(5120K)
[3100.498s][info][gc             ] GC(634) Pause Young (Mixed) (G1 Evacuation Pause) 3670M->1320M(4096M) 133.421ms
[3100.498s][info][gc,cpu         ] GC(634) User=0.79s Sys=0.00s Real=0.14s
....[3103.925s][info][gc,start       ] GC(635) Pause Young (Concurrent Start) (G1 Evacuation Pause)
[3103.925s][info][gc,task        ] GC(635) Using 6 workers of 6 for evacuation
[3104.040s][info][gc,phases      ] GC(635)   Pre Evacuate Collection Set: 0.36ms
[3104.040s][info][gc,phases      ] GC(635)   Merge Heap Roots: 0.48ms
[3104.040s][info][gc,phases      ] GC(635)   Evacuate Collection Set: 113.01ms
[3104.040s][info][gc,phases      ] GC(635)   Post Evacuate Collection Set: 0.89ms
[3104.040s][info][gc,phases      ] GC(635)   Other: 0.11ms
[3104.040s][info][gc,heap        ] GC(635) Eden regions: 1120->0(1121)
[3104.040s][info][gc,heap        ] GC(635) Survivor regions: 108->107(154)
[3104.040s][info][gc,heap        ] GC(635) Old regions: 473->506
[3104.040s][info][gc,heap        ] GC(635) Humongous regions: 80->80
[3104.040s][info][gc,metaspace   ] GC(635) Metaspace: 28936K(29376K)->28936K(29376K) NonClass: 24067K(24256K)->24067K(24256K) Class: 4869K(5120K)->4869K(5120K)
[3104.040s][info][gc             ] GC(635) Pause Young (Concurrent Start) (G1 Evacuation Pause) 3560M->1382M(4096M) 114.979ms
[3104.040s][info][gc             ] GC(636) Concurrent Mark Cycle
[3104.040s][info][gc,marking     ] GC(636) Concurrent Scan Root Regions
[3104.040s][info][gc,cpu         ] GC(635) User=0.68s Sys=0.00s Real=0.12s
[3104.173s][info][gc,marking     ] GC(636) Concurrent Scan Root Regions 132.916ms
[3104.173s][info][gc,marking     ] GC(636) Concurrent Mark
[3104.173s][info][gc,marking     ] GC(636) Concurrent Mark From Roots
[3104.173s][info][gc,task        ] GC(636) Using 2 workers of 2 for marking
[3104.790s][info][gc,marking     ] GC(636) Concurrent Mark From Roots 616.919ms
[3104.790s][info][gc,marking     ] GC(636) Concurrent Preclean
[3104.790s][info][gc,marking     ] GC(636) Concurrent Preclean 0.307ms
[3104.791s][info][gc,start       ] GC(636) Pause Remark
[3104.796s][info][gc             ] GC(636) Pause Remark 1882M->1882M(4096M) 4.951ms
[3104.796s][info][gc,cpu         ] GC(636) User=0.02s Sys=0.00s Real=0.01s
[3104.796s][info][gc,marking     ] GC(636) Concurrent Mark 623.214ms
[3104.796s][info][gc,marking     ] GC(636) Concurrent Rebuild Remembered Sets and Scrub Regions
.[3105.030s][info][gc,marking     ] GC(636) Concurrent Rebuild Remembered Sets and Scrub Regions 233.388ms
[3105.030s][info][gc,start       ] GC(636) Pause Cleanup
[3105.031s][info][gc             ] GC(636) Pause Cleanup 2022M->2022M(4096M) 0.115ms
[3105.031s][info][gc,cpu         ] GC(636) User=0.00s Sys=0.00s Real=0.00s
[3105.031s][info][gc,marking     ] GC(636) Concurrent Clear Claimed Marks
[3105.031s][info][gc,marking     ] GC(636) Concurrent Clear Claimed Marks 0.031ms
[3105.031s][info][gc,marking     ] GC(636) Concurrent Cleanup for Next Mark
[3105.034s][info][gc,marking     ] GC(636) Concurrent Cleanup for Next Mark 3.356ms
[3105.034s][info][gc             ] GC(636) Concurrent Mark Cycle 994.003ms
..[3107.591s][info][gc,start       ] GC(637) Pause Young (Prepare Mixed) (G1 Evacuation Pause)
[3107.591s][info][gc,task        ] GC(637) Using 6 workers of 6 for evacuation
[3107.712s][info][gc,phases      ] GC(637)   Pre Evacuate Collection Set: 0.36ms
[3107.712s][info][gc,phases      ] GC(637)   Merge Heap Roots: 0.62ms
[3107.712s][info][gc,phases      ] GC(637)   Evacuate Collection Set: 118.60ms
[3107.712s][info][gc,phases      ] GC(637)   Post Evacuate Collection Set: 0.95ms
[3107.712s][info][gc,phases      ] GC(637)   Other: 0.10ms
[3107.712s][info][gc,heap        ] GC(637) Eden regions: 1121->0(1103)
[3107.712s][info][gc,heap        ] GC(637) Survivor regions: 107->112(154)
[3107.712s][info][gc,heap        ] GC(637) Old regions: 506->538
[3107.712s][info][gc,heap        ] GC(637) Humongous regions: 80->80
[3107.712s][info][gc,metaspace   ] GC(637) Metaspace: 28936K(29376K)->28936K(29376K) NonClass: 24067K(24256K)->24067K(24256K) Class: 4869K(5120K)->4869K(5120K)
[3107.712s][info][gc             ] GC(637) Pause Young (Prepare Mixed) (G1 Evacuation Pause) 3624M->1457M(4096M) 120.742ms
[3107.712s][info][gc,cpu         ] GC(637) User=0.71s Sys=0.00s Real=0.12s
....[3111.100s][info][gc,start       ] GC(638) Pause Young (Mixed) (G1 Evacuation Pause)
[3111.100s][info][gc,task        ] GC(638) Using 6 workers of 6 for evacuation
[3111.231s][info][gc,phases      ] GC(638)   Pre Evacuate Collection Set: 0.39ms
[3111.231s][info][gc,phases      ] GC(638)   Merge Heap Roots: 0.65ms
[3111.231s][info][gc,phases      ] GC(638)   Evacuate Collection Set: 129.08ms
[3111.231s][info][gc,phases      ] GC(638)   Post Evacuate Collection Set: 0.93ms
[3111.231s][info][gc,phases      ] GC(638)   Other: 0.09ms
[3111.231s][info][gc,heap        ] GC(638) Eden regions: 1103->0(1120)
[3111.231s][info][gc,heap        ] GC(638) Survivor regions: 112->108(152)
[3111.231s][info][gc,heap        ] GC(638) Old regions: 538->474
[3111.231s][info][gc,heap        ] GC(638) Humongous regions: 80->80
[3111.231s][info][gc,metaspace   ] GC(638) Metaspace: 28936K(29376K)->28936K(29376K) NonClass: 24067K(24256K)->24067K(24256K) Class: 4869K(5120K)->4869K(5120K)
[3111.231s][info][gc             ] GC(638) Pause Young (Mixed) (G1 Evacuation Pause) 3663M->1322M(4096M) 131.264ms
[3111.231s][info][gc,cpu         ] GC(638) User=0.77s Sys=0.00s Real=0.13s
...[3114.729s][info][gc,start       ] GC(639) Pause Young (Concurrent Start) (G1 Evacuation Pause)
[3114.729s][info][gc,task        ] GC(639) Using 6 workers of 6 for evacuation
[3114.846s][info][gc,phases      ] GC(639)   Pre Evacuate Collection Set: 0.38ms
[3114.846s][info][gc,phases      ] GC(639)   Merge Heap Roots: 0.47ms
[3114.846s][info][gc,phases      ] GC(639)   Evacuate Collection Set: 114.62ms
[3114.846s][info][gc,phases      ] GC(639)   Post Evacuate Collection Set: 0.88ms
[3114.846s][info][gc,phases      ] GC(639)   Other: 0.10ms
[3114.846s][info][gc,heap        ] GC(639) Eden regions: 1120->0(1119)
[3114.846s][info][gc,heap        ] GC(639) Survivor regions: 108->109(154)
[3114.846s][info][gc,heap        ] GC(639) Old regions: 474->506
[3114.846s][info][gc,heap        ] GC(639) Humongous regions: 80->80
[3114.846s][info][gc,metaspace   ] GC(639) Metaspace: 28936K(29376K)->28936K(29376K) NonClass: 24067K(24256K)->24067K(24256K) Class: 4869K(5120K)->4869K(5120K)
[3114.846s][info][gc             ] GC(639) Pause Young (Concurrent Start) (G1 Evacuation Pause) 3562M->1388M(4096M) 116.584ms
[3114.846s][info][gc             ] GC(640) Concurrent Mark Cycle
[3114.846s][info][gc,marking     ] GC(640) Concurrent Scan Root Regions
[3114.846s][info][gc,cpu         ] GC(639) User=0.69s Sys=0.01s Real=0.12s
.[3114.981s][info][gc,marking     ] GC(640) Concurrent Scan Root Regions 134.791ms
[3114.981s][info][gc,marking     ] GC(640) Concurrent Mark
[3114.981s][info][gc,marking     ] GC(640) Concurrent Mark From Roots
[3114.981s][info][gc,task        ] GC(640) Using 2 workers of 2 for marking
[3115.648s][info][gc,marking     ] GC(640) Concurrent Mark From Roots 667.133ms
[3115.648s][info][gc,marking     ] GC(640) Concurrent Preclean
[3115.649s][info][gc,marking     ] GC(640) Concurrent Preclean 1.188ms
[3115.649s][info][gc,start       ] GC(640) Pause Remark
[3115.655s][info][gc             ] GC(640) Pause Remark 1987M->1987M(4096M) 6.150ms
[3115.656s][info][gc,cpu         ] GC(640) User=0.03s Sys=0.00s Real=0.00s
[3115.656s][info][gc,marking     ] GC(640) Concurrent Mark 674.761ms
[3115.656s][info][gc,marking     ] GC(640) Concurrent Rebuild Remembered Sets and Scrub Regions
.[3115.944s][info][gc,marking     ] GC(640) Concurrent Rebuild Remembered Sets and Scrub Regions 288.245ms
[3115.944s][info][gc,start       ] GC(640) Pause Cleanup
[3115.944s][info][gc             ] GC(640) Pause Cleanup 2165M->2165M(4096M) 0.107ms
[3115.944s][info][gc,cpu         ] GC(640) User=0.00s Sys=0.00s Real=0.00s
[3115.944s][info][gc,marking     ] GC(640) Concurrent Clear Claimed Marks
[3115.944s][info][gc,marking     ] GC(640) Concurrent Clear Claimed Marks 0.022ms
[3115.944s][info][gc,marking     ] GC(640) Concurrent Cleanup for Next Mark
[3115.950s][info][gc,marking     ] GC(640) Concurrent Cleanup for Next Mark 5.494ms
[3115.950s][info][gc             ] GC(640) Concurrent Mark Cycle 1103.751ms
..[3118.300s][info][gc,start       ] GC(641) Pause Young (Prepare Mixed) (G1 Evacuation Pause)
[3118.300s][info][gc,task        ] GC(641) Using 6 workers of 6 for evacuation
[3118.417s][info][gc,phases      ] GC(641)   Pre Evacuate Collection Set: 0.33ms
[3118.417s][info][gc,phases      ] GC(641)   Merge Heap Roots: 0.51ms
[3118.417s][info][gc,phases      ] GC(641)   Evacuate Collection Set: 114.83ms
[3118.417s][info][gc,phases      ] GC(641)   Post Evacuate Collection Set: 0.93ms
[3118.417s][info][gc,phases      ] GC(641)   Other: 0.08ms
[3118.417s][info][gc,heap        ] GC(641) Eden regions: 1119->0(1110)
[3118.417s][info][gc,heap        ] GC(641) Survivor regions: 109->109(154)
[3118.417s][info][gc,heap        ] GC(641) Old regions: 506->537
[3118.417s][info][gc,heap        ] GC(641) Humongous regions: 80->80
[3118.417s][info][gc,metaspace   ] GC(641) Metaspace: 28936K(29376K)->28936K(29376K) NonClass: 24067K(24256K)->24067K(24256K) Class: 4869K(5120K)->4869K(5120K)
[3118.417s][info][gc             ] GC(641) Pause Young (Prepare Mixed) (G1 Evacuation Pause) 3626M->1449M(4096M) 116.834ms
[3118.417s][info][gc,cpu         ] GC(641) User=0.69s Sys=0.00s Real=0.12s
....[3121.876s][info][gc,start       ] GC(642) Pause Young (Mixed) (G1 Evacuation Pause)
[3121.877s][info][gc,task        ] GC(642) Using 6 workers of 6 for evacuation
[3122.010s][info][gc,phases      ] GC(642)   Pre Evacuate Collection Set: 0.36ms
[3122.010s][info][gc,phases      ] GC(642)   Merge Heap Roots: 0.68ms
[3122.010s][info][gc,phases      ] GC(642)   Evacuate Collection Set: 131.03ms
[3122.010s][info][gc,phases      ] GC(642)   Post Evacuate Collection Set: 0.97ms
[3122.010s][info][gc,phases      ] GC(642)   Other: 0.09ms
[3122.010s][info][gc,heap        ] GC(642) Eden regions: 1110->0(1121)
[3122.010s][info][gc,heap        ] GC(642) Survivor regions: 109->107(153)
[3122.010s][info][gc,heap        ] GC(642) Old regions: 537->471
[3122.010s][info][gc,heap        ] GC(642) Humongous regions: 80->80
[3122.010s][info][gc,metaspace   ] GC(642) Metaspace: 28936K(29376K)->28936K(29376K) NonClass: 24067K(24256K)->24067K(24256K) Class: 4869K(5120K)->4869K(5120K)
[3122.010s][info][gc             ] GC(642) Pause Young (Mixed) (G1 Evacuation Pause) 3669M->1313M(4096M) 133.259ms
[3122.010s][info][gc,cpu         ] GC(642) User=0.79s Sys=0.00s Real=0.13s
 (rIR:aIR:PR = 5258:5260:5260) (tPR = 77958) [OK] 
  3121s: Performance info:
         Transaction,    Success,    Partial,     Failed,   Receipts, AvgBarcode, 
             Overall,     316827,          0,          0,     300993,      59.48, 
         Response times:
             Request,    Success,    Partial,     Failed,   SkipFail,     Probes,    Samples,      min,      p50,      p90,      p95,      p99,      max, 
       TotalPurchase,     300962,          0,          0,          0,     294151,     315189,      300,     4200,     9300,    24000,    72000,   291000,
     InStorePurchase,     158442,          0,          0,          0,     155146,     165770,      300,     4100,     9200,    24000,    72000,   205000,
      OnlinePurchase,     110847,          0,          0,          0,     108232,     116149,      300,     4400,     9500,    25000,    73000,   202000,
        InstPurchase,      31673,          0,          0,          0,      30773,      33270,      300,     4100,     9100,    22000,    68000,   291000,
          AssocOfCat,        315,          0,          0,          0,        256,        361,    23000,    34000,    59000,    94000,   151000,   199000,
      AssocOfProduct,       3170,          0,          0,          0,       2937,       3281,     1400,     5500,    10800,    29000,    76000,   175000,
      BusinessReport,        788,          0,          0,          0,        679,        879,    22000,    35000,    60000,    81000,   166400,   200000,
          CustBuyBeh,       3164,          0,          0,          0,       2949,       3348,      700,     3100,     7400,    18900,    60510,   149000,
       ProductReturn,       8397,          0,          0,          0,       8044,       8910,      300,     4600,    10000,    28000,    75890,   153000,

  3121s: (39%)   IR =   5396 ...[3125.434s][info][gc,start       ] GC(643) Pause Young (Concurrent Start) (G1 Evacuation Pause)
[3125.434s][info][gc,task        ] GC(643) Using 6 workers of 6 for evacuation
[3125.553s][info][gc,phases      ] GC(643)   Pre Evacuate Collection Set: 0.38ms
[3125.553s][info][gc,phases      ] GC(643)   Merge Heap Roots: 0.47ms
[3125.553s][info][gc,phases      ] GC(643)   Evacuate Collection Set: 117.00ms
[3125.553s][info][gc,phases      ] GC(643)   Post Evacuate Collection Set: 0.93ms
[3125.553s][info][gc,phases      ] GC(643)   Other: 0.12ms
[3125.553s][info][gc,heap        ] GC(643) Eden regions: 1121->0(1118)
[3125.553s][info][gc,heap        ] GC(643) Survivor regions: 107->110(154)
[3125.553s][info][gc,heap        ] GC(643) Old regions: 471->502
[3125.553s][info][gc,heap        ] GC(643) Humongous regions: 80->80
[3125.553s][info][gc,metaspace   ] GC(643) Metaspace: 28936K(29376K)->28936K(29376K) NonClass: 24067K(24256K)->24067K(24256K) Class: 4869K(5120K)->4869K(5120K)
[3125.553s][info][gc             ] GC(643) Pause Young (Concurrent Start) (G1 Evacuation Pause) 3555M->1381M(4096M) 119.028ms
[3125.553s][info][gc             ] GC(644) Concurrent Mark Cycle
[3125.553s][info][gc,marking     ] GC(644) Concurrent Scan Root Regions
[3125.553s][info][gc,cpu         ] GC(643) User=0.71s Sys=0.00s Real=0.12s
[3125.725s][info][gc,marking     ] GC(644) Concurrent Scan Root Regions 171.864ms
[3125.725s][info][gc,marking     ] GC(644) Concurrent Mark
[3125.725s][info][gc,marking     ] GC(644) Concurrent Mark From Roots
[3125.725s][info][gc,task        ] GC(644) Using 2 workers of 2 for marking
.[3126.466s][info][gc,marking     ] GC(644) Concurrent Mark From Roots 741.301ms
[3126.467s][info][gc,marking     ] GC(644) Concurrent Preclean
[3126.467s][info][gc,marking     ] GC(644) Concurrent Preclean 0.133ms
[3126.467s][info][gc,start       ] GC(644) Pause Remark
[3126.471s][info][gc             ] GC(644) Pause Remark 2006M->2006M(4096M) 3.672ms
[3126.471s][info][gc,cpu         ] GC(644) User=0.02s Sys=0.00s Real=0.00s
[3126.471s][info][gc,marking     ] GC(644) Concurrent Mark 745.940ms
[3126.471s][info][gc,marking     ] GC(644) Concurrent Rebuild Remembered Sets and Scrub Regions
[3126.730s][info][gc,marking     ] GC(644) Concurrent Rebuild Remembered Sets and Scrub Regions 258.471ms
[3126.730s][info][gc,start       ] GC(644) Pause Cleanup
[3126.730s][info][gc             ] GC(644) Pause Cleanup 2208M->2208M(4096M) 0.113ms
[3126.730s][info][gc,cpu         ] GC(644) User=0.00s Sys=0.00s Real=0.00s
[3126.730s][info][gc,marking     ] GC(644) Concurrent Clear Claimed Marks
[3126.730s][info][gc,marking     ] GC(644) Concurrent Clear Claimed Marks 0.024ms
[3126.730s][info][gc,marking     ] GC(644) Concurrent Cleanup for Next Mark
[3126.735s][info][gc,marking     ] GC(644) Concurrent Cleanup for Next Mark 4.803ms
[3126.735s][info][gc             ] GC(644) Concurrent Mark Cycle 1181.583ms
..|[3128.966s][info][gc,start       ] GC(645) Pause Young (Prepare Mixed) (G1 Evacuation Pause)
[3128.966s][info][gc,task        ] GC(645) Using 6 workers of 6 for evacuation
[3129.083s][info][gc,phases      ] GC(645)   Pre Evacuate Collection Set: 0.32ms
[3129.083s][info][gc,phases      ] GC(645)   Merge Heap Roots: 0.53ms
[3129.083s][info][gc,phases      ] GC(645)   Evacuate Collection Set: 114.68ms
[3129.083s][info][gc,phases      ] GC(645)   Post Evacuate Collection Set: 0.93ms
[3129.083s][info][gc,phases      ] GC(645)   Other: 0.09ms
[3129.083s][info][gc,heap        ] GC(645) Eden regions: 1118->0(1115)
[3129.083s][info][gc,heap        ] GC(645) Survivor regions: 110->108(154)
[3129.083s][info][gc,heap        ] GC(645) Old regions: 502->534
[3129.083s][info][gc,heap        ] GC(645) Humongous regions: 80->80
[3129.083s][info][gc,metaspace   ] GC(645) Metaspace: 28936K(29376K)->28936K(29376K) NonClass: 24067K(24256K)->24067K(24256K) Class: 4869K(5120K)->4869K(5120K)
[3129.083s][info][gc             ] GC(645) Pause Young (Prepare Mixed) (G1 Evacuation Pause) 3617M->1441M(4096M) 116.707ms
[3129.083s][info][gc,cpu         ] GC(645) User=0.69s Sys=0.01s Real=0.11s
....[3132.464s][info][gc,start       ] GC(646) Pause Young (Mixed) (G1 Evacuation Pause)
[3132.464s][info][gc,task        ] GC(646) Using 6 workers of 6 for evacuation
[3132.602s][info][gc,phases      ] GC(646)   Pre Evacuate Collection Set: 0.36ms
[3132.602s][info][gc,phases      ] GC(646)   Merge Heap Roots: 0.80ms
[3132.602s][info][gc,phases      ] GC(646)   Evacuate Collection Set: 135.21ms
[3132.602s][info][gc,phases      ] GC(646)   Post Evacuate Collection Set: 0.95ms
[3132.602s][info][gc,phases      ] GC(646)   Other: 0.09ms
[3132.602s][info][gc,heap        ] GC(646) Eden regions: 1115->0(1117)
[3132.602s][info][gc,heap        ] GC(646) Survivor regions: 108->111(153)
[3132.602s][info][gc,heap        ] GC(646) Old regions: 534->472
[3132.602s][info][gc,heap        ] GC(646) Humongous regions: 80->80
[3132.602s][info][gc,metaspace   ] GC(646) Metaspace: 28936K(29376K)->28936K(29376K) NonClass: 24067K(24256K)->24067K(24256K) Class: 4869K(5120K)->4869K(5120K)
[3132.602s][info][gc             ] GC(646) Pause Young (Mixed) (G1 Evacuation Pause) 3671M->1324M(4096M) 137.575ms
[3132.602s][info][gc,cpu         ] GC(646) User=0.81s Sys=0.00s Real=0.14s
...[3135.897s][info][gc,start       ] GC(647) Pause Young (Concurrent Start) (G1 Evacuation Pause)
[3135.897s][info][gc,task        ] GC(647) Using 6 workers of 6 for evacuation
[3136.014s][info][gc,phases      ] GC(647)   Pre Evacuate Collection Set: 0.36ms
[3136.015s][info][gc,phases      ] GC(647)   Merge Heap Roots: 0.45ms
[3136.015s][info][gc,phases      ] GC(647)   Evacuate Collection Set: 116.07ms
[3136.015s][info][gc,phases      ] GC(647)   Post Evacuate Collection Set: 0.89ms
[3136.015s][info][gc,phases      ] GC(647)   Other: 0.11ms
[3136.015s][info][gc,heap        ] GC(647) Eden regions: 1117->0(1119)
[3136.015s][info][gc,heap        ] GC(647) Survivor regions: 111->109(154)
[3136.015s][info][gc,heap        ] GC(647) Old regions: 472->504
[3136.015s][info][gc,heap        ] GC(647) Humongous regions: 80->80
[3136.015s][info][gc,metaspace   ] GC(647) Metaspace: 28936K(29376K)->28936K(29376K) NonClass: 24067K(24256K)->24067K(24256K) Class: 4869K(5120K)->4869K(5120K)
[3136.015s][info][gc             ] GC(647) Pause Young (Concurrent Start) (G1 Evacuation Pause) 3558M->1383M(4096M) 117.996ms
[3136.015s][info][gc             ] GC(648) Concurrent Mark Cycle
[3136.015s][info][gc,marking     ] GC(648) Concurrent Scan Root Regions
[3136.015s][info][gc,cpu         ] GC(647) User=0.70s Sys=0.00s Real=0.11s
.[3136.147s][info][gc,marking     ] GC(648) Concurrent Scan Root Regions 132.546ms
[3136.147s][info][gc,marking     ] GC(648) Concurrent Mark
[3136.147s][info][gc,marking     ] GC(648) Concurrent Mark From Roots
[3136.147s][info][gc,task        ] GC(648) Using 2 workers of 2 for marking
[3136.780s][info][gc,marking     ] GC(648) Concurrent Mark From Roots 632.685ms
[3136.780s][info][gc,marking     ] GC(648) Concurrent Preclean
[3136.781s][info][gc,marking     ] GC(648) Concurrent Preclean 0.917ms
[3136.781s][info][gc,start       ] GC(648) Pause Remark
[3136.786s][info][gc             ] GC(648) Pause Remark 1916M->1916M(4096M) 5.036ms
[3136.786s][info][gc,cpu         ] GC(648) User=0.02s Sys=0.01s Real=0.01s
[3136.788s][info][gc,marking     ] GC(648) Concurrent Mark 640.315ms
[3136.788s][info][gc,marking     ] GC(648) Concurrent Rebuild Remembered Sets and Scrub Regions
[3137.048s][info][gc,marking     ] GC(648) Concurrent Rebuild Remembered Sets and Scrub Regions 260.752ms
[3137.049s][info][gc,start       ] GC(648) Pause Cleanup
[3137.049s][info][gc             ] GC(648) Pause Cleanup 2077M->2077M(4096M) 0.102ms
[3137.049s][info][gc,cpu         ] GC(648) User=0.00s Sys=0.00s Real=0.00s
[3137.049s][info][gc,marking     ] GC(648) Concurrent Clear Claimed Marks
[3137.049s][info][gc,marking     ] GC(648) Concurrent Clear Claimed Marks 0.026ms
[3137.049s][info][gc,marking     ] GC(648) Concurrent Cleanup for Next Mark
[3137.054s][info][gc,marking     ] GC(648) Concurrent Cleanup for Next Mark 4.731ms
[3137.054s][info][gc             ] GC(648) Concurrent Mark Cycle 1039.100ms
...[3139.426s][info][gc,start       ] GC(649) Pause Young (Prepare Mixed) (G1 Evacuation Pause)
[3139.426s][info][gc,task        ] GC(649) Using 6 workers of 6 for evacuation
[3139.543s][info][gc,phases      ] GC(649)   Pre Evacuate Collection Set: 0.33ms
[3139.543s][info][gc,phases      ] GC(649)   Merge Heap Roots: 0.53ms
[3139.543s][info][gc,phases      ] GC(649)   Evacuate Collection Set: 115.34ms
[3139.543s][info][gc,phases      ] GC(649)   Post Evacuate Collection Set: 0.98ms
[3139.543s][info][gc,phases      ] GC(649)   Other: 0.08ms
[3139.543s][info][gc,heap        ] GC(649) Eden regions: 1119->0(1113)
[3139.543s][info][gc,heap        ] GC(649) Survivor regions: 109->108(154)
[3139.543s][info][gc,heap        ] GC(649) Old regions: 504->536
[3139.543s][info][gc,heap        ] GC(649) Humongous regions: 80->80
[3139.543s][info][gc,metaspace   ] GC(649) Metaspace: 28936K(29376K)->28936K(29376K) NonClass: 24067K(24256K)->24067K(24256K) Class: 4869K(5120K)->4869K(5120K)
[3139.543s][info][gc             ] GC(649) Pause Young (Prepare Mixed) (G1 Evacuation Pause) 3621M->1446M(4096M) 117.403ms
[3139.543s][info][gc,cpu         ] GC(649) User=0.70s Sys=0.00s Real=0.12s
...[3142.925s][info][gc,start       ] GC(650) Pause Young (Mixed) (G1 Evacuation Pause)
[3142.925s][info][gc,task        ] GC(650) Using 6 workers of 6 for evacuation
[3143.060s][info][gc,phases      ] GC(650)   Pre Evacuate Collection Set: 0.37ms
[3143.060s][info][gc,phases      ] GC(650)   Merge Heap Roots: 0.70ms
[3143.060s][info][gc,phases      ] GC(650)   Evacuate Collection Set: 132.74ms
[3143.060s][info][gc,phases      ] GC(650)   Post Evacuate Collection Set: 0.94ms
[3143.060s][info][gc,phases      ] GC(650)   Other: 0.09ms
[3143.060s][info][gc,heap        ] GC(650) Eden regions: 1113->0(1119)
[3143.060s][info][gc,heap        ] GC(650) Survivor regions: 108->109(153)
[3143.060s][info][gc,heap        ] GC(650) Old regions: 536->473
[3143.060s][info][gc,heap        ] GC(650) Humongous regions: 80->80
[3143.060s][info][gc,metaspace   ] GC(650) Metaspace: 28936K(29376K)->28936K(29376K) NonClass: 24067K(24256K)->24067K(24256K) Class: 4869K(5120K)->4869K(5120K)
[3143.060s][info][gc             ] GC(650) Pause Young (Mixed) (G1 Evacuation Pause) 3672M->1321M(4096M) 134.984ms
[3143.060s][info][gc,cpu         ] GC(650) User=0.79s Sys=0.00s Real=0.14s
....[3146.402s][info][gc,start       ] GC(651) Pause Young (Concurrent Start) (G1 Evacuation Pause)
[3146.402s][info][gc,task        ] GC(651) Using 6 workers of 6 for evacuation
[3146.518s][info][gc,phases      ] GC(651)   Pre Evacuate Collection Set: 0.41ms
[3146.518s][info][gc,phases      ] GC(651)   Merge Heap Roots: 0.53ms
[3146.518s][info][gc,phases      ] GC(651)   Evacuate Collection Set: 114.46ms
[3146.518s][info][gc,phases      ] GC(651)   Post Evacuate Collection Set: 0.88ms
[3146.518s][info][gc,phases      ] GC(651)   Other: 0.12ms
[3146.518s][info][gc,heap        ] GC(651) Eden regions: 1119->0(1119)
[3146.518s][info][gc,heap        ] GC(651) Survivor regions: 109->109(154)
[3146.518s][info][gc,heap        ] GC(651) Old regions: 473->505
[3146.518s][info][gc,heap        ] GC(651) Humongous regions: 80->80
[3146.518s][info][gc,metaspace   ] GC(651) Metaspace: 28936K(29376K)->28936K(29376K) NonClass: 24067K(24256K)->24067K(24256K) Class: 4869K(5120K)->4869K(5120K)
[3146.518s][info][gc             ] GC(651) Pause Young (Concurrent Start) (G1 Evacuation Pause) 3559M->1385M(4096M) 116.563ms
[3146.518s][info][gc             ] GC(652) Concurrent Mark Cycle
[3146.518s][info][gc,marking     ] GC(652) Concurrent Scan Root Regions
[3146.518s][info][gc,cpu         ] GC(651) User=0.68s Sys=0.00s Real=0.12s
[3146.661s][info][gc,marking     ] GC(652) Concurrent Scan Root Regions 143.092ms
[3146.661s][info][gc,marking     ] GC(652) Concurrent Mark
[3146.661s][info][gc,marking     ] GC(652) Concurrent Mark From Roots
[3146.661s][info][gc,task        ] GC(652) Using 2 workers of 2 for marking
.[3147.598s][info][gc,marking     ] GC(652) Concurrent Mark From Roots 936.342ms
[3147.598s][info][gc,marking     ] GC(652) Concurrent Preclean
[3147.598s][info][gc,marking     ] GC(652) Concurrent Preclean 0.596ms
[3147.598s][info][gc,start       ] GC(652) Pause Remark
[3147.604s][info][gc             ] GC(652) Pause Remark 2161M->2161M(4096M) 5.918ms
[3147.604s][info][gc,cpu         ] GC(652) User=0.03s Sys=0.00s Real=0.00s
[3147.605s][info][gc,marking     ] GC(652) Concurrent Mark 943.447ms
[3147.605s][info][gc,marking     ] GC(652) Concurrent Rebuild Remembered Sets and Scrub Regions
[3148.005s][info][gc,marking     ] GC(652) Concurrent Rebuild Remembered Sets and Scrub Regions 400.029ms
[3148.006s][info][gc,start       ] GC(652) Pause Cleanup
[3148.006s][info][gc             ] GC(652) Pause Cleanup 2425M->2425M(4096M) 0.117ms
[3148.006s][info][gc,cpu         ] GC(652) User=0.00s Sys=0.00s Real=0.01s
[3148.006s][info][gc,marking     ] GC(652) Concurrent Clear Claimed Marks
[3148.006s][info][gc,marking     ] GC(652) Concurrent Clear Claimed Marks 0.031ms
[3148.006s][info][gc,marking     ] GC(652) Concurrent Cleanup for Next Mark
[3148.010s][info][gc,marking     ] GC(652) Concurrent Cleanup for Next Mark 3.996ms
[3148.010s][info][gc             ] GC(652) Concurrent Mark Cycle 1491.996ms
..[3149.924s][info][gc,start       ] GC(653) Pause Young (Prepare Mixed) (G1 Evacuation Pause)
[3149.924s][info][gc,task        ] GC(653) Using 6 workers of 6 for evacuation
[3150.039s][info][gc,phases      ] GC(653)   Pre Evacuate Collection Set: 0.37ms
[3150.039s][info][gc,phases      ] GC(653)   Merge Heap Roots: 0.58ms
[3150.039s][info][gc,phases      ] GC(653)   Evacuate Collection Set: 113.57ms
[3150.039s][info][gc,phases      ] GC(653)   Post Evacuate Collection Set: 0.95ms
[3150.039s][info][gc,phases      ] GC(653)   Other: 0.10ms
[3150.039s][info][gc,heap        ] GC(653) Eden regions: 1119->0(1111)
[3150.039s][info][gc,heap        ] GC(653) Survivor regions: 109->108(154)
[3150.039s][info][gc,heap        ] GC(653) Old regions: 505->538
[3150.039s][info][gc,heap        ] GC(653) Humongous regions: 80->80
[3150.039s][info][gc,metaspace   ] GC(653) Metaspace: 28936K(29376K)->28936K(29376K) NonClass: 24067K(24256K)->24067K(24256K) Class: 4869K(5120K)->4869K(5120K)
[3150.040s][info][gc             ] GC(653) Pause Young (Prepare Mixed) (G1 Evacuation Pause) 3623M->1449M(4096M) 115.719ms
[3150.040s][info][gc,cpu         ] GC(653) User=0.69s Sys=0.00s Real=0.12s
....[3153.417s][info][gc,start       ] GC(654) Pause Young (Mixed) (G1 Evacuation Pause)
[3153.417s][info][gc,task        ] GC(654) Using 6 workers of 6 for evacuation
[3153.553s][info][gc,phases      ] GC(654)   Pre Evacuate Collection Set: 0.39ms
[3153.553s][info][gc,phases      ] GC(654)   Merge Heap Roots: 0.69ms
[3153.553s][info][gc,phases      ] GC(654)   Evacuate Collection Set: 133.84ms
[3153.553s][info][gc,phases      ] GC(654)   Post Evacuate Collection Set: 0.92ms
[3153.553s][info][gc,phases      ] GC(654)   Other: 0.09ms
[3153.553s][info][gc,heap        ] GC(654) Eden regions: 1111->0(1117)
[3153.553s][info][gc,heap        ] GC(654) Survivor regions: 108->111(153)
[3153.553s][info][gc,heap        ] GC(654) Old regions: 538->472
[3153.553s][info][gc,heap        ] GC(654) Humongous regions: 80->80
[3153.553s][info][gc,metaspace   ] GC(654) Metaspace: 28936K(29376K)->28936K(29376K) NonClass: 24067K(24256K)->24067K(24256K) Class: 4869K(5120K)->4869K(5120K)
[3153.553s][info][gc             ] GC(654) Pause Young (Mixed) (G1 Evacuation Pause) 3671M->1323M(4096M) 136.066ms
[3153.553s][info][gc,cpu         ] GC(654) User=0.81s Sys=0.00s Real=0.13s
...[3156.864s][info][gc,start       ] GC(655) Pause Young (Concurrent Start) (G1 Evacuation Pause)
[3156.864s][info][gc,task        ] GC(655) Using 6 workers of 6 for evacuation
[3156.979s][info][gc,phases      ] GC(655)   Pre Evacuate Collection Set: 0.39ms
[3156.979s][info][gc,phases      ] GC(655)   Merge Heap Roots: 0.50ms
[3156.979s][info][gc,phases      ] GC(655)   Evacuate Collection Set: 113.14ms
[3156.979s][info][gc,phases      ] GC(655)   Post Evacuate Collection Set: 0.89ms
[3156.979s][info][gc,phases      ] GC(655)   Other: 0.09ms
[3156.979s][info][gc,heap        ] GC(655) Eden regions: 1117->0(1120)
[3156.979s][info][gc,heap        ] GC(655) Survivor regions: 111->108(154)
[3156.979s][info][gc,heap        ] GC(655) Old regions: 472->505
[3156.979s][info][gc,heap        ] GC(655) Humongous regions: 80->80
[3156.979s][info][gc,metaspace   ] GC(655) Metaspace: 28938K(29376K)->28938K(29376K) NonClass: 24068K(24256K)->24068K(24256K) Class: 4869K(5120K)->4869K(5120K)
[3156.979s][info][gc             ] GC(655) Pause Young (Concurrent Start) (G1 Evacuation Pause) 3557M->1382M(4096M) 115.133ms
[3156.979s][info][gc             ] GC(656) Concurrent Mark Cycle
[3156.979s][info][gc,marking     ] GC(656) Concurrent Scan Root Regions
[3156.979s][info][gc,cpu         ] GC(655) User=0.68s Sys=0.00s Real=0.12s
[3157.111s][info][gc,marking     ] GC(656) Concurrent Scan Root Regions 131.656ms
[3157.111s][info][gc,marking     ] GC(656) Concurrent Mark
[3157.111s][info][gc,marking     ] GC(656) Concurrent Mark From Roots
[3157.111s][info][gc,task        ] GC(656) Using 2 workers of 2 for marking
.[3157.766s][info][gc,marking     ] GC(656) Concurrent Mark From Roots 655.618ms
[3157.766s][info][gc,marking     ] GC(656) Concurrent Preclean
[3157.766s][info][gc,marking     ] GC(656) Concurrent Preclean 0.111ms
[3157.767s][info][gc,start       ] GC(656) Pause Remark
[3157.770s][info][gc             ] GC(656) Pause Remark 1954M->1954M(4096M) 3.622ms
[3157.770s][info][gc,cpu         ] GC(656) User=0.02s Sys=0.00s Real=0.00s
[3157.770s][info][gc,marking     ] GC(656) Concurrent Mark 659.687ms
[3157.770s][info][gc,marking     ] GC(656) Concurrent Rebuild Remembered Sets and Scrub Regions
[3158.090s][info][gc,marking     ] GC(656) Concurrent Rebuild Remembered Sets and Scrub Regions 320.095ms
[3158.091s][info][gc,start       ] GC(656) Pause Cleanup
[3158.091s][info][gc             ] GC(656) Pause Cleanup 2186M->2186M(4096M) 0.102ms
[3158.091s][info][gc,cpu         ] GC(656) User=0.00s Sys=0.00s Real=0.00s
[3158.091s][info][gc,marking     ] GC(656) Concurrent Clear Claimed Marks
[3158.091s][info][gc,marking     ] GC(656) Concurrent Clear Claimed Marks 0.022ms
[3158.091s][info][gc,marking     ] GC(656) Concurrent Cleanup for Next Mark
[3158.094s][info][gc,marking     ] GC(656) Concurrent Cleanup for Next Mark 3.299ms
[3158.094s][info][gc             ] GC(656) Concurrent Mark Cycle 1115.219ms
...[3160.353s][info][gc,start       ] GC(657) Pause Young (Prepare Mixed) (G1 Evacuation Pause)
[3160.353s][info][gc,task        ] GC(657) Using 6 workers of 6 for evacuation
[3160.470s][info][gc,phases      ] GC(657)   Pre Evacuate Collection Set: 0.34ms
[3160.470s][info][gc,phases      ] GC(657)   Merge Heap Roots: 0.51ms
[3160.470s][info][gc,phases      ] GC(657)   Evacuate Collection Set: 115.33ms
[3160.470s][info][gc,phases      ] GC(657)   Post Evacuate Collection Set: 0.92ms
[3160.470s][info][gc,phases      ] GC(657)   Other: 0.09ms
[3160.470s][info][gc,heap        ] GC(657) Eden regions: 1120->0(1112)
[3160.470s][info][gc,heap        ] GC(657) Survivor regions: 108->108(154)
[3160.470s][info][gc,heap        ] GC(657) Old regions: 505->537
[3160.470s][info][gc,heap        ] GC(657) Humongous regions: 80->80
[3160.470s][info][gc,metaspace   ] GC(657) Metaspace: 28938K(29376K)->28938K(29376K) NonClass: 24068K(24256K)->24068K(24256K) Class: 4869K(5120K)->4869K(5120K)
[3160.470s][info][gc             ] GC(657) Pause Young (Prepare Mixed) (G1 Evacuation Pause) 3622M->1447M(4096M) 117.334ms
[3160.470s][info][gc,cpu         ] GC(657) User=0.69s Sys=0.00s Real=0.12s
...[3163.888s][info][gc,start       ] GC(658) Pause Young (Mixed) (G1 Evacuation Pause)
[3163.888s][info][gc,task        ] GC(658) Using 6 workers of 6 for evacuation
[3164.019s][info][gc,phases      ] GC(658)   Pre Evacuate Collection Set: 0.39ms
[3164.019s][info][gc,phases      ] GC(658)   Merge Heap Roots: 0.65ms
[3164.019s][info][gc,phases      ] GC(658)   Evacuate Collection Set: 128.55ms
[3164.019s][info][gc,phases      ] GC(658)   Post Evacuate Collection Set: 0.97ms
[3164.019s][info][gc,phases      ] GC(658)   Other: 0.09ms
[3164.019s][info][gc,heap        ] GC(658) Eden regions: 1112->0(1120)
[3164.019s][info][gc,heap        ] GC(658) Survivor regions: 108->108(153)
[3164.019s][info][gc,heap        ] GC(658) Old regions: 537->471
[3164.019s][info][gc,heap        ] GC(658) Humongous regions: 80->80
[3164.019s][info][gc,metaspace   ] GC(658) Metaspace: 28938K(29376K)->28938K(29376K) NonClass: 24068K(24256K)->24068K(24256K) Class: 4869K(5120K)->4869K(5120K)
[3164.019s][info][gc             ] GC(658) Pause Young (Mixed) (G1 Evacuation Pause) 3671M->1314M(4096M) 130.794ms
[3164.019s][info][gc,cpu         ] GC(658) User=0.77s Sys=0.00s Real=0.13s
....[3167.441s][info][gc,start       ] GC(659) Pause Young (Concurrent Start) (G1 Evacuation Pause)
[3167.441s][info][gc,task        ] GC(659) Using 6 workers of 6 for evacuation
[3167.558s][info][gc,phases      ] GC(659)   Pre Evacuate Collection Set: 0.41ms
[3167.558s][info][gc,phases      ] GC(659)   Merge Heap Roots: 0.46ms
[3167.558s][info][gc,phases      ] GC(659)   Evacuate Collection Set: 115.73ms
[3167.558s][info][gc,phases      ] GC(659)   Post Evacuate Collection Set: 0.89ms
[3167.558s][info][gc,phases      ] GC(659)   Other: 0.11ms
[3167.558s][info][gc,heap        ] GC(659) Eden regions: 1120->0(1118)
[3167.558s][info][gc,heap        ] GC(659) Survivor regions: 108->110(154)
[3167.558s][info][gc,heap        ] GC(659) Old regions: 471->502
[3167.558s][info][gc,heap        ] GC(659) Humongous regions: 80->80
[3167.558s][info][gc,metaspace   ] GC(659) Metaspace: 28938K(29376K)->28938K(29376K) NonClass: 24068K(24256K)->24068K(24256K) Class: 4869K(5120K)->4869K(5120K)
[3167.558s][info][gc             ] GC(659) Pause Young (Concurrent Start) (G1 Evacuation Pause) 3554M->1380M(4096M) 117.715ms
[3167.558s][info][gc             ] GC(660) Concurrent Mark Cycle
[3167.558s][info][gc,marking     ] GC(660) Concurrent Scan Root Regions
[3167.558s][info][gc,cpu         ] GC(659) User=0.69s Sys=0.01s Real=0.12s
[3167.730s][info][gc,marking     ] GC(660) Concurrent Scan Root Regions 171.813ms
[3167.730s][info][gc,marking     ] GC(660) Concurrent Mark
[3167.730s][info][gc,marking     ] GC(660) Concurrent Mark From Roots
[3167.730s][info][gc,task        ] GC(660) Using 2 workers of 2 for marking
.[3168.564s][info][gc,marking     ] GC(660) Concurrent Mark From Roots 833.421ms
[3168.564s][info][gc,marking     ] GC(660) Concurrent Preclean
[3168.564s][info][gc,marking     ] GC(660) Concurrent Preclean 0.488ms
[3168.564s][info][gc,start       ] GC(660) Pause Remark
[3168.569s][info][gc             ] GC(660) Pause Remark 2136M->2136M(4096M) 5.055ms
[3168.570s][info][gc,cpu         ] GC(660) User=0.02s Sys=0.00s Real=0.01s
[3168.570s][info][gc,marking     ] GC(660) Concurrent Mark 839.774ms
[3168.570s][info][gc,marking     ] GC(660) Concurrent Rebuild Remembered Sets and Scrub Regions
[3168.846s][info][gc,marking     ] GC(660) Concurrent Rebuild Remembered Sets and Scrub Regions 275.550ms
[3168.846s][info][gc,start       ] GC(660) Pause Cleanup
[3168.846s][info][gc             ] GC(660) Pause Cleanup 2309M->2309M(4096M) 0.109ms
[3168.846s][info][gc,cpu         ] GC(660) User=0.00s Sys=0.00s Real=0.00s
[3168.846s][info][gc,marking     ] GC(660) Concurrent Clear Claimed Marks
[3168.846s][info][gc,marking     ] GC(660) Concurrent Clear Claimed Marks 0.023ms
[3168.846s][info][gc,marking     ] GC(660) Concurrent Cleanup for Next Mark
[3168.851s][info][gc,marking     ] GC(660) Concurrent Cleanup for Next Mark 4.741ms
[3168.851s][info][gc             ] GC(660) Concurrent Mark Cycle 1292.525ms
..[3170.895s][info][gc,start       ] GC(661) Pause Young (Prepare Mixed) (G1 Evacuation Pause)
[3170.895s][info][gc,task        ] GC(661) Using 6 workers of 6 for evacuation
[3171.014s][info][gc,phases      ] GC(661)   Pre Evacuate Collection Set: 0.36ms
[3171.014s][info][gc,phases      ] GC(661)   Merge Heap Roots: 0.53ms
[3171.014s][info][gc,phases      ] GC(661)   Evacuate Collection Set: 116.66ms
[3171.014s][info][gc,phases      ] GC(661)   Post Evacuate Collection Set: 0.91ms
[3171.014s][info][gc,phases      ] GC(661)   Other: 0.08ms
[3171.014s][info][gc,heap        ] GC(661) Eden regions: 1118->0(1113)
[3171.014s][info][gc,heap        ] GC(661) Survivor regions: 110->109(154)
[3171.014s][info][gc,heap        ] GC(661) Old regions: 502->534
[3171.014s][info][gc,heap        ] GC(661) Humongous regions: 80->80
[3171.014s][info][gc,metaspace   ] GC(661) Metaspace: 28938K(29376K)->28938K(29376K) NonClass: 24068K(24256K)->24068K(24256K) Class: 4869K(5120K)->4869K(5120K)
[3171.014s][info][gc             ] GC(661) Pause Young (Prepare Mixed) (G1 Evacuation Pause) 3616M->1443M(4096M) 118.670ms
[3171.014s][info][gc,cpu         ] GC(661) User=0.71s Sys=0.00s Real=0.12s
....[3174.326s][info][gc,start       ] GC(662) Pause Young (Mixed) (G1 Evacuation Pause)
[3174.327s][info][gc,task        ] GC(662) Using 6 workers of 6 for evacuation
[3174.462s][info][gc,phases      ] GC(662)   Pre Evacuate Collection Set: 0.40ms
[3174.462s][info][gc,phases      ] GC(662)   Merge Heap Roots: 0.70ms
[3174.462s][info][gc,phases      ] GC(662)   Evacuate Collection Set: 132.99ms
[3174.462s][info][gc,phases      ] GC(662)   Post Evacuate Collection Set: 0.97ms
[3174.462s][info][gc,phases      ] GC(662)   Other: 0.09ms
[3174.462s][info][gc,heap        ] GC(662) Eden regions: 1113->0(1120)
[3174.462s][info][gc,heap        ] GC(662) Survivor regions: 109->108(153)
[3174.462s][info][gc,heap        ] GC(662) Old regions: 534->470
[3174.462s][info][gc,heap        ] GC(662) Humongous regions: 80->80
[3174.462s][info][gc,metaspace   ] GC(662) Metaspace: 28938K(29376K)->28938K(29376K) NonClass: 24068K(24256K)->24068K(24256K) Class: 4869K(5120K)->4869K(5120K)
[3174.462s][info][gc             ] GC(662) Pause Young (Mixed) (G1 Evacuation Pause) 3669M->1314M(4096M) 135.275ms
[3174.462s][info][gc,cpu         ] GC(662) User=0.80s Sys=0.00s Real=0.13s
...[3177.867s][info][gc,start       ] GC(663) Pause Young (Concurrent Start) (G1 Evacuation Pause)
[3177.867s][info][gc,task        ] GC(663) Using 6 workers of 6 for evacuation
[3177.981s][info][gc,phases      ] GC(663)   Pre Evacuate Collection Set: 0.36ms
[3177.981s][info][gc,phases      ] GC(663)   Merge Heap Roots: 0.48ms
[3177.981s][info][gc,phases      ] GC(663)   Evacuate Collection Set: 112.11ms
[3177.981s][info][gc,phases      ] GC(663)   Post Evacuate Collection Set: 0.90ms
[3177.981s][info][gc,phases      ] GC(663)   Other: 0.11ms
[3177.981s][info][gc,heap        ] GC(663) Eden regions: 1120->0(1121)
[3177.981s][info][gc,heap        ] GC(663) Survivor regions: 108->107(154)
[3177.981s][info][gc,heap        ] GC(663) Old regions: 470->502
[3177.981s][info][gc,heap        ] GC(663) Humongous regions: 80->80
[3177.981s][info][gc,metaspace   ] GC(663) Metaspace: 28938K(29376K)->28938K(29376K) NonClass: 24068K(24256K)->24068K(24256K) Class: 4869K(5120K)->4869K(5120K)
[3177.981s][info][gc             ] GC(663) Pause Young (Concurrent Start) (G1 Evacuation Pause) 3554M->1374M(4096M) 114.110ms
[3177.982s][info][gc             ] GC(664) Concurrent Mark Cycle
[3177.982s][info][gc,marking     ] GC(664) Concurrent Scan Root Regions
[3177.982s][info][gc,cpu         ] GC(663) User=0.67s Sys=0.00s Real=0.11s
[3178.126s][info][gc,marking     ] GC(664) Concurrent Scan Root Regions 144.736ms
[3178.126s][info][gc,marking     ] GC(664) Concurrent Mark
[3178.126s][info][gc,marking     ] GC(664) Concurrent Mark From Roots
[3178.126s][info][gc,task        ] GC(664) Using 2 workers of 2 for marking
.[3178.785s][info][gc,marking     ] GC(664) Concurrent Mark From Roots 658.806ms
[3178.785s][info][gc,marking     ] GC(664) Concurrent Preclean
[3178.786s][info][gc,marking     ] GC(664) Concurrent Preclean 0.374ms
[3178.786s][info][gc,start       ] GC(664) Pause Remark
[3178.791s][info][gc             ] GC(664) Pause Remark 1962M->1962M(4096M) 4.847ms
[3178.791s][info][gc,cpu         ] GC(664) User=0.02s Sys=0.00s Real=0.01s
[3178.791s][info][gc,marking     ] GC(664) Concurrent Mark 664.299ms
[3178.791s][info][gc,marking     ] GC(664) Concurrent Rebuild Remembered Sets and Scrub Regions
[3179.078s][info][gc,marking     ] GC(664) Concurrent Rebuild Remembered Sets and Scrub Regions 287.651ms
[3179.078s][info][gc,start       ] GC(664) Pause Cleanup
[3179.079s][info][gc             ] GC(664) Pause Cleanup 2143M->2143M(4096M) 0.103ms
[3179.079s][info][gc,cpu         ] GC(664) User=0.00s Sys=0.00s Real=0.00s
[3179.079s][info][gc,marking     ] GC(664) Concurrent Clear Claimed Marks
[3179.079s][info][gc,marking     ] GC(664) Concurrent Clear Claimed Marks 0.023ms
[3179.079s][info][gc,marking     ] GC(664) Concurrent Cleanup for Next Mark
[3179.082s][info][gc,marking     ] GC(664) Concurrent Cleanup for Next Mark 3.795ms
[3179.082s][info][gc             ] GC(664) Concurrent Mark Cycle 1100.920ms
...[3181.358s][info][gc,start       ] GC(665) Pause Young (Prepare Mixed) (G1 Evacuation Pause)
[3181.359s][info][gc,task        ] GC(665) Using 6 workers of 6 for evacuation
[3181.475s][info][gc,phases      ] GC(665)   Pre Evacuate Collection Set: 0.36ms
[3181.475s][info][gc,phases      ] GC(665)   Merge Heap Roots: 0.54ms
[3181.475s][info][gc,phases      ] GC(665)   Evacuate Collection Set: 114.35ms
[3181.475s][info][gc,phases      ] GC(665)   Post Evacuate Collection Set: 0.92ms
[3181.475s][info][gc,phases      ] GC(665)   Other: 0.09ms
[3181.475s][info][gc,heap        ] GC(665) Eden regions: 1121->0(1114)
[3181.475s][info][gc,heap        ] GC(665) Survivor regions: 107->109(154)
[3181.475s][info][gc,heap        ] GC(665) Old regions: 502->533
[3181.475s][info][gc,heap        ] GC(665) Humongous regions: 80->80
[3181.475s][info][gc,metaspace   ] GC(665) Metaspace: 28938K(29376K)->28938K(29376K) NonClass: 24068K(24256K)->24068K(24256K) Class: 4869K(5120K)->4869K(5120K)
[3181.475s][info][gc             ] GC(665) Pause Young (Prepare Mixed) (G1 Evacuation Pause) 3616M->1442M(4096M) 116.402ms
[3181.475s][info][gc,cpu         ] GC(665) User=0.69s Sys=0.00s Real=0.11s
...[3184.837s][info][gc,start       ] GC(666) Pause Young (Mixed) (G1 Evacuation Pause)
[3184.837s][info][gc,task        ] GC(666) Using 6 workers of 6 for evacuation
[3184.971s][info][gc,phases      ] GC(666)   Pre Evacuate Collection Set: 0.38ms
[3184.972s][info][gc,phases      ] GC(666)   Merge Heap Roots: 0.66ms
[3184.972s][info][gc,phases      ] GC(666)   Evacuate Collection Set: 132.03ms
[3184.972s][info][gc,phases      ] GC(666)   Post Evacuate Collection Set: 0.93ms
[3184.972s][info][gc,phases      ] GC(666)   Other: 0.09ms
[3184.972s][info][gc,heap        ] GC(666) Eden regions: 1114->0(1119)
[3184.972s][info][gc,heap        ] GC(666) Survivor regions: 109->109(153)
[3184.972s][info][gc,heap        ] GC(666) Old regions: 533->472
[3184.972s][info][gc,heap        ] GC(666) Humongous regions: 80->80
[3184.972s][info][gc,metaspace   ] GC(666) Metaspace: 28938K(29376K)->28938K(29376K) NonClass: 24068K(24256K)->24068K(24256K) Class: 4869K(5120K)->4869K(5120K)
[3184.972s][info][gc             ] GC(666) Pause Young (Mixed) (G1 Evacuation Pause) 3670M->1318M(4096M) 134.244ms
[3184.972s][info][gc,cpu         ] GC(666) User=0.79s Sys=0.00s Real=0.13s
.... (rIR:aIR:PR = 5396:5396:5396) (tPR = 80063) [OK] 
  3188s: Performance info:
         Transaction,    Success,    Partial,     Failed,   Receipts, AvgBarcode, 
             Overall,     324758,          0,          0,     308523,      59.47, 
         Response times:
             Request,    Success,    Partial,     Failed,   SkipFail,     Probes,    Samples,      min,      p50,      p90,      p95,      p99,      max, 
       TotalPurchase,     308523,          0,          0,          0,     302005,     333339,      300,     4400,    10000,    24000,    63000,   206000,
     InStorePurchase,     162397,          0,          0,          0,     159218,     175746,      300,     4300,     9800,    24000,    63000,   206000,
      OnlinePurchase,     113643,          0,          0,          0,     111334,     122673,      300,     4400,    10100,    25000,    64000,   206000,
        InstPurchase,      32483,          0,          0,          0,      31453,      34920,      400,     4400,    10100,    24000,    65000,   206000,
          AssocOfCat,        328,          0,          0,          0,        249,        329,    21000,    33000,    56000,    83500,   153600,   201000,
      AssocOfProduct,       3247,          0,          0,          0,       2990,       3476,     1400,     5000,    10700,    26000,    63000,   206000,
      BusinessReport,        807,          0,          0,          0,        700,        859,    23000,    35000,    59000,    80000,   124800,   242000,
          CustBuyBeh,       3250,          0,          0,          0,       3051,       3533,      200,     4600,     9100,    20090,    62660,   144000,
       ProductReturn,       8603,          0,          0,          0,       8257,       9398,      200,     4400,    10100,    23000,    68030,   145000,

  3188s: (40%)   IR =   5535 [3188.412s][info][gc,start       ] GC(667) Pause Young (Concurrent Start) (G1 Evacuation Pause)
[3188.412s][info][gc,task        ] GC(667) Using 6 workers of 6 for evacuation
[3188.534s][info][gc,phases      ] GC(667)   Pre Evacuate Collection Set: 0.38ms
[3188.534s][info][gc,phases      ] GC(667)   Merge Heap Roots: 0.49ms
[3188.534s][info][gc,phases      ] GC(667)   Evacuate Collection Set: 119.74ms
[3188.534s][info][gc,phases      ] GC(667)   Post Evacuate Collection Set: 0.87ms
[3188.534s][info][gc,phases      ] GC(667)   Other: 0.10ms
[3188.534s][info][gc,heap        ] GC(667) Eden regions: 1119->0(1116)
[3188.534s][info][gc,heap        ] GC(667) Survivor regions: 109->112(154)
[3188.534s][info][gc,heap        ] GC(667) Old regions: 472->503
[3188.534s][info][gc,heap        ] GC(667) Humongous regions: 80->80
[3188.534s][info][gc,metaspace   ] GC(667) Metaspace: 28938K(29376K)->28938K(29376K) NonClass: 24068K(24256K)->24068K(24256K) Class: 4869K(5120K)->4869K(5120K)
[3188.534s][info][gc             ] GC(667) Pause Young (Concurrent Start) (G1 Evacuation Pause) 3556M->1388M(4096M) 121.704ms
[3188.534s][info][gc             ] GC(668) Concurrent Mark Cycle
[3188.534s][info][gc,marking     ] GC(668) Concurrent Scan Root Regions
[3188.534s][info][gc,cpu         ] GC(667) User=0.72s Sys=0.00s Real=0.12s
[3188.672s][info][gc,marking     ] GC(668) Concurrent Scan Root Regions 137.820ms
[3188.672s][info][gc,marking     ] GC(668) Concurrent Mark
[3188.672s][info][gc,marking     ] GC(668) Concurrent Mark From Roots
[3188.672s][info][gc,task        ] GC(668) Using 2 workers of 2 for marking
.[3189.314s][info][gc,marking     ] GC(668) Concurrent Mark From Roots 642.187ms
[3189.314s][info][gc,marking     ] GC(668) Concurrent Preclean
[3189.314s][info][gc,marking     ] GC(668) Concurrent Preclean 0.293ms
[3189.315s][info][gc,start       ] GC(668) Pause Remark
[3189.320s][info][gc             ] GC(668) Pause Remark 1980M->1980M(4096M) 5.387ms
[3189.320s][info][gc,cpu         ] GC(668) User=0.03s Sys=0.00s Real=0.01s
[3189.321s][info][gc,marking     ] GC(668) Concurrent Mark 648.669ms
[3189.321s][info][gc,marking     ] GC(668) Concurrent Rebuild Remembered Sets and Scrub Regions
[3189.557s][info][gc,marking     ] GC(668) Concurrent Rebuild Remembered Sets and Scrub Regions 236.787ms
[3189.558s][info][gc,start       ] GC(668) Pause Cleanup
[3189.558s][info][gc             ] GC(668) Pause Cleanup 2122M->2122M(4096M) 0.103ms
[3189.558s][info][gc,cpu         ] GC(668) User=0.00s Sys=0.00s Real=0.00s
[3189.559s][info][gc,marking     ] GC(668) Concurrent Clear Claimed Marks
[3189.559s][info][gc,marking     ] GC(668) Concurrent Clear Claimed Marks 0.037ms
[3189.559s][info][gc,marking     ] GC(668) Concurrent Cleanup for Next Mark
[3189.565s][info][gc,marking     ] GC(668) Concurrent Cleanup for Next Mark 6.159ms
[3189.565s][info][gc             ] GC(668) Concurrent Mark Cycle 1030.794ms
..[3191.822s][info][gc,start       ] GC(669) Pause Young (Prepare Mixed) (G1 Evacuation Pause)
[3191.822s][info][gc,task        ] GC(669) Using 6 workers of 6 for evacuation
[3191.938s][info][gc,phases      ] GC(669)   Pre Evacuate Collection Set: 0.32ms
[3191.938s][info][gc,phases      ] GC(669)   Merge Heap Roots: 0.51ms
[3191.938s][info][gc,phases      ] GC(669)   Evacuate Collection Set: 114.80ms
[3191.938s][info][gc,phases      ] GC(669)   Post Evacuate Collection Set: 0.95ms
[3191.938s][info][gc,phases      ] GC(669)   Other: 0.10ms
[3191.938s][info][gc,heap        ] GC(669) Eden regions: 1116->0(1114)
[3191.938s][info][gc,heap        ] GC(669) Survivor regions: 112->108(154)
[3191.938s][info][gc,heap        ] GC(669) Old regions: 503->535
[3191.938s][info][gc,heap        ] GC(669) Humongous regions: 80->80
[3191.938s][info][gc,metaspace   ] GC(669) Metaspace: 28938K(29376K)->28938K(29376K) NonClass: 24069K(24256K)->24069K(24256K) Class: 4869K(5120K)->4869K(5120K)
[3191.938s][info][gc             ] GC(669) Pause Young (Prepare Mixed) (G1 Evacuation Pause) 3620M->1444M(4096M) 116.806ms
[3191.939s][info][gc,cpu         ] GC(669) User=0.69s Sys=0.00s Real=0.12s
.|..[3195.220s][info][gc,start       ] GC(670) Pause Young (Mixed) (G1 Evacuation Pause)
[3195.220s][info][gc,task        ] GC(670) Using 6 workers of 6 for evacuation
[3195.360s][info][gc,phases      ] GC(670)   Pre Evacuate Collection Set: 0.37ms
[3195.360s][info][gc,phases      ] GC(670)   Merge Heap Roots: 0.71ms
[3195.360s][info][gc,phases      ] GC(670)   Evacuate Collection Set: 137.83ms
[3195.360s][info][gc,phases      ] GC(670)   Post Evacuate Collection Set: 0.94ms
[3195.360s][info][gc,phases      ] GC(670)   Other: 0.09ms
[3195.360s][info][gc,heap        ] GC(670) Eden regions: 1114->0(1116)
[3195.360s][info][gc,heap        ] GC(670) Survivor regions: 108->112(153)
[3195.360s][info][gc,heap        ] GC(670) Old regions: 535->470
[3195.360s][info][gc,heap        ] GC(670) Humongous regions: 80->80
[3195.360s][info][gc,metaspace   ] GC(670) Metaspace: 28938K(29376K)->28938K(29376K) NonClass: 24069K(24256K)->24069K(24256K) Class: 4869K(5120K)->4869K(5120K)
[3195.360s][info][gc             ] GC(670) Pause Young (Mixed) (G1 Evacuation Pause) 3672M->1320M(4096M) 140.066ms
[3195.360s][info][gc,cpu         ] GC(670) User=0.82s Sys=0.00s Real=0.14s
....[3198.593s][info][gc,start       ] GC(671) Pause Young (Concurrent Start) (G1 Evacuation Pause)
[3198.593s][info][gc,task        ] GC(671) Using 6 workers of 6 for evacuation
[3198.713s][info][gc,phases      ] GC(671)   Pre Evacuate Collection Set: 0.39ms
[3198.713s][info][gc,phases      ] GC(671)   Merge Heap Roots: 0.45ms
[3198.713s][info][gc,phases      ] GC(671)   Evacuate Collection Set: 117.67ms
[3198.713s][info][gc,phases      ] GC(671)   Post Evacuate Collection Set: 0.89ms
[3198.713s][info][gc,phases      ] GC(671)   Other: 0.12ms
[3198.713s][info][gc,heap        ] GC(671) Eden regions: 1116->0(1118)
[3198.713s][info][gc,heap        ] GC(671) Survivor regions: 112->110(154)
[3198.713s][info][gc,heap        ] GC(671) Old regions: 470->502
[3198.713s][info][gc,heap        ] GC(671) Humongous regions: 80->80
[3198.713s][info][gc,metaspace   ] GC(671) Metaspace: 28938K(29376K)->28938K(29376K) NonClass: 24069K(24256K)->24069K(24256K) Class: 4869K(5120K)->4869K(5120K)
[3198.713s][info][gc             ] GC(671) Pause Young (Concurrent Start) (G1 Evacuation Pause) 3552M->1382M(4096M) 119.652ms
[3198.713s][info][gc             ] GC(672) Concurrent Mark Cycle
[3198.713s][info][gc,marking     ] GC(672) Concurrent Scan Root Regions
[3198.713s][info][gc,cpu         ] GC(671) User=0.70s Sys=0.00s Real=0.12s
[3198.887s][info][gc,marking     ] GC(672) Concurrent Scan Root Regions 173.912ms
[3198.887s][info][gc,marking     ] GC(672) Concurrent Mark
[3198.887s][info][gc,marking     ] GC(672) Concurrent Mark From Roots
[3198.887s][info][gc,task        ] GC(672) Using 2 workers of 2 for marking
.[3199.823s][info][gc,marking     ] GC(672) Concurrent Mark From Roots 936.309ms
[3199.823s][info][gc,marking     ] GC(672) Concurrent Preclean
[3199.824s][info][gc,marking     ] GC(672) Concurrent Preclean 0.325ms
[3199.824s][info][gc,start       ] GC(672) Pause Remark
[3199.829s][info][gc             ] GC(672) Pause Remark 2172M->2172M(4096M) 5.026ms
[3199.829s][info][gc,cpu         ] GC(672) User=0.03s Sys=0.00s Real=0.01s
[3199.829s][info][gc,marking     ] GC(672) Concurrent Mark 942.173ms
[3199.829s][info][gc,marking     ] GC(672) Concurrent Rebuild Remembered Sets and Scrub Regions
[3200.226s][info][gc,marking     ] GC(672) Concurrent Rebuild Remembered Sets and Scrub Regions 396.762ms
[3200.226s][info][gc,start       ] GC(672) Pause Cleanup
[3200.226s][info][gc             ] GC(672) Pause Cleanup 2437M->2437M(4096M) 0.107ms
[3200.226s][info][gc,cpu         ] GC(672) User=0.00s Sys=0.00s Real=0.00s
[3200.228s][info][gc,marking     ] GC(672) Concurrent Clear Claimed Marks
[3200.228s][info][gc,marking     ] GC(672) Concurrent Clear Claimed Marks 0.037ms
[3200.228s][info][gc,marking     ] GC(672) Concurrent Cleanup for Next Mark
[3200.233s][info][gc,marking     ] GC(672) Concurrent Cleanup for Next Mark 4.972ms
[3200.233s][info][gc             ] GC(672) Concurrent Mark Cycle 1519.706ms
..[3201.986s][info][gc,start       ] GC(673) Pause Young (Prepare Mixed) (G1 Evacuation Pause)
[3201.986s][info][gc,task        ] GC(673) Using 6 workers of 6 for evacuation
[3202.103s][info][gc,phases      ] GC(673)   Pre Evacuate Collection Set: 0.31ms
[3202.103s][info][gc,phases      ] GC(673)   Merge Heap Roots: 0.52ms
[3202.103s][info][gc,phases      ] GC(673)   Evacuate Collection Set: 115.08ms
[3202.103s][info][gc,phases      ] GC(673)   Post Evacuate Collection Set: 0.91ms
[3202.103s][info][gc,phases      ] GC(673)   Other: 0.09ms
[3202.103s][info][gc,heap        ] GC(673) Eden regions: 1118->0(1111)
[3202.103s][info][gc,heap        ] GC(673) Survivor regions: 110->110(154)
[3202.103s][info][gc,heap        ] GC(673) Old regions: 502->534
[3202.103s][info][gc,heap        ] GC(673) Humongous regions: 80->80
[3202.103s][info][gc,metaspace   ] GC(673) Metaspace: 28940K(29376K)->28940K(29376K) NonClass: 24070K(24256K)->24070K(24256K) Class: 4869K(5120K)->4869K(5120K)
[3202.103s][info][gc             ] GC(673) Pause Young (Prepare Mixed) (G1 Evacuation Pause) 3618M->1445M(4096M) 117.034ms
[3202.103s][info][gc,cpu         ] GC(673) User=0.69s Sys=0.00s Real=0.11s
....[3205.401s][info][gc,start       ] GC(674) Pause Young (Mixed) (G1 Evacuation Pause)
[3205.401s][info][gc,task        ] GC(674) Using 6 workers of 6 for evacuation
[3205.532s][info][gc,phases      ] GC(674)   Pre Evacuate Collection Set: 0.38ms
[3205.532s][info][gc,phases      ] GC(674)   Merge Heap Roots: 0.62ms
[3205.532s][info][gc,phases      ] GC(674)   Evacuate Collection Set: 129.42ms
[3205.532s][info][gc,phases      ] GC(674)   Post Evacuate Collection Set: 0.96ms
[3205.532s][info][gc,phases      ] GC(674)   Other: 0.08ms
[3205.532s][info][gc,heap        ] GC(674) Eden regions: 1111->0(1118)
[3205.532s][info][gc,heap        ] GC(674) Survivor regions: 110->110(153)
[3205.532s][info][gc,heap        ] GC(674) Old regions: 534->471
[3205.532s][info][gc,heap        ] GC(674) Humongous regions: 80->80
[3205.532s][info][gc,metaspace   ] GC(674) Metaspace: 28940K(29376K)->28940K(29376K) NonClass: 24070K(24256K)->24070K(24256K) Class: 4869K(5120K)->4869K(5120K)
[3205.532s][info][gc             ] GC(674) Pause Young (Mixed) (G1 Evacuation Pause) 3667M->1318M(4096M) 131.607ms
[3205.532s][info][gc,cpu         ] GC(674) User=0.78s Sys=0.00s Real=0.13s
...[3208.792s][info][gc,start       ] GC(675) Pause Young (Concurrent Start) (G1 Evacuation Pause)
[3208.792s][info][gc,task        ] GC(675) Using 6 workers of 6 for evacuation
[3208.914s][info][gc,phases      ] GC(675)   Pre Evacuate Collection Set: 0.35ms
[3208.914s][info][gc,phases      ] GC(675)   Merge Heap Roots: 0.46ms
[3208.914s][info][gc,phases      ] GC(675)   Evacuate Collection Set: 119.44ms
[3208.914s][info][gc,phases      ] GC(675)   Post Evacuate Collection Set: 0.88ms
[3208.914s][info][gc,phases      ] GC(675)   Other: 0.11ms
[3208.914s][info][gc,heap        ] GC(675) Eden regions: 1118->0(1115)
[3208.914s][info][gc,heap        ] GC(675) Survivor regions: 110->113(154)
[3208.914s][info][gc,heap        ] GC(675) Old regions: 471->503
[3208.914s][info][gc,heap        ] GC(675) Humongous regions: 80->80
[3208.914s][info][gc,metaspace   ] GC(675) Metaspace: 28940K(29376K)->28940K(29376K) NonClass: 24070K(24256K)->24070K(24256K) Class: 4869K(5120K)->4869K(5120K)
[3208.914s][info][gc             ] GC(675) Pause Young (Concurrent Start) (G1 Evacuation Pause) 3554M->1388M(4096M) 121.369ms
[3208.914s][info][gc             ] GC(676) Concurrent Mark Cycle
[3208.914s][info][gc,marking     ] GC(676) Concurrent Scan Root Regions
[3208.914s][info][gc,cpu         ] GC(675) User=0.72s Sys=0.00s Real=0.12s
[3209.089s][info][gc,marking     ] GC(676) Concurrent Scan Root Regions 175.115ms
[3209.089s][info][gc,marking     ] GC(676) Concurrent Mark
[3209.089s][info][gc,marking     ] GC(676) Concurrent Mark From Roots
[3209.089s][info][gc,task        ] GC(676) Using 2 workers of 2 for marking
.[3210.067s][info][gc,marking     ] GC(676) Concurrent Mark From Roots 977.697ms
[3210.067s][info][gc,marking     ] GC(676) Concurrent Preclean
[3210.067s][info][gc,marking     ] GC(676) Concurrent Preclean 0.262ms
[3210.067s][info][gc,start       ] GC(676) Pause Remark
[3210.073s][info][gc             ] GC(676) Pause Remark 2184M->2184M(4096M) 5.535ms
[3210.073s][info][gc,cpu         ] GC(676) User=0.03s Sys=0.00s Real=0.00s
[3210.074s][info][gc,marking     ] GC(676) Concurrent Mark 985.252ms
[3210.074s][info][gc,marking     ] GC(676) Concurrent Rebuild Remembered Sets and Scrub Regions
.[3210.432s][info][gc,marking     ] GC(676) Concurrent Rebuild Remembered Sets and Scrub Regions 358.094ms
[3210.432s][info][gc,start       ] GC(676) Pause Cleanup
[3210.432s][info][gc             ] GC(676) Pause Cleanup 2432M->2432M(4096M) 0.100ms
[3210.433s][info][gc,cpu         ] GC(676) User=0.00s Sys=0.00s Real=0.00s
[3210.433s][info][gc,marking     ] GC(676) Concurrent Clear Claimed Marks
[3210.433s][info][gc,marking     ] GC(676) Concurrent Clear Claimed Marks 0.021ms
[3210.433s][info][gc,marking     ] GC(676) Concurrent Cleanup for Next Mark
[3210.436s][info][gc,marking     ] GC(676) Concurrent Cleanup for Next Mark 3.438ms
[3210.436s][info][gc             ] GC(676) Concurrent Mark Cycle 1522.348ms
.[3212.193s][info][gc,start       ] GC(677) Pause Young (Prepare Mixed) (G1 Evacuation Pause)
[3212.193s][info][gc,task        ] GC(677) Using 6 workers of 6 for evacuation
[3212.313s][info][gc,phases      ] GC(677)   Pre Evacuate Collection Set: 0.32ms
[3212.313s][info][gc,phases      ] GC(677)   Merge Heap Roots: 0.50ms
[3212.313s][info][gc,phases      ] GC(677)   Evacuate Collection Set: 118.85ms
[3212.313s][info][gc,phases      ] GC(677)   Post Evacuate Collection Set: 0.91ms
[3212.313s][info][gc,phases      ] GC(677)   Other: 0.09ms
[3212.313s][info][gc,heap        ] GC(677) Eden regions: 1115->0(1109)
[3212.313s][info][gc,heap        ] GC(677) Survivor regions: 113->111(154)
[3212.313s][info][gc,heap        ] GC(677) Old regions: 503->534
[3212.313s][info][gc,heap        ] GC(677) Humongous regions: 80->80
[3212.313s][info][gc,metaspace   ] GC(677) Metaspace: 28940K(29376K)->28940K(29376K) NonClass: 24070K(24256K)->24070K(24256K) Class: 4869K(5120K)->4869K(5120K)
[3212.313s][info][gc             ] GC(677) Pause Young (Prepare Mixed) (G1 Evacuation Pause) 3618M->1448M(4096M) 120.834ms
[3212.313s][info][gc,cpu         ] GC(677) User=0.72s Sys=0.00s Real=0.12s
....[3215.581s][info][gc,start       ] GC(678) Pause Young (Mixed) (G1 Evacuation Pause)
[3215.581s][info][gc,task        ] GC(678) Using 6 workers of 6 for evacuation
[3215.715s][info][gc,phases      ] GC(678)   Pre Evacuate Collection Set: 0.39ms
[3215.715s][info][gc,phases      ] GC(678)   Merge Heap Roots: 0.66ms
[3215.715s][info][gc,phases      ] GC(678)   Evacuate Collection Set: 131.75ms
[3215.715s][info][gc,phases      ] GC(678)   Post Evacuate Collection Set: 0.97ms
[3215.715s][info][gc,phases      ] GC(678)   Other: 0.09ms
[3215.715s][info][gc,heap        ] GC(678) Eden regions: 1109->0(1119)
[3215.715s][info][gc,heap        ] GC(678) Survivor regions: 111->109(153)
[3215.715s][info][gc,heap        ] GC(678) Old regions: 534->471
[3215.715s][info][gc,heap        ] GC(678) Humongous regions: 80->80
[3215.715s][info][gc,metaspace   ] GC(678) Metaspace: 28940K(29376K)->28940K(29376K) NonClass: 24070K(24256K)->24070K(24256K) Class: 4869K(5120K)->4869K(5120K)
[3215.715s][info][gc             ] GC(678) Pause Young (Mixed) (G1 Evacuation Pause) 3666M->1318M(4096M) 134.000ms
[3215.715s][info][gc,cpu         ] GC(678) User=0.79s Sys=0.00s Real=0.13s
...[3218.983s][info][gc,start       ] GC(679) Pause Young (Concurrent Start) (G1 Evacuation Pause)
[3218.983s][info][gc,task        ] GC(679) Using 6 workers of 6 for evacuation
[3219.098s][info][gc,phases      ] GC(679)   Pre Evacuate Collection Set: 0.38ms
[3219.098s][info][gc,phases      ] GC(679)   Merge Heap Roots: 0.49ms
[3219.098s][info][gc,phases      ] GC(679)   Evacuate Collection Set: 113.22ms
[3219.098s][info][gc,phases      ] GC(679)   Post Evacuate Collection Set: 0.90ms
[3219.098s][info][gc,phases      ] GC(679)   Other: 0.11ms
[3219.098s][info][gc,heap        ] GC(679) Eden regions: 1119->0(1121)
[3219.098s][info][gc,heap        ] GC(679) Survivor regions: 109->107(154)
[3219.098s][info][gc,heap        ] GC(679) Old regions: 471->504
[3219.098s][info][gc,heap        ] GC(679) Humongous regions: 80->80
[3219.098s][info][gc,metaspace   ] GC(679) Metaspace: 28940K(29376K)->28940K(29376K) NonClass: 24070K(24256K)->24070K(24256K) Class: 4869K(5120K)->4869K(5120K)
[3219.098s][info][gc             ] GC(679) Pause Young (Concurrent Start) (G1 Evacuation Pause) 3556M->1378M(4096M) 115.243ms
[3219.098s][info][gc             ] GC(680) Concurrent Mark Cycle
[3219.098s][info][gc,marking     ] GC(680) Concurrent Scan Root Regions
[3219.098s][info][gc,cpu         ] GC(679) User=0.68s Sys=0.00s Real=0.12s
[3219.272s][info][gc,marking     ] GC(680) Concurrent Scan Root Regions 173.814ms
[3219.272s][info][gc,marking     ] GC(680) Concurrent Mark
[3219.272s][info][gc,marking     ] GC(680) Concurrent Mark From Roots
[3219.272s][info][gc,task        ] GC(680) Using 2 workers of 2 for marking
.[3220.085s][info][gc,marking     ] GC(680) Concurrent Mark From Roots 812.641ms
[3220.085s][info][gc,marking     ] GC(680) Concurrent Preclean
[3220.085s][info][gc,marking     ] GC(680) Concurrent Preclean 0.110ms
[3220.086s][info][gc,start       ] GC(680) Pause Remark
[3220.092s][info][gc             ] GC(680) Pause Remark 2112M->2112M(4096M) 5.596ms
[3220.092s][info][gc,cpu         ] GC(680) User=0.03s Sys=0.00s Real=0.00s
[3220.092s][info][gc,marking     ] GC(680) Concurrent Mark 820.000ms
[3220.092s][info][gc,marking     ] GC(680) Concurrent Rebuild Remembered Sets and Scrub Regions
.[3220.446s][info][gc,marking     ] GC(680) Concurrent Rebuild Remembered Sets and Scrub Regions 354.256ms
[3220.447s][info][gc,start       ] GC(680) Pause Cleanup
[3220.447s][info][gc             ] GC(680) Pause Cleanup 2337M->2337M(4096M) 0.099ms
[3220.447s][info][gc,cpu         ] GC(680) User=0.00s Sys=0.00s Real=0.00s
[3220.447s][info][gc,marking     ] GC(680) Concurrent Clear Claimed Marks
[3220.447s][info][gc,marking     ] GC(680) Concurrent Clear Claimed Marks 0.021ms
[3220.447s][info][gc,marking     ] GC(680) Concurrent Cleanup for Next Mark
[3220.450s][info][gc,marking     ] GC(680) Concurrent Cleanup for Next Mark 3.396ms
[3220.450s][info][gc             ] GC(680) Concurrent Mark Cycle 1351.889ms
..[3222.425s][info][gc,start       ] GC(681) Pause Young (Prepare Mixed) (G1 Evacuation Pause)
[3222.425s][info][gc,task        ] GC(681) Using 6 workers of 6 for evacuation
[3222.543s][info][gc,phases      ] GC(681)   Pre Evacuate Collection Set: 0.33ms
[3222.543s][info][gc,phases      ] GC(681)   Merge Heap Roots: 0.52ms
[3222.543s][info][gc,phases      ] GC(681)   Evacuate Collection Set: 115.77ms
[3222.543s][info][gc,phases      ] GC(681)   Post Evacuate Collection Set: 0.92ms
[3222.543s][info][gc,phases      ] GC(681)   Other: 0.08ms
[3222.543s][info][gc,heap        ] GC(681) Eden regions: 1121->0(1111)
[3222.543s][info][gc,heap        ] GC(681) Survivor regions: 107->109(154)
[3222.543s][info][gc,heap        ] GC(681) Old regions: 504->536
[3222.543s][info][gc,heap        ] GC(681) Humongous regions: 80->80
[3222.543s][info][gc,metaspace   ] GC(681) Metaspace: 28940K(29376K)->28940K(29376K) NonClass: 24070K(24256K)->24070K(24256K) Class: 4869K(5120K)->4869K(5120K)
[3222.543s][info][gc             ] GC(681) Pause Young (Prepare Mixed) (G1 Evacuation Pause) 3620M->1447M(4096M) 117.756ms
[3222.543s][info][gc,cpu         ] GC(681) User=0.70s Sys=0.01s Real=0.12s
...[3225.821s][info][gc,start       ] GC(682) Pause Young (Mixed) (G1 Evacuation Pause)
[3225.821s][info][gc,task        ] GC(682) Using 6 workers of 6 for evacuation
[3225.957s][info][gc,phases      ] GC(682)   Pre Evacuate Collection Set: 0.37ms
[3225.957s][info][gc,phases      ] GC(682)   Merge Heap Roots: 0.64ms
[3225.957s][info][gc,phases      ] GC(682)   Evacuate Collection Set: 134.16ms
[3225.957s][info][gc,phases      ] GC(682)   Post Evacuate Collection Set: 0.97ms
[3225.957s][info][gc,phases      ] GC(682)   Other: 0.09ms
[3225.957s][info][gc,heap        ] GC(682) Eden regions: 1111->0(1115)
[3225.957s][info][gc,heap        ] GC(682) Survivor regions: 109->113(153)
[3225.957s][info][gc,heap        ] GC(682) Old regions: 536->472
[3225.957s][info][gc,heap        ] GC(682) Humongous regions: 80->80
[3225.957s][info][gc,metaspace   ] GC(682) Metaspace: 28940K(29376K)->28940K(29376K) NonClass: 24070K(24256K)->24070K(24256K) Class: 4869K(5120K)->4869K(5120K)
[3225.957s][info][gc             ] GC(682) Pause Young (Mixed) (G1 Evacuation Pause) 3669M->1327M(4096M) 136.364ms
[3225.957s][info][gc,cpu         ] GC(682) User=0.81s Sys=0.01s Real=0.14s
...[3229.160s][info][gc,start       ] GC(683) Pause Young (Concurrent Start) (G1 Evacuation Pause)
[3229.160s][info][gc,task        ] GC(683) Using 6 workers of 6 for evacuation
[3229.279s][info][gc,phases      ] GC(683)   Pre Evacuate Collection Set: 0.40ms
[3229.279s][info][gc,phases      ] GC(683)   Merge Heap Roots: 0.47ms
[3229.279s][info][gc,phases      ] GC(683)   Evacuate Collection Set: 116.56ms
[3229.279s][info][gc,phases      ] GC(683)   Post Evacuate Collection Set: 0.89ms
[3229.279s][info][gc,phases      ] GC(683)   Other: 0.12ms
[3229.279s][info][gc,heap        ] GC(683) Eden regions: 1115->0(1118)
[3229.279s][info][gc,heap        ] GC(683) Survivor regions: 113->110(154)
[3229.279s][info][gc,heap        ] GC(683) Old regions: 472->504
[3229.279s][info][gc,heap        ] GC(683) Humongous regions: 80->80
[3229.279s][info][gc,metaspace   ] GC(683) Metaspace: 28940K(29376K)->28940K(29376K) NonClass: 24070K(24256K)->24070K(24256K) Class: 4869K(5120K)->4869K(5120K)
[3229.279s][info][gc             ] GC(683) Pause Young (Concurrent Start) (G1 Evacuation Pause) 3557M->1386M(4096M) 118.569ms
[3229.279s][info][gc             ] GC(684) Concurrent Mark Cycle
[3229.279s][info][gc,marking     ] GC(684) Concurrent Scan Root Regions
[3229.279s][info][gc,cpu         ] GC(683) User=0.70s Sys=0.00s Real=0.12s
.[3229.451s][info][gc,marking     ] GC(684) Concurrent Scan Root Regions 172.141ms
[3229.451s][info][gc,marking     ] GC(684) Concurrent Mark
[3229.451s][info][gc,marking     ] GC(684) Concurrent Mark From Roots
[3229.451s][info][gc,task        ] GC(684) Using 2 workers of 2 for marking
[3230.386s][info][gc,marking     ] GC(684) Concurrent Mark From Roots 934.901ms
[3230.386s][info][gc,marking     ] GC(684) Concurrent Preclean
[3230.386s][info][gc,marking     ] GC(684) Concurrent Preclean 0.251ms
[3230.387s][info][gc,start       ] GC(684) Pause Remark
[3230.392s][info][gc             ] GC(684) Pause Remark 2137M->2137M(4096M) 5.960ms
[3230.393s][info][gc,cpu         ] GC(684) User=0.03s Sys=0.00s Real=0.00s
[3230.393s][info][gc,marking     ] GC(684) Concurrent Mark 941.558ms
[3230.393s][info][gc,marking     ] GC(684) Concurrent Rebuild Remembered Sets and Scrub Regions
.[3230.758s][info][gc,marking     ] GC(684) Concurrent Rebuild Remembered Sets and Scrub Regions 365.642ms
[3230.758s][info][gc,start       ] GC(684) Pause Cleanup
[3230.758s][info][gc             ] GC(684) Pause Cleanup 2389M->2389M(4096M) 0.096ms
[3230.759s][info][gc,cpu         ] GC(684) User=0.00s Sys=0.00s Real=0.00s
[3230.759s][info][gc,marking     ] GC(684) Concurrent Clear Claimed Marks
[3230.759s][info][gc,marking     ] GC(684) Concurrent Clear Claimed Marks 0.022ms
[3230.759s][info][gc,marking     ] GC(684) Concurrent Cleanup for Next Mark
[3230.762s][info][gc,marking     ] GC(684) Concurrent Cleanup for Next Mark 3.678ms
[3230.762s][info][gc             ] GC(684) Concurrent Mark Cycle 1483.423ms
..[3232.613s][info][gc,start       ] GC(685) Pause Young (Prepare Mixed) (G1 Evacuation Pause)
[3232.613s][info][gc,task        ] GC(685) Using 6 workers of 6 for evacuation
[3232.731s][info][gc,phases      ] GC(685)   Pre Evacuate Collection Set: 0.33ms
[3232.731s][info][gc,phases      ] GC(685)   Merge Heap Roots: 0.55ms
[3232.731s][info][gc,phases      ] GC(685)   Evacuate Collection Set: 115.94ms
[3232.731s][info][gc,phases      ] GC(685)   Post Evacuate Collection Set: 0.93ms
[3232.731s][info][gc,phases      ] GC(685)   Other: 0.08ms
[3232.731s][info][gc,heap        ] GC(685) Eden regions: 1118->0(1109)
[3232.731s][info][gc,heap        ] GC(685) Survivor regions: 110->110(154)
[3232.731s][info][gc,heap        ] GC(685) Old regions: 504->536
[3232.731s][info][gc,heap        ] GC(685) Humongous regions: 80->80
[3232.731s][info][gc,metaspace   ] GC(685) Metaspace: 28940K(29376K)->28940K(29376K) NonClass: 24070K(24256K)->24070K(24256K) Class: 4869K(5120K)->4869K(5120K)
[3232.731s][info][gc             ] GC(685) Pause Young (Prepare Mixed) (G1 Evacuation Pause) 3622M->1448M(4096M) 117.969ms
[3232.731s][info][gc,cpu         ] GC(685) User=0.70s Sys=0.00s Real=0.12s
...[3236.006s][info][gc,start       ] GC(686) Pause Young (Mixed) (G1 Evacuation Pause)
[3236.007s][info][gc,task        ] GC(686) Using 6 workers of 6 for evacuation
[3236.147s][info][gc,phases      ] GC(686)   Pre Evacuate Collection Set: 0.40ms
[3236.148s][info][gc,phases      ] GC(686)   Merge Heap Roots: 0.87ms
[3236.148s][info][gc,phases      ] GC(686)   Evacuate Collection Set: 138.58ms
[3236.148s][info][gc,phases      ] GC(686)   Post Evacuate Collection Set: 0.99ms
[3236.148s][info][gc,phases      ] GC(686)   Other: 0.09ms
[3236.148s][info][gc,heap        ] GC(686) Eden regions: 1109->0(1117)
[3236.148s][info][gc,heap        ] GC(686) Survivor regions: 110->111(153)
[3236.148s][info][gc,heap        ] GC(686) Old regions: 536->471
[3236.148s][info][gc,heap        ] GC(686) Humongous regions: 80->80
[3236.148s][info][gc,metaspace   ] GC(686) Metaspace: 28940K(29376K)->28940K(29376K) NonClass: 24070K(24256K)->24070K(24256K) Class: 4869K(5120K)->4869K(5120K)
[3236.148s][info][gc             ] GC(686) Pause Young (Mixed) (G1 Evacuation Pause) 3666M->1320M(4096M) 141.064ms
[3236.148s][info][gc,cpu         ] GC(686) User=0.83s Sys=0.00s Real=0.14s
....[3239.469s][info][gc,start       ] GC(687) Pause Young (Concurrent Start) (G1 Evacuation Pause)
[3239.469s][info][gc,task        ] GC(687) Using 6 workers of 6 for evacuation
[3239.589s][info][gc,phases      ] GC(687)   Pre Evacuate Collection Set: 0.41ms
[3239.589s][info][gc,phases      ] GC(687)   Merge Heap Roots: 0.49ms
[3239.589s][info][gc,phases      ] GC(687)   Evacuate Collection Set: 117.54ms
[3239.589s][info][gc,phases      ] GC(687)   Post Evacuate Collection Set: 0.88ms
[3239.589s][info][gc,phases      ] GC(687)   Other: 0.13ms
[3239.589s][info][gc,heap        ] GC(687) Eden regions: 1117->0(1117)
[3239.589s][info][gc,heap        ] GC(687) Survivor regions: 111->111(154)
[3239.589s][info][gc,heap        ] GC(687) Old regions: 471->503
[3239.589s][info][gc,heap        ] GC(687) Humongous regions: 80->80
[3239.589s][info][gc,metaspace   ] GC(687) Metaspace: 28940K(29376K)->28940K(29376K) NonClass: 24070K(24256K)->24070K(24256K) Class: 4869K(5120K)->4869K(5120K)
[3239.589s][info][gc             ] GC(687) Pause Young (Concurrent Start) (G1 Evacuation Pause) 3554M->1385M(4096M) 119.592ms
[3239.589s][info][gc             ] GC(688) Concurrent Mark Cycle
[3239.589s][info][gc,marking     ] GC(688) Concurrent Scan Root Regions
[3239.589s][info][gc,cpu         ] GC(687) User=0.71s Sys=0.00s Real=0.12s
[3239.764s][info][gc,marking     ] GC(688) Concurrent Scan Root Regions 175.393ms
[3239.764s][info][gc,marking     ] GC(688) Concurrent Mark
[3239.764s][info][gc,marking     ] GC(688) Concurrent Mark From Roots
[3239.764s][info][gc,task        ] GC(688) Using 2 workers of 2 for marking
.[3240.700s][info][gc,marking     ] GC(688) Concurrent Mark From Roots 935.975ms
[3240.700s][info][gc,marking     ] GC(688) Concurrent Preclean
[3240.700s][info][gc,marking     ] GC(688) Concurrent Preclean 0.216ms
[3240.702s][info][gc,start       ] GC(688) Pause Remark
[3240.707s][info][gc             ] GC(688) Pause Remark 2175M->2175M(4096M) 5.333ms
[3240.707s][info][gc,cpu         ] GC(688) User=0.03s Sys=0.00s Real=0.01s
[3240.707s][info][gc,marking     ] GC(688) Concurrent Mark 942.988ms
[3240.707s][info][gc,marking     ] GC(688) Concurrent Rebuild Remembered Sets and Scrub Regions
[3241.109s][info][gc,marking     ] GC(688) Concurrent Rebuild Remembered Sets and Scrub Regions 401.773ms
[3241.109s][info][gc,start       ] GC(688) Pause Cleanup
[3241.109s][info][gc             ] GC(688) Pause Cleanup 2458M->2458M(4096M) 0.112ms
[3241.109s][info][gc,cpu         ] GC(688) User=0.00s Sys=0.00s Real=0.00s
[3241.109s][info][gc,marking     ] GC(688) Concurrent Clear Claimed Marks
[3241.109s][info][gc,marking     ] GC(688) Concurrent Clear Claimed Marks 0.024ms
[3241.109s][info][gc,marking     ] GC(688) Concurrent Cleanup for Next Mark
[3241.113s][info][gc,marking     ] GC(688) Concurrent Cleanup for Next Mark 3.432ms
[3241.113s][info][gc             ] GC(688) Concurrent Mark Cycle 1524.029ms
..[3242.813s][info][gc,start       ] GC(689) Pause Young (Prepare Mixed) (G1 Evacuation Pause)
[3242.813s][info][gc,task        ] GC(689) Using 6 workers of 6 for evacuation
[3242.932s][info][gc,phases      ] GC(689)   Pre Evacuate Collection Set: 0.33ms
[3242.932s][info][gc,phases      ] GC(689)   Merge Heap Roots: 0.62ms
[3242.932s][info][gc,phases      ] GC(689)   Evacuate Collection Set: 116.90ms
[3242.932s][info][gc,phases      ] GC(689)   Post Evacuate Collection Set: 0.96ms
[3242.932s][info][gc,phases      ] GC(689)   Other: 0.09ms
[3242.932s][info][gc,heap        ] GC(689) Eden regions: 1117->0(1111)
[3242.932s][info][gc,heap        ] GC(689) Survivor regions: 111->110(154)
[3242.932s][info][gc,heap        ] GC(689) Old regions: 503->534
[3242.932s][info][gc,heap        ] GC(689) Humongous regions: 80->80
[3242.932s][info][gc,metaspace   ] GC(689) Metaspace: 28940K(29376K)->28940K(29376K) NonClass: 24070K(24256K)->24070K(24256K) Class: 4869K(5120K)->4869K(5120K)
[3242.932s][info][gc             ] GC(689) Pause Young (Prepare Mixed) (G1 Evacuation Pause) 3619M->1445M(4096M) 119.031ms
[3242.932s][info][gc,cpu         ] GC(689) User=0.70s Sys=0.00s Real=0.12s
...[3246.214s][info][gc,start       ] GC(690) Pause Young (Mixed) (G1 Evacuation Pause)
[3246.214s][info][gc,task        ] GC(690) Using 6 workers of 6 for evacuation
[3246.348s][info][gc,phases      ] GC(690)   Pre Evacuate Collection Set: 0.37ms
[3246.348s][info][gc,phases      ] GC(690)   Merge Heap Roots: 0.68ms
[3246.348s][info][gc,phases      ] GC(690)   Evacuate Collection Set: 132.12ms
[3246.348s][info][gc,phases      ] GC(690)   Post Evacuate Collection Set: 0.93ms
[3246.348s][info][gc,phases      ] GC(690)   Other: 0.09ms
[3246.348s][info][gc,heap        ] GC(690) Eden regions: 1111->0(1121)
[3246.348s][info][gc,heap        ] GC(690) Survivor regions: 110->107(153)
[3246.348s][info][gc,heap        ] GC(690) Old regions: 534->472
[3246.348s][info][gc,heap        ] GC(690) Humongous regions: 80->80
[3246.348s][info][gc,metaspace   ] GC(690) Metaspace: 28940K(29376K)->28940K(29376K) NonClass: 24070K(24256K)->24070K(24256K) Class: 4869K(5120K)->4869K(5120K)
[3246.348s][info][gc             ] GC(690) Pause Young (Mixed) (G1 Evacuation Pause) 3667M->1316M(4096M) 134.336ms
[3246.348s][info][gc,cpu         ] GC(690) User=0.80s Sys=0.00s Real=0.14s
....[3249.613s][info][gc,start       ] GC(691) Pause Young (Concurrent Start) (G1 Evacuation Pause)
[3249.613s][info][gc,task        ] GC(691) Using 6 workers of 6 for evacuation
[3249.732s][info][gc,phases      ] GC(691)   Pre Evacuate Collection Set: 0.37ms
[3249.732s][info][gc,phases      ] GC(691)   Merge Heap Roots: 0.46ms
[3249.732s][info][gc,phases      ] GC(691)   Evacuate Collection Set: 117.64ms
[3249.732s][info][gc,phases      ] GC(691)   Post Evacuate Collection Set: 0.88ms
[3249.732s][info][gc,phases      ] GC(691)   Other: 0.11ms
[3249.732s][info][gc,heap        ] GC(691) Eden regions: 1121->0(1116)
[3249.732s][info][gc,heap        ] GC(691) Survivor regions: 107->112(154)
[3249.732s][info][gc,heap        ] GC(691) Old regions: 472->503
[3249.732s][info][gc,heap        ] GC(691) Humongous regions: 80->80
[3249.732s][info][gc,metaspace   ] GC(691) Metaspace: 28940K(29376K)->28940K(29376K) NonClass: 24070K(24256K)->24070K(24256K) Class: 4869K(5120K)->4869K(5120K)
[3249.732s][info][gc             ] GC(691) Pause Young (Concurrent Start) (G1 Evacuation Pause) 3558M->1388M(4096M) 119.618ms
[3249.732s][info][gc             ] GC(692) Concurrent Mark Cycle
[3249.732s][info][gc,marking     ] GC(692) Concurrent Scan Root Regions
[3249.732s][info][gc,cpu         ] GC(691) User=0.71s Sys=0.00s Real=0.12s
[3249.919s][info][gc,marking     ] GC(692) Concurrent Scan Root Regions 186.467ms
[3249.919s][info][gc,marking     ] GC(692) Concurrent Mark
[3249.919s][info][gc,marking     ] GC(692) Concurrent Mark From Roots
[3249.919s][info][gc,task        ] GC(692) Using 2 workers of 2 for marking
.[3250.867s][info][gc,marking     ] GC(692) Concurrent Mark From Roots 948.152ms
[3250.867s][info][gc,marking     ] GC(692) Concurrent Preclean
[3250.867s][info][gc,marking     ] GC(692) Concurrent Preclean 0.207ms
[3250.867s][info][gc,start       ] GC(692) Pause Remark
[3250.873s][info][gc             ] GC(692) Pause Remark 2229M->2229M(4096M) 5.865ms
[3250.873s][info][gc,cpu         ] GC(692) User=0.04s Sys=0.00s Real=0.00s
[3250.873s][info][gc,marking     ] GC(692) Concurrent Mark 954.528ms
[3250.873s][info][gc,marking     ] GC(692) Concurrent Rebuild Remembered Sets and Scrub Regions
[3251.127s][info][gc,marking     ] GC(692) Concurrent Rebuild Remembered Sets and Scrub Regions 253.320ms
[3251.127s][info][gc,start       ] GC(692) Pause Cleanup
[3251.127s][info][gc             ] GC(692) Pause Cleanup 2369M->2369M(4096M) 0.105ms
[3251.127s][info][gc,cpu         ] GC(692) User=0.00s Sys=0.00s Real=0.00s
[3251.127s][info][gc,marking     ] GC(692) Concurrent Clear Claimed Marks
[3251.127s][info][gc,marking     ] GC(692) Concurrent Clear Claimed Marks 0.025ms
[3251.127s][info][gc,marking     ] GC(692) Concurrent Cleanup for Next Mark
[3251.132s][info][gc,marking     ] GC(692) Concurrent Cleanup for Next Mark 4.755ms
[3251.132s][info][gc             ] GC(692) Concurrent Mark Cycle 1399.785ms
.. (rIR:aIR:PR = 5535:5536:5536) (tPR = 81576) [OK] 
  3252s: Performance info:
         Transaction,    Success,    Partial,     Failed,   Receipts, AvgBarcode, 
             Overall,     333008,          0,          0,     316328,      59.47, 
         Response times:
             Request,    Success,    Partial,     Failed,   SkipFail,     Probes,    Samples,      min,      p50,      p90,      p95,      p99,      max, 
       TotalPurchase,     316336,          0,          0,          0,     311046,     332765,      300,     4600,    10500,    26000,    83000,   197000,
     InStorePurchase,     166475,          0,          0,          0,     163884,     174768,      300,     4700,    10700,    28000,    85000,   197000,
      OnlinePurchase,     116525,          0,          0,          0,     114912,     123314,      300,     4500,    10400,    26000,    82000,   197000,
        InstPurchase,      33336,          0,          0,          0,      32250,      34683,      400,     3800,     9700,    22000,    79000,   180000,
          AssocOfCat,        335,          0,          0,          0,        266,        352,    22000,    33000,    56000,    85000,   159050,   197000,
      AssocOfProduct,       3345,          0,          0,          0,       3073,       3446,      400,     4400,    10400,    25000,    78530,   146000,
      BusinessReport,        833,          0,          0,          0,        746,        921,    21000,    36000,    56000,    74900,   170000,   208000,
          CustBuyBeh,       3324,          0,          0,          0,       3080,       3477,      300,     5900,    13720,    34100,    90220,   150000,
       ProductReturn,       8835,          0,          0,          0,       8368,       9253,      300,     3600,     9700,    22000,    75000,   148000,

  3252s: (41%)   IR =   5673 [3253.040s][info][gc,start       ] GC(693) Pause Young (Prepare Mixed) (G1 Evacuation Pause)
[3253.040s][info][gc,task        ] GC(693) Using 6 workers of 6 for evacuation
[3253.157s][info][gc,phases      ] GC(693)   Pre Evacuate Collection Set: 0.33ms
[3253.157s][info][gc,phases      ] GC(693)   Merge Heap Roots: 0.54ms
[3253.157s][info][gc,phases      ] GC(693)   Evacuate Collection Set: 115.34ms
[3253.157s][info][gc,phases      ] GC(693)   Post Evacuate Collection Set: 0.93ms
[3253.157s][info][gc,phases      ] GC(693)   Other: 0.09ms
[3253.157s][info][gc,heap        ] GC(693) Eden regions: 1116->0(1114)
[3253.157s][info][gc,heap        ] GC(693) Survivor regions: 112->108(154)
[3253.157s][info][gc,heap        ] GC(693) Old regions: 503->535
[3253.157s][info][gc,heap        ] GC(693) Humongous regions: 80->80
[3253.157s][info][gc,metaspace   ] GC(693) Metaspace: 28940K(29376K)->28940K(29376K) NonClass: 24070K(24256K)->24070K(24256K) Class: 4869K(5120K)->4869K(5120K)
[3253.157s][info][gc             ] GC(693) Pause Young (Prepare Mixed) (G1 Evacuation Pause) 3620M->1444M(4096M) 117.362ms
[3253.157s][info][gc,cpu         ] GC(693) User=0.70s Sys=0.00s Real=0.12s
...[3256.340s][info][gc,start       ] GC(694) Pause Young (Mixed) (G1 Evacuation Pause)
[3256.340s][info][gc,task        ] GC(694) Using 6 workers of 6 for evacuation
[3256.472s][info][gc,phases      ] GC(694)   Pre Evacuate Collection Set: 0.39ms
[3256.472s][info][gc,phases      ] GC(694)   Merge Heap Roots: 0.64ms
[3256.472s][info][gc,phases      ] GC(694)   Evacuate Collection Set: 130.34ms
[3256.472s][info][gc,phases      ] GC(694)   Post Evacuate Collection Set: 1.00ms
[3256.472s][info][gc,phases      ] GC(694)   Other: 0.09ms
[3256.472s][info][gc,heap        ] GC(694) Eden regions: 1114->0(1119)
[3256.472s][info][gc,heap        ] GC(694) Survivor regions: 108->109(153)
[3256.472s][info][gc,heap        ] GC(694) Old regions: 535->471
[3256.472s][info][gc,heap        ] GC(694) Humongous regions: 80->80
[3256.472s][info][gc,metaspace   ] GC(694) Metaspace: 28940K(29376K)->28940K(29376K) NonClass: 24070K(24256K)->24070K(24256K) Class: 4869K(5120K)->4869K(5120K)
[3256.472s][info][gc             ] GC(694) Pause Young (Mixed) (G1 Evacuation Pause) 3672M->1317M(4096M) 132.605ms
[3256.472s][info][gc,cpu         ] GC(694) User=0.79s Sys=0.00s Real=0.13s
....|[3259.650s][info][gc,start       ] GC(695) Pause Young (Concurrent Start) (G1 Evacuation Pause)
[3259.650s][info][gc,task        ] GC(695) Using 6 workers of 6 for evacuation
[3259.770s][info][gc,phases      ] GC(695)   Pre Evacuate Collection Set: 0.39ms
[3259.770s][info][gc,phases      ] GC(695)   Merge Heap Roots: 0.47ms
[3259.770s][info][gc,phases      ] GC(695)   Evacuate Collection Set: 117.87ms
[3259.770s][info][gc,phases      ] GC(695)   Post Evacuate Collection Set: 0.86ms
[3259.770s][info][gc,phases      ] GC(695)   Other: 0.09ms
[3259.770s][info][gc,heap        ] GC(695) Eden regions: 1119->0(1116)
[3259.770s][info][gc,heap        ] GC(695) Survivor regions: 109->112(154)
[3259.770s][info][gc,heap        ] GC(695) Old regions: 471->503
[3259.770s][info][gc,heap        ] GC(695) Humongous regions: 80->80
[3259.770s][info][gc,metaspace   ] GC(695) Metaspace: 28940K(29376K)->28940K(29376K) NonClass: 24070K(24256K)->24070K(24256K) Class: 4869K(5120K)->4869K(5120K)
[3259.770s][info][gc             ] GC(695) Pause Young (Concurrent Start) (G1 Evacuation Pause) 3555M->1387M(4096M) 119.806ms
[3259.770s][info][gc             ] GC(696) Concurrent Mark Cycle
[3259.770s][info][gc,marking     ] GC(696) Concurrent Scan Root Regions
[3259.770s][info][gc,cpu         ] GC(695) User=0.71s Sys=0.00s Real=0.12s
[3259.906s][info][gc,marking     ] GC(696) Concurrent Scan Root Regions 136.231ms
[3259.906s][info][gc,marking     ] GC(696) Concurrent Mark
[3259.906s][info][gc,marking     ] GC(696) Concurrent Mark From Roots
[3259.906s][info][gc,task        ] GC(696) Using 2 workers of 2 for marking
.[3260.556s][info][gc,marking     ] GC(696) Concurrent Mark From Roots 650.353ms
[3260.556s][info][gc,marking     ] GC(696) Concurrent Preclean
[3260.557s][info][gc,marking     ] GC(696) Concurrent Preclean 0.178ms
[3260.557s][info][gc,start       ] GC(696) Pause Remark
[3260.563s][info][gc             ] GC(696) Pause Remark 1973M->1973M(4096M) 5.474ms
[3260.563s][info][gc,cpu         ] GC(696) User=0.03s Sys=0.00s Real=0.00s
[3260.563s][info][gc,marking     ] GC(696) Concurrent Mark 657.098ms
[3260.563s][info][gc,marking     ] GC(696) Concurrent Rebuild Remembered Sets and Scrub Regions
[3260.811s][info][gc,marking     ] GC(696) Concurrent Rebuild Remembered Sets and Scrub Regions 247.688ms
[3260.811s][info][gc,start       ] GC(696) Pause Cleanup
[3260.811s][info][gc             ] GC(696) Pause Cleanup 2143M->2143M(4096M) 0.095ms
[3260.811s][info][gc,cpu         ] GC(696) User=0.00s Sys=0.00s Real=0.00s
[3260.811s][info][gc,marking     ] GC(696) Concurrent Clear Claimed Marks
[3260.811s][info][gc,marking     ] GC(696) Concurrent Clear Claimed Marks 0.022ms
[3260.811s][info][gc,marking     ] GC(696) Concurrent Cleanup for Next Mark
[3260.814s][info][gc,marking     ] GC(696) Concurrent Cleanup for Next Mark 3.235ms
[3260.814s][info][gc             ] GC(696) Concurrent Mark Cycle 1044.666ms
..[3262.961s][info][gc,start       ] GC(697) Pause Young (Prepare Mixed) (G1 Evacuation Pause)
[3262.961s][info][gc,task        ] GC(697) Using 6 workers of 6 for evacuation
[3263.081s][info][gc,phases      ] GC(697)   Pre Evacuate Collection Set: 0.35ms
[3263.082s][info][gc,phases      ] GC(697)   Merge Heap Roots: 0.51ms
[3263.082s][info][gc,phases      ] GC(697)   Evacuate Collection Set: 118.26ms
[3263.082s][info][gc,phases      ] GC(697)   Post Evacuate Collection Set: 0.92ms
[3263.082s][info][gc,phases      ] GC(697)   Other: 0.09ms
[3263.082s][info][gc,heap        ] GC(697) Eden regions: 1116->0(1107)
[3263.082s][info][gc,heap        ] GC(697) Survivor regions: 112->112(154)
[3263.082s][info][gc,heap        ] GC(697) Old regions: 503->534
[3263.082s][info][gc,heap        ] GC(697) Humongous regions: 80->80
[3263.082s][info][gc,metaspace   ] GC(697) Metaspace: 28940K(29376K)->28940K(29376K) NonClass: 24070K(24256K)->24070K(24256K) Class: 4869K(5120K)->4869K(5120K)
[3263.082s][info][gc             ] GC(697) Pause Young (Prepare Mixed) (G1 Evacuation Pause) 3619M->1450M(4096M) 120.249ms
[3263.082s][info][gc,cpu         ] GC(697) User=0.72s Sys=0.00s Real=0.12s
...[3266.304s][info][gc,start       ] GC(698) Pause Young (Mixed) (G1 Evacuation Pause)
[3266.304s][info][gc,task        ] GC(698) Using 6 workers of 6 for evacuation
[3266.442s][info][gc,phases      ] GC(698)   Pre Evacuate Collection Set: 0.35ms
[3266.442s][info][gc,phases      ] GC(698)   Merge Heap Roots: 0.69ms
[3266.442s][info][gc,phases      ] GC(698)   Evacuate Collection Set: 135.94ms
[3266.442s][info][gc,phases      ] GC(698)   Post Evacuate Collection Set: 0.95ms
[3266.442s][info][gc,phases      ] GC(698)   Other: 0.09ms
[3266.442s][info][gc,heap        ] GC(698) Eden regions: 1107->0(1117)
[3266.442s][info][gc,heap        ] GC(698) Survivor regions: 112->111(153)
[3266.442s][info][gc,heap        ] GC(698) Old regions: 534->471
[3266.442s][info][gc,heap        ] GC(698) Humongous regions: 80->80
[3266.442s][info][gc,metaspace   ] GC(698) Metaspace: 28940K(29376K)->28940K(29376K) NonClass: 24070K(24256K)->24070K(24256K) Class: 4869K(5120K)->4869K(5120K)
[3266.442s][info][gc             ] GC(698) Pause Young (Mixed) (G1 Evacuation Pause) 3664M->1321M(4096M) 138.159ms
[3266.442s][info][gc,cpu         ] GC(698) User=0.82s Sys=0.01s Real=0.14s
....[3269.594s][info][gc,start       ] GC(699) Pause Young (Concurrent Start) (G1 Evacuation Pause)
[3269.594s][info][gc,task        ] GC(699) Using 6 workers of 6 for evacuation
[3269.712s][info][gc,phases      ] GC(699)   Pre Evacuate Collection Set: 0.41ms
[3269.712s][info][gc,phases      ] GC(699)   Merge Heap Roots: 0.47ms
[3269.712s][info][gc,phases      ] GC(699)   Evacuate Collection Set: 115.67ms
[3269.712s][info][gc,phases      ] GC(699)   Post Evacuate Collection Set: 0.88ms
[3269.712s][info][gc,phases      ] GC(699)   Other: 0.13ms
[3269.712s][info][gc,heap        ] GC(699) Eden regions: 1117->0(1119)
[3269.712s][info][gc,heap        ] GC(699) Survivor regions: 111->109(154)
[3269.712s][info][gc,heap        ] GC(699) Old regions: 471->502
[3269.712s][info][gc,heap        ] GC(699) Humongous regions: 80->80
[3269.712s][info][gc,metaspace   ] GC(699) Metaspace: 28940K(29376K)->28940K(29376K) NonClass: 24070K(24256K)->24070K(24256K) Class: 4869K(5120K)->4869K(5120K)
[3269.712s][info][gc             ] GC(699) Pause Young (Concurrent Start) (G1 Evacuation Pause) 3555M->1379M(4096M) 117.675ms
[3269.712s][info][gc             ] GC(700) Concurrent Mark Cycle
[3269.712s][info][gc,marking     ] GC(700) Concurrent Scan Root Regions
[3269.712s][info][gc,cpu         ] GC(699) User=0.70s Sys=0.00s Real=0.12s
[3269.851s][info][gc,marking     ] GC(700) Concurrent Scan Root Regions 138.967ms
[3269.851s][info][gc,marking     ] GC(700) Concurrent Mark
[3269.851s][info][gc,marking     ] GC(700) Concurrent Mark From Roots
[3269.851s][info][gc,task        ] GC(700) Using 2 workers of 2 for marking
[3270.532s][info][gc,marking     ] GC(700) Concurrent Mark From Roots 680.470ms
[3270.532s][info][gc,marking     ] GC(700) Concurrent Preclean
[3270.532s][info][gc,marking     ] GC(700) Concurrent Preclean 0.090ms
[3270.534s][info][gc,start       ] GC(700) Pause Remark
[3270.539s][info][gc             ] GC(700) Pause Remark 2015M->2015M(4096M) 4.994ms
[3270.539s][info][gc,cpu         ] GC(700) User=0.02s Sys=0.01s Real=0.01s
[3270.539s][info][gc,marking     ] GC(700) Concurrent Mark 687.455ms
[3270.539s][info][gc,marking     ] GC(700) Concurrent Rebuild Remembered Sets and Scrub Regions
.[3270.781s][info][gc,marking     ] GC(700) Concurrent Rebuild Remembered Sets and Scrub Regions 242.104ms
[3270.781s][info][gc,start       ] GC(700) Pause Cleanup
[3270.781s][info][gc             ] GC(700) Pause Cleanup 2169M->2169M(4096M) 0.103ms
[3270.781s][info][gc,cpu         ] GC(700) User=0.00s Sys=0.00s Real=0.00s
[3270.781s][info][gc,marking     ] GC(700) Concurrent Clear Claimed Marks
[3270.781s][info][gc,marking     ] GC(700) Concurrent Clear Claimed Marks 0.024ms
[3270.781s][info][gc,marking     ] GC(700) Concurrent Cleanup for Next Mark
[3270.785s][info][gc,marking     ] GC(700) Concurrent Cleanup for Next Mark 3.508ms
[3270.785s][info][gc             ] GC(700) Concurrent Mark Cycle 1072.504ms
..[3272.939s][info][gc,start       ] GC(701) Pause Young (Prepare Mixed) (G1 Evacuation Pause)
[3272.939s][info][gc,task        ] GC(701) Using 6 workers of 6 for evacuation
[3273.054s][info][gc,phases      ] GC(701)   Pre Evacuate Collection Set: 0.37ms
[3273.054s][info][gc,phases      ] GC(701)   Merge Heap Roots: 0.49ms
[3273.055s][info][gc,phases      ] GC(701)   Evacuate Collection Set: 113.96ms
[3273.055s][info][gc,phases      ] GC(701)   Post Evacuate Collection Set: 0.93ms
[3273.055s][info][gc,phases      ] GC(701)   Other: 0.09ms
[3273.055s][info][gc,heap        ] GC(701) Eden regions: 1119->0(1117)
[3273.055s][info][gc,heap        ] GC(701) Survivor regions: 109->107(154)
[3273.055s][info][gc,heap        ] GC(701) Old regions: 502->534
[3273.055s][info][gc,heap        ] GC(701) Humongous regions: 80->80
[3273.055s][info][gc,metaspace   ] GC(701) Metaspace: 28940K(29376K)->28940K(29376K) NonClass: 24070K(24256K)->24070K(24256K) Class: 4869K(5120K)->4869K(5120K)
[3273.055s][info][gc             ] GC(701) Pause Young (Prepare Mixed) (G1 Evacuation Pause) 3617M->1440M(4096M) 115.979ms
[3273.055s][info][gc,cpu         ] GC(701) User=0.69s Sys=0.00s Real=0.11s
...[3276.239s][info][gc,start       ] GC(702) Pause Young (Mixed) (G1 Evacuation Pause)
[3276.239s][info][gc,task        ] GC(702) Using 6 workers of 6 for evacuation
[3276.371s][info][gc,phases      ] GC(702)   Pre Evacuate Collection Set: 0.37ms
[3276.371s][info][gc,phases      ] GC(702)   Merge Heap Roots: 0.65ms
[3276.371s][info][gc,phases      ] GC(702)   Evacuate Collection Set: 129.99ms
[3276.371s][info][gc,phases      ] GC(702)   Post Evacuate Collection Set: 0.95ms
[3276.371s][info][gc,phases      ] GC(702)   Other: 0.09ms
[3276.371s][info][gc,heap        ] GC(702) Eden regions: 1117->0(1118)
[3276.371s][info][gc,heap        ] GC(702) Survivor regions: 107->110(153)
[3276.371s][info][gc,heap        ] GC(702) Old regions: 534->470
[3276.371s][info][gc,heap        ] GC(702) Humongous regions: 80->80
[3276.371s][info][gc,metaspace   ] GC(702) Metaspace: 28940K(29376K)->28940K(29376K) NonClass: 24070K(24256K)->24070K(24256K) Class: 4869K(5120K)->4869K(5120K)
[3276.371s][info][gc             ] GC(702) Pause Young (Mixed) (G1 Evacuation Pause) 3674M->1318M(4096M) 132.209ms
[3276.371s][info][gc,cpu         ] GC(702) User=0.78s Sys=0.00s Real=0.13s
....[3279.660s][info][gc,start       ] GC(703) Pause Young (Concurrent Start) (G1 Evacuation Pause)
[3279.660s][info][gc,task        ] GC(703) Using 6 workers of 6 for evacuation
[3279.782s][info][gc,phases      ] GC(703)   Pre Evacuate Collection Set: 0.38ms
[3279.782s][info][gc,phases      ] GC(703)   Merge Heap Roots: 0.46ms
[3279.782s][info][gc,phases      ] GC(703)   Evacuate Collection Set: 120.89ms
[3279.782s][info][gc,phases      ] GC(703)   Post Evacuate Collection Set: 0.89ms
[3279.782s][info][gc,phases      ] GC(703)   Other: 0.11ms
[3279.782s][info][gc,heap        ] GC(703) Eden regions: 1118->0(1114)
[3279.782s][info][gc,heap        ] GC(703) Survivor regions: 110->114(154)
[3279.783s][info][gc,heap        ] GC(703) Old regions: 470->501
[3279.783s][info][gc,heap        ] GC(703) Humongous regions: 80->80
[3279.783s][info][gc,metaspace   ] GC(703) Metaspace: 28940K(29376K)->28940K(29376K) NonClass: 24070K(24256K)->24070K(24256K) Class: 4869K(5120K)->4869K(5120K)
[3279.783s][info][gc             ] GC(703) Pause Young (Concurrent Start) (G1 Evacuation Pause) 3554M->1388M(4096M) 122.873ms
[3279.783s][info][gc             ] GC(704) Concurrent Mark Cycle
[3279.783s][info][gc,marking     ] GC(704) Concurrent Scan Root Regions
[3279.783s][info][gc,cpu         ] GC(703) User=0.73s Sys=0.00s Real=0.12s
[3279.922s][info][gc,marking     ] GC(704) Concurrent Scan Root Regions 139.467ms
[3279.922s][info][gc,marking     ] GC(704) Concurrent Mark
[3279.922s][info][gc,marking     ] GC(704) Concurrent Mark From Roots
[3279.922s][info][gc,task        ] GC(704) Using 2 workers of 2 for marking
.[3280.639s][info][gc,marking     ] GC(704) Concurrent Mark From Roots 717.308ms
[3280.639s][info][gc,marking     ] GC(704) Concurrent Preclean
[3280.640s][info][gc,marking     ] GC(704) Concurrent Preclean 0.134ms
[3280.640s][info][gc,start       ] GC(704) Pause Remark
[3280.644s][info][gc             ] GC(704) Pause Remark 2076M->2076M(4096M) 4.784ms
[3280.644s][info][gc,cpu         ] GC(704) User=0.03s Sys=0.00s Real=0.00s
[3280.645s][info][gc,marking     ] GC(704) Concurrent Mark 722.460ms
[3280.645s][info][gc,marking     ] GC(704) Concurrent Rebuild Remembered Sets and Scrub Regions
[3281.038s][info][gc,marking     ] GC(704) Concurrent Rebuild Remembered Sets and Scrub Regions 393.295ms
[3281.038s][info][gc,start       ] GC(704) Pause Cleanup
[3281.038s][info][gc             ] GC(704) Pause Cleanup 2342M->2342M(4096M) 0.110ms
[3281.038s][info][gc,cpu         ] GC(704) User=0.00s Sys=0.00s Real=0.00s
[3281.038s][info][gc,marking     ] GC(704) Concurrent Clear Claimed Marks
[3281.038s][info][gc,marking     ] GC(704) Concurrent Clear Claimed Marks 0.024ms
[3281.038s][info][gc,marking     ] GC(704) Concurrent Cleanup for Next Mark
[3281.042s][info][gc,marking     ] GC(704) Concurrent Cleanup for Next Mark 3.758ms
[3281.042s][info][gc             ] GC(704) Concurrent Mark Cycle 1259.412ms
..[3282.887s][info][gc,start       ] GC(705) Pause Young (Prepare Mixed) (G1 Evacuation Pause)
[3282.887s][info][gc,task        ] GC(705) Using 6 workers of 6 for evacuation
[3283.002s][info][gc,phases      ] GC(705)   Pre Evacuate Collection Set: 0.35ms
[3283.002s][info][gc,phases      ] GC(705)   Merge Heap Roots: 0.52ms
[3283.002s][info][gc,phases      ] GC(705)   Evacuate Collection Set: 112.96ms
[3283.002s][info][gc,phases      ] GC(705)   Post Evacuate Collection Set: 0.94ms
[3283.002s][info][gc,phases      ] GC(705)   Other: 0.09ms
[3283.002s][info][gc,heap        ] GC(705) Eden regions: 1114->0(1119)
[3283.002s][info][gc,heap        ] GC(705) Survivor regions: 114->107(154)
[3283.002s][info][gc,heap        ] GC(705) Old regions: 501->532
[3283.002s][info][gc,heap        ] GC(705) Humongous regions: 80->80
[3283.002s][info][gc,metaspace   ] GC(705) Metaspace: 28940K(29376K)->28940K(29376K) NonClass: 24070K(24256K)->24070K(24256K) Class: 4869K(5120K)->4869K(5120K)
[3283.002s][info][gc             ] GC(705) Pause Young (Prepare Mixed) (G1 Evacuation Pause) 3616M->1436M(4096M) 115.002ms
[3283.002s][info][gc,cpu         ] GC(705) User=0.68s Sys=0.00s Real=0.11s
...[3286.185s][info][gc,start       ] GC(706) Pause Young (Mixed) (G1 Evacuation Pause)
[3286.185s][info][gc,task        ] GC(706) Using 6 workers of 6 for evacuation
[3286.323s][info][gc,phases      ] GC(706)   Pre Evacuate Collection Set: 0.39ms
[3286.323s][info][gc,phases      ] GC(706)   Merge Heap Roots: 0.79ms
[3286.323s][info][gc,phases      ] GC(706)   Evacuate Collection Set: 135.04ms
[3286.323s][info][gc,phases      ] GC(706)   Post Evacuate Collection Set: 0.96ms
[3286.323s][info][gc,phases      ] GC(706)   Other: 0.09ms
[3286.323s][info][gc,heap        ] GC(706) Eden regions: 1119->0(1121)
[3286.323s][info][gc,heap        ] GC(706) Survivor regions: 107->107(154)
[3286.323s][info][gc,heap        ] GC(706) Old regions: 532->470
[3286.323s][info][gc,heap        ] GC(706) Humongous regions: 80->80
[3286.323s][info][gc,metaspace   ] GC(706) Metaspace: 28940K(29376K)->28940K(29376K) NonClass: 24070K(24256K)->24070K(24256K) Class: 4869K(5120K)->4869K(5120K)
[3286.323s][info][gc             ] GC(706) Pause Young (Mixed) (G1 Evacuation Pause) 3674M->1311M(4096M) 137.404ms
[3286.323s][info][gc,cpu         ] GC(706) User=0.80s Sys=0.01s Real=0.14s
...[3289.542s][info][gc,start       ] GC(707) Pause Young (Concurrent Start) (G1 Evacuation Pause)
[3289.542s][info][gc,task        ] GC(707) Using 6 workers of 6 for evacuation
[3289.661s][info][gc,phases      ] GC(707)   Pre Evacuate Collection Set: 0.37ms
[3289.661s][info][gc,phases      ] GC(707)   Merge Heap Roots: 0.49ms
[3289.661s][info][gc,phases      ] GC(707)   Evacuate Collection Set: 117.27ms
[3289.661s][info][gc,phases      ] GC(707)   Post Evacuate Collection Set: 0.91ms
[3289.661s][info][gc,phases      ] GC(707)   Other: 0.13ms
[3289.661s][info][gc,heap        ] GC(707) Eden regions: 1121->0(1115)
[3289.661s][info][gc,heap        ] GC(707) Survivor regions: 107->113(154)
[3289.661s][info][gc,heap        ] GC(707) Old regions: 470->501
[3289.661s][info][gc,heap        ] GC(707) Humongous regions: 80->80
[3289.661s][info][gc,metaspace   ] GC(707) Metaspace: 28940K(29376K)->28940K(29376K) NonClass: 24070K(24256K)->24070K(24256K) Class: 4869K(5120K)->4869K(5120K)
[3289.661s][info][gc             ] GC(707) Pause Young (Concurrent Start) (G1 Evacuation Pause) 3553M->1384M(4096M) 119.343ms
[3289.661s][info][gc             ] GC(708) Concurrent Mark Cycle
[3289.661s][info][gc,marking     ] GC(708) Concurrent Scan Root Regions
[3289.661s][info][gc,cpu         ] GC(707) User=0.70s Sys=0.00s Real=0.12s
.[3289.838s][info][gc,marking     ] GC(708) Concurrent Scan Root Regions 176.602ms
[3289.838s][info][gc,marking     ] GC(708) Concurrent Mark
[3289.838s][info][gc,marking     ] GC(708) Concurrent Mark From Roots
[3289.838s][info][gc,task        ] GC(708) Using 2 workers of 2 for marking
[3290.500s][info][gc,marking     ] GC(708) Concurrent Mark From Roots 661.635ms
[3290.500s][info][gc,marking     ] GC(708) Concurrent Preclean
[3290.500s][info][gc,marking     ] GC(708) Concurrent Preclean 0.088ms
[3290.500s][info][gc,start       ] GC(708) Pause Remark
[3290.505s][info][gc             ] GC(708) Pause Remark 2025M->2025M(4096M) 4.958ms
[3290.505s][info][gc,cpu         ] GC(708) User=0.03s Sys=0.00s Real=0.00s
[3290.506s][info][gc,marking     ] GC(708) Concurrent Mark 668.169ms
[3290.506s][info][gc,marking     ] GC(708) Concurrent Rebuild Remembered Sets and Scrub Regions
.[3290.753s][info][gc,marking     ] GC(708) Concurrent Rebuild Remembered Sets and Scrub Regions 246.962ms
[3290.753s][info][gc,start       ] GC(708) Pause Cleanup
[3290.754s][info][gc             ] GC(708) Pause Cleanup 2202M->2202M(4096M) 0.103ms
[3290.754s][info][gc,cpu         ] GC(708) User=0.00s Sys=0.00s Real=0.00s
[3290.754s][info][gc,marking     ] GC(708) Concurrent Clear Claimed Marks
[3290.754s][info][gc,marking     ] GC(708) Concurrent Clear Claimed Marks 0.034ms
[3290.754s][info][gc,marking     ] GC(708) Concurrent Cleanup for Next Mark
[3290.759s][info][gc,marking     ] GC(708) Concurrent Cleanup for Next Mark 4.656ms
[3290.759s][info][gc             ] GC(708) Concurrent Mark Cycle 1097.566ms
..[3292.856s][info][gc,start       ] GC(709) Pause Young (Prepare Mixed) (G1 Evacuation Pause)
[3292.856s][info][gc,task        ] GC(709) Using 6 workers of 6 for evacuation
[3292.973s][info][gc,phases      ] GC(709)   Pre Evacuate Collection Set: 0.34ms
[3292.973s][info][gc,phases      ] GC(709)   Merge Heap Roots: 0.60ms
[3292.973s][info][gc,phases      ] GC(709)   Evacuate Collection Set: 115.18ms
[3292.973s][info][gc,phases      ] GC(709)   Post Evacuate Collection Set: 0.95ms
[3292.973s][info][gc,phases      ] GC(709)   Other: 0.10ms
[3292.973s][info][gc,heap        ] GC(709) Eden regions: 1115->0(1117)
[3292.973s][info][gc,heap        ] GC(709) Survivor regions: 113->108(154)
[3292.973s][info][gc,heap        ] GC(709) Old regions: 501->532
[3292.973s][info][gc,heap        ] GC(709) Humongous regions: 80->80
[3292.973s][info][gc,metaspace   ] GC(709) Metaspace: 28940K(29376K)->28940K(29376K) NonClass: 24070K(24256K)->24070K(24256K) Class: 4869K(5120K)->4869K(5120K)
[3292.973s][info][gc             ] GC(709) Pause Young (Prepare Mixed) (G1 Evacuation Pause) 3614M->1438M(4096M) 117.319ms
[3292.973s][info][gc,cpu         ] GC(709) User=0.70s Sys=0.00s Real=0.12s
...[3296.222s][info][gc,start       ] GC(710) Pause Young (Mixed) (G1 Evacuation Pause)
[3296.222s][info][gc,task        ] GC(710) Using 6 workers of 6 for evacuation
[3296.356s][info][gc,phases      ] GC(710)   Pre Evacuate Collection Set: 0.37ms
[3296.356s][info][gc,phases      ] GC(710)   Merge Heap Roots: 0.66ms
[3296.356s][info][gc,phases      ] GC(710)   Evacuate Collection Set: 132.06ms
[3296.356s][info][gc,phases      ] GC(710)   Post Evacuate Collection Set: 0.94ms
[3296.356s][info][gc,phases      ] GC(710)   Other: 0.09ms
[3296.356s][info][gc,heap        ] GC(710) Eden regions: 1117->0(1118)
[3296.356s][info][gc,heap        ] GC(710) Survivor regions: 108->110(154)
[3296.356s][info][gc,heap        ] GC(710) Old regions: 532->472
[3296.356s][info][gc,heap        ] GC(710) Humongous regions: 80->80
[3296.356s][info][gc,metaspace   ] GC(710) Metaspace: 28940K(29376K)->28940K(29376K) NonClass: 24070K(24256K)->24070K(24256K) Class: 4869K(5120K)->4869K(5120K)
[3296.356s][info][gc             ] GC(710) Pause Young (Mixed) (G1 Evacuation Pause) 3672M->1320M(4096M) 134.250ms
[3296.356s][info][gc,cpu         ] GC(710) User=0.80s Sys=0.00s Real=0.13s
...[3299.463s][info][gc,start       ] GC(711) Pause Young (Concurrent Start) (G1 Evacuation Pause)
[3299.463s][info][gc,task        ] GC(711) Using 6 workers of 6 for evacuation
[3299.580s][info][gc,phases      ] GC(711)   Pre Evacuate Collection Set: 0.40ms
[3299.580s][info][gc,phases      ] GC(711)   Merge Heap Roots: 0.48ms
[3299.580s][info][gc,phases      ] GC(711)   Evacuate Collection Set: 115.00ms
[3299.580s][info][gc,phases      ] GC(711)   Post Evacuate Collection Set: 0.89ms
[3299.580s][info][gc,phases      ] GC(711)   Other: 0.12ms
[3299.580s][info][gc,heap        ] GC(711) Eden regions: 1118->0(1119)
[3299.580s][info][gc,heap        ] GC(711) Survivor regions: 110->109(154)
[3299.580s][info][gc,heap        ] GC(711) Old regions: 472->504
[3299.580s][info][gc,heap        ] GC(711) Humongous regions: 80->80
[3299.580s][info][gc,metaspace   ] GC(711) Metaspace: 28940K(29376K)->28940K(29376K) NonClass: 24070K(24256K)->24070K(24256K) Class: 4869K(5120K)->4869K(5120K)
[3299.580s][info][gc             ] GC(711) Pause Young (Concurrent Start) (G1 Evacuation Pause) 3556M->1383M(4096M) 117.004ms
[3299.580s][info][gc             ] GC(712) Concurrent Mark Cycle
[3299.580s][info][gc,marking     ] GC(712) Concurrent Scan Root Regions
[3299.580s][info][gc,cpu         ] GC(711) User=0.70s Sys=0.00s Real=0.12s
.[3299.754s][info][gc,marking     ] GC(712) Concurrent Scan Root Regions 173.949ms
[3299.754s][info][gc,marking     ] GC(712) Concurrent Mark
[3299.754s][info][gc,marking     ] GC(712) Concurrent Mark From Roots
[3299.754s][info][gc,task        ] GC(712) Using 2 workers of 2 for marking
[3300.600s][info][gc,marking     ] GC(712) Concurrent Mark From Roots 845.885ms
[3300.600s][info][gc,marking     ] GC(712) Concurrent Preclean
[3300.600s][info][gc,marking     ] GC(712) Concurrent Preclean 0.077ms
[3300.600s][info][gc,start       ] GC(712) Pause Remark
[3300.606s][info][gc             ] GC(712) Pause Remark 2165M->2165M(4096M) 5.451ms
[3300.606s][info][gc,cpu         ] GC(712) User=0.03s Sys=0.00s Real=0.01s
[3300.606s][info][gc,marking     ] GC(712) Concurrent Mark 851.682ms
[3300.606s][info][gc,marking     ] GC(712) Concurrent Rebuild Remembered Sets and Scrub Regions
.[3300.880s][info][gc,marking     ] GC(712) Concurrent Rebuild Remembered Sets and Scrub Regions 274.339ms
[3300.881s][info][gc,start       ] GC(712) Pause Cleanup
[3300.881s][info][gc             ] GC(712) Pause Cleanup 2341M->2341M(4096M) 0.113ms
[3300.881s][info][gc,cpu         ] GC(712) User=0.00s Sys=0.00s Real=0.00s
[3300.881s][info][gc,marking     ] GC(712) Concurrent Clear Claimed Marks
[3300.881s][info][gc,marking     ] GC(712) Concurrent Clear Claimed Marks 0.020ms
[3300.881s][info][gc,marking     ] GC(712) Concurrent Cleanup for Next Mark
[3300.884s][info][gc,marking     ] GC(712) Concurrent Cleanup for Next Mark 3.212ms
[3300.884s][info][gc             ] GC(712) Concurrent Mark Cycle 1303.602ms
..[3302.842s][info][gc,start       ] GC(713) Pause Young (Prepare Mixed) (G1 Evacuation Pause)
[3302.842s][info][gc,task        ] GC(713) Using 6 workers of 6 for evacuation
[3302.961s][info][gc,phases      ] GC(713)   Pre Evacuate Collection Set: 0.34ms
[3302.961s][info][gc,phases      ] GC(713)   Merge Heap Roots: 0.51ms
[3302.961s][info][gc,phases      ] GC(713)   Evacuate Collection Set: 117.25ms
[3302.961s][info][gc,phases      ] GC(713)   Post Evacuate Collection Set: 0.92ms
[3302.961s][info][gc,phases      ] GC(713)   Other: 0.09ms
[3302.961s][info][gc,heap        ] GC(713) Eden regions: 1119->0(1111)
[3302.961s][info][gc,heap        ] GC(713) Survivor regions: 109->109(154)
[3302.961s][info][gc,heap        ] GC(713) Old regions: 504->536
[3302.961s][info][gc,heap        ] GC(713) Humongous regions: 80->80
[3302.961s][info][gc,metaspace   ] GC(713) Metaspace: 28940K(29376K)->28940K(29376K) NonClass: 24070K(24256K)->24070K(24256K) Class: 4869K(5120K)->4869K(5120K)
[3302.961s][info][gc             ] GC(713) Pause Young (Prepare Mixed) (G1 Evacuation Pause) 3621M->1446M(4096M) 119.251ms
[3302.961s][info][gc,cpu         ] GC(713) User=0.70s Sys=0.01s Real=0.12s
...[3306.154s][info][gc,start       ] GC(714) Pause Young (Mixed) (G1 Evacuation Pause)
[3306.154s][info][gc,task        ] GC(714) Using 6 workers of 6 for evacuation
[3306.289s][info][gc,phases      ] GC(714)   Pre Evacuate Collection Set: 0.35ms
[3306.289s][info][gc,phases      ] GC(714)   Merge Heap Roots: 0.67ms
[3306.289s][info][gc,phases      ] GC(714)   Evacuate Collection Set: 132.31ms
[3306.289s][info][gc,phases      ] GC(714)   Post Evacuate Collection Set: 0.94ms
[3306.289s][info][gc,phases      ] GC(714)   Other: 0.09ms
[3306.289s][info][gc,heap        ] GC(714) Eden regions: 1111->0(1116)
[3306.289s][info][gc,heap        ] GC(714) Survivor regions: 109->112(153)
[3306.289s][info][gc,heap        ] GC(714) Old regions: 536->470
[3306.289s][info][gc,heap        ] GC(714) Humongous regions: 80->80
[3306.289s][info][gc,metaspace   ] GC(714) Metaspace: 28940K(29376K)->28940K(29376K) NonClass: 24070K(24256K)->24070K(24256K) Class: 4869K(5120K)->4869K(5120K)
[3306.289s][info][gc             ] GC(714) Pause Young (Mixed) (G1 Evacuation Pause) 3668M->1321M(4096M) 134.504ms
[3306.289s][info][gc,cpu         ] GC(714) User=0.79s Sys=0.00s Real=0.14s
...[3309.411s][info][gc,start       ] GC(715) Pause Young (Concurrent Start) (G1 Evacuation Pause)
[3309.411s][info][gc,task        ] GC(715) Using 6 workers of 6 for evacuation
[3309.530s][info][gc,phases      ] GC(715)   Pre Evacuate Collection Set: 0.37ms
[3309.530s][info][gc,phases      ] GC(715)   Merge Heap Roots: 0.46ms
[3309.530s][info][gc,phases      ] GC(715)   Evacuate Collection Set: 117.10ms
[3309.530s][info][gc,phases      ] GC(715)   Post Evacuate Collection Set: 0.88ms
[3309.530s][info][gc,phases      ] GC(715)   Other: 0.11ms
[3309.530s][info][gc,heap        ] GC(715) Eden regions: 1116->0(1119)
[3309.530s][info][gc,heap        ] GC(715) Survivor regions: 112->109(154)
[3309.530s][info][gc,heap        ] GC(715) Old regions: 470->502
[3309.530s][info][gc,heap        ] GC(715) Humongous regions: 80->80
[3309.530s][info][gc,metaspace   ] GC(715) Metaspace: 28940K(29376K)->28940K(29376K) NonClass: 24070K(24256K)->24070K(24256K) Class: 4869K(5120K)->4869K(5120K)
[3309.530s][info][gc             ] GC(715) Pause Young (Concurrent Start) (G1 Evacuation Pause) 3553M->1380M(4096M) 119.043ms
[3309.530s][info][gc             ] GC(716) Concurrent Mark Cycle
[3309.530s][info][gc,marking     ] GC(716) Concurrent Scan Root Regions
[3309.530s][info][gc,cpu         ] GC(715) User=0.71s Sys=0.00s Real=0.12s
.[3309.704s][info][gc,marking     ] GC(716) Concurrent Scan Root Regions 173.808ms
[3309.704s][info][gc,marking     ] GC(716) Concurrent Mark
[3309.704s][info][gc,marking     ] GC(716) Concurrent Mark From Roots
[3309.704s][info][gc,task        ] GC(716) Using 2 workers of 2 for marking
[3310.534s][info][gc,marking     ] GC(716) Concurrent Mark From Roots 829.340ms
[3310.534s][info][gc,marking     ] GC(716) Concurrent Preclean
[3310.534s][info][gc,marking     ] GC(716) Concurrent Preclean 0.076ms
[3310.534s][info][gc,start       ] GC(716) Pause Remark
[3310.539s][info][gc             ] GC(716) Pause Remark 2145M->2145M(4096M) 5.499ms
[3310.539s][info][gc,cpu         ] GC(716) User=0.03s Sys=0.00s Real=0.01s
[3310.540s][info][gc,marking     ] GC(716) Concurrent Mark 835.191ms
[3310.540s][info][gc,marking     ] GC(716) Concurrent Rebuild Remembered Sets and Scrub Regions
.[3310.926s][info][gc,marking     ] GC(716) Concurrent Rebuild Remembered Sets and Scrub Regions 386.621ms
[3310.926s][info][gc,start       ] GC(716) Pause Cleanup
[3310.927s][info][gc             ] GC(716) Pause Cleanup 2376M->2376M(4096M) 0.110ms
[3310.927s][info][gc,cpu         ] GC(716) User=0.00s Sys=0.00s Real=0.00s
[3310.927s][info][gc,marking     ] GC(716) Concurrent Clear Claimed Marks
[3310.927s][info][gc,marking     ] GC(716) Concurrent Clear Claimed Marks 0.026ms
[3310.927s][info][gc,marking     ] GC(716) Concurrent Cleanup for Next Mark
[3310.932s][info][gc,marking     ] GC(716) Concurrent Cleanup for Next Mark 5.487ms
[3310.932s][info][gc             ] GC(716) Concurrent Mark Cycle 1401.782ms
..[3312.757s][info][gc,start       ] GC(717) Pause Young (Prepare Mixed) (G1 Evacuation Pause)
[3312.757s][info][gc,task        ] GC(717) Using 6 workers of 6 for evacuation
[3312.875s][info][gc,phases      ] GC(717)   Pre Evacuate Collection Set: 0.34ms
[3312.875s][info][gc,phases      ] GC(717)   Merge Heap Roots: 0.51ms
[3312.875s][info][gc,phases      ] GC(717)   Evacuate Collection Set: 116.42ms
[3312.875s][info][gc,phases      ] GC(717)   Post Evacuate Collection Set: 0.94ms
[3312.875s][info][gc,phases      ] GC(717)   Other: 0.09ms
[3312.875s][info][gc,heap        ] GC(717) Eden regions: 1119->0(1111)
[3312.875s][info][gc,heap        ] GC(717) Survivor regions: 109->110(154)
[3312.875s][info][gc,heap        ] GC(717) Old regions: 502->534
[3312.875s][info][gc,heap        ] GC(717) Humongous regions: 80->80
[3312.875s][info][gc,metaspace   ] GC(717) Metaspace: 28940K(29376K)->28940K(29376K) NonClass: 24070K(24256K)->24070K(24256K) Class: 4869K(5120K)->4869K(5120K)
[3312.875s][info][gc             ] GC(717) Pause Young (Prepare Mixed) (G1 Evacuation Pause) 3618M->1444M(4096M) 118.431ms
[3312.875s][info][gc,cpu         ] GC(717) User=0.70s Sys=0.00s Real=0.11s
...[3316.119s][info][gc,start       ] GC(718) Pause Young (Mixed) (G1 Evacuation Pause)
[3316.119s][info][gc,task        ] GC(718) Using 6 workers of 6 for evacuation
[3316.259s][info][gc,phases      ] GC(718)   Pre Evacuate Collection Set: 0.38ms
[3316.259s][info][gc,phases      ] GC(718)   Merge Heap Roots: 0.88ms
[3316.259s][info][gc,phases      ] GC(718)   Evacuate Collection Set: 138.35ms
[3316.259s][info][gc,phases      ] GC(718)   Post Evacuate Collection Set: 0.96ms
[3316.259s][info][gc,phases      ] GC(718)   Other: 0.09ms
[3316.259s][info][gc,heap        ] GC(718) Eden regions: 1111->0(1114)
[3316.259s][info][gc,heap        ] GC(718) Survivor regions: 110->114(153)
[3316.259s][info][gc,heap        ] GC(718) Old regions: 534->470
[3316.260s][info][gc,heap        ] GC(718) Humongous regions: 80->80
[3316.260s][info][gc,metaspace   ] GC(718) Metaspace: 28940K(29376K)->28940K(29376K) NonClass: 24070K(24256K)->24070K(24256K) Class: 4869K(5120K)->4869K(5120K)
[3316.260s][info][gc             ] GC(718) Pause Young (Mixed) (G1 Evacuation Pause) 3666M->1324M(4096M) 140.779ms
[3316.260s][info][gc,cpu         ] GC(718) User=0.84s Sys=0.00s Real=0.14s
...[3319.410s][info][gc,start       ] GC(719) Pause Young (Concurrent Start) (G1 Evacuation Pause)
[3319.410s][info][gc,task        ] GC(719) Using 6 workers of 6 for evacuation
[3319.527s][info][gc,phases      ] GC(719)   Pre Evacuate Collection Set: 0.39ms
[3319.527s][info][gc,phases      ] GC(719)   Merge Heap Roots: 0.48ms
[3319.527s][info][gc,phases      ] GC(719)   Evacuate Collection Set: 114.97ms
[3319.527s][info][gc,phases      ] GC(719)   Post Evacuate Collection Set: 0.88ms
[3319.527s][info][gc,phases      ] GC(719)   Other: 0.10ms
[3319.527s][info][gc,heap        ] GC(719) Eden regions: 1114->0(1119)
[3319.527s][info][gc,heap        ] GC(719) Survivor regions: 114->109(154)
[3319.527s][info][gc,heap        ] GC(719) Old regions: 470->502
[3319.527s][info][gc,heap        ] GC(719) Humongous regions: 80->80
[3319.527s][info][gc,metaspace   ] GC(719) Metaspace: 28940K(29376K)->28940K(29376K) NonClass: 24070K(24256K)->24070K(24256K) Class: 4869K(5120K)->4869K(5120K)
[3319.527s][info][gc             ] GC(719) Pause Young (Concurrent Start) (G1 Evacuation Pause) 3552M->1378M(4096M) 116.949ms
[3319.527s][info][gc             ] GC(720) Concurrent Mark Cycle
[3319.527s][info][gc,marking     ] GC(720) Concurrent Scan Root Regions
[3319.527s][info][gc,cpu         ] GC(719) User=0.70s Sys=0.00s Real=0.12s
[3319.657s][info][gc,marking     ] GC(720) Concurrent Scan Root Regions 130.524ms
[3319.657s][info][gc,marking     ] GC(720) Concurrent Mark
[3319.657s][info][gc,marking     ] GC(720) Concurrent Mark From Roots
[3319.657s][info][gc,task        ] GC(720) Using 2 workers of 2 for marking
. (rIR:aIR:PR = 5673:5672:5672) (tPR = 84958) [OK] 
  3319s: Performance info:
         Transaction,    Success,    Partial,     Failed,   Receipts, AvgBarcode, 
             Overall,     341498,          0,          0,     324440,      59.47, 
         Response times:
             Request,    Success,    Partial,     Failed,   SkipFail,     Probes,    Samples,      min,      p50,      p90,      p95,      p99,      max, 
       TotalPurchase,     324433,          0,          0,          0,     317784,     357486,      300,     4600,    13000,    40000,   106000,   320000,
     InStorePurchase,     170758,          0,          0,          0,     167729,     188126,      300,     4600,    13100,    40000,   106000,   269000,
      OnlinePurchase,     119520,          0,          0,          0,     116917,     131768,      300,     4700,    13000,    39000,   105000,   320000,
        InstPurchase,      34155,          0,          0,          0,      33138,      37592,      400,     4700,    12900,    38000,   106000,   264000,
          AssocOfCat,        343,          0,          0,          0,        270,        371,    23000,    34000,    65000,    88000,   189080,   272000,
      AssocOfProduct,       3412,          0,          0,          0,       3167,       3846,      600,     5000,    13400,    38000,    98000,   184000,
      BusinessReport,        847,          0,          0,          0,        726,        904,    23000,    36000,    63500,    89500,   189850,   230000,
          CustBuyBeh,       3426,          0,          0,          0,       3186,       3786,      200,     4700,    12900,    39650,   117000,   197000,
       ProductReturn,       9030,          0,          0,          0,       8541,       9875,      200,     4300,    11540,    37000,   105000,   233000,

  3319s: (42%)   IR =   5812 [3320.198s][info][gc,marking     ] GC(720) Concurrent Mark From Roots 540.324ms
[3320.198s][info][gc,marking     ] GC(720) Concurrent Preclean
[3320.198s][info][gc,marking     ] GC(720) Concurrent Preclean 0.086ms
[3320.199s][info][gc,start       ] GC(720) Pause Remark
[3320.203s][info][gc             ] GC(720) Pause Remark 1866M->1866M(4096M) 4.063ms
[3320.203s][info][gc,cpu         ] GC(720) User=0.02s Sys=0.00s Real=0.00s
[3320.203s][info][gc,marking     ] GC(720) Concurrent Mark 545.924ms
[3320.203s][info][gc,marking     ] GC(720) Concurrent Rebuild Remembered Sets and Scrub Regions
[3320.451s][info][gc,marking     ] GC(720) Concurrent Rebuild Remembered Sets and Scrub Regions 248.003ms
[3320.451s][info][gc,start       ] GC(720) Pause Cleanup
[3320.451s][info][gc             ] GC(720) Pause Cleanup 2055M->2055M(4096M) 0.107ms
[3320.451s][info][gc,cpu         ] GC(720) User=0.00s Sys=0.00s Real=0.00s
[3320.451s][info][gc,marking     ] GC(720) Concurrent Clear Claimed Marks
[3320.451s][info][gc,marking     ] GC(720) Concurrent Clear Claimed Marks 0.019ms
[3320.451s][info][gc,marking     ] GC(720) Concurrent Cleanup for Next Mark
[3320.455s][info][gc,marking     ] GC(720) Concurrent Cleanup for Next Mark 3.245ms
[3320.455s][info][gc             ] GC(720) Concurrent Mark Cycle 928.106ms
..[3322.730s][info][gc,start       ] GC(721) Pause Young (Prepare Mixed) (G1 Evacuation Pause)
[3322.731s][info][gc,task        ] GC(721) Using 6 workers of 6 for evacuation
[3322.851s][info][gc,phases      ] GC(721)   Pre Evacuate Collection Set: 0.33ms
[3322.851s][info][gc,phases      ] GC(721)   Merge Heap Roots: 0.57ms
[3322.851s][info][gc,phases      ] GC(721)   Evacuate Collection Set: 118.15ms
[3322.851s][info][gc,phases      ] GC(721)   Post Evacuate Collection Set: 1.01ms
[3322.851s][info][gc,phases      ] GC(721)   Other: 0.09ms
[3322.851s][info][gc,heap        ] GC(721) Eden regions: 1119->0(1111)
[3322.851s][info][gc,heap        ] GC(721) Survivor regions: 109->110(154)
[3322.851s][info][gc,heap        ] GC(721) Old regions: 502->534
[3322.851s][info][gc,heap        ] GC(721) Humongous regions: 80->80
[3322.851s][info][gc,metaspace   ] GC(721) Metaspace: 28940K(29376K)->28940K(29376K) NonClass: 24070K(24256K)->24070K(24256K) Class: 4869K(5120K)->4869K(5120K)
[3322.851s][info][gc             ] GC(721) Pause Young (Prepare Mixed) (G1 Evacuation Pause) 3616M->1446M(4096M) 120.282ms
[3322.851s][info][gc,cpu         ] GC(721) User=0.71s Sys=0.00s Real=0.12s
....|[3326.012s][info][gc,start       ] GC(722) Pause Young (Mixed) (G1 Evacuation Pause)
[3326.012s][info][gc,task        ] GC(722) Using 6 workers of 6 for evacuation
[3326.146s][info][gc,phases      ] GC(722)   Pre Evacuate Collection Set: 0.42ms
[3326.146s][info][gc,phases      ] GC(722)   Merge Heap Roots: 0.70ms
[3326.146s][info][gc,phases      ] GC(722)   Evacuate Collection Set: 131.49ms
[3326.146s][info][gc,phases      ] GC(722)   Post Evacuate Collection Set: 0.95ms
[3326.146s][info][gc,phases      ] GC(722)   Other: 0.09ms
[3326.146s][info][gc,heap        ] GC(722) Eden regions: 1111->0(1119)
[3326.146s][info][gc,heap        ] GC(722) Survivor regions: 110->109(153)
[3326.146s][info][gc,heap        ] GC(722) Old regions: 534->472
[3326.146s][info][gc,heap        ] GC(722) Humongous regions: 80->80
[3326.146s][info][gc,metaspace   ] GC(722) Metaspace: 28940K(29376K)->28940K(29376K) NonClass: 24070K(24256K)->24070K(24256K) Class: 4869K(5120K)->4869K(5120K)
[3326.146s][info][gc             ] GC(722) Pause Young (Mixed) (G1 Evacuation Pause) 3668M->1318M(4096M) 133.768ms
[3326.146s][info][gc,cpu         ] GC(722) User=0.79s Sys=0.00s Real=0.14s
...[3329.244s][info][gc,start       ] GC(723) Pause Young (Concurrent Start) (G1 Evacuation Pause)
[3329.244s][info][gc,task        ] GC(723) Using 6 workers of 6 for evacuation
[3329.361s][info][gc,phases      ] GC(723)   Pre Evacuate Collection Set: 0.43ms
[3329.361s][info][gc,phases      ] GC(723)   Merge Heap Roots: 0.52ms
[3329.361s][info][gc,phases      ] GC(723)   Evacuate Collection Set: 114.70ms
[3329.361s][info][gc,phases      ] GC(723)   Post Evacuate Collection Set: 0.87ms
[3329.361s][info][gc,phases      ] GC(723)   Other: 0.16ms
[3329.361s][info][gc,heap        ] GC(723) Eden regions: 1119->0(1120)
[3329.361s][info][gc,heap        ] GC(723) Survivor regions: 109->108(154)
[3329.361s][info][gc,heap        ] GC(723) Old regions: 472->504
[3329.361s][info][gc,heap        ] GC(723) Humongous regions: 80->80
[3329.361s][info][gc,metaspace   ] GC(723) Metaspace: 28940K(29376K)->28940K(29376K) NonClass: 24070K(24256K)->24070K(24256K) Class: 4869K(5120K)->4869K(5120K)
[3329.361s][info][gc             ] GC(723) Pause Young (Concurrent Start) (G1 Evacuation Pause) 3556M->1382M(4096M) 116.812ms
[3329.361s][info][gc             ] GC(724) Concurrent Mark Cycle
[3329.361s][info][gc,marking     ] GC(724) Concurrent Scan Root Regions
[3329.361s][info][gc,cpu         ] GC(723) User=0.68s Sys=0.00s Real=0.12s
[3329.494s][info][gc,marking     ] GC(724) Concurrent Scan Root Regions 132.807ms
[3329.494s][info][gc,marking     ] GC(724) Concurrent Mark
[3329.494s][info][gc,marking     ] GC(724) Concurrent Mark From Roots
[3329.494s][info][gc,task        ] GC(724) Using 2 workers of 2 for marking
.[3330.154s][info][gc,marking     ] GC(724) Concurrent Mark From Roots 659.908ms
[3330.154s][info][gc,marking     ] GC(724) Concurrent Preclean
[3330.154s][info][gc,marking     ] GC(724) Concurrent Preclean 0.092ms
[3330.154s][info][gc,start       ] GC(724) Pause Remark
[3330.159s][info][gc             ] GC(724) Pause Remark 1974M->1974M(4096M) 4.719ms
[3330.159s][info][gc,cpu         ] GC(724) User=0.02s Sys=0.00s Real=0.01s
[3330.159s][info][gc,marking     ] GC(724) Concurrent Mark 664.982ms
[3330.159s][info][gc,marking     ] GC(724) Concurrent Rebuild Remembered Sets and Scrub Regions
[3330.405s][info][gc,marking     ] GC(724) Concurrent Rebuild Remembered Sets and Scrub Regions 245.994ms
[3330.406s][info][gc,start       ] GC(724) Pause Cleanup
[3330.406s][info][gc             ] GC(724) Pause Cleanup 2144M->2144M(4096M) 0.125ms
[3330.406s][info][gc,cpu         ] GC(724) User=0.00s Sys=0.00s Real=0.00s
[3330.406s][info][gc,marking     ] GC(724) Concurrent Clear Claimed Marks
[3330.406s][info][gc,marking     ] GC(724) Concurrent Clear Claimed Marks 0.035ms
[3330.406s][info][gc,marking     ] GC(724) Concurrent Cleanup for Next Mark
[3330.414s][info][gc,marking     ] GC(724) Concurrent Cleanup for Next Mark 7.664ms
[3330.414s][info][gc             ] GC(724) Concurrent Mark Cycle 1053.087ms
..[3332.437s][info][gc,start       ] GC(725) Pause Young (Prepare Mixed) (G1 Evacuation Pause)
[3332.437s][info][gc,task        ] GC(725) Using 6 workers of 6 for evacuation
[3332.559s][info][gc,phases      ] GC(725)   Pre Evacuate Collection Set: 0.33ms
[3332.559s][info][gc,phases      ] GC(725)   Merge Heap Roots: 0.50ms
[3332.559s][info][gc,phases      ] GC(725)   Evacuate Collection Set: 120.75ms
[3332.559s][info][gc,phases      ] GC(725)   Post Evacuate Collection Set: 0.94ms
[3332.559s][info][gc,phases      ] GC(725)   Other: 0.09ms
[3332.559s][info][gc,heap        ] GC(725) Eden regions: 1120->0(1102)
[3332.559s][info][gc,heap        ] GC(725) Survivor regions: 108->113(154)
[3332.559s][info][gc,heap        ] GC(725) Old regions: 504->537
[3332.559s][info][gc,heap        ] GC(725) Humongous regions: 80->80
[3332.559s][info][gc,metaspace   ] GC(725) Metaspace: 28940K(29376K)->28940K(29376K) NonClass: 24070K(24256K)->24070K(24256K) Class: 4869K(5120K)->4869K(5120K)
[3332.559s][info][gc             ] GC(725) Pause Young (Prepare Mixed) (G1 Evacuation Pause) 3622M->1458M(4096M) 122.746ms
[3332.559s][info][gc,cpu         ] GC(725) User=0.73s Sys=0.00s Real=0.12s
...[3335.655s][info][gc,start       ] GC(726) Pause Young (Mixed) (G1 Evacuation Pause)
[3335.655s][info][gc,task        ] GC(726) Using 6 workers of 6 for evacuation
[3335.788s][info][gc,phases      ] GC(726)   Pre Evacuate Collection Set: 0.37ms
[3335.788s][info][gc,phases      ] GC(726)   Merge Heap Roots: 0.71ms
[3335.788s][info][gc,phases      ] GC(726)   Evacuate Collection Set: 131.35ms
[3335.788s][info][gc,phases      ] GC(726)   Post Evacuate Collection Set: 0.94ms
[3335.788s][info][gc,phases      ] GC(726)   Other: 0.09ms
[3335.788s][info][gc,heap        ] GC(726) Eden regions: 1102->0(1118)
[3335.788s][info][gc,heap        ] GC(726) Survivor regions: 113->110(152)
[3335.788s][info][gc,heap        ] GC(726) Old regions: 537->474
[3335.788s][info][gc,heap        ] GC(726) Humongous regions: 80->80
[3335.788s][info][gc,metaspace   ] GC(726) Metaspace: 28940K(29376K)->28940K(29376K) NonClass: 24070K(24256K)->24070K(24256K) Class: 4869K(5120K)->4869K(5120K)
[3335.788s][info][gc             ] GC(726) Pause Young (Mixed) (G1 Evacuation Pause) 3662M->1325M(4096M) 133.592ms
[3335.788s][info][gc,cpu         ] GC(726) User=0.79s Sys=0.00s Real=0.14s
....[3338.922s][info][gc,start       ] GC(727) Pause Young (Concurrent Start) (G1 Evacuation Pause)
[3338.922s][info][gc,task        ] GC(727) Using 6 workers of 6 for evacuation
[3339.040s][info][gc,phases      ] GC(727)   Pre Evacuate Collection Set: 0.40ms
[3339.040s][info][gc,phases      ] GC(727)   Merge Heap Roots: 0.47ms
[3339.040s][info][gc,phases      ] GC(727)   Evacuate Collection Set: 116.02ms
[3339.040s][info][gc,phases      ] GC(727)   Post Evacuate Collection Set: 0.89ms
[3339.040s][info][gc,phases      ] GC(727)   Other: 0.10ms
[3339.040s][info][gc,heap        ] GC(727) Eden regions: 1118->0(1119)
[3339.040s][info][gc,heap        ] GC(727) Survivor regions: 110->109(154)
[3339.040s][info][gc,heap        ] GC(727) Old regions: 474->506
[3339.040s][info][gc,heap        ] GC(727) Humongous regions: 80->80
[3339.040s][info][gc,metaspace   ] GC(727) Metaspace: 28940K(29376K)->28940K(29376K) NonClass: 24070K(24256K)->24070K(24256K) Class: 4869K(5120K)->4869K(5120K)
[3339.040s][info][gc             ] GC(727) Pause Young (Concurrent Start) (G1 Evacuation Pause) 3561M->1387M(4096M) 118.014ms
[3339.040s][info][gc             ] GC(728) Concurrent Mark Cycle
[3339.040s][info][gc,marking     ] GC(728) Concurrent Scan Root Regions
[3339.040s][info][gc,cpu         ] GC(727) User=0.70s Sys=0.00s Real=0.12s
[3339.172s][info][gc,marking     ] GC(728) Concurrent Scan Root Regions 132.219ms
[3339.173s][info][gc,marking     ] GC(728) Concurrent Mark
[3339.173s][info][gc,marking     ] GC(728) Concurrent Mark From Roots
[3339.173s][info][gc,task        ] GC(728) Using 2 workers of 2 for marking
[3339.843s][info][gc,marking     ] GC(728) Concurrent Mark From Roots 670.108ms
[3339.843s][info][gc,marking     ] GC(728) Concurrent Preclean
[3339.843s][info][gc,marking     ] GC(728) Concurrent Preclean 0.107ms
[3339.843s][info][gc,start       ] GC(728) Pause Remark
[3339.848s][info][gc             ] GC(728) Pause Remark 2005M->2005M(4096M) 4.612ms
[3339.848s][info][gc,cpu         ] GC(728) User=0.02s Sys=0.00s Real=0.01s
[3339.848s][info][gc,marking     ] GC(728) Concurrent Mark 675.535ms
[3339.848s][info][gc,marking     ] GC(728) Concurrent Rebuild Remembered Sets and Scrub Regions
.[3340.125s][info][gc,marking     ] GC(728) Concurrent Rebuild Remembered Sets and Scrub Regions 276.692ms
[3340.125s][info][gc,start       ] GC(728) Pause Cleanup
[3340.125s][info][gc             ] GC(728) Pause Cleanup 2219M->2219M(4096M) 0.107ms
[3340.125s][info][gc,cpu         ] GC(728) User=0.00s Sys=0.00s Real=0.00s
[3340.125s][info][gc,marking     ] GC(728) Concurrent Clear Claimed Marks
[3340.125s][info][gc,marking     ] GC(728) Concurrent Clear Claimed Marks 0.025ms
[3340.125s][info][gc,marking     ] GC(728) Concurrent Cleanup for Next Mark
[3340.136s][info][gc,marking     ] GC(728) Concurrent Cleanup for Next Mark 10.422ms
[3340.136s][info][gc             ] GC(728) Concurrent Mark Cycle 1095.358ms
..[3342.181s][info][gc,start       ] GC(729) Pause Young (Prepare Mixed) (G1 Evacuation Pause)
[3342.181s][info][gc,task        ] GC(729) Using 6 workers of 6 for evacuation
[3342.297s][info][gc,phases      ] GC(729)   Pre Evacuate Collection Set: 0.35ms
[3342.297s][info][gc,phases      ] GC(729)   Merge Heap Roots: 0.52ms
[3342.297s][info][gc,phases      ] GC(729)   Evacuate Collection Set: 113.87ms
[3342.297s][info][gc,phases      ] GC(729)   Post Evacuate Collection Set: 0.95ms
[3342.297s][info][gc,phases      ] GC(729)   Other: 0.09ms
[3342.297s][info][gc,heap        ] GC(729) Eden regions: 1119->0(1109)
[3342.297s][info][gc,heap        ] GC(729) Survivor regions: 109->109(154)
[3342.297s][info][gc,heap        ] GC(729) Old regions: 506->538
[3342.297s][info][gc,heap        ] GC(729) Humongous regions: 80->80
[3342.297s][info][gc,metaspace   ] GC(729) Metaspace: 28940K(29376K)->28940K(29376K) NonClass: 24070K(24256K)->24070K(24256K) Class: 4869K(5120K)->4869K(5120K)
[3342.297s][info][gc             ] GC(729) Pause Young (Prepare Mixed) (G1 Evacuation Pause) 3625M->1451M(4096M) 115.918ms
[3342.297s][info][gc,cpu         ] GC(729) User=0.69s Sys=0.00s Real=0.12s
...[3345.368s][info][gc,start       ] GC(730) Pause Young (Mixed) (G1 Evacuation Pause)
[3345.368s][info][gc,task        ] GC(730) Using 6 workers of 6 for evacuation
[3345.504s][info][gc,phases      ] GC(730)   Pre Evacuate Collection Set: 0.38ms
[3345.504s][info][gc,phases      ] GC(730)   Merge Heap Roots: 0.73ms
[3345.504s][info][gc,phases      ] GC(730)   Evacuate Collection Set: 133.72ms
[3345.504s][info][gc,phases      ] GC(730)   Post Evacuate Collection Set: 0.94ms
[3345.504s][info][gc,phases      ] GC(730)   Other: 0.08ms
[3345.504s][info][gc,heap        ] GC(730) Eden regions: 1109->0(1119)
[3345.504s][info][gc,heap        ] GC(730) Survivor regions: 109->109(153)
[3345.504s][info][gc,heap        ] GC(730) Old regions: 538->472
[3345.504s][info][gc,heap        ] GC(730) Humongous regions: 80->80
[3345.504s][info][gc,metaspace   ] GC(730) Metaspace: 28940K(29376K)->28940K(29376K) NonClass: 24070K(24256K)->24070K(24256K) Class: 4869K(5120K)->4869K(5120K)
[3345.504s][info][gc             ] GC(730) Pause Young (Mixed) (G1 Evacuation Pause) 3669M->1319M(4096M) 135.986ms
[3345.504s][info][gc,cpu         ] GC(730) User=0.80s Sys=0.00s Real=0.13s
...[3348.703s][info][gc,start       ] GC(731) Pause Young (Concurrent Start) (G1 Evacuation Pause)
[3348.703s][info][gc,task        ] GC(731) Using 6 workers of 6 for evacuation
[3348.824s][info][gc,phases      ] GC(731)   Pre Evacuate Collection Set: 0.37ms
[3348.824s][info][gc,phases      ] GC(731)   Merge Heap Roots: 0.48ms
[3348.824s][info][gc,phases      ] GC(731)   Evacuate Collection Set: 119.04ms
[3348.824s][info][gc,phases      ] GC(731)   Post Evacuate Collection Set: 0.90ms
[3348.824s][info][gc,phases      ] GC(731)   Other: 0.12ms
[3348.824s][info][gc,heap        ] GC(731) Eden regions: 1119->0(1115)
[3348.824s][info][gc,heap        ] GC(731) Survivor regions: 109->113(154)
[3348.824s][info][gc,heap        ] GC(731) Old regions: 472->504
[3348.824s][info][gc,heap        ] GC(731) Humongous regions: 80->80
[3348.824s][info][gc,metaspace   ] GC(731) Metaspace: 28940K(29376K)->28940K(29376K) NonClass: 24070K(24256K)->24070K(24256K) Class: 4869K(5120K)->4869K(5120K)
[3348.824s][info][gc             ] GC(731) Pause Young (Concurrent Start) (G1 Evacuation Pause) 3557M->1392M(4096M) 121.044ms
[3348.824s][info][gc             ] GC(732) Concurrent Mark Cycle
[3348.824s][info][gc,marking     ] GC(732) Concurrent Scan Root Regions
[3348.824s][info][gc,cpu         ] GC(731) User=0.71s Sys=0.00s Real=0.12s
.[3348.981s][info][gc,marking     ] GC(732) Concurrent Scan Root Regions 156.476ms
[3348.981s][info][gc,marking     ] GC(732) Concurrent Mark
[3348.981s][info][gc,marking     ] GC(732) Concurrent Mark From Roots
[3348.981s][info][gc,task        ] GC(732) Using 2 workers of 2 for marking
[3349.570s][info][gc,marking     ] GC(732) Concurrent Mark From Roots 589.250ms
[3349.570s][info][gc,marking     ] GC(732) Concurrent Preclean
[3349.570s][info][gc,marking     ] GC(732) Concurrent Preclean 0.114ms
[3349.574s][info][gc,start       ] GC(732) Pause Remark
[3349.578s][info][gc             ] GC(732) Pause Remark 1984M->1984M(4096M) 3.896ms
[3349.578s][info][gc,cpu         ] GC(732) User=0.02s Sys=0.00s Real=0.01s
[3349.578s][info][gc,marking     ] GC(732) Concurrent Mark 596.752ms
[3349.578s][info][gc,marking     ] GC(732) Concurrent Rebuild Remembered Sets and Scrub Regions
[3349.823s][info][gc,marking     ] GC(732) Concurrent Rebuild Remembered Sets and Scrub Regions 244.934ms
[3349.824s][info][gc,start       ] GC(732) Pause Cleanup
[3349.824s][info][gc             ] GC(732) Pause Cleanup 2172M->2172M(4096M) 0.123ms
[3349.824s][info][gc,cpu         ] GC(732) User=0.00s Sys=0.00s Real=0.00s
[3349.824s][info][gc,marking     ] GC(732) Concurrent Clear Claimed Marks
[3349.824s][info][gc,marking     ] GC(732) Concurrent Clear Claimed Marks 0.029ms
[3349.824s][info][gc,marking     ] GC(732) Concurrent Cleanup for Next Mark
[3349.828s][info][gc,marking     ] GC(732) Concurrent Cleanup for Next Mark 3.889ms
[3349.828s][info][gc             ] GC(732) Concurrent Mark Cycle 1003.672ms
..[3351.852s][info][gc,start       ] GC(733) Pause Young (Prepare Mixed) (G1 Evacuation Pause)
[3351.852s][info][gc,task        ] GC(733) Using 6 workers of 6 for evacuation
[3351.973s][info][gc,phases      ] GC(733)   Pre Evacuate Collection Set: 0.33ms
[3351.973s][info][gc,phases      ] GC(733)   Merge Heap Roots: 0.49ms
[3351.973s][info][gc,phases      ] GC(733)   Evacuate Collection Set: 118.79ms
[3351.973s][info][gc,phases      ] GC(733)   Post Evacuate Collection Set: 0.94ms
[3351.973s][info][gc,phases      ] GC(733)   Other: 0.09ms
[3351.973s][info][gc,heap        ] GC(733) Eden regions: 1115->0(1103)
[3351.973s][info][gc,heap        ] GC(733) Survivor regions: 113->113(154)
[3351.973s][info][gc,heap        ] GC(733) Old regions: 504->536
[3351.973s][info][gc,heap        ] GC(733) Humongous regions: 80->80
[3351.973s][info][gc,metaspace   ] GC(733) Metaspace: 28940K(29376K)->28940K(29376K) NonClass: 24070K(24256K)->24070K(24256K) Class: 4869K(5120K)->4869K(5120K)
[3351.973s][info][gc             ] GC(733) Pause Young (Prepare Mixed) (G1 Evacuation Pause) 3622M->1454M(4096M) 120.773ms
[3351.973s][info][gc,cpu         ] GC(733) User=0.71s Sys=0.00s Real=0.12s
....[3355.112s][info][gc,start       ] GC(734) Pause Young (Mixed) (G1 Evacuation Pause)
[3355.113s][info][gc,task        ] GC(734) Using 6 workers of 6 for evacuation
[3355.252s][info][gc,phases      ] GC(734)   Pre Evacuate Collection Set: 0.35ms
[3355.252s][info][gc,phases      ] GC(734)   Merge Heap Roots: 0.65ms
[3355.252s][info][gc,phases      ] GC(734)   Evacuate Collection Set: 136.91ms
[3355.252s][info][gc,phases      ] GC(734)   Post Evacuate Collection Set: 0.98ms
[3355.252s][info][gc,phases      ] GC(734)   Other: 0.09ms
[3355.252s][info][gc,heap        ] GC(734) Eden regions: 1103->0(1115)
[3355.252s][info][gc,heap        ] GC(734) Survivor regions: 113->113(152)
[3355.252s][info][gc,heap        ] GC(734) Old regions: 536->470
[3355.252s][info][gc,heap        ] GC(734) Humongous regions: 80->80
[3355.252s][info][gc,metaspace   ] GC(734) Metaspace: 28940K(29376K)->28940K(29376K) NonClass: 24070K(24256K)->24070K(24256K) Class: 4869K(5120K)->4869K(5120K)
[3355.252s][info][gc             ] GC(734) Pause Young (Mixed) (G1 Evacuation Pause) 3660M->1323M(4096M) 139.109ms
[3355.252s][info][gc,cpu         ] GC(734) User=0.82s Sys=0.00s Real=0.14s
...[3358.305s][info][gc,start       ] GC(735) Pause Young (Concurrent Start) (G1 Evacuation Pause)
[3358.305s][info][gc,task        ] GC(735) Using 6 workers of 6 for evacuation
[3358.421s][info][gc,phases      ] GC(735)   Pre Evacuate Collection Set: 0.38ms
[3358.421s][info][gc,phases      ] GC(735)   Merge Heap Roots: 0.45ms
[3358.421s][info][gc,phases      ] GC(735)   Evacuate Collection Set: 113.51ms
[3358.421s][info][gc,phases      ] GC(735)   Post Evacuate Collection Set: 0.87ms
[3358.421s][info][gc,phases      ] GC(735)   Other: 0.11ms
[3358.421s][info][gc,heap        ] GC(735) Eden regions: 1115->0(1119)
[3358.421s][info][gc,heap        ] GC(735) Survivor regions: 113->109(154)
[3358.421s][info][gc,heap        ] GC(735) Old regions: 470->502
[3358.421s][info][gc,heap        ] GC(735) Humongous regions: 80->80
[3358.421s][info][gc,metaspace   ] GC(735) Metaspace: 28940K(29376K)->28940K(29376K) NonClass: 24070K(24256K)->24070K(24256K) Class: 4869K(5120K)->4869K(5120K)
[3358.421s][info][gc             ] GC(735) Pause Young (Concurrent Start) (G1 Evacuation Pause) 3553M->1378M(4096M) 115.454ms
[3358.421s][info][gc             ] GC(736) Concurrent Mark Cycle
[3358.421s][info][gc,marking     ] GC(736) Concurrent Scan Root Regions
[3358.421s][info][gc,cpu         ] GC(735) User=0.69s Sys=0.00s Real=0.12s
[3358.587s][info][gc,marking     ] GC(736) Concurrent Scan Root Regions 166.222ms
[3358.587s][info][gc,marking     ] GC(736) Concurrent Mark
[3358.587s][info][gc,marking     ] GC(736) Concurrent Mark From Roots
[3358.587s][info][gc,task        ] GC(736) Using 2 workers of 2 for marking
.[3359.539s][info][gc,marking     ] GC(736) Concurrent Mark From Roots 951.954ms
[3359.539s][info][gc,marking     ] GC(736) Concurrent Preclean
[3359.539s][info][gc,marking     ] GC(736) Concurrent Preclean 0.081ms
[3359.539s][info][gc,start       ] GC(736) Pause Remark
[3359.544s][info][gc             ] GC(736) Pause Remark 2234M->2234M(4096M) 5.203ms
[3359.544s][info][gc,cpu         ] GC(736) User=0.02s Sys=0.00s Real=0.00s
[3359.545s][info][gc,marking     ] GC(736) Concurrent Mark 957.477ms
[3359.545s][info][gc,marking     ] GC(736) Concurrent Rebuild Remembered Sets and Scrub Regions
[3359.796s][info][gc,marking     ] GC(736) Concurrent Rebuild Remembered Sets and Scrub Regions 251.741ms
[3359.797s][info][gc,start       ] GC(736) Pause Cleanup
[3359.797s][info][gc             ] GC(736) Pause Cleanup 2430M->2430M(4096M) 0.110ms
[3359.797s][info][gc,cpu         ] GC(736) User=0.00s Sys=0.00s Real=0.00s
[3359.797s][info][gc,marking     ] GC(736) Concurrent Clear Claimed Marks
[3359.797s][info][gc,marking     ] GC(736) Concurrent Clear Claimed Marks 0.029ms
[3359.797s][info][gc,marking     ] GC(736) Concurrent Cleanup for Next Mark
[3359.801s][info][gc,marking     ] GC(736) Concurrent Cleanup for Next Mark 3.993ms
[3359.801s][info][gc             ] GC(736) Concurrent Mark Cycle 1380.515ms
..[3361.562s][info][gc,start       ] GC(737) Pause Young (Prepare Mixed) (G1 Evacuation Pause)
[3361.562s][info][gc,task        ] GC(737) Using 6 workers of 6 for evacuation
[3361.680s][info][gc,phases      ] GC(737)   Pre Evacuate Collection Set: 0.36ms
[3361.680s][info][gc,phases      ] GC(737)   Merge Heap Roots: 0.51ms
[3361.680s][info][gc,phases      ] GC(737)   Evacuate Collection Set: 116.55ms
[3361.680s][info][gc,phases      ] GC(737)   Post Evacuate Collection Set: 0.92ms
[3361.680s][info][gc,phases      ] GC(737)   Other: 0.09ms
[3361.680s][info][gc,heap        ] GC(737) Eden regions: 1119->0(1111)
[3361.680s][info][gc,heap        ] GC(737) Survivor regions: 109->110(154)
[3361.680s][info][gc,heap        ] GC(737) Old regions: 502->534
[3361.680s][info][gc,heap        ] GC(737) Humongous regions: 80->80
[3361.680s][info][gc,metaspace   ] GC(737) Metaspace: 28940K(29376K)->28940K(29376K) NonClass: 24070K(24256K)->24070K(24256K) Class: 4869K(5120K)->4869K(5120K)
[3361.680s][info][gc             ] GC(737) Pause Young (Prepare Mixed) (G1 Evacuation Pause) 3616M->1445M(4096M) 118.562ms
[3361.680s][info][gc,cpu         ] GC(737) User=0.70s Sys=0.00s Real=0.12s
...[3364.825s][info][gc,start       ] GC(738) Pause Young (Mixed) (G1 Evacuation Pause)
[3364.825s][info][gc,task        ] GC(738) Using 6 workers of 6 for evacuation
[3364.958s][info][gc,phases      ] GC(738)   Pre Evacuate Collection Set: 0.37ms
[3364.958s][info][gc,phases      ] GC(738)   Merge Heap Roots: 0.68ms
[3364.958s][info][gc,phases      ] GC(738)   Evacuate Collection Set: 131.47ms
[3364.958s][info][gc,phases      ] GC(738)   Post Evacuate Collection Set: 0.94ms
[3364.958s][info][gc,phases      ] GC(738)   Other: 0.09ms
[3364.958s][info][gc,heap        ] GC(738) Eden regions: 1111->0(1119)
[3364.958s][info][gc,heap        ] GC(738) Survivor regions: 110->109(153)
[3364.958s][info][gc,heap        ] GC(738) Old regions: 534->471
[3364.958s][info][gc,heap        ] GC(738) Humongous regions: 80->80
[3364.958s][info][gc,metaspace   ] GC(738) Metaspace: 28940K(29376K)->28940K(29376K) NonClass: 24070K(24256K)->24070K(24256K) Class: 4869K(5120K)->4869K(5120K)
[3364.958s][info][gc             ] GC(738) Pause Young (Mixed) (G1 Evacuation Pause) 3667M->1318M(4096M) 133.687ms
[3364.958s][info][gc,cpu         ] GC(738) User=0.79s Sys=0.01s Real=0.14s
....[3368.075s][info][gc,start       ] GC(739) Pause Young (Concurrent Start) (G1 Evacuation Pause)
[3368.075s][info][gc,task        ] GC(739) Using 6 workers of 6 for evacuation
[3368.195s][info][gc,phases      ] GC(739)   Pre Evacuate Collection Set: 0.41ms
[3368.195s][info][gc,phases      ] GC(739)   Merge Heap Roots: 0.45ms
[3368.195s][info][gc,phases      ] GC(739)   Evacuate Collection Set: 117.62ms
[3368.195s][info][gc,phases      ] GC(739)   Post Evacuate Collection Set: 0.91ms
[3368.195s][info][gc,phases      ] GC(739)   Other: 0.11ms
[3368.195s][info][gc,heap        ] GC(739) Eden regions: 1119->0(1117)
[3368.195s][info][gc,heap        ] GC(739) Survivor regions: 109->111(154)
[3368.195s][info][gc,heap        ] GC(739) Old regions: 471->503
[3368.195s][info][gc,heap        ] GC(739) Humongous regions: 80->80
[3368.195s][info][gc,metaspace   ] GC(739) Metaspace: 28940K(29376K)->28940K(29376K) NonClass: 24070K(24256K)->24070K(24256K) Class: 4869K(5120K)->4869K(5120K)
[3368.195s][info][gc             ] GC(739) Pause Young (Concurrent Start) (G1 Evacuation Pause) 3556M->1385M(4096M) 119.638ms
[3368.195s][info][gc             ] GC(740) Concurrent Mark Cycle
[3368.195s][info][gc,marking     ] GC(740) Concurrent Scan Root Regions
[3368.195s][info][gc,cpu         ] GC(739) User=0.70s Sys=0.00s Real=0.12s
[3368.357s][info][gc,marking     ] GC(740) Concurrent Scan Root Regions 162.224ms
[3368.357s][info][gc,marking     ] GC(740) Concurrent Mark
[3368.357s][info][gc,marking     ] GC(740) Concurrent Mark From Roots
[3368.357s][info][gc,task        ] GC(740) Using 2 workers of 2 for marking
.[3369.051s][info][gc,marking     ] GC(740) Concurrent Mark From Roots 693.442ms
[3369.051s][info][gc,marking     ] GC(740) Concurrent Preclean
[3369.051s][info][gc,marking     ] GC(740) Concurrent Preclean 0.075ms
[3369.051s][info][gc,start       ] GC(740) Pause Remark
[3369.056s][info][gc             ] GC(740) Pause Remark 2064M->2064M(4096M) 4.576ms
[3369.056s][info][gc,cpu         ] GC(740) User=0.02s Sys=0.00s Real=0.00s
[3369.056s][info][gc,marking     ] GC(740) Concurrent Mark 698.334ms
[3369.056s][info][gc,marking     ] GC(740) Concurrent Rebuild Remembered Sets and Scrub Regions
[3369.411s][info][gc,marking     ] GC(740) Concurrent Rebuild Remembered Sets and Scrub Regions 355.466ms
[3369.411s][info][gc,start       ] GC(740) Pause Cleanup
[3369.412s][info][gc             ] GC(740) Pause Cleanup 2299M->2299M(4096M) 0.111ms
[3369.412s][info][gc,cpu         ] GC(740) User=0.00s Sys=0.00s Real=0.00s
[3369.412s][info][gc,marking     ] GC(740) Concurrent Clear Claimed Marks
[3369.412s][info][gc,marking     ] GC(740) Concurrent Clear Claimed Marks 0.027ms
[3369.412s][info][gc,marking     ] GC(740) Concurrent Cleanup for Next Mark
[3369.416s][info][gc,marking     ] GC(740) Concurrent Cleanup for Next Mark 4.295ms
[3369.416s][info][gc             ] GC(740) Concurrent Mark Cycle 1220.814ms
..[3371.254s][info][gc,start       ] GC(741) Pause Young (Prepare Mixed) (G1 Evacuation Pause)
[3371.254s][info][gc,task        ] GC(741) Using 6 workers of 6 for evacuation
[3371.371s][info][gc,phases      ] GC(741)   Pre Evacuate Collection Set: 0.35ms
[3371.371s][info][gc,phases      ] GC(741)   Merge Heap Roots: 0.52ms
[3371.371s][info][gc,phases      ] GC(741)   Evacuate Collection Set: 114.93ms
[3371.371s][info][gc,phases      ] GC(741)   Post Evacuate Collection Set: 0.96ms
[3371.371s][info][gc,phases      ] GC(741)   Other: 0.09ms
[3371.371s][info][gc,heap        ] GC(741) Eden regions: 1117->0(1113)
[3371.371s][info][gc,heap        ] GC(741) Survivor regions: 111->108(154)
[3371.371s][info][gc,heap        ] GC(741) Old regions: 503->536
[3371.371s][info][gc,heap        ] GC(741) Humongous regions: 80->80
[3371.371s][info][gc,metaspace   ] GC(741) Metaspace: 28940K(29376K)->28940K(29376K) NonClass: 24070K(24256K)->24070K(24256K) Class: 4869K(5120K)->4869K(5120K)
[3371.371s][info][gc             ] GC(741) Pause Young (Prepare Mixed) (G1 Evacuation Pause) 3619M->1445M(4096M) 116.998ms
[3371.371s][info][gc,cpu         ] GC(741) User=0.69s Sys=0.01s Real=0.12s
...[3374.539s][info][gc,start       ] GC(742) Pause Young (Mixed) (G1 Evacuation Pause)
[3374.539s][info][gc,task        ] GC(742) Using 6 workers of 6 for evacuation
[3374.672s][info][gc,phases      ] GC(742)   Pre Evacuate Collection Set: 0.39ms
[3374.672s][info][gc,phases      ] GC(742)   Merge Heap Roots: 0.64ms
[3374.672s][info][gc,phases      ] GC(742)   Evacuate Collection Set: 131.02ms
[3374.672s][info][gc,phases      ] GC(742)   Post Evacuate Collection Set: 0.95ms
[3374.672s][info][gc,phases      ] GC(742)   Other: 0.09ms
[3374.672s][info][gc,heap        ] GC(742) Eden regions: 1113->0(1119)
[3374.672s][info][gc,heap        ] GC(742) Survivor regions: 108->109(153)
[3374.672s][info][gc,heap        ] GC(742) Old regions: 536->473
[3374.672s][info][gc,heap        ] GC(742) Humongous regions: 80->80
[3374.672s][info][gc,metaspace   ] GC(742) Metaspace: 28940K(29376K)->28940K(29376K) NonClass: 24070K(24256K)->24070K(24256K) Class: 4869K(5120K)->4869K(5120K)
[3374.672s][info][gc             ] GC(742) Pause Young (Mixed) (G1 Evacuation Pause) 3671M->1321M(4096M) 133.231ms
[3374.672s][info][gc,cpu         ] GC(742) User=0.79s Sys=0.00s Real=0.13s
...[3377.768s][info][gc,start       ] GC(743) Pause Young (Concurrent Start) (G1 Evacuation Pause)
[3377.768s][info][gc,task        ] GC(743) Using 6 workers of 6 for evacuation
[3377.891s][info][gc,phases      ] GC(743)   Pre Evacuate Collection Set: 0.36ms
[3377.891s][info][gc,phases      ] GC(743)   Merge Heap Roots: 0.48ms
[3377.891s][info][gc,phases      ] GC(743)   Evacuate Collection Set: 121.10ms
[3377.891s][info][gc,phases      ] GC(743)   Post Evacuate Collection Set: 0.89ms
[3377.891s][info][gc,phases      ] GC(743)   Other: 0.12ms
[3377.891s][info][gc,heap        ] GC(743) Eden regions: 1119->0(1114)
[3377.891s][info][gc,heap        ] GC(743) Survivor regions: 109->114(154)
[3377.891s][info][gc,heap        ] GC(743) Old regions: 473->504
[3377.891s][info][gc,heap        ] GC(743) Humongous regions: 80->80
[3377.891s][info][gc,metaspace   ] GC(743) Metaspace: 28940K(29376K)->28940K(29376K) NonClass: 24070K(24256K)->24070K(24256K) Class: 4869K(5120K)->4869K(5120K)
[3377.891s][info][gc             ] GC(743) Pause Young (Concurrent Start) (G1 Evacuation Pause) 3559M->1393M(4096M) 123.083ms
[3377.891s][info][gc             ] GC(744) Concurrent Mark Cycle
[3377.891s][info][gc,marking     ] GC(744) Concurrent Scan Root Regions
[3377.891s][info][gc,cpu         ] GC(743) User=0.73s Sys=0.00s Real=0.12s
.[3378.068s][info][gc,marking     ] GC(744) Concurrent Scan Root Regions 177.095ms
[3378.068s][info][gc,marking     ] GC(744) Concurrent Mark
[3378.068s][info][gc,marking     ] GC(744) Concurrent Mark From Roots
[3378.068s][info][gc,task        ] GC(744) Using 2 workers of 2 for marking
.[3379.052s][info][gc,marking     ] GC(744) Concurrent Mark From Roots 983.880ms
[3379.052s][info][gc,marking     ] GC(744) Concurrent Preclean
[3379.052s][info][gc,marking     ] GC(744) Concurrent Preclean 0.083ms
[3379.052s][info][gc,start       ] GC(744) Pause Remark
[3379.059s][info][gc             ] GC(744) Pause Remark 2269M->2269M(4096M) 6.459ms
[3379.059s][info][gc,cpu         ] GC(744) User=0.04s Sys=0.00s Real=0.01s
[3379.059s][info][gc,marking     ] GC(744) Concurrent Mark 990.669ms
[3379.059s][info][gc,marking     ] GC(744) Concurrent Rebuild Remembered Sets and Scrub Regions
[3379.419s][info][gc,marking     ] GC(744) Concurrent Rebuild Remembered Sets and Scrub Regions 359.689ms
[3379.419s][info][gc,start       ] GC(744) Pause Cleanup
[3379.419s][info][gc             ] GC(744) Pause Cleanup 2521M->2521M(4096M) 0.099ms
[3379.419s][info][gc,cpu         ] GC(744) User=0.00s Sys=0.00s Real=0.00s
[3379.419s][info][gc,marking     ] GC(744) Concurrent Clear Claimed Marks
[3379.419s][info][gc,marking     ] GC(744) Concurrent Clear Claimed Marks 0.023ms
[3379.419s][info][gc,marking     ] GC(744) Concurrent Cleanup for Next Mark
[3379.424s][info][gc,marking     ] GC(744) Concurrent Cleanup for Next Mark 4.742ms
[3379.424s][info][gc             ] GC(744) Concurrent Mark Cycle 1532.635ms
.[3380.970s][info][gc,start       ] GC(745) Pause Young (Prepare Mixed) (G1 Evacuation Pause)
[3380.970s][info][gc,task        ] GC(745) Using 6 workers of 6 for evacuation
[3381.090s][info][gc,phases      ] GC(745)   Pre Evacuate Collection Set: 0.32ms
[3381.090s][info][gc,phases      ] GC(745)   Merge Heap Roots: 0.50ms
[3381.090s][info][gc,phases      ] GC(745)   Evacuate Collection Set: 118.44ms
[3381.090s][info][gc,phases      ] GC(745)   Post Evacuate Collection Set: 0.94ms
[3381.090s][info][gc,phases      ] GC(745)   Other: 0.09ms
[3381.090s][info][gc,heap        ] GC(745) Eden regions: 1114->0(1109)
[3381.090s][info][gc,heap        ] GC(745) Survivor regions: 114->110(154)
[3381.090s][info][gc,heap        ] GC(745) Old regions: 504->536
[3381.090s][info][gc,heap        ] GC(745) Humongous regions: 80->80
[3381.090s][info][gc,metaspace   ] GC(745) Metaspace: 28940K(29376K)->28940K(29376K) NonClass: 24070K(24256K)->24070K(24256K) Class: 4869K(5120K)->4869K(5120K)
[3381.090s][info][gc             ] GC(745) Pause Young (Prepare Mixed) (G1 Evacuation Pause) 3621M->1450M(4096M) 120.413ms
[3381.090s][info][gc,cpu         ] GC(745) User=0.72s Sys=0.00s Real=0.12s
....[3384.209s][info][gc,start       ] GC(746) Pause Young (Mixed) (G1 Evacuation Pause)
[3384.209s][info][gc,task        ] GC(746) Using 6 workers of 6 for evacuation
[3384.344s][info][gc,phases      ] GC(746)   Pre Evacuate Collection Set: 0.44ms
[3384.344s][info][gc,phases      ] GC(746)   Merge Heap Roots: 0.71ms
[3384.344s][info][gc,phases      ] GC(746)   Evacuate Collection Set: 132.39ms
[3384.344s][info][gc,phases      ] GC(746)   Post Evacuate Collection Set: 0.93ms
[3384.344s][info][gc,phases      ] GC(746)   Other: 0.09ms
[3384.344s][info][gc,heap        ] GC(746) Eden regions: 1109->0(1120)
[3384.344s][info][gc,heap        ] GC(746) Survivor regions: 110->108(153)
[3384.344s][info][gc,heap        ] GC(746) Old regions: 536->472
[3384.344s][info][gc,heap        ] GC(746) Humongous regions: 80->80
[3384.344s][info][gc,metaspace   ] GC(746) Metaspace: 28940K(29376K)->28940K(29376K) NonClass: 24070K(24256K)->24070K(24256K) Class: 4869K(5120K)->4869K(5120K)
[3384.344s][info][gc             ] GC(746) Pause Young (Mixed) (G1 Evacuation Pause) 3668M->1316M(4096M) 134.695ms
[3384.344s][info][gc,cpu         ] GC(746) User=0.80s Sys=0.01s Real=0.13s
.. (rIR:aIR:PR = 5812:5811:5811) (tPR = 86941) [OK] 
  3385s: Performance info:
         Transaction,    Success,    Partial,     Failed,   Receipts, AvgBarcode, 
             Overall,     350067,          0,          0,     332553,      59.47, 
         Response times:
             Request,    Success,    Partial,     Failed,   SkipFail,     Probes,    Samples,      min,      p50,      p90,      p95,      p99,      max, 
       TotalPurchase,     332551,          0,          0,          0,     325388,     359596,      300,     4800,    12900,    36000,    86000,   239000,
     InStorePurchase,     175000,          0,          0,          0,     171799,     189537,      300,     4900,    13100,    37000,    86000,   210000,
      OnlinePurchase,     122561,          0,          0,          0,     119742,     132305,      300,     4700,    12700,    35000,    88000,   239000,
        InstPurchase,      34990,          0,          0,          0,      33847,      37754,      400,     4400,    12900,    33250,    82000,   182000,
          AssocOfCat,        351,          0,          0,          0,        279,        390,    25000,    34000,    64900,    84000,   152720,   188000,
      AssocOfProduct,       3501,          0,          0,          0,       3244,       3800,      400,     3700,     9700,    26950,    76990,   154000,
      BusinessReport,        875,          0,          0,          0,        768,        928,    24000,    36000,    58000,    79550,   158710,   193000,
          CustBuyBeh,       3496,          0,          0,          0,       3250,       3826,      500,     4300,    11600,    35650,    81000,   211000,
       ProductReturn,       9290,          0,          0,          0,       8855,      10124,      300,     3700,    10800,    30000,    67000,   181000,

  3385s: (43%)   IR =   5950 .[3387.430s][info][gc,start       ] GC(747) Pause Young (Concurrent Start) (G1 Evacuation Pause)
[3387.430s][info][gc,task        ] GC(747) Using 6 workers of 6 for evacuation
[3387.551s][info][gc,phases      ] GC(747)   Pre Evacuate Collection Set: 0.37ms
[3387.551s][info][gc,phases      ] GC(747)   Merge Heap Roots: 0.48ms
[3387.551s][info][gc,phases      ] GC(747)   Evacuate Collection Set: 119.31ms
[3387.551s][info][gc,phases      ] GC(747)   Post Evacuate Collection Set: 0.93ms
[3387.551s][info][gc,phases      ] GC(747)   Other: 0.11ms
[3387.551s][info][gc,heap        ] GC(747) Eden regions: 1120->0(1116)
[3387.551s][info][gc,heap        ] GC(747) Survivor regions: 108->112(154)
[3387.551s][info][gc,heap        ] GC(747) Old regions: 472->503
[3387.551s][info][gc,heap        ] GC(747) Humongous regions: 80->80
[3387.551s][info][gc,metaspace   ] GC(747) Metaspace: 28940K(29376K)->28940K(29376K) NonClass: 24070K(24256K)->24070K(24256K) Class: 4869K(5120K)->4869K(5120K)
[3387.551s][info][gc             ] GC(747) Pause Young (Concurrent Start) (G1 Evacuation Pause) 3556M->1388M(4096M) 121.329ms
[3387.551s][info][gc             ] GC(748) Concurrent Mark Cycle
[3387.551s][info][gc,marking     ] GC(748) Concurrent Scan Root Regions
[3387.551s][info][gc,cpu         ] GC(747) User=0.72s Sys=0.00s Real=0.12s
[3387.728s][info][gc,marking     ] GC(748) Concurrent Scan Root Regions 176.998ms
[3387.728s][info][gc,marking     ] GC(748) Concurrent Mark
[3387.728s][info][gc,marking     ] GC(748) Concurrent Mark From Roots
[3387.728s][info][gc,task        ] GC(748) Using 2 workers of 2 for marking
.[3388.673s][info][gc,marking     ] GC(748) Concurrent Mark From Roots 944.927ms
[3388.673s][info][gc,marking     ] GC(748) Concurrent Preclean
[3388.673s][info][gc,marking     ] GC(748) Concurrent Preclean 0.098ms
[3388.673s][info][gc,start       ] GC(748) Pause Remark
[3388.679s][info][gc             ] GC(748) Pause Remark 2247M->2247M(4096M) 5.697ms
[3388.679s][info][gc,cpu         ] GC(748) User=0.03s Sys=0.00s Real=0.01s
[3388.679s][info][gc,marking     ] GC(748) Concurrent Mark 951.023ms
[3388.679s][info][gc,marking     ] GC(748) Concurrent Rebuild Remembered Sets and Scrub Regions
[3388.946s][info][gc,marking     ] GC(748) Concurrent Rebuild Remembered Sets and Scrub Regions 266.889ms
[3388.947s][info][gc,start       ] GC(748) Pause Cleanup
[3388.947s][info][gc             ] GC(748) Pause Cleanup 2450M->2450M(4096M) 0.112ms
[3388.947s][info][gc,cpu         ] GC(748) User=0.00s Sys=0.00s Real=0.00s
[3388.947s][info][gc,marking     ] GC(748) Concurrent Clear Claimed Marks
[3388.947s][info][gc,marking     ] GC(748) Concurrent Clear Claimed Marks 0.033ms
[3388.947s][info][gc,marking     ] GC(748) Concurrent Cleanup for Next Mark
[3388.951s][info][gc,marking     ] GC(748) Concurrent Cleanup for Next Mark 4.251ms
[3388.951s][info][gc             ] GC(748) Concurrent Mark Cycle 1400.239ms
..[3390.611s][info][gc,start       ] GC(749) Pause Young (Prepare Mixed) (G1 Evacuation Pause)
[3390.611s][info][gc,task        ] GC(749) Using 6 workers of 6 for evacuation
[3390.732s][info][gc,phases      ] GC(749)   Pre Evacuate Collection Set: 0.34ms
[3390.732s][info][gc,phases      ] GC(749)   Merge Heap Roots: 0.52ms
[3390.732s][info][gc,phases      ] GC(749)   Evacuate Collection Set: 119.14ms
[3390.732s][info][gc,phases      ] GC(749)   Post Evacuate Collection Set: 0.94ms
[3390.732s][info][gc,phases      ] GC(749)   Other: 0.08ms
[3390.732s][info][gc,heap        ] GC(749) Eden regions: 1116->0(1103)
[3390.732s][info][gc,heap        ] GC(749) Survivor regions: 112->114(154)
[3390.732s][info][gc,heap        ] GC(749) Old regions: 503->534
[3390.732s][info][gc,heap        ] GC(749) Humongous regions: 80->80
[3390.732s][info][gc,metaspace   ] GC(749) Metaspace: 28940K(29376K)->28940K(29376K) NonClass: 24070K(24256K)->24070K(24256K) Class: 4869K(5120K)->4869K(5120K)
[3390.732s][info][gc             ] GC(749) Pause Young (Prepare Mixed) (G1 Evacuation Pause) 3620M->1453M(4096M) 121.158ms
[3390.732s][info][gc,cpu         ] GC(749) User=0.71s Sys=0.00s Real=0.12s
.|..[3393.791s][info][gc,start       ] GC(750) Pause Young (Mixed) (G1 Evacuation Pause)
[3393.791s][info][gc,task        ] GC(750) Using 6 workers of 6 for evacuation
[3393.928s][info][gc,phases      ] GC(750)   Pre Evacuate Collection Set: 0.39ms
[3393.928s][info][gc,phases      ] GC(750)   Merge Heap Roots: 0.72ms
[3393.928s][info][gc,phases      ] GC(750)   Evacuate Collection Set: 135.33ms
[3393.928s][info][gc,phases      ] GC(750)   Post Evacuate Collection Set: 0.96ms
[3393.928s][info][gc,phases      ] GC(750)   Other: 0.09ms
[3393.929s][info][gc,heap        ] GC(750) Eden regions: 1103->0(1115)
[3393.929s][info][gc,heap        ] GC(750) Survivor regions: 114->113(153)
[3393.929s][info][gc,heap        ] GC(750) Old regions: 534->471
[3393.929s][info][gc,heap        ] GC(750) Humongous regions: 80->80
[3393.929s][info][gc,metaspace   ] GC(750) Metaspace: 28940K(29376K)->28940K(29376K) NonClass: 24070K(24256K)->24070K(24256K) Class: 4869K(5120K)->4869K(5120K)
[3393.929s][info][gc             ] GC(750) Pause Young (Mixed) (G1 Evacuation Pause) 3659M->1326M(4096M) 137.619ms
[3393.929s][info][gc,cpu         ] GC(750) User=0.82s Sys=0.00s Real=0.14s
...[3396.885s][info][gc,start       ] GC(751) Pause Young (Concurrent Start) (G1 Evacuation Pause)
[3396.885s][info][gc,task        ] GC(751) Using 6 workers of 6 for evacuation
[3397.001s][info][gc,phases      ] GC(751)   Pre Evacuate Collection Set: 0.40ms
[3397.001s][info][gc,phases      ] GC(751)   Merge Heap Roots: 0.47ms
[3397.001s][info][gc,phases      ] GC(751)   Evacuate Collection Set: 114.67ms
[3397.001s][info][gc,phases      ] GC(751)   Post Evacuate Collection Set: 0.90ms
[3397.001s][info][gc,phases      ] GC(751)   Other: 0.12ms
[3397.001s][info][gc,heap        ] GC(751) Eden regions: 1115->0(1121)
[3397.001s][info][gc,heap        ] GC(751) Survivor regions: 113->107(154)
[3397.001s][info][gc,heap        ] GC(751) Old regions: 471->504
[3397.001s][info][gc,heap        ] GC(751) Humongous regions: 80->80
[3397.001s][info][gc,metaspace   ] GC(751) Metaspace: 28940K(29376K)->28940K(29376K) NonClass: 24070K(24256K)->24070K(24256K) Class: 4869K(5120K)->4869K(5120K)
[3397.001s][info][gc             ] GC(751) Pause Young (Concurrent Start) (G1 Evacuation Pause) 3556M->1378M(4096M) 116.691ms
[3397.001s][info][gc             ] GC(752) Concurrent Mark Cycle
[3397.001s][info][gc,marking     ] GC(752) Concurrent Scan Root Regions
[3397.001s][info][gc,cpu         ] GC(751) User=0.69s Sys=0.00s Real=0.12s
.[3397.170s][info][gc,marking     ] GC(752) Concurrent Scan Root Regions 168.715ms
[3397.170s][info][gc,marking     ] GC(752) Concurrent Mark
[3397.170s][info][gc,marking     ] GC(752) Concurrent Mark From Roots
[3397.170s][info][gc,task        ] GC(752) Using 2 workers of 2 for marking
[3398.006s][info][gc,marking     ] GC(752) Concurrent Mark From Roots 836.015ms
[3398.006s][info][gc,marking     ] GC(752) Concurrent Preclean
[3398.006s][info][gc,marking     ] GC(752) Concurrent Preclean 0.134ms
[3398.007s][info][gc,start       ] GC(752) Pause Remark
[3398.012s][info][gc             ] GC(752) Pause Remark 2134M->2134M(4096M) 5.401ms
[3398.012s][info][gc,cpu         ] GC(752) User=0.03s Sys=0.00s Real=0.00s
[3398.013s][info][gc,marking     ] GC(752) Concurrent Mark 842.515ms
[3398.013s][info][gc,marking     ] GC(752) Concurrent Rebuild Remembered Sets and Scrub Regions
.[3398.246s][info][gc,marking     ] GC(752) Concurrent Rebuild Remembered Sets and Scrub Regions 233.527ms
[3398.246s][info][gc,start       ] GC(752) Pause Cleanup
[3398.246s][info][gc             ] GC(752) Pause Cleanup 2272M->2272M(4096M) 0.105ms
[3398.246s][info][gc,cpu         ] GC(752) User=0.00s Sys=0.00s Real=0.00s
[3398.246s][info][gc,marking     ] GC(752) Concurrent Clear Claimed Marks
[3398.246s][info][gc,marking     ] GC(752) Concurrent Clear Claimed Marks 0.022ms
[3398.246s][info][gc,marking     ] GC(752) Concurrent Cleanup for Next Mark
[3398.251s][info][gc,marking     ] GC(752) Concurrent Cleanup for Next Mark 4.876ms
[3398.251s][info][gc             ] GC(752) Concurrent Mark Cycle 1250.159ms
.[3400.086s][info][gc,start       ] GC(753) Pause Young (Prepare Mixed) (G1 Evacuation Pause)
[3400.086s][info][gc,task        ] GC(753) Using 6 workers of 6 for evacuation
[3400.203s][info][gc,phases      ] GC(753)   Pre Evacuate Collection Set: 0.34ms
[3400.203s][info][gc,phases      ] GC(753)   Merge Heap Roots: 0.50ms
[3400.203s][info][gc,phases      ] GC(753)   Evacuate Collection Set: 114.46ms
[3400.203s][info][gc,phases      ] GC(753)   Post Evacuate Collection Set: 0.92ms
[3400.203s][info][gc,phases      ] GC(753)   Other: 0.08ms
[3400.203s][info][gc,heap        ] GC(753) Eden regions: 1121->0(1111)
[3400.203s][info][gc,heap        ] GC(753) Survivor regions: 107->109(154)
[3400.203s][info][gc,heap        ] GC(753) Old regions: 504->536
[3400.203s][info][gc,heap        ] GC(753) Humongous regions: 80->80
[3400.203s][info][gc,metaspace   ] GC(753) Metaspace: 28940K(29376K)->28940K(29376K) NonClass: 24070K(24256K)->24070K(24256K) Class: 4869K(5120K)->4869K(5120K)
[3400.203s][info][gc             ] GC(753) Pause Young (Prepare Mixed) (G1 Evacuation Pause) 3620M->1446M(4096M) 116.433ms
[3400.203s][info][gc,cpu         ] GC(753) User=0.68s Sys=0.00s Real=0.11s
....[3403.302s][info][gc,start       ] GC(754) Pause Young (Mixed) (G1 Evacuation Pause)
[3403.302s][info][gc,task        ] GC(754) Using 6 workers of 6 for evacuation
[3403.436s][info][gc,phases      ] GC(754)   Pre Evacuate Collection Set: 0.38ms
[3403.436s][info][gc,phases      ] GC(754)   Merge Heap Roots: 0.63ms
[3403.436s][info][gc,phases      ] GC(754)   Evacuate Collection Set: 132.52ms
[3403.436s][info][gc,phases      ] GC(754)   Post Evacuate Collection Set: 0.95ms
[3403.436s][info][gc,phases      ] GC(754)   Other: 0.09ms
[3403.436s][info][gc,heap        ] GC(754) Eden regions: 1111->0(1117)
[3403.436s][info][gc,heap        ] GC(754) Survivor regions: 109->111(153)
[3403.436s][info][gc,heap        ] GC(754) Old regions: 536->473
[3403.436s][info][gc,heap        ] GC(754) Humongous regions: 80->80
[3403.436s][info][gc,metaspace   ] GC(754) Metaspace: 28940K(29376K)->28940K(29376K) NonClass: 24070K(24256K)->24070K(24256K) Class: 4869K(5120K)->4869K(5120K)
[3403.436s][info][gc             ] GC(754) Pause Young (Mixed) (G1 Evacuation Pause) 3668M->1325M(4096M) 134.706ms
[3403.436s][info][gc,cpu         ] GC(754) User=0.79s Sys=0.00s Real=0.14s
...[3406.410s][info][gc,start       ] GC(755) Pause Young (Concurrent Start) (G1 Evacuation Pause)
[3406.410s][info][gc,task        ] GC(755) Using 6 workers of 6 for evacuation
[3406.527s][info][gc,phases      ] GC(755)   Pre Evacuate Collection Set: 0.40ms
[3406.527s][info][gc,phases      ] GC(755)   Merge Heap Roots: 0.47ms
[3406.527s][info][gc,phases      ] GC(755)   Evacuate Collection Set: 115.09ms
[3406.527s][info][gc,phases      ] GC(755)   Post Evacuate Collection Set: 0.90ms
[3406.527s][info][gc,phases      ] GC(755)   Other: 0.10ms
[3406.527s][info][gc,heap        ] GC(755) Eden regions: 1117->0(1119)
[3406.527s][info][gc,heap        ] GC(755) Survivor regions: 111->109(154)
[3406.527s][info][gc,heap        ] GC(755) Old regions: 473->505
[3406.527s][info][gc,heap        ] GC(755) Humongous regions: 80->80
[3406.527s][info][gc,metaspace   ] GC(755) Metaspace: 28940K(29376K)->28940K(29376K) NonClass: 24070K(24256K)->24070K(24256K) Class: 4869K(5120K)->4869K(5120K)
[3406.527s][info][gc             ] GC(755) Pause Young (Concurrent Start) (G1 Evacuation Pause) 3559M->1385M(4096M) 117.094ms
[3406.527s][info][gc             ] GC(756) Concurrent Mark Cycle
[3406.527s][info][gc,marking     ] GC(756) Concurrent Scan Root Regions
[3406.527s][info][gc,cpu         ] GC(755) User=0.69s Sys=0.00s Real=0.12s
[3406.663s][info][gc,marking     ] GC(756) Concurrent Scan Root Regions 135.875ms
[3406.663s][info][gc,marking     ] GC(756) Concurrent Mark
[3406.663s][info][gc,marking     ] GC(756) Concurrent Mark From Roots
[3406.663s][info][gc,task        ] GC(756) Using 2 workers of 2 for marking
.[3407.298s][info][gc,marking     ] GC(756) Concurrent Mark From Roots 635.269ms
[3407.298s][info][gc,marking     ] GC(756) Concurrent Preclean
[3407.298s][info][gc,marking     ] GC(756) Concurrent Preclean 0.096ms
[3407.298s][info][gc,start       ] GC(756) Pause Remark
[3407.303s][info][gc             ] GC(756) Pause Remark 1942M->1942M(4096M) 5.000ms
[3407.304s][info][gc,cpu         ] GC(756) User=0.03s Sys=0.00s Real=0.00s
[3407.304s][info][gc,marking     ] GC(756) Concurrent Mark 640.606ms
[3407.304s][info][gc,marking     ] GC(756) Concurrent Rebuild Remembered Sets and Scrub Regions
[3407.555s][info][gc,marking     ] GC(756) Concurrent Rebuild Remembered Sets and Scrub Regions 251.651ms
[3407.556s][info][gc,start       ] GC(756) Pause Cleanup
[3407.557s][info][gc             ] GC(756) Pause Cleanup 2133M->2133M(4096M) 0.122ms
[3407.557s][info][gc,cpu         ] GC(756) User=0.00s Sys=0.00s Real=0.00s
[3407.557s][info][gc,marking     ] GC(756) Concurrent Clear Claimed Marks
[3407.557s][info][gc,marking     ] GC(756) Concurrent Clear Claimed Marks 0.031ms
[3407.557s][info][gc,marking     ] GC(756) Concurrent Cleanup for Next Mark
[3407.563s][info][gc,marking     ] GC(756) Concurrent Cleanup for Next Mark 5.724ms
[3407.563s][info][gc             ] GC(756) Concurrent Mark Cycle 1036.115ms
..[3409.559s][info][gc,start       ] GC(757) Pause Young (Prepare Mixed) (G1 Evacuation Pause)
[3409.559s][info][gc,task        ] GC(757) Using 6 workers of 6 for evacuation
[3409.678s][info][gc,phases      ] GC(757)   Pre Evacuate Collection Set: 0.32ms
[3409.678s][info][gc,phases      ] GC(757)   Merge Heap Roots: 0.51ms
[3409.678s][info][gc,phases      ] GC(757)   Evacuate Collection Set: 117.21ms
[3409.678s][info][gc,phases      ] GC(757)   Post Evacuate Collection Set: 0.92ms
[3409.678s][info][gc,phases      ] GC(757)   Other: 0.09ms
[3409.678s][info][gc,heap        ] GC(757) Eden regions: 1119->0(1110)
[3409.678s][info][gc,heap        ] GC(757) Survivor regions: 109->109(154)
[3409.678s][info][gc,heap        ] GC(757) Old regions: 505->537
[3409.678s][info][gc,heap        ] GC(757) Humongous regions: 80->80
[3409.678s][info][gc,metaspace   ] GC(757) Metaspace: 28940K(29376K)->28940K(29376K) NonClass: 24070K(24256K)->24070K(24256K) Class: 4869K(5120K)->4869K(5120K)
[3409.678s][info][gc             ] GC(757) Pause Young (Prepare Mixed) (G1 Evacuation Pause) 3623M->1449M(4096M) 119.192ms
[3409.678s][info][gc,cpu         ] GC(757) User=0.70s Sys=0.00s Real=0.12s
...[3412.716s][info][gc,start       ] GC(758) Pause Young (Mixed) (G1 Evacuation Pause)
[3412.716s][info][gc,task        ] GC(758) Using 6 workers of 6 for evacuation
[3412.852s][info][gc,phases      ] GC(758)   Pre Evacuate Collection Set: 0.37ms
[3412.852s][info][gc,phases      ] GC(758)   Merge Heap Roots: 0.69ms
[3412.852s][info][gc,phases      ] GC(758)   Evacuate Collection Set: 133.82ms
[3412.852s][info][gc,phases      ] GC(758)   Post Evacuate Collection Set: 0.94ms
[3412.852s][info][gc,phases      ] GC(758)   Other: 0.09ms
[3412.852s][info][gc,heap        ] GC(758) Eden regions: 1110->0(1116)
[3412.852s][info][gc,heap        ] GC(758) Survivor regions: 109->112(153)
[3412.852s][info][gc,heap        ] GC(758) Old regions: 537->471
[3412.852s][info][gc,heap        ] GC(758) Humongous regions: 80->80
[3412.852s][info][gc,metaspace   ] GC(758) Metaspace: 28940K(29376K)->28940K(29376K) NonClass: 24070K(24256K)->24070K(24256K) Class: 4869K(5120K)->4869K(5120K)
[3412.852s][info][gc             ] GC(758) Pause Young (Mixed) (G1 Evacuation Pause) 3669M->1323M(4096M) 136.067ms
[3412.852s][info][gc,cpu         ] GC(758) User=0.81s Sys=0.00s Real=0.13s
...[3415.887s][info][gc,start       ] GC(759) Pause Young (Concurrent Start) (G1 Evacuation Pause)
[3415.888s][info][gc,task        ] GC(759) Using 6 workers of 6 for evacuation
[3416.005s][info][gc,phases      ] GC(759)   Pre Evacuate Collection Set: 0.38ms
[3416.005s][info][gc,phases      ] GC(759)   Merge Heap Roots: 0.50ms
[3416.005s][info][gc,phases      ] GC(759)   Evacuate Collection Set: 115.23ms
[3416.005s][info][gc,phases      ] GC(759)   Post Evacuate Collection Set: 0.88ms
[3416.005s][info][gc,phases      ] GC(759)   Other: 0.12ms
[3416.005s][info][gc,heap        ] GC(759) Eden regions: 1116->0(1120)
[3416.005s][info][gc,heap        ] GC(759) Survivor regions: 112->108(154)
[3416.005s][info][gc,heap        ] GC(759) Old regions: 471->503
[3416.005s][info][gc,heap        ] GC(759) Humongous regions: 80->80
[3416.005s][info][gc,metaspace   ] GC(759) Metaspace: 28940K(29376K)->28940K(29376K) NonClass: 24070K(24256K)->24070K(24256K) Class: 4869K(5120K)->4869K(5120K)
[3416.005s][info][gc             ] GC(759) Pause Young (Concurrent Start) (G1 Evacuation Pause) 3555M->1379M(4096M) 117.260ms
[3416.005s][info][gc             ] GC(760) Concurrent Mark Cycle
[3416.005s][info][gc,marking     ] GC(760) Concurrent Scan Root Regions
[3416.005s][info][gc,cpu         ] GC(759) User=0.69s Sys=0.00s Real=0.11s
[3416.173s][info][gc,marking     ] GC(760) Concurrent Scan Root Regions 168.352ms
[3416.173s][info][gc,marking     ] GC(760) Concurrent Mark
[3416.173s][info][gc,marking     ] GC(760) Concurrent Mark From Roots
[3416.173s][info][gc,task        ] GC(760) Using 2 workers of 2 for marking
.[3417.156s][info][gc,marking     ] GC(760) Concurrent Mark From Roots 983.116ms
[3417.156s][info][gc,marking     ] GC(760) Concurrent Preclean
[3417.156s][info][gc,marking     ] GC(760) Concurrent Preclean 0.114ms
[3417.157s][info][gc,start       ] GC(760) Pause Remark
[3417.162s][info][gc             ] GC(760) Pause Remark 2239M->2239M(4096M) 5.506ms
[3417.162s][info][gc,cpu         ] GC(760) User=0.03s Sys=0.00s Real=0.00s
[3417.165s][info][gc,marking     ] GC(760) Concurrent Mark 991.535ms
[3417.165s][info][gc,marking     ] GC(760) Concurrent Rebuild Remembered Sets and Scrub Regions
.[3417.529s][info][gc,marking     ] GC(760) Concurrent Rebuild Remembered Sets and Scrub Regions 363.982ms
[3417.529s][info][gc,start       ] GC(760) Pause Cleanup
[3417.529s][info][gc             ] GC(760) Pause Cleanup 2502M->2502M(4096M) 0.112ms
[3417.529s][info][gc,cpu         ] GC(760) User=0.00s Sys=0.00s Real=0.00s
[3417.529s][info][gc,marking     ] GC(760) Concurrent Clear Claimed Marks
[3417.529s][info][gc,marking     ] GC(760) Concurrent Clear Claimed Marks 0.025ms
[3417.529s][info][gc,marking     ] GC(760) Concurrent Cleanup for Next Mark
[3417.533s][info][gc,marking     ] GC(760) Concurrent Cleanup for Next Mark 3.764ms
[3417.533s][info][gc             ] GC(760) Concurrent Mark Cycle 1528.286ms
.[3419.077s][info][gc,start       ] GC(761) Pause Young (Prepare Mixed) (G1 Evacuation Pause)
[3419.077s][info][gc,task        ] GC(761) Using 6 workers of 6 for evacuation
[3419.197s][info][gc,phases      ] GC(761)   Pre Evacuate Collection Set: 0.30ms
[3419.197s][info][gc,phases      ] GC(761)   Merge Heap Roots: 0.47ms
[3419.197s][info][gc,phases      ] GC(761)   Evacuate Collection Set: 118.60ms
[3419.197s][info][gc,phases      ] GC(761)   Post Evacuate Collection Set: 0.91ms
[3419.197s][info][gc,phases      ] GC(761)   Other: 0.09ms
[3419.197s][info][gc,heap        ] GC(761) Eden regions: 1120->0(1106)
[3419.197s][info][gc,heap        ] GC(761) Survivor regions: 108->112(154)
[3419.197s][info][gc,heap        ] GC(761) Old regions: 503->535
[3419.197s][info][gc,heap        ] GC(761) Humongous regions: 80->80
[3419.197s][info][gc,metaspace   ] GC(761) Metaspace: 28940K(29376K)->28940K(29376K) NonClass: 24070K(24256K)->24070K(24256K) Class: 4869K(5120K)->4869K(5120K)
[3419.197s][info][gc             ] GC(761) Pause Young (Prepare Mixed) (G1 Evacuation Pause) 3619M->1451M(4096M) 120.499ms
[3419.197s][info][gc,cpu         ] GC(761) User=0.72s Sys=0.00s Real=0.12s
...[3422.142s][info][gc,start       ] GC(762) Pause Young (Mixed) (G1 Evacuation Pause)
[3422.142s][info][gc,task        ] GC(762) Using 6 workers of 6 for evacuation
[3422.279s][info][gc,phases      ] GC(762)   Pre Evacuate Collection Set: 0.39ms
[3422.279s][info][gc,phases      ] GC(762)   Merge Heap Roots: 0.70ms
[3422.279s][info][gc,phases      ] GC(762)   Evacuate Collection Set: 134.02ms
[3422.279s][info][gc,phases      ] GC(762)   Post Evacuate Collection Set: 0.94ms
[3422.279s][info][gc,phases      ] GC(762)   Other: 0.09ms
[3422.279s][info][gc,heap        ] GC(762) Eden regions: 1106->0(1118)
[3422.279s][info][gc,heap        ] GC(762) Survivor regions: 112->110(153)
[3422.279s][info][gc,heap        ] GC(762) Old regions: 535->472
[3422.279s][info][gc,heap        ] GC(762) Humongous regions: 80->80
[3422.279s][info][gc,metaspace   ] GC(762) Metaspace: 28940K(29376K)->28940K(29376K) NonClass: 24070K(24256K)->24070K(24256K) Class: 4869K(5120K)->4869K(5120K)
[3422.279s][info][gc             ] GC(762) Pause Young (Mixed) (G1 Evacuation Pause) 3663M->1321M(4096M) 136.274ms
[3422.279s][info][gc,cpu         ] GC(762) User=0.81s Sys=0.00s Real=0.14s
...[3425.349s][info][gc,start       ] GC(763) Pause Young (Concurrent Start) (G1 Evacuation Pause)
[3425.349s][info][gc,task        ] GC(763) Using 6 workers of 6 for evacuation
[3425.469s][info][gc,phases      ] GC(763)   Pre Evacuate Collection Set: 0.41ms
[3425.469s][info][gc,phases      ] GC(763)   Merge Heap Roots: 0.55ms
[3425.469s][info][gc,phases      ] GC(763)   Evacuate Collection Set: 116.60ms
[3425.469s][info][gc,phases      ] GC(763)   Post Evacuate Collection Set: 0.87ms
[3425.469s][info][gc,phases      ] GC(763)   Other: 0.91ms
[3425.469s][info][gc,heap        ] GC(763) Eden regions: 1118->0(1119)
[3425.469s][info][gc,heap        ] GC(763) Survivor regions: 110->109(154)
[3425.469s][info][gc,heap        ] GC(763) Old regions: 472->504
[3425.469s][info][gc,heap        ] GC(763) Humongous regions: 80->80
[3425.469s][info][gc,metaspace   ] GC(763) Metaspace: 28940K(29376K)->28940K(29376K) NonClass: 24070K(24256K)->24070K(24256K) Class: 4869K(5120K)->4869K(5120K)
[3425.469s][info][gc             ] GC(763) Pause Young (Concurrent Start) (G1 Evacuation Pause) 3557M->1383M(4096M) 119.502ms
[3425.469s][info][gc             ] GC(764) Concurrent Mark Cycle
[3425.469s][info][gc,marking     ] GC(764) Concurrent Scan Root Regions
[3425.469s][info][gc,cpu         ] GC(763) User=0.71s Sys=0.00s Real=0.12s
.[3425.639s][info][gc,marking     ] GC(764) Concurrent Scan Root Regions 170.292ms
[3425.639s][info][gc,marking     ] GC(764) Concurrent Mark
[3425.639s][info][gc,marking     ] GC(764) Concurrent Mark From Roots
[3425.639s][info][gc,task        ] GC(764) Using 2 workers of 2 for marking
.[3426.591s][info][gc,marking     ] GC(764) Concurrent Mark From Roots 952.045ms
[3426.591s][info][gc,marking     ] GC(764) Concurrent Preclean
[3426.591s][info][gc,marking     ] GC(764) Concurrent Preclean 0.163ms
[3426.591s][info][gc,start       ] GC(764) Pause Remark
[3426.597s][info][gc             ] GC(764) Pause Remark 2203M->2203M(4096M) 5.513ms
[3426.597s][info][gc,cpu         ] GC(764) User=0.03s Sys=0.00s Real=0.01s
[3426.599s][info][gc,marking     ] GC(764) Concurrent Mark 960.407ms
[3426.599s][info][gc,marking     ] GC(764) Concurrent Rebuild Remembered Sets and Scrub Regions
[3427.006s][info][gc,marking     ] GC(764) Concurrent Rebuild Remembered Sets and Scrub Regions 407.009ms
[3427.007s][info][gc,start       ] GC(764) Pause Cleanup
[3427.007s][info][gc             ] GC(764) Pause Cleanup 2537M->2537M(4096M) 0.101ms
[3427.007s][info][gc,cpu         ] GC(764) User=0.00s Sys=0.00s Real=0.00s
[3427.007s][info][gc,marking     ] GC(764) Concurrent Clear Claimed Marks
[3427.007s][info][gc,marking     ] GC(764) Concurrent Clear Claimed Marks 0.022ms
[3427.007s][info][gc,marking     ] GC(764) Concurrent Cleanup for Next Mark
[3427.010s][info][gc,marking     ] GC(764) Concurrent Cleanup for Next Mark 3.471ms
[3427.010s][info][gc             ] GC(764) Concurrent Mark Cycle 1541.650ms
..[3428.583s][info][gc,start       ] GC(765) Pause Young (Prepare Mixed) (G1 Evacuation Pause)
[3428.583s][info][gc,task        ] GC(765) Using 6 workers of 6 for evacuation
[3428.701s][info][gc,phases      ] GC(765)   Pre Evacuate Collection Set: 0.36ms
[3428.701s][info][gc,phases      ] GC(765)   Merge Heap Roots: 0.55ms
[3428.701s][info][gc,phases      ] GC(765)   Evacuate Collection Set: 116.04ms
[3428.701s][info][gc,phases      ] GC(765)   Post Evacuate Collection Set: 0.92ms
[3428.701s][info][gc,phases      ] GC(765)   Other: 0.09ms
[3428.701s][info][gc,heap        ] GC(765) Eden regions: 1119->0(1108)
[3428.701s][info][gc,heap        ] GC(765) Survivor regions: 109->111(154)
[3428.701s][info][gc,heap        ] GC(765) Old regions: 504->535
[3428.701s][info][gc,heap        ] GC(765) Humongous regions: 80->80
[3428.701s][info][gc,metaspace   ] GC(765) Metaspace: 28940K(29376K)->28940K(29376K) NonClass: 24070K(24256K)->24070K(24256K) Class: 4869K(5120K)->4869K(5120K)
[3428.701s][info][gc             ] GC(765) Pause Young (Prepare Mixed) (G1 Evacuation Pause) 3621M->1449M(4096M) 118.071ms
[3428.701s][info][gc,cpu         ] GC(765) User=0.70s Sys=0.00s Real=0.12s
...[3431.681s][info][gc,start       ] GC(766) Pause Young (Mixed) (G1 Evacuation Pause)
[3431.681s][info][gc,task        ] GC(766) Using 6 workers of 6 for evacuation
[3431.817s][info][gc,phases      ] GC(766)   Pre Evacuate Collection Set: 0.37ms
[3431.817s][info][gc,phases      ] GC(766)   Merge Heap Roots: 0.69ms
[3431.817s][info][gc,phases      ] GC(766)   Evacuate Collection Set: 134.19ms
[3431.817s][info][gc,phases      ] GC(766)   Post Evacuate Collection Set: 0.98ms
[3431.817s][info][gc,phases      ] GC(766)   Other: 0.09ms
[3431.817s][info][gc,heap        ] GC(766) Eden regions: 1108->0(1118)
[3431.817s][info][gc,heap        ] GC(766) Survivor regions: 111->110(153)
[3431.817s][info][gc,heap        ] GC(766) Old regions: 535->473
[3431.817s][info][gc,heap        ] GC(766) Humongous regions: 80->80
[3431.817s][info][gc,metaspace   ] GC(766) Metaspace: 28940K(29376K)->28940K(29376K) NonClass: 24070K(24256K)->24070K(24256K) Class: 4869K(5120K)->4869K(5120K)
[3431.817s][info][gc             ] GC(766) Pause Young (Mixed) (G1 Evacuation Pause) 3665M->1323M(4096M) 136.465ms
[3431.817s][info][gc,cpu         ] GC(766) User=0.80s Sys=0.00s Real=0.14s
...[3434.886s][info][gc,start       ] GC(767) Pause Young (Concurrent Start) (G1 Evacuation Pause)
[3434.887s][info][gc,task        ] GC(767) Using 6 workers of 6 for evacuation
[3435.002s][info][gc,phases      ] GC(767)   Pre Evacuate Collection Set: 0.36ms
[3435.002s][info][gc,phases      ] GC(767)   Merge Heap Roots: 0.44ms
[3435.002s][info][gc,phases      ] GC(767)   Evacuate Collection Set: 113.73ms
[3435.002s][info][gc,phases      ] GC(767)   Post Evacuate Collection Set: 0.88ms
[3435.002s][info][gc,phases      ] GC(767)   Other: 0.11ms
[3435.002s][info][gc,heap        ] GC(767) Eden regions: 1118->0(1120)
[3435.002s][info][gc,heap        ] GC(767) Survivor regions: 110->108(154)
[3435.002s][info][gc,heap        ] GC(767) Old regions: 473->505
[3435.002s][info][gc,heap        ] GC(767) Humongous regions: 80->80
[3435.002s][info][gc,metaspace   ] GC(767) Metaspace: 28940K(29376K)->28940K(29376K) NonClass: 24070K(24256K)->24070K(24256K) Class: 4869K(5120K)->4869K(5120K)
[3435.002s][info][gc             ] GC(767) Pause Young (Concurrent Start) (G1 Evacuation Pause) 3559M->1383M(4096M) 115.645ms
[3435.002s][info][gc             ] GC(768) Concurrent Mark Cycle
[3435.002s][info][gc,marking     ] GC(768) Concurrent Scan Root Regions
[3435.002s][info][gc,cpu         ] GC(767) User=0.68s Sys=0.00s Real=0.11s
[3435.171s][info][gc,marking     ] GC(768) Concurrent Scan Root Regions 169.283ms
[3435.172s][info][gc,marking     ] GC(768) Concurrent Mark
[3435.172s][info][gc,marking     ] GC(768) Concurrent Mark From Roots
[3435.172s][info][gc,task        ] GC(768) Using 2 workers of 2 for marking
.[3436.159s][info][gc,marking     ] GC(768) Concurrent Mark From Roots 987.931ms
[3436.160s][info][gc,marking     ] GC(768) Concurrent Preclean
[3436.160s][info][gc,marking     ] GC(768) Concurrent Preclean 0.115ms
[3436.161s][info][gc,start       ] GC(768) Pause Remark
[3436.166s][info][gc             ] GC(768) Pause Remark 2271M->2271M(4096M) 5.396ms
[3436.167s][info][gc,cpu         ] GC(768) User=0.03s Sys=0.00s Real=0.01s
[3436.167s][info][gc,marking     ] GC(768) Concurrent Mark 995.113ms
[3436.167s][info][gc,marking     ] GC(768) Concurrent Rebuild Remembered Sets and Scrub Regions
.[3436.494s][info][gc,marking     ] GC(768) Concurrent Rebuild Remembered Sets and Scrub Regions 327.765ms
[3436.495s][info][gc,start       ] GC(768) Pause Cleanup
[3436.495s][info][gc             ] GC(768) Pause Cleanup 2546M->2546M(4096M) 0.102ms
[3436.495s][info][gc,cpu         ] GC(768) User=0.00s Sys=0.00s Real=0.00s
[3436.495s][info][gc,marking     ] GC(768) Concurrent Clear Claimed Marks
[3436.495s][info][gc,marking     ] GC(768) Concurrent Clear Claimed Marks 0.032ms
[3436.495s][info][gc,marking     ] GC(768) Concurrent Cleanup for Next Mark
[3436.499s][info][gc,marking     ] GC(768) Concurrent Cleanup for Next Mark 4.516ms
[3436.500s][info][gc             ] GC(768) Concurrent Mark Cycle 1497.377ms
.[3438.091s][info][gc,start       ] GC(769) Pause Young (Prepare Mixed) (G1 Evacuation Pause)
[3438.091s][info][gc,task        ] GC(769) Using 6 workers of 6 for evacuation
[3438.211s][info][gc,phases      ] GC(769)   Pre Evacuate Collection Set: 0.34ms
[3438.211s][info][gc,phases      ] GC(769)   Merge Heap Roots: 0.54ms
[3438.211s][info][gc,phases      ] GC(769)   Evacuate Collection Set: 118.24ms
[3438.211s][info][gc,phases      ] GC(769)   Post Evacuate Collection Set: 0.91ms
[3438.211s][info][gc,phases      ] GC(769)   Other: 0.09ms
[3438.211s][info][gc,heap        ] GC(769) Eden regions: 1120->0(1108)
[3438.211s][info][gc,heap        ] GC(769) Survivor regions: 108->110(154)
[3438.211s][info][gc,heap        ] GC(769) Old regions: 505->537
[3438.211s][info][gc,heap        ] GC(769) Humongous regions: 80->80
[3438.211s][info][gc,metaspace   ] GC(769) Metaspace: 28940K(29376K)->28940K(29376K) NonClass: 24070K(24256K)->24070K(24256K) Class: 4869K(5120K)->4869K(5120K)
[3438.211s][info][gc             ] GC(769) Pause Young (Prepare Mixed) (G1 Evacuation Pause) 3623M->1451M(4096M) 120.247ms
[3438.211s][info][gc,cpu         ] GC(769) User=0.71s Sys=0.00s Real=0.12s
...[3441.193s][info][gc,start       ] GC(770) Pause Young (Mixed) (G1 Evacuation Pause)
[3441.193s][info][gc,task        ] GC(770) Using 6 workers of 6 for evacuation
[3441.326s][info][gc,phases      ] GC(770)   Pre Evacuate Collection Set: 0.39ms
[3441.326s][info][gc,phases      ] GC(770)   Merge Heap Roots: 0.73ms
[3441.326s][info][gc,phases      ] GC(770)   Evacuate Collection Set: 131.54ms
[3441.326s][info][gc,phases      ] GC(770)   Post Evacuate Collection Set: 1.00ms
[3441.326s][info][gc,phases      ] GC(770)   Other: 0.09ms
[3441.326s][info][gc,heap        ] GC(770) Eden regions: 1108->0(1120)
[3441.326s][info][gc,heap        ] GC(770) Survivor regions: 110->108(153)
[3441.326s][info][gc,heap        ] GC(770) Old regions: 537->472
[3441.326s][info][gc,heap        ] GC(770) Humongous regions: 80->80
[3441.326s][info][gc,metaspace   ] GC(770) Metaspace: 28940K(29376K)->28940K(29376K) NonClass: 24070K(24256K)->24070K(24256K) Class: 4869K(5120K)->4869K(5120K)
[3441.326s][info][gc             ] GC(770) Pause Young (Mixed) (G1 Evacuation Pause) 3667M->1317M(4096M) 133.889ms
[3441.326s][info][gc,cpu         ] GC(770) User=0.79s Sys=0.00s Real=0.14s
...[3444.380s][info][gc,start       ] GC(771) Pause Young (Concurrent Start) (G1 Evacuation Pause)
[3444.380s][info][gc,task        ] GC(771) Using 6 workers of 6 for evacuation
[3444.500s][info][gc,phases      ] GC(771)   Pre Evacuate Collection Set: 0.36ms
[3444.500s][info][gc,phases      ] GC(771)   Merge Heap Roots: 0.46ms
[3444.500s][info][gc,phases      ] GC(771)   Evacuate Collection Set: 117.60ms
[3444.500s][info][gc,phases      ] GC(771)   Post Evacuate Collection Set: 0.89ms
[3444.500s][info][gc,phases      ] GC(771)   Other: 0.12ms
[3444.500s][info][gc,heap        ] GC(771) Eden regions: 1120->0(1117)
[3444.500s][info][gc,heap        ] GC(771) Survivor regions: 108->111(154)
[3444.500s][info][gc,heap        ] GC(771) Old regions: 472->504
[3444.500s][info][gc,heap        ] GC(771) Humongous regions: 80->80
[3444.500s][info][gc,metaspace   ] GC(771) Metaspace: 28940K(29376K)->28940K(29376K) NonClass: 24070K(24256K)->24070K(24256K) Class: 4869K(5120K)->4869K(5120K)
[3444.500s][info][gc             ] GC(771) Pause Young (Concurrent Start) (G1 Evacuation Pause) 3557M->1388M(4096M) 119.552ms
[3444.500s][info][gc             ] GC(772) Concurrent Mark Cycle
[3444.500s][info][gc,marking     ] GC(772) Concurrent Scan Root Regions
[3444.500s][info][gc,cpu         ] GC(771) User=0.71s Sys=0.00s Real=0.12s
.[3444.675s][info][gc,marking     ] GC(772) Concurrent Scan Root Regions 174.683ms
[3444.675s][info][gc,marking     ] GC(772) Concurrent Mark
[3444.675s][info][gc,marking     ] GC(772) Concurrent Mark From Roots
[3444.675s][info][gc,task        ] GC(772) Using 2 workers of 2 for marking
.[3445.620s][info][gc,marking     ] GC(772) Concurrent Mark From Roots 944.795ms
[3445.620s][info][gc,marking     ] GC(772) Concurrent Preclean
[3445.620s][info][gc,marking     ] GC(772) Concurrent Preclean 0.109ms
[3445.620s][info][gc,start       ] GC(772) Pause Remark
[3445.626s][info][gc             ] GC(772) Pause Remark 2260M->2260M(4096M) 5.882ms
[3445.626s][info][gc,cpu         ] GC(772) User=0.03s Sys=0.00s Real=0.01s
[3445.626s][info][gc,marking     ] GC(772) Concurrent Mark 951.597ms
[3445.626s][info][gc,marking     ] GC(772) Concurrent Rebuild Remembered Sets and Scrub Regions
[3445.882s][info][gc,marking     ] GC(772) Concurrent Rebuild Remembered Sets and Scrub Regions 255.154ms
[3445.882s][info][gc,start       ] GC(772) Pause Cleanup
[3445.882s][info][gc             ] GC(772) Pause Cleanup 2456M->2456M(4096M) 0.115ms
[3445.882s][info][gc,cpu         ] GC(772) User=0.00s Sys=0.00s Real=0.00s
[3445.883s][info][gc,marking     ] GC(772) Concurrent Clear Claimed Marks
[3445.883s][info][gc,marking     ] GC(772) Concurrent Clear Claimed Marks 0.059ms
[3445.883s][info][gc,marking     ] GC(772) Concurrent Cleanup for Next Mark
[3445.887s][info][gc,marking     ] GC(772) Concurrent Cleanup for Next Mark 3.350ms
[3445.887s][info][gc             ] GC(772) Concurrent Mark Cycle 1386.619ms
.[3447.526s][info][gc,start       ] GC(773) Pause Young (Prepare Mixed) (G1 Evacuation Pause)
[3447.526s][info][gc,task        ] GC(773) Using 6 workers of 6 for evacuation
[3447.642s][info][gc,phases      ] GC(773)   Pre Evacuate Collection Set: 0.33ms
[3447.642s][info][gc,phases      ] GC(773)   Merge Heap Roots: 0.52ms
[3447.642s][info][gc,phases      ] GC(773)   Evacuate Collection Set: 114.26ms
[3447.642s][info][gc,phases      ] GC(773)   Post Evacuate Collection Set: 0.93ms
[3447.642s][info][gc,phases      ] GC(773)   Other: 0.09ms
[3447.642s][info][gc,heap        ] GC(773) Eden regions: 1117->0(1109)
[3447.642s][info][gc,heap        ] GC(773) Survivor regions: 111->110(154)
[3447.642s][info][gc,heap        ] GC(773) Old regions: 504->536
[3447.642s][info][gc,heap        ] GC(773) Humongous regions: 80->80
[3447.642s][info][gc,metaspace   ] GC(773) Metaspace: 28940K(29376K)->28940K(29376K) NonClass: 24070K(24256K)->24070K(24256K) Class: 4869K(5120K)->4869K(5120K)
[3447.642s][info][gc             ] GC(773) Pause Young (Prepare Mixed) (G1 Evacuation Pause) 3622M->1448M(4096M) 116.281ms
[3447.642s][info][gc,cpu         ] GC(773) User=0.69s Sys=0.00s Real=0.12s
....[3450.720s][info][gc,start       ] GC(774) Pause Young (Mixed) (G1 Evacuation Pause)
[3450.720s][info][gc,task        ] GC(774) Using 6 workers of 6 for evacuation
[3450.854s][info][gc,phases      ] GC(774)   Pre Evacuate Collection Set: 0.37ms
[3450.854s][info][gc,phases      ] GC(774)   Merge Heap Roots: 0.68ms
[3450.854s][info][gc,phases      ] GC(774)   Evacuate Collection Set: 131.64ms
[3450.854s][info][gc,phases      ] GC(774)   Post Evacuate Collection Set: 0.97ms
[3450.854s][info][gc,phases      ] GC(774)   Other: 0.10ms
[3450.854s][info][gc,heap        ] GC(774) Eden regions: 1109->0(1118)
[3450.854s][info][gc,heap        ] GC(774) Survivor regions: 110->110(153)
[3450.854s][info][gc,heap        ] GC(774) Old regions: 536->473
[3450.854s][info][gc,heap        ] GC(774) Humongous regions: 80->80
[3450.854s][info][gc,metaspace   ] GC(774) Metaspace: 28940K(29376K)->28940K(29376K) NonClass: 24070K(24256K)->24070K(24256K) Class: 4869K(5120K)->4869K(5120K)
[3450.854s][info][gc             ] GC(774) Pause Young (Mixed) (G1 Evacuation Pause) 3666M->1324M(4096M) 133.883ms
[3450.854s][info][gc,cpu         ] GC(774) User=0.80s Sys=0.00s Real=0.13s
. (rIR:aIR:PR = 5950:5952:5952) (tPR = 88350) [OK] 
  3451s: Performance info:
         Transaction,    Success,    Partial,     Failed,   Receipts, AvgBarcode, 
             Overall,     360048,          0,          0,     342031,      59.47, 
         Response times:
             Request,    Success,    Partial,     Failed,   SkipFail,     Probes,    Samples,      min,      p50,      p90,      p95,      p99,      max, 
       TotalPurchase,     342031,          0,          0,          0,     334961,     363878,      300,     5000,    13600,    34000,    87000,   192000,
     InStorePurchase,     180038,          0,          0,          0,     176969,     192035,      300,     4900,    13700,    35000,    87000,   188000,
      OnlinePurchase,     126037,          0,          0,          0,     123006,     133485,      300,     4900,    13500,    34000,    87000,   192000,
        InstPurchase,      35956,          0,          0,          0,      34986,      38358,      400,     5300,    14300,    36000,    89000,   191000,
          AssocOfCat,        361,          0,          0,          0,        277,        354,    23000,    37000,    64500,    82000,   151800,   180000,
      AssocOfProduct,       3607,          0,          0,          0,       3334,       3856,      500,     3900,    11560,    28000,    72000,   151000,
      BusinessReport,        901,          0,          0,          0,        783,        941,    26000,    37000,    62800,    80000,   171000,   228000,
          CustBuyBeh,       3599,          0,          0,          0,       3335,       3830,      200,     4900,    13500,    30000,    83000,   145000,
       ProductReturn,       9549,          0,          0,          0,       9103,      10166,      300,     4300,    13230,    30000,    83000,   189000,

  3451s: (44%)   IR =   6088 ..[3453.870s][info][gc,start       ] GC(775) Pause Young (Concurrent Start) (G1 Evacuation Pause)
[3453.871s][info][gc,task        ] GC(775) Using 6 workers of 6 for evacuation
[3453.990s][info][gc,phases      ] GC(775)   Pre Evacuate Collection Set: 0.34ms
[3453.990s][info][gc,phases      ] GC(775)   Merge Heap Roots: 0.45ms
[3453.990s][info][gc,phases      ] GC(775)   Evacuate Collection Set: 117.56ms
[3453.990s][info][gc,phases      ] GC(775)   Post Evacuate Collection Set: 0.96ms
[3453.990s][info][gc,phases      ] GC(775)   Other: 0.11ms
[3453.990s][info][gc,heap        ] GC(775) Eden regions: 1118->0(1116)
[3453.990s][info][gc,heap        ] GC(775) Survivor regions: 110->112(154)
[3453.990s][info][gc,heap        ] GC(775) Old regions: 473->505
[3453.990s][info][gc,heap        ] GC(775) Humongous regions: 80->80
[3453.990s][info][gc,metaspace   ] GC(775) Metaspace: 28940K(29376K)->28940K(29376K) NonClass: 24070K(24256K)->24070K(24256K) Class: 4869K(5120K)->4869K(5120K)
[3453.990s][info][gc             ] GC(775) Pause Young (Concurrent Start) (G1 Evacuation Pause) 3560M->1390M(4096M) 119.548ms
[3453.990s][info][gc             ] GC(776) Concurrent Mark Cycle
[3453.990s][info][gc,marking     ] GC(776) Concurrent Scan Root Regions
[3453.990s][info][gc,cpu         ] GC(775) User=0.71s Sys=0.00s Real=0.12s
[3454.145s][info][gc,marking     ] GC(776) Concurrent Scan Root Regions 155.388ms
[3454.146s][info][gc,marking     ] GC(776) Concurrent Mark
[3454.146s][info][gc,marking     ] GC(776) Concurrent Mark From Roots
[3454.146s][info][gc,task        ] GC(776) Using 2 workers of 2 for marking
.[3454.843s][info][gc,marking     ] GC(776) Concurrent Mark From Roots 697.521ms
[3454.843s][info][gc,marking     ] GC(776) Concurrent Preclean
[3454.843s][info][gc,marking     ] GC(776) Concurrent Preclean 0.153ms
[3454.843s][info][gc,start       ] GC(776) Pause Remark
[3454.848s][info][gc             ] GC(776) Pause Remark 2113M->2113M(4096M) 5.067ms
[3454.849s][info][gc,cpu         ] GC(776) User=0.02s Sys=0.01s Real=0.01s
[3454.850s][info][gc,marking     ] GC(776) Concurrent Mark 704.059ms
[3454.850s][info][gc,marking     ] GC(776) Concurrent Rebuild Remembered Sets and Scrub Regions
[3455.112s][info][gc,marking     ] GC(776) Concurrent Rebuild Remembered Sets and Scrub Regions 262.241ms
[3455.112s][info][gc,start       ] GC(776) Pause Cleanup
[3455.112s][info][gc             ] GC(776) Pause Cleanup 2305M->2305M(4096M) 0.111ms
[3455.112s][info][gc,cpu         ] GC(776) User=0.00s Sys=0.00s Real=0.00s
[3455.113s][info][gc,marking     ] GC(776) Concurrent Clear Claimed Marks
[3455.113s][info][gc,marking     ] GC(776) Concurrent Clear Claimed Marks 0.027ms
[3455.113s][info][gc,marking     ] GC(776) Concurrent Cleanup for Next Mark
[3455.118s][info][gc,marking     ] GC(776) Concurrent Cleanup for Next Mark 5.015ms
[3455.118s][info][gc             ] GC(776) Concurrent Mark Cycle 1127.852ms
..[3456.946s][info][gc,start       ] GC(777) Pause Young (Prepare Mixed) (G1 Evacuation Pause)
[3456.946s][info][gc,task        ] GC(777) Using 6 workers of 6 for evacuation
[3457.061s][info][gc,phases      ] GC(777)   Pre Evacuate Collection Set: 0.34ms
[3457.061s][info][gc,phases      ] GC(777)   Merge Heap Roots: 0.55ms
[3457.061s][info][gc,phases      ] GC(777)   Evacuate Collection Set: 113.39ms
[3457.061s][info][gc,phases      ] GC(777)   Post Evacuate Collection Set: 0.95ms
[3457.061s][info][gc,phases      ] GC(777)   Other: 0.09ms
[3457.061s][info][gc,heap        ] GC(777) Eden regions: 1116->0(1114)
[3457.061s][info][gc,heap        ] GC(777) Survivor regions: 112->107(154)
[3457.061s][info][gc,heap        ] GC(777) Old regions: 505->537
[3457.061s][info][gc,heap        ] GC(777) Humongous regions: 80->80
[3457.061s][info][gc,metaspace   ] GC(777) Metaspace: 28940K(29376K)->28940K(29376K) NonClass: 24070K(24256K)->24070K(24256K) Class: 4869K(5120K)->4869K(5120K)
[3457.061s][info][gc             ] GC(777) Pause Young (Prepare Mixed) (G1 Evacuation Pause) 3622M->1445M(4096M) 115.452ms
[3457.061s][info][gc,cpu         ] GC(777) User=0.68s Sys=0.00s Real=0.11s
..|.[3459.979s][info][gc,start       ] GC(778) Pause Young (Mixed) (G1 Evacuation Pause)
[3459.979s][info][gc,task        ] GC(778) Using 6 workers of 6 for evacuation
[3460.113s][info][gc,phases      ] GC(778)   Pre Evacuate Collection Set: 0.37ms
[3460.113s][info][gc,phases      ] GC(778)   Merge Heap Roots: 0.60ms
[3460.113s][info][gc,phases      ] GC(778)   Evacuate Collection Set: 131.46ms
[3460.113s][info][gc,phases      ] GC(778)   Post Evacuate Collection Set: 0.95ms
[3460.113s][info][gc,phases      ] GC(778)   Other: 0.09ms
[3460.113s][info][gc,heap        ] GC(778) Eden regions: 1114->0(1120)
[3460.113s][info][gc,heap        ] GC(778) Survivor regions: 107->108(153)
[3460.113s][info][gc,heap        ] GC(778) Old regions: 537->471
[3460.113s][info][gc,heap        ] GC(778) Humongous regions: 80->80
[3460.113s][info][gc,metaspace   ] GC(778) Metaspace: 28940K(29376K)->28940K(29376K) NonClass: 24070K(24256K)->24070K(24256K) Class: 4869K(5120K)->4869K(5120K)
[3460.113s][info][gc             ] GC(778) Pause Young (Mixed) (G1 Evacuation Pause) 3673M->1316M(4096M) 133.607ms
[3460.113s][info][gc,cpu         ] GC(778) User=0.79s Sys=0.00s Real=0.13s
...[3463.070s][info][gc,start       ] GC(779) Pause Young (Concurrent Start) (G1 Evacuation Pause)
[3463.070s][info][gc,task        ] GC(779) Using 6 workers of 6 for evacuation
[3463.184s][info][gc,phases      ] GC(779)   Pre Evacuate Collection Set: 0.40ms
[3463.185s][info][gc,phases      ] GC(779)   Merge Heap Roots: 0.46ms
[3463.185s][info][gc,phases      ] GC(779)   Evacuate Collection Set: 112.67ms
[3463.185s][info][gc,phases      ] GC(779)   Post Evacuate Collection Set: 0.89ms
[3463.185s][info][gc,phases      ] GC(779)   Other: 0.09ms
[3463.185s][info][gc,heap        ] GC(779) Eden regions: 1120->0(1121)
[3463.185s][info][gc,heap        ] GC(779) Survivor regions: 108->107(154)
[3463.185s][info][gc,heap        ] GC(779) Old regions: 471->503
[3463.185s][info][gc,heap        ] GC(779) Humongous regions: 80->80
[3463.185s][info][gc,metaspace   ] GC(779) Metaspace: 28940K(29376K)->28940K(29376K) NonClass: 24070K(24256K)->24070K(24256K) Class: 4869K(5120K)->4869K(5120K)
[3463.185s][info][gc             ] GC(779) Pause Young (Concurrent Start) (G1 Evacuation Pause) 3556M->1378M(4096M) 114.635ms
[3463.185s][info][gc             ] GC(780) Concurrent Mark Cycle
[3463.185s][info][gc,marking     ] GC(780) Concurrent Scan Root Regions
[3463.185s][info][gc,cpu         ] GC(779) User=0.68s Sys=0.00s Real=0.11s
[3463.328s][info][gc,marking     ] GC(780) Concurrent Scan Root Regions 143.026ms
[3463.328s][info][gc,marking     ] GC(780) Concurrent Mark
[3463.328s][info][gc,marking     ] GC(780) Concurrent Mark From Roots
[3463.328s][info][gc,task        ] GC(780) Using 2 workers of 2 for marking
.[3464.054s][info][gc,marking     ] GC(780) Concurrent Mark From Roots 725.901ms
[3464.054s][info][gc,marking     ] GC(780) Concurrent Preclean
[3464.054s][info][gc,marking     ] GC(780) Concurrent Preclean 0.087ms
[3464.054s][info][gc,start       ] GC(780) Pause Remark
[3464.059s][info][gc             ] GC(780) Pause Remark 2106M->2106M(4096M) 4.942ms
[3464.059s][info][gc,cpu         ] GC(780) User=0.03s Sys=0.01s Real=0.01s
[3464.059s][info][gc,marking     ] GC(780) Concurrent Mark 731.209ms
[3464.059s][info][gc,marking     ] GC(780) Concurrent Rebuild Remembered Sets and Scrub Regions
[3464.307s][info][gc,marking     ] GC(780) Concurrent Rebuild Remembered Sets and Scrub Regions 248.426ms
[3464.307s][info][gc,start       ] GC(780) Pause Cleanup
[3464.308s][info][gc             ] GC(780) Pause Cleanup 2265M->2265M(4096M) 0.106ms
[3464.308s][info][gc,cpu         ] GC(780) User=0.00s Sys=0.00s Real=0.00s
[3464.308s][info][gc,marking     ] GC(780) Concurrent Clear Claimed Marks
[3464.308s][info][gc,marking     ] GC(780) Concurrent Clear Claimed Marks 0.023ms
[3464.308s][info][gc,marking     ] GC(780) Concurrent Cleanup for Next Mark
[3464.312s][info][gc,marking     ] GC(780) Concurrent Cleanup for Next Mark 4.547ms
[3464.312s][info][gc             ] GC(780) Concurrent Mark Cycle 1127.666ms
..[3466.192s][info][gc,start       ] GC(781) Pause Young (Prepare Mixed) (G1 Evacuation Pause)
[3466.192s][info][gc,task        ] GC(781) Using 6 workers of 6 for evacuation
[3466.309s][info][gc,phases      ] GC(781)   Pre Evacuate Collection Set: 0.33ms
[3466.309s][info][gc,phases      ] GC(781)   Merge Heap Roots: 0.52ms
[3466.310s][info][gc,phases      ] GC(781)   Evacuate Collection Set: 115.33ms
[3466.310s][info][gc,phases      ] GC(781)   Post Evacuate Collection Set: 0.96ms
[3466.310s][info][gc,phases      ] GC(781)   Other: 0.09ms
[3466.310s][info][gc,heap        ] GC(781) Eden regions: 1121->0(1112)
[3466.310s][info][gc,heap        ] GC(781) Survivor regions: 107->109(154)
[3466.310s][info][gc,heap        ] GC(781) Old regions: 503->535
[3466.310s][info][gc,heap        ] GC(781) Humongous regions: 80->80
[3466.310s][info][gc,metaspace   ] GC(781) Metaspace: 28940K(29376K)->28940K(29376K) NonClass: 24070K(24256K)->24070K(24256K) Class: 4869K(5120K)->4869K(5120K)
[3466.310s][info][gc             ] GC(781) Pause Young (Prepare Mixed) (G1 Evacuation Pause) 3620M->1445M(4096M) 117.348ms
[3466.310s][info][gc,cpu         ] GC(781) User=0.69s Sys=0.00s Real=0.12s
...[3469.291s][info][gc,start       ] GC(782) Pause Young (Mixed) (G1 Evacuation Pause)
[3469.291s][info][gc,task        ] GC(782) Using 6 workers of 6 for evacuation
[3469.432s][info][gc,phases      ] GC(782)   Pre Evacuate Collection Set: 0.38ms
[3469.432s][info][gc,phases      ] GC(782)   Merge Heap Roots: 0.83ms
[3469.432s][info][gc,phases      ] GC(782)   Evacuate Collection Set: 138.84ms
[3469.432s][info][gc,phases      ] GC(782)   Post Evacuate Collection Set: 0.92ms
[3469.432s][info][gc,phases      ] GC(782)   Other: 0.09ms
[3469.432s][info][gc,heap        ] GC(782) Eden regions: 1112->0(1117)
[3469.432s][info][gc,heap        ] GC(782) Survivor regions: 109->111(153)
[3469.432s][info][gc,heap        ] GC(782) Old regions: 535->473
[3469.432s][info][gc,heap        ] GC(782) Humongous regions: 80->80
[3469.432s][info][gc,metaspace   ] GC(782) Metaspace: 28940K(29376K)->28940K(29376K) NonClass: 24070K(24256K)->24070K(24256K) Class: 4869K(5120K)->4869K(5120K)
[3469.432s][info][gc             ] GC(782) Pause Young (Mixed) (G1 Evacuation Pause) 3669M->1324M(4096M) 141.203ms
[3469.432s][info][gc,cpu         ] GC(782) User=0.84s Sys=0.00s Real=0.14s
...[3472.392s][info][gc,start       ] GC(783) Pause Young (Concurrent Start) (G1 Evacuation Pause)
[3472.392s][info][gc,task        ] GC(783) Using 6 workers of 6 for evacuation
[3472.511s][info][gc,phases      ] GC(783)   Pre Evacuate Collection Set: 0.36ms
[3472.511s][info][gc,phases      ] GC(783)   Merge Heap Roots: 0.47ms
[3472.511s][info][gc,phases      ] GC(783)   Evacuate Collection Set: 117.44ms
[3472.511s][info][gc,phases      ] GC(783)   Post Evacuate Collection Set: 0.87ms
[3472.511s][info][gc,phases      ] GC(783)   Other: 0.10ms
[3472.511s][info][gc,heap        ] GC(783) Eden regions: 1117->0(1117)
[3472.511s][info][gc,heap        ] GC(783) Survivor regions: 111->111(154)
[3472.511s][info][gc,heap        ] GC(783) Old regions: 473->505
[3472.511s][info][gc,heap        ] GC(783) Humongous regions: 80->80
[3472.511s][info][gc,metaspace   ] GC(783) Metaspace: 28940K(29376K)->28940K(29376K) NonClass: 24070K(24256K)->24070K(24256K) Class: 4869K(5120K)->4869K(5120K)
[3472.511s][info][gc             ] GC(783) Pause Young (Concurrent Start) (G1 Evacuation Pause) 3558M->1388M(4096M) 119.356ms
[3472.511s][info][gc             ] GC(784) Concurrent Mark Cycle
[3472.511s][info][gc,marking     ] GC(784) Concurrent Scan Root Regions
[3472.511s][info][gc,cpu         ] GC(783) User=0.71s Sys=0.00s Real=0.12s
[3472.690s][info][gc,marking     ] GC(784) Concurrent Scan Root Regions 178.593ms
[3472.690s][info][gc,marking     ] GC(784) Concurrent Mark
[3472.690s][info][gc,marking     ] GC(784) Concurrent Mark From Roots
[3472.690s][info][gc,task        ] GC(784) Using 2 workers of 2 for marking
.[3473.636s][info][gc,marking     ] GC(784) Concurrent Mark From Roots 945.873ms
[3473.636s][info][gc,marking     ] GC(784) Concurrent Preclean
[3473.636s][info][gc,marking     ] GC(784) Concurrent Preclean 0.157ms
[3473.636s][info][gc,start       ] GC(784) Pause Remark
[3473.643s][info][gc             ] GC(784) Pause Remark 2278M->2278M(4096M) 6.081ms
[3473.643s][info][gc,cpu         ] GC(784) User=0.03s Sys=0.00s Real=0.00s
[3473.643s][info][gc,marking     ] GC(784) Concurrent Mark 952.906ms
[3473.643s][info][gc,marking     ] GC(784) Concurrent Rebuild Remembered Sets and Scrub Regions
.[3474.044s][info][gc,marking     ] GC(784) Concurrent Rebuild Remembered Sets and Scrub Regions 401.553ms
[3474.044s][info][gc,start       ] GC(784) Pause Cleanup
[3474.044s][info][gc             ] GC(784) Pause Cleanup 2589M->2589M(4096M) 0.101ms
[3474.044s][info][gc,cpu         ] GC(784) User=0.00s Sys=0.00s Real=0.00s
[3474.044s][info][gc,marking     ] GC(784) Concurrent Clear Claimed Marks
[3474.044s][info][gc,marking     ] GC(784) Concurrent Clear Claimed Marks 0.020ms
[3474.045s][info][gc,marking     ] GC(784) Concurrent Cleanup for Next Mark
[3474.048s][info][gc,marking     ] GC(784) Concurrent Cleanup for Next Mark 3.411ms
[3474.048s][info][gc             ] GC(784) Concurrent Mark Cycle 1536.889ms
.[3475.519s][info][gc,start       ] GC(785) Pause Young (Prepare Mixed) (G1 Evacuation Pause)
[3475.519s][info][gc,task        ] GC(785) Using 6 workers of 6 for evacuation
[3475.637s][info][gc,phases      ] GC(785)   Pre Evacuate Collection Set: 0.36ms
[3475.637s][info][gc,phases      ] GC(785)   Merge Heap Roots: 0.54ms
[3475.637s][info][gc,phases      ] GC(785)   Evacuate Collection Set: 115.90ms
[3475.637s][info][gc,phases      ] GC(785)   Post Evacuate Collection Set: 0.91ms
[3475.637s][info][gc,phases      ] GC(785)   Other: 0.09ms
[3475.637s][info][gc,heap        ] GC(785) Eden regions: 1117->0(1110)
[3475.637s][info][gc,heap        ] GC(785) Survivor regions: 111->109(154)
[3475.637s][info][gc,heap        ] GC(785) Old regions: 505->537
[3475.637s][info][gc,heap        ] GC(785) Humongous regions: 80->80
[3475.637s][info][gc,metaspace   ] GC(785) Metaspace: 28940K(29376K)->28940K(29376K) NonClass: 24070K(24256K)->24070K(24256K) Class: 4869K(5120K)->4869K(5120K)
[3475.637s][info][gc             ] GC(785) Pause Young (Prepare Mixed) (G1 Evacuation Pause) 3622M->1449M(4096M) 117.926ms
[3475.637s][info][gc,cpu         ] GC(785) User=0.70s Sys=0.00s Real=0.12s
...[3478.594s][info][gc,start       ] GC(786) Pause Young (Mixed) (G1 Evacuation Pause)
[3478.594s][info][gc,task        ] GC(786) Using 6 workers of 6 for evacuation
[3478.728s][info][gc,phases      ] GC(786)   Pre Evacuate Collection Set: 0.40ms
[3478.728s][info][gc,phases      ] GC(786)   Merge Heap Roots: 0.65ms
[3478.728s][info][gc,phases      ] GC(786)   Evacuate Collection Set: 132.11ms
[3478.728s][info][gc,phases      ] GC(786)   Post Evacuate Collection Set: 0.94ms
[3478.728s][info][gc,phases      ] GC(786)   Other: 0.09ms
[3478.728s][info][gc,heap        ] GC(786) Eden regions: 1110->0(1116)
[3478.728s][info][gc,heap        ] GC(786) Survivor regions: 109->112(153)
[3478.728s][info][gc,heap        ] GC(786) Old regions: 537->472
[3478.728s][info][gc,heap        ] GC(786) Humongous regions: 80->80
[3478.728s][info][gc,metaspace   ] GC(786) Metaspace: 28940K(29376K)->28940K(29376K) NonClass: 24070K(24256K)->24070K(24256K) Class: 4869K(5120K)->4869K(5120K)
[3478.728s][info][gc             ] GC(786) Pause Young (Mixed) (G1 Evacuation Pause) 3669M->1324M(4096M) 134.336ms
[3478.728s][info][gc,cpu         ] GC(786) User=0.80s Sys=0.00s Real=0.14s
...[3481.623s][info][gc,start       ] GC(787) Pause Young (Concurrent Start) (G1 Evacuation Pause)
[3481.623s][info][gc,task        ] GC(787) Using 6 workers of 6 for evacuation
[3481.742s][info][gc,phases      ] GC(787)   Pre Evacuate Collection Set: 0.40ms
[3481.743s][info][gc,phases      ] GC(787)   Merge Heap Roots: 0.48ms
[3481.743s][info][gc,phases      ] GC(787)   Evacuate Collection Set: 117.12ms
[3481.743s][info][gc,phases      ] GC(787)   Post Evacuate Collection Set: 0.89ms
[3481.743s][info][gc,phases      ] GC(787)   Other: 0.14ms
[3481.743s][info][gc,heap        ] GC(787) Eden regions: 1116->0(1117)
[3481.743s][info][gc,heap        ] GC(787) Survivor regions: 112->111(154)
[3481.743s][info][gc,heap        ] GC(787) Old regions: 472->504
[3481.743s][info][gc,heap        ] GC(787) Humongous regions: 80->80
[3481.743s][info][gc,metaspace   ] GC(787) Metaspace: 28940K(29376K)->28940K(29376K) NonClass: 24070K(24256K)->24070K(24256K) Class: 4869K(5120K)->4869K(5120K)
[3481.743s][info][gc             ] GC(787) Pause Young (Concurrent Start) (G1 Evacuation Pause) 3556M->1386M(4096M) 119.155ms
[3481.743s][info][gc             ] GC(788) Concurrent Mark Cycle
[3481.743s][info][gc,marking     ] GC(788) Concurrent Scan Root Regions
[3481.743s][info][gc,cpu         ] GC(787) User=0.70s Sys=0.00s Real=0.12s
.[3481.917s][info][gc,marking     ] GC(788) Concurrent Scan Root Regions 174.080ms
[3481.917s][info][gc,marking     ] GC(788) Concurrent Mark
[3481.917s][info][gc,marking     ] GC(788) Concurrent Mark From Roots
[3481.917s][info][gc,task        ] GC(788) Using 2 workers of 2 for marking
[3482.590s][info][gc,marking     ] GC(788) Concurrent Mark From Roots 673.321ms
[3482.590s][info][gc,marking     ] GC(788) Concurrent Preclean
[3482.590s][info][gc,marking     ] GC(788) Concurrent Preclean 0.091ms
[3482.590s][info][gc,start       ] GC(788) Pause Remark
[3482.595s][info][gc             ] GC(788) Pause Remark 2045M->2045M(4096M) 4.697ms
[3482.595s][info][gc,cpu         ] GC(788) User=0.03s Sys=0.00s Real=0.00s
[3482.596s][info][gc,marking     ] GC(788) Concurrent Mark 679.716ms
[3482.596s][info][gc,marking     ] GC(788) Concurrent Rebuild Remembered Sets and Scrub Regions
.[3482.844s][info][gc,marking     ] GC(788) Concurrent Rebuild Remembered Sets and Scrub Regions 247.954ms
[3482.845s][info][gc,start       ] GC(788) Pause Cleanup
[3482.845s][info][gc             ] GC(788) Pause Cleanup 2239M->2239M(4096M) 0.103ms
[3482.845s][info][gc,cpu         ] GC(788) User=0.00s Sys=0.00s Real=0.00s
[3482.845s][info][gc,marking     ] GC(788) Concurrent Clear Claimed Marks
[3482.845s][info][gc,marking     ] GC(788) Concurrent Clear Claimed Marks 0.021ms
[3482.845s][info][gc,marking     ] GC(788) Concurrent Cleanup for Next Mark
[3482.849s][info][gc,marking     ] GC(788) Concurrent Cleanup for Next Mark 4.672ms
[3482.849s][info][gc             ] GC(788) Concurrent Mark Cycle 1106.900ms
.[3484.754s][info][gc,start       ] GC(789) Pause Young (Prepare Mixed) (G1 Evacuation Pause)
[3484.754s][info][gc,task        ] GC(789) Using 6 workers of 6 for evacuation
[3484.873s][info][gc,phases      ] GC(789)   Pre Evacuate Collection Set: 0.34ms
[3484.873s][info][gc,phases      ] GC(789)   Merge Heap Roots: 0.50ms
[3484.873s][info][gc,phases      ] GC(789)   Evacuate Collection Set: 117.45ms
[3484.873s][info][gc,phases      ] GC(789)   Post Evacuate Collection Set: 0.95ms
[3484.873s][info][gc,phases      ] GC(789)   Other: 0.09ms
[3484.873s][info][gc,heap        ] GC(789) Eden regions: 1117->0(1110)
[3484.873s][info][gc,heap        ] GC(789) Survivor regions: 111->109(154)
[3484.873s][info][gc,heap        ] GC(789) Old regions: 504->537
[3484.873s][info][gc,heap        ] GC(789) Humongous regions: 80->80
[3484.873s][info][gc,metaspace   ] GC(789) Metaspace: 28940K(29376K)->28940K(29376K) NonClass: 24070K(24256K)->24070K(24256K) Class: 4869K(5120K)->4869K(5120K)
[3484.873s][info][gc             ] GC(789) Pause Young (Prepare Mixed) (G1 Evacuation Pause) 3620M->1449M(4096M) 119.464ms
[3484.873s][info][gc,cpu         ] GC(789) User=0.71s Sys=0.00s Real=0.12s
...[3487.753s][info][gc,start       ] GC(790) Pause Young (Mixed) (G1 Evacuation Pause)
[3487.753s][info][gc,task        ] GC(790) Using 6 workers of 6 for evacuation
[3487.892s][info][gc,phases      ] GC(790)   Pre Evacuate Collection Set: 0.36ms
[3487.892s][info][gc,phases      ] GC(790)   Merge Heap Roots: 0.66ms
[3487.892s][info][gc,phases      ] GC(790)   Evacuate Collection Set: 136.64ms
[3487.892s][info][gc,phases      ] GC(790)   Post Evacuate Collection Set: 0.94ms
[3487.892s][info][gc,phases      ] GC(790)   Other: 0.10ms
[3487.892s][info][gc,heap        ] GC(790) Eden regions: 1110->0(1115)
[3487.892s][info][gc,heap        ] GC(790) Survivor regions: 109->113(153)
[3487.892s][info][gc,heap        ] GC(790) Old regions: 537->472
[3487.892s][info][gc,heap        ] GC(790) Humongous regions: 80->80
[3487.892s][info][gc,metaspace   ] GC(790) Metaspace: 28940K(29376K)->28940K(29376K) NonClass: 24070K(24256K)->24070K(24256K) Class: 4869K(5120K)->4869K(5120K)
[3487.892s][info][gc             ] GC(790) Pause Young (Mixed) (G1 Evacuation Pause) 3669M->1328M(4096M) 138.825ms
[3487.892s][info][gc,cpu         ] GC(790) User=0.82s Sys=0.00s Real=0.14s
....[3490.919s][info][gc,start       ] GC(791) Pause Young (Concurrent Start) (G1 Evacuation Pause)
[3490.919s][info][gc,task        ] GC(791) Using 6 workers of 6 for evacuation
[3491.034s][info][gc,phases      ] GC(791)   Pre Evacuate Collection Set: 0.40ms
[3491.034s][info][gc,phases      ] GC(791)   Merge Heap Roots: 0.47ms
[3491.034s][info][gc,phases      ] GC(791)   Evacuate Collection Set: 113.68ms
[3491.034s][info][gc,phases      ] GC(791)   Post Evacuate Collection Set: 0.90ms
[3491.034s][info][gc,phases      ] GC(791)   Other: 0.10ms
[3491.034s][info][gc,heap        ] GC(791) Eden regions: 1115->0(1121)
[3491.034s][info][gc,heap        ] GC(791) Survivor regions: 113->107(154)
[3491.034s][info][gc,heap        ] GC(791) Old regions: 472->504
[3491.034s][info][gc,heap        ] GC(791) Humongous regions: 80->80
[3491.034s][info][gc,metaspace   ] GC(791) Metaspace: 28940K(29376K)->28940K(29376K) NonClass: 24070K(24256K)->24070K(24256K) Class: 4869K(5120K)->4869K(5120K)
[3491.034s][info][gc             ] GC(791) Pause Young (Concurrent Start) (G1 Evacuation Pause) 3558M->1379M(4096M) 115.679ms
[3491.034s][info][gc             ] GC(792) Concurrent Mark Cycle
[3491.034s][info][gc,marking     ] GC(792) Concurrent Scan Root Regions
[3491.034s][info][gc,cpu         ] GC(791) User=0.69s Sys=0.00s Real=0.11s
[3491.204s][info][gc,marking     ] GC(792) Concurrent Scan Root Regions 169.317ms
[3491.204s][info][gc,marking     ] GC(792) Concurrent Mark
[3491.204s][info][gc,marking     ] GC(792) Concurrent Mark From Roots
[3491.204s][info][gc,task        ] GC(792) Using 2 workers of 2 for marking
[3491.873s][info][gc,marking     ] GC(792) Concurrent Mark From Roots 668.971ms
[3491.873s][info][gc,marking     ] GC(792) Concurrent Preclean
[3491.873s][info][gc,marking     ] GC(792) Concurrent Preclean 0.092ms
[3491.874s][info][gc,start       ] GC(792) Pause Remark
[3491.879s][info][gc             ] GC(792) Pause Remark 2069M->2069M(4096M) 4.851ms
[3491.879s][info][gc,cpu         ] GC(792) User=0.03s Sys=0.00s Real=0.01s
[3491.879s][info][gc,marking     ] GC(792) Concurrent Mark 675.367ms
[3491.879s][info][gc,marking     ] GC(792) Concurrent Rebuild Remembered Sets and Scrub Regions
.[3492.170s][info][gc,marking     ] GC(792) Concurrent Rebuild Remembered Sets and Scrub Regions 290.948ms
[3492.170s][info][gc,start       ] GC(792) Pause Cleanup
[3492.170s][info][gc             ] GC(792) Pause Cleanup 2294M->2294M(4096M) 0.105ms
[3492.170s][info][gc,cpu         ] GC(792) User=0.00s Sys=0.00s Real=0.00s
[3492.171s][info][gc,marking     ] GC(792) Concurrent Clear Claimed Marks
[3492.171s][info][gc,marking     ] GC(792) Concurrent Clear Claimed Marks 0.041ms
[3492.171s][info][gc,marking     ] GC(792) Concurrent Cleanup for Next Mark
[3492.179s][info][gc,marking     ] GC(792) Concurrent Cleanup for Next Mark 7.422ms
[3492.179s][info][gc             ] GC(792) Concurrent Mark Cycle 1144.551ms
..[3494.008s][info][gc,start       ] GC(793) Pause Young (Prepare Mixed) (G1 Evacuation Pause)
[3494.009s][info][gc,task        ] GC(793) Using 6 workers of 6 for evacuation
[3494.127s][info][gc,phases      ] GC(793)   Pre Evacuate Collection Set: 0.36ms
[3494.127s][info][gc,phases      ] GC(793)   Merge Heap Roots: 0.49ms
[3494.127s][info][gc,phases      ] GC(793)   Evacuate Collection Set: 116.14ms
[3494.127s][info][gc,phases      ] GC(793)   Post Evacuate Collection Set: 0.96ms
[3494.127s][info][gc,phases      ] GC(793)   Other: 0.09ms
[3494.127s][info][gc,heap        ] GC(793) Eden regions: 1121->0(1109)
[3494.127s][info][gc,heap        ] GC(793) Survivor regions: 107->111(154)
[3494.127s][info][gc,heap        ] GC(793) Old regions: 504->534
[3494.127s][info][gc,heap        ] GC(793) Humongous regions: 80->80
[3494.127s][info][gc,metaspace   ] GC(793) Metaspace: 28940K(29376K)->28940K(29376K) NonClass: 24070K(24256K)->24070K(24256K) Class: 4869K(5120K)->4869K(5120K)
[3494.127s][info][gc             ] GC(793) Pause Young (Prepare Mixed) (G1 Evacuation Pause) 3621M->1447M(4096M) 118.182ms
[3494.127s][info][gc,cpu         ] GC(793) User=0.70s Sys=0.00s Real=0.12s
...[3497.072s][info][gc,start       ] GC(794) Pause Young (Mixed) (G1 Evacuation Pause)
[3497.072s][info][gc,task        ] GC(794) Using 6 workers of 6 for evacuation
[3497.213s][info][gc,phases      ] GC(794)   Pre Evacuate Collection Set: 0.36ms
[3497.213s][info][gc,phases      ] GC(794)   Merge Heap Roots: 0.71ms
[3497.213s][info][gc,phases      ] GC(794)   Evacuate Collection Set: 139.01ms
[3497.213s][info][gc,phases      ] GC(794)   Post Evacuate Collection Set: 0.95ms
[3497.213s][info][gc,phases      ] GC(794)   Other: 0.08ms
[3497.213s][info][gc,heap        ] GC(794) Eden regions: 1109->0(1115)
[3497.213s][info][gc,heap        ] GC(794) Survivor regions: 111->113(153)
[3497.213s][info][gc,heap        ] GC(794) Old regions: 534->471
[3497.213s][info][gc,heap        ] GC(794) Humongous regions: 80->80
[3497.213s][info][gc,metaspace   ] GC(794) Metaspace: 28940K(29376K)->28940K(29376K) NonClass: 24070K(24256K)->24070K(24256K) Class: 4869K(5120K)->4869K(5120K)
[3497.213s][info][gc             ] GC(794) Pause Young (Mixed) (G1 Evacuation Pause) 3665M->1325M(4096M) 141.241ms
[3497.213s][info][gc,cpu         ] GC(794) User=0.83s Sys=0.00s Real=0.14s
...[3500.156s][info][gc,start       ] GC(795) Pause Young (Concurrent Start) (G1 Evacuation Pause)
[3500.156s][info][gc,task        ] GC(795) Using 6 workers of 6 for evacuation
[3500.272s][info][gc,phases      ] GC(795)   Pre Evacuate Collection Set: 0.37ms
[3500.272s][info][gc,phases      ] GC(795)   Merge Heap Roots: 0.47ms
[3500.272s][info][gc,phases      ] GC(795)   Evacuate Collection Set: 114.22ms
[3500.272s][info][gc,phases      ] GC(795)   Post Evacuate Collection Set: 0.85ms
[3500.272s][info][gc,phases      ] GC(795)   Other: 0.13ms
[3500.272s][info][gc,heap        ] GC(795) Eden regions: 1115->0(1119)
[3500.272s][info][gc,heap        ] GC(795) Survivor regions: 113->109(154)
[3500.272s][info][gc,heap        ] GC(795) Old regions: 471->503
[3500.272s][info][gc,heap        ] GC(795) Humongous regions: 80->80
[3500.272s][info][gc,metaspace   ] GC(795) Metaspace: 28942K(29376K)->28942K(29376K) NonClass: 24072K(24256K)->24072K(24256K) Class: 4869K(5120K)->4869K(5120K)
[3500.272s][info][gc             ] GC(795) Pause Young (Concurrent Start) (G1 Evacuation Pause) 3555M->1380M(4096M) 116.179ms
[3500.272s][info][gc             ] GC(796) Concurrent Mark Cycle
[3500.272s][info][gc,marking     ] GC(796) Concurrent Scan Root Regions
[3500.272s][info][gc,cpu         ] GC(795) User=0.68s Sys=0.00s Real=0.12s
[3500.419s][info][gc,marking     ] GC(796) Concurrent Scan Root Regions 147.045ms
[3500.419s][info][gc,marking     ] GC(796) Concurrent Mark
[3500.419s][info][gc,marking     ] GC(796) Concurrent Mark From Roots
[3500.419s][info][gc,task        ] GC(796) Using 2 workers of 2 for marking
.[3501.114s][info][gc,marking     ] GC(796) Concurrent Mark From Roots 694.557ms
[3501.114s][info][gc,marking     ] GC(796) Concurrent Preclean
[3501.114s][info][gc,marking     ] GC(796) Concurrent Preclean 0.082ms
[3501.114s][info][gc,start       ] GC(796) Pause Remark
[3501.119s][info][gc             ] GC(796) Pause Remark 2060M->2060M(4096M) 5.118ms
[3501.119s][info][gc,cpu         ] GC(796) User=0.03s Sys=0.00s Real=0.01s
[3501.119s][info][gc,marking     ] GC(796) Concurrent Mark 700.454ms
[3501.119s][info][gc,marking     ] GC(796) Concurrent Rebuild Remembered Sets and Scrub Regions
[3501.400s][info][gc,marking     ] GC(796) Concurrent Rebuild Remembered Sets and Scrub Regions 280.655ms
[3501.400s][info][gc,start       ] GC(796) Pause Cleanup
[3501.400s][info][gc             ] GC(796) Pause Cleanup 2263M->2263M(4096M) 0.102ms
[3501.400s][info][gc,cpu         ] GC(796) User=0.00s Sys=0.00s Real=0.00s
[3501.400s][info][gc,marking     ] GC(796) Concurrent Clear Claimed Marks
[3501.400s][info][gc,marking     ] GC(796) Concurrent Clear Claimed Marks 0.023ms
[3501.400s][info][gc,marking     ] GC(796) Concurrent Cleanup for Next Mark
[3501.405s][info][gc,marking     ] GC(796) Concurrent Cleanup for Next Mark 4.410ms
[3501.405s][info][gc             ] GC(796) Concurrent Mark Cycle 1133.034ms
..[3503.271s][info][gc,start       ] GC(797) Pause Young (Prepare Mixed) (G1 Evacuation Pause)
[3503.271s][info][gc,task        ] GC(797) Using 6 workers of 6 for evacuation
[3503.389s][info][gc,phases      ] GC(797)   Pre Evacuate Collection Set: 0.34ms
[3503.389s][info][gc,phases      ] GC(797)   Merge Heap Roots: 0.56ms
[3503.389s][info][gc,phases      ] GC(797)   Evacuate Collection Set: 115.32ms
[3503.389s][info][gc,phases      ] GC(797)   Post Evacuate Collection Set: 0.91ms
[3503.389s][info][gc,phases      ] GC(797)   Other: 0.10ms
[3503.389s][info][gc,heap        ] GC(797) Eden regions: 1119->0(1111)
[3503.389s][info][gc,heap        ] GC(797) Survivor regions: 109->110(154)
[3503.389s][info][gc,heap        ] GC(797) Old regions: 503->534
[3503.389s][info][gc,heap        ] GC(797) Humongous regions: 80->80
[3503.389s][info][gc,metaspace   ] GC(797) Metaspace: 28942K(29376K)->28942K(29376K) NonClass: 24072K(24256K)->24072K(24256K) Class: 4869K(5120K)->4869K(5120K)
[3503.389s][info][gc             ] GC(797) Pause Young (Prepare Mixed) (G1 Evacuation Pause) 3618M->1445M(4096M) 117.370ms
[3503.389s][info][gc,cpu         ] GC(797) User=0.69s Sys=0.01s Real=0.12s
...[3506.390s][info][gc,start       ] GC(798) Pause Young (Mixed) (G1 Evacuation Pause)
[3506.390s][info][gc,task        ] GC(798) Using 6 workers of 6 for evacuation
[3506.527s][info][gc,phases      ] GC(798)   Pre Evacuate Collection Set: 0.39ms
[3506.527s][info][gc,phases      ] GC(798)   Merge Heap Roots: 0.62ms
[3506.527s][info][gc,phases      ] GC(798)   Evacuate Collection Set: 134.39ms
[3506.527s][info][gc,phases      ] GC(798)   Post Evacuate Collection Set: 0.94ms
[3506.527s][info][gc,phases      ] GC(798)   Other: 0.09ms
[3506.527s][info][gc,heap        ] GC(798) Eden regions: 1111->0(1116)
[3506.527s][info][gc,heap        ] GC(798) Survivor regions: 110->112(153)
[3506.527s][info][gc,heap        ] GC(798) Old regions: 534->472
[3506.527s][info][gc,heap        ] GC(798) Humongous regions: 80->80
[3506.527s][info][gc,metaspace   ] GC(798) Metaspace: 28942K(29376K)->28942K(29376K) NonClass: 24072K(24256K)->24072K(24256K) Class: 4869K(5120K)->4869K(5120K)
[3506.527s][info][gc             ] GC(798) Pause Young (Mixed) (G1 Evacuation Pause) 3667M->1324M(4096M) 136.550ms
[3506.527s][info][gc,cpu         ] GC(798) User=0.81s Sys=0.00s Real=0.14s
...[3509.474s][info][gc,start       ] GC(799) Pause Young (Concurrent Start) (G1 Evacuation Pause)
[3509.474s][info][gc,task        ] GC(799) Using 6 workers of 6 for evacuation
[3509.591s][info][gc,phases      ] GC(799)   Pre Evacuate Collection Set: 0.41ms
[3509.591s][info][gc,phases      ] GC(799)   Merge Heap Roots: 0.47ms
[3509.591s][info][gc,phases      ] GC(799)   Evacuate Collection Set: 115.47ms
[3509.591s][info][gc,phases      ] GC(799)   Post Evacuate Collection Set: 0.89ms
[3509.591s][info][gc,phases      ] GC(799)   Other: 0.11ms
[3509.591s][info][gc,heap        ] GC(799) Eden regions: 1116->0(1118)
[3509.591s][info][gc,heap        ] GC(799) Survivor regions: 112->110(154)
[3509.592s][info][gc,heap        ] GC(799) Old regions: 472->504
[3509.592s][info][gc,heap        ] GC(799) Humongous regions: 80->80
[3509.592s][info][gc,metaspace   ] GC(799) Metaspace: 28942K(29376K)->28942K(29376K) NonClass: 24072K(24256K)->24072K(24256K) Class: 4869K(5120K)->4869K(5120K)
[3509.592s][info][gc             ] GC(799) Pause Young (Concurrent Start) (G1 Evacuation Pause) 3556M->1385M(4096M) 117.491ms
[3509.592s][info][gc             ] GC(800) Concurrent Mark Cycle
[3509.592s][info][gc,marking     ] GC(800) Concurrent Scan Root Regions
[3509.592s][info][gc,cpu         ] GC(799) User=0.70s Sys=0.00s Real=0.12s
[3509.762s][info][gc,marking     ] GC(800) Concurrent Scan Root Regions 170.432ms
[3509.762s][info][gc,marking     ] GC(800) Concurrent Mark
[3509.762s][info][gc,marking     ] GC(800) Concurrent Mark From Roots
[3509.762s][info][gc,task        ] GC(800) Using 2 workers of 2 for marking
.[3510.470s][info][gc,marking     ] GC(800) Concurrent Mark From Roots 708.050ms
[3510.470s][info][gc,marking     ] GC(800) Concurrent Preclean
[3510.470s][info][gc,marking     ] GC(800) Concurrent Preclean 0.114ms
[3510.470s][info][gc,start       ] GC(800) Pause Remark
[3510.475s][info][gc             ] GC(800) Pause Remark 2127M->2127M(4096M) 4.871ms
[3510.475s][info][gc,cpu         ] GC(800) User=0.02s Sys=0.00s Real=0.00s
[3510.475s][info][gc,marking     ] GC(800) Concurrent Mark 713.311ms
[3510.475s][info][gc,marking     ] GC(800) Concurrent Rebuild Remembered Sets and Scrub Regions
[3510.726s][info][gc,marking     ] GC(800) Concurrent Rebuild Remembered Sets and Scrub Regions 251.074ms
[3510.727s][info][gc,start       ] GC(800) Pause Cleanup
[3510.727s][info][gc             ] GC(800) Pause Cleanup 2308M->2308M(4096M) 0.111ms
[3510.727s][info][gc,cpu         ] GC(800) User=0.00s Sys=0.00s Real=0.00s
[3510.727s][info][gc,marking     ] GC(800) Concurrent Clear Claimed Marks
[3510.727s][info][gc,marking     ] GC(800) Concurrent Clear Claimed Marks 0.031ms
[3510.727s][info][gc,marking     ] GC(800) Concurrent Cleanup for Next Mark
[3510.732s][info][gc,marking     ] GC(800) Concurrent Cleanup for Next Mark 4.900ms
[3510.732s][info][gc             ] GC(800) Concurrent Mark Cycle 1140.418ms
..[3512.500s][info][gc,start       ] GC(801) Pause Young (Prepare Mixed) (G1 Evacuation Pause)
[3512.500s][info][gc,task        ] GC(801) Using 6 workers of 6 for evacuation
[3512.616s][info][gc,phases      ] GC(801)   Pre Evacuate Collection Set: 0.32ms
[3512.616s][info][gc,phases      ] GC(801)   Merge Heap Roots: 0.54ms
[3512.616s][info][gc,phases      ] GC(801)   Evacuate Collection Set: 114.45ms
[3512.616s][info][gc,phases      ] GC(801)   Post Evacuate Collection Set: 0.93ms
[3512.616s][info][gc,phases      ] GC(801)   Other: 0.10ms
[3512.616s][info][gc,heap        ] GC(801) Eden regions: 1118->0(1111)
[3512.616s][info][gc,heap        ] GC(801) Survivor regions: 110->109(154)
[3512.616s][info][gc,heap        ] GC(801) Old regions: 504->536
[3512.616s][info][gc,heap        ] GC(801) Humongous regions: 80->80
[3512.616s][info][gc,metaspace   ] GC(801) Metaspace: 28942K(29376K)->28942K(29376K) NonClass: 24072K(24256K)->24072K(24256K) Class: 4869K(5120K)->4869K(5120K)
[3512.616s][info][gc             ] GC(801) Pause Young (Prepare Mixed) (G1 Evacuation Pause) 3621M->1447M(4096M) 116.462ms
[3512.616s][info][gc,cpu         ] GC(801) User=0.69s Sys=0.00s Real=0.12s
...[3515.596s][info][gc,start       ] GC(802) Pause Young (Mixed) (G1 Evacuation Pause)
[3515.596s][info][gc,task        ] GC(802) Using 6 workers of 6 for evacuation
[3515.732s][info][gc,phases      ] GC(802)   Pre Evacuate Collection Set: 0.41ms
[3515.732s][info][gc,phases      ] GC(802)   Merge Heap Roots: 0.67ms
[3515.732s][info][gc,phases      ] GC(802)   Evacuate Collection Set: 133.06ms
[3515.732s][info][gc,phases      ] GC(802)   Post Evacuate Collection Set: 0.94ms
[3515.732s][info][gc,phases      ] GC(802)   Other: 0.09ms
[3515.732s][info][gc,heap        ] GC(802) Eden regions: 1111->0(1119)
[3515.732s][info][gc,heap        ] GC(802) Survivor regions: 109->109(153)
[3515.732s][info][gc,heap        ] GC(802) Old regions: 536->473
[3515.732s][info][gc,heap        ] GC(802) Humongous regions: 80->80
[3515.732s][info][gc,metaspace   ] GC(802) Metaspace: 28942K(29376K)->28942K(29376K) NonClass: 24072K(24256K)->24072K(24256K) Class: 4869K(5120K)->4869K(5120K)
[3515.732s][info][gc             ] GC(802) Pause Young (Mixed) (G1 Evacuation Pause) 3669M->1322M(4096M) 135.316ms
[3515.732s][info][gc,cpu         ] GC(802) User=0.80s Sys=0.00s Real=0.13s
...[3518.830s][info][gc,start       ] GC(803) Pause Young (Concurrent Start) (G1 Evacuation Pause)
[3518.830s][info][gc,task        ] GC(803) Using 6 workers of 6 for evacuation
[3518.947s][info][gc,phases      ] GC(803)   Pre Evacuate Collection Set: 0.39ms
[3518.947s][info][gc,phases      ] GC(803)   Merge Heap Roots: 0.46ms
[3518.947s][info][gc,phases      ] GC(803)   Evacuate Collection Set: 115.02ms
[3518.947s][info][gc,phases      ] GC(803)   Post Evacuate Collection Set: 0.91ms
[3518.947s][info][gc,phases      ] GC(803)   Other: 0.12ms
[3518.947s][info][gc,heap        ] GC(803) Eden regions: 1119->0(1120)
[3518.947s][info][gc,heap        ] GC(803) Survivor regions: 109->108(154)
[3518.947s][info][gc,heap        ] GC(803) Old regions: 473->505
[3518.947s][info][gc,heap        ] GC(803) Humongous regions: 80->80
[3518.947s][info][gc,metaspace   ] GC(803) Metaspace: 28942K(29376K)->28942K(29376K) NonClass: 24072K(24256K)->24072K(24256K) Class: 4869K(5120K)->4869K(5120K)
[3518.947s][info][gc             ] GC(803) Pause Young (Concurrent Start) (G1 Evacuation Pause) 3560M->1383M(4096M) 117.019ms
[3518.947s][info][gc             ] GC(804) Concurrent Mark Cycle
[3518.947s][info][gc,marking     ] GC(804) Concurrent Scan Root Regions
[3518.947s][info][gc,cpu         ] GC(803) User=0.69s Sys=0.00s Real=0.12s
[3519.117s][info][gc,marking     ] GC(804) Concurrent Scan Root Regions 169.060ms
[3519.117s][info][gc,marking     ] GC(804) Concurrent Mark
[3519.117s][info][gc,marking     ] GC(804) Concurrent Mark From Roots
[3519.117s][info][gc,task        ] GC(804) Using 2 workers of 2 for marking
. (rIR:aIR:PR = 6088:6068:6068) (tPR = 90065) [OK] 
  3519s: Performance info:
         Transaction,    Success,    Partial,     Failed,   Receipts, AvgBarcode, 
             Overall,     366631,          0,          0,     348293,      59.47, 
         Response times:
             Request,    Success,    Partial,     Failed,   SkipFail,     Probes,    Samples,      min,      p50,      p90,      p95,      p99,      max, 
       TotalPurchase,     348291,          0,          0,          0,     340725,     382970,      300,     5100,    21000,    50000,   113000,   272000,
     InStorePurchase,     183338,          0,          0,          0,     179947,     202057,      300,     5100,    21000,    50000,   111000,   241000,
      OnlinePurchase,     128297,          0,          0,          0,     125329,     140580,      300,     5100,    21000,    50000,   115000,   261000,
        InstPurchase,      36656,          0,          0,          0,      35449,      40333,      400,     4900,    21000,    50000,   115000,   272000,
          AssocOfCat,        367,          0,          0,          0,        303,        427,    25000,    35000,    73400,   107200,   163640,   196000,
      AssocOfProduct,       3671,          0,          0,          0,       3388,       4013,      500,     4300,    17900,    43000,   102580,   201000,
      BusinessReport,        910,          0,          0,          0,        789,       1014,    26000,    36000,    72000,    98500,   167400,   222000,
          CustBuyBeh,       3669,          0,          0,          0,       3414,       4010,      600,     6300,    29000,    58000,   124000,   172000,
       ProductReturn,       9722,          0,          0,          0,       9370,      10819,      200,     5000,    18000,    47000,    97800,   223000,

  3519s: (45%)   IR =   6227 [3520.033s][info][gc,marking     ] GC(804) Concurrent Mark From Roots 916.616ms
[3520.033s][info][gc,marking     ] GC(804) Concurrent Preclean
[3520.033s][info][gc,marking     ] GC(804) Concurrent Preclean 0.093ms
[3520.033s][info][gc,start       ] GC(804) Pause Remark
[3520.039s][info][gc             ] GC(804) Pause Remark 2204M->2204M(4096M) 5.627ms
[3520.039s][info][gc,cpu         ] GC(804) User=0.03s Sys=0.00s Real=0.01s
[3520.039s][info][gc,marking     ] GC(804) Concurrent Mark 922.619ms
[3520.039s][info][gc,marking     ] GC(804) Concurrent Rebuild Remembered Sets and Scrub Regions
[3520.287s][info][gc,marking     ] GC(804) Concurrent Rebuild Remembered Sets and Scrub Regions 247.501ms
[3520.287s][info][gc,start       ] GC(804) Pause Cleanup
[3520.287s][info][gc             ] GC(804) Pause Cleanup 2380M->2380M(4096M) 0.113ms
[3520.287s][info][gc,cpu         ] GC(804) User=0.00s Sys=0.00s Real=0.00s
[3520.289s][info][gc,marking     ] GC(804) Concurrent Clear Claimed Marks
[3520.289s][info][gc,marking     ] GC(804) Concurrent Clear Claimed Marks 0.040ms
[3520.289s][info][gc,marking     ] GC(804) Concurrent Cleanup for Next Mark
[3520.294s][info][gc,marking     ] GC(804) Concurrent Cleanup for Next Mark 5.141ms
[3520.294s][info][gc             ] GC(804) Concurrent Mark Cycle 1346.418ms
..[3521.954s][info][gc,start       ] GC(805) Pause Young (Prepare Mixed) (G1 Evacuation Pause)
[3521.954s][info][gc,task        ] GC(805) Using 6 workers of 6 for evacuation
[3522.074s][info][gc,phases      ] GC(805)   Pre Evacuate Collection Set: 0.36ms
[3522.074s][info][gc,phases      ] GC(805)   Merge Heap Roots: 0.50ms
[3522.074s][info][gc,phases      ] GC(805)   Evacuate Collection Set: 117.76ms
[3522.074s][info][gc,phases      ] GC(805)   Post Evacuate Collection Set: 1.00ms
[3522.074s][info][gc,phases      ] GC(805)   Other: 0.09ms
[3522.074s][info][gc,heap        ] GC(805) Eden regions: 1120->0(1107)
[3522.074s][info][gc,heap        ] GC(805) Survivor regions: 108->111(154)
[3522.074s][info][gc,heap        ] GC(805) Old regions: 505->536
[3522.074s][info][gc,heap        ] GC(805) Humongous regions: 80->80
[3522.074s][info][gc,metaspace   ] GC(805) Metaspace: 28943K(29376K)->28943K(29376K) NonClass: 24074K(24256K)->24074K(24256K) Class: 4869K(5120K)->4869K(5120K)
[3522.074s][info][gc             ] GC(805) Pause Young (Prepare Mixed) (G1 Evacuation Pause) 3623M->1452M(4096M) 119.852ms
[3522.074s][info][gc,cpu         ] GC(805) User=0.70s Sys=0.00s Real=0.12s
..|.[3524.956s][info][gc,start       ] GC(806) Pause Young (Mixed) (G1 Evacuation Pause)
[3524.956s][info][gc,task        ] GC(806) Using 6 workers of 6 for evacuation
[3525.090s][info][gc,phases      ] GC(806)   Pre Evacuate Collection Set: 0.40ms
[3525.090s][info][gc,phases      ] GC(806)   Merge Heap Roots: 0.74ms
[3525.090s][info][gc,phases      ] GC(806)   Evacuate Collection Set: 132.19ms
[3525.090s][info][gc,phases      ] GC(806)   Post Evacuate Collection Set: 0.93ms
[3525.090s][info][gc,phases      ] GC(806)   Other: 0.09ms
[3525.090s][info][gc,heap        ] GC(806) Eden regions: 1107->0(1121)
[3525.090s][info][gc,heap        ] GC(806) Survivor regions: 111->107(153)
[3525.090s][info][gc,heap        ] GC(806) Old regions: 536->473
[3525.090s][info][gc,heap        ] GC(806) Humongous regions: 80->80
[3525.090s][info][gc,metaspace   ] GC(806) Metaspace: 28943K(29376K)->28943K(29376K) NonClass: 24074K(24256K)->24074K(24256K) Class: 4869K(5120K)->4869K(5120K)
[3525.090s][info][gc             ] GC(806) Pause Young (Mixed) (G1 Evacuation Pause) 3666M->1316M(4096M) 134.493ms
[3525.090s][info][gc,cpu         ] GC(806) User=0.79s Sys=0.01s Real=0.14s
...[3527.973s][info][gc,start       ] GC(807) Pause Young (Concurrent Start) (G1 Evacuation Pause)
[3527.973s][info][gc,task        ] GC(807) Using 6 workers of 6 for evacuation
[3528.089s][info][gc,phases      ] GC(807)   Pre Evacuate Collection Set: 0.36ms
[3528.089s][info][gc,phases      ] GC(807)   Merge Heap Roots: 0.47ms
[3528.089s][info][gc,phases      ] GC(807)   Evacuate Collection Set: 114.31ms
[3528.089s][info][gc,phases      ] GC(807)   Post Evacuate Collection Set: 0.91ms
[3528.089s][info][gc,phases      ] GC(807)   Other: 0.11ms
[3528.089s][info][gc,heap        ] GC(807) Eden regions: 1121->0(1120)
[3528.089s][info][gc,heap        ] GC(807) Survivor regions: 107->108(154)
[3528.089s][info][gc,heap        ] GC(807) Old regions: 473->505
[3528.089s][info][gc,heap        ] GC(807) Humongous regions: 80->80
[3528.089s][info][gc,metaspace   ] GC(807) Metaspace: 28943K(29376K)->28943K(29376K) NonClass: 24074K(24256K)->24074K(24256K) Class: 4869K(5120K)->4869K(5120K)
[3528.089s][info][gc             ] GC(807) Pause Young (Concurrent Start) (G1 Evacuation Pause) 3558M->1383M(4096M) 116.312ms
[3528.089s][info][gc             ] GC(808) Concurrent Mark Cycle
[3528.089s][info][gc,marking     ] GC(808) Concurrent Scan Root Regions
[3528.089s][info][gc,cpu         ] GC(807) User=0.69s Sys=0.00s Real=0.12s
[3528.267s][info][gc,marking     ] GC(808) Concurrent Scan Root Regions 177.577ms
[3528.267s][info][gc,marking     ] GC(808) Concurrent Mark
[3528.267s][info][gc,marking     ] GC(808) Concurrent Mark From Roots
[3528.267s][info][gc,task        ] GC(808) Using 2 workers of 2 for marking
.[3528.998s][info][gc,marking     ] GC(808) Concurrent Mark From Roots 730.988ms
[3528.998s][info][gc,marking     ] GC(808) Concurrent Preclean
[3528.998s][info][gc,marking     ] GC(808) Concurrent Preclean 0.165ms
[3528.999s][info][gc,start       ] GC(808) Pause Remark
[3529.004s][info][gc             ] GC(808) Pause Remark 2129M->2129M(4096M) 5.227ms
[3529.004s][info][gc,cpu         ] GC(808) User=0.03s Sys=0.00s Real=0.00s
[3529.005s][info][gc,marking     ] GC(808) Concurrent Mark 737.680ms
[3529.005s][info][gc,marking     ] GC(808) Concurrent Rebuild Remembered Sets and Scrub Regions
[3529.249s][info][gc,marking     ] GC(808) Concurrent Rebuild Remembered Sets and Scrub Regions 244.564ms
[3529.249s][info][gc,start       ] GC(808) Pause Cleanup
[3529.250s][info][gc             ] GC(808) Pause Cleanup 2289M->2289M(4096M) 0.105ms
[3529.250s][info][gc,cpu         ] GC(808) User=0.00s Sys=0.00s Real=0.00s
[3529.251s][info][gc,marking     ] GC(808) Concurrent Clear Claimed Marks
[3529.251s][info][gc,marking     ] GC(808) Concurrent Clear Claimed Marks 0.044ms
[3529.251s][info][gc,marking     ] GC(808) Concurrent Cleanup for Next Mark
[3529.256s][info][gc,marking     ] GC(808) Concurrent Cleanup for Next Mark 4.470ms
[3529.256s][info][gc             ] GC(808) Concurrent Mark Cycle 1166.375ms
..[3531.029s][info][gc,start       ] GC(809) Pause Young (Prepare Mixed) (G1 Evacuation Pause)
[3531.029s][info][gc,task        ] GC(809) Using 6 workers of 6 for evacuation
[3531.145s][info][gc,phases      ] GC(809)   Pre Evacuate Collection Set: 0.35ms
[3531.145s][info][gc,phases      ] GC(809)   Merge Heap Roots: 0.49ms
[3531.145s][info][gc,phases      ] GC(809)   Evacuate Collection Set: 114.75ms
[3531.145s][info][gc,phases      ] GC(809)   Post Evacuate Collection Set: 0.93ms
[3531.145s][info][gc,phases      ] GC(809)   Other: 0.09ms
[3531.145s][info][gc,heap        ] GC(809) Eden regions: 1120->0(1111)
[3531.145s][info][gc,heap        ] GC(809) Survivor regions: 108->109(154)
[3531.145s][info][gc,heap        ] GC(809) Old regions: 505->536
[3531.145s][info][gc,heap        ] GC(809) Humongous regions: 80->80
[3531.145s][info][gc,metaspace   ] GC(809) Metaspace: 28943K(29376K)->28943K(29376K) NonClass: 24074K(24256K)->24074K(24256K) Class: 4869K(5120K)->4869K(5120K)
[3531.145s][info][gc             ] GC(809) Pause Young (Prepare Mixed) (G1 Evacuation Pause) 3623M->1446M(4096M) 116.747ms
[3531.145s][info][gc,cpu         ] GC(809) User=0.69s Sys=0.00s Real=0.11s
...[3533.953s][info][gc,start       ] GC(810) Pause Young (Mixed) (G1 Evacuation Pause)
[3533.953s][info][gc,task        ] GC(810) Using 6 workers of 6 for evacuation
[3534.088s][info][gc,phases      ] GC(810)   Pre Evacuate Collection Set: 0.39ms
[3534.088s][info][gc,phases      ] GC(810)   Merge Heap Roots: 0.63ms
[3534.088s][info][gc,phases      ] GC(810)   Evacuate Collection Set: 132.18ms
[3534.088s][info][gc,phases      ] GC(810)   Post Evacuate Collection Set: 0.96ms
[3534.088s][info][gc,phases      ] GC(810)   Other: 0.09ms
[3534.088s][info][gc,heap        ] GC(810) Eden regions: 1111->0(1119)
[3534.088s][info][gc,heap        ] GC(810) Survivor regions: 109->109(153)
[3534.088s][info][gc,heap        ] GC(810) Old regions: 536->474
[3534.088s][info][gc,heap        ] GC(810) Humongous regions: 80->80
[3534.088s][info][gc,metaspace   ] GC(810) Metaspace: 28943K(29376K)->28943K(29376K) NonClass: 24074K(24256K)->24074K(24256K) Class: 4869K(5120K)->4869K(5120K)
[3534.088s][info][gc             ] GC(810) Pause Young (Mixed) (G1 Evacuation Pause) 3668M->1323M(4096M) 134.386ms
[3534.088s][info][gc,cpu         ] GC(810) User=0.79s Sys=0.00s Real=0.14s
...[3537.044s][info][gc,start       ] GC(811) Pause Young (Concurrent Start) (G1 Evacuation Pause)
[3537.044s][info][gc,task        ] GC(811) Using 6 workers of 6 for evacuation
[3537.159s][info][gc,phases      ] GC(811)   Pre Evacuate Collection Set: 0.35ms
[3537.159s][info][gc,phases      ] GC(811)   Merge Heap Roots: 0.47ms
[3537.159s][info][gc,phases      ] GC(811)   Evacuate Collection Set: 113.33ms
[3537.159s][info][gc,phases      ] GC(811)   Post Evacuate Collection Set: 0.89ms
[3537.159s][info][gc,phases      ] GC(811)   Other: 0.10ms
[3537.159s][info][gc,heap        ] GC(811) Eden regions: 1119->0(1121)
[3537.159s][info][gc,heap        ] GC(811) Survivor regions: 109->107(154)
[3537.159s][info][gc,heap        ] GC(811) Old regions: 474->507
[3537.159s][info][gc,heap        ] GC(811) Humongous regions: 80->80
[3537.159s][info][gc,metaspace   ] GC(811) Metaspace: 28943K(29376K)->28943K(29376K) NonClass: 24074K(24256K)->24074K(24256K) Class: 4869K(5120K)->4869K(5120K)
[3537.159s][info][gc             ] GC(811) Pause Young (Concurrent Start) (G1 Evacuation Pause) 3561M->1385M(4096M) 115.263ms
[3537.159s][info][gc             ] GC(812) Concurrent Mark Cycle
[3537.159s][info][gc,marking     ] GC(812) Concurrent Scan Root Regions
[3537.159s][info][gc,cpu         ] GC(811) User=0.68s Sys=0.00s Real=0.12s
[3537.329s][info][gc,marking     ] GC(812) Concurrent Scan Root Regions 169.598ms
[3537.329s][info][gc,marking     ] GC(812) Concurrent Mark
[3537.329s][info][gc,marking     ] GC(812) Concurrent Mark From Roots
[3537.329s][info][gc,task        ] GC(812) Using 2 workers of 2 for marking
.[3537.992s][info][gc,marking     ] GC(812) Concurrent Mark From Roots 663.489ms
[3537.992s][info][gc,marking     ] GC(812) Concurrent Preclean
[3537.992s][info][gc,marking     ] GC(812) Concurrent Preclean 0.115ms
[3537.993s][info][gc,start       ] GC(812) Pause Remark
[3537.998s][info][gc             ] GC(812) Pause Remark 2050M->2050M(4096M) 5.242ms
[3537.998s][info][gc,cpu         ] GC(812) User=0.03s Sys=0.00s Real=0.01s
[3537.998s][info][gc,marking     ] GC(812) Concurrent Mark 669.523ms
[3537.998s][info][gc,marking     ] GC(812) Concurrent Rebuild Remembered Sets and Scrub Regions
[3538.252s][info][gc,marking     ] GC(812) Concurrent Rebuild Remembered Sets and Scrub Regions 253.887ms
[3538.253s][info][gc,start       ] GC(812) Pause Cleanup
[3538.253s][info][gc             ] GC(812) Pause Cleanup 2252M->2252M(4096M) 0.111ms
[3538.253s][info][gc,cpu         ] GC(812) User=0.00s Sys=0.00s Real=0.00s
[3538.253s][info][gc,marking     ] GC(812) Concurrent Clear Claimed Marks
[3538.253s][info][gc,marking     ] GC(812) Concurrent Clear Claimed Marks 0.033ms
[3538.253s][info][gc,marking     ] GC(812) Concurrent Cleanup for Next Mark
[3538.257s][info][gc,marking     ] GC(812) Concurrent Cleanup for Next Mark 4.475ms
[3538.257s][info][gc             ] GC(812) Concurrent Mark Cycle 1098.193ms
..[3540.118s][info][gc,start       ] GC(813) Pause Young (Prepare Mixed) (G1 Evacuation Pause)
[3540.118s][info][gc,task        ] GC(813) Using 6 workers of 6 for evacuation
[3540.234s][info][gc,phases      ] GC(813)   Pre Evacuate Collection Set: 0.36ms
[3540.234s][info][gc,phases      ] GC(813)   Merge Heap Roots: 0.56ms
[3540.234s][info][gc,phases      ] GC(813)   Evacuate Collection Set: 114.08ms
[3540.234s][info][gc,phases      ] GC(813)   Post Evacuate Collection Set: 0.95ms
[3540.234s][info][gc,phases      ] GC(813)   Other: 0.10ms
[3540.234s][info][gc,heap        ] GC(813) Eden regions: 1121->0(1108)
[3540.234s][info][gc,heap        ] GC(813) Survivor regions: 107->110(154)
[3540.234s][info][gc,heap        ] GC(813) Old regions: 507->537
[3540.234s][info][gc,heap        ] GC(813) Humongous regions: 80->80
[3540.234s][info][gc,metaspace   ] GC(813) Metaspace: 28943K(29376K)->28943K(29376K) NonClass: 24074K(24256K)->24074K(24256K) Class: 4869K(5120K)->4869K(5120K)
[3540.234s][info][gc             ] GC(813) Pause Young (Prepare Mixed) (G1 Evacuation Pause) 3627M->1450M(4096M) 116.186ms
[3540.234s][info][gc,cpu         ] GC(813) User=0.69s Sys=0.00s Real=0.11s
...[3543.084s][info][gc,start       ] GC(814) Pause Young (Mixed) (G1 Evacuation Pause)
[3543.084s][info][gc,task        ] GC(814) Using 6 workers of 6 for evacuation
[3543.217s][info][gc,phases      ] GC(814)   Pre Evacuate Collection Set: 0.38ms
[3543.217s][info][gc,phases      ] GC(814)   Merge Heap Roots: 0.69ms
[3543.217s][info][gc,phases      ] GC(814)   Evacuate Collection Set: 130.93ms
[3543.217s][info][gc,phases      ] GC(814)   Post Evacuate Collection Set: 0.99ms
[3543.217s][info][gc,phases      ] GC(814)   Other: 0.09ms
[3543.217s][info][gc,heap        ] GC(814) Eden regions: 1108->0(1121)
[3543.217s][info][gc,heap        ] GC(814) Survivor regions: 110->107(153)
[3543.217s][info][gc,heap        ] GC(814) Old regions: 537->473
[3543.217s][info][gc,heap        ] GC(814) Humongous regions: 80->80
[3543.217s][info][gc,metaspace   ] GC(814) Metaspace: 28943K(29376K)->28943K(29376K) NonClass: 24074K(24256K)->24074K(24256K) Class: 4869K(5120K)->4869K(5120K)
[3543.217s][info][gc             ] GC(814) Pause Young (Mixed) (G1 Evacuation Pause) 3666M->1317M(4096M) 133.202ms
[3543.218s][info][gc,cpu         ] GC(814) User=0.79s Sys=0.00s Real=0.14s
...[3546.157s][info][gc,start       ] GC(815) Pause Young (Concurrent Start) (G1 Evacuation Pause)
[3546.157s][info][gc,task        ] GC(815) Using 6 workers of 6 for evacuation
[3546.275s][info][gc,phases      ] GC(815)   Pre Evacuate Collection Set: 0.38ms
[3546.275s][info][gc,phases      ] GC(815)   Merge Heap Roots: 0.45ms
[3546.275s][info][gc,phases      ] GC(815)   Evacuate Collection Set: 115.54ms
[3546.275s][info][gc,phases      ] GC(815)   Post Evacuate Collection Set: 0.88ms
[3546.275s][info][gc,phases      ] GC(815)   Other: 0.11ms
[3546.275s][info][gc,heap        ] GC(815) Eden regions: 1121->0(1118)
[3546.275s][info][gc,heap        ] GC(815) Survivor regions: 107->110(154)
[3546.275s][info][gc,heap        ] GC(815) Old regions: 473->505
[3546.275s][info][gc,heap        ] GC(815) Humongous regions: 80->80
[3546.275s][info][gc,metaspace   ] GC(815) Metaspace: 28943K(29376K)->28943K(29376K) NonClass: 24074K(24256K)->24074K(24256K) Class: 4869K(5120K)->4869K(5120K)
[3546.275s][info][gc             ] GC(815) Pause Young (Concurrent Start) (G1 Evacuation Pause) 3559M->1386M(4096M) 117.519ms
[3546.275s][info][gc             ] GC(816) Concurrent Mark Cycle
[3546.275s][info][gc,marking     ] GC(816) Concurrent Scan Root Regions
[3546.275s][info][gc,cpu         ] GC(815) User=0.70s Sys=0.00s Real=0.11s
[3546.448s][info][gc,marking     ] GC(816) Concurrent Scan Root Regions 173.028ms
[3546.448s][info][gc,marking     ] GC(816) Concurrent Mark
[3546.448s][info][gc,marking     ] GC(816) Concurrent Mark From Roots
[3546.448s][info][gc,task        ] GC(816) Using 2 workers of 2 for marking
.[3547.341s][info][gc,marking     ] GC(816) Concurrent Mark From Roots 893.111ms
[3547.341s][info][gc,marking     ] GC(816) Concurrent Preclean
[3547.341s][info][gc,marking     ] GC(816) Concurrent Preclean 0.109ms
[3547.342s][info][gc,start       ] GC(816) Pause Remark
[3547.346s][info][gc             ] GC(816) Pause Remark 2272M->2272M(4096M) 3.851ms
[3547.346s][info][gc,cpu         ] GC(816) User=0.02s Sys=0.00s Real=0.01s
[3547.346s][info][gc,marking     ] GC(816) Concurrent Mark 898.283ms
[3547.346s][info][gc,marking     ] GC(816) Concurrent Rebuild Remembered Sets and Scrub Regions
.[3547.706s][info][gc,marking     ] GC(816) Concurrent Rebuild Remembered Sets and Scrub Regions 359.294ms
[3547.706s][info][gc,start       ] GC(816) Pause Cleanup
[3547.706s][info][gc             ] GC(816) Pause Cleanup 2578M->2578M(4096M) 0.108ms
[3547.706s][info][gc,cpu         ] GC(816) User=0.00s Sys=0.00s Real=0.01s
[3547.706s][info][gc,marking     ] GC(816) Concurrent Clear Claimed Marks
[3547.706s][info][gc,marking     ] GC(816) Concurrent Clear Claimed Marks 0.037ms
[3547.706s][info][gc,marking     ] GC(816) Concurrent Cleanup for Next Mark
[3547.710s][info][gc,marking     ] GC(816) Concurrent Cleanup for Next Mark 3.488ms
[3547.710s][info][gc             ] GC(816) Concurrent Mark Cycle 1434.578ms
.[3549.181s][info][gc,start       ] GC(817) Pause Young (Prepare Mixed) (G1 Evacuation Pause)
[3549.181s][info][gc,task        ] GC(817) Using 6 workers of 6 for evacuation
[3549.298s][info][gc,phases      ] GC(817)   Pre Evacuate Collection Set: 0.33ms
[3549.298s][info][gc,phases      ] GC(817)   Merge Heap Roots: 0.64ms
[3549.298s][info][gc,phases      ] GC(817)   Evacuate Collection Set: 115.15ms
[3549.298s][info][gc,phases      ] GC(817)   Post Evacuate Collection Set: 0.93ms
[3549.298s][info][gc,phases      ] GC(817)   Other: 0.09ms
[3549.298s][info][gc,heap        ] GC(817) Eden regions: 1118->0(1110)
[3549.298s][info][gc,heap        ] GC(817) Survivor regions: 110->109(154)
[3549.298s][info][gc,heap        ] GC(817) Old regions: 505->537
[3549.298s][info][gc,heap        ] GC(817) Humongous regions: 80->80
[3549.298s][info][gc,metaspace   ] GC(817) Metaspace: 28943K(29376K)->28943K(29376K) NonClass: 24074K(24256K)->24074K(24256K) Class: 4869K(5120K)->4869K(5120K)
[3549.298s][info][gc             ] GC(817) Pause Young (Prepare Mixed) (G1 Evacuation Pause) 3622M->1449M(4096M) 117.287ms
[3549.298s][info][gc,cpu         ] GC(817) User=0.70s Sys=0.00s Real=0.12s
...[3552.227s][info][gc,start       ] GC(818) Pause Young (Mixed) (G1 Evacuation Pause)
[3552.227s][info][gc,task        ] GC(818) Using 6 workers of 6 for evacuation
[3552.359s][info][gc,phases      ] GC(818)   Pre Evacuate Collection Set: 0.40ms
[3552.359s][info][gc,phases      ] GC(818)   Merge Heap Roots: 0.67ms
[3552.359s][info][gc,phases      ] GC(818)   Evacuate Collection Set: 130.16ms
[3552.359s][info][gc,phases      ] GC(818)   Post Evacuate Collection Set: 0.97ms
[3552.359s][info][gc,phases      ] GC(818)   Other: 0.09ms
[3552.359s][info][gc,heap        ] GC(818) Eden regions: 1110->0(1119)
[3552.359s][info][gc,heap        ] GC(818) Survivor regions: 109->109(153)
[3552.359s][info][gc,heap        ] GC(818) Old regions: 537->473
[3552.359s][info][gc,heap        ] GC(818) Humongous regions: 80->80
[3552.359s][info][gc,metaspace   ] GC(818) Metaspace: 28943K(29376K)->28943K(29376K) NonClass: 24074K(24256K)->24074K(24256K) Class: 4869K(5120K)->4869K(5120K)
[3552.359s][info][gc             ] GC(818) Pause Young (Mixed) (G1 Evacuation Pause) 3669M->1320M(4096M) 132.409ms
[3552.359s][info][gc,cpu         ] GC(818) User=0.78s Sys=0.00s Real=0.13s
...[3555.175s][info][gc,start       ] GC(819) Pause Young (Concurrent Start) (G1 Evacuation Pause)
[3555.175s][info][gc,task        ] GC(819) Using 6 workers of 6 for evacuation
[3555.291s][info][gc,phases      ] GC(819)   Pre Evacuate Collection Set: 0.41ms
[3555.291s][info][gc,phases      ] GC(819)   Merge Heap Roots: 0.56ms
[3555.291s][info][gc,phases      ] GC(819)   Evacuate Collection Set: 114.24ms
[3555.291s][info][gc,phases      ] GC(819)   Post Evacuate Collection Set: 0.87ms
[3555.291s][info][gc,phases      ] GC(819)   Other: 0.11ms
[3555.291s][info][gc,heap        ] GC(819) Eden regions: 1119->0(1121)
[3555.291s][info][gc,heap        ] GC(819) Survivor regions: 109->107(154)
[3555.291s][info][gc,heap        ] GC(819) Old regions: 473->505
[3555.291s][info][gc,heap        ] GC(819) Humongous regions: 80->80
[3555.291s][info][gc,metaspace   ] GC(819) Metaspace: 28943K(29376K)->28943K(29376K) NonClass: 24074K(24256K)->24074K(24256K) Class: 4869K(5120K)->4869K(5120K)
[3555.291s][info][gc             ] GC(819) Pause Young (Concurrent Start) (G1 Evacuation Pause) 3558M->1381M(4096M) 116.328ms
[3555.291s][info][gc             ] GC(820) Concurrent Mark Cycle
[3555.291s][info][gc,marking     ] GC(820) Concurrent Scan Root Regions
[3555.291s][info][gc,cpu         ] GC(819) User=0.69s Sys=0.01s Real=0.12s
[3555.461s][info][gc,marking     ] GC(820) Concurrent Scan Root Regions 169.662ms
[3555.461s][info][gc,marking     ] GC(820) Concurrent Mark
[3555.461s][info][gc,marking     ] GC(820) Concurrent Mark From Roots
[3555.461s][info][gc,task        ] GC(820) Using 2 workers of 2 for marking
.[3556.409s][info][gc,marking     ] GC(820) Concurrent Mark From Roots 947.984ms
[3556.409s][info][gc,marking     ] GC(820) Concurrent Preclean
[3556.409s][info][gc,marking     ] GC(820) Concurrent Preclean 0.076ms
[3556.409s][info][gc,start       ] GC(820) Pause Remark
[3556.415s][info][gc             ] GC(820) Pause Remark 2289M->2289M(4096M) 6.262ms
[3556.415s][info][gc,cpu         ] GC(820) User=0.04s Sys=0.00s Real=0.00s
[3556.415s][info][gc,marking     ] GC(820) Concurrent Mark 954.595ms
[3556.415s][info][gc,marking     ] GC(820) Concurrent Rebuild Remembered Sets and Scrub Regions
.[3556.775s][info][gc,marking     ] GC(820) Concurrent Rebuild Remembered Sets and Scrub Regions 360.032ms
[3556.775s][info][gc,start       ] GC(820) Pause Cleanup
[3556.776s][info][gc             ] GC(820) Pause Cleanup 2557M->2557M(4096M) 0.108ms
[3556.776s][info][gc,cpu         ] GC(820) User=0.00s Sys=0.00s Real=0.00s
[3556.776s][info][gc,marking     ] GC(820) Concurrent Clear Claimed Marks
[3556.776s][info][gc,marking     ] GC(820) Concurrent Clear Claimed Marks 0.028ms
[3556.776s][info][gc,marking     ] GC(820) Concurrent Cleanup for Next Mark
[3556.779s][info][gc,marking     ] GC(820) Concurrent Cleanup for Next Mark 3.699ms
[3556.779s][info][gc             ] GC(820) Concurrent Mark Cycle 1488.446ms
.[3558.259s][info][gc,start       ] GC(821) Pause Young (Prepare Mixed) (G1 Evacuation Pause)
[3558.259s][info][gc,task        ] GC(821) Using 6 workers of 6 for evacuation
[3558.376s][info][gc,phases      ] GC(821)   Pre Evacuate Collection Set: 0.33ms
[3558.376s][info][gc,phases      ] GC(821)   Merge Heap Roots: 0.51ms
[3558.376s][info][gc,phases      ] GC(821)   Evacuate Collection Set: 115.35ms
[3558.376s][info][gc,phases      ] GC(821)   Post Evacuate Collection Set: 0.94ms
[3558.376s][info][gc,phases      ] GC(821)   Other: 0.09ms
[3558.376s][info][gc,heap        ] GC(821) Eden regions: 1121->0(1110)
[3558.376s][info][gc,heap        ] GC(821) Survivor regions: 107->109(154)
[3558.376s][info][gc,heap        ] GC(821) Old regions: 505->537
[3558.376s][info][gc,heap        ] GC(821) Humongous regions: 80->80
[3558.376s][info][gc,metaspace   ] GC(821) Metaspace: 28943K(29376K)->28943K(29376K) NonClass: 24074K(24256K)->24074K(24256K) Class: 4869K(5120K)->4869K(5120K)
[3558.376s][info][gc             ] GC(821) Pause Young (Prepare Mixed) (G1 Evacuation Pause) 3623M->1448M(4096M) 117.336ms
[3558.376s][info][gc,cpu         ] GC(821) User=0.69s Sys=0.00s Real=0.12s
...[3561.226s][info][gc,start       ] GC(822) Pause Young (Mixed) (G1 Evacuation Pause)
[3561.226s][info][gc,task        ] GC(822) Using 6 workers of 6 for evacuation
[3561.366s][info][gc,phases      ] GC(822)   Pre Evacuate Collection Set: 0.36ms
[3561.366s][info][gc,phases      ] GC(822)   Merge Heap Roots: 0.72ms
[3561.366s][info][gc,phases      ] GC(822)   Evacuate Collection Set: 137.67ms
[3561.366s][info][gc,phases      ] GC(822)   Post Evacuate Collection Set: 0.95ms
[3561.366s][info][gc,phases      ] GC(822)   Other: 0.09ms
[3561.366s][info][gc,heap        ] GC(822) Eden regions: 1110->0(1115)
[3561.366s][info][gc,heap        ] GC(822) Survivor regions: 109->113(153)
[3561.366s][info][gc,heap        ] GC(822) Old regions: 537->472
[3561.366s][info][gc,heap        ] GC(822) Humongous regions: 80->80
[3561.366s][info][gc,metaspace   ] GC(822) Metaspace: 28943K(29376K)->28943K(29376K) NonClass: 24074K(24256K)->24074K(24256K) Class: 4869K(5120K)->4869K(5120K)
[3561.366s][info][gc             ] GC(822) Pause Young (Mixed) (G1 Evacuation Pause) 3668M->1326M(4096M) 139.921ms
[3561.366s][info][gc,cpu         ] GC(822) User=0.83s Sys=0.00s Real=0.14s
...[3564.285s][info][gc,start       ] GC(823) Pause Young (Concurrent Start) (G1 Evacuation Pause)
[3564.285s][info][gc,task        ] GC(823) Using 6 workers of 6 for evacuation
[3564.400s][info][gc,phases      ] GC(823)   Pre Evacuate Collection Set: 0.38ms
[3564.400s][info][gc,phases      ] GC(823)   Merge Heap Roots: 0.48ms
[3564.400s][info][gc,phases      ] GC(823)   Evacuate Collection Set: 113.91ms
[3564.400s][info][gc,phases      ] GC(823)   Post Evacuate Collection Set: 0.89ms
[3564.400s][info][gc,phases      ] GC(823)   Other: 0.10ms
[3564.400s][info][gc,heap        ] GC(823) Eden regions: 1115->0(1120)
[3564.400s][info][gc,heap        ] GC(823) Survivor regions: 113->108(154)
[3564.400s][info][gc,heap        ] GC(823) Old regions: 472->504
[3564.400s][info][gc,heap        ] GC(823) Humongous regions: 80->80
[3564.400s][info][gc,metaspace   ] GC(823) Metaspace: 28943K(29376K)->28943K(29376K) NonClass: 24074K(24256K)->24074K(24256K) Class: 4869K(5120K)->4869K(5120K)
[3564.400s][info][gc             ] GC(823) Pause Young (Concurrent Start) (G1 Evacuation Pause) 3556M->1382M(4096M) 115.882ms
[3564.400s][info][gc             ] GC(824) Concurrent Mark Cycle
[3564.400s][info][gc,marking     ] GC(824) Concurrent Scan Root Regions
[3564.400s][info][gc,cpu         ] GC(823) User=0.68s Sys=0.00s Real=0.12s
[3564.537s][info][gc,marking     ] GC(824) Concurrent Scan Root Regions 136.514ms
[3564.537s][info][gc,marking     ] GC(824) Concurrent Mark
[3564.537s][info][gc,marking     ] GC(824) Concurrent Mark From Roots
[3564.537s][info][gc,task        ] GC(824) Using 2 workers of 2 for marking
.[3565.487s][info][gc,marking     ] GC(824) Concurrent Mark From Roots 949.657ms
[3565.487s][info][gc,marking     ] GC(824) Concurrent Preclean
[3565.487s][info][gc,marking     ] GC(824) Concurrent Preclean 0.150ms
[3565.488s][info][gc,start       ] GC(824) Pause Remark
[3565.494s][info][gc             ] GC(824) Pause Remark 2282M->2282M(4096M) 5.532ms
[3565.494s][info][gc,cpu         ] GC(824) User=0.03s Sys=0.00s Real=0.00s
[3565.494s][info][gc,marking     ] GC(824) Concurrent Mark 956.863ms
[3565.494s][info][gc,marking     ] GC(824) Concurrent Rebuild Remembered Sets and Scrub Regions
.[3565.858s][info][gc,marking     ] GC(824) Concurrent Rebuild Remembered Sets and Scrub Regions 363.704ms
[3565.858s][info][gc,start       ] GC(824) Pause Cleanup
[3565.858s][info][gc             ] GC(824) Pause Cleanup 2576M->2576M(4096M) 0.113ms
[3565.858s][info][gc,cpu         ] GC(824) User=0.00s Sys=0.00s Real=0.00s
[3565.858s][info][gc,marking     ] GC(824) Concurrent Clear Claimed Marks
[3565.858s][info][gc,marking     ] GC(824) Concurrent Clear Claimed Marks 0.021ms
[3565.858s][info][gc,marking     ] GC(824) Concurrent Cleanup for Next Mark
[3565.861s][info][gc,marking     ] GC(824) Concurrent Cleanup for Next Mark 3.440ms
[3565.861s][info][gc             ] GC(824) Concurrent Mark Cycle 1460.990ms
.[3567.297s][info][gc,start       ] GC(825) Pause Young (Prepare Mixed) (G1 Evacuation Pause)
[3567.297s][info][gc,task        ] GC(825) Using 6 workers of 6 for evacuation
[3567.417s][info][gc,phases      ] GC(825)   Pre Evacuate Collection Set: 0.37ms
[3567.417s][info][gc,phases      ] GC(825)   Merge Heap Roots: 0.50ms
[3567.417s][info][gc,phases      ] GC(825)   Evacuate Collection Set: 117.69ms
[3567.417s][info][gc,phases      ] GC(825)   Post Evacuate Collection Set: 0.95ms
[3567.417s][info][gc,phases      ] GC(825)   Other: 0.09ms
[3567.417s][info][gc,heap        ] GC(825) Eden regions: 1120->0(1108)
[3567.417s][info][gc,heap        ] GC(825) Survivor regions: 108->111(154)
[3567.417s][info][gc,heap        ] GC(825) Old regions: 504->535
[3567.417s][info][gc,heap        ] GC(825) Humongous regions: 80->80
[3567.417s][info][gc,metaspace   ] GC(825) Metaspace: 28943K(29376K)->28943K(29376K) NonClass: 24074K(24256K)->24074K(24256K) Class: 4869K(5120K)->4869K(5120K)
[3567.417s][info][gc             ] GC(825) Pause Young (Prepare Mixed) (G1 Evacuation Pause) 3622M->1450M(4096M) 119.711ms
[3567.417s][info][gc,cpu         ] GC(825) User=0.71s Sys=0.00s Real=0.12s
...[3570.333s][info][gc,start       ] GC(826) Pause Young (Mixed) (G1 Evacuation Pause)
[3570.333s][info][gc,task        ] GC(826) Using 6 workers of 6 for evacuation
[3570.468s][info][gc,phases      ] GC(826)   Pre Evacuate Collection Set: 0.41ms
[3570.468s][info][gc,phases      ] GC(826)   Merge Heap Roots: 0.69ms
[3570.468s][info][gc,phases      ] GC(826)   Evacuate Collection Set: 132.58ms
[3570.468s][info][gc,phases      ] GC(826)   Post Evacuate Collection Set: 0.97ms
[3570.468s][info][gc,phases      ] GC(826)   Other: 0.09ms
[3570.468s][info][gc,heap        ] GC(826) Eden regions: 1108->0(1118)
[3570.468s][info][gc,heap        ] GC(826) Survivor regions: 111->110(153)
[3570.468s][info][gc,heap        ] GC(826) Old regions: 535->473
[3570.468s][info][gc,heap        ] GC(826) Humongous regions: 80->80
[3570.468s][info][gc,metaspace   ] GC(826) Metaspace: 28943K(29376K)->28943K(29376K) NonClass: 24074K(24256K)->24074K(24256K) Class: 4869K(5120K)->4869K(5120K)
[3570.468s][info][gc             ] GC(826) Pause Young (Mixed) (G1 Evacuation Pause) 3666M->1323M(4096M) 134.870ms
[3570.468s][info][gc,cpu         ] GC(826) User=0.80s Sys=0.00s Real=0.14s
...[3573.251s][info][gc,start       ] GC(827) Pause Young (Concurrent Start) (G1 Evacuation Pause)
[3573.251s][info][gc,task        ] GC(827) Using 6 workers of 6 for evacuation
[3573.367s][info][gc,phases      ] GC(827)   Pre Evacuate Collection Set: 0.40ms
[3573.367s][info][gc,phases      ] GC(827)   Merge Heap Roots: 0.47ms
[3573.367s][info][gc,phases      ] GC(827)   Evacuate Collection Set: 114.14ms
[3573.367s][info][gc,phases      ] GC(827)   Post Evacuate Collection Set: 0.90ms
[3573.367s][info][gc,phases      ] GC(827)   Other: 0.11ms
[3573.367s][info][gc,heap        ] GC(827) Eden regions: 1118->0(1120)
[3573.367s][info][gc,heap        ] GC(827) Survivor regions: 110->108(154)
[3573.367s][info][gc,heap        ] GC(827) Old regions: 473->505
[3573.367s][info][gc,heap        ] GC(827) Humongous regions: 80->80
[3573.367s][info][gc,metaspace   ] GC(827) Metaspace: 28943K(29376K)->28943K(29376K) NonClass: 24074K(24256K)->24074K(24256K) Class: 4869K(5120K)->4869K(5120K)
[3573.367s][info][gc             ] GC(827) Pause Young (Concurrent Start) (G1 Evacuation Pause) 3559M->1384M(4096M) 116.148ms
[3573.367s][info][gc             ] GC(828) Concurrent Mark Cycle
[3573.367s][info][gc,marking     ] GC(828) Concurrent Scan Root Regions
[3573.367s][info][gc,cpu         ] GC(827) User=0.69s Sys=0.00s Real=0.12s
[3573.536s][info][gc,marking     ] GC(828) Concurrent Scan Root Regions 169.301ms
[3573.536s][info][gc,marking     ] GC(828) Concurrent Mark
[3573.536s][info][gc,marking     ] GC(828) Concurrent Mark From Roots
[3573.536s][info][gc,task        ] GC(828) Using 2 workers of 2 for marking
.[3574.489s][info][gc,marking     ] GC(828) Concurrent Mark From Roots 952.134ms
[3574.489s][info][gc,marking     ] GC(828) Concurrent Preclean
[3574.489s][info][gc,marking     ] GC(828) Concurrent Preclean 0.095ms
[3574.489s][info][gc,start       ] GC(828) Pause Remark
[3574.495s][info][gc             ] GC(828) Pause Remark 2284M->2284M(4096M) 5.912ms
[3574.495s][info][gc,cpu         ] GC(828) User=0.03s Sys=0.00s Real=0.00s
[3574.495s][info][gc,marking     ] GC(828) Concurrent Mark 958.395ms
[3574.495s][info][gc,marking     ] GC(828) Concurrent Rebuild Remembered Sets and Scrub Regions
.[3574.740s][info][gc,marking     ] GC(828) Concurrent Rebuild Remembered Sets and Scrub Regions 244.791ms
[3574.740s][info][gc,start       ] GC(828) Pause Cleanup
[3574.740s][info][gc             ] GC(828) Pause Cleanup 2463M->2463M(4096M) 0.119ms
[3574.740s][info][gc,cpu         ] GC(828) User=0.00s Sys=0.00s Real=0.00s
[3574.741s][info][gc,marking     ] GC(828) Concurrent Clear Claimed Marks
[3574.741s][info][gc,marking     ] GC(828) Concurrent Clear Claimed Marks 0.026ms
[3574.741s][info][gc,marking     ] GC(828) Concurrent Cleanup for Next Mark
[3574.746s][info][gc,marking     ] GC(828) Concurrent Cleanup for Next Mark 5.077ms
[3574.746s][info][gc             ] GC(828) Concurrent Mark Cycle 1378.677ms
.[3576.367s][info][gc,start       ] GC(829) Pause Young (Prepare Mixed) (G1 Evacuation Pause)
[3576.367s][info][gc,task        ] GC(829) Using 6 workers of 6 for evacuation
[3576.487s][info][gc,phases      ] GC(829)   Pre Evacuate Collection Set: 0.35ms
[3576.487s][info][gc,phases      ] GC(829)   Merge Heap Roots: 0.54ms
[3576.487s][info][gc,phases      ] GC(829)   Evacuate Collection Set: 117.80ms
[3576.487s][info][gc,phases      ] GC(829)   Post Evacuate Collection Set: 0.93ms
[3576.487s][info][gc,phases      ] GC(829)   Other: 0.08ms
[3576.487s][info][gc,heap        ] GC(829) Eden regions: 1120->0(1106)
[3576.487s][info][gc,heap        ] GC(829) Survivor regions: 108->111(154)
[3576.487s][info][gc,heap        ] GC(829) Old regions: 505->537
[3576.487s][info][gc,heap        ] GC(829) Humongous regions: 80->80
[3576.487s][info][gc,metaspace   ] GC(829) Metaspace: 28943K(29376K)->28943K(29376K) NonClass: 24074K(24256K)->24074K(24256K) Class: 4869K(5120K)->4869K(5120K)
[3576.487s][info][gc             ] GC(829) Pause Young (Prepare Mixed) (G1 Evacuation Pause) 3624M->1453M(4096M) 119.832ms
[3576.487s][info][gc,cpu         ] GC(829) User=0.71s Sys=0.00s Real=0.12s
...[3579.299s][info][gc,start       ] GC(830) Pause Young (Mixed) (G1 Evacuation Pause)
[3579.299s][info][gc,task        ] GC(830) Using 6 workers of 6 for evacuation
[3579.435s][info][gc,phases      ] GC(830)   Pre Evacuate Collection Set: 0.43ms
[3579.435s][info][gc,phases      ] GC(830)   Merge Heap Roots: 0.72ms
[3579.435s][info][gc,phases      ] GC(830)   Evacuate Collection Set: 133.96ms
[3579.435s][info][gc,phases      ] GC(830)   Post Evacuate Collection Set: 1.05ms
[3579.435s][info][gc,phases      ] GC(830)   Other: 0.10ms
[3579.435s][info][gc,heap        ] GC(830) Eden regions: 1106->0(1115)
[3579.435s][info][gc,heap        ] GC(830) Survivor regions: 111->113(153)
[3579.435s][info][gc,heap        ] GC(830) Old regions: 537->474
[3579.435s][info][gc,heap        ] GC(830) Humongous regions: 80->80
[3579.435s][info][gc,metaspace   ] GC(830) Metaspace: 28943K(29376K)->28943K(29376K) NonClass: 24074K(24256K)->24074K(24256K) Class: 4869K(5120K)->4869K(5120K)
[3579.435s][info][gc             ] GC(830) Pause Young (Mixed) (G1 Evacuation Pause) 3665M->1330M(4096M) 136.403ms
[3579.435s][info][gc,cpu         ] GC(830) User=0.80s Sys=0.00s Real=0.13s
...[3582.327s][info][gc,start       ] GC(831) Pause Young (Concurrent Start) (G1 Evacuation Pause)
[3582.327s][info][gc,task        ] GC(831) Using 6 workers of 6 for evacuation
[3582.443s][info][gc,phases      ] GC(831)   Pre Evacuate Collection Set: 0.40ms
[3582.443s][info][gc,phases      ] GC(831)   Merge Heap Roots: 0.45ms
[3582.443s][info][gc,phases      ] GC(831)   Evacuate Collection Set: 114.41ms
[3582.443s][info][gc,phases      ] GC(831)   Post Evacuate Collection Set: 0.93ms
[3582.443s][info][gc,phases      ] GC(831)   Other: 0.11ms
[3582.443s][info][gc,heap        ] GC(831) Eden regions: 1115->0(1120)
[3582.443s][info][gc,heap        ] GC(831) Survivor regions: 113->108(154)
[3582.443s][info][gc,heap        ] GC(831) Old regions: 474->506
[3582.443s][info][gc,heap        ] GC(831) Humongous regions: 80->80
[3582.443s][info][gc,metaspace   ] GC(831) Metaspace: 28943K(29376K)->28943K(29376K) NonClass: 24074K(24256K)->24074K(24256K) Class: 4869K(5120K)->4869K(5120K)
[3582.443s][info][gc             ] GC(831) Pause Young (Concurrent Start) (G1 Evacuation Pause) 3560M->1386M(4096M) 116.439ms
[3582.443s][info][gc             ] GC(832) Concurrent Mark Cycle
[3582.443s][info][gc,marking     ] GC(832) Concurrent Scan Root Regions
[3582.443s][info][gc,cpu         ] GC(831) User=0.69s Sys=0.00s Real=0.11s
[3582.621s][info][gc,marking     ] GC(832) Concurrent Scan Root Regions 177.480ms
[3582.621s][info][gc,marking     ] GC(832) Concurrent Mark
[3582.621s][info][gc,marking     ] GC(832) Concurrent Mark From Roots
[3582.621s][info][gc,task        ] GC(832) Using 2 workers of 2 for marking
.[3583.522s][info][gc,marking     ] GC(832) Concurrent Mark From Roots 900.732ms
[3583.522s][info][gc,marking     ] GC(832) Concurrent Preclean
[3583.522s][info][gc,marking     ] GC(832) Concurrent Preclean 0.118ms
[3583.522s][info][gc,start       ] GC(832) Pause Remark
[3583.528s][info][gc             ] GC(832) Pause Remark 2304M->2304M(4096M) 5.356ms
[3583.528s][info][gc,cpu         ] GC(832) User=0.03s Sys=0.00s Real=0.01s
[3583.528s][info][gc,marking     ] GC(832) Concurrent Mark 907.039ms
[3583.528s][info][gc,marking     ] GC(832) Concurrent Rebuild Remembered Sets and Scrub Regions
. (rIR:aIR:PR = 6227:6226:6226) (tPR = 92173) [OK] 
  3583s: Performance info:
         Transaction,    Success,    Partial,     Failed,   Receipts, AvgBarcode, 
             Overall,     375666,          0,          0,     356893,      59.48, 
         Response times:
             Request,    Success,    Partial,     Failed,   SkipFail,     Probes,    Samples,      min,      p50,      p90,      p95,      p99,      max, 
       TotalPurchase,     357033,          0,          0,          0,     348600,     375752,      300,     5200,    19800,    44000,   110000,   234000,
     InStorePurchase,     187884,          0,          0,          0,     183687,     197778,      300,     5000,    19100,    43000,   110000,   234000,
      OnlinePurchase,     131586,          0,          0,          0,     128498,     138570,      300,     5400,    20000,    45000,   111000,   224000,
        InstPurchase,      37563,          0,          0,          0,      36415,      39404,      400,     5700,    23000,    46000,   104000,   193000,
          AssocOfCat,        379,          0,          0,          0,        304,        392,    23000,    36000,    67100,   106000,   178070,   201000,
      AssocOfProduct,       3750,          0,          0,          0,       3498,       3930,      400,     5100,    15600,    41450,   105000,   210000,
      BusinessReport,        943,          0,          0,          0,        824,        968,    23000,    39000,    82100,   119650,   183000,   239000,
          CustBuyBeh,       3760,          0,          0,          0,       3457,       3889,      200,     4900,    22000,    41000,   109100,   182000,
       ProductReturn,       9945,          0,          0,          0,       9480,      10413,      300,     4600,    19100,    41000,   104000,   221000,

  3583s: (46%)   IR =   6365 [3583.845s][info][gc,marking     ] GC(832) Concurrent Rebuild Remembered Sets and Scrub Regions 316.892ms
[3583.845s][info][gc,start       ] GC(832) Pause Cleanup
[3583.845s][info][gc             ] GC(832) Pause Cleanup 2540M->2540M(4096M) 0.107ms
[3583.845s][info][gc,cpu         ] GC(832) User=0.00s Sys=0.00s Real=0.00s
[3583.845s][info][gc,marking     ] GC(832) Concurrent Clear Claimed Marks
[3583.845s][info][gc,marking     ] GC(832) Concurrent Clear Claimed Marks 0.025ms
[3583.845s][info][gc,marking     ] GC(832) Concurrent Cleanup for Next Mark
[3583.848s][info][gc,marking     ] GC(832) Concurrent Cleanup for Next Mark 3.369ms
[3583.849s][info][gc             ] GC(832) Concurrent Mark Cycle 1405.221ms
.[3585.338s][info][gc,start       ] GC(833) Pause Young (Prepare Mixed) (G1 Evacuation Pause)
[3585.338s][info][gc,task        ] GC(833) Using 6 workers of 6 for evacuation
[3585.455s][info][gc,phases      ] GC(833)   Pre Evacuate Collection Set: 0.31ms
[3585.455s][info][gc,phases      ] GC(833)   Merge Heap Roots: 0.53ms
[3585.455s][info][gc,phases      ] GC(833)   Evacuate Collection Set: 115.16ms
[3585.455s][info][gc,phases      ] GC(833)   Post Evacuate Collection Set: 0.95ms
[3585.455s][info][gc,phases      ] GC(833)   Other: 0.09ms
[3585.455s][info][gc,heap        ] GC(833) Eden regions: 1120->0(1109)
[3585.455s][info][gc,heap        ] GC(833) Survivor regions: 108->109(154)
[3585.455s][info][gc,heap        ] GC(833) Old regions: 506->538
[3585.455s][info][gc,heap        ] GC(833) Humongous regions: 80->80
[3585.455s][info][gc,metaspace   ] GC(833) Metaspace: 28945K(29376K)->28945K(29376K) NonClass: 24075K(24256K)->24075K(24256K) Class: 4869K(5120K)->4869K(5120K)
[3585.455s][info][gc             ] GC(833) Pause Young (Prepare Mixed) (G1 Evacuation Pause) 3626M->1451M(4096M) 117.168ms
[3585.455s][info][gc,cpu         ] GC(833) User=0.69s Sys=0.00s Real=0.11s
...[3588.248s][info][gc,start       ] GC(834) Pause Young (Mixed) (G1 Evacuation Pause)
[3588.248s][info][gc,task        ] GC(834) Using 6 workers of 6 for evacuation
[3588.383s][info][gc,phases      ] GC(834)   Pre Evacuate Collection Set: 0.37ms
[3588.383s][info][gc,phases      ] GC(834)   Merge Heap Roots: 0.70ms
[3588.383s][info][gc,phases      ] GC(834)   Evacuate Collection Set: 132.79ms
[3588.383s][info][gc,phases      ] GC(834)   Post Evacuate Collection Set: 0.92ms
[3588.383s][info][gc,phases      ] GC(834)   Other: 0.09ms
[3588.383s][info][gc,heap        ] GC(834) Eden regions: 1109->0(1119)
[3588.383s][info][gc,heap        ] GC(834) Survivor regions: 109->109(153)
[3588.383s][info][gc,heap        ] GC(834) Old regions: 538->473
[3588.383s][info][gc,heap        ] GC(834) Humongous regions: 80->80
[3588.383s][info][gc,metaspace   ] GC(834) Metaspace: 28945K(29376K)->28945K(29376K) NonClass: 24075K(24256K)->24075K(24256K) Class: 4869K(5120K)->4869K(5120K)
[3588.383s][info][gc             ] GC(834) Pause Young (Mixed) (G1 Evacuation Pause) 3669M->1321M(4096M) 134.993ms
[3588.383s][info][gc,cpu         ] GC(834) User=0.80s Sys=0.00s Real=0.13s
..|.[3591.235s][info][gc,start       ] GC(835) Pause Young (Concurrent Start) (G1 Evacuation Pause)
[3591.235s][info][gc,task        ] GC(835) Using 6 workers of 6 for evacuation
[3591.353s][info][gc,phases      ] GC(835)   Pre Evacuate Collection Set: 0.36ms
[3591.353s][info][gc,phases      ] GC(835)   Merge Heap Roots: 0.47ms
[3591.353s][info][gc,phases      ] GC(835)   Evacuate Collection Set: 115.61ms
[3591.353s][info][gc,phases      ] GC(835)   Post Evacuate Collection Set: 0.91ms
[3591.353s][info][gc,phases      ] GC(835)   Other: 0.12ms
[3591.353s][info][gc,heap        ] GC(835) Eden regions: 1119->0(1119)
[3591.353s][info][gc,heap        ] GC(835) Survivor regions: 109->109(154)
[3591.353s][info][gc,heap        ] GC(835) Old regions: 473->505
[3591.353s][info][gc,heap        ] GC(835) Humongous regions: 80->80
[3591.353s][info][gc,metaspace   ] GC(835) Metaspace: 28945K(29376K)->28945K(29376K) NonClass: 24075K(24256K)->24075K(24256K) Class: 4869K(5120K)->4869K(5120K)
[3591.353s][info][gc             ] GC(835) Pause Young (Concurrent Start) (G1 Evacuation Pause) 3559M->1384M(4096M) 117.605ms
[3591.353s][info][gc             ] GC(836) Concurrent Mark Cycle
[3591.353s][info][gc,marking     ] GC(836) Concurrent Scan Root Regions
[3591.353s][info][gc,cpu         ] GC(835) User=0.69s Sys=0.00s Real=0.12s
[3591.522s][info][gc,marking     ] GC(836) Concurrent Scan Root Regions 169.039ms
[3591.522s][info][gc,marking     ] GC(836) Concurrent Mark
[3591.522s][info][gc,marking     ] GC(836) Concurrent Mark From Roots
[3591.522s][info][gc,task        ] GC(836) Using 2 workers of 2 for marking
.[3592.471s][info][gc,marking     ] GC(836) Concurrent Mark From Roots 949.405ms
[3592.471s][info][gc,marking     ] GC(836) Concurrent Preclean
[3592.471s][info][gc,marking     ] GC(836) Concurrent Preclean 0.140ms
[3592.473s][info][gc,start       ] GC(836) Pause Remark
[3592.480s][info][gc             ] GC(836) Pause Remark 2302M->2302M(4096M) 6.666ms
[3592.480s][info][gc,cpu         ] GC(836) User=0.04s Sys=0.00s Real=0.01s
[3592.480s][info][gc,marking     ] GC(836) Concurrent Mark 958.258ms
[3592.480s][info][gc,marking     ] GC(836) Concurrent Rebuild Remembered Sets and Scrub Regions
[3592.727s][info][gc,marking     ] GC(836) Concurrent Rebuild Remembered Sets and Scrub Regions 247.320ms
[3592.728s][info][gc,start       ] GC(836) Pause Cleanup
[3592.728s][info][gc             ] GC(836) Pause Cleanup 2472M->2472M(4096M) 0.101ms
[3592.728s][info][gc,cpu         ] GC(836) User=0.00s Sys=0.00s Real=0.00s
[3592.728s][info][gc,marking     ] GC(836) Concurrent Clear Claimed Marks
[3592.728s][info][gc,marking     ] GC(836) Concurrent Clear Claimed Marks 0.019ms
[3592.728s][info][gc,marking     ] GC(836) Concurrent Cleanup for Next Mark
[3592.732s][info][gc,marking     ] GC(836) Concurrent Cleanup for Next Mark 4.294ms
[3592.732s][info][gc             ] GC(836) Concurrent Mark Cycle 1379.364ms
..[3594.181s][info][gc,start       ] GC(837) Pause Young (Prepare Mixed) (G1 Evacuation Pause)
[3594.181s][info][gc,task        ] GC(837) Using 6 workers of 6 for evacuation
[3594.298s][info][gc,phases      ] GC(837)   Pre Evacuate Collection Set: 0.34ms
[3594.298s][info][gc,phases      ] GC(837)   Merge Heap Roots: 0.56ms
[3594.298s][info][gc,phases      ] GC(837)   Evacuate Collection Set: 115.15ms
[3594.298s][info][gc,phases      ] GC(837)   Post Evacuate Collection Set: 0.94ms
[3594.298s][info][gc,phases      ] GC(837)   Other: 0.09ms
[3594.298s][info][gc,heap        ] GC(837) Eden regions: 1119->0(1110)
[3594.298s][info][gc,heap        ] GC(837) Survivor regions: 109->109(154)
[3594.298s][info][gc,heap        ] GC(837) Old regions: 505->537
[3594.298s][info][gc,heap        ] GC(837) Humongous regions: 80->80
[3594.298s][info][gc,metaspace   ] GC(837) Metaspace: 28945K(29376K)->28945K(29376K) NonClass: 24075K(24256K)->24075K(24256K) Class: 4869K(5120K)->4869K(5120K)
[3594.298s][info][gc             ] GC(837) Pause Young (Prepare Mixed) (G1 Evacuation Pause) 3622M->1449M(4096M) 117.217ms
[3594.298s][info][gc,cpu         ] GC(837) User=0.69s Sys=0.00s Real=0.12s
...[3597.152s][info][gc,start       ] GC(838) Pause Young (Mixed) (G1 Evacuation Pause)
[3597.152s][info][gc,task        ] GC(838) Using 6 workers of 6 for evacuation
[3597.292s][info][gc,phases      ] GC(838)   Pre Evacuate Collection Set: 0.36ms
[3597.292s][info][gc,phases      ] GC(838)   Merge Heap Roots: 0.78ms
[3597.292s][info][gc,phases      ] GC(838)   Evacuate Collection Set: 137.18ms
[3597.292s][info][gc,phases      ] GC(838)   Post Evacuate Collection Set: 0.95ms
[3597.292s][info][gc,phases      ] GC(838)   Other: 0.09ms
[3597.292s][info][gc,heap        ] GC(838) Eden regions: 1110->0(1116)
[3597.292s][info][gc,heap        ] GC(838) Survivor regions: 109->112(153)
[3597.292s][info][gc,heap        ] GC(838) Old regions: 537->474
[3597.292s][info][gc,heap        ] GC(838) Humongous regions: 80->80
[3597.292s][info][gc,metaspace   ] GC(838) Metaspace: 28945K(29376K)->28945K(29376K) NonClass: 24075K(24256K)->24075K(24256K) Class: 4869K(5120K)->4869K(5120K)
[3597.292s][info][gc             ] GC(838) Pause Young (Mixed) (G1 Evacuation Pause) 3669M->1329M(4096M) 139.496ms
[3597.292s][info][gc,cpu         ] GC(838) User=0.83s Sys=0.01s Real=0.14s
...[3600.095s][info][gc,start       ] GC(839) Pause Young (Concurrent Start) (G1 Evacuation Pause)
[3600.096s][info][gc,task        ] GC(839) Using 6 workers of 6 for evacuation
[3600.215s][info][gc,phases      ] GC(839)   Pre Evacuate Collection Set: 0.36ms
[3600.215s][info][gc,phases      ] GC(839)   Merge Heap Roots: 0.46ms
[3600.215s][info][gc,phases      ] GC(839)   Evacuate Collection Set: 117.99ms
[3600.215s][info][gc,phases      ] GC(839)   Post Evacuate Collection Set: 0.89ms
[3600.215s][info][gc,phases      ] GC(839)   Other: 0.11ms
[3600.215s][info][gc,heap        ] GC(839) Eden regions: 1116->0(1116)
[3600.215s][info][gc,heap        ] GC(839) Survivor regions: 112->112(154)
[3600.215s][info][gc,heap        ] GC(839) Old regions: 474->505
[3600.215s][info][gc,heap        ] GC(839) Humongous regions: 80->80
[3600.215s][info][gc,metaspace   ] GC(839) Metaspace: 28945K(29376K)->28945K(29376K) NonClass: 24075K(24256K)->24075K(24256K) Class: 4869K(5120K)->4869K(5120K)
[3600.215s][info][gc             ] GC(839) Pause Young (Concurrent Start) (G1 Evacuation Pause) 3561M->1392M(4096M) 119.930ms
[3600.215s][info][gc             ] GC(840) Concurrent Mark Cycle
[3600.215s][info][gc,marking     ] GC(840) Concurrent Scan Root Regions
[3600.215s][info][gc,cpu         ] GC(839) User=0.70s Sys=0.00s Real=0.12s
[3600.390s][info][gc,marking     ] GC(840) Concurrent Scan Root Regions 174.312ms
[3600.390s][info][gc,marking     ] GC(840) Concurrent Mark
[3600.390s][info][gc,marking     ] GC(840) Concurrent Mark From Roots
[3600.390s][info][gc,task        ] GC(840) Using 2 workers of 2 for marking
.[3601.293s][info][gc,marking     ] GC(840) Concurrent Mark From Roots 902.964ms
[3601.293s][info][gc,marking     ] GC(840) Concurrent Preclean
[3601.293s][info][gc,marking     ] GC(840) Concurrent Preclean 0.207ms
[3601.293s][info][gc,start       ] GC(840) Pause Remark
[3601.300s][info][gc             ] GC(840) Pause Remark 2312M->2312M(4096M) 6.573ms
[3601.300s][info][gc,cpu         ] GC(840) User=0.04s Sys=0.00s Real=0.01s
[3601.300s][info][gc,marking     ] GC(840) Concurrent Mark 910.019ms
[3601.300s][info][gc,marking     ] GC(840) Concurrent Rebuild Remembered Sets and Scrub Regions
[3601.564s][info][gc,marking     ] GC(840) Concurrent Rebuild Remembered Sets and Scrub Regions 264.486ms
[3601.564s][info][gc,start       ] GC(840) Pause Cleanup
[3601.565s][info][gc             ] GC(840) Pause Cleanup 2524M->2524M(4096M) 0.110ms
[3601.565s][info][gc,cpu         ] GC(840) User=0.00s Sys=0.00s Real=0.00s
[3601.565s][info][gc,marking     ] GC(840) Concurrent Clear Claimed Marks
[3601.565s][info][gc,marking     ] GC(840) Concurrent Clear Claimed Marks 0.031ms
[3601.565s][info][gc,marking     ] GC(840) Concurrent Cleanup for Next Mark
[3601.571s][info][gc,marking     ] GC(840) Concurrent Cleanup for Next Mark 5.658ms
[3601.571s][info][gc             ] GC(840) Concurrent Mark Cycle 1355.735ms
..[3603.047s][info][gc,start       ] GC(841) Pause Young (Prepare Mixed) (G1 Evacuation Pause)
[3603.047s][info][gc,task        ] GC(841) Using 6 workers of 6 for evacuation
[3603.163s][info][gc,phases      ] GC(841)   Pre Evacuate Collection Set: 0.38ms
[3603.163s][info][gc,phases      ] GC(841)   Merge Heap Roots: 0.56ms
[3603.163s][info][gc,phases      ] GC(841)   Evacuate Collection Set: 113.62ms
[3603.163s][info][gc,phases      ] GC(841)   Post Evacuate Collection Set: 0.92ms
[3603.163s][info][gc,phases      ] GC(841)   Other: 0.10ms
[3603.163s][info][gc,heap        ] GC(841) Eden regions: 1116->0(1114)
[3603.163s][info][gc,heap        ] GC(841) Survivor regions: 112->107(154)
[3603.163s][info][gc,heap        ] GC(841) Old regions: 505->537
[3603.163s][info][gc,heap        ] GC(841) Humongous regions: 80->80
[3603.163s][info][gc,metaspace   ] GC(841) Metaspace: 28945K(29376K)->28945K(29376K) NonClass: 24075K(24256K)->24075K(24256K) Class: 4869K(5120K)->4869K(5120K)
[3603.163s][info][gc             ] GC(841) Pause Young (Prepare Mixed) (G1 Evacuation Pause) 3624M->1446M(4096M) 115.715ms
[3603.163s][info][gc,cpu         ] GC(841) User=0.68s Sys=0.00s Real=0.11s
...[3605.982s][info][gc,start       ] GC(842) Pause Young (Mixed) (G1 Evacuation Pause)
[3605.982s][info][gc,task        ] GC(842) Using 6 workers of 6 for evacuation
[3606.116s][info][gc,phases      ] GC(842)   Pre Evacuate Collection Set: 0.39ms
[3606.116s][info][gc,phases      ] GC(842)   Merge Heap Roots: 0.70ms
[3606.116s][info][gc,phases      ] GC(842)   Evacuate Collection Set: 131.90ms
[3606.116s][info][gc,phases      ] GC(842)   Post Evacuate Collection Set: 0.94ms
[3606.116s][info][gc,phases      ] GC(842)   Other: 0.09ms
[3606.116s][info][gc,heap        ] GC(842) Eden regions: 1114->0(1119)
[3606.116s][info][gc,heap        ] GC(842) Survivor regions: 107->109(153)
[3606.116s][info][gc,heap        ] GC(842) Old regions: 537->472
[3606.116s][info][gc,heap        ] GC(842) Humongous regions: 80->80
[3606.116s][info][gc,metaspace   ] GC(842) Metaspace: 28945K(29376K)->28945K(29376K) NonClass: 24075K(24256K)->24075K(24256K) Class: 4869K(5120K)->4869K(5120K)
[3606.116s][info][gc             ] GC(842) Pause Young (Mixed) (G1 Evacuation Pause) 3674M->1319M(4096M) 134.147ms
[3606.116s][info][gc,cpu         ] GC(842) User=0.79s Sys=0.00s Real=0.13s
...[3608.947s][info][gc,start       ] GC(843) Pause Young (Concurrent Start) (G1 Evacuation Pause)
[3608.948s][info][gc,task        ] GC(843) Using 6 workers of 6 for evacuation
[3609.065s][info][gc,phases      ] GC(843)   Pre Evacuate Collection Set: 0.38ms
[3609.065s][info][gc,phases      ] GC(843)   Merge Heap Roots: 0.51ms
[3609.065s][info][gc,phases      ] GC(843)   Evacuate Collection Set: 116.08ms
[3609.065s][info][gc,phases      ] GC(843)   Post Evacuate Collection Set: 0.83ms
[3609.065s][info][gc,phases      ] GC(843)   Other: 0.13ms
[3609.066s][info][gc,heap        ] GC(843) Eden regions: 1119->0(1120)
[3609.066s][info][gc,heap        ] GC(843) Survivor regions: 109->108(154)
[3609.066s][info][gc,heap        ] GC(843) Old regions: 472->504
[3609.066s][info][gc,heap        ] GC(843) Humongous regions: 80->80
[3609.066s][info][gc,metaspace   ] GC(843) Metaspace: 28945K(29376K)->28945K(29376K) NonClass: 24075K(24256K)->24075K(24256K) Class: 4869K(5120K)->4869K(5120K)
[3609.066s][info][gc             ] GC(843) Pause Young (Concurrent Start) (G1 Evacuation Pause) 3557M->1380M(4096M) 118.081ms
[3609.066s][info][gc             ] GC(844) Concurrent Mark Cycle
[3609.066s][info][gc,marking     ] GC(844) Concurrent Scan Root Regions
[3609.066s][info][gc,cpu         ] GC(843) User=0.70s Sys=0.00s Real=0.11s
[3609.199s][info][gc,marking     ] GC(844) Concurrent Scan Root Regions 133.694ms
[3609.199s][info][gc,marking     ] GC(844) Concurrent Mark
[3609.199s][info][gc,marking     ] GC(844) Concurrent Mark From Roots
[3609.199s][info][gc,task        ] GC(844) Using 2 workers of 2 for marking
.[3609.940s][info][gc,marking     ] GC(844) Concurrent Mark From Roots 740.855ms
[3609.940s][info][gc,marking     ] GC(844) Concurrent Preclean
[3609.940s][info][gc,marking     ] GC(844) Concurrent Preclean 0.123ms
[3609.941s][info][gc,start       ] GC(844) Pause Remark
[3609.946s][info][gc             ] GC(844) Pause Remark 2114M->2114M(4096M) 5.414ms
[3609.946s][info][gc,cpu         ] GC(844) User=0.03s Sys=0.00s Real=0.01s
[3609.946s][info][gc,marking     ] GC(844) Concurrent Mark 746.719ms
[3609.946s][info][gc,marking     ] GC(844) Concurrent Rebuild Remembered Sets and Scrub Regions
[3610.194s][info][gc,marking     ] GC(844) Concurrent Rebuild Remembered Sets and Scrub Regions 247.736ms
[3610.194s][info][gc,start       ] GC(844) Pause Cleanup
[3610.194s][info][gc             ] GC(844) Pause Cleanup 2297M->2297M(4096M) 0.109ms
[3610.194s][info][gc,cpu         ] GC(844) User=0.00s Sys=0.00s Real=0.00s
[3610.195s][info][gc,marking     ] GC(844) Concurrent Clear Claimed Marks
[3610.195s][info][gc,marking     ] GC(844) Concurrent Clear Claimed Marks 0.031ms
[3610.195s][info][gc,marking     ] GC(844) Concurrent Cleanup for Next Mark
[3610.199s][info][gc,marking     ] GC(844) Concurrent Cleanup for Next Mark 4.555ms
[3610.200s][info][gc             ] GC(844) Concurrent Mark Cycle 1133.959ms
..[3611.940s][info][gc,start       ] GC(845) Pause Young (Prepare Mixed) (G1 Evacuation Pause)
[3611.940s][info][gc,task        ] GC(845) Using 6 workers of 6 for evacuation
[3612.056s][info][gc,phases      ] GC(845)   Pre Evacuate Collection Set: 0.36ms
[3612.056s][info][gc,phases      ] GC(845)   Merge Heap Roots: 0.51ms
[3612.056s][info][gc,phases      ] GC(845)   Evacuate Collection Set: 113.94ms
[3612.056s][info][gc,phases      ] GC(845)   Post Evacuate Collection Set: 0.93ms
[3612.056s][info][gc,phases      ] GC(845)   Other: 0.08ms
[3612.056s][info][gc,heap        ] GC(845) Eden regions: 1120->0(1113)
[3612.056s][info][gc,heap        ] GC(845) Survivor regions: 108->108(154)
[3612.056s][info][gc,heap        ] GC(845) Old regions: 504->536
[3612.056s][info][gc,heap        ] GC(845) Humongous regions: 80->80
[3612.056s][info][gc,metaspace   ] GC(845) Metaspace: 28945K(29376K)->28945K(29376K) NonClass: 24075K(24256K)->24075K(24256K) Class: 4869K(5120K)->4869K(5120K)
[3612.056s][info][gc             ] GC(845) Pause Young (Prepare Mixed) (G1 Evacuation Pause) 3620M->1444M(4096M) 115.963ms
[3612.056s][info][gc,cpu         ] GC(845) User=0.69s Sys=0.01s Real=0.11s
..[3614.847s][info][gc,start       ] GC(846) Pause Young (Mixed) (G1 Evacuation Pause)
[3614.847s][info][gc,task        ] GC(846) Using 6 workers of 6 for evacuation
[3614.979s][info][gc,phases      ] GC(846)   Pre Evacuate Collection Set: 0.41ms
[3614.979s][info][gc,phases      ] GC(846)   Merge Heap Roots: 0.71ms
[3614.979s][info][gc,phases      ] GC(846)   Evacuate Collection Set: 129.88ms
[3614.979s][info][gc,phases      ] GC(846)   Post Evacuate Collection Set: 0.96ms
[3614.979s][info][gc,phases      ] GC(846)   Other: 0.09ms
[3614.979s][info][gc,heap        ] GC(846) Eden regions: 1113->0(1121)
[3614.979s][info][gc,heap        ] GC(846) Survivor regions: 108->107(153)
[3614.979s][info][gc,heap        ] GC(846) Old regions: 536->473
[3614.979s][info][gc,heap        ] GC(846) Humongous regions: 80->80
[3614.979s][info][gc,metaspace   ] GC(846) Metaspace: 28945K(29376K)->28945K(29376K) NonClass: 24075K(24256K)->24075K(24256K) Class: 4869K(5120K)->4869K(5120K)
[3614.979s][info][gc             ] GC(846) Pause Young (Mixed) (G1 Evacuation Pause) 3670M->1317M(4096M) 132.196ms
[3614.979s][info][gc,cpu         ] GC(846) User=0.78s Sys=0.00s Real=0.13s
...[3617.922s][info][gc,start       ] GC(847) Pause Young (Concurrent Start) (G1 Evacuation Pause)
[3617.922s][info][gc,task        ] GC(847) Using 6 workers of 6 for evacuation
[3618.040s][info][gc,phases      ] GC(847)   Pre Evacuate Collection Set: 0.34ms
[3618.040s][info][gc,phases      ] GC(847)   Merge Heap Roots: 0.49ms
[3618.040s][info][gc,phases      ] GC(847)   Evacuate Collection Set: 117.04ms
[3618.040s][info][gc,phases      ] GC(847)   Post Evacuate Collection Set: 0.88ms
[3618.040s][info][gc,phases      ] GC(847)   Other: 0.10ms
[3618.041s][info][gc,heap        ] GC(847) Eden regions: 1121->0(1118)
[3618.041s][info][gc,heap        ] GC(847) Survivor regions: 107->110(154)
[3618.041s][info][gc,heap        ] GC(847) Old regions: 473->505
[3618.041s][info][gc,heap        ] GC(847) Humongous regions: 80->80
[3618.041s][info][gc,metaspace   ] GC(847) Metaspace: 28945K(29376K)->28945K(29376K) NonClass: 24075K(24256K)->24075K(24256K) Class: 4869K(5120K)->4869K(5120K)
[3618.041s][info][gc             ] GC(847) Pause Young (Concurrent Start) (G1 Evacuation Pause) 3559M->1387M(4096M) 118.974ms
[3618.041s][info][gc             ] GC(848) Concurrent Mark Cycle
[3618.041s][info][gc,marking     ] GC(848) Concurrent Scan Root Regions
[3618.041s][info][gc,cpu         ] GC(847) User=0.70s Sys=0.00s Real=0.12s
.[3618.217s][info][gc,marking     ] GC(848) Concurrent Scan Root Regions 176.579ms
[3618.217s][info][gc,marking     ] GC(848) Concurrent Mark
[3618.217s][info][gc,marking     ] GC(848) Concurrent Mark From Roots
[3618.217s][info][gc,task        ] GC(848) Using 2 workers of 2 for marking
.[3619.265s][info][gc,marking     ] GC(848) Concurrent Mark From Roots 1048.030ms
[3619.265s][info][gc,marking     ] GC(848) Concurrent Preclean
[3619.265s][info][gc,marking     ] GC(848) Concurrent Preclean 0.115ms
[3619.266s][info][gc,start       ] GC(848) Pause Remark
[3619.272s][info][gc             ] GC(848) Pause Remark 2407M->2407M(4096M) 6.375ms
[3619.272s][info][gc,cpu         ] GC(848) User=0.03s Sys=0.00s Real=0.00s
[3619.273s][info][gc,marking     ] GC(848) Concurrent Mark 1055.248ms
[3619.273s][info][gc,marking     ] GC(848) Concurrent Rebuild Remembered Sets and Scrub Regions
[3619.537s][info][gc,marking     ] GC(848) Concurrent Rebuild Remembered Sets and Scrub Regions 264.585ms
[3619.537s][info][gc,start       ] GC(848) Pause Cleanup
[3619.537s][info][gc             ] GC(848) Pause Cleanup 2643M->2643M(4096M) 0.106ms
[3619.537s][info][gc,cpu         ] GC(848) User=0.00s Sys=0.00s Real=0.00s
[3619.537s][info][gc,marking     ] GC(848) Concurrent Clear Claimed Marks
[3619.537s][info][gc,marking     ] GC(848) Concurrent Clear Claimed Marks 0.021ms
[3619.537s][info][gc,marking     ] GC(848) Concurrent Cleanup for Next Mark
[3619.542s][info][gc,marking     ] GC(848) Concurrent Cleanup for Next Mark 4.849ms
[3619.542s][info][gc             ] GC(848) Concurrent Mark Cycle 1501.742ms
.[3620.825s][info][gc,start       ] GC(849) Pause Young (Prepare Mixed) (G1 Evacuation Pause)
[3620.825s][info][gc,task        ] GC(849) Using 6 workers of 6 for evacuation
[3620.942s][info][gc,phases      ] GC(849)   Pre Evacuate Collection Set: 0.32ms
[3620.942s][info][gc,phases      ] GC(849)   Merge Heap Roots: 0.54ms
[3620.942s][info][gc,phases      ] GC(849)   Evacuate Collection Set: 114.88ms
[3620.942s][info][gc,phases      ] GC(849)   Post Evacuate Collection Set: 0.91ms
[3620.942s][info][gc,phases      ] GC(849)   Other: 0.08ms
[3620.942s][info][gc,heap        ] GC(849) Eden regions: 1118->0(1109)
[3620.942s][info][gc,heap        ] GC(849) Survivor regions: 110->110(154)
[3620.942s][info][gc,heap        ] GC(849) Old regions: 505->536
[3620.942s][info][gc,heap        ] GC(849) Humongous regions: 80->80
[3620.942s][info][gc,metaspace   ] GC(849) Metaspace: 28945K(29376K)->28945K(29376K) NonClass: 24075K(24256K)->24075K(24256K) Class: 4869K(5120K)->4869K(5120K)
[3620.942s][info][gc             ] GC(849) Pause Young (Prepare Mixed) (G1 Evacuation Pause) 3623M->1449M(4096M) 116.879ms
[3620.942s][info][gc,cpu         ] GC(849) User=0.69s Sys=0.00s Real=0.12s
...[3623.727s][info][gc,start       ] GC(850) Pause Young (Mixed) (G1 Evacuation Pause)
[3623.727s][info][gc,task        ] GC(850) Using 6 workers of 6 for evacuation
[3623.862s][info][gc,phases      ] GC(850)   Pre Evacuate Collection Set: 0.36ms
[3623.862s][info][gc,phases      ] GC(850)   Merge Heap Roots: 0.76ms
[3623.862s][info][gc,phases      ] GC(850)   Evacuate Collection Set: 132.94ms
[3623.862s][info][gc,phases      ] GC(850)   Post Evacuate Collection Set: 0.95ms
[3623.862s][info][gc,phases      ] GC(850)   Other: 0.10ms
[3623.862s][info][gc,heap        ] GC(850) Eden regions: 1109->0(1119)
[3623.862s][info][gc,heap        ] GC(850) Survivor regions: 110->109(153)
[3623.862s][info][gc,heap        ] GC(850) Old regions: 536->473
[3623.862s][info][gc,heap        ] GC(850) Humongous regions: 80->80
[3623.862s][info][gc,metaspace   ] GC(850) Metaspace: 28945K(29376K)->28945K(29376K) NonClass: 24075K(24256K)->24075K(24256K) Class: 4869K(5120K)->4869K(5120K)
[3623.862s][info][gc             ] GC(850) Pause Young (Mixed) (G1 Evacuation Pause) 3667M->1321M(4096M) 135.254ms
[3623.862s][info][gc,cpu         ] GC(850) User=0.80s Sys=0.00s Real=0.13s
...[3626.647s][info][gc,start       ] GC(851) Pause Young (Concurrent Start) (G1 Evacuation Pause)
[3626.648s][info][gc,task        ] GC(851) Using 6 workers of 6 for evacuation
[3626.769s][info][gc,phases      ] GC(851)   Pre Evacuate Collection Set: 0.39ms
[3626.769s][info][gc,phases      ] GC(851)   Merge Heap Roots: 0.45ms
[3626.769s][info][gc,phases      ] GC(851)   Evacuate Collection Set: 119.32ms
[3626.769s][info][gc,phases      ] GC(851)   Post Evacuate Collection Set: 0.94ms
[3626.769s][info][gc,phases      ] GC(851)   Other: 0.11ms
[3626.769s][info][gc,heap        ] GC(851) Eden regions: 1119->0(1115)
[3626.769s][info][gc,heap        ] GC(851) Survivor regions: 109->113(154)
[3626.769s][info][gc,heap        ] GC(851) Old regions: 473->505
[3626.769s][info][gc,heap        ] GC(851) Humongous regions: 80->80
[3626.769s][info][gc,metaspace   ] GC(851) Metaspace: 28945K(29376K)->28945K(29376K) NonClass: 24075K(24256K)->24075K(24256K) Class: 4869K(5120K)->4869K(5120K)
[3626.769s][info][gc             ] GC(851) Pause Young (Concurrent Start) (G1 Evacuation Pause) 3559M->1393M(4096M) 121.352ms
[3626.769s][info][gc             ] GC(852) Concurrent Mark Cycle
[3626.769s][info][gc,marking     ] GC(852) Concurrent Scan Root Regions
[3626.769s][info][gc,cpu         ] GC(851) User=0.71s Sys=0.00s Real=0.12s
[3626.946s][info][gc,marking     ] GC(852) Concurrent Scan Root Regions 176.982ms
[3626.946s][info][gc,marking     ] GC(852) Concurrent Mark
[3626.946s][info][gc,marking     ] GC(852) Concurrent Mark From Roots
[3626.946s][info][gc,task        ] GC(852) Using 2 workers of 2 for marking
.[3627.772s][info][gc,marking     ] GC(852) Concurrent Mark From Roots 825.852ms
[3627.772s][info][gc,marking     ] GC(852) Concurrent Preclean
[3627.772s][info][gc,marking     ] GC(852) Concurrent Preclean 0.126ms
[3627.773s][info][gc,start       ] GC(852) Pause Remark
[3627.778s][info][gc             ] GC(852) Pause Remark 2195M->2195M(4096M) 5.536ms
[3627.778s][info][gc,cpu         ] GC(852) User=0.03s Sys=0.00s Real=0.01s
[3627.778s][info][gc,marking     ] GC(852) Concurrent Mark 832.314ms
[3627.778s][info][gc,marking     ] GC(852) Concurrent Rebuild Remembered Sets and Scrub Regions
[3628.122s][info][gc,marking     ] GC(852) Concurrent Rebuild Remembered Sets and Scrub Regions 343.242ms
[3628.122s][info][gc,start       ] GC(852) Pause Cleanup
[3628.122s][info][gc             ] GC(852) Pause Cleanup 2458M->2458M(4096M) 0.119ms
[3628.122s][info][gc,cpu         ] GC(852) User=0.00s Sys=0.00s Real=0.00s
[3628.122s][info][gc,marking     ] GC(852) Concurrent Clear Claimed Marks
[3628.122s][info][gc,marking     ] GC(852) Concurrent Clear Claimed Marks 0.027ms
[3628.122s][info][gc,marking     ] GC(852) Concurrent Cleanup for Next Mark
[3628.125s][info][gc,marking     ] GC(852) Concurrent Cleanup for Next Mark 3.562ms
[3628.125s][info][gc             ] GC(852) Concurrent Mark Cycle 1356.585ms
..[3629.635s][info][gc,start       ] GC(853) Pause Young (Prepare Mixed) (G1 Evacuation Pause)
[3629.635s][info][gc,task        ] GC(853) Using 6 workers of 6 for evacuation
[3629.754s][info][gc,phases      ] GC(853)   Pre Evacuate Collection Set: 0.34ms
[3629.754s][info][gc,phases      ] GC(853)   Merge Heap Roots: 0.48ms
[3629.754s][info][gc,phases      ] GC(853)   Evacuate Collection Set: 117.55ms
[3629.754s][info][gc,phases      ] GC(853)   Post Evacuate Collection Set: 0.93ms
[3629.754s][info][gc,phases      ] GC(853)   Other: 0.09ms
[3629.754s][info][gc,heap        ] GC(853) Eden regions: 1115->0(1104)
[3629.754s][info][gc,heap        ] GC(853) Survivor regions: 113->112(154)
[3629.754s][info][gc,heap        ] GC(853) Old regions: 505->537
[3629.754s][info][gc,heap        ] GC(853) Humongous regions: 80->80
[3629.754s][info][gc,metaspace   ] GC(853) Metaspace: 28945K(29376K)->28945K(29376K) NonClass: 24075K(24256K)->24075K(24256K) Class: 4869K(5120K)->4869K(5120K)
[3629.754s][info][gc             ] GC(853) Pause Young (Prepare Mixed) (G1 Evacuation Pause) 3623M->1455M(4096M) 119.520ms
[3629.754s][info][gc,cpu         ] GC(853) User=0.71s Sys=0.00s Real=0.12s
...[3632.578s][info][gc,start       ] GC(854) Pause Young (Mixed) (G1 Evacuation Pause)
[3632.578s][info][gc,task        ] GC(854) Using 6 workers of 6 for evacuation
[3632.719s][info][gc,phases      ] GC(854)   Pre Evacuate Collection Set: 0.37ms
[3632.719s][info][gc,phases      ] GC(854)   Merge Heap Roots: 0.66ms
[3632.719s][info][gc,phases      ] GC(854)   Evacuate Collection Set: 138.69ms
[3632.719s][info][gc,phases      ] GC(854)   Post Evacuate Collection Set: 0.95ms
[3632.719s][info][gc,phases      ] GC(854)   Other: 0.09ms
[3632.719s][info][gc,heap        ] GC(854) Eden regions: 1104->0(1114)
[3632.719s][info][gc,heap        ] GC(854) Survivor regions: 112->114(152)
[3632.719s][info][gc,heap        ] GC(854) Old regions: 537->473
[3632.719s][info][gc,heap        ] GC(854) Humongous regions: 80->80
[3632.719s][info][gc,metaspace   ] GC(854) Metaspace: 28945K(29376K)->28945K(29376K) NonClass: 24075K(24256K)->24075K(24256K) Class: 4869K(5120K)->4869K(5120K)
[3632.719s][info][gc             ] GC(854) Pause Young (Mixed) (G1 Evacuation Pause) 3663M->1330M(4096M) 140.893ms
[3632.719s][info][gc,cpu         ] GC(854) User=0.83s Sys=0.00s Real=0.14s
...[3635.557s][info][gc,start       ] GC(855) Pause Young (Concurrent Start) (G1 Evacuation Pause)
[3635.557s][info][gc,task        ] GC(855) Using 6 workers of 6 for evacuation
[3635.676s][info][gc,phases      ] GC(855)   Pre Evacuate Collection Set: 0.40ms
[3635.676s][info][gc,phases      ] GC(855)   Merge Heap Roots: 0.48ms
[3635.676s][info][gc,phases      ] GC(855)   Evacuate Collection Set: 116.82ms
[3635.676s][info][gc,phases      ] GC(855)   Post Evacuate Collection Set: 0.90ms
[3635.676s][info][gc,phases      ] GC(855)   Other: 0.13ms
[3635.676s][info][gc,heap        ] GC(855) Eden regions: 1114->0(1118)
[3635.676s][info][gc,heap        ] GC(855) Survivor regions: 114->110(154)
[3635.676s][info][gc,heap        ] GC(855) Old regions: 473->505
[3635.676s][info][gc,heap        ] GC(855) Humongous regions: 80->80
[3635.676s][info][gc,metaspace   ] GC(855) Metaspace: 28945K(29376K)->28945K(29376K) NonClass: 24075K(24256K)->24075K(24256K) Class: 4869K(5120K)->4869K(5120K)
[3635.676s][info][gc             ] GC(855) Pause Young (Concurrent Start) (G1 Evacuation Pause) 3558M->1387M(4096M) 118.865ms
[3635.676s][info][gc             ] GC(856) Concurrent Mark Cycle
[3635.676s][info][gc,marking     ] GC(856) Concurrent Scan Root Regions
[3635.676s][info][gc,cpu         ] GC(855) User=0.70s Sys=0.00s Real=0.12s
[3635.848s][info][gc,marking     ] GC(856) Concurrent Scan Root Regions 171.870ms
[3635.848s][info][gc,marking     ] GC(856) Concurrent Mark
[3635.848s][info][gc,marking     ] GC(856) Concurrent Mark From Roots
[3635.848s][info][gc,task        ] GC(856) Using 2 workers of 2 for marking
.[3636.675s][info][gc,marking     ] GC(856) Concurrent Mark From Roots 826.541ms
[3636.675s][info][gc,marking     ] GC(856) Concurrent Preclean
[3636.675s][info][gc,marking     ] GC(856) Concurrent Preclean 0.125ms
[3636.676s][info][gc,start       ] GC(856) Pause Remark
[3636.681s][info][gc             ] GC(856) Pause Remark 2191M->2191M(4096M) 5.450ms
[3636.681s][info][gc,cpu         ] GC(856) User=0.03s Sys=0.00s Real=0.00s
[3636.682s][info][gc,marking     ] GC(856) Concurrent Mark 834.164ms
[3636.682s][info][gc,marking     ] GC(856) Concurrent Rebuild Remembered Sets and Scrub Regions
[3637.069s][info][gc,marking     ] GC(856) Concurrent Rebuild Remembered Sets and Scrub Regions 386.395ms
[3637.069s][info][gc,start       ] GC(856) Pause Cleanup
[3637.069s][info][gc             ] GC(856) Pause Cleanup 2528M->2528M(4096M) 0.104ms
[3637.069s][info][gc,cpu         ] GC(856) User=0.00s Sys=0.00s Real=0.00s
[3637.069s][info][gc,marking     ] GC(856) Concurrent Clear Claimed Marks
[3637.069s][info][gc,marking     ] GC(856) Concurrent Clear Claimed Marks 0.021ms
[3637.069s][info][gc,marking     ] GC(856) Concurrent Cleanup for Next Mark
[3637.072s][info][gc,marking     ] GC(856) Concurrent Cleanup for Next Mark 3.426ms
[3637.072s][info][gc             ] GC(856) Concurrent Mark Cycle 1396.311ms
..[3638.505s][info][gc,start       ] GC(857) Pause Young (Prepare Mixed) (G1 Evacuation Pause)
[3638.505s][info][gc,task        ] GC(857) Using 6 workers of 6 for evacuation
[3638.622s][info][gc,phases      ] GC(857)   Pre Evacuate Collection Set: 0.32ms
[3638.622s][info][gc,phases      ] GC(857)   Merge Heap Roots: 0.52ms
[3638.622s][info][gc,phases      ] GC(857)   Evacuate Collection Set: 115.09ms
[3638.622s][info][gc,phases      ] GC(857)   Post Evacuate Collection Set: 0.97ms
[3638.622s][info][gc,phases      ] GC(857)   Other: 0.09ms
[3638.622s][info][gc,heap        ] GC(857) Eden regions: 1118->0(1108)
[3638.622s][info][gc,heap        ] GC(857) Survivor regions: 110->110(154)
[3638.622s][info][gc,heap        ] GC(857) Old regions: 505->537
[3638.622s][info][gc,heap        ] GC(857) Humongous regions: 80->80
[3638.622s][info][gc,metaspace   ] GC(857) Metaspace: 28945K(29376K)->28945K(29376K) NonClass: 24075K(24256K)->24075K(24256K) Class: 4869K(5120K)->4869K(5120K)
[3638.622s][info][gc             ] GC(857) Pause Young (Prepare Mixed) (G1 Evacuation Pause) 3623M->1450M(4096M) 117.115ms
[3638.622s][info][gc,cpu         ] GC(857) User=0.69s Sys=0.00s Real=0.12s
...[3641.413s][info][gc,start       ] GC(858) Pause Young (Mixed) (G1 Evacuation Pause)
[3641.413s][info][gc,task        ] GC(858) Using 6 workers of 6 for evacuation
[3641.551s][info][gc,phases      ] GC(858)   Pre Evacuate Collection Set: 0.36ms
[3641.551s][info][gc,phases      ] GC(858)   Merge Heap Roots: 0.70ms
[3641.551s][info][gc,phases      ] GC(858)   Evacuate Collection Set: 136.07ms
[3641.551s][info][gc,phases      ] GC(858)   Post Evacuate Collection Set: 0.97ms
[3641.551s][info][gc,phases      ] GC(858)   Other: 0.09ms
[3641.551s][info][gc,heap        ] GC(858) Eden regions: 1108->0(1117)
[3641.551s][info][gc,heap        ] GC(858) Survivor regions: 110->111(153)
[3641.551s][info][gc,heap        ] GC(858) Old regions: 537->473
[3641.551s][info][gc,heap        ] GC(858) Humongous regions: 80->80
[3641.551s][info][gc,metaspace   ] GC(858) Metaspace: 28945K(29376K)->28945K(29376K) NonClass: 24075K(24256K)->24075K(24256K) Class: 4869K(5120K)->4869K(5120K)
[3641.551s][info][gc             ] GC(858) Pause Young (Mixed) (G1 Evacuation Pause) 3666M->1325M(4096M) 138.348ms
[3641.551s][info][gc,cpu         ] GC(858) User=0.82s Sys=0.00s Real=0.14s
...[3644.408s][info][gc,start       ] GC(859) Pause Young (Concurrent Start) (G1 Evacuation Pause)
[3644.408s][info][gc,task        ] GC(859) Using 6 workers of 6 for evacuation
[3644.527s][info][gc,phases      ] GC(859)   Pre Evacuate Collection Set: 0.38ms
[3644.527s][info][gc,phases      ] GC(859)   Merge Heap Roots: 0.51ms
[3644.527s][info][gc,phases      ] GC(859)   Evacuate Collection Set: 116.72ms
[3644.527s][info][gc,phases      ] GC(859)   Post Evacuate Collection Set: 0.88ms
[3644.527s][info][gc,phases      ] GC(859)   Other: 0.11ms
[3644.527s][info][gc,heap        ] GC(859) Eden regions: 1117->0(1118)
[3644.527s][info][gc,heap        ] GC(859) Survivor regions: 111->110(154)
[3644.527s][info][gc,heap        ] GC(859) Old regions: 473->505
[3644.527s][info][gc,heap        ] GC(859) Humongous regions: 80->80
[3644.527s][info][gc,metaspace   ] GC(859) Metaspace: 28945K(29376K)->28945K(29376K) NonClass: 24075K(24256K)->24075K(24256K) Class: 4869K(5120K)->4869K(5120K)
[3644.527s][info][gc             ] GC(859) Pause Young (Concurrent Start) (G1 Evacuation Pause) 3559M->1386M(4096M) 118.739ms
[3644.527s][info][gc             ] GC(860) Concurrent Mark Cycle
[3644.527s][info][gc,marking     ] GC(860) Concurrent Scan Root Regions
[3644.527s][info][gc,cpu         ] GC(859) User=0.70s Sys=0.00s Real=0.12s
[3644.700s][info][gc,marking     ] GC(860) Concurrent Scan Root Regions 173.005ms
[3644.700s][info][gc,marking     ] GC(860) Concurrent Mark
[3644.700s][info][gc,marking     ] GC(860) Concurrent Mark From Roots
[3644.700s][info][gc,task        ] GC(860) Using 2 workers of 2 for marking
.[3645.654s][info][gc,marking     ] GC(860) Concurrent Mark From Roots 953.960ms
[3645.654s][info][gc,marking     ] GC(860) Concurrent Preclean
[3645.654s][info][gc,marking     ] GC(860) Concurrent Preclean 0.109ms
[3645.659s][info][gc,start       ] GC(860) Pause Remark
[3645.665s][info][gc             ] GC(860) Pause Remark 2334M->2334M(4096M) 6.207ms
[3645.665s][info][gc,cpu         ] GC(860) User=0.04s Sys=0.00s Real=0.00s
[3645.665s][info][gc,marking     ] GC(860) Concurrent Mark 964.769ms
[3645.665s][info][gc,marking     ] GC(860) Concurrent Rebuild Remembered Sets and Scrub Regions
[3646.074s][info][gc,marking     ] GC(860) Concurrent Rebuild Remembered Sets and Scrub Regions 409.153ms
[3646.075s][info][gc,start       ] GC(860) Pause Cleanup
[3646.075s][info][gc             ] GC(860) Pause Cleanup 2696M->2696M(4096M) 0.113ms
[3646.075s][info][gc,cpu         ] GC(860) User=0.00s Sys=0.00s Real=0.00s
[3646.075s][info][gc,marking     ] GC(860) Concurrent Clear Claimed Marks
[3646.076s][info][gc,marking     ] GC(860) Concurrent Clear Claimed Marks 0.031ms
[3646.076s][info][gc,marking     ] GC(860) Concurrent Cleanup for Next Mark
[3646.082s][info][gc,marking     ] GC(860) Concurrent Cleanup for Next Mark 6.571ms
[3646.082s][info][gc             ] GC(860) Concurrent Mark Cycle 1555.053ms
..[3647.346s][info][gc,start       ] GC(861) Pause Young (Prepare Mixed) (G1 Evacuation Pause)
[3647.346s][info][gc,task        ] GC(861) Using 6 workers of 6 for evacuation
[3647.470s][info][gc,phases      ] GC(861)   Pre Evacuate Collection Set: 0.31ms
[3647.470s][info][gc,phases      ] GC(861)   Merge Heap Roots: 0.54ms
[3647.470s][info][gc,phases      ] GC(861)   Evacuate Collection Set: 122.65ms
[3647.470s][info][gc,phases      ] GC(861)   Post Evacuate Collection Set: 0.88ms
[3647.470s][info][gc,phases      ] GC(861)   Other: 0.09ms
[3647.470s][info][gc,heap        ] GC(861) Eden regions: 1118->0(1101)
[3647.470s][info][gc,heap        ] GC(861) Survivor regions: 110->114(154)
[3647.470s][info][gc,heap        ] GC(861) Old regions: 505->536
[3647.470s][info][gc,heap        ] GC(861) Humongous regions: 80->80
[3647.470s][info][gc,metaspace   ] GC(861) Metaspace: 28945K(29376K)->28945K(29376K) NonClass: 24075K(24256K)->24075K(24256K) Class: 4869K(5120K)->4869K(5120K)
[3647.470s][info][gc             ] GC(861) Pause Young (Prepare Mixed) (G1 Evacuation Pause) 3622M->1458M(4096M) 124.607ms
[3647.470s][info][gc,cpu         ] GC(861) User=0.74s Sys=0.00s Real=0.13s
...[3650.232s][info][gc,start       ] GC(862) Pause Young (Mixed) (G1 Evacuation Pause)
[3650.232s][info][gc,task        ] GC(862) Using 6 workers of 6 for evacuation
[3650.368s][info][gc,phases      ] GC(862)   Pre Evacuate Collection Set: 0.35ms
[3650.368s][info][gc,phases      ] GC(862)   Merge Heap Roots: 0.72ms
[3650.368s][info][gc,phases      ] GC(862)   Evacuate Collection Set: 133.53ms
[3650.368s][info][gc,phases      ] GC(862)   Post Evacuate Collection Set: 0.91ms
[3650.368s][info][gc,phases      ] GC(862)   Other: 0.08ms
[3650.368s][info][gc,heap        ] GC(862) Eden regions: 1101->0(1118)
[3650.368s][info][gc,heap        ] GC(862) Survivor regions: 114->110(152)
[3650.368s][info][gc,heap        ] GC(862) Old regions: 536->473
[3650.368s][info][gc,heap        ] GC(862) Humongous regions: 80->80
[3650.368s][info][gc,metaspace   ] GC(862) Metaspace: 28945K(29376K)->28945K(29376K) NonClass: 24075K(24256K)->24075K(24256K) Class: 4869K(5120K)->4869K(5120K)
[3650.368s][info][gc             ] GC(862) Pause Young (Mixed) (G1 Evacuation Pause) 3660M->1323M(4096M) 135.733ms
[3650.368s][info][gc,cpu         ] GC(862) User=0.80s Sys=0.00s Real=0.14s
 (rIR:aIR:PR = 6365:6368:6368) (tPR = 94912) [OK] 
  3650s: Performance info:
         Transaction,    Success,    Partial,     Failed,   Receipts, AvgBarcode, 
             Overall,     384220,          0,          0,     364976,      59.47, 
         Response times:
             Request,    Success,    Partial,     Failed,   SkipFail,     Probes,    Samples,      min,      p50,      p90,      p95,      p99,      max, 
       TotalPurchase,     364995,          0,          0,          0,     356842,     395713,      300,     5400,    26000,    60000,   123000,   276000,
     InStorePurchase,     192172,          0,          0,          0,     187847,     208170,      300,     5500,    26000,    61000,   124000,   265000,
      OnlinePurchase,     134407,          0,          0,          0,     131520,     145941,      300,     5200,    25000,    60000,   123000,   276000,
        InstPurchase,      38416,          0,          0,          0,      37475,      41602,      400,     5600,    26000,    63000,   125000,   236000,
          AssocOfCat,        382,          0,          0,          0,        304,        406,    19500,    37000,    87300,   132300,   187510,   200000,
      AssocOfProduct,       3840,          0,          0,          0,       3601,       4191,      700,     6500,    33000,    66000,   126000,   172000,
      BusinessReport,        969,          0,          0,          0,        851,       1048,    26000,    38000,    77200,   130000,   180040,   227000,
          CustBuyBeh,       3832,          0,          0,          0,       3587,       4206,      300,     4800,    24000,    57000,   125000,   192000,
       ProductReturn,      10201,          0,          0,          0,       9715,      10981,      200,     4100,    21000,    54000,   115180,   207000,

  3650s: (47%)   IR =   6503 ..[3653.251s][info][gc,start       ] GC(863) Pause Young (Concurrent Start) (G1 Evacuation Pause)
[3653.251s][info][gc,task        ] GC(863) Using 6 workers of 6 for evacuation
[3653.367s][info][gc,phases      ] GC(863)   Pre Evacuate Collection Set: 0.36ms
[3653.367s][info][gc,phases      ] GC(863)   Merge Heap Roots: 0.44ms
[3653.367s][info][gc,phases      ] GC(863)   Evacuate Collection Set: 114.11ms
[3653.367s][info][gc,phases      ] GC(863)   Post Evacuate Collection Set: 0.89ms
[3653.367s][info][gc,phases      ] GC(863)   Other: 0.10ms
[3653.367s][info][gc,heap        ] GC(863) Eden regions: 1118->0(1120)
[3653.367s][info][gc,heap        ] GC(863) Survivor regions: 110->108(154)
[3653.367s][info][gc,heap        ] GC(863) Old regions: 473->505
[3653.367s][info][gc,heap        ] GC(863) Humongous regions: 80->80
[3653.367s][info][gc,metaspace   ] GC(863) Metaspace: 28946K(29376K)->28946K(29376K) NonClass: 24076K(24256K)->24076K(24256K) Class: 4869K(5120K)->4869K(5120K)
[3653.367s][info][gc             ] GC(863) Pause Young (Concurrent Start) (G1 Evacuation Pause) 3559M->1383M(4096M) 116.059ms
[3653.367s][info][gc             ] GC(864) Concurrent Mark Cycle
[3653.367s][info][gc,marking     ] GC(864) Concurrent Scan Root Regions
[3653.367s][info][gc,cpu         ] GC(863) User=0.68s Sys=0.01s Real=0.12s
.[3653.512s][info][gc,marking     ] GC(864) Concurrent Scan Root Regions 145.399ms
[3653.512s][info][gc,marking     ] GC(864) Concurrent Mark
[3653.512s][info][gc,marking     ] GC(864) Concurrent Mark From Roots
[3653.512s][info][gc,task        ] GC(864) Using 2 workers of 2 for marking
[3654.218s][info][gc,marking     ] GC(864) Concurrent Mark From Roots 706.175ms
[3654.218s][info][gc,marking     ] GC(864) Concurrent Preclean
[3654.219s][info][gc,marking     ] GC(864) Concurrent Preclean 0.165ms
[3654.221s][info][gc,start       ] GC(864) Pause Remark
[3654.227s][info][gc             ] GC(864) Pause Remark 2139M->2139M(4096M) 5.745ms
[3654.227s][info][gc,cpu         ] GC(864) User=0.03s Sys=0.00s Real=0.01s
[3654.228s][info][gc,marking     ] GC(864) Concurrent Mark 716.341ms
[3654.229s][info][gc,marking     ] GC(864) Concurrent Rebuild Remembered Sets and Scrub Regions
.[3654.492s][info][gc,marking     ] GC(864) Concurrent Rebuild Remembered Sets and Scrub Regions 263.273ms
[3654.493s][info][gc,start       ] GC(864) Pause Cleanup
[3654.493s][info][gc             ] GC(864) Pause Cleanup 2352M->2352M(4096M) 0.122ms
[3654.493s][info][gc,cpu         ] GC(864) User=0.00s Sys=0.00s Real=0.00s
[3654.493s][info][gc,marking     ] GC(864) Concurrent Clear Claimed Marks
[3654.493s][info][gc,marking     ] GC(864) Concurrent Clear Claimed Marks 0.033ms
[3654.493s][info][gc,marking     ] GC(864) Concurrent Cleanup for Next Mark
[3654.497s][info][gc,marking     ] GC(864) Concurrent Cleanup for Next Mark 3.877ms
[3654.497s][info][gc             ] GC(864) Concurrent Mark Cycle 1130.523ms
.[3656.192s][info][gc,start       ] GC(865) Pause Young (Prepare Mixed) (G1 Evacuation Pause)
[3656.193s][info][gc,task        ] GC(865) Using 6 workers of 6 for evacuation
[3656.311s][info][gc,phases      ] GC(865)   Pre Evacuate Collection Set: 0.36ms
[3656.312s][info][gc,phases      ] GC(865)   Merge Heap Roots: 0.50ms
[3656.312s][info][gc,phases      ] GC(865)   Evacuate Collection Set: 117.08ms
[3656.312s][info][gc,phases      ] GC(865)   Post Evacuate Collection Set: 0.94ms
[3656.312s][info][gc,phases      ] GC(865)   Other: 0.09ms
[3656.312s][info][gc,heap        ] GC(865) Eden regions: 1120->0(1106)
[3656.312s][info][gc,heap        ] GC(865) Survivor regions: 108->111(154)
[3656.312s][info][gc,heap        ] GC(865) Old regions: 505->537
[3656.312s][info][gc,heap        ] GC(865) Humongous regions: 80->80
[3656.312s][info][gc,metaspace   ] GC(865) Metaspace: 28946K(29376K)->28946K(29376K) NonClass: 24077K(24256K)->24077K(24256K) Class: 4869K(5120K)->4869K(5120K)
[3656.312s][info][gc             ] GC(865) Pause Young (Prepare Mixed) (G1 Evacuation Pause) 3623M->1453M(4096M) 119.101ms
[3656.312s][info][gc,cpu         ] GC(865) User=0.70s Sys=0.00s Real=0.12s
.|..[3659.055s][info][gc,start       ] GC(866) Pause Young (Mixed) (G1 Evacuation Pause)
[3659.055s][info][gc,task        ] GC(866) Using 6 workers of 6 for evacuation
[3659.191s][info][gc,phases      ] GC(866)   Pre Evacuate Collection Set: 0.38ms
[3659.192s][info][gc,phases      ] GC(866)   Merge Heap Roots: 0.73ms
[3659.192s][info][gc,phases      ] GC(866)   Evacuate Collection Set: 134.27ms
[3659.192s][info][gc,phases      ] GC(866)   Post Evacuate Collection Set: 0.95ms
[3659.192s][info][gc,phases      ] GC(866)   Other: 0.09ms
[3659.192s][info][gc,heap        ] GC(866) Eden regions: 1106->0(1119)
[3659.192s][info][gc,heap        ] GC(866) Survivor regions: 111->109(153)
[3659.192s][info][gc,heap        ] GC(866) Old regions: 537->474
[3659.192s][info][gc,heap        ] GC(866) Humongous regions: 80->80
[3659.192s][info][gc,metaspace   ] GC(866) Metaspace: 28946K(29376K)->28946K(29376K) NonClass: 24077K(24256K)->24077K(24256K) Class: 4869K(5120K)->4869K(5120K)
[3659.192s][info][gc             ] GC(866) Pause Young (Mixed) (G1 Evacuation Pause) 3665M->1323M(4096M) 136.551ms
[3659.192s][info][gc,cpu         ] GC(866) User=0.80s Sys=0.00s Real=0.14s
...[3661.924s][info][gc,start       ] GC(867) Pause Young (Concurrent Start) (G1 Evacuation Pause)
[3661.924s][info][gc,task        ] GC(867) Using 6 workers of 6 for evacuation
[3662.041s][info][gc,phases      ] GC(867)   Pre Evacuate Collection Set: 0.37ms
[3662.041s][info][gc,phases      ] GC(867)   Merge Heap Roots: 0.47ms
[3662.041s][info][gc,phases      ] GC(867)   Evacuate Collection Set: 115.44ms
[3662.041s][info][gc,phases      ] GC(867)   Post Evacuate Collection Set: 0.91ms
[3662.041s][info][gc,phases      ] GC(867)   Other: 0.11ms
[3662.041s][info][gc,heap        ] GC(867) Eden regions: 1119->0(1120)
[3662.041s][info][gc,heap        ] GC(867) Survivor regions: 109->108(154)
[3662.041s][info][gc,heap        ] GC(867) Old regions: 474->506
[3662.041s][info][gc,heap        ] GC(867) Humongous regions: 80->80
[3662.041s][info][gc,metaspace   ] GC(867) Metaspace: 28946K(29376K)->28946K(29376K) NonClass: 24077K(24256K)->24077K(24256K) Class: 4869K(5120K)->4869K(5120K)
[3662.041s][info][gc             ] GC(867) Pause Young (Concurrent Start) (G1 Evacuation Pause) 3561M->1385M(4096M) 117.430ms
[3662.041s][info][gc             ] GC(868) Concurrent Mark Cycle
[3662.041s][info][gc,marking     ] GC(868) Concurrent Scan Root Regions
[3662.041s][info][gc,cpu         ] GC(867) User=0.69s Sys=0.00s Real=0.12s
[3662.208s][info][gc,marking     ] GC(868) Concurrent Scan Root Regions 167.130ms
[3662.208s][info][gc,marking     ] GC(868) Concurrent Mark
[3662.208s][info][gc,marking     ] GC(868) Concurrent Mark From Roots
[3662.208s][info][gc,task        ] GC(868) Using 2 workers of 2 for marking
.[3663.111s][info][gc,marking     ] GC(868) Concurrent Mark From Roots 902.627ms
[3663.111s][info][gc,marking     ] GC(868) Concurrent Preclean
[3663.111s][info][gc,marking     ] GC(868) Concurrent Preclean 0.076ms
[3663.111s][info][gc,start       ] GC(868) Pause Remark
[3663.116s][info][gc             ] GC(868) Pause Remark 2272M->2272M(4096M) 5.066ms
[3663.116s][info][gc,cpu         ] GC(868) User=0.02s Sys=0.00s Real=0.01s
[3663.116s][info][gc,marking     ] GC(868) Concurrent Mark 908.040ms
[3663.116s][info][gc,marking     ] GC(868) Concurrent Rebuild Remembered Sets and Scrub Regions
[3663.382s][info][gc,marking     ] GC(868) Concurrent Rebuild Remembered Sets and Scrub Regions 265.324ms
[3663.382s][info][gc,start       ] GC(868) Pause Cleanup
[3663.382s][info][gc             ] GC(868) Pause Cleanup 2468M->2468M(4096M) 0.111ms
[3663.382s][info][gc,cpu         ] GC(868) User=0.00s Sys=0.00s Real=0.00s
[3663.383s][info][gc,marking     ] GC(868) Concurrent Clear Claimed Marks
[3663.383s][info][gc,marking     ] GC(868) Concurrent Clear Claimed Marks 0.031ms
[3663.383s][info][gc,marking     ] GC(868) Concurrent Cleanup for Next Mark
[3663.388s][info][gc,marking     ] GC(868) Concurrent Cleanup for Next Mark 5.095ms
[3663.388s][info][gc             ] GC(868) Concurrent Mark Cycle 1346.983ms
..[3664.910s][info][gc,start       ] GC(869) Pause Young (Prepare Mixed) (G1 Evacuation Pause)
[3664.910s][info][gc,task        ] GC(869) Using 6 workers of 6 for evacuation
[3665.035s][info][gc,phases      ] GC(869)   Pre Evacuate Collection Set: 0.32ms
[3665.035s][info][gc,phases      ] GC(869)   Merge Heap Roots: 0.50ms
[3665.035s][info][gc,phases      ] GC(869)   Evacuate Collection Set: 122.44ms
[3665.035s][info][gc,phases      ] GC(869)   Post Evacuate Collection Set: 0.98ms
[3665.035s][info][gc,phases      ] GC(869)   Other: 0.08ms
[3665.035s][info][gc,heap        ] GC(869) Eden regions: 1120->0(1097)
[3665.035s][info][gc,heap        ] GC(869) Survivor regions: 108->115(154)
[3665.035s][info][gc,heap        ] GC(869) Old regions: 506->538
[3665.035s][info][gc,heap        ] GC(869) Humongous regions: 80->80
[3665.035s][info][gc,metaspace   ] GC(869) Metaspace: 28946K(29376K)->28946K(29376K) NonClass: 24077K(24256K)->24077K(24256K) Class: 4869K(5120K)->4869K(5120K)
[3665.035s][info][gc             ] GC(869) Pause Young (Prepare Mixed) (G1 Evacuation Pause) 3625M->1463M(4096M) 124.455ms
[3665.035s][info][gc,cpu         ] GC(869) User=0.74s Sys=0.00s Real=0.12s
...[3667.705s][info][gc,start       ] GC(870) Pause Young (Mixed) (G1 Evacuation Pause)
[3667.705s][info][gc,task        ] GC(870) Using 6 workers of 6 for evacuation
[3667.845s][info][gc,phases      ] GC(870)   Pre Evacuate Collection Set: 0.42ms
[3667.845s][info][gc,phases      ] GC(870)   Merge Heap Roots: 0.80ms
[3667.845s][info][gc,phases      ] GC(870)   Evacuate Collection Set: 138.08ms
[3667.845s][info][gc,phases      ] GC(870)   Post Evacuate Collection Set: 0.95ms
[3667.845s][info][gc,phases      ] GC(870)   Other: 0.09ms
[3667.845s][info][gc,heap        ] GC(870) Eden regions: 1097->0(1115)
[3667.845s][info][gc,heap        ] GC(870) Survivor regions: 115->113(152)
[3667.845s][info][gc,heap        ] GC(870) Old regions: 538->473
[3667.845s][info][gc,heap        ] GC(870) Humongous regions: 80->80
[3667.845s][info][gc,metaspace   ] GC(870) Metaspace: 28946K(29376K)->28946K(29376K) NonClass: 24077K(24256K)->24077K(24256K) Class: 4869K(5120K)->4869K(5120K)
[3667.845s][info][gc             ] GC(870) Pause Young (Mixed) (G1 Evacuation Pause) 3657M->1329M(4096M) 140.467ms
[3667.845s][info][gc,cpu         ] GC(870) User=0.83s Sys=0.00s Real=0.14s
...[3670.616s][info][gc,start       ] GC(871) Pause Young (Concurrent Start) (G1 Evacuation Pause)
[3670.616s][info][gc,task        ] GC(871) Using 6 workers of 6 for evacuation
[3670.736s][info][gc,phases      ] GC(871)   Pre Evacuate Collection Set: 0.40ms
[3670.736s][info][gc,phases      ] GC(871)   Merge Heap Roots: 0.51ms
[3670.736s][info][gc,phases      ] GC(871)   Evacuate Collection Set: 118.05ms
[3670.736s][info][gc,phases      ] GC(871)   Post Evacuate Collection Set: 0.86ms
[3670.736s][info][gc,phases      ] GC(871)   Other: 0.10ms
[3670.736s][info][gc,heap        ] GC(871) Eden regions: 1115->0(1119)
[3670.736s][info][gc,heap        ] GC(871) Survivor regions: 113->109(154)
[3670.736s][info][gc,heap        ] GC(871) Old regions: 473->506
[3670.736s][info][gc,heap        ] GC(871) Humongous regions: 80->80
[3670.736s][info][gc,metaspace   ] GC(871) Metaspace: 28946K(29376K)->28946K(29376K) NonClass: 24077K(24256K)->24077K(24256K) Class: 4869K(5120K)->4869K(5120K)
[3670.736s][info][gc             ] GC(871) Pause Young (Concurrent Start) (G1 Evacuation Pause) 3559M->1387M(4096M) 120.041ms
[3670.736s][info][gc             ] GC(872) Concurrent Mark Cycle
[3670.736s][info][gc,marking     ] GC(872) Concurrent Scan Root Regions
[3670.736s][info][gc,cpu         ] GC(871) User=0.71s Sys=0.00s Real=0.12s
[3670.882s][info][gc,marking     ] GC(872) Concurrent Scan Root Regions 146.012ms
[3670.882s][info][gc,marking     ] GC(872) Concurrent Mark
[3670.882s][info][gc,marking     ] GC(872) Concurrent Mark From Roots
[3670.882s][info][gc,task        ] GC(872) Using 2 workers of 2 for marking
.[3671.578s][info][gc,marking     ] GC(872) Concurrent Mark From Roots 696.320ms
[3671.578s][info][gc,marking     ] GC(872) Concurrent Preclean
[3671.578s][info][gc,marking     ] GC(872) Concurrent Preclean 0.095ms
[3671.580s][info][gc,start       ] GC(872) Pause Remark
[3671.585s][info][gc             ] GC(872) Pause Remark 2101M->2101M(4096M) 5.317ms
[3671.585s][info][gc,cpu         ] GC(872) User=0.03s Sys=0.00s Real=0.00s
[3671.585s][info][gc,marking     ] GC(872) Concurrent Mark 703.249ms
[3671.585s][info][gc,marking     ] GC(872) Concurrent Rebuild Remembered Sets and Scrub Regions
[3671.866s][info][gc,marking     ] GC(872) Concurrent Rebuild Remembered Sets and Scrub Regions 280.978ms
[3671.867s][info][gc,start       ] GC(872) Pause Cleanup
[3671.867s][info][gc             ] GC(872) Pause Cleanup 2367M->2367M(4096M) 0.119ms
[3671.867s][info][gc,cpu         ] GC(872) User=0.00s Sys=0.00s Real=0.00s
[3671.867s][info][gc,marking     ] GC(872) Concurrent Clear Claimed Marks
[3671.867s][info][gc,marking     ] GC(872) Concurrent Clear Claimed Marks 0.039ms
[3671.867s][info][gc,marking     ] GC(872) Concurrent Cleanup for Next Mark
[3671.872s][info][gc,marking     ] GC(872) Concurrent Cleanup for Next Mark 4.737ms
[3671.872s][info][gc             ] GC(872) Concurrent Mark Cycle 1136.070ms
.[3673.463s][info][gc,start       ] GC(873) Pause Young (Prepare Mixed) (G1 Evacuation Pause)
[3673.463s][info][gc,task        ] GC(873) Using 6 workers of 6 for evacuation
[3673.581s][info][gc,phases      ] GC(873)   Pre Evacuate Collection Set: 0.33ms
[3673.581s][info][gc,phases      ] GC(873)   Merge Heap Roots: 0.49ms
[3673.581s][info][gc,phases      ] GC(873)   Evacuate Collection Set: 116.86ms
[3673.581s][info][gc,phases      ] GC(873)   Post Evacuate Collection Set: 0.93ms
[3673.581s][info][gc,phases      ] GC(873)   Other: 0.09ms
[3673.581s][info][gc,heap        ] GC(873) Eden regions: 1119->0(1105)
[3673.581s][info][gc,heap        ] GC(873) Survivor regions: 109->112(154)
[3673.581s][info][gc,heap        ] GC(873) Old regions: 506->536
[3673.581s][info][gc,heap        ] GC(873) Humongous regions: 80->80
[3673.581s][info][gc,metaspace   ] GC(873) Metaspace: 28946K(29376K)->28946K(29376K) NonClass: 24077K(24256K)->24077K(24256K) Class: 4869K(5120K)->4869K(5120K)
[3673.581s][info][gc             ] GC(873) Pause Young (Prepare Mixed) (G1 Evacuation Pause) 3625M->1453M(4096M) 118.840ms
[3673.581s][info][gc,cpu         ] GC(873) User=0.71s Sys=0.00s Real=0.12s
...[3676.335s][info][gc,start       ] GC(874) Pause Young (Mixed) (G1 Evacuation Pause)
[3676.335s][info][gc,task        ] GC(874) Using 6 workers of 6 for evacuation
[3676.474s][info][gc,phases      ] GC(874)   Pre Evacuate Collection Set: 0.39ms
[3676.474s][info][gc,phases      ] GC(874)   Merge Heap Roots: 0.77ms
[3676.474s][info][gc,phases      ] GC(874)   Evacuate Collection Set: 136.55ms
[3676.474s][info][gc,phases      ] GC(874)   Post Evacuate Collection Set: 0.98ms
[3676.474s][info][gc,phases      ] GC(874)   Other: 0.09ms
[3676.474s][info][gc,heap        ] GC(874) Eden regions: 1105->0(1118)
[3676.474s][info][gc,heap        ] GC(874) Survivor regions: 112->110(153)
[3676.474s][info][gc,heap        ] GC(874) Old regions: 536->472
[3676.474s][info][gc,heap        ] GC(874) Humongous regions: 80->80
[3676.474s][info][gc,metaspace   ] GC(874) Metaspace: 28946K(29376K)->28946K(29376K) NonClass: 24077K(24256K)->24077K(24256K) Class: 4869K(5120K)->4869K(5120K)
[3676.474s][info][gc             ] GC(874) Pause Young (Mixed) (G1 Evacuation Pause) 3663M->1322M(4096M) 138.934ms
[3676.474s][info][gc,cpu         ] GC(874) User=0.82s Sys=0.00s Real=0.14s
...[3679.259s][info][gc,start       ] GC(875) Pause Young (Concurrent Start) (G1 Evacuation Pause)
[3679.259s][info][gc,task        ] GC(875) Using 6 workers of 6 for evacuation
[3679.377s][info][gc,phases      ] GC(875)   Pre Evacuate Collection Set: 0.36ms
[3679.377s][info][gc,phases      ] GC(875)   Merge Heap Roots: 0.45ms
[3679.377s][info][gc,phases      ] GC(875)   Evacuate Collection Set: 115.53ms
[3679.377s][info][gc,phases      ] GC(875)   Post Evacuate Collection Set: 0.89ms
[3679.377s][info][gc,phases      ] GC(875)   Other: 0.11ms
[3679.377s][info][gc,heap        ] GC(875) Eden regions: 1118->0(1118)
[3679.377s][info][gc,heap        ] GC(875) Survivor regions: 110->110(154)
[3679.377s][info][gc,heap        ] GC(875) Old regions: 472->503
[3679.377s][info][gc,heap        ] GC(875) Humongous regions: 80->80
[3679.377s][info][gc,metaspace   ] GC(875) Metaspace: 28946K(29376K)->28946K(29376K) NonClass: 24077K(24256K)->24077K(24256K) Class: 4869K(5120K)->4869K(5120K)
[3679.377s][info][gc             ] GC(875) Pause Young (Concurrent Start) (G1 Evacuation Pause) 3558M->1384M(4096M) 117.463ms
[3679.377s][info][gc             ] GC(876) Concurrent Mark Cycle
[3679.377s][info][gc,marking     ] GC(876) Concurrent Scan Root Regions
[3679.377s][info][gc,cpu         ] GC(875) User=0.70s Sys=0.00s Real=0.12s
[3679.564s][info][gc,marking     ] GC(876) Concurrent Scan Root Regions 187.280ms
[3679.564s][info][gc,marking     ] GC(876) Concurrent Mark
[3679.564s][info][gc,marking     ] GC(876) Concurrent Mark From Roots
[3679.564s][info][gc,task        ] GC(876) Using 2 workers of 2 for marking
.[3680.226s][info][gc,marking     ] GC(876) Concurrent Mark From Roots 661.434ms
[3680.226s][info][gc,marking     ] GC(876) Concurrent Preclean
[3680.226s][info][gc,marking     ] GC(876) Concurrent Preclean 0.101ms
[3680.226s][info][gc,start       ] GC(876) Pause Remark
[3680.232s][info][gc             ] GC(876) Pause Remark 2073M->2073M(4096M) 5.795ms
[3680.232s][info][gc,cpu         ] GC(876) User=0.03s Sys=0.00s Real=0.00s
[3680.232s][info][gc,marking     ] GC(876) Concurrent Mark 667.613ms
[3680.232s][info][gc,marking     ] GC(876) Concurrent Rebuild Remembered Sets and Scrub Regions
[3680.486s][info][gc,marking     ] GC(876) Concurrent Rebuild Remembered Sets and Scrub Regions 253.750ms
[3680.486s][info][gc,start       ] GC(876) Pause Cleanup
[3680.486s][info][gc             ] GC(876) Pause Cleanup 2293M->2293M(4096M) 0.111ms
[3680.486s][info][gc,cpu         ] GC(876) User=0.00s Sys=0.00s Real=0.01s
[3680.486s][info][gc,marking     ] GC(876) Concurrent Clear Claimed Marks
[3680.486s][info][gc,marking     ] GC(876) Concurrent Clear Claimed Marks 0.026ms
[3680.486s][info][gc,marking     ] GC(876) Concurrent Cleanup for Next Mark
[3680.490s][info][gc,marking     ] GC(876) Concurrent Cleanup for Next Mark 4.470ms
[3680.490s][info][gc             ] GC(876) Concurrent Mark Cycle 1113.639ms
..[3682.139s][info][gc,start       ] GC(877) Pause Young (Prepare Mixed) (G1 Evacuation Pause)
[3682.139s][info][gc,task        ] GC(877) Using 6 workers of 6 for evacuation
[3682.257s][info][gc,phases      ] GC(877)   Pre Evacuate Collection Set: 0.36ms
[3682.257s][info][gc,phases      ] GC(877)   Merge Heap Roots: 0.51ms
[3682.257s][info][gc,phases      ] GC(877)   Evacuate Collection Set: 116.08ms
[3682.257s][info][gc,phases      ] GC(877)   Post Evacuate Collection Set: 0.94ms
[3682.257s][info][gc,phases      ] GC(877)   Other: 0.09ms
[3682.257s][info][gc,heap        ] GC(877) Eden regions: 1118->0(1110)
[3682.257s][info][gc,heap        ] GC(877) Survivor regions: 110->110(154)
[3682.257s][info][gc,heap        ] GC(877) Old regions: 503->535
[3682.257s][info][gc,heap        ] GC(877) Humongous regions: 80->80
[3682.257s][info][gc,metaspace   ] GC(877) Metaspace: 28946K(29376K)->28946K(29376K) NonClass: 24077K(24256K)->24077K(24256K) Class: 4869K(5120K)->4869K(5120K)
[3682.257s][info][gc             ] GC(877) Pause Young (Prepare Mixed) (G1 Evacuation Pause) 3620M->1446M(4096M) 118.113ms
[3682.257s][info][gc,cpu         ] GC(877) User=0.70s Sys=0.00s Real=0.12s
...[3685.078s][info][gc,start       ] GC(878) Pause Young (Mixed) (G1 Evacuation Pause)
[3685.078s][info][gc,task        ] GC(878) Using 6 workers of 6 for evacuation
[3685.214s][info][gc,phases      ] GC(878)   Pre Evacuate Collection Set: 0.38ms
[3685.214s][info][gc,phases      ] GC(878)   Merge Heap Roots: 0.64ms
[3685.214s][info][gc,phases      ] GC(878)   Evacuate Collection Set: 133.88ms
[3685.214s][info][gc,phases      ] GC(878)   Post Evacuate Collection Set: 0.96ms
[3685.214s][info][gc,phases      ] GC(878)   Other: 0.09ms
[3685.214s][info][gc,heap        ] GC(878) Eden regions: 1110->0(1118)
[3685.214s][info][gc,heap        ] GC(878) Survivor regions: 110->110(153)
[3685.214s][info][gc,heap        ] GC(878) Old regions: 535->471
[3685.214s][info][gc,heap        ] GC(878) Humongous regions: 80->80
[3685.214s][info][gc,metaspace   ] GC(878) Metaspace: 28946K(29376K)->28946K(29376K) NonClass: 24077K(24256K)->24077K(24256K) Class: 4869K(5120K)->4869K(5120K)
[3685.214s][info][gc             ] GC(878) Pause Young (Mixed) (G1 Evacuation Pause) 3666M->1319M(4096M) 136.079ms
[3685.214s][info][gc,cpu         ] GC(878) User=0.80s Sys=0.00s Real=0.13s
...[3687.948s][info][gc,start       ] GC(879) Pause Young (Concurrent Start) (G1 Evacuation Pause)
[3687.949s][info][gc,task        ] GC(879) Using 6 workers of 6 for evacuation
[3688.066s][info][gc,phases      ] GC(879)   Pre Evacuate Collection Set: 0.39ms
[3688.066s][info][gc,phases      ] GC(879)   Merge Heap Roots: 0.44ms
[3688.066s][info][gc,phases      ] GC(879)   Evacuate Collection Set: 115.78ms
[3688.066s][info][gc,phases      ] GC(879)   Post Evacuate Collection Set: 0.89ms
[3688.066s][info][gc,phases      ] GC(879)   Other: 0.13ms
[3688.066s][info][gc,heap        ] GC(879) Eden regions: 1118->0(1118)
[3688.066s][info][gc,heap        ] GC(879) Survivor regions: 110->110(154)
[3688.066s][info][gc,heap        ] GC(879) Old regions: 471->502
[3688.066s][info][gc,heap        ] GC(879) Humongous regions: 80->80
[3688.066s][info][gc,metaspace   ] GC(879) Metaspace: 28946K(29376K)->28946K(29376K) NonClass: 24077K(24256K)->24077K(24256K) Class: 4869K(5120K)->4869K(5120K)
[3688.066s][info][gc             ] GC(879) Pause Young (Concurrent Start) (G1 Evacuation Pause) 3555M->1382M(4096M) 117.774ms
[3688.066s][info][gc             ] GC(880) Concurrent Mark Cycle
[3688.066s][info][gc,marking     ] GC(880) Concurrent Scan Root Regions
[3688.066s][info][gc,cpu         ] GC(879) User=0.69s Sys=0.00s Real=0.12s
[3688.202s][info][gc,marking     ] GC(880) Concurrent Scan Root Regions 136.128ms
[3688.202s][info][gc,marking     ] GC(880) Concurrent Mark
[3688.202s][info][gc,marking     ] GC(880) Concurrent Mark From Roots
[3688.202s][info][gc,task        ] GC(880) Using 2 workers of 2 for marking
.[3688.952s][info][gc,marking     ] GC(880) Concurrent Mark From Roots 749.550ms
[3688.952s][info][gc,marking     ] GC(880) Concurrent Preclean
[3688.952s][info][gc,marking     ] GC(880) Concurrent Preclean 0.119ms
[3688.954s][info][gc,start       ] GC(880) Pause Remark
[3688.959s][info][gc             ] GC(880) Pause Remark 2106M->2106M(4096M) 5.108ms
[3688.959s][info][gc,cpu         ] GC(880) User=0.03s Sys=0.00s Real=0.01s
[3688.959s][info][gc,marking     ] GC(880) Concurrent Mark 756.718ms
[3688.959s][info][gc,marking     ] GC(880) Concurrent Rebuild Remembered Sets and Scrub Regions
[3689.222s][info][gc,marking     ] GC(880) Concurrent Rebuild Remembered Sets and Scrub Regions 262.894ms
[3689.222s][info][gc,start       ] GC(880) Pause Cleanup
[3689.222s][info][gc             ] GC(880) Pause Cleanup 2363M->2363M(4096M) 0.104ms
[3689.222s][info][gc,cpu         ] GC(880) User=0.00s Sys=0.00s Real=0.00s
[3689.223s][info][gc,marking     ] GC(880) Concurrent Clear Claimed Marks
[3689.223s][info][gc,marking     ] GC(880) Concurrent Clear Claimed Marks 0.039ms
[3689.223s][info][gc,marking     ] GC(880) Concurrent Cleanup for Next Mark
[3689.229s][info][gc,marking     ] GC(880) Concurrent Cleanup for Next Mark 5.901ms
[3689.229s][info][gc             ] GC(880) Concurrent Mark Cycle 1162.786ms
..[3690.806s][info][gc,start       ] GC(881) Pause Young (Prepare Mixed) (G1 Evacuation Pause)
[3690.806s][info][gc,task        ] GC(881) Using 6 workers of 6 for evacuation
[3690.924s][info][gc,phases      ] GC(881)   Pre Evacuate Collection Set: 0.35ms
[3690.924s][info][gc,phases      ] GC(881)   Merge Heap Roots: 0.50ms
[3690.924s][info][gc,phases      ] GC(881)   Evacuate Collection Set: 116.84ms
[3690.924s][info][gc,phases      ] GC(881)   Post Evacuate Collection Set: 0.94ms
[3690.924s][info][gc,phases      ] GC(881)   Other: 0.09ms
[3690.924s][info][gc,heap        ] GC(881) Eden regions: 1118->0(1111)
[3690.924s][info][gc,heap        ] GC(881) Survivor regions: 110->110(154)
[3690.924s][info][gc,heap        ] GC(881) Old regions: 502->534
[3690.924s][info][gc,heap        ] GC(881) Humongous regions: 80->80
[3690.924s][info][gc,metaspace   ] GC(881) Metaspace: 28946K(29376K)->28946K(29376K) NonClass: 24077K(24256K)->24077K(24256K) Class: 4869K(5120K)->4869K(5120K)
[3690.924s][info][gc             ] GC(881) Pause Young (Prepare Mixed) (G1 Evacuation Pause) 3618M->1446M(4096M) 118.843ms
[3690.924s][info][gc,cpu         ] GC(881) User=0.70s Sys=0.00s Real=0.12s
..[3693.717s][info][gc,start       ] GC(882) Pause Young (Mixed) (G1 Evacuation Pause)
[3693.717s][info][gc,task        ] GC(882) Using 6 workers of 6 for evacuation
[3693.861s][info][gc,phases      ] GC(882)   Pre Evacuate Collection Set: 0.37ms
[3693.861s][info][gc,phases      ] GC(882)   Merge Heap Roots: 0.75ms
[3693.861s][info][gc,phases      ] GC(882)   Evacuate Collection Set: 141.74ms
[3693.861s][info][gc,phases      ] GC(882)   Post Evacuate Collection Set: 0.96ms
[3693.861s][info][gc,phases      ] GC(882)   Other: 0.09ms
[3693.861s][info][gc,heap        ] GC(882) Eden regions: 1111->0(1111)
[3693.861s][info][gc,heap        ] GC(882) Survivor regions: 110->117(153)
[3693.861s][info][gc,heap        ] GC(882) Old regions: 534->473
[3693.861s][info][gc,heap        ] GC(882) Humongous regions: 80->80
[3693.861s][info][gc,metaspace   ] GC(882) Metaspace: 28946K(29376K)->28946K(29376K) NonClass: 24077K(24256K)->24077K(24256K) Class: 4869K(5120K)->4869K(5120K)
[3693.861s][info][gc             ] GC(882) Pause Young (Mixed) (G1 Evacuation Pause) 3668M->1337M(4096M) 144.053ms
[3693.861s][info][gc,cpu         ] GC(882) User=0.85s Sys=0.00s Real=0.14s
...[3696.591s][info][gc,start       ] GC(883) Pause Young (Concurrent Start) (G1 Evacuation Pause)
[3696.591s][info][gc,task        ] GC(883) Using 6 workers of 6 for evacuation
[3696.709s][info][gc,phases      ] GC(883)   Pre Evacuate Collection Set: 0.35ms
[3696.709s][info][gc,phases      ] GC(883)   Merge Heap Roots: 0.52ms
[3696.709s][info][gc,phases      ] GC(883)   Evacuate Collection Set: 116.37ms
[3696.709s][info][gc,phases      ] GC(883)   Post Evacuate Collection Set: 0.90ms
[3696.709s][info][gc,phases      ] GC(883)   Other: 0.12ms
[3696.709s][info][gc,heap        ] GC(883) Eden regions: 1111->0(1117)
[3696.709s][info][gc,heap        ] GC(883) Survivor regions: 117->111(154)
[3696.709s][info][gc,heap        ] GC(883) Old regions: 473->505
[3696.709s][info][gc,heap        ] GC(883) Humongous regions: 80->80
[3696.709s][info][gc,metaspace   ] GC(883) Metaspace: 28946K(29376K)->28946K(29376K) NonClass: 24077K(24256K)->24077K(24256K) Class: 4869K(5120K)->4869K(5120K)
[3696.709s][info][gc             ] GC(883) Pause Young (Concurrent Start) (G1 Evacuation Pause) 3559M->1388M(4096M) 118.378ms
[3696.709s][info][gc             ] GC(884) Concurrent Mark Cycle
[3696.709s][info][gc,marking     ] GC(884) Concurrent Scan Root Regions
[3696.709s][info][gc,cpu         ] GC(883) User=0.70s Sys=0.00s Real=0.12s
.[3696.882s][info][gc,marking     ] GC(884) Concurrent Scan Root Regions 172.822ms
[3696.882s][info][gc,marking     ] GC(884) Concurrent Mark
[3696.882s][info][gc,marking     ] GC(884) Concurrent Mark From Roots
[3696.882s][info][gc,task        ] GC(884) Using 2 workers of 2 for marking
[3697.749s][info][gc,marking     ] GC(884) Concurrent Mark From Roots 867.067ms
[3697.749s][info][gc,marking     ] GC(884) Concurrent Preclean
[3697.749s][info][gc,marking     ] GC(884) Concurrent Preclean 0.113ms
[3697.749s][info][gc,start       ] GC(884) Pause Remark
[3697.756s][info][gc             ] GC(884) Pause Remark 2268M->2268M(4096M) 6.432ms
[3697.756s][info][gc,cpu         ] GC(884) User=0.04s Sys=0.00s Real=0.01s
[3697.757s][info][gc,marking     ] GC(884) Concurrent Mark 874.615ms
[3697.757s][info][gc,marking     ] GC(884) Concurrent Rebuild Remembered Sets and Scrub Regions
.[3698.104s][info][gc,marking     ] GC(884) Concurrent Rebuild Remembered Sets and Scrub Regions 347.143ms
[3698.104s][info][gc,start       ] GC(884) Pause Cleanup
[3698.104s][info][gc             ] GC(884) Pause Cleanup 2536M->2536M(4096M) 0.112ms
[3698.104s][info][gc,cpu         ] GC(884) User=0.00s Sys=0.00s Real=0.00s
[3698.105s][info][gc,marking     ] GC(884) Concurrent Clear Claimed Marks
[3698.105s][info][gc,marking     ] GC(884) Concurrent Clear Claimed Marks 0.030ms
[3698.105s][info][gc,marking     ] GC(884) Concurrent Cleanup for Next Mark
[3698.109s][info][gc,marking     ] GC(884) Concurrent Cleanup for Next Mark 4.831ms
[3698.109s][info][gc             ] GC(884) Concurrent Mark Cycle 1400.288ms
.[3699.490s][info][gc,start       ] GC(885) Pause Young (Prepare Mixed) (G1 Evacuation Pause)
[3699.490s][info][gc,task        ] GC(885) Using 6 workers of 6 for evacuation
[3699.608s][info][gc,phases      ] GC(885)   Pre Evacuate Collection Set: 0.32ms
[3699.608s][info][gc,phases      ] GC(885)   Merge Heap Roots: 0.50ms
[3699.608s][info][gc,phases      ] GC(885)   Evacuate Collection Set: 115.69ms
[3699.608s][info][gc,phases      ] GC(885)   Post Evacuate Collection Set: 0.93ms
[3699.608s][info][gc,phases      ] GC(885)   Other: 0.08ms
[3699.608s][info][gc,heap        ] GC(885) Eden regions: 1117->0(1111)
[3699.608s][info][gc,heap        ] GC(885) Survivor regions: 111->109(154)
[3699.608s][info][gc,heap        ] GC(885) Old regions: 505->536
[3699.608s][info][gc,heap        ] GC(885) Humongous regions: 80->80
[3699.608s][info][gc,metaspace   ] GC(885) Metaspace: 28946K(29376K)->28946K(29376K) NonClass: 24077K(24256K)->24077K(24256K) Class: 4869K(5120K)->4869K(5120K)
[3699.608s][info][gc             ] GC(885) Pause Young (Prepare Mixed) (G1 Evacuation Pause) 3622M->1448M(4096M) 117.670ms
[3699.608s][info][gc,cpu         ] GC(885) User=0.70s Sys=0.00s Real=0.12s
...[3702.335s][info][gc,start       ] GC(886) Pause Young (Mixed) (G1 Evacuation Pause)
[3702.335s][info][gc,task        ] GC(886) Using 6 workers of 6 for evacuation
[3702.468s][info][gc,phases      ] GC(886)   Pre Evacuate Collection Set: 0.40ms
[3702.468s][info][gc,phases      ] GC(886)   Merge Heap Roots: 0.75ms
[3702.468s][info][gc,phases      ] GC(886)   Evacuate Collection Set: 130.96ms
[3702.468s][info][gc,phases      ] GC(886)   Post Evacuate Collection Set: 0.96ms
[3702.468s][info][gc,phases      ] GC(886)   Other: 0.10ms
[3702.468s][info][gc,heap        ] GC(886) Eden regions: 1111->0(1119)
[3702.468s][info][gc,heap        ] GC(886) Survivor regions: 109->109(153)
[3702.468s][info][gc,heap        ] GC(886) Old regions: 536->472
[3702.468s][info][gc,heap        ] GC(886) Humongous regions: 80->80
[3702.468s][info][gc,metaspace   ] GC(886) Metaspace: 28946K(29376K)->28946K(29376K) NonClass: 24077K(24256K)->24077K(24256K) Class: 4869K(5120K)->4869K(5120K)
[3702.469s][info][gc             ] GC(886) Pause Young (Mixed) (G1 Evacuation Pause) 3670M->1318M(4096M) 133.345ms
[3702.469s][info][gc,cpu         ] GC(886) User=0.79s Sys=0.00s Real=0.14s
...[3705.238s][info][gc,start       ] GC(887) Pause Young (Concurrent Start) (G1 Evacuation Pause)
[3705.238s][info][gc,task        ] GC(887) Using 6 workers of 6 for evacuation
[3705.354s][info][gc,phases      ] GC(887)   Pre Evacuate Collection Set: 0.39ms
[3705.354s][info][gc,phases      ] GC(887)   Merge Heap Roots: 0.47ms
[3705.354s][info][gc,phases      ] GC(887)   Evacuate Collection Set: 114.54ms
[3705.354s][info][gc,phases      ] GC(887)   Post Evacuate Collection Set: 0.91ms
[3705.354s][info][gc,phases      ] GC(887)   Other: 0.11ms
[3705.354s][info][gc,heap        ] GC(887) Eden regions: 1119->0(1119)
[3705.354s][info][gc,heap        ] GC(887) Survivor regions: 109->109(154)
[3705.354s][info][gc,heap        ] GC(887) Old regions: 472->504
[3705.354s][info][gc,heap        ] GC(887) Humongous regions: 80->80
[3705.354s][info][gc,metaspace   ] GC(887) Metaspace: 28946K(29376K)->28946K(29376K) NonClass: 24077K(24256K)->24077K(24256K) Class: 4869K(5120K)->4869K(5120K)
[3705.354s][info][gc             ] GC(887) Pause Young (Concurrent Start) (G1 Evacuation Pause) 3556M->1383M(4096M) 116.562ms
[3705.354s][info][gc             ] GC(888) Concurrent Mark Cycle
[3705.355s][info][gc,marking     ] GC(888) Concurrent Scan Root Regions
[3705.355s][info][gc,cpu         ] GC(887) User=0.69s Sys=0.00s Real=0.11s
[3705.524s][info][gc,marking     ] GC(888) Concurrent Scan Root Regions 169.889ms
[3705.524s][info][gc,marking     ] GC(888) Concurrent Mark
[3705.524s][info][gc,marking     ] GC(888) Concurrent Mark From Roots
[3705.524s][info][gc,task        ] GC(888) Using 2 workers of 2 for marking
.[3706.391s][info][gc,marking     ] GC(888) Concurrent Mark From Roots 866.718ms
[3706.391s][info][gc,marking     ] GC(888) Concurrent Preclean
[3706.391s][info][gc,marking     ] GC(888) Concurrent Preclean 0.114ms
[3706.391s][info][gc,start       ] GC(888) Pause Remark
[3706.397s][info][gc             ] GC(888) Pause Remark 2257M->2257M(4096M) 5.966ms
[3706.398s][info][gc,cpu         ] GC(888) User=0.03s Sys=0.00s Real=0.01s
[3706.398s][info][gc,marking     ] GC(888) Concurrent Mark 873.100ms
[3706.398s][info][gc,marking     ] GC(888) Concurrent Rebuild Remembered Sets and Scrub Regions
[3706.699s][info][gc,marking     ] GC(888) Concurrent Rebuild Remembered Sets and Scrub Regions 301.533ms
[3706.699s][info][gc,start       ] GC(888) Pause Cleanup
[3706.699s][info][gc             ] GC(888) Pause Cleanup 2487M->2487M(4096M) 0.109ms
[3706.699s][info][gc,cpu         ] GC(888) User=0.00s Sys=0.00s Real=0.00s
[3706.701s][info][gc,marking     ] GC(888) Concurrent Clear Claimed Marks
[3706.701s][info][gc,marking     ] GC(888) Concurrent Clear Claimed Marks 0.044ms
[3706.701s][info][gc,marking     ] GC(888) Concurrent Cleanup for Next Mark
[3706.705s][info][gc,marking     ] GC(888) Concurrent Cleanup for Next Mark 3.907ms
[3706.705s][info][gc             ] GC(888) Concurrent Mark Cycle 1350.575ms
..[3708.177s][info][gc,start       ] GC(889) Pause Young (Prepare Mixed) (G1 Evacuation Pause)
[3708.177s][info][gc,task        ] GC(889) Using 6 workers of 6 for evacuation
[3708.296s][info][gc,phases      ] GC(889)   Pre Evacuate Collection Set: 0.33ms
[3708.296s][info][gc,phases      ] GC(889)   Merge Heap Roots: 0.54ms
[3708.296s][info][gc,phases      ] GC(889)   Evacuate Collection Set: 116.62ms
[3708.296s][info][gc,phases      ] GC(889)   Post Evacuate Collection Set: 0.91ms
[3708.296s][info][gc,phases      ] GC(889)   Other: 0.09ms
[3708.296s][info][gc,heap        ] GC(889) Eden regions: 1119->0(1107)
[3708.296s][info][gc,heap        ] GC(889) Survivor regions: 109->111(154)
[3708.296s][info][gc,heap        ] GC(889) Old regions: 504->536
[3708.296s][info][gc,heap        ] GC(889) Humongous regions: 80->80
[3708.296s][info][gc,metaspace   ] GC(889) Metaspace: 28946K(29376K)->28946K(29376K) NonClass: 24077K(24256K)->24077K(24256K) Class: 4869K(5120K)->4869K(5120K)
[3708.296s][info][gc             ] GC(889) Pause Young (Prepare Mixed) (G1 Evacuation Pause) 3621M->1450M(4096M) 118.634ms
[3708.296s][info][gc,cpu         ] GC(889) User=0.70s Sys=0.01s Real=0.11s
...[3711.041s][info][gc,start       ] GC(890) Pause Young (Mixed) (G1 Evacuation Pause)
[3711.041s][info][gc,task        ] GC(890) Using 6 workers of 6 for evacuation
[3711.176s][info][gc,phases      ] GC(890)   Pre Evacuate Collection Set: 0.42ms
[3711.176s][info][gc,phases      ] GC(890)   Merge Heap Roots: 0.69ms
[3711.176s][info][gc,phases      ] GC(890)   Evacuate Collection Set: 132.80ms
[3711.176s][info][gc,phases      ] GC(890)   Post Evacuate Collection Set: 0.97ms
[3711.176s][info][gc,phases      ] GC(890)   Other: 0.10ms
[3711.176s][info][gc,heap        ] GC(890) Eden regions: 1107->0(1120)
[3711.176s][info][gc,heap        ] GC(890) Survivor regions: 111->108(153)
[3711.176s][info][gc,heap        ] GC(890) Old regions: 536->473
[3711.176s][info][gc,heap        ] GC(890) Humongous regions: 80->80
[3711.176s][info][gc,metaspace   ] GC(890) Metaspace: 28946K(29376K)->28946K(29376K) NonClass: 24077K(24256K)->24077K(24256K) Class: 4869K(5120K)->4869K(5120K)
[3711.176s][info][gc             ] GC(890) Pause Young (Mixed) (G1 Evacuation Pause) 3664M->1320M(4096M) 135.132ms
[3711.176s][info][gc,cpu         ] GC(890) User=0.80s Sys=0.00s Real=0.14s
...[3713.974s][info][gc,start       ] GC(891) Pause Young (Concurrent Start) (G1 Evacuation Pause)
[3713.974s][info][gc,task        ] GC(891) Using 6 workers of 6 for evacuation
[3714.093s][info][gc,phases      ] GC(891)   Pre Evacuate Collection Set: 0.36ms
[3714.093s][info][gc,phases      ] GC(891)   Merge Heap Roots: 0.48ms
[3714.093s][info][gc,phases      ] GC(891)   Evacuate Collection Set: 117.20ms
[3714.093s][info][gc,phases      ] GC(891)   Post Evacuate Collection Set: 0.89ms
[3714.093s][info][gc,phases      ] GC(891)   Other: 0.12ms
[3714.093s][info][gc,heap        ] GC(891) Eden regions: 1120->0(1118)
[3714.093s][info][gc,heap        ] GC(891) Survivor regions: 108->110(154)
[3714.093s][info][gc,heap        ] GC(891) Old regions: 473->506
[3714.093s][info][gc,heap        ] GC(891) Humongous regions: 80->80
[3714.093s][info][gc,metaspace   ] GC(891) Metaspace: 28946K(29376K)->28946K(29376K) NonClass: 24077K(24256K)->24077K(24256K) Class: 4869K(5120K)->4869K(5120K)
[3714.093s][info][gc             ] GC(891) Pause Young (Concurrent Start) (G1 Evacuation Pause) 3560M->1388M(4096M) 119.189ms
[3714.093s][info][gc             ] GC(892) Concurrent Mark Cycle
[3714.093s][info][gc,marking     ] GC(892) Concurrent Scan Root Regions
[3714.093s][info][gc,cpu         ] GC(891) User=0.70s Sys=0.00s Real=0.12s
[3714.266s][info][gc,marking     ] GC(892) Concurrent Scan Root Regions 172.775ms
[3714.266s][info][gc,marking     ] GC(892) Concurrent Mark
[3714.266s][info][gc,marking     ] GC(892) Concurrent Mark From Roots
[3714.266s][info][gc,task        ] GC(892) Using 2 workers of 2 for marking
.[3715.237s][info][gc,marking     ] GC(892) Concurrent Mark From Roots 971.029ms
[3715.237s][info][gc,marking     ] GC(892) Concurrent Preclean
[3715.237s][info][gc,marking     ] GC(892) Concurrent Preclean 0.128ms
[3715.239s][info][gc,start       ] GC(892) Pause Remark
[3715.244s][info][gc             ] GC(892) Pause Remark 2296M->2296M(4096M) 5.329ms
[3715.244s][info][gc,cpu         ] GC(892) User=0.03s Sys=0.00s Real=0.00s
[3715.244s][info][gc,marking     ] GC(892) Concurrent Mark 978.458ms
[3715.244s][info][gc,marking     ] GC(892) Concurrent Rebuild Remembered Sets and Scrub Regions
[3715.513s][info][gc,marking     ] GC(892) Concurrent Rebuild Remembered Sets and Scrub Regions 269.348ms
[3715.514s][info][gc,start       ] GC(892) Pause Cleanup
[3715.514s][info][gc             ] GC(892) Pause Cleanup 2580M->2580M(4096M) 0.115ms
[3715.514s][info][gc,cpu         ] GC(892) User=0.00s Sys=0.00s Real=0.00s
[3715.515s][info][gc,marking     ] GC(892) Concurrent Clear Claimed Marks
[3715.515s][info][gc,marking     ] GC(892) Concurrent Clear Claimed Marks 0.027ms
[3715.515s][info][gc,marking     ] GC(892) Concurrent Cleanup for Next Mark
[3715.520s][info][gc,marking     ] GC(892) Concurrent Cleanup for Next Mark 4.853ms
[3715.520s][info][gc             ] GC(892) Concurrent Mark Cycle 1426.870ms
.[3716.837s][info][gc,start       ] GC(893) Pause Young (Prepare Mixed) (G1 Evacuation Pause)
[3716.837s][info][gc,task        ] GC(893) Using 6 workers of 6 for evacuation
[3716.953s][info][gc,phases      ] GC(893)   Pre Evacuate Collection Set: 0.32ms
[3716.953s][info][gc,phases      ] GC(893)   Merge Heap Roots: 0.52ms
[3716.953s][info][gc,phases      ] GC(893)   Evacuate Collection Set: 113.89ms
[3716.953s][info][gc,phases      ] GC(893)   Post Evacuate Collection Set: 0.93ms
[3716.953s][info][gc,phases      ] GC(893)   Other: 0.08ms
[3716.953s][info][gc,heap        ] GC(893) Eden regions: 1118->0(1112)
[3716.953s][info][gc,heap        ] GC(893) Survivor regions: 110->108(154)
[3716.953s][info][gc,heap        ] GC(893) Old regions: 506->537
[3716.953s][info][gc,heap        ] GC(893) Humongous regions: 80->80
[3716.953s][info][gc,metaspace   ] GC(893) Metaspace: 28946K(29376K)->28946K(29376K) NonClass: 24077K(24256K)->24077K(24256K) Class: 4869K(5120K)->4869K(5120K)
[3716.953s][info][gc             ] GC(893) Pause Young (Prepare Mixed) (G1 Evacuation Pause) 3624M->1446M(4096M) 115.866ms
[3716.953s][info][gc,cpu         ] GC(893) User=0.69s Sys=0.00s Real=0.11s
. (rIR:aIR:PR = 6503:6492:6491) (tPR = 96213) [OK] 
  3716s: Performance info:
         Transaction,    Success,    Partial,     Failed,   Receipts, AvgBarcode, 
             Overall,     392656,          0,          0,     373033,      59.48, 
         Response times:
             Request,    Success,    Partial,     Failed,   SkipFail,     Probes,    Samples,      min,      p50,      p90,      p95,      p99,      max, 
       TotalPurchase,     373034,          0,          0,          0,     361253,     401306,      300,     5500,    30000,    63000,   129000,   430000,
     InStorePurchase,     196305,          0,          0,          0,     189821,     210542,      300,     5500,    29000,    63000,   128000,   429000,
      OnlinePurchase,     137454,          0,          0,          0,     133160,     147999,      300,     5400,    30000,    63000,   128000,   430000,
        InstPurchase,      39275,          0,          0,          0,      38272,      42765,      400,     5900,    31000,    68000,   129000,   430000,
          AssocOfCat,        394,          0,          0,          0,        316,        420,    22000,    37000,    73900,   122550,   182160,   220000,
      AssocOfProduct,       3935,          0,          0,          0,       3703,       4311,      300,     5100,    29000,    63000,   126000,   230000,
      BusinessReport,        981,          0,          0,          0,        838,       1043,    27000,    40000,    94000,   142600,   194120,   235000,
          CustBuyBeh,       3922,          0,          0,          0,       3553,       4072,      200,     2500,    18970,    47000,   116270,   241000,
       ProductReturn,      10395,          0,          0,          0,       9940,      11343,      300,     6700,    36000,    75000,   130560,   226000,

  3716s: (48%)   IR =   6642 ..[3719.677s][info][gc,start       ] GC(894) Pause Young (Mixed) (G1 Evacuation Pause)
[3719.677s][info][gc,task        ] GC(894) Using 6 workers of 6 for evacuation
[3719.814s][info][gc,phases      ] GC(894)   Pre Evacuate Collection Set: 0.38ms
[3719.814s][info][gc,phases      ] GC(894)   Merge Heap Roots: 0.68ms
[3719.814s][info][gc,phases      ] GC(894)   Evacuate Collection Set: 134.62ms
[3719.814s][info][gc,phases      ] GC(894)   Post Evacuate Collection Set: 0.95ms
[3719.814s][info][gc,phases      ] GC(894)   Other: 0.09ms
[3719.814s][info][gc,heap        ] GC(894) Eden regions: 1112->0(1116)
[3719.814s][info][gc,heap        ] GC(894) Survivor regions: 108->112(153)
[3719.814s][info][gc,heap        ] GC(894) Old regions: 537->473
[3719.814s][info][gc,heap        ] GC(894) Humongous regions: 80->80
[3719.814s][info][gc,metaspace   ] GC(894) Metaspace: 28946K(29376K)->28946K(29376K) NonClass: 24077K(24256K)->24077K(24256K) Class: 4869K(5120K)->4869K(5120K)
[3719.814s][info][gc             ] GC(894) Pause Young (Mixed) (G1 Evacuation Pause) 3670M->1326M(4096M) 136.857ms
[3719.814s][info][gc,cpu         ] GC(894) User=0.81s Sys=0.00s Real=0.13s
..|.[3722.557s][info][gc,start       ] GC(895) Pause Young (Concurrent Start) (G1 Evacuation Pause)
[3722.557s][info][gc,task        ] GC(895) Using 6 workers of 6 for evacuation
[3722.677s][info][gc,phases      ] GC(895)   Pre Evacuate Collection Set: 0.39ms
[3722.677s][info][gc,phases      ] GC(895)   Merge Heap Roots: 0.48ms
[3722.677s][info][gc,phases      ] GC(895)   Evacuate Collection Set: 117.68ms
[3722.677s][info][gc,phases      ] GC(895)   Post Evacuate Collection Set: 0.92ms
[3722.677s][info][gc,phases      ] GC(895)   Other: 0.12ms
[3722.677s][info][gc,heap        ] GC(895) Eden regions: 1116->0(1115)
[3722.677s][info][gc,heap        ] GC(895) Survivor regions: 112->113(154)
[3722.677s][info][gc,heap        ] GC(895) Old regions: 473->504
[3722.677s][info][gc,heap        ] GC(895) Humongous regions: 80->80
[3722.677s][info][gc,metaspace   ] GC(895) Metaspace: 28946K(29376K)->28946K(29376K) NonClass: 24077K(24256K)->24077K(24256K) Class: 4869K(5120K)->4869K(5120K)
[3722.677s][info][gc             ] GC(895) Pause Young (Concurrent Start) (G1 Evacuation Pause) 3558M->1390M(4096M) 119.736ms
[3722.677s][info][gc             ] GC(896) Concurrent Mark Cycle
[3722.677s][info][gc,marking     ] GC(896) Concurrent Scan Root Regions
[3722.677s][info][gc,cpu         ] GC(895) User=0.71s Sys=0.00s Real=0.12s
[3722.858s][info][gc,marking     ] GC(896) Concurrent Scan Root Regions 180.736ms
[3722.858s][info][gc,marking     ] GC(896) Concurrent Mark
[3722.858s][info][gc,marking     ] GC(896) Concurrent Mark From Roots
[3722.858s][info][gc,task        ] GC(896) Using 2 workers of 2 for marking
.[3723.774s][info][gc,marking     ] GC(896) Concurrent Mark From Roots 915.835ms
[3723.774s][info][gc,marking     ] GC(896) Concurrent Preclean
[3723.774s][info][gc,marking     ] GC(896) Concurrent Preclean 0.146ms
[3723.776s][info][gc,start       ] GC(896) Pause Remark
[3723.783s][info][gc             ] GC(896) Pause Remark 2352M->2352M(4096M) 6.691ms
[3723.783s][info][gc,cpu         ] GC(896) User=0.03s Sys=0.00s Real=0.00s
[3723.784s][info][gc,marking     ] GC(896) Concurrent Mark 926.163ms
[3723.784s][info][gc,marking     ] GC(896) Concurrent Rebuild Remembered Sets and Scrub Regions
.[3724.155s][info][gc,marking     ] GC(896) Concurrent Rebuild Remembered Sets and Scrub Regions 370.634ms
[3724.155s][info][gc,start       ] GC(896) Pause Cleanup
[3724.155s][info][gc             ] GC(896) Pause Cleanup 2690M->2690M(4096M) 0.112ms
[3724.155s][info][gc,cpu         ] GC(896) User=0.00s Sys=0.00s Real=0.00s
[3724.155s][info][gc,marking     ] GC(896) Concurrent Clear Claimed Marks
[3724.155s][info][gc,marking     ] GC(896) Concurrent Clear Claimed Marks 0.032ms
[3724.155s][info][gc,marking     ] GC(896) Concurrent Cleanup for Next Mark
[3724.160s][info][gc,marking     ] GC(896) Concurrent Cleanup for Next Mark 5.026ms
[3724.160s][info][gc             ] GC(896) Concurrent Mark Cycle 1483.142ms
.[3725.367s][info][gc,start       ] GC(897) Pause Young (Prepare Mixed) (G1 Evacuation Pause)
[3725.367s][info][gc,task        ] GC(897) Using 6 workers of 6 for evacuation
[3725.489s][info][gc,phases      ] GC(897)   Pre Evacuate Collection Set: 0.31ms
[3725.489s][info][gc,phases      ] GC(897)   Merge Heap Roots: 0.53ms
[3725.489s][info][gc,phases      ] GC(897)   Evacuate Collection Set: 119.90ms
[3725.489s][info][gc,phases      ] GC(897)   Post Evacuate Collection Set: 0.98ms
[3725.489s][info][gc,phases      ] GC(897)   Other: 0.09ms
[3725.489s][info][gc,heap        ] GC(897) Eden regions: 1115->0(1102)
[3725.489s][info][gc,heap        ] GC(897) Survivor regions: 113->114(154)
[3725.489s][info][gc,heap        ] GC(897) Old regions: 504->535
[3725.489s][info][gc,heap        ] GC(897) Humongous regions: 80->80
[3725.489s][info][gc,metaspace   ] GC(897) Metaspace: 28946K(29376K)->28946K(29376K) NonClass: 24077K(24256K)->24077K(24256K) Class: 4869K(5120K)->4869K(5120K)
[3725.489s][info][gc             ] GC(897) Pause Young (Prepare Mixed) (G1 Evacuation Pause) 3620M->1455M(4096M) 121.933ms
[3725.489s][info][gc,cpu         ] GC(897) User=0.72s Sys=0.00s Real=0.12s
...[3728.227s][info][gc,start       ] GC(898) Pause Young (Mixed) (G1 Evacuation Pause)
[3728.227s][info][gc,task        ] GC(898) Using 6 workers of 6 for evacuation
[3728.366s][info][gc,phases      ] GC(898)   Pre Evacuate Collection Set: 0.35ms
[3728.366s][info][gc,phases      ] GC(898)   Merge Heap Roots: 0.74ms
[3728.366s][info][gc,phases      ] GC(898)   Evacuate Collection Set: 137.12ms
[3728.366s][info][gc,phases      ] GC(898)   Post Evacuate Collection Set: 0.95ms
[3728.366s][info][gc,phases      ] GC(898)   Other: 0.10ms
[3728.366s][info][gc,heap        ] GC(898) Eden regions: 1102->0(1117)
[3728.366s][info][gc,heap        ] GC(898) Survivor regions: 114->111(152)
[3728.366s][info][gc,heap        ] GC(898) Old regions: 535->473
[3728.366s][info][gc,heap        ] GC(898) Humongous regions: 80->80
[3728.366s][info][gc,metaspace   ] GC(898) Metaspace: 28946K(29376K)->28946K(29376K) NonClass: 24077K(24256K)->24077K(24256K) Class: 4869K(5120K)->4869K(5120K)
[3728.366s][info][gc             ] GC(898) Pause Young (Mixed) (G1 Evacuation Pause) 3659M->1325M(4096M) 139.396ms
[3728.366s][info][gc,cpu         ] GC(898) User=0.82s Sys=0.00s Real=0.14s
..[3730.990s][info][gc,start       ] GC(899) Pause Young (Concurrent Start) (G1 Evacuation Pause)
[3730.990s][info][gc,task        ] GC(899) Using 6 workers of 6 for evacuation
[3731.105s][info][gc,phases      ] GC(899)   Pre Evacuate Collection Set: 0.37ms
[3731.105s][info][gc,phases      ] GC(899)   Merge Heap Roots: 0.49ms
[3731.105s][info][gc,phases      ] GC(899)   Evacuate Collection Set: 112.92ms
[3731.105s][info][gc,phases      ] GC(899)   Post Evacuate Collection Set: 0.91ms
[3731.105s][info][gc,phases      ] GC(899)   Other: 0.11ms
[3731.105s][info][gc,heap        ] GC(899) Eden regions: 1117->0(1120)
[3731.105s][info][gc,heap        ] GC(899) Survivor regions: 111->108(154)
[3731.105s][info][gc,heap        ] GC(899) Old regions: 473->504
[3731.105s][info][gc,heap        ] GC(899) Humongous regions: 80->80
[3731.105s][info][gc,metaspace   ] GC(899) Metaspace: 28946K(29376K)->28946K(29376K) NonClass: 24077K(24256K)->24077K(24256K) Class: 4869K(5120K)->4869K(5120K)
[3731.105s][info][gc             ] GC(899) Pause Young (Concurrent Start) (G1 Evacuation Pause) 3559M->1381M(4096M) 114.946ms
[3731.105s][info][gc             ] GC(900) Concurrent Mark Cycle
[3731.105s][info][gc,marking     ] GC(900) Concurrent Scan Root Regions
[3731.105s][info][gc,cpu         ] GC(899) User=0.68s Sys=0.00s Real=0.11s
.[3731.319s][info][gc,marking     ] GC(900) Concurrent Scan Root Regions 213.102ms
[3731.319s][info][gc,marking     ] GC(900) Concurrent Mark
[3731.319s][info][gc,marking     ] GC(900) Concurrent Mark From Roots
[3731.319s][info][gc,task        ] GC(900) Using 2 workers of 2 for marking
.[3732.273s][info][gc,marking     ] GC(900) Concurrent Mark From Roots 954.006ms
[3732.273s][info][gc,marking     ] GC(900) Concurrent Preclean
[3732.273s][info][gc,marking     ] GC(900) Concurrent Preclean 0.077ms
[3732.273s][info][gc,start       ] GC(900) Pause Remark
[3732.279s][info][gc             ] GC(900) Pause Remark 2340M->2340M(4096M) 6.102ms
[3732.279s][info][gc,cpu         ] GC(900) User=0.03s Sys=0.00s Real=0.01s
[3732.279s][info][gc,marking     ] GC(900) Concurrent Mark 960.440ms
[3732.279s][info][gc,marking     ] GC(900) Concurrent Rebuild Remembered Sets and Scrub Regions
[3732.594s][info][gc,marking     ] GC(900) Concurrent Rebuild Remembered Sets and Scrub Regions 315.298ms
[3732.595s][info][gc,start       ] GC(900) Pause Cleanup
[3732.595s][info][gc             ] GC(900) Pause Cleanup 2599M->2599M(4096M) 0.120ms
[3732.595s][info][gc,cpu         ] GC(900) User=0.00s Sys=0.00s Real=0.00s
[3732.595s][info][gc,marking     ] GC(900) Concurrent Clear Claimed Marks
[3732.595s][info][gc,marking     ] GC(900) Concurrent Clear Claimed Marks 0.031ms
[3732.595s][info][gc,marking     ] GC(900) Concurrent Cleanup for Next Mark
[3732.600s][info][gc,marking     ] GC(900) Concurrent Cleanup for Next Mark 4.871ms
[3732.600s][info][gc             ] GC(900) Concurrent Mark Cycle 1494.906ms
.[3733.913s][info][gc,start       ] GC(901) Pause Young (Prepare Mixed) (G1 Evacuation Pause)
[3733.913s][info][gc,task        ] GC(901) Using 6 workers of 6 for evacuation
[3734.029s][info][gc,phases      ] GC(901)   Pre Evacuate Collection Set: 0.34ms
[3734.029s][info][gc,phases      ] GC(901)   Merge Heap Roots: 0.53ms
[3734.029s][info][gc,phases      ] GC(901)   Evacuate Collection Set: 114.57ms
[3734.029s][info][gc,phases      ] GC(901)   Post Evacuate Collection Set: 0.95ms
[3734.029s][info][gc,phases      ] GC(901)   Other: 0.08ms
[3734.029s][info][gc,heap        ] GC(901) Eden regions: 1120->0(1112)
[3734.029s][info][gc,heap        ] GC(901) Survivor regions: 108->108(154)
[3734.029s][info][gc,heap        ] GC(901) Old regions: 504->537
[3734.029s][info][gc,heap        ] GC(901) Humongous regions: 80->80
[3734.029s][info][gc,metaspace   ] GC(901) Metaspace: 28946K(29376K)->28946K(29376K) NonClass: 24077K(24256K)->24077K(24256K) Class: 4869K(5120K)->4869K(5120K)
[3734.029s][info][gc             ] GC(901) Pause Young (Prepare Mixed) (G1 Evacuation Pause) 3621M->1447M(4096M) 116.633ms
[3734.029s][info][gc,cpu         ] GC(901) User=0.69s Sys=0.01s Real=0.12s
...[3736.667s][info][gc,start       ] GC(902) Pause Young (Mixed) (G1 Evacuation Pause)
[3736.667s][info][gc,task        ] GC(902) Using 6 workers of 6 for evacuation
[3736.806s][info][gc,phases      ] GC(902)   Pre Evacuate Collection Set: 0.36ms
[3736.806s][info][gc,phases      ] GC(902)   Merge Heap Roots: 0.69ms
[3736.806s][info][gc,phases      ] GC(902)   Evacuate Collection Set: 136.41ms
[3736.806s][info][gc,phases      ] GC(902)   Post Evacuate Collection Set: 0.92ms
[3736.806s][info][gc,phases      ] GC(902)   Other: 0.09ms
[3736.806s][info][gc,heap        ] GC(902) Eden regions: 1112->0(1115)
[3736.806s][info][gc,heap        ] GC(902) Survivor regions: 108->113(153)
[3736.806s][info][gc,heap        ] GC(902) Old regions: 537->473
[3736.806s][info][gc,heap        ] GC(902) Humongous regions: 80->80
[3736.806s][info][gc,metaspace   ] GC(902) Metaspace: 28946K(29376K)->28946K(29376K) NonClass: 24077K(24256K)->24077K(24256K) Class: 4869K(5120K)->4869K(5120K)
[3736.806s][info][gc             ] GC(902) Pause Young (Mixed) (G1 Evacuation Pause) 3671M->1330M(4096M) 138.613ms
[3736.806s][info][gc,cpu         ] GC(902) User=0.82s Sys=0.00s Real=0.14s
...[3739.568s][info][gc,start       ] GC(903) Pause Young (Concurrent Start) (G1 Evacuation Pause)
[3739.568s][info][gc,task        ] GC(903) Using 6 workers of 6 for evacuation
[3739.685s][info][gc,phases      ] GC(903)   Pre Evacuate Collection Set: 0.40ms
[3739.685s][info][gc,phases      ] GC(903)   Merge Heap Roots: 0.46ms
[3739.685s][info][gc,phases      ] GC(903)   Evacuate Collection Set: 114.91ms
[3739.685s][info][gc,phases      ] GC(903)   Post Evacuate Collection Set: 0.90ms
[3739.685s][info][gc,phases      ] GC(903)   Other: 0.10ms
[3739.685s][info][gc,heap        ] GC(903) Eden regions: 1115->0(1119)
[3739.685s][info][gc,heap        ] GC(903) Survivor regions: 113->109(154)
[3739.685s][info][gc,heap        ] GC(903) Old regions: 473->506
[3739.685s][info][gc,heap        ] GC(903) Humongous regions: 80->80
[3739.685s][info][gc,metaspace   ] GC(903) Metaspace: 28946K(29376K)->28946K(29376K) NonClass: 24077K(24256K)->24077K(24256K) Class: 4869K(5120K)->4869K(5120K)
[3739.685s][info][gc             ] GC(903) Pause Young (Concurrent Start) (G1 Evacuation Pause) 3560M->1387M(4096M) 116.901ms
[3739.685s][info][gc             ] GC(904) Concurrent Mark Cycle
[3739.685s][info][gc,marking     ] GC(904) Concurrent Scan Root Regions
[3739.685s][info][gc,cpu         ] GC(903) User=0.69s Sys=0.00s Real=0.11s
[3739.930s][info][gc,marking     ] GC(904) Concurrent Scan Root Regions 244.103ms
[3739.930s][info][gc,marking     ] GC(904) Concurrent Mark
[3739.930s][info][gc,marking     ] GC(904) Concurrent Mark From Roots
[3739.930s][info][gc,task        ] GC(904) Using 2 workers of 2 for marking
.[3740.636s][info][gc,marking     ] GC(904) Concurrent Mark From Roots 706.696ms
[3740.636s][info][gc,marking     ] GC(904) Concurrent Preclean
[3740.636s][info][gc,marking     ] GC(904) Concurrent Preclean 0.090ms
[3740.638s][info][gc,start       ] GC(904) Pause Remark
[3740.643s][info][gc             ] GC(904) Pause Remark 2247M->2247M(4096M) 4.733ms
[3740.643s][info][gc,cpu         ] GC(904) User=0.03s Sys=0.00s Real=0.00s
[3740.643s][info][gc,marking     ] GC(904) Concurrent Mark 713.249ms
[3740.643s][info][gc,marking     ] GC(904) Concurrent Rebuild Remembered Sets and Scrub Regions
[3740.954s][info][gc,marking     ] GC(904) Concurrent Rebuild Remembered Sets and Scrub Regions 310.915ms
[3740.954s][info][gc,start       ] GC(904) Pause Cleanup
[3740.954s][info][gc             ] GC(904) Pause Cleanup 2511M->2511M(4096M) 0.107ms
[3740.954s][info][gc,cpu         ] GC(904) User=0.00s Sys=0.00s Real=0.00s
[3740.955s][info][gc,marking     ] GC(904) Concurrent Clear Claimed Marks
[3740.955s][info][gc,marking     ] GC(904) Concurrent Clear Claimed Marks 0.032ms
[3740.955s][info][gc,marking     ] GC(904) Concurrent Cleanup for Next Mark
[3740.960s][info][gc,marking     ] GC(904) Concurrent Cleanup for Next Mark 5.202ms
[3740.960s][info][gc             ] GC(904) Concurrent Mark Cycle 1274.601ms
..[3742.329s][info][gc,start       ] GC(905) Pause Young (Prepare Mixed) (G1 Evacuation Pause)
[3742.329s][info][gc,task        ] GC(905) Using 6 workers of 6 for evacuation
[3742.448s][info][gc,phases      ] GC(905)   Pre Evacuate Collection Set: 0.34ms
[3742.448s][info][gc,phases      ] GC(905)   Merge Heap Roots: 0.52ms
[3742.448s][info][gc,phases      ] GC(905)   Evacuate Collection Set: 117.12ms
[3742.448s][info][gc,phases      ] GC(905)   Post Evacuate Collection Set: 1.02ms
[3742.448s][info][gc,phases      ] GC(905)   Other: 0.09ms
[3742.448s][info][gc,heap        ] GC(905) Eden regions: 1119->0(1105)
[3742.448s][info][gc,heap        ] GC(905) Survivor regions: 109->112(154)
[3742.448s][info][gc,heap        ] GC(905) Old regions: 506->536
[3742.448s][info][gc,heap        ] GC(905) Humongous regions: 80->80
[3742.448s][info][gc,metaspace   ] GC(905) Metaspace: 28946K(29376K)->28946K(29376K) NonClass: 24077K(24256K)->24077K(24256K) Class: 4869K(5120K)->4869K(5120K)
[3742.448s][info][gc             ] GC(905) Pause Young (Prepare Mixed) (G1 Evacuation Pause) 3625M->1453M(4096M) 119.236ms
[3742.448s][info][gc,cpu         ] GC(905) User=0.71s Sys=0.00s Real=0.12s
..[3745.149s][info][gc,start       ] GC(906) Pause Young (Mixed) (G1 Evacuation Pause)
[3745.149s][info][gc,task        ] GC(906) Using 6 workers of 6 for evacuation
[3745.282s][info][gc,phases      ] GC(906)   Pre Evacuate Collection Set: 0.37ms
[3745.283s][info][gc,phases      ] GC(906)   Merge Heap Roots: 0.67ms
[3745.283s][info][gc,phases      ] GC(906)   Evacuate Collection Set: 131.00ms
[3745.283s][info][gc,phases      ] GC(906)   Post Evacuate Collection Set: 0.94ms
[3745.283s][info][gc,phases      ] GC(906)   Other: 0.09ms
[3745.283s][info][gc,heap        ] GC(906) Eden regions: 1105->0(1120)
[3745.283s][info][gc,heap        ] GC(906) Survivor regions: 112->108(153)
[3745.283s][info][gc,heap        ] GC(906) Old regions: 536->472
[3745.283s][info][gc,heap        ] GC(906) Humongous regions: 80->80
[3745.283s][info][gc,metaspace   ] GC(906) Metaspace: 28946K(29376K)->28946K(29376K) NonClass: 24077K(24256K)->24077K(24256K) Class: 4869K(5120K)->4869K(5120K)
[3745.283s][info][gc             ] GC(906) Pause Young (Mixed) (G1 Evacuation Pause) 3663M->1316M(4096M) 133.204ms
[3745.283s][info][gc,cpu         ] GC(906) User=0.79s Sys=0.00s Real=0.13s
...[3747.976s][info][gc,start       ] GC(907) Pause Young (Concurrent Start) (G1 Evacuation Pause)
[3747.976s][info][gc,task        ] GC(907) Using 6 workers of 6 for evacuation
[3748.092s][info][gc,phases      ] GC(907)   Pre Evacuate Collection Set: 0.38ms
[3748.092s][info][gc,phases      ] GC(907)   Merge Heap Roots: 0.52ms
[3748.092s][info][gc,phases      ] GC(907)   Evacuate Collection Set: 114.04ms
[3748.092s][info][gc,phases      ] GC(907)   Post Evacuate Collection Set: 0.88ms
[3748.092s][info][gc,phases      ] GC(907)   Other: 0.11ms
[3748.092s][info][gc,heap        ] GC(907) Eden regions: 1120->0(1119)
[3748.092s][info][gc,heap        ] GC(907) Survivor regions: 108->109(154)
[3748.092s][info][gc,heap        ] GC(907) Old regions: 472->504
[3748.092s][info][gc,heap        ] GC(907) Humongous regions: 80->80
[3748.092s][info][gc,metaspace   ] GC(907) Metaspace: 28946K(29376K)->28946K(29376K) NonClass: 24077K(24256K)->24077K(24256K) Class: 4869K(5120K)->4869K(5120K)
[3748.092s][info][gc             ] GC(907) Pause Young (Concurrent Start) (G1 Evacuation Pause) 3556M->1383M(4096M) 116.063ms
[3748.092s][info][gc             ] GC(908) Concurrent Mark Cycle
[3748.092s][info][gc,marking     ] GC(908) Concurrent Scan Root Regions
[3748.092s][info][gc,cpu         ] GC(907) User=0.69s Sys=0.01s Real=0.12s
[3748.262s][info][gc,marking     ] GC(908) Concurrent Scan Root Regions 170.197ms
[3748.262s][info][gc,marking     ] GC(908) Concurrent Mark
[3748.262s][info][gc,marking     ] GC(908) Concurrent Mark From Roots
[3748.262s][info][gc,task        ] GC(908) Using 2 workers of 2 for marking
.[3749.164s][info][gc,marking     ] GC(908) Concurrent Mark From Roots 901.923ms
[3749.164s][info][gc,marking     ] GC(908) Concurrent Preclean
[3749.164s][info][gc,marking     ] GC(908) Concurrent Preclean 0.076ms
[3749.164s][info][gc,start       ] GC(908) Pause Remark
[3749.170s][info][gc             ] GC(908) Pause Remark 2315M->2315M(4096M) 6.177ms
[3749.170s][info][gc,cpu         ] GC(908) User=0.04s Sys=0.00s Real=0.01s
[3749.170s][info][gc,marking     ] GC(908) Concurrent Mark 908.422ms
[3749.170s][info][gc,marking     ] GC(908) Concurrent Rebuild Remembered Sets and Scrub Regions
.[3749.527s][info][gc,marking     ] GC(908) Concurrent Rebuild Remembered Sets and Scrub Regions 356.974ms
[3749.528s][info][gc,start       ] GC(908) Pause Cleanup
[3749.528s][info][gc             ] GC(908) Pause Cleanup 2575M->2575M(4096M) 0.097ms
[3749.528s][info][gc,cpu         ] GC(908) User=0.00s Sys=0.00s Real=0.00s
[3749.528s][info][gc,marking     ] GC(908) Concurrent Clear Claimed Marks
[3749.528s][info][gc,marking     ] GC(908) Concurrent Clear Claimed Marks 0.022ms
[3749.528s][info][gc,marking     ] GC(908) Concurrent Cleanup for Next Mark
[3749.531s][info][gc,marking     ] GC(908) Concurrent Cleanup for Next Mark 3.429ms
[3749.531s][info][gc             ] GC(908) Concurrent Mark Cycle 1439.462ms
.[3750.896s][info][gc,start       ] GC(909) Pause Young (Prepare Mixed) (G1 Evacuation Pause)
[3750.896s][info][gc,task        ] GC(909) Using 6 workers of 6 for evacuation
[3751.013s][info][gc,phases      ] GC(909)   Pre Evacuate Collection Set: 0.32ms
[3751.013s][info][gc,phases      ] GC(909)   Merge Heap Roots: 0.49ms
[3751.013s][info][gc,phases      ] GC(909)   Evacuate Collection Set: 115.27ms
[3751.013s][info][gc,phases      ] GC(909)   Post Evacuate Collection Set: 0.96ms
[3751.013s][info][gc,phases      ] GC(909)   Other: 0.09ms
[3751.013s][info][gc,heap        ] GC(909) Eden regions: 1119->0(1112)
[3751.013s][info][gc,heap        ] GC(909) Survivor regions: 109->109(154)
[3751.013s][info][gc,heap        ] GC(909) Old regions: 504->535
[3751.013s][info][gc,heap        ] GC(909) Humongous regions: 80->80
[3751.013s][info][gc,metaspace   ] GC(909) Metaspace: 28946K(29376K)->28946K(29376K) NonClass: 24077K(24256K)->24077K(24256K) Class: 4869K(5120K)->4869K(5120K)
[3751.013s][info][gc             ] GC(909) Pause Young (Prepare Mixed) (G1 Evacuation Pause) 3621M->1446M(4096M) 117.263ms
[3751.013s][info][gc,cpu         ] GC(909) User=0.70s Sys=0.00s Real=0.12s
...[3753.701s][info][gc,start       ] GC(910) Pause Young (Mixed) (G1 Evacuation Pause)
[3753.701s][info][gc,task        ] GC(910) Using 6 workers of 6 for evacuation
[3753.837s][info][gc,phases      ] GC(910)   Pre Evacuate Collection Set: 0.40ms
[3753.837s][info][gc,phases      ] GC(910)   Merge Heap Roots: 0.70ms
[3753.837s][info][gc,phases      ] GC(910)   Evacuate Collection Set: 133.69ms
[3753.837s][info][gc,phases      ] GC(910)   Post Evacuate Collection Set: 0.94ms
[3753.837s][info][gc,phases      ] GC(910)   Other: 0.09ms
[3753.837s][info][gc,heap        ] GC(910) Eden regions: 1112->0(1117)
[3753.837s][info][gc,heap        ] GC(910) Survivor regions: 109->111(153)
[3753.837s][info][gc,heap        ] GC(910) Old regions: 535->471
[3753.837s][info][gc,heap        ] GC(910) Humongous regions: 80->80
[3753.837s][info][gc,metaspace   ] GC(910) Metaspace: 28946K(29376K)->28946K(29376K) NonClass: 24077K(24256K)->24077K(24256K) Class: 4869K(5120K)->4869K(5120K)
[3753.837s][info][gc             ] GC(910) Pause Young (Mixed) (G1 Evacuation Pause) 3670M->1321M(4096M) 135.965ms
[3753.837s][info][gc,cpu         ] GC(910) User=0.80s Sys=0.00s Real=0.14s
...[3756.537s][info][gc,start       ] GC(911) Pause Young (Concurrent Start) (G1 Evacuation Pause)
[3756.537s][info][gc,task        ] GC(911) Using 6 workers of 6 for evacuation
[3756.654s][info][gc,phases      ] GC(911)   Pre Evacuate Collection Set: 0.37ms
[3756.654s][info][gc,phases      ] GC(911)   Merge Heap Roots: 0.46ms
[3756.654s][info][gc,phases      ] GC(911)   Evacuate Collection Set: 115.48ms
[3756.654s][info][gc,phases      ] GC(911)   Post Evacuate Collection Set: 0.90ms
[3756.654s][info][gc,phases      ] GC(911)   Other: 0.12ms
[3756.654s][info][gc,heap        ] GC(911) Eden regions: 1117->0(1118)
[3756.654s][info][gc,heap        ] GC(911) Survivor regions: 111->110(154)
[3756.654s][info][gc,heap        ] GC(911) Old regions: 471->503
[3756.654s][info][gc,heap        ] GC(911) Humongous regions: 80->80
[3756.654s][info][gc,metaspace   ] GC(911) Metaspace: 28946K(29376K)->28946K(29376K) NonClass: 24077K(24256K)->24077K(24256K) Class: 4869K(5120K)->4869K(5120K)
[3756.654s][info][gc             ] GC(911) Pause Young (Concurrent Start) (G1 Evacuation Pause) 3555M->1383M(4096M) 117.461ms
[3756.654s][info][gc             ] GC(912) Concurrent Mark Cycle
[3756.654s][info][gc,marking     ] GC(912) Concurrent Scan Root Regions
[3756.654s][info][gc,cpu         ] GC(911) User=0.70s Sys=0.00s Real=0.11s
[3756.828s][info][gc,marking     ] GC(912) Concurrent Scan Root Regions 173.557ms
[3756.828s][info][gc,marking     ] GC(912) Concurrent Mark
[3756.828s][info][gc,marking     ] GC(912) Concurrent Mark From Roots
[3756.828s][info][gc,task        ] GC(912) Using 2 workers of 2 for marking
.[3757.801s][info][gc,marking     ] GC(912) Concurrent Mark From Roots 973.267ms
[3757.801s][info][gc,marking     ] GC(912) Concurrent Preclean
[3757.801s][info][gc,marking     ] GC(912) Concurrent Preclean 0.102ms
[3757.801s][info][gc,start       ] GC(912) Pause Remark
[3757.809s][info][gc             ] GC(912) Pause Remark 2371M->2371M(4096M) 7.260ms
[3757.809s][info][gc,cpu         ] GC(912) User=0.04s Sys=0.00s Real=0.01s
[3757.809s][info][gc,marking     ] GC(912) Concurrent Mark 980.888ms
[3757.809s][info][gc,marking     ] GC(912) Concurrent Rebuild Remembered Sets and Scrub Regions
[3758.131s][info][gc,marking     ] GC(912) Concurrent Rebuild Remembered Sets and Scrub Regions 321.957ms
[3758.131s][info][gc,start       ] GC(912) Pause Cleanup
[3758.131s][info][gc             ] GC(912) Pause Cleanup 2621M->2621M(4096M) 0.106ms
[3758.131s][info][gc,cpu         ] GC(912) User=0.00s Sys=0.00s Real=0.00s
[3758.131s][info][gc,marking     ] GC(912) Concurrent Clear Claimed Marks
[3758.131s][info][gc,marking     ] GC(912) Concurrent Clear Claimed Marks 0.021ms
[3758.131s][info][gc,marking     ] GC(912) Concurrent Cleanup for Next Mark
[3758.134s][info][gc,marking     ] GC(912) Concurrent Cleanup for Next Mark 3.387ms
[3758.134s][info][gc             ] GC(912) Concurrent Mark Cycle 1480.245ms
.[3759.384s][info][gc,start       ] GC(913) Pause Young (Prepare Mixed) (G1 Evacuation Pause)
[3759.384s][info][gc,task        ] GC(913) Using 6 workers of 6 for evacuation
[3759.502s][info][gc,phases      ] GC(913)   Pre Evacuate Collection Set: 0.32ms
[3759.502s][info][gc,phases      ] GC(913)   Merge Heap Roots: 0.52ms
[3759.502s][info][gc,phases      ] GC(913)   Evacuate Collection Set: 117.03ms
[3759.502s][info][gc,phases      ] GC(913)   Post Evacuate Collection Set: 0.95ms
[3759.502s][info][gc,phases      ] GC(913)   Other: 0.09ms
[3759.503s][info][gc,heap        ] GC(913) Eden regions: 1118->0(1108)
[3759.503s][info][gc,heap        ] GC(913) Survivor regions: 110->111(154)
[3759.503s][info][gc,heap        ] GC(913) Old regions: 503->535
[3759.503s][info][gc,heap        ] GC(913) Humongous regions: 80->80
[3759.503s][info][gc,metaspace   ] GC(913) Metaspace: 28946K(29376K)->28946K(29376K) NonClass: 24077K(24256K)->24077K(24256K) Class: 4869K(5120K)->4869K(5120K)
[3759.503s][info][gc             ] GC(913) Pause Young (Prepare Mixed) (G1 Evacuation Pause) 3619M->1450M(4096M) 119.015ms
[3759.503s][info][gc,cpu         ] GC(913) User=0.70s Sys=0.00s Real=0.12s
...[3762.147s][info][gc,start       ] GC(914) Pause Young (Mixed) (G1 Evacuation Pause)
[3762.147s][info][gc,task        ] GC(914) Using 6 workers of 6 for evacuation
[3762.283s][info][gc,phases      ] GC(914)   Pre Evacuate Collection Set: 0.37ms
[3762.283s][info][gc,phases      ] GC(914)   Merge Heap Roots: 0.69ms
[3762.283s][info][gc,phases      ] GC(914)   Evacuate Collection Set: 133.81ms
[3762.283s][info][gc,phases      ] GC(914)   Post Evacuate Collection Set: 0.94ms
[3762.283s][info][gc,phases      ] GC(914)   Other: 0.09ms
[3762.283s][info][gc,heap        ] GC(914) Eden regions: 1108->0(1119)
[3762.283s][info][gc,heap        ] GC(914) Survivor regions: 111->109(153)
[3762.283s][info][gc,heap        ] GC(914) Old regions: 535->472
[3762.283s][info][gc,heap        ] GC(914) Humongous regions: 80->80
[3762.283s][info][gc,metaspace   ] GC(914) Metaspace: 28946K(29376K)->28946K(29376K) NonClass: 24077K(24256K)->24077K(24256K) Class: 4869K(5120K)->4869K(5120K)
[3762.283s][info][gc             ] GC(914) Pause Young (Mixed) (G1 Evacuation Pause) 3666M->1320M(4096M) 136.019ms
[3762.283s][info][gc,cpu         ] GC(914) User=0.80s Sys=0.00s Real=0.13s
...[3765.065s][info][gc,start       ] GC(915) Pause Young (Concurrent Start) (G1 Evacuation Pause)
[3765.065s][info][gc,task        ] GC(915) Using 6 workers of 6 for evacuation
[3765.181s][info][gc,phases      ] GC(915)   Pre Evacuate Collection Set: 0.42ms
[3765.181s][info][gc,phases      ] GC(915)   Merge Heap Roots: 0.53ms
[3765.181s][info][gc,phases      ] GC(915)   Evacuate Collection Set: 114.16ms
[3765.181s][info][gc,phases      ] GC(915)   Post Evacuate Collection Set: 0.89ms
[3765.181s][info][gc,phases      ] GC(915)   Other: 0.14ms
[3765.181s][info][gc,heap        ] GC(915) Eden regions: 1119->0(1120)
[3765.181s][info][gc,heap        ] GC(915) Survivor regions: 109->108(154)
[3765.181s][info][gc,heap        ] GC(915) Old regions: 472->504
[3765.181s][info][gc,heap        ] GC(915) Humongous regions: 80->80
[3765.181s][info][gc,metaspace   ] GC(915) Metaspace: 28946K(29376K)->28946K(29376K) NonClass: 24077K(24256K)->24077K(24256K) Class: 4869K(5120K)->4869K(5120K)
[3765.181s][info][gc             ] GC(915) Pause Young (Concurrent Start) (G1 Evacuation Pause) 3558M->1380M(4096M) 116.292ms
[3765.181s][info][gc             ] GC(916) Concurrent Mark Cycle
[3765.182s][info][gc,marking     ] GC(916) Concurrent Scan Root Regions
[3765.182s][info][gc,cpu         ] GC(915) User=0.68s Sys=0.00s Real=0.12s
[3765.349s][info][gc,marking     ] GC(916) Concurrent Scan Root Regions 167.119ms
[3765.349s][info][gc,marking     ] GC(916) Concurrent Mark
[3765.349s][info][gc,marking     ] GC(916) Concurrent Mark From Roots
[3765.349s][info][gc,task        ] GC(916) Using 2 workers of 2 for marking
.[3766.194s][info][gc,marking     ] GC(916) Concurrent Mark From Roots 845.697ms
[3766.194s][info][gc,marking     ] GC(916) Concurrent Preclean
[3766.195s][info][gc,marking     ] GC(916) Concurrent Preclean 0.113ms
[3766.195s][info][gc,start       ] GC(916) Pause Remark
[3766.202s][info][gc             ] GC(916) Pause Remark 2225M->2225M(4096M) 6.660ms
[3766.202s][info][gc,cpu         ] GC(916) User=0.04s Sys=0.00s Real=0.01s
[3766.202s][info][gc,marking     ] GC(916) Concurrent Mark 853.458ms
[3766.202s][info][gc,marking     ] GC(916) Concurrent Rebuild Remembered Sets and Scrub Regions
[3766.550s][info][gc,marking     ] GC(916) Concurrent Rebuild Remembered Sets and Scrub Regions 347.452ms
[3766.550s][info][gc,start       ] GC(916) Pause Cleanup
[3766.550s][info][gc             ] GC(916) Pause Cleanup 2553M->2553M(4096M) 0.109ms
[3766.550s][info][gc,cpu         ] GC(916) User=0.00s Sys=0.00s Real=0.00s
[3766.550s][info][gc,marking     ] GC(916) Concurrent Clear Claimed Marks
[3766.550s][info][gc,marking     ] GC(916) Concurrent Clear Claimed Marks 0.027ms
[3766.550s][info][gc,marking     ] GC(916) Concurrent Cleanup for Next Mark
[3766.555s][info][gc,marking     ] GC(916) Concurrent Cleanup for Next Mark 4.527ms
[3766.555s][info][gc             ] GC(916) Concurrent Mark Cycle 1373.199ms
..[3767.867s][info][gc,start       ] GC(917) Pause Young (Prepare Mixed) (G1 Evacuation Pause)
[3767.867s][info][gc,task        ] GC(917) Using 6 workers of 6 for evacuation
[3767.983s][info][gc,phases      ] GC(917)   Pre Evacuate Collection Set: 0.31ms
[3767.983s][info][gc,phases      ] GC(917)   Merge Heap Roots: 0.51ms
[3767.983s][info][gc,phases      ] GC(917)   Evacuate Collection Set: 113.27ms
[3767.983s][info][gc,phases      ] GC(917)   Post Evacuate Collection Set: 0.95ms
[3767.983s][info][gc,phases      ] GC(917)   Other: 0.09ms
[3767.983s][info][gc,heap        ] GC(917) Eden regions: 1120->0(1113)
[3767.983s][info][gc,heap        ] GC(917) Survivor regions: 108->109(154)
[3767.983s][info][gc,heap        ] GC(917) Old regions: 504->534
[3767.983s][info][gc,heap        ] GC(917) Humongous regions: 80->80
[3767.983s][info][gc,metaspace   ] GC(917) Metaspace: 28946K(29376K)->28946K(29376K) NonClass: 24077K(24256K)->24077K(24256K) Class: 4869K(5120K)->4869K(5120K)
[3767.983s][info][gc             ] GC(917) Pause Young (Prepare Mixed) (G1 Evacuation Pause) 3620M->1443M(4096M) 115.280ms
[3767.983s][info][gc,cpu         ] GC(917) User=0.68s Sys=0.00s Real=0.11s
...[3770.687s][info][gc,start       ] GC(918) Pause Young (Mixed) (G1 Evacuation Pause)
[3770.687s][info][gc,task        ] GC(918) Using 6 workers of 6 for evacuation
[3770.826s][info][gc,phases      ] GC(918)   Pre Evacuate Collection Set: 0.38ms
[3770.826s][info][gc,phases      ] GC(918)   Merge Heap Roots: 0.69ms
[3770.826s][info][gc,phases      ] GC(918)   Evacuate Collection Set: 137.03ms
[3770.826s][info][gc,phases      ] GC(918)   Post Evacuate Collection Set: 0.98ms
[3770.826s][info][gc,phases      ] GC(918)   Other: 0.09ms
[3770.826s][info][gc,heap        ] GC(918) Eden regions: 1113->0(1116)
[3770.826s][info][gc,heap        ] GC(918) Survivor regions: 109->112(153)
[3770.826s][info][gc,heap        ] GC(918) Old regions: 534->472
[3770.826s][info][gc,heap        ] GC(918) Humongous regions: 80->80
[3770.826s][info][gc,metaspace   ] GC(918) Metaspace: 28946K(29376K)->28946K(29376K) NonClass: 24077K(24256K)->24077K(24256K) Class: 4869K(5120K)->4869K(5120K)
[3770.826s][info][gc             ] GC(918) Pause Young (Mixed) (G1 Evacuation Pause) 3669M->1326M(4096M) 139.324ms
[3770.826s][info][gc,cpu         ] GC(918) User=0.82s Sys=0.00s Real=0.14s
..[3773.529s][info][gc,start       ] GC(919) Pause Young (Concurrent Start) (G1 Evacuation Pause)
[3773.529s][info][gc,task        ] GC(919) Using 6 workers of 6 for evacuation
[3773.651s][info][gc,phases      ] GC(919)   Pre Evacuate Collection Set: 0.34ms
[3773.651s][info][gc,phases      ] GC(919)   Merge Heap Roots: 0.48ms
[3773.651s][info][gc,phases      ] GC(919)   Evacuate Collection Set: 119.72ms
[3773.651s][info][gc,phases      ] GC(919)   Post Evacuate Collection Set: 0.90ms
[3773.651s][info][gc,phases      ] GC(919)   Other: 0.10ms
[3773.651s][info][gc,heap        ] GC(919) Eden regions: 1116->0(1115)
[3773.651s][info][gc,heap        ] GC(919) Survivor regions: 112->113(154)
[3773.651s][info][gc,heap        ] GC(919) Old regions: 472->504
[3773.651s][info][gc,heap        ] GC(919) Humongous regions: 80->80
[3773.651s][info][gc,metaspace   ] GC(919) Metaspace: 28946K(29376K)->28946K(29376K) NonClass: 24077K(24256K)->24077K(24256K) Class: 4869K(5120K)->4869K(5120K)
[3773.651s][info][gc             ] GC(919) Pause Young (Concurrent Start) (G1 Evacuation Pause) 3558M->1391M(4096M) 121.680ms
[3773.651s][info][gc             ] GC(920) Concurrent Mark Cycle
[3773.651s][info][gc,marking     ] GC(920) Concurrent Scan Root Regions
[3773.651s][info][gc,cpu         ] GC(919) User=0.72s Sys=0.00s Real=0.12s
.[3773.791s][info][gc,marking     ] GC(920) Concurrent Scan Root Regions 139.937ms
[3773.791s][info][gc,marking     ] GC(920) Concurrent Mark
[3773.791s][info][gc,marking     ] GC(920) Concurrent Mark From Roots
[3773.791s][info][gc,task        ] GC(920) Using 2 workers of 2 for marking
[3774.491s][info][gc,marking     ] GC(920) Concurrent Mark From Roots 700.434ms
[3774.491s][info][gc,marking     ] GC(920) Concurrent Preclean
[3774.492s][info][gc,marking     ] GC(920) Concurrent Preclean 0.112ms
[3774.493s][info][gc,start       ] GC(920) Pause Remark
[3774.496s][info][gc             ] GC(920) Pause Remark 2095M->2095M(4096M) 3.523ms
[3774.496s][info][gc,cpu         ] GC(920) User=0.02s Sys=0.00s Real=0.01s
[3774.497s][info][gc,marking     ] GC(920) Concurrent Mark 706.296ms
[3774.497s][info][gc,marking     ] GC(920) Concurrent Rebuild Remembered Sets and Scrub Regions
[3774.746s][info][gc,marking     ] GC(920) Concurrent Rebuild Remembered Sets and Scrub Regions 248.336ms
[3774.746s][info][gc,start       ] GC(920) Pause Cleanup
[3774.746s][info][gc             ] GC(920) Pause Cleanup 2293M->2293M(4096M) 0.112ms
[3774.746s][info][gc,cpu         ] GC(920) User=0.00s Sys=0.00s Real=0.00s
[3774.747s][info][gc,marking     ] GC(920) Concurrent Clear Claimed Marks
[3774.747s][info][gc,marking     ] GC(920) Concurrent Clear Claimed Marks 0.028ms
[3774.747s][info][gc,marking     ] GC(920) Concurrent Cleanup for Next Mark
[3774.751s][info][gc,marking     ] GC(920) Concurrent Cleanup for Next Mark 4.711ms
[3774.751s][info][gc             ] GC(920) Concurrent Mark Cycle 1100.525ms
..[3776.329s][info][gc,start       ] GC(921) Pause Young (Prepare Mixed) (G1 Evacuation Pause)
[3776.329s][info][gc,task        ] GC(921) Using 6 workers of 6 for evacuation
[3776.445s][info][gc,phases      ] GC(921)   Pre Evacuate Collection Set: 0.35ms
[3776.445s][info][gc,phases      ] GC(921)   Merge Heap Roots: 0.50ms
[3776.445s][info][gc,phases      ] GC(921)   Evacuate Collection Set: 114.24ms
[3776.445s][info][gc,phases      ] GC(921)   Post Evacuate Collection Set: 0.93ms
[3776.445s][info][gc,phases      ] GC(921)   Other: 0.09ms
[3776.445s][info][gc,heap        ] GC(921) Eden regions: 1115->0(1113)
[3776.445s][info][gc,heap        ] GC(921) Survivor regions: 113->108(154)
[3776.445s][info][gc,heap        ] GC(921) Old regions: 504->536
[3776.445s][info][gc,heap        ] GC(921) Humongous regions: 80->80
[3776.445s][info][gc,metaspace   ] GC(921) Metaspace: 28946K(29376K)->28946K(29376K) NonClass: 24077K(24256K)->24077K(24256K) Class: 4869K(5120K)->4869K(5120K)
[3776.445s][info][gc             ] GC(921) Pause Young (Prepare Mixed) (G1 Evacuation Pause) 3621M->1445M(4096M) 116.278ms
[3776.445s][info][gc,cpu         ] GC(921) User=0.68s Sys=0.01s Real=0.11s
...[3779.196s][info][gc,start       ] GC(922) Pause Young (Mixed) (G1 Evacuation Pause)
[3779.196s][info][gc,task        ] GC(922) Using 6 workers of 6 for evacuation
[3779.331s][info][gc,phases      ] GC(922)   Pre Evacuate Collection Set: 0.35ms
[3779.331s][info][gc,phases      ] GC(922)   Merge Heap Roots: 0.63ms
[3779.331s][info][gc,phases      ] GC(922)   Evacuate Collection Set: 132.20ms
[3779.331s][info][gc,phases      ] GC(922)   Post Evacuate Collection Set: 0.92ms
[3779.331s][info][gc,phases      ] GC(922)   Other: 0.09ms
[3779.331s][info][gc,heap        ] GC(922) Eden regions: 1113->0(1118)
[3779.331s][info][gc,heap        ] GC(922) Survivor regions: 108->110(153)
[3779.331s][info][gc,heap        ] GC(922) Old regions: 536->472
[3779.331s][info][gc,heap        ] GC(922) Humongous regions: 80->80
[3779.331s][info][gc,metaspace   ] GC(922) Metaspace: 28946K(29376K)->28946K(29376K) NonClass: 24077K(24256K)->24077K(24256K) Class: 4869K(5120K)->4869K(5120K)
[3779.331s][info][gc             ] GC(922) Pause Young (Mixed) (G1 Evacuation Pause) 3671M->1321M(4096M) 134.324ms
[3779.331s][info][gc,cpu         ] GC(922) User=0.79s Sys=0.00s Real=0.13s
... (rIR:aIR:PR = 6642:6636:6636) (tPR = 98773) [OK] 
  3781s: Performance info:
         Transaction,    Success,    Partial,     Failed,   Receipts, AvgBarcode, 
             Overall,     402991,          0,          0,     382829,      59.47, 
         Response times:
             Request,    Success,    Partial,     Failed,   SkipFail,     Probes,    Samples,      min,      p50,      p90,      p95,      p99,      max, 
       TotalPurchase,     382824,          0,          0,          0,     361182,     388326,      300,     5500,    29000,    62000,   122000,   281000,
     InStorePurchase,     201472,          0,          0,          0,     190427,     204387,      300,     5500,    28000,    61000,   122000,   281000,
      OnlinePurchase,     141041,          0,          0,          0,     132970,     142841,      300,     5500,    29000,    63000,   122000,   281000,
        InstPurchase,      40311,          0,          0,          0,      37785,      41098,      400,     5500,    29000,    59000,   120000,   249000,
          AssocOfCat,        407,          0,          0,          0,        341,        439,    24000,    36000,    75000,   106000,   174400,   220000,
      AssocOfProduct,       4039,          0,          0,          0,       3713,       4133,      700,     6300,    34000,    65000,   122000,   174000,
      BusinessReport,       1003,          0,          0,          0,        853,       1026,    26000,    40000,    96000,   129650,   200730,   230000,
          CustBuyBeh,       4033,          0,          0,          0,       3730,       4184,      400,     4500,    26000,    56000,   117300,   247000,
       ProductReturn,      10677,          0,          0,          0,      10196,      11239,      300,     5700,    29000,    63000,   119000,   197000,

  3781s: (49%)   IR =   6780 [3782.065s][info][gc,start       ] GC(923) Pause Young (Concurrent Start) (G1 Evacuation Pause)
[3782.065s][info][gc,task        ] GC(923) Using 6 workers of 6 for evacuation
[3782.183s][info][gc,phases      ] GC(923)   Pre Evacuate Collection Set: 0.37ms
[3782.183s][info][gc,phases      ] GC(923)   Merge Heap Roots: 0.49ms
[3782.183s][info][gc,phases      ] GC(923)   Evacuate Collection Set: 116.02ms
[3782.183s][info][gc,phases      ] GC(923)   Post Evacuate Collection Set: 0.89ms
[3782.183s][info][gc,phases      ] GC(923)   Other: 0.10ms
[3782.183s][info][gc,heap        ] GC(923) Eden regions: 1118->0(1117)
[3782.183s][info][gc,heap        ] GC(923) Survivor regions: 110->111(154)
[3782.183s][info][gc,heap        ] GC(923) Old regions: 472->504
[3782.183s][info][gc,heap        ] GC(923) Humongous regions: 80->80
[3782.183s][info][gc,metaspace   ] GC(923) Metaspace: 28946K(29376K)->28946K(29376K) NonClass: 24077K(24256K)->24077K(24256K) Class: 4869K(5120K)->4869K(5120K)
[3782.183s][info][gc             ] GC(923) Pause Young (Concurrent Start) (G1 Evacuation Pause) 3557M->1386M(4096M) 117.992ms
[3782.183s][info][gc             ] GC(924) Concurrent Mark Cycle
[3782.183s][info][gc,marking     ] GC(924) Concurrent Scan Root Regions
[3782.183s][info][gc,cpu         ] GC(923) User=0.69s Sys=0.00s Real=0.12s
[3782.322s][info][gc,marking     ] GC(924) Concurrent Scan Root Regions 139.097ms
[3782.322s][info][gc,marking     ] GC(924) Concurrent Mark
[3782.322s][info][gc,marking     ] GC(924) Concurrent Mark From Roots
[3782.322s][info][gc,task        ] GC(924) Using 2 workers of 2 for marking
.[3782.985s][info][gc,marking     ] GC(924) Concurrent Mark From Roots 663.655ms
[3782.986s][info][gc,marking     ] GC(924) Concurrent Preclean
[3782.986s][info][gc,marking     ] GC(924) Concurrent Preclean 0.148ms
[3782.986s][info][gc,start       ] GC(924) Pause Remark
[3782.992s][info][gc             ] GC(924) Pause Remark 2078M->2078M(4096M) 5.928ms
[3782.992s][info][gc,cpu         ] GC(924) User=0.03s Sys=0.00s Real=0.01s
[3782.993s][info][gc,marking     ] GC(924) Concurrent Mark 671.031ms
[3782.993s][info][gc,marking     ] GC(924) Concurrent Rebuild Remembered Sets and Scrub Regions
[3783.356s][info][gc,marking     ] GC(924) Concurrent Rebuild Remembered Sets and Scrub Regions 363.031ms
[3783.357s][info][gc,start       ] GC(924) Pause Cleanup
[3783.358s][info][gc             ] GC(924) Pause Cleanup 2416M->2416M(4096M) 0.123ms
[3783.358s][info][gc,cpu         ] GC(924) User=0.00s Sys=0.00s Real=0.00s
[3783.358s][info][gc,marking     ] GC(924) Concurrent Clear Claimed Marks
[3783.358s][info][gc,marking     ] GC(924) Concurrent Clear Claimed Marks 0.026ms
[3783.358s][info][gc,marking     ] GC(924) Concurrent Cleanup for Next Mark
[3783.363s][info][gc,marking     ] GC(924) Concurrent Cleanup for Next Mark 4.903ms
[3783.363s][info][gc             ] GC(924) Concurrent Mark Cycle 1179.999ms
.[3784.824s][info][gc,start       ] GC(925) Pause Young (Prepare Mixed) (G1 Evacuation Pause)
[3784.824s][info][gc,task        ] GC(925) Using 6 workers of 6 for evacuation
[3784.941s][info][gc,phases      ] GC(925)   Pre Evacuate Collection Set: 0.34ms
[3784.941s][info][gc,phases      ] GC(925)   Merge Heap Roots: 0.54ms
[3784.941s][info][gc,phases      ] GC(925)   Evacuate Collection Set: 115.09ms
[3784.941s][info][gc,phases      ] GC(925)   Post Evacuate Collection Set: 0.94ms
[3784.941s][info][gc,phases      ] GC(925)   Other: 0.09ms
[3784.941s][info][gc,heap        ] GC(925) Eden regions: 1117->0(1113)
[3784.941s][info][gc,heap        ] GC(925) Survivor regions: 111->108(154)
[3784.941s][info][gc,heap        ] GC(925) Old regions: 504->536
[3784.941s][info][gc,heap        ] GC(925) Humongous regions: 80->80
[3784.941s][info][gc,metaspace   ] GC(925) Metaspace: 28946K(29376K)->28946K(29376K) NonClass: 24077K(24256K)->24077K(24256K) Class: 4869K(5120K)->4869K(5120K)
[3784.941s][info][gc             ] GC(925) Pause Young (Prepare Mixed) (G1 Evacuation Pause) 3620M->1444M(4096M) 117.117ms
[3784.941s][info][gc,cpu         ] GC(925) User=0.69s Sys=0.00s Real=0.12s
...[3787.641s][info][gc,start       ] GC(926) Pause Young (Mixed) (G1 Evacuation Pause)
[3787.641s][info][gc,task        ] GC(926) Using 6 workers of 6 for evacuation
[3787.779s][info][gc,phases      ] GC(926)   Pre Evacuate Collection Set: 0.38ms
[3787.779s][info][gc,phases      ] GC(926)   Merge Heap Roots: 0.70ms
[3787.779s][info][gc,phases      ] GC(926)   Evacuate Collection Set: 135.03ms
[3787.779s][info][gc,phases      ] GC(926)   Post Evacuate Collection Set: 0.96ms
[3787.779s][info][gc,phases      ] GC(926)   Other: 0.09ms
[3787.779s][info][gc,heap        ] GC(926) Eden regions: 1113->0(1117)
[3787.779s][info][gc,heap        ] GC(926) Survivor regions: 108->111(153)
[3787.779s][info][gc,heap        ] GC(926) Old regions: 536->473
[3787.779s][info][gc,heap        ] GC(926) Humongous regions: 80->80
[3787.779s][info][gc,metaspace   ] GC(926) Metaspace: 28946K(29376K)->28946K(29376K) NonClass: 24077K(24256K)->24077K(24256K) Class: 4869K(5120K)->4869K(5120K)
[3787.779s][info][gc             ] GC(926) Pause Young (Mixed) (G1 Evacuation Pause) 3670M->1324M(4096M) 137.280ms
[3787.779s][info][gc,cpu         ] GC(926) User=0.81s Sys=0.00s Real=0.14s
.|..[3790.443s][info][gc,start       ] GC(927) Pause Young (Concurrent Start) (G1 Evacuation Pause)
[3790.443s][info][gc,task        ] GC(927) Using 6 workers of 6 for evacuation
[3790.563s][info][gc,phases      ] GC(927)   Pre Evacuate Collection Set: 0.36ms
[3790.563s][info][gc,phases      ] GC(927)   Merge Heap Roots: 0.47ms
[3790.563s][info][gc,phases      ] GC(927)   Evacuate Collection Set: 118.53ms
[3790.563s][info][gc,phases      ] GC(927)   Post Evacuate Collection Set: 0.87ms
[3790.563s][info][gc,phases      ] GC(927)   Other: 0.11ms
[3790.563s][info][gc,heap        ] GC(927) Eden regions: 1117->0(1116)
[3790.563s][info][gc,heap        ] GC(927) Survivor regions: 111->112(154)
[3790.563s][info][gc,heap        ] GC(927) Old regions: 473->504
[3790.563s][info][gc,heap        ] GC(927) Humongous regions: 80->80
[3790.563s][info][gc,metaspace   ] GC(927) Metaspace: 28946K(29376K)->28946K(29376K) NonClass: 24077K(24256K)->24077K(24256K) Class: 4869K(5120K)->4869K(5120K)
[3790.563s][info][gc             ] GC(927) Pause Young (Concurrent Start) (G1 Evacuation Pause) 3558M->1390M(4096M) 120.489ms
[3790.563s][info][gc             ] GC(928) Concurrent Mark Cycle
[3790.563s][info][gc,marking     ] GC(928) Concurrent Scan Root Regions
[3790.563s][info][gc,cpu         ] GC(927) User=0.71s Sys=0.00s Real=0.12s
[3790.736s][info][gc,marking     ] GC(928) Concurrent Scan Root Regions 172.553ms
[3790.736s][info][gc,marking     ] GC(928) Concurrent Mark
[3790.736s][info][gc,marking     ] GC(928) Concurrent Mark From Roots
[3790.736s][info][gc,task        ] GC(928) Using 2 workers of 2 for marking
.[3791.639s][info][gc,marking     ] GC(928) Concurrent Mark From Roots 902.653ms
[3791.639s][info][gc,marking     ] GC(928) Concurrent Preclean
[3791.639s][info][gc,marking     ] GC(928) Concurrent Preclean 0.123ms
[3791.639s][info][gc,start       ] GC(928) Pause Remark
[3791.644s][info][gc             ] GC(928) Pause Remark 2320M->2320M(4096M) 5.040ms
[3791.644s][info][gc,cpu         ] GC(928) User=0.03s Sys=0.00s Real=0.00s
[3791.646s][info][gc,marking     ] GC(928) Concurrent Mark 910.169ms
[3791.646s][info][gc,marking     ] GC(928) Concurrent Rebuild Remembered Sets and Scrub Regions
.[3792.027s][info][gc,marking     ] GC(928) Concurrent Rebuild Remembered Sets and Scrub Regions 380.964ms
[3792.027s][info][gc,start       ] GC(928) Pause Cleanup
[3792.027s][info][gc             ] GC(928) Pause Cleanup 2707M->2707M(4096M) 0.101ms
[3792.027s][info][gc,cpu         ] GC(928) User=0.00s Sys=0.00s Real=0.00s
[3792.027s][info][gc,marking     ] GC(928) Concurrent Clear Claimed Marks
[3792.027s][info][gc,marking     ] GC(928) Concurrent Clear Claimed Marks 0.020ms
[3792.027s][info][gc,marking     ] GC(928) Concurrent Cleanup for Next Mark
[3792.031s][info][gc,marking     ] GC(928) Concurrent Cleanup for Next Mark 3.280ms
[3792.031s][info][gc             ] GC(928) Concurrent Mark Cycle 1467.442ms
.[3793.192s][info][gc,start       ] GC(929) Pause Young (Prepare Mixed) (G1 Evacuation Pause)
[3793.192s][info][gc,task        ] GC(929) Using 6 workers of 6 for evacuation
[3793.309s][info][gc,phases      ] GC(929)   Pre Evacuate Collection Set: 0.34ms
[3793.309s][info][gc,phases      ] GC(929)   Merge Heap Roots: 0.59ms
[3793.309s][info][gc,phases      ] GC(929)   Evacuate Collection Set: 115.34ms
[3793.309s][info][gc,phases      ] GC(929)   Post Evacuate Collection Set: 0.92ms
[3793.309s][info][gc,phases      ] GC(929)   Other: 0.10ms
[3793.309s][info][gc,heap        ] GC(929) Eden regions: 1116->0(1111)
[3793.309s][info][gc,heap        ] GC(929) Survivor regions: 112->109(154)
[3793.309s][info][gc,heap        ] GC(929) Old regions: 504->536
[3793.309s][info][gc,heap        ] GC(929) Humongous regions: 80->80
[3793.309s][info][gc,metaspace   ] GC(929) Metaspace: 28946K(29376K)->28946K(29376K) NonClass: 24077K(24256K)->24077K(24256K) Class: 4869K(5120K)->4869K(5120K)
[3793.309s][info][gc             ] GC(929) Pause Young (Prepare Mixed) (G1 Evacuation Pause) 3622M->1446M(4096M) 117.422ms
[3793.309s][info][gc,cpu         ] GC(929) User=0.69s Sys=0.00s Real=0.12s
..[3795.963s][info][gc,start       ] GC(930) Pause Young (Mixed) (G1 Evacuation Pause)
[3795.963s][info][gc,task        ] GC(930) Using 6 workers of 6 for evacuation
[3796.102s][info][gc,phases      ] GC(930)   Pre Evacuate Collection Set: 0.37ms
[3796.102s][info][gc,phases      ] GC(930)   Merge Heap Roots: 0.70ms
[3796.102s][info][gc,phases      ] GC(930)   Evacuate Collection Set: 137.18ms
[3796.102s][info][gc,phases      ] GC(930)   Post Evacuate Collection Set: 0.94ms
[3796.102s][info][gc,phases      ] GC(930)   Other: 0.09ms
[3796.102s][info][gc,heap        ] GC(930) Eden regions: 1111->0(1115)
[3796.102s][info][gc,heap        ] GC(930) Survivor regions: 109->113(153)
[3796.102s][info][gc,heap        ] GC(930) Old regions: 536->471
[3796.102s][info][gc,heap        ] GC(930) Humongous regions: 80->80
[3796.102s][info][gc,metaspace   ] GC(930) Metaspace: 28946K(29376K)->28946K(29376K) NonClass: 24077K(24256K)->24077K(24256K) Class: 4869K(5120K)->4869K(5120K)
[3796.102s][info][gc             ] GC(930) Pause Young (Mixed) (G1 Evacuation Pause) 3668M->1325M(4096M) 139.411ms
[3796.102s][info][gc,cpu         ] GC(930) User=0.83s Sys=0.00s Real=0.14s
...[3798.792s][info][gc,start       ] GC(931) Pause Young (Concurrent Start) (G1 Evacuation Pause)
[3798.792s][info][gc,task        ] GC(931) Using 6 workers of 6 for evacuation
[3798.910s][info][gc,phases      ] GC(931)   Pre Evacuate Collection Set: 0.41ms
[3798.911s][info][gc,phases      ] GC(931)   Merge Heap Roots: 0.52ms
[3798.911s][info][gc,phases      ] GC(931)   Evacuate Collection Set: 116.45ms
[3798.911s][info][gc,phases      ] GC(931)   Post Evacuate Collection Set: 0.89ms
[3798.911s][info][gc,phases      ] GC(931)   Other: 0.14ms
[3798.911s][info][gc,heap        ] GC(931) Eden regions: 1115->0(1116)
[3798.911s][info][gc,heap        ] GC(931) Survivor regions: 113->112(154)
[3798.911s][info][gc,heap        ] GC(931) Old regions: 471->503
[3798.911s][info][gc,heap        ] GC(931) Humongous regions: 80->80
[3798.911s][info][gc,metaspace   ] GC(931) Metaspace: 28946K(29376K)->28946K(29376K) NonClass: 24077K(24256K)->24077K(24256K) Class: 4869K(5120K)->4869K(5120K)
[3798.911s][info][gc             ] GC(931) Pause Young (Concurrent Start) (G1 Evacuation Pause) 3555M->1387M(4096M) 118.551ms
[3798.911s][info][gc             ] GC(932) Concurrent Mark Cycle
[3798.911s][info][gc,marking     ] GC(932) Concurrent Scan Root Regions
[3798.911s][info][gc,cpu         ] GC(931) User=0.70s Sys=0.01s Real=0.12s
[3799.050s][info][gc,marking     ] GC(932) Concurrent Scan Root Regions 139.268ms
[3799.051s][info][gc,marking     ] GC(932) Concurrent Mark
[3799.051s][info][gc,marking     ] GC(932) Concurrent Mark From Roots
[3799.051s][info][gc,task        ] GC(932) Using 2 workers of 2 for marking
.[3799.822s][info][gc,marking     ] GC(932) Concurrent Mark From Roots 770.926ms
[3799.822s][info][gc,marking     ] GC(932) Concurrent Preclean
[3799.822s][info][gc,marking     ] GC(932) Concurrent Preclean 0.121ms
[3799.823s][info][gc,start       ] GC(932) Pause Remark
[3799.828s][info][gc             ] GC(932) Pause Remark 2197M->2197M(4096M) 4.984ms
[3799.828s][info][gc,cpu         ] GC(932) User=0.03s Sys=0.00s Real=0.01s
[3799.831s][info][gc,marking     ] GC(932) Concurrent Mark 779.783ms
[3799.831s][info][gc,marking     ] GC(932) Concurrent Rebuild Remembered Sets and Scrub Regions
.[3800.146s][info][gc,marking     ] GC(932) Concurrent Rebuild Remembered Sets and Scrub Regions 315.423ms
[3800.149s][info][gc,start       ] GC(932) Pause Cleanup
[3800.149s][info][gc             ] GC(932) Pause Cleanup 2467M->2467M(4096M) 0.131ms
[3800.149s][info][gc,cpu         ] GC(932) User=0.00s Sys=0.00s Real=0.00s
[3800.149s][info][gc,marking     ] GC(932) Concurrent Clear Claimed Marks
[3800.149s][info][gc,marking     ] GC(932) Concurrent Clear Claimed Marks 0.025ms
[3800.149s][info][gc,marking     ] GC(932) Concurrent Cleanup for Next Mark
[3800.155s][info][gc,marking     ] GC(932) Concurrent Cleanup for Next Mark 6.562ms
[3800.155s][info][gc             ] GC(932) Concurrent Mark Cycle 1244.782ms
.[3801.493s][info][gc,start       ] GC(933) Pause Young (Prepare Mixed) (G1 Evacuation Pause)
[3801.493s][info][gc,task        ] GC(933) Using 6 workers of 6 for evacuation
[3801.613s][info][gc,phases      ] GC(933)   Pre Evacuate Collection Set: 0.35ms
[3801.613s][info][gc,phases      ] GC(933)   Merge Heap Roots: 0.51ms
[3801.613s][info][gc,phases      ] GC(933)   Evacuate Collection Set: 117.28ms
[3801.613s][info][gc,phases      ] GC(933)   Post Evacuate Collection Set: 0.93ms
[3801.613s][info][gc,phases      ] GC(933)   Other: 0.09ms
[3801.613s][info][gc,heap        ] GC(933) Eden regions: 1116->0(1109)
[3801.613s][info][gc,heap        ] GC(933) Survivor regions: 112->111(154)
[3801.613s][info][gc,heap        ] GC(933) Old regions: 503->534
[3801.613s][info][gc,heap        ] GC(933) Humongous regions: 80->80
[3801.613s][info][gc,metaspace   ] GC(933) Metaspace: 28946K(29376K)->28946K(29376K) NonClass: 24077K(24256K)->24077K(24256K) Class: 4869K(5120K)->4869K(5120K)
[3801.613s][info][gc             ] GC(933) Pause Young (Prepare Mixed) (G1 Evacuation Pause) 3619M->1447M(4096M) 119.318ms
[3801.613s][info][gc,cpu         ] GC(933) User=0.71s Sys=0.01s Real=0.12s
...[3804.283s][info][gc,start       ] GC(934) Pause Young (Mixed) (G1 Evacuation Pause)
[3804.283s][info][gc,task        ] GC(934) Using 6 workers of 6 for evacuation
[3804.418s][info][gc,phases      ] GC(934)   Pre Evacuate Collection Set: 0.37ms
[3804.418s][info][gc,phases      ] GC(934)   Merge Heap Roots: 0.70ms
[3804.418s][info][gc,phases      ] GC(934)   Evacuate Collection Set: 132.51ms
[3804.418s][info][gc,phases      ] GC(934)   Post Evacuate Collection Set: 0.94ms
[3804.418s][info][gc,phases      ] GC(934)   Other: 0.09ms
[3804.418s][info][gc,heap        ] GC(934) Eden regions: 1109->0(1119)
[3804.418s][info][gc,heap        ] GC(934) Survivor regions: 111->109(153)
[3804.418s][info][gc,heap        ] GC(934) Old regions: 534->472
[3804.418s][info][gc,heap        ] GC(934) Humongous regions: 80->80
[3804.418s][info][gc,metaspace   ] GC(934) Metaspace: 28946K(29376K)->28946K(29376K) NonClass: 24077K(24256K)->24077K(24256K) Class: 4869K(5120K)->4869K(5120K)
[3804.418s][info][gc             ] GC(934) Pause Young (Mixed) (G1 Evacuation Pause) 3665M->1319M(4096M) 134.742ms
[3804.418s][info][gc,cpu         ] GC(934) User=0.80s Sys=0.00s Real=0.14s
..[3807.092s][info][gc,start       ] GC(935) Pause Young (Concurrent Start) (G1 Evacuation Pause)
[3807.093s][info][gc,task        ] GC(935) Using 6 workers of 6 for evacuation
[3807.209s][info][gc,phases      ] GC(935)   Pre Evacuate Collection Set: 0.35ms
[3807.209s][info][gc,phases      ] GC(935)   Merge Heap Roots: 0.49ms
[3807.209s][info][gc,phases      ] GC(935)   Evacuate Collection Set: 114.91ms
[3807.209s][info][gc,phases      ] GC(935)   Post Evacuate Collection Set: 0.89ms
[3807.209s][info][gc,phases      ] GC(935)   Other: 0.11ms
[3807.209s][info][gc,heap        ] GC(935) Eden regions: 1119->0(1119)
[3807.209s][info][gc,heap        ] GC(935) Survivor regions: 109->109(154)
[3807.209s][info][gc,heap        ] GC(935) Old regions: 472->502
[3807.209s][info][gc,heap        ] GC(935) Humongous regions: 80->80
[3807.209s][info][gc,metaspace   ] GC(935) Metaspace: 28946K(29376K)->28946K(29376K) NonClass: 24077K(24256K)->24077K(24256K) Class: 4869K(5120K)->4869K(5120K)
[3807.209s][info][gc             ] GC(935) Pause Young (Concurrent Start) (G1 Evacuation Pause) 3557M->1380M(4096M) 116.885ms
[3807.209s][info][gc             ] GC(936) Concurrent Mark Cycle
[3807.209s][info][gc,marking     ] GC(936) Concurrent Scan Root Regions
[3807.209s][info][gc,cpu         ] GC(935) User=0.69s Sys=0.00s Real=0.12s
.[3807.377s][info][gc,marking     ] GC(936) Concurrent Scan Root Regions 167.606ms
[3807.377s][info][gc,marking     ] GC(936) Concurrent Mark
[3807.377s][info][gc,marking     ] GC(936) Concurrent Mark From Roots
[3807.377s][info][gc,task        ] GC(936) Using 2 workers of 2 for marking
.[3808.295s][info][gc,marking     ] GC(936) Concurrent Mark From Roots 918.239ms
[3808.295s][info][gc,marking     ] GC(936) Concurrent Preclean
[3808.295s][info][gc,marking     ] GC(936) Concurrent Preclean 0.103ms
[3808.298s][info][gc,start       ] GC(936) Pause Remark
[3808.305s][info][gc             ] GC(936) Pause Remark 2346M->2346M(4096M) 7.133ms
[3808.305s][info][gc,cpu         ] GC(936) User=0.03s Sys=0.01s Real=0.00s
[3808.305s][info][gc,marking     ] GC(936) Concurrent Mark 927.985ms
[3808.305s][info][gc,marking     ] GC(936) Concurrent Rebuild Remembered Sets and Scrub Regions
[3808.644s][info][gc,marking     ] GC(936) Concurrent Rebuild Remembered Sets and Scrub Regions 339.026ms
[3808.645s][info][gc,start       ] GC(936) Pause Cleanup
[3808.645s][info][gc             ] GC(936) Pause Cleanup 2652M->2652M(4096M) 0.108ms
[3808.645s][info][gc,cpu         ] GC(936) User=0.00s Sys=0.00s Real=0.00s
[3808.645s][info][gc,marking     ] GC(936) Concurrent Clear Claimed Marks
[3808.645s][info][gc,marking     ] GC(936) Concurrent Clear Claimed Marks 0.026ms
[3808.645s][info][gc,marking     ] GC(936) Concurrent Cleanup for Next Mark
[3808.655s][info][gc,marking     ] GC(936) Concurrent Cleanup for Next Mark 10.053ms
[3808.655s][info][gc             ] GC(936) Concurrent Mark Cycle 1445.675ms
.[3809.851s][info][gc,start       ] GC(937) Pause Young (Prepare Mixed) (G1 Evacuation Pause)
[3809.851s][info][gc,task        ] GC(937) Using 6 workers of 6 for evacuation
[3809.969s][info][gc,phases      ] GC(937)   Pre Evacuate Collection Set: 0.33ms
[3809.969s][info][gc,phases      ] GC(937)   Merge Heap Roots: 0.51ms
[3809.969s][info][gc,phases      ] GC(937)   Evacuate Collection Set: 116.89ms
[3809.969s][info][gc,phases      ] GC(937)   Post Evacuate Collection Set: 0.95ms
[3809.969s][info][gc,phases      ] GC(937)   Other: 0.09ms
[3809.970s][info][gc,heap        ] GC(937) Eden regions: 1119->0(1113)
[3809.970s][info][gc,heap        ] GC(937) Survivor regions: 109->109(154)
[3809.970s][info][gc,heap        ] GC(937) Old regions: 502->534
[3809.970s][info][gc,heap        ] GC(937) Humongous regions: 80->80
[3809.970s][info][gc,metaspace   ] GC(937) Metaspace: 28946K(29376K)->28946K(29376K) NonClass: 24077K(24256K)->24077K(24256K) Class: 4869K(5120K)->4869K(5120K)
[3809.970s][info][gc             ] GC(937) Pause Young (Prepare Mixed) (G1 Evacuation Pause) 3618M->1444M(4096M) 118.899ms
[3809.970s][info][gc,cpu         ] GC(937) User=0.70s Sys=0.00s Real=0.12s
...[3812.705s][info][gc,start       ] GC(938) Pause Young (Mixed) (G1 Evacuation Pause)
[3812.705s][info][gc,task        ] GC(938) Using 6 workers of 6 for evacuation
[3812.846s][info][gc,phases      ] GC(938)   Pre Evacuate Collection Set: 0.38ms
[3812.846s][info][gc,phases      ] GC(938)   Merge Heap Roots: 0.74ms
[3812.846s][info][gc,phases      ] GC(938)   Evacuate Collection Set: 138.92ms
[3812.846s][info][gc,phases      ] GC(938)   Post Evacuate Collection Set: 0.98ms
[3812.846s][info][gc,phases      ] GC(938)   Other: 0.09ms
[3812.846s][info][gc,heap        ] GC(938) Eden regions: 1113->0(1114)
[3812.846s][info][gc,heap        ] GC(938) Survivor regions: 109->114(153)
[3812.846s][info][gc,heap        ] GC(938) Old regions: 534->470
[3812.846s][info][gc,heap        ] GC(938) Humongous regions: 80->80
[3812.846s][info][gc,metaspace   ] GC(938) Metaspace: 28946K(29376K)->28946K(29376K) NonClass: 24077K(24256K)->24077K(24256K) Class: 4869K(5120K)->4869K(5120K)
[3812.846s][info][gc             ] GC(938) Pause Young (Mixed) (G1 Evacuation Pause) 3670M->1325M(4096M) 141.254ms
[3812.846s][info][gc,cpu         ] GC(938) User=0.83s Sys=0.00s Real=0.15s
...[3815.327s][info][gc,start       ] GC(939) Pause Young (Concurrent Start) (G1 Evacuation Pause)
[3815.327s][info][gc,task        ] GC(939) Using 6 workers of 6 for evacuation
[3815.446s][info][gc,phases      ] GC(939)   Pre Evacuate Collection Set: 0.39ms
[3815.446s][info][gc,phases      ] GC(939)   Merge Heap Roots: 0.48ms
[3815.446s][info][gc,phases      ] GC(939)   Evacuate Collection Set: 117.12ms
[3815.446s][info][gc,phases      ] GC(939)   Post Evacuate Collection Set: 0.87ms
[3815.446s][info][gc,phases      ] GC(939)   Other: 0.09ms
[3815.446s][info][gc,heap        ] GC(939) Eden regions: 1114->0(1118)
[3815.446s][info][gc,heap        ] GC(939) Survivor regions: 114->110(154)
[3815.446s][info][gc,heap        ] GC(939) Old regions: 470->503
[3815.446s][info][gc,heap        ] GC(939) Humongous regions: 80->80
[3815.446s][info][gc,metaspace   ] GC(939) Metaspace: 28946K(29376K)->28946K(29376K) NonClass: 24077K(24256K)->24077K(24256K) Class: 4869K(5120K)->4869K(5120K)
[3815.446s][info][gc             ] GC(939) Pause Young (Concurrent Start) (G1 Evacuation Pause) 3553M->1383M(4096M) 119.079ms
[3815.446s][info][gc             ] GC(940) Concurrent Mark Cycle
[3815.446s][info][gc,marking     ] GC(940) Concurrent Scan Root Regions
[3815.446s][info][gc,cpu         ] GC(939) User=0.71s Sys=0.01s Real=0.11s
[3815.615s][info][gc,marking     ] GC(940) Concurrent Scan Root Regions 169.240ms
[3815.615s][info][gc,marking     ] GC(940) Concurrent Mark
[3815.615s][info][gc,marking     ] GC(940) Concurrent Mark From Roots
[3815.615s][info][gc,task        ] GC(940) Using 2 workers of 2 for marking
.[3816.452s][info][gc,marking     ] GC(940) Concurrent Mark From Roots 837.325ms
[3816.453s][info][gc,marking     ] GC(940) Concurrent Preclean
[3816.453s][info][gc,marking     ] GC(940) Concurrent Preclean 0.121ms
[3816.453s][info][gc,start       ] GC(940) Pause Remark
[3816.459s][info][gc             ] GC(940) Pause Remark 2219M->2219M(4096M) 5.892ms
[3816.459s][info][gc,cpu         ] GC(940) User=0.03s Sys=0.00s Real=0.01s
[3816.459s][info][gc,marking     ] GC(940) Concurrent Mark 844.024ms
[3816.459s][info][gc,marking     ] GC(940) Concurrent Rebuild Remembered Sets and Scrub Regions
[3816.794s][info][gc,marking     ] GC(940) Concurrent Rebuild Remembered Sets and Scrub Regions 334.508ms
[3816.794s][info][gc,start       ] GC(940) Pause Cleanup
[3816.794s][info][gc             ] GC(940) Pause Cleanup 2511M->2511M(4096M) 0.113ms
[3816.794s][info][gc,cpu         ] GC(940) User=0.00s Sys=0.00s Real=0.00s
[3816.794s][info][gc,marking     ] GC(940) Concurrent Clear Claimed Marks
[3816.794s][info][gc,marking     ] GC(940) Concurrent Clear Claimed Marks 0.023ms
[3816.794s][info][gc,marking     ] GC(940) Concurrent Cleanup for Next Mark
[3816.799s][info][gc,marking     ] GC(940) Concurrent Cleanup for Next Mark 4.643ms
[3816.799s][info][gc             ] GC(940) Concurrent Mark Cycle 1352.919ms
.[3818.153s][info][gc,start       ] GC(941) Pause Young (Prepare Mixed) (G1 Evacuation Pause)
[3818.153s][info][gc,task        ] GC(941) Using 6 workers of 6 for evacuation
[3818.270s][info][gc,phases      ] GC(941)   Pre Evacuate Collection Set: 0.31ms
[3818.271s][info][gc,phases      ] GC(941)   Merge Heap Roots: 0.55ms
[3818.271s][info][gc,phases      ] GC(941)   Evacuate Collection Set: 115.93ms
[3818.271s][info][gc,phases      ] GC(941)   Post Evacuate Collection Set: 0.91ms
[3818.271s][info][gc,phases      ] GC(941)   Other: 0.10ms
[3818.271s][info][gc,heap        ] GC(941) Eden regions: 1118->0(1113)
[3818.271s][info][gc,heap        ] GC(941) Survivor regions: 110->108(154)
[3818.271s][info][gc,heap        ] GC(941) Old regions: 503->536
[3818.271s][info][gc,heap        ] GC(941) Humongous regions: 80->80
[3818.271s][info][gc,metaspace   ] GC(941) Metaspace: 28946K(29376K)->28946K(29376K) NonClass: 24077K(24256K)->24077K(24256K) Class: 4869K(5120K)->4869K(5120K)
[3818.271s][info][gc             ] GC(941) Pause Young (Prepare Mixed) (G1 Evacuation Pause) 3619M->1444M(4096M) 117.927ms
[3818.271s][info][gc,cpu         ] GC(941) User=0.70s Sys=0.00s Real=0.12s
...[3820.916s][info][gc,start       ] GC(942) Pause Young (Mixed) (G1 Evacuation Pause)
[3820.916s][info][gc,task        ] GC(942) Using 6 workers of 6 for evacuation
[3821.050s][info][gc,phases      ] GC(942)   Pre Evacuate Collection Set: 0.37ms
[3821.050s][info][gc,phases      ] GC(942)   Merge Heap Roots: 0.68ms
[3821.050s][info][gc,phases      ] GC(942)   Evacuate Collection Set: 132.27ms
[3821.050s][info][gc,phases      ] GC(942)   Post Evacuate Collection Set: 0.94ms
[3821.050s][info][gc,phases      ] GC(942)   Other: 0.09ms
[3821.050s][info][gc,heap        ] GC(942) Eden regions: 1113->0(1117)
[3821.050s][info][gc,heap        ] GC(942) Survivor regions: 108->111(153)
[3821.050s][info][gc,heap        ] GC(942) Old regions: 536->473
[3821.050s][info][gc,heap        ] GC(942) Humongous regions: 80->80
[3821.050s][info][gc,metaspace   ] GC(942) Metaspace: 28946K(29376K)->28946K(29376K) NonClass: 24077K(24256K)->24077K(24256K) Class: 4869K(5120K)->4869K(5120K)
[3821.050s][info][gc             ] GC(942) Pause Young (Mixed) (G1 Evacuation Pause) 3670M->1326M(4096M) 134.483ms
[3821.050s][info][gc,cpu         ] GC(942) User=0.79s Sys=0.00s Real=0.14s
...[3823.702s][info][gc,start       ] GC(943) Pause Young (Concurrent Start) (G1 Evacuation Pause)
[3823.702s][info][gc,task        ] GC(943) Using 6 workers of 6 for evacuation
[3823.824s][info][gc,phases      ] GC(943)   Pre Evacuate Collection Set: 0.36ms
[3823.824s][info][gc,phases      ] GC(943)   Merge Heap Roots: 0.48ms
[3823.824s][info][gc,phases      ] GC(943)   Evacuate Collection Set: 119.17ms
[3823.824s][info][gc,phases      ] GC(943)   Post Evacuate Collection Set: 0.90ms
[3823.824s][info][gc,phases      ] GC(943)   Other: 0.11ms
[3823.824s][info][gc,heap        ] GC(943) Eden regions: 1117->0(1116)
[3823.824s][info][gc,heap        ] GC(943) Survivor regions: 111->112(154)
[3823.824s][info][gc,heap        ] GC(943) Old regions: 473->506
[3823.824s][info][gc,heap        ] GC(943) Humongous regions: 80->80
[3823.824s][info][gc,metaspace   ] GC(943) Metaspace: 28946K(29376K)->28946K(29376K) NonClass: 24077K(24256K)->24077K(24256K) Class: 4869K(5120K)->4869K(5120K)
[3823.824s][info][gc             ] GC(943) Pause Young (Concurrent Start) (G1 Evacuation Pause) 3560M->1392M(4096M) 121.151ms
[3823.824s][info][gc             ] GC(944) Concurrent Mark Cycle
[3823.824s][info][gc,marking     ] GC(944) Concurrent Scan Root Regions
[3823.824s][info][gc,cpu         ] GC(943) User=0.72s Sys=0.00s Real=0.12s
[3824.000s][info][gc,marking     ] GC(944) Concurrent Scan Root Regions 176.222ms
[3824.000s][info][gc,marking     ] GC(944) Concurrent Mark
[3824.000s][info][gc,marking     ] GC(944) Concurrent Mark From Roots
[3824.000s][info][gc,task        ] GC(944) Using 2 workers of 2 for marking
.[3824.846s][info][gc,marking     ] GC(944) Concurrent Mark From Roots 846.019ms
[3824.846s][info][gc,marking     ] GC(944) Concurrent Preclean
[3824.846s][info][gc,marking     ] GC(944) Concurrent Preclean 0.121ms
[3824.848s][info][gc,start       ] GC(944) Pause Remark
[3824.853s][info][gc             ] GC(944) Pause Remark 2236M->2236M(4096M) 5.154ms
[3824.853s][info][gc,cpu         ] GC(944) User=0.03s Sys=0.00s Real=0.00s
[3824.855s][info][gc,marking     ] GC(944) Concurrent Mark 854.904ms
[3824.855s][info][gc,marking     ] GC(944) Concurrent Rebuild Remembered Sets and Scrub Regions
[3825.129s][info][gc,marking     ] GC(944) Concurrent Rebuild Remembered Sets and Scrub Regions 273.703ms
[3825.129s][info][gc,start       ] GC(944) Pause Cleanup
[3825.129s][info][gc             ] GC(944) Pause Cleanup 2474M->2474M(4096M) 0.126ms
[3825.129s][info][gc,cpu         ] GC(944) User=0.00s Sys=0.00s Real=0.00s
[3825.129s][info][gc,marking     ] GC(944) Concurrent Clear Claimed Marks
[3825.129s][info][gc,marking     ] GC(944) Concurrent Clear Claimed Marks 0.030ms
[3825.130s][info][gc,marking     ] GC(944) Concurrent Cleanup for Next Mark
[3825.134s][info][gc,marking     ] GC(944) Concurrent Cleanup for Next Mark 4.792ms
[3825.134s][info][gc             ] GC(944) Concurrent Mark Cycle 1310.723ms
..[3826.484s][info][gc,start       ] GC(945) Pause Young (Prepare Mixed) (G1 Evacuation Pause)
[3826.485s][info][gc,task        ] GC(945) Using 6 workers of 6 for evacuation
[3826.606s][info][gc,phases      ] GC(945)   Pre Evacuate Collection Set: 0.30ms
[3826.606s][info][gc,phases      ] GC(945)   Merge Heap Roots: 0.51ms
[3826.606s][info][gc,phases      ] GC(945)   Evacuate Collection Set: 119.17ms
[3826.606s][info][gc,phases      ] GC(945)   Post Evacuate Collection Set: 0.96ms
[3826.606s][info][gc,phases      ] GC(945)   Other: 0.09ms
[3826.606s][info][gc,heap        ] GC(945) Eden regions: 1116->0(1104)
[3826.606s][info][gc,heap        ] GC(945) Survivor regions: 112->112(154)
[3826.606s][info][gc,heap        ] GC(945) Old regions: 506->537
[3826.606s][info][gc,heap        ] GC(945) Humongous regions: 80->80
[3826.606s][info][gc,metaspace   ] GC(945) Metaspace: 28946K(29376K)->28946K(29376K) NonClass: 24077K(24256K)->24077K(24256K) Class: 4869K(5120K)->4869K(5120K)
[3826.606s][info][gc             ] GC(945) Pause Young (Prepare Mixed) (G1 Evacuation Pause) 3624M->1456M(4096M) 121.180ms
[3826.606s][info][gc,cpu         ] GC(945) User=0.72s Sys=0.00s Real=0.12s
..[3829.188s][info][gc,start       ] GC(946) Pause Young (Mixed) (G1 Evacuation Pause)
[3829.188s][info][gc,task        ] GC(946) Using 6 workers of 6 for evacuation
[3829.326s][info][gc,phases      ] GC(946)   Pre Evacuate Collection Set: 0.37ms
[3829.326s][info][gc,phases      ] GC(946)   Merge Heap Roots: 0.64ms
[3829.326s][info][gc,phases      ] GC(946)   Evacuate Collection Set: 135.44ms
[3829.326s][info][gc,phases      ] GC(946)   Post Evacuate Collection Set: 0.83ms
[3829.326s][info][gc,phases      ] GC(946)   Other: 0.09ms
[3829.326s][info][gc,heap        ] GC(946) Eden regions: 1104->0(1116)
[3829.326s][info][gc,heap        ] GC(946) Survivor regions: 112->112(152)
[3829.326s][info][gc,heap        ] GC(946) Old regions: 537->471
[3829.326s][info][gc,heap        ] GC(946) Humongous regions: 80->80
[3829.326s][info][gc,metaspace   ] GC(946) Metaspace: 28946K(29376K)->28946K(29376K) NonClass: 24077K(24256K)->24077K(24256K) Class: 4869K(5120K)->4869K(5120K)
[3829.326s][info][gc             ] GC(946) Pause Young (Mixed) (G1 Evacuation Pause) 3664M->1322M(4096M) 137.519ms
[3829.326s][info][gc,cpu         ] GC(946) User=0.81s Sys=0.00s Real=0.13s
...[3831.989s][info][gc,start       ] GC(947) Pause Young (Concurrent Start) (G1 Evacuation Pause)
[3831.989s][info][gc,task        ] GC(947) Using 6 workers of 6 for evacuation
[3832.110s][info][gc,phases      ] GC(947)   Pre Evacuate Collection Set: 0.38ms
[3832.110s][info][gc,phases      ] GC(947)   Merge Heap Roots: 0.51ms
[3832.110s][info][gc,phases      ] GC(947)   Evacuate Collection Set: 118.99ms
[3832.110s][info][gc,phases      ] GC(947)   Post Evacuate Collection Set: 0.89ms
[3832.110s][info][gc,phases      ] GC(947)   Other: 0.12ms
[3832.110s][info][gc,heap        ] GC(947) Eden regions: 1116->0(1118)
[3832.110s][info][gc,heap        ] GC(947) Survivor regions: 112->110(154)
[3832.110s][info][gc,heap        ] GC(947) Old regions: 471->502
[3832.110s][info][gc,heap        ] GC(947) Humongous regions: 80->80
[3832.110s][info][gc,metaspace   ] GC(947) Metaspace: 28946K(29376K)->28946K(29376K) NonClass: 24077K(24256K)->24077K(24256K) Class: 4869K(5120K)->4869K(5120K)
[3832.110s][info][gc             ] GC(947) Pause Young (Concurrent Start) (G1 Evacuation Pause) 3554M->1382M(4096M) 121.009ms
[3832.110s][info][gc             ] GC(948) Concurrent Mark Cycle
[3832.110s][info][gc,marking     ] GC(948) Concurrent Scan Root Regions
[3832.110s][info][gc,cpu         ] GC(947) User=0.72s Sys=0.00s Real=0.12s
[3832.251s][info][gc,marking     ] GC(948) Concurrent Scan Root Regions 140.988ms
[3832.251s][info][gc,marking     ] GC(948) Concurrent Mark
[3832.251s][info][gc,marking     ] GC(948) Concurrent Mark From Roots
[3832.251s][info][gc,task        ] GC(948) Using 2 workers of 2 for marking
.[3832.957s][info][gc,marking     ] GC(948) Concurrent Mark From Roots 706.125ms
[3832.957s][info][gc,marking     ] GC(948) Concurrent Preclean
[3832.957s][info][gc,marking     ] GC(948) Concurrent Preclean 0.110ms
[3832.959s][info][gc,start       ] GC(948) Pause Remark
[3832.964s][info][gc             ] GC(948) Pause Remark 2102M->2102M(4096M) 4.739ms
[3832.964s][info][gc,cpu         ] GC(948) User=0.03s Sys=0.00s Real=0.00s
[3832.965s][info][gc,marking     ] GC(948) Concurrent Mark 714.109ms
[3832.965s][info][gc,marking     ] GC(948) Concurrent Rebuild Remembered Sets and Scrub Regions
[3833.226s][info][gc,marking     ] GC(948) Concurrent Rebuild Remembered Sets and Scrub Regions 261.252ms
[3833.226s][info][gc,start       ] GC(948) Pause Cleanup
[3833.226s][info][gc             ] GC(948) Pause Cleanup 2340M->2340M(4096M) 0.096ms
[3833.226s][info][gc,cpu         ] GC(948) User=0.00s Sys=0.00s Real=0.00s
[3833.226s][info][gc,marking     ] GC(948) Concurrent Clear Claimed Marks
[3833.226s][info][gc,marking     ] GC(948) Concurrent Clear Claimed Marks 0.022ms
[3833.226s][info][gc,marking     ] GC(948) Concurrent Cleanup for Next Mark
[3833.230s][info][gc,marking     ] GC(948) Concurrent Cleanup for Next Mark 3.255ms
[3833.230s][info][gc             ] GC(948) Concurrent Mark Cycle 1120.061ms
..[3834.763s][info][gc,start       ] GC(949) Pause Young (Prepare Mixed) (G1 Evacuation Pause)
[3834.763s][info][gc,task        ] GC(949) Using 6 workers of 6 for evacuation
[3834.881s][info][gc,phases      ] GC(949)   Pre Evacuate Collection Set: 0.33ms
[3834.881s][info][gc,phases      ] GC(949)   Merge Heap Roots: 0.48ms
[3834.881s][info][gc,phases      ] GC(949)   Evacuate Collection Set: 117.02ms
[3834.881s][info][gc,phases      ] GC(949)   Post Evacuate Collection Set: 0.93ms
[3834.881s][info][gc,phases      ] GC(949)   Other: 0.09ms
[3834.881s][info][gc,heap        ] GC(949) Eden regions: 1118->0(1109)
[3834.881s][info][gc,heap        ] GC(949) Survivor regions: 110->111(154)
[3834.881s][info][gc,heap        ] GC(949) Old regions: 502->534
[3834.881s][info][gc,heap        ] GC(949) Humongous regions: 80->80
[3834.882s][info][gc,metaspace   ] GC(949) Metaspace: 28946K(29376K)->28946K(29376K) NonClass: 24077K(24256K)->24077K(24256K) Class: 4869K(5120K)->4869K(5120K)
[3834.882s][info][gc             ] GC(949) Pause Young (Prepare Mixed) (G1 Evacuation Pause) 3618M->1447M(4096M) 118.976ms
[3834.882s][info][gc,cpu         ] GC(949) User=0.71s Sys=0.00s Real=0.12s
...[3837.560s][info][gc,start       ] GC(950) Pause Young (Mixed) (G1 Evacuation Pause)
[3837.560s][info][gc,task        ] GC(950) Using 6 workers of 6 for evacuation
[3837.700s][info][gc,phases      ] GC(950)   Pre Evacuate Collection Set: 0.36ms
[3837.700s][info][gc,phases      ] GC(950)   Merge Heap Roots: 0.74ms
[3837.700s][info][gc,phases      ] GC(950)   Evacuate Collection Set: 137.87ms
[3837.700s][info][gc,phases      ] GC(950)   Post Evacuate Collection Set: 0.95ms
[3837.700s][info][gc,phases      ] GC(950)   Other: 0.09ms
[3837.700s][info][gc,heap        ] GC(950) Eden regions: 1109->0(1116)
[3837.700s][info][gc,heap        ] GC(950) Survivor regions: 111->112(153)
[3837.700s][info][gc,heap        ] GC(950) Old regions: 534->472
[3837.700s][info][gc,heap        ] GC(950) Humongous regions: 80->80
[3837.700s][info][gc,metaspace   ] GC(950) Metaspace: 28946K(29376K)->28946K(29376K) NonClass: 24077K(24256K)->24077K(24256K) Class: 4869K(5120K)->4869K(5120K)
[3837.700s][info][gc             ] GC(950) Pause Young (Mixed) (G1 Evacuation Pause) 3665M->1325M(4096M) 140.139ms
[3837.700s][info][gc,cpu         ] GC(950) User=0.83s Sys=0.00s Real=0.14s
..[3840.302s][info][gc,start       ] GC(951) Pause Young (Concurrent Start) (G1 Evacuation Pause)
[3840.302s][info][gc,task        ] GC(951) Using 6 workers of 6 for evacuation
[3840.422s][info][gc,phases      ] GC(951)   Pre Evacuate Collection Set: 0.40ms
[3840.422s][info][gc,phases      ] GC(951)   Merge Heap Roots: 0.44ms
[3840.422s][info][gc,phases      ] GC(951)   Evacuate Collection Set: 117.99ms
[3840.422s][info][gc,phases      ] GC(951)   Post Evacuate Collection Set: 0.90ms
[3840.422s][info][gc,phases      ] GC(951)   Other: 0.11ms
[3840.422s][info][gc,heap        ] GC(951) Eden regions: 1116->0(1116)
[3840.422s][info][gc,heap        ] GC(951) Survivor regions: 112->112(154)
[3840.422s][info][gc,heap        ] GC(951) Old regions: 472->504
[3840.422s][info][gc,heap        ] GC(951) Humongous regions: 80->80
[3840.422s][info][gc,metaspace   ] GC(951) Metaspace: 28946K(29376K)->28946K(29376K) NonClass: 24077K(24256K)->24077K(24256K) Class: 4869K(5120K)->4869K(5120K)
[3840.422s][info][gc             ] GC(951) Pause Young (Concurrent Start) (G1 Evacuation Pause) 3557M->1389M(4096M) 119.956ms
[3840.422s][info][gc             ] GC(952) Concurrent Mark Cycle
[3840.422s][info][gc,marking     ] GC(952) Concurrent Scan Root Regions
[3840.422s][info][gc,cpu         ] GC(951) User=0.71s Sys=0.00s Real=0.12s
.[3840.557s][info][gc,marking     ] GC(952) Concurrent Scan Root Regions 134.821ms
[3840.557s][info][gc,marking     ] GC(952) Concurrent Mark
[3840.557s][info][gc,marking     ] GC(952) Concurrent Mark From Roots
[3840.557s][info][gc,task        ] GC(952) Using 2 workers of 2 for marking
[3841.260s][info][gc,marking     ] GC(952) Concurrent Mark From Roots 702.840ms
[3841.260s][info][gc,marking     ] GC(952) Concurrent Preclean
[3841.260s][info][gc,marking     ] GC(952) Concurrent Preclean 0.092ms
[3841.261s][info][gc,start       ] GC(952) Pause Remark
[3841.266s][info][gc             ] GC(952) Pause Remark 2136M->2136M(4096M) 5.395ms
[3841.266s][info][gc,cpu         ] GC(952) User=0.03s Sys=0.00s Real=0.01s
[3841.267s][info][gc,marking     ] GC(952) Concurrent Mark 710.177ms
[3841.267s][info][gc,marking     ] GC(952) Concurrent Rebuild Remembered Sets and Scrub Regions
.[3841.526s][info][gc,marking     ] GC(952) Concurrent Rebuild Remembered Sets and Scrub Regions 258.391ms
[3841.526s][info][gc,start       ] GC(952) Pause Cleanup
[3841.526s][info][gc             ] GC(952) Pause Cleanup 2359M->2359M(4096M) 0.116ms
[3841.526s][info][gc,cpu         ] GC(952) User=0.00s Sys=0.00s Real=0.00s
[3841.526s][info][gc,marking     ] GC(952) Concurrent Clear Claimed Marks
[3841.526s][info][gc,marking     ] GC(952) Concurrent Clear Claimed Marks 0.032ms
[3841.526s][info][gc,marking     ] GC(952) Concurrent Cleanup for Next Mark
[3841.532s][info][gc,marking     ] GC(952) Concurrent Cleanup for Next Mark 5.490ms
[3841.532s][info][gc             ] GC(952) Concurrent Mark Cycle 1109.512ms
.[3843.099s][info][gc,start       ] GC(953) Pause Young (Prepare Mixed) (G1 Evacuation Pause)
[3843.099s][info][gc,task        ] GC(953) Using 6 workers of 6 for evacuation
[3843.218s][info][gc,phases      ] GC(953)   Pre Evacuate Collection Set: 0.35ms
[3843.218s][info][gc,phases      ] GC(953)   Merge Heap Roots: 0.51ms
[3843.218s][info][gc,phases      ] GC(953)   Evacuate Collection Set: 116.68ms
[3843.218s][info][gc,phases      ] GC(953)   Post Evacuate Collection Set: 0.93ms
[3843.218s][info][gc,phases      ] GC(953)   Other: 0.08ms
[3843.218s][info][gc,heap        ] GC(953) Eden regions: 1116->0(1112)
[3843.218s][info][gc,heap        ] GC(953) Survivor regions: 112->108(154)
[3843.218s][info][gc,heap        ] GC(953) Old regions: 504->537
[3843.218s][info][gc,heap        ] GC(953) Humongous regions: 80->80
[3843.218s][info][gc,metaspace   ] GC(953) Metaspace: 28946K(29376K)->28946K(29376K) NonClass: 24077K(24256K)->24077K(24256K) Class: 4869K(5120K)->4869K(5120K)
[3843.218s][info][gc             ] GC(953) Pause Young (Prepare Mixed) (G1 Evacuation Pause) 3621M->1446M(4096M) 118.683ms
[3843.218s][info][gc,cpu         ] GC(953) User=0.70s Sys=0.00s Real=0.12s
...[3845.863s][info][gc,start       ] GC(954) Pause Young (Mixed) (G1 Evacuation Pause)
[3845.863s][info][gc,task        ] GC(954) Using 6 workers of 6 for evacuation
[3845.994s][info][gc,phases      ] GC(954)   Pre Evacuate Collection Set: 0.36ms
[3845.995s][info][gc,phases      ] GC(954)   Merge Heap Roots: 0.66ms
[3845.995s][info][gc,phases      ] GC(954)   Evacuate Collection Set: 129.67ms
[3845.995s][info][gc,phases      ] GC(954)   Post Evacuate Collection Set: 0.94ms
[3845.995s][info][gc,phases      ] GC(954)   Other: 0.09ms
[3845.995s][info][gc,heap        ] GC(954) Eden regions: 1112->0(1120)
[3845.995s][info][gc,heap        ] GC(954) Survivor regions: 108->108(153)
[3845.995s][info][gc,heap        ] GC(954) Old regions: 537->472
[3845.995s][info][gc,heap        ] GC(954) Humongous regions: 80->80
[3845.995s][info][gc,metaspace   ] GC(954) Metaspace: 28946K(29376K)->28946K(29376K) NonClass: 24077K(24256K)->24077K(24256K) Class: 4869K(5120K)->4869K(5120K)
[3845.995s][info][gc             ] GC(954) Pause Young (Mixed) (G1 Evacuation Pause) 3670M->1316M(4096M) 131.850ms
[3845.995s][info][gc,cpu         ] GC(954) User=0.78s Sys=0.00s Real=0.13s
... (rIR:aIR:PR = 6780:6779:6779) (tPR = 100758) [OK] 
  3848s: Performance info:
         Transaction,    Success,    Partial,     Failed,   Receipts, AvgBarcode, 
             Overall,     410484,          0,          0,     389941,      59.47, 
         Response times:
             Request,    Success,    Partial,     Failed,   SkipFail,     Probes,    Samples,      min,      p50,      p90,      p95,      p99,      max, 
       TotalPurchase,     389946,          0,          0,          0,     361815,     401941,      200,     5700,    37000,    74000,   163000,   348000,
     InStorePurchase,     204993,          0,          0,          0,     189978,     210463,      200,     5600,    36000,    74000,   162000,   348000,
      OnlinePurchase,     143800,          0,          0,          0,     133077,     148091,      300,     5700,    39000,    75000,   163000,   348000,
        InstPurchase,      41153,          0,          0,          0,      38760,      43387,      300,     5900,    38000,    76000,   163000,   324000,
          AssocOfCat,        408,          0,          0,          0,        323,        438,    24000,    37000,   112200,   152250,   217490,   265000,
      AssocOfProduct,       4105,          0,          0,          0,       3760,       4371,     1600,     6800,    48000,    89400,   174000,   252000,
      BusinessReport,       1025,          0,          0,          0,        910,       1149,    28000,    39000,   103000,   156000,   225500,   280000,
          CustBuyBeh,       4111,          0,          0,          0,       3824,       4446,      200,     5700,    37000,    68000,   164060,   304000,
       ProductReturn,      10895,          0,          0,          0,      10339,      11838,      200,     5300,    37000,    74000,   159000,   270000,

  3848s: (50%)   IR =   6918 [3848.719s][info][gc,start       ] GC(955) Pause Young (Concurrent Start) (G1 Evacuation Pause)
[3848.719s][info][gc,task        ] GC(955) Using 6 workers of 6 for evacuation
[3848.843s][info][gc,phases      ] GC(955)   Pre Evacuate Collection Set: 0.36ms
[3848.843s][info][gc,phases      ] GC(955)   Merge Heap Roots: 0.45ms
[3848.843s][info][gc,phases      ] GC(955)   Evacuate Collection Set: 121.99ms
[3848.843s][info][gc,phases      ] GC(955)   Post Evacuate Collection Set: 0.89ms
[3848.843s][info][gc,phases      ] GC(955)   Other: 0.11ms
[3848.843s][info][gc,heap        ] GC(955) Eden regions: 1120->0(1114)
[3848.843s][info][gc,heap        ] GC(955) Survivor regions: 108->114(154)
[3848.843s][info][gc,heap        ] GC(955) Old regions: 472->504
[3848.843s][info][gc,heap        ] GC(955) Humongous regions: 80->80
[3848.843s][info][gc,metaspace   ] GC(955) Metaspace: 28946K(29376K)->28946K(29376K) NonClass: 24077K(24256K)->24077K(24256K) Class: 4869K(5120K)->4869K(5120K)
[3848.843s][info][gc             ] GC(955) Pause Young (Concurrent Start) (G1 Evacuation Pause) 3556M->1392M(4096M) 123.934ms
[3848.843s][info][gc             ] GC(956) Concurrent Mark Cycle
[3848.843s][info][gc,marking     ] GC(956) Concurrent Scan Root Regions
[3848.843s][info][gc,cpu         ] GC(955) User=0.74s Sys=0.00s Real=0.12s
[3849.034s][info][gc,marking     ] GC(956) Concurrent Scan Root Regions 190.696ms
[3849.034s][info][gc,marking     ] GC(956) Concurrent Mark
[3849.034s][info][gc,marking     ] GC(956) Concurrent Mark From Roots
[3849.034s][info][gc,task        ] GC(956) Using 2 workers of 2 for marking
.[3850.067s][info][gc,marking     ] GC(956) Concurrent Mark From Roots 1033.059ms
[3850.067s][info][gc,marking     ] GC(956) Concurrent Preclean
[3850.067s][info][gc,marking     ] GC(956) Concurrent Preclean 0.124ms
[3850.068s][info][gc,start       ] GC(956) Pause Remark
[3850.075s][info][gc             ] GC(956) Pause Remark 2511M->2511M(4096M) 7.224ms
[3850.075s][info][gc,cpu         ] GC(956) User=0.04s Sys=0.00s Real=0.00s
[3850.075s][info][gc,marking     ] GC(956) Concurrent Mark 1040.675ms
[3850.075s][info][gc,marking     ] GC(956) Concurrent Rebuild Remembered Sets and Scrub Regions
[3850.334s][info][gc,marking     ] GC(956) Concurrent Rebuild Remembered Sets and Scrub Regions 258.641ms
[3850.335s][info][gc,start       ] GC(956) Pause Cleanup
[3850.335s][info][gc             ] GC(956) Pause Cleanup 2734M->2734M(4096M) 0.121ms
[3850.335s][info][gc,cpu         ] GC(956) User=0.00s Sys=0.00s Real=0.00s
[3850.335s][info][gc,marking     ] GC(956) Concurrent Clear Claimed Marks
[3850.335s][info][gc,marking     ] GC(956) Concurrent Clear Claimed Marks 0.036ms
[3850.335s][info][gc,marking     ] GC(956) Concurrent Cleanup for Next Mark
[3850.342s][info][gc,marking     ] GC(956) Concurrent Cleanup for Next Mark 6.344ms
[3850.342s][info][gc             ] GC(956) Concurrent Mark Cycle 1498.441ms
.[3851.375s][info][gc,start       ] GC(957) Pause Young (Prepare Mixed) (G1 Evacuation Pause)
[3851.375s][info][gc,task        ] GC(957) Using 6 workers of 6 for evacuation
[3851.493s][info][gc,phases      ] GC(957)   Pre Evacuate Collection Set: 0.33ms
[3851.494s][info][gc,phases      ] GC(957)   Merge Heap Roots: 0.52ms
[3851.494s][info][gc,phases      ] GC(957)   Evacuate Collection Set: 116.59ms
[3851.494s][info][gc,phases      ] GC(957)   Post Evacuate Collection Set: 0.93ms
[3851.494s][info][gc,phases      ] GC(957)   Other: 0.09ms
[3851.494s][info][gc,heap        ] GC(957) Eden regions: 1114->0(1109)
[3851.494s][info][gc,heap        ] GC(957) Survivor regions: 114->110(154)
[3851.494s][info][gc,heap        ] GC(957) Old regions: 504->536
[3851.494s][info][gc,heap        ] GC(957) Humongous regions: 80->80
[3851.494s][info][gc,metaspace   ] GC(957) Metaspace: 28946K(29376K)->28946K(29376K) NonClass: 24077K(24256K)->24077K(24256K) Class: 4869K(5120K)->4869K(5120K)
[3851.494s][info][gc             ] GC(957) Pause Young (Prepare Mixed) (G1 Evacuation Pause) 3620M->1449M(4096M) 118.607ms
[3851.494s][info][gc,cpu         ] GC(957) User=0.70s Sys=0.00s Real=0.12s
...|[3854.130s][info][gc,start       ] GC(958) Pause Young (Mixed) (G1 Evacuation Pause)
[3854.130s][info][gc,task        ] GC(958) Using 6 workers of 6 for evacuation
[3854.264s][info][gc,phases      ] GC(958)   Pre Evacuate Collection Set: 0.37ms
[3854.264s][info][gc,phases      ] GC(958)   Merge Heap Roots: 0.69ms
[3854.264s][info][gc,phases      ] GC(958)   Evacuate Collection Set: 131.56ms
[3854.264s][info][gc,phases      ] GC(958)   Post Evacuate Collection Set: 0.95ms
[3854.264s][info][gc,phases      ] GC(958)   Other: 0.09ms
[3854.264s][info][gc,heap        ] GC(958) Eden regions: 1109->0(1120)
[3854.264s][info][gc,heap        ] GC(958) Survivor regions: 110->108(153)
[3854.264s][info][gc,heap        ] GC(958) Old regions: 536->473
[3854.264s][info][gc,heap        ] GC(958) Humongous regions: 80->80
[3854.264s][info][gc,metaspace   ] GC(958) Metaspace: 28946K(29376K)->28946K(29376K) NonClass: 24077K(24256K)->24077K(24256K) Class: 4869K(5120K)->4869K(5120K)
[3854.264s][info][gc             ] GC(958) Pause Young (Mixed) (G1 Evacuation Pause) 3667M->1319M(4096M) 133.802ms
[3854.264s][info][gc,cpu         ] GC(958) User=0.79s Sys=0.00s Real=0.13s
...[3856.900s][info][gc,start       ] GC(959) Pause Young (Concurrent Start) (G1 Evacuation Pause)
[3856.900s][info][gc,task        ] GC(959) Using 6 workers of 6 for evacuation
[3857.018s][info][gc,phases      ] GC(959)   Pre Evacuate Collection Set: 0.35ms
[3857.018s][info][gc,phases      ] GC(959)   Merge Heap Roots: 0.50ms
[3857.018s][info][gc,phases      ] GC(959)   Evacuate Collection Set: 116.26ms
[3857.018s][info][gc,phases      ] GC(959)   Post Evacuate Collection Set: 0.88ms
[3857.018s][info][gc,phases      ] GC(959)   Other: 0.11ms
[3857.018s][info][gc,heap        ] GC(959) Eden regions: 1120->0(1117)
[3857.018s][info][gc,heap        ] GC(959) Survivor regions: 108->111(154)
[3857.018s][info][gc,heap        ] GC(959) Old regions: 473->504
[3857.018s][info][gc,heap        ] GC(959) Humongous regions: 80->80
[3857.018s][info][gc,metaspace   ] GC(959) Metaspace: 28946K(29376K)->28946K(29376K) NonClass: 24077K(24256K)->24077K(24256K) Class: 4869K(5120K)->4869K(5120K)
[3857.018s][info][gc             ] GC(959) Pause Young (Concurrent Start) (G1 Evacuation Pause) 3559M->1387M(4096M) 118.241ms
[3857.018s][info][gc             ] GC(960) Concurrent Mark Cycle
[3857.018s][info][gc,marking     ] GC(960) Concurrent Scan Root Regions
[3857.018s][info][gc,cpu         ] GC(959) User=0.70s Sys=0.00s Real=0.12s
[3857.169s][info][gc,marking     ] GC(960) Concurrent Scan Root Regions 150.446ms
[3857.169s][info][gc,marking     ] GC(960) Concurrent Mark
[3857.169s][info][gc,marking     ] GC(960) Concurrent Mark From Roots
[3857.169s][info][gc,task        ] GC(960) Using 2 workers of 2 for marking
.[3857.957s][info][gc,marking     ] GC(960) Concurrent Mark From Roots 788.607ms
[3857.957s][info][gc,marking     ] GC(960) Concurrent Preclean
[3857.958s][info][gc,marking     ] GC(960) Concurrent Preclean 0.107ms
[3857.959s][info][gc,start       ] GC(960) Pause Remark
[3857.964s][info][gc             ] GC(960) Pause Remark 2159M->2159M(4096M) 5.111ms
[3857.964s][info][gc,cpu         ] GC(960) User=0.02s Sys=0.00s Real=0.00s
[3857.966s][info][gc,marking     ] GC(960) Concurrent Mark 797.350ms
[3857.966s][info][gc,marking     ] GC(960) Concurrent Rebuild Remembered Sets and Scrub Regions
[3858.324s][info][gc,marking     ] GC(960) Concurrent Rebuild Remembered Sets and Scrub Regions 357.813ms
[3858.324s][info][gc,start       ] GC(960) Pause Cleanup
[3858.324s][info][gc             ] GC(960) Pause Cleanup 2522M->2522M(4096M) 0.113ms
[3858.324s][info][gc,cpu         ] GC(960) User=0.00s Sys=0.00s Real=0.00s
[3858.325s][info][gc,marking     ] GC(960) Concurrent Clear Claimed Marks
[3858.325s][info][gc,marking     ] GC(960) Concurrent Clear Claimed Marks 0.034ms
[3858.325s][info][gc,marking     ] GC(960) Concurrent Cleanup for Next Mark
[3858.331s][info][gc,marking     ] GC(960) Concurrent Cleanup for Next Mark 5.455ms
[3858.331s][info][gc             ] GC(960) Concurrent Mark Cycle 1312.693ms
.[3859.611s][info][gc,start       ] GC(961) Pause Young (Prepare Mixed) (G1 Evacuation Pause)
[3859.611s][info][gc,task        ] GC(961) Using 6 workers of 6 for evacuation
[3859.731s][info][gc,phases      ] GC(961)   Pre Evacuate Collection Set: 0.38ms
[3859.731s][info][gc,phases      ] GC(961)   Merge Heap Roots: 0.57ms
[3859.731s][info][gc,phases      ] GC(961)   Evacuate Collection Set: 117.15ms
[3859.731s][info][gc,phases      ] GC(961)   Post Evacuate Collection Set: 0.95ms
[3859.731s][info][gc,phases      ] GC(961)   Other: 0.82ms
[3859.731s][info][gc,heap        ] GC(961) Eden regions: 1117->0(1108)
[3859.731s][info][gc,heap        ] GC(961) Survivor regions: 111->111(154)
[3859.731s][info][gc,heap        ] GC(961) Old regions: 504->535
[3859.731s][info][gc,heap        ] GC(961) Humongous regions: 80->80
[3859.731s][info][gc,metaspace   ] GC(961) Metaspace: 28946K(29376K)->28946K(29376K) NonClass: 24077K(24256K)->24077K(24256K) Class: 4869K(5120K)->4869K(5120K)
[3859.731s][info][gc             ] GC(961) Pause Young (Prepare Mixed) (G1 Evacuation Pause) 3621M->1448M(4096M) 120.007ms
[3859.731s][info][gc,cpu         ] GC(961) User=0.70s Sys=0.00s Real=0.12s
...[3862.275s][info][gc,start       ] GC(962) Pause Young (Mixed) (G1 Evacuation Pause)
[3862.275s][info][gc,task        ] GC(962) Using 6 workers of 6 for evacuation
[3862.417s][info][gc,phases      ] GC(962)   Pre Evacuate Collection Set: 0.39ms
[3862.417s][info][gc,phases      ] GC(962)   Merge Heap Roots: 0.79ms
[3862.417s][info][gc,phases      ] GC(962)   Evacuate Collection Set: 139.79ms
[3862.417s][info][gc,phases      ] GC(962)   Post Evacuate Collection Set: 0.98ms
[3862.417s][info][gc,phases      ] GC(962)   Other: 0.10ms
[3862.417s][info][gc,heap        ] GC(962) Eden regions: 1108->0(1114)
[3862.417s][info][gc,heap        ] GC(962) Survivor regions: 111->114(153)
[3862.417s][info][gc,heap        ] GC(962) Old regions: 535->471
[3862.417s][info][gc,heap        ] GC(962) Humongous regions: 80->80
[3862.417s][info][gc,metaspace   ] GC(962) Metaspace: 28946K(29376K)->28946K(29376K) NonClass: 24077K(24256K)->24077K(24256K) Class: 4869K(5120K)->4869K(5120K)
[3862.417s][info][gc             ] GC(962) Pause Young (Mixed) (G1 Evacuation Pause) 3664M->1328M(4096M) 142.183ms
[3862.417s][info][gc,cpu         ] GC(962) User=0.84s Sys=0.00s Real=0.15s
...[3865.001s][info][gc,start       ] GC(963) Pause Young (Concurrent Start) (G1 Evacuation Pause)
[3865.001s][info][gc,task        ] GC(963) Using 6 workers of 6 for evacuation
[3865.121s][info][gc,phases      ] GC(963)   Pre Evacuate Collection Set: 0.35ms
[3865.121s][info][gc,phases      ] GC(963)   Merge Heap Roots: 0.45ms
[3865.121s][info][gc,phases      ] GC(963)   Evacuate Collection Set: 118.53ms
[3865.121s][info][gc,phases      ] GC(963)   Post Evacuate Collection Set: 0.87ms
[3865.121s][info][gc,phases      ] GC(963)   Other: 0.10ms
[3865.121s][info][gc,heap        ] GC(963) Eden regions: 1114->0(1117)
[3865.121s][info][gc,heap        ] GC(963) Survivor regions: 114->111(154)
[3865.121s][info][gc,heap        ] GC(963) Old regions: 471->503
[3865.121s][info][gc,heap        ] GC(963) Humongous regions: 80->80
[3865.121s][info][gc,metaspace   ] GC(963) Metaspace: 28946K(29376K)->28946K(29376K) NonClass: 24077K(24256K)->24077K(24256K) Class: 4869K(5120K)->4869K(5120K)
[3865.121s][info][gc             ] GC(963) Pause Young (Concurrent Start) (G1 Evacuation Pause) 3556M->1385M(4096M) 120.438ms
[3865.121s][info][gc             ] GC(964) Concurrent Mark Cycle
[3865.121s][info][gc,marking     ] GC(964) Concurrent Scan Root Regions
[3865.121s][info][gc,cpu         ] GC(963) User=0.72s Sys=0.00s Real=0.12s
[3865.291s][info][gc,marking     ] GC(964) Concurrent Scan Root Regions 170.164ms
[3865.292s][info][gc,marking     ] GC(964) Concurrent Mark
[3865.292s][info][gc,marking     ] GC(964) Concurrent Mark From Roots
[3865.292s][info][gc,task        ] GC(964) Using 2 workers of 2 for marking
.[3866.225s][info][gc,marking     ] GC(964) Concurrent Mark From Roots 933.899ms
[3866.226s][info][gc,marking     ] GC(964) Concurrent Preclean
[3866.226s][info][gc,marking     ] GC(964) Concurrent Preclean 0.113ms
[3866.226s][info][gc,start       ] GC(964) Pause Remark
[3866.233s][info][gc             ] GC(964) Pause Remark 2365M->2365M(4096M) 7.031ms
[3866.233s][info][gc,cpu         ] GC(964) User=0.04s Sys=0.00s Real=0.00s
[3866.235s][info][gc,marking     ] GC(964) Concurrent Mark 943.324ms
[3866.235s][info][gc,marking     ] GC(964) Concurrent Rebuild Remembered Sets and Scrub Regions
[3866.542s][info][gc,marking     ] GC(964) Concurrent Rebuild Remembered Sets and Scrub Regions 307.202ms
[3866.545s][info][gc,start       ] GC(964) Pause Cleanup
[3866.545s][info][gc             ] GC(964) Pause Cleanup 2619M->2619M(4096M) 0.137ms
[3866.545s][info][gc,cpu         ] GC(964) User=0.00s Sys=0.00s Real=0.00s
[3866.545s][info][gc,marking     ] GC(964) Concurrent Clear Claimed Marks
[3866.545s][info][gc,marking     ] GC(964) Concurrent Clear Claimed Marks 0.023ms
[3866.545s][info][gc,marking     ] GC(964) Concurrent Cleanup for Next Mark
[3866.551s][info][gc,marking     ] GC(964) Concurrent Cleanup for Next Mark 6.198ms
[3866.552s][info][gc             ] GC(964) Concurrent Mark Cycle 1430.248ms
.[3867.713s][info][gc,start       ] GC(965) Pause Young (Prepare Mixed) (G1 Evacuation Pause)
[3867.713s][info][gc,task        ] GC(965) Using 6 workers of 6 for evacuation
[3867.834s][info][gc,phases      ] GC(965)   Pre Evacuate Collection Set: 0.34ms
[3867.834s][info][gc,phases      ] GC(965)   Merge Heap Roots: 0.50ms
[3867.834s][info][gc,phases      ] GC(965)   Evacuate Collection Set: 119.49ms
[3867.834s][info][gc,phases      ] GC(965)   Post Evacuate Collection Set: 0.94ms
[3867.834s][info][gc,phases      ] GC(965)   Other: 0.08ms
[3867.834s][info][gc,heap        ] GC(965) Eden regions: 1117->0(1107)
[3867.834s][info][gc,heap        ] GC(965) Survivor regions: 111->112(154)
[3867.834s][info][gc,heap        ] GC(965) Old regions: 503->534
[3867.834s][info][gc,heap        ] GC(965) Humongous regions: 80->80
[3867.834s][info][gc,metaspace   ] GC(965) Metaspace: 28946K(29376K)->28946K(29376K) NonClass: 24077K(24256K)->24077K(24256K) Class: 4869K(5120K)->4869K(5120K)
[3867.834s][info][gc             ] GC(965) Pause Young (Prepare Mixed) (G1 Evacuation Pause) 3619M->1449M(4096M) 121.481ms
[3867.835s][info][gc,cpu         ] GC(965) User=0.72s Sys=0.00s Real=0.12s
...[3870.373s][info][gc,start       ] GC(966) Pause Young (Mixed) (G1 Evacuation Pause)
[3870.373s][info][gc,task        ] GC(966) Using 6 workers of 6 for evacuation
[3870.511s][info][gc,phases      ] GC(966)   Pre Evacuate Collection Set: 0.37ms
[3870.511s][info][gc,phases      ] GC(966)   Merge Heap Roots: 0.78ms
[3870.511s][info][gc,phases      ] GC(966)   Evacuate Collection Set: 135.98ms
[3870.511s][info][gc,phases      ] GC(966)   Post Evacuate Collection Set: 0.95ms
[3870.511s][info][gc,phases      ] GC(966)   Other: 0.10ms
[3870.511s][info][gc,heap        ] GC(966) Eden regions: 1107->0(1118)
[3870.511s][info][gc,heap        ] GC(966) Survivor regions: 112->110(153)
[3870.511s][info][gc,heap        ] GC(966) Old regions: 534->473
[3870.511s][info][gc,heap        ] GC(966) Humongous regions: 80->80
[3870.511s][info][gc,metaspace   ] GC(966) Metaspace: 28946K(29376K)->28946K(29376K) NonClass: 24077K(24256K)->24077K(24256K) Class: 4869K(5120K)->4869K(5120K)
[3870.511s][info][gc             ] GC(966) Pause Young (Mixed) (G1 Evacuation Pause) 3663M->1323M(4096M) 138.314ms
[3870.511s][info][gc,cpu         ] GC(966) User=0.81s Sys=0.00s Real=0.14s
...[3873.092s][info][gc,start       ] GC(967) Pause Young (Concurrent Start) (G1 Evacuation Pause)
[3873.092s][info][gc,task        ] GC(967) Using 6 workers of 6 for evacuation
[3873.210s][info][gc,phases      ] GC(967)   Pre Evacuate Collection Set: 0.38ms
[3873.211s][info][gc,phases      ] GC(967)   Merge Heap Roots: 0.47ms
[3873.211s][info][gc,phases      ] GC(967)   Evacuate Collection Set: 116.91ms
[3873.211s][info][gc,phases      ] GC(967)   Post Evacuate Collection Set: 0.83ms
[3873.211s][info][gc,phases      ] GC(967)   Other: 0.10ms
[3873.211s][info][gc,heap        ] GC(967) Eden regions: 1118->0(1119)
[3873.211s][info][gc,heap        ] GC(967) Survivor regions: 110->109(154)
[3873.211s][info][gc,heap        ] GC(967) Old regions: 473->505
[3873.211s][info][gc,heap        ] GC(967) Humongous regions: 80->80
[3873.211s][info][gc,metaspace   ] GC(967) Metaspace: 28946K(29376K)->28946K(29376K) NonClass: 24077K(24256K)->24077K(24256K) Class: 4869K(5120K)->4869K(5120K)
[3873.211s][info][gc             ] GC(967) Pause Young (Concurrent Start) (G1 Evacuation Pause) 3559M->1386M(4096M) 118.818ms
[3873.211s][info][gc             ] GC(968) Concurrent Mark Cycle
[3873.211s][info][gc,marking     ] GC(968) Concurrent Scan Root Regions
[3873.211s][info][gc,cpu         ] GC(967) User=0.70s Sys=0.00s Real=0.12s
[3873.384s][info][gc,marking     ] GC(968) Concurrent Scan Root Regions 173.686ms
[3873.384s][info][gc,marking     ] GC(968) Concurrent Mark
[3873.384s][info][gc,marking     ] GC(968) Concurrent Mark From Roots
[3873.384s][info][gc,task        ] GC(968) Using 2 workers of 2 for marking
.[3874.260s][info][gc,marking     ] GC(968) Concurrent Mark From Roots 875.882ms
[3874.260s][info][gc,marking     ] GC(968) Concurrent Preclean
[3874.260s][info][gc,marking     ] GC(968) Concurrent Preclean 0.075ms
[3874.260s][info][gc,start       ] GC(968) Pause Remark
[3874.267s][info][gc             ] GC(968) Pause Remark 2320M->2320M(4096M) 6.914ms
[3874.267s][info][gc,cpu         ] GC(968) User=0.04s Sys=0.00s Real=0.01s
[3874.267s][info][gc,marking     ] GC(968) Concurrent Mark 883.113ms
[3874.267s][info][gc,marking     ] GC(968) Concurrent Rebuild Remembered Sets and Scrub Regions
[3874.519s][info][gc,marking     ] GC(968) Concurrent Rebuild Remembered Sets and Scrub Regions 251.534ms
[3874.519s][info][gc,start       ] GC(968) Pause Cleanup
[3874.519s][info][gc             ] GC(968) Pause Cleanup 2520M->2520M(4096M) 0.116ms
[3874.519s][info][gc,cpu         ] GC(968) User=0.00s Sys=0.00s Real=0.00s
[3874.519s][info][gc,marking     ] GC(968) Concurrent Clear Claimed Marks
[3874.519s][info][gc,marking     ] GC(968) Concurrent Clear Claimed Marks 0.021ms
[3874.519s][info][gc,marking     ] GC(968) Concurrent Cleanup for Next Mark
[3874.524s][info][gc,marking     ] GC(968) Concurrent Cleanup for Next Mark 4.225ms
[3874.524s][info][gc             ] GC(968) Concurrent Mark Cycle 1313.092ms
.[3875.828s][info][gc,start       ] GC(969) Pause Young (Prepare Mixed) (G1 Evacuation Pause)
[3875.828s][info][gc,task        ] GC(969) Using 6 workers of 6 for evacuation
[3875.947s][info][gc,phases      ] GC(969)   Pre Evacuate Collection Set: 0.36ms
[3875.947s][info][gc,phases      ] GC(969)   Merge Heap Roots: 0.50ms
[3875.947s][info][gc,phases      ] GC(969)   Evacuate Collection Set: 116.23ms
[3875.947s][info][gc,phases      ] GC(969)   Post Evacuate Collection Set: 0.94ms
[3875.947s][info][gc,phases      ] GC(969)   Other: 0.09ms
[3875.947s][info][gc,heap        ] GC(969) Eden regions: 1119->0(1110)
[3875.947s][info][gc,heap        ] GC(969) Survivor regions: 109->109(154)
[3875.947s][info][gc,heap        ] GC(969) Old regions: 505->537
[3875.947s][info][gc,heap        ] GC(969) Humongous regions: 80->80
[3875.947s][info][gc,metaspace   ] GC(969) Metaspace: 28946K(29376K)->28946K(29376K) NonClass: 24077K(24256K)->24077K(24256K) Class: 4869K(5120K)->4869K(5120K)
[3875.947s][info][gc             ] GC(969) Pause Young (Prepare Mixed) (G1 Evacuation Pause) 3624M->1449M(4096M) 118.247ms
[3875.947s][info][gc,cpu         ] GC(969) User=0.70s Sys=0.00s Real=0.12s
...[3878.562s][info][gc,start       ] GC(970) Pause Young (Mixed) (G1 Evacuation Pause)
[3878.562s][info][gc,task        ] GC(970) Using 6 workers of 6 for evacuation
[3878.696s][info][gc,phases      ] GC(970)   Pre Evacuate Collection Set: 0.38ms
[3878.696s][info][gc,phases      ] GC(970)   Merge Heap Roots: 0.70ms
[3878.696s][info][gc,phases      ] GC(970)   Evacuate Collection Set: 132.18ms
[3878.696s][info][gc,phases      ] GC(970)   Post Evacuate Collection Set: 0.95ms
[3878.696s][info][gc,phases      ] GC(970)   Other: 0.12ms
[3878.696s][info][gc,heap        ] GC(970) Eden regions: 1110->0(1118)
[3878.696s][info][gc,heap        ] GC(970) Survivor regions: 109->110(153)
[3878.696s][info][gc,heap        ] GC(970) Old regions: 537->472
[3878.696s][info][gc,heap        ] GC(970) Humongous regions: 80->80
[3878.696s][info][gc,metaspace   ] GC(970) Metaspace: 28946K(29376K)->28946K(29376K) NonClass: 24077K(24256K)->24077K(24256K) Class: 4869K(5120K)->4869K(5120K)
[3878.696s][info][gc             ] GC(970) Pause Young (Mixed) (G1 Evacuation Pause) 3669M->1320M(4096M) 134.470ms
[3878.696s][info][gc,cpu         ] GC(970) User=0.80s Sys=0.00s Real=0.14s
...[3881.310s][info][gc,start       ] GC(971) Pause Young (Concurrent Start) (G1 Evacuation Pause)
[3881.310s][info][gc,task        ] GC(971) Using 6 workers of 6 for evacuation
[3881.428s][info][gc,phases      ] GC(971)   Pre Evacuate Collection Set: 0.35ms
[3881.428s][info][gc,phases      ] GC(971)   Merge Heap Roots: 0.45ms
[3881.428s][info][gc,phases      ] GC(971)   Evacuate Collection Set: 116.11ms
[3881.428s][info][gc,phases      ] GC(971)   Post Evacuate Collection Set: 0.87ms
[3881.428s][info][gc,phases      ] GC(971)   Other: 0.11ms
[3881.428s][info][gc,heap        ] GC(971) Eden regions: 1118->0(1118)
[3881.428s][info][gc,heap        ] GC(971) Survivor regions: 110->110(154)
[3881.428s][info][gc,heap        ] GC(971) Old regions: 472->503
[3881.428s][info][gc,heap        ] GC(971) Humongous regions: 80->80
[3881.428s][info][gc,metaspace   ] GC(971) Metaspace: 28946K(29376K)->28946K(29376K) NonClass: 24077K(24256K)->24077K(24256K) Class: 4869K(5120K)->4869K(5120K)
[3881.428s][info][gc             ] GC(971) Pause Young (Concurrent Start) (G1 Evacuation Pause) 3556M->1384M(4096M) 118.026ms
[3881.428s][info][gc             ] GC(972) Concurrent Mark Cycle
[3881.428s][info][gc,marking     ] GC(972) Concurrent Scan Root Regions
[3881.428s][info][gc,cpu         ] GC(971) User=0.70s Sys=0.00s Real=0.12s
[3881.606s][info][gc,marking     ] GC(972) Concurrent Scan Root Regions 177.194ms
[3881.606s][info][gc,marking     ] GC(972) Concurrent Mark
[3881.606s][info][gc,marking     ] GC(972) Concurrent Mark From Roots
[3881.606s][info][gc,task        ] GC(972) Using 2 workers of 2 for marking
.[3882.567s][info][gc,marking     ] GC(972) Concurrent Mark From Roots 961.850ms
[3882.567s][info][gc,marking     ] GC(972) Concurrent Preclean
[3882.568s][info][gc,marking     ] GC(972) Concurrent Preclean 0.113ms
[3882.569s][info][gc,start       ] GC(972) Pause Remark
[3882.574s][info][gc             ] GC(972) Pause Remark 2426M->2426M(4096M) 5.963ms
[3882.575s][info][gc,cpu         ] GC(972) User=0.03s Sys=0.00s Real=0.00s
[3882.575s][info][gc,marking     ] GC(972) Concurrent Mark 969.049ms
[3882.575s][info][gc,marking     ] GC(972) Concurrent Rebuild Remembered Sets and Scrub Regions
[3882.830s][info][gc,marking     ] GC(972) Concurrent Rebuild Remembered Sets and Scrub Regions 255.642ms
[3882.830s][info][gc,start       ] GC(972) Pause Cleanup
[3882.831s][info][gc             ] GC(972) Pause Cleanup 2641M->2641M(4096M) 0.104ms
[3882.831s][info][gc,cpu         ] GC(972) User=0.00s Sys=0.00s Real=0.00s
[3882.831s][info][gc,marking     ] GC(972) Concurrent Clear Claimed Marks
[3882.831s][info][gc,marking     ] GC(972) Concurrent Clear Claimed Marks 0.023ms
[3882.831s][info][gc,marking     ] GC(972) Concurrent Cleanup for Next Mark
[3882.837s][info][gc,marking     ] GC(972) Concurrent Cleanup for Next Mark 6.298ms
[3882.837s][info][gc             ] GC(972) Concurrent Mark Cycle 1408.751ms
.[3884.001s][info][gc,start       ] GC(973) Pause Young (Prepare Mixed) (G1 Evacuation Pause)
[3884.001s][info][gc,task        ] GC(973) Using 6 workers of 6 for evacuation
[3884.119s][info][gc,phases      ] GC(973)   Pre Evacuate Collection Set: 0.34ms
[3884.119s][info][gc,phases      ] GC(973)   Merge Heap Roots: 0.54ms
[3884.119s][info][gc,phases      ] GC(973)   Evacuate Collection Set: 116.05ms
[3884.119s][info][gc,phases      ] GC(973)   Post Evacuate Collection Set: 0.94ms
[3884.119s][info][gc,phases      ] GC(973)   Other: 0.09ms
[3884.119s][info][gc,heap        ] GC(973) Eden regions: 1118->0(1110)
[3884.119s][info][gc,heap        ] GC(973) Survivor regions: 110->110(154)
[3884.119s][info][gc,heap        ] GC(973) Old regions: 503->535
[3884.119s][info][gc,heap        ] GC(973) Humongous regions: 80->80
[3884.119s][info][gc,metaspace   ] GC(973) Metaspace: 28946K(29376K)->28946K(29376K) NonClass: 24077K(24256K)->24077K(24256K) Class: 4869K(5120K)->4869K(5120K)
[3884.119s][info][gc             ] GC(973) Pause Young (Prepare Mixed) (G1 Evacuation Pause) 3620M->1447M(4096M) 118.105ms
[3884.119s][info][gc,cpu         ] GC(973) User=0.70s Sys=0.00s Real=0.12s
...[3886.675s][info][gc,start       ] GC(974) Pause Young (Mixed) (G1 Evacuation Pause)
[3886.675s][info][gc,task        ] GC(974) Using 6 workers of 6 for evacuation
[3886.810s][info][gc,phases      ] GC(974)   Pre Evacuate Collection Set: 0.37ms
[3886.810s][info][gc,phases      ] GC(974)   Merge Heap Roots: 0.67ms
[3886.810s][info][gc,phases      ] GC(974)   Evacuate Collection Set: 132.63ms
[3886.810s][info][gc,phases      ] GC(974)   Post Evacuate Collection Set: 0.96ms
[3886.810s][info][gc,phases      ] GC(974)   Other: 0.09ms
[3886.810s][info][gc,heap        ] GC(974) Eden regions: 1110->0(1118)
[3886.810s][info][gc,heap        ] GC(974) Survivor regions: 110->110(153)
[3886.810s][info][gc,heap        ] GC(974) Old regions: 535->470
[3886.810s][info][gc,heap        ] GC(974) Humongous regions: 80->80
[3886.810s][info][gc,metaspace   ] GC(974) Metaspace: 28946K(29376K)->28946K(29376K) NonClass: 24077K(24256K)->24077K(24256K) Class: 4869K(5120K)->4869K(5120K)
[3886.810s][info][gc             ] GC(974) Pause Young (Mixed) (G1 Evacuation Pause) 3667M->1317M(4096M) 134.858ms
[3886.810s][info][gc,cpu         ] GC(974) User=0.80s Sys=0.00s Real=0.14s
...[3889.420s][info][gc,start       ] GC(975) Pause Young (Concurrent Start) (G1 Evacuation Pause)
[3889.420s][info][gc,task        ] GC(975) Using 6 workers of 6 for evacuation
[3889.539s][info][gc,phases      ] GC(975)   Pre Evacuate Collection Set: 0.37ms
[3889.540s][info][gc,phases      ] GC(975)   Merge Heap Roots: 0.48ms
[3889.540s][info][gc,phases      ] GC(975)   Evacuate Collection Set: 117.65ms
[3889.540s][info][gc,phases      ] GC(975)   Post Evacuate Collection Set: 0.91ms
[3889.540s][info][gc,phases      ] GC(975)   Other: 0.12ms
[3889.540s][info][gc,heap        ] GC(975) Eden regions: 1118->0(1116)
[3889.540s][info][gc,heap        ] GC(975) Survivor regions: 110->112(154)
[3889.540s][info][gc,heap        ] GC(975) Old regions: 470->502
[3889.540s][info][gc,heap        ] GC(975) Humongous regions: 80->80
[3889.540s][info][gc,metaspace   ] GC(975) Metaspace: 28946K(29376K)->28946K(29376K) NonClass: 24077K(24256K)->24077K(24256K) Class: 4869K(5120K)->4869K(5120K)
[3889.540s][info][gc             ] GC(975) Pause Young (Concurrent Start) (G1 Evacuation Pause) 3553M->1385M(4096M) 119.656ms
[3889.540s][info][gc             ] GC(976) Concurrent Mark Cycle
[3889.540s][info][gc,marking     ] GC(976) Concurrent Scan Root Regions
[3889.540s][info][gc,cpu         ] GC(975) User=0.71s Sys=0.00s Real=0.12s
[3889.682s][info][gc,marking     ] GC(976) Concurrent Scan Root Regions 142.662ms
[3889.682s][info][gc,marking     ] GC(976) Concurrent Mark
[3889.682s][info][gc,marking     ] GC(976) Concurrent Mark From Roots
[3889.682s][info][gc,task        ] GC(976) Using 2 workers of 2 for marking
.[3890.406s][info][gc,marking     ] GC(976) Concurrent Mark From Roots 723.618ms
[3890.406s][info][gc,marking     ] GC(976) Concurrent Preclean
[3890.406s][info][gc,marking     ] GC(976) Concurrent Preclean 0.092ms
[3890.407s][info][gc,start       ] GC(976) Pause Remark
[3890.413s][info][gc             ] GC(976) Pause Remark 2145M->2145M(4096M) 6.051ms
[3890.413s][info][gc,cpu         ] GC(976) User=0.03s Sys=0.00s Real=0.00s
[3890.413s][info][gc,marking     ] GC(976) Concurrent Mark 730.922ms
[3890.413s][info][gc,marking     ] GC(976) Concurrent Rebuild Remembered Sets and Scrub Regions
[3890.791s][info][gc,marking     ] GC(976) Concurrent Rebuild Remembered Sets and Scrub Regions 377.924ms
[3890.791s][info][gc,start       ] GC(976) Pause Cleanup
[3890.791s][info][gc             ] GC(976) Pause Cleanup 2527M->2527M(4096M) 0.110ms
[3890.792s][info][gc,cpu         ] GC(976) User=0.00s Sys=0.00s Real=0.00s
[3890.792s][info][gc,marking     ] GC(976) Concurrent Clear Claimed Marks
[3890.792s][info][gc,marking     ] GC(976) Concurrent Clear Claimed Marks 0.040ms
[3890.792s][info][gc,marking     ] GC(976) Concurrent Cleanup for Next Mark
[3890.799s][info][gc,marking     ] GC(976) Concurrent Cleanup for Next Mark 6.367ms
[3890.799s][info][gc             ] GC(976) Concurrent Mark Cycle 1259.275ms
.[3892.070s][info][gc,start       ] GC(977) Pause Young (Prepare Mixed) (G1 Evacuation Pause)
[3892.070s][info][gc,task        ] GC(977) Using 6 workers of 6 for evacuation
[3892.186s][info][gc,phases      ] GC(977)   Pre Evacuate Collection Set: 0.34ms
[3892.186s][info][gc,phases      ] GC(977)   Merge Heap Roots: 0.50ms
[3892.186s][info][gc,phases      ] GC(977)   Evacuate Collection Set: 113.96ms
[3892.186s][info][gc,phases      ] GC(977)   Post Evacuate Collection Set: 0.96ms
[3892.186s][info][gc,phases      ] GC(977)   Other: 0.09ms
[3892.186s][info][gc,heap        ] GC(977) Eden regions: 1116->0(1116)
[3892.186s][info][gc,heap        ] GC(977) Survivor regions: 112->108(154)
[3892.186s][info][gc,heap        ] GC(977) Old regions: 502->533
[3892.186s][info][gc,heap        ] GC(977) Humongous regions: 80->80
[3892.186s][info][gc,metaspace   ] GC(977) Metaspace: 28946K(29376K)->28946K(29376K) NonClass: 24077K(24256K)->24077K(24256K) Class: 4869K(5120K)->4869K(5120K)
[3892.186s][info][gc             ] GC(977) Pause Young (Prepare Mixed) (G1 Evacuation Pause) 3617M->1440M(4096M) 115.997ms
[3892.186s][info][gc,cpu         ] GC(977) User=0.68s Sys=0.00s Real=0.12s
...[3894.830s][info][gc,start       ] GC(978) Pause Young (Mixed) (G1 Evacuation Pause)
[3894.830s][info][gc,task        ] GC(978) Using 6 workers of 6 for evacuation
[3894.965s][info][gc,phases      ] GC(978)   Pre Evacuate Collection Set: 0.40ms
[3894.965s][info][gc,phases      ] GC(978)   Merge Heap Roots: 0.64ms
[3894.965s][info][gc,phases      ] GC(978)   Evacuate Collection Set: 132.78ms
[3894.965s][info][gc,phases      ] GC(978)   Post Evacuate Collection Set: 0.97ms
[3894.965s][info][gc,phases      ] GC(978)   Other: 0.09ms
[3894.965s][info][gc,heap        ] GC(978) Eden regions: 1116->0(1118)
[3894.965s][info][gc,heap        ] GC(978) Survivor regions: 108->110(153)
[3894.965s][info][gc,heap        ] GC(978) Old regions: 533->473
[3894.965s][info][gc,heap        ] GC(978) Humongous regions: 80->80
[3894.965s][info][gc,metaspace   ] GC(978) Metaspace: 28946K(29376K)->28946K(29376K) NonClass: 24077K(24256K)->24077K(24256K) Class: 4869K(5120K)->4869K(5120K)
[3894.965s][info][gc             ] GC(978) Pause Young (Mixed) (G1 Evacuation Pause) 3672M->1322M(4096M) 135.009ms
[3894.965s][info][gc,cpu         ] GC(978) User=0.80s Sys=0.00s Real=0.13s
...[3897.553s][info][gc,start       ] GC(979) Pause Young (Concurrent Start) (G1 Evacuation Pause)
[3897.553s][info][gc,task        ] GC(979) Using 6 workers of 6 for evacuation
[3897.674s][info][gc,phases      ] GC(979)   Pre Evacuate Collection Set: 0.41ms
[3897.674s][info][gc,phases      ] GC(979)   Merge Heap Roots: 0.47ms
[3897.674s][info][gc,phases      ] GC(979)   Evacuate Collection Set: 119.73ms
[3897.674s][info][gc,phases      ] GC(979)   Post Evacuate Collection Set: 0.88ms
[3897.674s][info][gc,phases      ] GC(979)   Other: 0.12ms
[3897.674s][info][gc,heap        ] GC(979) Eden regions: 1118->0(1114)
[3897.674s][info][gc,heap        ] GC(979) Survivor regions: 110->114(154)
[3897.674s][info][gc,heap        ] GC(979) Old regions: 473->504
[3897.674s][info][gc,heap        ] GC(979) Humongous regions: 80->80
[3897.674s][info][gc,metaspace   ] GC(979) Metaspace: 28946K(29376K)->28946K(29376K) NonClass: 24077K(24256K)->24077K(24256K) Class: 4869K(5120K)->4869K(5120K)
[3897.674s][info][gc             ] GC(979) Pause Young (Concurrent Start) (G1 Evacuation Pause) 3558M->1392M(4096M) 121.750ms
[3897.674s][info][gc             ] GC(980) Concurrent Mark Cycle
[3897.674s][info][gc,marking     ] GC(980) Concurrent Scan Root Regions
[3897.674s][info][gc,cpu         ] GC(979) User=0.72s Sys=0.00s Real=0.12s
[3897.854s][info][gc,marking     ] GC(980) Concurrent Scan Root Regions 179.305ms
[3897.854s][info][gc,marking     ] GC(980) Concurrent Mark
[3897.854s][info][gc,marking     ] GC(980) Concurrent Mark From Roots
[3897.854s][info][gc,task        ] GC(980) Using 2 workers of 2 for marking
.[3898.808s][info][gc,marking     ] GC(980) Concurrent Mark From Roots 954.423ms
[3898.808s][info][gc,marking     ] GC(980) Concurrent Preclean
[3898.808s][info][gc,marking     ] GC(980) Concurrent Preclean 0.106ms
[3898.809s][info][gc,start       ] GC(980) Pause Remark
[3898.816s][info][gc             ] GC(980) Pause Remark 2411M->2411M(4096M) 7.139ms
[3898.816s][info][gc,cpu         ] GC(980) User=0.04s Sys=0.00s Real=0.01s
[3898.816s][info][gc,marking     ] GC(980) Concurrent Mark 962.254ms
[3898.816s][info][gc,marking     ] GC(980) Concurrent Rebuild Remembered Sets and Scrub Regions
.[3899.220s][info][gc,marking     ] GC(980) Concurrent Rebuild Remembered Sets and Scrub Regions 403.468ms
[3899.220s][info][gc,start       ] GC(980) Pause Cleanup
[3899.220s][info][gc             ] GC(980) Pause Cleanup 2782M->2782M(4096M) 0.115ms
[3899.220s][info][gc,cpu         ] GC(980) User=0.00s Sys=0.00s Real=0.00s
[3899.220s][info][gc,marking     ] GC(980) Concurrent Clear Claimed Marks
[3899.220s][info][gc,marking     ] GC(980) Concurrent Clear Claimed Marks 0.024ms
[3899.220s][info][gc,marking     ] GC(980) Concurrent Cleanup for Next Mark
[3899.224s][info][gc,marking     ] GC(980) Concurrent Cleanup for Next Mark 3.702ms
[3899.224s][info][gc             ] GC(980) Concurrent Mark Cycle 1549.283ms
.[3900.237s][info][gc,start       ] GC(981) Pause Young (Prepare Mixed) (G1 Evacuation Pause)
[3900.237s][info][gc,task        ] GC(981) Using 6 workers of 6 for evacuation
[3900.354s][info][gc,phases      ] GC(981)   Pre Evacuate Collection Set: 0.33ms
[3900.354s][info][gc,phases      ] GC(981)   Merge Heap Roots: 0.50ms
[3900.354s][info][gc,phases      ] GC(981)   Evacuate Collection Set: 114.94ms
[3900.354s][info][gc,phases      ] GC(981)   Post Evacuate Collection Set: 0.94ms
[3900.354s][info][gc,phases      ] GC(981)   Other: 0.09ms
[3900.354s][info][gc,heap        ] GC(981) Eden regions: 1114->0(1111)
[3900.354s][info][gc,heap        ] GC(981) Survivor regions: 114->109(154)
[3900.354s][info][gc,heap        ] GC(981) Old regions: 504->536
[3900.354s][info][gc,heap        ] GC(981) Humongous regions: 80->80
[3900.354s][info][gc,metaspace   ] GC(981) Metaspace: 28946K(29376K)->28946K(29376K) NonClass: 24077K(24256K)->24077K(24256K) Class: 4869K(5120K)->4869K(5120K)
[3900.354s][info][gc             ] GC(981) Pause Young (Prepare Mixed) (G1 Evacuation Pause) 3620M->1447M(4096M) 116.924ms
[3900.354s][info][gc,cpu         ] GC(981) User=0.69s Sys=0.00s Real=0.11s
..[3902.981s][info][gc,start       ] GC(982) Pause Young (Mixed) (G1 Evacuation Pause)
[3902.981s][info][gc,task        ] GC(982) Using 6 workers of 6 for evacuation
[3903.114s][info][gc,phases      ] GC(982)   Pre Evacuate Collection Set: 0.39ms
[3903.114s][info][gc,phases      ] GC(982)   Merge Heap Roots: 0.72ms
[3903.114s][info][gc,phases      ] GC(982)   Evacuate Collection Set: 131.55ms
[3903.114s][info][gc,phases      ] GC(982)   Post Evacuate Collection Set: 0.94ms
[3903.114s][info][gc,phases      ] GC(982)   Other: 0.10ms
[3903.114s][info][gc,heap        ] GC(982) Eden regions: 1111->0(1118)
[3903.114s][info][gc,heap        ] GC(982) Survivor regions: 109->110(153)
[3903.114s][info][gc,heap        ] GC(982) Old regions: 536->472
[3903.114s][info][gc,heap        ] GC(982) Humongous regions: 80->80
[3903.114s][info][gc,metaspace   ] GC(982) Metaspace: 28946K(29376K)->28946K(29376K) NonClass: 24077K(24256K)->24077K(24256K) Class: 4869K(5120K)->4869K(5120K)
[3903.114s][info][gc             ] GC(982) Pause Young (Mixed) (G1 Evacuation Pause) 3669M->1320M(4096M) 133.852ms
[3903.115s][info][gc,cpu         ] GC(982) User=0.79s Sys=0.00s Real=0.13s
...[3905.712s][info][gc,start       ] GC(983) Pause Young (Concurrent Start) (G1 Evacuation Pause)
[3905.712s][info][gc,task        ] GC(983) Using 6 workers of 6 for evacuation
[3905.830s][info][gc,phases      ] GC(983)   Pre Evacuate Collection Set: 0.39ms
[3905.830s][info][gc,phases      ] GC(983)   Merge Heap Roots: 0.48ms
[3905.830s][info][gc,phases      ] GC(983)   Evacuate Collection Set: 115.99ms
[3905.830s][info][gc,phases      ] GC(983)   Post Evacuate Collection Set: 0.89ms
[3905.830s][info][gc,phases      ] GC(983)   Other: 0.12ms
[3905.830s][info][gc,heap        ] GC(983) Eden regions: 1118->0(1117)
[3905.830s][info][gc,heap        ] GC(983) Survivor regions: 110->111(154)
[3905.830s][info][gc,heap        ] GC(983) Old regions: 472->503
[3905.830s][info][gc,heap        ] GC(983) Humongous regions: 80->80
[3905.830s][info][gc,metaspace   ] GC(983) Metaspace: 28946K(29376K)->28946K(29376K) NonClass: 24077K(24256K)->24077K(24256K) Class: 4869K(5120K)->4869K(5120K)
[3905.830s][info][gc             ] GC(983) Pause Young (Concurrent Start) (G1 Evacuation Pause) 3556M->1386M(4096M) 118.010ms
[3905.830s][info][gc             ] GC(984) Concurrent Mark Cycle
[3905.830s][info][gc,marking     ] GC(984) Concurrent Scan Root Regions
[3905.830s][info][gc,cpu         ] GC(983) User=0.70s Sys=0.00s Real=0.12s
[3906.005s][info][gc,marking     ] GC(984) Concurrent Scan Root Regions 175.264ms
[3906.005s][info][gc,marking     ] GC(984) Concurrent Mark
[3906.005s][info][gc,marking     ] GC(984) Concurrent Mark From Roots
[3906.005s][info][gc,task        ] GC(984) Using 2 workers of 2 for marking
.[3906.954s][info][gc,marking     ] GC(984) Concurrent Mark From Roots 948.807ms
[3906.954s][info][gc,marking     ] GC(984) Concurrent Preclean
[3906.954s][info][gc,marking     ] GC(984) Concurrent Preclean 0.118ms
[3906.954s][info][gc,start       ] GC(984) Pause Remark
[3906.961s][info][gc             ] GC(984) Pause Remark 2399M->2399M(4096M) 6.833ms
[3906.961s][info][gc,cpu         ] GC(984) User=0.04s Sys=0.00s Real=0.01s
[3906.961s][info][gc,marking     ] GC(984) Concurrent Mark 956.089ms
[3906.961s][info][gc,marking     ] GC(984) Concurrent Rebuild Remembered Sets and Scrub Regions
[3907.325s][info][gc,marking     ] GC(984) Concurrent Rebuild Remembered Sets and Scrub Regions 363.628ms
[3907.326s][info][gc,start       ] GC(984) Pause Cleanup
[3907.326s][info][gc             ] GC(984) Pause Cleanup 2727M->2727M(4096M) 0.113ms
[3907.326s][info][gc,cpu         ] GC(984) User=0.00s Sys=0.00s Real=0.00s
[3907.326s][info][gc,marking     ] GC(984) Concurrent Clear Claimed Marks
[3907.326s][info][gc,marking     ] GC(984) Concurrent Clear Claimed Marks 0.033ms
[3907.326s][info][gc,marking     ] GC(984) Concurrent Cleanup for Next Mark
[3907.333s][info][gc,marking     ] GC(984) Concurrent Cleanup for Next Mark 6.768ms
[3907.333s][info][gc             ] GC(984) Concurrent Mark Cycle 1502.806ms
.[3908.383s][info][gc,start       ] GC(985) Pause Young (Prepare Mixed) (G1 Evacuation Pause)
[3908.383s][info][gc,task        ] GC(985) Using 6 workers of 6 for evacuation
[3908.504s][info][gc,phases      ] GC(985)   Pre Evacuate Collection Set: 0.32ms
[3908.504s][info][gc,phases      ] GC(985)   Merge Heap Roots: 0.52ms
[3908.504s][info][gc,phases      ] GC(985)   Evacuate Collection Set: 119.40ms
[3908.504s][info][gc,phases      ] GC(985)   Post Evacuate Collection Set: 0.96ms
[3908.504s][info][gc,phases      ] GC(985)   Other: 0.08ms
[3908.504s][info][gc,heap        ] GC(985) Eden regions: 1117->0(1107)
[3908.504s][info][gc,heap        ] GC(985) Survivor regions: 111->111(154)
[3908.504s][info][gc,heap        ] GC(985) Old regions: 503->536
[3908.504s][info][gc,heap        ] GC(985) Humongous regions: 80->80
[3908.504s][info][gc,metaspace   ] GC(985) Metaspace: 28946K(29376K)->28946K(29376K) NonClass: 24077K(24256K)->24077K(24256K) Class: 4869K(5120K)->4869K(5120K)
[3908.504s][info][gc             ] GC(985) Pause Young (Prepare Mixed) (G1 Evacuation Pause) 3620M->1451M(4096M) 121.429ms
[3908.504s][info][gc,cpu         ] GC(985) User=0.71s Sys=0.00s Real=0.12s
...[3911.129s][info][gc,start       ] GC(986) Pause Young (Mixed) (G1 Evacuation Pause)
[3911.129s][info][gc,task        ] GC(986) Using 6 workers of 6 for evacuation
[3911.267s][info][gc,phases      ] GC(986)   Pre Evacuate Collection Set: 0.39ms
[3911.267s][info][gc,phases      ] GC(986)   Merge Heap Roots: 0.65ms
[3911.267s][info][gc,phases      ] GC(986)   Evacuate Collection Set: 135.88ms
[3911.267s][info][gc,phases      ] GC(986)   Post Evacuate Collection Set: 0.95ms
[3911.267s][info][gc,phases      ] GC(986)   Other: 0.09ms
[3911.267s][info][gc,heap        ] GC(986) Eden regions: 1107->0(1117)
[3911.267s][info][gc,heap        ] GC(986) Survivor regions: 111->111(153)
[3911.267s][info][gc,heap        ] GC(986) Old regions: 536->473
[3911.267s][info][gc,heap        ] GC(986) Humongous regions: 80->80
[3911.267s][info][gc,metaspace   ] GC(986) Metaspace: 28946K(29376K)->28946K(29376K) NonClass: 24077K(24256K)->24077K(24256K) Class: 4869K(5120K)->4869K(5120K)
[3911.267s][info][gc             ] GC(986) Pause Young (Mixed) (G1 Evacuation Pause) 3665M->1325M(4096M) 138.101ms
[3911.268s][info][gc,cpu         ] GC(986) User=0.82s Sys=0.01s Real=0.14s
...[3913.839s][info][gc,start       ] GC(987) Pause Young (Concurrent Start) (G1 Evacuation Pause)
[3913.839s][info][gc,task        ] GC(987) Using 6 workers of 6 for evacuation
[3913.956s][info][gc,phases      ] GC(987)   Pre Evacuate Collection Set: 0.37ms
[3913.956s][info][gc,phases      ] GC(987)   Merge Heap Roots: 0.46ms
[3913.956s][info][gc,phases      ] GC(987)   Evacuate Collection Set: 114.33ms
[3913.956s][info][gc,phases      ] GC(987)   Post Evacuate Collection Set: 0.89ms
[3913.956s][info][gc,phases      ] GC(987)   Other: 0.11ms
[3913.956s][info][gc,heap        ] GC(987) Eden regions: 1117->0(1120)
[3913.956s][info][gc,heap        ] GC(987) Survivor regions: 111->108(154)
[3913.956s][info][gc,heap        ] GC(987) Old regions: 473->504
[3913.956s][info][gc,heap        ] GC(987) Humongous regions: 80->80
[3913.956s][info][gc,metaspace   ] GC(987) Metaspace: 28946K(29376K)->28946K(29376K) NonClass: 24077K(24256K)->24077K(24256K) Class: 4869K(5120K)->4869K(5120K)
[3913.956s][info][gc             ] GC(987) Pause Young (Concurrent Start) (G1 Evacuation Pause) 3559M->1381M(4096M) 116.304ms
[3913.956s][info][gc             ] GC(988) Concurrent Mark Cycle
[3913.956s][info][gc,marking     ] GC(988) Concurrent Scan Root Regions
[3913.956s][info][gc,cpu         ] GC(987) User=0.69s Sys=0.00s Real=0.11s
[3914.124s][info][gc,marking     ] GC(988) Concurrent Scan Root Regions 168.220ms
[3914.124s][info][gc,marking     ] GC(988) Concurrent Mark
[3914.124s][info][gc,marking     ] GC(988) Concurrent Mark From Roots
[3914.124s][info][gc,task        ] GC(988) Using 2 workers of 2 for marking
. (rIR:aIR:PR = 6918:6921:6921) (tPR = 102938) [OK] 
  3914s: Performance info:
         Transaction,    Success,    Partial,     Failed,   Receipts, AvgBarcode, 
             Overall,     421833,          0,          0,     400791,      59.47, 
         Response times:
             Request,    Success,    Partial,     Failed,   SkipFail,     Probes,    Samples,      min,      p50,      p90,      p95,      p99,      max, 
       TotalPurchase,     400787,          0,          0,          0,     362784,     396943,      300,     5800,    43000,    73000,   142000,   286000,
     InStorePurchase,     210965,          0,          0,          0,     191229,     208859,      300,     5700,    43000,    72000,   141000,   286000,
      OnlinePurchase,     147604,          0,          0,          0,     133107,     145678,      300,     5900,    43000,    73000,   142000,   286000,
        InstPurchase,      42218,          0,          0,          0,      38448,      42406,      400,     6400,    45000,    75000,   142000,   276000,
          AssocOfCat,        423,          0,          0,          0,        344,        487,    25000,    40000,   122400,   155000,   204120,   303000,
      AssocOfProduct,       4226,          0,          0,          0,       3979,       4504,      700,     6300,    44000,    73000,   135000,   224000,
      BusinessReport,       1050,          0,          0,          0,        906,       1116,    27000,    42000,   112300,   149450,   201830,   261000,
          CustBuyBeh,       4214,          0,          0,          0,       3913,       4493,      200,     4600,    39000,    66300,   133060,   237000,
       ProductReturn,      11129,          0,          0,          0,       9435,      10479,      200,     4800,    41000,    70000,   131200,   276000,

  3914s: (51%)   IR =   7057 [3915.114s][info][gc,marking     ] GC(988) Concurrent Mark From Roots 989.691ms
[3915.114s][info][gc,marking     ] GC(988) Concurrent Preclean
[3915.114s][info][gc,marking     ] GC(988) Concurrent Preclean 0.114ms
[3915.115s][info][gc,start       ] GC(988) Pause Remark
[3915.121s][info][gc             ] GC(988) Pause Remark 2325M->2325M(4096M) 5.546ms
[3915.121s][info][gc,cpu         ] GC(988) User=0.04s Sys=0.00s Real=0.01s
[3915.121s][info][gc,marking     ] GC(988) Concurrent Mark 997.239ms
[3915.121s][info][gc,marking     ] GC(988) Concurrent Rebuild Remembered Sets and Scrub Regions
[3915.373s][info][gc,marking     ] GC(988) Concurrent Rebuild Remembered Sets and Scrub Regions 251.756ms
[3915.374s][info][gc,start       ] GC(988) Pause Cleanup
[3915.374s][info][gc             ] GC(988) Pause Cleanup 2538M->2538M(4096M) 0.111ms
[3915.374s][info][gc,cpu         ] GC(988) User=0.00s Sys=0.00s Real=0.00s
[3915.374s][info][gc,marking     ] GC(988) Concurrent Clear Claimed Marks
[3915.374s][info][gc,marking     ] GC(988) Concurrent Clear Claimed Marks 0.028ms
[3915.374s][info][gc,marking     ] GC(988) Concurrent Cleanup for Next Mark
[3915.379s][info][gc,marking     ] GC(988) Concurrent Cleanup for Next Mark 4.799ms
[3915.379s][info][gc             ] GC(988) Concurrent Mark Cycle 1423.105ms
.[3916.627s][info][gc,start       ] GC(989) Pause Young (Prepare Mixed) (G1 Evacuation Pause)
[3916.627s][info][gc,task        ] GC(989) Using 6 workers of 6 for evacuation
[3916.749s][info][gc,phases      ] GC(989)   Pre Evacuate Collection Set: 0.35ms
[3916.749s][info][gc,phases      ] GC(989)   Merge Heap Roots: 0.53ms
[3916.749s][info][gc,phases      ] GC(989)   Evacuate Collection Set: 119.47ms
[3916.749s][info][gc,phases      ] GC(989)   Post Evacuate Collection Set: 0.92ms
[3916.749s][info][gc,phases      ] GC(989)   Other: 0.09ms
[3916.749s][info][gc,heap        ] GC(989) Eden regions: 1120->0(1105)
[3916.749s][info][gc,heap        ] GC(989) Survivor regions: 108->112(154)
[3916.749s][info][gc,heap        ] GC(989) Old regions: 504->536
[3916.749s][info][gc,heap        ] GC(989) Humongous regions: 80->80
[3916.749s][info][gc,metaspace   ] GC(989) Metaspace: 28946K(29376K)->28946K(29376K) NonClass: 24077K(24256K)->24077K(24256K) Class: 4869K(5120K)->4869K(5120K)
[3916.749s][info][gc             ] GC(989) Pause Young (Prepare Mixed) (G1 Evacuation Pause) 3621M->1453M(4096M) 121.505ms
[3916.749s][info][gc,cpu         ] GC(989) User=0.72s Sys=0.00s Real=0.12s
...[3919.321s][info][gc,start       ] GC(990) Pause Young (Mixed) (G1 Evacuation Pause)
[3919.321s][info][gc,task        ] GC(990) Using 6 workers of 6 for evacuation
[3919.463s][info][gc,phases      ] GC(990)   Pre Evacuate Collection Set: 0.38ms
[3919.463s][info][gc,phases      ] GC(990)   Merge Heap Roots: 0.65ms
[3919.463s][info][gc,phases      ] GC(990)   Evacuate Collection Set: 139.94ms
[3919.463s][info][gc,phases      ] GC(990)   Post Evacuate Collection Set: 0.82ms
[3919.463s][info][gc,phases      ] GC(990)   Other: 0.09ms
[3919.463s][info][gc,heap        ] GC(990) Eden regions: 1105->0(1112)
[3919.463s][info][gc,heap        ] GC(990) Survivor regions: 112->116(153)
[3919.463s][info][gc,heap        ] GC(990) Old regions: 536->471
[3919.463s][info][gc,heap        ] GC(990) Humongous regions: 80->80
[3919.463s][info][gc,metaspace   ] GC(990) Metaspace: 28946K(29376K)->28946K(29376K) NonClass: 24077K(24256K)->24077K(24256K) Class: 4869K(5120K)->4869K(5120K)
[3919.463s][info][gc             ] GC(990) Pause Young (Mixed) (G1 Evacuation Pause) 3663M->1331M(4096M) 142.002ms
[3919.463s][info][gc,cpu         ] GC(990) User=0.84s Sys=0.00s Real=0.14s
..|.[3921.950s][info][gc,start       ] GC(991) Pause Young (Concurrent Start) (G1 Evacuation Pause)
[3921.950s][info][gc,task        ] GC(991) Using 6 workers of 6 for evacuation
[3922.065s][info][gc,phases      ] GC(991)   Pre Evacuate Collection Set: 0.37ms
[3922.065s][info][gc,phases      ] GC(991)   Merge Heap Roots: 0.45ms
[3922.065s][info][gc,phases      ] GC(991)   Evacuate Collection Set: 112.81ms
[3922.065s][info][gc,phases      ] GC(991)   Post Evacuate Collection Set: 0.88ms
[3922.065s][info][gc,phases      ] GC(991)   Other: 0.11ms
[3922.065s][info][gc,heap        ] GC(991) Eden regions: 1112->0(1121)
[3922.065s][info][gc,heap        ] GC(991) Survivor regions: 116->107(154)
[3922.065s][info][gc,heap        ] GC(991) Old regions: 471->505
[3922.065s][info][gc,heap        ] GC(991) Humongous regions: 80->80
[3922.065s][info][gc,metaspace   ] GC(991) Metaspace: 28946K(29376K)->28946K(29376K) NonClass: 24077K(24256K)->24077K(24256K) Class: 4869K(5120K)->4869K(5120K)
[3922.065s][info][gc             ] GC(991) Pause Young (Concurrent Start) (G1 Evacuation Pause) 3555M->1380M(4096M) 114.760ms
[3922.065s][info][gc             ] GC(992) Concurrent Mark Cycle
[3922.065s][info][gc,marking     ] GC(992) Concurrent Scan Root Regions
[3922.065s][info][gc,cpu         ] GC(991) User=0.67s Sys=0.00s Real=0.11s
[3922.199s][info][gc,marking     ] GC(992) Concurrent Scan Root Regions 134.070ms
[3922.199s][info][gc,marking     ] GC(992) Concurrent Mark
[3922.199s][info][gc,marking     ] GC(992) Concurrent Mark From Roots
[3922.199s][info][gc,task        ] GC(992) Using 2 workers of 2 for marking
.[3922.940s][info][gc,marking     ] GC(992) Concurrent Mark From Roots 740.826ms
[3922.940s][info][gc,marking     ] GC(992) Concurrent Preclean
[3922.940s][info][gc,marking     ] GC(992) Concurrent Preclean 0.118ms
[3922.941s][info][gc,start       ] GC(992) Pause Remark
[3922.946s][info][gc             ] GC(992) Pause Remark 2122M->2122M(4096M) 5.333ms
[3922.946s][info][gc,cpu         ] GC(992) User=0.03s Sys=0.00s Real=0.01s
[3922.946s][info][gc,marking     ] GC(992) Concurrent Mark 746.891ms
[3922.946s][info][gc,marking     ] GC(992) Concurrent Rebuild Remembered Sets and Scrub Regions
[3923.215s][info][gc,marking     ] GC(992) Concurrent Rebuild Remembered Sets and Scrub Regions 268.892ms
[3923.216s][info][gc,start       ] GC(992) Pause Cleanup
[3923.216s][info][gc             ] GC(992) Pause Cleanup 2382M->2382M(4096M) 0.125ms
[3923.216s][info][gc,cpu         ] GC(992) User=0.00s Sys=0.00s Real=0.01s
[3923.217s][info][gc,marking     ] GC(992) Concurrent Clear Claimed Marks
[3923.217s][info][gc,marking     ] GC(992) Concurrent Clear Claimed Marks 0.032ms
[3923.217s][info][gc,marking     ] GC(992) Concurrent Cleanup for Next Mark
[3923.221s][info][gc,marking     ] GC(992) Concurrent Cleanup for Next Mark 4.670ms
[3923.221s][info][gc             ] GC(992) Concurrent Mark Cycle 1156.331ms
.[3924.700s][info][gc,start       ] GC(993) Pause Young (Prepare Mixed) (G1 Evacuation Pause)
[3924.700s][info][gc,task        ] GC(993) Using 6 workers of 6 for evacuation
[3924.819s][info][gc,phases      ] GC(993)   Pre Evacuate Collection Set: 0.35ms
[3924.819s][info][gc,phases      ] GC(993)   Merge Heap Roots: 0.51ms
[3924.819s][info][gc,phases      ] GC(993)   Evacuate Collection Set: 117.31ms
[3924.819s][info][gc,phases      ] GC(993)   Post Evacuate Collection Set: 0.91ms
[3924.819s][info][gc,phases      ] GC(993)   Other: 0.08ms
[3924.819s][info][gc,heap        ] GC(993) Eden regions: 1121->0(1106)
[3924.819s][info][gc,heap        ] GC(993) Survivor regions: 107->111(154)
[3924.819s][info][gc,heap        ] GC(993) Old regions: 505->537
[3924.819s][info][gc,heap        ] GC(993) Humongous regions: 80->80
[3924.819s][info][gc,metaspace   ] GC(993) Metaspace: 28946K(29376K)->28946K(29376K) NonClass: 24077K(24256K)->24077K(24256K) Class: 4869K(5120K)->4869K(5120K)
[3924.819s][info][gc             ] GC(993) Pause Young (Prepare Mixed) (G1 Evacuation Pause) 3622M->1453M(4096M) 119.300ms
[3924.819s][info][gc,cpu         ] GC(993) User=0.71s Sys=0.00s Real=0.12s
...[3927.305s][info][gc,start       ] GC(994) Pause Young (Mixed) (G1 Evacuation Pause)
[3927.306s][info][gc,task        ] GC(994) Using 6 workers of 6 for evacuation
[3927.442s][info][gc,phases      ] GC(994)   Pre Evacuate Collection Set: 0.38ms
[3927.442s][info][gc,phases      ] GC(994)   Merge Heap Roots: 0.65ms
[3927.442s][info][gc,phases      ] GC(994)   Evacuate Collection Set: 134.18ms
[3927.442s][info][gc,phases      ] GC(994)   Post Evacuate Collection Set: 0.97ms
[3927.442s][info][gc,phases      ] GC(994)   Other: 0.09ms
[3927.442s][info][gc,heap        ] GC(994) Eden regions: 1106->0(1115)
[3927.442s][info][gc,heap        ] GC(994) Survivor regions: 111->113(153)
[3927.442s][info][gc,heap        ] GC(994) Old regions: 537->473
[3927.442s][info][gc,heap        ] GC(994) Humongous regions: 80->80
[3927.442s][info][gc,metaspace   ] GC(994) Metaspace: 28946K(29376K)->28946K(29376K) NonClass: 24077K(24256K)->24077K(24256K) Class: 4869K(5120K)->4869K(5120K)
[3927.442s][info][gc             ] GC(994) Pause Young (Mixed) (G1 Evacuation Pause) 3665M->1330M(4096M) 136.415ms
[3927.442s][info][gc,cpu         ] GC(994) User=0.81s Sys=0.00s Real=0.14s
...[3930.017s][info][gc,start       ] GC(995) Pause Young (Concurrent Start) (G1 Evacuation Pause)
[3930.018s][info][gc,task        ] GC(995) Using 6 workers of 6 for evacuation
[3930.136s][info][gc,phases      ] GC(995)   Pre Evacuate Collection Set: 0.37ms
[3930.136s][info][gc,phases      ] GC(995)   Merge Heap Roots: 0.43ms
[3930.136s][info][gc,phases      ] GC(995)   Evacuate Collection Set: 116.98ms
[3930.136s][info][gc,phases      ] GC(995)   Post Evacuate Collection Set: 0.89ms
[3930.136s][info][gc,phases      ] GC(995)   Other: 0.10ms
[3930.136s][info][gc,heap        ] GC(995) Eden regions: 1115->0(1117)
[3930.136s][info][gc,heap        ] GC(995) Survivor regions: 113->111(154)
[3930.136s][info][gc,heap        ] GC(995) Old regions: 473->506
[3930.136s][info][gc,heap        ] GC(995) Humongous regions: 80->80
[3930.136s][info][gc,metaspace   ] GC(995) Metaspace: 28946K(29376K)->28946K(29376K) NonClass: 24077K(24256K)->24077K(24256K) Class: 4869K(5120K)->4869K(5120K)
[3930.136s][info][gc             ] GC(995) Pause Young (Concurrent Start) (G1 Evacuation Pause) 3560M->1391M(4096M) 118.898ms
[3930.136s][info][gc             ] GC(996) Concurrent Mark Cycle
[3930.136s][info][gc,marking     ] GC(996) Concurrent Scan Root Regions
[3930.136s][info][gc,cpu         ] GC(995) User=0.70s Sys=0.00s Real=0.12s
[3930.309s][info][gc,marking     ] GC(996) Concurrent Scan Root Regions 173.012ms
[3930.309s][info][gc,marking     ] GC(996) Concurrent Mark
[3930.310s][info][gc,marking     ] GC(996) Concurrent Mark From Roots
[3930.310s][info][gc,task        ] GC(996) Using 2 workers of 2 for marking
.[3931.318s][info][gc,marking     ] GC(996) Concurrent Mark From Roots 1008.552ms
[3931.318s][info][gc,marking     ] GC(996) Concurrent Preclean
[3931.318s][info][gc,marking     ] GC(996) Concurrent Preclean 0.128ms
[3931.322s][info][gc,start       ] GC(996) Pause Remark
[3931.329s][info][gc             ] GC(996) Pause Remark 2491M->2491M(4096M) 7.159ms
[3931.329s][info][gc,cpu         ] GC(996) User=0.04s Sys=0.00s Real=0.01s
[3931.329s][info][gc,marking     ] GC(996) Concurrent Mark 1019.375ms
[3931.329s][info][gc,marking     ] GC(996) Concurrent Rebuild Remembered Sets and Scrub Regions
[3931.625s][info][gc,marking     ] GC(996) Concurrent Rebuild Remembered Sets and Scrub Regions 295.612ms
[3931.625s][info][gc,start       ] GC(996) Pause Cleanup
[3931.625s][info][gc             ] GC(996) Pause Cleanup 2731M->2731M(4096M) 0.114ms
[3931.625s][info][gc,cpu         ] GC(996) User=0.00s Sys=0.00s Real=0.00s
[3931.625s][info][gc,marking     ] GC(996) Concurrent Clear Claimed Marks
[3931.625s][info][gc,marking     ] GC(996) Concurrent Clear Claimed Marks 0.022ms
[3931.625s][info][gc,marking     ] GC(996) Concurrent Cleanup for Next Mark
[3931.628s][info][gc,marking     ] GC(996) Concurrent Cleanup for Next Mark 3.622ms
[3931.629s][info][gc             ] GC(996) Concurrent Mark Cycle 1492.104ms
.[3932.645s][info][gc,start       ] GC(997) Pause Young (Prepare Mixed) (G1 Evacuation Pause)
[3932.645s][info][gc,task        ] GC(997) Using 6 workers of 6 for evacuation
[3932.764s][info][gc,phases      ] GC(997)   Pre Evacuate Collection Set: 0.34ms
[3932.764s][info][gc,phases      ] GC(997)   Merge Heap Roots: 0.54ms
[3932.764s][info][gc,phases      ] GC(997)   Evacuate Collection Set: 117.73ms
[3932.764s][info][gc,phases      ] GC(997)   Post Evacuate Collection Set: 0.93ms
[3932.764s][info][gc,phases      ] GC(997)   Other: 0.09ms
[3932.764s][info][gc,heap        ] GC(997) Eden regions: 1117->0(1104)
[3932.764s][info][gc,heap        ] GC(997) Survivor regions: 111->112(154)
[3932.764s][info][gc,heap        ] GC(997) Old regions: 506->537
[3932.764s][info][gc,heap        ] GC(997) Humongous regions: 80->80
[3932.764s][info][gc,metaspace   ] GC(997) Metaspace: 28946K(29376K)->28946K(29376K) NonClass: 24077K(24256K)->24077K(24256K) Class: 4869K(5120K)->4869K(5120K)
[3932.764s][info][gc             ] GC(997) Pause Young (Prepare Mixed) (G1 Evacuation Pause) 3625M->1456M(4096M) 119.759ms
[3932.764s][info][gc,cpu         ] GC(997) User=0.70s Sys=0.00s Real=0.12s
...[3935.316s][info][gc,start       ] GC(998) Pause Young (Mixed) (G1 Evacuation Pause)
[3935.317s][info][gc,task        ] GC(998) Using 6 workers of 6 for evacuation
[3935.456s][info][gc,phases      ] GC(998)   Pre Evacuate Collection Set: 0.38ms
[3935.456s][info][gc,phases      ] GC(998)   Merge Heap Roots: 0.70ms
[3935.456s][info][gc,phases      ] GC(998)   Evacuate Collection Set: 137.11ms
[3935.456s][info][gc,phases      ] GC(998)   Post Evacuate Collection Set: 0.98ms
[3935.456s][info][gc,phases      ] GC(998)   Other: 0.09ms
[3935.456s][info][gc,heap        ] GC(998) Eden regions: 1104->0(1118)
[3935.456s][info][gc,heap        ] GC(998) Survivor regions: 112->110(152)
[3935.456s][info][gc,heap        ] GC(998) Old regions: 537->473
[3935.456s][info][gc,heap        ] GC(998) Humongous regions: 80->80
[3935.456s][info][gc,metaspace   ] GC(998) Metaspace: 28946K(29376K)->28946K(29376K) NonClass: 24077K(24256K)->24077K(24256K) Class: 4869K(5120K)->4869K(5120K)
[3935.456s][info][gc             ] GC(998) Pause Young (Mixed) (G1 Evacuation Pause) 3664M->1323M(4096M) 139.403ms
[3935.456s][info][gc,cpu         ] GC(998) User=0.82s Sys=0.00s Real=0.14s
..[3937.907s][info][gc,start       ] GC(999) Pause Young (Concurrent Start) (G1 Evacuation Pause)
[3937.907s][info][gc,task        ] GC(999) Using 6 workers of 6 for evacuation
[3938.022s][info][gc,phases      ] GC(999)   Pre Evacuate Collection Set: 0.37ms
[3938.022s][info][gc,phases      ] GC(999)   Merge Heap Roots: 0.44ms
[3938.022s][info][gc,phases      ] GC(999)   Evacuate Collection Set: 112.44ms
[3938.022s][info][gc,phases      ] GC(999)   Post Evacuate Collection Set: 0.89ms
[3938.022s][info][gc,phases      ] GC(999)   Other: 0.12ms
[3938.022s][info][gc,heap        ] GC(999) Eden regions: 1118->0(1121)
[3938.022s][info][gc,heap        ] GC(999) Survivor regions: 110->107(154)
[3938.022s][info][gc,heap        ] GC(999) Old regions: 473->504
[3938.022s][info][gc,heap        ] GC(999) Humongous regions: 80->80
[3938.022s][info][gc,metaspace   ] GC(999) Metaspace: 28946K(29376K)->28946K(29376K) NonClass: 24077K(24256K)->24077K(24256K) Class: 4869K(5120K)->4869K(5120K)
[3938.022s][info][gc             ] GC(999) Pause Young (Concurrent Start) (G1 Evacuation Pause) 3559M->1380M(4096M) 114.379ms
[3938.022s][info][gc             ] GC(1000) Concurrent Mark Cycle
[3938.022s][info][gc,marking     ] GC(1000) Concurrent Scan Root Regions
[3938.022s][info][gc,cpu         ] GC(999) User=0.68s Sys=0.00s Real=0.11s
.[3938.198s][info][gc,marking     ] GC(1000) Concurrent Scan Root Regions 175.798ms
[3938.198s][info][gc,marking     ] GC(1000) Concurrent Mark
[3938.198s][info][gc,marking     ] GC(1000) Concurrent Mark From Roots
[3938.198s][info][gc,task        ] GC(1000) Using 2 workers of 2 for marking
[3939.114s][info][gc,marking     ] GC(1000) Concurrent Mark From Roots 916.597ms
[3939.114s][info][gc,marking     ] GC(1000) Concurrent Preclean
[3939.114s][info][gc,marking     ] GC(1000) Concurrent Preclean 0.076ms
[3939.114s][info][gc,start       ] GC(1000) Pause Remark
[3939.121s][info][gc             ] GC(1000) Pause Remark 2351M->2351M(4096M) 6.697ms
[3939.121s][info][gc,cpu         ] GC(1000) User=0.04s Sys=0.00s Real=0.01s
[3939.121s][info][gc,marking     ] GC(1000) Concurrent Mark 923.636ms
[3939.121s][info][gc,marking     ] GC(1000) Concurrent Rebuild Remembered Sets and Scrub Regions
.[3939.472s][info][gc,marking     ] GC(1000) Concurrent Rebuild Remembered Sets and Scrub Regions 351.121ms
[3939.473s][info][gc,start       ] GC(1000) Pause Cleanup
[3939.473s][info][gc             ] GC(1000) Pause Cleanup 2689M->2689M(4096M) 0.114ms
[3939.473s][info][gc,cpu         ] GC(1000) User=0.00s Sys=0.00s Real=0.00s
[3939.474s][info][gc,marking     ] GC(1000) Concurrent Clear Claimed Marks
[3939.474s][info][gc,marking     ] GC(1000) Concurrent Clear Claimed Marks 0.050ms
[3939.474s][info][gc,marking     ] GC(1000) Concurrent Cleanup for Next Mark
[3939.485s][info][gc,marking     ] GC(1000) Concurrent Cleanup for Next Mark 11.476ms
[3939.485s][info][gc             ] GC(1000) Concurrent Mark Cycle 1463.572ms
.[3940.633s][info][gc,start       ] GC(1001) Pause Young (Prepare Mixed) (G1 Evacuation Pause)
[3940.633s][info][gc,task        ] GC(1001) Using 6 workers of 6 for evacuation
[3940.751s][info][gc,phases      ] GC(1001)   Pre Evacuate Collection Set: 0.36ms
[3940.751s][info][gc,phases      ] GC(1001)   Merge Heap Roots: 0.59ms
[3940.751s][info][gc,phases      ] GC(1001)   Evacuate Collection Set: 115.87ms
[3940.751s][info][gc,phases      ] GC(1001)   Post Evacuate Collection Set: 0.90ms
[3940.751s][info][gc,phases      ] GC(1001)   Other: 0.09ms
[3940.751s][info][gc,heap        ] GC(1001) Eden regions: 1121->0(1109)
[3940.751s][info][gc,heap        ] GC(1001) Survivor regions: 107->110(154)
[3940.751s][info][gc,heap        ] GC(1001) Old regions: 504->536
[3940.751s][info][gc,heap        ] GC(1001) Humongous regions: 80->80
[3940.751s][info][gc,metaspace   ] GC(1001) Metaspace: 28946K(29376K)->28946K(29376K) NonClass: 24077K(24256K)->24077K(24256K) Class: 4869K(5120K)->4869K(5120K)
[3940.751s][info][gc             ] GC(1001) Pause Young (Prepare Mixed) (G1 Evacuation Pause) 3622M->1450M(4096M) 117.939ms
[3940.751s][info][gc,cpu         ] GC(1001) User=0.69s Sys=0.00s Real=0.12s
...[3943.260s][info][gc,start       ] GC(1002) Pause Young (Mixed) (G1 Evacuation Pause)
[3943.260s][info][gc,task        ] GC(1002) Using 6 workers of 6 for evacuation
[3943.396s][info][gc,phases      ] GC(1002)   Pre Evacuate Collection Set: 0.40ms
[3943.396s][info][gc,phases      ] GC(1002)   Merge Heap Roots: 0.66ms
[3943.396s][info][gc,phases      ] GC(1002)   Evacuate Collection Set: 133.93ms
[3943.396s][info][gc,phases      ] GC(1002)   Post Evacuate Collection Set: 1.01ms
[3943.396s][info][gc,phases      ] GC(1002)   Other: 0.09ms
[3943.396s][info][gc,heap        ] GC(1002) Eden regions: 1109->0(1116)
[3943.396s][info][gc,heap        ] GC(1002) Survivor regions: 110->112(153)
[3943.396s][info][gc,heap        ] GC(1002) Old regions: 536->471
[3943.396s][info][gc,heap        ] GC(1002) Humongous regions: 80->80
[3943.396s][info][gc,metaspace   ] GC(1002) Metaspace: 28946K(29376K)->28946K(29376K) NonClass: 24077K(24256K)->24077K(24256K) Class: 4869K(5120K)->4869K(5120K)
[3943.396s][info][gc             ] GC(1002) Pause Young (Mixed) (G1 Evacuation Pause) 3668M->1324M(4096M) 136.213ms
[3943.396s][info][gc,cpu         ] GC(1002) User=0.80s Sys=0.00s Real=0.14s
..[3945.958s][info][gc,start       ] GC(1003) Pause Young (Concurrent Start) (G1 Evacuation Pause)
[3945.958s][info][gc,task        ] GC(1003) Using 6 workers of 6 for evacuation
[3946.073s][info][gc,phases      ] GC(1003)   Pre Evacuate Collection Set: 0.38ms
[3946.073s][info][gc,phases      ] GC(1003)   Merge Heap Roots: 0.47ms
[3946.073s][info][gc,phases      ] GC(1003)   Evacuate Collection Set: 113.38ms
[3946.073s][info][gc,phases      ] GC(1003)   Post Evacuate Collection Set: 0.91ms
[3946.073s][info][gc,phases      ] GC(1003)   Other: 0.11ms
[3946.073s][info][gc,heap        ] GC(1003) Eden regions: 1116->0(1121)
[3946.073s][info][gc,heap        ] GC(1003) Survivor regions: 112->107(154)
[3946.073s][info][gc,heap        ] GC(1003) Old regions: 471->504
[3946.073s][info][gc,heap        ] GC(1003) Humongous regions: 80->80
[3946.073s][info][gc,metaspace   ] GC(1003) Metaspace: 28946K(29376K)->28946K(29376K) NonClass: 24077K(24256K)->24077K(24256K) Class: 4869K(5120K)->4869K(5120K)
[3946.073s][info][gc             ] GC(1003) Pause Young (Concurrent Start) (G1 Evacuation Pause) 3556M->1379M(4096M) 115.370ms
[3946.073s][info][gc             ] GC(1004) Concurrent Mark Cycle
[3946.073s][info][gc,marking     ] GC(1004) Concurrent Scan Root Regions
[3946.073s][info][gc,cpu         ] GC(1003) User=0.68s Sys=0.00s Real=0.11s
[3946.245s][info][gc,marking     ] GC(1004) Concurrent Scan Root Regions 171.549ms
[3946.245s][info][gc,marking     ] GC(1004) Concurrent Mark
[3946.245s][info][gc,marking     ] GC(1004) Concurrent Mark From Roots
[3946.245s][info][gc,task        ] GC(1004) Using 2 workers of 2 for marking
.[3947.023s][info][gc,marking     ] GC(1004) Concurrent Mark From Roots 777.709ms
[3947.023s][info][gc,marking     ] GC(1004) Concurrent Preclean
[3947.023s][info][gc,marking     ] GC(1004) Concurrent Preclean 0.094ms
[3947.025s][info][gc,start       ] GC(1004) Pause Remark
[3947.029s][info][gc             ] GC(1004) Pause Remark 2229M->2229M(4096M) 4.330ms
[3947.029s][info][gc,cpu         ] GC(1004) User=0.02s Sys=0.00s Real=0.01s
[3947.030s][info][gc,marking     ] GC(1004) Concurrent Mark 784.959ms
[3947.030s][info][gc,marking     ] GC(1004) Concurrent Rebuild Remembered Sets and Scrub Regions
.[3947.403s][info][gc,marking     ] GC(1004) Concurrent Rebuild Remembered Sets and Scrub Regions 373.232ms
[3947.403s][info][gc,start       ] GC(1004) Pause Cleanup
[3947.404s][info][gc             ] GC(1004) Pause Cleanup 2553M->2553M(4096M) 0.108ms
[3947.404s][info][gc,cpu         ] GC(1004) User=0.00s Sys=0.00s Real=0.00s
[3947.404s][info][gc,marking     ] GC(1004) Concurrent Clear Claimed Marks
[3947.404s][info][gc,marking     ] GC(1004) Concurrent Clear Claimed Marks 0.024ms
[3947.404s][info][gc,marking     ] GC(1004) Concurrent Cleanup for Next Mark
[3947.407s][info][gc,marking     ] GC(1004) Concurrent Cleanup for Next Mark 3.820ms
[3947.407s][info][gc             ] GC(1004) Concurrent Mark Cycle 1334.079ms
.[3948.666s][info][gc,start       ] GC(1005) Pause Young (Prepare Mixed) (G1 Evacuation Pause)
[3948.666s][info][gc,task        ] GC(1005) Using 6 workers of 6 for evacuation
[3948.785s][info][gc,phases      ] GC(1005)   Pre Evacuate Collection Set: 0.37ms
[3948.785s][info][gc,phases      ] GC(1005)   Merge Heap Roots: 0.52ms
[3948.785s][info][gc,phases      ] GC(1005)   Evacuate Collection Set: 117.10ms
[3948.785s][info][gc,phases      ] GC(1005)   Post Evacuate Collection Set: 0.96ms
[3948.785s][info][gc,phases      ] GC(1005)   Other: 0.08ms
[3948.785s][info][gc,heap        ] GC(1005) Eden regions: 1121->0(1108)
[3948.785s][info][gc,heap        ] GC(1005) Survivor regions: 107->111(154)
[3948.785s][info][gc,heap        ] GC(1005) Old regions: 504->535
[3948.785s][info][gc,heap        ] GC(1005) Humongous regions: 80->80
[3948.785s][info][gc,metaspace   ] GC(1005) Metaspace: 28946K(29376K)->28946K(29376K) NonClass: 24077K(24256K)->24077K(24256K) Class: 4869K(5120K)->4869K(5120K)
[3948.785s][info][gc             ] GC(1005) Pause Young (Prepare Mixed) (G1 Evacuation Pause) 3621M->1449M(4096M) 119.144ms
[3948.785s][info][gc,cpu         ] GC(1005) User=0.70s Sys=0.00s Real=0.11s
...[3951.262s][info][gc,start       ] GC(1006) Pause Young (Mixed) (G1 Evacuation Pause)
[3951.262s][info][gc,task        ] GC(1006) Using 6 workers of 6 for evacuation
[3951.399s][info][gc,phases      ] GC(1006)   Pre Evacuate Collection Set: 0.37ms
[3951.399s][info][gc,phases      ] GC(1006)   Merge Heap Roots: 0.63ms
[3951.399s][info][gc,phases      ] GC(1006)   Evacuate Collection Set: 135.25ms
[3951.399s][info][gc,phases      ] GC(1006)   Post Evacuate Collection Set: 0.90ms
[3951.399s][info][gc,phases      ] GC(1006)   Other: 0.09ms
[3951.399s][info][gc,heap        ] GC(1006) Eden regions: 1108->0(1116)
[3951.399s][info][gc,heap        ] GC(1006) Survivor regions: 111->112(153)
[3951.399s][info][gc,heap        ] GC(1006) Old regions: 535->472
[3951.399s][info][gc,heap        ] GC(1006) Humongous regions: 80->80
[3951.399s][info][gc,metaspace   ] GC(1006) Metaspace: 28946K(29376K)->28946K(29376K) NonClass: 24077K(24256K)->24077K(24256K) Class: 4869K(5120K)->4869K(5120K)
[3951.399s][info][gc             ] GC(1006) Pause Young (Mixed) (G1 Evacuation Pause) 3665M->1325M(4096M) 137.359ms
[3951.399s][info][gc,cpu         ] GC(1006) User=0.81s Sys=0.00s Real=0.14s
..[3953.910s][info][gc,start       ] GC(1007) Pause Young (Concurrent Start) (G1 Evacuation Pause)
[3953.910s][info][gc,task        ] GC(1007) Using 6 workers of 6 for evacuation
[3954.026s][info][gc,phases      ] GC(1007)   Pre Evacuate Collection Set: 0.42ms
[3954.026s][info][gc,phases      ] GC(1007)   Merge Heap Roots: 0.51ms
[3954.026s][info][gc,phases      ] GC(1007)   Evacuate Collection Set: 113.86ms
[3954.026s][info][gc,phases      ] GC(1007)   Post Evacuate Collection Set: 0.88ms
[3954.026s][info][gc,phases      ] GC(1007)   Other: 0.14ms
[3954.026s][info][gc,heap        ] GC(1007) Eden regions: 1116->0(1120)
[3954.026s][info][gc,heap        ] GC(1007) Survivor regions: 112->108(154)
[3954.026s][info][gc,heap        ] GC(1007) Old regions: 472->504
[3954.026s][info][gc,heap        ] GC(1007) Humongous regions: 80->80
[3954.026s][info][gc,metaspace   ] GC(1007) Metaspace: 28946K(29376K)->28946K(29376K) NonClass: 24077K(24256K)->24077K(24256K) Class: 4869K(5120K)->4869K(5120K)
[3954.026s][info][gc             ] GC(1007) Pause Young (Concurrent Start) (G1 Evacuation Pause) 3557M->1381M(4096M) 115.951ms
[3954.026s][info][gc             ] GC(1008) Concurrent Mark Cycle
[3954.026s][info][gc,marking     ] GC(1008) Concurrent Scan Root Regions
[3954.026s][info][gc,cpu         ] GC(1007) User=0.68s Sys=0.00s Real=0.12s
[3954.194s][info][gc,marking     ] GC(1008) Concurrent Scan Root Regions 167.894ms
[3954.194s][info][gc,marking     ] GC(1008) Concurrent Mark
[3954.194s][info][gc,marking     ] GC(1008) Concurrent Mark From Roots
[3954.194s][info][gc,task        ] GC(1008) Using 2 workers of 2 for marking
.[3955.186s][info][gc,marking     ] GC(1008) Concurrent Mark From Roots 991.774ms
[3955.186s][info][gc,marking     ] GC(1008) Concurrent Preclean
[3955.186s][info][gc,marking     ] GC(1008) Concurrent Preclean 0.113ms
[3955.186s][info][gc,start       ] GC(1008) Pause Remark
[3955.192s][info][gc             ] GC(1008) Pause Remark 2415M->2415M(4096M) 6.337ms
[3955.193s][info][gc,cpu         ] GC(1008) User=0.04s Sys=0.00s Real=0.00s
[3955.193s][info][gc,marking     ] GC(1008) Concurrent Mark 998.680ms
[3955.193s][info][gc,marking     ] GC(1008) Concurrent Rebuild Remembered Sets and Scrub Regions
.[3955.558s][info][gc,marking     ] GC(1008) Concurrent Rebuild Remembered Sets and Scrub Regions 364.967ms
[3955.558s][info][gc,start       ] GC(1008) Pause Cleanup
[3955.558s][info][gc             ] GC(1008) Pause Cleanup 2711M->2711M(4096M) 0.116ms
[3955.558s][info][gc,cpu         ] GC(1008) User=0.00s Sys=0.00s Real=0.00s
[3955.558s][info][gc,marking     ] GC(1008) Concurrent Clear Claimed Marks
[3955.558s][info][gc,marking     ] GC(1008) Concurrent Clear Claimed Marks 0.022ms
[3955.558s][info][gc,marking     ] GC(1008) Concurrent Cleanup for Next Mark
[3955.562s][info][gc,marking     ] GC(1008) Concurrent Cleanup for Next Mark 4.353ms
[3955.562s][info][gc             ] GC(1008) Concurrent Mark Cycle 1536.375ms
.[3956.603s][info][gc,start       ] GC(1009) Pause Young (Prepare Mixed) (G1 Evacuation Pause)
[3956.603s][info][gc,task        ] GC(1009) Using 6 workers of 6 for evacuation
[3956.727s][info][gc,phases      ] GC(1009)   Pre Evacuate Collection Set: 0.36ms
[3956.727s][info][gc,phases      ] GC(1009)   Merge Heap Roots: 0.52ms
[3956.727s][info][gc,phases      ] GC(1009)   Evacuate Collection Set: 122.24ms
[3956.727s][info][gc,phases      ] GC(1009)   Post Evacuate Collection Set: 0.92ms
[3956.727s][info][gc,phases      ] GC(1009)   Other: 0.08ms
[3956.727s][info][gc,heap        ] GC(1009) Eden regions: 1120->0(1099)
[3956.727s][info][gc,heap        ] GC(1009) Survivor regions: 108->115(154)
[3956.727s][info][gc,heap        ] GC(1009) Old regions: 504->536
[3956.727s][info][gc,heap        ] GC(1009) Humongous regions: 80->80
[3956.727s][info][gc,metaspace   ] GC(1009) Metaspace: 28946K(29376K)->28946K(29376K) NonClass: 24077K(24256K)->24077K(24256K) Class: 4869K(5120K)->4869K(5120K)
[3956.728s][info][gc             ] GC(1009) Pause Young (Prepare Mixed) (G1 Evacuation Pause) 3621M->1458M(4096M) 124.255ms
[3956.728s][info][gc,cpu         ] GC(1009) User=0.73s Sys=0.01s Real=0.13s
..[3959.275s][info][gc,start       ] GC(1010) Pause Young (Mixed) (G1 Evacuation Pause)
[3959.275s][info][gc,task        ] GC(1010) Using 6 workers of 6 for evacuation
[3959.411s][info][gc,phases      ] GC(1010)   Pre Evacuate Collection Set: 0.40ms
[3959.411s][info][gc,phases      ] GC(1010)   Merge Heap Roots: 0.72ms
[3959.411s][info][gc,phases      ] GC(1010)   Evacuate Collection Set: 134.00ms
[3959.411s][info][gc,phases      ] GC(1010)   Post Evacuate Collection Set: 0.94ms
[3959.411s][info][gc,phases      ] GC(1010)   Other: 0.09ms
[3959.411s][info][gc,heap        ] GC(1010) Eden regions: 1099->0(1118)
[3959.411s][info][gc,heap        ] GC(1010) Survivor regions: 115->110(152)
[3959.411s][info][gc,heap        ] GC(1010) Old regions: 536->472
[3959.411s][info][gc,heap        ] GC(1010) Humongous regions: 80->80
[3959.411s][info][gc,metaspace   ] GC(1010) Metaspace: 28946K(29376K)->28946K(29376K) NonClass: 24077K(24256K)->24077K(24256K) Class: 4869K(5120K)->4869K(5120K)
[3959.411s][info][gc             ] GC(1010) Pause Young (Mixed) (G1 Evacuation Pause) 3656M->1321M(4096M) 136.300ms
[3959.411s][info][gc,cpu         ] GC(1010) User=0.81s Sys=0.00s Real=0.14s
...[3961.912s][info][gc,start       ] GC(1011) Pause Young (Concurrent Start) (G1 Evacuation Pause)
[3961.912s][info][gc,task        ] GC(1011) Using 6 workers of 6 for evacuation
[3962.026s][info][gc,phases      ] GC(1011)   Pre Evacuate Collection Set: 0.39ms
[3962.026s][info][gc,phases      ] GC(1011)   Merge Heap Roots: 0.52ms
[3962.026s][info][gc,phases      ] GC(1011)   Evacuate Collection Set: 112.21ms
[3962.026s][info][gc,phases      ] GC(1011)   Post Evacuate Collection Set: 0.89ms
[3962.026s][info][gc,phases      ] GC(1011)   Other: 0.10ms
[3962.026s][info][gc,heap        ] GC(1011) Eden regions: 1118->0(1121)
[3962.026s][info][gc,heap        ] GC(1011) Survivor regions: 110->107(154)
[3962.026s][info][gc,heap        ] GC(1011) Old regions: 472->504
[3962.026s][info][gc,heap        ] GC(1011) Humongous regions: 80->80
[3962.026s][info][gc,metaspace   ] GC(1011) Metaspace: 28946K(29376K)->28946K(29376K) NonClass: 24077K(24256K)->24077K(24256K) Class: 4869K(5120K)->4869K(5120K)
[3962.026s][info][gc             ] GC(1011) Pause Young (Concurrent Start) (G1 Evacuation Pause) 3557M->1380M(4096M) 114.258ms
[3962.026s][info][gc             ] GC(1012) Concurrent Mark Cycle
[3962.026s][info][gc,marking     ] GC(1012) Concurrent Scan Root Regions
[3962.026s][info][gc,cpu         ] GC(1011) User=0.68s Sys=0.00s Real=0.12s
[3962.195s][info][gc,marking     ] GC(1012) Concurrent Scan Root Regions 169.220ms
[3962.195s][info][gc,marking     ] GC(1012) Concurrent Mark
[3962.195s][info][gc,marking     ] GC(1012) Concurrent Mark From Roots
[3962.195s][info][gc,task        ] GC(1012) Using 2 workers of 2 for marking
.[3963.121s][info][gc,marking     ] GC(1012) Concurrent Mark From Roots 925.893ms
[3963.121s][info][gc,marking     ] GC(1012) Concurrent Preclean
[3963.121s][info][gc,marking     ] GC(1012) Concurrent Preclean 0.108ms
[3963.122s][info][gc,start       ] GC(1012) Pause Remark
[3963.128s][info][gc             ] GC(1012) Pause Remark 2346M->2346M(4096M) 6.409ms
[3963.128s][info][gc,cpu         ] GC(1012) User=0.04s Sys=0.01s Real=0.01s
[3963.129s][info][gc,marking     ] GC(1012) Concurrent Mark 933.682ms
[3963.129s][info][gc,marking     ] GC(1012) Concurrent Rebuild Remembered Sets and Scrub Regions
.[3963.457s][info][gc,marking     ] GC(1012) Concurrent Rebuild Remembered Sets and Scrub Regions 327.714ms
[3963.457s][info][gc,start       ] GC(1012) Pause Cleanup
[3963.457s][info][gc             ] GC(1012) Pause Cleanup 2636M->2636M(4096M) 0.123ms
[3963.457s][info][gc,cpu         ] GC(1012) User=0.00s Sys=0.00s Real=0.00s
[3963.457s][info][gc,marking     ] GC(1012) Concurrent Clear Claimed Marks
[3963.457s][info][gc,marking     ] GC(1012) Concurrent Clear Claimed Marks 0.030ms
[3963.457s][info][gc,marking     ] GC(1012) Concurrent Cleanup for Next Mark
[3963.465s][info][gc,marking     ] GC(1012) Concurrent Cleanup for Next Mark 7.921ms
[3963.465s][info][gc             ] GC(1012) Concurrent Mark Cycle 1439.299ms
.[3964.614s][info][gc,start       ] GC(1013) Pause Young (Prepare Mixed) (G1 Evacuation Pause)
[3964.614s][info][gc,task        ] GC(1013) Using 6 workers of 6 for evacuation
[3964.732s][info][gc,phases      ] GC(1013)   Pre Evacuate Collection Set: 0.35ms
[3964.732s][info][gc,phases      ] GC(1013)   Merge Heap Roots: 0.53ms
[3964.732s][info][gc,phases      ] GC(1013)   Evacuate Collection Set: 116.52ms
[3964.732s][info][gc,phases      ] GC(1013)   Post Evacuate Collection Set: 0.91ms
[3964.732s][info][gc,phases      ] GC(1013)   Other: 0.10ms
[3964.732s][info][gc,heap        ] GC(1013) Eden regions: 1121->0(1108)
[3964.732s][info][gc,heap        ] GC(1013) Survivor regions: 107->110(154)
[3964.732s][info][gc,heap        ] GC(1013) Old regions: 504->537
[3964.732s][info][gc,heap        ] GC(1013) Humongous regions: 80->80
[3964.732s][info][gc,metaspace   ] GC(1013) Metaspace: 28946K(29376K)->28946K(29376K) NonClass: 24077K(24256K)->24077K(24256K) Class: 4869K(5120K)->4869K(5120K)
[3964.732s][info][gc             ] GC(1013) Pause Young (Prepare Mixed) (G1 Evacuation Pause) 3622M->1451M(4096M) 118.553ms
[3964.732s][info][gc,cpu         ] GC(1013) User=0.70s Sys=0.00s Real=0.12s
..[3967.227s][info][gc,start       ] GC(1014) Pause Young (Mixed) (G1 Evacuation Pause)
[3967.227s][info][gc,task        ] GC(1014) Using 6 workers of 6 for evacuation
[3967.363s][info][gc,phases      ] GC(1014)   Pre Evacuate Collection Set: 0.35ms
[3967.363s][info][gc,phases      ] GC(1014)   Merge Heap Roots: 0.68ms
[3967.363s][info][gc,phases      ] GC(1014)   Evacuate Collection Set: 134.51ms
[3967.363s][info][gc,phases      ] GC(1014)   Post Evacuate Collection Set: 0.95ms
[3967.363s][info][gc,phases      ] GC(1014)   Other: 0.09ms
[3967.363s][info][gc,heap        ] GC(1014) Eden regions: 1108->0(1116)
[3967.363s][info][gc,heap        ] GC(1014) Survivor regions: 110->112(153)
[3967.363s][info][gc,heap        ] GC(1014) Old regions: 537->472
[3967.363s][info][gc,heap        ] GC(1014) Humongous regions: 80->80
[3967.363s][info][gc,metaspace   ] GC(1014) Metaspace: 28946K(29376K)->28946K(29376K) NonClass: 24077K(24256K)->24077K(24256K) Class: 4869K(5120K)->4869K(5120K)
[3967.363s][info][gc             ] GC(1014) Pause Young (Mixed) (G1 Evacuation Pause) 3667M->1326M(4096M) 136.728ms
[3967.363s][info][gc,cpu         ] GC(1014) User=0.81s Sys=0.00s Real=0.13s
...[3969.912s][info][gc,start       ] GC(1015) Pause Young (Concurrent Start) (G1 Evacuation Pause)
[3969.912s][info][gc,task        ] GC(1015) Using 6 workers of 6 for evacuation
[3970.029s][info][gc,phases      ] GC(1015)   Pre Evacuate Collection Set: 0.36ms
[3970.029s][info][gc,phases      ] GC(1015)   Merge Heap Roots: 0.45ms
[3970.029s][info][gc,phases      ] GC(1015)   Evacuate Collection Set: 115.85ms
[3970.029s][info][gc,phases      ] GC(1015)   Post Evacuate Collection Set: 0.96ms
[3970.029s][info][gc,phases      ] GC(1015)   Other: 0.11ms
[3970.029s][info][gc,heap        ] GC(1015) Eden regions: 1116->0(1118)
[3970.029s][info][gc,heap        ] GC(1015) Survivor regions: 112->110(154)
[3970.029s][info][gc,heap        ] GC(1015) Old regions: 472->504
[3970.029s][info][gc,heap        ] GC(1015) Humongous regions: 80->80
[3970.029s][info][gc,metaspace   ] GC(1015) Metaspace: 28946K(29376K)->28946K(29376K) NonClass: 24077K(24256K)->24077K(24256K) Class: 4869K(5120K)->4869K(5120K)
[3970.029s][info][gc             ] GC(1015) Pause Young (Concurrent Start) (G1 Evacuation Pause) 3558M->1385M(4096M) 117.863ms
[3970.029s][info][gc             ] GC(1016) Concurrent Mark Cycle
[3970.030s][info][gc,marking     ] GC(1016) Concurrent Scan Root Regions
[3970.030s][info][gc,cpu         ] GC(1015) User=0.70s Sys=0.00s Real=0.12s
[3970.203s][info][gc,marking     ] GC(1016) Concurrent Scan Root Regions 173.727ms
[3970.203s][info][gc,marking     ] GC(1016) Concurrent Mark
[3970.203s][info][gc,marking     ] GC(1016) Concurrent Mark From Roots
[3970.203s][info][gc,task        ] GC(1016) Using 2 workers of 2 for marking
.[3971.143s][info][gc,marking     ] GC(1016) Concurrent Mark From Roots 939.434ms
[3971.143s][info][gc,marking     ] GC(1016) Concurrent Preclean
[3971.143s][info][gc,marking     ] GC(1016) Concurrent Preclean 0.124ms
[3971.143s][info][gc,start       ] GC(1016) Pause Remark
[3971.150s][info][gc             ] GC(1016) Pause Remark 2373M->2373M(4096M) 6.924ms
[3971.150s][info][gc,cpu         ] GC(1016) User=0.04s Sys=0.01s Real=0.01s
[3971.150s][info][gc,marking     ] GC(1016) Concurrent Mark 946.937ms
[3971.150s][info][gc,marking     ] GC(1016) Concurrent Rebuild Remembered Sets and Scrub Regions
[3971.417s][info][gc,marking     ] GC(1016) Concurrent Rebuild Remembered Sets and Scrub Regions 266.627ms
[3971.418s][info][gc,start       ] GC(1016) Pause Cleanup
[3971.418s][info][gc             ] GC(1016) Pause Cleanup 2597M->2597M(4096M) 0.113ms
[3971.418s][info][gc,cpu         ] GC(1016) User=0.00s Sys=0.00s Real=0.00s
[3971.418s][info][gc,marking     ] GC(1016) Concurrent Clear Claimed Marks
[3971.418s][info][gc,marking     ] GC(1016) Concurrent Clear Claimed Marks 0.025ms
[3971.418s][info][gc,marking     ] GC(1016) Concurrent Cleanup for Next Mark
[3971.439s][info][gc,marking     ] GC(1016) Concurrent Cleanup for Next Mark 21.231ms
[3971.439s][info][gc             ] GC(1016) Concurrent Mark Cycle 1409.555ms
..[3972.544s][info][gc,start       ] GC(1017) Pause Young (Prepare Mixed) (G1 Evacuation Pause)
[3972.544s][info][gc,task        ] GC(1017) Using 6 workers of 6 for evacuation
[3972.664s][info][gc,phases      ] GC(1017)   Pre Evacuate Collection Set: 0.30ms
[3972.664s][info][gc,phases      ] GC(1017)   Merge Heap Roots: 0.51ms
[3972.664s][info][gc,phases      ] GC(1017)   Evacuate Collection Set: 117.47ms
[3972.664s][info][gc,phases      ] GC(1017)   Post Evacuate Collection Set: 0.94ms
[3972.664s][info][gc,phases      ] GC(1017)   Other: 0.10ms
[3972.664s][info][gc,heap        ] GC(1017) Eden regions: 1118->0(1107)
[3972.664s][info][gc,heap        ] GC(1017) Survivor regions: 110->111(154)
[3972.664s][info][gc,heap        ] GC(1017) Old regions: 504->536
[3972.664s][info][gc,heap        ] GC(1017) Humongous regions: 80->80
[3972.664s][info][gc,metaspace   ] GC(1017) Metaspace: 28946K(29376K)->28946K(29376K) NonClass: 24077K(24256K)->24077K(24256K) Class: 4869K(5120K)->4869K(5120K)
[3972.664s][info][gc             ] GC(1017) Pause Young (Prepare Mixed) (G1 Evacuation Pause) 3621M->1451M(4096M) 119.469ms
[3972.664s][info][gc,cpu         ] GC(1017) User=0.71s Sys=0.00s Real=0.12s
..[3975.202s][info][gc,start       ] GC(1018) Pause Young (Mixed) (G1 Evacuation Pause)
[3975.202s][info][gc,task        ] GC(1018) Using 6 workers of 6 for evacuation
[3975.340s][info][gc,phases      ] GC(1018)   Pre Evacuate Collection Set: 0.39ms
[3975.340s][info][gc,phases      ] GC(1018)   Merge Heap Roots: 0.67ms
[3975.340s][info][gc,phases      ] GC(1018)   Evacuate Collection Set: 136.48ms
[3975.340s][info][gc,phases      ] GC(1018)   Post Evacuate Collection Set: 1.04ms
[3975.340s][info][gc,phases      ] GC(1018)   Other: 0.09ms
[3975.340s][info][gc,heap        ] GC(1018) Eden regions: 1107->0(1116)
[3975.340s][info][gc,heap        ] GC(1018) Survivor regions: 111->112(153)
[3975.340s][info][gc,heap        ] GC(1018) Old regions: 536->471
[3975.340s][info][gc,heap        ] GC(1018) Humongous regions: 80->80
[3975.340s][info][gc,metaspace   ] GC(1018) Metaspace: 28946K(29376K)->28946K(29376K) NonClass: 24077K(24256K)->24077K(24256K) Class: 4869K(5120K)->4869K(5120K)
[3975.341s][info][gc             ] GC(1018) Pause Young (Mixed) (G1 Evacuation Pause) 3665M->1323M(4096M) 138.796ms
[3975.341s][info][gc,cpu         ] GC(1018) User=0.82s Sys=0.00s Real=0.14s
...[3977.867s][info][gc,start       ] GC(1019) Pause Young (Concurrent Start) (G1 Evacuation Pause)
[3977.867s][info][gc,task        ] GC(1019) Using 6 workers of 6 for evacuation
[3977.982s][info][gc,phases      ] GC(1019)   Pre Evacuate Collection Set: 0.42ms
[3977.982s][info][gc,phases      ] GC(1019)   Merge Heap Roots: 0.47ms
[3977.982s][info][gc,phases      ] GC(1019)   Evacuate Collection Set: 112.97ms
[3977.982s][info][gc,phases      ] GC(1019)   Post Evacuate Collection Set: 0.88ms
[3977.982s][info][gc,phases      ] GC(1019)   Other: 0.11ms
[3977.982s][info][gc,heap        ] GC(1019) Eden regions: 1116->0(1121)
[3977.982s][info][gc,heap        ] GC(1019) Survivor regions: 112->107(154)
[3977.982s][info][gc,heap        ] GC(1019) Old regions: 471->503
[3977.982s][info][gc,heap        ] GC(1019) Humongous regions: 80->80
[3977.982s][info][gc,metaspace   ] GC(1019) Metaspace: 28946K(29376K)->28946K(29376K) NonClass: 24077K(24256K)->24077K(24256K) Class: 4869K(5120K)->4869K(5120K)
[3977.982s][info][gc             ] GC(1019) Pause Young (Concurrent Start) (G1 Evacuation Pause) 3555M->1378M(4096M) 114.980ms
[3977.982s][info][gc             ] GC(1020) Concurrent Mark Cycle
[3977.982s][info][gc,marking     ] GC(1020) Concurrent Scan Root Regions
[3977.982s][info][gc,cpu         ] GC(1019) User=0.68s Sys=0.00s Real=0.11s
[3978.150s][info][gc,marking     ] GC(1020) Concurrent Scan Root Regions 168.028ms
[3978.150s][info][gc,marking     ] GC(1020) Concurrent Mark
[3978.150s][info][gc,marking     ] GC(1020) Concurrent Mark From Roots
[3978.150s][info][gc,task        ] GC(1020) Using 2 workers of 2 for marking
.[3979.121s][info][gc,marking     ] GC(1020) Concurrent Mark From Roots 971.213ms
[3979.121s][info][gc,marking     ] GC(1020) Concurrent Preclean
[3979.121s][info][gc,marking     ] GC(1020) Concurrent Preclean 0.122ms
[3979.122s][info][gc,start       ] GC(1020) Pause Remark
[3979.125s][info][gc             ] GC(1020) Pause Remark 2408M->2408M(4096M) 3.645ms
[3979.126s][info][gc,cpu         ] GC(1020) User=0.02s Sys=0.00s Real=0.00s
[3979.126s][info][gc,marking     ] GC(1020) Concurrent Mark 975.791ms
[3979.126s][info][gc,marking     ] GC(1020) Concurrent Rebuild Remembered Sets and Scrub Regions
[3979.376s][info][gc,marking     ] GC(1020) Concurrent Rebuild Remembered Sets and Scrub Regions 250.562ms
[3979.377s][info][gc,start       ] GC(1020) Pause Cleanup
[3979.377s][info][gc             ] GC(1020) Pause Cleanup 2599M->2599M(4096M) 0.111ms
[3979.377s][info][gc,cpu         ] GC(1020) User=0.00s Sys=0.00s Real=0.00s
[3979.377s][info][gc,marking     ] GC(1020) Concurrent Clear Claimed Marks
[3979.377s][info][gc,marking     ] GC(1020) Concurrent Clear Claimed Marks 0.026ms
[3979.377s][info][gc,marking     ] GC(1020) Concurrent Cleanup for Next Mark
[3979.382s][info][gc,marking     ] GC(1020) Concurrent Cleanup for Next Mark 5.212ms
[3979.382s][info][gc             ] GC(1020) Concurrent Mark Cycle 1400.696ms
.[3980.570s][info][gc,start       ] GC(1021) Pause Young (Prepare Mixed) (G1 Evacuation Pause)
[3980.570s][info][gc,task        ] GC(1021) Using 6 workers of 6 for evacuation
[3980.692s][info][gc,phases      ] GC(1021)   Pre Evacuate Collection Set: 0.33ms
[3980.692s][info][gc,phases      ] GC(1021)   Merge Heap Roots: 0.54ms
[3980.692s][info][gc,phases      ] GC(1021)   Evacuate Collection Set: 119.85ms
[3980.692s][info][gc,phases      ] GC(1021)   Post Evacuate Collection Set: 0.97ms
[3980.692s][info][gc,phases      ] GC(1021)   Other: 0.09ms
[3980.692s][info][gc,heap        ] GC(1021) Eden regions: 1121->0(1104)
[3980.692s][info][gc,heap        ] GC(1021) Survivor regions: 107->113(154)
[3980.692s][info][gc,heap        ] GC(1021) Old regions: 503->535
[3980.692s][info][gc,heap        ] GC(1021) Humongous regions: 80->80
[3980.692s][info][gc,metaspace   ] GC(1021) Metaspace: 28946K(29376K)->28946K(29376K) NonClass: 24077K(24256K)->24077K(24256K) Class: 4869K(5120K)->4869K(5120K)
[3980.692s][info][gc             ] GC(1021) Pause Young (Prepare Mixed) (G1 Evacuation Pause) 3620M->1453M(4096M) 121.909ms
[3980.692s][info][gc,cpu         ] GC(1021) User=0.72s Sys=0.00s Real=0.12s
.. (rIR:aIR:PR = 7057:7052:7052) (tPR = 104514) [OK] 
  3981s: Performance info:
         Transaction,    Success,    Partial,     Failed,   Receipts, AvgBarcode, 
             Overall,     429811,          0,          0,     408264,      59.48, 
         Response times:
             Request,    Success,    Partial,     Failed,   SkipFail,     Probes,    Samples,      min,      p50,      p90,      p95,      p99,      max, 
       TotalPurchase,     408264,          0,          0,          0,     363001,     402773,      300,     5900,    41000,    65000,   119000,   267000,
     InStorePurchase,     214700,          0,          0,          0,     190975,     212183,      300,     5800,    40000,    64000,   117000,   267000,
      OnlinePurchase,     150430,          0,          0,          0,     133988,     148155,      300,     6000,    42000,    65000,   118000,   267000,
        InstPurchase,      43134,          0,          0,          0,      38038,      42435,      400,     6400,    45000,    68000,   123000,   267000,
          AssocOfCat,        432,          0,          0,          0,        357,        500,    26000,    42000,   106800,   139750,   198000,   252000,
      AssocOfProduct,       4306,          0,          0,          0,       4123,       4803,      400,     6100,    40000,    64000,   124840,   221000,
      BusinessReport,       1080,          0,          0,          0,        945,       1177,    27000,    42000,   113200,   143100,   202220,   338000,
          CustBuyBeh,       4304,          0,          0,          0,       3989,       4628,      200,     5300,    35000,    59000,   107000,   218000,
       ProductReturn,      11425,          0,          0,          0,       9645,      11075,      200,     4800,    37000,    59000,   110240,   231000,

  3981s: (52%)   IR =   7195 .[3983.193s][info][gc,start       ] GC(1022) Pause Young (Mixed) (G1 Evacuation Pause)
[3983.193s][info][gc,task        ] GC(1022) Using 6 workers of 6 for evacuation
[3983.329s][info][gc,phases      ] GC(1022)   Pre Evacuate Collection Set: 0.35ms
[3983.329s][info][gc,phases      ] GC(1022)   Merge Heap Roots: 0.71ms
[3983.329s][info][gc,phases      ] GC(1022)   Evacuate Collection Set: 133.70ms
[3983.329s][info][gc,phases      ] GC(1022)   Post Evacuate Collection Set: 0.96ms
[3983.329s][info][gc,phases      ] GC(1022)   Other: 0.09ms
[3983.329s][info][gc,heap        ] GC(1022) Eden regions: 1104->0(1117)
[3983.329s][info][gc,heap        ] GC(1022) Survivor regions: 113->111(153)
[3983.329s][info][gc,heap        ] GC(1022) Old regions: 535->474
[3983.329s][info][gc,heap        ] GC(1022) Humongous regions: 80->80
[3983.329s][info][gc,metaspace   ] GC(1022) Metaspace: 28947K(29376K)->28947K(29376K) NonClass: 24077K(24256K)->24077K(24256K) Class: 4869K(5120K)->4869K(5120K)
[3983.329s][info][gc             ] GC(1022) Pause Young (Mixed) (G1 Evacuation Pause) 3661M->1327M(4096M) 135.942ms
[3983.329s][info][gc,cpu         ] GC(1022) User=0.80s Sys=0.01s Real=0.14s
...[3985.852s][info][gc,start       ] GC(1023) Pause Young (Concurrent Start) (G1 Evacuation Pause)
[3985.852s][info][gc,task        ] GC(1023) Using 6 workers of 6 for evacuation
[3985.970s][info][gc,phases      ] GC(1023)   Pre Evacuate Collection Set: 0.42ms
[3985.970s][info][gc,phases      ] GC(1023)   Merge Heap Roots: 0.55ms
[3985.970s][info][gc,phases      ] GC(1023)   Evacuate Collection Set: 116.59ms
[3985.970s][info][gc,phases      ] GC(1023)   Post Evacuate Collection Set: 0.98ms
[3985.970s][info][gc,phases      ] GC(1023)   Other: 0.12ms
[3985.970s][info][gc,heap        ] GC(1023) Eden regions: 1117->0(1118)
[3985.970s][info][gc,heap        ] GC(1023) Survivor regions: 111->110(154)
[3985.970s][info][gc,heap        ] GC(1023) Old regions: 474->507
[3985.970s][info][gc,heap        ] GC(1023) Humongous regions: 80->80
[3985.970s][info][gc,metaspace   ] GC(1023) Metaspace: 28947K(29376K)->28947K(29376K) NonClass: 24077K(24256K)->24077K(24256K) Class: 4869K(5120K)->4869K(5120K)
[3985.970s][info][gc             ] GC(1023) Pause Young (Concurrent Start) (G1 Evacuation Pause) 3561M->1391M(4096M) 118.798ms
[3985.970s][info][gc             ] GC(1024) Concurrent Mark Cycle
[3985.970s][info][gc,marking     ] GC(1024) Concurrent Scan Root Regions
[3985.970s][info][gc,cpu         ] GC(1023) User=0.71s Sys=0.00s Real=0.12s
[3986.144s][info][gc,marking     ] GC(1024) Concurrent Scan Root Regions 173.321ms
[3986.144s][info][gc,marking     ] GC(1024) Concurrent Mark
[3986.144s][info][gc,marking     ] GC(1024) Concurrent Mark From Roots
[3986.144s][info][gc,task        ] GC(1024) Using 2 workers of 2 for marking
.[3987.112s][info][gc,marking     ] GC(1024) Concurrent Mark From Roots 968.078ms
[3987.112s][info][gc,marking     ] GC(1024) Concurrent Preclean
[3987.112s][info][gc,marking     ] GC(1024) Concurrent Preclean 0.098ms
[3987.112s][info][gc,start       ] GC(1024) Pause Remark
[3987.118s][info][gc             ] GC(1024) Pause Remark 2450M->2450M(4096M) 6.040ms
[3987.118s][info][gc,cpu         ] GC(1024) User=0.03s Sys=0.00s Real=0.01s
[3987.118s][info][gc,marking     ] GC(1024) Concurrent Mark 974.478ms
[3987.118s][info][gc,marking     ] GC(1024) Concurrent Rebuild Remembered Sets and Scrub Regions
[3987.456s][info][gc,marking     ] GC(1024) Concurrent Rebuild Remembered Sets and Scrub Regions 337.905ms
[3987.457s][info][gc,start       ] GC(1024) Pause Cleanup
[3987.457s][info][gc             ] GC(1024) Pause Cleanup 2757M->2757M(4096M) 0.123ms
[3987.457s][info][gc,cpu         ] GC(1024) User=0.00s Sys=0.00s Real=0.00s
[3987.457s][info][gc,marking     ] GC(1024) Concurrent Clear Claimed Marks
[3987.457s][info][gc,marking     ] GC(1024) Concurrent Clear Claimed Marks 0.030ms
[3987.457s][info][gc,marking     ] GC(1024) Concurrent Cleanup for Next Mark
[3987.464s][info][gc,marking     ] GC(1024) Concurrent Cleanup for Next Mark 6.558ms
[3987.464s][info][gc             ] GC(1024) Concurrent Mark Cycle 1493.333ms
.[3988.459s][info][gc,start       ] GC(1025) Pause Young (Prepare Mixed) (G1 Evacuation Pause)
[3988.460s][info][gc,task        ] GC(1025) Using 6 workers of 6 for evacuation
[3988.580s][info][gc,phases      ] GC(1025)   Pre Evacuate Collection Set: 0.38ms
[3988.580s][info][gc,phases      ] GC(1025)   Merge Heap Roots: 0.49ms
[3988.580s][info][gc,phases      ] GC(1025)   Evacuate Collection Set: 118.49ms
[3988.580s][info][gc,phases      ] GC(1025)   Post Evacuate Collection Set: 0.92ms
[3988.580s][info][gc,phases      ] GC(1025)   Other: 0.09ms
[3988.580s][info][gc,heap        ] GC(1025) Eden regions: 1118->0(1101)
[3988.580s][info][gc,heap        ] GC(1025) Survivor regions: 110->113(154)
[3988.580s][info][gc,heap        ] GC(1025) Old regions: 507->538
[3988.580s][info][gc,heap        ] GC(1025) Humongous regions: 80->80
[3988.580s][info][gc,metaspace   ] GC(1025) Metaspace: 28947K(29376K)->28947K(29376K) NonClass: 24077K(24256K)->24077K(24256K) Class: 4869K(5120K)->4869K(5120K)
[3988.580s][info][gc             ] GC(1025) Pause Young (Prepare Mixed) (G1 Evacuation Pause) 3627M->1459M(4096M) 120.501ms
[3988.580s][info][gc,cpu         ] GC(1025) User=0.72s Sys=0.00s Real=0.12s
...|[3991.037s][info][gc,start       ] GC(1026) Pause Young (Mixed) (G1 Evacuation Pause)
[3991.037s][info][gc,task        ] GC(1026) Using 6 workers of 6 for evacuation
[3991.169s][info][gc,phases      ] GC(1026)   Pre Evacuate Collection Set: 0.39ms
[3991.169s][info][gc,phases      ] GC(1026)   Merge Heap Roots: 0.66ms
[3991.169s][info][gc,phases      ] GC(1026)   Evacuate Collection Set: 129.82ms
[3991.169s][info][gc,phases      ] GC(1026)   Post Evacuate Collection Set: 0.97ms
[3991.169s][info][gc,phases      ] GC(1026)   Other: 0.09ms
[3991.169s][info][gc,heap        ] GC(1026) Eden regions: 1101->0(1119)
[3991.169s][info][gc,heap        ] GC(1026) Survivor regions: 113->109(152)
[3991.169s][info][gc,heap        ] GC(1026) Old regions: 538->472
[3991.169s][info][gc,heap        ] GC(1026) Humongous regions: 80->80
[3991.169s][info][gc,metaspace   ] GC(1026) Metaspace: 28947K(29376K)->28947K(29376K) NonClass: 24077K(24256K)->24077K(24256K) Class: 4869K(5120K)->4869K(5120K)
[3991.169s][info][gc             ] GC(1026) Pause Young (Mixed) (G1 Evacuation Pause) 3661M->1319M(4096M) 132.058ms
[3991.169s][info][gc,cpu         ] GC(1026) User=0.78s Sys=0.00s Real=0.13s
..[3993.684s][info][gc,start       ] GC(1027) Pause Young (Concurrent Start) (G1 Evacuation Pause)
[3993.684s][info][gc,task        ] GC(1027) Using 6 workers of 6 for evacuation
[3993.806s][info][gc,phases      ] GC(1027)   Pre Evacuate Collection Set: 0.37ms
[3993.806s][info][gc,phases      ] GC(1027)   Merge Heap Roots: 0.48ms
[3993.806s][info][gc,phases      ] GC(1027)   Evacuate Collection Set: 119.85ms
[3993.806s][info][gc,phases      ] GC(1027)   Post Evacuate Collection Set: 0.92ms
[3993.806s][info][gc,phases      ] GC(1027)   Other: 0.12ms
[3993.806s][info][gc,heap        ] GC(1027) Eden regions: 1119->0(1115)
[3993.806s][info][gc,heap        ] GC(1027) Survivor regions: 109->113(154)
[3993.806s][info][gc,heap        ] GC(1027) Old regions: 472->504
[3993.806s][info][gc,heap        ] GC(1027) Humongous regions: 80->80
[3993.806s][info][gc,metaspace   ] GC(1027) Metaspace: 28947K(29376K)->28947K(29376K) NonClass: 24077K(24256K)->24077K(24256K) Class: 4869K(5120K)->4869K(5120K)
[3993.806s][info][gc             ] GC(1027) Pause Young (Concurrent Start) (G1 Evacuation Pause) 3557M->1390M(4096M) 121.879ms
[3993.806s][info][gc             ] GC(1028) Concurrent Mark Cycle
[3993.806s][info][gc,marking     ] GC(1028) Concurrent Scan Root Regions
[3993.806s][info][gc,cpu         ] GC(1027) User=0.72s Sys=0.00s Real=0.13s
.[3993.978s][info][gc,marking     ] GC(1028) Concurrent Scan Root Regions 171.779ms
[3993.978s][info][gc,marking     ] GC(1028) Concurrent Mark
[3993.978s][info][gc,marking     ] GC(1028) Concurrent Mark From Roots
[3993.978s][info][gc,task        ] GC(1028) Using 2 workers of 2 for marking
.[3994.869s][info][gc,marking     ] GC(1028) Concurrent Mark From Roots 890.792ms
[3994.869s][info][gc,marking     ] GC(1028) Concurrent Preclean
[3994.869s][info][gc,marking     ] GC(1028) Concurrent Preclean 0.112ms
[3994.871s][info][gc,start       ] GC(1028) Pause Remark
[3994.877s][info][gc             ] GC(1028) Pause Remark 2296M->2296M(4096M) 6.231ms
[3994.877s][info][gc,cpu         ] GC(1028) User=0.03s Sys=0.00s Real=0.01s
[3994.877s][info][gc,marking     ] GC(1028) Concurrent Mark 899.340ms
[3994.877s][info][gc,marking     ] GC(1028) Concurrent Rebuild Remembered Sets and Scrub Regions
[3995.277s][info][gc,marking     ] GC(1028) Concurrent Rebuild Remembered Sets and Scrub Regions 399.801ms
[3995.277s][info][gc,start       ] GC(1028) Pause Cleanup
[3995.277s][info][gc             ] GC(1028) Pause Cleanup 2746M->2746M(4096M) 0.107ms
[3995.278s][info][gc,cpu         ] GC(1028) User=0.00s Sys=0.00s Real=0.00s
[3995.278s][info][gc,marking     ] GC(1028) Concurrent Clear Claimed Marks
[3995.278s][info][gc,marking     ] GC(1028) Concurrent Clear Claimed Marks 0.021ms
[3995.278s][info][gc,marking     ] GC(1028) Concurrent Cleanup for Next Mark
[3995.281s][info][gc,marking     ] GC(1028) Concurrent Cleanup for Next Mark 3.249ms
[3995.281s][info][gc             ] GC(1028) Concurrent Mark Cycle 1474.593ms
.[3996.315s][info][gc,start       ] GC(1029) Pause Young (Prepare Mixed) (G1 Evacuation Pause)
[3996.315s][info][gc,task        ] GC(1029) Using 6 workers of 6 for evacuation
[3996.436s][info][gc,phases      ] GC(1029)   Pre Evacuate Collection Set: 0.34ms
[3996.436s][info][gc,phases      ] GC(1029)   Merge Heap Roots: 0.55ms
[3996.436s][info][gc,phases      ] GC(1029)   Evacuate Collection Set: 118.74ms
[3996.436s][info][gc,phases      ] GC(1029)   Post Evacuate Collection Set: 0.95ms
[3996.436s][info][gc,phases      ] GC(1029)   Other: 0.09ms
[3996.436s][info][gc,heap        ] GC(1029) Eden regions: 1115->0(1107)
[3996.436s][info][gc,heap        ] GC(1029) Survivor regions: 113->112(154)
[3996.436s][info][gc,heap        ] GC(1029) Old regions: 504->534
[3996.436s][info][gc,heap        ] GC(1029) Humongous regions: 80->80
[3996.436s][info][gc,metaspace   ] GC(1029) Metaspace: 28947K(29376K)->28947K(29376K) NonClass: 24077K(24256K)->24077K(24256K) Class: 4869K(5120K)->4869K(5120K)
[3996.436s][info][gc             ] GC(1029) Pause Young (Prepare Mixed) (G1 Evacuation Pause) 3620M->1450M(4096M) 120.792ms
[3996.436s][info][gc,cpu         ] GC(1029) User=0.71s Sys=0.00s Real=0.12s
...[3998.875s][info][gc,start       ] GC(1030) Pause Young (Mixed) (G1 Evacuation Pause)
[3998.875s][info][gc,task        ] GC(1030) Using 6 workers of 6 for evacuation
[3999.014s][info][gc,phases      ] GC(1030)   Pre Evacuate Collection Set: 0.39ms
[3999.014s][info][gc,phases      ] GC(1030)   Merge Heap Roots: 0.73ms
[3999.014s][info][gc,phases      ] GC(1030)   Evacuate Collection Set: 136.09ms
[3999.014s][info][gc,phases      ] GC(1030)   Post Evacuate Collection Set: 0.99ms
[3999.014s][info][gc,phases      ] GC(1030)   Other: 0.10ms
[3999.014s][info][gc,heap        ] GC(1030) Eden regions: 1107->0(1115)
[3999.014s][info][gc,heap        ] GC(1030) Survivor regions: 112->113(153)
[3999.014s][info][gc,heap        ] GC(1030) Old regions: 534->472
[3999.014s][info][gc,heap        ] GC(1030) Humongous regions: 80->80
[3999.014s][info][gc,metaspace   ] GC(1030) Metaspace: 28947K(29376K)->28947K(29376K) NonClass: 24077K(24256K)->24077K(24256K) Class: 4869K(5120K)->4869K(5120K)
[3999.014s][info][gc             ] GC(1030) Pause Young (Mixed) (G1 Evacuation Pause) 3664M->1326M(4096M) 138.436ms
[3999.014s][info][gc,cpu         ] GC(1030) User=0.82s Sys=0.00s Real=0.14s
..[4001.548s][info][gc,start       ] GC(1031) Pause Young (Concurrent Start) (G1 Evacuation Pause)
[4001.549s][info][gc,task        ] GC(1031) Using 6 workers of 6 for evacuation
[4001.669s][info][gc,phases      ] GC(1031)   Pre Evacuate Collection Set: 0.35ms
[4001.669s][info][gc,phases      ] GC(1031)   Merge Heap Roots: 0.46ms
[4001.669s][info][gc,phases      ] GC(1031)   Evacuate Collection Set: 118.54ms
[4001.669s][info][gc,phases      ] GC(1031)   Post Evacuate Collection Set: 0.87ms
[4001.669s][info][gc,phases      ] GC(1031)   Other: 0.13ms
[4001.669s][info][gc,heap        ] GC(1031) Eden regions: 1115->0(1116)
[4001.669s][info][gc,heap        ] GC(1031) Survivor regions: 113->112(154)
[4001.669s][info][gc,heap        ] GC(1031) Old regions: 472->504
[4001.669s][info][gc,heap        ] GC(1031) Humongous regions: 80->80
[4001.669s][info][gc,metaspace   ] GC(1031) Metaspace: 28947K(29376K)->28947K(29376K) NonClass: 24077K(24256K)->24077K(24256K) Class: 4869K(5120K)->4869K(5120K)
[4001.669s][info][gc             ] GC(1031) Pause Young (Concurrent Start) (G1 Evacuation Pause) 3556M->1388M(4096M) 120.479ms
[4001.669s][info][gc             ] GC(1032) Concurrent Mark Cycle
[4001.669s][info][gc,marking     ] GC(1032) Concurrent Scan Root Regions
[4001.669s][info][gc,cpu         ] GC(1031) User=0.71s Sys=0.00s Real=0.12s
.[4001.832s][info][gc,marking     ] GC(1032) Concurrent Scan Root Regions 163.276ms
[4001.832s][info][gc,marking     ] GC(1032) Concurrent Mark
[4001.832s][info][gc,marking     ] GC(1032) Concurrent Mark From Roots
[4001.832s][info][gc,task        ] GC(1032) Using 2 workers of 2 for marking
[4002.792s][info][gc,marking     ] GC(1032) Concurrent Mark From Roots 959.382ms
[4002.792s][info][gc,marking     ] GC(1032) Concurrent Preclean
[4002.792s][info][gc,marking     ] GC(1032) Concurrent Preclean 0.107ms
[4002.794s][info][gc,start       ] GC(1032) Pause Remark
[4002.799s][info][gc             ] GC(1032) Pause Remark 2420M->2420M(4096M) 5.794ms
[4002.799s][info][gc,cpu         ] GC(1032) User=0.03s Sys=0.00s Real=0.01s
[4002.799s][info][gc,marking     ] GC(1032) Concurrent Mark 967.179ms
[4002.799s][info][gc,marking     ] GC(1032) Concurrent Rebuild Remembered Sets and Scrub Regions
.[4003.193s][info][gc,marking     ] GC(1032) Concurrent Rebuild Remembered Sets and Scrub Regions 393.616ms
[4003.193s][info][gc,start       ] GC(1032) Pause Cleanup
[4003.193s][info][gc             ] GC(1032) Pause Cleanup 2786M->2786M(4096M) 0.113ms
[4003.193s][info][gc,cpu         ] GC(1032) User=0.00s Sys=0.00s Real=0.00s
[4003.194s][info][gc,marking     ] GC(1032) Concurrent Clear Claimed Marks
[4003.194s][info][gc,marking     ] GC(1032) Concurrent Clear Claimed Marks 0.048ms
[4003.194s][info][gc,marking     ] GC(1032) Concurrent Cleanup for Next Mark
[4003.202s][info][gc,marking     ] GC(1032) Concurrent Cleanup for Next Mark 7.369ms
[4003.202s][info][gc             ] GC(1032) Concurrent Mark Cycle 1532.765ms
.[4004.181s][info][gc,start       ] GC(1033) Pause Young (Prepare Mixed) (G1 Evacuation Pause)
[4004.181s][info][gc,task        ] GC(1033) Using 6 workers of 6 for evacuation
[4004.298s][info][gc,phases      ] GC(1033)   Pre Evacuate Collection Set: 0.36ms
[4004.298s][info][gc,phases      ] GC(1033)   Merge Heap Roots: 0.50ms
[4004.298s][info][gc,phases      ] GC(1033)   Evacuate Collection Set: 115.31ms
[4004.298s][info][gc,phases      ] GC(1033)   Post Evacuate Collection Set: 0.95ms
[4004.298s][info][gc,phases      ] GC(1033)   Other: 0.10ms
[4004.298s][info][gc,heap        ] GC(1033) Eden regions: 1116->0(1110)
[4004.298s][info][gc,heap        ] GC(1033) Survivor regions: 112->110(154)
[4004.298s][info][gc,heap        ] GC(1033) Old regions: 504->535
[4004.298s][info][gc,heap        ] GC(1033) Humongous regions: 80->80
[4004.298s][info][gc,metaspace   ] GC(1033) Metaspace: 28947K(29376K)->28947K(29376K) NonClass: 24077K(24256K)->24077K(24256K) Class: 4869K(5120K)->4869K(5120K)
[4004.298s][info][gc             ] GC(1033) Pause Young (Prepare Mixed) (G1 Evacuation Pause) 3620M->1447M(4096M) 117.357ms
[4004.298s][info][gc,cpu         ] GC(1033) User=0.70s Sys=0.00s Real=0.12s
..[4006.800s][info][gc,start       ] GC(1034) Pause Young (Mixed) (G1 Evacuation Pause)
[4006.800s][info][gc,task        ] GC(1034) Using 6 workers of 6 for evacuation
[4006.938s][info][gc,phases      ] GC(1034)   Pre Evacuate Collection Set: 0.40ms
[4006.938s][info][gc,phases      ] GC(1034)   Merge Heap Roots: 0.73ms
[4006.938s][info][gc,phases      ] GC(1034)   Evacuate Collection Set: 135.86ms
[4006.938s][info][gc,phases      ] GC(1034)   Post Evacuate Collection Set: 0.97ms
[4006.938s][info][gc,phases      ] GC(1034)   Other: 0.09ms
[4006.938s][info][gc,heap        ] GC(1034) Eden regions: 1110->0(1115)
[4006.938s][info][gc,heap        ] GC(1034) Survivor regions: 110->113(153)
[4006.938s][info][gc,heap        ] GC(1034) Old regions: 535->473
[4006.938s][info][gc,heap        ] GC(1034) Humongous regions: 80->80
[4006.938s][info][gc,metaspace   ] GC(1034) Metaspace: 28947K(29376K)->28947K(29376K) NonClass: 24077K(24256K)->24077K(24256K) Class: 4869K(5120K)->4869K(5120K)
[4006.938s][info][gc             ] GC(1034) Pause Young (Mixed) (G1 Evacuation Pause) 3667M->1328M(4096M) 138.202ms
[4006.938s][info][gc,cpu         ] GC(1034) User=0.82s Sys=0.00s Real=0.14s
...[4009.416s][info][gc,start       ] GC(1035) Pause Young (Concurrent Start) (G1 Evacuation Pause)
[4009.416s][info][gc,task        ] GC(1035) Using 6 workers of 6 for evacuation
[4009.534s][info][gc,phases      ] GC(1035)   Pre Evacuate Collection Set: 0.36ms
[4009.534s][info][gc,phases      ] GC(1035)   Merge Heap Roots: 0.45ms
[4009.534s][info][gc,phases      ] GC(1035)   Evacuate Collection Set: 115.87ms
[4009.534s][info][gc,phases      ] GC(1035)   Post Evacuate Collection Set: 0.88ms
[4009.534s][info][gc,phases      ] GC(1035)   Other: 0.11ms
[4009.534s][info][gc,heap        ] GC(1035) Eden regions: 1115->0(1119)
[4009.534s][info][gc,heap        ] GC(1035) Survivor regions: 113->109(154)
[4009.534s][info][gc,heap        ] GC(1035) Old regions: 473->505
[4009.534s][info][gc,heap        ] GC(1035) Humongous regions: 80->80
[4009.534s][info][gc,metaspace   ] GC(1035) Metaspace: 28947K(29376K)->28947K(29376K) NonClass: 24077K(24256K)->24077K(24256K) Class: 4869K(5120K)->4869K(5120K)
[4009.534s][info][gc             ] GC(1035) Pause Young (Concurrent Start) (G1 Evacuation Pause) 3558M->1385M(4096M) 117.794ms
[4009.534s][info][gc             ] GC(1036) Concurrent Mark Cycle
[4009.534s][info][gc,marking     ] GC(1036) Concurrent Scan Root Regions
[4009.534s][info][gc,cpu         ] GC(1035) User=0.70s Sys=0.00s Real=0.11s
[4009.722s][info][gc,marking     ] GC(1036) Concurrent Scan Root Regions 187.701ms
[4009.722s][info][gc,marking     ] GC(1036) Concurrent Mark
[4009.722s][info][gc,marking     ] GC(1036) Concurrent Mark From Roots
[4009.722s][info][gc,task        ] GC(1036) Using 2 workers of 2 for marking
.[4010.641s][info][gc,marking     ] GC(1036) Concurrent Mark From Roots 919.288ms
[4010.641s][info][gc,marking     ] GC(1036) Concurrent Preclean
[4010.641s][info][gc,marking     ] GC(1036) Concurrent Preclean 0.110ms
[4010.643s][info][gc,start       ] GC(1036) Pause Remark
[4010.649s][info][gc             ] GC(1036) Pause Remark 2365M->2365M(4096M) 6.203ms
[4010.649s][info][gc,cpu         ] GC(1036) User=0.03s Sys=0.00s Real=0.01s
[4010.649s][info][gc,marking     ] GC(1036) Concurrent Mark 927.298ms
[4010.649s][info][gc,marking     ] GC(1036) Concurrent Rebuild Remembered Sets and Scrub Regions
[4011.029s][info][gc,marking     ] GC(1036) Concurrent Rebuild Remembered Sets and Scrub Regions 379.900ms
[4011.029s][info][gc,start       ] GC(1036) Pause Cleanup
[4011.029s][info][gc             ] GC(1036) Pause Cleanup 2747M->2747M(4096M) 0.100ms
[4011.029s][info][gc,cpu         ] GC(1036) User=0.00s Sys=0.00s Real=0.00s
[4011.029s][info][gc,marking     ] GC(1036) Concurrent Clear Claimed Marks
[4011.029s][info][gc,marking     ] GC(1036) Concurrent Clear Claimed Marks 0.020ms
[4011.029s][info][gc,marking     ] GC(1036) Concurrent Cleanup for Next Mark
[4011.033s][info][gc,marking     ] GC(1036) Concurrent Cleanup for Next Mark 3.260ms
[4011.033s][info][gc             ] GC(1036) Concurrent Mark Cycle 1498.645ms
.[4012.029s][info][gc,start       ] GC(1037) Pause Young (Prepare Mixed) (G1 Evacuation Pause)
[4012.029s][info][gc,task        ] GC(1037) Using 6 workers of 6 for evacuation
[4012.146s][info][gc,phases      ] GC(1037)   Pre Evacuate Collection Set: 0.38ms
[4012.146s][info][gc,phases      ] GC(1037)   Merge Heap Roots: 0.58ms
[4012.146s][info][gc,phases      ] GC(1037)   Evacuate Collection Set: 114.02ms
[4012.146s][info][gc,phases      ] GC(1037)   Post Evacuate Collection Set: 0.95ms
[4012.146s][info][gc,phases      ] GC(1037)   Other: 0.82ms
[4012.146s][info][gc,heap        ] GC(1037) Eden regions: 1119->0(1112)
[4012.146s][info][gc,heap        ] GC(1037) Survivor regions: 109->108(154)
[4012.146s][info][gc,heap        ] GC(1037) Old regions: 505->537
[4012.146s][info][gc,heap        ] GC(1037) Humongous regions: 80->80
[4012.146s][info][gc,metaspace   ] GC(1037) Metaspace: 28947K(29376K)->28947K(29376K) NonClass: 24077K(24256K)->24077K(24256K) Class: 4869K(5120K)->4869K(5120K)
[4012.146s][info][gc             ] GC(1037) Pause Young (Prepare Mixed) (G1 Evacuation Pause) 3623M->1446M(4096M) 116.896ms
[4012.146s][info][gc,cpu         ] GC(1037) User=0.68s Sys=0.00s Real=0.11s
...[4014.639s][info][gc,start       ] GC(1038) Pause Young (Mixed) (G1 Evacuation Pause)
[4014.639s][info][gc,task        ] GC(1038) Using 6 workers of 6 for evacuation
[4014.773s][info][gc,phases      ] GC(1038)   Pre Evacuate Collection Set: 0.39ms
[4014.773s][info][gc,phases      ] GC(1038)   Merge Heap Roots: 0.66ms
[4014.773s][info][gc,phases      ] GC(1038)   Evacuate Collection Set: 131.62ms
[4014.773s][info][gc,phases      ] GC(1038)   Post Evacuate Collection Set: 0.97ms
[4014.773s][info][gc,phases      ] GC(1038)   Other: 0.09ms
[4014.773s][info][gc,heap        ] GC(1038) Eden regions: 1112->0(1117)
[4014.773s][info][gc,heap        ] GC(1038) Survivor regions: 108->111(153)
[4014.773s][info][gc,heap        ] GC(1038) Old regions: 537->473
[4014.773s][info][gc,heap        ] GC(1038) Humongous regions: 80->80
[4014.773s][info][gc,metaspace   ] GC(1038) Metaspace: 28947K(29376K)->28947K(29376K) NonClass: 24077K(24256K)->24077K(24256K) Class: 4869K(5120K)->4869K(5120K)
[4014.773s][info][gc             ] GC(1038) Pause Young (Mixed) (G1 Evacuation Pause) 3670M->1325M(4096M) 133.857ms
[4014.773s][info][gc,cpu         ] GC(1038) User=0.79s Sys=0.00s Real=0.13s
...[4017.261s][info][gc,start       ] GC(1039) Pause Young (Concurrent Start) (G1 Evacuation Pause)
[4017.261s][info][gc,task        ] GC(1039) Using 6 workers of 6 for evacuation
[4017.380s][info][gc,phases      ] GC(1039)   Pre Evacuate Collection Set: 0.40ms
[4017.380s][info][gc,phases      ] GC(1039)   Merge Heap Roots: 0.45ms
[4017.380s][info][gc,phases      ] GC(1039)   Evacuate Collection Set: 116.71ms
[4017.380s][info][gc,phases      ] GC(1039)   Post Evacuate Collection Set: 0.89ms
[4017.380s][info][gc,phases      ] GC(1039)   Other: 0.11ms
[4017.380s][info][gc,heap        ] GC(1039) Eden regions: 1117->0(1119)
[4017.380s][info][gc,heap        ] GC(1039) Survivor regions: 111->109(154)
[4017.380s][info][gc,heap        ] GC(1039) Old regions: 473->504
[4017.380s][info][gc,heap        ] GC(1039) Humongous regions: 80->80
[4017.380s][info][gc,metaspace   ] GC(1039) Metaspace: 28947K(29376K)->28947K(29376K) NonClass: 24077K(24256K)->24077K(24256K) Class: 4869K(5120K)->4869K(5120K)
[4017.380s][info][gc             ] GC(1039) Pause Young (Concurrent Start) (G1 Evacuation Pause) 3559M->1384M(4096M) 118.700ms
[4017.380s][info][gc             ] GC(1040) Concurrent Mark Cycle
[4017.380s][info][gc,marking     ] GC(1040) Concurrent Scan Root Regions
[4017.380s][info][gc,cpu         ] GC(1039) User=0.70s Sys=0.00s Real=0.12s
[4017.567s][info][gc,marking     ] GC(1040) Concurrent Scan Root Regions 187.044ms
[4017.567s][info][gc,marking     ] GC(1040) Concurrent Mark
[4017.567s][info][gc,marking     ] GC(1040) Concurrent Mark From Roots
[4017.567s][info][gc,task        ] GC(1040) Using 2 workers of 2 for marking
.[4018.283s][info][gc,marking     ] GC(1040) Concurrent Mark From Roots 715.508ms
[4018.283s][info][gc,marking     ] GC(1040) Concurrent Preclean
[4018.283s][info][gc,marking     ] GC(1040) Concurrent Preclean 0.112ms
[4018.283s][info][gc,start       ] GC(1040) Pause Remark
[4018.289s][info][gc             ] GC(1040) Pause Remark 2194M->2194M(4096M) 5.531ms
[4018.289s][info][gc,cpu         ] GC(1040) User=0.03s Sys=0.00s Real=0.01s
[4018.289s][info][gc,marking     ] GC(1040) Concurrent Mark 722.371ms
[4018.290s][info][gc,marking     ] GC(1040) Concurrent Rebuild Remembered Sets and Scrub Regions
[4018.561s][info][gc,marking     ] GC(1040) Concurrent Rebuild Remembered Sets and Scrub Regions 271.188ms
[4018.561s][info][gc,start       ] GC(1040) Pause Cleanup
[4018.561s][info][gc             ] GC(1040) Pause Cleanup 2448M->2448M(4096M) 0.116ms
[4018.561s][info][gc,cpu         ] GC(1040) User=0.00s Sys=0.00s Real=0.00s
[4018.561s][info][gc,marking     ] GC(1040) Concurrent Clear Claimed Marks
[4018.562s][info][gc,marking     ] GC(1040) Concurrent Clear Claimed Marks 0.028ms
[4018.562s][info][gc,marking     ] GC(1040) Concurrent Cleanup for Next Mark
[4018.570s][info][gc,marking     ] GC(1040) Concurrent Cleanup for Next Mark 8.380ms
[4018.570s][info][gc             ] GC(1040) Concurrent Mark Cycle 1189.979ms
.[4019.889s][info][gc,start       ] GC(1041) Pause Young (Prepare Mixed) (G1 Evacuation Pause)
[4019.889s][info][gc,task        ] GC(1041) Using 6 workers of 6 for evacuation
[4020.005s][info][gc,phases      ] GC(1041)   Pre Evacuate Collection Set: 0.36ms
[4020.005s][info][gc,phases      ] GC(1041)   Merge Heap Roots: 0.53ms
[4020.005s][info][gc,phases      ] GC(1041)   Evacuate Collection Set: 114.28ms
[4020.005s][info][gc,phases      ] GC(1041)   Post Evacuate Collection Set: 0.93ms
[4020.005s][info][gc,phases      ] GC(1041)   Other: 0.09ms
[4020.005s][info][gc,heap        ] GC(1041) Eden regions: 1119->0(1115)
[4020.005s][info][gc,heap        ] GC(1041) Survivor regions: 109->107(154)
[4020.005s][info][gc,heap        ] GC(1041) Old regions: 504->536
[4020.005s][info][gc,heap        ] GC(1041) Humongous regions: 80->80
[4020.005s][info][gc,metaspace   ] GC(1041) Metaspace: 28947K(29376K)->28947K(29376K) NonClass: 24077K(24256K)->24077K(24256K) Class: 4869K(5120K)->4869K(5120K)
[4020.005s][info][gc             ] GC(1041) Pause Young (Prepare Mixed) (G1 Evacuation Pause) 3622M->1442M(4096M) 116.330ms
[4020.006s][info][gc,cpu         ] GC(1041) User=0.69s Sys=0.00s Real=0.11s
...[4022.527s][info][gc,start       ] GC(1042) Pause Young (Mixed) (G1 Evacuation Pause)
[4022.527s][info][gc,task        ] GC(1042) Using 6 workers of 6 for evacuation
[4022.663s][info][gc,phases      ] GC(1042)   Pre Evacuate Collection Set: 0.39ms
[4022.663s][info][gc,phases      ] GC(1042)   Merge Heap Roots: 0.70ms
[4022.663s][info][gc,phases      ] GC(1042)   Evacuate Collection Set: 134.44ms
[4022.663s][info][gc,phases      ] GC(1042)   Post Evacuate Collection Set: 0.95ms
[4022.663s][info][gc,phases      ] GC(1042)   Other: 0.09ms
[4022.663s][info][gc,heap        ] GC(1042) Eden regions: 1115->0(1118)
[4022.663s][info][gc,heap        ] GC(1042) Survivor regions: 107->110(153)
[4022.663s][info][gc,heap        ] GC(1042) Old regions: 536->472
[4022.663s][info][gc,heap        ] GC(1042) Humongous regions: 80->80
[4022.663s][info][gc,metaspace   ] GC(1042) Metaspace: 28947K(29376K)->28947K(29376K) NonClass: 24077K(24256K)->24077K(24256K) Class: 4869K(5120K)->4869K(5120K)
[4022.663s][info][gc             ] GC(1042) Pause Young (Mixed) (G1 Evacuation Pause) 3672M->1321M(4096M) 136.703ms
[4022.663s][info][gc,cpu         ] GC(1042) User=0.81s Sys=0.00s Real=0.13s
..[4025.148s][info][gc,start       ] GC(1043) Pause Young (Concurrent Start) (G1 Evacuation Pause)
[4025.148s][info][gc,task        ] GC(1043) Using 6 workers of 6 for evacuation
[4025.266s][info][gc,phases      ] GC(1043)   Pre Evacuate Collection Set: 0.37ms
[4025.266s][info][gc,phases      ] GC(1043)   Merge Heap Roots: 0.45ms
[4025.266s][info][gc,phases      ] GC(1043)   Evacuate Collection Set: 116.40ms
[4025.266s][info][gc,phases      ] GC(1043)   Post Evacuate Collection Set: 0.89ms
[4025.266s][info][gc,phases      ] GC(1043)   Other: 0.11ms
[4025.266s][info][gc,heap        ] GC(1043) Eden regions: 1118->0(1118)
[4025.266s][info][gc,heap        ] GC(1043) Survivor regions: 110->110(154)
[4025.266s][info][gc,heap        ] GC(1043) Old regions: 472->504
[4025.266s][info][gc,heap        ] GC(1043) Humongous regions: 80->80
[4025.266s][info][gc,metaspace   ] GC(1043) Metaspace: 28947K(29376K)->28947K(29376K) NonClass: 24077K(24256K)->24077K(24256K) Class: 4869K(5120K)->4869K(5120K)
[4025.266s][info][gc             ] GC(1043) Pause Young (Concurrent Start) (G1 Evacuation Pause) 3557M->1386M(4096M) 118.344ms
[4025.266s][info][gc             ] GC(1044) Concurrent Mark Cycle
[4025.266s][info][gc,marking     ] GC(1044) Concurrent Scan Root Regions
[4025.266s][info][gc,cpu         ] GC(1043) User=0.69s Sys=0.00s Real=0.12s
.[4025.440s][info][gc,marking     ] GC(1044) Concurrent Scan Root Regions 173.634ms
[4025.440s][info][gc,marking     ] GC(1044) Concurrent Mark
[4025.440s][info][gc,marking     ] GC(1044) Concurrent Mark From Roots
[4025.440s][info][gc,task        ] GC(1044) Using 2 workers of 2 for marking
.[4026.391s][info][gc,marking     ] GC(1044) Concurrent Mark From Roots 950.729ms
[4026.391s][info][gc,marking     ] GC(1044) Concurrent Preclean
[4026.391s][info][gc,marking     ] GC(1044) Concurrent Preclean 0.107ms
[4026.392s][info][gc,start       ] GC(1044) Pause Remark
[4026.398s][info][gc             ] GC(1044) Pause Remark 2426M->2426M(4096M) 5.825ms
[4026.398s][info][gc,cpu         ] GC(1044) User=0.03s Sys=0.00s Real=0.01s
[4026.398s][info][gc,marking     ] GC(1044) Concurrent Mark 958.295ms
[4026.398s][info][gc,marking     ] GC(1044) Concurrent Rebuild Remembered Sets and Scrub Regions
[4026.655s][info][gc,marking     ] GC(1044) Concurrent Rebuild Remembered Sets and Scrub Regions 257.135ms
[4026.655s][info][gc,start       ] GC(1044) Pause Cleanup
[4026.656s][info][gc             ] GC(1044) Pause Cleanup 2643M->2643M(4096M) 0.115ms
[4026.656s][info][gc,cpu         ] GC(1044) User=0.00s Sys=0.00s Real=0.00s
[4026.656s][info][gc,marking     ] GC(1044) Concurrent Clear Claimed Marks
[4026.656s][info][gc,marking     ] GC(1044) Concurrent Clear Claimed Marks 0.023ms
[4026.656s][info][gc,marking     ] GC(1044) Concurrent Cleanup for Next Mark
[4026.660s][info][gc,marking     ] GC(1044) Concurrent Cleanup for Next Mark 4.769ms
[4026.660s][info][gc             ] GC(1044) Concurrent Mark Cycle 1394.347ms
.[4027.772s][info][gc,start       ] GC(1045) Pause Young (Prepare Mixed) (G1 Evacuation Pause)
[4027.772s][info][gc,task        ] GC(1045) Using 6 workers of 6 for evacuation
[4027.892s][info][gc,phases      ] GC(1045)   Pre Evacuate Collection Set: 0.37ms
[4027.892s][info][gc,phases      ] GC(1045)   Merge Heap Roots: 0.51ms
[4027.892s][info][gc,phases      ] GC(1045)   Evacuate Collection Set: 117.46ms
[4027.892s][info][gc,phases      ] GC(1045)   Post Evacuate Collection Set: 0.93ms
[4027.892s][info][gc,phases      ] GC(1045)   Other: 0.09ms
[4027.892s][info][gc,heap        ] GC(1045) Eden regions: 1118->0(1107)
[4027.892s][info][gc,heap        ] GC(1045) Survivor regions: 110->111(154)
[4027.892s][info][gc,heap        ] GC(1045) Old regions: 504->536
[4027.892s][info][gc,heap        ] GC(1045) Humongous regions: 80->80
[4027.892s][info][gc,metaspace   ] GC(1045) Metaspace: 28947K(29376K)->28947K(29376K) NonClass: 24077K(24256K)->24077K(24256K) Class: 4869K(5120K)->4869K(5120K)
[4027.892s][info][gc             ] GC(1045) Pause Young (Prepare Mixed) (G1 Evacuation Pause) 3622M->1452M(4096M) 119.516ms
[4027.892s][info][gc,cpu         ] GC(1045) User=0.70s Sys=0.00s Real=0.12s
...[4030.362s][info][gc,start       ] GC(1046) Pause Young (Mixed) (G1 Evacuation Pause)
[4030.362s][info][gc,task        ] GC(1046) Using 6 workers of 6 for evacuation
[4030.501s][info][gc,phases      ] GC(1046)   Pre Evacuate Collection Set: 0.45ms
[4030.501s][info][gc,phases      ] GC(1046)   Merge Heap Roots: 0.79ms
[4030.501s][info][gc,phases      ] GC(1046)   Evacuate Collection Set: 136.25ms
[4030.501s][info][gc,phases      ] GC(1046)   Post Evacuate Collection Set: 0.98ms
[4030.501s][info][gc,phases      ] GC(1046)   Other: 0.09ms
[4030.501s][info][gc,heap        ] GC(1046) Eden regions: 1107->0(1117)
[4030.501s][info][gc,heap        ] GC(1046) Survivor regions: 111->111(153)
[4030.501s][info][gc,heap        ] GC(1046) Old regions: 536->473
[4030.501s][info][gc,heap        ] GC(1046) Humongous regions: 80->80
[4030.501s][info][gc,metaspace   ] GC(1046) Metaspace: 28947K(29376K)->28947K(29376K) NonClass: 24077K(24256K)->24077K(24256K) Class: 4869K(5120K)->4869K(5120K)
[4030.501s][info][gc             ] GC(1046) Pause Young (Mixed) (G1 Evacuation Pause) 3666M->1325M(4096M) 138.708ms
[4030.501s][info][gc,cpu         ] GC(1046) User=0.82s Sys=0.00s Real=0.14s
..[4033.032s][info][gc,start       ] GC(1047) Pause Young (Concurrent Start) (G1 Evacuation Pause)
[4033.032s][info][gc,task        ] GC(1047) Using 6 workers of 6 for evacuation
[4033.149s][info][gc,phases      ] GC(1047)   Pre Evacuate Collection Set: 0.36ms
[4033.149s][info][gc,phases      ] GC(1047)   Merge Heap Roots: 0.50ms
[4033.149s][info][gc,phases      ] GC(1047)   Evacuate Collection Set: 114.95ms
[4033.149s][info][gc,phases      ] GC(1047)   Post Evacuate Collection Set: 0.89ms
[4033.149s][info][gc,phases      ] GC(1047)   Other: 0.13ms
[4033.149s][info][gc,heap        ] GC(1047) Eden regions: 1117->0(1120)
[4033.149s][info][gc,heap        ] GC(1047) Survivor regions: 111->108(154)
[4033.149s][info][gc,heap        ] GC(1047) Old regions: 473->504
[4033.149s][info][gc,heap        ] GC(1047) Humongous regions: 80->80
[4033.149s][info][gc,metaspace   ] GC(1047) Metaspace: 28947K(29376K)->28947K(29376K) NonClass: 24077K(24256K)->24077K(24256K) Class: 4869K(5120K)->4869K(5120K)
[4033.149s][info][gc             ] GC(1047) Pause Young (Concurrent Start) (G1 Evacuation Pause) 3559M->1382M(4096M) 116.953ms
[4033.149s][info][gc             ] GC(1048) Concurrent Mark Cycle
[4033.149s][info][gc,marking     ] GC(1048) Concurrent Scan Root Regions
[4033.149s][info][gc,cpu         ] GC(1047) User=0.69s Sys=0.00s Real=0.12s
[4033.282s][info][gc,marking     ] GC(1048) Concurrent Scan Root Regions 133.159ms
[4033.282s][info][gc,marking     ] GC(1048) Concurrent Mark
[4033.282s][info][gc,marking     ] GC(1048) Concurrent Mark From Roots
[4033.282s][info][gc,task        ] GC(1048) Using 2 workers of 2 for marking
.[4033.979s][info][gc,marking     ] GC(1048) Concurrent Mark From Roots 697.212ms
[4033.979s][info][gc,marking     ] GC(1048) Concurrent Preclean
[4033.979s][info][gc,marking     ] GC(1048) Concurrent Preclean 0.107ms
[4033.981s][info][gc,start       ] GC(1048) Pause Remark
[4033.986s][info][gc             ] GC(1048) Pause Remark 2094M->2094M(4096M) 5.183ms
[4033.986s][info][gc,cpu         ] GC(1048) User=0.02s Sys=0.00s Real=0.01s
[4033.987s][info][gc,marking     ] GC(1048) Concurrent Mark 704.512ms
[4033.987s][info][gc,marking     ] GC(1048) Concurrent Rebuild Remembered Sets and Scrub Regions
[4034.375s][info][gc,marking     ] GC(1048) Concurrent Rebuild Remembered Sets and Scrub Regions 388.105ms
[4034.376s][info][gc,start       ] GC(1048) Pause Cleanup
[4034.377s][info][gc             ] GC(1048) Pause Cleanup 2498M->2498M(4096M) 0.127ms
[4034.377s][info][gc,cpu         ] GC(1048) User=0.00s Sys=0.00s Real=0.00s
[4034.377s][info][gc,marking     ] GC(1048) Concurrent Clear Claimed Marks
[4034.377s][info][gc,marking     ] GC(1048) Concurrent Clear Claimed Marks 0.036ms
[4034.377s][info][gc,marking     ] GC(1048) Concurrent Cleanup for Next Mark
[4034.391s][info][gc,marking     ] GC(1048) Concurrent Cleanup for Next Mark 14.413ms
[4034.391s][info][gc             ] GC(1048) Concurrent Mark Cycle 1242.587ms
..[4035.657s][info][gc,start       ] GC(1049) Pause Young (Prepare Mixed) (G1 Evacuation Pause)
[4035.657s][info][gc,task        ] GC(1049) Using 6 workers of 6 for evacuation
[4035.782s][info][gc,phases      ] GC(1049)   Pre Evacuate Collection Set: 0.32ms
[4035.782s][info][gc,phases      ] GC(1049)   Merge Heap Roots: 0.52ms
[4035.782s][info][gc,phases      ] GC(1049)   Evacuate Collection Set: 122.58ms
[4035.782s][info][gc,phases      ] GC(1049)   Post Evacuate Collection Set: 0.92ms
[4035.782s][info][gc,phases      ] GC(1049)   Other: 0.09ms
[4035.782s][info][gc,heap        ] GC(1049) Eden regions: 1120->0(1098)
[4035.782s][info][gc,heap        ] GC(1049) Survivor regions: 108->116(154)
[4035.782s][info][gc,heap        ] GC(1049) Old regions: 504->535
[4035.782s][info][gc,heap        ] GC(1049) Humongous regions: 80->80
[4035.782s][info][gc,metaspace   ] GC(1049) Metaspace: 28947K(29376K)->28947K(29376K) NonClass: 24077K(24256K)->24077K(24256K) Class: 4869K(5120K)->4869K(5120K)
[4035.782s][info][gc             ] GC(1049) Pause Young (Prepare Mixed) (G1 Evacuation Pause) 3622M->1458M(4096M) 124.581ms
[4035.782s][info][gc,cpu         ] GC(1049) User=0.74s Sys=0.01s Real=0.12s
..[4038.233s][info][gc,start       ] GC(1050) Pause Young (Mixed) (G1 Evacuation Pause)
[4038.233s][info][gc,task        ] GC(1050) Using 6 workers of 6 for evacuation
[4038.366s][info][gc,phases      ] GC(1050)   Pre Evacuate Collection Set: 0.37ms
[4038.366s][info][gc,phases      ] GC(1050)   Merge Heap Roots: 0.67ms
[4038.366s][info][gc,phases      ] GC(1050)   Evacuate Collection Set: 131.09ms
[4038.366s][info][gc,phases      ] GC(1050)   Post Evacuate Collection Set: 0.95ms
[4038.366s][info][gc,phases      ] GC(1050)   Other: 0.09ms
[4038.366s][info][gc,heap        ] GC(1050) Eden regions: 1098->0(1119)
[4038.366s][info][gc,heap        ] GC(1050) Survivor regions: 116->109(152)
[4038.366s][info][gc,heap        ] GC(1050) Old regions: 535->472
[4038.366s][info][gc,heap        ] GC(1050) Humongous regions: 80->80
[4038.366s][info][gc,metaspace   ] GC(1050) Metaspace: 28947K(29376K)->28947K(29376K) NonClass: 24077K(24256K)->24077K(24256K) Class: 4869K(5120K)->4869K(5120K)
[4038.366s][info][gc             ] GC(1050) Pause Young (Mixed) (G1 Evacuation Pause) 3654M->1318M(4096M) 133.287ms
[4038.366s][info][gc,cpu         ] GC(1050) User=0.79s Sys=0.00s Real=0.14s
...[4040.842s][info][gc,start       ] GC(1051) Pause Young (Concurrent Start) (G1 Evacuation Pause)
[4040.842s][info][gc,task        ] GC(1051) Using 6 workers of 6 for evacuation
[4040.959s][info][gc,phases      ] GC(1051)   Pre Evacuate Collection Set: 0.39ms
[4040.959s][info][gc,phases      ] GC(1051)   Merge Heap Roots: 0.47ms
[4040.959s][info][gc,phases      ] GC(1051)   Evacuate Collection Set: 114.95ms
[4040.959s][info][gc,phases      ] GC(1051)   Post Evacuate Collection Set: 0.90ms
[4040.959s][info][gc,phases      ] GC(1051)   Other: 0.09ms
[4040.959s][info][gc,heap        ] GC(1051) Eden regions: 1119->0(1119)
[4040.959s][info][gc,heap        ] GC(1051) Survivor regions: 109->109(154)
[4040.959s][info][gc,heap        ] GC(1051) Old regions: 472->504
[4040.959s][info][gc,heap        ] GC(1051) Humongous regions: 80->80
[4040.959s][info][gc,metaspace   ] GC(1051) Metaspace: 28947K(29376K)->28947K(29376K) NonClass: 24077K(24256K)->24077K(24256K) Class: 4869K(5120K)->4869K(5120K)
[4040.959s][info][gc             ] GC(1051) Pause Young (Concurrent Start) (G1 Evacuation Pause) 3556M->1382M(4096M) 116.964ms
[4040.959s][info][gc             ] GC(1052) Concurrent Mark Cycle
[4040.959s][info][gc,marking     ] GC(1052) Concurrent Scan Root Regions
[4040.959s][info][gc,cpu         ] GC(1051) User=0.69s Sys=0.00s Real=0.12s
[4041.134s][info][gc,marking     ] GC(1052) Concurrent Scan Root Regions 175.568ms
[4041.134s][info][gc,marking     ] GC(1052) Concurrent Mark
[4041.134s][info][gc,marking     ] GC(1052) Concurrent Mark From Roots
[4041.134s][info][gc,task        ] GC(1052) Using 2 workers of 2 for marking
.[4042.133s][info][gc,marking     ] GC(1052) Concurrent Mark From Roots 998.978ms
[4042.133s][info][gc,marking     ] GC(1052) Concurrent Preclean
[4042.134s][info][gc,marking     ] GC(1052) Concurrent Preclean 0.115ms
[4042.136s][info][gc,start       ] GC(1052) Pause Remark
[4042.140s][info][gc             ] GC(1052) Pause Remark 2482M->2482M(4096M) 4.254ms
[4042.140s][info][gc,cpu         ] GC(1052) User=0.02s Sys=0.00s Real=0.01s
[4042.141s][info][gc,marking     ] GC(1052) Concurrent Mark 1006.356ms
[4042.141s][info][gc,marking     ] GC(1052) Concurrent Rebuild Remembered Sets and Scrub Regions
.[4042.470s][info][gc,marking     ] GC(1052) Concurrent Rebuild Remembered Sets and Scrub Regions 329.135ms
[4042.470s][info][gc,start       ] GC(1052) Pause Cleanup
[4042.471s][info][gc             ] GC(1052) Pause Cleanup 2770M->2770M(4096M) 0.113ms
[4042.471s][info][gc,cpu         ] GC(1052) User=0.00s Sys=0.00s Real=0.00s
[4042.471s][info][gc,marking     ] GC(1052) Concurrent Clear Claimed Marks
[4042.471s][info][gc,marking     ] GC(1052) Concurrent Clear Claimed Marks 0.030ms
[4042.471s][info][gc,marking     ] GC(1052) Concurrent Cleanup for Next Mark
[4042.478s][info][gc,marking     ] GC(1052) Concurrent Cleanup for Next Mark 6.533ms
[4042.478s][info][gc             ] GC(1052) Concurrent Mark Cycle 1519.001ms
.[4043.436s][info][gc,start       ] GC(1053) Pause Young (Prepare Mixed) (G1 Evacuation Pause)
[4043.436s][info][gc,task        ] GC(1053) Using 6 workers of 6 for evacuation
[4043.556s][info][gc,phases      ] GC(1053)   Pre Evacuate Collection Set: 0.36ms
[4043.556s][info][gc,phases      ] GC(1053)   Merge Heap Roots: 0.50ms
[4043.556s][info][gc,phases      ] GC(1053)   Evacuate Collection Set: 118.58ms
[4043.556s][info][gc,phases      ] GC(1053)   Post Evacuate Collection Set: 0.94ms
[4043.556s][info][gc,phases      ] GC(1053)   Other: 0.09ms
[4043.556s][info][gc,heap        ] GC(1053) Eden regions: 1119->0(1106)
[4043.556s][info][gc,heap        ] GC(1053) Survivor regions: 109->112(154)
[4043.556s][info][gc,heap        ] GC(1053) Old regions: 504->535
[4043.556s][info][gc,heap        ] GC(1053) Humongous regions: 80->80
[4043.556s][info][gc,metaspace   ] GC(1053) Metaspace: 28947K(29376K)->28947K(29376K) NonClass: 24077K(24256K)->24077K(24256K) Class: 4869K(5120K)->4869K(5120K)
[4043.556s][info][gc             ] GC(1053) Pause Young (Prepare Mixed) (G1 Evacuation Pause) 3620M->1450M(4096M) 120.591ms
[4043.556s][info][gc,cpu         ] GC(1053) User=0.71s Sys=0.00s Real=0.13s
..[4046.019s][info][gc,start       ] GC(1054) Pause Young (Mixed) (G1 Evacuation Pause)
[4046.019s][info][gc,task        ] GC(1054) Using 6 workers of 6 for evacuation
[4046.154s][info][gc,phases      ] GC(1054)   Pre Evacuate Collection Set: 0.39ms
[4046.154s][info][gc,phases      ] GC(1054)   Merge Heap Roots: 0.64ms
[4046.154s][info][gc,phases      ] GC(1054)   Evacuate Collection Set: 133.31ms
[4046.154s][info][gc,phases      ] GC(1054)   Post Evacuate Collection Set: 0.96ms
[4046.154s][info][gc,phases      ] GC(1054)   Other: 0.09ms
[4046.154s][info][gc,heap        ] GC(1054) Eden regions: 1106->0(1117)
[4046.154s][info][gc,heap        ] GC(1054) Survivor regions: 112->111(153)
[4046.154s][info][gc,heap        ] GC(1054) Old regions: 535->472
[4046.154s][info][gc,heap        ] GC(1054) Humongous regions: 80->80
[4046.154s][info][gc,metaspace   ] GC(1054) Metaspace: 28947K(29376K)->28947K(29376K) NonClass: 24077K(24256K)->24077K(24256K) Class: 4869K(5120K)->4869K(5120K)
[4046.154s][info][gc             ] GC(1054) Pause Young (Mixed) (G1 Evacuation Pause) 3662M->1324M(4096M) 135.515ms
[4046.154s][info][gc,cpu         ] GC(1054) User=0.80s Sys=0.00s Real=0.13s
...[4048.600s][info][gc,start       ] GC(1055) Pause Young (Concurrent Start) (G1 Evacuation Pause)
[4048.600s][info][gc,task        ] GC(1055) Using 6 workers of 6 for evacuation
[4048.720s][info][gc,phases      ] GC(1055)   Pre Evacuate Collection Set: 0.37ms
[4048.720s][info][gc,phases      ] GC(1055)   Merge Heap Roots: 0.48ms
[4048.720s][info][gc,phases      ] GC(1055)   Evacuate Collection Set: 117.74ms
[4048.720s][info][gc,phases      ] GC(1055)   Post Evacuate Collection Set: 0.89ms
[4048.720s][info][gc,phases      ] GC(1055)   Other: 0.12ms
[4048.720s][info][gc,heap        ] GC(1055) Eden regions: 1117->0(1117)
[4048.720s][info][gc,heap        ] GC(1055) Survivor regions: 111->111(154)
[4048.720s][info][gc,heap        ] GC(1055) Old regions: 472->505
[4048.720s][info][gc,heap        ] GC(1055) Humongous regions: 80->80
[4048.720s][info][gc,metaspace   ] GC(1055) Metaspace: 28947K(29376K)->28947K(29376K) NonClass: 24077K(24256K)->24077K(24256K) Class: 4869K(5120K)->4869K(5120K)
[4048.720s][info][gc             ] GC(1055) Pause Young (Concurrent Start) (G1 Evacuation Pause) 3558M->1389M(4096M) 119.725ms
[4048.720s][info][gc             ] GC(1056) Concurrent Mark Cycle
[4048.720s][info][gc,marking     ] GC(1056) Concurrent Scan Root Regions
[4048.720s][info][gc,cpu         ] GC(1055) User=0.71s Sys=0.00s Real=0.12s
[4048.897s][info][gc,marking     ] GC(1056) Concurrent Scan Root Regions 177.026ms
[4048.897s][info][gc,marking     ] GC(1056) Concurrent Mark
[4048.897s][info][gc,marking     ] GC(1056) Concurrent Mark From Roots
[4048.897s][info][gc,task        ] GC(1056) Using 2 workers of 2 for marking
.[4049.784s][info][gc,marking     ] GC(1056) Concurrent Mark From Roots 886.216ms
[4049.784s][info][gc,marking     ] GC(1056) Concurrent Preclean
[4049.784s][info][gc,marking     ] GC(1056) Concurrent Preclean 0.078ms
[4049.784s][info][gc,start       ] GC(1056) Pause Remark
[4049.790s][info][gc             ] GC(1056) Pause Remark 2349M->2349M(4096M) 6.250ms
[4049.790s][info][gc,cpu         ] GC(1056) User=0.04s Sys=0.00s Real=0.01s
[4049.790s][info][gc,marking     ] GC(1056) Concurrent Mark 892.786ms
[4049.790s][info][gc,marking     ] GC(1056) Concurrent Rebuild Remembered Sets and Scrub Regions
[4050.159s][info][gc,marking     ] GC(1056) Concurrent Rebuild Remembered Sets and Scrub Regions 368.852ms
[4050.159s][info][gc,start       ] GC(1056) Pause Cleanup
[4050.159s][info][gc             ] GC(1056) Pause Cleanup 2693M->2693M(4096M) 0.103ms
[4050.159s][info][gc,cpu         ] GC(1056) User=0.00s Sys=0.00s Real=0.00s
[4050.159s][info][gc,marking     ] GC(1056) Concurrent Clear Claimed Marks
[4050.159s][info][gc,marking     ] GC(1056) Concurrent Clear Claimed Marks 0.023ms
[4050.159s][info][gc,marking     ] GC(1056) Concurrent Cleanup for Next Mark
[4050.163s][info][gc,marking     ] GC(1056) Concurrent Cleanup for Next Mark 3.862ms
[4050.163s][info][gc             ] GC(1056) Concurrent Mark Cycle 1443.014ms
.[4051.290s][info][gc,start       ] GC(1057) Pause Young (Prepare Mixed) (G1 Evacuation Pause)
[4051.290s][info][gc,task        ] GC(1057) Using 6 workers of 6 for evacuation
[4051.407s][info][gc,phases      ] GC(1057)   Pre Evacuate Collection Set: 0.34ms
[4051.407s][info][gc,phases      ] GC(1057)   Merge Heap Roots: 0.49ms
[4051.407s][info][gc,phases      ] GC(1057)   Evacuate Collection Set: 115.07ms
[4051.407s][info][gc,phases      ] GC(1057)   Post Evacuate Collection Set: 0.93ms
[4051.407s][info][gc,phases      ] GC(1057)   Other: 0.09ms
[4051.407s][info][gc,heap        ] GC(1057) Eden regions: 1117->0(1111)
[4051.407s][info][gc,heap        ] GC(1057) Survivor regions: 111->109(154)
[4051.407s][info][gc,heap        ] GC(1057) Old regions: 505->536
[4051.407s][info][gc,heap        ] GC(1057) Humongous regions: 80->80
[4051.407s][info][gc,metaspace   ] GC(1057) Metaspace: 28947K(29376K)->28947K(29376K) NonClass: 24077K(24256K)->24077K(24256K) Class: 4869K(5120K)->4869K(5120K)
[4051.407s][info][gc             ] GC(1057) Pause Young (Prepare Mixed) (G1 Evacuation Pause) 3623M->1448M(4096M) 117.060ms
[4051.407s][info][gc,cpu         ] GC(1057) User=0.69s Sys=0.01s Real=0.12s
. (rIR:aIR:PR = 7195:7178:7176) (tPR = 105776) [OK] 
  4051s: Performance info:
         Transaction,    Success,    Partial,     Failed,   Receipts, AvgBarcode, 
             Overall,     435432,          0,          0,     413585,      59.47, 
         Response times:
             Request,    Success,    Partial,     Failed,   SkipFail,     Probes,    Samples,      min,      p50,      p90,      p95,      p99,      max, 
       TotalPurchase,     413995,          0,          0,          0,     362593,     421297,      300,     6200,    50000,    81000,   150000,   294000,
     InStorePurchase,     218267,          0,          0,          0,     190374,     220796,      300,     6200,    49000,    81000,   150000,   294000,
      OnlinePurchase,     152039,          0,          0,          0,     133381,     154890,      300,     6200,    50000,    82000,   150000,   275000,
        InstPurchase,      43689,          0,          0,          0,      38838,      45611,      400,     6600,    52000,    84000,   151000,   275000,
          AssocOfCat,        439,          0,          0,          0,        361,        507,    23000,    38000,   103200,   127800,   196520,   220000,
      AssocOfProduct,       4371,          0,          0,          0,       4082,       4898,      500,     6900,    50000,    87000,   152000,   261000,
      BusinessReport,       1092,          0,          0,          0,        943,       1255,    28000,    42000,   111400,   160200,   214880,   243000,
          CustBuyBeh,       4374,          0,          0,          0,       4024,       4838,      200,     5400,    43000,    72000,   144610,   274000,
       ProductReturn,      11572,          0,          0,          0,       9824,      11704,      200,     5500,    46000,    78000,   148000,   271000,

  4051s: (53%)   IR =   7334 ..[4053.900s][info][gc,start       ] GC(1058) Pause Young (Mixed) (G1 Evacuation Pause)
[4053.900s][info][gc,task        ] GC(1058) Using 6 workers of 6 for evacuation
[4054.036s][info][gc,phases      ] GC(1058)   Pre Evacuate Collection Set: 0.38ms
[4054.036s][info][gc,phases      ] GC(1058)   Merge Heap Roots: 0.72ms
[4054.036s][info][gc,phases      ] GC(1058)   Evacuate Collection Set: 133.27ms
[4054.036s][info][gc,phases      ] GC(1058)   Post Evacuate Collection Set: 0.93ms
[4054.036s][info][gc,phases      ] GC(1058)   Other: 0.09ms
[4054.036s][info][gc,heap        ] GC(1058) Eden regions: 1111->0(1116)
[4054.036s][info][gc,heap        ] GC(1058) Survivor regions: 109->112(153)
[4054.036s][info][gc,heap        ] GC(1058) Old regions: 536->473
[4054.036s][info][gc,heap        ] GC(1058) Humongous regions: 80->80
[4054.036s][info][gc,metaspace   ] GC(1058) Metaspace: 28947K(29376K)->28947K(29376K) NonClass: 24077K(24256K)->24077K(24256K) Class: 4869K(5120K)->4869K(5120K)
[4054.036s][info][gc             ] GC(1058) Pause Young (Mixed) (G1 Evacuation Pause) 3670M->1327M(4096M) 135.512ms
[4054.036s][info][gc,cpu         ] GC(1058) User=0.80s Sys=0.00s Real=0.13s
..[4056.434s][info][gc,start       ] GC(1059) Pause Young (Concurrent Start) (G1 Evacuation Pause)
[4056.434s][info][gc,task        ] GC(1059) Using 6 workers of 6 for evacuation
[4056.554s][info][gc,phases      ] GC(1059)   Pre Evacuate Collection Set: 0.37ms
[4056.554s][info][gc,phases      ] GC(1059)   Merge Heap Roots: 0.48ms
[4056.554s][info][gc,phases      ] GC(1059)   Evacuate Collection Set: 118.35ms
[4056.554s][info][gc,phases      ] GC(1059)   Post Evacuate Collection Set: 0.88ms
[4056.554s][info][gc,phases      ] GC(1059)   Other: 0.12ms
[4056.554s][info][gc,heap        ] GC(1059) Eden regions: 1116->0(1115)
[4056.554s][info][gc,heap        ] GC(1059) Survivor regions: 112->113(154)
[4056.554s][info][gc,heap        ] GC(1059) Old regions: 473->506
[4056.554s][info][gc,heap        ] GC(1059) Humongous regions: 80->80
[4056.554s][info][gc,metaspace   ] GC(1059) Metaspace: 28947K(29376K)->28947K(29376K) NonClass: 24077K(24256K)->24077K(24256K) Class: 4869K(5120K)->4869K(5120K)
[4056.554s][info][gc             ] GC(1059) Pause Young (Concurrent Start) (G1 Evacuation Pause) 3559M->1394M(4096M) 120.349ms
[4056.555s][info][gc             ] GC(1060) Concurrent Mark Cycle
[4056.555s][info][gc,marking     ] GC(1060) Concurrent Scan Root Regions
[4056.555s][info][gc,cpu         ] GC(1059) User=0.71s Sys=0.00s Real=0.12s
.[4056.747s][info][gc,marking     ] GC(1060) Concurrent Scan Root Regions 192.084ms
[4056.747s][info][gc,marking     ] GC(1060) Concurrent Mark
[4056.747s][info][gc,marking     ] GC(1060) Concurrent Mark From Roots
[4056.747s][info][gc,task        ] GC(1060) Using 2 workers of 2 for marking
[4057.694s][info][gc,marking     ] GC(1060) Concurrent Mark From Roots 947.641ms
[4057.694s][info][gc,marking     ] GC(1060) Concurrent Preclean
[4057.695s][info][gc,marking     ] GC(1060) Concurrent Preclean 0.136ms
[4057.697s][info][gc,start       ] GC(1060) Pause Remark
[4057.704s][info][gc             ] GC(1060) Pause Remark 2424M->2424M(4096M) 6.868ms
[4057.704s][info][gc,cpu         ] GC(1060) User=0.04s Sys=0.00s Real=0.00s
[4057.704s][info][gc,marking     ] GC(1060) Concurrent Mark 957.225ms
[4057.704s][info][gc,marking     ] GC(1060) Concurrent Rebuild Remembered Sets and Scrub Regions
.[4058.009s][info][gc,marking     ] GC(1060) Concurrent Rebuild Remembered Sets and Scrub Regions 305.281ms
[4058.009s][info][gc,start       ] GC(1060) Pause Cleanup
[4058.010s][info][gc             ] GC(1060) Pause Cleanup 2719M->2719M(4096M) 0.121ms
[4058.010s][info][gc,cpu         ] GC(1060) User=0.00s Sys=0.00s Real=0.00s
[4058.010s][info][gc,marking     ] GC(1060) Concurrent Clear Claimed Marks
[4058.010s][info][gc,marking     ] GC(1060) Concurrent Clear Claimed Marks 0.031ms
[4058.010s][info][gc,marking     ] GC(1060) Concurrent Cleanup for Next Mark
[4058.019s][info][gc,marking     ] GC(1060) Concurrent Cleanup for Next Mark 9.694ms
[4058.020s][info][gc             ] GC(1060) Concurrent Mark Cycle 1464.986ms
.[4059.015s][info][gc,start       ] GC(1061) Pause Young (Prepare Mixed) (G1 Evacuation Pause)
[4059.015s][info][gc,task        ] GC(1061) Using 6 workers of 6 for evacuation
[4059.132s][info][gc,phases      ] GC(1061)   Pre Evacuate Collection Set: 0.33ms
[4059.132s][info][gc,phases      ] GC(1061)   Merge Heap Roots: 0.50ms
[4059.132s][info][gc,phases      ] GC(1061)   Evacuate Collection Set: 114.99ms
[4059.132s][info][gc,phases      ] GC(1061)   Post Evacuate Collection Set: 0.93ms
[4059.132s][info][gc,phases      ] GC(1061)   Other: 0.08ms
[4059.132s][info][gc,heap        ] GC(1061) Eden regions: 1115->0(1109)
[4059.132s][info][gc,heap        ] GC(1061) Survivor regions: 113->109(154)
[4059.132s][info][gc,heap        ] GC(1061) Old regions: 506->538
[4059.132s][info][gc,heap        ] GC(1061) Humongous regions: 80->80
[4059.132s][info][gc,metaspace   ] GC(1061) Metaspace: 28947K(29376K)->28947K(29376K) NonClass: 24077K(24256K)->24077K(24256K) Class: 4869K(5120K)->4869K(5120K)
[4059.132s][info][gc             ] GC(1061) Pause Young (Prepare Mixed) (G1 Evacuation Pause) 3624M->1451M(4096M) 116.972ms
[4059.132s][info][gc,cpu         ] GC(1061) User=0.69s Sys=0.00s Real=0.12s
..|[4061.599s][info][gc,start       ] GC(1062) Pause Young (Mixed) (G1 Evacuation Pause)
[4061.599s][info][gc,task        ] GC(1062) Using 6 workers of 6 for evacuation
[4061.731s][info][gc,phases      ] GC(1062)   Pre Evacuate Collection Set: 0.36ms
[4061.732s][info][gc,phases      ] GC(1062)   Merge Heap Roots: 0.63ms
[4061.732s][info][gc,phases      ] GC(1062)   Evacuate Collection Set: 130.23ms
[4061.732s][info][gc,phases      ] GC(1062)   Post Evacuate Collection Set: 0.95ms
[4061.732s][info][gc,phases      ] GC(1062)   Other: 0.08ms
[4061.732s][info][gc,heap        ] GC(1062) Eden regions: 1109->0(1118)
[4061.732s][info][gc,heap        ] GC(1062) Survivor regions: 109->110(153)
[4061.732s][info][gc,heap        ] GC(1062) Old regions: 538->474
[4061.732s][info][gc,heap        ] GC(1062) Humongous regions: 80->80
[4061.732s][info][gc,metaspace   ] GC(1062) Metaspace: 28947K(29376K)->28947K(29376K) NonClass: 24077K(24256K)->24077K(24256K) Class: 4869K(5120K)->4869K(5120K)
[4061.732s][info][gc             ] GC(1062) Pause Young (Mixed) (G1 Evacuation Pause) 3669M->1325M(4096M) 132.387ms
[4061.732s][info][gc,cpu         ] GC(1062) User=0.78s Sys=0.00s Real=0.13s
...[4064.076s][info][gc,start       ] GC(1063) Pause Young (Concurrent Start) (G1 Evacuation Pause)
[4064.076s][info][gc,task        ] GC(1063) Using 6 workers of 6 for evacuation
[4064.193s][info][gc,phases      ] GC(1063)   Pre Evacuate Collection Set: 0.37ms
[4064.194s][info][gc,phases      ] GC(1063)   Merge Heap Roots: 0.48ms
[4064.194s][info][gc,phases      ] GC(1063)   Evacuate Collection Set: 115.38ms
[4064.194s][info][gc,phases      ] GC(1063)   Post Evacuate Collection Set: 0.88ms
[4064.194s][info][gc,phases      ] GC(1063)   Other: 0.11ms
[4064.194s][info][gc,heap        ] GC(1063) Eden regions: 1118->0(1119)
[4064.194s][info][gc,heap        ] GC(1063) Survivor regions: 110->109(154)
[4064.194s][info][gc,heap        ] GC(1063) Old regions: 474->506
[4064.194s][info][gc,heap        ] GC(1063) Humongous regions: 80->80
[4064.194s][info][gc,metaspace   ] GC(1063) Metaspace: 28947K(29376K)->28947K(29376K) NonClass: 24077K(24256K)->24077K(24256K) Class: 4869K(5120K)->4869K(5120K)
[4064.194s][info][gc             ] GC(1063) Pause Young (Concurrent Start) (G1 Evacuation Pause) 3561M->1386M(4096M) 117.333ms
[4064.194s][info][gc             ] GC(1064) Concurrent Mark Cycle
[4064.194s][info][gc,marking     ] GC(1064) Concurrent Scan Root Regions
[4064.194s][info][gc,cpu         ] GC(1063) User=0.69s Sys=0.00s Real=0.11s
[4064.363s][info][gc,marking     ] GC(1064) Concurrent Scan Root Regions 169.565ms
[4064.363s][info][gc,marking     ] GC(1064) Concurrent Mark
[4064.363s][info][gc,marking     ] GC(1064) Concurrent Mark From Roots
[4064.363s][info][gc,task        ] GC(1064) Using 2 workers of 2 for marking
.[4065.308s][info][gc,marking     ] GC(1064) Concurrent Mark From Roots 945.164ms
[4065.308s][info][gc,marking     ] GC(1064) Concurrent Preclean
[4065.309s][info][gc,marking     ] GC(1064) Concurrent Preclean 0.109ms
[4065.309s][info][gc,start       ] GC(1064) Pause Remark
[4065.316s][info][gc             ] GC(1064) Pause Remark 2409M->2409M(4096M) 7.482ms
[4065.316s][info][gc,cpu         ] GC(1064) User=0.04s Sys=0.00s Real=0.01s
[4065.319s][info][gc,marking     ] GC(1064) Concurrent Mark 955.449ms
[4065.319s][info][gc,marking     ] GC(1064) Concurrent Rebuild Remembered Sets and Scrub Regions
[4065.581s][info][gc,marking     ] GC(1064) Concurrent Rebuild Remembered Sets and Scrub Regions 261.981ms
[4065.581s][info][gc,start       ] GC(1064) Pause Cleanup
[4065.581s][info][gc             ] GC(1064) Pause Cleanup 2615M->2615M(4096M) 0.105ms
[4065.581s][info][gc,cpu         ] GC(1064) User=0.00s Sys=0.00s Real=0.00s
[4065.581s][info][gc,marking     ] GC(1064) Concurrent Clear Claimed Marks
[4065.581s][info][gc,marking     ] GC(1064) Concurrent Clear Claimed Marks 0.023ms
[4065.581s][info][gc,marking     ] GC(1064) Concurrent Cleanup for Next Mark
[4065.586s][info][gc,marking     ] GC(1064) Concurrent Cleanup for Next Mark 4.501ms
[4065.586s][info][gc             ] GC(1064) Concurrent Mark Cycle 1392.005ms
.[4066.768s][info][gc,start       ] GC(1065) Pause Young (Prepare Mixed) (G1 Evacuation Pause)
[4066.769s][info][gc,task        ] GC(1065) Using 6 workers of 6 for evacuation
[4066.887s][info][gc,phases      ] GC(1065)   Pre Evacuate Collection Set: 0.36ms
[4066.887s][info][gc,phases      ] GC(1065)   Merge Heap Roots: 0.49ms
[4066.887s][info][gc,phases      ] GC(1065)   Evacuate Collection Set: 116.31ms
[4066.887s][info][gc,phases      ] GC(1065)   Post Evacuate Collection Set: 0.94ms
[4066.887s][info][gc,phases      ] GC(1065)   Other: 0.08ms
[4066.887s][info][gc,heap        ] GC(1065) Eden regions: 1119->0(1107)
[4066.887s][info][gc,heap        ] GC(1065) Survivor regions: 109->110(154)
[4066.887s][info][gc,heap        ] GC(1065) Old regions: 506->538
[4066.887s][info][gc,heap        ] GC(1065) Humongous regions: 80->80
[4066.887s][info][gc,metaspace   ] GC(1065) Metaspace: 28947K(29376K)->28947K(29376K) NonClass: 24077K(24256K)->24077K(24256K) Class: 4869K(5120K)->4869K(5120K)
[4066.887s][info][gc             ] GC(1065) Pause Young (Prepare Mixed) (G1 Evacuation Pause) 3624M->1453M(4096M) 118.327ms
[4066.887s][info][gc,cpu         ] GC(1065) User=0.70s Sys=0.00s Real=0.12s
...[4069.312s][info][gc,start       ] GC(1066) Pause Young (Mixed) (G1 Evacuation Pause)
[4069.312s][info][gc,task        ] GC(1066) Using 6 workers of 6 for evacuation
[4069.447s][info][gc,phases      ] GC(1066)   Pre Evacuate Collection Set: 0.36ms
[4069.447s][info][gc,phases      ] GC(1066)   Merge Heap Roots: 0.67ms
[4069.447s][info][gc,phases      ] GC(1066)   Evacuate Collection Set: 132.87ms
[4069.447s][info][gc,phases      ] GC(1066)   Post Evacuate Collection Set: 0.94ms
[4069.447s][info][gc,phases      ] GC(1066)   Other: 0.10ms
[4069.447s][info][gc,heap        ] GC(1066) Eden regions: 1107->0(1117)
[4069.447s][info][gc,heap        ] GC(1066) Survivor regions: 110->111(153)
[4069.447s][info][gc,heap        ] GC(1066) Old regions: 538->471
[4069.447s][info][gc,heap        ] GC(1066) Humongous regions: 80->80
[4069.447s][info][gc,metaspace   ] GC(1066) Metaspace: 28947K(29376K)->28947K(29376K) NonClass: 24077K(24256K)->24077K(24256K) Class: 4869K(5120K)->4869K(5120K)
[4069.447s][info][gc             ] GC(1066) Pause Young (Mixed) (G1 Evacuation Pause) 3667M->1321M(4096M) 135.081ms
[4069.447s][info][gc,cpu         ] GC(1066) User=0.80s Sys=0.01s Real=0.14s
..[4071.788s][info][gc,start       ] GC(1067) Pause Young (Concurrent Start) (G1 Evacuation Pause)
[4071.788s][info][gc,task        ] GC(1067) Using 6 workers of 6 for evacuation
[4071.909s][info][gc,phases      ] GC(1067)   Pre Evacuate Collection Set: 0.41ms
[4071.909s][info][gc,phases      ] GC(1067)   Merge Heap Roots: 0.46ms
[4071.909s][info][gc,phases      ] GC(1067)   Evacuate Collection Set: 118.51ms
[4071.909s][info][gc,phases      ] GC(1067)   Post Evacuate Collection Set: 0.90ms
[4071.909s][info][gc,phases      ] GC(1067)   Other: 0.11ms
[4071.909s][info][gc,heap        ] GC(1067) Eden regions: 1117->0(1114)
[4071.909s][info][gc,heap        ] GC(1067) Survivor regions: 111->114(154)
[4071.909s][info][gc,heap        ] GC(1067) Old regions: 471->504
[4071.909s][info][gc,heap        ] GC(1067) Humongous regions: 80->80
[4071.909s][info][gc,metaspace   ] GC(1067) Metaspace: 28947K(29376K)->28947K(29376K) NonClass: 24077K(24256K)->24077K(24256K) Class: 4869K(5120K)->4869K(5120K)
[4071.909s][info][gc             ] GC(1067) Pause Young (Concurrent Start) (G1 Evacuation Pause) 3555M->1393M(4096M) 120.510ms
[4071.909s][info][gc             ] GC(1068) Concurrent Mark Cycle
[4071.909s][info][gc,marking     ] GC(1068) Concurrent Scan Root Regions
[4071.909s][info][gc,cpu         ] GC(1067) User=0.71s Sys=0.01s Real=0.12s
.[4072.087s][info][gc,marking     ] GC(1068) Concurrent Scan Root Regions 177.928ms
[4072.087s][info][gc,marking     ] GC(1068) Concurrent Mark
[4072.087s][info][gc,marking     ] GC(1068) Concurrent Mark From Roots
[4072.087s][info][gc,task        ] GC(1068) Using 2 workers of 2 for marking
[4072.773s][info][gc,marking     ] GC(1068) Concurrent Mark From Roots 685.592ms
[4072.773s][info][gc,marking     ] GC(1068) Concurrent Preclean
[4072.773s][info][gc,marking     ] GC(1068) Concurrent Preclean 0.087ms
[4072.773s][info][gc,start       ] GC(1068) Pause Remark
[4072.778s][info][gc             ] GC(1068) Pause Remark 2152M->2152M(4096M) 5.378ms
[4072.778s][info][gc,cpu         ] GC(1068) User=0.03s Sys=0.00s Real=0.01s
[4072.780s][info][gc,marking     ] GC(1068) Concurrent Mark 692.810ms
[4072.780s][info][gc,marking     ] GC(1068) Concurrent Rebuild Remembered Sets and Scrub Regions
.[4073.102s][info][gc,marking     ] GC(1068) Concurrent Rebuild Remembered Sets and Scrub Regions 322.041ms
[4073.102s][info][gc,start       ] GC(1068) Pause Cleanup
[4073.102s][info][gc             ] GC(1068) Pause Cleanup 2470M->2470M(4096M) 0.121ms
[4073.102s][info][gc,cpu         ] GC(1068) User=0.00s Sys=0.00s Real=0.00s
[4073.102s][info][gc,marking     ] GC(1068) Concurrent Clear Claimed Marks
[4073.103s][info][gc,marking     ] GC(1068) Concurrent Clear Claimed Marks 0.029ms
[4073.103s][info][gc,marking     ] GC(1068) Concurrent Cleanup for Next Mark
[4073.109s][info][gc,marking     ] GC(1068) Concurrent Cleanup for Next Mark 6.672ms
[4073.109s][info][gc             ] GC(1068) Concurrent Mark Cycle 1200.281ms
.[4074.361s][info][gc,start       ] GC(1069) Pause Young (Prepare Mixed) (G1 Evacuation Pause)
[4074.361s][info][gc,task        ] GC(1069) Using 6 workers of 6 for evacuation
[4074.478s][info][gc,phases      ] GC(1069)   Pre Evacuate Collection Set: 0.34ms
[4074.478s][info][gc,phases      ] GC(1069)   Merge Heap Roots: 0.53ms
[4074.478s][info][gc,phases      ] GC(1069)   Evacuate Collection Set: 114.73ms
[4074.478s][info][gc,phases      ] GC(1069)   Post Evacuate Collection Set: 0.91ms
[4074.478s][info][gc,phases      ] GC(1069)   Other: 0.09ms
[4074.478s][info][gc,heap        ] GC(1069) Eden regions: 1114->0(1112)
[4074.478s][info][gc,heap        ] GC(1069) Survivor regions: 114->108(154)
[4074.478s][info][gc,heap        ] GC(1069) Old regions: 504->537
[4074.478s][info][gc,heap        ] GC(1069) Humongous regions: 80->80
[4074.478s][info][gc,metaspace   ] GC(1069) Metaspace: 28947K(29376K)->28947K(29376K) NonClass: 24077K(24256K)->24077K(24256K) Class: 4869K(5120K)->4869K(5120K)
[4074.478s][info][gc             ] GC(1069) Pause Young (Prepare Mixed) (G1 Evacuation Pause) 3621M->1447M(4096M) 116.761ms
[4074.478s][info][gc,cpu         ] GC(1069) User=0.69s Sys=0.00s Real=0.12s
..[4076.969s][info][gc,start       ] GC(1070) Pause Young (Mixed) (G1 Evacuation Pause)
[4076.969s][info][gc,task        ] GC(1070) Using 6 workers of 6 for evacuation
[4077.104s][info][gc,phases      ] GC(1070)   Pre Evacuate Collection Set: 0.36ms
[4077.104s][info][gc,phases      ] GC(1070)   Merge Heap Roots: 0.70ms
[4077.104s][info][gc,phases      ] GC(1070)   Evacuate Collection Set: 132.56ms
[4077.104s][info][gc,phases      ] GC(1070)   Post Evacuate Collection Set: 1.00ms
[4077.104s][info][gc,phases      ] GC(1070)   Other: 0.09ms
[4077.104s][info][gc,heap        ] GC(1070) Eden regions: 1112->0(1119)
[4077.104s][info][gc,heap        ] GC(1070) Survivor regions: 108->109(153)
[4077.104s][info][gc,heap        ] GC(1070) Old regions: 537->473
[4077.104s][info][gc,heap        ] GC(1070) Humongous regions: 80->80
[4077.104s][info][gc,metaspace   ] GC(1070) Metaspace: 28947K(29376K)->28947K(29376K) NonClass: 24077K(24256K)->24077K(24256K) Class: 4869K(5120K)->4869K(5120K)
[4077.104s][info][gc             ] GC(1070) Pause Young (Mixed) (G1 Evacuation Pause) 3671M->1322M(4096M) 134.859ms
[4077.104s][info][gc,cpu         ] GC(1070) User=0.80s Sys=0.00s Real=0.13s
...[4079.539s][info][gc,start       ] GC(1071) Pause Young (Concurrent Start) (G1 Evacuation Pause)
[4079.539s][info][gc,task        ] GC(1071) Using 6 workers of 6 for evacuation
[4079.660s][info][gc,phases      ] GC(1071)   Pre Evacuate Collection Set: 0.36ms
[4079.660s][info][gc,phases      ] GC(1071)   Merge Heap Roots: 0.44ms
[4079.660s][info][gc,phases      ] GC(1071)   Evacuate Collection Set: 118.47ms
[4079.660s][info][gc,phases      ] GC(1071)   Post Evacuate Collection Set: 0.88ms
[4079.660s][info][gc,phases      ] GC(1071)   Other: 0.11ms
[4079.660s][info][gc,heap        ] GC(1071) Eden regions: 1119->0(1117)
[4079.660s][info][gc,heap        ] GC(1071) Survivor regions: 109->111(154)
[4079.660s][info][gc,heap        ] GC(1071) Old regions: 473->505
[4079.660s][info][gc,heap        ] GC(1071) Humongous regions: 80->80
[4079.660s][info][gc,metaspace   ] GC(1071) Metaspace: 28947K(29376K)->28947K(29376K) NonClass: 24077K(24256K)->24077K(24256K) Class: 4869K(5120K)->4869K(5120K)
[4079.660s][info][gc             ] GC(1071) Pause Young (Concurrent Start) (G1 Evacuation Pause) 3560M->1388M(4096M) 120.389ms
[4079.660s][info][gc             ] GC(1072) Concurrent Mark Cycle
[4079.660s][info][gc,marking     ] GC(1072) Concurrent Scan Root Regions
[4079.660s][info][gc,cpu         ] GC(1071) User=0.71s Sys=0.00s Real=0.12s
[4079.800s][info][gc,marking     ] GC(1072) Concurrent Scan Root Regions 139.960ms
[4079.800s][info][gc,marking     ] GC(1072) Concurrent Mark
[4079.800s][info][gc,marking     ] GC(1072) Concurrent Mark From Roots
[4079.800s][info][gc,task        ] GC(1072) Using 2 workers of 2 for marking
.[4080.496s][info][gc,marking     ] GC(1072) Concurrent Mark From Roots 695.957ms
[4080.496s][info][gc,marking     ] GC(1072) Concurrent Preclean
[4080.496s][info][gc,marking     ] GC(1072) Concurrent Preclean 0.139ms
[4080.498s][info][gc,start       ] GC(1072) Pause Remark
[4080.504s][info][gc             ] GC(1072) Pause Remark 2154M->2154M(4096M) 6.051ms
[4080.504s][info][gc,cpu         ] GC(1072) User=0.03s Sys=0.00s Real=0.00s
[4080.504s][info][gc,marking     ] GC(1072) Concurrent Mark 704.372ms
[4080.504s][info][gc,marking     ] GC(1072) Concurrent Rebuild Remembered Sets and Scrub Regions
[4080.768s][info][gc,marking     ] GC(1072) Concurrent Rebuild Remembered Sets and Scrub Regions 263.643ms
[4080.768s][info][gc,start       ] GC(1072) Pause Cleanup
[4080.768s][info][gc             ] GC(1072) Pause Cleanup 2391M->2391M(4096M) 0.109ms
[4080.768s][info][gc,cpu         ] GC(1072) User=0.00s Sys=0.00s Real=0.00s
[4080.769s][info][gc,marking     ] GC(1072) Concurrent Clear Claimed Marks
[4080.769s][info][gc,marking     ] GC(1072) Concurrent Clear Claimed Marks 0.030ms
[4080.769s][info][gc,marking     ] GC(1072) Concurrent Cleanup for Next Mark
[4080.773s][info][gc,marking     ] GC(1072) Concurrent Cleanup for Next Mark 4.429ms
[4080.773s][info][gc             ] GC(1072) Concurrent Mark Cycle 1113.238ms
..[4082.240s][info][gc,start       ] GC(1073) Pause Young (Prepare Mixed) (G1 Evacuation Pause)
[4082.241s][info][gc,task        ] GC(1073) Using 6 workers of 6 for evacuation
[4082.362s][info][gc,phases      ] GC(1073)   Pre Evacuate Collection Set: 0.35ms
[4082.362s][info][gc,phases      ] GC(1073)   Merge Heap Roots: 0.49ms
[4082.362s][info][gc,phases      ] GC(1073)   Evacuate Collection Set: 119.17ms
[4082.362s][info][gc,phases      ] GC(1073)   Post Evacuate Collection Set: 0.94ms
[4082.362s][info][gc,phases      ] GC(1073)   Other: 0.09ms
[4082.362s][info][gc,heap        ] GC(1073) Eden regions: 1117->0(1106)
[4082.362s][info][gc,heap        ] GC(1073) Survivor regions: 111->111(154)
[4082.362s][info][gc,heap        ] GC(1073) Old regions: 505->537
[4082.362s][info][gc,heap        ] GC(1073) Humongous regions: 80->80
[4082.362s][info][gc,metaspace   ] GC(1073) Metaspace: 28947K(29376K)->28947K(29376K) NonClass: 24077K(24256K)->24077K(24256K) Class: 4869K(5120K)->4869K(5120K)
[4082.362s][info][gc             ] GC(1073) Pause Young (Prepare Mixed) (G1 Evacuation Pause) 3622M->1454M(4096M) 121.156ms
[4082.362s][info][gc,cpu         ] GC(1073) User=0.72s Sys=0.00s Real=0.12s
..[4084.733s][info][gc,start       ] GC(1074) Pause Young (Mixed) (G1 Evacuation Pause)
[4084.733s][info][gc,task        ] GC(1074) Using 6 workers of 6 for evacuation
[4084.869s][info][gc,phases      ] GC(1074)   Pre Evacuate Collection Set: 0.40ms
[4084.869s][info][gc,phases      ] GC(1074)   Merge Heap Roots: 0.66ms
[4084.869s][info][gc,phases      ] GC(1074)   Evacuate Collection Set: 133.29ms
[4084.869s][info][gc,phases      ] GC(1074)   Post Evacuate Collection Set: 0.97ms
[4084.869s][info][gc,phases      ] GC(1074)   Other: 0.09ms
[4084.869s][info][gc,heap        ] GC(1074) Eden regions: 1106->0(1116)
[4084.869s][info][gc,heap        ] GC(1074) Survivor regions: 111->112(153)
[4084.869s][info][gc,heap        ] GC(1074) Old regions: 537->473
[4084.869s][info][gc,heap        ] GC(1074) Humongous regions: 80->80
[4084.869s][info][gc,metaspace   ] GC(1074) Metaspace: 28947K(29376K)->28947K(29376K) NonClass: 24077K(24256K)->24077K(24256K) Class: 4869K(5120K)->4869K(5120K)
[4084.869s][info][gc             ] GC(1074) Pause Young (Mixed) (G1 Evacuation Pause) 3666M->1327M(4096M) 135.574ms
[4084.869s][info][gc,cpu         ] GC(1074) User=0.80s Sys=0.00s Real=0.14s
...[4087.349s][info][gc,start       ] GC(1075) Pause Young (Concurrent Start) (G1 Evacuation Pause)
[4087.349s][info][gc,task        ] GC(1075) Using 6 workers of 6 for evacuation
[4087.466s][info][gc,phases      ] GC(1075)   Pre Evacuate Collection Set: 0.37ms
[4087.466s][info][gc,phases      ] GC(1075)   Merge Heap Roots: 0.45ms
[4087.466s][info][gc,phases      ] GC(1075)   Evacuate Collection Set: 115.15ms
[4087.466s][info][gc,phases      ] GC(1075)   Post Evacuate Collection Set: 0.90ms
[4087.466s][info][gc,phases      ] GC(1075)   Other: 0.11ms
[4087.466s][info][gc,heap        ] GC(1075) Eden regions: 1116->0(1120)
[4087.466s][info][gc,heap        ] GC(1075) Survivor regions: 112->108(154)
[4087.466s][info][gc,heap        ] GC(1075) Old regions: 473->506
[4087.466s][info][gc,heap        ] GC(1075) Humongous regions: 80->80
[4087.466s][info][gc,metaspace   ] GC(1075) Metaspace: 28947K(29376K)->28947K(29376K) NonClass: 24077K(24256K)->24077K(24256K) Class: 4869K(5120K)->4869K(5120K)
[4087.466s][info][gc             ] GC(1075) Pause Young (Concurrent Start) (G1 Evacuation Pause) 3559M->1386M(4096M) 117.115ms
[4087.467s][info][gc             ] GC(1076) Concurrent Mark Cycle
[4087.467s][info][gc,marking     ] GC(1076) Concurrent Scan Root Regions
[4087.467s][info][gc,cpu         ] GC(1075) User=0.69s Sys=0.00s Real=0.12s
[4087.602s][info][gc,marking     ] GC(1076) Concurrent Scan Root Regions 134.987ms
[4087.602s][info][gc,marking     ] GC(1076) Concurrent Mark
[4087.602s][info][gc,marking     ] GC(1076) Concurrent Mark From Roots
[4087.602s][info][gc,task        ] GC(1076) Using 2 workers of 2 for marking
.[4088.302s][info][gc,marking     ] GC(1076) Concurrent Mark From Roots 700.042ms
[4088.302s][info][gc,marking     ] GC(1076) Concurrent Preclean
[4088.302s][info][gc,marking     ] GC(1076) Concurrent Preclean 0.083ms
[4088.302s][info][gc,start       ] GC(1076) Pause Remark
[4088.307s][info][gc             ] GC(1076) Pause Remark 2084M->2084M(4096M) 4.748ms
[4088.307s][info][gc,cpu         ] GC(1076) User=0.03s Sys=0.00s Real=0.01s
[4088.307s][info][gc,marking     ] GC(1076) Concurrent Mark 705.700ms
[4088.307s][info][gc,marking     ] GC(1076) Concurrent Rebuild Remembered Sets and Scrub Regions
[4088.573s][info][gc,marking     ] GC(1076) Concurrent Rebuild Remembered Sets and Scrub Regions 266.148ms
[4088.574s][info][gc,start       ] GC(1076) Pause Cleanup
[4088.574s][info][gc             ] GC(1076) Pause Cleanup 2348M->2348M(4096M) 0.108ms
[4088.574s][info][gc,cpu         ] GC(1076) User=0.00s Sys=0.00s Real=0.00s
[4088.574s][info][gc,marking     ] GC(1076) Concurrent Clear Claimed Marks
[4088.574s][info][gc,marking     ] GC(1076) Concurrent Clear Claimed Marks 0.021ms
[4088.574s][info][gc,marking     ] GC(1076) Concurrent Cleanup for Next Mark
[4088.579s][info][gc,marking     ] GC(1076) Concurrent Cleanup for Next Mark 5.047ms
[4088.579s][info][gc             ] GC(1076) Concurrent Mark Cycle 1112.356ms
.[4089.888s][info][gc,start       ] GC(1077) Pause Young (Prepare Mixed) (G1 Evacuation Pause)
[4089.888s][info][gc,task        ] GC(1077) Using 6 workers of 6 for evacuation
[4090.006s][info][gc,phases      ] GC(1077)   Pre Evacuate Collection Set: 0.31ms
[4090.006s][info][gc,phases      ] GC(1077)   Merge Heap Roots: 0.48ms
[4090.006s][info][gc,phases      ] GC(1077)   Evacuate Collection Set: 116.02ms
[4090.006s][info][gc,phases      ] GC(1077)   Post Evacuate Collection Set: 0.91ms
[4090.006s][info][gc,phases      ] GC(1077)   Other: 0.09ms
[4090.006s][info][gc,heap        ] GC(1077) Eden regions: 1120->0(1107)
[4090.006s][info][gc,heap        ] GC(1077) Survivor regions: 108->110(154)
[4090.006s][info][gc,heap        ] GC(1077) Old regions: 506->538
[4090.006s][info][gc,heap        ] GC(1077) Humongous regions: 80->80
[4090.006s][info][gc,metaspace   ] GC(1077) Metaspace: 28947K(29376K)->28947K(29376K) NonClass: 24077K(24256K)->24077K(24256K) Class: 4869K(5120K)->4869K(5120K)
[4090.006s][info][gc             ] GC(1077) Pause Young (Prepare Mixed) (G1 Evacuation Pause) 3626M->1453M(4096M) 117.973ms
[4090.006s][info][gc,cpu         ] GC(1077) User=0.70s Sys=0.00s Real=0.11s
...[4092.432s][info][gc,start       ] GC(1078) Pause Young (Mixed) (G1 Evacuation Pause)
[4092.432s][info][gc,task        ] GC(1078) Using 6 workers of 6 for evacuation
[4092.567s][info][gc,phases      ] GC(1078)   Pre Evacuate Collection Set: 0.38ms
[4092.568s][info][gc,phases      ] GC(1078)   Merge Heap Roots: 0.70ms
[4092.568s][info][gc,phases      ] GC(1078)   Evacuate Collection Set: 133.22ms
[4092.568s][info][gc,phases      ] GC(1078)   Post Evacuate Collection Set: 0.97ms
[4092.568s][info][gc,phases      ] GC(1078)   Other: 0.09ms
[4092.568s][info][gc,heap        ] GC(1078) Eden regions: 1107->0(1117)
[4092.568s][info][gc,heap        ] GC(1078) Survivor regions: 110->111(153)
[4092.568s][info][gc,heap        ] GC(1078) Old regions: 538->473
[4092.568s][info][gc,heap        ] GC(1078) Humongous regions: 80->80
[4092.568s][info][gc,metaspace   ] GC(1078) Metaspace: 28947K(29376K)->28947K(29376K) NonClass: 24077K(24256K)->24077K(24256K) Class: 4869K(5120K)->4869K(5120K)
[4092.568s][info][gc             ] GC(1078) Pause Young (Mixed) (G1 Evacuation Pause) 3667M->1324M(4096M) 135.493ms
[4092.568s][info][gc,cpu         ] GC(1078) User=0.80s Sys=0.00s Real=0.14s
..[4094.906s][info][gc,start       ] GC(1079) Pause Young (Concurrent Start) (G1 Evacuation Pause)
[4094.906s][info][gc,task        ] GC(1079) Using 6 workers of 6 for evacuation
[4095.021s][info][gc,phases      ] GC(1079)   Pre Evacuate Collection Set: 0.37ms
[4095.021s][info][gc,phases      ] GC(1079)   Merge Heap Roots: 0.45ms
[4095.021s][info][gc,phases      ] GC(1079)   Evacuate Collection Set: 113.26ms
[4095.021s][info][gc,phases      ] GC(1079)   Post Evacuate Collection Set: 0.89ms
[4095.021s][info][gc,phases      ] GC(1079)   Other: 0.11ms
[4095.021s][info][gc,heap        ] GC(1079) Eden regions: 1117->0(1121)
[4095.021s][info][gc,heap        ] GC(1079) Survivor regions: 111->107(154)
[4095.021s][info][gc,heap        ] GC(1079) Old regions: 473->504
[4095.021s][info][gc,heap        ] GC(1079) Humongous regions: 80->80
[4095.021s][info][gc,metaspace   ] GC(1079) Metaspace: 28947K(29376K)->28947K(29376K) NonClass: 24077K(24256K)->24077K(24256K) Class: 4869K(5120K)->4869K(5120K)
[4095.021s][info][gc             ] GC(1079) Pause Young (Concurrent Start) (G1 Evacuation Pause) 3558M->1380M(4096M) 115.222ms
[4095.021s][info][gc             ] GC(1080) Concurrent Mark Cycle
[4095.021s][info][gc,marking     ] GC(1080) Concurrent Scan Root Regions
[4095.021s][info][gc,cpu         ] GC(1079) User=0.68s Sys=0.01s Real=0.12s
.[4095.195s][info][gc,marking     ] GC(1080) Concurrent Scan Root Regions 174.141ms
[4095.195s][info][gc,marking     ] GC(1080) Concurrent Mark
[4095.195s][info][gc,marking     ] GC(1080) Concurrent Mark From Roots
[4095.195s][info][gc,task        ] GC(1080) Using 2 workers of 2 for marking
[4096.150s][info][gc,marking     ] GC(1080) Concurrent Mark From Roots 954.983ms
[4096.150s][info][gc,marking     ] GC(1080) Concurrent Preclean
[4096.150s][info][gc,marking     ] GC(1080) Concurrent Preclean 0.093ms
[4096.150s][info][gc,start       ] GC(1080) Pause Remark
[4096.158s][info][gc             ] GC(1080) Pause Remark 2446M->2446M(4096M) 7.273ms
[4096.158s][info][gc,cpu         ] GC(1080) User=0.04s Sys=0.00s Real=0.01s
[4096.158s][info][gc,marking     ] GC(1080) Concurrent Mark 962.631ms
[4096.158s][info][gc,marking     ] GC(1080) Concurrent Rebuild Remembered Sets and Scrub Regions
.[4096.508s][info][gc,marking     ] GC(1080) Concurrent Rebuild Remembered Sets and Scrub Regions 350.628ms
[4096.508s][info][gc,start       ] GC(1080) Pause Cleanup
[4096.509s][info][gc             ] GC(1080) Pause Cleanup 2777M->2777M(4096M) 0.113ms
[4096.509s][info][gc,cpu         ] GC(1080) User=0.00s Sys=0.00s Real=0.00s
[4096.509s][info][gc,marking     ] GC(1080) Concurrent Clear Claimed Marks
[4096.509s][info][gc,marking     ] GC(1080) Concurrent Clear Claimed Marks 0.023ms
[4096.509s][info][gc,marking     ] GC(1080) Concurrent Cleanup for Next Mark
[4096.570s][info][gc,marking     ] GC(1080) Concurrent Cleanup for Next Mark 60.831ms
[4096.570s][info][gc             ] GC(1080) Concurrent Mark Cycle 1548.799ms
.[4097.500s][info][gc,start       ] GC(1081) Pause Young (Prepare Mixed) (G1 Evacuation Pause)
[4097.500s][info][gc,task        ] GC(1081) Using 6 workers of 6 for evacuation
[4097.618s][info][gc,phases      ] GC(1081)   Pre Evacuate Collection Set: 0.34ms
[4097.618s][info][gc,phases      ] GC(1081)   Merge Heap Roots: 0.54ms
[4097.618s][info][gc,phases      ] GC(1081)   Evacuate Collection Set: 116.30ms
[4097.618s][info][gc,phases      ] GC(1081)   Post Evacuate Collection Set: 0.95ms
[4097.618s][info][gc,phases      ] GC(1081)   Other: 0.09ms
[4097.618s][info][gc,heap        ] GC(1081) Eden regions: 1121->0(1109)
[4097.618s][info][gc,heap        ] GC(1081) Survivor regions: 107->110(154)
[4097.618s][info][gc,heap        ] GC(1081) Old regions: 504->536
[4097.618s][info][gc,heap        ] GC(1081) Humongous regions: 80->80
[4097.618s][info][gc,metaspace   ] GC(1081) Metaspace: 28947K(29376K)->28947K(29376K) NonClass: 24077K(24256K)->24077K(24256K) Class: 4869K(5120K)->4869K(5120K)
[4097.618s][info][gc             ] GC(1081) Pause Young (Prepare Mixed) (G1 Evacuation Pause) 3622M->1450M(4096M) 118.373ms
[4097.618s][info][gc,cpu         ] GC(1081) User=0.70s Sys=0.00s Real=0.12s
..[4100.018s][info][gc,start       ] GC(1082) Pause Young (Mixed) (G1 Evacuation Pause)
[4100.018s][info][gc,task        ] GC(1082) Using 6 workers of 6 for evacuation
[4100.155s][info][gc,phases      ] GC(1082)   Pre Evacuate Collection Set: 0.37ms
[4100.155s][info][gc,phases      ] GC(1082)   Merge Heap Roots: 0.73ms
[4100.155s][info][gc,phases      ] GC(1082)   Evacuate Collection Set: 134.60ms
[4100.155s][info][gc,phases      ] GC(1082)   Post Evacuate Collection Set: 0.94ms
[4100.155s][info][gc,phases      ] GC(1082)   Other: 0.09ms
[4100.155s][info][gc,heap        ] GC(1082) Eden regions: 1109->0(1119)
[4100.155s][info][gc,heap        ] GC(1082) Survivor regions: 110->109(153)
[4100.155s][info][gc,heap        ] GC(1082) Old regions: 536->472
[4100.155s][info][gc,heap        ] GC(1082) Humongous regions: 80->80
[4100.155s][info][gc,metaspace   ] GC(1082) Metaspace: 28947K(29376K)->28947K(29376K) NonClass: 24077K(24256K)->24077K(24256K) Class: 4869K(5120K)->4869K(5120K)
[4100.155s][info][gc             ] GC(1082) Pause Young (Mixed) (G1 Evacuation Pause) 3668M->1318M(4096M) 136.881ms
[4100.155s][info][gc,cpu         ] GC(1082) User=0.81s Sys=0.00s Real=0.13s
...[4102.620s][info][gc,start       ] GC(1083) Pause Young (Concurrent Start) (G1 Evacuation Pause)
[4102.620s][info][gc,task        ] GC(1083) Using 6 workers of 6 for evacuation
[4102.740s][info][gc,phases      ] GC(1083)   Pre Evacuate Collection Set: 0.36ms
[4102.740s][info][gc,phases      ] GC(1083)   Merge Heap Roots: 0.46ms
[4102.740s][info][gc,phases      ] GC(1083)   Evacuate Collection Set: 118.35ms
[4102.740s][info][gc,phases      ] GC(1083)   Post Evacuate Collection Set: 0.89ms
[4102.740s][info][gc,phases      ] GC(1083)   Other: 0.13ms
[4102.740s][info][gc,heap        ] GC(1083) Eden regions: 1119->0(1115)
[4102.740s][info][gc,heap        ] GC(1083) Survivor regions: 109->113(154)
[4102.740s][info][gc,heap        ] GC(1083) Old regions: 472->504
[4102.740s][info][gc,heap        ] GC(1083) Humongous regions: 80->80
[4102.740s][info][gc,metaspace   ] GC(1083) Metaspace: 28947K(29376K)->28947K(29376K) NonClass: 24077K(24256K)->24077K(24256K) Class: 4869K(5120K)->4869K(5120K)
[4102.740s][info][gc             ] GC(1083) Pause Young (Concurrent Start) (G1 Evacuation Pause) 3556M->1390M(4096M) 120.323ms
[4102.740s][info][gc             ] GC(1084) Concurrent Mark Cycle
[4102.740s][info][gc,marking     ] GC(1084) Concurrent Scan Root Regions
[4102.740s][info][gc,cpu         ] GC(1083) User=0.71s Sys=0.00s Real=0.12s
[4102.918s][info][gc,marking     ] GC(1084) Concurrent Scan Root Regions 177.413ms
[4102.918s][info][gc,marking     ] GC(1084) Concurrent Mark
[4102.918s][info][gc,marking     ] GC(1084) Concurrent Mark From Roots
[4102.918s][info][gc,task        ] GC(1084) Using 2 workers of 2 for marking
.[4103.860s][info][gc,marking     ] GC(1084) Concurrent Mark From Roots 942.023ms
[4103.860s][info][gc,marking     ] GC(1084) Concurrent Preclean
[4103.860s][info][gc,marking     ] GC(1084) Concurrent Preclean 0.116ms
[4103.860s][info][gc,start       ] GC(1084) Pause Remark
[4103.866s][info][gc             ] GC(1084) Pause Remark 2453M->2453M(4096M) 6.323ms
[4103.867s][info][gc,cpu         ] GC(1084) User=0.04s Sys=0.00s Real=0.01s
[4103.867s][info][gc,marking     ] GC(1084) Concurrent Mark 949.716ms
[4103.867s][info][gc,marking     ] GC(1084) Concurrent Rebuild Remembered Sets and Scrub Regions
[4104.175s][info][gc,marking     ] GC(1084) Concurrent Rebuild Remembered Sets and Scrub Regions 307.663ms
[4104.176s][info][gc,start       ] GC(1084) Pause Cleanup
[4104.176s][info][gc             ] GC(1084) Pause Cleanup 2738M->2738M(4096M) 0.115ms
[4104.176s][info][gc,cpu         ] GC(1084) User=0.00s Sys=0.00s Real=0.00s
[4104.176s][info][gc,marking     ] GC(1084) Concurrent Clear Claimed Marks
[4104.176s][info][gc,marking     ] GC(1084) Concurrent Clear Claimed Marks 0.026ms
[4104.176s][info][gc,marking     ] GC(1084) Concurrent Cleanup for Next Mark
[4104.181s][info][gc,marking     ] GC(1084) Concurrent Cleanup for Next Mark 4.696ms
[4104.181s][info][gc             ] GC(1084) Concurrent Mark Cycle 1440.684ms
.[4105.259s][info][gc,start       ] GC(1085) Pause Young (Prepare Mixed) (G1 Evacuation Pause)
[4105.259s][info][gc,task        ] GC(1085) Using 6 workers of 6 for evacuation
[4105.381s][info][gc,phases      ] GC(1085)   Pre Evacuate Collection Set: 0.34ms
[4105.381s][info][gc,phases      ] GC(1085)   Merge Heap Roots: 0.50ms
[4105.381s][info][gc,phases      ] GC(1085)   Evacuate Collection Set: 119.79ms
[4105.381s][info][gc,phases      ] GC(1085)   Post Evacuate Collection Set: 0.93ms
[4105.381s][info][gc,phases      ] GC(1085)   Other: 0.09ms
[4105.381s][info][gc,heap        ] GC(1085) Eden regions: 1115->0(1107)
[4105.381s][info][gc,heap        ] GC(1085) Survivor regions: 113->111(154)
[4105.381s][info][gc,heap        ] GC(1085) Old regions: 504->536
[4105.381s][info][gc,heap        ] GC(1085) Humongous regions: 80->80
[4105.381s][info][gc,metaspace   ] GC(1085) Metaspace: 28947K(29376K)->28947K(29376K) NonClass: 24077K(24256K)->24077K(24256K) Class: 4869K(5120K)->4869K(5120K)
[4105.381s][info][gc             ] GC(1085) Pause Young (Prepare Mixed) (G1 Evacuation Pause) 3620M->1451M(4096M) 121.784ms
[4105.381s][info][gc,cpu         ] GC(1085) User=0.72s Sys=0.00s Real=0.12s
...[4107.764s][info][gc,start       ] GC(1086) Pause Young (Mixed) (G1 Evacuation Pause)
[4107.764s][info][gc,task        ] GC(1086) Using 6 workers of 6 for evacuation
[4107.899s][info][gc,phases      ] GC(1086)   Pre Evacuate Collection Set: 0.38ms
[4107.899s][info][gc,phases      ] GC(1086)   Merge Heap Roots: 0.66ms
[4107.899s][info][gc,phases      ] GC(1086)   Evacuate Collection Set: 132.40ms
[4107.899s][info][gc,phases      ] GC(1086)   Post Evacuate Collection Set: 0.95ms
[4107.899s][info][gc,phases      ] GC(1086)   Other: 0.09ms
[4107.899s][info][gc,heap        ] GC(1086) Eden regions: 1107->0(1116)
[4107.899s][info][gc,heap        ] GC(1086) Survivor regions: 111->112(153)
[4107.899s][info][gc,heap        ] GC(1086) Old regions: 536->472
[4107.899s][info][gc,heap        ] GC(1086) Humongous regions: 80->80
[4107.899s][info][gc,metaspace   ] GC(1086) Metaspace: 28947K(29376K)->28947K(29376K) NonClass: 24077K(24256K)->24077K(24256K) Class: 4869K(5120K)->4869K(5120K)
[4107.899s][info][gc             ] GC(1086) Pause Young (Mixed) (G1 Evacuation Pause) 3665M->1325M(4096M) 134.599ms
[4107.899s][info][gc,cpu         ] GC(1086) User=0.80s Sys=0.00s Real=0.14s
..[4110.344s][info][gc,start       ] GC(1087) Pause Young (Concurrent Start) (G1 Evacuation Pause)
[4110.344s][info][gc,task        ] GC(1087) Using 6 workers of 6 for evacuation
[4110.463s][info][gc,phases      ] GC(1087)   Pre Evacuate Collection Set: 0.39ms
[4110.463s][info][gc,phases      ] GC(1087)   Merge Heap Roots: 0.44ms
[4110.463s][info][gc,phases      ] GC(1087)   Evacuate Collection Set: 116.81ms
[4110.463s][info][gc,phases      ] GC(1087)   Post Evacuate Collection Set: 0.76ms
[4110.463s][info][gc,phases      ] GC(1087)   Other: 0.12ms
[4110.463s][info][gc,heap        ] GC(1087) Eden regions: 1116->0(1117)
[4110.463s][info][gc,heap        ] GC(1087) Survivor regions: 112->111(154)
[4110.463s][info][gc,heap        ] GC(1087) Old regions: 472->505
[4110.463s][info][gc,heap        ] GC(1087) Humongous regions: 80->80
[4110.463s][info][gc,metaspace   ] GC(1087) Metaspace: 28947K(29376K)->28947K(29376K) NonClass: 24077K(24256K)->24077K(24256K) Class: 4869K(5120K)->4869K(5120K)
[4110.463s][info][gc             ] GC(1087) Pause Young (Concurrent Start) (G1 Evacuation Pause) 3557M->1389M(4096M) 118.666ms
[4110.463s][info][gc             ] GC(1088) Concurrent Mark Cycle
[4110.463s][info][gc,marking     ] GC(1088) Concurrent Scan Root Regions
[4110.463s][info][gc,cpu         ] GC(1087) User=0.70s Sys=0.00s Real=0.12s
[4110.648s][info][gc,marking     ] GC(1088) Concurrent Scan Root Regions 184.532ms
[4110.648s][info][gc,marking     ] GC(1088) Concurrent Mark
[4110.648s][info][gc,marking     ] GC(1088) Concurrent Mark From Roots
[4110.648s][info][gc,task        ] GC(1088) Using 2 workers of 2 for marking
.[4111.612s][info][gc,marking     ] GC(1088) Concurrent Mark From Roots 963.836ms
[4111.612s][info][gc,marking     ] GC(1088) Concurrent Preclean
[4111.612s][info][gc,marking     ] GC(1088) Concurrent Preclean 0.106ms
[4111.613s][info][gc,start       ] GC(1088) Pause Remark
[4111.621s][info][gc             ] GC(1088) Pause Remark 2483M->2483M(4096M) 7.191ms
[4111.621s][info][gc,cpu         ] GC(1088) User=0.04s Sys=0.00s Real=0.01s
[4111.621s][info][gc,marking     ] GC(1088) Concurrent Mark 973.469ms
[4111.621s][info][gc,marking     ] GC(1088) Concurrent Rebuild Remembered Sets and Scrub Regions
.[4111.971s][info][gc,marking     ] GC(1088) Concurrent Rebuild Remembered Sets and Scrub Regions 349.962ms
[4111.971s][info][gc,start       ] GC(1088) Pause Cleanup
[4111.971s][info][gc             ] GC(1088) Pause Cleanup 2792M->2792M(4096M) 0.110ms
[4111.971s][info][gc,cpu         ] GC(1088) User=0.00s Sys=0.00s Real=0.00s
[4111.971s][info][gc,marking     ] GC(1088) Concurrent Clear Claimed Marks
[4111.971s][info][gc,marking     ] GC(1088) Concurrent Clear Claimed Marks 0.022ms
[4111.971s][info][gc,marking     ] GC(1088) Concurrent Cleanup for Next Mark
[4111.975s][info][gc,marking     ] GC(1088) Concurrent Cleanup for Next Mark 3.881ms
[4111.975s][info][gc             ] GC(1088) Concurrent Mark Cycle 1512.390ms
.[4112.901s][info][gc,start       ] GC(1089) Pause Young (Prepare Mixed) (G1 Evacuation Pause)
[4112.901s][info][gc,task        ] GC(1089) Using 6 workers of 6 for evacuation
[4113.017s][info][gc,phases      ] GC(1089)   Pre Evacuate Collection Set: 0.35ms
[4113.017s][info][gc,phases      ] GC(1089)   Merge Heap Roots: 0.49ms
[4113.017s][info][gc,phases      ] GC(1089)   Evacuate Collection Set: 113.15ms
[4113.017s][info][gc,phases      ] GC(1089)   Post Evacuate Collection Set: 0.97ms
[4113.017s][info][gc,phases      ] GC(1089)   Other: 0.08ms
[4113.017s][info][gc,heap        ] GC(1089) Eden regions: 1117->0(1112)
[4113.017s][info][gc,heap        ] GC(1089) Survivor regions: 111->108(154)
[4113.017s][info][gc,heap        ] GC(1089) Old regions: 505->537
[4113.017s][info][gc,heap        ] GC(1089) Humongous regions: 80->80
[4113.017s][info][gc,metaspace   ] GC(1089) Metaspace: 28947K(29376K)->28947K(29376K) NonClass: 24077K(24256K)->24077K(24256K) Class: 4869K(5120K)->4869K(5120K)
[4113.017s][info][gc             ] GC(1089) Pause Young (Prepare Mixed) (G1 Evacuation Pause) 3623M->1446M(4096M) 115.176ms
[4113.017s][info][gc,cpu         ] GC(1089) User=0.68s Sys=0.00s Real=0.12s
..[4115.479s][info][gc,start       ] GC(1090) Pause Young (Mixed) (G1 Evacuation Pause)
[4115.479s][info][gc,task        ] GC(1090) Using 6 workers of 6 for evacuation
[4115.617s][info][gc,phases      ] GC(1090)   Pre Evacuate Collection Set: 0.38ms
[4115.617s][info][gc,phases      ] GC(1090)   Merge Heap Roots: 0.74ms
[4115.617s][info][gc,phases      ] GC(1090)   Evacuate Collection Set: 136.12ms
[4115.617s][info][gc,phases      ] GC(1090)   Post Evacuate Collection Set: 0.94ms
[4115.617s][info][gc,phases      ] GC(1090)   Other: 0.10ms
[4115.617s][info][gc,heap        ] GC(1090) Eden regions: 1112->0(1117)
[4115.617s][info][gc,heap        ] GC(1090) Survivor regions: 108->111(153)
[4115.617s][info][gc,heap        ] GC(1090) Old regions: 537->472
[4115.617s][info][gc,heap        ] GC(1090) Humongous regions: 80->80
[4115.617s][info][gc,metaspace   ] GC(1090) Metaspace: 28947K(29376K)->28947K(29376K) NonClass: 24077K(24256K)->24077K(24256K) Class: 4869K(5120K)->4869K(5120K)
[4115.617s][info][gc             ] GC(1090) Pause Young (Mixed) (G1 Evacuation Pause) 3670M->1322M(4096M) 138.408ms
[4115.617s][info][gc,cpu         ] GC(1090) User=0.82s Sys=0.00s Real=0.14s
...[4117.972s][info][gc,start       ] GC(1091) Pause Young (Concurrent Start) (G1 Evacuation Pause)
[4117.972s][info][gc,task        ] GC(1091) Using 6 workers of 6 for evacuation
[4118.088s][info][gc,phases      ] GC(1091)   Pre Evacuate Collection Set: 0.36ms
[4118.088s][info][gc,phases      ] GC(1091)   Merge Heap Roots: 0.45ms
[4118.088s][info][gc,phases      ] GC(1091)   Evacuate Collection Set: 114.05ms
[4118.088s][info][gc,phases      ] GC(1091)   Post Evacuate Collection Set: 0.91ms
[4118.088s][info][gc,phases      ] GC(1091)   Other: 0.10ms
[4118.088s][info][gc,heap        ] GC(1091) Eden regions: 1117->0(1121)
[4118.088s][info][gc,heap        ] GC(1091) Survivor regions: 111->107(154)
[4118.088s][info][gc,heap        ] GC(1091) Old regions: 472->504
[4118.088s][info][gc,heap        ] GC(1091) Humongous regions: 80->80
[4118.088s][info][gc,metaspace   ] GC(1091) Metaspace: 28947K(29376K)->28947K(29376K) NonClass: 24077K(24256K)->24077K(24256K) Class: 4869K(5120K)->4869K(5120K)
[4118.088s][info][gc             ] GC(1091) Pause Young (Concurrent Start) (G1 Evacuation Pause) 3556M->1379M(4096M) 116.010ms
[4118.088s][info][gc             ] GC(1092) Concurrent Mark Cycle
[4118.088s][info][gc,marking     ] GC(1092) Concurrent Scan Root Regions
[4118.088s][info][gc,cpu         ] GC(1091) User=0.69s Sys=0.00s Real=0.12s
[4118.257s][info][gc,marking     ] GC(1092) Concurrent Scan Root Regions 168.610ms
[4118.257s][info][gc,marking     ] GC(1092) Concurrent Mark
[4118.257s][info][gc,marking     ] GC(1092) Concurrent Mark From Roots
[4118.257s][info][gc,task        ] GC(1092) Using 2 workers of 2 for marking
.[4119.218s][info][gc,marking     ] GC(1092) Concurrent Mark From Roots 960.532ms
[4119.218s][info][gc,marking     ] GC(1092) Concurrent Preclean
[4119.218s][info][gc,marking     ] GC(1092) Concurrent Preclean 0.112ms
[4119.219s][info][gc,start       ] GC(1092) Pause Remark
[4119.226s][info][gc             ] GC(1092) Pause Remark 2437M->2437M(4096M) 6.947ms
[4119.226s][info][gc,cpu         ] GC(1092) User=0.04s Sys=0.00s Real=0.01s
[4119.227s][info][gc,marking     ] GC(1092) Concurrent Mark 970.062ms
[4119.227s][info][gc,marking     ] GC(1092) Concurrent Rebuild Remembered Sets and Scrub Regions
[4119.494s][info][gc,marking     ] GC(1092) Concurrent Rebuild Remembered Sets and Scrub Regions 267.296ms
[4119.495s][info][gc,start       ] GC(1092) Pause Cleanup
[4119.495s][info][gc             ] GC(1092) Pause Cleanup 2687M->2687M(4096M) 0.117ms
[4119.495s][info][gc,cpu         ] GC(1092) User=0.00s Sys=0.00s Real=0.00s
[4119.495s][info][gc,marking     ] GC(1092) Concurrent Clear Claimed Marks
[4119.495s][info][gc,marking     ] GC(1092) Concurrent Clear Claimed Marks 0.024ms
[4119.495s][info][gc,marking     ] GC(1092) Concurrent Cleanup for Next Mark
[4119.500s][info][gc,marking     ] GC(1092) Concurrent Cleanup for Next Mark 5.023ms
[4119.500s][info][gc             ] GC(1092) Concurrent Mark Cycle 1411.756ms
.[4120.554s][info][gc,start       ] GC(1093) Pause Young (Prepare Mixed) (G1 Evacuation Pause)
[4120.554s][info][gc,task        ] GC(1093) Using 6 workers of 6 for evacuation
[4120.675s][info][gc,phases      ] GC(1093)   Pre Evacuate Collection Set: 0.33ms
[4120.675s][info][gc,phases      ] GC(1093)   Merge Heap Roots: 0.50ms
[4120.675s][info][gc,phases      ] GC(1093)   Evacuate Collection Set: 118.78ms
[4120.675s][info][gc,phases      ] GC(1093)   Post Evacuate Collection Set: 0.96ms
[4120.675s][info][gc,phases      ] GC(1093)   Other: 0.10ms
[4120.675s][info][gc,heap        ] GC(1093) Eden regions: 1121->0(1105)
[4120.675s][info][gc,heap        ] GC(1093) Survivor regions: 107->112(154)
[4120.675s][info][gc,heap        ] GC(1093) Old regions: 504->536
[4120.675s][info][gc,heap        ] GC(1093) Humongous regions: 80->80
[4120.675s][info][gc,metaspace   ] GC(1093) Metaspace: 28947K(29376K)->28947K(29376K) NonClass: 24077K(24256K)->24077K(24256K) Class: 4869K(5120K)->4869K(5120K)
[4120.675s][info][gc             ] GC(1093) Pause Young (Prepare Mixed) (G1 Evacuation Pause) 3621M->1452M(4096M) 120.820ms
[4120.675s][info][gc,cpu         ] GC(1093) User=0.72s Sys=0.00s Real=0.12s
. (rIR:aIR:PR = 7334:7333:7333) (tPR = 109098) [OK] 
  4120s: Performance info:
         Transaction,    Success,    Partial,     Failed,   Receipts, AvgBarcode, 
             Overall,     440098,          0,          0,     418098,      59.48, 
         Response times:
             Request,    Success,    Partial,     Failed,   SkipFail,     Probes,    Samples,      min,      p50,      p90,      p95,      p99,      max, 
       TotalPurchase,     418070,          0,          0,          0,     357663,     417224,      300,     6100,    50000,    73000,   149000,   493000,
     InStorePurchase,     219978,          0,          0,          0,     188238,     219258,      300,     6000,    50000,    73000,   149000,   418000,
      OnlinePurchase,     154333,          0,          0,          0,     131433,     153450,      300,     6300,    51000,    74000,   151000,   493000,
        InstPurchase,      43759,          0,          0,          0,      37992,      44516,      400,     6000,    50000,    74000,   148000,   317000,
          AssocOfCat,        440,          0,          0,          0,        350,        471,    27000,    42000,   106000,   129400,   240080,   291000,
      AssocOfProduct,       4391,          0,          0,          0,       4071,       4963,      600,     6600,    51000,    76800,   143360,   299000,
      BusinessReport,       1098,          0,          0,          0,        962,       1246,    29000,    44000,   117000,   143000,   234590,   336000,
          CustBuyBeh,       4385,          0,          0,          0,       4101,       4987,      200,     6700,    58000,    82000,   156120,   298000,
       ProductReturn,      11685,          0,          0,          0,       9878,      11769,      500,     6100,    48000,    75000,   150000,   494000,

  4120s: (54%)   IR =   7472 ..[4123.062s][info][gc,start       ] GC(1094) Pause Young (Mixed) (G1 Evacuation Pause)
[4123.062s][info][gc,task        ] GC(1094) Using 6 workers of 6 for evacuation
[4123.202s][info][gc,phases      ] GC(1094)   Pre Evacuate Collection Set: 0.39ms
[4123.202s][info][gc,phases      ] GC(1094)   Merge Heap Roots: 0.78ms
[4123.202s][info][gc,phases      ] GC(1094)   Evacuate Collection Set: 137.18ms
[4123.202s][info][gc,phases      ] GC(1094)   Post Evacuate Collection Set: 0.97ms
[4123.202s][info][gc,phases      ] GC(1094)   Other: 0.09ms
[4123.202s][info][gc,heap        ] GC(1094) Eden regions: 1105->0(1117)
[4123.202s][info][gc,heap        ] GC(1094) Survivor regions: 112->111(153)
[4123.202s][info][gc,heap        ] GC(1094) Old regions: 536->472
[4123.202s][info][gc,heap        ] GC(1094) Humongous regions: 80->80
[4123.202s][info][gc,metaspace   ] GC(1094) Metaspace: 28947K(29376K)->28947K(29376K) NonClass: 24077K(24256K)->24077K(24256K) Class: 4869K(5120K)->4869K(5120K)
[4123.202s][info][gc             ] GC(1094) Pause Young (Mixed) (G1 Evacuation Pause) 3662M->1323M(4096M) 139.541ms
[4123.202s][info][gc,cpu         ] GC(1094) User=0.83s Sys=0.00s Real=0.14s
..|[4125.583s][info][gc,start       ] GC(1095) Pause Young (Concurrent Start) (G1 Evacuation Pause)
[4125.584s][info][gc,task        ] GC(1095) Using 6 workers of 6 for evacuation
[4125.705s][info][gc,phases      ] GC(1095)   Pre Evacuate Collection Set: 0.33ms
[4125.705s][info][gc,phases      ] GC(1095)   Merge Heap Roots: 0.44ms
[4125.705s][info][gc,phases      ] GC(1095)   Evacuate Collection Set: 119.83ms
[4125.705s][info][gc,phases      ] GC(1095)   Post Evacuate Collection Set: 0.89ms
[4125.705s][info][gc,phases      ] GC(1095)   Other: 0.10ms
[4125.705s][info][gc,heap        ] GC(1095) Eden regions: 1117->0(1115)
[4125.705s][info][gc,heap        ] GC(1095) Survivor regions: 111->113(154)
[4125.705s][info][gc,heap        ] GC(1095) Old regions: 472->504
[4125.705s][info][gc,heap        ] GC(1095) Humongous regions: 80->80
[4125.705s][info][gc,metaspace   ] GC(1095) Metaspace: 28947K(29376K)->28947K(29376K) NonClass: 24077K(24256K)->24077K(24256K) Class: 4869K(5120K)->4869K(5120K)
[4125.705s][info][gc             ] GC(1095) Pause Young (Concurrent Start) (G1 Evacuation Pause) 3557M->1391M(4096M) 121.714ms
[4125.705s][info][gc             ] GC(1096) Concurrent Mark Cycle
[4125.705s][info][gc,marking     ] GC(1096) Concurrent Scan Root Regions
[4125.705s][info][gc,cpu         ] GC(1095) User=0.72s Sys=0.00s Real=0.12s
.[4125.892s][info][gc,marking     ] GC(1096) Concurrent Scan Root Regions 186.503ms
[4125.892s][info][gc,marking     ] GC(1096) Concurrent Mark
[4125.892s][info][gc,marking     ] GC(1096) Concurrent Mark From Roots
[4125.892s][info][gc,task        ] GC(1096) Using 2 workers of 2 for marking
[4126.623s][info][gc,marking     ] GC(1096) Concurrent Mark From Roots 731.657ms
[4126.624s][info][gc,marking     ] GC(1096) Concurrent Preclean
[4126.624s][info][gc,marking     ] GC(1096) Concurrent Preclean 0.131ms
[4126.624s][info][gc,start       ] GC(1096) Pause Remark
[4126.629s][info][gc             ] GC(1096) Pause Remark 2216M->2216M(4096M) 5.238ms
[4126.629s][info][gc,cpu         ] GC(1096) User=0.03s Sys=0.00s Real=0.01s
[4126.631s][info][gc,marking     ] GC(1096) Concurrent Mark 739.563ms
[4126.631s][info][gc,marking     ] GC(1096) Concurrent Rebuild Remembered Sets and Scrub Regions
[4126.970s][info][gc,marking     ] GC(1096) Concurrent Rebuild Remembered Sets and Scrub Regions 338.193ms
[4126.970s][info][gc,start       ] GC(1096) Pause Cleanup
[4126.970s][info][gc             ] GC(1096) Pause Cleanup 2520M->2520M(4096M) 0.114ms
[4126.970s][info][gc,cpu         ] GC(1096) User=0.00s Sys=0.00s Real=0.00s
[4126.970s][info][gc,marking     ] GC(1096) Concurrent Clear Claimed Marks
[4126.970s][info][gc,marking     ] GC(1096) Concurrent Clear Claimed Marks 0.024ms
[4126.970s][info][gc,marking     ] GC(1096) Concurrent Cleanup for Next Mark
[4126.976s][info][gc,marking     ] GC(1096) Concurrent Cleanup for Next Mark 6.265ms
[4126.976s][info][gc             ] GC(1096) Concurrent Mark Cycle 1271.128ms
..[4128.133s][info][gc,start       ] GC(1097) Pause Young (Prepare Mixed) (G1 Evacuation Pause)
[4128.133s][info][gc,task        ] GC(1097) Using 6 workers of 6 for evacuation
[4128.251s][info][gc,phases      ] GC(1097)   Pre Evacuate Collection Set: 0.36ms
[4128.251s][info][gc,phases      ] GC(1097)   Merge Heap Roots: 0.53ms
[4128.251s][info][gc,phases      ] GC(1097)   Evacuate Collection Set: 115.80ms
[4128.251s][info][gc,phases      ] GC(1097)   Post Evacuate Collection Set: 0.91ms
[4128.251s][info][gc,phases      ] GC(1097)   Other: 0.10ms
[4128.251s][info][gc,heap        ] GC(1097) Eden regions: 1115->0(1113)
[4128.251s][info][gc,heap        ] GC(1097) Survivor regions: 113->108(154)
[4128.251s][info][gc,heap        ] GC(1097) Old regions: 504->536
[4128.251s][info][gc,heap        ] GC(1097) Humongous regions: 80->80
[4128.251s][info][gc,metaspace   ] GC(1097) Metaspace: 28947K(29376K)->28947K(29376K) NonClass: 24077K(24256K)->24077K(24256K) Class: 4869K(5120K)->4869K(5120K)
[4128.251s][info][gc             ] GC(1097) Pause Young (Prepare Mixed) (G1 Evacuation Pause) 3621M->1444M(4096M) 117.859ms
[4128.251s][info][gc,cpu         ] GC(1097) User=0.70s Sys=0.01s Real=0.12s
..[4130.647s][info][gc,start       ] GC(1098) Pause Young (Mixed) (G1 Evacuation Pause)
[4130.647s][info][gc,task        ] GC(1098) Using 6 workers of 6 for evacuation
[4130.788s][info][gc,phases      ] GC(1098)   Pre Evacuate Collection Set: 0.38ms
[4130.788s][info][gc,phases      ] GC(1098)   Merge Heap Roots: 0.63ms
[4130.788s][info][gc,phases      ] GC(1098)   Evacuate Collection Set: 139.17ms
[4130.788s][info][gc,phases      ] GC(1098)   Post Evacuate Collection Set: 0.79ms
[4130.788s][info][gc,phases      ] GC(1098)   Other: 0.09ms
[4130.788s][info][gc,heap        ] GC(1098) Eden regions: 1113->0(1112)
[4130.788s][info][gc,heap        ] GC(1098) Survivor regions: 108->116(153)
[4130.788s][info][gc,heap        ] GC(1098) Old regions: 536->472
[4130.788s][info][gc,heap        ] GC(1098) Humongous regions: 80->80
[4130.788s][info][gc,metaspace   ] GC(1098) Metaspace: 28947K(29376K)->28947K(29376K) NonClass: 24077K(24256K)->24077K(24256K) Class: 4869K(5120K)->4869K(5120K)
[4130.788s][info][gc             ] GC(1098) Pause Young (Mixed) (G1 Evacuation Pause) 3670M->1333M(4096M) 141.181ms
[4130.788s][info][gc,cpu         ] GC(1098) User=0.83s Sys=0.00s Real=0.14s
...[4133.140s][info][gc,start       ] GC(1099) Pause Young (Concurrent Start) (G1 Evacuation Pause)
[4133.140s][info][gc,task        ] GC(1099) Using 6 workers of 6 for evacuation
[4133.258s][info][gc,phases      ] GC(1099)   Pre Evacuate Collection Set: 0.34ms
[4133.259s][info][gc,phases      ] GC(1099)   Merge Heap Roots: 0.45ms
[4133.259s][info][gc,phases      ] GC(1099)   Evacuate Collection Set: 116.32ms
[4133.259s][info][gc,phases      ] GC(1099)   Post Evacuate Collection Set: 0.91ms
[4133.259s][info][gc,phases      ] GC(1099)   Other: 0.10ms
[4133.259s][info][gc,heap        ] GC(1099) Eden regions: 1112->0(1118)
[4133.259s][info][gc,heap        ] GC(1099) Survivor regions: 116->110(154)
[4133.259s][info][gc,heap        ] GC(1099) Old regions: 472->504
[4133.259s][info][gc,heap        ] GC(1099) Humongous regions: 80->80
[4133.259s][info][gc,metaspace   ] GC(1099) Metaspace: 28947K(29376K)->28947K(29376K) NonClass: 24077K(24256K)->24077K(24256K) Class: 4869K(5120K)->4869K(5120K)
[4133.259s][info][gc             ] GC(1099) Pause Young (Concurrent Start) (G1 Evacuation Pause) 3557M->1385M(4096M) 118.254ms
[4133.259s][info][gc             ] GC(1100) Concurrent Mark Cycle
[4133.259s][info][gc,marking     ] GC(1100) Concurrent Scan Root Regions
[4133.259s][info][gc,cpu         ] GC(1099) User=0.70s Sys=0.00s Real=0.12s
[4133.392s][info][gc,marking     ] GC(1100) Concurrent Scan Root Regions 133.098ms
[4133.392s][info][gc,marking     ] GC(1100) Concurrent Mark
[4133.392s][info][gc,marking     ] GC(1100) Concurrent Mark From Roots
[4133.392s][info][gc,task        ] GC(1100) Using 2 workers of 2 for marking
.[4134.078s][info][gc,marking     ] GC(1100) Concurrent Mark From Roots 686.373ms
[4134.078s][info][gc,marking     ] GC(1100) Concurrent Preclean
[4134.078s][info][gc,marking     ] GC(1100) Concurrent Preclean 0.092ms
[4134.082s][info][gc,start       ] GC(1100) Pause Remark
[4134.088s][info][gc             ] GC(1100) Pause Remark 2123M->2123M(4096M) 6.205ms
[4134.088s][info][gc,cpu         ] GC(1100) User=0.03s Sys=0.00s Real=0.01s
[4134.088s][info][gc,marking     ] GC(1100) Concurrent Mark 696.613ms
[4134.088s][info][gc,marking     ] GC(1100) Concurrent Rebuild Remembered Sets and Scrub Regions
[4134.363s][info][gc,marking     ] GC(1100) Concurrent Rebuild Remembered Sets and Scrub Regions 274.299ms
[4134.366s][info][gc,start       ] GC(1100) Pause Cleanup
[4134.366s][info][gc             ] GC(1100) Pause Cleanup 2385M->2385M(4096M) 0.145ms
[4134.366s][info][gc,cpu         ] GC(1100) User=0.00s Sys=0.00s Real=0.00s
[4134.366s][info][gc,marking     ] GC(1100) Concurrent Clear Claimed Marks
[4134.366s][info][gc,marking     ] GC(1100) Concurrent Clear Claimed Marks 0.034ms
[4134.366s][info][gc,marking     ] GC(1100) Concurrent Cleanup for Next Mark
[4134.374s][info][gc,marking     ] GC(1100) Concurrent Cleanup for Next Mark 7.435ms
[4134.374s][info][gc             ] GC(1100) Concurrent Mark Cycle 1115.226ms
.[4135.703s][info][gc,start       ] GC(1101) Pause Young (Prepare Mixed) (G1 Evacuation Pause)
[4135.703s][info][gc,task        ] GC(1101) Using 6 workers of 6 for evacuation
[4135.825s][info][gc,phases      ] GC(1101)   Pre Evacuate Collection Set: 0.31ms
[4135.825s][info][gc,phases      ] GC(1101)   Merge Heap Roots: 0.54ms
[4135.825s][info][gc,phases      ] GC(1101)   Evacuate Collection Set: 120.50ms
[4135.825s][info][gc,phases      ] GC(1101)   Post Evacuate Collection Set: 0.97ms
[4135.825s][info][gc,phases      ] GC(1101)   Other: 0.09ms
[4135.825s][info][gc,heap        ] GC(1101) Eden regions: 1118->0(1099)
[4135.825s][info][gc,heap        ] GC(1101) Survivor regions: 110->115(154)
[4135.825s][info][gc,heap        ] GC(1101) Old regions: 504->536
[4135.825s][info][gc,heap        ] GC(1101) Humongous regions: 80->80
[4135.825s][info][gc,metaspace   ] GC(1101) Metaspace: 28947K(29376K)->28947K(29376K) NonClass: 24077K(24256K)->24077K(24256K) Class: 4869K(5120K)->4869K(5120K)
[4135.826s][info][gc             ] GC(1101) Pause Young (Prepare Mixed) (G1 Evacuation Pause) 3621M->1459M(4096M) 122.543ms
[4135.826s][info][gc,cpu         ] GC(1101) User=0.73s Sys=0.00s Real=0.12s
...[4138.218s][info][gc,start       ] GC(1102) Pause Young (Mixed) (G1 Evacuation Pause)
[4138.218s][info][gc,task        ] GC(1102) Using 6 workers of 6 for evacuation
[4138.354s][info][gc,phases      ] GC(1102)   Pre Evacuate Collection Set: 0.35ms
[4138.354s][info][gc,phases      ] GC(1102)   Merge Heap Roots: 0.69ms
[4138.354s][info][gc,phases      ] GC(1102)   Evacuate Collection Set: 134.33ms
[4138.354s][info][gc,phases      ] GC(1102)   Post Evacuate Collection Set: 0.97ms
[4138.354s][info][gc,phases      ] GC(1102)   Other: 0.09ms
[4138.354s][info][gc,heap        ] GC(1102) Eden regions: 1099->0(1119)
[4138.354s][info][gc,heap        ] GC(1102) Survivor regions: 115->109(152)
[4138.354s][info][gc,heap        ] GC(1102) Old regions: 536->473
[4138.354s][info][gc,heap        ] GC(1102) Humongous regions: 80->80
[4138.354s][info][gc,metaspace   ] GC(1102) Metaspace: 28947K(29376K)->28947K(29376K) NonClass: 24077K(24256K)->24077K(24256K) Class: 4869K(5120K)->4869K(5120K)
[4138.354s][info][gc             ] GC(1102) Pause Young (Mixed) (G1 Evacuation Pause) 3657M->1321M(4096M) 136.564ms
[4138.354s][info][gc,cpu         ] GC(1102) User=0.81s Sys=0.00s Real=0.13s
..[4140.707s][info][gc,start       ] GC(1103) Pause Young (Concurrent Start) (G1 Evacuation Pause)
[4140.707s][info][gc,task        ] GC(1103) Using 6 workers of 6 for evacuation
[4140.824s][info][gc,phases      ] GC(1103)   Pre Evacuate Collection Set: 0.37ms
[4140.824s][info][gc,phases      ] GC(1103)   Merge Heap Roots: 0.46ms
[4140.824s][info][gc,phases      ] GC(1103)   Evacuate Collection Set: 115.36ms
[4140.824s][info][gc,phases      ] GC(1103)   Post Evacuate Collection Set: 0.90ms
[4140.824s][info][gc,phases      ] GC(1103)   Other: 0.10ms
[4140.824s][info][gc,heap        ] GC(1103) Eden regions: 1119->0(1118)
[4140.824s][info][gc,heap        ] GC(1103) Survivor regions: 109->110(154)
[4140.824s][info][gc,heap        ] GC(1103) Old regions: 473->506
[4140.824s][info][gc,heap        ] GC(1103) Humongous regions: 80->80
[4140.824s][info][gc,metaspace   ] GC(1103) Metaspace: 28947K(29376K)->28947K(29376K) NonClass: 24077K(24256K)->24077K(24256K) Class: 4869K(5120K)->4869K(5120K)
[4140.824s][info][gc             ] GC(1103) Pause Young (Concurrent Start) (G1 Evacuation Pause) 3559M->1389M(4096M) 117.316ms
[4140.824s][info][gc             ] GC(1104) Concurrent Mark Cycle
[4140.824s][info][gc,marking     ] GC(1104) Concurrent Scan Root Regions
[4140.824s][info][gc,cpu         ] GC(1103) User=0.69s Sys=0.01s Real=0.11s
[4140.960s][info][gc,marking     ] GC(1104) Concurrent Scan Root Regions 135.786ms
[4140.960s][info][gc,marking     ] GC(1104) Concurrent Mark
[4140.960s][info][gc,marking     ] GC(1104) Concurrent Mark From Roots
[4140.960s][info][gc,task        ] GC(1104) Using 2 workers of 2 for marking
.[4141.685s][info][gc,marking     ] GC(1104) Concurrent Mark From Roots 725.475ms
[4141.685s][info][gc,marking     ] GC(1104) Concurrent Preclean
[4141.685s][info][gc,marking     ] GC(1104) Concurrent Preclean 0.156ms
[4141.686s][info][gc,start       ] GC(1104) Pause Remark
[4141.691s][info][gc             ] GC(1104) Pause Remark 2133M->2133M(4096M) 5.354ms
[4141.691s][info][gc,cpu         ] GC(1104) User=0.03s Sys=0.00s Real=0.01s
[4141.691s][info][gc,marking     ] GC(1104) Concurrent Mark 731.435ms
[4141.691s][info][gc,marking     ] GC(1104) Concurrent Rebuild Remembered Sets and Scrub Regions
[4141.993s][info][gc,marking     ] GC(1104) Concurrent Rebuild Remembered Sets and Scrub Regions 301.806ms
[4141.993s][info][gc,start       ] GC(1104) Pause Cleanup
[4141.993s][info][gc             ] GC(1104) Pause Cleanup 2448M->2448M(4096M) 0.104ms
[4141.993s][info][gc,cpu         ] GC(1104) User=0.00s Sys=0.00s Real=0.00s
[4141.993s][info][gc,marking     ] GC(1104) Concurrent Clear Claimed Marks
[4141.993s][info][gc,marking     ] GC(1104) Concurrent Clear Claimed Marks 0.022ms
[4141.993s][info][gc,marking     ] GC(1104) Concurrent Cleanup for Next Mark
[4141.997s][info][gc,marking     ] GC(1104) Concurrent Cleanup for Next Mark 3.689ms
[4141.997s][info][gc             ] GC(1104) Concurrent Mark Cycle 1173.162ms
..[4143.268s][info][gc,start       ] GC(1105) Pause Young (Prepare Mixed) (G1 Evacuation Pause)
[4143.268s][info][gc,task        ] GC(1105) Using 6 workers of 6 for evacuation
[4143.386s][info][gc,phases      ] GC(1105)   Pre Evacuate Collection Set: 0.34ms
[4143.386s][info][gc,phases      ] GC(1105)   Merge Heap Roots: 0.54ms
[4143.386s][info][gc,phases      ] GC(1105)   Evacuate Collection Set: 115.99ms
[4143.386s][info][gc,phases      ] GC(1105)   Post Evacuate Collection Set: 0.90ms
[4143.386s][info][gc,phases      ] GC(1105)   Other: 0.08ms
[4143.386s][info][gc,heap        ] GC(1105) Eden regions: 1118->0(1108)
[4143.386s][info][gc,heap        ] GC(1105) Survivor regions: 110->110(154)
[4143.386s][info][gc,heap        ] GC(1105) Old regions: 506->537
[4143.386s][info][gc,heap        ] GC(1105) Humongous regions: 80->80
[4143.386s][info][gc,metaspace   ] GC(1105) Metaspace: 28947K(29376K)->28947K(29376K) NonClass: 24077K(24256K)->24077K(24256K) Class: 4869K(5120K)->4869K(5120K)
[4143.386s][info][gc             ] GC(1105) Pause Young (Prepare Mixed) (G1 Evacuation Pause) 3625M->1450M(4096M) 117.972ms
[4143.386s][info][gc,cpu         ] GC(1105) User=0.70s Sys=0.00s Real=0.12s
..[4145.691s][info][gc,start       ] GC(1106) Pause Young (Mixed) (G1 Evacuation Pause)
[4145.691s][info][gc,task        ] GC(1106) Using 6 workers of 6 for evacuation
[4145.831s][info][gc,phases      ] GC(1106)   Pre Evacuate Collection Set: 0.40ms
[4145.831s][info][gc,phases      ] GC(1106)   Merge Heap Roots: 0.74ms
[4145.831s][info][gc,phases      ] GC(1106)   Evacuate Collection Set: 138.61ms
[4145.831s][info][gc,phases      ] GC(1106)   Post Evacuate Collection Set: 0.93ms
[4145.831s][info][gc,phases      ] GC(1106)   Other: 0.09ms
[4145.831s][info][gc,heap        ] GC(1106) Eden regions: 1108->0(1113)
[4145.831s][info][gc,heap        ] GC(1106) Survivor regions: 110->115(153)
[4145.831s][info][gc,heap        ] GC(1106) Old regions: 537->471
[4145.831s][info][gc,heap        ] GC(1106) Humongous regions: 80->80
[4145.831s][info][gc,metaspace   ] GC(1106) Metaspace: 28947K(29376K)->28947K(29376K) NonClass: 24077K(24256K)->24077K(24256K) Class: 4869K(5120K)->4869K(5120K)
[4145.831s][info][gc             ] GC(1106) Pause Young (Mixed) (G1 Evacuation Pause) 3666M->1329M(4096M) 140.903ms
[4145.831s][info][gc,cpu         ] GC(1106) User=0.83s Sys=0.01s Real=0.14s
...[4148.177s][info][gc,start       ] GC(1107) Pause Young (Concurrent Start) (G1 Evacuation Pause)
[4148.177s][info][gc,task        ] GC(1107) Using 6 workers of 6 for evacuation
[4148.293s][info][gc,phases      ] GC(1107)   Pre Evacuate Collection Set: 0.38ms
[4148.293s][info][gc,phases      ] GC(1107)   Merge Heap Roots: 0.49ms
[4148.293s][info][gc,phases      ] GC(1107)   Evacuate Collection Set: 113.97ms
[4148.293s][info][gc,phases      ] GC(1107)   Post Evacuate Collection Set: 0.88ms
[4148.293s][info][gc,phases      ] GC(1107)   Other: 0.13ms
[4148.293s][info][gc,heap        ] GC(1107) Eden regions: 1113->0(1120)
[4148.293s][info][gc,heap        ] GC(1107) Survivor regions: 115->108(154)
[4148.293s][info][gc,heap        ] GC(1107) Old regions: 471->504
[4148.293s][info][gc,heap        ] GC(1107) Humongous regions: 80->80
[4148.293s][info][gc,metaspace   ] GC(1107) Metaspace: 28947K(29376K)->28947K(29376K) NonClass: 24077K(24256K)->24077K(24256K) Class: 4869K(5120K)->4869K(5120K)
[4148.293s][info][gc             ] GC(1107) Pause Young (Concurrent Start) (G1 Evacuation Pause) 3555M->1381M(4096M) 116.002ms
[4148.293s][info][gc             ] GC(1108) Concurrent Mark Cycle
[4148.293s][info][gc,marking     ] GC(1108) Concurrent Scan Root Regions
[4148.293s][info][gc,cpu         ] GC(1107) User=0.68s Sys=0.00s Real=0.11s
[4148.426s][info][gc,marking     ] GC(1108) Concurrent Scan Root Regions 132.891ms
[4148.426s][info][gc,marking     ] GC(1108) Concurrent Mark
[4148.426s][info][gc,marking     ] GC(1108) Concurrent Mark From Roots
[4148.426s][info][gc,task        ] GC(1108) Using 2 workers of 2 for marking
.[4149.111s][info][gc,marking     ] GC(1108) Concurrent Mark From Roots 685.253ms
[4149.111s][info][gc,marking     ] GC(1108) Concurrent Preclean
[4149.111s][info][gc,marking     ] GC(1108) Concurrent Preclean 0.096ms
[4149.111s][info][gc,start       ] GC(1108) Pause Remark
[4149.117s][info][gc             ] GC(1108) Pause Remark 2119M->2119M(4096M) 5.866ms
[4149.117s][info][gc,cpu         ] GC(1108) User=0.03s Sys=0.00s Real=0.01s
[4149.117s][info][gc,marking     ] GC(1108) Concurrent Mark 691.557ms
[4149.117s][info][gc,marking     ] GC(1108) Concurrent Rebuild Remembered Sets and Scrub Regions
[4149.389s][info][gc,marking     ] GC(1108) Concurrent Rebuild Remembered Sets and Scrub Regions 271.750ms
[4149.390s][info][gc,start       ] GC(1108) Pause Cleanup
[4149.390s][info][gc             ] GC(1108) Pause Cleanup 2389M->2389M(4096M) 0.113ms
[4149.390s][info][gc,cpu         ] GC(1108) User=0.00s Sys=0.00s Real=0.00s
[4149.390s][info][gc,marking     ] GC(1108) Concurrent Clear Claimed Marks
[4149.390s][info][gc,marking     ] GC(1108) Concurrent Clear Claimed Marks 0.026ms
[4149.390s][info][gc,marking     ] GC(1108) Concurrent Cleanup for Next Mark
[4149.395s][info][gc,marking     ] GC(1108) Concurrent Cleanup for Next Mark 4.932ms
[4149.395s][info][gc             ] GC(1108) Concurrent Mark Cycle 1102.384ms
.[4150.733s][info][gc,start       ] GC(1109) Pause Young (Prepare Mixed) (G1 Evacuation Pause)
[4150.733s][info][gc,task        ] GC(1109) Using 6 workers of 6 for evacuation
[4150.851s][info][gc,phases      ] GC(1109)   Pre Evacuate Collection Set: 0.33ms
[4150.851s][info][gc,phases      ] GC(1109)   Merge Heap Roots: 0.52ms
[4150.851s][info][gc,phases      ] GC(1109)   Evacuate Collection Set: 115.64ms
[4150.851s][info][gc,phases      ] GC(1109)   Post Evacuate Collection Set: 0.94ms
[4150.851s][info][gc,phases      ] GC(1109)   Other: 0.09ms
[4150.851s][info][gc,heap        ] GC(1109) Eden regions: 1120->0(1107)
[4150.851s][info][gc,heap        ] GC(1109) Survivor regions: 108->111(154)
[4150.851s][info][gc,heap        ] GC(1109) Old regions: 504->536
[4150.851s][info][gc,heap        ] GC(1109) Humongous regions: 80->80
[4150.851s][info][gc,metaspace   ] GC(1109) Metaspace: 28947K(29376K)->28947K(29376K) NonClass: 24077K(24256K)->24077K(24256K) Class: 4869K(5120K)->4869K(5120K)
[4150.851s][info][gc             ] GC(1109) Pause Young (Prepare Mixed) (G1 Evacuation Pause) 3621M->1451M(4096M) 117.632ms
[4150.851s][info][gc,cpu         ] GC(1109) User=0.70s Sys=0.00s Real=0.12s
...[4153.230s][info][gc,start       ] GC(1110) Pause Young (Mixed) (G1 Evacuation Pause)
[4153.230s][info][gc,task        ] GC(1110) Using 6 workers of 6 for evacuation
[4153.367s][info][gc,phases      ] GC(1110)   Pre Evacuate Collection Set: 0.39ms
[4153.367s][info][gc,phases      ] GC(1110)   Merge Heap Roots: 0.69ms
[4153.367s][info][gc,phases      ] GC(1110)   Evacuate Collection Set: 134.61ms
[4153.367s][info][gc,phases      ] GC(1110)   Post Evacuate Collection Set: 0.94ms
[4153.367s][info][gc,phases      ] GC(1110)   Other: 0.09ms
[4153.367s][info][gc,heap        ] GC(1110) Eden regions: 1107->0(1116)
[4153.367s][info][gc,heap        ] GC(1110) Survivor regions: 111->112(153)
[4153.367s][info][gc,heap        ] GC(1110) Old regions: 536->474
[4153.367s][info][gc,heap        ] GC(1110) Humongous regions: 80->80
[4153.367s][info][gc,metaspace   ] GC(1110) Metaspace: 28947K(29376K)->28947K(29376K) NonClass: 24077K(24256K)->24077K(24256K) Class: 4869K(5120K)->4869K(5120K)
[4153.367s][info][gc             ] GC(1110) Pause Young (Mixed) (G1 Evacuation Pause) 3665M->1329M(4096M) 136.873ms
[4153.367s][info][gc,cpu         ] GC(1110) User=0.81s Sys=0.00s Real=0.14s
..[4155.731s][info][gc,start       ] GC(1111) Pause Young (Concurrent Start) (G1 Evacuation Pause)
[4155.731s][info][gc,task        ] GC(1111) Using 6 workers of 6 for evacuation
[4155.852s][info][gc,phases      ] GC(1111)   Pre Evacuate Collection Set: 0.37ms
[4155.852s][info][gc,phases      ] GC(1111)   Merge Heap Roots: 0.44ms
[4155.852s][info][gc,phases      ] GC(1111)   Evacuate Collection Set: 118.63ms
[4155.852s][info][gc,phases      ] GC(1111)   Post Evacuate Collection Set: 0.88ms
[4155.852s][info][gc,phases      ] GC(1111)   Other: 0.13ms
[4155.852s][info][gc,heap        ] GC(1111) Eden regions: 1116->0(1115)
[4155.852s][info][gc,heap        ] GC(1111) Survivor regions: 112->113(154)
[4155.852s][info][gc,heap        ] GC(1111) Old regions: 474->505
[4155.852s][info][gc,heap        ] GC(1111) Humongous regions: 80->80
[4155.852s][info][gc,metaspace   ] GC(1111) Metaspace: 28947K(29376K)->28947K(29376K) NonClass: 24077K(24256K)->24077K(24256K) Class: 4869K(5120K)->4869K(5120K)
[4155.852s][info][gc             ] GC(1111) Pause Young (Concurrent Start) (G1 Evacuation Pause) 3561M->1394M(4096M) 120.575ms
[4155.852s][info][gc             ] GC(1112) Concurrent Mark Cycle
[4155.852s][info][gc,marking     ] GC(1112) Concurrent Scan Root Regions
[4155.852s][info][gc,cpu         ] GC(1111) User=0.71s Sys=0.00s Real=0.12s
[4155.987s][info][gc,marking     ] GC(1112) Concurrent Scan Root Regions 134.921ms
[4155.987s][info][gc,marking     ] GC(1112) Concurrent Mark
[4155.987s][info][gc,marking     ] GC(1112) Concurrent Mark From Roots
[4155.987s][info][gc,task        ] GC(1112) Using 2 workers of 2 for marking
.[4156.695s][info][gc,marking     ] GC(1112) Concurrent Mark From Roots 707.974ms
[4156.695s][info][gc,marking     ] GC(1112) Concurrent Preclean
[4156.695s][info][gc,marking     ] GC(1112) Concurrent Preclean 0.121ms
[4156.698s][info][gc,start       ] GC(1112) Pause Remark
[4156.704s][info][gc             ] GC(1112) Pause Remark 2160M->2160M(4096M) 5.419ms
[4156.704s][info][gc,cpu         ] GC(1112) User=0.03s Sys=0.00s Real=0.00s
[4156.704s][info][gc,marking     ] GC(1112) Concurrent Mark 716.635ms
[4156.704s][info][gc,marking     ] GC(1112) Concurrent Rebuild Remembered Sets and Scrub Regions
[4157.084s][info][gc,marking     ] GC(1112) Concurrent Rebuild Remembered Sets and Scrub Regions 380.508ms
[4157.084s][info][gc,start       ] GC(1112) Pause Cleanup
[4157.085s][info][gc             ] GC(1112) Pause Cleanup 2506M->2506M(4096M) 0.112ms
[4157.085s][info][gc,cpu         ] GC(1112) User=0.00s Sys=0.00s Real=0.00s
[4157.085s][info][gc,marking     ] GC(1112) Concurrent Clear Claimed Marks
[4157.085s][info][gc,marking     ] GC(1112) Concurrent Clear Claimed Marks 0.041ms
[4157.085s][info][gc,marking     ] GC(1112) Concurrent Cleanup for Next Mark
[4157.089s][info][gc,marking     ] GC(1112) Concurrent Cleanup for Next Mark 4.421ms
[4157.089s][info][gc             ] GC(1112) Concurrent Mark Cycle 1237.355ms
..[4158.335s][info][gc,start       ] GC(1113) Pause Young (Prepare Mixed) (G1 Evacuation Pause)
[4158.335s][info][gc,task        ] GC(1113) Using 6 workers of 6 for evacuation
[4158.455s][info][gc,phases      ] GC(1113)   Pre Evacuate Collection Set: 0.32ms
[4158.455s][info][gc,phases      ] GC(1113)   Merge Heap Roots: 0.51ms
[4158.455s][info][gc,phases      ] GC(1113)   Evacuate Collection Set: 118.68ms
[4158.456s][info][gc,phases      ] GC(1113)   Post Evacuate Collection Set: 0.93ms
[4158.456s][info][gc,phases      ] GC(1113)   Other: 0.09ms
[4158.456s][info][gc,heap        ] GC(1113) Eden regions: 1115->0(1104)
[4158.456s][info][gc,heap        ] GC(1113) Survivor regions: 113->112(154)
[4158.456s][info][gc,heap        ] GC(1113) Old regions: 505->537
[4158.456s][info][gc,heap        ] GC(1113) Humongous regions: 80->80
[4158.456s][info][gc,metaspace   ] GC(1113) Metaspace: 28947K(29376K)->28947K(29376K) NonClass: 24077K(24256K)->24077K(24256K) Class: 4869K(5120K)->4869K(5120K)
[4158.456s][info][gc             ] GC(1113) Pause Young (Prepare Mixed) (G1 Evacuation Pause) 3624M->1455M(4096M) 120.672ms
[4158.456s][info][gc,cpu         ] GC(1113) User=0.72s Sys=0.00s Real=0.12s
..[4160.810s][info][gc,start       ] GC(1114) Pause Young (Mixed) (G1 Evacuation Pause)
[4160.810s][info][gc,task        ] GC(1114) Using 6 workers of 6 for evacuation
[4160.950s][info][gc,phases      ] GC(1114)   Pre Evacuate Collection Set: 0.36ms
[4160.950s][info][gc,phases      ] GC(1114)   Merge Heap Roots: 0.66ms
[4160.950s][info][gc,phases      ] GC(1114)   Evacuate Collection Set: 137.89ms
[4160.950s][info][gc,phases      ] GC(1114)   Post Evacuate Collection Set: 0.97ms
[4160.950s][info][gc,phases      ] GC(1114)   Other: 0.09ms
[4160.950s][info][gc,heap        ] GC(1114) Eden regions: 1104->0(1113)
[4160.950s][info][gc,heap        ] GC(1114) Survivor regions: 112->115(152)
[4160.950s][info][gc,heap        ] GC(1114) Old regions: 537->471
[4160.950s][info][gc,heap        ] GC(1114) Humongous regions: 80->80
[4160.950s][info][gc,metaspace   ] GC(1114) Metaspace: 28947K(29376K)->28947K(29376K) NonClass: 24077K(24256K)->24077K(24256K) Class: 4869K(5120K)->4869K(5120K)
[4160.950s][info][gc             ] GC(1114) Pause Young (Mixed) (G1 Evacuation Pause) 3663M->1330M(4096M) 140.097ms
[4160.950s][info][gc,cpu         ] GC(1114) User=0.83s Sys=0.00s Real=0.14s
...[4163.319s][info][gc,start       ] GC(1115) Pause Young (Concurrent Start) (G1 Evacuation Pause)
[4163.319s][info][gc,task        ] GC(1115) Using 6 workers of 6 for evacuation
[4163.437s][info][gc,phases      ] GC(1115)   Pre Evacuate Collection Set: 0.40ms
[4163.437s][info][gc,phases      ] GC(1115)   Merge Heap Roots: 0.47ms
[4163.437s][info][gc,phases      ] GC(1115)   Evacuate Collection Set: 115.68ms
[4163.437s][info][gc,phases      ] GC(1115)   Post Evacuate Collection Set: 0.89ms
[4163.437s][info][gc,phases      ] GC(1115)   Other: 0.11ms
[4163.437s][info][gc,heap        ] GC(1115) Eden regions: 1113->0(1119)
[4163.437s][info][gc,heap        ] GC(1115) Survivor regions: 115->109(154)
[4163.437s][info][gc,heap        ] GC(1115) Old regions: 471->504
[4163.437s][info][gc,heap        ] GC(1115) Humongous regions: 80->80
[4163.437s][info][gc,metaspace   ] GC(1115) Metaspace: 28947K(29376K)->28947K(29376K) NonClass: 24077K(24256K)->24077K(24256K) Class: 4869K(5120K)->4869K(5120K)
[4163.437s][info][gc             ] GC(1115) Pause Young (Concurrent Start) (G1 Evacuation Pause) 3556M->1383M(4096M) 117.677ms
[4163.437s][info][gc             ] GC(1116) Concurrent Mark Cycle
[4163.437s][info][gc,marking     ] GC(1116) Concurrent Scan Root Regions
[4163.437s][info][gc,cpu         ] GC(1115) User=0.69s Sys=0.00s Real=0.12s
[4163.571s][info][gc,marking     ] GC(1116) Concurrent Scan Root Regions 133.530ms
[4163.571s][info][gc,marking     ] GC(1116) Concurrent Mark
[4163.571s][info][gc,marking     ] GC(1116) Concurrent Mark From Roots
[4163.571s][info][gc,task        ] GC(1116) Using 2 workers of 2 for marking
[4164.266s][info][gc,marking     ] GC(1116) Concurrent Mark From Roots 694.902ms
[4164.266s][info][gc,marking     ] GC(1116) Concurrent Preclean
[4164.266s][info][gc,marking     ] GC(1116) Concurrent Preclean 0.115ms
[4164.266s][info][gc,start       ] GC(1116) Pause Remark
[4164.271s][info][gc             ] GC(1116) Pause Remark 2101M->2101M(4096M) 5.269ms
[4164.271s][info][gc,cpu         ] GC(1116) User=0.03s Sys=0.00s Real=0.00s
[4164.271s][info][gc,marking     ] GC(1116) Concurrent Mark 700.678ms
[4164.271s][info][gc,marking     ] GC(1116) Concurrent Rebuild Remembered Sets and Scrub Regions
.[4164.566s][info][gc,marking     ] GC(1116) Concurrent Rebuild Remembered Sets and Scrub Regions 294.879ms
[4164.566s][info][gc,start       ] GC(1116) Pause Cleanup
[4164.566s][info][gc             ] GC(1116) Pause Cleanup 2413M->2413M(4096M) 0.118ms
[4164.566s][info][gc,cpu         ] GC(1116) User=0.00s Sys=0.00s Real=0.00s
[4164.567s][info][gc,marking     ] GC(1116) Concurrent Clear Claimed Marks
[4164.567s][info][gc,marking     ] GC(1116) Concurrent Clear Claimed Marks 0.025ms
[4164.567s][info][gc,marking     ] GC(1116) Concurrent Cleanup for Next Mark
[4164.572s][info][gc,marking     ] GC(1116) Concurrent Cleanup for Next Mark 5.063ms
[4164.572s][info][gc             ] GC(1116) Concurrent Mark Cycle 1134.687ms
.[4165.804s][info][gc,start       ] GC(1117) Pause Young (Prepare Mixed) (G1 Evacuation Pause)
[4165.804s][info][gc,task        ] GC(1117) Using 6 workers of 6 for evacuation
[4165.922s][info][gc,phases      ] GC(1117)   Pre Evacuate Collection Set: 0.35ms
[4165.923s][info][gc,phases      ] GC(1117)   Merge Heap Roots: 0.55ms
[4165.923s][info][gc,phases      ] GC(1117)   Evacuate Collection Set: 116.53ms
[4165.923s][info][gc,phases      ] GC(1117)   Post Evacuate Collection Set: 0.92ms
[4165.923s][info][gc,phases      ] GC(1117)   Other: 0.09ms
[4165.923s][info][gc,heap        ] GC(1117) Eden regions: 1119->0(1106)
[4165.923s][info][gc,heap        ] GC(1117) Survivor regions: 109->112(154)
[4165.923s][info][gc,heap        ] GC(1117) Old regions: 504->535
[4165.923s][info][gc,heap        ] GC(1117) Humongous regions: 80->80
[4165.923s][info][gc,metaspace   ] GC(1117) Metaspace: 28947K(29376K)->28947K(29376K) NonClass: 24077K(24256K)->24077K(24256K) Class: 4869K(5120K)->4869K(5120K)
[4165.923s][info][gc             ] GC(1117) Pause Young (Prepare Mixed) (G1 Evacuation Pause) 3621M->1450M(4096M) 118.565ms
[4165.923s][info][gc,cpu         ] GC(1117) User=0.70s Sys=0.00s Real=0.12s
..[4168.297s][info][gc,start       ] GC(1118) Pause Young (Mixed) (G1 Evacuation Pause)
[4168.297s][info][gc,task        ] GC(1118) Using 6 workers of 6 for evacuation
[4168.431s][info][gc,phases      ] GC(1118)   Pre Evacuate Collection Set: 0.40ms
[4168.431s][info][gc,phases      ] GC(1118)   Merge Heap Roots: 0.72ms
[4168.431s][info][gc,phases      ] GC(1118)   Evacuate Collection Set: 132.56ms
[4168.431s][info][gc,phases      ] GC(1118)   Post Evacuate Collection Set: 0.97ms
[4168.431s][info][gc,phases      ] GC(1118)   Other: 0.09ms
[4168.431s][info][gc,heap        ] GC(1118) Eden regions: 1106->0(1119)
[4168.431s][info][gc,heap        ] GC(1118) Survivor regions: 112->109(153)
[4168.431s][info][gc,heap        ] GC(1118) Old regions: 535->473
[4168.431s][info][gc,heap        ] GC(1118) Humongous regions: 80->80
[4168.431s][info][gc,metaspace   ] GC(1118) Metaspace: 28947K(29376K)->28947K(29376K) NonClass: 24077K(24256K)->24077K(24256K) Class: 4869K(5120K)->4869K(5120K)
[4168.432s][info][gc             ] GC(1118) Pause Young (Mixed) (G1 Evacuation Pause) 3662M->1321M(4096M) 134.865ms
[4168.432s][info][gc,cpu         ] GC(1118) User=0.80s Sys=0.00s Real=0.13s
...[4170.806s][info][gc,start       ] GC(1119) Pause Young (Concurrent Start) (G1 Evacuation Pause)
[4170.806s][info][gc,task        ] GC(1119) Using 6 workers of 6 for evacuation
[4170.928s][info][gc,phases      ] GC(1119)   Pre Evacuate Collection Set: 0.36ms
[4170.928s][info][gc,phases      ] GC(1119)   Merge Heap Roots: 0.47ms
[4170.928s][info][gc,phases      ] GC(1119)   Evacuate Collection Set: 119.61ms
[4170.928s][info][gc,phases      ] GC(1119)   Post Evacuate Collection Set: 0.95ms
[4170.928s][info][gc,phases      ] GC(1119)   Other: 0.10ms
[4170.928s][info][gc,heap        ] GC(1119) Eden regions: 1119->0(1115)
[4170.928s][info][gc,heap        ] GC(1119) Survivor regions: 109->113(154)
[4170.928s][info][gc,heap        ] GC(1119) Old regions: 473->505
[4170.928s][info][gc,heap        ] GC(1119) Humongous regions: 80->80
[4170.928s][info][gc,metaspace   ] GC(1119) Metaspace: 28947K(29376K)->28947K(29376K) NonClass: 24077K(24256K)->24077K(24256K) Class: 4869K(5120K)->4869K(5120K)
[4170.928s][info][gc             ] GC(1119) Pause Young (Concurrent Start) (G1 Evacuation Pause) 3559M->1392M(4096M) 121.644ms
[4170.928s][info][gc             ] GC(1120) Concurrent Mark Cycle
[4170.928s][info][gc,marking     ] GC(1120) Concurrent Scan Root Regions
[4170.928s][info][gc,cpu         ] GC(1119) User=0.72s Sys=0.00s Real=0.12s
[4171.064s][info][gc,marking     ] GC(1120) Concurrent Scan Root Regions 136.299ms
[4171.064s][info][gc,marking     ] GC(1120) Concurrent Mark
[4171.064s][info][gc,marking     ] GC(1120) Concurrent Mark From Roots
[4171.064s][info][gc,task        ] GC(1120) Using 2 workers of 2 for marking
.[4171.759s][info][gc,marking     ] GC(1120) Concurrent Mark From Roots 694.560ms
[4171.759s][info][gc,marking     ] GC(1120) Concurrent Preclean
[4171.759s][info][gc,marking     ] GC(1120) Concurrent Preclean 0.095ms
[4171.761s][info][gc,start       ] GC(1120) Pause Remark
[4171.768s][info][gc             ] GC(1120) Pause Remark 2136M->2136M(4096M) 6.435ms
[4171.768s][info][gc,cpu         ] GC(1120) User=0.03s Sys=0.00s Real=0.01s
[4171.768s][info][gc,marking     ] GC(1120) Concurrent Mark 703.402ms
[4171.768s][info][gc,marking     ] GC(1120) Concurrent Rebuild Remembered Sets and Scrub Regions
[4172.074s][info][gc,marking     ] GC(1120) Concurrent Rebuild Remembered Sets and Scrub Regions 306.274ms
[4172.074s][info][gc,start       ] GC(1120) Pause Cleanup
[4172.074s][info][gc             ] GC(1120) Pause Cleanup 2400M->2400M(4096M) 0.112ms
[4172.074s][info][gc,cpu         ] GC(1120) User=0.00s Sys=0.00s Real=0.00s
[4172.074s][info][gc,marking     ] GC(1120) Concurrent Clear Claimed Marks
[4172.074s][info][gc,marking     ] GC(1120) Concurrent Clear Claimed Marks 0.023ms
[4172.074s][info][gc,marking     ] GC(1120) Concurrent Cleanup for Next Mark
[4172.080s][info][gc,marking     ] GC(1120) Concurrent Cleanup for Next Mark 5.116ms
[4172.080s][info][gc             ] GC(1120) Concurrent Mark Cycle 1151.622ms
.[4173.383s][info][gc,start       ] GC(1121) Pause Young (Prepare Mixed) (G1 Evacuation Pause)
[4173.383s][info][gc,task        ] GC(1121) Using 6 workers of 6 for evacuation
[4173.502s][info][gc,phases      ] GC(1121)   Pre Evacuate Collection Set: 0.33ms
[4173.502s][info][gc,phases      ] GC(1121)   Merge Heap Roots: 0.51ms
[4173.502s][info][gc,phases      ] GC(1121)   Evacuate Collection Set: 117.91ms
[4173.502s][info][gc,phases      ] GC(1121)   Post Evacuate Collection Set: 0.93ms
[4173.502s][info][gc,phases      ] GC(1121)   Other: 0.09ms
[4173.502s][info][gc,heap        ] GC(1121) Eden regions: 1115->0(1105)
[4173.502s][info][gc,heap        ] GC(1121) Survivor regions: 113->112(154)
[4173.502s][info][gc,heap        ] GC(1121) Old regions: 505->536
[4173.502s][info][gc,heap        ] GC(1121) Humongous regions: 80->80
[4173.502s][info][gc,metaspace   ] GC(1121) Metaspace: 28947K(29376K)->28947K(29376K) NonClass: 24077K(24256K)->24077K(24256K) Class: 4869K(5120K)->4869K(5120K)
[4173.502s][info][gc             ] GC(1121) Pause Young (Prepare Mixed) (G1 Evacuation Pause) 3622M->1453M(4096M) 119.919ms
[4173.502s][info][gc,cpu         ] GC(1121) User=0.71s Sys=0.00s Real=0.12s
...[4175.851s][info][gc,start       ] GC(1122) Pause Young (Mixed) (G1 Evacuation Pause)
[4175.851s][info][gc,task        ] GC(1122) Using 6 workers of 6 for evacuation
[4175.985s][info][gc,phases      ] GC(1122)   Pre Evacuate Collection Set: 0.38ms
[4175.985s][info][gc,phases      ] GC(1122)   Merge Heap Roots: 0.68ms
[4175.985s][info][gc,phases      ] GC(1122)   Evacuate Collection Set: 131.68ms
[4175.985s][info][gc,phases      ] GC(1122)   Post Evacuate Collection Set: 0.96ms
[4175.985s][info][gc,phases      ] GC(1122)   Other: 0.09ms
[4175.985s][info][gc,heap        ] GC(1122) Eden regions: 1105->0(1120)
[4175.985s][info][gc,heap        ] GC(1122) Survivor regions: 112->108(153)
[4175.985s][info][gc,heap        ] GC(1122) Old regions: 536->473
[4175.985s][info][gc,heap        ] GC(1122) Humongous regions: 80->80
[4175.985s][info][gc,metaspace   ] GC(1122) Metaspace: 28947K(29376K)->28947K(29376K) NonClass: 24077K(24256K)->24077K(24256K) Class: 4869K(5120K)->4869K(5120K)
[4175.985s][info][gc             ] GC(1122) Pause Young (Mixed) (G1 Evacuation Pause) 3663M->1320M(4096M) 133.934ms
[4175.985s][info][gc,cpu         ] GC(1122) User=0.79s Sys=0.00s Real=0.13s
..[4178.337s][info][gc,start       ] GC(1123) Pause Young (Concurrent Start) (G1 Evacuation Pause)
[4178.337s][info][gc,task        ] GC(1123) Using 6 workers of 6 for evacuation
[4178.457s][info][gc,phases      ] GC(1123)   Pre Evacuate Collection Set: 0.38ms
[4178.457s][info][gc,phases      ] GC(1123)   Merge Heap Roots: 0.49ms
[4178.457s][info][gc,phases      ] GC(1123)   Evacuate Collection Set: 117.92ms
[4178.457s][info][gc,phases      ] GC(1123)   Post Evacuate Collection Set: 0.92ms
[4178.457s][info][gc,phases      ] GC(1123)   Other: 0.13ms
[4178.457s][info][gc,heap        ] GC(1123) Eden regions: 1120->0(1117)
[4178.457s][info][gc,heap        ] GC(1123) Survivor regions: 108->111(154)
[4178.457s][info][gc,heap        ] GC(1123) Old regions: 473->506
[4178.457s][info][gc,heap        ] GC(1123) Humongous regions: 80->80
[4178.457s][info][gc,metaspace   ] GC(1123) Metaspace: 28947K(29376K)->28947K(29376K) NonClass: 24077K(24256K)->24077K(24256K) Class: 4869K(5120K)->4869K(5120K)
[4178.457s][info][gc             ] GC(1123) Pause Young (Concurrent Start) (G1 Evacuation Pause) 3560M->1391M(4096M) 119.975ms
[4178.457s][info][gc             ] GC(1124) Concurrent Mark Cycle
[4178.457s][info][gc,marking     ] GC(1124) Concurrent Scan Root Regions
[4178.457s][info][gc,cpu         ] GC(1123) User=0.71s Sys=0.00s Real=0.12s
[4178.633s][info][gc,marking     ] GC(1124) Concurrent Scan Root Regions 175.376ms
[4178.633s][info][gc,marking     ] GC(1124) Concurrent Mark
[4178.633s][info][gc,marking     ] GC(1124) Concurrent Mark From Roots
[4178.633s][info][gc,task        ] GC(1124) Using 2 workers of 2 for marking
.[4179.589s][info][gc,marking     ] GC(1124) Concurrent Mark From Roots 956.010ms
[4179.591s][info][gc,marking     ] GC(1124) Concurrent Preclean
[4179.591s][info][gc,marking     ] GC(1124) Concurrent Preclean 0.152ms
[4179.592s][info][gc,start       ] GC(1124) Pause Remark
[4179.597s][info][gc             ] GC(1124) Pause Remark 2445M->2445M(4096M) 5.099ms
[4179.597s][info][gc,cpu         ] GC(1124) User=0.03s Sys=0.00s Real=0.01s
[4179.597s][info][gc,marking     ] GC(1124) Concurrent Mark 964.704ms
[4179.597s][info][gc,marking     ] GC(1124) Concurrent Rebuild Remembered Sets and Scrub Regions
.[4179.948s][info][gc,marking     ] GC(1124) Concurrent Rebuild Remembered Sets and Scrub Regions 350.489ms
[4179.951s][info][gc,start       ] GC(1124) Pause Cleanup
[4179.951s][info][gc             ] GC(1124) Pause Cleanup 2753M->2753M(4096M) 0.135ms
[4179.951s][info][gc,cpu         ] GC(1124) User=0.00s Sys=0.00s Real=0.00s
[4179.951s][info][gc,marking     ] GC(1124) Concurrent Clear Claimed Marks
[4179.951s][info][gc,marking     ] GC(1124) Concurrent Clear Claimed Marks 0.032ms
[4179.951s][info][gc,marking     ] GC(1124) Concurrent Cleanup for Next Mark
[4179.958s][info][gc,marking     ] GC(1124) Concurrent Cleanup for Next Mark 6.499ms
[4179.958s][info][gc             ] GC(1124) Concurrent Mark Cycle 1500.560ms
.[4180.933s][info][gc,start       ] GC(1125) Pause Young (Prepare Mixed) (G1 Evacuation Pause)
[4180.933s][info][gc,task        ] GC(1125) Using 6 workers of 6 for evacuation
[4181.055s][info][gc,phases      ] GC(1125)   Pre Evacuate Collection Set: 0.32ms
[4181.055s][info][gc,phases      ] GC(1125)   Merge Heap Roots: 0.52ms
[4181.055s][info][gc,phases      ] GC(1125)   Evacuate Collection Set: 120.91ms
[4181.055s][info][gc,phases      ] GC(1125)   Post Evacuate Collection Set: 0.94ms
[4181.055s][info][gc,phases      ] GC(1125)   Other: 0.08ms
[4181.055s][info][gc,heap        ] GC(1125) Eden regions: 1117->0(1105)
[4181.055s][info][gc,heap        ] GC(1125) Survivor regions: 111->111(154)
[4181.055s][info][gc,heap        ] GC(1125) Old regions: 506->538
[4181.055s][info][gc,heap        ] GC(1125) Humongous regions: 80->80
[4181.055s][info][gc,metaspace   ] GC(1125) Metaspace: 28947K(29376K)->28947K(29376K) NonClass: 24077K(24256K)->24077K(24256K) Class: 4869K(5120K)->4869K(5120K)
[4181.055s][info][gc             ] GC(1125) Pause Young (Prepare Mixed) (G1 Evacuation Pause) 3625M->1455M(4096M) 122.927ms
[4181.055s][info][gc,cpu         ] GC(1125) User=0.73s Sys=0.00s Real=0.12s
..[4183.315s][info][gc,start       ] GC(1126) Pause Young (Mixed) (G1 Evacuation Pause)
[4183.315s][info][gc,task        ] GC(1126) Using 6 workers of 6 for evacuation
[4183.452s][info][gc,phases      ] GC(1126)   Pre Evacuate Collection Set: 0.36ms
[4183.452s][info][gc,phases      ] GC(1126)   Merge Heap Roots: 0.69ms
[4183.452s][info][gc,phases      ] GC(1126)   Evacuate Collection Set: 134.53ms
[4183.452s][info][gc,phases      ] GC(1126)   Post Evacuate Collection Set: 0.87ms
[4183.452s][info][gc,phases      ] GC(1126)   Other: 0.10ms
[4183.452s][info][gc,heap        ] GC(1126) Eden regions: 1105->0(1116)
[4183.452s][info][gc,heap        ] GC(1126) Survivor regions: 111->112(152)
[4183.452s][info][gc,heap        ] GC(1126) Old regions: 538->473
[4183.452s][info][gc,heap        ] GC(1126) Humongous regions: 80->80
[4183.452s][info][gc,metaspace   ] GC(1126) Metaspace: 28947K(29376K)->28947K(29376K) NonClass: 24077K(24256K)->24077K(24256K) Class: 4869K(5120K)->4869K(5120K)
[4183.452s][info][gc             ] GC(1126) Pause Young (Mixed) (G1 Evacuation Pause) 3665M->1328M(4096M) 136.675ms
[4183.452s][info][gc,cpu         ] GC(1126) User=0.81s Sys=0.00s Real=0.14s
... (rIR:aIR:PR = 7472:7479:7479) (tPR = 110911) [OK] 
  4185s: Performance info:
         Transaction,    Success,    Partial,     Failed,   Receipts, AvgBarcode, 
             Overall,     454888,          0,          0,     432181,      59.47, 
         Response times:
             Request,    Success,    Partial,     Failed,   SkipFail,     Probes,    Samples,      min,      p50,      p90,      p95,      p99,      max, 
       TotalPurchase,     432181,          0,          0,          0,     359661,     391883,      300,     6100,    52000,    85000,   145000,   356000,
     InStorePurchase,     227283,          0,          0,          0,     189758,     206688,      300,     6100,    52000,    84000,   146000,   356000,
      OnlinePurchase,     159597,          0,          0,          0,     132204,     143828,      300,     5900,    52000,    86000,   145000,   265000,
        InstPurchase,      45301,          0,          0,          0,      37699,      41367,      400,     6500,    56000,    88000,   147000,   265000,
          AssocOfCat,        451,          0,          0,          0,        376,        482,    25000,    39500,   122700,   145850,   193170,   204000,
      AssocOfProduct,       4541,          0,          0,          0,       4220,       4724,      500,     4200,    42000,    72000,   139750,   217000,
      BusinessReport,       1129,          0,          0,          0,       1010,       1232,    28000,    43000,   124700,   156350,   204000,   413000,
          CustBuyBeh,       4544,          0,          0,          0,       4290,       4901,      200,     5100,    48000,    76000,   140000,   219000,
       ProductReturn,      12038,          0,          0,          0,      10284,      11323,      200,     5900,    51000,    82800,   144000,   224000,

  4185s: (55%)   IR =   7610 [4185.920s][info][gc,start       ] GC(1127) Pause Young (Concurrent Start) (G1 Evacuation Pause)
[4185.920s][info][gc,task        ] GC(1127) Using 6 workers of 6 for evacuation
[4186.039s][info][gc,phases      ] GC(1127)   Pre Evacuate Collection Set: 0.38ms
[4186.039s][info][gc,phases      ] GC(1127)   Merge Heap Roots: 0.47ms
[4186.039s][info][gc,phases      ] GC(1127)   Evacuate Collection Set: 117.07ms
[4186.039s][info][gc,phases      ] GC(1127)   Post Evacuate Collection Set: 0.88ms
[4186.039s][info][gc,phases      ] GC(1127)   Other: 0.11ms
[4186.039s][info][gc,heap        ] GC(1127) Eden regions: 1116->0(1118)
[4186.039s][info][gc,heap        ] GC(1127) Survivor regions: 112->110(154)
[4186.039s][info][gc,heap        ] GC(1127) Old regions: 473->505
[4186.039s][info][gc,heap        ] GC(1127) Humongous regions: 80->80
[4186.039s][info][gc,metaspace   ] GC(1127) Metaspace: 28947K(29376K)->28947K(29376K) NonClass: 24077K(24256K)->24077K(24256K) Class: 4869K(5120K)->4869K(5120K)
[4186.039s][info][gc             ] GC(1127) Pause Young (Concurrent Start) (G1 Evacuation Pause) 3560M->1387M(4096M) 119.034ms
[4186.039s][info][gc             ] GC(1128) Concurrent Mark Cycle
[4186.039s][info][gc,marking     ] GC(1128) Concurrent Scan Root Regions
[4186.039s][info][gc,cpu         ] GC(1127) User=0.70s Sys=0.00s Real=0.12s
[4186.211s][info][gc,marking     ] GC(1128) Concurrent Scan Root Regions 172.492ms
[4186.211s][info][gc,marking     ] GC(1128) Concurrent Mark
[4186.211s][info][gc,marking     ] GC(1128) Concurrent Mark From Roots
[4186.211s][info][gc,task        ] GC(1128) Using 2 workers of 2 for marking
.[4187.200s][info][gc,marking     ] GC(1128) Concurrent Mark From Roots 988.333ms
[4187.200s][info][gc,marking     ] GC(1128) Concurrent Preclean
[4187.200s][info][gc,marking     ] GC(1128) Concurrent Preclean 0.155ms
[4187.200s][info][gc,start       ] GC(1128) Pause Remark
[4187.207s][info][gc             ] GC(1128) Pause Remark 2453M->2453M(4096M) 6.864ms
[4187.207s][info][gc,cpu         ] GC(1128) User=0.04s Sys=0.00s Real=0.01s
[4187.207s][info][gc,marking     ] GC(1128) Concurrent Mark 996.175ms
[4187.207s][info][gc,marking     ] GC(1128) Concurrent Rebuild Remembered Sets and Scrub Regions
[4187.570s][info][gc,marking     ] GC(1128) Concurrent Rebuild Remembered Sets and Scrub Regions 362.496ms
[4187.570s][info][gc,start       ] GC(1128) Pause Cleanup
[4187.570s][info][gc             ] GC(1128) Pause Cleanup 2780M->2780M(4096M) 0.107ms
[4187.570s][info][gc,cpu         ] GC(1128) User=0.00s Sys=0.00s Real=0.00s
[4187.570s][info][gc,marking     ] GC(1128) Concurrent Clear Claimed Marks
[4187.570s][info][gc,marking     ] GC(1128) Concurrent Clear Claimed Marks 0.027ms
[4187.570s][info][gc,marking     ] GC(1128) Concurrent Cleanup for Next Mark
[4187.576s][info][gc,marking     ] GC(1128) Concurrent Cleanup for Next Mark 5.110ms
[4187.576s][info][gc             ] GC(1128) Concurrent Mark Cycle 1536.889ms
.[4188.437s][info][gc,start       ] GC(1129) Pause Young (Prepare Mixed) (G1 Evacuation Pause)
[4188.437s][info][gc,task        ] GC(1129) Using 6 workers of 6 for evacuation
[4188.559s][info][gc,phases      ] GC(1129)   Pre Evacuate Collection Set: 0.33ms
[4188.559s][info][gc,phases      ] GC(1129)   Merge Heap Roots: 0.49ms
[4188.559s][info][gc,phases      ] GC(1129)   Evacuate Collection Set: 120.03ms
[4188.559s][info][gc,phases      ] GC(1129)   Post Evacuate Collection Set: 1.00ms
[4188.559s][info][gc,phases      ] GC(1129)   Other: 0.08ms
[4188.559s][info][gc,heap        ] GC(1129) Eden regions: 1118->0(1101)
[4188.559s][info][gc,heap        ] GC(1129) Survivor regions: 110->114(154)
[4188.559s][info][gc,heap        ] GC(1129) Old regions: 505->536
[4188.559s][info][gc,heap        ] GC(1129) Humongous regions: 80->80
[4188.559s][info][gc,metaspace   ] GC(1129) Metaspace: 28947K(29376K)->28947K(29376K) NonClass: 24077K(24256K)->24077K(24256K) Class: 4869K(5120K)->4869K(5120K)
[4188.559s][info][gc             ] GC(1129) Pause Young (Prepare Mixed) (G1 Evacuation Pause) 3623M->1457M(4096M) 122.060ms
[4188.559s][info][gc,cpu         ] GC(1129) User=0.72s Sys=0.00s Real=0.12s
..|.[4190.885s][info][gc,start       ] GC(1130) Pause Young (Mixed) (G1 Evacuation Pause)
[4190.885s][info][gc,task        ] GC(1130) Using 6 workers of 6 for evacuation
[4191.020s][info][gc,phases      ] GC(1130)   Pre Evacuate Collection Set: 0.38ms
[4191.020s][info][gc,phases      ] GC(1130)   Merge Heap Roots: 0.69ms
[4191.020s][info][gc,phases      ] GC(1130)   Evacuate Collection Set: 133.17ms
[4191.020s][info][gc,phases      ] GC(1130)   Post Evacuate Collection Set: 0.93ms
[4191.020s][info][gc,phases      ] GC(1130)   Other: 0.09ms
[4191.020s][info][gc,heap        ] GC(1130) Eden regions: 1101->0(1119)
[4191.020s][info][gc,heap        ] GC(1130) Survivor regions: 114->109(152)
[4191.020s][info][gc,heap        ] GC(1130) Old regions: 536->472
[4191.020s][info][gc,heap        ] GC(1130) Humongous regions: 80->80
[4191.020s][info][gc,metaspace   ] GC(1130) Metaspace: 28947K(29376K)->28947K(29376K) NonClass: 24077K(24256K)->24077K(24256K) Class: 4869K(5120K)->4869K(5120K)
[4191.020s][info][gc             ] GC(1130) Pause Young (Mixed) (G1 Evacuation Pause) 3659M->1319M(4096M) 135.418ms
[4191.020s][info][gc,cpu         ] GC(1130) User=0.80s Sys=0.00s Real=0.14s
..[4193.423s][info][gc,start       ] GC(1131) Pause Young (Concurrent Start) (G1 Evacuation Pause)
[4193.423s][info][gc,task        ] GC(1131) Using 6 workers of 6 for evacuation
[4193.541s][info][gc,phases      ] GC(1131)   Pre Evacuate Collection Set: 0.40ms
[4193.541s][info][gc,phases      ] GC(1131)   Merge Heap Roots: 0.51ms
[4193.541s][info][gc,phases      ] GC(1131)   Evacuate Collection Set: 115.94ms
[4193.541s][info][gc,phases      ] GC(1131)   Post Evacuate Collection Set: 0.89ms
[4193.541s][info][gc,phases      ] GC(1131)   Other: 0.13ms
[4193.541s][info][gc,heap        ] GC(1131) Eden regions: 1119->0(1118)
[4193.541s][info][gc,heap        ] GC(1131) Survivor regions: 109->110(154)
[4193.541s][info][gc,heap        ] GC(1131) Old regions: 472->503
[4193.541s][info][gc,heap        ] GC(1131) Humongous regions: 80->80
[4193.541s][info][gc,metaspace   ] GC(1131) Metaspace: 28947K(29376K)->28947K(29376K) NonClass: 24077K(24256K)->24077K(24256K) Class: 4869K(5120K)->4869K(5120K)
[4193.541s][info][gc             ] GC(1131) Pause Young (Concurrent Start) (G1 Evacuation Pause) 3557M->1383M(4096M) 117.997ms
[4193.541s][info][gc             ] GC(1132) Concurrent Mark Cycle
[4193.541s][info][gc,marking     ] GC(1132) Concurrent Scan Root Regions
[4193.541s][info][gc,cpu         ] GC(1131) User=0.69s Sys=0.00s Real=0.12s
[4193.712s][info][gc,marking     ] GC(1132) Concurrent Scan Root Regions 171.256ms
[4193.712s][info][gc,marking     ] GC(1132) Concurrent Mark
[4193.712s][info][gc,marking     ] GC(1132) Concurrent Mark From Roots
[4193.712s][info][gc,task        ] GC(1132) Using 2 workers of 2 for marking
.[4194.666s][info][gc,marking     ] GC(1132) Concurrent Mark From Roots 953.312ms
[4194.666s][info][gc,marking     ] GC(1132) Concurrent Preclean
[4194.666s][info][gc,marking     ] GC(1132) Concurrent Preclean 0.124ms
[4194.667s][info][gc,start       ] GC(1132) Pause Remark
[4194.673s][info][gc             ] GC(1132) Pause Remark 2383M->2383M(4096M) 6.132ms
[4194.673s][info][gc,cpu         ] GC(1132) User=0.03s Sys=0.00s Real=0.00s
[4194.673s][info][gc,marking     ] GC(1132) Concurrent Mark 960.995ms
[4194.673s][info][gc,marking     ] GC(1132) Concurrent Rebuild Remembered Sets and Scrub Regions
.[4195.001s][info][gc,marking     ] GC(1132) Concurrent Rebuild Remembered Sets and Scrub Regions 327.971ms
[4195.002s][info][gc,start       ] GC(1132) Pause Cleanup
[4195.002s][info][gc             ] GC(1132) Pause Cleanup 2673M->2673M(4096M) 0.106ms
[4195.002s][info][gc,cpu         ] GC(1132) User=0.00s Sys=0.00s Real=0.00s
[4195.003s][info][gc,marking     ] GC(1132) Concurrent Clear Claimed Marks
[4195.003s][info][gc,marking     ] GC(1132) Concurrent Clear Claimed Marks 0.049ms
[4195.003s][info][gc,marking     ] GC(1132) Concurrent Cleanup for Next Mark
[4195.010s][info][gc,marking     ] GC(1132) Concurrent Cleanup for Next Mark 6.674ms
[4195.010s][info][gc             ] GC(1132) Concurrent Mark Cycle 1469.166ms
[4195.902s][info][gc,start       ] GC(1133) Pause Young (Prepare Mixed) (G1 Evacuation Pause)
[4195.902s][info][gc,task        ] GC(1133) Using 6 workers of 6 for evacuation
[4196.017s][info][gc,phases      ] GC(1133)   Pre Evacuate Collection Set: 0.36ms
[4196.017s][info][gc,phases      ] GC(1133)   Merge Heap Roots: 0.51ms
[4196.017s][info][gc,phases      ] GC(1133)   Evacuate Collection Set: 112.99ms
[4196.017s][info][gc,phases      ] GC(1133)   Post Evacuate Collection Set: 0.93ms
[4196.017s][info][gc,phases      ] GC(1133)   Other: 0.09ms
[4196.017s][info][gc,heap        ] GC(1133) Eden regions: 1118->0(1115)
[4196.017s][info][gc,heap        ] GC(1133) Survivor regions: 110->108(154)
[4196.017s][info][gc,heap        ] GC(1133) Old regions: 503->534
[4196.017s][info][gc,heap        ] GC(1133) Humongous regions: 80->80
[4196.017s][info][gc,metaspace   ] GC(1133) Metaspace: 28947K(29376K)->28947K(29376K) NonClass: 24077K(24256K)->24077K(24256K) Class: 4869K(5120K)->4869K(5120K)
[4196.017s][info][gc             ] GC(1133) Pause Young (Prepare Mixed) (G1 Evacuation Pause) 3619M->1442M(4096M) 115.017ms
[4196.017s][info][gc,cpu         ] GC(1133) User=0.68s Sys=0.01s Real=0.12s
...[4198.387s][info][gc,start       ] GC(1134) Pause Young (Mixed) (G1 Evacuation Pause)
[4198.387s][info][gc,task        ] GC(1134) Using 6 workers of 6 for evacuation
[4198.524s][info][gc,phases      ] GC(1134)   Pre Evacuate Collection Set: 0.37ms
[4198.524s][info][gc,phases      ] GC(1134)   Merge Heap Roots: 0.76ms
[4198.524s][info][gc,phases      ] GC(1134)   Evacuate Collection Set: 134.80ms
[4198.524s][info][gc,phases      ] GC(1134)   Post Evacuate Collection Set: 0.93ms
[4198.524s][info][gc,phases      ] GC(1134)   Other: 0.09ms
[4198.524s][info][gc,heap        ] GC(1134) Eden regions: 1115->0(1117)
[4198.524s][info][gc,heap        ] GC(1134) Survivor regions: 108->111(153)
[4198.524s][info][gc,heap        ] GC(1134) Old regions: 534->471
[4198.524s][info][gc,heap        ] GC(1134) Humongous regions: 80->80
[4198.524s][info][gc,metaspace   ] GC(1134) Metaspace: 28947K(29376K)->28947K(29376K) NonClass: 24077K(24256K)->24077K(24256K) Class: 4869K(5120K)->4869K(5120K)
[4198.524s][info][gc             ] GC(1134) Pause Young (Mixed) (G1 Evacuation Pause) 3672M->1321M(4096M) 137.072ms
[4198.524s][info][gc,cpu         ] GC(1134) User=0.81s Sys=0.00s Real=0.13s
..[4200.835s][info][gc,start       ] GC(1135) Pause Young (Concurrent Start) (G1 Evacuation Pause)
[4200.835s][info][gc,task        ] GC(1135) Using 6 workers of 6 for evacuation
[4200.950s][info][gc,phases      ] GC(1135)   Pre Evacuate Collection Set: 0.40ms
[4200.950s][info][gc,phases      ] GC(1135)   Merge Heap Roots: 0.46ms
[4200.950s][info][gc,phases      ] GC(1135)   Evacuate Collection Set: 113.36ms
[4200.950s][info][gc,phases      ] GC(1135)   Post Evacuate Collection Set: 0.87ms
[4200.950s][info][gc,phases      ] GC(1135)   Other: 0.14ms
[4200.950s][info][gc,heap        ] GC(1135) Eden regions: 1117->0(1122)
[4200.950s][info][gc,heap        ] GC(1135) Survivor regions: 111->106(154)
[4200.950s][info][gc,heap        ] GC(1135) Old regions: 471->504
[4200.950s][info][gc,heap        ] GC(1135) Humongous regions: 80->80
[4200.950s][info][gc,metaspace   ] GC(1135) Metaspace: 28947K(29376K)->28947K(29376K) NonClass: 24077K(24256K)->24077K(24256K) Class: 4869K(5120K)->4869K(5120K)
[4200.950s][info][gc             ] GC(1135) Pause Young (Concurrent Start) (G1 Evacuation Pause) 3555M->1377M(4096M) 115.370ms
[4200.951s][info][gc             ] GC(1136) Concurrent Mark Cycle
[4200.951s][info][gc,marking     ] GC(1136) Concurrent Scan Root Regions
[4200.951s][info][gc,cpu         ] GC(1135) User=0.68s Sys=0.00s Real=0.12s
.[4201.158s][info][gc,marking     ] GC(1136) Concurrent Scan Root Regions 207.598ms
[4201.158s][info][gc,marking     ] GC(1136) Concurrent Mark
[4201.158s][info][gc,marking     ] GC(1136) Concurrent Mark From Roots
[4201.158s][info][gc,task        ] GC(1136) Using 2 workers of 2 for marking
.[4202.219s][info][gc,marking     ] GC(1136) Concurrent Mark From Roots 1060.472ms
[4202.219s][info][gc,marking     ] GC(1136) Concurrent Preclean
[4202.219s][info][gc,marking     ] GC(1136) Concurrent Preclean 0.105ms
[4202.222s][info][gc,start       ] GC(1136) Pause Remark
[4202.228s][info][gc             ] GC(1136) Pause Remark 2557M->2557M(4096M) 5.960ms
[4202.228s][info][gc,cpu         ] GC(1136) User=0.03s Sys=0.00s Real=0.01s
[4202.228s][info][gc,marking     ] GC(1136) Concurrent Mark 1070.092ms
[4202.228s][info][gc,marking     ] GC(1136) Concurrent Rebuild Remembered Sets and Scrub Regions
[4202.487s][info][gc,marking     ] GC(1136) Concurrent Rebuild Remembered Sets and Scrub Regions 258.904ms
[4202.487s][info][gc,start       ] GC(1136) Pause Cleanup
[4202.487s][info][gc             ] GC(1136) Pause Cleanup 2799M->2799M(4096M) 0.105ms
[4202.487s][info][gc,cpu         ] GC(1136) User=0.00s Sys=0.00s Real=0.00s
[4202.489s][info][gc,marking     ] GC(1136) Concurrent Clear Claimed Marks
[4202.489s][info][gc,marking     ] GC(1136) Concurrent Clear Claimed Marks 0.063ms
[4202.489s][info][gc,marking     ] GC(1136) Concurrent Cleanup for Next Mark
[4202.504s][info][gc,marking     ] GC(1136) Concurrent Cleanup for Next Mark 15.252ms
[4202.505s][info][gc             ] GC(1136) Concurrent Mark Cycle 1553.999ms
.[4203.358s][info][gc,start       ] GC(1137) Pause Young (Prepare Mixed) (G1 Evacuation Pause)
[4203.358s][info][gc,task        ] GC(1137) Using 6 workers of 6 for evacuation
[4203.478s][info][gc,phases      ] GC(1137)   Pre Evacuate Collection Set: 0.33ms
[4203.478s][info][gc,phases      ] GC(1137)   Merge Heap Roots: 0.54ms
[4203.478s][info][gc,phases      ] GC(1137)   Evacuate Collection Set: 118.03ms
[4203.478s][info][gc,phases      ] GC(1137)   Post Evacuate Collection Set: 0.91ms
[4203.478s][info][gc,phases      ] GC(1137)   Other: 0.09ms
[4203.478s][info][gc,heap        ] GC(1137) Eden regions: 1122->0(1108)
[4203.478s][info][gc,heap        ] GC(1137) Survivor regions: 106->111(154)
[4203.478s][info][gc,heap        ] GC(1137) Old regions: 504->535
[4203.478s][info][gc,heap        ] GC(1137) Humongous regions: 80->80
[4203.478s][info][gc,metaspace   ] GC(1137) Metaspace: 28947K(29376K)->28947K(29376K) NonClass: 24077K(24256K)->24077K(24256K) Class: 4869K(5120K)->4869K(5120K)
[4203.478s][info][gc             ] GC(1137) Pause Young (Prepare Mixed) (G1 Evacuation Pause) 3621M->1449M(4096M) 120.017ms
[4203.478s][info][gc,cpu         ] GC(1137) User=0.71s Sys=0.00s Real=0.12s
..[4205.853s][info][gc,start       ] GC(1138) Pause Young (Mixed) (G1 Evacuation Pause)
[4205.853s][info][gc,task        ] GC(1138) Using 6 workers of 6 for evacuation
[4205.989s][info][gc,phases      ] GC(1138)   Pre Evacuate Collection Set: 0.38ms
[4205.989s][info][gc,phases      ] GC(1138)   Merge Heap Roots: 0.64ms
[4205.989s][info][gc,phases      ] GC(1138)   Evacuate Collection Set: 133.03ms
[4205.989s][info][gc,phases      ] GC(1138)   Post Evacuate Collection Set: 0.93ms
[4205.989s][info][gc,phases      ] GC(1138)   Other: 0.09ms
[4205.989s][info][gc,heap        ] GC(1138) Eden regions: 1108->0(1117)
[4205.989s][info][gc,heap        ] GC(1138) Survivor regions: 111->111(153)
[4205.989s][info][gc,heap        ] GC(1138) Old regions: 535->473
[4205.989s][info][gc,heap        ] GC(1138) Humongous regions: 80->80
[4205.989s][info][gc,metaspace   ] GC(1138) Metaspace: 28947K(29376K)->28947K(29376K) NonClass: 24077K(24256K)->24077K(24256K) Class: 4869K(5120K)->4869K(5120K)
[4205.989s][info][gc             ] GC(1138) Pause Young (Mixed) (G1 Evacuation Pause) 3665M->1325M(4096M) 135.212ms
[4205.989s][info][gc,cpu         ] GC(1138) User=0.80s Sys=0.00s Real=0.14s
...[4208.266s][info][gc,start       ] GC(1139) Pause Young (Concurrent Start) (G1 Evacuation Pause)
[4208.266s][info][gc,task        ] GC(1139) Using 6 workers of 6 for evacuation
[4208.385s][info][gc,phases      ] GC(1139)   Pre Evacuate Collection Set: 0.37ms
[4208.385s][info][gc,phases      ] GC(1139)   Merge Heap Roots: 0.48ms
[4208.385s][info][gc,phases      ] GC(1139)   Evacuate Collection Set: 117.35ms
[4208.385s][info][gc,phases      ] GC(1139)   Post Evacuate Collection Set: 0.88ms
[4208.385s][info][gc,phases      ] GC(1139)   Other: 0.13ms
[4208.385s][info][gc,heap        ] GC(1139) Eden regions: 1117->0(1115)
[4208.385s][info][gc,heap        ] GC(1139) Survivor regions: 111->113(154)
[4208.385s][info][gc,heap        ] GC(1139) Old regions: 473->505
[4208.385s][info][gc,heap        ] GC(1139) Humongous regions: 80->80
[4208.385s][info][gc,metaspace   ] GC(1139) Metaspace: 28947K(29376K)->28947K(29376K) NonClass: 24077K(24256K)->24077K(24256K) Class: 4869K(5120K)->4869K(5120K)
[4208.385s][info][gc             ] GC(1139) Pause Young (Concurrent Start) (G1 Evacuation Pause) 3559M->1392M(4096M) 119.336ms
[4208.385s][info][gc             ] GC(1140) Concurrent Mark Cycle
[4208.385s][info][gc,marking     ] GC(1140) Concurrent Scan Root Regions
[4208.385s][info][gc,cpu         ] GC(1139) User=0.71s Sys=0.00s Real=0.12s
[4208.623s][info][gc,marking     ] GC(1140) Concurrent Scan Root Regions 238.392ms
[4208.623s][info][gc,marking     ] GC(1140) Concurrent Mark
[4208.623s][info][gc,marking     ] GC(1140) Concurrent Mark From Roots
[4208.623s][info][gc,task        ] GC(1140) Using 2 workers of 2 for marking
.[4209.595s][info][gc,marking     ] GC(1140) Concurrent Mark From Roots 971.868ms
[4209.595s][info][gc,marking     ] GC(1140) Concurrent Preclean
[4209.596s][info][gc,marking     ] GC(1140) Concurrent Preclean 0.117ms
[4209.596s][info][gc,start       ] GC(1140) Pause Remark
[4209.601s][info][gc             ] GC(1140) Pause Remark 2552M->2552M(4096M) 5.298ms
[4209.601s][info][gc,cpu         ] GC(1140) User=0.03s Sys=0.00s Real=0.01s
[4209.601s][info][gc,marking     ] GC(1140) Concurrent Mark 977.577ms
[4209.601s][info][gc,marking     ] GC(1140) Concurrent Rebuild Remembered Sets and Scrub Regions
[4209.947s][info][gc,marking     ] GC(1140) Concurrent Rebuild Remembered Sets and Scrub Regions 346.221ms
[4209.947s][info][gc,start       ] GC(1140) Pause Cleanup
[4209.948s][info][gc             ] GC(1140) Pause Cleanup 2880M->2880M(4096M) 0.106ms
[4209.948s][info][gc,cpu         ] GC(1140) User=0.00s Sys=0.00s Real=0.00s
[4209.948s][info][gc,marking     ] GC(1140) Concurrent Clear Claimed Marks
[4209.948s][info][gc,marking     ] GC(1140) Concurrent Clear Claimed Marks 0.022ms
[4209.948s][info][gc,marking     ] GC(1140) Concurrent Cleanup for Next Mark
[4209.951s][info][gc,marking     ] GC(1140) Concurrent Cleanup for Next Mark 3.271ms
[4209.951s][info][gc             ] GC(1140) Concurrent Mark Cycle 1565.907ms
.[4210.724s][info][gc,start       ] GC(1141) Pause Young (Prepare Mixed) (G1 Evacuation Pause)
[4210.724s][info][gc,task        ] GC(1141) Using 6 workers of 6 for evacuation
[4210.843s][info][gc,phases      ] GC(1141)   Pre Evacuate Collection Set: 0.34ms
[4210.843s][info][gc,phases      ] GC(1141)   Merge Heap Roots: 0.53ms
[4210.843s][info][gc,phases      ] GC(1141)   Evacuate Collection Set: 117.08ms
[4210.843s][info][gc,phases      ] GC(1141)   Post Evacuate Collection Set: 0.96ms
[4210.843s][info][gc,phases      ] GC(1141)   Other: 0.09ms
[4210.843s][info][gc,heap        ] GC(1141) Eden regions: 1115->0(1107)
[4210.843s][info][gc,heap        ] GC(1141) Survivor regions: 113->110(154)
[4210.843s][info][gc,heap        ] GC(1141) Old regions: 505->538
[4210.843s][info][gc,heap        ] GC(1141) Humongous regions: 80->80
[4210.843s][info][gc,metaspace   ] GC(1141) Metaspace: 28947K(29376K)->28947K(29376K) NonClass: 24077K(24256K)->24077K(24256K) Class: 4869K(5120K)->4869K(5120K)
[4210.843s][info][gc             ] GC(1141) Pause Young (Prepare Mixed) (G1 Evacuation Pause) 3622M->1453M(4096M) 119.124ms
[4210.843s][info][gc,cpu         ] GC(1141) User=0.71s Sys=0.00s Real=0.12s
..[4213.211s][info][gc,start       ] GC(1142) Pause Young (Mixed) (G1 Evacuation Pause)
[4213.211s][info][gc,task        ] GC(1142) Using 6 workers of 6 for evacuation
[4213.348s][info][gc,phases      ] GC(1142)   Pre Evacuate Collection Set: 0.37ms
[4213.348s][info][gc,phases      ] GC(1142)   Merge Heap Roots: 0.65ms
[4213.348s][info][gc,phases      ] GC(1142)   Evacuate Collection Set: 135.66ms
[4213.348s][info][gc,phases      ] GC(1142)   Post Evacuate Collection Set: 0.95ms
[4213.348s][info][gc,phases      ] GC(1142)   Other: 0.09ms
[4213.348s][info][gc,heap        ] GC(1142) Eden regions: 1107->0(1115)
[4213.348s][info][gc,heap        ] GC(1142) Survivor regions: 110->113(153)
[4213.348s][info][gc,heap        ] GC(1142) Old regions: 538->473
[4213.348s][info][gc,heap        ] GC(1142) Humongous regions: 80->80
[4213.348s][info][gc,metaspace   ] GC(1142) Metaspace: 28947K(29376K)->28947K(29376K) NonClass: 24077K(24256K)->24077K(24256K) Class: 4869K(5120K)->4869K(5120K)
[4213.348s][info][gc             ] GC(1142) Pause Young (Mixed) (G1 Evacuation Pause) 3667M->1328M(4096M) 137.866ms
[4213.348s][info][gc,cpu         ] GC(1142) User=0.82s Sys=0.00s Real=0.14s
...[4215.734s][info][gc,start       ] GC(1143) Pause Young (Concurrent Start) (G1 Evacuation Pause)
[4215.734s][info][gc,task        ] GC(1143) Using 6 workers of 6 for evacuation
[4215.855s][info][gc,phases      ] GC(1143)   Pre Evacuate Collection Set: 0.37ms
[4215.855s][info][gc,phases      ] GC(1143)   Merge Heap Roots: 0.48ms
[4215.855s][info][gc,phases      ] GC(1143)   Evacuate Collection Set: 119.12ms
[4215.855s][info][gc,phases      ] GC(1143)   Post Evacuate Collection Set: 0.88ms
[4215.855s][info][gc,phases      ] GC(1143)   Other: 0.11ms
[4215.855s][info][gc,heap        ] GC(1143) Eden regions: 1115->0(1115)
[4215.855s][info][gc,heap        ] GC(1143) Survivor regions: 113->113(154)
[4215.855s][info][gc,heap        ] GC(1143) Old regions: 473->505
[4215.855s][info][gc,heap        ] GC(1143) Humongous regions: 80->80
[4215.855s][info][gc,metaspace   ] GC(1143) Metaspace: 28947K(29376K)->28947K(29376K) NonClass: 24077K(24256K)->24077K(24256K) Class: 4869K(5120K)->4869K(5120K)
[4215.855s][info][gc             ] GC(1143) Pause Young (Concurrent Start) (G1 Evacuation Pause) 3558M->1392M(4096M) 121.102ms
[4215.855s][info][gc             ] GC(1144) Concurrent Mark Cycle
[4215.855s][info][gc,marking     ] GC(1144) Concurrent Scan Root Regions
[4215.855s][info][gc,cpu         ] GC(1143) User=0.72s Sys=0.00s Real=0.12s
[4216.078s][info][gc,marking     ] GC(1144) Concurrent Scan Root Regions 222.795ms
[4216.078s][info][gc,marking     ] GC(1144) Concurrent Mark
[4216.078s][info][gc,marking     ] GC(1144) Concurrent Mark From Roots
[4216.078s][info][gc,task        ] GC(1144) Using 2 workers of 2 for marking
.[4217.047s][info][gc,marking     ] GC(1144) Concurrent Mark From Roots 968.677ms
[4217.047s][info][gc,marking     ] GC(1144) Concurrent Preclean
[4217.047s][info][gc,marking     ] GC(1144) Concurrent Preclean 0.125ms
[4217.049s][info][gc,start       ] GC(1144) Pause Remark
[4217.056s][info][gc             ] GC(1144) Pause Remark 2492M->2492M(4096M) 6.803ms
[4217.056s][info][gc,cpu         ] GC(1144) User=0.04s Sys=0.00s Real=0.00s
[4217.057s][info][gc,marking     ] GC(1144) Concurrent Mark 978.280ms
[4217.057s][info][gc,marking     ] GC(1144) Concurrent Rebuild Remembered Sets and Scrub Regions
[4217.420s][info][gc,marking     ] GC(1144) Concurrent Rebuild Remembered Sets and Scrub Regions 363.404ms
[4217.423s][info][gc,start       ] GC(1144) Pause Cleanup
[4217.424s][info][gc             ] GC(1144) Pause Cleanup 2890M->2890M(4096M) 0.132ms
[4217.424s][info][gc,cpu         ] GC(1144) User=0.00s Sys=0.00s Real=0.00s
[4217.426s][info][gc,marking     ] GC(1144) Concurrent Clear Claimed Marks
[4217.426s][info][gc,marking     ] GC(1144) Concurrent Clear Claimed Marks 0.050ms
[4217.426s][info][gc,marking     ] GC(1144) Concurrent Cleanup for Next Mark
[4217.431s][info][gc,marking     ] GC(1144) Concurrent Cleanup for Next Mark 4.703ms
[4217.431s][info][gc             ] GC(1144) Concurrent Mark Cycle 1575.147ms
.[4218.110s][info][gc,start       ] GC(1145) Pause Young (Prepare Mixed) (G1 Evacuation Pause)
[4218.110s][info][gc,task        ] GC(1145) Using 6 workers of 6 for evacuation
[4218.226s][info][gc,phases      ] GC(1145)   Pre Evacuate Collection Set: 0.33ms
[4218.226s][info][gc,phases      ] GC(1145)   Merge Heap Roots: 0.51ms
[4218.226s][info][gc,phases      ] GC(1145)   Evacuate Collection Set: 114.52ms
[4218.226s][info][gc,phases      ] GC(1145)   Post Evacuate Collection Set: 0.94ms
[4218.226s][info][gc,phases      ] GC(1145)   Other: 0.09ms
[4218.226s][info][gc,heap        ] GC(1145) Eden regions: 1115->0(1110)
[4218.226s][info][gc,heap        ] GC(1145) Survivor regions: 113->109(154)
[4218.226s][info][gc,heap        ] GC(1145) Old regions: 505->537
[4218.226s][info][gc,heap        ] GC(1145) Humongous regions: 80->80
[4218.226s][info][gc,metaspace   ] GC(1145) Metaspace: 28947K(29376K)->28947K(29376K) NonClass: 24077K(24256K)->24077K(24256K) Class: 4869K(5120K)->4869K(5120K)
[4218.226s][info][gc             ] GC(1145) Pause Young (Prepare Mixed) (G1 Evacuation Pause) 3622M->1449M(4096M) 116.556ms
[4218.226s][info][gc,cpu         ] GC(1145) User=0.68s Sys=0.00s Real=0.12s
...[4220.663s][info][gc,start       ] GC(1146) Pause Young (Mixed) (G1 Evacuation Pause)
[4220.663s][info][gc,task        ] GC(1146) Using 6 workers of 6 for evacuation
[4220.803s][info][gc,phases      ] GC(1146)   Pre Evacuate Collection Set: 0.38ms
[4220.803s][info][gc,phases      ] GC(1146)   Merge Heap Roots: 0.74ms
[4220.803s][info][gc,phases      ] GC(1146)   Evacuate Collection Set: 137.56ms
[4220.803s][info][gc,phases      ] GC(1146)   Post Evacuate Collection Set: 0.97ms
[4220.803s][info][gc,phases      ] GC(1146)   Other: 0.09ms
[4220.803s][info][gc,heap        ] GC(1146) Eden regions: 1110->0(1118)
[4220.803s][info][gc,heap        ] GC(1146) Survivor regions: 109->110(153)
[4220.803s][info][gc,heap        ] GC(1146) Old regions: 537->474
[4220.803s][info][gc,heap        ] GC(1146) Humongous regions: 80->80
[4220.803s][info][gc,metaspace   ] GC(1146) Metaspace: 28947K(29376K)->28947K(29376K) NonClass: 24077K(24256K)->24077K(24256K) Class: 4869K(5120K)->4869K(5120K)
[4220.803s][info][gc             ] GC(1146) Pause Young (Mixed) (G1 Evacuation Pause) 3669M->1325M(4096M) 139.880ms
[4220.803s][info][gc,cpu         ] GC(1146) User=0.82s Sys=0.00s Real=0.14s
..[4223.103s][info][gc,start       ] GC(1147) Pause Young (Concurrent Start) (G1 Evacuation Pause)
[4223.103s][info][gc,task        ] GC(1147) Using 6 workers of 6 for evacuation
[4223.222s][info][gc,phases      ] GC(1147)   Pre Evacuate Collection Set: 0.35ms
[4223.222s][info][gc,phases      ] GC(1147)   Merge Heap Roots: 0.47ms
[4223.222s][info][gc,phases      ] GC(1147)   Evacuate Collection Set: 116.26ms
[4223.222s][info][gc,phases      ] GC(1147)   Post Evacuate Collection Set: 0.87ms
[4223.222s][info][gc,phases      ] GC(1147)   Other: 0.12ms
[4223.222s][info][gc,heap        ] GC(1147) Eden regions: 1118->0(1118)
[4223.222s][info][gc,heap        ] GC(1147) Survivor regions: 110->110(154)
[4223.222s][info][gc,heap        ] GC(1147) Old regions: 474->505
[4223.222s][info][gc,heap        ] GC(1147) Humongous regions: 80->80
[4223.222s][info][gc,metaspace   ] GC(1147) Metaspace: 28947K(29376K)->28947K(29376K) NonClass: 24077K(24256K)->24077K(24256K) Class: 4869K(5120K)->4869K(5120K)
[4223.222s][info][gc             ] GC(1147) Pause Young (Concurrent Start) (G1 Evacuation Pause) 3561M->1386M(4096M) 118.190ms
[4223.222s][info][gc             ] GC(1148) Concurrent Mark Cycle
[4223.222s][info][gc,marking     ] GC(1148) Concurrent Scan Root Regions
[4223.222s][info][gc,cpu         ] GC(1147) User=0.70s Sys=0.00s Real=0.12s
[4223.377s][info][gc,marking     ] GC(1148) Concurrent Scan Root Regions 155.190ms
[4223.377s][info][gc,marking     ] GC(1148) Concurrent Mark
[4223.377s][info][gc,marking     ] GC(1148) Concurrent Mark From Roots
[4223.377s][info][gc,task        ] GC(1148) Using 2 workers of 2 for marking
.[4224.110s][info][gc,marking     ] GC(1148) Concurrent Mark From Roots 732.941ms
[4224.110s][info][gc,marking     ] GC(1148) Concurrent Preclean
[4224.110s][info][gc,marking     ] GC(1148) Concurrent Preclean 0.111ms
[4224.111s][info][gc,start       ] GC(1148) Pause Remark
[4224.116s][info][gc             ] GC(1148) Pause Remark 2226M->2226M(4096M) 4.396ms
[4224.116s][info][gc,cpu         ] GC(1148) User=0.02s Sys=0.00s Real=0.00s
[4224.116s][info][gc,marking     ] GC(1148) Concurrent Mark 738.916ms
[4224.116s][info][gc,marking     ] GC(1148) Concurrent Rebuild Remembered Sets and Scrub Regions
[4224.386s][info][gc,marking     ] GC(1148) Concurrent Rebuild Remembered Sets and Scrub Regions 270.518ms
[4224.387s][info][gc,start       ] GC(1148) Pause Cleanup
[4224.387s][info][gc             ] GC(1148) Pause Cleanup 2484M->2484M(4096M) 0.105ms
[4224.387s][info][gc,cpu         ] GC(1148) User=0.01s Sys=0.00s Real=0.00s
[4224.387s][info][gc,marking     ] GC(1148) Concurrent Clear Claimed Marks
[4224.387s][info][gc,marking     ] GC(1148) Concurrent Clear Claimed Marks 0.020ms
[4224.387s][info][gc,marking     ] GC(1148) Concurrent Cleanup for Next Mark
[4224.391s][info][gc,marking     ] GC(1148) Concurrent Cleanup for Next Mark 4.648ms
[4224.391s][info][gc             ] GC(1148) Concurrent Mark Cycle 1169.742ms
..[4225.692s][info][gc,start       ] GC(1149) Pause Young (Prepare Mixed) (G1 Evacuation Pause)
[4225.692s][info][gc,task        ] GC(1149) Using 6 workers of 6 for evacuation
[4225.814s][info][gc,phases      ] GC(1149)   Pre Evacuate Collection Set: 0.33ms
[4225.815s][info][gc,phases      ] GC(1149)   Merge Heap Roots: 0.51ms
[4225.815s][info][gc,phases      ] GC(1149)   Evacuate Collection Set: 120.99ms
[4225.815s][info][gc,phases      ] GC(1149)   Post Evacuate Collection Set: 0.92ms
[4225.815s][info][gc,phases      ] GC(1149)   Other: 0.09ms
[4225.815s][info][gc,heap        ] GC(1149) Eden regions: 1118->0(1098)
[4225.815s][info][gc,heap        ] GC(1149) Survivor regions: 110->115(154)
[4225.815s][info][gc,heap        ] GC(1149) Old regions: 505->537
[4225.815s][info][gc,heap        ] GC(1149) Humongous regions: 80->80
[4225.815s][info][gc,metaspace   ] GC(1149) Metaspace: 28947K(29376K)->28947K(29376K) NonClass: 24077K(24256K)->24077K(24256K) Class: 4869K(5120K)->4869K(5120K)
[4225.815s][info][gc             ] GC(1149) Pause Young (Prepare Mixed) (G1 Evacuation Pause) 3622M->1461M(4096M) 122.974ms
[4225.815s][info][gc,cpu         ] GC(1149) User=0.73s Sys=0.00s Real=0.12s
..[4228.068s][info][gc,start       ] GC(1150) Pause Young (Mixed) (G1 Evacuation Pause)
[4228.068s][info][gc,task        ] GC(1150) Using 6 workers of 6 for evacuation
[4228.205s][info][gc,phases      ] GC(1150)   Pre Evacuate Collection Set: 0.36ms
[4228.205s][info][gc,phases      ] GC(1150)   Merge Heap Roots: 0.66ms
[4228.205s][info][gc,phases      ] GC(1150)   Evacuate Collection Set: 134.87ms
[4228.205s][info][gc,phases      ] GC(1150)   Post Evacuate Collection Set: 0.96ms
[4228.205s][info][gc,phases      ] GC(1150)   Other: 0.09ms
[4228.205s][info][gc,heap        ] GC(1150) Eden regions: 1098->0(1116)
[4228.205s][info][gc,heap        ] GC(1150) Survivor regions: 115->112(152)
[4228.205s][info][gc,heap        ] GC(1150) Old regions: 537->474
[4228.205s][info][gc,heap        ] GC(1150) Humongous regions: 80->80
[4228.205s][info][gc,metaspace   ] GC(1150) Metaspace: 28947K(29376K)->28947K(29376K) NonClass: 24077K(24256K)->24077K(24256K) Class: 4869K(5120K)->4869K(5120K)
[4228.205s][info][gc             ] GC(1150) Pause Young (Mixed) (G1 Evacuation Pause) 3657M->1329M(4096M) 137.071ms
[4228.205s][info][gc,cpu         ] GC(1150) User=0.81s Sys=0.00s Real=0.13s
..[4230.541s][info][gc,start       ] GC(1151) Pause Young (Concurrent Start) (G1 Evacuation Pause)
[4230.541s][info][gc,task        ] GC(1151) Using 6 workers of 6 for evacuation
[4230.658s][info][gc,phases      ] GC(1151)   Pre Evacuate Collection Set: 0.39ms
[4230.658s][info][gc,phases      ] GC(1151)   Merge Heap Roots: 0.45ms
[4230.658s][info][gc,phases      ] GC(1151)   Evacuate Collection Set: 114.40ms
[4230.658s][info][gc,phases      ] GC(1151)   Post Evacuate Collection Set: 0.92ms
[4230.658s][info][gc,phases      ] GC(1151)   Other: 0.12ms
[4230.658s][info][gc,heap        ] GC(1151) Eden regions: 1116->0(1119)
[4230.658s][info][gc,heap        ] GC(1151) Survivor regions: 112->109(154)
[4230.658s][info][gc,heap        ] GC(1151) Old regions: 474->507
[4230.658s][info][gc,heap        ] GC(1151) Humongous regions: 80->80
[4230.658s][info][gc,metaspace   ] GC(1151) Metaspace: 28947K(29376K)->28947K(29376K) NonClass: 24077K(24256K)->24077K(24256K) Class: 4869K(5120K)->4869K(5120K)
[4230.658s][info][gc             ] GC(1151) Pause Young (Concurrent Start) (G1 Evacuation Pause) 3561M->1389M(4096M) 116.445ms
[4230.658s][info][gc             ] GC(1152) Concurrent Mark Cycle
[4230.658s][info][gc,marking     ] GC(1152) Concurrent Scan Root Regions
[4230.658s][info][gc,cpu         ] GC(1151) User=0.69s Sys=0.00s Real=0.12s
.[4230.861s][info][gc,marking     ] GC(1152) Concurrent Scan Root Regions 203.234ms
[4230.861s][info][gc,marking     ] GC(1152) Concurrent Mark
[4230.861s][info][gc,marking     ] GC(1152) Concurrent Mark From Roots
[4230.861s][info][gc,task        ] GC(1152) Using 2 workers of 2 for marking
[4231.808s][info][gc,marking     ] GC(1152) Concurrent Mark From Roots 946.634ms
[4231.808s][info][gc,marking     ] GC(1152) Concurrent Preclean
[4231.808s][info][gc,marking     ] GC(1152) Concurrent Preclean 0.080ms
[4231.808s][info][gc,start       ] GC(1152) Pause Remark
[4231.814s][info][gc             ] GC(1152) Pause Remark 2481M->2481M(4096M) 6.377ms
[4231.814s][info][gc,cpu         ] GC(1152) User=0.04s Sys=0.00s Real=0.00s
[4231.814s][info][gc,marking     ] GC(1152) Concurrent Mark 953.333ms
[4231.814s][info][gc,marking     ] GC(1152) Concurrent Rebuild Remembered Sets and Scrub Regions
.[4232.180s][info][gc,marking     ] GC(1152) Concurrent Rebuild Remembered Sets and Scrub Regions 365.119ms
[4232.180s][info][gc,start       ] GC(1152) Pause Cleanup
[4232.180s][info][gc             ] GC(1152) Pause Cleanup 2824M->2824M(4096M) 0.102ms
[4232.180s][info][gc,cpu         ] GC(1152) User=0.00s Sys=0.00s Real=0.00s
[4232.180s][info][gc,marking     ] GC(1152) Concurrent Clear Claimed Marks
[4232.180s][info][gc,marking     ] GC(1152) Concurrent Clear Claimed Marks 0.023ms
[4232.180s][info][gc,marking     ] GC(1152) Concurrent Cleanup for Next Mark
[4232.185s][info][gc,marking     ] GC(1152) Concurrent Cleanup for Next Mark 4.806ms
[4232.185s][info][gc             ] GC(1152) Concurrent Mark Cycle 1526.954ms
.[4233.056s][info][gc,start       ] GC(1153) Pause Young (Prepare Mixed) (G1 Evacuation Pause)
[4233.056s][info][gc,task        ] GC(1153) Using 6 workers of 6 for evacuation
[4233.174s][info][gc,phases      ] GC(1153)   Pre Evacuate Collection Set: 0.34ms
[4233.174s][info][gc,phases      ] GC(1153)   Merge Heap Roots: 0.53ms
[4233.174s][info][gc,phases      ] GC(1153)   Evacuate Collection Set: 116.56ms
[4233.174s][info][gc,phases      ] GC(1153)   Post Evacuate Collection Set: 0.91ms
[4233.174s][info][gc,phases      ] GC(1153)   Other: 0.09ms
[4233.174s][info][gc,heap        ] GC(1153) Eden regions: 1119->0(1105)
[4233.174s][info][gc,heap        ] GC(1153) Survivor regions: 109->111(154)
[4233.174s][info][gc,heap        ] GC(1153) Old regions: 507->538
[4233.174s][info][gc,heap        ] GC(1153) Humongous regions: 80->80
[4233.174s][info][gc,metaspace   ] GC(1153) Metaspace: 28947K(29376K)->28947K(29376K) NonClass: 24077K(24256K)->24077K(24256K) Class: 4869K(5120K)->4869K(5120K)
[4233.174s][info][gc             ] GC(1153) Pause Young (Prepare Mixed) (G1 Evacuation Pause) 3627M->1455M(4096M) 118.554ms
[4233.175s][info][gc,cpu         ] GC(1153) User=0.70s Sys=0.00s Real=0.11s
..[4235.455s][info][gc,start       ] GC(1154) Pause Young (Mixed) (G1 Evacuation Pause)
[4235.455s][info][gc,task        ] GC(1154) Using 6 workers of 6 for evacuation
[4235.588s][info][gc,phases      ] GC(1154)   Pre Evacuate Collection Set: 0.40ms
[4235.588s][info][gc,phases      ] GC(1154)   Merge Heap Roots: 0.70ms
[4235.588s][info][gc,phases      ] GC(1154)   Evacuate Collection Set: 131.09ms
[4235.588s][info][gc,phases      ] GC(1154)   Post Evacuate Collection Set: 0.94ms
[4235.588s][info][gc,phases      ] GC(1154)   Other: 0.09ms
[4235.588s][info][gc,heap        ] GC(1154) Eden regions: 1105->0(1117)
[4235.588s][info][gc,heap        ] GC(1154) Survivor regions: 111->111(152)
[4235.588s][info][gc,heap        ] GC(1154) Old regions: 538->472
[4235.588s][info][gc,heap        ] GC(1154) Humongous regions: 80->80
[4235.588s][info][gc,metaspace   ] GC(1154) Metaspace: 28947K(29376K)->28947K(29376K) NonClass: 24077K(24256K)->24077K(24256K) Class: 4869K(5120K)->4869K(5120K)
[4235.588s][info][gc             ] GC(1154) Pause Young (Mixed) (G1 Evacuation Pause) 3665M->1322M(4096M) 133.365ms
[4235.588s][info][gc,cpu         ] GC(1154) User=0.79s Sys=0.00s Real=0.14s
...[4237.994s][info][gc,start       ] GC(1155) Pause Young (Concurrent Start) (G1 Evacuation Pause)
[4237.994s][info][gc,task        ] GC(1155) Using 6 workers of 6 for evacuation
[4238.112s][info][gc,phases      ] GC(1155)   Pre Evacuate Collection Set: 0.34ms
[4238.112s][info][gc,phases      ] GC(1155)   Merge Heap Roots: 0.54ms
[4238.112s][info][gc,phases      ] GC(1155)   Evacuate Collection Set: 115.83ms
[4238.112s][info][gc,phases      ] GC(1155)   Post Evacuate Collection Set: 0.87ms
[4238.112s][info][gc,phases      ] GC(1155)   Other: 0.11ms
[4238.112s][info][gc,heap        ] GC(1155) Eden regions: 1117->0(1117)
[4238.112s][info][gc,heap        ] GC(1155) Survivor regions: 111->111(154)
[4238.112s][info][gc,heap        ] GC(1155) Old regions: 472->504
[4238.112s][info][gc,heap        ] GC(1155) Humongous regions: 80->80
[4238.112s][info][gc,metaspace   ] GC(1155) Metaspace: 28947K(29376K)->28947K(29376K) NonClass: 24077K(24256K)->24077K(24256K) Class: 4869K(5120K)->4869K(5120K)
[4238.112s][info][gc             ] GC(1155) Pause Young (Concurrent Start) (G1 Evacuation Pause) 3556M->1387M(4096M) 117.823ms
[4238.112s][info][gc             ] GC(1156) Concurrent Mark Cycle
[4238.112s][info][gc,marking     ] GC(1156) Concurrent Scan Root Regions
[4238.112s][info][gc,cpu         ] GC(1155) User=0.70s Sys=0.00s Real=0.12s
[4238.280s][info][gc,marking     ] GC(1156) Concurrent Scan Root Regions 168.490ms
[4238.281s][info][gc,marking     ] GC(1156) Concurrent Mark
[4238.281s][info][gc,marking     ] GC(1156) Concurrent Mark From Roots
[4238.281s][info][gc,task        ] GC(1156) Using 2 workers of 2 for marking
.[4239.278s][info][gc,marking     ] GC(1156) Concurrent Mark From Roots 997.153ms
[4239.278s][info][gc,marking     ] GC(1156) Concurrent Preclean
[4239.278s][info][gc,marking     ] GC(1156) Concurrent Preclean 0.124ms
[4239.278s][info][gc,start       ] GC(1156) Pause Remark
[4239.286s][info][gc             ] GC(1156) Pause Remark 2483M->2483M(4096M) 7.133ms
[4239.286s][info][gc,cpu         ] GC(1156) User=0.04s Sys=0.00s Real=0.00s
[4239.286s][info][gc,marking     ] GC(1156) Concurrent Mark 1005.252ms
[4239.286s][info][gc,marking     ] GC(1156) Concurrent Rebuild Remembered Sets and Scrub Regions
[4239.642s][info][gc,marking     ] GC(1156) Concurrent Rebuild Remembered Sets and Scrub Regions 356.630ms
[4239.643s][info][gc,start       ] GC(1156) Pause Cleanup
[4239.643s][info][gc             ] GC(1156) Pause Cleanup 2856M->2856M(4096M) 0.103ms
[4239.643s][info][gc,cpu         ] GC(1156) User=0.00s Sys=0.00s Real=0.00s
[4239.643s][info][gc,marking     ] GC(1156) Concurrent Clear Claimed Marks
[4239.643s][info][gc,marking     ] GC(1156) Concurrent Clear Claimed Marks 0.023ms
[4239.643s][info][gc,marking     ] GC(1156) Concurrent Cleanup for Next Mark
[4239.648s][info][gc,marking     ] GC(1156) Concurrent Cleanup for Next Mark 5.150ms
[4239.648s][info][gc             ] GC(1156) Concurrent Mark Cycle 1536.002ms
.[4240.411s][info][gc,start       ] GC(1157) Pause Young (Prepare Mixed) (G1 Evacuation Pause)
[4240.411s][info][gc,task        ] GC(1157) Using 6 workers of 6 for evacuation
[4240.529s][info][gc,phases      ] GC(1157)   Pre Evacuate Collection Set: 0.36ms
[4240.529s][info][gc,phases      ] GC(1157)   Merge Heap Roots: 0.54ms
[4240.529s][info][gc,phases      ] GC(1157)   Evacuate Collection Set: 115.57ms
[4240.529s][info][gc,phases      ] GC(1157)   Post Evacuate Collection Set: 0.92ms
[4240.529s][info][gc,phases      ] GC(1157)   Other: 0.09ms
[4240.529s][info][gc,heap        ] GC(1157) Eden regions: 1117->0(1111)
[4240.529s][info][gc,heap        ] GC(1157) Survivor regions: 111->109(154)
[4240.529s][info][gc,heap        ] GC(1157) Old regions: 504->536
[4240.529s][info][gc,heap        ] GC(1157) Humongous regions: 80->80
[4240.529s][info][gc,metaspace   ] GC(1157) Metaspace: 28947K(29376K)->28947K(29376K) NonClass: 24077K(24256K)->24077K(24256K) Class: 4869K(5120K)->4869K(5120K)
[4240.529s][info][gc             ] GC(1157) Pause Young (Prepare Mixed) (G1 Evacuation Pause) 3621M->1447M(4096M) 117.609ms
[4240.529s][info][gc,cpu         ] GC(1157) User=0.70s Sys=0.00s Real=0.12s
..[4242.922s][info][gc,start       ] GC(1158) Pause Young (Mixed) (G1 Evacuation Pause)
[4242.922s][info][gc,task        ] GC(1158) Using 6 workers of 6 for evacuation
[4243.059s][info][gc,phases      ] GC(1158)   Pre Evacuate Collection Set: 0.36ms
[4243.059s][info][gc,phases      ] GC(1158)   Merge Heap Roots: 0.71ms
[4243.059s][info][gc,phases      ] GC(1158)   Evacuate Collection Set: 134.21ms
[4243.059s][info][gc,phases      ] GC(1158)   Post Evacuate Collection Set: 0.95ms
[4243.059s][info][gc,phases      ] GC(1158)   Other: 0.09ms
[4243.059s][info][gc,heap        ] GC(1158) Eden regions: 1111->0(1119)
[4243.059s][info][gc,heap        ] GC(1158) Survivor regions: 109->109(153)
[4243.059s][info][gc,heap        ] GC(1158) Old regions: 536->474
[4243.059s][info][gc,heap        ] GC(1158) Humongous regions: 80->80
[4243.059s][info][gc,metaspace   ] GC(1158) Metaspace: 28947K(29376K)->28947K(29376K) NonClass: 24077K(24256K)->24077K(24256K) Class: 4869K(5120K)->4869K(5120K)
[4243.059s][info][gc             ] GC(1158) Pause Young (Mixed) (G1 Evacuation Pause) 3669M->1322M(4096M) 136.439ms
[4243.059s][info][gc,cpu         ] GC(1158) User=0.81s Sys=0.00s Real=0.14s
...[4245.317s][info][gc,start       ] GC(1159) Pause Young (Concurrent Start) (G1 Evacuation Pause)
[4245.317s][info][gc,task        ] GC(1159) Using 6 workers of 6 for evacuation
[4245.434s][info][gc,phases      ] GC(1159)   Pre Evacuate Collection Set: 0.39ms
[4245.434s][info][gc,phases      ] GC(1159)   Merge Heap Roots: 0.49ms
[4245.434s][info][gc,phases      ] GC(1159)   Evacuate Collection Set: 114.87ms
[4245.434s][info][gc,phases      ] GC(1159)   Post Evacuate Collection Set: 0.90ms
[4245.434s][info][gc,phases      ] GC(1159)   Other: 0.09ms
[4245.434s][info][gc,heap        ] GC(1159) Eden regions: 1119->0(1119)
[4245.434s][info][gc,heap        ] GC(1159) Survivor regions: 109->109(154)
[4245.434s][info][gc,heap        ] GC(1159) Old regions: 474->505
[4245.434s][info][gc,heap        ] GC(1159) Humongous regions: 80->80
[4245.434s][info][gc,metaspace   ] GC(1159) Metaspace: 28947K(29376K)->28947K(29376K) NonClass: 24077K(24256K)->24077K(24256K) Class: 4869K(5120K)->4869K(5120K)
[4245.434s][info][gc             ] GC(1159) Pause Young (Concurrent Start) (G1 Evacuation Pause) 3560M->1386M(4096M) 116.861ms
[4245.434s][info][gc             ] GC(1160) Concurrent Mark Cycle
[4245.434s][info][gc,marking     ] GC(1160) Concurrent Scan Root Regions
[4245.434s][info][gc,cpu         ] GC(1159) User=0.69s Sys=0.00s Real=0.11s
[4245.603s][info][gc,marking     ] GC(1160) Concurrent Scan Root Regions 169.654ms
[4245.604s][info][gc,marking     ] GC(1160) Concurrent Mark
[4245.604s][info][gc,marking     ] GC(1160) Concurrent Mark From Roots
[4245.604s][info][gc,task        ] GC(1160) Using 2 workers of 2 for marking
.[4246.564s][info][gc,marking     ] GC(1160) Concurrent Mark From Roots 960.632ms
[4246.564s][info][gc,marking     ] GC(1160) Concurrent Preclean
[4246.564s][info][gc,marking     ] GC(1160) Concurrent Preclean 0.110ms
[4246.564s][info][gc,start       ] GC(1160) Pause Remark
[4246.571s][info][gc             ] GC(1160) Pause Remark 2469M->2469M(4096M) 6.254ms
[4246.571s][info][gc,cpu         ] GC(1160) User=0.03s Sys=0.00s Real=0.01s
[4246.571s][info][gc,marking     ] GC(1160) Concurrent Mark 967.275ms
[4246.571s][info][gc,marking     ] GC(1160) Concurrent Rebuild Remembered Sets and Scrub Regions
[4246.981s][info][gc,marking     ] GC(1160) Concurrent Rebuild Remembered Sets and Scrub Regions 410.118ms
[4246.982s][info][gc,start       ] GC(1160) Pause Cleanup
[4246.982s][info][gc             ] GC(1160) Pause Cleanup 2846M->2846M(4096M) 0.129ms
[4246.982s][info][gc,cpu         ] GC(1160) User=0.00s Sys=0.00s Real=0.00s
[4246.982s][info][gc,marking     ] GC(1160) Concurrent Clear Claimed Marks
[4246.982s][info][gc,marking     ] GC(1160) Concurrent Clear Claimed Marks 0.032ms
[4246.982s][info][gc,marking     ] GC(1160) Concurrent Cleanup for Next Mark
[4246.990s][info][gc,marking     ] GC(1160) Concurrent Cleanup for Next Mark 7.565ms
[4246.990s][info][gc             ] GC(1160) Concurrent Mark Cycle 1555.916ms
.[4247.818s][info][gc,start       ] GC(1161) Pause Young (Prepare Mixed) (G1 Evacuation Pause)
[4247.818s][info][gc,task        ] GC(1161) Using 6 workers of 6 for evacuation
[4247.937s][info][gc,phases      ] GC(1161)   Pre Evacuate Collection Set: 0.35ms
[4247.937s][info][gc,phases      ] GC(1161)   Merge Heap Roots: 0.56ms
[4247.937s][info][gc,phases      ] GC(1161)   Evacuate Collection Set: 117.42ms
[4247.937s][info][gc,phases      ] GC(1161)   Post Evacuate Collection Set: 0.95ms
[4247.937s][info][gc,phases      ] GC(1161)   Other: 0.09ms
[4247.937s][info][gc,heap        ] GC(1161) Eden regions: 1119->0(1106)
[4247.937s][info][gc,heap        ] GC(1161) Survivor regions: 109->111(154)
[4247.937s][info][gc,heap        ] GC(1161) Old regions: 505->537
[4247.937s][info][gc,heap        ] GC(1161) Humongous regions: 80->80
[4247.937s][info][gc,metaspace   ] GC(1161) Metaspace: 28947K(29376K)->28947K(29376K) NonClass: 24077K(24256K)->24077K(24256K) Class: 4869K(5120K)->4869K(5120K)
[4247.937s][info][gc             ] GC(1161) Pause Young (Prepare Mixed) (G1 Evacuation Pause) 3624M->1454M(4096M) 119.477ms
[4247.938s][info][gc,cpu         ] GC(1161) User=0.70s Sys=0.00s Real=0.12s
... (rIR:aIR:PR = 7610:7585:7585) (tPR = 112324) [OK] 
  4249s: Performance info:
         Transaction,    Success,    Partial,     Failed,   Receipts, AvgBarcode, 
             Overall,     457858,          0,          0,     434911,      59.48, 
         Response times:
             Request,    Success,    Partial,     Failed,   SkipFail,     Probes,    Samples,      min,      p50,      p90,      p95,      p99,      max, 
       TotalPurchase,     434911,          0,          0,          0,     357761,     386173,      300,     6600,    53000,    84000,   141000,   441000,
     InStorePurchase,     229149,          0,          0,          0,     188882,     203344,      300,     6500,    52000,    82000,   141000,   441000,
      OnlinePurchase,     159625,          0,          0,          0,     131363,     141821,      300,     6800,    55000,    85000,   141000,   308000,
        InstPurchase,      46137,          0,          0,          0,      37516,      41008,      400,     6800,    54000,    85000,   141910,   308000,
          AssocOfCat,        458,          0,          0,          0,        376,        498,    23000,    41000,   105000,   145000,   208070,   233000,
      AssocOfProduct,       4596,          0,          0,          0,       4179,       4717,      500,     7800,    58000,    90000,   145000,   199000,
      BusinessReport,       1149,          0,          0,          0,       1007,       1168,    26000,    45000,   118100,   146550,   197310,   319000,
          CustBuyBeh,       4588,          0,          0,          0,       4297,       4864,      500,     7300,    59000,    90000,   146350,   233000,
       ProductReturn,      12156,          0,          0,          0,       9277,      10197,      300,     7500,    62000,    94000,   147000,   308000,

  4249s: (56%)   IR =   7749 [4250.332s][info][gc,start       ] GC(1162) Pause Young (Mixed) (G1 Evacuation Pause)
[4250.332s][info][gc,task        ] GC(1162) Using 6 workers of 6 for evacuation
[4250.473s][info][gc,phases      ] GC(1162)   Pre Evacuate Collection Set: 0.35ms
[4250.473s][info][gc,phases      ] GC(1162)   Merge Heap Roots: 0.68ms
[4250.473s][info][gc,phases      ] GC(1162)   Evacuate Collection Set: 138.58ms
[4250.473s][info][gc,phases      ] GC(1162)   Post Evacuate Collection Set: 0.94ms
[4250.473s][info][gc,phases      ] GC(1162)   Other: 0.09ms
[4250.473s][info][gc,heap        ] GC(1162) Eden regions: 1106->0(1115)
[4250.473s][info][gc,heap        ] GC(1162) Survivor regions: 111->113(153)
[4250.473s][info][gc,heap        ] GC(1162) Old regions: 537->472
[4250.473s][info][gc,heap        ] GC(1162) Humongous regions: 80->80
[4250.473s][info][gc,metaspace   ] GC(1162) Metaspace: 28947K(29376K)->28947K(29376K) NonClass: 24077K(24256K)->24077K(24256K) Class: 4869K(5120K)->4869K(5120K)
[4250.473s][info][gc             ] GC(1162) Pause Young (Mixed) (G1 Evacuation Pause) 3666M->1328M(4096M) 140.778ms
[4250.473s][info][gc,cpu         ] GC(1162) User=0.83s Sys=0.00s Real=0.14s
..[4252.685s][info][gc,start       ] GC(1163) Pause Young (Concurrent Start) (G1 Evacuation Pause)
[4252.685s][info][gc,task        ] GC(1163) Using 6 workers of 6 for evacuation
[4252.805s][info][gc,phases      ] GC(1163)   Pre Evacuate Collection Set: 0.38ms
[4252.805s][info][gc,phases      ] GC(1163)   Merge Heap Roots: 0.48ms
[4252.805s][info][gc,phases      ] GC(1163)   Evacuate Collection Set: 117.83ms
[4252.805s][info][gc,phases      ] GC(1163)   Post Evacuate Collection Set: 0.88ms
[4252.805s][info][gc,phases      ] GC(1163)   Other: 0.12ms
[4252.805s][info][gc,heap        ] GC(1163) Eden regions: 1115->0(1118)
[4252.805s][info][gc,heap        ] GC(1163) Survivor regions: 113->110(154)
[4252.805s][info][gc,heap        ] GC(1163) Old regions: 472->504
[4252.805s][info][gc,heap        ] GC(1163) Humongous regions: 80->80
[4252.805s][info][gc,metaspace   ] GC(1163) Metaspace: 28947K(29376K)->28947K(29376K) NonClass: 24077K(24256K)->24077K(24256K) Class: 4869K(5120K)->4869K(5120K)
[4252.805s][info][gc             ] GC(1163) Pause Young (Concurrent Start) (G1 Evacuation Pause) 3558M->1386M(4096M) 119.830ms
[4252.805s][info][gc             ] GC(1164) Concurrent Mark Cycle
[4252.805s][info][gc,marking     ] GC(1164) Concurrent Scan Root Regions
[4252.805s][info][gc,cpu         ] GC(1163) User=0.71s Sys=0.00s Real=0.12s
[4252.981s][info][gc,marking     ] GC(1164) Concurrent Scan Root Regions 176.317ms
[4252.981s][info][gc,marking     ] GC(1164) Concurrent Mark
[4252.981s][info][gc,marking     ] GC(1164) Concurrent Mark From Roots
[4252.981s][info][gc,task        ] GC(1164) Using 2 workers of 2 for marking
.[4253.976s][info][gc,marking     ] GC(1164) Concurrent Mark From Roots 994.366ms
[4253.976s][info][gc,marking     ] GC(1164) Concurrent Preclean
[4253.976s][info][gc,marking     ] GC(1164) Concurrent Preclean 0.143ms
[4253.977s][info][gc,start       ] GC(1164) Pause Remark
[4253.984s][info][gc             ] GC(1164) Pause Remark 2458M->2458M(4096M) 6.980ms
[4253.984s][info][gc,cpu         ] GC(1164) User=0.04s Sys=0.00s Real=0.00s
[4253.985s][info][gc,marking     ] GC(1164) Concurrent Mark 1003.616ms
[4253.985s][info][gc,marking     ] GC(1164) Concurrent Rebuild Remembered Sets and Scrub Regions
.[4254.350s][info][gc,marking     ] GC(1164) Concurrent Rebuild Remembered Sets and Scrub Regions 364.931ms
[4254.350s][info][gc,start       ] GC(1164) Pause Cleanup
[4254.351s][info][gc             ] GC(1164) Pause Cleanup 2855M->2855M(4096M) 0.109ms
[4254.351s][info][gc,cpu         ] GC(1164) User=0.00s Sys=0.00s Real=0.00s
[4254.351s][info][gc,marking     ] GC(1164) Concurrent Clear Claimed Marks
[4254.351s][info][gc,marking     ] GC(1164) Concurrent Clear Claimed Marks 0.027ms
[4254.351s][info][gc,marking     ] GC(1164) Concurrent Cleanup for Next Mark
[4254.355s][info][gc,marking     ] GC(1164) Concurrent Cleanup for Next Mark 4.644ms
[4254.355s][info][gc             ] GC(1164) Concurrent Mark Cycle 1550.666ms
[4255.161s][info][gc,start       ] GC(1165) Pause Young (Prepare Mixed) (G1 Evacuation Pause)
[4255.161s][info][gc,task        ] GC(1165) Using 6 workers of 6 for evacuation
[4255.285s][info][gc,phases      ] GC(1165)   Pre Evacuate Collection Set: 0.34ms
[4255.285s][info][gc,phases      ] GC(1165)   Merge Heap Roots: 0.56ms
[4255.285s][info][gc,phases      ] GC(1165)   Evacuate Collection Set: 122.13ms
[4255.285s][info][gc,phases      ] GC(1165)   Post Evacuate Collection Set: 0.92ms
[4255.285s][info][gc,phases      ] GC(1165)   Other: 0.09ms
[4255.285s][info][gc,heap        ] GC(1165) Eden regions: 1118->0(1103)
[4255.285s][info][gc,heap        ] GC(1165) Survivor regions: 110->113(154)
[4255.285s][info][gc,heap        ] GC(1165) Old regions: 504->536
[4255.285s][info][gc,heap        ] GC(1165) Humongous regions: 80->80
[4255.285s][info][gc,metaspace   ] GC(1165) Metaspace: 28947K(29376K)->28947K(29376K) NonClass: 24077K(24256K)->24077K(24256K) Class: 4869K(5120K)->4869K(5120K)
[4255.285s][info][gc             ] GC(1165) Pause Young (Prepare Mixed) (G1 Evacuation Pause) 3622M->1455M(4096M) 124.194ms
[4255.285s][info][gc,cpu         ] GC(1165) User=0.73s Sys=0.00s Real=0.12s
...[4257.584s][info][gc,start       ] GC(1166) Pause Young (Mixed) (G1 Evacuation Pause)
[4257.584s][info][gc,task        ] GC(1166) Using 6 workers of 6 for evacuation
[4257.727s][info][gc,phases      ] GC(1166)   Pre Evacuate Collection Set: 0.40ms
[4257.727s][info][gc,phases      ] GC(1166)   Merge Heap Roots: 0.71ms
[4257.727s][info][gc,phases      ] GC(1166)   Evacuate Collection Set: 140.68ms
[4257.727s][info][gc,phases      ] GC(1166)   Post Evacuate Collection Set: 0.94ms
[4257.727s][info][gc,phases      ] GC(1166)   Other: 0.10ms
[4257.727s][info][gc,heap        ] GC(1166) Eden regions: 1103->0(1111)
[4257.727s][info][gc,heap        ] GC(1166) Survivor regions: 113->117(152)
[4257.727s][info][gc,heap        ] GC(1166) Old regions: 536->472
[4257.727s][info][gc,heap        ] GC(1166) Humongous regions: 80->80
[4257.727s][info][gc,metaspace   ] GC(1166) Metaspace: 28947K(29376K)->28947K(29376K) NonClass: 24077K(24256K)->24077K(24256K) Class: 4869K(5120K)->4869K(5120K)
[4257.727s][info][gc             ] GC(1166) Pause Young (Mixed) (G1 Evacuation Pause) 3661M->1335M(4096M) 142.958ms
[4257.727s][info][gc,cpu         ] GC(1166) User=0.84s Sys=0.00s Real=0.15s
..[4260.009s][info][gc,start       ] GC(1167) Pause Young (Concurrent Start) (G1 Evacuation Pause)
[4260.009s][info][gc,task        ] GC(1167) Using 6 workers of 6 for evacuation
[4260.124s][info][gc,phases      ] GC(1167)   Pre Evacuate Collection Set: 0.40ms
[4260.124s][info][gc,phases      ] GC(1167)   Merge Heap Roots: 0.47ms
[4260.124s][info][gc,phases      ] GC(1167)   Evacuate Collection Set: 112.93ms
[4260.124s][info][gc,phases      ] GC(1167)   Post Evacuate Collection Set: 0.89ms
[4260.124s][info][gc,phases      ] GC(1167)   Other: 0.10ms
[4260.124s][info][gc,heap        ] GC(1167) Eden regions: 1111->0(1121)
[4260.124s][info][gc,heap        ] GC(1167) Survivor regions: 117->107(154)
[4260.124s][info][gc,heap        ] GC(1167) Old regions: 472->503
[4260.124s][info][gc,heap        ] GC(1167) Humongous regions: 80->80
[4260.124s][info][gc,metaspace   ] GC(1167) Metaspace: 28947K(29376K)->28947K(29376K) NonClass: 24077K(24256K)->24077K(24256K) Class: 4869K(5120K)->4869K(5120K)
[4260.124s][info][gc             ] GC(1167) Pause Young (Concurrent Start) (G1 Evacuation Pause) 3557M->1377M(4096M) 114.924ms
[4260.124s][info][gc             ] GC(1168) Concurrent Mark Cycle
[4260.124s][info][gc,marking     ] GC(1168) Concurrent Scan Root Regions
[4260.124s][info][gc,cpu         ] GC(1167) User=0.68s Sys=0.00s Real=0.11s
[4260.292s][info][gc,marking     ] GC(1168) Concurrent Scan Root Regions 168.615ms
[4260.292s][info][gc,marking     ] GC(1168) Concurrent Mark
[4260.292s][info][gc,marking     ] GC(1168) Concurrent Mark From Roots
[4260.292s][info][gc,task        ] GC(1168) Using 2 workers of 2 for marking
.[4260.989s][info][gc,marking     ] GC(1168) Concurrent Mark From Roots 696.713ms
[4260.989s][info][gc,marking     ] GC(1168) Concurrent Preclean
[4260.989s][info][gc,marking     ] GC(1168) Concurrent Preclean 0.104ms
[4260.990s][info][gc,start       ] GC(1168) Pause Remark
[4260.995s][info][gc             ] GC(1168) Pause Remark 2121M->2121M(4096M) 5.065ms
[4260.995s][info][gc,cpu         ] GC(1168) User=0.03s Sys=0.00s Real=0.00s
[4260.995s][info][gc,marking     ] GC(1168) Concurrent Mark 703.002ms
[4260.995s][info][gc,marking     ] GC(1168) Concurrent Rebuild Remembered Sets and Scrub Regions
[4261.279s][info][gc,marking     ] GC(1168) Concurrent Rebuild Remembered Sets and Scrub Regions 283.272ms
[4261.280s][info][gc,start       ] GC(1168) Pause Cleanup
[4261.280s][info][gc             ] GC(1168) Pause Cleanup 2421M->2421M(4096M) 0.123ms
[4261.280s][info][gc,cpu         ] GC(1168) User=0.00s Sys=0.00s Real=0.00s
[4261.280s][info][gc,marking     ] GC(1168) Concurrent Clear Claimed Marks
[4261.280s][info][gc,marking     ] GC(1168) Concurrent Clear Claimed Marks 0.039ms
[4261.280s][info][gc,marking     ] GC(1168) Concurrent Cleanup for Next Mark
[4261.286s][info][gc,marking     ] GC(1168) Concurrent Cleanup for Next Mark 6.072ms
[4261.286s][info][gc             ] GC(1168) Concurrent Mark Cycle 1162.383ms
..[4262.507s][info][gc,start       ] GC(1169) Pause Young (Prepare Mixed) (G1 Evacuation Pause)
[4262.507s][info][gc,task        ] GC(1169) Using 6 workers of 6 for evacuation
[4262.624s][info][gc,phases      ] GC(1169)   Pre Evacuate Collection Set: 0.33ms
[4262.624s][info][gc,phases      ] GC(1169)   Merge Heap Roots: 0.52ms
[4262.624s][info][gc,phases      ] GC(1169)   Evacuate Collection Set: 114.94ms
[4262.624s][info][gc,phases      ] GC(1169)   Post Evacuate Collection Set: 0.92ms
[4262.624s][info][gc,phases      ] GC(1169)   Other: 0.10ms
[4262.624s][info][gc,heap        ] GC(1169) Eden regions: 1121->0(1109)
[4262.624s][info][gc,heap        ] GC(1169) Survivor regions: 107->111(154)
[4262.624s][info][gc,heap        ] GC(1169) Old regions: 503->534
[4262.624s][info][gc,heap        ] GC(1169) Humongous regions: 80->80
[4262.624s][info][gc,metaspace   ] GC(1169) Metaspace: 28947K(29376K)->28947K(29376K) NonClass: 24077K(24256K)->24077K(24256K) Class: 4869K(5120K)->4869K(5120K)
[4262.624s][info][gc             ] GC(1169) Pause Young (Prepare Mixed) (G1 Evacuation Pause) 3619M->1447M(4096M) 116.947ms
[4262.624s][info][gc,cpu         ] GC(1169) User=0.69s Sys=0.00s Real=0.11s
.|.[4264.862s][info][gc,start       ] GC(1170) Pause Young (Mixed) (G1 Evacuation Pause)
[4264.862s][info][gc,task        ] GC(1170) Using 6 workers of 6 for evacuation
[4265.000s][info][gc,phases      ] GC(1170)   Pre Evacuate Collection Set: 0.39ms
[4265.000s][info][gc,phases      ] GC(1170)   Merge Heap Roots: 0.68ms
[4265.000s][info][gc,phases      ] GC(1170)   Evacuate Collection Set: 135.15ms
[4265.000s][info][gc,phases      ] GC(1170)   Post Evacuate Collection Set: 0.94ms
[4265.000s][info][gc,phases      ] GC(1170)   Other: 0.09ms
[4265.000s][info][gc,heap        ] GC(1170) Eden regions: 1109->0(1116)
[4265.000s][info][gc,heap        ] GC(1170) Survivor regions: 111->112(153)
[4265.000s][info][gc,heap        ] GC(1170) Old regions: 534->470
[4265.000s][info][gc,heap        ] GC(1170) Humongous regions: 80->80
[4265.000s][info][gc,metaspace   ] GC(1170) Metaspace: 28947K(29376K)->28947K(29376K) NonClass: 24077K(24256K)->24077K(24256K) Class: 4869K(5120K)->4869K(5120K)
[4265.000s][info][gc             ] GC(1170) Pause Young (Mixed) (G1 Evacuation Pause) 3665M->1322M(4096M) 137.386ms
[4265.000s][info][gc,cpu         ] GC(1170) User=0.81s Sys=0.00s Real=0.14s
..[4267.284s][info][gc,start       ] GC(1171) Pause Young (Concurrent Start) (G1 Evacuation Pause)
[4267.284s][info][gc,task        ] GC(1171) Using 6 workers of 6 for evacuation
[4267.402s][info][gc,phases      ] GC(1171)   Pre Evacuate Collection Set: 0.39ms
[4267.402s][info][gc,phases      ] GC(1171)   Merge Heap Roots: 0.46ms
[4267.402s][info][gc,phases      ] GC(1171)   Evacuate Collection Set: 115.50ms
[4267.402s][info][gc,phases      ] GC(1171)   Post Evacuate Collection Set: 0.89ms
[4267.402s][info][gc,phases      ] GC(1171)   Other: 0.12ms
[4267.402s][info][gc,heap        ] GC(1171) Eden regions: 1116->0(1119)
[4267.402s][info][gc,heap        ] GC(1171) Survivor regions: 112->109(154)
[4267.402s][info][gc,heap        ] GC(1171) Old regions: 470->503
[4267.402s][info][gc,heap        ] GC(1171) Humongous regions: 80->80
[4267.402s][info][gc,metaspace   ] GC(1171) Metaspace: 28947K(29376K)->28947K(29376K) NonClass: 24077K(24256K)->24077K(24256K) Class: 4869K(5120K)->4869K(5120K)
[4267.402s][info][gc             ] GC(1171) Pause Young (Concurrent Start) (G1 Evacuation Pause) 3554M->1380M(4096M) 117.507ms
[4267.402s][info][gc             ] GC(1172) Concurrent Mark Cycle
[4267.402s][info][gc,marking     ] GC(1172) Concurrent Scan Root Regions
[4267.402s][info][gc,cpu         ] GC(1171) User=0.69s Sys=0.00s Real=0.12s
.[4267.534s][info][gc,marking     ] GC(1172) Concurrent Scan Root Regions 131.931ms
[4267.534s][info][gc,marking     ] GC(1172) Concurrent Mark
[4267.534s][info][gc,marking     ] GC(1172) Concurrent Mark From Roots
[4267.534s][info][gc,task        ] GC(1172) Using 2 workers of 2 for marking
[4268.212s][info][gc,marking     ] GC(1172) Concurrent Mark From Roots 678.624ms
[4268.212s][info][gc,marking     ] GC(1172) Concurrent Preclean
[4268.213s][info][gc,marking     ] GC(1172) Concurrent Preclean 0.119ms
[4268.213s][info][gc,start       ] GC(1172) Pause Remark
[4268.219s][info][gc             ] GC(1172) Pause Remark 2086M->2086M(4096M) 5.629ms
[4268.219s][info][gc,cpu         ] GC(1172) User=0.03s Sys=0.00s Real=0.01s
[4268.219s][info][gc,marking     ] GC(1172) Concurrent Mark 685.617ms
[4268.219s][info][gc,marking     ] GC(1172) Concurrent Rebuild Remembered Sets and Scrub Regions
.[4268.466s][info][gc,marking     ] GC(1172) Concurrent Rebuild Remembered Sets and Scrub Regions 247.068ms
[4268.468s][info][gc,start       ] GC(1172) Pause Cleanup
[4268.468s][info][gc             ] GC(1172) Pause Cleanup 2308M->2308M(4096M) 0.139ms
[4268.468s][info][gc,cpu         ] GC(1172) User=0.00s Sys=0.00s Real=0.00s
[4268.469s][info][gc,marking     ] GC(1172) Concurrent Clear Claimed Marks
[4268.469s][info][gc,marking     ] GC(1172) Concurrent Clear Claimed Marks 0.034ms
[4268.469s][info][gc,marking     ] GC(1172) Concurrent Cleanup for Next Mark
[4268.475s][info][gc,marking     ] GC(1172) Concurrent Cleanup for Next Mark 5.683ms
[4268.475s][info][gc             ] GC(1172) Concurrent Mark Cycle 1072.969ms
.[4269.692s][info][gc,start       ] GC(1173) Pause Young (Prepare Mixed) (G1 Evacuation Pause)
[4269.692s][info][gc,task        ] GC(1173) Using 6 workers of 6 for evacuation
[4269.811s][info][gc,phases      ] GC(1173)   Pre Evacuate Collection Set: 0.32ms
[4269.811s][info][gc,phases      ] GC(1173)   Merge Heap Roots: 0.56ms
[4269.811s][info][gc,phases      ] GC(1173)   Evacuate Collection Set: 117.21ms
[4269.811s][info][gc,phases      ] GC(1173)   Post Evacuate Collection Set: 0.92ms
[4269.811s][info][gc,phases      ] GC(1173)   Other: 0.09ms
[4269.811s][info][gc,heap        ] GC(1173) Eden regions: 1119->0(1108)
[4269.811s][info][gc,heap        ] GC(1173) Survivor regions: 109->111(154)
[4269.811s][info][gc,heap        ] GC(1173) Old regions: 503->535
[4269.811s][info][gc,heap        ] GC(1173) Humongous regions: 80->80
[4269.811s][info][gc,metaspace   ] GC(1173) Metaspace: 28947K(29376K)->28947K(29376K) NonClass: 24077K(24256K)->24077K(24256K) Class: 4869K(5120K)->4869K(5120K)
[4269.811s][info][gc             ] GC(1173) Pause Young (Prepare Mixed) (G1 Evacuation Pause) 3618M->1449M(4096M) 119.243ms
[4269.811s][info][gc,cpu         ] GC(1173) User=0.71s Sys=0.00s Real=0.12s
..[4272.075s][info][gc,start       ] GC(1174) Pause Young (Mixed) (G1 Evacuation Pause)
[4272.075s][info][gc,task        ] GC(1174) Using 6 workers of 6 for evacuation
[4272.216s][info][gc,phases      ] GC(1174)   Pre Evacuate Collection Set: 0.40ms
[4272.216s][info][gc,phases      ] GC(1174)   Merge Heap Roots: 0.73ms
[4272.216s][info][gc,phases      ] GC(1174)   Evacuate Collection Set: 138.67ms
[4272.216s][info][gc,phases      ] GC(1174)   Post Evacuate Collection Set: 0.93ms
[4272.216s][info][gc,phases      ] GC(1174)   Other: 0.10ms
[4272.216s][info][gc,heap        ] GC(1174) Eden regions: 1108->0(1115)
[4272.216s][info][gc,heap        ] GC(1174) Survivor regions: 111->113(153)
[4272.216s][info][gc,heap        ] GC(1174) Old regions: 535->475
[4272.216s][info][gc,heap        ] GC(1174) Humongous regions: 80->80
[4272.216s][info][gc,metaspace   ] GC(1174) Metaspace: 28947K(29376K)->28947K(29376K) NonClass: 24077K(24256K)->24077K(24256K) Class: 4869K(5120K)->4869K(5120K)
[4272.216s][info][gc             ] GC(1174) Pause Young (Mixed) (G1 Evacuation Pause) 3665M->1333M(4096M) 140.953ms
[4272.216s][info][gc,cpu         ] GC(1174) User=0.83s Sys=0.00s Real=0.15s
...[4274.530s][info][gc,start       ] GC(1175) Pause Young (Concurrent Start) (G1 Evacuation Pause)
[4274.530s][info][gc,task        ] GC(1175) Using 6 workers of 6 for evacuation
[4274.648s][info][gc,phases      ] GC(1175)   Pre Evacuate Collection Set: 0.40ms
[4274.648s][info][gc,phases      ] GC(1175)   Merge Heap Roots: 0.47ms
[4274.648s][info][gc,phases      ] GC(1175)   Evacuate Collection Set: 115.97ms
[4274.648s][info][gc,phases      ] GC(1175)   Post Evacuate Collection Set: 0.89ms
[4274.648s][info][gc,phases      ] GC(1175)   Other: 0.14ms
[4274.648s][info][gc,heap        ] GC(1175) Eden regions: 1115->0(1119)
[4274.648s][info][gc,heap        ] GC(1175) Survivor regions: 113->109(154)
[4274.648s][info][gc,heap        ] GC(1175) Old regions: 475->507
[4274.648s][info][gc,heap        ] GC(1175) Humongous regions: 80->80
[4274.648s][info][gc,metaspace   ] GC(1175) Metaspace: 28947K(29376K)->28947K(29376K) NonClass: 24077K(24256K)->24077K(24256K) Class: 4869K(5120K)->4869K(5120K)
[4274.648s][info][gc             ] GC(1175) Pause Young (Concurrent Start) (G1 Evacuation Pause) 3563M->1390M(4096M) 117.988ms
[4274.648s][info][gc             ] GC(1176) Concurrent Mark Cycle
[4274.648s][info][gc,marking     ] GC(1176) Concurrent Scan Root Regions
[4274.648s][info][gc,cpu         ] GC(1175) User=0.69s Sys=0.00s Real=0.12s
[4274.820s][info][gc,marking     ] GC(1176) Concurrent Scan Root Regions 171.734ms
[4274.820s][info][gc,marking     ] GC(1176) Concurrent Mark
[4274.820s][info][gc,marking     ] GC(1176) Concurrent Mark From Roots
[4274.820s][info][gc,task        ] GC(1176) Using 2 workers of 2 for marking
.[4275.768s][info][gc,marking     ] GC(1176) Concurrent Mark From Roots 948.004ms
[4275.768s][info][gc,marking     ] GC(1176) Concurrent Preclean
[4275.768s][info][gc,marking     ] GC(1176) Concurrent Preclean 0.138ms
[4275.769s][info][gc,start       ] GC(1176) Pause Remark
[4275.775s][info][gc             ] GC(1176) Pause Remark 2452M->2452M(4096M) 6.052ms
[4275.775s][info][gc,cpu         ] GC(1176) User=0.03s Sys=0.00s Real=0.00s
[4275.775s][info][gc,marking     ] GC(1176) Concurrent Mark 955.350ms
[4275.775s][info][gc,marking     ] GC(1176) Concurrent Rebuild Remembered Sets and Scrub Regions
[4276.182s][info][gc,marking     ] GC(1176) Concurrent Rebuild Remembered Sets and Scrub Regions 406.570ms
[4276.182s][info][gc,start       ] GC(1176) Pause Cleanup
[4276.182s][info][gc             ] GC(1176) Pause Cleanup 2877M->2877M(4096M) 0.114ms
[4276.182s][info][gc,cpu         ] GC(1176) User=0.00s Sys=0.00s Real=0.00s
[4276.183s][info][gc,marking     ] GC(1176) Concurrent Clear Claimed Marks
[4276.183s][info][gc,marking     ] GC(1176) Concurrent Clear Claimed Marks 0.032ms
[4276.183s][info][gc,marking     ] GC(1176) Concurrent Cleanup for Next Mark
[4276.192s][info][gc,marking     ] GC(1176) Concurrent Cleanup for Next Mark 8.934ms
[4276.192s][info][gc             ] GC(1176) Concurrent Mark Cycle 1543.322ms
.[4276.957s][info][gc,start       ] GC(1177) Pause Young (Prepare Mixed) (G1 Evacuation Pause)
[4276.957s][info][gc,task        ] GC(1177) Using 6 workers of 6 for evacuation
[4277.077s][info][gc,phases      ] GC(1177)   Pre Evacuate Collection Set: 0.33ms
[4277.077s][info][gc,phases      ] GC(1177)   Merge Heap Roots: 0.51ms
[4277.077s][info][gc,phases      ] GC(1177)   Evacuate Collection Set: 117.74ms
[4277.077s][info][gc,phases      ] GC(1177)   Post Evacuate Collection Set: 0.90ms
[4277.077s][info][gc,phases      ] GC(1177)   Other: 0.08ms
[4277.077s][info][gc,heap        ] GC(1177) Eden regions: 1119->0(1103)
[4277.077s][info][gc,heap        ] GC(1177) Survivor regions: 109->112(154)
[4277.077s][info][gc,heap        ] GC(1177) Old regions: 507->538
[4277.077s][info][gc,heap        ] GC(1177) Humongous regions: 80->80
[4277.077s][info][gc,metaspace   ] GC(1177) Metaspace: 28947K(29376K)->28947K(29376K) NonClass: 24077K(24256K)->24077K(24256K) Class: 4869K(5120K)->4869K(5120K)
[4277.077s][info][gc             ] GC(1177) Pause Young (Prepare Mixed) (G1 Evacuation Pause) 3628M->1457M(4096M) 119.697ms
[4277.077s][info][gc,cpu         ] GC(1177) User=0.71s Sys=0.00s Real=0.12s
..[4279.353s][info][gc,start       ] GC(1178) Pause Young (Mixed) (G1 Evacuation Pause)
[4279.353s][info][gc,task        ] GC(1178) Using 6 workers of 6 for evacuation
[4279.489s][info][gc,phases      ] GC(1178)   Pre Evacuate Collection Set: 0.37ms
[4279.489s][info][gc,phases      ] GC(1178)   Merge Heap Roots: 0.62ms
[4279.489s][info][gc,phases      ] GC(1178)   Evacuate Collection Set: 133.45ms
[4279.489s][info][gc,phases      ] GC(1178)   Post Evacuate Collection Set: 0.93ms
[4279.489s][info][gc,phases      ] GC(1178)   Other: 0.09ms
[4279.489s][info][gc,heap        ] GC(1178) Eden regions: 1103->0(1116)
[4279.489s][info][gc,heap        ] GC(1178) Survivor regions: 112->112(152)
[4279.489s][info][gc,heap        ] GC(1178) Old regions: 538->472
[4279.489s][info][gc,heap        ] GC(1178) Humongous regions: 80->80
[4279.489s][info][gc,metaspace   ] GC(1178) Metaspace: 28947K(29376K)->28947K(29376K) NonClass: 24077K(24256K)->24077K(24256K) Class: 4869K(5120K)->4869K(5120K)
[4279.489s][info][gc             ] GC(1178) Pause Young (Mixed) (G1 Evacuation Pause) 3663M->1325M(4096M) 135.593ms
[4279.489s][info][gc,cpu         ] GC(1178) User=0.81s Sys=0.00s Real=0.14s
...[4281.835s][info][gc,start       ] GC(1179) Pause Young (Concurrent Start) (G1 Evacuation Pause)
[4281.835s][info][gc,task        ] GC(1179) Using 6 workers of 6 for evacuation
[4281.958s][info][gc,phases      ] GC(1179)   Pre Evacuate Collection Set: 0.35ms
[4281.958s][info][gc,phases      ] GC(1179)   Merge Heap Roots: 0.51ms
[4281.958s][info][gc,phases      ] GC(1179)   Evacuate Collection Set: 121.59ms
[4281.958s][info][gc,phases      ] GC(1179)   Post Evacuate Collection Set: 0.89ms
[4281.958s][info][gc,phases      ] GC(1179)   Other: 0.10ms
[4281.958s][info][gc,heap        ] GC(1179) Eden regions: 1116->0(1115)
[4281.958s][info][gc,heap        ] GC(1179) Survivor regions: 112->113(154)
[4281.958s][info][gc,heap        ] GC(1179) Old regions: 472->504
[4281.958s][info][gc,heap        ] GC(1179) Humongous regions: 80->80
[4281.958s][info][gc,metaspace   ] GC(1179) Metaspace: 28947K(29376K)->28947K(29376K) NonClass: 24077K(24256K)->24077K(24256K) Class: 4869K(5120K)->4869K(5120K)
[4281.958s][info][gc             ] GC(1179) Pause Young (Concurrent Start) (G1 Evacuation Pause) 3557M->1392M(4096M) 123.578ms
[4281.958s][info][gc             ] GC(1180) Concurrent Mark Cycle
[4281.958s][info][gc,marking     ] GC(1180) Concurrent Scan Root Regions
[4281.958s][info][gc,cpu         ] GC(1179) User=0.73s Sys=0.00s Real=0.13s
[4282.142s][info][gc,marking     ] GC(1180) Concurrent Scan Root Regions 183.525ms
[4282.142s][info][gc,marking     ] GC(1180) Concurrent Mark
[4282.142s][info][gc,marking     ] GC(1180) Concurrent Mark From Roots
[4282.142s][info][gc,task        ] GC(1180) Using 2 workers of 2 for marking
.[4283.143s][info][gc,marking     ] GC(1180) Concurrent Mark From Roots 1001.173ms
[4283.143s][info][gc,marking     ] GC(1180) Concurrent Preclean
[4283.143s][info][gc,marking     ] GC(1180) Concurrent Preclean 0.123ms
[4283.144s][info][gc,start       ] GC(1180) Pause Remark
[4283.152s][info][gc             ] GC(1180) Pause Remark 2530M->2530M(4096M) 7.690ms
[4283.152s][info][gc,cpu         ] GC(1180) User=0.04s Sys=0.00s Real=0.01s
[4283.152s][info][gc,marking     ] GC(1180) Concurrent Mark 1010.465ms
[4283.152s][info][gc,marking     ] GC(1180) Concurrent Rebuild Remembered Sets and Scrub Regions
[4283.547s][info][gc,marking     ] GC(1180) Concurrent Rebuild Remembered Sets and Scrub Regions 394.232ms
[4283.547s][info][gc,start       ] GC(1180) Pause Cleanup
[4283.547s][info][gc             ] GC(1180) Pause Cleanup 2938M->2938M(4096M) 0.131ms
[4283.547s][info][gc,cpu         ] GC(1180) User=0.00s Sys=0.00s Real=0.00s
[4283.547s][info][gc,marking     ] GC(1180) Concurrent Clear Claimed Marks
[4283.547s][info][gc,marking     ] GC(1180) Concurrent Clear Claimed Marks 0.023ms
[4283.547s][info][gc,marking     ] GC(1180) Concurrent Cleanup for Next Mark
[4283.552s][info][gc,marking     ] GC(1180) Concurrent Cleanup for Next Mark 4.602ms
[4283.552s][info][gc             ] GC(1180) Concurrent Mark Cycle 1593.379ms
.[4284.262s][info][gc,start       ] GC(1181) Pause Young (Prepare Mixed) (G1 Evacuation Pause)
[4284.262s][info][gc,task        ] GC(1181) Using 6 workers of 6 for evacuation
[4284.379s][info][gc,phases      ] GC(1181)   Pre Evacuate Collection Set: 0.36ms
[4284.379s][info][gc,phases      ] GC(1181)   Merge Heap Roots: 0.54ms
[4284.379s][info][gc,phases      ] GC(1181)   Evacuate Collection Set: 115.27ms
[4284.379s][info][gc,phases      ] GC(1181)   Post Evacuate Collection Set: 0.94ms
[4284.379s][info][gc,phases      ] GC(1181)   Other: 0.09ms
[4284.379s][info][gc,heap        ] GC(1181) Eden regions: 1115->0(1111)
[4284.379s][info][gc,heap        ] GC(1181) Survivor regions: 113->109(154)
[4284.379s][info][gc,heap        ] GC(1181) Old regions: 504->536
[4284.379s][info][gc,heap        ] GC(1181) Humongous regions: 80->80
[4284.379s][info][gc,metaspace   ] GC(1181) Metaspace: 28947K(29376K)->28947K(29376K) NonClass: 24077K(24256K)->24077K(24256K) Class: 4869K(5120K)->4869K(5120K)
[4284.379s][info][gc             ] GC(1181) Pause Young (Prepare Mixed) (G1 Evacuation Pause) 3622M->1447M(4096M) 117.353ms
[4284.379s][info][gc,cpu         ] GC(1181) User=0.69s Sys=0.00s Real=0.12s
..[4286.713s][info][gc,start       ] GC(1182) Pause Young (Mixed) (G1 Evacuation Pause)
[4286.713s][info][gc,task        ] GC(1182) Using 6 workers of 6 for evacuation
[4286.848s][info][gc,phases      ] GC(1182)   Pre Evacuate Collection Set: 0.42ms
[4286.848s][info][gc,phases      ] GC(1182)   Merge Heap Roots: 0.74ms
[4286.848s][info][gc,phases      ] GC(1182)   Evacuate Collection Set: 132.63ms
[4286.848s][info][gc,phases      ] GC(1182)   Post Evacuate Collection Set: 0.99ms
[4286.848s][info][gc,phases      ] GC(1182)   Other: 0.10ms
[4286.848s][info][gc,heap        ] GC(1182) Eden regions: 1111->0(1118)
[4286.848s][info][gc,heap        ] GC(1182) Survivor regions: 109->110(153)
[4286.848s][info][gc,heap        ] GC(1182) Old regions: 536->473
[4286.848s][info][gc,heap        ] GC(1182) Humongous regions: 80->80
[4286.848s][info][gc,metaspace   ] GC(1182) Metaspace: 28947K(29376K)->28947K(29376K) NonClass: 24077K(24256K)->24077K(24256K) Class: 4869K(5120K)->4869K(5120K)
[4286.848s][info][gc             ] GC(1182) Pause Young (Mixed) (G1 Evacuation Pause) 3669M->1322M(4096M) 135.054ms
[4286.849s][info][gc,cpu         ] GC(1182) User=0.80s Sys=0.00s Real=0.14s
...[4289.144s][info][gc,start       ] GC(1183) Pause Young (Concurrent Start) (G1 Evacuation Pause)
[4289.144s][info][gc,task        ] GC(1183) Using 6 workers of 6 for evacuation
[4289.260s][info][gc,phases      ] GC(1183)   Pre Evacuate Collection Set: 0.41ms
[4289.260s][info][gc,phases      ] GC(1183)   Merge Heap Roots: 0.48ms
[4289.260s][info][gc,phases      ] GC(1183)   Evacuate Collection Set: 114.25ms
[4289.260s][info][gc,phases      ] GC(1183)   Post Evacuate Collection Set: 0.89ms
[4289.260s][info][gc,phases      ] GC(1183)   Other: 0.09ms
[4289.260s][info][gc,heap        ] GC(1183) Eden regions: 1118->0(1119)
[4289.260s][info][gc,heap        ] GC(1183) Survivor regions: 110->109(154)
[4289.260s][info][gc,heap        ] GC(1183) Old regions: 473->504
[4289.260s][info][gc,heap        ] GC(1183) Humongous regions: 80->80
[4289.260s][info][gc,metaspace   ] GC(1183) Metaspace: 28947K(29376K)->28947K(29376K) NonClass: 24077K(24256K)->24077K(24256K) Class: 4869K(5120K)->4869K(5120K)
[4289.260s][info][gc             ] GC(1183) Pause Young (Concurrent Start) (G1 Evacuation Pause) 3558M->1383M(4096M) 116.253ms
[4289.260s][info][gc             ] GC(1184) Concurrent Mark Cycle
[4289.260s][info][gc,marking     ] GC(1184) Concurrent Scan Root Regions
[4289.260s][info][gc,cpu         ] GC(1183) User=0.69s Sys=0.00s Real=0.12s
[4289.433s][info][gc,marking     ] GC(1184) Concurrent Scan Root Regions 172.967ms
[4289.433s][info][gc,marking     ] GC(1184) Concurrent Mark
[4289.433s][info][gc,marking     ] GC(1184) Concurrent Mark From Roots
[4289.433s][info][gc,task        ] GC(1184) Using 2 workers of 2 for marking
.[4290.414s][info][gc,marking     ] GC(1184) Concurrent Mark From Roots 980.359ms
[4290.414s][info][gc,marking     ] GC(1184) Concurrent Preclean
[4290.414s][info][gc,marking     ] GC(1184) Concurrent Preclean 0.140ms
[4290.414s][info][gc,start       ] GC(1184) Pause Remark
[4290.421s][info][gc             ] GC(1184) Pause Remark 2449M->2449M(4096M) 6.980ms
[4290.421s][info][gc,cpu         ] GC(1184) User=0.04s Sys=0.00s Real=0.01s
[4290.422s][info][gc,marking     ] GC(1184) Concurrent Mark 988.321ms
[4290.422s][info][gc,marking     ] GC(1184) Concurrent Rebuild Remembered Sets and Scrub Regions
[4290.789s][info][gc,marking     ] GC(1184) Concurrent Rebuild Remembered Sets and Scrub Regions 367.789ms
[4290.790s][info][gc,start       ] GC(1184) Pause Cleanup
[4290.790s][info][gc             ] GC(1184) Pause Cleanup 2860M->2860M(4096M) 0.117ms
[4290.790s][info][gc,cpu         ] GC(1184) User=0.00s Sys=0.00s Real=0.00s
[4290.790s][info][gc,marking     ] GC(1184) Concurrent Clear Claimed Marks
[4290.790s][info][gc,marking     ] GC(1184) Concurrent Clear Claimed Marks 0.024ms
[4290.790s][info][gc,marking     ] GC(1184) Concurrent Cleanup for Next Mark
[4290.795s][info][gc,marking     ] GC(1184) Concurrent Cleanup for Next Mark 5.256ms
[4290.795s][info][gc             ] GC(1184) Concurrent Mark Cycle 1534.909ms
.[4291.571s][info][gc,start       ] GC(1185) Pause Young (Prepare Mixed) (G1 Evacuation Pause)
[4291.571s][info][gc,task        ] GC(1185) Using 6 workers of 6 for evacuation
[4291.696s][info][gc,phases      ] GC(1185)   Pre Evacuate Collection Set: 0.32ms
[4291.696s][info][gc,phases      ] GC(1185)   Merge Heap Roots: 0.53ms
[4291.696s][info][gc,phases      ] GC(1185)   Evacuate Collection Set: 123.60ms
[4291.696s][info][gc,phases      ] GC(1185)   Post Evacuate Collection Set: 0.92ms
[4291.696s][info][gc,phases      ] GC(1185)   Other: 0.09ms
[4291.696s][info][gc,heap        ] GC(1185) Eden regions: 1119->0(1099)
[4291.696s][info][gc,heap        ] GC(1185) Survivor regions: 109->115(154)
[4291.696s][info][gc,heap        ] GC(1185) Old regions: 504->536
[4291.696s][info][gc,heap        ] GC(1185) Humongous regions: 80->80
[4291.696s][info][gc,metaspace   ] GC(1185) Metaspace: 28947K(29376K)->28947K(29376K) NonClass: 24077K(24256K)->24077K(24256K) Class: 4869K(5120K)->4869K(5120K)
[4291.696s][info][gc             ] GC(1185) Pause Young (Prepare Mixed) (G1 Evacuation Pause) 3621M->1460M(4096M) 125.585ms
[4291.696s][info][gc,cpu         ] GC(1185) User=0.74s Sys=0.00s Real=0.13s
..[4293.964s][info][gc,start       ] GC(1186) Pause Young (Mixed) (G1 Evacuation Pause)
[4293.964s][info][gc,task        ] GC(1186) Using 6 workers of 6 for evacuation
[4294.098s][info][gc,phases      ] GC(1186)   Pre Evacuate Collection Set: 0.38ms
[4294.098s][info][gc,phases      ] GC(1186)   Merge Heap Roots: 0.71ms
[4294.098s][info][gc,phases      ] GC(1186)   Evacuate Collection Set: 131.85ms
[4294.098s][info][gc,phases      ] GC(1186)   Post Evacuate Collection Set: 0.94ms
[4294.098s][info][gc,phases      ] GC(1186)   Other: 0.09ms
[4294.098s][info][gc,heap        ] GC(1186) Eden regions: 1099->0(1121)
[4294.098s][info][gc,heap        ] GC(1186) Survivor regions: 115->107(152)
[4294.098s][info][gc,heap        ] GC(1186) Old regions: 536->472
[4294.098s][info][gc,heap        ] GC(1186) Humongous regions: 80->80
[4294.098s][info][gc,metaspace   ] GC(1186) Metaspace: 28947K(29376K)->28947K(29376K) NonClass: 24077K(24256K)->24077K(24256K) Class: 4869K(5120K)->4869K(5120K)
[4294.098s][info][gc             ] GC(1186) Pause Young (Mixed) (G1 Evacuation Pause) 3658M->1316M(4096M) 134.107ms
[4294.098s][info][gc,cpu         ] GC(1186) User=0.80s Sys=0.00s Real=0.14s
...[4296.386s][info][gc,start       ] GC(1187) Pause Young (Concurrent Start) (G1 Evacuation Pause)
[4296.386s][info][gc,task        ] GC(1187) Using 6 workers of 6 for evacuation
[4296.505s][info][gc,phases      ] GC(1187)   Pre Evacuate Collection Set: 0.36ms
[4296.505s][info][gc,phases      ] GC(1187)   Merge Heap Roots: 0.45ms
[4296.505s][info][gc,phases      ] GC(1187)   Evacuate Collection Set: 116.68ms
[4296.505s][info][gc,phases      ] GC(1187)   Post Evacuate Collection Set: 0.87ms
[4296.505s][info][gc,phases      ] GC(1187)   Other: 0.10ms
[4296.505s][info][gc,heap        ] GC(1187) Eden regions: 1121->0(1117)
[4296.505s][info][gc,heap        ] GC(1187) Survivor regions: 107->111(154)
[4296.505s][info][gc,heap        ] GC(1187) Old regions: 472->504
[4296.505s][info][gc,heap        ] GC(1187) Humongous regions: 80->80
[4296.505s][info][gc,metaspace   ] GC(1187) Metaspace: 28947K(29376K)->28947K(29376K) NonClass: 24077K(24256K)->24077K(24256K) Class: 4869K(5120K)->4869K(5120K)
[4296.505s][info][gc             ] GC(1187) Pause Young (Concurrent Start) (G1 Evacuation Pause) 3558M->1388M(4096M) 118.602ms
[4296.505s][info][gc             ] GC(1188) Concurrent Mark Cycle
[4296.505s][info][gc,marking     ] GC(1188) Concurrent Scan Root Regions
[4296.505s][info][gc,cpu         ] GC(1187) User=0.70s Sys=0.00s Real=0.11s
[4296.712s][info][gc,marking     ] GC(1188) Concurrent Scan Root Regions 207.084ms
[4296.712s][info][gc,marking     ] GC(1188) Concurrent Mark
[4296.712s][info][gc,marking     ] GC(1188) Concurrent Mark From Roots
[4296.712s][info][gc,task        ] GC(1188) Using 2 workers of 2 for marking
.[4297.647s][info][gc,marking     ] GC(1188) Concurrent Mark From Roots 935.145ms
[4297.647s][info][gc,marking     ] GC(1188) Concurrent Preclean
[4297.648s][info][gc,marking     ] GC(1188) Concurrent Preclean 0.085ms
[4297.648s][info][gc,start       ] GC(1188) Pause Remark
[4297.654s][info][gc             ] GC(1188) Pause Remark 2488M->2488M(4096M) 6.158ms
[4297.654s][info][gc,cpu         ] GC(1188) User=0.04s Sys=0.00s Real=0.00s
[4297.654s][info][gc,marking     ] GC(1188) Concurrent Mark 941.655ms
[4297.654s][info][gc,marking     ] GC(1188) Concurrent Rebuild Remembered Sets and Scrub Regions
[4297.934s][info][gc,marking     ] GC(1188) Concurrent Rebuild Remembered Sets and Scrub Regions 280.448ms
[4297.934s][info][gc,start       ] GC(1188) Pause Cleanup
[4297.935s][info][gc             ] GC(1188) Pause Cleanup 2727M->2727M(4096M) 0.105ms
[4297.935s][info][gc,cpu         ] GC(1188) User=0.00s Sys=0.00s Real=0.00s
[4297.936s][info][gc,marking     ] GC(1188) Concurrent Clear Claimed Marks
[4297.936s][info][gc,marking     ] GC(1188) Concurrent Clear Claimed Marks 0.047ms
[4297.936s][info][gc,marking     ] GC(1188) Concurrent Cleanup for Next Mark
[4297.941s][info][gc,marking     ] GC(1188) Concurrent Cleanup for Next Mark 5.078ms
[4297.941s][info][gc             ] GC(1188) Concurrent Mark Cycle 1435.852ms
.[4298.851s][info][gc,start       ] GC(1189) Pause Young (Prepare Mixed) (G1 Evacuation Pause)
[4298.851s][info][gc,task        ] GC(1189) Using 6 workers of 6 for evacuation
[4298.968s][info][gc,phases      ] GC(1189)   Pre Evacuate Collection Set: 0.34ms
[4298.968s][info][gc,phases      ] GC(1189)   Merge Heap Roots: 0.56ms
[4298.968s][info][gc,phases      ] GC(1189)   Evacuate Collection Set: 115.17ms
[4298.968s][info][gc,phases      ] GC(1189)   Post Evacuate Collection Set: 0.95ms
[4298.968s][info][gc,phases      ] GC(1189)   Other: 0.09ms
[4298.968s][info][gc,heap        ] GC(1189) Eden regions: 1117->0(1113)
[4298.968s][info][gc,heap        ] GC(1189) Survivor regions: 111->108(154)
[4298.968s][info][gc,heap        ] GC(1189) Old regions: 504->536
[4298.968s][info][gc,heap        ] GC(1189) Humongous regions: 80->80
[4298.968s][info][gc,metaspace   ] GC(1189) Metaspace: 28947K(29376K)->28947K(29376K) NonClass: 24077K(24256K)->24077K(24256K) Class: 4869K(5120K)->4869K(5120K)
[4298.968s][info][gc             ] GC(1189) Pause Young (Prepare Mixed) (G1 Evacuation Pause) 3622M->1445M(4096M) 117.243ms
[4298.968s][info][gc,cpu         ] GC(1189) User=0.69s Sys=0.00s Real=0.12s
..[4301.254s][info][gc,start       ] GC(1190) Pause Young (Mixed) (G1 Evacuation Pause)
[4301.254s][info][gc,task        ] GC(1190) Using 6 workers of 6 for evacuation
[4301.396s][info][gc,phases      ] GC(1190)   Pre Evacuate Collection Set: 0.35ms
[4301.396s][info][gc,phases      ] GC(1190)   Merge Heap Roots: 0.77ms
[4301.396s][info][gc,phases      ] GC(1190)   Evacuate Collection Set: 139.87ms
[4301.396s][info][gc,phases      ] GC(1190)   Post Evacuate Collection Set: 0.94ms
[4301.396s][info][gc,phases      ] GC(1190)   Other: 0.09ms
[4301.396s][info][gc,heap        ] GC(1190) Eden regions: 1113->0(1114)
[4301.396s][info][gc,heap        ] GC(1190) Survivor regions: 108->114(153)
[4301.396s][info][gc,heap        ] GC(1190) Old regions: 536->475
[4301.396s][info][gc,heap        ] GC(1190) Humongous regions: 80->80
[4301.396s][info][gc,metaspace   ] GC(1190) Metaspace: 28947K(29376K)->28947K(29376K) NonClass: 24077K(24256K)->24077K(24256K) Class: 4869K(5120K)->4869K(5120K)
[4301.396s][info][gc             ] GC(1190) Pause Young (Mixed) (G1 Evacuation Pause) 3671M->1334M(4096M) 142.154ms
[4301.396s][info][gc,cpu         ] GC(1190) User=0.84s Sys=0.00s Real=0.15s
...[4303.815s][info][gc,start       ] GC(1191) Pause Young (Concurrent Start) (G1 Evacuation Pause)
[4303.815s][info][gc,task        ] GC(1191) Using 6 workers of 6 for evacuation
[4303.937s][info][gc,phases      ] GC(1191)   Pre Evacuate Collection Set: 0.40ms
[4303.937s][info][gc,phases      ] GC(1191)   Merge Heap Roots: 0.50ms
[4303.937s][info][gc,phases      ] GC(1191)   Evacuate Collection Set: 120.50ms
[4303.937s][info][gc,phases      ] GC(1191)   Post Evacuate Collection Set: 0.90ms
[4303.937s][info][gc,phases      ] GC(1191)   Other: 0.11ms
[4303.937s][info][gc,heap        ] GC(1191) Eden regions: 1114->0(1114)
[4303.937s][info][gc,heap        ] GC(1191) Survivor regions: 114->114(154)
[4303.937s][info][gc,heap        ] GC(1191) Old regions: 475->506
[4303.937s][info][gc,heap        ] GC(1191) Humongous regions: 80->80
[4303.937s][info][gc,metaspace   ] GC(1191) Metaspace: 28947K(29376K)->28947K(29376K) NonClass: 24077K(24256K)->24077K(24256K) Class: 4869K(5120K)->4869K(5120K)
[4303.937s][info][gc             ] GC(1191) Pause Young (Concurrent Start) (G1 Evacuation Pause) 3562M->1397M(4096M) 122.533ms
[4303.937s][info][gc             ] GC(1192) Concurrent Mark Cycle
[4303.937s][info][gc,marking     ] GC(1192) Concurrent Scan Root Regions
[4303.937s][info][gc,cpu         ] GC(1191) User=0.73s Sys=0.00s Real=0.13s
[4304.115s][info][gc,marking     ] GC(1192) Concurrent Scan Root Regions 177.466ms
[4304.115s][info][gc,marking     ] GC(1192) Concurrent Mark
[4304.115s][info][gc,marking     ] GC(1192) Concurrent Mark From Roots
[4304.115s][info][gc,task        ] GC(1192) Using 2 workers of 2 for marking
.[4305.100s][info][gc,marking     ] GC(1192) Concurrent Mark From Roots 985.445ms
[4305.101s][info][gc,marking     ] GC(1192) Concurrent Preclean
[4305.101s][info][gc,marking     ] GC(1192) Concurrent Preclean 0.113ms
[4305.102s][info][gc,start       ] GC(1192) Pause Remark
[4305.109s][info][gc             ] GC(1192) Pause Remark 2479M->2479M(4096M) 6.770ms
[4305.109s][info][gc,cpu         ] GC(1192) User=0.04s Sys=0.00s Real=0.01s
[4305.109s][info][gc,marking     ] GC(1192) Concurrent Mark 994.201ms
[4305.109s][info][gc,marking     ] GC(1192) Concurrent Rebuild Remembered Sets and Scrub Regions
[4305.376s][info][gc,marking     ] GC(1192) Concurrent Rebuild Remembered Sets and Scrub Regions 266.871ms
[4305.377s][info][gc,start       ] GC(1192) Pause Cleanup
[4305.377s][info][gc             ] GC(1192) Pause Cleanup 2731M->2731M(4096M) 0.111ms
[4305.377s][info][gc,cpu         ] GC(1192) User=0.00s Sys=0.00s Real=0.00s
[4305.377s][info][gc,marking     ] GC(1192) Concurrent Clear Claimed Marks
[4305.377s][info][gc,marking     ] GC(1192) Concurrent Clear Claimed Marks 0.032ms
[4305.377s][info][gc,marking     ] GC(1192) Concurrent Cleanup for Next Mark
[4305.385s][info][gc,marking     ] GC(1192) Concurrent Cleanup for Next Mark 7.544ms
[4305.385s][info][gc             ] GC(1192) Concurrent Mark Cycle 1447.103ms
.[4306.254s][info][gc,start       ] GC(1193) Pause Young (Prepare Mixed) (G1 Evacuation Pause)
[4306.255s][info][gc,task        ] GC(1193) Using 6 workers of 6 for evacuation
[4306.370s][info][gc,phases      ] GC(1193)   Pre Evacuate Collection Set: 0.37ms
[4306.370s][info][gc,phases      ] GC(1193)   Merge Heap Roots: 0.50ms
[4306.370s][info][gc,phases      ] GC(1193)   Evacuate Collection Set: 114.04ms
[4306.371s][info][gc,phases      ] GC(1193)   Post Evacuate Collection Set: 0.94ms
[4306.371s][info][gc,phases      ] GC(1193)   Other: 0.09ms
[4306.371s][info][gc,heap        ] GC(1193) Eden regions: 1114->0(1109)
[4306.371s][info][gc,heap        ] GC(1193) Survivor regions: 114->109(154)
[4306.371s][info][gc,heap        ] GC(1193) Old regions: 506->538
[4306.371s][info][gc,heap        ] GC(1193) Humongous regions: 80->80
[4306.371s][info][gc,metaspace   ] GC(1193) Metaspace: 28947K(29376K)->28947K(29376K) NonClass: 24077K(24256K)->24077K(24256K) Class: 4869K(5120K)->4869K(5120K)
[4306.371s][info][gc             ] GC(1193) Pause Young (Prepare Mixed) (G1 Evacuation Pause) 3625M->1452M(4096M) 116.063ms
[4306.371s][info][gc,cpu         ] GC(1193) User=0.68s Sys=0.00s Real=0.12s
...[4308.598s][info][gc,start       ] GC(1194) Pause Young (Mixed) (G1 Evacuation Pause)
[4308.598s][info][gc,task        ] GC(1194) Using 6 workers of 6 for evacuation
[4308.731s][info][gc,phases      ] GC(1194)   Pre Evacuate Collection Set: 0.39ms
[4308.731s][info][gc,phases      ] GC(1194)   Merge Heap Roots: 0.65ms
[4308.731s][info][gc,phases      ] GC(1194)   Evacuate Collection Set: 130.85ms
[4308.731s][info][gc,phases      ] GC(1194)   Post Evacuate Collection Set: 0.97ms
[4308.731s][info][gc,phases      ] GC(1194)   Other: 0.09ms
[4308.731s][info][gc,heap        ] GC(1194) Eden regions: 1109->0(1119)
[4308.731s][info][gc,heap        ] GC(1194) Survivor regions: 109->109(153)
[4308.731s][info][gc,heap        ] GC(1194) Old regions: 538->473
[4308.731s][info][gc,heap        ] GC(1194) Humongous regions: 80->80
[4308.731s][info][gc,metaspace   ] GC(1194) Metaspace: 28947K(29376K)->28947K(29376K) NonClass: 24077K(24256K)->24077K(24256K) Class: 4869K(5120K)->4869K(5120K)
[4308.731s][info][gc             ] GC(1194) Pause Young (Mixed) (G1 Evacuation Pause) 3670M->1321M(4096M) 133.076ms
[4308.731s][info][gc,cpu         ] GC(1194) User=0.79s Sys=0.00s Real=0.13s
..[4311.047s][info][gc,start       ] GC(1195) Pause Young (Concurrent Start) (G1 Evacuation Pause)
[4311.047s][info][gc,task        ] GC(1195) Using 6 workers of 6 for evacuation
[4311.163s][info][gc,phases      ] GC(1195)   Pre Evacuate Collection Set: 0.43ms
[4311.163s][info][gc,phases      ] GC(1195)   Merge Heap Roots: 0.62ms
[4311.163s][info][gc,phases      ] GC(1195)   Evacuate Collection Set: 114.07ms
[4311.163s][info][gc,phases      ] GC(1195)   Post Evacuate Collection Set: 0.94ms
[4311.163s][info][gc,phases      ] GC(1195)   Other: 0.14ms
[4311.163s][info][gc,heap        ] GC(1195) Eden regions: 1119->0(1120)
[4311.163s][info][gc,heap        ] GC(1195) Survivor regions: 109->108(154)
[4311.163s][info][gc,heap        ] GC(1195) Old regions: 473->504
[4311.163s][info][gc,heap        ] GC(1195) Humongous regions: 80->80
[4311.163s][info][gc,metaspace   ] GC(1195) Metaspace: 28947K(29376K)->28947K(29376K) NonClass: 24077K(24256K)->24077K(24256K) Class: 4869K(5120K)->4869K(5120K)
[4311.163s][info][gc             ] GC(1195) Pause Young (Concurrent Start) (G1 Evacuation Pause) 3559M->1382M(4096M) 116.327ms
[4311.163s][info][gc             ] GC(1196) Concurrent Mark Cycle
[4311.163s][info][gc,marking     ] GC(1196) Concurrent Scan Root Regions
[4311.163s][info][gc,cpu         ] GC(1195) User=0.69s Sys=0.00s Real=0.11s
[4311.337s][info][gc,marking     ] GC(1196) Concurrent Scan Root Regions 173.289ms
[4311.337s][info][gc,marking     ] GC(1196) Concurrent Mark
[4311.337s][info][gc,marking     ] GC(1196) Concurrent Mark From Roots
[4311.337s][info][gc,task        ] GC(1196) Using 2 workers of 2 for marking
.[4312.275s][info][gc,marking     ] GC(1196) Concurrent Mark From Roots 937.908ms
[4312.275s][info][gc,marking     ] GC(1196) Concurrent Preclean
[4312.275s][info][gc,marking     ] GC(1196) Concurrent Preclean 0.118ms
[4312.276s][info][gc,start       ] GC(1196) Pause Remark
[4312.281s][info][gc             ] GC(1196) Pause Remark 2416M->2416M(4096M) 5.002ms
[4312.281s][info][gc,cpu         ] GC(1196) User=0.03s Sys=0.01s Real=0.00s
[4312.282s][info][gc,marking     ] GC(1196) Concurrent Mark 945.525ms
[4312.282s][info][gc,marking     ] GC(1196) Concurrent Rebuild Remembered Sets and Scrub Regions
[4312.701s][info][gc,marking     ] GC(1196) Concurrent Rebuild Remembered Sets and Scrub Regions 418.544ms
[4312.709s][info][gc,start       ] GC(1196) Pause Cleanup
[4312.709s][info][gc             ] GC(1196) Pause Cleanup 2880M->2880M(4096M) 0.131ms
[4312.709s][info][gc,cpu         ] GC(1196) User=0.00s Sys=0.00s Real=0.00s
[4312.709s][info][gc,marking     ] GC(1196) Concurrent Clear Claimed Marks
[4312.709s][info][gc,marking     ] GC(1196) Concurrent Clear Claimed Marks 0.034ms
[4312.709s][info][gc,marking     ] GC(1196) Concurrent Cleanup for Next Mark
[4312.715s][info][gc,marking     ] GC(1196) Concurrent Cleanup for Next Mark 5.577ms
[4312.715s][info][gc             ] GC(1196) Concurrent Mark Cycle 1551.194ms
.[4313.488s][info][gc,start       ] GC(1197) Pause Young (Prepare Mixed) (G1 Evacuation Pause)
[4313.488s][info][gc,task        ] GC(1197) Using 6 workers of 6 for evacuation
[4313.607s][info][gc,phases      ] GC(1197)   Pre Evacuate Collection Set: 0.33ms
[4313.607s][info][gc,phases      ] GC(1197)   Merge Heap Roots: 0.54ms
[4313.607s][info][gc,phases      ] GC(1197)   Evacuate Collection Set: 117.55ms
[4313.607s][info][gc,phases      ] GC(1197)   Post Evacuate Collection Set: 0.95ms
[4313.607s][info][gc,phases      ] GC(1197)   Other: 0.08ms
[4313.607s][info][gc,heap        ] GC(1197) Eden regions: 1120->0(1107)
[4313.607s][info][gc,heap        ] GC(1197) Survivor regions: 108->111(154)
[4313.607s][info][gc,heap        ] GC(1197) Old regions: 504->536
[4313.607s][info][gc,heap        ] GC(1197) Humongous regions: 80->80
[4313.607s][info][gc,metaspace   ] GC(1197) Metaspace: 28947K(29376K)->28947K(29376K) NonClass: 24077K(24256K)->24077K(24256K) Class: 4869K(5120K)->4869K(5120K)
[4313.607s][info][gc             ] GC(1197) Pause Young (Prepare Mixed) (G1 Evacuation Pause) 3622M->1452M(4096M) 119.574ms
[4313.607s][info][gc,cpu         ] GC(1197) User=0.70s Sys=0.00s Real=0.12s
..[4315.825s][info][gc,start       ] GC(1198) Pause Young (Mixed) (G1 Evacuation Pause)
[4315.825s][info][gc,task        ] GC(1198) Using 6 workers of 6 for evacuation
[4315.965s][info][gc,phases      ] GC(1198)   Pre Evacuate Collection Set: 0.34ms
[4315.965s][info][gc,phases      ] GC(1198)   Merge Heap Roots: 0.80ms
[4315.965s][info][gc,phases      ] GC(1198)   Evacuate Collection Set: 137.81ms
[4315.965s][info][gc,phases      ] GC(1198)   Post Evacuate Collection Set: 0.98ms
[4315.965s][info][gc,phases      ] GC(1198)   Other: 0.09ms
[4315.965s][info][gc,heap        ] GC(1198) Eden regions: 1107->0(1115)
[4315.965s][info][gc,heap        ] GC(1198) Survivor regions: 111->113(153)
[4315.965s][info][gc,heap        ] GC(1198) Old regions: 536->473
[4315.965s][info][gc,heap        ] GC(1198) Humongous regions: 80->80
[4315.965s][info][gc,metaspace   ] GC(1198) Metaspace: 28947K(29376K)->28947K(29376K) NonClass: 24077K(24256K)->24077K(24256K) Class: 4869K(5120K)->4869K(5120K)
[4315.965s][info][gc             ] GC(1198) Pause Young (Mixed) (G1 Evacuation Pause) 3666M->1329M(4096M) 140.151ms
[4315.965s][info][gc,cpu         ] GC(1198) User=0.83s Sys=0.01s Real=0.14s
...[4318.307s][info][gc,start       ] GC(1199) Pause Young (Concurrent Start) (G1 Evacuation Pause)
[4318.307s][info][gc,task        ] GC(1199) Using 6 workers of 6 for evacuation
[4318.424s][info][gc,phases      ] GC(1199)   Pre Evacuate Collection Set: 0.39ms
[4318.424s][info][gc,phases      ] GC(1199)   Merge Heap Roots: 0.44ms
[4318.424s][info][gc,phases      ] GC(1199)   Evacuate Collection Set: 115.84ms
[4318.424s][info][gc,phases      ] GC(1199)   Post Evacuate Collection Set: 0.88ms
[4318.424s][info][gc,phases      ] GC(1199)   Other: 0.11ms
[4318.424s][info][gc,heap        ] GC(1199) Eden regions: 1115->0(1118)
[4318.424s][info][gc,heap        ] GC(1199) Survivor regions: 113->110(154)
[4318.424s][info][gc,heap        ] GC(1199) Old regions: 473->506
[4318.424s][info][gc,heap        ] GC(1199) Humongous regions: 80->80
[4318.424s][info][gc,metaspace   ] GC(1199) Metaspace: 28947K(29376K)->28947K(29376K) NonClass: 24077K(24256K)->24077K(24256K) Class: 4869K(5120K)->4869K(5120K)
[4318.424s][info][gc             ] GC(1199) Pause Young (Concurrent Start) (G1 Evacuation Pause) 3559M->1389M(4096M) 117.802ms
[4318.424s][info][gc             ] GC(1200) Concurrent Mark Cycle
[4318.424s][info][gc,marking     ] GC(1200) Concurrent Scan Root Regions
[4318.424s][info][gc,cpu         ] GC(1199) User=0.70s Sys=0.00s Real=0.11s
[4318.596s][info][gc,marking     ] GC(1200) Concurrent Scan Root Regions 171.478ms
[4318.596s][info][gc,marking     ] GC(1200) Concurrent Mark
[4318.596s][info][gc,marking     ] GC(1200) Concurrent Mark From Roots
[4318.596s][info][gc,task        ] GC(1200) Using 2 workers of 2 for marking
.[4319.552s][info][gc,marking     ] GC(1200) Concurrent Mark From Roots 955.924ms
[4319.552s][info][gc,marking     ] GC(1200) Concurrent Preclean
[4319.552s][info][gc,marking     ] GC(1200) Concurrent Preclean 0.110ms
[4319.552s][info][gc,start       ] GC(1200) Pause Remark
[4319.559s][info][gc             ] GC(1200) Pause Remark 2439M->2439M(4096M) 6.892ms
[4319.559s][info][gc,cpu         ] GC(1200) User=0.04s Sys=0.00s Real=0.01s
[4319.559s][info][gc,marking     ] GC(1200) Concurrent Mark 963.449ms
[4319.559s][info][gc,marking     ] GC(1200) Concurrent Rebuild Remembered Sets and Scrub Regions
[4319.965s][info][gc,marking     ] GC(1200) Concurrent Rebuild Remembered Sets and Scrub Regions 405.309ms
[4319.965s][info][gc,start       ] GC(1200) Pause Cleanup
[4319.965s][info][gc             ] GC(1200) Pause Cleanup 2827M->2827M(4096M) 0.107ms
[4319.965s][info][gc,cpu         ] GC(1200) User=0.01s Sys=0.00s Real=0.00s
[4319.965s][info][gc,marking     ] GC(1200) Concurrent Clear Claimed Marks
[4319.965s][info][gc,marking     ] GC(1200) Concurrent Clear Claimed Marks 0.023ms
[4319.965s][info][gc,marking     ] GC(1200) Concurrent Cleanup for Next Mark
[4319.970s][info][gc,marking     ] GC(1200) Concurrent Cleanup for Next Mark 5.242ms
[4319.970s][info][gc             ] GC(1200) Concurrent Mark Cycle 1546.017ms
.[4320.781s][info][gc,start       ] GC(1201) Pause Young (Prepare Mixed) (G1 Evacuation Pause)
[4320.781s][info][gc,task        ] GC(1201) Using 6 workers of 6 for evacuation
[4320.901s][info][gc,phases      ] GC(1201)   Pre Evacuate Collection Set: 0.31ms
[4320.901s][info][gc,phases      ] GC(1201)   Merge Heap Roots: 0.53ms
[4320.901s][info][gc,phases      ] GC(1201)   Evacuate Collection Set: 118.15ms
[4320.901s][info][gc,phases      ] GC(1201)   Post Evacuate Collection Set: 0.92ms
[4320.901s][info][gc,phases      ] GC(1201)   Other: 0.09ms
[4320.901s][info][gc,heap        ] GC(1201) Eden regions: 1118->0(1100)
[4320.901s][info][gc,heap        ] GC(1201) Survivor regions: 110->114(154)
[4320.901s][info][gc,heap        ] GC(1201) Old regions: 506->537
[4320.901s][info][gc,heap        ] GC(1201) Humongous regions: 80->80
[4320.901s][info][gc,metaspace   ] GC(1201) Metaspace: 28947K(29376K)->28947K(29376K) NonClass: 24077K(24256K)->24077K(24256K) Class: 4869K(5120K)->4869K(5120K)
[4320.901s][info][gc             ] GC(1201) Pause Young (Prepare Mixed) (G1 Evacuation Pause) 3625M->1459M(4096M) 120.112ms
[4320.901s][info][gc,cpu         ] GC(1201) User=0.71s Sys=0.00s Real=0.12s
...[4323.168s][info][gc,start       ] GC(1202) Pause Young (Mixed) (G1 Evacuation Pause)
[4323.168s][info][gc,task        ] GC(1202) Using 6 workers of 6 for evacuation
[4323.301s][info][gc,phases      ] GC(1202)   Pre Evacuate Collection Set: 0.40ms
[4323.301s][info][gc,phases      ] GC(1202)   Merge Heap Roots: 0.66ms
[4323.301s][info][gc,phases      ] GC(1202)   Evacuate Collection Set: 130.95ms
[4323.301s][info][gc,phases      ] GC(1202)   Post Evacuate Collection Set: 0.96ms
[4323.301s][info][gc,phases      ] GC(1202)   Other: 0.10ms
[4323.301s][info][gc,heap        ] GC(1202) Eden regions: 1100->0(1120)
[4323.301s][info][gc,heap        ] GC(1202) Survivor regions: 114->108(152)
[4323.301s][info][gc,heap        ] GC(1202) Old regions: 537->474
[4323.301s][info][gc,heap        ] GC(1202) Humongous regions: 80->80
[4323.301s][info][gc,metaspace   ] GC(1202) Metaspace: 28947K(29376K)->28947K(29376K) NonClass: 24077K(24256K)->24077K(24256K) Class: 4869K(5120K)->4869K(5120K)
[4323.301s][info][gc             ] GC(1202) Pause Young (Mixed) (G1 Evacuation Pause) 3659M->1322M(4096M) 133.213ms
[4323.301s][info][gc,cpu         ] GC(1202) User=0.78s Sys=0.00s Real=0.13s
. (rIR:aIR:PR = 7749:7713:7713) (tPR = 114363) [OK] 
  4323s: Performance info:
         Transaction,    Success,    Partial,     Failed,   Receipts, AvgBarcode, 
             Overall,     468801,          0,          0,     445251,      59.48, 
         Response times:
             Request,    Success,    Partial,     Failed,   SkipFail,     Probes,    Samples,      min,      p50,      p90,      p95,      p99,      max, 
       TotalPurchase,     445251,          0,          0,          0,     360118,     445943,      300,     6600,    69000,    97000,   183000,   365000,
     InStorePurchase,     234041,          0,          0,          0,     189589,     234538,      300,     6500,    68000,    96000,   183000,   365000,
      OnlinePurchase,     164270,          0,          0,          0,     132373,     163705,      300,     6600,    69000,    97000,   183000,   330000,
        InstPurchase,      46940,          0,          0,          0,      38156,      47700,      300,     6900,    71000,   100000,   181000,   344000,
          AssocOfCat,        475,          0,          0,          0,        375,        534,    24000,    45000,   128000,   174750,   223950,   446000,
      AssocOfProduct,       4716,          0,          0,          0,       4407,       5666,      500,     5200,    60000,    89000,   172000,   309000,
      BusinessReport,       1184,          0,          0,          0,       1013,       1379,    28000,    50000,   154000,   190000,   279000,   332000,
          CustBuyBeh,       4710,          0,          0,          0,       4365,       5636,      200,     7200,    76300,   106000,   188520,   443000,
       ProductReturn,      12465,          0,          0,          0,       9506,      12222,      600,     6900,    73000,    99000,   186770,   443000,

  4323s: (57%)   IR =   7887 .[4325.633s][info][gc,start       ] GC(1203) Pause Young (Concurrent Start) (G1 Evacuation Pause)
[4325.633s][info][gc,task        ] GC(1203) Using 6 workers of 6 for evacuation
[4325.754s][info][gc,phases      ] GC(1203)   Pre Evacuate Collection Set: 0.36ms
[4325.754s][info][gc,phases      ] GC(1203)   Merge Heap Roots: 0.49ms
[4325.754s][info][gc,phases      ] GC(1203)   Evacuate Collection Set: 119.44ms
[4325.754s][info][gc,phases      ] GC(1203)   Post Evacuate Collection Set: 0.88ms
[4325.754s][info][gc,phases      ] GC(1203)   Other: 0.12ms
[4325.754s][info][gc,heap        ] GC(1203) Eden regions: 1120->0(1115)
[4325.754s][info][gc,heap        ] GC(1203) Survivor regions: 108->113(154)
[4325.754s][info][gc,heap        ] GC(1203) Old regions: 474->505
[4325.754s][info][gc,heap        ] GC(1203) Humongous regions: 80->80
[4325.754s][info][gc,metaspace   ] GC(1203) Metaspace: 28947K(29376K)->28947K(29376K) NonClass: 24077K(24256K)->24077K(24256K) Class: 4869K(5120K)->4869K(5120K)
[4325.754s][info][gc             ] GC(1203) Pause Young (Concurrent Start) (G1 Evacuation Pause) 3562M->1393M(4096M) 121.422ms
[4325.754s][info][gc             ] GC(1204) Concurrent Mark Cycle
[4325.754s][info][gc,marking     ] GC(1204) Concurrent Scan Root Regions
[4325.754s][info][gc,cpu         ] GC(1203) User=0.71s Sys=0.00s Real=0.12s
[4325.934s][info][gc,marking     ] GC(1204) Concurrent Scan Root Regions 180.164ms
[4325.934s][info][gc,marking     ] GC(1204) Concurrent Mark
[4325.934s][info][gc,marking     ] GC(1204) Concurrent Mark From Roots
[4325.934s][info][gc,task        ] GC(1204) Using 2 workers of 2 for marking
.[4326.965s][info][gc,marking     ] GC(1204) Concurrent Mark From Roots 1031.139ms
[4326.966s][info][gc,marking     ] GC(1204) Concurrent Preclean
[4326.966s][info][gc,marking     ] GC(1204) Concurrent Preclean 0.139ms
[4326.966s][info][gc,start       ] GC(1204) Pause Remark
[4326.972s][info][gc             ] GC(1204) Pause Remark 2529M->2529M(4096M) 6.612ms
[4326.973s][info][gc,cpu         ] GC(1204) User=0.03s Sys=0.00s Real=0.00s
[4326.974s][info][gc,marking     ] GC(1204) Concurrent Mark 1039.426ms
[4326.974s][info][gc,marking     ] GC(1204) Concurrent Rebuild Remembered Sets and Scrub Regions
[4327.255s][info][gc,marking     ] GC(1204) Concurrent Rebuild Remembered Sets and Scrub Regions 281.280ms
[4327.256s][info][gc,start       ] GC(1204) Pause Cleanup
[4327.256s][info][gc             ] GC(1204) Pause Cleanup 2817M->2817M(4096M) 0.117ms
[4327.256s][info][gc,cpu         ] GC(1204) User=0.00s Sys=0.00s Real=0.00s
[4327.256s][info][gc,marking     ] GC(1204) Concurrent Clear Claimed Marks
[4327.256s][info][gc,marking     ] GC(1204) Concurrent Clear Claimed Marks 0.029ms
[4327.256s][info][gc,marking     ] GC(1204) Concurrent Cleanup for Next Mark
[4327.297s][info][gc,marking     ] GC(1204) Concurrent Cleanup for Next Mark 40.509ms
[4327.297s][info][gc             ] GC(1204) Concurrent Mark Cycle 1542.707ms
.[4328.014s][info][gc,start       ] GC(1205) Pause Young (Prepare Mixed) (G1 Evacuation Pause)
[4328.014s][info][gc,task        ] GC(1205) Using 6 workers of 6 for evacuation
[4328.129s][info][gc,phases      ] GC(1205)   Pre Evacuate Collection Set: 0.35ms
[4328.129s][info][gc,phases      ] GC(1205)   Merge Heap Roots: 0.53ms
[4328.129s][info][gc,phases      ] GC(1205)   Evacuate Collection Set: 112.85ms
[4328.129s][info][gc,phases      ] GC(1205)   Post Evacuate Collection Set: 0.92ms
[4328.129s][info][gc,phases      ] GC(1205)   Other: 0.09ms
[4328.129s][info][gc,heap        ] GC(1205) Eden regions: 1115->0(1114)
[4328.129s][info][gc,heap        ] GC(1205) Survivor regions: 113->107(154)
[4328.129s][info][gc,heap        ] GC(1205) Old regions: 505->537
[4328.129s][info][gc,heap        ] GC(1205) Humongous regions: 80->80
[4328.129s][info][gc,metaspace   ] GC(1205) Metaspace: 28947K(29376K)->28947K(29376K) NonClass: 24077K(24256K)->24077K(24256K) Class: 4869K(5120K)->4869K(5120K)
[4328.129s][info][gc             ] GC(1205) Pause Young (Prepare Mixed) (G1 Evacuation Pause) 3623M->1446M(4096M) 114.887ms
[4328.129s][info][gc,cpu         ] GC(1205) User=0.68s Sys=0.00s Real=0.12s
...|[4330.435s][info][gc,start       ] GC(1206) Pause Young (Mixed) (G1 Evacuation Pause)
[4330.435s][info][gc,task        ] GC(1206) Using 6 workers of 6 for evacuation
[4330.569s][info][gc,phases      ] GC(1206)   Pre Evacuate Collection Set: 0.37ms
[4330.569s][info][gc,phases      ] GC(1206)   Merge Heap Roots: 0.66ms
[4330.569s][info][gc,phases      ] GC(1206)   Evacuate Collection Set: 131.78ms
[4330.569s][info][gc,phases      ] GC(1206)   Post Evacuate Collection Set: 0.94ms
[4330.569s][info][gc,phases      ] GC(1206)   Other: 0.09ms
[4330.569s][info][gc,heap        ] GC(1206) Eden regions: 1114->0(1118)
[4330.569s][info][gc,heap        ] GC(1206) Survivor regions: 107->110(153)
[4330.569s][info][gc,heap        ] GC(1206) Old regions: 537->475
[4330.569s][info][gc,heap        ] GC(1206) Humongous regions: 80->80
[4330.569s][info][gc,metaspace   ] GC(1206) Metaspace: 28947K(29376K)->28947K(29376K) NonClass: 24077K(24256K)->24077K(24256K) Class: 4869K(5120K)->4869K(5120K)
[4330.569s][info][gc             ] GC(1206) Pause Young (Mixed) (G1 Evacuation Pause) 3674M->1326M(4096M) 133.963ms
[4330.569s][info][gc,cpu         ] GC(1206) User=0.79s Sys=0.00s Real=0.14s
..[4332.835s][info][gc,start       ] GC(1207) Pause Young (Concurrent Start) (G1 Evacuation Pause)
[4332.835s][info][gc,task        ] GC(1207) Using 6 workers of 6 for evacuation
[4332.949s][info][gc,phases      ] GC(1207)   Pre Evacuate Collection Set: 0.35ms
[4332.949s][info][gc,phases      ] GC(1207)   Merge Heap Roots: 0.49ms
[4332.949s][info][gc,phases      ] GC(1207)   Evacuate Collection Set: 112.40ms
[4332.949s][info][gc,phases      ] GC(1207)   Post Evacuate Collection Set: 0.89ms
[4332.949s][info][gc,phases      ] GC(1207)   Other: 0.12ms
[4332.949s][info][gc,heap        ] GC(1207) Eden regions: 1118->0(1121)
[4332.949s][info][gc,heap        ] GC(1207) Survivor regions: 110->107(154)
[4332.949s][info][gc,heap        ] GC(1207) Old regions: 475->506
[4332.949s][info][gc,heap        ] GC(1207) Humongous regions: 80->80
[4332.949s][info][gc,metaspace   ] GC(1207) Metaspace: 28947K(29376K)->28947K(29376K) NonClass: 24077K(24256K)->24077K(24256K) Class: 4869K(5120K)->4869K(5120K)
[4332.950s][info][gc             ] GC(1207) Pause Young (Concurrent Start) (G1 Evacuation Pause) 3562M->1382M(4096M) 114.389ms
[4332.950s][info][gc             ] GC(1208) Concurrent Mark Cycle
[4332.950s][info][gc,marking     ] GC(1208) Concurrent Scan Root Regions
[4332.950s][info][gc,cpu         ] GC(1207) User=0.68s Sys=0.00s Real=0.12s
[4333.119s][info][gc,marking     ] GC(1208) Concurrent Scan Root Regions 169.479ms
[4333.119s][info][gc,marking     ] GC(1208) Concurrent Mark
[4333.119s][info][gc,marking     ] GC(1208) Concurrent Mark From Roots
[4333.119s][info][gc,task        ] GC(1208) Using 2 workers of 2 for marking
.[4334.129s][info][gc,marking     ] GC(1208) Concurrent Mark From Roots 1009.844ms
[4334.129s][info][gc,marking     ] GC(1208) Concurrent Preclean
[4334.129s][info][gc,marking     ] GC(1208) Concurrent Preclean 0.113ms
[4334.131s][info][gc,start       ] GC(1208) Pause Remark
[4334.136s][info][gc             ] GC(1208) Pause Remark 2482M->2482M(4096M) 5.795ms
[4334.137s][info][gc,cpu         ] GC(1208) User=0.03s Sys=0.00s Real=0.01s
[4334.138s][info][gc,marking     ] GC(1208) Concurrent Mark 1018.683ms
[4334.138s][info][gc,marking     ] GC(1208) Concurrent Rebuild Remembered Sets and Scrub Regions
.[4334.501s][info][gc,marking     ] GC(1208) Concurrent Rebuild Remembered Sets and Scrub Regions 363.515ms
[4334.503s][info][gc,start       ] GC(1208) Pause Cleanup
[4334.503s][info][gc             ] GC(1208) Pause Cleanup 2858M->2858M(4096M) 0.138ms
[4334.503s][info][gc,cpu         ] GC(1208) User=0.00s Sys=0.00s Real=0.00s
[4334.503s][info][gc,marking     ] GC(1208) Concurrent Clear Claimed Marks
[4334.503s][info][gc,marking     ] GC(1208) Concurrent Clear Claimed Marks 0.025ms
[4334.503s][info][gc,marking     ] GC(1208) Concurrent Cleanup for Next Mark
[4334.509s][info][gc,marking     ] GC(1208) Concurrent Cleanup for Next Mark 5.266ms
[4334.509s][info][gc             ] GC(1208) Concurrent Mark Cycle 1559.187ms
[4335.323s][info][gc,start       ] GC(1209) Pause Young (Prepare Mixed) (G1 Evacuation Pause)
[4335.323s][info][gc,task        ] GC(1209) Using 6 workers of 6 for evacuation
[4335.441s][info][gc,phases      ] GC(1209)   Pre Evacuate Collection Set: 0.34ms
[4335.441s][info][gc,phases      ] GC(1209)   Merge Heap Roots: 0.52ms
[4335.441s][info][gc,phases      ] GC(1209)   Evacuate Collection Set: 116.78ms
[4335.441s][info][gc,phases      ] GC(1209)   Post Evacuate Collection Set: 0.95ms
[4335.441s][info][gc,phases      ] GC(1209)   Other: 0.08ms
[4335.441s][info][gc,heap        ] GC(1209) Eden regions: 1121->0(1105)
[4335.441s][info][gc,heap        ] GC(1209) Survivor regions: 107->111(154)
[4335.441s][info][gc,heap        ] GC(1209) Old regions: 506->538
[4335.441s][info][gc,heap        ] GC(1209) Humongous regions: 80->80
[4335.441s][info][gc,metaspace   ] GC(1209) Metaspace: 28947K(29376K)->28947K(29376K) NonClass: 24077K(24256K)->24077K(24256K) Class: 4869K(5120K)->4869K(5120K)
[4335.441s][info][gc             ] GC(1209) Pause Young (Prepare Mixed) (G1 Evacuation Pause) 3624M->1455M(4096M) 118.809ms
[4335.441s][info][gc,cpu         ] GC(1209) User=0.70s Sys=0.00s Real=0.12s
...[4337.658s][info][gc,start       ] GC(1210) Pause Young (Mixed) (G1 Evacuation Pause)
[4337.658s][info][gc,task        ] GC(1210) Using 6 workers of 6 for evacuation
[4337.794s][info][gc,phases      ] GC(1210)   Pre Evacuate Collection Set: 0.36ms
[4337.794s][info][gc,phases      ] GC(1210)   Merge Heap Roots: 0.66ms
[4337.794s][info][gc,phases      ] GC(1210)   Evacuate Collection Set: 133.68ms
[4337.794s][info][gc,phases      ] GC(1210)   Post Evacuate Collection Set: 0.93ms
[4337.794s][info][gc,phases      ] GC(1210)   Other: 0.09ms
[4337.794s][info][gc,heap        ] GC(1210) Eden regions: 1105->0(1115)
[4337.794s][info][gc,heap        ] GC(1210) Survivor regions: 111->113(152)
[4337.794s][info][gc,heap        ] GC(1210) Old regions: 538->473
[4337.794s][info][gc,heap        ] GC(1210) Humongous regions: 80->80
[4337.794s][info][gc,metaspace   ] GC(1210) Metaspace: 28947K(29376K)->28947K(29376K) NonClass: 24077K(24256K)->24077K(24256K) Class: 4869K(5120K)->4869K(5120K)
[4337.794s][info][gc             ] GC(1210) Pause Young (Mixed) (G1 Evacuation Pause) 3665M->1328M(4096M) 135.858ms
[4337.794s][info][gc,cpu         ] GC(1210) User=0.80s Sys=0.00s Real=0.13s
..[4340.031s][info][gc,start       ] GC(1211) Pause Young (Concurrent Start) (G1 Evacuation Pause)
[4340.031s][info][gc,task        ] GC(1211) Using 6 workers of 6 for evacuation
[4340.149s][info][gc,phases      ] GC(1211)   Pre Evacuate Collection Set: 0.39ms
[4340.149s][info][gc,phases      ] GC(1211)   Merge Heap Roots: 0.47ms
[4340.149s][info][gc,phases      ] GC(1211)   Evacuate Collection Set: 116.46ms
[4340.149s][info][gc,phases      ] GC(1211)   Post Evacuate Collection Set: 0.88ms
[4340.149s][info][gc,phases      ] GC(1211)   Other: 0.12ms
[4340.149s][info][gc,heap        ] GC(1211) Eden regions: 1115->0(1119)
[4340.149s][info][gc,heap        ] GC(1211) Survivor regions: 113->109(154)
[4340.149s][info][gc,heap        ] GC(1211) Old regions: 473->505
[4340.149s][info][gc,heap        ] GC(1211) Humongous regions: 80->80
[4340.149s][info][gc,metaspace   ] GC(1211) Metaspace: 28947K(29376K)->28947K(29376K) NonClass: 24077K(24256K)->24077K(24256K) Class: 4869K(5120K)->4869K(5120K)
[4340.149s][info][gc             ] GC(1211) Pause Young (Concurrent Start) (G1 Evacuation Pause) 3558M->1385M(4096M) 118.440ms
[4340.149s][info][gc             ] GC(1212) Concurrent Mark Cycle
[4340.149s][info][gc,marking     ] GC(1212) Concurrent Scan Root Regions
[4340.149s][info][gc,cpu         ] GC(1211) User=0.70s Sys=0.00s Real=0.12s
[4340.323s][info][gc,marking     ] GC(1212) Concurrent Scan Root Regions 174.220ms
[4340.323s][info][gc,marking     ] GC(1212) Concurrent Mark
[4340.323s][info][gc,marking     ] GC(1212) Concurrent Mark From Roots
[4340.323s][info][gc,task        ] GC(1212) Using 2 workers of 2 for marking
.[4341.287s][info][gc,marking     ] GC(1212) Concurrent Mark From Roots 963.575ms
[4341.287s][info][gc,marking     ] GC(1212) Concurrent Preclean
[4341.287s][info][gc,marking     ] GC(1212) Concurrent Preclean 0.117ms
[4341.288s][info][gc,start       ] GC(1212) Pause Remark
[4341.294s][info][gc             ] GC(1212) Pause Remark 2475M->2475M(4096M) 6.548ms
[4341.294s][info][gc,cpu         ] GC(1212) User=0.03s Sys=0.00s Real=0.00s
[4341.296s][info][gc,marking     ] GC(1212) Concurrent Mark 972.708ms
[4341.296s][info][gc,marking     ] GC(1212) Concurrent Rebuild Remembered Sets and Scrub Regions
.[4341.662s][info][gc,marking     ] GC(1212) Concurrent Rebuild Remembered Sets and Scrub Regions 366.120ms
[4341.663s][info][gc,start       ] GC(1212) Pause Cleanup
[4341.663s][info][gc             ] GC(1212) Pause Cleanup 2849M->2849M(4096M) 0.107ms
[4341.663s][info][gc,cpu         ] GC(1212) User=0.00s Sys=0.00s Real=0.00s
[4341.666s][info][gc,marking     ] GC(1212) Concurrent Clear Claimed Marks
[4341.666s][info][gc,marking     ] GC(1212) Concurrent Clear Claimed Marks 0.058ms
[4341.666s][info][gc,marking     ] GC(1212) Concurrent Cleanup for Next Mark
[4341.671s][info][gc,marking     ] GC(1212) Concurrent Cleanup for Next Mark 4.875ms
[4341.671s][info][gc             ] GC(1212) Concurrent Mark Cycle 1521.874ms
[4342.411s][info][gc,start       ] GC(1213) Pause Young (Prepare Mixed) (G1 Evacuation Pause)
[4342.411s][info][gc,task        ] GC(1213) Using 6 workers of 6 for evacuation
[4342.531s][info][gc,phases      ] GC(1213)   Pre Evacuate Collection Set: 0.34ms
[4342.531s][info][gc,phases      ] GC(1213)   Merge Heap Roots: 0.54ms
[4342.531s][info][gc,phases      ] GC(1213)   Evacuate Collection Set: 118.04ms
[4342.531s][info][gc,phases      ] GC(1213)   Post Evacuate Collection Set: 0.95ms
[4342.531s][info][gc,phases      ] GC(1213)   Other: 0.09ms
[4342.531s][info][gc,heap        ] GC(1213) Eden regions: 1119->0(1105)
[4342.531s][info][gc,heap        ] GC(1213) Survivor regions: 109->112(154)
[4342.531s][info][gc,heap        ] GC(1213) Old regions: 505->536
[4342.531s][info][gc,heap        ] GC(1213) Humongous regions: 80->80
[4342.531s][info][gc,metaspace   ] GC(1213) Metaspace: 28947K(29376K)->28947K(29376K) NonClass: 24077K(24256K)->24077K(24256K) Class: 4869K(5120K)->4869K(5120K)
[4342.531s][info][gc             ] GC(1213) Pause Young (Prepare Mixed) (G1 Evacuation Pause) 3623M->1454M(4096M) 120.087ms
[4342.531s][info][gc,cpu         ] GC(1213) User=0.71s Sys=0.00s Real=0.12s
...[4344.760s][info][gc,start       ] GC(1214) Pause Young (Mixed) (G1 Evacuation Pause)
[4344.760s][info][gc,task        ] GC(1214) Using 6 workers of 6 for evacuation
[4344.894s][info][gc,phases      ] GC(1214)   Pre Evacuate Collection Set: 0.38ms
[4344.894s][info][gc,phases      ] GC(1214)   Merge Heap Roots: 0.64ms
[4344.894s][info][gc,phases      ] GC(1214)   Evacuate Collection Set: 132.47ms
[4344.894s][info][gc,phases      ] GC(1214)   Post Evacuate Collection Set: 0.94ms
[4344.894s][info][gc,phases      ] GC(1214)   Other: 0.09ms
[4344.894s][info][gc,heap        ] GC(1214) Eden regions: 1105->0(1117)
[4344.894s][info][gc,heap        ] GC(1214) Survivor regions: 112->111(153)
[4344.894s][info][gc,heap        ] GC(1214) Old regions: 536->472
[4344.894s][info][gc,heap        ] GC(1214) Humongous regions: 80->80
[4344.894s][info][gc,metaspace   ] GC(1214) Metaspace: 28947K(29376K)->28947K(29376K) NonClass: 24077K(24256K)->24077K(24256K) Class: 4869K(5120K)->4869K(5120K)
[4344.894s][info][gc             ] GC(1214) Pause Young (Mixed) (G1 Evacuation Pause) 3664M->1323M(4096M) 134.647ms
[4344.894s][info][gc,cpu         ] GC(1214) User=0.80s Sys=0.00s Real=0.13s
..[4347.142s][info][gc,start       ] GC(1215) Pause Young (Concurrent Start) (G1 Evacuation Pause)
[4347.142s][info][gc,task        ] GC(1215) Using 6 workers of 6 for evacuation
[4347.258s][info][gc,phases      ] GC(1215)   Pre Evacuate Collection Set: 0.36ms
[4347.258s][info][gc,phases      ] GC(1215)   Merge Heap Roots: 0.47ms
[4347.258s][info][gc,phases      ] GC(1215)   Evacuate Collection Set: 114.63ms
[4347.258s][info][gc,phases      ] GC(1215)   Post Evacuate Collection Set: 0.89ms
[4347.258s][info][gc,phases      ] GC(1215)   Other: 0.11ms
[4347.258s][info][gc,heap        ] GC(1215) Eden regions: 1117->0(1118)
[4347.258s][info][gc,heap        ] GC(1215) Survivor regions: 111->110(154)
[4347.258s][info][gc,heap        ] GC(1215) Old regions: 472->505
[4347.258s][info][gc,heap        ] GC(1215) Humongous regions: 80->80
[4347.258s][info][gc,metaspace   ] GC(1215) Metaspace: 28947K(29376K)->28947K(29376K) NonClass: 24077K(24256K)->24077K(24256K) Class: 4869K(5120K)->4869K(5120K)
[4347.258s][info][gc             ] GC(1215) Pause Young (Concurrent Start) (G1 Evacuation Pause) 3557M->1386M(4096M) 116.579ms
[4347.258s][info][gc             ] GC(1216) Concurrent Mark Cycle
[4347.258s][info][gc,marking     ] GC(1216) Concurrent Scan Root Regions
[4347.258s][info][gc,cpu         ] GC(1215) User=0.69s Sys=0.00s Real=0.12s
[4347.455s][info][gc,marking     ] GC(1216) Concurrent Scan Root Regions 197.060ms
[4347.455s][info][gc,marking     ] GC(1216) Concurrent Mark
[4347.455s][info][gc,marking     ] GC(1216) Concurrent Mark From Roots
[4347.455s][info][gc,task        ] GC(1216) Using 2 workers of 2 for marking
.[4348.533s][info][gc,marking     ] GC(1216) Concurrent Mark From Roots 1077.117ms
[4348.533s][info][gc,marking     ] GC(1216) Concurrent Preclean
[4348.533s][info][gc,marking     ] GC(1216) Concurrent Preclean 0.150ms
[4348.535s][info][gc,start       ] GC(1216) Pause Remark
[4348.541s][info][gc             ] GC(1216) Pause Remark 2658M->2658M(4096M) 5.425ms
[4348.541s][info][gc,cpu         ] GC(1216) User=0.03s Sys=0.00s Real=0.01s
[4348.541s][info][gc,marking     ] GC(1216) Concurrent Mark 1085.565ms
[4348.541s][info][gc,marking     ] GC(1216) Concurrent Rebuild Remembered Sets and Scrub Regions
.[4348.953s][info][gc,marking     ] GC(1216) Concurrent Rebuild Remembered Sets and Scrub Regions 411.571ms
[4348.953s][info][gc,start       ] GC(1216) Pause Cleanup
[4348.953s][info][gc             ] GC(1216) Pause Cleanup 3051M->3051M(4096M) 0.112ms
[4348.953s][info][gc,cpu         ] GC(1216) User=0.00s Sys=0.00s Real=0.00s
[4348.953s][info][gc,marking     ] GC(1216) Concurrent Clear Claimed Marks
[4348.953s][info][gc,marking     ] GC(1216) Concurrent Clear Claimed Marks 0.025ms
[4348.953s][info][gc,marking     ] GC(1216) Concurrent Cleanup for Next Mark
[4348.958s][info][gc,marking     ] GC(1216) Concurrent Cleanup for Next Mark 5.148ms
[4348.958s][info][gc             ] GC(1216) Concurrent Mark Cycle 1699.911ms
[4349.526s][info][gc,start       ] GC(1217) Pause Young (Prepare Mixed) (G1 Evacuation Pause)
[4349.526s][info][gc,task        ] GC(1217) Using 6 workers of 6 for evacuation
[4349.645s][info][gc,phases      ] GC(1217)   Pre Evacuate Collection Set: 0.34ms
[4349.645s][info][gc,phases      ] GC(1217)   Merge Heap Roots: 0.52ms
[4349.645s][info][gc,phases      ] GC(1217)   Evacuate Collection Set: 117.24ms
[4349.645s][info][gc,phases      ] GC(1217)   Post Evacuate Collection Set: 0.94ms
[4349.645s][info][gc,phases      ] GC(1217)   Other: 0.09ms
[4349.645s][info][gc,heap        ] GC(1217) Eden regions: 1118->0(1105)
[4349.645s][info][gc,heap        ] GC(1217) Survivor regions: 110->112(154)
[4349.645s][info][gc,heap        ] GC(1217) Old regions: 505->536
[4349.645s][info][gc,heap        ] GC(1217) Humongous regions: 80->80
[4349.645s][info][gc,metaspace   ] GC(1217) Metaspace: 28947K(29376K)->28947K(29376K) NonClass: 24077K(24256K)->24077K(24256K) Class: 4869K(5120K)->4869K(5120K)
[4349.645s][info][gc             ] GC(1217) Pause Young (Prepare Mixed) (G1 Evacuation Pause) 3622M->1453M(4096M) 119.250ms
[4349.645s][info][gc,cpu         ] GC(1217) User=0.71s Sys=0.00s Real=0.11s
...[4351.915s][info][gc,start       ] GC(1218) Pause Young (Mixed) (G1 Evacuation Pause)
[4351.915s][info][gc,task        ] GC(1218) Using 6 workers of 6 for evacuation
[4352.048s][info][gc,phases      ] GC(1218)   Pre Evacuate Collection Set: 0.39ms
[4352.048s][info][gc,phases      ] GC(1218)   Merge Heap Roots: 0.66ms
[4352.048s][info][gc,phases      ] GC(1218)   Evacuate Collection Set: 131.26ms
[4352.048s][info][gc,phases      ] GC(1218)   Post Evacuate Collection Set: 0.93ms
[4352.048s][info][gc,phases      ] GC(1218)   Other: 0.09ms
[4352.048s][info][gc,heap        ] GC(1218) Eden regions: 1105->0(1121)
[4352.048s][info][gc,heap        ] GC(1218) Survivor regions: 112->107(153)
[4352.048s][info][gc,heap        ] GC(1218) Old regions: 536->474
[4352.048s][info][gc,heap        ] GC(1218) Humongous regions: 80->80
[4352.048s][info][gc,metaspace   ] GC(1218) Metaspace: 28947K(29376K)->28947K(29376K) NonClass: 24077K(24256K)->24077K(24256K) Class: 4869K(5120K)->4869K(5120K)
[4352.048s][info][gc             ] GC(1218) Pause Young (Mixed) (G1 Evacuation Pause) 3663M->1320M(4096M) 133.444ms
[4352.048s][info][gc,cpu         ] GC(1218) User=0.79s Sys=0.00s Real=0.14s
..[4354.318s][info][gc,start       ] GC(1219) Pause Young (Concurrent Start) (G1 Evacuation Pause)
[4354.318s][info][gc,task        ] GC(1219) Using 6 workers of 6 for evacuation
[4354.437s][info][gc,phases      ] GC(1219)   Pre Evacuate Collection Set: 0.39ms
[4354.437s][info][gc,phases      ] GC(1219)   Merge Heap Roots: 0.48ms
[4354.437s][info][gc,phases      ] GC(1219)   Evacuate Collection Set: 117.90ms
[4354.437s][info][gc,phases      ] GC(1219)   Post Evacuate Collection Set: 0.88ms
[4354.437s][info][gc,phases      ] GC(1219)   Other: 0.10ms
[4354.437s][info][gc,heap        ] GC(1219) Eden regions: 1121->0(1117)
[4354.437s][info][gc,heap        ] GC(1219) Survivor regions: 107->111(154)
[4354.437s][info][gc,heap        ] GC(1219) Old regions: 474->506
[4354.437s][info][gc,heap        ] GC(1219) Humongous regions: 80->80
[4354.437s][info][gc,metaspace   ] GC(1219) Metaspace: 28947K(29376K)->28947K(29376K) NonClass: 24077K(24256K)->24077K(24256K) Class: 4869K(5120K)->4869K(5120K)
[4354.438s][info][gc             ] GC(1219) Pause Young (Concurrent Start) (G1 Evacuation Pause) 3562M->1392M(4096M) 119.882ms
[4354.438s][info][gc             ] GC(1220) Concurrent Mark Cycle
[4354.438s][info][gc,marking     ] GC(1220) Concurrent Scan Root Regions
[4354.438s][info][gc,cpu         ] GC(1219) User=0.71s Sys=0.00s Real=0.12s
[4354.618s][info][gc,marking     ] GC(1220) Concurrent Scan Root Regions 180.490ms
[4354.618s][info][gc,marking     ] GC(1220) Concurrent Mark
[4354.618s][info][gc,marking     ] GC(1220) Concurrent Mark From Roots
[4354.618s][info][gc,task        ] GC(1220) Using 2 workers of 2 for marking
.[4355.600s][info][gc,marking     ] GC(1220) Concurrent Mark From Roots 981.767ms
[4355.600s][info][gc,marking     ] GC(1220) Concurrent Preclean
[4355.600s][info][gc,marking     ] GC(1220) Concurrent Preclean 0.118ms
[4355.601s][info][gc,start       ] GC(1220) Pause Remark
[4355.607s][info][gc             ] GC(1220) Pause Remark 2508M->2508M(4096M) 5.553ms
[4355.607s][info][gc,cpu         ] GC(1220) User=0.03s Sys=0.00s Real=0.01s
[4355.608s][info][gc,marking     ] GC(1220) Concurrent Mark 989.554ms
[4355.608s][info][gc,marking     ] GC(1220) Concurrent Rebuild Remembered Sets and Scrub Regions
.[4355.941s][info][gc,marking     ] GC(1220) Concurrent Rebuild Remembered Sets and Scrub Regions 333.721ms
[4355.942s][info][gc,start       ] GC(1220) Pause Cleanup
[4355.942s][info][gc             ] GC(1220) Pause Cleanup 2814M->2814M(4096M) 0.119ms
[4355.942s][info][gc,cpu         ] GC(1220) User=0.00s Sys=0.00s Real=0.00s
[4355.943s][info][gc,marking     ] GC(1220) Concurrent Clear Claimed Marks
[4355.943s][info][gc,marking     ] GC(1220) Concurrent Clear Claimed Marks 0.031ms
[4355.943s][info][gc,marking     ] GC(1220) Concurrent Cleanup for Next Mark
[4355.947s][info][gc,marking     ] GC(1220) Concurrent Cleanup for Next Mark 4.568ms
[4355.947s][info][gc             ] GC(1220) Concurrent Mark Cycle 1509.713ms
[4356.736s][info][gc,start       ] GC(1221) Pause Young (Prepare Mixed) (G1 Evacuation Pause)
[4356.736s][info][gc,task        ] GC(1221) Using 6 workers of 6 for evacuation
[4356.858s][info][gc,phases      ] GC(1221)   Pre Evacuate Collection Set: 0.32ms
[4356.858s][info][gc,phases      ] GC(1221)   Merge Heap Roots: 0.51ms
[4356.858s][info][gc,phases      ] GC(1221)   Evacuate Collection Set: 120.40ms
[4356.858s][info][gc,phases      ] GC(1221)   Post Evacuate Collection Set: 0.90ms
[4356.858s][info][gc,phases      ] GC(1221)   Other: 0.09ms
[4356.858s][info][gc,heap        ] GC(1221) Eden regions: 1117->0(1099)
[4356.858s][info][gc,heap        ] GC(1221) Survivor regions: 111->114(154)
[4356.858s][info][gc,heap        ] GC(1221) Old regions: 506->538
[4356.858s][info][gc,heap        ] GC(1221) Humongous regions: 80->80
[4356.858s][info][gc,metaspace   ] GC(1221) Metaspace: 28947K(29376K)->28947K(29376K) NonClass: 24077K(24256K)->24077K(24256K) Class: 4869K(5120K)->4869K(5120K)
[4356.858s][info][gc             ] GC(1221) Pause Young (Prepare Mixed) (G1 Evacuation Pause) 3626M->1461M(4096M) 122.365ms
[4356.858s][info][gc,cpu         ] GC(1221) User=0.72s Sys=0.00s Real=0.12s
...[4359.031s][info][gc,start       ] GC(1222) Pause Young (Mixed) (G1 Evacuation Pause)
[4359.031s][info][gc,task        ] GC(1222) Using 6 workers of 6 for evacuation
[4359.165s][info][gc,phases      ] GC(1222)   Pre Evacuate Collection Set: 0.38ms
[4359.165s][info][gc,phases      ] GC(1222)   Merge Heap Roots: 0.64ms
[4359.165s][info][gc,phases      ] GC(1222)   Evacuate Collection Set: 131.30ms
[4359.165s][info][gc,phases      ] GC(1222)   Post Evacuate Collection Set: 0.94ms
[4359.165s][info][gc,phases      ] GC(1222)   Other: 0.09ms
[4359.165s][info][gc,heap        ] GC(1222) Eden regions: 1099->0(1119)
[4359.165s][info][gc,heap        ] GC(1222) Survivor regions: 114->109(152)
[4359.165s][info][gc,heap        ] GC(1222) Old regions: 538->473
[4359.165s][info][gc,heap        ] GC(1222) Humongous regions: 80->80
[4359.165s][info][gc,metaspace   ] GC(1222) Metaspace: 28947K(29376K)->28947K(29376K) NonClass: 24077K(24256K)->24077K(24256K) Class: 4869K(5120K)->4869K(5120K)
[4359.165s][info][gc             ] GC(1222) Pause Young (Mixed) (G1 Evacuation Pause) 3659M->1321M(4096M) 133.492ms
[4359.165s][info][gc,cpu         ] GC(1222) User=0.79s Sys=0.00s Real=0.13s
..[4361.467s][info][gc,start       ] GC(1223) Pause Young (Concurrent Start) (G1 Evacuation Pause)
[4361.467s][info][gc,task        ] GC(1223) Using 6 workers of 6 for evacuation
[4361.585s][info][gc,phases      ] GC(1223)   Pre Evacuate Collection Set: 0.36ms
[4361.585s][info][gc,phases      ] GC(1223)   Merge Heap Roots: 0.48ms
[4361.585s][info][gc,phases      ] GC(1223)   Evacuate Collection Set: 116.17ms
[4361.585s][info][gc,phases      ] GC(1223)   Post Evacuate Collection Set: 0.88ms
[4361.585s][info][gc,phases      ] GC(1223)   Other: 0.11ms
[4361.585s][info][gc,heap        ] GC(1223) Eden regions: 1119->0(1117)
[4361.585s][info][gc,heap        ] GC(1223) Survivor regions: 109->111(154)
[4361.585s][info][gc,heap        ] GC(1223) Old regions: 473->505
[4361.585s][info][gc,heap        ] GC(1223) Humongous regions: 80->80
[4361.585s][info][gc,metaspace   ] GC(1223) Metaspace: 28947K(29376K)->28947K(29376K) NonClass: 24077K(24256K)->24077K(24256K) Class: 4869K(5120K)->4869K(5120K)
[4361.585s][info][gc             ] GC(1223) Pause Young (Concurrent Start) (G1 Evacuation Pause) 3559M->1389M(4096M) 118.166ms
[4361.585s][info][gc             ] GC(1224) Concurrent Mark Cycle
[4361.585s][info][gc,marking     ] GC(1224) Concurrent Scan Root Regions
[4361.585s][info][gc,cpu         ] GC(1223) User=0.69s Sys=0.01s Real=0.11s
[4361.726s][info][gc,marking     ] GC(1224) Concurrent Scan Root Regions 140.794ms
[4361.726s][info][gc,marking     ] GC(1224) Concurrent Mark
[4361.726s][info][gc,marking     ] GC(1224) Concurrent Mark From Roots
[4361.726s][info][gc,task        ] GC(1224) Using 2 workers of 2 for marking
.[4362.446s][info][gc,marking     ] GC(1224) Concurrent Mark From Roots 720.227ms
[4362.446s][info][gc,marking     ] GC(1224) Concurrent Preclean
[4362.446s][info][gc,marking     ] GC(1224) Concurrent Preclean 0.094ms
[4362.446s][info][gc,start       ] GC(1224) Pause Remark
[4362.452s][info][gc             ] GC(1224) Pause Remark 2131M->2131M(4096M) 5.316ms
[4362.452s][info][gc,cpu         ] GC(1224) User=0.03s Sys=0.00s Real=0.00s
[4362.452s][info][gc,marking     ] GC(1224) Concurrent Mark 726.129ms
[4362.452s][info][gc,marking     ] GC(1224) Concurrent Rebuild Remembered Sets and Scrub Regions
[4362.759s][info][gc,marking     ] GC(1224) Concurrent Rebuild Remembered Sets and Scrub Regions 307.137ms
[4362.759s][info][gc,start       ] GC(1224) Pause Cleanup
[4362.759s][info][gc             ] GC(1224) Pause Cleanup 2482M->2482M(4096M) 0.110ms
[4362.759s][info][gc,cpu         ] GC(1224) User=0.00s Sys=0.00s Real=0.00s
[4362.762s][info][gc,marking     ] GC(1224) Concurrent Clear Claimed Marks
[4362.762s][info][gc,marking     ] GC(1224) Concurrent Clear Claimed Marks 0.055ms
[4362.762s][info][gc,marking     ] GC(1224) Concurrent Cleanup for Next Mark
[4362.773s][info][gc,marking     ] GC(1224) Concurrent Cleanup for Next Mark 10.946ms
[4362.773s][info][gc             ] GC(1224) Concurrent Mark Cycle 1187.967ms
.[4363.849s][info][gc,start       ] GC(1225) Pause Young (Prepare Mixed) (G1 Evacuation Pause)
[4363.849s][info][gc,task        ] GC(1225) Using 6 workers of 6 for evacuation
[4363.968s][info][gc,phases      ] GC(1225)   Pre Evacuate Collection Set: 0.34ms
[4363.968s][info][gc,phases      ] GC(1225)   Merge Heap Roots: 0.51ms
[4363.968s][info][gc,phases      ] GC(1225)   Evacuate Collection Set: 116.25ms
[4363.968s][info][gc,phases      ] GC(1225)   Post Evacuate Collection Set: 0.92ms
[4363.968s][info][gc,phases      ] GC(1225)   Other: 0.09ms
[4363.968s][info][gc,heap        ] GC(1225) Eden regions: 1117->0(1108)
[4363.968s][info][gc,heap        ] GC(1225) Survivor regions: 111->110(154)
[4363.968s][info][gc,heap        ] GC(1225) Old regions: 505->537
[4363.968s][info][gc,heap        ] GC(1225) Humongous regions: 80->80
[4363.968s][info][gc,metaspace   ] GC(1225) Metaspace: 28947K(29376K)->28947K(29376K) NonClass: 24077K(24256K)->24077K(24256K) Class: 4869K(5120K)->4869K(5120K)
[4363.968s][info][gc             ] GC(1225) Pause Young (Prepare Mixed) (G1 Evacuation Pause) 3623M->1451M(4096M) 118.242ms
[4363.968s][info][gc,cpu         ] GC(1225) User=0.70s Sys=0.00s Real=0.12s
...[4366.214s][info][gc,start       ] GC(1226) Pause Young (Mixed) (G1 Evacuation Pause)
[4366.214s][info][gc,task        ] GC(1226) Using 6 workers of 6 for evacuation
[4366.350s][info][gc,phases      ] GC(1226)   Pre Evacuate Collection Set: 0.43ms
[4366.350s][info][gc,phases      ] GC(1226)   Merge Heap Roots: 0.78ms
[4366.350s][info][gc,phases      ] GC(1226)   Evacuate Collection Set: 133.99ms
[4366.350s][info][gc,phases      ] GC(1226)   Post Evacuate Collection Set: 0.99ms
[4366.350s][info][gc,phases      ] GC(1226)   Other: 0.10ms
[4366.350s][info][gc,heap        ] GC(1226) Eden regions: 1108->0(1118)
[4366.350s][info][gc,heap        ] GC(1226) Survivor regions: 110->110(153)
[4366.350s][info][gc,heap        ] GC(1226) Old regions: 537->473
[4366.350s][info][gc,heap        ] GC(1226) Humongous regions: 80->80
[4366.350s][info][gc,metaspace   ] GC(1226) Metaspace: 28947K(29376K)->28947K(29376K) NonClass: 24077K(24256K)->24077K(24256K) Class: 4869K(5120K)->4869K(5120K)
[4366.350s][info][gc             ] GC(1226) Pause Young (Mixed) (G1 Evacuation Pause) 3667M->1322M(4096M) 136.436ms
[4366.350s][info][gc,cpu         ] GC(1226) User=0.81s Sys=0.00s Real=0.14s
..[4368.585s][info][gc,start       ] GC(1227) Pause Young (Concurrent Start) (G1 Evacuation Pause)
[4368.585s][info][gc,task        ] GC(1227) Using 6 workers of 6 for evacuation
[4368.704s][info][gc,phases      ] GC(1227)   Pre Evacuate Collection Set: 0.38ms
[4368.704s][info][gc,phases      ] GC(1227)   Merge Heap Roots: 0.43ms
[4368.704s][info][gc,phases      ] GC(1227)   Evacuate Collection Set: 117.56ms
[4368.704s][info][gc,phases      ] GC(1227)   Post Evacuate Collection Set: 0.90ms
[4368.704s][info][gc,phases      ] GC(1227)   Other: 0.11ms
[4368.704s][info][gc,heap        ] GC(1227) Eden regions: 1118->0(1115)
[4368.704s][info][gc,heap        ] GC(1227) Survivor regions: 110->113(154)
[4368.704s][info][gc,heap        ] GC(1227) Old regions: 473->505
[4368.704s][info][gc,heap        ] GC(1227) Humongous regions: 80->80
[4368.704s][info][gc,metaspace   ] GC(1227) Metaspace: 28947K(29376K)->28947K(29376K) NonClass: 24077K(24256K)->24077K(24256K) Class: 4869K(5120K)->4869K(5120K)
[4368.704s][info][gc             ] GC(1227) Pause Young (Concurrent Start) (G1 Evacuation Pause) 3558M->1392M(4096M) 119.500ms
[4368.704s][info][gc             ] GC(1228) Concurrent Mark Cycle
[4368.704s][info][gc,marking     ] GC(1228) Concurrent Scan Root Regions
[4368.704s][info][gc,cpu         ] GC(1227) User=0.71s Sys=0.00s Real=0.12s
[4368.887s][info][gc,marking     ] GC(1228) Concurrent Scan Root Regions 182.481ms
[4368.887s][info][gc,marking     ] GC(1228) Concurrent Mark
[4368.887s][info][gc,marking     ] GC(1228) Concurrent Mark From Roots
[4368.887s][info][gc,task        ] GC(1228) Using 2 workers of 2 for marking
.[4369.830s][info][gc,marking     ] GC(1228) Concurrent Mark From Roots 942.966ms
[4369.830s][info][gc,marking     ] GC(1228) Concurrent Preclean
[4369.830s][info][gc,marking     ] GC(1228) Concurrent Preclean 0.124ms
[4369.830s][info][gc,start       ] GC(1228) Pause Remark
[4369.837s][info][gc             ] GC(1228) Pause Remark 2483M->2483M(4096M) 6.951ms
[4369.837s][info][gc,cpu         ] GC(1228) User=0.04s Sys=0.00s Real=0.01s
[4369.837s][info][gc,marking     ] GC(1228) Concurrent Mark 950.290ms
[4369.837s][info][gc,marking     ] GC(1228) Concurrent Rebuild Remembered Sets and Scrub Regions
[4370.133s][info][gc,marking     ] GC(1228) Concurrent Rebuild Remembered Sets and Scrub Regions 296.419ms
[4370.134s][info][gc,start       ] GC(1228) Pause Cleanup
[4370.134s][info][gc             ] GC(1228) Pause Cleanup 2746M->2746M(4096M) 0.119ms
[4370.134s][info][gc,cpu         ] GC(1228) User=0.00s Sys=0.00s Real=0.00s
[4370.135s][info][gc,marking     ] GC(1228) Concurrent Clear Claimed Marks
[4370.135s][info][gc,marking     ] GC(1228) Concurrent Clear Claimed Marks 0.057ms
[4370.135s][info][gc,marking     ] GC(1228) Concurrent Cleanup for Next Mark
[4370.140s][info][gc,marking     ] GC(1228) Concurrent Cleanup for Next Mark 5.070ms
[4370.140s][info][gc             ] GC(1228) Concurrent Mark Cycle 1436.135ms
.[4371.041s][info][gc,start       ] GC(1229) Pause Young (Prepare Mixed) (G1 Evacuation Pause)
[4371.041s][info][gc,task        ] GC(1229) Using 6 workers of 6 for evacuation
[4371.158s][info][gc,phases      ] GC(1229)   Pre Evacuate Collection Set: 0.36ms
[4371.158s][info][gc,phases      ] GC(1229)   Merge Heap Roots: 0.52ms
[4371.158s][info][gc,phases      ] GC(1229)   Evacuate Collection Set: 115.06ms
[4371.158s][info][gc,phases      ] GC(1229)   Post Evacuate Collection Set: 0.97ms
[4371.158s][info][gc,phases      ] GC(1229)   Other: 0.09ms
[4371.158s][info][gc,heap        ] GC(1229) Eden regions: 1115->0(1112)
[4371.158s][info][gc,heap        ] GC(1229) Survivor regions: 113->108(154)
[4371.158s][info][gc,heap        ] GC(1229) Old regions: 505->537
[4371.158s][info][gc,heap        ] GC(1229) Humongous regions: 80->80
[4371.158s][info][gc,metaspace   ] GC(1229) Metaspace: 28947K(29376K)->28947K(29376K) NonClass: 24077K(24256K)->24077K(24256K) Class: 4869K(5120K)->4869K(5120K)
[4371.158s][info][gc             ] GC(1229) Pause Young (Prepare Mixed) (G1 Evacuation Pause) 3622M->1447M(4096M) 117.122ms
[4371.158s][info][gc,cpu         ] GC(1229) User=0.69s Sys=0.00s Real=0.12s
...[4373.328s][info][gc,start       ] GC(1230) Pause Young (Mixed) (G1 Evacuation Pause)
[4373.328s][info][gc,task        ] GC(1230) Using 6 workers of 6 for evacuation
[4373.468s][info][gc,phases      ] GC(1230)   Pre Evacuate Collection Set: 0.36ms
[4373.468s][info][gc,phases      ] GC(1230)   Merge Heap Roots: 0.66ms
[4373.468s][info][gc,phases      ] GC(1230)   Evacuate Collection Set: 137.62ms
[4373.468s][info][gc,phases      ] GC(1230)   Post Evacuate Collection Set: 0.96ms
[4373.468s][info][gc,phases      ] GC(1230)   Other: 0.09ms
[4373.468s][info][gc,heap        ] GC(1230) Eden regions: 1112->0(1114)
[4373.468s][info][gc,heap        ] GC(1230) Survivor regions: 108->114(153)
[4373.468s][info][gc,heap        ] GC(1230) Old regions: 537->474
[4373.468s][info][gc,heap        ] GC(1230) Humongous regions: 80->80
[4373.468s][info][gc,metaspace   ] GC(1230) Metaspace: 28947K(29376K)->28947K(29376K) NonClass: 24077K(24256K)->24077K(24256K) Class: 4869K(5120K)->4869K(5120K)
[4373.468s][info][gc             ] GC(1230) Pause Young (Mixed) (G1 Evacuation Pause) 3671M->1332M(4096M) 139.826ms
[4373.468s][info][gc,cpu         ] GC(1230) User=0.82s Sys=0.01s Real=0.14s
..[4375.798s][info][gc,start       ] GC(1231) Pause Young (Concurrent Start) (G1 Evacuation Pause)
[4375.798s][info][gc,task        ] GC(1231) Using 6 workers of 6 for evacuation
[4375.917s][info][gc,phases      ] GC(1231)   Pre Evacuate Collection Set: 0.40ms
[4375.917s][info][gc,phases      ] GC(1231)   Merge Heap Roots: 0.48ms
[4375.917s][info][gc,phases      ] GC(1231)   Evacuate Collection Set: 117.23ms
[4375.917s][info][gc,phases      ] GC(1231)   Post Evacuate Collection Set: 0.87ms
[4375.917s][info][gc,phases      ] GC(1231)   Other: 0.09ms
[4375.917s][info][gc,heap        ] GC(1231) Eden regions: 1114->0(1116)
[4375.917s][info][gc,heap        ] GC(1231) Survivor regions: 114->112(154)
[4375.917s][info][gc,heap        ] GC(1231) Old regions: 474->506
[4375.917s][info][gc,heap        ] GC(1231) Humongous regions: 80->80
[4375.917s][info][gc,metaspace   ] GC(1231) Metaspace: 28947K(29376K)->28947K(29376K) NonClass: 24077K(24256K)->24077K(24256K) Class: 4869K(5120K)->4869K(5120K)
[4375.917s][info][gc             ] GC(1231) Pause Young (Concurrent Start) (G1 Evacuation Pause) 3560M->1392M(4096M) 119.217ms
[4375.917s][info][gc             ] GC(1232) Concurrent Mark Cycle
[4375.917s][info][gc,marking     ] GC(1232) Concurrent Scan Root Regions
[4375.917s][info][gc,cpu         ] GC(1231) User=0.70s Sys=0.00s Real=0.12s
[4376.040s][info][gc,marking     ] GC(1232) Concurrent Scan Root Regions 123.390ms
[4376.040s][info][gc,marking     ] GC(1232) Concurrent Mark
[4376.040s][info][gc,marking     ] GC(1232) Concurrent Mark From Roots
[4376.040s][info][gc,task        ] GC(1232) Using 2 workers of 2 for marking
.[4376.664s][info][gc,marking     ] GC(1232) Concurrent Mark From Roots 623.340ms
[4376.664s][info][gc,marking     ] GC(1232) Concurrent Preclean
[4376.664s][info][gc,marking     ] GC(1232) Concurrent Preclean 0.119ms
[4376.666s][info][gc,start       ] GC(1232) Pause Remark
[4376.670s][info][gc             ] GC(1232) Pause Remark 2037M->2037M(4096M) 4.809ms
[4376.671s][info][gc,cpu         ] GC(1232) User=0.03s Sys=0.00s Real=0.01s
[4376.673s][info][gc,marking     ] GC(1232) Concurrent Mark 632.358ms
[4376.673s][info][gc,marking     ] GC(1232) Concurrent Rebuild Remembered Sets and Scrub Regions
[4376.934s][info][gc,marking     ] GC(1232) Concurrent Rebuild Remembered Sets and Scrub Regions 261.041ms
[4376.934s][info][gc,start       ] GC(1232) Pause Cleanup
[4376.934s][info][gc             ] GC(1232) Pause Cleanup 2230M->2230M(4096M) 0.115ms
[4376.935s][info][gc,cpu         ] GC(1232) User=0.00s Sys=0.00s Real=0.00s
[4376.935s][info][gc,marking     ] GC(1232) Concurrent Clear Claimed Marks
[4376.935s][info][gc,marking     ] GC(1232) Concurrent Clear Claimed Marks 0.029ms
[4376.935s][info][gc,marking     ] GC(1232) Concurrent Cleanup for Next Mark
[4376.939s][info][gc,marking     ] GC(1232) Concurrent Cleanup for Next Mark 4.647ms
[4376.939s][info][gc             ] GC(1232) Concurrent Mark Cycle 1022.383ms
.[4378.177s][info][gc,start       ] GC(1233) Pause Young (Prepare Mixed) (G1 Evacuation Pause)
[4378.177s][info][gc,task        ] GC(1233) Using 6 workers of 6 for evacuation
[4378.296s][info][gc,phases      ] GC(1233)   Pre Evacuate Collection Set: 0.30ms
[4378.296s][info][gc,phases      ] GC(1233)   Merge Heap Roots: 0.55ms
[4378.296s][info][gc,phases      ] GC(1233)   Evacuate Collection Set: 117.37ms
[4378.296s][info][gc,phases      ] GC(1233)   Post Evacuate Collection Set: 0.92ms
[4378.296s][info][gc,phases      ] GC(1233)   Other: 0.09ms
[4378.296s][info][gc,heap        ] GC(1233) Eden regions: 1116->0(1106)
[4378.296s][info][gc,heap        ] GC(1233) Survivor regions: 112->111(154)
[4378.296s][info][gc,heap        ] GC(1233) Old regions: 506->537
[4378.296s][info][gc,heap        ] GC(1233) Humongous regions: 80->80
[4378.296s][info][gc,metaspace   ] GC(1233) Metaspace: 28947K(29376K)->28947K(29376K) NonClass: 24077K(24256K)->24077K(24256K) Class: 4869K(5120K)->4869K(5120K)
[4378.296s][info][gc             ] GC(1233) Pause Young (Prepare Mixed) (G1 Evacuation Pause) 3624M->1452M(4096M) 119.359ms
[4378.296s][info][gc,cpu         ] GC(1233) User=0.71s Sys=0.00s Real=0.12s
...[4380.549s][info][gc,start       ] GC(1234) Pause Young (Mixed) (G1 Evacuation Pause)
[4380.549s][info][gc,task        ] GC(1234) Using 6 workers of 6 for evacuation
[4380.683s][info][gc,phases      ] GC(1234)   Pre Evacuate Collection Set: 0.37ms
[4380.683s][info][gc,phases      ] GC(1234)   Merge Heap Roots: 0.71ms
[4380.683s][info][gc,phases      ] GC(1234)   Evacuate Collection Set: 132.65ms
[4380.683s][info][gc,phases      ] GC(1234)   Post Evacuate Collection Set: 0.94ms
[4380.683s][info][gc,phases      ] GC(1234)   Other: 0.09ms
[4380.683s][info][gc,heap        ] GC(1234) Eden regions: 1106->0(1119)
[4380.683s][info][gc,heap        ] GC(1234) Survivor regions: 111->109(153)
[4380.683s][info][gc,heap        ] GC(1234) Old regions: 537->473
[4380.683s][info][gc,heap        ] GC(1234) Humongous regions: 80->80
[4380.684s][info][gc,metaspace   ] GC(1234) Metaspace: 28947K(29376K)->28947K(29376K) NonClass: 24077K(24256K)->24077K(24256K) Class: 4869K(5120K)->4869K(5120K)
[4380.684s][info][gc             ] GC(1234) Pause Young (Mixed) (G1 Evacuation Pause) 3664M->1321M(4096M) 134.905ms
[4380.684s][info][gc,cpu         ] GC(1234) User=0.80s Sys=0.00s Real=0.13s
..[4382.907s][info][gc,start       ] GC(1235) Pause Young (Concurrent Start) (G1 Evacuation Pause)
[4382.907s][info][gc,task        ] GC(1235) Using 6 workers of 6 for evacuation
[4383.022s][info][gc,phases      ] GC(1235)   Pre Evacuate Collection Set: 0.37ms
[4383.022s][info][gc,phases      ] GC(1235)   Merge Heap Roots: 0.48ms
[4383.022s][info][gc,phases      ] GC(1235)   Evacuate Collection Set: 113.42ms
[4383.022s][info][gc,phases      ] GC(1235)   Post Evacuate Collection Set: 0.88ms
[4383.022s][info][gc,phases      ] GC(1235)   Other: 0.12ms
[4383.022s][info][gc,heap        ] GC(1235) Eden regions: 1119->0(1120)
[4383.022s][info][gc,heap        ] GC(1235) Survivor regions: 109->108(154)
[4383.022s][info][gc,heap        ] GC(1235) Old regions: 473->505
[4383.022s][info][gc,heap        ] GC(1235) Humongous regions: 80->80
[4383.022s][info][gc,metaspace   ] GC(1235) Metaspace: 28947K(29376K)->28947K(29376K) NonClass: 24077K(24256K)->24077K(24256K) Class: 4869K(5120K)->4869K(5120K)
[4383.022s][info][gc             ] GC(1235) Pause Young (Concurrent Start) (G1 Evacuation Pause) 3559M->1383M(4096M) 115.400ms
[4383.022s][info][gc             ] GC(1236) Concurrent Mark Cycle
[4383.022s][info][gc,marking     ] GC(1236) Concurrent Scan Root Regions
[4383.022s][info][gc,cpu         ] GC(1235) User=0.68s Sys=0.00s Real=0.11s
[4383.161s][info][gc,marking     ] GC(1236) Concurrent Scan Root Regions 138.555ms
[4383.161s][info][gc,marking     ] GC(1236) Concurrent Mark
[4383.161s][info][gc,marking     ] GC(1236) Concurrent Mark From Roots
[4383.161s][info][gc,task        ] GC(1236) Using 2 workers of 2 for marking
.[4383.873s][info][gc,marking     ] GC(1236) Concurrent Mark From Roots 712.010ms
[4383.873s][info][gc,marking     ] GC(1236) Concurrent Preclean
[4383.873s][info][gc,marking     ] GC(1236) Concurrent Preclean 0.160ms
[4383.875s][info][gc,start       ] GC(1236) Pause Remark
[4383.880s][info][gc             ] GC(1236) Pause Remark 2201M->2201M(4096M) 5.464ms
[4383.880s][info][gc,cpu         ] GC(1236) User=0.03s Sys=0.01s Real=0.01s
[4383.881s][info][gc,marking     ] GC(1236) Concurrent Mark 719.460ms
[4383.881s][info][gc,marking     ] GC(1236) Concurrent Rebuild Remembered Sets and Scrub Regions
[4384.184s][info][gc,marking     ] GC(1236) Concurrent Rebuild Remembered Sets and Scrub Regions 303.548ms
[4384.188s][info][gc,start       ] GC(1236) Pause Cleanup
[4384.188s][info][gc             ] GC(1236) Pause Cleanup 2511M->2511M(4096M) 0.146ms
[4384.188s][info][gc,cpu         ] GC(1236) User=0.00s Sys=0.00s Real=0.00s
[4384.190s][info][gc,marking     ] GC(1236) Concurrent Clear Claimed Marks
[4384.190s][info][gc,marking     ] GC(1236) Concurrent Clear Claimed Marks 0.067ms
[4384.190s][info][gc,marking     ] GC(1236) Concurrent Cleanup for Next Mark
[4384.195s][info][gc,marking     ] GC(1236) Concurrent Cleanup for Next Mark 4.839ms
[4384.195s][info][gc             ] GC(1236) Concurrent Mark Cycle 1172.160ms
.[4385.290s][info][gc,start       ] GC(1237) Pause Young (Prepare Mixed) (G1 Evacuation Pause)
[4385.290s][info][gc,task        ] GC(1237) Using 6 workers of 6 for evacuation
[4385.410s][info][gc,phases      ] GC(1237)   Pre Evacuate Collection Set: 0.34ms
[4385.410s][info][gc,phases      ] GC(1237)   Merge Heap Roots: 0.52ms
[4385.410s][info][gc,phases      ] GC(1237)   Evacuate Collection Set: 117.65ms
[4385.410s][info][gc,phases      ] GC(1237)   Post Evacuate Collection Set: 0.92ms
[4385.410s][info][gc,phases      ] GC(1237)   Other: 0.09ms
[4385.410s][info][gc,heap        ] GC(1237) Eden regions: 1120->0(1104)
[4385.410s][info][gc,heap        ] GC(1237) Survivor regions: 108->112(154)
[4385.410s][info][gc,heap        ] GC(1237) Old regions: 505->537
[4385.410s][info][gc,heap        ] GC(1237) Humongous regions: 80->80
[4385.410s][info][gc,metaspace   ] GC(1237) Metaspace: 28947K(29376K)->28947K(29376K) NonClass: 24077K(24256K)->24077K(24256K) Class: 4869K(5120K)->4869K(5120K)
[4385.410s][info][gc             ] GC(1237) Pause Young (Prepare Mixed) (G1 Evacuation Pause) 3623M->1454M(4096M) 119.668ms
[4385.410s][info][gc,cpu         ] GC(1237) User=0.71s Sys=0.00s Real=0.12s
...[4387.643s][info][gc,start       ] GC(1238) Pause Young (Mixed) (G1 Evacuation Pause)
[4387.643s][info][gc,task        ] GC(1238) Using 6 workers of 6 for evacuation
[4387.777s][info][gc,phases      ] GC(1238)   Pre Evacuate Collection Set: 0.35ms
[4387.777s][info][gc,phases      ] GC(1238)   Merge Heap Roots: 0.72ms
[4387.777s][info][gc,phases      ] GC(1238)   Evacuate Collection Set: 131.67ms
[4387.777s][info][gc,phases      ] GC(1238)   Post Evacuate Collection Set: 0.93ms
[4387.777s][info][gc,phases      ] GC(1238)   Other: 0.09ms
[4387.777s][info][gc,heap        ] GC(1238) Eden regions: 1104->0(1119)
[4387.777s][info][gc,heap        ] GC(1238) Survivor regions: 112->109(152)
[4387.777s][info][gc,heap        ] GC(1238) Old regions: 537->474
[4387.777s][info][gc,heap        ] GC(1238) Humongous regions: 80->80
[4387.777s][info][gc,metaspace   ] GC(1238) Metaspace: 28947K(29376K)->28947K(29376K) NonClass: 24077K(24256K)->24077K(24256K) Class: 4869K(5120K)->4869K(5120K)
[4387.777s][info][gc             ] GC(1238) Pause Young (Mixed) (G1 Evacuation Pause) 3662M->1323M(4096M) 133.903ms
[4387.777s][info][gc,cpu         ] GC(1238) User=0.79s Sys=0.00s Real=0.14s
..[4390.035s][info][gc,start       ] GC(1239) Pause Young (Concurrent Start) (G1 Evacuation Pause)
[4390.035s][info][gc,task        ] GC(1239) Using 6 workers of 6 for evacuation
[4390.153s][info][gc,phases      ] GC(1239)   Pre Evacuate Collection Set: 0.37ms
[4390.153s][info][gc,phases      ] GC(1239)   Merge Heap Roots: 0.47ms
[4390.153s][info][gc,phases      ] GC(1239)   Evacuate Collection Set: 115.90ms
[4390.153s][info][gc,phases      ] GC(1239)   Post Evacuate Collection Set: 0.91ms
[4390.153s][info][gc,phases      ] GC(1239)   Other: 0.10ms
[4390.153s][info][gc,heap        ] GC(1239) Eden regions: 1119->0(1119)
[4390.153s][info][gc,heap        ] GC(1239) Survivor regions: 109->109(154)
[4390.153s][info][gc,heap        ] GC(1239) Old regions: 474->506
[4390.153s][info][gc,heap        ] GC(1239) Humongous regions: 80->80
[4390.153s][info][gc,metaspace   ] GC(1239) Metaspace: 28947K(29376K)->28947K(29376K) NonClass: 24077K(24256K)->24077K(24256K) Class: 4869K(5120K)->4869K(5120K)
[4390.153s][info][gc             ] GC(1239) Pause Young (Concurrent Start) (G1 Evacuation Pause) 3561M->1387M(4096M) 117.883ms
[4390.153s][info][gc             ] GC(1240) Concurrent Mark Cycle
[4390.153s][info][gc,marking     ] GC(1240) Concurrent Scan Root Regions
[4390.153s][info][gc,cpu         ] GC(1239) User=0.70s Sys=0.00s Real=0.12s
[4390.324s][info][gc,marking     ] GC(1240) Concurrent Scan Root Regions 170.921ms
[4390.324s][info][gc,marking     ] GC(1240) Concurrent Mark
[4390.324s][info][gc,marking     ] GC(1240) Concurrent Mark From Roots
[4390.324s][info][gc,task        ] GC(1240) Using 2 workers of 2 for marking
. (rIR:aIR:PR = 7887:7868:7869) (tPR = 116895) [OK] 
  4390s: Performance info:
         Transaction,    Success,    Partial,     Failed,   Receipts, AvgBarcode, 
             Overall,     474047,          0,          0,     450102,      59.48, 
         Response times:
             Request,    Success,    Partial,     Failed,   SkipFail,     Probes,    Samples,      min,      p50,      p90,      p95,      p99,      max, 
       TotalPurchase,     450460,          0,          0,          0,     354335,     397644,      300,     6900,    82000,   124000,   217000,   505000,
     InStorePurchase,     237453,          0,          0,          0,     186031,     208482,      300,     6800,    81000,   124000,   217000,   499000,
      OnlinePurchase,     165607,          0,          0,          0,     130706,     146496,      300,     7000,    84000,   125000,   217000,   505000,
        InstPurchase,      47400,          0,          0,          0,      37598,      42666,      500,     6400,    79000,   119650,   215330,   499000,
          AssocOfCat,        474,          0,          0,          0,        383,        521,    27000,    42000,   131400,   176600,   287780,   341000,
      AssocOfProduct,       4748,          0,          0,          0,       4391,       5281,      600,     7200,    81000,   127000,   209000,   499000,
      BusinessReport,       1184,          0,          0,          0,       1004,       1260,    28000,    48000,   151000,   186950,   274900,   561000,
          CustBuyBeh,       4745,          0,          0,          0,       4417,       5285,      200,     5500,    74000,   117000,   218140,   346000,
       ProductReturn,      12660,          0,          0,          0,       9618,      11085,      200,     7000,    83000,   119000,   219000,   364000,

  4390s: (58%)   IR =   8025 [4391.284s][info][gc,marking     ] GC(1240) Concurrent Mark From Roots 960.780ms
[4391.284s][info][gc,marking     ] GC(1240) Concurrent Preclean
[4391.285s][info][gc,marking     ] GC(1240) Concurrent Preclean 0.109ms
[4391.290s][info][gc,start       ] GC(1240) Pause Remark
[4391.296s][info][gc             ] GC(1240) Pause Remark 2349M->2349M(4096M) 6.704ms
[4391.297s][info][gc,cpu         ] GC(1240) User=0.04s Sys=0.00s Real=0.01s
[4391.297s][info][gc,marking     ] GC(1240) Concurrent Mark 972.954ms
[4391.297s][info][gc,marking     ] GC(1240) Concurrent Rebuild Remembered Sets and Scrub Regions
[4391.663s][info][gc,marking     ] GC(1240) Concurrent Rebuild Remembered Sets and Scrub Regions 366.436ms
[4391.664s][info][gc,start       ] GC(1240) Pause Cleanup
[4391.664s][info][gc             ] GC(1240) Pause Cleanup 2762M->2762M(4096M) 0.120ms
[4391.664s][info][gc,cpu         ] GC(1240) User=0.00s Sys=0.00s Real=0.00s
[4391.665s][info][gc,marking     ] GC(1240) Concurrent Clear Claimed Marks
[4391.665s][info][gc,marking     ] GC(1240) Concurrent Clear Claimed Marks 0.045ms
[4391.665s][info][gc,marking     ] GC(1240) Concurrent Cleanup for Next Mark
[4391.670s][info][gc,marking     ] GC(1240) Concurrent Cleanup for Next Mark 4.754ms
[4391.670s][info][gc             ] GC(1240) Concurrent Mark Cycle 1517.452ms
.[4392.538s][info][gc,start       ] GC(1241) Pause Young (Prepare Mixed) (G1 Evacuation Pause)
[4392.538s][info][gc,task        ] GC(1241) Using 6 workers of 6 for evacuation
[4392.655s][info][gc,phases      ] GC(1241)   Pre Evacuate Collection Set: 0.35ms
[4392.655s][info][gc,phases      ] GC(1241)   Merge Heap Roots: 0.51ms
[4392.655s][info][gc,phases      ] GC(1241)   Evacuate Collection Set: 114.89ms
[4392.655s][info][gc,phases      ] GC(1241)   Post Evacuate Collection Set: 0.94ms
[4392.655s][info][gc,phases      ] GC(1241)   Other: 0.09ms
[4392.655s][info][gc,heap        ] GC(1241) Eden regions: 1119->0(1108)
[4392.655s][info][gc,heap        ] GC(1241) Survivor regions: 109->111(154)
[4392.655s][info][gc,heap        ] GC(1241) Old regions: 506->535
[4392.655s][info][gc,heap        ] GC(1241) Humongous regions: 80->80
[4392.655s][info][gc,metaspace   ] GC(1241) Metaspace: 28947K(29376K)->28947K(29376K) NonClass: 24077K(24256K)->24077K(24256K) Class: 4869K(5120K)->4869K(5120K)
[4392.655s][info][gc             ] GC(1241) Pause Young (Prepare Mixed) (G1 Evacuation Pause) 3625M->1449M(4096M) 116.929ms
[4392.655s][info][gc,cpu         ] GC(1241) User=0.68s Sys=0.01s Real=0.11s
...[4394.879s][info][gc,start       ] GC(1242) Pause Young (Mixed) (G1 Evacuation Pause)
[4394.879s][info][gc,task        ] GC(1242) Using 6 workers of 6 for evacuation
[4395.016s][info][gc,phases      ] GC(1242)   Pre Evacuate Collection Set: 0.36ms
[4395.016s][info][gc,phases      ] GC(1242)   Merge Heap Roots: 0.74ms
[4395.016s][info][gc,phases      ] GC(1242)   Evacuate Collection Set: 135.12ms
[4395.016s][info][gc,phases      ] GC(1242)   Post Evacuate Collection Set: 0.94ms
[4395.016s][info][gc,phases      ] GC(1242)   Other: 0.09ms
[4395.016s][info][gc,heap        ] GC(1242) Eden regions: 1108->0(1118)
[4395.016s][info][gc,heap        ] GC(1242) Survivor regions: 111->110(153)
[4395.016s][info][gc,heap        ] GC(1242) Old regions: 535->472
[4395.016s][info][gc,heap        ] GC(1242) Humongous regions: 80->80
[4395.016s][info][gc,metaspace   ] GC(1242) Metaspace: 28947K(29376K)->28947K(29376K) NonClass: 24077K(24256K)->24077K(24256K) Class: 4869K(5120K)->4869K(5120K)
[4395.016s][info][gc             ] GC(1242) Pause Young (Mixed) (G1 Evacuation Pause) 3665M->1321M(4096M) 137.387ms
[4395.016s][info][gc,cpu         ] GC(1242) User=0.81s Sys=0.00s Real=0.14s
..[4397.114s][info][gc,start       ] GC(1243) Pause Young (Concurrent Start) (G1 Evacuation Pause)
[4397.114s][info][gc,task        ] GC(1243) Using 6 workers of 6 for evacuation
[4397.233s][info][gc,phases      ] GC(1243)   Pre Evacuate Collection Set: 0.35ms
[4397.233s][info][gc,phases      ] GC(1243)   Merge Heap Roots: 0.47ms
[4397.233s][info][gc,phases      ] GC(1243)   Evacuate Collection Set: 116.91ms
[4397.233s][info][gc,phases      ] GC(1243)   Post Evacuate Collection Set: 0.91ms
[4397.233s][info][gc,phases      ] GC(1243)   Other: 0.11ms
[4397.233s][info][gc,heap        ] GC(1243) Eden regions: 1118->0(1117)
[4397.233s][info][gc,heap        ] GC(1243) Survivor regions: 110->111(154)
[4397.233s][info][gc,heap        ] GC(1243) Old regions: 472->504
[4397.233s][info][gc,heap        ] GC(1243) Humongous regions: 80->80
[4397.233s][info][gc,metaspace   ] GC(1243) Metaspace: 28947K(29376K)->28947K(29376K) NonClass: 24077K(24256K)->24077K(24256K) Class: 4869K(5120K)->4869K(5120K)
[4397.233s][info][gc             ] GC(1243) Pause Young (Concurrent Start) (G1 Evacuation Pause) 3557M->1387M(4096M) 118.876ms
[4397.233s][info][gc             ] GC(1244) Concurrent Mark Cycle
[4397.233s][info][gc,marking     ] GC(1244) Concurrent Scan Root Regions
[4397.233s][info][gc,cpu         ] GC(1243) User=0.70s Sys=0.00s Real=0.12s
[4397.407s][info][gc,marking     ] GC(1244) Concurrent Scan Root Regions 173.982ms
[4397.407s][info][gc,marking     ] GC(1244) Concurrent Mark
[4397.407s][info][gc,marking     ] GC(1244) Concurrent Mark From Roots
[4397.407s][info][gc,task        ] GC(1244) Using 2 workers of 2 for marking
.[4398.380s][info][gc,marking     ] GC(1244) Concurrent Mark From Roots 972.539ms
[4398.380s][info][gc,marking     ] GC(1244) Concurrent Preclean
[4398.380s][info][gc,marking     ] GC(1244) Concurrent Preclean 0.144ms
[4398.384s][info][gc,start       ] GC(1244) Pause Remark
[4398.389s][info][gc             ] GC(1244) Pause Remark 2547M->2547M(4096M) 5.484ms
[4398.389s][info][gc,cpu         ] GC(1244) User=0.03s Sys=0.00s Real=0.01s
[4398.389s][info][gc,marking     ] GC(1244) Concurrent Mark 981.855ms
[4398.389s][info][gc,marking     ] GC(1244) Concurrent Rebuild Remembered Sets and Scrub Regions
[4398.746s][info][gc,marking     ] GC(1244) Concurrent Rebuild Remembered Sets and Scrub Regions 357.152ms
[4398.747s][info][gc,start       ] GC(1244) Pause Cleanup
[4398.747s][info][gc             ] GC(1244) Pause Cleanup 2887M->2887M(4096M) 0.114ms
[4398.747s][info][gc,cpu         ] GC(1244) User=0.00s Sys=0.00s Real=0.00s
[4398.748s][info][gc,marking     ] GC(1244) Concurrent Clear Claimed Marks
[4398.748s][info][gc,marking     ] GC(1244) Concurrent Clear Claimed Marks 0.038ms
[4398.748s][info][gc,marking     ] GC(1244) Concurrent Cleanup for Next Mark
[4398.758s][info][gc,marking     ] GC(1244) Concurrent Cleanup for Next Mark 9.938ms
[4398.758s][info][gc             ] GC(1244) Concurrent Mark Cycle 1524.223ms
.[4399.474s][info][gc,start       ] GC(1245) Pause Young (Prepare Mixed) (G1 Evacuation Pause)
[4399.474s][info][gc,task        ] GC(1245) Using 6 workers of 6 for evacuation
[4399.592s][info][gc,phases      ] GC(1245)   Pre Evacuate Collection Set: 0.34ms
[4399.592s][info][gc,phases      ] GC(1245)   Merge Heap Roots: 0.52ms
[4399.592s][info][gc,phases      ] GC(1245)   Evacuate Collection Set: 115.74ms
[4399.592s][info][gc,phases      ] GC(1245)   Post Evacuate Collection Set: 0.92ms
[4399.592s][info][gc,phases      ] GC(1245)   Other: 0.09ms
[4399.592s][info][gc,heap        ] GC(1245) Eden regions: 1117->0(1110)
[4399.592s][info][gc,heap        ] GC(1245) Survivor regions: 111->110(154)
[4399.592s][info][gc,heap        ] GC(1245) Old regions: 504->535
[4399.592s][info][gc,heap        ] GC(1245) Humongous regions: 80->80
[4399.592s][info][gc,metaspace   ] GC(1245) Metaspace: 28947K(29376K)->28947K(29376K) NonClass: 24077K(24256K)->24077K(24256K) Class: 4869K(5120K)->4869K(5120K)
[4399.592s][info][gc             ] GC(1245) Pause Young (Prepare Mixed) (G1 Evacuation Pause) 3621M->1447M(4096M) 117.730ms
[4399.592s][info][gc,cpu         ] GC(1245) User=0.70s Sys=0.00s Real=0.12s
..[4401.780s][info][gc,start       ] GC(1246) Pause Young (Mixed) (G1 Evacuation Pause)
[4401.780s][info][gc,task        ] GC(1246) Using 6 workers of 6 for evacuation
[4401.915s][info][gc,phases      ] GC(1246)   Pre Evacuate Collection Set: 0.37ms
[4401.916s][info][gc,phases      ] GC(1246)   Merge Heap Roots: 0.63ms
[4401.916s][info][gc,phases      ] GC(1246)   Evacuate Collection Set: 133.26ms
[4401.916s][info][gc,phases      ] GC(1246)   Post Evacuate Collection Set: 0.98ms
[4401.916s][info][gc,phases      ] GC(1246)   Other: 0.10ms
[4401.916s][info][gc,heap        ] GC(1246) Eden regions: 1110->0(1115)
[4401.916s][info][gc,heap        ] GC(1246) Survivor regions: 110->113(153)
[4401.916s][info][gc,heap        ] GC(1246) Old regions: 535->471
[4401.916s][info][gc,heap        ] GC(1246) Humongous regions: 80->80
[4401.916s][info][gc,metaspace   ] GC(1246) Metaspace: 28947K(29376K)->28947K(29376K) NonClass: 24077K(24256K)->24077K(24256K) Class: 4869K(5120K)->4869K(5120K)
[4401.916s][info][gc             ] GC(1246) Pause Young (Mixed) (G1 Evacuation Pause) 3667M->1325M(4096M) 135.476ms
[4401.916s][info][gc,cpu         ] GC(1246) User=0.80s Sys=0.00s Real=0.13s
...[4404.181s][info][gc,start       ] GC(1247) Pause Young (Concurrent Start) (G1 Evacuation Pause)
[4404.181s][info][gc,task        ] GC(1247) Using 6 workers of 6 for evacuation
[4404.297s][info][gc,phases      ] GC(1247)   Pre Evacuate Collection Set: 0.38ms
[4404.297s][info][gc,phases      ] GC(1247)   Merge Heap Roots: 0.45ms
[4404.297s][info][gc,phases      ] GC(1247)   Evacuate Collection Set: 114.85ms
[4404.297s][info][gc,phases      ] GC(1247)   Post Evacuate Collection Set: 0.89ms
[4404.297s][info][gc,phases      ] GC(1247)   Other: 0.11ms
[4404.297s][info][gc,heap        ] GC(1247) Eden regions: 1115->0(1119)
[4404.297s][info][gc,heap        ] GC(1247) Survivor regions: 113->109(154)
[4404.297s][info][gc,heap        ] GC(1247) Old regions: 471->503
[4404.297s][info][gc,heap        ] GC(1247) Humongous regions: 80->80
[4404.297s][info][gc,metaspace   ] GC(1247) Metaspace: 28947K(29376K)->28947K(29376K) NonClass: 24077K(24256K)->24077K(24256K) Class: 4869K(5120K)->4869K(5120K)
[4404.297s][info][gc             ] GC(1247) Pause Young (Concurrent Start) (G1 Evacuation Pause) 3555M->1380M(4096M) 116.822ms
[4404.297s][info][gc             ] GC(1248) Concurrent Mark Cycle
[4404.297s][info][gc,marking     ] GC(1248) Concurrent Scan Root Regions
[4404.297s][info][gc,cpu         ] GC(1247) User=0.69s Sys=0.00s Real=0.12s
[4404.470s][info][gc,marking     ] GC(1248) Concurrent Scan Root Regions 172.534ms
[4404.470s][info][gc,marking     ] GC(1248) Concurrent Mark
[4404.470s][info][gc,marking     ] GC(1248) Concurrent Mark From Roots
[4404.470s][info][gc,task        ] GC(1248) Using 2 workers of 2 for marking
.[4405.446s][info][gc,marking     ] GC(1248) Concurrent Mark From Roots 976.004ms
[4405.446s][info][gc,marking     ] GC(1248) Concurrent Preclean
[4405.446s][info][gc,marking     ] GC(1248) Concurrent Preclean 0.126ms
[4405.448s][info][gc,start       ] GC(1248) Pause Remark
[4405.453s][info][gc             ] GC(1248) Pause Remark 2458M->2458M(4096M) 5.711ms
[4405.453s][info][gc,cpu         ] GC(1248) User=0.03s Sys=0.00s Real=0.00s
[4405.454s][info][gc,marking     ] GC(1248) Concurrent Mark 983.492ms
[4405.454s][info][gc,marking     ] GC(1248) Concurrent Rebuild Remembered Sets and Scrub Regions
[4405.838s][info][gc,marking     ] GC(1248) Concurrent Rebuild Remembered Sets and Scrub Regions 384.433ms
[4405.838s][info][gc,start       ] GC(1248) Pause Cleanup
[4405.838s][info][gc             ] GC(1248) Pause Cleanup 2901M->2901M(4096M) 0.097ms
[4405.838s][info][gc,cpu         ] GC(1248) User=0.00s Sys=0.00s Real=0.00s
[4405.838s][info][gc,marking     ] GC(1248) Concurrent Clear Claimed Marks
[4405.838s][info][gc,marking     ] GC(1248) Concurrent Clear Claimed Marks 0.023ms
[4405.838s][info][gc,marking     ] GC(1248) Concurrent Cleanup for Next Mark
[4405.843s][info][gc,marking     ] GC(1248) Concurrent Cleanup for Next Mark 4.788ms
[4405.843s][info][gc             ] GC(1248) Concurrent Mark Cycle 1545.759ms
.|[4406.529s][info][gc,start       ] GC(1249) Pause Young (Prepare Mixed) (G1 Evacuation Pause)
[4406.529s][info][gc,task        ] GC(1249) Using 6 workers of 6 for evacuation
[4406.647s][info][gc,phases      ] GC(1249)   Pre Evacuate Collection Set: 0.34ms
[4406.647s][info][gc,phases      ] GC(1249)   Merge Heap Roots: 0.50ms
[4406.647s][info][gc,phases      ] GC(1249)   Evacuate Collection Set: 116.33ms
[4406.647s][info][gc,phases      ] GC(1249)   Post Evacuate Collection Set: 0.95ms
[4406.647s][info][gc,phases      ] GC(1249)   Other: 0.09ms
[4406.647s][info][gc,heap        ] GC(1249) Eden regions: 1119->0(1109)
[4406.647s][info][gc,heap        ] GC(1249) Survivor regions: 109->110(154)
[4406.647s][info][gc,heap        ] GC(1249) Old regions: 503->536
[4406.647s][info][gc,heap        ] GC(1249) Humongous regions: 80->80
[4406.647s][info][gc,metaspace   ] GC(1249) Metaspace: 28947K(29376K)->28947K(29376K) NonClass: 24077K(24256K)->24077K(24256K) Class: 4869K(5120K)->4869K(5120K)
[4406.647s][info][gc             ] GC(1249) Pause Young (Prepare Mixed) (G1 Evacuation Pause) 3618M->1449M(4096M) 118.331ms
[4406.647s][info][gc,cpu         ] GC(1249) User=0.70s Sys=0.01s Real=0.12s
..[4408.897s][info][gc,start       ] GC(1250) Pause Young (Mixed) (G1 Evacuation Pause)
[4408.897s][info][gc,task        ] GC(1250) Using 6 workers of 6 for evacuation
[4409.030s][info][gc,phases      ] GC(1250)   Pre Evacuate Collection Set: 0.37ms
[4409.030s][info][gc,phases      ] GC(1250)   Merge Heap Roots: 0.70ms
[4409.030s][info][gc,phases      ] GC(1250)   Evacuate Collection Set: 130.65ms
[4409.030s][info][gc,phases      ] GC(1250)   Post Evacuate Collection Set: 0.98ms
[4409.030s][info][gc,phases      ] GC(1250)   Other: 0.09ms
[4409.030s][info][gc,heap        ] GC(1250) Eden regions: 1109->0(1120)
[4409.030s][info][gc,heap        ] GC(1250) Survivor regions: 110->108(153)
[4409.030s][info][gc,heap        ] GC(1250) Old regions: 536->473
[4409.030s][info][gc,heap        ] GC(1250) Humongous regions: 80->80
[4409.030s][info][gc,metaspace   ] GC(1250) Metaspace: 28947K(29376K)->28947K(29376K) NonClass: 24077K(24256K)->24077K(24256K) Class: 4869K(5120K)->4869K(5120K)
[4409.030s][info][gc             ] GC(1250) Pause Young (Mixed) (G1 Evacuation Pause) 3667M->1319M(4096M) 132.906ms
[4409.030s][info][gc,cpu         ] GC(1250) User=0.79s Sys=0.00s Real=0.13s
..[4411.231s][info][gc,start       ] GC(1251) Pause Young (Concurrent Start) (G1 Evacuation Pause)
[4411.231s][info][gc,task        ] GC(1251) Using 6 workers of 6 for evacuation
[4411.349s][info][gc,phases      ] GC(1251)   Pre Evacuate Collection Set: 0.40ms
[4411.349s][info][gc,phases      ] GC(1251)   Merge Heap Roots: 0.47ms
[4411.349s][info][gc,phases      ] GC(1251)   Evacuate Collection Set: 116.03ms
[4411.349s][info][gc,phases      ] GC(1251)   Post Evacuate Collection Set: 0.86ms
[4411.349s][info][gc,phases      ] GC(1251)   Other: 0.12ms
[4411.349s][info][gc,heap        ] GC(1251) Eden regions: 1120->0(1119)
[4411.349s][info][gc,heap        ] GC(1251) Survivor regions: 108->109(154)
[4411.349s][info][gc,heap        ] GC(1251) Old regions: 473->505
[4411.349s][info][gc,heap        ] GC(1251) Humongous regions: 80->80
[4411.349s][info][gc,metaspace   ] GC(1251) Metaspace: 28947K(29376K)->28947K(29376K) NonClass: 24077K(24256K)->24077K(24256K) Class: 4869K(5120K)->4869K(5120K)
[4411.349s][info][gc             ] GC(1251) Pause Young (Concurrent Start) (G1 Evacuation Pause) 3559M->1386M(4096M) 118.019ms
[4411.349s][info][gc             ] GC(1252) Concurrent Mark Cycle
[4411.349s][info][gc,marking     ] GC(1252) Concurrent Scan Root Regions
[4411.349s][info][gc,cpu         ] GC(1251) User=0.69s Sys=0.00s Real=0.12s
.[4411.520s][info][gc,marking     ] GC(1252) Concurrent Scan Root Regions 170.852ms
[4411.520s][info][gc,marking     ] GC(1252) Concurrent Mark
[4411.520s][info][gc,marking     ] GC(1252) Concurrent Mark From Roots
[4411.520s][info][gc,task        ] GC(1252) Using 2 workers of 2 for marking
.[4412.482s][info][gc,marking     ] GC(1252) Concurrent Mark From Roots 961.741ms
[4412.482s][info][gc,marking     ] GC(1252) Concurrent Preclean
[4412.482s][info][gc,marking     ] GC(1252) Concurrent Preclean 0.111ms
[4412.484s][info][gc,start       ] GC(1252) Pause Remark
[4412.490s][info][gc             ] GC(1252) Pause Remark 2454M->2454M(4096M) 5.614ms
[4412.490s][info][gc,cpu         ] GC(1252) User=0.04s Sys=0.00s Real=0.01s
[4412.490s][info][gc,marking     ] GC(1252) Concurrent Mark 969.891ms
[4412.490s][info][gc,marking     ] GC(1252) Concurrent Rebuild Remembered Sets and Scrub Regions
[4412.861s][info][gc,marking     ] GC(1252) Concurrent Rebuild Remembered Sets and Scrub Regions 370.553ms
[4412.861s][info][gc,start       ] GC(1252) Pause Cleanup
[4412.861s][info][gc             ] GC(1252) Pause Cleanup 2866M->2866M(4096M) 0.114ms
[4412.861s][info][gc,cpu         ] GC(1252) User=0.00s Sys=0.00s Real=0.00s
[4412.861s][info][gc,marking     ] GC(1252) Concurrent Clear Claimed Marks
[4412.861s][info][gc,marking     ] GC(1252) Concurrent Clear Claimed Marks 0.023ms
[4412.861s][info][gc,marking     ] GC(1252) Concurrent Cleanup for Next Mark
[4412.866s][info][gc,marking     ] GC(1252) Concurrent Cleanup for Next Mark 4.794ms
[4412.866s][info][gc             ] GC(1252) Concurrent Mark Cycle 1516.609ms
.[4413.602s][info][gc,start       ] GC(1253) Pause Young (Prepare Mixed) (G1 Evacuation Pause)
[4413.602s][info][gc,task        ] GC(1253) Using 6 workers of 6 for evacuation
[4413.720s][info][gc,phases      ] GC(1253)   Pre Evacuate Collection Set: 0.36ms
[4413.720s][info][gc,phases      ] GC(1253)   Merge Heap Roots: 0.49ms
[4413.720s][info][gc,phases      ] GC(1253)   Evacuate Collection Set: 116.71ms
[4413.720s][info][gc,phases      ] GC(1253)   Post Evacuate Collection Set: 0.93ms
[4413.720s][info][gc,phases      ] GC(1253)   Other: 0.09ms
[4413.720s][info][gc,heap        ] GC(1253) Eden regions: 1119->0(1107)
[4413.720s][info][gc,heap        ] GC(1253) Survivor regions: 109->111(154)
[4413.720s][info][gc,heap        ] GC(1253) Old regions: 505->536
[4413.720s][info][gc,heap        ] GC(1253) Humongous regions: 80->80
[4413.720s][info][gc,metaspace   ] GC(1253) Metaspace: 28947K(29376K)->28947K(29376K) NonClass: 24077K(24256K)->24077K(24256K) Class: 4869K(5120K)->4869K(5120K)
[4413.720s][info][gc             ] GC(1253) Pause Young (Prepare Mixed) (G1 Evacuation Pause) 3624M->1452M(4096M) 118.727ms
[4413.720s][info][gc,cpu         ] GC(1253) User=0.70s Sys=0.00s Real=0.12s
..[4415.927s][info][gc,start       ] GC(1254) Pause Young (Mixed) (G1 Evacuation Pause)
[4415.927s][info][gc,task        ] GC(1254) Using 6 workers of 6 for evacuation
[4416.060s][info][gc,phases      ] GC(1254)   Pre Evacuate Collection Set: 0.38ms
[4416.060s][info][gc,phases      ] GC(1254)   Merge Heap Roots: 0.68ms
[4416.060s][info][gc,phases      ] GC(1254)   Evacuate Collection Set: 130.60ms
[4416.060s][info][gc,phases      ] GC(1254)   Post Evacuate Collection Set: 0.93ms
[4416.060s][info][gc,phases      ] GC(1254)   Other: 0.09ms
[4416.060s][info][gc,heap        ] GC(1254) Eden regions: 1107->0(1119)
[4416.060s][info][gc,heap        ] GC(1254) Survivor regions: 111->109(153)
[4416.060s][info][gc,heap        ] GC(1254) Old regions: 536->473
[4416.060s][info][gc,heap        ] GC(1254) Humongous regions: 80->80
[4416.060s][info][gc,metaspace   ] GC(1254) Metaspace: 28947K(29376K)->28947K(29376K) NonClass: 24077K(24256K)->24077K(24256K) Class: 4869K(5120K)->4869K(5120K)
[4416.060s][info][gc             ] GC(1254) Pause Young (Mixed) (G1 Evacuation Pause) 3666M->1321M(4096M) 132.816ms
[4416.060s][info][gc,cpu         ] GC(1254) User=0.79s Sys=0.00s Real=0.13s
..[4418.307s][info][gc,start       ] GC(1255) Pause Young (Concurrent Start) (G1 Evacuation Pause)
[4418.307s][info][gc,task        ] GC(1255) Using 6 workers of 6 for evacuation
[4418.425s][info][gc,phases      ] GC(1255)   Pre Evacuate Collection Set: 0.38ms
[4418.425s][info][gc,phases      ] GC(1255)   Merge Heap Roots: 0.51ms
[4418.425s][info][gc,phases      ] GC(1255)   Evacuate Collection Set: 116.58ms
[4418.425s][info][gc,phases      ] GC(1255)   Post Evacuate Collection Set: 0.89ms
[4418.425s][info][gc,phases      ] GC(1255)   Other: 0.10ms
[4418.425s][info][gc,heap        ] GC(1255) Eden regions: 1119->0(1116)
[4418.425s][info][gc,heap        ] GC(1255) Survivor regions: 109->112(154)
[4418.425s][info][gc,heap        ] GC(1255) Old regions: 473->505
[4418.425s][info][gc,heap        ] GC(1255) Humongous regions: 80->80
[4418.425s][info][gc,metaspace   ] GC(1255) Metaspace: 28947K(29376K)->28947K(29376K) NonClass: 24077K(24256K)->24077K(24256K) Class: 4869K(5120K)->4869K(5120K)
[4418.425s][info][gc             ] GC(1255) Pause Young (Concurrent Start) (G1 Evacuation Pause) 3559M->1391M(4096M) 118.598ms
[4418.425s][info][gc             ] GC(1256) Concurrent Mark Cycle
[4418.425s][info][gc,marking     ] GC(1256) Concurrent Scan Root Regions
[4418.426s][info][gc,cpu         ] GC(1255) User=0.70s Sys=0.00s Real=0.11s
[4418.601s][info][gc,marking     ] GC(1256) Concurrent Scan Root Regions 175.112ms
[4418.601s][info][gc,marking     ] GC(1256) Concurrent Mark
[4418.601s][info][gc,marking     ] GC(1256) Concurrent Mark From Roots
[4418.601s][info][gc,task        ] GC(1256) Using 2 workers of 2 for marking
.[4419.581s][info][gc,marking     ] GC(1256) Concurrent Mark From Roots 980.671ms
[4419.581s][info][gc,marking     ] GC(1256) Concurrent Preclean
[4419.582s][info][gc,marking     ] GC(1256) Concurrent Preclean 0.110ms
[4419.585s][info][gc,start       ] GC(1256) Pause Remark
[4419.591s][info][gc             ] GC(1256) Pause Remark 2507M->2507M(4096M) 5.815ms
[4419.591s][info][gc,cpu         ] GC(1256) User=0.03s Sys=0.00s Real=0.01s
[4419.591s][info][gc,marking     ] GC(1256) Concurrent Mark 990.491ms
[4419.591s][info][gc,marking     ] GC(1256) Concurrent Rebuild Remembered Sets and Scrub Regions
.[4419.994s][info][gc,marking     ] GC(1256) Concurrent Rebuild Remembered Sets and Scrub Regions 402.571ms
[4419.994s][info][gc,start       ] GC(1256) Pause Cleanup
[4419.994s][info][gc             ] GC(1256) Pause Cleanup 2889M->2889M(4096M) 0.110ms
[4419.994s][info][gc,cpu         ] GC(1256) User=0.00s Sys=0.00s Real=0.00s
[4419.994s][info][gc,marking     ] GC(1256) Concurrent Clear Claimed Marks
[4419.994s][info][gc,marking     ] GC(1256) Concurrent Clear Claimed Marks 0.024ms
[4419.994s][info][gc,marking     ] GC(1256) Concurrent Cleanup for Next Mark
[4419.999s][info][gc,marking     ] GC(1256) Concurrent Cleanup for Next Mark 5.078ms
[4419.999s][info][gc             ] GC(1256) Concurrent Mark Cycle 1573.835ms
[4420.548s][info][gc,start       ] GC(1257) Pause Young (Prepare Mixed) (G1 Evacuation Pause)
[4420.548s][info][gc,task        ] GC(1257) Using 6 workers of 6 for evacuation
[4420.668s][info][gc,phases      ] GC(1257)   Pre Evacuate Collection Set: 0.35ms
[4420.668s][info][gc,phases      ] GC(1257)   Merge Heap Roots: 0.61ms
[4420.668s][info][gc,phases      ] GC(1257)   Evacuate Collection Set: 117.54ms
[4420.668s][info][gc,phases      ] GC(1257)   Post Evacuate Collection Set: 0.95ms
[4420.668s][info][gc,phases      ] GC(1257)   Other: 0.84ms
[4420.668s][info][gc,heap        ] GC(1257) Eden regions: 1116->0(1108)
[4420.668s][info][gc,heap        ] GC(1257) Survivor regions: 112->110(154)
[4420.668s][info][gc,heap        ] GC(1257) Old regions: 505->537
[4420.668s][info][gc,heap        ] GC(1257) Humongous regions: 80->80
[4420.668s][info][gc,metaspace   ] GC(1257) Metaspace: 28947K(29376K)->28947K(29376K) NonClass: 24077K(24256K)->24077K(24256K) Class: 4869K(5120K)->4869K(5120K)
[4420.668s][info][gc             ] GC(1257) Pause Young (Prepare Mixed) (G1 Evacuation Pause) 3623M->1452M(4096M) 120.429ms
[4420.668s][info][gc,cpu         ] GC(1257) User=0.71s Sys=0.00s Real=0.12s
...[4422.919s][info][gc,start       ] GC(1258) Pause Young (Mixed) (G1 Evacuation Pause)
[4422.919s][info][gc,task        ] GC(1258) Using 6 workers of 6 for evacuation
[4423.059s][info][gc,phases      ] GC(1258)   Pre Evacuate Collection Set: 0.36ms
[4423.059s][info][gc,phases      ] GC(1258)   Merge Heap Roots: 0.61ms
[4423.059s][info][gc,phases      ] GC(1258)   Evacuate Collection Set: 137.34ms
[4423.059s][info][gc,phases      ] GC(1258)   Post Evacuate Collection Set: 0.93ms
[4423.059s][info][gc,phases      ] GC(1258)   Other: 0.09ms
[4423.059s][info][gc,heap        ] GC(1258) Eden regions: 1108->0(1114)
[4423.059s][info][gc,heap        ] GC(1258) Survivor regions: 110->114(153)
[4423.059s][info][gc,heap        ] GC(1258) Old regions: 537->473
[4423.059s][info][gc,heap        ] GC(1258) Humongous regions: 80->80
[4423.059s][info][gc,metaspace   ] GC(1258) Metaspace: 28947K(29376K)->28947K(29376K) NonClass: 24077K(24256K)->24077K(24256K) Class: 4869K(5120K)->4869K(5120K)
[4423.059s][info][gc             ] GC(1258) Pause Young (Mixed) (G1 Evacuation Pause) 3668M->1332M(4096M) 139.466ms
[4423.059s][info][gc,cpu         ] GC(1258) User=0.82s Sys=0.00s Real=0.14s
..[4425.230s][info][gc,start       ] GC(1259) Pause Young (Concurrent Start) (G1 Evacuation Pause)
[4425.230s][info][gc,task        ] GC(1259) Using 6 workers of 6 for evacuation
[4425.346s][info][gc,phases      ] GC(1259)   Pre Evacuate Collection Set: 0.40ms
[4425.346s][info][gc,phases      ] GC(1259)   Merge Heap Roots: 0.48ms
[4425.346s][info][gc,phases      ] GC(1259)   Evacuate Collection Set: 114.31ms
[4425.346s][info][gc,phases      ] GC(1259)   Post Evacuate Collection Set: 0.86ms
[4425.346s][info][gc,phases      ] GC(1259)   Other: 0.10ms
[4425.346s][info][gc,heap        ] GC(1259) Eden regions: 1114->0(1119)
[4425.346s][info][gc,heap        ] GC(1259) Survivor regions: 114->109(154)
[4425.346s][info][gc,heap        ] GC(1259) Old regions: 473->505
[4425.346s][info][gc,heap        ] GC(1259) Humongous regions: 80->80
[4425.346s][info][gc,metaspace   ] GC(1259) Metaspace: 28947K(29376K)->28947K(29376K) NonClass: 24077K(24256K)->24077K(24256K) Class: 4869K(5120K)->4869K(5120K)
[4425.346s][info][gc             ] GC(1259) Pause Young (Concurrent Start) (G1 Evacuation Pause) 3560M->1385M(4096M) 116.274ms
[4425.346s][info][gc             ] GC(1260) Concurrent Mark Cycle
[4425.346s][info][gc,marking     ] GC(1260) Concurrent Scan Root Regions
[4425.346s][info][gc,cpu         ] GC(1259) User=0.69s Sys=0.00s Real=0.12s
[4425.519s][info][gc,marking     ] GC(1260) Concurrent Scan Root Regions 173.127ms
[4425.519s][info][gc,marking     ] GC(1260) Concurrent Mark
[4425.519s][info][gc,marking     ] GC(1260) Concurrent Mark From Roots
[4425.519s][info][gc,task        ] GC(1260) Using 2 workers of 2 for marking
.[4426.488s][info][gc,marking     ] GC(1260) Concurrent Mark From Roots 968.487ms
[4426.488s][info][gc,marking     ] GC(1260) Concurrent Preclean
[4426.488s][info][gc,marking     ] GC(1260) Concurrent Preclean 0.115ms
[4426.488s][info][gc,start       ] GC(1260) Pause Remark
[4426.493s][info][gc             ] GC(1260) Pause Remark 2522M->2522M(4096M) 4.979ms
[4426.493s][info][gc,cpu         ] GC(1260) User=0.03s Sys=0.00s Real=0.00s
[4426.496s][info][gc,marking     ] GC(1260) Concurrent Mark 977.012ms
[4426.496s][info][gc,marking     ] GC(1260) Concurrent Rebuild Remembered Sets and Scrub Regions
.[4426.767s][info][gc,marking     ] GC(1260) Concurrent Rebuild Remembered Sets and Scrub Regions 270.633ms
[4426.770s][info][gc,start       ] GC(1260) Pause Cleanup
[4426.770s][info][gc             ] GC(1260) Pause Cleanup 2797M->2797M(4096M) 0.138ms
[4426.770s][info][gc,cpu         ] GC(1260) User=0.00s Sys=0.00s Real=0.00s
[4426.770s][info][gc,marking     ] GC(1260) Concurrent Clear Claimed Marks
[4426.770s][info][gc,marking     ] GC(1260) Concurrent Clear Claimed Marks 0.030ms
[4426.770s][info][gc,marking     ] GC(1260) Concurrent Cleanup for Next Mark
[4426.775s][info][gc,marking     ] GC(1260) Concurrent Cleanup for Next Mark 4.615ms
[4426.775s][info][gc             ] GC(1260) Concurrent Mark Cycle 1428.649ms
[4427.614s][info][gc,start       ] GC(1261) Pause Young (Prepare Mixed) (G1 Evacuation Pause)
[4427.614s][info][gc,task        ] GC(1261) Using 6 workers of 6 for evacuation
[4427.733s][info][gc,phases      ] GC(1261)   Pre Evacuate Collection Set: 0.34ms
[4427.733s][info][gc,phases      ] GC(1261)   Merge Heap Roots: 0.51ms
[4427.733s][info][gc,phases      ] GC(1261)   Evacuate Collection Set: 117.05ms
[4427.733s][info][gc,phases      ] GC(1261)   Post Evacuate Collection Set: 0.93ms
[4427.733s][info][gc,phases      ] GC(1261)   Other: 0.10ms
[4427.733s][info][gc,heap        ] GC(1261) Eden regions: 1119->0(1105)
[4427.733s][info][gc,heap        ] GC(1261) Survivor regions: 109->112(154)
[4427.733s][info][gc,heap        ] GC(1261) Old regions: 505->536
[4427.733s][info][gc,heap        ] GC(1261) Humongous regions: 80->80
[4427.733s][info][gc,metaspace   ] GC(1261) Metaspace: 28947K(29376K)->28947K(29376K) NonClass: 24077K(24256K)->24077K(24256K) Class: 4869K(5120K)->4869K(5120K)
[4427.733s][info][gc             ] GC(1261) Pause Young (Prepare Mixed) (G1 Evacuation Pause) 3623M->1453M(4096M) 119.060ms
[4427.733s][info][gc,cpu         ] GC(1261) User=0.71s Sys=0.00s Real=0.12s
...[4429.898s][info][gc,start       ] GC(1262) Pause Young (Mixed) (G1 Evacuation Pause)
[4429.898s][info][gc,task        ] GC(1262) Using 6 workers of 6 for evacuation
[4430.034s][info][gc,phases      ] GC(1262)   Pre Evacuate Collection Set: 0.39ms
[4430.034s][info][gc,phases      ] GC(1262)   Merge Heap Roots: 0.71ms
[4430.034s][info][gc,phases      ] GC(1262)   Evacuate Collection Set: 133.54ms
[4430.034s][info][gc,phases      ] GC(1262)   Post Evacuate Collection Set: 0.95ms
[4430.034s][info][gc,phases      ] GC(1262)   Other: 0.09ms
[4430.034s][info][gc,heap        ] GC(1262) Eden regions: 1105->0(1120)
[4430.034s][info][gc,heap        ] GC(1262) Survivor regions: 112->108(153)
[4430.034s][info][gc,heap        ] GC(1262) Old regions: 536->472
[4430.034s][info][gc,heap        ] GC(1262) Humongous regions: 80->80
[4430.034s][info][gc,metaspace   ] GC(1262) Metaspace: 28947K(29376K)->28947K(29376K) NonClass: 24077K(24256K)->24077K(24256K) Class: 4869K(5120K)->4869K(5120K)
[4430.034s][info][gc             ] GC(1262) Pause Young (Mixed) (G1 Evacuation Pause) 3663M->1318M(4096M) 135.805ms
[4430.034s][info][gc,cpu         ] GC(1262) User=0.81s Sys=0.00s Real=0.13s
..[4432.268s][info][gc,start       ] GC(1263) Pause Young (Concurrent Start) (G1 Evacuation Pause)
[4432.268s][info][gc,task        ] GC(1263) Using 6 workers of 6 for evacuation
[4432.388s][info][gc,phases      ] GC(1263)   Pre Evacuate Collection Set: 0.40ms
[4432.388s][info][gc,phases      ] GC(1263)   Merge Heap Roots: 0.46ms
[4432.388s][info][gc,phases      ] GC(1263)   Evacuate Collection Set: 117.39ms
[4432.388s][info][gc,phases      ] GC(1263)   Post Evacuate Collection Set: 0.87ms
[4432.388s][info][gc,phases      ] GC(1263)   Other: 0.11ms
[4432.388s][info][gc,heap        ] GC(1263) Eden regions: 1120->0(1116)
[4432.388s][info][gc,heap        ] GC(1263) Survivor regions: 108->112(154)
[4432.388s][info][gc,heap        ] GC(1263) Old regions: 472->505
[4432.388s][info][gc,heap        ] GC(1263) Humongous regions: 80->80
[4432.388s][info][gc,metaspace   ] GC(1263) Metaspace: 28947K(29376K)->28947K(29376K) NonClass: 24077K(24256K)->24077K(24256K) Class: 4869K(5120K)->4869K(5120K)
[4432.388s][info][gc             ] GC(1263) Pause Young (Concurrent Start) (G1 Evacuation Pause) 3558M->1390M(4096M) 119.344ms
[4432.388s][info][gc             ] GC(1264) Concurrent Mark Cycle
[4432.388s][info][gc,marking     ] GC(1264) Concurrent Scan Root Regions
[4432.388s][info][gc,cpu         ] GC(1263) User=0.70s Sys=0.00s Real=0.12s
[4432.523s][info][gc,marking     ] GC(1264) Concurrent Scan Root Regions 134.732ms
[4432.523s][info][gc,marking     ] GC(1264) Concurrent Mark
[4432.523s][info][gc,marking     ] GC(1264) Concurrent Mark From Roots
[4432.523s][info][gc,task        ] GC(1264) Using 2 workers of 2 for marking
.[4433.216s][info][gc,marking     ] GC(1264) Concurrent Mark From Roots 693.756ms
[4433.216s][info][gc,marking     ] GC(1264) Concurrent Preclean
[4433.217s][info][gc,marking     ] GC(1264) Concurrent Preclean 0.106ms
[4433.219s][info][gc,start       ] GC(1264) Pause Remark
[4433.225s][info][gc             ] GC(1264) Pause Remark 2136M->2136M(4096M) 6.274ms
[4433.225s][info][gc,cpu         ] GC(1264) User=0.04s Sys=0.00s Real=0.00s
[4433.225s][info][gc,marking     ] GC(1264) Concurrent Mark 702.722ms
[4433.225s][info][gc,marking     ] GC(1264) Concurrent Rebuild Remembered Sets and Scrub Regions
[4433.586s][info][gc,marking     ] GC(1264) Concurrent Rebuild Remembered Sets and Scrub Regions 361.063ms
[4433.587s][info][gc,start       ] GC(1264) Pause Cleanup
[4433.587s][info][gc             ] GC(1264) Pause Cleanup 2529M->2529M(4096M) 0.123ms
[4433.587s][info][gc,cpu         ] GC(1264) User=0.00s Sys=0.00s Real=0.00s
[4433.587s][info][gc,marking     ] GC(1264) Concurrent Clear Claimed Marks
[4433.587s][info][gc,marking     ] GC(1264) Concurrent Clear Claimed Marks 0.027ms
[4433.587s][info][gc,marking     ] GC(1264) Concurrent Cleanup for Next Mark
[4433.592s][info][gc,marking     ] GC(1264) Concurrent Cleanup for Next Mark 4.857ms
[4433.592s][info][gc             ] GC(1264) Concurrent Mark Cycle 1204.443ms
.[4434.606s][info][gc,start       ] GC(1265) Pause Young (Prepare Mixed) (G1 Evacuation Pause)
[4434.606s][info][gc,task        ] GC(1265) Using 6 workers of 6 for evacuation
[4434.725s][info][gc,phases      ] GC(1265)   Pre Evacuate Collection Set: 0.33ms
[4434.725s][info][gc,phases      ] GC(1265)   Merge Heap Roots: 0.51ms
[4434.725s][info][gc,phases      ] GC(1265)   Evacuate Collection Set: 117.41ms
[4434.725s][info][gc,phases      ] GC(1265)   Post Evacuate Collection Set: 0.94ms
[4434.725s][info][gc,phases      ] GC(1265)   Other: 0.09ms
[4434.725s][info][gc,heap        ] GC(1265) Eden regions: 1116->0(1107)
[4434.725s][info][gc,heap        ] GC(1265) Survivor regions: 112->111(154)
[4434.725s][info][gc,heap        ] GC(1265) Old regions: 505->536
[4434.725s][info][gc,heap        ] GC(1265) Humongous regions: 80->80
[4434.725s][info][gc,metaspace   ] GC(1265) Metaspace: 28947K(29376K)->28947K(29376K) NonClass: 24077K(24256K)->24077K(24256K) Class: 4869K(5120K)->4869K(5120K)
[4434.725s][info][gc             ] GC(1265) Pause Young (Prepare Mixed) (G1 Evacuation Pause) 3622M->1451M(4096M) 119.426ms
[4434.725s][info][gc,cpu         ] GC(1265) User=0.71s Sys=0.00s Real=0.11s
...[4437.013s][info][gc,start       ] GC(1266) Pause Young (Mixed) (G1 Evacuation Pause)
[4437.014s][info][gc,task        ] GC(1266) Using 6 workers of 6 for evacuation
[4437.161s][info][gc,phases      ] GC(1266)   Pre Evacuate Collection Set: 0.38ms
[4437.161s][info][gc,phases      ] GC(1266)   Merge Heap Roots: 0.74ms
[4437.161s][info][gc,phases      ] GC(1266)   Evacuate Collection Set: 144.98ms
[4437.161s][info][gc,phases      ] GC(1266)   Post Evacuate Collection Set: 0.90ms
[4437.161s][info][gc,phases      ] GC(1266)   Other: 0.10ms
[4437.161s][info][gc,heap        ] GC(1266) Eden regions: 1107->0(1109)
[4437.161s][info][gc,heap        ] GC(1266) Survivor regions: 111->119(153)
[4437.161s][info][gc,heap        ] GC(1266) Old regions: 536->473
[4437.161s][info][gc,heap        ] GC(1266) Humongous regions: 80->80
[4437.161s][info][gc,metaspace   ] GC(1266) Metaspace: 28947K(29376K)->28947K(29376K) NonClass: 24077K(24256K)->24077K(24256K) Class: 4869K(5120K)->4869K(5120K)
[4437.161s][info][gc             ] GC(1266) Pause Young (Mixed) (G1 Evacuation Pause) 3665M->1341M(4096M) 147.235ms
[4437.161s][info][gc,cpu         ] GC(1266) User=0.87s Sys=0.00s Real=0.15s
..[4439.224s][info][gc,start       ] GC(1267) Pause Young (Concurrent Start) (G1 Evacuation Pause)
[4439.224s][info][gc,task        ] GC(1267) Using 6 workers of 6 for evacuation
[4439.343s][info][gc,phases      ] GC(1267)   Pre Evacuate Collection Set: 0.36ms
[4439.343s][info][gc,phases      ] GC(1267)   Merge Heap Roots: 0.45ms
[4439.343s][info][gc,phases      ] GC(1267)   Evacuate Collection Set: 117.38ms
[4439.343s][info][gc,phases      ] GC(1267)   Post Evacuate Collection Set: 0.89ms
[4439.343s][info][gc,phases      ] GC(1267)   Other: 0.09ms
[4439.343s][info][gc,heap        ] GC(1267) Eden regions: 1109->0(1116)
[4439.343s][info][gc,heap        ] GC(1267) Survivor regions: 119->112(154)
[4439.343s][info][gc,heap        ] GC(1267) Old regions: 473->505
[4439.343s][info][gc,heap        ] GC(1267) Humongous regions: 80->80
[4439.343s][info][gc,metaspace   ] GC(1267) Metaspace: 28947K(29376K)->28947K(29376K) NonClass: 24077K(24256K)->24077K(24256K) Class: 4869K(5120K)->4869K(5120K)
[4439.343s][info][gc             ] GC(1267) Pause Young (Concurrent Start) (G1 Evacuation Pause) 3559M->1392M(4096M) 119.319ms
[4439.343s][info][gc             ] GC(1268) Concurrent Mark Cycle
[4439.343s][info][gc,marking     ] GC(1268) Concurrent Scan Root Regions
[4439.343s][info][gc,cpu         ] GC(1267) User=0.71s Sys=0.00s Real=0.12s
[4439.516s][info][gc,marking     ] GC(1268) Concurrent Scan Root Regions 173.350ms
[4439.517s][info][gc,marking     ] GC(1268) Concurrent Mark
[4439.517s][info][gc,marking     ] GC(1268) Concurrent Mark From Roots
[4439.517s][info][gc,task        ] GC(1268) Using 2 workers of 2 for marking
.[4440.489s][info][gc,marking     ] GC(1268) Concurrent Mark From Roots 972.376ms
[4440.489s][info][gc,marking     ] GC(1268) Concurrent Preclean
[4440.489s][info][gc,marking     ] GC(1268) Concurrent Preclean 0.111ms
[4440.494s][info][gc,start       ] GC(1268) Pause Remark
[4440.498s][info][gc             ] GC(1268) Pause Remark 2524M->2524M(4096M) 3.874ms
[4440.498s][info][gc,cpu         ] GC(1268) User=0.02s Sys=0.00s Real=0.01s
[4440.498s][info][gc,marking     ] GC(1268) Concurrent Mark 981.287ms
[4440.498s][info][gc,marking     ] GC(1268) Concurrent Rebuild Remembered Sets and Scrub Regions
[4440.866s][info][gc,marking     ] GC(1268) Concurrent Rebuild Remembered Sets and Scrub Regions 367.991ms
[4440.866s][info][gc,start       ] GC(1268) Pause Cleanup
[4440.867s][info][gc             ] GC(1268) Pause Cleanup 2928M->2928M(4096M) 0.720ms
[4440.867s][info][gc,cpu         ] GC(1268) User=0.00s Sys=0.00s Real=0.00s
[4440.867s][info][gc,marking     ] GC(1268) Concurrent Clear Claimed Marks
[4440.867s][info][gc,marking     ] GC(1268) Concurrent Clear Claimed Marks 0.030ms
[4440.867s][info][gc,marking     ] GC(1268) Concurrent Cleanup for Next Mark
[4440.872s][info][gc,marking     ] GC(1268) Concurrent Cleanup for Next Mark 5.122ms
[4440.872s][info][gc             ] GC(1268) Concurrent Mark Cycle 1528.957ms
.[4441.563s][info][gc,start       ] GC(1269) Pause Young (Prepare Mixed) (G1 Evacuation Pause)
[4441.563s][info][gc,task        ] GC(1269) Using 6 workers of 6 for evacuation
[4441.686s][info][gc,phases      ] GC(1269)   Pre Evacuate Collection Set: 0.34ms
[4441.686s][info][gc,phases      ] GC(1269)   Merge Heap Roots: 0.54ms
[4441.686s][info][gc,phases      ] GC(1269)   Evacuate Collection Set: 120.97ms
[4441.686s][info][gc,phases      ] GC(1269)   Post Evacuate Collection Set: 0.94ms
[4441.686s][info][gc,phases      ] GC(1269)   Other: 0.09ms
[4441.686s][info][gc,heap        ] GC(1269) Eden regions: 1116->0(1102)
[4441.686s][info][gc,heap        ] GC(1269) Survivor regions: 112->113(154)
[4441.686s][info][gc,heap        ] GC(1269) Old regions: 505->537
[4441.686s][info][gc,heap        ] GC(1269) Humongous regions: 80->80
[4441.686s][info][gc,metaspace   ] GC(1269) Metaspace: 28947K(29376K)->28947K(29376K) NonClass: 24077K(24256K)->24077K(24256K) Class: 4869K(5120K)->4869K(5120K)
[4441.686s][info][gc             ] GC(1269) Pause Young (Prepare Mixed) (G1 Evacuation Pause) 3624M->1458M(4096M) 123.010ms
[4441.686s][info][gc,cpu         ] GC(1269) User=0.73s Sys=0.00s Real=0.13s
..[4443.810s][info][gc,start       ] GC(1270) Pause Young (Mixed) (G1 Evacuation Pause)
[4443.810s][info][gc,task        ] GC(1270) Using 6 workers of 6 for evacuation
[4443.953s][info][gc,phases      ] GC(1270)   Pre Evacuate Collection Set: 0.35ms
[4443.953s][info][gc,phases      ] GC(1270)   Merge Heap Roots: 0.73ms
[4443.953s][info][gc,phases      ] GC(1270)   Evacuate Collection Set: 140.43ms
[4443.953s][info][gc,phases      ] GC(1270)   Post Evacuate Collection Set: 0.97ms
[4443.953s][info][gc,phases      ] GC(1270)   Other: 0.10ms
[4443.953s][info][gc,heap        ] GC(1270) Eden regions: 1102->0(1111)
[4443.953s][info][gc,heap        ] GC(1270) Survivor regions: 113->117(152)
[4443.953s][info][gc,heap        ] GC(1270) Old regions: 537->474
[4443.953s][info][gc,heap        ] GC(1270) Humongous regions: 80->80
[4443.953s][info][gc,metaspace   ] GC(1270) Metaspace: 28947K(29376K)->28947K(29376K) NonClass: 24077K(24256K)->24077K(24256K) Class: 4869K(5120K)->4869K(5120K)
[4443.953s][info][gc             ] GC(1270) Pause Young (Mixed) (G1 Evacuation Pause) 3662M->1338M(4096M) 142.734ms
[4443.953s][info][gc,cpu         ] GC(1270) User=0.85s Sys=0.00s Real=0.14s
...[4446.173s][info][gc,start       ] GC(1271) Pause Young (Concurrent Start) (G1 Evacuation Pause)
[4446.173s][info][gc,task        ] GC(1271) Using 6 workers of 6 for evacuation
[4446.289s][info][gc,phases      ] GC(1271)   Pre Evacuate Collection Set: 0.39ms
[4446.289s][info][gc,phases      ] GC(1271)   Merge Heap Roots: 0.46ms
[4446.289s][info][gc,phases      ] GC(1271)   Evacuate Collection Set: 114.10ms
[4446.289s][info][gc,phases      ] GC(1271)   Post Evacuate Collection Set: 0.87ms
[4446.289s][info][gc,phases      ] GC(1271)   Other: 0.12ms
[4446.289s][info][gc,heap        ] GC(1271) Eden regions: 1111->0(1121)
[4446.289s][info][gc,heap        ] GC(1271) Survivor regions: 117->107(154)
[4446.289s][info][gc,heap        ] GC(1271) Old regions: 474->506
[4446.289s][info][gc,heap        ] GC(1271) Humongous regions: 80->80
[4446.289s][info][gc,metaspace   ] GC(1271) Metaspace: 28947K(29376K)->28947K(29376K) NonClass: 24077K(24256K)->24077K(24256K) Class: 4869K(5120K)->4869K(5120K)
[4446.289s][info][gc             ] GC(1271) Pause Young (Concurrent Start) (G1 Evacuation Pause) 3560M->1383M(4096M) 116.069ms
[4446.289s][info][gc             ] GC(1272) Concurrent Mark Cycle
[4446.289s][info][gc,marking     ] GC(1272) Concurrent Scan Root Regions
[4446.289s][info][gc,cpu         ] GC(1271) User=0.68s Sys=0.00s Real=0.12s
[4446.430s][info][gc,marking     ] GC(1272) Concurrent Scan Root Regions 141.004ms
[4446.430s][info][gc,marking     ] GC(1272) Concurrent Mark
[4446.430s][info][gc,marking     ] GC(1272) Concurrent Mark From Roots
[4446.430s][info][gc,task        ] GC(1272) Using 2 workers of 2 for marking
.[4447.203s][info][gc,marking     ] GC(1272) Concurrent Mark From Roots 772.598ms
[4447.203s][info][gc,marking     ] GC(1272) Concurrent Preclean
[4447.203s][info][gc,marking     ] GC(1272) Concurrent Preclean 0.132ms
[4447.204s][info][gc,start       ] GC(1272) Pause Remark
[4447.210s][info][gc             ] GC(1272) Pause Remark 2245M->2245M(4096M) 5.750ms
[4447.210s][info][gc,cpu         ] GC(1272) User=0.02s Sys=0.01s Real=0.01s
[4447.210s][info][gc,marking     ] GC(1272) Concurrent Mark 779.674ms
[4447.210s][info][gc,marking     ] GC(1272) Concurrent Rebuild Remembered Sets and Scrub Regions
[4447.510s][info][gc,marking     ] GC(1272) Concurrent Rebuild Remembered Sets and Scrub Regions 299.690ms
[4447.513s][info][gc,start       ] GC(1272) Pause Cleanup
[4447.513s][info][gc             ] GC(1272) Pause Cleanup 2575M->2575M(4096M) 0.136ms
[4447.513s][info][gc,cpu         ] GC(1272) User=0.00s Sys=0.00s Real=0.00s
[4447.513s][info][gc,marking     ] GC(1272) Concurrent Clear Claimed Marks
[4447.513s][info][gc,marking     ] GC(1272) Concurrent Clear Claimed Marks 0.045ms
[4447.513s][info][gc,marking     ] GC(1272) Concurrent Cleanup for Next Mark
[4447.519s][info][gc,marking     ] GC(1272) Concurrent Cleanup for Next Mark 6.327ms
[4447.519s][info][gc             ] GC(1272) Concurrent Mark Cycle 1229.989ms
.[4448.552s][info][gc,start       ] GC(1273) Pause Young (Prepare Mixed) (G1 Evacuation Pause)
[4448.552s][info][gc,task        ] GC(1273) Using 6 workers of 6 for evacuation
[4448.671s][info][gc,phases      ] GC(1273)   Pre Evacuate Collection Set: 0.35ms
[4448.671s][info][gc,phases      ] GC(1273)   Merge Heap Roots: 0.54ms
[4448.671s][info][gc,phases      ] GC(1273)   Evacuate Collection Set: 117.36ms
[4448.671s][info][gc,phases      ] GC(1273)   Post Evacuate Collection Set: 0.94ms
[4448.671s][info][gc,phases      ] GC(1273)   Other: 0.09ms
[4448.671s][info][gc,heap        ] GC(1273) Eden regions: 1121->0(1106)
[4448.671s][info][gc,heap        ] GC(1273) Survivor regions: 107->111(154)
[4448.671s][info][gc,heap        ] GC(1273) Old regions: 506->537
[4448.671s][info][gc,heap        ] GC(1273) Humongous regions: 80->80
[4448.671s][info][gc,metaspace   ] GC(1273) Metaspace: 28947K(29376K)->28947K(29376K) NonClass: 24077K(24256K)->24077K(24256K) Class: 4869K(5120K)->4869K(5120K)
[4448.671s][info][gc             ] GC(1273) Pause Young (Prepare Mixed) (G1 Evacuation Pause) 3625M->1453M(4096M) 119.417ms
[4448.671s][info][gc,cpu         ] GC(1273) User=0.71s Sys=0.00s Real=0.12s
..[4450.884s][info][gc,start       ] GC(1274) Pause Young (Mixed) (G1 Evacuation Pause)
[4450.884s][info][gc,task        ] GC(1274) Using 6 workers of 6 for evacuation
[4451.022s][info][gc,phases      ] GC(1274)   Pre Evacuate Collection Set: 0.36ms
[4451.022s][info][gc,phases      ] GC(1274)   Merge Heap Roots: 0.67ms
[4451.022s][info][gc,phases      ] GC(1274)   Evacuate Collection Set: 135.02ms
[4451.022s][info][gc,phases      ] GC(1274)   Post Evacuate Collection Set: 0.94ms
[4451.022s][info][gc,phases      ] GC(1274)   Other: 0.09ms
[4451.022s][info][gc,heap        ] GC(1274) Eden regions: 1106->0(1116)
[4451.022s][info][gc,heap        ] GC(1274) Survivor regions: 111->112(153)
[4451.022s][info][gc,heap        ] GC(1274) Old regions: 537->472
[4451.022s][info][gc,heap        ] GC(1274) Humongous regions: 80->80
[4451.022s][info][gc,metaspace   ] GC(1274) Metaspace: 28947K(29376K)->28947K(29376K) NonClass: 24077K(24256K)->24077K(24256K) Class: 4869K(5120K)->4869K(5120K)
[4451.022s][info][gc             ] GC(1274) Pause Young (Mixed) (G1 Evacuation Pause) 3665M->1325M(4096M) 137.222ms
[4451.022s][info][gc,cpu         ] GC(1274) User=0.82s Sys=0.00s Real=0.14s
...[4453.138s][info][gc,start       ] GC(1275) Pause Young (Concurrent Start) (G1 Evacuation Pause)
[4453.138s][info][gc,task        ] GC(1275) Using 6 workers of 6 for evacuation
[4453.254s][info][gc,phases      ] GC(1275)   Pre Evacuate Collection Set: 0.36ms
[4453.254s][info][gc,phases      ] GC(1275)   Merge Heap Roots: 0.49ms
[4453.254s][info][gc,phases      ] GC(1275)   Evacuate Collection Set: 114.64ms
[4453.254s][info][gc,phases      ] GC(1275)   Post Evacuate Collection Set: 0.88ms
[4453.254s][info][gc,phases      ] GC(1275)   Other: 0.13ms
[4453.254s][info][gc,heap        ] GC(1275) Eden regions: 1116->0(1120)
[4453.254s][info][gc,heap        ] GC(1275) Survivor regions: 112->108(154)
[4453.254s][info][gc,heap        ] GC(1275) Old regions: 472->505
[4453.254s][info][gc,heap        ] GC(1275) Humongous regions: 80->80
[4453.254s][info][gc,metaspace   ] GC(1275) Metaspace: 28947K(29376K)->28947K(29376K) NonClass: 24077K(24256K)->24077K(24256K) Class: 4869K(5120K)->4869K(5120K)
[4453.255s][info][gc             ] GC(1275) Pause Young (Concurrent Start) (G1 Evacuation Pause) 3557M->1383M(4096M) 116.623ms
[4453.255s][info][gc             ] GC(1276) Concurrent Mark Cycle
[4453.255s][info][gc,marking     ] GC(1276) Concurrent Scan Root Regions
[4453.255s][info][gc,cpu         ] GC(1275) User=0.69s Sys=0.00s Real=0.11s
[4453.424s][info][gc,marking     ] GC(1276) Concurrent Scan Root Regions 169.711ms
[4453.424s][info][gc,marking     ] GC(1276) Concurrent Mark
[4453.424s][info][gc,marking     ] GC(1276) Concurrent Mark From Roots
[4453.424s][info][gc,task        ] GC(1276) Using 2 workers of 2 for marking
.[4454.378s][info][gc,marking     ] GC(1276) Concurrent Mark From Roots 953.202ms
[4454.378s][info][gc,marking     ] GC(1276) Concurrent Preclean
[4454.378s][info][gc,marking     ] GC(1276) Concurrent Preclean 0.112ms
[4454.378s][info][gc,start       ] GC(1276) Pause Remark
[4454.385s][info][gc             ] GC(1276) Pause Remark 2461M->2461M(4096M) 7.173ms
[4454.385s][info][gc,cpu         ] GC(1276) User=0.04s Sys=0.00s Real=0.00s
[4454.387s][info][gc,marking     ] GC(1276) Concurrent Mark 962.219ms
[4454.387s][info][gc,marking     ] GC(1276) Concurrent Rebuild Remembered Sets and Scrub Regions
[4454.658s][info][gc,marking     ] GC(1276) Concurrent Rebuild Remembered Sets and Scrub Regions 271.926ms
[4454.661s][info][gc,start       ] GC(1276) Pause Cleanup
[4454.661s][info][gc             ] GC(1276) Pause Cleanup 2705M->2705M(4096M) 0.131ms
[4454.661s][info][gc,cpu         ] GC(1276) User=0.00s Sys=0.00s Real=0.00s
[4454.661s][info][gc,marking     ] GC(1276) Concurrent Clear Claimed Marks
[4454.661s][info][gc,marking     ] GC(1276) Concurrent Clear Claimed Marks 0.033ms
[4454.661s][info][gc,marking     ] GC(1276) Concurrent Cleanup for Next Mark
[4454.672s][info][gc,marking     ] GC(1276) Concurrent Cleanup for Next Mark 10.712ms
[4454.672s][info][gc             ] GC(1276) Concurrent Mark Cycle 1417.143ms
.[4455.416s][info][gc,start       ] GC(1277) Pause Young (Prepare Mixed) (G1 Evacuation Pause)
[4455.416s][info][gc,task        ] GC(1277) Using 6 workers of 6 for evacuation
[4455.534s][info][gc,phases      ] GC(1277)   Pre Evacuate Collection Set: 0.34ms
[4455.534s][info][gc,phases      ] GC(1277)   Merge Heap Roots: 0.53ms
[4455.534s][info][gc,phases      ] GC(1277)   Evacuate Collection Set: 115.64ms
[4455.534s][info][gc,phases      ] GC(1277)   Post Evacuate Collection Set: 0.93ms
[4455.534s][info][gc,phases      ] GC(1277)   Other: 0.09ms
[4455.534s][info][gc,heap        ] GC(1277) Eden regions: 1120->0(1110)
[4455.534s][info][gc,heap        ] GC(1277) Survivor regions: 108->109(154)
[4455.534s][info][gc,heap        ] GC(1277) Old regions: 505->537
[4455.534s][info][gc,heap        ] GC(1277) Humongous regions: 80->80
[4455.534s][info][gc,metaspace   ] GC(1277) Metaspace: 28947K(29376K)->28947K(29376K) NonClass: 24077K(24256K)->24077K(24256K) Class: 4869K(5120K)->4869K(5120K)
[4455.534s][info][gc             ] GC(1277) Pause Young (Prepare Mixed) (G1 Evacuation Pause) 3623M->1448M(4096M) 117.657ms
[4455.534s][info][gc,cpu         ] GC(1277) User=0.70s Sys=0.00s Real=0.11s
..[4457.812s][info][gc,start       ] GC(1278) Pause Young (Mixed) (G1 Evacuation Pause)
[4457.812s][info][gc,task        ] GC(1278) Using 6 workers of 6 for evacuation
[4457.952s][info][gc,phases      ] GC(1278)   Pre Evacuate Collection Set: 0.39ms
[4457.952s][info][gc,phases      ] GC(1278)   Merge Heap Roots: 0.72ms
[4457.952s][info][gc,phases      ] GC(1278)   Evacuate Collection Set: 138.26ms
[4457.952s][info][gc,phases      ] GC(1278)   Post Evacuate Collection Set: 0.94ms
[4457.952s][info][gc,phases      ] GC(1278)   Other: 0.09ms
[4457.952s][info][gc,heap        ] GC(1278) Eden regions: 1110->0(1112)
[4457.952s][info][gc,heap        ] GC(1278) Survivor regions: 109->116(153)
[4457.952s][info][gc,heap        ] GC(1278) Old regions: 537->472
[4457.952s][info][gc,heap        ] GC(1278) Humongous regions: 80->80
[4457.952s][info][gc,metaspace   ] GC(1278) Metaspace: 28947K(29376K)->28947K(29376K) NonClass: 24077K(24256K)->24077K(24256K) Class: 4869K(5120K)->4869K(5120K)
[4457.952s][info][gc             ] GC(1278) Pause Young (Mixed) (G1 Evacuation Pause) 3668M->1333M(4096M) 140.524ms
[4457.952s][info][gc,cpu         ] GC(1278) User=0.83s Sys=0.01s Real=0.14s
...[4460.153s][info][gc,start       ] GC(1279) Pause Young (Concurrent Start) (G1 Evacuation Pause)
[4460.153s][info][gc,task        ] GC(1279) Using 6 workers of 6 for evacuation
[4460.272s][info][gc,phases      ] GC(1279)   Pre Evacuate Collection Set: 0.35ms
[4460.272s][info][gc,phases      ] GC(1279)   Merge Heap Roots: 0.49ms
[4460.272s][info][gc,phases      ] GC(1279)   Evacuate Collection Set: 117.10ms
[4460.272s][info][gc,phases      ] GC(1279)   Post Evacuate Collection Set: 0.89ms
[4460.272s][info][gc,phases      ] GC(1279)   Other: 0.11ms
[4460.272s][info][gc,heap        ] GC(1279) Eden regions: 1112->0(1118)
[4460.272s][info][gc,heap        ] GC(1279) Survivor regions: 116->110(154)
[4460.272s][info][gc,heap        ] GC(1279) Old regions: 472->504
[4460.272s][info][gc,heap        ] GC(1279) Humongous regions: 80->80
[4460.272s][info][gc,metaspace   ] GC(1279) Metaspace: 28947K(29376K)->28947K(29376K) NonClass: 24077K(24256K)->24077K(24256K) Class: 4869K(5120K)->4869K(5120K)
[4460.272s][info][gc             ] GC(1279) Pause Young (Concurrent Start) (G1 Evacuation Pause) 3557M->1385M(4096M) 119.060ms
[4460.272s][info][gc             ] GC(1280) Concurrent Mark Cycle
[4460.272s][info][gc,marking     ] GC(1280) Concurrent Scan Root Regions
[4460.272s][info][gc,cpu         ] GC(1279) User=0.70s Sys=0.00s Real=0.12s
[4460.409s][info][gc,marking     ] GC(1280) Concurrent Scan Root Regions 136.226ms
[4460.409s][info][gc,marking     ] GC(1280) Concurrent Mark
[4460.409s][info][gc,marking     ] GC(1280) Concurrent Mark From Roots
[4460.409s][info][gc,task        ] GC(1280) Using 2 workers of 2 for marking
[4461.083s][info][gc,marking     ] GC(1280) Concurrent Mark From Roots 674.665ms
[4461.083s][info][gc,marking     ] GC(1280) Concurrent Preclean
[4461.083s][info][gc,marking     ] GC(1280) Concurrent Preclean 0.095ms
[4461.087s][info][gc,start       ] GC(1280) Pause Remark
[4461.093s][info][gc             ] GC(1280) Pause Remark 2093M->2093M(4096M) 5.510ms
[4461.093s][info][gc,cpu         ] GC(1280) User=0.03s Sys=0.00s Real=0.00s
[4461.093s][info][gc,marking     ] GC(1280) Concurrent Mark 684.350ms
[4461.093s][info][gc,marking     ] GC(1280) Concurrent Rebuild Remembered Sets and Scrub Regions
.[4461.462s][info][gc,marking     ] GC(1280) Concurrent Rebuild Remembered Sets and Scrub Regions 368.894ms
[4461.462s][info][gc,start       ] GC(1280) Pause Cleanup
[4461.462s][info][gc             ] GC(1280) Pause Cleanup 2485M->2485M(4096M) 0.120ms
[4461.462s][info][gc,cpu         ] GC(1280) User=0.00s Sys=0.00s Real=0.00s
[4461.464s][info][gc,marking     ] GC(1280) Concurrent Clear Claimed Marks
[4461.465s][info][gc,marking     ] GC(1280) Concurrent Clear Claimed Marks 0.059ms
[4461.465s][info][gc,marking     ] GC(1280) Concurrent Cleanup for Next Mark
[4461.470s][info][gc,marking     ] GC(1280) Concurrent Cleanup for Next Mark 5.579ms
[4461.470s][info][gc             ] GC(1280) Concurrent Mark Cycle 1197.877ms
.[4462.476s][info][gc,start       ] GC(1281) Pause Young (Prepare Mixed) (G1 Evacuation Pause)
[4462.476s][info][gc,task        ] GC(1281) Using 6 workers of 6 for evacuation
[4462.599s][info][gc,phases      ] GC(1281)   Pre Evacuate Collection Set: 0.34ms
[4462.599s][info][gc,phases      ] GC(1281)   Merge Heap Roots: 0.51ms
[4462.599s][info][gc,phases      ] GC(1281)   Evacuate Collection Set: 120.74ms
[4462.599s][info][gc,phases      ] GC(1281)   Post Evacuate Collection Set: 0.93ms
[4462.599s][info][gc,phases      ] GC(1281)   Other: 0.09ms
[4462.599s][info][gc,heap        ] GC(1281) Eden regions: 1118->0(1100)
[4462.599s][info][gc,heap        ] GC(1281) Survivor regions: 110->114(154)
[4462.599s][info][gc,heap        ] GC(1281) Old regions: 504->537
[4462.599s][info][gc,heap        ] GC(1281) Humongous regions: 80->80
[4462.599s][info][gc,metaspace   ] GC(1281) Metaspace: 28947K(29376K)->28947K(29376K) NonClass: 24077K(24256K)->24077K(24256K) Class: 4869K(5120K)->4869K(5120K)
[4462.599s][info][gc             ] GC(1281) Pause Young (Prepare Mixed) (G1 Evacuation Pause) 3621M->1459M(4096M) 122.726ms
[4462.599s][info][gc,cpu         ] GC(1281) User=0.73s Sys=0.00s Real=0.12s
..[4464.807s][info][gc,start       ] GC(1282) Pause Young (Mixed) (G1 Evacuation Pause)
[4464.807s][info][gc,task        ] GC(1282) Using 6 workers of 6 for evacuation
[4464.942s][info][gc,phases      ] GC(1282)   Pre Evacuate Collection Set: 0.36ms
[4464.942s][info][gc,phases      ] GC(1282)   Merge Heap Roots: 0.70ms
[4464.942s][info][gc,phases      ] GC(1282)   Evacuate Collection Set: 132.41ms
[4464.942s][info][gc,phases      ] GC(1282)   Post Evacuate Collection Set: 0.94ms
[4464.942s][info][gc,phases      ] GC(1282)   Other: 0.09ms
[4464.942s][info][gc,heap        ] GC(1282) Eden regions: 1100->0(1116)
[4464.942s][info][gc,heap        ] GC(1282) Survivor regions: 114->112(152)
[4464.942s][info][gc,heap        ] GC(1282) Old regions: 537->472
[4464.942s][info][gc,heap        ] GC(1282) Humongous regions: 80->80
[4464.942s][info][gc,metaspace   ] GC(1282) Metaspace: 28947K(29376K)->28947K(29376K) NonClass: 24077K(24256K)->24077K(24256K) Class: 4869K(5120K)->4869K(5120K)
[4464.942s][info][gc             ] GC(1282) Pause Young (Mixed) (G1 Evacuation Pause) 3659M->1325M(4096M) 134.624ms
[4464.942s][info][gc,cpu         ] GC(1282) User=0.79s Sys=0.00s Real=0.13s
..[4467.143s][info][gc,start       ] GC(1283) Pause Young (Concurrent Start) (G1 Evacuation Pause)
[4467.143s][info][gc,task        ] GC(1283) Using 6 workers of 6 for evacuation
[4467.259s][info][gc,phases      ] GC(1283)   Pre Evacuate Collection Set: 0.40ms
[4467.259s][info][gc,phases      ] GC(1283)   Merge Heap Roots: 0.46ms
[4467.259s][info][gc,phases      ] GC(1283)   Evacuate Collection Set: 114.20ms
[4467.259s][info][gc,phases      ] GC(1283)   Post Evacuate Collection Set: 0.90ms
[4467.259s][info][gc,phases      ] GC(1283)   Other: 0.11ms
[4467.259s][info][gc,heap        ] GC(1283) Eden regions: 1116->0(1120)
[4467.259s][info][gc,heap        ] GC(1283) Survivor regions: 112->108(154)
[4467.259s][info][gc,heap        ] GC(1283) Old regions: 472->504
[4467.259s][info][gc,heap        ] GC(1283) Humongous regions: 80->80
[4467.259s][info][gc,metaspace   ] GC(1283) Metaspace: 28947K(29376K)->28947K(29376K) NonClass: 24077K(24256K)->24077K(24256K) Class: 4869K(5120K)->4869K(5120K)
[4467.259s][info][gc             ] GC(1283) Pause Young (Concurrent Start) (G1 Evacuation Pause) 3557M->1381M(4096M) 116.198ms
[4467.259s][info][gc             ] GC(1284) Concurrent Mark Cycle
[4467.259s][info][gc,marking     ] GC(1284) Concurrent Scan Root Regions
[4467.259s][info][gc,cpu         ] GC(1283) User=0.69s Sys=0.00s Real=0.12s
. (rIR:aIR:PR = 8025:8041:8041) (tPR = 119567) [OK] 
  4467s: Performance info:
         Transaction,    Success,    Partial,     Failed,   Receipts, AvgBarcode, 
             Overall,     489846,          0,          0,     465255,      59.47, 
         Response times:
             Request,    Success,    Partial,     Failed,   SkipFail,     Probes,    Samples,      min,      p50,      p90,      p95,      p99,      max, 
       TotalPurchase,     465432,          0,          0,          0,     355662,     458924,      300,     7000,   102000,   137000,   194000,   418000,
     InStorePurchase,     244785,          0,          0,          0,     187471,     241620,      300,     7000,   102000,   137000,   198000,   366000,
      OnlinePurchase,     171844,          0,          0,          0,     131014,     168966,      300,     6800,   101000,   137000,   186000,   366000,
        InstPurchase,      48803,          0,          0,          0,      37177,      48338,      400,     7200,   103000,   137000,   202000,   418000,
          AssocOfCat,        488,          0,          0,          0,        405,        623,    25000,    42000,   160600,   192800,   278280,   324000,
      AssocOfProduct,       4924,          0,          0,          0,       3345,       4582,      500,     6400,   101000,   136850,   185170,   279000,
      BusinessReport,       1222,          0,          0,          0,       1062,       1503,    23000,    49000,   161000,   189000,   247960,   680000,
          CustBuyBeh,       4814,          0,          0,          0,       3414,       4634,      200,     6200,    97000,   131250,   184000,   418000,
       ProductReturn,      12999,          0,          0,          0,       9904,      13027,      300,     7400,   105000,   135000,   200000,   311000,

  4467s: (59%)   IR =   8164 [4467.442s][info][gc,marking     ] GC(1284) Concurrent Scan Root Regions 183.667ms
[4467.443s][info][gc,marking     ] GC(1284) Concurrent Mark
[4467.443s][info][gc,marking     ] GC(1284) Concurrent Mark From Roots
[4467.443s][info][gc,task        ] GC(1284) Using 2 workers of 2 for marking
[4468.127s][info][gc,marking     ] GC(1284) Concurrent Mark From Roots 684.841ms
[4468.127s][info][gc,marking     ] GC(1284) Concurrent Preclean
[4468.128s][info][gc,marking     ] GC(1284) Concurrent Preclean 0.102ms
[4468.128s][info][gc,start       ] GC(1284) Pause Remark
[4468.134s][info][gc             ] GC(1284) Pause Remark 2115M->2115M(4096M) 5.849ms
[4468.134s][info][gc,cpu         ] GC(1284) User=0.03s Sys=0.00s Real=0.00s
[4468.134s][info][gc,marking     ] GC(1284) Concurrent Mark 691.186ms
[4468.134s][info][gc,marking     ] GC(1284) Concurrent Rebuild Remembered Sets and Scrub Regions
[4468.418s][info][gc,marking     ] GC(1284) Concurrent Rebuild Remembered Sets and Scrub Regions 284.049ms
[4468.418s][info][gc,start       ] GC(1284) Pause Cleanup
[4468.418s][info][gc             ] GC(1284) Pause Cleanup 2420M->2420M(4096M) 0.105ms
[4468.418s][info][gc,cpu         ] GC(1284) User=0.00s Sys=0.00s Real=0.00s
[4468.418s][info][gc,marking     ] GC(1284) Concurrent Clear Claimed Marks
[4468.418s][info][gc,marking     ] GC(1284) Concurrent Clear Claimed Marks 0.021ms
[4468.418s][info][gc,marking     ] GC(1284) Concurrent Cleanup for Next Mark
[4468.431s][info][gc,marking     ] GC(1284) Concurrent Cleanup for Next Mark 12.599ms
[4468.431s][info][gc             ] GC(1284) Concurrent Mark Cycle 1171.935ms
..[4469.567s][info][gc,start       ] GC(1285) Pause Young (Prepare Mixed) (G1 Evacuation Pause)
[4469.567s][info][gc,task        ] GC(1285) Using 6 workers of 6 for evacuation
[4469.688s][info][gc,phases      ] GC(1285)   Pre Evacuate Collection Set: 0.35ms
[4469.688s][info][gc,phases      ] GC(1285)   Merge Heap Roots: 0.54ms
[4469.688s][info][gc,phases      ] GC(1285)   Evacuate Collection Set: 118.32ms
[4469.688s][info][gc,phases      ] GC(1285)   Post Evacuate Collection Set: 1.01ms
[4469.688s][info][gc,phases      ] GC(1285)   Other: 0.10ms
[4469.688s][info][gc,heap        ] GC(1285) Eden regions: 1120->0(1109)
[4469.688s][info][gc,heap        ] GC(1285) Survivor regions: 108->110(154)
[4469.688s][info][gc,heap        ] GC(1285) Old regions: 504->536
[4469.688s][info][gc,heap        ] GC(1285) Humongous regions: 80->80
[4469.688s][info][gc,metaspace   ] GC(1285) Metaspace: 28948K(29376K)->28948K(29376K) NonClass: 24078K(24256K)->24078K(24256K) Class: 4869K(5120K)->4869K(5120K)
[4469.688s][info][gc             ] GC(1285) Pause Young (Prepare Mixed) (G1 Evacuation Pause) 3621M->1449M(4096M) 120.447ms
[4469.688s][info][gc,cpu         ] GC(1285) User=0.72s Sys=0.00s Real=0.12s
..[4471.900s][info][gc,start       ] GC(1286) Pause Young (Mixed) (G1 Evacuation Pause)
[4471.900s][info][gc,task        ] GC(1286) Using 6 workers of 6 for evacuation
[4472.035s][info][gc,phases      ] GC(1286)   Pre Evacuate Collection Set: 0.37ms
[4472.035s][info][gc,phases      ] GC(1286)   Merge Heap Roots: 0.70ms
[4472.035s][info][gc,phases      ] GC(1286)   Evacuate Collection Set: 132.76ms
[4472.035s][info][gc,phases      ] GC(1286)   Post Evacuate Collection Set: 0.94ms
[4472.035s][info][gc,phases      ] GC(1286)   Other: 0.09ms
[4472.035s][info][gc,heap        ] GC(1286) Eden regions: 1109->0(1119)
[4472.035s][info][gc,heap        ] GC(1286) Survivor regions: 110->109(153)
[4472.035s][info][gc,heap        ] GC(1286) Old regions: 536->472
[4472.035s][info][gc,heap        ] GC(1286) Humongous regions: 80->80
[4472.035s][info][gc,metaspace   ] GC(1286) Metaspace: 28948K(29376K)->28948K(29376K) NonClass: 24078K(24256K)->24078K(24256K) Class: 4869K(5120K)->4869K(5120K)
[4472.035s][info][gc             ] GC(1286) Pause Young (Mixed) (G1 Evacuation Pause) 3667M->1318M(4096M) 135.000ms
[4472.035s][info][gc,cpu         ] GC(1286) User=0.80s Sys=0.00s Real=0.13s
..[4474.224s][info][gc,start       ] GC(1287) Pause Young (Concurrent Start) (G1 Evacuation Pause)
[4474.224s][info][gc,task        ] GC(1287) Using 6 workers of 6 for evacuation
[4474.342s][info][gc,phases      ] GC(1287)   Pre Evacuate Collection Set: 0.41ms
[4474.343s][info][gc,phases      ] GC(1287)   Merge Heap Roots: 0.52ms
[4474.343s][info][gc,phases      ] GC(1287)   Evacuate Collection Set: 116.34ms
[4474.343s][info][gc,phases      ] GC(1287)   Post Evacuate Collection Set: 0.89ms
[4474.343s][info][gc,phases      ] GC(1287)   Other: 0.12ms
[4474.343s][info][gc,heap        ] GC(1287) Eden regions: 1119->0(1119)
[4474.343s][info][gc,heap        ] GC(1287) Survivor regions: 109->109(154)
[4474.343s][info][gc,heap        ] GC(1287) Old regions: 472->504
[4474.343s][info][gc,heap        ] GC(1287) Humongous regions: 80->80
[4474.343s][info][gc,metaspace   ] GC(1287) Metaspace: 28948K(29376K)->28948K(29376K) NonClass: 24078K(24256K)->24078K(24256K) Class: 4869K(5120K)->4869K(5120K)
[4474.343s][info][gc             ] GC(1287) Pause Young (Concurrent Start) (G1 Evacuation Pause) 3556M->1384M(4096M) 118.418ms
[4474.343s][info][gc             ] GC(1288) Concurrent Mark Cycle
[4474.343s][info][gc,marking     ] GC(1288) Concurrent Scan Root Regions
[4474.343s][info][gc,cpu         ] GC(1287) User=0.70s Sys=0.00s Real=0.12s
.[4474.549s][info][gc,marking     ] GC(1288) Concurrent Scan Root Regions 206.087ms
[4474.549s][info][gc,marking     ] GC(1288) Concurrent Mark
[4474.549s][info][gc,marking     ] GC(1288) Concurrent Mark From Roots
[4474.549s][info][gc,task        ] GC(1288) Using 2 workers of 2 for marking
[4475.281s][info][gc,marking     ] GC(1288) Concurrent Mark From Roots 732.497ms
[4475.281s][info][gc,marking     ] GC(1288) Concurrent Preclean
[4475.281s][info][gc,marking     ] GC(1288) Concurrent Preclean 0.143ms
[4475.283s][info][gc,start       ] GC(1288) Pause Remark
[4475.287s][info][gc             ] GC(1288) Pause Remark 2284M->2284M(4096M) 4.311ms
[4475.287s][info][gc,cpu         ] GC(1288) User=0.02s Sys=0.00s Real=0.01s
[4475.287s][info][gc,marking     ] GC(1288) Concurrent Mark 738.513ms
[4475.287s][info][gc,marking     ] GC(1288) Concurrent Rebuild Remembered Sets and Scrub Regions
.[4475.703s][info][gc,marking     ] GC(1288) Concurrent Rebuild Remembered Sets and Scrub Regions 415.771ms
[4475.705s][info][gc,start       ] GC(1288) Pause Cleanup
[4475.705s][info][gc             ] GC(1288) Pause Cleanup 2732M->2732M(4096M) 0.140ms
[4475.705s][info][gc,cpu         ] GC(1288) User=0.00s Sys=0.00s Real=0.00s
[4475.705s][info][gc,marking     ] GC(1288) Concurrent Clear Claimed Marks
[4475.705s][info][gc,marking     ] GC(1288) Concurrent Clear Claimed Marks 0.026ms
[4475.705s][info][gc,marking     ] GC(1288) Concurrent Cleanup for Next Mark
[4475.717s][info][gc,marking     ] GC(1288) Concurrent Cleanup for Next Mark 11.753ms
[4475.717s][info][gc             ] GC(1288) Concurrent Mark Cycle 1374.198ms
[4476.530s][info][gc,start       ] GC(1289) Pause Young (Prepare Mixed) (G1 Evacuation Pause)
[4476.530s][info][gc,task        ] GC(1289) Using 6 workers of 6 for evacuation
[4476.648s][info][gc,phases      ] GC(1289)   Pre Evacuate Collection Set: 0.36ms
[4476.648s][info][gc,phases      ] GC(1289)   Merge Heap Roots: 0.54ms
[4476.648s][info][gc,phases      ] GC(1289)   Evacuate Collection Set: 115.60ms
[4476.648s][info][gc,phases      ] GC(1289)   Post Evacuate Collection Set: 0.93ms
[4476.648s][info][gc,phases      ] GC(1289)   Other: 0.09ms
[4476.648s][info][gc,heap        ] GC(1289) Eden regions: 1119->0(1109)
[4476.648s][info][gc,heap        ] GC(1289) Survivor regions: 109->110(154)
[4476.648s][info][gc,heap        ] GC(1289) Old regions: 504->536
[4476.648s][info][gc,heap        ] GC(1289) Humongous regions: 80->80
[4476.648s][info][gc,metaspace   ] GC(1289) Metaspace: 28948K(29376K)->28948K(29376K) NonClass: 24078K(24256K)->24078K(24256K) Class: 4869K(5120K)->4869K(5120K)
[4476.648s][info][gc             ] GC(1289) Pause Young (Prepare Mixed) (G1 Evacuation Pause) 3622M->1450M(4096M) 117.647ms
[4476.648s][info][gc,cpu         ] GC(1289) User=0.70s Sys=0.00s Real=0.12s
...[4478.819s][info][gc,start       ] GC(1290) Pause Young (Mixed) (G1 Evacuation Pause)
[4478.819s][info][gc,task        ] GC(1290) Using 6 workers of 6 for evacuation
[4478.960s][info][gc,phases      ] GC(1290)   Pre Evacuate Collection Set: 0.37ms
[4478.960s][info][gc,phases      ] GC(1290)   Merge Heap Roots: 0.75ms
[4478.960s][info][gc,phases      ] GC(1290)   Evacuate Collection Set: 138.95ms
[4478.960s][info][gc,phases      ] GC(1290)   Post Evacuate Collection Set: 0.92ms
[4478.960s][info][gc,phases      ] GC(1290)   Other: 0.09ms
[4478.960s][info][gc,heap        ] GC(1290) Eden regions: 1109->0(1115)
[4478.960s][info][gc,heap        ] GC(1290) Survivor regions: 110->113(153)
[4478.960s][info][gc,heap        ] GC(1290) Old regions: 536->475
[4478.960s][info][gc,heap        ] GC(1290) Humongous regions: 80->80
[4478.960s][info][gc,metaspace   ] GC(1290) Metaspace: 28948K(29376K)->28948K(29376K) NonClass: 24078K(24256K)->24078K(24256K) Class: 4869K(5120K)->4869K(5120K)
[4478.960s][info][gc             ] GC(1290) Pause Young (Mixed) (G1 Evacuation Pause) 3668M->1333M(4096M) 141.239ms
[4478.960s][info][gc,cpu         ] GC(1290) User=0.83s Sys=0.00s Real=0.14s
.|.[4481.165s][info][gc,start       ] GC(1291) Pause Young (Concurrent Start) (G1 Evacuation Pause)
[4481.165s][info][gc,task        ] GC(1291) Using 6 workers of 6 for evacuation
[4481.283s][info][gc,phases      ] GC(1291)   Pre Evacuate Collection Set: 0.38ms
[4481.283s][info][gc,phases      ] GC(1291)   Merge Heap Roots: 0.48ms
[4481.283s][info][gc,phases      ] GC(1291)   Evacuate Collection Set: 116.32ms
[4481.283s][info][gc,phases      ] GC(1291)   Post Evacuate Collection Set: 0.85ms
[4481.283s][info][gc,phases      ] GC(1291)   Other: 0.12ms
[4481.283s][info][gc,heap        ] GC(1291) Eden regions: 1115->0(1117)
[4481.283s][info][gc,heap        ] GC(1291) Survivor regions: 113->111(154)
[4481.283s][info][gc,heap        ] GC(1291) Old regions: 475->506
[4481.283s][info][gc,heap        ] GC(1291) Humongous regions: 80->80
[4481.283s][info][gc,metaspace   ] GC(1291) Metaspace: 28948K(29376K)->28948K(29376K) NonClass: 24078K(24256K)->24078K(24256K) Class: 4869K(5120K)->4869K(5120K)
[4481.283s][info][gc             ] GC(1291) Pause Young (Concurrent Start) (G1 Evacuation Pause) 3563M->1392M(4096M) 118.269ms
[4481.283s][info][gc             ] GC(1292) Concurrent Mark Cycle
[4481.284s][info][gc,marking     ] GC(1292) Concurrent Scan Root Regions
[4481.284s][info][gc,cpu         ] GC(1291) User=0.70s Sys=0.00s Real=0.12s
[4481.461s][info][gc,marking     ] GC(1292) Concurrent Scan Root Regions 177.730ms
[4481.461s][info][gc,marking     ] GC(1292) Concurrent Mark
[4481.461s][info][gc,marking     ] GC(1292) Concurrent Mark From Roots
[4481.461s][info][gc,task        ] GC(1292) Using 2 workers of 2 for marking
.[4482.416s][info][gc,marking     ] GC(1292) Concurrent Mark From Roots 954.234ms
[4482.416s][info][gc,marking     ] GC(1292) Concurrent Preclean
[4482.416s][info][gc,marking     ] GC(1292) Concurrent Preclean 0.129ms
[4482.417s][info][gc,start       ] GC(1292) Pause Remark
[4482.424s][info][gc             ] GC(1292) Pause Remark 2460M->2460M(4096M) 7.591ms
[4482.424s][info][gc,cpu         ] GC(1292) User=0.04s Sys=0.00s Real=0.00s
[4482.425s][info][gc,marking     ] GC(1292) Concurrent Mark 963.251ms
[4482.425s][info][gc,marking     ] GC(1292) Concurrent Rebuild Remembered Sets and Scrub Regions
.[4482.780s][info][gc,marking     ] GC(1292) Concurrent Rebuild Remembered Sets and Scrub Regions 355.491ms
[4482.780s][info][gc,start       ] GC(1292) Pause Cleanup
[4482.780s][info][gc             ] GC(1292) Pause Cleanup 2858M->2858M(4096M) 0.110ms
[4482.780s][info][gc,cpu         ] GC(1292) User=0.00s Sys=0.00s Real=0.00s
[4482.780s][info][gc,marking     ] GC(1292) Concurrent Clear Claimed Marks
[4482.780s][info][gc,marking     ] GC(1292) Concurrent Clear Claimed Marks 0.022ms
[4482.780s][info][gc,marking     ] GC(1292) Concurrent Cleanup for Next Mark
[4482.785s][info][gc,marking     ] GC(1292) Concurrent Cleanup for Next Mark 4.937ms
[4482.785s][info][gc             ] GC(1292) Concurrent Mark Cycle 1501.952ms
[4483.558s][info][gc,start       ] GC(1293) Pause Young (Prepare Mixed) (G1 Evacuation Pause)
[4483.558s][info][gc,task        ] GC(1293) Using 6 workers of 6 for evacuation
[4483.680s][info][gc,phases      ] GC(1293)   Pre Evacuate Collection Set: 0.32ms
[4483.680s][info][gc,phases      ] GC(1293)   Merge Heap Roots: 0.52ms
[4483.680s][info][gc,phases      ] GC(1293)   Evacuate Collection Set: 119.83ms
[4483.680s][info][gc,phases      ] GC(1293)   Post Evacuate Collection Set: 0.91ms
[4483.680s][info][gc,phases      ] GC(1293)   Other: 0.08ms
[4483.680s][info][gc,heap        ] GC(1293) Eden regions: 1117->0(1102)
[4483.680s][info][gc,heap        ] GC(1293) Survivor regions: 111->113(154)
[4483.680s][info][gc,heap        ] GC(1293) Old regions: 506->537
[4483.680s][info][gc,heap        ] GC(1293) Humongous regions: 80->80
[4483.680s][info][gc,metaspace   ] GC(1293) Metaspace: 28948K(29376K)->28948K(29376K) NonClass: 24078K(24256K)->24078K(24256K) Class: 4869K(5120K)->4869K(5120K)
[4483.680s][info][gc             ] GC(1293) Pause Young (Prepare Mixed) (G1 Evacuation Pause) 3626M->1458M(4096M) 121.809ms
[4483.680s][info][gc,cpu         ] GC(1293) User=0.72s Sys=0.00s Real=0.12s
...[4485.828s][info][gc,start       ] GC(1294) Pause Young (Mixed) (G1 Evacuation Pause)
[4485.828s][info][gc,task        ] GC(1294) Using 6 workers of 6 for evacuation
[4485.965s][info][gc,phases      ] GC(1294)   Pre Evacuate Collection Set: 0.35ms
[4485.965s][info][gc,phases      ] GC(1294)   Merge Heap Roots: 0.59ms
[4485.965s][info][gc,phases      ] GC(1294)   Evacuate Collection Set: 135.49ms
[4485.965s][info][gc,phases      ] GC(1294)   Post Evacuate Collection Set: 0.97ms
[4485.965s][info][gc,phases      ] GC(1294)   Other: 0.09ms
[4485.965s][info][gc,heap        ] GC(1294) Eden regions: 1102->0(1114)
[4485.965s][info][gc,heap        ] GC(1294) Survivor regions: 113->114(152)
[4485.965s][info][gc,heap        ] GC(1294) Old regions: 537->473
[4485.965s][info][gc,heap        ] GC(1294) Humongous regions: 80->80
[4485.965s][info][gc,metaspace   ] GC(1294) Metaspace: 28948K(29376K)->28948K(29376K) NonClass: 24078K(24256K)->24078K(24256K) Class: 4869K(5120K)->4869K(5120K)
[4485.965s][info][gc             ] GC(1294) Pause Young (Mixed) (G1 Evacuation Pause) 3662M->1331M(4096M) 137.650ms
[4485.966s][info][gc,cpu         ] GC(1294) User=0.81s Sys=0.00s Real=0.13s
..[4488.190s][info][gc,start       ] GC(1295) Pause Young (Concurrent Start) (G1 Evacuation Pause)
[4488.190s][info][gc,task        ] GC(1295) Using 6 workers of 6 for evacuation
[4488.309s][info][gc,phases      ] GC(1295)   Pre Evacuate Collection Set: 0.39ms
[4488.309s][info][gc,phases      ] GC(1295)   Merge Heap Roots: 0.48ms
[4488.309s][info][gc,phases      ] GC(1295)   Evacuate Collection Set: 117.38ms
[4488.309s][info][gc,phases      ] GC(1295)   Post Evacuate Collection Set: 0.97ms
[4488.309s][info][gc,phases      ] GC(1295)   Other: 0.10ms
[4488.309s][info][gc,heap        ] GC(1295) Eden regions: 1114->0(1118)
[4488.309s][info][gc,heap        ] GC(1295) Survivor regions: 114->110(154)
[4488.309s][info][gc,heap        ] GC(1295) Old regions: 473->505
[4488.309s][info][gc,heap        ] GC(1295) Humongous regions: 80->80
[4488.309s][info][gc,metaspace   ] GC(1295) Metaspace: 28948K(29376K)->28948K(29376K) NonClass: 24078K(24256K)->24078K(24256K) Class: 4869K(5120K)->4869K(5120K)
[4488.309s][info][gc             ] GC(1295) Pause Young (Concurrent Start) (G1 Evacuation Pause) 3559M->1387M(4096M) 119.447ms
[4488.309s][info][gc             ] GC(1296) Concurrent Mark Cycle
[4488.309s][info][gc,marking     ] GC(1296) Concurrent Scan Root Regions
[4488.309s][info][gc,cpu         ] GC(1295) User=0.70s Sys=0.00s Real=0.12s
[4488.484s][info][gc,marking     ] GC(1296) Concurrent Scan Root Regions 174.493ms
[4488.484s][info][gc,marking     ] GC(1296) Concurrent Mark
[4488.484s][info][gc,marking     ] GC(1296) Concurrent Mark From Roots
[4488.484s][info][gc,task        ] GC(1296) Using 2 workers of 2 for marking
.[4489.452s][info][gc,marking     ] GC(1296) Concurrent Mark From Roots 967.869ms
[4489.452s][info][gc,marking     ] GC(1296) Concurrent Preclean
[4489.452s][info][gc,marking     ] GC(1296) Concurrent Preclean 0.113ms
[4489.453s][info][gc,start       ] GC(1296) Pause Remark
[4489.458s][info][gc             ] GC(1296) Pause Remark 2483M->2483M(4096M) 5.206ms
[4489.458s][info][gc,cpu         ] GC(1296) User=0.03s Sys=0.00s Real=0.01s
[4489.459s][info][gc,marking     ] GC(1296) Concurrent Mark 974.921ms
[4489.459s][info][gc,marking     ] GC(1296) Concurrent Rebuild Remembered Sets and Scrub Regions
.[4489.934s][info][gc,marking     ] GC(1296) Concurrent Rebuild Remembered Sets and Scrub Regions 475.169ms
[4489.936s][info][gc,start       ] GC(1296) Pause Cleanup
[4489.936s][info][gc             ] GC(1296) Pause Cleanup 2993M->2993M(4096M) 0.144ms
[4489.936s][info][gc,cpu         ] GC(1296) User=0.00s Sys=0.00s Real=0.00s
[4489.938s][info][gc,marking     ] GC(1296) Concurrent Clear Claimed Marks
[4489.938s][info][gc,marking     ] GC(1296) Concurrent Clear Claimed Marks 0.048ms
[4489.938s][info][gc,marking     ] GC(1296) Concurrent Cleanup for Next Mark
[4489.945s][info][gc,marking     ] GC(1296) Concurrent Cleanup for Next Mark 7.570ms
[4489.945s][info][gc             ] GC(1296) Concurrent Mark Cycle 1636.145ms
[4490.525s][info][gc,start       ] GC(1297) Pause Young (Prepare Mixed) (G1 Evacuation Pause)
[4490.525s][info][gc,task        ] GC(1297) Using 6 workers of 6 for evacuation
[4490.646s][info][gc,phases      ] GC(1297)   Pre Evacuate Collection Set: 0.33ms
[4490.646s][info][gc,phases      ] GC(1297)   Merge Heap Roots: 0.54ms
[4490.646s][info][gc,phases      ] GC(1297)   Evacuate Collection Set: 118.66ms
[4490.646s][info][gc,phases      ] GC(1297)   Post Evacuate Collection Set: 0.91ms
[4490.646s][info][gc,phases      ] GC(1297)   Other: 0.10ms
[4490.646s][info][gc,heap        ] GC(1297) Eden regions: 1118->0(1105)
[4490.646s][info][gc,heap        ] GC(1297) Survivor regions: 110->111(154)
[4490.646s][info][gc,heap        ] GC(1297) Old regions: 505->538
[4490.646s][info][gc,heap        ] GC(1297) Humongous regions: 80->80
[4490.646s][info][gc,metaspace   ] GC(1297) Metaspace: 28948K(29376K)->28948K(29376K) NonClass: 24078K(24256K)->24078K(24256K) Class: 4869K(5120K)->4869K(5120K)
[4490.646s][info][gc             ] GC(1297) Pause Young (Prepare Mixed) (G1 Evacuation Pause) 3623M->1454M(4096M) 120.664ms
[4490.646s][info][gc,cpu         ] GC(1297) User=0.71s Sys=0.00s Real=0.12s
...[4492.813s][info][gc,start       ] GC(1298) Pause Young (Mixed) (G1 Evacuation Pause)
[4492.813s][info][gc,task        ] GC(1298) Using 6 workers of 6 for evacuation
[4492.951s][info][gc,phases      ] GC(1298)   Pre Evacuate Collection Set: 0.37ms
[4492.951s][info][gc,phases      ] GC(1298)   Merge Heap Roots: 0.68ms
[4492.951s][info][gc,phases      ] GC(1298)   Evacuate Collection Set: 136.01ms
[4492.951s][info][gc,phases      ] GC(1298)   Post Evacuate Collection Set: 0.95ms
[4492.951s][info][gc,phases      ] GC(1298)   Other: 0.08ms
[4492.951s][info][gc,heap        ] GC(1298) Eden regions: 1105->0(1113)
[4492.951s][info][gc,heap        ] GC(1298) Survivor regions: 111->115(152)
[4492.951s][info][gc,heap        ] GC(1298) Old regions: 538->474
[4492.951s][info][gc,heap        ] GC(1298) Humongous regions: 80->80
[4492.951s][info][gc,metaspace   ] GC(1298) Metaspace: 28948K(29376K)->28948K(29376K) NonClass: 24078K(24256K)->24078K(24256K) Class: 4869K(5120K)->4869K(5120K)
[4492.951s][info][gc             ] GC(1298) Pause Young (Mixed) (G1 Evacuation Pause) 3664M->1334M(4096M) 138.225ms
[4492.951s][info][gc,cpu         ] GC(1298) User=0.82s Sys=0.00s Real=0.14s
..[4495.138s][info][gc,start       ] GC(1299) Pause Young (Concurrent Start) (G1 Evacuation Pause)
[4495.138s][info][gc,task        ] GC(1299) Using 6 workers of 6 for evacuation
[4495.254s][info][gc,phases      ] GC(1299)   Pre Evacuate Collection Set: 0.36ms
[4495.254s][info][gc,phases      ] GC(1299)   Merge Heap Roots: 0.49ms
[4495.254s][info][gc,phases      ] GC(1299)   Evacuate Collection Set: 114.69ms
[4495.254s][info][gc,phases      ] GC(1299)   Post Evacuate Collection Set: 0.88ms
[4495.254s][info][gc,phases      ] GC(1299)   Other: 0.10ms
[4495.254s][info][gc,heap        ] GC(1299) Eden regions: 1113->0(1119)
[4495.254s][info][gc,heap        ] GC(1299) Survivor regions: 115->109(154)
[4495.254s][info][gc,heap        ] GC(1299) Old regions: 474->506
[4495.254s][info][gc,heap        ] GC(1299) Humongous regions: 80->80
[4495.254s][info][gc,metaspace   ] GC(1299) Metaspace: 28948K(29376K)->28948K(29376K) NonClass: 24078K(24256K)->24078K(24256K) Class: 4869K(5120K)->4869K(5120K)
[4495.254s][info][gc             ] GC(1299) Pause Young (Concurrent Start) (G1 Evacuation Pause) 3560M->1387M(4096M) 116.660ms
[4495.255s][info][gc             ] GC(1300) Concurrent Mark Cycle
[4495.255s][info][gc,marking     ] GC(1300) Concurrent Scan Root Regions
[4495.255s][info][gc,cpu         ] GC(1299) User=0.69s Sys=0.00s Real=0.11s
[4495.429s][info][gc,marking     ] GC(1300) Concurrent Scan Root Regions 174.830ms
[4495.429s][info][gc,marking     ] GC(1300) Concurrent Mark
[4495.429s][info][gc,marking     ] GC(1300) Concurrent Mark From Roots
[4495.429s][info][gc,task        ] GC(1300) Using 2 workers of 2 for marking
.[4496.423s][info][gc,marking     ] GC(1300) Concurrent Mark From Roots 993.426ms
[4496.423s][info][gc,marking     ] GC(1300) Concurrent Preclean
[4496.423s][info][gc,marking     ] GC(1300) Concurrent Preclean 0.111ms
[4496.424s][info][gc,start       ] GC(1300) Pause Remark
[4496.429s][info][gc             ] GC(1300) Pause Remark 2583M->2583M(4096M) 5.422ms
[4496.429s][info][gc,cpu         ] GC(1300) User=0.03s Sys=0.00s Real=0.01s
[4496.430s][info][gc,marking     ] GC(1300) Concurrent Mark 1000.253ms
[4496.430s][info][gc,marking     ] GC(1300) Concurrent Rebuild Remembered Sets and Scrub Regions
[4496.796s][info][gc,marking     ] GC(1300) Concurrent Rebuild Remembered Sets and Scrub Regions 366.279ms
[4496.800s][info][gc,start       ] GC(1300) Pause Cleanup
[4496.800s][info][gc             ] GC(1300) Pause Cleanup 2957M->2957M(4096M) 0.140ms
[4496.800s][info][gc,cpu         ] GC(1300) User=0.00s Sys=0.00s Real=0.00s
[4496.800s][info][gc,marking     ] GC(1300) Concurrent Clear Claimed Marks
[4496.800s][info][gc,marking     ] GC(1300) Concurrent Clear Claimed Marks 0.041ms
[4496.800s][info][gc,marking     ] GC(1300) Concurrent Cleanup for Next Mark
[4496.811s][info][gc,marking     ] GC(1300) Concurrent Cleanup for Next Mark 10.917ms
[4496.811s][info][gc             ] GC(1300) Concurrent Mark Cycle 1556.800ms
.[4497.386s][info][gc,start       ] GC(1301) Pause Young (Prepare Mixed) (G1 Evacuation Pause)
[4497.386s][info][gc,task        ] GC(1301) Using 6 workers of 6 for evacuation
[4497.506s][info][gc,phases      ] GC(1301)   Pre Evacuate Collection Set: 0.33ms
[4497.506s][info][gc,phases      ] GC(1301)   Merge Heap Roots: 0.54ms
[4497.506s][info][gc,phases      ] GC(1301)   Evacuate Collection Set: 118.35ms
[4497.506s][info][gc,phases      ] GC(1301)   Post Evacuate Collection Set: 0.95ms
[4497.506s][info][gc,phases      ] GC(1301)   Other: 0.09ms
[4497.506s][info][gc,heap        ] GC(1301) Eden regions: 1119->0(1105)
[4497.506s][info][gc,heap        ] GC(1301) Survivor regions: 109->111(154)
[4497.506s][info][gc,heap        ] GC(1301) Old regions: 506->538
[4497.506s][info][gc,heap        ] GC(1301) Humongous regions: 80->80
[4497.506s][info][gc,metaspace   ] GC(1301) Metaspace: 28948K(29376K)->28948K(29376K) NonClass: 24078K(24256K)->24078K(24256K) Class: 4869K(5120K)->4869K(5120K)
[4497.506s][info][gc             ] GC(1301) Pause Young (Prepare Mixed) (G1 Evacuation Pause) 3625M->1454M(4096M) 120.379ms
[4497.506s][info][gc,cpu         ] GC(1301) User=0.71s Sys=0.00s Real=0.13s
..[4499.676s][info][gc,start       ] GC(1302) Pause Young (Mixed) (G1 Evacuation Pause)
[4499.676s][info][gc,task        ] GC(1302) Using 6 workers of 6 for evacuation
[4499.820s][info][gc,phases      ] GC(1302)   Pre Evacuate Collection Set: 0.38ms
[4499.820s][info][gc,phases      ] GC(1302)   Merge Heap Roots: 0.85ms
[4499.820s][info][gc,phases      ] GC(1302)   Evacuate Collection Set: 140.94ms
[4499.820s][info][gc,phases      ] GC(1302)   Post Evacuate Collection Set: 0.91ms
[4499.820s][info][gc,phases      ] GC(1302)   Other: 0.09ms
[4499.820s][info][gc,heap        ] GC(1302) Eden regions: 1105->0(1113)
[4499.820s][info][gc,heap        ] GC(1302) Survivor regions: 111->115(152)
[4499.820s][info][gc,heap        ] GC(1302) Old regions: 538->473
[4499.820s][info][gc,heap        ] GC(1302) Humongous regions: 80->80
[4499.820s][info][gc,metaspace   ] GC(1302) Metaspace: 28948K(29376K)->28948K(29376K) NonClass: 24078K(24256K)->24078K(24256K) Class: 4869K(5120K)->4869K(5120K)
[4499.820s][info][gc             ] GC(1302) Pause Young (Mixed) (G1 Evacuation Pause) 3664M->1333M(4096M) 143.308ms
[4499.820s][info][gc,cpu         ] GC(1302) User=0.85s Sys=0.00s Real=0.14s
..[4501.860s][info][gc,start       ] GC(1303) Pause Young (Concurrent Start) (G1 Evacuation Pause)
[4501.860s][info][gc,task        ] GC(1303) Using 6 workers of 6 for evacuation
[4501.978s][info][gc,phases      ] GC(1303)   Pre Evacuate Collection Set: 0.40ms
[4501.978s][info][gc,phases      ] GC(1303)   Merge Heap Roots: 0.54ms
[4501.978s][info][gc,phases      ] GC(1303)   Evacuate Collection Set: 114.96ms
[4501.978s][info][gc,phases      ] GC(1303)   Post Evacuate Collection Set: 0.88ms
[4501.978s][info][gc,phases      ] GC(1303)   Other: 0.89ms
[4501.978s][info][gc,heap        ] GC(1303) Eden regions: 1113->0(1118)
[4501.978s][info][gc,heap        ] GC(1303) Survivor regions: 115->110(154)
[4501.978s][info][gc,heap        ] GC(1303) Old regions: 473->504
[4501.978s][info][gc,heap        ] GC(1303) Humongous regions: 80->80
[4501.978s][info][gc,metaspace   ] GC(1303) Metaspace: 28948K(29376K)->28948K(29376K) NonClass: 24078K(24256K)->24078K(24256K) Class: 4869K(5120K)->4869K(5120K)
[4501.978s][info][gc             ] GC(1303) Pause Young (Concurrent Start) (G1 Evacuation Pause) 3559M->1385M(4096M) 117.827ms
[4501.978s][info][gc             ] GC(1304) Concurrent Mark Cycle
[4501.978s][info][gc,marking     ] GC(1304) Concurrent Scan Root Regions
[4501.978s][info][gc,cpu         ] GC(1303) User=0.70s Sys=0.00s Real=0.12s
.[4502.189s][info][gc,marking     ] GC(1304) Concurrent Scan Root Regions 210.973ms
[4502.189s][info][gc,marking     ] GC(1304) Concurrent Mark
[4502.189s][info][gc,marking     ] GC(1304) Concurrent Mark From Roots
[4502.189s][info][gc,task        ] GC(1304) Using 2 workers of 2 for marking
.[4503.241s][info][gc,marking     ] GC(1304) Concurrent Mark From Roots 1051.849ms
[4503.241s][info][gc,marking     ] GC(1304) Concurrent Preclean
[4503.241s][info][gc,marking     ] GC(1304) Concurrent Preclean 0.139ms
[4503.242s][info][gc,start       ] GC(1304) Pause Remark
[4503.250s][info][gc             ] GC(1304) Pause Remark 2634M->2634M(4096M) 8.008ms
[4503.250s][info][gc,cpu         ] GC(1304) User=0.04s Sys=0.00s Real=0.01s
[4503.250s][info][gc,marking     ] GC(1304) Concurrent Mark 1061.572ms
[4503.251s][info][gc,marking     ] GC(1304) Concurrent Rebuild Remembered Sets and Scrub Regions
[4503.625s][info][gc,marking     ] GC(1304) Concurrent Rebuild Remembered Sets and Scrub Regions 374.513ms
[4503.628s][info][gc,start       ] GC(1304) Pause Cleanup
[4503.628s][info][gc             ] GC(1304) Pause Cleanup 3027M->3027M(4096M) 0.136ms
[4503.628s][info][gc,cpu         ] GC(1304) User=0.00s Sys=0.00s Real=0.00s
[4503.628s][info][gc,marking     ] GC(1304) Concurrent Clear Claimed Marks
[4503.628s][info][gc,marking     ] GC(1304) Concurrent Clear Claimed Marks 0.028ms
[4503.628s][info][gc,marking     ] GC(1304) Concurrent Cleanup for Next Mark
[4503.641s][info][gc,marking     ] GC(1304) Concurrent Cleanup for Next Mark 12.865ms
[4503.641s][info][gc             ] GC(1304) Concurrent Mark Cycle 1663.387ms
.[4504.245s][info][gc,start       ] GC(1305) Pause Young (Prepare Mixed) (G1 Evacuation Pause)
[4504.245s][info][gc,task        ] GC(1305) Using 6 workers of 6 for evacuation
[4504.365s][info][gc,phases      ] GC(1305)   Pre Evacuate Collection Set: 0.34ms
[4504.365s][info][gc,phases      ] GC(1305)   Merge Heap Roots: 0.51ms
[4504.365s][info][gc,phases      ] GC(1305)   Evacuate Collection Set: 118.08ms
[4504.365s][info][gc,phases      ] GC(1305)   Post Evacuate Collection Set: 0.92ms
[4504.365s][info][gc,phases      ] GC(1305)   Other: 0.08ms
[4504.365s][info][gc,heap        ] GC(1305) Eden regions: 1118->0(1106)
[4504.365s][info][gc,heap        ] GC(1305) Survivor regions: 110->111(154)
[4504.365s][info][gc,heap        ] GC(1305) Old regions: 504->537
[4504.365s][info][gc,heap        ] GC(1305) Humongous regions: 80->80
[4504.365s][info][gc,metaspace   ] GC(1305) Metaspace: 28948K(29376K)->28948K(29376K) NonClass: 24078K(24256K)->24078K(24256K) Class: 4869K(5120K)->4869K(5120K)
[4504.365s][info][gc             ] GC(1305) Pause Young (Prepare Mixed) (G1 Evacuation Pause) 3621M->1453M(4096M) 120.048ms
[4504.365s][info][gc,cpu         ] GC(1305) User=0.71s Sys=0.00s Real=0.12s
..[4506.493s][info][gc,start       ] GC(1306) Pause Young (Mixed) (G1 Evacuation Pause)
[4506.493s][info][gc,task        ] GC(1306) Using 6 workers of 6 for evacuation
[4506.626s][info][gc,phases      ] GC(1306)   Pre Evacuate Collection Set: 0.39ms
[4506.626s][info][gc,phases      ] GC(1306)   Merge Heap Roots: 0.64ms
[4506.626s][info][gc,phases      ] GC(1306)   Evacuate Collection Set: 131.10ms
[4506.626s][info][gc,phases      ] GC(1306)   Post Evacuate Collection Set: 0.97ms
[4506.626s][info][gc,phases      ] GC(1306)   Other: 0.09ms
[4506.626s][info][gc,heap        ] GC(1306) Eden regions: 1106->0(1118)
[4506.626s][info][gc,heap        ] GC(1306) Survivor regions: 111->110(153)
[4506.626s][info][gc,heap        ] GC(1306) Old regions: 537->472
[4506.626s][info][gc,heap        ] GC(1306) Humongous regions: 80->80
[4506.626s][info][gc,metaspace   ] GC(1306) Metaspace: 28948K(29376K)->28948K(29376K) NonClass: 24078K(24256K)->24078K(24256K) Class: 4869K(5120K)->4869K(5120K)
[4506.626s][info][gc             ] GC(1306) Pause Young (Mixed) (G1 Evacuation Pause) 3665M->1322M(4096M) 133.312ms
[4506.626s][info][gc,cpu         ] GC(1306) User=0.79s Sys=0.00s Real=0.14s
..[4508.781s][info][gc,start       ] GC(1307) Pause Young (Concurrent Start) (G1 Evacuation Pause)
[4508.781s][info][gc,task        ] GC(1307) Using 6 workers of 6 for evacuation
[4508.901s][info][gc,phases      ] GC(1307)   Pre Evacuate Collection Set: 0.42ms
[4508.901s][info][gc,phases      ] GC(1307)   Merge Heap Roots: 0.49ms
[4508.901s][info][gc,phases      ] GC(1307)   Evacuate Collection Set: 118.02ms
[4508.901s][info][gc,phases      ] GC(1307)   Post Evacuate Collection Set: 0.87ms
[4508.901s][info][gc,phases      ] GC(1307)   Other: 0.11ms
[4508.901s][info][gc,heap        ] GC(1307) Eden regions: 1118->0(1117)
[4508.901s][info][gc,heap        ] GC(1307) Survivor regions: 110->111(154)
[4508.901s][info][gc,heap        ] GC(1307) Old regions: 472->504
[4508.901s][info][gc,heap        ] GC(1307) Humongous regions: 80->80
[4508.901s][info][gc,metaspace   ] GC(1307) Metaspace: 28948K(29376K)->28948K(29376K) NonClass: 24078K(24256K)->24078K(24256K) Class: 4869K(5120K)->4869K(5120K)
[4508.901s][info][gc             ] GC(1307) Pause Young (Concurrent Start) (G1 Evacuation Pause) 3558M->1387M(4096M) 120.059ms
[4508.901s][info][gc             ] GC(1308) Concurrent Mark Cycle
[4508.901s][info][gc,marking     ] GC(1308) Concurrent Scan Root Regions
[4508.901s][info][gc,cpu         ] GC(1307) User=0.71s Sys=0.00s Real=0.12s
[4509.071s][info][gc,marking     ] GC(1308) Concurrent Scan Root Regions 170.638ms
[4509.071s][info][gc,marking     ] GC(1308) Concurrent Mark
[4509.071s][info][gc,marking     ] GC(1308) Concurrent Mark From Roots
[4509.071s][info][gc,task        ] GC(1308) Using 2 workers of 2 for marking
.[4509.957s][info][gc,marking     ] GC(1308) Concurrent Mark From Roots 885.253ms
[4509.957s][info][gc,marking     ] GC(1308) Concurrent Preclean
[4509.957s][info][gc,marking     ] GC(1308) Concurrent Preclean 0.088ms
[4509.957s][info][gc,start       ] GC(1308) Pause Remark
[4509.962s][info][gc             ] GC(1308) Pause Remark 2374M->2374M(4096M) 5.282ms
[4509.962s][info][gc,cpu         ] GC(1308) User=0.03s Sys=0.00s Real=0.00s
[4509.964s][info][gc,marking     ] GC(1308) Concurrent Mark 892.403ms
[4509.964s][info][gc,marking     ] GC(1308) Concurrent Rebuild Remembered Sets and Scrub Regions
.[4510.344s][info][gc,marking     ] GC(1308) Concurrent Rebuild Remembered Sets and Scrub Regions 379.986ms
[4510.345s][info][gc,start       ] GC(1308) Pause Cleanup
[4510.346s][info][gc             ] GC(1308) Pause Cleanup 2821M->2821M(4096M) 0.124ms
[4510.346s][info][gc,cpu         ] GC(1308) User=0.00s Sys=0.00s Real=0.00s
[4510.346s][info][gc,marking     ] GC(1308) Concurrent Clear Claimed Marks
[4510.346s][info][gc,marking     ] GC(1308) Concurrent Clear Claimed Marks 0.032ms
[4510.346s][info][gc,marking     ] GC(1308) Concurrent Cleanup for Next Mark
[4510.351s][info][gc,marking     ] GC(1308) Concurrent Cleanup for Next Mark 4.774ms
[4510.351s][info][gc             ] GC(1308) Concurrent Mark Cycle 1450.262ms
.[4511.115s][info][gc,start       ] GC(1309) Pause Young (Prepare Mixed) (G1 Evacuation Pause)
[4511.115s][info][gc,task        ] GC(1309) Using 6 workers of 6 for evacuation
[4511.236s][info][gc,phases      ] GC(1309)   Pre Evacuate Collection Set: 0.32ms
[4511.236s][info][gc,phases      ] GC(1309)   Merge Heap Roots: 0.52ms
[4511.236s][info][gc,phases      ] GC(1309)   Evacuate Collection Set: 118.64ms
[4511.236s][info][gc,phases      ] GC(1309)   Post Evacuate Collection Set: 0.93ms
[4511.236s][info][gc,phases      ] GC(1309)   Other: 0.09ms
[4511.236s][info][gc,heap        ] GC(1309) Eden regions: 1117->0(1106)
[4511.236s][info][gc,heap        ] GC(1309) Survivor regions: 111->112(154)
[4511.236s][info][gc,heap        ] GC(1309) Old regions: 504->535
[4511.236s][info][gc,heap        ] GC(1309) Humongous regions: 80->80
[4511.236s][info][gc,metaspace   ] GC(1309) Metaspace: 28948K(29376K)->28948K(29376K) NonClass: 24078K(24256K)->24078K(24256K) Class: 4869K(5120K)->4869K(5120K)
[4511.236s][info][gc             ] GC(1309) Pause Young (Prepare Mixed) (G1 Evacuation Pause) 3621M->1451M(4096M) 120.619ms
[4511.236s][info][gc,cpu         ] GC(1309) User=0.71s Sys=0.00s Real=0.13s
..[4513.350s][info][gc,start       ] GC(1310) Pause Young (Mixed) (G1 Evacuation Pause)
[4513.350s][info][gc,task        ] GC(1310) Using 6 workers of 6 for evacuation
[4513.486s][info][gc,phases      ] GC(1310)   Pre Evacuate Collection Set: 0.36ms
[4513.486s][info][gc,phases      ] GC(1310)   Merge Heap Roots: 0.69ms
[4513.486s][info][gc,phases      ] GC(1310)   Evacuate Collection Set: 134.51ms
[4513.486s][info][gc,phases      ] GC(1310)   Post Evacuate Collection Set: 0.96ms
[4513.486s][info][gc,phases      ] GC(1310)   Other: 0.09ms
[4513.486s][info][gc,heap        ] GC(1310) Eden regions: 1106->0(1116)
[4513.486s][info][gc,heap        ] GC(1310) Survivor regions: 112->112(153)
[4513.486s][info][gc,heap        ] GC(1310) Old regions: 535->473
[4513.486s][info][gc,heap        ] GC(1310) Humongous regions: 80->80
[4513.486s][info][gc,metaspace   ] GC(1310) Metaspace: 28948K(29376K)->28948K(29376K) NonClass: 24078K(24256K)->24078K(24256K) Class: 4869K(5120K)->4869K(5120K)
[4513.486s][info][gc             ] GC(1310) Pause Young (Mixed) (G1 Evacuation Pause) 3663M->1327M(4096M) 136.741ms
[4513.486s][info][gc,cpu         ] GC(1310) User=0.81s Sys=0.00s Real=0.14s
..[4515.695s][info][gc,start       ] GC(1311) Pause Young (Concurrent Start) (G1 Evacuation Pause)
[4515.695s][info][gc,task        ] GC(1311) Using 6 workers of 6 for evacuation
[4515.815s][info][gc,phases      ] GC(1311)   Pre Evacuate Collection Set: 0.40ms
[4515.815s][info][gc,phases      ] GC(1311)   Merge Heap Roots: 0.48ms
[4515.815s][info][gc,phases      ] GC(1311)   Evacuate Collection Set: 117.69ms
[4515.815s][info][gc,phases      ] GC(1311)   Post Evacuate Collection Set: 0.89ms
[4515.815s][info][gc,phases      ] GC(1311)   Other: 0.12ms
[4515.815s][info][gc,heap        ] GC(1311) Eden regions: 1116->0(1117)
[4515.815s][info][gc,heap        ] GC(1311) Survivor regions: 112->111(154)
[4515.815s][info][gc,heap        ] GC(1311) Old regions: 473->505
[4515.815s][info][gc,heap        ] GC(1311) Humongous regions: 80->80
[4515.815s][info][gc,metaspace   ] GC(1311) Metaspace: 28948K(29376K)->28948K(29376K) NonClass: 24078K(24256K)->24078K(24256K) Class: 4869K(5120K)->4869K(5120K)
[4515.815s][info][gc             ] GC(1311) Pause Young (Concurrent Start) (G1 Evacuation Pause) 3559M->1389M(4096M) 119.716ms
[4515.815s][info][gc             ] GC(1312) Concurrent Mark Cycle
[4515.815s][info][gc,marking     ] GC(1312) Concurrent Scan Root Regions
[4515.815s][info][gc,cpu         ] GC(1311) User=0.71s Sys=0.00s Real=0.12s
[4515.996s][info][gc,marking     ] GC(1312) Concurrent Scan Root Regions 180.641ms
[4515.996s][info][gc,marking     ] GC(1312) Concurrent Mark
[4515.996s][info][gc,marking     ] GC(1312) Concurrent Mark From Roots
[4515.996s][info][gc,task        ] GC(1312) Using 2 workers of 2 for marking
.[4516.998s][info][gc,marking     ] GC(1312) Concurrent Mark From Roots 1002.185ms
[4516.998s][info][gc,marking     ] GC(1312) Concurrent Preclean
[4516.998s][info][gc,marking     ] GC(1312) Concurrent Preclean 0.117ms
[4517.001s][info][gc,start       ] GC(1312) Pause Remark
[4517.007s][info][gc             ] GC(1312) Pause Remark 2475M->2475M(4096M) 5.845ms
[4517.007s][info][gc,cpu         ] GC(1312) User=0.03s Sys=0.00s Real=0.01s
[4517.007s][info][gc,marking     ] GC(1312) Concurrent Mark 1011.294ms
[4517.007s][info][gc,marking     ] GC(1312) Concurrent Rebuild Remembered Sets and Scrub Regions
.[4517.381s][info][gc,marking     ] GC(1312) Concurrent Rebuild Remembered Sets and Scrub Regions 373.925ms
[4517.381s][info][gc,start       ] GC(1312) Pause Cleanup
[4517.381s][info][gc             ] GC(1312) Pause Cleanup 2897M->2897M(4096M) 0.112ms
[4517.381s][info][gc,cpu         ] GC(1312) User=0.00s Sys=0.00s Real=0.00s
[4517.381s][info][gc,marking     ] GC(1312) Concurrent Clear Claimed Marks
[4517.381s][info][gc,marking     ] GC(1312) Concurrent Clear Claimed Marks 0.023ms
[4517.381s][info][gc,marking     ] GC(1312) Concurrent Cleanup for Next Mark
[4517.386s][info][gc,marking     ] GC(1312) Concurrent Cleanup for Next Mark 4.992ms
[4517.387s][info][gc             ] GC(1312) Concurrent Mark Cycle 1571.400ms
[4518.042s][info][gc,start       ] GC(1313) Pause Young (Prepare Mixed) (G1 Evacuation Pause)
[4518.042s][info][gc,task        ] GC(1313) Using 6 workers of 6 for evacuation
[4518.158s][info][gc,phases      ] GC(1313)   Pre Evacuate Collection Set: 0.36ms
[4518.158s][info][gc,phases      ] GC(1313)   Merge Heap Roots: 0.51ms
[4518.158s][info][gc,phases      ] GC(1313)   Evacuate Collection Set: 114.32ms
[4518.158s][info][gc,phases      ] GC(1313)   Post Evacuate Collection Set: 0.93ms
[4518.158s][info][gc,phases      ] GC(1313)   Other: 0.09ms
[4518.158s][info][gc,heap        ] GC(1313) Eden regions: 1117->0(1109)
[4518.158s][info][gc,heap        ] GC(1313) Survivor regions: 111->110(154)
[4518.158s][info][gc,heap        ] GC(1313) Old regions: 505->536
[4518.158s][info][gc,heap        ] GC(1313) Humongous regions: 80->80
[4518.158s][info][gc,metaspace   ] GC(1313) Metaspace: 28948K(29376K)->28948K(29376K) NonClass: 24078K(24256K)->24078K(24256K) Class: 4869K(5120K)->4869K(5120K)
[4518.158s][info][gc             ] GC(1313) Pause Young (Prepare Mixed) (G1 Evacuation Pause) 3623M->1449M(4096M) 116.349ms
[4518.158s][info][gc,cpu         ] GC(1313) User=0.69s Sys=0.00s Real=0.12s
...[4520.292s][info][gc,start       ] GC(1314) Pause Young (Mixed) (G1 Evacuation Pause)
[4520.292s][info][gc,task        ] GC(1314) Using 6 workers of 6 for evacuation
[4520.428s][info][gc,phases      ] GC(1314)   Pre Evacuate Collection Set: 0.39ms
[4520.428s][info][gc,phases      ] GC(1314)   Merge Heap Roots: 0.65ms
[4520.428s][info][gc,phases      ] GC(1314)   Evacuate Collection Set: 133.52ms
[4520.428s][info][gc,phases      ] GC(1314)   Post Evacuate Collection Set: 0.96ms
[4520.428s][info][gc,phases      ] GC(1314)   Other: 0.09ms
[4520.428s][info][gc,heap        ] GC(1314) Eden regions: 1109->0(1118)
[4520.428s][info][gc,heap        ] GC(1314) Survivor regions: 110->110(153)
[4520.428s][info][gc,heap        ] GC(1314) Old regions: 536->473
[4520.428s][info][gc,heap        ] GC(1314) Humongous regions: 80->80
[4520.428s][info][gc,metaspace   ] GC(1314) Metaspace: 28948K(29376K)->28948K(29376K) NonClass: 24078K(24256K)->24078K(24256K) Class: 4869K(5120K)->4869K(5120K)
[4520.428s][info][gc             ] GC(1314) Pause Young (Mixed) (G1 Evacuation Pause) 3667M->1323M(4096M) 135.726ms
[4520.428s][info][gc,cpu         ] GC(1314) User=0.81s Sys=0.00s Real=0.14s
..[4522.623s][info][gc,start       ] GC(1315) Pause Young (Concurrent Start) (G1 Evacuation Pause)
[4522.623s][info][gc,task        ] GC(1315) Using 6 workers of 6 for evacuation
[4522.747s][info][gc,phases      ] GC(1315)   Pre Evacuate Collection Set: 0.38ms
[4522.747s][info][gc,phases      ] GC(1315)   Merge Heap Roots: 0.46ms
[4522.747s][info][gc,phases      ] GC(1315)   Evacuate Collection Set: 121.75ms
[4522.747s][info][gc,phases      ] GC(1315)   Post Evacuate Collection Set: 0.87ms
[4522.747s][info][gc,phases      ] GC(1315)   Other: 0.13ms
[4522.747s][info][gc,heap        ] GC(1315) Eden regions: 1118->0(1113)
[4522.747s][info][gc,heap        ] GC(1315) Survivor regions: 110->115(154)
[4522.747s][info][gc,heap        ] GC(1315) Old regions: 473->505
[4522.747s][info][gc,heap        ] GC(1315) Humongous regions: 80->80
[4522.747s][info][gc,metaspace   ] GC(1315) Metaspace: 28948K(29376K)->28948K(29376K) NonClass: 24078K(24256K)->24078K(24256K) Class: 4869K(5120K)->4869K(5120K)
[4522.747s][info][gc             ] GC(1315) Pause Young (Concurrent Start) (G1 Evacuation Pause) 3559M->1397M(4096M) 123.724ms
[4522.747s][info][gc             ] GC(1316) Concurrent Mark Cycle
[4522.747s][info][gc,marking     ] GC(1316) Concurrent Scan Root Regions
[4522.747s][info][gc,cpu         ] GC(1315) User=0.73s Sys=0.00s Real=0.13s
[4522.926s][info][gc,marking     ] GC(1316) Concurrent Scan Root Regions 178.647ms
[4522.926s][info][gc,marking     ] GC(1316) Concurrent Mark
[4522.926s][info][gc,marking     ] GC(1316) Concurrent Mark From Roots
[4522.926s][info][gc,task        ] GC(1316) Using 2 workers of 2 for marking
.[4524.080s][info][gc,marking     ] GC(1316) Concurrent Mark From Roots 1154.273ms
[4524.080s][info][gc,marking     ] GC(1316) Concurrent Preclean
[4524.080s][info][gc,marking     ] GC(1316) Concurrent Preclean 0.152ms
[4524.083s][info][gc,start       ] GC(1316) Pause Remark
[4524.090s][info][gc             ] GC(1316) Pause Remark 2721M->2721M(4096M) 6.928ms
[4524.090s][info][gc,cpu         ] GC(1316) User=0.04s Sys=0.00s Real=0.01s
[4524.090s][info][gc,marking     ] GC(1316) Concurrent Mark 1163.957ms
[4524.090s][info][gc,marking     ] GC(1316) Concurrent Rebuild Remembered Sets and Scrub Regions
.[4524.493s][info][gc,marking     ] GC(1316) Concurrent Rebuild Remembered Sets and Scrub Regions 403.097ms
[4524.493s][info][gc,start       ] GC(1316) Pause Cleanup
[4524.493s][info][gc             ] GC(1316) Pause Cleanup 3152M->3152M(4096M) 0.122ms
[4524.493s][info][gc,cpu         ] GC(1316) User=0.00s Sys=0.00s Real=0.00s
[4524.493s][info][gc,marking     ] GC(1316) Concurrent Clear Claimed Marks
[4524.493s][info][gc,marking     ] GC(1316) Concurrent Clear Claimed Marks 0.026ms
[4524.493s][info][gc,marking     ] GC(1316) Concurrent Cleanup for Next Mark
[4524.499s][info][gc,marking     ] GC(1316) Concurrent Cleanup for Next Mark 5.996ms
[4524.500s][info][gc             ] GC(1316) Concurrent Mark Cycle 1752.469ms
[4524.889s][info][gc,start       ] GC(1317) Pause Young (Prepare Mixed) (G1 Evacuation Pause)
[4524.889s][info][gc,task        ] GC(1317) Using 6 workers of 6 for evacuation
[4525.014s][info][gc,phases      ] GC(1317)   Pre Evacuate Collection Set: 0.33ms
[4525.014s][info][gc,phases      ] GC(1317)   Merge Heap Roots: 0.51ms
[4525.014s][info][gc,phases      ] GC(1317)   Evacuate Collection Set: 123.30ms
[4525.014s][info][gc,phases      ] GC(1317)   Post Evacuate Collection Set: 0.94ms
[4525.014s][info][gc,phases      ] GC(1317)   Other: 0.09ms
[4525.014s][info][gc,heap        ] GC(1317) Eden regions: 1113->0(1098)
[4525.014s][info][gc,heap        ] GC(1317) Survivor regions: 115->115(154)
[4525.014s][info][gc,heap        ] GC(1317) Old regions: 505->537
[4525.014s][info][gc,heap        ] GC(1317) Humongous regions: 80->80
[4525.014s][info][gc,metaspace   ] GC(1317) Metaspace: 28948K(29376K)->28948K(29376K) NonClass: 24078K(24256K)->24078K(24256K) Class: 4869K(5120K)->4869K(5120K)
[4525.014s][info][gc             ] GC(1317) Pause Young (Prepare Mixed) (G1 Evacuation Pause) 3623M->1461M(4096M) 125.299ms
[4525.014s][info][gc,cpu         ] GC(1317) User=0.74s Sys=0.00s Real=0.12s
..[4527.099s][info][gc,start       ] GC(1318) Pause Young (Mixed) (G1 Evacuation Pause)
[4527.099s][info][gc,task        ] GC(1318) Using 6 workers of 6 for evacuation
[4527.232s][info][gc,phases      ] GC(1318)   Pre Evacuate Collection Set: 0.36ms
[4527.233s][info][gc,phases      ] GC(1318)   Merge Heap Roots: 0.66ms
[4527.233s][info][gc,phases      ] GC(1318)   Evacuate Collection Set: 130.75ms
[4527.233s][info][gc,phases      ] GC(1318)   Post Evacuate Collection Set: 0.95ms
[4527.233s][info][gc,phases      ] GC(1318)   Other: 0.09ms
[4527.233s][info][gc,heap        ] GC(1318) Eden regions: 1098->0(1120)
[4527.233s][info][gc,heap        ] GC(1318) Survivor regions: 115->108(152)
[4527.233s][info][gc,heap        ] GC(1318) Old regions: 537->474
[4527.233s][info][gc,heap        ] GC(1318) Humongous regions: 80->80
[4527.233s][info][gc,metaspace   ] GC(1318) Metaspace: 28948K(29376K)->28948K(29376K) NonClass: 24078K(24256K)->24078K(24256K) Class: 4869K(5120K)->4869K(5120K)
[4527.233s][info][gc             ] GC(1318) Pause Young (Mixed) (G1 Evacuation Pause) 3657M->1320M(4096M) 133.729ms
[4527.233s][info][gc,cpu         ] GC(1318) User=0.78s Sys=0.00s Real=0.13s
...[4529.424s][info][gc,start       ] GC(1319) Pause Young (Concurrent Start) (G1 Evacuation Pause)
[4529.424s][info][gc,task        ] GC(1319) Using 6 workers of 6 for evacuation
[4529.540s][info][gc,phases      ] GC(1319)   Pre Evacuate Collection Set: 0.38ms
[4529.540s][info][gc,phases      ] GC(1319)   Merge Heap Roots: 0.47ms
[4529.540s][info][gc,phases      ] GC(1319)   Evacuate Collection Set: 114.51ms
[4529.540s][info][gc,phases      ] GC(1319)   Post Evacuate Collection Set: 0.90ms
[4529.540s][info][gc,phases      ] GC(1319)   Other: 0.10ms
[4529.540s][info][gc,heap        ] GC(1319) Eden regions: 1120->0(1119)
[4529.540s][info][gc,heap        ] GC(1319) Survivor regions: 108->109(154)
[4529.540s][info][gc,heap        ] GC(1319) Old regions: 474->505
[4529.540s][info][gc,heap        ] GC(1319) Humongous regions: 80->80
[4529.540s][info][gc,metaspace   ] GC(1319) Metaspace: 28948K(29376K)->28948K(29376K) NonClass: 24078K(24256K)->24078K(24256K) Class: 4869K(5120K)->4869K(5120K)
[4529.540s][info][gc             ] GC(1319) Pause Young (Concurrent Start) (G1 Evacuation Pause) 3560M->1386M(4096M) 116.488ms
[4529.540s][info][gc             ] GC(1320) Concurrent Mark Cycle
[4529.540s][info][gc,marking     ] GC(1320) Concurrent Scan Root Regions
[4529.540s][info][gc,cpu         ] GC(1319) User=0.69s Sys=0.00s Real=0.12s
[4529.713s][info][gc,marking     ] GC(1320) Concurrent Scan Root Regions 172.949ms
[4529.713s][info][gc,marking     ] GC(1320) Concurrent Mark
[4529.713s][info][gc,marking     ] GC(1320) Concurrent Mark From Roots
[4529.713s][info][gc,task        ] GC(1320) Using 2 workers of 2 for marking
.[4530.421s][info][gc,marking     ] GC(1320) Concurrent Mark From Roots 707.501ms
[4530.421s][info][gc,marking     ] GC(1320) Concurrent Preclean
[4530.421s][info][gc,marking     ] GC(1320) Concurrent Preclean 0.112ms
[4530.421s][info][gc,start       ] GC(1320) Pause Remark
[4530.424s][info][gc             ] GC(1320) Pause Remark 2165M->2165M(4096M) 3.123ms
[4530.424s][info][gc,cpu         ] GC(1320) User=0.02s Sys=0.00s Real=0.00s
[4530.425s][info][gc,marking     ] GC(1320) Concurrent Mark 711.617ms
[4530.425s][info][gc,marking     ] GC(1320) Concurrent Rebuild Remembered Sets and Scrub Regions
[4530.721s][info][gc,marking     ] GC(1320) Concurrent Rebuild Remembered Sets and Scrub Regions 295.585ms
[4530.723s][info][gc,start       ] GC(1320) Pause Cleanup
[4530.724s][info][gc             ] GC(1320) Pause Cleanup 2458M->2458M(4096M) 0.140ms
[4530.724s][info][gc,cpu         ] GC(1320) User=0.00s Sys=0.00s Real=0.00s
[4530.724s][info][gc,marking     ] GC(1320) Concurrent Clear Claimed Marks
[4530.724s][info][gc,marking     ] GC(1320) Concurrent Clear Claimed Marks 0.026ms
[4530.724s][info][gc,marking     ] GC(1320) Concurrent Cleanup for Next Mark
[4530.744s][info][gc,marking     ] GC(1320) Concurrent Cleanup for Next Mark 20.486ms
[4530.744s][info][gc             ] GC(1320) Concurrent Mark Cycle 1203.895ms
.[4531.673s][info][gc,start       ] GC(1321) Pause Young (Prepare Mixed) (G1 Evacuation Pause)
[4531.673s][info][gc,task        ] GC(1321) Using 6 workers of 6 for evacuation
[4531.797s][info][gc,phases      ] GC(1321)   Pre Evacuate Collection Set: 0.33ms
[4531.797s][info][gc,phases      ] GC(1321)   Merge Heap Roots: 0.56ms
[4531.797s][info][gc,phases      ] GC(1321)   Evacuate Collection Set: 121.82ms
[4531.797s][info][gc,phases      ] GC(1321)   Post Evacuate Collection Set: 0.92ms
[4531.797s][info][gc,phases      ] GC(1321)   Other: 0.09ms
[4531.797s][info][gc,heap        ] GC(1321) Eden regions: 1119->0(1097)
[4531.797s][info][gc,heap        ] GC(1321) Survivor regions: 109->116(154)
[4531.797s][info][gc,heap        ] GC(1321) Old regions: 505->536
[4531.797s][info][gc,heap        ] GC(1321) Humongous regions: 80->80
[4531.797s][info][gc,metaspace   ] GC(1321) Metaspace: 28948K(29376K)->28948K(29376K) NonClass: 24078K(24256K)->24078K(24256K) Class: 4869K(5120K)->4869K(5120K)
[4531.797s][info][gc             ] GC(1321) Pause Young (Prepare Mixed) (G1 Evacuation Pause) 3624M->1461M(4096M) 123.844ms
[4531.797s][info][gc,cpu         ] GC(1321) User=0.73s Sys=0.00s Real=0.13s
..[4533.948s][info][gc,start       ] GC(1322) Pause Young (Mixed) (G1 Evacuation Pause)
[4533.948s][info][gc,task        ] GC(1322) Using 6 workers of 6 for evacuation
[4534.081s][info][gc,phases      ] GC(1322)   Pre Evacuate Collection Set: 0.39ms
[4534.081s][info][gc,phases      ] GC(1322)   Merge Heap Roots: 0.62ms
[4534.081s][info][gc,phases      ] GC(1322)   Evacuate Collection Set: 130.03ms
[4534.081s][info][gc,phases      ] GC(1322)   Post Evacuate Collection Set: 0.98ms
[4534.081s][info][gc,phases      ] GC(1322)   Other: 0.09ms
[4534.081s][info][gc,heap        ] GC(1322) Eden regions: 1097->0(1121)
[4534.081s][info][gc,heap        ] GC(1322) Survivor regions: 116->107(152)
[4534.081s][info][gc,heap        ] GC(1322) Old regions: 536->473
[4534.081s][info][gc,heap        ] GC(1322) Humongous regions: 80->80
[4534.081s][info][gc,metaspace   ] GC(1322) Metaspace: 28948K(29376K)->28948K(29376K) NonClass: 24078K(24256K)->24078K(24256K) Class: 4869K(5120K)->4869K(5120K)
[4534.081s][info][gc             ] GC(1322) Pause Young (Mixed) (G1 Evacuation Pause) 3655M->1317M(4096M) 132.239ms
[4534.081s][info][gc,cpu         ] GC(1322) User=0.79s Sys=0.00s Real=0.13s
..[4536.248s][info][gc,start       ] GC(1323) Pause Young (Concurrent Start) (G1 Evacuation Pause)
[4536.248s][info][gc,task        ] GC(1323) Using 6 workers of 6 for evacuation
[4536.365s][info][gc,phases      ] GC(1323)   Pre Evacuate Collection Set: 0.34ms
[4536.365s][info][gc,phases      ] GC(1323)   Merge Heap Roots: 0.48ms
[4536.365s][info][gc,phases      ] GC(1323)   Evacuate Collection Set: 114.89ms
[4536.365s][info][gc,phases      ] GC(1323)   Post Evacuate Collection Set: 0.88ms
[4536.365s][info][gc,phases      ] GC(1323)   Other: 0.12ms
[4536.365s][info][gc,heap        ] GC(1323) Eden regions: 1121->0(1118)
[4536.365s][info][gc,heap        ] GC(1323) Survivor regions: 107->110(154)
[4536.365s][info][gc,heap        ] GC(1323) Old regions: 473->504
[4536.365s][info][gc,heap        ] GC(1323) Humongous regions: 80->80
[4536.365s][info][gc,metaspace   ] GC(1323) Metaspace: 28948K(29376K)->28948K(29376K) NonClass: 24078K(24256K)->24078K(24256K) Class: 4869K(5120K)->4869K(5120K)
[4536.365s][info][gc             ] GC(1323) Pause Young (Concurrent Start) (G1 Evacuation Pause) 3559M->1384M(4096M) 116.846ms
[4536.365s][info][gc             ] GC(1324) Concurrent Mark Cycle
[4536.365s][info][gc,marking     ] GC(1324) Concurrent Scan Root Regions
[4536.365s][info][gc,cpu         ] GC(1323) User=0.69s Sys=0.00s Real=0.11s
.[4536.525s][info][gc,marking     ] GC(1324) Concurrent Scan Root Regions 160.174ms
[4536.525s][info][gc,marking     ] GC(1324) Concurrent Mark
[4536.525s][info][gc,marking     ] GC(1324) Concurrent Mark From Roots
[4536.525s][info][gc,task        ] GC(1324) Using 2 workers of 2 for marking
[4537.274s][info][gc,marking     ] GC(1324) Concurrent Mark From Roots 749.151ms
[4537.274s][info][gc,marking     ] GC(1324) Concurrent Preclean
[4537.274s][info][gc,marking     ] GC(1324) Concurrent Preclean 0.122ms
[4537.277s][info][gc,start       ] GC(1324) Pause Remark
[4537.283s][info][gc             ] GC(1324) Pause Remark 2212M->2212M(4096M) 6.003ms
[4537.283s][info][gc,cpu         ] GC(1324) User=0.03s Sys=0.00s Real=0.00s
[4537.284s][info][gc,marking     ] GC(1324) Concurrent Mark 758.473ms
[4537.284s][info][gc,marking     ] GC(1324) Concurrent Rebuild Remembered Sets and Scrub Regions
.[4537.562s][info][gc,marking     ] GC(1324) Concurrent Rebuild Remembered Sets and Scrub Regions 278.351ms
[4537.562s][info][gc,start       ] GC(1324) Pause Cleanup
[4537.562s][info][gc             ] GC(1324) Pause Cleanup 2482M->2482M(4096M) 0.114ms
[4537.562s][info][gc,cpu         ] GC(1324) User=0.00s Sys=0.00s Real=0.00s
[4537.563s][info][gc,marking     ] GC(1324) Concurrent Clear Claimed Marks
[4537.564s][info][gc,marking     ] GC(1324) Concurrent Clear Claimed Marks 0.044ms
[4537.564s][info][gc,marking     ] GC(1324) Concurrent Cleanup for Next Mark
[4537.576s][info][gc,marking     ] GC(1324) Concurrent Cleanup for Next Mark 12.397ms
[4537.576s][info][gc             ] GC(1324) Concurrent Mark Cycle 1211.162ms
.[4538.531s][info][gc,start       ] GC(1325) Pause Young (Prepare Mixed) (G1 Evacuation Pause)
[4538.531s][info][gc,task        ] GC(1325) Using 6 workers of 6 for evacuation
[4538.652s][info][gc,phases      ] GC(1325)   Pre Evacuate Collection Set: 0.33ms
[4538.652s][info][gc,phases      ] GC(1325)   Merge Heap Roots: 0.53ms
[4538.652s][info][gc,phases      ] GC(1325)   Evacuate Collection Set: 119.61ms
[4538.652s][info][gc,phases      ] GC(1325)   Post Evacuate Collection Set: 0.93ms
[4538.652s][info][gc,phases      ] GC(1325)   Other: 0.08ms
[4538.652s][info][gc,heap        ] GC(1325) Eden regions: 1118->0(1102)
[4538.652s][info][gc,heap        ] GC(1325) Survivor regions: 110->114(154)
[4538.652s][info][gc,heap        ] GC(1325) Old regions: 504->535
[4538.652s][info][gc,heap        ] GC(1325) Humongous regions: 80->80
[4538.652s][info][gc,metaspace   ] GC(1325) Metaspace: 28948K(29376K)->28948K(29376K) NonClass: 24078K(24256K)->24078K(24256K) Class: 4869K(5120K)->4869K(5120K)
[4538.652s][info][gc             ] GC(1325) Pause Young (Prepare Mixed) (G1 Evacuation Pause) 3620M->1455M(4096M) 121.608ms
[4538.652s][info][gc,cpu         ] GC(1325) User=0.72s Sys=0.00s Real=0.12s
.. (rIR:aIR:PR = 8164:8177:8177) (tPR = 120964) [OK] 
  4540s: Performance info:
         Transaction,    Success,    Partial,     Failed,   Receipts, AvgBarcode, 
             Overall,     497084,          0,          0,     472255,      59.47, 
         Response times:
             Request,    Success,    Partial,     Failed,   SkipFail,     Probes,    Samples,      min,      p50,      p90,      p95,      p99,      max, 
       TotalPurchase,     472245,          0,          0,          0,     354582,     439481,      300,     7200,   109000,   150000,   213000,   570000,
     InStorePurchase,     248062,          0,          0,          0,     185322,     229569,      300,     7200,   111000,   151000,   213000,   570000,
      OnlinePurchase,     174528,          0,          0,          0,     130845,     162551,      300,     7000,   107000,   149000,   213000,   501000,
        InstPurchase,      49655,          0,          0,          0,      38415,      47361,      400,     7200,   110000,   154000,   216000,   538000,
          AssocOfCat,        493,          0,          0,          0,        417,        606,    25000,    51000,   174300,   215550,   281000,   344000,
      AssocOfProduct,       4929,          0,          0,          0,       3443,       4452,      400,     6300,   101000,   136000,   209000,   343000,
      BusinessReport,       1240,          0,          0,          0,       1079,       1452,    28000,    52000,   176700,   225700,   298470,   540000,
          CustBuyBeh,       4937,          0,          0,          0,       3438,       4478,      100,     6700,   102000,   138000,   212210,   302000,
       ProductReturn,      13228,          0,          0,          0,       9946,      12701,      200,     7300,   109000,   148000,   219000,   337000,

  4540s: (60%)   IR =   8302 [4540.793s][info][gc,start       ] GC(1326) Pause Young (Mixed) (G1 Evacuation Pause)
[4540.793s][info][gc,task        ] GC(1326) Using 6 workers of 6 for evacuation
[4540.930s][info][gc,phases      ] GC(1326)   Pre Evacuate Collection Set: 0.37ms
[4540.930s][info][gc,phases      ] GC(1326)   Merge Heap Roots: 0.63ms
[4540.930s][info][gc,phases      ] GC(1326)   Evacuate Collection Set: 134.94ms
[4540.930s][info][gc,phases      ] GC(1326)   Post Evacuate Collection Set: 0.96ms
[4540.930s][info][gc,phases      ] GC(1326)   Other: 0.09ms
[4540.930s][info][gc,heap        ] GC(1326) Eden regions: 1102->0(1115)
[4540.930s][info][gc,heap        ] GC(1326) Survivor regions: 114->113(152)
[4540.930s][info][gc,heap        ] GC(1326) Old regions: 535->472
[4540.930s][info][gc,heap        ] GC(1326) Humongous regions: 80->80
[4540.930s][info][gc,metaspace   ] GC(1326) Metaspace: 28953K(29376K)->28953K(29376K) NonClass: 24084K(24256K)->24084K(24256K) Class: 4869K(5120K)->4869K(5120K)
[4540.930s][info][gc             ] GC(1326) Pause Young (Mixed) (G1 Evacuation Pause) 3659M->1326M(4096M) 137.113ms
[4540.931s][info][gc,cpu         ] GC(1326) User=0.81s Sys=0.00s Real=0.14s
..[4543.111s][info][gc,start       ] GC(1327) Pause Young (Concurrent Start) (G1 Evacuation Pause)
[4543.111s][info][gc,task        ] GC(1327) Using 6 workers of 6 for evacuation
[4543.230s][info][gc,phases      ] GC(1327)   Pre Evacuate Collection Set: 0.36ms
[4543.230s][info][gc,phases      ] GC(1327)   Merge Heap Roots: 0.49ms
[4543.230s][info][gc,phases      ] GC(1327)   Evacuate Collection Set: 117.52ms
[4543.230s][info][gc,phases      ] GC(1327)   Post Evacuate Collection Set: 0.88ms
[4543.230s][info][gc,phases      ] GC(1327)   Other: 0.11ms
[4543.230s][info][gc,heap        ] GC(1327) Eden regions: 1115->0(1117)
[4543.230s][info][gc,heap        ] GC(1327) Survivor regions: 113->111(154)
[4543.230s][info][gc,heap        ] GC(1327) Old regions: 472->504
[4543.230s][info][gc,heap        ] GC(1327) Humongous regions: 80->80
[4543.230s][info][gc,metaspace   ] GC(1327) Metaspace: 28953K(29376K)->28953K(29376K) NonClass: 24084K(24256K)->24084K(24256K) Class: 4869K(5120K)->4869K(5120K)
[4543.230s][info][gc             ] GC(1327) Pause Young (Concurrent Start) (G1 Evacuation Pause) 3556M->1388M(4096M) 119.499ms
[4543.230s][info][gc             ] GC(1328) Concurrent Mark Cycle
[4543.230s][info][gc,marking     ] GC(1328) Concurrent Scan Root Regions
[4543.230s][info][gc,cpu         ] GC(1327) User=0.71s Sys=0.00s Real=0.12s
[4543.371s][info][gc,marking     ] GC(1328) Concurrent Scan Root Regions 140.512ms
[4543.371s][info][gc,marking     ] GC(1328) Concurrent Mark
[4543.371s][info][gc,marking     ] GC(1328) Concurrent Mark From Roots
[4543.371s][info][gc,task        ] GC(1328) Using 2 workers of 2 for marking
.[4544.119s][info][gc,marking     ] GC(1328) Concurrent Mark From Roots 748.002ms
[4544.119s][info][gc,marking     ] GC(1328) Concurrent Preclean
[4544.119s][info][gc,marking     ] GC(1328) Concurrent Preclean 0.159ms
[4544.120s][info][gc,start       ] GC(1328) Pause Remark
[4544.125s][info][gc             ] GC(1328) Pause Remark 2258M->2258M(4096M) 4.972ms
[4544.125s][info][gc,cpu         ] GC(1328) User=0.03s Sys=0.00s Real=0.00s
[4544.126s][info][gc,marking     ] GC(1328) Concurrent Mark 754.811ms
[4544.126s][info][gc,marking     ] GC(1328) Concurrent Rebuild Remembered Sets and Scrub Regions
[4544.404s][info][gc,marking     ] GC(1328) Concurrent Rebuild Remembered Sets and Scrub Regions 278.135ms
[4544.404s][info][gc,start       ] GC(1328) Pause Cleanup
[4544.404s][info][gc             ] GC(1328) Pause Cleanup 2543M->2543M(4096M) 0.121ms
[4544.404s][info][gc,cpu         ] GC(1328) User=0.00s Sys=0.00s Real=0.00s
[4544.406s][info][gc,marking     ] GC(1328) Concurrent Clear Claimed Marks
[4544.406s][info][gc,marking     ] GC(1328) Concurrent Clear Claimed Marks 0.045ms
[4544.406s][info][gc,marking     ] GC(1328) Concurrent Cleanup for Next Mark
[4544.411s][info][gc,marking     ] GC(1328) Concurrent Cleanup for Next Mark 5.080ms
[4544.411s][info][gc             ] GC(1328) Concurrent Mark Cycle 1180.705ms
.[4545.418s][info][gc,start       ] GC(1329) Pause Young (Prepare Mixed) (G1 Evacuation Pause)
[4545.418s][info][gc,task        ] GC(1329) Using 6 workers of 6 for evacuation
[4545.534s][info][gc,phases      ] GC(1329)   Pre Evacuate Collection Set: 0.36ms
[4545.534s][info][gc,phases      ] GC(1329)   Merge Heap Roots: 0.50ms
[4545.534s][info][gc,phases      ] GC(1329)   Evacuate Collection Set: 113.90ms
[4545.534s][info][gc,phases      ] GC(1329)   Post Evacuate Collection Set: 0.96ms
[4545.534s][info][gc,phases      ] GC(1329)   Other: 0.10ms
[4545.534s][info][gc,heap        ] GC(1329) Eden regions: 1117->0(1111)
[4545.534s][info][gc,heap        ] GC(1329) Survivor regions: 111->109(154)
[4545.534s][info][gc,heap        ] GC(1329) Old regions: 504->536
[4545.534s][info][gc,heap        ] GC(1329) Humongous regions: 80->80
[4545.534s][info][gc,metaspace   ] GC(1329) Metaspace: 28953K(29376K)->28953K(29376K) NonClass: 24084K(24256K)->24084K(24256K) Class: 4869K(5120K)->4869K(5120K)
[4545.534s][info][gc             ] GC(1329) Pause Young (Prepare Mixed) (G1 Evacuation Pause) 3622M->1447M(4096M) 115.946ms
[4545.534s][info][gc,cpu         ] GC(1329) User=0.69s Sys=0.00s Real=0.11s
...[4547.735s][info][gc,start       ] GC(1330) Pause Young (Mixed) (G1 Evacuation Pause)
[4547.735s][info][gc,task        ] GC(1330) Using 6 workers of 6 for evacuation
[4547.879s][info][gc,phases      ] GC(1330)   Pre Evacuate Collection Set: 0.35ms
[4547.879s][info][gc,phases      ] GC(1330)   Merge Heap Roots: 0.82ms
[4547.879s][info][gc,phases      ] GC(1330)   Evacuate Collection Set: 141.48ms
[4547.879s][info][gc,phases      ] GC(1330)   Post Evacuate Collection Set: 0.92ms
[4547.879s][info][gc,phases      ] GC(1330)   Other: 0.09ms
[4547.879s][info][gc,heap        ] GC(1330) Eden regions: 1111->0(1114)
[4547.879s][info][gc,heap        ] GC(1330) Survivor regions: 109->114(153)
[4547.879s][info][gc,heap        ] GC(1330) Old regions: 536->475
[4547.879s][info][gc,heap        ] GC(1330) Humongous regions: 80->80
[4547.879s][info][gc,metaspace   ] GC(1330) Metaspace: 28953K(29376K)->28953K(29376K) NonClass: 24084K(24256K)->24084K(24256K) Class: 4869K(5120K)->4869K(5120K)
[4547.879s][info][gc             ] GC(1330) Pause Young (Mixed) (G1 Evacuation Pause) 3669M->1334M(4096M) 143.791ms
[4547.879s][info][gc,cpu         ] GC(1330) User=0.85s Sys=0.00s Real=0.15s
..[4550.028s][info][gc,start       ] GC(1331) Pause Young (Concurrent Start) (G1 Evacuation Pause)
[4550.028s][info][gc,task        ] GC(1331) Using 6 workers of 6 for evacuation
[4550.145s][info][gc,phases      ] GC(1331)   Pre Evacuate Collection Set: 0.39ms
[4550.145s][info][gc,phases      ] GC(1331)   Merge Heap Roots: 0.47ms
[4550.145s][info][gc,phases      ] GC(1331)   Evacuate Collection Set: 115.02ms
[4550.145s][info][gc,phases      ] GC(1331)   Post Evacuate Collection Set: 0.90ms
[4550.145s][info][gc,phases      ] GC(1331)   Other: 0.11ms
[4550.145s][info][gc,heap        ] GC(1331) Eden regions: 1114->0(1119)
[4550.145s][info][gc,heap        ] GC(1331) Survivor regions: 114->109(154)
[4550.145s][info][gc,heap        ] GC(1331) Old regions: 475->507
[4550.145s][info][gc,heap        ] GC(1331) Humongous regions: 80->80
[4550.145s][info][gc,metaspace   ] GC(1331) Metaspace: 28953K(29376K)->28953K(29376K) NonClass: 24084K(24256K)->24084K(24256K) Class: 4869K(5120K)->4869K(5120K)
[4550.145s][info][gc             ] GC(1331) Pause Young (Concurrent Start) (G1 Evacuation Pause) 3562M->1388M(4096M) 117.010ms
[4550.145s][info][gc             ] GC(1332) Concurrent Mark Cycle
[4550.145s][info][gc,marking     ] GC(1332) Concurrent Scan Root Regions
[4550.145s][info][gc,cpu         ] GC(1331) User=0.69s Sys=0.00s Real=0.11s
[4550.356s][info][gc,marking     ] GC(1332) Concurrent Scan Root Regions 211.629ms
[4550.356s][info][gc,marking     ] GC(1332) Concurrent Mark
[4550.356s][info][gc,marking     ] GC(1332) Concurrent Mark From Roots
[4550.356s][info][gc,task        ] GC(1332) Using 2 workers of 2 for marking
.[4551.396s][info][gc,marking     ] GC(1332) Concurrent Mark From Roots 1039.240ms
[4551.396s][info][gc,marking     ] GC(1332) Concurrent Preclean
[4551.396s][info][gc,marking     ] GC(1332) Concurrent Preclean 0.120ms
[4551.398s][info][gc,start       ] GC(1332) Pause Remark
[4551.404s][info][gc             ] GC(1332) Pause Remark 2614M->2614M(4096M) 5.900ms
[4551.404s][info][gc,cpu         ] GC(1332) User=0.03s Sys=0.00s Real=0.00s
[4551.404s][info][gc,marking     ] GC(1332) Concurrent Mark 1048.008ms
[4551.404s][info][gc,marking     ] GC(1332) Concurrent Rebuild Remembered Sets and Scrub Regions
[4551.672s][info][gc,marking     ] GC(1332) Concurrent Rebuild Remembered Sets and Scrub Regions 267.878ms
[4551.674s][info][gc,start       ] GC(1332) Pause Cleanup
[4551.675s][info][gc             ] GC(1332) Pause Cleanup 2878M->2878M(4096M) 0.129ms
[4551.675s][info][gc,cpu         ] GC(1332) User=0.00s Sys=0.00s Real=0.00s
[4551.675s][info][gc,marking     ] GC(1332) Concurrent Clear Claimed Marks
[4551.676s][info][gc,marking     ] GC(1332) Concurrent Clear Claimed Marks 0.038ms
[4551.676s][info][gc,marking     ] GC(1332) Concurrent Cleanup for Next Mark
[4551.681s][info][gc,marking     ] GC(1332) Concurrent Cleanup for Next Mark 5.050ms
[4551.681s][info][gc             ] GC(1332) Concurrent Mark Cycle 1535.899ms
.[4552.307s][info][gc,start       ] GC(1333) Pause Young (Prepare Mixed) (G1 Evacuation Pause)
[4552.307s][info][gc,task        ] GC(1333) Using 6 workers of 6 for evacuation
[4552.428s][info][gc,phases      ] GC(1333)   Pre Evacuate Collection Set: 0.33ms
[4552.428s][info][gc,phases      ] GC(1333)   Merge Heap Roots: 0.49ms
[4552.428s][info][gc,phases      ] GC(1333)   Evacuate Collection Set: 119.74ms
[4552.428s][info][gc,phases      ] GC(1333)   Post Evacuate Collection Set: 0.95ms
[4552.428s][info][gc,phases      ] GC(1333)   Other: 0.08ms
[4552.428s][info][gc,heap        ] GC(1333) Eden regions: 1119->0(1102)
[4552.428s][info][gc,heap        ] GC(1333) Survivor regions: 109->112(154)
[4552.428s][info][gc,heap        ] GC(1333) Old regions: 507->539
[4552.428s][info][gc,heap        ] GC(1333) Humongous regions: 80->80
[4552.428s][info][gc,metaspace   ] GC(1333) Metaspace: 28953K(29376K)->28953K(29376K) NonClass: 24084K(24256K)->24084K(24256K) Class: 4869K(5120K)->4869K(5120K)
[4552.428s][info][gc             ] GC(1333) Pause Young (Prepare Mixed) (G1 Evacuation Pause) 3626M->1459M(4096M) 121.726ms
[4552.428s][info][gc,cpu         ] GC(1333) User=0.72s Sys=0.00s Real=0.12s
..[4554.508s][info][gc,start       ] GC(1334) Pause Young (Mixed) (G1 Evacuation Pause)
[4554.508s][info][gc,task        ] GC(1334) Using 6 workers of 6 for evacuation
[4554.641s][info][gc,phases      ] GC(1334)   Pre Evacuate Collection Set: 0.40ms
[4554.641s][info][gc,phases      ] GC(1334)   Merge Heap Roots: 0.65ms
[4554.641s][info][gc,phases      ] GC(1334)   Evacuate Collection Set: 130.79ms
[4554.641s][info][gc,phases      ] GC(1334)   Post Evacuate Collection Set: 0.96ms
[4554.641s][info][gc,phases      ] GC(1334)   Other: 0.11ms
[4554.641s][info][gc,heap        ] GC(1334) Eden regions: 1102->0(1119)
[4554.641s][info][gc,heap        ] GC(1334) Survivor regions: 112->109(152)
[4554.641s][info][gc,heap        ] GC(1334) Old regions: 539->473
[4554.641s][info][gc,heap        ] GC(1334) Humongous regions: 80->80
[4554.641s][info][gc,metaspace   ] GC(1334) Metaspace: 28953K(29376K)->28953K(29376K) NonClass: 24084K(24256K)->24084K(24256K) Class: 4869K(5120K)->4869K(5120K)
[4554.641s][info][gc             ] GC(1334) Pause Young (Mixed) (G1 Evacuation Pause) 3663M->1321M(4096M) 133.039ms
[4554.641s][info][gc,cpu         ] GC(1334) User=0.79s Sys=0.00s Real=0.13s
..[4556.817s][info][gc,start       ] GC(1335) Pause Young (Concurrent Start) (G1 Evacuation Pause)
[4556.817s][info][gc,task        ] GC(1335) Using 6 workers of 6 for evacuation
[4556.942s][info][gc,phases      ] GC(1335)   Pre Evacuate Collection Set: 0.34ms
[4556.942s][info][gc,phases      ] GC(1335)   Merge Heap Roots: 0.46ms
[4556.942s][info][gc,phases      ] GC(1335)   Evacuate Collection Set: 122.97ms
[4556.942s][info][gc,phases      ] GC(1335)   Post Evacuate Collection Set: 0.90ms
[4556.942s][info][gc,phases      ] GC(1335)   Other: 0.13ms
[4556.942s][info][gc,heap        ] GC(1335) Eden regions: 1119->0(1112)
[4556.942s][info][gc,heap        ] GC(1335) Survivor regions: 109->116(154)
[4556.942s][info][gc,heap        ] GC(1335) Old regions: 473->504
[4556.942s][info][gc,heap        ] GC(1335) Humongous regions: 80->80
[4556.942s][info][gc,metaspace   ] GC(1335) Metaspace: 28953K(29376K)->28953K(29376K) NonClass: 24084K(24256K)->24084K(24256K) Class: 4869K(5120K)->4869K(5120K)
[4556.942s][info][gc             ] GC(1335) Pause Young (Concurrent Start) (G1 Evacuation Pause) 3559M->1397M(4096M) 124.947ms
[4556.942s][info][gc             ] GC(1336) Concurrent Mark Cycle
[4556.942s][info][gc,marking     ] GC(1336) Concurrent Scan Root Regions
[4556.942s][info][gc,cpu         ] GC(1335) User=0.74s Sys=0.00s Real=0.12s
.[4557.119s][info][gc,marking     ] GC(1336) Concurrent Scan Root Regions 176.910ms
[4557.119s][info][gc,marking     ] GC(1336) Concurrent Mark
[4557.119s][info][gc,marking     ] GC(1336) Concurrent Mark From Roots
[4557.119s][info][gc,task        ] GC(1336) Using 2 workers of 2 for marking
[4557.820s][info][gc,marking     ] GC(1336) Concurrent Mark From Roots 701.338ms
[4557.820s][info][gc,marking     ] GC(1336) Concurrent Preclean
[4557.820s][info][gc,marking     ] GC(1336) Concurrent Preclean 0.114ms
[4557.822s][info][gc,start       ] GC(1336) Pause Remark
[4557.828s][info][gc             ] GC(1336) Pause Remark 2233M->2233M(4096M) 6.418ms
[4557.828s][info][gc,cpu         ] GC(1336) User=0.04s Sys=0.00s Real=0.01s
[4557.828s][info][gc,marking     ] GC(1336) Concurrent Mark 709.540ms
[4557.828s][info][gc,marking     ] GC(1336) Concurrent Rebuild Remembered Sets and Scrub Regions
.[4558.150s][info][gc,marking     ] GC(1336) Concurrent Rebuild Remembered Sets and Scrub Regions 321.435ms
[4558.151s][info][gc,start       ] GC(1336) Pause Cleanup
[4558.151s][info][gc             ] GC(1336) Pause Cleanup 2537M->2537M(4096M) 0.111ms
[4558.151s][info][gc,cpu         ] GC(1336) User=0.00s Sys=0.00s Real=0.00s
[4558.151s][info][gc,marking     ] GC(1336) Concurrent Clear Claimed Marks
[4558.151s][info][gc,marking     ] GC(1336) Concurrent Clear Claimed Marks 0.030ms
[4558.151s][info][gc,marking     ] GC(1336) Concurrent Cleanup for Next Mark
[4558.159s][info][gc,marking     ] GC(1336) Concurrent Cleanup for Next Mark 7.748ms
[4558.159s][info][gc             ] GC(1336) Concurrent Mark Cycle 1216.861ms
[4559.104s][info][gc,start       ] GC(1337) Pause Young (Prepare Mixed) (G1 Evacuation Pause)
[4559.104s][info][gc,task        ] GC(1337) Using 6 workers of 6 for evacuation
[4559.225s][info][gc,phases      ] GC(1337)   Pre Evacuate Collection Set: 0.30ms
[4559.225s][info][gc,phases      ] GC(1337)   Merge Heap Roots: 0.50ms
[4559.225s][info][gc,phases      ] GC(1337)   Evacuate Collection Set: 119.23ms
[4559.225s][info][gc,phases      ] GC(1337)   Post Evacuate Collection Set: 0.96ms
[4559.225s][info][gc,phases      ] GC(1337)   Other: 0.09ms
[4559.225s][info][gc,heap        ] GC(1337) Eden regions: 1112->0(1107)
[4559.225s][info][gc,heap        ] GC(1337) Survivor regions: 116->111(154)
[4559.225s][info][gc,heap        ] GC(1337) Old regions: 504->536
[4559.225s][info][gc,heap        ] GC(1337) Humongous regions: 80->80
[4559.225s][info][gc,metaspace   ] GC(1337) Metaspace: 28953K(29376K)->28953K(29376K) NonClass: 24084K(24256K)->24084K(24256K) Class: 4869K(5120K)->4869K(5120K)
[4559.225s][info][gc             ] GC(1337) Pause Young (Prepare Mixed) (G1 Evacuation Pause) 3621M->1451M(4096M) 121.204ms
[4559.225s][info][gc,cpu         ] GC(1337) User=0.72s Sys=0.00s Real=0.12s
...[4561.264s][info][gc,start       ] GC(1338) Pause Young (Mixed) (G1 Evacuation Pause)
[4561.264s][info][gc,task        ] GC(1338) Using 6 workers of 6 for evacuation
[4561.400s][info][gc,phases      ] GC(1338)   Pre Evacuate Collection Set: 0.36ms
[4561.400s][info][gc,phases      ] GC(1338)   Merge Heap Roots: 0.72ms
[4561.400s][info][gc,phases      ] GC(1338)   Evacuate Collection Set: 134.61ms
[4561.401s][info][gc,phases      ] GC(1338)   Post Evacuate Collection Set: 0.95ms
[4561.401s][info][gc,phases      ] GC(1338)   Other: 0.09ms
[4561.401s][info][gc,heap        ] GC(1338) Eden regions: 1107->0(1116)
[4561.401s][info][gc,heap        ] GC(1338) Survivor regions: 111->112(153)
[4561.401s][info][gc,heap        ] GC(1338) Old regions: 536->473
[4561.401s][info][gc,heap        ] GC(1338) Humongous regions: 80->80
[4561.401s][info][gc,metaspace   ] GC(1338) Metaspace: 28953K(29376K)->28953K(29376K) NonClass: 24084K(24256K)->24084K(24256K) Class: 4869K(5120K)->4869K(5120K)
[4561.401s][info][gc             ] GC(1338) Pause Young (Mixed) (G1 Evacuation Pause) 3665M->1327M(4096M) 136.877ms
[4561.401s][info][gc,cpu         ] GC(1338) User=0.81s Sys=0.00s Real=0.14s
.|.[4563.443s][info][gc,start       ] GC(1339) Pause Young (Concurrent Start) (G1 Evacuation Pause)
[4563.443s][info][gc,task        ] GC(1339) Using 6 workers of 6 for evacuation
[4563.562s][info][gc,phases      ] GC(1339)   Pre Evacuate Collection Set: 0.38ms
[4563.562s][info][gc,phases      ] GC(1339)   Merge Heap Roots: 0.46ms
[4563.562s][info][gc,phases      ] GC(1339)   Evacuate Collection Set: 116.38ms
[4563.562s][info][gc,phases      ] GC(1339)   Post Evacuate Collection Set: 0.87ms
[4563.562s][info][gc,phases      ] GC(1339)   Other: 0.11ms
[4563.562s][info][gc,heap        ] GC(1339) Eden regions: 1116->0(1118)
[4563.562s][info][gc,heap        ] GC(1339) Survivor regions: 112->110(154)
[4563.562s][info][gc,heap        ] GC(1339) Old regions: 473->506
[4563.562s][info][gc,heap        ] GC(1339) Humongous regions: 80->80
[4563.562s][info][gc,metaspace   ] GC(1339) Metaspace: 28953K(29376K)->28953K(29376K) NonClass: 24084K(24256K)->24084K(24256K) Class: 4869K(5120K)->4869K(5120K)
[4563.562s][info][gc             ] GC(1339) Pause Young (Concurrent Start) (G1 Evacuation Pause) 3559M->1389M(4096M) 118.345ms
[4563.562s][info][gc             ] GC(1340) Concurrent Mark Cycle
[4563.562s][info][gc,marking     ] GC(1340) Concurrent Scan Root Regions
[4563.562s][info][gc,cpu         ] GC(1339) User=0.70s Sys=0.00s Real=0.12s
[4563.740s][info][gc,marking     ] GC(1340) Concurrent Scan Root Regions 178.270ms
[4563.740s][info][gc,marking     ] GC(1340) Concurrent Mark
[4563.740s][info][gc,marking     ] GC(1340) Concurrent Mark From Roots
[4563.740s][info][gc,task        ] GC(1340) Using 2 workers of 2 for marking
.[4564.492s][info][gc,marking     ] GC(1340) Concurrent Mark From Roots 751.403ms
[4564.492s][info][gc,marking     ] GC(1340) Concurrent Preclean
[4564.492s][info][gc,marking     ] GC(1340) Concurrent Preclean 0.110ms
[4564.494s][info][gc,start       ] GC(1340) Pause Remark
[4564.500s][info][gc             ] GC(1340) Pause Remark 2299M->2299M(4096M) 5.765ms
[4564.500s][info][gc,cpu         ] GC(1340) User=0.03s Sys=0.00s Real=0.01s
[4564.500s][info][gc,marking     ] GC(1340) Concurrent Mark 760.150ms
[4564.500s][info][gc,marking     ] GC(1340) Concurrent Rebuild Remembered Sets and Scrub Regions
[4564.760s][info][gc,marking     ] GC(1340) Concurrent Rebuild Remembered Sets and Scrub Regions 259.641ms
[4564.760s][info][gc,start       ] GC(1340) Pause Cleanup
[4564.760s][info][gc             ] GC(1340) Pause Cleanup 2518M->2518M(4096M) 0.112ms
[4564.760s][info][gc,cpu         ] GC(1340) User=0.00s Sys=0.00s Real=0.00s
[4564.763s][info][gc,marking     ] GC(1340) Concurrent Clear Claimed Marks
[4564.763s][info][gc,marking     ] GC(1340) Concurrent Clear Claimed Marks 0.069ms
[4564.763s][info][gc,marking     ] GC(1340) Concurrent Cleanup for Next Mark
[4564.770s][info][gc,marking     ] GC(1340) Concurrent Cleanup for Next Mark 7.305ms
[4564.770s][info][gc             ] GC(1340) Concurrent Mark Cycle 1208.321ms
.[4565.866s][info][gc,start       ] GC(1341) Pause Young (Prepare Mixed) (G1 Evacuation Pause)
[4565.866s][info][gc,task        ] GC(1341) Using 6 workers of 6 for evacuation
[4565.982s][info][gc,phases      ] GC(1341)   Pre Evacuate Collection Set: 0.37ms
[4565.982s][info][gc,phases      ] GC(1341)   Merge Heap Roots: 0.52ms
[4565.982s][info][gc,phases      ] GC(1341)   Evacuate Collection Set: 114.18ms
[4565.982s][info][gc,phases      ] GC(1341)   Post Evacuate Collection Set: 0.90ms
[4565.982s][info][gc,phases      ] GC(1341)   Other: 0.09ms
[4565.982s][info][gc,heap        ] GC(1341) Eden regions: 1118->0(1112)
[4565.982s][info][gc,heap        ] GC(1341) Survivor regions: 110->108(154)
[4565.982s][info][gc,heap        ] GC(1341) Old regions: 506->537
[4565.982s][info][gc,heap        ] GC(1341) Humongous regions: 80->80
[4565.982s][info][gc,metaspace   ] GC(1341) Metaspace: 28953K(29376K)->28953K(29376K) NonClass: 24084K(24256K)->24084K(24256K) Class: 4869K(5120K)->4869K(5120K)
[4565.982s][info][gc             ] GC(1341) Pause Young (Prepare Mixed) (G1 Evacuation Pause) 3625M->1446M(4096M) 116.211ms
[4565.982s][info][gc,cpu         ] GC(1341) User=0.68s Sys=0.00s Real=0.11s
..[4568.141s][info][gc,start       ] GC(1342) Pause Young (Mixed) (G1 Evacuation Pause)
[4568.141s][info][gc,task        ] GC(1342) Using 6 workers of 6 for evacuation
[4568.274s][info][gc,phases      ] GC(1342)   Pre Evacuate Collection Set: 0.39ms
[4568.274s][info][gc,phases      ] GC(1342)   Merge Heap Roots: 0.67ms
[4568.274s][info][gc,phases      ] GC(1342)   Evacuate Collection Set: 130.79ms
[4568.274s][info][gc,phases      ] GC(1342)   Post Evacuate Collection Set: 0.94ms
[4568.274s][info][gc,phases      ] GC(1342)   Other: 0.09ms
[4568.274s][info][gc,heap        ] GC(1342) Eden regions: 1112->0(1118)
[4568.274s][info][gc,heap        ] GC(1342) Survivor regions: 108->110(153)
[4568.274s][info][gc,heap        ] GC(1342) Old regions: 537->472
[4568.274s][info][gc,heap        ] GC(1342) Humongous regions: 80->80
[4568.274s][info][gc,metaspace   ] GC(1342) Metaspace: 28953K(29376K)->28953K(29376K) NonClass: 24084K(24256K)->24084K(24256K) Class: 4869K(5120K)->4869K(5120K)
[4568.274s][info][gc             ] GC(1342) Pause Young (Mixed) (G1 Evacuation Pause) 3670M->1321M(4096M) 133.031ms
[4568.274s][info][gc,cpu         ] GC(1342) User=0.79s Sys=0.00s Real=0.13s
...[4570.407s][info][gc,start       ] GC(1343) Pause Young (Concurrent Start) (G1 Evacuation Pause)
[4570.407s][info][gc,task        ] GC(1343) Using 6 workers of 6 for evacuation
[4570.526s][info][gc,phases      ] GC(1343)   Pre Evacuate Collection Set: 0.41ms
[4570.526s][info][gc,phases      ] GC(1343)   Merge Heap Roots: 0.48ms
[4570.526s][info][gc,phases      ] GC(1343)   Evacuate Collection Set: 117.36ms
[4570.526s][info][gc,phases      ] GC(1343)   Post Evacuate Collection Set: 0.90ms
[4570.526s][info][gc,phases      ] GC(1343)   Other: 0.11ms
[4570.526s][info][gc,heap        ] GC(1343) Eden regions: 1118->0(1118)
[4570.526s][info][gc,heap        ] GC(1343) Survivor regions: 110->110(154)
[4570.526s][info][gc,heap        ] GC(1343) Old regions: 472->505
[4570.526s][info][gc,heap        ] GC(1343) Humongous regions: 80->80
[4570.526s][info][gc,metaspace   ] GC(1343) Metaspace: 28953K(29376K)->28953K(29376K) NonClass: 24084K(24256K)->24084K(24256K) Class: 4869K(5120K)->4869K(5120K)
[4570.526s][info][gc             ] GC(1343) Pause Young (Concurrent Start) (G1 Evacuation Pause) 3557M->1387M(4096M) 119.388ms
[4570.526s][info][gc             ] GC(1344) Concurrent Mark Cycle
[4570.526s][info][gc,marking     ] GC(1344) Concurrent Scan Root Regions
[4570.526s][info][gc,cpu         ] GC(1343) User=0.70s Sys=0.00s Real=0.12s
[4570.681s][info][gc,marking     ] GC(1344) Concurrent Scan Root Regions 154.423ms
[4570.681s][info][gc,marking     ] GC(1344) Concurrent Mark
[4570.681s][info][gc,marking     ] GC(1344) Concurrent Mark From Roots
[4570.681s][info][gc,task        ] GC(1344) Using 2 workers of 2 for marking
.[4571.461s][info][gc,marking     ] GC(1344) Concurrent Mark From Roots 780.293ms
[4571.461s][info][gc,marking     ] GC(1344) Concurrent Preclean
[4571.461s][info][gc,marking     ] GC(1344) Concurrent Preclean 0.105ms
[4571.462s][info][gc,start       ] GC(1344) Pause Remark
[4571.466s][info][gc             ] GC(1344) Pause Remark 2263M->2263M(4096M) 4.449ms
[4571.466s][info][gc,cpu         ] GC(1344) User=0.02s Sys=0.00s Real=0.01s
[4571.467s][info][gc,marking     ] GC(1344) Concurrent Mark 786.148ms
[4571.467s][info][gc,marking     ] GC(1344) Concurrent Rebuild Remembered Sets and Scrub Regions
[4571.799s][info][gc,marking     ] GC(1344) Concurrent Rebuild Remembered Sets and Scrub Regions 332.293ms
[4571.802s][info][gc,start       ] GC(1344) Pause Cleanup
[4571.802s][info][gc             ] GC(1344) Pause Cleanup 2637M->2637M(4096M) 0.139ms
[4571.802s][info][gc,cpu         ] GC(1344) User=0.00s Sys=0.00s Real=0.00s
[4571.803s][info][gc,marking     ] GC(1344) Concurrent Clear Claimed Marks
[4571.803s][info][gc,marking     ] GC(1344) Concurrent Clear Claimed Marks 0.030ms
[4571.803s][info][gc,marking     ] GC(1344) Concurrent Cleanup for Next Mark
[4571.809s][info][gc,marking     ] GC(1344) Concurrent Cleanup for Next Mark 6.365ms
[4571.809s][info][gc             ] GC(1344) Concurrent Mark Cycle 1282.845ms
.[4572.611s][info][gc,start       ] GC(1345) Pause Young (Prepare Mixed) (G1 Evacuation Pause)
[4572.611s][info][gc,task        ] GC(1345) Using 6 workers of 6 for evacuation
[4572.735s][info][gc,phases      ] GC(1345)   Pre Evacuate Collection Set: 0.32ms
[4572.735s][info][gc,phases      ] GC(1345)   Merge Heap Roots: 0.55ms
[4572.735s][info][gc,phases      ] GC(1345)   Evacuate Collection Set: 121.74ms
[4572.735s][info][gc,phases      ] GC(1345)   Post Evacuate Collection Set: 0.98ms
[4572.735s][info][gc,phases      ] GC(1345)   Other: 0.09ms
[4572.735s][info][gc,heap        ] GC(1345) Eden regions: 1118->0(1101)
[4572.735s][info][gc,heap        ] GC(1345) Survivor regions: 110->113(154)
[4572.735s][info][gc,heap        ] GC(1345) Old regions: 505->538
[4572.735s][info][gc,heap        ] GC(1345) Humongous regions: 80->80
[4572.735s][info][gc,metaspace   ] GC(1345) Metaspace: 28953K(29376K)->28953K(29376K) NonClass: 24084K(24256K)->24084K(24256K) Class: 4869K(5120K)->4869K(5120K)
[4572.735s][info][gc             ] GC(1345) Pause Young (Prepare Mixed) (G1 Evacuation Pause) 3623M->1459M(4096M) 123.835ms
[4572.735s][info][gc,cpu         ] GC(1345) User=0.73s Sys=0.00s Real=0.12s
..[4574.832s][info][gc,start       ] GC(1346) Pause Young (Mixed) (G1 Evacuation Pause)
[4574.832s][info][gc,task        ] GC(1346) Using 6 workers of 6 for evacuation
[4574.964s][info][gc,phases      ] GC(1346)   Pre Evacuate Collection Set: 0.37ms
[4574.964s][info][gc,phases      ] GC(1346)   Merge Heap Roots: 0.70ms
[4574.964s][info][gc,phases      ] GC(1346)   Evacuate Collection Set: 129.81ms
[4574.964s][info][gc,phases      ] GC(1346)   Post Evacuate Collection Set: 0.94ms
[4574.964s][info][gc,phases      ] GC(1346)   Other: 0.09ms
[4574.964s][info][gc,heap        ] GC(1346) Eden regions: 1101->0(1121)
[4574.964s][info][gc,heap        ] GC(1346) Survivor regions: 113->107(152)
[4574.964s][info][gc,heap        ] GC(1346) Old regions: 538->474
[4574.964s][info][gc,heap        ] GC(1346) Humongous regions: 80->80
[4574.964s][info][gc,metaspace   ] GC(1346) Metaspace: 28953K(29376K)->28953K(29376K) NonClass: 24084K(24256K)->24084K(24256K) Class: 4869K(5120K)->4869K(5120K)
[4574.964s][info][gc             ] GC(1346) Pause Young (Mixed) (G1 Evacuation Pause) 3661M->1318M(4096M) 132.028ms
[4574.964s][info][gc,cpu         ] GC(1346) User=0.78s Sys=0.00s Real=0.13s
..[4577.130s][info][gc,start       ] GC(1347) Pause Young (Concurrent Start) (G1 Evacuation Pause)
[4577.131s][info][gc,task        ] GC(1347) Using 6 workers of 6 for evacuation
[4577.247s][info][gc,phases      ] GC(1347)   Pre Evacuate Collection Set: 0.39ms
[4577.247s][info][gc,phases      ] GC(1347)   Merge Heap Roots: 0.44ms
[4577.247s][info][gc,phases      ] GC(1347)   Evacuate Collection Set: 114.52ms
[4577.247s][info][gc,phases      ] GC(1347)   Post Evacuate Collection Set: 0.88ms
[4577.247s][info][gc,phases      ] GC(1347)   Other: 0.12ms
[4577.247s][info][gc,heap        ] GC(1347) Eden regions: 1121->0(1119)
[4577.247s][info][gc,heap        ] GC(1347) Survivor regions: 107->109(154)
[4577.247s][info][gc,heap        ] GC(1347) Old regions: 474->505
[4577.247s][info][gc,heap        ] GC(1347) Humongous regions: 80->80
[4577.247s][info][gc,metaspace   ] GC(1347) Metaspace: 28953K(29376K)->28953K(29376K) NonClass: 24084K(24256K)->24084K(24256K) Class: 4869K(5120K)->4869K(5120K)
[4577.247s][info][gc             ] GC(1347) Pause Young (Concurrent Start) (G1 Evacuation Pause) 3560M->1385M(4096M) 116.487ms
[4577.247s][info][gc             ] GC(1348) Concurrent Mark Cycle
[4577.247s][info][gc,marking     ] GC(1348) Concurrent Scan Root Regions
[4577.247s][info][gc,cpu         ] GC(1347) User=0.68s Sys=0.00s Real=0.12s
[4577.380s][info][gc,marking     ] GC(1348) Concurrent Scan Root Regions 133.446ms
[4577.381s][info][gc,marking     ] GC(1348) Concurrent Mark
[4577.381s][info][gc,marking     ] GC(1348) Concurrent Mark From Roots
[4577.381s][info][gc,task        ] GC(1348) Using 2 workers of 2 for marking
.[4578.070s][info][gc,marking     ] GC(1348) Concurrent Mark From Roots 689.200ms
[4578.070s][info][gc,marking     ] GC(1348) Concurrent Preclean
[4578.070s][info][gc,marking     ] GC(1348) Concurrent Preclean 0.099ms
[4578.073s][info][gc,start       ] GC(1348) Pause Remark
[4578.079s][info][gc             ] GC(1348) Pause Remark 2175M->2175M(4096M) 6.217ms
[4578.079s][info][gc,cpu         ] GC(1348) User=0.04s Sys=0.00s Real=0.01s
[4578.080s][info][gc,marking     ] GC(1348) Concurrent Mark 698.994ms
[4578.080s][info][gc,marking     ] GC(1348) Concurrent Rebuild Remembered Sets and Scrub Regions
[4578.455s][info][gc,marking     ] GC(1348) Concurrent Rebuild Remembered Sets and Scrub Regions 375.798ms
[4578.457s][info][gc,start       ] GC(1348) Pause Cleanup
[4578.457s][info][gc             ] GC(1348) Pause Cleanup 2609M->2609M(4096M) 0.130ms
[4578.457s][info][gc,cpu         ] GC(1348) User=0.00s Sys=0.00s Real=0.00s
[4578.457s][info][gc,marking     ] GC(1348) Concurrent Clear Claimed Marks
[4578.457s][info][gc,marking     ] GC(1348) Concurrent Clear Claimed Marks 0.026ms
[4578.457s][info][gc,marking     ] GC(1348) Concurrent Cleanup for Next Mark
[4578.462s][info][gc,marking     ] GC(1348) Concurrent Cleanup for Next Mark 4.951ms
[4578.462s][info][gc             ] GC(1348) Concurrent Mark Cycle 1215.125ms
.[4579.351s][info][gc,start       ] GC(1349) Pause Young (Prepare Mixed) (G1 Evacuation Pause)
[4579.351s][info][gc,task        ] GC(1349) Using 6 workers of 6 for evacuation
[4579.469s][info][gc,phases      ] GC(1349)   Pre Evacuate Collection Set: 0.35ms
[4579.469s][info][gc,phases      ] GC(1349)   Merge Heap Roots: 0.52ms
[4579.469s][info][gc,phases      ] GC(1349)   Evacuate Collection Set: 115.96ms
[4579.469s][info][gc,phases      ] GC(1349)   Post Evacuate Collection Set: 0.94ms
[4579.469s][info][gc,phases      ] GC(1349)   Other: 0.09ms
[4579.469s][info][gc,heap        ] GC(1349) Eden regions: 1119->0(1108)
[4579.469s][info][gc,heap        ] GC(1349) Survivor regions: 109->111(154)
[4579.469s][info][gc,heap        ] GC(1349) Old regions: 505->535
[4579.469s][info][gc,heap        ] GC(1349) Humongous regions: 80->80
[4579.469s][info][gc,metaspace   ] GC(1349) Metaspace: 28953K(29376K)->28953K(29376K) NonClass: 24084K(24256K)->24084K(24256K) Class: 4869K(5120K)->4869K(5120K)
[4579.469s][info][gc             ] GC(1349) Pause Young (Prepare Mixed) (G1 Evacuation Pause) 3623M->1450M(4096M) 117.991ms
[4579.469s][info][gc,cpu         ] GC(1349) User=0.70s Sys=0.00s Real=0.12s
...[4581.663s][info][gc,start       ] GC(1350) Pause Young (Mixed) (G1 Evacuation Pause)
[4581.663s][info][gc,task        ] GC(1350) Using 6 workers of 6 for evacuation
[4581.808s][info][gc,phases      ] GC(1350)   Pre Evacuate Collection Set: 0.36ms
[4581.808s][info][gc,phases      ] GC(1350)   Merge Heap Roots: 0.77ms
[4581.808s][info][gc,phases      ] GC(1350)   Evacuate Collection Set: 142.89ms
[4581.808s][info][gc,phases      ] GC(1350)   Post Evacuate Collection Set: 0.95ms
[4581.808s][info][gc,phases      ] GC(1350)   Other: 0.09ms
[4581.808s][info][gc,heap        ] GC(1350) Eden regions: 1108->0(1113)
[4581.808s][info][gc,heap        ] GC(1350) Survivor regions: 111->115(153)
[4581.808s][info][gc,heap        ] GC(1350) Old regions: 535->472
[4581.808s][info][gc,heap        ] GC(1350) Humongous regions: 80->80
[4581.808s][info][gc,metaspace   ] GC(1350) Metaspace: 28953K(29376K)->28953K(29376K) NonClass: 24084K(24256K)->24084K(24256K) Class: 4869K(5120K)->4869K(5120K)
[4581.808s][info][gc             ] GC(1350) Pause Young (Mixed) (G1 Evacuation Pause) 3666M->1332M(4096M) 145.204ms
[4581.808s][info][gc,cpu         ] GC(1350) User=0.86s Sys=0.00s Real=0.15s
..[4583.881s][info][gc,start       ] GC(1351) Pause Young (Concurrent Start) (G1 Evacuation Pause)
[4583.881s][info][gc,task        ] GC(1351) Using 6 workers of 6 for evacuation
[4583.999s][info][gc,phases      ] GC(1351)   Pre Evacuate Collection Set: 0.38ms
[4583.999s][info][gc,phases      ] GC(1351)   Merge Heap Roots: 0.49ms
[4583.999s][info][gc,phases      ] GC(1351)   Evacuate Collection Set: 116.17ms
[4583.999s][info][gc,phases      ] GC(1351)   Post Evacuate Collection Set: 0.88ms
[4583.999s][info][gc,phases      ] GC(1351)   Other: 0.12ms
[4583.999s][info][gc,heap        ] GC(1351) Eden regions: 1113->0(1119)
[4583.999s][info][gc,heap        ] GC(1351) Survivor regions: 115->109(154)
[4583.999s][info][gc,heap        ] GC(1351) Old regions: 472->505
[4583.999s][info][gc,heap        ] GC(1351) Humongous regions: 80->80
[4583.999s][info][gc,metaspace   ] GC(1351) Metaspace: 28953K(29376K)->28953K(29376K) NonClass: 24084K(24256K)->24084K(24256K) Class: 4869K(5120K)->4869K(5120K)
[4583.999s][info][gc             ] GC(1351) Pause Young (Concurrent Start) (G1 Evacuation Pause) 3558M->1384M(4096M) 118.160ms
[4583.999s][info][gc             ] GC(1352) Concurrent Mark Cycle
[4583.999s][info][gc,marking     ] GC(1352) Concurrent Scan Root Regions
[4583.999s][info][gc,cpu         ] GC(1351) User=0.70s Sys=0.00s Real=0.12s
[4584.170s][info][gc,marking     ] GC(1352) Concurrent Scan Root Regions 170.800ms
[4584.170s][info][gc,marking     ] GC(1352) Concurrent Mark
[4584.170s][info][gc,marking     ] GC(1352) Concurrent Mark From Roots
[4584.170s][info][gc,task        ] GC(1352) Using 2 workers of 2 for marking
.[4585.172s][info][gc,marking     ] GC(1352) Concurrent Mark From Roots 1002.296ms
[4585.173s][info][gc,marking     ] GC(1352) Concurrent Preclean
[4585.173s][info][gc,marking     ] GC(1352) Concurrent Preclean 0.107ms
[4585.174s][info][gc,start       ] GC(1352) Pause Remark
[4585.180s][info][gc             ] GC(1352) Pause Remark 2462M->2462M(4096M) 5.542ms
[4585.180s][info][gc,cpu         ] GC(1352) User=0.03s Sys=0.00s Real=0.01s
[4585.181s][info][gc,marking     ] GC(1352) Concurrent Mark 1010.965ms
[4585.181s][info][gc,marking     ] GC(1352) Concurrent Rebuild Remembered Sets and Scrub Regions
[4585.544s][info][gc,marking     ] GC(1352) Concurrent Rebuild Remembered Sets and Scrub Regions 362.743ms
[4585.546s][info][gc,start       ] GC(1352) Pause Cleanup
[4585.546s][info][gc             ] GC(1352) Pause Cleanup 2856M->2856M(4096M) 0.134ms
[4585.546s][info][gc,cpu         ] GC(1352) User=0.00s Sys=0.00s Real=0.00s
[4585.546s][info][gc,marking     ] GC(1352) Concurrent Clear Claimed Marks
[4585.546s][info][gc,marking     ] GC(1352) Concurrent Clear Claimed Marks 0.022ms
[4585.546s][info][gc,marking     ] GC(1352) Concurrent Cleanup for Next Mark
[4585.551s][info][gc,marking     ] GC(1352) Concurrent Cleanup for Next Mark 4.571ms
[4585.551s][info][gc             ] GC(1352) Concurrent Mark Cycle 1551.615ms
.[4586.201s][info][gc,start       ] GC(1353) Pause Young (Prepare Mixed) (G1 Evacuation Pause)
[4586.201s][info][gc,task        ] GC(1353) Using 6 workers of 6 for evacuation
[4586.320s][info][gc,phases      ] GC(1353)   Pre Evacuate Collection Set: 0.32ms
[4586.320s][info][gc,phases      ] GC(1353)   Merge Heap Roots: 0.49ms
[4586.320s][info][gc,phases      ] GC(1353)   Evacuate Collection Set: 117.84ms
[4586.320s][info][gc,phases      ] GC(1353)   Post Evacuate Collection Set: 0.92ms
[4586.320s][info][gc,phases      ] GC(1353)   Other: 0.09ms
[4586.320s][info][gc,heap        ] GC(1353) Eden regions: 1119->0(1108)
[4586.320s][info][gc,heap        ] GC(1353) Survivor regions: 109->110(154)
[4586.320s][info][gc,heap        ] GC(1353) Old regions: 505->537
[4586.320s][info][gc,heap        ] GC(1353) Humongous regions: 80->80
[4586.320s][info][gc,metaspace   ] GC(1353) Metaspace: 28953K(29376K)->28953K(29376K) NonClass: 24084K(24256K)->24084K(24256K) Class: 4869K(5120K)->4869K(5120K)
[4586.320s][info][gc             ] GC(1353) Pause Young (Prepare Mixed) (G1 Evacuation Pause) 3622M->1452M(4096M) 119.805ms
[4586.320s][info][gc,cpu         ] GC(1353) User=0.71s Sys=0.00s Real=0.12s
..[4588.458s][info][gc,start       ] GC(1354) Pause Young (Mixed) (G1 Evacuation Pause)
[4588.458s][info][gc,task        ] GC(1354) Using 6 workers of 6 for evacuation
[4588.591s][info][gc,phases      ] GC(1354)   Pre Evacuate Collection Set: 0.40ms
[4588.591s][info][gc,phases      ] GC(1354)   Merge Heap Roots: 0.67ms
[4588.591s][info][gc,phases      ] GC(1354)   Evacuate Collection Set: 130.46ms
[4588.591s][info][gc,phases      ] GC(1354)   Post Evacuate Collection Set: 0.95ms
[4588.591s][info][gc,phases      ] GC(1354)   Other: 0.09ms
[4588.591s][info][gc,heap        ] GC(1354) Eden regions: 1108->0(1119)
[4588.591s][info][gc,heap        ] GC(1354) Survivor regions: 110->109(153)
[4588.591s][info][gc,heap        ] GC(1354) Old regions: 537->475
[4588.591s][info][gc,heap        ] GC(1354) Humongous regions: 80->80
[4588.591s][info][gc,metaspace   ] GC(1354) Metaspace: 28953K(29376K)->28953K(29376K) NonClass: 24084K(24256K)->24084K(24256K) Class: 4869K(5120K)->4869K(5120K)
[4588.591s][info][gc             ] GC(1354) Pause Young (Mixed) (G1 Evacuation Pause) 3668M->1325M(4096M) 132.707ms
[4588.591s][info][gc,cpu         ] GC(1354) User=0.78s Sys=0.00s Real=0.13s
...[4590.753s][info][gc,start       ] GC(1355) Pause Young (Concurrent Start) (G1 Evacuation Pause)
[4590.753s][info][gc,task        ] GC(1355) Using 6 workers of 6 for evacuation
[4590.879s][info][gc,phases      ] GC(1355)   Pre Evacuate Collection Set: 0.40ms
[4590.879s][info][gc,phases      ] GC(1355)   Merge Heap Roots: 0.47ms
[4590.879s][info][gc,phases      ] GC(1355)   Evacuate Collection Set: 123.72ms
[4590.879s][info][gc,phases      ] GC(1355)   Post Evacuate Collection Set: 0.93ms
[4590.879s][info][gc,phases      ] GC(1355)   Other: 0.13ms
[4590.879s][info][gc,heap        ] GC(1355) Eden regions: 1119->0(1111)
[4590.879s][info][gc,heap        ] GC(1355) Survivor regions: 109->117(154)
[4590.879s][info][gc,heap        ] GC(1355) Old regions: 475->507
[4590.879s][info][gc,heap        ] GC(1355) Humongous regions: 80->80
[4590.879s][info][gc,metaspace   ] GC(1355) Metaspace: 28953K(29376K)->28953K(29376K) NonClass: 24084K(24256K)->24084K(24256K) Class: 4869K(5120K)->4869K(5120K)
[4590.879s][info][gc             ] GC(1355) Pause Young (Concurrent Start) (G1 Evacuation Pause) 3563M->1405M(4096M) 125.794ms
[4590.879s][info][gc             ] GC(1356) Concurrent Mark Cycle
[4590.879s][info][gc,marking     ] GC(1356) Concurrent Scan Root Regions
[4590.879s][info][gc,cpu         ] GC(1355) User=0.74s Sys=0.00s Real=0.13s
[4591.062s][info][gc,marking     ] GC(1356) Concurrent Scan Root Regions 182.814ms
[4591.062s][info][gc,marking     ] GC(1356) Concurrent Mark
[4591.062s][info][gc,marking     ] GC(1356) Concurrent Mark From Roots
[4591.062s][info][gc,task        ] GC(1356) Using 2 workers of 2 for marking
.[4592.105s][info][gc,marking     ] GC(1356) Concurrent Mark From Roots 1043.363ms
[4592.105s][info][gc,marking     ] GC(1356) Concurrent Preclean
[4592.105s][info][gc,marking     ] GC(1356) Concurrent Preclean 0.112ms
[4592.106s][info][gc,start       ] GC(1356) Pause Remark
[4592.111s][info][gc             ] GC(1356) Pause Remark 2587M->2587M(4096M) 4.758ms
[4592.111s][info][gc,cpu         ] GC(1356) User=0.03s Sys=0.00s Real=0.00s
[4592.111s][info][gc,marking     ] GC(1356) Concurrent Mark 1049.382ms
[4592.111s][info][gc,marking     ] GC(1356) Concurrent Rebuild Remembered Sets and Scrub Regions
[4592.385s][info][gc,marking     ] GC(1356) Concurrent Rebuild Remembered Sets and Scrub Regions 273.553ms
[4592.385s][info][gc,start       ] GC(1356) Pause Cleanup
[4592.385s][info][gc             ] GC(1356) Pause Cleanup 2860M->2860M(4096M) 0.113ms
[4592.385s][info][gc,cpu         ] GC(1356) User=0.00s Sys=0.00s Real=0.00s
[4592.385s][info][gc,marking     ] GC(1356) Concurrent Clear Claimed Marks
[4592.385s][info][gc,marking     ] GC(1356) Concurrent Clear Claimed Marks 0.022ms
[4592.385s][info][gc,marking     ] GC(1356) Concurrent Cleanup for Next Mark
[4592.390s][info][gc,marking     ] GC(1356) Concurrent Cleanup for Next Mark 5.160ms
[4592.390s][info][gc             ] GC(1356) Concurrent Mark Cycle 1511.402ms
.[4593.018s][info][gc,start       ] GC(1357) Pause Young (Prepare Mixed) (G1 Evacuation Pause)
[4593.018s][info][gc,task        ] GC(1357) Using 6 workers of 6 for evacuation
[4593.134s][info][gc,phases      ] GC(1357)   Pre Evacuate Collection Set: 0.34ms
[4593.134s][info][gc,phases      ] GC(1357)   Merge Heap Roots: 0.54ms
[4593.134s][info][gc,phases      ] GC(1357)   Evacuate Collection Set: 114.79ms
[4593.134s][info][gc,phases      ] GC(1357)   Post Evacuate Collection Set: 0.92ms
[4593.134s][info][gc,phases      ] GC(1357)   Other: 0.08ms
[4593.134s][info][gc,heap        ] GC(1357) Eden regions: 1111->0(1110)
[4593.134s][info][gc,heap        ] GC(1357) Survivor regions: 117->108(154)
[4593.134s][info][gc,heap        ] GC(1357) Old regions: 507->539
[4593.134s][info][gc,heap        ] GC(1357) Humongous regions: 80->80
[4593.134s][info][gc,metaspace   ] GC(1357) Metaspace: 28953K(29376K)->28953K(29376K) NonClass: 24084K(24256K)->24084K(24256K) Class: 4869K(5120K)->4869K(5120K)
[4593.134s][info][gc             ] GC(1357) Pause Young (Prepare Mixed) (G1 Evacuation Pause) 3627M->1451M(4096M) 116.801ms
[4593.135s][info][gc,cpu         ] GC(1357) User=0.69s Sys=0.00s Real=0.11s
..[4595.317s][info][gc,start       ] GC(1358) Pause Young (Mixed) (G1 Evacuation Pause)
[4595.317s][info][gc,task        ] GC(1358) Using 6 workers of 6 for evacuation
[4595.451s][info][gc,phases      ] GC(1358)   Pre Evacuate Collection Set: 0.37ms
[4595.451s][info][gc,phases      ] GC(1358)   Merge Heap Roots: 0.64ms
[4595.451s][info][gc,phases      ] GC(1358)   Evacuate Collection Set: 132.31ms
[4595.451s][info][gc,phases      ] GC(1358)   Post Evacuate Collection Set: 0.96ms
[4595.451s][info][gc,phases      ] GC(1358)   Other: 0.09ms
[4595.451s][info][gc,heap        ] GC(1358) Eden regions: 1110->0(1117)
[4595.451s][info][gc,heap        ] GC(1358) Survivor regions: 108->111(153)
[4595.451s][info][gc,heap        ] GC(1358) Old regions: 539->472
[4595.451s][info][gc,heap        ] GC(1358) Humongous regions: 80->80
[4595.451s][info][gc,metaspace   ] GC(1358) Metaspace: 28953K(29376K)->28953K(29376K) NonClass: 24084K(24256K)->24084K(24256K) Class: 4869K(5120K)->4869K(5120K)
[4595.451s][info][gc             ] GC(1358) Pause Young (Mixed) (G1 Evacuation Pause) 3671M->1323M(4096M) 134.491ms
[4595.452s][info][gc,cpu         ] GC(1358) User=0.80s Sys=0.00s Real=0.13s
..[4597.539s][info][gc,start       ] GC(1359) Pause Young (Concurrent Start) (G1 Evacuation Pause)
[4597.539s][info][gc,task        ] GC(1359) Using 6 workers of 6 for evacuation
[4597.667s][info][gc,phases      ] GC(1359)   Pre Evacuate Collection Set: 0.34ms
[4597.667s][info][gc,phases      ] GC(1359)   Merge Heap Roots: 0.47ms
[4597.667s][info][gc,phases      ] GC(1359)   Evacuate Collection Set: 126.15ms
[4597.667s][info][gc,phases      ] GC(1359)   Post Evacuate Collection Set: 0.90ms
[4597.667s][info][gc,phases      ] GC(1359)   Other: 0.11ms
[4597.667s][info][gc,heap        ] GC(1359) Eden regions: 1117->0(1110)
[4597.667s][info][gc,heap        ] GC(1359) Survivor regions: 111->118(154)
[4597.667s][info][gc,heap        ] GC(1359) Old regions: 472->503
[4597.667s][info][gc,heap        ] GC(1359) Humongous regions: 80->80
[4597.667s][info][gc,metaspace   ] GC(1359) Metaspace: 28953K(29376K)->28953K(29376K) NonClass: 24084K(24256K)->24084K(24256K) Class: 4869K(5120K)->4869K(5120K)
[4597.667s][info][gc             ] GC(1359) Pause Young (Concurrent Start) (G1 Evacuation Pause) 3557M->1399M(4096M) 128.091ms
[4597.667s][info][gc             ] GC(1360) Concurrent Mark Cycle
[4597.667s][info][gc,marking     ] GC(1360) Concurrent Scan Root Regions
[4597.667s][info][gc,cpu         ] GC(1359) User=0.76s Sys=0.00s Real=0.13s
[4597.856s][info][gc,marking     ] GC(1360) Concurrent Scan Root Regions 188.872ms
[4597.856s][info][gc,marking     ] GC(1360) Concurrent Mark
[4597.856s][info][gc,marking     ] GC(1360) Concurrent Mark From Roots
[4597.856s][info][gc,task        ] GC(1360) Using 2 workers of 2 for marking
.[4598.598s][info][gc,marking     ] GC(1360) Concurrent Mark From Roots 742.366ms
[4598.598s][info][gc,marking     ] GC(1360) Concurrent Preclean
[4598.598s][info][gc,marking     ] GC(1360) Concurrent Preclean 0.129ms
[4598.600s][info][gc,start       ] GC(1360) Pause Remark
[4598.605s][info][gc             ] GC(1360) Pause Remark 2297M->2297M(4096M) 5.679ms
[4598.605s][info][gc,cpu         ] GC(1360) User=0.03s Sys=0.00s Real=0.00s
[4598.608s][info][gc,marking     ] GC(1360) Concurrent Mark 752.089ms
[4598.608s][info][gc,marking     ] GC(1360) Concurrent Rebuild Remembered Sets and Scrub Regions
[4598.929s][info][gc,marking     ] GC(1360) Concurrent Rebuild Remembered Sets and Scrub Regions 320.774ms
[4598.929s][info][gc,start       ] GC(1360) Pause Cleanup
[4598.929s][info][gc             ] GC(1360) Pause Cleanup 2590M->2590M(4096M) 0.113ms
[4598.929s][info][gc,cpu         ] GC(1360) User=0.00s Sys=0.00s Real=0.00s
[4598.929s][info][gc,marking     ] GC(1360) Concurrent Clear Claimed Marks
[4598.929s][info][gc,marking     ] GC(1360) Concurrent Clear Claimed Marks 0.022ms
[4598.929s][info][gc,marking     ] GC(1360) Concurrent Cleanup for Next Mark
[4598.940s][info][gc,marking     ] GC(1360) Concurrent Cleanup for Next Mark 11.393ms
[4598.940s][info][gc             ] GC(1360) Concurrent Mark Cycle 1273.718ms
.[4599.844s][info][gc,start       ] GC(1361) Pause Young (Prepare Mixed) (G1 Evacuation Pause)
[4599.844s][info][gc,task        ] GC(1361) Using 6 workers of 6 for evacuation
[4599.961s][info][gc,phases      ] GC(1361)   Pre Evacuate Collection Set: 0.35ms
[4599.961s][info][gc,phases      ] GC(1361)   Merge Heap Roots: 0.54ms
[4599.961s][info][gc,phases      ] GC(1361)   Evacuate Collection Set: 114.65ms
[4599.961s][info][gc,phases      ] GC(1361)   Post Evacuate Collection Set: 0.95ms
[4599.961s][info][gc,phases      ] GC(1361)   Other: 0.09ms
[4599.961s][info][gc,heap        ] GC(1361) Eden regions: 1110->0(1115)
[4599.961s][info][gc,heap        ] GC(1361) Survivor regions: 118->107(154)
[4599.961s][info][gc,heap        ] GC(1361) Old regions: 503->536
[4599.961s][info][gc,heap        ] GC(1361) Humongous regions: 80->80
[4599.961s][info][gc,metaspace   ] GC(1361) Metaspace: 28953K(29376K)->28953K(29376K) NonClass: 24084K(24256K)->24084K(24256K) Class: 4869K(5120K)->4869K(5120K)
[4599.961s][info][gc             ] GC(1361) Pause Young (Prepare Mixed) (G1 Evacuation Pause) 3619M->1443M(4096M) 116.704ms
[4599.961s][info][gc,cpu         ] GC(1361) User=0.69s Sys=0.00s Real=0.12s
..[4602.088s][info][gc,start       ] GC(1362) Pause Young (Mixed) (G1 Evacuation Pause)
[4602.088s][info][gc,task        ] GC(1362) Using 6 workers of 6 for evacuation
[4602.225s][info][gc,phases      ] GC(1362)   Pre Evacuate Collection Set: 0.41ms
[4602.225s][info][gc,phases      ] GC(1362)   Merge Heap Roots: 0.72ms
[4602.225s][info][gc,phases      ] GC(1362)   Evacuate Collection Set: 135.18ms
[4602.225s][info][gc,phases      ] GC(1362)   Post Evacuate Collection Set: 1.03ms
[4602.225s][info][gc,phases      ] GC(1362)   Other: 0.09ms
[4602.225s][info][gc,heap        ] GC(1362) Eden regions: 1115->0(1116)
[4602.225s][info][gc,heap        ] GC(1362) Survivor regions: 107->112(153)
[4602.225s][info][gc,heap        ] GC(1362) Old regions: 536->474
[4602.225s][info][gc,heap        ] GC(1362) Humongous regions: 80->80
[4602.225s][info][gc,metaspace   ] GC(1362) Metaspace: 28953K(29376K)->28953K(29376K) NonClass: 24084K(24256K)->24084K(24256K) Class: 4869K(5120K)->4869K(5120K)
[4602.225s][info][gc             ] GC(1362) Pause Young (Mixed) (G1 Evacuation Pause) 3673M->1329M(4096M) 137.552ms
[4602.225s][info][gc,cpu         ] GC(1362) User=0.82s Sys=0.00s Real=0.13s
...[4604.262s][info][gc,start       ] GC(1363) Pause Young (Concurrent Start) (G1 Evacuation Pause)
[4604.262s][info][gc,task        ] GC(1363) Using 6 workers of 6 for evacuation
[4604.383s][info][gc,phases      ] GC(1363)   Pre Evacuate Collection Set: 0.32ms
[4604.383s][info][gc,phases      ] GC(1363)   Merge Heap Roots: 0.48ms
[4604.383s][info][gc,phases      ] GC(1363)   Evacuate Collection Set: 118.86ms
[4604.383s][info][gc,phases      ] GC(1363)   Post Evacuate Collection Set: 0.88ms
[4604.383s][info][gc,phases      ] GC(1363)   Other: 0.10ms
[4604.383s][info][gc,heap        ] GC(1363) Eden regions: 1116->0(1114)
[4604.383s][info][gc,heap        ] GC(1363) Survivor regions: 112->114(154)
[4604.383s][info][gc,heap        ] GC(1363) Old regions: 474->505
[4604.383s][info][gc,heap        ] GC(1363) Humongous regions: 80->80
[4604.383s][info][gc,metaspace   ] GC(1363) Metaspace: 28953K(29376K)->28953K(29376K) NonClass: 24084K(24256K)->24084K(24256K) Class: 4869K(5120K)->4869K(5120K)
[4604.383s][info][gc             ] GC(1363) Pause Young (Concurrent Start) (G1 Evacuation Pause) 3561M->1394M(4096M) 120.771ms
[4604.383s][info][gc             ] GC(1364) Concurrent Mark Cycle
[4604.383s][info][gc,marking     ] GC(1364) Concurrent Scan Root Regions
[4604.383s][info][gc,cpu         ] GC(1363) User=0.72s Sys=0.00s Real=0.12s
[4604.559s][info][gc,marking     ] GC(1364) Concurrent Scan Root Regions 176.072ms
[4604.559s][info][gc,marking     ] GC(1364) Concurrent Mark
[4604.559s][info][gc,marking     ] GC(1364) Concurrent Mark From Roots
[4604.559s][info][gc,task        ] GC(1364) Using 2 workers of 2 for marking
.[4605.563s][info][gc,marking     ] GC(1364) Concurrent Mark From Roots 1003.739ms
[4605.563s][info][gc,marking     ] GC(1364) Concurrent Preclean
[4605.563s][info][gc,marking     ] GC(1364) Concurrent Preclean 0.126ms
[4605.563s][info][gc,start       ] GC(1364) Pause Remark
[4605.569s][info][gc             ] GC(1364) Pause Remark 2548M->2548M(4096M) 5.287ms
[4605.569s][info][gc,cpu         ] GC(1364) User=0.03s Sys=0.00s Real=0.01s
[4605.569s][info][gc,marking     ] GC(1364) Concurrent Mark 1009.685ms
[4605.569s][info][gc,marking     ] GC(1364) Concurrent Rebuild Remembered Sets and Scrub Regions
[4606.003s][info][gc,marking     ] GC(1364) Concurrent Rebuild Remembered Sets and Scrub Regions 433.941ms
[4606.004s][info][gc,start       ] GC(1364) Pause Cleanup
[4606.004s][info][gc             ] GC(1364) Pause Cleanup 2988M->2988M(4096M) 0.131ms
[4606.004s][info][gc,cpu         ] GC(1364) User=0.00s Sys=0.00s Real=0.00s
[4606.005s][info][gc,marking     ] GC(1364) Concurrent Clear Claimed Marks
[4606.005s][info][gc,marking     ] GC(1364) Concurrent Clear Claimed Marks 0.034ms
[4606.005s][info][gc,marking     ] GC(1364) Concurrent Cleanup for Next Mark
[4606.033s][info][gc,marking     ] GC(1364) Concurrent Cleanup for Next Mark 27.830ms
[4606.033s][info][gc             ] GC(1364) Concurrent Mark Cycle 1649.805ms
.[4606.484s][info][gc,start       ] GC(1365) Pause Young (Prepare Mixed) (G1 Evacuation Pause)
[4606.484s][info][gc,task        ] GC(1365) Using 6 workers of 6 for evacuation
[4606.602s][info][gc,phases      ] GC(1365)   Pre Evacuate Collection Set: 0.34ms
[4606.602s][info][gc,phases      ] GC(1365)   Merge Heap Roots: 0.54ms
[4606.602s][info][gc,phases      ] GC(1365)   Evacuate Collection Set: 116.65ms
[4606.602s][info][gc,phases      ] GC(1365)   Post Evacuate Collection Set: 0.95ms
[4606.602s][info][gc,phases      ] GC(1365)   Other: 0.10ms
[4606.602s][info][gc,heap        ] GC(1365) Eden regions: 1114->0(1107)
[4606.602s][info][gc,heap        ] GC(1365) Survivor regions: 114->111(154)
[4606.602s][info][gc,heap        ] GC(1365) Old regions: 505->536
[4606.602s][info][gc,heap        ] GC(1365) Humongous regions: 80->80
[4606.602s][info][gc,metaspace   ] GC(1365) Metaspace: 28953K(29376K)->28953K(29376K) NonClass: 24084K(24256K)->24084K(24256K) Class: 4869K(5120K)->4869K(5120K)
[4606.602s][info][gc             ] GC(1365) Pause Young (Prepare Mixed) (G1 Evacuation Pause) 3622M->1451M(4096M) 118.698ms
[4606.602s][info][gc,cpu         ] GC(1365) User=0.70s Sys=0.00s Real=0.12s
..[4608.728s][info][gc,start       ] GC(1366) Pause Young (Mixed) (G1 Evacuation Pause)
[4608.728s][info][gc,task        ] GC(1366) Using 6 workers of 6 for evacuation
[4608.865s][info][gc,phases      ] GC(1366)   Pre Evacuate Collection Set: 0.36ms
[4608.865s][info][gc,phases      ] GC(1366)   Merge Heap Roots: 0.71ms
[4608.865s][info][gc,phases      ] GC(1366)   Evacuate Collection Set: 135.37ms
[4608.865s][info][gc,phases      ] GC(1366)   Post Evacuate Collection Set: 0.94ms
[4608.865s][info][gc,phases      ] GC(1366)   Other: 0.09ms
[4608.865s][info][gc,heap        ] GC(1366) Eden regions: 1107->0(1117)
[4608.865s][info][gc,heap        ] GC(1366) Survivor regions: 111->111(153)
[4608.865s][info][gc,heap        ] GC(1366) Old regions: 536->472
[4608.865s][info][gc,heap        ] GC(1366) Humongous regions: 80->80
[4608.865s][info][gc,metaspace   ] GC(1366) Metaspace: 28953K(29376K)->28953K(29376K) NonClass: 24084K(24256K)->24084K(24256K) Class: 4869K(5120K)->4869K(5120K)
[4608.865s][info][gc             ] GC(1366) Pause Young (Mixed) (G1 Evacuation Pause) 3665M->1322M(4096M) 137.609ms
[4608.865s][info][gc,cpu         ] GC(1366) User=0.81s Sys=0.00s Real=0.13s
..[4610.974s][info][gc,start       ] GC(1367) Pause Young (Concurrent Start) (G1 Evacuation Pause)
[4610.974s][info][gc,task        ] GC(1367) Using 6 workers of 6 for evacuation
[4611.090s][info][gc,phases      ] GC(1367)   Pre Evacuate Collection Set: 0.37ms
[4611.090s][info][gc,phases      ] GC(1367)   Merge Heap Roots: 0.46ms
[4611.090s][info][gc,phases      ] GC(1367)   Evacuate Collection Set: 114.32ms
[4611.090s][info][gc,phases      ] GC(1367)   Post Evacuate Collection Set: 0.90ms
[4611.090s][info][gc,phases      ] GC(1367)   Other: 0.11ms
[4611.090s][info][gc,heap        ] GC(1367) Eden regions: 1117->0(1122)
[4611.090s][info][gc,heap        ] GC(1367) Survivor regions: 111->106(154)
[4611.090s][info][gc,heap        ] GC(1367) Old regions: 472->504
[4611.090s][info][gc,heap        ] GC(1367) Humongous regions: 80->80
[4611.090s][info][gc,metaspace   ] GC(1367) Metaspace: 28953K(29376K)->28953K(29376K) NonClass: 24084K(24256K)->24084K(24256K) Class: 4869K(5120K)->4869K(5120K)
[4611.090s][info][gc             ] GC(1367) Pause Young (Concurrent Start) (G1 Evacuation Pause) 3556M->1377M(4096M) 116.304ms
[4611.090s][info][gc             ] GC(1368) Concurrent Mark Cycle
[4611.090s][info][gc,marking     ] GC(1368) Concurrent Scan Root Regions
[4611.090s][info][gc,cpu         ] GC(1367) User=0.69s Sys=0.00s Real=0.12s
[4611.256s][info][gc,marking     ] GC(1368) Concurrent Scan Root Regions 166.346ms
[4611.256s][info][gc,marking     ] GC(1368) Concurrent Mark
[4611.256s][info][gc,marking     ] GC(1368) Concurrent Mark From Roots
[4611.256s][info][gc,task        ] GC(1368) Using 2 workers of 2 for marking
.[4612.109s][info][gc,marking     ] GC(1368) Concurrent Mark From Roots 852.529ms
[4612.109s][info][gc,marking     ] GC(1368) Concurrent Preclean
[4612.109s][info][gc,marking     ] GC(1368) Concurrent Preclean 0.120ms
[4612.111s][info][gc,start       ] GC(1368) Pause Remark
[4612.116s][info][gc             ] GC(1368) Pause Remark 2327M->2327M(4096M) 4.502ms
[4612.116s][info][gc,cpu         ] GC(1368) User=0.03s Sys=0.00s Real=0.01s
[4612.116s][info][gc,marking     ] GC(1368) Concurrent Mark 859.729ms
[4612.116s][info][gc,marking     ] GC(1368) Concurrent Rebuild Remembered Sets and Scrub Regions
[4612.388s][info][gc,marking     ] GC(1368) Concurrent Rebuild Remembered Sets and Scrub Regions 271.608ms
[4612.388s][info][gc,start       ] GC(1368) Pause Cleanup
[4612.388s][info][gc             ] GC(1368) Pause Cleanup 2602M->2602M(4096M) 0.123ms
[4612.388s][info][gc,cpu         ] GC(1368) User=0.00s Sys=0.00s Real=0.00s
[4612.388s][info][gc,marking     ] GC(1368) Concurrent Clear Claimed Marks
[4612.388s][info][gc,marking     ] GC(1368) Concurrent Clear Claimed Marks 0.023ms
[4612.388s][info][gc,marking     ] GC(1368) Concurrent Cleanup for Next Mark
[4612.394s][info][gc,marking     ] GC(1368) Concurrent Cleanup for Next Mark 6.363ms
[4612.395s][info][gc             ] GC(1368) Concurrent Mark Cycle 1304.631ms
.[4613.320s][info][gc,start       ] GC(1369) Pause Young (Prepare Mixed) (G1 Evacuation Pause)
[4613.320s][info][gc,task        ] GC(1369) Using 6 workers of 6 for evacuation
[4613.438s][info][gc,phases      ] GC(1369)   Pre Evacuate Collection Set: 0.35ms
[4613.438s][info][gc,phases      ] GC(1369)   Merge Heap Roots: 0.52ms
[4613.438s][info][gc,phases      ] GC(1369)   Evacuate Collection Set: 115.46ms
[4613.438s][info][gc,phases      ] GC(1369)   Post Evacuate Collection Set: 0.91ms
[4613.438s][info][gc,phases      ] GC(1369)   Other: 0.09ms
[4613.438s][info][gc,heap        ] GC(1369) Eden regions: 1122->0(1109)
[4613.438s][info][gc,heap        ] GC(1369) Survivor regions: 106->110(154)
[4613.438s][info][gc,heap        ] GC(1369) Old regions: 504->536
[4613.438s][info][gc,heap        ] GC(1369) Humongous regions: 80->80
[4613.438s][info][gc,metaspace   ] GC(1369) Metaspace: 28953K(29376K)->28953K(29376K) NonClass: 24084K(24256K)->24084K(24256K) Class: 4869K(5120K)->4869K(5120K)
[4613.438s][info][gc             ] GC(1369) Pause Young (Prepare Mixed) (G1 Evacuation Pause) 3621M->1448M(4096M) 117.467ms
[4613.438s][info][gc,cpu         ] GC(1369) User=0.69s Sys=0.00s Real=0.12s
...[4615.590s][info][gc,start       ] GC(1370) Pause Young (Mixed) (G1 Evacuation Pause)
[4615.591s][info][gc,task        ] GC(1370) Using 6 workers of 6 for evacuation
[4615.726s][info][gc,phases      ] GC(1370)   Pre Evacuate Collection Set: 0.37ms
[4615.726s][info][gc,phases      ] GC(1370)   Merge Heap Roots: 0.70ms
[4615.726s][info][gc,phases      ] GC(1370)   Evacuate Collection Set: 132.90ms
[4615.726s][info][gc,phases      ] GC(1370)   Post Evacuate Collection Set: 0.94ms
[4615.726s][info][gc,phases      ] GC(1370)   Other: 0.09ms
[4615.726s][info][gc,heap        ] GC(1370) Eden regions: 1109->0(1117)
[4615.726s][info][gc,heap        ] GC(1370) Survivor regions: 110->111(153)
[4615.726s][info][gc,heap        ] GC(1370) Old regions: 536->474
[4615.726s][info][gc,heap        ] GC(1370) Humongous regions: 80->80
[4615.726s][info][gc,metaspace   ] GC(1370) Metaspace: 28953K(29376K)->28953K(29376K) NonClass: 24084K(24256K)->24084K(24256K) Class: 4869K(5120K)->4869K(5120K)
[4615.726s][info][gc             ] GC(1370) Pause Young (Mixed) (G1 Evacuation Pause) 3666M->1326M(4096M) 135.138ms
[4615.726s][info][gc,cpu         ] GC(1370) User=0.80s Sys=0.00s Real=0.13s
..[4617.859s][info][gc,start       ] GC(1371) Pause Young (Concurrent Start) (G1 Evacuation Pause)
[4617.859s][info][gc,task        ] GC(1371) Using 6 workers of 6 for evacuation
[4617.977s][info][gc,phases      ] GC(1371)   Pre Evacuate Collection Set: 0.36ms
[4617.977s][info][gc,phases      ] GC(1371)   Merge Heap Roots: 0.46ms
[4617.977s][info][gc,phases      ] GC(1371)   Evacuate Collection Set: 116.63ms
[4617.977s][info][gc,phases      ] GC(1371)   Post Evacuate Collection Set: 0.88ms
[4617.977s][info][gc,phases      ] GC(1371)   Other: 0.11ms
[4617.977s][info][gc,heap        ] GC(1371) Eden regions: 1117->0(1121)
[4617.977s][info][gc,heap        ] GC(1371) Survivor regions: 111->107(154)
[4617.977s][info][gc,heap        ] GC(1371) Old regions: 474->507
[4617.977s][info][gc,heap        ] GC(1371) Humongous regions: 80->80
[4617.977s][info][gc,metaspace   ] GC(1371) Metaspace: 28953K(29376K)->28953K(29376K) NonClass: 24084K(24256K)->24084K(24256K) Class: 4869K(5120K)->4869K(5120K)
[4617.977s][info][gc             ] GC(1371) Pause Young (Concurrent Start) (G1 Evacuation Pause) 3560M->1385M(4096M) 118.564ms
[4617.977s][info][gc             ] GC(1372) Concurrent Mark Cycle
[4617.977s][info][gc,marking     ] GC(1372) Concurrent Scan Root Regions
[4617.977s][info][gc,cpu         ] GC(1371) User=0.70s Sys=0.00s Real=0.12s
[4618.148s][info][gc,marking     ] GC(1372) Concurrent Scan Root Regions 170.713ms
[4618.148s][info][gc,marking     ] GC(1372) Concurrent Mark
[4618.148s][info][gc,marking     ] GC(1372) Concurrent Mark From Roots
[4618.148s][info][gc,task        ] GC(1372) Using 2 workers of 2 for marking
.[4619.141s][info][gc,marking     ] GC(1372) Concurrent Mark From Roots 993.254ms
[4619.141s][info][gc,marking     ] GC(1372) Concurrent Preclean
[4619.141s][info][gc,marking     ] GC(1372) Concurrent Preclean 0.107ms
[4619.142s][info][gc,start       ] GC(1372) Pause Remark
[4619.149s][info][gc             ] GC(1372) Pause Remark 2472M->2472M(4096M) 7.468ms
[4619.149s][info][gc,cpu         ] GC(1372) User=0.04s Sys=0.00s Real=0.01s
[4619.149s][info][gc,marking     ] GC(1372) Concurrent Mark 1001.323ms
[4619.149s][info][gc,marking     ] GC(1372) Concurrent Rebuild Remembered Sets and Scrub Regions
[4619.526s][info][gc,marking     ] GC(1372) Concurrent Rebuild Remembered Sets and Scrub Regions 377.274ms
[4619.528s][info][gc,start       ] GC(1372) Pause Cleanup
[4619.528s][info][gc             ] GC(1372) Pause Cleanup 2897M->2897M(4096M) 0.130ms
[4619.528s][info][gc,cpu         ] GC(1372) User=0.00s Sys=0.00s Real=0.00s
[4619.528s][info][gc,marking     ] GC(1372) Concurrent Clear Claimed Marks
[4619.528s][info][gc,marking     ] GC(1372) Concurrent Clear Claimed Marks 0.025ms
[4619.528s][info][gc,marking     ] GC(1372) Concurrent Cleanup for Next Mark
[4619.543s][info][gc,marking     ] GC(1372) Concurrent Cleanup for Next Mark 14.858ms
[4619.543s][info][gc             ] GC(1372) Concurrent Mark Cycle 1565.812ms
.[4620.245s][info][gc,start       ] GC(1373) Pause Young (Prepare Mixed) (G1 Evacuation Pause)
[4620.245s][info][gc,task        ] GC(1373) Using 6 workers of 6 for evacuation
[4620.365s][info][gc,phases      ] GC(1373)   Pre Evacuate Collection Set: 0.33ms
[4620.365s][info][gc,phases      ] GC(1373)   Merge Heap Roots: 0.52ms
[4620.365s][info][gc,phases      ] GC(1373)   Evacuate Collection Set: 117.76ms
[4620.365s][info][gc,phases      ] GC(1373)   Post Evacuate Collection Set: 0.92ms
[4620.365s][info][gc,phases      ] GC(1373)   Other: 0.09ms
[4620.365s][info][gc,heap        ] GC(1373) Eden regions: 1121->0(1100)
[4620.365s][info][gc,heap        ] GC(1373) Survivor regions: 107->114(154)
[4620.365s][info][gc,heap        ] GC(1373) Old regions: 507->537
[4620.365s][info][gc,heap        ] GC(1373) Humongous regions: 80->80
[4620.365s][info][gc,metaspace   ] GC(1373) Metaspace: 28953K(29376K)->28953K(29376K) NonClass: 24084K(24256K)->24084K(24256K) Class: 4869K(5120K)->4869K(5120K)
[4620.365s][info][gc             ] GC(1373) Pause Young (Prepare Mixed) (G1 Evacuation Pause) 3627M->1458M(4096M) 119.744ms
[4620.365s][info][gc,cpu         ] GC(1373) User=0.70s Sys=0.00s Real=0.12s
..[4622.446s][info][gc,start       ] GC(1374) Pause Young (Mixed) (G1 Evacuation Pause)
[4622.446s][info][gc,task        ] GC(1374) Using 6 workers of 6 for evacuation
[4622.578s][info][gc,phases      ] GC(1374)   Pre Evacuate Collection Set: 0.39ms
[4622.578s][info][gc,phases      ] GC(1374)   Merge Heap Roots: 0.65ms
[4622.578s][info][gc,phases      ] GC(1374)   Evacuate Collection Set: 130.29ms
[4622.578s][info][gc,phases      ] GC(1374)   Post Evacuate Collection Set: 0.94ms
[4622.578s][info][gc,phases      ] GC(1374)   Other: 0.09ms
[4622.578s][info][gc,heap        ] GC(1374) Eden regions: 1100->0(1118)
[4622.578s][info][gc,heap        ] GC(1374) Survivor regions: 114->110(152)
[4622.578s][info][gc,heap        ] GC(1374) Old regions: 537->473
[4622.578s][info][gc,heap        ] GC(1374) Humongous regions: 80->80
[4622.578s][info][gc,metaspace   ] GC(1374) Metaspace: 28953K(29376K)->28953K(29376K) NonClass: 24084K(24256K)->24084K(24256K) Class: 4869K(5120K)->4869K(5120K)
[4622.578s][info][gc             ] GC(1374) Pause Young (Mixed) (G1 Evacuation Pause) 3658M->1322M(4096M) 132.516ms
[4622.578s][info][gc,cpu         ] GC(1374) User=0.78s Sys=0.00s Real=0.14s
. (rIR:aIR:PR = 8302:8275:8276) (tPR = 123088) [OK] 
  4622s: Performance info:
         Transaction,    Success,    Partial,     Failed,   Receipts, AvgBarcode, 
             Overall,     500253,          0,          0,     475416,      59.47, 
         Response times:
             Request,    Success,    Partial,     Failed,   SkipFail,     Probes,    Samples,      min,      p50,      p90,      p95,      p99,      max, 
       TotalPurchase,     475408,          0,          0,          0,     353140,     495024,      300,     7300,   111000,   147000,   222000,   467000,
     InStorePurchase,     250652,          0,          0,          0,     185964,     260581,      300,     7400,   112000,   149000,   223000,   467000,
      OnlinePurchase,     174717,          0,          0,          0,     129181,     181522,      300,     7400,   111000,   147000,   224000,   466000,
        InstPurchase,      50039,          0,          0,          0,      37995,      52921,      400,     6900,   107000,   144000,   214000,   388000,
          AssocOfCat,        499,          0,          0,          0,        405,        659,    26000,    51000,   167000,   202000,   287400,   429000,
      AssocOfProduct,       4952,          0,          0,          0,       3489,       5225,      400,     7700,   105000,   141000,   219000,   362000,
      BusinessReport,       1257,          0,          0,          0,       1094,       1715,    30000,    52000,   179000,   217000,   296000,   520000,
          CustBuyBeh,       4937,          0,          0,          0,       3490,       5067,      300,     7500,   111200,   148000,   225640,   327000,
       ProductReturn,      13191,          0,          0,          0,       8984,      13067,      200,     7800,   112000,   145000,   221320,   498000,

  4622s: (61%)   IR =   8441 ..[4624.804s][info][gc,start       ] GC(1375) Pause Young (Concurrent Start) (G1 Evacuation Pause)
[4624.804s][info][gc,task        ] GC(1375) Using 6 workers of 6 for evacuation
[4624.930s][info][gc,phases      ] GC(1375)   Pre Evacuate Collection Set: 0.38ms
[4624.930s][info][gc,phases      ] GC(1375)   Merge Heap Roots: 0.46ms
[4624.930s][info][gc,phases      ] GC(1375)   Evacuate Collection Set: 123.40ms
[4624.930s][info][gc,phases      ] GC(1375)   Post Evacuate Collection Set: 0.87ms
[4624.930s][info][gc,phases      ] GC(1375)   Other: 0.12ms
[4624.930s][info][gc,heap        ] GC(1375) Eden regions: 1118->0(1113)
[4624.930s][info][gc,heap        ] GC(1375) Survivor regions: 110->115(154)
[4624.930s][info][gc,heap        ] GC(1375) Old regions: 473->505
[4624.930s][info][gc,heap        ] GC(1375) Humongous regions: 80->80
[4624.930s][info][gc,metaspace   ] GC(1375) Metaspace: 28953K(29376K)->28953K(29376K) NonClass: 24084K(24256K)->24084K(24256K) Class: 4869K(5120K)->4869K(5120K)
[4624.930s][info][gc             ] GC(1375) Pause Young (Concurrent Start) (G1 Evacuation Pause) 3558M->1398M(4096M) 125.361ms
[4624.930s][info][gc             ] GC(1376) Concurrent Mark Cycle
[4624.930s][info][gc,marking     ] GC(1376) Concurrent Scan Root Regions
[4624.930s][info][gc,cpu         ] GC(1375) User=0.75s Sys=0.00s Real=0.13s
[4625.108s][info][gc,marking     ] GC(1376) Concurrent Scan Root Regions 178.802ms
[4625.109s][info][gc,marking     ] GC(1376) Concurrent Mark
[4625.109s][info][gc,marking     ] GC(1376) Concurrent Mark From Roots
[4625.109s][info][gc,task        ] GC(1376) Using 2 workers of 2 for marking
.[4626.100s][info][gc,marking     ] GC(1376) Concurrent Mark From Roots 991.917ms
[4626.101s][info][gc,marking     ] GC(1376) Concurrent Preclean
[4626.101s][info][gc,marking     ] GC(1376) Concurrent Preclean 0.144ms
[4626.101s][info][gc,start       ] GC(1376) Pause Remark
[4626.108s][info][gc             ] GC(1376) Pause Remark 2444M->2444M(4096M) 7.471ms
[4626.108s][info][gc,cpu         ] GC(1376) User=0.04s Sys=0.00s Real=0.01s
[4626.110s][info][gc,marking     ] GC(1376) Concurrent Mark 1001.530ms
[4626.110s][info][gc,marking     ] GC(1376) Concurrent Rebuild Remembered Sets and Scrub Regions
[4626.491s][info][gc,marking     ] GC(1376) Concurrent Rebuild Remembered Sets and Scrub Regions 380.474ms
[4626.492s][info][gc,start       ] GC(1376) Pause Cleanup
[4626.492s][info][gc             ] GC(1376) Pause Cleanup 2932M->2932M(4096M) 0.135ms
[4626.492s][info][gc,cpu         ] GC(1376) User=0.00s Sys=0.00s Real=0.00s
[4626.492s][info][gc,marking     ] GC(1376) Concurrent Clear Claimed Marks
[4626.492s][info][gc,marking     ] GC(1376) Concurrent Clear Claimed Marks 0.032ms
[4626.492s][info][gc,marking     ] GC(1376) Concurrent Cleanup for Next Mark
[4626.497s][info][gc,marking     ] GC(1376) Concurrent Cleanup for Next Mark 4.623ms
[4626.497s][info][gc             ] GC(1376) Concurrent Mark Cycle 1567.333ms
[4627.004s][info][gc,start       ] GC(1377) Pause Young (Prepare Mixed) (G1 Evacuation Pause)
[4627.004s][info][gc,task        ] GC(1377) Using 6 workers of 6 for evacuation
[4627.119s][info][gc,phases      ] GC(1377)   Pre Evacuate Collection Set: 0.33ms
[4627.119s][info][gc,phases      ] GC(1377)   Merge Heap Roots: 0.52ms
[4627.119s][info][gc,phases      ] GC(1377)   Evacuate Collection Set: 112.81ms
[4627.119s][info][gc,phases      ] GC(1377)   Post Evacuate Collection Set: 0.91ms
[4627.119s][info][gc,phases      ] GC(1377)   Other: 0.10ms
[4627.119s][info][gc,heap        ] GC(1377) Eden regions: 1113->0(1112)
[4627.119s][info][gc,heap        ] GC(1377) Survivor regions: 115->108(154)
[4627.119s][info][gc,heap        ] GC(1377) Old regions: 505->537
[4627.119s][info][gc,heap        ] GC(1377) Humongous regions: 80->80
[4627.119s][info][gc,metaspace   ] GC(1377) Metaspace: 28953K(29376K)->28953K(29376K) NonClass: 24084K(24256K)->24084K(24256K) Class: 4869K(5120K)->4869K(5120K)
[4627.119s][info][gc             ] GC(1377) Pause Young (Prepare Mixed) (G1 Evacuation Pause) 3624M->1447M(4096M) 114.820ms
[4627.119s][info][gc,cpu         ] GC(1377) User=0.68s Sys=0.01s Real=0.12s
...[4629.244s][info][gc,start       ] GC(1378) Pause Young (Mixed) (G1 Evacuation Pause)
[4629.244s][info][gc,task        ] GC(1378) Using 6 workers of 6 for evacuation
[4629.378s][info][gc,phases      ] GC(1378)   Pre Evacuate Collection Set: 0.39ms
[4629.378s][info][gc,phases      ] GC(1378)   Merge Heap Roots: 0.71ms
[4629.378s][info][gc,phases      ] GC(1378)   Evacuate Collection Set: 131.96ms
[4629.378s][info][gc,phases      ] GC(1378)   Post Evacuate Collection Set: 0.94ms
[4629.378s][info][gc,phases      ] GC(1378)   Other: 0.10ms
[4629.378s][info][gc,heap        ] GC(1378) Eden regions: 1112->0(1119)
[4629.378s][info][gc,heap        ] GC(1378) Survivor regions: 108->109(153)
[4629.378s][info][gc,heap        ] GC(1378) Old regions: 537->473
[4629.378s][info][gc,heap        ] GC(1378) Humongous regions: 80->80
[4629.378s][info][gc,metaspace   ] GC(1378) Metaspace: 28953K(29376K)->28953K(29376K) NonClass: 24084K(24256K)->24084K(24256K) Class: 4869K(5120K)->4869K(5120K)
[4629.378s][info][gc             ] GC(1378) Pause Young (Mixed) (G1 Evacuation Pause) 3671M->1321M(4096M) 134.227ms
[4629.378s][info][gc,cpu         ] GC(1378) User=0.80s Sys=0.00s Real=0.14s
..[4631.415s][info][gc,start       ] GC(1379) Pause Young (Concurrent Start) (G1 Evacuation Pause)
[4631.415s][info][gc,task        ] GC(1379) Using 6 workers of 6 for evacuation
[4631.535s][info][gc,phases      ] GC(1379)   Pre Evacuate Collection Set: 0.40ms
[4631.535s][info][gc,phases      ] GC(1379)   Merge Heap Roots: 0.49ms
[4631.535s][info][gc,phases      ] GC(1379)   Evacuate Collection Set: 118.56ms
[4631.535s][info][gc,phases      ] GC(1379)   Post Evacuate Collection Set: 0.88ms
[4631.535s][info][gc,phases      ] GC(1379)   Other: 0.11ms
[4631.535s][info][gc,heap        ] GC(1379) Eden regions: 1119->0(1114)
[4631.535s][info][gc,heap        ] GC(1379) Survivor regions: 109->114(154)
[4631.535s][info][gc,heap        ] GC(1379) Old regions: 473->504
[4631.535s][info][gc,heap        ] GC(1379) Humongous regions: 80->80
[4631.535s][info][gc,metaspace   ] GC(1379) Metaspace: 28953K(29376K)->28953K(29376K) NonClass: 24084K(24256K)->24084K(24256K) Class: 4869K(5120K)->4869K(5120K)
[4631.535s][info][gc             ] GC(1379) Pause Young (Concurrent Start) (G1 Evacuation Pause) 3559M->1393M(4096M) 120.568ms
[4631.535s][info][gc             ] GC(1380) Concurrent Mark Cycle
[4631.535s][info][gc,marking     ] GC(1380) Concurrent Scan Root Regions
[4631.535s][info][gc,cpu         ] GC(1379) User=0.71s Sys=0.00s Real=0.12s
[4631.724s][info][gc,marking     ] GC(1380) Concurrent Scan Root Regions 189.235ms
[4631.724s][info][gc,marking     ] GC(1380) Concurrent Mark
[4631.724s][info][gc,marking     ] GC(1380) Concurrent Mark From Roots
[4631.724s][info][gc,task        ] GC(1380) Using 2 workers of 2 for marking
.[4632.797s][info][gc,marking     ] GC(1380) Concurrent Mark From Roots 1072.952ms
[4632.797s][info][gc,marking     ] GC(1380) Concurrent Preclean
[4632.798s][info][gc,marking     ] GC(1380) Concurrent Preclean 0.094ms
[4632.798s][info][gc,start       ] GC(1380) Pause Remark
[4632.803s][info][gc             ] GC(1380) Pause Remark 2667M->2667M(4096M) 4.870ms
[4632.803s][info][gc,cpu         ] GC(1380) User=0.03s Sys=0.00s Real=0.00s
[4632.804s][info][gc,marking     ] GC(1380) Concurrent Mark 1079.971ms
[4632.804s][info][gc,marking     ] GC(1380) Concurrent Rebuild Remembered Sets and Scrub Regions
[4633.204s][info][gc,marking     ] GC(1380) Concurrent Rebuild Remembered Sets and Scrub Regions 399.246ms
[4633.204s][info][gc,start       ] GC(1380) Pause Cleanup
[4633.204s][info][gc             ] GC(1380) Pause Cleanup 3082M->3082M(4096M) 0.111ms
[4633.204s][info][gc,cpu         ] GC(1380) User=0.00s Sys=0.00s Real=0.00s
[4633.204s][info][gc,marking     ] GC(1380) Concurrent Clear Claimed Marks
[4633.204s][info][gc,marking     ] GC(1380) Concurrent Clear Claimed Marks 0.022ms
[4633.204s][info][gc,marking     ] GC(1380) Concurrent Cleanup for Next Mark
[4633.225s][info][gc,marking     ] GC(1380) Concurrent Cleanup for Next Mark 21.120ms
[4633.225s][info][gc             ] GC(1380) Concurrent Mark Cycle 1690.139ms
.[4633.662s][info][gc,start       ] GC(1381) Pause Young (Prepare Mixed) (G1 Evacuation Pause)
[4633.663s][info][gc,task        ] GC(1381) Using 6 workers of 6 for evacuation
[4633.789s][info][gc,phases      ] GC(1381)   Pre Evacuate Collection Set: 0.31ms
[4633.789s][info][gc,phases      ] GC(1381)   Merge Heap Roots: 0.51ms
[4633.790s][info][gc,phases      ] GC(1381)   Evacuate Collection Set: 125.15ms
[4633.790s][info][gc,phases      ] GC(1381)   Post Evacuate Collection Set: 0.89ms
[4633.790s][info][gc,phases      ] GC(1381)   Other: 0.09ms
[4633.790s][info][gc,heap        ] GC(1381) Eden regions: 1114->0(1095)
[4633.790s][info][gc,heap        ] GC(1381) Survivor regions: 114->117(154)
[4633.790s][info][gc,heap        ] GC(1381) Old regions: 504->536
[4633.790s][info][gc,heap        ] GC(1381) Humongous regions: 80->80
[4633.790s][info][gc,metaspace   ] GC(1381) Metaspace: 28953K(29376K)->28953K(29376K) NonClass: 24084K(24256K)->24084K(24256K) Class: 4869K(5120K)->4869K(5120K)
[4633.790s][info][gc             ] GC(1381) Pause Young (Prepare Mixed) (G1 Evacuation Pause) 3621M->1464M(4096M) 127.072ms
[4633.790s][info][gc,cpu         ] GC(1381) User=0.75s Sys=0.00s Real=0.13s
..|[4635.821s][info][gc,start       ] GC(1382) Pause Young (Mixed) (G1 Evacuation Pause)
[4635.821s][info][gc,task        ] GC(1382) Using 6 workers of 6 for evacuation
[4635.950s][info][gc,phases      ] GC(1382)   Pre Evacuate Collection Set: 0.38ms
[4635.950s][info][gc,phases      ] GC(1382)   Merge Heap Roots: 0.58ms
[4635.950s][info][gc,phases      ] GC(1382)   Evacuate Collection Set: 126.98ms
[4635.950s][info][gc,phases      ] GC(1382)   Post Evacuate Collection Set: 0.94ms
[4635.950s][info][gc,phases      ] GC(1382)   Other: 0.09ms
[4635.950s][info][gc,heap        ] GC(1382) Eden regions: 1095->0(1122)
[4635.950s][info][gc,heap        ] GC(1382) Survivor regions: 117->106(152)
[4635.950s][info][gc,heap        ] GC(1382) Old regions: 536->473
[4635.950s][info][gc,heap        ] GC(1382) Humongous regions: 80->80
[4635.950s][info][gc,metaspace   ] GC(1382) Metaspace: 28953K(29376K)->28953K(29376K) NonClass: 24084K(24256K)->24084K(24256K) Class: 4869K(5120K)->4869K(5120K)
[4635.950s][info][gc             ] GC(1382) Pause Young (Mixed) (G1 Evacuation Pause) 3654M->1316M(4096M) 129.098ms
[4635.950s][info][gc,cpu         ] GC(1382) User=0.75s Sys=0.01s Real=0.13s
..[4638.131s][info][gc,start       ] GC(1383) Pause Young (Concurrent Start) (G1 Evacuation Pause)
[4638.132s][info][gc,task        ] GC(1383) Using 6 workers of 6 for evacuation
[4638.249s][info][gc,phases      ] GC(1383)   Pre Evacuate Collection Set: 0.41ms
[4638.249s][info][gc,phases      ] GC(1383)   Merge Heap Roots: 0.47ms
[4638.249s][info][gc,phases      ] GC(1383)   Evacuate Collection Set: 115.24ms
[4638.249s][info][gc,phases      ] GC(1383)   Post Evacuate Collection Set: 0.89ms
[4638.249s][info][gc,phases      ] GC(1383)   Other: 0.12ms
[4638.249s][info][gc,heap        ] GC(1383) Eden regions: 1122->0(1118)
[4638.249s][info][gc,heap        ] GC(1383) Survivor regions: 106->110(154)
[4638.249s][info][gc,heap        ] GC(1383) Old regions: 473->505
[4638.249s][info][gc,heap        ] GC(1383) Humongous regions: 80->80
[4638.249s][info][gc,metaspace   ] GC(1383) Metaspace: 28953K(29376K)->28953K(29376K) NonClass: 24084K(24256K)->24084K(24256K) Class: 4869K(5120K)->4869K(5120K)
[4638.249s][info][gc             ] GC(1383) Pause Young (Concurrent Start) (G1 Evacuation Pause) 3560M->1388M(4096M) 117.262ms
[4638.249s][info][gc             ] GC(1384) Concurrent Mark Cycle
[4638.249s][info][gc,marking     ] GC(1384) Concurrent Scan Root Regions
[4638.249s][info][gc,cpu         ] GC(1383) User=0.70s Sys=0.00s Real=0.12s
.[4638.450s][info][gc,marking     ] GC(1384) Concurrent Scan Root Regions 201.518ms
[4638.450s][info][gc,marking     ] GC(1384) Concurrent Mark
[4638.450s][info][gc,marking     ] GC(1384) Concurrent Mark From Roots
[4638.450s][info][gc,task        ] GC(1384) Using 2 workers of 2 for marking
[4639.446s][info][gc,marking     ] GC(1384) Concurrent Mark From Roots 995.655ms
[4639.446s][info][gc,marking     ] GC(1384) Concurrent Preclean
[4639.446s][info][gc,marking     ] GC(1384) Concurrent Preclean 0.131ms
[4639.448s][info][gc,start       ] GC(1384) Pause Remark
[4639.454s][info][gc             ] GC(1384) Pause Remark 2498M->2498M(4096M) 5.834ms
[4639.454s][info][gc,cpu         ] GC(1384) User=0.03s Sys=0.00s Real=0.00s
[4639.454s][info][gc,marking     ] GC(1384) Concurrent Mark 1004.188ms
[4639.455s][info][gc,marking     ] GC(1384) Concurrent Rebuild Remembered Sets and Scrub Regions
.[4639.723s][info][gc,marking     ] GC(1384) Concurrent Rebuild Remembered Sets and Scrub Regions 268.544ms
[4639.723s][info][gc,start       ] GC(1384) Pause Cleanup
[4639.724s][info][gc             ] GC(1384) Pause Cleanup 2786M->2786M(4096M) 0.114ms
[4639.724s][info][gc,cpu         ] GC(1384) User=0.00s Sys=0.00s Real=0.00s
[4639.724s][info][gc,marking     ] GC(1384) Concurrent Clear Claimed Marks
[4639.724s][info][gc,marking     ] GC(1384) Concurrent Clear Claimed Marks 0.027ms
[4639.724s][info][gc,marking     ] GC(1384) Concurrent Cleanup for Next Mark
[4639.740s][info][gc,marking     ] GC(1384) Concurrent Cleanup for Next Mark 16.200ms
[4639.740s][info][gc             ] GC(1384) Concurrent Mark Cycle 1491.448ms
[4640.342s][info][gc,start       ] GC(1385) Pause Young (Prepare Mixed) (G1 Evacuation Pause)
[4640.342s][info][gc,task        ] GC(1385) Using 6 workers of 6 for evacuation
[4640.468s][info][gc,phases      ] GC(1385)   Pre Evacuate Collection Set: 0.34ms
[4640.468s][info][gc,phases      ] GC(1385)   Merge Heap Roots: 0.60ms
[4640.468s][info][gc,phases      ] GC(1385)   Evacuate Collection Set: 122.71ms
[4640.468s][info][gc,phases      ] GC(1385)   Post Evacuate Collection Set: 1.01ms
[4640.468s][info][gc,phases      ] GC(1385)   Other: 0.81ms
[4640.468s][info][gc,heap        ] GC(1385) Eden regions: 1118->0(1097)
[4640.468s][info][gc,heap        ] GC(1385) Survivor regions: 110->116(154)
[4640.468s][info][gc,heap        ] GC(1385) Old regions: 505->536
[4640.468s][info][gc,heap        ] GC(1385) Humongous regions: 80->80
[4640.468s][info][gc,metaspace   ] GC(1385) Metaspace: 28953K(29376K)->28953K(29376K) NonClass: 24084K(24256K)->24084K(24256K) Class: 4869K(5120K)->4869K(5120K)
[4640.468s][info][gc             ] GC(1385) Pause Young (Prepare Mixed) (G1 Evacuation Pause) 3624M->1461M(4096M) 125.596ms
[4640.468s][info][gc,cpu         ] GC(1385) User=0.73s Sys=0.00s Real=0.13s
...[4642.569s][info][gc,start       ] GC(1386) Pause Young (Mixed) (G1 Evacuation Pause)
[4642.569s][info][gc,task        ] GC(1386) Using 6 workers of 6 for evacuation
[4642.710s][info][gc,phases      ] GC(1386)   Pre Evacuate Collection Set: 0.36ms
[4642.710s][info][gc,phases      ] GC(1386)   Merge Heap Roots: 0.68ms
[4642.710s][info][gc,phases      ] GC(1386)   Evacuate Collection Set: 138.79ms
[4642.710s][info][gc,phases      ] GC(1386)   Post Evacuate Collection Set: 0.97ms
[4642.710s][info][gc,phases      ] GC(1386)   Other: 0.08ms
[4642.710s][info][gc,heap        ] GC(1386) Eden regions: 1097->0(1114)
[4642.710s][info][gc,heap        ] GC(1386) Survivor regions: 116->114(152)
[4642.710s][info][gc,heap        ] GC(1386) Old regions: 536->473
[4642.710s][info][gc,heap        ] GC(1386) Humongous regions: 80->80
[4642.710s][info][gc,metaspace   ] GC(1386) Metaspace: 28953K(29376K)->28953K(29376K) NonClass: 24084K(24256K)->24084K(24256K) Class: 4869K(5120K)->4869K(5120K)
[4642.710s][info][gc             ] GC(1386) Pause Young (Mixed) (G1 Evacuation Pause) 3655M->1330M(4096M) 141.011ms
[4642.710s][info][gc,cpu         ] GC(1386) User=0.83s Sys=0.00s Real=0.14s
..[4644.800s][info][gc,start       ] GC(1387) Pause Young (Concurrent Start) (G1 Evacuation Pause)
[4644.800s][info][gc,task        ] GC(1387) Using 6 workers of 6 for evacuation
[4644.920s][info][gc,phases      ] GC(1387)   Pre Evacuate Collection Set: 0.38ms
[4644.920s][info][gc,phases      ] GC(1387)   Merge Heap Roots: 0.49ms
[4644.920s][info][gc,phases      ] GC(1387)   Evacuate Collection Set: 117.72ms
[4644.920s][info][gc,phases      ] GC(1387)   Post Evacuate Collection Set: 0.89ms
[4644.920s][info][gc,phases      ] GC(1387)   Other: 0.13ms
[4644.920s][info][gc,heap        ] GC(1387) Eden regions: 1114->0(1117)
[4644.920s][info][gc,heap        ] GC(1387) Survivor regions: 114->111(154)
[4644.920s][info][gc,heap        ] GC(1387) Old regions: 473->505
[4644.920s][info][gc,heap        ] GC(1387) Humongous regions: 80->80
[4644.920s][info][gc,metaspace   ] GC(1387) Metaspace: 28953K(29376K)->28953K(29376K) NonClass: 24084K(24256K)->24084K(24256K) Class: 4869K(5120K)->4869K(5120K)
[4644.920s][info][gc             ] GC(1387) Pause Young (Concurrent Start) (G1 Evacuation Pause) 3558M->1389M(4096M) 119.725ms
[4644.920s][info][gc             ] GC(1388) Concurrent Mark Cycle
[4644.920s][info][gc,marking     ] GC(1388) Concurrent Scan Root Regions
[4644.920s][info][gc,cpu         ] GC(1387) User=0.70s Sys=0.00s Real=0.12s
[4645.092s][info][gc,marking     ] GC(1388) Concurrent Scan Root Regions 171.705ms
[4645.092s][info][gc,marking     ] GC(1388) Concurrent Mark
[4645.092s][info][gc,marking     ] GC(1388) Concurrent Mark From Roots
[4645.092s][info][gc,task        ] GC(1388) Using 2 workers of 2 for marking
.[4646.110s][info][gc,marking     ] GC(1388) Concurrent Mark From Roots 1018.270ms
[4646.110s][info][gc,marking     ] GC(1388) Concurrent Preclean
[4646.110s][info][gc,marking     ] GC(1388) Concurrent Preclean 0.115ms
[4646.114s][info][gc,start       ] GC(1388) Pause Remark
[4646.122s][info][gc             ] GC(1388) Pause Remark 2573M->2573M(4096M) 7.966ms
[4646.122s][info][gc,cpu         ] GC(1388) User=0.04s Sys=0.01s Real=0.01s
[4646.122s][info][gc,marking     ] GC(1388) Concurrent Mark 1029.875ms
[4646.122s][info][gc,marking     ] GC(1388) Concurrent Rebuild Remembered Sets and Scrub Regions
[4646.497s][info][gc,marking     ] GC(1388) Concurrent Rebuild Remembered Sets and Scrub Regions 375.103ms
[4646.497s][info][gc,start       ] GC(1388) Pause Cleanup
[4646.497s][info][gc             ] GC(1388) Pause Cleanup 2991M->2991M(4096M) 0.155ms
[4646.497s][info][gc,cpu         ] GC(1388) User=0.00s Sys=0.00s Real=0.00s
[4646.497s][info][gc,marking     ] GC(1388) Concurrent Clear Claimed Marks
[4646.497s][info][gc,marking     ] GC(1388) Concurrent Clear Claimed Marks 0.023ms
[4646.497s][info][gc,marking     ] GC(1388) Concurrent Cleanup for Next Mark
[4646.502s][info][gc,marking     ] GC(1388) Concurrent Cleanup for Next Mark 5.053ms
[4646.502s][info][gc             ] GC(1388) Concurrent Mark Cycle 1582.396ms
.[4646.977s][info][gc,start       ] GC(1389) Pause Young (Prepare Mixed) (G1 Evacuation Pause)
[4646.977s][info][gc,task        ] GC(1389) Using 6 workers of 6 for evacuation
[4647.094s][info][gc,phases      ] GC(1389)   Pre Evacuate Collection Set: 0.34ms
[4647.094s][info][gc,phases      ] GC(1389)   Merge Heap Roots: 0.54ms
[4647.094s][info][gc,phases      ] GC(1389)   Evacuate Collection Set: 114.77ms
[4647.094s][info][gc,phases      ] GC(1389)   Post Evacuate Collection Set: 0.94ms
[4647.094s][info][gc,phases      ] GC(1389)   Other: 0.09ms
[4647.094s][info][gc,heap        ] GC(1389) Eden regions: 1117->0(1111)
[4647.094s][info][gc,heap        ] GC(1389) Survivor regions: 111->109(154)
[4647.094s][info][gc,heap        ] GC(1389) Old regions: 505->536
[4647.094s][info][gc,heap        ] GC(1389) Humongous regions: 80->80
[4647.094s][info][gc,metaspace   ] GC(1389) Metaspace: 28953K(29376K)->28953K(29376K) NonClass: 24084K(24256K)->24084K(24256K) Class: 4869K(5120K)->4869K(5120K)
[4647.094s][info][gc             ] GC(1389) Pause Young (Prepare Mixed) (G1 Evacuation Pause) 3623M->1447M(4096M) 116.808ms
[4647.094s][info][gc,cpu         ] GC(1389) User=0.69s Sys=0.00s Real=0.11s
..[4649.259s][info][gc,start       ] GC(1390) Pause Young (Mixed) (G1 Evacuation Pause)
[4649.259s][info][gc,task        ] GC(1390) Using 6 workers of 6 for evacuation
[4649.394s][info][gc,phases      ] GC(1390)   Pre Evacuate Collection Set: 0.41ms
[4649.394s][info][gc,phases      ] GC(1390)   Merge Heap Roots: 0.72ms
[4649.394s][info][gc,phases      ] GC(1390)   Evacuate Collection Set: 132.69ms
[4649.394s][info][gc,phases      ] GC(1390)   Post Evacuate Collection Set: 0.94ms
[4649.394s][info][gc,phases      ] GC(1390)   Other: 0.10ms
[4649.394s][info][gc,heap        ] GC(1390) Eden regions: 1111->0(1118)
[4649.394s][info][gc,heap        ] GC(1390) Survivor regions: 109->110(153)
[4649.394s][info][gc,heap        ] GC(1390) Old regions: 536->473
[4649.394s][info][gc,heap        ] GC(1390) Humongous regions: 80->80
[4649.394s][info][gc,metaspace   ] GC(1390) Metaspace: 28953K(29376K)->28953K(29376K) NonClass: 24084K(24256K)->24084K(24256K) Class: 4869K(5120K)->4869K(5120K)
[4649.394s][info][gc             ] GC(1390) Pause Young (Mixed) (G1 Evacuation Pause) 3669M->1322M(4096M) 135.014ms
[4649.394s][info][gc,cpu         ] GC(1390) User=0.80s Sys=0.00s Real=0.13s
..[4651.448s][info][gc,start       ] GC(1391) Pause Young (Concurrent Start) (G1 Evacuation Pause)
[4651.448s][info][gc,task        ] GC(1391) Using 6 workers of 6 for evacuation
[4651.568s][info][gc,phases      ] GC(1391)   Pre Evacuate Collection Set: 0.37ms
[4651.568s][info][gc,phases      ] GC(1391)   Merge Heap Roots: 0.45ms
[4651.568s][info][gc,phases      ] GC(1391)   Evacuate Collection Set: 118.26ms
[4651.568s][info][gc,phases      ] GC(1391)   Post Evacuate Collection Set: 0.86ms
[4651.568s][info][gc,phases      ] GC(1391)   Other: 0.12ms
[4651.569s][info][gc,heap        ] GC(1391) Eden regions: 1118->0(1117)
[4651.569s][info][gc,heap        ] GC(1391) Survivor regions: 110->111(154)
[4651.569s][info][gc,heap        ] GC(1391) Old regions: 473->505
[4651.569s][info][gc,heap        ] GC(1391) Humongous regions: 80->80
[4651.569s][info][gc,metaspace   ] GC(1391) Metaspace: 28953K(29376K)->28953K(29376K) NonClass: 24084K(24256K)->24084K(24256K) Class: 4869K(5120K)->4869K(5120K)
[4651.569s][info][gc             ] GC(1391) Pause Young (Concurrent Start) (G1 Evacuation Pause) 3558M->1390M(4096M) 120.178ms
[4651.569s][info][gc             ] GC(1392) Concurrent Mark Cycle
[4651.569s][info][gc,marking     ] GC(1392) Concurrent Scan Root Regions
[4651.569s][info][gc,cpu         ] GC(1391) User=0.71s Sys=0.00s Real=0.12s
.[4651.743s][info][gc,marking     ] GC(1392) Concurrent Scan Root Regions 174.778ms
[4651.743s][info][gc,marking     ] GC(1392) Concurrent Mark
[4651.743s][info][gc,marking     ] GC(1392) Concurrent Mark From Roots
[4651.743s][info][gc,task        ] GC(1392) Using 2 workers of 2 for marking
.[4652.697s][info][gc,marking     ] GC(1392) Concurrent Mark From Roots 953.521ms
[4652.697s][info][gc,marking     ] GC(1392) Concurrent Preclean
[4652.697s][info][gc,marking     ] GC(1392) Concurrent Preclean 0.117ms
[4652.699s][info][gc,start       ] GC(1392) Pause Remark
[4652.706s][info][gc             ] GC(1392) Pause Remark 2502M->2502M(4096M) 6.589ms
[4652.706s][info][gc,cpu         ] GC(1392) User=0.03s Sys=0.00s Real=0.01s
[4652.706s][info][gc,marking     ] GC(1392) Concurrent Mark 962.656ms
[4652.706s][info][gc,marking     ] GC(1392) Concurrent Rebuild Remembered Sets and Scrub Regions
[4653.217s][info][gc,marking     ] GC(1392) Concurrent Rebuild Remembered Sets and Scrub Regions 510.425ms
[4653.217s][info][gc,start       ] GC(1392) Pause Cleanup
[4653.217s][info][gc             ] GC(1392) Pause Cleanup 3069M->3069M(4096M) 0.113ms
[4653.217s][info][gc,cpu         ] GC(1392) User=0.00s Sys=0.00s Real=0.00s
[4653.217s][info][gc,marking     ] GC(1392) Concurrent Clear Claimed Marks
[4653.217s][info][gc,marking     ] GC(1392) Concurrent Clear Claimed Marks 0.033ms
[4653.217s][info][gc,marking     ] GC(1392) Concurrent Cleanup for Next Mark
[4653.235s][info][gc,marking     ] GC(1392) Concurrent Cleanup for Next Mark 18.241ms
[4653.235s][info][gc             ] GC(1392) Concurrent Mark Cycle 1666.659ms
.[4653.716s][info][gc,start       ] GC(1393) Pause Young (Prepare Mixed) (G1 Evacuation Pause)
[4653.716s][info][gc,task        ] GC(1393) Using 6 workers of 6 for evacuation
[4653.840s][info][gc,phases      ] GC(1393)   Pre Evacuate Collection Set: 0.30ms
[4653.840s][info][gc,phases      ] GC(1393)   Merge Heap Roots: 0.52ms
[4653.840s][info][gc,phases      ] GC(1393)   Evacuate Collection Set: 121.85ms
[4653.840s][info][gc,phases      ] GC(1393)   Post Evacuate Collection Set: 0.96ms
[4653.840s][info][gc,phases      ] GC(1393)   Other: 0.09ms
[4653.840s][info][gc,heap        ] GC(1393) Eden regions: 1117->0(1098)
[4653.840s][info][gc,heap        ] GC(1393) Survivor regions: 111->115(154)
[4653.840s][info][gc,heap        ] GC(1393) Old regions: 505->537
[4653.840s][info][gc,heap        ] GC(1393) Humongous regions: 80->80
[4653.840s][info][gc,metaspace   ] GC(1393) Metaspace: 28953K(29376K)->28953K(29376K) NonClass: 24084K(24256K)->24084K(24256K) Class: 4869K(5120K)->4869K(5120K)
[4653.840s][info][gc             ] GC(1393) Pause Young (Prepare Mixed) (G1 Evacuation Pause) 3624M->1461M(4096M) 123.859ms
[4653.840s][info][gc,cpu         ] GC(1393) User=0.73s Sys=0.00s Real=0.12s
..[4655.888s][info][gc,start       ] GC(1394) Pause Young (Mixed) (G1 Evacuation Pause)
[4655.888s][info][gc,task        ] GC(1394) Using 6 workers of 6 for evacuation
[4656.018s][info][gc,phases      ] GC(1394)   Pre Evacuate Collection Set: 0.37ms
[4656.018s][info][gc,phases      ] GC(1394)   Merge Heap Roots: 0.65ms
[4656.018s][info][gc,phases      ] GC(1394)   Evacuate Collection Set: 128.35ms
[4656.018s][info][gc,phases      ] GC(1394)   Post Evacuate Collection Set: 0.95ms
[4656.018s][info][gc,phases      ] GC(1394)   Other: 0.09ms
[4656.018s][info][gc,heap        ] GC(1394) Eden regions: 1098->0(1121)
[4656.018s][info][gc,heap        ] GC(1394) Survivor regions: 115->107(152)
[4656.018s][info][gc,heap        ] GC(1394) Old regions: 537->473
[4656.018s][info][gc,heap        ] GC(1394) Humongous regions: 80->80
[4656.018s][info][gc,metaspace   ] GC(1394) Metaspace: 28953K(29376K)->28953K(29376K) NonClass: 24084K(24256K)->24084K(24256K) Class: 4869K(5120K)->4869K(5120K)
[4656.018s][info][gc             ] GC(1394) Pause Young (Mixed) (G1 Evacuation Pause) 3657M->1318M(4096M) 130.540ms
[4656.018s][info][gc,cpu         ] GC(1394) User=0.77s Sys=0.00s Real=0.13s
..[4658.229s][info][gc,start       ] GC(1395) Pause Young (Concurrent Start) (G1 Evacuation Pause)
[4658.229s][info][gc,task        ] GC(1395) Using 6 workers of 6 for evacuation
[4658.347s][info][gc,phases      ] GC(1395)   Pre Evacuate Collection Set: 0.37ms
[4658.347s][info][gc,phases      ] GC(1395)   Merge Heap Roots: 0.49ms
[4658.347s][info][gc,phases      ] GC(1395)   Evacuate Collection Set: 116.09ms
[4658.347s][info][gc,phases      ] GC(1395)   Post Evacuate Collection Set: 0.89ms
[4658.347s][info][gc,phases      ] GC(1395)   Other: 0.11ms
[4658.347s][info][gc,heap        ] GC(1395) Eden regions: 1121->0(1118)
[4658.347s][info][gc,heap        ] GC(1395) Survivor regions: 107->110(154)
[4658.347s][info][gc,heap        ] GC(1395) Old regions: 473->505
[4658.347s][info][gc,heap        ] GC(1395) Humongous regions: 80->80
[4658.347s][info][gc,metaspace   ] GC(1395) Metaspace: 28953K(29376K)->28953K(29376K) NonClass: 24084K(24256K)->24084K(24256K) Class: 4869K(5120K)->4869K(5120K)
[4658.347s][info][gc             ] GC(1395) Pause Young (Concurrent Start) (G1 Evacuation Pause) 3560M->1387M(4096M) 118.095ms
[4658.347s][info][gc             ] GC(1396) Concurrent Mark Cycle
[4658.347s][info][gc,marking     ] GC(1396) Concurrent Scan Root Regions
[4658.347s][info][gc,cpu         ] GC(1395) User=0.70s Sys=0.00s Real=0.12s
[4658.553s][info][gc,marking     ] GC(1396) Concurrent Scan Root Regions 206.029ms
[4658.553s][info][gc,marking     ] GC(1396) Concurrent Mark
[4658.553s][info][gc,marking     ] GC(1396) Concurrent Mark From Roots
[4658.553s][info][gc,task        ] GC(1396) Using 2 workers of 2 for marking
.[4659.547s][info][gc,marking     ] GC(1396) Concurrent Mark From Roots 994.059ms
[4659.547s][info][gc,marking     ] GC(1396) Concurrent Preclean
[4659.547s][info][gc,marking     ] GC(1396) Concurrent Preclean 0.115ms
[4659.550s][info][gc,start       ] GC(1396) Pause Remark
[4659.556s][info][gc             ] GC(1396) Pause Remark 2579M->2579M(4096M) 6.002ms
[4659.556s][info][gc,cpu         ] GC(1396) User=0.03s Sys=0.00s Real=0.00s
[4659.556s][info][gc,marking     ] GC(1396) Concurrent Mark 1003.077ms
[4659.556s][info][gc,marking     ] GC(1396) Concurrent Rebuild Remembered Sets and Scrub Regions
.[4659.965s][info][gc,marking     ] GC(1396) Concurrent Rebuild Remembered Sets and Scrub Regions 409.511ms
[4659.966s][info][gc,start       ] GC(1396) Pause Cleanup
[4659.966s][info][gc             ] GC(1396) Pause Cleanup 2962M->2962M(4096M) 0.106ms
[4659.966s][info][gc,cpu         ] GC(1396) User=0.00s Sys=0.00s Real=0.00s
[4659.966s][info][gc,marking     ] GC(1396) Concurrent Clear Claimed Marks
[4659.966s][info][gc,marking     ] GC(1396) Concurrent Clear Claimed Marks 0.036ms
[4659.966s][info][gc,marking     ] GC(1396) Concurrent Cleanup for Next Mark
[4659.972s][info][gc,marking     ] GC(1396) Concurrent Cleanup for Next Mark 5.387ms
[4659.972s][info][gc             ] GC(1396) Concurrent Mark Cycle 1625.163ms
[4660.502s][info][gc,start       ] GC(1397) Pause Young (Prepare Mixed) (G1 Evacuation Pause)
[4660.502s][info][gc,task        ] GC(1397) Using 6 workers of 6 for evacuation
[4660.620s][info][gc,phases      ] GC(1397)   Pre Evacuate Collection Set: 0.34ms
[4660.620s][info][gc,phases      ] GC(1397)   Merge Heap Roots: 0.55ms
[4660.620s][info][gc,phases      ] GC(1397)   Evacuate Collection Set: 116.44ms
[4660.620s][info][gc,phases      ] GC(1397)   Post Evacuate Collection Set: 0.95ms
[4660.620s][info][gc,phases      ] GC(1397)   Other: 0.09ms
[4660.620s][info][gc,heap        ] GC(1397) Eden regions: 1118->0(1105)
[4660.620s][info][gc,heap        ] GC(1397) Survivor regions: 110->112(154)
[4660.620s][info][gc,heap        ] GC(1397) Old regions: 505->536
[4660.620s][info][gc,heap        ] GC(1397) Humongous regions: 80->80
[4660.620s][info][gc,metaspace   ] GC(1397) Metaspace: 28953K(29376K)->28953K(29376K) NonClass: 24084K(24256K)->24084K(24256K) Class: 4869K(5120K)->4869K(5120K)
[4660.620s][info][gc             ] GC(1397) Pause Young (Prepare Mixed) (G1 Evacuation Pause) 3623M->1453M(4096M) 118.505ms
[4660.620s][info][gc,cpu         ] GC(1397) User=0.70s Sys=0.00s Real=0.12s
..[4662.557s][info][gc,start       ] GC(1398) Pause Young (Mixed) (G1 Evacuation Pause)
[4662.557s][info][gc,task        ] GC(1398) Using 6 workers of 6 for evacuation
[4662.701s][info][gc,phases      ] GC(1398)   Pre Evacuate Collection Set: 0.35ms
[4662.701s][info][gc,phases      ] GC(1398)   Merge Heap Roots: 0.77ms
[4662.701s][info][gc,phases      ] GC(1398)   Evacuate Collection Set: 141.41ms
[4662.701s][info][gc,phases      ] GC(1398)   Post Evacuate Collection Set: 0.92ms
[4662.701s][info][gc,phases      ] GC(1398)   Other: 0.09ms
[4662.701s][info][gc,heap        ] GC(1398) Eden regions: 1105->0(1113)
[4662.701s][info][gc,heap        ] GC(1398) Survivor regions: 112->115(153)
[4662.701s][info][gc,heap        ] GC(1398) Old regions: 536->473
[4662.701s][info][gc,heap        ] GC(1398) Humongous regions: 80->80
[4662.701s][info][gc,metaspace   ] GC(1398) Metaspace: 28953K(29376K)->28953K(29376K) NonClass: 24084K(24256K)->24084K(24256K) Class: 4869K(5120K)->4869K(5120K)
[4662.701s][info][gc             ] GC(1398) Pause Young (Mixed) (G1 Evacuation Pause) 3663M->1333M(4096M) 143.673ms
[4662.701s][info][gc,cpu         ] GC(1398) User=0.85s Sys=0.00s Real=0.14s
...[4664.770s][info][gc,start       ] GC(1399) Pause Young (Concurrent Start) (G1 Evacuation Pause)
[4664.770s][info][gc,task        ] GC(1399) Using 6 workers of 6 for evacuation
[4664.897s][info][gc,phases      ] GC(1399)   Pre Evacuate Collection Set: 0.34ms
[4664.897s][info][gc,phases      ] GC(1399)   Merge Heap Roots: 0.47ms
[4664.897s][info][gc,phases      ] GC(1399)   Evacuate Collection Set: 125.37ms
[4664.897s][info][gc,phases      ] GC(1399)   Post Evacuate Collection Set: 0.90ms
[4664.897s][info][gc,phases      ] GC(1399)   Other: 0.12ms
[4664.897s][info][gc,heap        ] GC(1399) Eden regions: 1113->0(1111)
[4664.897s][info][gc,heap        ] GC(1399) Survivor regions: 115->117(154)
[4664.897s][info][gc,heap        ] GC(1399) Old regions: 473->504
[4664.897s][info][gc,heap        ] GC(1399) Humongous regions: 80->80
[4664.897s][info][gc,metaspace   ] GC(1399) Metaspace: 28953K(29376K)->28953K(29376K) NonClass: 24084K(24256K)->24084K(24256K) Class: 4869K(5120K)->4869K(5120K)
[4664.897s][info][gc             ] GC(1399) Pause Young (Concurrent Start) (G1 Evacuation Pause) 3559M->1399M(4096M) 127.322ms
[4664.898s][info][gc             ] GC(1400) Concurrent Mark Cycle
[4664.898s][info][gc,marking     ] GC(1400) Concurrent Scan Root Regions
[4664.898s][info][gc,cpu         ] GC(1399) User=0.75s Sys=0.01s Real=0.13s
[4665.080s][info][gc,marking     ] GC(1400) Concurrent Scan Root Regions 182.339ms
[4665.080s][info][gc,marking     ] GC(1400) Concurrent Mark
[4665.080s][info][gc,marking     ] GC(1400) Concurrent Mark From Roots
[4665.080s][info][gc,task        ] GC(1400) Using 2 workers of 2 for marking
.[4666.151s][info][gc,marking     ] GC(1400) Concurrent Mark From Roots 1070.651ms
[4666.151s][info][gc,marking     ] GC(1400) Concurrent Preclean
[4666.151s][info][gc,marking     ] GC(1400) Concurrent Preclean 0.115ms
[4666.152s][info][gc,start       ] GC(1400) Pause Remark
[4666.159s][info][gc             ] GC(1400) Pause Remark 2651M->2651M(4096M) 6.679ms
[4666.159s][info][gc,cpu         ] GC(1400) User=0.04s Sys=0.00s Real=0.01s
[4666.160s][info][gc,marking     ] GC(1400) Concurrent Mark 1080.312ms
[4666.160s][info][gc,marking     ] GC(1400) Concurrent Rebuild Remembered Sets and Scrub Regions
[4666.524s][info][gc,marking     ] GC(1400) Concurrent Rebuild Remembered Sets and Scrub Regions 364.042ms
[4666.525s][info][gc,start       ] GC(1400) Pause Cleanup
[4666.525s][info][gc             ] GC(1400) Pause Cleanup 3028M->3028M(4096M) 0.108ms
[4666.525s][info][gc,cpu         ] GC(1400) User=0.00s Sys=0.00s Real=0.00s
[4666.525s][info][gc,marking     ] GC(1400) Concurrent Clear Claimed Marks
[4666.525s][info][gc,marking     ] GC(1400) Concurrent Clear Claimed Marks 0.023ms
[4666.525s][info][gc,marking     ] GC(1400) Concurrent Cleanup for Next Mark
[4666.530s][info][gc,marking     ] GC(1400) Concurrent Cleanup for Next Mark 5.354ms
[4666.530s][info][gc             ] GC(1400) Concurrent Mark Cycle 1632.638ms
[4667.061s][info][gc,start       ] GC(1401) Pause Young (Prepare Mixed) (G1 Evacuation Pause)
[4667.061s][info][gc,task        ] GC(1401) Using 6 workers of 6 for evacuation
[4667.180s][info][gc,phases      ] GC(1401)   Pre Evacuate Collection Set: 0.36ms
[4667.180s][info][gc,phases      ] GC(1401)   Merge Heap Roots: 0.52ms
[4667.180s][info][gc,phases      ] GC(1401)   Evacuate Collection Set: 116.83ms
[4667.180s][info][gc,phases      ] GC(1401)   Post Evacuate Collection Set: 0.92ms
[4667.180s][info][gc,phases      ] GC(1401)   Other: 0.09ms
[4667.180s][info][gc,heap        ] GC(1401) Eden regions: 1111->0(1107)
[4667.180s][info][gc,heap        ] GC(1401) Survivor regions: 117->111(154)
[4667.180s][info][gc,heap        ] GC(1401) Old regions: 504->536
[4667.180s][info][gc,heap        ] GC(1401) Humongous regions: 80->80
[4667.180s][info][gc,metaspace   ] GC(1401) Metaspace: 28953K(29376K)->28953K(29376K) NonClass: 24084K(24256K)->24084K(24256K) Class: 4869K(5120K)->4869K(5120K)
[4667.180s][info][gc             ] GC(1401) Pause Young (Prepare Mixed) (G1 Evacuation Pause) 3621M->1451M(4096M) 118.851ms
[4667.180s][info][gc,cpu         ] GC(1401) User=0.70s Sys=0.00s Real=0.12s
...[4669.275s][info][gc,start       ] GC(1402) Pause Young (Mixed) (G1 Evacuation Pause)
[4669.275s][info][gc,task        ] GC(1402) Using 6 workers of 6 for evacuation
[4669.411s][info][gc,phases      ] GC(1402)   Pre Evacuate Collection Set: 0.45ms
[4669.411s][info][gc,phases      ] GC(1402)   Merge Heap Roots: 0.79ms
[4669.411s][info][gc,phases      ] GC(1402)   Evacuate Collection Set: 133.45ms
[4669.411s][info][gc,phases      ] GC(1402)   Post Evacuate Collection Set: 0.96ms
[4669.411s][info][gc,phases      ] GC(1402)   Other: 0.09ms
[4669.411s][info][gc,heap        ] GC(1402) Eden regions: 1107->0(1118)
[4669.411s][info][gc,heap        ] GC(1402) Survivor regions: 111->110(153)
[4669.411s][info][gc,heap        ] GC(1402) Old regions: 536->474
[4669.411s][info][gc,heap        ] GC(1402) Humongous regions: 80->80
[4669.411s][info][gc,metaspace   ] GC(1402) Metaspace: 28953K(29376K)->28953K(29376K) NonClass: 24084K(24256K)->24084K(24256K) Class: 4869K(5120K)->4869K(5120K)
[4669.411s][info][gc             ] GC(1402) Pause Young (Mixed) (G1 Evacuation Pause) 3665M->1325M(4096M) 135.876ms
[4669.411s][info][gc,cpu         ] GC(1402) User=0.80s Sys=0.00s Real=0.14s
..[4671.546s][info][gc,start       ] GC(1403) Pause Young (Concurrent Start) (G1 Evacuation Pause)
[4671.546s][info][gc,task        ] GC(1403) Using 6 workers of 6 for evacuation
[4671.667s][info][gc,phases      ] GC(1403)   Pre Evacuate Collection Set: 0.40ms
[4671.667s][info][gc,phases      ] GC(1403)   Merge Heap Roots: 0.49ms
[4671.667s][info][gc,phases      ] GC(1403)   Evacuate Collection Set: 118.80ms
[4671.667s][info][gc,phases      ] GC(1403)   Post Evacuate Collection Set: 0.87ms
[4671.667s][info][gc,phases      ] GC(1403)   Other: 0.11ms
[4671.667s][info][gc,heap        ] GC(1403) Eden regions: 1118->0(1113)
[4671.667s][info][gc,heap        ] GC(1403) Survivor regions: 110->115(154)
[4671.667s][info][gc,heap        ] GC(1403) Old regions: 474->506
[4671.667s][info][gc,heap        ] GC(1403) Humongous regions: 80->80
[4671.667s][info][gc,metaspace   ] GC(1403) Metaspace: 28953K(29376K)->28953K(29376K) NonClass: 24084K(24256K)->24084K(24256K) Class: 4869K(5120K)->4869K(5120K)
[4671.667s][info][gc             ] GC(1403) Pause Young (Concurrent Start) (G1 Evacuation Pause) 3561M->1399M(4096M) 120.824ms
[4671.667s][info][gc             ] GC(1404) Concurrent Mark Cycle
[4671.667s][info][gc,marking     ] GC(1404) Concurrent Scan Root Regions
[4671.667s][info][gc,cpu         ] GC(1403) User=0.72s Sys=0.00s Real=0.12s
[4671.846s][info][gc,marking     ] GC(1404) Concurrent Scan Root Regions 178.765ms
[4671.846s][info][gc,marking     ] GC(1404) Concurrent Mark
[4671.846s][info][gc,marking     ] GC(1404) Concurrent Mark From Roots
[4671.846s][info][gc,task        ] GC(1404) Using 2 workers of 2 for marking
.[4672.810s][info][gc,marking     ] GC(1404) Concurrent Mark From Roots 964.526ms
[4672.810s][info][gc,marking     ] GC(1404) Concurrent Preclean
[4672.811s][info][gc,marking     ] GC(1404) Concurrent Preclean 0.114ms
[4672.813s][info][gc,start       ] GC(1404) Pause Remark
[4672.818s][info][gc             ] GC(1404) Pause Remark 2501M->2501M(4096M) 5.536ms
[4672.818s][info][gc,cpu         ] GC(1404) User=0.03s Sys=0.00s Real=0.01s
[4672.818s][info][gc,marking     ] GC(1404) Concurrent Mark 972.382ms
[4672.818s][info][gc,marking     ] GC(1404) Concurrent Rebuild Remembered Sets and Scrub Regions
[4673.227s][info][gc,marking     ] GC(1404) Concurrent Rebuild Remembered Sets and Scrub Regions 408.985ms
[4673.228s][info][gc,start       ] GC(1404) Pause Cleanup
[4673.229s][info][gc             ] GC(1404) Pause Cleanup 2873M->2873M(4096M) 0.119ms
[4673.229s][info][gc,cpu         ] GC(1404) User=0.00s Sys=0.00s Real=0.00s
[4673.229s][info][gc,marking     ] GC(1404) Concurrent Clear Claimed Marks
[4673.229s][info][gc,marking     ] GC(1404) Concurrent Clear Claimed Marks 0.024ms
[4673.229s][info][gc,marking     ] GC(1404) Concurrent Cleanup for Next Mark
[4673.237s][info][gc,marking     ] GC(1404) Concurrent Cleanup for Next Mark 7.889ms
[4673.237s][info][gc             ] GC(1404) Concurrent Mark Cycle 1569.630ms
.[4673.847s][info][gc,start       ] GC(1405) Pause Young (Prepare Mixed) (G1 Evacuation Pause)
[4673.847s][info][gc,task        ] GC(1405) Using 6 workers of 6 for evacuation
[4673.967s][info][gc,phases      ] GC(1405)   Pre Evacuate Collection Set: 0.34ms
[4673.967s][info][gc,phases      ] GC(1405)   Merge Heap Roots: 0.51ms
[4673.967s][info][gc,phases      ] GC(1405)   Evacuate Collection Set: 118.12ms
[4673.967s][info][gc,phases      ] GC(1405)   Post Evacuate Collection Set: 0.92ms
[4673.967s][info][gc,phases      ] GC(1405)   Other: 0.09ms
[4673.967s][info][gc,heap        ] GC(1405) Eden regions: 1113->0(1103)
[4673.967s][info][gc,heap        ] GC(1405) Survivor regions: 115->112(154)
[4673.967s][info][gc,heap        ] GC(1405) Old regions: 506->538
[4673.967s][info][gc,heap        ] GC(1405) Humongous regions: 80->80
[4673.967s][info][gc,metaspace   ] GC(1405) Metaspace: 28953K(29376K)->28953K(29376K) NonClass: 24084K(24256K)->24084K(24256K) Class: 4869K(5120K)->4869K(5120K)
[4673.967s][info][gc             ] GC(1405) Pause Young (Prepare Mixed) (G1 Evacuation Pause) 3625M->1458M(4096M) 120.111ms
[4673.967s][info][gc,cpu         ] GC(1405) User=0.71s Sys=0.00s Real=0.12s
..[4675.948s][info][gc,start       ] GC(1406) Pause Young (Mixed) (G1 Evacuation Pause)
[4675.948s][info][gc,task        ] GC(1406) Using 6 workers of 6 for evacuation
[4676.080s][info][gc,phases      ] GC(1406)   Pre Evacuate Collection Set: 0.35ms
[4676.080s][info][gc,phases      ] GC(1406)   Merge Heap Roots: 0.67ms
[4676.080s][info][gc,phases      ] GC(1406)   Evacuate Collection Set: 130.27ms
[4676.080s][info][gc,phases      ] GC(1406)   Post Evacuate Collection Set: 0.95ms
[4676.080s][info][gc,phases      ] GC(1406)   Other: 0.09ms
[4676.080s][info][gc,heap        ] GC(1406) Eden regions: 1103->0(1120)
[4676.080s][info][gc,heap        ] GC(1406) Survivor regions: 112->108(152)
[4676.080s][info][gc,heap        ] GC(1406) Old regions: 538->474
[4676.080s][info][gc,heap        ] GC(1406) Humongous regions: 80->80
[4676.080s][info][gc,metaspace   ] GC(1406) Metaspace: 28953K(29376K)->28953K(29376K) NonClass: 24084K(24256K)->24084K(24256K) Class: 4869K(5120K)->4869K(5120K)
[4676.080s][info][gc             ] GC(1406) Pause Young (Mixed) (G1 Evacuation Pause) 3664M->1320M(4096M) 132.456ms
[4676.080s][info][gc,cpu         ] GC(1406) User=0.78s Sys=0.00s Real=0.13s
..[4678.206s][info][gc,start       ] GC(1407) Pause Young (Concurrent Start) (G1 Evacuation Pause)
[4678.206s][info][gc,task        ] GC(1407) Using 6 workers of 6 for evacuation
[4678.325s][info][gc,phases      ] GC(1407)   Pre Evacuate Collection Set: 0.35ms
[4678.326s][info][gc,phases      ] GC(1407)   Merge Heap Roots: 0.47ms
[4678.326s][info][gc,phases      ] GC(1407)   Evacuate Collection Set: 117.52ms
[4678.326s][info][gc,phases      ] GC(1407)   Post Evacuate Collection Set: 0.88ms
[4678.326s][info][gc,phases      ] GC(1407)   Other: 0.13ms
[4678.326s][info][gc,heap        ] GC(1407) Eden regions: 1120->0(1116)
[4678.326s][info][gc,heap        ] GC(1407) Survivor regions: 108->112(154)
[4678.326s][info][gc,heap        ] GC(1407) Old regions: 474->505
[4678.326s][info][gc,heap        ] GC(1407) Humongous regions: 80->80
[4678.326s][info][gc,metaspace   ] GC(1407) Metaspace: 28953K(29376K)->28953K(29376K) NonClass: 24084K(24256K)->24084K(24256K) Class: 4869K(5120K)->4869K(5120K)
[4678.326s][info][gc             ] GC(1407) Pause Young (Concurrent Start) (G1 Evacuation Pause) 3560M->1391M(4096M) 119.484ms
[4678.326s][info][gc             ] GC(1408) Concurrent Mark Cycle
[4678.326s][info][gc,marking     ] GC(1408) Concurrent Scan Root Regions
[4678.326s][info][gc,cpu         ] GC(1407) User=0.71s Sys=0.00s Real=0.11s
.[4678.511s][info][gc,marking     ] GC(1408) Concurrent Scan Root Regions 185.276ms
[4678.511s][info][gc,marking     ] GC(1408) Concurrent Mark
[4678.511s][info][gc,marking     ] GC(1408) Concurrent Mark From Roots
[4678.511s][info][gc,task        ] GC(1408) Using 2 workers of 2 for marking
[4679.475s][info][gc,marking     ] GC(1408) Concurrent Mark From Roots 964.389ms
[4679.475s][info][gc,marking     ] GC(1408) Concurrent Preclean
[4679.476s][info][gc,marking     ] GC(1408) Concurrent Preclean 0.112ms
[4679.478s][info][gc,start       ] GC(1408) Pause Remark
[4679.484s][info][gc             ] GC(1408) Pause Remark 2499M->2499M(4096M) 6.357ms
[4679.484s][info][gc,cpu         ] GC(1408) User=0.03s Sys=0.00s Real=0.00s
[4679.484s][info][gc,marking     ] GC(1408) Concurrent Mark 973.430ms
[4679.484s][info][gc,marking     ] GC(1408) Concurrent Rebuild Remembered Sets and Scrub Regions
.[4679.815s][info][gc,marking     ] GC(1408) Concurrent Rebuild Remembered Sets and Scrub Regions 330.405ms
[4679.815s][info][gc,start       ] GC(1408) Pause Cleanup
[4679.815s][info][gc             ] GC(1408) Pause Cleanup 2892M->2892M(4096M) 0.112ms
[4679.815s][info][gc,cpu         ] GC(1408) User=0.00s Sys=0.00s Real=0.00s
[4679.816s][info][gc,marking     ] GC(1408) Concurrent Clear Claimed Marks
[4679.816s][info][gc,marking     ] GC(1408) Concurrent Clear Claimed Marks 0.023ms
[4679.816s][info][gc,marking     ] GC(1408) Concurrent Cleanup for Next Mark
[4679.821s][info][gc,marking     ] GC(1408) Concurrent Cleanup for Next Mark 5.437ms
[4679.821s][info][gc             ] GC(1408) Concurrent Mark Cycle 1495.447ms
[4680.462s][info][gc,start       ] GC(1409) Pause Young (Prepare Mixed) (G1 Evacuation Pause)
[4680.462s][info][gc,task        ] GC(1409) Using 6 workers of 6 for evacuation
[4680.580s][info][gc,phases      ] GC(1409)   Pre Evacuate Collection Set: 0.34ms
[4680.580s][info][gc,phases      ] GC(1409)   Merge Heap Roots: 0.52ms
[4680.580s][info][gc,phases      ] GC(1409)   Evacuate Collection Set: 116.22ms
[4680.580s][info][gc,phases      ] GC(1409)   Post Evacuate Collection Set: 0.93ms
[4680.580s][info][gc,phases      ] GC(1409)   Other: 0.08ms
[4680.580s][info][gc,heap        ] GC(1409) Eden regions: 1116->0(1108)
[4680.580s][info][gc,heap        ] GC(1409) Survivor regions: 112->110(154)
[4680.580s][info][gc,heap        ] GC(1409) Old regions: 505->537
[4680.580s][info][gc,heap        ] GC(1409) Humongous regions: 80->80
[4680.580s][info][gc,metaspace   ] GC(1409) Metaspace: 28953K(29376K)->28953K(29376K) NonClass: 24084K(24256K)->24084K(24256K) Class: 4869K(5120K)->4869K(5120K)
[4680.580s][info][gc             ] GC(1409) Pause Young (Prepare Mixed) (G1 Evacuation Pause) 3623M->1451M(4096M) 118.233ms
[4680.580s][info][gc,cpu         ] GC(1409) User=0.70s Sys=0.00s Real=0.12s
..[4682.579s][info][gc,start       ] GC(1410) Pause Young (Mixed) (G1 Evacuation Pause)
[4682.579s][info][gc,task        ] GC(1410) Using 6 workers of 6 for evacuation
[4682.714s][info][gc,phases      ] GC(1410)   Pre Evacuate Collection Set: 0.36ms
[4682.714s][info][gc,phases      ] GC(1410)   Merge Heap Roots: 0.72ms
[4682.714s][info][gc,phases      ] GC(1410)   Evacuate Collection Set: 132.06ms
[4682.714s][info][gc,phases      ] GC(1410)   Post Evacuate Collection Set: 0.94ms
[4682.714s][info][gc,phases      ] GC(1410)   Other: 0.09ms
[4682.714s][info][gc,heap        ] GC(1410) Eden regions: 1108->0(1119)
[4682.714s][info][gc,heap        ] GC(1410) Survivor regions: 110->109(153)
[4682.714s][info][gc,heap        ] GC(1410) Old regions: 537->474
[4682.714s][info][gc,heap        ] GC(1410) Humongous regions: 80->80
[4682.714s][info][gc,metaspace   ] GC(1410) Metaspace: 28953K(29376K)->28953K(29376K) NonClass: 24084K(24256K)->24084K(24256K) Class: 4869K(5120K)->4869K(5120K)
[4682.714s][info][gc             ] GC(1410) Pause Young (Mixed) (G1 Evacuation Pause) 3667M->1324M(4096M) 134.303ms
[4682.714s][info][gc,cpu         ] GC(1410) User=0.79s Sys=0.00s Real=0.13s
...[4684.778s][info][gc,start       ] GC(1411) Pause Young (Concurrent Start) (G1 Evacuation Pause)
[4684.778s][info][gc,task        ] GC(1411) Using 6 workers of 6 for evacuation
[4684.903s][info][gc,phases      ] GC(1411)   Pre Evacuate Collection Set: 0.40ms
[4684.903s][info][gc,phases      ] GC(1411)   Merge Heap Roots: 0.49ms
[4684.903s][info][gc,phases      ] GC(1411)   Evacuate Collection Set: 122.47ms
[4684.903s][info][gc,phases      ] GC(1411)   Post Evacuate Collection Set: 0.88ms
[4684.903s][info][gc,phases      ] GC(1411)   Other: 0.13ms
[4684.903s][info][gc,heap        ] GC(1411) Eden regions: 1119->0(1112)
[4684.903s][info][gc,heap        ] GC(1411) Survivor regions: 109->116(154)
[4684.903s][info][gc,heap        ] GC(1411) Old regions: 474->506
[4684.903s][info][gc,heap        ] GC(1411) Humongous regions: 80->80
[4684.903s][info][gc,metaspace   ] GC(1411) Metaspace: 28953K(29376K)->28953K(29376K) NonClass: 24084K(24256K)->24084K(24256K) Class: 4869K(5120K)->4869K(5120K)
[4684.903s][info][gc             ] GC(1411) Pause Young (Concurrent Start) (G1 Evacuation Pause) 3562M->1401M(4096M) 124.502ms
[4684.903s][info][gc             ] GC(1412) Concurrent Mark Cycle
[4684.903s][info][gc,marking     ] GC(1412) Concurrent Scan Root Regions
[4684.903s][info][gc,cpu         ] GC(1411) User=0.74s Sys=0.00s Real=0.12s
[4685.041s][info][gc,marking     ] GC(1412) Concurrent Scan Root Regions 137.875ms
[4685.041s][info][gc,marking     ] GC(1412) Concurrent Mark
[4685.041s][info][gc,marking     ] GC(1412) Concurrent Mark From Roots
[4685.041s][info][gc,task        ] GC(1412) Using 2 workers of 2 for marking
.[4685.770s][info][gc,marking     ] GC(1412) Concurrent Mark From Roots 729.242ms
[4685.770s][info][gc,marking     ] GC(1412) Concurrent Preclean
[4685.770s][info][gc,marking     ] GC(1412) Concurrent Preclean 0.092ms
[4685.772s][info][gc,start       ] GC(1412) Pause Remark
[4685.778s][info][gc             ] GC(1412) Pause Remark 2245M->2245M(4096M) 6.007ms
[4685.778s][info][gc,cpu         ] GC(1412) User=0.03s Sys=0.00s Real=0.01s
[4685.778s][info][gc,marking     ] GC(1412) Concurrent Mark 737.865ms
[4685.778s][info][gc,marking     ] GC(1412) Concurrent Rebuild Remembered Sets and Scrub Regions
[4686.094s][info][gc,marking     ] GC(1412) Concurrent Rebuild Remembered Sets and Scrub Regions 315.915ms
[4686.095s][info][gc,start       ] GC(1412) Pause Cleanup
[4686.095s][info][gc             ] GC(1412) Pause Cleanup 2527M->2527M(4096M) 0.113ms
[4686.095s][info][gc,cpu         ] GC(1412) User=0.00s Sys=0.00s Real=0.00s
[4686.095s][info][gc,marking     ] GC(1412) Concurrent Clear Claimed Marks
[4686.095s][info][gc,marking     ] GC(1412) Concurrent Clear Claimed Marks 0.032ms
[4686.095s][info][gc,marking     ] GC(1412) Concurrent Cleanup for Next Mark
[4686.101s][info][gc,marking     ] GC(1412) Concurrent Cleanup for Next Mark 5.850ms
[4686.101s][info][gc             ] GC(1412) Concurrent Mark Cycle 1198.695ms
.[4687.025s][info][gc,start       ] GC(1413) Pause Young (Prepare Mixed) (G1 Evacuation Pause)
[4687.025s][info][gc,task        ] GC(1413) Using 6 workers of 6 for evacuation
[4687.142s][info][gc,phases      ] GC(1413)   Pre Evacuate Collection Set: 0.36ms
[4687.142s][info][gc,phases      ] GC(1413)   Merge Heap Roots: 0.54ms
[4687.142s][info][gc,phases      ] GC(1413)   Evacuate Collection Set: 114.38ms
[4687.142s][info][gc,phases      ] GC(1413)   Post Evacuate Collection Set: 0.93ms
[4687.142s][info][gc,phases      ] GC(1413)   Other: 0.09ms
[4687.142s][info][gc,heap        ] GC(1413) Eden regions: 1112->0(1109)
[4687.142s][info][gc,heap        ] GC(1413) Survivor regions: 116->109(154)
[4687.142s][info][gc,heap        ] GC(1413) Old regions: 506->538
[4687.142s][info][gc,heap        ] GC(1413) Humongous regions: 80->80
[4687.142s][info][gc,metaspace   ] GC(1413) Metaspace: 28953K(29376K)->28953K(29376K) NonClass: 24084K(24256K)->24084K(24256K) Class: 4869K(5120K)->4869K(5120K)
[4687.142s][info][gc             ] GC(1413) Pause Young (Prepare Mixed) (G1 Evacuation Pause) 3625M->1451M(4096M) 116.430ms
[4687.142s][info][gc,cpu         ] GC(1413) User=0.69s Sys=0.00s Real=0.12s
..[4689.241s][info][gc,start       ] GC(1414) Pause Young (Mixed) (G1 Evacuation Pause)
[4689.241s][info][gc,task        ] GC(1414) Using 6 workers of 6 for evacuation
[4689.375s][info][gc,phases      ] GC(1414)   Pre Evacuate Collection Set: 0.38ms
[4689.375s][info][gc,phases      ] GC(1414)   Merge Heap Roots: 0.66ms
[4689.375s][info][gc,phases      ] GC(1414)   Evacuate Collection Set: 132.52ms
[4689.375s][info][gc,phases      ] GC(1414)   Post Evacuate Collection Set: 1.03ms
[4689.375s][info][gc,phases      ] GC(1414)   Other: 0.09ms
[4689.375s][info][gc,heap        ] GC(1414) Eden regions: 1109->0(1117)
[4689.375s][info][gc,heap        ] GC(1414) Survivor regions: 109->111(153)
[4689.375s][info][gc,heap        ] GC(1414) Old regions: 538->475
[4689.375s][info][gc,heap        ] GC(1414) Humongous regions: 80->80
[4689.375s][info][gc,metaspace   ] GC(1414) Metaspace: 28953K(29376K)->28953K(29376K) NonClass: 24084K(24256K)->24084K(24256K) Class: 4869K(5120K)->4869K(5120K)
[4689.375s][info][gc             ] GC(1414) Pause Young (Mixed) (G1 Evacuation Pause) 3669M->1328M(4096M) 134.812ms
[4689.375s][info][gc,cpu         ] GC(1414) User=0.80s Sys=0.00s Real=0.13s
..[4691.604s][info][gc,start       ] GC(1415) Pause Young (Concurrent Start) (G1 Evacuation Pause)
[4691.604s][info][gc,task        ] GC(1415) Using 6 workers of 6 for evacuation
[4691.726s][info][gc,phases      ] GC(1415)   Pre Evacuate Collection Set: 0.39ms
[4691.726s][info][gc,phases      ] GC(1415)   Merge Heap Roots: 0.45ms
[4691.726s][info][gc,phases      ] GC(1415)   Evacuate Collection Set: 119.61ms
[4691.726s][info][gc,phases      ] GC(1415)   Post Evacuate Collection Set: 0.88ms
[4691.726s][info][gc,phases      ] GC(1415)   Other: 0.13ms
[4691.726s][info][gc,heap        ] GC(1415) Eden regions: 1117->0(1114)
[4691.726s][info][gc,heap        ] GC(1415) Survivor regions: 111->114(154)
[4691.726s][info][gc,heap        ] GC(1415) Old regions: 475->506
[4691.726s][info][gc,heap        ] GC(1415) Humongous regions: 80->80
[4691.726s][info][gc,metaspace   ] GC(1415) Metaspace: 28953K(29376K)->28953K(29376K) NonClass: 24084K(24256K)->24084K(24256K) Class: 4869K(5120K)->4869K(5120K)
[4691.726s][info][gc             ] GC(1415) Pause Young (Concurrent Start) (G1 Evacuation Pause) 3562M->1398M(4096M) 121.611ms
[4691.726s][info][gc             ] GC(1416) Concurrent Mark Cycle
[4691.726s][info][gc,marking     ] GC(1416) Concurrent Scan Root Regions
[4691.726s][info][gc,cpu         ] GC(1415) User=0.72s Sys=0.00s Real=0.13s
.[4691.929s][info][gc,marking     ] GC(1416) Concurrent Scan Root Regions 202.675ms
[4691.929s][info][gc,marking     ] GC(1416) Concurrent Mark
[4691.929s][info][gc,marking     ] GC(1416) Concurrent Mark From Roots
[4691.929s][info][gc,task        ] GC(1416) Using 2 workers of 2 for marking
[4692.614s][info][gc,marking     ] GC(1416) Concurrent Mark From Roots 685.270ms
[4692.614s][info][gc,marking     ] GC(1416) Concurrent Preclean
[4692.614s][info][gc,marking     ] GC(1416) Concurrent Preclean 0.095ms
[4692.616s][info][gc,start       ] GC(1416) Pause Remark
[4692.621s][info][gc             ] GC(1416) Pause Remark 2198M->2198M(4096M) 5.211ms
[4692.621s][info][gc,cpu         ] GC(1416) User=0.03s Sys=0.00s Real=0.00s
[4692.622s][info][gc,marking     ] GC(1416) Concurrent Mark 692.716ms
[4692.622s][info][gc,marking     ] GC(1416) Concurrent Rebuild Remembered Sets and Scrub Regions
.[4692.997s][info][gc,marking     ] GC(1416) Concurrent Rebuild Remembered Sets and Scrub Regions 375.493ms
[4692.999s][info][gc,start       ] GC(1416) Pause Cleanup
[4692.999s][info][gc             ] GC(1416) Pause Cleanup 2566M->2566M(4096M) 0.148ms
[4692.999s][info][gc,cpu         ] GC(1416) User=0.00s Sys=0.00s Real=0.00s
[4692.999s][info][gc,marking     ] GC(1416) Concurrent Clear Claimed Marks
[4692.999s][info][gc,marking     ] GC(1416) Concurrent Clear Claimed Marks 0.030ms
[4692.999s][info][gc,marking     ] GC(1416) Concurrent Cleanup for Next Mark
[4693.098s][info][gc,marking     ] GC(1416) Concurrent Cleanup for Next Mark 98.846ms
[4693.098s][info][gc             ] GC(1416) Concurrent Mark Cycle 1372.052ms
[4693.822s][info][gc,start       ] GC(1417) Pause Young (Prepare Mixed) (G1 Evacuation Pause)
[4693.822s][info][gc,task        ] GC(1417) Using 6 workers of 6 for evacuation
[4693.940s][info][gc,phases      ] GC(1417)   Pre Evacuate Collection Set: 0.35ms
[4693.940s][info][gc,phases      ] GC(1417)   Merge Heap Roots: 0.50ms
[4693.940s][info][gc,phases      ] GC(1417)   Evacuate Collection Set: 115.29ms
[4693.940s][info][gc,phases      ] GC(1417)   Post Evacuate Collection Set: 0.94ms
[4693.940s][info][gc,phases      ] GC(1417)   Other: 0.09ms
[4693.940s][info][gc,heap        ] GC(1417) Eden regions: 1114->0(1105)
[4693.940s][info][gc,heap        ] GC(1417) Survivor regions: 114->111(154)
[4693.940s][info][gc,heap        ] GC(1417) Old regions: 506->538
[4693.940s][info][gc,heap        ] GC(1417) Humongous regions: 80->80
[4693.940s][info][gc,metaspace   ] GC(1417) Metaspace: 28953K(29376K)->28953K(29376K) NonClass: 24084K(24256K)->24084K(24256K) Class: 4869K(5120K)->4869K(5120K)
[4693.940s][info][gc             ] GC(1417) Pause Young (Prepare Mixed) (G1 Evacuation Pause) 3626M->1454M(4096M) 117.302ms
[4693.940s][info][gc,cpu         ] GC(1417) User=0.69s Sys=0.00s Real=0.12s
..[4695.928s][info][gc,start       ] GC(1418) Pause Young (Mixed) (G1 Evacuation Pause)
[4695.928s][info][gc,task        ] GC(1418) Using 6 workers of 6 for evacuation
[4696.064s][info][gc,phases      ] GC(1418)   Pre Evacuate Collection Set: 0.37ms
[4696.064s][info][gc,phases      ] GC(1418)   Merge Heap Roots: 0.69ms
[4696.064s][info][gc,phases      ] GC(1418)   Evacuate Collection Set: 133.90ms
[4696.064s][info][gc,phases      ] GC(1418)   Post Evacuate Collection Set: 0.95ms
[4696.064s][info][gc,phases      ] GC(1418)   Other: 0.09ms
[4696.064s][info][gc,heap        ] GC(1418) Eden regions: 1105->0(1117)
[4696.064s][info][gc,heap        ] GC(1418) Survivor regions: 111->111(152)
[4696.064s][info][gc,heap        ] GC(1418) Old regions: 538->473
[4696.064s][info][gc,heap        ] GC(1418) Humongous regions: 80->80
[4696.064s][info][gc,metaspace   ] GC(1418) Metaspace: 28953K(29376K)->28953K(29376K) NonClass: 24084K(24256K)->24084K(24256K) Class: 4869K(5120K)->4869K(5120K)
[4696.064s][info][gc             ] GC(1418) Pause Young (Mixed) (G1 Evacuation Pause) 3664M->1325M(4096M) 136.119ms
[4696.064s][info][gc,cpu         ] GC(1418) User=0.80s Sys=0.00s Real=0.13s
. (rIR:aIR:PR = 8441:8402:8402) (tPR = 124103) [OK] 
  4695s: Performance info:
         Transaction,    Success,    Partial,     Failed,   Receipts, AvgBarcode, 
             Overall,     510309,          0,          0,     484800,      59.47, 
         Response times:
             Request,    Success,    Partial,     Failed,   SkipFail,     Probes,    Samples,      min,      p50,      p90,      p95,      p99,      max, 
       TotalPurchase,     484798,          0,          0,          0,     348478,     440591,      300,     8200,   152000,   192000,   397000,   750000,
     InStorePurchase,     255020,          0,          0,          0,     182548,     230890,      300,     8200,   152000,   193000,   391000,   750000,
      OnlinePurchase,     178237,          0,          0,          0,     128929,     162894,      300,     8000,   151000,   188000,   397000,   730000,
        InstPurchase,      51541,          0,          0,          0,      37001,      46807,      500,     8600,   155000,   195000,   419000,   650000,
          AssocOfCat,        514,          0,          0,          0,        420,        631,    25000,    54000,   204800,   244000,   421680,   540000,
      AssocOfProduct,       5124,          0,          0,          0,       3530,       4643,      600,     8100,   154000,   191000,   432000,   505000,
      BusinessReport,       1280,          0,          0,          0,       1097,       1522,    28000,    56000,   194700,   230850,   380470,   565000,
          CustBuyBeh,       5139,          0,          0,          0,       3454,       4640,      200,     9400,   159000,   197000,   440000,   505000,
       ProductReturn,      13436,          0,          0,          0,       9158,      11665,      300,     8500,   155000,   193000,   379440,   690000,

  4695s: (62%)   IR =   8579 .[4698.165s][info][gc,start       ] GC(1419) Pause Young (Concurrent Start) (G1 Evacuation Pause)
[4698.165s][info][gc,task        ] GC(1419) Using 6 workers of 6 for evacuation
[4698.282s][info][gc,phases      ] GC(1419)   Pre Evacuate Collection Set: 0.38ms
[4698.282s][info][gc,phases      ] GC(1419)   Merge Heap Roots: 0.50ms
[4698.282s][info][gc,phases      ] GC(1419)   Evacuate Collection Set: 114.98ms
[4698.282s][info][gc,phases      ] GC(1419)   Post Evacuate Collection Set: 0.97ms
[4698.282s][info][gc,phases      ] GC(1419)   Other: 0.11ms
[4698.282s][info][gc,heap        ] GC(1419) Eden regions: 1117->0(1119)
[4698.282s][info][gc,heap        ] GC(1419) Survivor regions: 111->109(154)
[4698.282s][info][gc,heap        ] GC(1419) Old regions: 473->505
[4698.282s][info][gc,heap        ] GC(1419) Humongous regions: 80->80
[4698.282s][info][gc,metaspace   ] GC(1419) Metaspace: 28955K(29376K)->28955K(29376K) NonClass: 24085K(24256K)->24085K(24256K) Class: 4869K(5120K)->4869K(5120K)
[4698.282s][info][gc             ] GC(1419) Pause Young (Concurrent Start) (G1 Evacuation Pause) 3559M->1385M(4096M) 117.071ms
[4698.282s][info][gc             ] GC(1420) Concurrent Mark Cycle
[4698.282s][info][gc,marking     ] GC(1420) Concurrent Scan Root Regions
[4698.282s][info][gc,cpu         ] GC(1419) User=0.69s Sys=0.00s Real=0.12s
.[4698.449s][info][gc,marking     ] GC(1420) Concurrent Scan Root Regions 167.579ms
[4698.449s][info][gc,marking     ] GC(1420) Concurrent Mark
[4698.449s][info][gc,marking     ] GC(1420) Concurrent Mark From Roots
[4698.449s][info][gc,task        ] GC(1420) Using 2 workers of 2 for marking
.[4699.479s][info][gc,marking     ] GC(1420) Concurrent Mark From Roots 1029.427ms
[4699.479s][info][gc,marking     ] GC(1420) Concurrent Preclean
[4699.479s][info][gc,marking     ] GC(1420) Concurrent Preclean 0.158ms
[4699.483s][info][gc,start       ] GC(1420) Pause Remark
[4699.491s][info][gc             ] GC(1420) Pause Remark 2571M->2571M(4096M) 8.119ms
[4699.491s][info][gc,cpu         ] GC(1420) User=0.05s Sys=0.00s Real=0.01s
[4699.491s][info][gc,marking     ] GC(1420) Concurrent Mark 1042.085ms
[4699.491s][info][gc,marking     ] GC(1420) Concurrent Rebuild Remembered Sets and Scrub Regions
[4699.852s][info][gc,marking     ] GC(1420) Concurrent Rebuild Remembered Sets and Scrub Regions 360.141ms
[4699.852s][info][gc,start       ] GC(1420) Pause Cleanup
[4699.852s][info][gc             ] GC(1420) Pause Cleanup 2948M->2948M(4096M) 0.121ms
[4699.852s][info][gc,cpu         ] GC(1420) User=0.00s Sys=0.00s Real=0.00s
[4699.852s][info][gc,marking     ] GC(1420) Concurrent Clear Claimed Marks
[4699.852s][info][gc,marking     ] GC(1420) Concurrent Clear Claimed Marks 0.023ms
[4699.852s][info][gc,marking     ] GC(1420) Concurrent Cleanup for Next Mark
[4699.858s][info][gc,marking     ] GC(1420) Concurrent Cleanup for Next Mark 6.314ms
[4699.858s][info][gc             ] GC(1420) Concurrent Mark Cycle 1576.646ms
[4700.339s][info][gc,start       ] GC(1421) Pause Young (Prepare Mixed) (G1 Evacuation Pause)
[4700.339s][info][gc,task        ] GC(1421) Using 6 workers of 6 for evacuation
[4700.464s][info][gc,phases      ] GC(1421)   Pre Evacuate Collection Set: 0.32ms
[4700.464s][info][gc,phases      ] GC(1421)   Merge Heap Roots: 0.57ms
[4700.464s][info][gc,phases      ] GC(1421)   Evacuate Collection Set: 123.24ms
[4700.464s][info][gc,phases      ] GC(1421)   Post Evacuate Collection Set: 0.92ms
[4700.464s][info][gc,phases      ] GC(1421)   Other: 0.10ms
[4700.464s][info][gc,heap        ] GC(1421) Eden regions: 1119->0(1096)
[4700.464s][info][gc,heap        ] GC(1421) Survivor regions: 109->116(154)
[4700.464s][info][gc,heap        ] GC(1421) Old regions: 505->537
[4700.464s][info][gc,heap        ] GC(1421) Humongous regions: 80->80
[4700.464s][info][gc,metaspace   ] GC(1421) Metaspace: 28955K(29376K)->28955K(29376K) NonClass: 24085K(24256K)->24085K(24256K) Class: 4869K(5120K)->4869K(5120K)
[4700.464s][info][gc             ] GC(1421) Pause Young (Prepare Mixed) (G1 Evacuation Pause) 3623M->1462M(4096M) 125.286ms
[4700.464s][info][gc,cpu         ] GC(1421) User=0.74s Sys=0.00s Real=0.12s
..[4702.487s][info][gc,start       ] GC(1422) Pause Young (Mixed) (G1 Evacuation Pause)
[4702.487s][info][gc,task        ] GC(1422) Using 6 workers of 6 for evacuation
[4702.623s][info][gc,phases      ] GC(1422)   Pre Evacuate Collection Set: 0.39ms
[4702.623s][info][gc,phases      ] GC(1422)   Merge Heap Roots: 0.78ms
[4702.623s][info][gc,phases      ] GC(1422)   Evacuate Collection Set: 132.66ms
[4702.623s][info][gc,phases      ] GC(1422)   Post Evacuate Collection Set: 0.98ms
[4702.623s][info][gc,phases      ] GC(1422)   Other: 0.81ms
[4702.623s][info][gc,heap        ] GC(1422) Eden regions: 1096->0(1119)
[4702.623s][info][gc,heap        ] GC(1422) Survivor regions: 116->109(152)
[4702.623s][info][gc,heap        ] GC(1422) Old regions: 537->473
[4702.623s][info][gc,heap        ] GC(1422) Humongous regions: 80->80
[4702.623s][info][gc,metaspace   ] GC(1422) Metaspace: 28955K(29376K)->28955K(29376K) NonClass: 24085K(24256K)->24085K(24256K) Class: 4869K(5120K)->4869K(5120K)
[4702.623s][info][gc             ] GC(1422) Pause Young (Mixed) (G1 Evacuation Pause) 3654M->1321M(4096M) 135.755ms
[4702.623s][info][gc,cpu         ] GC(1422) User=0.80s Sys=0.00s Real=0.13s
...[4704.755s][info][gc,start       ] GC(1423) Pause Young (Concurrent Start) (G1 Evacuation Pause)
[4704.755s][info][gc,task        ] GC(1423) Using 6 workers of 6 for evacuation
[4704.878s][info][gc,phases      ] GC(1423)   Pre Evacuate Collection Set: 0.41ms
[4704.878s][info][gc,phases      ] GC(1423)   Merge Heap Roots: 0.46ms
[4704.878s][info][gc,phases      ] GC(1423)   Evacuate Collection Set: 121.09ms
[4704.878s][info][gc,phases      ] GC(1423)   Post Evacuate Collection Set: 0.95ms
[4704.878s][info][gc,phases      ] GC(1423)   Other: 0.10ms
[4704.878s][info][gc,heap        ] GC(1423) Eden regions: 1119->0(1113)
[4704.878s][info][gc,heap        ] GC(1423) Survivor regions: 109->115(154)
[4704.878s][info][gc,heap        ] GC(1423) Old regions: 473->505
[4704.878s][info][gc,heap        ] GC(1423) Humongous regions: 80->80
[4704.878s][info][gc,metaspace   ] GC(1423) Metaspace: 28955K(29376K)->28955K(29376K) NonClass: 24085K(24256K)->24085K(24256K) Class: 4869K(5120K)->4869K(5120K)
[4704.878s][info][gc             ] GC(1423) Pause Young (Concurrent Start) (G1 Evacuation Pause) 3559M->1397M(4096M) 123.135ms
[4704.878s][info][gc             ] GC(1424) Concurrent Mark Cycle
[4704.878s][info][gc,marking     ] GC(1424) Concurrent Scan Root Regions
[4704.878s][info][gc,cpu         ] GC(1423) User=0.73s Sys=0.00s Real=0.13s
[4705.077s][info][gc,marking     ] GC(1424) Concurrent Scan Root Regions 198.954ms
[4705.077s][info][gc,marking     ] GC(1424) Concurrent Mark
[4705.077s][info][gc,marking     ] GC(1424) Concurrent Mark From Roots
[4705.077s][info][gc,task        ] GC(1424) Using 2 workers of 2 for marking
.[4706.125s][info][gc,marking     ] GC(1424) Concurrent Mark From Roots 1047.924ms
[4706.125s][info][gc,marking     ] GC(1424) Concurrent Preclean
[4706.125s][info][gc,marking     ] GC(1424) Concurrent Preclean 0.110ms
[4706.126s][info][gc,start       ] GC(1424) Pause Remark
[4706.132s][info][gc             ] GC(1424) Pause Remark 2596M->2596M(4096M) 5.951ms
[4706.132s][info][gc,cpu         ] GC(1424) User=0.03s Sys=0.00s Real=0.01s
[4706.133s][info][gc,marking     ] GC(1424) Concurrent Mark 1055.747ms
[4706.133s][info][gc,marking     ] GC(1424) Concurrent Rebuild Remembered Sets and Scrub Regions
[4706.519s][info][gc,marking     ] GC(1424) Concurrent Rebuild Remembered Sets and Scrub Regions 386.544ms
[4706.520s][info][gc,start       ] GC(1424) Pause Cleanup
[4706.520s][info][gc             ] GC(1424) Pause Cleanup 3051M->3051M(4096M) 0.120ms
[4706.520s][info][gc,cpu         ] GC(1424) User=0.00s Sys=0.00s Real=0.00s
[4706.521s][info][gc,marking     ] GC(1424) Concurrent Clear Claimed Marks
[4706.521s][info][gc,marking     ] GC(1424) Concurrent Clear Claimed Marks 0.039ms
[4706.521s][info][gc,marking     ] GC(1424) Concurrent Cleanup for Next Mark
[4706.526s][info][gc,marking     ] GC(1424) Concurrent Cleanup for Next Mark 5.064ms
[4706.526s][info][gc             ] GC(1424) Concurrent Mark Cycle 1648.614ms
.[4706.947s][info][gc,start       ] GC(1425) Pause Young (Prepare Mixed) (G1 Evacuation Pause)
[4706.947s][info][gc,task        ] GC(1425) Using 6 workers of 6 for evacuation
[4707.063s][info][gc,phases      ] GC(1425)   Pre Evacuate Collection Set: 0.34ms
[4707.063s][info][gc,phases      ] GC(1425)   Merge Heap Roots: 0.52ms
[4707.063s][info][gc,phases      ] GC(1425)   Evacuate Collection Set: 113.83ms
[4707.063s][info][gc,phases      ] GC(1425)   Post Evacuate Collection Set: 0.96ms
[4707.063s][info][gc,phases      ] GC(1425)   Other: 0.09ms
[4707.063s][info][gc,heap        ] GC(1425) Eden regions: 1113->0(1113)
[4707.063s][info][gc,heap        ] GC(1425) Survivor regions: 115->108(154)
[4707.063s][info][gc,heap        ] GC(1425) Old regions: 505->536
[4707.063s][info][gc,heap        ] GC(1425) Humongous regions: 80->80
[4707.063s][info][gc,metaspace   ] GC(1425) Metaspace: 28955K(29376K)->28955K(29376K) NonClass: 24085K(24256K)->24085K(24256K) Class: 4869K(5120K)->4869K(5120K)
[4707.063s][info][gc             ] GC(1425) Pause Young (Prepare Mixed) (G1 Evacuation Pause) 3623M->1445M(4096M) 115.888ms
[4707.063s][info][gc,cpu         ] GC(1425) User=0.68s Sys=0.00s Real=0.11s
..|[4709.079s][info][gc,start       ] GC(1426) Pause Young (Mixed) (G1 Evacuation Pause)
[4709.079s][info][gc,task        ] GC(1426) Using 6 workers of 6 for evacuation
[4709.215s][info][gc,phases      ] GC(1426)   Pre Evacuate Collection Set: 0.35ms
[4709.215s][info][gc,phases      ] GC(1426)   Merge Heap Roots: 0.70ms
[4709.215s][info][gc,phases      ] GC(1426)   Evacuate Collection Set: 133.88ms
[4709.215s][info][gc,phases      ] GC(1426)   Post Evacuate Collection Set: 0.92ms
[4709.215s][info][gc,phases      ] GC(1426)   Other: 0.09ms
[4709.215s][info][gc,heap        ] GC(1426) Eden regions: 1113->0(1118)
[4709.215s][info][gc,heap        ] GC(1426) Survivor regions: 108->110(153)
[4709.215s][info][gc,heap        ] GC(1426) Old regions: 536->474
[4709.215s][info][gc,heap        ] GC(1426) Humongous regions: 80->80
[4709.215s][info][gc,metaspace   ] GC(1426) Metaspace: 28955K(29376K)->28955K(29376K) NonClass: 24085K(24256K)->24085K(24256K) Class: 4869K(5120K)->4869K(5120K)
[4709.215s][info][gc             ] GC(1426) Pause Young (Mixed) (G1 Evacuation Pause) 3671M->1324M(4096M) 136.060ms
[4709.215s][info][gc,cpu         ] GC(1426) User=0.80s Sys=0.00s Real=0.13s
..[4711.133s][info][gc,start       ] GC(1427) Pause Young (Concurrent Start) (G1 Evacuation Pause)
[4711.133s][info][gc,task        ] GC(1427) Using 6 workers of 6 for evacuation
[4711.252s][info][gc,phases      ] GC(1427)   Pre Evacuate Collection Set: 0.38ms
[4711.252s][info][gc,phases      ] GC(1427)   Merge Heap Roots: 0.54ms
[4711.252s][info][gc,phases      ] GC(1427)   Evacuate Collection Set: 117.76ms
[4711.252s][info][gc,phases      ] GC(1427)   Post Evacuate Collection Set: 0.89ms
[4711.252s][info][gc,phases      ] GC(1427)   Other: 0.09ms
[4711.252s][info][gc,heap        ] GC(1427) Eden regions: 1118->0(1116)
[4711.252s][info][gc,heap        ] GC(1427) Survivor regions: 110->112(154)
[4711.252s][info][gc,heap        ] GC(1427) Old regions: 474->505
[4711.252s][info][gc,heap        ] GC(1427) Humongous regions: 80->80
[4711.252s][info][gc,metaspace   ] GC(1427) Metaspace: 28955K(29376K)->28955K(29376K) NonClass: 24085K(24256K)->24085K(24256K) Class: 4869K(5120K)->4869K(5120K)
[4711.253s][info][gc             ] GC(1427) Pause Young (Concurrent Start) (G1 Evacuation Pause) 3560M->1392M(4096M) 119.822ms
[4711.253s][info][gc             ] GC(1428) Concurrent Mark Cycle
[4711.253s][info][gc,marking     ] GC(1428) Concurrent Scan Root Regions
[4711.253s][info][gc,cpu         ] GC(1427) User=0.71s Sys=0.00s Real=0.12s
[4711.467s][info][gc,marking     ] GC(1428) Concurrent Scan Root Regions 213.959ms
[4711.467s][info][gc,marking     ] GC(1428) Concurrent Mark
[4711.467s][info][gc,marking     ] GC(1428) Concurrent Mark From Roots
[4711.467s][info][gc,task        ] GC(1428) Using 2 workers of 2 for marking
.[4712.504s][info][gc,marking     ] GC(1428) Concurrent Mark From Roots 1037.646ms
[4712.504s][info][gc,marking     ] GC(1428) Concurrent Preclean
[4712.504s][info][gc,marking     ] GC(1428) Concurrent Preclean 0.103ms
[4712.506s][info][gc,start       ] GC(1428) Pause Remark
[4712.510s][info][gc             ] GC(1428) Pause Remark 2628M->2628M(4096M) 4.087ms
