[0.002s][info][gc,init] CardTable entry size: 512
[0.002s][info][gc     ] Using G1
[0.009s][info][gc,init] Version: 24-internal-adhoc.thomas.source (release)
[0.009s][info][gc,init] CPUs: 8 total, 6 available
[0.009s][info][gc,init] Memory: 15662M
[0.009s][info][gc,init] Large Page Support: Disabled
[0.009s][info][gc,init] NUMA Support: Disabled
[0.009s][info][gc,init] Compressed Oops: Enabled (Zero based)
[0.009s][info][gc,init] Heap Region Size: 2M
[0.009s][info][gc,init] Heap Min Capacity: 4G
[0.009s][info][gc,init] Heap Initial Capacity: 4G
[0.009s][info][gc,init] Heap Max Capacity: 4G
[0.009s][info][gc,init] Pre-touch: Disabled
[0.009s][info][gc,init] Parallel Workers: 6
[0.010s][info][gc,init] Concurrent Workers: 2
[0.010s][info][gc,init] Concurrent Refinement Workers: 6
[0.010s][info][gc,init] Periodic GC: Disabled
[0.010s][info][gc,metaspace] CDS archive(s) not mapped
[0.010s][info][gc,metaspace] Compressed class space mapped at: 0x0000000040000000-0x0000000080000000, reserved size: 1073741824
[0.010s][info][gc,metaspace] UseCompressedClassPointers 1, UseCompactObjectHeaders 1, narrow klass pointer bits 22, max shift 10
[0.010s][info][gc,metaspace] Narrow klass base: 0x0000000040000000, Narrow klass shift: 9, Narrow klass range: 0x40000000

SPECjbb2015 Java Business Benchmark
 (c) Standard Performance Evaluation Corporation, 2015

Preparing to launch All-in-one SPECjbb2015.

Reading property file: /shared/projects/openjdk/analysis/lilliput-benefits/specjbb/results-COH-ON-G1-with-perf-3/./config/specjbb2015.props

     0s: Enumerating plugins...
     0s:    Connectivity:
     0s:             HTTP_Grizzly: Grizzly HTTP server, JDK HTTP client
     0s:              NIO_Grizzly: Grizzly NIO server, Grizzly NIO client
     0s:               HTTP_Jetty: Jetty HTTP server, JDK HTTP client
     0s:    Snapshot:
     0s:                 InMemory: Stores snapshots in heap memory
     0s:    Data Writers:
     0s:                     Demo: Send all frame to listener
     0s:                   InFile: Writing Data into file
     0s:                   Silent: Drop all frames
     0s: 
     0s: Kit validation is skipped.
     0s: Tests are skipped.
     0s: 
     0s: [0.846s][info][gc,start    ] GC(0) Pause Young (Normal) (G1 Evacuation Pause)
[0.847s][info][gc,task     ] GC(0) Using 6 workers of 6 for evacuation
[0.852s][info][gc,phases   ] GC(0)   Pre Evacuate Collection Set: 0.31ms
[0.852s][info][gc,phases   ] GC(0)   Merge Heap Roots: 0.08ms
[0.852s][info][gc,phases   ] GC(0)   Evacuate Collection Set: 4.22ms
[0.852s][info][gc,phases   ] GC(0)   Post Evacuate Collection Set: 0.48ms
[0.852s][info][gc,phases   ] GC(0)   Other: 0.46ms
[0.852s][info][gc,heap     ] GC(0) Eden regions: 102->0(99)
[0.852s][info][gc,heap     ] GC(0) Survivor regions: 0->3(13)
[0.852s][info][gc,heap     ] GC(0) Old regions: 0->0
[0.852s][info][gc,heap     ] GC(0) Humongous regions: 0->0
[0.852s][info][gc,metaspace] GC(0) Metaspace: 21088K(21312K)->21088K(21312K) NonClass: 17088K(17216K)->17088K(17216K) Class: 3999K(4096K)->3999K(4096K)
[0.852s][info][gc          ] GC(0) Pause Young (Normal) (G1 Evacuation Pause) 204M->4M(4096M) 5.771ms
[0.852s][info][gc,cpu      ] GC(0) User=0.02s Sys=0.01s Real=0.00s
[1.004s][info][gc,start    ] GC(1) Pause Young (Concurrent Start) (Metadata GC Threshold)
[1.004s][info][gc,task     ] GC(1) Using 6 workers of 6 for evacuation
[1.007s][info][gc,phases   ] GC(1)   Pre Evacuate Collection Set: 0.34ms
[1.007s][info][gc,phases   ] GC(1)   Merge Heap Roots: 0.03ms
[1.007s][info][gc,phases   ] GC(1)   Evacuate Collection Set: 2.48ms
[1.007s][info][gc,phases   ] GC(1)   Post Evacuate Collection Set: 0.33ms
[1.007s][info][gc,phases   ] GC(1)   Other: 0.06ms
[1.007s][info][gc,heap     ] GC(1) Eden regions: 47->0(99)
[1.007s][info][gc,heap     ] GC(1) Survivor regions: 3->3(13)
[1.007s][info][gc,heap     ] GC(1) Old regions: 0->0
[1.007s][info][gc,heap     ] GC(1) Humongous regions: 0->0
[1.007s][info][gc,metaspace] GC(1) Metaspace: 21406K(21504K)->21406K(21504K) NonClass: 17378K(17408K)->17378K(17408K) Class: 4028K(4096K)->4028K(4096K)
[1.007s][info][gc          ] GC(1) Pause Young (Concurrent Start) (Metadata GC Threshold) 98M->5M(4096M) 3.364ms
[1.007s][info][gc,cpu      ] GC(1) User=0.02s Sys=0.00s Real=0.00s
[1.007s][info][gc          ] GC(2) Concurrent Mark Cycle
[1.008s][info][gc,marking  ] GC(2) Concurrent Scan Root Regions
[1.010s][info][gc,marking  ] GC(2) Concurrent Scan Root Regions 2.140ms
[1.010s][info][gc,marking  ] GC(2) Concurrent Mark
[1.010s][info][gc,marking  ] GC(2) Concurrent Mark From Roots
[1.010s][info][gc,task     ] GC(2) Using 2 workers of 2 for marking
[1.010s][info][gc,marking  ] GC(2) Concurrent Mark From Roots 0.763ms
[1.010s][info][gc,marking  ] GC(2) Concurrent Preclean
[1.010s][info][gc,marking  ] GC(2) Concurrent Preclean 0.008ms
[1.011s][info][gc,start    ] GC(2) Pause Remark
[1.011s][info][gc          ] GC(2) Pause Remark 6M->6M(4096M) 0.833ms
[1.011s][info][gc,cpu      ] GC(2) User=0.00s Sys=0.00s Real=0.00s
[1.011s][info][gc,marking  ] GC(2) Concurrent Mark 1.717ms
[1.011s][info][gc,marking  ] GC(2) Concurrent Rebuild Remembered Sets and Scrub Regions
[1.011s][info][gc,marking  ] GC(2) Concurrent Rebuild Remembered Sets and Scrub Regions 0.081ms
[1.012s][info][gc,start    ] GC(2) Pause Cleanup
[1.012s][info][gc          ] GC(2) Pause Cleanup 6M->6M(4096M) 0.010ms
[1.012s][info][gc,cpu      ] GC(2) User=0.00s Sys=0.00s Real=0.00s
[1.012s][info][gc,marking  ] GC(2) Concurrent Clear Claimed Marks
[1.012s][info][gc,marking  ] GC(2) Concurrent Clear Claimed Marks 0.010ms
[1.012s][info][gc,marking  ] GC(2) Concurrent Cleanup for Next Mark
[1.017s][info][gc,marking  ] GC(2) Concurrent Cleanup for Next Mark 5.879ms
[1.018s][info][gc          ] GC(2) Concurrent Mark Cycle 10.026ms
Ladies and gentlemen, this is your Controller speaking.
     0s: We are delighted in having you for benchmark run today.
     0s: 
     0s: Binary log file is ./specjbb2015-C-20240906-00001.data.gz
     0s: 
     0s: Performing handshake with all agents ...
     0s: 
     0s:  Agent Group1.TxInjector.CompositeTxInjector has attached to Controller
     0s:  Agent Group1.Backend.CompositeBackend has attached to Controller
     0s: 
     0s: All agents have connected.
     0s: 
     0s: Attached agents info:

Group "Group1"
    TxInjectors:
        CompositeTxInjector, includes { Driver } @ [local in-Java link]
    Backends:
        CompositeBackend, includes { SM(2),SP(2) } @ [local in-Java link]

     0s: Initializing... (init[1.192s][info][gc,start    ] GC(3) Pause Young (Normal) (G1 Evacuation Pause)
[1.192s][info][gc,task     ] GC(3) Using 6 workers of 6 for evacuation
[1.254s][info][gc,phases   ] GC(3)   Pre Evacuate Collection Set: 0.31ms
[1.254s][info][gc,phases   ] GC(3)   Merge Heap Roots: 0.07ms
[1.254s][info][gc,phases   ] GC(3)   Evacuate Collection Set: 61.66ms
[1.254s][info][gc,phases   ] GC(3)   Post Evacuate Collection Set: 0.64ms
[1.254s][info][gc,phases   ] GC(3)   Other: 0.07ms
[1.254s][info][gc,heap     ] GC(3) Eden regions: 99->0(89)
[1.254s][info][gc,heap     ] GC(3) Survivor regions: 3->13(13)
[1.254s][info][gc,heap     ] GC(3) Old regions: 0->52
[1.254s][info][gc,heap     ] GC(3) Humongous regions: 15->15
[1.254s][info][gc,metaspace] GC(3) Metaspace: 22644K(22848K)->22644K(22848K) NonClass: 18383K(18496K)->18383K(18496K) Class: 4261K(4352K)->4261K(4352K)
[1.254s][info][gc          ] GC(3) Pause Young (Normal) (G1 Evacuation Pause) 233M->160M(4096M) 62.876ms
[1.254s][info][gc,cpu      ] GC(3) User=0.29s Sys=0.08s Real=0.07s
[1.364s][info][gc,start    ] GC(4) Pause Young (Normal) (G1 Evacuation Pause)
[1.364s][info][gc,task     ] GC(4) Using 6 workers of 6 for evacuation
[1.437s][info][gc,phases   ] GC(4)   Pre Evacuate Collection Set: 0.32ms
[1.437s][info][gc,phases   ] GC(4)   Merge Heap Roots: 0.26ms
[1.437s][info][gc,phases   ] GC(4)   Evacuate Collection Set: 71.72ms
[1.437s][info][gc,phases   ] GC(4)   Post Evacuate Collection Set: 0.49ms
[1.437s][info][gc,phases   ] GC(4)   Other: 0.05ms
[1.437s][info][gc,heap     ] GC(4) Eden regions: 89->0(89)
[1.437s][info][gc,heap     ] GC(4) Survivor regions: 13->13(13)
[1.437s][info][gc,heap     ] GC(4) Old regions: 52->119
[1.437s][info][gc,heap     ] GC(4) Humongous regions: 15->15
[1.437s][info][gc,metaspace] GC(4) Metaspace: 22677K(22848K)->22677K(22848K) NonClass: 18415K(18496K)->18415K(18496K) Class: 4261K(4352K)->4261K(4352K)
[1.437s][info][gc          ] GC(4) Pause Young (Normal) (G1 Evacuation Pause) 338M->293M(4096M) 72.963ms
[1.437s][info][gc,cpu      ] GC(4) User=0.39s Sys=0.03s Real=0.07s
[1.522s][info][gc,start    ] GC(5) Pause Young (Normal) (G1 Evacuation Pause)
[1.522s][info][gc,task     ] GC(5) Using 6 workers of 6 for evacuation
[1.594s][info][gc,phases   ] GC(5)   Pre Evacuate Collection Set: 0.34ms
[1.594s][info][gc,phases   ] GC(5)   Merge Heap Roots: 0.11ms
[1.594s][info][gc,phases   ] GC(5)   Evacuate Collection Set: 71.58ms
[1.594s][info][gc,phases   ] GC(5)   Post Evacuate Collection Set: 0.24ms
[1.594s][info][gc,phases   ] GC(5)   Other: 0.05ms
[1.594s][info][gc,heap     ] GC(5) Eden regions: 89->0(89)
[1.594s][info][gc,heap     ] GC(5) Survivor regions: 13->13(13)
[1.594s][info][gc,heap     ] GC(5) Old regions: 119->192
[1.594s][info][gc,heap     ] GC(5) Humongous regions: 17->17
[1.594s][info][gc,metaspace] GC(5) Metaspace: 22688K(22848K)->22688K(22848K) NonClass: 18426K(18496K)->18426K(18496K) Class: 4261K(4352K)->4261K(4352K)
[1.594s][info][gc          ] GC(5) Pause Young (Normal) (G1 Evacuation Pause) 475M->444M(4096M) 72.450ms
[1.594s][info][gc,cpu      ] GC(5) User=0.40s Sys=0.02s Real=0.08s
[1.639s][info][gc,start    ] GC(6) Pause Young (Normal) (G1 Evacuation Pause)
[1.639s][info][gc,task     ] GC(6) Using 6 workers of 6 for evacuation
[1.709s][info][gc,phases   ] GC(6)   Pre Evacuate Collection Set: 0.34ms
[1.709s][info][gc,phases   ] GC(6)   Merge Heap Roots: 0.12ms
[1.709s][info][gc,phases   ] GC(6)   Evacuate Collection Set: 69.86ms
[1.709s][info][gc,phases   ] GC(6)   Post Evacuate Collection Set: 0.21ms
[1.709s][info][gc,phases   ] GC(6)   Other: 0.05ms
[1.709s][info][gc,heap     ] GC(6) Eden regions: 89->0(89)
[1.709s][info][gc,heap     ] GC(6) Survivor regions: 13->13(13)
[1.709s][info][gc,heap     ] GC(6) Old regions: 192->269
[1.709s][info][gc,heap     ] GC(6) Humongous regions: 19->19
[1.709s][info][gc,metaspace] GC(6) Metaspace: 22690K(22848K)->22690K(22848K) NonClass: 18428K(18496K)->18428K(18496K) Class: 4261K(4352K)->4261K(4352K)
[1.709s][info][gc          ] GC(6) Pause Young (Normal) (G1 Evacuation Pause) 626M->602M(4096M) 70.749ms
[1.709s][info][gc,cpu      ] GC(6) User=0.40s Sys=0.03s Real=0.07s
[1.773s][info][gc,start    ] GC(7) Pause Young (Normal) (G1 Evacuation Pause)
[1.773s][info][gc,task     ] GC(7) Using 6 workers of 6 for evacuation
[1.845s][info][gc,phases   ] GC(7)   Pre Evacuate Collection Set: 0.34ms
[1.845s][info][gc,phases   ] GC(7)   Merge Heap Roots: 0.07ms
[1.845s][info][gc,phases   ] GC(7)   Evacuate Collection Set: 71.06ms
[1.845s][info][gc,phases   ] GC(7)   Post Evacuate Collection Set: 0.21ms
[1.845s][info][gc,phases   ] GC(7)   Other: 0.06ms
[1.845s][info][gc,heap     ] GC(7) Eden regions: 89->0(89)
[1.845s][info][gc,heap     ] GC(7) Survivor regions: 13->13(13)
[1.845s][info][gc,heap     ] GC(7) Old regions: 269->345
[1.845s][info][gc,heap     ] GC(7) Humongous regions: 19->19
[1.845s][info][gc,metaspace] GC(7) Metaspace: 22699K(22912K)->22699K(22912K) NonClass: 18438K(18560K)->18438K(18560K) Class: 4261K(4352K)->4261K(4352K)
[1.845s][info][gc          ] GC(7) Pause Young (Normal) (G1 Evacuation Pause) 780M->753M(4096M) 71.875ms
[1.845s][info][gc,cpu      ] GC(7) User=0.38s Sys=0.03s Real=0.07s
[2.135s][info][gc,start    ] GC(8) Pause Young (Normal) (G1 Evacuation Pause)
[2.135s][info][gc,task     ] GC(8) Using 6 workers of 6 for evacuation
[2.222s][info][gc,phases   ] GC(8)   Pre Evacuate Collection Set: 0.38ms
[2.222s][info][gc,phases   ] GC(8)   Merge Heap Roots: 0.11ms
[2.223s][info][gc,phases   ] GC(8)   Evacuate Collection Set: 86.14ms
[2.223s][info][gc,phases   ] GC(8)   Post Evacuate Collection Set: 0.33ms
[2.223s][info][gc,phases   ] GC(8)   Other: 0.06ms
[2.223s][info][gc,heap     ] GC(8) Eden regions: 89->0(89)
[2.223s][info][gc,heap     ] GC(8) Survivor regions: 13->13(13)
[2.223s][info][gc,heap     ] GC(8) Old regions: 345->397
[2.223s][info][gc,heap     ] GC(8) Humongous regions: 26->26
[2.223s][info][gc,metaspace] GC(8) Metaspace: 22751K(22976K)->22751K(22976K) NonClass: 18486K(18560K)->18486K(18560K) Class: 4264K(4416K)->4264K(4416K)
[2.223s][info][gc          ] GC(8) Pause Young (Normal) (G1 Evacuation Pause) 945M->871M(4096M) 87.202ms
[2.223s][info][gc,cpu      ] GC(8) User=0.50s Sys=0.01s Real=0.08s
[2.356s][info][gc,start    ] GC(9) Pause Young (Normal) (G1 Evacuation Pause)
[2.356s][info][gc,task     ] GC(9) Using 6 workers of 6 for evacuation
[2.466s][info][gc,phases   ] GC(9)   Pre Evacuate Collection Set: 0.34ms
[2.466s][info][gc,phases   ] GC(9)   Merge Heap Roots: 0.28ms
[2.466s][info][gc,phases   ] GC(9)   Evacuate Collection Set: 109.03ms
[2.466s][info][gc,phases   ] GC(9)   Post Evacuate Collection Set: 0.28ms
[2.466s][info][gc,phases   ] GC(9)   Other: 0.05ms
[2.466s][info][gc,heap     ] GC(9) Eden regions: 89->0(89)
[2.466s][info][gc,heap     ] GC(9) Survivor regions: 13->13(13)
[2.466s][info][gc,heap     ] GC(9) Old regions: 397->461
[2.466s][info][gc,heap     ] GC(9) Humongous regions: 34->34
[2.466s][info][gc,metaspace] GC(9) Metaspace: 22757K(23040K)->22757K(23040K) NonClass: 18493K(18624K)->18493K(18624K) Class: 4264K(4416K)->4264K(4416K)
[2.466s][info][gc          ] GC(9) Pause Young (Normal) (G1 Evacuation Pause) 1065M->1016M(4096M) 110.133ms
[2.466s][info][gc,cpu      ] GC(9) User=0.44s Sys=0.02s Real=0.11s
) OK
     2s: 
     2s: Check whether properties are compliant
     2s: (validation=PASSED) Property settings are COMPLIANT.
     2s: 
     2s: Searching for high-bound for max-jOPS possible for this system
     2s: Searching from base IR = 100
     2s:       rampup IR =      0 [reconfig (term) [2.662s][info][gc,start    ] GC(10) Pause Full (System.gc())
[2.662s][info][gc,task     ] GC(10) Using 6 workers of 6 for full compaction
[2.663s][info][gc,phases,start] GC(10) Phase 1: Mark live objects
[2.679s][info][gc,phases      ] GC(10) Phase 1: Mark live objects 15.899ms
[2.679s][info][gc,phases,start] GC(10) Phase 2: Prepare compaction
[2.686s][info][gc,phases      ] GC(10) Phase 2: Prepare compaction 7.106ms
[2.686s][info][gc,phases,start] GC(10) Phase 3: Adjust pointers
[2.694s][info][gc,phases      ] GC(10) Phase 3: Adjust pointers 8.427ms
[2.694s][info][gc,phases,start] GC(10) Phase 4: Compact heap
[2.705s][info][gc,phases      ] GC(10) Phase 4: Compact heap 10.426ms
[2.705s][info][gc,phases,start] GC(10) Phase 5: Reset Metadata
[2.707s][info][gc,phases      ] GC(10) Phase 5: Reset Metadata 2.244ms
[2.712s][info][gc,heap        ] GC(10) Eden regions: 62->0(102)
[2.712s][info][gc,heap        ] GC(10) Survivor regions: 13->0(13)
[2.712s][info][gc,heap        ] GC(10) Old regions: 461->34
[2.712s][info][gc,heap        ] GC(10) Humongous regions: 46->13
[2.712s][info][gc,metaspace   ] GC(10) Metaspace: 23045K(23232K)->23045K(23232K) NonClass: 18737K(18816K)->18737K(18816K) Class: 4307K(4416K)->4307K(4416K)
[2.712s][info][gc             ] GC(10) Pause Full (System.gc()) 1163M->86M(4096M) 49.662ms
[2.712s][info][gc,cpu         ] GC(10) User=0.26s Sys=0.00s Real=0.05s
(init[3.026s][info][gc,start       ] GC(11) Pause Young (Normal) (G1 Evacuation Pause)
[3.026s][info][gc,task        ] GC(11) Using 6 workers of 6 for evacuation
[3.080s][info][gc,phases      ] GC(11)   Pre Evacuate Collection Set: 0.34ms
[3.080s][info][gc,phases      ] GC(11)   Merge Heap Roots: 0.05ms
[3.080s][info][gc,phases      ] GC(11)   Evacuate Collection Set: 53.22ms
[3.080s][info][gc,phases      ] GC(11)   Post Evacuate Collection Set: 0.37ms
[3.080s][info][gc,phases      ] GC(11)   Other: 0.05ms
[3.080s][info][gc,heap        ] GC(11) Eden regions: 102->0(89)
[3.080s][info][gc,heap        ] GC(11) Survivor regions: 0->13(13)
[3.080s][info][gc,heap        ] GC(11) Old regions: 34->91
[3.080s][info][gc,heap        ] GC(11) Humongous regions: 15->15
[3.080s][info][gc,metaspace   ] GC(11) Metaspace: 23049K(23232K)->23049K(23232K) NonClass: 18742K(18816K)->18742K(18816K) Class: 4307K(4416K)->4307K(4416K)
[3.080s][info][gc             ] GC(11) Pause Young (Normal) (G1 Evacuation Pause) 294M->230M(4096M) 54.162ms
[3.080s][info][gc,cpu         ] GC(11) User=0.32s Sys=0.00s Real=0.05s
[3.107s][info][gc,start       ] GC(12) Pause Young (Normal) (G1 Evacuation Pause)
[3.107s][info][gc,task        ] GC(12) Using 6 workers of 6 for evacuation
[3.177s][info][gc,phases      ] GC(12)   Pre Evacuate Collection Set: 0.33ms
[3.177s][info][gc,phases      ] GC(12)   Merge Heap Roots: 0.24ms
[3.177s][info][gc,phases      ] GC(12)   Evacuate Collection Set: 69.53ms
[3.177s][info][gc,phases      ] GC(12)   Post Evacuate Collection Set: 0.25ms
[3.177s][info][gc,phases      ] GC(12)   Other: 0.06ms
[3.177s][info][gc,heap        ] GC(12) Eden regions: 89->0(89)
[3.177s][info][gc,heap        ] GC(12) Survivor regions: 13->13(13)
[3.177s][info][gc,heap        ] GC(12) Old regions: 91->168
[3.177s][info][gc,heap        ] GC(12) Humongous regions: 15->15
[3.177s][info][gc,metaspace   ] GC(12) Metaspace: 23049K(23232K)->23049K(23232K) NonClass: 18742K(18816K)->18742K(18816K) Class: 4307K(4416K)->4307K(4416K)
[3.177s][info][gc             ] GC(12) Pause Young (Normal) (G1 Evacuation Pause) 408M->383M(4096M) 70.547ms
[3.177s][info][gc,cpu         ] GC(12) User=0.42s Sys=0.00s Real=0.07s
[3.200s][info][gc,start       ] GC(13) Pause Young (Normal) (G1 Evacuation Pause)
[3.200s][info][gc,task        ] GC(13) Using 6 workers of 6 for evacuation
[3.263s][info][gc,phases      ] GC(13)   Pre Evacuate Collection Set: 0.34ms
[3.263s][info][gc,phases      ] GC(13)   Merge Heap Roots: 0.08ms
[3.263s][info][gc,phases      ] GC(13)   Evacuate Collection Set: 62.05ms
[3.263s][info][gc,phases      ] GC(13)   Post Evacuate Collection Set: 0.21ms
[3.263s][info][gc,phases      ] GC(13)   Other: 0.05ms
[3.263s][info][gc,heap        ] GC(13) Eden regions: 89->0(89)
[3.263s][info][gc,heap        ] GC(13) Survivor regions: 13->13(13)
[3.263s][info][gc,heap        ] GC(13) Old regions: 168->244
[3.263s][info][gc,heap        ] GC(13) Humongous regions: 15->15
[3.263s][info][gc,metaspace   ] GC(13) Metaspace: 23050K(23232K)->23050K(23232K) NonClass: 18742K(18816K)->18742K(18816K) Class: 4307K(4416K)->4307K(4416K)
[3.263s][info][gc             ] GC(13) Pause Young (Normal) (G1 Evacuation Pause) 561M->536M(4096M) 62.864ms
[3.263s][info][gc,cpu         ] GC(13) User=0.37s Sys=0.00s Real=0.06s
[3.285s][info][gc,start       ] GC(14) Pause Young (Normal) (G1 Evacuation Pause)
[3.285s][info][gc,task        ] GC(14) Using 6 workers of 6 for evacuation
[3.347s][info][gc,phases      ] GC(14)   Pre Evacuate Collection Set: 0.34ms
[3.348s][info][gc,phases      ] GC(14)   Merge Heap Roots: 0.08ms
[3.348s][info][gc,phases      ] GC(14)   Evacuate Collection Set: 61.67ms
[3.348s][info][gc,phases      ] GC(14)   Post Evacuate Collection Set: 0.22ms
[3.348s][info][gc,phases      ] GC(14)   Other: 0.05ms
[3.348s][info][gc,heap        ] GC(14) Eden regions: 89->0(89)
[3.348s][info][gc,heap        ] GC(14) Survivor regions: 13->13(13)
[3.348s][info][gc,heap        ] GC(14) Old regions: 244->320
[3.348s][info][gc,heap        ] GC(14) Humongous regions: 15->15
[3.348s][info][gc,metaspace   ] GC(14) Metaspace: 23050K(23232K)->23050K(23232K) NonClass: 18742K(18816K)->18742K(18816K) Class: 4307K(4416K)->4307K(4416K)
[3.348s][info][gc             ] GC(14) Pause Young (Normal) (G1 Evacuation Pause) 714M->688M(4096M) 62.477ms
[3.348s][info][gc,cpu         ] GC(14) User=0.37s Sys=0.00s Real=0.06s
[3.488s][info][gc,start       ] GC(15) Pause Young (Normal) (G1 Evacuation Pause)
[3.488s][info][gc,task        ] GC(15) Using 6 workers of 6 for evacuation
[3.551s][info][gc,phases      ] GC(15)   Pre Evacuate Collection Set: 0.29ms
[3.551s][info][gc,phases      ] GC(15)   Merge Heap Roots: 0.15ms
[3.551s][info][gc,phases      ] GC(15)   Evacuate Collection Set: 61.89ms
[3.551s][info][gc,phases      ] GC(15)   Post Evacuate Collection Set: 0.36ms
[3.551s][info][gc,phases      ] GC(15)   Other: 0.05ms
[3.551s][info][gc,heap        ] GC(15) Eden regions: 89->0(105)
[3.551s][info][gc,heap        ] GC(15) Survivor regions: 13->13(13)
[3.551s][info][gc,heap        ] GC(15) Old regions: 320->381
[3.551s][info][gc,heap        ] GC(15) Humongous regions: 21->21
[3.551s][info][gc,metaspace   ] GC(15) Metaspace: 23054K(23232K)->23054K(23232K) NonClass: 18747K(18816K)->18747K(18816K) Class: 4307K(4416K)->4307K(4416K)
[3.551s][info][gc             ] GC(15) Pause Young (Normal) (G1 Evacuation Pause) 878M->821M(4096M) 62.874ms
[3.551s][info][gc,cpu         ] GC(15) User=0.37s Sys=0.00s Real=0.06s
[3.721s][info][gc,start       ] GC(16) Pause Young (Normal) (G1 Evacuation Pause)
[3.721s][info][gc,task        ] GC(16) Using 6 workers of 6 for evacuation
[3.802s][info][gc,phases      ] GC(16)   Pre Evacuate Collection Set: 0.34ms
[3.802s][info][gc,phases      ] GC(16)   Merge Heap Roots: 0.27ms
[3.802s][info][gc,phases      ] GC(16)   Evacuate Collection Set: 80.10ms
[3.802s][info][gc,phases      ] GC(16)   Post Evacuate Collection Set: 0.33ms
[3.802s][info][gc,phases      ] GC(16)   Other: 0.05ms
[3.802s][info][gc,heap        ] GC(16) Eden regions: 89->0(116)
[3.802s][info][gc,heap        ] GC(16) Survivor regions: 13->13(13)
[3.802s][info][gc,heap        ] GC(16) Old regions: 381->436
[3.802s][info][gc,heap        ] GC(16) Humongous regions: 30->30
[3.802s][info][gc,metaspace   ] GC(16) Metaspace: 23062K(23232K)->23062K(23232K) NonClass: 18754K(18816K)->18754K(18816K) Class: 4307K(4416K)->4307K(4416K)
[3.802s][info][gc             ] GC(16) Pause Young (Normal) (G1 Evacuation Pause) 1017M->950M(4096M) 81.232ms
[3.802s][info][gc,cpu         ] GC(16) User=0.49s Sys=0.00s Real=0.08s
[4.004s][info][gc,start       ] GC(17) Pause Young (Normal) (G1 Evacuation Pause)
[4.004s][info][gc,task        ] GC(17) Using 6 workers of 6 for evacuation
[4.090s][info][gc,phases      ] GC(17)   Pre Evacuate Collection Set: 0.29ms
[4.090s][info][gc,phases      ] GC(17)   Merge Heap Roots: 0.29ms
[4.090s][info][gc,phases      ] GC(17)   Evacuate Collection Set: 85.24ms
[4.090s][info][gc,phases      ] GC(17)   Post Evacuate Collection Set: 0.28ms
[4.090s][info][gc,phases      ] GC(17)   Other: 0.05ms
[4.090s][info][gc,heap        ] GC(17) Eden regions: 103->0(122)
[4.090s][info][gc,heap        ] GC(17) Survivor regions: 13->15(15)
[4.090s][info][gc,heap        ] GC(17) Old regions: 436->487
[4.090s][info][gc,heap        ] GC(17) Humongous regions: 45->45
[4.090s][info][gc,metaspace   ] GC(17) Metaspace: 23062K(23232K)->23062K(23232K) NonClass: 18754K(18816K)->18754K(18816K) Class: 4307K(4416K)->4307K(4416K)
[4.090s][info][gc             ] GC(17) Pause Young (Normal) (G1 Evacuation Pause) 1186M->1085M(4096M) 86.299ms
[4.090s][info][gc,cpu         ] GC(17) User=0.50s Sys=0.02s Real=0.08s
) ] ... (rIR:aIR:PR = 0:0:0) (tPR = 0) [OK] 
     6s:       rampup IR =     10 ... (rIR:aIR:PR = 10:12:12) (tPR = 1185) [OK] 
     9s:       rampup IR =     20 ... (rIR:aIR:PR = 20:21:21) (tPR = 1546) [OK] 
    12s:       rampup IR =     30 .... (rIR:aIR:PR = 30:31:31) (tPR = 2655) [OK] 
    16s:       rampup IR =     40 .... (rIR:aIR:PR = 40:38:38) (tPR = 2722) [OK] 
    20s:       rampup IR =     50 .... (rIR:aIR:PR = 50:54:53) (tPR = 3540) [OK] 
    24s:       rampup IR =     60 ..[28.148s][info][gc,start       ] GC(18) Pause Young (Normal) (G1 Evacuation Pause)
[28.148s][info][gc,task        ] GC(18) Using 6 workers of 6 for evacuation
[28.177s][info][gc,phases      ] GC(18)   Pre Evacuate Collection Set: 0.35ms
[28.177s][info][gc,phases      ] GC(18)   Merge Heap Roots: 0.22ms
[28.177s][info][gc,phases      ] GC(18)   Evacuate Collection Set: 28.03ms
[28.177s][info][gc,phases      ] GC(18)   Post Evacuate Collection Set: 0.31ms
[28.177s][info][gc,phases      ] GC(18)   Other: 0.07ms
[28.177s][info][gc,heap        ] GC(18) Eden regions: 134->0(169)
[28.177s][info][gc,heap        ] GC(18) Survivor regions: 15->7(19)
[28.177s][info][gc,heap        ] GC(18) Old regions: 487->503
[28.177s][info][gc,heap        ] GC(18) Humongous regions: 46->46
[28.177s][info][gc,metaspace   ] GC(18) Metaspace: 25065K(25216K)->25065K(25216K) NonClass: 20578K(20672K)->20578K(20672K) Class: 4486K(4544K)->4486K(4544K)
[28.178s][info][gc             ] GC(18) Pause Young (Normal) (G1 Evacuation Pause) 1355M->1104M(4096M) 29.126ms
[28.178s][info][gc,cpu         ] GC(18) User=0.16s Sys=0.02s Real=0.03s
.. (rIR:aIR:PR = 60:61:59) (tPR = 3565) [OK] 
    28s:       rampup IR =     70 .... (rIR:aIR:PR = 70:68:66) (tPR = 3697) [OK] 
    33s:       rampup IR =     80 .... (rIR:aIR:PR = 80:79:77) (tPR = 4105) [OK] 
    37s:       rampup IR =     90 .... (rIR:aIR:PR = 90:90:88) (tPR = 4426) [OK] 
    41s:       rampup IR =    100 .... (rIR:aIR:PR = 100:104:101) (tPR = 4573) [OK] 
    45s:    snapshot, IR =    100 ....|[49.966s][info][gc,start       ] GC(19) Pause Young (Normal) (G1 Evacuation Pause)
[49.966s][info][gc,task        ] GC(19) Using 6 workers of 6 for evacuation
[49.989s][info][gc,phases      ] GC(19)   Pre Evacuate Collection Set: 0.36ms
[49.989s][info][gc,phases      ] GC(19)   Merge Heap Roots: 0.19ms
[49.989s][info][gc,phases      ] GC(19)   Evacuate Collection Set: 21.78ms
[49.989s][info][gc,phases      ] GC(19)   Post Evacuate Collection Set: 0.39ms
[49.989s][info][gc,phases      ] GC(19)   Other: 0.06ms
[49.989s][info][gc,heap        ] GC(19) Eden regions: 183->0(227)
[49.989s][info][gc,heap        ] GC(19) Survivor regions: 7->18(24)
[49.989s][info][gc,heap        ] GC(19) Old regions: 503->503
[49.989s][info][gc,heap        ] GC(19) Humongous regions: 46->46
[49.989s][info][gc,metaspace   ] GC(19) Metaspace: 25225K(25408K)->25225K(25408K) NonClass: 20736K(20864K)->20736K(20864K) Class: 4488K(4544K)->4488K(4544K)
[49.989s][info][gc             ] GC(19) Pause Young (Normal) (G1 Evacuation Pause) 1470M->1124M(4096M) 22.900ms
[49.989s][info][gc,cpu         ] GC(19) User=0.13s Sys=0.01s Real=0.02s
...........................[76.235s][info][gc,start       ] GC(20) Pause Young (Normal) (G1 Evacuation Pause)
[76.235s][info][gc,task        ] GC(20) Using 6 workers of 6 for evacuation
[76.269s][info][gc,phases      ] GC(20)   Pre Evacuate Collection Set: 0.33ms
[76.269s][info][gc,phases      ] GC(20)   Merge Heap Roots: 0.22ms
[76.269s][info][gc,phases      ] GC(20)   Evacuate Collection Set: 33.14ms
[76.269s][info][gc,phases      ] GC(20)   Post Evacuate Collection Set: 0.43ms
[76.269s][info][gc,phases      ] GC(20)   Other: 0.07ms
[76.269s][info][gc,heap        ] GC(20) Eden regions: 243->0(266)
[76.269s][info][gc,heap        ] GC(20) Survivor regions: 18->31(33)
[76.269s][info][gc,heap        ] GC(20) Old regions: 503->503
[76.269s][info][gc,heap        ] GC(20) Humongous regions: 46->46
[76.269s][info][gc,metaspace   ] GC(20) Metaspace: 27210K(27392K)->27210K(27392K) NonClass: 22399K(22464K)->22399K(22464K) Class: 4811K(4928K)->4811K(4928K)
[76.269s][info][gc             ] GC(20) Pause Young (Normal) (G1 Evacuation Pause) 1610M->1151M(4096M) 34.316ms
[76.269s][info][gc,cpu         ] GC(20) User=0.18s Sys=0.01s Real=0.03s
... (rIR:aIR:PR = 100:100:98) (tPR = 3132) [OK] 
    79s: Performing snapshot: (quiescence.....) (stop TxI) (stop BE) (saving... 103307 Kb) (term) [86.153s][info][gc,start       ] GC(21) Pause Full (System.gc())
[86.153s][info][gc,task        ] GC(21) Using 6 workers of 6 for full compaction
[86.154s][info][gc,phases,start] GC(21) Phase 1: Mark live objects
[86.168s][info][gc,phases      ] GC(21) Phase 1: Mark live objects 14.461ms
[86.168s][info][gc,phases,start] GC(21) Phase 2: Prepare compaction
[86.170s][info][gc,phases      ] GC(21) Phase 2: Prepare compaction 1.972ms
[86.170s][info][gc,phases,start] GC(21) Phase 3: Adjust pointers
[86.176s][info][gc,phases      ] GC(21) Phase 3: Adjust pointers 5.933ms
[86.176s][info][gc,phases,start] GC(21) Phase 4: Compact heap
[86.178s][info][gc,phases      ] GC(21) Phase 4: Compact heap 1.805ms
[86.178s][info][gc,phases,start] GC(21) Phase 5: Reset Metadata
[86.182s][info][gc,phases      ] GC(21) Phase 5: Reset Metadata 4.358ms
[86.189s][info][gc,heap        ] GC(21) Eden regions: 120->0(319)
[86.189s][info][gc,heap        ] GC(21) Survivor regions: 31->0(33)
[86.189s][info][gc,heap        ] GC(21) Old regions: 503->34
[86.189s][info][gc,heap        ] GC(21) Humongous regions: 331->66
[86.189s][info][gc,metaspace   ] GC(21) Metaspace: 27372K(27584K)->27372K(27584K) NonClass: 22552K(22656K)->22552K(22656K) Class: 4819K(4928K)->4819K(4928K)
[86.189s][info][gc             ] GC(21) Pause Full (System.gc()) 1960M->193M(4096M) 35.796ms
[86.189s][info][gc,cpu         ] GC(21) User=0.19s Sys=0.00s Real=0.03s
(init[86.923s][info][gc,start       ] GC(22) Pause Young (Normal) (G1 Evacuation Pause)
[86.923s][info][gc,task        ] GC(22) Using 6 workers of 6 for evacuation
[87.080s][info][gc,phases      ] GC(22)   Pre Evacuate Collection Set: 0.33ms
[87.080s][info][gc,phases      ] GC(22)   Merge Heap Roots: 0.29ms
[87.080s][info][gc,phases      ] GC(22)   Evacuate Collection Set: 155.86ms
[87.080s][info][gc,phases      ] GC(22)   Post Evacuate Collection Set: 0.52ms
[87.080s][info][gc,phases      ] GC(22)   Other: 0.08ms
[87.080s][info][gc,heap        ] GC(22) Eden regions: 301->0(243)
[87.080s][info][gc,heap        ] GC(22) Survivor regions: 0->38(38)
[87.080s][info][gc,heap        ] GC(22) Old regions: 34->103
[87.080s][info][gc,heap        ] GC(22) Humongous regions: 107->106
[87.080s][info][gc,metaspace   ] GC(22) Metaspace: 27452K(27712K)->27452K(27712K) NonClass: 22624K(22784K)->22624K(22784K) Class: 4828K(4928K)->4828K(4928K)
[87.080s][info][gc             ] GC(22) Pause Young (Normal) (G1 Evacuation Pause) 877M->487M(4096M) 157.208ms
[87.080s][info][gc,cpu         ] GC(22) User=0.92s Sys=0.02s Real=0.15s
[87.544s][info][gc,start       ] GC(23) Pause Young (Normal) (G1 Evacuation Pause)
[87.544s][info][gc,task        ] GC(23) Using 6 workers of 6 for evacuation
[87.688s][info][gc,phases      ] GC(23)   Pre Evacuate Collection Set: 0.40ms
[87.688s][info][gc,phases      ] GC(23)   Merge Heap Roots: 0.42ms
[87.688s][info][gc,phases      ] GC(23)   Evacuate Collection Set: 142.83ms
[87.688s][info][gc,phases      ] GC(23)   Post Evacuate Collection Set: 0.43ms
[87.688s][info][gc,phases      ] GC(23)   Other: 0.06ms
[87.688s][info][gc,heap        ] GC(23) Eden regions: 221->0(244)
[87.688s][info][gc,heap        ] GC(23) Survivor regions: 38->33(33)
[87.688s][info][gc,heap        ] GC(23) Old regions: 103->182
[87.688s][info][gc,heap        ] GC(23) Humongous regions: 127->126
[87.688s][info][gc,metaspace   ] GC(23) Metaspace: 27481K(27712K)->27481K(27712K) NonClass: 22650K(22784K)->22650K(22784K) Class: 4830K(4928K)->4830K(4928K)
[87.688s][info][gc             ] GC(23) Pause Young (Normal) (G1 Evacuation Pause) 971M->675M(4096M) 144.305ms
[87.688s][info][gc,cpu         ] GC(23) User=0.84s Sys=0.01s Real=0.14s
[88.288s][info][gc,start       ] GC(24) Pause Young (Normal) (G1 Evacuation Pause)
[88.288s][info][gc,task        ] GC(24) Using 6 workers of 6 for evacuation
[88.434s][info][gc,phases      ] GC(24)   Pre Evacuate Collection Set: 0.35ms
[88.434s][info][gc,phases      ] GC(24)   Merge Heap Roots: 0.35ms
[88.434s][info][gc,phases      ] GC(24)   Evacuate Collection Set: 144.89ms
[88.434s][info][gc,phases      ] GC(24)   Post Evacuate Collection Set: 0.49ms
[88.434s][info][gc,phases      ] GC(24)   Other: 0.06ms
[88.434s][info][gc,heap        ] GC(24) Eden regions: 231->0(229)
[88.434s][info][gc,heap        ] GC(24) Survivor regions: 33->33(33)
[88.434s][info][gc,heap        ] GC(24) Old regions: 182->305
[88.434s][info][gc,heap        ] GC(24) Humongous regions: 161->159
[88.434s][info][gc,metaspace   ] GC(24) Metaspace: 27492K(27712K)->27492K(27712K) NonClass: 22661K(22784K)->22661K(22784K) Class: 4831K(4928K)->4831K(4928K)
[88.434s][info][gc             ] GC(24) Pause Young (Normal) (G1 Evacuation Pause) 1207M->987M(4096M) 146.271ms
[88.434s][info][gc,cpu         ] GC(24) User=0.87s Sys=0.00s Real=0.15s
) ...
    91s:       rampup IR =      0 ... (rIR:aIR:PR = 0:0:0) (tPR = 0) [OK] 
    94s:       rampup IR =     10 ... (rIR:aIR:PR = 10:10:10) (tPR = 440) [OK] 
    97s:       rampup IR =     20 ... (rIR:aIR:PR = 20:21:21) (tPR = 653) [OK] 
   100s:       rampup IR =     30 .... (rIR:aIR:PR = 30:28:28) (tPR = 609) [OK] 
   104s:       rampup IR =     40 ..[106.503s][info][gc,start       ] GC(25) Pause Young (Normal) (G1 Evacuation Pause)
[106.503s][info][gc,task        ] GC(25) Using 6 workers of 6 for evacuation
[106.665s][info][gc,phases      ] GC(25)   Pre Evacuate Collection Set: 0.34ms
[106.665s][info][gc,phases      ] GC(25)   Merge Heap Roots: 0.36ms
[106.665s][info][gc,phases      ] GC(25)   Evacuate Collection Set: 160.16ms
[106.665s][info][gc,phases      ] GC(25)   Post Evacuate Collection Set: 0.38ms
[106.665s][info][gc,phases      ] GC(25)   Other: 0.06ms
[106.665s][info][gc,heap        ] GC(25) Eden regions: 242->0(200)
[106.665s][info][gc,heap        ] GC(25) Survivor regions: 33->35(35)
[106.665s][info][gc,heap        ] GC(25) Old regions: 305->480
[106.665s][info][gc,heap        ] GC(25) Humongous regions: 159->159
[106.665s][info][gc,metaspace   ] GC(25) Metaspace: 27554K(27776K)->27554K(27776K) NonClass: 22723K(22848K)->22723K(22848K) Class: 4831K(4928K)->4831K(4928K)
[106.665s][info][gc             ] GC(25) Pause Young (Normal) (G1 Evacuation Pause) 1471M->1340M(4096M) 161.410ms
[106.665s][info][gc,cpu         ] GC(25) User=0.95s Sys=0.00s Real=0.16s
.. (rIR:aIR:PR = 40:43:43) (tPR = 1131) [OK] 
   108s:       rampup IR =     50 .... (rIR:aIR:PR = 50:51:51) (tPR = 1241) [OK] 
   112s:       rampup IR =     60 .... (rIR:aIR:PR = 60:58:56) (tPR = 1406) [OK] 
   116s:       rampup IR =     70 .... (rIR:aIR:PR = 70:73:71) (tPR = 1536) [OK] 
   120s:       rampup IR =     80 .... (rIR:aIR:PR = 80:83:81) (tPR = 1661) [OK] 
   124s:       rampup IR =     90 .... (rIR:aIR:PR = 90:94:92) (tPR = 2139) [OK] 
   128s:       rampup IR =    100 .... (rIR:aIR:PR = 100:97:95) (tPR = 2013) [OK] 
   132s:       trying IR =    200 .... (rIR:aIR:PR = 200:203:198) (tPR = 3567) [OK] 
   136s:       trying IR =    220 ..... (rIR:aIR:PR = 220:219:214) (tPR = 4328) [OK] 
   141s:       trying IR =    244 .[142.790s][info][gc,start       ] GC(26) Pause Young (Normal) (G1 Evacuation Pause)
[142.790s][info][gc,task        ] GC(26) Using 6 workers of 6 for evacuation
[142.841s][info][gc,phases      ] GC(26)   Pre Evacuate Collection Set: 0.34ms
[142.841s][info][gc,phases      ] GC(26)   Merge Heap Roots: 0.57ms
[142.841s][info][gc,phases      ] GC(26)   Evacuate Collection Set: 49.06ms
[142.841s][info][gc,phases      ] GC(26)   Post Evacuate Collection Set: 0.52ms
[142.841s][info][gc,phases      ] GC(26)   Other: 0.07ms
[142.841s][info][gc,heap        ] GC(26) Eden regions: 202->0(302)
[142.841s][info][gc,heap        ] GC(26) Survivor regions: 35->19(30)
[142.841s][info][gc,heap        ] GC(26) Old regions: 480->513
[142.841s][info][gc,heap        ] GC(26) Humongous regions: 159->159
[142.841s][info][gc,metaspace   ] GC(26) Metaspace: 27699K(27904K)->27699K(27904K) NonClass: 22865K(22976K)->22865K(22976K) Class: 4833K(4928K)->4833K(4928K)
[142.841s][info][gc             ] GC(26) Pause Young (Normal) (G1 Evacuation Pause) 1744M->1375M(4096M) 50.682ms
[142.841s][info][gc,cpu         ] GC(26) User=0.30s Sys=0.00s Real=0.05s
... (rIR:aIR:PR = 244:247:241) (tPR = 4701) [OK] 
   145s:       trying IR =    273 .... (rIR:aIR:PR = 273:275:270) (tPR = 4960) [OK] 
   149s:       trying IR =    307 .... (rIR:aIR:PR = 307:302:295) (tPR = 5884) [OK] 
   153s:       trying IR =    349 ..[156.476s][info][gc,start       ] GC(27) Pause Young (Normal) (G1 Evacuation Pause)
[156.476s][info][gc,task        ] GC(27) Using 6 workers of 6 for evacuation
[156.519s][info][gc,phases      ] GC(27)   Pre Evacuate Collection Set: 0.36ms
[156.519s][info][gc,phases      ] GC(27)   Merge Heap Roots: 0.53ms
[156.519s][info][gc,phases      ] GC(27)   Evacuate Collection Set: 41.68ms
[156.519s][info][gc,phases      ] GC(27)   Post Evacuate Collection Set: 0.47ms
[156.519s][info][gc,phases      ] GC(27)   Other: 0.06ms
[156.519s][info][gc,heap        ] GC(27) Eden regions: 297->0(349)
[156.519s][info][gc,heap        ] GC(27) Survivor regions: 19->36(40)
[156.519s][info][gc,heap        ] GC(27) Old regions: 513->513
[156.519s][info][gc,heap        ] GC(27) Humongous regions: 159->159
[156.519s][info][gc,metaspace   ] GC(27) Metaspace: 27765K(27968K)->27765K(27968K) NonClass: 22931K(23040K)->22931K(23040K) Class: 4833K(4928K)->4833K(4928K)
[156.519s][info][gc             ] GC(27) Pause Young (Normal) (G1 Evacuation Pause) 1969M->1409M(4096M) 43.231ms
[156.519s][info][gc,cpu         ] GC(27) User=0.25s Sys=0.00s Real=0.04s
.. (rIR:aIR:PR = 349:349:342) (tPR = 7167) [OK] 
   157s:       trying IR =    399 .... (rIR:aIR:PR = 399:400:391) (tPR = 7404) [OK] 
   161s:       trying IR =    458 ....[166.420s][info][gc,start       ] GC(28) Pause Young (Normal) (G1 Evacuation Pause)
[166.420s][info][gc,task        ] GC(28) Using 6 workers of 6 for evacuation
[166.477s][info][gc,phases      ] GC(28)   Pre Evacuate Collection Set: 0.36ms
[166.477s][info][gc,phases      ] GC(28)   Merge Heap Roots: 0.54ms
[166.477s][info][gc,phases      ] GC(28)   Evacuate Collection Set: 55.71ms
[166.477s][info][gc,phases      ] GC(28)   Post Evacuate Collection Set: 0.46ms
[166.477s][info][gc,phases      ] GC(28)   Other: 0.08ms
[166.477s][info][gc,heap        ] GC(28) Eden regions: 341->0(394)
[166.477s][info][gc,heap        ] GC(28) Survivor regions: 36->37(48)
[166.477s][info][gc,heap        ] GC(28) Old regions: 513->529
[166.478s][info][gc,heap        ] GC(28) Humongous regions: 159->159
[166.478s][info][gc,metaspace   ] GC(28) Metaspace: 27810K(27968K)->27810K(27968K) NonClass: 22974K(23040K)->22974K(23040K) Class: 4836K(4928K)->4836K(4928K)
[166.478s][info][gc             ] GC(28) Pause Young (Normal) (G1 Evacuation Pause) 2091M->1443M(4096M) 57.275ms
[166.478s][info][gc,cpu         ] GC(28) User=0.32s Sys=0.02s Real=0.06s
. (rIR:aIR:PR = 458:456:446) (tPR = 7865) [OK] 
   166s:       trying IR =    530 .... (rIR:aIR:PR = 530:541:528) (tPR = 8891) [OK] 
   170s:       trying IR =    616 .... (rIR:aIR:PR = 616:605:593) (tPR = 10123) [OK] 
   174s:       trying IR =    719 [175.074s][info][gc,start       ] GC(29) Pause Young (Normal) (G1 Evacuation Pause)
[175.074s][info][gc,task        ] GC(29) Using 6 workers of 6 for evacuation
[175.132s][info][gc,phases      ] GC(29)   Pre Evacuate Collection Set: 0.39ms
[175.132s][info][gc,phases      ] GC(29)   Merge Heap Roots: 0.41ms
[175.132s][info][gc,phases      ] GC(29)   Evacuate Collection Set: 56.55ms
[175.132s][info][gc,phases      ] GC(29)   Post Evacuate Collection Set: 0.45ms
[175.132s][info][gc,phases      ] GC(29)   Other: 0.08ms
[175.132s][info][gc,heap        ] GC(29) Eden regions: 407->0(452)
[175.132s][info][gc,heap        ] GC(29) Survivor regions: 37->41(56)
[175.132s][info][gc,heap        ] GC(29) Old regions: 529->546
[175.132s][info][gc,heap        ] GC(29) Humongous regions: 159->159
[175.132s][info][gc,metaspace   ] GC(29) Metaspace: 27843K(28096K)->27843K(28096K) NonClass: 23007K(23168K)->23007K(23168K) Class: 4836K(4928K)->4836K(4928K)
[175.132s][info][gc             ] GC(29) Pause Young (Normal) (G1 Evacuation Pause) 2257M->1484M(4096M) 57.991ms
[175.132s][info][gc,cpu         ] GC(29) User=0.32s Sys=0.02s Real=0.05s
.... (rIR:aIR:PR = 719:730:715) (tPR = 13845) [OK] 
   178s:       trying IR =    843 ...[182.183s][info][gc,start       ] GC(30) Pause Young (Normal) (G1 Evacuation Pause)
[182.183s][info][gc,task        ] GC(30) Using 6 workers of 6 for evacuation
[182.243s][info][gc,phases      ] GC(30)   Pre Evacuate Collection Set: 0.38ms
[182.243s][info][gc,phases      ] GC(30)   Merge Heap Roots: 0.38ms
[182.243s][info][gc,phases      ] GC(30)   Evacuate Collection Set: 59.06ms
[182.243s][info][gc,phases      ] GC(30)   Post Evacuate Collection Set: 0.54ms
[182.243s][info][gc,phases      ] GC(30)   Other: 0.07ms
[182.243s][info][gc,heap        ] GC(30) Eden regions: 467->0(515)
[182.243s][info][gc,heap        ] GC(30) Survivor regions: 41->47(64)
[182.243s][info][gc,heap        ] GC(30) Old regions: 546->563
[182.243s][info][gc,heap        ] GC(30) Humongous regions: 159->159
[182.243s][info][gc,metaspace   ] GC(30) Metaspace: 27902K(28096K)->27902K(28096K) NonClass: 23063K(23168K)->23063K(23168K) Class: 4838K(4928K)->4838K(4928K)
[182.243s][info][gc             ] GC(30) Pause Young (Normal) (G1 Evacuation Pause) 2418M->1529M(4096M) 60.594ms
[182.243s][info][gc,cpu         ] GC(30) User=0.34s Sys=0.01s Real=0.07s
. (rIR:aIR:PR = 843:852:833) (tPR = 15077) [OK] 
   182s:       trying IR =    992 .... (rIR:aIR:PR = 992:1003:980) (tPR = 16107) [OK] 
   186s:       trying IR =   1170 .[188.430s][info][gc,start       ] GC(31) Pause Young (Normal) (G1 Evacuation Pause)
[188.430s][info][gc,task        ] GC(31) Using 6 workers of 6 for evacuation
[188.501s][info][gc,phases      ] GC(31)   Pre Evacuate Collection Set: 0.42ms
[188.501s][info][gc,phases      ] GC(31)   Merge Heap Roots: 0.42ms
[188.501s][info][gc,phases      ] GC(31)   Evacuate Collection Set: 68.73ms
[188.501s][info][gc,phases      ] GC(31)   Post Evacuate Collection Set: 0.60ms
[188.501s][info][gc,phases      ] GC(31)   Other: 0.08ms
[188.501s][info][gc,heap        ] GC(31) Eden regions: 531->0(565)
[188.501s][info][gc,heap        ] GC(31) Survivor regions: 47->54(73)
[188.501s][info][gc,heap        ] GC(31) Old regions: 563->582
[188.501s][info][gc,heap        ] GC(31) Humongous regions: 159->159
[188.501s][info][gc,metaspace   ] GC(31) Metaspace: 27917K(28160K)->27917K(28160K) NonClass: 23078K(23232K)->23078K(23232K) Class: 4838K(4928K)->4838K(4928K)
[188.501s][info][gc             ] GC(31) Pause Young (Normal) (G1 Evacuation Pause) 2591M->1581M(4096M) 70.388ms
[188.501s][info][gc,cpu         ] GC(31) User=0.39s Sys=0.01s Real=0.07s
... (rIR:aIR:PR = 1170:1157:1135) (tPR = 20702) [OK] 
   190s:       trying IR =   1384 ...[193.846s][info][gc,start       ] GC(32) Pause Young (Normal) (G1 Evacuation Pause)
[193.846s][info][gc,task        ] GC(32) Using 6 workers of 6 for evacuation
[193.919s][info][gc,phases      ] GC(32)   Pre Evacuate Collection Set: 0.37ms
[193.919s][info][gc,phases      ] GC(32)   Merge Heap Roots: 0.35ms
[193.919s][info][gc,phases      ] GC(32)   Evacuate Collection Set: 71.85ms
[193.919s][info][gc,phases      ] GC(32)   Post Evacuate Collection Set: 0.60ms
[193.919s][info][gc,phases      ] GC(32)   Other: 0.08ms
[193.919s][info][gc,heap        ] GC(32) Eden regions: 578->0(623)
[193.919s][info][gc,heap        ] GC(32) Survivor regions: 54->58(79)
[193.919s][info][gc,heap        ] GC(32) Old regions: 582->602
[193.919s][info][gc,heap        ] GC(32) Humongous regions: 159->159
[193.919s][info][gc,metaspace   ] GC(32) Metaspace: 28023K(28352K)->28023K(28352K) NonClass: 23169K(23360K)->23169K(23360K) Class: 4854K(4992K)->4854K(4992K)
[193.919s][info][gc             ] GC(32) Pause Young (Normal) (G1 Evacuation Pause) 2737M->1630M(4096M) 73.389ms
[193.919s][info][gc,cpu         ] GC(32) User=0.41s Sys=0.02s Real=0.07s
. (rIR:aIR:PR = 1384:1387:1371) (tPR = 22898) [OK] 
   194s:       trying IR =   1641 ...[198.581s][info][gc,start       ] GC(33) Pause Young (Normal) (G1 Evacuation Pause)
[198.581s][info][gc,task        ] GC(33) Using 6 workers of 6 for evacuation
[198.658s][info][gc,phases      ] GC(33)   Pre Evacuate Collection Set: 0.37ms
[198.658s][info][gc,phases      ] GC(33)   Merge Heap Roots: 0.32ms
[198.658s][info][gc,phases      ] GC(33)   Evacuate Collection Set: 75.09ms
[198.658s][info][gc,phases      ] GC(33)   Post Evacuate Collection Set: 0.60ms
[198.658s][info][gc,phases      ] GC(33)   Other: 0.07ms
[198.658s][info][gc,heap        ] GC(33) Eden regions: 633->0(681)
[198.658s][info][gc,heap        ] GC(33) Survivor regions: 58->60(87)
[198.658s][info][gc,heap        ] GC(33) Old regions: 602->626
[198.658s][info][gc,heap        ] GC(33) Humongous regions: 161->161
[198.658s][info][gc,metaspace   ] GC(33) Metaspace: 28060K(28352K)->28060K(28352K) NonClass: 23205K(23360K)->23205K(23360K) Class: 4854K(4992K)->4854K(4992K)
[198.658s][info][gc             ] GC(33) Pause Young (Normal) (G1 Evacuation Pause) 2900M->1687M(4096M) 76.581ms
[198.658s][info][gc,cpu         ] GC(33) User=0.44s Sys=0.01s Real=0.08s
.. (rIR:aIR:PR = 1641:1642:1636) (tPR = 27612) [OK] 
   199s:       trying IR =   1949 ...[203.080s][info][gc,start       ] GC(34) Pause Young (Normal) (G1 Evacuation Pause)
[203.080s][info][gc,task        ] GC(34) Using 6 workers of 6 for evacuation
[203.164s][info][gc,phases      ] GC(34)   Pre Evacuate Collection Set: 0.38ms
[203.164s][info][gc,phases      ] GC(34)   Merge Heap Roots: 0.37ms
[203.164s][info][gc,phases      ] GC(34)   Evacuate Collection Set: 82.16ms
[203.164s][info][gc,phases      ] GC(34)   Post Evacuate Collection Set: 0.70ms
[203.164s][info][gc,phases      ] GC(34)   Other: 0.09ms
[203.164s][info][gc,heap        ] GC(34) Eden regions: 685->0(725)
[203.164s][info][gc,heap        ] GC(34) Survivor regions: 60->67(94)
[203.164s][info][gc,heap        ] GC(34) Old regions: 626->650
[203.164s][info][gc,heap        ] GC(34) Humongous regions: 161->161
[203.164s][info][gc,metaspace   ] GC(34) Metaspace: 28079K(28352K)->28079K(28352K) NonClass: 23225K(23360K)->23225K(23360K) Class: 4854K(4992K)->4854K(4992K)
[203.164s][info][gc             ] GC(34) Pause Young (Normal) (G1 Evacuation Pause) 3057M->1749M(4096M) 83.827ms
[203.164s][info][gc,cpu         ] GC(34) User=0.48s Sys=0.01s Real=0.09s
. (rIR:aIR:PR = 1949:1948:1947) (tPR = 32024) [OK] 
   203s:       trying IR =   2319 ...[207.224s][info][gc,start       ] GC(35) Pause Young (Normal) (G1 Evacuation Pause)
[207.224s][info][gc,task        ] GC(35) Using 6 workers of 6 for evacuation
[207.313s][info][gc,phases      ] GC(35)   Pre Evacuate Collection Set: 0.38ms
[207.313s][info][gc,phases      ] GC(35)   Merge Heap Roots: 0.35ms
[207.313s][info][gc,phases      ] GC(35)   Evacuate Collection Set: 87.10ms
[207.313s][info][gc,phases      ] GC(35)   Post Evacuate Collection Set: 0.71ms
[207.313s][info][gc,phases      ] GC(35)   Other: 0.08ms
[207.313s][info][gc,heap        ] GC(35) Eden regions: 730->0(771)
[207.313s][info][gc,heap        ] GC(35) Survivor regions: 67->73(100)
[207.313s][info][gc,heap        ] GC(35) Old regions: 650->676
[207.313s][info][gc,heap        ] GC(35) Humongous regions: 161->161
[207.313s][info][gc,metaspace   ] GC(35) Metaspace: 28130K(28416K)->28130K(28416K) NonClass: 23275K(23424K)->23275K(23424K) Class: 4854K(4992K)->4854K(4992K)
[207.313s][info][gc             ] GC(35) Pause Young (Normal) (G1 Evacuation Pause) 3209M->1812M(4096M) 88.740ms
[207.313s][info][gc,cpu         ] GC(35) User=0.50s Sys=0.02s Real=0.08s
. (rIR:aIR:PR = 2319:2277:2277) (tPR = 38176) [OK] 
   207s:       trying IR =   2762 ...[211.271s][info][gc,start       ] GC(36) Pause Young (Normal) (G1 Evacuation Pause)
[211.271s][info][gc,task        ] GC(36) Using 6 workers of 6 for evacuation
[211.368s][info][gc,phases      ] GC(36)   Pre Evacuate Collection Set: 0.37ms
[211.368s][info][gc,phases      ] GC(36)   Merge Heap Roots: 0.36ms
[211.368s][info][gc,phases      ] GC(36)   Evacuate Collection Set: 95.40ms
[211.368s][info][gc,phases      ] GC(36)   Post Evacuate Collection Set: 0.81ms
[211.368s][info][gc,phases      ] GC(36)   Other: 0.07ms
[211.368s][info][gc,heap        ] GC(36) Eden regions: 776->0(793)
[211.368s][info][gc,heap        ] GC(36) Survivor regions: 73->78(107)
[211.368s][info][gc,heap        ] GC(36) Old regions: 676->705
[211.368s][info][gc,heap        ] GC(36) Humongous regions: 161->161
[211.368s][info][gc,metaspace   ] GC(36) Metaspace: 28219K(28480K)->28219K(28480K) NonClass: 23358K(23488K)->23358K(23488K) Class: 4861K(4992K)->4861K(4992K)
[211.368s][info][gc             ] GC(36) Pause Young (Normal) (G1 Evacuation Pause) 3364M->1880M(4096M) 97.140ms
[211.368s][info][gc,cpu         ] GC(36) User=0.54s Sys=0.02s Real=0.10s
. (rIR:aIR:PR = 2762:2735:2735) (tPR = 43100) [OK] 
   211s:       trying IR =   3295 ...[214.969s][info][gc,start       ] GC(37) Pause Young (Normal) (G1 Evacuation Pause)
[214.969s][info][gc,task        ] GC(37) Using 6 workers of 6 for evacuation
[215.067s][info][gc,phases      ] GC(37)   Pre Evacuate Collection Set: 0.37ms
[215.067s][info][gc,phases      ] GC(37)   Merge Heap Roots: 0.50ms
[215.067s][info][gc,phases      ] GC(37)   Evacuate Collection Set: 96.56ms
[215.067s][info][gc,phases      ] GC(37)   Post Evacuate Collection Set: 0.78ms
[215.067s][info][gc,phases      ] GC(37)   Other: 0.08ms
[215.067s][info][gc,heap        ] GC(37) Eden regions: 793->0(801)
[215.067s][info][gc,heap        ] GC(37) Survivor regions: 78->83(109)
[215.067s][info][gc,heap        ] GC(37) Old regions: 705->732
[215.067s][info][gc,heap        ] GC(37) Humongous regions: 161->161
[215.067s][info][gc,metaspace   ] GC(37) Metaspace: 28476K(28800K)->28476K(28800K) NonClass: 23600K(23744K)->23600K(23744K) Class: 4876K(5056K)->4876K(5056K)
[215.067s][info][gc             ] GC(37) Pause Young (Normal) (G1 Evacuation Pause) 3466M->1944M(4096M) 98.441ms
[215.068s][info][gc,cpu         ] GC(37) User=0.57s Sys=0.01s Real=0.10s
. (rIR:aIR:PR = 3295:3321:3321) (tPR = 51260) [OK] 
   215s:       trying IR =   3934 ..[218.374s][info][gc,start       ] GC(38) Pause Young (Normal) (G1 Evacuation Pause)
[218.374s][info][gc,task        ] GC(38) Using 6 workers of 6 for evacuation
[218.478s][info][gc,phases      ] GC(38)   Pre Evacuate Collection Set: 0.37ms
[218.478s][info][gc,phases      ] GC(38)   Merge Heap Roots: 0.49ms
[218.478s][info][gc,phases      ] GC(38)   Evacuate Collection Set: 102.38ms
[218.478s][info][gc,phases      ] GC(38)   Post Evacuate Collection Set: 0.78ms
[218.478s][info][gc,phases      ] GC(38)   Other: 0.09ms
[218.478s][info][gc,heap        ] GC(38) Eden regions: 801->0(801)
[218.478s][info][gc,heap        ] GC(38) Survivor regions: 83->88(111)
[218.478s][info][gc,heap        ] GC(38) Old regions: 732->762
[218.478s][info][gc,heap        ] GC(38) Humongous regions: 161->161
[218.478s][info][gc,metaspace   ] GC(38) Metaspace: 28601K(28928K)->28601K(28928K) NonClass: 23725K(23872K)->23725K(23872K) Class: 4876K(5056K)->4876K(5056K)
[218.478s][info][gc             ] GC(38) Pause Young (Normal) (G1 Evacuation Pause) 3546M->2013M(4096M) 104.251ms
[218.478s][info][gc,cpu         ] GC(38) User=0.61s Sys=0.01s Real=0.10s
.. (rIR:aIR:PR = 3934:3929:3929) (tPR = 60190) [OK] 
   219s:       trying IR =   4701 .[221.393s][info][gc,start       ] GC(39) Pause Young (Concurrent Start) (G1 Evacuation Pause)
[221.393s][info][gc,task        ] GC(39) Using 6 workers of 6 for evacuation
[221.498s][info][gc,phases      ] GC(39)   Pre Evacuate Collection Set: 0.41ms
[221.498s][info][gc,phases      ] GC(39)   Merge Heap Roots: 0.39ms
[221.498s][info][gc,phases      ] GC(39)   Evacuate Collection Set: 103.25ms
[221.498s][info][gc,phases      ] GC(39)   Post Evacuate Collection Set: 0.82ms
[221.498s][info][gc,phases      ] GC(39)   Other: 0.10ms
[221.498s][info][gc,heap        ] GC(39) Eden regions: 801->0(795)
[221.498s][info][gc,heap        ] GC(39) Survivor regions: 88->91(112)
[221.498s][info][gc,heap        ] GC(39) Old regions: 762->792
[221.498s][info][gc,heap        ] GC(39) Humongous regions: 161->161
[221.498s][info][gc,metaspace   ] GC(39) Metaspace: 28632K(28928K)->28632K(28928K) NonClass: 23751K(23872K)->23751K(23872K) Class: 4881K(5056K)->4881K(5056K)
[221.498s][info][gc             ] GC(39) Pause Young (Concurrent Start) (G1 Evacuation Pause) 3615M->2080M(4096M) 105.102ms
[221.499s][info][gc             ] GC(40) Concurrent Mark Cycle
[221.499s][info][gc,marking     ] GC(40) Concurrent Scan Root Regions
[221.499s][info][gc,cpu         ] GC(39) User=0.62s Sys=0.00s Real=0.10s
[221.646s][info][gc,marking     ] GC(40) Concurrent Scan Root Regions 147.524ms
[221.646s][info][gc,marking     ] GC(40) Concurrent Mark
[221.646s][info][gc,marking     ] GC(40) Concurrent Mark From Roots
[221.646s][info][gc,task        ] GC(40) Using 2 workers of 2 for marking
.[222.352s][info][gc,marking     ] GC(40) Concurrent Mark From Roots 705.436ms
[222.352s][info][gc,marking     ] GC(40) Concurrent Preclean
[222.352s][info][gc,marking     ] GC(40) Concurrent Preclean 0.083ms
[222.352s][info][gc,start       ] GC(40) Pause Remark
[222.357s][info][gc             ] GC(40) Pause Remark 2588M->2368M(4096M) 5.316ms
[222.357s][info][gc,cpu         ] GC(40) User=0.02s Sys=0.00s Real=0.01s
[222.359s][info][gc,marking     ] GC(40) Concurrent Mark 712.417ms
[222.359s][info][gc,marking     ] GC(40) Concurrent Rebuild Remembered Sets and Scrub Regions
[222.703s][info][gc,marking     ] GC(40) Concurrent Rebuild Remembered Sets and Scrub Regions 344.392ms
[222.704s][info][gc,start       ] GC(40) Pause Cleanup
[222.705s][info][gc             ] GC(40) Pause Cleanup 2596M->2596M(4096M) 0.308ms
[222.705s][info][gc,cpu         ] GC(40) User=0.00s Sys=0.00s Real=0.00s
[222.706s][info][gc,marking     ] GC(40) Concurrent Clear Claimed Marks
[222.706s][info][gc,marking     ] GC(40) Concurrent Clear Claimed Marks 0.054ms
[222.706s][info][gc,marking     ] GC(40) Concurrent Cleanup for Next Mark
[222.712s][info][gc,marking     ] GC(40) Concurrent Cleanup for Next Mark 5.806ms
[222.712s][info][gc             ] GC(40) Concurrent Mark Cycle 1213.233ms
.. (rIR:aIR:PR = 4701:4739:4738) (tPR = 70244) [OK] 
   223s:       trying IR =   5621 [224.132s][info][gc,start       ] GC(41) Pause Young (Prepare Mixed) (G1 Evacuation Pause)
[224.132s][info][gc,task        ] GC(41) Using 6 workers of 6 for evacuation
[224.231s][info][gc,phases      ] GC(41)   Pre Evacuate Collection Set: 0.36ms
[224.231s][info][gc,phases      ] GC(41)   Merge Heap Roots: 0.47ms
[224.231s][info][gc,phases      ] GC(41)   Evacuate Collection Set: 97.51ms
[224.231s][info][gc,phases      ] GC(41)   Post Evacuate Collection Set: 0.96ms
[224.231s][info][gc,phases      ] GC(41)   Other: 0.09ms
[224.231s][info][gc,heap        ] GC(41) Eden regions: 795->0(860)
[224.231s][info][gc,heap        ] GC(41) Survivor regions: 91->88(111)
[224.231s][info][gc,heap        ] GC(41) Old regions: 766->797
[224.231s][info][gc,heap        ] GC(41) Humongous regions: 77->77
[224.231s][info][gc,metaspace   ] GC(41) Metaspace: 28634K(28928K)->28634K(28928K) NonClass: 23752K(23872K)->23752K(23872K) Class: 4882K(5056K)->4882K(5056K)
[224.231s][info][gc             ] GC(41) Pause Young (Prepare Mixed) (G1 Evacuation Pause) 3450M->1916M(4096M) 99.522ms
[224.231s][info][gc,cpu         ] GC(41) User=0.59s Sys=0.00s Real=0.10s
..[226.524s][info][gc,start       ] GC(42) Pause Young (Mixed) (G1 Evacuation Pause)
[226.525s][info][gc,task        ] GC(42) Using 6 workers of 6 for evacuation
[226.630s][info][gc,phases      ] GC(42)   Pre Evacuate Collection Set: 0.36ms
[226.630s][info][gc,phases      ] GC(42)   Merge Heap Roots: 0.57ms
[226.630s][info][gc,phases      ] GC(42)   Evacuate Collection Set: 103.84ms
[226.630s][info][gc,phases      ] GC(42)   Post Evacuate Collection Set: 1.03ms
[226.630s][info][gc,phases      ] GC(42)   Other: 0.11ms
[226.630s][info][gc,heap        ] GC(42) Eden regions: 835->0(861)
[226.630s][info][gc,heap        ] GC(42) Survivor regions: 88->87(116)
[226.630s][info][gc,heap        ] GC(42) Old regions: 797->779
[226.630s][info][gc,heap        ] GC(42) Humongous regions: 77->77
[226.630s][info][gc,metaspace   ] GC(42) Metaspace: 28654K(28928K)->28654K(28928K) NonClass: 23772K(23872K)->23772K(23872K) Class: 4882K(5056K)->4882K(5056K)
[226.630s][info][gc             ] GC(42) Pause Young (Mixed) (G1 Evacuation Pause) 3586M->1877M(4096M) 106.045ms
[226.631s][info][gc,cpu         ] GC(42) User=0.62s Sys=0.01s Real=0.10s
.. (rIR:aIR:PR = 5621:5687:5687) (tPR = 83514) [OK] 
   227s:       trying IR =   6725 [228.947s][info][gc,start       ] GC(43) Pause Young (Mixed) (G1 Evacuation Pause)
[228.947s][info][gc,task        ] GC(43) Using 6 workers of 6 for evacuation
[229.063s][info][gc,phases      ] GC(43)   Pre Evacuate Collection Set: 0.38ms
[229.063s][info][gc,phases      ] GC(43)   Merge Heap Roots: 0.77ms
[229.063s][info][gc,phases      ] GC(43)   Evacuate Collection Set: 113.25ms
[229.063s][info][gc,phases      ] GC(43)   Merge Optional Heap Roots: 0.03ms
[229.063s][info][gc,phases      ] GC(43)   Evacuate Optional Collection Set: 0.20ms
[229.063s][info][gc,phases      ] GC(43)   Post Evacuate Collection Set: 1.12ms
[229.063s][info][gc,phases      ] GC(43)   Other: 0.12ms
[229.063s][info][gc,heap        ] GC(43) Eden regions: 861->0(880)
[229.063s][info][gc,heap        ] GC(43) Survivor regions: 87->93(119)
[229.063s][info][gc,heap        ] GC(43) Old regions: 779->755
[229.063s][info][gc,heap        ] GC(43) Humongous regions: 77->77
[229.063s][info][gc,metaspace   ] GC(43) Metaspace: 28655K(28928K)->28655K(28928K) NonClass: 23772K(23872K)->23772K(23872K) Class: 4882K(5056K)->4882K(5056K)
[229.063s][info][gc             ] GC(43) Pause Young (Mixed) (G1 Evacuation Pause) 3599M->1842M(4096M) 116.041ms
[229.063s][info][gc,cpu         ] GC(43) User=0.68s Sys=0.01s Real=0.12s
...[231.114s][info][gc,start       ] GC(44) Pause Young (Mixed) (G1 Evacuation Pause)
[231.114s][info][gc,task        ] GC(44) Using 6 workers of 6 for evacuation
[231.231s][info][gc,phases      ] GC(44)   Pre Evacuate Collection Set: 0.38ms
[231.231s][info][gc,phases      ] GC(44)   Merge Heap Roots: 0.72ms
[231.231s][info][gc,phases      ] GC(44)   Evacuate Collection Set: 114.78ms
[231.231s][info][gc,phases      ] GC(44)   Merge Optional Heap Roots: 0.04ms
[231.231s][info][gc,phases      ] GC(44)   Evacuate Optional Collection Set: 0.43ms
[231.231s][info][gc,phases      ] GC(44)   Post Evacuate Collection Set: 1.14ms
[231.231s][info][gc,phases      ] GC(44)   Other: 0.13ms
[231.231s][info][gc,heap        ] GC(44) Eden regions: 880->0(534)
[231.231s][info][gc,heap        ] GC(44) Survivor regions: 93->94(122)
[231.231s][info][gc,heap        ] GC(44) Old regions: 755->718
[231.231s][info][gc,heap        ] GC(44) Humongous regions: 77->77
[231.231s][info][gc,metaspace   ] GC(44) Metaspace: 28683K(28992K)->28683K(28992K) NonClass: 23801K(23936K)->23801K(23936K) Class: 4882K(5056K)->4882K(5056K)
[231.231s][info][gc             ] GC(44) Pause Young (Mixed) (G1 Evacuation Pause) 3602M->1770M(4096M) 117.761ms
[231.231s][info][gc,cpu         ] GC(44) User=0.69s Sys=0.00s Real=0.11s
.[232.649s][info][gc,start       ] GC(45) Pause Young (Mixed) (G1 Evacuation Pause)
[232.649s][info][gc,task        ] GC(45) Using 6 workers of 6 for evacuation
[232.758s][info][gc,phases      ] GC(45)   Pre Evacuate Collection Set: 0.36ms
[232.758s][info][gc,phases      ] GC(45)   Merge Heap Roots: 0.69ms
[232.758s][info][gc,phases      ] GC(45)   Evacuate Collection Set: 106.45ms
[232.758s][info][gc,phases      ] GC(45)   Post Evacuate Collection Set: 0.98ms
[232.758s][info][gc,phases      ] GC(45)   Other: 0.09ms
[232.758s][info][gc,heap        ] GC(45) Eden regions: 629->0(922)
[232.758s][info][gc,heap        ] GC(45) Survivor regions: 94->42(91)
[232.758s][info][gc,heap        ] GC(45) Old regions: 718->744
[232.758s][info][gc,heap        ] GC(45) Humongous regions: 77->77
[232.758s][info][gc,metaspace   ] GC(45) Metaspace: 28683K(28992K)->28683K(28992K) NonClass: 23801K(23936K)->23801K(23936K) Class: 4882K(5056K)->4882K(5056K)
[232.758s][info][gc             ] GC(45) Pause Young (Mixed) (G1 Evacuation Pause) 3028M->1719M(4096M) 108.699ms
[232.758s][info][gc,cpu         ] GC(45) User=0.64s Sys=0.01s Real=0.11s
.. (rIR:aIR:PR = 6725:6781:6877) (tPR = 105638) [OK] 
   233s:       trying IR =   8050 [234.805s][info][gc,start       ] GC(46) Pause Young (Mixed) (G1 Evacuation Pause)
[234.805s][info][gc,task        ] GC(46) Using 6 workers of 6 for evacuation
[234.905s][info][gc,phases      ] GC(46)   Pre Evacuate Collection Set: 0.38ms
[234.905s][info][gc,phases      ] GC(46)   Merge Heap Roots: 0.78ms
[234.905s][info][gc,phases      ] GC(46)   Evacuate Collection Set: 93.10ms
[234.905s][info][gc,phases      ] GC(46)   Merge Optional Heap Roots: 0.18ms
[234.905s][info][gc,phases      ] GC(46)   Evacuate Optional Collection Set: 4.83ms
[234.905s][info][gc,phases      ] GC(46)   Post Evacuate Collection Set: 1.19ms
[234.905s][info][gc,phases      ] GC(46)   Other: 0.12ms
[234.905s][info][gc,heap        ] GC(46) Eden regions: 922->0(949)
[234.905s][info][gc,heap        ] GC(46) Survivor regions: 42->87(121)
[234.905s][info][gc,heap        ] GC(46) Old regions: 744->660
[234.905s][info][gc,heap        ] GC(46) Humongous regions: 77->77
[234.905s][info][gc,metaspace   ] GC(46) Metaspace: 28688K(28992K)->28688K(28992K) NonClass: 23806K(23936K)->23806K(23936K) Class: 4882K(5056K)->4882K(5056K)
[234.905s][info][gc             ] GC(46) Pause Young (Mixed) (G1 Evacuation Pause) 3563M->1643M(4096M) 100.722ms
[234.905s][info][gc,cpu         ] GC(46) User=0.60s Sys=0.00s Real=0.10s
..[236.723s][info][gc,start       ] GC(47) Pause Young (Mixed) (G1 Evacuation Pause)
[236.723s][info][gc,task        ] GC(47) Using 6 workers of 6 for evacuation
[236.853s][info][gc,phases      ] GC(47)   Pre Evacuate Collection Set: 0.39ms
[236.853s][info][gc,phases      ] GC(47)   Merge Heap Roots: 0.95ms
[236.853s][info][gc,phases      ] GC(47)   Evacuate Collection Set: 123.02ms
[236.853s][info][gc,phases      ] GC(47)   Merge Optional Heap Roots: 0.21ms
[236.853s][info][gc,phases      ] GC(47)   Evacuate Optional Collection Set: 4.42ms
[236.853s][info][gc,phases      ] GC(47)   Post Evacuate Collection Set: 1.26ms
[236.853s][info][gc,phases      ] GC(47)   Other: 0.11ms
[236.853s][info][gc,heap        ] GC(47) Eden regions: 949->0(978)
[236.853s][info][gc,heap        ] GC(47) Survivor regions: 87->97(130)
[236.853s][info][gc,heap        ] GC(47) Old regions: 660->621
[236.853s][info][gc,heap        ] GC(47) Humongous regions: 77->77
[236.853s][info][gc,metaspace   ] GC(47) Metaspace: 28688K(28992K)->28688K(28992K) NonClass: 23806K(23936K)->23806K(23936K) Class: 4882K(5056K)->4882K(5056K)
[236.853s][info][gc             ] GC(47) Pause Young (Mixed) (G1 Evacuation Pause) 3541M->1585M(4096M) 130.487ms
[236.853s][info][gc,cpu         ] GC(47) User=0.76s Sys=0.01s Real=0.14s
.. (rIR:aIR:PR = 8050:8183:8183) (tPR = 123029) [OK] 
   237s:       trying IR =   9640 [238.698s][info][gc,start       ] GC(48) Pause Young (Mixed) (G1 Evacuation Pause)
[238.698s][info][gc,task        ] GC(48) Using 6 workers of 6 for evacuation
[238.824s][info][gc,phases      ] GC(48)   Pre Evacuate Collection Set: 0.36ms
[238.824s][info][gc,phases      ] GC(48)   Merge Heap Roots: 0.90ms
[238.824s][info][gc,phases      ] GC(48)   Evacuate Collection Set: 123.67ms
[238.824s][info][gc,phases      ] GC(48)   Post Evacuate Collection Set: 0.92ms
[238.824s][info][gc,phases      ] GC(48)   Other: 0.10ms
[238.824s][info][gc,heap        ] GC(48) Eden regions: 978->0(981)
[238.824s][info][gc,heap        ] GC(48) Survivor regions: 97->99(135)
[238.824s][info][gc,heap        ] GC(48) Old regions: 621->640
[238.824s][info][gc,heap        ] GC(48) Humongous regions: 77->77
[238.824s][info][gc,metaspace   ] GC(48) Metaspace: 28690K(28992K)->28690K(28992K) NonClass: 23808K(23936K)->23808K(23936K) Class: 4882K(5056K)->4882K(5056K)
[238.824s][info][gc             ] GC(48) Pause Young (Mixed) (G1 Evacuation Pause) 3541M->1629M(4096M) 126.090ms
[238.824s][info][gc,cpu         ] GC(48) User=0.75s Sys=0.01s Real=0.13s
..[240.423s][info][gc,start       ] GC(49) Pause Young (Normal) (G1 Evacuation Pause)
[240.423s][info][gc,task        ] GC(49) Using 6 workers of 6 for evacuation
[240.541s][info][gc,phases      ] GC(49)   Pre Evacuate Collection Set: 0.37ms
[240.541s][info][gc,phases      ] GC(49)   Merge Heap Roots: 0.62ms
[240.541s][info][gc,phases      ] GC(49)   Evacuate Collection Set: 115.76ms
[240.541s][info][gc,phases      ] GC(49)   Post Evacuate Collection Set: 0.92ms
[240.541s][info][gc,phases      ] GC(49)   Other: 0.09ms
[240.541s][info][gc,heap        ] GC(49) Eden regions: 981->0(972)
[240.541s][info][gc,heap        ] GC(49) Survivor regions: 99->108(135)
[240.541s][info][gc,heap        ] GC(49) Old regions: 640->670
[240.541s][info][gc,heap        ] GC(49) Humongous regions: 77->77
[240.541s][info][gc,metaspace   ] GC(49) Metaspace: 28717K(29056K)->28717K(29056K) NonClass: 23835K(24000K)->23835K(24000K) Class: 4882K(5056K)->4882K(5056K)
[240.541s][info][gc             ] GC(49) Pause Young (Normal) (G1 Evacuation Pause) 3591M->1708M(4096M) 117.881ms
[240.541s][info][gc,cpu         ] GC(49) User=0.70s Sys=0.00s Real=0.12s
..[242.145s][info][gc,start       ] GC(50) Pause Young (Normal) (G1 Evacuation Pause)
[242.145s][info][gc,task        ] GC(50) Using 6 workers of 6 for evacuation
[242.258s][info][gc,phases      ] GC(50)   Pre Evacuate Collection Set: 0.37ms
[242.258s][info][gc,phases      ] GC(50)   Merge Heap Roots: 0.44ms
[242.258s][info][gc,phases      ] GC(50)   Evacuate Collection Set: 111.51ms
[242.258s][info][gc,phases      ] GC(50)   Post Evacuate Collection Set: 0.90ms
[242.258s][info][gc,phases      ] GC(50)   Other: 0.08ms
[242.258s][info][gc,heap        ] GC(50) Eden regions: 972->0(958)
[242.258s][info][gc,heap        ] GC(50) Survivor regions: 108->104(135)
[242.258s][info][gc,heap        ] GC(50) Old regions: 670->702
[242.258s][info][gc,heap        ] GC(50) Humongous regions: 77->77
[242.258s][info][gc,metaspace   ] GC(50) Metaspace: 28729K(29056K)->28729K(29056K) NonClass: 23846K(24000K)->23846K(24000K) Class: 4882K(5056K)->4882K(5056K)
[242.258s][info][gc             ] GC(50) Pause Young (Normal) (G1 Evacuation Pause) 3652M->1764M(4096M) 113.452ms
[242.258s][info][gc,cpu         ] GC(50) User=0.67s Sys=0.00s Real=0.11s
. (rIR:aIR:PR = 9640:9801:9803) (tPR = 144315) [OK] 
   242s:       trying IR =  11548 [243.731s][info][gc,start       ] GC(51) Pause Young (Normal) (G1 Evacuation Pause)
[243.731s][info][gc,task        ] GC(51) Using 6 workers of 6 for evacuation
[243.846s][info][gc,phases      ] GC(51)   Pre Evacuate Collection Set: 0.33ms
[243.846s][info][gc,phases      ] GC(51)   Merge Heap Roots: 0.47ms
[243.846s][info][gc,phases      ] GC(51)   Evacuate Collection Set: 112.73ms
[243.846s][info][gc,phases      ] GC(51)   Post Evacuate Collection Set: 0.83ms
[243.846s][info][gc,phases      ] GC(51)   Other: 0.08ms
[243.846s][info][gc,heap        ] GC(51) Eden regions: 958->0(926)
[243.846s][info][gc,heap        ] GC(51) Survivor regions: 104->104(133)
[243.846s][info][gc,heap        ] GC(51) Old regions: 702->734
[243.846s][info][gc,heap        ] GC(51) Humongous regions: 77->77
[243.846s][info][gc,metaspace   ] GC(51) Metaspace: 28735K(29056K)->28735K(29056K) NonClass: 23853K(24000K)->23853K(24000K) Class: 4882K(5056K)->4882K(5056K)
[243.846s][info][gc             ] GC(51) Pause Young (Normal) (G1 Evacuation Pause) 3680M->1827M(4096M) 114.574ms
[243.846s][info][gc,cpu         ] GC(51) User=0.67s Sys=0.00s Real=0.12s
.[245.130s][info][gc,start       ] GC(52) Pause Young (Normal) (G1 Evacuation Pause)
[245.130s][info][gc,task        ] GC(52) Using 6 workers of 6 for evacuation
[245.242s][info][gc,phases      ] GC(52)   Pre Evacuate Collection Set: 0.36ms
[245.242s][info][gc,phases      ] GC(52)   Merge Heap Roots: 0.42ms
[245.242s][info][gc,phases      ] GC(52)   Evacuate Collection Set: 110.53ms
[245.242s][info][gc,phases      ] GC(52)   Post Evacuate Collection Set: 0.81ms
[245.242s][info][gc,phases      ] GC(52)   Other: 0.07ms
[245.242s][info][gc,heap        ] GC(52) Eden regions: 926->0(899)
[245.242s][info][gc,heap        ] GC(52) Survivor regions: 104->101(129)
[245.242s][info][gc,heap        ] GC(52) Old regions: 734->767
[245.242s][info][gc,heap        ] GC(52) Humongous regions: 77->77
[245.242s][info][gc,metaspace   ] GC(52) Metaspace: 28735K(29056K)->28735K(29056K) NonClass: 23853K(24000K)->23853K(24000K) Class: 4882K(5056K)->4882K(5056K)
[245.242s][info][gc             ] GC(52) Pause Young (Normal) (G1 Evacuation Pause) 3679M->1887M(4096M) 112.326ms
[245.242s][info][gc,cpu         ] GC(52) User=0.66s Sys=0.00s Real=0.11s
..[246.469s][info][gc,start       ] GC(53) Pause Young (Normal) (G1 Evacuation Pause)
[246.469s][info][gc,task        ] GC(53) Using 6 workers of 6 for evacuation
[246.580s][info][gc,phases      ] GC(53)   Pre Evacuate Collection Set: 0.38ms
[246.580s][info][gc,phases      ] GC(53)   Merge Heap Roots: 0.45ms
[246.580s][info][gc,phases      ] GC(53)   Evacuate Collection Set: 109.13ms
[246.580s][info][gc,phases      ] GC(53)   Post Evacuate Collection Set: 0.78ms
[246.580s][info][gc,phases      ] GC(53)   Other: 0.08ms
[246.580s][info][gc,heap        ] GC(53) Eden regions: 899->0(867)
[246.580s][info][gc,heap        ] GC(53) Survivor regions: 101->101(125)
[246.580s][info][gc,heap        ] GC(53) Old regions: 767->799
[246.580s][info][gc,heap        ] GC(53) Humongous regions: 77->77
[246.580s][info][gc,metaspace   ] GC(53) Metaspace: 28752K(29056K)->28752K(29056K) NonClass: 23869K(24000K)->23869K(24000K) Class: 4882K(5056K)->4882K(5056K)
[246.580s][info][gc             ] GC(53) Pause Young (Normal) (G1 Evacuation Pause) 3685M->1952M(4096M) 110.954ms
[246.580s][info][gc,cpu         ] GC(53) User=0.66s Sys=0.00s Real=0.11s
.[247.752s][info][gc,start       ] GC(54) Pause Young (Normal) (G1 Evacuation Pause)
[247.753s][info][gc,task        ] GC(54) Using 6 workers of 6 for evacuation
[247.857s][info][gc,phases      ] GC(54)   Pre Evacuate Collection Set: 0.37ms
[247.857s][info][gc,phases      ] GC(54)   Merge Heap Roots: 0.40ms
[247.857s][info][gc,phases      ] GC(54)   Evacuate Collection Set: 103.02ms
[247.857s][info][gc,phases      ] GC(54)   Post Evacuate Collection Set: 0.75ms
[247.857s][info][gc,phases      ] GC(54)   Other: 0.07ms
[247.857s][info][gc,heap        ] GC(54) Eden regions: 867->0(885)
[247.857s][info][gc,heap        ] GC(54) Survivor regions: 101->57(121)
[247.857s][info][gc,heap        ] GC(54) Old regions: 799->869
[247.857s][info][gc,heap        ] GC(54) Humongous regions: 77->77
[247.857s][info][gc,metaspace   ] GC(54) Metaspace: 28752K(29056K)->28752K(29056K) NonClass: 23869K(24000K)->23869K(24000K) Class: 4882K(5056K)->4882K(5056K)
[247.857s][info][gc             ] GC(54) Pause Young (Normal) (G1 Evacuation Pause) 3686M->2004M(4096M) 104.737ms
[247.857s][info][gc,cpu         ] GC(54) User=0.62s Sys=0.00s Real=0.11s
. (rIR:aIR:PR = 11548:11331:11412) (tPR = 168391) [OK] 
   248s:       trying IR =  13837 [249.063s][info][gc,start       ] GC(55) Pause Young (Concurrent Start) (G1 Evacuation Pause)
[249.063s][info][gc,task        ] GC(55) Using 6 workers of 6 for evacuation
[249.150s][info][gc,phases      ] GC(55)   Pre Evacuate Collection Set: 0.39ms
[249.150s][info][gc,phases      ] GC(55)   Merge Heap Roots: 0.40ms
[249.150s][info][gc,phases      ] GC(55)   Evacuate Collection Set: 85.30ms
[249.150s][info][gc,phases      ] GC(55)   Post Evacuate Collection Set: 0.74ms
[249.150s][info][gc,phases      ] GC(55)   Other: 0.10ms
[249.150s][info][gc,heap        ] GC(55) Eden regions: 885->0(803)
[249.150s][info][gc,heap        ] GC(55) Survivor regions: 57->98(118)
[249.150s][info][gc,heap        ] GC(55) Old regions: 869->869
[249.150s][info][gc,heap        ] GC(55) Humongous regions: 77->77
[249.150s][info][gc,metaspace   ] GC(55) Metaspace: 28752K(29056K)->28752K(29056K) NonClass: 23869K(24000K)->23869K(24000K) Class: 4882K(5056K)->4882K(5056K)
[249.150s][info][gc             ] GC(55) Pause Young (Concurrent Start) (G1 Evacuation Pause) 3774M->2085M(4096M) 87.087ms
[249.150s][info][gc             ] GC(56) Concurrent Mark Cycle
[249.150s][info][gc,marking     ] GC(56) Concurrent Scan Root Regions
[249.150s][info][gc,cpu         ] GC(55) User=0.51s Sys=0.00s Real=0.08s
[249.281s][info][gc,marking     ] GC(56) Concurrent Scan Root Regions 130.276ms
[249.281s][info][gc,marking     ] GC(56) Concurrent Mark
[249.282s][info][gc,marking     ] GC(56) Concurrent Mark From Roots
[249.282s][info][gc,task        ] GC(56) Using 2 workers of 2 for marking
[250.113s][info][gc,marking     ] GC(56) Concurrent Mark From Roots 831.513ms
[250.113s][info][gc,marking     ] GC(56) Concurrent Preclean
[250.113s][info][gc,marking     ] GC(56) Concurrent Preclean 0.187ms
[250.115s][info][gc,start       ] GC(56) Pause Remark
[250.121s][info][gc             ] GC(56) Pause Remark 3003M->2993M(4096M) 5.608ms
[250.121s][info][gc,cpu         ] GC(56) User=0.02s Sys=0.00s Real=0.00s
[250.121s][info][gc,marking     ] GC(56) Concurrent Mark 839.878ms
[250.121s][info][gc,marking     ] GC(56) Concurrent Rebuild Remembered Sets and Scrub Regions
.[250.547s][info][gc,marking     ] GC(56) Concurrent Rebuild Remembered Sets and Scrub Regions 426.252ms
[250.548s][info][gc,start       ] GC(56) Pause Cleanup
[250.549s][info][gc             ] GC(56) Pause Cleanup 3425M->3425M(4096M) 0.327ms
[250.549s][info][gc,cpu         ] GC(56) User=0.00s Sys=0.00s Real=0.00s
[250.550s][info][gc,marking     ] GC(56) Concurrent Clear Claimed Marks
[250.550s][info][gc,marking     ] GC(56) Concurrent Clear Claimed Marks 0.058ms
[250.550s][info][gc,marking     ] GC(56) Concurrent Cleanup for Next Mark
[250.569s][info][gc,marking     ] GC(56) Concurrent Cleanup for Next Mark 18.364ms
[250.569s][info][gc             ] GC(56) Concurrent Mark Cycle 1418.410ms
[250.709s][info][gc,start       ] GC(57) Pause Young (Prepare Mixed) (G1 Evacuation Pause)
[250.709s][info][gc,task        ] GC(57) Using 6 workers of 6 for evacuation
[250.822s][info][gc,phases      ] GC(57)   Pre Evacuate Collection Set: 0.34ms
[250.822s][info][gc,phases      ] GC(57)   Merge Heap Roots: 0.45ms
[250.822s][info][gc,phases      ] GC(57)   Evacuate Collection Set: 111.67ms
[250.822s][info][gc,phases      ] GC(57)   Post Evacuate Collection Set: 0.91ms
[250.822s][info][gc,phases      ] GC(57)   Other: 0.09ms
[250.822s][info][gc,heap        ] GC(57) Eden regions: 803->0(804)
[250.822s][info][gc,heap        ] GC(57) Survivor regions: 98->65(113)
[250.822s][info][gc,heap        ] GC(57) Old regions: 864->934
[250.822s][info][gc,heap        ] GC(57) Humongous regions: 77->77
[250.822s][info][gc,metaspace   ] GC(57) Metaspace: 28752K(29056K)->28752K(29056K) NonClass: 23870K(24000K)->23870K(24000K) Class: 4882K(5056K)->4882K(5056K)
[250.822s][info][gc             ] GC(57) Pause Young (Prepare Mixed) (G1 Evacuation Pause) 3681M->2149M(4096M) 113.592ms
[250.823s][info][gc,cpu         ] GC(57) User=0.67s Sys=0.00s Real=0.11s
.[251.885s][info][gc,start       ] GC(58) Pause Young (Mixed) (G1 Evacuation Pause)
[251.885s][info][gc,task        ] GC(58) Using 6 workers of 6 for evacuation
[251.977s][info][gc,phases      ] GC(58)   Pre Evacuate Collection Set: 0.40ms
[251.977s][info][gc,phases      ] GC(58)   Merge Heap Roots: 0.57ms
[251.977s][info][gc,phases      ] GC(58)   Evacuate Collection Set: 89.41ms
[251.977s][info][gc,phases      ] GC(58)   Post Evacuate Collection Set: 0.99ms
[251.977s][info][gc,phases      ] GC(58)   Other: 0.10ms
[251.977s][info][gc,heap        ] GC(58) Eden regions: 804->0(968)
[251.977s][info][gc,heap        ] GC(58) Survivor regions: 65->56(109)
[251.977s][info][gc,heap        ] GC(58) Old regions: 934->771
[251.977s][info][gc,heap        ] GC(58) Humongous regions: 77->77
[251.977s][info][gc,metaspace   ] GC(58) Metaspace: 28752K(29056K)->28752K(29056K) NonClass: 23870K(24000K)->23870K(24000K) Class: 4882K(5056K)->4882K(5056K)
[251.977s][info][gc             ] GC(58) Pause Young (Mixed) (G1 Evacuation Pause) 3757M->1805M(4096M) 91.617ms
[251.977s][info][gc,cpu         ] GC(58) User=0.54s Sys=0.00s Real=0.09s
.[253.323s][info][gc,start       ] GC(59) Pause Young (Mixed) (G1 Evacuation Pause)
[253.323s][info][gc,task        ] GC(59) Using 6 workers of 6 for evacuation
[253.484s][info][gc,phases      ] GC(59)   Pre Evacuate Collection Set: 0.43ms
[253.484s][info][gc,phases      ] GC(59)   Merge Heap Roots: 0.78ms
[253.484s][info][gc,phases      ] GC(59)   Evacuate Collection Set: 158.40ms
[253.484s][info][gc,phases      ] GC(59)   Post Evacuate Collection Set: 1.17ms
[253.484s][info][gc,phases      ] GC(59)   Other: 0.10ms
[253.484s][info][gc,heap        ] GC(59) Eden regions: 968->0(1018)
[253.484s][info][gc,heap        ] GC(59) Survivor regions: 56->104(128)
[253.484s][info][gc,heap        ] GC(59) Old regions: 771->586
[253.484s][info][gc,heap        ] GC(59) Humongous regions: 77->77
[253.484s][info][gc,metaspace   ] GC(59) Metaspace: 28753K(29056K)->28753K(29056K) NonClass: 23870K(24000K)->23870K(24000K) Class: 4882K(5056K)->4882K(5056K)
[253.484s][info][gc             ] GC(59) Pause Young (Mixed) (G1 Evacuation Pause) 3741M->1532M(4096M) 161.010ms
[253.484s][info][gc,cpu         ] GC(59) User=0.71s Sys=0.00s Real=0.17s
..[254.873s][info][gc,start       ] GC(60) Pause Young (Mixed) (G1 Evacuation Pause)
[254.873s][info][gc,task        ] GC(60) Using 6 workers of 6 for evacuation
[255.020s][info][gc,phases      ] GC(60)   Pre Evacuate Collection Set: 0.36ms
[255.020s][info][gc,phases      ] GC(60)   Merge Heap Roots: 0.87ms
[255.020s][info][gc,phases      ] GC(60)   Evacuate Collection Set: 144.47ms
[255.020s][info][gc,phases      ] GC(60)   Post Evacuate Collection Set: 1.21ms
[255.020s][info][gc,phases      ] GC(60)   Other: 0.13ms
[255.020s][info][gc,heap        ] GC(60) Eden regions: 1070->0(832)
[255.020s][info][gc,heap        ] GC(60) Survivor regions: 104->118(147)
[255.020s][info][gc,heap        ] GC(60) Old regions: 586->565
[255.020s][info][gc,heap        ] GC(60) Humongous regions: 77->77
[255.020s][info][gc,metaspace   ] GC(60) Metaspace: 28753K(29056K)->28753K(29056K) NonClass: 23871K(24000K)->23871K(24000K) Class: 4882K(5056K)->4882K(5056K)
[255.020s][info][gc             ] GC(60) Pause Young (Mixed) (G1 Evacuation Pause) 3672M->1516M(4096M) 147.173ms
[255.020s][info][gc,cpu         ] GC(60) User=0.87s Sys=0.00s Real=0.14s
[256.049s][info][gc,start       ] GC(61) Pause Young (Mixed) (G1 Evacuation Pause)
[256.049s][info][gc,task        ] GC(61) Using 6 workers of 6 for evacuation
[256.195s][info][gc,phases      ] GC(61)   Pre Evacuate Collection Set: 0.38ms
[256.195s][info][gc,phases      ] GC(61)   Merge Heap Roots: 1.18ms
[256.195s][info][gc,phases      ] GC(61)   Evacuate Collection Set: 143.44ms
[256.195s][info][gc,phases      ] GC(61)   Post Evacuate Collection Set: 0.69ms
[256.195s][info][gc,phases      ] GC(61)   Other: 0.09ms
[256.195s][info][gc,heap        ] GC(61) Eden regions: 790->0(1039)
[256.195s][info][gc,heap        ] GC(61) Survivor regions: 118->59(114)
[256.195s][info][gc,heap        ] GC(61) Old regions: 565->620
[256.195s][info][gc,heap        ] GC(61) Humongous regions: 77->77
[256.195s][info][gc,metaspace   ] GC(61) Metaspace: 28754K(29056K)->28754K(29056K) NonClass: 23871K(24000K)->23871K(24000K) Class: 4882K(5056K)->4882K(5056K)
[256.195s][info][gc             ] GC(61) Pause Young (Mixed) (G1 Evacuation Pause) 3096M->1510M(4096M) 145.911ms
[256.195s][info][gc,cpu         ] GC(61) User=0.86s Sys=0.00s Real=0.15s
.[257.538s][info][gc,start       ] GC(62) Pause Young (Normal) (G1 Evacuation Pause)
[257.538s][info][gc,task        ] GC(62) Using 6 workers of 6 for evacuation
[257.628s][info][gc,phases      ] GC(62)   Pre Evacuate Collection Set: 0.36ms
[257.628s][info][gc,phases      ] GC(62)   Merge Heap Roots: 0.43ms
[257.628s][info][gc,phases      ] GC(62)   Evacuate Collection Set: 88.17ms
[257.628s][info][gc,phases      ] GC(62)   Post Evacuate Collection Set: 0.83ms
[257.628s][info][gc,phases      ] GC(62)   Other: 0.07ms
[257.628s][info][gc,heap        ] GC(62) Eden regions: 1039->0(1031)
[257.628s][info][gc,heap        ] GC(62) Survivor regions: 59->103(138)
[257.628s][info][gc,heap        ] GC(62) Old regions: 620->620
[257.628s][info][gc,heap        ] GC(62) Humongous regions: 77->77
[257.628s][info][gc,metaspace   ] GC(62) Metaspace: 28754K(29056K)->28754K(29056K) NonClass: 23872K(24000K)->23872K(24000K) Class: 4882K(5056K)->4882K(5056K)
[257.628s][info][gc             ] GC(62) Pause Young (Normal) (G1 Evacuation Pause) 3588M->1597M(4096M) 90.011ms
[257.628s][info][gc,cpu         ] GC(62) User=0.53s Sys=0.00s Real=0.09s
..[259.034s][info][gc,start       ] GC(63) Pause Young (Normal) (G1 Evacuation Pause)
[259.034s][info][gc,task        ] GC(63) Using 6 workers of 6 for evacuation
[259.157s][info][gc,phases      ] GC(63)   Pre Evacuate Collection Set: 0.34ms
[259.157s][info][gc,phases      ] GC(63)   Merge Heap Roots: 0.46ms
[259.157s][info][gc,phases      ] GC(63)   Evacuate Collection Set: 121.39ms
[259.157s][info][gc,phases      ] GC(63)   Post Evacuate Collection Set: 0.92ms
[259.157s][info][gc,phases      ] GC(63)   Other: 0.08ms
[259.157s][info][gc,heap        ] GC(63) Eden regions: 1031->0(988)
[259.157s][info][gc,heap        ] GC(63) Survivor regions: 103->117(142)
[259.157s][info][gc,heap        ] GC(63) Old regions: 620->646
[259.157s][info][gc,heap        ] GC(63) Humongous regions: 77->77
[259.157s][info][gc,metaspace   ] GC(63) Metaspace: 28754K(29056K)->28754K(29056K) NonClass: 23872K(24000K)->23872K(24000K) Class: 4882K(5056K)->4882K(5056K)
[259.157s][info][gc             ] GC(63) Pause Young (Normal) (G1 Evacuation Pause) 3659M->1676M(4096M) 123.319ms
[259.157s][info][gc,cpu         ] GC(63) User=0.73s Sys=0.00s Real=0.12s
.[260.477s][info][gc,start       ] GC(64) Pause Young (Normal) (G1 Evacuation Pause)
[260.477s][info][gc,task        ] GC(64) Using 6 workers of 6 for evacuation
[260.613s][info][gc,phases      ] GC(64)   Pre Evacuate Collection Set: 0.36ms
[260.613s][info][gc,phases      ] GC(64)   Merge Heap Roots: 0.56ms
[260.613s][info][gc,phases      ] GC(64)   Evacuate Collection Set: 134.01ms
[260.613s][info][gc,phases      ] GC(64)   Post Evacuate Collection Set: 0.83ms
[260.613s][info][gc,phases      ] GC(64)   Other: 0.07ms
[260.613s][info][gc,heap        ] GC(64) Eden regions: 988->0(982)
[260.613s][info][gc,heap        ] GC(64) Survivor regions: 117->78(139)
[260.613s][info][gc,heap        ] GC(64) Old regions: 646->723
[260.613s][info][gc,heap        ] GC(64) Humongous regions: 77->77
[260.613s][info][gc,metaspace   ] GC(64) Metaspace: 28759K(29056K)->28759K(29056K) NonClass: 23877K(24000K)->23877K(24000K) Class: 4882K(5056K)->4882K(5056K)
[260.613s][info][gc             ] GC(64) Pause Young (Normal) (G1 Evacuation Pause) 3652M->1753M(4096M) 135.980ms
[260.613s][info][gc,cpu         ] GC(64) User=0.81s Sys=0.00s Real=0.13s
.[261.888s][info][gc,start       ] GC(65) Pause Young (Normal) (G1 Evacuation Pause)
[261.888s][info][gc,task        ] GC(65) Using 6 workers of 6 for evacuation
[261.982s][info][gc,phases      ] GC(65)   Pre Evacuate Collection Set: 0.34ms
[261.982s][info][gc,phases      ] GC(65)   Merge Heap Roots: 0.44ms
[261.982s][info][gc,phases      ] GC(65)   Evacuate Collection Set: 92.53ms
[261.982s][info][gc,phases      ] GC(65)   Post Evacuate Collection Set: 0.80ms
[261.982s][info][gc,phases      ] GC(65)   Other: 0.07ms
[261.982s][info][gc,heap        ] GC(65) Eden regions: 982->0(957)
[261.982s][info][gc,heap        ] GC(65) Survivor regions: 78->66(133)
[261.982s][info][gc,heap        ] GC(65) Old regions: 723->768
[261.982s][info][gc,heap        ] GC(65) Humongous regions: 77->77
[261.982s][info][gc,metaspace   ] GC(65) Metaspace: 28759K(29056K)->28759K(29056K) NonClass: 23877K(24000K)->23877K(24000K) Class: 4882K(5056K)->4882K(5056K)
[261.982s][info][gc             ] GC(65) Pause Young (Normal) (G1 Evacuation Pause) 3717M->1818M(4096M) 94.323ms
[261.982s][info][gc,cpu         ] GC(65) User=0.55s Sys=0.01s Real=0.09s
.[263.138s][info][gc,start       ] GC(66) Pause Young (Normal) (G1 Evacuation Pause)
[263.138s][info][gc,task        ] GC(66) Using 6 workers of 6 for evacuation
[263.242s][info][gc,phases      ] GC(66)   Pre Evacuate Collection Set: 0.35ms
[263.242s][info][gc,phases      ] GC(66)   Merge Heap Roots: 0.40ms
[263.242s][info][gc,phases      ] GC(66)   Evacuate Collection Set: 102.56ms
[263.242s][info][gc,phases      ] GC(66)   Post Evacuate Collection Set: 0.77ms
[263.242s][info][gc,phases      ] GC(66)   Other: 0.08ms
[263.242s][info][gc,heap        ] GC(66) Eden regions: 957->0(860)
[263.242s][info][gc,heap        ] GC(66) Survivor regions: 66->120(128)
[263.242s][info][gc,heap        ] GC(66) Old regions: 768->768
[263.242s][info][gc,heap        ] GC(66) Humongous regions: 77->77
[263.242s][info][gc,metaspace   ] GC(66) Metaspace: 28759K(29056K)->28759K(29056K) NonClass: 23877K(24000K)->23877K(24000K) Class: 4882K(5056K)->4882K(5056K)
[263.242s][info][gc             ] GC(66) Pause Young (Normal) (G1 Evacuation Pause) 3732M->1927M(4096M) 104.297ms
[263.242s][info][gc,cpu         ] GC(66) User=0.62s Sys=0.00s Real=0.10s
[264.146s][info][gc,start       ] GC(67) Pause Young (Normal) (G1 Evacuation Pause)
[264.146s][info][gc,task        ] GC(67) Using 6 workers of 6 for evacuation
[264.265s][info][gc,phases      ] GC(67)   Pre Evacuate Collection Set: 0.34ms
[264.265s][info][gc,phases      ] GC(67)   Merge Heap Roots: 0.43ms
[264.265s][info][gc,phases      ] GC(67)   Evacuate Collection Set: 117.61ms
[264.265s][info][gc,phases      ] GC(67)   Post Evacuate Collection Set: 0.77ms
[264.265s][info][gc,phases      ] GC(67)   Other: 0.07ms
[264.265s][info][gc,heap        ] GC(67) Eden regions: 860->0(884)
[264.265s][info][gc,heap        ] GC(67) Survivor regions: 120->71(123)
[264.265s][info][gc,heap        ] GC(67) Old regions: 768->842
[264.265s][info][gc,heap        ] GC(67) Humongous regions: 77->77
[264.265s][info][gc,metaspace   ] GC(67) Metaspace: 28759K(29056K)->28759K(29056K) NonClass: 23877K(24000K)->23877K(24000K) Class: 4882K(5056K)->4882K(5056K)
[264.265s][info][gc             ] GC(67) Pause Young (Normal) (G1 Evacuation Pause) 3647M->1977M(4096M) 119.377ms
[264.265s][info][gc,cpu         ] GC(67) User=0.70s Sys=0.00s Real=0.12s
.[265.510s][info][gc,start       ] GC(68) Pause Young (Normal) (G1 Evacuation Pause)
[265.510s][info][gc,task        ] GC(68) Using 6 workers of 6 for evacuation
[265.610s][info][gc,phases      ] GC(68)   Pre Evacuate Collection Set: 0.34ms
[265.610s][info][gc,phases      ] GC(68)   Merge Heap Roots: 0.46ms
[265.610s][info][gc,phases      ] GC(68)   Evacuate Collection Set: 97.36ms
[265.610s][info][gc,phases      ] GC(68)   Post Evacuate Collection Set: 0.79ms
[265.610s][info][gc,phases      ] GC(68)   Other: 0.86ms
[265.610s][info][gc,heap        ] GC(68) Eden regions: 884->0(846)
[265.610s][info][gc,heap        ] GC(68) Survivor regions: 71->65(120)
[265.610s][info][gc,heap        ] GC(68) Old regions: 842->891
[265.610s][info][gc,heap        ] GC(68) Humongous regions: 77->77
[265.610s][info][gc,metaspace   ] GC(68) Metaspace: 28759K(29056K)->28759K(29056K) NonClass: 23877K(24000K)->23877K(24000K) Class: 4882K(5056K)->4882K(5056K)
[265.610s][info][gc             ] GC(68) Pause Young (Normal) (G1 Evacuation Pause) 3745M->2063M(4096M) 99.946ms
[265.610s][info][gc,cpu         ] GC(68) User=0.58s Sys=0.00s Real=0.10s
.[266.742s][info][gc,start       ] GC(69) Pause Young (Concurrent Start) (G1 Evacuation Pause)
[266.742s][info][gc,task        ] GC(69) Using 6 workers of 6 for evacuation
[266.835s][info][gc,phases      ] GC(69)   Pre Evacuate Collection Set: 0.38ms
[266.835s][info][gc,phases      ] GC(69)   Merge Heap Roots: 0.42ms
[266.835s][info][gc,phases      ] GC(69)   Evacuate Collection Set: 91.37ms
[266.835s][info][gc,phases      ] GC(69)   Post Evacuate Collection Set: 0.67ms
[266.835s][info][gc,phases      ] GC(69)   Other: 0.10ms
[266.835s][info][gc,heap        ] GC(69) Eden regions: 846->0(807)
[266.835s][info][gc,heap        ] GC(69) Survivor regions: 65->65(114)
[266.835s][info][gc,heap        ] GC(69) Old regions: 891->931
[266.835s][info][gc,heap        ] GC(69) Humongous regions: 77->77
[266.835s][info][gc,metaspace   ] GC(69) Metaspace: 28759K(29056K)->28759K(29056K) NonClass: 23877K(24000K)->23877K(24000K) Class: 4882K(5056K)->4882K(5056K)
[266.835s][info][gc             ] GC(69) Pause Young (Concurrent Start) (G1 Evacuation Pause) 3755M->2142M(4096M) 93.079ms
[266.835s][info][gc             ] GC(70) Concurrent Mark Cycle
[266.835s][info][gc,marking     ] GC(70) Concurrent Scan Root Regions
[266.835s][info][gc,cpu         ] GC(69) User=0.55s Sys=0.00s Real=0.10s
[266.945s][info][gc,marking     ] GC(70) Concurrent Scan Root Regions 110.391ms
[266.945s][info][gc,marking     ] GC(70) Concurrent Mark
[266.945s][info][gc,marking     ] GC(70) Concurrent Mark From Roots
[266.945s][info][gc,task        ] GC(70) Using 2 workers of 2 for marking
.[267.935s][info][gc,marking     ] GC(70) Concurrent Mark From Roots 989.724ms
[267.935s][info][gc,marking     ] GC(70) Concurrent Preclean
[267.935s][info][gc,marking     ] GC(70) Concurrent Preclean 0.047ms
[267.936s][info][gc,start       ] GC(70) Pause Remark
[267.939s][info][gc             ] GC(70) Pause Remark 3123M->3117M(4096M) 3.035ms
[267.939s][info][gc,cpu         ] GC(70) User=0.02s Sys=0.00s Real=0.00s
[267.939s][info][gc,marking     ] GC(70) Concurrent Mark 993.640ms
[267.939s][info][gc,marking     ] GC(70) Concurrent Rebuild Remembered Sets and Scrub Regions
[268.347s][info][gc,marking     ] GC(70) Concurrent Rebuild Remembered Sets and Scrub Regions 408.180ms
[268.348s][info][gc,start       ] GC(70) Pause Cleanup
[268.348s][info][gc             ] GC(70) Pause Cleanup 3524M->3524M(4096M) 0.355ms
[268.348s][info][gc,cpu         ] GC(70) User=0.00s Sys=0.00s Real=0.00s
[268.348s][info][gc,marking     ] GC(70) Concurrent Clear Claimed Marks
[268.348s][info][gc,marking     ] GC(70) Concurrent Clear Claimed Marks 0.037ms
.[268.348s][info][gc,marking     ] GC(70) Concurrent Cleanup for Next Mark
[268.379s][info][gc,marking     ] GC(70) Concurrent Cleanup for Next Mark 30.898ms
[268.379s][info][gc             ] GC(70) Concurrent Mark Cycle 1544.021ms
[268.519s][info][gc,start       ] GC(71) Pause Young (Prepare Mixed) (G1 Evacuation Pause)
[268.519s][info][gc,task        ] GC(71) Using 6 workers of 6 for evacuation
[268.603s][info][gc,phases      ] GC(71)   Pre Evacuate Collection Set: 0.32ms
[268.603s][info][gc,phases      ] GC(71)   Merge Heap Roots: 0.40ms
[268.603s][info][gc,phases      ] GC(71)   Evacuate Collection Set: 82.92ms
[268.603s][info][gc,phases      ] GC(71)   Post Evacuate Collection Set: 0.90ms
[268.603s][info][gc,phases      ] GC(71)   Other: 0.11ms
[268.603s][info][gc,heap        ] GC(71) Eden regions: 807->0(784)
[268.603s][info][gc,heap        ] GC(71) Survivor regions: 65->58(109)
[268.603s][info][gc,heap        ] GC(71) Old regions: 928->968
[268.603s][info][gc,heap        ] GC(71) Humongous regions: 77->77
[268.603s][info][gc,metaspace   ] GC(71) Metaspace: 28762K(29056K)->28762K(29056K) NonClass: 23879K(24000K)->23879K(24000K) Class: 4882K(5056K)->4882K(5056K)
[268.603s][info][gc             ] GC(71) Pause Young (Prepare Mixed) (G1 Evacuation Pause) 3750M->2203M(4096M) 84.786ms
[268.604s][info][gc,cpu         ] GC(71) User=0.50s Sys=0.00s Real=0.09s
[269.639s][info][gc,start       ] GC(72) Pause Young (Mixed) (G1 Evacuation Pause)
[269.639s][info][gc,task        ] GC(72) Using 6 workers of 6 for evacuation
[269.729s][info][gc,phases      ] GC(72)   Pre Evacuate Collection Set: 0.39ms
[269.729s][info][gc,phases      ] GC(72)   Merge Heap Roots: 0.52ms
[269.729s][info][gc,phases      ] GC(72)   Evacuate Collection Set: 87.45ms
[269.729s][info][gc,phases      ] GC(72)   Post Evacuate Collection Set: 0.98ms
[269.729s][info][gc,phases      ] GC(72)   Other: 0.10ms
[269.729s][info][gc,heap        ] GC(72) Eden regions: 784->0(934)
[269.729s][info][gc,heap        ] GC(72) Survivor regions: 58->57(106)
[269.729s][info][gc,heap        ] GC(72) Old regions: 968->805
[269.729s][info][gc,heap        ] GC(72) Humongous regions: 77->77
[269.729s][info][gc,metaspace   ] GC(72) Metaspace: 28762K(29056K)->28762K(29056K) NonClass: 23879K(24000K)->23879K(24000K) Class: 4882K(5056K)->4882K(5056K)
[269.729s][info][gc             ] GC(72) Pause Young (Mixed) (G1 Evacuation Pause) 3771M->1875M(4096M) 89.576ms
[269.729s][info][gc,cpu         ] GC(72) User=0.53s Sys=0.00s Real=0.09s
.[270.964s][info][gc,start       ] GC(73) Pause Young (Mixed) (G1 Evacuation Pause)
[270.964s][info][gc,task        ] GC(73) Using 6 workers of 6 for evacuation
[271.067s][info][gc,phases      ] GC(73)   Pre Evacuate Collection Set: 0.46ms
[271.067s][info][gc,phases      ] GC(73)   Merge Heap Roots: 0.75ms
[271.067s][info][gc,phases      ] GC(73)   Evacuate Collection Set: 99.19ms
[271.067s][info][gc,phases      ] GC(73)   Post Evacuate Collection Set: 1.06ms
[271.067s][info][gc,phases      ] GC(73)   Other: 0.89ms
[271.067s][info][gc,heap        ] GC(73) Eden regions: 934->0(1062)
[271.067s][info][gc,heap        ] GC(73) Survivor regions: 57->96(124)
[271.067s][info][gc,heap        ] GC(73) Old regions: 805->614
[271.067s][info][gc,heap        ] GC(73) Humongous regions: 77->77
[271.067s][info][gc,metaspace   ] GC(73) Metaspace: 28765K(29056K)->28765K(29056K) NonClass: 23883K(24000K)->23883K(24000K) Class: 4882K(5056K)->4882K(5056K)
[271.067s][info][gc             ] GC(73) Pause Young (Mixed) (G1 Evacuation Pause) 3743M->1571M(4096M) 102.479ms
[271.067s][info][gc,cpu         ] GC(73) User=0.60s Sys=0.00s Real=0.10s
..[272.598s][info][gc,start       ] GC(74) Pause Young (Mixed) (G1 Evacuation Pause)
[272.598s][info][gc,task        ] GC(74) Using 6 workers of 6 for evacuation
[272.779s][info][gc,phases      ] GC(74)   Pre Evacuate Collection Set: 0.38ms
[272.780s][info][gc,phases      ] GC(74)   Merge Heap Roots: 1.10ms
[272.780s][info][gc,phases      ] GC(74)   Evacuate Collection Set: 157.38ms
[272.780s][info][gc,phases      ] GC(74)   Merge Optional Heap Roots: 0.45ms
[272.780s][info][gc,phases      ] GC(74)   Evacuate Optional Collection Set: 20.27ms
[272.780s][info][gc,phases      ] GC(74)   Post Evacuate Collection Set: 1.33ms
[272.780s][info][gc,phases      ] GC(74)   Other: 0.10ms
[272.780s][info][gc,heap        ] GC(74) Eden regions: 1062->0(1065)
[272.780s][info][gc,heap        ] GC(74) Survivor regions: 96->121(145)
[272.780s][info][gc,heap        ] GC(74) Old regions: 614->561
[272.780s][info][gc,heap        ] GC(74) Humongous regions: 77->77
[272.780s][info][gc,metaspace   ] GC(74) Metaspace: 28772K(29056K)->28772K(29056K) NonClass: 23889K(24000K)->23889K(24000K) Class: 4882K(5056K)->4882K(5056K)
[272.780s][info][gc             ] GC(74) Pause Young (Mixed) (G1 Evacuation Pause) 3695M->1515M(4096M) 181.161ms
[272.780s][info][gc,cpu         ] GC(74) User=1.07s Sys=0.00s Real=0.18s
.[274.129s][info][gc,start       ] GC(75) Pause Young (Concurrent Start) (G1 Evacuation Pause)
[274.129s][info][gc,task        ] GC(75) Using 6 workers of 6 for evacuation
[274.258s][info][gc,phases      ] GC(75)   Pre Evacuate Collection Set: 0.39ms
[274.258s][info][gc,phases      ] GC(75)   Merge Heap Roots: 0.65ms
[274.258s][info][gc,phases      ] GC(75)   Evacuate Collection Set: 126.51ms
[274.258s][info][gc,phases      ] GC(75)   Post Evacuate Collection Set: 0.91ms
[274.258s][info][gc,phases      ] GC(75)   Other: 0.13ms
[274.258s][info][gc,heap        ] GC(75) Eden regions: 1065->0(1067)
[274.258s][info][gc,heap        ] GC(75) Survivor regions: 121->74(149)
[274.258s][info][gc,heap        ] GC(75) Old regions: 561->634
[274.258s][info][gc,heap        ] GC(75) Humongous regions: 77->77
[274.258s][info][gc,metaspace   ] GC(75) Metaspace: 28773K(29056K)->28773K(29056K) NonClass: 23890K(24000K)->23890K(24000K) Class: 4882K(5056K)->4882K(5056K)
[274.258s][info][gc             ] GC(75) Pause Young (Concurrent Start) (G1 Evacuation Pause) 3645M->1567M(4096M) 128.720ms
[274.258s][info][gc             ] GC(76) Concurrent Mark Cycle
[274.258s][info][gc,marking     ] GC(76) Concurrent Scan Root Regions
[274.258s][info][gc,cpu         ] GC(75) User=0.76s Sys=0.00s Real=0.13s
[274.479s][info][gc,marking     ] GC(76) Concurrent Scan Root Regions 220.830ms
[274.479s][info][gc,marking     ] GC(76) Concurrent Mark
[274.479s][info][gc,marking     ] GC(76) Concurrent Mark From Roots
[274.479s][info][gc,task        ] GC(76) Using 2 workers of 2 for marking
[275.658s][info][gc,marking     ] GC(76) Concurrent Mark From Roots 1178.932ms
[275.658s][info][gc,marking     ] GC(76) Concurrent Preclean
[275.658s][info][gc,marking     ] GC(76) Concurrent Preclean 0.076ms
[275.658s][info][gc,start       ] GC(76) Pause Remark
[275.663s][info][gc             ] GC(76) Pause Remark 2903M->2903M(4096M) 4.780ms
[275.663s][info][gc,cpu         ] GC(76) User=0.03s Sys=0.00s Real=0.01s
[275.664s][info][gc,marking     ] GC(76) Concurrent Mark 1184.855ms
[275.664s][info][gc,marking     ] GC(76) Concurrent Rebuild Remembered Sets and Scrub Regions
.[276.060s][info][gc,marking     ] GC(76) Concurrent Rebuild Remembered Sets and Scrub Regions 395.805ms
[276.067s][info][gc,start       ] GC(76) Pause Cleanup
[276.067s][info][gc             ] GC(76) Pause Cleanup 3350M->3350M(4096M) 0.198ms
[276.067s][info][gc,cpu         ] GC(76) User=0.00s Sys=0.00s Real=0.00s
[276.069s][info][gc,marking     ] GC(76) Concurrent Clear Claimed Marks
[276.069s][info][gc,marking     ] GC(76) Concurrent Clear Claimed Marks 0.065ms
[276.069s][info][gc,marking     ] GC(76) Concurrent Cleanup for Next Mark
[276.077s][info][gc,marking     ] GC(76) Concurrent Cleanup for Next Mark 8.027ms
[276.077s][info][gc             ] GC(76) Concurrent Mark Cycle 1819.385ms
[276.302s][info][gc,start       ] GC(77) Pause Young (Prepare Mixed) (G1 Evacuation Pause)
[276.302s][info][gc,task        ] GC(77) Using 6 workers of 6 for evacuation
[276.441s][info][gc,phases      ] GC(77)   Pre Evacuate Collection Set: 0.35ms
[276.441s][info][gc,phases      ] GC(77)   Merge Heap Roots: 0.55ms
[276.441s][info][gc,phases      ] GC(77)   Evacuate Collection Set: 136.86ms
[276.441s][info][gc,phases      ] GC(77)   Post Evacuate Collection Set: 0.90ms
[276.441s][info][gc,phases      ] GC(77)   Other: 0.10ms
[276.441s][info][gc,heap        ] GC(77) Eden regions: 1067->0(1038)
[276.441s][info][gc,heap        ] GC(77) Survivor regions: 74->68(143)
[276.441s][info][gc,heap        ] GC(77) Old regions: 634->679
[276.441s][info][gc,heap        ] GC(77) Humongous regions: 77->77
[276.441s][info][gc,metaspace   ] GC(77) Metaspace: 28773K(29056K)->28773K(29056K) NonClass: 23890K(24000K)->23890K(24000K) Class: 4882K(5056K)->4882K(5056K)
[276.441s][info][gc             ] GC(77) Pause Young (Prepare Mixed) (G1 Evacuation Pause) 3701M->1645M(4096M) 138.898ms
[276.441s][info][gc,cpu         ] GC(77) User=0.59s Sys=0.00s Real=0.14s
.[277.736s][info][gc,start       ] GC(78) Pause Young (Mixed) (G1 Evacuation Pause)
[277.736s][info][gc,task        ] GC(78) Using 6 workers of 6 for evacuation
[277.852s][info][gc,phases      ] GC(78)   Pre Evacuate Collection Set: 0.39ms
[277.852s][info][gc,phases      ] GC(78)   Merge Heap Roots: 0.56ms
[277.852s][info][gc,phases      ] GC(78)   Evacuate Collection Set: 114.04ms
[277.852s][info][gc,phases      ] GC(78)   Post Evacuate Collection Set: 1.02ms
[277.852s][info][gc,phases      ] GC(78)   Other: 0.10ms
[277.852s][info][gc,heap        ] GC(78) Eden regions: 1038->0(1115)
[277.852s][info][gc,heap        ] GC(78) Survivor regions: 68->113(139)
[277.852s][info][gc,heap        ] GC(78) Old regions: 679->500
[277.852s][info][gc,heap        ] GC(78) Humongous regions: 77->77
[277.852s][info][gc,metaspace   ] GC(78) Metaspace: 28773K(29056K)->28773K(29056K) NonClass: 23890K(24000K)->23890K(24000K) Class: 4882K(5056K)->4882K(5056K)
[277.852s][info][gc             ] GC(78) Pause Young (Mixed) (G1 Evacuation Pause) 3721M->1377M(4096M) 116.253ms
[277.852s][info][gc,cpu         ] GC(78) User=0.69s Sys=0.00s Real=0.11s
.[279.184s][info][gc,start       ] GC(79) Pause Young (Concurrent Start) (G1 Evacuation Pause)
[279.185s][info][gc,task        ] GC(79) Using 6 workers of 6 for evacuation
[279.325s][info][gc,phases      ] GC(79)   Pre Evacuate Collection Set: 0.41ms
[279.325s][info][gc,phases      ] GC(79)   Merge Heap Roots: 0.46ms
[279.325s][info][gc,phases      ] GC(79)   Evacuate Collection Set: 138.61ms
[279.325s][info][gc,phases      ] GC(79)   Post Evacuate Collection Set: 0.90ms
[279.325s][info][gc,phases      ] GC(79)   Other: 0.13ms
[279.325s][info][gc,heap        ] GC(79) Eden regions: 1115->0(1060)
[279.325s][info][gc,heap        ] GC(79) Survivor regions: 113->138(154)
[279.325s][info][gc,heap        ] GC(79) Old regions: 500->532
[279.325s][info][gc,heap        ] GC(79) Humongous regions: 77->77
[279.325s][info][gc,metaspace   ] GC(79) Metaspace: 28773K(29056K)->28773K(29056K) NonClass: 23890K(24000K)->23890K(24000K) Class: 4882K(5056K)->4882K(5056K)
[279.325s][info][gc             ] GC(79) Pause Young (Concurrent Start) (G1 Evacuation Pause) 3607M->1491M(4096M) 140.648ms
[279.325s][info][gc             ] GC(80) Concurrent Mark Cycle
[279.325s][info][gc,marking     ] GC(80) Concurrent Scan Root Regions
[279.325s][info][gc,cpu         ] GC(79) User=0.83s Sys=0.00s Real=0.14s
[279.532s][info][gc,marking     ] GC(80) Concurrent Scan Root Regions 206.360ms
[279.532s][info][gc,marking     ] GC(80) Concurrent Mark
[279.532s][info][gc,marking     ] GC(80) Concurrent Mark From Roots
[279.532s][info][gc,task        ] GC(80) Using 2 workers of 2 for marking
[280.462s][info][gc,marking     ] GC(80) Concurrent Mark From Roots 930.088ms
[280.462s][info][gc,marking     ] GC(80) Concurrent Preclean
[280.462s][info][gc,marking     ] GC(80) Concurrent Preclean 0.067ms
[280.462s][info][gc,start       ] GC(80) Pause Remark
[280.467s][info][gc             ] GC(80) Pause Remark 2389M->2389M(4096M) 4.737ms
[280.467s][info][gc,cpu         ] GC(80) User=0.03s Sys=0.00s Real=0.01s
[280.467s][info][gc,marking     ] GC(80) Concurrent Mark 935.190ms
[280.467s][info][gc,marking     ] GC(80) Concurrent Rebuild Remembered Sets and Scrub Regions
[280.815s][info][gc,marking     ] GC(80) Concurrent Rebuild Remembered Sets and Scrub Regions 348.005ms
[280.815s][info][gc,start       ] GC(80) Pause Cleanup
[280.815s][info][gc             ] GC(80) Pause Cleanup 2602M->2602M(4096M) 0.142ms
[280.815s][info][gc,cpu         ] GC(80) User=0.00s Sys=0.00s Real=0.00s
[280.815s][info][gc,marking     ] GC(80) Concurrent Clear Claimed Marks
[280.815s][info][gc,marking     ] GC(80) Concurrent Clear Claimed Marks 0.030ms
[280.815s][info][gc,marking     ] GC(80) Concurrent Cleanup for Next Mark
[280.820s][info][gc,marking     ] GC(80) Concurrent Cleanup for Next Mark 5.106ms
[280.820s][info][gc             ] GC(80) Concurrent Mark Cycle 1495.233ms
?. (rIR:aIR:PR = 13837:12670:11472) (tPR = 172579) [IR is under limit] [PR is under limit] 
   280s: Re-initializing (term[281.436s][info][gc,start       ] GC(81) Pause Young (Prepare Mixed) (G1 Evacuation Pause)
[281.436s][info][gc,task        ] GC(81) Using 6 workers of 6 for evacuation
[281.586s][info][gc,phases      ] GC(81)   Pre Evacuate Collection Set: 0.34ms
[281.586s][info][gc,phases      ] GC(81)   Merge Heap Roots: 0.60ms
[281.586s][info][gc,phases      ] GC(81)   Evacuate Collection Set: 147.59ms
[281.586s][info][gc,phases      ] GC(81)   Post Evacuate Collection Set: 0.95ms
[281.586s][info][gc,phases      ] GC(81)   Other: 0.85ms
[281.586s][info][gc,heap        ] GC(81) Eden regions: 1060->0(1057)
[281.586s][info][gc,heap        ] GC(81) Survivor regions: 138->83(150)
[281.586s][info][gc,heap        ] GC(81) Old regions: 532->627
[281.586s][info][gc,heap        ] GC(81) Humongous regions: 77->77
[281.586s][info][gc,metaspace   ] GC(81) Metaspace: 28775K(29056K)->28775K(29056K) NonClass: 23892K(24000K)->23892K(24000K) Class: 4882K(5056K)->4882K(5056K)
[281.586s][info][gc             ] GC(81) Pause Young (Prepare Mixed) (G1 Evacuation Pause) 3611M->1570M(4096M) 150.465ms
[281.586s][info][gc,cpu         ] GC(81) User=0.89s Sys=0.00s Real=0.15s
[283.188s][info][gc,start       ] GC(82) Pause Young (Mixed) (G1 Evacuation Pause)
[283.188s][info][gc,task        ] GC(82) Using 6 workers of 6 for evacuation
[283.316s][info][gc,phases      ] GC(82)   Pre Evacuate Collection Set: 0.37ms
[283.316s][info][gc,phases      ] GC(82)   Merge Heap Roots: 0.72ms
[283.316s][info][gc,phases      ] GC(82)   Evacuate Collection Set: 125.90ms
[283.316s][info][gc,phases      ] GC(82)   Post Evacuate Collection Set: 0.91ms
[283.316s][info][gc,phases      ] GC(82)   Other: 0.09ms
[283.316s][info][gc,heap        ] GC(82) Eden regions: 1057->0(1111)
[283.316s][info][gc,heap        ] GC(82) Survivor regions: 83->61(143)
[283.316s][info][gc,heap        ] GC(82) Old regions: 627->568
[283.316s][info][gc,heap        ] GC(82) Humongous regions: 77->77
[283.316s][info][gc,metaspace   ] GC(82) Metaspace: 28775K(29056K)->28775K(29056K) NonClass: 23892K(24000K)->23892K(24000K) Class: 4882K(5056K)->4882K(5056K)
[283.316s][info][gc             ] GC(82) Pause Young (Mixed) (G1 Evacuation Pause) 3684M->1410M(4096M) 128.139ms
[283.316s][info][gc,cpu         ] GC(82) User=0.76s Sys=0.00s Real=0.13s
[284.786s][info][gc,start       ] GC(83) Pause Young (Concurrent Start) (G1 Evacuation Pause)
[284.786s][info][gc,task        ] GC(83) Using 6 workers of 6 for evacuation
[284.883s][info][gc,phases      ] GC(83)   Pre Evacuate Collection Set: 0.37ms
[284.883s][info][gc,phases      ] GC(83)   Merge Heap Roots: 0.48ms
[284.883s][info][gc,phases      ] GC(83)   Evacuate Collection Set: 95.41ms
[284.883s][info][gc,phases      ] GC(83)   Post Evacuate Collection Set: 0.92ms
[284.883s][info][gc,phases      ] GC(83)   Other: 0.11ms
[284.883s][info][gc,heap        ] GC(83) Eden regions: 1111->0(1086)
[284.883s][info][gc,heap        ] GC(83) Survivor regions: 61->107(147)
[284.883s][info][gc,heap        ] GC(83) Old regions: 568->568
[284.883s][info][gc,heap        ] GC(83) Humongous regions: 77->77
[284.883s][info][gc,metaspace   ] GC(83) Metaspace: 28776K(29056K)->28776K(29056K) NonClass: 23893K(24000K)->23893K(24000K) Class: 4882K(5056K)->4882K(5056K)
[284.883s][info][gc             ] GC(83) Pause Young (Concurrent Start) (G1 Evacuation Pause) 3632M->1502M(4096M) 97.417ms
[284.883s][info][gc             ] GC(84) Concurrent Mark Cycle
[284.883s][info][gc,cpu         ] GC(83) User=0.58s Sys=0.00s Real=0.10s
[284.883s][info][gc,marking     ] GC(84) Concurrent Scan Root Regions
[285.027s][info][gc,marking     ] GC(84) Concurrent Scan Root Regions 143.200ms
[285.027s][info][gc,marking     ] GC(84) Concurrent Mark
[285.027s][info][gc,marking     ] GC(84) Concurrent Mark From Roots
[285.027s][info][gc,task        ] GC(84) Using 2 workers of 2 for marking
) [285.033s][info][gc,start       ] GC(85) Pause Full (System.gc())
[285.033s][info][gc,task        ] GC(85) Using 6 workers of 6 for full compaction
[285.037s][info][gc,phases,start] GC(85) Phase 1: Mark live objects
[285.052s][info][gc,phases      ] GC(85) Phase 1: Mark live objects 14.881ms
[285.052s][info][gc,phases,start] GC(85) Phase 2: Prepare compaction
[285.054s][info][gc,phases      ] GC(85) Phase 2: Prepare compaction 1.958ms
[285.054s][info][gc,phases,start] GC(85) Phase 3: Adjust pointers
[285.060s][info][gc,phases      ] GC(85) Phase 3: Adjust pointers 6.275ms
[285.061s][info][gc,phases,start] GC(85) Phase 4: Compact heap
[285.063s][info][gc,phases      ] GC(85) Phase 4: Compact heap 2.050ms
[285.063s][info][gc,phases,start] GC(85) Phase 5: Reset Metadata
[285.067s][info][gc,phases      ] GC(85) Phase 5: Reset Metadata 4.321ms
[285.073s][info][gc,heap        ] GC(85) Eden regions: 71->0(1228)
[285.073s][info][gc,heap        ] GC(85) Survivor regions: 107->0(147)
[285.073s][info][gc,heap        ] GC(85) Old regions: 568->34
[285.073s][info][gc,heap        ] GC(85) Humongous regions: 77->66
[285.073s][info][gc,metaspace   ] GC(85) Metaspace: 28776K(29056K)->28776K(29056K) NonClass: 23894K(24000K)->23894K(24000K) Class: 4882K(5056K)->4882K(5056K)
[285.073s][info][gc             ] GC(85) Pause Full (System.gc()) 1643M->194M(4096M) 40.063ms
[285.073s][info][gc,cpu         ] GC(85) User=0.21s Sys=0.00s Real=0.04s
[285.073s][info][gc,marking     ] GC(84) Concurrent Mark From Roots 46.575ms
[285.073s][info][gc,marking     ] GC(84) Concurrent Mark Abort
[285.073s][info][gc             ] GC(84) Concurrent Mark Cycle 189.861ms
(init[285.313s][info][gc,start       ] GC(86) Pause Young (Concurrent Start) (G1 Humongous Allocation)
[285.313s][info][gc,task        ] GC(86) Using 6 workers of 6 for evacuation
[285.327s][info][gc,phases      ] GC(86)   Pre Evacuate Collection Set: 0.35ms
[285.327s][info][gc,phases      ] GC(86)   Merge Heap Roots: 0.03ms
[285.327s][info][gc,phases      ] GC(86)   Evacuate Collection Set: 13.28ms
[285.327s][info][gc,phases      ] GC(86)   Post Evacuate Collection Set: 0.27ms
[285.327s][info][gc,phases      ] GC(86)   Other: 0.08ms
[285.327s][info][gc,heap        ] GC(86) Eden regions: 48->0(1214)
[285.327s][info][gc,heap        ] GC(86) Survivor regions: 0->14(154)
[285.327s][info][gc,heap        ] GC(86) Old regions: 34->34
[285.327s][info][gc,heap        ] GC(86) Humongous regions: 66->66
[285.327s][info][gc,metaspace   ] GC(86) Metaspace: 28782K(29056K)->28782K(29056K) NonClass: 23900K(24000K)->23900K(24000K) Class: 4882K(5056K)->4882K(5056K)
[285.327s][info][gc             ] GC(86) Pause Young (Concurrent Start) (G1 Humongous Allocation) 289M->222M(4096M) 14.145ms
[285.327s][info][gc             ] GC(87) Concurrent Mark Cycle
[285.327s][info][gc,marking     ] GC(87) Concurrent Scan Root Regions
[285.327s][info][gc,cpu         ] GC(86) User=0.08s Sys=0.00s Real=0.02s
[285.336s][info][gc,marking     ] GC(87) Concurrent Scan Root Regions 8.834ms
[285.336s][info][gc,marking     ] GC(87) Concurrent Mark
[285.336s][info][gc,marking     ] GC(87) Concurrent Mark From Roots
[285.336s][info][gc,task        ] GC(87) Using 2 workers of 2 for marking
[285.384s][info][gc,marking     ] GC(87) Concurrent Mark From Roots 48.331ms
[285.384s][info][gc,marking     ] GC(87) Concurrent Preclean
[285.384s][info][gc,marking     ] GC(87) Concurrent Preclean 0.093ms
[285.384s][info][gc,start       ] GC(87) Pause Remark
[285.386s][info][gc             ] GC(87) Pause Remark 360M->360M(4096M) 1.840ms
[285.386s][info][gc,cpu         ] GC(87) User=0.01s Sys=0.00s Real=0.00s
[285.386s][info][gc,marking     ] GC(87) Concurrent Mark 50.456ms
[285.386s][info][gc,marking     ] GC(87) Concurrent Rebuild Remembered Sets and Scrub Regions
[285.413s][info][gc,marking     ] GC(87) Concurrent Rebuild Remembered Sets and Scrub Regions 26.538ms
[285.413s][info][gc,start       ] GC(87) Pause Cleanup
[285.413s][info][gc             ] GC(87) Pause Cleanup 420M->420M(4096M) 0.080ms
[285.413s][info][gc,cpu         ] GC(87) User=0.00s Sys=0.00s Real=0.00s
[285.413s][info][gc,marking     ] GC(87) Concurrent Clear Claimed Marks
[285.413s][info][gc,marking     ] GC(87) Concurrent Clear Claimed Marks 0.030ms
[285.413s][info][gc,marking     ] GC(87) Concurrent Cleanup for Next Mark
[285.417s][info][gc,marking     ] GC(87) Concurrent Cleanup for Next Mark 4.569ms
[285.417s][info][gc             ] GC(87) Concurrent Mark Cycle 90.769ms
) ... OK
   289s: Searching from base IR = 11548
   289s:       rampup IR =      0 ... (rIR:aIR:PR = 0:0:0) (tPR = 0) [OK] 
   292s:       rampup IR =   1155 ...[295.787s][info][gc,start       ] GC(88) Pause Young (Prepare Mixed) (G1 Evacuation Pause)
[295.787s][info][gc,task        ] GC(88) Using 6 workers of 6 for evacuation
[296.264s][info][gc,mmu         ] GC(88) MMU target violated: 201.0ms (200.0ms/201.0ms)
[296.264s][info][gc,phases      ] GC(88)   Pre Evacuate Collection Set: 0.33ms
[296.264s][info][gc,phases      ] GC(88)   Merge Heap Roots: 0.54ms
[296.264s][info][gc,phases      ] GC(88)   Evacuate Collection Set: 474.91ms
[296.264s][info][gc,phases      ] GC(88)   Post Evacuate Collection Set: 1.29ms
[296.264s][info][gc,phases      ] GC(88)   Other: 0.13ms
[296.264s][info][gc,heap        ] GC(88) Eden regions: 1214->0(464)
[296.264s][info][gc,heap        ] GC(88) Survivor regions: 14->154(154)
[296.264s][info][gc,heap        ] GC(88) Old regions: 34->343
[296.264s][info][gc,heap        ] GC(88) Humongous regions: 163->155
[296.264s][info][gc,metaspace   ] GC(88) Metaspace: 28793K(29120K)->28793K(29120K) NonClass: 23910K(24064K)->23910K(24064K) Class: 4883K(5056K)->4883K(5056K)
[296.264s][info][gc             ] GC(88) Pause Young (Prepare Mixed) (G1 Evacuation Pause) 2844M->1298M(4096M) 477.298ms
[296.264s][info][gc,cpu         ] GC(88) User=2.82s Sys=0.01s Real=0.48s
.. (rIR:aIR:PR = 1155:1168:1143) (tPR = 23382) [OK] 
   297s:       rampup IR =   2310 .[299.120s][info][gc,start       ] GC(89) Pause Young (Mixed) (G1 Evacuation Pause)
[299.120s][info][gc,task        ] GC(89) Using 6 workers of 6 for evacuation
[299.319s][info][gc,phases      ] GC(89)   Pre Evacuate Collection Set: 0.38ms
[299.319s][info][gc,phases      ] GC(89)   Merge Heap Roots: 0.55ms
[299.319s][info][gc,phases      ] GC(89)   Evacuate Collection Set: 197.65ms
[299.319s][info][gc,phases      ] GC(89)   Post Evacuate Collection Set: 0.52ms
[299.319s][info][gc,phases      ] GC(89)   Other: 0.06ms
[299.320s][info][gc,heap        ] GC(89) Eden regions: 460->0(660)
[299.320s][info][gc,heap        ] GC(89) Survivor regions: 154->28(77)
[299.320s][info][gc,heap        ] GC(89) Old regions: 343->495
[299.320s][info][gc,heap        ] GC(89) Humongous regions: 155->155
[299.320s][info][gc,metaspace   ] GC(89) Metaspace: 28793K(29120K)->28793K(29120K) NonClass: 23910K(24064K)->23910K(24064K) Class: 4883K(5056K)->4883K(5056K)
[299.320s][info][gc             ] GC(89) Pause Young (Mixed) (G1 Evacuation Pause) 2218M->1352M(4096M) 199.290ms
[299.320s][info][gc,cpu         ] GC(89) User=1.18s Sys=0.00s Real=0.20s
....[302.728s][info][gc,start       ] GC(90) Pause Young (Concurrent Start) (G1 Evacuation Pause)
[302.728s][info][gc,task        ] GC(90) Using 6 workers of 6 for evacuation
[302.791s][info][gc,phases      ] GC(90)   Pre Evacuate Collection Set: 0.42ms
[302.791s][info][gc,phases      ] GC(90)   Merge Heap Roots: 0.52ms
[302.791s][info][gc,phases      ] GC(90)   Evacuate Collection Set: 60.82ms
[302.791s][info][gc,phases      ] GC(90)   Post Evacuate Collection Set: 0.73ms
[302.791s][info][gc,phases      ] GC(90)   Other: 0.13ms
[302.791s][info][gc,heap        ] GC(90) Eden regions: 698->0(691)
[302.791s][info][gc,heap        ] GC(90) Survivor regions: 28->62(91)
[302.791s][info][gc,heap        ] GC(90) Old regions: 495->495
[302.791s][info][gc,heap        ] GC(90) Humongous regions: 155->155
[302.791s][info][gc,metaspace   ] GC(90) Metaspace: 28793K(29120K)->28793K(29120K) NonClass: 23910K(24064K)->23910K(24064K) Class: 4883K(5056K)->4883K(5056K)
[302.791s][info][gc             ] GC(90) Pause Young (Concurrent Start) (G1 Evacuation Pause) 2748M->1419M(4096M) 62.770ms
[302.791s][info][gc             ] GC(91) Concurrent Mark Cycle
[302.791s][info][gc,marking     ] GC(91) Concurrent Scan Root Regions
[302.791s][info][gc,cpu         ] GC(90) User=0.37s Sys=0.00s Real=0.06s
[302.868s][info][gc,marking     ] GC(91) Concurrent Scan Root Regions 76.875ms
[302.868s][info][gc,marking     ] GC(91) Concurrent Mark
[302.868s][info][gc,marking     ] GC(91) Concurrent Mark From Roots
[302.868s][info][gc,task        ] GC(91) Using 2 workers of 2 for marking
. (rIR:aIR:PR = 2310:2295:2246) (tPR = 43105) [OK] 
   303s:       rampup IR =   3464 [303.506s][info][gc,marking     ] GC(91) Concurrent Mark From Roots 638.119ms
[303.506s][info][gc,marking     ] GC(91) Concurrent Preclean
[303.506s][info][gc,marking     ] GC(91) Concurrent Preclean 0.058ms
[303.506s][info][gc,start       ] GC(91) Pause Remark
[303.512s][info][gc             ] GC(91) Pause Remark 1740M->1538M(4096M) 5.629ms
[303.512s][info][gc,cpu         ] GC(91) User=0.03s Sys=0.00s Real=0.00s
[303.512s][info][gc,marking     ] GC(91) Concurrent Mark 644.075ms
[303.512s][info][gc,marking     ] GC(91) Concurrent Rebuild Remembered Sets and Scrub Regions
[303.727s][info][gc,marking     ] GC(91) Concurrent Rebuild Remembered Sets and Scrub Regions 214.777ms
[303.727s][info][gc,start       ] GC(91) Pause Cleanup
[303.727s][info][gc             ] GC(91) Pause Cleanup 1663M->1663M(4096M) 0.102ms
[303.727s][info][gc,cpu         ] GC(91) User=0.00s Sys=0.00s Real=0.00s
[303.727s][info][gc,marking     ] GC(91) Concurrent Clear Claimed Marks
[303.727s][info][gc,marking     ] GC(91) Concurrent Clear Claimed Marks 0.031ms
[303.727s][info][gc,marking     ] GC(91) Concurrent Cleanup for Next Mark
[303.731s][info][gc,marking     ] GC(91) Concurrent Cleanup for Next Mark 3.215ms
[303.731s][info][gc             ] GC(91) Concurrent Mark Cycle 939.455ms
.[305.327s][info][gc,start       ] GC(92) Pause Young (Prepare Mixed) (G1 Evacuation Pause)
[305.327s][info][gc,task        ] GC(92) Using 6 workers of 6 for evacuation
[305.409s][info][gc,phases      ] GC(92)   Pre Evacuate Collection Set: 0.37ms
[305.409s][info][gc,phases      ] GC(92)   Merge Heap Roots: 0.53ms
[305.409s][info][gc,phases      ] GC(92)   Evacuate Collection Set: 79.73ms
[305.409s][info][gc,phases      ] GC(92)   Post Evacuate Collection Set: 0.70ms
[305.409s][info][gc,phases      ] GC(92)   Other: 0.08ms
[305.409s][info][gc,heap        ] GC(92) Eden regions: 689->0(920)
[305.409s][info][gc,heap        ] GC(92) Survivor regions: 62->70(94)
[305.409s][info][gc,heap        ] GC(92) Old regions: 474->495
[305.409s][info][gc,heap        ] GC(92) Humongous regions: 75->75
[305.409s][info][gc,metaspace   ] GC(92) Metaspace: 28794K(29120K)->28794K(29120K) NonClass: 23911K(24064K)->23911K(24064K) Class: 4883K(5056K)->4883K(5056K)
[305.409s][info][gc             ] GC(92) Pause Young (Prepare Mixed) (G1 Evacuation Pause) 2595M->1275M(4096M) 81.546ms
[305.409s][info][gc,cpu         ] GC(92) User=0.48s Sys=0.00s Real=0.08s
.... (rIR:aIR:PR = 3464:3477:3407) (tPR = 57991) [OK] 
   308s:       rampup IR =   4619 [308.829s][info][gc,start       ] GC(93) Pause Young (Mixed) (G1 Evacuation Pause)
[308.829s][info][gc,task        ] GC(93) Using 6 workers of 6 for evacuation
[308.922s][info][gc,phases      ] GC(93)   Pre Evacuate Collection Set: 0.37ms
[308.922s][info][gc,phases      ] GC(93)   Merge Heap Roots: 0.40ms
[308.922s][info][gc,phases      ] GC(93)   Evacuate Collection Set: 91.71ms
[308.922s][info][gc,phases      ] GC(93)   Post Evacuate Collection Set: 0.95ms
[308.922s][info][gc,phases      ] GC(93)   Other: 0.09ms
[308.922s][info][gc,heap        ] GC(93) Eden regions: 1029->0(935)
[308.922s][info][gc,heap        ] GC(93) Survivor regions: 70->108(138)
[308.922s][info][gc,heap        ] GC(93) Old regions: 495->491
[308.922s][info][gc,heap        ] GC(93) Humongous regions: 75->75
[308.922s][info][gc,metaspace   ] GC(93) Metaspace: 28794K(29120K)->28794K(29120K) NonClass: 23911K(24064K)->23911K(24064K) Class: 4883K(5056K)->4883K(5056K)
[308.922s][info][gc             ] GC(93) Pause Young (Mixed) (G1 Evacuation Pause) 3333M->1344M(4096M) 93.657ms
[308.923s][info][gc,cpu         ] GC(93) User=0.55s Sys=0.00s Real=0.09s
...[311.476s][info][gc,start       ] GC(94) Pause Young (Mixed) (G1 Evacuation Pause)
[311.476s][info][gc,task        ] GC(94) Using 6 workers of 6 for evacuation
[311.593s][info][gc,phases      ] GC(94)   Pre Evacuate Collection Set: 0.38ms
[311.593s][info][gc,phases      ] GC(94)   Merge Heap Roots: 0.40ms
[311.593s][info][gc,phases      ] GC(94)   Evacuate Collection Set: 115.22ms
[311.593s][info][gc,phases      ] GC(94)   Post Evacuate Collection Set: 0.91ms
[311.593s][info][gc,phases      ] GC(94)   Other: 0.09ms
[311.593s][info][gc,heap        ] GC(94) Eden regions: 1017->0(1066)
[311.593s][info][gc,heap        ] GC(94) Survivor regions: 108->94(141)
[311.593s][info][gc,heap        ] GC(94) Old regions: 491->532
[311.593s][info][gc,heap        ] GC(94) Humongous regions: 77->77
[311.593s][info][gc,metaspace   ] GC(94) Metaspace: 28800K(29120K)->28800K(29120K) NonClass: 23916K(24064K)->23916K(24064K) Class: 4883K(5056K)->4883K(5056K)
[311.593s][info][gc             ] GC(94) Pause Young (Mixed) (G1 Evacuation Pause) 3382M->1400M(4096M) 117.117ms
[311.593s][info][gc,cpu         ] GC(94) User=0.69s Sys=0.00s Real=0.11s
. (rIR:aIR:PR = 4619:4621:4621) (tPR = 78110) [OK] 
   312s:       rampup IR =   5774 .[313.962s][info][gc,start       ] GC(95) Pause Young (Mixed) (G1 Evacuation Pause)
[313.962s][info][gc,task        ] GC(95) Using 6 workers of 6 for evacuation
[314.083s][info][gc,phases      ] GC(95)   Pre Evacuate Collection Set: 0.38ms
[314.083s][info][gc,phases      ] GC(95)   Merge Heap Roots: 0.55ms
[314.083s][info][gc,phases      ] GC(95)   Evacuate Collection Set: 118.35ms
[314.083s][info][gc,phases      ] GC(95)   Post Evacuate Collection Set: 1.00ms
[314.083s][info][gc,phases      ] GC(95)   Other: 0.09ms
[314.083s][info][gc,heap        ] GC(95) Eden regions: 1066->0(1074)
[314.083s][info][gc,heap        ] GC(95) Survivor regions: 94->100(145)
[314.083s][info][gc,heap        ] GC(95) Old regions: 532->542
[314.083s][info][gc,heap        ] GC(95) Humongous regions: 77->77
[314.083s][info][gc,metaspace   ] GC(95) Metaspace: 28805K(29120K)->28805K(29120K) NonClass: 23921K(24064K)->23921K(24064K) Class: 4883K(5056K)->4883K(5056K)
[314.083s][info][gc             ] GC(95) Pause Young (Mixed) (G1 Evacuation Pause) 3532M->1436M(4096M) 120.536ms
[314.083s][info][gc,cpu         ] GC(95) User=0.71s Sys=0.00s Real=0.13s
... (rIR:aIR:PR = 5774:5781:5780) (tPR = 89772) [OK] 
   316s:       rampup IR =   6929 [316.642s][info][gc,start       ] GC(96) Pause Young (Concurrent Start) (G1 Evacuation Pause)
[316.642s][info][gc,task        ] GC(96) Using 6 workers of 6 for evacuation
[316.760s][info][gc,phases      ] GC(96)   Pre Evacuate Collection Set: 0.42ms
[316.760s][info][gc,phases      ] GC(96)   Merge Heap Roots: 0.40ms
[316.760s][info][gc,phases      ] GC(96)   Evacuate Collection Set: 116.00ms
[316.760s][info][gc,phases      ] GC(96)   Post Evacuate Collection Set: 0.90ms
[316.760s][info][gc,phases      ] GC(96)   Other: 0.13ms
[316.760s][info][gc,heap        ] GC(96) Eden regions: 1074->0(1059)
[316.760s][info][gc,heap        ] GC(96) Survivor regions: 100->106(147)
[316.760s][info][gc,heap        ] GC(96) Old regions: 542->576
[316.760s][info][gc,heap        ] GC(96) Humongous regions: 77->77
[316.760s][info][gc,metaspace   ] GC(96) Metaspace: 28805K(29120K)->28805K(29120K) NonClass: 23922K(24064K)->23922K(24064K) Class: 4883K(5056K)->4883K(5056K)
[316.760s][info][gc             ] GC(96) Pause Young (Concurrent Start) (G1 Evacuation Pause) 3584M->1514M(4096M) 117.982ms
[316.760s][info][gc             ] GC(97) Concurrent Mark Cycle
[316.760s][info][gc,marking     ] GC(97) Concurrent Scan Root Regions
[316.760s][info][gc,cpu         ] GC(96) User=0.69s Sys=0.00s Real=0.12s
[316.908s][info][gc,marking     ] GC(97) Concurrent Scan Root Regions 147.577ms
[316.908s][info][gc,marking     ] GC(97) Concurrent Mark
[316.908s][info][gc,marking     ] GC(97) Concurrent Mark From Roots
[316.908s][info][gc,task        ] GC(97) Using 2 workers of 2 for marking
.[317.492s][info][gc,marking     ] GC(97) Concurrent Mark From Roots 583.781ms
[317.492s][info][gc,marking     ] GC(97) Concurrent Preclean
[317.492s][info][gc,marking     ] GC(97) Concurrent Preclean 0.086ms
[317.492s][info][gc,start       ] GC(97) Pause Remark
[317.501s][info][gc             ] GC(97) Pause Remark 2230M->2230M(4096M) 9.335ms
[317.501s][info][gc,cpu         ] GC(97) User=0.05s Sys=0.00s Real=0.01s
[317.501s][info][gc,marking     ] GC(97) Concurrent Mark 593.541ms
[317.501s][info][gc,marking     ] GC(97) Concurrent Rebuild Remembered Sets and Scrub Regions
[317.718s][info][gc,marking     ] GC(97) Concurrent Rebuild Remembered Sets and Scrub Regions 216.636ms
[317.719s][info][gc,start       ] GC(97) Pause Cleanup
[317.719s][info][gc             ] GC(97) Pause Cleanup 2405M->2405M(4096M) 0.187ms
[317.719s][info][gc,cpu         ] GC(97) User=0.00s Sys=0.00s Real=0.00s
[317.720s][info][gc,marking     ] GC(97) Concurrent Clear Claimed Marks
[317.720s][info][gc,marking     ] GC(97) Concurrent Clear Claimed Marks 0.051ms
[317.720s][info][gc,marking     ] GC(97) Concurrent Cleanup for Next Mark
[317.726s][info][gc,marking     ] GC(97) Concurrent Cleanup for Next Mark 6.387ms
[317.726s][info][gc             ] GC(97) Concurrent Mark Cycle 966.215ms
.[319.017s][info][gc,start       ] GC(98) Pause Young (Prepare Mixed) (G1 Evacuation Pause)
[319.017s][info][gc,task        ] GC(98) Using 6 workers of 6 for evacuation
[319.135s][info][gc,phases      ] GC(98)   Pre Evacuate Collection Set: 0.38ms
[319.135s][info][gc,phases      ] GC(98)   Merge Heap Roots: 0.49ms
[319.135s][info][gc,phases      ] GC(98)   Evacuate Collection Set: 115.63ms
[319.135s][info][gc,phases      ] GC(98)   Post Evacuate Collection Set: 0.94ms
[319.135s][info][gc,phases      ] GC(98)   Other: 0.09ms
[319.135s][info][gc,heap        ] GC(98) Eden regions: 1059->0(1042)
[319.135s][info][gc,heap        ] GC(98) Survivor regions: 106->107(146)
[319.135s][info][gc,heap        ] GC(98) Old regions: 576->611
[319.135s][info][gc,heap        ] GC(98) Humongous regions: 77->77
[319.135s][info][gc,metaspace   ] GC(98) Metaspace: 28805K(29120K)->28805K(29120K) NonClass: 23922K(24064K)->23922K(24064K) Class: 4883K(5056K)->4883K(5056K)
[319.135s][info][gc             ] GC(98) Pause Young (Prepare Mixed) (G1 Evacuation Pause) 3632M->1587M(4096M) 117.678ms
[319.135s][info][gc,cpu         ] GC(98) User=0.70s Sys=0.00s Real=0.12s
.. (rIR:aIR:PR = 6929:6954:6953) (tPR = 103384) [OK] 
   320s:       rampup IR =   8084 [321.358s][info][gc,start       ] GC(99) Pause Young (Mixed) (G1 Evacuation Pause)
[321.358s][info][gc,task        ] GC(99) Using 6 workers of 6 for evacuation
[321.494s][info][gc,phases      ] GC(99)   Pre Evacuate Collection Set: 0.49ms
[321.494s][info][gc,phases      ] GC(99)   Merge Heap Roots: 0.60ms
[321.494s][info][gc,phases      ] GC(99)   Evacuate Collection Set: 130.25ms
[321.494s][info][gc,phases      ] GC(99)   Merge Optional Heap Roots: 0.05ms
[321.494s][info][gc,phases      ] GC(99)   Evacuate Optional Collection Set: 3.23ms
[321.494s][info][gc,phases      ] GC(99)   Post Evacuate Collection Set: 1.17ms
[321.494s][info][gc,phases      ] GC(99)   Other: 0.12ms
[321.494s][info][gc,heap        ] GC(99) Eden regions: 1042->0(1120)
[321.494s][info][gc,heap        ] GC(99) Survivor regions: 107->108(144)
[321.494s][info][gc,heap        ] GC(99) Old regions: 611->468
[321.494s][info][gc,heap        ] GC(99) Humongous regions: 77->77
[321.494s][info][gc,metaspace   ] GC(99) Metaspace: 28805K(29120K)->28805K(29120K) NonClass: 23922K(24064K)->23922K(24064K) Class: 4883K(5056K)->4883K(5056K)
[321.494s][info][gc             ] GC(99) Pause Young (Mixed) (G1 Evacuation Pause) 3671M->1303M(4096M) 136.067ms
[321.494s][info][gc,cpu         ] GC(99) User=0.81s Sys=0.00s Real=0.14s
...[323.731s][info][gc,start       ] GC(100) Pause Young (Mixed) (G1 Evacuation Pause)
[323.731s][info][gc,task        ] GC(100) Using 6 workers of 6 for evacuation
[323.856s][info][gc,phases      ] GC(100)   Pre Evacuate Collection Set: 0.36ms
[323.856s][info][gc,phases      ] GC(100)   Merge Heap Roots: 0.55ms
[323.856s][info][gc,phases      ] GC(100)   Evacuate Collection Set: 122.39ms
[323.856s][info][gc,phases      ] GC(100)   Post Evacuate Collection Set: 0.92ms
[323.856s][info][gc,phases      ] GC(100)   Other: 0.09ms
[323.856s][info][gc,heap        ] GC(100) Eden regions: 1120->0(1116)
[323.856s][info][gc,heap        ] GC(100) Survivor regions: 108->112(154)
[323.856s][info][gc,heap        ] GC(100) Old regions: 468->492
[323.856s][info][gc,heap        ] GC(100) Humongous regions: 77->77
[323.856s][info][gc,metaspace   ] GC(100) Metaspace: 28806K(29120K)->28806K(29120K) NonClass: 23923K(24064K)->23923K(24064K) Class: 4883K(5056K)->4883K(5056K)
[323.856s][info][gc             ] GC(100) Pause Young (Mixed) (G1 Evacuation Pause) 3543M->1359M(4096M) 124.437ms
[323.856s][info][gc,cpu         ] GC(100) User=0.74s Sys=0.01s Real=0.13s
.. (rIR:aIR:PR = 8084:8339:8347) (tPR = 128122) [OK] 
   325s:       rampup IR =   9238 [325.874s][info][gc,start       ] GC(101) Pause Young (Concurrent Start) (G1 Evacuation Pause)
[325.874s][info][gc,task        ] GC(101) Using 6 workers of 6 for evacuation
[325.995s][info][gc,phases      ] GC(101)   Pre Evacuate Collection Set: 0.41ms
[325.996s][info][gc,phases      ] GC(101)   Merge Heap Roots: 0.45ms
[325.996s][info][gc,phases      ] GC(101)   Evacuate Collection Set: 119.57ms
[325.996s][info][gc,phases      ] GC(101)   Post Evacuate Collection Set: 0.98ms
[325.996s][info][gc,phases      ] GC(101)   Other: 0.10ms
[325.996s][info][gc,heap        ] GC(101) Eden regions: 1116->0(1115)
[325.996s][info][gc,heap        ] GC(101) Survivor regions: 112->113(154)
[325.996s][info][gc,heap        ] GC(101) Old regions: 492->524
[325.996s][info][gc,heap        ] GC(101) Humongous regions: 77->77
[325.996s][info][gc,metaspace   ] GC(101) Metaspace: 28807K(29120K)->28807K(29120K) NonClass: 23923K(24064K)->23923K(24064K) Class: 4883K(5056K)->4883K(5056K)
[325.996s][info][gc             ] GC(101) Pause Young (Concurrent Start) (G1 Evacuation Pause) 3591M->1426M(4096M) 121.653ms
[325.996s][info][gc             ] GC(102) Concurrent Mark Cycle
[325.996s][info][gc,marking     ] GC(102) Concurrent Scan Root Regions
[325.996s][info][gc,cpu         ] GC(101) User=0.72s Sys=0.00s Real=0.12s
[326.148s][info][gc,marking     ] GC(102) Concurrent Scan Root Regions 152.209ms
[326.148s][info][gc,marking     ] GC(102) Concurrent Mark
[326.148s][info][gc,marking     ] GC(102) Concurrent Mark From Roots
[326.148s][info][gc,task        ] GC(102) Using 2 workers of 2 for marking
.[327.006s][info][gc,marking     ] GC(102) Concurrent Mark From Roots 857.671ms
[327.006s][info][gc,marking     ] GC(102) Concurrent Preclean
[327.006s][info][gc,marking     ] GC(102) Concurrent Preclean 0.112ms
[327.007s][info][gc,start       ] GC(102) Pause Remark
[327.012s][info][gc             ] GC(102) Pause Remark 2408M->2408M(4096M) 5.292ms
[327.012s][info][gc,cpu         ] GC(102) User=0.03s Sys=0.00s Real=0.00s
[327.013s][info][gc,marking     ] GC(102) Concurrent Mark 864.609ms
[327.013s][info][gc,marking     ] GC(102) Concurrent Rebuild Remembered Sets and Scrub Regions
[327.347s][info][gc,marking     ] GC(102) Concurrent Rebuild Remembered Sets and Scrub Regions 334.145ms
[327.347s][info][gc,start       ] GC(102) Pause Cleanup
[327.347s][info][gc             ] GC(102) Pause Cleanup 2776M->2776M(4096M) 0.164ms
[327.347s][info][gc,cpu         ] GC(102) User=0.00s Sys=0.00s Real=0.00s
[327.348s][info][gc,marking     ] GC(102) Concurrent Clear Claimed Marks
[327.348s][info][gc,marking     ] GC(102) Concurrent Clear Claimed Marks 0.056ms
[327.348s][info][gc,marking     ] GC(102) Concurrent Cleanup for Next Mark
[327.355s][info][gc,marking     ] GC(102) Concurrent Cleanup for Next Mark 7.196ms
[327.355s][info][gc             ] GC(102) Concurrent Mark Cycle 1359.451ms
.[327.956s][info][gc,start       ] GC(103) Pause Young (Prepare Mixed) (G1 Evacuation Pause)
[327.956s][info][gc,task        ] GC(103) Using 6 workers of 6 for evacuation
[328.080s][info][gc,phases      ] GC(103)   Pre Evacuate Collection Set: 0.36ms
[328.080s][info][gc,phases      ] GC(103)   Merge Heap Roots: 0.51ms
[328.080s][info][gc,phases      ] GC(103)   Evacuate Collection Set: 121.71ms
[328.080s][info][gc,phases      ] GC(103)   Post Evacuate Collection Set: 0.90ms
[328.080s][info][gc,phases      ] GC(103)   Other: 0.09ms
[328.080s][info][gc,heap        ] GC(103) Eden regions: 1115->0(1084)
[328.080s][info][gc,heap        ] GC(103) Survivor regions: 113->113(154)
[328.080s][info][gc,heap        ] GC(103) Old regions: 524->558
[328.080s][info][gc,heap        ] GC(103) Humongous regions: 77->77
[328.080s][info][gc,metaspace   ] GC(103) Metaspace: 28807K(29120K)->28807K(29120K) NonClass: 23923K(24064K)->23923K(24064K) Class: 4883K(5056K)->4883K(5056K)
[328.080s][info][gc             ] GC(103) Pause Young (Prepare Mixed) (G1 Evacuation Pause) 3656M->1493M(4096M) 123.711ms
[328.080s][info][gc,cpu         ] GC(103) User=0.73s Sys=0.00s Real=0.12s
..[329.785s][info][gc,start       ] GC(104) Pause Young (Mixed) (G1 Evacuation Pause)
[329.785s][info][gc,task        ] GC(104) Using 6 workers of 6 for evacuation
[329.927s][info][gc,phases      ] GC(104)   Pre Evacuate Collection Set: 0.43ms
[329.927s][info][gc,phases      ] GC(104)   Merge Heap Roots: 0.63ms
[329.927s][info][gc,phases      ] GC(104)   Evacuate Collection Set: 139.34ms
[329.927s][info][gc,phases      ] GC(104)   Post Evacuate Collection Set: 0.91ms
[329.927s][info][gc,phases      ] GC(104)   Other: 0.10ms
[329.927s][info][gc,heap        ] GC(104) Eden regions: 1084->0(1115)
[329.927s][info][gc,heap        ] GC(104) Survivor regions: 113->113(150)
[329.927s][info][gc,heap        ] GC(104) Old regions: 558->461
[329.927s][info][gc,heap        ] GC(104) Humongous regions: 77->77
[329.927s][info][gc,metaspace   ] GC(104) Metaspace: 28809K(29120K)->28809K(29120K) NonClass: 23926K(24064K)->23926K(24064K) Class: 4883K(5056K)->4883K(5056K)
[329.927s][info][gc             ] GC(104) Pause Young (Mixed) (G1 Evacuation Pause) 3661M->1298M(4096M) 141.537ms
[329.927s][info][gc,cpu         ] GC(104) User=0.83s Sys=0.00s Real=0.14s
..[331.888s][info][gc,start       ] GC(105) Pause Young (Concurrent Start) (G1 Evacuation Pause)
[331.888s][info][gc,task        ] GC(105) Using 6 workers of 6 for evacuation
[332.014s][info][gc,phases      ] GC(105)   Pre Evacuate Collection Set: 0.41ms
[332.014s][info][gc,phases      ] GC(105)   Merge Heap Roots: 0.50ms
[332.014s][info][gc,phases      ] GC(105)   Evacuate Collection Set: 123.67ms
[332.014s][info][gc,phases      ] GC(105)   Post Evacuate Collection Set: 0.96ms
[332.014s][info][gc,phases      ] GC(105)   Other: 0.14ms
[332.014s][info][gc,heap        ] GC(105) Eden regions: 1115->0(1114)
[332.014s][info][gc,heap        ] GC(105) Survivor regions: 113->114(154)
[332.014s][info][gc,heap        ] GC(105) Old regions: 461->495
[332.014s][info][gc,heap        ] GC(105) Humongous regions: 77->77
[332.014s][info][gc,metaspace   ] GC(105) Metaspace: 28810K(29120K)->28810K(29120K) NonClass: 23927K(24064K)->23927K(24064K) Class: 4883K(5056K)->4883K(5056K)
[332.014s][info][gc             ] GC(105) Pause Young (Concurrent Start) (G1 Evacuation Pause) 3528M->1368M(4096M) 125.807ms
[332.014s][info][gc             ] GC(106) Concurrent Mark Cycle
[332.014s][info][gc,marking     ] GC(106) Concurrent Scan Root Regions
[332.014s][info][gc,cpu         ] GC(105) User=0.74s Sys=0.00s Real=0.13s
[332.162s][info][gc,marking     ] GC(106) Concurrent Scan Root Regions 148.029ms
[332.162s][info][gc,marking     ] GC(106) Concurrent Mark
[332.162s][info][gc,marking     ] GC(106) Concurrent Mark From Roots
[332.162s][info][gc,task        ] GC(106) Using 2 workers of 2 for marking
. (rIR:aIR:PR = 9238:8868:8877) (tPR = 132007) [OK] 
   332s:       rampup IR =  10393 [332.899s][info][gc,marking     ] GC(106) Concurrent Mark From Roots 736.442ms
[332.899s][info][gc,marking     ] GC(106) Concurrent Preclean
[332.899s][info][gc,marking     ] GC(106) Concurrent Preclean 0.111ms
[332.899s][info][gc,start       ] GC(106) Pause Remark
[332.902s][info][gc             ] GC(106) Pause Remark 2107M->2107M(4096M) 2.968ms
[332.902s][info][gc,cpu         ] GC(106) User=0.02s Sys=0.00s Real=0.00s
[332.902s][info][gc,marking     ] GC(106) Concurrent Mark 739.860ms
[332.902s][info][gc,marking     ] GC(106) Concurrent Rebuild Remembered Sets and Scrub Regions
[333.277s][info][gc,marking     ] GC(106) Concurrent Rebuild Remembered Sets and Scrub Regions 374.773ms
[333.277s][info][gc,start       ] GC(106) Pause Cleanup
[333.277s][info][gc             ] GC(106) Pause Cleanup 2576M->2576M(4096M) 0.150ms
[333.277s][info][gc,cpu         ] GC(106) User=0.00s Sys=0.00s Real=0.00s
[333.278s][info][gc,marking     ] GC(106) Concurrent Clear Claimed Marks
[333.278s][info][gc,marking     ] GC(106) Concurrent Clear Claimed Marks 0.031ms
[333.278s][info][gc,marking     ] GC(106) Concurrent Cleanup for Next Mark
[333.283s][info][gc,marking     ] GC(106) Concurrent Cleanup for Next Mark 5.212ms
[333.283s][info][gc             ] GC(106) Concurrent Mark Cycle 1268.945ms
.[334.026s][info][gc,start       ] GC(107) Pause Young (Prepare Mixed) (G1 Evacuation Pause)
[334.026s][info][gc,task        ] GC(107) Using 6 workers of 6 for evacuation
[334.159s][info][gc,phases      ] GC(107)   Pre Evacuate Collection Set: 0.34ms
[334.159s][info][gc,phases      ] GC(107)   Merge Heap Roots: 0.57ms
[334.159s][info][gc,phases      ] GC(107)   Evacuate Collection Set: 130.96ms
[334.159s][info][gc,phases      ] GC(107)   Post Evacuate Collection Set: 0.99ms
[334.159s][info][gc,phases      ] GC(107)   Other: 0.09ms
[334.159s][info][gc,heap        ] GC(107) Eden regions: 1114->0(1101)
[334.159s][info][gc,heap        ] GC(107) Survivor regions: 114->120(154)
[334.159s][info][gc,heap        ] GC(107) Old regions: 495->527
[334.159s][info][gc,heap        ] GC(107) Humongous regions: 77->77
[334.159s][info][gc,metaspace   ] GC(107) Metaspace: 28811K(29120K)->28811K(29120K) NonClass: 23928K(24064K)->23928K(24064K) Class: 4883K(5056K)->4883K(5056K)
[334.159s][info][gc             ] GC(107) Pause Young (Prepare Mixed) (G1 Evacuation Pause) 3596M->1446M(4096M) 133.083ms
[334.159s][info][gc,cpu         ] GC(107) User=0.79s Sys=0.01s Real=0.13s
.[335.838s][info][gc,start       ] GC(108) Pause Young (Mixed) (G1 Evacuation Pause)
[335.838s][info][gc,task        ] GC(108) Using 6 workers of 6 for evacuation
[335.991s][info][gc,phases      ] GC(108)   Pre Evacuate Collection Set: 0.36ms
[335.991s][info][gc,phases      ] GC(108)   Merge Heap Roots: 0.71ms
[335.991s][info][gc,phases      ] GC(108)   Evacuate Collection Set: 151.37ms
[335.991s][info][gc,phases      ] GC(108)   Post Evacuate Collection Set: 0.99ms
[335.991s][info][gc,phases      ] GC(108)   Other: 0.09ms
[335.991s][info][gc,heap        ] GC(108) Eden regions: 1101->0(1114)
[335.991s][info][gc,heap        ] GC(108) Survivor regions: 120->114(153)
[335.991s][info][gc,heap        ] GC(108) Old regions: 527->466
[335.991s][info][gc,heap        ] GC(108) Humongous regions: 77->77
[335.991s][info][gc,metaspace   ] GC(108) Metaspace: 28811K(29120K)->28811K(29120K) NonClass: 23928K(24064K)->23928K(24064K) Class: 4883K(5056K)->4883K(5056K)
[335.991s][info][gc             ] GC(108) Pause Young (Mixed) (G1 Evacuation Pause) 3648M->1311M(4096M) 153.650ms
[335.992s][info][gc,cpu         ] GC(108) User=0.91s Sys=0.00s Real=0.15s
..[337.614s][info][gc,start       ] GC(109) Pause Young (Concurrent Start) (G1 Evacuation Pause)
[337.614s][info][gc,task        ] GC(109) Using 6 workers of 6 for evacuation
[337.737s][info][gc,phases      ] GC(109)   Pre Evacuate Collection Set: 0.41ms
[337.737s][info][gc,phases      ] GC(109)   Merge Heap Roots: 0.46ms
[337.737s][info][gc,phases      ] GC(109)   Evacuate Collection Set: 120.40ms
[337.737s][info][gc,phases      ] GC(109)   Post Evacuate Collection Set: 0.92ms
[337.737s][info][gc,phases      ] GC(109)   Other: 0.12ms
[337.737s][info][gc,heap        ] GC(109) Eden regions: 1114->0(1115)
[337.737s][info][gc,heap        ] GC(109) Survivor regions: 114->113(154)
[337.737s][info][gc,heap        ] GC(109) Old regions: 466->498
[337.737s][info][gc,heap        ] GC(109) Humongous regions: 77->77
[337.737s][info][gc,metaspace   ] GC(109) Metaspace: 28812K(29120K)->28812K(29120K) NonClass: 23929K(24064K)->23929K(24064K) Class: 4883K(5056K)->4883K(5056K)
[337.737s][info][gc             ] GC(109) Pause Young (Concurrent Start) (G1 Evacuation Pause) 3539M->1373M(4096M) 122.456ms
[337.737s][info][gc             ] GC(110) Concurrent Mark Cycle
[337.737s][info][gc,marking     ] GC(110) Concurrent Scan Root Regions
[337.737s][info][gc,cpu         ] GC(109) User=0.72s Sys=0.00s Real=0.12s
[337.866s][info][gc,marking     ] GC(110) Concurrent Scan Root Regions 128.607ms
[337.866s][info][gc,marking     ] GC(110) Concurrent Mark
[337.866s][info][gc,marking     ] GC(110) Concurrent Mark From Roots
[337.866s][info][gc,task        ] GC(110) Using 2 workers of 2 for marking
.[338.423s][info][gc,marking     ] GC(110) Concurrent Mark From Roots 557.273ms
[338.423s][info][gc,marking     ] GC(110) Concurrent Preclean
[338.423s][info][gc,marking     ] GC(110) Concurrent Preclean 0.086ms
[338.423s][info][gc,start       ] GC(110) Pause Remark
[338.427s][info][gc             ] GC(110) Pause Remark 1972M->1972M(4096M) 3.648ms
[338.427s][info][gc,cpu         ] GC(110) User=0.01s Sys=0.00s Real=0.00s
[338.427s][info][gc,marking     ] GC(110) Concurrent Mark 561.452ms
[338.427s][info][gc,marking     ] GC(110) Concurrent Rebuild Remembered Sets and Scrub Regions
[338.638s][info][gc,marking     ] GC(110) Concurrent Rebuild Remembered Sets and Scrub Regions 210.673ms
[338.638s][info][gc,start       ] GC(110) Pause Cleanup
[338.638s][info][gc             ] GC(110) Pause Cleanup 2171M->2171M(4096M) 0.142ms
[338.638s][info][gc,cpu         ] GC(110) User=0.00s Sys=0.00s Real=0.00s
[338.638s][info][gc,marking     ] GC(110) Concurrent Clear Claimed Marks
[338.638s][info][gc,marking     ] GC(110) Concurrent Clear Claimed Marks 0.031ms
[338.638s][info][gc,marking     ] GC(110) Concurrent Cleanup for Next Mark
[338.662s][info][gc,marking     ] GC(110) Concurrent Cleanup for Next Mark 23.626ms
[338.662s][info][gc             ] GC(110) Concurrent Mark Cycle 925.201ms
.[339.627s][info][gc,start       ] GC(111) Pause Young (Prepare Mixed) (G1 Evacuation Pause)
[339.627s][info][gc,task        ] GC(111) Using 6 workers of 6 for evacuation
[339.747s][info][gc,phases      ] GC(111)   Pre Evacuate Collection Set: 0.35ms
[339.747s][info][gc,phases      ] GC(111)   Merge Heap Roots: 0.54ms
[339.747s][info][gc,phases      ] GC(111)   Evacuate Collection Set: 118.51ms
[339.747s][info][gc,phases      ] GC(111)   Post Evacuate Collection Set: 0.98ms
[339.747s][info][gc,phases      ] GC(111)   Other: 0.09ms
[339.747s][info][gc,heap        ] GC(111) Eden regions: 1115->0(1115)
[339.747s][info][gc,heap        ] GC(111) Survivor regions: 113->112(154)
[339.747s][info][gc,heap        ] GC(111) Old regions: 498->529
[339.747s][info][gc,heap        ] GC(111) Humongous regions: 77->77
[339.747s][info][gc,metaspace   ] GC(111) Metaspace: 28815K(29184K)->28815K(29184K) NonClass: 23932K(24128K)->23932K(24128K) Class: 4883K(5056K)->4883K(5056K)
[339.747s][info][gc             ] GC(111) Pause Young (Prepare Mixed) (G1 Evacuation Pause) 3603M->1433M(4096M) 120.606ms
[339.747s][info][gc,cpu         ] GC(111) User=0.71s Sys=0.00s Real=0.12s
..[341.296s][info][gc,start       ] GC(112) Pause Young (Mixed) (G1 Evacuation Pause)
[341.296s][info][gc,task        ] GC(112) Using 6 workers of 6 for evacuation
[341.443s][info][gc,phases      ] GC(112)   Pre Evacuate Collection Set: 0.41ms
[341.443s][info][gc,phases      ] GC(112)   Merge Heap Roots: 0.62ms
[341.443s][info][gc,phases      ] GC(112)   Evacuate Collection Set: 144.57ms
[341.443s][info][gc,phases      ] GC(112)   Post Evacuate Collection Set: 1.02ms
[341.443s][info][gc,phases      ] GC(112)   Other: 0.09ms
[341.443s][info][gc,heap        ] GC(112) Eden regions: 1115->0(1111)
[341.443s][info][gc,heap        ] GC(112) Survivor regions: 112->117(154)
[341.443s][info][gc,heap        ] GC(112) Old regions: 529->463
[341.443s][info][gc,heap        ] GC(112) Humongous regions: 77->77
[341.443s][info][gc,metaspace   ] GC(112) Metaspace: 28815K(29184K)->28815K(29184K) NonClass: 23932K(24128K)->23932K(24128K) Class: 4883K(5056K)->4883K(5056K)
[341.443s][info][gc             ] GC(112) Pause Young (Mixed) (G1 Evacuation Pause) 3663M->1311M(4096M) 146.853ms
[341.443s][info][gc,cpu         ] GC(112) User=0.86s Sys=0.00s Real=0.14s
. (rIR:aIR:PR = 10393:10239:10231) (tPR = 151573) [OK] 
   342s:       rampup IR =  11548 [343.040s][info][gc,start       ] GC(113) Pause Young (Concurrent Start) (G1 Evacuation Pause)
[343.040s][info][gc,task        ] GC(113) Using 6 workers of 6 for evacuation
[343.163s][info][gc,phases      ] GC(113)   Pre Evacuate Collection Set: 0.42ms
[343.163s][info][gc,phases      ] GC(113)   Merge Heap Roots: 0.49ms
[343.163s][info][gc,phases      ] GC(113)   Evacuate Collection Set: 121.10ms
[343.163s][info][gc,phases      ] GC(113)   Post Evacuate Collection Set: 0.95ms
[343.163s][info][gc,phases      ] GC(113)   Other: 0.11ms
[343.163s][info][gc,heap        ] GC(113) Eden regions: 1111->0(1115)
[343.163s][info][gc,heap        ] GC(113) Survivor regions: 117->113(154)
[343.163s][info][gc,heap        ] GC(113) Old regions: 463->496
[343.163s][info][gc,heap        ] GC(113) Humongous regions: 77->77
[343.163s][info][gc,metaspace   ] GC(113) Metaspace: 28819K(29184K)->28819K(29184K) NonClass: 23935K(24128K)->23935K(24128K) Class: 4883K(5056K)->4883K(5056K)
[343.163s][info][gc             ] GC(113) Pause Young (Concurrent Start) (G1 Evacuation Pause) 3533M->1369M(4096M) 123.227ms
[343.163s][info][gc             ] GC(114) Concurrent Mark Cycle
[343.163s][info][gc,marking     ] GC(114) Concurrent Scan Root Regions
[343.163s][info][gc,cpu         ] GC(113) User=0.73s Sys=0.00s Real=0.13s
.[343.383s][info][gc,marking     ] GC(114) Concurrent Scan Root Regions 219.999ms
[343.383s][info][gc,marking     ] GC(114) Concurrent Mark
[343.383s][info][gc,marking     ] GC(114) Concurrent Mark From Roots
[343.383s][info][gc,task        ] GC(114) Using 2 workers of 2 for marking
[344.337s][info][gc,marking     ] GC(114) Concurrent Mark From Roots 953.689ms
[344.337s][info][gc,marking     ] GC(114) Concurrent Preclean
[344.337s][info][gc,marking     ] GC(114) Concurrent Preclean 0.110ms
[344.341s][info][gc,start       ] GC(114) Pause Remark
[344.347s][info][gc             ] GC(114) Pause Remark 2535M->2535M(4096M) 5.476ms
[344.347s][info][gc,cpu         ] GC(114) User=0.03s Sys=0.00s Real=0.01s
[344.347s][info][gc,marking     ] GC(114) Concurrent Mark 964.305ms
[344.347s][info][gc,marking     ] GC(114) Concurrent Rebuild Remembered Sets and Scrub Regions
.[344.755s][info][gc,marking     ] GC(114) Concurrent Rebuild Remembered Sets and Scrub Regions 407.281ms
[344.756s][info][gc,start       ] GC(114) Pause Cleanup
[344.756s][info][gc             ] GC(114) Pause Cleanup 2885M->2885M(4096M) 0.158ms
[344.756s][info][gc,cpu         ] GC(114) User=0.00s Sys=0.00s Real=0.00s
[344.757s][info][gc,marking     ] GC(114) Concurrent Clear Claimed Marks
[344.757s][info][gc,marking     ] GC(114) Concurrent Clear Claimed Marks 0.046ms
[344.757s][info][gc,marking     ] GC(114) Concurrent Cleanup for Next Mark
[344.763s][info][gc,marking     ] GC(114) Concurrent Cleanup for Next Mark 6.112ms
[344.763s][info][gc             ] GC(114) Concurrent Mark Cycle 1600.167ms
[345.126s][info][gc,start       ] GC(115) Pause Young (Prepare Mixed) (G1 Evacuation Pause)
[345.126s][info][gc,task        ] GC(115) Using 6 workers of 6 for evacuation
[345.250s][info][gc,phases      ] GC(115)   Pre Evacuate Collection Set: 0.36ms
[345.250s][info][gc,phases      ] GC(115)   Merge Heap Roots: 0.50ms
[345.250s][info][gc,phases      ] GC(115)   Evacuate Collection Set: 122.32ms
[345.250s][info][gc,phases      ] GC(115)   Post Evacuate Collection Set: 0.97ms
[345.250s][info][gc,phases      ] GC(115)   Other: 0.08ms
[345.250s][info][gc,heap        ] GC(115) Eden regions: 1115->0(1106)
[345.250s][info][gc,heap        ] GC(115) Survivor regions: 113->117(154)
[345.250s][info][gc,heap        ] GC(115) Old regions: 496->528
[345.250s][info][gc,heap        ] GC(115) Humongous regions: 77->77
[345.250s][info][gc,metaspace   ] GC(115) Metaspace: 28819K(29184K)->28819K(29184K) NonClass: 23935K(24128K)->23935K(24128K) Class: 4883K(5056K)->4883K(5056K)
[345.250s][info][gc             ] GC(115) Pause Young (Prepare Mixed) (G1 Evacuation Pause) 3599M->1440M(4096M) 124.394ms
[345.250s][info][gc,cpu         ] GC(115) User=0.73s Sys=0.00s Real=0.12s
.[346.842s][info][gc,start       ] GC(116) Pause Young (Mixed) (G1 Evacuation Pause)
[346.842s][info][gc,task        ] GC(116) Using 6 workers of 6 for evacuation
[346.975s][info][gc,phases      ] GC(116)   Pre Evacuate Collection Set: 0.39ms
[346.975s][info][gc,phases      ] GC(116)   Merge Heap Roots: 0.57ms
[346.975s][info][gc,phases      ] GC(116)   Evacuate Collection Set: 130.84ms
[346.975s][info][gc,phases      ] GC(116)   Post Evacuate Collection Set: 0.99ms
[346.975s][info][gc,phases      ] GC(116)   Other: 0.09ms
[346.975s][info][gc,heap        ] GC(116) Eden regions: 1106->0(1116)
[346.975s][info][gc,heap        ] GC(116) Survivor regions: 117->112(153)
[346.975s][info][gc,heap        ] GC(116) Old regions: 528->465
[346.975s][info][gc,heap        ] GC(116) Humongous regions: 77->77
[346.975s][info][gc,metaspace   ] GC(116) Metaspace: 28823K(29184K)->28823K(29184K) NonClass: 23940K(24128K)->23940K(24128K) Class: 4883K(5056K)->4883K(5056K)
[346.975s][info][gc             ] GC(116) Pause Young (Mixed) (G1 Evacuation Pause) 3652M->1306M(4096M) 133.017ms
[346.975s][info][gc,cpu         ] GC(116) User=0.79s Sys=0.00s Real=0.14s
..[348.478s][info][gc,start       ] GC(117) Pause Young (Concurrent Start) (G1 Evacuation Pause)
[348.478s][info][gc,task        ] GC(117) Using 6 workers of 6 for evacuation
[348.610s][info][gc,phases      ] GC(117)   Pre Evacuate Collection Set: 0.42ms
[348.610s][info][gc,phases      ] GC(117)   Merge Heap Roots: 0.51ms
[348.610s][info][gc,phases      ] GC(117)   Evacuate Collection Set: 129.30ms
[348.610s][info][gc,phases      ] GC(117)   Post Evacuate Collection Set: 0.97ms
[348.610s][info][gc,phases      ] GC(117)   Other: 0.13ms
[348.610s][info][gc,heap        ] GC(117) Eden regions: 1116->0(1107)
[348.610s][info][gc,heap        ] GC(117) Survivor regions: 112->121(154)
[348.610s][info][gc,heap        ] GC(117) Old regions: 465->500
[348.610s][info][gc,heap        ] GC(117) Humongous regions: 77->77
[348.610s][info][gc,metaspace   ] GC(117) Metaspace: 28823K(29184K)->28823K(29184K) NonClass: 23940K(24128K)->23940K(24128K) Class: 4883K(5056K)->4883K(5056K)
[348.610s][info][gc             ] GC(117) Pause Young (Concurrent Start) (G1 Evacuation Pause) 3538M->1392M(4096M) 131.452ms
[348.610s][info][gc             ] GC(118) Concurrent Mark Cycle
[348.610s][info][gc,marking     ] GC(118) Concurrent Scan Root Regions
[348.610s][info][gc,cpu         ] GC(117) User=0.78s Sys=0.00s Real=0.13s
[349.088s][info][gc,marking     ] GC(118) Concurrent Scan Root Regions 477.742ms
[349.088s][info][gc,marking     ] GC(118) Concurrent Mark
[349.088s][info][gc,marking     ] GC(118) Concurrent Mark From Roots
[349.088s][info][gc,task        ] GC(118) Using 2 workers of 2 for marking
.[350.234s][info][gc,marking     ] GC(118) Concurrent Mark From Roots 1146.580ms
[350.234s][info][gc,marking     ] GC(118) Concurrent Preclean
[350.234s][info][gc,marking     ] GC(118) Concurrent Preclean 0.082ms
[350.235s][info][gc,start       ] GC(118) Pause Remark
[350.240s][info][gc             ] GC(118) Pause Remark 2774M->2774M(4096M) 5.157ms
[350.240s][info][gc,cpu         ] GC(118) User=0.03s Sys=0.00s Real=0.00s
[350.240s][info][gc,marking     ] GC(118) Concurrent Mark 1152.907ms
[350.240s][info][gc,marking     ] GC(118) Concurrent Rebuild Remembered Sets and Scrub Regions
.[350.611s][info][gc,marking     ] GC(118) Concurrent Rebuild Remembered Sets and Scrub Regions 370.683ms
[350.613s][info][gc,start       ] GC(118) Pause Cleanup
[350.613s][info][gc             ] GC(118) Pause Cleanup 3050M->3050M(4096M) 0.166ms
[350.613s][info][gc,cpu         ] GC(118) User=0.00s Sys=0.00s Real=0.00s
[350.614s][info][gc,marking     ] GC(118) Concurrent Clear Claimed Marks
[350.614s][info][gc,marking     ] GC(118) Concurrent Clear Claimed Marks 0.040ms
[350.614s][info][gc,marking     ] GC(118) Concurrent Cleanup for Next Mark
[350.619s][info][gc,marking     ] GC(118) Concurrent Cleanup for Next Mark 5.054ms
[350.619s][info][gc             ] GC(118) Concurrent Mark Cycle 2009.486ms
[350.933s][info][gc,start       ] GC(119) Pause Young (Prepare Mixed) (G1 Evacuation Pause)
[350.933s][info][gc,task        ] GC(119) Using 6 workers of 6 for evacuation
[351.051s][info][gc,phases      ] GC(119)   Pre Evacuate Collection Set: 0.38ms
[351.051s][info][gc,phases      ] GC(119)   Merge Heap Roots: 0.53ms
[351.051s][info][gc,phases      ] GC(119)   Evacuate Collection Set: 115.82ms
[351.051s][info][gc,phases      ] GC(119)   Post Evacuate Collection Set: 0.93ms
[351.051s][info][gc,phases      ] GC(119)   Other: 0.09ms
[351.051s][info][gc,heap        ] GC(119) Eden regions: 1107->0(1138)
[351.051s][info][gc,heap        ] GC(119) Survivor regions: 121->64(154)
[351.051s][info][gc,heap        ] GC(119) Old regions: 500->580
[351.051s][info][gc,heap        ] GC(119) Humongous regions: 77->77
[351.051s][info][gc,metaspace   ] GC(119) Metaspace: 28825K(29184K)->28825K(29184K) NonClass: 23942K(24128K)->23942K(24128K) Class: 4883K(5056K)->4883K(5056K)
[351.051s][info][gc             ] GC(119) Pause Young (Prepare Mixed) (G1 Evacuation Pause) 3606M->1439M(4096M) 117.867ms
[351.051s][info][gc,cpu         ] GC(119) User=0.70s Sys=0.00s Real=0.11s
.[352.271s][info][gc,start       ] GC(120) Pause Young (Mixed) (G1 Evacuation Pause)
[352.271s][info][gc,task        ] GC(120) Using 6 workers of 6 for evacuation
[352.434s][info][gc,phases      ] GC(120)   Pre Evacuate Collection Set: 0.37ms
[352.434s][info][gc,phases      ] GC(120)   Merge Heap Roots: 0.60ms
[352.434s][info][gc,phases      ] GC(120)   Evacuate Collection Set: 160.29ms
[352.434s][info][gc,phases      ] GC(120)   Post Evacuate Collection Set: 0.91ms
[352.434s][info][gc,phases      ] GC(120)   Other: 0.09ms
[352.434s][info][gc,heap        ] GC(120) Eden regions: 1138->0(1108)
[352.434s][info][gc,heap        ] GC(120) Survivor regions: 64->120(151)
[352.434s][info][gc,heap        ] GC(120) Old regions: 580->485
[352.434s][info][gc,heap        ] GC(120) Humongous regions: 77->77
[352.434s][info][gc,metaspace   ] GC(120) Metaspace: 28825K(29184K)->28825K(29184K) NonClass: 23942K(24128K)->23942K(24128K) Class: 4883K(5056K)->4883K(5056K)
[352.434s][info][gc             ] GC(120) Pause Young (Mixed) (G1 Evacuation Pause) 3715M->1362M(4096M) 162.387ms
[352.434s][info][gc,cpu         ] GC(120) User=0.72s Sys=0.00s Real=0.17s
.[353.877s][info][gc,start       ] GC(121) Pause Young (Concurrent Start) (G1 Evacuation Pause)
[353.877s][info][gc,task        ] GC(121) Using 6 workers of 6 for evacuation
[354.002s][info][gc,phases      ] GC(121)   Pre Evacuate Collection Set: 0.41ms
[354.002s][info][gc,phases      ] GC(121)   Merge Heap Roots: 0.45ms
[354.002s][info][gc,phases      ] GC(121)   Evacuate Collection Set: 122.88ms
[354.002s][info][gc,phases      ] GC(121)   Post Evacuate Collection Set: 0.93ms
[354.002s][info][gc,phases      ] GC(121)   Other: 0.11ms
[354.002s][info][gc,heap        ] GC(121) Eden regions: 1108->0(1141)
[354.002s][info][gc,heap        ] GC(121) Survivor regions: 120->70(154)
[354.002s][info][gc,heap        ] GC(121) Old regions: 485->565
[354.002s][info][gc,heap        ] GC(121) Humongous regions: 77->77
[354.002s][info][gc,metaspace   ] GC(121) Metaspace: 28825K(29184K)->28825K(29184K) NonClass: 23942K(24128K)->23942K(24128K) Class: 4883K(5056K)->4883K(5056K)
[354.002s][info][gc             ] GC(121) Pause Young (Concurrent Start) (G1 Evacuation Pause) 3578M->1422M(4096M) 124.905ms
[354.002s][info][gc             ] GC(122) Concurrent Mark Cycle
[354.002s][info][gc,marking     ] GC(122) Concurrent Scan Root Regions
[354.002s][info][gc,cpu         ] GC(121) User=0.74s Sys=0.00s Real=0.12s
.[354.216s][info][gc,marking     ] GC(122) Concurrent Scan Root Regions 214.189ms
[354.217s][info][gc,marking     ] GC(122) Concurrent Mark
[354.217s][info][gc,marking     ] GC(122) Concurrent Mark From Roots
[354.217s][info][gc,task        ] GC(122) Using 2 workers of 2 for marking
.[356.142s][info][gc,marking     ] GC(122) Concurrent Mark From Roots 1925.515ms
[356.142s][info][gc,marking     ] GC(122) Concurrent Preclean
[356.142s][info][gc,marking     ] GC(122) Concurrent Preclean 0.076ms
[356.144s][info][gc,start       ] GC(122) Pause Remark
[356.151s][info][gc             ] GC(122) Pause Remark 3662M->3662M(4096M) 6.833ms
[356.151s][info][gc,cpu         ] GC(122) User=0.04s Sys=0.00s Real=0.00s
[356.153s][info][gc,marking     ] GC(122) Concurrent Mark 1936.710ms
[356.153s][info][gc,marking     ] GC(122) Concurrent Rebuild Remembered Sets and Scrub Regions
[356.186s][info][gc,start       ] GC(123) Pause Young (Normal) (G1 Evacuation Pause)
[356.186s][info][gc,task        ] GC(123) Using 6 workers of 6 for evacuation
[356.284s][info][gc,phases      ] GC(123)   Pre Evacuate Collection Set: 0.31ms
[356.284s][info][gc,phases      ] GC(123)   Merge Heap Roots: 0.43ms
[356.284s][info][gc,phases      ] GC(123)   Evacuate Collection Set: 95.98ms
[356.284s][info][gc,phases      ] GC(123)   Post Evacuate Collection Set: 0.99ms
[356.284s][info][gc,phases      ] GC(123)   Other: 0.09ms
[356.284s][info][gc,heap        ] GC(123) Eden regions: 1141->0(1081)
[356.284s][info][gc,heap        ] GC(123) Survivor regions: 70->111(152)
[356.284s][info][gc,heap        ] GC(123) Old regions: 565->565
[356.284s][info][gc,heap        ] GC(123) Humongous regions: 77->77
[356.284s][info][gc,metaspace   ] GC(123) Metaspace: 28827K(29184K)->28827K(29184K) NonClass: 23944K(24128K)->23944K(24128K) Class: 4883K(5056K)->4883K(5056K)
[356.284s][info][gc             ] GC(123) Pause Young (Normal) (G1 Evacuation Pause) 3704M->1503M(4096M) 97.948ms
[356.284s][info][gc,cpu         ] GC(123) User=0.57s Sys=0.01s Real=0.10s
.[357.075s][info][gc,marking     ] GC(122) Concurrent Rebuild Remembered Sets and Scrub Regions 921.507ms
[357.075s][info][gc,start       ] GC(122) Pause Cleanup
[357.075s][info][gc             ] GC(122) Pause Cleanup 2466M->2466M(4096M) 0.171ms
[357.075s][info][gc,cpu         ] GC(122) User=0.00s Sys=0.00s Real=0.00s
[357.076s][info][gc,marking     ] GC(122) Concurrent Clear Claimed Marks
[357.076s][info][gc,marking     ] GC(122) Concurrent Clear Claimed Marks 0.040ms
[357.076s][info][gc,marking     ] GC(122) Concurrent Cleanup for Next Mark
[357.089s][info][gc,marking     ] GC(122) Concurrent Cleanup for Next Mark 13.187ms
[357.089s][info][gc             ] GC(122) Concurrent Mark Cycle 3086.843ms
.[357.895s][info][gc,start       ] GC(124) Pause Young (Prepare Mixed) (G1 Evacuation Pause)
[357.895s][info][gc,task        ] GC(124) Using 6 workers of 6 for evacuation
[358.015s][info][gc,phases      ] GC(124)   Pre Evacuate Collection Set: 0.34ms
[358.015s][info][gc,phases      ] GC(124)   Merge Heap Roots: 0.54ms
[358.015s][info][gc,phases      ] GC(124)   Evacuate Collection Set: 118.41ms
[358.015s][info][gc,phases      ] GC(124)   Post Evacuate Collection Set: 1.01ms
[358.015s][info][gc,phases      ] GC(124)   Other: 0.09ms
[358.015s][info][gc,heap        ] GC(124) Eden regions: 1081->0(1044)
[358.015s][info][gc,heap        ] GC(124) Survivor regions: 111->113(149)
[358.015s][info][gc,heap        ] GC(124) Old regions: 565->598
[358.015s][info][gc,heap        ] GC(124) Humongous regions: 77->77
[358.015s][info][gc,metaspace   ] GC(124) Metaspace: 28827K(29184K)->28827K(29184K) NonClass: 23944K(24128K)->23944K(24128K) Class: 4883K(5056K)->4883K(5056K)
[358.016s][info][gc             ] GC(124) Pause Young (Prepare Mixed) (G1 Evacuation Pause) 3665M->1574M(4096M) 120.547ms
[358.016s][info][gc,cpu         ] GC(124) User=0.71s Sys=0.00s Real=0.12s
.[359.204s][info][gc,start       ] GC(125) Pause Young (Mixed) (G1 Evacuation Pause)
[359.204s][info][gc,task        ] GC(125) Using 6 workers of 6 for evacuation
[359.360s][info][gc,phases      ] GC(125)   Pre Evacuate Collection Set: 0.41ms
[359.360s][info][gc,phases      ] GC(125)   Merge Heap Roots: 0.59ms
[359.360s][info][gc,phases      ] GC(125)   Evacuate Collection Set: 149.10ms
[359.360s][info][gc,phases      ] GC(125)   Merge Optional Heap Roots: 0.08ms
[359.360s][info][gc,phases      ] GC(125)   Evacuate Optional Collection Set: 4.62ms
[359.360s][info][gc,phases      ] GC(125)   Post Evacuate Collection Set: 1.06ms
[359.360s][info][gc,phases      ] GC(125)   Other: 0.11ms
[359.360s][info][gc,heap        ] GC(125) Eden regions: 1044->0(1080)
[359.360s][info][gc,heap        ] GC(125) Survivor regions: 113->136(145)
[359.360s][info][gc,heap        ] GC(125) Old regions: 598->516
[359.360s][info][gc,heap        ] GC(125) Humongous regions: 77->77
[359.360s][info][gc,metaspace   ] GC(125) Metaspace: 28827K(29184K)->28827K(29184K) NonClass: 23944K(24128K)->23944K(24128K) Class: 4883K(5056K)->4883K(5056K)
[359.360s][info][gc             ] GC(125) Pause Young (Mixed) (G1 Evacuation Pause) 3662M->1454M(4096M) 156.125ms
[359.360s][info][gc,cpu         ] GC(125) User=0.93s Sys=0.00s Real=0.15s
.[360.775s][info][gc,start       ] GC(126) Pause Young (Mixed) (G1 Evacuation Pause)
[360.775s][info][gc,task        ] GC(126) Using 6 workers of 6 for evacuation
[360.905s][info][gc,phases      ] GC(126)   Pre Evacuate Collection Set: 0.39ms
[360.905s][info][gc,phases      ] GC(126)   Merge Heap Roots: 0.68ms
[360.905s][info][gc,phases      ] GC(126)   Evacuate Collection Set: 127.71ms
[360.905s][info][gc,phases      ] GC(126)   Post Evacuate Collection Set: 0.95ms
[360.905s][info][gc,phases      ] GC(126)   Other: 0.09ms
[360.905s][info][gc,heap        ] GC(126) Eden regions: 1080->0(1120)
[360.905s][info][gc,heap        ] GC(126) Survivor regions: 136->69(152)
[360.905s][info][gc,heap        ] GC(126) Old regions: 516->586
[360.905s][info][gc,heap        ] GC(126) Humongous regions: 77->77
[360.905s][info][gc,metaspace   ] GC(126) Metaspace: 28827K(29184K)->28827K(29184K) NonClass: 23944K(24128K)->23944K(24128K) Class: 4883K(5056K)->4883K(5056K)
[360.905s][info][gc             ] GC(126) Pause Young (Mixed) (G1 Evacuation Pause) 3614M->1462M(4096M) 129.962ms
[360.905s][info][gc,cpu         ] GC(126) User=0.77s Sys=0.00s Real=0.13s
.[362.487s][info][gc,start       ] GC(127) Pause Young (Concurrent Start) (G1 Evacuation Pause)
[362.487s][info][gc,task        ] GC(127) Using 6 workers of 6 for evacuation
[362.594s][info][gc,phases      ] GC(127)   Pre Evacuate Collection Set: 0.39ms
[362.594s][info][gc,phases      ] GC(127)   Merge Heap Roots: 0.49ms
[362.594s][info][gc,phases      ] GC(127)   Evacuate Collection Set: 105.30ms
[362.594s][info][gc,phases      ] GC(127)   Post Evacuate Collection Set: 1.01ms
[362.594s][info][gc,phases      ] GC(127)   Other: 0.11ms
[362.594s][info][gc,heap        ] GC(127) Eden regions: 1120->0(1046)
[362.594s][info][gc,heap        ] GC(127) Survivor regions: 69->118(149)
[362.594s][info][gc,heap        ] GC(127) Old regions: 586->586
[362.594s][info][gc,heap        ] GC(127) Humongous regions: 77->77
[362.594s][info][gc,metaspace   ] GC(127) Metaspace: 28827K(29184K)->28827K(29184K) NonClass: 23944K(24128K)->23944K(24128K) Class: 4883K(5056K)->4883K(5056K)
[362.595s][info][gc             ] GC(127) Pause Young (Concurrent Start) (G1 Evacuation Pause) 3702M->1560M(4096M) 107.431ms
[362.595s][info][gc             ] GC(128) Concurrent Mark Cycle
[362.595s][info][gc,marking     ] GC(128) Concurrent Scan Root Regions
[362.595s][info][gc,cpu         ] GC(127) User=0.64s Sys=0.00s Real=0.11s
[362.753s][info][gc,marking     ] GC(128) Concurrent Scan Root Regions 158.609ms
[362.753s][info][gc,marking     ] GC(128) Concurrent Mark
[362.753s][info][gc,marking     ] GC(128) Concurrent Mark From Roots
[362.753s][info][gc,task        ] GC(128) Using 2 workers of 2 for marking
.[363.971s][info][gc,marking     ] GC(128) Concurrent Mark From Roots 1217.592ms
[363.971s][info][gc,marking     ] GC(128) Concurrent Preclean
[363.971s][info][gc,marking     ] GC(128) Concurrent Preclean 0.086ms
[363.973s][info][gc,start       ] GC(128) Pause Remark
[363.976s][info][gc             ] GC(128) Pause Remark 2838M->2838M(4096M) 2.692ms
[363.976s][info][gc,cpu         ] GC(128) User=0.01s Sys=0.00s Real=0.00s
[363.976s][info][gc,marking     ] GC(128) Concurrent Mark 1222.731ms
[363.976s][info][gc,marking     ] GC(128) Concurrent Rebuild Remembered Sets and Scrub Regions
[364.287s][info][gc,marking     ] GC(128) Concurrent Rebuild Remembered Sets and Scrub Regions 311.414ms
[364.288s][info][gc,start       ] GC(128) Pause Cleanup
[364.288s][info][gc             ] GC(128) Pause Cleanup 3234M->3234M(4096M) 0.165ms
[364.288s][info][gc,cpu         ] GC(128) User=0.00s Sys=0.00s Real=0.00s
[364.288s][info][gc,marking     ] GC(128) Concurrent Clear Claimed Marks
[364.288s][info][gc,marking     ] GC(128) Concurrent Clear Claimed Marks 0.026ms
[364.288s][info][gc,marking     ] GC(128) Concurrent Cleanup for Next Mark
[364.294s][info][gc,marking     ] GC(128) Concurrent Cleanup for Next Mark 6.539ms
[364.294s][info][gc             ] GC(128) Concurrent Mark Cycle 1699.964ms
.[364.583s][info][gc,start       ] GC(129) Pause Young (Prepare Mixed) (G1 Evacuation Pause)
[364.583s][info][gc,task        ] GC(129) Using 6 workers of 6 for evacuation
[364.706s][info][gc,phases      ] GC(129)   Pre Evacuate Collection Set: 0.37ms
[364.706s][info][gc,phases      ] GC(129)   Merge Heap Roots: 0.60ms
[364.706s][info][gc,phases      ] GC(129)   Evacuate Collection Set: 120.38ms
[364.706s][info][gc,phases      ] GC(129)   Post Evacuate Collection Set: 0.93ms
[364.706s][info][gc,phases      ] GC(129)   Other: 0.09ms
[364.706s][info][gc,heap        ] GC(129) Eden regions: 1046->0(1052)
[364.706s][info][gc,heap        ] GC(129) Survivor regions: 118->69(146)
[364.706s][info][gc,heap        ] GC(129) Old regions: 586->663
[364.706s][info][gc,heap        ] GC(129) Humongous regions: 77->77
[364.706s][info][gc,metaspace   ] GC(129) Metaspace: 28827K(29184K)->28827K(29184K) NonClass: 23944K(24128K)->23944K(24128K) Class: 4883K(5056K)->4883K(5056K)
[364.706s][info][gc             ] GC(129) Pause Young (Prepare Mixed) (G1 Evacuation Pause) 3652M->1614M(4096M) 122.496ms
[364.706s][info][gc,cpu         ] GC(129) User=0.72s Sys=0.00s Real=0.12s
.[366.148s][info][gc,start       ] GC(130) Pause Young (Mixed) (G1 Evacuation Pause)
[366.148s][info][gc,task        ] GC(130) Using 6 workers of 6 for evacuation
[366.269s][info][gc,phases      ] GC(130)   Pre Evacuate Collection Set: 0.43ms
[366.269s][info][gc,phases      ] GC(130)   Merge Heap Roots: 0.67ms
[366.269s][info][gc,phases      ] GC(130)   Evacuate Collection Set: 118.41ms
[366.269s][info][gc,phases      ] GC(130)   Post Evacuate Collection Set: 1.00ms
[366.269s][info][gc,phases      ] GC(130)   Other: 0.09ms
[366.269s][info][gc,heap        ] GC(130) Eden regions: 1052->0(1118)
[366.269s][info][gc,heap        ] GC(130) Survivor regions: 69->110(141)
[366.269s][info][gc,heap        ] GC(130) Old regions: 663->488
[366.269s][info][gc,heap        ] GC(130) Humongous regions: 77->77
[366.269s][info][gc,metaspace   ] GC(130) Metaspace: 28827K(29184K)->28827K(29184K) NonClass: 23944K(24128K)->23944K(24128K) Class: 4883K(5056K)->4883K(5056K)
[366.269s][info][gc             ] GC(130) Pause Young (Mixed) (G1 Evacuation Pause) 3718M->1347M(4096M) 120.733ms
[366.269s][info][gc,cpu         ] GC(130) User=0.72s Sys=0.00s Real=0.12s
.[367.690s][info][gc,start       ] GC(131) Pause Young (Mixed) (G1 Evacuation Pause)
[367.690s][info][gc,task        ] GC(131) Using 6 workers of 6 for evacuation
[367.820s][info][gc,phases      ] GC(131)   Pre Evacuate Collection Set: 0.35ms
[367.820s][info][gc,phases      ] GC(131)   Merge Heap Roots: 0.64ms
[367.820s][info][gc,phases      ] GC(131)   Evacuate Collection Set: 127.45ms
[367.820s][info][gc,phases      ] GC(131)   Post Evacuate Collection Set: 0.96ms
[367.820s][info][gc,phases      ] GC(131)   Other: 0.09ms
[367.820s][info][gc,heap        ] GC(131) Eden regions: 1118->0(1113)
[367.820s][info][gc,heap        ] GC(131) Survivor regions: 110->115(154)
[367.820s][info][gc,heap        ] GC(131) Old regions: 488->513
[367.820s][info][gc,heap        ] GC(131) Humongous regions: 77->77
[367.820s][info][gc,metaspace   ] GC(131) Metaspace: 28830K(29184K)->28830K(29184K) NonClass: 23947K(24128K)->23947K(24128K) Class: 4883K(5056K)->4883K(5056K)
[367.820s][info][gc             ] GC(131) Pause Young (Mixed) (G1 Evacuation Pause) 3583M->1406M(4096M) 129.646ms
[367.820s][info][gc,cpu         ] GC(131) User=0.77s Sys=0.00s Real=0.13s
..[369.320s][info][gc,start       ] GC(132) Pause Young (Concurrent Start) (G1 Evacuation Pause)
[369.320s][info][gc,task        ] GC(132) Using 6 workers of 6 for evacuation
[369.480s][info][gc,phases      ] GC(132)   Pre Evacuate Collection Set: 0.41ms
[369.480s][info][gc,phases      ] GC(132)   Merge Heap Roots: 0.48ms
[369.480s][info][gc,phases      ] GC(132)   Evacuate Collection Set: 158.13ms
[369.480s][info][gc,phases      ] GC(132)   Post Evacuate Collection Set: 1.00ms
[369.480s][info][gc,phases      ] GC(132)   Other: 0.12ms
[369.480s][info][gc,heap        ] GC(132) Eden regions: 1113->0(1092)
[369.480s][info][gc,heap        ] GC(132) Survivor regions: 115->117(154)
[369.480s][info][gc,heap        ] GC(132) Old regions: 513->542
[369.480s][info][gc,heap        ] GC(132) Humongous regions: 77->77
[369.480s][info][gc,metaspace   ] GC(132) Metaspace: 28830K(29184K)->28830K(29184K) NonClass: 23947K(24128K)->23947K(24128K) Class: 4883K(5056K)->4883K(5056K)
[369.480s][info][gc             ] GC(132) Pause Young (Concurrent Start) (G1 Evacuation Pause) 3632M->1469M(4096M) 160.267ms
[369.480s][info][gc             ] GC(133) Concurrent Mark Cycle
[369.480s][info][gc,marking     ] GC(133) Concurrent Scan Root Regions
[369.480s][info][gc,cpu         ] GC(132) User=0.72s Sys=0.00s Real=0.16s
[369.687s][info][gc,marking     ] GC(133) Concurrent Scan Root Regions 206.294ms
[369.687s][info][gc,marking     ] GC(133) Concurrent Mark
[369.687s][info][gc,marking     ] GC(133) Concurrent Mark From Roots
[369.687s][info][gc,task        ] GC(133) Using 2 workers of 2 for marking
.[370.721s][info][gc,marking     ] GC(133) Concurrent Mark From Roots 1034.291ms
[370.721s][info][gc,marking     ] GC(133) Concurrent Preclean
[370.721s][info][gc,marking     ] GC(133) Concurrent Preclean 0.072ms
[370.722s][info][gc,start       ] GC(133) Pause Remark
[370.730s][info][gc             ] GC(133) Pause Remark 2763M->2763M(4096M) 7.774ms
[370.730s][info][gc,cpu         ] GC(133) User=0.04s Sys=0.00s Real=0.01s
[370.730s][info][gc,marking     ] GC(133) Concurrent Mark 1042.886ms
[370.730s][info][gc,marking     ] GC(133) Concurrent Rebuild Remembered Sets and Scrub Regions
[371.137s][info][gc,marking     ] GC(133) Concurrent Rebuild Remembered Sets and Scrub Regions 406.856ms
[371.137s][info][gc,start       ] GC(133) Pause Cleanup
[371.137s][info][gc             ] GC(133) Pause Cleanup 3267M->3267M(4096M) 0.151ms
[371.137s][info][gc,cpu         ] GC(133) User=0.00s Sys=0.00s Real=0.00s
[371.137s][info][gc,marking     ] GC(133) Concurrent Clear Claimed Marks
[371.137s][info][gc,marking     ] GC(133) Concurrent Clear Claimed Marks 0.027ms
[371.137s][info][gc,marking     ] GC(133) Concurrent Cleanup for Next Mark
[371.143s][info][gc,marking     ] GC(133) Concurrent Cleanup for Next Mark 6.292ms
[371.143s][info][gc             ] GC(133) Concurrent Mark Cycle 1662.888ms
[371.366s][info][gc,start       ] GC(134) Pause Young (Prepare Mixed) (G1 Evacuation Pause)
[371.366s][info][gc,task        ] GC(134) Using 6 workers of 6 for evacuation
[371.528s][info][gc,phases      ] GC(134)   Pre Evacuate Collection Set: 0.33ms
[371.528s][info][gc,phases      ] GC(134)   Merge Heap Roots: 0.53ms
[371.528s][info][gc,phases      ] GC(134)   Evacuate Collection Set: 160.77ms
[371.528s][info][gc,phases      ] GC(134)   Post Evacuate Collection Set: 0.94ms
[371.528s][info][gc,phases      ] GC(134)   Other: 0.09ms
[371.528s][info][gc,heap        ] GC(134) Eden regions: 1092->0(1063)
[371.528s][info][gc,heap        ] GC(134) Survivor regions: 117->114(152)
[371.528s][info][gc,heap        ] GC(134) Old regions: 542->577
[371.528s][info][gc,heap        ] GC(134) Humongous regions: 77->77
[371.528s][info][gc,metaspace   ] GC(134) Metaspace: 28830K(29184K)->28830K(29184K) NonClass: 23947K(24128K)->23947K(24128K) Class: 4883K(5056K)->4883K(5056K)
[371.528s][info][gc             ] GC(134) Pause Young (Prepare Mixed) (G1 Evacuation Pause) 3653M->1534M(4096M) 162.815ms
[371.529s][info][gc,cpu         ] GC(134) User=0.73s Sys=0.00s Real=0.16s
.[372.901s][info][gc,start       ] GC(135) Pause Young (Mixed) (G1 Evacuation Pause)
[372.901s][info][gc,task        ] GC(135) Using 6 workers of 6 for evacuation
[373.046s][info][gc,phases      ] GC(135)   Pre Evacuate Collection Set: 0.44ms
[373.046s][info][gc,phases      ] GC(135)   Merge Heap Roots: 0.65ms
[373.046s][info][gc,phases      ] GC(135)   Evacuate Collection Set: 142.62ms
[373.046s][info][gc,phases      ] GC(135)   Post Evacuate Collection Set: 1.00ms
[373.046s][info][gc,phases      ] GC(135)   Other: 0.10ms
[373.046s][info][gc,heap        ] GC(135) Eden regions: 1063->0(1109)
[373.046s][info][gc,heap        ] GC(135) Survivor regions: 114->119(148)
[373.046s][info][gc,heap        ] GC(135) Old regions: 577->466
[373.046s][info][gc,heap        ] GC(135) Humongous regions: 77->77
[373.046s][info][gc,metaspace   ] GC(135) Metaspace: 28830K(29184K)->28830K(29184K) NonClass: 23947K(24128K)->23947K(24128K) Class: 4883K(5056K)->4883K(5056K)
[373.046s][info][gc             ] GC(135) Pause Young (Mixed) (G1 Evacuation Pause) 3660M->1321M(4096M) 144.937ms
[373.046s][info][gc,cpu         ] GC(135) User=0.86s Sys=0.00s Real=0.15s
. (rIR:aIR:PR = 11548:11400:10770) (tPR = 159187) [PR is under limit] 
   373s: Re-initializing (term[374.581s][info][gc,start       ] GC(136) Pause Young (Concurrent Start) (G1 Evacuation Pause)
[374.581s][info][gc,task        ] GC(136) Using 6 workers of 6 for evacuation
[374.713s][info][gc,phases      ] GC(136)   Pre Evacuate Collection Set: 0.38ms
[374.713s][info][gc,phases      ] GC(136)   Merge Heap Roots: 0.46ms
[374.713s][info][gc,phases      ] GC(136)   Evacuate Collection Set: 129.65ms
[374.713s][info][gc,phases      ] GC(136)   Post Evacuate Collection Set: 0.85ms
[374.713s][info][gc,phases      ] GC(136)   Other: 0.83ms
[374.713s][info][gc,heap        ] GC(136) Eden regions: 1109->0(1103)
[374.713s][info][gc,heap        ] GC(136) Survivor regions: 119->125(154)
[374.713s][info][gc,heap        ] GC(136) Old regions: 466->499
[374.713s][info][gc,heap        ] GC(136) Humongous regions: 77->77
[374.713s][info][gc,metaspace   ] GC(136) Metaspace: 28836K(29184K)->28836K(29184K) NonClass: 23953K(24128K)->23953K(24128K) Class: 4883K(5056K)->4883K(5056K)
[374.714s][info][gc             ] GC(136) Pause Young (Concurrent Start) (G1 Evacuation Pause) 3539M->1399M(4096M) 132.304ms
[374.714s][info][gc             ] GC(137) Concurrent Mark Cycle
[374.714s][info][gc,marking     ] GC(137) Concurrent Scan Root Regions
[374.714s][info][gc,cpu         ] GC(136) User=0.78s Sys=0.00s Real=0.14s
[374.957s][info][gc,marking     ] GC(137) Concurrent Scan Root Regions 243.418ms
[374.957s][info][gc,marking     ] GC(137) Concurrent Mark
[374.957s][info][gc,marking     ] GC(137) Concurrent Mark From Roots
[374.957s][info][gc,task        ] GC(137) Using 2 workers of 2 for marking
) [375.673s][info][gc,start       ] GC(138) Pause Full (System.gc())
[375.673s][info][gc,task        ] GC(138) Using 6 workers of 6 for full compaction
[375.676s][info][gc,phases,start] GC(138) Phase 1: Mark live objects
[375.691s][info][gc,phases      ] GC(138) Phase 1: Mark live objects 14.643ms
[375.691s][info][gc,phases,start] GC(138) Phase 2: Prepare compaction
[375.694s][info][gc,phases      ] GC(138) Phase 2: Prepare compaction 2.702ms
[375.694s][info][gc,phases,start] GC(138) Phase 3: Adjust pointers
[375.701s][info][gc,phases      ] GC(138) Phase 3: Adjust pointers 6.976ms
[375.701s][info][gc,phases,start] GC(138) Phase 4: Compact heap
[375.704s][info][gc,phases      ] GC(138) Phase 4: Compact heap 2.779ms
[375.704s][info][gc,phases,start] GC(138) Phase 5: Reset Metadata
[375.708s][info][gc,phases      ] GC(138) Phase 5: Reset Metadata 4.324ms
[375.714s][info][gc,heap        ] GC(138) Eden regions: 530->0(1228)
[375.714s][info][gc,heap        ] GC(138) Survivor regions: 125->0(154)
[375.714s][info][gc,heap        ] GC(138) Old regions: 499->35
[375.714s][info][gc,heap        ] GC(138) Humongous regions: 77->66
[375.714s][info][gc,metaspace   ] GC(138) Metaspace: 28836K(29184K)->28836K(29184K) NonClass: 23953K(24128K)->23953K(24128K) Class: 4883K(5056K)->4883K(5056K)
[375.714s][info][gc             ] GC(138) Pause Full (System.gc()) 2459M->194M(4096M) 41.887ms
[375.714s][info][gc,cpu         ] GC(138) User=0.22s Sys=0.00s Real=0.05s
[375.714s][info][gc,marking     ] GC(137) Concurrent Mark From Roots 757.475ms
[375.715s][info][gc,marking     ] GC(137) Concurrent Mark Abort
[375.715s][info][gc             ] GC(137) Concurrent Mark Cycle 1000.990ms
(init[375.952s][info][gc,start       ] GC(139) Pause Young (Concurrent Start) (G1 Humongous Allocation)
[375.952s][info][gc,task        ] GC(139) Using 6 workers of 6 for evacuation
[375.961s][info][gc,phases      ] GC(139)   Pre Evacuate Collection Set: 0.36ms
[375.961s][info][gc,phases      ] GC(139)   Merge Heap Roots: 0.03ms
[375.961s][info][gc,phases      ] GC(139)   Evacuate Collection Set: 7.62ms
[375.961s][info][gc,phases      ] GC(139)   Post Evacuate Collection Set: 0.25ms
[375.961s][info][gc,phases      ] GC(139)   Other: 0.09ms
[375.961s][info][gc,heap        ] GC(139) Eden regions: 31->0(1219)
[375.961s][info][gc,heap        ] GC(139) Survivor regions: 0->9(154)
[375.961s][info][gc,heap        ] GC(139) Old regions: 35->35
[375.961s][info][gc,heap        ] GC(139) Humongous regions: 66->66
[375.961s][info][gc,metaspace   ] GC(139) Metaspace: 28836K(29184K)->28836K(29184K) NonClass: 23953K(24128K)->23953K(24128K) Class: 4883K(5056K)->4883K(5056K)
[375.961s][info][gc             ] GC(139) Pause Young (Concurrent Start) (G1 Humongous Allocation) 256M->211M(4096M) 8.475ms
[375.961s][info][gc             ] GC(140) Concurrent Mark Cycle
[375.961s][info][gc,marking     ] GC(140) Concurrent Scan Root Regions
[375.961s][info][gc,cpu         ] GC(139) User=0.05s Sys=0.00s Real=0.01s
[375.967s][info][gc,marking     ] GC(140) Concurrent Scan Root Regions 6.272ms
[375.967s][info][gc,marking     ] GC(140) Concurrent Mark
[375.967s][info][gc,marking     ] GC(140) Concurrent Mark From Roots
[375.967s][info][gc,task        ] GC(140) Using 2 workers of 2 for marking
[376.028s][info][gc,marking     ] GC(140) Concurrent Mark From Roots 60.582ms
[376.028s][info][gc,marking     ] GC(140) Concurrent Preclean
[376.028s][info][gc,marking     ] GC(140) Concurrent Preclean 0.119ms
[376.028s][info][gc,start       ] GC(140) Pause Remark
[376.030s][info][gc             ] GC(140) Pause Remark 398M->398M(4096M) 1.826ms
[376.030s][info][gc,cpu         ] GC(140) User=0.01s Sys=0.00s Real=0.00s
[376.030s][info][gc,marking     ] GC(140) Concurrent Mark 62.740ms
[376.030s][info][gc,marking     ] GC(140) Concurrent Rebuild Remembered Sets and Scrub Regions
[376.058s][info][gc,marking     ] GC(140) Concurrent Rebuild Remembered Sets and Scrub Regions 28.128ms
[376.058s][info][gc,start       ] GC(140) Pause Cleanup
[376.058s][info][gc             ] GC(140) Pause Cleanup 452M->452M(4096M) 0.072ms
[376.058s][info][gc,cpu         ] GC(140) User=0.00s Sys=0.00s Real=0.00s
[376.058s][info][gc,marking     ] GC(140) Concurrent Clear Claimed Marks
[376.058s][info][gc,marking     ] GC(140) Concurrent Clear Claimed Marks 0.030ms
[376.058s][info][gc,marking     ] GC(140) Concurrent Cleanup for Next Mark
[376.063s][info][gc,marking     ] GC(140) Concurrent Cleanup for Next Mark 4.540ms
[376.063s][info][gc             ] GC(140) Concurrent Mark Cycle 102.050ms
) ... OK
   379s: high-bound for max-jOPS is measured to be 13837
   379s: 
   379s: Restarting (term) [380.020s][info][gc,start       ] GC(141) Pause Full (System.gc())
[380.020s][info][gc,task        ] GC(141) Using 6 workers of 6 for full compaction
[380.020s][info][gc,phases,start] GC(141) Phase 1: Mark live objects
[380.036s][info][gc,phases      ] GC(141) Phase 1: Mark live objects 15.969ms
[380.036s][info][gc,phases,start] GC(141) Phase 2: Prepare compaction
[380.038s][info][gc,phases      ] GC(141) Phase 2: Prepare compaction 2.164ms
[380.039s][info][gc,phases,start] GC(141) Phase 3: Adjust pointers
[380.045s][info][gc,phases      ] GC(141) Phase 3: Adjust pointers 6.862ms
[380.045s][info][gc,phases,start] GC(141) Phase 4: Compact heap
[380.048s][info][gc,phases      ] GC(141) Phase 4: Compact heap 2.181ms
[380.048s][info][gc,phases,start] GC(141) Phase 5: Reset Metadata
[380.052s][info][gc,phases      ] GC(141) Phase 5: Reset Metadata 4.355ms
[380.058s][info][gc,heap        ] GC(141) Eden regions: 929->0(1228)
[380.058s][info][gc,heap        ] GC(141) Survivor regions: 9->0(154)
[380.058s][info][gc,heap        ] GC(141) Old regions: 35->35
[380.058s][info][gc,heap        ] GC(141) Humongous regions: 163->66
[380.058s][info][gc,metaspace   ] GC(141) Metaspace: 28842K(29184K)->28842K(29184K) NonClass: 23959K(24128K)->23959K(24128K) Class: 4883K(5056K)->4883K(5056K)
[380.058s][info][gc             ] GC(141) Pause Full (System.gc()) 2262M->194M(4096M) 38.517ms
[380.058s][info][gc,cpu         ] GC(141) User=0.20s Sys=0.00s Real=0.04s
(init[380.296s][info][gc,start       ] GC(142) Pause Young (Concurrent Start) (G1 Humongous Allocation)
[380.296s][info][gc,task        ] GC(142) Using 6 workers of 6 for evacuation
[380.310s][info][gc,phases      ] GC(142)   Pre Evacuate Collection Set: 0.35ms
[380.310s][info][gc,phases      ] GC(142)   Merge Heap Roots: 0.03ms
[380.310s][info][gc,phases      ] GC(142)   Evacuate Collection Set: 13.25ms
[380.310s][info][gc,phases      ] GC(142)   Post Evacuate Collection Set: 0.27ms
[380.310s][info][gc,phases      ] GC(142)   Other: 0.07ms
[380.310s][info][gc,heap        ] GC(142) Eden regions: 50->0(1214)
[380.310s][info][gc,heap        ] GC(142) Survivor regions: 0->14(154)
[380.310s][info][gc,heap        ] GC(142) Old regions: 35->35
[380.310s][info][gc,heap        ] GC(142) Humongous regions: 66->66
[380.310s][info][gc,metaspace   ] GC(142) Metaspace: 28843K(29184K)->28843K(29184K) NonClass: 23959K(24128K)->23959K(24128K) Class: 4883K(5056K)->4883K(5056K)
[380.310s][info][gc             ] GC(142) Pause Young (Concurrent Start) (G1 Humongous Allocation) 293M->222M(4096M) 14.104ms
[380.310s][info][gc             ] GC(143) Concurrent Mark Cycle
[380.310s][info][gc,marking     ] GC(143) Concurrent Scan Root Regions
[380.310s][info][gc,cpu         ] GC(142) User=0.08s Sys=0.00s Real=0.01s
[380.319s][info][gc,marking     ] GC(143) Concurrent Scan Root Regions 9.228ms
[380.319s][info][gc,marking     ] GC(143) Concurrent Mark
[380.319s][info][gc,marking     ] GC(143) Concurrent Mark From Roots
[380.319s][info][gc,task        ] GC(143) Using 2 workers of 2 for marking
[380.366s][info][gc,marking     ] GC(143) Concurrent Mark From Roots 46.840ms
[380.366s][info][gc,marking     ] GC(143) Concurrent Preclean
[380.366s][info][gc,marking     ] GC(143) Concurrent Preclean 0.087ms
[380.366s][info][gc,start       ] GC(143) Pause Remark
[380.368s][info][gc             ] GC(143) Pause Remark 352M->352M(4096M) 1.798ms
[380.368s][info][gc,cpu         ] GC(143) User=0.01s Sys=0.00s Real=0.00s
[380.368s][info][gc,marking     ] GC(143) Concurrent Mark 48.901ms
[380.368s][info][gc,marking     ] GC(143) Concurrent Rebuild Remembered Sets and Scrub Regions
[380.393s][info][gc,marking     ] GC(143) Concurrent Rebuild Remembered Sets and Scrub Regions 24.732ms
[380.393s][info][gc,start       ] GC(143) Pause Cleanup
[380.393s][info][gc             ] GC(143) Pause Cleanup 407M->407M(4096M) 0.064ms
[380.393s][info][gc,cpu         ] GC(143) User=0.00s Sys=0.00s Real=0.00s
[380.393s][info][gc,marking     ] GC(143) Concurrent Clear Claimed Marks
[380.393s][info][gc,marking     ] GC(143) Concurrent Clear Claimed Marks 0.047ms
[380.393s][info][gc,marking     ] GC(143) Concurrent Cleanup for Next Mark
[380.398s][info][gc,marking     ] GC(143) Concurrent Cleanup for Next Mark 4.547ms
[380.398s][info][gc             ] GC(143) Concurrent Mark Cycle 88.093ms
) ... OK
   384s: 
   384s: Warmup for building throughput-responsetime curve
   384s: (10%)   IR =   1384 ...[387.376s][info][gc,start       ] GC(144) Pause Young (Prepare Mixed) (G1 Evacuation Pause)
[387.376s][info][gc,task        ] GC(144) Using 6 workers of 6 for evacuation
[387.854s][info][gc,mmu         ] GC(144) MMU target violated: 201.0ms (200.0ms/201.0ms)
[387.854s][info][gc,phases      ] GC(144)   Pre Evacuate Collection Set: 0.37ms
[387.854s][info][gc,phases      ] GC(144)   Merge Heap Roots: 0.62ms
[387.854s][info][gc,phases      ] GC(144)   Evacuate Collection Set: 475.57ms
[387.854s][info][gc,phases      ] GC(144)   Post Evacuate Collection Set: 1.33ms
[387.854s][info][gc,phases      ] GC(144)   Other: 0.12ms
[387.854s][info][gc,heap        ] GC(144) Eden regions: 1214->0(477)
[387.854s][info][gc,heap        ] GC(144) Survivor regions: 14->154(154)
[387.854s][info][gc,heap        ] GC(144) Old regions: 35->344
[387.854s][info][gc,heap        ] GC(144) Humongous regions: 163->155
[387.854s][info][gc,metaspace   ] GC(144) Metaspace: 28848K(29184K)->28848K(29184K) NonClass: 23965K(24128K)->23965K(24128K) Class: 4883K(5056K)->4883K(5056K)
[387.854s][info][gc             ] GC(144) Pause Young (Prepare Mixed) (G1 Evacuation Pause) 2844M->1297M(4096M) 478.109ms
[387.854s][info][gc,cpu         ] GC(144) User=2.83s Sys=0.00s Real=0.48s
....[391.516s][info][gc,start       ] GC(145) Pause Young (Mixed) (G1 Evacuation Pause)
[391.516s][info][gc,task        ] GC(145) Using 6 workers of 6 for evacuation
[391.706s][info][gc,phases      ] GC(145)   Pre Evacuate Collection Set: 0.40ms
[391.706s][info][gc,phases      ] GC(145)   Merge Heap Roots: 0.59ms
[391.706s][info][gc,phases      ] GC(145)   Evacuate Collection Set: 188.47ms
[391.706s][info][gc,phases      ] GC(145)   Post Evacuate Collection Set: 0.63ms
[391.706s][info][gc,phases      ] GC(145)   Other: 0.07ms
[391.706s][info][gc,heap        ] GC(145) Eden regions: 467->0(647)
[391.706s][info][gc,heap        ] GC(145) Survivor regions: 154->28(78)
[391.706s][info][gc,heap        ] GC(145) Old regions: 344->498
[391.706s][info][gc,heap        ] GC(145) Humongous regions: 155->155
[391.706s][info][gc,metaspace   ] GC(145) Metaspace: 28849K(29184K)->28849K(29184K) NonClass: 23965K(24128K)->23965K(24128K) Class: 4883K(5056K)->4883K(5056K)
[391.706s][info][gc             ] GC(145) Pause Young (Mixed) (G1 Evacuation Pause) 2231M->1354M(4096M) 190.302ms
[391.706s][info][gc,cpu         ] GC(145) User=1.13s Sys=0.00s Real=0.19s
......[397.408s][info][gc,start       ] GC(146) Pause Young (Concurrent Start) (G1 Evacuation Pause)
[397.408s][info][gc,task        ] GC(146) Using 6 workers of 6 for evacuation
[397.470s][info][gc,phases      ] GC(146)   Pre Evacuate Collection Set: 0.39ms
[397.470s][info][gc,phases      ] GC(146)   Merge Heap Roots: 0.49ms
[397.470s][info][gc,phases      ] GC(146)   Evacuate Collection Set: 60.24ms
[397.470s][info][gc,phases      ] GC(146)   Post Evacuate Collection Set: 0.66ms
[397.470s][info][gc,phases      ] GC(146)   Other: 0.11ms
[397.470s][info][gc,heap        ] GC(146) Eden regions: 689->0(673)
[397.470s][info][gc,heap        ] GC(146) Survivor regions: 28->61(90)
[397.470s][info][gc,heap        ] GC(146) Old regions: 498->498
[397.470s][info][gc,heap        ] GC(146) Humongous regions: 155->155
[397.470s][info][gc,metaspace   ] GC(146) Metaspace: 28859K(29184K)->28859K(29184K) NonClass: 23975K(24128K)->23975K(24128K) Class: 4883K(5056K)->4883K(5056K)
[397.470s][info][gc             ] GC(146) Pause Young (Concurrent Start) (G1 Evacuation Pause) 2732M->1421M(4096M) 62.009ms
[397.470s][info][gc             ] GC(147) Concurrent Mark Cycle
[397.470s][info][gc,marking     ] GC(147) Concurrent Scan Root Regions
[397.470s][info][gc,cpu         ] GC(146) User=0.36s Sys=0.00s Real=0.06s
[397.529s][info][gc,marking     ] GC(147) Concurrent Scan Root Regions 59.811ms
[397.530s][info][gc,marking     ] GC(147) Concurrent Mark
[397.530s][info][gc,marking     ] GC(147) Concurrent Mark From Roots
[397.530s][info][gc,task        ] GC(147) Using 2 workers of 2 for marking
[398.094s][info][gc,marking     ] GC(147) Concurrent Mark From Roots 564.922ms
[398.095s][info][gc,marking     ] GC(147) Concurrent Preclean
[398.095s][info][gc,marking     ] GC(147) Concurrent Preclean 0.078ms
[398.096s][info][gc,start       ] GC(147) Pause Remark
[398.099s][info][gc             ] GC(147) Pause Remark 1599M->1395M(4096M) 3.903ms
[398.099s][info][gc,cpu         ] GC(147) User=0.02s Sys=0.00s Real=0.00s
[398.100s][info][gc,marking     ] GC(147) Concurrent Mark 570.159ms
[398.100s][info][gc,marking     ] GC(147) Concurrent Rebuild Remembered Sets and Scrub Regions
[398.292s][info][gc,marking     ] GC(147) Concurrent Rebuild Remembered Sets and Scrub Regions 192.135ms
[398.292s][info][gc,start       ] GC(147) Pause Cleanup
[398.292s][info][gc             ] GC(147) Pause Cleanup 1444M->1444M(4096M) 0.096ms
[398.292s][info][gc,cpu         ] GC(147) User=0.00s Sys=0.00s Real=0.00s
[398.292s][info][gc,marking     ] GC(147) Concurrent Clear Claimed Marks
[398.292s][info][gc,marking     ] GC(147) Concurrent Clear Claimed Marks 0.033ms
[398.292s][info][gc,marking     ] GC(147) Concurrent Cleanup for Next Mark
[398.296s][info][gc,marking     ] GC(147) Concurrent Cleanup for Next Mark 4.139ms
[398.296s][info][gc             ] GC(147) Concurrent Mark Cycle 826.695ms
.....[403.116s][info][gc,start       ] GC(148) Pause Young (Prepare Mixed) (G1 Evacuation Pause)
[403.116s][info][gc,task        ] GC(148) Using 6 workers of 6 for evacuation
[403.194s][info][gc,phases      ] GC(148)   Pre Evacuate Collection Set: 0.38ms
[403.194s][info][gc,phases      ] GC(148)   Merge Heap Roots: 0.49ms
[403.194s][info][gc,phases      ] GC(148)   Evacuate Collection Set: 76.49ms
[403.194s][info][gc,phases      ] GC(148)   Post Evacuate Collection Set: 0.69ms
[403.194s][info][gc,phases      ] GC(148)   Other: 0.08ms
[403.194s][info][gc,heap        ] GC(148) Eden regions: 674->0(1026)
[403.194s][info][gc,heap        ] GC(148) Survivor regions: 61->68(92)
[403.194s][info][gc,heap        ] GC(148) Old regions: 476->497
[403.194s][info][gc,heap        ] GC(148) Humongous regions: 75->75
[403.194s][info][gc,metaspace   ] GC(148) Metaspace: 28859K(29184K)->28859K(29184K) NonClass: 23975K(24128K)->23975K(24128K) Class: 4883K(5056K)->4883K(5056K)
[403.194s][info][gc             ] GC(148) Pause Young (Prepare Mixed) (G1 Evacuation Pause) 2565M->1273M(4096M) 78.273ms
[403.194s][info][gc,cpu         ] GC(148) User=0.46s Sys=0.00s Real=0.08s
.........[412.268s][info][gc,start       ] GC(149) Pause Young (Mixed) (G1 Evacuation Pause)
[412.268s][info][gc,task        ] GC(149) Using 6 workers of 6 for evacuation
[412.370s][info][gc,phases      ] GC(149)   Pre Evacuate Collection Set: 0.37ms
[412.370s][info][gc,phases      ] GC(149)   Merge Heap Roots: 0.42ms
[412.370s][info][gc,phases      ] GC(149)   Evacuate Collection Set: 99.74ms
[412.370s][info][gc,phases      ] GC(149)   Merge Optional Heap Roots: 0.04ms
[412.370s][info][gc,phases      ] GC(149)   Evacuate Optional Collection Set: 0.65ms
[412.370s][info][gc,phases      ] GC(149)   Post Evacuate Collection Set: 0.92ms
[412.370s][info][gc,phases      ] GC(149)   Other: 0.10ms
[412.370s][info][gc,heap        ] GC(149) Eden regions: 1060->0(889)
[412.370s][info][gc,heap        ] GC(149) Survivor regions: 68->112(141)
[412.370s][info][gc,heap        ] GC(149) Old regions: 497->474
[412.370s][info][gc,heap        ] GC(149) Humongous regions: 75->75
[412.370s][info][gc,metaspace   ] GC(149) Metaspace: 28859K(29184K)->28859K(29184K) NonClass: 23975K(24128K)->23975K(24128K) Class: 4883K(5056K)->4883K(5056K)
[412.370s][info][gc             ] GC(149) Pause Young (Mixed) (G1 Evacuation Pause) 3393M->1320M(4096M) 102.377ms
[412.370s][info][gc,cpu         ] GC(149) User=0.60s Sys=0.00s Real=0.10s
.........[420.748s][info][gc,start       ] GC(150) Pause Young (Mixed) (G1 Evacuation Pause)
[420.748s][info][gc,task        ] GC(150) Using 6 workers of 6 for evacuation
[420.864s][info][gc,phases      ] GC(150)   Pre Evacuate Collection Set: 0.39ms
[420.864s][info][gc,phases      ] GC(150)   Merge Heap Roots: 0.39ms
[420.864s][info][gc,phases      ] GC(150)   Evacuate Collection Set: 114.82ms
[420.864s][info][gc,phases      ] GC(150)   Post Evacuate Collection Set: 0.91ms
[420.864s][info][gc,phases      ] GC(150)   Other: 0.09ms
[420.864s][info][gc,heap        ] GC(150) Eden regions: 977->0(1084)
[420.864s][info][gc,heap        ] GC(150) Survivor regions: 112->93(137)
[420.864s][info][gc,heap        ] GC(150) Old regions: 474->516
[420.864s][info][gc,heap        ] GC(150) Humongous regions: 77->77
[420.864s][info][gc,metaspace   ] GC(150) Metaspace: 28861K(29184K)->28861K(29184K) NonClass: 23977K(24128K)->23977K(24128K) Class: 4883K(5056K)->4883K(5056K)
[420.864s][info][gc             ] GC(150) Pause Young (Mixed) (G1 Evacuation Pause) 3278M->1370M(4096M) 116.720ms
[420.864s][info][gc,cpu         ] GC(150) User=0.69s Sys=0.00s Real=0.12s
..........[430.748s][info][gc,start       ] GC(151) Pause Young (Mixed) (G1 Evacuation Pause)
[430.748s][info][gc,task        ] GC(151) Using 6 workers of 6 for evacuation
[430.860s][info][gc,phases      ] GC(151)   Pre Evacuate Collection Set: 0.42ms
[430.860s][info][gc,phases      ] GC(151)   Merge Heap Roots: 0.46ms
[430.860s][info][gc,phases      ] GC(151)   Evacuate Collection Set: 110.45ms
[430.860s][info][gc,phases      ] GC(151)   Post Evacuate Collection Set: 0.91ms
[430.860s][info][gc,phases      ] GC(151)   Other: 0.11ms
[430.860s][info][gc,heap        ] GC(151) Eden regions: 1084->0(1065)
[430.860s][info][gc,heap        ] GC(151) Survivor regions: 93->97(148)
[430.860s][info][gc,heap        ] GC(151) Old regions: 516->542
[430.860s][info][gc,heap        ] GC(151) Humongous regions: 77->77
[430.860s][info][gc,metaspace   ] GC(151) Metaspace: 28869K(29184K)->28869K(29184K) NonClass: 23986K(24128K)->23986K(24128K) Class: 4883K(5056K)->4883K(5056K)
[430.860s][info][gc             ] GC(151) Pause Young (Mixed) (G1 Evacuation Pause) 3538M->1431M(4096M) 112.505ms
[430.860s][info][gc,cpu         ] GC(151) User=0.66s Sys=0.00s Real=0.11s
...........[442.089s][info][gc,start       ] GC(152) Pause Young (Concurrent Start) (G1 Evacuation Pause)
[442.089s][info][gc,task        ] GC(152) Using 6 workers of 6 for evacuation
[442.203s][info][gc,phases      ] GC(152)   Pre Evacuate Collection Set: 0.42ms
[442.204s][info][gc,phases      ] GC(152)   Merge Heap Roots: 0.41ms
[442.204s][info][gc,phases      ] GC(152)   Evacuate Collection Set: 113.03ms
[442.204s][info][gc,phases      ] GC(152)   Post Evacuate Collection Set: 0.93ms
[442.204s][info][gc,phases      ] GC(152)   Other: 0.10ms
[442.204s][info][gc,heap        ] GC(152) Eden regions: 1082->0(1066)
[442.204s][info][gc,heap        ] GC(152) Survivor regions: 97->105(148)
[442.204s][info][gc,heap        ] GC(152) Old regions: 542->574
[442.204s][info][gc,heap        ] GC(152) Humongous regions: 77->77
[442.204s][info][gc,metaspace   ] GC(152) Metaspace: 28874K(29184K)->28874K(29184K) NonClass: 23991K(24128K)->23991K(24128K) Class: 4883K(5056K)->4883K(5056K)
[442.204s][info][gc             ] GC(152) Pause Young (Concurrent Start) (G1 Evacuation Pause) 3595M->1510M(4096M) 115.027ms
[442.204s][info][gc             ] GC(153) Concurrent Mark Cycle
[442.204s][info][gc,marking     ] GC(153) Concurrent Scan Root Regions
[442.204s][info][gc,cpu         ] GC(152) User=0.68s Sys=0.00s Real=0.12s
[442.318s][info][gc,marking     ] GC(153) Concurrent Scan Root Regions 114.521ms
[442.318s][info][gc,marking     ] GC(153) Concurrent Mark
[442.318s][info][gc,marking     ] GC(153) Concurrent Mark From Roots
[442.318s][info][gc,task        ] GC(153) Using 2 workers of 2 for marking
.[442.780s][info][gc,marking     ] GC(153) Concurrent Mark From Roots 462.009ms
[442.780s][info][gc,marking     ] GC(153) Concurrent Preclean
[442.780s][info][gc,marking     ] GC(153) Concurrent Preclean 0.074ms
[442.780s][info][gc,start       ] GC(153) Pause Remark
[442.784s][info][gc             ] GC(153) Pause Remark 1640M->1640M(4096M) 3.379ms
[442.784s][info][gc,cpu         ] GC(153) User=0.01s Sys=0.00s Real=0.01s
[442.784s][info][gc,marking     ] GC(153) Concurrent Mark 465.740ms
[442.784s][info][gc,marking     ] GC(153) Concurrent Rebuild Remembered Sets and Scrub Regions
[442.965s][info][gc,marking     ] GC(153) Concurrent Rebuild Remembered Sets and Scrub Regions 180.961ms
[442.965s][info][gc,start       ] GC(153) Pause Cleanup
[442.965s][info][gc             ] GC(153) Pause Cleanup 1667M->1667M(4096M) 0.195ms
[442.965s][info][gc,cpu         ] GC(153) User=0.00s Sys=0.00s Real=0.00s
[442.965s][info][gc,marking     ] GC(153) Concurrent Clear Claimed Marks
[442.965s][info][gc,marking     ] GC(153) Concurrent Clear Claimed Marks 0.035ms
[442.965s][info][gc,marking     ] GC(153) Concurrent Cleanup for Next Mark
[442.969s][info][gc,marking     ] GC(153) Concurrent Cleanup for Next Mark 3.888ms
[442.969s][info][gc             ] GC(153) Concurrent Mark Cycle 765.713ms
...........[454.071s][info][gc,start       ] GC(154) Pause Young (Prepare Mixed) (G1 Evacuation Pause)
[454.071s][info][gc,task        ] GC(154) Using 6 workers of 6 for evacuation
[454.188s][info][gc,phases      ] GC(154)   Pre Evacuate Collection Set: 0.37ms
[454.188s][info][gc,phases      ] GC(154)   Merge Heap Roots: 0.47ms
[454.188s][info][gc,phases      ] GC(154)   Evacuate Collection Set: 114.92ms
[454.188s][info][gc,phases      ] GC(154)   Post Evacuate Collection Set: 0.95ms
[454.188s][info][gc,phases      ] GC(154)   Other: 0.10ms
[454.188s][info][gc,heap        ] GC(154) Eden regions: 1066->0(1047)
[454.188s][info][gc,heap        ] GC(154) Survivor regions: 105->106(147)
[454.188s][info][gc,heap        ] GC(154) Old regions: 574->609
[454.188s][info][gc,heap        ] GC(154) Humongous regions: 77->77
[454.188s][info][gc,metaspace   ] GC(154) Metaspace: 28874K(29184K)->28874K(29184K) NonClass: 23991K(24128K)->23991K(24128K) Class: 4883K(5056K)->4883K(5056K)
[454.188s][info][gc             ] GC(154) Pause Young (Prepare Mixed) (G1 Evacuation Pause) 3642M->1582M(4096M) 116.940ms
[454.188s][info][gc,cpu         ] GC(154) User=0.69s Sys=0.00s Real=0.12s
............[466.340s][info][gc,start       ] GC(155) Pause Young (Mixed) (G1 Evacuation Pause)
[466.340s][info][gc,task        ] GC(155) Using 6 workers of 6 for evacuation
[466.471s][info][gc,phases      ] GC(155)   Pre Evacuate Collection Set: 0.46ms
[466.471s][info][gc,phases      ] GC(155)   Merge Heap Roots: 0.50ms
[466.471s][info][gc,phases      ] GC(155)   Evacuate Collection Set: 126.85ms
[466.471s][info][gc,phases      ] GC(155)   Merge Optional Heap Roots: 0.06ms
[466.471s][info][gc,phases      ] GC(155)   Evacuate Optional Collection Set: 2.22ms
[466.471s][info][gc,phases      ] GC(155)   Post Evacuate Collection Set: 1.15ms
[466.471s][info][gc,phases      ] GC(155)   Other: 0.11ms
[466.471s][info][gc,heap        ] GC(155) Eden regions: 1047->0(1122)
[466.471s][info][gc,heap        ] GC(155) Survivor regions: 106->106(145)
[466.471s][info][gc,heap        ] GC(155) Old regions: 609->461
[466.471s][info][gc,heap        ] GC(155) Humongous regions: 77->77
[466.471s][info][gc,metaspace   ] GC(155) Metaspace: 28886K(29184K)->28886K(29184K) NonClass: 24002K(24128K)->24002K(24128K) Class: 4883K(5056K)->4883K(5056K)
[466.471s][info][gc             ] GC(155) Pause Young (Mixed) (G1 Evacuation Pause) 3676M->1287M(4096M) 131.498ms
[466.471s][info][gc,cpu         ] GC(155) User=0.78s Sys=0.00s Real=0.13s
..............[479.749s][info][gc,start       ] GC(156) Pause Young (Mixed) (G1 Evacuation Pause)
[479.749s][info][gc,task        ] GC(156) Using 6 workers of 6 for evacuation
[479.870s][info][gc,phases      ] GC(156)   Pre Evacuate Collection Set: 0.37ms
[479.870s][info][gc,phases      ] GC(156)   Merge Heap Roots: 0.55ms
[479.870s][info][gc,phases      ] GC(156)   Evacuate Collection Set: 118.82ms
[479.870s][info][gc,phases      ] GC(156)   Post Evacuate Collection Set: 0.96ms
[479.870s][info][gc,phases      ] GC(156)   Other: 0.08ms
[479.870s][info][gc,heap        ] GC(156) Eden regions: 1122->0(1119)
[479.870s][info][gc,heap        ] GC(156) Survivor regions: 106->109(154)
[479.870s][info][gc,heap        ] GC(156) Old regions: 461->490
[479.870s][info][gc,heap        ] GC(156) Humongous regions: 77->77
[479.870s][info][gc,metaspace   ] GC(156) Metaspace: 28886K(29184K)->28886K(29184K) NonClass: 24002K(24128K)->24002K(24128K) Class: 4883K(5056K)->4883K(5056K)
[479.870s][info][gc             ] GC(156) Pause Young (Mixed) (G1 Evacuation Pause) 3531M->1349M(4096M) 120.932ms
[479.870s][info][gc,cpu         ] GC(156) User=0.71s Sys=0.00s Real=0.12s
.............[493.127s][info][gc,start       ] GC(157) Pause Young (Concurrent Start) (G1 Evacuation Pause)
[493.127s][info][gc,task        ] GC(157) Using 6 workers of 6 for evacuation
[493.245s][info][gc,phases      ] GC(157)   Pre Evacuate Collection Set: 0.37ms
[493.245s][info][gc,phases      ] GC(157)   Merge Heap Roots: 0.47ms
[493.245s][info][gc,phases      ] GC(157)   Evacuate Collection Set: 116.57ms
[493.245s][info][gc,phases      ] GC(157)   Post Evacuate Collection Set: 0.95ms
[493.245s][info][gc,phases      ] GC(157)   Other: 0.09ms
[493.245s][info][gc,heap        ] GC(157) Eden regions: 1119->0(1117)
[493.245s][info][gc,heap        ] GC(157) Survivor regions: 109->111(154)
[493.245s][info][gc,heap        ] GC(157) Old regions: 490->522
[493.245s][info][gc,heap        ] GC(157) Humongous regions: 77->77
[493.245s][info][gc,metaspace   ] GC(157) Metaspace: 28886K(29184K)->28886K(29184K) NonClass: 24002K(24128K)->24002K(24128K) Class: 4883K(5056K)->4883K(5056K)
[493.246s][info][gc             ] GC(157) Pause Young (Concurrent Start) (G1 Evacuation Pause) 3587M->1418M(4096M) 118.592ms
[493.246s][info][gc             ] GC(158) Concurrent Mark Cycle
[493.246s][info][gc,marking     ] GC(158) Concurrent Scan Root Regions
[493.246s][info][gc,cpu         ] GC(157) User=0.70s Sys=0.00s Real=0.12s
[493.410s][info][gc,marking     ] GC(158) Concurrent Scan Root Regions 164.896ms
[493.410s][info][gc,marking     ] GC(158) Concurrent Mark
[493.410s][info][gc,marking     ] GC(158) Concurrent Mark From Roots
[493.411s][info][gc,task        ] GC(158) Using 2 workers of 2 for marking
.[494.209s][info][gc,marking     ] GC(158) Concurrent Mark From Roots 798.407ms
[494.209s][info][gc,marking     ] GC(158) Concurrent Preclean
[494.209s][info][gc,marking     ] GC(158) Concurrent Preclean 0.066ms
[494.209s][info][gc,start       ] GC(158) Pause Remark
[494.213s][info][gc             ] GC(158) Pause Remark 1602M->1602M(4096M) 3.372ms
[494.213s][info][gc,cpu         ] GC(158) User=0.02s Sys=0.00s Real=0.00s
[494.213s][info][gc,marking     ] GC(158) Concurrent Mark 802.126ms
[494.213s][info][gc,marking     ] GC(158) Concurrent Rebuild Remembered Sets and Scrub Regions
.[494.572s][info][gc,marking     ] GC(158) Concurrent Rebuild Remembered Sets and Scrub Regions 359.388ms
[494.572s][info][gc,start       ] GC(158) Pause Cleanup
[494.572s][info][gc             ] GC(158) Pause Cleanup 1660M->1660M(4096M) 0.148ms
[494.572s][info][gc,cpu         ] GC(158) User=0.00s Sys=0.00s Real=0.00s
[494.572s][info][gc,marking     ] GC(158) Concurrent Clear Claimed Marks
[494.572s][info][gc,marking     ] GC(158) Concurrent Clear Claimed Marks 0.034ms
[494.572s][info][gc,marking     ] GC(158) Concurrent Cleanup for Next Mark
[494.577s][info][gc,marking     ] GC(158) Concurrent Cleanup for Next Mark 4.855ms
[494.577s][info][gc             ] GC(158) Concurrent Mark Cycle 1331.818ms
............[506.565s][info][gc,start       ] GC(159) Pause Young (Prepare Mixed) (G1 Evacuation Pause)
[506.566s][info][gc,task        ] GC(159) Using 6 workers of 6 for evacuation
[506.684s][info][gc,phases      ] GC(159)   Pre Evacuate Collection Set: 0.36ms
[506.684s][info][gc,phases      ] GC(159)   Merge Heap Roots: 0.49ms
[506.684s][info][gc,phases      ] GC(159)   Evacuate Collection Set: 116.63ms
[506.684s][info][gc,phases      ] GC(159)   Post Evacuate Collection Set: 0.98ms
[506.684s][info][gc,phases      ] GC(159)   Other: 0.08ms
[506.684s][info][gc,heap        ] GC(159) Eden regions: 1117->0(1094)
[506.684s][info][gc,heap        ] GC(159) Survivor regions: 111->109(154)
[506.684s][info][gc,heap        ] GC(159) Old regions: 522->556
[506.684s][info][gc,heap        ] GC(159) Humongous regions: 77->77
[506.684s][info][gc,metaspace   ] GC(159) Metaspace: 28886K(29184K)->28886K(29184K) NonClass: 24002K(24128K)->24002K(24128K) Class: 4883K(5056K)->4883K(5056K)
[506.684s][info][gc             ] GC(159) Pause Young (Prepare Mixed) (G1 Evacuation Pause) 3652M->1482M(4096M) 118.692ms
[506.684s][info][gc,cpu         ] GC(159) User=0.70s Sys=0.00s Real=0.12s
.............[519.599s][info][gc,start       ] GC(160) Pause Young (Mixed) (G1 Evacuation Pause)
[519.599s][info][gc,task        ] GC(160) Using 6 workers of 6 for evacuation
[519.737s][info][gc,phases      ] GC(160)   Pre Evacuate Collection Set: 0.47ms
[519.737s][info][gc,phases      ] GC(160)   Merge Heap Roots: 0.70ms
[519.737s][info][gc,phases      ] GC(160)   Evacuate Collection Set: 135.47ms
[519.737s][info][gc,phases      ] GC(160)   Post Evacuate Collection Set: 1.00ms
[519.737s][info][gc,phases      ] GC(160)   Other: 0.10ms
[519.737s][info][gc,heap        ] GC(160) Eden regions: 1094->0(1120)
[519.737s][info][gc,heap        ] GC(160) Survivor regions: 109->108(151)
[519.737s][info][gc,heap        ] GC(160) Old regions: 556->462
[519.737s][info][gc,heap        ] GC(160) Humongous regions: 77->77
[519.737s][info][gc,metaspace   ] GC(160) Metaspace: 28886K(29184K)->28886K(29184K) NonClass: 24002K(24128K)->24002K(24128K) Class: 4883K(5056K)->4883K(5056K)
[519.737s][info][gc             ] GC(160) Pause Young (Mixed) (G1 Evacuation Pause) 3670M->1292M(4096M) 137.914ms
[519.737s][info][gc,cpu         ] GC(160) User=0.81s Sys=0.00s Real=0.14s
.............[533.134s][info][gc,start       ] GC(161) Pause Young (Concurrent Start) (G1 Evacuation Pause)
[533.134s][info][gc,task        ] GC(161) Using 6 workers of 6 for evacuation
[533.251s][info][gc,phases      ] GC(161)   Pre Evacuate Collection Set: 0.40ms
[533.251s][info][gc,phases      ] GC(161)   Merge Heap Roots: 0.44ms
[533.251s][info][gc,phases      ] GC(161)   Evacuate Collection Set: 115.54ms
[533.251s][info][gc,phases      ] GC(161)   Post Evacuate Collection Set: 0.91ms
[533.251s][info][gc,phases      ] GC(161)   Other: 0.11ms
[533.251s][info][gc,heap        ] GC(161) Eden regions: 1120->0(1120)
[533.251s][info][gc,heap        ] GC(161) Survivor regions: 108->108(154)
[533.251s][info][gc,heap        ] GC(161) Old regions: 462->496
[533.251s][info][gc,heap        ] GC(161) Humongous regions: 77->77
[533.251s][info][gc,metaspace   ] GC(161) Metaspace: 28890K(29184K)->28890K(29184K) NonClass: 24007K(24128K)->24007K(24128K) Class: 4883K(5056K)->4883K(5056K)
[533.251s][info][gc             ] GC(161) Pause Young (Concurrent Start) (G1 Evacuation Pause) 3532M->1360M(4096M) 117.538ms
[533.251s][info][gc             ] GC(162) Concurrent Mark Cycle
[533.251s][info][gc,marking     ] GC(162) Concurrent Scan Root Regions
[533.251s][info][gc,cpu         ] GC(161) User=0.69s Sys=0.00s Real=0.11s
[533.416s][info][gc,marking     ] GC(162) Concurrent Scan Root Regions 164.375ms
[533.416s][info][gc,marking     ] GC(162) Concurrent Mark
[533.416s][info][gc,marking     ] GC(162) Concurrent Mark From Roots
[533.416s][info][gc,task        ] GC(162) Using 2 workers of 2 for marking
.[534.228s][info][gc,marking     ] GC(162) Concurrent Mark From Roots 812.251ms
[534.228s][info][gc,marking     ] GC(162) Concurrent Preclean
[534.228s][info][gc,marking     ] GC(162) Concurrent Preclean 0.065ms
[534.228s][info][gc,start       ] GC(162) Pause Remark
[534.231s][info][gc             ] GC(162) Pause Remark 1565M->1565M(4096M) 3.206ms
[534.231s][info][gc,cpu         ] GC(162) User=0.02s Sys=0.00s Real=0.00s
[534.232s][info][gc,marking     ] GC(162) Concurrent Mark 815.777ms
[534.232s][info][gc,marking     ] GC(162) Concurrent Rebuild Remembered Sets and Scrub Regions
.[534.593s][info][gc,marking     ] GC(162) Concurrent Rebuild Remembered Sets and Scrub Regions 361.963ms
[534.594s][info][gc,start       ] GC(162) Pause Cleanup
[534.594s][info][gc             ] GC(162) Pause Cleanup 1616M->1616M(4096M) 0.115ms
[534.594s][info][gc,cpu         ] GC(162) User=0.00s Sys=0.00s Real=0.00s
[534.594s][info][gc,marking     ] GC(162) Concurrent Clear Claimed Marks
[534.594s][info][gc,marking     ] GC(162) Concurrent Clear Claimed Marks 0.030ms
[534.594s][info][gc,marking     ] GC(162) Concurrent Cleanup for Next Mark
[534.597s][info][gc,marking     ] GC(162) Concurrent Cleanup for Next Mark 3.604ms
[534.597s][info][gc             ] GC(162) Concurrent Mark Cycle 1346.194ms
............[546.528s][info][gc,start       ] GC(163) Pause Young (Prepare Mixed) (G1 Evacuation Pause)
[546.528s][info][gc,task        ] GC(163) Using 6 workers of 6 for evacuation
[546.644s][info][gc,phases      ] GC(163)   Pre Evacuate Collection Set: 0.39ms
[546.644s][info][gc,phases      ] GC(163)   Merge Heap Roots: 0.56ms
[546.644s][info][gc,phases      ] GC(163)   Evacuate Collection Set: 114.27ms
[546.644s][info][gc,phases      ] GC(163)   Post Evacuate Collection Set: 0.98ms
[546.644s][info][gc,phases      ] GC(163)   Other: 0.09ms
[546.644s][info][gc,heap        ] GC(163) Eden regions: 1120->0(1121)
[546.644s][info][gc,heap        ] GC(163) Survivor regions: 108->107(154)
[546.644s][info][gc,heap        ] GC(163) Old regions: 496->529
[546.644s][info][gc,heap        ] GC(163) Humongous regions: 77->77
[546.644s][info][gc,metaspace   ] GC(163) Metaspace: 28890K(29184K)->28890K(29184K) NonClass: 24007K(24128K)->24007K(24128K) Class: 4883K(5056K)->4883K(5056K)
[546.644s][info][gc             ] GC(163) Pause Young (Prepare Mixed) (G1 Evacuation Pause) 3600M->1424M(4096M) 116.432ms
[546.644s][info][gc,cpu         ] GC(163) User=0.69s Sys=0.00s Real=0.12s
.............[560.162s][info][gc,start       ] GC(164) Pause Young (Mixed) (G1 Evacuation Pause)
[560.162s][info][gc,task        ] GC(164) Using 6 workers of 6 for evacuation
[560.295s][info][gc,phases      ] GC(164)   Pre Evacuate Collection Set: 0.42ms
[560.295s][info][gc,phases      ] GC(164)   Merge Heap Roots: 0.60ms
[560.295s][info][gc,phases      ] GC(164)   Evacuate Collection Set: 131.08ms
[560.295s][info][gc,phases      ] GC(164)   Post Evacuate Collection Set: 1.00ms
[560.295s][info][gc,phases      ] GC(164)   Other: 0.09ms
[560.295s][info][gc,heap        ] GC(164) Eden regions: 1121->0(1117)
[560.295s][info][gc,heap        ] GC(164) Survivor regions: 107->111(154)
[560.295s][info][gc,heap        ] GC(164) Old regions: 529->463
[560.295s][info][gc,heap        ] GC(164) Humongous regions: 77->77
[560.295s][info][gc,metaspace   ] GC(164) Metaspace: 28894K(29184K)->28894K(29184K) NonClass: 24010K(24128K)->24010K(24128K) Class: 4883K(5056K)->4883K(5056K)
[560.295s][info][gc             ] GC(164) Pause Young (Mixed) (G1 Evacuation Pause) 3666M->1301M(4096M) 133.315ms
[560.295s][info][gc,cpu         ] GC(164) User=0.79s Sys=0.00s Real=0.14s
..... (rIR:aIR:PR = 1384:1384:1384) (tPR = 21166) [OK] 
   564s: 
   564s: Building throughput-responsetime curve
   564s: ( 0%)   IR =      0 ...|............................................................ (rIR:aIR:PR = 0:0:0) (tPR = 0) [OK] 
   627s: Performance info:
         Transaction,    Success,    Partial,     Failed,   Receipts, AvgBarcode, 
         Response times:
             Request,    Success,    Partial,     Failed,   SkipFail,     Probes,    Samples,      min,      p50,      p90,      p95,      p99,      max, 

   627s: ( 1%)   IR =    138 ....|............................................................ (rIR:aIR:PR = 138:138:138) (tPR = 2019) [OK] 
   691s: Performance info:
         Transaction,    Success,    Partial,     Failed,   Receipts, AvgBarcode, 
             Overall,       8288,          0,          0,       7869,      59.48, 
         Response times:
             Request,    Success,    Partial,     Failed,   SkipFail,     Probes,    Samples,      min,      p50,      p90,      p95,      p99,      max, 
       TotalPurchase,       7869,          0,          0,          0,       7241,       8261,      300,      400,      600,      700,      800,     1100,
     InStorePurchase,       4144,          0,          0,          0,       3846,       4325,      300,      400,      500,      600,      800,     1100,
      OnlinePurchase,       2897,          0,          0,          0,       2687,       3061,      300,      400,      600,      700,      800,     1000,
        InstPurchase,        828,          0,          0,          0,        708,        875,      400,      500,      600,      700,      900,     1000,
          AssocOfCat,          9,          0,          0,          0,          8,          8,    21000,    21500,    28000,    28000,    28000,    28000,
      AssocOfProduct,         85,          0,          0,          0,         82,         87,      500,      600,      700,      760,      800,      800,
      BusinessReport,         24,          0,          0,          0,         20,         22,    21000,    23500,    33100,    34850,    35000,    35000,
          CustBuyBeh,         83,          0,          0,          0,         82,         87,      200,      200,      400,      400,      500,      500,
       ProductReturn,        218,          0,          0,          0,        145,        200,      200,      300,      300,      400,      599,      700,

   691s: ( 2%)   IR =    277 ....|........[704.147s][info][gc,start       ] GC(165) Pause Young (Concurrent Start) (G1 Evacuation Pause)
[704.147s][info][gc,task        ] GC(165) Using 6 workers of 6 for evacuation
[704.264s][info][gc,phases      ] GC(165)   Pre Evacuate Collection Set: 0.41ms
[704.264s][info][gc,phases      ] GC(165)   Merge Heap Roots: 0.55ms
[704.264s][info][gc,phases      ] GC(165)   Evacuate Collection Set: 115.11ms
[704.264s][info][gc,phases      ] GC(165)   Post Evacuate Collection Set: 0.95ms
[704.264s][info][gc,phases      ] GC(165)   Other: 0.13ms
[704.264s][info][gc,heap        ] GC(165) Eden regions: 1117->0(1120)
[704.264s][info][gc,heap        ] GC(165) Survivor regions: 111->108(154)
[704.264s][info][gc,heap        ] GC(165) Old regions: 463->495
[704.264s][info][gc,heap        ] GC(165) Humongous regions: 77->77
[704.264s][info][gc,metaspace   ] GC(165) Metaspace: 28898K(29184K)->28898K(29184K) NonClass: 24015K(24128K)->24015K(24128K) Class: 4883K(5056K)->4883K(5056K)
[704.264s][info][gc             ] GC(165) Pause Young (Concurrent Start) (G1 Evacuation Pause) 3535M->1358M(4096M) 117.276ms
[704.264s][info][gc             ] GC(166) Concurrent Mark Cycle
[704.264s][info][gc,marking     ] GC(166) Concurrent Scan Root Regions
[704.264s][info][gc,cpu         ] GC(165) User=0.69s Sys=0.01s Real=0.12s
[704.424s][info][gc,marking     ] GC(166) Concurrent Scan Root Regions 160.156ms
[704.424s][info][gc,marking     ] GC(166) Concurrent Mark
[704.424s][info][gc,marking     ] GC(166) Concurrent Mark From Roots
[704.424s][info][gc,task        ] GC(166) Using 2 workers of 2 for marking
.[705.263s][info][gc,marking     ] GC(166) Concurrent Mark From Roots 839.103ms
[705.263s][info][gc,marking     ] GC(166) Concurrent Preclean
[705.263s][info][gc,marking     ] GC(166) Concurrent Preclean 0.060ms
[705.263s][info][gc,start       ] GC(166) Pause Remark
[705.266s][info][gc             ] GC(166) Pause Remark 1395M->1395M(4096M) 2.324ms
[705.266s][info][gc,cpu         ] GC(166) User=0.01s Sys=0.00s Real=0.00s
[705.266s][info][gc,marking     ] GC(166) Concurrent Mark 841.731ms
[705.266s][info][gc,marking     ] GC(166) Concurrent Rebuild Remembered Sets and Scrub Regions
.[705.633s][info][gc,marking     ] GC(166) Concurrent Rebuild Remembered Sets and Scrub Regions 367.086ms
[705.633s][info][gc,start       ] GC(166) Pause Cleanup
[705.633s][info][gc             ] GC(166) Pause Cleanup 1408M->1408M(4096M) 0.140ms
[705.633s][info][gc,cpu         ] GC(166) User=0.00s Sys=0.00s Real=0.00s
[705.633s][info][gc,marking     ] GC(166) Concurrent Clear Claimed Marks
[705.633s][info][gc,marking     ] GC(166) Concurrent Clear Claimed Marks 0.031ms
[705.633s][info][gc,marking     ] GC(166) Concurrent Cleanup for Next Mark
[705.637s][info][gc,marking     ] GC(166) Concurrent Cleanup for Next Mark 3.523ms
[705.637s][info][gc             ] GC(166) Concurrent Mark Cycle 1372.993ms
.................................................. (rIR:aIR:PR = 277:278:278) (tPR = 4299) [OK] 
   755s: Performance info:
         Transaction,    Success,    Partial,     Failed,   Receipts, AvgBarcode, 
             Overall,      16674,          0,          0,      15843,      59.46, 
         Response times:
             Request,    Success,    Partial,     Failed,   SkipFail,     Probes,    Samples,      min,      p50,      p90,      p95,      p99,      max, 
       TotalPurchase,      15843,          0,          0,          0,      14905,      16649,      300,      500,      800,      900,     1100,   122000,
     InStorePurchase,       8339,          0,          0,          0,       7925,       8825,      300,      500,      800,      900,     1100,   119000,
      OnlinePurchase,       5830,          0,          0,          0,       5472,       6094,      300,      500,      800,      900,     1200,   122000,
        InstPurchase,       1674,          0,          0,          0,       1508,       1730,      400,      600,      800,      900,     1169,     3100,
          AssocOfCat,         16,          0,          0,          0,         14,         16,    16700,    21000,    24000,    24000,    24000,    24000,
      AssocOfProduct,        168,          0,          0,          0,        125,        177,      400,      700,      800,      810,     1022,     1100,
      BusinessReport,         42,          0,          0,          0,         40,         42,    18200,    23500,    29000,    30850,    31000,    31000,
          CustBuyBeh,        168,          0,          0,          0,        115,        170,      200,      300,      600,      700,      900,      900,
       ProductReturn,        437,          0,          0,          0,        348,        438,      200,      300,      600,      700,     1766,     2300,

   755s: ( 3%)   IR =    415 ....|......[766.455s][info][gc,start       ] GC(167) Pause Young (Prepare Mixed) (G1 Evacuation Pause)
[766.455s][info][gc,task        ] GC(167) Using 6 workers of 6 for evacuation
[766.571s][info][gc,phases      ] GC(167)   Pre Evacuate Collection Set: 0.35ms
[766.571s][info][gc,phases      ] GC(167)   Merge Heap Roots: 0.55ms
[766.571s][info][gc,phases      ] GC(167)   Evacuate Collection Set: 114.75ms
[766.571s][info][gc,phases      ] GC(167)   Post Evacuate Collection Set: 1.00ms
[766.571s][info][gc,phases      ] GC(167)   Other: 0.09ms
[766.571s][info][gc,heap        ] GC(167) Eden regions: 1120->0(1120)
[766.571s][info][gc,heap        ] GC(167) Survivor regions: 108->108(154)
[766.571s][info][gc,heap        ] GC(167) Old regions: 495->528
[766.571s][info][gc,heap        ] GC(167) Humongous regions: 77->77
[766.571s][info][gc,metaspace   ] GC(167) Metaspace: 28903K(29184K)->28903K(29184K) NonClass: 24020K(24128K)->24020K(24128K) Class: 4883K(5056K)->4883K(5056K)
[766.571s][info][gc             ] GC(167) Pause Young (Prepare Mixed) (G1 Evacuation Pause) 3598M->1423M(4096M) 116.857ms
[766.571s][info][gc,cpu         ] GC(167) User=0.69s Sys=0.00s Real=0.11s
.............................................[811.553s][info][gc,start       ] GC(168) Pause Young (Mixed) (G1 Evacuation Pause)
[811.553s][info][gc,task        ] GC(168) Using 6 workers of 6 for evacuation
[811.685s][info][gc,phases      ] GC(168)   Pre Evacuate Collection Set: 0.42ms
[811.685s][info][gc,phases      ] GC(168)   Merge Heap Roots: 0.71ms
[811.685s][info][gc,phases      ] GC(168)   Evacuate Collection Set: 129.91ms
[811.685s][info][gc,phases      ] GC(168)   Post Evacuate Collection Set: 1.03ms
[811.685s][info][gc,phases      ] GC(168)   Other: 0.10ms
[811.685s][info][gc,heap        ] GC(168) Eden regions: 1120->0(1120)
[811.685s][info][gc,heap        ] GC(168) Survivor regions: 108->108(154)
[811.685s][info][gc,heap        ] GC(168) Old regions: 528->463
[811.685s][info][gc,heap        ] GC(168) Humongous regions: 77->77
[811.685s][info][gc,metaspace   ] GC(168) Metaspace: 28903K(29184K)->28903K(29184K) NonClass: 24020K(24128K)->24020K(24128K) Class: 4883K(5056K)->4883K(5056K)
[811.685s][info][gc             ] GC(168) Pause Young (Mixed) (G1 Evacuation Pause) 3663M->1294M(4096M) 132.308ms
[811.685s][info][gc,cpu         ] GC(168) User=0.78s Sys=0.00s Real=0.14s
......... (rIR:aIR:PR = 415:415:415) (tPR = 6243) [OK] 
   819s: Performance info:
         Transaction,    Success,    Partial,     Failed,   Receipts, AvgBarcode, 
             Overall,      24936,          0,          0,      23689,      59.49, 
         Response times:
             Request,    Success,    Partial,     Failed,   SkipFail,     Probes,    Samples,      min,      p50,      p90,      p95,      p99,      max, 
       TotalPurchase,      23689,          0,          0,          0,      22612,      25055,      300,      600,      900,     1000,     1300,   135000,
     InStorePurchase,      12470,          0,          0,          0,      12109,      13359,      300,      600,      900,     1000,     1300,   135000,
      OnlinePurchase,       8721,          0,          0,          0,       8255,       9127,      300,      600,     1000,     1100,     1300,   134000,
        InstPurchase,       2498,          0,          0,          0,       2248,       2569,      400,      600,      900,     1100,     1300,   119000,
          AssocOfCat,         27,          0,          0,          0,         24,         26,    17000,    20500,    25000,    25000,    25000,    25000,
      AssocOfProduct,        251,          0,          0,          0,        205,        256,      400,      800,     1000,     1100,     1343,     1500,
      BusinessReport,         61,          0,          0,          0,         59,         66,    17900,    24000,    28000,    30000,    31000,    31000,
          CustBuyBeh,        249,          0,          0,          0,        195,        263,      200,      500,      700,      900,     1308,     2000,
       ProductReturn,        659,          0,          0,          0,        556,        714,      200,      500,      700,      800,     1085,     2500,

   819s: ( 4%)   IR =    553 .....|.......................[847.812s][info][gc,start       ] GC(169) Pause Young (Concurrent Start) (G1 Evacuation Pause)
[847.812s][info][gc,task        ] GC(169) Using 6 workers of 6 for evacuation
[847.930s][info][gc,phases      ] GC(169)   Pre Evacuate Collection Set: 0.43ms
[847.930s][info][gc,phases      ] GC(169)   Merge Heap Roots: 0.53ms
[847.930s][info][gc,phases      ] GC(169)   Evacuate Collection Set: 115.87ms
[847.930s][info][gc,phases      ] GC(169)   Post Evacuate Collection Set: 0.95ms
[847.930s][info][gc,phases      ] GC(169)   Other: 0.13ms
[847.930s][info][gc,heap        ] GC(169) Eden regions: 1120->0(1119)
[847.930s][info][gc,heap        ] GC(169) Survivor regions: 108->109(154)
[847.930s][info][gc,heap        ] GC(169) Old regions: 463->495
[847.930s][info][gc,heap        ] GC(169) Humongous regions: 77->77
[847.930s][info][gc,metaspace   ] GC(169) Metaspace: 28904K(29184K)->28904K(29184K) NonClass: 24021K(24128K)->24021K(24128K) Class: 4883K(5056K)->4883K(5056K)
[847.930s][info][gc             ] GC(169) Pause Young (Concurrent Start) (G1 Evacuation Pause) 3534M->1359M(4096M) 118.050ms
[847.930s][info][gc             ] GC(170) Concurrent Mark Cycle
[847.930s][info][gc,marking     ] GC(170) Concurrent Scan Root Regions
[847.931s][info][gc,cpu         ] GC(169) User=0.70s Sys=0.01s Real=0.12s
[848.036s][info][gc,marking     ] GC(170) Concurrent Scan Root Regions 105.848ms
[848.036s][info][gc,marking     ] GC(170) Concurrent Mark
[848.036s][info][gc,marking     ] GC(170) Concurrent Mark From Roots
[848.036s][info][gc,task        ] GC(170) Using 2 workers of 2 for marking
[848.524s][info][gc,marking     ] GC(170) Concurrent Mark From Roots 488.108ms
[848.525s][info][gc,marking     ] GC(170) Concurrent Preclean
[848.525s][info][gc,marking     ] GC(170) Concurrent Preclean 0.052ms
[848.525s][info][gc,start       ] GC(170) Pause Remark
[848.527s][info][gc             ] GC(170) Pause Remark 1411M->1411M(4096M) 2.348ms
[848.527s][info][gc,cpu         ] GC(170) User=0.01s Sys=0.00s Real=0.00s
[848.527s][info][gc,marking     ] GC(170) Concurrent Mark 490.762ms
[848.527s][info][gc,marking     ] GC(170) Concurrent Rebuild Remembered Sets and Scrub Regions
[848.720s][info][gc,marking     ] GC(170) Concurrent Rebuild Remembered Sets and Scrub Regions 192.502ms
[848.720s][info][gc,start       ] GC(170) Pause Cleanup
[848.720s][info][gc             ] GC(170) Pause Cleanup 1422M->1422M(4096M) 0.117ms
[848.720s][info][gc,cpu         ] GC(170) User=0.00s Sys=0.00s Real=0.00s
[848.720s][info][gc,marking     ] GC(170) Concurrent Clear Claimed Marks
[848.720s][info][gc,marking     ] GC(170) Concurrent Clear Claimed Marks 0.031ms
[848.720s][info][gc,marking     ] GC(170) Concurrent Cleanup for Next Mark
.[848.723s][info][gc,marking     ] GC(170) Concurrent Cleanup for Next Mark 3.377ms
[848.723s][info][gc             ] GC(170) Concurrent Mark Cycle 792.934ms
.................................[882.037s][info][gc,start       ] GC(171) Pause Young (Prepare Mixed) (G1 Evacuation Pause)
[882.037s][info][gc,task        ] GC(171) Using 6 workers of 6 for evacuation
[882.155s][info][gc,phases      ] GC(171)   Pre Evacuate Collection Set: 0.39ms
[882.155s][info][gc,phases      ] GC(171)   Merge Heap Roots: 0.56ms
[882.155s][info][gc,phases      ] GC(171)   Evacuate Collection Set: 116.08ms
[882.155s][info][gc,phases      ] GC(171)   Post Evacuate Collection Set: 0.96ms
[882.155s][info][gc,phases      ] GC(171)   Other: 0.10ms
[882.155s][info][gc,heap        ] GC(171) Eden regions: 1119->0(1118)
[882.155s][info][gc,heap        ] GC(171) Survivor regions: 109->110(154)
[882.155s][info][gc,heap        ] GC(171) Old regions: 495->527
[882.155s][info][gc,heap        ] GC(171) Humongous regions: 77->77
[882.155s][info][gc,metaspace   ] GC(171) Metaspace: 28907K(29184K)->28907K(29184K) NonClass: 24024K(24128K)->24024K(24128K) Class: 4883K(5056K)->4883K(5056K)
[882.155s][info][gc             ] GC(171) Pause Young (Prepare Mixed) (G1 Evacuation Pause) 3597M->1427M(4096M) 118.210ms
[882.155s][info][gc,cpu         ] GC(171) User=0.70s Sys=0.00s Real=0.12s
... (rIR:aIR:PR = 553:553:553) (tPR = 8287) [OK] 
   884s: Performance info:
         Transaction,    Success,    Partial,     Failed,   Receipts, AvgBarcode, 
             Overall,      33188,          0,          0,      31537,      59.50, 
         Response times:
             Request,    Success,    Partial,     Failed,   SkipFail,     Probes,    Samples,      min,      p50,      p90,      p95,      p99,      max, 
       TotalPurchase,      31537,          0,          0,          0,      30336,      33896,      300,      800,     1100,     1200,     1500,   122000,
     InStorePurchase,      16601,          0,          0,          0,      16111,      17952,      300,      800,     1100,     1200,     1500,   121000,
      OnlinePurchase,      11613,          0,          0,          0,      11183,      12471,      300,      800,     1100,     1300,     1600,   122000,
        InstPurchase,       3323,          0,          0,          0,       3042,       3473,      400,      700,     1100,     1200,     1500,   121000,
          AssocOfCat,         34,          0,          0,          0,         32,         35,    17100,    23000,    25000,    27600,    30000,    30000,
      AssocOfProduct,        329,          0,          0,          0,        266,        372,      400,      900,     1300,     1400,     1981,     6200,
      BusinessReport,         83,          0,          0,          0,         80,         89,    18200,    26000,    30000,    30500,   142000,   142000,
          CustBuyBeh,        332,          0,          0,          0,        243,        343,      200,      600,     1000,     1000,     1200,     1400,
       ProductReturn,        873,          0,          0,          0,        757,        939,      200,      700,     1100,     1200,     1560,     5300,

   884s: ( 5%)   IR =    692 ....|.....................[910.150s][info][gc,start       ] GC(172) Pause Young (Mixed) (G1 Evacuation Pause)
[910.150s][info][gc,task        ] GC(172) Using 6 workers of 6 for evacuation
[910.283s][info][gc,phases      ] GC(172)   Pre Evacuate Collection Set: 0.42ms
[910.283s][info][gc,phases      ] GC(172)   Merge Heap Roots: 0.71ms
[910.283s][info][gc,phases      ] GC(172)   Evacuate Collection Set: 130.85ms
[910.283s][info][gc,phases      ] GC(172)   Post Evacuate Collection Set: 0.98ms
[910.283s][info][gc,phases      ] GC(172)   Other: 0.09ms
[910.283s][info][gc,heap        ] GC(172) Eden regions: 1118->0(1120)
[910.283s][info][gc,heap        ] GC(172) Survivor regions: 110->108(154)
[910.283s][info][gc,heap        ] GC(172) Old regions: 527->462
[910.283s][info][gc,heap        ] GC(172) Humongous regions: 77->77
[910.283s][info][gc,metaspace   ] GC(172) Metaspace: 28912K(29184K)->28912K(29184K) NonClass: 24028K(24128K)->24028K(24128K) Class: 4883K(5056K)->4883K(5056K)
[910.283s][info][gc             ] GC(172) Pause Young (Mixed) (G1 Evacuation Pause) 3663M->1293M(4096M) 133.196ms
[910.283s][info][gc,cpu         ] GC(172) User=0.78s Sys=0.00s Real=0.13s
...........................[937.534s][info][gc,start       ] GC(173) Pause Young (Concurrent Start) (G1 Evacuation Pause)
[937.535s][info][gc,task        ] GC(173) Using 6 workers of 6 for evacuation
[937.654s][info][gc,phases      ] GC(173)   Pre Evacuate Collection Set: 0.41ms
[937.654s][info][gc,phases      ] GC(173)   Merge Heap Roots: 0.53ms
[937.654s][info][gc,phases      ] GC(173)   Evacuate Collection Set: 117.16ms
[937.654s][info][gc,phases      ] GC(173)   Post Evacuate Collection Set: 0.94ms
[937.654s][info][gc,phases      ] GC(173)   Other: 0.11ms
[937.654s][info][gc,heap        ] GC(173) Eden regions: 1120->0(1119)
[937.654s][info][gc,heap        ] GC(173) Survivor regions: 108->109(154)
[937.654s][info][gc,heap        ] GC(173) Old regions: 462->495
[937.654s][info][gc,heap        ] GC(173) Humongous regions: 77->77
[937.654s][info][gc,metaspace   ] GC(173) Metaspace: 28913K(29184K)->28913K(29184K) NonClass: 24030K(24128K)->24030K(24128K) Class: 4883K(5056K)->4883K(5056K)
[937.654s][info][gc             ] GC(173) Pause Young (Concurrent Start) (G1 Evacuation Pause) 3533M->1359M(4096M) 119.261ms
[937.654s][info][gc             ] GC(174) Concurrent Mark Cycle
[937.654s][info][gc,marking     ] GC(174) Concurrent Scan Root Regions
[937.654s][info][gc,cpu         ] GC(173) User=0.71s Sys=0.00s Real=0.12s
[937.761s][info][gc,marking     ] GC(174) Concurrent Scan Root Regions 107.032ms
[937.761s][info][gc,marking     ] GC(174) Concurrent Mark
[937.761s][info][gc,marking     ] GC(174) Concurrent Mark From Roots
[937.761s][info][gc,task        ] GC(174) Using 2 workers of 2 for marking
.[938.252s][info][gc,marking     ] GC(174) Concurrent Mark From Roots 491.111ms
[938.252s][info][gc,marking     ] GC(174) Concurrent Preclean
[938.252s][info][gc,marking     ] GC(174) Concurrent Preclean 0.062ms
[938.252s][info][gc,start       ] GC(174) Pause Remark
[938.255s][info][gc             ] GC(174) Pause Remark 1410M->1410M(4096M) 2.598ms
[938.255s][info][gc,cpu         ] GC(174) User=0.02s Sys=0.00s Real=0.01s
[938.255s][info][gc,marking     ] GC(174) Concurrent Mark 494.033ms
[938.255s][info][gc,marking     ] GC(174) Concurrent Rebuild Remembered Sets and Scrub Regions
[938.449s][info][gc,marking     ] GC(174) Concurrent Rebuild Remembered Sets and Scrub Regions 194.336ms
[938.449s][info][gc,start       ] GC(174) Pause Cleanup
[938.450s][info][gc             ] GC(174) Pause Cleanup 1426M->1426M(4096M) 0.118ms
[938.450s][info][gc,cpu         ] GC(174) User=0.00s Sys=0.00s Real=0.00s
[938.450s][info][gc,marking     ] GC(174) Concurrent Clear Claimed Marks
[938.450s][info][gc,marking     ] GC(174) Concurrent Clear Claimed Marks 0.030ms
[938.450s][info][gc,marking     ] GC(174) Concurrent Cleanup for Next Mark
[938.453s][info][gc,marking     ] GC(174) Concurrent Cleanup for Next Mark 3.611ms
[938.453s][info][gc             ] GC(174) Concurrent Mark Cycle 799.518ms
........... (rIR:aIR:PR = 692:692:691) (tPR = 10418) [OK] 
   948s: Performance info:
         Transaction,    Success,    Partial,     Failed,   Receipts, AvgBarcode, 
             Overall,      41509,          0,          0,      39423,      59.46, 
         Response times:
             Request,    Success,    Partial,     Failed,   SkipFail,     Probes,    Samples,      min,      p50,      p90,      p95,      p99,      max, 
       TotalPurchase,      39430,          0,          0,          0,      37797,      41238,      300,      900,     1300,     1400,     1800,   136000,
     InStorePurchase,      20738,          0,          0,          0,      19978,      21766,      300,      900,     1300,     1400,     1800,   136000,
      OnlinePurchase,      14532,          0,          0,          0,      13904,      15120,      300,      800,     1200,     1400,     1700,   136000,
        InstPurchase,       4160,          0,          0,          0,       3915,       4352,      400,      900,     1300,     1400,     1900,   136000,
          AssocOfCat,         41,          0,          0,          0,         39,         43,    16700,    22000,    24000,    25000,    25000,    25000,
      AssocOfProduct,        418,          0,          0,          0,        336,        437,      600,     1100,     1400,     1500,     1986,     6700,
      BusinessReport,        106,          0,          0,          0,        101,        111,    18100,    26000,    29000,    30000,    31880,    32000,
          CustBuyBeh,        416,          0,          0,          0,        347,        457,      200,      800,     1200,     1300,     1600,     3500,
       ProductReturn,       1102,          0,          0,          0,        956,       1153,      200,      900,     1200,     1400,     1700,     9900,

   948s: ( 6%)   IR =    830 ....|.........[962.362s][info][gc,start       ] GC(175) Pause Young (Prepare Mixed) (G1 Evacuation Pause)
[962.362s][info][gc,task        ] GC(175) Using 6 workers of 6 for evacuation
[962.480s][info][gc,phases      ] GC(175)   Pre Evacuate Collection Set: 0.38ms
[962.480s][info][gc,phases      ] GC(175)   Merge Heap Roots: 0.58ms
[962.480s][info][gc,phases      ] GC(175)   Evacuate Collection Set: 116.71ms
[962.480s][info][gc,phases      ] GC(175)   Post Evacuate Collection Set: 0.99ms
[962.480s][info][gc,phases      ] GC(175)   Other: 0.08ms
[962.480s][info][gc,heap        ] GC(175) Eden regions: 1119->0(1117)
[962.480s][info][gc,heap        ] GC(175) Survivor regions: 109->111(154)
[962.480s][info][gc,heap        ] GC(175) Old regions: 495->527
[962.480s][info][gc,heap        ] GC(175) Humongous regions: 77->77
[962.480s][info][gc,metaspace   ] GC(175) Metaspace: 28918K(29184K)->28918K(29184K) NonClass: 24034K(24128K)->24034K(24128K) Class: 4883K(5056K)->4883K(5056K)
[962.480s][info][gc             ] GC(175) Pause Young (Prepare Mixed) (G1 Evacuation Pause) 3597M->1428M(4096M) 118.880ms
[962.481s][info][gc,cpu         ] GC(175) User=0.70s Sys=0.00s Real=0.12s
.......................[985.394s][info][gc,start       ] GC(176) Pause Young (Mixed) (G1 Evacuation Pause)
[985.394s][info][gc,task        ] GC(176) Using 6 workers of 6 for evacuation
[985.527s][info][gc,phases      ] GC(176)   Pre Evacuate Collection Set: 0.46ms
[985.527s][info][gc,phases      ] GC(176)   Merge Heap Roots: 0.79ms
[985.527s][info][gc,phases      ] GC(176)   Evacuate Collection Set: 130.74ms
[985.527s][info][gc,phases      ] GC(176)   Post Evacuate Collection Set: 1.03ms
[985.527s][info][gc,phases      ] GC(176)   Other: 0.11ms
[985.527s][info][gc,heap        ] GC(176) Eden regions: 1117->0(1119)
[985.527s][info][gc,heap        ] GC(176) Survivor regions: 111->109(154)
[985.527s][info][gc,heap        ] GC(176) Old regions: 527->464
[985.527s][info][gc,heap        ] GC(176) Humongous regions: 77->77
[985.527s][info][gc,metaspace   ] GC(176) Metaspace: 28918K(29184K)->28918K(29184K) NonClass: 24035K(24128K)->24035K(24128K) Class: 4883K(5056K)->4883K(5056K)
[985.527s][info][gc             ] GC(176) Pause Young (Mixed) (G1 Evacuation Pause) 3662M->1298M(4096M) 133.248ms
[985.527s][info][gc,cpu         ] GC(176) User=0.78s Sys=0.00s Real=0.13s
.......................[1008.362s][info][gc,start       ] GC(177) Pause Young (Concurrent Start) (G1 Evacuation Pause)
[1008.362s][info][gc,task        ] GC(177) Using 6 workers of 6 for evacuation
[1008.478s][info][gc,phases      ] GC(177)   Pre Evacuate Collection Set: 0.45ms
[1008.478s][info][gc,phases      ] GC(177)   Merge Heap Roots: 0.55ms
[1008.478s][info][gc,phases      ] GC(177)   Evacuate Collection Set: 114.46ms
[1008.478s][info][gc,phases      ] GC(177)   Post Evacuate Collection Set: 0.90ms
[1008.478s][info][gc,phases      ] GC(177)   Other: 0.14ms
[1008.478s][info][gc,heap        ] GC(177) Eden regions: 1119->0(1119)
[1008.478s][info][gc,heap        ] GC(177) Survivor regions: 109->109(154)
[1008.478s][info][gc,heap        ] GC(177) Old regions: 464->497
[1008.478s][info][gc,heap        ] GC(177) Humongous regions: 77->77
[1008.478s][info][gc,metaspace   ] GC(177) Metaspace: 28918K(29184K)->28918K(29184K) NonClass: 24035K(24128K)->24035K(24128K) Class: 4883K(5056K)->4883K(5056K)
[1008.478s][info][gc             ] GC(177) Pause Young (Concurrent Start) (G1 Evacuation Pause) 3536M->1363M(4096M) 116.631ms
[1008.478s][info][gc             ] GC(178) Concurrent Mark Cycle
[1008.478s][info][gc,marking     ] GC(178) Concurrent Scan Root Regions
[1008.478s][info][gc,cpu         ] GC(177) User=0.69s Sys=0.00s Real=0.12s
[1008.590s][info][gc,marking     ] GC(178) Concurrent Scan Root Regions 112.082ms
[1008.590s][info][gc,marking     ] GC(178) Concurrent Mark
[1008.590s][info][gc,marking     ] GC(178) Concurrent Mark From Roots
[1008.590s][info][gc,task        ] GC(178) Using 2 workers of 2 for marking
.[1009.091s][info][gc,marking     ] GC(178) Concurrent Mark From Roots 500.959ms
[1009.091s][info][gc,marking     ] GC(178) Concurrent Preclean
[1009.091s][info][gc,marking     ] GC(178) Concurrent Preclean 0.059ms
[1009.092s][info][gc,start       ] GC(178) Pause Remark
[1009.094s][info][gc             ] GC(178) Pause Remark 1437M->1437M(4096M) 2.365ms
[1009.094s][info][gc,cpu         ] GC(178) User=0.01s Sys=0.00s Real=0.01s
[1009.094s][info][gc,marking     ] GC(178) Concurrent Mark 503.642ms
[1009.094s][info][gc,marking     ] GC(178) Concurrent Rebuild Remembered Sets and Scrub Regions
[1009.290s][info][gc,marking     ] GC(178) Concurrent Rebuild Remembered Sets and Scrub Regions 195.613ms
[1009.290s][info][gc,start       ] GC(178) Pause Cleanup
[1009.290s][info][gc             ] GC(178) Pause Cleanup 1454M->1454M(4096M) 0.110ms
[1009.290s][info][gc,cpu         ] GC(178) User=0.00s Sys=0.00s Real=0.00s
[1009.290s][info][gc,marking     ] GC(178) Concurrent Clear Claimed Marks
[1009.290s][info][gc,marking     ] GC(178) Concurrent Clear Claimed Marks 0.035ms
[1009.290s][info][gc,marking     ] GC(178) Concurrent Cleanup for Next Mark
[1009.293s][info][gc,marking     ] GC(178) Concurrent Cleanup for Next Mark 3.226ms
[1009.293s][info][gc             ] GC(178) Concurrent Mark Cycle 815.038ms
.... (rIR:aIR:PR = 830:830:830) (tPR = 12351) [OK] 
  1012s: Performance info:
         Transaction,    Success,    Partial,     Failed,   Receipts, AvgBarcode, 
             Overall,      49807,          0,          0,      47315,      59.49, 
         Response times:
             Request,    Success,    Partial,     Failed,   SkipFail,     Probes,    Samples,      min,      p50,      p90,      p95,      p99,      max, 
       TotalPurchase,      47315,          0,          0,          0,      45712,      49656,      300,     1000,     1500,     1600,     2100,   137000,
     InStorePurchase,      24916,          0,          0,          0,      24204,      26163,      300,     1000,     1500,     1600,     2200,   137000,
      OnlinePurchase,      17423,          0,          0,          0,      16801,      18267,      300,     1000,     1400,     1600,     2000,   136000,
        InstPurchase,       4976,          0,          0,          0,       4707,       5226,      400,     1000,     1500,     1700,     2200,   136000,
          AssocOfCat,         49,          0,          0,          0,         47,         52,    17000,    23000,    26700,    33850,    47000,    47000,
      AssocOfProduct,        499,          0,          0,          0,        401,        486,      400,     1300,     1600,     1700,     2052,   137000,
      BusinessReport,        127,          0,          0,          0,         92,        127,    18300,    27000,    31000,    34000,   116440,   145000,
          CustBuyBeh,        496,          0,          0,          0,        395,        490,      200,      700,     1200,     1400,     1700,     4600,
       ProductReturn,       1320,          0,          0,          0,       1168,       1364,      200,      700,     1300,     1400,     1700,   120000,

  1012s: ( 7%)   IR =    969 ....|...........[1028.822s][info][gc,start       ] GC(179) Pause Young (Prepare Mixed) (G1 Evacuation Pause)
[1028.822s][info][gc,task        ] GC(179) Using 6 workers of 6 for evacuation
[1028.939s][info][gc,phases      ] GC(179)   Pre Evacuate Collection Set: 0.38ms
[1028.939s][info][gc,phases      ] GC(179)   Merge Heap Roots: 0.62ms
[1028.939s][info][gc,phases      ] GC(179)   Evacuate Collection Set: 114.87ms
[1028.939s][info][gc,phases      ] GC(179)   Post Evacuate Collection Set: 0.97ms
[1028.939s][info][gc,phases      ] GC(179)   Other: 0.11ms
[1028.939s][info][gc,heap        ] GC(179) Eden regions: 1119->0(1119)
[1028.939s][info][gc,heap        ] GC(179) Survivor regions: 109->109(154)
[1028.939s][info][gc,heap        ] GC(179) Old regions: 497->528
[1028.939s][info][gc,heap        ] GC(179) Humongous regions: 77->77
[1028.939s][info][gc,metaspace   ] GC(179) Metaspace: 28919K(29184K)->28919K(29184K) NonClass: 24035K(24128K)->24035K(24128K) Class: 4883K(5056K)->4883K(5056K)
[1028.939s][info][gc             ] GC(179) Pause Young (Prepare Mixed) (G1 Evacuation Pause) 3601M->1427M(4096M) 117.094ms
[1028.939s][info][gc,cpu         ] GC(179) User=0.70s Sys=0.00s Real=0.12s
....................[1048.519s][info][gc,start       ] GC(180) Pause Young (Mixed) (G1 Evacuation Pause)
[1048.519s][info][gc,task        ] GC(180) Using 6 workers of 6 for evacuation
[1048.651s][info][gc,phases      ] GC(180)   Pre Evacuate Collection Set: 0.42ms
[1048.651s][info][gc,phases      ] GC(180)   Merge Heap Roots: 0.66ms
[1048.651s][info][gc,phases      ] GC(180)   Evacuate Collection Set: 129.65ms
[1048.651s][info][gc,phases      ] GC(180)   Post Evacuate Collection Set: 0.97ms
[1048.651s][info][gc,phases      ] GC(180)   Other: 0.09ms
[1048.651s][info][gc,heap        ] GC(180) Eden regions: 1119->0(1118)
[1048.651s][info][gc,heap        ] GC(180) Survivor regions: 109->110(154)
[1048.651s][info][gc,heap        ] GC(180) Old regions: 528->463
[1048.651s][info][gc,heap        ] GC(180) Humongous regions: 77->77
[1048.651s][info][gc,metaspace   ] GC(180) Metaspace: 28919K(29184K)->28919K(29184K) NonClass: 24035K(24128K)->24035K(24128K) Class: 4883K(5056K)->4883K(5056K)
[1048.651s][info][gc             ] GC(180) Pause Young (Mixed) (G1 Evacuation Pause) 3665M->1298M(4096M) 131.930ms
[1048.651s][info][gc,cpu         ] GC(180) User=0.78s Sys=0.00s Real=0.13s
....................[1068.335s][info][gc,start       ] GC(181) Pause Young (Concurrent Start) (G1 Evacuation Pause)
[1068.335s][info][gc,task        ] GC(181) Using 6 workers of 6 for evacuation
[1068.453s][info][gc,phases      ] GC(181)   Pre Evacuate Collection Set: 0.43ms
[1068.453s][info][gc,phases      ] GC(181)   Merge Heap Roots: 0.50ms
[1068.453s][info][gc,phases      ] GC(181)   Evacuate Collection Set: 115.82ms
[1068.453s][info][gc,phases      ] GC(181)   Post Evacuate Collection Set: 0.92ms
[1068.453s][info][gc,phases      ] GC(181)   Other: 0.11ms
[1068.453s][info][gc,heap        ] GC(181) Eden regions: 1118->0(1118)
[1068.453s][info][gc,heap        ] GC(181) Survivor regions: 110->110(154)
[1068.453s][info][gc,heap        ] GC(181) Old regions: 463->496
[1068.453s][info][gc,heap        ] GC(181) Humongous regions: 77->77
[1068.453s][info][gc,metaspace   ] GC(181) Metaspace: 28919K(29184K)->28919K(29184K) NonClass: 24035K(24128K)->24035K(24128K) Class: 4883K(5056K)->4883K(5056K)
[1068.453s][info][gc             ] GC(181) Pause Young (Concurrent Start) (G1 Evacuation Pause) 3534M->1363M(4096M) 117.918ms
[1068.453s][info][gc             ] GC(182) Concurrent Mark Cycle
[1068.453s][info][gc,marking     ] GC(182) Concurrent Scan Root Regions
[1068.453s][info][gc,cpu         ] GC(181) User=0.70s Sys=0.01s Real=0.11s
[1068.563s][info][gc,marking     ] GC(182) Concurrent Scan Root Regions 110.787ms
[1068.563s][info][gc,marking     ] GC(182) Concurrent Mark
[1068.563s][info][gc,marking     ] GC(182) Concurrent Mark From Roots
[1068.563s][info][gc,task        ] GC(182) Using 2 workers of 2 for marking
.[1069.065s][info][gc,marking     ] GC(182) Concurrent Mark From Roots 501.483ms
[1069.065s][info][gc,marking     ] GC(182) Concurrent Preclean
[1069.065s][info][gc,marking     ] GC(182) Concurrent Preclean 0.054ms
[1069.065s][info][gc,start       ] GC(182) Pause Remark
[1069.068s][info][gc             ] GC(182) Pause Remark 1456M->1456M(4096M) 2.401ms
[1069.068s][info][gc,cpu         ] GC(182) User=0.01s Sys=0.00s Real=0.00s
[1069.068s][info][gc,marking     ] GC(182) Concurrent Mark 504.184ms
[1069.068s][info][gc,marking     ] GC(182) Concurrent Rebuild Remembered Sets and Scrub Regions
[1069.274s][info][gc,marking     ] GC(182) Concurrent Rebuild Remembered Sets and Scrub Regions 205.900ms
[1069.274s][info][gc,start       ] GC(182) Pause Cleanup
[1069.274s][info][gc             ] GC(182) Pause Cleanup 1491M->1491M(4096M) 0.120ms
[1069.274s][info][gc,cpu         ] GC(182) User=0.00s Sys=0.00s Real=0.00s
[1069.274s][info][gc,marking     ] GC(182) Concurrent Clear Claimed Marks
[1069.274s][info][gc,marking     ] GC(182) Concurrent Clear Claimed Marks 0.029ms
[1069.274s][info][gc,marking     ] GC(182) Concurrent Cleanup for Next Mark
[1069.277s][info][gc,marking     ] GC(182) Concurrent Cleanup for Next Mark 3.280ms
[1069.277s][info][gc             ] GC(182) Concurrent Mark Cycle 824.653ms
........ (rIR:aIR:PR = 969:969:969) (tPR = 14394) [OK] 
  1076s: Performance info:
         Transaction,    Success,    Partial,     Failed,   Receipts, AvgBarcode, 
             Overall,      58301,          0,          0,      55386,      59.47, 
         Response times:
             Request,    Success,    Partial,     Failed,   SkipFail,     Probes,    Samples,      min,      p50,      p90,      p95,      p99,      max, 
       TotalPurchase,      55386,          0,          0,          0,      53445,      58398,      300,     1100,     1600,     1700,     2300,   135000,
     InStorePurchase,      29150,          0,          0,          0,      28256,      30776,      300,     1100,     1600,     1800,     2300,   135000,
      OnlinePurchase,      20401,          0,          0,          0,      19737,      21547,      300,     1100,     1600,     1700,     2200,   134000,
        InstPurchase,       5835,          0,          0,          0,       5452,       6075,      400,     1000,     1600,     1700,     2200,   119000,
          AssocOfCat,         60,          0,          0,          0,         56,         61,    16200,    23000,    26000,    30700,    34000,    34000,
      AssocOfProduct,        584,          0,          0,          0,        482,        609,      600,     1300,     1700,     1900,     2870,   119000,
      BusinessReport,        144,          0,          0,          0,        104,        151,    17900,    25000,    30000,    32800,   100960,   167000,
          CustBuyBeh,        583,          0,          0,          0,        481,        592,      200,      900,     1600,     1700,     2107,     8000,
       ProductReturn,       1544,          0,          0,          0,       1387,       1616,      200,     1200,     1600,     1700,     2300,   119000,

  1076s: ( 8%)   IR =   1107 ....|.....[1086.709s][info][gc,start       ] GC(183) Pause Young (Prepare Mixed) (G1 Evacuation Pause)
[1086.709s][info][gc,task        ] GC(183) Using 6 workers of 6 for evacuation
[1086.826s][info][gc,phases      ] GC(183)   Pre Evacuate Collection Set: 0.36ms
[1086.826s][info][gc,phases      ] GC(183)   Merge Heap Roots: 0.55ms
[1086.826s][info][gc,phases      ] GC(183)   Evacuate Collection Set: 115.25ms
[1086.826s][info][gc,phases      ] GC(183)   Post Evacuate Collection Set: 0.96ms
[1086.826s][info][gc,phases      ] GC(183)   Other: 0.10ms
[1086.826s][info][gc,heap        ] GC(183) Eden regions: 1118->0(1119)
[1086.826s][info][gc,heap        ] GC(183) Survivor regions: 110->109(154)
[1086.826s][info][gc,heap        ] GC(183) Old regions: 496->528
[1086.826s][info][gc,heap        ] GC(183) Humongous regions: 77->77
[1086.826s][info][gc,metaspace   ] GC(183) Metaspace: 28920K(29184K)->28920K(29184K) NonClass: 24036K(24128K)->24036K(24128K) Class: 4883K(5056K)->4883K(5056K)
[1086.826s][info][gc             ] GC(183) Pause Young (Prepare Mixed) (G1 Evacuation Pause) 3599M->1426M(4096M) 117.382ms
[1086.826s][info][gc,cpu         ] GC(183) User=0.69s Sys=0.00s Real=0.12s
..................[1104.139s][info][gc,start       ] GC(184) Pause Young (Mixed) (G1 Evacuation Pause)
[1104.139s][info][gc,task        ] GC(184) Using 6 workers of 6 for evacuation
[1104.277s][info][gc,phases      ] GC(184)   Pre Evacuate Collection Set: 0.40ms
[1104.277s][info][gc,phases      ] GC(184)   Merge Heap Roots: 0.76ms
[1104.277s][info][gc,phases      ] GC(184)   Evacuate Collection Set: 135.81ms
[1104.278s][info][gc,phases      ] GC(184)   Post Evacuate Collection Set: 0.95ms
[1104.278s][info][gc,phases      ] GC(184)   Other: 0.09ms
[1104.278s][info][gc,heap        ] GC(184) Eden regions: 1119->0(1116)
[1104.278s][info][gc,heap        ] GC(184) Survivor regions: 109->112(154)
[1104.278s][info][gc,heap        ] GC(184) Old regions: 528->465
[1104.278s][info][gc,heap        ] GC(184) Humongous regions: 77->77
[1104.278s][info][gc,metaspace   ] GC(184) Metaspace: 28920K(29184K)->28920K(29184K) NonClass: 24036K(24128K)->24036K(24128K) Class: 4883K(5056K)->4883K(5056K)
[1104.278s][info][gc             ] GC(184) Pause Young (Mixed) (G1 Evacuation Pause) 3664M->1306M(4096M) 138.135ms
[1104.278s][info][gc,cpu         ] GC(184) User=0.82s Sys=0.00s Real=0.14s
.................[1121.469s][info][gc,start       ] GC(185) Pause Young (Concurrent Start) (G1 Evacuation Pause)
[1121.469s][info][gc,task        ] GC(185) Using 6 workers of 6 for evacuation
[1121.586s][info][gc,phases      ] GC(185)   Pre Evacuate Collection Set: 0.44ms
[1121.586s][info][gc,phases      ] GC(185)   Merge Heap Roots: 0.48ms
[1121.586s][info][gc,phases      ] GC(185)   Evacuate Collection Set: 114.76ms
[1121.586s][info][gc,phases      ] GC(185)   Post Evacuate Collection Set: 0.91ms
[1121.586s][info][gc,phases      ] GC(185)   Other: 0.13ms
[1121.586s][info][gc,heap        ] GC(185) Eden regions: 1116->0(1120)
[1121.586s][info][gc,heap        ] GC(185) Survivor regions: 112->108(154)
[1121.586s][info][gc,heap        ] GC(185) Old regions: 465->497
[1121.586s][info][gc,heap        ] GC(185) Humongous regions: 77->77
[1121.586s][info][gc,metaspace   ] GC(185) Metaspace: 28920K(29184K)->28920K(29184K) NonClass: 24036K(24128K)->24036K(24128K) Class: 4883K(5056K)->4883K(5056K)
[1121.586s][info][gc             ] GC(185) Pause Young (Concurrent Start) (G1 Evacuation Pause) 3538M->1363M(4096M) 116.879ms
[1121.586s][info][gc             ] GC(186) Concurrent Mark Cycle
[1121.586s][info][gc,marking     ] GC(186) Concurrent Scan Root Regions
[1121.586s][info][gc,cpu         ] GC(185) User=0.69s Sys=0.00s Real=0.12s
[1121.701s][info][gc,marking     ] GC(186) Concurrent Scan Root Regions 115.027ms
[1121.701s][info][gc,marking     ] GC(186) Concurrent Mark
[1121.701s][info][gc,marking     ] GC(186) Concurrent Mark From Roots
[1121.701s][info][gc,task        ] GC(186) Using 2 workers of 2 for marking
.[1122.219s][info][gc,marking     ] GC(186) Concurrent Mark From Roots 517.714ms
[1122.219s][info][gc,marking     ] GC(186) Concurrent Preclean
[1122.219s][info][gc,marking     ] GC(186) Concurrent Preclean 0.070ms
[1122.219s][info][gc,start       ] GC(186) Pause Remark
[1122.222s][info][gc             ] GC(186) Pause Remark 1473M->1473M(4096M) 2.492ms
[1122.222s][info][gc,cpu         ] GC(186) User=0.02s Sys=0.00s Real=0.00s
[1122.222s][info][gc,marking     ] GC(186) Concurrent Mark 520.567ms
[1122.222s][info][gc,marking     ] GC(186) Concurrent Rebuild Remembered Sets and Scrub Regions
[1122.418s][info][gc,marking     ] GC(186) Concurrent Rebuild Remembered Sets and Scrub Regions 196.320ms
[1122.418s][info][gc,start       ] GC(186) Pause Cleanup
[1122.418s][info][gc             ] GC(186) Pause Cleanup 1493M->1493M(4096M) 0.124ms
[1122.418s][info][gc,cpu         ] GC(186) User=0.00s Sys=0.00s Real=0.00s
[1122.418s][info][gc,marking     ] GC(186) Concurrent Clear Claimed Marks
[1122.418s][info][gc,marking     ] GC(186) Concurrent Clear Claimed Marks 0.031ms
[1122.418s][info][gc,marking     ] GC(186) Concurrent Cleanup for Next Mark
[1122.422s][info][gc,marking     ] GC(186) Concurrent Cleanup for Next Mark 3.246ms
[1122.422s][info][gc             ] GC(186) Concurrent Mark Cycle 835.651ms
................[1138.777s][info][gc,start       ] GC(187) Pause Young (Prepare Mixed) (G1 Evacuation Pause)
[1138.777s][info][gc,task        ] GC(187) Using 6 workers of 6 for evacuation
[1138.894s][info][gc,phases      ] GC(187)   Pre Evacuate Collection Set: 0.37ms
[1138.894s][info][gc,phases      ] GC(187)   Merge Heap Roots: 0.57ms
[1138.894s][info][gc,phases      ] GC(187)   Evacuate Collection Set: 115.35ms
[1138.894s][info][gc,phases      ] GC(187)   Post Evacuate Collection Set: 0.95ms
[1138.894s][info][gc,phases      ] GC(187)   Other: 0.10ms
[1138.894s][info][gc,heap        ] GC(187) Eden regions: 1120->0(1120)
[1138.894s][info][gc,heap        ] GC(187) Survivor regions: 108->108(154)
[1138.894s][info][gc,heap        ] GC(187) Old regions: 497->529
[1138.894s][info][gc,heap        ] GC(187) Humongous regions: 77->77
[1138.894s][info][gc,metaspace   ] GC(187) Metaspace: 28920K(29184K)->28920K(29184K) NonClass: 24036K(24128K)->24036K(24128K) Class: 4883K(5056K)->4883K(5056K)
[1138.894s][info][gc             ] GC(187) Pause Young (Prepare Mixed) (G1 Evacuation Pause) 3603M->1426M(4096M) 117.490ms
[1138.895s][info][gc,cpu         ] GC(187) User=0.69s Sys=0.00s Real=0.12s
... (rIR:aIR:PR = 1107:1108:1108) (tPR = 16514) [OK] 
  1140s: Performance info:
         Transaction,    Success,    Partial,     Failed,   Receipts, AvgBarcode, 
             Overall,      66507,          0,          0,      63182,      59.46, 
         Response times:
             Request,    Success,    Partial,     Failed,   SkipFail,     Probes,    Samples,      min,      p50,      p90,      p95,      p99,      max, 
       TotalPurchase,      63182,          0,          0,          0,      61034,      66290,      300,     1200,     1800,     2000,     2900,   142000,
     InStorePurchase,      33248,          0,          0,          0,      32320,      34950,      300,     1200,     1800,     2000,     2800,   141000,
      OnlinePurchase,      23268,          0,          0,          0,      22487,      24442,      300,     1300,     1800,     2000,     3057,   142000,
        InstPurchase,       6666,          0,          0,          0,       6227,       6898,      400,     1200,     1900,     2000,     2900,   122000,
          AssocOfCat,         67,          0,          0,          0,         59,         70,    17300,    23000,    27900,    33800,    57000,    57000,
      AssocOfProduct,        666,          0,          0,          0,        552,        684,      500,     1600,     2100,     2300,     4350,     9200,
      BusinessReport,        166,          0,          0,          0,        113,        152,    18000,    26500,    31700,    33350,   101220,   168000,
          CustBuyBeh,        662,          0,          0,          0,        584,        740,      200,      800,     1500,     1700,     3500,    18200,
       ProductReturn,       1764,          0,          0,          0,       1585,       1815,      200,      600,     1200,     1500,     2000,   120000,

  1140s: ( 9%)   IR =   1245 ....|.........[1154.480s][info][gc,start       ] GC(188) Pause Young (Mixed) (G1 Evacuation Pause)
[1154.480s][info][gc,task        ] GC(188) Using 6 workers of 6 for evacuation
[1154.612s][info][gc,phases      ] GC(188)   Pre Evacuate Collection Set: 0.41ms
[1154.612s][info][gc,phases      ] GC(188)   Merge Heap Roots: 0.66ms
[1154.612s][info][gc,phases      ] GC(188)   Evacuate Collection Set: 130.06ms
[1154.612s][info][gc,phases      ] GC(188)   Post Evacuate Collection Set: 0.99ms
[1154.612s][info][gc,phases      ] GC(188)   Other: 0.10ms
[1154.612s][info][gc,heap        ] GC(188) Eden regions: 1120->0(1118)
[1154.612s][info][gc,heap        ] GC(188) Survivor regions: 108->110(154)
[1154.612s][info][gc,heap        ] GC(188) Old regions: 529->465
[1154.612s][info][gc,heap        ] GC(188) Humongous regions: 77->77
[1154.612s][info][gc,metaspace   ] GC(188) Metaspace: 28922K(29184K)->28922K(29184K) NonClass: 24039K(24128K)->24039K(24128K) Class: 4883K(5056K)->4883K(5056K)
[1154.612s][info][gc             ] GC(188) Pause Young (Mixed) (G1 Evacuation Pause) 3666M->1302M(4096M) 132.355ms
[1154.612s][info][gc,cpu         ] GC(188) User=0.78s Sys=0.00s Real=0.13s
...............[1169.736s][info][gc,start       ] GC(189) Pause Young (Concurrent Start) (G1 Evacuation Pause)
[1169.736s][info][gc,task        ] GC(189) Using 6 workers of 6 for evacuation
[1169.853s][info][gc,phases      ] GC(189)   Pre Evacuate Collection Set: 0.40ms
[1169.853s][info][gc,phases      ] GC(189)   Merge Heap Roots: 0.50ms
[1169.853s][info][gc,phases      ] GC(189)   Evacuate Collection Set: 114.83ms
[1169.853s][info][gc,phases      ] GC(189)   Post Evacuate Collection Set: 0.91ms
[1169.853s][info][gc,phases      ] GC(189)   Other: 0.11ms
[1169.853s][info][gc,heap        ] GC(189) Eden regions: 1118->0(1119)
[1169.853s][info][gc,heap        ] GC(189) Survivor regions: 110->109(154)
[1169.853s][info][gc,heap        ] GC(189) Old regions: 465->497
[1169.853s][info][gc,heap        ] GC(189) Humongous regions: 77->77
[1169.853s][info][gc,metaspace   ] GC(189) Metaspace: 28922K(29184K)->28922K(29184K) NonClass: 24039K(24128K)->24039K(24128K) Class: 4883K(5056K)->4883K(5056K)
[1169.853s][info][gc             ] GC(189) Pause Young (Concurrent Start) (G1 Evacuation Pause) 3538M->1363M(4096M) 116.879ms
[1169.853s][info][gc             ] GC(190) Concurrent Mark Cycle
[1169.853s][info][gc,marking     ] GC(190) Concurrent Scan Root Regions
[1169.853s][info][gc,cpu         ] GC(189) User=0.69s Sys=0.00s Real=0.11s
[1169.963s][info][gc,marking     ] GC(190) Concurrent Scan Root Regions 110.049ms
[1169.963s][info][gc,marking     ] GC(190) Concurrent Mark
[1169.963s][info][gc,marking     ] GC(190) Concurrent Mark From Roots
[1169.963s][info][gc,task        ] GC(190) Using 2 workers of 2 for marking
.[1170.471s][info][gc,marking     ] GC(190) Concurrent Mark From Roots 508.259ms
[1170.471s][info][gc,marking     ] GC(190) Concurrent Preclean
[1170.471s][info][gc,marking     ] GC(190) Concurrent Preclean 0.060ms
[1170.471s][info][gc,start       ] GC(190) Pause Remark
[1170.474s][info][gc             ] GC(190) Pause Remark 1463M->1463M(4096M) 2.713ms
[1170.474s][info][gc,cpu         ] GC(190) User=0.02s Sys=0.00s Real=0.01s
[1170.474s][info][gc,marking     ] GC(190) Concurrent Mark 511.284ms
[1170.474s][info][gc,marking     ] GC(190) Concurrent Rebuild Remembered Sets and Scrub Regions
[1170.673s][info][gc,marking     ] GC(190) Concurrent Rebuild Remembered Sets and Scrub Regions 198.843ms
[1170.673s][info][gc,start       ] GC(190) Pause Cleanup
[1170.673s][info][gc             ] GC(190) Pause Cleanup 1497M->1497M(4096M) 0.119ms
[1170.673s][info][gc,cpu         ] GC(190) User=0.00s Sys=0.00s Real=0.00s
[1170.673s][info][gc,marking     ] GC(190) Concurrent Clear Claimed Marks
[1170.673s][info][gc,marking     ] GC(190) Concurrent Clear Claimed Marks 0.033ms
[1170.673s][info][gc,marking     ] GC(190) Concurrent Cleanup for Next Mark
[1170.677s][info][gc,marking     ] GC(190) Concurrent Cleanup for Next Mark 3.272ms
[1170.677s][info][gc             ] GC(190) Concurrent Mark Cycle 823.927ms
...............[1185.117s][info][gc,start       ] GC(191) Pause Young (Prepare Mixed) (G1 Evacuation Pause)
[1185.117s][info][gc,task        ] GC(191) Using 6 workers of 6 for evacuation
[1185.234s][info][gc,phases      ] GC(191)   Pre Evacuate Collection Set: 0.40ms
[1185.234s][info][gc,phases      ] GC(191)   Merge Heap Roots: 0.57ms
[1185.234s][info][gc,phases      ] GC(191)   Evacuate Collection Set: 115.25ms
[1185.234s][info][gc,phases      ] GC(191)   Post Evacuate Collection Set: 0.98ms
[1185.234s][info][gc,phases      ] GC(191)   Other: 0.11ms
[1185.234s][info][gc,heap        ] GC(191) Eden regions: 1119->0(1120)
[1185.234s][info][gc,heap        ] GC(191) Survivor regions: 109->108(154)
[1185.235s][info][gc,heap        ] GC(191) Old regions: 497->529
[1185.235s][info][gc,heap        ] GC(191) Humongous regions: 77->77
[1185.235s][info][gc,metaspace   ] GC(191) Metaspace: 28922K(29184K)->28922K(29184K) NonClass: 24039K(24128K)->24039K(24128K) Class: 4883K(5056K)->4883K(5056K)
[1185.235s][info][gc             ] GC(191) Pause Young (Prepare Mixed) (G1 Evacuation Pause) 3601M->1427M(4096M) 117.459ms
[1185.235s][info][gc,cpu         ] GC(191) User=0.69s Sys=0.00s Real=0.12s
...............[1200.403s][info][gc,start       ] GC(192) Pause Young (Mixed) (G1 Evacuation Pause)
[1200.403s][info][gc,task        ] GC(192) Using 6 workers of 6 for evacuation
[1200.532s][info][gc,phases      ] GC(192)   Pre Evacuate Collection Set: 0.37ms
[1200.532s][info][gc,phases      ] GC(192)   Merge Heap Roots: 0.65ms
[1200.532s][info][gc,phases      ] GC(192)   Evacuate Collection Set: 127.26ms
[1200.532s][info][gc,phases      ] GC(192)   Post Evacuate Collection Set: 0.96ms
[1200.532s][info][gc,phases      ] GC(192)   Other: 0.09ms
[1200.532s][info][gc,heap        ] GC(192) Eden regions: 1120->0(1119)
[1200.532s][info][gc,heap        ] GC(192) Survivor regions: 108->109(154)
[1200.532s][info][gc,heap        ] GC(192) Old regions: 529->465
[1200.532s][info][gc,heap        ] GC(192) Humongous regions: 77->77
[1200.532s][info][gc,metaspace   ] GC(192) Metaspace: 28922K(29184K)->28922K(29184K) NonClass: 24039K(24128K)->24039K(24128K) Class: 4883K(5056K)->4883K(5056K)
[1200.533s][info][gc             ] GC(192) Pause Young (Mixed) (G1 Evacuation Pause) 3667M->1299M(4096M) 129.465ms
[1200.533s][info][gc,cpu         ] GC(192) User=0.77s Sys=0.00s Real=0.12s
..... (rIR:aIR:PR = 1245:1245:1245) (tPR = 18688) [OK] 
  1204s: Performance info:
         Transaction,    Success,    Partial,     Failed,   Receipts, AvgBarcode, 
             Overall,      74752,          0,          0,      71023,      59.47, 
         Response times:
             Request,    Success,    Partial,     Failed,   SkipFail,     Probes,    Samples,      min,      p50,      p90,      p95,      p99,      max, 
       TotalPurchase,      71023,          0,          0,          0,      68880,      74526,      300,     1300,     2000,     2100,     3100,   134000,
     InStorePurchase,      37384,          0,          0,          0,      36395,      39329,      400,     1300,     2000,     2100,     3200,   134000,
      OnlinePurchase,      26173,          0,          0,          0,      25387,      27372,      300,     1300,     1900,     2100,     3100,   134000,
        InstPurchase,       7466,          0,          0,          0,       7098,       7825,      400,     1300,     2000,     2200,     3100,   134000,
          AssocOfCat,         75,          0,          0,          0,         75,         79,    17500,    23000,    26000,    27000,   158000,   158000,
      AssocOfProduct,        747,          0,          0,          0,        638,        806,      500,     1400,     2000,     2200,     2693,   120000,
      BusinessReport,        185,          0,          0,          0,        139,        187,    18400,    27000,    32000,    34600,   147440,   158000,
          CustBuyBeh,        745,          0,          0,          0,        667,        798,      200,      800,     1400,     1605,     3801,     6400,
       ProductReturn,       1977,          0,          0,          0,       1814,       2147,      200,     1200,     1900,     2000,     3708,   120000,

  1204s: (10%)   IR =   1384 ......|...[1214.934s][info][gc,start       ] GC(193) Pause Young (Concurrent Start) (G1 Evacuation Pause)
[1214.934s][info][gc,task        ] GC(193) Using 6 workers of 6 for evacuation
[1215.050s][info][gc,phases      ] GC(193)   Pre Evacuate Collection Set: 0.40ms
[1215.051s][info][gc,phases      ] GC(193)   Merge Heap Roots: 0.50ms
[1215.051s][info][gc,phases      ] GC(193)   Evacuate Collection Set: 114.53ms
[1215.051s][info][gc,phases      ] GC(193)   Post Evacuate Collection Set: 0.93ms
[1215.051s][info][gc,phases      ] GC(193)   Other: 0.10ms
[1215.051s][info][gc,heap        ] GC(193) Eden regions: 1119->0(1118)
[1215.051s][info][gc,heap        ] GC(193) Survivor regions: 109->110(154)
[1215.051s][info][gc,heap        ] GC(193) Old regions: 465->497
[1215.051s][info][gc,heap        ] GC(193) Humongous regions: 77->77
[1215.051s][info][gc,metaspace   ] GC(193) Metaspace: 28922K(29184K)->28922K(29184K) NonClass: 24039K(24128K)->24039K(24128K) Class: 4883K(5056K)->4883K(5056K)
[1215.051s][info][gc             ] GC(193) Pause Young (Concurrent Start) (G1 Evacuation Pause) 3537M->1366M(4096M) 116.581ms
[1215.051s][info][gc             ] GC(194) Concurrent Mark Cycle
[1215.051s][info][gc,marking     ] GC(194) Concurrent Scan Root Regions
[1215.051s][info][gc,cpu         ] GC(193) User=0.69s Sys=0.01s Real=0.11s
.[1215.216s][info][gc,marking     ] GC(194) Concurrent Scan Root Regions 164.935ms
[1215.216s][info][gc,marking     ] GC(194) Concurrent Mark
[1215.216s][info][gc,marking     ] GC(194) Concurrent Mark From Roots
[1215.216s][info][gc,task        ] GC(194) Using 2 workers of 2 for marking
.[1216.082s][info][gc,marking     ] GC(194) Concurrent Mark From Roots 866.712ms
[1216.082s][info][gc,marking     ] GC(194) Concurrent Preclean
[1216.082s][info][gc,marking     ] GC(194) Concurrent Preclean 0.061ms
[1216.083s][info][gc,start       ] GC(194) Pause Remark
[1216.085s][info][gc             ] GC(194) Pause Remark 1538M->1538M(4096M) 2.786ms
[1216.085s][info][gc,cpu         ] GC(194) User=0.01s Sys=0.00s Real=0.01s
[1216.085s][info][gc,marking     ] GC(194) Concurrent Mark 869.818ms
[1216.085s][info][gc,marking     ] GC(194) Concurrent Rebuild Remembered Sets and Scrub Regions
[1216.461s][info][gc,marking     ] GC(194) Concurrent Rebuild Remembered Sets and Scrub Regions 376.049ms
[1216.462s][info][gc,start       ] GC(194) Pause Cleanup
[1216.462s][info][gc             ] GC(194) Pause Cleanup 1595M->1595M(4096M) 0.118ms
[1216.462s][info][gc,cpu         ] GC(194) User=0.00s Sys=0.00s Real=0.00s
[1216.462s][info][gc,marking     ] GC(194) Concurrent Clear Claimed Marks
[1216.462s][info][gc,marking     ] GC(194) Concurrent Clear Claimed Marks 0.031ms
[1216.462s][info][gc,marking     ] GC(194) Concurrent Cleanup for Next Mark
[1216.466s][info][gc,marking     ] GC(194) Concurrent Cleanup for Next Mark 3.948ms
[1216.466s][info][gc             ] GC(194) Concurrent Mark Cycle 1415.251ms
............[1228.749s][info][gc,start       ] GC(195) Pause Young (Prepare Mixed) (G1 Evacuation Pause)
[1228.749s][info][gc,task        ] GC(195) Using 6 workers of 6 for evacuation
[1228.866s][info][gc,phases      ] GC(195)   Pre Evacuate Collection Set: 0.36ms
[1228.866s][info][gc,phases      ] GC(195)   Merge Heap Roots: 0.53ms
[1228.866s][info][gc,phases      ] GC(195)   Evacuate Collection Set: 115.64ms
[1228.866s][info][gc,phases      ] GC(195)   Post Evacuate Collection Set: 0.98ms
[1228.866s][info][gc,phases      ] GC(195)   Other: 0.08ms
[1228.866s][info][gc,heap        ] GC(195) Eden regions: 1118->0(1119)
[1228.866s][info][gc,heap        ] GC(195) Survivor regions: 110->109(154)
[1228.866s][info][gc,heap        ] GC(195) Old regions: 497->529
[1228.866s][info][gc,heap        ] GC(195) Humongous regions: 77->77
[1228.866s][info][gc,metaspace   ] GC(195) Metaspace: 28922K(29184K)->28922K(29184K) NonClass: 24039K(24128K)->24039K(24128K) Class: 4883K(5056K)->4883K(5056K)
[1228.866s][info][gc             ] GC(195) Pause Young (Prepare Mixed) (G1 Evacuation Pause) 3602M->1428M(4096M) 117.730ms
[1228.866s][info][gc,cpu         ] GC(195) User=0.70s Sys=0.00s Real=0.12s
..............[1242.554s][info][gc,start       ] GC(196) Pause Young (Mixed) (G1 Evacuation Pause)
[1242.554s][info][gc,task        ] GC(196) Using 6 workers of 6 for evacuation
[1242.688s][info][gc,phases      ] GC(196)   Pre Evacuate Collection Set: 0.41ms
[1242.688s][info][gc,phases      ] GC(196)   Merge Heap Roots: 0.76ms
[1242.688s][info][gc,phases      ] GC(196)   Evacuate Collection Set: 131.92ms
[1242.689s][info][gc,phases      ] GC(196)   Post Evacuate Collection Set: 0.99ms
[1242.689s][info][gc,phases      ] GC(196)   Other: 0.09ms
[1242.689s][info][gc,heap        ] GC(196) Eden regions: 1119->0(1117)
[1242.689s][info][gc,heap        ] GC(196) Survivor regions: 109->111(154)
[1242.689s][info][gc,heap        ] GC(196) Old regions: 529->467
[1242.689s][info][gc,heap        ] GC(196) Humongous regions: 77->77
[1242.689s][info][gc,metaspace   ] GC(196) Metaspace: 28923K(29184K)->28923K(29184K) NonClass: 24039K(24128K)->24039K(24128K) Class: 4883K(5056K)->4883K(5056K)
[1242.689s][info][gc             ] GC(196) Pause Young (Mixed) (G1 Evacuation Pause) 3666M->1308M(4096M) 134.319ms
[1242.689s][info][gc,cpu         ] GC(196) User=0.79s Sys=0.00s Real=0.13s
..............[1256.366s][info][gc,start       ] GC(197) Pause Young (Concurrent Start) (G1 Evacuation Pause)
[1256.366s][info][gc,task        ] GC(197) Using 6 workers of 6 for evacuation
[1256.482s][info][gc,phases      ] GC(197)   Pre Evacuate Collection Set: 0.40ms
[1256.483s][info][gc,phases      ] GC(197)   Merge Heap Roots: 0.51ms
[1256.483s][info][gc,phases      ] GC(197)   Evacuate Collection Set: 114.27ms
[1256.483s][info][gc,phases      ] GC(197)   Post Evacuate Collection Set: 0.92ms
[1256.483s][info][gc,phases      ] GC(197)   Other: 0.12ms
[1256.483s][info][gc,heap        ] GC(197) Eden regions: 1117->0(1120)
[1256.483s][info][gc,heap        ] GC(197) Survivor regions: 111->108(154)
[1256.483s][info][gc,heap        ] GC(197) Old regions: 467->499
[1256.483s][info][gc,heap        ] GC(197) Humongous regions: 77->77
[1256.483s][info][gc,metaspace   ] GC(197) Metaspace: 28923K(29184K)->28923K(29184K) NonClass: 24039K(24128K)->24039K(24128K) Class: 4883K(5056K)->4883K(5056K)
[1256.483s][info][gc             ] GC(197) Pause Young (Concurrent Start) (G1 Evacuation Pause) 3542M->1366M(4096M) 116.356ms
[1256.483s][info][gc             ] GC(198) Concurrent Mark Cycle
[1256.483s][info][gc,marking     ] GC(198) Concurrent Scan Root Regions
[1256.483s][info][gc,cpu         ] GC(197) User=0.69s Sys=0.00s Real=0.11s
[1256.592s][info][gc,marking     ] GC(198) Concurrent Scan Root Regions 109.593ms
[1256.592s][info][gc,marking     ] GC(198) Concurrent Mark
[1256.592s][info][gc,marking     ] GC(198) Concurrent Mark From Roots
[1256.592s][info][gc,task        ] GC(198) Using 2 workers of 2 for marking
.[1257.120s][info][gc,marking     ] GC(198) Concurrent Mark From Roots 527.950ms
[1257.120s][info][gc,marking     ] GC(198) Concurrent Preclean
[1257.120s][info][gc,marking     ] GC(198) Concurrent Preclean 0.046ms
[1257.120s][info][gc,start       ] GC(198) Pause Remark
[1257.123s][info][gc             ] GC(198) Pause Remark 1495M->1495M(4096M) 2.635ms
[1257.123s][info][gc,cpu         ] GC(198) User=0.01s Sys=0.00s Real=0.01s
[1257.123s][info][gc,marking     ] GC(198) Concurrent Mark 530.892ms
[1257.123s][info][gc,marking     ] GC(198) Concurrent Rebuild Remembered Sets and Scrub Regions
[1257.327s][info][gc,marking     ] GC(198) Concurrent Rebuild Remembered Sets and Scrub Regions 203.737ms
[1257.327s][info][gc,start       ] GC(198) Pause Cleanup
[1257.327s][info][gc             ] GC(198) Pause Cleanup 1536M->1536M(4096M) 0.123ms
[1257.327s][info][gc,cpu         ] GC(198) User=0.00s Sys=0.00s Real=0.00s
[1257.327s][info][gc,marking     ] GC(198) Concurrent Clear Claimed Marks
[1257.327s][info][gc,marking     ] GC(198) Concurrent Clear Claimed Marks 0.033ms
[1257.327s][info][gc,marking     ] GC(198) Concurrent Cleanup for Next Mark
[1257.332s][info][gc,marking     ] GC(198) Concurrent Cleanup for Next Mark 4.283ms
[1257.332s][info][gc             ] GC(198) Concurrent Mark Cycle 849.016ms
.............[1270.247s][info][gc,start       ] GC(199) Pause Young (Prepare Mixed) (G1 Evacuation Pause)
[1270.247s][info][gc,task        ] GC(199) Using 6 workers of 6 for evacuation
[1270.364s][info][gc,phases      ] GC(199)   Pre Evacuate Collection Set: 0.35ms
[1270.364s][info][gc,phases      ] GC(199)   Merge Heap Roots: 0.56ms
[1270.364s][info][gc,phases      ] GC(199)   Evacuate Collection Set: 114.90ms
[1270.364s][info][gc,phases      ] GC(199)   Post Evacuate Collection Set: 0.96ms
[1270.364s][info][gc,phases      ] GC(199)   Other: 0.08ms
[1270.364s][info][gc,heap        ] GC(199) Eden regions: 1120->0(1117)
[1270.364s][info][gc,heap        ] GC(199) Survivor regions: 108->110(154)
[1270.364s][info][gc,heap        ] GC(199) Old regions: 499->531
[1270.364s][info][gc,heap        ] GC(199) Humongous regions: 77->77
[1270.364s][info][gc,metaspace   ] GC(199) Metaspace: 28925K(29184K)->28925K(29184K) NonClass: 24042K(24128K)->24042K(24128K) Class: 4883K(5056K)->4883K(5056K)
[1270.364s][info][gc             ] GC(199) Pause Young (Prepare Mixed) (G1 Evacuation Pause) 3606M->1433M(4096M) 116.991ms
[1270.364s][info][gc,cpu         ] GC(199) User=0.69s Sys=0.00s Real=0.12s
. (rIR:aIR:PR = 1384:1383:1383) (tPR = 20894) [OK] 
  1270s: Performance info:
         Transaction,    Success,    Partial,     Failed,   Receipts, AvgBarcode, 
             Overall,      82997,          0,          0,      78845,      59.47, 
         Response times:
             Request,    Success,    Partial,     Failed,   SkipFail,     Probes,    Samples,      min,      p50,      p90,      p95,      p99,      max, 
       TotalPurchase,      78845,          0,          0,          0,      76650,      85871,      300,     1400,     2100,     2300,     3200,   123000,
     InStorePurchase,      41486,          0,          0,          0,      40484,      45069,      300,     1500,     2100,     2400,     3400,   123000,
      OnlinePurchase,      29054,          0,          0,          0,      28214,      31704,      300,     1400,     2100,     2300,     3100,   122000,
        InstPurchase,       8305,          0,          0,          0,       7952,       9098,      400,     1300,     2000,     2200,     2900,   121000,
          AssocOfCat,         83,          0,          0,          0,         79,         90,    16600,    24000,    27000,    32250,   139000,   139000,
      AssocOfProduct,        828,          0,          0,          0,        704,        916,      500,     1700,     2300,     2500,     4681,   120000,
      BusinessReport,        207,          0,          0,          0,        146,        228,    18000,    27000,    32000,    33550,    55810,   165000,
          CustBuyBeh,        831,          0,          0,          0,        730,        957,      500,     1800,     2300,     2600,     3500,    15700,
       ProductReturn,       2204,          0,          0,          0,       2032,       2406,      200,      800,     1500,     1800,     2693,     8800,

  1270s: (11%)   IR =   1522 .....|......[1282.947s][info][gc,start       ] GC(200) Pause Young (Mixed) (G1 Evacuation Pause)
[1282.947s][info][gc,task        ] GC(200) Using 6 workers of 6 for evacuation
[1283.085s][info][gc,phases      ] GC(200)   Pre Evacuate Collection Set: 0.44ms
[1283.085s][info][gc,phases      ] GC(200)   Merge Heap Roots: 0.89ms
[1283.085s][info][gc,phases      ] GC(200)   Evacuate Collection Set: 135.90ms
[1283.085s][info][gc,phases      ] GC(200)   Post Evacuate Collection Set: 0.99ms
[1283.085s][info][gc,phases      ] GC(200)   Other: 0.09ms
[1283.085s][info][gc,heap        ] GC(200) Eden regions: 1117->0(1116)
[1283.085s][info][gc,heap        ] GC(200) Survivor regions: 110->112(154)
[1283.085s][info][gc,heap        ] GC(200) Old regions: 531->466
[1283.085s][info][gc,heap        ] GC(200) Humongous regions: 77->77
[1283.085s][info][gc,metaspace   ] GC(200) Metaspace: 28926K(29184K)->28926K(29184K) NonClass: 24042K(24128K)->24042K(24128K) Class: 4883K(5056K)->4883K(5056K)
[1283.085s][info][gc             ] GC(200) Pause Young (Mixed) (G1 Evacuation Pause) 3667M->1309M(4096M) 138.427ms
[1283.085s][info][gc,cpu         ] GC(200) User=0.81s Sys=0.01s Real=0.14s
.............[1295.440s][info][gc,start       ] GC(201) Pause Young (Concurrent Start) (G1 Evacuation Pause)
[1295.440s][info][gc,task        ] GC(201) Using 6 workers of 6 for evacuation
[1295.557s][info][gc,phases      ] GC(201)   Pre Evacuate Collection Set: 0.43ms
[1295.557s][info][gc,phases      ] GC(201)   Merge Heap Roots: 0.48ms
[1295.557s][info][gc,phases      ] GC(201)   Evacuate Collection Set: 114.98ms
[1295.557s][info][gc,phases      ] GC(201)   Post Evacuate Collection Set: 0.90ms
[1295.557s][info][gc,phases      ] GC(201)   Other: 0.11ms
[1295.557s][info][gc,heap        ] GC(201) Eden regions: 1116->0(1118)
[1295.557s][info][gc,heap        ] GC(201) Survivor regions: 112->110(154)
[1295.557s][info][gc,heap        ] GC(201) Old regions: 466->498
[1295.557s][info][gc,heap        ] GC(201) Humongous regions: 77->77
[1295.557s][info][gc,metaspace   ] GC(201) Metaspace: 28926K(29184K)->28926K(29184K) NonClass: 24043K(24128K)->24043K(24128K) Class: 4883K(5056K)->4883K(5056K)
[1295.557s][info][gc             ] GC(201) Pause Young (Concurrent Start) (G1 Evacuation Pause) 3541M->1367M(4096M) 117.033ms
[1295.557s][info][gc             ] GC(202) Concurrent Mark Cycle
[1295.557s][info][gc,marking     ] GC(202) Concurrent Scan Root Regions
[1295.557s][info][gc,cpu         ] GC(201) User=0.69s Sys=0.00s Real=0.12s
[1295.672s][info][gc,marking     ] GC(202) Concurrent Scan Root Regions 115.306ms
[1295.673s][info][gc,marking     ] GC(202) Concurrent Mark
[1295.673s][info][gc,marking     ] GC(202) Concurrent Mark From Roots
[1295.673s][info][gc,task        ] GC(202) Using 2 workers of 2 for marking
.[1296.195s][info][gc,marking     ] GC(202) Concurrent Mark From Roots 522.596ms
[1296.195s][info][gc,marking     ] GC(202) Concurrent Preclean
[1296.195s][info][gc,marking     ] GC(202) Concurrent Preclean 0.069ms
[1296.195s][info][gc,start       ] GC(202) Pause Remark
[1296.198s][info][gc             ] GC(202) Pause Remark 1494M->1494M(4096M) 2.608ms
[1296.198s][info][gc,cpu         ] GC(202) User=0.01s Sys=0.00s Real=0.00s
[1296.198s][info][gc,marking     ] GC(202) Concurrent Mark 525.540ms
[1296.198s][info][gc,marking     ] GC(202) Concurrent Rebuild Remembered Sets and Scrub Regions
[1296.435s][info][gc,marking     ] GC(202) Concurrent Rebuild Remembered Sets and Scrub Regions 236.512ms
[1296.435s][info][gc,start       ] GC(202) Pause Cleanup
[1296.435s][info][gc             ] GC(202) Pause Cleanup 1553M->1553M(4096M) 0.113ms
[1296.435s][info][gc,cpu         ] GC(202) User=0.00s Sys=0.00s Real=0.00s
[1296.435s][info][gc,marking     ] GC(202) Concurrent Clear Claimed Marks
[1296.435s][info][gc,marking     ] GC(202) Concurrent Clear Claimed Marks 0.029ms
[1296.435s][info][gc,marking     ] GC(202) Concurrent Cleanup for Next Mark
[1296.438s][info][gc,marking     ] GC(202) Concurrent Cleanup for Next Mark 3.248ms
[1296.438s][info][gc             ] GC(202) Concurrent Mark Cycle 881.062ms
...........[1308.056s][info][gc,start       ] GC(203) Pause Young (Prepare Mixed) (G1 Evacuation Pause)
[1308.056s][info][gc,task        ] GC(203) Using 6 workers of 6 for evacuation
[1308.173s][info][gc,phases      ] GC(203)   Pre Evacuate Collection Set: 0.34ms
[1308.174s][info][gc,phases      ] GC(203)   Merge Heap Roots: 0.54ms
[1308.174s][info][gc,phases      ] GC(203)   Evacuate Collection Set: 115.78ms
[1308.174s][info][gc,phases      ] GC(203)   Post Evacuate Collection Set: 0.94ms
[1308.174s][info][gc,phases      ] GC(203)   Other: 0.09ms
[1308.174s][info][gc,heap        ] GC(203) Eden regions: 1118->0(1118)
[1308.174s][info][gc,heap        ] GC(203) Survivor regions: 110->110(154)
[1308.174s][info][gc,heap        ] GC(203) Old regions: 498->530
[1308.174s][info][gc,heap        ] GC(203) Humongous regions: 77->77
[1308.174s][info][gc,metaspace   ] GC(203) Metaspace: 28926K(29184K)->28926K(29184K) NonClass: 24043K(24128K)->24043K(24128K) Class: 4883K(5056K)->4883K(5056K)
[1308.174s][info][gc             ] GC(203) Pause Young (Prepare Mixed) (G1 Evacuation Pause) 3603M->1431M(4096M) 117.822ms
[1308.174s][info][gc,cpu         ] GC(203) User=0.69s Sys=0.00s Real=0.12s
.............[1320.549s][info][gc,start       ] GC(204) Pause Young (Mixed) (G1 Evacuation Pause)
[1320.549s][info][gc,task        ] GC(204) Using 6 workers of 6 for evacuation
[1320.685s][info][gc,phases      ] GC(204)   Pre Evacuate Collection Set: 0.41ms
[1320.685s][info][gc,phases      ] GC(204)   Merge Heap Roots: 0.77ms
[1320.685s][info][gc,phases      ] GC(204)   Evacuate Collection Set: 134.40ms
[1320.685s][info][gc,phases      ] GC(204)   Post Evacuate Collection Set: 0.98ms
[1320.685s][info][gc,phases      ] GC(204)   Other: 0.10ms
[1320.685s][info][gc,heap        ] GC(204) Eden regions: 1118->0(1116)
[1320.685s][info][gc,heap        ] GC(204) Survivor regions: 110->112(154)
[1320.685s][info][gc,heap        ] GC(204) Old regions: 530->467
[1320.685s][info][gc,heap        ] GC(204) Humongous regions: 77->77
[1320.685s][info][gc,metaspace   ] GC(204) Metaspace: 28926K(29184K)->28926K(29184K) NonClass: 24043K(24128K)->24043K(24128K) Class: 4883K(5056K)->4883K(5056K)
[1320.685s][info][gc             ] GC(204) Pause Young (Mixed) (G1 Evacuation Pause) 3667M->1310M(4096M) 136.791ms
[1320.686s][info][gc,cpu         ] GC(204) User=0.81s Sys=0.00s Real=0.14s
............[1333.059s][info][gc,start       ] GC(205) Pause Young (Concurrent Start) (G1 Evacuation Pause)
[1333.059s][info][gc,task        ] GC(205) Using 6 workers of 6 for evacuation
[1333.176s][info][gc,phases      ] GC(205)   Pre Evacuate Collection Set: 0.40ms
[1333.176s][info][gc,phases      ] GC(205)   Merge Heap Roots: 0.49ms
[1333.176s][info][gc,phases      ] GC(205)   Evacuate Collection Set: 114.95ms
[1333.176s][info][gc,phases      ] GC(205)   Post Evacuate Collection Set: 0.93ms
[1333.176s][info][gc,phases      ] GC(205)   Other: 0.11ms
[1333.176s][info][gc,heap        ] GC(205) Eden regions: 1116->0(1119)
[1333.176s][info][gc,heap        ] GC(205) Survivor regions: 112->109(154)
[1333.176s][info][gc,heap        ] GC(205) Old regions: 467->499
[1333.176s][info][gc,heap        ] GC(205) Humongous regions: 77->77
[1333.176s][info][gc,metaspace   ] GC(205) Metaspace: 28926K(29184K)->28926K(29184K) NonClass: 24043K(24128K)->24043K(24128K) Class: 4883K(5056K)->4883K(5056K)
[1333.176s][info][gc             ] GC(205) Pause Young (Concurrent Start) (G1 Evacuation Pause) 3542M->1369M(4096M) 117.026ms
[1333.176s][info][gc             ] GC(206) Concurrent Mark Cycle
[1333.176s][info][gc,marking     ] GC(206) Concurrent Scan Root Regions
[1333.176s][info][gc,cpu         ] GC(205) User=0.69s Sys=0.00s Real=0.12s
.[1333.290s][info][gc,marking     ] GC(206) Concurrent Scan Root Regions 113.752ms
[1333.290s][info][gc,marking     ] GC(206) Concurrent Mark
[1333.290s][info][gc,marking     ] GC(206) Concurrent Mark From Roots
[1333.290s][info][gc,task        ] GC(206) Using 2 workers of 2 for marking
[1333.806s][info][gc,marking     ] GC(206) Concurrent Mark From Roots 516.201ms
[1333.806s][info][gc,marking     ] GC(206) Concurrent Preclean
[1333.806s][info][gc,marking     ] GC(206) Concurrent Preclean 0.054ms
[1333.806s][info][gc,start       ] GC(206) Pause Remark
[1333.809s][info][gc             ] GC(206) Pause Remark 1504M->1504M(4096M) 2.635ms
[1333.809s][info][gc,cpu         ] GC(206) User=0.02s Sys=0.00s Real=0.00s
[1333.809s][info][gc,marking     ] GC(206) Concurrent Mark 519.306ms
[1333.809s][info][gc,marking     ] GC(206) Concurrent Rebuild Remembered Sets and Scrub Regions
[1334.019s][info][gc,marking     ] GC(206) Concurrent Rebuild Remembered Sets and Scrub Regions 209.665ms
[1334.019s][info][gc,start       ] GC(206) Pause Cleanup
[1334.019s][info][gc             ] GC(206) Pause Cleanup 1544M->1544M(4096M) 0.120ms
[1334.019s][info][gc,cpu         ] GC(206) User=0.00s Sys=0.00s Real=0.00s
[1334.019s][info][gc,marking     ] GC(206) Concurrent Clear Claimed Marks
[1334.019s][info][gc,marking     ] GC(206) Concurrent Clear Claimed Marks 0.033ms
[1334.019s][info][gc,marking     ] GC(206) Concurrent Cleanup for Next Mark
[1334.023s][info][gc,marking     ] GC(206) Concurrent Cleanup for Next Mark 3.514ms
[1334.023s][info][gc             ] GC(206) Concurrent Mark Cycle 846.736ms
... (rIR:aIR:PR = 1522:1523:1523) (tPR = 22783) [OK] 
  1336s: Performance info:
         Transaction,    Success,    Partial,     Failed,   Receipts, AvgBarcode, 
             Overall,      91500,          0,          0,      86939,      59.47, 
         Response times:
             Request,    Success,    Partial,     Failed,   SkipFail,     Probes,    Samples,      min,      p50,      p90,      p95,      p99,      max, 
       TotalPurchase,      86939,          0,          0,          0,      84644,      92606,      300,     1500,     2300,     2500,     5100,   146000,
     InStorePurchase,      45786,          0,          0,          0,      44712,      48828,      300,     1500,     2200,     2500,     4771,   120000,
      OnlinePurchase,      31989,          0,          0,          0,      31204,      34120,      300,     1500,     2300,     2500,     4800,   146000,
        InstPurchase,       9164,          0,          0,          0,       8728,       9658,      400,     1800,     2400,     2700,     6800,   121000,
          AssocOfCat,         92,          0,          0,          0,         91,         99,    17100,    23000,    27000,    31000,    42000,    42000,
      AssocOfProduct,        912,          0,          0,          0,        778,        978,      500,     1700,     2300,     2505,     6863,    23000,
      BusinessReport,        228,          0,          0,          0,        163,        243,    18100,    26000,    32000,    35600,    50480,   186000,
          CustBuyBeh,        914,          0,          0,          0,        805,        979,      200,     1400,     2300,     2500,     5660,   120000,
       ProductReturn,       2415,          0,          0,          0,       2225,       2598,      300,     1400,     2200,     2500,     5201,   121000,

  1336s: (12%)   IR =   1660 ....|....[1344.891s][info][gc,start       ] GC(207) Pause Young (Prepare Mixed) (G1 Evacuation Pause)
[1344.891s][info][gc,task        ] GC(207) Using 6 workers of 6 for evacuation
[1345.009s][info][gc,phases      ] GC(207)   Pre Evacuate Collection Set: 0.38ms
[1345.009s][info][gc,phases      ] GC(207)   Merge Heap Roots: 0.56ms
[1345.009s][info][gc,phases      ] GC(207)   Evacuate Collection Set: 116.30ms
[1345.009s][info][gc,phases      ] GC(207)   Post Evacuate Collection Set: 0.96ms
[1345.009s][info][gc,phases      ] GC(207)   Other: 0.09ms
[1345.009s][info][gc,heap        ] GC(207) Eden regions: 1119->0(1118)
[1345.009s][info][gc,heap        ] GC(207) Survivor regions: 109->109(154)
[1345.009s][info][gc,heap        ] GC(207) Old regions: 499->532
[1345.009s][info][gc,heap        ] GC(207) Humongous regions: 77->77
[1345.009s][info][gc,metaspace   ] GC(207) Metaspace: 28926K(29184K)->28926K(29184K) NonClass: 24043K(24128K)->24043K(24128K) Class: 4883K(5056K)->4883K(5056K)
[1345.009s][info][gc             ] GC(207) Pause Young (Prepare Mixed) (G1 Evacuation Pause) 3607M->1434M(4096M) 118.425ms
[1345.009s][info][gc,cpu         ] GC(207) User=0.70s Sys=0.00s Real=0.12s
............[1356.478s][info][gc,start       ] GC(208) Pause Young (Mixed) (G1 Evacuation Pause)
[1356.478s][info][gc,task        ] GC(208) Using 6 workers of 6 for evacuation
[1356.610s][info][gc,phases      ] GC(208)   Pre Evacuate Collection Set: 0.42ms
[1356.610s][info][gc,phases      ] GC(208)   Merge Heap Roots: 0.63ms
[1356.610s][info][gc,phases      ] GC(208)   Evacuate Collection Set: 129.52ms
[1356.610s][info][gc,phases      ] GC(208)   Post Evacuate Collection Set: 0.98ms
[1356.610s][info][gc,phases      ] GC(208)   Other: 0.09ms
[1356.610s][info][gc,heap        ] GC(208) Eden regions: 1118->0(1119)
[1356.610s][info][gc,heap        ] GC(208) Survivor regions: 109->109(154)
[1356.610s][info][gc,heap        ] GC(208) Old regions: 532->468
[1356.610s][info][gc,heap        ] GC(208) Humongous regions: 77->77
[1356.610s][info][gc,metaspace   ] GC(208) Metaspace: 28926K(29184K)->28926K(29184K) NonClass: 24043K(24128K)->24043K(24128K) Class: 4883K(5056K)->4883K(5056K)
[1356.610s][info][gc             ] GC(208) Pause Young (Mixed) (G1 Evacuation Pause) 3670M->1306M(4096M) 131.788ms
[1356.610s][info][gc,cpu         ] GC(208) User=0.78s Sys=0.00s Real=0.13s
...........[1368.080s][info][gc,start       ] GC(209) Pause Young (Concurrent Start) (G1 Evacuation Pause)
[1368.080s][info][gc,task        ] GC(209) Using 6 workers of 6 for evacuation
[1368.198s][info][gc,phases      ] GC(209)   Pre Evacuate Collection Set: 0.44ms
[1368.198s][info][gc,phases      ] GC(209)   Merge Heap Roots: 0.48ms
[1368.198s][info][gc,phases      ] GC(209)   Evacuate Collection Set: 116.27ms
[1368.198s][info][gc,phases      ] GC(209)   Post Evacuate Collection Set: 0.91ms
[1368.198s][info][gc,phases      ] GC(209)   Other: 0.14ms
[1368.198s][info][gc,heap        ] GC(209) Eden regions: 1119->0(1118)
[1368.198s][info][gc,heap        ] GC(209) Survivor regions: 109->110(154)
[1368.198s][info][gc,heap        ] GC(209) Old regions: 468->500
[1368.199s][info][gc,heap        ] GC(209) Humongous regions: 77->77
[1368.199s][info][gc,metaspace   ] GC(209) Metaspace: 28927K(29184K)->28927K(29184K) NonClass: 24044K(24128K)->24044K(24128K) Class: 4883K(5056K)->4883K(5056K)
[1368.199s][info][gc             ] GC(209) Pause Young (Concurrent Start) (G1 Evacuation Pause) 3544M->1372M(4096M) 118.367ms
[1368.199s][info][gc             ] GC(210) Concurrent Mark Cycle
[1368.199s][info][gc,marking     ] GC(210) Concurrent Scan Root Regions
[1368.199s][info][gc,cpu         ] GC(209) User=0.70s Sys=0.00s Real=0.12s
.[1368.367s][info][gc,marking     ] GC(210) Concurrent Scan Root Regions 168.848ms
[1368.367s][info][gc,marking     ] GC(210) Concurrent Mark
[1368.367s][info][gc,marking     ] GC(210) Concurrent Mark From Roots
[1368.367s][info][gc,task        ] GC(210) Using 2 workers of 2 for marking
[1369.248s][info][gc,marking     ] GC(210) Concurrent Mark From Roots 880.951ms
[1369.248s][info][gc,marking     ] GC(210) Concurrent Preclean
[1369.249s][info][gc,marking     ] GC(210) Concurrent Preclean 0.060ms
[1369.249s][info][gc,start       ] GC(210) Pause Remark
[1369.252s][info][gc             ] GC(210) Pause Remark 1649M->1649M(4096M) 3.187ms
[1369.252s][info][gc,cpu         ] GC(210) User=0.01s Sys=0.00s Real=0.00s
[1369.252s][info][gc,marking     ] GC(210) Concurrent Mark 884.473ms
[1369.252s][info][gc,marking     ] GC(210) Concurrent Rebuild Remembered Sets and Scrub Regions
.[1369.478s][info][gc,marking     ] GC(210) Concurrent Rebuild Remembered Sets and Scrub Regions 226.442ms
[1369.479s][info][gc,start       ] GC(210) Pause Cleanup
[1369.479s][info][gc             ] GC(210) Pause Cleanup 1682M->1682M(4096M) 0.117ms
[1369.479s][info][gc,cpu         ] GC(210) User=0.00s Sys=0.00s Real=0.00s
[1369.479s][info][gc,marking     ] GC(210) Concurrent Clear Claimed Marks
[1369.479s][info][gc,marking     ] GC(210) Concurrent Clear Claimed Marks 0.027ms
[1369.479s][info][gc,marking     ] GC(210) Concurrent Cleanup for Next Mark
[1369.482s][info][gc,marking     ] GC(210) Concurrent Cleanup for Next Mark 3.267ms
[1369.482s][info][gc             ] GC(210) Concurrent Mark Cycle 1283.478ms
..........[1379.407s][info][gc,start       ] GC(211) Pause Young (Prepare Mixed) (G1 Evacuation Pause)
[1379.407s][info][gc,task        ] GC(211) Using 6 workers of 6 for evacuation
[1379.526s][info][gc,phases      ] GC(211)   Pre Evacuate Collection Set: 0.38ms
[1379.526s][info][gc,phases      ] GC(211)   Merge Heap Roots: 0.53ms
[1379.526s][info][gc,phases      ] GC(211)   Evacuate Collection Set: 116.17ms
[1379.526s][info][gc,phases      ] GC(211)   Post Evacuate Collection Set: 0.95ms
[1379.526s][info][gc,phases      ] GC(211)   Other: 0.09ms
[1379.526s][info][gc,heap        ] GC(211) Eden regions: 1118->0(1117)
[1379.526s][info][gc,heap        ] GC(211) Survivor regions: 110->110(154)
[1379.526s][info][gc,heap        ] GC(211) Old regions: 500->531
[1379.526s][info][gc,heap        ] GC(211) Humongous regions: 77->77
[1379.526s][info][gc,metaspace   ] GC(211) Metaspace: 28927K(29184K)->28927K(29184K) NonClass: 24044K(24128K)->24044K(24128K) Class: 4883K(5056K)->4883K(5056K)
[1379.526s][info][gc             ] GC(211) Pause Young (Prepare Mixed) (G1 Evacuation Pause) 3608M->1434M(4096M) 118.264ms
[1379.526s][info][gc,cpu         ] GC(211) User=0.70s Sys=0.00s Real=0.12s
...........[1390.914s][info][gc,start       ] GC(212) Pause Young (Mixed) (G1 Evacuation Pause)
[1390.914s][info][gc,task        ] GC(212) Using 6 workers of 6 for evacuation
[1391.047s][info][gc,phases      ] GC(212)   Pre Evacuate Collection Set: 0.46ms
[1391.047s][info][gc,phases      ] GC(212)   Merge Heap Roots: 0.78ms
[1391.047s][info][gc,phases      ] GC(212)   Evacuate Collection Set: 130.05ms
[1391.047s][info][gc,phases      ] GC(212)   Post Evacuate Collection Set: 0.98ms
[1391.047s][info][gc,phases      ] GC(212)   Other: 0.10ms
[1391.047s][info][gc,heap        ] GC(212) Eden regions: 1117->0(1120)
[1391.047s][info][gc,heap        ] GC(212) Survivor regions: 110->108(154)
[1391.047s][info][gc,heap        ] GC(212) Old regions: 531->466
[1391.047s][info][gc,heap        ] GC(212) Humongous regions: 77->77
[1391.047s][info][gc,metaspace   ] GC(212) Metaspace: 28927K(29184K)->28927K(29184K) NonClass: 24044K(24128K)->24044K(24128K) Class: 4883K(5056K)->4883K(5056K)
[1391.047s][info][gc             ] GC(212) Pause Young (Mixed) (G1 Evacuation Pause) 3668M->1300M(4096M) 132.518ms
[1391.047s][info][gc,cpu         ] GC(212) User=0.79s Sys=0.00s Real=0.13s
.......... (rIR:aIR:PR = 1660:1659:1659) (tPR = 24618) [OK] 
  1400s: Performance info:
         Transaction,    Success,    Partial,     Failed,   Receipts, AvgBarcode, 
             Overall,      99699,          0,          0,      94713,      59.48, 
         Response times:
             Request,    Success,    Partial,     Failed,   SkipFail,     Probes,    Samples,      min,      p50,      p90,      p95,      p99,      max, 
       TotalPurchase,      94713,          0,          0,          0,      92125,      99360,      300,     1600,     2400,     2700,     4400,   156000,
     InStorePurchase,      49855,          0,          0,          0,      48641,      52307,      300,     1700,     2400,     2700,     4500,   152000,
      OnlinePurchase,      34904,          0,          0,          0,      34017,      36691,      300,     1700,     2400,     2700,     4500,   156000,
        InstPurchase,       9954,          0,          0,          0,       9467,      10362,      400,     1300,     2300,     2500,     3537,   136000,
          AssocOfCat,        100,          0,          0,          0,         95,        105,    17900,    24000,    27400,    29000,    38820,    39000,
      AssocOfProduct,        994,          0,          0,          0,        905,       1106,      500,     1300,     1900,     2165,     3800,   135000,
      BusinessReport,        254,          0,          0,          0,        183,        248,    19400,    28000,    34000,    37000,    47530,    60000,
          CustBuyBeh,       1000,          0,          0,          0,        888,       1056,      300,     1900,     2500,     2700,     4429,   136000,
       ProductReturn,       2638,          0,          0,          0,       2388,       2697,      200,     1200,     2200,     2400,     3300,   156000,

  1400s: (13%)   IR =   1799 .[1402.215s][info][gc,start       ] GC(213) Pause Young (Concurrent Start) (G1 Evacuation Pause)
[1402.215s][info][gc,task        ] GC(213) Using 6 workers of 6 for evacuation
[1402.331s][info][gc,phases      ] GC(213)   Pre Evacuate Collection Set: 0.40ms
[1402.331s][info][gc,phases      ] GC(213)   Merge Heap Roots: 0.46ms
[1402.331s][info][gc,phases      ] GC(213)   Evacuate Collection Set: 114.30ms
[1402.331s][info][gc,phases      ] GC(213)   Post Evacuate Collection Set: 0.91ms
[1402.331s][info][gc,phases      ] GC(213)   Other: 0.11ms
[1402.331s][info][gc,heap        ] GC(213) Eden regions: 1120->0(1119)
[1402.331s][info][gc,heap        ] GC(213) Survivor regions: 108->109(154)
[1402.331s][info][gc,heap        ] GC(213) Old regions: 466->498
[1402.331s][info][gc,heap        ] GC(213) Humongous regions: 77->77
[1402.331s][info][gc,metaspace   ] GC(213) Metaspace: 28929K(29184K)->28929K(29184K) NonClass: 24046K(24128K)->24046K(24128K) Class: 4883K(5056K)->4883K(5056K)
[1402.331s][info][gc             ] GC(213) Pause Young (Concurrent Start) (G1 Evacuation Pause) 3540M->1365M(4096M) 116.323ms
[1402.331s][info][gc             ] GC(214) Concurrent Mark Cycle
[1402.331s][info][gc,marking     ] GC(214) Concurrent Scan Root Regions
[1402.331s][info][gc,cpu         ] GC(213) User=0.69s Sys=0.00s Real=0.11s
.[1402.462s][info][gc,marking     ] GC(214) Concurrent Scan Root Regions 130.976ms
[1402.462s][info][gc,marking     ] GC(214) Concurrent Mark
[1402.462s][info][gc,marking     ] GC(214) Concurrent Mark From Roots
[1402.462s][info][gc,task        ] GC(214) Using 2 workers of 2 for marking
[1403.032s][info][gc,marking     ] GC(214) Concurrent Mark From Roots 569.249ms
[1403.032s][info][gc,marking     ] GC(214) Concurrent Preclean
[1403.032s][info][gc,marking     ] GC(214) Concurrent Preclean 0.056ms
[1403.032s][info][gc,start       ] GC(214) Pause Remark
[1403.035s][info][gc             ] GC(214) Pause Remark 1546M->1546M(4096M) 2.826ms
[1403.035s][info][gc,cpu         ] GC(214) User=0.01s Sys=0.00s Real=0.01s
[1403.035s][info][gc,marking     ] GC(214) Concurrent Mark 572.384ms
[1403.035s][info][gc,marking     ] GC(214) Concurrent Rebuild Remembered Sets and Scrub Regions
[1403.249s][info][gc,marking     ] GC(214) Concurrent Rebuild Remembered Sets and Scrub Regions 214.652ms
[1403.249s][info][gc,start       ] GC(214) Pause Cleanup
[1403.250s][info][gc             ] GC(214) Pause Cleanup 1602M->1602M(4096M) 0.114ms
[1403.250s][info][gc,cpu         ] GC(214) User=0.00s Sys=0.00s Real=0.00s
[1403.250s][info][gc,marking     ] GC(214) Concurrent Clear Claimed Marks
[1403.250s][info][gc,marking     ] GC(214) Concurrent Clear Claimed Marks 0.029ms
[1403.250s][info][gc,marking     ] GC(214) Concurrent Cleanup for Next Mark
[1403.253s][info][gc,marking     ] GC(214) Concurrent Cleanup for Next Mark 3.219ms
[1403.253s][info][gc             ] GC(214) Concurrent Mark Cycle 921.679ms
...|.......[1412.777s][info][gc,start       ] GC(215) Pause Young (Prepare Mixed) (G1 Evacuation Pause)
[1412.777s][info][gc,task        ] GC(215) Using 6 workers of 6 for evacuation
[1412.893s][info][gc,phases      ] GC(215)   Pre Evacuate Collection Set: 0.35ms
[1412.893s][info][gc,phases      ] GC(215)   Merge Heap Roots: 0.56ms
[1412.893s][info][gc,phases      ] GC(215)   Evacuate Collection Set: 113.34ms
[1412.893s][info][gc,phases      ] GC(215)   Post Evacuate Collection Set: 0.93ms
[1412.893s][info][gc,phases      ] GC(215)   Other: 0.08ms
[1412.893s][info][gc,heap        ] GC(215) Eden regions: 1119->0(1120)
[1412.893s][info][gc,heap        ] GC(215) Survivor regions: 109->108(154)
[1412.893s][info][gc,heap        ] GC(215) Old regions: 498->530
[1412.893s][info][gc,heap        ] GC(215) Humongous regions: 77->77
[1412.893s][info][gc,metaspace   ] GC(215) Metaspace: 28931K(29184K)->28931K(29184K) NonClass: 24047K(24128K)->24047K(24128K) Class: 4883K(5056K)->4883K(5056K)
[1412.893s][info][gc             ] GC(215) Pause Young (Prepare Mixed) (G1 Evacuation Pause) 3603M->1428M(4096M) 115.384ms
[1412.893s][info][gc,cpu         ] GC(215) User=0.68s Sys=0.00s Real=0.11s
...........[1423.499s][info][gc,start       ] GC(216) Pause Young (Mixed) (G1 Evacuation Pause)
[1423.499s][info][gc,task        ] GC(216) Using 6 workers of 6 for evacuation
[1423.629s][info][gc,phases      ] GC(216)   Pre Evacuate Collection Set: 0.41ms
[1423.629s][info][gc,phases      ] GC(216)   Merge Heap Roots: 0.62ms
[1423.629s][info][gc,phases      ] GC(216)   Evacuate Collection Set: 127.94ms
[1423.629s][info][gc,phases      ] GC(216)   Post Evacuate Collection Set: 0.97ms
[1423.629s][info][gc,phases      ] GC(216)   Other: 0.09ms
[1423.629s][info][gc,heap        ] GC(216) Eden regions: 1120->0(1119)
[1423.629s][info][gc,heap        ] GC(216) Survivor regions: 108->109(154)
[1423.629s][info][gc,heap        ] GC(216) Old regions: 530->469
[1423.629s][info][gc,heap        ] GC(216) Humongous regions: 77->77
[1423.629s][info][gc,metaspace   ] GC(216) Metaspace: 28931K(29184K)->28931K(29184K) NonClass: 24047K(24128K)->24047K(24128K) Class: 4883K(5056K)->4883K(5056K)
[1423.629s][info][gc             ] GC(216) Pause Young (Mixed) (G1 Evacuation Pause) 3668M->1307M(4096M) 130.173ms
[1423.629s][info][gc,cpu         ] GC(216) User=0.77s Sys=0.00s Real=0.13s
..........[1434.013s][info][gc,start       ] GC(217) Pause Young (Concurrent Start) (G1 Evacuation Pause)
[1434.013s][info][gc,task        ] GC(217) Using 6 workers of 6 for evacuation
[1434.130s][info][gc,phases      ] GC(217)   Pre Evacuate Collection Set: 0.43ms
[1434.130s][info][gc,phases      ] GC(217)   Merge Heap Roots: 0.54ms
[1434.130s][info][gc,phases      ] GC(217)   Evacuate Collection Set: 114.51ms
[1434.130s][info][gc,phases      ] GC(217)   Post Evacuate Collection Set: 0.92ms
[1434.130s][info][gc,phases      ] GC(217)   Other: 0.11ms
[1434.130s][info][gc,heap        ] GC(217) Eden regions: 1119->0(1119)
[1434.130s][info][gc,heap        ] GC(217) Survivor regions: 109->109(154)
[1434.130s][info][gc,heap        ] GC(217) Old regions: 469->500
[1434.130s][info][gc,heap        ] GC(217) Humongous regions: 77->77
[1434.130s][info][gc,metaspace   ] GC(217) Metaspace: 28931K(29184K)->28931K(29184K) NonClass: 24047K(24128K)->24047K(24128K) Class: 4883K(5056K)->4883K(5056K)
[1434.130s][info][gc             ] GC(217) Pause Young (Concurrent Start) (G1 Evacuation Pause) 3545M->1371M(4096M) 116.633ms
[1434.130s][info][gc             ] GC(218) Concurrent Mark Cycle
[1434.130s][info][gc,marking     ] GC(218) Concurrent Scan Root Regions
[1434.130s][info][gc,cpu         ] GC(217) User=0.69s Sys=0.00s Real=0.11s
[1434.281s][info][gc,marking     ] GC(218) Concurrent Scan Root Regions 151.020ms
[1434.281s][info][gc,marking     ] GC(218) Concurrent Mark
[1434.281s][info][gc,marking     ] GC(218) Concurrent Mark From Roots
[1434.281s][info][gc,task        ] GC(218) Using 2 workers of 2 for marking
.[1434.807s][info][gc,marking     ] GC(218) Concurrent Mark From Roots 526.163ms
[1434.807s][info][gc,marking     ] GC(218) Concurrent Preclean
[1434.807s][info][gc,marking     ] GC(218) Concurrent Preclean 0.054ms
[1434.807s][info][gc,start       ] GC(218) Pause Remark
[1434.810s][info][gc             ] GC(218) Pause Remark 1541M->1541M(4096M) 2.656ms
[1434.810s][info][gc,cpu         ] GC(218) User=0.01s Sys=0.00s Real=0.00s
[1434.810s][info][gc,marking     ] GC(218) Concurrent Mark 529.113ms
[1434.810s][info][gc,marking     ] GC(218) Concurrent Rebuild Remembered Sets and Scrub Regions
[1435.015s][info][gc,marking     ] GC(218) Concurrent Rebuild Remembered Sets and Scrub Regions 204.489ms
[1435.015s][info][gc,start       ] GC(218) Pause Cleanup
[1435.015s][info][gc             ] GC(218) Pause Cleanup 1576M->1576M(4096M) 0.112ms
[1435.015s][info][gc,cpu         ] GC(218) User=0.00s Sys=0.00s Real=0.00s
[1435.015s][info][gc,marking     ] GC(218) Concurrent Clear Claimed Marks
[1435.015s][info][gc,marking     ] GC(218) Concurrent Clear Claimed Marks 0.032ms
[1435.015s][info][gc,marking     ] GC(218) Concurrent Cleanup for Next Mark
[1435.019s][info][gc,marking     ] GC(218) Concurrent Cleanup for Next Mark 4.394ms
[1435.019s][info][gc             ] GC(218) Concurrent Mark Cycle 889.494ms
..........[1444.656s][info][gc,start       ] GC(219) Pause Young (Prepare Mixed) (G1 Evacuation Pause)
[1444.656s][info][gc,task        ] GC(219) Using 6 workers of 6 for evacuation
[1444.773s][info][gc,phases      ] GC(219)   Pre Evacuate Collection Set: 0.38ms
[1444.773s][info][gc,phases      ] GC(219)   Merge Heap Roots: 0.58ms
[1444.773s][info][gc,phases      ] GC(219)   Evacuate Collection Set: 114.85ms
[1444.773s][info][gc,phases      ] GC(219)   Post Evacuate Collection Set: 0.94ms
[1444.773s][info][gc,phases      ] GC(219)   Other: 0.10ms
[1444.773s][info][gc,heap        ] GC(219) Eden regions: 1119->0(1119)
[1444.773s][info][gc,heap        ] GC(219) Survivor regions: 109->108(154)
[1444.773s][info][gc,heap        ] GC(219) Old regions: 500->532
[1444.773s][info][gc,heap        ] GC(219) Humongous regions: 78->78
[1444.773s][info][gc,metaspace   ] GC(219) Metaspace: 28931K(29184K)->28931K(29184K) NonClass: 24047K(24128K)->24047K(24128K) Class: 4883K(5056K)->4883K(5056K)
[1444.773s][info][gc             ] GC(219) Pause Young (Prepare Mixed) (G1 Evacuation Pause) 3611M->1434M(4096M) 117.001ms
[1444.773s][info][gc,cpu         ] GC(219) User=0.69s Sys=0.00s Real=0.12s
..........[1455.238s][info][gc,start       ] GC(220) Pause Young (Mixed) (G1 Evacuation Pause)
[1455.238s][info][gc,task        ] GC(220) Using 6 workers of 6 for evacuation
[1455.372s][info][gc,phases      ] GC(220)   Pre Evacuate Collection Set: 0.42ms
[1455.372s][info][gc,phases      ] GC(220)   Merge Heap Roots: 0.68ms
[1455.372s][info][gc,phases      ] GC(220)   Evacuate Collection Set: 131.90ms
[1455.372s][info][gc,phases      ] GC(220)   Post Evacuate Collection Set: 0.97ms
[1455.372s][info][gc,phases      ] GC(220)   Other: 0.09ms
[1455.372s][info][gc,heap        ] GC(220) Eden regions: 1119->0(1119)
[1455.372s][info][gc,heap        ] GC(220) Survivor regions: 108->109(154)
[1455.372s][info][gc,heap        ] GC(220) Old regions: 532->468
[1455.372s][info][gc,heap        ] GC(220) Humongous regions: 80->80
[1455.372s][info][gc,metaspace   ] GC(220) Metaspace: 28931K(29184K)->28931K(29184K) NonClass: 24047K(24128K)->24047K(24128K) Class: 4883K(5056K)->4883K(5056K)
[1455.372s][info][gc             ] GC(220) Pause Young (Mixed) (G1 Evacuation Pause) 3676M->1313M(4096M) 134.203ms
[1455.372s][info][gc,cpu         ] GC(220) User=0.80s Sys=0.00s Real=0.13s
........... (rIR:aIR:PR = 1799:1800:1800) (tPR = 26923) [OK] 
  1465s: Performance info:
         Transaction,    Success,    Partial,     Failed,   Receipts, AvgBarcode, 
             Overall,     108065,          0,          0,     102665,      59.48, 
         Response times:
             Request,    Success,    Partial,     Failed,   SkipFail,     Probes,    Samples,      min,      p50,      p90,      p95,      p99,      max, 
       TotalPurchase,     102665,          0,          0,          0,      99752,     109721,      300,     1800,     2600,     2900,     5100,   186000,
     InStorePurchase,      54034,          0,          0,          0,      52688,      57791,      300,     1800,     2600,     2900,     5100,   186000,
      OnlinePurchase,      37829,          0,          0,          0,      36782,      40470,      400,     1700,     2600,     2900,     4900,   186000,
        InstPurchase,      10802,          0,          0,          0,      10282,      11460,      400,     1700,     2600,     2900,     5039,   137000,
          AssocOfCat,        109,          0,          0,          0,        108,        115,    18200,    24000,    28000,    30200,   175880,   201000,
      AssocOfProduct,       1080,          0,          0,          0,        950,       1157,      500,     1500,     2200,     2500,     4400,   186000,
      BusinessReport,        270,          0,          0,          0,        206,        284,    19500,    27000,    34000,    38000,    75150,    79000,
          CustBuyBeh,       1080,          0,          0,          0,        956,       1165,      200,     1500,     2500,     2700,     3500,    10500,
       ProductReturn,       2861,          0,          0,          0,       2592,       3016,      200,     1400,     2400,     2700,     4666,    61000,

  1465s: (14%)   IR =   1937 [1465.736s][info][gc,start       ] GC(221) Pause Young (Concurrent Start) (G1 Evacuation Pause)
[1465.736s][info][gc,task        ] GC(221) Using 6 workers of 6 for evacuation
[1465.856s][info][gc,phases      ] GC(221)   Pre Evacuate Collection Set: 0.45ms
[1465.856s][info][gc,phases      ] GC(221)   Merge Heap Roots: 0.56ms
[1465.856s][info][gc,phases      ] GC(221)   Evacuate Collection Set: 117.91ms
[1465.856s][info][gc,phases      ] GC(221)   Post Evacuate Collection Set: 0.93ms
[1465.856s][info][gc,phases      ] GC(221)   Other: 0.14ms
[1465.856s][info][gc,heap        ] GC(221) Eden regions: 1119->0(1119)
[1465.856s][info][gc,heap        ] GC(221) Survivor regions: 109->109(154)
[1465.856s][info][gc,heap        ] GC(221) Old regions: 468->500
[1465.856s][info][gc,heap        ] GC(221) Humongous regions: 80->80
[1465.856s][info][gc,metaspace   ] GC(221) Metaspace: 28931K(29184K)->28931K(29184K) NonClass: 24048K(24128K)->24048K(24128K) Class: 4883K(5056K)->4883K(5056K)
[1465.856s][info][gc             ] GC(221) Pause Young (Concurrent Start) (G1 Evacuation Pause) 3551M->1376M(4096M) 120.145ms
[1465.856s][info][gc             ] GC(222) Concurrent Mark Cycle
[1465.856s][info][gc,marking     ] GC(222) Concurrent Scan Root Regions
[1465.856s][info][gc,cpu         ] GC(221) User=0.71s Sys=0.00s Real=0.12s
[1465.971s][info][gc,marking     ] GC(222) Concurrent Scan Root Regions 114.185ms
[1465.971s][info][gc,marking     ] GC(222) Concurrent Mark
[1465.971s][info][gc,marking     ] GC(222) Concurrent Mark From Roots
[1465.971s][info][gc,task        ] GC(222) Using 2 workers of 2 for marking
.[1466.508s][info][gc,marking     ] GC(222) Concurrent Mark From Roots 537.805ms
[1466.508s][info][gc,marking     ] GC(222) Concurrent Preclean
[1466.509s][info][gc,marking     ] GC(222) Concurrent Preclean 0.056ms
[1466.509s][info][gc,start       ] GC(222) Pause Remark
[1466.511s][info][gc             ] GC(222) Pause Remark 1538M->1538M(4096M) 2.824ms
[1466.512s][info][gc,cpu         ] GC(222) User=0.02s Sys=0.00s Real=0.00s
[1466.512s][info][gc,marking     ] GC(222) Concurrent Mark 540.953ms
[1466.512s][info][gc,marking     ] GC(222) Concurrent Rebuild Remembered Sets and Scrub Regions
[1466.726s][info][gc,marking     ] GC(222) Concurrent Rebuild Remembered Sets and Scrub Regions 214.018ms
[1466.726s][info][gc,start       ] GC(222) Pause Cleanup
[1466.726s][info][gc             ] GC(222) Pause Cleanup 1592M->1592M(4096M) 0.114ms
[1466.726s][info][gc,cpu         ] GC(222) User=0.00s Sys=0.00s Real=0.00s
[1466.726s][info][gc,marking     ] GC(222) Concurrent Clear Claimed Marks
[1466.726s][info][gc,marking     ] GC(222) Concurrent Clear Claimed Marks 0.027ms
[1466.726s][info][gc,marking     ] GC(222) Concurrent Cleanup for Next Mark
[1466.729s][info][gc,marking     ] GC(222) Concurrent Cleanup for Next Mark 3.280ms
[1466.729s][info][gc             ] GC(222) Concurrent Mark Cycle 872.869ms
.....|....[1475.673s][info][gc,start       ] GC(223) Pause Young (Prepare Mixed) (G1 Evacuation Pause)
[1475.673s][info][gc,task        ] GC(223) Using 6 workers of 6 for evacuation
[1475.793s][info][gc,phases      ] GC(223)   Pre Evacuate Collection Set: 0.35ms
[1475.793s][info][gc,phases      ] GC(223)   Merge Heap Roots: 0.64ms
[1475.793s][info][gc,phases      ] GC(223)   Evacuate Collection Set: 117.78ms
[1475.793s][info][gc,phases      ] GC(223)   Post Evacuate Collection Set: 0.95ms
[1475.793s][info][gc,phases      ] GC(223)   Other: 0.10ms
[1475.793s][info][gc,heap        ] GC(223) Eden regions: 1119->0(1112)
[1475.793s][info][gc,heap        ] GC(223) Survivor regions: 109->110(154)
[1475.793s][info][gc,heap        ] GC(223) Old regions: 500->533
[1475.793s][info][gc,heap        ] GC(223) Humongous regions: 80->80
[1475.793s][info][gc,metaspace   ] GC(223) Metaspace: 28931K(29184K)->28931K(29184K) NonClass: 24048K(24128K)->24048K(24128K) Class: 4883K(5056K)->4883K(5056K)
[1475.793s][info][gc             ] GC(223) Pause Young (Prepare Mixed) (G1 Evacuation Pause) 3614M->1445M(4096M) 119.971ms
[1475.793s][info][gc,cpu         ] GC(223) User=0.71s Sys=0.00s Real=0.12s
.........[1485.393s][info][gc,start       ] GC(224) Pause Young (Mixed) (G1 Evacuation Pause)
[1485.393s][info][gc,task        ] GC(224) Using 6 workers of 6 for evacuation
[1485.528s][info][gc,phases      ] GC(224)   Pre Evacuate Collection Set: 0.41ms
[1485.528s][info][gc,phases      ] GC(224)   Merge Heap Roots: 0.75ms
[1485.528s][info][gc,phases      ] GC(224)   Evacuate Collection Set: 132.40ms
[1485.528s][info][gc,phases      ] GC(224)   Post Evacuate Collection Set: 0.98ms
[1485.528s][info][gc,phases      ] GC(224)   Other: 0.09ms
[1485.528s][info][gc,heap        ] GC(224) Eden regions: 1112->0(1117)
[1485.528s][info][gc,heap        ] GC(224) Survivor regions: 110->111(153)
[1485.528s][info][gc,heap        ] GC(224) Old regions: 533->469
[1485.528s][info][gc,heap        ] GC(224) Humongous regions: 80->80
[1485.528s][info][gc,metaspace   ] GC(224) Metaspace: 28931K(29184K)->28931K(29184K) NonClass: 24048K(24128K)->24048K(24128K) Class: 4883K(5056K)->4883K(5056K)
[1485.528s][info][gc             ] GC(224) Pause Young (Mixed) (G1 Evacuation Pause) 3669M->1318M(4096M) 134.804ms
[1485.528s][info][gc,cpu         ] GC(224) User=0.79s Sys=0.00s Real=0.13s
..........[1495.191s][info][gc,start       ] GC(225) Pause Young (Concurrent Start) (G1 Evacuation Pause)
[1495.191s][info][gc,task        ] GC(225) Using 6 workers of 6 for evacuation
[1495.307s][info][gc,phases      ] GC(225)   Pre Evacuate Collection Set: 0.43ms
[1495.307s][info][gc,phases      ] GC(225)   Merge Heap Roots: 0.46ms
[1495.307s][info][gc,phases      ] GC(225)   Evacuate Collection Set: 114.36ms
[1495.307s][info][gc,phases      ] GC(225)   Post Evacuate Collection Set: 0.91ms
[1495.307s][info][gc,phases      ] GC(225)   Other: 0.12ms
[1495.307s][info][gc,heap        ] GC(225) Eden regions: 1117->0(1119)
[1495.307s][info][gc,heap        ] GC(225) Survivor regions: 111->109(154)
[1495.307s][info][gc,heap        ] GC(225) Old regions: 469->502
[1495.307s][info][gc,heap        ] GC(225) Humongous regions: 80->80
[1495.307s][info][gc,metaspace   ] GC(225) Metaspace: 28931K(29184K)->28931K(29184K) NonClass: 24048K(24128K)->24048K(24128K) Class: 4883K(5056K)->4883K(5056K)
[1495.307s][info][gc             ] GC(225) Pause Young (Concurrent Start) (G1 Evacuation Pause) 3552M->1381M(4096M) 116.405ms
[1495.307s][info][gc             ] GC(226) Concurrent Mark Cycle
[1495.307s][info][gc,marking     ] GC(226) Concurrent Scan Root Regions
[1495.307s][info][gc,cpu         ] GC(225) User=0.68s Sys=0.00s Real=0.12s
[1495.421s][info][gc,marking     ] GC(226) Concurrent Scan Root Regions 114.134ms
[1495.421s][info][gc,marking     ] GC(226) Concurrent Mark
[1495.421s][info][gc,marking     ] GC(226) Concurrent Mark From Roots
[1495.421s][info][gc,task        ] GC(226) Using 2 workers of 2 for marking
.[1495.970s][info][gc,marking     ] GC(226) Concurrent Mark From Roots 549.025ms
[1495.970s][info][gc,marking     ] GC(226) Concurrent Preclean
[1495.970s][info][gc,marking     ] GC(226) Concurrent Preclean 0.053ms
[1495.970s][info][gc,start       ] GC(226) Pause Remark
[1495.973s][info][gc             ] GC(226) Pause Remark 1565M->1565M(4096M) 2.870ms
[1495.973s][info][gc,cpu         ] GC(226) User=0.02s Sys=0.00s Real=0.01s
[1495.973s][info][gc,marking     ] GC(226) Concurrent Mark 552.246ms
[1495.973s][info][gc,marking     ] GC(226) Concurrent Rebuild Remembered Sets and Scrub Regions
[1496.182s][info][gc,marking     ] GC(226) Concurrent Rebuild Remembered Sets and Scrub Regions 208.323ms
[1496.182s][info][gc,start       ] GC(226) Pause Cleanup
[1496.182s][info][gc             ] GC(226) Pause Cleanup 1611M->1611M(4096M) 0.120ms
[1496.182s][info][gc,cpu         ] GC(226) User=0.00s Sys=0.00s Real=0.00s
[1496.182s][info][gc,marking     ] GC(226) Concurrent Clear Claimed Marks
[1496.182s][info][gc,marking     ] GC(226) Concurrent Clear Claimed Marks 0.028ms
[1496.182s][info][gc,marking     ] GC(226) Concurrent Cleanup for Next Mark
[1496.185s][info][gc,marking     ] GC(226) Concurrent Cleanup for Next Mark 3.240ms
[1496.185s][info][gc             ] GC(226) Concurrent Mark Cycle 878.423ms
.........[1505.114s][info][gc,start       ] GC(227) Pause Young (Prepare Mixed) (G1 Evacuation Pause)
[1505.114s][info][gc,task        ] GC(227) Using 6 workers of 6 for evacuation
[1505.231s][info][gc,phases      ] GC(227)   Pre Evacuate Collection Set: 0.37ms
[1505.231s][info][gc,phases      ] GC(227)   Merge Heap Roots: 0.51ms
[1505.231s][info][gc,phases      ] GC(227)   Evacuate Collection Set: 115.28ms
[1505.231s][info][gc,phases      ] GC(227)   Post Evacuate Collection Set: 0.96ms
[1505.231s][info][gc,phases      ] GC(227)   Other: 0.09ms
[1505.231s][info][gc,heap        ] GC(227) Eden regions: 1119->0(1111)
[1505.231s][info][gc,heap        ] GC(227) Survivor regions: 109->110(154)
[1505.231s][info][gc,heap        ] GC(227) Old regions: 502->534
[1505.231s][info][gc,heap        ] GC(227) Humongous regions: 80->80
[1505.231s][info][gc,metaspace   ] GC(227) Metaspace: 28931K(29184K)->28931K(29184K) NonClass: 24048K(24128K)->24048K(24128K) Class: 4883K(5056K)->4883K(5056K)
[1505.231s][info][gc             ] GC(227) Pause Young (Prepare Mixed) (G1 Evacuation Pause) 3619M->1445M(4096M) 117.348ms
[1505.231s][info][gc,cpu         ] GC(227) User=0.69s Sys=0.00s Real=0.11s
..........[1514.893s][info][gc,start       ] GC(228) Pause Young (Mixed) (G1 Evacuation Pause)
[1514.893s][info][gc,task        ] GC(228) Using 6 workers of 6 for evacuation
[1515.023s][info][gc,phases      ] GC(228)   Pre Evacuate Collection Set: 0.37ms
[1515.023s][info][gc,phases      ] GC(228)   Merge Heap Roots: 0.69ms
[1515.023s][info][gc,phases      ] GC(228)   Evacuate Collection Set: 127.72ms
[1515.023s][info][gc,phases      ] GC(228)   Post Evacuate Collection Set: 0.99ms
[1515.023s][info][gc,phases      ] GC(228)   Other: 0.09ms
[1515.023s][info][gc,heap        ] GC(228) Eden regions: 1111->0(1120)
[1515.023s][info][gc,heap        ] GC(228) Survivor regions: 110->108(153)
[1515.023s][info][gc,heap        ] GC(228) Old regions: 534->469
[1515.023s][info][gc,heap        ] GC(228) Humongous regions: 80->80
[1515.023s][info][gc,metaspace   ] GC(228) Metaspace: 28931K(29184K)->28931K(29184K) NonClass: 24048K(24128K)->24048K(24128K) Class: 4883K(5056K)->4883K(5056K)
[1515.023s][info][gc             ] GC(228) Pause Young (Mixed) (G1 Evacuation Pause) 3667M->1312M(4096M) 130.007ms
[1515.023s][info][gc,cpu         ] GC(228) User=0.77s Sys=0.00s Real=0.13s
..........[1524.826s][info][gc,start       ] GC(229) Pause Young (Concurrent Start) (G1 Evacuation Pause)
[1524.826s][info][gc,task        ] GC(229) Using 6 workers of 6 for evacuation
[1524.942s][info][gc,phases      ] GC(229)   Pre Evacuate Collection Set: 0.46ms
[1524.942s][info][gc,phases      ] GC(229)   Merge Heap Roots: 0.48ms
[1524.942s][info][gc,phases      ] GC(229)   Evacuate Collection Set: 113.94ms
[1524.942s][info][gc,phases      ] GC(229)   Post Evacuate Collection Set: 0.91ms
[1524.942s][info][gc,phases      ] GC(229)   Other: 0.10ms
[1524.942s][info][gc,heap        ] GC(229) Eden regions: 1120->0(1119)
[1524.942s][info][gc,heap        ] GC(229) Survivor regions: 108->109(154)
[1524.942s][info][gc,heap        ] GC(229) Old regions: 469->501
[1524.942s][info][gc,heap        ] GC(229) Humongous regions: 80->80
[1524.942s][info][gc,metaspace   ] GC(229) Metaspace: 28931K(29184K)->28931K(29184K) NonClass: 24048K(24128K)->24048K(24128K) Class: 4883K(5056K)->4883K(5056K)
[1524.942s][info][gc             ] GC(229) Pause Young (Concurrent Start) (G1 Evacuation Pause) 3552M->1378M(4096M) 116.015ms
[1524.942s][info][gc             ] GC(230) Concurrent Mark Cycle
[1524.942s][info][gc,marking     ] GC(230) Concurrent Scan Root Regions
[1524.942s][info][gc,cpu         ] GC(229) User=0.69s Sys=0.00s Real=0.11s
[1525.055s][info][gc,marking     ] GC(230) Concurrent Scan Root Regions 113.252ms
[1525.055s][info][gc,marking     ] GC(230) Concurrent Mark
[1525.055s][info][gc,marking     ] GC(230) Concurrent Mark From Roots
[1525.055s][info][gc,task        ] GC(230) Using 2 workers of 2 for marking
.[1525.623s][info][gc,marking     ] GC(230) Concurrent Mark From Roots 567.904ms
[1525.623s][info][gc,marking     ] GC(230) Concurrent Preclean
[1525.623s][info][gc,marking     ] GC(230) Concurrent Preclean 0.051ms
[1525.623s][info][gc,start       ] GC(230) Pause Remark
[1525.626s][info][gc             ] GC(230) Pause Remark 1575M->1575M(4096M) 3.040ms
[1525.626s][info][gc,cpu         ] GC(230) User=0.02s Sys=0.00s Real=0.00s
[1525.626s][info][gc,marking     ] GC(230) Concurrent Mark 571.272ms
[1525.626s][info][gc,marking     ] GC(230) Concurrent Rebuild Remembered Sets and Scrub Regions
[1525.836s][info][gc,marking     ] GC(230) Concurrent Rebuild Remembered Sets and Scrub Regions 209.141ms
[1525.836s][info][gc,start       ] GC(230) Pause Cleanup
[1525.836s][info][gc             ] GC(230) Pause Cleanup 1615M->1615M(4096M) 0.116ms
[1525.836s][info][gc,cpu         ] GC(230) User=0.00s Sys=0.00s Real=0.00s
[1525.836s][info][gc,marking     ] GC(230) Concurrent Clear Claimed Marks
[1525.836s][info][gc,marking     ] GC(230) Concurrent Clear Claimed Marks 0.028ms
[1525.836s][info][gc,marking     ] GC(230) Concurrent Cleanup for Next Mark
[1525.839s][info][gc,marking     ] GC(230) Concurrent Cleanup for Next Mark 3.224ms
[1525.839s][info][gc             ] GC(230) Concurrent Mark Cycle 897.366ms
...... (rIR:aIR:PR = 1937:1938:1938) (tPR = 28707) [OK] 
  1531s: Performance info:
         Transaction,    Success,    Partial,     Failed,   Receipts, AvgBarcode, 
             Overall,     116582,          0,          0,     110762,      59.47, 
         Response times:
             Request,    Success,    Partial,     Failed,   SkipFail,     Probes,    Samples,      min,      p50,      p90,      p95,      p99,      max, 
       TotalPurchase,     110762,          0,          0,          0,     107860,     120529,      300,     1800,     2800,     3100,     6300,   140000,
     InStorePurchase,      58291,          0,          0,          0,      56982,      63570,      300,     1700,     2700,     3000,     5900,   140000,
      OnlinePurchase,      40802,          0,          0,          0,      39648,      44184,      300,     1900,     2800,     3100,     6515,   134000,
        InstPurchase,      11669,          0,          0,          0,      11230,      12775,      400,     1900,     2800,     3200,     6424,   140000,
          AssocOfCat,        117,          0,          0,          0,        115,        128,    16500,    24500,    28000,    31550,    43100,    46000,
      AssocOfProduct,       1163,          0,          0,          0,       1036,       1275,      600,     2300,     3100,     3520,    12100,   122000,
      BusinessReport,        293,          0,          0,          0,        227,        302,    19100,    28000,    37700,    43000,    60970,   154000,
          CustBuyBeh,       1166,          0,          0,          0,       1044,       1313,      200,     1500,     2400,     2600,     5904,    13300,
       ProductReturn,       3081,          0,          0,          0,       2855,       3366,      200,     1700,     2800,     3000,     7300,   139000,

  1531s: (15%)   IR =   2076 ..[1534.405s][info][gc,start       ] GC(231) Pause Young (Prepare Mixed) (G1 Evacuation Pause)
[1534.406s][info][gc,task        ] GC(231) Using 6 workers of 6 for evacuation
[1534.524s][info][gc,phases      ] GC(231)   Pre Evacuate Collection Set: 0.38ms
[1534.524s][info][gc,phases      ] GC(231)   Merge Heap Roots: 0.55ms
[1534.524s][info][gc,phases      ] GC(231)   Evacuate Collection Set: 116.46ms
[1534.524s][info][gc,phases      ] GC(231)   Post Evacuate Collection Set: 0.97ms
[1534.524s][info][gc,phases      ] GC(231)   Other: 0.09ms
[1534.524s][info][gc,heap        ] GC(231) Eden regions: 1119->0(1111)
[1534.524s][info][gc,heap        ] GC(231) Survivor regions: 109->111(154)
[1534.524s][info][gc,heap        ] GC(231) Old regions: 501->532
[1534.524s][info][gc,heap        ] GC(231) Humongous regions: 80->80
[1534.524s][info][gc,metaspace   ] GC(231) Metaspace: 28933K(29184K)->28933K(29184K) NonClass: 24050K(24128K)->24050K(24128K) Class: 4883K(5056K)->4883K(5056K)
[1534.524s][info][gc             ] GC(231) Pause Young (Prepare Mixed) (G1 Evacuation Pause) 3616M->1445M(4096M) 118.581ms
[1534.524s][info][gc,cpu         ] GC(231) User=0.70s Sys=0.00s Real=0.12s
..|.......[1543.484s][info][gc,start       ] GC(232) Pause Young (Mixed) (G1 Evacuation Pause)
[1543.484s][info][gc,task        ] GC(232) Using 6 workers of 6 for evacuation
[1543.616s][info][gc,phases      ] GC(232)   Pre Evacuate Collection Set: 0.40ms
[1543.616s][info][gc,phases      ] GC(232)   Merge Heap Roots: 0.70ms
[1543.616s][info][gc,phases      ] GC(232)   Evacuate Collection Set: 130.00ms
[1543.616s][info][gc,phases      ] GC(232)   Post Evacuate Collection Set: 1.01ms
[1543.616s][info][gc,phases      ] GC(232)   Other: 0.09ms
[1543.616s][info][gc,heap        ] GC(232) Eden regions: 1111->0(1120)
[1543.616s][info][gc,heap        ] GC(232) Survivor regions: 111->108(153)
[1543.616s][info][gc,heap        ] GC(232) Old regions: 532->469
[1543.616s][info][gc,heap        ] GC(232) Humongous regions: 80->80
[1543.616s][info][gc,metaspace   ] GC(232) Metaspace: 28933K(29184K)->28933K(29184K) NonClass: 24050K(24128K)->24050K(24128K) Class: 4883K(5056K)->4883K(5056K)
[1543.616s][info][gc             ] GC(232) Pause Young (Mixed) (G1 Evacuation Pause) 3667M->1312M(4096M) 132.356ms
[1543.616s][info][gc,cpu         ] GC(232) User=0.78s Sys=0.00s Real=0.13s
..........[1552.658s][info][gc,start       ] GC(233) Pause Young (Concurrent Start) (G1 Evacuation Pause)
[1552.658s][info][gc,task        ] GC(233) Using 6 workers of 6 for evacuation
[1552.773s][info][gc,phases      ] GC(233)   Pre Evacuate Collection Set: 0.44ms
[1552.773s][info][gc,phases      ] GC(233)   Merge Heap Roots: 0.51ms
[1552.773s][info][gc,phases      ] GC(233)   Evacuate Collection Set: 113.41ms
[1552.773s][info][gc,phases      ] GC(233)   Post Evacuate Collection Set: 0.92ms
[1552.773s][info][gc,phases      ] GC(233)   Other: 0.11ms
[1552.773s][info][gc,heap        ] GC(233) Eden regions: 1120->0(1120)
[1552.773s][info][gc,heap        ] GC(233) Survivor regions: 108->108(154)
[1552.773s][info][gc,heap        ] GC(233) Old regions: 469->500
[1552.773s][info][gc,heap        ] GC(233) Humongous regions: 80->80
[1552.773s][info][gc,metaspace   ] GC(233) Metaspace: 28933K(29184K)->28933K(29184K) NonClass: 24050K(24128K)->24050K(24128K) Class: 4883K(5056K)->4883K(5056K)
[1552.773s][info][gc             ] GC(233) Pause Young (Concurrent Start) (G1 Evacuation Pause) 3552M->1374M(4096M) 115.517ms
[1552.773s][info][gc             ] GC(234) Concurrent Mark Cycle
[1552.773s][info][gc,marking     ] GC(234) Concurrent Scan Root Regions
[1552.773s][info][gc,cpu         ] GC(233) User=0.69s Sys=0.00s Real=0.12s
[1552.896s][info][gc,marking     ] GC(234) Concurrent Scan Root Regions 122.670ms
[1552.896s][info][gc,marking     ] GC(234) Concurrent Mark
[1552.896s][info][gc,marking     ] GC(234) Concurrent Mark From Roots
[1552.896s][info][gc,task        ] GC(234) Using 2 workers of 2 for marking
[1553.451s][info][gc,marking     ] GC(234) Concurrent Mark From Roots 555.042ms
[1553.451s][info][gc,marking     ] GC(234) Concurrent Preclean
[1553.451s][info][gc,marking     ] GC(234) Concurrent Preclean 0.063ms
[1553.451s][info][gc,start       ] GC(234) Pause Remark
[1553.454s][info][gc             ] GC(234) Pause Remark 1578M->1578M(4096M) 3.007ms
[1553.454s][info][gc,cpu         ] GC(234) User=0.01s Sys=0.00s Real=0.01s
[1553.455s][info][gc,marking     ] GC(234) Concurrent Mark 558.369ms
[1553.455s][info][gc,marking     ] GC(234) Concurrent Rebuild Remembered Sets and Scrub Regions
.[1553.662s][info][gc,marking     ] GC(234) Concurrent Rebuild Remembered Sets and Scrub Regions 207.716ms
[1553.662s][info][gc,start       ] GC(234) Pause Cleanup
[1553.662s][info][gc             ] GC(234) Pause Cleanup 1627M->1627M(4096M) 0.115ms
[1553.662s][info][gc,cpu         ] GC(234) User=0.00s Sys=0.00s Real=0.00s
[1553.663s][info][gc,marking     ] GC(234) Concurrent Clear Claimed Marks
[1553.663s][info][gc,marking     ] GC(234) Concurrent Clear Claimed Marks 0.027ms
[1553.663s][info][gc,marking     ] GC(234) Concurrent Cleanup for Next Mark
[1553.666s][info][gc,marking     ] GC(234) Concurrent Cleanup for Next Mark 3.322ms
[1553.666s][info][gc             ] GC(234) Concurrent Mark Cycle 892.525ms
........[1561.882s][info][gc,start       ] GC(235) Pause Young (Prepare Mixed) (G1 Evacuation Pause)
[1561.882s][info][gc,task        ] GC(235) Using 6 workers of 6 for evacuation
[1562.002s][info][gc,phases      ] GC(235)   Pre Evacuate Collection Set: 0.39ms
[1562.002s][info][gc,phases      ] GC(235)   Merge Heap Roots: 0.55ms
[1562.002s][info][gc,phases      ] GC(235)   Evacuate Collection Set: 117.93ms
[1562.002s][info][gc,phases      ] GC(235)   Post Evacuate Collection Set: 0.96ms
[1562.002s][info][gc,phases      ] GC(235)   Other: 0.09ms
[1562.002s][info][gc,heap        ] GC(235) Eden regions: 1120->0(1111)
[1562.002s][info][gc,heap        ] GC(235) Survivor regions: 108->111(154)
[1562.002s][info][gc,heap        ] GC(235) Old regions: 500->532
[1562.002s][info][gc,heap        ] GC(235) Humongous regions: 80->80
[1562.002s][info][gc,metaspace   ] GC(235) Metaspace: 28933K(29184K)->28933K(29184K) NonClass: 24050K(24128K)->24050K(24128K) Class: 4883K(5056K)->4883K(5056K)
[1562.002s][info][gc             ] GC(235) Pause Young (Prepare Mixed) (G1 Evacuation Pause) 3614M->1444M(4096M) 120.068ms
[1562.002s][info][gc,cpu         ] GC(235) User=0.71s Sys=0.00s Real=0.12s
.........[1570.963s][info][gc,start       ] GC(236) Pause Young (Mixed) (G1 Evacuation Pause)
[1570.963s][info][gc,task        ] GC(236) Using 6 workers of 6 for evacuation
[1571.098s][info][gc,phases      ] GC(236)   Pre Evacuate Collection Set: 0.41ms
[1571.098s][info][gc,phases      ] GC(236)   Merge Heap Roots: 0.60ms
[1571.098s][info][gc,phases      ] GC(236)   Evacuate Collection Set: 132.20ms
[1571.098s][info][gc,phases      ] GC(236)   Post Evacuate Collection Set: 0.98ms
[1571.098s][info][gc,phases      ] GC(236)   Other: 0.09ms
[1571.098s][info][gc,heap        ] GC(236) Eden regions: 1111->0(1115)
[1571.098s][info][gc,heap        ] GC(236) Survivor regions: 111->113(153)
[1571.098s][info][gc,heap        ] GC(236) Old regions: 532->469
[1571.098s][info][gc,heap        ] GC(236) Humongous regions: 80->80
[1571.098s][info][gc,metaspace   ] GC(236) Metaspace: 28933K(29184K)->28933K(29184K) NonClass: 24050K(24128K)->24050K(24128K) Class: 4883K(5056K)->4883K(5056K)
[1571.098s][info][gc             ] GC(236) Pause Young (Mixed) (G1 Evacuation Pause) 3666M->1321M(4096M) 134.420ms
[1571.098s][info][gc,cpu         ] GC(236) User=0.79s Sys=0.01s Real=0.13s
.........[1580.198s][info][gc,start       ] GC(237) Pause Young (Concurrent Start) (G1 Evacuation Pause)
[1580.198s][info][gc,task        ] GC(237) Using 6 workers of 6 for evacuation
[1580.318s][info][gc,phases      ] GC(237)   Pre Evacuate Collection Set: 0.45ms
[1580.318s][info][gc,phases      ] GC(237)   Merge Heap Roots: 0.51ms
[1580.318s][info][gc,phases      ] GC(237)   Evacuate Collection Set: 117.36ms
[1580.318s][info][gc,phases      ] GC(237)   Post Evacuate Collection Set: 0.90ms
[1580.318s][info][gc,phases      ] GC(237)   Other: 0.12ms
[1580.318s][info][gc,heap        ] GC(237) Eden regions: 1115->0(1117)
[1580.318s][info][gc,heap        ] GC(237) Survivor regions: 113->111(154)
[1580.318s][info][gc,heap        ] GC(237) Old regions: 469->501
[1580.318s][info][gc,heap        ] GC(237) Humongous regions: 80->80
[1580.318s][info][gc,metaspace   ] GC(237) Metaspace: 28938K(29184K)->28938K(29184K) NonClass: 24054K(24128K)->24054K(24128K) Class: 4883K(5056K)->4883K(5056K)
[1580.318s][info][gc             ] GC(237) Pause Young (Concurrent Start) (G1 Evacuation Pause) 3551M->1382M(4096M) 119.469ms
[1580.318s][info][gc             ] GC(238) Concurrent Mark Cycle
[1580.318s][info][gc,marking     ] GC(238) Concurrent Scan Root Regions
[1580.318s][info][gc,cpu         ] GC(237) User=0.70s Sys=0.00s Real=0.12s
[1580.438s][info][gc,marking     ] GC(238) Concurrent Scan Root Regions 119.671ms
[1580.438s][info][gc,marking     ] GC(238) Concurrent Mark
[1580.438s][info][gc,marking     ] GC(238) Concurrent Mark From Roots
[1580.438s][info][gc,task        ] GC(238) Using 2 workers of 2 for marking
.[1580.994s][info][gc,marking     ] GC(238) Concurrent Mark From Roots 556.263ms
[1580.994s][info][gc,marking     ] GC(238) Concurrent Preclean
[1580.994s][info][gc,marking     ] GC(238) Concurrent Preclean 0.054ms
[1580.994s][info][gc,start       ] GC(238) Pause Remark
[1580.997s][info][gc             ] GC(238) Pause Remark 1576M->1576M(4096M) 2.764ms
[1580.997s][info][gc,cpu         ] GC(238) User=0.02s Sys=0.00s Real=0.00s
[1580.997s][info][gc,marking     ] GC(238) Concurrent Mark 559.347ms
[1580.997s][info][gc,marking     ] GC(238) Concurrent Rebuild Remembered Sets and Scrub Regions
[1581.217s][info][gc,marking     ] GC(238) Concurrent Rebuild Remembered Sets and Scrub Regions 220.482ms
[1581.218s][info][gc,start       ] GC(238) Pause Cleanup
[1581.218s][info][gc             ] GC(238) Pause Cleanup 1636M->1636M(4096M) 0.113ms
[1581.218s][info][gc,cpu         ] GC(238) User=0.00s Sys=0.00s Real=0.00s
[1581.218s][info][gc,marking     ] GC(238) Concurrent Clear Claimed Marks
[1581.218s][info][gc,marking     ] GC(238) Concurrent Clear Claimed Marks 0.029ms
[1581.218s][info][gc,marking     ] GC(238) Concurrent Cleanup for Next Mark
[1581.221s][info][gc,marking     ] GC(238) Concurrent Cleanup for Next Mark 3.217ms
[1581.221s][info][gc             ] GC(238) Concurrent Mark Cycle 903.170ms
........[1589.337s][info][gc,start       ] GC(239) Pause Young (Prepare Mixed) (G1 Evacuation Pause)
[1589.337s][info][gc,task        ] GC(239) Using 6 workers of 6 for evacuation
[1589.454s][info][gc,phases      ] GC(239)   Pre Evacuate Collection Set: 0.38ms
[1589.454s][info][gc,phases      ] GC(239)   Merge Heap Roots: 0.55ms
[1589.454s][info][gc,phases      ] GC(239)   Evacuate Collection Set: 114.62ms
[1589.454s][info][gc,phases      ] GC(239)   Post Evacuate Collection Set: 0.97ms
[1589.454s][info][gc,phases      ] GC(239)   Other: 0.10ms
[1589.454s][info][gc,heap        ] GC(239) Eden regions: 1117->0(1116)
[1589.454s][info][gc,heap        ] GC(239) Survivor regions: 111->108(154)
[1589.454s][info][gc,heap        ] GC(239) Old regions: 501->533
[1589.454s][info][gc,heap        ] GC(239) Humongous regions: 80->80
[1589.454s][info][gc,metaspace   ] GC(239) Metaspace: 28938K(29184K)->28938K(29184K) NonClass: 24054K(24128K)->24054K(24128K) Class: 4883K(5056K)->4883K(5056K)
[1589.454s][info][gc             ] GC(239) Pause Young (Prepare Mixed) (G1 Evacuation Pause) 3616M->1441M(4096M) 116.740ms
[1589.454s][info][gc,cpu         ] GC(239) User=0.69s Sys=0.00s Real=0.12s
....... (rIR:aIR:PR = 2076:2077:2077) (tPR = 30935) [OK] 
  1595s: Performance info:
         Transaction,    Success,    Partial,     Failed,   Receipts, AvgBarcode, 
             Overall,     124774,          0,          0,     118551,      59.48, 
         Response times:
             Request,    Success,    Partial,     Failed,   SkipFail,     Probes,    Samples,      min,      p50,      p90,      p95,      p99,      max, 
       TotalPurchase,     118552,          0,          0,          0,     115683,     124742,      300,     1900,     2900,     3300,     9100,   146000,
     InStorePurchase,      62387,          0,          0,          0,      61188,      65726,      300,     2000,     3000,     3300,    10200,   139000,
      OnlinePurchase,      43667,          0,          0,          0,      42563,      45994,      300,     1800,     2800,     3200,     7800,   146000,
        InstPurchase,      12498,          0,          0,          0,      11932,      13022,      400,     1500,     2700,     3100,     6500,   138000,
          AssocOfCat,        125,          0,          0,          0,         94,        125,    18300,    25000,    30000,    32000,    50960,    52000,
      AssocOfProduct,       1244,          0,          0,          0,       1114,       1304,      500,     2700,     3300,     3675,    12675,    29000,
      BusinessReport,        312,          0,          0,          0,        228,        296,    18700,    28000,    35000,    41000,   157210,   170000,
          CustBuyBeh,       1249,          0,          0,          0,       1116,       1303,      300,     2200,     3000,     3400,    13788,    28000,
       ProductReturn,       3292,          0,          0,          0,       3048,       3460,      200,     1900,     2800,     3300,    11600,   126000,

  1595s: (16%)   IR =   2214 ..[1598.395s][info][gc,start       ] GC(240) Pause Young (Mixed) (G1 Evacuation Pause)
[1598.395s][info][gc,task        ] GC(240) Using 6 workers of 6 for evacuation
[1598.527s][info][gc,phases      ] GC(240)   Pre Evacuate Collection Set: 0.40ms
[1598.527s][info][gc,phases      ] GC(240)   Merge Heap Roots: 0.71ms
[1598.527s][info][gc,phases      ] GC(240)   Evacuate Collection Set: 129.99ms
[1598.527s][info][gc,phases      ] GC(240)   Post Evacuate Collection Set: 0.98ms
[1598.527s][info][gc,phases      ] GC(240)   Other: 0.09ms
[1598.527s][info][gc,heap        ] GC(240) Eden regions: 1116->0(1119)
[1598.527s][info][gc,heap        ] GC(240) Survivor regions: 108->109(153)
[1598.527s][info][gc,heap        ] GC(240) Old regions: 533->469
[1598.527s][info][gc,heap        ] GC(240) Humongous regions: 80->80
[1598.527s][info][gc,metaspace   ] GC(240) Metaspace: 28940K(29248K)->28940K(29248K) NonClass: 24056K(24192K)->24056K(24192K) Class: 4883K(5056K)->4883K(5056K)
[1598.527s][info][gc             ] GC(240) Pause Young (Mixed) (G1 Evacuation Pause) 3673M->1314M(4096M) 132.325ms
[1598.527s][info][gc,cpu         ] GC(240) User=0.79s Sys=0.00s Real=0.13s
...|......[1607.023s][info][gc,start       ] GC(241) Pause Young (Concurrent Start) (G1 Evacuation Pause)
[1607.024s][info][gc,task        ] GC(241) Using 6 workers of 6 for evacuation
[1607.139s][info][gc,phases      ] GC(241)   Pre Evacuate Collection Set: 0.44ms
[1607.139s][info][gc,phases      ] GC(241)   Merge Heap Roots: 0.50ms
[1607.139s][info][gc,phases      ] GC(241)   Evacuate Collection Set: 113.93ms
[1607.139s][info][gc,phases      ] GC(241)   Post Evacuate Collection Set: 0.92ms
[1607.139s][info][gc,phases      ] GC(241)   Other: 0.12ms
[1607.139s][info][gc,heap        ] GC(241) Eden regions: 1119->0(1119)
[1607.139s][info][gc,heap        ] GC(241) Survivor regions: 109->109(154)
[1607.139s][info][gc,heap        ] GC(241) Old regions: 469->500
[1607.139s][info][gc,heap        ] GC(241) Humongous regions: 80->80
[1607.139s][info][gc,metaspace   ] GC(241) Metaspace: 28940K(29248K)->28940K(29248K) NonClass: 24056K(24192K)->24056K(24192K) Class: 4883K(5056K)->4883K(5056K)
[1607.139s][info][gc             ] GC(241) Pause Young (Concurrent Start) (G1 Evacuation Pause) 3552M->1376M(4096M) 116.040ms
[1607.140s][info][gc             ] GC(242) Concurrent Mark Cycle
[1607.140s][info][gc,marking     ] GC(242) Concurrent Scan Root Regions
[1607.140s][info][gc,cpu         ] GC(241) User=0.69s Sys=0.00s Real=0.11s
[1607.258s][info][gc,marking     ] GC(242) Concurrent Scan Root Regions 118.610ms
[1607.258s][info][gc,marking     ] GC(242) Concurrent Mark
[1607.258s][info][gc,marking     ] GC(242) Concurrent Mark From Roots
[1607.258s][info][gc,task        ] GC(242) Using 2 workers of 2 for marking
.[1607.840s][info][gc,marking     ] GC(242) Concurrent Mark From Roots 581.847ms
[1607.840s][info][gc,marking     ] GC(242) Concurrent Preclean
[1607.840s][info][gc,marking     ] GC(242) Concurrent Preclean 0.065ms
[1607.840s][info][gc,start       ] GC(242) Pause Remark
[1607.843s][info][gc             ] GC(242) Pause Remark 1584M->1584M(4096M) 3.054ms
[1607.843s][info][gc,cpu         ] GC(242) User=0.01s Sys=0.00s Real=0.01s
[1607.843s][info][gc,marking     ] GC(242) Concurrent Mark 585.225ms
[1607.843s][info][gc,marking     ] GC(242) Concurrent Rebuild Remembered Sets and Scrub Regions
[1608.062s][info][gc,marking     ] GC(242) Concurrent Rebuild Remembered Sets and Scrub Regions 218.730ms
[1608.062s][info][gc,start       ] GC(242) Pause Cleanup
[1608.062s][info][gc             ] GC(242) Pause Cleanup 1630M->1630M(4096M) 0.119ms
[1608.062s][info][gc,cpu         ] GC(242) User=0.00s Sys=0.00s Real=0.00s
[1608.062s][info][gc,marking     ] GC(242) Concurrent Clear Claimed Marks
[1608.063s][info][gc,marking     ] GC(242) Concurrent Clear Claimed Marks 0.031ms
[1608.063s][info][gc,marking     ] GC(242) Concurrent Cleanup for Next Mark
[1608.066s][info][gc,marking     ] GC(242) Concurrent Cleanup for Next Mark 3.302ms
[1608.066s][info][gc             ] GC(242) Concurrent Mark Cycle 926.362ms
.......[1615.604s][info][gc,start       ] GC(243) Pause Young (Prepare Mixed) (G1 Evacuation Pause)
[1615.604s][info][gc,task        ] GC(243) Using 6 workers of 6 for evacuation
[1615.728s][info][gc,phases      ] GC(243)   Pre Evacuate Collection Set: 0.34ms
[1615.728s][info][gc,phases      ] GC(243)   Merge Heap Roots: 0.54ms
[1615.728s][info][gc,phases      ] GC(243)   Evacuate Collection Set: 121.97ms
[1615.728s][info][gc,phases      ] GC(243)   Post Evacuate Collection Set: 0.96ms
[1615.728s][info][gc,phases      ] GC(243)   Other: 0.10ms
[1615.728s][info][gc,heap        ] GC(243) Eden regions: 1119->0(1111)
[1615.728s][info][gc,heap        ] GC(243) Survivor regions: 109->111(154)
[1615.728s][info][gc,heap        ] GC(243) Old regions: 500->532
[1615.728s][info][gc,heap        ] GC(243) Humongous regions: 80->80
[1615.728s][info][gc,metaspace   ] GC(243) Metaspace: 28940K(29248K)->28940K(29248K) NonClass: 24056K(24192K)->24056K(24192K) Class: 4883K(5056K)->4883K(5056K)
[1615.728s][info][gc             ] GC(243) Pause Young (Prepare Mixed) (G1 Evacuation Pause) 3614M->1444M(4096M) 124.056ms
[1615.728s][info][gc,cpu         ] GC(243) User=0.73s Sys=0.00s Real=0.12s
.........[1624.247s][info][gc,start       ] GC(244) Pause Young (Mixed) (G1 Evacuation Pause)
[1624.247s][info][gc,task        ] GC(244) Using 6 workers of 6 for evacuation
[1624.379s][info][gc,phases      ] GC(244)   Pre Evacuate Collection Set: 0.41ms
[1624.379s][info][gc,phases      ] GC(244)   Merge Heap Roots: 0.74ms
[1624.379s][info][gc,phases      ] GC(244)   Evacuate Collection Set: 130.15ms
[1624.379s][info][gc,phases      ] GC(244)   Post Evacuate Collection Set: 0.97ms
[1624.379s][info][gc,phases      ] GC(244)   Other: 0.09ms
[1624.379s][info][gc,heap        ] GC(244) Eden regions: 1111->0(1119)
[1624.379s][info][gc,heap        ] GC(244) Survivor regions: 111->109(153)
[1624.379s][info][gc,heap        ] GC(244) Old regions: 532->467
[1624.379s][info][gc,heap        ] GC(244) Humongous regions: 80->80
[1624.379s][info][gc,metaspace   ] GC(244) Metaspace: 28940K(29248K)->28940K(29248K) NonClass: 24056K(24192K)->24056K(24192K) Class: 4883K(5056K)->4883K(5056K)
[1624.379s][info][gc             ] GC(244) Pause Young (Mixed) (G1 Evacuation Pause) 3666M->1310M(4096M) 132.497ms
[1624.380s][info][gc,cpu         ] GC(244) User=0.78s Sys=0.00s Real=0.13s
.........[1632.797s][info][gc,start       ] GC(245) Pause Young (Concurrent Start) (G1 Evacuation Pause)
[1632.797s][info][gc,task        ] GC(245) Using 6 workers of 6 for evacuation
[1632.916s][info][gc,phases      ] GC(245)   Pre Evacuate Collection Set: 0.40ms
[1632.916s][info][gc,phases      ] GC(245)   Merge Heap Roots: 0.48ms
[1632.916s][info][gc,phases      ] GC(245)   Evacuate Collection Set: 116.68ms
[1632.916s][info][gc,phases      ] GC(245)   Post Evacuate Collection Set: 0.90ms
[1632.916s][info][gc,phases      ] GC(245)   Other: 0.11ms
[1632.916s][info][gc,heap        ] GC(245) Eden regions: 1119->0(1118)
[1632.916s][info][gc,heap        ] GC(245) Survivor regions: 109->110(154)
[1632.916s][info][gc,heap        ] GC(245) Old regions: 467->499
[1632.916s][info][gc,heap        ] GC(245) Humongous regions: 80->80
[1632.916s][info][gc,metaspace   ] GC(245) Metaspace: 28940K(29248K)->28940K(29248K) NonClass: 24056K(24192K)->24056K(24192K) Class: 4883K(5056K)->4883K(5056K)
[1632.916s][info][gc             ] GC(245) Pause Young (Concurrent Start) (G1 Evacuation Pause) 3548M->1376M(4096M) 118.701ms
[1632.916s][info][gc             ] GC(246) Concurrent Mark Cycle
[1632.916s][info][gc,marking     ] GC(246) Concurrent Scan Root Regions
[1632.916s][info][gc,cpu         ] GC(245) User=0.70s Sys=0.00s Real=0.12s
[1633.055s][info][gc,marking     ] GC(246) Concurrent Scan Root Regions 138.834ms
[1633.055s][info][gc,marking     ] GC(246) Concurrent Mark
[1633.055s][info][gc,marking     ] GC(246) Concurrent Mark From Roots
[1633.055s][info][gc,task        ] GC(246) Using 2 workers of 2 for marking
[1633.620s][info][gc,marking     ] GC(246) Concurrent Mark From Roots 565.588ms
[1633.620s][info][gc,marking     ] GC(246) Concurrent Preclean
[1633.620s][info][gc,marking     ] GC(246) Concurrent Preclean 0.052ms
[1633.620s][info][gc,start       ] GC(246) Pause Remark
[1633.623s][info][gc             ] GC(246) Pause Remark 1580M->1580M(4096M) 2.974ms
[1633.623s][info][gc,cpu         ] GC(246) User=0.01s Sys=0.01s Real=0.01s
[1633.624s][info][gc,marking     ] GC(246) Concurrent Mark 568.899ms
[1633.624s][info][gc,marking     ] GC(246) Concurrent Rebuild Remembered Sets and Scrub Regions
.[1633.844s][info][gc,marking     ] GC(246) Concurrent Rebuild Remembered Sets and Scrub Regions 220.479ms
[1633.844s][info][gc,start       ] GC(246) Pause Cleanup
[1633.844s][info][gc             ] GC(246) Pause Cleanup 1628M->1628M(4096M) 0.123ms
[1633.844s][info][gc,cpu         ] GC(246) User=0.00s Sys=0.00s Real=0.00s
[1633.844s][info][gc,marking     ] GC(246) Concurrent Clear Claimed Marks
[1633.844s][info][gc,marking     ] GC(246) Concurrent Clear Claimed Marks 0.031ms
[1633.844s][info][gc,marking     ] GC(246) Concurrent Cleanup for Next Mark
[1633.848s][info][gc,marking     ] GC(246) Concurrent Cleanup for Next Mark 3.483ms
[1633.848s][info][gc             ] GC(246) Concurrent Mark Cycle 932.192ms
.......[1641.464s][info][gc,start       ] GC(247) Pause Young (Prepare Mixed) (G1 Evacuation Pause)
[1641.464s][info][gc,task        ] GC(247) Using 6 workers of 6 for evacuation
[1641.581s][info][gc,phases      ] GC(247)   Pre Evacuate Collection Set: 0.36ms
[1641.581s][info][gc,phases      ] GC(247)   Merge Heap Roots: 0.51ms
[1641.581s][info][gc,phases      ] GC(247)   Evacuate Collection Set: 114.72ms
[1641.581s][info][gc,phases      ] GC(247)   Post Evacuate Collection Set: 0.94ms
[1641.581s][info][gc,phases      ] GC(247)   Other: 0.08ms
[1641.581s][info][gc,heap        ] GC(247) Eden regions: 1118->0(1116)
[1641.581s][info][gc,heap        ] GC(247) Survivor regions: 110->109(154)
[1641.581s][info][gc,heap        ] GC(247) Old regions: 499->531
[1641.581s][info][gc,heap        ] GC(247) Humongous regions: 80->80
[1641.581s][info][gc,metaspace   ] GC(247) Metaspace: 28940K(29248K)->28940K(29248K) NonClass: 24056K(24192K)->24056K(24192K) Class: 4883K(5056K)->4883K(5056K)
[1641.581s][info][gc             ] GC(247) Pause Young (Prepare Mixed) (G1 Evacuation Pause) 3612M->1439M(4096M) 116.745ms
[1641.581s][info][gc,cpu         ] GC(247) User=0.69s Sys=0.00s Real=0.11s
.........[1650.079s][info][gc,start       ] GC(248) Pause Young (Mixed) (G1 Evacuation Pause)
[1650.079s][info][gc,task        ] GC(248) Using 6 workers of 6 for evacuation
[1650.212s][info][gc,phases      ] GC(248)   Pre Evacuate Collection Set: 0.41ms
[1650.212s][info][gc,phases      ] GC(248)   Merge Heap Roots: 0.76ms
[1650.212s][info][gc,phases      ] GC(248)   Evacuate Collection Set: 130.77ms
[1650.212s][info][gc,phases      ] GC(248)   Post Evacuate Collection Set: 0.99ms
[1650.212s][info][gc,phases      ] GC(248)   Other: 0.09ms
[1650.212s][info][gc,heap        ] GC(248) Eden regions: 1116->0(1118)
[1650.212s][info][gc,heap        ] GC(248) Survivor regions: 109->110(154)
[1650.212s][info][gc,heap        ] GC(248) Old regions: 531->469
[1650.212s][info][gc,heap        ] GC(248) Humongous regions: 80->80
[1650.212s][info][gc,metaspace   ] GC(248) Metaspace: 28940K(29248K)->28940K(29248K) NonClass: 24056K(24192K)->24056K(24192K) Class: 4883K(5056K)->4883K(5056K)
[1650.212s][info][gc             ] GC(248) Pause Young (Mixed) (G1 Evacuation Pause) 3671M->1316M(4096M) 133.159ms
[1650.212s][info][gc,cpu         ] GC(248) User=0.79s Sys=0.00s Real=0.13s
........[1658.729s][info][gc,start       ] GC(249) Pause Young (Concurrent Start) (G1 Evacuation Pause)
[1658.729s][info][gc,task        ] GC(249) Using 6 workers of 6 for evacuation
[1658.846s][info][gc,phases      ] GC(249)   Pre Evacuate Collection Set: 0.45ms
[1658.846s][info][gc,phases      ] GC(249)   Merge Heap Roots: 0.51ms
[1658.846s][info][gc,phases      ] GC(249)   Evacuate Collection Set: 114.19ms
[1658.846s][info][gc,phases      ] GC(249)   Post Evacuate Collection Set: 0.92ms
[1658.846s][info][gc,phases      ] GC(249)   Other: 0.13ms
[1658.846s][info][gc,heap        ] GC(249) Eden regions: 1118->0(1119)
[1658.846s][info][gc,heap        ] GC(249) Survivor regions: 110->109(154)
[1658.846s][info][gc,heap        ] GC(249) Old regions: 469->501
[1658.846s][info][gc,heap        ] GC(249) Humongous regions: 80->80
[1658.846s][info][gc,metaspace   ] GC(249) Metaspace: 28940K(29248K)->28940K(29248K) NonClass: 24056K(24192K)->24056K(24192K) Class: 4883K(5056K)->4883K(5056K)
[1658.846s][info][gc             ] GC(249) Pause Young (Concurrent Start) (G1 Evacuation Pause) 3552M->1377M(4096M) 116.355ms
[1658.846s][info][gc             ] GC(250) Concurrent Mark Cycle
[1658.846s][info][gc,marking     ] GC(250) Concurrent Scan Root Regions
[1658.846s][info][gc,cpu         ] GC(249) User=0.68s Sys=0.01s Real=0.12s
.[1658.977s][info][gc,marking     ] GC(250) Concurrent Scan Root Regions 131.110ms
[1658.977s][info][gc,marking     ] GC(250) Concurrent Mark
[1658.977s][info][gc,marking     ] GC(250) Concurrent Mark From Roots
[1658.977s][info][gc,task        ] GC(250) Using 2 workers of 2 for marking
[1659.573s][info][gc,marking     ] GC(250) Concurrent Mark From Roots 595.776ms
[1659.573s][info][gc,marking     ] GC(250) Concurrent Preclean
[1659.573s][info][gc,marking     ] GC(250) Concurrent Preclean 0.070ms
[1659.573s][info][gc,start       ] GC(250) Pause Remark
[1659.576s][info][gc             ] GC(250) Pause Remark 1614M->1614M(4096M) 3.152ms
[1659.576s][info][gc,cpu         ] GC(250) User=0.02s Sys=0.00s Real=0.00s
[1659.577s][info][gc,marking     ] GC(250) Concurrent Mark 600.445ms
[1659.577s][info][gc,marking     ] GC(250) Concurrent Rebuild Remembered Sets and Scrub Regions
[1659.803s][info][gc,marking     ] GC(250) Concurrent Rebuild Remembered Sets and Scrub Regions 225.295ms
[1659.803s][info][gc,start       ] GC(250) Pause Cleanup
[1659.803s][info][gc             ] GC(250) Pause Cleanup 1677M->1677M(4096M) 0.112ms
[1659.803s][info][gc,cpu         ] GC(250) User=0.00s Sys=0.00s Real=0.00s
[1659.803s][info][gc,marking     ] GC(250) Concurrent Clear Claimed Marks
[1659.803s][info][gc,marking     ] GC(250) Concurrent Clear Claimed Marks 0.027ms
[1659.803s][info][gc,marking     ] GC(250) Concurrent Cleanup for Next Mark
[1659.806s][info][gc,marking     ] GC(250) Concurrent Cleanup for Next Mark 3.228ms
[1659.806s][info][gc             ] GC(250) Concurrent Mark Cycle 960.534ms
.. (rIR:aIR:PR = 2214:2213:2213) (tPR = 32654) [OK] 
  1660s: Performance info:
         Transaction,    Success,    Partial,     Failed,   Receipts, AvgBarcode, 
             Overall,     133213,          0,          0,     126562,      59.47, 
         Response times:
             Request,    Success,    Partial,     Failed,   SkipFail,     Probes,    Samples,      min,      p50,      p90,      p95,      p99,      max, 
       TotalPurchase,     126562,          0,          0,          0,     123595,     135171,      300,     2100,     3100,     3600,    12800,   163000,
     InStorePurchase,      66608,          0,          0,          0,      65499,      71487,      300,     2100,     3200,     3600,    13700,   163000,
      OnlinePurchase,      46629,          0,          0,          0,      45281,      49484,      300,     2000,     3100,     3600,    13115,   141000,
        InstPurchase,      13325,          0,          0,          0,      12815,      14200,      400,     1900,     3000,     3300,     7599,   125000,
          AssocOfCat,        134,          0,          0,          0,         96,        144,    18200,    26000,    32500,    34750,   110400,   168000,
      AssocOfProduct,       1326,          0,          0,          0,       1152,       1355,      400,     1100,     1900,     2400,     4144,    13900,
      BusinessReport,        333,          0,          0,          0,        279,        400,    19500,    29000,    38000,    40000,    61980,   181000,
          CustBuyBeh,       1335,          0,          0,          0,       1185,       1405,      200,     1700,     2900,     3200,    10800,   133000,
       ProductReturn,       3523,          0,          0,          0,       3279,       3760,      200,     1300,     2400,     2800,     9700,   133000,

  1660s: (17%)   IR =   2352 ....|..[1666.966s][info][gc,start       ] GC(251) Pause Young (Prepare Mixed) (G1 Evacuation Pause)
[1666.966s][info][gc,task        ] GC(251) Using 6 workers of 6 for evacuation
[1667.085s][info][gc,phases      ] GC(251)   Pre Evacuate Collection Set: 0.36ms
[1667.085s][info][gc,phases      ] GC(251)   Merge Heap Roots: 0.51ms
[1667.085s][info][gc,phases      ] GC(251)   Evacuate Collection Set: 116.92ms
[1667.085s][info][gc,phases      ] GC(251)   Post Evacuate Collection Set: 0.96ms
[1667.085s][info][gc,phases      ] GC(251)   Other: 0.10ms
[1667.085s][info][gc,heap        ] GC(251) Eden regions: 1119->0(1110)
[1667.085s][info][gc,heap        ] GC(251) Survivor regions: 109->111(154)
[1667.085s][info][gc,heap        ] GC(251) Old regions: 501->533
[1667.085s][info][gc,heap        ] GC(251) Humongous regions: 80->80
[1667.085s][info][gc,metaspace   ] GC(251) Metaspace: 28940K(29248K)->28940K(29248K) NonClass: 24056K(24192K)->24056K(24192K) Class: 4883K(5056K)->4883K(5056K)
[1667.085s][info][gc             ] GC(251) Pause Young (Prepare Mixed) (G1 Evacuation Pause) 3615M->1446M(4096M) 118.983ms
[1667.085s][info][gc,cpu         ] GC(251) User=0.70s Sys=0.00s Real=0.12s
........[1675.026s][info][gc,start       ] GC(252) Pause Young (Mixed) (G1 Evacuation Pause)
[1675.026s][info][gc,task        ] GC(252) Using 6 workers of 6 for evacuation
[1675.157s][info][gc,phases      ] GC(252)   Pre Evacuate Collection Set: 0.41ms
[1675.157s][info][gc,phases      ] GC(252)   Merge Heap Roots: 0.63ms
[1675.157s][info][gc,phases      ] GC(252)   Evacuate Collection Set: 129.03ms
[1675.157s][info][gc,phases      ] GC(252)   Post Evacuate Collection Set: 0.99ms
[1675.157s][info][gc,phases      ] GC(252)   Other: 0.10ms
[1675.157s][info][gc,heap        ] GC(252) Eden regions: 1110->0(1118)
[1675.157s][info][gc,heap        ] GC(252) Survivor regions: 111->110(153)
[1675.157s][info][gc,heap        ] GC(252) Old regions: 533->468
[1675.157s][info][gc,heap        ] GC(252) Humongous regions: 80->80
[1675.157s][info][gc,metaspace   ] GC(252) Metaspace: 28940K(29248K)->28940K(29248K) NonClass: 24056K(24192K)->24056K(24192K) Class: 4883K(5056K)->4883K(5056K)
[1675.157s][info][gc             ] GC(252) Pause Young (Mixed) (G1 Evacuation Pause) 3666M->1315M(4096M) 131.298ms
[1675.158s][info][gc,cpu         ] GC(252) User=0.78s Sys=0.00s Real=0.13s
........[1683.173s][info][gc,start       ] GC(253) Pause Young (Concurrent Start) (G1 Evacuation Pause)
[1683.173s][info][gc,task        ] GC(253) Using 6 workers of 6 for evacuation
[1683.290s][info][gc,phases      ] GC(253)   Pre Evacuate Collection Set: 0.43ms
[1683.290s][info][gc,phases      ] GC(253)   Merge Heap Roots: 0.52ms
[1683.290s][info][gc,phases      ] GC(253)   Evacuate Collection Set: 115.05ms
[1683.290s][info][gc,phases      ] GC(253)   Post Evacuate Collection Set: 0.91ms
[1683.290s][info][gc,phases      ] GC(253)   Other: 0.10ms
[1683.290s][info][gc,heap        ] GC(253) Eden regions: 1118->0(1119)
[1683.290s][info][gc,heap        ] GC(253) Survivor regions: 110->109(154)
[1683.290s][info][gc,heap        ] GC(253) Old regions: 468->500
[1683.290s][info][gc,heap        ] GC(253) Humongous regions: 80->80
[1683.290s][info][gc,metaspace   ] GC(253) Metaspace: 28940K(29248K)->28940K(29248K) NonClass: 24056K(24192K)->24056K(24192K) Class: 4883K(5056K)->4883K(5056K)
[1683.290s][info][gc             ] GC(253) Pause Young (Concurrent Start) (G1 Evacuation Pause) 3551M->1376M(4096M) 117.149ms
[1683.290s][info][gc             ] GC(254) Concurrent Mark Cycle
[1683.290s][info][gc,marking     ] GC(254) Concurrent Scan Root Regions
[1683.290s][info][gc,cpu         ] GC(253) User=0.69s Sys=0.00s Real=0.12s
[1683.448s][info][gc,marking     ] GC(254) Concurrent Scan Root Regions 158.286ms
[1683.448s][info][gc,marking     ] GC(254) Concurrent Mark
[1683.448s][info][gc,marking     ] GC(254) Concurrent Mark From Roots
[1683.448s][info][gc,task        ] GC(254) Using 2 workers of 2 for marking
.[1684.021s][info][gc,marking     ] GC(254) Concurrent Mark From Roots 572.627ms
[1684.021s][info][gc,marking     ] GC(254) Concurrent Preclean
[1684.021s][info][gc,marking     ] GC(254) Concurrent Preclean 0.074ms
[1684.022s][info][gc,start       ] GC(254) Pause Remark
[1684.025s][info][gc             ] GC(254) Pause Remark 1639M->1639M(4096M) 3.094ms
[1684.025s][info][gc,cpu         ] GC(254) User=0.02s Sys=0.00s Real=0.01s
[1684.026s][info][gc,marking     ] GC(254) Concurrent Mark 577.307ms
[1684.026s][info][gc,marking     ] GC(254) Concurrent Rebuild Remembered Sets and Scrub Regions
[1684.236s][info][gc,marking     ] GC(254) Concurrent Rebuild Remembered Sets and Scrub Regions 210.447ms
[1684.236s][info][gc,start       ] GC(254) Pause Cleanup
[1684.236s][info][gc             ] GC(254) Pause Cleanup 1687M->1687M(4096M) 0.117ms
[1684.236s][info][gc,cpu         ] GC(254) User=0.00s Sys=0.00s Real=0.00s
[1684.236s][info][gc,marking     ] GC(254) Concurrent Clear Claimed Marks
[1684.236s][info][gc,marking     ] GC(254) Concurrent Clear Claimed Marks 0.033ms
[1684.236s][info][gc,marking     ] GC(254) Concurrent Cleanup for Next Mark
[1684.240s][info][gc,marking     ] GC(254) Concurrent Cleanup for Next Mark 3.521ms
[1684.240s][info][gc             ] GC(254) Concurrent Mark Cycle 950.064ms
.......[1691.229s][info][gc,start       ] GC(255) Pause Young (Prepare Mixed) (G1 Evacuation Pause)
[1691.229s][info][gc,task        ] GC(255) Using 6 workers of 6 for evacuation
[1691.346s][info][gc,phases      ] GC(255)   Pre Evacuate Collection Set: 0.37ms
[1691.346s][info][gc,phases      ] GC(255)   Merge Heap Roots: 0.57ms
[1691.346s][info][gc,phases      ] GC(255)   Evacuate Collection Set: 115.66ms
[1691.346s][info][gc,phases      ] GC(255)   Post Evacuate Collection Set: 0.97ms
[1691.346s][info][gc,phases      ] GC(255)   Other: 0.10ms
[1691.346s][info][gc,heap        ] GC(255) Eden regions: 1119->0(1115)
[1691.346s][info][gc,heap        ] GC(255) Survivor regions: 109->109(154)
[1691.346s][info][gc,heap        ] GC(255) Old regions: 500->532
[1691.346s][info][gc,heap        ] GC(255) Humongous regions: 80->80
[1691.346s][info][gc,metaspace   ] GC(255) Metaspace: 28940K(29248K)->28940K(29248K) NonClass: 24056K(24192K)->24056K(24192K) Class: 4883K(5056K)->4883K(5056K)
[1691.346s][info][gc             ] GC(255) Pause Young (Prepare Mixed) (G1 Evacuation Pause) 3614M->1439M(4096M) 117.790ms
[1691.347s][info][gc,cpu         ] GC(255) User=0.70s Sys=0.00s Real=0.12s
........[1699.241s][info][gc,start       ] GC(256) Pause Young (Mixed) (G1 Evacuation Pause)
[1699.241s][info][gc,task        ] GC(256) Using 6 workers of 6 for evacuation
[1699.372s][info][gc,phases      ] GC(256)   Pre Evacuate Collection Set: 0.42ms
[1699.372s][info][gc,phases      ] GC(256)   Merge Heap Roots: 0.68ms
[1699.372s][info][gc,phases      ] GC(256)   Evacuate Collection Set: 128.61ms
[1699.372s][info][gc,phases      ] GC(256)   Post Evacuate Collection Set: 0.96ms
[1699.372s][info][gc,phases      ] GC(256)   Other: 0.09ms
[1699.372s][info][gc,heap        ] GC(256) Eden regions: 1115->0(1119)
[1699.372s][info][gc,heap        ] GC(256) Survivor regions: 109->109(153)
[1699.372s][info][gc,heap        ] GC(256) Old regions: 532->468
[1699.372s][info][gc,heap        ] GC(256) Humongous regions: 80->80
[1699.372s][info][gc,metaspace   ] GC(256) Metaspace: 28940K(29248K)->28940K(29248K) NonClass: 24056K(24192K)->24056K(24192K) Class: 4883K(5056K)->4883K(5056K)
[1699.372s][info][gc             ] GC(256) Pause Young (Mixed) (G1 Evacuation Pause) 3669M->1311M(4096M) 130.901ms
[1699.372s][info][gc,cpu         ] GC(256) User=0.77s Sys=0.00s Real=0.13s
........[1707.366s][info][gc,start       ] GC(257) Pause Young (Concurrent Start) (G1 Evacuation Pause)
[1707.366s][info][gc,task        ] GC(257) Using 6 workers of 6 for evacuation
[1707.484s][info][gc,phases      ] GC(257)   Pre Evacuate Collection Set: 0.39ms
[1707.484s][info][gc,phases      ] GC(257)   Merge Heap Roots: 0.47ms
[1707.484s][info][gc,phases      ] GC(257)   Evacuate Collection Set: 115.51ms
[1707.484s][info][gc,phases      ] GC(257)   Post Evacuate Collection Set: 0.94ms
[1707.484s][info][gc,phases      ] GC(257)   Other: 0.11ms
[1707.484s][info][gc,heap        ] GC(257) Eden regions: 1119->0(1119)
[1707.484s][info][gc,heap        ] GC(257) Survivor regions: 109->109(154)
[1707.484s][info][gc,heap        ] GC(257) Old regions: 468->500
[1707.484s][info][gc,heap        ] GC(257) Humongous regions: 80->80
[1707.484s][info][gc,metaspace   ] GC(257) Metaspace: 28940K(29248K)->28940K(29248K) NonClass: 24056K(24192K)->24056K(24192K) Class: 4883K(5056K)->4883K(5056K)
[1707.484s][info][gc             ] GC(257) Pause Young (Concurrent Start) (G1 Evacuation Pause) 3549M->1375M(4096M) 117.559ms
[1707.484s][info][gc             ] GC(258) Concurrent Mark Cycle
[1707.484s][info][gc,marking     ] GC(258) Concurrent Scan Root Regions
[1707.484s][info][gc,cpu         ] GC(257) User=0.70s Sys=0.00s Real=0.12s
[1707.651s][info][gc,marking     ] GC(258) Concurrent Scan Root Regions 166.587ms
[1707.651s][info][gc,marking     ] GC(258) Concurrent Mark
[1707.651s][info][gc,marking     ] GC(258) Concurrent Mark From Roots
[1707.651s][info][gc,task        ] GC(258) Using 2 workers of 2 for marking
.[1708.600s][info][gc,marking     ] GC(258) Concurrent Mark From Roots 948.905ms
[1708.600s][info][gc,marking     ] GC(258) Concurrent Preclean
[1708.600s][info][gc,marking     ] GC(258) Concurrent Preclean 0.050ms
[1708.600s][info][gc,start       ] GC(258) Pause Remark
[1708.604s][info][gc             ] GC(258) Pause Remark 1692M->1692M(4096M) 3.775ms
[1708.604s][info][gc,cpu         ] GC(258) User=0.02s Sys=0.00s Real=0.01s
[1708.604s][info][gc,marking     ] GC(258) Concurrent Mark 952.987ms
[1708.604s][info][gc,marking     ] GC(258) Concurrent Rebuild Remembered Sets and Scrub Regions
.[1708.956s][info][gc,marking     ] GC(258) Concurrent Rebuild Remembered Sets and Scrub Regions 352.847ms
[1708.957s][info][gc,start       ] GC(258) Pause Cleanup
[1708.957s][info][gc             ] GC(258) Pause Cleanup 1821M->1821M(4096M) 0.126ms
[1708.957s][info][gc,cpu         ] GC(258) User=0.00s Sys=0.00s Real=0.00s
[1708.957s][info][gc,marking     ] GC(258) Concurrent Clear Claimed Marks
[1708.957s][info][gc,marking     ] GC(258) Concurrent Clear Claimed Marks 0.027ms
[1708.957s][info][gc,marking     ] GC(258) Concurrent Cleanup for Next Mark
[1708.960s][info][gc,marking     ] GC(258) Concurrent Cleanup for Next Mark 3.293ms
[1708.960s][info][gc             ] GC(258) Concurrent Mark Cycle 1476.159ms
......[1715.576s][info][gc,start       ] GC(259) Pause Young (Prepare Mixed) (G1 Evacuation Pause)
[1715.576s][info][gc,task        ] GC(259) Using 6 workers of 6 for evacuation
[1715.694s][info][gc,phases      ] GC(259)   Pre Evacuate Collection Set: 0.37ms
[1715.694s][info][gc,phases      ] GC(259)   Merge Heap Roots: 0.54ms
[1715.694s][info][gc,phases      ] GC(259)   Evacuate Collection Set: 116.35ms
[1715.694s][info][gc,phases      ] GC(259)   Post Evacuate Collection Set: 0.94ms
[1715.694s][info][gc,phases      ] GC(259)   Other: 0.09ms
[1715.694s][info][gc,heap        ] GC(259) Eden regions: 1119->0(1114)
[1715.694s][info][gc,heap        ] GC(259) Survivor regions: 109->110(154)
[1715.694s][info][gc,heap        ] GC(259) Old regions: 500->531
[1715.694s][info][gc,heap        ] GC(259) Humongous regions: 80->80
[1715.694s][info][gc,metaspace   ] GC(259) Metaspace: 28940K(29248K)->28940K(29248K) NonClass: 24056K(24192K)->24056K(24192K) Class: 4883K(5056K)->4883K(5056K)
[1715.694s][info][gc             ] GC(259) Pause Young (Prepare Mixed) (G1 Evacuation Pause) 3613M->1441M(4096M) 118.430ms
[1715.694s][info][gc,cpu         ] GC(259) User=0.70s Sys=0.01s Real=0.12s
........[1723.590s][info][gc,start       ] GC(260) Pause Young (Mixed) (G1 Evacuation Pause)
[1723.590s][info][gc,task        ] GC(260) Using 6 workers of 6 for evacuation
[1723.723s][info][gc,phases      ] GC(260)   Pre Evacuate Collection Set: 0.39ms
[1723.724s][info][gc,phases      ] GC(260)   Merge Heap Roots: 0.72ms
[1723.724s][info][gc,phases      ] GC(260)   Evacuate Collection Set: 131.20ms
[1723.724s][info][gc,phases      ] GC(260)   Post Evacuate Collection Set: 0.99ms
[1723.724s][info][gc,phases      ] GC(260)   Other: 0.09ms
[1723.724s][info][gc,heap        ] GC(260) Eden regions: 1114->0(1118)
[1723.724s][info][gc,heap        ] GC(260) Survivor regions: 110->110(153)
[1723.724s][info][gc,heap        ] GC(260) Old regions: 531->470
[1723.724s][info][gc,heap        ] GC(260) Humongous regions: 80->80
[1723.724s][info][gc,metaspace   ] GC(260) Metaspace: 28940K(29248K)->28940K(29248K) NonClass: 24056K(24192K)->24056K(24192K) Class: 4883K(5056K)->4883K(5056K)
[1723.724s][info][gc             ] GC(260) Pause Young (Mixed) (G1 Evacuation Pause) 3669M->1317M(4096M) 133.532ms
[1723.724s][info][gc,cpu         ] GC(260) User=0.79s Sys=0.00s Real=0.14s
.. (rIR:aIR:PR = 2352:2352:2352) (tPR = 34859) [OK] 
  1724s: Performance info:
         Transaction,    Success,    Partial,     Failed,   Receipts, AvgBarcode, 
             Overall,     141183,          0,          0,     134114,      59.48, 
         Response times:
             Request,    Success,    Partial,     Failed,   SkipFail,     Probes,    Samples,      min,      p50,      p90,      p95,      p99,      max, 
       TotalPurchase,     134114,          0,          0,          0,     131121,     140700,      300,     2100,     3200,     3600,    11800,   162000,
     InStorePurchase,      70550,          0,          0,          0,      69068,      73990,      300,     2000,     3200,     3600,    11900,   140000,
      OnlinePurchase,      49414,          0,          0,          0,      48420,      51923,      300,     2100,     3200,     3700,    12200,   162000,
        InstPurchase,      14150,          0,          0,          0,      13633,      14787,      400,     1900,     3200,     3600,     8900,   139000,
          AssocOfCat,        139,          0,          0,          0,         93,        148,    17900,    26000,    30100,    33550,    60440,    82000,
      AssocOfProduct,       1409,          0,          0,          0,       1247,       1460,      900,     2900,     3800,     4300,    18000,   155000,
      BusinessReport,        352,          0,          0,          0,        270,        371,    19500,    29000,    35800,    40200,   112120,   170000,
          CustBuyBeh,       1422,          0,          0,          0,       1261,       1497,      200,     1200,     2100,     2500,     6812,   135000,
       ProductReturn,       3747,          0,          0,          0,       3470,       3867,      200,     1900,     3000,     3460,    13256,   138000,

  1724s: (18%)   IR =   2491 ......|[1731.384s][info][gc,start       ] GC(261) Pause Young (Concurrent Start) (G1 Evacuation Pause)
[1731.384s][info][gc,task        ] GC(261) Using 6 workers of 6 for evacuation
[1731.503s][info][gc,phases      ] GC(261)   Pre Evacuate Collection Set: 0.43ms
[1731.503s][info][gc,phases      ] GC(261)   Merge Heap Roots: 0.56ms
[1731.503s][info][gc,phases      ] GC(261)   Evacuate Collection Set: 116.69ms
[1731.503s][info][gc,phases      ] GC(261)   Post Evacuate Collection Set: 0.91ms
[1731.503s][info][gc,phases      ] GC(261)   Other: 0.13ms
[1731.503s][info][gc,heap        ] GC(261) Eden regions: 1118->0(1116)
[1731.503s][info][gc,heap        ] GC(261) Survivor regions: 110->112(154)
[1731.503s][info][gc,heap        ] GC(261) Old regions: 470->502
[1731.503s][info][gc,heap        ] GC(261) Humongous regions: 80->80
[1731.503s][info][gc,metaspace   ] GC(261) Metaspace: 28940K(29248K)->28940K(29248K) NonClass: 24056K(24192K)->24056K(24192K) Class: 4883K(5056K)->4883K(5056K)
[1731.503s][info][gc             ] GC(261) Pause Young (Concurrent Start) (G1 Evacuation Pause) 3553M->1386M(4096M) 118.866ms
[1731.503s][info][gc             ] GC(262) Concurrent Mark Cycle
[1731.503s][info][gc,marking     ] GC(262) Concurrent Scan Root Regions
[1731.503s][info][gc,cpu         ] GC(261) User=0.71s Sys=0.00s Real=0.12s
[1731.675s][info][gc,marking     ] GC(262) Concurrent Scan Root Regions 172.100ms
[1731.675s][info][gc,marking     ] GC(262) Concurrent Mark
[1731.675s][info][gc,marking     ] GC(262) Concurrent Mark From Roots
[1731.675s][info][gc,task        ] GC(262) Using 2 workers of 2 for marking
.[1732.620s][info][gc,marking     ] GC(262) Concurrent Mark From Roots 944.866ms
[1732.620s][info][gc,marking     ] GC(262) Concurrent Preclean
[1732.620s][info][gc,marking     ] GC(262) Concurrent Preclean 0.096ms
[1732.621s][info][gc,start       ] GC(262) Pause Remark
[1732.624s][info][gc             ] GC(262) Pause Remark 1766M->1766M(4096M) 3.837ms
[1732.624s][info][gc,cpu         ] GC(262) User=0.02s Sys=0.00s Real=0.01s
[1732.625s][info][gc,marking     ] GC(262) Concurrent Mark 949.501ms
[1732.625s][info][gc,marking     ] GC(262) Concurrent Rebuild Remembered Sets and Scrub Regions
.[1732.974s][info][gc,marking     ] GC(262) Concurrent Rebuild Remembered Sets and Scrub Regions 349.168ms
[1732.974s][info][gc,start       ] GC(262) Pause Cleanup
[1732.974s][info][gc             ] GC(262) Pause Cleanup 1892M->1892M(4096M) 0.137ms
[1732.974s][info][gc,cpu         ] GC(262) User=0.00s Sys=0.00s Real=0.00s
[1732.974s][info][gc,marking     ] GC(262) Concurrent Clear Claimed Marks
[1732.974s][info][gc,marking     ] GC(262) Concurrent Clear Claimed Marks 0.028ms
[1732.974s][info][gc,marking     ] GC(262) Concurrent Cleanup for Next Mark
[1732.978s][info][gc,marking     ] GC(262) Concurrent Cleanup for Next Mark 3.260ms
[1732.978s][info][gc             ] GC(262) Concurrent Mark Cycle 1474.479ms
......[1739.027s][info][gc,start       ] GC(263) Pause Young (Prepare Mixed) (G1 Evacuation Pause)
[1739.027s][info][gc,task        ] GC(263) Using 6 workers of 6 for evacuation
[1739.143s][info][gc,phases      ] GC(263)   Pre Evacuate Collection Set: 0.41ms
[1739.143s][info][gc,phases      ] GC(263)   Merge Heap Roots: 0.51ms
[1739.143s][info][gc,phases      ] GC(263)   Evacuate Collection Set: 114.15ms
[1739.143s][info][gc,phases      ] GC(263)   Post Evacuate Collection Set: 0.99ms
[1739.143s][info][gc,phases      ] GC(263)   Other: 0.10ms
[1739.143s][info][gc,heap        ] GC(263) Eden regions: 1116->0(1112)
[1739.143s][info][gc,heap        ] GC(263) Survivor regions: 112->109(154)
[1739.143s][info][gc,heap        ] GC(263) Old regions: 502->535
[1739.143s][info][gc,heap        ] GC(263) Humongous regions: 80->80
[1739.143s][info][gc,metaspace   ] GC(263) Metaspace: 28940K(29248K)->28940K(29248K) NonClass: 24056K(24192K)->24056K(24192K) Class: 4883K(5056K)->4883K(5056K)
[1739.143s][info][gc             ] GC(263) Pause Young (Prepare Mixed) (G1 Evacuation Pause) 3618M->1446M(4096M) 116.298ms
[1739.143s][info][gc,cpu         ] GC(263) User=0.68s Sys=0.00s Real=0.11s
.......[1746.456s][info][gc,start       ] GC(264) Pause Young (Mixed) (G1 Evacuation Pause)
[1746.456s][info][gc,task        ] GC(264) Using 6 workers of 6 for evacuation
[1746.589s][info][gc,phases      ] GC(264)   Pre Evacuate Collection Set: 0.39ms
[1746.589s][info][gc,phases      ] GC(264)   Merge Heap Roots: 0.73ms
[1746.589s][info][gc,phases      ] GC(264)   Evacuate Collection Set: 130.27ms
[1746.589s][info][gc,phases      ] GC(264)   Post Evacuate Collection Set: 0.96ms
[1746.589s][info][gc,phases      ] GC(264)   Other: 0.10ms
[1746.589s][info][gc,heap        ] GC(264) Eden regions: 1112->0(1119)
[1746.589s][info][gc,heap        ] GC(264) Survivor regions: 109->109(153)
[1746.589s][info][gc,heap        ] GC(264) Old regions: 535->471
[1746.589s][info][gc,heap        ] GC(264) Humongous regions: 80->80
[1746.589s][info][gc,metaspace   ] GC(264) Metaspace: 28941K(29248K)->28941K(29248K) NonClass: 24058K(24192K)->24058K(24192K) Class: 4883K(5056K)->4883K(5056K)
[1746.589s][info][gc             ] GC(264) Pause Young (Mixed) (G1 Evacuation Pause) 3670M->1318M(4096M) 132.573ms
[1746.589s][info][gc,cpu         ] GC(264) User=0.78s Sys=0.00s Real=0.13s
........[1754.202s][info][gc,start       ] GC(265) Pause Young (Concurrent Start) (G1 Evacuation Pause)
[1754.202s][info][gc,task        ] GC(265) Using 6 workers of 6 for evacuation
[1754.317s][info][gc,phases      ] GC(265)   Pre Evacuate Collection Set: 0.41ms
[1754.317s][info][gc,phases      ] GC(265)   Merge Heap Roots: 0.51ms
[1754.317s][info][gc,phases      ] GC(265)   Evacuate Collection Set: 113.54ms
[1754.317s][info][gc,phases      ] GC(265)   Post Evacuate Collection Set: 0.94ms
[1754.317s][info][gc,phases      ] GC(265)   Other: 0.10ms
[1754.317s][info][gc,heap        ] GC(265) Eden regions: 1119->0(1119)
[1754.317s][info][gc,heap        ] GC(265) Survivor regions: 109->109(154)
[1754.317s][info][gc,heap        ] GC(265) Old regions: 471->503
[1754.317s][info][gc,heap        ] GC(265) Humongous regions: 80->80
[1754.317s][info][gc,metaspace   ] GC(265) Metaspace: 28941K(29248K)->28941K(29248K) NonClass: 24058K(24192K)->24058K(24192K) Class: 4883K(5056K)->4883K(5056K)
[1754.317s][info][gc             ] GC(265) Pause Young (Concurrent Start) (G1 Evacuation Pause) 3556M->1381M(4096M) 115.646ms
[1754.317s][info][gc             ] GC(266) Concurrent Mark Cycle
[1754.318s][info][gc,marking     ] GC(266) Concurrent Scan Root Regions
[1754.318s][info][gc,cpu         ] GC(265) User=0.68s Sys=0.00s Real=0.12s
[1754.485s][info][gc,marking     ] GC(266) Concurrent Scan Root Regions 167.483ms
[1754.485s][info][gc,marking     ] GC(266) Concurrent Mark
[1754.485s][info][gc,marking     ] GC(266) Concurrent Mark From Roots
[1754.485s][info][gc,task        ] GC(266) Using 2 workers of 2 for marking
.[1755.436s][info][gc,marking     ] GC(266) Concurrent Mark From Roots 950.983ms
[1755.436s][info][gc,marking     ] GC(266) Concurrent Preclean
[1755.436s][info][gc,marking     ] GC(266) Concurrent Preclean 0.053ms
[1755.436s][info][gc,start       ] GC(266) Pause Remark
[1755.440s][info][gc             ] GC(266) Pause Remark 1735M->1735M(4096M) 3.918ms
[1755.440s][info][gc,cpu         ] GC(266) User=0.02s Sys=0.01s Real=0.00s
[1755.440s][info][gc,marking     ] GC(266) Concurrent Mark 955.199ms
[1755.440s][info][gc,marking     ] GC(266) Concurrent Rebuild Remembered Sets and Scrub Regions
[1755.790s][info][gc,marking     ] GC(266) Concurrent Rebuild Remembered Sets and Scrub Regions 349.345ms
[1755.790s][info][gc,start       ] GC(266) Pause Cleanup
[1755.790s][info][gc             ] GC(266) Pause Cleanup 1863M->1863M(4096M) 0.134ms
[1755.790s][info][gc,cpu         ] GC(266) User=0.01s Sys=0.00s Real=0.00s
[1755.790s][info][gc,marking     ] GC(266) Concurrent Clear Claimed Marks
[1755.790s][info][gc,marking     ] GC(266) Concurrent Clear Claimed Marks 0.027ms
[1755.790s][info][gc,marking     ] GC(266) Concurrent Cleanup for Next Mark
[1755.793s][info][gc,marking     ] GC(266) Concurrent Cleanup for Next Mark 3.335ms
[1755.793s][info][gc             ] GC(266) Concurrent Mark Cycle 1475.801ms
......[1761.803s][info][gc,start       ] GC(267) Pause Young (Prepare Mixed) (G1 Evacuation Pause)
[1761.803s][info][gc,task        ] GC(267) Using 6 workers of 6 for evacuation
[1761.921s][info][gc,phases      ] GC(267)   Pre Evacuate Collection Set: 0.37ms
[1761.921s][info][gc,phases      ] GC(267)   Merge Heap Roots: 0.57ms
[1761.921s][info][gc,phases      ] GC(267)   Evacuate Collection Set: 115.74ms
[1761.921s][info][gc,phases      ] GC(267)   Post Evacuate Collection Set: 0.96ms
[1761.921s][info][gc,phases      ] GC(267)   Other: 0.08ms
[1761.921s][info][gc,heap        ] GC(267) Eden regions: 1119->0(1110)
[1761.921s][info][gc,heap        ] GC(267) Survivor regions: 109->110(154)
[1761.921s][info][gc,heap        ] GC(267) Old regions: 503->535
[1761.921s][info][gc,heap        ] GC(267) Humongous regions: 80->80
[1761.921s][info][gc,metaspace   ] GC(267) Metaspace: 28945K(29248K)->28945K(29248K) NonClass: 24061K(24192K)->24061K(24192K) Class: 4883K(5056K)->4883K(5056K)
[1761.921s][info][gc             ] GC(267) Pause Young (Prepare Mixed) (G1 Evacuation Pause) 3619M->1447M(4096M) 117.861ms
[1761.921s][info][gc,cpu         ] GC(267) User=0.69s Sys=0.00s Real=0.12s
........[1769.351s][info][gc,start       ] GC(268) Pause Young (Mixed) (G1 Evacuation Pause)
[1769.351s][info][gc,task        ] GC(268) Using 6 workers of 6 for evacuation
[1769.485s][info][gc,phases      ] GC(268)   Pre Evacuate Collection Set: 0.42ms
[1769.485s][info][gc,phases      ] GC(268)   Merge Heap Roots: 0.70ms
[1769.485s][info][gc,phases      ] GC(268)   Evacuate Collection Set: 131.54ms
[1769.485s][info][gc,phases      ] GC(268)   Post Evacuate Collection Set: 0.99ms
[1769.485s][info][gc,phases      ] GC(268)   Other: 0.10ms
[1769.485s][info][gc,heap        ] GC(268) Eden regions: 1110->0(1118)
[1769.485s][info][gc,heap        ] GC(268) Survivor regions: 110->110(153)
[1769.485s][info][gc,heap        ] GC(268) Old regions: 535->471
[1769.485s][info][gc,heap        ] GC(268) Humongous regions: 80->80
[1769.485s][info][gc,metaspace   ] GC(268) Metaspace: 28945K(29248K)->28945K(29248K) NonClass: 24061K(24192K)->24061K(24192K) Class: 4883K(5056K)->4883K(5056K)
[1769.485s][info][gc             ] GC(268) Pause Young (Mixed) (G1 Evacuation Pause) 3667M->1320M(4096M) 133.883ms
[1769.485s][info][gc,cpu         ] GC(268) User=0.80s Sys=0.00s Real=0.14s
........[1777.040s][info][gc,start       ] GC(269) Pause Young (Concurrent Start) (G1 Evacuation Pause)
[1777.040s][info][gc,task        ] GC(269) Using 6 workers of 6 for evacuation
[1777.155s][info][gc,phases      ] GC(269)   Pre Evacuate Collection Set: 0.43ms
[1777.155s][info][gc,phases      ] GC(269)   Merge Heap Roots: 0.47ms
[1777.155s][info][gc,phases      ] GC(269)   Evacuate Collection Set: 113.61ms
[1777.155s][info][gc,phases      ] GC(269)   Post Evacuate Collection Set: 0.91ms
[1777.155s][info][gc,phases      ] GC(269)   Other: 0.09ms
[1777.155s][info][gc,heap        ] GC(269) Eden regions: 1118->0(1119)
[1777.155s][info][gc,heap        ] GC(269) Survivor regions: 110->109(154)
[1777.155s][info][gc,heap        ] GC(269) Old regions: 471->503
[1777.155s][info][gc,heap        ] GC(269) Humongous regions: 80->80
[1777.155s][info][gc,metaspace   ] GC(269) Metaspace: 28945K(29248K)->28945K(29248K) NonClass: 24061K(24192K)->24061K(24192K) Class: 4883K(5056K)->4883K(5056K)
[1777.155s][info][gc             ] GC(269) Pause Young (Concurrent Start) (G1 Evacuation Pause) 3556M->1382M(4096M) 115.640ms
[1777.155s][info][gc             ] GC(270) Concurrent Mark Cycle
[1777.155s][info][gc,marking     ] GC(270) Concurrent Scan Root Regions
[1777.155s][info][gc,cpu         ] GC(269) User=0.69s Sys=0.00s Real=0.12s
[1777.321s][info][gc,marking     ] GC(270) Concurrent Scan Root Regions 165.348ms
[1777.321s][info][gc,marking     ] GC(270) Concurrent Mark
[1777.321s][info][gc,marking     ] GC(270) Concurrent Mark From Roots
[1777.321s][info][gc,task        ] GC(270) Using 2 workers of 2 for marking
.[1778.226s][info][gc,marking     ] GC(270) Concurrent Mark From Roots 904.986ms
[1778.226s][info][gc,marking     ] GC(270) Concurrent Preclean
[1778.226s][info][gc,marking     ] GC(270) Concurrent Preclean 0.054ms
[1778.226s][info][gc,start       ] GC(270) Pause Remark
[1778.230s][info][gc             ] GC(270) Pause Remark 1747M->1747M(4096M) 3.615ms
[1778.230s][info][gc,cpu         ] GC(270) User=0.01s Sys=0.00s Real=0.00s
[1778.230s][info][gc,marking     ] GC(270) Concurrent Mark 908.919ms
[1778.230s][info][gc,marking     ] GC(270) Concurrent Rebuild Remembered Sets and Scrub Regions
[1778.465s][info][gc,marking     ] GC(270) Concurrent Rebuild Remembered Sets and Scrub Regions 235.630ms
[1778.466s][info][gc,start       ] GC(270) Pause Cleanup
[1778.466s][info][gc             ] GC(270) Pause Cleanup 1814M->1814M(4096M) 0.117ms
[1778.466s][info][gc,cpu         ] GC(270) User=0.00s Sys=0.00s Real=0.00s
[1778.466s][info][gc,marking     ] GC(270) Concurrent Clear Claimed Marks
[1778.466s][info][gc,marking     ] GC(270) Concurrent Clear Claimed Marks 0.027ms
[1778.466s][info][gc,marking     ] GC(270) Concurrent Cleanup for Next Mark
[1778.469s][info][gc,marking     ] GC(270) Concurrent Cleanup for Next Mark 3.232ms
[1778.469s][info][gc             ] GC(270) Concurrent Mark Cycle 1313.606ms
......[1784.727s][info][gc,start       ] GC(271) Pause Young (Prepare Mixed) (G1 Evacuation Pause)
[1784.727s][info][gc,task        ] GC(271) Using 6 workers of 6 for evacuation
[1784.843s][info][gc,phases      ] GC(271)   Pre Evacuate Collection Set: 0.38ms
[1784.844s][info][gc,phases      ] GC(271)   Merge Heap Roots: 0.58ms
[1784.844s][info][gc,phases      ] GC(271)   Evacuate Collection Set: 114.07ms
[1784.844s][info][gc,phases      ] GC(271)   Post Evacuate Collection Set: 0.95ms
[1784.844s][info][gc,phases      ] GC(271)   Other: 0.09ms
[1784.844s][info][gc,heap        ] GC(271) Eden regions: 1119->0(1112)
[1784.844s][info][gc,heap        ] GC(271) Survivor regions: 109->109(154)
[1784.844s][info][gc,heap        ] GC(271) Old regions: 503->535
[1784.844s][info][gc,heap        ] GC(271) Humongous regions: 80->80
[1784.844s][info][gc,metaspace   ] GC(271) Metaspace: 28945K(29248K)->28945K(29248K) NonClass: 24061K(24192K)->24061K(24192K) Class: 4883K(5056K)->4883K(5056K)
[1784.844s][info][gc             ] GC(271) Pause Young (Prepare Mixed) (G1 Evacuation Pause) 3620M->1445M(4096M) 116.217ms
[1784.844s][info][gc,cpu         ] GC(271) User=0.69s Sys=0.00s Real=0.12s
....... (rIR:aIR:PR = 2491:2490:2490) (tPR = 37202) [OK] 
  1790s: Performance info:
         Transaction,    Success,    Partial,     Failed,   Receipts, AvgBarcode, 
             Overall,     149504,          0,          0,     142027,      59.47, 
         Response times:
             Request,    Success,    Partial,     Failed,   SkipFail,     Probes,    Samples,      min,      p50,      p90,      p95,      p99,      max, 
       TotalPurchase,     142027,          0,          0,          0,     139158,     154572,      300,     2200,     3500,     4100,    15127,   180000,
     InStorePurchase,      74736,          0,          0,          0,      73453,      81372,      300,     2200,     3500,     4100,    15200,   180000,
      OnlinePurchase,      52360,          0,          0,          0,      51271,      56896,      300,     2200,     3500,     4100,    15200,   148000,
        InstPurchase,      14931,          0,          0,          0,      14434,      16304,      400,     2100,     3300,     3900,    14600,   147000,
          AssocOfCat,        149,          0,          0,          0,        118,        169,    17900,    26000,    32000,    34500,   112000,   175000,
      AssocOfProduct,       1495,          0,          0,          0,       1343,       1638,      600,     2800,     3700,     4205,    24000,   121000,
      BusinessReport,        374,          0,          0,          0,        317,        434,    19300,    30000,    38000,    43250,    72700,   174000,
          CustBuyBeh,       1498,          0,          0,          0,       1326,       1612,      200,     1200,     3000,     3535,    11535,   136000,
       ProductReturn,       3961,          0,          0,          0,       3665,       4304,      300,     1800,     3000,     3500,    11500,   140000,

  1790s: (19%)   IR =   2629 .[1792.278s][info][gc,start       ] GC(272) Pause Young (Mixed) (G1 Evacuation Pause)
[1792.278s][info][gc,task        ] GC(272) Using 6 workers of 6 for evacuation
[1792.409s][info][gc,phases      ] GC(272)   Pre Evacuate Collection Set: 0.42ms
[1792.409s][info][gc,phases      ] GC(272)   Merge Heap Roots: 0.80ms
[1792.409s][info][gc,phases      ] GC(272)   Evacuate Collection Set: 129.24ms
[1792.409s][info][gc,phases      ] GC(272)   Post Evacuate Collection Set: 0.97ms
[1792.409s][info][gc,phases      ] GC(272)   Other: 0.10ms
[1792.409s][info][gc,heap        ] GC(272) Eden regions: 1112->0(1119)
[1792.409s][info][gc,heap        ] GC(272) Survivor regions: 109->109(153)
[1792.409s][info][gc,heap        ] GC(272) Old regions: 535->469
[1792.409s][info][gc,heap        ] GC(272) Humongous regions: 80->80
[1792.409s][info][gc,metaspace   ] GC(272) Metaspace: 28945K(29248K)->28945K(29248K) NonClass: 24062K(24192K)->24062K(24192K) Class: 4883K(5056K)->4883K(5056K)
[1792.409s][info][gc             ] GC(272) Pause Young (Mixed) (G1 Evacuation Pause) 3669M->1315M(4096M) 131.655ms
[1792.409s][info][gc,cpu         ] GC(272) User=0.78s Sys=0.00s Real=0.13s
.....|..[1799.563s][info][gc,start       ] GC(273) Pause Young (Concurrent Start) (G1 Evacuation Pause)
[1799.563s][info][gc,task        ] GC(273) Using 6 workers of 6 for evacuation
[1799.683s][info][gc,phases      ] GC(273)   Pre Evacuate Collection Set: 0.43ms
[1799.683s][info][gc,phases      ] GC(273)   Merge Heap Roots: 0.54ms
[1799.683s][info][gc,phases      ] GC(273)   Evacuate Collection Set: 118.24ms
[1799.683s][info][gc,phases      ] GC(273)   Post Evacuate Collection Set: 0.93ms
[1799.683s][info][gc,phases      ] GC(273)   Other: 0.11ms
[1799.683s][info][gc,heap        ] GC(273) Eden regions: 1119->0(1116)
[1799.683s][info][gc,heap        ] GC(273) Survivor regions: 109->112(154)
[1799.683s][info][gc,heap        ] GC(273) Old regions: 469->502
[1799.683s][info][gc,heap        ] GC(273) Humongous regions: 80->80
[1799.683s][info][gc,metaspace   ] GC(273) Metaspace: 28946K(29248K)->28946K(29248K) NonClass: 24063K(24192K)->24063K(24192K) Class: 4883K(5056K)->4883K(5056K)
[1799.683s][info][gc             ] GC(273) Pause Young (Concurrent Start) (G1 Evacuation Pause) 3553M->1387M(4096M) 120.406ms
[1799.683s][info][gc             ] GC(274) Concurrent Mark Cycle
[1799.683s][info][gc,marking     ] GC(274) Concurrent Scan Root Regions
[1799.683s][info][gc,cpu         ] GC(273) User=0.71s Sys=0.00s Real=0.13s
[1799.810s][info][gc,marking     ] GC(274) Concurrent Scan Root Regions 127.139ms
[1799.811s][info][gc,marking     ] GC(274) Concurrent Mark
[1799.811s][info][gc,marking     ] GC(274) Concurrent Mark From Roots
[1799.811s][info][gc,task        ] GC(274) Using 2 workers of 2 for marking
.[1800.441s][info][gc,marking     ] GC(274) Concurrent Mark From Roots 630.031ms
[1800.441s][info][gc,marking     ] GC(274) Concurrent Preclean
[1800.441s][info][gc,marking     ] GC(274) Concurrent Preclean 0.061ms
[1800.441s][info][gc,start       ] GC(274) Pause Remark
[1800.444s][info][gc             ] GC(274) Pause Remark 1667M->1667M(4096M) 3.503ms
[1800.444s][info][gc,cpu         ] GC(274) User=0.02s Sys=0.00s Real=0.01s
[1800.444s][info][gc,marking     ] GC(274) Concurrent Mark 633.881ms
[1800.444s][info][gc,marking     ] GC(274) Concurrent Rebuild Remembered Sets and Scrub Regions
[1800.688s][info][gc,marking     ] GC(274) Concurrent Rebuild Remembered Sets and Scrub Regions 243.139ms
[1800.688s][info][gc,start       ] GC(274) Pause Cleanup
[1800.688s][info][gc             ] GC(274) Pause Cleanup 1765M->1765M(4096M) 0.116ms
[1800.688s][info][gc,cpu         ] GC(274) User=0.00s Sys=0.00s Real=0.00s
[1800.688s][info][gc,marking     ] GC(274) Concurrent Clear Claimed Marks
[1800.688s][info][gc,marking     ] GC(274) Concurrent Clear Claimed Marks 0.034ms
[1800.688s][info][gc,marking     ] GC(274) Concurrent Cleanup for Next Mark
[1800.691s][info][gc,marking     ] GC(274) Concurrent Cleanup for Next Mark 3.466ms
[1800.691s][info][gc             ] GC(274) Concurrent Mark Cycle 1008.137ms
......[1806.681s][info][gc,start       ] GC(275) Pause Young (Prepare Mixed) (G1 Evacuation Pause)
[1806.681s][info][gc,task        ] GC(275) Using 6 workers of 6 for evacuation
[1806.797s][info][gc,phases      ] GC(275)   Pre Evacuate Collection Set: 0.36ms
[1806.797s][info][gc,phases      ] GC(275)   Merge Heap Roots: 0.57ms
[1806.797s][info][gc,phases      ] GC(275)   Evacuate Collection Set: 114.20ms
[1806.797s][info][gc,phases      ] GC(275)   Post Evacuate Collection Set: 0.97ms
[1806.797s][info][gc,phases      ] GC(275)   Other: 0.09ms
[1806.797s][info][gc,heap        ] GC(275) Eden regions: 1116->0(1115)
[1806.797s][info][gc,heap        ] GC(275) Survivor regions: 112->108(154)
[1806.797s][info][gc,heap        ] GC(275) Old regions: 502->534
[1806.797s][info][gc,heap        ] GC(275) Humongous regions: 80->80
[1806.797s][info][gc,metaspace   ] GC(275) Metaspace: 28946K(29248K)->28946K(29248K) NonClass: 24063K(24192K)->24063K(24192K) Class: 4883K(5056K)->4883K(5056K)
[1806.797s][info][gc             ] GC(275) Pause Young (Prepare Mixed) (G1 Evacuation Pause) 3619M->1443M(4096M) 116.337ms
[1806.797s][info][gc,cpu         ] GC(275) User=0.69s Sys=0.00s Real=0.12s
........[1814.049s][info][gc,start       ] GC(276) Pause Young (Mixed) (G1 Evacuation Pause)
[1814.049s][info][gc,task        ] GC(276) Using 6 workers of 6 for evacuation
[1814.183s][info][gc,phases      ] GC(276)   Pre Evacuate Collection Set: 0.43ms
[1814.183s][info][gc,phases      ] GC(276)   Merge Heap Roots: 0.69ms
[1814.183s][info][gc,phases      ] GC(276)   Evacuate Collection Set: 131.75ms
[1814.183s][info][gc,phases      ] GC(276)   Post Evacuate Collection Set: 0.98ms
[1814.183s][info][gc,phases      ] GC(276)   Other: 0.09ms
[1814.183s][info][gc,heap        ] GC(276) Eden regions: 1115->0(1116)
[1814.183s][info][gc,heap        ] GC(276) Survivor regions: 108->112(153)
[1814.183s][info][gc,heap        ] GC(276) Old regions: 534->471
[1814.183s][info][gc,heap        ] GC(276) Humongous regions: 80->80
[1814.183s][info][gc,metaspace   ] GC(276) Metaspace: 28946K(29248K)->28946K(29248K) NonClass: 24063K(24192K)->24063K(24192K) Class: 4883K(5056K)->4883K(5056K)
[1814.183s][info][gc             ] GC(276) Pause Young (Mixed) (G1 Evacuation Pause) 3673M->1324M(4096M) 134.078ms
[1814.183s][info][gc,cpu         ] GC(276) User=0.79s Sys=0.00s Real=0.14s
.......[1821.224s][info][gc,start       ] GC(277) Pause Young (Concurrent Start) (G1 Evacuation Pause)
[1821.224s][info][gc,task        ] GC(277) Using 6 workers of 6 for evacuation
[1821.344s][info][gc,phases      ] GC(277)   Pre Evacuate Collection Set: 0.40ms
[1821.344s][info][gc,phases      ] GC(277)   Merge Heap Roots: 0.55ms
[1821.344s][info][gc,phases      ] GC(277)   Evacuate Collection Set: 117.91ms
[1821.344s][info][gc,phases      ] GC(277)   Post Evacuate Collection Set: 0.89ms
[1821.344s][info][gc,phases      ] GC(277)   Other: 0.12ms
[1821.344s][info][gc,heap        ] GC(277) Eden regions: 1116->0(1116)
[1821.344s][info][gc,heap        ] GC(277) Survivor regions: 112->112(154)
[1821.344s][info][gc,heap        ] GC(277) Old regions: 471->503
[1821.344s][info][gc,heap        ] GC(277) Humongous regions: 80->80
[1821.344s][info][gc,metaspace   ] GC(277) Metaspace: 28946K(29248K)->28946K(29248K) NonClass: 24063K(24192K)->24063K(24192K) Class: 4883K(5056K)->4883K(5056K)
[1821.344s][info][gc             ] GC(277) Pause Young (Concurrent Start) (G1 Evacuation Pause) 3556M->1387M(4096M) 120.023ms
[1821.344s][info][gc             ] GC(278) Concurrent Mark Cycle
[1821.344s][info][gc,marking     ] GC(278) Concurrent Scan Root Regions
[1821.344s][info][gc,cpu         ] GC(277) User=0.71s Sys=0.00s Real=0.12s
[1821.517s][info][gc,marking     ] GC(278) Concurrent Scan Root Regions 172.271ms
[1821.517s][info][gc,marking     ] GC(278) Concurrent Mark
[1821.517s][info][gc,marking     ] GC(278) Concurrent Mark From Roots
[1821.517s][info][gc,task        ] GC(278) Using 2 workers of 2 for marking
.[1822.463s][info][gc,marking     ] GC(278) Concurrent Mark From Roots 946.161ms
[1822.463s][info][gc,marking     ] GC(278) Concurrent Preclean
[1822.463s][info][gc,marking     ] GC(278) Concurrent Preclean 0.070ms
[1822.463s][info][gc,start       ] GC(278) Pause Remark
[1822.467s][info][gc             ] GC(278) Pause Remark 1774M->1774M(4096M) 3.655ms
[1822.467s][info][gc,cpu         ] GC(278) User=0.02s Sys=0.00s Real=0.00s
[1822.467s][info][gc,marking     ] GC(278) Concurrent Mark 950.469ms
[1822.467s][info][gc,marking     ] GC(278) Concurrent Rebuild Remembered Sets and Scrub Regions
[1822.698s][info][gc,marking     ] GC(278) Concurrent Rebuild Remembered Sets and Scrub Regions 230.484ms
[1822.698s][info][gc,start       ] GC(278) Pause Cleanup
[1822.698s][info][gc             ] GC(278) Pause Cleanup 1842M->1842M(4096M) 0.113ms
[1822.698s][info][gc,cpu         ] GC(278) User=0.00s Sys=0.00s Real=0.00s
[1822.698s][info][gc,marking     ] GC(278) Concurrent Clear Claimed Marks
[1822.698s][info][gc,marking     ] GC(278) Concurrent Clear Claimed Marks 0.029ms
[1822.698s][info][gc,marking     ] GC(278) Concurrent Cleanup for Next Mark
[1822.701s][info][gc,marking     ] GC(278) Concurrent Cleanup for Next Mark 3.213ms
[1822.701s][info][gc             ] GC(278) Concurrent Mark Cycle 1356.878ms
......[1828.489s][info][gc,start       ] GC(279) Pause Young (Prepare Mixed) (G1 Evacuation Pause)
[1828.489s][info][gc,task        ] GC(279) Using 6 workers of 6 for evacuation
[1828.607s][info][gc,phases      ] GC(279)   Pre Evacuate Collection Set: 0.39ms
[1828.607s][info][gc,phases      ] GC(279)   Merge Heap Roots: 0.54ms
[1828.607s][info][gc,phases      ] GC(279)   Evacuate Collection Set: 115.89ms
[1828.607s][info][gc,phases      ] GC(279)   Post Evacuate Collection Set: 0.94ms
[1828.607s][info][gc,phases      ] GC(279)   Other: 0.10ms
[1828.607s][info][gc,heap        ] GC(279) Eden regions: 1116->0(1112)
[1828.607s][info][gc,heap        ] GC(279) Survivor regions: 112->109(154)
[1828.607s][info][gc,heap        ] GC(279) Old regions: 503->535
[1828.607s][info][gc,heap        ] GC(279) Humongous regions: 80->80
[1828.607s][info][gc,metaspace   ] GC(279) Metaspace: 28947K(29248K)->28947K(29248K) NonClass: 24063K(24192K)->24063K(24192K) Class: 4883K(5056K)->4883K(5056K)
[1828.607s][info][gc             ] GC(279) Pause Young (Prepare Mixed) (G1 Evacuation Pause) 3619M->1445M(4096M) 118.002ms
[1828.607s][info][gc,cpu         ] GC(279) User=0.70s Sys=0.01s Real=0.12s
.......[1835.539s][info][gc,start       ] GC(280) Pause Young (Mixed) (G1 Evacuation Pause)
[1835.539s][info][gc,task        ] GC(280) Using 6 workers of 6 for evacuation
[1835.669s][info][gc,phases      ] GC(280)   Pre Evacuate Collection Set: 0.41ms
[1835.669s][info][gc,phases      ] GC(280)   Merge Heap Roots: 0.66ms
[1835.669s][info][gc,phases      ] GC(280)   Evacuate Collection Set: 127.86ms
[1835.669s][info][gc,phases      ] GC(280)   Post Evacuate Collection Set: 1.02ms
[1835.669s][info][gc,phases      ] GC(280)   Other: 0.09ms
[1835.669s][info][gc,heap        ] GC(280) Eden regions: 1112->0(1120)
[1835.669s][info][gc,heap        ] GC(280) Survivor regions: 109->108(153)
[1835.669s][info][gc,heap        ] GC(280) Old regions: 535->470
[1835.669s][info][gc,heap        ] GC(280) Humongous regions: 80->80
[1835.669s][info][gc,metaspace   ] GC(280) Metaspace: 28947K(29248K)->28947K(29248K) NonClass: 24063K(24192K)->24063K(24192K) Class: 4883K(5056K)->4883K(5056K)
[1835.669s][info][gc             ] GC(280) Pause Young (Mixed) (G1 Evacuation Pause) 3669M->1315M(4096M) 130.168ms
[1835.669s][info][gc,cpu         ] GC(280) User=0.77s Sys=0.00s Real=0.13s
.......[1842.941s][info][gc,start       ] GC(281) Pause Young (Concurrent Start) (G1 Evacuation Pause)
[1842.941s][info][gc,task        ] GC(281) Using 6 workers of 6 for evacuation
[1843.057s][info][gc,phases      ] GC(281)   Pre Evacuate Collection Set: 0.42ms
[1843.057s][info][gc,phases      ] GC(281)   Merge Heap Roots: 0.55ms
[1843.057s][info][gc,phases      ] GC(281)   Evacuate Collection Set: 113.74ms
[1843.057s][info][gc,phases      ] GC(281)   Post Evacuate Collection Set: 0.91ms
[1843.057s][info][gc,phases      ] GC(281)   Other: 0.14ms
[1843.057s][info][gc,heap        ] GC(281) Eden regions: 1120->0(1120)
[1843.057s][info][gc,heap        ] GC(281) Survivor regions: 108->108(154)
[1843.057s][info][gc,heap        ] GC(281) Old regions: 470->502
[1843.057s][info][gc,heap        ] GC(281) Humongous regions: 80->80
[1843.057s][info][gc,metaspace   ] GC(281) Metaspace: 28947K(29248K)->28947K(29248K) NonClass: 24063K(24192K)->24063K(24192K) Class: 4883K(5056K)->4883K(5056K)
[1843.057s][info][gc             ] GC(281) Pause Young (Concurrent Start) (G1 Evacuation Pause) 3555M->1377M(4096M) 115.892ms
[1843.057s][info][gc             ] GC(282) Concurrent Mark Cycle
[1843.057s][info][gc,marking     ] GC(282) Concurrent Scan Root Regions
[1843.057s][info][gc,cpu         ] GC(281) User=0.69s Sys=0.00s Real=0.12s
.[1843.203s][info][gc,marking     ] GC(282) Concurrent Scan Root Regions 145.623ms
[1843.203s][info][gc,marking     ] GC(282) Concurrent Mark
[1843.203s][info][gc,marking     ] GC(282) Concurrent Mark From Roots
[1843.203s][info][gc,task        ] GC(282) Using 2 workers of 2 for marking
[1843.806s][info][gc,marking     ] GC(282) Concurrent Mark From Roots 603.234ms
[1843.806s][info][gc,marking     ] GC(282) Concurrent Preclean
[1843.806s][info][gc,marking     ] GC(282) Concurrent Preclean 0.048ms
[1843.806s][info][gc,start       ] GC(282) Pause Remark
[1843.809s][info][gc             ] GC(282) Pause Remark 1667M->1667M(4096M) 3.065ms
[1843.809s][info][gc,cpu         ] GC(282) User=0.02s Sys=0.00s Real=0.00s
[1843.809s][info][gc,marking     ] GC(282) Concurrent Mark 606.611ms
[1843.809s][info][gc,marking     ] GC(282) Concurrent Rebuild Remembered Sets and Scrub Regions
[1844.032s][info][gc,marking     ] GC(282) Concurrent Rebuild Remembered Sets and Scrub Regions 223.006ms
[1844.032s][info][gc,start       ] GC(282) Pause Cleanup
[1844.032s][info][gc             ] GC(282) Pause Cleanup 1718M->1718M(4096M) 0.118ms
[1844.032s][info][gc,cpu         ] GC(282) User=0.00s Sys=0.00s Real=0.00s
[1844.033s][info][gc,marking     ] GC(282) Concurrent Clear Claimed Marks
[1844.033s][info][gc,marking     ] GC(282) Concurrent Clear Claimed Marks 0.027ms
[1844.033s][info][gc,marking     ] GC(282) Concurrent Cleanup for Next Mark
[1844.036s][info][gc,marking     ] GC(282) Concurrent Cleanup for Next Mark 3.776ms
[1844.036s][info][gc             ] GC(282) Concurrent Mark Cycle 979.528ms
.......[1850.106s][info][gc,start       ] GC(283) Pause Young (Prepare Mixed) (G1 Evacuation Pause)
[1850.106s][info][gc,task        ] GC(283) Using 6 workers of 6 for evacuation
[1850.227s][info][gc,phases      ] GC(283)   Pre Evacuate Collection Set: 0.41ms
[1850.227s][info][gc,phases      ] GC(283)   Merge Heap Roots: 0.59ms
[1850.227s][info][gc,phases      ] GC(283)   Evacuate Collection Set: 118.53ms
[1850.227s][info][gc,phases      ] GC(283)   Post Evacuate Collection Set: 0.95ms
[1850.227s][info][gc,phases      ] GC(283)   Other: 0.10ms
[1850.227s][info][gc,heap        ] GC(283) Eden regions: 1120->0(1108)
[1850.227s][info][gc,heap        ] GC(283) Survivor regions: 108->112(154)
[1850.227s][info][gc,heap        ] GC(283) Old regions: 502->533
[1850.227s][info][gc,heap        ] GC(283) Humongous regions: 80->80
[1850.227s][info][gc,metaspace   ] GC(283) Metaspace: 28947K(29248K)->28947K(29248K) NonClass: 24063K(24192K)->24063K(24192K) Class: 4883K(5056K)->4883K(5056K)
[1850.227s][info][gc             ] GC(283) Pause Young (Prepare Mixed) (G1 Evacuation Pause) 3617M->1447M(4096M) 120.717ms
[1850.227s][info][gc,cpu         ] GC(283) User=0.72s Sys=0.00s Real=0.12s
....... (rIR:aIR:PR = 2629:2630:2630) (tPR = 39116) [OK] 
  1856s: Performance info:
         Transaction,    Success,    Partial,     Failed,   Receipts, AvgBarcode, 
             Overall,     158003,          0,          0,     150112,      59.48, 
         Response times:
             Request,    Success,    Partial,     Failed,   SkipFail,     Probes,    Samples,      min,      p50,      p90,      p95,      p99,      max, 
       TotalPurchase,     150112,          0,          0,          0,     146324,     161800,      300,     2300,     3600,     4300,    15900,   153000,
     InStorePurchase,      79048,          0,          0,          0,      77104,      85043,      300,     2300,     3600,     4300,    15800,   153000,
      OnlinePurchase,      55266,          0,          0,          0,      53995,      59706,      300,     2400,     3700,     4300,    17400,   141000,
        InstPurchase,      15798,          0,          0,          0,      15225,      17051,      400,     1800,     3400,     4000,    10396,   138000,
          AssocOfCat,        159,          0,          0,          0,        117,        174,    17600,    26000,    32500,    36250,    48500,    56000,
      AssocOfProduct,       1586,          0,          0,          0,       1451,       1741,      400,     2800,     3900,     4700,    23000,   127000,
      BusinessReport,        392,          0,          0,          0,        311,        418,    20000,    30000,    40000,    48050,   101530,   196000,
          CustBuyBeh,       1579,          0,          0,          0,       1429,       1737,      200,     2100,     3500,     4500,    15100,   138000,
       ProductReturn,       4175,          0,          0,          0,       3887,       4499,      200,     1900,     3500,     4100,    13400,   136000,

  1856s: (20%)   IR =   2767 [1857.320s][info][gc,start       ] GC(284) Pause Young (Mixed) (G1 Evacuation Pause)
[1857.320s][info][gc,task        ] GC(284) Using 6 workers of 6 for evacuation
[1857.458s][info][gc,phases      ] GC(284)   Pre Evacuate Collection Set: 0.39ms
[1857.458s][info][gc,phases      ] GC(284)   Merge Heap Roots: 0.75ms
[1857.458s][info][gc,phases      ] GC(284)   Evacuate Collection Set: 135.48ms
[1857.458s][info][gc,phases      ] GC(284)   Post Evacuate Collection Set: 0.96ms
[1857.458s][info][gc,phases      ] GC(284)   Other: 0.09ms
[1857.458s][info][gc,heap        ] GC(284) Eden regions: 1108->0(1118)
[1857.458s][info][gc,heap        ] GC(284) Survivor regions: 112->110(153)
[1857.458s][info][gc,heap        ] GC(284) Old regions: 533->468
[1857.458s][info][gc,heap        ] GC(284) Humongous regions: 80->80
[1857.458s][info][gc,metaspace   ] GC(284) Metaspace: 28947K(29248K)->28947K(29248K) NonClass: 24063K(24192K)->24063K(24192K) Class: 4883K(5056K)->4883K(5056K)
[1857.458s][info][gc             ] GC(284) Pause Young (Mixed) (G1 Evacuation Pause) 3663M->1315M(4096M) 137.827ms
[1857.458s][info][gc,cpu         ] GC(284) User=0.82s Sys=0.00s Real=0.14s
.......[1864.156s][info][gc,start       ] GC(285) Pause Young (Concurrent Start) (G1 Evacuation Pause)
[1864.156s][info][gc,task        ] GC(285) Using 6 workers of 6 for evacuation
[1864.271s][info][gc,phases      ] GC(285)   Pre Evacuate Collection Set: 0.42ms
[1864.271s][info][gc,phases      ] GC(285)   Merge Heap Roots: 0.47ms
[1864.271s][info][gc,phases      ] GC(285)   Evacuate Collection Set: 113.32ms
[1864.271s][info][gc,phases      ] GC(285)   Post Evacuate Collection Set: 0.95ms
[1864.271s][info][gc,phases      ] GC(285)   Other: 0.12ms
[1864.271s][info][gc,heap        ] GC(285) Eden regions: 1118->0(1119)
[1864.271s][info][gc,heap        ] GC(285) Survivor regions: 110->109(154)
[1864.271s][info][gc,heap        ] GC(285) Old regions: 468->500
[1864.271s][info][gc,heap        ] GC(285) Humongous regions: 80->80
[1864.271s][info][gc,metaspace   ] GC(285) Metaspace: 28947K(29248K)->28947K(29248K) NonClass: 24063K(24192K)->24063K(24192K) Class: 4883K(5056K)->4883K(5056K)
[1864.271s][info][gc             ] GC(285) Pause Young (Concurrent Start) (G1 Evacuation Pause) 3551M->1376M(4096M) 115.417ms
[1864.271s][info][gc             ] GC(286) Concurrent Mark Cycle
[1864.271s][info][gc,marking     ] GC(286) Concurrent Scan Root Regions
[1864.271s][info][gc,cpu         ] GC(285) User=0.68s Sys=0.00s Real=0.11s
[1864.405s][info][gc,marking     ] GC(286) Concurrent Scan Root Regions 134.456ms
[1864.406s][info][gc,marking     ] GC(286) Concurrent Mark
[1864.406s][info][gc,marking     ] GC(286) Concurrent Mark From Roots
[1864.406s][info][gc,task        ] GC(286) Using 2 workers of 2 for marking
[1865.005s][info][gc,marking     ] GC(286) Concurrent Mark From Roots 598.979ms
[1865.005s][info][gc,marking     ] GC(286) Concurrent Preclean
[1865.005s][info][gc,marking     ] GC(286) Concurrent Preclean 0.059ms
[1865.005s][info][gc,start       ] GC(286) Pause Remark
[1865.008s][info][gc             ] GC(286) Pause Remark 1630M->1630M(4096M) 3.274ms
[1865.008s][info][gc,cpu         ] GC(286) User=0.02s Sys=0.00s Real=0.00s
[1865.008s][info][gc,marking     ] GC(286) Concurrent Mark 602.567ms
[1865.008s][info][gc,marking     ] GC(286) Concurrent Rebuild Remembered Sets and Scrub Regions
.[1865.236s][info][gc,marking     ] GC(286) Concurrent Rebuild Remembered Sets and Scrub Regions 228.337ms
[1865.237s][info][gc,start       ] GC(286) Pause Cleanup
[1865.237s][info][gc             ] GC(286) Pause Cleanup 1708M->1708M(4096M) 0.124ms
[1865.237s][info][gc,cpu         ] GC(286) User=0.00s Sys=0.00s Real=0.00s
[1865.237s][info][gc,marking     ] GC(286) Concurrent Clear Claimed Marks
[1865.237s][info][gc,marking     ] GC(286) Concurrent Clear Claimed Marks 0.040ms
[1865.237s][info][gc,marking     ] GC(286) Concurrent Cleanup for Next Mark
[1865.245s][info][gc,marking     ] GC(286) Concurrent Cleanup for Next Mark 8.111ms
[1865.245s][info][gc             ] GC(286) Concurrent Mark Cycle 974.138ms
.|....[1871.080s][info][gc,start       ] GC(287) Pause Young (Prepare Mixed) (G1 Evacuation Pause)
[1871.080s][info][gc,task        ] GC(287) Using 6 workers of 6 for evacuation
[1871.201s][info][gc,phases      ] GC(287)   Pre Evacuate Collection Set: 0.37ms
[1871.201s][info][gc,phases      ] GC(287)   Merge Heap Roots: 0.52ms
[1871.201s][info][gc,phases      ] GC(287)   Evacuate Collection Set: 118.29ms
[1871.201s][info][gc,phases      ] GC(287)   Post Evacuate Collection Set: 0.94ms
[1871.201s][info][gc,phases      ] GC(287)   Other: 0.09ms
[1871.201s][info][gc,heap        ] GC(287) Eden regions: 1119->0(1112)
[1871.201s][info][gc,heap        ] GC(287) Survivor regions: 109->111(154)
[1871.201s][info][gc,heap        ] GC(287) Old regions: 500->531
[1871.201s][info][gc,heap        ] GC(287) Humongous regions: 80->80
[1871.201s][info][gc,metaspace   ] GC(287) Metaspace: 28947K(29248K)->28947K(29248K) NonClass: 24063K(24192K)->24063K(24192K) Class: 4883K(5056K)->4883K(5056K)
[1871.201s][info][gc             ] GC(287) Pause Young (Prepare Mixed) (G1 Evacuation Pause) 3614M->1443M(4096M) 120.346ms
[1871.201s][info][gc,cpu         ] GC(287) User=0.71s Sys=0.00s Real=0.12s
.......[1878.011s][info][gc,start       ] GC(288) Pause Young (Mixed) (G1 Evacuation Pause)
[1878.011s][info][gc,task        ] GC(288) Using 6 workers of 6 for evacuation
[1878.143s][info][gc,phases      ] GC(288)   Pre Evacuate Collection Set: 0.39ms
[1878.143s][info][gc,phases      ] GC(288)   Merge Heap Roots: 0.80ms
[1878.143s][info][gc,phases      ] GC(288)   Evacuate Collection Set: 129.59ms
[1878.143s][info][gc,phases      ] GC(288)   Post Evacuate Collection Set: 0.98ms
[1878.143s][info][gc,phases      ] GC(288)   Other: 0.09ms
[1878.143s][info][gc,heap        ] GC(288) Eden regions: 1112->0(1118)
[1878.143s][info][gc,heap        ] GC(288) Survivor regions: 111->110(153)
[1878.143s][info][gc,heap        ] GC(288) Old regions: 531->469
[1878.143s][info][gc,heap        ] GC(288) Humongous regions: 80->80
[1878.143s][info][gc,metaspace   ] GC(288) Metaspace: 28947K(29248K)->28947K(29248K) NonClass: 24063K(24192K)->24063K(24192K) Class: 4883K(5056K)->4883K(5056K)
[1878.143s][info][gc             ] GC(288) Pause Young (Mixed) (G1 Evacuation Pause) 3667M->1315M(4096M) 131.976ms
[1878.143s][info][gc,cpu         ] GC(288) User=0.78s Sys=0.00s Real=0.13s
.......[1884.955s][info][gc,start       ] GC(289) Pause Young (Concurrent Start) (G1 Evacuation Pause)
[1884.955s][info][gc,task        ] GC(289) Using 6 workers of 6 for evacuation
[1885.074s][info][gc,phases      ] GC(289)   Pre Evacuate Collection Set: 0.40ms
[1885.074s][info][gc,phases      ] GC(289)   Merge Heap Roots: 0.48ms
[1885.074s][info][gc,phases      ] GC(289)   Evacuate Collection Set: 116.79ms
[1885.074s][info][gc,phases      ] GC(289)   Post Evacuate Collection Set: 0.93ms
[1885.074s][info][gc,phases      ] GC(289)   Other: 0.12ms
[1885.074s][info][gc,heap        ] GC(289) Eden regions: 1118->0(1117)
[1885.074s][info][gc,heap        ] GC(289) Survivor regions: 110->111(154)
[1885.074s][info][gc,heap        ] GC(289) Old regions: 469->501
[1885.074s][info][gc,heap        ] GC(289) Humongous regions: 80->80
[1885.074s][info][gc,metaspace   ] GC(289) Metaspace: 28947K(29248K)->28947K(29248K) NonClass: 24063K(24192K)->24063K(24192K) Class: 4883K(5056K)->4883K(5056K)
[1885.074s][info][gc             ] GC(289) Pause Young (Concurrent Start) (G1 Evacuation Pause) 3551M->1382M(4096M) 118.836ms
[1885.074s][info][gc             ] GC(290) Concurrent Mark Cycle
[1885.074s][info][gc,marking     ] GC(290) Concurrent Scan Root Regions
[1885.074s][info][gc,cpu         ] GC(289) User=0.70s Sys=0.00s Real=0.12s
.[1885.246s][info][gc,marking     ] GC(290) Concurrent Scan Root Regions 172.071ms
[1885.246s][info][gc,marking     ] GC(290) Concurrent Mark
[1885.246s][info][gc,marking     ] GC(290) Concurrent Mark From Roots
[1885.246s][info][gc,task        ] GC(290) Using 2 workers of 2 for marking
[1886.153s][info][gc,marking     ] GC(290) Concurrent Mark From Roots 906.714ms
[1886.153s][info][gc,marking     ] GC(290) Concurrent Preclean
[1886.153s][info][gc,marking     ] GC(290) Concurrent Preclean 0.089ms
[1886.153s][info][gc,start       ] GC(290) Pause Remark
[1886.157s][info][gc             ] GC(290) Pause Remark 1803M->1803M(4096M) 3.656ms
[1886.157s][info][gc,cpu         ] GC(290) User=0.02s Sys=0.00s Real=0.00s
[1886.158s][info][gc,marking     ] GC(290) Concurrent Mark 911.390ms
[1886.158s][info][gc,marking     ] GC(290) Concurrent Rebuild Remembered Sets and Scrub Regions
.[1886.557s][info][gc,marking     ] GC(290) Concurrent Rebuild Remembered Sets and Scrub Regions 399.383ms
[1886.557s][info][gc,start       ] GC(290) Pause Cleanup
[1886.557s][info][gc             ] GC(290) Pause Cleanup 1926M->1926M(4096M) 0.129ms
[1886.557s][info][gc,cpu         ] GC(290) User=0.00s Sys=0.00s Real=0.00s
[1886.557s][info][gc,marking     ] GC(290) Concurrent Clear Claimed Marks
[1886.558s][info][gc,marking     ] GC(290) Concurrent Clear Claimed Marks 0.029ms
[1886.558s][info][gc,marking     ] GC(290) Concurrent Cleanup for Next Mark
[1886.561s][info][gc,marking     ] GC(290) Concurrent Cleanup for Next Mark 3.913ms
[1886.562s][info][gc             ] GC(290) Concurrent Mark Cycle 1487.252ms
.....[1891.817s][info][gc,start       ] GC(291) Pause Young (Prepare Mixed) (G1 Evacuation Pause)
[1891.817s][info][gc,task        ] GC(291) Using 6 workers of 6 for evacuation
[1891.934s][info][gc,phases      ] GC(291)   Pre Evacuate Collection Set: 0.36ms
[1891.934s][info][gc,phases      ] GC(291)   Merge Heap Roots: 0.54ms
[1891.934s][info][gc,phases      ] GC(291)   Evacuate Collection Set: 114.82ms
[1891.934s][info][gc,phases      ] GC(291)   Post Evacuate Collection Set: 0.93ms
[1891.934s][info][gc,phases      ] GC(291)   Other: 0.09ms
[1891.934s][info][gc,heap        ] GC(291) Eden regions: 1117->0(1117)
[1891.934s][info][gc,heap        ] GC(291) Survivor regions: 111->108(154)
[1891.934s][info][gc,heap        ] GC(291) Old regions: 501->532
[1891.934s][info][gc,heap        ] GC(291) Humongous regions: 80->80
[1891.934s][info][gc,metaspace   ] GC(291) Metaspace: 28947K(29248K)->28947K(29248K) NonClass: 24063K(24192K)->24063K(24192K) Class: 4883K(5056K)->4883K(5056K)
[1891.934s][info][gc             ] GC(291) Pause Young (Prepare Mixed) (G1 Evacuation Pause) 3616M->1439M(4096M) 116.874ms
[1891.934s][info][gc,cpu         ] GC(291) User=0.69s Sys=0.01s Real=0.12s
.......[1898.643s][info][gc,start       ] GC(292) Pause Young (Mixed) (G1 Evacuation Pause)
[1898.643s][info][gc,task        ] GC(292) Using 6 workers of 6 for evacuation
[1898.778s][info][gc,phases      ] GC(292)   Pre Evacuate Collection Set: 0.40ms
[1898.778s][info][gc,phases      ] GC(292)   Merge Heap Roots: 0.83ms
[1898.778s][info][gc,phases      ] GC(292)   Evacuate Collection Set: 133.06ms
[1898.778s][info][gc,phases      ] GC(292)   Post Evacuate Collection Set: 0.99ms
[1898.778s][info][gc,phases      ] GC(292)   Other: 0.09ms
[1898.778s][info][gc,heap        ] GC(292) Eden regions: 1117->0(1121)
[1898.778s][info][gc,heap        ] GC(292) Survivor regions: 108->107(154)
[1898.778s][info][gc,heap        ] GC(292) Old regions: 532->470
[1898.779s][info][gc,heap        ] GC(292) Humongous regions: 80->80
[1898.779s][info][gc,metaspace   ] GC(292) Metaspace: 28947K(29248K)->28947K(29248K) NonClass: 24063K(24192K)->24063K(24192K) Class: 4883K(5056K)->4883K(5056K)
[1898.779s][info][gc             ] GC(292) Pause Young (Mixed) (G1 Evacuation Pause) 3673M->1313M(4096M) 135.508ms
[1898.779s][info][gc,cpu         ] GC(292) User=0.80s Sys=0.00s Real=0.13s
.......[1905.432s][info][gc,start       ] GC(293) Pause Young (Concurrent Start) (G1 Evacuation Pause)
[1905.432s][info][gc,task        ] GC(293) Using 6 workers of 6 for evacuation
[1905.548s][info][gc,phases      ] GC(293)   Pre Evacuate Collection Set: 0.41ms
[1905.548s][info][gc,phases      ] GC(293)   Merge Heap Roots: 0.49ms
[1905.548s][info][gc,phases      ] GC(293)   Evacuate Collection Set: 114.61ms
[1905.548s][info][gc,phases      ] GC(293)   Post Evacuate Collection Set: 0.92ms
[1905.548s][info][gc,phases      ] GC(293)   Other: 0.11ms
[1905.548s][info][gc,heap        ] GC(293) Eden regions: 1121->0(1119)
[1905.548s][info][gc,heap        ] GC(293) Survivor regions: 107->109(154)
[1905.548s][info][gc,heap        ] GC(293) Old regions: 470->502
[1905.548s][info][gc,heap        ] GC(293) Humongous regions: 80->80
[1905.548s][info][gc,metaspace   ] GC(293) Metaspace: 28947K(29248K)->28947K(29248K) NonClass: 24064K(24192K)->24064K(24192K) Class: 4883K(5056K)->4883K(5056K)
[1905.548s][info][gc             ] GC(293) Pause Young (Concurrent Start) (G1 Evacuation Pause) 3555M->1380M(4096M) 116.709ms
[1905.548s][info][gc             ] GC(294) Concurrent Mark Cycle
[1905.548s][info][gc,marking     ] GC(294) Concurrent Scan Root Regions
[1905.548s][info][gc,cpu         ] GC(293) User=0.69s Sys=0.00s Real=0.12s
[1905.714s][info][gc,marking     ] GC(294) Concurrent Scan Root Regions 165.567ms
[1905.714s][info][gc,marking     ] GC(294) Concurrent Mark
[1905.714s][info][gc,marking     ] GC(294) Concurrent Mark From Roots
[1905.714s][info][gc,task        ] GC(294) Using 2 workers of 2 for marking
.[1906.325s][info][gc,marking     ] GC(294) Concurrent Mark From Roots 610.879ms
[1906.325s][info][gc,marking     ] GC(294) Concurrent Preclean
[1906.325s][info][gc,marking     ] GC(294) Concurrent Preclean 0.058ms
[1906.325s][info][gc,start       ] GC(294) Pause Remark
[1906.328s][info][gc             ] GC(294) Pause Remark 1669M->1669M(4096M) 3.340ms
[1906.328s][info][gc,cpu         ] GC(294) User=0.02s Sys=0.00s Real=0.00s
[1906.329s][info][gc,marking     ] GC(294) Concurrent Mark 614.545ms
[1906.329s][info][gc,marking     ] GC(294) Concurrent Rebuild Remembered Sets and Scrub Regions
[1906.571s][info][gc,marking     ] GC(294) Concurrent Rebuild Remembered Sets and Scrub Regions 242.268ms
[1906.571s][info][gc,start       ] GC(294) Pause Cleanup
[1906.571s][info][gc             ] GC(294) Pause Cleanup 1738M->1738M(4096M) 0.114ms
[1906.571s][info][gc,cpu         ] GC(294) User=0.00s Sys=0.00s Real=0.00s
[1906.571s][info][gc,marking     ] GC(294) Concurrent Clear Claimed Marks
[1906.571s][info][gc,marking     ] GC(294) Concurrent Clear Claimed Marks 0.032ms
[1906.571s][info][gc,marking     ] GC(294) Concurrent Cleanup for Next Mark
[1906.574s][info][gc,marking     ] GC(294) Concurrent Cleanup for Next Mark 3.237ms
[1906.574s][info][gc             ] GC(294) Concurrent Mark Cycle 1026.102ms
......[1912.440s][info][gc,start       ] GC(295) Pause Young (Prepare Mixed) (G1 Evacuation Pause)
[1912.440s][info][gc,task        ] GC(295) Using 6 workers of 6 for evacuation
[1912.558s][info][gc,phases      ] GC(295)   Pre Evacuate Collection Set: 0.38ms
[1912.558s][info][gc,phases      ] GC(295)   Merge Heap Roots: 0.54ms
[1912.558s][info][gc,phases      ] GC(295)   Evacuate Collection Set: 115.60ms
[1912.558s][info][gc,phases      ] GC(295)   Post Evacuate Collection Set: 0.95ms
[1912.558s][info][gc,phases      ] GC(295)   Other: 0.08ms
[1912.558s][info][gc,heap        ] GC(295) Eden regions: 1119->0(1113)
[1912.558s][info][gc,heap        ] GC(295) Survivor regions: 109->109(154)
[1912.558s][info][gc,heap        ] GC(295) Old regions: 502->534
[1912.558s][info][gc,heap        ] GC(295) Humongous regions: 80->80
[1912.558s][info][gc,metaspace   ] GC(295) Metaspace: 28947K(29248K)->28947K(29248K) NonClass: 24064K(24192K)->24064K(24192K) Class: 4883K(5056K)->4883K(5056K)
[1912.558s][info][gc             ] GC(295) Pause Young (Prepare Mixed) (G1 Evacuation Pause) 3618M->1444M(4096M) 117.694ms
[1912.558s][info][gc,cpu         ] GC(295) User=0.69s Sys=0.00s Real=0.12s
......[1919.207s][info][gc,start       ] GC(296) Pause Young (Mixed) (G1 Evacuation Pause)
[1919.207s][info][gc,task        ] GC(296) Using 6 workers of 6 for evacuation
[1919.337s][info][gc,phases      ] GC(296)   Pre Evacuate Collection Set: 0.42ms
[1919.337s][info][gc,phases      ] GC(296)   Merge Heap Roots: 0.61ms
[1919.337s][info][gc,phases      ] GC(296)   Evacuate Collection Set: 127.07ms
[1919.337s][info][gc,phases      ] GC(296)   Post Evacuate Collection Set: 0.96ms
[1919.337s][info][gc,phases      ] GC(296)   Other: 0.09ms
[1919.337s][info][gc,heap        ] GC(296) Eden regions: 1113->0(1119)
[1919.337s][info][gc,heap        ] GC(296) Survivor regions: 109->109(153)
[1919.337s][info][gc,heap        ] GC(296) Old regions: 534->470
[1919.337s][info][gc,heap        ] GC(296) Humongous regions: 80->80
[1919.337s][info][gc,metaspace   ] GC(296) Metaspace: 28947K(29248K)->28947K(29248K) NonClass: 24064K(24192K)->24064K(24192K) Class: 4883K(5056K)->4883K(5056K)
[1919.337s][info][gc             ] GC(296) Pause Young (Mixed) (G1 Evacuation Pause) 3670M->1316M(4096M) 129.305ms
[1919.337s][info][gc,cpu         ] GC(296) User=0.76s Sys=0.00s Real=0.13s
.......[1926.007s][info][gc,start       ] GC(297) Pause Young (Concurrent Start) (G1 Evacuation Pause)
[1926.007s][info][gc,task        ] GC(297) Using 6 workers of 6 for evacuation
[1926.122s][info][gc,phases      ] GC(297)   Pre Evacuate Collection Set: 0.41ms
[1926.122s][info][gc,phases      ] GC(297)   Merge Heap Roots: 0.48ms
[1926.122s][info][gc,phases      ] GC(297)   Evacuate Collection Set: 113.51ms
[1926.122s][info][gc,phases      ] GC(297)   Post Evacuate Collection Set: 0.92ms
[1926.122s][info][gc,phases      ] GC(297)   Other: 0.12ms
[1926.122s][info][gc,heap        ] GC(297) Eden regions: 1119->0(1121)
[1926.122s][info][gc,heap        ] GC(297) Survivor regions: 109->107(154)
[1926.122s][info][gc,heap        ] GC(297) Old regions: 470->503
[1926.122s][info][gc,heap        ] GC(297) Humongous regions: 80->80
[1926.122s][info][gc,metaspace   ] GC(297) Metaspace: 28947K(29248K)->28947K(29248K) NonClass: 24064K(24192K)->24064K(24192K) Class: 4883K(5056K)->4883K(5056K)
[1926.122s][info][gc             ] GC(297) Pause Young (Concurrent Start) (G1 Evacuation Pause) 3554M->1378M(4096M) 115.575ms
[1926.122s][info][gc             ] GC(298) Concurrent Mark Cycle
[1926.122s][info][gc,marking     ] GC(298) Concurrent Scan Root Regions
[1926.123s][info][gc,cpu         ] GC(297) User=0.69s Sys=0.00s Real=0.11s
[1926.289s][info][gc,marking     ] GC(298) Concurrent Scan Root Regions 166.665ms
[1926.289s][info][gc,marking     ] GC(298) Concurrent Mark
[1926.289s][info][gc,marking     ] GC(298) Concurrent Mark From Roots
[1926.289s][info][gc,task        ] GC(298) Using 2 workers of 2 for marking
. (rIR:aIR:PR = 2767:2771:2771) (tPR = 41333) [OK] 
  1926s: Performance info:
         Transaction,    Success,    Partial,     Failed,   Receipts, AvgBarcode, 
             Overall,     166965,          0,          0,     158588,      59.47, 
         Response times:
             Request,    Success,    Partial,     Failed,   SkipFail,     Probes,    Samples,      min,      p50,      p90,      p95,      p99,      max, 
       TotalPurchase,     158588,          0,          0,          0,     154919,     179762,      300,     2400,     3800,     4500,    21000,   189000,
     InStorePurchase,      83525,          0,          0,          0,      81790,      94568,      300,     2300,     3800,     4400,    19200,   189000,
      OnlinePurchase,      58373,          0,          0,          0,      56970,      66149,      300,     2500,     3800,     4500,    23000,   169000,
        InstPurchase,      16690,          0,          0,          0,      16159,      19045,      500,     2500,     3900,     4600,    21000,   169000,
          AssocOfCat,        167,          0,          0,          0,        131,        189,    19200,    26000,    34000,    37000,    66000,    66000,
      AssocOfProduct,       1680,          0,          0,          0,       1502,       1889,      500,     2000,     3000,     3400,    14750,   135000,
      BusinessReport,        420,          0,          0,          0,        333,        463,    19500,    30000,    39000,    46000,    63240,   148000,
          CustBuyBeh,       1666,          0,          0,          0,       1490,       1912,      400,     2600,     3800,     4400,    25000,   135000,
       ProductReturn,       4444,          0,          0,          0,       4153,       5047,      300,     2900,     4000,     4900,    33000,   138000,

  1926s: (21%)   IR =   2906 [1927.197s][info][gc,marking     ] GC(298) Concurrent Mark From Roots 908.214ms
[1927.197s][info][gc,marking     ] GC(298) Concurrent Preclean
[1927.198s][info][gc,marking     ] GC(298) Concurrent Preclean 0.067ms
[1927.200s][info][gc,start       ] GC(298) Pause Remark
[1927.204s][info][gc             ] GC(298) Pause Remark 1766M->1766M(4096M) 4.067ms
[1927.204s][info][gc,cpu         ] GC(298) User=0.02s Sys=0.00s Real=0.01s
[1927.204s][info][gc,marking     ] GC(298) Concurrent Mark 914.809ms
[1927.204s][info][gc,marking     ] GC(298) Concurrent Rebuild Remembered Sets and Scrub Regions
.[1927.445s][info][gc,marking     ] GC(298) Concurrent Rebuild Remembered Sets and Scrub Regions 240.890ms
[1927.445s][info][gc,start       ] GC(298) Pause Cleanup
[1927.445s][info][gc             ] GC(298) Pause Cleanup 1835M->1835M(4096M) 0.117ms
[1927.445s][info][gc,cpu         ] GC(298) User=0.00s Sys=0.00s Real=0.00s
[1927.445s][info][gc,marking     ] GC(298) Concurrent Clear Claimed Marks
[1927.445s][info][gc,marking     ] GC(298) Concurrent Clear Claimed Marks 0.028ms
[1927.445s][info][gc,marking     ] GC(298) Concurrent Cleanup for Next Mark
[1927.449s][info][gc,marking     ] GC(298) Concurrent Cleanup for Next Mark 3.891ms
[1927.449s][info][gc             ] GC(298) Concurrent Mark Cycle 1326.687ms
.....|[1932.640s][info][gc,start       ] GC(299) Pause Young (Prepare Mixed) (G1 Evacuation Pause)
[1932.640s][info][gc,task        ] GC(299) Using 6 workers of 6 for evacuation
[1932.756s][info][gc,phases      ] GC(299)   Pre Evacuate Collection Set: 0.40ms
[1932.756s][info][gc,phases      ] GC(299)   Merge Heap Roots: 0.54ms
[1932.756s][info][gc,phases      ] GC(299)   Evacuate Collection Set: 114.10ms
[1932.756s][info][gc,phases      ] GC(299)   Post Evacuate Collection Set: 0.95ms
[1932.756s][info][gc,phases      ] GC(299)   Other: 0.09ms
[1932.756s][info][gc,heap        ] GC(299) Eden regions: 1121->0(1113)
[1932.756s][info][gc,heap        ] GC(299) Survivor regions: 107->109(154)
[1932.756s][info][gc,heap        ] GC(299) Old regions: 503->534
[1932.756s][info][gc,heap        ] GC(299) Humongous regions: 80->80
[1932.756s][info][gc,metaspace   ] GC(299) Metaspace: 28947K(29248K)->28947K(29248K) NonClass: 24064K(24192K)->24064K(24192K) Class: 4883K(5056K)->4883K(5056K)
[1932.756s][info][gc             ] GC(299) Pause Young (Prepare Mixed) (G1 Evacuation Pause) 3620M->1444M(4096M) 116.234ms
[1932.756s][info][gc,cpu         ] GC(299) User=0.69s Sys=0.01s Real=0.12s
......[1939.128s][info][gc,start       ] GC(300) Pause Young (Mixed) (G1 Evacuation Pause)
[1939.128s][info][gc,task        ] GC(300) Using 6 workers of 6 for evacuation
[1939.261s][info][gc,phases      ] GC(300)   Pre Evacuate Collection Set: 0.43ms
[1939.261s][info][gc,phases      ] GC(300)   Merge Heap Roots: 0.72ms
[1939.261s][info][gc,phases      ] GC(300)   Evacuate Collection Set: 130.66ms
[1939.261s][info][gc,phases      ] GC(300)   Post Evacuate Collection Set: 0.97ms
[1939.261s][info][gc,phases      ] GC(300)   Other: 0.09ms
[1939.261s][info][gc,heap        ] GC(300) Eden regions: 1113->0(1119)
[1939.261s][info][gc,heap        ] GC(300) Survivor regions: 109->109(153)
[1939.261s][info][gc,heap        ] GC(300) Old regions: 534->471
[1939.261s][info][gc,heap        ] GC(300) Humongous regions: 80->80
[1939.261s][info][gc,metaspace   ] GC(300) Metaspace: 28947K(29248K)->28947K(29248K) NonClass: 24064K(24192K)->24064K(24192K) Class: 4883K(5056K)->4883K(5056K)
[1939.261s][info][gc             ] GC(300) Pause Young (Mixed) (G1 Evacuation Pause) 3670M->1318M(4096M) 132.995ms
[1939.261s][info][gc,cpu         ] GC(300) User=0.78s Sys=0.00s Real=0.13s
.......[1945.732s][info][gc,start       ] GC(301) Pause Young (Concurrent Start) (G1 Evacuation Pause)
[1945.732s][info][gc,task        ] GC(301) Using 6 workers of 6 for evacuation
[1945.851s][info][gc,phases      ] GC(301)   Pre Evacuate Collection Set: 0.40ms
[1945.851s][info][gc,phases      ] GC(301)   Merge Heap Roots: 0.48ms
[1945.851s][info][gc,phases      ] GC(301)   Evacuate Collection Set: 116.98ms
[1945.851s][info][gc,phases      ] GC(301)   Post Evacuate Collection Set: 0.92ms
[1945.851s][info][gc,phases      ] GC(301)   Other: 0.10ms
[1945.851s][info][gc,heap        ] GC(301) Eden regions: 1119->0(1119)
[1945.851s][info][gc,heap        ] GC(301) Survivor regions: 109->109(154)
[1945.851s][info][gc,heap        ] GC(301) Old regions: 471->504
[1945.851s][info][gc,heap        ] GC(301) Humongous regions: 80->80
[1945.851s][info][gc,metaspace   ] GC(301) Metaspace: 28947K(29248K)->28947K(29248K) NonClass: 24064K(24192K)->24064K(24192K) Class: 4883K(5056K)->4883K(5056K)
[1945.851s][info][gc             ] GC(301) Pause Young (Concurrent Start) (G1 Evacuation Pause) 3556M->1384M(4096M) 119.030ms
[1945.851s][info][gc             ] GC(302) Concurrent Mark Cycle
[1945.851s][info][gc,marking     ] GC(302) Concurrent Scan Root Regions
[1945.851s][info][gc,cpu         ] GC(301) User=0.70s Sys=0.00s Real=0.12s
[1946.020s][info][gc,marking     ] GC(302) Concurrent Scan Root Regions 169.179ms
[1946.020s][info][gc,marking     ] GC(302) Concurrent Mark
[1946.020s][info][gc,marking     ] GC(302) Concurrent Mark From Roots
[1946.020s][info][gc,task        ] GC(302) Using 2 workers of 2 for marking
.[1946.928s][info][gc,marking     ] GC(302) Concurrent Mark From Roots 907.918ms
[1946.928s][info][gc,marking     ] GC(302) Concurrent Preclean
[1946.928s][info][gc,marking     ] GC(302) Concurrent Preclean 0.084ms
[1946.928s][info][gc,start       ] GC(302) Pause Remark
[1946.932s][info][gc             ] GC(302) Pause Remark 1791M->1791M(4096M) 3.856ms
[1946.932s][info][gc,cpu         ] GC(302) User=0.02s Sys=0.00s Real=0.00s
[1946.933s][info][gc,marking     ] GC(302) Concurrent Mark 912.576ms
[1946.933s][info][gc,marking     ] GC(302) Concurrent Rebuild Remembered Sets and Scrub Regions
[1947.285s][info][gc,marking     ] GC(302) Concurrent Rebuild Remembered Sets and Scrub Regions 352.280ms
[1947.285s][info][gc,start       ] GC(302) Pause Cleanup
[1947.285s][info][gc             ] GC(302) Pause Cleanup 1913M->1913M(4096M) 0.110ms
[1947.285s][info][gc,cpu         ] GC(302) User=0.00s Sys=0.00s Real=0.00s
[1947.285s][info][gc,marking     ] GC(302) Concurrent Clear Claimed Marks
[1947.285s][info][gc,marking     ] GC(302) Concurrent Clear Claimed Marks 0.034ms
[1947.285s][info][gc,marking     ] GC(302) Concurrent Cleanup for Next Mark
[1947.289s][info][gc,marking     ] GC(302) Concurrent Cleanup for Next Mark 3.987ms
[1947.290s][info][gc             ] GC(302) Concurrent Mark Cycle 1438.512ms
.....[1952.157s][info][gc,start       ] GC(303) Pause Young (Prepare Mixed) (G1 Evacuation Pause)
[1952.157s][info][gc,task        ] GC(303) Using 6 workers of 6 for evacuation
[1952.277s][info][gc,phases      ] GC(303)   Pre Evacuate Collection Set: 0.35ms
[1952.277s][info][gc,phases      ] GC(303)   Merge Heap Roots: 0.55ms
[1952.277s][info][gc,phases      ] GC(303)   Evacuate Collection Set: 117.48ms
[1952.277s][info][gc,phases      ] GC(303)   Post Evacuate Collection Set: 0.95ms
[1952.277s][info][gc,phases      ] GC(303)   Other: 0.09ms
[1952.277s][info][gc,heap        ] GC(303) Eden regions: 1119->0(1108)
[1952.277s][info][gc,heap        ] GC(303) Survivor regions: 109->111(154)
[1952.277s][info][gc,heap        ] GC(303) Old regions: 504->535
[1952.277s][info][gc,heap        ] GC(303) Humongous regions: 80->80
[1952.277s][info][gc,metaspace   ] GC(303) Metaspace: 28947K(29248K)->28947K(29248K) NonClass: 24064K(24192K)->24064K(24192K) Class: 4883K(5056K)->4883K(5056K)
[1952.277s][info][gc             ] GC(303) Pause Young (Prepare Mixed) (G1 Evacuation Pause) 3622M->1450M(4096M) 119.534ms
[1952.277s][info][gc,cpu         ] GC(303) User=0.71s Sys=0.00s Real=0.12s
.......[1958.692s][info][gc,start       ] GC(304) Pause Young (Mixed) (G1 Evacuation Pause)
[1958.692s][info][gc,task        ] GC(304) Using 6 workers of 6 for evacuation
[1958.824s][info][gc,phases      ] GC(304)   Pre Evacuate Collection Set: 0.41ms
[1958.825s][info][gc,phases      ] GC(304)   Merge Heap Roots: 0.73ms
[1958.825s][info][gc,phases      ] GC(304)   Evacuate Collection Set: 130.23ms
[1958.825s][info][gc,phases      ] GC(304)   Post Evacuate Collection Set: 0.97ms
[1958.825s][info][gc,phases      ] GC(304)   Other: 0.09ms
[1958.825s][info][gc,heap        ] GC(304) Eden regions: 1108->0(1121)
[1958.825s][info][gc,heap        ] GC(304) Survivor regions: 111->107(153)
[1958.825s][info][gc,heap        ] GC(304) Old regions: 535->470
[1958.825s][info][gc,heap        ] GC(304) Humongous regions: 80->80
[1958.825s][info][gc,metaspace   ] GC(304) Metaspace: 28947K(29248K)->28947K(29248K) NonClass: 24064K(24192K)->24064K(24192K) Class: 4883K(5056K)->4883K(5056K)
[1958.825s][info][gc             ] GC(304) Pause Young (Mixed) (G1 Evacuation Pause) 3666M->1313M(4096M) 132.591ms
[1958.825s][info][gc,cpu         ] GC(304) User=0.78s Sys=0.00s Real=0.14s
......[1965.294s][info][gc,start       ] GC(305) Pause Young (Concurrent Start) (G1 Evacuation Pause)
[1965.294s][info][gc,task        ] GC(305) Using 6 workers of 6 for evacuation
[1965.413s][info][gc,phases      ] GC(305)   Pre Evacuate Collection Set: 0.46ms
[1965.413s][info][gc,phases      ] GC(305)   Merge Heap Roots: 0.49ms
[1965.413s][info][gc,phases      ] GC(305)   Evacuate Collection Set: 117.03ms
[1965.413s][info][gc,phases      ] GC(305)   Post Evacuate Collection Set: 0.94ms
[1965.413s][info][gc,phases      ] GC(305)   Other: 0.13ms
[1965.413s][info][gc,heap        ] GC(305) Eden regions: 1121->0(1117)
[1965.413s][info][gc,heap        ] GC(305) Survivor regions: 107->111(154)
[1965.413s][info][gc,heap        ] GC(305) Old regions: 470->501
[1965.413s][info][gc,heap        ] GC(305) Humongous regions: 80->80
[1965.413s][info][gc,metaspace   ] GC(305) Metaspace: 28947K(29248K)->28947K(29248K) NonClass: 24064K(24192K)->24064K(24192K) Class: 4883K(5056K)->4883K(5056K)
[1965.413s][info][gc             ] GC(305) Pause Young (Concurrent Start) (G1 Evacuation Pause) 3555M->1383M(4096M) 119.179ms
[1965.413s][info][gc             ] GC(306) Concurrent Mark Cycle
[1965.413s][info][gc,marking     ] GC(306) Concurrent Scan Root Regions
[1965.413s][info][gc,cpu         ] GC(305) User=0.70s Sys=0.01s Real=0.12s
.[1965.544s][info][gc,marking     ] GC(306) Concurrent Scan Root Regions 130.816ms
[1965.544s][info][gc,marking     ] GC(306) Concurrent Mark
[1965.544s][info][gc,marking     ] GC(306) Concurrent Mark From Roots
[1965.544s][info][gc,task        ] GC(306) Using 2 workers of 2 for marking
[1966.155s][info][gc,marking     ] GC(306) Concurrent Mark From Roots 610.583ms
[1966.155s][info][gc,marking     ] GC(306) Concurrent Preclean
[1966.155s][info][gc,marking     ] GC(306) Concurrent Preclean 0.053ms
[1966.155s][info][gc,start       ] GC(306) Pause Remark
[1966.158s][info][gc             ] GC(306) Pause Remark 1655M->1655M(4096M) 2.917ms
[1966.158s][info][gc,cpu         ] GC(306) User=0.01s Sys=0.00s Real=0.00s
[1966.158s][info][gc,marking     ] GC(306) Concurrent Mark 613.778ms
[1966.158s][info][gc,marking     ] GC(306) Concurrent Rebuild Remembered Sets and Scrub Regions
.[1966.428s][info][gc,marking     ] GC(306) Concurrent Rebuild Remembered Sets and Scrub Regions 269.728ms
[1966.428s][info][gc,start       ] GC(306) Pause Cleanup
[1966.428s][info][gc             ] GC(306) Pause Cleanup 1769M->1769M(4096M) 0.115ms
[1966.428s][info][gc,cpu         ] GC(306) User=0.00s Sys=0.00s Real=0.00s
[1966.428s][info][gc,marking     ] GC(306) Concurrent Clear Claimed Marks
[1966.428s][info][gc,marking     ] GC(306) Concurrent Clear Claimed Marks 0.030ms
[1966.428s][info][gc,marking     ] GC(306) Concurrent Cleanup for Next Mark
[1966.432s][info][gc,marking     ] GC(306) Concurrent Cleanup for Next Mark 4.569ms
[1966.432s][info][gc             ] GC(306) Concurrent Mark Cycle 1019.364ms
.....[1971.817s][info][gc,start       ] GC(307) Pause Young (Prepare Mixed) (G1 Evacuation Pause)
[1971.817s][info][gc,task        ] GC(307) Using 6 workers of 6 for evacuation
[1971.934s][info][gc,phases      ] GC(307)   Pre Evacuate Collection Set: 0.36ms
[1971.934s][info][gc,phases      ] GC(307)   Merge Heap Roots: 0.52ms
[1971.934s][info][gc,phases      ] GC(307)   Evacuate Collection Set: 114.92ms
[1971.934s][info][gc,phases      ] GC(307)   Post Evacuate Collection Set: 0.94ms
[1971.934s][info][gc,phases      ] GC(307)   Other: 0.09ms
[1971.934s][info][gc,heap        ] GC(307) Eden regions: 1117->0(1114)
[1971.934s][info][gc,heap        ] GC(307) Survivor regions: 111->109(154)
[1971.934s][info][gc,heap        ] GC(307) Old regions: 501->533
[1971.934s][info][gc,heap        ] GC(307) Humongous regions: 80->80
[1971.934s][info][gc,metaspace   ] GC(307) Metaspace: 28947K(29248K)->28947K(29248K) NonClass: 24064K(24192K)->24064K(24192K) Class: 4883K(5056K)->4883K(5056K)
[1971.934s][info][gc             ] GC(307) Pause Young (Prepare Mixed) (G1 Evacuation Pause) 3617M->1443M(4096M) 116.977ms
[1971.934s][info][gc,cpu         ] GC(307) User=0.69s Sys=0.00s Real=0.12s
......[1978.382s][info][gc,start       ] GC(308) Pause Young (Mixed) (G1 Evacuation Pause)
[1978.382s][info][gc,task        ] GC(308) Using 6 workers of 6 for evacuation
[1978.515s][info][gc,phases      ] GC(308)   Pre Evacuate Collection Set: 0.41ms
[1978.515s][info][gc,phases      ] GC(308)   Merge Heap Roots: 0.75ms
[1978.515s][info][gc,phases      ] GC(308)   Evacuate Collection Set: 130.70ms
[1978.515s][info][gc,phases      ] GC(308)   Post Evacuate Collection Set: 0.97ms
[1978.515s][info][gc,phases      ] GC(308)   Other: 0.10ms
[1978.515s][info][gc,heap        ] GC(308) Eden regions: 1114->0(1119)
[1978.515s][info][gc,heap        ] GC(308) Survivor regions: 109->109(153)
[1978.515s][info][gc,heap        ] GC(308) Old regions: 533->471
[1978.515s][info][gc,heap        ] GC(308) Humongous regions: 80->80
[1978.515s][info][gc,metaspace   ] GC(308) Metaspace: 28947K(29248K)->28947K(29248K) NonClass: 24064K(24192K)->24064K(24192K) Class: 4883K(5056K)->4883K(5056K)
[1978.515s][info][gc             ] GC(308) Pause Young (Mixed) (G1 Evacuation Pause) 3671M->1318M(4096M) 133.078ms
[1978.515s][info][gc,cpu         ] GC(308) User=0.79s Sys=0.00s Real=0.14s
.......[1984.964s][info][gc,start       ] GC(309) Pause Young (Concurrent Start) (G1 Evacuation Pause)
[1984.964s][info][gc,task        ] GC(309) Using 6 workers of 6 for evacuation
[1985.084s][info][gc,phases      ] GC(309)   Pre Evacuate Collection Set: 0.42ms
[1985.084s][info][gc,phases      ] GC(309)   Merge Heap Roots: 0.52ms
[1985.084s][info][gc,phases      ] GC(309)   Evacuate Collection Set: 117.99ms
[1985.084s][info][gc,phases      ] GC(309)   Post Evacuate Collection Set: 0.93ms
[1985.084s][info][gc,phases      ] GC(309)   Other: 0.12ms
[1985.084s][info][gc,heap        ] GC(309) Eden regions: 1119->0(1118)
[1985.084s][info][gc,heap        ] GC(309) Survivor regions: 109->110(154)
[1985.084s][info][gc,heap        ] GC(309) Old regions: 471->503
[1985.084s][info][gc,heap        ] GC(309) Humongous regions: 80->80
[1985.084s][info][gc,metaspace   ] GC(309) Metaspace: 28947K(29248K)->28947K(29248K) NonClass: 24064K(24192K)->24064K(24192K) Class: 4883K(5056K)->4883K(5056K)
[1985.084s][info][gc             ] GC(309) Pause Young (Concurrent Start) (G1 Evacuation Pause) 3556M->1383M(4096M) 120.120ms
[1985.084s][info][gc             ] GC(310) Concurrent Mark Cycle
[1985.084s][info][gc,marking     ] GC(310) Concurrent Scan Root Regions
[1985.085s][info][gc,cpu         ] GC(309) User=0.72s Sys=0.00s Real=0.12s
[1985.230s][info][gc,marking     ] GC(310) Concurrent Scan Root Regions 145.684ms
[1985.230s][info][gc,marking     ] GC(310) Concurrent Mark
[1985.230s][info][gc,marking     ] GC(310) Concurrent Mark From Roots
[1985.230s][info][gc,task        ] GC(310) Using 2 workers of 2 for marking
.[1985.797s][info][gc,marking     ] GC(310) Concurrent Mark From Roots 566.661ms
[1985.797s][info][gc,marking     ] GC(310) Concurrent Preclean
[1985.797s][info][gc,marking     ] GC(310) Concurrent Preclean 0.044ms
[1985.797s][info][gc,start       ] GC(310) Pause Remark
[1985.800s][info][gc             ] GC(310) Pause Remark 1672M->1672M(4096M) 3.256ms
[1985.800s][info][gc,cpu         ] GC(310) User=0.02s Sys=0.00s Real=0.00s
[1985.801s][info][gc,marking     ] GC(310) Concurrent Mark 570.237ms
[1985.801s][info][gc,marking     ] GC(310) Concurrent Rebuild Remembered Sets and Scrub Regions
[1986.007s][info][gc,marking     ] GC(310) Concurrent Rebuild Remembered Sets and Scrub Regions 206.459ms
[1986.007s][info][gc,start       ] GC(310) Pause Cleanup
[1986.007s][info][gc             ] GC(310) Pause Cleanup 1759M->1759M(4096M) 0.128ms
[1986.007s][info][gc,cpu         ] GC(310) User=0.00s Sys=0.00s Real=0.00s
[1986.008s][info][gc,marking     ] GC(310) Concurrent Clear Claimed Marks
[1986.008s][info][gc,marking     ] GC(310) Concurrent Clear Claimed Marks 0.040ms
[1986.008s][info][gc,marking     ] GC(310) Concurrent Cleanup for Next Mark
[1986.014s][info][gc,marking     ] GC(310) Concurrent Cleanup for Next Mark 5.793ms
[1986.014s][info][gc             ] GC(310) Concurrent Mark Cycle 929.222ms
.....[1991.483s][info][gc,start       ] GC(311) Pause Young (Prepare Mixed) (G1 Evacuation Pause)
[1991.483s][info][gc,task        ] GC(311) Using 6 workers of 6 for evacuation
[1991.602s][info][gc,phases      ] GC(311)   Pre Evacuate Collection Set: 0.36ms
[1991.602s][info][gc,phases      ] GC(311)   Merge Heap Roots: 0.59ms
[1991.602s][info][gc,phases      ] GC(311)   Evacuate Collection Set: 116.64ms
[1991.602s][info][gc,phases      ] GC(311)   Post Evacuate Collection Set: 0.95ms
[1991.602s][info][gc,phases      ] GC(311)   Other: 0.09ms
[1991.602s][info][gc,heap        ] GC(311) Eden regions: 1118->0(1111)
[1991.602s][info][gc,heap        ] GC(311) Survivor regions: 110->110(154)
[1991.602s][info][gc,heap        ] GC(311) Old regions: 503->534
[1991.602s][info][gc,heap        ] GC(311) Humongous regions: 80->80
[1991.602s][info][gc,metaspace   ] GC(311) Metaspace: 28947K(29248K)->28947K(29248K) NonClass: 24064K(24192K)->24064K(24192K) Class: 4883K(5056K)->4883K(5056K)
[1991.602s][info][gc             ] GC(311) Pause Young (Prepare Mixed) (G1 Evacuation Pause) 3619M->1446M(4096M) 118.757ms
[1991.602s][info][gc,cpu         ] GC(311) User=0.70s Sys=0.00s Real=0.11s
.. (rIR:aIR:PR = 2906:2904:2904) (tPR = 43244) [OK] 
  1992s: Performance info:
         Transaction,    Success,    Partial,     Failed,   Receipts, AvgBarcode, 
             Overall,     174912,          0,          0,     166169,      59.47, 
         Response times:
             Request,    Success,    Partial,     Failed,   SkipFail,     Probes,    Samples,      min,      p50,      p90,      p95,      p99,      max, 
       TotalPurchase,     166169,          0,          0,          0,     162394,     180225,      300,     2500,     4000,     4700,    18000,   178000,
     InStorePurchase,      87482,          0,          0,          0,      85750,      94926,      300,     2600,     4100,     4800,    18973,   178000,
      OnlinePurchase,      61204,          0,          0,          0,      59779,      66357,      300,     2400,     3900,     4600,    17642,   178000,
        InstPurchase,      17483,          0,          0,          0,      16865,      18942,      400,     2100,     3800,     4500,    12800,   139000,
          AssocOfCat,        173,          0,          0,          0,        121,        189,    18800,    26000,    34000,    38500,    57000,    57000,
      AssocOfProduct,       1751,          0,          0,          0,       1574,       1910,      400,     2600,     3800,     4300,    18337,   137000,
      BusinessReport,        438,          0,          0,          0,        342,        459,    19300,    30000,    40000,    46000,    63800,   155000,
          CustBuyBeh,       1748,          0,          0,          0,       1564,       1857,      300,     2900,     4100,     4900,    22420,   137000,
       ProductReturn,       4633,          0,          0,          0,       4288,       4993,      200,     2300,     3500,     4100,    14000,   137000,

  1992s: (22%)   IR =   3044 .....|[1997.671s][info][gc,start       ] GC(312) Pause Young (Mixed) (G1 Evacuation Pause)
[1997.671s][info][gc,task        ] GC(312) Using 6 workers of 6 for evacuation
[1997.804s][info][gc,phases      ] GC(312)   Pre Evacuate Collection Set: 0.40ms
[1997.804s][info][gc,phases      ] GC(312)   Merge Heap Roots: 0.72ms
[1997.804s][info][gc,phases      ] GC(312)   Evacuate Collection Set: 130.86ms
[1997.804s][info][gc,phases      ] GC(312)   Post Evacuate Collection Set: 0.97ms
[1997.804s][info][gc,phases      ] GC(312)   Other: 0.09ms
[1997.804s][info][gc,heap        ] GC(312) Eden regions: 1111->0(1119)
[1997.804s][info][gc,heap        ] GC(312) Survivor regions: 110->109(153)
[1997.804s][info][gc,heap        ] GC(312) Old regions: 534->470
[1997.804s][info][gc,heap        ] GC(312) Humongous regions: 80->80
[1997.804s][info][gc,metaspace   ] GC(312) Metaspace: 28949K(29248K)->28949K(29248K) NonClass: 24065K(24192K)->24065K(24192K) Class: 4883K(5056K)->4883K(5056K)
[1997.804s][info][gc             ] GC(312) Pause Young (Mixed) (G1 Evacuation Pause) 3668M->1317M(4096M) 133.177ms
[1997.804s][info][gc,cpu         ] GC(312) User=0.79s Sys=0.01s Real=0.14s
......[2003.993s][info][gc,start       ] GC(313) Pause Young (Concurrent Start) (G1 Evacuation Pause)
[2003.994s][info][gc,task        ] GC(313) Using 6 workers of 6 for evacuation
[2004.110s][info][gc,phases      ] GC(313)   Pre Evacuate Collection Set: 0.42ms
[2004.110s][info][gc,phases      ] GC(313)   Merge Heap Roots: 0.46ms
[2004.110s][info][gc,phases      ] GC(313)   Evacuate Collection Set: 114.11ms
[2004.110s][info][gc,phases      ] GC(313)   Post Evacuate Collection Set: 0.92ms
[2004.110s][info][gc,phases      ] GC(313)   Other: 0.11ms
[2004.110s][info][gc,heap        ] GC(313) Eden regions: 1119->0(1120)
[2004.110s][info][gc,heap        ] GC(313) Survivor regions: 109->108(154)
[2004.110s][info][gc,heap        ] GC(313) Old regions: 470->503
[2004.110s][info][gc,heap        ] GC(313) Humongous regions: 80->80
[2004.110s][info][gc,metaspace   ] GC(313) Metaspace: 28949K(29248K)->28949K(29248K) NonClass: 24065K(24192K)->24065K(24192K) Class: 4883K(5056K)->4883K(5056K)
[2004.110s][info][gc             ] GC(313) Pause Young (Concurrent Start) (G1 Evacuation Pause) 3555M->1380M(4096M) 116.183ms
[2004.110s][info][gc             ] GC(314) Concurrent Mark Cycle
[2004.110s][info][gc,marking     ] GC(314) Concurrent Scan Root Regions
[2004.110s][info][gc,cpu         ] GC(313) User=0.68s Sys=0.00s Real=0.11s
[2004.241s][info][gc,marking     ] GC(314) Concurrent Scan Root Regions 131.262ms
[2004.241s][info][gc,marking     ] GC(314) Concurrent Mark
[2004.241s][info][gc,marking     ] GC(314) Concurrent Mark From Roots
[2004.241s][info][gc,task        ] GC(314) Using 2 workers of 2 for marking
.[2004.843s][info][gc,marking     ] GC(314) Concurrent Mark From Roots 601.637ms
[2004.843s][info][gc,marking     ] GC(314) Concurrent Preclean
[2004.843s][info][gc,marking     ] GC(314) Concurrent Preclean 0.081ms
[2004.843s][info][gc,start       ] GC(314) Pause Remark
[2004.846s][info][gc             ] GC(314) Pause Remark 1714M->1714M(4096M) 3.301ms
[2004.846s][info][gc,cpu         ] GC(314) User=0.02s Sys=0.00s Real=0.01s
[2004.846s][info][gc,marking     ] GC(314) Concurrent Mark 605.324ms
[2004.846s][info][gc,marking     ] GC(314) Concurrent Rebuild Remembered Sets and Scrub Regions
[2005.074s][info][gc,marking     ] GC(314) Concurrent Rebuild Remembered Sets and Scrub Regions 227.991ms
[2005.074s][info][gc,start       ] GC(314) Pause Cleanup
[2005.075s][info][gc             ] GC(314) Pause Cleanup 1782M->1782M(4096M) 0.113ms
[2005.075s][info][gc,cpu         ] GC(314) User=0.00s Sys=0.00s Real=0.00s
[2005.075s][info][gc,marking     ] GC(314) Concurrent Clear Claimed Marks
[2005.075s][info][gc,marking     ] GC(314) Concurrent Clear Claimed Marks 0.028ms
[2005.075s][info][gc,marking     ] GC(314) Concurrent Cleanup for Next Mark
[2005.078s][info][gc,marking     ] GC(314) Concurrent Cleanup for Next Mark 3.654ms
[2005.078s][info][gc             ] GC(314) Concurrent Mark Cycle 968.708ms
.....[2010.180s][info][gc,start       ] GC(315) Pause Young (Prepare Mixed) (G1 Evacuation Pause)
[2010.180s][info][gc,task        ] GC(315) Using 6 workers of 6 for evacuation
[2010.299s][info][gc,phases      ] GC(315)   Pre Evacuate Collection Set: 0.38ms
[2010.299s][info][gc,phases      ] GC(315)   Merge Heap Roots: 0.50ms
[2010.299s][info][gc,phases      ] GC(315)   Evacuate Collection Set: 117.69ms
[2010.299s][info][gc,phases      ] GC(315)   Post Evacuate Collection Set: 0.96ms
[2010.299s][info][gc,phases      ] GC(315)   Other: 0.09ms
[2010.299s][info][gc,heap        ] GC(315) Eden regions: 1120->0(1106)
[2010.299s][info][gc,heap        ] GC(315) Survivor regions: 108->112(154)
[2010.299s][info][gc,heap        ] GC(315) Old regions: 503->535
[2010.299s][info][gc,heap        ] GC(315) Humongous regions: 80->80
[2010.299s][info][gc,metaspace   ] GC(315) Metaspace: 28949K(29248K)->28949K(29248K) NonClass: 24065K(24192K)->24065K(24192K) Class: 4883K(5056K)->4883K(5056K)
[2010.299s][info][gc             ] GC(315) Pause Young (Prepare Mixed) (G1 Evacuation Pause) 3620M->1451M(4096M) 119.757ms
[2010.299s][info][gc,cpu         ] GC(315) User=0.71s Sys=0.00s Real=0.12s
......[2016.450s][info][gc,start       ] GC(316) Pause Young (Mixed) (G1 Evacuation Pause)
[2016.450s][info][gc,task        ] GC(316) Using 6 workers of 6 for evacuation
[2016.581s][info][gc,phases      ] GC(316)   Pre Evacuate Collection Set: 0.41ms
[2016.581s][info][gc,phases      ] GC(316)   Merge Heap Roots: 0.65ms
[2016.581s][info][gc,phases      ] GC(316)   Evacuate Collection Set: 129.50ms
[2016.581s][info][gc,phases      ] GC(316)   Post Evacuate Collection Set: 1.00ms
[2016.581s][info][gc,phases      ] GC(316)   Other: 0.10ms
[2016.581s][info][gc,heap        ] GC(316) Eden regions: 1106->0(1119)
[2016.581s][info][gc,heap        ] GC(316) Survivor regions: 112->109(153)
[2016.581s][info][gc,heap        ] GC(316) Old regions: 535->472
[2016.581s][info][gc,heap        ] GC(316) Humongous regions: 80->80
[2016.581s][info][gc,metaspace   ] GC(316) Metaspace: 28949K(29248K)->28949K(29248K) NonClass: 24065K(24192K)->24065K(24192K) Class: 4883K(5056K)->4883K(5056K)
[2016.581s][info][gc             ] GC(316) Pause Young (Mixed) (G1 Evacuation Pause) 3663M->1320M(4096M) 131.790ms
[2016.581s][info][gc,cpu         ] GC(316) User=0.78s Sys=0.00s Real=0.13s
.......[2022.693s][info][gc,start       ] GC(317) Pause Young (Concurrent Start) (G1 Evacuation Pause)
[2022.693s][info][gc,task        ] GC(317) Using 6 workers of 6 for evacuation
[2022.812s][info][gc,phases      ] GC(317)   Pre Evacuate Collection Set: 0.44ms
[2022.812s][info][gc,phases      ] GC(317)   Merge Heap Roots: 0.52ms
[2022.812s][info][gc,phases      ] GC(317)   Evacuate Collection Set: 116.68ms
[2022.812s][info][gc,phases      ] GC(317)   Post Evacuate Collection Set: 0.92ms
[2022.812s][info][gc,phases      ] GC(317)   Other: 0.12ms
[2022.812s][info][gc,heap        ] GC(317) Eden regions: 1119->0(1117)
[2022.812s][info][gc,heap        ] GC(317) Survivor regions: 109->111(154)
[2022.812s][info][gc,heap        ] GC(317) Old regions: 472->503
[2022.812s][info][gc,heap        ] GC(317) Humongous regions: 80->80
[2022.812s][info][gc,metaspace   ] GC(317) Metaspace: 28949K(29248K)->28949K(29248K) NonClass: 24065K(24192K)->24065K(24192K) Class: 4883K(5056K)->4883K(5056K)
[2022.812s][info][gc             ] GC(317) Pause Young (Concurrent Start) (G1 Evacuation Pause) 3558M->1386M(4096M) 118.805ms
[2022.812s][info][gc             ] GC(318) Concurrent Mark Cycle
[2022.812s][info][gc,marking     ] GC(318) Concurrent Scan Root Regions
[2022.812s][info][gc,cpu         ] GC(317) User=0.70s Sys=0.00s Real=0.11s
[2022.948s][info][gc,marking     ] GC(318) Concurrent Scan Root Regions 135.979ms
[2022.948s][info][gc,marking     ] GC(318) Concurrent Mark
[2022.948s][info][gc,marking     ] GC(318) Concurrent Mark From Roots
[2022.948s][info][gc,task        ] GC(318) Using 2 workers of 2 for marking
[2023.627s][info][gc,marking     ] GC(318) Concurrent Mark From Roots 679.151ms
[2023.628s][info][gc,marking     ] GC(318) Concurrent Preclean
[2023.628s][info][gc,marking     ] GC(318) Concurrent Preclean 0.070ms
[2023.628s][info][gc,start       ] GC(318) Pause Remark
[2023.631s][info][gc             ] GC(318) Pause Remark 1766M->1766M(4096M) 3.504ms
[2023.631s][info][gc,cpu         ] GC(318) User=0.02s Sys=0.00s Real=0.00s
[2023.631s][info][gc,marking     ] GC(318) Concurrent Mark 683.067ms
[2023.631s][info][gc,marking     ] GC(318) Concurrent Rebuild Remembered Sets and Scrub Regions
.[2023.865s][info][gc,marking     ] GC(318) Concurrent Rebuild Remembered Sets and Scrub Regions 233.374ms
[2023.865s][info][gc,start       ] GC(318) Pause Cleanup
[2023.865s][info][gc             ] GC(318) Pause Cleanup 1832M->1832M(4096M) 0.127ms
[2023.865s][info][gc,cpu         ] GC(318) User=0.00s Sys=0.00s Real=0.00s
[2023.865s][info][gc,marking     ] GC(318) Concurrent Clear Claimed Marks
[2023.865s][info][gc,marking     ] GC(318) Concurrent Clear Claimed Marks 0.032ms
[2023.865s][info][gc,marking     ] GC(318) Concurrent Cleanup for Next Mark
[2023.870s][info][gc,marking     ] GC(318) Concurrent Cleanup for Next Mark 4.542ms
[2023.870s][info][gc             ] GC(318) Concurrent Mark Cycle 1057.531ms
.....[2028.929s][info][gc,start       ] GC(319) Pause Young (Prepare Mixed) (G1 Evacuation Pause)
[2028.929s][info][gc,task        ] GC(319) Using 6 workers of 6 for evacuation
[2029.045s][info][gc,phases      ] GC(319)   Pre Evacuate Collection Set: 0.36ms
[2029.045s][info][gc,phases      ] GC(319)   Merge Heap Roots: 0.51ms
[2029.045s][info][gc,phases      ] GC(319)   Evacuate Collection Set: 114.85ms
[2029.045s][info][gc,phases      ] GC(319)   Post Evacuate Collection Set: 0.93ms
[2029.045s][info][gc,phases      ] GC(319)   Other: 0.09ms
[2029.045s][info][gc,heap        ] GC(319) Eden regions: 1117->0(1113)
[2029.045s][info][gc,heap        ] GC(319) Survivor regions: 111->108(154)
[2029.045s][info][gc,heap        ] GC(319) Old regions: 503->536
[2029.045s][info][gc,heap        ] GC(319) Humongous regions: 80->80
[2029.045s][info][gc,metaspace   ] GC(319) Metaspace: 28949K(29248K)->28949K(29248K) NonClass: 24065K(24192K)->24065K(24192K) Class: 4883K(5056K)->4883K(5056K)
[2029.045s][info][gc             ] GC(319) Pause Young (Prepare Mixed) (G1 Evacuation Pause) 3620M->1446M(4096M) 116.871ms
[2029.045s][info][gc,cpu         ] GC(319) User=0.69s Sys=0.00s Real=0.12s
......[2035.098s][info][gc,start       ] GC(320) Pause Young (Mixed) (G1 Evacuation Pause)
[2035.098s][info][gc,task        ] GC(320) Using 6 workers of 6 for evacuation
[2035.232s][info][gc,phases      ] GC(320)   Pre Evacuate Collection Set: 0.40ms
[2035.232s][info][gc,phases      ] GC(320)   Merge Heap Roots: 0.77ms
[2035.232s][info][gc,phases      ] GC(320)   Evacuate Collection Set: 131.26ms
[2035.232s][info][gc,phases      ] GC(320)   Post Evacuate Collection Set: 1.00ms
[2035.232s][info][gc,phases      ] GC(320)   Other: 0.10ms
[2035.232s][info][gc,heap        ] GC(320) Eden regions: 1113->0(1120)
[2035.232s][info][gc,heap        ] GC(320) Survivor regions: 108->108(153)
[2035.232s][info][gc,heap        ] GC(320) Old regions: 536->471
[2035.232s][info][gc,heap        ] GC(320) Humongous regions: 80->80
[2035.232s][info][gc,metaspace   ] GC(320) Metaspace: 28949K(29248K)->28949K(29248K) NonClass: 24065K(24192K)->24065K(24192K) Class: 4883K(5056K)->4883K(5056K)
[2035.232s][info][gc             ] GC(320) Pause Young (Mixed) (G1 Evacuation Pause) 3672M->1317M(4096M) 133.666ms
[2035.232s][info][gc,cpu         ] GC(320) User=0.79s Sys=0.00s Real=0.13s
......[2041.394s][info][gc,start       ] GC(321) Pause Young (Concurrent Start) (G1 Evacuation Pause)
[2041.394s][info][gc,task        ] GC(321) Using 6 workers of 6 for evacuation
[2041.514s][info][gc,phases      ] GC(321)   Pre Evacuate Collection Set: 0.42ms
[2041.514s][info][gc,phases      ] GC(321)   Merge Heap Roots: 0.59ms
[2041.514s][info][gc,phases      ] GC(321)   Evacuate Collection Set: 117.91ms
[2041.514s][info][gc,phases      ] GC(321)   Post Evacuate Collection Set: 0.91ms
[2041.514s][info][gc,phases      ] GC(321)   Other: 0.12ms
[2041.514s][info][gc,heap        ] GC(321) Eden regions: 1120->0(1118)
[2041.514s][info][gc,heap        ] GC(321) Survivor regions: 108->110(154)
[2041.514s][info][gc,heap        ] GC(321) Old regions: 471->503
[2041.514s][info][gc,heap        ] GC(321) Humongous regions: 80->80
[2041.514s][info][gc,metaspace   ] GC(321) Metaspace: 28949K(29248K)->28949K(29248K) NonClass: 24065K(24192K)->24065K(24192K) Class: 4883K(5056K)->4883K(5056K)
[2041.514s][info][gc             ] GC(321) Pause Young (Concurrent Start) (G1 Evacuation Pause) 3557M->1385M(4096M) 120.080ms
[2041.514s][info][gc             ] GC(322) Concurrent Mark Cycle
[2041.514s][info][gc,marking     ] GC(322) Concurrent Scan Root Regions
[2041.514s][info][gc,cpu         ] GC(321) User=0.71s Sys=0.00s Real=0.12s
[2041.649s][info][gc,marking     ] GC(322) Concurrent Scan Root Regions 135.343ms
[2041.649s][info][gc,marking     ] GC(322) Concurrent Mark
[2041.649s][info][gc,marking     ] GC(322) Concurrent Mark From Roots
[2041.649s][info][gc,task        ] GC(322) Using 2 workers of 2 for marking
.[2042.227s][info][gc,marking     ] GC(322) Concurrent Mark From Roots 577.468ms
[2042.227s][info][gc,marking     ] GC(322) Concurrent Preclean
[2042.227s][info][gc,marking     ] GC(322) Concurrent Preclean 0.048ms
[2042.227s][info][gc,start       ] GC(322) Pause Remark
[2042.230s][info][gc             ] GC(322) Pause Remark 1696M->1696M(4096M) 3.558ms
[2042.230s][info][gc,cpu         ] GC(322) User=0.02s Sys=0.00s Real=0.00s
[2042.231s][info][gc,marking     ] GC(322) Concurrent Mark 581.343ms
[2042.231s][info][gc,marking     ] GC(322) Concurrent Rebuild Remembered Sets and Scrub Regions
[2042.497s][info][gc,marking     ] GC(322) Concurrent Rebuild Remembered Sets and Scrub Regions 266.382ms
[2042.497s][info][gc,start       ] GC(322) Pause Cleanup
[2042.497s][info][gc             ] GC(322) Pause Cleanup 1784M->1784M(4096M) 0.133ms
[2042.497s][info][gc,cpu         ] GC(322) User=0.00s Sys=0.00s Real=0.00s
[2042.497s][info][gc,marking     ] GC(322) Concurrent Clear Claimed Marks
[2042.497s][info][gc,marking     ] GC(322) Concurrent Clear Claimed Marks 0.033ms
[2042.497s][info][gc,marking     ] GC(322) Concurrent Cleanup for Next Mark
[2042.502s][info][gc,marking     ] GC(322) Concurrent Cleanup for Next Mark 4.661ms
[2042.502s][info][gc             ] GC(322) Concurrent Mark Cycle 988.257ms
.....[2047.602s][info][gc,start       ] GC(323) Pause Young (Prepare Mixed) (G1 Evacuation Pause)
[2047.602s][info][gc,task        ] GC(323) Using 6 workers of 6 for evacuation
[2047.722s][info][gc,phases      ] GC(323)   Pre Evacuate Collection Set: 0.36ms
[2047.722s][info][gc,phases      ] GC(323)   Merge Heap Roots: 0.52ms
[2047.722s][info][gc,phases      ] GC(323)   Evacuate Collection Set: 117.60ms
[2047.722s][info][gc,phases      ] GC(323)   Post Evacuate Collection Set: 0.96ms
[2047.722s][info][gc,phases      ] GC(323)   Other: 0.10ms
[2047.722s][info][gc,heap        ] GC(323) Eden regions: 1118->0(1111)
[2047.722s][info][gc,heap        ] GC(323) Survivor regions: 110->110(154)
[2047.722s][info][gc,heap        ] GC(323) Old regions: 503->534
[2047.722s][info][gc,heap        ] GC(323) Humongous regions: 80->80
[2047.722s][info][gc,metaspace   ] GC(323) Metaspace: 28949K(29248K)->28949K(29248K) NonClass: 24065K(24192K)->24065K(24192K) Class: 4883K(5056K)->4883K(5056K)
[2047.722s][info][gc             ] GC(323) Pause Young (Prepare Mixed) (G1 Evacuation Pause) 3621M->1447M(4096M) 119.698ms
[2047.722s][info][gc,cpu         ] GC(323) User=0.71s Sys=0.00s Real=0.12s
.......[2053.811s][info][gc,start       ] GC(324) Pause Young (Mixed) (G1 Evacuation Pause)
[2053.811s][info][gc,task        ] GC(324) Using 6 workers of 6 for evacuation
[2053.944s][info][gc,phases      ] GC(324)   Pre Evacuate Collection Set: 0.39ms
[2053.944s][info][gc,phases      ] GC(324)   Merge Heap Roots: 0.69ms
[2053.944s][info][gc,phases      ] GC(324)   Evacuate Collection Set: 131.29ms
[2053.944s][info][gc,phases      ] GC(324)   Post Evacuate Collection Set: 0.99ms
[2053.944s][info][gc,phases      ] GC(324)   Other: 0.09ms
[2053.944s][info][gc,heap        ] GC(324) Eden regions: 1111->0(1119)
[2053.944s][info][gc,heap        ] GC(324) Survivor regions: 110->109(153)
[2053.944s][info][gc,heap        ] GC(324) Old regions: 534->471
[2053.944s][info][gc,heap        ] GC(324) Humongous regions: 80->80
[2053.944s][info][gc,metaspace   ] GC(324) Metaspace: 28949K(29248K)->28949K(29248K) NonClass: 24065K(24192K)->24065K(24192K) Class: 4883K(5056K)->4883K(5056K)
[2053.944s][info][gc             ] GC(324) Pause Young (Mixed) (G1 Evacuation Pause) 3669M->1318M(4096M) 133.594ms
[2053.944s][info][gc,cpu         ] GC(324) User=0.80s Sys=0.00s Real=0.14s
.... (rIR:aIR:PR = 3044:3046:3046) (tPR = 45364) [OK] 
  2057s: Performance info:
         Transaction,    Success,    Partial,     Failed,   Receipts, AvgBarcode, 
             Overall,     183063,          0,          0,     173898,      59.48, 
         Response times:
             Request,    Success,    Partial,     Failed,   SkipFail,     Probes,    Samples,      min,      p50,      p90,      p95,      p99,      max, 
       TotalPurchase,     173898,          0,          0,          0,     170473,     185802,      300,     2600,     4100,     5000,    19700,   142000,
     InStorePurchase,      91550,          0,          0,          0,      89973,      97746,      300,     2600,     4200,     5000,    20530,   142000,
      OnlinePurchase,      64060,          0,          0,          0,      62882,      68563,      300,     2600,     4100,     5000,    19700,   142000,
        InstPurchase,      18288,          0,          0,          0,      17618,      19493,      400,     2500,     4000,     4700,    17900,   141000,
          AssocOfCat,        182,          0,          0,          0,        135,        216,    19100,    27000,    32300,    39300,   135430,   164000,
      AssocOfProduct,       1832,          0,          0,          0,       1690,       1977,      500,     2100,     3600,     4100,    11766,   138000,
      BusinessReport,        456,          0,          0,          0,        382,        504,    19900,    32500,    46000,    55000,   146500,   177000,
          CustBuyBeh,       1831,          0,          0,          0,       1664,       1966,      600,     3100,     4400,     5800,    24000,   138000,
       ProductReturn,       4864,          0,          0,          0,       4617,       5185,      300,     3000,     4300,     5400,    22140,   139000,

  2057s: (23%)   IR =   3183 ..[2059.954s][info][gc,start       ] GC(325) Pause Young (Concurrent Start) (G1 Evacuation Pause)
[2059.954s][info][gc,task        ] GC(325) Using 6 workers of 6 for evacuation
[2060.073s][info][gc,phases      ] GC(325)   Pre Evacuate Collection Set: 0.39ms
[2060.073s][info][gc,phases      ] GC(325)   Merge Heap Roots: 0.48ms
[2060.073s][info][gc,phases      ] GC(325)   Evacuate Collection Set: 116.90ms
[2060.073s][info][gc,phases      ] GC(325)   Post Evacuate Collection Set: 0.92ms
[2060.073s][info][gc,phases      ] GC(325)   Other: 0.11ms
[2060.073s][info][gc,heap        ] GC(325) Eden regions: 1119->0(1117)
[2060.073s][info][gc,heap        ] GC(325) Survivor regions: 109->111(154)
[2060.073s][info][gc,heap        ] GC(325) Old regions: 471->503
[2060.073s][info][gc,heap        ] GC(325) Humongous regions: 80->80
[2060.073s][info][gc,metaspace   ] GC(325) Metaspace: 28949K(29248K)->28949K(29248K) NonClass: 24066K(24192K)->24066K(24192K) Class: 4883K(5056K)->4883K(5056K)
[2060.073s][info][gc             ] GC(325) Pause Young (Concurrent Start) (G1 Evacuation Pause) 3556M->1387M(4096M) 118.919ms
[2060.073s][info][gc             ] GC(326) Concurrent Mark Cycle
[2060.073s][info][gc,marking     ] GC(326) Concurrent Scan Root Regions
[2060.073s][info][gc,cpu         ] GC(325) User=0.70s Sys=0.00s Real=0.12s
[2060.244s][info][gc,marking     ] GC(326) Concurrent Scan Root Regions 170.836ms
[2060.244s][info][gc,marking     ] GC(326) Concurrent Mark
[2060.244s][info][gc,marking     ] GC(326) Concurrent Mark From Roots
[2060.244s][info][gc,task        ] GC(326) Using 2 workers of 2 for marking
.[2061.167s][info][gc,marking     ] GC(326) Concurrent Mark From Roots 922.635ms
[2061.167s][info][gc,marking     ] GC(326) Concurrent Preclean
[2061.167s][info][gc,marking     ] GC(326) Concurrent Preclean 0.070ms
[2061.167s][info][gc,start       ] GC(326) Pause Remark
[2061.171s][info][gc             ] GC(326) Pause Remark 1831M->1831M(4096M) 4.380ms
[2061.171s][info][gc,cpu         ] GC(326) User=0.02s Sys=0.00s Real=0.00s
[2061.172s][info][gc,marking     ] GC(326) Concurrent Mark 927.358ms
[2061.172s][info][gc,marking     ] GC(326) Concurrent Rebuild Remembered Sets and Scrub Regions
[2061.419s][info][gc,marking     ] GC(326) Concurrent Rebuild Remembered Sets and Scrub Regions 247.781ms
[2061.419s][info][gc,start       ] GC(326) Pause Cleanup
[2061.420s][info][gc             ] GC(326) Pause Cleanup 1922M->1922M(4096M) 0.149ms
[2061.420s][info][gc,cpu         ] GC(326) User=0.00s Sys=0.00s Real=0.00s
[2061.420s][info][gc,marking     ] GC(326) Concurrent Clear Claimed Marks
[2061.420s][info][gc,marking     ] GC(326) Concurrent Clear Claimed Marks 0.029ms
[2061.420s][info][gc,marking     ] GC(326) Concurrent Cleanup for Next Mark
[2061.423s][info][gc,marking     ] GC(326) Concurrent Cleanup for Next Mark 3.341ms
[2061.423s][info][gc             ] GC(326) Concurrent Mark Cycle 1349.811ms
..|...[2065.911s][info][gc,start       ] GC(327) Pause Young (Prepare Mixed) (G1 Evacuation Pause)
[2065.911s][info][gc,task        ] GC(327) Using 6 workers of 6 for evacuation
[2066.028s][info][gc,phases      ] GC(327)   Pre Evacuate Collection Set: 0.35ms
[2066.029s][info][gc,phases      ] GC(327)   Merge Heap Roots: 0.56ms
[2066.029s][info][gc,phases      ] GC(327)   Evacuate Collection Set: 115.17ms
[2066.029s][info][gc,phases      ] GC(327)   Post Evacuate Collection Set: 0.94ms
[2066.029s][info][gc,phases      ] GC(327)   Other: 0.09ms
[2066.029s][info][gc,heap        ] GC(327) Eden regions: 1117->0(1111)
[2066.029s][info][gc,heap        ] GC(327) Survivor regions: 111->109(154)
[2066.029s][info][gc,heap        ] GC(327) Old regions: 503->536
[2066.029s][info][gc,heap        ] GC(327) Humongous regions: 80->80
[2066.029s][info][gc,metaspace   ] GC(327) Metaspace: 28949K(29248K)->28949K(29248K) NonClass: 24066K(24192K)->24066K(24192K) Class: 4883K(5056K)->4883K(5056K)
[2066.029s][info][gc             ] GC(327) Pause Young (Prepare Mixed) (G1 Evacuation Pause) 3621M->1448M(4096M) 117.252ms
[2066.029s][info][gc,cpu         ] GC(327) User=0.69s Sys=0.00s Real=0.12s
......[2071.917s][info][gc,start       ] GC(328) Pause Young (Mixed) (G1 Evacuation Pause)
[2071.917s][info][gc,task        ] GC(328) Using 6 workers of 6 for evacuation
[2072.051s][info][gc,phases      ] GC(328)   Pre Evacuate Collection Set: 0.41ms
[2072.051s][info][gc,phases      ] GC(328)   Merge Heap Roots: 0.79ms
[2072.051s][info][gc,phases      ] GC(328)   Evacuate Collection Set: 131.21ms
[2072.051s][info][gc,phases      ] GC(328)   Post Evacuate Collection Set: 0.97ms
[2072.051s][info][gc,phases      ] GC(328)   Other: 0.10ms
[2072.051s][info][gc,heap        ] GC(328) Eden regions: 1111->0(1119)
[2072.051s][info][gc,heap        ] GC(328) Survivor regions: 109->109(153)
[2072.051s][info][gc,heap        ] GC(328) Old regions: 536->472
[2072.051s][info][gc,heap        ] GC(328) Humongous regions: 80->80
[2072.051s][info][gc,metaspace   ] GC(328) Metaspace: 28949K(29248K)->28949K(29248K) NonClass: 24066K(24192K)->24066K(24192K) Class: 4883K(5056K)->4883K(5056K)
[2072.051s][info][gc             ] GC(328) Pause Young (Mixed) (G1 Evacuation Pause) 3670M->1319M(4096M) 133.609ms
[2072.051s][info][gc,cpu         ] GC(328) User=0.79s Sys=0.00s Real=0.13s
......[2077.838s][info][gc,start       ] GC(329) Pause Young (Concurrent Start) (G1 Evacuation Pause)
[2077.838s][info][gc,task        ] GC(329) Using 6 workers of 6 for evacuation
[2077.955s][info][gc,phases      ] GC(329)   Pre Evacuate Collection Set: 0.45ms
[2077.955s][info][gc,phases      ] GC(329)   Merge Heap Roots: 0.48ms
[2077.955s][info][gc,phases      ] GC(329)   Evacuate Collection Set: 114.98ms
[2077.955s][info][gc,phases      ] GC(329)   Post Evacuate Collection Set: 0.91ms
[2077.955s][info][gc,phases      ] GC(329)   Other: 0.12ms
[2077.955s][info][gc,heap        ] GC(329) Eden regions: 1119->0(1119)
[2077.955s][info][gc,heap        ] GC(329) Survivor regions: 109->109(154)
[2077.955s][info][gc,heap        ] GC(329) Old regions: 472->504
[2077.955s][info][gc,heap        ] GC(329) Humongous regions: 80->80
[2077.955s][info][gc,metaspace   ] GC(329) Metaspace: 28949K(29248K)->28949K(29248K) NonClass: 24066K(24192K)->24066K(24192K) Class: 4883K(5056K)->4883K(5056K)
[2077.955s][info][gc             ] GC(329) Pause Young (Concurrent Start) (G1 Evacuation Pause) 3557M->1384M(4096M) 117.073ms
[2077.955s][info][gc             ] GC(330) Concurrent Mark Cycle
[2077.956s][info][gc,marking     ] GC(330) Concurrent Scan Root Regions
[2077.956s][info][gc,cpu         ] GC(329) User=0.69s Sys=0.00s Real=0.12s
[2078.087s][info][gc,marking     ] GC(330) Concurrent Scan Root Regions 130.999ms
[2078.087s][info][gc,marking     ] GC(330) Concurrent Mark
[2078.087s][info][gc,marking     ] GC(330) Concurrent Mark From Roots
[2078.087s][info][gc,task        ] GC(330) Using 2 workers of 2 for marking
[2078.683s][info][gc,marking     ] GC(330) Concurrent Mark From Roots 596.008ms
[2078.683s][info][gc,marking     ] GC(330) Concurrent Preclean
[2078.683s][info][gc,marking     ] GC(330) Concurrent Preclean 0.115ms
[2078.683s][info][gc,start       ] GC(330) Pause Remark
[2078.686s][info][gc             ] GC(330) Pause Remark 1727M->1727M(4096M) 3.374ms
[2078.686s][info][gc,cpu         ] GC(330) User=0.01s Sys=0.00s Real=0.01s
[2078.686s][info][gc,marking     ] GC(330) Concurrent Mark 599.787ms
[2078.686s][info][gc,marking     ] GC(330) Concurrent Rebuild Remembered Sets and Scrub Regions
.[2078.905s][info][gc,marking     ] GC(330) Concurrent Rebuild Remembered Sets and Scrub Regions 218.359ms
[2078.905s][info][gc,start       ] GC(330) Pause Cleanup
[2078.905s][info][gc             ] GC(330) Pause Cleanup 1790M->1790M(4096M) 0.141ms
[2078.905s][info][gc,cpu         ] GC(330) User=0.00s Sys=0.00s Real=0.00s
[2078.905s][info][gc,marking     ] GC(330) Concurrent Clear Claimed Marks
[2078.905s][info][gc,marking     ] GC(330) Concurrent Clear Claimed Marks 0.029ms
[2078.905s][info][gc,marking     ] GC(330) Concurrent Cleanup for Next Mark
[2078.908s][info][gc,marking     ] GC(330) Concurrent Cleanup for Next Mark 3.287ms
[2078.908s][info][gc             ] GC(330) Concurrent Mark Cycle 952.941ms
.....[2083.869s][info][gc,start       ] GC(331) Pause Young (Prepare Mixed) (G1 Evacuation Pause)
[2083.869s][info][gc,task        ] GC(331) Using 6 workers of 6 for evacuation
[2083.985s][info][gc,phases      ] GC(331)   Pre Evacuate Collection Set: 0.35ms
[2083.985s][info][gc,phases      ] GC(331)   Merge Heap Roots: 0.51ms
[2083.985s][info][gc,phases      ] GC(331)   Evacuate Collection Set: 114.09ms
[2083.985s][info][gc,phases      ] GC(331)   Post Evacuate Collection Set: 0.94ms
[2083.985s][info][gc,phases      ] GC(331)   Other: 0.09ms
[2083.985s][info][gc,heap        ] GC(331) Eden regions: 1119->0(1111)
[2083.985s][info][gc,heap        ] GC(331) Survivor regions: 109->109(154)
[2083.985s][info][gc,heap        ] GC(331) Old regions: 504->536
[2083.985s][info][gc,heap        ] GC(331) Humongous regions: 80->80
[2083.985s][info][gc,metaspace   ] GC(331) Metaspace: 28949K(29248K)->28949K(29248K) NonClass: 24066K(24192K)->24066K(24192K) Class: 4883K(5056K)->4883K(5056K)
[2083.985s][info][gc             ] GC(331) Pause Young (Prepare Mixed) (G1 Evacuation Pause) 3622M->1449M(4096M) 116.112ms
[2083.985s][info][gc,cpu         ] GC(331) User=0.68s Sys=0.00s Real=0.12s
.....[2089.732s][info][gc,start       ] GC(332) Pause Young (Mixed) (G1 Evacuation Pause)
[2089.732s][info][gc,task        ] GC(332) Using 6 workers of 6 for evacuation
[2089.863s][info][gc,phases      ] GC(332)   Pre Evacuate Collection Set: 0.42ms
[2089.863s][info][gc,phases      ] GC(332)   Merge Heap Roots: 0.68ms
[2089.863s][info][gc,phases      ] GC(332)   Evacuate Collection Set: 128.69ms
[2089.863s][info][gc,phases      ] GC(332)   Post Evacuate Collection Set: 0.97ms
[2089.863s][info][gc,phases      ] GC(332)   Other: 0.09ms
[2089.863s][info][gc,heap        ] GC(332) Eden regions: 1111->0(1120)
[2089.863s][info][gc,heap        ] GC(332) Survivor regions: 109->108(153)
[2089.863s][info][gc,heap        ] GC(332) Old regions: 536->473
[2089.863s][info][gc,heap        ] GC(332) Humongous regions: 80->80
[2089.863s][info][gc,metaspace   ] GC(332) Metaspace: 28949K(29248K)->28949K(29248K) NonClass: 24066K(24192K)->24066K(24192K) Class: 4883K(5056K)->4883K(5056K)
[2089.863s][info][gc             ] GC(332) Pause Young (Mixed) (G1 Evacuation Pause) 3671M->1319M(4096M) 131.007ms
[2089.863s][info][gc,cpu         ] GC(332) User=0.78s Sys=0.00s Real=0.14s
......[2095.679s][info][gc,start       ] GC(333) Pause Young (Concurrent Start) (G1 Evacuation Pause)
[2095.679s][info][gc,task        ] GC(333) Using 6 workers of 6 for evacuation
[2095.798s][info][gc,phases      ] GC(333)   Pre Evacuate Collection Set: 0.41ms
[2095.798s][info][gc,phases      ] GC(333)   Merge Heap Roots: 0.47ms
[2095.798s][info][gc,phases      ] GC(333)   Evacuate Collection Set: 116.40ms
[2095.798s][info][gc,phases      ] GC(333)   Post Evacuate Collection Set: 1.00ms
[2095.798s][info][gc,phases      ] GC(333)   Other: 0.12ms
[2095.798s][info][gc,heap        ] GC(333) Eden regions: 1120->0(1118)
[2095.798s][info][gc,heap        ] GC(333) Survivor regions: 108->110(154)
[2095.798s][info][gc,heap        ] GC(333) Old regions: 473->504
[2095.798s][info][gc,heap        ] GC(333) Humongous regions: 80->80
[2095.798s][info][gc,metaspace   ] GC(333) Metaspace: 28949K(29248K)->28949K(29248K) NonClass: 24066K(24192K)->24066K(24192K) Class: 4883K(5056K)->4883K(5056K)
[2095.798s][info][gc             ] GC(333) Pause Young (Concurrent Start) (G1 Evacuation Pause) 3559M->1386M(4096M) 118.538ms
[2095.798s][info][gc             ] GC(334) Concurrent Mark Cycle
[2095.798s][info][gc,marking     ] GC(334) Concurrent Scan Root Regions
[2095.798s][info][gc,cpu         ] GC(333) User=0.70s Sys=0.00s Real=0.12s
.[2095.918s][info][gc,marking     ] GC(334) Concurrent Scan Root Regions 120.569ms
[2095.918s][info][gc,marking     ] GC(334) Concurrent Mark
[2095.918s][info][gc,marking     ] GC(334) Concurrent Mark From Roots
[2095.918s][info][gc,task        ] GC(334) Using 2 workers of 2 for marking
[2096.499s][info][gc,marking     ] GC(334) Concurrent Mark From Roots 580.479ms
[2096.499s][info][gc,marking     ] GC(334) Concurrent Preclean
[2096.499s][info][gc,marking     ] GC(334) Concurrent Preclean 0.083ms
[2096.499s][info][gc,start       ] GC(334) Pause Remark
[2096.503s][info][gc             ] GC(334) Pause Remark 1679M->1679M(4096M) 3.439ms
[2096.503s][info][gc,cpu         ] GC(334) User=0.02s Sys=0.00s Real=0.00s
[2096.503s][info][gc,marking     ] GC(334) Concurrent Mark 584.302ms
[2096.503s][info][gc,marking     ] GC(334) Concurrent Rebuild Remembered Sets and Scrub Regions
[2096.731s][info][gc,marking     ] GC(334) Concurrent Rebuild Remembered Sets and Scrub Regions 227.897ms
[2096.731s][info][gc,start       ] GC(334) Pause Cleanup
[2096.731s][info][gc             ] GC(334) Pause Cleanup 1775M->1775M(4096M) 0.110ms
[2096.731s][info][gc,cpu         ] GC(334) User=0.00s Sys=0.00s Real=0.00s
[2096.731s][info][gc,marking     ] GC(334) Concurrent Clear Claimed Marks
[2096.731s][info][gc,marking     ] GC(334) Concurrent Clear Claimed Marks 0.028ms
[2096.731s][info][gc,marking     ] GC(334) Concurrent Cleanup for Next Mark
[2096.734s][info][gc,marking     ] GC(334) Concurrent Cleanup for Next Mark 3.258ms
[2096.734s][info][gc             ] GC(334) Concurrent Mark Cycle 936.444ms
.....[2101.729s][info][gc,start       ] GC(335) Pause Young (Prepare Mixed) (G1 Evacuation Pause)
[2101.729s][info][gc,task        ] GC(335) Using 6 workers of 6 for evacuation
[2101.844s][info][gc,phases      ] GC(335)   Pre Evacuate Collection Set: 0.38ms
[2101.844s][info][gc,phases      ] GC(335)   Merge Heap Roots: 0.54ms
[2101.844s][info][gc,phases      ] GC(335)   Evacuate Collection Set: 113.57ms
[2101.844s][info][gc,phases      ] GC(335)   Post Evacuate Collection Set: 0.95ms
[2101.844s][info][gc,phases      ] GC(335)   Other: 0.09ms
[2101.844s][info][gc,heap        ] GC(335) Eden regions: 1118->0(1113)
[2101.844s][info][gc,heap        ] GC(335) Survivor regions: 110->108(154)
[2101.844s][info][gc,heap        ] GC(335) Old regions: 504->536
[2101.844s][info][gc,heap        ] GC(335) Humongous regions: 80->80
[2101.844s][info][gc,metaspace   ] GC(335) Metaspace: 28949K(29248K)->28949K(29248K) NonClass: 24066K(24192K)->24066K(24192K) Class: 4883K(5056K)->4883K(5056K)
[2101.844s][info][gc             ] GC(335) Pause Young (Prepare Mixed) (G1 Evacuation Pause) 3622M->1445M(4096M) 115.673ms
[2101.844s][info][gc,cpu         ] GC(335) User=0.68s Sys=0.00s Real=0.12s
......[2107.735s][info][gc,start       ] GC(336) Pause Young (Mixed) (G1 Evacuation Pause)
[2107.735s][info][gc,task        ] GC(336) Using 6 workers of 6 for evacuation
[2107.870s][info][gc,phases      ] GC(336)   Pre Evacuate Collection Set: 0.40ms
[2107.870s][info][gc,phases      ] GC(336)   Merge Heap Roots: 0.71ms
[2107.870s][info][gc,phases      ] GC(336)   Evacuate Collection Set: 132.58ms
[2107.870s][info][gc,phases      ] GC(336)   Post Evacuate Collection Set: 0.98ms
[2107.870s][info][gc,phases      ] GC(336)   Other: 0.09ms
[2107.870s][info][gc,heap        ] GC(336) Eden regions: 1113->0(1117)
[2107.870s][info][gc,heap        ] GC(336) Survivor regions: 108->111(153)
[2107.870s][info][gc,heap        ] GC(336) Old regions: 536->471
[2107.870s][info][gc,heap        ] GC(336) Humongous regions: 80->80
[2107.870s][info][gc,metaspace   ] GC(336) Metaspace: 28949K(29248K)->28949K(29248K) NonClass: 24066K(24192K)->24066K(24192K) Class: 4883K(5056K)->4883K(5056K)
[2107.870s][info][gc             ] GC(336) Pause Young (Mixed) (G1 Evacuation Pause) 3671M->1322M(4096M) 134.880ms
[2107.870s][info][gc,cpu         ] GC(336) User=0.79s Sys=0.00s Real=0.13s
......[2113.616s][info][gc,start       ] GC(337) Pause Young (Concurrent Start) (G1 Evacuation Pause)
[2113.616s][info][gc,task        ] GC(337) Using 6 workers of 6 for evacuation
[2113.733s][info][gc,phases      ] GC(337)   Pre Evacuate Collection Set: 0.43ms
[2113.733s][info][gc,phases      ] GC(337)   Merge Heap Roots: 0.50ms
[2113.733s][info][gc,phases      ] GC(337)   Evacuate Collection Set: 114.29ms
[2113.733s][info][gc,phases      ] GC(337)   Post Evacuate Collection Set: 0.90ms
[2113.733s][info][gc,phases      ] GC(337)   Other: 0.13ms
[2113.733s][info][gc,heap        ] GC(337) Eden regions: 1117->0(1121)
[2113.733s][info][gc,heap        ] GC(337) Survivor regions: 111->107(154)
[2113.733s][info][gc,heap        ] GC(337) Old regions: 471->504
[2113.733s][info][gc,heap        ] GC(337) Humongous regions: 80->80
[2113.733s][info][gc,metaspace   ] GC(337) Metaspace: 28949K(29248K)->28949K(29248K) NonClass: 24066K(24192K)->24066K(24192K) Class: 4883K(5056K)->4883K(5056K)
[2113.733s][info][gc             ] GC(337) Pause Young (Concurrent Start) (G1 Evacuation Pause) 3556M->1380M(4096M) 116.399ms
[2113.733s][info][gc             ] GC(338) Concurrent Mark Cycle
[2113.733s][info][gc,marking     ] GC(338) Concurrent Scan Root Regions
[2113.733s][info][gc,cpu         ] GC(337) User=0.69s Sys=0.00s Real=0.11s
[2113.856s][info][gc,marking     ] GC(338) Concurrent Scan Root Regions 123.399ms
[2113.856s][info][gc,marking     ] GC(338) Concurrent Mark
[2113.856s][info][gc,marking     ] GC(338) Concurrent Mark From Roots
[2113.856s][info][gc,task        ] GC(338) Using 2 workers of 2 for marking
.[2114.441s][info][gc,marking     ] GC(338) Concurrent Mark From Roots 584.647ms
[2114.441s][info][gc,marking     ] GC(338) Concurrent Preclean
[2114.441s][info][gc,marking     ] GC(338) Concurrent Preclean 0.072ms
[2114.441s][info][gc,start       ] GC(338) Pause Remark
[2114.445s][info][gc             ] GC(338) Pause Remark 1688M->1688M(4096M) 3.352ms
[2114.445s][info][gc,cpu         ] GC(338) User=0.02s Sys=0.00s Real=0.01s
[2114.445s][info][gc,marking     ] GC(338) Concurrent Mark 589.271ms
[2114.445s][info][gc,marking     ] GC(338) Concurrent Rebuild Remembered Sets and Scrub Regions
[2114.676s][info][gc,marking     ] GC(338) Concurrent Rebuild Remembered Sets and Scrub Regions 230.952ms
[2114.676s][info][gc,start       ] GC(338) Pause Cleanup
[2114.677s][info][gc             ] GC(338) Pause Cleanup 1796M->1796M(4096M) 0.134ms
[2114.677s][info][gc,cpu         ] GC(338) User=0.00s Sys=0.00s Real=0.00s
[2114.677s][info][gc,marking     ] GC(338) Concurrent Clear Claimed Marks
[2114.677s][info][gc,marking     ] GC(338) Concurrent Clear Claimed Marks 0.031ms
[2114.677s][info][gc,marking     ] GC(338) Concurrent Cleanup for Next Mark
[2114.681s][info][gc,marking     ] GC(338) Concurrent Cleanup for Next Mark 4.232ms
[2114.681s][info][gc             ] GC(338) Concurrent Mark Cycle 948.451ms
.....[2119.588s][info][gc,start       ] GC(339) Pause Young (Prepare Mixed) (G1 Evacuation Pause)
[2119.588s][info][gc,task        ] GC(339) Using 6 workers of 6 for evacuation
[2119.705s][info][gc,phases      ] GC(339)   Pre Evacuate Collection Set: 0.36ms
[2119.705s][info][gc,phases      ] GC(339)   Merge Heap Roots: 0.58ms
[2119.705s][info][gc,phases      ] GC(339)   Evacuate Collection Set: 115.72ms
[2119.705s][info][gc,phases      ] GC(339)   Post Evacuate Collection Set: 0.98ms
[2119.705s][info][gc,phases      ] GC(339)   Other: 0.09ms
[2119.705s][info][gc,heap        ] GC(339) Eden regions: 1121->0(1109)
[2119.705s][info][gc,heap        ] GC(339) Survivor regions: 107->110(154)
[2119.705s][info][gc,heap        ] GC(339) Old regions: 504->536
[2119.705s][info][gc,heap        ] GC(339) Humongous regions: 80->80
[2119.705s][info][gc,metaspace   ] GC(339) Metaspace: 28949K(29248K)->28949K(29248K) NonClass: 24066K(24192K)->24066K(24192K) Class: 4883K(5056K)->4883K(5056K)
[2119.705s][info][gc             ] GC(339) Pause Young (Prepare Mixed) (G1 Evacuation Pause) 3622M->1449M(4096M) 117.867ms
[2119.706s][info][gc,cpu         ] GC(339) User=0.70s Sys=0.00s Real=0.12s
.... (rIR:aIR:PR = 3183:3182:3182) (tPR = 47678) [OK] 
  2122s: Performance info:
         Transaction,    Success,    Partial,     Failed,   Receipts, AvgBarcode, 
             Overall,     191380,          0,          0,     181821,      59.48, 
         Response times:
             Request,    Success,    Partial,     Failed,   SkipFail,     Probes,    Samples,      min,      p50,      p90,      p95,      p99,      max, 
       TotalPurchase,     181823,          0,          0,          0,     177439,     193286,      300,     2800,     4600,     5800,    24000,   147000,
     InStorePurchase,      95724,          0,          0,          0,      93748,     101721,      300,     2900,     4700,     6000,    26000,   147000,
      OnlinePurchase,      66931,          0,          0,          0,      65301,      71229,      300,     2600,     4500,     5600,    21000,   146000,
        InstPurchase,      19168,          0,          0,          0,      18390,      20336,      400,     2400,     4300,     5300,    22000,   142000,
          AssocOfCat,        191,          0,          0,          0,        144,        210,    18500,    27000,    34000,    38450,   152670,   174000,
      AssocOfProduct,       1915,          0,          0,          0,       1689,       1985,      600,     2100,     3900,     4800,    13100,   119000,
      BusinessReport,        482,          0,          0,          0,        387,        500,    19700,    31000,    45000,    53000,   155580,   180000,
          CustBuyBeh,       1913,          0,          0,          0,       1742,       2061,      500,     3100,     4800,     6100,    24380,   125000,
       ProductReturn,       5055,          0,          0,          0,       4727,       5353,      300,     2400,     4700,     5900,    19122,   125000,

  2122s: (24%)   IR =   3321 ..[2125.392s][info][gc,start       ] GC(340) Pause Young (Mixed) (G1 Evacuation Pause)
[2125.392s][info][gc,task        ] GC(340) Using 6 workers of 6 for evacuation
[2125.525s][info][gc,phases      ] GC(340)   Pre Evacuate Collection Set: 0.41ms
[2125.526s][info][gc,phases      ] GC(340)   Merge Heap Roots: 0.73ms
[2125.526s][info][gc,phases      ] GC(340)   Evacuate Collection Set: 131.34ms
[2125.526s][info][gc,phases      ] GC(340)   Post Evacuate Collection Set: 0.96ms
[2125.526s][info][gc,phases      ] GC(340)   Other: 0.09ms
[2125.526s][info][gc,heap        ] GC(340) Eden regions: 1109->0(1118)
[2125.526s][info][gc,heap        ] GC(340) Survivor regions: 110->110(153)
[2125.526s][info][gc,heap        ] GC(340) Old regions: 536->471
[2125.526s][info][gc,heap        ] GC(340) Humongous regions: 80->80
[2125.526s][info][gc,metaspace   ] GC(340) Metaspace: 28950K(29248K)->28950K(29248K) NonClass: 24066K(24192K)->24066K(24192K) Class: 4883K(5056K)->4883K(5056K)
[2125.526s][info][gc             ] GC(340) Pause Young (Mixed) (G1 Evacuation Pause) 3667M->1321M(4096M) 133.679ms
[2125.526s][info][gc,cpu         ] GC(340) User=0.79s Sys=0.00s Real=0.14s
..|....[2131.194s][info][gc,start       ] GC(341) Pause Young (Concurrent Start) (G1 Evacuation Pause)
[2131.194s][info][gc,task        ] GC(341) Using 6 workers of 6 for evacuation
[2131.314s][info][gc,phases      ] GC(341)   Pre Evacuate Collection Set: 0.42ms
[2131.314s][info][gc,phases      ] GC(341)   Merge Heap Roots: 0.56ms
[2131.314s][info][gc,phases      ] GC(341)   Evacuate Collection Set: 117.89ms
[2131.314s][info][gc,phases      ] GC(341)   Post Evacuate Collection Set: 0.92ms
[2131.314s][info][gc,phases      ] GC(341)   Other: 0.10ms
[2131.314s][info][gc,heap        ] GC(341) Eden regions: 1118->0(1116)
[2131.314s][info][gc,heap        ] GC(341) Survivor regions: 110->112(154)
[2131.314s][info][gc,heap        ] GC(341) Old regions: 471->504
[2131.314s][info][gc,heap        ] GC(341) Humongous regions: 80->80
[2131.314s][info][gc,metaspace   ] GC(341) Metaspace: 28950K(29248K)->28950K(29248K) NonClass: 24066K(24192K)->24066K(24192K) Class: 4883K(5056K)->4883K(5056K)
[2131.314s][info][gc             ] GC(341) Pause Young (Concurrent Start) (G1 Evacuation Pause) 3557M->1389M(4096M) 120.023ms
[2131.314s][info][gc             ] GC(342) Concurrent Mark Cycle
[2131.314s][info][gc,marking     ] GC(342) Concurrent Scan Root Regions
[2131.314s][info][gc,cpu         ] GC(341) User=0.71s Sys=0.00s Real=0.12s
[2131.485s][info][gc,marking     ] GC(342) Concurrent Scan Root Regions 170.872ms
[2131.485s][info][gc,marking     ] GC(342) Concurrent Mark
[2131.485s][info][gc,marking     ] GC(342) Concurrent Mark From Roots
[2131.485s][info][gc,task        ] GC(342) Using 2 workers of 2 for marking
.[2132.446s][info][gc,marking     ] GC(342) Concurrent Mark From Roots 960.989ms
[2132.446s][info][gc,marking     ] GC(342) Concurrent Preclean
[2132.446s][info][gc,marking     ] GC(342) Concurrent Preclean 0.080ms
[2132.446s][info][gc,start       ] GC(342) Pause Remark
[2132.451s][info][gc             ] GC(342) Pause Remark 1905M->1905M(4096M) 4.300ms
[2132.451s][info][gc,cpu         ] GC(342) User=0.03s Sys=0.00s Real=0.00s
[2132.451s][info][gc,marking     ] GC(342) Concurrent Mark 965.636ms
[2132.451s][info][gc,marking     ] GC(342) Concurrent Rebuild Remembered Sets and Scrub Regions
[2132.684s][info][gc,marking     ] GC(342) Concurrent Rebuild Remembered Sets and Scrub Regions 233.300ms
[2132.684s][info][gc,start       ] GC(342) Pause Cleanup
[2132.684s][info][gc             ] GC(342) Pause Cleanup 2009M->2009M(4096M) 0.121ms
[2132.684s][info][gc,cpu         ] GC(342) User=0.00s Sys=0.00s Real=0.00s
[2132.684s][info][gc,marking     ] GC(342) Concurrent Clear Claimed Marks
[2132.684s][info][gc,marking     ] GC(342) Concurrent Clear Claimed Marks 0.032ms
[2132.684s][info][gc,marking     ] GC(342) Concurrent Cleanup for Next Mark
[2132.688s][info][gc,marking     ] GC(342) Concurrent Cleanup for Next Mark 3.437ms
[2132.688s][info][gc             ] GC(342) Concurrent Mark Cycle 1373.775ms
....[2136.833s][info][gc,start       ] GC(343) Pause Young (Prepare Mixed) (G1 Evacuation Pause)
[2136.833s][info][gc,task        ] GC(343) Using 6 workers of 6 for evacuation
[2136.952s][info][gc,phases      ] GC(343)   Pre Evacuate Collection Set: 0.37ms
[2136.952s][info][gc,phases      ] GC(343)   Merge Heap Roots: 0.55ms
[2136.952s][info][gc,phases      ] GC(343)   Evacuate Collection Set: 116.77ms
[2136.952s][info][gc,phases      ] GC(343)   Post Evacuate Collection Set: 0.95ms
[2136.952s][info][gc,phases      ] GC(343)   Other: 0.10ms
[2136.952s][info][gc,heap        ] GC(343) Eden regions: 1116->0(1108)
[2136.952s][info][gc,heap        ] GC(343) Survivor regions: 112->111(154)
[2136.952s][info][gc,heap        ] GC(343) Old regions: 504->535
[2136.952s][info][gc,heap        ] GC(343) Humongous regions: 80->80
[2136.952s][info][gc,metaspace   ] GC(343) Metaspace: 28950K(29248K)->28950K(29248K) NonClass: 24066K(24192K)->24066K(24192K) Class: 4883K(5056K)->4883K(5056K)
[2136.952s][info][gc             ] GC(343) Pause Young (Prepare Mixed) (G1 Evacuation Pause) 3621M->1450M(4096M) 118.878ms
[2136.952s][info][gc,cpu         ] GC(343) User=0.70s Sys=0.00s Real=0.12s
......[2142.504s][info][gc,start       ] GC(344) Pause Young (Mixed) (G1 Evacuation Pause)
[2142.504s][info][gc,task        ] GC(344) Using 6 workers of 6 for evacuation
[2142.638s][info][gc,phases      ] GC(344)   Pre Evacuate Collection Set: 0.39ms
[2142.638s][info][gc,phases      ] GC(344)   Merge Heap Roots: 0.74ms
[2142.638s][info][gc,phases      ] GC(344)   Evacuate Collection Set: 131.64ms
[2142.638s][info][gc,phases      ] GC(344)   Post Evacuate Collection Set: 1.00ms
[2142.638s][info][gc,phases      ] GC(344)   Other: 0.09ms
[2142.638s][info][gc,heap        ] GC(344) Eden regions: 1108->0(1117)
[2142.638s][info][gc,heap        ] GC(344) Survivor regions: 111->111(153)
[2142.638s][info][gc,heap        ] GC(344) Old regions: 535->471
[2142.638s][info][gc,heap        ] GC(344) Humongous regions: 80->80
[2142.638s][info][gc,metaspace   ] GC(344) Metaspace: 28950K(29248K)->28950K(29248K) NonClass: 24066K(24192K)->24066K(24192K) Class: 4883K(5056K)->4883K(5056K)
[2142.638s][info][gc             ] GC(344) Pause Young (Mixed) (G1 Evacuation Pause) 3666M->1321M(4096M) 134.015ms
[2142.638s][info][gc,cpu         ] GC(344) User=0.79s Sys=0.00s Real=0.13s
......[2148.326s][info][gc,start       ] GC(345) Pause Young (Concurrent Start) (G1 Evacuation Pause)
[2148.326s][info][gc,task        ] GC(345) Using 6 workers of 6 for evacuation
[2148.450s][info][gc,phases      ] GC(345)   Pre Evacuate Collection Set: 0.42ms
[2148.450s][info][gc,phases      ] GC(345)   Merge Heap Roots: 0.55ms
[2148.450s][info][gc,phases      ] GC(345)   Evacuate Collection Set: 121.52ms
[2148.450s][info][gc,phases      ] GC(345)   Post Evacuate Collection Set: 0.89ms
[2148.450s][info][gc,phases      ] GC(345)   Other: 0.12ms
[2148.450s][info][gc,heap        ] GC(345) Eden regions: 1117->0(1114)
[2148.450s][info][gc,heap        ] GC(345) Survivor regions: 111->114(154)
[2148.450s][info][gc,heap        ] GC(345) Old regions: 471->503
[2148.450s][info][gc,heap        ] GC(345) Humongous regions: 80->80
[2148.450s][info][gc,metaspace   ] GC(345) Metaspace: 28950K(29248K)->28950K(29248K) NonClass: 24066K(24192K)->24066K(24192K) Class: 4883K(5056K)->4883K(5056K)
[2148.450s][info][gc             ] GC(345) Pause Young (Concurrent Start) (G1 Evacuation Pause) 3555M->1391M(4096M) 123.634ms
[2148.450s][info][gc             ] GC(346) Concurrent Mark Cycle
[2148.450s][info][gc,marking     ] GC(346) Concurrent Scan Root Regions
[2148.450s][info][gc,cpu         ] GC(345) User=0.73s Sys=0.00s Real=0.12s
[2148.631s][info][gc,marking     ] GC(346) Concurrent Scan Root Regions 180.620ms
[2148.631s][info][gc,marking     ] GC(346) Concurrent Mark
[2148.631s][info][gc,marking     ] GC(346) Concurrent Mark From Roots
[2148.631s][info][gc,task        ] GC(346) Using 2 workers of 2 for marking
.[2149.299s][info][gc,marking     ] GC(346) Concurrent Mark From Roots 668.468ms
[2149.299s][info][gc,marking     ] GC(346) Concurrent Preclean
[2149.299s][info][gc,marking     ] GC(346) Concurrent Preclean 0.074ms
[2149.300s][info][gc,start       ] GC(346) Pause Remark
[2149.304s][info][gc             ] GC(346) Pause Remark 1825M->1825M(4096M) 4.077ms
[2149.304s][info][gc,cpu         ] GC(346) User=0.02s Sys=0.00s Real=0.01s
[2149.304s][info][gc,marking     ] GC(346) Concurrent Mark 673.379ms
[2149.304s][info][gc,marking     ] GC(346) Concurrent Rebuild Remembered Sets and Scrub Regions
[2149.666s][info][gc,marking     ] GC(346) Concurrent Rebuild Remembered Sets and Scrub Regions 361.363ms
[2149.666s][info][gc,start       ] GC(346) Pause Cleanup
[2149.666s][info][gc             ] GC(346) Pause Cleanup 1964M->1964M(4096M) 0.125ms
[2149.666s][info][gc,cpu         ] GC(346) User=0.00s Sys=0.00s Real=0.00s
[2149.666s][info][gc,marking     ] GC(346) Concurrent Clear Claimed Marks
[2149.666s][info][gc,marking     ] GC(346) Concurrent Clear Claimed Marks 0.041ms
[2149.666s][info][gc,marking     ] GC(346) Concurrent Cleanup for Next Mark
[2149.670s][info][gc,marking     ] GC(346) Concurrent Cleanup for Next Mark 4.178ms
[2149.670s][info][gc             ] GC(346) Concurrent Mark Cycle 1220.084ms
....[2153.915s][info][gc,start       ] GC(347) Pause Young (Prepare Mixed) (G1 Evacuation Pause)
[2153.915s][info][gc,task        ] GC(347) Using 6 workers of 6 for evacuation
[2154.032s][info][gc,phases      ] GC(347)   Pre Evacuate Collection Set: 0.39ms
[2154.032s][info][gc,phases      ] GC(347)   Merge Heap Roots: 0.58ms
[2154.032s][info][gc,phases      ] GC(347)   Evacuate Collection Set: 114.24ms
[2154.032s][info][gc,phases      ] GC(347)   Post Evacuate Collection Set: 0.98ms
[2154.032s][info][gc,phases      ] GC(347)   Other: 0.09ms
[2154.032s][info][gc,heap        ] GC(347) Eden regions: 1114->0(1113)
[2154.032s][info][gc,heap        ] GC(347) Survivor regions: 114->109(154)
[2154.032s][info][gc,heap        ] GC(347) Old regions: 503->534
[2154.032s][info][gc,heap        ] GC(347) Humongous regions: 80->80
[2154.032s][info][gc,metaspace   ] GC(347) Metaspace: 28950K(29248K)->28950K(29248K) NonClass: 24066K(24192K)->24066K(24192K) Class: 4883K(5056K)->4883K(5056K)
[2154.032s][info][gc             ] GC(347) Pause Young (Prepare Mixed) (G1 Evacuation Pause) 3619M->1443M(4096M) 116.411ms
[2154.032s][info][gc,cpu         ] GC(347) User=0.69s Sys=0.00s Real=0.11s
......[2159.615s][info][gc,start       ] GC(348) Pause Young (Mixed) (G1 Evacuation Pause)
[2159.615s][info][gc,task        ] GC(348) Using 6 workers of 6 for evacuation
[2159.748s][info][gc,phases      ] GC(348)   Pre Evacuate Collection Set: 0.42ms
[2159.748s][info][gc,phases      ] GC(348)   Merge Heap Roots: 0.85ms
[2159.748s][info][gc,phases      ] GC(348)   Evacuate Collection Set: 130.07ms
[2159.748s][info][gc,phases      ] GC(348)   Post Evacuate Collection Set: 1.00ms
[2159.748s][info][gc,phases      ] GC(348)   Other: 0.09ms
[2159.748s][info][gc,heap        ] GC(348) Eden regions: 1113->0(1121)
[2159.748s][info][gc,heap        ] GC(348) Survivor regions: 109->107(153)
[2159.748s][info][gc,heap        ] GC(348) Old regions: 534->472
[2159.748s][info][gc,heap        ] GC(348) Humongous regions: 80->80
[2159.748s][info][gc,metaspace   ] GC(348) Metaspace: 28950K(29248K)->28950K(29248K) NonClass: 24066K(24192K)->24066K(24192K) Class: 4883K(5056K)->4883K(5056K)
[2159.748s][info][gc             ] GC(348) Pause Young (Mixed) (G1 Evacuation Pause) 3669M->1315M(4096M) 132.580ms
[2159.748s][info][gc,cpu         ] GC(348) User=0.78s Sys=0.00s Real=0.13s
......[2165.376s][info][gc,start       ] GC(349) Pause Young (Concurrent Start) (G1 Evacuation Pause)
[2165.376s][info][gc,task        ] GC(349) Using 6 workers of 6 for evacuation
[2165.497s][info][gc,phases      ] GC(349)   Pre Evacuate Collection Set: 0.48ms
[2165.498s][info][gc,phases      ] GC(349)   Merge Heap Roots: 0.59ms
[2165.498s][info][gc,phases      ] GC(349)   Evacuate Collection Set: 119.40ms
[2165.498s][info][gc,phases      ] GC(349)   Post Evacuate Collection Set: 0.91ms
[2165.498s][info][gc,phases      ] GC(349)   Other: 0.14ms
[2165.498s][info][gc,heap        ] GC(349) Eden regions: 1121->0(1116)
[2165.498s][info][gc,heap        ] GC(349) Survivor regions: 107->112(154)
[2165.498s][info][gc,heap        ] GC(349) Old regions: 472->503
[2165.498s][info][gc,heap        ] GC(349) Humongous regions: 80->80
[2165.498s][info][gc,metaspace   ] GC(349) Metaspace: 28950K(29248K)->28950K(29248K) NonClass: 24066K(24192K)->24066K(24192K) Class: 4883K(5056K)->4883K(5056K)
[2165.498s][info][gc             ] GC(349) Pause Young (Concurrent Start) (G1 Evacuation Pause) 3557M->1389M(4096M) 121.685ms
[2165.498s][info][gc             ] GC(350) Concurrent Mark Cycle
[2165.498s][info][gc,marking     ] GC(350) Concurrent Scan Root Regions
[2165.498s][info][gc,cpu         ] GC(349) User=0.71s Sys=0.00s Real=0.12s
[2165.672s][info][gc,marking     ] GC(350) Concurrent Scan Root Regions 174.070ms
[2165.672s][info][gc,marking     ] GC(350) Concurrent Mark
[2165.672s][info][gc,marking     ] GC(350) Concurrent Mark From Roots
[2165.672s][info][gc,task        ] GC(350) Using 2 workers of 2 for marking
.[2166.314s][info][gc,marking     ] GC(350) Concurrent Mark From Roots 641.975ms
[2166.314s][info][gc,marking     ] GC(350) Concurrent Preclean
[2166.314s][info][gc,marking     ] GC(350) Concurrent Preclean 0.073ms
[2166.314s][info][gc,start       ] GC(350) Pause Remark
[2166.318s][info][gc             ] GC(350) Pause Remark 1771M->1771M(4096M) 3.544ms
[2166.318s][info][gc,cpu         ] GC(350) User=0.02s Sys=0.00s Real=0.00s
[2166.318s][info][gc,marking     ] GC(350) Concurrent Mark 645.918ms
[2166.318s][info][gc,marking     ] GC(350) Concurrent Rebuild Remembered Sets and Scrub Regions
[2166.602s][info][gc,marking     ] GC(350) Concurrent Rebuild Remembered Sets and Scrub Regions 283.999ms
[2166.602s][info][gc,start       ] GC(350) Pause Cleanup
[2166.602s][info][gc             ] GC(350) Pause Cleanup 1877M->1877M(4096M) 0.115ms
[2166.602s][info][gc,cpu         ] GC(350) User=0.00s Sys=0.00s Real=0.00s
[2166.602s][info][gc,marking     ] GC(350) Concurrent Clear Claimed Marks
[2166.602s][info][gc,marking     ] GC(350) Concurrent Clear Claimed Marks 0.028ms
[2166.602s][info][gc,marking     ] GC(350) Concurrent Cleanup for Next Mark
[2166.606s][info][gc,marking     ] GC(350) Concurrent Cleanup for Next Mark 3.599ms
[2166.606s][info][gc             ] GC(350) Concurrent Mark Cycle 1108.100ms
.....[2171.135s][info][gc,start       ] GC(351) Pause Young (Prepare Mixed) (G1 Evacuation Pause)
[2171.135s][info][gc,task        ] GC(351) Using 6 workers of 6 for evacuation
[2171.255s][info][gc,phases      ] GC(351)   Pre Evacuate Collection Set: 0.34ms
[2171.255s][info][gc,phases      ] GC(351)   Merge Heap Roots: 0.53ms
[2171.255s][info][gc,phases      ] GC(351)   Evacuate Collection Set: 118.23ms
[2171.255s][info][gc,phases      ] GC(351)   Post Evacuate Collection Set: 0.93ms
[2171.255s][info][gc,phases      ] GC(351)   Other: 0.10ms
[2171.255s][info][gc,heap        ] GC(351) Eden regions: 1116->0(1109)
[2171.255s][info][gc,heap        ] GC(351) Survivor regions: 112->111(154)
[2171.255s][info][gc,heap        ] GC(351) Old regions: 503->534
[2171.255s][info][gc,heap        ] GC(351) Humongous regions: 80->80
[2171.255s][info][gc,metaspace   ] GC(351) Metaspace: 28950K(29248K)->28950K(29248K) NonClass: 24066K(24192K)->24066K(24192K) Class: 4883K(5056K)->4883K(5056K)
[2171.255s][info][gc             ] GC(351) Pause Young (Prepare Mixed) (G1 Evacuation Pause) 3621M->1449M(4096M) 120.267ms
[2171.255s][info][gc,cpu         ] GC(351) User=0.71s Sys=0.01s Real=0.12s
.....[2176.718s][info][gc,start       ] GC(352) Pause Young (Mixed) (G1 Evacuation Pause)
[2176.718s][info][gc,task        ] GC(352) Using 6 workers of 6 for evacuation
[2176.852s][info][gc,phases      ] GC(352)   Pre Evacuate Collection Set: 0.37ms
[2176.852s][info][gc,phases      ] GC(352)   Merge Heap Roots: 0.77ms
[2176.852s][info][gc,phases      ] GC(352)   Evacuate Collection Set: 131.79ms
[2176.852s][info][gc,phases      ] GC(352)   Post Evacuate Collection Set: 0.97ms
[2176.852s][info][gc,phases      ] GC(352)   Other: 0.10ms
[2176.852s][info][gc,heap        ] GC(352) Eden regions: 1109->0(1119)
[2176.852s][info][gc,heap        ] GC(352) Survivor regions: 111->109(153)
[2176.852s][info][gc,heap        ] GC(352) Old regions: 534->470
[2176.852s][info][gc,heap        ] GC(352) Humongous regions: 80->80
[2176.852s][info][gc,metaspace   ] GC(352) Metaspace: 28950K(29248K)->28950K(29248K) NonClass: 24066K(24192K)->24066K(24192K) Class: 4883K(5056K)->4883K(5056K)
[2176.852s][info][gc             ] GC(352) Pause Young (Mixed) (G1 Evacuation Pause) 3667M->1316M(4096M) 134.162ms
[2176.852s][info][gc,cpu         ] GC(352) User=0.79s Sys=0.00s Real=0.13s
......[2182.548s][info][gc,start       ] GC(353) Pause Young (Concurrent Start) (G1 Evacuation Pause)
[2182.548s][info][gc,task        ] GC(353) Using 6 workers of 6 for evacuation
[2182.666s][info][gc,phases      ] GC(353)   Pre Evacuate Collection Set: 0.43ms
[2182.666s][info][gc,phases      ] GC(353)   Merge Heap Roots: 0.49ms
[2182.666s][info][gc,phases      ] GC(353)   Evacuate Collection Set: 115.29ms
[2182.666s][info][gc,phases      ] GC(353)   Post Evacuate Collection Set: 0.91ms
[2182.666s][info][gc,phases      ] GC(353)   Other: 0.11ms
[2182.666s][info][gc,heap        ] GC(353) Eden regions: 1119->0(1118)
[2182.666s][info][gc,heap        ] GC(353) Survivor regions: 109->110(154)
[2182.666s][info][gc,heap        ] GC(353) Old regions: 470->502
[2182.666s][info][gc,heap        ] GC(353) Humongous regions: 80->80
[2182.666s][info][gc,metaspace   ] GC(353) Metaspace: 28950K(29248K)->28950K(29248K) NonClass: 24066K(24192K)->24066K(24192K) Class: 4883K(5056K)->4883K(5056K)
[2182.666s][info][gc             ] GC(353) Pause Young (Concurrent Start) (G1 Evacuation Pause) 3554M->1381M(4096M) 117.387ms
[2182.666s][info][gc             ] GC(354) Concurrent Mark Cycle
[2182.666s][info][gc,marking     ] GC(354) Concurrent Scan Root Regions
[2182.666s][info][gc,cpu         ] GC(353) User=0.70s Sys=0.00s Real=0.12s
[2182.816s][info][gc,marking     ] GC(354) Concurrent Scan Root Regions 150.312ms
[2182.816s][info][gc,marking     ] GC(354) Concurrent Mark
[2182.816s][info][gc,marking     ] GC(354) Concurrent Mark From Roots
[2182.816s][info][gc,task        ] GC(354) Using 2 workers of 2 for marking
.[2183.501s][info][gc,marking     ] GC(354) Concurrent Mark From Roots 685.412ms
[2183.502s][info][gc,marking     ] GC(354) Concurrent Preclean
[2183.502s][info][gc,marking     ] GC(354) Concurrent Preclean 0.051ms
[2183.502s][info][gc,start       ] GC(354) Pause Remark
[2183.505s][info][gc             ] GC(354) Pause Remark 1800M->1800M(4096M) 3.740ms
[2183.505s][info][gc,cpu         ] GC(354) User=0.02s Sys=0.00s Real=0.01s
[2183.506s][info][gc,marking     ] GC(354) Concurrent Mark 689.469ms
[2183.506s][info][gc,marking     ] GC(354) Concurrent Rebuild Remembered Sets and Scrub Regions
[2183.714s][info][gc,marking     ] GC(354) Concurrent Rebuild Remembered Sets and Scrub Regions 208.313ms
[2183.714s][info][gc,start       ] GC(354) Pause Cleanup
[2183.714s][info][gc             ] GC(354) Pause Cleanup 1902M->1902M(4096M) 0.132ms
[2183.714s][info][gc,cpu         ] GC(354) User=0.00s Sys=0.00s Real=0.00s
[2183.714s][info][gc,marking     ] GC(354) Concurrent Clear Claimed Marks
[2183.714s][info][gc,marking     ] GC(354) Concurrent Clear Claimed Marks 0.039ms
[2183.714s][info][gc,marking     ] GC(354) Concurrent Cleanup for Next Mark
[2183.719s][info][gc,marking     ] GC(354) Concurrent Cleanup for Next Mark 4.720ms
[2183.719s][info][gc             ] GC(354) Concurrent Mark Cycle 1053.390ms
.... (rIR:aIR:PR = 3321:3321:3321) (tPR = 48949) [OK] 
  2186s: Performance info:
         Transaction,    Success,    Partial,     Failed,   Receipts, AvgBarcode, 
             Overall,     199700,          0,          0,     189703,      59.47, 
         Response times:
             Request,    Success,    Partial,     Failed,   SkipFail,     Probes,    Samples,      min,      p50,      p90,      p95,      p99,      max, 
       TotalPurchase,     189703,          0,          0,          0,     185759,     198920,      300,     2800,     4700,     6200,    47000,   277000,
     InStorePurchase,      99806,          0,          0,          0,      97895,     104612,      300,     2700,     4600,     6100,    45000,   277000,
      OnlinePurchase,      69901,          0,          0,          0,      68555,      73333,      300,     2900,     4700,     6300,    49000,   277000,
        InstPurchase,      19996,          0,          0,          0,      19309,      20975,      400,     3100,     4800,     6300,    46000,   183000,
          AssocOfCat,        201,          0,          0,          0,        137,        202,    19200,    29000,    41400,    56000,   162620,   171000,
      AssocOfProduct,       1992,          0,          0,          0,       1795,       2067,      700,     3300,     5200,     7260,    51240,   126000,
      BusinessReport,        499,          0,          0,          0,        392,        498,    20000,    32000,    53100,    75050,   179060,   222000,
          CustBuyBeh,       2000,          0,          0,          0,       1834,       2071,      200,     2100,     4300,     5400,    33000,   110000,
       ProductReturn,       5305,          0,          0,          0,       4943,       5433,      200,     2900,     4700,     6300,    55660,   180000,

  2186s: (25%)   IR =   3459 .[2188.126s][info][gc,start       ] GC(355) Pause Young (Prepare Mixed) (G1 Evacuation Pause)
[2188.126s][info][gc,task        ] GC(355) Using 6 workers of 6 for evacuation
[2188.243s][info][gc,phases      ] GC(355)   Pre Evacuate Collection Set: 0.38ms
[2188.243s][info][gc,phases      ] GC(355)   Merge Heap Roots: 0.55ms
[2188.243s][info][gc,phases      ] GC(355)   Evacuate Collection Set: 114.87ms
[2188.243s][info][gc,phases      ] GC(355)   Post Evacuate Collection Set: 0.93ms
[2188.243s][info][gc,phases      ] GC(355)   Other: 0.09ms
[2188.243s][info][gc,heap        ] GC(355) Eden regions: 1118->0(1112)
[2188.243s][info][gc,heap        ] GC(355) Survivor regions: 110->110(154)
[2188.243s][info][gc,heap        ] GC(355) Old regions: 502->533
[2188.243s][info][gc,heap        ] GC(355) Humongous regions: 80->80
[2188.243s][info][gc,metaspace   ] GC(355) Metaspace: 28950K(29248K)->28950K(29248K) NonClass: 24066K(24192K)->24066K(24192K) Class: 4883K(5056K)->4883K(5056K)
[2188.243s][info][gc             ] GC(355) Pause Young (Prepare Mixed) (G1 Evacuation Pause) 3617M->1444M(4096M) 116.993ms
[2188.243s][info][gc,cpu         ] GC(355) User=0.69s Sys=0.00s Real=0.12s
.....|[2193.643s][info][gc,start       ] GC(356) Pause Young (Mixed) (G1 Evacuation Pause)
[2193.643s][info][gc,task        ] GC(356) Using 6 workers of 6 for evacuation
[2193.774s][info][gc,phases      ] GC(356)   Pre Evacuate Collection Set: 0.42ms
[2193.774s][info][gc,phases      ] GC(356)   Merge Heap Roots: 0.65ms
[2193.774s][info][gc,phases      ] GC(356)   Evacuate Collection Set: 128.41ms
[2193.774s][info][gc,phases      ] GC(356)   Post Evacuate Collection Set: 0.98ms
[2193.774s][info][gc,phases      ] GC(356)   Other: 0.09ms
[2193.774s][info][gc,heap        ] GC(356) Eden regions: 1112->0(1121)
[2193.774s][info][gc,heap        ] GC(356) Survivor regions: 110->107(153)
[2193.774s][info][gc,heap        ] GC(356) Old regions: 533->471
[2193.774s][info][gc,heap        ] GC(356) Humongous regions: 80->80
[2193.774s][info][gc,metaspace   ] GC(356) Metaspace: 28951K(29248K)->28951K(29248K) NonClass: 24067K(24192K)->24067K(24192K) Class: 4883K(5056K)->4883K(5056K)
[2193.774s][info][gc             ] GC(356) Pause Young (Mixed) (G1 Evacuation Pause) 3668M->1314M(4096M) 130.698ms
[2193.774s][info][gc,cpu         ] GC(356) User=0.77s Sys=0.00s Real=0.13s
......[2199.129s][info][gc,start       ] GC(357) Pause Young (Concurrent Start) (G1 Evacuation Pause)
[2199.129s][info][gc,task        ] GC(357) Using 6 workers of 6 for evacuation
[2199.249s][info][gc,phases      ] GC(357)   Pre Evacuate Collection Set: 0.42ms
[2199.249s][info][gc,phases      ] GC(357)   Merge Heap Roots: 0.48ms
[2199.249s][info][gc,phases      ] GC(357)   Evacuate Collection Set: 118.45ms
[2199.249s][info][gc,phases      ] GC(357)   Post Evacuate Collection Set: 0.92ms
[2199.249s][info][gc,phases      ] GC(357)   Other: 0.11ms
[2199.249s][info][gc,heap        ] GC(357) Eden regions: 1121->0(1117)
[2199.249s][info][gc,heap        ] GC(357) Survivor regions: 107->111(154)
[2199.249s][info][gc,heap        ] GC(357) Old regions: 471->502
[2199.249s][info][gc,heap        ] GC(357) Humongous regions: 80->80
[2199.249s][info][gc,metaspace   ] GC(357) Metaspace: 28951K(29248K)->28951K(29248K) NonClass: 24067K(24192K)->24067K(24192K) Class: 4883K(5056K)->4883K(5056K)
[2199.249s][info][gc             ] GC(357) Pause Young (Concurrent Start) (G1 Evacuation Pause) 3556M->1384M(4096M) 120.514ms
[2199.250s][info][gc             ] GC(358) Concurrent Mark Cycle
[2199.250s][info][gc,marking     ] GC(358) Concurrent Scan Root Regions
[2199.250s][info][gc,cpu         ] GC(357) User=0.71s Sys=0.00s Real=0.12s
[2199.380s][info][gc,marking     ] GC(358) Concurrent Scan Root Regions 130.296ms
[2199.380s][info][gc,marking     ] GC(358) Concurrent Mark
[2199.380s][info][gc,marking     ] GC(358) Concurrent Mark From Roots
[2199.380s][info][gc,task        ] GC(358) Using 2 workers of 2 for marking
[2199.969s][info][gc,marking     ] GC(358) Concurrent Mark From Roots 588.838ms
[2199.969s][info][gc,marking     ] GC(358) Concurrent Preclean
[2199.969s][info][gc,marking     ] GC(358) Concurrent Preclean 0.106ms
[2199.969s][info][gc,start       ] GC(358) Pause Remark
[2199.972s][info][gc             ] GC(358) Pause Remark 1722M->1722M(4096M) 3.377ms
[2199.973s][info][gc,cpu         ] GC(358) User=0.02s Sys=0.00s Real=0.00s
[2199.973s][info][gc,marking     ] GC(358) Concurrent Mark 592.988ms
[2199.973s][info][gc,marking     ] GC(358) Concurrent Rebuild Remembered Sets and Scrub Regions
.[2200.264s][info][gc,marking     ] GC(358) Concurrent Rebuild Remembered Sets and Scrub Regions 291.303ms
[2200.264s][info][gc,start       ] GC(358) Pause Cleanup
[2200.264s][info][gc             ] GC(358) Pause Cleanup 1871M->1871M(4096M) 0.118ms
[2200.264s][info][gc,cpu         ] GC(358) User=0.00s Sys=0.00s Real=0.00s
[2200.264s][info][gc,marking     ] GC(358) Concurrent Clear Claimed Marks
[2200.265s][info][gc,marking     ] GC(358) Concurrent Clear Claimed Marks 0.031ms
[2200.265s][info][gc,marking     ] GC(358) Concurrent Cleanup for Next Mark
[2200.268s][info][gc,marking     ] GC(358) Concurrent Cleanup for Next Mark 3.230ms
[2200.268s][info][gc             ] GC(358) Concurrent Mark Cycle 1018.288ms
....[2204.560s][info][gc,start       ] GC(359) Pause Young (Prepare Mixed) (G1 Evacuation Pause)
[2204.560s][info][gc,task        ] GC(359) Using 6 workers of 6 for evacuation
[2204.679s][info][gc,phases      ] GC(359)   Pre Evacuate Collection Set: 0.38ms
[2204.679s][info][gc,phases      ] GC(359)   Merge Heap Roots: 0.61ms
[2204.679s][info][gc,phases      ] GC(359)   Evacuate Collection Set: 117.39ms
[2204.679s][info][gc,phases      ] GC(359)   Post Evacuate Collection Set: 0.94ms
[2204.679s][info][gc,phases      ] GC(359)   Other: 0.10ms
[2204.679s][info][gc,heap        ] GC(359) Eden regions: 1117->0(1109)
[2204.679s][info][gc,heap        ] GC(359) Survivor regions: 111->111(154)
[2204.679s][info][gc,heap        ] GC(359) Old regions: 502->534
[2204.679s][info][gc,heap        ] GC(359) Humongous regions: 80->80
[2204.679s][info][gc,metaspace   ] GC(359) Metaspace: 28951K(29248K)->28951K(29248K) NonClass: 24067K(24192K)->24067K(24192K) Class: 4883K(5056K)->4883K(5056K)
[2204.679s][info][gc             ] GC(359) Pause Young (Prepare Mixed) (G1 Evacuation Pause) 3618M->1449M(4096M) 119.581ms
[2204.679s][info][gc,cpu         ] GC(359) User=0.70s Sys=0.00s Real=0.12s
......[2210.113s][info][gc,start       ] GC(360) Pause Young (Mixed) (G1 Evacuation Pause)
[2210.113s][info][gc,task        ] GC(360) Using 6 workers of 6 for evacuation
[2210.247s][info][gc,phases      ] GC(360)   Pre Evacuate Collection Set: 0.42ms
[2210.247s][info][gc,phases      ] GC(360)   Merge Heap Roots: 0.73ms
[2210.247s][info][gc,phases      ] GC(360)   Evacuate Collection Set: 131.89ms
[2210.247s][info][gc,phases      ] GC(360)   Post Evacuate Collection Set: 1.00ms
[2210.247s][info][gc,phases      ] GC(360)   Other: 0.09ms
[2210.247s][info][gc,heap        ] GC(360) Eden regions: 1109->0(1119)
[2210.247s][info][gc,heap        ] GC(360) Survivor regions: 111->109(153)
[2210.247s][info][gc,heap        ] GC(360) Old regions: 534->471
[2210.247s][info][gc,heap        ] GC(360) Humongous regions: 80->80
[2210.247s][info][gc,metaspace   ] GC(360) Metaspace: 28955K(29248K)->28955K(29248K) NonClass: 24071K(24192K)->24071K(24192K) Class: 4883K(5056K)->4883K(5056K)
[2210.247s][info][gc             ] GC(360) Pause Young (Mixed) (G1 Evacuation Pause) 3667M->1318M(4096M) 134.241ms
[2210.247s][info][gc,cpu         ] GC(360) User=0.79s Sys=0.00s Real=0.13s
.....[2215.580s][info][gc,start       ] GC(361) Pause Young (Concurrent Start) (G1 Evacuation Pause)
[2215.580s][info][gc,task        ] GC(361) Using 6 workers of 6 for evacuation
[2215.698s][info][gc,phases      ] GC(361)   Pre Evacuate Collection Set: 0.40ms
[2215.698s][info][gc,phases      ] GC(361)   Merge Heap Roots: 0.56ms
[2215.698s][info][gc,phases      ] GC(361)   Evacuate Collection Set: 116.21ms
[2215.698s][info][gc,phases      ] GC(361)   Post Evacuate Collection Set: 0.91ms
[2215.698s][info][gc,phases      ] GC(361)   Other: 0.12ms
[2215.698s][info][gc,heap        ] GC(361) Eden regions: 1119->0(1117)
[2215.698s][info][gc,heap        ] GC(361) Survivor regions: 109->111(154)
[2215.698s][info][gc,heap        ] GC(361) Old regions: 471->503
[2215.698s][info][gc,heap        ] GC(361) Humongous regions: 80->80
[2215.698s][info][gc,metaspace   ] GC(361) Metaspace: 28955K(29248K)->28955K(29248K) NonClass: 24071K(24192K)->24071K(24192K) Class: 4883K(5056K)->4883K(5056K)
[2215.698s][info][gc             ] GC(361) Pause Young (Concurrent Start) (G1 Evacuation Pause) 3556M->1386M(4096M) 118.353ms
[2215.698s][info][gc             ] GC(362) Concurrent Mark Cycle
[2215.698s][info][gc,marking     ] GC(362) Concurrent Scan Root Regions
[2215.698s][info][gc,cpu         ] GC(361) User=0.70s Sys=0.00s Real=0.12s
[2215.870s][info][gc,marking     ] GC(362) Concurrent Scan Root Regions 171.078ms
[2215.870s][info][gc,marking     ] GC(362) Concurrent Mark
[2215.870s][info][gc,marking     ] GC(362) Concurrent Mark From Roots
[2215.870s][info][gc,task        ] GC(362) Using 2 workers of 2 for marking
.[2216.790s][info][gc,marking     ] GC(362) Concurrent Mark From Roots 919.990ms
[2216.790s][info][gc,marking     ] GC(362) Concurrent Preclean
[2216.790s][info][gc,marking     ] GC(362) Concurrent Preclean 0.072ms
[2216.791s][info][gc,start       ] GC(362) Pause Remark
[2216.795s][info][gc             ] GC(362) Pause Remark 1910M->1910M(4096M) 4.002ms
[2216.795s][info][gc,cpu         ] GC(362) User=0.02s Sys=0.00s Real=0.01s
[2216.795s][info][gc,marking     ] GC(362) Concurrent Mark 925.261ms
[2216.795s][info][gc,marking     ] GC(362) Concurrent Rebuild Remembered Sets and Scrub Regions
.[2217.151s][info][gc,marking     ] GC(362) Concurrent Rebuild Remembered Sets and Scrub Regions 355.762ms
[2217.151s][info][gc,start       ] GC(362) Pause Cleanup
[2217.151s][info][gc             ] GC(362) Pause Cleanup 2053M->2053M(4096M) 0.124ms
[2217.151s][info][gc,cpu         ] GC(362) User=0.00s Sys=0.00s Real=0.00s
[2217.151s][info][gc,marking     ] GC(362) Concurrent Clear Claimed Marks
[2217.152s][info][gc,marking     ] GC(362) Concurrent Clear Claimed Marks 0.036ms
[2217.152s][info][gc,marking     ] GC(362) Concurrent Cleanup for Next Mark
[2217.156s][info][gc,marking     ] GC(362) Concurrent Cleanup for Next Mark 4.076ms
[2217.156s][info][gc             ] GC(362) Concurrent Mark Cycle 1457.206ms
...[2220.925s][info][gc,start       ] GC(363) Pause Young (Prepare Mixed) (G1 Evacuation Pause)
[2220.925s][info][gc,task        ] GC(363) Using 6 workers of 6 for evacuation
[2221.044s][info][gc,phases      ] GC(363)   Pre Evacuate Collection Set: 0.35ms
[2221.044s][info][gc,phases      ] GC(363)   Merge Heap Roots: 0.51ms
[2221.044s][info][gc,phases      ] GC(363)   Evacuate Collection Set: 117.57ms
[2221.044s][info][gc,phases      ] GC(363)   Post Evacuate Collection Set: 1.00ms
[2221.044s][info][gc,phases      ] GC(363)   Other: 0.09ms
[2221.044s][info][gc,heap        ] GC(363) Eden regions: 1117->0(1109)
[2221.044s][info][gc,heap        ] GC(363) Survivor regions: 111->110(154)
[2221.044s][info][gc,heap        ] GC(363) Old regions: 503->536
[2221.044s][info][gc,heap        ] GC(363) Humongous regions: 80->80
[2221.044s][info][gc,metaspace   ] GC(363) Metaspace: 28955K(29248K)->28955K(29248K) NonClass: 24071K(24192K)->24071K(24192K) Class: 4883K(5056K)->4883K(5056K)
[2221.044s][info][gc             ] GC(363) Pause Young (Prepare Mixed) (G1 Evacuation Pause) 3620M->1449M(4096M) 119.657ms
[2221.044s][info][gc,cpu         ] GC(363) User=0.71s Sys=0.00s Real=0.12s
......[2226.499s][info][gc,start       ] GC(364) Pause Young (Mixed) (G1 Evacuation Pause)
[2226.499s][info][gc,task        ] GC(364) Using 6 workers of 6 for evacuation
[2226.638s][info][gc,phases      ] GC(364)   Pre Evacuate Collection Set: 0.42ms
[2226.638s][info][gc,phases      ] GC(364)   Merge Heap Roots: 0.73ms
[2226.638s][info][gc,phases      ] GC(364)   Evacuate Collection Set: 136.43ms
[2226.638s][info][gc,phases      ] GC(364)   Post Evacuate Collection Set: 0.96ms
[2226.638s][info][gc,phases      ] GC(364)   Other: 0.09ms
[2226.638s][info][gc,heap        ] GC(364) Eden regions: 1109->0(1115)
[2226.638s][info][gc,heap        ] GC(364) Survivor regions: 110->113(153)
[2226.638s][info][gc,heap        ] GC(364) Old regions: 536->474
[2226.638s][info][gc,heap        ] GC(364) Humongous regions: 80->80
[2226.638s][info][gc,metaspace   ] GC(364) Metaspace: 28955K(29248K)->28955K(29248K) NonClass: 24071K(24192K)->24071K(24192K) Class: 4883K(5056K)->4883K(5056K)
[2226.638s][info][gc             ] GC(364) Pause Young (Mixed) (G1 Evacuation Pause) 3667M->1332M(4096M) 138.781ms
[2226.638s][info][gc,cpu         ] GC(364) User=0.82s Sys=0.00s Real=0.14s
.....[2231.938s][info][gc,start       ] GC(365) Pause Young (Concurrent Start) (G1 Evacuation Pause)
[2231.938s][info][gc,task        ] GC(365) Using 6 workers of 6 for evacuation
[2232.056s][info][gc,phases      ] GC(365)   Pre Evacuate Collection Set: 0.43ms
[2232.056s][info][gc,phases      ] GC(365)   Merge Heap Roots: 0.54ms
[2232.056s][info][gc,phases      ] GC(365)   Evacuate Collection Set: 115.93ms
[2232.056s][info][gc,phases      ] GC(365)   Post Evacuate Collection Set: 0.92ms
[2232.056s][info][gc,phases      ] GC(365)   Other: 0.17ms
[2232.056s][info][gc,heap        ] GC(365) Eden regions: 1115->0(1118)
[2232.056s][info][gc,heap        ] GC(365) Survivor regions: 113->110(154)
[2232.056s][info][gc,heap        ] GC(365) Old regions: 474->505
[2232.056s][info][gc,heap        ] GC(365) Humongous regions: 80->80
[2232.056s][info][gc,metaspace   ] GC(365) Metaspace: 28955K(29248K)->28955K(29248K) NonClass: 24071K(24192K)->24071K(24192K) Class: 4883K(5056K)->4883K(5056K)
[2232.056s][info][gc             ] GC(365) Pause Young (Concurrent Start) (G1 Evacuation Pause) 3562M->1388M(4096M) 118.109ms
[2232.056s][info][gc             ] GC(366) Concurrent Mark Cycle
[2232.056s][info][gc,marking     ] GC(366) Concurrent Scan Root Regions
[2232.056s][info][gc,cpu         ] GC(365) User=0.69s Sys=0.00s Real=0.12s
.[2232.206s][info][gc,marking     ] GC(366) Concurrent Scan Root Regions 149.330ms
[2232.206s][info][gc,marking     ] GC(366) Concurrent Mark
[2232.206s][info][gc,marking     ] GC(366) Concurrent Mark From Roots
[2232.206s][info][gc,task        ] GC(366) Using 2 workers of 2 for marking
[2232.868s][info][gc,marking     ] GC(366) Concurrent Mark From Roots 662.443ms
[2232.868s][info][gc,marking     ] GC(366) Concurrent Preclean
[2232.868s][info][gc,marking     ] GC(366) Concurrent Preclean 0.052ms
[2232.868s][info][gc,start       ] GC(366) Pause Remark
[2232.872s][info][gc             ] GC(366) Pause Remark 1756M->1756M(4096M) 3.664ms
[2232.872s][info][gc,cpu         ] GC(366) User=0.02s Sys=0.00s Real=0.00s
[2232.872s][info][gc,marking     ] GC(366) Concurrent Mark 666.436ms
[2232.872s][info][gc,marking     ] GC(366) Concurrent Rebuild Remembered Sets and Scrub Regions
[2233.105s][info][gc,marking     ] GC(366) Concurrent Rebuild Remembered Sets and Scrub Regions 233.247ms
[2233.105s][info][gc,start       ] GC(366) Pause Cleanup
[2233.106s][info][gc             ] GC(366) Pause Cleanup 1846M->1846M(4096M) 0.121ms
[2233.106s][info][gc,cpu         ] GC(366) User=0.00s Sys=0.00s Real=0.00s
[2233.106s][info][gc,marking     ] GC(366) Concurrent Clear Claimed Marks
[2233.106s][info][gc,marking     ] GC(366) Concurrent Clear Claimed Marks 0.032ms
[2233.106s][info][gc,marking     ] GC(366) Concurrent Cleanup for Next Mark
[2233.109s][info][gc,marking     ] GC(366) Concurrent Cleanup for Next Mark 3.659ms
[2233.109s][info][gc             ] GC(366) Concurrent Mark Cycle 1053.192ms
.....[2237.417s][info][gc,start       ] GC(367) Pause Young (Prepare Mixed) (G1 Evacuation Pause)
[2237.418s][info][gc,task        ] GC(367) Using 6 workers of 6 for evacuation
[2237.541s][info][gc,phases      ] GC(367)   Pre Evacuate Collection Set: 0.36ms
[2237.541s][info][gc,phases      ] GC(367)   Merge Heap Roots: 0.54ms
[2237.541s][info][gc,phases      ] GC(367)   Evacuate Collection Set: 121.66ms
[2237.541s][info][gc,phases      ] GC(367)   Post Evacuate Collection Set: 0.95ms
[2237.541s][info][gc,phases      ] GC(367)   Other: 0.09ms
[2237.541s][info][gc,heap        ] GC(367) Eden regions: 1118->0(1103)
[2237.541s][info][gc,heap        ] GC(367) Survivor regions: 110->112(154)
[2237.541s][info][gc,heap        ] GC(367) Old regions: 505->538
[2237.541s][info][gc,heap        ] GC(367) Humongous regions: 80->80
[2237.541s][info][gc,metaspace   ] GC(367) Metaspace: 28955K(29248K)->28955K(29248K) NonClass: 24071K(24192K)->24071K(24192K) Class: 4883K(5056K)->4883K(5056K)
[2237.541s][info][gc             ] GC(367) Pause Young (Prepare Mixed) (G1 Evacuation Pause) 3624M->1458M(4096M) 123.735ms
[2237.541s][info][gc,cpu         ] GC(367) User=0.73s Sys=0.00s Real=0.12s
.....[2242.827s][info][gc,start       ] GC(368) Pause Young (Mixed) (G1 Evacuation Pause)
[2242.827s][info][gc,task        ] GC(368) Using 6 workers of 6 for evacuation
[2242.957s][info][gc,phases      ] GC(368)   Pre Evacuate Collection Set: 0.42ms
[2242.957s][info][gc,phases      ] GC(368)   Merge Heap Roots: 0.59ms
[2242.957s][info][gc,phases      ] GC(368)   Evacuate Collection Set: 127.65ms
[2242.957s][info][gc,phases      ] GC(368)   Post Evacuate Collection Set: 0.94ms
[2242.957s][info][gc,phases      ] GC(368)   Other: 0.09ms
[2242.957s][info][gc,heap        ] GC(368) Eden regions: 1103->0(1119)
[2242.957s][info][gc,heap        ] GC(368) Survivor regions: 112->109(152)
[2242.957s][info][gc,heap        ] GC(368) Old regions: 538->473
[2242.957s][info][gc,heap        ] GC(368) Humongous regions: 80->80
[2242.957s][info][gc,metaspace   ] GC(368) Metaspace: 28955K(29248K)->28955K(29248K) NonClass: 24071K(24192K)->24071K(24192K) Class: 4883K(5056K)->4883K(5056K)
[2242.957s][info][gc             ] GC(368) Pause Young (Mixed) (G1 Evacuation Pause) 3664M->1322M(4096M) 129.828ms
[2242.957s][info][gc,cpu         ] GC(368) User=0.76s Sys=0.00s Real=0.13s
......[2248.344s][info][gc,start       ] GC(369) Pause Young (Concurrent Start) (G1 Evacuation Pause)
[2248.344s][info][gc,task        ] GC(369) Using 6 workers of 6 for evacuation
[2248.460s][info][gc,phases      ] GC(369)   Pre Evacuate Collection Set: 0.40ms
[2248.460s][info][gc,phases      ] GC(369)   Merge Heap Roots: 0.50ms
[2248.460s][info][gc,phases      ] GC(369)   Evacuate Collection Set: 113.95ms
[2248.460s][info][gc,phases      ] GC(369)   Post Evacuate Collection Set: 0.91ms
[2248.460s][info][gc,phases      ] GC(369)   Other: 0.11ms
[2248.460s][info][gc,heap        ] GC(369) Eden regions: 1119->0(1119)
[2248.460s][info][gc,heap        ] GC(369) Survivor regions: 109->109(154)
[2248.460s][info][gc,heap        ] GC(369) Old regions: 473->505
[2248.460s][info][gc,heap        ] GC(369) Humongous regions: 80->80
[2248.460s][info][gc,metaspace   ] GC(369) Metaspace: 28955K(29248K)->28955K(29248K) NonClass: 24071K(24192K)->24071K(24192K) Class: 4883K(5056K)->4883K(5056K)
[2248.460s][info][gc             ] GC(369) Pause Young (Concurrent Start) (G1 Evacuation Pause) 3560M->1385M(4096M) 116.018ms
[2248.460s][info][gc             ] GC(370) Concurrent Mark Cycle
[2248.460s][info][gc,marking     ] GC(370) Concurrent Scan Root Regions
[2248.460s][info][gc,cpu         ] GC(369) User=0.69s Sys=0.00s Real=0.11s
[2248.632s][info][gc,marking     ] GC(370) Concurrent Scan Root Regions 171.632ms
[2248.632s][info][gc,marking     ] GC(370) Concurrent Mark
[2248.632s][info][gc,marking     ] GC(370) Concurrent Mark From Roots
[2248.632s][info][gc,task        ] GC(370) Using 2 workers of 2 for marking
.[2249.595s][info][gc,marking     ] GC(370) Concurrent Mark From Roots 963.468ms
[2249.595s][info][gc,marking     ] GC(370) Concurrent Preclean
[2249.596s][info][gc,marking     ] GC(370) Concurrent Preclean 0.076ms
[2249.596s][info][gc,start       ] GC(370) Pause Remark
[2249.600s][info][gc             ] GC(370) Pause Remark 1913M->1913M(4096M) 4.147ms
[2249.600s][info][gc,cpu         ] GC(370) User=0.02s Sys=0.00s Real=0.00s
[2249.600s][info][gc,marking     ] GC(370) Concurrent Mark 968.252ms
[2249.600s][info][gc,marking     ] GC(370) Concurrent Rebuild Remembered Sets and Scrub Regions
[2249.830s][info][gc,marking     ] GC(370) Concurrent Rebuild Remembered Sets and Scrub Regions 230.139ms
[2249.830s][info][gc,start       ] GC(370) Pause Cleanup
[2249.831s][info][gc             ] GC(370) Pause Cleanup 2014M->2014M(4096M) 0.118ms
[2249.831s][info][gc,cpu         ] GC(370) User=0.00s Sys=0.00s Real=0.00s
[2249.831s][info][gc,marking     ] GC(370) Concurrent Clear Claimed Marks
[2249.831s][info][gc,marking     ] GC(370) Concurrent Clear Claimed Marks 0.027ms
[2249.831s][info][gc,marking     ] GC(370) Concurrent Cleanup for Next Mark
[2249.835s][info][gc,marking     ] GC(370) Concurrent Cleanup for Next Mark 3.890ms
[2249.835s][info][gc             ] GC(370) Concurrent Mark Cycle 1374.401ms
.... (rIR:aIR:PR = 3459:3459:3459) (tPR = 51616) [OK] 
  2253s: Performance info:
         Transaction,    Success,    Partial,     Failed,   Receipts, AvgBarcode, 
             Overall,     207766,          0,          0,     197368,      59.48, 
         Response times:
             Request,    Success,    Partial,     Failed,   SkipFail,     Probes,    Samples,      min,      p50,      p90,      p95,      p99,      max, 
       TotalPurchase,     197368,          0,          0,          0,     193926,     214040,      300,     2900,     4800,     6400,    36000,   177000,
     InStorePurchase,     103823,          0,          0,          0,     102207,     112486,      300,     2900,     4800,     6500,    36000,   140000,
      OnlinePurchase,      72738,          0,          0,          0,      71634,      79217,      300,     3000,     4800,     6400,    36000,   140000,
        InstPurchase,      20807,          0,          0,          0,      20085,      22337,      400,     2800,     4600,     6100,    35000,   177000,
          AssocOfCat,        207,          0,          0,          0,        147,        224,    18900,    28000,    55000,    86500,   170250,   174000,
      AssocOfProduct,       2079,          0,          0,          0,       1866,       2197,      400,     2700,     4100,     5010,    31020,    51000,
      BusinessReport,        518,          0,          0,          0,        423,        561,    19700,    32000,    47000,    61800,   104000,   160000,
          CustBuyBeh,       2076,          0,          0,          0,       1917,       2273,      200,     2300,     4400,     5700,    27520,   126000,
       ProductReturn,       5517,          0,          0,          0,       5182,       5836,      200,     1800,     4100,     5200,    27630,   137000,

  2253s: (26%)   IR =   3598 [2253.711s][info][gc,start       ] GC(371) Pause Young (Prepare Mixed) (G1 Evacuation Pause)
[2253.711s][info][gc,task        ] GC(371) Using 6 workers of 6 for evacuation
[2253.826s][info][gc,phases      ] GC(371)   Pre Evacuate Collection Set: 0.35ms
[2253.826s][info][gc,phases      ] GC(371)   Merge Heap Roots: 0.53ms
[2253.826s][info][gc,phases      ] GC(371)   Evacuate Collection Set: 112.74ms
[2253.826s][info][gc,phases      ] GC(371)   Post Evacuate Collection Set: 0.94ms
[2253.826s][info][gc,phases      ] GC(371)   Other: 0.09ms
[2253.826s][info][gc,heap        ] GC(371) Eden regions: 1119->0(1115)
[2253.826s][info][gc,heap        ] GC(371) Survivor regions: 109->107(154)
[2253.826s][info][gc,heap        ] GC(371) Old regions: 505->536
[2253.826s][info][gc,heap        ] GC(371) Humongous regions: 80->80
[2253.826s][info][gc,metaspace   ] GC(371) Metaspace: 28962K(29248K)->28962K(29248K) NonClass: 24078K(24192K)->24078K(24192K) Class: 4883K(5056K)->4883K(5056K)
[2253.826s][info][gc             ] GC(371) Pause Young (Prepare Mixed) (G1 Evacuation Pause) 3623M->1445M(4096M) 114.784ms
[2253.826s][info][gc,cpu         ] GC(371) User=0.67s Sys=0.00s Real=0.12s
.....|[2259.053s][info][gc,start       ] GC(372) Pause Young (Mixed) (G1 Evacuation Pause)
[2259.053s][info][gc,task        ] GC(372) Using 6 workers of 6 for evacuation
[2259.185s][info][gc,phases      ] GC(372)   Pre Evacuate Collection Set: 0.42ms
[2259.185s][info][gc,phases      ] GC(372)   Merge Heap Roots: 0.67ms
[2259.185s][info][gc,phases      ] GC(372)   Evacuate Collection Set: 129.44ms
[2259.185s][info][gc,phases      ] GC(372)   Post Evacuate Collection Set: 0.97ms
[2259.185s][info][gc,phases      ] GC(372)   Other: 0.09ms
[2259.185s][info][gc,heap        ] GC(372) Eden regions: 1115->0(1120)
[2259.185s][info][gc,heap        ] GC(372) Survivor regions: 107->108(153)
[2259.185s][info][gc,heap        ] GC(372) Old regions: 536->471
[2259.185s][info][gc,heap        ] GC(372) Humongous regions: 80->80
[2259.185s][info][gc,metaspace   ] GC(372) Metaspace: 28962K(29248K)->28962K(29248K) NonClass: 24078K(24192K)->24078K(24192K) Class: 4883K(5056K)->4883K(5056K)
[2259.185s][info][gc             ] GC(372) Pause Young (Mixed) (G1 Evacuation Pause) 3675M->1317M(4096M) 131.722ms
[2259.185s][info][gc,cpu         ] GC(372) User=0.78s Sys=0.00s Real=0.13s
......[2264.371s][info][gc,start       ] GC(373) Pause Young (Concurrent Start) (G1 Evacuation Pause)
[2264.371s][info][gc,task        ] GC(373) Using 6 workers of 6 for evacuation
[2264.489s][info][gc,phases      ] GC(373)   Pre Evacuate Collection Set: 0.39ms
[2264.489s][info][gc,phases      ] GC(373)   Merge Heap Roots: 0.48ms
[2264.489s][info][gc,phases      ] GC(373)   Evacuate Collection Set: 116.94ms
[2264.489s][info][gc,phases      ] GC(373)   Post Evacuate Collection Set: 0.92ms
[2264.489s][info][gc,phases      ] GC(373)   Other: 0.12ms
[2264.489s][info][gc,heap        ] GC(373) Eden regions: 1120->0(1119)
[2264.489s][info][gc,heap        ] GC(373) Survivor regions: 108->109(154)
[2264.489s][info][gc,heap        ] GC(373) Old regions: 471->503
[2264.489s][info][gc,heap        ] GC(373) Humongous regions: 80->80
[2264.489s][info][gc,metaspace   ] GC(373) Metaspace: 28962K(29248K)->28962K(29248K) NonClass: 24078K(24192K)->24078K(24192K) Class: 4883K(5056K)->4883K(5056K)
[2264.489s][info][gc             ] GC(373) Pause Young (Concurrent Start) (G1 Evacuation Pause) 3557M->1382M(4096M) 118.976ms
[2264.490s][info][gc             ] GC(374) Concurrent Mark Cycle
[2264.490s][info][gc,marking     ] GC(374) Concurrent Scan Root Regions
[2264.490s][info][gc,cpu         ] GC(373) User=0.71s Sys=0.00s Real=0.12s
[2264.626s][info][gc,marking     ] GC(374) Concurrent Scan Root Regions 135.935ms
[2264.626s][info][gc,marking     ] GC(374) Concurrent Mark
[2264.626s][info][gc,marking     ] GC(374) Concurrent Mark From Roots
[2264.626s][info][gc,task        ] GC(374) Using 2 workers of 2 for marking
[2265.157s][info][gc,marking     ] GC(374) Concurrent Mark From Roots 531.386ms
[2265.157s][info][gc,marking     ] GC(374) Concurrent Preclean
[2265.157s][info][gc,marking     ] GC(374) Concurrent Preclean 0.059ms
[2265.157s][info][gc,start       ] GC(374) Pause Remark
[2265.161s][info][gc             ] GC(374) Pause Remark 1731M->1731M(4096M) 3.516ms
[2265.161s][info][gc,cpu         ] GC(374) User=0.02s Sys=0.00s Real=0.00s
[2265.161s][info][gc,marking     ] GC(374) Concurrent Mark 535.243ms
[2265.161s][info][gc,marking     ] GC(374) Concurrent Rebuild Remembered Sets and Scrub Regions
.[2265.421s][info][gc,marking     ] GC(374) Concurrent Rebuild Remembered Sets and Scrub Regions 259.768ms
[2265.421s][info][gc,start       ] GC(374) Pause Cleanup
[2265.421s][info][gc             ] GC(374) Pause Cleanup 1832M->1832M(4096M) 0.138ms
[2265.421s][info][gc,cpu         ] GC(374) User=0.00s Sys=0.00s Real=0.00s
[2265.421s][info][gc,marking     ] GC(374) Concurrent Clear Claimed Marks
[2265.421s][info][gc,marking     ] GC(374) Concurrent Clear Claimed Marks 0.030ms
[2265.421s][info][gc,marking     ] GC(374) Concurrent Cleanup for Next Mark
[2265.424s][info][gc,marking     ] GC(374) Concurrent Cleanup for Next Mark 3.305ms
[2265.424s][info][gc             ] GC(374) Concurrent Mark Cycle 934.761ms
....[2269.631s][info][gc,start       ] GC(375) Pause Young (Prepare Mixed) (G1 Evacuation Pause)
[2269.631s][info][gc,task        ] GC(375) Using 6 workers of 6 for evacuation
[2269.746s][info][gc,phases      ] GC(375)   Pre Evacuate Collection Set: 0.37ms
[2269.746s][info][gc,phases      ] GC(375)   Merge Heap Roots: 0.54ms
[2269.746s][info][gc,phases      ] GC(375)   Evacuate Collection Set: 113.21ms
[2269.746s][info][gc,phases      ] GC(375)   Post Evacuate Collection Set: 0.97ms
[2269.746s][info][gc,phases      ] GC(375)   Other: 0.09ms
[2269.746s][info][gc,heap        ] GC(375) Eden regions: 1119->0(1115)
[2269.746s][info][gc,heap        ] GC(375) Survivor regions: 109->108(154)
[2269.746s][info][gc,heap        ] GC(375) Old regions: 503->534
[2269.746s][info][gc,heap        ] GC(375) Humongous regions: 80->80
[2269.746s][info][gc,metaspace   ] GC(375) Metaspace: 28962K(29248K)->28962K(29248K) NonClass: 24078K(24192K)->24078K(24192K) Class: 4883K(5056K)->4883K(5056K)
[2269.746s][info][gc             ] GC(375) Pause Young (Prepare Mixed) (G1 Evacuation Pause) 3620M->1443M(4096M) 115.308ms
[2269.746s][info][gc,cpu         ] GC(375) User=0.68s Sys=0.00s Real=0.12s
.....[2274.895s][info][gc,start       ] GC(376) Pause Young (Mixed) (G1 Evacuation Pause)
[2274.895s][info][gc,task        ] GC(376) Using 6 workers of 6 for evacuation
[2275.027s][info][gc,phases      ] GC(376)   Pre Evacuate Collection Set: 0.41ms
[2275.027s][info][gc,phases      ] GC(376)   Merge Heap Roots: 0.71ms
[2275.027s][info][gc,phases      ] GC(376)   Evacuate Collection Set: 129.32ms
[2275.027s][info][gc,phases      ] GC(376)   Post Evacuate Collection Set: 0.98ms
[2275.027s][info][gc,phases      ] GC(376)   Other: 0.09ms
[2275.027s][info][gc,heap        ] GC(376) Eden regions: 1115->0(1119)
[2275.027s][info][gc,heap        ] GC(376) Survivor regions: 108->109(153)
[2275.027s][info][gc,heap        ] GC(376) Old regions: 534->471
[2275.027s][info][gc,heap        ] GC(376) Humongous regions: 80->80
[2275.027s][info][gc,metaspace   ] GC(376) Metaspace: 28962K(29248K)->28962K(29248K) NonClass: 24078K(24192K)->24078K(24192K) Class: 4883K(5056K)->4883K(5056K)
[2275.027s][info][gc             ] GC(376) Pause Young (Mixed) (G1 Evacuation Pause) 3673M->1318M(4096M) 131.659ms
[2275.027s][info][gc,cpu         ] GC(376) User=0.78s Sys=0.00s Real=0.13s
.....[2280.192s][info][gc,start       ] GC(377) Pause Young (Concurrent Start) (G1 Evacuation Pause)
[2280.192s][info][gc,task        ] GC(377) Using 6 workers of 6 for evacuation
[2280.310s][info][gc,phases      ] GC(377)   Pre Evacuate Collection Set: 0.42ms
[2280.310s][info][gc,phases      ] GC(377)   Merge Heap Roots: 0.49ms
[2280.310s][info][gc,phases      ] GC(377)   Evacuate Collection Set: 115.85ms
[2280.310s][info][gc,phases      ] GC(377)   Post Evacuate Collection Set: 0.90ms
[2280.310s][info][gc,phases      ] GC(377)   Other: 0.11ms
[2280.310s][info][gc,heap        ] GC(377) Eden regions: 1119->0(1119)
[2280.310s][info][gc,heap        ] GC(377) Survivor regions: 109->109(154)
[2280.310s][info][gc,heap        ] GC(377) Old regions: 471->503
[2280.310s][info][gc,heap        ] GC(377) Humongous regions: 80->80
[2280.310s][info][gc,metaspace   ] GC(377) Metaspace: 28962K(29248K)->28962K(29248K) NonClass: 24078K(24192K)->24078K(24192K) Class: 4883K(5056K)->4883K(5056K)
[2280.310s][info][gc             ] GC(377) Pause Young (Concurrent Start) (G1 Evacuation Pause) 3556M->1383M(4096M) 117.902ms
[2280.310s][info][gc             ] GC(378) Concurrent Mark Cycle
[2280.310s][info][gc,marking     ] GC(378) Concurrent Scan Root Regions
[2280.310s][info][gc,cpu         ] GC(377) User=0.69s Sys=0.00s Real=0.12s
.[2280.431s][info][gc,marking     ] GC(378) Concurrent Scan Root Regions 120.846ms
[2280.431s][info][gc,marking     ] GC(378) Concurrent Mark
[2280.431s][info][gc,marking     ] GC(378) Concurrent Mark From Roots
[2280.431s][info][gc,task        ] GC(378) Using 2 workers of 2 for marking
[2281.034s][info][gc,marking     ] GC(378) Concurrent Mark From Roots 603.763ms
[2281.034s][info][gc,marking     ] GC(378) Concurrent Preclean
[2281.034s][info][gc,marking     ] GC(378) Concurrent Preclean 0.048ms
[2281.035s][info][gc,start       ] GC(378) Pause Remark
[2281.038s][info][gc             ] GC(378) Pause Remark 1697M->1697M(4096M) 3.542ms
[2281.038s][info][gc,cpu         ] GC(378) User=0.01s Sys=0.00s Real=0.00s
[2281.038s][info][gc,marking     ] GC(378) Concurrent Mark 607.856ms
[2281.038s][info][gc,marking     ] GC(378) Concurrent Rebuild Remembered Sets and Scrub Regions
[2281.245s][info][gc,marking     ] GC(378) Concurrent Rebuild Remembered Sets and Scrub Regions 206.176ms
[2281.245s][info][gc,start       ] GC(378) Pause Cleanup
[2281.245s][info][gc             ] GC(378) Pause Cleanup 1801M->1801M(4096M) 0.132ms
[2281.245s][info][gc,cpu         ] GC(378) User=0.00s Sys=0.00s Real=0.00s
[2281.245s][info][gc,marking     ] GC(378) Concurrent Clear Claimed Marks
[2281.245s][info][gc,marking     ] GC(378) Concurrent Clear Claimed Marks 0.037ms
[2281.245s][info][gc,marking     ] GC(378) Concurrent Cleanup for Next Mark
[2281.250s][info][gc,marking     ] GC(378) Concurrent Cleanup for Next Mark 5.066ms
[2281.250s][info][gc             ] GC(378) Concurrent Mark Cycle 940.722ms
.....[2285.487s][info][gc,start       ] GC(379) Pause Young (Prepare Mixed) (G1 Evacuation Pause)
[2285.487s][info][gc,task        ] GC(379) Using 6 workers of 6 for evacuation
[2285.607s][info][gc,phases      ] GC(379)   Pre Evacuate Collection Set: 0.39ms
[2285.607s][info][gc,phases      ] GC(379)   Merge Heap Roots: 0.50ms
[2285.607s][info][gc,phases      ] GC(379)   Evacuate Collection Set: 118.05ms
[2285.607s][info][gc,phases      ] GC(379)   Post Evacuate Collection Set: 0.94ms
[2285.607s][info][gc,phases      ] GC(379)   Other: 0.10ms
[2285.607s][info][gc,heap        ] GC(379) Eden regions: 1119->0(1106)
[2285.607s][info][gc,heap        ] GC(379) Survivor regions: 109->112(154)
[2285.607s][info][gc,heap        ] GC(379) Old regions: 503->535
[2285.607s][info][gc,heap        ] GC(379) Humongous regions: 80->80
[2285.607s][info][gc,metaspace   ] GC(379) Metaspace: 28962K(29248K)->28962K(29248K) NonClass: 24078K(24192K)->24078K(24192K) Class: 4883K(5056K)->4883K(5056K)
[2285.607s][info][gc             ] GC(379) Pause Young (Prepare Mixed) (G1 Evacuation Pause) 3621M->1452M(4096M) 120.098ms
[2285.607s][info][gc,cpu         ] GC(379) User=0.71s Sys=0.01s Real=0.12s
.....[2290.711s][info][gc,start       ] GC(380) Pause Young (Mixed) (G1 Evacuation Pause)
[2290.711s][info][gc,task        ] GC(380) Using 6 workers of 6 for evacuation
[2290.841s][info][gc,phases      ] GC(380)   Pre Evacuate Collection Set: 0.44ms
[2290.841s][info][gc,phases      ] GC(380)   Merge Heap Roots: 0.77ms
[2290.841s][info][gc,phases      ] GC(380)   Evacuate Collection Set: 127.98ms
[2290.841s][info][gc,phases      ] GC(380)   Post Evacuate Collection Set: 0.98ms
[2290.841s][info][gc,phases      ] GC(380)   Other: 0.10ms
[2290.841s][info][gc,heap        ] GC(380) Eden regions: 1106->0(1121)
[2290.841s][info][gc,heap        ] GC(380) Survivor regions: 112->107(153)
[2290.841s][info][gc,heap        ] GC(380) Old regions: 535->471
[2290.841s][info][gc,heap        ] GC(380) Humongous regions: 80->80
[2290.842s][info][gc,metaspace   ] GC(380) Metaspace: 28962K(29248K)->28962K(29248K) NonClass: 24078K(24192K)->24078K(24192K) Class: 4883K(5056K)->4883K(5056K)
[2290.842s][info][gc             ] GC(380) Pause Young (Mixed) (G1 Evacuation Pause) 3664M->1315M(4096M) 130.407ms
[2290.842s][info][gc,cpu         ] GC(380) User=0.77s Sys=0.00s Real=0.13s
.....[2295.980s][info][gc,start       ] GC(381) Pause Young (Concurrent Start) (G1 Evacuation Pause)
[2295.980s][info][gc,task        ] GC(381) Using 6 workers of 6 for evacuation
[2296.095s][info][gc,phases      ] GC(381)   Pre Evacuate Collection Set: 0.45ms
[2296.095s][info][gc,phases      ] GC(381)   Merge Heap Roots: 0.47ms
[2296.095s][info][gc,phases      ] GC(381)   Evacuate Collection Set: 113.21ms
[2296.095s][info][gc,phases      ] GC(381)   Post Evacuate Collection Set: 0.91ms
[2296.095s][info][gc,phases      ] GC(381)   Other: 0.12ms
[2296.096s][info][gc,heap        ] GC(381) Eden regions: 1121->0(1120)
[2296.096s][info][gc,heap        ] GC(381) Survivor regions: 107->108(154)
[2296.096s][info][gc,heap        ] GC(381) Old regions: 471->503
[2296.096s][info][gc,heap        ] GC(381) Humongous regions: 80->80
[2296.096s][info][gc,metaspace   ] GC(381) Metaspace: 28962K(29248K)->28962K(29248K) NonClass: 24078K(24192K)->24078K(24192K) Class: 4883K(5056K)->4883K(5056K)
[2296.096s][info][gc             ] GC(381) Pause Young (Concurrent Start) (G1 Evacuation Pause) 3557M->1381M(4096M) 115.325ms
[2296.096s][info][gc             ] GC(382) Concurrent Mark Cycle
[2296.096s][info][gc,marking     ] GC(382) Concurrent Scan Root Regions
[2296.096s][info][gc,cpu         ] GC(381) User=0.68s Sys=0.00s Real=0.12s
[2296.231s][info][gc,marking     ] GC(382) Concurrent Scan Root Regions 134.951ms
[2296.231s][info][gc,marking     ] GC(382) Concurrent Mark
[2296.231s][info][gc,marking     ] GC(382) Concurrent Mark From Roots
[2296.231s][info][gc,task        ] GC(382) Using 2 workers of 2 for marking
.[2296.859s][info][gc,marking     ] GC(382) Concurrent Mark From Roots 628.403ms
[2296.859s][info][gc,marking     ] GC(382) Concurrent Preclean
[2296.859s][info][gc,marking     ] GC(382) Concurrent Preclean 0.049ms
[2296.859s][info][gc,start       ] GC(382) Pause Remark
[2296.862s][info][gc             ] GC(382) Pause Remark 1802M->1802M(4096M) 2.985ms
[2296.862s][info][gc,cpu         ] GC(382) User=0.01s Sys=0.00s Real=0.00s
[2296.862s][info][gc,marking     ] GC(382) Concurrent Mark 631.755ms
[2296.862s][info][gc,marking     ] GC(382) Concurrent Rebuild Remembered Sets and Scrub Regions
[2297.091s][info][gc,marking     ] GC(382) Concurrent Rebuild Remembered Sets and Scrub Regions 228.627ms
[2297.091s][info][gc,start       ] GC(382) Pause Cleanup
[2297.091s][info][gc             ] GC(382) Pause Cleanup 1894M->1894M(4096M) 0.120ms
[2297.091s][info][gc,cpu         ] GC(382) User=0.00s Sys=0.00s Real=0.00s
[2297.091s][info][gc,marking     ] GC(382) Concurrent Clear Claimed Marks
[2297.091s][info][gc,marking     ] GC(382) Concurrent Clear Claimed Marks 0.029ms
[2297.091s][info][gc,marking     ] GC(382) Concurrent Cleanup for Next Mark
[2297.095s][info][gc,marking     ] GC(382) Concurrent Cleanup for Next Mark 3.819ms
[2297.095s][info][gc             ] GC(382) Concurrent Mark Cycle 999.624ms
....[2301.270s][info][gc,start       ] GC(383) Pause Young (Prepare Mixed) (G1 Evacuation Pause)
[2301.270s][info][gc,task        ] GC(383) Using 6 workers of 6 for evacuation
[2301.386s][info][gc,phases      ] GC(383)   Pre Evacuate Collection Set: 0.36ms
[2301.386s][info][gc,phases      ] GC(383)   Merge Heap Roots: 0.53ms
[2301.386s][info][gc,phases      ] GC(383)   Evacuate Collection Set: 113.81ms
[2301.386s][info][gc,phases      ] GC(383)   Post Evacuate Collection Set: 0.96ms
[2301.386s][info][gc,phases      ] GC(383)   Other: 0.09ms
[2301.386s][info][gc,heap        ] GC(383) Eden regions: 1120->0(1111)
[2301.386s][info][gc,heap        ] GC(383) Survivor regions: 108->110(154)
[2301.386s][info][gc,heap        ] GC(383) Old regions: 503->534
[2301.386s][info][gc,heap        ] GC(383) Humongous regions: 80->80
[2301.386s][info][gc,metaspace   ] GC(383) Metaspace: 28962K(29248K)->28962K(29248K) NonClass: 24078K(24192K)->24078K(24192K) Class: 4883K(5056K)->4883K(5056K)
[2301.386s][info][gc             ] GC(383) Pause Young (Prepare Mixed) (G1 Evacuation Pause) 3621M->1446M(4096M) 115.883ms
[2301.386s][info][gc,cpu         ] GC(383) User=0.68s Sys=0.00s Real=0.12s
......[2306.495s][info][gc,start       ] GC(384) Pause Young (Mixed) (G1 Evacuation Pause)
[2306.495s][info][gc,task        ] GC(384) Using 6 workers of 6 for evacuation
[2306.628s][info][gc,phases      ] GC(384)   Pre Evacuate Collection Set: 0.41ms
[2306.628s][info][gc,phases      ] GC(384)   Merge Heap Roots: 0.72ms
[2306.628s][info][gc,phases      ] GC(384)   Evacuate Collection Set: 131.20ms
[2306.628s][info][gc,phases      ] GC(384)   Post Evacuate Collection Set: 0.96ms
[2306.628s][info][gc,phases      ] GC(384)   Other: 0.10ms
[2306.628s][info][gc,heap        ] GC(384) Eden regions: 1111->0(1119)
[2306.628s][info][gc,heap        ] GC(384) Survivor regions: 110->109(153)
[2306.628s][info][gc,heap        ] GC(384) Old regions: 534->471
[2306.628s][info][gc,heap        ] GC(384) Humongous regions: 80->80
[2306.628s][info][gc,metaspace   ] GC(384) Metaspace: 28962K(29248K)->28962K(29248K) NonClass: 24078K(24192K)->24078K(24192K) Class: 4883K(5056K)->4883K(5056K)
[2306.628s][info][gc             ] GC(384) Pause Young (Mixed) (G1 Evacuation Pause) 3668M->1319M(4096M) 133.532ms
[2306.628s][info][gc,cpu         ] GC(384) User=0.79s Sys=0.00s Real=0.13s
.....[2311.719s][info][gc,start       ] GC(385) Pause Young (Concurrent Start) (G1 Evacuation Pause)
[2311.719s][info][gc,task        ] GC(385) Using 6 workers of 6 for evacuation
[2311.833s][info][gc,phases      ] GC(385)   Pre Evacuate Collection Set: 0.41ms
[2311.833s][info][gc,phases      ] GC(385)   Merge Heap Roots: 0.47ms
[2311.833s][info][gc,phases      ] GC(385)   Evacuate Collection Set: 112.61ms
[2311.833s][info][gc,phases      ] GC(385)   Post Evacuate Collection Set: 0.90ms
[2311.833s][info][gc,phases      ] GC(385)   Other: 0.10ms
[2311.833s][info][gc,heap        ] GC(385) Eden regions: 1119->0(1120)
[2311.833s][info][gc,heap        ] GC(385) Survivor regions: 109->108(154)
[2311.834s][info][gc,heap        ] GC(385) Old regions: 471->503
[2311.834s][info][gc,heap        ] GC(385) Humongous regions: 80->80
[2311.834s][info][gc,metaspace   ] GC(385) Metaspace: 28962K(29248K)->28962K(29248K) NonClass: 24078K(24192K)->24078K(24192K) Class: 4883K(5056K)->4883K(5056K)
[2311.834s][info][gc             ] GC(385) Pause Young (Concurrent Start) (G1 Evacuation Pause) 3557M->1381M(4096M) 114.626ms
[2311.834s][info][gc             ] GC(386) Concurrent Mark Cycle
[2311.834s][info][gc,marking     ] GC(386) Concurrent Scan Root Regions
[2311.834s][info][gc,cpu         ] GC(385) User=0.67s Sys=0.00s Real=0.12s
[2311.957s][info][gc,marking     ] GC(386) Concurrent Scan Root Regions 123.586ms
[2311.957s][info][gc,marking     ] GC(386) Concurrent Mark
[2311.957s][info][gc,marking     ] GC(386) Concurrent Mark From Roots
[2311.957s][info][gc,task        ] GC(386) Using 2 workers of 2 for marking
.[2312.559s][info][gc,marking     ] GC(386) Concurrent Mark From Roots 601.473ms
[2312.559s][info][gc,marking     ] GC(386) Concurrent Preclean
[2312.559s][info][gc,marking     ] GC(386) Concurrent Preclean 0.046ms
[2312.559s][info][gc,start       ] GC(386) Pause Remark
[2312.562s][info][gc             ] GC(386) Pause Remark 1734M->1734M(4096M) 3.400ms
[2312.562s][info][gc,cpu         ] GC(386) User=0.02s Sys=0.00s Real=0.00s
[2312.562s][info][gc,marking     ] GC(386) Concurrent Mark 605.172ms
[2312.562s][info][gc,marking     ] GC(386) Concurrent Rebuild Remembered Sets and Scrub Regions
[2312.790s][info][gc,marking     ] GC(386) Concurrent Rebuild Remembered Sets and Scrub Regions 228.008ms
[2312.791s][info][gc,start       ] GC(386) Pause Cleanup
[2312.791s][info][gc             ] GC(386) Pause Cleanup 1830M->1830M(4096M) 0.131ms
[2312.791s][info][gc,cpu         ] GC(386) User=0.00s Sys=0.00s Real=0.00s
[2312.791s][info][gc,marking     ] GC(386) Concurrent Clear Claimed Marks
[2312.791s][info][gc,marking     ] GC(386) Concurrent Clear Claimed Marks 0.035ms
[2312.791s][info][gc,marking     ] GC(386) Concurrent Cleanup for Next Mark
[2312.796s][info][gc,marking     ] GC(386) Concurrent Cleanup for Next Mark 5.197ms
[2312.796s][info][gc             ] GC(386) Concurrent Mark Cycle 962.475ms
....[2317.050s][info][gc,start       ] GC(387) Pause Young (Prepare Mixed) (G1 Evacuation Pause)
[2317.050s][info][gc,task        ] GC(387) Using 6 workers of 6 for evacuation
[2317.166s][info][gc,phases      ] GC(387)   Pre Evacuate Collection Set: 0.32ms
[2317.166s][info][gc,phases      ] GC(387)   Merge Heap Roots: 0.52ms
[2317.166s][info][gc,phases      ] GC(387)   Evacuate Collection Set: 113.80ms
[2317.166s][info][gc,phases      ] GC(387)   Post Evacuate Collection Set: 0.96ms
[2317.166s][info][gc,phases      ] GC(387)   Other: 0.09ms
[2317.166s][info][gc,heap        ] GC(387) Eden regions: 1120->0(1112)
[2317.166s][info][gc,heap        ] GC(387) Survivor regions: 108->109(154)
[2317.166s][info][gc,heap        ] GC(387) Old regions: 503->535
[2317.166s][info][gc,heap        ] GC(387) Humongous regions: 80->80
[2317.166s][info][gc,metaspace   ] GC(387) Metaspace: 28962K(29248K)->28962K(29248K) NonClass: 24078K(24192K)->24078K(24192K) Class: 4883K(5056K)->4883K(5056K)
[2317.166s][info][gc             ] GC(387) Pause Young (Prepare Mixed) (G1 Evacuation Pause) 3621M->1446M(4096M) 115.833ms
[2317.166s][info][gc,cpu         ] GC(387) User=0.68s Sys=0.00s Real=0.12s
.. (rIR:aIR:PR = 3598:3597:3597) (tPR = 53900) [OK] 
  2318s: Performance info:
         Transaction,    Success,    Partial,     Failed,   Receipts, AvgBarcode, 
             Overall,     216630,          0,          0,     205809,      59.47, 
         Response times:
             Request,    Success,    Partial,     Failed,   SkipFail,     Probes,    Samples,      min,      p50,      p90,      p95,      p99,      max, 
       TotalPurchase,     205802,          0,          0,          0,     201744,     219163,      300,     3000,     5100,     7000,    31000,   252000,
     InStorePurchase,     108331,          0,          0,          0,     106500,     115320,      300,     3000,     5100,     6900,    31000,   252000,
      OnlinePurchase,      75824,          0,          0,          0,      74234,      80820,      300,     3200,     5200,     7200,    33000,   252000,
        InstPurchase,      21647,          0,          0,          0,      21010,      23023,      400,     2800,     5000,     6600,    29000,   151000,
          AssocOfCat,        218,          0,          0,          0,        173,        241,    18400,    27000,    34000,    37000,    71660,   158000,
      AssocOfProduct,       2170,          0,          0,          0,       1992,       2305,      800,     2600,     5300,     7570,    31940,   140000,
      BusinessReport,        538,          0,          0,          0,        436,        549,    20000,    33000,    50000,    58500,   109000,   171000,
          CustBuyBeh,       2169,          0,          0,          0,       1972,       2316,      200,     2400,     5000,     6900,    25830,   137000,
       ProductReturn,       5726,          0,          0,          0,       5400,       6182,      200,     2000,     4900,     6385,    28000,   138000,

  2318s: (27%)   IR =   3736 ...[2322.150s][info][gc,start       ] GC(388) Pause Young (Mixed) (G1 Evacuation Pause)
[2322.150s][info][gc,task        ] GC(388) Using 6 workers of 6 for evacuation
[2322.281s][info][gc,phases      ] GC(388)   Pre Evacuate Collection Set: 0.37ms
[2322.281s][info][gc,phases      ] GC(388)   Merge Heap Roots: 0.73ms
[2322.281s][info][gc,phases      ] GC(388)   Evacuate Collection Set: 128.89ms
[2322.281s][info][gc,phases      ] GC(388)   Post Evacuate Collection Set: 1.04ms
[2322.281s][info][gc,phases      ] GC(388)   Other: 0.10ms
[2322.281s][info][gc,heap        ] GC(388) Eden regions: 1112->0(1119)
[2322.281s][info][gc,heap        ] GC(388) Survivor regions: 109->109(153)
[2322.281s][info][gc,heap        ] GC(388) Old regions: 535->472
[2322.281s][info][gc,heap        ] GC(388) Humongous regions: 80->80
[2322.281s][info][gc,metaspace   ] GC(388) Metaspace: 28962K(29248K)->28962K(29248K) NonClass: 24078K(24192K)->24078K(24192K) Class: 4883K(5056K)->4883K(5056K)
[2322.281s][info][gc             ] GC(388) Pause Young (Mixed) (G1 Evacuation Pause) 3670M->1320M(4096M) 131.257ms
[2322.281s][info][gc,cpu         ] GC(388) User=0.78s Sys=0.00s Real=0.13s
.|....[2327.301s][info][gc,start       ] GC(389) Pause Young (Concurrent Start) (G1 Evacuation Pause)
[2327.301s][info][gc,task        ] GC(389) Using 6 workers of 6 for evacuation
[2327.419s][info][gc,phases      ] GC(389)   Pre Evacuate Collection Set: 0.41ms
[2327.419s][info][gc,phases      ] GC(389)   Merge Heap Roots: 0.48ms
[2327.419s][info][gc,phases      ] GC(389)   Evacuate Collection Set: 115.54ms
[2327.419s][info][gc,phases      ] GC(389)   Post Evacuate Collection Set: 0.93ms
[2327.419s][info][gc,phases      ] GC(389)   Other: 0.12ms
[2327.419s][info][gc,heap        ] GC(389) Eden regions: 1119->0(1119)
[2327.419s][info][gc,heap        ] GC(389) Survivor regions: 109->109(154)
[2327.419s][info][gc,heap        ] GC(389) Old regions: 472->504
[2327.419s][info][gc,heap        ] GC(389) Humongous regions: 80->80
[2327.419s][info][gc,metaspace   ] GC(389) Metaspace: 28962K(29248K)->28962K(29248K) NonClass: 24078K(24192K)->24078K(24192K) Class: 4883K(5056K)->4883K(5056K)
[2327.419s][info][gc             ] GC(389) Pause Young (Concurrent Start) (G1 Evacuation Pause) 3558M->1385M(4096M) 117.611ms
[2327.419s][info][gc             ] GC(390) Concurrent Mark Cycle
[2327.419s][info][gc,marking     ] GC(390) Concurrent Scan Root Regions
[2327.419s][info][gc,cpu         ] GC(389) User=0.69s Sys=0.00s Real=0.12s
.[2327.567s][info][gc,marking     ] GC(390) Concurrent Scan Root Regions 147.920ms
[2327.567s][info][gc,marking     ] GC(390) Concurrent Mark
[2327.567s][info][gc,marking     ] GC(390) Concurrent Mark From Roots
[2327.567s][info][gc,task        ] GC(390) Using 2 workers of 2 for marking
[2328.249s][info][gc,marking     ] GC(390) Concurrent Mark From Roots 681.897ms
[2328.249s][info][gc,marking     ] GC(390) Concurrent Preclean
[2328.249s][info][gc,marking     ] GC(390) Concurrent Preclean 0.050ms
[2328.249s][info][gc,start       ] GC(390) Pause Remark
[2328.253s][info][gc             ] GC(390) Pause Remark 1793M->1793M(4096M) 3.970ms
[2328.253s][info][gc,cpu         ] GC(390) User=0.02s Sys=0.00s Real=0.01s
[2328.253s][info][gc,marking     ] GC(390) Concurrent Mark 686.172ms
[2328.253s][info][gc,marking     ] GC(390) Concurrent Rebuild Remembered Sets and Scrub Regions
.[2328.510s][info][gc,marking     ] GC(390) Concurrent Rebuild Remembered Sets and Scrub Regions 256.344ms
[2328.510s][info][gc,start       ] GC(390) Pause Cleanup
[2328.510s][info][gc             ] GC(390) Pause Cleanup 1910M->1910M(4096M) 0.131ms
[2328.510s][info][gc,cpu         ] GC(390) User=0.00s Sys=0.00s Real=0.00s
[2328.510s][info][gc,marking     ] GC(390) Concurrent Clear Claimed Marks
[2328.510s][info][gc,marking     ] GC(390) Concurrent Clear Claimed Marks 0.029ms
[2328.510s][info][gc,marking     ] GC(390) Concurrent Cleanup for Next Mark
[2328.513s][info][gc,marking     ] GC(390) Concurrent Cleanup for Next Mark 3.227ms
[2328.513s][info][gc             ] GC(390) Concurrent Mark Cycle 1094.122ms
...[2332.448s][info][gc,start       ] GC(391) Pause Young (Prepare Mixed) (G1 Evacuation Pause)
[2332.448s][info][gc,task        ] GC(391) Using 6 workers of 6 for evacuation
[2332.575s][info][gc,phases      ] GC(391)   Pre Evacuate Collection Set: 0.40ms
[2332.575s][info][gc,phases      ] GC(391)   Merge Heap Roots: 0.61ms
[2332.575s][info][gc,phases      ] GC(391)   Evacuate Collection Set: 125.39ms
[2332.575s][info][gc,phases      ] GC(391)   Post Evacuate Collection Set: 0.94ms
[2332.575s][info][gc,phases      ] GC(391)   Other: 0.10ms
[2332.575s][info][gc,heap        ] GC(391) Eden regions: 1119->0(1093)
[2332.575s][info][gc,heap        ] GC(391) Survivor regions: 109->118(154)
[2332.575s][info][gc,heap        ] GC(391) Old regions: 504->536
[2332.575s][info][gc,heap        ] GC(391) Humongous regions: 80->80
[2332.575s][info][gc,metaspace   ] GC(391) Metaspace: 28962K(29248K)->28962K(29248K) NonClass: 24078K(24192K)->24078K(24192K) Class: 4883K(5056K)->4883K(5056K)
[2332.575s][info][gc             ] GC(391) Pause Young (Prepare Mixed) (G1 Evacuation Pause) 3623M->1465M(4096M) 127.571ms
[2332.575s][info][gc,cpu         ] GC(391) User=0.75s Sys=0.00s Real=0.13s
.....[2337.383s][info][gc,start       ] GC(392) Pause Young (Mixed) (G1 Evacuation Pause)
[2337.383s][info][gc,task        ] GC(392) Using 6 workers of 6 for evacuation
[2337.516s][info][gc,phases      ] GC(392)   Pre Evacuate Collection Set: 0.40ms
[2337.516s][info][gc,phases      ] GC(392)   Merge Heap Roots: 0.63ms
[2337.516s][info][gc,phases      ] GC(392)   Evacuate Collection Set: 130.67ms
[2337.516s][info][gc,phases      ] GC(392)   Post Evacuate Collection Set: 0.96ms
[2337.516s][info][gc,phases      ] GC(392)   Other: 0.09ms
[2337.516s][info][gc,heap        ] GC(392) Eden regions: 1093->0(1119)
[2337.516s][info][gc,heap        ] GC(392) Survivor regions: 118->109(152)
[2337.516s][info][gc,heap        ] GC(392) Old regions: 536->471
[2337.516s][info][gc,heap        ] GC(392) Humongous regions: 80->80
[2337.516s][info][gc,metaspace   ] GC(392) Metaspace: 28962K(29248K)->28962K(29248K) NonClass: 24078K(24192K)->24078K(24192K) Class: 4883K(5056K)->4883K(5056K)
[2337.516s][info][gc             ] GC(392) Pause Young (Mixed) (G1 Evacuation Pause) 3651M->1317M(4096M) 132.917ms
[2337.516s][info][gc,cpu         ] GC(392) User=0.79s Sys=0.00s Real=0.13s
.....[2342.405s][info][gc,start       ] GC(393) Pause Young (Concurrent Start) (G1 Evacuation Pause)
[2342.405s][info][gc,task        ] GC(393) Using 6 workers of 6 for evacuation
[2342.526s][info][gc,phases      ] GC(393)   Pre Evacuate Collection Set: 0.42ms
[2342.526s][info][gc,phases      ] GC(393)   Merge Heap Roots: 0.49ms
[2342.526s][info][gc,phases      ] GC(393)   Evacuate Collection Set: 119.32ms
[2342.526s][info][gc,phases      ] GC(393)   Post Evacuate Collection Set: 0.92ms
[2342.526s][info][gc,phases      ] GC(393)   Other: 0.13ms
[2342.526s][info][gc,heap        ] GC(393) Eden regions: 1119->0(1116)
[2342.526s][info][gc,heap        ] GC(393) Survivor regions: 109->112(154)
[2342.526s][info][gc,heap        ] GC(393) Old regions: 471->504
[2342.526s][info][gc,heap        ] GC(393) Humongous regions: 80->80
[2342.526s][info][gc,metaspace   ] GC(393) Metaspace: 28962K(29248K)->28962K(29248K) NonClass: 24078K(24192K)->24078K(24192K) Class: 4883K(5056K)->4883K(5056K)
[2342.526s][info][gc             ] GC(393) Pause Young (Concurrent Start) (G1 Evacuation Pause) 3555M->1389M(4096M) 121.417ms
[2342.526s][info][gc             ] GC(394) Concurrent Mark Cycle
[2342.527s][info][gc,marking     ] GC(394) Concurrent Scan Root Regions
[2342.527s][info][gc,cpu         ] GC(393) User=0.72s Sys=0.00s Real=0.12s
.[2342.701s][info][gc,marking     ] GC(394) Concurrent Scan Root Regions 174.888ms
[2342.701s][info][gc,marking     ] GC(394) Concurrent Mark
[2342.701s][info][gc,marking     ] GC(394) Concurrent Mark From Roots
[2342.701s][info][gc,task        ] GC(394) Using 2 workers of 2 for marking
.[2343.662s][info][gc,marking     ] GC(394) Concurrent Mark From Roots 960.533ms
[2343.662s][info][gc,marking     ] GC(394) Concurrent Preclean
[2343.662s][info][gc,marking     ] GC(394) Concurrent Preclean 0.039ms
[2343.662s][info][gc,start       ] GC(394) Pause Remark
[2343.667s][info][gc             ] GC(394) Pause Remark 1926M->1926M(4096M) 4.644ms
[2343.667s][info][gc,cpu         ] GC(394) User=0.02s Sys=0.00s Real=0.01s
[2343.667s][info][gc,marking     ] GC(394) Concurrent Mark 965.479ms
[2343.667s][info][gc,marking     ] GC(394) Concurrent Rebuild Remembered Sets and Scrub Regions
[2343.889s][info][gc,marking     ] GC(394) Concurrent Rebuild Remembered Sets and Scrub Regions 222.318ms
[2343.890s][info][gc,start       ] GC(394) Pause Cleanup
[2343.890s][info][gc             ] GC(394) Pause Cleanup 2003M->2003M(4096M) 0.125ms
[2343.890s][info][gc,cpu         ] GC(394) User=0.00s Sys=0.00s Real=0.00s
[2343.891s][info][gc,marking     ] GC(394) Concurrent Clear Claimed Marks
[2343.892s][info][gc,marking     ] GC(394) Concurrent Clear Claimed Marks 0.048ms
[2343.892s][info][gc,marking     ] GC(394) Concurrent Cleanup for Next Mark
[2343.896s][info][gc,marking     ] GC(394) Concurrent Cleanup for Next Mark 4.083ms
[2343.896s][info][gc             ] GC(394) Concurrent Mark Cycle 1369.139ms
...[2347.553s][info][gc,start       ] GC(395) Pause Young (Prepare Mixed) (G1 Evacuation Pause)
[2347.553s][info][gc,task        ] GC(395) Using 6 workers of 6 for evacuation
[2347.673s][info][gc,phases      ] GC(395)   Pre Evacuate Collection Set: 0.37ms
[2347.673s][info][gc,phases      ] GC(395)   Merge Heap Roots: 0.58ms
[2347.673s][info][gc,phases      ] GC(395)   Evacuate Collection Set: 117.75ms
[2347.673s][info][gc,phases      ] GC(395)   Post Evacuate Collection Set: 0.96ms
[2347.673s][info][gc,phases      ] GC(395)   Other: 0.11ms
[2347.673s][info][gc,heap        ] GC(395) Eden regions: 1116->0(1108)
[2347.673s][info][gc,heap        ] GC(395) Survivor regions: 112->111(154)
[2347.673s][info][gc,heap        ] GC(395) Old regions: 504->535
[2347.673s][info][gc,heap        ] GC(395) Humongous regions: 80->80
[2347.673s][info][gc,metaspace   ] GC(395) Metaspace: 28962K(29248K)->28962K(29248K) NonClass: 24078K(24192K)->24078K(24192K) Class: 4883K(5056K)->4883K(5056K)
[2347.673s][info][gc             ] GC(395) Pause Young (Prepare Mixed) (G1 Evacuation Pause) 3621M->1450M(4096M) 119.928ms
[2347.673s][info][gc,cpu         ] GC(395) User=0.71s Sys=0.00s Real=0.12s
.....[2352.518s][info][gc,start       ] GC(396) Pause Young (Mixed) (G1 Evacuation Pause)
[2352.518s][info][gc,task        ] GC(396) Using 6 workers of 6 for evacuation
[2352.652s][info][gc,phases      ] GC(396)   Pre Evacuate Collection Set: 0.40ms
[2352.652s][info][gc,phases      ] GC(396)   Merge Heap Roots: 0.70ms
[2352.652s][info][gc,phases      ] GC(396)   Evacuate Collection Set: 131.62ms
[2352.652s][info][gc,phases      ] GC(396)   Post Evacuate Collection Set: 0.98ms
[2352.652s][info][gc,phases      ] GC(396)   Other: 0.10ms
[2352.652s][info][gc,heap        ] GC(396) Eden regions: 1108->0(1119)
[2352.652s][info][gc,heap        ] GC(396) Survivor regions: 111->109(153)
[2352.652s][info][gc,heap        ] GC(396) Old regions: 535->473
[2352.652s][info][gc,heap        ] GC(396) Humongous regions: 80->80
[2352.652s][info][gc,metaspace   ] GC(396) Metaspace: 28962K(29248K)->28962K(29248K) NonClass: 24078K(24192K)->24078K(24192K) Class: 4883K(5056K)->4883K(5056K)
[2352.652s][info][gc             ] GC(396) Pause Young (Mixed) (G1 Evacuation Pause) 3666M->1322M(4096M) 133.927ms
[2352.652s][info][gc,cpu         ] GC(396) User=0.79s Sys=0.00s Real=0.13s
.....[2357.617s][info][gc,start       ] GC(397) Pause Young (Concurrent Start) (G1 Evacuation Pause)
[2357.617s][info][gc,task        ] GC(397) Using 6 workers of 6 for evacuation
[2357.733s][info][gc,phases      ] GC(397)   Pre Evacuate Collection Set: 0.44ms
[2357.733s][info][gc,phases      ] GC(397)   Merge Heap Roots: 0.47ms
[2357.733s][info][gc,phases      ] GC(397)   Evacuate Collection Set: 113.56ms
[2357.733s][info][gc,phases      ] GC(397)   Post Evacuate Collection Set: 0.94ms
[2357.733s][info][gc,phases      ] GC(397)   Other: 0.13ms
[2357.733s][info][gc,heap        ] GC(397) Eden regions: 1119->0(1120)
[2357.733s][info][gc,heap        ] GC(397) Survivor regions: 109->108(154)
[2357.733s][info][gc,heap        ] GC(397) Old regions: 473->504
[2357.733s][info][gc,heap        ] GC(397) Humongous regions: 80->80
[2357.733s][info][gc,metaspace   ] GC(397) Metaspace: 28962K(29248K)->28962K(29248K) NonClass: 24078K(24192K)->24078K(24192K) Class: 4883K(5056K)->4883K(5056K)
[2357.733s][info][gc             ] GC(397) Pause Young (Concurrent Start) (G1 Evacuation Pause) 3560M->1382M(4096M) 115.678ms
[2357.733s][info][gc             ] GC(398) Concurrent Mark Cycle
[2357.733s][info][gc,marking     ] GC(398) Concurrent Scan Root Regions
[2357.733s][info][gc,cpu         ] GC(397) User=0.68s Sys=0.00s Real=0.12s
.[2357.856s][info][gc,marking     ] GC(398) Concurrent Scan Root Regions 122.552ms
[2357.856s][info][gc,marking     ] GC(398) Concurrent Mark
[2357.856s][info][gc,marking     ] GC(398) Concurrent Mark From Roots
[2357.856s][info][gc,task        ] GC(398) Using 2 workers of 2 for marking
[2358.465s][info][gc,marking     ] GC(398) Concurrent Mark From Roots 609.271ms
[2358.465s][info][gc,marking     ] GC(398) Concurrent Preclean
[2358.465s][info][gc,marking     ] GC(398) Concurrent Preclean 0.061ms
[2358.465s][info][gc,start       ] GC(398) Pause Remark
[2358.469s][info][gc             ] GC(398) Pause Remark 1756M->1756M(4096M) 3.528ms
[2358.469s][info][gc,cpu         ] GC(398) User=0.01s Sys=0.00s Real=0.00s
[2358.470s][info][gc,marking     ] GC(398) Concurrent Mark 614.440ms
[2358.470s][info][gc,marking     ] GC(398) Concurrent Rebuild Remembered Sets and Scrub Regions
[2358.696s][info][gc,marking     ] GC(398) Concurrent Rebuild Remembered Sets and Scrub Regions 226.182ms
[2358.696s][info][gc,start       ] GC(398) Pause Cleanup
[2358.697s][info][gc             ] GC(398) Pause Cleanup 1866M->1866M(4096M) 0.755ms
[2358.697s][info][gc,cpu         ] GC(398) User=0.00s Sys=0.00s Real=0.00s
[2358.697s][info][gc,marking     ] GC(398) Concurrent Clear Claimed Marks
[2358.697s][info][gc,marking     ] GC(398) Concurrent Clear Claimed Marks 0.031ms
[2358.697s][info][gc,marking     ] GC(398) Concurrent Cleanup for Next Mark
[2358.701s][info][gc,marking     ] GC(398) Concurrent Cleanup for Next Mark 3.912ms
[2358.701s][info][gc             ] GC(398) Concurrent Mark Cycle 968.219ms
.....[2362.803s][info][gc,start       ] GC(399) Pause Young (Prepare Mixed) (G1 Evacuation Pause)
[2362.803s][info][gc,task        ] GC(399) Using 6 workers of 6 for evacuation
[2362.920s][info][gc,phases      ] GC(399)   Pre Evacuate Collection Set: 0.36ms
[2362.920s][info][gc,phases      ] GC(399)   Merge Heap Roots: 0.56ms
[2362.920s][info][gc,phases      ] GC(399)   Evacuate Collection Set: 115.04ms
[2362.920s][info][gc,phases      ] GC(399)   Post Evacuate Collection Set: 0.97ms
[2362.920s][info][gc,phases      ] GC(399)   Other: 0.08ms
[2362.920s][info][gc,heap        ] GC(399) Eden regions: 1120->0(1111)
[2362.920s][info][gc,heap        ] GC(399) Survivor regions: 108->109(154)
[2362.920s][info][gc,heap        ] GC(399) Old regions: 504->536
[2362.920s][info][gc,heap        ] GC(399) Humongous regions: 80->80
[2362.920s][info][gc,metaspace   ] GC(399) Metaspace: 28962K(29248K)->28962K(29248K) NonClass: 24078K(24192K)->24078K(24192K) Class: 4883K(5056K)->4883K(5056K)
[2362.920s][info][gc             ] GC(399) Pause Young (Prepare Mixed) (G1 Evacuation Pause) 3622M->1449M(4096M) 117.144ms
[2362.920s][info][gc,cpu         ] GC(399) User=0.70s Sys=0.00s Real=0.12s
.....[2367.787s][info][gc,start       ] GC(400) Pause Young (Mixed) (G1 Evacuation Pause)
[2367.787s][info][gc,task        ] GC(400) Using 6 workers of 6 for evacuation
[2367.920s][info][gc,phases      ] GC(400)   Pre Evacuate Collection Set: 0.39ms
[2367.920s][info][gc,phases      ] GC(400)   Merge Heap Roots: 0.73ms
[2367.920s][info][gc,phases      ] GC(400)   Evacuate Collection Set: 130.44ms
[2367.920s][info][gc,phases      ] GC(400)   Post Evacuate Collection Set: 0.99ms
[2367.920s][info][gc,phases      ] GC(400)   Other: 0.10ms
[2367.920s][info][gc,heap        ] GC(400) Eden regions: 1111->0(1120)
[2367.920s][info][gc,heap        ] GC(400) Survivor regions: 109->108(153)
[2367.920s][info][gc,heap        ] GC(400) Old regions: 536->472
[2367.920s][info][gc,heap        ] GC(400) Humongous regions: 80->80
[2367.920s][info][gc,metaspace   ] GC(400) Metaspace: 28962K(29248K)->28962K(29248K) NonClass: 24078K(24192K)->24078K(24192K) Class: 4883K(5056K)->4883K(5056K)
[2367.920s][info][gc             ] GC(400) Pause Young (Mixed) (G1 Evacuation Pause) 3671M->1319M(4096M) 132.787ms
[2367.920s][info][gc,cpu         ] GC(400) User=0.79s Sys=0.00s Real=0.13s
.....[2372.927s][info][gc,start       ] GC(401) Pause Young (Concurrent Start) (G1 Evacuation Pause)
[2372.927s][info][gc,task        ] GC(401) Using 6 workers of 6 for evacuation
[2373.044s][info][gc,phases      ] GC(401)   Pre Evacuate Collection Set: 0.41ms
[2373.044s][info][gc,phases      ] GC(401)   Merge Heap Roots: 0.49ms
[2373.044s][info][gc,phases      ] GC(401)   Evacuate Collection Set: 114.37ms
[2373.044s][info][gc,phases      ] GC(401)   Post Evacuate Collection Set: 0.93ms
[2373.044s][info][gc,phases      ] GC(401)   Other: 0.11ms
[2373.044s][info][gc,heap        ] GC(401) Eden regions: 1120->0(1120)
[2373.044s][info][gc,heap        ] GC(401) Survivor regions: 108->108(154)
[2373.044s][info][gc,heap        ] GC(401) Old regions: 472->505
[2373.044s][info][gc,heap        ] GC(401) Humongous regions: 80->80
[2373.044s][info][gc,metaspace   ] GC(401) Metaspace: 28962K(29248K)->28962K(29248K) NonClass: 24078K(24192K)->24078K(24192K) Class: 4883K(5056K)->4883K(5056K)
[2373.044s][info][gc             ] GC(401) Pause Young (Concurrent Start) (G1 Evacuation Pause) 3559M->1384M(4096M) 116.465ms
[2373.044s][info][gc             ] GC(402) Concurrent Mark Cycle
[2373.044s][info][gc,marking     ] GC(402) Concurrent Scan Root Regions
[2373.044s][info][gc,cpu         ] GC(401) User=0.68s Sys=0.00s Real=0.12s
[2373.177s][info][gc,marking     ] GC(402) Concurrent Scan Root Regions 133.265ms
[2373.177s][info][gc,marking     ] GC(402) Concurrent Mark
[2373.177s][info][gc,marking     ] GC(402) Concurrent Mark From Roots
[2373.177s][info][gc,task        ] GC(402) Using 2 workers of 2 for marking
.[2373.792s][info][gc,marking     ] GC(402) Concurrent Mark From Roots 614.868ms
[2373.792s][info][gc,marking     ] GC(402) Concurrent Preclean
[2373.792s][info][gc,marking     ] GC(402) Concurrent Preclean 0.046ms
[2373.792s][info][gc,start       ] GC(402) Pause Remark
[2373.796s][info][gc             ] GC(402) Pause Remark 1790M->1790M(4096M) 3.941ms
[2373.796s][info][gc,cpu         ] GC(402) User=0.02s Sys=0.00s Real=0.01s
[2373.797s][info][gc,marking     ] GC(402) Concurrent Mark 619.571ms
[2373.797s][info][gc,marking     ] GC(402) Concurrent Rebuild Remembered Sets and Scrub Regions
[2374.007s][info][gc,marking     ] GC(402) Concurrent Rebuild Remembered Sets and Scrub Regions 210.256ms
[2374.007s][info][gc,start       ] GC(402) Pause Cleanup
[2374.007s][info][gc             ] GC(402) Pause Cleanup 1879M->1879M(4096M) 0.120ms
[2374.007s][info][gc,cpu         ] GC(402) User=0.00s Sys=0.00s Real=0.00s
[2374.007s][info][gc,marking     ] GC(402) Concurrent Clear Claimed Marks
[2374.007s][info][gc,marking     ] GC(402) Concurrent Clear Claimed Marks 0.028ms
[2374.007s][info][gc,marking     ] GC(402) Concurrent Cleanup for Next Mark
[2374.011s][info][gc,marking     ] GC(402) Concurrent Cleanup for Next Mark 3.696ms
[2374.011s][info][gc             ] GC(402) Concurrent Mark Cycle 967.318ms
....[2377.971s][info][gc,start       ] GC(403) Pause Young (Prepare Mixed) (G1 Evacuation Pause)
[2377.971s][info][gc,task        ] GC(403) Using 6 workers of 6 for evacuation
[2378.088s][info][gc,phases      ] GC(403)   Pre Evacuate Collection Set: 0.39ms
[2378.088s][info][gc,phases      ] GC(403)   Merge Heap Roots: 0.53ms
[2378.088s][info][gc,phases      ] GC(403)   Evacuate Collection Set: 114.57ms
[2378.088s][info][gc,phases      ] GC(403)   Post Evacuate Collection Set: 0.96ms
[2378.088s][info][gc,phases      ] GC(403)   Other: 0.10ms
[2378.088s][info][gc,heap        ] GC(403) Eden regions: 1120->0(1111)
[2378.088s][info][gc,heap        ] GC(403) Survivor regions: 108->109(154)
[2378.088s][info][gc,heap        ] GC(403) Old regions: 505->536
[2378.088s][info][gc,heap        ] GC(403) Humongous regions: 80->80
[2378.088s][info][gc,metaspace   ] GC(403) Metaspace: 28962K(29248K)->28962K(29248K) NonClass: 24078K(24192K)->24078K(24192K) Class: 4883K(5056K)->4883K(5056K)
[2378.088s][info][gc             ] GC(403) Pause Young (Prepare Mixed) (G1 Evacuation Pause) 3624M->1448M(4096M) 116.669ms
[2378.088s][info][gc,cpu         ] GC(403) User=0.68s Sys=0.00s Real=0.12s
..... (rIR:aIR:PR = 3736:3737:3737) (tPR = 54991) [OK] 
  2382s: Performance info:
         Transaction,    Success,    Partial,     Failed,   Receipts, AvgBarcode, 
             Overall,     225390,          0,          0,     214100,      59.48, 
         Response times:
             Request,    Success,    Partial,     Failed,   SkipFail,     Probes,    Samples,      min,      p50,      p90,      p95,      p99,      max, 
       TotalPurchase,     214100,          0,          0,          0,     209931,     224753,      300,     3100,     5300,     7100,    37000,   183000,
     InStorePurchase,     112741,          0,          0,          0,     110708,     118310,      300,     2900,     5200,     6900,    35000,   172000,
      OnlinePurchase,      78833,          0,          0,          0,      77404,      82782,      300,     3300,     5400,     7400,    39000,   183000,
        InstPurchase,      22526,          0,          0,          0,      21819,      23661,      400,     3300,     5400,     6900,    38380,   166000,
          AssocOfCat,        227,          0,          0,          0,        151,        229,    17800,    28000,    36000,    41500,    89900,   177000,
      AssocOfProduct,       2251,          0,          0,          0,       2057,       2359,     1000,     3800,     5800,     7800,    40800,   123000,
      BusinessReport,        559,          0,          0,          0,        476,        590,    19900,    33000,    46000,    58450,   164180,   214000,
          CustBuyBeh,       2253,          0,          0,          0,       2054,       2337,      200,     1700,     3700,     5010,    27000,   136000,
       ProductReturn,       6000,          0,          0,          0,       5648,       6251,      200,     2000,     4300,     5600,    28000,   135000,

  2382s: (28%)   IR =   3874 [2382.993s][info][gc,start       ] GC(404) Pause Young (Mixed) (G1 Evacuation Pause)
[2382.993s][info][gc,task        ] GC(404) Using 6 workers of 6 for evacuation
[2383.126s][info][gc,phases      ] GC(404)   Pre Evacuate Collection Set: 0.40ms
[2383.126s][info][gc,phases      ] GC(404)   Merge Heap Roots: 0.71ms
[2383.126s][info][gc,phases      ] GC(404)   Evacuate Collection Set: 130.22ms
[2383.126s][info][gc,phases      ] GC(404)   Post Evacuate Collection Set: 0.99ms
[2383.126s][info][gc,phases      ] GC(404)   Other: 0.09ms
[2383.126s][info][gc,heap        ] GC(404) Eden regions: 1111->0(1120)
[2383.126s][info][gc,heap        ] GC(404) Survivor regions: 109->108(153)
[2383.126s][info][gc,heap        ] GC(404) Old regions: 536->471
[2383.126s][info][gc,heap        ] GC(404) Humongous regions: 80->80
[2383.126s][info][gc,metaspace   ] GC(404) Metaspace: 28962K(29248K)->28962K(29248K) NonClass: 24078K(24192K)->24078K(24192K) Class: 4883K(5056K)->4883K(5056K)
[2383.126s][info][gc             ] GC(404) Pause Young (Mixed) (G1 Evacuation Pause) 3670M->1316M(4096M) 132.546ms
[2383.126s][info][gc,cpu         ] GC(404) User=0.78s Sys=0.00s Real=0.13s
....|.[2387.928s][info][gc,start       ] GC(405) Pause Young (Concurrent Start) (G1 Evacuation Pause)
[2387.928s][info][gc,task        ] GC(405) Using 6 workers of 6 for evacuation
[2388.044s][info][gc,phases      ] GC(405)   Pre Evacuate Collection Set: 0.42ms
[2388.044s][info][gc,phases      ] GC(405)   Merge Heap Roots: 0.47ms
[2388.044s][info][gc,phases      ] GC(405)   Evacuate Collection Set: 114.29ms
[2388.044s][info][gc,phases      ] GC(405)   Post Evacuate Collection Set: 0.92ms
[2388.044s][info][gc,phases      ] GC(405)   Other: 0.12ms
[2388.044s][info][gc,heap        ] GC(405) Eden regions: 1120->0(1120)
[2388.044s][info][gc,heap        ] GC(405) Survivor regions: 108->108(154)
[2388.044s][info][gc,heap        ] GC(405) Old regions: 471->502
[2388.044s][info][gc,heap        ] GC(405) Humongous regions: 80->80
[2388.044s][info][gc,metaspace   ] GC(405) Metaspace: 28962K(29248K)->28962K(29248K) NonClass: 24078K(24192K)->24078K(24192K) Class: 4883K(5056K)->4883K(5056K)
[2388.044s][info][gc             ] GC(405) Pause Young (Concurrent Start) (G1 Evacuation Pause) 3556M->1378M(4096M) 116.352ms
[2388.044s][info][gc             ] GC(406) Concurrent Mark Cycle
[2388.044s][info][gc,marking     ] GC(406) Concurrent Scan Root Regions
[2388.044s][info][gc,cpu         ] GC(405) User=0.69s Sys=0.00s Real=0.12s
[2388.176s][info][gc,marking     ] GC(406) Concurrent Scan Root Regions 131.630ms
[2388.176s][info][gc,marking     ] GC(406) Concurrent Mark
[2388.176s][info][gc,marking     ] GC(406) Concurrent Mark From Roots
[2388.176s][info][gc,task        ] GC(406) Using 2 workers of 2 for marking
[2388.782s][info][gc,marking     ] GC(406) Concurrent Mark From Roots 605.956ms
[2388.782s][info][gc,marking     ] GC(406) Concurrent Preclean
[2388.782s][info][gc,marking     ] GC(406) Concurrent Preclean 0.056ms
[2388.782s][info][gc,start       ] GC(406) Pause Remark
[2388.786s][info][gc             ] GC(406) Pause Remark 1740M->1740M(4096M) 3.691ms
[2388.786s][info][gc,cpu         ] GC(406) User=0.02s Sys=0.00s Real=0.01s
[2388.786s][info][gc,marking     ] GC(406) Concurrent Mark 610.748ms
[2388.786s][info][gc,marking     ] GC(406) Concurrent Rebuild Remembered Sets and Scrub Regions
.[2389.014s][info][gc,marking     ] GC(406) Concurrent Rebuild Remembered Sets and Scrub Regions 227.626ms
[2389.015s][info][gc,start       ] GC(406) Pause Cleanup
[2389.015s][info][gc             ] GC(406) Pause Cleanup 1836M->1836M(4096M) 0.140ms
[2389.015s][info][gc,cpu         ] GC(406) User=0.00s Sys=0.00s Real=0.00s
[2389.015s][info][gc,marking     ] GC(406) Concurrent Clear Claimed Marks
[2389.015s][info][gc,marking     ] GC(406) Concurrent Clear Claimed Marks 0.035ms
[2389.015s][info][gc,marking     ] GC(406) Concurrent Cleanup for Next Mark
[2389.019s][info][gc,marking     ] GC(406) Concurrent Cleanup for Next Mark 3.399ms
[2389.019s][info][gc             ] GC(406) Concurrent Mark Cycle 974.612ms
....[2392.814s][info][gc,start       ] GC(407) Pause Young (Prepare Mixed) (G1 Evacuation Pause)
[2392.814s][info][gc,task        ] GC(407) Using 6 workers of 6 for evacuation
[2392.932s][info][gc,phases      ] GC(407)   Pre Evacuate Collection Set: 0.35ms
[2392.932s][info][gc,phases      ] GC(407)   Merge Heap Roots: 0.55ms
[2392.932s][info][gc,phases      ] GC(407)   Evacuate Collection Set: 115.61ms
[2392.932s][info][gc,phases      ] GC(407)   Post Evacuate Collection Set: 0.96ms
[2392.932s][info][gc,phases      ] GC(407)   Other: 0.09ms
[2392.932s][info][gc,heap        ] GC(407) Eden regions: 1120->0(1111)
[2392.932s][info][gc,heap        ] GC(407) Survivor regions: 108->110(154)
[2392.932s][info][gc,heap        ] GC(407) Old regions: 502->534
[2392.932s][info][gc,heap        ] GC(407) Humongous regions: 80->80
[2392.932s][info][gc,metaspace   ] GC(407) Metaspace: 28963K(29312K)->28963K(29312K) NonClass: 24079K(24256K)->24079K(24256K) Class: 4883K(5056K)->4883K(5056K)
[2392.932s][info][gc             ] GC(407) Pause Young (Prepare Mixed) (G1 Evacuation Pause) 3618M->1445M(4096M) 117.709ms
[2392.932s][info][gc,cpu         ] GC(407) User=0.70s Sys=0.00s Real=0.11s
....[2397.734s][info][gc,start       ] GC(408) Pause Young (Mixed) (G1 Evacuation Pause)
[2397.734s][info][gc,task        ] GC(408) Using 6 workers of 6 for evacuation
[2397.867s][info][gc,phases      ] GC(408)   Pre Evacuate Collection Set: 0.41ms
[2397.867s][info][gc,phases      ] GC(408)   Merge Heap Roots: 0.81ms
[2397.867s][info][gc,phases      ] GC(408)   Evacuate Collection Set: 130.69ms
[2397.867s][info][gc,phases      ] GC(408)   Post Evacuate Collection Set: 0.99ms
[2397.867s][info][gc,phases      ] GC(408)   Other: 0.09ms
[2397.867s][info][gc,heap        ] GC(408) Eden regions: 1111->0(1120)
[2397.867s][info][gc,heap        ] GC(408) Survivor regions: 110->108(153)
[2397.867s][info][gc,heap        ] GC(408) Old regions: 534->471
[2397.867s][info][gc,heap        ] GC(408) Humongous regions: 80->80
[2397.867s][info][gc,metaspace   ] GC(408) Metaspace: 28963K(29312K)->28963K(29312K) NonClass: 24079K(24256K)->24079K(24256K) Class: 4883K(5056K)->4883K(5056K)
[2397.867s][info][gc             ] GC(408) Pause Young (Mixed) (G1 Evacuation Pause) 3667M->1316M(4096M) 133.139ms
[2397.867s][info][gc,cpu         ] GC(408) User=0.78s Sys=0.01s Real=0.13s
.....[2402.597s][info][gc,start       ] GC(409) Pause Young (Concurrent Start) (G1 Evacuation Pause)
[2402.597s][info][gc,task        ] GC(409) Using 6 workers of 6 for evacuation
[2402.715s][info][gc,phases      ] GC(409)   Pre Evacuate Collection Set: 0.43ms
[2402.715s][info][gc,phases      ] GC(409)   Merge Heap Roots: 0.51ms
[2402.715s][info][gc,phases      ] GC(409)   Evacuate Collection Set: 115.33ms
[2402.715s][info][gc,phases      ] GC(409)   Post Evacuate Collection Set: 0.93ms
[2402.715s][info][gc,phases      ] GC(409)   Other: 0.12ms
[2402.715s][info][gc,heap        ] GC(409) Eden regions: 1120->0(1119)
[2402.715s][info][gc,heap        ] GC(409) Survivor regions: 108->109(154)
[2402.715s][info][gc,heap        ] GC(409) Old regions: 471->503
[2402.715s][info][gc,heap        ] GC(409) Humongous regions: 80->80
[2402.715s][info][gc,metaspace   ] GC(409) Metaspace: 28963K(29312K)->28963K(29312K) NonClass: 24079K(24256K)->24079K(24256K) Class: 4883K(5056K)->4883K(5056K)
[2402.715s][info][gc             ] GC(409) Pause Young (Concurrent Start) (G1 Evacuation Pause) 3556M->1382M(4096M) 117.467ms
[2402.715s][info][gc             ] GC(410) Concurrent Mark Cycle
[2402.715s][info][gc,marking     ] GC(410) Concurrent Scan Root Regions
[2402.715s][info][gc,cpu         ] GC(409) User=0.70s Sys=0.00s Real=0.12s
[2402.836s][info][gc,marking     ] GC(410) Concurrent Scan Root Regions 121.298ms
[2402.836s][info][gc,marking     ] GC(410) Concurrent Mark
[2402.836s][info][gc,marking     ] GC(410) Concurrent Mark From Roots
[2402.836s][info][gc,task        ] GC(410) Using 2 workers of 2 for marking
.[2403.414s][info][gc,marking     ] GC(410) Concurrent Mark From Roots 577.548ms
[2403.414s][info][gc,marking     ] GC(410) Concurrent Preclean
[2403.414s][info][gc,marking     ] GC(410) Concurrent Preclean 0.039ms
[2403.414s][info][gc,start       ] GC(410) Pause Remark
[2403.418s][info][gc             ] GC(410) Pause Remark 1701M->1701M(4096M) 3.543ms
[2403.418s][info][gc,cpu         ] GC(410) User=0.02s Sys=0.00s Real=0.00s
[2403.418s][info][gc,marking     ] GC(410) Concurrent Mark 581.367ms
[2403.418s][info][gc,marking     ] GC(410) Concurrent Rebuild Remembered Sets and Scrub Regions
[2403.671s][info][gc,marking     ] GC(410) Concurrent Rebuild Remembered Sets and Scrub Regions 253.181ms
[2403.671s][info][gc,start       ] GC(410) Pause Cleanup
[2403.671s][info][gc             ] GC(410) Pause Cleanup 1871M->1871M(4096M) 0.136ms
[2403.671s][info][gc,cpu         ] GC(410) User=0.00s Sys=0.00s Real=0.00s
[2403.671s][info][gc,marking     ] GC(410) Concurrent Clear Claimed Marks
[2403.671s][info][gc,marking     ] GC(410) Concurrent Clear Claimed Marks 0.035ms
[2403.671s][info][gc,marking     ] GC(410) Concurrent Cleanup for Next Mark
[2403.677s][info][gc,marking     ] GC(410) Concurrent Cleanup for Next Mark 5.288ms
[2403.677s][info][gc             ] GC(410) Concurrent Mark Cycle 961.666ms
....[2407.550s][info][gc,start       ] GC(411) Pause Young (Prepare Mixed) (G1 Evacuation Pause)
[2407.550s][info][gc,task        ] GC(411) Using 6 workers of 6 for evacuation
[2407.669s][info][gc,phases      ] GC(411)   Pre Evacuate Collection Set: 0.39ms
[2407.669s][info][gc,phases      ] GC(411)   Merge Heap Roots: 0.54ms
[2407.669s][info][gc,phases      ] GC(411)   Evacuate Collection Set: 116.72ms
[2407.669s][info][gc,phases      ] GC(411)   Post Evacuate Collection Set: 0.98ms
[2407.669s][info][gc,phases      ] GC(411)   Other: 0.09ms
[2407.669s][info][gc,heap        ] GC(411) Eden regions: 1119->0(1108)
[2407.669s][info][gc,heap        ] GC(411) Survivor regions: 109->111(154)
[2407.669s][info][gc,heap        ] GC(411) Old regions: 503->535
[2407.669s][info][gc,heap        ] GC(411) Humongous regions: 80->80
[2407.669s][info][gc,metaspace   ] GC(411) Metaspace: 28963K(29312K)->28963K(29312K) NonClass: 24079K(24256K)->24079K(24256K) Class: 4883K(5056K)->4883K(5056K)
[2407.669s][info][gc             ] GC(411) Pause Young (Prepare Mixed) (G1 Evacuation Pause) 3620M->1450M(4096M) 118.854ms
[2407.669s][info][gc,cpu         ] GC(411) User=0.70s Sys=0.00s Real=0.12s
.....[2412.393s][info][gc,start       ] GC(412) Pause Young (Mixed) (G1 Evacuation Pause)
[2412.393s][info][gc,task        ] GC(412) Using 6 workers of 6 for evacuation
[2412.525s][info][gc,phases      ] GC(412)   Pre Evacuate Collection Set: 0.44ms
[2412.525s][info][gc,phases      ] GC(412)   Merge Heap Roots: 0.81ms
[2412.525s][info][gc,phases      ] GC(412)   Evacuate Collection Set: 130.01ms
[2412.525s][info][gc,phases      ] GC(412)   Post Evacuate Collection Set: 0.99ms
[2412.525s][info][gc,phases      ] GC(412)   Other: 0.10ms
[2412.525s][info][gc,heap        ] GC(412) Eden regions: 1108->0(1118)
[2412.525s][info][gc,heap        ] GC(412) Survivor regions: 111->110(153)
[2412.525s][info][gc,heap        ] GC(412) Old regions: 535->473
[2412.525s][info][gc,heap        ] GC(412) Humongous regions: 80->80
[2412.525s][info][gc,metaspace   ] GC(412) Metaspace: 28963K(29312K)->28963K(29312K) NonClass: 24079K(24256K)->24079K(24256K) Class: 4883K(5056K)->4883K(5056K)
[2412.525s][info][gc             ] GC(412) Pause Young (Mixed) (G1 Evacuation Pause) 3666M->1323M(4096M) 132.481ms
[2412.525s][info][gc,cpu         ] GC(412) User=0.78s Sys=0.00s Real=0.14s
.....[2417.307s][info][gc,start       ] GC(413) Pause Young (Concurrent Start) (G1 Evacuation Pause)
[2417.307s][info][gc,task        ] GC(413) Using 6 workers of 6 for evacuation
[2417.425s][info][gc,phases      ] GC(413)   Pre Evacuate Collection Set: 0.45ms
[2417.425s][info][gc,phases      ] GC(413)   Merge Heap Roots: 0.55ms
[2417.425s][info][gc,phases      ] GC(413)   Evacuate Collection Set: 115.66ms
[2417.425s][info][gc,phases      ] GC(413)   Post Evacuate Collection Set: 0.92ms
[2417.425s][info][gc,phases      ] GC(413)   Other: 0.14ms
[2417.425s][info][gc,heap        ] GC(413) Eden regions: 1118->0(1120)
[2417.425s][info][gc,heap        ] GC(413) Survivor regions: 110->108(154)
[2417.425s][info][gc,heap        ] GC(413) Old regions: 473->505
[2417.425s][info][gc,heap        ] GC(413) Humongous regions: 80->80
[2417.425s][info][gc,metaspace   ] GC(413) Metaspace: 28963K(29312K)->28963K(29312K) NonClass: 24079K(24256K)->24079K(24256K) Class: 4883K(5056K)->4883K(5056K)
[2417.425s][info][gc             ] GC(413) Pause Young (Concurrent Start) (G1 Evacuation Pause) 3559M->1385M(4096M) 117.859ms
[2417.425s][info][gc             ] GC(414) Concurrent Mark Cycle
[2417.425s][info][gc,marking     ] GC(414) Concurrent Scan Root Regions
[2417.425s][info][gc,cpu         ] GC(413) User=0.70s Sys=0.00s Real=0.12s
[2417.599s][info][gc,marking     ] GC(414) Concurrent Scan Root Regions 174.205ms
[2417.599s][info][gc,marking     ] GC(414) Concurrent Mark
[2417.599s][info][gc,marking     ] GC(414) Concurrent Mark From Roots
[2417.599s][info][gc,task        ] GC(414) Using 2 workers of 2 for marking
.[2418.569s][info][gc,marking     ] GC(414) Concurrent Mark From Roots 969.649ms
[2418.569s][info][gc,marking     ] GC(414) Concurrent Preclean
[2418.569s][info][gc,marking     ] GC(414) Concurrent Preclean 0.038ms
[2418.569s][info][gc,start       ] GC(414) Pause Remark
[2418.573s][info][gc             ] GC(414) Pause Remark 1989M->1989M(4096M) 4.437ms
[2418.573s][info][gc,cpu         ] GC(414) User=0.02s Sys=0.01s Real=0.01s
[2418.574s][info][gc,marking     ] GC(414) Concurrent Mark 974.406ms
[2418.574s][info][gc,marking     ] GC(414) Concurrent Rebuild Remembered Sets and Scrub Regions
.[2418.931s][info][gc,marking     ] GC(414) Concurrent Rebuild Remembered Sets and Scrub Regions 357.367ms
[2418.931s][info][gc,start       ] GC(414) Pause Cleanup
[2418.931s][info][gc             ] GC(414) Pause Cleanup 2132M->2132M(4096M) 0.116ms
[2418.931s][info][gc,cpu         ] GC(414) User=0.00s Sys=0.00s Real=0.00s
[2418.931s][info][gc,marking     ] GC(414) Concurrent Clear Claimed Marks
[2418.931s][info][gc,marking     ] GC(414) Concurrent Clear Claimed Marks 0.036ms
[2418.931s][info][gc,marking     ] GC(414) Concurrent Cleanup for Next Mark
[2418.935s][info][gc,marking     ] GC(414) Concurrent Cleanup for Next Mark 3.397ms
[2418.935s][info][gc             ] GC(414) Concurrent Mark Cycle 1509.876ms
...[2422.200s][info][gc,start       ] GC(415) Pause Young (Prepare Mixed) (G1 Evacuation Pause)
[2422.200s][info][gc,task        ] GC(415) Using 6 workers of 6 for evacuation
[2422.319s][info][gc,phases      ] GC(415)   Pre Evacuate Collection Set: 0.35ms
[2422.319s][info][gc,phases      ] GC(415)   Merge Heap Roots: 0.63ms
[2422.319s][info][gc,phases      ] GC(415)   Evacuate Collection Set: 117.28ms
[2422.319s][info][gc,phases      ] GC(415)   Post Evacuate Collection Set: 0.96ms
[2422.320s][info][gc,phases      ] GC(415)   Other: 0.09ms
[2422.320s][info][gc,heap        ] GC(415) Eden regions: 1120->0(1107)
[2422.320s][info][gc,heap        ] GC(415) Survivor regions: 108->111(154)
[2422.320s][info][gc,heap        ] GC(415) Old regions: 505->536
[2422.320s][info][gc,heap        ] GC(415) Humongous regions: 80->80
[2422.320s][info][gc,metaspace   ] GC(415) Metaspace: 28963K(29312K)->28963K(29312K) NonClass: 24079K(24256K)->24079K(24256K) Class: 4883K(5056K)->4883K(5056K)
[2422.320s][info][gc             ] GC(415) Pause Young (Prepare Mixed) (G1 Evacuation Pause) 3625M->1452M(4096M) 119.490ms
[2422.320s][info][gc,cpu         ] GC(415) User=0.70s Sys=0.00s Real=0.12s
.....[2427.100s][info][gc,start       ] GC(416) Pause Young (Mixed) (G1 Evacuation Pause)
[2427.100s][info][gc,task        ] GC(416) Using 6 workers of 6 for evacuation
[2427.233s][info][gc,phases      ] GC(416)   Pre Evacuate Collection Set: 0.41ms
[2427.233s][info][gc,phases      ] GC(416)   Merge Heap Roots: 0.70ms
[2427.233s][info][gc,phases      ] GC(416)   Evacuate Collection Set: 130.05ms
[2427.233s][info][gc,phases      ] GC(416)   Post Evacuate Collection Set: 0.97ms
[2427.233s][info][gc,phases      ] GC(416)   Other: 0.09ms
[2427.233s][info][gc,heap        ] GC(416) Eden regions: 1107->0(1119)
[2427.233s][info][gc,heap        ] GC(416) Survivor regions: 111->109(153)
[2427.233s][info][gc,heap        ] GC(416) Old regions: 536->471
[2427.233s][info][gc,heap        ] GC(416) Humongous regions: 80->80
[2427.233s][info][gc,metaspace   ] GC(416) Metaspace: 28963K(29312K)->28963K(29312K) NonClass: 24079K(24256K)->24079K(24256K) Class: 4883K(5056K)->4883K(5056K)
[2427.233s][info][gc             ] GC(416) Pause Young (Mixed) (G1 Evacuation Pause) 3666M->1319M(4096M) 132.370ms
[2427.233s][info][gc,cpu         ] GC(416) User=0.78s Sys=0.00s Real=0.13s
.....[2431.980s][info][gc,start       ] GC(417) Pause Young (Concurrent Start) (G1 Evacuation Pause)
[2431.980s][info][gc,task        ] GC(417) Using 6 workers of 6 for evacuation
[2432.099s][info][gc,phases      ] GC(417)   Pre Evacuate Collection Set: 0.46ms
[2432.099s][info][gc,phases      ] GC(417)   Merge Heap Roots: 0.54ms
[2432.099s][info][gc,phases      ] GC(417)   Evacuate Collection Set: 117.50ms
[2432.099s][info][gc,phases      ] GC(417)   Post Evacuate Collection Set: 0.96ms
[2432.099s][info][gc,phases      ] GC(417)   Other: 0.11ms
[2432.099s][info][gc,heap        ] GC(417) Eden regions: 1119->0(1117)
[2432.099s][info][gc,heap        ] GC(417) Survivor regions: 109->111(154)
[2432.099s][info][gc,heap        ] GC(417) Old regions: 471->504
[2432.099s][info][gc,heap        ] GC(417) Humongous regions: 80->80
[2432.099s][info][gc,metaspace   ] GC(417) Metaspace: 28963K(29312K)->28963K(29312K) NonClass: 24079K(24256K)->24079K(24256K) Class: 4883K(5056K)->4883K(5056K)
[2432.099s][info][gc             ] GC(417) Pause Young (Concurrent Start) (G1 Evacuation Pause) 3557M->1388M(4096M) 119.714ms
[2432.100s][info][gc             ] GC(418) Concurrent Mark Cycle
[2432.100s][info][gc,marking     ] GC(418) Concurrent Scan Root Regions
[2432.100s][info][gc,cpu         ] GC(417) User=0.71s Sys=0.00s Real=0.12s
[2432.274s][info][gc,marking     ] GC(418) Concurrent Scan Root Regions 174.015ms
[2432.274s][info][gc,marking     ] GC(418) Concurrent Mark
[2432.274s][info][gc,marking     ] GC(418) Concurrent Mark From Roots
[2432.274s][info][gc,task        ] GC(418) Using 2 workers of 2 for marking
.[2433.201s][info][gc,marking     ] GC(418) Concurrent Mark From Roots 927.139ms
[2433.201s][info][gc,marking     ] GC(418) Concurrent Preclean
[2433.201s][info][gc,marking     ] GC(418) Concurrent Preclean 0.040ms
[2433.201s][info][gc,start       ] GC(418) Pause Remark
[2433.206s][info][gc             ] GC(418) Pause Remark 1955M->1955M(4096M) 4.683ms
[2433.206s][info][gc,cpu         ] GC(418) User=0.02s Sys=0.00s Real=0.01s
[2433.206s][info][gc,marking     ] GC(418) Concurrent Mark 932.134ms
[2433.206s][info][gc,marking     ] GC(418) Concurrent Rebuild Remembered Sets and Scrub Regions
[2433.605s][info][gc,marking     ] GC(418) Concurrent Rebuild Remembered Sets and Scrub Regions 398.928ms
[2433.605s][info][gc,start       ] GC(418) Pause Cleanup
[2433.605s][info][gc             ] GC(418) Pause Cleanup 2136M->2136M(4096M) 0.140ms
[2433.605s][info][gc,cpu         ] GC(418) User=0.00s Sys=0.00s Real=0.00s
[2433.605s][info][gc,marking     ] GC(418) Concurrent Clear Claimed Marks
[2433.605s][info][gc,marking     ] GC(418) Concurrent Clear Claimed Marks 0.030ms
[2433.605s][info][gc,marking     ] GC(418) Concurrent Cleanup for Next Mark
[2433.610s][info][gc,marking     ] GC(418) Concurrent Cleanup for Next Mark 4.868ms
[2433.610s][info][gc             ] GC(418) Concurrent Mark Cycle 1510.471ms
...[2436.863s][info][gc,start       ] GC(419) Pause Young (Prepare Mixed) (G1 Evacuation Pause)
[2436.863s][info][gc,task        ] GC(419) Using 6 workers of 6 for evacuation
[2436.981s][info][gc,phases      ] GC(419)   Pre Evacuate Collection Set: 0.36ms
[2436.981s][info][gc,phases      ] GC(419)   Merge Heap Roots: 0.55ms
[2436.981s][info][gc,phases      ] GC(419)   Evacuate Collection Set: 115.76ms
[2436.981s][info][gc,phases      ] GC(419)   Post Evacuate Collection Set: 0.94ms
[2436.981s][info][gc,phases      ] GC(419)   Other: 0.09ms
[2436.981s][info][gc,heap        ] GC(419) Eden regions: 1117->0(1113)
[2436.981s][info][gc,heap        ] GC(419) Survivor regions: 111->108(154)
[2436.981s][info][gc,heap        ] GC(419) Old regions: 504->536
[2436.981s][info][gc,heap        ] GC(419) Humongous regions: 80->80
[2436.981s][info][gc,metaspace   ] GC(419) Metaspace: 28963K(29312K)->28963K(29312K) NonClass: 24079K(24256K)->24079K(24256K) Class: 4883K(5056K)->4883K(5056K)
[2436.981s][info][gc             ] GC(419) Pause Young (Prepare Mixed) (G1 Evacuation Pause) 3622M->1446M(4096M) 117.828ms
[2436.981s][info][gc,cpu         ] GC(419) User=0.69s Sys=0.00s Real=0.11s
.....[2441.734s][info][gc,start       ] GC(420) Pause Young (Mixed) (G1 Evacuation Pause)
[2441.734s][info][gc,task        ] GC(420) Using 6 workers of 6 for evacuation
[2441.867s][info][gc,phases      ] GC(420)   Pre Evacuate Collection Set: 0.42ms
[2441.867s][info][gc,phases      ] GC(420)   Merge Heap Roots: 0.73ms
[2441.867s][info][gc,phases      ] GC(420)   Evacuate Collection Set: 130.30ms
[2441.867s][info][gc,phases      ] GC(420)   Post Evacuate Collection Set: 0.97ms
[2441.867s][info][gc,phases      ] GC(420)   Other: 0.09ms
[2441.867s][info][gc,heap        ] GC(420) Eden regions: 1113->0(1121)
[2441.867s][info][gc,heap        ] GC(420) Survivor regions: 108->107(153)
[2441.867s][info][gc,heap        ] GC(420) Old regions: 536->472
[2441.867s][info][gc,heap        ] GC(420) Humongous regions: 80->80
[2441.867s][info][gc,metaspace   ] GC(420) Metaspace: 28963K(29312K)->28963K(29312K) NonClass: 24079K(24256K)->24079K(24256K) Class: 4883K(5056K)->4883K(5056K)
[2441.867s][info][gc             ] GC(420) Pause Young (Mixed) (G1 Evacuation Pause) 3672M->1317M(4096M) 132.645ms
[2441.867s][info][gc,cpu         ] GC(420) User=0.79s Sys=0.00s Real=0.13s
.....[2446.667s][info][gc,start       ] GC(421) Pause Young (Concurrent Start) (G1 Evacuation Pause)
[2446.667s][info][gc,task        ] GC(421) Using 6 workers of 6 for evacuation
[2446.789s][info][gc,phases      ] GC(421)   Pre Evacuate Collection Set: 0.42ms
[2446.789s][info][gc,phases      ] GC(421)   Merge Heap Roots: 0.46ms
[2446.789s][info][gc,phases      ] GC(421)   Evacuate Collection Set: 119.70ms
[2446.789s][info][gc,phases      ] GC(421)   Post Evacuate Collection Set: 0.99ms
[2446.789s][info][gc,phases      ] GC(421)   Other: 0.13ms
[2446.789s][info][gc,heap        ] GC(421) Eden regions: 1121->0(1115)
[2446.789s][info][gc,heap        ] GC(421) Survivor regions: 107->113(154)
[2446.789s][info][gc,heap        ] GC(421) Old regions: 472->504
[2446.789s][info][gc,heap        ] GC(421) Humongous regions: 80->80
[2446.789s][info][gc,metaspace   ] GC(421) Metaspace: 28963K(29312K)->28963K(29312K) NonClass: 24079K(24256K)->24079K(24256K) Class: 4883K(5056K)->4883K(5056K)
[2446.789s][info][gc             ] GC(421) Pause Young (Concurrent Start) (G1 Evacuation Pause) 3559M->1391M(4096M) 121.824ms
[2446.789s][info][gc             ] GC(422) Concurrent Mark Cycle
[2446.789s][info][gc,marking     ] GC(422) Concurrent Scan Root Regions
[2446.789s][info][gc,cpu         ] GC(421) User=0.72s Sys=0.00s Real=0.12s
[2446.961s][info][gc,marking     ] GC(422) Concurrent Scan Root Regions 171.464ms
[2446.961s][info][gc,marking     ] GC(422) Concurrent Mark
[2446.961s][info][gc,marking     ] GC(422) Concurrent Mark From Roots
[2446.961s][info][gc,task        ] GC(422) Using 2 workers of 2 for marking
. (rIR:aIR:PR = 3874:3874:3874) (tPR = 57532) [OK] 
  2446s: Performance info:
         Transaction,    Success,    Partial,     Failed,   Receipts, AvgBarcode, 
             Overall,     233222,          0,          0,     221564,      59.48, 
         Response times:
             Request,    Success,    Partial,     Failed,   SkipFail,     Probes,    Samples,      min,      p50,      p90,      p95,      p99,      max, 
       TotalPurchase,     221613,          0,          0,          0,     216879,     232831,      300,     3200,     5500,     7600,    34000,   201000,
     InStorePurchase,     116614,          0,          0,          0,     114397,     122430,      300,     3200,     5500,     7500,    34000,   183000,
      OnlinePurchase,      81676,          0,          0,          0,      79774,      85717,      300,     3200,     5500,     7600,    34000,   201000,
        InstPurchase,      23323,          0,          0,          0,      22708,      24684,      400,     3400,     5600,     8000,    35000,   145000,
          AssocOfCat,        232,          0,          0,          0,        171,        260,    21000,    30000,    46800,    91950,   176600,   216000,
      AssocOfProduct,       2337,          0,          0,          0,       2114,       2395,      400,     1700,     4500,     5600,    19504,   138000,
      BusinessReport,        579,          0,          0,          0,        495,        643,    22000,    34000,    47000,    53000,   154360,   174000,
          CustBuyBeh,       2336,          0,          0,          0,       2119,       2390,      300,     4000,     6300,     9245,    42000,   145000,
       ProductReturn,       6177,          0,          0,          0,       5834,       6463,      200,     3000,     5600,     7300,    32360,   145000,

  2446s: (29%)   IR =   4013 [2447.887s][info][gc,marking     ] GC(422) Concurrent Mark From Roots 925.731ms
[2447.887s][info][gc,marking     ] GC(422) Concurrent Preclean
[2447.887s][info][gc,marking     ] GC(422) Concurrent Preclean 0.042ms
[2447.887s][info][gc,start       ] GC(422) Pause Remark
[2447.891s][info][gc             ] GC(422) Pause Remark 1964M->1964M(4096M) 4.577ms
[2447.891s][info][gc,cpu         ] GC(422) User=0.03s Sys=0.00s Real=0.00s
[2447.891s][info][gc,marking     ] GC(422) Concurrent Mark 930.617ms
[2447.891s][info][gc,marking     ] GC(422) Concurrent Rebuild Remembered Sets and Scrub Regions
.[2448.245s][info][gc,marking     ] GC(422) Concurrent Rebuild Remembered Sets and Scrub Regions 353.291ms
[2448.245s][info][gc,start       ] GC(422) Pause Cleanup
[2448.245s][info][gc             ] GC(422) Pause Cleanup 2122M->2122M(4096M) 0.148ms
[2448.245s][info][gc,cpu         ] GC(422) User=0.00s Sys=0.00s Real=0.00s
[2448.245s][info][gc,marking     ] GC(422) Concurrent Clear Claimed Marks
[2448.245s][info][gc,marking     ] GC(422) Concurrent Clear Claimed Marks 0.031ms
[2448.245s][info][gc,marking     ] GC(422) Concurrent Cleanup for Next Mark
[2448.249s][info][gc,marking     ] GC(422) Concurrent Cleanup for Next Mark 3.395ms
[2448.249s][info][gc             ] GC(422) Concurrent Mark Cycle 1459.290ms
...|[2451.370s][info][gc,start       ] GC(423) Pause Young (Prepare Mixed) (G1 Evacuation Pause)
[2451.370s][info][gc,task        ] GC(423) Using 6 workers of 6 for evacuation
[2451.489s][info][gc,phases      ] GC(423)   Pre Evacuate Collection Set: 0.39ms
[2451.489s][info][gc,phases      ] GC(423)   Merge Heap Roots: 0.58ms
[2451.489s][info][gc,phases      ] GC(423)   Evacuate Collection Set: 116.73ms
[2451.489s][info][gc,phases      ] GC(423)   Post Evacuate Collection Set: 0.98ms
[2451.489s][info][gc,phases      ] GC(423)   Other: 0.10ms
[2451.489s][info][gc,heap        ] GC(423) Eden regions: 1115->0(1111)
[2451.489s][info][gc,heap        ] GC(423) Survivor regions: 113->109(154)
[2451.489s][info][gc,heap        ] GC(423) Old regions: 504->536
[2451.489s][info][gc,heap        ] GC(423) Humongous regions: 80->80
[2451.489s][info][gc,metaspace   ] GC(423) Metaspace: 28964K(29312K)->28964K(29312K) NonClass: 24080K(24256K)->24080K(24256K) Class: 4883K(5056K)->4883K(5056K)
[2451.489s][info][gc             ] GC(423) Pause Young (Prepare Mixed) (G1 Evacuation Pause) 3621M->1448M(4096M) 118.936ms
[2451.489s][info][gc,cpu         ] GC(423) User=0.70s Sys=0.00s Real=0.12s
.....[2456.153s][info][gc,start       ] GC(424) Pause Young (Mixed) (G1 Evacuation Pause)
[2456.153s][info][gc,task        ] GC(424) Using 6 workers of 6 for evacuation
[2456.285s][info][gc,phases      ] GC(424)   Pre Evacuate Collection Set: 0.40ms
[2456.285s][info][gc,phases      ] GC(424)   Merge Heap Roots: 0.67ms
[2456.285s][info][gc,phases      ] GC(424)   Evacuate Collection Set: 129.57ms
[2456.285s][info][gc,phases      ] GC(424)   Post Evacuate Collection Set: 0.96ms
[2456.285s][info][gc,phases      ] GC(424)   Other: 0.09ms
[2456.285s][info][gc,heap        ] GC(424) Eden regions: 1111->0(1119)
[2456.285s][info][gc,heap        ] GC(424) Survivor regions: 109->109(153)
[2456.285s][info][gc,heap        ] GC(424) Old regions: 536->471
[2456.285s][info][gc,heap        ] GC(424) Humongous regions: 80->80
[2456.285s][info][gc,metaspace   ] GC(424) Metaspace: 28964K(29312K)->28964K(29312K) NonClass: 24080K(24256K)->24080K(24256K) Class: 4883K(5056K)->4883K(5056K)
[2456.285s][info][gc             ] GC(424) Pause Young (Mixed) (G1 Evacuation Pause) 3670M->1317M(4096M) 131.825ms
[2456.285s][info][gc,cpu         ] GC(424) User=0.78s Sys=0.00s Real=0.13s
....[2460.890s][info][gc,start       ] GC(425) Pause Young (Concurrent Start) (G1 Evacuation Pause)
[2460.891s][info][gc,task        ] GC(425) Using 6 workers of 6 for evacuation
[2461.012s][info][gc,phases      ] GC(425)   Pre Evacuate Collection Set: 0.40ms
[2461.012s][info][gc,phases      ] GC(425)   Merge Heap Roots: 0.50ms
[2461.012s][info][gc,phases      ] GC(425)   Evacuate Collection Set: 119.47ms
[2461.012s][info][gc,phases      ] GC(425)   Post Evacuate Collection Set: 0.92ms
[2461.012s][info][gc,phases      ] GC(425)   Other: 0.11ms
[2461.012s][info][gc,heap        ] GC(425) Eden regions: 1119->0(1116)
[2461.012s][info][gc,heap        ] GC(425) Survivor regions: 109->112(154)
[2461.012s][info][gc,heap        ] GC(425) Old regions: 471->503
[2461.012s][info][gc,heap        ] GC(425) Humongous regions: 80->80
[2461.012s][info][gc,metaspace   ] GC(425) Metaspace: 28964K(29312K)->28964K(29312K) NonClass: 24080K(24256K)->24080K(24256K) Class: 4883K(5056K)->4883K(5056K)
[2461.012s][info][gc             ] GC(425) Pause Young (Concurrent Start) (G1 Evacuation Pause) 3555M->1387M(4096M) 121.544ms
[2461.012s][info][gc             ] GC(426) Concurrent Mark Cycle
[2461.012s][info][gc,marking     ] GC(426) Concurrent Scan Root Regions
[2461.012s][info][gc,cpu         ] GC(425) User=0.72s Sys=0.00s Real=0.12s
.[2461.186s][info][gc,marking     ] GC(426) Concurrent Scan Root Regions 174.159ms
[2461.186s][info][gc,marking     ] GC(426) Concurrent Mark
[2461.186s][info][gc,marking     ] GC(426) Concurrent Mark From Roots
[2461.186s][info][gc,task        ] GC(426) Using 2 workers of 2 for marking
[2461.787s][info][gc,marking     ] GC(426) Concurrent Mark From Roots 600.822ms
[2461.787s][info][gc,marking     ] GC(426) Concurrent Preclean
[2461.787s][info][gc,marking     ] GC(426) Concurrent Preclean 0.086ms
[2461.787s][info][gc,start       ] GC(426) Pause Remark
[2461.792s][info][gc             ] GC(426) Pause Remark 1809M->1809M(4096M) 4.185ms
[2461.792s][info][gc,cpu         ] GC(426) User=0.02s Sys=0.00s Real=0.00s
[2461.792s][info][gc,marking     ] GC(426) Concurrent Mark 605.394ms
[2461.792s][info][gc,marking     ] GC(426) Concurrent Rebuild Remembered Sets and Scrub Regions
.[2462.045s][info][gc,marking     ] GC(426) Concurrent Rebuild Remembered Sets and Scrub Regions 253.462ms
[2462.045s][info][gc,start       ] GC(426) Pause Cleanup
[2462.045s][info][gc             ] GC(426) Pause Cleanup 1921M->1921M(4096M) 0.120ms
[2462.045s][info][gc,cpu         ] GC(426) User=0.00s Sys=0.00s Real=0.00s
[2462.046s][info][gc,marking     ] GC(426) Concurrent Clear Claimed Marks
[2462.046s][info][gc,marking     ] GC(426) Concurrent Clear Claimed Marks 0.032ms
[2462.046s][info][gc,marking     ] GC(426) Concurrent Cleanup for Next Mark
[2462.049s][info][gc,marking     ] GC(426) Concurrent Cleanup for Next Mark 3.583ms
[2462.049s][info][gc             ] GC(426) Concurrent Mark Cycle 1037.134ms
...[2465.549s][info][gc,start       ] GC(427) Pause Young (Prepare Mixed) (G1 Evacuation Pause)
[2465.549s][info][gc,task        ] GC(427) Using 6 workers of 6 for evacuation
[2465.672s][info][gc,phases      ] GC(427)   Pre Evacuate Collection Set: 0.37ms
[2465.672s][info][gc,phases      ] GC(427)   Merge Heap Roots: 0.55ms
[2465.672s][info][gc,phases      ] GC(427)   Evacuate Collection Set: 120.22ms
[2465.672s][info][gc,phases      ] GC(427)   Post Evacuate Collection Set: 0.96ms
[2465.672s][info][gc,phases      ] GC(427)   Other: 0.08ms
[2465.672s][info][gc,heap        ] GC(427) Eden regions: 1116->0(1108)
[2465.672s][info][gc,heap        ] GC(427) Survivor regions: 112->111(154)
[2465.672s][info][gc,heap        ] GC(427) Old regions: 503->535
[2465.672s][info][gc,heap        ] GC(427) Humongous regions: 80->80
[2465.672s][info][gc,metaspace   ] GC(427) Metaspace: 28964K(29312K)->28964K(29312K) NonClass: 24080K(24256K)->24080K(24256K) Class: 4883K(5056K)->4883K(5056K)
[2465.672s][info][gc             ] GC(427) Pause Young (Prepare Mixed) (G1 Evacuation Pause) 3619M->1451M(4096M) 122.300ms
[2465.672s][info][gc,cpu         ] GC(427) User=0.73s Sys=0.00s Real=0.12s
.....[2470.260s][info][gc,start       ] GC(428) Pause Young (Mixed) (G1 Evacuation Pause)
[2470.260s][info][gc,task        ] GC(428) Using 6 workers of 6 for evacuation
[2470.393s][info][gc,phases      ] GC(428)   Pre Evacuate Collection Set: 0.42ms
[2470.393s][info][gc,phases      ] GC(428)   Merge Heap Roots: 0.68ms
[2470.393s][info][gc,phases      ] GC(428)   Evacuate Collection Set: 130.59ms
[2470.393s][info][gc,phases      ] GC(428)   Post Evacuate Collection Set: 0.98ms
[2470.393s][info][gc,phases      ] GC(428)   Other: 0.09ms
[2470.393s][info][gc,heap        ] GC(428) Eden regions: 1108->0(1119)
[2470.393s][info][gc,heap        ] GC(428) Survivor regions: 111->109(153)
[2470.393s][info][gc,heap        ] GC(428) Old regions: 535->472
[2470.393s][info][gc,heap        ] GC(428) Humongous regions: 80->80
[2470.393s][info][gc,metaspace   ] GC(428) Metaspace: 28964K(29312K)->28964K(29312K) NonClass: 24080K(24256K)->24080K(24256K) Class: 4883K(5056K)->4883K(5056K)
[2470.393s][info][gc             ] GC(428) Pause Young (Mixed) (G1 Evacuation Pause) 3667M->1320M(4096M) 132.895ms
[2470.393s][info][gc,cpu         ] GC(428) User=0.79s Sys=0.00s Real=0.14s
....[2474.969s][info][gc,start       ] GC(429) Pause Young (Concurrent Start) (G1 Evacuation Pause)
[2474.969s][info][gc,task        ] GC(429) Using 6 workers of 6 for evacuation
[2475.090s][info][gc,phases      ] GC(429)   Pre Evacuate Collection Set: 0.42ms
[2475.090s][info][gc,phases      ] GC(429)   Merge Heap Roots: 0.53ms
[2475.090s][info][gc,phases      ] GC(429)   Evacuate Collection Set: 118.24ms
[2475.090s][info][gc,phases      ] GC(429)   Post Evacuate Collection Set: 0.93ms
[2475.090s][info][gc,phases      ] GC(429)   Other: 0.12ms
[2475.090s][info][gc,heap        ] GC(429) Eden regions: 1119->0(1117)
[2475.090s][info][gc,heap        ] GC(429) Survivor regions: 109->111(154)
[2475.090s][info][gc,heap        ] GC(429) Old regions: 472->504
[2475.090s][info][gc,heap        ] GC(429) Humongous regions: 80->80
[2475.090s][info][gc,metaspace   ] GC(429) Metaspace: 28964K(29312K)->28964K(29312K) NonClass: 24080K(24256K)->24080K(24256K) Class: 4883K(5056K)->4883K(5056K)
[2475.090s][info][gc             ] GC(429) Pause Young (Concurrent Start) (G1 Evacuation Pause) 3558M->1388M(4096M) 120.365ms
[2475.090s][info][gc             ] GC(430) Concurrent Mark Cycle
[2475.090s][info][gc,marking     ] GC(430) Concurrent Scan Root Regions
[2475.090s][info][gc,cpu         ] GC(429) User=0.71s Sys=0.00s Real=0.12s
.[2475.255s][info][gc,marking     ] GC(430) Concurrent Scan Root Regions 165.090ms
[2475.255s][info][gc,marking     ] GC(430) Concurrent Mark
[2475.255s][info][gc,marking     ] GC(430) Concurrent Mark From Roots
[2475.255s][info][gc,task        ] GC(430) Using 2 workers of 2 for marking
[2475.938s][info][gc,marking     ] GC(430) Concurrent Mark From Roots 683.665ms
[2475.938s][info][gc,marking     ] GC(430) Concurrent Preclean
[2475.939s][info][gc,marking     ] GC(430) Concurrent Preclean 0.039ms
[2475.939s][info][gc,start       ] GC(430) Pause Remark
[2475.943s][info][gc             ] GC(430) Pause Remark 1851M->1851M(4096M) 4.226ms
[2475.943s][info][gc,cpu         ] GC(430) User=0.02s Sys=0.00s Real=0.00s
[2475.943s][info][gc,marking     ] GC(430) Concurrent Mark 688.182ms
[2475.943s][info][gc,marking     ] GC(430) Concurrent Rebuild Remembered Sets and Scrub Regions
.[2476.186s][info][gc,marking     ] GC(430) Concurrent Rebuild Remembered Sets and Scrub Regions 243.512ms
[2476.187s][info][gc,start       ] GC(430) Pause Cleanup
[2476.187s][info][gc             ] GC(430) Pause Cleanup 1932M->1932M(4096M) 0.129ms
[2476.187s][info][gc,cpu         ] GC(430) User=0.00s Sys=0.00s Real=0.00s
[2476.188s][info][gc,marking     ] GC(430) Concurrent Clear Claimed Marks
[2476.188s][info][gc,marking     ] GC(430) Concurrent Clear Claimed Marks 0.038ms
[2476.188s][info][gc,marking     ] GC(430) Concurrent Cleanup for Next Mark
[2476.194s][info][gc,marking     ] GC(430) Concurrent Cleanup for Next Mark 6.300ms
[2476.194s][info][gc             ] GC(430) Concurrent Mark Cycle 1104.355ms
...[2479.779s][info][gc,start       ] GC(431) Pause Young (Prepare Mixed) (G1 Evacuation Pause)
[2479.779s][info][gc,task        ] GC(431) Using 6 workers of 6 for evacuation
[2479.896s][info][gc,phases      ] GC(431)   Pre Evacuate Collection Set: 0.37ms
[2479.896s][info][gc,phases      ] GC(431)   Merge Heap Roots: 0.55ms
[2479.896s][info][gc,phases      ] GC(431)   Evacuate Collection Set: 114.51ms
[2479.896s][info][gc,phases      ] GC(431)   Post Evacuate Collection Set: 0.98ms
[2479.896s][info][gc,phases      ] GC(431)   Other: 0.09ms
[2479.896s][info][gc,heap        ] GC(431) Eden regions: 1117->0(1111)
[2479.896s][info][gc,heap        ] GC(431) Survivor regions: 111->109(154)
[2479.896s][info][gc,heap        ] GC(431) Old regions: 504->536
[2479.896s][info][gc,heap        ] GC(431) Humongous regions: 80->80
[2479.896s][info][gc,metaspace   ] GC(431) Metaspace: 28964K(29312K)->28964K(29312K) NonClass: 24080K(24256K)->24080K(24256K) Class: 4883K(5056K)->4883K(5056K)
[2479.896s][info][gc             ] GC(431) Pause Young (Prepare Mixed) (G1 Evacuation Pause) 3622M->1447M(4096M) 116.627ms
[2479.896s][info][gc,cpu         ] GC(431) User=0.69s Sys=0.00s Real=0.12s
.....[2484.463s][info][gc,start       ] GC(432) Pause Young (Mixed) (G1 Evacuation Pause)
[2484.463s][info][gc,task        ] GC(432) Using 6 workers of 6 for evacuation
[2484.600s][info][gc,phases      ] GC(432)   Pre Evacuate Collection Set: 0.35ms
[2484.600s][info][gc,phases      ] GC(432)   Merge Heap Roots: 0.71ms
[2484.600s][info][gc,phases      ] GC(432)   Evacuate Collection Set: 134.71ms
[2484.600s][info][gc,phases      ] GC(432)   Post Evacuate Collection Set: 0.96ms
[2484.600s][info][gc,phases      ] GC(432)   Other: 0.09ms
[2484.600s][info][gc,heap        ] GC(432) Eden regions: 1111->0(1117)
[2484.600s][info][gc,heap        ] GC(432) Survivor regions: 109->111(153)
[2484.600s][info][gc,heap        ] GC(432) Old regions: 536->472
[2484.600s][info][gc,heap        ] GC(432) Humongous regions: 80->80
[2484.600s][info][gc,metaspace   ] GC(432) Metaspace: 28964K(29312K)->28964K(29312K) NonClass: 24080K(24256K)->24080K(24256K) Class: 4883K(5056K)->4883K(5056K)
[2484.600s][info][gc             ] GC(432) Pause Young (Mixed) (G1 Evacuation Pause) 3669M->1323M(4096M) 136.963ms
[2484.600s][info][gc,cpu         ] GC(432) User=0.81s Sys=0.00s Real=0.13s
.....[2489.171s][info][gc,start       ] GC(433) Pause Young (Concurrent Start) (G1 Evacuation Pause)
[2489.171s][info][gc,task        ] GC(433) Using 6 workers of 6 for evacuation
[2489.290s][info][gc,phases      ] GC(433)   Pre Evacuate Collection Set: 0.40ms
[2489.290s][info][gc,phases      ] GC(433)   Merge Heap Roots: 0.50ms
[2489.290s][info][gc,phases      ] GC(433)   Evacuate Collection Set: 116.33ms
[2489.290s][info][gc,phases      ] GC(433)   Post Evacuate Collection Set: 0.95ms
[2489.290s][info][gc,phases      ] GC(433)   Other: 0.12ms
[2489.290s][info][gc,heap        ] GC(433) Eden regions: 1117->0(1118)
[2489.290s][info][gc,heap        ] GC(433) Survivor regions: 111->110(154)
[2489.290s][info][gc,heap        ] GC(433) Old regions: 472->504
[2489.290s][info][gc,heap        ] GC(433) Humongous regions: 80->80
[2489.290s][info][gc,metaspace   ] GC(433) Metaspace: 28964K(29312K)->28964K(29312K) NonClass: 24080K(24256K)->24080K(24256K) Class: 4883K(5056K)->4883K(5056K)
[2489.290s][info][gc             ] GC(433) Pause Young (Concurrent Start) (G1 Evacuation Pause) 3557M->1386M(4096M) 118.468ms
[2489.290s][info][gc             ] GC(434) Concurrent Mark Cycle
[2489.290s][info][gc,marking     ] GC(434) Concurrent Scan Root Regions
[2489.290s][info][gc,cpu         ] GC(433) User=0.70s Sys=0.00s Real=0.12s
[2489.456s][info][gc,marking     ] GC(434) Concurrent Scan Root Regions 166.484ms
[2489.456s][info][gc,marking     ] GC(434) Concurrent Mark
[2489.456s][info][gc,marking     ] GC(434) Concurrent Mark From Roots
[2489.456s][info][gc,task        ] GC(434) Using 2 workers of 2 for marking
.[2490.114s][info][gc,marking     ] GC(434) Concurrent Mark From Roots 658.087ms
[2490.114s][info][gc,marking     ] GC(434) Concurrent Preclean
[2490.114s][info][gc,marking     ] GC(434) Concurrent Preclean 0.038ms
[2490.115s][info][gc,start       ] GC(434) Pause Remark
[2490.118s][info][gc             ] GC(434) Pause Remark 1818M->1818M(4096M) 3.758ms
[2490.118s][info][gc,cpu         ] GC(434) User=0.02s Sys=0.00s Real=0.00s
[2490.118s][info][gc,marking     ] GC(434) Concurrent Mark 662.129ms
[2490.118s][info][gc,marking     ] GC(434) Concurrent Rebuild Remembered Sets and Scrub Regions
[2490.482s][info][gc,marking     ] GC(434) Concurrent Rebuild Remembered Sets and Scrub Regions 363.850ms
[2490.482s][info][gc,start       ] GC(434) Pause Cleanup
[2490.483s][info][gc             ] GC(434) Pause Cleanup 2004M->2004M(4096M) 0.122ms
[2490.483s][info][gc,cpu         ] GC(434) User=0.00s Sys=0.00s Real=0.00s
[2490.483s][info][gc,marking     ] GC(434) Concurrent Clear Claimed Marks
[2490.483s][info][gc,marking     ] GC(434) Concurrent Clear Claimed Marks 0.025ms
[2490.483s][info][gc,marking     ] GC(434) Concurrent Cleanup for Next Mark
[2490.487s][info][gc,marking     ] GC(434) Concurrent Cleanup for Next Mark 4.226ms
[2490.487s][info][gc             ] GC(434) Concurrent Mark Cycle 1197.156ms
...[2493.942s][info][gc,start       ] GC(435) Pause Young (Prepare Mixed) (G1 Evacuation Pause)
[2493.942s][info][gc,task        ] GC(435) Using 6 workers of 6 for evacuation
[2494.058s][info][gc,phases      ] GC(435)   Pre Evacuate Collection Set: 0.36ms
[2494.058s][info][gc,phases      ] GC(435)   Merge Heap Roots: 0.55ms
[2494.058s][info][gc,phases      ] GC(435)   Evacuate Collection Set: 114.20ms
[2494.058s][info][gc,phases      ] GC(435)   Post Evacuate Collection Set: 0.93ms
[2494.058s][info][gc,phases      ] GC(435)   Other: 0.09ms
[2494.058s][info][gc,heap        ] GC(435) Eden regions: 1118->0(1111)
[2494.058s][info][gc,heap        ] GC(435) Survivor regions: 110->109(154)
[2494.058s][info][gc,heap        ] GC(435) Old regions: 504->536
[2494.058s][info][gc,heap        ] GC(435) Humongous regions: 80->80
[2494.058s][info][gc,metaspace   ] GC(435) Metaspace: 28965K(29312K)->28965K(29312K) NonClass: 24081K(24256K)->24081K(24256K) Class: 4883K(5056K)->4883K(5056K)
[2494.058s][info][gc             ] GC(435) Pause Young (Prepare Mixed) (G1 Evacuation Pause) 3622M->1448M(4096M) 116.262ms
[2494.058s][info][gc,cpu         ] GC(435) User=0.68s Sys=0.00s Real=0.12s
.....[2498.619s][info][gc,start       ] GC(436) Pause Young (Mixed) (G1 Evacuation Pause)
[2498.619s][info][gc,task        ] GC(436) Using 6 workers of 6 for evacuation
[2498.749s][info][gc,phases      ] GC(436)   Pre Evacuate Collection Set: 0.44ms
[2498.749s][info][gc,phases      ] GC(436)   Merge Heap Roots: 0.66ms
[2498.749s][info][gc,phases      ] GC(436)   Evacuate Collection Set: 126.97ms
[2498.749s][info][gc,phases      ] GC(436)   Post Evacuate Collection Set: 1.01ms
[2498.749s][info][gc,phases      ] GC(436)   Other: 0.09ms
[2498.749s][info][gc,heap        ] GC(436) Eden regions: 1111->0(1121)
[2498.749s][info][gc,heap        ] GC(436) Survivor regions: 109->107(153)
[2498.749s][info][gc,heap        ] GC(436) Old regions: 536->471
[2498.749s][info][gc,heap        ] GC(436) Humongous regions: 80->80
[2498.749s][info][gc,metaspace   ] GC(436) Metaspace: 28965K(29312K)->28965K(29312K) NonClass: 24081K(24256K)->24081K(24256K) Class: 4883K(5056K)->4883K(5056K)
[2498.749s][info][gc             ] GC(436) Pause Young (Mixed) (G1 Evacuation Pause) 3670M->1315M(4096M) 129.319ms
[2498.749s][info][gc,cpu         ] GC(436) User=0.77s Sys=0.00s Real=0.13s
.....[2503.337s][info][gc,start       ] GC(437) Pause Young (Concurrent Start) (G1 Evacuation Pause)
[2503.337s][info][gc,task        ] GC(437) Using 6 workers of 6 for evacuation
[2503.460s][info][gc,phases      ] GC(437)   Pre Evacuate Collection Set: 0.41ms
[2503.460s][info][gc,phases      ] GC(437)   Merge Heap Roots: 0.56ms
[2503.460s][info][gc,phases      ] GC(437)   Evacuate Collection Set: 121.14ms
[2503.460s][info][gc,phases      ] GC(437)   Post Evacuate Collection Set: 0.90ms
[2503.460s][info][gc,phases      ] GC(437)   Other: 0.11ms
[2503.460s][info][gc,heap        ] GC(437) Eden regions: 1121->0(1114)
[2503.460s][info][gc,heap        ] GC(437) Survivor regions: 107->114(154)
[2503.460s][info][gc,heap        ] GC(437) Old regions: 471->504
[2503.460s][info][gc,heap        ] GC(437) Humongous regions: 80->80
[2503.460s][info][gc,metaspace   ] GC(437) Metaspace: 28965K(29312K)->28965K(29312K) NonClass: 24081K(24256K)->24081K(24256K) Class: 4883K(5056K)->4883K(5056K)
[2503.460s][info][gc             ] GC(437) Pause Young (Concurrent Start) (G1 Evacuation Pause) 3557M->1393M(4096M) 123.276ms
[2503.460s][info][gc             ] GC(438) Concurrent Mark Cycle
[2503.460s][info][gc,marking     ] GC(438) Concurrent Scan Root Regions
[2503.460s][info][gc,cpu         ] GC(437) User=0.73s Sys=0.01s Real=0.12s
[2503.635s][info][gc,marking     ] GC(438) Concurrent Scan Root Regions 174.695ms
[2503.635s][info][gc,marking     ] GC(438) Concurrent Mark
[2503.635s][info][gc,marking     ] GC(438) Concurrent Mark From Roots
[2503.635s][info][gc,task        ] GC(438) Using 2 workers of 2 for marking
.[2504.602s][info][gc,marking     ] GC(438) Concurrent Mark From Roots 967.247ms
[2504.602s][info][gc,marking     ] GC(438) Concurrent Preclean
[2504.602s][info][gc,marking     ] GC(438) Concurrent Preclean 0.061ms
[2504.607s][info][gc,start       ] GC(438) Pause Remark
[2504.611s][info][gc             ] GC(438) Pause Remark 1985M->1985M(4096M) 4.522ms
[2504.611s][info][gc,cpu         ] GC(438) User=0.02s Sys=0.00s Real=0.00s
[2504.611s][info][gc,marking     ] GC(438) Concurrent Mark 976.730ms
[2504.611s][info][gc,marking     ] GC(438) Concurrent Rebuild Remembered Sets and Scrub Regions
[2504.862s][info][gc,marking     ] GC(438) Concurrent Rebuild Remembered Sets and Scrub Regions 250.653ms
[2504.862s][info][gc,start       ] GC(438) Pause Cleanup
[2504.863s][info][gc             ] GC(438) Pause Cleanup 2129M->2129M(4096M) 0.126ms
[2504.863s][info][gc,cpu         ] GC(438) User=0.00s Sys=0.00s Real=0.00s
[2504.863s][info][gc,marking     ] GC(438) Concurrent Clear Claimed Marks
[2504.863s][info][gc,marking     ] GC(438) Concurrent Clear Claimed Marks 0.036ms
[2504.863s][info][gc,marking     ] GC(438) Concurrent Cleanup for Next Mark
[2504.868s][info][gc,marking     ] GC(438) Concurrent Cleanup for Next Mark 4.858ms
[2504.868s][info][gc             ] GC(438) Concurrent Mark Cycle 1407.618ms
...[2508.110s][info][gc,start       ] GC(439) Pause Young (Prepare Mixed) (G1 Evacuation Pause)
[2508.110s][info][gc,task        ] GC(439) Using 6 workers of 6 for evacuation
[2508.227s][info][gc,phases      ] GC(439)   Pre Evacuate Collection Set: 0.37ms
[2508.227s][info][gc,phases      ] GC(439)   Merge Heap Roots: 0.56ms
[2508.227s][info][gc,phases      ] GC(439)   Evacuate Collection Set: 114.62ms
[2508.227s][info][gc,phases      ] GC(439)   Post Evacuate Collection Set: 0.95ms
[2508.227s][info][gc,phases      ] GC(439)   Other: 0.10ms
[2508.227s][info][gc,heap        ] GC(439) Eden regions: 1114->0(1110)
[2508.227s][info][gc,heap        ] GC(439) Survivor regions: 114->110(154)
[2508.227s][info][gc,heap        ] GC(439) Old regions: 504->535
[2508.227s][info][gc,heap        ] GC(439) Humongous regions: 80->80
[2508.227s][info][gc,metaspace   ] GC(439) Metaspace: 28965K(29312K)->28965K(29312K) NonClass: 24081K(24256K)->24081K(24256K) Class: 4883K(5056K)->4883K(5056K)
[2508.227s][info][gc             ] GC(439) Pause Young (Prepare Mixed) (G1 Evacuation Pause) 3621M->1448M(4096M) 116.756ms
[2508.227s][info][gc,cpu         ] GC(439) User=0.69s Sys=0.01s Real=0.12s
.... (rIR:aIR:PR = 4013:4013:4013) (tPR = 59552) [OK] 
  2511s: Performance info:
         Transaction,    Success,    Partial,     Failed,   Receipts, AvgBarcode, 
             Overall,     241564,          0,          0,     229478,      59.48, 
         Response times:
             Request,    Success,    Partial,     Failed,   SkipFail,     Probes,    Samples,      min,      p50,      p90,      p95,      p99,      max, 
       TotalPurchase,     229486,          0,          0,          0,     225471,     240486,      300,     3300,     5800,     8100,    43000,   217000,
     InStorePurchase,     120827,          0,          0,          0,     119033,     126576,      300,     3300,     5800,     8200,    43000,   184000,
      OnlinePurchase,      84522,          0,          0,          0,      82943,      88577,      300,     3400,     5800,     8100,    43000,   217000,
        InstPurchase,      24137,          0,          0,          0,      23495,      25333,      400,     3100,     5700,     8100,    42000,   183000,
          AssocOfCat,        241,          0,          0,          0,        169,        228,    19600,    28000,    38000,    51550,   100840,   193000,
      AssocOfProduct,       2420,          0,          0,          0,       2188,       2467,      700,     3100,     5600,     8200,    39320,   146000,
      BusinessReport,        601,          0,          0,          0,        530,        655,    21000,    33000,    49000,    60000,   146640,   215000,
          CustBuyBeh,       2414,          0,          0,          0,       2207,       2518,      200,     3100,     5400,     7800,    38810,   130000,
       ProductReturn,       6411,          0,          0,          0,       6102,       6794,      200,     3900,     6150,     9300,    47050,   138000,

  2511s: (30%)   IR =   4151 .[2512.792s][info][gc,start       ] GC(440) Pause Young (Mixed) (G1 Evacuation Pause)
[2512.792s][info][gc,task        ] GC(440) Using 6 workers of 6 for evacuation
[2512.925s][info][gc,phases      ] GC(440)   Pre Evacuate Collection Set: 0.40ms
[2512.925s][info][gc,phases      ] GC(440)   Merge Heap Roots: 0.77ms
[2512.925s][info][gc,phases      ] GC(440)   Evacuate Collection Set: 130.27ms
[2512.925s][info][gc,phases      ] GC(440)   Post Evacuate Collection Set: 1.00ms
[2512.925s][info][gc,phases      ] GC(440)   Other: 0.09ms
[2512.925s][info][gc,heap        ] GC(440) Eden regions: 1110->0(1119)
[2512.925s][info][gc,heap        ] GC(440) Survivor regions: 110->109(153)
[2512.925s][info][gc,heap        ] GC(440) Old regions: 535->472
[2512.925s][info][gc,heap        ] GC(440) Humongous regions: 80->80
[2512.925s][info][gc,metaspace   ] GC(440) Metaspace: 28965K(29312K)->28965K(29312K) NonClass: 24081K(24256K)->24081K(24256K) Class: 4883K(5056K)->4883K(5056K)
[2512.925s][info][gc             ] GC(440) Pause Young (Mixed) (G1 Evacuation Pause) 3668M->1320M(4096M) 132.658ms
[2512.925s][info][gc,cpu         ] GC(440) User=0.79s Sys=0.00s Real=0.14s
...|..[2517.371s][info][gc,start       ] GC(441) Pause Young (Concurrent Start) (G1 Evacuation Pause)
[2517.371s][info][gc,task        ] GC(441) Using 6 workers of 6 for evacuation
[2517.489s][info][gc,phases      ] GC(441)   Pre Evacuate Collection Set: 0.41ms
[2517.489s][info][gc,phases      ] GC(441)   Merge Heap Roots: 0.47ms
[2517.489s][info][gc,phases      ] GC(441)   Evacuate Collection Set: 115.87ms
[2517.489s][info][gc,phases      ] GC(441)   Post Evacuate Collection Set: 0.91ms
[2517.489s][info][gc,phases      ] GC(441)   Other: 0.12ms
[2517.489s][info][gc,heap        ] GC(441) Eden regions: 1119->0(1118)
[2517.489s][info][gc,heap        ] GC(441) Survivor regions: 109->110(154)
[2517.489s][info][gc,heap        ] GC(441) Old regions: 472->503
[2517.489s][info][gc,heap        ] GC(441) Humongous regions: 80->80
[2517.489s][info][gc,metaspace   ] GC(441) Metaspace: 28965K(29312K)->28965K(29312K) NonClass: 24081K(24256K)->24081K(24256K) Class: 4883K(5056K)->4883K(5056K)
[2517.489s][info][gc             ] GC(441) Pause Young (Concurrent Start) (G1 Evacuation Pause) 3558M->1384M(4096M) 117.928ms
[2517.489s][info][gc             ] GC(442) Concurrent Mark Cycle
[2517.489s][info][gc,marking     ] GC(442) Concurrent Scan Root Regions
[2517.489s][info][gc,cpu         ] GC(441) User=0.70s Sys=0.00s Real=0.12s
[2517.662s][info][gc,marking     ] GC(442) Concurrent Scan Root Regions 172.534ms
[2517.662s][info][gc,marking     ] GC(442) Concurrent Mark
[2517.662s][info][gc,marking     ] GC(442) Concurrent Mark From Roots
[2517.662s][info][gc,task        ] GC(442) Using 2 workers of 2 for marking
.[2518.554s][info][gc,marking     ] GC(442) Concurrent Mark From Roots 891.867ms
[2518.554s][info][gc,marking     ] GC(442) Concurrent Preclean
[2518.554s][info][gc,marking     ] GC(442) Concurrent Preclean 0.065ms
[2518.554s][info][gc,start       ] GC(442) Pause Remark
[2518.559s][info][gc             ] GC(442) Pause Remark 1963M->1963M(4096M) 4.672ms
[2518.559s][info][gc,cpu         ] GC(442) User=0.02s Sys=0.00s Real=0.00s
[2518.559s][info][gc,marking     ] GC(442) Concurrent Mark 896.896ms
[2518.559s][info][gc,marking     ] GC(442) Concurrent Rebuild Remembered Sets and Scrub Regions
[2518.856s][info][gc,marking     ] GC(442) Concurrent Rebuild Remembered Sets and Scrub Regions 296.998ms
[2518.856s][info][gc,start       ] GC(442) Pause Cleanup
[2518.856s][info][gc             ] GC(442) Pause Cleanup 2144M->2144M(4096M) 0.116ms
[2518.856s][info][gc,cpu         ] GC(442) User=0.00s Sys=0.00s Real=0.00s
[2518.856s][info][gc,marking     ] GC(442) Concurrent Clear Claimed Marks
[2518.856s][info][gc,marking     ] GC(442) Concurrent Clear Claimed Marks 0.026ms
[2518.856s][info][gc,marking     ] GC(442) Concurrent Cleanup for Next Mark
[2518.859s][info][gc,marking     ] GC(442) Concurrent Cleanup for Next Mark 3.194ms
[2518.859s][info][gc             ] GC(442) Concurrent Mark Cycle 1370.080ms
...[2521.899s][info][gc,start       ] GC(443) Pause Young (Prepare Mixed) (G1 Evacuation Pause)
[2521.899s][info][gc,task        ] GC(443) Using 6 workers of 6 for evacuation
[2522.015s][info][gc,phases      ] GC(443)   Pre Evacuate Collection Set: 0.36ms
[2522.015s][info][gc,phases      ] GC(443)   Merge Heap Roots: 0.51ms
[2522.015s][info][gc,phases      ] GC(443)   Evacuate Collection Set: 114.52ms
[2522.015s][info][gc,phases      ] GC(443)   Post Evacuate Collection Set: 0.94ms
[2522.015s][info][gc,phases      ] GC(443)   Other: 0.09ms
[2522.015s][info][gc,heap        ] GC(443) Eden regions: 1118->0(1114)
[2522.015s][info][gc,heap        ] GC(443) Survivor regions: 110->108(154)
[2522.015s][info][gc,heap        ] GC(443) Old regions: 503->535
[2522.015s][info][gc,heap        ] GC(443) Humongous regions: 80->80
[2522.015s][info][gc,metaspace   ] GC(443) Metaspace: 28965K(29312K)->28965K(29312K) NonClass: 24081K(24256K)->24081K(24256K) Class: 4883K(5056K)->4883K(5056K)
[2522.015s][info][gc             ] GC(443) Pause Young (Prepare Mixed) (G1 Evacuation Pause) 3620M->1445M(4096M) 116.581ms
[2522.015s][info][gc,cpu         ] GC(443) User=0.69s Sys=0.00s Real=0.12s
.....[2526.537s][info][gc,start       ] GC(444) Pause Young (Mixed) (G1 Evacuation Pause)
[2526.537s][info][gc,task        ] GC(444) Using 6 workers of 6 for evacuation
[2526.672s][info][gc,phases      ] GC(444)   Pre Evacuate Collection Set: 0.43ms
[2526.672s][info][gc,phases      ] GC(444)   Merge Heap Roots: 0.79ms
[2526.672s][info][gc,phases      ] GC(444)   Evacuate Collection Set: 132.66ms
[2526.672s][info][gc,phases      ] GC(444)   Post Evacuate Collection Set: 0.97ms
[2526.672s][info][gc,phases      ] GC(444)   Other: 0.09ms
[2526.672s][info][gc,heap        ] GC(444) Eden regions: 1114->0(1117)
[2526.672s][info][gc,heap        ] GC(444) Survivor regions: 108->111(153)
[2526.672s][info][gc,heap        ] GC(444) Old regions: 535->471
[2526.672s][info][gc,heap        ] GC(444) Humongous regions: 80->80
[2526.672s][info][gc,metaspace   ] GC(444) Metaspace: 28965K(29312K)->28965K(29312K) NonClass: 24081K(24256K)->24081K(24256K) Class: 4883K(5056K)->4883K(5056K)
[2526.672s][info][gc             ] GC(444) Pause Young (Mixed) (G1 Evacuation Pause) 3673M->1322M(4096M) 135.084ms
[2526.672s][info][gc,cpu         ] GC(444) User=0.80s Sys=0.00s Real=0.13s
....[2531.050s][info][gc,start       ] GC(445) Pause Young (Concurrent Start) (G1 Evacuation Pause)
[2531.050s][info][gc,task        ] GC(445) Using 6 workers of 6 for evacuation
[2531.166s][info][gc,phases      ] GC(445)   Pre Evacuate Collection Set: 0.43ms
[2531.166s][info][gc,phases      ] GC(445)   Merge Heap Roots: 0.51ms
[2531.166s][info][gc,phases      ] GC(445)   Evacuate Collection Set: 113.90ms
[2531.166s][info][gc,phases      ] GC(445)   Post Evacuate Collection Set: 0.94ms
[2531.166s][info][gc,phases      ] GC(445)   Other: 0.13ms
[2531.166s][info][gc,heap        ] GC(445) Eden regions: 1117->0(1119)
[2531.166s][info][gc,heap        ] GC(445) Survivor regions: 111->109(154)
[2531.166s][info][gc,heap        ] GC(445) Old regions: 471->503
[2531.166s][info][gc,heap        ] GC(445) Humongous regions: 80->80
[2531.166s][info][gc,metaspace   ] GC(445) Metaspace: 28965K(29312K)->28965K(29312K) NonClass: 24081K(24256K)->24081K(24256K) Class: 4883K(5056K)->4883K(5056K)
[2531.166s][info][gc             ] GC(445) Pause Young (Concurrent Start) (G1 Evacuation Pause) 3556M->1382M(4096M) 116.054ms
[2531.166s][info][gc             ] GC(446) Concurrent Mark Cycle
[2531.166s][info][gc,marking     ] GC(446) Concurrent Scan Root Regions
[2531.166s][info][gc,cpu         ] GC(445) User=0.69s Sys=0.00s Real=0.12s
.[2531.334s][info][gc,marking     ] GC(446) Concurrent Scan Root Regions 168.004ms
[2531.334s][info][gc,marking     ] GC(446) Concurrent Mark
[2531.334s][info][gc,marking     ] GC(446) Concurrent Mark From Roots
[2531.334s][info][gc,task        ] GC(446) Using 2 workers of 2 for marking
[2531.934s][info][gc,marking     ] GC(446) Concurrent Mark From Roots 600.274ms
[2531.934s][info][gc,marking     ] GC(446) Concurrent Preclean
[2531.934s][info][gc,marking     ] GC(446) Concurrent Preclean 0.056ms
[2531.934s][info][gc,start       ] GC(446) Pause Remark
[2531.938s][info][gc             ] GC(446) Pause Remark 1812M->1812M(4096M) 3.795ms
[2531.938s][info][gc,cpu         ] GC(446) User=0.02s Sys=0.00s Real=0.00s
[2531.938s][info][gc,marking     ] GC(446) Concurrent Mark 604.399ms
[2531.938s][info][gc,marking     ] GC(446) Concurrent Rebuild Remembered Sets and Scrub Regions
[2532.170s][info][gc,marking     ] GC(446) Concurrent Rebuild Remembered Sets and Scrub Regions 231.525ms
[2532.170s][info][gc,start       ] GC(446) Pause Cleanup
[2532.170s][info][gc             ] GC(446) Pause Cleanup 1927M->1927M(4096M) 0.128ms
[2532.170s][info][gc,cpu         ] GC(446) User=0.00s Sys=0.00s Real=0.00s
[2532.170s][info][gc,marking     ] GC(446) Concurrent Clear Claimed Marks
[2532.170s][info][gc,marking     ] GC(446) Concurrent Clear Claimed Marks 0.027ms
[2532.170s][info][gc,marking     ] GC(446) Concurrent Cleanup for Next Mark
[2532.173s][info][gc,marking     ] GC(446) Concurrent Cleanup for Next Mark 3.197ms
[2532.173s][info][gc             ] GC(446) Concurrent Mark Cycle 1007.613ms
....[2535.702s][info][gc,start       ] GC(447) Pause Young (Prepare Mixed) (G1 Evacuation Pause)
[2535.702s][info][gc,task        ] GC(447) Using 6 workers of 6 for evacuation
[2535.827s][info][gc,phases      ] GC(447)   Pre Evacuate Collection Set: 0.33ms
[2535.828s][info][gc,phases      ] GC(447)   Merge Heap Roots: 0.57ms
[2535.828s][info][gc,phases      ] GC(447)   Evacuate Collection Set: 123.47ms
[2535.828s][info][gc,phases      ] GC(447)   Post Evacuate Collection Set: 1.01ms
[2535.828s][info][gc,phases      ] GC(447)   Other: 0.09ms
[2535.828s][info][gc,heap        ] GC(447) Eden regions: 1119->0(1101)
[2535.828s][info][gc,heap        ] GC(447) Survivor regions: 109->114(154)
[2535.828s][info][gc,heap        ] GC(447) Old regions: 503->536
[2535.828s][info][gc,heap        ] GC(447) Humongous regions: 80->80
[2535.828s][info][gc,metaspace   ] GC(447) Metaspace: 28965K(29312K)->28965K(29312K) NonClass: 24081K(24256K)->24081K(24256K) Class: 4883K(5056K)->4883K(5056K)
[2535.828s][info][gc             ] GC(447) Pause Young (Prepare Mixed) (G1 Evacuation Pause) 3620M->1457M(4096M) 125.606ms
[2535.828s][info][gc,cpu         ] GC(447) User=0.74s Sys=0.00s Real=0.13s
....[2540.171s][info][gc,start       ] GC(448) Pause Young (Mixed) (G1 Evacuation Pause)
[2540.171s][info][gc,task        ] GC(448) Using 6 workers of 6 for evacuation
[2540.307s][info][gc,phases      ] GC(448)   Pre Evacuate Collection Set: 0.41ms
[2540.307s][info][gc,phases      ] GC(448)   Merge Heap Roots: 0.71ms
[2540.307s][info][gc,phases      ] GC(448)   Evacuate Collection Set: 134.09ms
[2540.307s][info][gc,phases      ] GC(448)   Post Evacuate Collection Set: 0.99ms
[2540.307s][info][gc,phases      ] GC(448)   Other: 0.09ms
[2540.307s][info][gc,heap        ] GC(448) Eden regions: 1101->0(1115)
[2540.307s][info][gc,heap        ] GC(448) Survivor regions: 114->113(152)
[2540.307s][info][gc,heap        ] GC(448) Old regions: 536->472
[2540.307s][info][gc,heap        ] GC(448) Humongous regions: 80->80
[2540.307s][info][gc,metaspace   ] GC(448) Metaspace: 28965K(29312K)->28965K(29312K) NonClass: 24081K(24256K)->24081K(24256K) Class: 4883K(5056K)->4883K(5056K)
[2540.307s][info][gc             ] GC(448) Pause Young (Mixed) (G1 Evacuation Pause) 3659M->1329M(4096M) 136.435ms
[2540.307s][info][gc,cpu         ] GC(448) User=0.81s Sys=0.00s Real=0.14s
.....[2544.709s][info][gc,start       ] GC(449) Pause Young (Concurrent Start) (G1 Evacuation Pause)
[2544.709s][info][gc,task        ] GC(449) Using 6 workers of 6 for evacuation
[2544.824s][info][gc,phases      ] GC(449)   Pre Evacuate Collection Set: 0.42ms
[2544.824s][info][gc,phases      ] GC(449)   Merge Heap Roots: 0.47ms
[2544.824s][info][gc,phases      ] GC(449)   Evacuate Collection Set: 112.93ms
[2544.824s][info][gc,phases      ] GC(449)   Post Evacuate Collection Set: 0.90ms
[2544.824s][info][gc,phases      ] GC(449)   Other: 0.09ms
[2544.824s][info][gc,heap        ] GC(449) Eden regions: 1115->0(1122)
[2544.824s][info][gc,heap        ] GC(449) Survivor regions: 113->106(154)
[2544.824s][info][gc,heap        ] GC(449) Old regions: 472->506
[2544.824s][info][gc,heap        ] GC(449) Humongous regions: 80->80
[2544.824s][info][gc,metaspace   ] GC(449) Metaspace: 28965K(29312K)->28965K(29312K) NonClass: 24081K(24256K)->24081K(24256K) Class: 4883K(5056K)->4883K(5056K)
[2544.824s][info][gc             ] GC(449) Pause Young (Concurrent Start) (G1 Evacuation Pause) 3559M->1382M(4096M) 114.946ms
[2544.824s][info][gc             ] GC(450) Concurrent Mark Cycle
[2544.824s][info][gc,marking     ] GC(450) Concurrent Scan Root Regions
[2544.824s][info][gc,cpu         ] GC(449) User=0.68s Sys=0.00s Real=0.12s
[2544.968s][info][gc,marking     ] GC(450) Concurrent Scan Root Regions 143.994ms
[2544.968s][info][gc,marking     ] GC(450) Concurrent Mark
[2544.968s][info][gc,marking     ] GC(450) Concurrent Mark From Roots
[2544.968s][info][gc,task        ] GC(450) Using 2 workers of 2 for marking
.[2545.674s][info][gc,marking     ] GC(450) Concurrent Mark From Roots 706.605ms
[2545.675s][info][gc,marking     ] GC(450) Concurrent Preclean
[2545.675s][info][gc,marking     ] GC(450) Concurrent Preclean 0.041ms
[2545.675s][info][gc,start       ] GC(450) Pause Remark
[2545.679s][info][gc             ] GC(450) Pause Remark 1853M->1853M(4096M) 4.152ms
[2545.679s][info][gc,cpu         ] GC(450) User=0.02s Sys=0.00s Real=0.00s
[2545.679s][info][gc,marking     ] GC(450) Concurrent Mark 711.081ms
[2545.679s][info][gc,marking     ] GC(450) Concurrent Rebuild Remembered Sets and Scrub Regions
[2545.923s][info][gc,marking     ] GC(450) Concurrent Rebuild Remembered Sets and Scrub Regions 244.398ms
[2545.924s][info][gc,start       ] GC(450) Pause Cleanup
[2545.924s][info][gc             ] GC(450) Pause Cleanup 1952M->1952M(4096M) 0.132ms
[2545.924s][info][gc,cpu         ] GC(450) User=0.00s Sys=0.00s Real=0.00s
[2545.924s][info][gc,marking     ] GC(450) Concurrent Clear Claimed Marks
[2545.924s][info][gc,marking     ] GC(450) Concurrent Clear Claimed Marks 0.031ms
[2545.924s][info][gc,marking     ] GC(450) Concurrent Cleanup for Next Mark
[2545.930s][info][gc,marking     ] GC(450) Concurrent Cleanup for Next Mark 5.740ms
[2545.930s][info][gc             ] GC(450) Concurrent Mark Cycle 1106.183ms
...[2549.238s][info][gc,start       ] GC(451) Pause Young (Prepare Mixed) (G1 Evacuation Pause)
[2549.238s][info][gc,task        ] GC(451) Using 6 workers of 6 for evacuation
[2549.357s][info][gc,phases      ] GC(451)   Pre Evacuate Collection Set: 0.37ms
[2549.357s][info][gc,phases      ] GC(451)   Merge Heap Roots: 0.57ms
[2549.357s][info][gc,phases      ] GC(451)   Evacuate Collection Set: 116.38ms
[2549.357s][info][gc,phases      ] GC(451)   Post Evacuate Collection Set: 0.95ms
[2549.357s][info][gc,phases      ] GC(451)   Other: 0.09ms
[2549.357s][info][gc,heap        ] GC(451) Eden regions: 1122->0(1112)
[2549.357s][info][gc,heap        ] GC(451) Survivor regions: 106->108(154)
[2549.357s][info][gc,heap        ] GC(451) Old regions: 506->537
[2549.357s][info][gc,heap        ] GC(451) Humongous regions: 80->80
[2549.357s][info][gc,metaspace   ] GC(451) Metaspace: 28965K(29312K)->28965K(29312K) NonClass: 24081K(24256K)->24081K(24256K) Class: 4883K(5056K)->4883K(5056K)
[2549.357s][info][gc             ] GC(451) Pause Young (Prepare Mixed) (G1 Evacuation Pause) 3626M->1449M(4096M) 118.500ms
[2549.357s][info][gc,cpu         ] GC(451) User=0.70s Sys=0.00s Real=0.12s
.....[2553.794s][info][gc,start       ] GC(452) Pause Young (Mixed) (G1 Evacuation Pause)
[2553.794s][info][gc,task        ] GC(452) Using 6 workers of 6 for evacuation
[2553.930s][info][gc,phases      ] GC(452)   Pre Evacuate Collection Set: 0.46ms
[2553.930s][info][gc,phases      ] GC(452)   Merge Heap Roots: 0.88ms
[2553.930s][info][gc,phases      ] GC(452)   Evacuate Collection Set: 133.08ms
[2553.930s][info][gc,phases      ] GC(452)   Post Evacuate Collection Set: 1.02ms
[2553.930s][info][gc,phases      ] GC(452)   Other: 0.10ms
[2553.930s][info][gc,heap        ] GC(452) Eden regions: 1112->0(1118)
[2553.930s][info][gc,heap        ] GC(452) Survivor regions: 108->110(153)
[2553.930s][info][gc,heap        ] GC(452) Old regions: 537->473
[2553.930s][info][gc,heap        ] GC(452) Humongous regions: 80->80
[2553.930s][info][gc,metaspace   ] GC(452) Metaspace: 28965K(29312K)->28965K(29312K) NonClass: 24081K(24256K)->24081K(24256K) Class: 4883K(5056K)->4883K(5056K)
[2553.930s][info][gc             ] GC(452) Pause Young (Mixed) (G1 Evacuation Pause) 3673M->1325M(4096M) 135.689ms
[2553.930s][info][gc,cpu         ] GC(452) User=0.81s Sys=0.00s Real=0.13s
.....[2558.391s][info][gc,start       ] GC(453) Pause Young (Concurrent Start) (G1 Evacuation Pause)
[2558.391s][info][gc,task        ] GC(453) Using 6 workers of 6 for evacuation
[2558.510s][info][gc,phases      ] GC(453)   Pre Evacuate Collection Set: 0.46ms
[2558.510s][info][gc,phases      ] GC(453)   Merge Heap Roots: 0.50ms
[2558.510s][info][gc,phases      ] GC(453)   Evacuate Collection Set: 116.50ms
[2558.510s][info][gc,phases      ] GC(453)   Post Evacuate Collection Set: 0.96ms
[2558.510s][info][gc,phases      ] GC(453)   Other: 0.11ms
[2558.510s][info][gc,heap        ] GC(453) Eden regions: 1118->0(1118)
[2558.510s][info][gc,heap        ] GC(453) Survivor regions: 110->110(154)
[2558.510s][info][gc,heap        ] GC(453) Old regions: 473->505
[2558.510s][info][gc,heap        ] GC(453) Humongous regions: 80->80
[2558.510s][info][gc,metaspace   ] GC(453) Metaspace: 28965K(29312K)->28965K(29312K) NonClass: 24081K(24256K)->24081K(24256K) Class: 4883K(5056K)->4883K(5056K)
[2558.510s][info][gc             ] GC(453) Pause Young (Concurrent Start) (G1 Evacuation Pause) 3561M->1388M(4096M) 118.699ms
[2558.510s][info][gc             ] GC(454) Concurrent Mark Cycle
[2558.510s][info][gc,marking     ] GC(454) Concurrent Scan Root Regions
[2558.510s][info][gc,cpu         ] GC(453) User=0.70s Sys=0.00s Real=0.12s
[2558.673s][info][gc,marking     ] GC(454) Concurrent Scan Root Regions 163.597ms
[2558.673s][info][gc,marking     ] GC(454) Concurrent Mark
[2558.673s][info][gc,marking     ] GC(454) Concurrent Mark From Roots
[2558.673s][info][gc,task        ] GC(454) Using 2 workers of 2 for marking
[2559.362s][info][gc,marking     ] GC(454) Concurrent Mark From Roots 688.965ms
[2559.362s][info][gc,marking     ] GC(454) Concurrent Preclean
[2559.362s][info][gc,marking     ] GC(454) Concurrent Preclean 0.038ms
[2559.363s][info][gc,start       ] GC(454) Pause Remark
[2559.367s][info][gc             ] GC(454) Pause Remark 1866M->1866M(4096M) 3.992ms
[2559.367s][info][gc,cpu         ] GC(454) User=0.02s Sys=0.00s Real=0.01s
[2559.367s][info][gc,marking     ] GC(454) Concurrent Mark 693.260ms
[2559.367s][info][gc,marking     ] GC(454) Concurrent Rebuild Remembered Sets and Scrub Regions
.[2559.614s][info][gc,marking     ] GC(454) Concurrent Rebuild Remembered Sets and Scrub Regions 247.471ms
[2559.615s][info][gc,start       ] GC(454) Pause Cleanup
[2559.615s][info][gc             ] GC(454) Pause Cleanup 1972M->1972M(4096M) 0.135ms
[2559.615s][info][gc,cpu         ] GC(454) User=0.00s Sys=0.00s Real=0.00s
[2559.615s][info][gc,marking     ] GC(454) Concurrent Clear Claimed Marks
[2559.615s][info][gc,marking     ] GC(454) Concurrent Clear Claimed Marks 0.049ms
[2559.615s][info][gc,marking     ] GC(454) Concurrent Cleanup for Next Mark
[2559.620s][info][gc,marking     ] GC(454) Concurrent Cleanup for Next Mark 4.732ms
[2559.620s][info][gc             ] GC(454) Concurrent Mark Cycle 1110.333ms
...[2562.950s][info][gc,start       ] GC(455) Pause Young (Prepare Mixed) (G1 Evacuation Pause)
[2562.950s][info][gc,task        ] GC(455) Using 6 workers of 6 for evacuation
[2563.067s][info][gc,phases      ] GC(455)   Pre Evacuate Collection Set: 0.37ms
[2563.067s][info][gc,phases      ] GC(455)   Merge Heap Roots: 0.54ms
[2563.067s][info][gc,phases      ] GC(455)   Evacuate Collection Set: 114.48ms
[2563.067s][info][gc,phases      ] GC(455)   Post Evacuate Collection Set: 0.99ms
[2563.067s][info][gc,phases      ] GC(455)   Other: 0.09ms
[2563.067s][info][gc,heap        ] GC(455) Eden regions: 1118->0(1110)
[2563.067s][info][gc,heap        ] GC(455) Survivor regions: 110->109(154)
[2563.067s][info][gc,heap        ] GC(455) Old regions: 505->537
[2563.067s][info][gc,heap        ] GC(455) Humongous regions: 80->80
[2563.067s][info][gc,metaspace   ] GC(455) Metaspace: 28965K(29312K)->28965K(29312K) NonClass: 24081K(24256K)->24081K(24256K) Class: 4883K(5056K)->4883K(5056K)
[2563.067s][info][gc             ] GC(455) Pause Young (Prepare Mixed) (G1 Evacuation Pause) 3624M->1450M(4096M) 116.606ms
[2563.067s][info][gc,cpu         ] GC(455) User=0.69s Sys=0.00s Real=0.12s
.....[2567.550s][info][gc,start       ] GC(456) Pause Young (Mixed) (G1 Evacuation Pause)
[2567.550s][info][gc,task        ] GC(456) Using 6 workers of 6 for evacuation
[2567.686s][info][gc,phases      ] GC(456)   Pre Evacuate Collection Set: 0.42ms
[2567.686s][info][gc,phases      ] GC(456)   Merge Heap Roots: 0.78ms
[2567.686s][info][gc,phases      ] GC(456)   Evacuate Collection Set: 133.51ms
[2567.686s][info][gc,phases      ] GC(456)   Post Evacuate Collection Set: 0.99ms
[2567.686s][info][gc,phases      ] GC(456)   Other: 0.09ms
[2567.686s][info][gc,heap        ] GC(456) Eden regions: 1110->0(1118)
[2567.686s][info][gc,heap        ] GC(456) Survivor regions: 109->110(153)
[2567.686s][info][gc,heap        ] GC(456) Old regions: 537->472
[2567.686s][info][gc,heap        ] GC(456) Humongous regions: 80->80
[2567.686s][info][gc,metaspace   ] GC(456) Metaspace: 28967K(29312K)->28967K(29312K) NonClass: 24083K(24256K)->24083K(24256K) Class: 4883K(5056K)->4883K(5056K)
[2567.686s][info][gc             ] GC(456) Pause Young (Mixed) (G1 Evacuation Pause) 3670M->1322M(4096M) 135.927ms
[2567.686s][info][gc,cpu         ] GC(456) User=0.81s Sys=0.00s Real=0.14s
....[2572.086s][info][gc,start       ] GC(457) Pause Young (Concurrent Start) (G1 Evacuation Pause)
[2572.087s][info][gc,task        ] GC(457) Using 6 workers of 6 for evacuation
[2572.204s][info][gc,phases      ] GC(457)   Pre Evacuate Collection Set: 0.44ms
[2572.204s][info][gc,phases      ] GC(457)   Merge Heap Roots: 0.51ms
[2572.204s][info][gc,phases      ] GC(457)   Evacuate Collection Set: 115.36ms
[2572.204s][info][gc,phases      ] GC(457)   Post Evacuate Collection Set: 0.91ms
[2572.204s][info][gc,phases      ] GC(457)   Other: 0.13ms
[2572.204s][info][gc,heap        ] GC(457) Eden regions: 1118->0(1119)
[2572.204s][info][gc,heap        ] GC(457) Survivor regions: 110->109(154)
[2572.204s][info][gc,heap        ] GC(457) Old regions: 472->503
[2572.204s][info][gc,heap        ] GC(457) Humongous regions: 80->80
[2572.204s][info][gc,metaspace   ] GC(457) Metaspace: 28967K(29312K)->28967K(29312K) NonClass: 24083K(24256K)->24083K(24256K) Class: 4883K(5056K)->4883K(5056K)
[2572.204s][info][gc             ] GC(457) Pause Young (Concurrent Start) (G1 Evacuation Pause) 3558M->1383M(4096M) 117.523ms
[2572.204s][info][gc             ] GC(458) Concurrent Mark Cycle
[2572.204s][info][gc,marking     ] GC(458) Concurrent Scan Root Regions
[2572.204s][info][gc,cpu         ] GC(457) User=0.70s Sys=0.00s Real=0.12s
[2572.360s][info][gc,marking     ] GC(458) Concurrent Scan Root Regions 156.184ms
[2572.360s][info][gc,marking     ] GC(458) Concurrent Mark
[2572.360s][info][gc,marking     ] GC(458) Concurrent Mark From Roots
[2572.360s][info][gc,task        ] GC(458) Using 2 workers of 2 for marking
.[2573.068s][info][gc,marking     ] GC(458) Concurrent Mark From Roots 707.454ms
[2573.068s][info][gc,marking     ] GC(458) Concurrent Preclean
[2573.068s][info][gc,marking     ] GC(458) Concurrent Preclean 0.038ms
[2573.068s][info][gc,start       ] GC(458) Pause Remark
[2573.072s][info][gc             ] GC(458) Pause Remark 1868M->1868M(4096M) 4.198ms
[2573.072s][info][gc,cpu         ] GC(458) User=0.02s Sys=0.01s Real=0.00s
[2573.072s][info][gc,marking     ] GC(458) Concurrent Mark 711.970ms
[2573.072s][info][gc,marking     ] GC(458) Concurrent Rebuild Remembered Sets and Scrub Regions
[2573.349s][info][gc,marking     ] GC(458) Concurrent Rebuild Remembered Sets and Scrub Regions 276.450ms
[2573.349s][info][gc,start       ] GC(458) Pause Cleanup
[2573.349s][info][gc             ] GC(458) Pause Cleanup 2015M->2015M(4096M) 0.127ms
[2573.349s][info][gc,cpu         ] GC(458) User=0.00s Sys=0.00s Real=0.00s
[2573.349s][info][gc,marking     ] GC(458) Concurrent Clear Claimed Marks
[2573.349s][info][gc,marking     ] GC(458) Concurrent Clear Claimed Marks 0.027ms
[2573.349s][info][gc,marking     ] GC(458) Concurrent Cleanup for Next Mark
[2573.352s][info][gc,marking     ] GC(458) Concurrent Cleanup for Next Mark 3.253ms
[2573.352s][info][gc             ] GC(458) Concurrent Mark Cycle 1148.350ms
... (rIR:aIR:PR = 4151:4152:4152) (tPR = 61759) [OK] 
  2575s: Performance info:
         Transaction,    Success,    Partial,     Failed,   Receipts, AvgBarcode, 
             Overall,     249659,          0,          0,     237184,      59.48, 
         Response times:
             Request,    Success,    Partial,     Failed,   SkipFail,     Probes,    Samples,      min,      p50,      p90,      p95,      p99,      max, 
       TotalPurchase,     237184,          0,          0,          0,     232667,     249343,      300,     3400,     6200,     9700,    43000,   212000,
     InStorePurchase,     124859,          0,          0,          0,     122625,     131378,      300,     3400,     6200,     9700,    43000,   202000,
      OnlinePurchase,      87351,          0,          0,          0,      85883,      91823,      300,     3500,     6200,     9700,    42000,   212000,
        InstPurchase,      24974,          0,          0,          0,      24159,      26142,      400,     3300,     6300,     9600,    43570,   184000,
          AssocOfCat,        250,          0,          0,          0,        201,        270,    19300,    30000,    49900,    63450,   157540,   178000,
      AssocOfProduct,       2498,          0,          0,          0,       2340,       2657,      700,     3800,     6500,     9300,    43420,   138000,
      BusinessReport,        620,          0,          0,          0,        512,        633,    24000,    35000,    52600,    74300,   172980,   196000,
          CustBuyBeh,       2497,          0,          0,          0,       2271,       2598,      200,     3100,     6100,     9005,    39020,   138000,
       ProductReturn,       6610,          0,          0,          0,       6315,       7050,      200,     3600,     6500,     9700,    41000,   142000,

  2575s: (31%)   IR =   4289 .[2576.650s][info][gc,start       ] GC(459) Pause Young (Prepare Mixed) (G1 Evacuation Pause)
[2576.650s][info][gc,task        ] GC(459) Using 6 workers of 6 for evacuation
[2576.769s][info][gc,phases      ] GC(459)   Pre Evacuate Collection Set: 0.37ms
[2576.769s][info][gc,phases      ] GC(459)   Merge Heap Roots: 0.60ms
[2576.769s][info][gc,phases      ] GC(459)   Evacuate Collection Set: 116.72ms
[2576.769s][info][gc,phases      ] GC(459)   Post Evacuate Collection Set: 0.97ms
[2576.769s][info][gc,phases      ] GC(459)   Other: 0.09ms
[2576.769s][info][gc,heap        ] GC(459) Eden regions: 1119->0(1115)
[2576.769s][info][gc,heap        ] GC(459) Survivor regions: 109->107(154)
[2576.769s][info][gc,heap        ] GC(459) Old regions: 503->536
[2576.769s][info][gc,heap        ] GC(459) Humongous regions: 80->80
[2576.769s][info][gc,metaspace   ] GC(459) Metaspace: 28967K(29312K)->28967K(29312K) NonClass: 24083K(24256K)->24083K(24256K) Class: 4883K(5056K)->4883K(5056K)
[2576.769s][info][gc             ] GC(459) Pause Young (Prepare Mixed) (G1 Evacuation Pause) 3621M->1444M(4096M) 118.909ms
[2576.769s][info][gc,cpu         ] GC(459) User=0.71s Sys=0.01s Real=0.12s
...|.[2581.123s][info][gc,start       ] GC(460) Pause Young (Mixed) (G1 Evacuation Pause)
[2581.123s][info][gc,task        ] GC(460) Using 6 workers of 6 for evacuation
[2581.258s][info][gc,phases      ] GC(460)   Pre Evacuate Collection Set: 0.41ms
[2581.258s][info][gc,phases      ] GC(460)   Merge Heap Roots: 0.79ms
[2581.258s][info][gc,phases      ] GC(460)   Evacuate Collection Set: 132.70ms
[2581.258s][info][gc,phases      ] GC(460)   Post Evacuate Collection Set: 0.97ms
[2581.258s][info][gc,phases      ] GC(460)   Other: 0.09ms
[2581.258s][info][gc,heap        ] GC(460) Eden regions: 1115->0(1117)
[2581.258s][info][gc,heap        ] GC(460) Survivor regions: 107->111(153)
[2581.258s][info][gc,heap        ] GC(460) Old regions: 536->472
[2581.258s][info][gc,heap        ] GC(460) Humongous regions: 80->80
[2581.258s][info][gc,metaspace   ] GC(460) Metaspace: 28967K(29312K)->28967K(29312K) NonClass: 24083K(24256K)->24083K(24256K) Class: 4883K(5056K)->4883K(5056K)
[2581.258s][info][gc             ] GC(460) Pause Young (Mixed) (G1 Evacuation Pause) 3674M->1325M(4096M) 135.098ms
[2581.258s][info][gc,cpu         ] GC(460) User=0.80s Sys=0.00s Real=0.13s
.....[2585.549s][info][gc,start       ] GC(461) Pause Young (Concurrent Start) (G1 Evacuation Pause)
[2585.549s][info][gc,task        ] GC(461) Using 6 workers of 6 for evacuation
[2585.670s][info][gc,phases      ] GC(461)   Pre Evacuate Collection Set: 0.42ms
[2585.670s][info][gc,phases      ] GC(461)   Merge Heap Roots: 0.50ms
[2585.670s][info][gc,phases      ] GC(461)   Evacuate Collection Set: 118.90ms
[2585.670s][info][gc,phases      ] GC(461)   Post Evacuate Collection Set: 0.90ms
[2585.670s][info][gc,phases      ] GC(461)   Other: 0.15ms
[2585.670s][info][gc,heap        ] GC(461) Eden regions: 1117->0(1115)
[2585.670s][info][gc,heap        ] GC(461) Survivor regions: 111->113(154)
[2585.670s][info][gc,heap        ] GC(461) Old regions: 472->504
[2585.670s][info][gc,heap        ] GC(461) Humongous regions: 80->80
[2585.670s][info][gc,metaspace   ] GC(461) Metaspace: 28971K(29312K)->28971K(29312K) NonClass: 24087K(24256K)->24087K(24256K) Class: 4883K(5056K)->4883K(5056K)
[2585.670s][info][gc             ] GC(461) Pause Young (Concurrent Start) (G1 Evacuation Pause) 3559M->1392M(4096M) 121.021ms
[2585.670s][info][gc             ] GC(462) Concurrent Mark Cycle
[2585.670s][info][gc,marking     ] GC(462) Concurrent Scan Root Regions
[2585.670s][info][gc,cpu         ] GC(461) User=0.72s Sys=0.00s Real=0.12s
[2585.853s][info][gc,marking     ] GC(462) Concurrent Scan Root Regions 182.755ms
[2585.853s][info][gc,marking     ] GC(462) Concurrent Mark
[2585.853s][info][gc,marking     ] GC(462) Concurrent Mark From Roots
[2585.853s][info][gc,task        ] GC(462) Using 2 workers of 2 for marking
.[2586.788s][info][gc,marking     ] GC(462) Concurrent Mark From Roots 934.687ms
[2586.788s][info][gc,marking     ] GC(462) Concurrent Preclean
[2586.788s][info][gc,marking     ] GC(462) Concurrent Preclean 0.084ms
[2586.788s][info][gc,start       ] GC(462) Pause Remark
[2586.793s][info][gc             ] GC(462) Pause Remark 2028M->2028M(4096M) 4.882ms
[2586.793s][info][gc,cpu         ] GC(462) User=0.03s Sys=0.00s Real=0.01s
[2586.794s][info][gc,marking     ] GC(462) Concurrent Mark 941.485ms
[2586.794s][info][gc,marking     ] GC(462) Concurrent Rebuild Remembered Sets and Scrub Regions
[2587.156s][info][gc,marking     ] GC(462) Concurrent Rebuild Remembered Sets and Scrub Regions 361.804ms
[2587.156s][info][gc,start       ] GC(462) Pause Cleanup
[2587.157s][info][gc             ] GC(462) Pause Cleanup 2246M->2246M(4096M) 0.130ms
[2587.157s][info][gc,cpu         ] GC(462) User=0.00s Sys=0.00s Real=0.00s
[2587.157s][info][gc,marking     ] GC(462) Concurrent Clear Claimed Marks
[2587.157s][info][gc,marking     ] GC(462) Concurrent Clear Claimed Marks 0.034ms
[2587.157s][info][gc,marking     ] GC(462) Concurrent Cleanup for Next Mark
[2587.161s][info][gc,marking     ] GC(462) Concurrent Cleanup for Next Mark 3.893ms
[2587.161s][info][gc             ] GC(462) Concurrent Mark Cycle 1490.563ms
...[2589.923s][info][gc,start       ] GC(463) Pause Young (Prepare Mixed) (G1 Evacuation Pause)
[2589.923s][info][gc,task        ] GC(463) Using 6 workers of 6 for evacuation
[2590.039s][info][gc,phases      ] GC(463)   Pre Evacuate Collection Set: 0.39ms
[2590.039s][info][gc,phases      ] GC(463)   Merge Heap Roots: 0.56ms
[2590.039s][info][gc,phases      ] GC(463)   Evacuate Collection Set: 114.47ms
[2590.039s][info][gc,phases      ] GC(463)   Post Evacuate Collection Set: 0.95ms
[2590.039s][info][gc,phases      ] GC(463)   Other: 0.08ms
[2590.039s][info][gc,heap        ] GC(463) Eden regions: 1115->0(1113)
[2590.039s][info][gc,heap        ] GC(463) Survivor regions: 113->108(154)
[2590.039s][info][gc,heap        ] GC(463) Old regions: 504->536
[2590.039s][info][gc,heap        ] GC(463) Humongous regions: 80->80
[2590.039s][info][gc,metaspace   ] GC(463) Metaspace: 28971K(29312K)->28971K(29312K) NonClass: 24087K(24256K)->24087K(24256K) Class: 4883K(5056K)->4883K(5056K)
[2590.039s][info][gc             ] GC(463) Pause Young (Prepare Mixed) (G1 Evacuation Pause) 3622M->1446M(4096M) 116.590ms
[2590.039s][info][gc,cpu         ] GC(463) User=0.69s Sys=0.00s Real=0.12s
....[2594.362s][info][gc,start       ] GC(464) Pause Young (Mixed) (G1 Evacuation Pause)
[2594.362s][info][gc,task        ] GC(464) Using 6 workers of 6 for evacuation
[2594.495s][info][gc,phases      ] GC(464)   Pre Evacuate Collection Set: 0.40ms
[2594.495s][info][gc,phases      ] GC(464)   Merge Heap Roots: 0.70ms
[2594.495s][info][gc,phases      ] GC(464)   Evacuate Collection Set: 131.45ms
[2594.495s][info][gc,phases      ] GC(464)   Post Evacuate Collection Set: 0.98ms
[2594.496s][info][gc,phases      ] GC(464)   Other: 0.09ms
[2594.496s][info][gc,heap        ] GC(464) Eden regions: 1113->0(1118)
[2594.496s][info][gc,heap        ] GC(464) Survivor regions: 108->110(153)
[2594.496s][info][gc,heap        ] GC(464) Old regions: 536->471
[2594.496s][info][gc,heap        ] GC(464) Humongous regions: 80->80
[2594.496s][info][gc,metaspace   ] GC(464) Metaspace: 28971K(29312K)->28971K(29312K) NonClass: 24087K(24256K)->24087K(24256K) Class: 4883K(5056K)->4883K(5056K)
[2594.496s][info][gc             ] GC(464) Pause Young (Mixed) (G1 Evacuation Pause) 3672M->1319M(4096M) 133.772ms
[2594.496s][info][gc,cpu         ] GC(464) User=0.79s Sys=0.00s Real=0.14s
.....[2598.758s][info][gc,start       ] GC(465) Pause Young (Concurrent Start) (G1 Evacuation Pause)
[2598.758s][info][gc,task        ] GC(465) Using 6 workers of 6 for evacuation
[2598.875s][info][gc,phases      ] GC(465)   Pre Evacuate Collection Set: 0.39ms
[2598.875s][info][gc,phases      ] GC(465)   Merge Heap Roots: 0.52ms
[2598.875s][info][gc,phases      ] GC(465)   Evacuate Collection Set: 114.78ms
[2598.875s][info][gc,phases      ] GC(465)   Post Evacuate Collection Set: 0.91ms
[2598.875s][info][gc,phases      ] GC(465)   Other: 0.13ms
[2598.875s][info][gc,heap        ] GC(465) Eden regions: 1118->0(1120)
[2598.875s][info][gc,heap        ] GC(465) Survivor regions: 110->108(154)
[2598.875s][info][gc,heap        ] GC(465) Old regions: 471->503
[2598.875s][info][gc,heap        ] GC(465) Humongous regions: 80->80
[2598.875s][info][gc,metaspace   ] GC(465) Metaspace: 28971K(29312K)->28971K(29312K) NonClass: 24087K(24256K)->24087K(24256K) Class: 4883K(5056K)->4883K(5056K)
[2598.875s][info][gc             ] GC(465) Pause Young (Concurrent Start) (G1 Evacuation Pause) 3555M->1380M(4096M) 116.868ms
[2598.875s][info][gc             ] GC(466) Concurrent Mark Cycle
[2598.875s][info][gc,marking     ] GC(466) Concurrent Scan Root Regions
[2598.875s][info][gc,cpu         ] GC(465) User=0.69s Sys=0.00s Real=0.12s
[2599.002s][info][gc,marking     ] GC(466) Concurrent Scan Root Regions 126.857ms
[2599.002s][info][gc,marking     ] GC(466) Concurrent Mark
[2599.002s][info][gc,marking     ] GC(466) Concurrent Mark From Roots
[2599.002s][info][gc,task        ] GC(466) Using 2 workers of 2 for marking
.[2599.608s][info][gc,marking     ] GC(466) Concurrent Mark From Roots 606.358ms
[2599.608s][info][gc,marking     ] GC(466) Concurrent Preclean
[2599.608s][info][gc,marking     ] GC(466) Concurrent Preclean 0.054ms
[2599.608s][info][gc,start       ] GC(466) Pause Remark
[2599.612s][info][gc             ] GC(466) Pause Remark 1796M->1796M(4096M) 4.002ms
[2599.613s][info][gc,cpu         ] GC(466) User=0.02s Sys=0.00s Real=0.00s
[2599.613s][info][gc,marking     ] GC(466) Concurrent Mark 610.695ms
[2599.613s][info][gc,marking     ] GC(466) Concurrent Rebuild Remembered Sets and Scrub Regions
[2599.842s][info][gc,marking     ] GC(466) Concurrent Rebuild Remembered Sets and Scrub Regions 229.258ms
[2599.842s][info][gc,start       ] GC(466) Pause Cleanup
[2599.843s][info][gc             ] GC(466) Pause Cleanup 1914M->1914M(4096M) 0.134ms
[2599.843s][info][gc,cpu         ] GC(466) User=0.00s Sys=0.00s Real=0.00s
[2599.843s][info][gc,marking     ] GC(466) Concurrent Clear Claimed Marks
[2599.843s][info][gc,marking     ] GC(466) Concurrent Clear Claimed Marks 0.032ms
[2599.843s][info][gc,marking     ] GC(466) Concurrent Cleanup for Next Mark
[2599.846s][info][gc,marking     ] GC(466) Concurrent Cleanup for Next Mark 3.408ms
[2599.846s][info][gc             ] GC(466) Concurrent Mark Cycle 971.360ms
...[2603.216s][info][gc,start       ] GC(467) Pause Young (Prepare Mixed) (G1 Evacuation Pause)
[2603.216s][info][gc,task        ] GC(467) Using 6 workers of 6 for evacuation
[2603.333s][info][gc,phases      ] GC(467)   Pre Evacuate Collection Set: 0.36ms
[2603.333s][info][gc,phases      ] GC(467)   Merge Heap Roots: 0.54ms
[2603.333s][info][gc,phases      ] GC(467)   Evacuate Collection Set: 115.15ms
[2603.333s][info][gc,phases      ] GC(467)   Post Evacuate Collection Set: 0.95ms
[2603.333s][info][gc,phases      ] GC(467)   Other: 0.09ms
[2603.333s][info][gc,heap        ] GC(467) Eden regions: 1120->0(1112)
[2603.333s][info][gc,heap        ] GC(467) Survivor regions: 108->109(154)
[2603.333s][info][gc,heap        ] GC(467) Old regions: 503->535
[2603.333s][info][gc,heap        ] GC(467) Humongous regions: 80->80
[2603.333s][info][gc,metaspace   ] GC(467) Metaspace: 28971K(29312K)->28971K(29312K) NonClass: 24087K(24256K)->24087K(24256K) Class: 4883K(5056K)->4883K(5056K)
[2603.333s][info][gc             ] GC(467) Pause Young (Prepare Mixed) (G1 Evacuation Pause) 3620M->1447M(4096M) 117.232ms
[2603.333s][info][gc,cpu         ] GC(467) User=0.69s Sys=0.00s Real=0.12s
.....[2607.655s][info][gc,start       ] GC(468) Pause Young (Mixed) (G1 Evacuation Pause)
[2607.655s][info][gc,task        ] GC(468) Using 6 workers of 6 for evacuation
[2607.789s][info][gc,phases      ] GC(468)   Pre Evacuate Collection Set: 0.40ms
[2607.789s][info][gc,phases      ] GC(468)   Merge Heap Roots: 0.79ms
[2607.789s][info][gc,phases      ] GC(468)   Evacuate Collection Set: 131.83ms
[2607.789s][info][gc,phases      ] GC(468)   Post Evacuate Collection Set: 0.98ms
[2607.789s][info][gc,phases      ] GC(468)   Other: 0.10ms
[2607.789s][info][gc,heap        ] GC(468) Eden regions: 1112->0(1119)
[2607.789s][info][gc,heap        ] GC(468) Survivor regions: 109->109(153)
[2607.789s][info][gc,heap        ] GC(468) Old regions: 535->473
[2607.789s][info][gc,heap        ] GC(468) Humongous regions: 80->80
[2607.789s][info][gc,metaspace   ] GC(468) Metaspace: 28975K(29312K)->28975K(29312K) NonClass: 24091K(24256K)->24091K(24256K) Class: 4883K(5056K)->4883K(5056K)
[2607.789s][info][gc             ] GC(468) Pause Young (Mixed) (G1 Evacuation Pause) 3671M->1321M(4096M) 134.230ms
[2607.789s][info][gc,cpu         ] GC(468) User=0.80s Sys=0.00s Real=0.13s
....[2612.100s][info][gc,start       ] GC(469) Pause Young (Concurrent Start) (G1 Evacuation Pause)
[2612.100s][info][gc,task        ] GC(469) Using 6 workers of 6 for evacuation
[2612.218s][info][gc,phases      ] GC(469)   Pre Evacuate Collection Set: 0.46ms
[2612.218s][info][gc,phases      ] GC(469)   Merge Heap Roots: 0.51ms
[2612.218s][info][gc,phases      ] GC(469)   Evacuate Collection Set: 115.75ms
[2612.218s][info][gc,phases      ] GC(469)   Post Evacuate Collection Set: 0.92ms
[2612.218s][info][gc,phases      ] GC(469)   Other: 0.10ms
[2612.218s][info][gc,heap        ] GC(469) Eden regions: 1119->0(1119)
[2612.218s][info][gc,heap        ] GC(469) Survivor regions: 109->109(154)
[2612.218s][info][gc,heap        ] GC(469) Old regions: 473->505
[2612.218s][info][gc,heap        ] GC(469) Humongous regions: 80->80
[2612.218s][info][gc,metaspace   ] GC(469) Metaspace: 28975K(29312K)->28975K(29312K) NonClass: 24091K(24256K)->24091K(24256K) Class: 4883K(5056K)->4883K(5056K)
[2612.218s][info][gc             ] GC(469) Pause Young (Concurrent Start) (G1 Evacuation Pause) 3559M->1386M(4096M) 117.882ms
[2612.218s][info][gc             ] GC(470) Concurrent Mark Cycle
[2612.218s][info][gc,marking     ] GC(470) Concurrent Scan Root Regions
[2612.218s][info][gc,cpu         ] GC(469) User=0.69s Sys=0.00s Real=0.12s
[2612.390s][info][gc,marking     ] GC(470) Concurrent Scan Root Regions 172.583ms
[2612.390s][info][gc,marking     ] GC(470) Concurrent Mark
[2612.390s][info][gc,marking     ] GC(470) Concurrent Mark From Roots
[2612.390s][info][gc,task        ] GC(470) Using 2 workers of 2 for marking
.[2613.136s][info][gc,marking     ] GC(470) Concurrent Mark From Roots 745.966ms
[2613.136s][info][gc,marking     ] GC(470) Concurrent Preclean
[2613.136s][info][gc,marking     ] GC(470) Concurrent Preclean 0.049ms
[2613.137s][info][gc,start       ] GC(470) Pause Remark
[2613.141s][info][gc             ] GC(470) Pause Remark 1932M->1932M(4096M) 4.063ms
[2613.141s][info][gc,cpu         ] GC(470) User=0.02s Sys=0.00s Real=0.00s
[2613.141s][info][gc,marking     ] GC(470) Concurrent Mark 750.322ms
[2613.141s][info][gc,marking     ] GC(470) Concurrent Rebuild Remembered Sets and Scrub Regions
[2613.421s][info][gc,marking     ] GC(470) Concurrent Rebuild Remembered Sets and Scrub Regions 279.841ms
[2613.421s][info][gc,start       ] GC(470) Pause Cleanup
[2613.421s][info][gc             ] GC(470) Pause Cleanup 2075M->2075M(4096M) 0.112ms
[2613.421s][info][gc,cpu         ] GC(470) User=0.00s Sys=0.00s Real=0.00s
[2613.421s][info][gc,marking     ] GC(470) Concurrent Clear Claimed Marks
[2613.421s][info][gc,marking     ] GC(470) Concurrent Clear Claimed Marks 0.029ms
[2613.421s][info][gc,marking     ] GC(470) Concurrent Cleanup for Next Mark
[2613.424s][info][gc,marking     ] GC(470) Concurrent Cleanup for Next Mark 3.217ms
[2613.424s][info][gc             ] GC(470) Concurrent Mark Cycle 1206.452ms
...[2616.422s][info][gc,start       ] GC(471) Pause Young (Prepare Mixed) (G1 Evacuation Pause)
[2616.422s][info][gc,task        ] GC(471) Using 6 workers of 6 for evacuation
[2616.541s][info][gc,phases      ] GC(471)   Pre Evacuate Collection Set: 0.35ms
[2616.541s][info][gc,phases      ] GC(471)   Merge Heap Roots: 0.53ms
[2616.541s][info][gc,phases      ] GC(471)   Evacuate Collection Set: 117.11ms
[2616.541s][info][gc,phases      ] GC(471)   Post Evacuate Collection Set: 0.95ms
[2616.541s][info][gc,phases      ] GC(471)   Other: 0.09ms
[2616.541s][info][gc,heap        ] GC(471) Eden regions: 1119->0(1106)
[2616.541s][info][gc,heap        ] GC(471) Survivor regions: 109->111(154)
[2616.541s][info][gc,heap        ] GC(471) Old regions: 505->537
[2616.541s][info][gc,heap        ] GC(471) Humongous regions: 80->80
[2616.541s][info][gc,metaspace   ] GC(471) Metaspace: 28975K(29312K)->28975K(29312K) NonClass: 24091K(24256K)->24091K(24256K) Class: 4883K(5056K)->4883K(5056K)
[2616.541s][info][gc             ] GC(471) Pause Young (Prepare Mixed) (G1 Evacuation Pause) 3624M->1454M(4096M) 119.158ms
[2616.541s][info][gc,cpu         ] GC(471) User=0.71s Sys=0.00s Real=0.12s
.....[2620.925s][info][gc,start       ] GC(472) Pause Young (Mixed) (G1 Evacuation Pause)
[2620.925s][info][gc,task        ] GC(472) Using 6 workers of 6 for evacuation
[2621.055s][info][gc,phases      ] GC(472)   Pre Evacuate Collection Set: 0.43ms
[2621.055s][info][gc,phases      ] GC(472)   Merge Heap Roots: 0.60ms
[2621.055s][info][gc,phases      ] GC(472)   Evacuate Collection Set: 128.44ms
[2621.055s][info][gc,phases      ] GC(472)   Post Evacuate Collection Set: 1.01ms
[2621.055s][info][gc,phases      ] GC(472)   Other: 0.09ms
[2621.055s][info][gc,heap        ] GC(472) Eden regions: 1106->0(1120)
[2621.056s][info][gc,heap        ] GC(472) Survivor regions: 111->108(153)
[2621.056s][info][gc,heap        ] GC(472) Old regions: 537->471
[2621.056s][info][gc,heap        ] GC(472) Humongous regions: 80->80
[2621.056s][info][gc,metaspace   ] GC(472) Metaspace: 28975K(29312K)->28975K(29312K) NonClass: 24091K(24256K)->24091K(24256K) Class: 4883K(5056K)->4883K(5056K)
[2621.056s][info][gc             ] GC(472) Pause Young (Mixed) (G1 Evacuation Pause) 3666M->1317M(4096M) 130.713ms
[2621.056s][info][gc,cpu         ] GC(472) User=0.77s Sys=0.00s Real=0.13s
....[2625.286s][info][gc,start       ] GC(473) Pause Young (Concurrent Start) (G1 Evacuation Pause)
[2625.286s][info][gc,task        ] GC(473) Using 6 workers of 6 for evacuation
[2625.406s][info][gc,phases      ] GC(473)   Pre Evacuate Collection Set: 0.43ms
[2625.406s][info][gc,phases      ] GC(473)   Merge Heap Roots: 0.56ms
[2625.406s][info][gc,phases      ] GC(473)   Evacuate Collection Set: 117.60ms
[2625.406s][info][gc,phases      ] GC(473)   Post Evacuate Collection Set: 0.95ms
[2625.406s][info][gc,phases      ] GC(473)   Other: 0.13ms
[2625.406s][info][gc,heap        ] GC(473) Eden regions: 1120->0(1116)
[2625.406s][info][gc,heap        ] GC(473) Survivor regions: 108->112(154)
[2625.406s][info][gc,heap        ] GC(473) Old regions: 471->503
[2625.406s][info][gc,heap        ] GC(473) Humongous regions: 80->80
[2625.406s][info][gc,metaspace   ] GC(473) Metaspace: 28975K(29312K)->28975K(29312K) NonClass: 24091K(24256K)->24091K(24256K) Class: 4883K(5056K)->4883K(5056K)
[2625.406s][info][gc             ] GC(473) Pause Young (Concurrent Start) (G1 Evacuation Pause) 3557M->1387M(4096M) 119.829ms
[2625.406s][info][gc             ] GC(474) Concurrent Mark Cycle
[2625.406s][info][gc,marking     ] GC(474) Concurrent Scan Root Regions
[2625.406s][info][gc,cpu         ] GC(473) User=0.71s Sys=0.00s Real=0.12s
.[2625.565s][info][gc,marking     ] GC(474) Concurrent Scan Root Regions 159.078ms
[2625.565s][info][gc,marking     ] GC(474) Concurrent Mark
[2625.565s][info][gc,marking     ] GC(474) Concurrent Mark From Roots
[2625.565s][info][gc,task        ] GC(474) Using 2 workers of 2 for marking
[2626.291s][info][gc,marking     ] GC(474) Concurrent Mark From Roots 725.497ms
[2626.291s][info][gc,marking     ] GC(474) Concurrent Preclean
[2626.291s][info][gc,marking     ] GC(474) Concurrent Preclean 0.074ms
[2626.291s][info][gc,start       ] GC(474) Pause Remark
[2626.296s][info][gc             ] GC(474) Pause Remark 1904M->1904M(4096M) 5.071ms
[2626.296s][info][gc,cpu         ] GC(474) User=0.03s Sys=0.00s Real=0.01s
[2626.297s][info][gc,marking     ] GC(474) Concurrent Mark 731.317ms
[2626.297s][info][gc,marking     ] GC(474) Concurrent Rebuild Remembered Sets and Scrub Regions
.[2626.663s][info][gc,marking     ] GC(474) Concurrent Rebuild Remembered Sets and Scrub Regions 366.496ms
[2626.663s][info][gc,start       ] GC(474) Pause Cleanup
[2626.663s][info][gc             ] GC(474) Pause Cleanup 2100M->2100M(4096M) 0.129ms
[2626.663s][info][gc,cpu         ] GC(474) User=0.00s Sys=0.00s Real=0.00s
[2626.664s][info][gc,marking     ] GC(474) Concurrent Clear Claimed Marks
[2626.664s][info][gc,marking     ] GC(474) Concurrent Clear Claimed Marks 0.041ms
[2626.664s][info][gc,marking     ] GC(474) Concurrent Cleanup for Next Mark
[2626.667s][info][gc,marking     ] GC(474) Concurrent Cleanup for Next Mark 3.552ms
[2626.667s][info][gc             ] GC(474) Concurrent Mark Cycle 1261.313ms
...[2629.733s][info][gc,start       ] GC(475) Pause Young (Prepare Mixed) (G1 Evacuation Pause)
[2629.733s][info][gc,task        ] GC(475) Using 6 workers of 6 for evacuation
[2629.849s][info][gc,phases      ] GC(475)   Pre Evacuate Collection Set: 0.39ms
[2629.849s][info][gc,phases      ] GC(475)   Merge Heap Roots: 0.57ms
[2629.849s][info][gc,phases      ] GC(475)   Evacuate Collection Set: 114.23ms
[2629.849s][info][gc,phases      ] GC(475)   Post Evacuate Collection Set: 0.97ms
[2629.849s][info][gc,phases      ] GC(475)   Other: 0.09ms
[2629.849s][info][gc,heap        ] GC(475) Eden regions: 1116->0(1116)
[2629.849s][info][gc,heap        ] GC(475) Survivor regions: 112->107(154)
[2629.849s][info][gc,heap        ] GC(475) Old regions: 503->535
[2629.849s][info][gc,heap        ] GC(475) Humongous regions: 80->80
[2629.849s][info][gc,metaspace   ] GC(475) Metaspace: 28975K(29312K)->28975K(29312K) NonClass: 24091K(24256K)->24091K(24256K) Class: 4883K(5056K)->4883K(5056K)
[2629.850s][info][gc             ] GC(475) Pause Young (Prepare Mixed) (G1 Evacuation Pause) 3619M->1443M(4096M) 116.364ms
[2629.850s][info][gc,cpu         ] GC(475) User=0.69s Sys=0.00s Real=0.11s
....[2634.097s][info][gc,start       ] GC(476) Pause Young (Mixed) (G1 Evacuation Pause)
[2634.097s][info][gc,task        ] GC(476) Using 6 workers of 6 for evacuation
[2634.230s][info][gc,phases      ] GC(476)   Pre Evacuate Collection Set: 0.40ms
[2634.230s][info][gc,phases      ] GC(476)   Merge Heap Roots: 0.68ms
[2634.230s][info][gc,phases      ] GC(476)   Evacuate Collection Set: 130.94ms
[2634.230s][info][gc,phases      ] GC(476)   Post Evacuate Collection Set: 1.03ms
[2634.230s][info][gc,phases      ] GC(476)   Other: 0.09ms
[2634.230s][info][gc,heap        ] GC(476) Eden regions: 1116->0(1119)
[2634.230s][info][gc,heap        ] GC(476) Survivor regions: 107->109(153)
[2634.230s][info][gc,heap        ] GC(476) Old regions: 535->473
[2634.230s][info][gc,heap        ] GC(476) Humongous regions: 80->80
[2634.230s][info][gc,metaspace   ] GC(476) Metaspace: 28975K(29312K)->28975K(29312K) NonClass: 24091K(24256K)->24091K(24256K) Class: 4883K(5056K)->4883K(5056K)
[2634.230s][info][gc             ] GC(476) Pause Young (Mixed) (G1 Evacuation Pause) 3675M->1321M(4096M) 133.286ms
[2634.230s][info][gc,cpu         ] GC(476) User=0.79s Sys=0.00s Real=0.13s
....[2638.563s][info][gc,start       ] GC(477) Pause Young (Concurrent Start) (G1 Evacuation Pause)
[2638.563s][info][gc,task        ] GC(477) Using 6 workers of 6 for evacuation
[2638.681s][info][gc,phases      ] GC(477)   Pre Evacuate Collection Set: 0.44ms
[2638.681s][info][gc,phases      ] GC(477)   Merge Heap Roots: 0.55ms
[2638.681s][info][gc,phases      ] GC(477)   Evacuate Collection Set: 116.21ms
[2638.681s][info][gc,phases      ] GC(477)   Post Evacuate Collection Set: 0.91ms
[2638.681s][info][gc,phases      ] GC(477)   Other: 0.12ms
[2638.681s][info][gc,heap        ] GC(477) Eden regions: 1119->0(1118)
[2638.681s][info][gc,heap        ] GC(477) Survivor regions: 109->110(154)
[2638.681s][info][gc,heap        ] GC(477) Old regions: 473->504
[2638.681s][info][gc,heap        ] GC(477) Humongous regions: 80->80
[2638.681s][info][gc,metaspace   ] GC(477) Metaspace: 28975K(29312K)->28975K(29312K) NonClass: 24091K(24256K)->24091K(24256K) Class: 4883K(5056K)->4883K(5056K)
[2638.681s][info][gc             ] GC(477) Pause Young (Concurrent Start) (G1 Evacuation Pause) 3559M->1386M(4096M) 118.391ms
[2638.681s][info][gc             ] GC(478) Concurrent Mark Cycle
[2638.681s][info][gc,marking     ] GC(478) Concurrent Scan Root Regions
[2638.681s][info][gc,cpu         ] GC(477) User=0.69s Sys=0.00s Real=0.12s
.[2638.817s][info][gc,marking     ] GC(478) Concurrent Scan Root Regions 135.790ms
[2638.817s][info][gc,marking     ] GC(478) Concurrent Mark
[2638.817s][info][gc,marking     ] GC(478) Concurrent Mark From Roots
[2638.817s][info][gc,task        ] GC(478) Using 2 workers of 2 for marking
[2639.441s][info][gc,marking     ] GC(478) Concurrent Mark From Roots 624.147ms
[2639.441s][info][gc,marking     ] GC(478) Concurrent Preclean
[2639.441s][info][gc,marking     ] GC(478) Concurrent Preclean 0.072ms
[2639.442s][info][gc,start       ] GC(478) Pause Remark
[2639.446s][info][gc             ] GC(478) Pause Remark 1822M->1822M(4096M) 3.956ms
[2639.446s][info][gc,cpu         ] GC(478) User=0.03s Sys=0.00s Real=0.01s
[2639.446s][info][gc,marking     ] GC(478) Concurrent Mark 628.972ms
[2639.446s][info][gc,marking     ] GC(478) Concurrent Rebuild Remembered Sets and Scrub Regions
[2639.670s][info][gc,marking     ] GC(478) Concurrent Rebuild Remembered Sets and Scrub Regions 224.124ms
[2639.670s][info][gc,start       ] GC(478) Pause Cleanup
[2639.671s][info][gc             ] GC(478) Pause Cleanup 1918M->1918M(4096M) 0.777ms
[2639.671s][info][gc,cpu         ] GC(478) User=0.00s Sys=0.00s Real=0.00s
[2639.671s][info][gc,marking     ] GC(478) Concurrent Clear Claimed Marks
[2639.671s][info][gc,marking     ] GC(478) Concurrent Clear Claimed Marks 0.032ms
[2639.671s][info][gc,marking     ] GC(478) Concurrent Cleanup for Next Mark
[2639.674s][info][gc,marking     ] GC(478) Concurrent Cleanup for Next Mark 3.298ms
[2639.674s][info][gc             ] GC(478) Concurrent Mark Cycle 993.303ms
. (rIR:aIR:PR = 4289:4289:4289) (tPR = 63279) [OK] 
  2639s: Performance info:
         Transaction,    Success,    Partial,     Failed,   Receipts, AvgBarcode, 
             Overall,     258445,          0,          0,     245544,      59.48, 
         Response times:
             Request,    Success,    Partial,     Failed,   SkipFail,     Probes,    Samples,      min,      p50,      p90,      p95,      p99,      max, 
       TotalPurchase,     245543,          0,          0,          0,     240545,     257797,      300,     3600,     6500,     9600,    52000,   152000,
     InStorePurchase,     129183,          0,          0,          0,     126921,     135609,      300,     3600,     6500,     9650,    53000,   142000,
      OnlinePurchase,      90497,          0,          0,          0,      88654,      95094,      300,     3600,     6400,     9500,    51000,   152000,
        InstPurchase,      25863,          0,          0,          0,      24970,      27094,      400,     3500,     6500,     9600,    51000,   142000,
          AssocOfCat,        258,          0,          0,          0,        196,        261,    18500,    28000,    38600,    49900,    91000,    91000,
      AssocOfProduct,       2580,          0,          0,          0,       2355,       2644,      600,     4000,     6500,     9600,    57550,   147000,
      BusinessReport,        646,          0,          0,          0,        550,        672,    25000,    34000,    50700,    65000,   154590,   183000,
          CustBuyBeh,       2582,          0,          0,          0,       2361,       2724,      200,     3000,     5900,     8850,    34000,   139000,
       ProductReturn,       6835,          0,          0,          0,       6496,       7129,      300,     3500,     6900,    10300,    55000,   140000,

  2639s: (32%)   IR =   4428 ...[2642.976s][info][gc,start       ] GC(479) Pause Young (Prepare Mixed) (G1 Evacuation Pause)
[2642.976s][info][gc,task        ] GC(479) Using 6 workers of 6 for evacuation
[2643.093s][info][gc,phases      ] GC(479)   Pre Evacuate Collection Set: 0.36ms
[2643.094s][info][gc,phases      ] GC(479)   Merge Heap Roots: 0.60ms
[2643.094s][info][gc,phases      ] GC(479)   Evacuate Collection Set: 115.69ms
[2643.094s][info][gc,phases      ] GC(479)   Post Evacuate Collection Set: 0.98ms
[2643.094s][info][gc,phases      ] GC(479)   Other: 0.08ms
[2643.094s][info][gc,heap        ] GC(479) Eden regions: 1118->0(1108)
[2643.094s][info][gc,heap        ] GC(479) Survivor regions: 110->110(154)
[2643.094s][info][gc,heap        ] GC(479) Old regions: 504->537
[2643.094s][info][gc,heap        ] GC(479) Humongous regions: 80->80
[2643.094s][info][gc,metaspace   ] GC(479) Metaspace: 28975K(29312K)->28975K(29312K) NonClass: 24091K(24256K)->24091K(24256K) Class: 4883K(5056K)->4883K(5056K)
[2643.094s][info][gc             ] GC(479) Pause Young (Prepare Mixed) (G1 Evacuation Pause) 3622M->1451M(4096M) 117.853ms
[2643.094s][info][gc,cpu         ] GC(479) User=0.70s Sys=0.00s Real=0.12s
....|[2647.218s][info][gc,start       ] GC(480) Pause Young (Mixed) (G1 Evacuation Pause)
[2647.218s][info][gc,task        ] GC(480) Using 6 workers of 6 for evacuation
[2647.349s][info][gc,phases      ] GC(480)   Pre Evacuate Collection Set: 0.39ms
[2647.349s][info][gc,phases      ] GC(480)   Merge Heap Roots: 0.65ms
[2647.349s][info][gc,phases      ] GC(480)   Evacuate Collection Set: 128.41ms
[2647.349s][info][gc,phases      ] GC(480)   Post Evacuate Collection Set: 0.99ms
[2647.349s][info][gc,phases      ] GC(480)   Other: 0.09ms
[2647.349s][info][gc,heap        ] GC(480) Eden regions: 1108->0(1120)
[2647.349s][info][gc,heap        ] GC(480) Survivor regions: 110->108(153)
[2647.349s][info][gc,heap        ] GC(480) Old regions: 537->473
[2647.349s][info][gc,heap        ] GC(480) Humongous regions: 80->80
[2647.349s][info][gc,metaspace   ] GC(480) Metaspace: 28975K(29312K)->28975K(29312K) NonClass: 24091K(24256K)->24091K(24256K) Class: 4883K(5056K)->4883K(5056K)
[2647.349s][info][gc             ] GC(480) Pause Young (Mixed) (G1 Evacuation Pause) 3667M->1320M(4096M) 130.661ms
[2647.349s][info][gc,cpu         ] GC(480) User=0.77s Sys=0.01s Real=0.13s
....[2651.510s][info][gc,start       ] GC(481) Pause Young (Concurrent Start) (G1 Evacuation Pause)
[2651.510s][info][gc,task        ] GC(481) Using 6 workers of 6 for evacuation
[2651.627s][info][gc,phases      ] GC(481)   Pre Evacuate Collection Set: 0.41ms
[2651.627s][info][gc,phases      ] GC(481)   Merge Heap Roots: 0.51ms
[2651.627s][info][gc,phases      ] GC(481)   Evacuate Collection Set: 115.30ms
[2651.627s][info][gc,phases      ] GC(481)   Post Evacuate Collection Set: 0.90ms
[2651.627s][info][gc,phases      ] GC(481)   Other: 0.11ms
[2651.627s][info][gc,heap        ] GC(481) Eden regions: 1120->0(1118)
[2651.627s][info][gc,heap        ] GC(481) Survivor regions: 108->110(154)
[2651.627s][info][gc,heap        ] GC(481) Old regions: 473->504
[2651.627s][info][gc,heap        ] GC(481) Humongous regions: 80->80
[2651.627s][info][gc,metaspace   ] GC(481) Metaspace: 28975K(29312K)->28975K(29312K) NonClass: 24091K(24256K)->24091K(24256K) Class: 4883K(5056K)->4883K(5056K)
[2651.627s][info][gc             ] GC(481) Pause Young (Concurrent Start) (G1 Evacuation Pause) 3560M->1386M(4096M) 117.382ms
[2651.627s][info][gc             ] GC(482) Concurrent Mark Cycle
[2651.627s][info][gc,marking     ] GC(482) Concurrent Scan Root Regions
[2651.627s][info][gc,cpu         ] GC(481) User=0.69s Sys=0.00s Real=0.12s
.[2651.755s][info][gc,marking     ] GC(482) Concurrent Scan Root Regions 127.763ms
[2651.755s][info][gc,marking     ] GC(482) Concurrent Mark
[2651.755s][info][gc,marking     ] GC(482) Concurrent Mark From Roots
[2651.755s][info][gc,task        ] GC(482) Using 2 workers of 2 for marking
[2652.377s][info][gc,marking     ] GC(482) Concurrent Mark From Roots 621.617ms
[2652.377s][info][gc,marking     ] GC(482) Concurrent Preclean
[2652.377s][info][gc,marking     ] GC(482) Concurrent Preclean 0.053ms
[2652.377s][info][gc,start       ] GC(482) Pause Remark
[2652.381s][info][gc             ] GC(482) Pause Remark 1819M->1819M(4096M) 3.693ms
[2652.381s][info][gc,cpu         ] GC(482) User=0.02s Sys=0.01s Real=0.00s
[2652.381s][info][gc,marking     ] GC(482) Concurrent Mark 625.631ms
[2652.381s][info][gc,marking     ] GC(482) Concurrent Rebuild Remembered Sets and Scrub Regions
[2652.610s][info][gc,marking     ] GC(482) Concurrent Rebuild Remembered Sets and Scrub Regions 228.784ms
[2652.611s][info][gc,start       ] GC(482) Pause Cleanup
[2652.611s][info][gc             ] GC(482) Pause Cleanup 1926M->1926M(4096M) 0.136ms
[2652.611s][info][gc,cpu         ] GC(482) User=0.00s Sys=0.00s Real=0.00s
[2652.611s][info][gc,marking     ] GC(482) Concurrent Clear Claimed Marks
[2652.611s][info][gc,marking     ] GC(482) Concurrent Clear Claimed Marks 0.036ms
[2652.611s][info][gc,marking     ] GC(482) Concurrent Cleanup for Next Mark
[2652.616s][info][gc,marking     ] GC(482) Concurrent Cleanup for Next Mark 5.090ms
[2652.616s][info][gc             ] GC(482) Concurrent Mark Cycle 988.758ms
....[2655.860s][info][gc,start       ] GC(483) Pause Young (Prepare Mixed) (G1 Evacuation Pause)
[2655.861s][info][gc,task        ] GC(483) Using 6 workers of 6 for evacuation
[2655.978s][info][gc,phases      ] GC(483)   Pre Evacuate Collection Set: 0.35ms
[2655.978s][info][gc,phases      ] GC(483)   Merge Heap Roots: 0.56ms
[2655.978s][info][gc,phases      ] GC(483)   Evacuate Collection Set: 115.55ms
[2655.978s][info][gc,phases      ] GC(483)   Post Evacuate Collection Set: 0.96ms
[2655.978s][info][gc,phases      ] GC(483)   Other: 0.09ms
[2655.978s][info][gc,heap        ] GC(483) Eden regions: 1118->0(1111)
[2655.978s][info][gc,heap        ] GC(483) Survivor regions: 110->109(154)
[2655.978s][info][gc,heap        ] GC(483) Old regions: 504->536
[2655.978s][info][gc,heap        ] GC(483) Humongous regions: 80->80
[2655.978s][info][gc,metaspace   ] GC(483) Metaspace: 28975K(29312K)->28975K(29312K) NonClass: 24091K(24256K)->24091K(24256K) Class: 4883K(5056K)->4883K(5056K)
[2655.978s][info][gc             ] GC(483) Pause Young (Prepare Mixed) (G1 Evacuation Pause) 3622M->1449M(4096M) 117.664ms
[2655.978s][info][gc,cpu         ] GC(483) User=0.70s Sys=0.00s Real=0.12s
....[2660.038s][info][gc,start       ] GC(484) Pause Young (Mixed) (G1 Evacuation Pause)
[2660.038s][info][gc,task        ] GC(484) Using 6 workers of 6 for evacuation
[2660.170s][info][gc,phases      ] GC(484)   Pre Evacuate Collection Set: 0.41ms
[2660.170s][info][gc,phases      ] GC(484)   Merge Heap Roots: 0.76ms
[2660.170s][info][gc,phases      ] GC(484)   Evacuate Collection Set: 130.06ms
[2660.170s][info][gc,phases      ] GC(484)   Post Evacuate Collection Set: 0.98ms
[2660.170s][info][gc,phases      ] GC(484)   Other: 0.10ms
[2660.170s][info][gc,heap        ] GC(484) Eden regions: 1111->0(1119)
[2660.170s][info][gc,heap        ] GC(484) Survivor regions: 109->109(153)
[2660.170s][info][gc,heap        ] GC(484) Old regions: 536->473
[2660.170s][info][gc,heap        ] GC(484) Humongous regions: 80->80
[2660.170s][info][gc,metaspace   ] GC(484) Metaspace: 28975K(29312K)->28975K(29312K) NonClass: 24091K(24256K)->24091K(24256K) Class: 4883K(5056K)->4883K(5056K)
[2660.170s][info][gc             ] GC(484) Pause Young (Mixed) (G1 Evacuation Pause) 3671M->1321M(4096M) 132.455ms
[2660.170s][info][gc,cpu         ] GC(484) User=0.78s Sys=0.00s Real=0.13s
....[2664.412s][info][gc,start       ] GC(485) Pause Young (Concurrent Start) (G1 Evacuation Pause)
[2664.413s][info][gc,task        ] GC(485) Using 6 workers of 6 for evacuation
[2664.531s][info][gc,phases      ] GC(485)   Pre Evacuate Collection Set: 0.42ms
[2664.531s][info][gc,phases      ] GC(485)   Merge Heap Roots: 0.49ms
[2664.531s][info][gc,phases      ] GC(485)   Evacuate Collection Set: 116.57ms
[2664.531s][info][gc,phases      ] GC(485)   Post Evacuate Collection Set: 0.93ms
[2664.531s][info][gc,phases      ] GC(485)   Other: 0.12ms
[2664.531s][info][gc,heap        ] GC(485) Eden regions: 1119->0(1118)
[2664.531s][info][gc,heap        ] GC(485) Survivor regions: 109->110(154)
[2664.531s][info][gc,heap        ] GC(485) Old regions: 473->505
[2664.531s][info][gc,heap        ] GC(485) Humongous regions: 80->80
[2664.531s][info][gc,metaspace   ] GC(485) Metaspace: 28975K(29312K)->28975K(29312K) NonClass: 24091K(24256K)->24091K(24256K) Class: 4883K(5056K)->4883K(5056K)
[2664.531s][info][gc             ] GC(485) Pause Young (Concurrent Start) (G1 Evacuation Pause) 3559M->1388M(4096M) 118.673ms
[2664.531s][info][gc             ] GC(486) Concurrent Mark Cycle
[2664.531s][info][gc,marking     ] GC(486) Concurrent Scan Root Regions
[2664.531s][info][gc,cpu         ] GC(485) User=0.70s Sys=0.00s Real=0.12s
[2664.694s][info][gc,marking     ] GC(486) Concurrent Scan Root Regions 162.826ms
[2664.694s][info][gc,marking     ] GC(486) Concurrent Mark
[2664.694s][info][gc,marking     ] GC(486) Concurrent Mark From Roots
[2664.694s][info][gc,task        ] GC(486) Using 2 workers of 2 for marking
.[2665.314s][info][gc,marking     ] GC(486) Concurrent Mark From Roots 620.019ms
[2665.314s][info][gc,marking     ] GC(486) Concurrent Preclean
[2665.314s][info][gc,marking     ] GC(486) Concurrent Preclean 0.043ms
[2665.314s][info][gc,start       ] GC(486) Pause Remark
[2665.318s][info][gc             ] GC(486) Pause Remark 1861M->1861M(4096M) 3.920ms
[2665.318s][info][gc,cpu         ] GC(486) User=0.02s Sys=0.00s Real=0.00s
[2665.318s][info][gc,marking     ] GC(486) Concurrent Mark 624.248ms
[2665.318s][info][gc,marking     ] GC(486) Concurrent Rebuild Remembered Sets and Scrub Regions
[2665.574s][info][gc,marking     ] GC(486) Concurrent Rebuild Remembered Sets and Scrub Regions 255.685ms
[2665.574s][info][gc,start       ] GC(486) Pause Cleanup
[2665.574s][info][gc             ] GC(486) Pause Cleanup 2001M->2001M(4096M) 0.141ms
[2665.574s][info][gc,cpu         ] GC(486) User=0.00s Sys=0.00s Real=0.00s
[2665.574s][info][gc,marking     ] GC(486) Concurrent Clear Claimed Marks
[2665.574s][info][gc,marking     ] GC(486) Concurrent Clear Claimed Marks 0.032ms
[2665.574s][info][gc,marking     ] GC(486) Concurrent Cleanup for Next Mark
[2665.578s][info][gc,marking     ] GC(486) Concurrent Cleanup for Next Mark 3.737ms
[2665.578s][info][gc             ] GC(486) Concurrent Mark Cycle 1047.061ms
...[2668.614s][info][gc,start       ] GC(487) Pause Young (Prepare Mixed) (G1 Evacuation Pause)
[2668.614s][info][gc,task        ] GC(487) Using 6 workers of 6 for evacuation
[2668.729s][info][gc,phases      ] GC(487)   Pre Evacuate Collection Set: 0.39ms
[2668.729s][info][gc,phases      ] GC(487)   Merge Heap Roots: 0.64ms
[2668.729s][info][gc,phases      ] GC(487)   Evacuate Collection Set: 113.16ms
[2668.729s][info][gc,phases      ] GC(487)   Post Evacuate Collection Set: 0.96ms
[2668.729s][info][gc,phases      ] GC(487)   Other: 0.09ms
[2668.729s][info][gc,heap        ] GC(487) Eden regions: 1118->0(1113)
[2668.729s][info][gc,heap        ] GC(487) Survivor regions: 110->108(154)
[2668.729s][info][gc,heap        ] GC(487) Old regions: 505->536
[2668.729s][info][gc,heap        ] GC(487) Humongous regions: 80->80
[2668.729s][info][gc,metaspace   ] GC(487) Metaspace: 28975K(29312K)->28975K(29312K) NonClass: 24091K(24256K)->24091K(24256K) Class: 4883K(5056K)->4883K(5056K)
[2668.729s][info][gc             ] GC(487) Pause Young (Prepare Mixed) (G1 Evacuation Pause) 3624M->1445M(4096M) 115.395ms
[2668.729s][info][gc,cpu         ] GC(487) User=0.68s Sys=0.00s Real=0.11s
.....[2672.892s][info][gc,start       ] GC(488) Pause Young (Mixed) (G1 Evacuation Pause)
[2672.892s][info][gc,task        ] GC(488) Using 6 workers of 6 for evacuation
[2673.023s][info][gc,phases      ] GC(488)   Pre Evacuate Collection Set: 0.41ms
[2673.023s][info][gc,phases      ] GC(488)   Merge Heap Roots: 0.69ms
[2673.023s][info][gc,phases      ] GC(488)   Evacuate Collection Set: 128.62ms
[2673.023s][info][gc,phases      ] GC(488)   Post Evacuate Collection Set: 0.98ms
[2673.023s][info][gc,phases      ] GC(488)   Other: 0.09ms
[2673.023s][info][gc,heap        ] GC(488) Eden regions: 1113->0(1120)
[2673.023s][info][gc,heap        ] GC(488) Survivor regions: 108->108(153)
[2673.023s][info][gc,heap        ] GC(488) Old regions: 536->473
[2673.023s][info][gc,heap        ] GC(488) Humongous regions: 80->80
[2673.023s][info][gc,metaspace   ] GC(488) Metaspace: 28975K(29312K)->28975K(29312K) NonClass: 24091K(24256K)->24091K(24256K) Class: 4883K(5056K)->4883K(5056K)
[2673.023s][info][gc             ] GC(488) Pause Young (Mixed) (G1 Evacuation Pause) 3671M->1320M(4096M) 130.915ms
[2673.023s][info][gc,cpu         ] GC(488) User=0.77s Sys=0.00s Real=0.14s
....[2677.223s][info][gc,start       ] GC(489) Pause Young (Concurrent Start) (G1 Evacuation Pause)
[2677.223s][info][gc,task        ] GC(489) Using 6 workers of 6 for evacuation
[2677.342s][info][gc,phases      ] GC(489)   Pre Evacuate Collection Set: 0.43ms
[2677.342s][info][gc,phases      ] GC(489)   Merge Heap Roots: 0.51ms
[2677.342s][info][gc,phases      ] GC(489)   Evacuate Collection Set: 117.85ms
[2677.342s][info][gc,phases      ] GC(489)   Post Evacuate Collection Set: 0.92ms
[2677.342s][info][gc,phases      ] GC(489)   Other: 0.11ms
[2677.342s][info][gc,heap        ] GC(489) Eden regions: 1120->0(1116)
[2677.342s][info][gc,heap        ] GC(489) Survivor regions: 108->112(154)
[2677.342s][info][gc,heap        ] GC(489) Old regions: 473->503
[2677.342s][info][gc,heap        ] GC(489) Humongous regions: 80->80
[2677.342s][info][gc,metaspace   ] GC(489) Metaspace: 28975K(29312K)->28975K(29312K) NonClass: 24091K(24256K)->24091K(24256K) Class: 4883K(5056K)->4883K(5056K)
[2677.343s][info][gc             ] GC(489) Pause Young (Concurrent Start) (G1 Evacuation Pause) 3560M->1388M(4096M) 119.967ms
[2677.343s][info][gc             ] GC(490) Concurrent Mark Cycle
[2677.343s][info][gc,marking     ] GC(490) Concurrent Scan Root Regions
[2677.343s][info][gc,cpu         ] GC(489) User=0.71s Sys=0.00s Real=0.12s
[2677.496s][info][gc,marking     ] GC(490) Concurrent Scan Root Regions 153.741ms
[2677.496s][info][gc,marking     ] GC(490) Concurrent Mark
[2677.496s][info][gc,marking     ] GC(490) Concurrent Mark From Roots
[2677.496s][info][gc,task        ] GC(490) Using 2 workers of 2 for marking
.[2678.145s][info][gc,marking     ] GC(490) Concurrent Mark From Roots 648.895ms
[2678.145s][info][gc,marking     ] GC(490) Concurrent Preclean
[2678.145s][info][gc,marking     ] GC(490) Concurrent Preclean 0.068ms
[2678.146s][info][gc,start       ] GC(490) Pause Remark
[2678.149s][info][gc             ] GC(490) Pause Remark 1893M->1893M(4096M) 3.863ms
[2678.149s][info][gc,cpu         ] GC(490) User=0.02s Sys=0.00s Real=0.00s
[2678.150s][info][gc,marking     ] GC(490) Concurrent Mark 653.181ms
[2678.150s][info][gc,marking     ] GC(490) Concurrent Rebuild Remembered Sets and Scrub Regions
[2678.424s][info][gc,marking     ] GC(490) Concurrent Rebuild Remembered Sets and Scrub Regions 274.689ms
[2678.424s][info][gc,start       ] GC(490) Pause Cleanup
[2678.425s][info][gc             ] GC(490) Pause Cleanup 2035M->2035M(4096M) 0.128ms
[2678.425s][info][gc,cpu         ] GC(490) User=0.00s Sys=0.00s Real=0.00s
[2678.425s][info][gc,marking     ] GC(490) Concurrent Clear Claimed Marks
[2678.425s][info][gc,marking     ] GC(490) Concurrent Clear Claimed Marks 0.039ms
[2678.425s][info][gc,marking     ] GC(490) Concurrent Cleanup for Next Mark
[2678.428s][info][gc,marking     ] GC(490) Concurrent Cleanup for Next Mark 3.644ms
[2678.428s][info][gc             ] GC(490) Concurrent Mark Cycle 1085.740ms
...[2681.452s][info][gc,start       ] GC(491) Pause Young (Prepare Mixed) (G1 Evacuation Pause)
[2681.453s][info][gc,task        ] GC(491) Using 6 workers of 6 for evacuation
[2681.570s][info][gc,phases      ] GC(491)   Pre Evacuate Collection Set: 0.35ms
[2681.570s][info][gc,phases      ] GC(491)   Merge Heap Roots: 0.54ms
[2681.570s][info][gc,phases      ] GC(491)   Evacuate Collection Set: 115.70ms
[2681.570s][info][gc,phases      ] GC(491)   Post Evacuate Collection Set: 0.97ms
[2681.570s][info][gc,phases      ] GC(491)   Other: 0.09ms
[2681.570s][info][gc,heap        ] GC(491) Eden regions: 1116->0(1112)
[2681.570s][info][gc,heap        ] GC(491) Survivor regions: 112->109(154)
[2681.570s][info][gc,heap        ] GC(491) Old regions: 503->535
[2681.570s][info][gc,heap        ] GC(491) Humongous regions: 80->80
[2681.570s][info][gc,metaspace   ] GC(491) Metaspace: 28975K(29312K)->28975K(29312K) NonClass: 24091K(24256K)->24091K(24256K) Class: 4883K(5056K)->4883K(5056K)
[2681.570s][info][gc             ] GC(491) Pause Young (Prepare Mixed) (G1 Evacuation Pause) 3620M->1447M(4096M) 117.789ms
[2681.570s][info][gc,cpu         ] GC(491) User=0.69s Sys=0.00s Real=0.12s
....[2685.732s][info][gc,start       ] GC(492) Pause Young (Mixed) (G1 Evacuation Pause)
[2685.732s][info][gc,task        ] GC(492) Using 6 workers of 6 for evacuation
[2685.861s][info][gc,phases      ] GC(492)   Pre Evacuate Collection Set: 0.42ms
[2685.861s][info][gc,phases      ] GC(492)   Merge Heap Roots: 0.66ms
[2685.861s][info][gc,phases      ] GC(492)   Evacuate Collection Set: 127.19ms
[2685.861s][info][gc,phases      ] GC(492)   Post Evacuate Collection Set: 0.98ms
[2685.861s][info][gc,phases      ] GC(492)   Other: 0.09ms
[2685.861s][info][gc,heap        ] GC(492) Eden regions: 1112->0(1120)
[2685.861s][info][gc,heap        ] GC(492) Survivor regions: 109->108(153)
[2685.861s][info][gc,heap        ] GC(492) Old regions: 535->473
[2685.861s][info][gc,heap        ] GC(492) Humongous regions: 80->80
[2685.861s][info][gc,metaspace   ] GC(492) Metaspace: 28975K(29312K)->28975K(29312K) NonClass: 24091K(24256K)->24091K(24256K) Class: 4883K(5056K)->4883K(5056K)
[2685.861s][info][gc             ] GC(492) Pause Young (Mixed) (G1 Evacuation Pause) 3671M->1319M(4096M) 129.479ms
[2685.861s][info][gc,cpu         ] GC(492) User=0.77s Sys=0.00s Real=0.13s
.....[2690.053s][info][gc,start       ] GC(493) Pause Young (Concurrent Start) (G1 Evacuation Pause)
[2690.053s][info][gc,task        ] GC(493) Using 6 workers of 6 for evacuation
[2690.168s][info][gc,phases      ] GC(493)   Pre Evacuate Collection Set: 0.41ms
[2690.168s][info][gc,phases      ] GC(493)   Merge Heap Roots: 0.46ms
[2690.168s][info][gc,phases      ] GC(493)   Evacuate Collection Set: 113.43ms
[2690.168s][info][gc,phases      ] GC(493)   Post Evacuate Collection Set: 0.92ms
[2690.168s][info][gc,phases      ] GC(493)   Other: 0.11ms
[2690.168s][info][gc,heap        ] GC(493) Eden regions: 1120->0(1119)
[2690.168s][info][gc,heap        ] GC(493) Survivor regions: 108->109(154)
[2690.168s][info][gc,heap        ] GC(493) Old regions: 473->504
[2690.168s][info][gc,heap        ] GC(493) Humongous regions: 80->80
[2690.168s][info][gc,metaspace   ] GC(493) Metaspace: 28975K(29312K)->28975K(29312K) NonClass: 24091K(24256K)->24091K(24256K) Class: 4883K(5056K)->4883K(5056K)
[2690.168s][info][gc             ] GC(493) Pause Young (Concurrent Start) (G1 Evacuation Pause) 3559M->1384M(4096M) 115.473ms
[2690.168s][info][gc             ] GC(494) Concurrent Mark Cycle
[2690.168s][info][gc,marking     ] GC(494) Concurrent Scan Root Regions
[2690.168s][info][gc,cpu         ] GC(493) User=0.68s Sys=0.00s Real=0.12s
[2690.300s][info][gc,marking     ] GC(494) Concurrent Scan Root Regions 131.739ms
[2690.300s][info][gc,marking     ] GC(494) Concurrent Mark
[2690.300s][info][gc,marking     ] GC(494) Concurrent Mark From Roots
[2690.300s][info][gc,task        ] GC(494) Using 2 workers of 2 for marking
.[2690.928s][info][gc,marking     ] GC(494) Concurrent Mark From Roots 627.905ms
[2690.928s][info][gc,marking     ] GC(494) Concurrent Preclean
[2690.928s][info][gc,marking     ] GC(494) Concurrent Preclean 0.060ms
[2690.929s][info][gc,start       ] GC(494) Pause Remark
[2690.933s][info][gc             ] GC(494) Pause Remark 1846M->1846M(4096M) 4.050ms
[2690.933s][info][gc,cpu         ] GC(494) User=0.02s Sys=0.00s Real=0.01s
[2690.933s][info][gc,marking     ] GC(494) Concurrent Mark 633.018ms
[2690.933s][info][gc,marking     ] GC(494) Concurrent Rebuild Remembered Sets and Scrub Regions
[2691.177s][info][gc,marking     ] GC(494) Concurrent Rebuild Remembered Sets and Scrub Regions 243.733ms
[2691.177s][info][gc,start       ] GC(494) Pause Cleanup
[2691.177s][info][gc             ] GC(494) Pause Cleanup 1986M->1986M(4096M) 0.149ms
[2691.177s][info][gc,cpu         ] GC(494) User=0.00s Sys=0.00s Real=0.00s
[2691.177s][info][gc,marking     ] GC(494) Concurrent Clear Claimed Marks
[2691.177s][info][gc,marking     ] GC(494) Concurrent Clear Claimed Marks 0.028ms
[2691.177s][info][gc,marking     ] GC(494) Concurrent Cleanup for Next Mark
[2691.181s][info][gc,marking     ] GC(494) Concurrent Cleanup for Next Mark 3.788ms
[2691.181s][info][gc             ] GC(494) Concurrent Mark Cycle 1012.881ms
...[2694.266s][info][gc,start       ] GC(495) Pause Young (Prepare Mixed) (G1 Evacuation Pause)
[2694.266s][info][gc,task        ] GC(495) Using 6 workers of 6 for evacuation
[2694.387s][info][gc,phases      ] GC(495)   Pre Evacuate Collection Set: 0.35ms
[2694.387s][info][gc,phases      ] GC(495)   Merge Heap Roots: 0.52ms
[2694.387s][info][gc,phases      ] GC(495)   Evacuate Collection Set: 118.69ms
[2694.387s][info][gc,phases      ] GC(495)   Post Evacuate Collection Set: 0.96ms
[2694.387s][info][gc,phases      ] GC(495)   Other: 0.09ms
[2694.387s][info][gc,heap        ] GC(495) Eden regions: 1119->0(1105)
[2694.387s][info][gc,heap        ] GC(495) Survivor regions: 109->112(154)
[2694.387s][info][gc,heap        ] GC(495) Old regions: 504->536
[2694.387s][info][gc,heap        ] GC(495) Humongous regions: 80->80
[2694.387s][info][gc,metaspace   ] GC(495) Metaspace: 28975K(29312K)->28975K(29312K) NonClass: 24091K(24256K)->24091K(24256K) Class: 4883K(5056K)->4883K(5056K)
[2694.387s][info][gc             ] GC(495) Pause Young (Prepare Mixed) (G1 Evacuation Pause) 3622M->1455M(4096M) 120.733ms
[2694.387s][info][gc,cpu         ] GC(495) User=0.72s Sys=0.01s Real=0.12s
....[2698.562s][info][gc,start       ] GC(496) Pause Young (Mixed) (G1 Evacuation Pause)
[2698.562s][info][gc,task        ] GC(496) Using 6 workers of 6 for evacuation
[2698.697s][info][gc,phases      ] GC(496)   Pre Evacuate Collection Set: 0.39ms
[2698.697s][info][gc,phases      ] GC(496)   Merge Heap Roots: 0.72ms
[2698.697s][info][gc,phases      ] GC(496)   Evacuate Collection Set: 132.59ms
[2698.697s][info][gc,phases      ] GC(496)   Post Evacuate Collection Set: 0.96ms
[2698.697s][info][gc,phases      ] GC(496)   Other: 0.08ms
[2698.697s][info][gc,heap        ] GC(496) Eden regions: 1105->0(1118)
[2698.697s][info][gc,heap        ] GC(496) Survivor regions: 112->110(153)
[2698.697s][info][gc,heap        ] GC(496) Old regions: 536->473
[2698.697s][info][gc,heap        ] GC(496) Humongous regions: 80->80
[2698.697s][info][gc,metaspace   ] GC(496) Metaspace: 28975K(29312K)->28975K(29312K) NonClass: 24091K(24256K)->24091K(24256K) Class: 4883K(5056K)->4883K(5056K)
[2698.697s][info][gc             ] GC(496) Pause Young (Mixed) (G1 Evacuation Pause) 3665M->1323M(4096M) 134.903ms
[2698.697s][info][gc,cpu         ] GC(496) User=0.80s Sys=0.00s Real=0.14s
....[2702.816s][info][gc,start       ] GC(497) Pause Young (Concurrent Start) (G1 Evacuation Pause)
[2702.816s][info][gc,task        ] GC(497) Using 6 workers of 6 for evacuation
[2702.931s][info][gc,phases      ] GC(497)   Pre Evacuate Collection Set: 0.43ms
[2702.931s][info][gc,phases      ] GC(497)   Merge Heap Roots: 0.49ms
[2702.931s][info][gc,phases      ] GC(497)   Evacuate Collection Set: 113.79ms
[2702.931s][info][gc,phases      ] GC(497)   Post Evacuate Collection Set: 0.92ms
[2702.931s][info][gc,phases      ] GC(497)   Other: 0.12ms
[2702.931s][info][gc,heap        ] GC(497) Eden regions: 1118->0(1120)
[2702.931s][info][gc,heap        ] GC(497) Survivor regions: 110->108(154)
[2702.931s][info][gc,heap        ] GC(497) Old regions: 473->504
[2702.931s][info][gc,heap        ] GC(497) Humongous regions: 80->80
[2702.931s][info][gc,metaspace   ] GC(497) Metaspace: 28975K(29312K)->28975K(29312K) NonClass: 24091K(24256K)->24091K(24256K) Class: 4883K(5056K)->4883K(5056K)
[2702.932s][info][gc             ] GC(497) Pause Young (Concurrent Start) (G1 Evacuation Pause) 3559M->1381M(4096M) 115.894ms
[2702.932s][info][gc             ] GC(498) Concurrent Mark Cycle
[2702.932s][info][gc,marking     ] GC(498) Concurrent Scan Root Regions
[2702.932s][info][gc,cpu         ] GC(497) User=0.69s Sys=0.00s Real=0.11s
.[2703.062s][info][gc,marking     ] GC(498) Concurrent Scan Root Regions 129.988ms
[2703.062s][info][gc,marking     ] GC(498) Concurrent Mark
[2703.062s][info][gc,marking     ] GC(498) Concurrent Mark From Roots
[2703.062s][info][gc,task        ] GC(498) Using 2 workers of 2 for marking
[2703.681s][info][gc,marking     ] GC(498) Concurrent Mark From Roots 619.099ms
[2703.681s][info][gc,marking     ] GC(498) Concurrent Preclean
[2703.681s][info][gc,marking     ] GC(498) Concurrent Preclean 0.057ms
[2703.681s][info][gc,start       ] GC(498) Pause Remark
[2703.684s][info][gc             ] GC(498) Pause Remark 1817M->1817M(4096M) 3.455ms
[2703.684s][info][gc,cpu         ] GC(498) User=0.02s Sys=0.00s Real=0.01s
[2703.687s][info][gc,marking     ] GC(498) Concurrent Mark 624.985ms
[2703.687s][info][gc,marking     ] GC(498) Concurrent Rebuild Remembered Sets and Scrub Regions
[2703.921s][info][gc,marking     ] GC(498) Concurrent Rebuild Remembered Sets and Scrub Regions 234.713ms
[2703.921s][info][gc,start       ] GC(498) Pause Cleanup
[2703.922s][info][gc             ] GC(498) Pause Cleanup 1937M->1937M(4096M) 0.116ms
[2703.922s][info][gc,cpu         ] GC(498) User=0.00s Sys=0.00s Real=0.00s
[2703.922s][info][gc,marking     ] GC(498) Concurrent Clear Claimed Marks
[2703.922s][info][gc,marking     ] GC(498) Concurrent Clear Claimed Marks 0.038ms
[2703.922s][info][gc,marking     ] GC(498) Concurrent Cleanup for Next Mark
[2703.927s][info][gc,marking     ] GC(498) Concurrent Cleanup for Next Mark 5.175ms
[2703.927s][info][gc             ] GC(498) Concurrent Mark Cycle 995.818ms
.... (rIR:aIR:PR = 4428:4428:4428) (tPR = 66022) [OK] 
  2706s: Performance info:
         Transaction,    Success,    Partial,     Failed,   Receipts, AvgBarcode, 
             Overall,     266654,          0,          0,     253343,      59.48, 
         Response times:
             Request,    Success,    Partial,     Failed,   SkipFail,     Probes,    Samples,      min,      p50,      p90,      p95,      p99,      max, 
       TotalPurchase,     253346,          0,          0,          0,     249364,     278740,      300,     3600,     6600,    10600,    39000,   252000,
     InStorePurchase,     133338,          0,          0,          0,     131593,     146904,      300,     3500,     6500,    10300,    38000,   252000,
      OnlinePurchase,      93322,          0,          0,          0,      91941,     102696,      400,     3800,     6800,    11100,    40000,   252000,
        InstPurchase,      26686,          0,          0,          0,      25830,      29140,      400,     3400,     6600,     9895,    44000,   155000,
          AssocOfCat,        267,          0,          0,          0,        194,        290,    19900,    30000,    43900,    56450,    92000,    95000,
      AssocOfProduct,       2652,          0,          0,          0,       2414,       2880,     1300,     4700,     7600,    13400,    41000,   134000,
      BusinessReport,        661,          0,          0,          0,        561,        733,    24000,    35000,    54000,    67000,   123800,   259000,
          CustBuyBeh,       2664,          0,          0,          0,       2482,       2983,      300,     2400,     5260,     9400,    31000,   126000,
       ProductReturn,       7065,          0,          0,          0,       6761,       7836,      200,     3800,     6700,    11500,    42000,   189000,

  2706s: (33%)   IR =   4566 [2707.178s][info][gc,start       ] GC(499) Pause Young (Prepare Mixed) (G1 Evacuation Pause)
[2707.178s][info][gc,task        ] GC(499) Using 6 workers of 6 for evacuation
[2707.295s][info][gc,phases      ] GC(499)   Pre Evacuate Collection Set: 0.36ms
[2707.295s][info][gc,phases      ] GC(499)   Merge Heap Roots: 0.55ms
[2707.295s][info][gc,phases      ] GC(499)   Evacuate Collection Set: 114.96ms
[2707.295s][info][gc,phases      ] GC(499)   Post Evacuate Collection Set: 0.98ms
[2707.295s][info][gc,phases      ] GC(499)   Other: 0.10ms
[2707.295s][info][gc,heap        ] GC(499) Eden regions: 1120->0(1111)
[2707.295s][info][gc,heap        ] GC(499) Survivor regions: 108->109(154)
[2707.295s][info][gc,heap        ] GC(499) Old regions: 504->536
[2707.295s][info][gc,heap        ] GC(499) Humongous regions: 80->80
[2707.295s][info][gc,metaspace   ] GC(499) Metaspace: 28975K(29312K)->28975K(29312K) NonClass: 24091K(24256K)->24091K(24256K) Class: 4883K(5056K)->4883K(5056K)
[2707.295s][info][gc             ] GC(499) Pause Young (Prepare Mixed) (G1 Evacuation Pause) 3621M->1447M(4096M) 117.111ms
[2707.295s][info][gc,cpu         ] GC(499) User=0.69s Sys=0.00s Real=0.12s
....[2711.259s][info][gc,start       ] GC(500) Pause Young (Mixed) (G1 Evacuation Pause)
[2711.259s][info][gc,task        ] GC(500) Using 6 workers of 6 for evacuation
[2711.395s][info][gc,phases      ] GC(500)   Pre Evacuate Collection Set: 0.39ms
[2711.395s][info][gc,phases      ] GC(500)   Merge Heap Roots: 0.65ms
[2711.395s][info][gc,phases      ] GC(500)   Evacuate Collection Set: 133.81ms
[2711.395s][info][gc,phases      ] GC(500)   Post Evacuate Collection Set: 0.97ms
[2711.395s][info][gc,phases      ] GC(500)   Other: 0.09ms
[2711.395s][info][gc,heap        ] GC(500) Eden regions: 1111->0(1114)
[2711.395s][info][gc,heap        ] GC(500) Survivor regions: 109->114(153)
[2711.395s][info][gc,heap        ] GC(500) Old regions: 536->472
[2711.395s][info][gc,heap        ] GC(500) Humongous regions: 80->80
[2711.395s][info][gc,metaspace   ] GC(500) Metaspace: 28975K(29312K)->28975K(29312K) NonClass: 24091K(24256K)->24091K(24256K) Class: 4883K(5056K)->4883K(5056K)
[2711.395s][info][gc             ] GC(500) Pause Young (Mixed) (G1 Evacuation Pause) 3669M->1331M(4096M) 136.046ms
[2711.395s][info][gc,cpu         ] GC(500) User=0.81s Sys=0.00s Real=0.14s
.|...[2715.437s][info][gc,start       ] GC(501) Pause Young (Concurrent Start) (G1 Evacuation Pause)
[2715.437s][info][gc,task        ] GC(501) Using 6 workers of 6 for evacuation
[2715.556s][info][gc,phases      ] GC(501)   Pre Evacuate Collection Set: 0.43ms
[2715.556s][info][gc,phases      ] GC(501)   Merge Heap Roots: 0.55ms
[2715.556s][info][gc,phases      ] GC(501)   Evacuate Collection Set: 117.13ms
[2715.556s][info][gc,phases      ] GC(501)   Post Evacuate Collection Set: 0.98ms
[2715.556s][info][gc,phases      ] GC(501)   Other: 0.12ms
[2715.556s][info][gc,heap        ] GC(501) Eden regions: 1114->0(1119)
[2715.556s][info][gc,heap        ] GC(501) Survivor regions: 114->109(154)
[2715.556s][info][gc,heap        ] GC(501) Old regions: 472->505
[2715.556s][info][gc,heap        ] GC(501) Humongous regions: 80->80
[2715.556s][info][gc,metaspace   ] GC(501) Metaspace: 28975K(29312K)->28975K(29312K) NonClass: 24091K(24256K)->24091K(24256K) Class: 4883K(5056K)->4883K(5056K)
[2715.556s][info][gc             ] GC(501) Pause Young (Concurrent Start) (G1 Evacuation Pause) 3559M->1385M(4096M) 119.345ms
[2715.556s][info][gc             ] GC(502) Concurrent Mark Cycle
[2715.556s][info][gc,cpu         ] GC(501) User=0.70s Sys=0.00s Real=0.12s
[2715.556s][info][gc,marking     ] GC(502) Concurrent Scan Root Regions
[2715.697s][info][gc,marking     ] GC(502) Concurrent Scan Root Regions 140.855ms
[2715.697s][info][gc,marking     ] GC(502) Concurrent Mark
[2715.697s][info][gc,marking     ] GC(502) Concurrent Mark From Roots
[2715.697s][info][gc,task        ] GC(502) Using 2 workers of 2 for marking
.[2716.342s][info][gc,marking     ] GC(502) Concurrent Mark From Roots 644.697ms
[2716.342s][info][gc,marking     ] GC(502) Concurrent Preclean
[2716.342s][info][gc,marking     ] GC(502) Concurrent Preclean 0.175ms
[2716.342s][info][gc,start       ] GC(502) Pause Remark
[2716.347s][info][gc             ] GC(502) Pause Remark 1891M->1891M(4096M) 5.333ms
[2716.347s][info][gc,cpu         ] GC(502) User=0.03s Sys=0.00s Real=0.01s
[2716.348s][info][gc,marking     ] GC(502) Concurrent Mark 650.542ms
[2716.348s][info][gc,marking     ] GC(502) Concurrent Rebuild Remembered Sets and Scrub Regions
[2716.646s][info][gc,marking     ] GC(502) Concurrent Rebuild Remembered Sets and Scrub Regions 298.751ms
[2716.646s][info][gc,start       ] GC(502) Pause Cleanup
[2716.647s][info][gc             ] GC(502) Pause Cleanup 2050M->2050M(4096M) 0.140ms
[2716.647s][info][gc,cpu         ] GC(502) User=0.00s Sys=0.00s Real=0.00s
[2716.647s][info][gc,marking     ] GC(502) Concurrent Clear Claimed Marks
[2716.647s][info][gc,marking     ] GC(502) Concurrent Clear Claimed Marks 0.032ms
[2716.647s][info][gc,marking     ] GC(502) Concurrent Cleanup for Next Mark
[2716.651s][info][gc,marking     ] GC(502) Concurrent Cleanup for Next Mark 3.898ms
[2716.651s][info][gc             ] GC(502) Concurrent Mark Cycle 1094.603ms
...[2719.633s][info][gc,start       ] GC(503) Pause Young (Prepare Mixed) (G1 Evacuation Pause)
[2719.633s][info][gc,task        ] GC(503) Using 6 workers of 6 for evacuation
[2719.750s][info][gc,phases      ] GC(503)   Pre Evacuate Collection Set: 0.39ms
[2719.750s][info][gc,phases      ] GC(503)   Merge Heap Roots: 0.53ms
[2719.750s][info][gc,phases      ] GC(503)   Evacuate Collection Set: 114.67ms
[2719.750s][info][gc,phases      ] GC(503)   Post Evacuate Collection Set: 0.96ms
[2719.750s][info][gc,phases      ] GC(503)   Other: 0.09ms
[2719.750s][info][gc,heap        ] GC(503) Eden regions: 1119->0(1112)
[2719.750s][info][gc,heap        ] GC(503) Survivor regions: 109->109(154)
[2719.750s][info][gc,heap        ] GC(503) Old regions: 505->535
[2719.750s][info][gc,heap        ] GC(503) Humongous regions: 80->80
[2719.750s][info][gc,metaspace   ] GC(503) Metaspace: 28968K(29312K)->28968K(29312K) NonClass: 24087K(24256K)->24087K(24256K) Class: 4880K(5056K)->4880K(5056K)
[2719.750s][info][gc             ] GC(503) Pause Young (Prepare Mixed) (G1 Evacuation Pause) 3623M->1447M(4096M) 116.780ms
[2719.750s][info][gc,cpu         ] GC(503) User=0.69s Sys=0.00s Real=0.11s
....[2723.728s][info][gc,start       ] GC(504) Pause Young (Mixed) (G1 Evacuation Pause)
[2723.728s][info][gc,task        ] GC(504) Using 6 workers of 6 for evacuation
[2723.862s][info][gc,phases      ] GC(504)   Pre Evacuate Collection Set: 0.39ms
[2723.862s][info][gc,phases      ] GC(504)   Merge Heap Roots: 0.73ms
[2723.862s][info][gc,phases      ] GC(504)   Evacuate Collection Set: 131.56ms
[2723.862s][info][gc,phases      ] GC(504)   Post Evacuate Collection Set: 0.97ms
[2723.862s][info][gc,phases      ] GC(504)   Other: 0.09ms
[2723.862s][info][gc,heap        ] GC(504) Eden regions: 1112->0(1119)
[2723.862s][info][gc,heap        ] GC(504) Survivor regions: 109->109(153)
[2723.862s][info][gc,heap        ] GC(504) Old regions: 535->471
[2723.862s][info][gc,heap        ] GC(504) Humongous regions: 80->80
[2723.862s][info][gc,metaspace   ] GC(504) Metaspace: 28968K(29312K)->28968K(29312K) NonClass: 24087K(24256K)->24087K(24256K) Class: 4880K(5056K)->4880K(5056K)
[2723.862s][info][gc             ] GC(504) Pause Young (Mixed) (G1 Evacuation Pause) 3671M->1317M(4096M) 133.871ms
[2723.862s][info][gc,cpu         ] GC(504) User=0.79s Sys=0.00s Real=0.13s
....[2727.914s][info][gc,start       ] GC(505) Pause Young (Concurrent Start) (G1 Evacuation Pause)
[2727.914s][info][gc,task        ] GC(505) Using 6 workers of 6 for evacuation
[2728.036s][info][gc,phases      ] GC(505)   Pre Evacuate Collection Set: 0.43ms
[2728.036s][info][gc,phases      ] GC(505)   Merge Heap Roots: 0.50ms
[2728.036s][info][gc,phases      ] GC(505)   Evacuate Collection Set: 119.38ms
[2728.036s][info][gc,phases      ] GC(505)   Post Evacuate Collection Set: 0.90ms
[2728.036s][info][gc,phases      ] GC(505)   Other: 0.14ms
[2728.036s][info][gc,heap        ] GC(505) Eden regions: 1119->0(1116)
[2728.036s][info][gc,heap        ] GC(505) Survivor regions: 109->112(154)
[2728.036s][info][gc,heap        ] GC(505) Old regions: 471->504
[2728.036s][info][gc,heap        ] GC(505) Humongous regions: 80->80
[2728.036s][info][gc,metaspace   ] GC(505) Metaspace: 28968K(29312K)->28968K(29312K) NonClass: 24087K(24256K)->24087K(24256K) Class: 4880K(5056K)->4880K(5056K)
[2728.036s][info][gc             ] GC(505) Pause Young (Concurrent Start) (G1 Evacuation Pause) 3555M->1390M(4096M) 121.495ms
[2728.036s][info][gc             ] GC(506) Concurrent Mark Cycle
[2728.036s][info][gc,marking     ] GC(506) Concurrent Scan Root Regions
[2728.036s][info][gc,cpu         ] GC(505) User=0.72s Sys=0.00s Real=0.12s
.[2728.210s][info][gc,marking     ] GC(506) Concurrent Scan Root Regions 174.456ms
[2728.210s][info][gc,marking     ] GC(506) Concurrent Mark
[2728.210s][info][gc,marking     ] GC(506) Concurrent Mark From Roots
[2728.210s][info][gc,task        ] GC(506) Using 2 workers of 2 for marking
[2728.820s][info][gc,marking     ] GC(506) Concurrent Mark From Roots 609.763ms
[2728.820s][info][gc,marking     ] GC(506) Concurrent Preclean
[2728.820s][info][gc,marking     ] GC(506) Concurrent Preclean 0.101ms
[2728.821s][info][gc,start       ] GC(506) Pause Remark
[2728.825s][info][gc             ] GC(506) Pause Remark 1847M->1847M(4096M) 3.963ms
[2728.825s][info][gc,cpu         ] GC(506) User=0.02s Sys=0.00s Real=0.01s
[2728.825s][info][gc,marking     ] GC(506) Concurrent Mark 614.347ms
[2728.825s][info][gc,marking     ] GC(506) Concurrent Rebuild Remembered Sets and Scrub Regions
[2729.052s][info][gc,marking     ] GC(506) Concurrent Rebuild Remembered Sets and Scrub Regions 227.403ms
[2729.052s][info][gc,start       ] GC(506) Pause Cleanup
[2729.052s][info][gc             ] GC(506) Pause Cleanup 1965M->1965M(4096M) 0.119ms
[2729.052s][info][gc,cpu         ] GC(506) User=0.00s Sys=0.00s Real=0.00s
[2729.053s][info][gc,marking     ] GC(506) Concurrent Clear Claimed Marks
[2729.053s][info][gc,marking     ] GC(506) Concurrent Clear Claimed Marks 0.027ms
[2729.053s][info][gc,marking     ] GC(506) Concurrent Cleanup for Next Mark
[2729.057s][info][gc,marking     ] GC(506) Concurrent Cleanup for Next Mark 4.085ms
[2729.057s][info][gc             ] GC(506) Concurrent Mark Cycle 1020.777ms
...[2732.048s][info][gc,start       ] GC(507) Pause Young (Prepare Mixed) (G1 Evacuation Pause)
[2732.048s][info][gc,task        ] GC(507) Using 6 workers of 6 for evacuation
[2732.167s][info][gc,phases      ] GC(507)   Pre Evacuate Collection Set: 0.36ms
[2732.167s][info][gc,phases      ] GC(507)   Merge Heap Roots: 0.54ms
[2732.167s][info][gc,phases      ] GC(507)   Evacuate Collection Set: 116.50ms
[2732.167s][info][gc,phases      ] GC(507)   Post Evacuate Collection Set: 1.01ms
[2732.167s][info][gc,phases      ] GC(507)   Other: 0.09ms
[2732.167s][info][gc,heap        ] GC(507) Eden regions: 1116->0(1107)
[2732.167s][info][gc,heap        ] GC(507) Survivor regions: 112->111(154)
[2732.167s][info][gc,heap        ] GC(507) Old regions: 504->536
[2732.167s][info][gc,heap        ] GC(507) Humongous regions: 80->80
[2732.167s][info][gc,metaspace   ] GC(507) Metaspace: 28968K(29312K)->28968K(29312K) NonClass: 24087K(24256K)->24087K(24256K) Class: 4880K(5056K)->4880K(5056K)
[2732.167s][info][gc             ] GC(507) Pause Young (Prepare Mixed) (G1 Evacuation Pause) 3622M->1451M(4096M) 118.632ms
[2732.167s][info][gc,cpu         ] GC(507) User=0.70s Sys=0.00s Real=0.12s
.....[2736.230s][info][gc,start       ] GC(508) Pause Young (Mixed) (G1 Evacuation Pause)
[2736.230s][info][gc,task        ] GC(508) Using 6 workers of 6 for evacuation
[2736.368s][info][gc,phases      ] GC(508)   Pre Evacuate Collection Set: 0.41ms
[2736.368s][info][gc,phases      ] GC(508)   Merge Heap Roots: 0.61ms
[2736.368s][info][gc,phases      ] GC(508)   Evacuate Collection Set: 135.44ms
[2736.368s][info][gc,phases      ] GC(508)   Post Evacuate Collection Set: 0.96ms
[2736.368s][info][gc,phases      ] GC(508)   Other: 0.09ms
[2736.368s][info][gc,heap        ] GC(508) Eden regions: 1107->0(1115)
[2736.368s][info][gc,heap        ] GC(508) Survivor regions: 111->113(153)
[2736.368s][info][gc,heap        ] GC(508) Old regions: 536->473
[2736.368s][info][gc,heap        ] GC(508) Humongous regions: 80->80
[2736.368s][info][gc,metaspace   ] GC(508) Metaspace: 28968K(29312K)->28968K(29312K) NonClass: 24087K(24256K)->24087K(24256K) Class: 4880K(5056K)->4880K(5056K)
[2736.368s][info][gc             ] GC(508) Pause Young (Mixed) (G1 Evacuation Pause) 3665M->1331M(4096M) 137.660ms
[2736.368s][info][gc,cpu         ] GC(508) User=0.82s Sys=0.00s Real=0.14s
....[2740.370s][info][gc,start       ] GC(509) Pause Young (Concurrent Start) (G1 Evacuation Pause)
[2740.370s][info][gc,task        ] GC(509) Using 6 workers of 6 for evacuation
[2740.489s][info][gc,phases      ] GC(509)   Pre Evacuate Collection Set: 0.41ms
[2740.489s][info][gc,phases      ] GC(509)   Merge Heap Roots: 0.49ms
[2740.489s][info][gc,phases      ] GC(509)   Evacuate Collection Set: 117.36ms
[2740.489s][info][gc,phases      ] GC(509)   Post Evacuate Collection Set: 0.90ms
[2740.489s][info][gc,phases      ] GC(509)   Other: 0.11ms
[2740.489s][info][gc,heap        ] GC(509) Eden regions: 1115->0(1115)
[2740.489s][info][gc,heap        ] GC(509) Survivor regions: 113->113(154)
[2740.489s][info][gc,heap        ] GC(509) Old regions: 473->505
[2740.489s][info][gc,heap        ] GC(509) Humongous regions: 80->80
[2740.489s][info][gc,metaspace   ] GC(509) Metaspace: 28968K(29312K)->28968K(29312K) NonClass: 24087K(24256K)->24087K(24256K) Class: 4880K(5056K)->4880K(5056K)
[2740.489s][info][gc             ] GC(509) Pause Young (Concurrent Start) (G1 Evacuation Pause) 3561M->1393M(4096M) 119.408ms
[2740.489s][info][gc             ] GC(510) Concurrent Mark Cycle
[2740.489s][info][gc,marking     ] GC(510) Concurrent Scan Root Regions
[2740.489s][info][gc,cpu         ] GC(509) User=0.70s Sys=0.00s Real=0.12s
[2740.653s][info][gc,marking     ] GC(510) Concurrent Scan Root Regions 164.235ms
[2740.653s][info][gc,marking     ] GC(510) Concurrent Mark
[2740.653s][info][gc,marking     ] GC(510) Concurrent Mark From Roots
[2740.653s][info][gc,task        ] GC(510) Using 2 workers of 2 for marking
.[2741.459s][info][gc,marking     ] GC(510) Concurrent Mark From Roots 805.658ms
[2741.459s][info][gc,marking     ] GC(510) Concurrent Preclean
[2741.459s][info][gc,marking     ] GC(510) Concurrent Preclean 0.102ms
[2741.459s][info][gc,start       ] GC(510) Pause Remark
[2741.464s][info][gc             ] GC(510) Pause Remark 2024M->2024M(4096M) 4.669ms
[2741.464s][info][gc,cpu         ] GC(510) User=0.03s Sys=0.00s Real=0.01s
[2741.464s][info][gc,marking     ] GC(510) Concurrent Mark 810.683ms
[2741.464s][info][gc,marking     ] GC(510) Concurrent Rebuild Remembered Sets and Scrub Regions
[2741.715s][info][gc,marking     ] GC(510) Concurrent Rebuild Remembered Sets and Scrub Regions 250.868ms
[2741.715s][info][gc,start       ] GC(510) Pause Cleanup
[2741.715s][info][gc             ] GC(510) Pause Cleanup 2148M->2148M(4096M) 0.116ms
[2741.715s][info][gc,cpu         ] GC(510) User=0.00s Sys=0.00s Real=0.00s
[2741.715s][info][gc,marking     ] GC(510) Concurrent Clear Claimed Marks
[2741.715s][info][gc,marking     ] GC(510) Concurrent Clear Claimed Marks 0.029ms
[2741.715s][info][gc,marking     ] GC(510) Concurrent Cleanup for Next Mark
[2741.719s][info][gc,marking     ] GC(510) Concurrent Cleanup for Next Mark 3.265ms
[2741.719s][info][gc             ] GC(510) Concurrent Mark Cycle 1229.535ms
...[2744.514s][info][gc,start       ] GC(511) Pause Young (Prepare Mixed) (G1 Evacuation Pause)
[2744.514s][info][gc,task        ] GC(511) Using 6 workers of 6 for evacuation
[2744.633s][info][gc,phases      ] GC(511)   Pre Evacuate Collection Set: 0.37ms
[2744.633s][info][gc,phases      ] GC(511)   Merge Heap Roots: 0.59ms
[2744.633s][info][gc,phases      ] GC(511)   Evacuate Collection Set: 117.59ms
[2744.633s][info][gc,phases      ] GC(511)   Post Evacuate Collection Set: 0.95ms
[2744.633s][info][gc,phases      ] GC(511)   Other: 0.09ms
[2744.633s][info][gc,heap        ] GC(511) Eden regions: 1115->0(1106)
[2744.633s][info][gc,heap        ] GC(511) Survivor regions: 113->111(154)
[2744.633s][info][gc,heap        ] GC(511) Old regions: 505->537
[2744.633s][info][gc,heap        ] GC(511) Humongous regions: 80->80
[2744.633s][info][gc,metaspace   ] GC(511) Metaspace: 28968K(29312K)->28968K(29312K) NonClass: 24087K(24256K)->24087K(24256K) Class: 4880K(5056K)->4880K(5056K)
[2744.633s][info][gc             ] GC(511) Pause Young (Prepare Mixed) (G1 Evacuation Pause) 3623M->1455M(4096M) 119.762ms
[2744.633s][info][gc,cpu         ] GC(511) User=0.71s Sys=0.00s Real=0.12s
....[2748.595s][info][gc,start       ] GC(512) Pause Young (Mixed) (G1 Evacuation Pause)
[2748.595s][info][gc,task        ] GC(512) Using 6 workers of 6 for evacuation
[2748.727s][info][gc,phases      ] GC(512)   Pre Evacuate Collection Set: 0.41ms
[2748.727s][info][gc,phases      ] GC(512)   Merge Heap Roots: 0.66ms
[2748.727s][info][gc,phases      ] GC(512)   Evacuate Collection Set: 130.28ms
[2748.727s][info][gc,phases      ] GC(512)   Post Evacuate Collection Set: 0.98ms
[2748.727s][info][gc,phases      ] GC(512)   Other: 0.09ms
[2748.727s][info][gc,heap        ] GC(512) Eden regions: 1106->0(1118)
[2748.727s][info][gc,heap        ] GC(512) Survivor regions: 111->110(153)
[2748.727s][info][gc,heap        ] GC(512) Old regions: 537->474
[2748.727s][info][gc,heap        ] GC(512) Humongous regions: 80->80
[2748.727s][info][gc,metaspace   ] GC(512) Metaspace: 28968K(29312K)->28968K(29312K) NonClass: 24087K(24256K)->24087K(24256K) Class: 4880K(5056K)->4880K(5056K)
[2748.727s][info][gc             ] GC(512) Pause Young (Mixed) (G1 Evacuation Pause) 3667M->1326M(4096M) 132.546ms
[2748.727s][info][gc,cpu         ] GC(512) User=0.78s Sys=0.00s Real=0.13s
....[2752.696s][info][gc,start       ] GC(513) Pause Young (Concurrent Start) (G1 Evacuation Pause)
[2752.696s][info][gc,task        ] GC(513) Using 6 workers of 6 for evacuation
[2752.814s][info][gc,phases      ] GC(513)   Pre Evacuate Collection Set: 0.41ms
[2752.814s][info][gc,phases      ] GC(513)   Merge Heap Roots: 0.51ms
[2752.814s][info][gc,phases      ] GC(513)   Evacuate Collection Set: 116.21ms
[2752.814s][info][gc,phases      ] GC(513)   Post Evacuate Collection Set: 0.90ms
[2752.814s][info][gc,phases      ] GC(513)   Other: 0.12ms
[2752.814s][info][gc,heap        ] GC(513) Eden regions: 1118->0(1119)
[2752.814s][info][gc,heap        ] GC(513) Survivor regions: 110->109(154)
[2752.814s][info][gc,heap        ] GC(513) Old regions: 474->506
[2752.814s][info][gc,heap        ] GC(513) Humongous regions: 80->80
[2752.814s][info][gc,metaspace   ] GC(513) Metaspace: 28968K(29312K)->28968K(29312K) NonClass: 24087K(24256K)->24087K(24256K) Class: 4880K(5056K)->4880K(5056K)
[2752.814s][info][gc             ] GC(513) Pause Young (Concurrent Start) (G1 Evacuation Pause) 3562M->1388M(4096M) 118.274ms
[2752.814s][info][gc             ] GC(514) Concurrent Mark Cycle
[2752.814s][info][gc,marking     ] GC(514) Concurrent Scan Root Regions
[2752.814s][info][gc,cpu         ] GC(513) User=0.69s Sys=0.01s Real=0.12s
[2752.956s][info][gc,marking     ] GC(514) Concurrent Scan Root Regions 142.034ms
[2752.956s][info][gc,marking     ] GC(514) Concurrent Mark
[2752.956s][info][gc,marking     ] GC(514) Concurrent Mark From Roots
[2752.956s][info][gc,task        ] GC(514) Using 2 workers of 2 for marking
.[2753.702s][info][gc,marking     ] GC(514) Concurrent Mark From Roots 745.412ms
[2753.702s][info][gc,marking     ] GC(514) Concurrent Preclean
[2753.702s][info][gc,marking     ] GC(514) Concurrent Preclean 0.129ms
[2753.703s][info][gc,start       ] GC(514) Pause Remark
[2753.707s][info][gc             ] GC(514) Pause Remark 1930M->1930M(4096M) 4.357ms
[2753.707s][info][gc,cpu         ] GC(514) User=0.02s Sys=0.00s Real=0.01s
[2753.707s][info][gc,marking     ] GC(514) Concurrent Mark 750.985ms
[2753.707s][info][gc,marking     ] GC(514) Concurrent Rebuild Remembered Sets and Scrub Regions
[2754.066s][info][gc,marking     ] GC(514) Concurrent Rebuild Remembered Sets and Scrub Regions 358.914ms
[2754.066s][info][gc,start       ] GC(514) Pause Cleanup
[2754.066s][info][gc             ] GC(514) Pause Cleanup 2124M->2124M(4096M) 0.132ms
[2754.066s][info][gc,cpu         ] GC(514) User=0.00s Sys=0.00s Real=0.00s
[2754.066s][info][gc,marking     ] GC(514) Concurrent Clear Claimed Marks
[2754.066s][info][gc,marking     ] GC(514) Concurrent Clear Claimed Marks 0.030ms
[2754.066s][info][gc,marking     ] GC(514) Concurrent Cleanup for Next Mark
[2754.070s][info][gc,marking     ] GC(514) Concurrent Cleanup for Next Mark 3.324ms
[2754.070s][info][gc             ] GC(514) Concurrent Mark Cycle 1255.752ms
...[2756.914s][info][gc,start       ] GC(515) Pause Young (Prepare Mixed) (G1 Evacuation Pause)
[2756.914s][info][gc,task        ] GC(515) Using 6 workers of 6 for evacuation
[2757.032s][info][gc,phases      ] GC(515)   Pre Evacuate Collection Set: 0.35ms
[2757.032s][info][gc,phases      ] GC(515)   Merge Heap Roots: 0.56ms
[2757.032s][info][gc,phases      ] GC(515)   Evacuate Collection Set: 116.06ms
[2757.032s][info][gc,phases      ] GC(515)   Post Evacuate Collection Set: 0.95ms
[2757.032s][info][gc,phases      ] GC(515)   Other: 0.08ms
[2757.032s][info][gc,heap        ] GC(515) Eden regions: 1119->0(1107)
[2757.032s][info][gc,heap        ] GC(515) Survivor regions: 109->110(154)
[2757.032s][info][gc,heap        ] GC(515) Old regions: 506->538
[2757.032s][info][gc,heap        ] GC(515) Humongous regions: 80->80
[2757.032s][info][gc,metaspace   ] GC(515) Metaspace: 28968K(29312K)->28968K(29312K) NonClass: 24087K(24256K)->24087K(24256K) Class: 4880K(5056K)->4880K(5056K)
[2757.032s][info][gc             ] GC(515) Pause Young (Prepare Mixed) (G1 Evacuation Pause) 3626M->1454M(4096M) 118.153ms
[2757.033s][info][gc,cpu         ] GC(515) User=0.70s Sys=0.00s Real=0.11s
....[2761.049s][info][gc,start       ] GC(516) Pause Young (Mixed) (G1 Evacuation Pause)
[2761.049s][info][gc,task        ] GC(516) Using 6 workers of 6 for evacuation
[2761.180s][info][gc,phases      ] GC(516)   Pre Evacuate Collection Set: 0.42ms
[2761.180s][info][gc,phases      ] GC(516)   Merge Heap Roots: 0.67ms
[2761.180s][info][gc,phases      ] GC(516)   Evacuate Collection Set: 128.97ms
[2761.180s][info][gc,phases      ] GC(516)   Post Evacuate Collection Set: 0.97ms
[2761.180s][info][gc,phases      ] GC(516)   Other: 0.09ms
[2761.180s][info][gc,heap        ] GC(516) Eden regions: 1107->0(1119)
[2761.180s][info][gc,heap        ] GC(516) Survivor regions: 110->109(153)
[2761.180s][info][gc,heap        ] GC(516) Old regions: 538->473
[2761.180s][info][gc,heap        ] GC(516) Humongous regions: 80->80
[2761.180s][info][gc,metaspace   ] GC(516) Metaspace: 28968K(29312K)->28968K(29312K) NonClass: 24087K(24256K)->24087K(24256K) Class: 4880K(5056K)->4880K(5056K)
[2761.180s][info][gc             ] GC(516) Pause Young (Mixed) (G1 Evacuation Pause) 3668M->1322M(4096M) 131.257ms
[2761.180s][info][gc,cpu         ] GC(516) User=0.77s Sys=0.00s Real=0.13s
....[2765.148s][info][gc,start       ] GC(517) Pause Young (Concurrent Start) (G1 Evacuation Pause)
[2765.148s][info][gc,task        ] GC(517) Using 6 workers of 6 for evacuation
[2765.267s][info][gc,phases      ] GC(517)   Pre Evacuate Collection Set: 0.42ms
[2765.267s][info][gc,phases      ] GC(517)   Merge Heap Roots: 0.52ms
[2765.267s][info][gc,phases      ] GC(517)   Evacuate Collection Set: 116.26ms
[2765.267s][info][gc,phases      ] GC(517)   Post Evacuate Collection Set: 0.90ms
[2765.267s][info][gc,phases      ] GC(517)   Other: 0.11ms
[2765.267s][info][gc,heap        ] GC(517) Eden regions: 1119->0(1119)
[2765.267s][info][gc,heap        ] GC(517) Survivor regions: 109->109(154)
[2765.267s][info][gc,heap        ] GC(517) Old regions: 473->505
[2765.267s][info][gc,heap        ] GC(517) Humongous regions: 80->80
[2765.267s][info][gc,metaspace   ] GC(517) Metaspace: 28968K(29312K)->28968K(29312K) NonClass: 24087K(24256K)->24087K(24256K) Class: 4880K(5056K)->4880K(5056K)
[2765.267s][info][gc             ] GC(517) Pause Young (Concurrent Start) (G1 Evacuation Pause) 3560M->1386M(4096M) 118.392ms
[2765.267s][info][gc             ] GC(518) Concurrent Mark Cycle
[2765.267s][info][gc,marking     ] GC(518) Concurrent Scan Root Regions
[2765.267s][info][gc,cpu         ] GC(517) User=0.70s Sys=0.01s Real=0.12s
.[2765.400s][info][gc,marking     ] GC(518) Concurrent Scan Root Regions 133.133ms
[2765.400s][info][gc,marking     ] GC(518) Concurrent Mark
[2765.400s][info][gc,marking     ] GC(518) Concurrent Mark From Roots
[2765.400s][info][gc,task        ] GC(518) Using 2 workers of 2 for marking
[2765.937s][info][gc,marking     ] GC(518) Concurrent Mark From Roots 537.037ms
[2765.937s][info][gc,marking     ] GC(518) Concurrent Preclean
[2765.937s][info][gc,marking     ] GC(518) Concurrent Preclean 0.089ms
[2765.937s][info][gc,start       ] GC(518) Pause Remark
[2765.942s][info][gc             ] GC(518) Pause Remark 1795M->1795M(4096M) 5.074ms
[2765.942s][info][gc,cpu         ] GC(518) User=0.03s Sys=0.00s Real=0.00s
[2765.943s][info][gc,marking     ] GC(518) Concurrent Mark 542.492ms
[2765.943s][info][gc,marking     ] GC(518) Concurrent Rebuild Remembered Sets and Scrub Regions
[2766.180s][info][gc,marking     ] GC(518) Concurrent Rebuild Remembered Sets and Scrub Regions 237.113ms
[2766.180s][info][gc,start       ] GC(518) Pause Cleanup
[2766.180s][info][gc             ] GC(518) Pause Cleanup 1935M->1935M(4096M) 0.129ms
[2766.180s][info][gc,cpu         ] GC(518) User=0.00s Sys=0.00s Real=0.00s
[2766.180s][info][gc,marking     ] GC(518) Concurrent Clear Claimed Marks
[2766.180s][info][gc,marking     ] GC(518) Concurrent Clear Claimed Marks 0.026ms
[2766.180s][info][gc,marking     ] GC(518) Concurrent Cleanup for Next Mark
[2766.183s][info][gc,marking     ] GC(518) Concurrent Cleanup for Next Mark 3.207ms
[2766.183s][info][gc             ] GC(518) Concurrent Mark Cycle 916.375ms
....[2769.344s][info][gc,start       ] GC(519) Pause Young (Prepare Mixed) (G1 Evacuation Pause)
[2769.344s][info][gc,task        ] GC(519) Using 6 workers of 6 for evacuation
[2769.461s][info][gc,phases      ] GC(519)   Pre Evacuate Collection Set: 0.36ms
[2769.461s][info][gc,phases      ] GC(519)   Merge Heap Roots: 0.52ms
[2769.461s][info][gc,phases      ] GC(519)   Evacuate Collection Set: 115.17ms
[2769.461s][info][gc,phases      ] GC(519)   Post Evacuate Collection Set: 0.94ms
[2769.461s][info][gc,phases      ] GC(519)   Other: 0.09ms
[2769.461s][info][gc,heap        ] GC(519) Eden regions: 1119->0(1107)
[2769.461s][info][gc,heap        ] GC(519) Survivor regions: 109->110(154)
[2769.461s][info][gc,heap        ] GC(519) Old regions: 505->538
[2769.461s][info][gc,heap        ] GC(519) Humongous regions: 80->80
[2769.461s][info][gc,metaspace   ] GC(519) Metaspace: 28964K(29312K)->28964K(29312K) NonClass: 24085K(24256K)->24085K(24256K) Class: 4879K(5056K)->4879K(5056K)
[2769.461s][info][gc             ] GC(519) Pause Young (Prepare Mixed) (G1 Evacuation Pause) 3624M->1454M(4096M) 117.210ms
[2769.461s][info][gc,cpu         ] GC(519) User=0.69s Sys=0.00s Real=0.11s
... (rIR:aIR:PR = 4566:4566:4566) (tPR = 67854) [OK] 
  2772s: Performance info:
         Transaction,    Success,    Partial,     Failed,   Receipts, AvgBarcode, 
             Overall,     275665,          0,          0,     261876,      59.48, 
         Response times:
             Request,    Success,    Partial,     Failed,   SkipFail,     Probes,    Samples,      min,      p50,      p90,      p95,      p99,      max, 
       TotalPurchase,     261876,          0,          0,          0,     256946,     279037,      300,     3700,     6700,    11900,    45000,   175000,
     InStorePurchase,     137771,          0,          0,          0,     135599,     146888,      300,     3600,     6700,    11600,    44000,   175000,
      OnlinePurchase,      96488,          0,          0,          0,      94760,     102958,      300,     3700,     6800,    12300,    45000,   175000,
        InstPurchase,      27617,          0,          0,          0,      26587,      29191,      400,     3900,     6800,    11900,    46000,   166000,
          AssocOfCat,        278,          0,          0,          0,        222,        293,    19300,    29000,    39000,    52000,    77140,   172000,
      AssocOfProduct,       2760,          0,          0,          0,       2574,       3033,      500,     4500,     7100,    15200,    49660,   145000,
      BusinessReport,        692,          0,          0,          0,        583,        724,    26000,    36000,    67500,    97000,   167750,   253000,
          CustBuyBeh,       2765,          0,          0,          0,       2550,       2944,      200,     4200,     7300,    16275,    49000,   147000,
       ProductReturn,       7294,          0,          0,          0,       6900,       7701,      500,     4200,     7400,    16890,    47000,   175000,

  2772s: (34%)   IR =   4705 .[2773.395s][info][gc,start       ] GC(520) Pause Young (Mixed) (G1 Evacuation Pause)
[2773.395s][info][gc,task        ] GC(520) Using 6 workers of 6 for evacuation
[2773.526s][info][gc,phases      ] GC(520)   Pre Evacuate Collection Set: 0.38ms
[2773.526s][info][gc,phases      ] GC(520)   Merge Heap Roots: 0.63ms
[2773.526s][info][gc,phases      ] GC(520)   Evacuate Collection Set: 128.54ms
[2773.526s][info][gc,phases      ] GC(520)   Post Evacuate Collection Set: 1.04ms
[2773.526s][info][gc,phases      ] GC(520)   Other: 0.09ms
[2773.526s][info][gc,heap        ] GC(520) Eden regions: 1107->0(1119)
[2773.526s][info][gc,heap        ] GC(520) Survivor regions: 110->109(153)
[2773.526s][info][gc,heap        ] GC(520) Old regions: 538->474
[2773.526s][info][gc,heap        ] GC(520) Humongous regions: 80->80
[2773.526s][info][gc,metaspace   ] GC(520) Metaspace: 28964K(29312K)->28964K(29312K) NonClass: 24085K(24256K)->24085K(24256K) Class: 4879K(5056K)->4879K(5056K)
[2773.526s][info][gc             ] GC(520) Pause Young (Mixed) (G1 Evacuation Pause) 3668M->1325M(4096M) 130.819ms
[2773.526s][info][gc,cpu         ] GC(520) User=0.77s Sys=0.00s Real=0.13s
....|[2777.404s][info][gc,start       ] GC(521) Pause Young (Concurrent Start) (G1 Evacuation Pause)
[2777.404s][info][gc,task        ] GC(521) Using 6 workers of 6 for evacuation
[2777.520s][info][gc,phases      ] GC(521)   Pre Evacuate Collection Set: 0.44ms
[2777.520s][info][gc,phases      ] GC(521)   Merge Heap Roots: 0.49ms
[2777.520s][info][gc,phases      ] GC(521)   Evacuate Collection Set: 114.09ms
[2777.520s][info][gc,phases      ] GC(521)   Post Evacuate Collection Set: 0.95ms
[2777.520s][info][gc,phases      ] GC(521)   Other: 0.12ms
[2777.520s][info][gc,heap        ] GC(521) Eden regions: 1119->0(1119)
[2777.520s][info][gc,heap        ] GC(521) Survivor regions: 109->109(154)
[2777.520s][info][gc,heap        ] GC(521) Old regions: 474->506
[2777.520s][info][gc,heap        ] GC(521) Humongous regions: 80->80
[2777.520s][info][gc,metaspace   ] GC(521) Metaspace: 28964K(29312K)->28964K(29312K) NonClass: 24085K(24256K)->24085K(24256K) Class: 4879K(5056K)->4879K(5056K)
[2777.520s][info][gc             ] GC(521) Pause Young (Concurrent Start) (G1 Evacuation Pause) 3563M->1389M(4096M) 116.213ms
[2777.520s][info][gc             ] GC(522) Concurrent Mark Cycle
[2777.520s][info][gc,marking     ] GC(522) Concurrent Scan Root Regions
[2777.520s][info][gc,cpu         ] GC(521) User=0.69s Sys=0.00s Real=0.11s
[2777.653s][info][gc,marking     ] GC(522) Concurrent Scan Root Regions 132.904ms
[2777.653s][info][gc,marking     ] GC(522) Concurrent Mark
[2777.653s][info][gc,marking     ] GC(522) Concurrent Mark From Roots
[2777.653s][info][gc,task        ] GC(522) Using 2 workers of 2 for marking
.[2778.626s][info][gc,marking     ] GC(522) Concurrent Mark From Roots 972.132ms
[2778.626s][info][gc,marking     ] GC(522) Concurrent Preclean
[2778.626s][info][gc,marking     ] GC(522) Concurrent Preclean 0.138ms
[2778.626s][info][gc,start       ] GC(522) Pause Remark
[2778.631s][info][gc             ] GC(522) Pause Remark 2043M->2043M(4096M) 4.821ms
[2778.631s][info][gc,cpu         ] GC(522) User=0.02s Sys=0.00s Real=0.00s
[2778.631s][info][gc,marking     ] GC(522) Concurrent Mark 977.405ms
[2778.631s][info][gc,marking     ] GC(522) Concurrent Rebuild Remembered Sets and Scrub Regions
[2778.992s][info][gc,marking     ] GC(522) Concurrent Rebuild Remembered Sets and Scrub Regions 360.946ms
[2778.992s][info][gc,start       ] GC(522) Pause Cleanup
[2778.992s][info][gc             ] GC(522) Pause Cleanup 2251M->2251M(4096M) 0.123ms
[2778.992s][info][gc,cpu         ] GC(522) User=0.00s Sys=0.00s Real=0.00s
[2778.992s][info][gc,marking     ] GC(522) Concurrent Clear Claimed Marks
[2778.992s][info][gc,marking     ] GC(522) Concurrent Clear Claimed Marks 0.025ms
[2778.992s][info][gc,marking     ] GC(522) Concurrent Cleanup for Next Mark
[2778.995s][info][gc,marking     ] GC(522) Concurrent Cleanup for Next Mark 3.379ms
[2778.996s][info][gc             ] GC(522) Concurrent Mark Cycle 1475.117ms
...[2781.469s][info][gc,start       ] GC(523) Pause Young (Prepare Mixed) (G1 Evacuation Pause)
[2781.469s][info][gc,task        ] GC(523) Using 6 workers of 6 for evacuation
[2781.589s][info][gc,phases      ] GC(523)   Pre Evacuate Collection Set: 0.38ms
[2781.589s][info][gc,phases      ] GC(523)   Merge Heap Roots: 0.64ms
[2781.589s][info][gc,phases      ] GC(523)   Evacuate Collection Set: 118.08ms
[2781.589s][info][gc,phases      ] GC(523)   Post Evacuate Collection Set: 0.92ms
[2781.589s][info][gc,phases      ] GC(523)   Other: 0.10ms
[2781.589s][info][gc,heap        ] GC(523) Eden regions: 1119->0(1104)
[2781.589s][info][gc,heap        ] GC(523) Survivor regions: 109->112(154)
[2781.589s][info][gc,heap        ] GC(523) Old regions: 506->537
[2781.589s][info][gc,heap        ] GC(523) Humongous regions: 80->80
[2781.589s][info][gc,metaspace   ] GC(523) Metaspace: 28964K(29312K)->28964K(29312K) NonClass: 24085K(24256K)->24085K(24256K) Class: 4879K(5056K)->4879K(5056K)
[2781.589s][info][gc             ] GC(523) Pause Young (Prepare Mixed) (G1 Evacuation Pause) 3627M->1456M(4096M) 120.252ms
[2781.589s][info][gc,cpu         ] GC(523) User=0.71s Sys=0.01s Real=0.12s
....[2785.459s][info][gc,start       ] GC(524) Pause Young (Mixed) (G1 Evacuation Pause)
[2785.459s][info][gc,task        ] GC(524) Using 6 workers of 6 for evacuation
[2785.593s][info][gc,phases      ] GC(524)   Pre Evacuate Collection Set: 0.41ms
[2785.593s][info][gc,phases      ] GC(524)   Merge Heap Roots: 0.64ms
[2785.593s][info][gc,phases      ] GC(524)   Evacuate Collection Set: 131.91ms
[2785.593s][info][gc,phases      ] GC(524)   Post Evacuate Collection Set: 0.96ms
[2785.593s][info][gc,phases      ] GC(524)   Other: 0.09ms
[2785.593s][info][gc,heap        ] GC(524) Eden regions: 1104->0(1118)
[2785.593s][info][gc,heap        ] GC(524) Survivor regions: 112->110(152)
[2785.593s][info][gc,heap        ] GC(524) Old regions: 537->472
[2785.593s][info][gc,heap        ] GC(524) Humongous regions: 80->80
[2785.593s][info][gc,metaspace   ] GC(524) Metaspace: 28964K(29312K)->28964K(29312K) NonClass: 24085K(24256K)->24085K(24256K) Class: 4879K(5056K)->4879K(5056K)
[2785.593s][info][gc             ] GC(524) Pause Young (Mixed) (G1 Evacuation Pause) 3664M->1322M(4096M) 134.146ms
[2785.593s][info][gc,cpu         ] GC(524) User=0.80s Sys=0.00s Real=0.14s
....[2789.457s][info][gc,start       ] GC(525) Pause Young (Concurrent Start) (G1 Evacuation Pause)
[2789.457s][info][gc,task        ] GC(525) Using 6 workers of 6 for evacuation
[2789.574s][info][gc,phases      ] GC(525)   Pre Evacuate Collection Set: 0.40ms
[2789.574s][info][gc,phases      ] GC(525)   Merge Heap Roots: 0.48ms
[2789.574s][info][gc,phases      ] GC(525)   Evacuate Collection Set: 115.38ms
[2789.574s][info][gc,phases      ] GC(525)   Post Evacuate Collection Set: 0.87ms
[2789.574s][info][gc,phases      ] GC(525)   Other: 0.12ms
[2789.574s][info][gc,heap        ] GC(525) Eden regions: 1118->0(1118)
[2789.574s][info][gc,heap        ] GC(525) Survivor regions: 110->110(154)
[2789.574s][info][gc,heap        ] GC(525) Old regions: 472->504
[2789.574s][info][gc,heap        ] GC(525) Humongous regions: 80->80
[2789.574s][info][gc,metaspace   ] GC(525) Metaspace: 28964K(29312K)->28964K(29312K) NonClass: 24085K(24256K)->24085K(24256K) Class: 4879K(5056K)->4879K(5056K)
[2789.574s][info][gc             ] GC(525) Pause Young (Concurrent Start) (G1 Evacuation Pause) 3558M->1386M(4096M) 117.410ms
[2789.574s][info][gc             ] GC(526) Concurrent Mark Cycle
[2789.574s][info][gc,marking     ] GC(526) Concurrent Scan Root Regions
[2789.574s][info][gc,cpu         ] GC(525) User=0.70s Sys=0.00s Real=0.12s
[2789.745s][info][gc,marking     ] GC(526) Concurrent Scan Root Regions 170.686ms
[2789.745s][info][gc,marking     ] GC(526) Concurrent Mark
[2789.745s][info][gc,marking     ] GC(526) Concurrent Mark From Roots
[2789.745s][info][gc,task        ] GC(526) Using 2 workers of 2 for marking
.[2790.689s][info][gc,marking     ] GC(526) Concurrent Mark From Roots 944.103ms
[2790.689s][info][gc,marking     ] GC(526) Concurrent Preclean
[2790.690s][info][gc,marking     ] GC(526) Concurrent Preclean 0.133ms
[2790.690s][info][gc,start       ] GC(526) Pause Remark
[2790.696s][info][gc             ] GC(526) Pause Remark 2071M->2071M(4096M) 5.916ms
[2790.696s][info][gc,cpu         ] GC(526) User=0.03s Sys=0.00s Real=0.01s
[2790.696s][info][gc,marking     ] GC(526) Concurrent Mark 950.481ms
[2790.696s][info][gc,marking     ] GC(526) Concurrent Rebuild Remembered Sets and Scrub Regions
[2791.050s][info][gc,marking     ] GC(526) Concurrent Rebuild Remembered Sets and Scrub Regions 354.302ms
[2791.050s][info][gc,start       ] GC(526) Pause Cleanup
[2791.050s][info][gc             ] GC(526) Pause Cleanup 2282M->2282M(4096M) 0.123ms
[2791.050s][info][gc,cpu         ] GC(526) User=0.00s Sys=0.00s Real=0.00s
[2791.050s][info][gc,marking     ] GC(526) Concurrent Clear Claimed Marks
[2791.050s][info][gc,marking     ] GC(526) Concurrent Clear Claimed Marks 0.026ms
[2791.050s][info][gc,marking     ] GC(526) Concurrent Cleanup for Next Mark
[2791.054s][info][gc,marking     ] GC(526) Concurrent Cleanup for Next Mark 3.746ms
[2791.054s][info][gc             ] GC(526) Concurrent Mark Cycle 1479.710ms
...[2793.531s][info][gc,start       ] GC(527) Pause Young (Prepare Mixed) (G1 Evacuation Pause)
[2793.531s][info][gc,task        ] GC(527) Using 6 workers of 6 for evacuation
[2793.651s][info][gc,phases      ] GC(527)   Pre Evacuate Collection Set: 0.37ms
[2793.651s][info][gc,phases      ] GC(527)   Merge Heap Roots: 0.53ms
[2793.651s][info][gc,phases      ] GC(527)   Evacuate Collection Set: 117.99ms
[2793.651s][info][gc,phases      ] GC(527)   Post Evacuate Collection Set: 0.92ms
[2793.651s][info][gc,phases      ] GC(527)   Other: 0.09ms
[2793.651s][info][gc,heap        ] GC(527) Eden regions: 1118->0(1105)
[2793.651s][info][gc,heap        ] GC(527) Survivor regions: 110->112(154)
[2793.651s][info][gc,heap        ] GC(527) Old regions: 504->536
[2793.651s][info][gc,heap        ] GC(527) Humongous regions: 80->80
[2793.651s][info][gc,metaspace   ] GC(527) Metaspace: 28965K(29312K)->28965K(29312K) NonClass: 24085K(24256K)->24085K(24256K) Class: 4879K(5056K)->4879K(5056K)
[2793.651s][info][gc             ] GC(527) Pause Young (Prepare Mixed) (G1 Evacuation Pause) 3622M->1454M(4096M) 120.037ms
[2793.651s][info][gc,cpu         ] GC(527) User=0.71s Sys=0.00s Real=0.12s
....[2797.494s][info][gc,start       ] GC(528) Pause Young (Mixed) (G1 Evacuation Pause)
[2797.494s][info][gc,task        ] GC(528) Using 6 workers of 6 for evacuation
[2797.625s][info][gc,phases      ] GC(528)   Pre Evacuate Collection Set: 0.37ms
[2797.625s][info][gc,phases      ] GC(528)   Merge Heap Roots: 0.63ms
[2797.625s][info][gc,phases      ] GC(528)   Evacuate Collection Set: 129.51ms
[2797.625s][info][gc,phases      ] GC(528)   Post Evacuate Collection Set: 0.92ms
[2797.625s][info][gc,phases      ] GC(528)   Other: 0.09ms
[2797.625s][info][gc,heap        ] GC(528) Eden regions: 1105->0(1118)
[2797.625s][info][gc,heap        ] GC(528) Survivor regions: 112->110(153)
[2797.625s][info][gc,heap        ] GC(528) Old regions: 536->472
[2797.625s][info][gc,heap        ] GC(528) Humongous regions: 80->80
[2797.625s][info][gc,metaspace   ] GC(528) Metaspace: 28965K(29312K)->28965K(29312K) NonClass: 24085K(24256K)->24085K(24256K) Class: 4879K(5056K)->4879K(5056K)
[2797.625s][info][gc             ] GC(528) Pause Young (Mixed) (G1 Evacuation Pause) 3664M->1322M(4096M) 131.651ms
[2797.626s][info][gc,cpu         ] GC(528) User=0.78s Sys=0.00s Real=0.13s
....[2801.471s][info][gc,start       ] GC(529) Pause Young (Concurrent Start) (G1 Evacuation Pause)
[2801.471s][info][gc,task        ] GC(529) Using 6 workers of 6 for evacuation
[2801.590s][info][gc,phases      ] GC(529)   Pre Evacuate Collection Set: 0.37ms
[2801.590s][info][gc,phases      ] GC(529)   Merge Heap Roots: 0.50ms
[2801.590s][info][gc,phases      ] GC(529)   Evacuate Collection Set: 116.94ms
[2801.590s][info][gc,phases      ] GC(529)   Post Evacuate Collection Set: 0.88ms
[2801.590s][info][gc,phases      ] GC(529)   Other: 0.12ms
[2801.590s][info][gc,heap        ] GC(529) Eden regions: 1118->0(1116)
[2801.590s][info][gc,heap        ] GC(529) Survivor regions: 110->112(154)
[2801.590s][info][gc,heap        ] GC(529) Old regions: 472->505
[2801.590s][info][gc,heap        ] GC(529) Humongous regions: 80->80
[2801.590s][info][gc,metaspace   ] GC(529) Metaspace: 28965K(29312K)->28965K(29312K) NonClass: 24085K(24256K)->24085K(24256K) Class: 4879K(5056K)->4879K(5056K)
[2801.590s][info][gc             ] GC(529) Pause Young (Concurrent Start) (G1 Evacuation Pause) 3558M->1391M(4096M) 118.928ms
[2801.590s][info][gc             ] GC(530) Concurrent Mark Cycle
[2801.590s][info][gc,marking     ] GC(530) Concurrent Scan Root Regions
[2801.590s][info][gc,cpu         ] GC(529) User=0.71s Sys=0.00s Real=0.12s
[2801.725s][info][gc,marking     ] GC(530) Concurrent Scan Root Regions 134.588ms
[2801.725s][info][gc,marking     ] GC(530) Concurrent Mark
[2801.725s][info][gc,marking     ] GC(530) Concurrent Mark From Roots
[2801.725s][info][gc,task        ] GC(530) Using 2 workers of 2 for marking
[2802.339s][info][gc,marking     ] GC(530) Concurrent Mark From Roots 614.037ms
[2802.339s][info][gc,marking     ] GC(530) Concurrent Preclean
[2802.339s][info][gc,marking     ] GC(530) Concurrent Preclean 0.092ms
[2802.339s][info][gc,start       ] GC(530) Pause Remark
[2802.344s][info][gc             ] GC(530) Pause Remark 1841M->1841M(4096M) 5.052ms
[2802.344s][info][gc,cpu         ] GC(530) User=0.03s Sys=0.00s Real=0.01s
[2802.344s][info][gc,marking     ] GC(530) Concurrent Mark 619.572ms
[2802.344s][info][gc,marking     ] GC(530) Concurrent Rebuild Remembered Sets and Scrub Regions
.[2802.586s][info][gc,marking     ] GC(530) Concurrent Rebuild Remembered Sets and Scrub Regions 241.053ms
[2802.586s][info][gc,start       ] GC(530) Pause Cleanup
[2802.586s][info][gc             ] GC(530) Pause Cleanup 1961M->1961M(4096M) 0.114ms
[2802.586s][info][gc,cpu         ] GC(530) User=0.00s Sys=0.00s Real=0.00s
[2802.586s][info][gc,marking     ] GC(530) Concurrent Clear Claimed Marks
[2802.586s][info][gc,marking     ] GC(530) Concurrent Clear Claimed Marks 0.036ms
[2802.586s][info][gc,marking     ] GC(530) Concurrent Cleanup for Next Mark
[2802.591s][info][gc,marking     ] GC(530) Concurrent Cleanup for Next Mark 4.718ms
[2802.591s][info][gc             ] GC(530) Concurrent Mark Cycle 1000.479ms
...[2805.601s][info][gc,start       ] GC(531) Pause Young (Prepare Mixed) (G1 Evacuation Pause)
[2805.601s][info][gc,task        ] GC(531) Using 6 workers of 6 for evacuation
[2805.715s][info][gc,phases      ] GC(531)   Pre Evacuate Collection Set: 0.37ms
[2805.715s][info][gc,phases      ] GC(531)   Merge Heap Roots: 0.56ms
[2805.715s][info][gc,phases      ] GC(531)   Evacuate Collection Set: 112.53ms
[2805.715s][info][gc,phases      ] GC(531)   Post Evacuate Collection Set: 0.95ms
[2805.715s][info][gc,phases      ] GC(531)   Other: 0.09ms
[2805.715s][info][gc,heap        ] GC(531) Eden regions: 1116->0(1113)
[2805.715s][info][gc,heap        ] GC(531) Survivor regions: 112->108(154)
[2805.715s][info][gc,heap        ] GC(531) Old regions: 505->536
[2805.715s][info][gc,heap        ] GC(531) Humongous regions: 80->80
[2805.715s][info][gc,metaspace   ] GC(531) Metaspace: 28963K(29312K)->28963K(29312K) NonClass: 24084K(24256K)->24084K(24256K) Class: 4878K(5056K)->4878K(5056K)
[2805.715s][info][gc             ] GC(531) Pause Young (Prepare Mixed) (G1 Evacuation Pause) 3623M->1447M(4096M) 114.637ms
[2805.715s][info][gc,cpu         ] GC(531) User=0.67s Sys=0.00s Real=0.12s
....[2809.572s][info][gc,start       ] GC(532) Pause Young (Mixed) (G1 Evacuation Pause)
[2809.572s][info][gc,task        ] GC(532) Using 6 workers of 6 for evacuation
[2809.709s][info][gc,phases      ] GC(532)   Pre Evacuate Collection Set: 0.38ms
[2809.709s][info][gc,phases      ] GC(532)   Merge Heap Roots: 0.75ms
[2809.709s][info][gc,phases      ] GC(532)   Evacuate Collection Set: 134.24ms
[2809.709s][info][gc,phases      ] GC(532)   Post Evacuate Collection Set: 0.94ms
[2809.709s][info][gc,phases      ] GC(532)   Other: 0.09ms
[2809.709s][info][gc,heap        ] GC(532) Eden regions: 1113->0(1115)
[2809.709s][info][gc,heap        ] GC(532) Survivor regions: 108->113(153)
[2809.709s][info][gc,heap        ] GC(532) Old regions: 536->473
[2809.709s][info][gc,heap        ] GC(532) Humongous regions: 80->80
[2809.709s][info][gc,metaspace   ] GC(532) Metaspace: 28963K(29312K)->28963K(29312K) NonClass: 24084K(24256K)->24084K(24256K) Class: 4878K(5056K)->4878K(5056K)
[2809.709s][info][gc             ] GC(532) Pause Young (Mixed) (G1 Evacuation Pause) 3673M->1329M(4096M) 136.534ms
[2809.709s][info][gc,cpu         ] GC(532) User=0.80s Sys=0.00s Real=0.14s
....[2813.552s][info][gc,start       ] GC(533) Pause Young (Concurrent Start) (G1 Evacuation Pause)
[2813.552s][info][gc,task        ] GC(533) Using 6 workers of 6 for evacuation
[2813.668s][info][gc,phases      ] GC(533)   Pre Evacuate Collection Set: 0.39ms
[2813.668s][info][gc,phases      ] GC(533)   Merge Heap Roots: 0.51ms
[2813.668s][info][gc,phases      ] GC(533)   Evacuate Collection Set: 113.83ms
[2813.668s][info][gc,phases      ] GC(533)   Post Evacuate Collection Set: 0.89ms
[2813.668s][info][gc,phases      ] GC(533)   Other: 0.11ms
[2813.668s][info][gc,heap        ] GC(533) Eden regions: 1115->0(1118)
[2813.668s][info][gc,heap        ] GC(533) Survivor regions: 113->110(154)
[2813.668s][info][gc,heap        ] GC(533) Old regions: 473->505
[2813.668s][info][gc,heap        ] GC(533) Humongous regions: 80->80
[2813.668s][info][gc,metaspace   ] GC(533) Metaspace: 28963K(29312K)->28963K(29312K) NonClass: 24084K(24256K)->24084K(24256K) Class: 4878K(5056K)->4878K(5056K)
[2813.668s][info][gc             ] GC(533) Pause Young (Concurrent Start) (G1 Evacuation Pause) 3559M->1388M(4096M) 115.855ms
[2813.668s][info][gc             ] GC(534) Concurrent Mark Cycle
[2813.668s][info][gc,marking     ] GC(534) Concurrent Scan Root Regions
[2813.668s][info][gc,cpu         ] GC(533) User=0.68s Sys=0.01s Real=0.12s
[2813.840s][info][gc,marking     ] GC(534) Concurrent Scan Root Regions 172.296ms
[2813.840s][info][gc,marking     ] GC(534) Concurrent Mark
[2813.840s][info][gc,marking     ] GC(534) Concurrent Mark From Roots
[2813.840s][info][gc,task        ] GC(534) Using 2 workers of 2 for marking
.[2814.780s][info][gc,marking     ] GC(534) Concurrent Mark From Roots 940.304ms
[2814.781s][info][gc,marking     ] GC(534) Concurrent Preclean
[2814.781s][info][gc,marking     ] GC(534) Concurrent Preclean 0.137ms
[2814.782s][info][gc,start       ] GC(534) Pause Remark
[2814.787s][info][gc             ] GC(534) Pause Remark 2052M->2052M(4096M) 4.693ms
[2814.787s][info][gc,cpu         ] GC(534) User=0.03s Sys=0.00s Real=0.01s
[2814.787s][info][gc,marking     ] GC(534) Concurrent Mark 946.606ms
[2814.787s][info][gc,marking     ] GC(534) Concurrent Rebuild Remembered Sets and Scrub Regions
[2815.055s][info][gc,marking     ] GC(534) Concurrent Rebuild Remembered Sets and Scrub Regions 268.460ms
[2815.055s][info][gc,start       ] GC(534) Pause Cleanup
[2815.056s][info][gc             ] GC(534) Pause Cleanup 2217M->2217M(4096M) 0.115ms
[2815.056s][info][gc,cpu         ] GC(534) User=0.00s Sys=0.00s Real=0.00s
[2815.056s][info][gc,marking     ] GC(534) Concurrent Clear Claimed Marks
[2815.056s][info][gc,marking     ] GC(534) Concurrent Clear Claimed Marks 0.026ms
[2815.056s][info][gc,marking     ] GC(534) Concurrent Cleanup for Next Mark
[2815.059s][info][gc,marking     ] GC(534) Concurrent Cleanup for Next Mark 3.345ms
[2815.059s][info][gc             ] GC(534) Concurrent Mark Cycle 1391.185ms
...[2817.618s][info][gc,start       ] GC(535) Pause Young (Prepare Mixed) (G1 Evacuation Pause)
[2817.618s][info][gc,task        ] GC(535) Using 6 workers of 6 for evacuation
[2817.734s][info][gc,phases      ] GC(535)   Pre Evacuate Collection Set: 0.38ms
[2817.735s][info][gc,phases      ] GC(535)   Merge Heap Roots: 0.60ms
[2817.735s][info][gc,phases      ] GC(535)   Evacuate Collection Set: 114.07ms
[2817.735s][info][gc,phases      ] GC(535)   Post Evacuate Collection Set: 0.95ms
[2817.735s][info][gc,phases      ] GC(535)   Other: 0.10ms
[2817.735s][info][gc,heap        ] GC(535) Eden regions: 1118->0(1112)
[2817.735s][info][gc,heap        ] GC(535) Survivor regions: 110->108(154)
[2817.735s][info][gc,heap        ] GC(535) Old regions: 505->537
[2817.735s][info][gc,heap        ] GC(535) Humongous regions: 80->80
[2817.735s][info][gc,metaspace   ] GC(535) Metaspace: 28963K(29312K)->28963K(29312K) NonClass: 24084K(24256K)->24084K(24256K) Class: 4878K(5056K)->4878K(5056K)
[2817.735s][info][gc             ] GC(535) Pause Young (Prepare Mixed) (G1 Evacuation Pause) 3624M->1447M(4096M) 116.238ms
[2817.735s][info][gc,cpu         ] GC(535) User=0.69s Sys=0.00s Real=0.12s
....[2821.692s][info][gc,start       ] GC(536) Pause Young (Mixed) (G1 Evacuation Pause)
[2821.692s][info][gc,task        ] GC(536) Using 6 workers of 6 for evacuation
[2821.825s][info][gc,phases      ] GC(536)   Pre Evacuate Collection Set: 0.39ms
[2821.825s][info][gc,phases      ] GC(536)   Merge Heap Roots: 0.64ms
[2821.825s][info][gc,phases      ] GC(536)   Evacuate Collection Set: 130.91ms
[2821.825s][info][gc,phases      ] GC(536)   Post Evacuate Collection Set: 0.94ms
[2821.825s][info][gc,phases      ] GC(536)   Other: 0.09ms
[2821.825s][info][gc,heap        ] GC(536) Eden regions: 1112->0(1117)
[2821.825s][info][gc,heap        ] GC(536) Survivor regions: 108->111(153)
[2821.825s][info][gc,heap        ] GC(536) Old regions: 537->474
[2821.825s][info][gc,heap        ] GC(536) Humongous regions: 80->80
[2821.825s][info][gc,metaspace   ] GC(536) Metaspace: 28963K(29312K)->28963K(29312K) NonClass: 24084K(24256K)->24084K(24256K) Class: 4878K(5056K)->4878K(5056K)
[2821.825s][info][gc             ] GC(536) Pause Young (Mixed) (G1 Evacuation Pause) 3671M->1328M(4096M) 133.119ms
[2821.825s][info][gc,cpu         ] GC(536) User=0.78s Sys=0.00s Real=0.14s
....[2825.705s][info][gc,start       ] GC(537) Pause Young (Concurrent Start) (G1 Evacuation Pause)
[2825.706s][info][gc,task        ] GC(537) Using 6 workers of 6 for evacuation
[2825.820s][info][gc,phases      ] GC(537)   Pre Evacuate Collection Set: 0.41ms
[2825.820s][info][gc,phases      ] GC(537)   Merge Heap Roots: 0.45ms
[2825.820s][info][gc,phases      ] GC(537)   Evacuate Collection Set: 112.83ms
[2825.820s][info][gc,phases      ] GC(537)   Post Evacuate Collection Set: 0.88ms
[2825.820s][info][gc,phases      ] GC(537)   Other: 0.11ms
[2825.820s][info][gc,heap        ] GC(537) Eden regions: 1117->0(1120)
[2825.820s][info][gc,heap        ] GC(537) Survivor regions: 111->108(154)
[2825.820s][info][gc,heap        ] GC(537) Old regions: 474->507
[2825.820s][info][gc,heap        ] GC(537) Humongous regions: 80->80
[2825.820s][info][gc,metaspace   ] GC(537) Metaspace: 28963K(29312K)->28963K(29312K) NonClass: 24084K(24256K)->24084K(24256K) Class: 4878K(5056K)->4878K(5056K)
[2825.820s][info][gc             ] GC(537) Pause Young (Concurrent Start) (G1 Evacuation Pause) 3562M->1388M(4096M) 114.821ms
[2825.820s][info][gc             ] GC(538) Concurrent Mark Cycle
[2825.820s][info][gc,marking     ] GC(538) Concurrent Scan Root Regions
[2825.820s][info][gc,cpu         ] GC(537) User=0.68s Sys=0.00s Real=0.11s
[2825.982s][info][gc,marking     ] GC(538) Concurrent Scan Root Regions 161.300ms
[2825.982s][info][gc,marking     ] GC(538) Concurrent Mark
[2825.982s][info][gc,marking     ] GC(538) Concurrent Mark From Roots
[2825.982s][info][gc,task        ] GC(538) Using 2 workers of 2 for marking
.[2826.720s][info][gc,marking     ] GC(538) Concurrent Mark From Roots 738.186ms
[2826.720s][info][gc,marking     ] GC(538) Concurrent Preclean
[2826.720s][info][gc,marking     ] GC(538) Concurrent Preclean 0.103ms
[2826.720s][info][gc,start       ] GC(538) Pause Remark
[2826.724s][info][gc             ] GC(538) Pause Remark 1958M->1958M(4096M) 4.279ms
[2826.725s][info][gc,cpu         ] GC(538) User=0.03s Sys=0.00s Real=0.01s
[2826.725s][info][gc,marking     ] GC(538) Concurrent Mark 742.838ms
[2826.725s][info][gc,marking     ] GC(538) Concurrent Rebuild Remembered Sets and Scrub Regions
[2826.979s][info][gc,marking     ] GC(538) Concurrent Rebuild Remembered Sets and Scrub Regions 254.029ms
[2826.979s][info][gc,start       ] GC(538) Pause Cleanup
[2826.979s][info][gc             ] GC(538) Pause Cleanup 2076M->2076M(4096M) 0.111ms
[2826.979s][info][gc,cpu         ] GC(538) User=0.00s Sys=0.00s Real=0.00s
[2826.979s][info][gc,marking     ] GC(538) Concurrent Clear Claimed Marks
[2826.979s][info][gc,marking     ] GC(538) Concurrent Clear Claimed Marks 0.027ms
[2826.979s][info][gc,marking     ] GC(538) Concurrent Cleanup for Next Mark
[2826.982s][info][gc,marking     ] GC(538) Concurrent Cleanup for Next Mark 3.243ms
[2826.982s][info][gc             ] GC(538) Concurrent Mark Cycle 1161.858ms
...[2829.762s][info][gc,start       ] GC(539) Pause Young (Prepare Mixed) (G1 Evacuation Pause)
[2829.762s][info][gc,task        ] GC(539) Using 6 workers of 6 for evacuation
[2829.878s][info][gc,phases      ] GC(539)   Pre Evacuate Collection Set: 0.36ms
[2829.878s][info][gc,phases      ] GC(539)   Merge Heap Roots: 0.54ms
[2829.878s][info][gc,phases      ] GC(539)   Evacuate Collection Set: 113.46ms
[2829.878s][info][gc,phases      ] GC(539)   Post Evacuate Collection Set: 0.93ms
[2829.878s][info][gc,phases      ] GC(539)   Other: 0.09ms
[2829.878s][info][gc,heap        ] GC(539) Eden regions: 1120->0(1109)
[2829.878s][info][gc,heap        ] GC(539) Survivor regions: 108->109(154)
[2829.878s][info][gc,heap        ] GC(539) Old regions: 507->538
[2829.878s][info][gc,heap        ] GC(539) Humongous regions: 80->80
[2829.878s][info][gc,metaspace   ] GC(539) Metaspace: 28963K(29312K)->28963K(29312K) NonClass: 24084K(24256K)->24084K(24256K) Class: 4878K(5056K)->4878K(5056K)
[2829.878s][info][gc             ] GC(539) Pause Young (Prepare Mixed) (G1 Evacuation Pause) 3628M->1452M(4096M) 115.526ms
[2829.878s][info][gc,cpu         ] GC(539) User=0.68s Sys=0.00s Real=0.12s
....[2833.736s][info][gc,start       ] GC(540) Pause Young (Mixed) (G1 Evacuation Pause)
[2833.736s][info][gc,task        ] GC(540) Using 6 workers of 6 for evacuation
[2833.866s][info][gc,phases      ] GC(540)   Pre Evacuate Collection Set: 0.36ms
[2833.866s][info][gc,phases      ] GC(540)   Merge Heap Roots: 0.72ms
[2833.866s][info][gc,phases      ] GC(540)   Evacuate Collection Set: 127.88ms
[2833.866s][info][gc,phases      ] GC(540)   Post Evacuate Collection Set: 0.97ms
[2833.866s][info][gc,phases      ] GC(540)   Other: 0.09ms
[2833.866s][info][gc,heap        ] GC(540) Eden regions: 1109->0(1119)
[2833.866s][info][gc,heap        ] GC(540) Survivor regions: 109->109(153)
[2833.866s][info][gc,heap        ] GC(540) Old regions: 538->474
[2833.866s][info][gc,heap        ] GC(540) Humongous regions: 80->80
[2833.866s][info][gc,metaspace   ] GC(540) Metaspace: 28963K(29312K)->28963K(29312K) NonClass: 24084K(24256K)->24084K(24256K) Class: 4878K(5056K)->4878K(5056K)
[2833.866s][info][gc             ] GC(540) Pause Young (Mixed) (G1 Evacuation Pause) 3670M->1323M(4096M) 130.152ms
[2833.866s][info][gc,cpu         ] GC(540) User=0.77s Sys=0.00s Real=0.13s
.... (rIR:aIR:PR = 4705:4706:4706) (tPR = 69537) [OK] 
  2837s: Performance info:
         Transaction,    Success,    Partial,     Failed,   Receipts, AvgBarcode, 
             Overall,     282583,          0,          0,     268451,      59.47, 
         Response times:
             Request,    Success,    Partial,     Failed,   SkipFail,     Probes,    Samples,      min,      p50,      p90,      p95,      p99,      max, 
       TotalPurchase,     268462,          0,          0,          0,     264665,     286297,      300,     3800,     7300,    12200,    46000,   157000,
     InStorePurchase,     141276,          0,          0,          0,     139744,     150998,      300,     3700,     7300,    11900,    46000,   150000,
      OnlinePurchase,      98964,          0,          0,          0,      97471,     105316,      300,     3800,     7200,    12300,    45000,   157000,
        InstPurchase,      28222,          0,          0,          0,      27450,      29983,      400,     4100,     7400,    13500,    47000,   150000,
          AssocOfCat,        282,          0,          0,          0,        218,        294,    22000,    32000,    45000,    62250,    97150,   150000,
      AssocOfProduct,       2812,          0,          0,          0,       2574,       2962,      900,     5300,     8800,    16970,    60000,   140000,
      BusinessReport,        708,          0,          0,          0,        629,        809,    25000,    36000,    56000,    73000,   135300,   190000,
          CustBuyBeh,       2825,          0,          0,          0,       2593,       3041,      400,     4100,     7500,    15460,    43000,   137000,
       ProductReturn,       7502,          0,          0,          0,       7030,       7985,      200,     4100,     7400,    13370,    49000,   144000,

  2837s: (35%)   IR =   4843 [2837.769s][info][gc,start       ] GC(541) Pause Young (Concurrent Start) (G1 Evacuation Pause)
[2837.769s][info][gc,task        ] GC(541) Using 6 workers of 6 for evacuation
[2837.886s][info][gc,phases      ] GC(541)   Pre Evacuate Collection Set: 0.37ms
[2837.886s][info][gc,phases      ] GC(541)   Merge Heap Roots: 0.52ms
[2837.886s][info][gc,phases      ] GC(541)   Evacuate Collection Set: 115.48ms
[2837.886s][info][gc,phases      ] GC(541)   Post Evacuate Collection Set: 0.92ms
[2837.886s][info][gc,phases      ] GC(541)   Other: 0.10ms
[2837.886s][info][gc,heap        ] GC(541) Eden regions: 1119->0(1120)
[2837.886s][info][gc,heap        ] GC(541) Survivor regions: 109->108(154)
[2837.886s][info][gc,heap        ] GC(541) Old regions: 474->506
[2837.886s][info][gc,heap        ] GC(541) Humongous regions: 80->80
[2837.886s][info][gc,metaspace   ] GC(541) Metaspace: 28963K(29312K)->28963K(29312K) NonClass: 24084K(24256K)->24084K(24256K) Class: 4878K(5056K)->4878K(5056K)
[2837.886s][info][gc             ] GC(541) Pause Young (Concurrent Start) (G1 Evacuation Pause) 3561M->1387M(4096M) 117.527ms
[2837.886s][info][gc             ] GC(542) Concurrent Mark Cycle
[2837.886s][info][gc,marking     ] GC(542) Concurrent Scan Root Regions
[2837.886s][info][gc,cpu         ] GC(541) User=0.69s Sys=0.00s Real=0.12s
[2838.055s][info][gc,marking     ] GC(542) Concurrent Scan Root Regions 168.458ms
[2838.055s][info][gc,marking     ] GC(542) Concurrent Mark
[2838.055s][info][gc,marking     ] GC(542) Concurrent Mark From Roots
[2838.055s][info][gc,task        ] GC(542) Using 2 workers of 2 for marking
.[2839.006s][info][gc,marking     ] GC(542) Concurrent Mark From Roots 950.900ms
[2839.006s][info][gc,marking     ] GC(542) Concurrent Preclean
[2839.006s][info][gc,marking     ] GC(542) Concurrent Preclean 0.143ms
[2839.009s][info][gc,start       ] GC(542) Pause Remark
[2839.013s][info][gc             ] GC(542) Pause Remark 2085M->2085M(4096M) 4.539ms
[2839.013s][info][gc,cpu         ] GC(542) User=0.02s Sys=0.00s Real=0.01s
[2839.013s][info][gc,marking     ] GC(542) Concurrent Mark 958.654ms
[2839.013s][info][gc,marking     ] GC(542) Concurrent Rebuild Remembered Sets and Scrub Regions
[2839.372s][info][gc,marking     ] GC(542) Concurrent Rebuild Remembered Sets and Scrub Regions 358.239ms
[2839.372s][info][gc,start       ] GC(542) Pause Cleanup
[2839.372s][info][gc             ] GC(542) Pause Cleanup 2316M->2316M(4096M) 0.110ms
[2839.372s][info][gc,cpu         ] GC(542) User=0.00s Sys=0.00s Real=0.00s
[2839.372s][info][gc,marking     ] GC(542) Concurrent Clear Claimed Marks
[2839.372s][info][gc,marking     ] GC(542) Concurrent Clear Claimed Marks 0.027ms
[2839.372s][info][gc,marking     ] GC(542) Concurrent Cleanup for Next Mark
[2839.377s][info][gc,marking     ] GC(542) Concurrent Cleanup for Next Mark 4.568ms
[2839.377s][info][gc             ] GC(542) Concurrent Mark Cycle 1490.393ms
...[2841.667s][info][gc,start       ] GC(543) Pause Young (Prepare Mixed) (G1 Evacuation Pause)
[2841.667s][info][gc,task        ] GC(543) Using 6 workers of 6 for evacuation
[2841.787s][info][gc,phases      ] GC(543)   Pre Evacuate Collection Set: 0.33ms
[2841.787s][info][gc,phases      ] GC(543)   Merge Heap Roots: 0.63ms
[2841.787s][info][gc,phases      ] GC(543)   Evacuate Collection Set: 118.20ms
[2841.787s][info][gc,phases      ] GC(543)   Post Evacuate Collection Set: 0.91ms
[2841.787s][info][gc,phases      ] GC(543)   Other: 0.11ms
[2841.787s][info][gc,heap        ] GC(543) Eden regions: 1120->0(1101)
[2841.787s][info][gc,heap        ] GC(543) Survivor regions: 108->113(154)
[2841.787s][info][gc,heap        ] GC(543) Old regions: 506->538
[2841.787s][info][gc,heap        ] GC(543) Humongous regions: 80->80
[2841.787s][info][gc,metaspace   ] GC(543) Metaspace: 28963K(29312K)->28963K(29312K) NonClass: 24084K(24256K)->24084K(24256K) Class: 4878K(5056K)->4878K(5056K)
[2841.787s][info][gc             ] GC(543) Pause Young (Prepare Mixed) (G1 Evacuation Pause) 3627M->1460M(4096M) 120.329ms
[2841.787s][info][gc,cpu         ] GC(543) User=0.71s Sys=0.00s Real=0.12s
..|..[2845.542s][info][gc,start       ] GC(544) Pause Young (Mixed) (G1 Evacuation Pause)
[2845.542s][info][gc,task        ] GC(544) Using 6 workers of 6 for evacuation
[2845.676s][info][gc,phases      ] GC(544)   Pre Evacuate Collection Set: 0.41ms
[2845.676s][info][gc,phases      ] GC(544)   Merge Heap Roots: 0.74ms
[2845.676s][info][gc,phases      ] GC(544)   Evacuate Collection Set: 131.28ms
[2845.676s][info][gc,phases      ] GC(544)   Post Evacuate Collection Set: 0.94ms
[2845.676s][info][gc,phases      ] GC(544)   Other: 0.09ms
[2845.676s][info][gc,heap        ] GC(544) Eden regions: 1101->0(1118)
[2845.676s][info][gc,heap        ] GC(544) Survivor regions: 113->110(152)
[2845.676s][info][gc,heap        ] GC(544) Old regions: 538->474
[2845.676s][info][gc,heap        ] GC(544) Humongous regions: 80->80
[2845.676s][info][gc,metaspace   ] GC(544) Metaspace: 28963K(29312K)->28963K(29312K) NonClass: 24084K(24256K)->24084K(24256K) Class: 4878K(5056K)->4878K(5056K)
[2845.676s][info][gc             ] GC(544) Pause Young (Mixed) (G1 Evacuation Pause) 3662M->1327M(4096M) 133.588ms
[2845.676s][info][gc,cpu         ] GC(544) User=0.79s Sys=0.00s Real=0.14s
....[2849.503s][info][gc,start       ] GC(545) Pause Young (Concurrent Start) (G1 Evacuation Pause)
[2849.503s][info][gc,task        ] GC(545) Using 6 workers of 6 for evacuation
[2849.618s][info][gc,phases      ] GC(545)   Pre Evacuate Collection Set: 0.39ms
[2849.618s][info][gc,phases      ] GC(545)   Merge Heap Roots: 0.45ms
[2849.618s][info][gc,phases      ] GC(545)   Evacuate Collection Set: 113.16ms
[2849.618s][info][gc,phases      ] GC(545)   Post Evacuate Collection Set: 0.87ms
[2849.618s][info][gc,phases      ] GC(545)   Other: 0.11ms
[2849.618s][info][gc,heap        ] GC(545) Eden regions: 1118->0(1118)
[2849.618s][info][gc,heap        ] GC(545) Survivor regions: 110->110(154)
[2849.618s][info][gc,heap        ] GC(545) Old regions: 474->506
[2849.618s][info][gc,heap        ] GC(545) Humongous regions: 80->80
[2849.618s][info][gc,metaspace   ] GC(545) Metaspace: 28963K(29312K)->28963K(29312K) NonClass: 24084K(24256K)->24084K(24256K) Class: 4878K(5056K)->4878K(5056K)
[2849.618s][info][gc             ] GC(545) Pause Young (Concurrent Start) (G1 Evacuation Pause) 3563M->1391M(4096M) 115.133ms
[2849.618s][info][gc             ] GC(546) Concurrent Mark Cycle
[2849.618s][info][gc,marking     ] GC(546) Concurrent Scan Root Regions
[2849.618s][info][gc,cpu         ] GC(545) User=0.68s Sys=0.00s Real=0.12s
[2849.749s][info][gc,marking     ] GC(546) Concurrent Scan Root Regions 131.401ms
[2849.749s][info][gc,marking     ] GC(546) Concurrent Mark
[2849.749s][info][gc,marking     ] GC(546) Concurrent Mark From Roots
[2849.749s][info][gc,task        ] GC(546) Using 2 workers of 2 for marking
[2850.416s][info][gc,marking     ] GC(546) Concurrent Mark From Roots 666.788ms
[2850.416s][info][gc,marking     ] GC(546) Concurrent Preclean
[2850.416s][info][gc,marking     ] GC(546) Concurrent Preclean 0.105ms
[2850.418s][info][gc,start       ] GC(546) Pause Remark
[2850.422s][info][gc             ] GC(546) Pause Remark 1929M->1929M(4096M) 4.319ms
[2850.422s][info][gc,cpu         ] GC(546) User=0.02s Sys=0.00s Real=0.00s
[2850.422s][info][gc,marking     ] GC(546) Concurrent Mark 673.041ms
[2850.422s][info][gc,marking     ] GC(546) Concurrent Rebuild Remembered Sets and Scrub Regions
.[2850.675s][info][gc,marking     ] GC(546) Concurrent Rebuild Remembered Sets and Scrub Regions 252.859ms
[2850.675s][info][gc,start       ] GC(546) Pause Cleanup
[2850.675s][info][gc             ] GC(546) Pause Cleanup 2113M->2113M(4096M) 0.118ms
[2850.675s][info][gc,cpu         ] GC(546) User=0.00s Sys=0.00s Real=0.00s
[2850.676s][info][gc,marking     ] GC(546) Concurrent Clear Claimed Marks
[2850.676s][info][gc,marking     ] GC(546) Concurrent Clear Claimed Marks 0.033ms
[2850.676s][info][gc,marking     ] GC(546) Concurrent Cleanup for Next Mark
[2850.681s][info][gc,marking     ] GC(546) Concurrent Cleanup for Next Mark 5.338ms
[2850.681s][info][gc             ] GC(546) Concurrent Mark Cycle 1063.323ms
..[2853.374s][info][gc,start       ] GC(547) Pause Young (Prepare Mixed) (G1 Evacuation Pause)
[2853.374s][info][gc,task        ] GC(547) Using 6 workers of 6 for evacuation
[2853.493s][info][gc,phases      ] GC(547)   Pre Evacuate Collection Set: 0.33ms
[2853.493s][info][gc,phases      ] GC(547)   Merge Heap Roots: 0.60ms
[2853.493s][info][gc,phases      ] GC(547)   Evacuate Collection Set: 117.17ms
[2853.493s][info][gc,phases      ] GC(547)   Post Evacuate Collection Set: 0.94ms
[2853.493s][info][gc,phases      ] GC(547)   Other: 0.09ms
[2853.493s][info][gc,heap        ] GC(547) Eden regions: 1118->0(1105)
[2853.493s][info][gc,heap        ] GC(547) Survivor regions: 110->111(154)
[2853.493s][info][gc,heap        ] GC(547) Old regions: 506->538
[2853.493s][info][gc,heap        ] GC(547) Humongous regions: 80->80
[2853.493s][info][gc,metaspace   ] GC(547) Metaspace: 28963K(29312K)->28963K(29312K) NonClass: 24084K(24256K)->24084K(24256K) Class: 4878K(5056K)->4878K(5056K)
[2853.493s][info][gc             ] GC(547) Pause Young (Prepare Mixed) (G1 Evacuation Pause) 3627M->1456M(4096M) 119.266ms
[2853.493s][info][gc,cpu         ] GC(547) User=0.71s Sys=0.00s Real=0.12s
....[2857.293s][info][gc,start       ] GC(548) Pause Young (Mixed) (G1 Evacuation Pause)
[2857.293s][info][gc,task        ] GC(548) Using 6 workers of 6 for evacuation
[2857.424s][info][gc,phases      ] GC(548)   Pre Evacuate Collection Set: 0.36ms
[2857.424s][info][gc,phases      ] GC(548)   Merge Heap Roots: 0.67ms
[2857.424s][info][gc,phases      ] GC(548)   Evacuate Collection Set: 128.93ms
[2857.424s][info][gc,phases      ] GC(548)   Post Evacuate Collection Set: 0.94ms
[2857.424s][info][gc,phases      ] GC(548)   Other: 0.09ms
[2857.424s][info][gc,heap        ] GC(548) Eden regions: 1105->0(1119)
[2857.424s][info][gc,heap        ] GC(548) Survivor regions: 111->109(152)
[2857.424s][info][gc,heap        ] GC(548) Old regions: 538->474
[2857.424s][info][gc,heap        ] GC(548) Humongous regions: 80->80
[2857.424s][info][gc,metaspace   ] GC(548) Metaspace: 28963K(29312K)->28963K(29312K) NonClass: 24084K(24256K)->24084K(24256K) Class: 4878K(5056K)->4878K(5056K)
[2857.424s][info][gc             ] GC(548) Pause Young (Mixed) (G1 Evacuation Pause) 3666M->1323M(4096M) 131.157ms
[2857.424s][info][gc,cpu         ] GC(548) User=0.78s Sys=0.00s Real=0.13s
....[2861.172s][info][gc,start       ] GC(549) Pause Young (Concurrent Start) (G1 Evacuation Pause)
[2861.172s][info][gc,task        ] GC(549) Using 6 workers of 6 for evacuation
[2861.288s][info][gc,phases      ] GC(549)   Pre Evacuate Collection Set: 0.39ms
[2861.288s][info][gc,phases      ] GC(549)   Merge Heap Roots: 0.56ms
[2861.288s][info][gc,phases      ] GC(549)   Evacuate Collection Set: 114.61ms
[2861.288s][info][gc,phases      ] GC(549)   Post Evacuate Collection Set: 0.90ms
[2861.288s][info][gc,phases      ] GC(549)   Other: 0.11ms
[2861.288s][info][gc,heap        ] GC(549) Eden regions: 1119->0(1119)
[2861.288s][info][gc,heap        ] GC(549) Survivor regions: 109->109(154)
[2861.288s][info][gc,heap        ] GC(549) Old regions: 474->505
[2861.288s][info][gc,heap        ] GC(549) Humongous regions: 80->80
[2861.288s][info][gc,metaspace   ] GC(549) Metaspace: 28963K(29312K)->28963K(29312K) NonClass: 24084K(24256K)->24084K(24256K) Class: 4878K(5056K)->4878K(5056K)
[2861.288s][info][gc             ] GC(549) Pause Young (Concurrent Start) (G1 Evacuation Pause) 3561M->1386M(4096M) 116.686ms
[2861.288s][info][gc             ] GC(550) Concurrent Mark Cycle
[2861.288s][info][gc,marking     ] GC(550) Concurrent Scan Root Regions
[2861.288s][info][gc,cpu         ] GC(549) User=0.69s Sys=0.00s Real=0.12s
[2861.450s][info][gc,marking     ] GC(550) Concurrent Scan Root Regions 161.214ms
[2861.450s][info][gc,marking     ] GC(550) Concurrent Mark
[2861.450s][info][gc,marking     ] GC(550) Concurrent Mark From Roots
[2861.450s][info][gc,task        ] GC(550) Using 2 workers of 2 for marking
.[2862.210s][info][gc,marking     ] GC(550) Concurrent Mark From Roots 759.975ms
[2862.210s][info][gc,marking     ] GC(550) Concurrent Preclean
[2862.210s][info][gc,marking     ] GC(550) Concurrent Preclean 0.124ms
[2862.210s][info][gc,start       ] GC(550) Pause Remark
[2862.215s][info][gc             ] GC(550) Pause Remark 1987M->1987M(4096M) 4.499ms
[2862.215s][info][gc,cpu         ] GC(550) User=0.03s Sys=0.00s Real=0.01s
[2862.215s][info][gc,marking     ] GC(550) Concurrent Mark 764.997ms
[2862.215s][info][gc,marking     ] GC(550) Concurrent Rebuild Remembered Sets and Scrub Regions
.[2862.582s][info][gc,marking     ] GC(550) Concurrent Rebuild Remembered Sets and Scrub Regions 366.833ms
[2862.582s][info][gc,start       ] GC(550) Pause Cleanup
[2862.582s][info][gc             ] GC(550) Pause Cleanup 2202M->2202M(4096M) 0.111ms
[2862.582s][info][gc,cpu         ] GC(550) User=0.00s Sys=0.00s Real=0.00s
[2862.582s][info][gc,marking     ] GC(550) Concurrent Clear Claimed Marks
[2862.582s][info][gc,marking     ] GC(550) Concurrent Clear Claimed Marks 0.027ms
[2862.582s][info][gc,marking     ] GC(550) Concurrent Cleanup for Next Mark
[2862.586s][info][gc,marking     ] GC(550) Concurrent Cleanup for Next Mark 3.614ms
[2862.586s][info][gc             ] GC(550) Concurrent Mark Cycle 1297.109ms
..[2865.080s][info][gc,start       ] GC(551) Pause Young (Prepare Mixed) (G1 Evacuation Pause)
[2865.080s][info][gc,task        ] GC(551) Using 6 workers of 6 for evacuation
[2865.197s][info][gc,phases      ] GC(551)   Pre Evacuate Collection Set: 0.36ms
[2865.197s][info][gc,phases      ] GC(551)   Merge Heap Roots: 0.54ms
[2865.197s][info][gc,phases      ] GC(551)   Evacuate Collection Set: 114.95ms
[2865.197s][info][gc,phases      ] GC(551)   Post Evacuate Collection Set: 0.92ms
[2865.197s][info][gc,phases      ] GC(551)   Other: 0.09ms
[2865.197s][info][gc,heap        ] GC(551) Eden regions: 1119->0(1109)
[2865.197s][info][gc,heap        ] GC(551) Survivor regions: 109->109(154)
[2865.197s][info][gc,heap        ] GC(551) Old regions: 505->538
[2865.197s][info][gc,heap        ] GC(551) Humongous regions: 80->80
[2865.197s][info][gc,metaspace   ] GC(551) Metaspace: 28963K(29312K)->28963K(29312K) NonClass: 24084K(24256K)->24084K(24256K) Class: 4878K(5056K)->4878K(5056K)
[2865.197s][info][gc             ] GC(551) Pause Young (Prepare Mixed) (G1 Evacuation Pause) 3624M->1452M(4096M) 116.996ms
[2865.197s][info][gc,cpu         ] GC(551) User=0.69s Sys=0.00s Real=0.12s
....[2868.992s][info][gc,start       ] GC(552) Pause Young (Mixed) (G1 Evacuation Pause)
[2868.992s][info][gc,task        ] GC(552) Using 6 workers of 6 for evacuation
[2869.127s][info][gc,phases      ] GC(552)   Pre Evacuate Collection Set: 0.39ms
[2869.127s][info][gc,phases      ] GC(552)   Merge Heap Roots: 0.65ms
[2869.127s][info][gc,phases      ] GC(552)   Evacuate Collection Set: 132.27ms
[2869.127s][info][gc,phases      ] GC(552)   Post Evacuate Collection Set: 0.95ms
[2869.127s][info][gc,phases      ] GC(552)   Other: 0.09ms
[2869.127s][info][gc,heap        ] GC(552) Eden regions: 1109->0(1117)
[2869.127s][info][gc,heap        ] GC(552) Survivor regions: 109->111(153)
[2869.127s][info][gc,heap        ] GC(552) Old regions: 538->473
[2869.127s][info][gc,heap        ] GC(552) Humongous regions: 80->80
[2869.127s][info][gc,metaspace   ] GC(552) Metaspace: 28963K(29312K)->28963K(29312K) NonClass: 24084K(24256K)->24084K(24256K) Class: 4878K(5056K)->4878K(5056K)
[2869.127s][info][gc             ] GC(552) Pause Young (Mixed) (G1 Evacuation Pause) 3670M->1326M(4096M) 134.484ms
[2869.127s][info][gc,cpu         ] GC(552) User=0.79s Sys=0.00s Real=0.14s
....[2872.902s][info][gc,start       ] GC(553) Pause Young (Concurrent Start) (G1 Evacuation Pause)
[2872.902s][info][gc,task        ] GC(553) Using 6 workers of 6 for evacuation
[2873.021s][info][gc,phases      ] GC(553)   Pre Evacuate Collection Set: 0.40ms
[2873.021s][info][gc,phases      ] GC(553)   Merge Heap Roots: 0.45ms
[2873.021s][info][gc,phases      ] GC(553)   Evacuate Collection Set: 116.48ms
[2873.021s][info][gc,phases      ] GC(553)   Post Evacuate Collection Set: 0.90ms
[2873.021s][info][gc,phases      ] GC(553)   Other: 0.13ms
[2873.021s][info][gc,heap        ] GC(553) Eden regions: 1117->0(1118)
[2873.021s][info][gc,heap        ] GC(553) Survivor regions: 111->110(154)
[2873.021s][info][gc,heap        ] GC(553) Old regions: 473->505
[2873.021s][info][gc,heap        ] GC(553) Humongous regions: 80->80
[2873.021s][info][gc,metaspace   ] GC(553) Metaspace: 28963K(29312K)->28963K(29312K) NonClass: 24084K(24256K)->24084K(24256K) Class: 4878K(5056K)->4878K(5056K)
[2873.021s][info][gc             ] GC(553) Pause Young (Concurrent Start) (G1 Evacuation Pause) 3560M->1389M(4096M) 118.486ms
[2873.021s][info][gc             ] GC(554) Concurrent Mark Cycle
[2873.021s][info][gc,marking     ] GC(554) Concurrent Scan Root Regions
[2873.021s][info][gc,cpu         ] GC(553) User=0.70s Sys=0.00s Real=0.12s
[2873.176s][info][gc,marking     ] GC(554) Concurrent Scan Root Regions 155.419ms
[2873.176s][info][gc,marking     ] GC(554) Concurrent Mark
[2873.176s][info][gc,marking     ] GC(554) Concurrent Mark From Roots
[2873.176s][info][gc,task        ] GC(554) Using 2 workers of 2 for marking
.[2873.957s][info][gc,marking     ] GC(554) Concurrent Mark From Roots 780.890ms
[2873.957s][info][gc,marking     ] GC(554) Concurrent Preclean
[2873.957s][info][gc,marking     ] GC(554) Concurrent Preclean 0.089ms
[2873.957s][info][gc,start       ] GC(554) Pause Remark
[2873.962s][info][gc             ] GC(554) Pause Remark 1988M->1988M(4096M) 4.564ms
[2873.962s][info][gc,cpu         ] GC(554) User=0.02s Sys=0.00s Real=0.00s
[2873.962s][info][gc,marking     ] GC(554) Concurrent Mark 785.800ms
[2873.962s][info][gc,marking     ] GC(554) Concurrent Rebuild Remembered Sets and Scrub Regions
[2874.314s][info][gc,marking     ] GC(554) Concurrent Rebuild Remembered Sets and Scrub Regions 351.762ms
[2874.314s][info][gc,start       ] GC(554) Pause Cleanup
[2874.314s][info][gc             ] GC(554) Pause Cleanup 2179M->2179M(4096M) 0.120ms
[2874.314s][info][gc,cpu         ] GC(554) User=0.00s Sys=0.00s Real=0.00s
[2874.314s][info][gc,marking     ] GC(554) Concurrent Clear Claimed Marks
[2874.314s][info][gc,marking     ] GC(554) Concurrent Clear Claimed Marks 0.025ms
[2874.314s][info][gc,marking     ] GC(554) Concurrent Cleanup for Next Mark
[2874.317s][info][gc,marking     ] GC(554) Concurrent Cleanup for Next Mark 3.350ms
[2874.317s][info][gc             ] GC(554) Concurrent Mark Cycle 1296.788ms
...[2876.840s][info][gc,start       ] GC(555) Pause Young (Prepare Mixed) (G1 Evacuation Pause)
[2876.840s][info][gc,task        ] GC(555) Using 6 workers of 6 for evacuation
[2876.962s][info][gc,phases      ] GC(555)   Pre Evacuate Collection Set: 0.33ms
[2876.962s][info][gc,phases      ] GC(555)   Merge Heap Roots: 0.54ms
[2876.962s][info][gc,phases      ] GC(555)   Evacuate Collection Set: 120.67ms
[2876.962s][info][gc,phases      ] GC(555)   Post Evacuate Collection Set: 0.93ms
[2876.962s][info][gc,phases      ] GC(555)   Other: 0.09ms
[2876.962s][info][gc,heap        ] GC(555) Eden regions: 1118->0(1102)
[2876.962s][info][gc,heap        ] GC(555) Survivor regions: 110->113(154)
[2876.962s][info][gc,heap        ] GC(555) Old regions: 505->537
[2876.962s][info][gc,heap        ] GC(555) Humongous regions: 80->80
[2876.962s][info][gc,metaspace   ] GC(555) Metaspace: 28963K(29312K)->28963K(29312K) NonClass: 24084K(24256K)->24084K(24256K) Class: 4878K(5056K)->4878K(5056K)
[2876.962s][info][gc             ] GC(555) Pause Young (Prepare Mixed) (G1 Evacuation Pause) 3625M->1458M(4096M) 122.695ms
[2876.962s][info][gc,cpu         ] GC(555) User=0.72s Sys=0.00s Real=0.12s
....[2880.638s][info][gc,start       ] GC(556) Pause Young (Mixed) (G1 Evacuation Pause)
[2880.639s][info][gc,task        ] GC(556) Using 6 workers of 6 for evacuation
[2880.766s][info][gc,phases      ] GC(556)   Pre Evacuate Collection Set: 0.41ms
[2880.766s][info][gc,phases      ] GC(556)   Merge Heap Roots: 0.62ms
[2880.766s][info][gc,phases      ] GC(556)   Evacuate Collection Set: 125.09ms
[2880.766s][info][gc,phases      ] GC(556)   Post Evacuate Collection Set: 0.96ms
[2880.766s][info][gc,phases      ] GC(556)   Other: 0.09ms
[2880.766s][info][gc,heap        ] GC(556) Eden regions: 1102->0(1122)
[2880.766s][info][gc,heap        ] GC(556) Survivor regions: 113->106(152)
[2880.766s][info][gc,heap        ] GC(556) Old regions: 537->475
[2880.766s][info][gc,heap        ] GC(556) Humongous regions: 80->80
[2880.766s][info][gc,metaspace   ] GC(556) Metaspace: 28963K(29312K)->28963K(29312K) NonClass: 24084K(24256K)->24084K(24256K) Class: 4878K(5056K)->4878K(5056K)
[2880.766s][info][gc             ] GC(556) Pause Young (Mixed) (G1 Evacuation Pause) 3662M->1320M(4096M) 127.315ms
[2880.766s][info][gc,cpu         ] GC(556) User=0.75s Sys=0.00s Real=0.13s
....[2884.631s][info][gc,start       ] GC(557) Pause Young (Concurrent Start) (G1 Evacuation Pause)
[2884.631s][info][gc,task        ] GC(557) Using 6 workers of 6 for evacuation
[2884.748s][info][gc,phases      ] GC(557)   Pre Evacuate Collection Set: 0.35ms
[2884.748s][info][gc,phases      ] GC(557)   Merge Heap Roots: 0.47ms
[2884.748s][info][gc,phases      ] GC(557)   Evacuate Collection Set: 115.64ms
[2884.748s][info][gc,phases      ] GC(557)   Post Evacuate Collection Set: 0.90ms
[2884.748s][info][gc,phases      ] GC(557)   Other: 0.12ms
[2884.748s][info][gc,heap        ] GC(557) Eden regions: 1122->0(1119)
[2884.748s][info][gc,heap        ] GC(557) Survivor regions: 106->109(154)
[2884.748s][info][gc,heap        ] GC(557) Old regions: 475->507
[2884.748s][info][gc,heap        ] GC(557) Humongous regions: 80->80
[2884.748s][info][gc,metaspace   ] GC(557) Metaspace: 28963K(29312K)->28963K(29312K) NonClass: 24084K(24256K)->24084K(24256K) Class: 4878K(5056K)->4878K(5056K)
[2884.748s][info][gc             ] GC(557) Pause Young (Concurrent Start) (G1 Evacuation Pause) 3564M->1390M(4096M) 117.616ms
[2884.748s][info][gc             ] GC(558) Concurrent Mark Cycle
[2884.748s][info][gc,marking     ] GC(558) Concurrent Scan Root Regions
[2884.748s][info][gc,cpu         ] GC(557) User=0.70s Sys=0.00s Real=0.12s
[2884.919s][info][gc,marking     ] GC(558) Concurrent Scan Root Regions 170.806ms
[2884.919s][info][gc,marking     ] GC(558) Concurrent Mark
[2884.919s][info][gc,marking     ] GC(558) Concurrent Mark From Roots
[2884.919s][info][gc,task        ] GC(558) Using 2 workers of 2 for marking
.[2885.651s][info][gc,marking     ] GC(558) Concurrent Mark From Roots 732.134ms
[2885.651s][info][gc,marking     ] GC(558) Concurrent Preclean
[2885.651s][info][gc,marking     ] GC(558) Concurrent Preclean 0.091ms
[2885.651s][info][gc,start       ] GC(558) Pause Remark
[2885.656s][info][gc             ] GC(558) Pause Remark 1978M->1978M(4096M) 4.782ms
[2885.656s][info][gc,cpu         ] GC(558) User=0.03s Sys=0.00s Real=0.01s
[2885.656s][info][gc,marking     ] GC(558) Concurrent Mark 737.287ms
[2885.656s][info][gc,marking     ] GC(558) Concurrent Rebuild Remembered Sets and Scrub Regions
[2885.936s][info][gc,marking     ] GC(558) Concurrent Rebuild Remembered Sets and Scrub Regions 279.548ms
[2885.936s][info][gc,start       ] GC(558) Pause Cleanup
[2885.936s][info][gc             ] GC(558) Pause Cleanup 2145M->2145M(4096M) 0.119ms
[2885.936s][info][gc,cpu         ] GC(558) User=0.00s Sys=0.00s Real=0.00s
[2885.936s][info][gc,marking     ] GC(558) Concurrent Clear Claimed Marks
[2885.936s][info][gc,marking     ] GC(558) Concurrent Clear Claimed Marks 0.030ms
[2885.936s][info][gc,marking     ] GC(558) Concurrent Cleanup for Next Mark
[2885.940s][info][gc,marking     ] GC(558) Concurrent Cleanup for Next Mark 3.722ms
[2885.940s][info][gc             ] GC(558) Concurrent Mark Cycle 1191.912ms
..[2888.513s][info][gc,start       ] GC(559) Pause Young (Prepare Mixed) (G1 Evacuation Pause)
[2888.513s][info][gc,task        ] GC(559) Using 6 workers of 6 for evacuation
[2888.632s][info][gc,phases      ] GC(559)   Pre Evacuate Collection Set: 0.32ms
[2888.632s][info][gc,phases      ] GC(559)   Merge Heap Roots: 0.50ms
[2888.632s][info][gc,phases      ] GC(559)   Evacuate Collection Set: 117.17ms
[2888.632s][info][gc,phases      ] GC(559)   Post Evacuate Collection Set: 0.93ms
[2888.632s][info][gc,phases      ] GC(559)   Other: 0.09ms
[2888.632s][info][gc,heap        ] GC(559) Eden regions: 1119->0(1103)
[2888.632s][info][gc,heap        ] GC(559) Survivor regions: 109->112(154)
[2888.632s][info][gc,heap        ] GC(559) Old regions: 507->538
[2888.632s][info][gc,heap        ] GC(559) Humongous regions: 80->80
[2888.632s][info][gc,metaspace   ] GC(559) Metaspace: 28963K(29312K)->28963K(29312K) NonClass: 24084K(24256K)->24084K(24256K) Class: 4878K(5056K)->4878K(5056K)
[2888.632s][info][gc             ] GC(559) Pause Young (Prepare Mixed) (G1 Evacuation Pause) 3628M->1458M(4096M) 119.176ms
[2888.632s][info][gc,cpu         ] GC(559) User=0.70s Sys=0.00s Real=0.12s
....[2892.376s][info][gc,start       ] GC(560) Pause Young (Mixed) (G1 Evacuation Pause)
[2892.376s][info][gc,task        ] GC(560) Using 6 workers of 6 for evacuation
[2892.510s][info][gc,phases      ] GC(560)   Pre Evacuate Collection Set: 0.38ms
[2892.510s][info][gc,phases      ] GC(560)   Merge Heap Roots: 0.61ms
[2892.510s][info][gc,phases      ] GC(560)   Evacuate Collection Set: 132.59ms
[2892.510s][info][gc,phases      ] GC(560)   Post Evacuate Collection Set: 0.97ms
[2892.510s][info][gc,phases      ] GC(560)   Other: 0.09ms
[2892.510s][info][gc,heap        ] GC(560) Eden regions: 1103->0(1117)
[2892.510s][info][gc,heap        ] GC(560) Survivor regions: 112->111(152)
[2892.510s][info][gc,heap        ] GC(560) Old regions: 538->472
[2892.510s][info][gc,heap        ] GC(560) Humongous regions: 80->80
[2892.510s][info][gc,metaspace   ] GC(560) Metaspace: 28963K(29312K)->28963K(29312K) NonClass: 24084K(24256K)->24084K(24256K) Class: 4878K(5056K)->4878K(5056K)
[2892.510s][info][gc             ] GC(560) Pause Young (Mixed) (G1 Evacuation Pause) 3664M->1324M(4096M) 134.770ms
[2892.510s][info][gc,cpu         ] GC(560) User=0.80s Sys=0.00s Real=0.13s
....[2896.278s][info][gc,start       ] GC(561) Pause Young (Concurrent Start) (G1 Evacuation Pause)
[2896.278s][info][gc,task        ] GC(561) Using 6 workers of 6 for evacuation
[2896.394s][info][gc,phases      ] GC(561)   Pre Evacuate Collection Set: 0.36ms
[2896.394s][info][gc,phases      ] GC(561)   Merge Heap Roots: 0.46ms
[2896.394s][info][gc,phases      ] GC(561)   Evacuate Collection Set: 114.41ms
[2896.394s][info][gc,phases      ] GC(561)   Post Evacuate Collection Set: 0.88ms
[2896.394s][info][gc,phases      ] GC(561)   Other: 0.12ms
[2896.394s][info][gc,heap        ] GC(561) Eden regions: 1117->0(1119)
[2896.394s][info][gc,heap        ] GC(561) Survivor regions: 111->109(154)
[2896.394s][info][gc,heap        ] GC(561) Old regions: 472->504
[2896.394s][info][gc,heap        ] GC(561) Humongous regions: 80->80
[2896.394s][info][gc,metaspace   ] GC(561) Metaspace: 28963K(29312K)->28963K(29312K) NonClass: 24084K(24256K)->24084K(24256K) Class: 4878K(5056K)->4878K(5056K)
[2896.394s][info][gc             ] GC(561) Pause Young (Concurrent Start) (G1 Evacuation Pause) 3558M->1384M(4096M) 116.372ms
[2896.394s][info][gc             ] GC(562) Concurrent Mark Cycle
[2896.394s][info][gc,marking     ] GC(562) Concurrent Scan Root Regions
[2896.394s][info][gc,cpu         ] GC(561) User=0.69s Sys=0.00s Real=0.12s
[2896.554s][info][gc,marking     ] GC(562) Concurrent Scan Root Regions 160.367ms
[2896.555s][info][gc,marking     ] GC(562) Concurrent Mark
[2896.555s][info][gc,marking     ] GC(562) Concurrent Mark From Roots
[2896.555s][info][gc,task        ] GC(562) Using 2 workers of 2 for marking
.[2897.261s][info][gc,marking     ] GC(562) Concurrent Mark From Roots 706.079ms
[2897.261s][info][gc,marking     ] GC(562) Concurrent Preclean
[2897.261s][info][gc,marking     ] GC(562) Concurrent Preclean 0.084ms
[2897.261s][info][gc,start       ] GC(562) Pause Remark
[2897.265s][info][gc             ] GC(562) Pause Remark 1918M->1918M(4096M) 4.430ms
[2897.265s][info][gc,cpu         ] GC(562) User=0.03s Sys=0.00s Real=0.01s
[2897.265s][info][gc,marking     ] GC(562) Concurrent Mark 710.836ms
[2897.265s][info][gc,marking     ] GC(562) Concurrent Rebuild Remembered Sets and Scrub Regions
[2897.476s][info][gc,marking     ] GC(562) Concurrent Rebuild Remembered Sets and Scrub Regions 210.492ms
[2897.476s][info][gc,start       ] GC(562) Pause Cleanup
[2897.476s][info][gc             ] GC(562) Pause Cleanup 2036M->2036M(4096M) 0.116ms
[2897.476s][info][gc,cpu         ] GC(562) User=0.00s Sys=0.00s Real=0.00s
[2897.476s][info][gc,marking     ] GC(562) Concurrent Clear Claimed Marks
[2897.476s][info][gc,marking     ] GC(562) Concurrent Clear Claimed Marks 0.030ms
[2897.476s][info][gc,marking     ] GC(562) Concurrent Cleanup for Next Mark
[2897.480s][info][gc,marking     ] GC(562) Concurrent Cleanup for Next Mark 3.643ms
[2897.480s][info][gc             ] GC(562) Concurrent Mark Cycle 1085.811ms
...[2900.239s][info][gc,start       ] GC(563) Pause Young (Prepare Mixed) (G1 Evacuation Pause)
[2900.239s][info][gc,task        ] GC(563) Using 6 workers of 6 for evacuation
[2900.355s][info][gc,phases      ] GC(563)   Pre Evacuate Collection Set: 0.34ms
[2900.355s][info][gc,phases      ] GC(563)   Merge Heap Roots: 0.51ms
[2900.355s][info][gc,phases      ] GC(563)   Evacuate Collection Set: 114.01ms
[2900.355s][info][gc,phases      ] GC(563)   Post Evacuate Collection Set: 0.94ms
[2900.355s][info][gc,phases      ] GC(563)   Other: 0.08ms
[2900.355s][info][gc,heap        ] GC(563) Eden regions: 1119->0(1111)
[2900.355s][info][gc,heap        ] GC(563) Survivor regions: 109->109(154)
[2900.355s][info][gc,heap        ] GC(563) Old regions: 504->536
[2900.355s][info][gc,heap        ] GC(563) Humongous regions: 80->80
[2900.355s][info][gc,metaspace   ] GC(563) Metaspace: 28963K(29312K)->28963K(29312K) NonClass: 24084K(24256K)->24084K(24256K) Class: 4878K(5056K)->4878K(5056K)
[2900.355s][info][gc             ] GC(563) Pause Young (Prepare Mixed) (G1 Evacuation Pause) 3622M->1448M(4096M) 116.024ms
[2900.355s][info][gc,cpu         ] GC(563) User=0.69s Sys=0.00s Real=0.12s
.... (rIR:aIR:PR = 4843:4843:4843) (tPR = 72054) [OK] 
  2903s: Performance info:
         Transaction,    Success,    Partial,     Failed,   Receipts, AvgBarcode, 
             Overall,     291523,          0,          0,     276955,      59.48, 
         Response times:
             Request,    Success,    Partial,     Failed,   SkipFail,     Probes,    Samples,      min,      p50,      p90,      p95,      p99,      max, 
       TotalPurchase,     276955,          0,          0,          0,     271596,     300035,      300,     3900,     7600,    14000,    46000,   187000,
     InStorePurchase,     145794,          0,          0,          0,     143059,     157933,      300,     4000,     7700,    13900,    46000,   180000,
      OnlinePurchase,     101998,          0,          0,          0,     100246,     110633,      300,     4100,     7700,    14400,    49000,   187000,
        InstPurchase,      29163,          0,          0,          0,      28291,      31469,      400,     3300,     7000,    12500,    45000,   180000,
          AssocOfCat,        290,          0,          0,          0,        210,        294,    18700,    31000,    44500,    54000,    81000,   174000,
      AssocOfProduct,       2911,          0,          0,          0,       2713,       3214,      600,     5000,     8800,    16225,    49000,   160000,
      BusinessReport,        727,          0,          0,          0,        627,        783,    25000,    38000,    57000,    75000,   162160,   193000,
          CustBuyBeh,       2913,          0,          0,          0,       2725,       3229,      100,     3700,     7300,    13150,    42000,   143000,
       ProductReturn,       7726,          0,          0,          0,       7339,       8368,      200,     4200,     7700,    13700,    56000,   143000,

  2903s: (36%)   IR =   4981 [2904.121s][info][gc,start       ] GC(564) Pause Young (Mixed) (G1 Evacuation Pause)
[2904.121s][info][gc,task        ] GC(564) Using 6 workers of 6 for evacuation
[2904.254s][info][gc,phases      ] GC(564)   Pre Evacuate Collection Set: 0.38ms
[2904.254s][info][gc,phases      ] GC(564)   Merge Heap Roots: 0.72ms
[2904.254s][info][gc,phases      ] GC(564)   Evacuate Collection Set: 130.98ms
[2904.254s][info][gc,phases      ] GC(564)   Post Evacuate Collection Set: 0.98ms
[2904.254s][info][gc,phases      ] GC(564)   Other: 0.09ms
[2904.254s][info][gc,heap        ] GC(564) Eden regions: 1111->0(1119)
[2904.254s][info][gc,heap        ] GC(564) Survivor regions: 109->109(153)
[2904.254s][info][gc,heap        ] GC(564) Old regions: 536->473
[2904.254s][info][gc,heap        ] GC(564) Humongous regions: 80->80
[2904.254s][info][gc,metaspace   ] GC(564) Metaspace: 28963K(29312K)->28963K(29312K) NonClass: 24084K(24256K)->24084K(24256K) Class: 4878K(5056K)->4878K(5056K)
[2904.254s][info][gc             ] GC(564) Pause Young (Mixed) (G1 Evacuation Pause) 3670M->1322M(4096M) 133.289ms
[2904.254s][info][gc,cpu         ] GC(564) User=0.79s Sys=0.00s Real=0.14s
....|[2907.921s][info][gc,start       ] GC(565) Pause Young (Concurrent Start) (G1 Evacuation Pause)
[2907.921s][info][gc,task        ] GC(565) Using 6 workers of 6 for evacuation
[2908.038s][info][gc,phases      ] GC(565)   Pre Evacuate Collection Set: 0.40ms
[2908.038s][info][gc,phases      ] GC(565)   Merge Heap Roots: 0.48ms
[2908.038s][info][gc,phases      ] GC(565)   Evacuate Collection Set: 115.43ms
[2908.038s][info][gc,phases      ] GC(565)   Post Evacuate Collection Set: 0.90ms
[2908.038s][info][gc,phases      ] GC(565)   Other: 0.10ms
[2908.038s][info][gc,heap        ] GC(565) Eden regions: 1119->0(1120)
[2908.038s][info][gc,heap        ] GC(565) Survivor regions: 109->108(154)
[2908.038s][info][gc,heap        ] GC(565) Old regions: 473->504
[2908.038s][info][gc,heap        ] GC(565) Humongous regions: 80->80
[2908.038s][info][gc,metaspace   ] GC(565) Metaspace: 28963K(29312K)->28963K(29312K) NonClass: 24084K(24256K)->24084K(24256K) Class: 4878K(5056K)->4878K(5056K)
[2908.038s][info][gc             ] GC(565) Pause Young (Concurrent Start) (G1 Evacuation Pause) 3560M->1383M(4096M) 117.447ms
[2908.038s][info][gc             ] GC(566) Concurrent Mark Cycle
[2908.038s][info][gc,marking     ] GC(566) Concurrent Scan Root Regions
[2908.038s][info][gc,cpu         ] GC(565) User=0.69s Sys=0.00s Real=0.12s
[2908.171s][info][gc,marking     ] GC(566) Concurrent Scan Root Regions 132.888ms
[2908.171s][info][gc,marking     ] GC(566) Concurrent Mark
[2908.171s][info][gc,marking     ] GC(566) Concurrent Mark From Roots
[2908.171s][info][gc,task        ] GC(566) Using 2 workers of 2 for marking
.[2908.820s][info][gc,marking     ] GC(566) Concurrent Mark From Roots 648.441ms
[2908.820s][info][gc,marking     ] GC(566) Concurrent Preclean
[2908.820s][info][gc,marking     ] GC(566) Concurrent Preclean 0.126ms
[2908.820s][info][gc,start       ] GC(566) Pause Remark
[2908.824s][info][gc             ] GC(566) Pause Remark 1901M->1901M(4096M) 4.094ms
[2908.824s][info][gc,cpu         ] GC(566) User=0.03s Sys=0.00s Real=0.01s
[2908.824s][info][gc,marking     ] GC(566) Concurrent Mark 652.941ms
[2908.824s][info][gc,marking     ] GC(566) Concurrent Rebuild Remembered Sets and Scrub Regions
[2909.059s][info][gc,marking     ] GC(566) Concurrent Rebuild Remembered Sets and Scrub Regions 235.132ms
[2909.060s][info][gc,start       ] GC(566) Pause Cleanup
[2909.060s][info][gc             ] GC(566) Pause Cleanup 2030M->2030M(4096M) 0.112ms
[2909.060s][info][gc,cpu         ] GC(566) User=0.00s Sys=0.00s Real=0.00s
[2909.061s][info][gc,marking     ] GC(566) Concurrent Clear Claimed Marks
[2909.061s][info][gc,marking     ] GC(566) Concurrent Clear Claimed Marks 0.045ms
[2909.061s][info][gc,marking     ] GC(566) Concurrent Cleanup for Next Mark
[2909.066s][info][gc,marking     ] GC(566) Concurrent Cleanup for Next Mark 4.845ms
[2909.066s][info][gc             ] GC(566) Concurrent Mark Cycle 1027.977ms
...[2911.767s][info][gc,start       ] GC(567) Pause Young (Prepare Mixed) (G1 Evacuation Pause)
[2911.767s][info][gc,task        ] GC(567) Using 6 workers of 6 for evacuation
[2911.888s][info][gc,phases      ] GC(567)   Pre Evacuate Collection Set: 0.36ms
[2911.889s][info][gc,phases      ] GC(567)   Merge Heap Roots: 0.61ms
[2911.889s][info][gc,phases      ] GC(567)   Evacuate Collection Set: 119.30ms
[2911.889s][info][gc,phases      ] GC(567)   Post Evacuate Collection Set: 0.92ms
[2911.889s][info][gc,phases      ] GC(567)   Other: 0.09ms
[2911.889s][info][gc,heap        ] GC(567) Eden regions: 1120->0(1107)
[2911.889s][info][gc,heap        ] GC(567) Survivor regions: 108->111(154)
[2911.889s][info][gc,heap        ] GC(567) Old regions: 504->536
[2911.889s][info][gc,heap        ] GC(567) Humongous regions: 80->80
[2911.889s][info][gc,metaspace   ] GC(567) Metaspace: 28963K(29312K)->28963K(29312K) NonClass: 24084K(24256K)->24084K(24256K) Class: 4878K(5056K)->4878K(5056K)
[2911.889s][info][gc             ] GC(567) Pause Young (Prepare Mixed) (G1 Evacuation Pause) 3623M->1452M(4096M) 121.417ms
[2911.889s][info][gc,cpu         ] GC(567) User=0.72s Sys=0.00s Real=0.12s
...[2915.548s][info][gc,start       ] GC(568) Pause Young (Mixed) (G1 Evacuation Pause)
[2915.548s][info][gc,task        ] GC(568) Using 6 workers of 6 for evacuation
[2915.682s][info][gc,phases      ] GC(568)   Pre Evacuate Collection Set: 0.35ms
[2915.682s][info][gc,phases      ] GC(568)   Merge Heap Roots: 0.74ms
[2915.682s][info][gc,phases      ] GC(568)   Evacuate Collection Set: 131.71ms
[2915.682s][info][gc,phases      ] GC(568)   Post Evacuate Collection Set: 0.99ms
[2915.682s][info][gc,phases      ] GC(568)   Other: 0.09ms
[2915.682s][info][gc,heap        ] GC(568) Eden regions: 1107->0(1117)
[2915.682s][info][gc,heap        ] GC(568) Survivor regions: 111->111(153)
[2915.682s][info][gc,heap        ] GC(568) Old regions: 536->473
[2915.682s][info][gc,heap        ] GC(568) Humongous regions: 80->80
[2915.682s][info][gc,metaspace   ] GC(568) Metaspace: 28963K(29312K)->28963K(29312K) NonClass: 24084K(24256K)->24084K(24256K) Class: 4878K(5056K)->4878K(5056K)
[2915.682s][info][gc             ] GC(568) Pause Young (Mixed) (G1 Evacuation Pause) 3666M->1326M(4096M) 134.020ms
[2915.682s][info][gc,cpu         ] GC(568) User=0.79s Sys=0.00s Real=0.13s
....[2919.336s][info][gc,start       ] GC(569) Pause Young (Concurrent Start) (G1 Evacuation Pause)
[2919.336s][info][gc,task        ] GC(569) Using 6 workers of 6 for evacuation
[2919.453s][info][gc,phases      ] GC(569)   Pre Evacuate Collection Set: 0.40ms
[2919.453s][info][gc,phases      ] GC(569)   Merge Heap Roots: 0.49ms
[2919.453s][info][gc,phases      ] GC(569)   Evacuate Collection Set: 115.63ms
[2919.453s][info][gc,phases      ] GC(569)   Post Evacuate Collection Set: 0.88ms
[2919.453s][info][gc,phases      ] GC(569)   Other: 0.10ms
[2919.453s][info][gc,heap        ] GC(569) Eden regions: 1117->0(1119)
[2919.453s][info][gc,heap        ] GC(569) Survivor regions: 111->109(154)
[2919.453s][info][gc,heap        ] GC(569) Old regions: 473->505
[2919.453s][info][gc,heap        ] GC(569) Humongous regions: 80->80
[2919.453s][info][gc,metaspace   ] GC(569) Metaspace: 28963K(29312K)->28963K(29312K) NonClass: 24084K(24256K)->24084K(24256K) Class: 4878K(5056K)->4878K(5056K)
[2919.453s][info][gc             ] GC(569) Pause Young (Concurrent Start) (G1 Evacuation Pause) 3560M->1387M(4096M) 117.652ms
[2919.453s][info][gc             ] GC(570) Concurrent Mark Cycle
[2919.453s][info][gc,marking     ] GC(570) Concurrent Scan Root Regions
[2919.453s][info][gc,cpu         ] GC(569) User=0.69s Sys=0.00s Real=0.12s
[2919.616s][info][gc,marking     ] GC(570) Concurrent Scan Root Regions 162.804ms
[2919.616s][info][gc,marking     ] GC(570) Concurrent Mark
[2919.616s][info][gc,marking     ] GC(570) Concurrent Mark From Roots
[2919.616s][info][gc,task        ] GC(570) Using 2 workers of 2 for marking
.[2920.301s][info][gc,marking     ] GC(570) Concurrent Mark From Roots 685.083ms
[2920.302s][info][gc,marking     ] GC(570) Concurrent Preclean
[2920.302s][info][gc,marking     ] GC(570) Concurrent Preclean 0.105ms
[2920.302s][info][gc,start       ] GC(570) Pause Remark
[2920.307s][info][gc             ] GC(570) Pause Remark 1975M->1975M(4096M) 4.838ms
[2920.307s][info][gc,cpu         ] GC(570) User=0.02s Sys=0.00s Real=0.01s
[2920.307s][info][gc,marking     ] GC(570) Concurrent Mark 690.693ms
[2920.307s][info][gc,marking     ] GC(570) Concurrent Rebuild Remembered Sets and Scrub Regions
[2920.581s][info][gc,marking     ] GC(570) Concurrent Rebuild Remembered Sets and Scrub Regions 273.583ms
[2920.581s][info][gc,start       ] GC(570) Pause Cleanup
[2920.581s][info][gc             ] GC(570) Pause Cleanup 2120M->2120M(4096M) 0.113ms
[2920.581s][info][gc,cpu         ] GC(570) User=0.00s Sys=0.00s Real=0.00s
[2920.581s][info][gc,marking     ] GC(570) Concurrent Clear Claimed Marks
[2920.581s][info][gc,marking     ] GC(570) Concurrent Clear Claimed Marks 0.024ms
[2920.581s][info][gc,marking     ] GC(570) Concurrent Cleanup for Next Mark
[2920.585s][info][gc,marking     ] GC(570) Concurrent Cleanup for Next Mark 3.456ms
[2920.585s][info][gc             ] GC(570) Concurrent Mark Cycle 1131.075ms
...[2923.166s][info][gc,start       ] GC(571) Pause Young (Prepare Mixed) (G1 Evacuation Pause)
[2923.166s][info][gc,task        ] GC(571) Using 6 workers of 6 for evacuation
[2923.282s][info][gc,phases      ] GC(571)   Pre Evacuate Collection Set: 0.34ms
[2923.282s][info][gc,phases      ] GC(571)   Merge Heap Roots: 0.47ms
[2923.282s][info][gc,phases      ] GC(571)   Evacuate Collection Set: 114.48ms
[2923.282s][info][gc,phases      ] GC(571)   Post Evacuate Collection Set: 0.91ms
[2923.282s][info][gc,phases      ] GC(571)   Other: 0.09ms
[2923.282s][info][gc,heap        ] GC(571) Eden regions: 1119->0(1109)
[2923.282s][info][gc,heap        ] GC(571) Survivor regions: 109->110(154)
[2923.282s][info][gc,heap        ] GC(571) Old regions: 505->536
[2923.282s][info][gc,heap        ] GC(571) Humongous regions: 80->80
[2923.282s][info][gc,metaspace   ] GC(571) Metaspace: 28960K(29312K)->28960K(29312K) NonClass: 24082K(24256K)->24082K(24256K) Class: 4877K(5056K)->4877K(5056K)
[2923.282s][info][gc             ] GC(571) Pause Young (Prepare Mixed) (G1 Evacuation Pause) 3625M->1450M(4096M) 116.458ms
[2923.282s][info][gc,cpu         ] GC(571) User=0.69s Sys=0.00s Real=0.11s
....[2926.941s][info][gc,start       ] GC(572) Pause Young (Mixed) (G1 Evacuation Pause)
[2926.941s][info][gc,task        ] GC(572) Using 6 workers of 6 for evacuation
[2927.072s][info][gc,phases      ] GC(572)   Pre Evacuate Collection Set: 0.40ms
[2927.072s][info][gc,phases      ] GC(572)   Merge Heap Roots: 0.70ms
[2927.072s][info][gc,phases      ] GC(572)   Evacuate Collection Set: 128.63ms
[2927.072s][info][gc,phases      ] GC(572)   Post Evacuate Collection Set: 0.95ms
[2927.072s][info][gc,phases      ] GC(572)   Other: 0.09ms
[2927.072s][info][gc,heap        ] GC(572) Eden regions: 1109->0(1119)
[2927.072s][info][gc,heap        ] GC(572) Survivor regions: 110->109(153)
[2927.072s][info][gc,heap        ] GC(572) Old regions: 536->473
[2927.072s][info][gc,heap        ] GC(572) Humongous regions: 80->80
[2927.072s][info][gc,metaspace   ] GC(572) Metaspace: 28960K(29312K)->28960K(29312K) NonClass: 24082K(24256K)->24082K(24256K) Class: 4877K(5056K)->4877K(5056K)
[2927.072s][info][gc             ] GC(572) Pause Young (Mixed) (G1 Evacuation Pause) 3668M->1322M(4096M) 130.915ms
[2927.072s][info][gc,cpu         ] GC(572) User=0.77s Sys=0.00s Real=0.13s
...[2930.749s][info][gc,start       ] GC(573) Pause Young (Concurrent Start) (G1 Evacuation Pause)
[2930.749s][info][gc,task        ] GC(573) Using 6 workers of 6 for evacuation
[2930.865s][info][gc,phases      ] GC(573)   Pre Evacuate Collection Set: 0.36ms
[2930.865s][info][gc,phases      ] GC(573)   Merge Heap Roots: 0.45ms
[2930.865s][info][gc,phases      ] GC(573)   Evacuate Collection Set: 113.41ms
[2930.865s][info][gc,phases      ] GC(573)   Post Evacuate Collection Set: 0.86ms
[2930.865s][info][gc,phases      ] GC(573)   Other: 0.11ms
[2930.865s][info][gc,heap        ] GC(573) Eden regions: 1119->0(1120)
[2930.865s][info][gc,heap        ] GC(573) Survivor regions: 109->108(154)
[2930.865s][info][gc,heap        ] GC(573) Old regions: 473->505
[2930.865s][info][gc,heap        ] GC(573) Humongous regions: 80->80
[2930.865s][info][gc,metaspace   ] GC(573) Metaspace: 28960K(29312K)->28960K(29312K) NonClass: 24082K(24256K)->24082K(24256K) Class: 4877K(5056K)->4877K(5056K)
[2930.865s][info][gc             ] GC(573) Pause Young (Concurrent Start) (G1 Evacuation Pause) 3560M->1383M(4096M) 115.363ms
[2930.865s][info][gc             ] GC(574) Concurrent Mark Cycle
[2930.865s][info][gc,marking     ] GC(574) Concurrent Scan Root Regions
[2930.865s][info][gc,cpu         ] GC(573) User=0.68s Sys=0.00s Real=0.12s
.[2931.031s][info][gc,marking     ] GC(574) Concurrent Scan Root Regions 166.567ms
[2931.031s][info][gc,marking     ] GC(574) Concurrent Mark
[2931.031s][info][gc,marking     ] GC(574) Concurrent Mark From Roots
[2931.031s][info][gc,task        ] GC(574) Using 2 workers of 2 for marking
[2931.819s][info][gc,marking     ] GC(574) Concurrent Mark From Roots 787.576ms
[2931.819s][info][gc,marking     ] GC(574) Concurrent Preclean
[2931.819s][info][gc,marking     ] GC(574) Concurrent Preclean 0.109ms
[2931.819s][info][gc,start       ] GC(574) Pause Remark
[2931.824s][info][gc             ] GC(574) Pause Remark 2012M->2012M(4096M) 5.323ms
[2931.825s][info][gc,cpu         ] GC(574) User=0.02s Sys=0.00s Real=0.01s
[2931.825s][info][gc,marking     ] GC(574) Concurrent Mark 793.276ms
[2931.825s][info][gc,marking     ] GC(574) Concurrent Rebuild Remembered Sets and Scrub Regions
.[2932.065s][info][gc,marking     ] GC(574) Concurrent Rebuild Remembered Sets and Scrub Regions 240.173ms
[2932.065s][info][gc,start       ] GC(574) Pause Cleanup
[2932.065s][info][gc             ] GC(574) Pause Cleanup 2163M->2163M(4096M) 0.122ms
[2932.065s][info][gc,cpu         ] GC(574) User=0.00s Sys=0.00s Real=0.00s
[2932.065s][info][gc,marking     ] GC(574) Concurrent Clear Claimed Marks
[2932.065s][info][gc,marking     ] GC(574) Concurrent Clear Claimed Marks 0.029ms
[2932.065s][info][gc,marking     ] GC(574) Concurrent Cleanup for Next Mark
[2932.070s][info][gc,marking     ] GC(574) Concurrent Cleanup for Next Mark 4.406ms
[2932.070s][info][gc             ] GC(574) Concurrent Mark Cycle 1204.897ms
..[2934.522s][info][gc,start       ] GC(575) Pause Young (Prepare Mixed) (G1 Evacuation Pause)
[2934.522s][info][gc,task        ] GC(575) Using 6 workers of 6 for evacuation
[2934.643s][info][gc,phases      ] GC(575)   Pre Evacuate Collection Set: 0.33ms
[2934.643s][info][gc,phases      ] GC(575)   Merge Heap Roots: 0.51ms
[2934.643s][info][gc,phases      ] GC(575)   Evacuate Collection Set: 119.49ms
[2934.643s][info][gc,phases      ] GC(575)   Post Evacuate Collection Set: 0.94ms
[2934.643s][info][gc,phases      ] GC(575)   Other: 0.09ms
[2934.643s][info][gc,heap        ] GC(575) Eden regions: 1120->0(1102)
[2934.643s][info][gc,heap        ] GC(575) Survivor regions: 108->113(154)
[2934.643s][info][gc,heap        ] GC(575) Old regions: 505->537
[2934.643s][info][gc,heap        ] GC(575) Humongous regions: 80->80
[2934.643s][info][gc,metaspace   ] GC(575) Metaspace: 28960K(29312K)->28960K(29312K) NonClass: 24082K(24256K)->24082K(24256K) Class: 4877K(5056K)->4877K(5056K)
[2934.643s][info][gc             ] GC(575) Pause Young (Prepare Mixed) (G1 Evacuation Pause) 3623M->1458M(4096M) 121.492ms
[2934.643s][info][gc,cpu         ] GC(575) User=0.72s Sys=0.00s Real=0.13s
....[2938.332s][info][gc,start       ] GC(576) Pause Young (Mixed) (G1 Evacuation Pause)
[2938.332s][info][gc,task        ] GC(576) Using 6 workers of 6 for evacuation
[2938.462s][info][gc,phases      ] GC(576)   Pre Evacuate Collection Set: 0.38ms
[2938.462s][info][gc,phases      ] GC(576)   Merge Heap Roots: 0.59ms
[2938.462s][info][gc,phases      ] GC(576)   Evacuate Collection Set: 127.94ms
[2938.462s][info][gc,phases      ] GC(576)   Post Evacuate Collection Set: 0.96ms
[2938.462s][info][gc,phases      ] GC(576)   Other: 0.09ms
[2938.462s][info][gc,heap        ] GC(576) Eden regions: 1102->0(1118)
[2938.462s][info][gc,heap        ] GC(576) Survivor regions: 113->110(152)
[2938.462s][info][gc,heap        ] GC(576) Old regions: 537->472
[2938.462s][info][gc,heap        ] GC(576) Humongous regions: 80->80
[2938.462s][info][gc,metaspace   ] GC(576) Metaspace: 28960K(29312K)->28960K(29312K) NonClass: 24082K(24256K)->24082K(24256K) Class: 4877K(5056K)->4877K(5056K)
[2938.462s][info][gc             ] GC(576) Pause Young (Mixed) (G1 Evacuation Pause) 3662M->1323M(4096M) 130.117ms
[2938.462s][info][gc,cpu         ] GC(576) User=0.77s Sys=0.00s Real=0.13s
....[2942.125s][info][gc,start       ] GC(577) Pause Young (Concurrent Start) (G1 Evacuation Pause)
[2942.125s][info][gc,task        ] GC(577) Using 6 workers of 6 for evacuation
[2942.244s][info][gc,phases      ] GC(577)   Pre Evacuate Collection Set: 0.37ms
[2942.244s][info][gc,phases      ] GC(577)   Merge Heap Roots: 0.50ms
[2942.244s][info][gc,phases      ] GC(577)   Evacuate Collection Set: 117.48ms
[2942.244s][info][gc,phases      ] GC(577)   Post Evacuate Collection Set: 0.90ms
[2942.244s][info][gc,phases      ] GC(577)   Other: 0.11ms
[2942.244s][info][gc,heap        ] GC(577) Eden regions: 1118->0(1118)
[2942.244s][info][gc,heap        ] GC(577) Survivor regions: 110->110(154)
[2942.244s][info][gc,heap        ] GC(577) Old regions: 472->504
[2942.244s][info][gc,heap        ] GC(577) Humongous regions: 80->80
[2942.244s][info][gc,metaspace   ] GC(577) Metaspace: 28960K(29312K)->28960K(29312K) NonClass: 24082K(24256K)->24082K(24256K) Class: 4877K(5056K)->4877K(5056K)
[2942.244s][info][gc             ] GC(577) Pause Young (Concurrent Start) (G1 Evacuation Pause) 3559M->1386M(4096M) 119.491ms
[2942.244s][info][gc             ] GC(578) Concurrent Mark Cycle
[2942.244s][info][gc,marking     ] GC(578) Concurrent Scan Root Regions
[2942.244s][info][gc,cpu         ] GC(577) User=0.70s Sys=0.00s Real=0.12s
[2942.425s][info][gc,marking     ] GC(578) Concurrent Scan Root Regions 181.234ms
[2942.425s][info][gc,marking     ] GC(578) Concurrent Mark
[2942.425s][info][gc,marking     ] GC(578) Concurrent Mark From Roots
[2942.425s][info][gc,task        ] GC(578) Using 2 workers of 2 for marking
.[2943.365s][info][gc,marking     ] GC(578) Concurrent Mark From Roots 939.683ms
[2943.365s][info][gc,marking     ] GC(578) Concurrent Preclean
[2943.365s][info][gc,marking     ] GC(578) Concurrent Preclean 0.123ms
[2943.366s][info][gc,start       ] GC(578) Pause Remark
[2943.371s][info][gc             ] GC(578) Pause Remark 2130M->2130M(4096M) 5.125ms
[2943.371s][info][gc,cpu         ] GC(578) User=0.03s Sys=0.00s Real=0.00s
[2943.373s][info][gc,marking     ] GC(578) Concurrent Mark 947.175ms
[2943.373s][info][gc,marking     ] GC(578) Concurrent Rebuild Remembered Sets and Scrub Regions
[2943.635s][info][gc,marking     ] GC(578) Concurrent Rebuild Remembered Sets and Scrub Regions 262.233ms
[2943.635s][info][gc,start       ] GC(578) Pause Cleanup
[2943.635s][info][gc             ] GC(578) Pause Cleanup 2291M->2291M(4096M) 0.110ms
[2943.635s][info][gc,cpu         ] GC(578) User=0.00s Sys=0.00s Real=0.00s
[2943.635s][info][gc,marking     ] GC(578) Concurrent Clear Claimed Marks
[2943.635s][info][gc,marking     ] GC(578) Concurrent Clear Claimed Marks 0.024ms
[2943.635s][info][gc,marking     ] GC(578) Concurrent Cleanup for Next Mark
[2943.638s][info][gc,marking     ] GC(578) Concurrent Cleanup for Next Mark 3.216ms
[2943.638s][info][gc             ] GC(578) Concurrent Mark Cycle 1394.347ms
...[2945.963s][info][gc,start       ] GC(579) Pause Young (Prepare Mixed) (G1 Evacuation Pause)
[2945.963s][info][gc,task        ] GC(579) Using 6 workers of 6 for evacuation
[2946.082s][info][gc,phases      ] GC(579)   Pre Evacuate Collection Set: 0.36ms
[2946.082s][info][gc,phases      ] GC(579)   Merge Heap Roots: 0.57ms
[2946.082s][info][gc,phases      ] GC(579)   Evacuate Collection Set: 116.25ms
[2946.082s][info][gc,phases      ] GC(579)   Post Evacuate Collection Set: 0.95ms
[2946.082s][info][gc,phases      ] GC(579)   Other: 0.09ms
[2946.082s][info][gc,heap        ] GC(579) Eden regions: 1118->0(1109)
[2946.082s][info][gc,heap        ] GC(579) Survivor regions: 110->110(154)
[2946.082s][info][gc,heap        ] GC(579) Old regions: 504->536
[2946.082s][info][gc,heap        ] GC(579) Humongous regions: 80->80
[2946.082s][info][gc,metaspace   ] GC(579) Metaspace: 28960K(29312K)->28960K(29312K) NonClass: 24082K(24256K)->24082K(24256K) Class: 4877K(5056K)->4877K(5056K)
[2946.082s][info][gc             ] GC(579) Pause Young (Prepare Mixed) (G1 Evacuation Pause) 3622M->1450M(4096M) 118.363ms
[2946.082s][info][gc,cpu         ] GC(579) User=0.70s Sys=0.00s Real=0.11s
...[2949.756s][info][gc,start       ] GC(580) Pause Young (Mixed) (G1 Evacuation Pause)
[2949.756s][info][gc,task        ] GC(580) Using 6 workers of 6 for evacuation
[2949.886s][info][gc,phases      ] GC(580)   Pre Evacuate Collection Set: 0.38ms
[2949.886s][info][gc,phases      ] GC(580)   Merge Heap Roots: 0.71ms
[2949.886s][info][gc,phases      ] GC(580)   Evacuate Collection Set: 128.30ms
[2949.886s][info][gc,phases      ] GC(580)   Post Evacuate Collection Set: 0.95ms
[2949.886s][info][gc,phases      ] GC(580)   Other: 0.09ms
[2949.886s][info][gc,heap        ] GC(580) Eden regions: 1109->0(1120)
[2949.886s][info][gc,heap        ] GC(580) Survivor regions: 110->108(153)
[2949.886s][info][gc,heap        ] GC(580) Old regions: 536->474
[2949.886s][info][gc,heap        ] GC(580) Humongous regions: 80->80
[2949.886s][info][gc,metaspace   ] GC(580) Metaspace: 28960K(29312K)->28960K(29312K) NonClass: 24082K(24256K)->24082K(24256K) Class: 4877K(5056K)->4877K(5056K)
[2949.886s][info][gc             ] GC(580) Pause Young (Mixed) (G1 Evacuation Pause) 3668M->1323M(4096M) 130.556ms
[2949.886s][info][gc,cpu         ] GC(580) User=0.77s Sys=0.00s Real=0.13s
....[2953.567s][info][gc,start       ] GC(581) Pause Young (Concurrent Start) (G1 Evacuation Pause)
[2953.567s][info][gc,task        ] GC(581) Using 6 workers of 6 for evacuation
[2953.685s][info][gc,phases      ] GC(581)   Pre Evacuate Collection Set: 0.41ms
[2953.685s][info][gc,phases      ] GC(581)   Merge Heap Roots: 0.52ms
[2953.685s][info][gc,phases      ] GC(581)   Evacuate Collection Set: 115.55ms
[2953.685s][info][gc,phases      ] GC(581)   Post Evacuate Collection Set: 0.88ms
[2953.685s][info][gc,phases      ] GC(581)   Other: 0.11ms
[2953.685s][info][gc,heap        ] GC(581) Eden regions: 1120->0(1118)
[2953.685s][info][gc,heap        ] GC(581) Survivor regions: 108->110(154)
[2953.685s][info][gc,heap        ] GC(581) Old regions: 474->506
[2953.685s][info][gc,heap        ] GC(581) Humongous regions: 80->80
[2953.685s][info][gc,metaspace   ] GC(581) Metaspace: 28960K(29312K)->28960K(29312K) NonClass: 24082K(24256K)->24082K(24256K) Class: 4877K(5056K)->4877K(5056K)
[2953.685s][info][gc             ] GC(581) Pause Young (Concurrent Start) (G1 Evacuation Pause) 3563M->1391M(4096M) 117.615ms
[2953.685s][info][gc             ] GC(582) Concurrent Mark Cycle
[2953.685s][info][gc,marking     ] GC(582) Concurrent Scan Root Regions
[2953.685s][info][gc,cpu         ] GC(581) User=0.70s Sys=0.00s Real=0.12s
[2953.859s][info][gc,marking     ] GC(582) Concurrent Scan Root Regions 173.837ms
[2953.859s][info][gc,marking     ] GC(582) Concurrent Mark
[2953.859s][info][gc,marking     ] GC(582) Concurrent Mark From Roots
[2953.859s][info][gc,task        ] GC(582) Using 2 workers of 2 for marking
.[2954.814s][info][gc,marking     ] GC(582) Concurrent Mark From Roots 955.604ms
[2954.814s][info][gc,marking     ] GC(582) Concurrent Preclean
[2954.814s][info][gc,marking     ] GC(582) Concurrent Preclean 0.126ms
[2954.815s][info][gc,start       ] GC(582) Pause Remark
[2954.820s][info][gc             ] GC(582) Pause Remark 2177M->2177M(4096M) 5.114ms
[2954.820s][info][gc,cpu         ] GC(582) User=0.03s Sys=0.00s Real=0.00s
[2954.821s][info][gc,marking     ] GC(582) Concurrent Mark 962.486ms
[2954.821s][info][gc,marking     ] GC(582) Concurrent Rebuild Remembered Sets and Scrub Regions
.[2955.176s][info][gc,marking     ] GC(582) Concurrent Rebuild Remembered Sets and Scrub Regions 354.877ms
[2955.177s][info][gc,start       ] GC(582) Pause Cleanup
[2955.177s][info][gc             ] GC(582) Pause Cleanup 2379M->2379M(4096M) 0.126ms
[2955.177s][info][gc,cpu         ] GC(582) User=0.00s Sys=0.00s Real=0.00s
[2955.177s][info][gc,marking     ] GC(582) Concurrent Clear Claimed Marks
[2955.177s][info][gc,marking     ] GC(582) Concurrent Clear Claimed Marks 0.037ms
[2955.177s][info][gc,marking     ] GC(582) Concurrent Cleanup for Next Mark
[2955.182s][info][gc,marking     ] GC(582) Concurrent Cleanup for Next Mark 4.513ms
[2955.182s][info][gc             ] GC(582) Concurrent Mark Cycle 1497.344ms
..[2957.306s][info][gc,start       ] GC(583) Pause Young (Prepare Mixed) (G1 Evacuation Pause)
[2957.306s][info][gc,task        ] GC(583) Using 6 workers of 6 for evacuation
[2957.427s][info][gc,phases      ] GC(583)   Pre Evacuate Collection Set: 0.35ms
[2957.427s][info][gc,phases      ] GC(583)   Merge Heap Roots: 0.54ms
[2957.427s][info][gc,phases      ] GC(583)   Evacuate Collection Set: 118.97ms
[2957.427s][info][gc,phases      ] GC(583)   Post Evacuate Collection Set: 0.92ms
[2957.427s][info][gc,phases      ] GC(583)   Other: 0.08ms
[2957.427s][info][gc,heap        ] GC(583) Eden regions: 1118->0(1102)
[2957.427s][info][gc,heap        ] GC(583) Survivor regions: 110->113(154)
[2957.427s][info][gc,heap        ] GC(583) Old regions: 506->537
[2957.427s][info][gc,heap        ] GC(583) Humongous regions: 80->80
[2957.427s][info][gc,metaspace   ] GC(583) Metaspace: 28960K(29312K)->28960K(29312K) NonClass: 24082K(24256K)->24082K(24256K) Class: 4877K(5056K)->4877K(5056K)
[2957.427s][info][gc             ] GC(583) Pause Young (Prepare Mixed) (G1 Evacuation Pause) 3627M->1457M(4096M) 120.998ms
[2957.427s][info][gc,cpu         ] GC(583) User=0.71s Sys=0.00s Real=0.12s
....[2961.183s][info][gc,start       ] GC(584) Pause Young (Mixed) (G1 Evacuation Pause)
[2961.184s][info][gc,task        ] GC(584) Using 6 workers of 6 for evacuation
[2961.314s][info][gc,phases      ] GC(584)   Pre Evacuate Collection Set: 0.42ms
[2961.314s][info][gc,phases      ] GC(584)   Merge Heap Roots: 0.72ms
[2961.314s][info][gc,phases      ] GC(584)   Evacuate Collection Set: 128.52ms
[2961.314s][info][gc,phases      ] GC(584)   Post Evacuate Collection Set: 0.98ms
[2961.314s][info][gc,phases      ] GC(584)   Other: 0.11ms
[2961.314s][info][gc,heap        ] GC(584) Eden regions: 1102->0(1119)
[2961.314s][info][gc,heap        ] GC(584) Survivor regions: 113->109(152)
[2961.314s][info][gc,heap        ] GC(584) Old regions: 537->472
[2961.314s][info][gc,heap        ] GC(584) Humongous regions: 80->80
[2961.314s][info][gc,metaspace   ] GC(584) Metaspace: 28960K(29312K)->28960K(29312K) NonClass: 24082K(24256K)->24082K(24256K) Class: 4877K(5056K)->4877K(5056K)
[2961.314s][info][gc             ] GC(584) Pause Young (Mixed) (G1 Evacuation Pause) 3661M->1321M(4096M) 130.896ms
[2961.314s][info][gc,cpu         ] GC(584) User=0.78s Sys=0.00s Real=0.13s
....[2964.924s][info][gc,start       ] GC(585) Pause Young (Concurrent Start) (G1 Evacuation Pause)
[2964.924s][info][gc,task        ] GC(585) Using 6 workers of 6 for evacuation
[2965.040s][info][gc,phases      ] GC(585)   Pre Evacuate Collection Set: 0.44ms
[2965.041s][info][gc,phases      ] GC(585)   Merge Heap Roots: 0.52ms
[2965.041s][info][gc,phases      ] GC(585)   Evacuate Collection Set: 114.14ms
[2965.041s][info][gc,phases      ] GC(585)   Post Evacuate Collection Set: 0.90ms
[2965.041s][info][gc,phases      ] GC(585)   Other: 0.15ms
[2965.041s][info][gc,heap        ] GC(585) Eden regions: 1119->0(1120)
[2965.041s][info][gc,heap        ] GC(585) Survivor regions: 109->108(154)
[2965.041s][info][gc,heap        ] GC(585) Old regions: 472->503
[2965.041s][info][gc,heap        ] GC(585) Humongous regions: 80->80
[2965.041s][info][gc,metaspace   ] GC(585) Metaspace: 28960K(29312K)->28960K(29312K) NonClass: 24082K(24256K)->24082K(24256K) Class: 4877K(5056K)->4877K(5056K)
[2965.041s][info][gc             ] GC(585) Pause Young (Concurrent Start) (G1 Evacuation Pause) 3559M->1380M(4096M) 116.291ms
[2965.041s][info][gc             ] GC(586) Concurrent Mark Cycle
[2965.041s][info][gc,marking     ] GC(586) Concurrent Scan Root Regions
[2965.041s][info][gc,cpu         ] GC(585) User=0.69s Sys=0.00s Real=0.11s
[2965.210s][info][gc,marking     ] GC(586) Concurrent Scan Root Regions 169.673ms
[2965.210s][info][gc,marking     ] GC(586) Concurrent Mark
[2965.210s][info][gc,marking     ] GC(586) Concurrent Mark From Roots
[2965.210s][info][gc,task        ] GC(586) Using 2 workers of 2 for marking
.[2965.993s][info][gc,marking     ] GC(586) Concurrent Mark From Roots 782.938ms
[2965.993s][info][gc,marking     ] GC(586) Concurrent Preclean
[2965.993s][info][gc,marking     ] GC(586) Concurrent Preclean 0.085ms
[2965.994s][info][gc,start       ] GC(586) Pause Remark
[2965.998s][info][gc             ] GC(586) Pause Remark 2031M->2031M(4096M) 4.544ms
[2965.998s][info][gc,cpu         ] GC(586) User=0.02s Sys=0.00s Real=0.00s
[2965.998s][info][gc,marking     ] GC(586) Concurrent Mark 787.847ms
[2965.998s][info][gc,marking     ] GC(586) Concurrent Rebuild Remembered Sets and Scrub Regions
[2966.231s][info][gc,marking     ] GC(586) Concurrent Rebuild Remembered Sets and Scrub Regions 232.427ms
[2966.231s][info][gc,start       ] GC(586) Pause Cleanup
[2966.231s][info][gc             ] GC(586) Pause Cleanup 2161M->2161M(4096M) 0.113ms
[2966.231s][info][gc,cpu         ] GC(586) User=0.00s Sys=0.00s Real=0.00s
[2966.231s][info][gc,marking     ] GC(586) Concurrent Clear Claimed Marks
[2966.231s][info][gc,marking     ] GC(586) Concurrent Clear Claimed Marks 0.028ms
[2966.231s][info][gc,marking     ] GC(586) Concurrent Cleanup for Next Mark
[2966.234s][info][gc,marking     ] GC(586) Concurrent Cleanup for Next Mark 3.236ms
[2966.234s][info][gc             ] GC(586) Concurrent Mark Cycle 1193.670ms
.. (rIR:aIR:PR = 4981:4984:4984) (tPR = 73806) [OK] 
  2967s: Performance info:
         Transaction,    Success,    Partial,     Failed,   Receipts, AvgBarcode, 
             Overall,     300118,          0,          0,     285105,      59.48, 
         Response times:
             Request,    Success,    Partial,     Failed,   SkipFail,     Probes,    Samples,      min,      p50,      p90,      p95,      p99,      max, 
       TotalPurchase,     285103,          0,          0,          0,     280171,     299611,      300,     4100,     8600,    17600,    56000,   205000,
     InStorePurchase,     150057,          0,          0,          0,     147779,     157648,      300,     4100,     8600,    17500,    56000,   188000,
      OnlinePurchase,     105008,          0,          0,          0,     103200,     110371,      300,     4200,     8600,    17500,    56000,   205000,
        InstPurchase,      30038,          0,          0,          0,      29192,      31592,      300,     4000,     8300,    17835,    55000,   199000,
          AssocOfCat,        301,          0,          0,          0,        218,        293,    21000,    33000,    56000,    76000,   119060,   139000,
      AssocOfProduct,       3005,          0,          0,          0,       2792,       3176,      500,     4900,     9400,    21000,    56230,   167000,
      BusinessReport,        749,          0,          0,          0,        633,        802,    24000,    38000,    62700,    79000,   175610,   226000,
          CustBuyBeh,       2995,          0,          0,          0,       2775,       3208,      300,     3900,     7900,    18385,    53910,   136000,
       ProductReturn,       7963,          0,          0,          0,       7603,       8432,      200,     4100,     8700,    21000,    57000,   141000,

  2967s: (37%)   IR =   5120 [2968.715s][info][gc,start       ] GC(587) Pause Young (Prepare Mixed) (G1 Evacuation Pause)
[2968.715s][info][gc,task        ] GC(587) Using 6 workers of 6 for evacuation
[2968.832s][info][gc,phases      ] GC(587)   Pre Evacuate Collection Set: 0.32ms
[2968.832s][info][gc,phases      ] GC(587)   Merge Heap Roots: 0.54ms
[2968.832s][info][gc,phases      ] GC(587)   Evacuate Collection Set: 115.27ms
[2968.832s][info][gc,phases      ] GC(587)   Post Evacuate Collection Set: 0.93ms
[2968.832s][info][gc,phases      ] GC(587)   Other: 0.08ms
[2968.832s][info][gc,heap        ] GC(587) Eden regions: 1120->0(1114)
[2968.832s][info][gc,heap        ] GC(587) Survivor regions: 108->108(154)
[2968.832s][info][gc,heap        ] GC(587) Old regions: 503->535
[2968.832s][info][gc,heap        ] GC(587) Humongous regions: 80->80
[2968.832s][info][gc,metaspace   ] GC(587) Metaspace: 28960K(29312K)->28960K(29312K) NonClass: 24082K(24256K)->24082K(24256K) Class: 4877K(5056K)->4877K(5056K)
[2968.832s][info][gc             ] GC(587) Pause Young (Prepare Mixed) (G1 Evacuation Pause) 3620M->1445M(4096M) 117.274ms
[2968.832s][info][gc,cpu         ] GC(587) User=0.70s Sys=0.00s Real=0.11s
....[2972.411s][info][gc,start       ] GC(588) Pause Young (Mixed) (G1 Evacuation Pause)
[2972.411s][info][gc,task        ] GC(588) Using 6 workers of 6 for evacuation
[2972.547s][info][gc,phases      ] GC(588)   Pre Evacuate Collection Set: 0.38ms
[2972.547s][info][gc,phases      ] GC(588)   Merge Heap Roots: 0.77ms
[2972.547s][info][gc,phases      ] GC(588)   Evacuate Collection Set: 133.69ms
[2972.547s][info][gc,phases      ] GC(588)   Post Evacuate Collection Set: 0.99ms
[2972.547s][info][gc,phases      ] GC(588)   Other: 0.09ms
[2972.547s][info][gc,heap        ] GC(588) Eden regions: 1114->0(1116)
[2972.547s][info][gc,heap        ] GC(588) Survivor regions: 108->112(153)
[2972.547s][info][gc,heap        ] GC(588) Old regions: 535->473
[2972.547s][info][gc,heap        ] GC(588) Humongous regions: 80->80
[2972.547s][info][gc,metaspace   ] GC(588) Metaspace: 28960K(29312K)->28960K(29312K) NonClass: 24082K(24256K)->24082K(24256K) Class: 4877K(5056K)->4877K(5056K)
[2972.547s][info][gc             ] GC(588) Pause Young (Mixed) (G1 Evacuation Pause) 3673M->1328M(4096M) 136.060ms
[2972.547s][info][gc,cpu         ] GC(588) User=0.80s Sys=0.00s Real=0.14s
.|...[2976.091s][info][gc,start       ] GC(589) Pause Young (Concurrent Start) (G1 Evacuation Pause)
[2976.091s][info][gc,task        ] GC(589) Using 6 workers of 6 for evacuation
[2976.208s][info][gc,phases      ] GC(589)   Pre Evacuate Collection Set: 0.40ms
[2976.208s][info][gc,phases      ] GC(589)   Merge Heap Roots: 0.46ms
[2976.208s][info][gc,phases      ] GC(589)   Evacuate Collection Set: 115.31ms
[2976.208s][info][gc,phases      ] GC(589)   Post Evacuate Collection Set: 0.90ms
[2976.208s][info][gc,phases      ] GC(589)   Other: 0.09ms
[2976.208s][info][gc,heap        ] GC(589) Eden regions: 1116->0(1119)
[2976.208s][info][gc,heap        ] GC(589) Survivor regions: 112->109(154)
[2976.208s][info][gc,heap        ] GC(589) Old regions: 473->506
[2976.208s][info][gc,heap        ] GC(589) Humongous regions: 80->80
[2976.208s][info][gc,metaspace   ] GC(589) Metaspace: 28960K(29312K)->28960K(29312K) NonClass: 24082K(24256K)->24082K(24256K) Class: 4877K(5056K)->4877K(5056K)
[2976.208s][info][gc             ] GC(589) Pause Young (Concurrent Start) (G1 Evacuation Pause) 3560M->1387M(4096M) 117.313ms
[2976.208s][info][gc             ] GC(590) Concurrent Mark Cycle
[2976.208s][info][gc,marking     ] GC(590) Concurrent Scan Root Regions
[2976.208s][info][gc,cpu         ] GC(589) User=0.70s Sys=0.00s Real=0.12s
[2976.359s][info][gc,marking     ] GC(590) Concurrent Scan Root Regions 150.878ms
[2976.359s][info][gc,marking     ] GC(590) Concurrent Mark
[2976.359s][info][gc,marking     ] GC(590) Concurrent Mark From Roots
[2976.359s][info][gc,task        ] GC(590) Using 2 workers of 2 for marking
.[2977.022s][info][gc,marking     ] GC(590) Concurrent Mark From Roots 662.439ms
[2977.022s][info][gc,marking     ] GC(590) Concurrent Preclean
[2977.022s][info][gc,marking     ] GC(590) Concurrent Preclean 0.145ms
[2977.022s][info][gc,start       ] GC(590) Pause Remark
[2977.027s][info][gc             ] GC(590) Pause Remark 1927M->1927M(4096M) 4.642ms
[2977.027s][info][gc,cpu         ] GC(590) User=0.03s Sys=0.00s Real=0.01s
[2977.027s][info][gc,marking     ] GC(590) Concurrent Mark 667.492ms
[2977.027s][info][gc,marking     ] GC(590) Concurrent Rebuild Remembered Sets and Scrub Regions
[2977.272s][info][gc,marking     ] GC(590) Concurrent Rebuild Remembered Sets and Scrub Regions 245.463ms
[2977.272s][info][gc,start       ] GC(590) Pause Cleanup
[2977.272s][info][gc             ] GC(590) Pause Cleanup 2089M->2089M(4096M) 0.113ms
[2977.272s][info][gc,cpu         ] GC(590) User=0.00s Sys=0.00s Real=0.00s
[2977.272s][info][gc,marking     ] GC(590) Concurrent Clear Claimed Marks
[2977.273s][info][gc,marking     ] GC(590) Concurrent Clear Claimed Marks 0.031ms
[2977.273s][info][gc,marking     ] GC(590) Concurrent Cleanup for Next Mark
[2977.276s][info][gc,marking     ] GC(590) Concurrent Cleanup for Next Mark 3.318ms
[2977.276s][info][gc             ] GC(590) Concurrent Mark Cycle 1067.630ms
..[2979.856s][info][gc,start       ] GC(591) Pause Young (Prepare Mixed) (G1 Evacuation Pause)
[2979.856s][info][gc,task        ] GC(591) Using 6 workers of 6 for evacuation
[2979.973s][info][gc,phases      ] GC(591)   Pre Evacuate Collection Set: 0.33ms
[2979.974s][info][gc,phases      ] GC(591)   Merge Heap Roots: 0.54ms
[2979.974s][info][gc,phases      ] GC(591)   Evacuate Collection Set: 115.58ms
[2979.974s][info][gc,phases      ] GC(591)   Post Evacuate Collection Set: 0.94ms
[2979.974s][info][gc,phases      ] GC(591)   Other: 0.08ms
[2979.974s][info][gc,heap        ] GC(591) Eden regions: 1119->0(1109)
[2979.974s][info][gc,heap        ] GC(591) Survivor regions: 109->109(154)
[2979.974s][info][gc,heap        ] GC(591) Old regions: 506->538
[2979.974s][info][gc,heap        ] GC(591) Humongous regions: 80->80
[2979.974s][info][gc,metaspace   ] GC(591) Metaspace: 28960K(29312K)->28960K(29312K) NonClass: 24082K(24256K)->24082K(24256K) Class: 4877K(5056K)->4877K(5056K)
[2979.974s][info][gc             ] GC(591) Pause Young (Prepare Mixed) (G1 Evacuation Pause) 3625M->1453M(4096M) 117.588ms
[2979.974s][info][gc,cpu         ] GC(591) User=0.69s Sys=0.01s Real=0.12s
....[2983.498s][info][gc,start       ] GC(592) Pause Young (Mixed) (G1 Evacuation Pause)
[2983.498s][info][gc,task        ] GC(592) Using 6 workers of 6 for evacuation
[2983.632s][info][gc,phases      ] GC(592)   Pre Evacuate Collection Set: 0.38ms
[2983.632s][info][gc,phases      ] GC(592)   Merge Heap Roots: 0.72ms
[2983.632s][info][gc,phases      ] GC(592)   Evacuate Collection Set: 131.92ms
[2983.632s][info][gc,phases      ] GC(592)   Post Evacuate Collection Set: 0.94ms
[2983.632s][info][gc,phases      ] GC(592)   Other: 0.09ms
[2983.632s][info][gc,heap        ] GC(592) Eden regions: 1109->0(1118)
[2983.632s][info][gc,heap        ] GC(592) Survivor regions: 109->110(153)
[2983.632s][info][gc,heap        ] GC(592) Old regions: 538->475
[2983.632s][info][gc,heap        ] GC(592) Humongous regions: 80->80
[2983.632s][info][gc,metaspace   ] GC(592) Metaspace: 28960K(29312K)->28960K(29312K) NonClass: 24082K(24256K)->24082K(24256K) Class: 4877K(5056K)->4877K(5056K)
[2983.632s][info][gc             ] GC(592) Pause Young (Mixed) (G1 Evacuation Pause) 3671M->1328M(4096M) 134.183ms
[2983.632s][info][gc,cpu         ] GC(592) User=0.79s Sys=0.00s Real=0.13s
....[2987.258s][info][gc,start       ] GC(593) Pause Young (Concurrent Start) (G1 Evacuation Pause)
[2987.258s][info][gc,task        ] GC(593) Using 6 workers of 6 for evacuation
[2987.377s][info][gc,phases      ] GC(593)   Pre Evacuate Collection Set: 0.39ms
[2987.377s][info][gc,phases      ] GC(593)   Merge Heap Roots: 0.51ms
[2987.377s][info][gc,phases      ] GC(593)   Evacuate Collection Set: 117.02ms
[2987.377s][info][gc,phases      ] GC(593)   Post Evacuate Collection Set: 0.90ms
[2987.377s][info][gc,phases      ] GC(593)   Other: 0.12ms
[2987.377s][info][gc,heap        ] GC(593) Eden regions: 1118->0(1117)
[2987.377s][info][gc,heap        ] GC(593) Survivor regions: 110->111(154)
[2987.377s][info][gc,heap        ] GC(593) Old regions: 475->507
[2987.377s][info][gc,heap        ] GC(593) Humongous regions: 80->80
[2987.377s][info][gc,metaspace   ] GC(593) Metaspace: 28960K(29312K)->28960K(29312K) NonClass: 24082K(24256K)->24082K(24256K) Class: 4877K(5056K)->4877K(5056K)
[2987.377s][info][gc             ] GC(593) Pause Young (Concurrent Start) (G1 Evacuation Pause) 3564M->1395M(4096M) 119.082ms
[2987.377s][info][gc             ] GC(594) Concurrent Mark Cycle
[2987.377s][info][gc,marking     ] GC(594) Concurrent Scan Root Regions
[2987.377s][info][gc,cpu         ] GC(593) User=0.70s Sys=0.00s Real=0.12s
[2987.529s][info][gc,marking     ] GC(594) Concurrent Scan Root Regions 151.950ms
[2987.529s][info][gc,marking     ] GC(594) Concurrent Mark
[2987.529s][info][gc,marking     ] GC(594) Concurrent Mark From Roots
[2987.529s][info][gc,task        ] GC(594) Using 2 workers of 2 for marking
.[2988.091s][info][gc,marking     ] GC(594) Concurrent Mark From Roots 561.588ms
[2988.091s][info][gc,marking     ] GC(594) Concurrent Preclean
[2988.091s][info][gc,marking     ] GC(594) Concurrent Preclean 0.125ms
[2988.091s][info][gc,start       ] GC(594) Pause Remark
[2988.095s][info][gc             ] GC(594) Pause Remark 1905M->1905M(4096M) 3.539ms
[2988.095s][info][gc,cpu         ] GC(594) User=0.02s Sys=0.00s Real=0.01s
[2988.095s][info][gc,marking     ] GC(594) Concurrent Mark 565.677ms
[2988.095s][info][gc,marking     ] GC(594) Concurrent Rebuild Remembered Sets and Scrub Regions
[2988.305s][info][gc,marking     ] GC(594) Concurrent Rebuild Remembered Sets and Scrub Regions 209.942ms
[2988.305s][info][gc,start       ] GC(594) Pause Cleanup
[2988.305s][info][gc             ] GC(594) Pause Cleanup 2059M->2059M(4096M) 0.112ms
[2988.305s][info][gc,cpu         ] GC(594) User=0.00s Sys=0.00s Real=0.00s
[2988.306s][info][gc,marking     ] GC(594) Concurrent Clear Claimed Marks
[2988.306s][info][gc,marking     ] GC(594) Concurrent Clear Claimed Marks 0.042ms
[2988.306s][info][gc,marking     ] GC(594) Concurrent Cleanup for Next Mark
[2988.310s][info][gc,marking     ] GC(594) Concurrent Cleanup for Next Mark 4.567ms
[2988.310s][info][gc             ] GC(594) Concurrent Mark Cycle 933.060ms
..[2990.876s][info][gc,start       ] GC(595) Pause Young (Prepare Mixed) (G1 Evacuation Pause)
[2990.876s][info][gc,task        ] GC(595) Using 6 workers of 6 for evacuation
[2990.992s][info][gc,phases      ] GC(595)   Pre Evacuate Collection Set: 0.37ms
[2990.992s][info][gc,phases      ] GC(595)   Merge Heap Roots: 0.59ms
[2990.992s][info][gc,phases      ] GC(595)   Evacuate Collection Set: 113.62ms
[2990.992s][info][gc,phases      ] GC(595)   Post Evacuate Collection Set: 0.94ms
[2990.992s][info][gc,phases      ] GC(595)   Other: 0.09ms
[2990.992s][info][gc,heap        ] GC(595) Eden regions: 1117->0(1108)
[2990.992s][info][gc,heap        ] GC(595) Survivor regions: 111->109(154)
[2990.992s][info][gc,heap        ] GC(595) Old regions: 507->539
[2990.992s][info][gc,heap        ] GC(595) Humongous regions: 80->80
[2990.992s][info][gc,metaspace   ] GC(595) Metaspace: 28960K(29312K)->28960K(29312K) NonClass: 24082K(24256K)->24082K(24256K) Class: 4877K(5056K)->4877K(5056K)
[2990.992s][info][gc             ] GC(595) Pause Young (Prepare Mixed) (G1 Evacuation Pause) 3629M->1453M(4096M) 115.768ms
[2990.992s][info][gc,cpu         ] GC(595) User=0.68s Sys=0.00s Real=0.11s
....[2994.596s][info][gc,start       ] GC(596) Pause Young (Mixed) (G1 Evacuation Pause)
[2994.596s][info][gc,task        ] GC(596) Using 6 workers of 6 for evacuation
[2994.728s][info][gc,phases      ] GC(596)   Pre Evacuate Collection Set: 0.40ms
[2994.728s][info][gc,phases      ] GC(596)   Merge Heap Roots: 0.68ms
[2994.728s][info][gc,phases      ] GC(596)   Evacuate Collection Set: 130.35ms
[2994.728s][info][gc,phases      ] GC(596)   Post Evacuate Collection Set: 0.95ms
[2994.728s][info][gc,phases      ] GC(596)   Other: 0.09ms
[2994.728s][info][gc,heap        ] GC(596) Eden regions: 1108->0(1118)
[2994.728s][info][gc,heap        ] GC(596) Survivor regions: 109->110(153)
[2994.728s][info][gc,heap        ] GC(596) Old regions: 539->473
[2994.728s][info][gc,heap        ] GC(596) Humongous regions: 80->80
[2994.728s][info][gc,metaspace   ] GC(596) Metaspace: 28960K(29312K)->28960K(29312K) NonClass: 24082K(24256K)->24082K(24256K) Class: 4877K(5056K)->4877K(5056K)
[2994.728s][info][gc             ] GC(596) Pause Young (Mixed) (G1 Evacuation Pause) 3669M->1324M(4096M) 132.624ms
[2994.728s][info][gc,cpu         ] GC(596) User=0.79s Sys=0.00s Real=0.13s
....[2998.347s][info][gc,start       ] GC(597) Pause Young (Concurrent Start) (G1 Evacuation Pause)
[2998.347s][info][gc,task        ] GC(597) Using 6 workers of 6 for evacuation
[2998.464s][info][gc,phases      ] GC(597)   Pre Evacuate Collection Set: 0.42ms
[2998.464s][info][gc,phases      ] GC(597)   Merge Heap Roots: 0.46ms
[2998.464s][info][gc,phases      ] GC(597)   Evacuate Collection Set: 114.55ms
[2998.464s][info][gc,phases      ] GC(597)   Post Evacuate Collection Set: 0.91ms
[2998.464s][info][gc,phases      ] GC(597)   Other: 0.13ms
[2998.464s][info][gc,heap        ] GC(597) Eden regions: 1118->0(1118)
[2998.464s][info][gc,heap        ] GC(597) Survivor regions: 110->110(154)
[2998.464s][info][gc,heap        ] GC(597) Old regions: 473->504
[2998.464s][info][gc,heap        ] GC(597) Humongous regions: 80->80
[2998.464s][info][gc,metaspace   ] GC(597) Metaspace: 28960K(29312K)->28960K(29312K) NonClass: 24082K(24256K)->24082K(24256K) Class: 4877K(5056K)->4877K(5056K)
[2998.464s][info][gc             ] GC(597) Pause Young (Concurrent Start) (G1 Evacuation Pause) 3560M->1386M(4096M) 116.591ms
[2998.464s][info][gc             ] GC(598) Concurrent Mark Cycle
[2998.464s][info][gc,marking     ] GC(598) Concurrent Scan Root Regions
[2998.464s][info][gc,cpu         ] GC(597) User=0.69s Sys=0.00s Real=0.12s
[2998.645s][info][gc,marking     ] GC(598) Concurrent Scan Root Regions 180.638ms
[2998.645s][info][gc,marking     ] GC(598) Concurrent Mark
[2998.645s][info][gc,marking     ] GC(598) Concurrent Mark From Roots
[2998.645s][info][gc,task        ] GC(598) Using 2 workers of 2 for marking
.[2999.448s][info][gc,marking     ] GC(598) Concurrent Mark From Roots 803.537ms
[2999.448s][info][gc,marking     ] GC(598) Concurrent Preclean
[2999.448s][info][gc,marking     ] GC(598) Concurrent Preclean 0.150ms
[2999.448s][info][gc,start       ] GC(598) Pause Remark
[2999.454s][info][gc             ] GC(598) Pause Remark 2063M->2063M(4096M) 5.133ms
[2999.454s][info][gc,cpu         ] GC(598) User=0.03s Sys=0.00s Real=0.01s
[2999.454s][info][gc,marking     ] GC(598) Concurrent Mark 809.112ms
[2999.454s][info][gc,marking     ] GC(598) Concurrent Rebuild Remembered Sets and Scrub Regions
[2999.698s][info][gc,marking     ] GC(598) Concurrent Rebuild Remembered Sets and Scrub Regions 244.560ms
[2999.699s][info][gc,start       ] GC(598) Pause Cleanup
[2999.699s][info][gc             ] GC(598) Pause Cleanup 2209M->2209M(4096M) 0.121ms
[2999.699s][info][gc,cpu         ] GC(598) User=0.00s Sys=0.00s Real=0.00s
[2999.700s][info][gc,marking     ] GC(598) Concurrent Clear Claimed Marks
[2999.700s][info][gc,marking     ] GC(598) Concurrent Clear Claimed Marks 0.042ms
[2999.700s][info][gc,marking     ] GC(598) Concurrent Cleanup for Next Mark
[2999.706s][info][gc,marking     ] GC(598) Concurrent Cleanup for Next Mark 5.698ms
[2999.706s][info][gc             ] GC(598) Concurrent Mark Cycle 1242.297ms
...[3002.023s][info][gc,start       ] GC(599) Pause Young (Prepare Mixed) (G1 Evacuation Pause)
[3002.023s][info][gc,task        ] GC(599) Using 6 workers of 6 for evacuation
[3002.142s][info][gc,phases      ] GC(599)   Pre Evacuate Collection Set: 0.35ms
[3002.142s][info][gc,phases      ] GC(599)   Merge Heap Roots: 0.59ms
[3002.142s][info][gc,phases      ] GC(599)   Evacuate Collection Set: 116.61ms
[3002.142s][info][gc,phases      ] GC(599)   Post Evacuate Collection Set: 0.92ms
[3002.142s][info][gc,phases      ] GC(599)   Other: 0.09ms
[3002.142s][info][gc,heap        ] GC(599) Eden regions: 1118->0(1109)
[3002.142s][info][gc,heap        ] GC(599) Survivor regions: 110->110(154)
[3002.142s][info][gc,heap        ] GC(599) Old regions: 504->536
[3002.142s][info][gc,heap        ] GC(599) Humongous regions: 80->80
[3002.142s][info][gc,metaspace   ] GC(599) Metaspace: 28960K(29312K)->28960K(29312K) NonClass: 24082K(24256K)->24082K(24256K) Class: 4877K(5056K)->4877K(5056K)
[3002.142s][info][gc             ] GC(599) Pause Young (Prepare Mixed) (G1 Evacuation Pause) 3622M->1450M(4096M) 118.691ms
[3002.142s][info][gc,cpu         ] GC(599) User=0.70s Sys=0.00s Real=0.11s
...[3005.734s][info][gc,start       ] GC(600) Pause Young (Mixed) (G1 Evacuation Pause)
[3005.734s][info][gc,task        ] GC(600) Using 6 workers of 6 for evacuation
[3005.865s][info][gc,phases      ] GC(600)   Pre Evacuate Collection Set: 0.37ms
[3005.865s][info][gc,phases      ] GC(600)   Merge Heap Roots: 0.63ms
[3005.865s][info][gc,phases      ] GC(600)   Evacuate Collection Set: 128.63ms
[3005.865s][info][gc,phases      ] GC(600)   Post Evacuate Collection Set: 0.97ms
[3005.865s][info][gc,phases      ] GC(600)   Other: 0.09ms
[3005.865s][info][gc,heap        ] GC(600) Eden regions: 1109->0(1120)
[3005.865s][info][gc,heap        ] GC(600) Survivor regions: 110->108(153)
[3005.865s][info][gc,heap        ] GC(600) Old regions: 536->472
[3005.865s][info][gc,heap        ] GC(600) Humongous regions: 80->80
[3005.865s][info][gc,metaspace   ] GC(600) Metaspace: 28960K(29312K)->28960K(29312K) NonClass: 24082K(24256K)->24082K(24256K) Class: 4877K(5056K)->4877K(5056K)
[3005.865s][info][gc             ] GC(600) Pause Young (Mixed) (G1 Evacuation Pause) 3668M->1319M(4096M) 130.824ms
[3005.865s][info][gc,cpu         ] GC(600) User=0.78s Sys=0.00s Real=0.13s
....[3009.406s][info][gc,start       ] GC(601) Pause Young (Concurrent Start) (G1 Evacuation Pause)
[3009.406s][info][gc,task        ] GC(601) Using 6 workers of 6 for evacuation
[3009.523s][info][gc,phases      ] GC(601)   Pre Evacuate Collection Set: 0.37ms
[3009.523s][info][gc,phases      ] GC(601)   Merge Heap Roots: 0.49ms
[3009.523s][info][gc,phases      ] GC(601)   Evacuate Collection Set: 115.16ms
[3009.523s][info][gc,phases      ] GC(601)   Post Evacuate Collection Set: 0.92ms
[3009.523s][info][gc,phases      ] GC(601)   Other: 0.10ms
[3009.523s][info][gc,heap        ] GC(601) Eden regions: 1120->0(1118)
[3009.523s][info][gc,heap        ] GC(601) Survivor regions: 108->110(154)
[3009.523s][info][gc,heap        ] GC(601) Old regions: 472->503
[3009.523s][info][gc,heap        ] GC(601) Humongous regions: 80->80
[3009.523s][info][gc,metaspace   ] GC(601) Metaspace: 28960K(29312K)->28960K(29312K) NonClass: 24082K(24256K)->24082K(24256K) Class: 4877K(5056K)->4877K(5056K)
[3009.523s][info][gc             ] GC(601) Pause Young (Concurrent Start) (G1 Evacuation Pause) 3559M->1385M(4096M) 117.176ms
[3009.523s][info][gc             ] GC(602) Concurrent Mark Cycle
[3009.523s][info][gc,marking     ] GC(602) Concurrent Scan Root Regions
[3009.523s][info][gc,cpu         ] GC(601) User=0.69s Sys=0.00s Real=0.12s
[3009.658s][info][gc,marking     ] GC(602) Concurrent Scan Root Regions 134.459ms
[3009.658s][info][gc,marking     ] GC(602) Concurrent Mark
[3009.658s][info][gc,marking     ] GC(602) Concurrent Mark From Roots
[3009.658s][info][gc,task        ] GC(602) Using 2 workers of 2 for marking
.[3010.310s][info][gc,marking     ] GC(602) Concurrent Mark From Roots 652.352ms
[3010.310s][info][gc,marking     ] GC(602) Concurrent Preclean
[3010.310s][info][gc,marking     ] GC(602) Concurrent Preclean 0.093ms
[3010.310s][info][gc,start       ] GC(602) Pause Remark
[3010.315s][info][gc             ] GC(602) Pause Remark 1923M->1923M(4096M) 4.347ms
[3010.315s][info][gc,cpu         ] GC(602) User=0.03s Sys=0.00s Real=0.01s
[3010.315s][info][gc,marking     ] GC(602) Concurrent Mark 657.057ms
[3010.315s][info][gc,marking     ] GC(602) Concurrent Rebuild Remembered Sets and Scrub Regions
[3010.559s][info][gc,marking     ] GC(602) Concurrent Rebuild Remembered Sets and Scrub Regions 244.451ms
[3010.560s][info][gc,start       ] GC(602) Pause Cleanup
[3010.560s][info][gc             ] GC(602) Pause Cleanup 2074M->2074M(4096M) 0.124ms
[3010.560s][info][gc,cpu         ] GC(602) User=0.00s Sys=0.00s Real=0.00s
[3010.560s][info][gc,marking     ] GC(602) Concurrent Clear Claimed Marks
[3010.560s][info][gc,marking     ] GC(602) Concurrent Clear Claimed Marks 0.036ms
[3010.560s][info][gc,marking     ] GC(602) Concurrent Cleanup for Next Mark
[3010.565s][info][gc,marking     ] GC(602) Concurrent Cleanup for Next Mark 4.935ms
[3010.565s][info][gc             ] GC(602) Concurrent Mark Cycle 1042.077ms
...[3013.145s][info][gc,start       ] GC(603) Pause Young (Prepare Mixed) (G1 Evacuation Pause)
[3013.145s][info][gc,task        ] GC(603) Using 6 workers of 6 for evacuation
[3013.263s][info][gc,phases      ] GC(603)   Pre Evacuate Collection Set: 0.35ms
[3013.263s][info][gc,phases      ] GC(603)   Merge Heap Roots: 0.54ms
[3013.263s][info][gc,phases      ] GC(603)   Evacuate Collection Set: 116.29ms
[3013.263s][info][gc,phases      ] GC(603)   Post Evacuate Collection Set: 0.92ms
[3013.263s][info][gc,phases      ] GC(603)   Other: 0.08ms
[3013.263s][info][gc,heap        ] GC(603) Eden regions: 1118->0(1108)
[3013.264s][info][gc,heap        ] GC(603) Survivor regions: 110->111(154)
[3013.264s][info][gc,heap        ] GC(603) Old regions: 503->535
[3013.264s][info][gc,heap        ] GC(603) Humongous regions: 80->80
[3013.264s][info][gc,metaspace   ] GC(603) Metaspace: 28960K(29312K)->28960K(29312K) NonClass: 24082K(24256K)->24082K(24256K) Class: 4877K(5056K)->4877K(5056K)
[3013.264s][info][gc             ] GC(603) Pause Young (Prepare Mixed) (G1 Evacuation Pause) 3621M->1449M(4096M) 118.317ms
[3013.264s][info][gc,cpu         ] GC(603) User=0.70s Sys=0.00s Real=0.12s
...[3016.760s][info][gc,start       ] GC(604) Pause Young (Mixed) (G1 Evacuation Pause)
[3016.760s][info][gc,task        ] GC(604) Using 6 workers of 6 for evacuation
[3016.893s][info][gc,phases      ] GC(604)   Pre Evacuate Collection Set: 0.40ms
[3016.893s][info][gc,phases      ] GC(604)   Merge Heap Roots: 0.71ms
[3016.893s][info][gc,phases      ] GC(604)   Evacuate Collection Set: 131.44ms
[3016.893s][info][gc,phases      ] GC(604)   Post Evacuate Collection Set: 0.97ms
[3016.893s][info][gc,phases      ] GC(604)   Other: 0.09ms
[3016.893s][info][gc,heap        ] GC(604) Eden regions: 1108->0(1117)
[3016.893s][info][gc,heap        ] GC(604) Survivor regions: 111->111(153)
[3016.893s][info][gc,heap        ] GC(604) Old regions: 535->472
[3016.893s][info][gc,heap        ] GC(604) Humongous regions: 80->80
[3016.893s][info][gc,metaspace   ] GC(604) Metaspace: 28960K(29312K)->28960K(29312K) NonClass: 24082K(24256K)->24082K(24256K) Class: 4877K(5056K)->4877K(5056K)
[3016.893s][info][gc             ] GC(604) Pause Young (Mixed) (G1 Evacuation Pause) 3665M->1323M(4096M) 133.747ms
[3016.893s][info][gc,cpu         ] GC(604) User=0.80s Sys=0.00s Real=0.14s
....[3020.494s][info][gc,start       ] GC(605) Pause Young (Concurrent Start) (G1 Evacuation Pause)
[3020.494s][info][gc,task        ] GC(605) Using 6 workers of 6 for evacuation
[3020.612s][info][gc,phases      ] GC(605)   Pre Evacuate Collection Set: 0.37ms
[3020.612s][info][gc,phases      ] GC(605)   Merge Heap Roots: 0.50ms
[3020.612s][info][gc,phases      ] GC(605)   Evacuate Collection Set: 116.83ms
[3020.612s][info][gc,phases      ] GC(605)   Post Evacuate Collection Set: 0.89ms
[3020.612s][info][gc,phases      ] GC(605)   Other: 0.12ms
[3020.612s][info][gc,heap        ] GC(605) Eden regions: 1117->0(1117)
[3020.612s][info][gc,heap        ] GC(605) Survivor regions: 111->111(154)
[3020.612s][info][gc,heap        ] GC(605) Old regions: 472->504
[3020.612s][info][gc,heap        ] GC(605) Humongous regions: 80->80
[3020.612s][info][gc,metaspace   ] GC(605) Metaspace: 28960K(29312K)->28960K(29312K) NonClass: 24082K(24256K)->24082K(24256K) Class: 4877K(5056K)->4877K(5056K)
[3020.612s][info][gc             ] GC(605) Pause Young (Concurrent Start) (G1 Evacuation Pause) 3557M->1388M(4096M) 118.858ms
[3020.612s][info][gc             ] GC(606) Concurrent Mark Cycle
[3020.612s][info][gc,marking     ] GC(606) Concurrent Scan Root Regions
[3020.612s][info][gc,cpu         ] GC(605) User=0.70s Sys=0.00s Real=0.11s
[3020.791s][info][gc,marking     ] GC(606) Concurrent Scan Root Regions 179.032ms
[3020.792s][info][gc,marking     ] GC(606) Concurrent Mark
[3020.792s][info][gc,marking     ] GC(606) Concurrent Mark From Roots
[3020.792s][info][gc,task        ] GC(606) Using 2 workers of 2 for marking
.[3021.555s][info][gc,marking     ] GC(606) Concurrent Mark From Roots 763.630ms
[3021.555s][info][gc,marking     ] GC(606) Concurrent Preclean
[3021.555s][info][gc,marking     ] GC(606) Concurrent Preclean 0.092ms
[3021.555s][info][gc,start       ] GC(606) Pause Remark
[3021.560s][info][gc             ] GC(606) Pause Remark 2018M->2018M(4096M) 4.694ms
[3021.560s][info][gc,cpu         ] GC(606) User=0.03s Sys=0.00s Real=0.00s
[3021.560s][info][gc,marking     ] GC(606) Concurrent Mark 768.680ms
[3021.560s][info][gc,marking     ] GC(606) Concurrent Rebuild Remembered Sets and Scrub Regions
[3021.852s][info][gc,marking     ] GC(606) Concurrent Rebuild Remembered Sets and Scrub Regions 291.544ms
[3021.852s][info][gc,start       ] GC(606) Pause Cleanup
[3021.853s][info][gc             ] GC(606) Pause Cleanup 2214M->2214M(4096M) 0.114ms
[3021.853s][info][gc,cpu         ] GC(606) User=0.00s Sys=0.00s Real=0.00s
[3021.853s][info][gc,marking     ] GC(606) Concurrent Clear Claimed Marks
[3021.853s][info][gc,marking     ] GC(606) Concurrent Clear Claimed Marks 0.030ms
[3021.853s][info][gc,marking     ] GC(606) Concurrent Cleanup for Next Mark
[3021.857s][info][gc,marking     ] GC(606) Concurrent Cleanup for Next Mark 4.694ms
[3021.857s][info][gc             ] GC(606) Concurrent Mark Cycle 1244.982ms
...[3024.164s][info][gc,start       ] GC(607) Pause Young (Prepare Mixed) (G1 Evacuation Pause)
[3024.164s][info][gc,task        ] GC(607) Using 6 workers of 6 for evacuation
[3024.281s][info][gc,phases      ] GC(607)   Pre Evacuate Collection Set: 0.34ms
[3024.281s][info][gc,phases      ] GC(607)   Merge Heap Roots: 0.54ms
[3024.281s][info][gc,phases      ] GC(607)   Evacuate Collection Set: 114.56ms
[3024.281s][info][gc,phases      ] GC(607)   Post Evacuate Collection Set: 0.94ms
[3024.281s][info][gc,phases      ] GC(607)   Other: 0.08ms
[3024.281s][info][gc,heap        ] GC(607) Eden regions: 1117->0(1109)
[3024.281s][info][gc,heap        ] GC(607) Survivor regions: 111->110(154)
[3024.281s][info][gc,heap        ] GC(607) Old regions: 504->536
[3024.281s][info][gc,heap        ] GC(607) Humongous regions: 80->80
[3024.281s][info][gc,metaspace   ] GC(607) Metaspace: 28960K(29312K)->28960K(29312K) NonClass: 24082K(24256K)->24082K(24256K) Class: 4877K(5056K)->4877K(5056K)
[3024.281s][info][gc             ] GC(607) Pause Young (Prepare Mixed) (G1 Evacuation Pause) 3622M->1449M(4096M) 116.608ms
[3024.281s][info][gc,cpu         ] GC(607) User=0.69s Sys=0.00s Real=0.11s
...[3027.901s][info][gc,start       ] GC(608) Pause Young (Mixed) (G1 Evacuation Pause)
[3027.901s][info][gc,task        ] GC(608) Using 6 workers of 6 for evacuation
[3028.035s][info][gc,phases      ] GC(608)   Pre Evacuate Collection Set: 0.37ms
[3028.035s][info][gc,phases      ] GC(608)   Merge Heap Roots: 0.72ms
[3028.035s][info][gc,phases      ] GC(608)   Evacuate Collection Set: 131.78ms
[3028.035s][info][gc,phases      ] GC(608)   Post Evacuate Collection Set: 0.95ms
[3028.035s][info][gc,phases      ] GC(608)   Other: 0.11ms
[3028.035s][info][gc,heap        ] GC(608) Eden regions: 1109->0(1120)
[3028.035s][info][gc,heap        ] GC(608) Survivor regions: 110->108(153)
[3028.035s][info][gc,heap        ] GC(608) Old regions: 536->474
[3028.035s][info][gc,heap        ] GC(608) Humongous regions: 80->80
[3028.035s][info][gc,metaspace   ] GC(608) Metaspace: 28960K(29312K)->28960K(29312K) NonClass: 24082K(24256K)->24082K(24256K) Class: 4877K(5056K)->4877K(5056K)
[3028.035s][info][gc             ] GC(608) Pause Young (Mixed) (G1 Evacuation Pause) 3667M->1322M(4096M) 134.064ms
[3028.035s][info][gc,cpu         ] GC(608) User=0.79s Sys=0.01s Real=0.14s
....[3031.543s][info][gc,start       ] GC(609) Pause Young (Concurrent Start) (G1 Evacuation Pause)
[3031.543s][info][gc,task        ] GC(609) Using 6 workers of 6 for evacuation
[3031.665s][info][gc,phases      ] GC(609)   Pre Evacuate Collection Set: 0.40ms
[3031.665s][info][gc,phases      ] GC(609)   Merge Heap Roots: 0.47ms
[3031.665s][info][gc,phases      ] GC(609)   Evacuate Collection Set: 120.00ms
[3031.665s][info][gc,phases      ] GC(609)   Post Evacuate Collection Set: 0.94ms
[3031.665s][info][gc,phases      ] GC(609)   Other: 0.11ms
[3031.665s][info][gc,heap        ] GC(609) Eden regions: 1120->0(1113)
[3031.665s][info][gc,heap        ] GC(609) Survivor regions: 108->115(154)
[3031.665s][info][gc,heap        ] GC(609) Old regions: 474->505
[3031.665s][info][gc,heap        ] GC(609) Humongous regions: 80->80
[3031.665s][info][gc,metaspace   ] GC(609) Metaspace: 28960K(29312K)->28960K(29312K) NonClass: 24082K(24256K)->24082K(24256K) Class: 4877K(5056K)->4877K(5056K)
[3031.665s][info][gc             ] GC(609) Pause Young (Concurrent Start) (G1 Evacuation Pause) 3562M->1398M(4096M) 122.065ms
[3031.665s][info][gc             ] GC(610) Concurrent Mark Cycle
[3031.665s][info][gc,marking     ] GC(610) Concurrent Scan Root Regions
[3031.665s][info][gc,cpu         ] GC(609) User=0.72s Sys=0.00s Real=0.13s
[3031.852s][info][gc,marking     ] GC(610) Concurrent Scan Root Regions 186.904ms
[3031.852s][info][gc,marking     ] GC(610) Concurrent Mark
[3031.852s][info][gc,marking     ] GC(610) Concurrent Mark From Roots
[3031.852s][info][gc,task        ] GC(610) Using 2 workers of 2 for marking
.[3032.395s][info][gc,marking     ] GC(610) Concurrent Mark From Roots 543.225ms
[3032.395s][info][gc,marking     ] GC(610) Concurrent Preclean
[3032.395s][info][gc,marking     ] GC(610) Concurrent Preclean 0.104ms
[3032.395s][info][gc,start       ] GC(610) Pause Remark
[3032.399s][info][gc             ] GC(610) Pause Remark 1891M->1891M(4096M) 3.738ms
[3032.399s][info][gc,cpu         ] GC(610) User=0.03s Sys=0.00s Real=0.00s
[3032.399s][info][gc,marking     ] GC(610) Concurrent Mark 547.666ms
[3032.399s][info][gc,marking     ] GC(610) Concurrent Rebuild Remembered Sets and Scrub Regions
[3032.610s][info][gc,marking     ] GC(610) Concurrent Rebuild Remembered Sets and Scrub Regions 210.419ms
[3032.610s][info][gc,start       ] GC(610) Pause Cleanup
[3032.610s][info][gc             ] GC(610) Pause Cleanup 2030M->2030M(4096M) 0.114ms
[3032.610s][info][gc,cpu         ] GC(610) User=0.00s Sys=0.00s Real=0.00s
[3032.610s][info][gc,marking     ] GC(610) Concurrent Clear Claimed Marks
[3032.610s][info][gc,marking     ] GC(610) Concurrent Clear Claimed Marks 0.023ms
[3032.610s][info][gc,marking     ] GC(610) Concurrent Cleanup for Next Mark
[3032.615s][info][gc,marking     ] GC(610) Concurrent Cleanup for Next Mark 4.585ms
[3032.615s][info][gc             ] GC(610) Concurrent Mark Cycle 950.062ms
. (rIR:aIR:PR = 5120:5119:5119) (tPR = 76072) [OK] 
  3032s: Performance info:
         Transaction,    Success,    Partial,     Failed,   Receipts, AvgBarcode, 
             Overall,     307664,          0,          0,     292270,      59.47, 
         Response times:
             Request,    Success,    Partial,     Failed,   SkipFail,     Probes,    Samples,      min,      p50,      p90,      p95,      p99,      max, 
       TotalPurchase,     292221,          0,          0,          0,     287302,     312518,      300,     4200,     9200,    24000,    82000,   193000,
     InStorePurchase,     153792,          0,          0,          0,     151407,     164284,      300,     4200,     9100,    24000,    82000,   193000,
      OnlinePurchase,     107696,          0,          0,          0,     105934,     115380,      300,     4300,     9300,    25000,    82000,   172000,
        InstPurchase,      30733,          0,          0,          0,      29961,      32854,      400,     4100,     9200,    25000,    81000,   183000,
          AssocOfCat,        311,          0,          0,          0,        237,        320,    22000,    34000,    55000,    80900,   176000,   193000,
      AssocOfProduct,       3071,          0,          0,          0,       2845,       3305,      500,     4500,     9540,    22000,    73000,   142000,
      BusinessReport,        771,          0,          0,          0,        661,        818,    26000,    38000,    65100,    94000,   171000,   207000,
          CustBuyBeh,       3079,          0,          0,          0,       2834,       3242,      200,     4400,     9800,    28000,    79000,   168000,
       ProductReturn,       8164,          0,          0,          0,       7772,       8730,      200,     3700,     8400,    21000,    76690,   162000,

  3032s: (38%)   IR =   5258 ..[3035.220s][info][gc,start       ] GC(611) Pause Young (Prepare Mixed) (G1 Evacuation Pause)
[3035.221s][info][gc,task        ] GC(611) Using 6 workers of 6 for evacuation
[3035.337s][info][gc,phases      ] GC(611)   Pre Evacuate Collection Set: 0.35ms
[3035.337s][info][gc,phases      ] GC(611)   Merge Heap Roots: 0.53ms
[3035.337s][info][gc,phases      ] GC(611)   Evacuate Collection Set: 114.56ms
[3035.337s][info][gc,phases      ] GC(611)   Post Evacuate Collection Set: 0.93ms
[3035.337s][info][gc,phases      ] GC(611)   Other: 0.09ms
[3035.337s][info][gc,heap        ] GC(611) Eden regions: 1113->0(1108)
[3035.337s][info][gc,heap        ] GC(611) Survivor regions: 115->110(154)
[3035.337s][info][gc,heap        ] GC(611) Old regions: 505->537
[3035.337s][info][gc,heap        ] GC(611) Humongous regions: 80->80
[3035.337s][info][gc,metaspace   ] GC(611) Metaspace: 28960K(29312K)->28960K(29312K) NonClass: 24082K(24256K)->24082K(24256K) Class: 4877K(5056K)->4877K(5056K)
[3035.337s][info][gc             ] GC(611) Pause Young (Prepare Mixed) (G1 Evacuation Pause) 3624M->1451M(4096M) 116.594ms
[3035.337s][info][gc,cpu         ] GC(611) User=0.69s Sys=0.00s Real=0.12s
...[3038.804s][info][gc,start       ] GC(612) Pause Young (Mixed) (G1 Evacuation Pause)
[3038.804s][info][gc,task        ] GC(612) Using 6 workers of 6 for evacuation
[3038.935s][info][gc,phases      ] GC(612)   Pre Evacuate Collection Set: 0.38ms
[3038.935s][info][gc,phases      ] GC(612)   Merge Heap Roots: 0.75ms
[3038.935s][info][gc,phases      ] GC(612)   Evacuate Collection Set: 128.80ms
[3038.935s][info][gc,phases      ] GC(612)   Post Evacuate Collection Set: 0.96ms
[3038.935s][info][gc,phases      ] GC(612)   Other: 0.09ms
[3038.935s][info][gc,heap        ] GC(612) Eden regions: 1108->0(1120)
[3038.935s][info][gc,heap        ] GC(612) Survivor regions: 110->108(153)
[3038.935s][info][gc,heap        ] GC(612) Old regions: 537->473
[3038.935s][info][gc,heap        ] GC(612) Humongous regions: 80->80
[3038.935s][info][gc,metaspace   ] GC(612) Metaspace: 28960K(29312K)->28960K(29312K) NonClass: 24082K(24256K)->24082K(24256K) Class: 4877K(5056K)->4877K(5056K)
[3038.935s][info][gc             ] GC(612) Pause Young (Mixed) (G1 Evacuation Pause) 3667M->1321M(4096M) 131.111ms
[3038.935s][info][gc,cpu         ] GC(612) User=0.78s Sys=0.00s Real=0.13s
.|...[3042.372s][info][gc,start       ] GC(613) Pause Young (Concurrent Start) (G1 Evacuation Pause)
[3042.372s][info][gc,task        ] GC(613) Using 6 workers of 6 for evacuation
[3042.491s][info][gc,phases      ] GC(613)   Pre Evacuate Collection Set: 0.36ms
[3042.491s][info][gc,phases      ] GC(613)   Merge Heap Roots: 0.44ms
[3042.491s][info][gc,phases      ] GC(613)   Evacuate Collection Set: 117.24ms
[3042.491s][info][gc,phases      ] GC(613)   Post Evacuate Collection Set: 0.86ms
[3042.491s][info][gc,phases      ] GC(613)   Other: 0.12ms
[3042.491s][info][gc,heap        ] GC(613) Eden regions: 1120->0(1117)
[3042.491s][info][gc,heap        ] GC(613) Survivor regions: 108->111(154)
[3042.491s][info][gc,heap        ] GC(613) Old regions: 473->505
[3042.491s][info][gc,heap        ] GC(613) Humongous regions: 80->80
[3042.491s][info][gc,metaspace   ] GC(613) Metaspace: 28960K(29312K)->28960K(29312K) NonClass: 24082K(24256K)->24082K(24256K) Class: 4877K(5056K)->4877K(5056K)
[3042.491s][info][gc             ] GC(613) Pause Young (Concurrent Start) (G1 Evacuation Pause) 3561M->1391M(4096M) 119.152ms
[3042.491s][info][gc             ] GC(614) Concurrent Mark Cycle
[3042.491s][info][gc,marking     ] GC(614) Concurrent Scan Root Regions
[3042.491s][info][gc,cpu         ] GC(613) User=0.70s Sys=0.00s Real=0.12s
[3042.628s][info][gc,marking     ] GC(614) Concurrent Scan Root Regions 136.691ms
[3042.628s][info][gc,marking     ] GC(614) Concurrent Mark
[3042.628s][info][gc,marking     ] GC(614) Concurrent Mark From Roots
[3042.628s][info][gc,task        ] GC(614) Using 2 workers of 2 for marking
.[3043.276s][info][gc,marking     ] GC(614) Concurrent Mark From Roots 647.986ms
[3043.276s][info][gc,marking     ] GC(614) Concurrent Preclean
[3043.276s][info][gc,marking     ] GC(614) Concurrent Preclean 0.112ms
[3043.276s][info][gc,start       ] GC(614) Pause Remark
[3043.280s][info][gc             ] GC(614) Pause Remark 1928M->1928M(4096M) 4.139ms
[3043.280s][info][gc,cpu         ] GC(614) User=0.02s Sys=0.00s Real=0.00s
[3043.280s][info][gc,marking     ] GC(614) Concurrent Mark 652.512ms
[3043.280s][info][gc,marking     ] GC(614) Concurrent Rebuild Remembered Sets and Scrub Regions
[3043.641s][info][gc,marking     ] GC(614) Concurrent Rebuild Remembered Sets and Scrub Regions 360.194ms
[3043.641s][info][gc,start       ] GC(614) Pause Cleanup
[3043.641s][info][gc             ] GC(614) Pause Cleanup 2153M->2153M(4096M) 0.111ms
[3043.641s][info][gc,cpu         ] GC(614) User=0.00s Sys=0.00s Real=0.00s
[3043.641s][info][gc,marking     ] GC(614) Concurrent Clear Claimed Marks
[3043.641s][info][gc,marking     ] GC(614) Concurrent Clear Claimed Marks 0.025ms
[3043.641s][info][gc,marking     ] GC(614) Concurrent Cleanup for Next Mark
[3043.644s][info][gc,marking     ] GC(614) Concurrent Cleanup for Next Mark 3.285ms
[3043.644s][info][gc             ] GC(614) Concurrent Mark Cycle 1153.150ms
..[3045.981s][info][gc,start       ] GC(615) Pause Young (Prepare Mixed) (G1 Evacuation Pause)
[3045.981s][info][gc,task        ] GC(615) Using 6 workers of 6 for evacuation
[3046.098s][info][gc,phases      ] GC(615)   Pre Evacuate Collection Set: 0.36ms
[3046.098s][info][gc,phases      ] GC(615)   Merge Heap Roots: 0.51ms
[3046.098s][info][gc,phases      ] GC(615)   Evacuate Collection Set: 115.32ms
[3046.098s][info][gc,phases      ] GC(615)   Post Evacuate Collection Set: 0.89ms
[3046.098s][info][gc,phases      ] GC(615)   Other: 0.09ms
[3046.098s][info][gc,heap        ] GC(615) Eden regions: 1117->0(1106)
[3046.098s][info][gc,heap        ] GC(615) Survivor regions: 111->111(154)
[3046.098s][info][gc,heap        ] GC(615) Old regions: 505->537
[3046.098s][info][gc,heap        ] GC(615) Humongous regions: 80->80
[3046.098s][info][gc,metaspace   ] GC(615) Metaspace: 28960K(29312K)->28960K(29312K) NonClass: 24082K(24256K)->24082K(24256K) Class: 4877K(5056K)->4877K(5056K)
[3046.098s][info][gc             ] GC(615) Pause Young (Prepare Mixed) (G1 Evacuation Pause) 3625M->1454M(4096M) 117.326ms
[3046.098s][info][gc,cpu         ] GC(615) User=0.69s Sys=0.01s Real=0.12s
....[3049.527s][info][gc,start       ] GC(616) Pause Young (Mixed) (G1 Evacuation Pause)
[3049.527s][info][gc,task        ] GC(616) Using 6 workers of 6 for evacuation
[3049.659s][info][gc,phases      ] GC(616)   Pre Evacuate Collection Set: 0.38ms
[3049.659s][info][gc,phases      ] GC(616)   Merge Heap Roots: 0.60ms
[3049.659s][info][gc,phases      ] GC(616)   Evacuate Collection Set: 130.42ms
[3049.659s][info][gc,phases      ] GC(616)   Post Evacuate Collection Set: 0.95ms
[3049.659s][info][gc,phases      ] GC(616)   Other: 0.09ms
[3049.659s][info][gc,heap        ] GC(616) Eden regions: 1106->0(1118)
[3049.659s][info][gc,heap        ] GC(616) Survivor regions: 111->110(153)
[3049.659s][info][gc,heap        ] GC(616) Old regions: 537->474
[3049.659s][info][gc,heap        ] GC(616) Humongous regions: 80->80
[3049.659s][info][gc,metaspace   ] GC(616) Metaspace: 28960K(29312K)->28960K(29312K) NonClass: 24082K(24256K)->24082K(24256K) Class: 4877K(5056K)->4877K(5056K)
[3049.659s][info][gc             ] GC(616) Pause Young (Mixed) (G1 Evacuation Pause) 3666M->1326M(4096M) 132.577ms
[3049.659s][info][gc,cpu         ] GC(616) User=0.79s Sys=0.00s Real=0.13s
....[3053.175s][info][gc,start       ] GC(617) Pause Young (Concurrent Start) (G1 Evacuation Pause)
[3053.175s][info][gc,task        ] GC(617) Using 6 workers of 6 for evacuation
[3053.290s][info][gc,phases      ] GC(617)   Pre Evacuate Collection Set: 0.40ms
[3053.290s][info][gc,phases      ] GC(617)   Merge Heap Roots: 0.45ms
[3053.290s][info][gc,phases      ] GC(617)   Evacuate Collection Set: 113.04ms
[3053.290s][info][gc,phases      ] GC(617)   Post Evacuate Collection Set: 0.88ms
[3053.290s][info][gc,phases      ] GC(617)   Other: 0.10ms
[3053.290s][info][gc,heap        ] GC(617) Eden regions: 1118->0(1119)
[3053.290s][info][gc,heap        ] GC(617) Survivor regions: 110->109(154)
[3053.290s][info][gc,heap        ] GC(617) Old regions: 474->506
[3053.290s][info][gc,heap        ] GC(617) Humongous regions: 80->80
[3053.290s][info][gc,metaspace   ] GC(617) Metaspace: 28960K(29312K)->28960K(29312K) NonClass: 24082K(24256K)->24082K(24256K) Class: 4877K(5056K)->4877K(5056K)
[3053.290s][info][gc             ] GC(617) Pause Young (Concurrent Start) (G1 Evacuation Pause) 3562M->1388M(4096M) 114.992ms
[3053.290s][info][gc             ] GC(618) Concurrent Mark Cycle
[3053.290s][info][gc,marking     ] GC(618) Concurrent Scan Root Regions
[3053.290s][info][gc,cpu         ] GC(617) User=0.68s Sys=0.00s Real=0.11s
[3053.432s][info][gc,marking     ] GC(618) Concurrent Scan Root Regions 142.034ms
[3053.432s][info][gc,marking     ] GC(618) Concurrent Mark
[3053.432s][info][gc,marking     ] GC(618) Concurrent Mark From Roots
[3053.432s][info][gc,task        ] GC(618) Using 2 workers of 2 for marking
[3054.107s][info][gc,marking     ] GC(618) Concurrent Mark From Roots 675.480ms
[3054.107s][info][gc,marking     ] GC(618) Concurrent Preclean
[3054.108s][info][gc,marking     ] GC(618) Concurrent Preclean 0.122ms
[3054.108s][info][gc,start       ] GC(618) Pause Remark
[3054.112s][info][gc             ] GC(618) Pause Remark 1967M->1967M(4096M) 4.406ms
[3054.112s][info][gc,cpu         ] GC(618) User=0.02s Sys=0.00s Real=0.00s
[3054.112s][info][gc,marking     ] GC(618) Concurrent Mark 680.266ms
[3054.112s][info][gc,marking     ] GC(618) Concurrent Rebuild Remembered Sets and Scrub Regions
.[3054.360s][info][gc,marking     ] GC(618) Concurrent Rebuild Remembered Sets and Scrub Regions 248.077ms
[3054.361s][info][gc,start       ] GC(618) Pause Cleanup
[3054.361s][info][gc             ] GC(618) Pause Cleanup 2130M->2130M(4096M) 0.113ms
[3054.361s][info][gc,cpu         ] GC(618) User=0.00s Sys=0.00s Real=0.00s
[3054.361s][info][gc,marking     ] GC(618) Concurrent Clear Claimed Marks
[3054.361s][info][gc,marking     ] GC(618) Concurrent Clear Claimed Marks 0.035ms
[3054.361s][info][gc,marking     ] GC(618) Concurrent Cleanup for Next Mark
[3054.366s][info][gc,marking     ] GC(618) Concurrent Cleanup for Next Mark 4.934ms
[3054.366s][info][gc             ] GC(618) Concurrent Mark Cycle 1076.167ms
..[3056.708s][info][gc,start       ] GC(619) Pause Young (Prepare Mixed) (G1 Evacuation Pause)
[3056.708s][info][gc,task        ] GC(619) Using 6 workers of 6 for evacuation
[3056.826s][info][gc,phases      ] GC(619)   Pre Evacuate Collection Set: 0.31ms
[3056.826s][info][gc,phases      ] GC(619)   Merge Heap Roots: 0.51ms
[3056.826s][info][gc,phases      ] GC(619)   Evacuate Collection Set: 115.91ms
[3056.826s][info][gc,phases      ] GC(619)   Post Evacuate Collection Set: 0.92ms
[3056.826s][info][gc,phases      ] GC(619)   Other: 0.10ms
[3056.826s][info][gc,heap        ] GC(619) Eden regions: 1119->0(1108)
[3056.826s][info][gc,heap        ] GC(619) Survivor regions: 109->110(154)
[3056.826s][info][gc,heap        ] GC(619) Old regions: 506->537
[3056.826s][info][gc,heap        ] GC(619) Humongous regions: 80->80
[3056.826s][info][gc,metaspace   ] GC(619) Metaspace: 28960K(29312K)->28960K(29312K) NonClass: 24082K(24256K)->24082K(24256K) Class: 4877K(5056K)->4877K(5056K)
[3056.826s][info][gc             ] GC(619) Pause Young (Prepare Mixed) (G1 Evacuation Pause) 3626M->1453M(4096M) 117.871ms
[3056.826s][info][gc,cpu         ] GC(619) User=0.70s Sys=0.00s Real=0.12s
....[3060.411s][info][gc,start       ] GC(620) Pause Young (Mixed) (G1 Evacuation Pause)
[3060.411s][info][gc,task        ] GC(620) Using 6 workers of 6 for evacuation
[3060.544s][info][gc,phases      ] GC(620)   Pre Evacuate Collection Set: 0.38ms
[3060.544s][info][gc,phases      ] GC(620)   Merge Heap Roots: 0.69ms
[3060.544s][info][gc,phases      ] GC(620)   Evacuate Collection Set: 131.26ms
[3060.544s][info][gc,phases      ] GC(620)   Post Evacuate Collection Set: 0.94ms
[3060.544s][info][gc,phases      ] GC(620)   Other: 0.10ms
[3060.544s][info][gc,heap        ] GC(620) Eden regions: 1108->0(1118)
[3060.544s][info][gc,heap        ] GC(620) Survivor regions: 110->110(153)
[3060.544s][info][gc,heap        ] GC(620) Old regions: 537->474
[3060.544s][info][gc,heap        ] GC(620) Humongous regions: 80->80
[3060.544s][info][gc,metaspace   ] GC(620) Metaspace: 28960K(29312K)->28960K(29312K) NonClass: 24082K(24256K)->24082K(24256K) Class: 4877K(5056K)->4877K(5056K)
[3060.544s][info][gc             ] GC(620) Pause Young (Mixed) (G1 Evacuation Pause) 3669M->1326M(4096M) 133.491ms
[3060.544s][info][gc,cpu         ] GC(620) User=0.79s Sys=0.00s Real=0.14s
...[3063.966s][info][gc,start       ] GC(621) Pause Young (Concurrent Start) (G1 Evacuation Pause)
[3063.967s][info][gc,task        ] GC(621) Using 6 workers of 6 for evacuation
[3064.088s][info][gc,phases      ] GC(621)   Pre Evacuate Collection Set: 0.41ms
[3064.088s][info][gc,phases      ] GC(621)   Merge Heap Roots: 0.56ms
[3064.088s][info][gc,phases      ] GC(621)   Evacuate Collection Set: 119.88ms
[3064.088s][info][gc,phases      ] GC(621)   Post Evacuate Collection Set: 0.88ms
[3064.088s][info][gc,phases      ] GC(621)   Other: 0.12ms
[3064.088s][info][gc,heap        ] GC(621) Eden regions: 1118->0(1116)
[3064.088s][info][gc,heap        ] GC(621) Survivor regions: 110->112(154)
[3064.088s][info][gc,heap        ] GC(621) Old regions: 474->505
[3064.088s][info][gc,heap        ] GC(621) Humongous regions: 80->80
[3064.088s][info][gc,metaspace   ] GC(621) Metaspace: 28960K(29312K)->28960K(29312K) NonClass: 24082K(24256K)->24082K(24256K) Class: 4877K(5056K)->4877K(5056K)
[3064.088s][info][gc             ] GC(621) Pause Young (Concurrent Start) (G1 Evacuation Pause) 3562M->1391M(4096M) 121.980ms
[3064.088s][info][gc             ] GC(622) Concurrent Mark Cycle
[3064.089s][info][gc,marking     ] GC(622) Concurrent Scan Root Regions
[3064.089s][info][gc,cpu         ] GC(621) User=0.73s Sys=0.00s Real=0.12s
.[3064.267s][info][gc,marking     ] GC(622) Concurrent Scan Root Regions 178.465ms
[3064.267s][info][gc,marking     ] GC(622) Concurrent Mark
[3064.267s][info][gc,marking     ] GC(622) Concurrent Mark From Roots
[3064.267s][info][gc,task        ] GC(622) Using 2 workers of 2 for marking
[3065.042s][info][gc,marking     ] GC(622) Concurrent Mark From Roots 775.062ms
[3065.042s][info][gc,marking     ] GC(622) Concurrent Preclean
[3065.042s][info][gc,marking     ] GC(622) Concurrent Preclean 0.133ms
[3065.043s][info][gc,start       ] GC(622) Pause Remark
[3065.048s][info][gc             ] GC(622) Pause Remark 2065M->2065M(4096M) 5.567ms
[3065.048s][info][gc,cpu         ] GC(622) User=0.03s Sys=0.00s Real=0.01s
[3065.048s][info][gc,marking     ] GC(622) Concurrent Mark 781.386ms
[3065.048s][info][gc,marking     ] GC(622) Concurrent Rebuild Remembered Sets and Scrub Regions
.[3065.281s][info][gc,marking     ] GC(622) Concurrent Rebuild Remembered Sets and Scrub Regions 232.436ms
[3065.281s][info][gc,start       ] GC(622) Pause Cleanup
[3065.281s][info][gc             ] GC(622) Pause Cleanup 2208M->2208M(4096M) 0.119ms
[3065.281s][info][gc,cpu         ] GC(622) User=0.00s Sys=0.00s Real=0.00s
[3065.282s][info][gc,marking     ] GC(622) Concurrent Clear Claimed Marks
[3065.283s][info][gc,marking     ] GC(622) Concurrent Clear Claimed Marks 0.042ms
[3065.283s][info][gc,marking     ] GC(622) Concurrent Cleanup for Next Mark
[3065.288s][info][gc,marking     ] GC(622) Concurrent Cleanup for Next Mark 5.331ms
[3065.288s][info][gc             ] GC(622) Concurrent Mark Cycle 1199.426ms
..[3067.577s][info][gc,start       ] GC(623) Pause Young (Prepare Mixed) (G1 Evacuation Pause)
[3067.577s][info][gc,task        ] GC(623) Using 6 workers of 6 for evacuation
[3067.699s][info][gc,phases      ] GC(623)   Pre Evacuate Collection Set: 0.35ms
[3067.699s][info][gc,phases      ] GC(623)   Merge Heap Roots: 0.56ms
[3067.699s][info][gc,phases      ] GC(623)   Evacuate Collection Set: 120.16ms
[3067.699s][info][gc,phases      ] GC(623)   Post Evacuate Collection Set: 0.96ms
[3067.699s][info][gc,phases      ] GC(623)   Other: 0.11ms
[3067.699s][info][gc,heap        ] GC(623) Eden regions: 1116->0(1102)
[3067.699s][info][gc,heap        ] GC(623) Survivor regions: 112->113(154)
[3067.699s][info][gc,heap        ] GC(623) Old regions: 505->537
[3067.699s][info][gc,heap        ] GC(623) Humongous regions: 80->80
[3067.699s][info][gc,metaspace   ] GC(623) Metaspace: 28960K(29312K)->28960K(29312K) NonClass: 24082K(24256K)->24082K(24256K) Class: 4877K(5056K)->4877K(5056K)
[3067.699s][info][gc             ] GC(623) Pause Young (Prepare Mixed) (G1 Evacuation Pause) 3623M->1459M(4096M) 122.273ms
[3067.699s][info][gc,cpu         ] GC(623) User=0.73s Sys=0.00s Real=0.12s
....[3071.191s][info][gc,start       ] GC(624) Pause Young (Mixed) (G1 Evacuation Pause)
[3071.191s][info][gc,task        ] GC(624) Using 6 workers of 6 for evacuation
[3071.320s][info][gc,phases      ] GC(624)   Pre Evacuate Collection Set: 0.36ms
[3071.320s][info][gc,phases      ] GC(624)   Merge Heap Roots: 0.66ms
[3071.320s][info][gc,phases      ] GC(624)   Evacuate Collection Set: 127.56ms
[3071.320s][info][gc,phases      ] GC(624)   Post Evacuate Collection Set: 0.94ms
[3071.320s][info][gc,phases      ] GC(624)   Other: 0.09ms
[3071.320s][info][gc,heap        ] GC(624) Eden regions: 1102->0(1119)
[3071.320s][info][gc,heap        ] GC(624) Survivor regions: 113->109(152)
[3071.320s][info][gc,heap        ] GC(624) Old regions: 537->472
[3071.320s][info][gc,heap        ] GC(624) Humongous regions: 80->80
[3071.320s][info][gc,metaspace   ] GC(624) Metaspace: 28960K(29312K)->28960K(29312K) NonClass: 24082K(24256K)->24082K(24256K) Class: 4877K(5056K)->4877K(5056K)
[3071.320s][info][gc             ] GC(624) Pause Young (Mixed) (G1 Evacuation Pause) 3663M->1321M(4096M) 129.744ms
[3071.321s][info][gc,cpu         ] GC(624) User=0.77s Sys=0.00s Real=0.13s
...[3074.763s][info][gc,start       ] GC(625) Pause Young (Concurrent Start) (G1 Evacuation Pause)
[3074.763s][info][gc,task        ] GC(625) Using 6 workers of 6 for evacuation
[3074.878s][info][gc,phases      ] GC(625)   Pre Evacuate Collection Set: 0.41ms
[3074.878s][info][gc,phases      ] GC(625)   Merge Heap Roots: 0.48ms
[3074.878s][info][gc,phases      ] GC(625)   Evacuate Collection Set: 112.77ms
[3074.878s][info][gc,phases      ] GC(625)   Post Evacuate Collection Set: 0.91ms
[3074.878s][info][gc,phases      ] GC(625)   Other: 0.09ms
[3074.878s][info][gc,heap        ] GC(625) Eden regions: 1119->0(1121)
[3074.878s][info][gc,heap        ] GC(625) Survivor regions: 109->107(154)
[3074.878s][info][gc,heap        ] GC(625) Old regions: 472->505
[3074.878s][info][gc,heap        ] GC(625) Humongous regions: 80->80
[3074.878s][info][gc,metaspace   ] GC(625) Metaspace: 28960K(29312K)->28960K(29312K) NonClass: 24082K(24256K)->24082K(24256K) Class: 4877K(5056K)->4877K(5056K)
[3074.878s][info][gc             ] GC(625) Pause Young (Concurrent Start) (G1 Evacuation Pause) 3559M->1382M(4096M) 114.804ms
[3074.878s][info][gc             ] GC(626) Concurrent Mark Cycle
[3074.878s][info][gc,marking     ] GC(626) Concurrent Scan Root Regions
[3074.878s][info][gc,cpu         ] GC(625) User=0.68s Sys=0.00s Real=0.12s
[3074.986s][info][gc,marking     ] GC(626) Concurrent Scan Root Regions 107.984ms
[3074.986s][info][gc,marking     ] GC(626) Concurrent Mark
[3074.986s][info][gc,marking     ] GC(626) Concurrent Mark From Roots
[3074.986s][info][gc,task        ] GC(626) Using 2 workers of 2 for marking
.[3075.540s][info][gc,marking     ] GC(626) Concurrent Mark From Roots 553.910ms
[3075.540s][info][gc,marking     ] GC(626) Concurrent Preclean
[3075.540s][info][gc,marking     ] GC(626) Concurrent Preclean 0.106ms
[3075.540s][info][gc,start       ] GC(626) Pause Remark
[3075.544s][info][gc             ] GC(626) Pause Remark 1850M->1850M(4096M) 4.188ms
[3075.545s][info][gc,cpu         ] GC(626) User=0.03s Sys=0.00s Real=0.01s
[3075.545s][info][gc,marking     ] GC(626) Concurrent Mark 559.097ms
[3075.545s][info][gc,marking     ] GC(626) Concurrent Rebuild Remembered Sets and Scrub Regions
[3075.761s][info][gc,marking     ] GC(626) Concurrent Rebuild Remembered Sets and Scrub Regions 215.941ms
[3075.761s][info][gc,start       ] GC(626) Pause Cleanup
[3075.761s][info][gc             ] GC(626) Pause Cleanup 2012M->2012M(4096M) 0.120ms
[3075.761s][info][gc,cpu         ] GC(626) User=0.00s Sys=0.00s Real=0.00s
[3075.761s][info][gc,marking     ] GC(626) Concurrent Clear Claimed Marks
[3075.761s][info][gc,marking     ] GC(626) Concurrent Clear Claimed Marks 0.029ms
[3075.761s][info][gc,marking     ] GC(626) Concurrent Cleanup for Next Mark
[3075.765s][info][gc,marking     ] GC(626) Concurrent Cleanup for Next Mark 4.341ms
[3075.766s][info][gc             ] GC(626) Concurrent Mark Cycle 887.904ms
...[3078.396s][info][gc,start       ] GC(627) Pause Young (Prepare Mixed) (G1 Evacuation Pause)
[3078.396s][info][gc,task        ] GC(627) Using 6 workers of 6 for evacuation
[3078.513s][info][gc,phases      ] GC(627)   Pre Evacuate Collection Set: 0.34ms
[3078.513s][info][gc,phases      ] GC(627)   Merge Heap Roots: 0.53ms
[3078.513s][info][gc,phases      ] GC(627)   Evacuate Collection Set: 114.77ms
[3078.513s][info][gc,phases      ] GC(627)   Post Evacuate Collection Set: 0.93ms
[3078.513s][info][gc,phases      ] GC(627)   Other: 0.09ms
[3078.513s][info][gc,heap        ] GC(627) Eden regions: 1121->0(1109)
[3078.513s][info][gc,heap        ] GC(627) Survivor regions: 107->110(154)
[3078.513s][info][gc,heap        ] GC(627) Old regions: 505->536
[3078.513s][info][gc,heap        ] GC(627) Humongous regions: 80->80
[3078.513s][info][gc,metaspace   ] GC(627) Metaspace: 28960K(29312K)->28960K(29312K) NonClass: 24082K(24256K)->24082K(24256K) Class: 4877K(5056K)->4877K(5056K)
[3078.513s][info][gc             ] GC(627) Pause Young (Prepare Mixed) (G1 Evacuation Pause) 3624M->1450M(4096M) 116.797ms
[3078.513s][info][gc,cpu         ] GC(627) User=0.70s Sys=0.00s Real=0.11s
...[3081.910s][info][gc,start       ] GC(628) Pause Young (Mixed) (G1 Evacuation Pause)
[3081.910s][info][gc,task        ] GC(628) Using 6 workers of 6 for evacuation
[3082.042s][info][gc,phases      ] GC(628)   Pre Evacuate Collection Set: 0.39ms
[3082.042s][info][gc,phases      ] GC(628)   Merge Heap Roots: 0.71ms
[3082.042s][info][gc,phases      ] GC(628)   Evacuate Collection Set: 130.05ms
[3082.042s][info][gc,phases      ] GC(628)   Post Evacuate Collection Set: 0.93ms
[3082.042s][info][gc,phases      ] GC(628)   Other: 0.09ms
[3082.042s][info][gc,heap        ] GC(628) Eden regions: 1109->0(1120)
[3082.042s][info][gc,heap        ] GC(628) Survivor regions: 110->108(153)
[3082.042s][info][gc,heap        ] GC(628) Old regions: 536->475
[3082.042s][info][gc,heap        ] GC(628) Humongous regions: 80->80
[3082.042s][info][gc,metaspace   ] GC(628) Metaspace: 28960K(29312K)->28960K(29312K) NonClass: 24082K(24256K)->24082K(24256K) Class: 4877K(5056K)->4877K(5056K)
[3082.042s][info][gc             ] GC(628) Pause Young (Mixed) (G1 Evacuation Pause) 3668M->1324M(4096M) 132.306ms
[3082.042s][info][gc,cpu         ] GC(628) User=0.78s Sys=0.00s Real=0.13s
....[3085.516s][info][gc,start       ] GC(629) Pause Young (Concurrent Start) (G1 Evacuation Pause)
[3085.516s][info][gc,task        ] GC(629) Using 6 workers of 6 for evacuation
[3085.637s][info][gc,phases      ] GC(629)   Pre Evacuate Collection Set: 0.37ms
[3085.637s][info][gc,phases      ] GC(629)   Merge Heap Roots: 0.51ms
[3085.637s][info][gc,phases      ] GC(629)   Evacuate Collection Set: 118.95ms
[3085.637s][info][gc,phases      ] GC(629)   Post Evacuate Collection Set: 0.86ms
[3085.637s][info][gc,phases      ] GC(629)   Other: 0.10ms
[3085.637s][info][gc,heap        ] GC(629) Eden regions: 1120->0(1117)
[3085.637s][info][gc,heap        ] GC(629) Survivor regions: 108->111(154)
[3085.637s][info][gc,heap        ] GC(629) Old regions: 475->507
[3085.637s][info][gc,heap        ] GC(629) Humongous regions: 80->80
[3085.637s][info][gc,metaspace   ] GC(629) Metaspace: 28960K(29312K)->28960K(29312K) NonClass: 24082K(24256K)->24082K(24256K) Class: 4877K(5056K)->4877K(5056K)
[3085.637s][info][gc             ] GC(629) Pause Young (Concurrent Start) (G1 Evacuation Pause) 3564M->1394M(4096M) 120.927ms
[3085.637s][info][gc             ] GC(630) Concurrent Mark Cycle
[3085.637s][info][gc,marking     ] GC(630) Concurrent Scan Root Regions
[3085.637s][info][gc,cpu         ] GC(629) User=0.72s Sys=0.00s Real=0.12s
[3085.771s][info][gc,marking     ] GC(630) Concurrent Scan Root Regions 133.909ms
[3085.771s][info][gc,marking     ] GC(630) Concurrent Mark
[3085.771s][info][gc,marking     ] GC(630) Concurrent Mark From Roots
[3085.771s][info][gc,task        ] GC(630) Using 2 workers of 2 for marking
.[3086.432s][info][gc,marking     ] GC(630) Concurrent Mark From Roots 661.382ms
[3086.432s][info][gc,marking     ] GC(630) Concurrent Preclean
[3086.432s][info][gc,marking     ] GC(630) Concurrent Preclean 0.115ms
[3086.436s][info][gc,start       ] GC(630) Pause Remark
[3086.441s][info][gc             ] GC(630) Pause Remark 1934M->1934M(4096M) 5.086ms
[3086.441s][info][gc,cpu         ] GC(630) User=0.02s Sys=0.00s Real=0.00s
[3086.441s][info][gc,marking     ] GC(630) Concurrent Mark 670.075ms
[3086.441s][info][gc,marking     ] GC(630) Concurrent Rebuild Remembered Sets and Scrub Regions
[3086.700s][info][gc,marking     ] GC(630) Concurrent Rebuild Remembered Sets and Scrub Regions 258.917ms
[3086.701s][info][gc,start       ] GC(630) Pause Cleanup
[3086.701s][info][gc             ] GC(630) Pause Cleanup 2110M->2110M(4096M) 0.120ms
[3086.701s][info][gc,cpu         ] GC(630) User=0.00s Sys=0.00s Real=0.00s
[3086.702s][info][gc,marking     ] GC(630) Concurrent Clear Claimed Marks
[3086.702s][info][gc,marking     ] GC(630) Concurrent Clear Claimed Marks 0.033ms
[3086.702s][info][gc,marking     ] GC(630) Concurrent Cleanup for Next Mark
[3086.706s][info][gc,marking     ] GC(630) Concurrent Cleanup for Next Mark 4.025ms
[3086.706s][info][gc             ] GC(630) Concurrent Mark Cycle 1069.061ms
..[3089.185s][info][gc,start       ] GC(631) Pause Young (Prepare Mixed) (G1 Evacuation Pause)
[3089.185s][info][gc,task        ] GC(631) Using 6 workers of 6 for evacuation
[3089.301s][info][gc,phases      ] GC(631)   Pre Evacuate Collection Set: 0.35ms
[3089.301s][info][gc,phases      ] GC(631)   Merge Heap Roots: 0.51ms
[3089.301s][info][gc,phases      ] GC(631)   Evacuate Collection Set: 114.04ms
[3089.301s][info][gc,phases      ] GC(631)   Post Evacuate Collection Set: 0.93ms
[3089.301s][info][gc,phases      ] GC(631)   Other: 0.08ms
[3089.301s][info][gc,heap        ] GC(631) Eden regions: 1117->0(1109)
[3089.301s][info][gc,heap        ] GC(631) Survivor regions: 111->109(154)
[3089.301s][info][gc,heap        ] GC(631) Old regions: 507->538
[3089.301s][info][gc,heap        ] GC(631) Humongous regions: 80->80
[3089.301s][info][gc,metaspace   ] GC(631) Metaspace: 28905K(29312K)->28905K(29312K) NonClass: 24037K(24256K)->24037K(24256K) Class: 4868K(5056K)->4868K(5056K)
[3089.301s][info][gc             ] GC(631) Pause Young (Prepare Mixed) (G1 Evacuation Pause) 3628M->1453M(4096M) 116.039ms
[3089.302s][info][gc,cpu         ] GC(631) User=0.68s Sys=0.00s Real=0.11s
....[3092.683s][info][gc,start       ] GC(632) Pause Young (Mixed) (G1 Evacuation Pause)
[3092.683s][info][gc,task        ] GC(632) Using 6 workers of 6 for evacuation
[3092.814s][info][gc,phases      ] GC(632)   Pre Evacuate Collection Set: 0.40ms
[3092.814s][info][gc,phases      ] GC(632)   Merge Heap Roots: 0.71ms
[3092.814s][info][gc,phases      ] GC(632)   Evacuate Collection Set: 128.86ms
[3092.814s][info][gc,phases      ] GC(632)   Post Evacuate Collection Set: 0.98ms
[3092.814s][info][gc,phases      ] GC(632)   Other: 0.09ms
[3092.814s][info][gc,heap        ] GC(632) Eden regions: 1109->0(1121)
[3092.814s][info][gc,heap        ] GC(632) Survivor regions: 109->107(153)
[3092.814s][info][gc,heap        ] GC(632) Old regions: 538->475
[3092.814s][info][gc,heap        ] GC(632) Humongous regions: 80->80
[3092.814s][info][gc,metaspace   ] GC(632) Metaspace: 28905K(29312K)->28905K(29312K) NonClass: 24037K(24256K)->24037K(24256K) Class: 4868K(5056K)->4868K(5056K)
[3092.814s][info][gc             ] GC(632) Pause Young (Mixed) (G1 Evacuation Pause) 3671M->1323M(4096M) 131.180ms
[3092.815s][info][gc,cpu         ] GC(632) User=0.78s Sys=0.00s Real=0.13s
....[3096.334s][info][gc,start       ] GC(633) Pause Young (Concurrent Start) (G1 Evacuation Pause)
[3096.334s][info][gc,task        ] GC(633) Using 6 workers of 6 for evacuation
[3096.451s][info][gc,phases      ] GC(633)   Pre Evacuate Collection Set: 0.40ms
[3096.451s][info][gc,phases      ] GC(633)   Merge Heap Roots: 0.48ms
[3096.451s][info][gc,phases      ] GC(633)   Evacuate Collection Set: 114.94ms
[3096.451s][info][gc,phases      ] GC(633)   Post Evacuate Collection Set: 0.88ms
[3096.451s][info][gc,phases      ] GC(633)   Other: 0.12ms
[3096.451s][info][gc,heap        ] GC(633) Eden regions: 1121->0(1118)
[3096.451s][info][gc,heap        ] GC(633) Survivor regions: 107->110(154)
[3096.451s][info][gc,heap        ] GC(633) Old regions: 475->507
[3096.451s][info][gc,heap        ] GC(633) Humongous regions: 80->80
[3096.451s][info][gc,metaspace   ] GC(633) Metaspace: 28905K(29312K)->28905K(29312K) NonClass: 24037K(24256K)->24037K(24256K) Class: 4868K(5056K)->4868K(5056K)
[3096.451s][info][gc             ] GC(633) Pause Young (Concurrent Start) (G1 Evacuation Pause) 3565M->1391M(4096M) 116.948ms
[3096.451s][info][gc             ] GC(634) Concurrent Mark Cycle
[3096.451s][info][gc,marking     ] GC(634) Concurrent Scan Root Regions
[3096.451s][info][gc,cpu         ] GC(633) User=0.69s Sys=0.00s Real=0.11s
[3096.624s][info][gc,marking     ] GC(634) Concurrent Scan Root Regions 173.196ms
[3096.624s][info][gc,marking     ] GC(634) Concurrent Mark
[3096.624s][info][gc,marking     ] GC(634) Concurrent Mark From Roots
[3096.624s][info][gc,task        ] GC(634) Using 2 workers of 2 for marking
.[3097.619s][info][gc,marking     ] GC(634) Concurrent Mark From Roots 994.293ms
[3097.619s][info][gc,marking     ] GC(634) Concurrent Preclean
[3097.620s][info][gc,marking     ] GC(634) Concurrent Preclean 1.215ms
[3097.620s][info][gc,start       ] GC(634) Pause Remark
[3097.625s][info][gc             ] GC(634) Pause Remark 2167M->2167M(4096M) 5.174ms
[3097.625s][info][gc,cpu         ] GC(634) User=0.03s Sys=0.00s Real=0.01s
[3097.626s][info][gc,marking     ] GC(634) Concurrent Mark 1001.391ms
[3097.626s][info][gc,marking     ] GC(634) Concurrent Rebuild Remembered Sets and Scrub Regions
[3097.983s][info][gc,marking     ] GC(634) Concurrent Rebuild Remembered Sets and Scrub Regions 357.052ms
[3097.983s][info][gc,start       ] GC(634) Pause Cleanup
[3097.983s][info][gc             ] GC(634) Pause Cleanup 2395M->2395M(4096M) 0.122ms
[3097.983s][info][gc,cpu         ] GC(634) User=0.00s Sys=0.00s Real=0.00s
[3097.983s][info][gc,marking     ] GC(634) Concurrent Clear Claimed Marks
[3097.983s][info][gc,marking     ] GC(634) Concurrent Clear Claimed Marks 0.029ms
[3097.983s][info][gc,marking     ] GC(634) Concurrent Cleanup for Next Mark
[3097.987s][info][gc,marking     ] GC(634) Concurrent Cleanup for Next Mark 3.899ms
[3097.987s][info][gc             ] GC(634) Concurrent Mark Cycle 1536.061ms
.. (rIR:aIR:PR = 5258:5259:5259) (tPR = 78004) [OK] 
  3099s: Performance info:
         Transaction,    Success,    Partial,     Failed,   Receipts, AvgBarcode, 
             Overall,     316716,          0,          0,     300885,      59.48, 
         Response times:
             Request,    Success,    Partial,     Failed,   SkipFail,     Probes,    Samples,      min,      p50,      p90,      p95,      p99,      max, 
       TotalPurchase,     300883,          0,          0,          0,     295681,     325942,      300,     4500,     9800,    25000,    73000,   221000,
     InStorePurchase,     158323,          0,          0,          0,     156113,     171942,      300,     4500,     9800,    25000,    71000,   221000,
      OnlinePurchase,     110863,          0,          0,          0,     108694,     119613,      300,     4300,     9600,    25000,    77000,   219000,
        InstPurchase,      31697,          0,          0,          0,      30874,      34387,      400,     4800,     9900,    24000,    73000,   219000,
          AssocOfCat,        319,          0,          0,          0,        254,        349,    18400,    32000,    52000,    62500,   136000,   167000,
      AssocOfProduct,       3163,          0,          0,          0,       2985,       3521,      400,     3700,     7700,    22000,    68000,   139000,
      BusinessReport,        789,          0,          0,          0,        688,        886,    24000,    37000,    55000,    72000,   155910,   193000,
          CustBuyBeh,       3160,          0,          0,          0,       2963,       3423,      300,     4300,     9320,    28000,    71760,   140000,
       ProductReturn,       8402,          0,          0,          0,       8064,       9130,      300,     5400,    11990,    32000,    76690,   141000,

  3099s: (39%)   IR =   5396 [3099.989s][info][gc,start       ] GC(635) Pause Young (Prepare Mixed) (G1 Evacuation Pause)
[3099.989s][info][gc,task        ] GC(635) Using 6 workers of 6 for evacuation
[3100.112s][info][gc,phases      ] GC(635)   Pre Evacuate Collection Set: 0.35ms
[3100.112s][info][gc,phases      ] GC(635)   Merge Heap Roots: 0.64ms
[3100.112s][info][gc,phases      ] GC(635)   Evacuate Collection Set: 121.33ms
[3100.112s][info][gc,phases      ] GC(635)   Post Evacuate Collection Set: 0.93ms
[3100.112s][info][gc,phases      ] GC(635)   Other: 0.09ms
[3100.112s][info][gc,heap        ] GC(635) Eden regions: 1118->0(1099)
[3100.112s][info][gc,heap        ] GC(635) Survivor regions: 110->114(154)
[3100.112s][info][gc,heap        ] GC(635) Old regions: 507->538
[3100.112s][info][gc,heap        ] GC(635) Humongous regions: 80->80
[3100.112s][info][gc,metaspace   ] GC(635) Metaspace: 28905K(29312K)->28905K(29312K) NonClass: 24037K(24256K)->24037K(24256K) Class: 4868K(5056K)->4868K(5056K)
[3100.112s][info][gc             ] GC(635) Pause Young (Prepare Mixed) (G1 Evacuation Pause) 3627M->1462M(4096M) 123.473ms
[3100.112s][info][gc,cpu         ] GC(635) User=0.74s Sys=0.00s Real=0.12s
....|[3103.443s][info][gc,start       ] GC(636) Pause Young (Mixed) (G1 Evacuation Pause)
[3103.444s][info][gc,task        ] GC(636) Using 6 workers of 6 for evacuation
[3103.578s][info][gc,phases      ] GC(636)   Pre Evacuate Collection Set: 0.40ms
[3103.578s][info][gc,phases      ] GC(636)   Merge Heap Roots: 0.63ms
[3103.578s][info][gc,phases      ] GC(636)   Evacuate Collection Set: 131.93ms
[3103.578s][info][gc,phases      ] GC(636)   Post Evacuate Collection Set: 1.02ms
[3103.578s][info][gc,phases      ] GC(636)   Other: 0.09ms
[3103.578s][info][gc,heap        ] GC(636) Eden regions: 1099->0(1117)
[3103.578s][info][gc,heap        ] GC(636) Survivor regions: 114->111(152)
[3103.578s][info][gc,heap        ] GC(636) Old regions: 538->472
[3103.578s][info][gc,heap        ] GC(636) Humongous regions: 80->80
[3103.578s][info][gc,metaspace   ] GC(636) Metaspace: 28905K(29312K)->28905K(29312K) NonClass: 24037K(24256K)->24037K(24256K) Class: 4868K(5056K)->4868K(5056K)
[3103.578s][info][gc             ] GC(636) Pause Young (Mixed) (G1 Evacuation Pause) 3660M->1324M(4096M) 134.230ms
[3103.578s][info][gc,cpu         ] GC(636) User=0.79s Sys=0.00s Real=0.13s
...[3106.881s][info][gc,start       ] GC(637) Pause Young (Concurrent Start) (G1 Evacuation Pause)
[3106.881s][info][gc,task        ] GC(637) Using 6 workers of 6 for evacuation
[3106.997s][info][gc,phases      ] GC(637)   Pre Evacuate Collection Set: 0.36ms
[3106.997s][info][gc,phases      ] GC(637)   Merge Heap Roots: 0.47ms
[3106.997s][info][gc,phases      ] GC(637)   Evacuate Collection Set: 113.86ms
[3106.997s][info][gc,phases      ] GC(637)   Post Evacuate Collection Set: 0.90ms
[3106.997s][info][gc,phases      ] GC(637)   Other: 0.11ms
[3106.997s][info][gc,heap        ] GC(637) Eden regions: 1117->0(1120)
[3106.997s][info][gc,heap        ] GC(637) Survivor regions: 111->108(154)
[3106.997s][info][gc,heap        ] GC(637) Old regions: 472->505
[3106.997s][info][gc,heap        ] GC(637) Humongous regions: 80->80
[3106.997s][info][gc,metaspace   ] GC(637) Metaspace: 28905K(29312K)->28905K(29312K) NonClass: 24037K(24256K)->24037K(24256K) Class: 4868K(5056K)->4868K(5056K)
[3106.997s][info][gc             ] GC(637) Pause Young (Concurrent Start) (G1 Evacuation Pause) 3558M->1384M(4096M) 115.836ms
[3106.997s][info][gc             ] GC(638) Concurrent Mark Cycle
[3106.997s][info][gc,marking     ] GC(638) Concurrent Scan Root Regions
[3106.997s][info][gc,cpu         ] GC(637) User=0.68s Sys=0.00s Real=0.12s
[3107.169s][info][gc,marking     ] GC(638) Concurrent Scan Root Regions 172.072ms
[3107.169s][info][gc,marking     ] GC(638) Concurrent Mark
[3107.169s][info][gc,marking     ] GC(638) Concurrent Mark From Roots
[3107.169s][info][gc,task        ] GC(638) Using 2 workers of 2 for marking
.[3108.118s][info][gc,marking     ] GC(638) Concurrent Mark From Roots 948.168ms
[3108.118s][info][gc,marking     ] GC(638) Concurrent Preclean
[3108.118s][info][gc,marking     ] GC(638) Concurrent Preclean 0.138ms
[3108.118s][info][gc,start       ] GC(638) Pause Remark
[3108.123s][info][gc             ] GC(638) Pause Remark 2204M->2204M(4096M) 5.473ms
[3108.123s][info][gc,cpu         ] GC(638) User=0.03s Sys=0.00s Real=0.01s
[3108.124s][info][gc,marking     ] GC(638) Concurrent Mark 954.217ms
[3108.124s][info][gc,marking     ] GC(638) Concurrent Rebuild Remembered Sets and Scrub Regions
.[3108.522s][info][gc,marking     ] GC(638) Concurrent Rebuild Remembered Sets and Scrub Regions 398.455ms
[3108.522s][info][gc,start       ] GC(638) Pause Cleanup
[3108.522s][info][gc             ] GC(638) Pause Cleanup 2421M->2421M(4096M) 0.118ms
[3108.522s][info][gc,cpu         ] GC(638) User=0.00s Sys=0.00s Real=0.00s
[3108.522s][info][gc,marking     ] GC(638) Concurrent Clear Claimed Marks
[3108.522s][info][gc,marking     ] GC(638) Concurrent Clear Claimed Marks 0.025ms
[3108.522s][info][gc,marking     ] GC(638) Concurrent Cleanup for Next Mark
[3108.526s][info][gc,marking     ] GC(638) Concurrent Cleanup for Next Mark 3.630ms
[3108.526s][info][gc             ] GC(638) Concurrent Mark Cycle 1528.850ms
..[3110.458s][info][gc,start       ] GC(639) Pause Young (Prepare Mixed) (G1 Evacuation Pause)
[3110.458s][info][gc,task        ] GC(639) Using 6 workers of 6 for evacuation
[3110.576s][info][gc,phases      ] GC(639)   Pre Evacuate Collection Set: 0.33ms
[3110.576s][info][gc,phases      ] GC(639)   Merge Heap Roots: 0.55ms
[3110.576s][info][gc,phases      ] GC(639)   Evacuate Collection Set: 116.43ms
[3110.576s][info][gc,phases      ] GC(639)   Post Evacuate Collection Set: 0.92ms
[3110.576s][info][gc,phases      ] GC(639)   Other: 0.08ms
[3110.576s][info][gc,heap        ] GC(639) Eden regions: 1120->0(1107)
[3110.576s][info][gc,heap        ] GC(639) Survivor regions: 108->110(154)
[3110.576s][info][gc,heap        ] GC(639) Old regions: 505->538
[3110.576s][info][gc,heap        ] GC(639) Humongous regions: 80->80
[3110.576s][info][gc,metaspace   ] GC(639) Metaspace: 28905K(29312K)->28905K(29312K) NonClass: 24037K(24256K)->24037K(24256K) Class: 4868K(5056K)->4868K(5056K)
[3110.576s][info][gc             ] GC(639) Pause Young (Prepare Mixed) (G1 Evacuation Pause) 3624M->1454M(4096M) 118.451ms
[3110.576s][info][gc,cpu         ] GC(639) User=0.70s Sys=0.00s Real=0.12s
...[3113.974s][info][gc,start       ] GC(640) Pause Young (Mixed) (G1 Evacuation Pause)
[3113.974s][info][gc,task        ] GC(640) Using 6 workers of 6 for evacuation
[3114.108s][info][gc,phases      ] GC(640)   Pre Evacuate Collection Set: 0.37ms
[3114.108s][info][gc,phases      ] GC(640)   Merge Heap Roots: 0.69ms
[3114.108s][info][gc,phases      ] GC(640)   Evacuate Collection Set: 131.56ms
[3114.108s][info][gc,phases      ] GC(640)   Post Evacuate Collection Set: 0.95ms
[3114.108s][info][gc,phases      ] GC(640)   Other: 0.09ms
[3114.108s][info][gc,heap        ] GC(640) Eden regions: 1107->0(1116)
[3114.108s][info][gc,heap        ] GC(640) Survivor regions: 110->112(153)
[3114.108s][info][gc,heap        ] GC(640) Old regions: 538->473
[3114.108s][info][gc,heap        ] GC(640) Humongous regions: 80->80
[3114.108s][info][gc,metaspace   ] GC(640) Metaspace: 28905K(29312K)->28905K(29312K) NonClass: 24037K(24256K)->24037K(24256K) Class: 4868K(5056K)->4868K(5056K)
[3114.108s][info][gc             ] GC(640) Pause Young (Mixed) (G1 Evacuation Pause) 3668M->1328M(4096M) 133.796ms
[3114.108s][info][gc,cpu         ] GC(640) User=0.80s Sys=0.00s Real=0.13s
....[3117.449s][info][gc,start       ] GC(641) Pause Young (Concurrent Start) (G1 Evacuation Pause)
[3117.449s][info][gc,task        ] GC(641) Using 6 workers of 6 for evacuation
[3117.566s][info][gc,phases      ] GC(641)   Pre Evacuate Collection Set: 0.40ms
[3117.566s][info][gc,phases      ] GC(641)   Merge Heap Roots: 0.44ms
[3117.566s][info][gc,phases      ] GC(641)   Evacuate Collection Set: 114.58ms
[3117.566s][info][gc,phases      ] GC(641)   Post Evacuate Collection Set: 0.88ms
[3117.566s][info][gc,phases      ] GC(641)   Other: 0.12ms
[3117.566s][info][gc,heap        ] GC(641) Eden regions: 1116->0(1118)
[3117.566s][info][gc,heap        ] GC(641) Survivor regions: 112->110(154)
[3117.566s][info][gc,heap        ] GC(641) Old regions: 473->505
[3117.566s][info][gc,heap        ] GC(641) Humongous regions: 80->80
[3117.566s][info][gc,metaspace   ] GC(641) Metaspace: 28905K(29312K)->28905K(29312K) NonClass: 24037K(24256K)->24037K(24256K) Class: 4868K(5056K)->4868K(5056K)
[3117.566s][info][gc             ] GC(641) Pause Young (Concurrent Start) (G1 Evacuation Pause) 3560M->1388M(4096M) 116.557ms
[3117.566s][info][gc             ] GC(642) Concurrent Mark Cycle
[3117.566s][info][gc,marking     ] GC(642) Concurrent Scan Root Regions
[3117.566s][info][gc,cpu         ] GC(641) User=0.69s Sys=0.00s Real=0.12s
[3117.739s][info][gc,marking     ] GC(642) Concurrent Scan Root Regions 173.169ms
[3117.739s][info][gc,marking     ] GC(642) Concurrent Mark
[3117.739s][info][gc,marking     ] GC(642) Concurrent Mark From Roots
[3117.739s][info][gc,task        ] GC(642) Using 2 workers of 2 for marking
.[3118.715s][info][gc,marking     ] GC(642) Concurrent Mark From Roots 975.605ms
[3118.715s][info][gc,marking     ] GC(642) Concurrent Preclean
[3118.716s][info][gc,marking     ] GC(642) Concurrent Preclean 1.505ms
[3118.717s][info][gc,start       ] GC(642) Pause Remark
[3118.724s][info][gc             ] GC(642) Pause Remark 2210M->2210M(4096M) 7.117ms
[3118.724s][info][gc,cpu         ] GC(642) User=0.03s Sys=0.00s Real=0.01s
[3118.724s][info][gc,marking     ] GC(642) Concurrent Mark 984.530ms
[3118.724s][info][gc,marking     ] GC(642) Concurrent Rebuild Remembered Sets and Scrub Regions
[3119.080s][info][gc,marking     ] GC(642) Concurrent Rebuild Remembered Sets and Scrub Regions 356.401ms
[3119.080s][info][gc,start       ] GC(642) Pause Cleanup
[3119.080s][info][gc             ] GC(642) Pause Cleanup 2426M->2426M(4096M) 0.115ms
[3119.080s][info][gc,cpu         ] GC(642) User=0.00s Sys=0.00s Real=0.00s
[3119.080s][info][gc,marking     ] GC(642) Concurrent Clear Claimed Marks
[3119.081s][info][gc,marking     ] GC(642) Concurrent Clear Claimed Marks 0.023ms
[3119.081s][info][gc,marking     ] GC(642) Concurrent Cleanup for Next Mark
[3119.084s][info][gc,marking     ] GC(642) Concurrent Cleanup for Next Mark 3.291ms
[3119.084s][info][gc             ] GC(642) Concurrent Mark Cycle 1517.877ms
..[3120.957s][info][gc,start       ] GC(643) Pause Young (Prepare Mixed) (G1 Evacuation Pause)
[3120.957s][info][gc,task        ] GC(643) Using 6 workers of 6 for evacuation
[3121.079s][info][gc,phases      ] GC(643)   Pre Evacuate Collection Set: 0.35ms
[3121.079s][info][gc,phases      ] GC(643)   Merge Heap Roots: 0.61ms
[3121.079s][info][gc,phases      ] GC(643)   Evacuate Collection Set: 120.13ms
[3121.079s][info][gc,phases      ] GC(643)   Post Evacuate Collection Set: 0.93ms
[3121.079s][info][gc,phases      ] GC(643)   Other: 0.08ms
[3121.079s][info][gc,heap        ] GC(643) Eden regions: 1118->0(1104)
[3121.079s][info][gc,heap        ] GC(643) Survivor regions: 110->112(154)
[3121.079s][info][gc,heap        ] GC(643) Old regions: 505->537
[3121.079s][info][gc,heap        ] GC(643) Humongous regions: 80->80
[3121.079s][info][gc,metaspace   ] GC(643) Metaspace: 28905K(29312K)->28905K(29312K) NonClass: 24037K(24256K)->24037K(24256K) Class: 4868K(5056K)->4868K(5056K)
[3121.079s][info][gc             ] GC(643) Pause Young (Prepare Mixed) (G1 Evacuation Pause) 3624M->1456M(4096M) 122.235ms
[3121.079s][info][gc,cpu         ] GC(643) User=0.73s Sys=0.00s Real=0.12s
....[3124.480s][info][gc,start       ] GC(644) Pause Young (Mixed) (G1 Evacuation Pause)
[3124.480s][info][gc,task        ] GC(644) Using 6 workers of 6 for evacuation
[3124.611s][info][gc,phases      ] GC(644)   Pre Evacuate Collection Set: 0.39ms
[3124.611s][info][gc,phases      ] GC(644)   Merge Heap Roots: 0.69ms
[3124.611s][info][gc,phases      ] GC(644)   Evacuate Collection Set: 129.45ms
[3124.611s][info][gc,phases      ] GC(644)   Post Evacuate Collection Set: 0.94ms
[3124.611s][info][gc,phases      ] GC(644)   Other: 0.09ms
[3124.611s][info][gc,heap        ] GC(644) Eden regions: 1104->0(1118)
[3124.611s][info][gc,heap        ] GC(644) Survivor regions: 112->110(152)
[3124.611s][info][gc,heap        ] GC(644) Old regions: 537->472
[3124.611s][info][gc,heap        ] GC(644) Humongous regions: 80->80
[3124.611s][info][gc,metaspace   ] GC(644) Metaspace: 28905K(29312K)->28905K(29312K) NonClass: 24037K(24256K)->24037K(24256K) Class: 4868K(5056K)->4868K(5056K)
[3124.611s][info][gc             ] GC(644) Pause Young (Mixed) (G1 Evacuation Pause) 3664M->1322M(4096M) 131.678ms
[3124.611s][info][gc,cpu         ] GC(644) User=0.78s Sys=0.00s Real=0.13s
...[3127.852s][info][gc,start       ] GC(645) Pause Young (Concurrent Start) (G1 Evacuation Pause)
[3127.852s][info][gc,task        ] GC(645) Using 6 workers of 6 for evacuation
[3127.968s][info][gc,phases      ] GC(645)   Pre Evacuate Collection Set: 0.43ms
[3127.968s][info][gc,phases      ] GC(645)   Merge Heap Roots: 0.53ms
[3127.968s][info][gc,phases      ] GC(645)   Evacuate Collection Set: 113.70ms
[3127.968s][info][gc,phases      ] GC(645)   Post Evacuate Collection Set: 0.91ms
[3127.968s][info][gc,phases      ] GC(645)   Other: 0.10ms
[3127.968s][info][gc,heap        ] GC(645) Eden regions: 1118->0(1121)
[3127.968s][info][gc,heap        ] GC(645) Survivor regions: 110->107(154)
[3127.968s][info][gc,heap        ] GC(645) Old regions: 472->504
[3127.968s][info][gc,heap        ] GC(645) Humongous regions: 80->80
[3127.968s][info][gc,metaspace   ] GC(645) Metaspace: 28905K(29312K)->28905K(29312K) NonClass: 24037K(24256K)->24037K(24256K) Class: 4868K(5056K)->4868K(5056K)
[3127.968s][info][gc             ] GC(645) Pause Young (Concurrent Start) (G1 Evacuation Pause) 3558M->1380M(4096M) 115.838ms
[3127.968s][info][gc             ] GC(646) Concurrent Mark Cycle
[3127.968s][info][gc,marking     ] GC(646) Concurrent Scan Root Regions
[3127.968s][info][gc,cpu         ] GC(645) User=0.69s Sys=0.00s Real=0.12s
[3128.135s][info][gc,marking     ] GC(646) Concurrent Scan Root Regions 167.229ms
[3128.135s][info][gc,marking     ] GC(646) Concurrent Mark
[3128.135s][info][gc,marking     ] GC(646) Concurrent Mark From Roots
[3128.135s][info][gc,task        ] GC(646) Using 2 workers of 2 for marking
.[3129.078s][info][gc,marking     ] GC(646) Concurrent Mark From Roots 942.747ms
[3129.078s][info][gc,marking     ] GC(646) Concurrent Preclean
[3129.079s][info][gc,marking     ] GC(646) Concurrent Preclean 1.044ms
[3129.079s][info][gc,start       ] GC(646) Pause Remark
[3129.085s][info][gc             ] GC(646) Pause Remark 2069M->2069M(4096M) 5.643ms
[3129.085s][info][gc,cpu         ] GC(646) User=0.03s Sys=0.00s Real=0.01s
[3129.085s][info][gc,marking     ] GC(646) Concurrent Mark 949.798ms
[3129.085s][info][gc,marking     ] GC(646) Concurrent Rebuild Remembered Sets and Scrub Regions
.[3129.485s][info][gc,marking     ] GC(646) Concurrent Rebuild Remembered Sets and Scrub Regions 400.581ms
[3129.486s][info][gc,start       ] GC(646) Pause Cleanup
[3129.486s][info][gc             ] GC(646) Pause Cleanup 2321M->2321M(4096M) 0.129ms
[3129.486s][info][gc,cpu         ] GC(646) User=0.00s Sys=0.00s Real=0.00s
[3129.486s][info][gc,marking     ] GC(646) Concurrent Clear Claimed Marks
[3129.486s][info][gc,marking     ] GC(646) Concurrent Clear Claimed Marks 0.029ms
[3129.486s][info][gc,marking     ] GC(646) Concurrent Cleanup for Next Mark
[3129.492s][info][gc,marking     ] GC(646) Concurrent Cleanup for Next Mark 5.304ms
[3129.492s][info][gc             ] GC(646) Concurrent Mark Cycle 1524.169ms
..[3131.508s][info][gc,start       ] GC(647) Pause Young (Prepare Mixed) (G1 Evacuation Pause)
[3131.508s][info][gc,task        ] GC(647) Using 6 workers of 6 for evacuation
[3131.629s][info][gc,phases      ] GC(647)   Pre Evacuate Collection Set: 0.36ms
[3131.629s][info][gc,phases      ] GC(647)   Merge Heap Roots: 0.53ms
[3131.629s][info][gc,phases      ] GC(647)   Evacuate Collection Set: 119.42ms
[3131.629s][info][gc,phases      ] GC(647)   Post Evacuate Collection Set: 0.93ms
[3131.629s][info][gc,phases      ] GC(647)   Other: 0.09ms
[3131.629s][info][gc,heap        ] GC(647) Eden regions: 1121->0(1103)
[3131.629s][info][gc,heap        ] GC(647) Survivor regions: 107->113(154)
[3131.629s][info][gc,heap        ] GC(647) Old regions: 504->536
[3131.629s][info][gc,heap        ] GC(647) Humongous regions: 80->80
[3131.629s][info][gc,metaspace   ] GC(647) Metaspace: 28905K(29312K)->28905K(29312K) NonClass: 24037K(24256K)->24037K(24256K) Class: 4868K(5056K)->4868K(5056K)
[3131.629s][info][gc             ] GC(647) Pause Young (Prepare Mixed) (G1 Evacuation Pause) 3622M->1456M(4096M) 121.469ms
[3131.629s][info][gc,cpu         ] GC(647) User=0.72s Sys=0.00s Real=0.12s
...[3134.971s][info][gc,start       ] GC(648) Pause Young (Mixed) (G1 Evacuation Pause)
[3134.971s][info][gc,task        ] GC(648) Using 6 workers of 6 for evacuation
[3135.103s][info][gc,phases      ] GC(648)   Pre Evacuate Collection Set: 0.37ms
[3135.103s][info][gc,phases      ] GC(648)   Merge Heap Roots: 0.67ms
[3135.103s][info][gc,phases      ] GC(648)   Evacuate Collection Set: 130.55ms
[3135.103s][info][gc,phases      ] GC(648)   Post Evacuate Collection Set: 0.98ms
[3135.103s][info][gc,phases      ] GC(648)   Other: 0.09ms
[3135.103s][info][gc,heap        ] GC(648) Eden regions: 1103->0(1118)
[3135.103s][info][gc,heap        ] GC(648) Survivor regions: 113->110(152)
[3135.103s][info][gc,heap        ] GC(648) Old regions: 536->472
[3135.103s][info][gc,heap        ] GC(648) Humongous regions: 80->80
[3135.103s][info][gc,metaspace   ] GC(648) Metaspace: 28905K(29312K)->28905K(29312K) NonClass: 24037K(24256K)->24037K(24256K) Class: 4868K(5056K)->4868K(5056K)
[3135.103s][info][gc             ] GC(648) Pause Young (Mixed) (G1 Evacuation Pause) 3662M->1322M(4096M) 132.808ms
[3135.103s][info][gc,cpu         ] GC(648) User=0.79s Sys=0.00s Real=0.14s
...[3138.464s][info][gc,start       ] GC(649) Pause Young (Concurrent Start) (G1 Evacuation Pause)
[3138.464s][info][gc,task        ] GC(649) Using 6 workers of 6 for evacuation
[3138.582s][info][gc,phases      ] GC(649)   Pre Evacuate Collection Set: 0.40ms
[3138.582s][info][gc,phases      ] GC(649)   Merge Heap Roots: 0.45ms
[3138.582s][info][gc,phases      ] GC(649)   Evacuate Collection Set: 116.27ms
[3138.582s][info][gc,phases      ] GC(649)   Post Evacuate Collection Set: 0.90ms
[3138.582s][info][gc,phases      ] GC(649)   Other: 0.10ms
[3138.582s][info][gc,heap        ] GC(649) Eden regions: 1118->0(1116)
[3138.582s][info][gc,heap        ] GC(649) Survivor regions: 110->112(154)
[3138.582s][info][gc,heap        ] GC(649) Old regions: 472->504
[3138.582s][info][gc,heap        ] GC(649) Humongous regions: 80->80
[3138.582s][info][gc,metaspace   ] GC(649) Metaspace: 28905K(29312K)->28905K(29312K) NonClass: 24037K(24256K)->24037K(24256K) Class: 4868K(5056K)->4868K(5056K)
[3138.582s][info][gc             ] GC(649) Pause Young (Concurrent Start) (G1 Evacuation Pause) 3558M->1390M(4096M) 118.248ms
[3138.582s][info][gc             ] GC(650) Concurrent Mark Cycle
[3138.582s][info][gc,marking     ] GC(650) Concurrent Scan Root Regions
[3138.582s][info][gc,cpu         ] GC(649) User=0.70s Sys=0.00s Real=0.11s
.[3138.757s][info][gc,marking     ] GC(650) Concurrent Scan Root Regions 175.056ms
[3138.757s][info][gc,marking     ] GC(650) Concurrent Mark
[3138.757s][info][gc,marking     ] GC(650) Concurrent Mark From Roots
[3138.757s][info][gc,task        ] GC(650) Using 2 workers of 2 for marking
[3139.580s][info][gc,marking     ] GC(650) Concurrent Mark From Roots 822.897ms
[3139.580s][info][gc,marking     ] GC(650) Concurrent Preclean
[3139.582s][info][gc,marking     ] GC(650) Concurrent Preclean 1.477ms
[3139.583s][info][gc,start       ] GC(650) Pause Remark
[3139.589s][info][gc             ] GC(650) Pause Remark 2104M->2104M(4096M) 6.311ms
[3139.589s][info][gc,cpu         ] GC(650) User=0.03s Sys=0.00s Real=0.01s
[3139.589s][info][gc,marking     ] GC(650) Concurrent Mark 831.860ms
[3139.589s][info][gc,marking     ] GC(650) Concurrent Rebuild Remembered Sets and Scrub Regions
.[3139.859s][info][gc,marking     ] GC(650) Concurrent Rebuild Remembered Sets and Scrub Regions 269.417ms
[3139.859s][info][gc,start       ] GC(650) Pause Cleanup
[3139.859s][info][gc             ] GC(650) Pause Cleanup 2263M->2263M(4096M) 0.101ms
[3139.859s][info][gc,cpu         ] GC(650) User=0.00s Sys=0.00s Real=0.00s
[3139.859s][info][gc,marking     ] GC(650) Concurrent Clear Claimed Marks
[3139.859s][info][gc,marking     ] GC(650) Concurrent Clear Claimed Marks 0.025ms
[3139.859s][info][gc,marking     ] GC(650) Concurrent Cleanup for Next Mark
[3139.863s][info][gc,marking     ] GC(650) Concurrent Cleanup for Next Mark 4.459ms
[3139.863s][info][gc             ] GC(650) Concurrent Mark Cycle 1281.242ms
..[3141.972s][info][gc,start       ] GC(651) Pause Young (Prepare Mixed) (G1 Evacuation Pause)
[3141.972s][info][gc,task        ] GC(651) Using 6 workers of 6 for evacuation
[3142.091s][info][gc,phases      ] GC(651)   Pre Evacuate Collection Set: 0.34ms
[3142.091s][info][gc,phases      ] GC(651)   Merge Heap Roots: 0.55ms
[3142.091s][info][gc,phases      ] GC(651)   Evacuate Collection Set: 117.29ms
[3142.091s][info][gc,phases      ] GC(651)   Post Evacuate Collection Set: 0.92ms
[3142.091s][info][gc,phases      ] GC(651)   Other: 0.09ms
[3142.091s][info][gc,heap        ] GC(651) Eden regions: 1116->0(1105)
[3142.091s][info][gc,heap        ] GC(651) Survivor regions: 112->112(154)
[3142.091s][info][gc,heap        ] GC(651) Old regions: 504->536
[3142.091s][info][gc,heap        ] GC(651) Humongous regions: 80->80
[3142.091s][info][gc,metaspace   ] GC(651) Metaspace: 28905K(29312K)->28905K(29312K) NonClass: 24037K(24256K)->24037K(24256K) Class: 4868K(5056K)->4868K(5056K)
[3142.091s][info][gc             ] GC(651) Pause Young (Prepare Mixed) (G1 Evacuation Pause) 3622M->1453M(4096M) 119.347ms
[3142.091s][info][gc,cpu         ] GC(651) User=0.71s Sys=0.00s Real=0.12s
...[3145.410s][info][gc,start       ] GC(652) Pause Young (Mixed) (G1 Evacuation Pause)
[3145.410s][info][gc,task        ] GC(652) Using 6 workers of 6 for evacuation
[3145.545s][info][gc,phases      ] GC(652)   Pre Evacuate Collection Set: 0.40ms
[3145.545s][info][gc,phases      ] GC(652)   Merge Heap Roots: 0.70ms
[3145.545s][info][gc,phases      ] GC(652)   Evacuate Collection Set: 132.13ms
[3145.545s][info][gc,phases      ] GC(652)   Post Evacuate Collection Set: 0.96ms
[3145.545s][info][gc,phases      ] GC(652)   Other: 0.09ms
[3145.545s][info][gc,heap        ] GC(652) Eden regions: 1105->0(1119)
[3145.545s][info][gc,heap        ] GC(652) Survivor regions: 112->109(153)
[3145.545s][info][gc,heap        ] GC(652) Old regions: 536->473
[3145.545s][info][gc,heap        ] GC(652) Humongous regions: 80->80
[3145.545s][info][gc,metaspace   ] GC(652) Metaspace: 28905K(29312K)->28905K(29312K) NonClass: 24037K(24256K)->24037K(24256K) Class: 4868K(5056K)->4868K(5056K)
[3145.545s][info][gc             ] GC(652) Pause Young (Mixed) (G1 Evacuation Pause) 3663M->1322M(4096M) 134.413ms
[3145.545s][info][gc,cpu         ] GC(652) User=0.80s Sys=0.00s Real=0.14s
....[3148.925s][info][gc,start       ] GC(653) Pause Young (Concurrent Start) (G1 Evacuation Pause)
[3148.925s][info][gc,task        ] GC(653) Using 6 workers of 6 for evacuation
[3149.040s][info][gc,phases      ] GC(653)   Pre Evacuate Collection Set: 0.40ms
[3149.040s][info][gc,phases      ] GC(653)   Merge Heap Roots: 0.52ms
[3149.040s][info][gc,phases      ] GC(653)   Evacuate Collection Set: 113.26ms
[3149.040s][info][gc,phases      ] GC(653)   Post Evacuate Collection Set: 0.87ms
[3149.040s][info][gc,phases      ] GC(653)   Other: 0.14ms
[3149.040s][info][gc,heap        ] GC(653) Eden regions: 1119->0(1120)
[3149.040s][info][gc,heap        ] GC(653) Survivor regions: 109->108(154)
[3149.040s][info][gc,heap        ] GC(653) Old regions: 473->506
[3149.040s][info][gc,heap        ] GC(653) Humongous regions: 80->80
[3149.040s][info][gc,metaspace   ] GC(653) Metaspace: 28905K(29312K)->28905K(29312K) NonClass: 24037K(24256K)->24037K(24256K) Class: 4868K(5056K)->4868K(5056K)
[3149.040s][info][gc             ] GC(653) Pause Young (Concurrent Start) (G1 Evacuation Pause) 3560M->1385M(4096M) 115.328ms
[3149.040s][info][gc             ] GC(654) Concurrent Mark Cycle
[3149.040s][info][gc,marking     ] GC(654) Concurrent Scan Root Regions
[3149.040s][info][gc,cpu         ] GC(653) User=0.67s Sys=0.01s Real=0.11s
[3149.195s][info][gc,marking     ] GC(654) Concurrent Scan Root Regions 155.106ms
[3149.195s][info][gc,marking     ] GC(654) Concurrent Mark
[3149.195s][info][gc,marking     ] GC(654) Concurrent Mark From Roots
[3149.195s][info][gc,task        ] GC(654) Using 2 workers of 2 for marking
.[3149.984s][info][gc,marking     ] GC(654) Concurrent Mark From Roots 788.372ms
[3149.984s][info][gc,marking     ] GC(654) Concurrent Preclean
[3149.984s][info][gc,marking     ] GC(654) Concurrent Preclean 0.107ms
[3149.984s][info][gc,start       ] GC(654) Pause Remark
[3149.989s][info][gc             ] GC(654) Pause Remark 2041M->2041M(4096M) 4.634ms
[3149.989s][info][gc,cpu         ] GC(654) User=0.02s Sys=0.00s Real=0.00s
[3149.990s][info][gc,marking     ] GC(654) Concurrent Mark 794.395ms
[3149.990s][info][gc,marking     ] GC(654) Concurrent Rebuild Remembered Sets and Scrub Regions
[3150.266s][info][gc,marking     ] GC(654) Concurrent Rebuild Remembered Sets and Scrub Regions 276.194ms
[3150.267s][info][gc,start       ] GC(654) Pause Cleanup
[3150.267s][info][gc             ] GC(654) Pause Cleanup 2213M->2213M(4096M) 0.123ms
[3150.267s][info][gc,cpu         ] GC(654) User=0.00s Sys=0.00s Real=0.00s
[3150.267s][info][gc,marking     ] GC(654) Concurrent Clear Claimed Marks
[3150.267s][info][gc,marking     ] GC(654) Concurrent Clear Claimed Marks 0.039ms
[3150.267s][info][gc,marking     ] GC(654) Concurrent Cleanup for Next Mark
[3150.272s][info][gc,marking     ] GC(654) Concurrent Cleanup for Next Mark 4.469ms
[3150.272s][info][gc             ] GC(654) Concurrent Mark Cycle 1231.797ms
..[3152.499s][info][gc,start       ] GC(655) Pause Young (Prepare Mixed) (G1 Evacuation Pause)
[3152.499s][info][gc,task        ] GC(655) Using 6 workers of 6 for evacuation
[3152.617s][info][gc,phases      ] GC(655)   Pre Evacuate Collection Set: 0.39ms
[3152.617s][info][gc,phases      ] GC(655)   Merge Heap Roots: 0.55ms
[3152.617s][info][gc,phases      ] GC(655)   Evacuate Collection Set: 116.14ms
[3152.617s][info][gc,phases      ] GC(655)   Post Evacuate Collection Set: 0.93ms
[3152.617s][info][gc,phases      ] GC(655)   Other: 0.09ms
[3152.617s][info][gc,heap        ] GC(655) Eden regions: 1120->0(1106)
[3152.617s][info][gc,heap        ] GC(655) Survivor regions: 108->111(154)
[3152.617s][info][gc,heap        ] GC(655) Old regions: 506->537
[3152.617s][info][gc,heap        ] GC(655) Humongous regions: 80->80
[3152.617s][info][gc,metaspace   ] GC(655) Metaspace: 28905K(29312K)->28905K(29312K) NonClass: 24037K(24256K)->24037K(24256K) Class: 4868K(5056K)->4868K(5056K)
[3152.617s][info][gc             ] GC(655) Pause Young (Prepare Mixed) (G1 Evacuation Pause) 3625M->1455M(4096M) 118.240ms
[3152.618s][info][gc,cpu         ] GC(655) User=0.70s Sys=0.00s Real=0.12s
....[3156.027s][info][gc,start       ] GC(656) Pause Young (Mixed) (G1 Evacuation Pause)
[3156.027s][info][gc,task        ] GC(656) Using 6 workers of 6 for evacuation
[3156.160s][info][gc,phases      ] GC(656)   Pre Evacuate Collection Set: 0.37ms
[3156.160s][info][gc,phases      ] GC(656)   Merge Heap Roots: 0.66ms
[3156.160s][info][gc,phases      ] GC(656)   Evacuate Collection Set: 131.02ms
[3156.160s][info][gc,phases      ] GC(656)   Post Evacuate Collection Set: 0.95ms
[3156.160s][info][gc,phases      ] GC(656)   Other: 0.09ms
[3156.160s][info][gc,heap        ] GC(656) Eden regions: 1106->0(1117)
[3156.160s][info][gc,heap        ] GC(656) Survivor regions: 111->111(153)
[3156.160s][info][gc,heap        ] GC(656) Old regions: 537->473
[3156.160s][info][gc,heap        ] GC(656) Humongous regions: 80->80
[3156.160s][info][gc,metaspace   ] GC(656) Metaspace: 28905K(29312K)->28905K(29312K) NonClass: 24037K(24256K)->24037K(24256K) Class: 4868K(5056K)->4868K(5056K)
[3156.160s][info][gc             ] GC(656) Pause Young (Mixed) (G1 Evacuation Pause) 3667M->1326M(4096M) 133.229ms
[3156.160s][info][gc,cpu         ] GC(656) User=0.79s Sys=0.00s Real=0.13s
...[3159.509s][info][gc,start       ] GC(657) Pause Young (Concurrent Start) (G1 Evacuation Pause)
[3159.509s][info][gc,task        ] GC(657) Using 6 workers of 6 for evacuation
[3159.627s][info][gc,phases      ] GC(657)   Pre Evacuate Collection Set: 0.37ms
[3159.627s][info][gc,phases      ] GC(657)   Merge Heap Roots: 0.45ms
[3159.627s][info][gc,phases      ] GC(657)   Evacuate Collection Set: 116.00ms
[3159.627s][info][gc,phases      ] GC(657)   Post Evacuate Collection Set: 0.88ms
[3159.627s][info][gc,phases      ] GC(657)   Other: 0.14ms
[3159.627s][info][gc,heap        ] GC(657) Eden regions: 1117->0(1118)
[3159.627s][info][gc,heap        ] GC(657) Survivor regions: 111->110(154)
[3159.627s][info][gc,heap        ] GC(657) Old regions: 473->506
[3159.627s][info][gc,heap        ] GC(657) Humongous regions: 80->80
[3159.627s][info][gc,metaspace   ] GC(657) Metaspace: 28905K(29312K)->28905K(29312K) NonClass: 24037K(24256K)->24037K(24256K) Class: 4868K(5056K)->4868K(5056K)
[3159.627s][info][gc             ] GC(657) Pause Young (Concurrent Start) (G1 Evacuation Pause) 3560M->1390M(4096M) 117.975ms
[3159.627s][info][gc             ] GC(658) Concurrent Mark Cycle
[3159.627s][info][gc,marking     ] GC(658) Concurrent Scan Root Regions
[3159.627s][info][gc,cpu         ] GC(657) User=0.69s Sys=0.00s Real=0.12s
[3159.802s][info][gc,marking     ] GC(658) Concurrent Scan Root Regions 174.898ms
[3159.802s][info][gc,marking     ] GC(658) Concurrent Mark
[3159.802s][info][gc,marking     ] GC(658) Concurrent Mark From Roots
[3159.802s][info][gc,task        ] GC(658) Using 2 workers of 2 for marking
.[3160.477s][info][gc,marking     ] GC(658) Concurrent Mark From Roots 674.453ms
[3160.477s][info][gc,marking     ] GC(658) Concurrent Preclean
[3160.477s][info][gc,marking     ] GC(658) Concurrent Preclean 0.729ms
[3160.479s][info][gc,start       ] GC(658) Pause Remark
[3160.484s][info][gc             ] GC(658) Pause Remark 2030M->2030M(4096M) 5.716ms
[3160.484s][info][gc,cpu         ] GC(658) User=0.03s Sys=0.01s Real=0.01s
[3160.485s][info][gc,marking     ] GC(658) Concurrent Mark 682.472ms
[3160.485s][info][gc,marking     ] GC(658) Concurrent Rebuild Remembered Sets and Scrub Regions
[3160.726s][info][gc,marking     ] GC(658) Concurrent Rebuild Remembered Sets and Scrub Regions 240.960ms
[3160.726s][info][gc,start       ] GC(658) Pause Cleanup
[3160.726s][info][gc             ] GC(658) Pause Cleanup 2188M->2188M(4096M) 0.120ms
[3160.726s][info][gc,cpu         ] GC(658) User=0.00s Sys=0.00s Real=0.00s
[3160.726s][info][gc,marking     ] GC(658) Concurrent Clear Claimed Marks
[3160.726s][info][gc,marking     ] GC(658) Concurrent Clear Claimed Marks 0.032ms
[3160.726s][info][gc,marking     ] GC(658) Concurrent Cleanup for Next Mark
[3160.732s][info][gc,marking     ] GC(658) Concurrent Cleanup for Next Mark 6.282ms
[3160.732s][info][gc             ] GC(658) Concurrent Mark Cycle 1105.352ms
...[3162.992s][info][gc,start       ] GC(659) Pause Young (Prepare Mixed) (G1 Evacuation Pause)
[3162.992s][info][gc,task        ] GC(659) Using 6 workers of 6 for evacuation
[3163.110s][info][gc,phases      ] GC(659)   Pre Evacuate Collection Set: 0.35ms
[3163.110s][info][gc,phases      ] GC(659)   Merge Heap Roots: 0.57ms
[3163.110s][info][gc,phases      ] GC(659)   Evacuate Collection Set: 116.26ms
[3163.110s][info][gc,phases      ] GC(659)   Post Evacuate Collection Set: 0.94ms
[3163.110s][info][gc,phases      ] GC(659)   Other: 0.09ms
[3163.110s][info][gc,heap        ] GC(659) Eden regions: 1118->0(1107)
[3163.110s][info][gc,heap        ] GC(659) Survivor regions: 110->110(154)
[3163.110s][info][gc,heap        ] GC(659) Old regions: 506->538
[3163.110s][info][gc,heap        ] GC(659) Humongous regions: 80->80
[3163.110s][info][gc,metaspace   ] GC(659) Metaspace: 28905K(29312K)->28905K(29312K) NonClass: 24037K(24256K)->24037K(24256K) Class: 4868K(5056K)->4868K(5056K)
[3163.110s][info][gc             ] GC(659) Pause Young (Prepare Mixed) (G1 Evacuation Pause) 3626M->1453M(4096M) 118.339ms
[3163.110s][info][gc,cpu         ] GC(659) User=0.70s Sys=0.00s Real=0.12s
. (rIR:aIR:PR = 5396:5397:5396) (tPR = 80319) [OK] 
  3163s: Performance info:
         Transaction,    Success,    Partial,     Failed,   Receipts, AvgBarcode, 
             Overall,     326271,          0,          0,     309941,      59.47, 
         Response times:
             Request,    Success,    Partial,     Failed,   SkipFail,     Probes,    Samples,      min,      p50,      p90,      p95,      p99,      max, 
       TotalPurchase,     309954,          0,          0,          0,     306024,     326020,      300,     4500,     9800,    25000,    77000,   240000,
     InStorePurchase,     163142,          0,          0,          0,     161247,     171408,      300,     4700,    10100,    26000,    80000,   240000,
      OnlinePurchase,     114196,          0,          0,          0,     112889,     120273,      300,     4300,     9600,    24000,    74000,   240000,
        InstPurchase,      32616,          0,          0,          0,      31888,      34339,      400,     4100,     9100,    22000,    74600,   182000,
          AssocOfCat,        327,          0,          0,          0,        273,        370,    19100,    34000,    53900,    76450,   157290,   253000,
      AssocOfProduct,       3264,          0,          0,          0,       3034,       3470,      500,     3500,     8300,    22000,    64580,   285000,
      BusinessReport,        816,          0,          0,          0,        724,        913,    22000,    39000,    60600,    81000,   167000,   223000,
          CustBuyBeh,       3275,          0,          0,          0,       3035,       3441,      600,     3600,     7800,    19090,    66320,   193000,
       ProductReturn,       8648,          0,          0,          0,       8298,       9160,      800,     4900,    10700,    26000,    85390,   162000,

  3163s: (40%)   IR =   5535 ..[3166.325s][info][gc,start       ] GC(660) Pause Young (Mixed) (G1 Evacuation Pause)
[3166.325s][info][gc,task        ] GC(660) Using 6 workers of 6 for evacuation
[3166.464s][info][gc,phases      ] GC(660)   Pre Evacuate Collection Set: 0.37ms
[3166.464s][info][gc,phases      ] GC(660)   Merge Heap Roots: 0.63ms
[3166.464s][info][gc,phases      ] GC(660)   Evacuate Collection Set: 136.77ms
[3166.464s][info][gc,phases      ] GC(660)   Post Evacuate Collection Set: 1.00ms
[3166.464s][info][gc,phases      ] GC(660)   Other: 0.08ms
[3166.464s][info][gc,heap        ] GC(660) Eden regions: 1107->0(1114)
[3166.464s][info][gc,heap        ] GC(660) Survivor regions: 110->114(153)
[3166.464s][info][gc,heap        ] GC(660) Old regions: 538->472
[3166.464s][info][gc,heap        ] GC(660) Humongous regions: 80->80
[3166.464s][info][gc,metaspace   ] GC(660) Metaspace: 28905K(29312K)->28905K(29312K) NonClass: 24037K(24256K)->24037K(24256K) Class: 4868K(5056K)->4868K(5056K)
[3166.464s][info][gc             ] GC(660) Pause Young (Mixed) (G1 Evacuation Pause) 3667M->1329M(4096M) 138.984ms
[3166.464s][info][gc,cpu         ] GC(660) User=0.82s Sys=0.00s Real=0.14s
...|[3169.771s][info][gc,start       ] GC(661) Pause Young (Concurrent Start) (G1 Evacuation Pause)
[3169.771s][info][gc,task        ] GC(661) Using 6 workers of 6 for evacuation
[3169.886s][info][gc,phases      ] GC(661)   Pre Evacuate Collection Set: 0.37ms
[3169.886s][info][gc,phases      ] GC(661)   Merge Heap Roots: 0.48ms
[3169.886s][info][gc,phases      ] GC(661)   Evacuate Collection Set: 112.65ms
[3169.886s][info][gc,phases      ] GC(661)   Post Evacuate Collection Set: 0.90ms
[3169.886s][info][gc,phases      ] GC(661)   Other: 0.10ms
[3169.886s][info][gc,heap        ] GC(661) Eden regions: 1114->0(1121)
[3169.886s][info][gc,heap        ] GC(661) Survivor regions: 114->107(154)
[3169.886s][info][gc,heap        ] GC(661) Old regions: 472->504
[3169.886s][info][gc,heap        ] GC(661) Humongous regions: 80->80
[3169.886s][info][gc,metaspace   ] GC(661) Metaspace: 28905K(29312K)->28905K(29312K) NonClass: 24037K(24256K)->24037K(24256K) Class: 4868K(5056K)->4868K(5056K)
[3169.886s][info][gc             ] GC(661) Pause Young (Concurrent Start) (G1 Evacuation Pause) 3557M->1380M(4096M) 114.629ms
[3169.886s][info][gc             ] GC(662) Concurrent Mark Cycle
[3169.886s][info][gc,marking     ] GC(662) Concurrent Scan Root Regions
[3169.886s][info][gc,cpu         ] GC(661) User=0.68s Sys=0.00s Real=0.12s
.[3170.053s][info][gc,marking     ] GC(662) Concurrent Scan Root Regions 167.003ms
[3170.053s][info][gc,marking     ] GC(662) Concurrent Mark
[3170.053s][info][gc,marking     ] GC(662) Concurrent Mark From Roots
[3170.053s][info][gc,task        ] GC(662) Using 2 workers of 2 for marking
.[3170.999s][info][gc,marking     ] GC(662) Concurrent Mark From Roots 946.276ms
[3170.999s][info][gc,marking     ] GC(662) Concurrent Preclean
[3171.000s][info][gc,marking     ] GC(662) Concurrent Preclean 0.141ms
[3171.000s][info][gc,start       ] GC(662) Pause Remark
[3171.006s][info][gc             ] GC(662) Pause Remark 2156M->2156M(4096M) 5.876ms
[3171.006s][info][gc,cpu         ] GC(662) User=0.03s Sys=0.00s Real=0.01s
[3171.007s][info][gc,marking     ] GC(662) Concurrent Mark 953.682ms
[3171.007s][info][gc,marking     ] GC(662) Concurrent Rebuild Remembered Sets and Scrub Regions
[3171.248s][info][gc,marking     ] GC(662) Concurrent Rebuild Remembered Sets and Scrub Regions 241.616ms
[3171.249s][info][gc,start       ] GC(662) Pause Cleanup
[3171.249s][info][gc             ] GC(662) Pause Cleanup 2308M->2308M(4096M) 0.118ms
[3171.249s][info][gc,cpu         ] GC(662) User=0.00s Sys=0.00s Real=0.00s
[3171.249s][info][gc,marking     ] GC(662) Concurrent Clear Claimed Marks
[3171.249s][info][gc,marking     ] GC(662) Concurrent Clear Claimed Marks 0.036ms
[3171.249s][info][gc,marking     ] GC(662) Concurrent Cleanup for Next Mark
[3171.252s][info][gc,marking     ] GC(662) Concurrent Cleanup for Next Mark 3.391ms
[3171.252s][info][gc             ] GC(662) Concurrent Mark Cycle 1366.201ms
..[3173.293s][info][gc,start       ] GC(663) Pause Young (Prepare Mixed) (G1 Evacuation Pause)
[3173.293s][info][gc,task        ] GC(663) Using 6 workers of 6 for evacuation
[3173.415s][info][gc,phases      ] GC(663)   Pre Evacuate Collection Set: 0.36ms
[3173.415s][info][gc,phases      ] GC(663)   Merge Heap Roots: 0.62ms
[3173.415s][info][gc,phases      ] GC(663)   Evacuate Collection Set: 119.75ms
[3173.415s][info][gc,phases      ] GC(663)   Post Evacuate Collection Set: 0.95ms
[3173.415s][info][gc,phases      ] GC(663)   Other: 0.09ms
[3173.415s][info][gc,heap        ] GC(663) Eden regions: 1121->0(1101)
[3173.415s][info][gc,heap        ] GC(663) Survivor regions: 107->115(154)
[3173.415s][info][gc,heap        ] GC(663) Old regions: 504->534
[3173.415s][info][gc,heap        ] GC(663) Humongous regions: 80->80
[3173.415s][info][gc,metaspace   ] GC(663) Metaspace: 28905K(29312K)->28905K(29312K) NonClass: 24037K(24256K)->24037K(24256K) Class: 4868K(5056K)->4868K(5056K)
[3173.415s][info][gc             ] GC(663) Pause Young (Prepare Mixed) (G1 Evacuation Pause) 3622M->1456M(4096M) 121.911ms
[3173.415s][info][gc,cpu         ] GC(663) User=0.72s Sys=0.00s Real=0.12s
...[3176.617s][info][gc,start       ] GC(664) Pause Young (Mixed) (G1 Evacuation Pause)
[3176.617s][info][gc,task        ] GC(664) Using 6 workers of 6 for evacuation
[3176.755s][info][gc,phases      ] GC(664)   Pre Evacuate Collection Set: 0.39ms
[3176.755s][info][gc,phases      ] GC(664)   Merge Heap Roots: 0.70ms
[3176.755s][info][gc,phases      ] GC(664)   Evacuate Collection Set: 135.20ms
[3176.755s][info][gc,phases      ] GC(664)   Post Evacuate Collection Set: 0.92ms
[3176.755s][info][gc,phases      ] GC(664)   Other: 0.09ms
[3176.755s][info][gc,heap        ] GC(664) Eden regions: 1101->0(1117)
[3176.755s][info][gc,heap        ] GC(664) Survivor regions: 115->111(152)
[3176.755s][info][gc,heap        ] GC(664) Old regions: 534->473
[3176.755s][info][gc,heap        ] GC(664) Humongous regions: 80->80
[3176.755s][info][gc,metaspace   ] GC(664) Metaspace: 28905K(29312K)->28905K(29312K) NonClass: 24037K(24256K)->24037K(24256K) Class: 4868K(5056K)->4868K(5056K)
[3176.755s][info][gc             ] GC(664) Pause Young (Mixed) (G1 Evacuation Pause) 3658M->1326M(4096M) 137.423ms
[3176.755s][info][gc,cpu         ] GC(664) User=0.81s Sys=0.00s Real=0.14s
....[3180.095s][info][gc,start       ] GC(665) Pause Young (Concurrent Start) (G1 Evacuation Pause)
[3180.095s][info][gc,task        ] GC(665) Using 6 workers of 6 for evacuation
[3180.211s][info][gc,phases      ] GC(665)   Pre Evacuate Collection Set: 0.40ms
[3180.211s][info][gc,phases      ] GC(665)   Merge Heap Roots: 0.50ms
[3180.211s][info][gc,phases      ] GC(665)   Evacuate Collection Set: 114.26ms
[3180.211s][info][gc,phases      ] GC(665)   Post Evacuate Collection Set: 0.89ms
[3180.211s][info][gc,phases      ] GC(665)   Other: 0.12ms
[3180.211s][info][gc,heap        ] GC(665) Eden regions: 1117->0(1119)
[3180.211s][info][gc,heap        ] GC(665) Survivor regions: 111->109(154)
[3180.211s][info][gc,heap        ] GC(665) Old regions: 473->505
[3180.211s][info][gc,heap        ] GC(665) Humongous regions: 80->80
[3180.211s][info][gc,metaspace   ] GC(665) Metaspace: 28905K(29312K)->28905K(29312K) NonClass: 24037K(24256K)->24037K(24256K) Class: 4868K(5056K)->4868K(5056K)
[3180.211s][info][gc             ] GC(665) Pause Young (Concurrent Start) (G1 Evacuation Pause) 3560M->1386M(4096M) 116.289ms
[3180.211s][info][gc             ] GC(666) Concurrent Mark Cycle
[3180.211s][info][gc,marking     ] GC(666) Concurrent Scan Root Regions
[3180.211s][info][gc,cpu         ] GC(665) User=0.69s Sys=0.00s Real=0.11s
[3180.345s][info][gc,marking     ] GC(666) Concurrent Scan Root Regions 134.175ms
[3180.345s][info][gc,marking     ] GC(666) Concurrent Mark
[3180.345s][info][gc,marking     ] GC(666) Concurrent Mark From Roots
[3180.345s][info][gc,task        ] GC(666) Using 2 workers of 2 for marking
.[3181.034s][info][gc,marking     ] GC(666) Concurrent Mark From Roots 688.956ms
[3181.034s][info][gc,marking     ] GC(666) Concurrent Preclean
[3181.035s][info][gc,marking     ] GC(666) Concurrent Preclean 0.283ms
[3181.035s][info][gc,start       ] GC(666) Pause Remark
[3181.040s][info][gc             ] GC(666) Pause Remark 2025M->2025M(4096M) 5.471ms
[3181.040s][info][gc,cpu         ] GC(666) User=0.03s Sys=0.00s Real=0.00s
[3181.040s][info][gc,marking     ] GC(666) Concurrent Mark 694.986ms
[3181.040s][info][gc,marking     ] GC(666) Concurrent Rebuild Remembered Sets and Scrub Regions
[3181.282s][info][gc,marking     ] GC(666) Concurrent Rebuild Remembered Sets and Scrub Regions 241.673ms
[3181.285s][info][gc,start       ] GC(666) Pause Cleanup
[3181.285s][info][gc             ] GC(666) Pause Cleanup 2168M->2168M(4096M) 0.144ms
[3181.285s][info][gc,cpu         ] GC(666) User=0.00s Sys=0.00s Real=0.00s
[3181.286s][info][gc,marking     ] GC(666) Concurrent Clear Claimed Marks
[3181.286s][info][gc,marking     ] GC(666) Concurrent Clear Claimed Marks 0.041ms
[3181.286s][info][gc,marking     ] GC(666) Concurrent Cleanup for Next Mark
[3181.291s][info][gc,marking     ] GC(666) Concurrent Cleanup for Next Mark 4.902ms
[3181.291s][info][gc             ] GC(666) Concurrent Mark Cycle 1079.848ms
..[3183.518s][info][gc,start       ] GC(667) Pause Young (Prepare Mixed) (G1 Evacuation Pause)
[3183.518s][info][gc,task        ] GC(667) Using 6 workers of 6 for evacuation
[3183.638s][info][gc,phases      ] GC(667)   Pre Evacuate Collection Set: 0.36ms
[3183.638s][info][gc,phases      ] GC(667)   Merge Heap Roots: 0.59ms
[3183.638s][info][gc,phases      ] GC(667)   Evacuate Collection Set: 117.58ms
[3183.638s][info][gc,phases      ] GC(667)   Post Evacuate Collection Set: 0.94ms
[3183.638s][info][gc,phases      ] GC(667)   Other: 0.09ms
[3183.638s][info][gc,heap        ] GC(667) Eden regions: 1119->0(1105)
[3183.638s][info][gc,heap        ] GC(667) Survivor regions: 109->112(154)
[3183.638s][info][gc,heap        ] GC(667) Old regions: 505->536
[3183.638s][info][gc,heap        ] GC(667) Humongous regions: 80->80
[3183.638s][info][gc,metaspace   ] GC(667) Metaspace: 28906K(29312K)->28906K(29312K) NonClass: 24038K(24256K)->24038K(24256K) Class: 4868K(5056K)->4868K(5056K)
[3183.638s][info][gc             ] GC(667) Pause Young (Prepare Mixed) (G1 Evacuation Pause) 3624M->1454M(4096M) 119.734ms
[3183.638s][info][gc,cpu         ] GC(667) User=0.70s Sys=0.00s Real=0.12s
...[3186.840s][info][gc,start       ] GC(668) Pause Young (Mixed) (G1 Evacuation Pause)
[3186.840s][info][gc,task        ] GC(668) Using 6 workers of 6 for evacuation
[3186.971s][info][gc,phases      ] GC(668)   Pre Evacuate Collection Set: 0.40ms
[3186.971s][info][gc,phases      ] GC(668)   Merge Heap Roots: 0.69ms
[3186.971s][info][gc,phases      ] GC(668)   Evacuate Collection Set: 129.26ms
[3186.971s][info][gc,phases      ] GC(668)   Post Evacuate Collection Set: 0.97ms
[3186.971s][info][gc,phases      ] GC(668)   Other: 0.09ms
[3186.971s][info][gc,heap        ] GC(668) Eden regions: 1105->0(1121)
[3186.971s][info][gc,heap        ] GC(668) Survivor regions: 112->107(153)
[3186.971s][info][gc,heap        ] GC(668) Old regions: 536->473
[3186.971s][info][gc,heap        ] GC(668) Humongous regions: 80->80
[3186.971s][info][gc,metaspace   ] GC(668) Metaspace: 28906K(29312K)->28906K(29312K) NonClass: 24038K(24256K)->24038K(24256K) Class: 4868K(5056K)->4868K(5056K)
[3186.971s][info][gc             ] GC(668) Pause Young (Mixed) (G1 Evacuation Pause) 3664M->1317M(4096M) 131.562ms
[3186.971s][info][gc,cpu         ] GC(668) User=0.78s Sys=0.00s Real=0.13s
....[3190.360s][info][gc,start       ] GC(669) Pause Young (Concurrent Start) (G1 Evacuation Pause)
[3190.360s][info][gc,task        ] GC(669) Using 6 workers of 6 for evacuation
[3190.478s][info][gc,phases      ] GC(669)   Pre Evacuate Collection Set: 0.41ms
[3190.479s][info][gc,phases      ] GC(669)   Merge Heap Roots: 0.49ms
[3190.479s][info][gc,phases      ] GC(669)   Evacuate Collection Set: 116.85ms
[3190.479s][info][gc,phases      ] GC(669)   Post Evacuate Collection Set: 0.90ms
[3190.479s][info][gc,phases      ] GC(669)   Other: 0.12ms
[3190.479s][info][gc,heap        ] GC(669) Eden regions: 1121->0(1118)
[3190.479s][info][gc,heap        ] GC(669) Survivor regions: 107->110(154)
[3190.479s][info][gc,heap        ] GC(669) Old regions: 473->505
[3190.479s][info][gc,heap        ] GC(669) Humongous regions: 80->80
[3190.479s][info][gc,metaspace   ] GC(669) Metaspace: 28906K(29312K)->28906K(29312K) NonClass: 24038K(24256K)->24038K(24256K) Class: 4868K(5056K)->4868K(5056K)
[3190.479s][info][gc             ] GC(669) Pause Young (Concurrent Start) (G1 Evacuation Pause) 3559M->1387M(4096M) 118.908ms
[3190.479s][info][gc             ] GC(670) Concurrent Mark Cycle
[3190.479s][info][gc,marking     ] GC(670) Concurrent Scan Root Regions
[3190.479s][info][gc,cpu         ] GC(669) User=0.71s Sys=0.00s Real=0.12s
[3190.652s][info][gc,marking     ] GC(670) Concurrent Scan Root Regions 173.833ms
[3190.652s][info][gc,marking     ] GC(670) Concurrent Mark
[3190.652s][info][gc,marking     ] GC(670) Concurrent Mark From Roots
[3190.653s][info][gc,task        ] GC(670) Using 2 workers of 2 for marking
.[3191.662s][info][gc,marking     ] GC(670) Concurrent Mark From Roots 1009.503ms
[3191.662s][info][gc,marking     ] GC(670) Concurrent Preclean
[3191.662s][info][gc,marking     ] GC(670) Concurrent Preclean 0.347ms
[3191.663s][info][gc,start       ] GC(670) Pause Remark
[3191.669s][info][gc             ] GC(670) Pause Remark 2257M->2257M(4096M) 5.949ms
[3191.669s][info][gc,cpu         ] GC(670) User=0.03s Sys=0.00s Real=0.00s
[3191.669s][info][gc,marking     ] GC(670) Concurrent Mark 1016.610ms
[3191.669s][info][gc,marking     ] GC(670) Concurrent Rebuild Remembered Sets and Scrub Regions
[3191.920s][info][gc,marking     ] GC(670) Concurrent Rebuild Remembered Sets and Scrub Regions 250.418ms
[3191.920s][info][gc,start       ] GC(670) Pause Cleanup
[3191.920s][info][gc             ] GC(670) Pause Cleanup 2423M->2423M(4096M) 0.124ms
[3191.920s][info][gc,cpu         ] GC(670) User=0.00s Sys=0.00s Real=0.00s
[3191.920s][info][gc,marking     ] GC(670) Concurrent Clear Claimed Marks
[3191.920s][info][gc,marking     ] GC(670) Concurrent Clear Claimed Marks 0.047ms
[3191.920s][info][gc,marking     ] GC(670) Concurrent Cleanup for Next Mark
[3191.925s][info][gc,marking     ] GC(670) Concurrent Cleanup for Next Mark 4.284ms
[3191.925s][info][gc             ] GC(670) Concurrent Mark Cycle 1445.995ms
..[3193.729s][info][gc,start       ] GC(671) Pause Young (Prepare Mixed) (G1 Evacuation Pause)
[3193.729s][info][gc,task        ] GC(671) Using 6 workers of 6 for evacuation
[3193.848s][info][gc,phases      ] GC(671)   Pre Evacuate Collection Set: 0.35ms
[3193.848s][info][gc,phases      ] GC(671)   Merge Heap Roots: 0.64ms
[3193.848s][info][gc,phases      ] GC(671)   Evacuate Collection Set: 117.15ms
[3193.848s][info][gc,phases      ] GC(671)   Post Evacuate Collection Set: 0.96ms
[3193.848s][info][gc,phases      ] GC(671)   Other: 0.10ms
[3193.848s][info][gc,heap        ] GC(671) Eden regions: 1118->0(1108)
[3193.848s][info][gc,heap        ] GC(671) Survivor regions: 110->111(154)
[3193.848s][info][gc,heap        ] GC(671) Old regions: 505->535
[3193.848s][info][gc,heap        ] GC(671) Humongous regions: 80->80
[3193.848s][info][gc,metaspace   ] GC(671) Metaspace: 28906K(29312K)->28906K(29312K) NonClass: 24038K(24256K)->24038K(24256K) Class: 4868K(5056K)->4868K(5056K)
[3193.849s][info][gc             ] GC(671) Pause Young (Prepare Mixed) (G1 Evacuation Pause) 3623M->1450M(4096M) 119.325ms
[3193.849s][info][gc,cpu         ] GC(671) User=0.70s Sys=0.00s Real=0.12s
....[3197.200s][info][gc,start       ] GC(672) Pause Young (Mixed) (G1 Evacuation Pause)
[3197.200s][info][gc,task        ] GC(672) Using 6 workers of 6 for evacuation
[3197.335s][info][gc,phases      ] GC(672)   Pre Evacuate Collection Set: 0.39ms
[3197.335s][info][gc,phases      ] GC(672)   Merge Heap Roots: 0.69ms
[3197.335s][info][gc,phases      ] GC(672)   Evacuate Collection Set: 132.78ms
[3197.335s][info][gc,phases      ] GC(672)   Post Evacuate Collection Set: 0.95ms
[3197.335s][info][gc,phases      ] GC(672)   Other: 0.09ms
[3197.335s][info][gc,heap        ] GC(672) Eden regions: 1108->0(1119)
[3197.335s][info][gc,heap        ] GC(672) Survivor regions: 111->109(153)
[3197.335s][info][gc,heap        ] GC(672) Old regions: 535->473
[3197.335s][info][gc,heap        ] GC(672) Humongous regions: 80->80
[3197.335s][info][gc,metaspace   ] GC(672) Metaspace: 28906K(29312K)->28906K(29312K) NonClass: 24038K(24256K)->24038K(24256K) Class: 4868K(5056K)->4868K(5056K)
[3197.335s][info][gc             ] GC(672) Pause Young (Mixed) (G1 Evacuation Pause) 3666M->1322M(4096M) 135.054ms
[3197.335s][info][gc,cpu         ] GC(672) User=0.79s Sys=0.00s Real=0.14s
...[3200.586s][info][gc,start       ] GC(673) Pause Young (Concurrent Start) (G1 Evacuation Pause)
[3200.586s][info][gc,task        ] GC(673) Using 6 workers of 6 for evacuation
[3200.711s][info][gc,phases      ] GC(673)   Pre Evacuate Collection Set: 0.42ms
[3200.711s][info][gc,phases      ] GC(673)   Merge Heap Roots: 0.53ms
[3200.711s][info][gc,phases      ] GC(673)   Evacuate Collection Set: 123.72ms
[3200.711s][info][gc,phases      ] GC(673)   Post Evacuate Collection Set: 0.90ms
[3200.712s][info][gc,phases      ] GC(673)   Other: 0.12ms
[3200.712s][info][gc,heap        ] GC(673) Eden regions: 1119->0(1111)
[3200.712s][info][gc,heap        ] GC(673) Survivor regions: 109->117(154)
[3200.712s][info][gc,heap        ] GC(673) Old regions: 473->505
[3200.712s][info][gc,heap        ] GC(673) Humongous regions: 80->80
[3200.712s][info][gc,metaspace   ] GC(673) Metaspace: 28908K(29312K)->28908K(29312K) NonClass: 24039K(24256K)->24039K(24256K) Class: 4868K(5056K)->4868K(5056K)
[3200.712s][info][gc             ] GC(673) Pause Young (Concurrent Start) (G1 Evacuation Pause) 3560M->1402M(4096M) 125.819ms
[3200.712s][info][gc             ] GC(674) Concurrent Mark Cycle
[3200.712s][info][gc,marking     ] GC(674) Concurrent Scan Root Regions
[3200.712s][info][gc,cpu         ] GC(673) User=0.74s Sys=0.00s Real=0.12s
[3200.856s][info][gc,marking     ] GC(674) Concurrent Scan Root Regions 144.445ms
[3200.856s][info][gc,marking     ] GC(674) Concurrent Mark
[3200.856s][info][gc,marking     ] GC(674) Concurrent Mark From Roots
[3200.856s][info][gc,task        ] GC(674) Using 2 workers of 2 for marking
.[3201.523s][info][gc,marking     ] GC(674) Concurrent Mark From Roots 666.374ms
[3201.523s][info][gc,marking     ] GC(674) Concurrent Preclean
[3201.523s][info][gc,marking     ] GC(674) Concurrent Preclean 0.326ms
[3201.523s][info][gc,start       ] GC(674) Pause Remark
[3201.528s][info][gc             ] GC(674) Pause Remark 1990M->1990M(4096M) 4.687ms
[3201.528s][info][gc,cpu         ] GC(674) User=0.02s Sys=0.01s Real=0.00s
[3201.528s][info][gc,marking     ] GC(674) Concurrent Mark 672.110ms
[3201.528s][info][gc,marking     ] GC(674) Concurrent Rebuild Remembered Sets and Scrub Regions
[3201.791s][info][gc,marking     ] GC(674) Concurrent Rebuild Remembered Sets and Scrub Regions 262.424ms
[3201.791s][info][gc,start       ] GC(674) Pause Cleanup
[3201.791s][info][gc             ] GC(674) Pause Cleanup 2179M->2179M(4096M) 0.111ms
[3201.791s][info][gc,cpu         ] GC(674) User=0.00s Sys=0.00s Real=0.00s
[3201.791s][info][gc,marking     ] GC(674) Concurrent Clear Claimed Marks
[3201.791s][info][gc,marking     ] GC(674) Concurrent Clear Claimed Marks 0.022ms
[3201.791s][info][gc,marking     ] GC(674) Concurrent Cleanup for Next Mark
[3201.795s][info][gc,marking     ] GC(674) Concurrent Cleanup for Next Mark 4.369ms
[3201.795s][info][gc             ] GC(674) Concurrent Mark Cycle 1083.857ms
...[3204.004s][info][gc,start       ] GC(675) Pause Young (Prepare Mixed) (G1 Evacuation Pause)
[3204.004s][info][gc,task        ] GC(675) Using 6 workers of 6 for evacuation
[3204.122s][info][gc,phases      ] GC(675)   Pre Evacuate Collection Set: 0.35ms
[3204.122s][info][gc,phases      ] GC(675)   Merge Heap Roots: 0.49ms
[3204.122s][info][gc,phases      ] GC(675)   Evacuate Collection Set: 116.24ms
[3204.122s][info][gc,phases      ] GC(675)   Post Evacuate Collection Set: 0.94ms
[3204.122s][info][gc,phases      ] GC(675)   Other: 0.09ms
[3204.122s][info][gc,heap        ] GC(675) Eden regions: 1111->0(1108)
[3204.122s][info][gc,heap        ] GC(675) Survivor regions: 117->110(154)
[3204.122s][info][gc,heap        ] GC(675) Old regions: 505->537
[3204.122s][info][gc,heap        ] GC(675) Humongous regions: 80->80
[3204.122s][info][gc,metaspace   ] GC(675) Metaspace: 28908K(29312K)->28908K(29312K) NonClass: 24039K(24256K)->24039K(24256K) Class: 4868K(5056K)->4868K(5056K)
[3204.122s][info][gc             ] GC(675) Pause Young (Prepare Mixed) (G1 Evacuation Pause) 3624M->1452M(4096M) 118.253ms
[3204.122s][info][gc,cpu         ] GC(675) User=0.70s Sys=0.00s Real=0.11s
...[3207.413s][info][gc,start       ] GC(676) Pause Young (Mixed) (G1 Evacuation Pause)
[3207.413s][info][gc,task        ] GC(676) Using 6 workers of 6 for evacuation
[3207.549s][info][gc,phases      ] GC(676)   Pre Evacuate Collection Set: 0.36ms
[3207.549s][info][gc,phases      ] GC(676)   Merge Heap Roots: 0.68ms
[3207.549s][info][gc,phases      ] GC(676)   Evacuate Collection Set: 133.18ms
[3207.549s][info][gc,phases      ] GC(676)   Post Evacuate Collection Set: 0.95ms
[3207.549s][info][gc,phases      ] GC(676)   Other: 0.09ms
[3207.549s][info][gc,heap        ] GC(676) Eden regions: 1108->0(1116)
[3207.549s][info][gc,heap        ] GC(676) Survivor regions: 110->112(153)
[3207.549s][info][gc,heap        ] GC(676) Old regions: 537->473
[3207.549s][info][gc,heap        ] GC(676) Humongous regions: 80->80
[3207.549s][info][gc,metaspace   ] GC(676) Metaspace: 28908K(29312K)->28908K(29312K) NonClass: 24039K(24256K)->24039K(24256K) Class: 4868K(5056K)->4868K(5056K)
[3207.549s][info][gc             ] GC(676) Pause Young (Mixed) (G1 Evacuation Pause) 3668M->1327M(4096M) 135.398ms
[3207.549s][info][gc,cpu         ] GC(676) User=0.80s Sys=0.00s Real=0.13s
...[3210.796s][info][gc,start       ] GC(677) Pause Young (Concurrent Start) (G1 Evacuation Pause)
[3210.796s][info][gc,task        ] GC(677) Using 6 workers of 6 for evacuation
[3210.913s][info][gc,phases      ] GC(677)   Pre Evacuate Collection Set: 0.40ms
[3210.913s][info][gc,phases      ] GC(677)   Merge Heap Roots: 0.51ms
[3210.913s][info][gc,phases      ] GC(677)   Evacuate Collection Set: 115.06ms
[3210.913s][info][gc,phases      ] GC(677)   Post Evacuate Collection Set: 0.88ms
[3210.913s][info][gc,phases      ] GC(677)   Other: 0.11ms
[3210.913s][info][gc,heap        ] GC(677) Eden regions: 1116->0(1119)
[3210.913s][info][gc,heap        ] GC(677) Survivor regions: 112->109(154)
[3210.913s][info][gc,heap        ] GC(677) Old regions: 473->505
[3210.913s][info][gc,heap        ] GC(677) Humongous regions: 80->80
[3210.913s][info][gc,metaspace   ] GC(677) Metaspace: 28908K(29312K)->28908K(29312K) NonClass: 24039K(24256K)->24039K(24256K) Class: 4868K(5056K)->4868K(5056K)
[3210.913s][info][gc             ] GC(677) Pause Young (Concurrent Start) (G1 Evacuation Pause) 3559M->1386M(4096M) 117.074ms
[3210.913s][info][gc             ] GC(678) Concurrent Mark Cycle
[3210.913s][info][gc,marking     ] GC(678) Concurrent Scan Root Regions
[3210.913s][info][gc,cpu         ] GC(677) User=0.69s Sys=0.00s Real=0.12s
.[3211.085s][info][gc,marking     ] GC(678) Concurrent Scan Root Regions 171.569ms
[3211.085s][info][gc,marking     ] GC(678) Concurrent Mark
[3211.085s][info][gc,marking     ] GC(678) Concurrent Mark From Roots
[3211.085s][info][gc,task        ] GC(678) Using 2 workers of 2 for marking
[3211.863s][info][gc,marking     ] GC(678) Concurrent Mark From Roots 778.084ms
[3211.863s][info][gc,marking     ] GC(678) Concurrent Preclean
[3211.863s][info][gc,marking     ] GC(678) Concurrent Preclean 0.096ms
[3211.863s][info][gc,start       ] GC(678) Pause Remark
[3211.868s][info][gc             ] GC(678) Pause Remark 2068M->2068M(4096M) 5.060ms
[3211.868s][info][gc,cpu         ] GC(678) User=0.03s Sys=0.00s Real=0.01s
[3211.868s][info][gc,marking     ] GC(678) Concurrent Mark 783.525ms
[3211.868s][info][gc,marking     ] GC(678) Concurrent Rebuild Remembered Sets and Scrub Regions
.[3212.145s][info][gc,marking     ] GC(678) Concurrent Rebuild Remembered Sets and Scrub Regions 277.357ms
[3212.146s][info][gc,start       ] GC(678) Pause Cleanup
[3212.146s][info][gc             ] GC(678) Pause Cleanup 2233M->2233M(4096M) 0.120ms
[3212.146s][info][gc,cpu         ] GC(678) User=0.00s Sys=0.00s Real=0.00s
[3212.146s][info][gc,marking     ] GC(678) Concurrent Clear Claimed Marks
[3212.146s][info][gc,marking     ] GC(678) Concurrent Clear Claimed Marks 0.027ms
[3212.146s][info][gc,marking     ] GC(678) Concurrent Cleanup for Next Mark
[3212.149s][info][gc,marking     ] GC(678) Concurrent Cleanup for Next Mark 3.362ms
[3212.149s][info][gc             ] GC(678) Concurrent Mark Cycle 1236.312ms
..[3214.247s][info][gc,start       ] GC(679) Pause Young (Prepare Mixed) (G1 Evacuation Pause)
[3214.247s][info][gc,task        ] GC(679) Using 6 workers of 6 for evacuation
[3214.365s][info][gc,phases      ] GC(679)   Pre Evacuate Collection Set: 0.33ms
[3214.365s][info][gc,phases      ] GC(679)   Merge Heap Roots: 0.57ms
[3214.365s][info][gc,phases      ] GC(679)   Evacuate Collection Set: 115.85ms
[3214.365s][info][gc,phases      ] GC(679)   Post Evacuate Collection Set: 0.92ms
[3214.365s][info][gc,phases      ] GC(679)   Other: 0.09ms
[3214.365s][info][gc,heap        ] GC(679) Eden regions: 1119->0(1108)
[3214.365s][info][gc,heap        ] GC(679) Survivor regions: 109->110(154)
[3214.365s][info][gc,heap        ] GC(679) Old regions: 505->537
[3214.365s][info][gc,heap        ] GC(679) Humongous regions: 80->80
[3214.365s][info][gc,metaspace   ] GC(679) Metaspace: 28908K(29312K)->28908K(29312K) NonClass: 24039K(24256K)->24039K(24256K) Class: 4868K(5056K)->4868K(5056K)
[3214.365s][info][gc             ] GC(679) Pause Young (Prepare Mixed) (G1 Evacuation Pause) 3624M->1452M(4096M) 117.895ms
[3214.365s][info][gc,cpu         ] GC(679) User=0.70s Sys=0.01s Real=0.12s
...[3217.652s][info][gc,start       ] GC(680) Pause Young (Mixed) (G1 Evacuation Pause)
[3217.652s][info][gc,task        ] GC(680) Using 6 workers of 6 for evacuation
[3217.782s][info][gc,phases      ] GC(680)   Pre Evacuate Collection Set: 0.38ms
[3217.782s][info][gc,phases      ] GC(680)   Merge Heap Roots: 0.60ms
[3217.782s][info][gc,phases      ] GC(680)   Evacuate Collection Set: 127.54ms
[3217.782s][info][gc,phases      ] GC(680)   Post Evacuate Collection Set: 0.94ms
[3217.782s][info][gc,phases      ] GC(680)   Other: 0.09ms
[3217.782s][info][gc,heap        ] GC(680) Eden regions: 1108->0(1121)
[3217.782s][info][gc,heap        ] GC(680) Survivor regions: 110->107(153)
[3217.782s][info][gc,heap        ] GC(680) Old regions: 537->472
[3217.782s][info][gc,heap        ] GC(680) Humongous regions: 80->80
[3217.782s][info][gc,metaspace   ] GC(680) Metaspace: 28908K(29312K)->28908K(29312K) NonClass: 24039K(24256K)->24039K(24256K) Class: 4868K(5056K)->4868K(5056K)
[3217.782s][info][gc             ] GC(680) Pause Young (Mixed) (G1 Evacuation Pause) 3668M->1317M(4096M) 129.687ms
[3217.782s][info][gc,cpu         ] GC(680) User=0.76s Sys=0.00s Real=0.13s
....[3221.111s][info][gc,start       ] GC(681) Pause Young (Concurrent Start) (G1 Evacuation Pause)
[3221.111s][info][gc,task        ] GC(681) Using 6 workers of 6 for evacuation
[3221.231s][info][gc,phases      ] GC(681)   Pre Evacuate Collection Set: 0.38ms
[3221.231s][info][gc,phases      ] GC(681)   Merge Heap Roots: 0.50ms
[3221.231s][info][gc,phases      ] GC(681)   Evacuate Collection Set: 118.01ms
[3221.231s][info][gc,phases      ] GC(681)   Post Evacuate Collection Set: 0.87ms
[3221.231s][info][gc,phases      ] GC(681)   Other: 0.11ms
[3221.231s][info][gc,heap        ] GC(681) Eden regions: 1121->0(1117)
[3221.231s][info][gc,heap        ] GC(681) Survivor regions: 107->111(154)
[3221.231s][info][gc,heap        ] GC(681) Old regions: 472->505
[3221.231s][info][gc,heap        ] GC(681) Humongous regions: 80->80
[3221.231s][info][gc,metaspace   ] GC(681) Metaspace: 28908K(29312K)->28908K(29312K) NonClass: 24039K(24256K)->24039K(24256K) Class: 4868K(5056K)->4868K(5056K)
[3221.231s][info][gc             ] GC(681) Pause Young (Concurrent Start) (G1 Evacuation Pause) 3559M->1390M(4096M) 120.019ms
[3221.231s][info][gc             ] GC(682) Concurrent Mark Cycle
[3221.231s][info][gc,marking     ] GC(682) Concurrent Scan Root Regions
[3221.231s][info][gc,cpu         ] GC(681) User=0.71s Sys=0.00s Real=0.12s
[3221.410s][info][gc,marking     ] GC(682) Concurrent Scan Root Regions 178.637ms
[3221.410s][info][gc,marking     ] GC(682) Concurrent Mark
[3221.410s][info][gc,marking     ] GC(682) Concurrent Mark From Roots
[3221.410s][info][gc,task        ] GC(682) Using 2 workers of 2 for marking
.[3222.085s][info][gc,marking     ] GC(682) Concurrent Mark From Roots 675.038ms
[3222.085s][info][gc,marking     ] GC(682) Concurrent Preclean
[3222.085s][info][gc,marking     ] GC(682) Concurrent Preclean 0.093ms
[3222.085s][info][gc,start       ] GC(682) Pause Remark
[3222.090s][info][gc             ] GC(682) Pause Remark 2028M->2028M(4096M) 4.358ms
[3222.090s][info][gc,cpu         ] GC(682) User=0.02s Sys=0.00s Real=0.00s
[3222.090s][info][gc,marking     ] GC(682) Concurrent Mark 679.740ms
[3222.090s][info][gc,marking     ] GC(682) Concurrent Rebuild Remembered Sets and Scrub Regions
[3222.340s][info][gc,marking     ] GC(682) Concurrent Rebuild Remembered Sets and Scrub Regions 250.093ms
[3222.340s][info][gc,start       ] GC(682) Pause Cleanup
[3222.341s][info][gc             ] GC(682) Pause Cleanup 2190M->2190M(4096M) 0.126ms
[3222.341s][info][gc,cpu         ] GC(682) User=0.00s Sys=0.00s Real=0.00s
[3222.341s][info][gc,marking     ] GC(682) Concurrent Clear Claimed Marks
[3222.341s][info][gc,marking     ] GC(682) Concurrent Clear Claimed Marks 0.037ms
[3222.341s][info][gc,marking     ] GC(682) Concurrent Cleanup for Next Mark
[3222.346s][info][gc,marking     ] GC(682) Concurrent Cleanup for Next Mark 5.080ms
[3222.346s][info][gc             ] GC(682) Concurrent Mark Cycle 1114.565ms
..[3224.543s][info][gc,start       ] GC(683) Pause Young (Prepare Mixed) (G1 Evacuation Pause)
[3224.543s][info][gc,task        ] GC(683) Using 6 workers of 6 for evacuation
[3224.665s][info][gc,phases      ] GC(683)   Pre Evacuate Collection Set: 0.33ms
[3224.665s][info][gc,phases      ] GC(683)   Merge Heap Roots: 0.61ms
[3224.665s][info][gc,phases      ] GC(683)   Evacuate Collection Set: 119.36ms
[3224.665s][info][gc,phases      ] GC(683)   Post Evacuate Collection Set: 0.93ms
[3224.665s][info][gc,phases      ] GC(683)   Other: 0.08ms
[3224.665s][info][gc,heap        ] GC(683) Eden regions: 1117->0(1102)
[3224.665s][info][gc,heap        ] GC(683) Survivor regions: 111->113(154)
[3224.665s][info][gc,heap        ] GC(683) Old regions: 505->537
[3224.665s][info][gc,heap        ] GC(683) Humongous regions: 80->80
[3224.665s][info][gc,metaspace   ] GC(683) Metaspace: 28908K(29312K)->28908K(29312K) NonClass: 24039K(24256K)->24039K(24256K) Class: 4868K(5056K)->4868K(5056K)
[3224.665s][info][gc             ] GC(683) Pause Young (Prepare Mixed) (G1 Evacuation Pause) 3624M->1457M(4096M) 121.451ms
[3224.665s][info][gc,cpu         ] GC(683) User=0.72s Sys=0.00s Real=0.12s
...[3227.884s][info][gc,start       ] GC(684) Pause Young (Mixed) (G1 Evacuation Pause)
[3227.884s][info][gc,task        ] GC(684) Using 6 workers of 6 for evacuation
[3228.020s][info][gc,phases      ] GC(684)   Pre Evacuate Collection Set: 0.37ms
[3228.020s][info][gc,phases      ] GC(684)   Merge Heap Roots: 0.71ms
[3228.020s][info][gc,phases      ] GC(684)   Evacuate Collection Set: 133.72ms
[3228.020s][info][gc,phases      ] GC(684)   Post Evacuate Collection Set: 0.98ms
[3228.020s][info][gc,phases      ] GC(684)   Other: 0.08ms
[3228.020s][info][gc,heap        ] GC(684) Eden regions: 1102->0(1119)
[3228.020s][info][gc,heap        ] GC(684) Survivor regions: 113->109(152)
[3228.020s][info][gc,heap        ] GC(684) Old regions: 537->474
[3228.020s][info][gc,heap        ] GC(684) Humongous regions: 80->80
[3228.020s][info][gc,metaspace   ] GC(684) Metaspace: 28908K(29312K)->28908K(29312K) NonClass: 24039K(24256K)->24039K(24256K) Class: 4868K(5056K)->4868K(5056K)
[3228.020s][info][gc             ] GC(684) Pause Young (Mixed) (G1 Evacuation Pause) 3661M->1324M(4096M) 136.002ms
[3228.020s][info][gc,cpu         ] GC(684) User=0.81s Sys=0.00s Real=0.13s
.. (rIR:aIR:PR = 5535:5534:5534) (tPR = 81870) [OK] 
  3228s: Performance info:
         Transaction,    Success,    Partial,     Failed,   Receipts, AvgBarcode, 
             Overall,     332995,          0,          0,     316344,      59.48, 
         Response times:
             Request,    Success,    Partial,     Failed,   SkipFail,     Probes,    Samples,      min,      p50,      p90,      p95,      p99,      max, 
       TotalPurchase,     316344,          0,          0,          0,     311213,     338420,      300,     4600,    11000,    28000,    75000,   271000,
     InStorePurchase,     166494,          0,          0,          0,     163834,     177549,      300,     4700,    11100,    28000,    75000,   271000,
      OnlinePurchase,     116539,          0,          0,          0,     114768,     124902,      300,     4500,    10900,    27000,    75000,   255000,
        InstPurchase,      33311,          0,          0,          0,      32611,      35969,      400,     5100,    11300,    30000,    77000,   179000,
          AssocOfCat,        333,          0,          0,          0,        268,        374,    21000,    34000,    60000,    70500,   147500,   179000,
      AssocOfProduct,       3319,          0,          0,          0,       3024,       3501,      500,     4900,    11400,    26000,    63980,   160000,
      BusinessReport,        829,          0,          0,          0,        715,        893,    21000,    39000,    63000,    79000,   188000,   262000,
          CustBuyBeh,       3334,          0,          0,          0,       3093,       3530,      200,     4900,    12400,    30000,    77380,   215000,
       ProductReturn,       8836,          0,          0,          0,       8418,       9330,      200,     4100,    10200,    25000,    73690,   187000,

  3228s: (41%)   IR =   5673 ..[3231.285s][info][gc,start       ] GC(685) Pause Young (Concurrent Start) (G1 Evacuation Pause)
[3231.285s][info][gc,task        ] GC(685) Using 6 workers of 6 for evacuation
[3231.405s][info][gc,phases      ] GC(685)   Pre Evacuate Collection Set: 0.40ms
[3231.405s][info][gc,phases      ] GC(685)   Merge Heap Roots: 0.53ms
[3231.405s][info][gc,phases      ] GC(685)   Evacuate Collection Set: 118.19ms
[3231.405s][info][gc,phases      ] GC(685)   Post Evacuate Collection Set: 0.90ms
[3231.405s][info][gc,phases      ] GC(685)   Other: 0.11ms
[3231.405s][info][gc,heap        ] GC(685) Eden regions: 1119->0(1117)
[3231.405s][info][gc,heap        ] GC(685) Survivor regions: 109->111(154)
[3231.405s][info][gc,heap        ] GC(685) Old regions: 474->506
[3231.405s][info][gc,heap        ] GC(685) Humongous regions: 80->80
[3231.405s][info][gc,metaspace   ] GC(685) Metaspace: 28908K(29312K)->28908K(29312K) NonClass: 24039K(24256K)->24039K(24256K) Class: 4868K(5056K)->4868K(5056K)
[3231.405s][info][gc             ] GC(685) Pause Young (Concurrent Start) (G1 Evacuation Pause) 3562M->1392M(4096M) 120.261ms
[3231.405s][info][gc             ] GC(686) Concurrent Mark Cycle
[3231.405s][info][gc,marking     ] GC(686) Concurrent Scan Root Regions
[3231.405s][info][gc,cpu         ] GC(685) User=0.71s Sys=0.00s Real=0.12s
[3231.540s][info][gc,marking     ] GC(686) Concurrent Scan Root Regions 134.662ms
[3231.540s][info][gc,marking     ] GC(686) Concurrent Mark
[3231.540s][info][gc,marking     ] GC(686) Concurrent Mark From Roots
[3231.540s][info][gc,task        ] GC(686) Using 2 workers of 2 for marking
.[3232.205s][info][gc,marking     ] GC(686) Concurrent Mark From Roots 665.139ms
[3232.205s][info][gc,marking     ] GC(686) Concurrent Preclean
[3232.205s][info][gc,marking     ] GC(686) Concurrent Preclean 0.216ms
[3232.206s][info][gc,start       ] GC(686) Pause Remark
[3232.210s][info][gc             ] GC(686) Pause Remark 1970M->1970M(4096M) 4.106ms
[3232.210s][info][gc,cpu         ] GC(686) User=0.02s Sys=0.00s Real=0.00s
[3232.210s][info][gc,marking     ] GC(686) Concurrent Mark 670.244ms
[3232.210s][info][gc,marking     ] GC(686) Concurrent Rebuild Remembered Sets and Scrub Regions
[3232.480s][info][gc,marking     ] GC(686) Concurrent Rebuild Remembered Sets and Scrub Regions 270.307ms
[3232.481s][info][gc,start       ] GC(686) Pause Cleanup
[3232.481s][info][gc             ] GC(686) Pause Cleanup 2154M->2154M(4096M) 0.119ms
[3232.481s][info][gc,cpu         ] GC(686) User=0.00s Sys=0.00s Real=0.00s
[3232.481s][info][gc,marking     ] GC(686) Concurrent Clear Claimed Marks
[3232.481s][info][gc,marking     ] GC(686) Concurrent Clear Claimed Marks 0.026ms
[3232.481s][info][gc,marking     ] GC(686) Concurrent Cleanup for Next Mark
[3232.485s][info][gc,marking     ] GC(686) Concurrent Cleanup for Next Mark 4.516ms
[3232.485s][info][gc             ] GC(686) Concurrent Mark Cycle 1080.247ms
..|[3234.692s][info][gc,start       ] GC(687) Pause Young (Prepare Mixed) (G1 Evacuation Pause)
[3234.692s][info][gc,task        ] GC(687) Using 6 workers of 6 for evacuation
[3234.810s][info][gc,phases      ] GC(687)   Pre Evacuate Collection Set: 0.33ms
[3234.810s][info][gc,phases      ] GC(687)   Merge Heap Roots: 0.53ms
[3234.810s][info][gc,phases      ] GC(687)   Evacuate Collection Set: 115.37ms
[3234.810s][info][gc,phases      ] GC(687)   Post Evacuate Collection Set: 0.95ms
[3234.810s][info][gc,phases      ] GC(687)   Other: 0.09ms
[3234.810s][info][gc,heap        ] GC(687) Eden regions: 1117->0(1110)
[3234.810s][info][gc,heap        ] GC(687) Survivor regions: 111->109(154)
[3234.810s][info][gc,heap        ] GC(687) Old regions: 506->537
[3234.810s][info][gc,heap        ] GC(687) Humongous regions: 80->80
[3234.810s][info][gc,metaspace   ] GC(687) Metaspace: 28908K(29312K)->28908K(29312K) NonClass: 24039K(24256K)->24039K(24256K) Class: 4868K(5056K)->4868K(5056K)
[3234.810s][info][gc             ] GC(687) Pause Young (Prepare Mixed) (G1 Evacuation Pause) 3626M->1451M(4096M) 117.419ms
[3234.810s][info][gc,cpu         ] GC(687) User=0.69s Sys=0.00s Real=0.12s
...[3237.960s][info][gc,start       ] GC(688) Pause Young (Mixed) (G1 Evacuation Pause)
[3237.960s][info][gc,task        ] GC(688) Using 6 workers of 6 for evacuation
[3238.091s][info][gc,phases      ] GC(688)   Pre Evacuate Collection Set: 0.39ms
[3238.091s][info][gc,phases      ] GC(688)   Merge Heap Roots: 0.63ms
[3238.091s][info][gc,phases      ] GC(688)   Evacuate Collection Set: 128.81ms
[3238.091s][info][gc,phases      ] GC(688)   Post Evacuate Collection Set: 0.95ms
[3238.091s][info][gc,phases      ] GC(688)   Other: 0.10ms
[3238.091s][info][gc,heap        ] GC(688) Eden regions: 1110->0(1119)
[3238.091s][info][gc,heap        ] GC(688) Survivor regions: 109->109(153)
[3238.091s][info][gc,heap        ] GC(688) Old regions: 537->472
[3238.091s][info][gc,heap        ] GC(688) Humongous regions: 80->80
[3238.091s][info][gc,metaspace   ] GC(688) Metaspace: 28908K(29312K)->28908K(29312K) NonClass: 24039K(24256K)->24039K(24256K) Class: 4868K(5056K)->4868K(5056K)
[3238.091s][info][gc             ] GC(688) Pause Young (Mixed) (G1 Evacuation Pause) 3671M->1321M(4096M) 131.008ms
[3238.091s][info][gc,cpu         ] GC(688) User=0.77s Sys=0.00s Real=0.13s
....[3241.329s][info][gc,start       ] GC(689) Pause Young (Concurrent Start) (G1 Evacuation Pause)
[3241.329s][info][gc,task        ] GC(689) Using 6 workers of 6 for evacuation
[3241.448s][info][gc,phases      ] GC(689)   Pre Evacuate Collection Set: 0.38ms
[3241.448s][info][gc,phases      ] GC(689)   Merge Heap Roots: 0.51ms
[3241.448s][info][gc,phases      ] GC(689)   Evacuate Collection Set: 116.71ms
[3241.448s][info][gc,phases      ] GC(689)   Post Evacuate Collection Set: 0.89ms
[3241.448s][info][gc,phases      ] GC(689)   Other: 0.12ms
[3241.448s][info][gc,heap        ] GC(689) Eden regions: 1119->0(1116)
[3241.448s][info][gc,heap        ] GC(689) Survivor regions: 109->112(154)
[3241.448s][info][gc,heap        ] GC(689) Old regions: 472->505
[3241.448s][info][gc,heap        ] GC(689) Humongous regions: 80->80
[3241.448s][info][gc,metaspace   ] GC(689) Metaspace: 28908K(29312K)->28908K(29312K) NonClass: 24039K(24256K)->24039K(24256K) Class: 4868K(5056K)->4868K(5056K)
[3241.448s][info][gc             ] GC(689) Pause Young (Concurrent Start) (G1 Evacuation Pause) 3559M->1391M(4096M) 118.748ms
[3241.448s][info][gc             ] GC(690) Concurrent Mark Cycle
[3241.448s][info][gc,marking     ] GC(690) Concurrent Scan Root Regions
[3241.448s][info][gc,cpu         ] GC(689) User=0.70s Sys=0.01s Real=0.12s
[3241.627s][info][gc,marking     ] GC(690) Concurrent Scan Root Regions 178.692ms
[3241.627s][info][gc,marking     ] GC(690) Concurrent Mark
[3241.627s][info][gc,marking     ] GC(690) Concurrent Mark From Roots
[3241.627s][info][gc,task        ] GC(690) Using 2 workers of 2 for marking
.[3242.626s][info][gc,marking     ] GC(690) Concurrent Mark From Roots 999.219ms
[3242.626s][info][gc,marking     ] GC(690) Concurrent Preclean
[3242.626s][info][gc,marking     ] GC(690) Concurrent Preclean 0.172ms
[3242.626s][info][gc,start       ] GC(690) Pause Remark
[3242.632s][info][gc             ] GC(690) Pause Remark 2287M->2287M(4096M) 5.312ms
[3242.632s][info][gc,cpu         ] GC(690) User=0.03s Sys=0.00s Real=0.00s
[3242.632s][info][gc,marking     ] GC(690) Concurrent Mark 1004.983ms
[3242.632s][info][gc,marking     ] GC(690) Concurrent Rebuild Remembered Sets and Scrub Regions
[3242.870s][info][gc,marking     ] GC(690) Concurrent Rebuild Remembered Sets and Scrub Regions 238.301ms
[3242.870s][info][gc,start       ] GC(690) Pause Cleanup
[3242.870s][info][gc             ] GC(690) Pause Cleanup 2431M->2431M(4096M) 0.111ms
[3242.870s][info][gc,cpu         ] GC(690) User=0.00s Sys=0.00s Real=0.00s
[3242.870s][info][gc,marking     ] GC(690) Concurrent Clear Claimed Marks
[3242.871s][info][gc,marking     ] GC(690) Concurrent Clear Claimed Marks 0.029ms
[3242.871s][info][gc,marking     ] GC(690) Concurrent Cleanup for Next Mark
[3242.874s][info][gc,marking     ] GC(690) Concurrent Cleanup for Next Mark 3.598ms
[3242.874s][info][gc             ] GC(690) Concurrent Mark Cycle 1426.071ms
..[3244.662s][info][gc,start       ] GC(691) Pause Young (Prepare Mixed) (G1 Evacuation Pause)
[3244.663s][info][gc,task        ] GC(691) Using 6 workers of 6 for evacuation
[3244.778s][info][gc,phases      ] GC(691)   Pre Evacuate Collection Set: 0.35ms
[3244.778s][info][gc,phases      ] GC(691)   Merge Heap Roots: 0.48ms
[3244.778s][info][gc,phases      ] GC(691)   Evacuate Collection Set: 113.38ms
[3244.778s][info][gc,phases      ] GC(691)   Post Evacuate Collection Set: 0.92ms
[3244.778s][info][gc,phases      ] GC(691)   Other: 0.08ms
[3244.778s][info][gc,heap        ] GC(691) Eden regions: 1116->0(1113)
[3244.778s][info][gc,heap        ] GC(691) Survivor regions: 112->108(154)
[3244.778s][info][gc,heap        ] GC(691) Old regions: 505->536
[3244.778s][info][gc,heap        ] GC(691) Humongous regions: 80->80
[3244.778s][info][gc,metaspace   ] GC(691) Metaspace: 28908K(29312K)->28908K(29312K) NonClass: 24039K(24256K)->24039K(24256K) Class: 4868K(5056K)->4868K(5056K)
[3244.778s][info][gc             ] GC(691) Pause Young (Prepare Mixed) (G1 Evacuation Pause) 3623M->1447M(4096M) 115.325ms
[3244.778s][info][gc,cpu         ] GC(691) User=0.68s Sys=0.00s Real=0.12s
...[3248.023s][info][gc,start       ] GC(692) Pause Young (Mixed) (G1 Evacuation Pause)
[3248.023s][info][gc,task        ] GC(692) Using 6 workers of 6 for evacuation
[3248.158s][info][gc,phases      ] GC(692)   Pre Evacuate Collection Set: 0.37ms
[3248.158s][info][gc,phases      ] GC(692)   Merge Heap Roots: 0.72ms
[3248.158s][info][gc,phases      ] GC(692)   Evacuate Collection Set: 132.76ms
[3248.158s][info][gc,phases      ] GC(692)   Post Evacuate Collection Set: 0.94ms
[3248.158s][info][gc,phases      ] GC(692)   Other: 0.09ms
[3248.158s][info][gc,heap        ] GC(692) Eden regions: 1113->0(1116)
[3248.158s][info][gc,heap        ] GC(692) Survivor regions: 108->112(153)
[3248.158s][info][gc,heap        ] GC(692) Old regions: 536->472
[3248.158s][info][gc,heap        ] GC(692) Humongous regions: 80->80
[3248.158s][info][gc,metaspace   ] GC(692) Metaspace: 28908K(29312K)->28908K(29312K) NonClass: 24039K(24256K)->24039K(24256K) Class: 4868K(5056K)->4868K(5056K)
[3248.158s][info][gc             ] GC(692) Pause Young (Mixed) (G1 Evacuation Pause) 3673M->1326M(4096M) 135.024ms
[3248.158s][info][gc,cpu         ] GC(692) User=0.80s Sys=0.00s Real=0.13s
....[3251.286s][info][gc,start       ] GC(693) Pause Young (Concurrent Start) (G1 Evacuation Pause)
[3251.286s][info][gc,task        ] GC(693) Using 6 workers of 6 for evacuation
[3251.404s][info][gc,phases      ] GC(693)   Pre Evacuate Collection Set: 0.41ms
[3251.404s][info][gc,phases      ] GC(693)   Merge Heap Roots: 0.66ms
[3251.404s][info][gc,phases      ] GC(693)   Evacuate Collection Set: 115.97ms
[3251.404s][info][gc,phases      ] GC(693)   Post Evacuate Collection Set: 0.90ms
[3251.404s][info][gc,phases      ] GC(693)   Other: 0.13ms
[3251.404s][info][gc,heap        ] GC(693) Eden regions: 1116->0(1119)
[3251.404s][info][gc,heap        ] GC(693) Survivor regions: 112->109(154)
[3251.404s][info][gc,heap        ] GC(693) Old regions: 472->504
[3251.404s][info][gc,heap        ] GC(693) Humongous regions: 80->80
[3251.404s][info][gc,metaspace   ] GC(693) Metaspace: 28908K(29312K)->28908K(29312K) NonClass: 24039K(24256K)->24039K(24256K) Class: 4868K(5056K)->4868K(5056K)
[3251.404s][info][gc             ] GC(693) Pause Young (Concurrent Start) (G1 Evacuation Pause) 3558M->1384M(4096M) 118.205ms
[3251.404s][info][gc             ] GC(694) Concurrent Mark Cycle
[3251.404s][info][gc,marking     ] GC(694) Concurrent Scan Root Regions
[3251.404s][info][gc,cpu         ] GC(693) User=0.70s Sys=0.00s Real=0.12s
[3251.536s][info][gc,marking     ] GC(694) Concurrent Scan Root Regions 131.288ms
[3251.536s][info][gc,marking     ] GC(694) Concurrent Mark
[3251.536s][info][gc,marking     ] GC(694) Concurrent Mark From Roots
[3251.536s][info][gc,task        ] GC(694) Using 2 workers of 2 for marking
.[3252.218s][info][gc,marking     ] GC(694) Concurrent Mark From Roots 681.936ms
[3252.218s][info][gc,marking     ] GC(694) Concurrent Preclean
[3252.218s][info][gc,marking     ] GC(694) Concurrent Preclean 0.102ms
[3252.218s][info][gc,start       ] GC(694) Pause Remark
[3252.223s][info][gc             ] GC(694) Pause Remark 1992M->1992M(4096M) 4.918ms
[3252.223s][info][gc,cpu         ] GC(694) User=0.03s Sys=0.00s Real=0.00s
[3252.226s][info][gc,marking     ] GC(694) Concurrent Mark 689.921ms
[3252.226s][info][gc,marking     ] GC(694) Concurrent Rebuild Remembered Sets and Scrub Regions
[3252.472s][info][gc,marking     ] GC(694) Concurrent Rebuild Remembered Sets and Scrub Regions 246.248ms
[3252.472s][info][gc,start       ] GC(694) Pause Cleanup
[3252.472s][info][gc             ] GC(694) Pause Cleanup 2144M->2144M(4096M) 0.113ms
[3252.472s][info][gc,cpu         ] GC(694) User=0.00s Sys=0.00s Real=0.00s
[3252.472s][info][gc,marking     ] GC(694) Concurrent Clear Claimed Marks
[3252.472s][info][gc,marking     ] GC(694) Concurrent Clear Claimed Marks 0.022ms
[3252.472s][info][gc,marking     ] GC(694) Concurrent Cleanup for Next Mark
[3252.476s][info][gc,marking     ] GC(694) Concurrent Cleanup for Next Mark 4.029ms
[3252.476s][info][gc             ] GC(694) Concurrent Mark Cycle 1071.993ms
..[3254.628s][info][gc,start       ] GC(695) Pause Young (Prepare Mixed) (G1 Evacuation Pause)
[3254.628s][info][gc,task        ] GC(695) Using 6 workers of 6 for evacuation
[3254.749s][info][gc,phases      ] GC(695)   Pre Evacuate Collection Set: 0.35ms
[3254.749s][info][gc,phases      ] GC(695)   Merge Heap Roots: 0.55ms
[3254.749s][info][gc,phases      ] GC(695)   Evacuate Collection Set: 119.56ms
[3254.749s][info][gc,phases      ] GC(695)   Post Evacuate Collection Set: 0.94ms
[3254.750s][info][gc,phases      ] GC(695)   Other: 0.08ms
[3254.750s][info][gc,heap        ] GC(695) Eden regions: 1119->0(1107)
[3254.750s][info][gc,heap        ] GC(695) Survivor regions: 109->111(154)
[3254.750s][info][gc,heap        ] GC(695) Old regions: 504->536
[3254.750s][info][gc,heap        ] GC(695) Humongous regions: 80->80
[3254.750s][info][gc,metaspace   ] GC(695) Metaspace: 28908K(29312K)->28908K(29312K) NonClass: 24039K(24256K)->24039K(24256K) Class: 4868K(5056K)->4868K(5056K)
[3254.750s][info][gc             ] GC(695) Pause Young (Prepare Mixed) (G1 Evacuation Pause) 3622M->1452M(4096M) 121.634ms
[3254.750s][info][gc,cpu         ] GC(695) User=0.72s Sys=0.00s Real=0.12s
...[3258.076s][info][gc,start       ] GC(696) Pause Young (Mixed) (G1 Evacuation Pause)
[3258.077s][info][gc,task        ] GC(696) Using 6 workers of 6 for evacuation
[3258.209s][info][gc,phases      ] GC(696)   Pre Evacuate Collection Set: 0.38ms
[3258.209s][info][gc,phases      ] GC(696)   Merge Heap Roots: 0.65ms
[3258.209s][info][gc,phases      ] GC(696)   Evacuate Collection Set: 130.60ms
[3258.209s][info][gc,phases      ] GC(696)   Post Evacuate Collection Set: 0.95ms
[3258.209s][info][gc,phases      ] GC(696)   Other: 0.09ms
[3258.209s][info][gc,heap        ] GC(696) Eden regions: 1107->0(1117)
[3258.209s][info][gc,heap        ] GC(696) Survivor regions: 111->111(153)
[3258.209s][info][gc,heap        ] GC(696) Old regions: 536->472
[3258.209s][info][gc,heap        ] GC(696) Humongous regions: 80->80
[3258.209s][info][gc,metaspace   ] GC(696) Metaspace: 28908K(29312K)->28908K(29312K) NonClass: 24039K(24256K)->24039K(24256K) Class: 4868K(5056K)->4868K(5056K)
[3258.209s][info][gc             ] GC(696) Pause Young (Mixed) (G1 Evacuation Pause) 3666M->1323M(4096M) 132.813ms
[3258.209s][info][gc,cpu         ] GC(696) User=0.78s Sys=0.00s Real=0.13s
....[3261.335s][info][gc,start       ] GC(697) Pause Young (Concurrent Start) (G1 Evacuation Pause)
[3261.335s][info][gc,task        ] GC(697) Using 6 workers of 6 for evacuation
[3261.452s][info][gc,phases      ] GC(697)   Pre Evacuate Collection Set: 0.38ms
[3261.452s][info][gc,phases      ] GC(697)   Merge Heap Roots: 0.48ms
[3261.452s][info][gc,phases      ] GC(697)   Evacuate Collection Set: 115.25ms
[3261.452s][info][gc,phases      ] GC(697)   Post Evacuate Collection Set: 0.87ms
[3261.452s][info][gc,phases      ] GC(697)   Other: 0.11ms
[3261.452s][info][gc,heap        ] GC(697) Eden regions: 1117->0(1118)
[3261.452s][info][gc,heap        ] GC(697) Survivor regions: 111->110(154)
[3261.452s][info][gc,heap        ] GC(697) Old regions: 472->504
[3261.452s][info][gc,heap        ] GC(697) Humongous regions: 80->80
[3261.452s][info][gc,metaspace   ] GC(697) Metaspace: 28908K(29312K)->28908K(29312K) NonClass: 24039K(24256K)->24039K(24256K) Class: 4868K(5056K)->4868K(5056K)
[3261.452s][info][gc             ] GC(697) Pause Young (Concurrent Start) (G1 Evacuation Pause) 3557M->1386M(4096M) 117.234ms
[3261.453s][info][gc             ] GC(698) Concurrent Mark Cycle
[3261.453s][info][gc,marking     ] GC(698) Concurrent Scan Root Regions
[3261.453s][info][gc,cpu         ] GC(697) User=0.70s Sys=0.00s Real=0.11s
[3261.586s][info][gc,marking     ] GC(698) Concurrent Scan Root Regions 133.666ms
[3261.586s][info][gc,marking     ] GC(698) Concurrent Mark
[3261.586s][info][gc,marking     ] GC(698) Concurrent Mark From Roots
[3261.586s][info][gc,task        ] GC(698) Using 2 workers of 2 for marking
.[3262.278s][info][gc,marking     ] GC(698) Concurrent Mark From Roots 691.971ms
[3262.278s][info][gc,marking     ] GC(698) Concurrent Preclean
[3262.278s][info][gc,marking     ] GC(698) Concurrent Preclean 0.151ms
[3262.279s][info][gc,start       ] GC(698) Pause Remark
[3262.283s][info][gc             ] GC(698) Pause Remark 2003M->2003M(4096M) 4.748ms
[3262.283s][info][gc,cpu         ] GC(698) User=0.03s Sys=0.00s Real=0.01s
[3262.283s][info][gc,marking     ] GC(698) Concurrent Mark 697.167ms
[3262.283s][info][gc,marking     ] GC(698) Concurrent Rebuild Remembered Sets and Scrub Regions
[3262.525s][info][gc,marking     ] GC(698) Concurrent Rebuild Remembered Sets and Scrub Regions 241.222ms
[3262.525s][info][gc,start       ] GC(698) Pause Cleanup
[3262.525s][info][gc             ] GC(698) Pause Cleanup 2152M->2152M(4096M) 0.134ms
[3262.525s][info][gc,cpu         ] GC(698) User=0.00s Sys=0.00s Real=0.00s
[3262.525s][info][gc,marking     ] GC(698) Concurrent Clear Claimed Marks
[3262.525s][info][gc,marking     ] GC(698) Concurrent Clear Claimed Marks 0.036ms
[3262.525s][info][gc,marking     ] GC(698) Concurrent Cleanup for Next Mark
[3262.530s][info][gc,marking     ] GC(698) Concurrent Cleanup for Next Mark 4.697ms
[3262.530s][info][gc             ] GC(698) Concurrent Mark Cycle 1077.429ms
..[3264.666s][info][gc,start       ] GC(699) Pause Young (Prepare Mixed) (G1 Evacuation Pause)
[3264.666s][info][gc,task        ] GC(699) Using 6 workers of 6 for evacuation
[3264.788s][info][gc,phases      ] GC(699)   Pre Evacuate Collection Set: 0.36ms
[3264.788s][info][gc,phases      ] GC(699)   Merge Heap Roots: 0.58ms
[3264.788s][info][gc,phases      ] GC(699)   Evacuate Collection Set: 119.83ms
[3264.788s][info][gc,phases      ] GC(699)   Post Evacuate Collection Set: 0.93ms
[3264.788s][info][gc,phases      ] GC(699)   Other: 0.09ms
[3264.788s][info][gc,heap        ] GC(699) Eden regions: 1118->0(1106)
[3264.788s][info][gc,heap        ] GC(699) Survivor regions: 110->111(154)
[3264.788s][info][gc,heap        ] GC(699) Old regions: 504->537
[3264.788s][info][gc,heap        ] GC(699) Humongous regions: 80->80
[3264.788s][info][gc,metaspace   ] GC(699) Metaspace: 28908K(29312K)->28908K(29312K) NonClass: 24039K(24256K)->24039K(24256K) Class: 4868K(5056K)->4868K(5056K)
[3264.788s][info][gc             ] GC(699) Pause Young (Prepare Mixed) (G1 Evacuation Pause) 3622M->1453M(4096M) 121.930ms
[3264.788s][info][gc,cpu         ] GC(699) User=0.72s Sys=0.00s Real=0.12s
...[3267.985s][info][gc,start       ] GC(700) Pause Young (Mixed) (G1 Evacuation Pause)
[3267.985s][info][gc,task        ] GC(700) Using 6 workers of 6 for evacuation
[3268.117s][info][gc,phases      ] GC(700)   Pre Evacuate Collection Set: 0.39ms
[3268.117s][info][gc,phases      ] GC(700)   Merge Heap Roots: 0.62ms
[3268.117s][info][gc,phases      ] GC(700)   Evacuate Collection Set: 129.31ms
[3268.117s][info][gc,phases      ] GC(700)   Post Evacuate Collection Set: 0.96ms
[3268.117s][info][gc,phases      ] GC(700)   Other: 0.10ms
[3268.117s][info][gc,heap        ] GC(700) Eden regions: 1106->0(1119)
[3268.117s][info][gc,heap        ] GC(700) Survivor regions: 111->109(153)
[3268.117s][info][gc,heap        ] GC(700) Old regions: 537->472
[3268.117s][info][gc,heap        ] GC(700) Humongous regions: 80->80
[3268.117s][info][gc,metaspace   ] GC(700) Metaspace: 28908K(29312K)->28908K(29312K) NonClass: 24039K(24256K)->24039K(24256K) Class: 4868K(5056K)->4868K(5056K)
[3268.117s][info][gc             ] GC(700) Pause Young (Mixed) (G1 Evacuation Pause) 3665M->1320M(4096M) 131.505ms
[3268.117s][info][gc,cpu         ] GC(700) User=0.78s Sys=0.00s Real=0.13s
....[3271.292s][info][gc,start       ] GC(701) Pause Young (Concurrent Start) (G1 Evacuation Pause)
[3271.292s][info][gc,task        ] GC(701) Using 6 workers of 6 for evacuation
[3271.412s][info][gc,phases      ] GC(701)   Pre Evacuate Collection Set: 0.40ms
[3271.412s][info][gc,phases      ] GC(701)   Merge Heap Roots: 0.49ms
[3271.412s][info][gc,phases      ] GC(701)   Evacuate Collection Set: 117.98ms
[3271.412s][info][gc,phases      ] GC(701)   Post Evacuate Collection Set: 0.94ms
[3271.412s][info][gc,phases      ] GC(701)   Other: 0.11ms
[3271.412s][info][gc,heap        ] GC(701) Eden regions: 1119->0(1117)
[3271.412s][info][gc,heap        ] GC(701) Survivor regions: 109->111(154)
[3271.412s][info][gc,heap        ] GC(701) Old regions: 472->503
[3271.412s][info][gc,heap        ] GC(701) Humongous regions: 80->80
[3271.412s][info][gc,metaspace   ] GC(701) Metaspace: 28908K(29312K)->28908K(29312K) NonClass: 24039K(24256K)->24039K(24256K) Class: 4868K(5056K)->4868K(5056K)
[3271.412s][info][gc             ] GC(701) Pause Young (Concurrent Start) (G1 Evacuation Pause) 3558M->1386M(4096M) 120.054ms
[3271.412s][info][gc             ] GC(702) Concurrent Mark Cycle
[3271.412s][info][gc,marking     ] GC(702) Concurrent Scan Root Regions
[3271.412s][info][gc,cpu         ] GC(701) User=0.71s Sys=0.00s Real=0.12s
[3271.549s][info][gc,marking     ] GC(702) Concurrent Scan Root Regions 137.565ms
[3271.549s][info][gc,marking     ] GC(702) Concurrent Mark
[3271.549s][info][gc,marking     ] GC(702) Concurrent Mark From Roots
[3271.549s][info][gc,task        ] GC(702) Using 2 workers of 2 for marking
[3272.227s][info][gc,marking     ] GC(702) Concurrent Mark From Roots 677.570ms
[3272.227s][info][gc,marking     ] GC(702) Concurrent Preclean
[3272.227s][info][gc,marking     ] GC(702) Concurrent Preclean 0.154ms
[3272.228s][info][gc,start       ] GC(702) Pause Remark
[3272.233s][info][gc             ] GC(702) Pause Remark 1972M->1972M(4096M) 5.217ms
[3272.233s][info][gc,cpu         ] GC(702) User=0.03s Sys=0.00s Real=0.00s
[3272.234s][info][gc,marking     ] GC(702) Concurrent Mark 684.859ms
[3272.234s][info][gc,marking     ] GC(702) Concurrent Rebuild Remembered Sets and Scrub Regions
.[3272.561s][info][gc,marking     ] GC(702) Concurrent Rebuild Remembered Sets and Scrub Regions 326.748ms
[3272.561s][info][gc,start       ] GC(702) Pause Cleanup
[3272.561s][info][gc             ] GC(702) Pause Cleanup 2230M->2230M(4096M) 0.132ms
[3272.561s][info][gc,cpu         ] GC(702) User=0.00s Sys=0.00s Real=0.00s
[3272.561s][info][gc,marking     ] GC(702) Concurrent Clear Claimed Marks
[3272.561s][info][gc,marking     ] GC(702) Concurrent Clear Claimed Marks 0.035ms
[3272.561s][info][gc,marking     ] GC(702) Concurrent Cleanup for Next Mark
[3272.567s][info][gc,marking     ] GC(702) Concurrent Cleanup for Next Mark 5.216ms
[3272.567s][info][gc             ] GC(702) Concurrent Mark Cycle 1155.118ms
..[3274.634s][info][gc,start       ] GC(703) Pause Young (Prepare Mixed) (G1 Evacuation Pause)
[3274.634s][info][gc,task        ] GC(703) Using 6 workers of 6 for evacuation
[3274.749s][info][gc,phases      ] GC(703)   Pre Evacuate Collection Set: 0.34ms
[3274.749s][info][gc,phases      ] GC(703)   Merge Heap Roots: 0.55ms
[3274.749s][info][gc,phases      ] GC(703)   Evacuate Collection Set: 113.49ms
[3274.749s][info][gc,phases      ] GC(703)   Post Evacuate Collection Set: 0.96ms
[3274.749s][info][gc,phases      ] GC(703)   Other: 0.09ms
[3274.749s][info][gc,heap        ] GC(703) Eden regions: 1117->0(1114)
[3274.749s][info][gc,heap        ] GC(703) Survivor regions: 111->108(154)
[3274.749s][info][gc,heap        ] GC(703) Old regions: 503->535
[3274.749s][info][gc,heap        ] GC(703) Humongous regions: 80->80
[3274.749s][info][gc,metaspace   ] GC(703) Metaspace: 28908K(29312K)->28908K(29312K) NonClass: 24039K(24256K)->24039K(24256K) Class: 4868K(5056K)->4868K(5056K)
[3274.749s][info][gc             ] GC(703) Pause Young (Prepare Mixed) (G1 Evacuation Pause) 3620M->1444M(4096M) 115.565ms
[3274.749s][info][gc,cpu         ] GC(703) User=0.68s Sys=0.00s Real=0.11s
...[3278.012s][info][gc,start       ] GC(704) Pause Young (Mixed) (G1 Evacuation Pause)
[3278.012s][info][gc,task        ] GC(704) Using 6 workers of 6 for evacuation
[3278.147s][info][gc,phases      ] GC(704)   Pre Evacuate Collection Set: 0.37ms
[3278.147s][info][gc,phases      ] GC(704)   Merge Heap Roots: 0.76ms
[3278.147s][info][gc,phases      ] GC(704)   Evacuate Collection Set: 132.77ms
[3278.147s][info][gc,phases      ] GC(704)   Post Evacuate Collection Set: 0.95ms
[3278.147s][info][gc,phases      ] GC(704)   Other: 0.10ms
[3278.147s][info][gc,heap        ] GC(704) Eden regions: 1114->0(1118)
[3278.147s][info][gc,heap        ] GC(704) Survivor regions: 108->110(153)
[3278.147s][info][gc,heap        ] GC(704) Old regions: 535->472
[3278.147s][info][gc,heap        ] GC(704) Humongous regions: 80->80
[3278.147s][info][gc,metaspace   ] GC(704) Metaspace: 28908K(29312K)->28908K(29312K) NonClass: 24039K(24256K)->24039K(24256K) Class: 4868K(5056K)->4868K(5056K)
[3278.147s][info][gc             ] GC(704) Pause Young (Mixed) (G1 Evacuation Pause) 3672M->1322M(4096M) 135.084ms
[3278.147s][info][gc,cpu         ] GC(704) User=0.80s Sys=0.00s Real=0.14s
....[3281.364s][info][gc,start       ] GC(705) Pause Young (Concurrent Start) (G1 Evacuation Pause)
[3281.364s][info][gc,task        ] GC(705) Using 6 workers of 6 for evacuation
[3281.481s][info][gc,phases      ] GC(705)   Pre Evacuate Collection Set: 0.38ms
[3281.481s][info][gc,phases      ] GC(705)   Merge Heap Roots: 0.45ms
[3281.481s][info][gc,phases      ] GC(705)   Evacuate Collection Set: 115.58ms
[3281.481s][info][gc,phases      ] GC(705)   Post Evacuate Collection Set: 0.88ms
[3281.481s][info][gc,phases      ] GC(705)   Other: 0.10ms
[3281.481s][info][gc,heap        ] GC(705) Eden regions: 1118->0(1118)
[3281.481s][info][gc,heap        ] GC(705) Survivor regions: 110->110(154)
[3281.481s][info][gc,heap        ] GC(705) Old regions: 472->504
[3281.481s][info][gc,heap        ] GC(705) Humongous regions: 80->80
[3281.481s][info][gc,metaspace   ] GC(705) Metaspace: 28908K(29312K)->28908K(29312K) NonClass: 24039K(24256K)->24039K(24256K) Class: 4868K(5056K)->4868K(5056K)
[3281.481s][info][gc             ] GC(705) Pause Young (Concurrent Start) (G1 Evacuation Pause) 3558M->1386M(4096M) 117.544ms
[3281.481s][info][gc             ] GC(706) Concurrent Mark Cycle
[3281.481s][info][gc,marking     ] GC(706) Concurrent Scan Root Regions
[3281.481s][info][gc,cpu         ] GC(705) User=0.70s Sys=0.00s Real=0.11s
[3281.639s][info][gc,marking     ] GC(706) Concurrent Scan Root Regions 157.557ms
[3281.639s][info][gc,marking     ] GC(706) Concurrent Mark
[3281.639s][info][gc,marking     ] GC(706) Concurrent Mark From Roots
[3281.639s][info][gc,task        ] GC(706) Using 2 workers of 2 for marking
.[3282.296s][info][gc,marking     ] GC(706) Concurrent Mark From Roots 657.174ms
[3282.296s][info][gc,marking     ] GC(706) Concurrent Preclean
[3282.296s][info][gc,marking     ] GC(706) Concurrent Preclean 0.109ms
[3282.298s][info][gc,start       ] GC(706) Pause Remark
[3282.303s][info][gc             ] GC(706) Pause Remark 1972M->1972M(4096M) 4.574ms
[3282.303s][info][gc,cpu         ] GC(706) User=0.03s Sys=0.00s Real=0.00s
[3282.303s][info][gc,marking     ] GC(706) Concurrent Mark 664.158ms
[3282.303s][info][gc,marking     ] GC(706) Concurrent Rebuild Remembered Sets and Scrub Regions
[3282.602s][info][gc,marking     ] GC(706) Concurrent Rebuild Remembered Sets and Scrub Regions 298.987ms
[3282.603s][info][gc,start       ] GC(706) Pause Cleanup
[3282.603s][info][gc             ] GC(706) Pause Cleanup 2204M->2204M(4096M) 0.123ms
[3282.603s][info][gc,cpu         ] GC(706) User=0.00s Sys=0.00s Real=0.00s
[3282.603s][info][gc,marking     ] GC(706) Concurrent Clear Claimed Marks
[3282.603s][info][gc,marking     ] GC(706) Concurrent Clear Claimed Marks 0.044ms
[3282.603s][info][gc,marking     ] GC(706) Concurrent Cleanup for Next Mark
[3282.607s][info][gc,marking     ] GC(706) Concurrent Cleanup for Next Mark 3.898ms
[3282.607s][info][gc             ] GC(706) Concurrent Mark Cycle 1125.753ms
..[3284.706s][info][gc,start       ] GC(707) Pause Young (Prepare Mixed) (G1 Evacuation Pause)
[3284.706s][info][gc,task        ] GC(707) Using 6 workers of 6 for evacuation
[3284.821s][info][gc,phases      ] GC(707)   Pre Evacuate Collection Set: 0.34ms
[3284.821s][info][gc,phases      ] GC(707)   Merge Heap Roots: 0.52ms
[3284.821s][info][gc,phases      ] GC(707)   Evacuate Collection Set: 113.45ms
[3284.821s][info][gc,phases      ] GC(707)   Post Evacuate Collection Set: 0.95ms
[3284.821s][info][gc,phases      ] GC(707)   Other: 0.08ms
[3284.821s][info][gc,heap        ] GC(707) Eden regions: 1118->0(1113)
[3284.821s][info][gc,heap        ] GC(707) Survivor regions: 110->108(154)
[3284.821s][info][gc,heap        ] GC(707) Old regions: 504->536
[3284.821s][info][gc,heap        ] GC(707) Humongous regions: 80->80
[3284.821s][info][gc,metaspace   ] GC(707) Metaspace: 28908K(29312K)->28908K(29312K) NonClass: 24039K(24256K)->24039K(24256K) Class: 4868K(5056K)->4868K(5056K)
[3284.821s][info][gc             ] GC(707) Pause Young (Prepare Mixed) (G1 Evacuation Pause) 3622M->1445M(4096M) 115.490ms
[3284.822s][info][gc,cpu         ] GC(707) User=0.69s Sys=0.00s Real=0.11s
...[3288.022s][info][gc,start       ] GC(708) Pause Young (Mixed) (G1 Evacuation Pause)
[3288.022s][info][gc,task        ] GC(708) Using 6 workers of 6 for evacuation
[3288.153s][info][gc,phases      ] GC(708)   Pre Evacuate Collection Set: 0.38ms
[3288.153s][info][gc,phases      ] GC(708)   Merge Heap Roots: 0.64ms
[3288.153s][info][gc,phases      ] GC(708)   Evacuate Collection Set: 129.02ms
[3288.153s][info][gc,phases      ] GC(708)   Post Evacuate Collection Set: 0.96ms
[3288.153s][info][gc,phases      ] GC(708)   Other: 0.09ms
[3288.153s][info][gc,heap        ] GC(708) Eden regions: 1113->0(1119)
[3288.153s][info][gc,heap        ] GC(708) Survivor regions: 108->109(153)
[3288.153s][info][gc,heap        ] GC(708) Old regions: 536->472
[3288.153s][info][gc,heap        ] GC(708) Humongous regions: 80->80
[3288.153s][info][gc,metaspace   ] GC(708) Metaspace: 28908K(29312K)->28908K(29312K) NonClass: 24039K(24256K)->24039K(24256K) Class: 4868K(5056K)->4868K(5056K)
[3288.153s][info][gc             ] GC(708) Pause Young (Mixed) (G1 Evacuation Pause) 3671M->1321M(4096M) 131.209ms
[3288.153s][info][gc,cpu         ] GC(708) User=0.77s Sys=0.01s Real=0.14s
....[3291.387s][info][gc,start       ] GC(709) Pause Young (Concurrent Start) (G1 Evacuation Pause)
[3291.387s][info][gc,task        ] GC(709) Using 6 workers of 6 for evacuation
[3291.509s][info][gc,phases      ] GC(709)   Pre Evacuate Collection Set: 0.41ms
[3291.509s][info][gc,phases      ] GC(709)   Merge Heap Roots: 0.71ms
[3291.509s][info][gc,phases      ] GC(709)   Evacuate Collection Set: 119.48ms
[3291.509s][info][gc,phases      ] GC(709)   Post Evacuate Collection Set: 0.89ms
[3291.509s][info][gc,phases      ] GC(709)   Other: 0.14ms
[3291.509s][info][gc,heap        ] GC(709) Eden regions: 1119->0(1116)
[3291.509s][info][gc,heap        ] GC(709) Survivor regions: 109->112(154)
[3291.509s][info][gc,heap        ] GC(709) Old regions: 472->504
[3291.509s][info][gc,heap        ] GC(709) Humongous regions: 80->80
[3291.509s][info][gc,metaspace   ] GC(709) Metaspace: 28908K(29312K)->28908K(29312K) NonClass: 24039K(24256K)->24039K(24256K) Class: 4868K(5056K)->4868K(5056K)
[3291.509s][info][gc             ] GC(709) Pause Young (Concurrent Start) (G1 Evacuation Pause) 3559M->1390M(4096M) 121.764ms
[3291.509s][info][gc             ] GC(710) Concurrent Mark Cycle
[3291.509s][info][gc,marking     ] GC(710) Concurrent Scan Root Regions
[3291.509s][info][gc,cpu         ] GC(709) User=0.72s Sys=0.00s Real=0.12s
[3291.682s][info][gc,marking     ] GC(710) Concurrent Scan Root Regions 173.592ms
[3291.682s][info][gc,marking     ] GC(710) Concurrent Mark
[3291.682s][info][gc,marking     ] GC(710) Concurrent Mark From Roots
[3291.682s][info][gc,task        ] GC(710) Using 2 workers of 2 for marking
.[3292.550s][info][gc,marking     ] GC(710) Concurrent Mark From Roots 867.214ms
[3292.550s][info][gc,marking     ] GC(710) Concurrent Preclean
[3292.550s][info][gc,marking     ] GC(710) Concurrent Preclean 0.093ms
[3292.550s][info][gc,start       ] GC(710) Pause Remark
[3292.555s][info][gc             ] GC(710) Pause Remark 2168M->2168M(4096M) 5.498ms
[3292.555s][info][gc,cpu         ] GC(710) User=0.03s Sys=0.00s Real=0.01s
[3292.556s][info][gc,marking     ] GC(710) Concurrent Mark 873.046ms
[3292.556s][info][gc,marking     ] GC(710) Concurrent Rebuild Remembered Sets and Scrub Regions
[3292.852s][info][gc,marking     ] GC(710) Concurrent Rebuild Remembered Sets and Scrub Regions 296.287ms
[3292.852s][info][gc,start       ] GC(710) Pause Cleanup
[3292.852s][info][gc             ] GC(710) Pause Cleanup 2384M->2384M(4096M) 0.119ms
[3292.852s][info][gc,cpu         ] GC(710) User=0.00s Sys=0.00s Real=0.00s
[3292.852s][info][gc,marking     ] GC(710) Concurrent Clear Claimed Marks
[3292.852s][info][gc,marking     ] GC(710) Concurrent Clear Claimed Marks 0.033ms
[3292.852s][info][gc,marking     ] GC(710) Concurrent Cleanup for Next Mark
[3292.857s][info][gc,marking     ] GC(710) Concurrent Cleanup for Next Mark 4.860ms
[3292.857s][info][gc             ] GC(710) Concurrent Mark Cycle 1348.455ms
.. (rIR:aIR:PR = 5673:5674:5674) (tPR = 84381) [OK] 
  3294s: Performance info:
         Transaction,    Success,    Partial,     Failed,   Receipts, AvgBarcode, 
             Overall,     341315,          0,          0,     324229,      59.47, 
         Response times:
             Request,    Success,    Partial,     Failed,   SkipFail,     Probes,    Samples,      min,      p50,      p90,      p95,      p99,      max, 
       TotalPurchase,     324227,          0,          0,          0,     316896,     345802,      300,     4800,    12400,    31000,    83000,   193000,
     InStorePurchase,     170644,          0,          0,          0,     167098,     182078,      300,     4600,    12100,    30000,    82000,   193000,
      OnlinePurchase,     119443,          0,          0,          0,     116430,     127178,      300,     5200,    13000,    33000,    86000,   193000,
        InstPurchase,      34140,          0,          0,          0,      33368,      36546,      400,     4700,    11800,    31000,    83000,   193000,
          AssocOfCat,        345,          0,          0,          0,        276,        380,    22000,    35000,    72000,    99000,   157900,   188000,
      AssocOfProduct,       3429,          0,          0,          0,       3184,       3659,      600,     5900,    14100,    39000,    85000,   176000,
      BusinessReport,        850,          0,          0,          0,        739,        908,    24000,    40000,    77000,   112000,   174000,   206000,
          CustBuyBeh,       3411,          0,          0,          0,       3206,       3696,      200,     4900,    11830,    30000,    81030,   193000,
       ProductReturn,       9051,          0,          0,          0,       8506,       9460,      200,     3100,     8900,    25000,    67390,   185000,

  3294s: (42%)   IR =   5812 [3294.791s][info][gc,start       ] GC(711) Pause Young (Prepare Mixed) (G1 Evacuation Pause)
[3294.791s][info][gc,task        ] GC(711) Using 6 workers of 6 for evacuation
[3294.914s][info][gc,phases      ] GC(711)   Pre Evacuate Collection Set: 0.36ms
[3294.914s][info][gc,phases      ] GC(711)   Merge Heap Roots: 0.55ms
[3294.914s][info][gc,phases      ] GC(711)   Evacuate Collection Set: 121.18ms
[3294.914s][info][gc,phases      ] GC(711)   Post Evacuate Collection Set: 0.94ms
[3294.914s][info][gc,phases      ] GC(711)   Other: 0.09ms
[3294.914s][info][gc,heap        ] GC(711) Eden regions: 1116->0(1103)
[3294.914s][info][gc,heap        ] GC(711) Survivor regions: 112->113(154)
[3294.914s][info][gc,heap        ] GC(711) Old regions: 504->536
[3294.914s][info][gc,heap        ] GC(711) Humongous regions: 80->80
[3294.914s][info][gc,metaspace   ] GC(711) Metaspace: 28908K(29312K)->28908K(29312K) NonClass: 24039K(24256K)->24039K(24256K) Class: 4868K(5056K)->4868K(5056K)
[3294.914s][info][gc             ] GC(711) Pause Young (Prepare Mixed) (G1 Evacuation Pause) 3622M->1456M(4096M) 123.263ms
[3294.914s][info][gc,cpu         ] GC(711) User=0.73s Sys=0.00s Real=0.13s
...[3297.971s][info][gc,start       ] GC(712) Pause Young (Mixed) (G1 Evacuation Pause)
[3297.971s][info][gc,task        ] GC(712) Using 6 workers of 6 for evacuation
[3298.105s][info][gc,phases      ] GC(712)   Pre Evacuate Collection Set: 0.38ms
[3298.105s][info][gc,phases      ] GC(712)   Merge Heap Roots: 0.74ms
[3298.105s][info][gc,phases      ] GC(712)   Evacuate Collection Set: 132.22ms
[3298.105s][info][gc,phases      ] GC(712)   Post Evacuate Collection Set: 0.98ms
[3298.105s][info][gc,phases      ] GC(712)   Other: 0.10ms
[3298.105s][info][gc,heap        ] GC(712) Eden regions: 1103->0(1118)
[3298.105s][info][gc,heap        ] GC(712) Survivor regions: 113->110(152)
[3298.105s][info][gc,heap        ] GC(712) Old regions: 536->471
[3298.105s][info][gc,heap        ] GC(712) Humongous regions: 80->80
[3298.105s][info][gc,metaspace   ] GC(712) Metaspace: 28908K(29312K)->28908K(29312K) NonClass: 24039K(24256K)->24039K(24256K) Class: 4868K(5056K)->4868K(5056K)
[3298.105s][info][gc             ] GC(712) Pause Young (Mixed) (G1 Evacuation Pause) 3662M->1320M(4096M) 134.551ms
[3298.106s][info][gc,cpu         ] GC(712) User=0.80s Sys=0.00s Real=0.14s
.|..[3301.211s][info][gc,start       ] GC(713) Pause Young (Concurrent Start) (G1 Evacuation Pause)
[3301.211s][info][gc,task        ] GC(713) Using 6 workers of 6 for evacuation
[3301.327s][info][gc,phases      ] GC(713)   Pre Evacuate Collection Set: 0.38ms
[3301.327s][info][gc,phases      ] GC(713)   Merge Heap Roots: 0.48ms
[3301.327s][info][gc,phases      ] GC(713)   Evacuate Collection Set: 114.40ms
[3301.327s][info][gc,phases      ] GC(713)   Post Evacuate Collection Set: 0.88ms
[3301.327s][info][gc,phases      ] GC(713)   Other: 0.11ms
[3301.327s][info][gc,heap        ] GC(713) Eden regions: 1118->0(1119)
[3301.327s][info][gc,heap        ] GC(713) Survivor regions: 110->109(154)
[3301.327s][info][gc,heap        ] GC(713) Old regions: 471->504
[3301.327s][info][gc,heap        ] GC(713) Humongous regions: 80->80
[3301.327s][info][gc,metaspace   ] GC(713) Metaspace: 28908K(29312K)->28908K(29312K) NonClass: 24039K(24256K)->24039K(24256K) Class: 4868K(5056K)->4868K(5056K)
[3301.327s][info][gc             ] GC(713) Pause Young (Concurrent Start) (G1 Evacuation Pause) 3556M->1385M(4096M) 116.383ms
[3301.327s][info][gc             ] GC(714) Concurrent Mark Cycle
[3301.327s][info][gc,marking     ] GC(714) Concurrent Scan Root Regions
[3301.327s][info][gc,cpu         ] GC(713) User=0.69s Sys=0.00s Real=0.12s
.[3301.500s][info][gc,marking     ] GC(714) Concurrent Scan Root Regions 172.880ms
[3301.500s][info][gc,marking     ] GC(714) Concurrent Mark
[3301.500s][info][gc,marking     ] GC(714) Concurrent Mark From Roots
[3301.500s][info][gc,task        ] GC(714) Using 2 workers of 2 for marking
.[3302.490s][info][gc,marking     ] GC(714) Concurrent Mark From Roots 989.359ms
[3302.490s][info][gc,marking     ] GC(714) Concurrent Preclean
[3302.490s][info][gc,marking     ] GC(714) Concurrent Preclean 0.135ms
[3302.490s][info][gc,start       ] GC(714) Pause Remark
[3302.496s][info][gc             ] GC(714) Pause Remark 2251M->2251M(4096M) 5.543ms
[3302.496s][info][gc,cpu         ] GC(714) User=0.03s Sys=0.00s Real=0.01s
[3302.496s][info][gc,marking     ] GC(714) Concurrent Mark 995.442ms
[3302.496s][info][gc,marking     ] GC(714) Concurrent Rebuild Remembered Sets and Scrub Regions
[3302.858s][info][gc,marking     ] GC(714) Concurrent Rebuild Remembered Sets and Scrub Regions 361.918ms
[3302.858s][info][gc,start       ] GC(714) Pause Cleanup
[3302.858s][info][gc             ] GC(714) Pause Cleanup 2511M->2511M(4096M) 0.124ms
[3302.858s][info][gc,cpu         ] GC(714) User=0.00s Sys=0.00s Real=0.00s
[3302.858s][info][gc,marking     ] GC(714) Concurrent Clear Claimed Marks
[3302.858s][info][gc,marking     ] GC(714) Concurrent Clear Claimed Marks 0.027ms
[3302.858s][info][gc,marking     ] GC(714) Concurrent Cleanup for Next Mark
[3302.862s][info][gc,marking     ] GC(714) Concurrent Cleanup for Next Mark 4.090ms
[3302.862s][info][gc             ] GC(714) Concurrent Mark Cycle 1534.870ms
..[3304.452s][info][gc,start       ] GC(715) Pause Young (Prepare Mixed) (G1 Evacuation Pause)
[3304.452s][info][gc,task        ] GC(715) Using 6 workers of 6 for evacuation
[3304.573s][info][gc,phases      ] GC(715)   Pre Evacuate Collection Set: 0.33ms
[3304.573s][info][gc,phases      ] GC(715)   Merge Heap Roots: 0.54ms
[3304.573s][info][gc,phases      ] GC(715)   Evacuate Collection Set: 118.47ms
[3304.573s][info][gc,phases      ] GC(715)   Post Evacuate Collection Set: 0.93ms
[3304.573s][info][gc,phases      ] GC(715)   Other: 0.08ms
[3304.573s][info][gc,heap        ] GC(715) Eden regions: 1119->0(1106)
[3304.573s][info][gc,heap        ] GC(715) Survivor regions: 109->112(154)
[3304.573s][info][gc,heap        ] GC(715) Old regions: 504->535
[3304.573s][info][gc,heap        ] GC(715) Humongous regions: 80->80
[3304.573s][info][gc,metaspace   ] GC(715) Metaspace: 28908K(29312K)->28908K(29312K) NonClass: 24039K(24256K)->24039K(24256K) Class: 4868K(5056K)->4868K(5056K)
[3304.573s][info][gc             ] GC(715) Pause Young (Prepare Mixed) (G1 Evacuation Pause) 3623M->1453M(4096M) 120.491ms
[3304.573s][info][gc,cpu         ] GC(715) User=0.72s Sys=0.00s Real=0.12s
...[3307.758s][info][gc,start       ] GC(716) Pause Young (Mixed) (G1 Evacuation Pause)
[3307.758s][info][gc,task        ] GC(716) Using 6 workers of 6 for evacuation
[3307.889s][info][gc,phases      ] GC(716)   Pre Evacuate Collection Set: 0.38ms
[3307.889s][info][gc,phases      ] GC(716)   Merge Heap Roots: 0.67ms
[3307.889s][info][gc,phases      ] GC(716)   Evacuate Collection Set: 128.98ms
[3307.889s][info][gc,phases      ] GC(716)   Post Evacuate Collection Set: 0.98ms
[3307.889s][info][gc,phases      ] GC(716)   Other: 0.09ms
[3307.889s][info][gc,heap        ] GC(716) Eden regions: 1106->0(1120)
[3307.889s][info][gc,heap        ] GC(716) Survivor regions: 112->108(153)
[3307.889s][info][gc,heap        ] GC(716) Old regions: 535->472
[3307.889s][info][gc,heap        ] GC(716) Humongous regions: 80->80
[3307.889s][info][gc,metaspace   ] GC(716) Metaspace: 28908K(29312K)->28908K(29312K) NonClass: 24039K(24256K)->24039K(24256K) Class: 4868K(5056K)->4868K(5056K)
[3307.889s][info][gc             ] GC(716) Pause Young (Mixed) (G1 Evacuation Pause) 3665M->1318M(4096M) 131.236ms
[3307.889s][info][gc,cpu         ] GC(716) User=0.77s Sys=0.00s Real=0.13s
...[3310.996s][info][gc,start       ] GC(717) Pause Young (Concurrent Start) (G1 Evacuation Pause)
[3310.996s][info][gc,task        ] GC(717) Using 6 workers of 6 for evacuation
[3311.113s][info][gc,phases      ] GC(717)   Pre Evacuate Collection Set: 0.39ms
[3311.113s][info][gc,phases      ] GC(717)   Merge Heap Roots: 0.55ms
[3311.114s][info][gc,phases      ] GC(717)   Evacuate Collection Set: 115.36ms
[3311.114s][info][gc,phases      ] GC(717)   Post Evacuate Collection Set: 0.90ms
[3311.114s][info][gc,phases      ] GC(717)   Other: 0.13ms
[3311.114s][info][gc,heap        ] GC(717) Eden regions: 1120->0(1119)
[3311.114s][info][gc,heap        ] GC(717) Survivor regions: 108->109(154)
[3311.114s][info][gc,heap        ] GC(717) Old regions: 472->504
[3311.114s][info][gc,heap        ] GC(717) Humongous regions: 80->80
[3311.114s][info][gc,metaspace   ] GC(717) Metaspace: 28908K(29312K)->28908K(29312K) NonClass: 24039K(24256K)->24039K(24256K) Class: 4868K(5056K)->4868K(5056K)
[3311.114s][info][gc             ] GC(717) Pause Young (Concurrent Start) (G1 Evacuation Pause) 3558M->1384M(4096M) 117.453ms
[3311.114s][info][gc             ] GC(718) Concurrent Mark Cycle
[3311.114s][info][gc,marking     ] GC(718) Concurrent Scan Root Regions
[3311.114s][info][gc,cpu         ] GC(717) User=0.69s Sys=0.00s Real=0.12s
[3311.286s][info][gc,marking     ] GC(718) Concurrent Scan Root Regions 172.474ms
[3311.286s][info][gc,marking     ] GC(718) Concurrent Mark
[3311.286s][info][gc,marking     ] GC(718) Concurrent Mark From Roots
[3311.286s][info][gc,task        ] GC(718) Using 2 workers of 2 for marking
.[3312.239s][info][gc,marking     ] GC(718) Concurrent Mark From Roots 952.651ms
[3312.239s][info][gc,marking     ] GC(718) Concurrent Preclean
[3312.239s][info][gc,marking     ] GC(718) Concurrent Preclean 0.078ms
[3312.239s][info][gc,start       ] GC(718) Pause Remark
[3312.245s][info][gc             ] GC(718) Pause Remark 2223M->2223M(4096M) 5.647ms
[3312.245s][info][gc,cpu         ] GC(718) User=0.04s Sys=0.00s Real=0.01s
[3312.245s][info][gc,marking     ] GC(718) Concurrent Mark 958.636ms
[3312.245s][info][gc,marking     ] GC(718) Concurrent Rebuild Remembered Sets and Scrub Regions
.[3312.647s][info][gc,marking     ] GC(718) Concurrent Rebuild Remembered Sets and Scrub Regions 401.800ms
[3312.647s][info][gc,start       ] GC(718) Pause Cleanup
[3312.647s][info][gc             ] GC(718) Pause Cleanup 2480M->2480M(4096M) 0.112ms
[3312.647s][info][gc,cpu         ] GC(718) User=0.00s Sys=0.00s Real=0.00s
[3312.648s][info][gc,marking     ] GC(718) Concurrent Clear Claimed Marks
[3312.648s][info][gc,marking     ] GC(718) Concurrent Clear Claimed Marks 0.042ms
[3312.648s][info][gc,marking     ] GC(718) Concurrent Cleanup for Next Mark
[3312.653s][info][gc,marking     ] GC(718) Concurrent Cleanup for Next Mark 5.072ms
[3312.653s][info][gc             ] GC(718) Concurrent Mark Cycle 1539.545ms
.[3314.268s][info][gc,start       ] GC(719) Pause Young (Prepare Mixed) (G1 Evacuation Pause)
[3314.268s][info][gc,task        ] GC(719) Using 6 workers of 6 for evacuation
[3314.385s][info][gc,phases      ] GC(719)   Pre Evacuate Collection Set: 0.35ms
[3314.385s][info][gc,phases      ] GC(719)   Merge Heap Roots: 0.52ms
[3314.385s][info][gc,phases      ] GC(719)   Evacuate Collection Set: 115.23ms
[3314.385s][info][gc,phases      ] GC(719)   Post Evacuate Collection Set: 0.96ms
[3314.385s][info][gc,phases      ] GC(719)   Other: 0.09ms
[3314.385s][info][gc,heap        ] GC(719) Eden regions: 1119->0(1109)
[3314.385s][info][gc,heap        ] GC(719) Survivor regions: 109->110(154)
[3314.385s][info][gc,heap        ] GC(719) Old regions: 504->536
[3314.385s][info][gc,heap        ] GC(719) Humongous regions: 80->80
[3314.385s][info][gc,metaspace   ] GC(719) Metaspace: 28908K(29312K)->28908K(29312K) NonClass: 24039K(24256K)->24039K(24256K) Class: 4868K(5056K)->4868K(5056K)
[3314.385s][info][gc             ] GC(719) Pause Young (Prepare Mixed) (G1 Evacuation Pause) 3622M->1450M(4096M) 117.277ms
[3314.385s][info][gc,cpu         ] GC(719) User=0.70s Sys=0.00s Real=0.12s
....[3317.509s][info][gc,start       ] GC(720) Pause Young (Mixed) (G1 Evacuation Pause)
[3317.509s][info][gc,task        ] GC(720) Using 6 workers of 6 for evacuation
[3317.644s][info][gc,phases      ] GC(720)   Pre Evacuate Collection Set: 0.35ms
[3317.644s][info][gc,phases      ] GC(720)   Merge Heap Roots: 0.71ms
[3317.644s][info][gc,phases      ] GC(720)   Evacuate Collection Set: 133.18ms
[3317.644s][info][gc,phases      ] GC(720)   Post Evacuate Collection Set: 0.95ms
[3317.644s][info][gc,phases      ] GC(720)   Other: 0.10ms
[3317.644s][info][gc,heap        ] GC(720) Eden regions: 1109->0(1118)
[3317.644s][info][gc,heap        ] GC(720) Survivor regions: 110->110(153)
[3317.644s][info][gc,heap        ] GC(720) Old regions: 536->472
[3317.644s][info][gc,heap        ] GC(720) Humongous regions: 80->80
[3317.644s][info][gc,metaspace   ] GC(720) Metaspace: 28908K(29312K)->28908K(29312K) NonClass: 24039K(24256K)->24039K(24256K) Class: 4868K(5056K)->4868K(5056K)
[3317.644s][info][gc             ] GC(720) Pause Young (Mixed) (G1 Evacuation Pause) 3668M->1322M(4096M) 135.424ms
[3317.644s][info][gc,cpu         ] GC(720) User=0.80s Sys=0.00s Real=0.14s
...[3320.826s][info][gc,start       ] GC(721) Pause Young (Concurrent Start) (G1 Evacuation Pause)
[3320.826s][info][gc,task        ] GC(721) Using 6 workers of 6 for evacuation
[3320.944s][info][gc,phases      ] GC(721)   Pre Evacuate Collection Set: 0.39ms
[3320.944s][info][gc,phases      ] GC(721)   Merge Heap Roots: 0.53ms
[3320.944s][info][gc,phases      ] GC(721)   Evacuate Collection Set: 115.99ms
[3320.944s][info][gc,phases      ] GC(721)   Post Evacuate Collection Set: 0.89ms
[3320.944s][info][gc,phases      ] GC(721)   Other: 0.09ms
[3320.944s][info][gc,heap        ] GC(721) Eden regions: 1118->0(1117)
[3320.944s][info][gc,heap        ] GC(721) Survivor regions: 110->111(154)
[3320.944s][info][gc,heap        ] GC(721) Old regions: 472->504
[3320.944s][info][gc,heap        ] GC(721) Humongous regions: 80->80
[3320.944s][info][gc,metaspace   ] GC(721) Metaspace: 28908K(29312K)->28908K(29312K) NonClass: 24039K(24256K)->24039K(24256K) Class: 4868K(5056K)->4868K(5056K)
[3320.944s][info][gc             ] GC(721) Pause Young (Concurrent Start) (G1 Evacuation Pause) 3558M->1388M(4096M) 118.032ms
[3320.944s][info][gc             ] GC(722) Concurrent Mark Cycle
[3320.944s][info][gc,marking     ] GC(722) Concurrent Scan Root Regions
[3320.944s][info][gc,cpu         ] GC(721) User=0.70s Sys=0.00s Real=0.12s
[3321.128s][info][gc,marking     ] GC(722) Concurrent Scan Root Regions 183.945ms
[3321.128s][info][gc,marking     ] GC(722) Concurrent Mark
[3321.128s][info][gc,marking     ] GC(722) Concurrent Mark From Roots
[3321.128s][info][gc,task        ] GC(722) Using 2 workers of 2 for marking
.[3322.001s][info][gc,marking     ] GC(722) Concurrent Mark From Roots 873.358ms
[3322.001s][info][gc,marking     ] GC(722) Concurrent Preclean
[3322.001s][info][gc,marking     ] GC(722) Concurrent Preclean 0.098ms
[3322.001s][info][gc,start       ] GC(722) Pause Remark
[3322.008s][info][gc             ] GC(722) Pause Remark 2222M->2222M(4096M) 6.214ms
[3322.008s][info][gc,cpu         ] GC(722) User=0.04s Sys=0.00s Real=0.01s
[3322.008s][info][gc,marking     ] GC(722) Concurrent Mark 879.961ms
[3322.008s][info][gc,marking     ] GC(722) Concurrent Rebuild Remembered Sets and Scrub Regions
[3322.258s][info][gc,marking     ] GC(722) Concurrent Rebuild Remembered Sets and Scrub Regions 249.896ms
[3322.258s][info][gc,start       ] GC(722) Pause Cleanup
[3322.258s][info][gc             ] GC(722) Pause Cleanup 2398M->2398M(4096M) 0.116ms
[3322.258s][info][gc,cpu         ] GC(722) User=0.00s Sys=0.00s Real=0.00s
[3322.258s][info][gc,marking     ] GC(722) Concurrent Clear Claimed Marks
[3322.258s][info][gc,marking     ] GC(722) Concurrent Clear Claimed Marks 0.023ms
[3322.258s][info][gc,marking     ] GC(722) Concurrent Cleanup for Next Mark
[3322.263s][info][gc,marking     ] GC(722) Concurrent Cleanup for Next Mark 4.430ms
[3322.263s][info][gc             ] GC(722) Concurrent Mark Cycle 1318.806ms
..[3324.062s][info][gc,start       ] GC(723) Pause Young (Prepare Mixed) (G1 Evacuation Pause)
[3324.062s][info][gc,task        ] GC(723) Using 6 workers of 6 for evacuation
[3324.184s][info][gc,phases      ] GC(723)   Pre Evacuate Collection Set: 0.35ms
[3324.184s][info][gc,phases      ] GC(723)   Merge Heap Roots: 0.58ms
[3324.184s][info][gc,phases      ] GC(723)   Evacuate Collection Set: 120.26ms
[3324.184s][info][gc,phases      ] GC(723)   Post Evacuate Collection Set: 0.99ms
[3324.184s][info][gc,phases      ] GC(723)   Other: 0.09ms
[3324.184s][info][gc,heap        ] GC(723) Eden regions: 1117->0(1103)
[3324.184s][info][gc,heap        ] GC(723) Survivor regions: 111->113(154)
[3324.184s][info][gc,heap        ] GC(723) Old regions: 504->536
[3324.184s][info][gc,heap        ] GC(723) Humongous regions: 80->80
[3324.184s][info][gc,metaspace   ] GC(723) Metaspace: 28908K(29312K)->28908K(29312K) NonClass: 24039K(24256K)->24039K(24256K) Class: 4868K(5056K)->4868K(5056K)
[3324.184s][info][gc             ] GC(723) Pause Young (Prepare Mixed) (G1 Evacuation Pause) 3622M->1455M(4096M) 122.400ms
[3324.184s][info][gc,cpu         ] GC(723) User=0.73s Sys=0.00s Real=0.13s
...[3327.310s][info][gc,start       ] GC(724) Pause Young (Mixed) (G1 Evacuation Pause)
[3327.310s][info][gc,task        ] GC(724) Using 6 workers of 6 for evacuation
[3327.446s][info][gc,phases      ] GC(724)   Pre Evacuate Collection Set: 0.38ms
[3327.446s][info][gc,phases      ] GC(724)   Merge Heap Roots: 0.77ms
[3327.446s][info][gc,phases      ] GC(724)   Evacuate Collection Set: 133.72ms
[3327.446s][info][gc,phases      ] GC(724)   Post Evacuate Collection Set: 0.97ms
[3327.446s][info][gc,phases      ] GC(724)   Other: 0.09ms
[3327.446s][info][gc,heap        ] GC(724) Eden regions: 1103->0(1118)
[3327.446s][info][gc,heap        ] GC(724) Survivor regions: 113->110(152)
[3327.446s][info][gc,heap        ] GC(724) Old regions: 536->474
[3327.446s][info][gc,heap        ] GC(724) Humongous regions: 80->80
[3327.446s][info][gc,metaspace   ] GC(724) Metaspace: 28908K(29312K)->28908K(29312K) NonClass: 24039K(24256K)->24039K(24256K) Class: 4868K(5056K)->4868K(5056K)
[3327.446s][info][gc             ] GC(724) Pause Young (Mixed) (G1 Evacuation Pause) 3661M->1327M(4096M) 136.068ms
[3327.447s][info][gc,cpu         ] GC(724) User=0.80s Sys=0.00s Real=0.14s
....[3330.539s][info][gc,start       ] GC(725) Pause Young (Concurrent Start) (G1 Evacuation Pause)
[3330.539s][info][gc,task        ] GC(725) Using 6 workers of 6 for evacuation
[3330.656s][info][gc,phases      ] GC(725)   Pre Evacuate Collection Set: 0.43ms
[3330.656s][info][gc,phases      ] GC(725)   Merge Heap Roots: 0.53ms
[3330.656s][info][gc,phases      ] GC(725)   Evacuate Collection Set: 114.42ms
[3330.656s][info][gc,phases      ] GC(725)   Post Evacuate Collection Set: 0.89ms
[3330.656s][info][gc,phases      ] GC(725)   Other: 0.14ms
[3330.656s][info][gc,heap        ] GC(725) Eden regions: 1118->0(1118)
[3330.656s][info][gc,heap        ] GC(725) Survivor regions: 110->110(154)
[3330.656s][info][gc,heap        ] GC(725) Old regions: 474->506
[3330.656s][info][gc,heap        ] GC(725) Humongous regions: 80->80
[3330.656s][info][gc,metaspace   ] GC(725) Metaspace: 28908K(29312K)->28908K(29312K) NonClass: 24039K(24256K)->24039K(24256K) Class: 4868K(5056K)->4868K(5056K)
[3330.656s][info][gc             ] GC(725) Pause Young (Concurrent Start) (G1 Evacuation Pause) 3563M->1389M(4096M) 116.575ms
[3330.656s][info][gc             ] GC(726) Concurrent Mark Cycle
[3330.656s][info][gc,marking     ] GC(726) Concurrent Scan Root Regions
[3330.656s][info][gc,cpu         ] GC(725) User=0.69s Sys=0.00s Real=0.12s
[3330.842s][info][gc,marking     ] GC(726) Concurrent Scan Root Regions 185.965ms
[3330.842s][info][gc,marking     ] GC(726) Concurrent Mark
[3330.842s][info][gc,marking     ] GC(726) Concurrent Mark From Roots
[3330.842s][info][gc,task        ] GC(726) Using 2 workers of 2 for marking
.[3331.681s][info][gc,marking     ] GC(726) Concurrent Mark From Roots 838.972ms
[3331.681s][info][gc,marking     ] GC(726) Concurrent Preclean
[3331.681s][info][gc,marking     ] GC(726) Concurrent Preclean 0.131ms
[3331.683s][info][gc,start       ] GC(726) Pause Remark
[3331.689s][info][gc             ] GC(726) Pause Remark 2173M->2173M(4096M) 5.878ms
[3331.689s][info][gc,cpu         ] GC(726) User=0.03s Sys=0.00s Real=0.01s
[3331.690s][info][gc,marking     ] GC(726) Concurrent Mark 847.831ms
[3331.690s][info][gc,marking     ] GC(726) Concurrent Rebuild Remembered Sets and Scrub Regions
[3331.999s][info][gc,marking     ] GC(726) Concurrent Rebuild Remembered Sets and Scrub Regions 309.011ms
[3331.999s][info][gc,start       ] GC(726) Pause Cleanup
[3331.999s][info][gc             ] GC(726) Pause Cleanup 2401M->2401M(4096M) 0.124ms
[3331.999s][info][gc,cpu         ] GC(726) User=0.00s Sys=0.00s Real=0.00s
[3331.999s][info][gc,marking     ] GC(726) Concurrent Clear Claimed Marks
[3331.999s][info][gc,marking     ] GC(726) Concurrent Clear Claimed Marks 0.030ms
[3331.999s][info][gc,marking     ] GC(726) Concurrent Cleanup for Next Mark
[3332.003s][info][gc,marking     ] GC(726) Concurrent Cleanup for Next Mark 3.749ms
[3332.003s][info][gc             ] GC(726) Concurrent Mark Cycle 1347.139ms
..[3333.773s][info][gc,start       ] GC(727) Pause Young (Prepare Mixed) (G1 Evacuation Pause)
[3333.773s][info][gc,task        ] GC(727) Using 6 workers of 6 for evacuation
[3333.888s][info][gc,phases      ] GC(727)   Pre Evacuate Collection Set: 0.40ms
[3333.888s][info][gc,phases      ] GC(727)   Merge Heap Roots: 0.52ms
[3333.888s][info][gc,phases      ] GC(727)   Evacuate Collection Set: 113.50ms
[3333.888s][info][gc,phases      ] GC(727)   Post Evacuate Collection Set: 0.93ms
[3333.888s][info][gc,phases      ] GC(727)   Other: 0.09ms
[3333.888s][info][gc,heap        ] GC(727) Eden regions: 1118->0(1114)
[3333.888s][info][gc,heap        ] GC(727) Survivor regions: 110->107(154)
[3333.888s][info][gc,heap        ] GC(727) Old regions: 506->537
[3333.888s][info][gc,heap        ] GC(727) Humongous regions: 80->80
[3333.888s][info][gc,metaspace   ] GC(727) Metaspace: 28908K(29312K)->28908K(29312K) NonClass: 24039K(24256K)->24039K(24256K) Class: 4868K(5056K)->4868K(5056K)
[3333.888s][info][gc             ] GC(727) Pause Young (Prepare Mixed) (G1 Evacuation Pause) 3625M->1447M(4096M) 115.564ms
[3333.888s][info][gc,cpu         ] GC(727) User=0.68s Sys=0.00s Real=0.12s
...[3337.076s][info][gc,start       ] GC(728) Pause Young (Mixed) (G1 Evacuation Pause)
[3337.076s][info][gc,task        ] GC(728) Using 6 workers of 6 for evacuation
[3337.209s][info][gc,phases      ] GC(728)   Pre Evacuate Collection Set: 0.38ms
[3337.209s][info][gc,phases      ] GC(728)   Merge Heap Roots: 0.66ms
[3337.209s][info][gc,phases      ] GC(728)   Evacuate Collection Set: 130.38ms
[3337.209s][info][gc,phases      ] GC(728)   Post Evacuate Collection Set: 0.95ms
[3337.209s][info][gc,phases      ] GC(728)   Other: 0.09ms
[3337.209s][info][gc,heap        ] GC(728) Eden regions: 1114->0(1118)
[3337.209s][info][gc,heap        ] GC(728) Survivor regions: 107->110(153)
[3337.209s][info][gc,heap        ] GC(728) Old regions: 537->473
[3337.209s][info][gc,heap        ] GC(728) Humongous regions: 80->80
[3337.209s][info][gc,metaspace   ] GC(728) Metaspace: 28908K(29312K)->28908K(29312K) NonClass: 24039K(24256K)->24039K(24256K) Class: 4868K(5056K)->4868K(5056K)
[3337.209s][info][gc             ] GC(728) Pause Young (Mixed) (G1 Evacuation Pause) 3675M->1325M(4096M) 132.601ms
[3337.209s][info][gc,cpu         ] GC(728) User=0.78s Sys=0.00s Real=0.13s
...[3340.274s][info][gc,start       ] GC(729) Pause Young (Concurrent Start) (G1 Evacuation Pause)
[3340.274s][info][gc,task        ] GC(729) Using 6 workers of 6 for evacuation
[3340.394s][info][gc,phases      ] GC(729)   Pre Evacuate Collection Set: 0.40ms
[3340.394s][info][gc,phases      ] GC(729)   Merge Heap Roots: 0.50ms
[3340.394s][info][gc,phases      ] GC(729)   Evacuate Collection Set: 117.79ms
[3340.394s][info][gc,phases      ] GC(729)   Post Evacuate Collection Set: 0.90ms
[3340.394s][info][gc,phases      ] GC(729)   Other: 0.13ms
[3340.394s][info][gc,heap        ] GC(729) Eden regions: 1118->0(1118)
[3340.394s][info][gc,heap        ] GC(729) Survivor regions: 110->110(154)
[3340.394s][info][gc,heap        ] GC(729) Old regions: 473->505
[3340.394s][info][gc,heap        ] GC(729) Humongous regions: 80->80
[3340.394s][info][gc,metaspace   ] GC(729) Metaspace: 28908K(29312K)->28908K(29312K) NonClass: 24039K(24256K)->24039K(24256K) Class: 4868K(5056K)->4868K(5056K)
[3340.394s][info][gc             ] GC(729) Pause Young (Concurrent Start) (G1 Evacuation Pause) 3561M->1389M(4096M) 119.862ms
[3340.394s][info][gc             ] GC(730) Concurrent Mark Cycle
[3340.394s][info][gc,marking     ] GC(730) Concurrent Scan Root Regions
[3340.394s][info][gc,cpu         ] GC(729) User=0.71s Sys=0.00s Real=0.12s
[3340.509s][info][gc,marking     ] GC(730) Concurrent Scan Root Regions 114.641ms
[3340.509s][info][gc,marking     ] GC(730) Concurrent Mark
[3340.509s][info][gc,marking     ] GC(730) Concurrent Mark From Roots
[3340.509s][info][gc,task        ] GC(730) Using 2 workers of 2 for marking
.[3341.073s][info][gc,marking     ] GC(730) Concurrent Mark From Roots 564.259ms
[3341.073s][info][gc,marking     ] GC(730) Concurrent Preclean
[3341.073s][info][gc,marking     ] GC(730) Concurrent Preclean 0.121ms
[3341.074s][info][gc,start       ] GC(730) Pause Remark
[3341.079s][info][gc             ] GC(730) Pause Remark 1877M->1877M(4096M) 4.389ms
[3341.079s][info][gc,cpu         ] GC(730) User=0.03s Sys=0.00s Real=0.00s
[3341.079s][info][gc,marking     ] GC(730) Concurrent Mark 570.350ms
[3341.079s][info][gc,marking     ] GC(730) Concurrent Rebuild Remembered Sets and Scrub Regions
[3341.289s][info][gc,marking     ] GC(730) Concurrent Rebuild Remembered Sets and Scrub Regions 209.571ms
[3341.289s][info][gc,start       ] GC(730) Pause Cleanup
[3341.289s][info][gc             ] GC(730) Pause Cleanup 2019M->2019M(4096M) 0.123ms
[3341.289s][info][gc,cpu         ] GC(730) User=0.00s Sys=0.00s Real=0.00s
[3341.289s][info][gc,marking     ] GC(730) Concurrent Clear Claimed Marks
[3341.289s][info][gc,marking     ] GC(730) Concurrent Clear Claimed Marks 0.029ms
[3341.289s][info][gc,marking     ] GC(730) Concurrent Cleanup for Next Mark
[3341.293s][info][gc,marking     ] GC(730) Concurrent Cleanup for Next Mark 3.781ms
[3341.293s][info][gc             ] GC(730) Concurrent Mark Cycle 898.839ms
...[3343.569s][info][gc,start       ] GC(731) Pause Young (Prepare Mixed) (G1 Evacuation Pause)
[3343.569s][info][gc,task        ] GC(731) Using 6 workers of 6 for evacuation
[3343.693s][info][gc,phases      ] GC(731)   Pre Evacuate Collection Set: 0.33ms
[3343.693s][info][gc,phases      ] GC(731)   Merge Heap Roots: 0.53ms
[3343.693s][info][gc,phases      ] GC(731)   Evacuate Collection Set: 122.21ms
[3343.693s][info][gc,phases      ] GC(731)   Post Evacuate Collection Set: 0.92ms
[3343.693s][info][gc,phases      ] GC(731)   Other: 0.09ms
[3343.693s][info][gc,heap        ] GC(731) Eden regions: 1118->0(1098)
[3343.693s][info][gc,heap        ] GC(731) Survivor regions: 110->115(154)
[3343.693s][info][gc,heap        ] GC(731) Old regions: 505->537
[3343.693s][info][gc,heap        ] GC(731) Humongous regions: 80->80
[3343.693s][info][gc,metaspace   ] GC(731) Metaspace: 28908K(29312K)->28908K(29312K) NonClass: 24039K(24256K)->24039K(24256K) Class: 4868K(5056K)->4868K(5056K)
[3343.693s][info][gc             ] GC(731) Pause Young (Prepare Mixed) (G1 Evacuation Pause) 3625M->1463M(4096M) 124.228ms
[3343.693s][info][gc,cpu         ] GC(731) User=0.74s Sys=0.01s Real=0.13s
...[3346.728s][info][gc,start       ] GC(732) Pause Young (Mixed) (G1 Evacuation Pause)
[3346.728s][info][gc,task        ] GC(732) Using 6 workers of 6 for evacuation
[3346.864s][info][gc,phases      ] GC(732)   Pre Evacuate Collection Set: 0.37ms
[3346.864s][info][gc,phases      ] GC(732)   Merge Heap Roots: 0.74ms
[3346.864s][info][gc,phases      ] GC(732)   Evacuate Collection Set: 133.79ms
[3346.864s][info][gc,phases      ] GC(732)   Post Evacuate Collection Set: 0.94ms
[3346.864s][info][gc,phases      ] GC(732)   Other: 0.08ms
[3346.864s][info][gc,heap        ] GC(732) Eden regions: 1098->0(1116)
[3346.864s][info][gc,heap        ] GC(732) Survivor regions: 115->112(152)
[3346.864s][info][gc,heap        ] GC(732) Old regions: 537->473
[3346.864s][info][gc,heap        ] GC(732) Humongous regions: 80->80
[3346.864s][info][gc,metaspace   ] GC(732) Metaspace: 28908K(29312K)->28908K(29312K) NonClass: 24039K(24256K)->24039K(24256K) Class: 4868K(5056K)->4868K(5056K)
[3346.864s][info][gc             ] GC(732) Pause Young (Mixed) (G1 Evacuation Pause) 3659M->1327M(4096M) 136.055ms
[3346.864s][info][gc,cpu         ] GC(732) User=0.81s Sys=0.00s Real=0.14s
...[3350.052s][info][gc,start       ] GC(733) Pause Young (Concurrent Start) (G1 Evacuation Pause)
[3350.052s][info][gc,task        ] GC(733) Using 6 workers of 6 for evacuation
[3350.169s][info][gc,phases      ] GC(733)   Pre Evacuate Collection Set: 0.35ms
[3350.170s][info][gc,phases      ] GC(733)   Merge Heap Roots: 0.48ms
[3350.170s][info][gc,phases      ] GC(733)   Evacuate Collection Set: 115.32ms
[3350.170s][info][gc,phases      ] GC(733)   Post Evacuate Collection Set: 0.90ms
[3350.170s][info][gc,phases      ] GC(733)   Other: 0.12ms
[3350.170s][info][gc,heap        ] GC(733) Eden regions: 1116->0(1120)
[3350.170s][info][gc,heap        ] GC(733) Survivor regions: 112->108(154)
[3350.170s][info][gc,heap        ] GC(733) Old regions: 473->506
[3350.170s][info][gc,heap        ] GC(733) Humongous regions: 80->80
[3350.170s][info][gc,metaspace   ] GC(733) Metaspace: 28908K(29312K)->28908K(29312K) NonClass: 24039K(24256K)->24039K(24256K) Class: 4868K(5056K)->4868K(5056K)
[3350.170s][info][gc             ] GC(733) Pause Young (Concurrent Start) (G1 Evacuation Pause) 3559M->1386M(4096M) 117.309ms
[3350.170s][info][gc             ] GC(734) Concurrent Mark Cycle
[3350.170s][info][gc,marking     ] GC(734) Concurrent Scan Root Regions
[3350.170s][info][gc,cpu         ] GC(733) User=0.69s Sys=0.00s Real=0.12s
[3350.283s][info][gc,marking     ] GC(734) Concurrent Scan Root Regions 113.434ms
[3350.283s][info][gc,marking     ] GC(734) Concurrent Mark
[3350.283s][info][gc,marking     ] GC(734) Concurrent Mark From Roots
[3350.283s][info][gc,task        ] GC(734) Using 2 workers of 2 for marking
.[3350.842s][info][gc,marking     ] GC(734) Concurrent Mark From Roots 558.591ms
[3350.842s][info][gc,marking     ] GC(734) Concurrent Preclean
[3350.842s][info][gc,marking     ] GC(734) Concurrent Preclean 0.099ms
[3350.844s][info][gc,start       ] GC(734) Pause Remark
[3350.848s][info][gc             ] GC(734) Pause Remark 1912M->1912M(4096M) 4.082ms
[3350.848s][info][gc,cpu         ] GC(734) User=0.02s Sys=0.00s Real=0.00s
[3350.848s][info][gc,marking     ] GC(734) Concurrent Mark 565.309ms
[3350.848s][info][gc,marking     ] GC(734) Concurrent Rebuild Remembered Sets and Scrub Regions
[3351.062s][info][gc,marking     ] GC(734) Concurrent Rebuild Remembered Sets and Scrub Regions 213.421ms
[3351.062s][info][gc,start       ] GC(734) Pause Cleanup
[3351.062s][info][gc             ] GC(734) Pause Cleanup 2065M->2065M(4096M) 0.127ms
[3351.062s][info][gc,cpu         ] GC(734) User=0.00s Sys=0.00s Real=0.00s
[3351.062s][info][gc,marking     ] GC(734) Concurrent Clear Claimed Marks
[3351.062s][info][gc,marking     ] GC(734) Concurrent Clear Claimed Marks 0.032ms
[3351.062s][info][gc,marking     ] GC(734) Concurrent Cleanup for Next Mark
[3351.068s][info][gc,marking     ] GC(734) Concurrent Cleanup for Next Mark 5.517ms
[3351.068s][info][gc             ] GC(734) Concurrent Mark Cycle 898.467ms
..[3353.390s][info][gc,start       ] GC(735) Pause Young (Prepare Mixed) (G1 Evacuation Pause)
[3353.390s][info][gc,task        ] GC(735) Using 6 workers of 6 for evacuation
[3353.507s][info][gc,phases      ] GC(735)   Pre Evacuate Collection Set: 0.36ms
[3353.507s][info][gc,phases      ] GC(735)   Merge Heap Roots: 0.55ms
[3353.507s][info][gc,phases      ] GC(735)   Evacuate Collection Set: 114.98ms
[3353.507s][info][gc,phases      ] GC(735)   Post Evacuate Collection Set: 0.93ms
[3353.507s][info][gc,phases      ] GC(735)   Other: 0.09ms
[3353.507s][info][gc,heap        ] GC(735) Eden regions: 1120->0(1106)
[3353.507s][info][gc,heap        ] GC(735) Survivor regions: 108->111(154)
[3353.507s][info][gc,heap        ] GC(735) Old regions: 506->537
[3353.507s][info][gc,heap        ] GC(735) Humongous regions: 80->80
[3353.507s][info][gc,metaspace   ] GC(735) Metaspace: 28908K(29312K)->28908K(29312K) NonClass: 24039K(24256K)->24039K(24256K) Class: 4868K(5056K)->4868K(5056K)
[3353.507s][info][gc             ] GC(735) Pause Young (Prepare Mixed) (G1 Evacuation Pause) 3626M->1453M(4096M) 117.051ms
[3353.507s][info][gc,cpu         ] GC(735) User=0.69s Sys=0.00s Real=0.12s
...[3356.556s][info][gc,start       ] GC(736) Pause Young (Mixed) (G1 Evacuation Pause)
[3356.556s][info][gc,task        ] GC(736) Using 6 workers of 6 for evacuation
[3356.692s][info][gc,phases      ] GC(736)   Pre Evacuate Collection Set: 0.40ms
[3356.692s][info][gc,phases      ] GC(736)   Merge Heap Roots: 0.74ms
[3356.692s][info][gc,phases      ] GC(736)   Evacuate Collection Set: 133.58ms
[3356.692s][info][gc,phases      ] GC(736)   Post Evacuate Collection Set: 0.95ms
[3356.692s][info][gc,phases      ] GC(736)   Other: 0.09ms
[3356.692s][info][gc,heap        ] GC(736) Eden regions: 1106->0(1117)
[3356.692s][info][gc,heap        ] GC(736) Survivor regions: 111->111(153)
[3356.692s][info][gc,heap        ] GC(736) Old regions: 537->473
[3356.692s][info][gc,heap        ] GC(736) Humongous regions: 80->80
[3356.692s][info][gc,metaspace   ] GC(736) Metaspace: 28908K(29312K)->28908K(29312K) NonClass: 24039K(24256K)->24039K(24256K) Class: 4868K(5056K)->4868K(5056K)
[3356.692s][info][gc             ] GC(736) Pause Young (Mixed) (G1 Evacuation Pause) 3665M->1326M(4096M) 135.920ms
[3356.692s][info][gc,cpu         ] GC(736) User=0.80s Sys=0.00s Real=0.13s
... (rIR:aIR:PR = 5812:5814:5814) (tPR = 86573) [OK] 
  3358s: Performance info:
         Transaction,    Success,    Partial,     Failed,   Receipts, AvgBarcode, 
             Overall,     350985,          0,          0,     333405,      59.47, 
         Response times:
             Request,    Success,    Partial,     Failed,   SkipFail,     Probes,    Samples,      min,      p50,      p90,      p95,      p99,      max, 
       TotalPurchase,     333405,          0,          0,          0,     326012,     350096,      300,     4900,    13200,    34000,    80000,   229000,
     InStorePurchase,     175488,          0,          0,          0,     171698,     183718,      300,     5000,    13400,    34000,    80000,   229000,
      OnlinePurchase,     122820,          0,          0,          0,     120309,     129357,      300,     4900,    12900,    35000,    80000,   210000,
        InstPurchase,      35097,          0,          0,          0,      34005,      37021,      400,     4600,    13000,    34000,    80000,   214000,
          AssocOfCat,        351,          0,          0,          0,        286,        387,    23000,    35000,    56600,    70000,   186240,   207000,
      AssocOfProduct,       3515,          0,          0,          0,       3213,       3627,      500,     2000,     8800,    17400,    62000,   210000,
      BusinessReport,        878,          0,          0,          0,        780,        944,    28000,    41000,    72000,   104250,   170850,   207000,
          CustBuyBeh,       3517,          0,          0,          0,       3299,       3774,      200,     5950,    17400,    45000,    82000,   145000,
       ProductReturn,       9319,          0,          0,          0,       8823,       9643,      200,     5400,    12700,    38000,    82000,   191000,

  3358s: (43%)   IR =   5950 .[3359.800s][info][gc,start       ] GC(737) Pause Young (Concurrent Start) (G1 Evacuation Pause)
[3359.800s][info][gc,task        ] GC(737) Using 6 workers of 6 for evacuation
[3359.918s][info][gc,phases      ] GC(737)   Pre Evacuate Collection Set: 0.34ms
[3359.918s][info][gc,phases      ] GC(737)   Merge Heap Roots: 0.52ms
[3359.918s][info][gc,phases      ] GC(737)   Evacuate Collection Set: 115.91ms
[3359.918s][info][gc,phases      ] GC(737)   Post Evacuate Collection Set: 0.95ms
[3359.918s][info][gc,phases      ] GC(737)   Other: 0.11ms
[3359.918s][info][gc,heap        ] GC(737) Eden regions: 1117->0(1120)
[3359.918s][info][gc,heap        ] GC(737) Survivor regions: 111->108(154)
[3359.918s][info][gc,heap        ] GC(737) Old regions: 473->506
[3359.918s][info][gc,heap        ] GC(737) Humongous regions: 80->80
[3359.918s][info][gc,metaspace   ] GC(737) Metaspace: 28908K(29312K)->28908K(29312K) NonClass: 24039K(24256K)->24039K(24256K) Class: 4868K(5056K)->4868K(5056K)
[3359.918s][info][gc             ] GC(737) Pause Young (Concurrent Start) (G1 Evacuation Pause) 3560M->1386M(4096M) 117.944ms
[3359.918s][info][gc             ] GC(738) Concurrent Mark Cycle
[3359.918s][info][gc,marking     ] GC(738) Concurrent Scan Root Regions
[3359.918s][info][gc,cpu         ] GC(737) User=0.70s Sys=0.00s Real=0.12s
[3360.058s][info][gc,marking     ] GC(738) Concurrent Scan Root Regions 139.186ms
[3360.058s][info][gc,marking     ] GC(738) Concurrent Mark
[3360.058s][info][gc,marking     ] GC(738) Concurrent Mark From Roots
[3360.058s][info][gc,task        ] GC(738) Using 2 workers of 2 for marking
.[3360.790s][info][gc,marking     ] GC(738) Concurrent Mark From Roots 732.480ms
[3360.790s][info][gc,marking     ] GC(738) Concurrent Preclean
[3360.790s][info][gc,marking     ] GC(738) Concurrent Preclean 0.165ms
[3360.790s][info][gc,start       ] GC(738) Pause Remark
[3360.795s][info][gc             ] GC(738) Pause Remark 2119M->2119M(4096M) 4.766ms
[3360.795s][info][gc,cpu         ] GC(738) User=0.03s Sys=0.00s Real=0.01s
[3360.796s][info][gc,marking     ] GC(738) Concurrent Mark 738.658ms
[3360.796s][info][gc,marking     ] GC(738) Concurrent Rebuild Remembered Sets and Scrub Regions
[3361.005s][info][gc,marking     ] GC(738) Concurrent Rebuild Remembered Sets and Scrub Regions 208.430ms
[3361.009s][info][gc,start       ] GC(738) Pause Cleanup
[3361.009s][info][gc             ] GC(738) Pause Cleanup 2260M->2260M(4096M) 0.131ms
[3361.009s][info][gc,cpu         ] GC(738) User=0.00s Sys=0.00s Real=0.00s
[3361.009s][info][gc,marking     ] GC(738) Concurrent Clear Claimed Marks
[3361.009s][info][gc,marking     ] GC(738) Concurrent Clear Claimed Marks 0.037ms
[3361.009s][info][gc,marking     ] GC(738) Concurrent Cleanup for Next Mark
[3361.014s][info][gc,marking     ] GC(738) Concurrent Cleanup for Next Mark 5.218ms
[3361.014s][info][gc             ] GC(738) Concurrent Mark Cycle 1095.868ms
..[3362.916s][info][gc,start       ] GC(739) Pause Young (Prepare Mixed) (G1 Evacuation Pause)
[3362.916s][info][gc,task        ] GC(739) Using 6 workers of 6 for evacuation
[3363.032s][info][gc,phases      ] GC(739)   Pre Evacuate Collection Set: 0.33ms
[3363.032s][info][gc,phases      ] GC(739)   Merge Heap Roots: 0.61ms
[3363.032s][info][gc,phases      ] GC(739)   Evacuate Collection Set: 114.47ms
[3363.032s][info][gc,phases      ] GC(739)   Post Evacuate Collection Set: 0.94ms
[3363.032s][info][gc,phases      ] GC(739)   Other: 0.08ms
[3363.032s][info][gc,heap        ] GC(739) Eden regions: 1120->0(1112)
[3363.032s][info][gc,heap        ] GC(739) Survivor regions: 108->108(154)
[3363.032s][info][gc,heap        ] GC(739) Old regions: 506->537
[3363.032s][info][gc,heap        ] GC(739) Humongous regions: 80->80
[3363.032s][info][gc,metaspace   ] GC(739) Metaspace: 28908K(29312K)->28908K(29312K) NonClass: 24039K(24256K)->24039K(24256K) Class: 4868K(5056K)->4868K(5056K)
[3363.032s][info][gc             ] GC(739) Pause Young (Prepare Mixed) (G1 Evacuation Pause) 3626M->1449M(4096M) 116.582ms
[3363.032s][info][gc,cpu         ] GC(739) User=0.70s Sys=0.00s Real=0.11s
.|..[3366.133s][info][gc,start       ] GC(740) Pause Young (Mixed) (G1 Evacuation Pause)
[3366.133s][info][gc,task        ] GC(740) Using 6 workers of 6 for evacuation
[3366.265s][info][gc,phases      ] GC(740)   Pre Evacuate Collection Set: 0.36ms
[3366.266s][info][gc,phases      ] GC(740)   Merge Heap Roots: 0.62ms
[3366.266s][info][gc,phases      ] GC(740)   Evacuate Collection Set: 130.70ms
[3366.266s][info][gc,phases      ] GC(740)   Post Evacuate Collection Set: 0.94ms
[3366.266s][info][gc,phases      ] GC(740)   Other: 0.08ms
[3366.266s][info][gc,heap        ] GC(740) Eden regions: 1112->0(1116)
[3366.266s][info][gc,heap        ] GC(740) Survivor regions: 108->112(153)
[3366.266s][info][gc,heap        ] GC(740) Old regions: 537->473
[3366.266s][info][gc,heap        ] GC(740) Humongous regions: 80->80
[3366.266s][info][gc,metaspace   ] GC(740) Metaspace: 28908K(29312K)->28908K(29312K) NonClass: 24039K(24256K)->24039K(24256K) Class: 4868K(5056K)->4868K(5056K)
[3366.266s][info][gc             ] GC(740) Pause Young (Mixed) (G1 Evacuation Pause) 3673M->1328M(4096M) 132.838ms
[3366.266s][info][gc,cpu         ] GC(740) User=0.79s Sys=0.00s Real=0.14s
...[3369.346s][info][gc,start       ] GC(741) Pause Young (Concurrent Start) (G1 Evacuation Pause)
[3369.346s][info][gc,task        ] GC(741) Using 6 workers of 6 for evacuation
[3369.465s][info][gc,phases      ] GC(741)   Pre Evacuate Collection Set: 0.34ms
[3369.465s][info][gc,phases      ] GC(741)   Merge Heap Roots: 0.46ms
[3369.465s][info][gc,phases      ] GC(741)   Evacuate Collection Set: 116.36ms
[3369.465s][info][gc,phases      ] GC(741)   Post Evacuate Collection Set: 0.90ms
[3369.465s][info][gc,phases      ] GC(741)   Other: 0.11ms
[3369.465s][info][gc,heap        ] GC(741) Eden regions: 1116->0(1116)
[3369.465s][info][gc,heap        ] GC(741) Survivor regions: 112->112(154)
[3369.465s][info][gc,heap        ] GC(741) Old regions: 473->505
[3369.465s][info][gc,heap        ] GC(741) Humongous regions: 80->80
[3369.465s][info][gc,metaspace   ] GC(741) Metaspace: 28908K(29312K)->28908K(29312K) NonClass: 24039K(24256K)->24039K(24256K) Class: 4868K(5056K)->4868K(5056K)
[3369.465s][info][gc             ] GC(741) Pause Young (Concurrent Start) (G1 Evacuation Pause) 3560M->1391M(4096M) 118.296ms
[3369.465s][info][gc             ] GC(742) Concurrent Mark Cycle
[3369.465s][info][gc,marking     ] GC(742) Concurrent Scan Root Regions
[3369.465s][info][gc,cpu         ] GC(741) User=0.70s Sys=0.01s Real=0.12s
[3369.634s][info][gc,marking     ] GC(742) Concurrent Scan Root Regions 169.294ms
[3369.634s][info][gc,marking     ] GC(742) Concurrent Mark
[3369.634s][info][gc,marking     ] GC(742) Concurrent Mark From Roots
[3369.634s][info][gc,task        ] GC(742) Using 2 workers of 2 for marking
.[3370.419s][info][gc,marking     ] GC(742) Concurrent Mark From Roots 784.974ms
[3370.419s][info][gc,marking     ] GC(742) Concurrent Preclean
[3370.419s][info][gc,marking     ] GC(742) Concurrent Preclean 0.147ms
[3370.420s][info][gc,start       ] GC(742) Pause Remark
[3370.425s][info][gc             ] GC(742) Pause Remark 2161M->2161M(4096M) 5.091ms
[3370.425s][info][gc,cpu         ] GC(742) User=0.02s Sys=0.00s Real=0.01s
[3370.426s][info][gc,marking     ] GC(742) Concurrent Mark 791.474ms
[3370.426s][info][gc,marking     ] GC(742) Concurrent Rebuild Remembered Sets and Scrub Regions
[3370.677s][info][gc,marking     ] GC(742) Concurrent Rebuild Remembered Sets and Scrub Regions 251.649ms
[3370.678s][info][gc,start       ] GC(742) Pause Cleanup
[3370.678s][info][gc             ] GC(742) Pause Cleanup 2341M->2341M(4096M) 0.123ms
[3370.678s][info][gc,cpu         ] GC(742) User=0.00s Sys=0.00s Real=0.00s
[3370.678s][info][gc,marking     ] GC(742) Concurrent Clear Claimed Marks
[3370.678s][info][gc,marking     ] GC(742) Concurrent Clear Claimed Marks 0.025ms
[3370.678s][info][gc,marking     ] GC(742) Concurrent Cleanup for Next Mark
[3370.683s][info][gc,marking     ] GC(742) Concurrent Cleanup for Next Mark 4.770ms
[3370.683s][info][gc             ] GC(742) Concurrent Mark Cycle 1217.910ms
..[3372.477s][info][gc,start       ] GC(743) Pause Young (Prepare Mixed) (G1 Evacuation Pause)
[3372.477s][info][gc,task        ] GC(743) Using 6 workers of 6 for evacuation
[3372.602s][info][gc,phases      ] GC(743)   Pre Evacuate Collection Set: 0.36ms
[3372.602s][info][gc,phases      ] GC(743)   Merge Heap Roots: 0.61ms
[3372.602s][info][gc,phases      ] GC(743)   Evacuate Collection Set: 122.84ms
[3372.602s][info][gc,phases      ] GC(743)   Post Evacuate Collection Set: 0.92ms
[3372.602s][info][gc,phases      ] GC(743)   Other: 0.10ms
[3372.602s][info][gc,heap        ] GC(743) Eden regions: 1116->0(1098)
[3372.602s][info][gc,heap        ] GC(743) Survivor regions: 112->115(154)
[3372.602s][info][gc,heap        ] GC(743) Old regions: 505->537
[3372.602s][info][gc,heap        ] GC(743) Humongous regions: 80->80
[3372.602s][info][gc,metaspace   ] GC(743) Metaspace: 28908K(29312K)->28908K(29312K) NonClass: 24039K(24256K)->24039K(24256K) Class: 4868K(5056K)->4868K(5056K)
[3372.602s][info][gc             ] GC(743) Pause Young (Prepare Mixed) (G1 Evacuation Pause) 3623M->1461M(4096M) 124.961ms
[3372.602s][info][gc,cpu         ] GC(743) User=0.74s Sys=0.00s Real=0.12s
...[3375.610s][info][gc,start       ] GC(744) Pause Young (Mixed) (G1 Evacuation Pause)
[3375.610s][info][gc,task        ] GC(744) Using 6 workers of 6 for evacuation
[3375.743s][info][gc,phases      ] GC(744)   Pre Evacuate Collection Set: 0.38ms
[3375.743s][info][gc,phases      ] GC(744)   Merge Heap Roots: 0.64ms
[3375.743s][info][gc,phases      ] GC(744)   Evacuate Collection Set: 130.45ms
[3375.743s][info][gc,phases      ] GC(744)   Post Evacuate Collection Set: 0.92ms
[3375.743s][info][gc,phases      ] GC(744)   Other: 0.08ms
[3375.743s][info][gc,heap        ] GC(744) Eden regions: 1098->0(1118)
[3375.743s][info][gc,heap        ] GC(744) Survivor regions: 115->110(152)
[3375.743s][info][gc,heap        ] GC(744) Old regions: 537->471
[3375.743s][info][gc,heap        ] GC(744) Humongous regions: 80->80
[3375.743s][info][gc,metaspace   ] GC(744) Metaspace: 28908K(29312K)->28908K(29312K) NonClass: 24039K(24256K)->24039K(24256K) Class: 4868K(5056K)->4868K(5056K)
[3375.743s][info][gc             ] GC(744) Pause Young (Mixed) (G1 Evacuation Pause) 3657M->1319M(4096M) 132.616ms
[3375.743s][info][gc,cpu         ] GC(744) User=0.79s Sys=0.00s Real=0.14s
...[3378.776s][info][gc,start       ] GC(745) Pause Young (Concurrent Start) (G1 Evacuation Pause)
[3378.776s][info][gc,task        ] GC(745) Using 6 workers of 6 for evacuation
[3378.898s][info][gc,phases      ] GC(745)   Pre Evacuate Collection Set: 0.39ms
[3378.898s][info][gc,phases      ] GC(745)   Merge Heap Roots: 0.55ms
[3378.898s][info][gc,phases      ] GC(745)   Evacuate Collection Set: 119.86ms
[3378.898s][info][gc,phases      ] GC(745)   Post Evacuate Collection Set: 0.89ms
[3378.898s][info][gc,phases      ] GC(745)   Other: 0.10ms
[3378.898s][info][gc,heap        ] GC(745) Eden regions: 1118->0(1116)
[3378.898s][info][gc,heap        ] GC(745) Survivor regions: 110->112(154)
[3378.898s][info][gc,heap        ] GC(745) Old regions: 471->503
[3378.898s][info][gc,heap        ] GC(745) Humongous regions: 80->80
[3378.898s][info][gc,metaspace   ] GC(745) Metaspace: 28908K(29312K)->28908K(29312K) NonClass: 24039K(24256K)->24039K(24256K) Class: 4868K(5056K)->4868K(5056K)
[3378.898s][info][gc             ] GC(745) Pause Young (Concurrent Start) (G1 Evacuation Pause) 3555M->1388M(4096M) 121.926ms
[3378.898s][info][gc             ] GC(746) Concurrent Mark Cycle
[3378.898s][info][gc,marking     ] GC(746) Concurrent Scan Root Regions
[3378.898s][info][gc,cpu         ] GC(745) User=0.72s Sys=0.00s Real=0.12s
.[3379.087s][info][gc,marking     ] GC(746) Concurrent Scan Root Regions 189.282ms
[3379.087s][info][gc,marking     ] GC(746) Concurrent Mark
[3379.087s][info][gc,marking     ] GC(746) Concurrent Mark From Roots
[3379.087s][info][gc,task        ] GC(746) Using 2 workers of 2 for marking
[3379.889s][info][gc,marking     ] GC(746) Concurrent Mark From Roots 802.375ms
[3379.890s][info][gc,marking     ] GC(746) Concurrent Preclean
[3379.890s][info][gc,marking     ] GC(746) Concurrent Preclean 0.100ms
[3379.890s][info][gc,start       ] GC(746) Pause Remark
[3379.895s][info][gc             ] GC(746) Pause Remark 2125M->2125M(4096M) 5.621ms
[3379.895s][info][gc,cpu         ] GC(746) User=0.03s Sys=0.00s Real=0.01s
[3379.895s][info][gc,marking     ] GC(746) Concurrent Mark 808.383ms
[3379.895s][info][gc,marking     ] GC(746) Concurrent Rebuild Remembered Sets and Scrub Regions
.[3380.199s][info][gc,marking     ] GC(746) Concurrent Rebuild Remembered Sets and Scrub Regions 303.123ms
[3380.199s][info][gc,start       ] GC(746) Pause Cleanup
[3380.199s][info][gc             ] GC(746) Pause Cleanup 2344M->2344M(4096M) 0.131ms
[3380.199s][info][gc,cpu         ] GC(746) User=0.00s Sys=0.00s Real=0.00s
[3380.200s][info][gc,marking     ] GC(746) Concurrent Clear Claimed Marks
[3380.200s][info][gc,marking     ] GC(746) Concurrent Clear Claimed Marks 0.045ms
[3380.200s][info][gc,marking     ] GC(746) Concurrent Cleanup for Next Mark
[3380.210s][info][gc,marking     ] GC(746) Concurrent Cleanup for Next Mark 10.134ms
[3380.210s][info][gc             ] GC(746) Concurrent Mark Cycle 1312.228ms
..[3382.029s][info][gc,start       ] GC(747) Pause Young (Prepare Mixed) (G1 Evacuation Pause)
[3382.029s][info][gc,task        ] GC(747) Using 6 workers of 6 for evacuation
[3382.146s][info][gc,phases      ] GC(747)   Pre Evacuate Collection Set: 0.34ms
[3382.146s][info][gc,phases      ] GC(747)   Merge Heap Roots: 0.55ms
[3382.146s][info][gc,phases      ] GC(747)   Evacuate Collection Set: 114.46ms
[3382.146s][info][gc,phases      ] GC(747)   Post Evacuate Collection Set: 0.94ms
[3382.146s][info][gc,phases      ] GC(747)   Other: 0.09ms
[3382.146s][info][gc,heap        ] GC(747) Eden regions: 1116->0(1112)
[3382.146s][info][gc,heap        ] GC(747) Survivor regions: 112->109(154)
[3382.146s][info][gc,heap        ] GC(747) Old regions: 503->535
[3382.146s][info][gc,heap        ] GC(747) Humongous regions: 80->80
[3382.146s][info][gc,metaspace   ] GC(747) Metaspace: 28908K(29312K)->28908K(29312K) NonClass: 24039K(24256K)->24039K(24256K) Class: 4868K(5056K)->4868K(5056K)
[3382.146s][info][gc             ] GC(747) Pause Young (Prepare Mixed) (G1 Evacuation Pause) 3620M->1447M(4096M) 116.522ms
[3382.146s][info][gc,cpu         ] GC(747) User=0.69s Sys=0.00s Real=0.12s
...[3385.205s][info][gc,start       ] GC(748) Pause Young (Mixed) (G1 Evacuation Pause)
[3385.205s][info][gc,task        ] GC(748) Using 6 workers of 6 for evacuation
[3385.340s][info][gc,phases      ] GC(748)   Pre Evacuate Collection Set: 0.40ms
[3385.340s][info][gc,phases      ] GC(748)   Merge Heap Roots: 0.70ms
[3385.340s][info][gc,phases      ] GC(748)   Evacuate Collection Set: 132.53ms
[3385.340s][info][gc,phases      ] GC(748)   Post Evacuate Collection Set: 0.93ms
[3385.340s][info][gc,phases      ] GC(748)   Other: 0.09ms
[3385.340s][info][gc,heap        ] GC(748) Eden regions: 1112->0(1117)
[3385.340s][info][gc,heap        ] GC(748) Survivor regions: 109->111(153)
[3385.340s][info][gc,heap        ] GC(748) Old regions: 535->472
[3385.340s][info][gc,heap        ] GC(748) Humongous regions: 80->80
[3385.340s][info][gc,metaspace   ] GC(748) Metaspace: 28908K(29312K)->28908K(29312K) NonClass: 24039K(24256K)->24039K(24256K) Class: 4868K(5056K)->4868K(5056K)
[3385.340s][info][gc             ] GC(748) Pause Young (Mixed) (G1 Evacuation Pause) 3671M->1324M(4096M) 134.785ms
[3385.340s][info][gc,cpu         ] GC(748) User=0.80s Sys=0.00s Real=0.13s
...[3388.386s][info][gc,start       ] GC(749) Pause Young (Concurrent Start) (G1 Evacuation Pause)
[3388.386s][info][gc,task        ] GC(749) Using 6 workers of 6 for evacuation
[3388.512s][info][gc,phases      ] GC(749)   Pre Evacuate Collection Set: 0.38ms
[3388.512s][info][gc,phases      ] GC(749)   Merge Heap Roots: 0.53ms
[3388.512s][info][gc,phases      ] GC(749)   Evacuate Collection Set: 123.91ms
[3388.512s][info][gc,phases      ] GC(749)   Post Evacuate Collection Set: 0.88ms
[3388.512s][info][gc,phases      ] GC(749)   Other: 0.12ms
[3388.512s][info][gc,heap        ] GC(749) Eden regions: 1117->0(1113)
[3388.512s][info][gc,heap        ] GC(749) Survivor regions: 111->115(154)
[3388.512s][info][gc,heap        ] GC(749) Old regions: 472->505
[3388.512s][info][gc,heap        ] GC(749) Humongous regions: 80->80
[3388.512s][info][gc,metaspace   ] GC(749) Metaspace: 28908K(29312K)->28908K(29312K) NonClass: 24039K(24256K)->24039K(24256K) Class: 4868K(5056K)->4868K(5056K)
[3388.512s][info][gc             ] GC(749) Pause Young (Concurrent Start) (G1 Evacuation Pause) 3558M->1397M(4096M) 125.956ms
[3388.512s][info][gc             ] GC(750) Concurrent Mark Cycle
[3388.512s][info][gc,marking     ] GC(750) Concurrent Scan Root Regions
[3388.512s][info][gc,cpu         ] GC(749) User=0.75s Sys=0.00s Real=0.12s
[3388.689s][info][gc,marking     ] GC(750) Concurrent Scan Root Regions 177.291ms
[3388.689s][info][gc,marking     ] GC(750) Concurrent Mark
[3388.689s][info][gc,marking     ] GC(750) Concurrent Mark From Roots
[3388.689s][info][gc,task        ] GC(750) Using 2 workers of 2 for marking
.[3389.583s][info][gc,marking     ] GC(750) Concurrent Mark From Roots 893.694ms
[3389.583s][info][gc,marking     ] GC(750) Concurrent Preclean
[3389.583s][info][gc,marking     ] GC(750) Concurrent Preclean 0.141ms
[3389.584s][info][gc,start       ] GC(750) Pause Remark
[3389.591s][info][gc             ] GC(750) Pause Remark 2251M->2251M(4096M) 6.900ms
[3389.591s][info][gc,cpu         ] GC(750) User=0.04s Sys=0.00s Real=0.00s
[3389.591s][info][gc,marking     ] GC(750) Concurrent Mark 901.946ms
[3389.591s][info][gc,marking     ] GC(750) Concurrent Rebuild Remembered Sets and Scrub Regions
[3389.908s][info][gc,marking     ] GC(750) Concurrent Rebuild Remembered Sets and Scrub Regions 316.982ms
[3389.909s][info][gc,start       ] GC(750) Pause Cleanup
[3389.909s][info][gc             ] GC(750) Pause Cleanup 2491M->2491M(4096M) 0.134ms
[3389.909s][info][gc,cpu         ] GC(750) User=0.00s Sys=0.00s Real=0.00s
[3389.909s][info][gc,marking     ] GC(750) Concurrent Clear Claimed Marks
[3389.909s][info][gc,marking     ] GC(750) Concurrent Clear Claimed Marks 0.031ms
[3389.909s][info][gc,marking     ] GC(750) Concurrent Cleanup for Next Mark
[3389.912s][info][gc,marking     ] GC(750) Concurrent Cleanup for Next Mark 3.570ms
[3389.912s][info][gc             ] GC(750) Concurrent Mark Cycle 1400.384ms
..[3391.540s][info][gc,start       ] GC(751) Pause Young (Prepare Mixed) (G1 Evacuation Pause)
[3391.540s][info][gc,task        ] GC(751) Using 6 workers of 6 for evacuation
[3391.657s][info][gc,phases      ] GC(751)   Pre Evacuate Collection Set: 0.34ms
[3391.657s][info][gc,phases      ] GC(751)   Merge Heap Roots: 0.60ms
[3391.657s][info][gc,phases      ] GC(751)   Evacuate Collection Set: 115.64ms
[3391.657s][info][gc,phases      ] GC(751)   Post Evacuate Collection Set: 0.94ms
[3391.657s][info][gc,phases      ] GC(751)   Other: 0.09ms
[3391.657s][info][gc,heap        ] GC(751) Eden regions: 1113->0(1109)
[3391.657s][info][gc,heap        ] GC(751) Survivor regions: 115->110(154)
[3391.657s][info][gc,heap        ] GC(751) Old regions: 505->536
[3391.657s][info][gc,heap        ] GC(751) Humongous regions: 80->80
[3391.657s][info][gc,metaspace   ] GC(751) Metaspace: 28908K(29312K)->28908K(29312K) NonClass: 24039K(24256K)->24039K(24256K) Class: 4868K(5056K)->4868K(5056K)
[3391.657s][info][gc             ] GC(751) Pause Young (Prepare Mixed) (G1 Evacuation Pause) 3623M->1450M(4096M) 117.771ms
[3391.658s][info][gc,cpu         ] GC(751) User=0.70s Sys=0.00s Real=0.12s
...[3394.693s][info][gc,start       ] GC(752) Pause Young (Mixed) (G1 Evacuation Pause)
[3394.693s][info][gc,task        ] GC(752) Using 6 workers of 6 for evacuation
[3394.826s][info][gc,phases      ] GC(752)   Pre Evacuate Collection Set: 0.37ms
[3394.826s][info][gc,phases      ] GC(752)   Merge Heap Roots: 0.75ms
[3394.826s][info][gc,phases      ] GC(752)   Evacuate Collection Set: 131.20ms
[3394.826s][info][gc,phases      ] GC(752)   Post Evacuate Collection Set: 0.98ms
[3394.826s][info][gc,phases      ] GC(752)   Other: 0.09ms
[3394.826s][info][gc,heap        ] GC(752) Eden regions: 1109->0(1120)
[3394.826s][info][gc,heap        ] GC(752) Survivor regions: 110->108(153)
[3394.826s][info][gc,heap        ] GC(752) Old regions: 536->472
[3394.826s][info][gc,heap        ] GC(752) Humongous regions: 80->80
[3394.826s][info][gc,metaspace   ] GC(752) Metaspace: 28908K(29312K)->28908K(29312K) NonClass: 24039K(24256K)->24039K(24256K) Class: 4868K(5056K)->4868K(5056K)
[3394.826s][info][gc             ] GC(752) Pause Young (Mixed) (G1 Evacuation Pause) 3668M->1317M(4096M) 133.538ms
[3394.826s][info][gc,cpu         ] GC(752) User=0.79s Sys=0.01s Real=0.14s
...[3397.868s][info][gc,start       ] GC(753) Pause Young (Concurrent Start) (G1 Evacuation Pause)
[3397.868s][info][gc,task        ] GC(753) Using 6 workers of 6 for evacuation
[3397.985s][info][gc,phases      ] GC(753)   Pre Evacuate Collection Set: 0.40ms
[3397.986s][info][gc,phases      ] GC(753)   Merge Heap Roots: 0.53ms
[3397.986s][info][gc,phases      ] GC(753)   Evacuate Collection Set: 115.68ms
[3397.986s][info][gc,phases      ] GC(753)   Post Evacuate Collection Set: 0.90ms
[3397.986s][info][gc,phases      ] GC(753)   Other: 0.12ms
[3397.986s][info][gc,heap        ] GC(753) Eden regions: 1120->0(1120)
[3397.986s][info][gc,heap        ] GC(753) Survivor regions: 108->108(154)
[3397.986s][info][gc,heap        ] GC(753) Old regions: 472->504
[3397.986s][info][gc,heap        ] GC(753) Humongous regions: 80->80
[3397.986s][info][gc,metaspace   ] GC(753) Metaspace: 28908K(29312K)->28908K(29312K) NonClass: 24039K(24256K)->24039K(24256K) Class: 4868K(5056K)->4868K(5056K)
[3397.986s][info][gc             ] GC(753) Pause Young (Concurrent Start) (G1 Evacuation Pause) 3557M->1382M(4096M) 117.760ms
[3397.986s][info][gc             ] GC(754) Concurrent Mark Cycle
[3397.986s][info][gc,marking     ] GC(754) Concurrent Scan Root Regions
[3397.986s][info][gc,cpu         ] GC(753) User=0.70s Sys=0.00s Real=0.12s
.[3398.190s][info][gc,marking     ] GC(754) Concurrent Scan Root Regions 203.913ms
[3398.190s][info][gc,marking     ] GC(754) Concurrent Mark
[3398.190s][info][gc,marking     ] GC(754) Concurrent Mark From Roots
[3398.190s][info][gc,task        ] GC(754) Using 2 workers of 2 for marking
[3399.006s][info][gc,marking     ] GC(754) Concurrent Mark From Roots 816.638ms
[3399.006s][info][gc,marking     ] GC(754) Concurrent Preclean
[3399.006s][info][gc,marking     ] GC(754) Concurrent Preclean 0.082ms
[3399.006s][info][gc,start       ] GC(754) Pause Remark
[3399.012s][info][gc             ] GC(754) Pause Remark 2186M->2186M(4096M) 5.312ms
[3399.012s][info][gc,cpu         ] GC(754) User=0.03s Sys=0.00s Real=0.00s
[3399.012s][info][gc,marking     ] GC(754) Concurrent Mark 822.313ms
[3399.012s][info][gc,marking     ] GC(754) Concurrent Rebuild Remembered Sets and Scrub Regions
.[3399.304s][info][gc,marking     ] GC(754) Concurrent Rebuild Remembered Sets and Scrub Regions 292.164ms
[3399.304s][info][gc,start       ] GC(754) Pause Cleanup
[3399.304s][info][gc             ] GC(754) Pause Cleanup 2387M->2387M(4096M) 0.113ms
[3399.304s][info][gc,cpu         ] GC(754) User=0.00s Sys=0.00s Real=0.00s
[3399.305s][info][gc,marking     ] GC(754) Concurrent Clear Claimed Marks
[3399.305s][info][gc,marking     ] GC(754) Concurrent Clear Claimed Marks 0.036ms
[3399.305s][info][gc,marking     ] GC(754) Concurrent Cleanup for Next Mark
[3399.311s][info][gc,marking     ] GC(754) Concurrent Cleanup for Next Mark 5.970ms
[3399.311s][info][gc             ] GC(754) Concurrent Mark Cycle 1325.540ms
.[3401.063s][info][gc,start       ] GC(755) Pause Young (Prepare Mixed) (G1 Evacuation Pause)
[3401.063s][info][gc,task        ] GC(755) Using 6 workers of 6 for evacuation
[3401.187s][info][gc,phases      ] GC(755)   Pre Evacuate Collection Set: 0.36ms
[3401.187s][info][gc,phases      ] GC(755)   Merge Heap Roots: 0.54ms
[3401.187s][info][gc,phases      ] GC(755)   Evacuate Collection Set: 121.79ms
[3401.187s][info][gc,phases      ] GC(755)   Post Evacuate Collection Set: 0.92ms
[3401.187s][info][gc,phases      ] GC(755)   Other: 0.08ms
[3401.187s][info][gc,heap        ] GC(755) Eden regions: 1120->0(1100)
[3401.187s][info][gc,heap        ] GC(755) Survivor regions: 108->114(154)
[3401.187s][info][gc,heap        ] GC(755) Old regions: 504->537
[3401.187s][info][gc,heap        ] GC(755) Humongous regions: 80->80
[3401.187s][info][gc,metaspace   ] GC(755) Metaspace: 28908K(29312K)->28908K(29312K) NonClass: 24039K(24256K)->24039K(24256K) Class: 4868K(5056K)->4868K(5056K)
[3401.187s][info][gc             ] GC(755) Pause Young (Prepare Mixed) (G1 Evacuation Pause) 3622M->1460M(4096M) 123.822ms
[3401.187s][info][gc,cpu         ] GC(755) User=0.73s Sys=0.00s Real=0.12s
....[3404.244s][info][gc,start       ] GC(756) Pause Young (Mixed) (G1 Evacuation Pause)
[3404.244s][info][gc,task        ] GC(756) Using 6 workers of 6 for evacuation
[3404.379s][info][gc,phases      ] GC(756)   Pre Evacuate Collection Set: 0.39ms
[3404.379s][info][gc,phases      ] GC(756)   Merge Heap Roots: 0.69ms
[3404.379s][info][gc,phases      ] GC(756)   Evacuate Collection Set: 132.88ms
[3404.379s][info][gc,phases      ] GC(756)   Post Evacuate Collection Set: 0.93ms
[3404.379s][info][gc,phases      ] GC(756)   Other: 0.09ms
[3404.379s][info][gc,heap        ] GC(756) Eden regions: 1100->0(1115)
[3404.379s][info][gc,heap        ] GC(756) Survivor regions: 114->113(152)
[3404.379s][info][gc,heap        ] GC(756) Old regions: 537->474
[3404.379s][info][gc,heap        ] GC(756) Humongous regions: 80->80
[3404.379s][info][gc,metaspace   ] GC(756) Metaspace: 28908K(29312K)->28908K(29312K) NonClass: 24039K(24256K)->24039K(24256K) Class: 4868K(5056K)->4868K(5056K)
[3404.379s][info][gc             ] GC(756) Pause Young (Mixed) (G1 Evacuation Pause) 3660M->1332M(4096M) 135.113ms
[3404.379s][info][gc,cpu         ] GC(756) User=0.80s Sys=0.00s Real=0.13s
...[3407.397s][info][gc,start       ] GC(757) Pause Young (Concurrent Start) (G1 Evacuation Pause)
[3407.397s][info][gc,task        ] GC(757) Using 6 workers of 6 for evacuation
[3407.517s][info][gc,phases      ] GC(757)   Pre Evacuate Collection Set: 0.38ms
[3407.517s][info][gc,phases      ] GC(757)   Merge Heap Roots: 0.47ms
[3407.517s][info][gc,phases      ] GC(757)   Evacuate Collection Set: 118.58ms
[3407.517s][info][gc,phases      ] GC(757)   Post Evacuate Collection Set: 0.89ms
[3407.517s][info][gc,phases      ] GC(757)   Other: 0.10ms
[3407.517s][info][gc,heap        ] GC(757) Eden regions: 1115->0(1116)
[3407.517s][info][gc,heap        ] GC(757) Survivor regions: 113->112(154)
[3407.517s][info][gc,heap        ] GC(757) Old regions: 474->506
[3407.517s][info][gc,heap        ] GC(757) Humongous regions: 80->80
[3407.517s][info][gc,metaspace   ] GC(757) Metaspace: 28908K(29312K)->28908K(29312K) NonClass: 24039K(24256K)->24039K(24256K) Class: 4868K(5056K)->4868K(5056K)
[3407.517s][info][gc             ] GC(757) Pause Young (Concurrent Start) (G1 Evacuation Pause) 3562M->1395M(4096M) 120.576ms
[3407.517s][info][gc             ] GC(758) Concurrent Mark Cycle
[3407.517s][info][gc,marking     ] GC(758) Concurrent Scan Root Regions
[3407.517s][info][gc,cpu         ] GC(757) User=0.71s Sys=0.00s Real=0.12s
[3407.710s][info][gc,marking     ] GC(758) Concurrent Scan Root Regions 192.940ms
[3407.710s][info][gc,marking     ] GC(758) Concurrent Mark
[3407.710s][info][gc,marking     ] GC(758) Concurrent Mark From Roots
[3407.710s][info][gc,task        ] GC(758) Using 2 workers of 2 for marking
.[3408.543s][info][gc,marking     ] GC(758) Concurrent Mark From Roots 832.948ms
[3408.543s][info][gc,marking     ] GC(758) Concurrent Preclean
[3408.544s][info][gc,marking     ] GC(758) Concurrent Preclean 0.206ms
[3408.544s][info][gc,start       ] GC(758) Pause Remark
[3408.550s][info][gc             ] GC(758) Pause Remark 2153M->2153M(4096M) 5.837ms
[3408.550s][info][gc,cpu         ] GC(758) User=0.03s Sys=0.00s Real=0.00s
[3408.550s][info][gc,marking     ] GC(758) Concurrent Mark 839.313ms
[3408.550s][info][gc,marking     ] GC(758) Concurrent Rebuild Remembered Sets and Scrub Regions
[3408.884s][info][gc,marking     ] GC(758) Concurrent Rebuild Remembered Sets and Scrub Regions 334.383ms
[3408.884s][info][gc,start       ] GC(758) Pause Cleanup
[3408.884s][info][gc             ] GC(758) Pause Cleanup 2424M->2424M(4096M) 0.110ms
[3408.884s][info][gc,cpu         ] GC(758) User=0.00s Sys=0.00s Real=0.00s
[3408.885s][info][gc,marking     ] GC(758) Concurrent Clear Claimed Marks
[3408.885s][info][gc,marking     ] GC(758) Concurrent Clear Claimed Marks 0.030ms
[3408.885s][info][gc,marking     ] GC(758) Concurrent Cleanup for Next Mark
[3408.890s][info][gc,marking     ] GC(758) Concurrent Cleanup for Next Mark 5.523ms
[3408.890s][info][gc             ] GC(758) Concurrent Mark Cycle 1372.666ms
..[3410.592s][info][gc,start       ] GC(759) Pause Young (Prepare Mixed) (G1 Evacuation Pause)
[3410.592s][info][gc,task        ] GC(759) Using 6 workers of 6 for evacuation
[3410.712s][info][gc,phases      ] GC(759)   Pre Evacuate Collection Set: 0.31ms
[3410.712s][info][gc,phases      ] GC(759)   Merge Heap Roots: 0.49ms
[3410.712s][info][gc,phases      ] GC(759)   Evacuate Collection Set: 118.25ms
[3410.712s][info][gc,phases      ] GC(759)   Post Evacuate Collection Set: 0.92ms
[3410.712s][info][gc,phases      ] GC(759)   Other: 0.09ms
[3410.712s][info][gc,heap        ] GC(759) Eden regions: 1116->0(1101)
[3410.712s][info][gc,heap        ] GC(759) Survivor regions: 112->113(154)
[3410.712s][info][gc,heap        ] GC(759) Old regions: 506->538
[3410.712s][info][gc,heap        ] GC(759) Humongous regions: 80->80
[3410.712s][info][gc,metaspace   ] GC(759) Metaspace: 28908K(29312K)->28908K(29312K) NonClass: 24039K(24256K)->24039K(24256K) Class: 4868K(5056K)->4868K(5056K)
[3410.712s][info][gc             ] GC(759) Pause Young (Prepare Mixed) (G1 Evacuation Pause) 3627M->1460M(4096M) 120.205ms
[3410.712s][info][gc,cpu         ] GC(759) User=0.71s Sys=0.00s Real=0.12s
...[3413.681s][info][gc,start       ] GC(760) Pause Young (Mixed) (G1 Evacuation Pause)
[3413.682s][info][gc,task        ] GC(760) Using 6 workers of 6 for evacuation
[3413.817s][info][gc,phases      ] GC(760)   Pre Evacuate Collection Set: 0.41ms
[3413.817s][info][gc,phases      ] GC(760)   Merge Heap Roots: 0.73ms
[3413.817s][info][gc,phases      ] GC(760)   Evacuate Collection Set: 132.95ms
[3413.817s][info][gc,phases      ] GC(760)   Post Evacuate Collection Set: 0.97ms
[3413.817s][info][gc,phases      ] GC(760)   Other: 0.10ms
[3413.817s][info][gc,heap        ] GC(760) Eden regions: 1101->0(1119)
[3413.817s][info][gc,heap        ] GC(760) Survivor regions: 113->109(152)
[3413.817s][info][gc,heap        ] GC(760) Old regions: 538->473
[3413.817s][info][gc,heap        ] GC(760) Humongous regions: 80->80
[3413.817s][info][gc,metaspace   ] GC(760) Metaspace: 28908K(29312K)->28908K(29312K) NonClass: 24039K(24256K)->24039K(24256K) Class: 4868K(5056K)->4868K(5056K)
[3413.817s][info][gc             ] GC(760) Pause Young (Mixed) (G1 Evacuation Pause) 3662M->1322M(4096M) 135.281ms
[3413.817s][info][gc,cpu         ] GC(760) User=0.80s Sys=0.00s Real=0.14s
...[3416.933s][info][gc,start       ] GC(761) Pause Young (Concurrent Start) (G1 Evacuation Pause)
[3416.933s][info][gc,task        ] GC(761) Using 6 workers of 6 for evacuation
[3417.050s][info][gc,phases      ] GC(761)   Pre Evacuate Collection Set: 0.39ms
[3417.050s][info][gc,phases      ] GC(761)   Merge Heap Roots: 0.51ms
[3417.050s][info][gc,phases      ] GC(761)   Evacuate Collection Set: 115.72ms
[3417.050s][info][gc,phases      ] GC(761)   Post Evacuate Collection Set: 0.89ms
[3417.050s][info][gc,phases      ] GC(761)   Other: 0.09ms
[3417.050s][info][gc,heap        ] GC(761) Eden regions: 1119->0(1119)
[3417.050s][info][gc,heap        ] GC(761) Survivor regions: 109->109(154)
[3417.050s][info][gc,heap        ] GC(761) Old regions: 473->505
[3417.050s][info][gc,heap        ] GC(761) Humongous regions: 80->80
[3417.050s][info][gc,metaspace   ] GC(761) Metaspace: 28908K(29312K)->28908K(29312K) NonClass: 24039K(24256K)->24039K(24256K) Class: 4868K(5056K)->4868K(5056K)
[3417.050s][info][gc             ] GC(761) Pause Young (Concurrent Start) (G1 Evacuation Pause) 3560M->1387M(4096M) 117.739ms
[3417.051s][info][gc             ] GC(762) Concurrent Mark Cycle
[3417.051s][info][gc,marking     ] GC(762) Concurrent Scan Root Regions
[3417.051s][info][gc,cpu         ] GC(761) User=0.69s Sys=0.00s Real=0.12s
[3417.254s][info][gc,marking     ] GC(762) Concurrent Scan Root Regions 203.410ms
[3417.254s][info][gc,marking     ] GC(762) Concurrent Mark
[3417.254s][info][gc,marking     ] GC(762) Concurrent Mark From Roots
[3417.254s][info][gc,task        ] GC(762) Using 2 workers of 2 for marking
.[3418.103s][info][gc,marking     ] GC(762) Concurrent Mark From Roots 849.260ms
[3418.103s][info][gc,marking     ] GC(762) Concurrent Preclean
[3418.103s][info][gc,marking     ] GC(762) Concurrent Preclean 0.131ms
[3418.104s][info][gc,start       ] GC(762) Pause Remark
[3418.108s][info][gc             ] GC(762) Pause Remark 2221M->2221M(4096M) 3.841ms
[3418.108s][info][gc,cpu         ] GC(762) User=0.02s Sys=0.00s Real=0.00s
[3418.108s][info][gc,marking     ] GC(762) Concurrent Mark 853.728ms
[3418.108s][info][gc,marking     ] GC(762) Concurrent Rebuild Remembered Sets and Scrub Regions
[3418.437s][info][gc,marking     ] GC(762) Concurrent Rebuild Remembered Sets and Scrub Regions 328.944ms
[3418.437s][info][gc,start       ] GC(762) Pause Cleanup
[3418.438s][info][gc             ] GC(762) Pause Cleanup 2444M->2444M(4096M) 0.779ms
[3418.438s][info][gc,cpu         ] GC(762) User=0.00s Sys=0.00s Real=0.00s
[3418.438s][info][gc,marking     ] GC(762) Concurrent Clear Claimed Marks
[3418.438s][info][gc,marking     ] GC(762) Concurrent Clear Claimed Marks 0.028ms
[3418.438s][info][gc,marking     ] GC(762) Concurrent Cleanup for Next Mark
[3418.443s][info][gc,marking     ] GC(762) Concurrent Cleanup for Next Mark 5.057ms
[3418.443s][info][gc             ] GC(762) Concurrent Mark Cycle 1392.349ms
..[3420.148s][info][gc,start       ] GC(763) Pause Young (Prepare Mixed) (G1 Evacuation Pause)
[3420.148s][info][gc,task        ] GC(763) Using 6 workers of 6 for evacuation
[3420.267s][info][gc,phases      ] GC(763)   Pre Evacuate Collection Set: 0.36ms
[3420.267s][info][gc,phases      ] GC(763)   Merge Heap Roots: 0.56ms
[3420.267s][info][gc,phases      ] GC(763)   Evacuate Collection Set: 116.66ms
[3420.267s][info][gc,phases      ] GC(763)   Post Evacuate Collection Set: 0.91ms
[3420.267s][info][gc,phases      ] GC(763)   Other: 0.09ms
[3420.267s][info][gc,heap        ] GC(763) Eden regions: 1119->0(1106)
[3420.267s][info][gc,heap        ] GC(763) Survivor regions: 109->111(154)
[3420.267s][info][gc,heap        ] GC(763) Old regions: 505->537
[3420.267s][info][gc,heap        ] GC(763) Humongous regions: 80->80
[3420.267s][info][gc,metaspace   ] GC(763) Metaspace: 28908K(29312K)->28908K(29312K) NonClass: 24039K(24256K)->24039K(24256K) Class: 4868K(5056K)->4868K(5056K)
[3420.267s][info][gc             ] GC(763) Pause Young (Prepare Mixed) (G1 Evacuation Pause) 3625M->1454M(4096M) 118.714ms
[3420.267s][info][gc,cpu         ] GC(763) User=0.70s Sys=0.00s Real=0.12s
...[3423.280s][info][gc,start       ] GC(764) Pause Young (Mixed) (G1 Evacuation Pause)
[3423.280s][info][gc,task        ] GC(764) Using 6 workers of 6 for evacuation
[3423.411s][info][gc,phases      ] GC(764)   Pre Evacuate Collection Set: 0.41ms
[3423.411s][info][gc,phases      ] GC(764)   Merge Heap Roots: 0.68ms
[3423.411s][info][gc,phases      ] GC(764)   Evacuate Collection Set: 129.18ms
[3423.411s][info][gc,phases      ] GC(764)   Post Evacuate Collection Set: 0.92ms
[3423.411s][info][gc,phases      ] GC(764)   Other: 0.10ms
[3423.412s][info][gc,heap        ] GC(764) Eden regions: 1106->0(1118)
[3423.412s][info][gc,heap        ] GC(764) Survivor regions: 111->110(153)
[3423.412s][info][gc,heap        ] GC(764) Old regions: 537->472
[3423.412s][info][gc,heap        ] GC(764) Humongous regions: 80->80
[3423.412s][info][gc,metaspace   ] GC(764) Metaspace: 28908K(29312K)->28908K(29312K) NonClass: 24039K(24256K)->24039K(24256K) Class: 4868K(5056K)->4868K(5056K)
[3423.412s][info][gc             ] GC(764) Pause Young (Mixed) (G1 Evacuation Pause) 3666M->1322M(4096M) 131.423ms
[3423.412s][info][gc,cpu         ] GC(764) User=0.78s Sys=0.00s Real=0.13s
.. (rIR:aIR:PR = 5950:5948:5948) (tPR = 88040) [OK] 
  3424s: Performance info:
         Transaction,    Success,    Partial,     Failed,   Receipts, AvgBarcode, 
             Overall,     361248,          0,          0,     343177,      59.48, 
         Response times:
             Request,    Success,    Partial,     Failed,   SkipFail,     Probes,    Samples,      min,      p50,      p90,      p95,      p99,      max, 
       TotalPurchase,     343180,          0,          0,          0,     337393,     366789,      300,     5300,    21000,    58000,   126000,   282000,
     InStorePurchase,     180572,          0,          0,          0,     177607,     193081,      300,     5000,    19400,    57000,   126000,   282000,
      OnlinePurchase,     126461,          0,          0,          0,     124444,     134885,      300,     5600,    23000,    60000,   128000,   282000,
        InstPurchase,      36147,          0,          0,          0,      35342,      38823,      400,     5500,    20000,    57000,   125000,   282000,
          AssocOfCat,        364,          0,          0,          0,        287,        396,    23000,    35000,    67300,   115000,   194270,   254000,
      AssocOfProduct,       3614,          0,          0,          0,       3340,       3802,      400,     6400,    23000,    59000,   124000,   223000,
      BusinessReport,        902,          0,          0,          0,        777,        965,    26000,    41000,    77000,   135400,   199740,   272000,
          CustBuyBeh,       3616,          0,          0,          0,       3335,       3894,      300,     5000,    27000,    59000,   134000,   282000,
       ProductReturn,       9571,          0,          0,          0,       9206,      10196,      200,     4500,    19430,    55000,   128030,   239000,

  3424s: (44%)   IR =   6088 .[3426.392s][info][gc,start       ] GC(765) Pause Young (Concurrent Start) (G1 Evacuation Pause)
[3426.392s][info][gc,task        ] GC(765) Using 6 workers of 6 for evacuation
[3426.513s][info][gc,phases      ] GC(765)   Pre Evacuate Collection Set: 0.39ms
[3426.513s][info][gc,phases      ] GC(765)   Merge Heap Roots: 0.55ms
[3426.513s][info][gc,phases      ] GC(765)   Evacuate Collection Set: 118.60ms
[3426.513s][info][gc,phases      ] GC(765)   Post Evacuate Collection Set: 0.95ms
[3426.513s][info][gc,phases      ] GC(765)   Other: 0.12ms
[3426.513s][info][gc,heap        ] GC(765) Eden regions: 1118->0(1116)
[3426.513s][info][gc,heap        ] GC(765) Survivor regions: 110->112(154)
[3426.513s][info][gc,heap        ] GC(765) Old regions: 472->504
[3426.513s][info][gc,heap        ] GC(765) Humongous regions: 80->80
[3426.513s][info][gc,metaspace   ] GC(765) Metaspace: 28908K(29312K)->28908K(29312K) NonClass: 24039K(24256K)->24039K(24256K) Class: 4868K(5056K)->4868K(5056K)
[3426.513s][info][gc             ] GC(765) Pause Young (Concurrent Start) (G1 Evacuation Pause) 3558M->1391M(4096M) 120.746ms
[3426.513s][info][gc             ] GC(766) Concurrent Mark Cycle
[3426.513s][info][gc,marking     ] GC(766) Concurrent Scan Root Regions
[3426.513s][info][gc,cpu         ] GC(765) User=0.71s Sys=0.00s Real=0.13s
.[3426.653s][info][gc,marking     ] GC(766) Concurrent Scan Root Regions 139.444ms
[3426.653s][info][gc,marking     ] GC(766) Concurrent Mark
[3426.653s][info][gc,marking     ] GC(766) Concurrent Mark From Roots
[3426.653s][info][gc,task        ] GC(766) Using 2 workers of 2 for marking
[3427.324s][info][gc,marking     ] GC(766) Concurrent Mark From Roots 671.101ms
[3427.324s][info][gc,marking     ] GC(766) Concurrent Preclean
[3427.324s][info][gc,marking     ] GC(766) Concurrent Preclean 0.112ms
[3427.324s][info][gc,start       ] GC(766) Pause Remark
[3427.329s][info][gc             ] GC(766) Pause Remark 1964M->1964M(4096M) 4.602ms
[3427.329s][info][gc,cpu         ] GC(766) User=0.02s Sys=0.00s Real=0.00s
[3427.329s][info][gc,marking     ] GC(766) Concurrent Mark 676.464ms
[3427.329s][info][gc,marking     ] GC(766) Concurrent Rebuild Remembered Sets and Scrub Regions
[3427.625s][info][gc,marking     ] GC(766) Concurrent Rebuild Remembered Sets and Scrub Regions 295.747ms
[3427.628s][info][gc,start       ] GC(766) Pause Cleanup
[3427.628s][info][gc             ] GC(766) Pause Cleanup 2197M->2197M(4096M) 0.140ms
[3427.628s][info][gc,cpu         ] GC(766) User=0.00s Sys=0.00s Real=0.00s
[3427.628s][info][gc,marking     ] GC(766) Concurrent Clear Claimed Marks
[3427.628s][info][gc,marking     ] GC(766) Concurrent Clear Claimed Marks 0.024ms
[3427.628s][info][gc,marking     ] GC(766) Concurrent Cleanup for Next Mark
[3427.633s][info][gc,marking     ] GC(766) Concurrent Cleanup for Next Mark 5.255ms
[3427.633s][info][gc             ] GC(766) Concurrent Mark Cycle 1120.348ms
..[3429.541s][info][gc,start       ] GC(767) Pause Young (Prepare Mixed) (G1 Evacuation Pause)
[3429.541s][info][gc,task        ] GC(767) Using 6 workers of 6 for evacuation
[3429.659s][info][gc,phases      ] GC(767)   Pre Evacuate Collection Set: 0.36ms
[3429.660s][info][gc,phases      ] GC(767)   Merge Heap Roots: 0.51ms
[3429.660s][info][gc,phases      ] GC(767)   Evacuate Collection Set: 116.17ms
[3429.660s][info][gc,phases      ] GC(767)   Post Evacuate Collection Set: 0.93ms
[3429.660s][info][gc,phases      ] GC(767)   Other: 0.08ms
[3429.660s][info][gc,heap        ] GC(767) Eden regions: 1116->0(1107)
[3429.660s][info][gc,heap        ] GC(767) Survivor regions: 112->111(154)
[3429.660s][info][gc,heap        ] GC(767) Old regions: 504->536
[3429.660s][info][gc,heap        ] GC(767) Humongous regions: 80->80
[3429.660s][info][gc,metaspace   ] GC(767) Metaspace: 28908K(29312K)->28908K(29312K) NonClass: 24039K(24256K)->24039K(24256K) Class: 4868K(5056K)->4868K(5056K)
[3429.660s][info][gc             ] GC(767) Pause Young (Prepare Mixed) (G1 Evacuation Pause) 3623M->1451M(4096M) 118.177ms
[3429.660s][info][gc,cpu         ] GC(767) User=0.70s Sys=0.00s Real=0.12s
....|[3432.675s][info][gc,start       ] GC(768) Pause Young (Mixed) (G1 Evacuation Pause)
[3432.675s][info][gc,task        ] GC(768) Using 6 workers of 6 for evacuation
[3432.807s][info][gc,phases      ] GC(768)   Pre Evacuate Collection Set: 0.38ms
[3432.807s][info][gc,phases      ] GC(768)   Merge Heap Roots: 0.72ms
[3432.807s][info][gc,phases      ] GC(768)   Evacuate Collection Set: 130.31ms
[3432.807s][info][gc,phases      ] GC(768)   Post Evacuate Collection Set: 0.94ms
[3432.807s][info][gc,phases      ] GC(768)   Other: 0.09ms
[3432.807s][info][gc,heap        ] GC(768) Eden regions: 1107->0(1118)
[3432.807s][info][gc,heap        ] GC(768) Survivor regions: 111->110(153)
[3432.807s][info][gc,heap        ] GC(768) Old regions: 536->473
[3432.807s][info][gc,heap        ] GC(768) Humongous regions: 80->80
[3432.807s][info][gc,metaspace   ] GC(768) Metaspace: 28908K(29312K)->28908K(29312K) NonClass: 24039K(24256K)->24039K(24256K) Class: 4868K(5056K)->4868K(5056K)
[3432.807s][info][gc             ] GC(768) Pause Young (Mixed) (G1 Evacuation Pause) 3665M->1323M(4096M) 132.601ms
[3432.807s][info][gc,cpu         ] GC(768) User=0.79s Sys=0.00s Real=0.13s
...[3435.752s][info][gc,start       ] GC(769) Pause Young (Concurrent Start) (G1 Evacuation Pause)
[3435.752s][info][gc,task        ] GC(769) Using 6 workers of 6 for evacuation
[3435.867s][info][gc,phases      ] GC(769)   Pre Evacuate Collection Set: 0.42ms
[3435.867s][info][gc,phases      ] GC(769)   Merge Heap Roots: 0.45ms
[3435.867s][info][gc,phases      ] GC(769)   Evacuate Collection Set: 113.02ms
[3435.867s][info][gc,phases      ] GC(769)   Post Evacuate Collection Set: 0.88ms
[3435.867s][info][gc,phases      ] GC(769)   Other: 0.10ms
[3435.867s][info][gc,heap        ] GC(769) Eden regions: 1118->0(1120)
[3435.867s][info][gc,heap        ] GC(769) Survivor regions: 110->108(154)
[3435.867s][info][gc,heap        ] GC(769) Old regions: 473->505
[3435.867s][info][gc,heap        ] GC(769) Humongous regions: 80->80
[3435.867s][info][gc,metaspace   ] GC(769) Metaspace: 28908K(29312K)->28908K(29312K) NonClass: 24039K(24256K)->24039K(24256K) Class: 4868K(5056K)->4868K(5056K)
[3435.867s][info][gc             ] GC(769) Pause Young (Concurrent Start) (G1 Evacuation Pause) 3559M->1383M(4096M) 115.006ms
[3435.867s][info][gc             ] GC(770) Concurrent Mark Cycle
[3435.867s][info][gc,marking     ] GC(770) Concurrent Scan Root Regions
[3435.867s][info][gc,cpu         ] GC(769) User=0.68s Sys=0.00s Real=0.12s
[3436.039s][info][gc,marking     ] GC(770) Concurrent Scan Root Regions 172.382ms
[3436.039s][info][gc,marking     ] GC(770) Concurrent Mark
[3436.039s][info][gc,marking     ] GC(770) Concurrent Mark From Roots
[3436.039s][info][gc,task        ] GC(770) Using 2 workers of 2 for marking
.[3437.000s][info][gc,marking     ] GC(770) Concurrent Mark From Roots 960.407ms
[3437.000s][info][gc,marking     ] GC(770) Concurrent Preclean
[3437.000s][info][gc,marking     ] GC(770) Concurrent Preclean 0.112ms
[3437.000s][info][gc,start       ] GC(770) Pause Remark
[3437.006s][info][gc             ] GC(770) Pause Remark 2285M->2285M(4096M) 5.544ms
[3437.006s][info][gc,cpu         ] GC(770) User=0.03s Sys=0.00s Real=0.01s
[3437.006s][info][gc,marking     ] GC(770) Concurrent Mark 966.363ms
[3437.006s][info][gc,marking     ] GC(770) Concurrent Rebuild Remembered Sets and Scrub Regions
[3437.367s][info][gc,marking     ] GC(770) Concurrent Rebuild Remembered Sets and Scrub Regions 360.794ms
[3437.367s][info][gc,start       ] GC(770) Pause Cleanup
[3437.367s][info][gc             ] GC(770) Pause Cleanup 2562M->2562M(4096M) 0.125ms
[3437.367s][info][gc,cpu         ] GC(770) User=0.00s Sys=0.00s Real=0.00s
[3437.368s][info][gc,marking     ] GC(770) Concurrent Clear Claimed Marks
[3437.368s][info][gc,marking     ] GC(770) Concurrent Clear Claimed Marks 0.032ms
[3437.368s][info][gc,marking     ] GC(770) Concurrent Cleanup for Next Mark
[3437.372s][info][gc,marking     ] GC(770) Concurrent Cleanup for Next Mark 4.593ms
[3437.372s][info][gc             ] GC(770) Concurrent Mark Cycle 1505.292ms
..[3438.833s][info][gc,start       ] GC(771) Pause Young (Prepare Mixed) (G1 Evacuation Pause)
[3438.833s][info][gc,task        ] GC(771) Using 6 workers of 6 for evacuation
[3438.953s][info][gc,phases      ] GC(771)   Pre Evacuate Collection Set: 0.36ms
[3438.953s][info][gc,phases      ] GC(771)   Merge Heap Roots: 0.54ms
[3438.953s][info][gc,phases      ] GC(771)   Evacuate Collection Set: 118.46ms
[3438.953s][info][gc,phases      ] GC(771)   Post Evacuate Collection Set: 0.94ms
[3438.953s][info][gc,phases      ] GC(771)   Other: 0.09ms
[3438.953s][info][gc,heap        ] GC(771) Eden regions: 1120->0(1106)
[3438.953s][info][gc,heap        ] GC(771) Survivor regions: 108->111(154)
[3438.953s][info][gc,heap        ] GC(771) Old regions: 505->537
[3438.953s][info][gc,heap        ] GC(771) Humongous regions: 80->80
[3438.953s][info][gc,metaspace   ] GC(771) Metaspace: 28908K(29312K)->28908K(29312K) NonClass: 24039K(24256K)->24039K(24256K) Class: 4868K(5056K)->4868K(5056K)
[3438.954s][info][gc             ] GC(771) Pause Young (Prepare Mixed) (G1 Evacuation Pause) 3623M->1453M(4096M) 120.526ms
[3438.954s][info][gc,cpu         ] GC(771) User=0.72s Sys=0.00s Real=0.12s
...[3441.953s][info][gc,start       ] GC(772) Pause Young (Mixed) (G1 Evacuation Pause)
[3441.953s][info][gc,task        ] GC(772) Using 6 workers of 6 for evacuation
[3442.085s][info][gc,phases      ] GC(772)   Pre Evacuate Collection Set: 0.39ms
[3442.085s][info][gc,phases      ] GC(772)   Merge Heap Roots: 0.73ms
[3442.085s][info][gc,phases      ] GC(772)   Evacuate Collection Set: 130.11ms
[3442.085s][info][gc,phases      ] GC(772)   Post Evacuate Collection Set: 0.96ms
[3442.085s][info][gc,phases      ] GC(772)   Other: 0.09ms
[3442.085s][info][gc,heap        ] GC(772) Eden regions: 1106->0(1119)
[3442.085s][info][gc,heap        ] GC(772) Survivor regions: 111->109(153)
[3442.085s][info][gc,heap        ] GC(772) Old regions: 537->473
[3442.085s][info][gc,heap        ] GC(772) Humongous regions: 80->80
[3442.085s][info][gc,metaspace   ] GC(772) Metaspace: 28908K(29312K)->28908K(29312K) NonClass: 24039K(24256K)->24039K(24256K) Class: 4868K(5056K)->4868K(5056K)
[3442.085s][info][gc             ] GC(772) Pause Young (Mixed) (G1 Evacuation Pause) 3665M->1321M(4096M) 132.427ms
[3442.085s][info][gc,cpu         ] GC(772) User=0.78s Sys=0.00s Real=0.14s
...[3445.035s][info][gc,start       ] GC(773) Pause Young (Concurrent Start) (G1 Evacuation Pause)
[3445.035s][info][gc,task        ] GC(773) Using 6 workers of 6 for evacuation
[3445.154s][info][gc,phases      ] GC(773)   Pre Evacuate Collection Set: 0.40ms
[3445.154s][info][gc,phases      ] GC(773)   Merge Heap Roots: 0.48ms
[3445.154s][info][gc,phases      ] GC(773)   Evacuate Collection Set: 117.45ms
[3445.154s][info][gc,phases      ] GC(773)   Post Evacuate Collection Set: 0.90ms
[3445.154s][info][gc,phases      ] GC(773)   Other: 0.11ms
[3445.154s][info][gc,heap        ] GC(773) Eden regions: 1119->0(1116)
[3445.154s][info][gc,heap        ] GC(773) Survivor regions: 109->112(154)
[3445.154s][info][gc,heap        ] GC(773) Old regions: 473->504
[3445.154s][info][gc,heap        ] GC(773) Humongous regions: 80->80
[3445.154s][info][gc,metaspace   ] GC(773) Metaspace: 28908K(29312K)->28908K(29312K) NonClass: 24039K(24256K)->24039K(24256K) Class: 4868K(5056K)->4868K(5056K)
[3445.154s][info][gc             ] GC(773) Pause Young (Concurrent Start) (G1 Evacuation Pause) 3559M->1390M(4096M) 119.472ms
[3445.154s][info][gc             ] GC(774) Concurrent Mark Cycle
[3445.154s][info][gc,marking     ] GC(774) Concurrent Scan Root Regions
[3445.154s][info][gc,cpu         ] GC(773) User=0.70s Sys=0.01s Real=0.12s
[3445.331s][info][gc,marking     ] GC(774) Concurrent Scan Root Regions 177.138ms
[3445.331s][info][gc,marking     ] GC(774) Concurrent Mark
[3445.331s][info][gc,marking     ] GC(774) Concurrent Mark From Roots
[3445.331s][info][gc,task        ] GC(774) Using 2 workers of 2 for marking
.[3446.033s][info][gc,marking     ] GC(774) Concurrent Mark From Roots 702.023ms
[3446.033s][info][gc,marking     ] GC(774) Concurrent Preclean
[3446.033s][info][gc,marking     ] GC(774) Concurrent Preclean 0.095ms
[3446.034s][info][gc,start       ] GC(774) Pause Remark
[3446.039s][info][gc             ] GC(774) Pause Remark 2102M->2102M(4096M) 4.894ms
[3446.039s][info][gc,cpu         ] GC(774) User=0.03s Sys=0.00s Real=0.00s
[3446.039s][info][gc,marking     ] GC(774) Concurrent Mark 708.067ms
[3446.039s][info][gc,marking     ] GC(774) Concurrent Rebuild Remembered Sets and Scrub Regions
[3446.301s][info][gc,marking     ] GC(774) Concurrent Rebuild Remembered Sets and Scrub Regions 261.888ms
[3446.301s][info][gc,start       ] GC(774) Pause Cleanup
[3446.301s][info][gc             ] GC(774) Pause Cleanup 2298M->2298M(4096M) 0.109ms
[3446.301s][info][gc,cpu         ] GC(774) User=0.00s Sys=0.00s Real=0.00s
[3446.302s][info][gc,marking     ] GC(774) Concurrent Clear Claimed Marks
[3446.302s][info][gc,marking     ] GC(774) Concurrent Clear Claimed Marks 0.023ms
[3446.302s][info][gc,marking     ] GC(774) Concurrent Cleanup for Next Mark
[3446.306s][info][gc,marking     ] GC(774) Concurrent Cleanup for Next Mark 4.906ms
[3446.307s][info][gc             ] GC(774) Concurrent Mark Cycle 1152.514ms
..[3448.171s][info][gc,start       ] GC(775) Pause Young (Prepare Mixed) (G1 Evacuation Pause)
[3448.171s][info][gc,task        ] GC(775) Using 6 workers of 6 for evacuation
[3448.290s][info][gc,phases      ] GC(775)   Pre Evacuate Collection Set: 0.34ms
[3448.290s][info][gc,phases      ] GC(775)   Merge Heap Roots: 0.55ms
[3448.290s][info][gc,phases      ] GC(775)   Evacuate Collection Set: 117.47ms
[3448.290s][info][gc,phases      ] GC(775)   Post Evacuate Collection Set: 0.95ms
[3448.290s][info][gc,phases      ] GC(775)   Other: 0.08ms
[3448.290s][info][gc,heap        ] GC(775) Eden regions: 1116->0(1105)
[3448.290s][info][gc,heap        ] GC(775) Survivor regions: 112->112(154)
[3448.291s][info][gc,heap        ] GC(775) Old regions: 504->536
[3448.291s][info][gc,heap        ] GC(775) Humongous regions: 80->80
[3448.291s][info][gc,metaspace   ] GC(775) Metaspace: 28908K(29312K)->28908K(29312K) NonClass: 24039K(24256K)->24039K(24256K) Class: 4868K(5056K)->4868K(5056K)
[3448.291s][info][gc             ] GC(775) Pause Young (Prepare Mixed) (G1 Evacuation Pause) 3622M->1454M(4096M) 119.534ms
[3448.291s][info][gc,cpu         ] GC(775) User=0.71s Sys=0.00s Real=0.12s
...[3451.183s][info][gc,start       ] GC(776) Pause Young (Mixed) (G1 Evacuation Pause)
[3451.183s][info][gc,task        ] GC(776) Using 6 workers of 6 for evacuation
[3451.317s][info][gc,phases      ] GC(776)   Pre Evacuate Collection Set: 0.41ms
[3451.317s][info][gc,phases      ] GC(776)   Merge Heap Roots: 0.75ms
[3451.317s][info][gc,phases      ] GC(776)   Evacuate Collection Set: 131.90ms
[3451.317s][info][gc,phases      ] GC(776)   Post Evacuate Collection Set: 0.94ms
[3451.317s][info][gc,phases      ] GC(776)   Other: 0.09ms
[3451.317s][info][gc,heap        ] GC(776) Eden regions: 1105->0(1119)
[3451.317s][info][gc,heap        ] GC(776) Survivor regions: 112->109(153)
[3451.317s][info][gc,heap        ] GC(776) Old regions: 536->472
[3451.317s][info][gc,heap        ] GC(776) Humongous regions: 80->80
[3451.317s][info][gc,metaspace   ] GC(776) Metaspace: 28908K(29312K)->28908K(29312K) NonClass: 24039K(24256K)->24039K(24256K) Class: 4868K(5056K)->4868K(5056K)
[3451.317s][info][gc             ] GC(776) Pause Young (Mixed) (G1 Evacuation Pause) 3664M->1321M(4096M) 134.208ms
[3451.318s][info][gc,cpu         ] GC(776) User=0.79s Sys=0.00s Real=0.13s
...[3454.324s][info][gc,start       ] GC(777) Pause Young (Concurrent Start) (G1 Evacuation Pause)
[3454.324s][info][gc,task        ] GC(777) Using 6 workers of 6 for evacuation
[3454.444s][info][gc,phases      ] GC(777)   Pre Evacuate Collection Set: 0.38ms
[3454.444s][info][gc,phases      ] GC(777)   Merge Heap Roots: 0.47ms
[3454.444s][info][gc,phases      ] GC(777)   Evacuate Collection Set: 118.27ms
[3454.444s][info][gc,phases      ] GC(777)   Post Evacuate Collection Set: 0.89ms
[3454.444s][info][gc,phases      ] GC(777)   Other: 0.10ms
[3454.444s][info][gc,heap        ] GC(777) Eden regions: 1119->0(1117)
[3454.444s][info][gc,heap        ] GC(777) Survivor regions: 109->111(154)
[3454.444s][info][gc,heap        ] GC(777) Old regions: 472->505
[3454.444s][info][gc,heap        ] GC(777) Humongous regions: 80->80
[3454.444s][info][gc,metaspace   ] GC(777) Metaspace: 28908K(29312K)->28908K(29312K) NonClass: 24039K(24256K)->24039K(24256K) Class: 4868K(5056K)->4868K(5056K)
[3454.444s][info][gc             ] GC(777) Pause Young (Concurrent Start) (G1 Evacuation Pause) 3559M->1389M(4096M) 120.220ms
[3454.444s][info][gc             ] GC(778) Concurrent Mark Cycle
[3454.444s][info][gc,marking     ] GC(778) Concurrent Scan Root Regions
[3454.444s][info][gc,cpu         ] GC(777) User=0.71s Sys=0.00s Real=0.12s
[3454.626s][info][gc,marking     ] GC(778) Concurrent Scan Root Regions 181.279ms
[3454.626s][info][gc,marking     ] GC(778) Concurrent Mark
[3454.626s][info][gc,marking     ] GC(778) Concurrent Mark From Roots
[3454.626s][info][gc,task        ] GC(778) Using 2 workers of 2 for marking
.[3455.446s][info][gc,marking     ] GC(778) Concurrent Mark From Roots 820.887ms
[3455.447s][info][gc,marking     ] GC(778) Concurrent Preclean
[3455.447s][info][gc,marking     ] GC(778) Concurrent Preclean 0.093ms
[3455.447s][info][gc,start       ] GC(778) Pause Remark
[3455.452s][info][gc             ] GC(778) Pause Remark 2147M->2147M(4096M) 5.759ms
[3455.453s][info][gc,cpu         ] GC(778) User=0.03s Sys=0.00s Real=0.00s
[3455.453s][info][gc,marking     ] GC(778) Concurrent Mark 827.006ms
[3455.453s][info][gc,marking     ] GC(778) Concurrent Rebuild Remembered Sets and Scrub Regions
.[3455.813s][info][gc,marking     ] GC(778) Concurrent Rebuild Remembered Sets and Scrub Regions 360.067ms
[3455.813s][info][gc,start       ] GC(778) Pause Cleanup
[3455.813s][info][gc             ] GC(778) Pause Cleanup 2409M->2409M(4096M) 0.125ms
[3455.813s][info][gc,cpu         ] GC(778) User=0.00s Sys=0.00s Real=0.01s
[3455.813s][info][gc,marking     ] GC(778) Concurrent Clear Claimed Marks
[3455.813s][info][gc,marking     ] GC(778) Concurrent Clear Claimed Marks 0.025ms
[3455.813s][info][gc,marking     ] GC(778) Concurrent Cleanup for Next Mark
[3455.818s][info][gc,marking     ] GC(778) Concurrent Cleanup for Next Mark 4.780ms
[3455.818s][info][gc             ] GC(778) Concurrent Mark Cycle 1373.630ms
.[3457.465s][info][gc,start       ] GC(779) Pause Young (Prepare Mixed) (G1 Evacuation Pause)
[3457.465s][info][gc,task        ] GC(779) Using 6 workers of 6 for evacuation
[3457.587s][info][gc,phases      ] GC(779)   Pre Evacuate Collection Set: 0.34ms
[3457.587s][info][gc,phases      ] GC(779)   Merge Heap Roots: 0.57ms
[3457.587s][info][gc,phases      ] GC(779)   Evacuate Collection Set: 119.48ms
[3457.587s][info][gc,phases      ] GC(779)   Post Evacuate Collection Set: 0.92ms
[3457.587s][info][gc,phases      ] GC(779)   Other: 0.09ms
[3457.587s][info][gc,heap        ] GC(779) Eden regions: 1117->0(1103)
[3457.587s][info][gc,heap        ] GC(779) Survivor regions: 111->113(154)
[3457.587s][info][gc,heap        ] GC(779) Old regions: 505->536
[3457.587s][info][gc,heap        ] GC(779) Humongous regions: 80->80
[3457.587s][info][gc,metaspace   ] GC(779) Metaspace: 28908K(29312K)->28908K(29312K) NonClass: 24039K(24256K)->24039K(24256K) Class: 4868K(5056K)->4868K(5056K)
[3457.587s][info][gc             ] GC(779) Pause Young (Prepare Mixed) (G1 Evacuation Pause) 3623M->1457M(4096M) 121.515ms
[3457.587s][info][gc,cpu         ] GC(779) User=0.72s Sys=0.00s Real=0.12s
...[3460.507s][info][gc,start       ] GC(780) Pause Young (Mixed) (G1 Evacuation Pause)
[3460.507s][info][gc,task        ] GC(780) Using 6 workers of 6 for evacuation
[3460.642s][info][gc,phases      ] GC(780)   Pre Evacuate Collection Set: 0.37ms
[3460.642s][info][gc,phases      ] GC(780)   Merge Heap Roots: 0.73ms
[3460.642s][info][gc,phases      ] GC(780)   Evacuate Collection Set: 132.70ms
[3460.642s][info][gc,phases      ] GC(780)   Post Evacuate Collection Set: 0.95ms
[3460.642s][info][gc,phases      ] GC(780)   Other: 0.09ms
[3460.642s][info][gc,heap        ] GC(780) Eden regions: 1103->0(1117)
[3460.642s][info][gc,heap        ] GC(780) Survivor regions: 113->111(152)
[3460.642s][info][gc,heap        ] GC(780) Old regions: 536->472
[3460.642s][info][gc,heap        ] GC(780) Humongous regions: 80->80
[3460.642s][info][gc,metaspace   ] GC(780) Metaspace: 28908K(29312K)->28908K(29312K) NonClass: 24039K(24256K)->24039K(24256K) Class: 4868K(5056K)->4868K(5056K)
[3460.642s][info][gc             ] GC(780) Pause Young (Mixed) (G1 Evacuation Pause) 3663M->1324M(4096M) 134.974ms
[3460.642s][info][gc,cpu         ] GC(780) User=0.80s Sys=0.00s Real=0.13s
...[3463.674s][info][gc,start       ] GC(781) Pause Young (Concurrent Start) (G1 Evacuation Pause)
[3463.675s][info][gc,task        ] GC(781) Using 6 workers of 6 for evacuation
[3463.795s][info][gc,phases      ] GC(781)   Pre Evacuate Collection Set: 0.36ms
[3463.795s][info][gc,phases      ] GC(781)   Merge Heap Roots: 0.47ms
[3463.795s][info][gc,phases      ] GC(781)   Evacuate Collection Set: 119.08ms
[3463.795s][info][gc,phases      ] GC(781)   Post Evacuate Collection Set: 0.88ms
[3463.795s][info][gc,phases      ] GC(781)   Other: 0.11ms
[3463.795s][info][gc,heap        ] GC(781) Eden regions: 1117->0(1115)
[3463.795s][info][gc,heap        ] GC(781) Survivor regions: 111->113(154)
[3463.795s][info][gc,heap        ] GC(781) Old regions: 472->504
[3463.796s][info][gc,heap        ] GC(781) Humongous regions: 80->80
[3463.796s][info][gc,metaspace   ] GC(781) Metaspace: 28908K(29312K)->28908K(29312K) NonClass: 24039K(24256K)->24039K(24256K) Class: 4868K(5056K)->4868K(5056K)
[3463.796s][info][gc             ] GC(781) Pause Young (Concurrent Start) (G1 Evacuation Pause) 3558M->1391M(4096M) 121.071ms
[3463.796s][info][gc             ] GC(782) Concurrent Mark Cycle
[3463.796s][info][gc,marking     ] GC(782) Concurrent Scan Root Regions
[3463.796s][info][gc,cpu         ] GC(781) User=0.72s Sys=0.00s Real=0.12s
.[3463.973s][info][gc,marking     ] GC(782) Concurrent Scan Root Regions 176.935ms
[3463.973s][info][gc,marking     ] GC(782) Concurrent Mark
[3463.973s][info][gc,marking     ] GC(782) Concurrent Mark From Roots
[3463.973s][info][gc,task        ] GC(782) Using 2 workers of 2 for marking
.[3464.922s][info][gc,marking     ] GC(782) Concurrent Mark From Roots 949.716ms
[3464.922s][info][gc,marking     ] GC(782) Concurrent Preclean
[3464.923s][info][gc,marking     ] GC(782) Concurrent Preclean 0.115ms
[3464.923s][info][gc,start       ] GC(782) Pause Remark
[3464.929s][info][gc             ] GC(782) Pause Remark 2309M->2309M(4096M) 6.116ms
[3464.929s][info][gc,cpu         ] GC(782) User=0.03s Sys=0.00s Real=0.01s
[3464.930s][info][gc,marking     ] GC(782) Concurrent Mark 957.877ms
[3464.931s][info][gc,marking     ] GC(782) Concurrent Rebuild Remembered Sets and Scrub Regions
[3465.238s][info][gc,marking     ] GC(782) Concurrent Rebuild Remembered Sets and Scrub Regions 307.337ms
[3465.238s][info][gc,start       ] GC(782) Pause Cleanup
[3465.238s][info][gc             ] GC(782) Pause Cleanup 2547M->2547M(4096M) 0.124ms
[3465.238s][info][gc,cpu         ] GC(782) User=0.00s Sys=0.00s Real=0.00s
[3465.238s][info][gc,marking     ] GC(782) Concurrent Clear Claimed Marks
[3465.238s][info][gc,marking     ] GC(782) Concurrent Clear Claimed Marks 0.027ms
[3465.238s][info][gc,marking     ] GC(782) Concurrent Cleanup for Next Mark
[3465.242s][info][gc,marking     ] GC(782) Concurrent Cleanup for Next Mark 3.285ms
[3465.242s][info][gc             ] GC(782) Concurrent Mark Cycle 1445.968ms
.[3466.772s][info][gc,start       ] GC(783) Pause Young (Prepare Mixed) (G1 Evacuation Pause)
[3466.772s][info][gc,task        ] GC(783) Using 6 workers of 6 for evacuation
[3466.893s][info][gc,phases      ] GC(783)   Pre Evacuate Collection Set: 0.35ms
[3466.893s][info][gc,phases      ] GC(783)   Merge Heap Roots: 0.59ms
[3466.893s][info][gc,phases      ] GC(783)   Evacuate Collection Set: 118.75ms
[3466.893s][info][gc,phases      ] GC(783)   Post Evacuate Collection Set: 0.95ms
[3466.893s][info][gc,phases      ] GC(783)   Other: 0.10ms
[3466.893s][info][gc,heap        ] GC(783) Eden regions: 1115->0(1106)
[3466.893s][info][gc,heap        ] GC(783) Survivor regions: 113->112(154)
[3466.893s][info][gc,heap        ] GC(783) Old regions: 504->535
[3466.893s][info][gc,heap        ] GC(783) Humongous regions: 80->80
[3466.893s][info][gc,metaspace   ] GC(783) Metaspace: 28908K(29312K)->28908K(29312K) NonClass: 24039K(24256K)->24039K(24256K) Class: 4868K(5056K)->4868K(5056K)
[3466.893s][info][gc             ] GC(783) Pause Young (Prepare Mixed) (G1 Evacuation Pause) 3621M->1453M(4096M) 120.888ms
[3466.893s][info][gc,cpu         ] GC(783) User=0.72s Sys=0.00s Real=0.13s
...[3469.872s][info][gc,start       ] GC(784) Pause Young (Mixed) (G1 Evacuation Pause)
[3469.872s][info][gc,task        ] GC(784) Using 6 workers of 6 for evacuation
[3470.007s][info][gc,phases      ] GC(784)   Pre Evacuate Collection Set: 0.37ms
[3470.007s][info][gc,phases      ] GC(784)   Merge Heap Roots: 0.81ms
[3470.007s][info][gc,phases      ] GC(784)   Evacuate Collection Set: 132.77ms
[3470.007s][info][gc,phases      ] GC(784)   Post Evacuate Collection Set: 0.93ms
[3470.007s][info][gc,phases      ] GC(784)   Other: 0.09ms
[3470.007s][info][gc,heap        ] GC(784) Eden regions: 1106->0(1119)
[3470.007s][info][gc,heap        ] GC(784) Survivor regions: 112->109(153)
[3470.007s][info][gc,heap        ] GC(784) Old regions: 535->472
[3470.007s][info][gc,heap        ] GC(784) Humongous regions: 80->80
[3470.007s][info][gc,metaspace   ] GC(784) Metaspace: 28908K(29312K)->28908K(29312K) NonClass: 24039K(24256K)->24039K(24256K) Class: 4868K(5056K)->4868K(5056K)
[3470.007s][info][gc             ] GC(784) Pause Young (Mixed) (G1 Evacuation Pause) 3665M->1320M(4096M) 135.114ms
[3470.007s][info][gc,cpu         ] GC(784) User=0.80s Sys=0.00s Real=0.14s
...[3472.990s][info][gc,start       ] GC(785) Pause Young (Concurrent Start) (G1 Evacuation Pause)
[3472.990s][info][gc,task        ] GC(785) Using 6 workers of 6 for evacuation
[3473.108s][info][gc,phases      ] GC(785)   Pre Evacuate Collection Set: 0.37ms
[3473.108s][info][gc,phases      ] GC(785)   Merge Heap Roots: 0.46ms
[3473.108s][info][gc,phases      ] GC(785)   Evacuate Collection Set: 115.56ms
[3473.108s][info][gc,phases      ] GC(785)   Post Evacuate Collection Set: 0.90ms
[3473.108s][info][gc,phases      ] GC(785)   Other: 0.12ms
[3473.108s][info][gc,heap        ] GC(785) Eden regions: 1119->0(1118)
[3473.108s][info][gc,heap        ] GC(785) Survivor regions: 109->110(154)
[3473.108s][info][gc,heap        ] GC(785) Old regions: 472->504
[3473.108s][info][gc,heap        ] GC(785) Humongous regions: 80->80
[3473.108s][info][gc,metaspace   ] GC(785) Metaspace: 28908K(29312K)->28908K(29312K) NonClass: 24039K(24256K)->24039K(24256K) Class: 4868K(5056K)->4868K(5056K)
[3473.108s][info][gc             ] GC(785) Pause Young (Concurrent Start) (G1 Evacuation Pause) 3558M->1385M(4096M) 117.558ms
[3473.108s][info][gc             ] GC(786) Concurrent Mark Cycle
[3473.108s][info][gc,marking     ] GC(786) Concurrent Scan Root Regions
[3473.108s][info][gc,cpu         ] GC(785) User=0.70s Sys=0.00s Real=0.12s
[3473.246s][info][gc,marking     ] GC(786) Concurrent Scan Root Regions 137.923ms
[3473.246s][info][gc,marking     ] GC(786) Concurrent Mark
[3473.246s][info][gc,marking     ] GC(786) Concurrent Mark From Roots
[3473.246s][info][gc,task        ] GC(786) Using 2 workers of 2 for marking
.[3473.943s][info][gc,marking     ] GC(786) Concurrent Mark From Roots 697.338ms
[3473.943s][info][gc,marking     ] GC(786) Concurrent Preclean
[3473.944s][info][gc,marking     ] GC(786) Concurrent Preclean 0.854ms
[3473.944s][info][gc,start       ] GC(786) Pause Remark
[3473.949s][info][gc             ] GC(786) Pause Remark 2064M->2064M(4096M) 5.232ms
[3473.949s][info][gc,cpu         ] GC(786) User=0.02s Sys=0.00s Real=0.00s
[3473.950s][info][gc,marking     ] GC(786) Concurrent Mark 703.733ms
[3473.950s][info][gc,marking     ] GC(786) Concurrent Rebuild Remembered Sets and Scrub Regions
[3474.213s][info][gc,marking     ] GC(786) Concurrent Rebuild Remembered Sets and Scrub Regions 263.160ms
[3474.213s][info][gc,start       ] GC(786) Pause Cleanup
[3474.213s][info][gc             ] GC(786) Pause Cleanup 2275M->2275M(4096M) 0.120ms
[3474.213s][info][gc,cpu         ] GC(786) User=0.00s Sys=0.00s Real=0.01s
[3474.213s][info][gc,marking     ] GC(786) Concurrent Clear Claimed Marks
[3474.213s][info][gc,marking     ] GC(786) Concurrent Clear Claimed Marks 0.025ms
[3474.213s][info][gc,marking     ] GC(786) Concurrent Cleanup for Next Mark
[3474.218s][info][gc,marking     ] GC(786) Concurrent Cleanup for Next Mark 4.646ms
[3474.218s][info][gc             ] GC(786) Concurrent Mark Cycle 1110.005ms
..[3476.101s][info][gc,start       ] GC(787) Pause Young (Prepare Mixed) (G1 Evacuation Pause)
[3476.101s][info][gc,task        ] GC(787) Using 6 workers of 6 for evacuation
[3476.222s][info][gc,phases      ] GC(787)   Pre Evacuate Collection Set: 0.33ms
[3476.222s][info][gc,phases      ] GC(787)   Merge Heap Roots: 0.58ms
[3476.222s][info][gc,phases      ] GC(787)   Evacuate Collection Set: 119.82ms
[3476.222s][info][gc,phases      ] GC(787)   Post Evacuate Collection Set: 0.96ms
[3476.222s][info][gc,phases      ] GC(787)   Other: 0.09ms
[3476.222s][info][gc,heap        ] GC(787) Eden regions: 1118->0(1101)
[3476.222s][info][gc,heap        ] GC(787) Survivor regions: 110->114(154)
[3476.222s][info][gc,heap        ] GC(787) Old regions: 504->536
[3476.222s][info][gc,heap        ] GC(787) Humongous regions: 80->80
[3476.222s][info][gc,metaspace   ] GC(787) Metaspace: 28908K(29312K)->28908K(29312K) NonClass: 24039K(24256K)->24039K(24256K) Class: 4868K(5056K)->4868K(5056K)
[3476.222s][info][gc             ] GC(787) Pause Young (Prepare Mixed) (G1 Evacuation Pause) 3621M->1457M(4096M) 121.919ms
[3476.223s][info][gc,cpu         ] GC(787) User=0.73s Sys=0.00s Real=0.12s
...[3479.150s][info][gc,start       ] GC(788) Pause Young (Mixed) (G1 Evacuation Pause)
[3479.150s][info][gc,task        ] GC(788) Using 6 workers of 6 for evacuation
[3479.284s][info][gc,phases      ] GC(788)   Pre Evacuate Collection Set: 0.43ms
[3479.284s][info][gc,phases      ] GC(788)   Merge Heap Roots: 0.71ms
[3479.284s][info][gc,phases      ] GC(788)   Evacuate Collection Set: 131.37ms
[3479.284s][info][gc,phases      ] GC(788)   Post Evacuate Collection Set: 0.98ms
[3479.284s][info][gc,phases      ] GC(788)   Other: 0.96ms
[3479.284s][info][gc,heap        ] GC(788) Eden regions: 1101->0(1117)
[3479.284s][info][gc,heap        ] GC(788) Survivor regions: 114->111(152)
[3479.284s][info][gc,heap        ] GC(788) Old regions: 536->472
[3479.284s][info][gc,heap        ] GC(788) Humongous regions: 80->80
[3479.284s][info][gc,metaspace   ] GC(788) Metaspace: 28908K(29312K)->28908K(29312K) NonClass: 24039K(24256K)->24039K(24256K) Class: 4868K(5056K)->4868K(5056K)
[3479.284s][info][gc             ] GC(788) Pause Young (Mixed) (G1 Evacuation Pause) 3659M->1323M(4096M) 134.588ms
[3479.284s][info][gc,cpu         ] GC(788) User=0.79s Sys=0.00s Real=0.14s
...[3482.250s][info][gc,start       ] GC(789) Pause Young (Concurrent Start) (G1 Evacuation Pause)
[3482.251s][info][gc,task        ] GC(789) Using 6 workers of 6 for evacuation
[3482.368s][info][gc,phases      ] GC(789)   Pre Evacuate Collection Set: 0.40ms
[3482.368s][info][gc,phases      ] GC(789)   Merge Heap Roots: 0.49ms
[3482.368s][info][gc,phases      ] GC(789)   Evacuate Collection Set: 115.96ms
[3482.368s][info][gc,phases      ] GC(789)   Post Evacuate Collection Set: 0.89ms
[3482.368s][info][gc,phases      ] GC(789)   Other: 0.12ms
[3482.368s][info][gc,heap        ] GC(789) Eden regions: 1117->0(1119)
[3482.368s][info][gc,heap        ] GC(789) Survivor regions: 111->109(154)
[3482.368s][info][gc,heap        ] GC(789) Old regions: 472->504
[3482.368s][info][gc,heap        ] GC(789) Humongous regions: 80->80
[3482.368s][info][gc,metaspace   ] GC(789) Metaspace: 28908K(29312K)->28908K(29312K) NonClass: 24039K(24256K)->24039K(24256K) Class: 4868K(5056K)->4868K(5056K)
[3482.368s][info][gc             ] GC(789) Pause Young (Concurrent Start) (G1 Evacuation Pause) 3557M->1384M(4096M) 117.982ms
[3482.368s][info][gc             ] GC(790) Concurrent Mark Cycle
[3482.369s][info][gc,marking     ] GC(790) Concurrent Scan Root Regions
[3482.369s][info][gc,cpu         ] GC(789) User=0.70s Sys=0.00s Real=0.12s
.[3482.504s][info][gc,marking     ] GC(790) Concurrent Scan Root Regions 135.751ms
[3482.504s][info][gc,marking     ] GC(790) Concurrent Mark
[3482.504s][info][gc,marking     ] GC(790) Concurrent Mark From Roots
[3482.504s][info][gc,task        ] GC(790) Using 2 workers of 2 for marking
[3483.235s][info][gc,marking     ] GC(790) Concurrent Mark From Roots 731.073ms
[3483.235s][info][gc,marking     ] GC(790) Concurrent Preclean
[3483.236s][info][gc,marking     ] GC(790) Concurrent Preclean 0.124ms
[3483.236s][info][gc,start       ] GC(790) Pause Remark
[3483.241s][info][gc             ] GC(790) Pause Remark 2096M->2096M(4096M) 4.951ms
[3483.241s][info][gc,cpu         ] GC(790) User=0.03s Sys=0.00s Real=0.00s
[3483.241s][info][gc,marking     ] GC(790) Concurrent Mark 736.398ms
[3483.241s][info][gc,marking     ] GC(790) Concurrent Rebuild Remembered Sets and Scrub Regions
.[3483.525s][info][gc,marking     ] GC(790) Concurrent Rebuild Remembered Sets and Scrub Regions 284.616ms
[3483.526s][info][gc,start       ] GC(790) Pause Cleanup
[3483.526s][info][gc             ] GC(790) Pause Cleanup 2271M->2271M(4096M) 0.109ms
[3483.526s][info][gc,cpu         ] GC(790) User=0.00s Sys=0.00s Real=0.00s
[3483.526s][info][gc,marking     ] GC(790) Concurrent Clear Claimed Marks
[3483.526s][info][gc,marking     ] GC(790) Concurrent Clear Claimed Marks 0.036ms
[3483.526s][info][gc,marking     ] GC(790) Concurrent Cleanup for Next Mark
[3483.531s][info][gc,marking     ] GC(790) Concurrent Cleanup for Next Mark 5.015ms
[3483.531s][info][gc             ] GC(790) Concurrent Mark Cycle 1162.959ms
.[3485.359s][info][gc,start       ] GC(791) Pause Young (Prepare Mixed) (G1 Evacuation Pause)
[3485.359s][info][gc,task        ] GC(791) Using 6 workers of 6 for evacuation
[3485.478s][info][gc,phases      ] GC(791)   Pre Evacuate Collection Set: 0.35ms
[3485.478s][info][gc,phases      ] GC(791)   Merge Heap Roots: 0.50ms
[3485.478s][info][gc,phases      ] GC(791)   Evacuate Collection Set: 116.79ms
[3485.478s][info][gc,phases      ] GC(791)   Post Evacuate Collection Set: 0.92ms
[3485.478s][info][gc,phases      ] GC(791)   Other: 0.09ms
[3485.478s][info][gc,heap        ] GC(791) Eden regions: 1119->0(1108)
[3485.478s][info][gc,heap        ] GC(791) Survivor regions: 109->111(154)
[3485.478s][info][gc,heap        ] GC(791) Old regions: 504->535
[3485.478s][info][gc,heap        ] GC(791) Humongous regions: 80->80
[3485.478s][info][gc,metaspace   ] GC(791) Metaspace: 28908K(29312K)->28908K(29312K) NonClass: 24039K(24256K)->24039K(24256K) Class: 4868K(5056K)->4868K(5056K)
[3485.478s][info][gc             ] GC(791) Pause Young (Prepare Mixed) (G1 Evacuation Pause) 3622M->1450M(4096M) 118.780ms
[3485.478s][info][gc,cpu         ] GC(791) User=0.70s Sys=0.00s Real=0.12s
...[3488.449s][info][gc,start       ] GC(792) Pause Young (Mixed) (G1 Evacuation Pause)
[3488.449s][info][gc,task        ] GC(792) Using 6 workers of 6 for evacuation
[3488.582s][info][gc,phases      ] GC(792)   Pre Evacuate Collection Set: 0.38ms
[3488.582s][info][gc,phases      ] GC(792)   Merge Heap Roots: 0.75ms
[3488.582s][info][gc,phases      ] GC(792)   Evacuate Collection Set: 131.05ms
[3488.582s][info][gc,phases      ] GC(792)   Post Evacuate Collection Set: 0.96ms
[3488.582s][info][gc,phases      ] GC(792)   Other: 0.10ms
[3488.582s][info][gc,heap        ] GC(792) Eden regions: 1108->0(1117)
[3488.582s][info][gc,heap        ] GC(792) Survivor regions: 111->111(153)
[3488.582s][info][gc,heap        ] GC(792) Old regions: 535->473
[3488.582s][info][gc,heap        ] GC(792) Humongous regions: 80->80
[3488.582s][info][gc,metaspace   ] GC(792) Metaspace: 28908K(29312K)->28908K(29312K) NonClass: 24039K(24256K)->24039K(24256K) Class: 4868K(5056K)->4868K(5056K)
[3488.582s][info][gc             ] GC(792) Pause Young (Mixed) (G1 Evacuation Pause) 3666M->1326M(4096M) 133.382ms
[3488.582s][info][gc,cpu         ] GC(792) User=0.79s Sys=0.00s Real=0.13s
....[3491.621s][info][gc,start       ] GC(793) Pause Young (Concurrent Start) (G1 Evacuation Pause)
[3491.621s][info][gc,task        ] GC(793) Using 6 workers of 6 for evacuation
[3491.738s][info][gc,phases      ] GC(793)   Pre Evacuate Collection Set: 0.39ms
[3491.738s][info][gc,phases      ] GC(793)   Merge Heap Roots: 0.49ms
[3491.738s][info][gc,phases      ] GC(793)   Evacuate Collection Set: 115.04ms
[3491.738s][info][gc,phases      ] GC(793)   Post Evacuate Collection Set: 0.93ms
[3491.738s][info][gc,phases      ] GC(793)   Other: 0.13ms
[3491.738s][info][gc,heap        ] GC(793) Eden regions: 1117->0(1118)
[3491.738s][info][gc,heap        ] GC(793) Survivor regions: 111->110(154)
[3491.738s][info][gc,heap        ] GC(793) Old regions: 473->505
[3491.738s][info][gc,heap        ] GC(793) Humongous regions: 80->80
[3491.738s][info][gc,metaspace   ] GC(793) Metaspace: 28908K(29312K)->28908K(29312K) NonClass: 24039K(24256K)->24039K(24256K) Class: 4868K(5056K)->4868K(5056K)
[3491.738s][info][gc             ] GC(793) Pause Young (Concurrent Start) (G1 Evacuation Pause) 3560M->1388M(4096M) 117.105ms
[3491.738s][info][gc             ] GC(794) Concurrent Mark Cycle
[3491.738s][info][gc,marking     ] GC(794) Concurrent Scan Root Regions
[3491.738s][info][gc,cpu         ] GC(793) User=0.69s Sys=0.00s Real=0.12s
[3491.915s][info][gc,marking     ] GC(794) Concurrent Scan Root Regions 176.448ms
[3491.915s][info][gc,marking     ] GC(794) Concurrent Mark
[3491.915s][info][gc,marking     ] GC(794) Concurrent Mark From Roots
[3491.915s][info][gc,task        ] GC(794) Using 2 workers of 2 for marking
.[3492.798s][info][gc,marking     ] GC(794) Concurrent Mark From Roots 882.829ms
[3492.798s][info][gc,marking     ] GC(794) Concurrent Preclean
[3492.798s][info][gc,marking     ] GC(794) Concurrent Preclean 0.085ms
[3492.798s][info][gc,start       ] GC(794) Pause Remark
[3492.804s][info][gc             ] GC(794) Pause Remark 2264M->2264M(4096M) 6.336ms
[3492.804s][info][gc,cpu         ] GC(794) User=0.04s Sys=0.00s Real=0.01s
[3492.804s][info][gc,marking     ] GC(794) Concurrent Mark 889.499ms
[3492.804s][info][gc,marking     ] GC(794) Concurrent Rebuild Remembered Sets and Scrub Regions
[3493.122s][info][gc,marking     ] GC(794) Concurrent Rebuild Remembered Sets and Scrub Regions 317.106ms
[3493.122s][info][gc,start       ] GC(794) Pause Cleanup
[3493.122s][info][gc             ] GC(794) Pause Cleanup 2490M->2490M(4096M) 0.112ms
[3493.122s][info][gc,cpu         ] GC(794) User=0.00s Sys=0.00s Real=0.00s
[3493.122s][info][gc,marking     ] GC(794) Concurrent Clear Claimed Marks
[3493.122s][info][gc,marking     ] GC(794) Concurrent Clear Claimed Marks 0.029ms
[3493.122s][info][gc,marking     ] GC(794) Concurrent Cleanup for Next Mark
[3493.126s][info][gc,marking     ] GC(794) Concurrent Cleanup for Next Mark 3.987ms
[3493.126s][info][gc             ] GC(794) Concurrent Mark Cycle 1387.556ms
. (rIR:aIR:PR = 6088:6087:6087) (tPR = 90323) [OK] 
  3493s: Performance info:
         Transaction,    Success,    Partial,     Failed,   Receipts, AvgBarcode, 
             Overall,     370879,          0,          0,     352328,      59.48, 
         Response times:
             Request,    Success,    Partial,     Failed,   SkipFail,     Probes,    Samples,      min,      p50,      p90,      p95,      p99,      max, 
       TotalPurchase,     352376,          0,          0,          0,     344981,     393275,      300,     5500,    21000,    52000,   105240,   221000,
     InStorePurchase,     185425,          0,          0,          0,     181748,     206998,      300,     5300,    21000,    50000,   104000,   221000,
      OnlinePurchase,     129831,          0,          0,          0,     127402,     145096,      300,     5600,    21000,    54000,   108000,   213000,
        InstPurchase,      37120,          0,          0,          0,      35831,      41181,      400,     5900,    22000,    54000,   105000,   213000,
          AssocOfCat,        372,          0,          0,          0,        290,        408,    19600,    37000,    65000,    92000,   165730,   173000,
      AssocOfProduct,       3709,          0,          0,          0,       3430,       4103,      800,     4600,    17340,    45000,    93000,   203000,
      BusinessReport,        930,          0,          0,          0,        814,       1073,    25000,    41000,    71000,   105600,   189780,   259000,
          CustBuyBeh,       3721,          0,          0,          0,       3494,       4217,      800,     5200,    22000,    56000,    98000,   200000,
       ProductReturn,       9821,          0,          0,          0,       9300,      10867,      200,     5000,    21000,    51000,   101000,   213000,

  3493s: (45%)   IR =   6227 .[3494.731s][info][gc,start       ] GC(795) Pause Young (Prepare Mixed) (G1 Evacuation Pause)
[3494.731s][info][gc,task        ] GC(795) Using 6 workers of 6 for evacuation
[3494.851s][info][gc,phases      ] GC(795)   Pre Evacuate Collection Set: 0.34ms
[3494.851s][info][gc,phases      ] GC(795)   Merge Heap Roots: 0.57ms
[3494.851s][info][gc,phases      ] GC(795)   Evacuate Collection Set: 117.83ms
[3494.851s][info][gc,phases      ] GC(795)   Post Evacuate Collection Set: 0.96ms
[3494.851s][info][gc,phases      ] GC(795)   Other: 0.09ms
[3494.851s][info][gc,heap        ] GC(795) Eden regions: 1118->0(1107)
[3494.851s][info][gc,heap        ] GC(795) Survivor regions: 110->111(154)
[3494.851s][info][gc,heap        ] GC(795) Old regions: 505->536
[3494.851s][info][gc,heap        ] GC(795) Humongous regions: 80->80
[3494.851s][info][gc,metaspace   ] GC(795) Metaspace: 28908K(29312K)->28908K(29312K) NonClass: 24039K(24256K)->24039K(24256K) Class: 4868K(5056K)->4868K(5056K)
[3494.851s][info][gc             ] GC(795) Pause Young (Prepare Mixed) (G1 Evacuation Pause) 3624M->1453M(4096M) 119.924ms
[3494.851s][info][gc,cpu         ] GC(795) User=0.71s Sys=0.00s Real=0.12s
...[3497.679s][info][gc,start       ] GC(796) Pause Young (Mixed) (G1 Evacuation Pause)
[3497.679s][info][gc,task        ] GC(796) Using 6 workers of 6 for evacuation
[3497.814s][info][gc,phases      ] GC(796)   Pre Evacuate Collection Set: 0.38ms
[3497.814s][info][gc,phases      ] GC(796)   Merge Heap Roots: 0.73ms
[3497.814s][info][gc,phases      ] GC(796)   Evacuate Collection Set: 132.30ms
[3497.814s][info][gc,phases      ] GC(796)   Post Evacuate Collection Set: 0.98ms
[3497.814s][info][gc,phases      ] GC(796)   Other: 0.09ms
[3497.814s][info][gc,heap        ] GC(796) Eden regions: 1107->0(1121)
[3497.814s][info][gc,heap        ] GC(796) Survivor regions: 111->107(153)
[3497.814s][info][gc,heap        ] GC(796) Old regions: 536->473
[3497.814s][info][gc,heap        ] GC(796) Humongous regions: 80->80
[3497.814s][info][gc,metaspace   ] GC(796) Metaspace: 28908K(29312K)->28908K(29312K) NonClass: 24039K(24256K)->24039K(24256K) Class: 4868K(5056K)->4868K(5056K)
[3497.814s][info][gc             ] GC(796) Pause Young (Mixed) (G1 Evacuation Pause) 3667M->1319M(4096M) 134.614ms
[3497.814s][info][gc,cpu         ] GC(796) User=0.80s Sys=0.00s Real=0.14s
..|.[3500.733s][info][gc,start       ] GC(797) Pause Young (Concurrent Start) (G1 Evacuation Pause)
[3500.733s][info][gc,task        ] GC(797) Using 6 workers of 6 for evacuation
[3500.849s][info][gc,phases      ] GC(797)   Pre Evacuate Collection Set: 0.39ms
[3500.849s][info][gc,phases      ] GC(797)   Merge Heap Roots: 0.56ms
[3500.849s][info][gc,phases      ] GC(797)   Evacuate Collection Set: 114.14ms
[3500.849s][info][gc,phases      ] GC(797)   Post Evacuate Collection Set: 0.91ms
[3500.849s][info][gc,phases      ] GC(797)   Other: 0.10ms
[3500.849s][info][gc,heap        ] GC(797) Eden regions: 1121->0(1121)
[3500.849s][info][gc,heap        ] GC(797) Survivor regions: 107->107(154)
[3500.849s][info][gc,heap        ] GC(797) Old regions: 473->506
[3500.849s][info][gc,heap        ] GC(797) Humongous regions: 80->80
[3500.849s][info][gc,metaspace   ] GC(797) Metaspace: 28908K(29312K)->28908K(29312K) NonClass: 24039K(24256K)->24039K(24256K) Class: 4868K(5056K)->4868K(5056K)
[3500.849s][info][gc             ] GC(797) Pause Young (Concurrent Start) (G1 Evacuation Pause) 3561M->1384M(4096M) 116.240ms
[3500.849s][info][gc             ] GC(798) Concurrent Mark Cycle
[3500.849s][info][gc,marking     ] GC(798) Concurrent Scan Root Regions
[3500.849s][info][gc,cpu         ] GC(797) User=0.69s Sys=0.00s Real=0.11s
[3501.019s][info][gc,marking     ] GC(798) Concurrent Scan Root Regions 169.325ms
[3501.019s][info][gc,marking     ] GC(798) Concurrent Mark
[3501.019s][info][gc,marking     ] GC(798) Concurrent Mark From Roots
[3501.019s][info][gc,task        ] GC(798) Using 2 workers of 2 for marking
.[3501.752s][info][gc,marking     ] GC(798) Concurrent Mark From Roots 733.674ms
[3501.752s][info][gc,marking     ] GC(798) Concurrent Preclean
[3501.753s][info][gc,marking     ] GC(798) Concurrent Preclean 0.113ms
[3501.753s][info][gc,start       ] GC(798) Pause Remark
[3501.758s][info][gc             ] GC(798) Pause Remark 2141M->2141M(4096M) 5.477ms
[3501.758s][info][gc,cpu         ] GC(798) User=0.03s Sys=0.00s Real=0.01s
[3501.758s][info][gc,marking     ] GC(798) Concurrent Mark 739.522ms
[3501.758s][info][gc,marking     ] GC(798) Concurrent Rebuild Remembered Sets and Scrub Regions
[3502.011s][info][gc,marking     ] GC(798) Concurrent Rebuild Remembered Sets and Scrub Regions 252.326ms
[3502.012s][info][gc,start       ] GC(798) Pause Cleanup
[3502.012s][info][gc             ] GC(798) Pause Cleanup 2325M->2325M(4096M) 0.122ms
[3502.012s][info][gc,cpu         ] GC(798) User=0.00s Sys=0.00s Real=0.00s
[3502.012s][info][gc,marking     ] GC(798) Concurrent Clear Claimed Marks
[3502.012s][info][gc,marking     ] GC(798) Concurrent Clear Claimed Marks 0.036ms
[3502.012s][info][gc,marking     ] GC(798) Concurrent Cleanup for Next Mark
[3502.017s][info][gc,marking     ] GC(798) Concurrent Cleanup for Next Mark 4.616ms
[3502.017s][info][gc             ] GC(798) Concurrent Mark Cycle 1167.349ms
..[3503.783s][info][gc,start       ] GC(799) Pause Young (Prepare Mixed) (G1 Evacuation Pause)
[3503.783s][info][gc,task        ] GC(799) Using 6 workers of 6 for evacuation
[3503.898s][info][gc,phases      ] GC(799)   Pre Evacuate Collection Set: 0.33ms
[3503.898s][info][gc,phases      ] GC(799)   Merge Heap Roots: 0.58ms
[3503.898s][info][gc,phases      ] GC(799)   Evacuate Collection Set: 113.04ms
[3503.898s][info][gc,phases      ] GC(799)   Post Evacuate Collection Set: 0.92ms
[3503.898s][info][gc,phases      ] GC(799)   Other: 0.09ms
[3503.898s][info][gc,heap        ] GC(799) Eden regions: 1121->0(1112)
[3503.898s][info][gc,heap        ] GC(799) Survivor regions: 107->108(154)
[3503.898s][info][gc,heap        ] GC(799) Old regions: 506->537
[3503.898s][info][gc,heap        ] GC(799) Humongous regions: 80->80
[3503.898s][info][gc,metaspace   ] GC(799) Metaspace: 28908K(29312K)->28908K(29312K) NonClass: 24039K(24256K)->24039K(24256K) Class: 4868K(5056K)->4868K(5056K)
[3503.898s][info][gc             ] GC(799) Pause Young (Prepare Mixed) (G1 Evacuation Pause) 3626M->1449M(4096M) 115.089ms
[3503.898s][info][gc,cpu         ] GC(799) User=0.68s Sys=0.00s Real=0.11s
...[3506.836s][info][gc,start       ] GC(800) Pause Young (Mixed) (G1 Evacuation Pause)
[3506.836s][info][gc,task        ] GC(800) Using 6 workers of 6 for evacuation
[3506.975s][info][gc,phases      ] GC(800)   Pre Evacuate Collection Set: 0.35ms
[3506.975s][info][gc,phases      ] GC(800)   Merge Heap Roots: 0.72ms
[3506.975s][info][gc,phases      ] GC(800)   Evacuate Collection Set: 136.90ms
[3506.975s][info][gc,phases      ] GC(800)   Post Evacuate Collection Set: 0.96ms
[3506.975s][info][gc,phases      ] GC(800)   Other: 0.09ms
[3506.975s][info][gc,heap        ] GC(800) Eden regions: 1112->0(1115)
[3506.975s][info][gc,heap        ] GC(800) Survivor regions: 108->113(153)
[3506.975s][info][gc,heap        ] GC(800) Old regions: 537->473
[3506.975s][info][gc,heap        ] GC(800) Humongous regions: 80->80
[3506.975s][info][gc,metaspace   ] GC(800) Metaspace: 28908K(29312K)->28908K(29312K) NonClass: 24039K(24256K)->24039K(24256K) Class: 4868K(5056K)->4868K(5056K)
[3506.975s][info][gc             ] GC(800) Pause Young (Mixed) (G1 Evacuation Pause) 3673M->1331M(4096M) 139.149ms
[3506.975s][info][gc,cpu         ] GC(800) User=0.83s Sys=0.00s Real=0.14s
...[3509.834s][info][gc,start       ] GC(801) Pause Young (Concurrent Start) (G1 Evacuation Pause)
[3509.834s][info][gc,task        ] GC(801) Using 6 workers of 6 for evacuation
[3509.951s][info][gc,phases      ] GC(801)   Pre Evacuate Collection Set: 0.40ms
[3509.951s][info][gc,phases      ] GC(801)   Merge Heap Roots: 0.50ms
[3509.951s][info][gc,phases      ] GC(801)   Evacuate Collection Set: 114.97ms
[3509.951s][info][gc,phases      ] GC(801)   Post Evacuate Collection Set: 0.89ms
[3509.951s][info][gc,phases      ] GC(801)   Other: 0.13ms
[3509.951s][info][gc,heap        ] GC(801) Eden regions: 1115->0(1118)
[3509.951s][info][gc,heap        ] GC(801) Survivor regions: 113->110(154)
[3509.951s][info][gc,heap        ] GC(801) Old regions: 473->505
[3509.951s][info][gc,heap        ] GC(801) Humongous regions: 80->80
[3509.951s][info][gc,metaspace   ] GC(801) Metaspace: 28908K(29312K)->28908K(29312K) NonClass: 24039K(24256K)->24039K(24256K) Class: 4868K(5056K)->4868K(5056K)
[3509.951s][info][gc             ] GC(801) Pause Young (Concurrent Start) (G1 Evacuation Pause) 3561M->1388M(4096M) 117.037ms
[3509.951s][info][gc             ] GC(802) Concurrent Mark Cycle
[3509.951s][info][gc,marking     ] GC(802) Concurrent Scan Root Regions
[3509.951s][info][gc,cpu         ] GC(801) User=0.69s Sys=0.00s Real=0.11s
[3510.084s][info][gc,marking     ] GC(802) Concurrent Scan Root Regions 132.506ms
[3510.084s][info][gc,marking     ] GC(802) Concurrent Mark
[3510.084s][info][gc,marking     ] GC(802) Concurrent Mark From Roots
[3510.084s][info][gc,task        ] GC(802) Using 2 workers of 2 for marking
.[3510.794s][info][gc,marking     ] GC(802) Concurrent Mark From Roots 709.982ms
[3510.794s][info][gc,marking     ] GC(802) Concurrent Preclean
[3510.794s][info][gc,marking     ] GC(802) Concurrent Preclean 0.103ms
[3510.795s][info][gc,start       ] GC(802) Pause Remark
[3510.800s][info][gc             ] GC(802) Pause Remark 2080M->2080M(4096M) 5.025ms
[3510.800s][info][gc,cpu         ] GC(802) User=0.03s Sys=0.00s Real=0.00s
[3510.800s][info][gc,marking     ] GC(802) Concurrent Mark 716.238ms
[3510.800s][info][gc,marking     ] GC(802) Concurrent Rebuild Remembered Sets and Scrub Regions
[3511.049s][info][gc,marking     ] GC(802) Concurrent Rebuild Remembered Sets and Scrub Regions 248.889ms
[3511.049s][info][gc,start       ] GC(802) Pause Cleanup
[3511.049s][info][gc             ] GC(802) Pause Cleanup 2244M->2244M(4096M) 0.112ms
[3511.049s][info][gc,cpu         ] GC(802) User=0.00s Sys=0.00s Real=0.00s
[3511.049s][info][gc,marking     ] GC(802) Concurrent Clear Claimed Marks
[3511.049s][info][gc,marking     ] GC(802) Concurrent Clear Claimed Marks 0.029ms
[3511.049s][info][gc,marking     ] GC(802) Concurrent Cleanup for Next Mark
[3511.055s][info][gc,marking     ] GC(802) Concurrent Cleanup for Next Mark 5.244ms
[3511.055s][info][gc             ] GC(802) Concurrent Mark Cycle 1103.449ms
..[3512.853s][info][gc,start       ] GC(803) Pause Young (Prepare Mixed) (G1 Evacuation Pause)
[3512.853s][info][gc,task        ] GC(803) Using 6 workers of 6 for evacuation
[3512.971s][info][gc,phases      ] GC(803)   Pre Evacuate Collection Set: 0.33ms
[3512.971s][info][gc,phases      ] GC(803)   Merge Heap Roots: 0.49ms
[3512.971s][info][gc,phases      ] GC(803)   Evacuate Collection Set: 115.86ms
[3512.971s][info][gc,phases      ] GC(803)   Post Evacuate Collection Set: 0.94ms
[3512.971s][info][gc,phases      ] GC(803)   Other: 0.08ms
[3512.971s][info][gc,heap        ] GC(803) Eden regions: 1118->0(1106)
[3512.971s][info][gc,heap        ] GC(803) Survivor regions: 110->111(154)
[3512.971s][info][gc,heap        ] GC(803) Old regions: 505->537
[3512.971s][info][gc,heap        ] GC(803) Humongous regions: 80->80
[3512.971s][info][gc,metaspace   ] GC(803) Metaspace: 28908K(29312K)->28908K(29312K) NonClass: 24039K(24256K)->24039K(24256K) Class: 4868K(5056K)->4868K(5056K)
[3512.971s][info][gc             ] GC(803) Pause Young (Prepare Mixed) (G1 Evacuation Pause) 3624M->1454M(4096M) 117.827ms
[3512.971s][info][gc,cpu         ] GC(803) User=0.69s Sys=0.00s Real=0.12s
...[3515.893s][info][gc,start       ] GC(804) Pause Young (Mixed) (G1 Evacuation Pause)
[3515.893s][info][gc,task        ] GC(804) Using 6 workers of 6 for evacuation
[3516.030s][info][gc,phases      ] GC(804)   Pre Evacuate Collection Set: 0.40ms
[3516.030s][info][gc,phases      ] GC(804)   Merge Heap Roots: 0.77ms
[3516.030s][info][gc,phases      ] GC(804)   Evacuate Collection Set: 134.73ms
[3516.030s][info][gc,phases      ] GC(804)   Post Evacuate Collection Set: 0.95ms
[3516.030s][info][gc,phases      ] GC(804)   Other: 0.09ms
[3516.030s][info][gc,heap        ] GC(804) Eden regions: 1106->0(1118)
[3516.030s][info][gc,heap        ] GC(804) Survivor regions: 111->110(153)
[3516.030s][info][gc,heap        ] GC(804) Old regions: 537->474
[3516.030s][info][gc,heap        ] GC(804) Humongous regions: 80->80
[3516.030s][info][gc,metaspace   ] GC(804) Metaspace: 28908K(29312K)->28908K(29312K) NonClass: 24039K(24256K)->24039K(24256K) Class: 4868K(5056K)->4868K(5056K)
[3516.030s][info][gc             ] GC(804) Pause Young (Mixed) (G1 Evacuation Pause) 3666M->1326M(4096M) 137.072ms
[3516.030s][info][gc,cpu         ] GC(804) User=0.81s Sys=0.00s Real=0.14s
...[3518.963s][info][gc,start       ] GC(805) Pause Young (Concurrent Start) (G1 Evacuation Pause)
[3518.963s][info][gc,task        ] GC(805) Using 6 workers of 6 for evacuation
[3519.079s][info][gc,phases      ] GC(805)   Pre Evacuate Collection Set: 0.38ms
[3519.079s][info][gc,phases      ] GC(805)   Merge Heap Roots: 0.44ms
[3519.079s][info][gc,phases      ] GC(805)   Evacuate Collection Set: 114.19ms
[3519.079s][info][gc,phases      ] GC(805)   Post Evacuate Collection Set: 0.89ms
[3519.079s][info][gc,phases      ] GC(805)   Other: 0.13ms
[3519.079s][info][gc,heap        ] GC(805) Eden regions: 1118->0(1118)
[3519.079s][info][gc,heap        ] GC(805) Survivor regions: 110->110(154)
[3519.079s][info][gc,heap        ] GC(805) Old regions: 474->505
[3519.079s][info][gc,heap        ] GC(805) Humongous regions: 80->80
[3519.079s][info][gc,metaspace   ] GC(805) Metaspace: 28908K(29312K)->28908K(29312K) NonClass: 24039K(24256K)->24039K(24256K) Class: 4868K(5056K)->4868K(5056K)
[3519.079s][info][gc             ] GC(805) Pause Young (Concurrent Start) (G1 Evacuation Pause) 3562M->1388M(4096M) 116.173ms
[3519.079s][info][gc             ] GC(806) Concurrent Mark Cycle
[3519.079s][info][gc,marking     ] GC(806) Concurrent Scan Root Regions
[3519.079s][info][gc,cpu         ] GC(805) User=0.69s Sys=0.01s Real=0.12s
[3519.241s][info][gc,marking     ] GC(806) Concurrent Scan Root Regions 162.399ms
[3519.241s][info][gc,marking     ] GC(806) Concurrent Mark
[3519.241s][info][gc,marking     ] GC(806) Concurrent Mark From Roots
[3519.241s][info][gc,task        ] GC(806) Using 2 workers of 2 for marking
.[3519.951s][info][gc,marking     ] GC(806) Concurrent Mark From Roots 709.843ms
[3519.951s][info][gc,marking     ] GC(806) Concurrent Preclean
[3519.951s][info][gc,marking     ] GC(806) Concurrent Preclean 0.157ms
[3519.953s][info][gc,start       ] GC(806) Pause Remark
[3519.958s][info][gc             ] GC(806) Pause Remark 2110M->2110M(4096M) 5.184ms
[3519.958s][info][gc,cpu         ] GC(806) User=0.03s Sys=0.00s Real=0.01s
[3519.959s][info][gc,marking     ] GC(806) Concurrent Mark 717.484ms
[3519.959s][info][gc,marking     ] GC(806) Concurrent Rebuild Remembered Sets and Scrub Regions
[3520.205s][info][gc,marking     ] GC(806) Concurrent Rebuild Remembered Sets and Scrub Regions 246.215ms
[3520.205s][info][gc,start       ] GC(806) Pause Cleanup
[3520.205s][info][gc             ] GC(806) Pause Cleanup 2276M->2276M(4096M) 0.109ms
[3520.205s][info][gc,cpu         ] GC(806) User=0.00s Sys=0.00s Real=0.00s
[3520.205s][info][gc,marking     ] GC(806) Concurrent Clear Claimed Marks
[3520.205s][info][gc,marking     ] GC(806) Concurrent Clear Claimed Marks 0.026ms
[3520.205s][info][gc,marking     ] GC(806) Concurrent Cleanup for Next Mark
[3520.209s][info][gc,marking     ] GC(806) Concurrent Cleanup for Next Mark 3.274ms
[3520.209s][info][gc             ] GC(806) Concurrent Mark Cycle 1129.813ms
..[3521.998s][info][gc,start       ] GC(807) Pause Young (Prepare Mixed) (G1 Evacuation Pause)
[3521.998s][info][gc,task        ] GC(807) Using 6 workers of 6 for evacuation
[3522.114s][info][gc,phases      ] GC(807)   Pre Evacuate Collection Set: 0.38ms
[3522.114s][info][gc,phases      ] GC(807)   Merge Heap Roots: 0.65ms
[3522.114s][info][gc,phases      ] GC(807)   Evacuate Collection Set: 113.99ms
[3522.115s][info][gc,phases      ] GC(807)   Post Evacuate Collection Set: 0.94ms
[3522.115s][info][gc,phases      ] GC(807)   Other: 0.09ms
[3522.115s][info][gc,heap        ] GC(807) Eden regions: 1118->0(1108)
[3522.115s][info][gc,heap        ] GC(807) Survivor regions: 110->110(154)
[3522.115s][info][gc,heap        ] GC(807) Old regions: 505->537
[3522.115s][info][gc,heap        ] GC(807) Humongous regions: 80->80
[3522.115s][info][gc,metaspace   ] GC(807) Metaspace: 28908K(29312K)->28908K(29312K) NonClass: 24039K(24256K)->24039K(24256K) Class: 4868K(5056K)->4868K(5056K)
[3522.115s][info][gc             ] GC(807) Pause Young (Prepare Mixed) (G1 Evacuation Pause) 3624M->1453M(4096M) 116.169ms
[3522.115s][info][gc,cpu         ] GC(807) User=0.69s Sys=0.00s Real=0.12s
...[3525.065s][info][gc,start       ] GC(808) Pause Young (Mixed) (G1 Evacuation Pause)
[3525.065s][info][gc,task        ] GC(808) Using 6 workers of 6 for evacuation
[3525.201s][info][gc,phases      ] GC(808)   Pre Evacuate Collection Set: 0.39ms
[3525.201s][info][gc,phases      ] GC(808)   Merge Heap Roots: 0.70ms
[3525.201s][info][gc,phases      ] GC(808)   Evacuate Collection Set: 134.42ms
[3525.201s][info][gc,phases      ] GC(808)   Post Evacuate Collection Set: 0.96ms
[3525.201s][info][gc,phases      ] GC(808)   Other: 0.09ms
[3525.201s][info][gc,heap        ] GC(808) Eden regions: 1108->0(1116)
[3525.201s][info][gc,heap        ] GC(808) Survivor regions: 110->112(153)
[3525.201s][info][gc,heap        ] GC(808) Old regions: 537->473
[3525.201s][info][gc,heap        ] GC(808) Humongous regions: 80->80
[3525.202s][info][gc,metaspace   ] GC(808) Metaspace: 28908K(29312K)->28908K(29312K) NonClass: 24039K(24256K)->24039K(24256K) Class: 4868K(5056K)->4868K(5056K)
[3525.202s][info][gc             ] GC(808) Pause Young (Mixed) (G1 Evacuation Pause) 3669M->1327M(4096M) 136.701ms
[3525.202s][info][gc,cpu         ] GC(808) User=0.81s Sys=0.00s Real=0.13s
...[3528.107s][info][gc,start       ] GC(809) Pause Young (Concurrent Start) (G1 Evacuation Pause)
[3528.107s][info][gc,task        ] GC(809) Using 6 workers of 6 for evacuation
[3528.225s][info][gc,phases      ] GC(809)   Pre Evacuate Collection Set: 0.38ms
[3528.225s][info][gc,phases      ] GC(809)   Merge Heap Roots: 0.52ms
[3528.225s][info][gc,phases      ] GC(809)   Evacuate Collection Set: 116.08ms
[3528.225s][info][gc,phases      ] GC(809)   Post Evacuate Collection Set: 0.86ms
[3528.225s][info][gc,phases      ] GC(809)   Other: 0.10ms
[3528.225s][info][gc,heap        ] GC(809) Eden regions: 1116->0(1118)
[3528.225s][info][gc,heap        ] GC(809) Survivor regions: 112->110(154)
[3528.225s][info][gc,heap        ] GC(809) Old regions: 473->505
[3528.225s][info][gc,heap        ] GC(809) Humongous regions: 80->80
[3528.225s][info][gc,metaspace   ] GC(809) Metaspace: 28908K(29312K)->28908K(29312K) NonClass: 24039K(24256K)->24039K(24256K) Class: 4868K(5056K)->4868K(5056K)
[3528.225s][info][gc             ] GC(809) Pause Young (Concurrent Start) (G1 Evacuation Pause) 3559M->1388M(4096M) 118.071ms
[3528.225s][info][gc             ] GC(810) Concurrent Mark Cycle
[3528.225s][info][gc,marking     ] GC(810) Concurrent Scan Root Regions
[3528.225s][info][gc,cpu         ] GC(809) User=0.70s Sys=0.00s Real=0.12s
[3528.399s][info][gc,marking     ] GC(810) Concurrent Scan Root Regions 173.662ms
[3528.399s][info][gc,marking     ] GC(810) Concurrent Mark
[3528.399s][info][gc,marking     ] GC(810) Concurrent Mark From Roots
[3528.399s][info][gc,task        ] GC(810) Using 2 workers of 2 for marking
.[3529.351s][info][gc,marking     ] GC(810) Concurrent Mark From Roots 952.448ms
[3529.351s][info][gc,marking     ] GC(810) Concurrent Preclean
[3529.351s][info][gc,marking     ] GC(810) Concurrent Preclean 0.144ms
[3529.351s][info][gc,start       ] GC(810) Pause Remark
[3529.358s][info][gc             ] GC(810) Pause Remark 2303M->2303M(4096M) 6.547ms
[3529.358s][info][gc,cpu         ] GC(810) User=0.04s Sys=0.00s Real=0.01s
[3529.358s][info][gc,marking     ] GC(810) Concurrent Mark 959.472ms
[3529.358s][info][gc,marking     ] GC(810) Concurrent Rebuild Remembered Sets and Scrub Regions
[3529.606s][info][gc,marking     ] GC(810) Concurrent Rebuild Remembered Sets and Scrub Regions 247.689ms
[3529.606s][info][gc,start       ] GC(810) Pause Cleanup
[3529.606s][info][gc             ] GC(810) Pause Cleanup 2471M->2471M(4096M) 0.117ms
[3529.606s][info][gc,cpu         ] GC(810) User=0.00s Sys=0.00s Real=0.00s
[3529.606s][info][gc,marking     ] GC(810) Concurrent Clear Claimed Marks
[3529.606s][info][gc,marking     ] GC(810) Concurrent Clear Claimed Marks 0.023ms
[3529.606s][info][gc,marking     ] GC(810) Concurrent Cleanup for Next Mark
[3529.611s][info][gc,marking     ] GC(810) Concurrent Cleanup for Next Mark 4.636ms
[3529.611s][info][gc             ] GC(810) Concurrent Mark Cycle 1385.960ms
..[3531.111s][info][gc,start       ] GC(811) Pause Young (Prepare Mixed) (G1 Evacuation Pause)
[3531.111s][info][gc,task        ] GC(811) Using 6 workers of 6 for evacuation
[3531.228s][info][gc,phases      ] GC(811)   Pre Evacuate Collection Set: 0.33ms
[3531.228s][info][gc,phases      ] GC(811)   Merge Heap Roots: 0.52ms
[3531.228s][info][gc,phases      ] GC(811)   Evacuate Collection Set: 114.72ms
[3531.228s][info][gc,phases      ] GC(811)   Post Evacuate Collection Set: 0.93ms
[3531.228s][info][gc,phases      ] GC(811)   Other: 0.09ms
[3531.228s][info][gc,heap        ] GC(811) Eden regions: 1118->0(1110)
[3531.228s][info][gc,heap        ] GC(811) Survivor regions: 110->109(154)
[3531.228s][info][gc,heap        ] GC(811) Old regions: 505->537
[3531.228s][info][gc,heap        ] GC(811) Humongous regions: 80->80
[3531.228s][info][gc,metaspace   ] GC(811) Metaspace: 28908K(29312K)->28908K(29312K) NonClass: 24039K(24256K)->24039K(24256K) Class: 4868K(5056K)->4868K(5056K)
[3531.228s][info][gc             ] GC(811) Pause Young (Prepare Mixed) (G1 Evacuation Pause) 3624M->1450M(4096M) 116.748ms
[3531.228s][info][gc,cpu         ] GC(811) User=0.69s Sys=0.00s Real=0.12s
...[3534.125s][info][gc,start       ] GC(812) Pause Young (Mixed) (G1 Evacuation Pause)
[3534.125s][info][gc,task        ] GC(812) Using 6 workers of 6 for evacuation
[3534.260s][info][gc,phases      ] GC(812)   Pre Evacuate Collection Set: 0.35ms
[3534.260s][info][gc,phases      ] GC(812)   Merge Heap Roots: 0.63ms
[3534.260s][info][gc,phases      ] GC(812)   Evacuate Collection Set: 133.04ms
[3534.260s][info][gc,phases      ] GC(812)   Post Evacuate Collection Set: 0.94ms
[3534.260s][info][gc,phases      ] GC(812)   Other: 0.09ms
[3534.260s][info][gc,heap        ] GC(812) Eden regions: 1110->0(1117)
[3534.260s][info][gc,heap        ] GC(812) Survivor regions: 109->111(153)
[3534.260s][info][gc,heap        ] GC(812) Old regions: 537->475
[3534.260s][info][gc,heap        ] GC(812) Humongous regions: 80->80
[3534.260s][info][gc,metaspace   ] GC(812) Metaspace: 28908K(29312K)->28908K(29312K) NonClass: 24039K(24256K)->24039K(24256K) Class: 4868K(5056K)->4868K(5056K)
[3534.260s][info][gc             ] GC(812) Pause Young (Mixed) (G1 Evacuation Pause) 3670M->1330M(4096M) 135.186ms
[3534.260s][info][gc,cpu         ] GC(812) User=0.80s Sys=0.00s Real=0.13s
...[3537.162s][info][gc,start       ] GC(813) Pause Young (Concurrent Start) (G1 Evacuation Pause)
[3537.162s][info][gc,task        ] GC(813) Using 6 workers of 6 for evacuation
[3537.280s][info][gc,phases      ] GC(813)   Pre Evacuate Collection Set: 0.36ms
[3537.280s][info][gc,phases      ] GC(813)   Merge Heap Roots: 0.56ms
[3537.280s][info][gc,phases      ] GC(813)   Evacuate Collection Set: 115.87ms
[3537.280s][info][gc,phases      ] GC(813)   Post Evacuate Collection Set: 0.88ms
[3537.280s][info][gc,phases      ] GC(813)   Other: 0.10ms
[3537.280s][info][gc,heap        ] GC(813) Eden regions: 1117->0(1117)
[3537.280s][info][gc,heap        ] GC(813) Survivor regions: 111->111(154)
[3537.280s][info][gc,heap        ] GC(813) Old regions: 475->507
[3537.280s][info][gc,heap        ] GC(813) Humongous regions: 80->80
[3537.280s][info][gc,metaspace   ] GC(813) Metaspace: 28908K(29312K)->28908K(29312K) NonClass: 24039K(24256K)->24039K(24256K) Class: 4868K(5056K)->4868K(5056K)
[3537.280s][info][gc             ] GC(813) Pause Young (Concurrent Start) (G1 Evacuation Pause) 3564M->1393M(4096M) 117.950ms
[3537.280s][info][gc             ] GC(814) Concurrent Mark Cycle
[3537.280s][info][gc,marking     ] GC(814) Concurrent Scan Root Regions
[3537.280s][info][gc,cpu         ] GC(813) User=0.70s Sys=0.00s Real=0.12s
[3537.456s][info][gc,marking     ] GC(814) Concurrent Scan Root Regions 176.302ms
[3537.456s][info][gc,marking     ] GC(814) Concurrent Mark
[3537.456s][info][gc,marking     ] GC(814) Concurrent Mark From Roots
[3537.456s][info][gc,task        ] GC(814) Using 2 workers of 2 for marking
.[3538.168s][info][gc,marking     ] GC(814) Concurrent Mark From Roots 711.933ms
[3538.168s][info][gc,marking     ] GC(814) Concurrent Preclean
[3538.168s][info][gc,marking     ] GC(814) Concurrent Preclean 0.122ms
[3538.168s][info][gc,start       ] GC(814) Pause Remark
[3538.172s][info][gc             ] GC(814) Pause Remark 2131M->2131M(4096M) 3.944ms
[3538.173s][info][gc,cpu         ] GC(814) User=0.02s Sys=0.00s Real=0.00s
[3538.173s][info][gc,marking     ] GC(814) Concurrent Mark 716.493ms
[3538.173s][info][gc,marking     ] GC(814) Concurrent Rebuild Remembered Sets and Scrub Regions
[3538.498s][info][gc,marking     ] GC(814) Concurrent Rebuild Remembered Sets and Scrub Regions 324.752ms
[3538.498s][info][gc,start       ] GC(814) Pause Cleanup
[3538.498s][info][gc             ] GC(814) Pause Cleanup 2394M->2394M(4096M) 0.113ms
[3538.498s][info][gc,cpu         ] GC(814) User=0.00s Sys=0.00s Real=0.00s
[3538.498s][info][gc,marking     ] GC(814) Concurrent Clear Claimed Marks
[3538.498s][info][gc,marking     ] GC(814) Concurrent Clear Claimed Marks 0.022ms
[3538.498s][info][gc,marking     ] GC(814) Concurrent Cleanup for Next Mark
[3538.501s][info][gc,marking     ] GC(814) Concurrent Cleanup for Next Mark 3.202ms
[3538.501s][info][gc             ] GC(814) Concurrent Mark Cycle 1221.180ms
..[3540.214s][info][gc,start       ] GC(815) Pause Young (Prepare Mixed) (G1 Evacuation Pause)
[3540.214s][info][gc,task        ] GC(815) Using 6 workers of 6 for evacuation
[3540.331s][info][gc,phases      ] GC(815)   Pre Evacuate Collection Set: 0.34ms
[3540.331s][info][gc,phases      ] GC(815)   Merge Heap Roots: 0.57ms
[3540.331s][info][gc,phases      ] GC(815)   Evacuate Collection Set: 114.54ms
[3540.331s][info][gc,phases      ] GC(815)   Post Evacuate Collection Set: 0.94ms
[3540.331s][info][gc,phases      ] GC(815)   Other: 0.10ms
[3540.331s][info][gc,heap        ] GC(815) Eden regions: 1117->0(1109)
[3540.331s][info][gc,heap        ] GC(815) Survivor regions: 111->109(154)
[3540.331s][info][gc,heap        ] GC(815) Old regions: 507->538
[3540.331s][info][gc,heap        ] GC(815) Humongous regions: 80->80
[3540.331s][info][gc,metaspace   ] GC(815) Metaspace: 28908K(29312K)->28908K(29312K) NonClass: 24039K(24256K)->24039K(24256K) Class: 4868K(5056K)->4868K(5056K)
[3540.331s][info][gc             ] GC(815) Pause Young (Prepare Mixed) (G1 Evacuation Pause) 3627M->1453M(4096M) 116.623ms
[3540.331s][info][gc,cpu         ] GC(815) User=0.69s Sys=0.00s Real=0.11s
...[3543.203s][info][gc,start       ] GC(816) Pause Young (Mixed) (G1 Evacuation Pause)
[3543.203s][info][gc,task        ] GC(816) Using 6 workers of 6 for evacuation
[3543.338s][info][gc,phases      ] GC(816)   Pre Evacuate Collection Set: 0.38ms
[3543.338s][info][gc,phases      ] GC(816)   Merge Heap Roots: 0.72ms
[3543.338s][info][gc,phases      ] GC(816)   Evacuate Collection Set: 133.10ms
[3543.338s][info][gc,phases      ] GC(816)   Post Evacuate Collection Set: 0.98ms
[3543.338s][info][gc,phases      ] GC(816)   Other: 0.11ms
[3543.338s][info][gc,heap        ] GC(816) Eden regions: 1109->0(1119)
[3543.338s][info][gc,heap        ] GC(816) Survivor regions: 109->109(153)
[3543.338s][info][gc,heap        ] GC(816) Old regions: 538->473
[3543.338s][info][gc,heap        ] GC(816) Humongous regions: 80->80
[3543.338s][info][gc,metaspace   ] GC(816) Metaspace: 28908K(29312K)->28908K(29312K) NonClass: 24039K(24256K)->24039K(24256K) Class: 4868K(5056K)->4868K(5056K)
[3543.338s][info][gc             ] GC(816) Pause Young (Mixed) (G1 Evacuation Pause) 3671M->1323M(4096M) 135.403ms
[3543.338s][info][gc,cpu         ] GC(816) User=0.80s Sys=0.00s Real=0.14s
...[3546.263s][info][gc,start       ] GC(817) Pause Young (Concurrent Start) (G1 Evacuation Pause)
[3546.263s][info][gc,task        ] GC(817) Using 6 workers of 6 for evacuation
[3546.380s][info][gc,phases      ] GC(817)   Pre Evacuate Collection Set: 0.36ms
[3546.380s][info][gc,phases      ] GC(817)   Merge Heap Roots: 0.49ms
[3546.380s][info][gc,phases      ] GC(817)   Evacuate Collection Set: 115.14ms
[3546.380s][info][gc,phases      ] GC(817)   Post Evacuate Collection Set: 0.88ms
[3546.380s][info][gc,phases      ] GC(817)   Other: 0.10ms
[3546.380s][info][gc,heap        ] GC(817) Eden regions: 1119->0(1119)
[3546.381s][info][gc,heap        ] GC(817) Survivor regions: 109->109(154)
[3546.381s][info][gc,heap        ] GC(817) Old regions: 473->505
[3546.381s][info][gc,heap        ] GC(817) Humongous regions: 80->80
[3546.381s][info][gc,metaspace   ] GC(817) Metaspace: 28908K(29312K)->28908K(29312K) NonClass: 24039K(24256K)->24039K(24256K) Class: 4868K(5056K)->4868K(5056K)
[3546.381s][info][gc             ] GC(817) Pause Young (Concurrent Start) (G1 Evacuation Pause) 3561M->1387M(4096M) 117.118ms
[3546.381s][info][gc             ] GC(818) Concurrent Mark Cycle
[3546.381s][info][gc,marking     ] GC(818) Concurrent Scan Root Regions
[3546.381s][info][gc,cpu         ] GC(817) User=0.70s Sys=0.00s Real=0.11s
[3546.558s][info][gc,marking     ] GC(818) Concurrent Scan Root Regions 177.329ms
[3546.558s][info][gc,marking     ] GC(818) Concurrent Mark
[3546.558s][info][gc,marking     ] GC(818) Concurrent Mark From Roots
[3546.558s][info][gc,task        ] GC(818) Using 2 workers of 2 for marking
.[3547.560s][info][gc,marking     ] GC(818) Concurrent Mark From Roots 1002.306ms
[3547.560s][info][gc,marking     ] GC(818) Concurrent Preclean
[3547.560s][info][gc,marking     ] GC(818) Concurrent Preclean 0.101ms
[3547.561s][info][gc,start       ] GC(818) Pause Remark
[3547.567s][info][gc             ] GC(818) Pause Remark 2365M->2365M(4096M) 6.325ms
[3547.567s][info][gc,cpu         ] GC(818) User=0.04s Sys=0.00s Real=0.01s
[3547.567s][info][gc,marking     ] GC(818) Concurrent Mark 1008.979ms
[3547.567s][info][gc,marking     ] GC(818) Concurrent Rebuild Remembered Sets and Scrub Regions
[3547.827s][info][gc,marking     ] GC(818) Concurrent Rebuild Remembered Sets and Scrub Regions 260.455ms
[3547.829s][info][gc,start       ] GC(818) Pause Cleanup
[3547.829s][info][gc             ] GC(818) Pause Cleanup 2557M->2557M(4096M) 0.112ms
[3547.829s][info][gc,cpu         ] GC(818) User=0.00s Sys=0.00s Real=0.00s
[3547.829s][info][gc,marking     ] GC(818) Concurrent Clear Claimed Marks
[3547.829s][info][gc,marking     ] GC(818) Concurrent Clear Claimed Marks 0.021ms
[3547.829s][info][gc,marking     ] GC(818) Concurrent Cleanup for Next Mark
[3547.836s][info][gc,marking     ] GC(818) Concurrent Cleanup for Next Mark 7.687ms
[3547.837s][info][gc             ] GC(818) Concurrent Mark Cycle 1455.964ms
..[3549.288s][info][gc,start       ] GC(819) Pause Young (Prepare Mixed) (G1 Evacuation Pause)
[3549.288s][info][gc,task        ] GC(819) Using 6 workers of 6 for evacuation
[3549.407s][info][gc,phases      ] GC(819)   Pre Evacuate Collection Set: 0.35ms
[3549.407s][info][gc,phases      ] GC(819)   Merge Heap Roots: 0.59ms
[3549.407s][info][gc,phases      ] GC(819)   Evacuate Collection Set: 116.93ms
[3549.407s][info][gc,phases      ] GC(819)   Post Evacuate Collection Set: 0.95ms
[3549.407s][info][gc,phases      ] GC(819)   Other: 0.09ms
[3549.407s][info][gc,heap        ] GC(819) Eden regions: 1119->0(1102)
[3549.407s][info][gc,heap        ] GC(819) Survivor regions: 109->113(154)
[3549.407s][info][gc,heap        ] GC(819) Old regions: 505->537
[3549.407s][info][gc,heap        ] GC(819) Humongous regions: 80->80
[3549.407s][info][gc,metaspace   ] GC(819) Metaspace: 28908K(29312K)->28908K(29312K) NonClass: 24039K(24256K)->24039K(24256K) Class: 4868K(5056K)->4868K(5056K)
[3549.407s][info][gc             ] GC(819) Pause Young (Prepare Mixed) (G1 Evacuation Pause) 3625M->1457M(4096M) 119.059ms
[3549.407s][info][gc,cpu         ] GC(819) User=0.70s Sys=0.00s Real=0.12s
...[3552.353s][info][gc,start       ] GC(820) Pause Young (Mixed) (G1 Evacuation Pause)
[3552.354s][info][gc,task        ] GC(820) Using 6 workers of 6 for evacuation
[3552.489s][info][gc,phases      ] GC(820)   Pre Evacuate Collection Set: 0.39ms
[3552.489s][info][gc,phases      ] GC(820)   Merge Heap Roots: 0.68ms
[3552.489s][info][gc,phases      ] GC(820)   Evacuate Collection Set: 133.30ms
[3552.489s][info][gc,phases      ] GC(820)   Post Evacuate Collection Set: 0.97ms
[3552.489s][info][gc,phases      ] GC(820)   Other: 0.09ms
[3552.489s][info][gc,heap        ] GC(820) Eden regions: 1102->0(1116)
[3552.489s][info][gc,heap        ] GC(820) Survivor regions: 113->112(152)
[3552.489s][info][gc,heap        ] GC(820) Old regions: 537->473
[3552.489s][info][gc,heap        ] GC(820) Humongous regions: 80->80
[3552.489s][info][gc,metaspace   ] GC(820) Metaspace: 28908K(29312K)->28908K(29312K) NonClass: 24040K(24256K)->24040K(24256K) Class: 4868K(5056K)->4868K(5056K)
[3552.489s][info][gc             ] GC(820) Pause Young (Mixed) (G1 Evacuation Pause) 3661M->1327M(4096M) 135.574ms
[3552.489s][info][gc,cpu         ] GC(820) User=0.80s Sys=0.00s Real=0.13s
...[3555.324s][info][gc,start       ] GC(821) Pause Young (Concurrent Start) (G1 Evacuation Pause)
[3555.324s][info][gc,task        ] GC(821) Using 6 workers of 6 for evacuation
[3555.441s][info][gc,phases      ] GC(821)   Pre Evacuate Collection Set: 0.40ms
[3555.441s][info][gc,phases      ] GC(821)   Merge Heap Roots: 0.52ms
[3555.441s][info][gc,phases      ] GC(821)   Evacuate Collection Set: 115.22ms
[3555.441s][info][gc,phases      ] GC(821)   Post Evacuate Collection Set: 0.88ms
[3555.441s][info][gc,phases      ] GC(821)   Other: 0.11ms
[3555.441s][info][gc,heap        ] GC(821) Eden regions: 1116->0(1118)
[3555.441s][info][gc,heap        ] GC(821) Survivor regions: 112->110(154)
[3555.441s][info][gc,heap        ] GC(821) Old regions: 473->505
[3555.441s][info][gc,heap        ] GC(821) Humongous regions: 80->80
[3555.441s][info][gc,metaspace   ] GC(821) Metaspace: 28908K(29312K)->28908K(29312K) NonClass: 24040K(24256K)->24040K(24256K) Class: 4868K(5056K)->4868K(5056K)
[3555.441s][info][gc             ] GC(821) Pause Young (Concurrent Start) (G1 Evacuation Pause) 3559M->1387M(4096M) 117.285ms
[3555.441s][info][gc             ] GC(822) Concurrent Mark Cycle
[3555.441s][info][gc,marking     ] GC(822) Concurrent Scan Root Regions
[3555.441s][info][gc,cpu         ] GC(821) User=0.69s Sys=0.01s Real=0.11s
[3555.620s][info][gc,marking     ] GC(822) Concurrent Scan Root Regions 178.623ms
[3555.620s][info][gc,marking     ] GC(822) Concurrent Mark
[3555.620s][info][gc,marking     ] GC(822) Concurrent Mark From Roots
[3555.620s][info][gc,task        ] GC(822) Using 2 workers of 2 for marking
.[3556.495s][info][gc,marking     ] GC(822) Concurrent Mark From Roots 875.271ms
[3556.495s][info][gc,marking     ] GC(822) Concurrent Preclean
[3556.495s][info][gc,marking     ] GC(822) Concurrent Preclean 0.128ms
[3556.495s][info][gc,start       ] GC(822) Pause Remark
[3556.501s][info][gc             ] GC(822) Pause Remark 2206M->2206M(4096M) 5.614ms
[3556.501s][info][gc,cpu         ] GC(822) User=0.03s Sys=0.00s Real=0.00s
[3556.501s][info][gc,marking     ] GC(822) Concurrent Mark 881.343ms
[3556.501s][info][gc,marking     ] GC(822) Concurrent Rebuild Remembered Sets and Scrub Regions
[3556.833s][info][gc,marking     ] GC(822) Concurrent Rebuild Remembered Sets and Scrub Regions 331.901ms
[3556.833s][info][gc,start       ] GC(822) Pause Cleanup
[3556.833s][info][gc             ] GC(822) Pause Cleanup 2486M->2486M(4096M) 0.117ms
[3556.833s][info][gc,cpu         ] GC(822) User=0.00s Sys=0.00s Real=0.00s
[3556.833s][info][gc,marking     ] GC(822) Concurrent Clear Claimed Marks
[3556.833s][info][gc,marking     ] GC(822) Concurrent Clear Claimed Marks 0.028ms
[3556.833s][info][gc,marking     ] GC(822) Concurrent Cleanup for Next Mark
[3556.838s][info][gc,marking     ] GC(822) Concurrent Cleanup for Next Mark 4.674ms
[3556.838s][info][gc             ] GC(822) Concurrent Mark Cycle 1397.058ms
..[3558.370s][info][gc,start       ] GC(823) Pause Young (Prepare Mixed) (G1 Evacuation Pause)
[3558.370s][info][gc,task        ] GC(823) Using 6 workers of 6 for evacuation
[3558.487s][info][gc,phases      ] GC(823)   Pre Evacuate Collection Set: 0.35ms
[3558.487s][info][gc,phases      ] GC(823)   Merge Heap Roots: 0.51ms
[3558.487s][info][gc,phases      ] GC(823)   Evacuate Collection Set: 115.24ms
[3558.487s][info][gc,phases      ] GC(823)   Post Evacuate Collection Set: 0.93ms
[3558.487s][info][gc,phases      ] GC(823)   Other: 0.09ms
[3558.487s][info][gc,heap        ] GC(823) Eden regions: 1118->0(1108)
[3558.487s][info][gc,heap        ] GC(823) Survivor regions: 110->110(154)
[3558.487s][info][gc,heap        ] GC(823) Old regions: 505->537
[3558.487s][info][gc,heap        ] GC(823) Humongous regions: 80->80
[3558.487s][info][gc,metaspace   ] GC(823) Metaspace: 28908K(29312K)->28908K(29312K) NonClass: 24040K(24256K)->24040K(24256K) Class: 4868K(5056K)->4868K(5056K)
[3558.487s][info][gc             ] GC(823) Pause Young (Prepare Mixed) (G1 Evacuation Pause) 3623M->1452M(4096M) 117.268ms
[3558.487s][info][gc,cpu         ] GC(823) User=0.70s Sys=0.01s Real=0.12s
.. (rIR:aIR:PR = 6227:6228:6228) (tPR = 92874) [OK] 
  3559s: Performance info:
         Transaction,    Success,    Partial,     Failed,   Receipts, AvgBarcode, 
             Overall,     375240,          0,          0,     356477,      59.47, 
         Response times:
             Request,    Success,    Partial,     Failed,   SkipFail,     Probes,    Samples,      min,      p50,      p90,      p95,      p99,      max, 
       TotalPurchase,     356484,          0,          0,          0,     350820,     386569,      300,     5500,    23000,    48000,   116000,   238000,
     InStorePurchase,     187670,          0,          0,          0,     184885,     203372,      300,     5500,    23000,    48000,   116000,   238000,
      OnlinePurchase,     131330,          0,          0,          0,     129341,     142557,      300,     5400,    22000,    48000,   116000,   238000,
        InstPurchase,      37484,          0,          0,          0,      36594,      40640,      400,     5500,    23000,    47000,   116000,   204000,
          AssocOfCat,        375,          0,          0,          0,        296,        400,    21000,    36000,    65000,    81800,   168760,   232000,
      AssocOfProduct,       3746,          0,          0,          0,       3507,       4101,      600,     6300,    26800,    51000,   123000,   148000,
      BusinessReport,        934,          0,          0,          0,        802,       1001,    28000,    46000,    88000,   121000,   182980,   258000,
          CustBuyBeh,       3760,          0,          0,          0,       3484,       4030,      700,     6900,    32000,    62000,   126690,   146000,
       ProductReturn,       9941,          0,          0,          0,       9501,      10893,      200,     5500,    22000,    49000,   113000,   209000,

  3559s: (46%)   IR =   6365 .[3561.393s][info][gc,start       ] GC(824) Pause Young (Mixed) (G1 Evacuation Pause)
[3561.393s][info][gc,task        ] GC(824) Using 6 workers of 6 for evacuation
[3561.528s][info][gc,phases      ] GC(824)   Pre Evacuate Collection Set: 0.39ms
[3561.529s][info][gc,phases      ] GC(824)   Merge Heap Roots: 0.75ms
[3561.529s][info][gc,phases      ] GC(824)   Evacuate Collection Set: 133.71ms
[3561.529s][info][gc,phases      ] GC(824)   Post Evacuate Collection Set: 0.93ms
[3561.529s][info][gc,phases      ] GC(824)   Other: 0.09ms
[3561.529s][info][gc,heap        ] GC(824) Eden regions: 1108->0(1117)
[3561.529s][info][gc,heap        ] GC(824) Survivor regions: 110->111(153)
[3561.529s][info][gc,heap        ] GC(824) Old regions: 537->474
[3561.529s][info][gc,heap        ] GC(824) Humongous regions: 80->80
[3561.529s][info][gc,metaspace   ] GC(824) Metaspace: 28909K(29312K)->28909K(29312K) NonClass: 24041K(24256K)->24041K(24256K) Class: 4868K(5056K)->4868K(5056K)
[3561.529s][info][gc             ] GC(824) Pause Young (Mixed) (G1 Evacuation Pause) 3668M->1327M(4096M) 136.020ms
[3561.529s][info][gc,cpu         ] GC(824) User=0.81s Sys=0.00s Real=0.14s
...|[3564.298s][info][gc,start       ] GC(825) Pause Young (Concurrent Start) (G1 Evacuation Pause)
[3564.298s][info][gc,task        ] GC(825) Using 6 workers of 6 for evacuation
[3564.416s][info][gc,phases      ] GC(825)   Pre Evacuate Collection Set: 0.36ms
[3564.416s][info][gc,phases      ] GC(825)   Merge Heap Roots: 0.45ms
[3564.416s][info][gc,phases      ] GC(825)   Evacuate Collection Set: 116.31ms
[3564.416s][info][gc,phases      ] GC(825)   Post Evacuate Collection Set: 0.89ms
[3564.416s][info][gc,phases      ] GC(825)   Other: 0.12ms
[3564.416s][info][gc,heap        ] GC(825) Eden regions: 1117->0(1118)
[3564.416s][info][gc,heap        ] GC(825) Survivor regions: 111->110(154)
[3564.416s][info][gc,heap        ] GC(825) Old regions: 474->506
[3564.416s][info][gc,heap        ] GC(825) Humongous regions: 80->80
[3564.416s][info][gc,metaspace   ] GC(825) Metaspace: 28909K(29312K)->28909K(29312K) NonClass: 24041K(24256K)->24041K(24256K) Class: 4868K(5056K)->4868K(5056K)
[3564.416s][info][gc             ] GC(825) Pause Young (Concurrent Start) (G1 Evacuation Pause) 3561M->1389M(4096M) 118.271ms
[3564.416s][info][gc             ] GC(826) Concurrent Mark Cycle
[3564.416s][info][gc,marking     ] GC(826) Concurrent Scan Root Regions
[3564.416s][info][gc,cpu         ] GC(825) User=0.70s Sys=0.00s Real=0.12s
[3564.553s][info][gc,marking     ] GC(826) Concurrent Scan Root Regions 137.405ms
[3564.553s][info][gc,marking     ] GC(826) Concurrent Mark
[3564.553s][info][gc,marking     ] GC(826) Concurrent Mark From Roots
[3564.553s][info][gc,task        ] GC(826) Using 2 workers of 2 for marking
.[3565.249s][info][gc,marking     ] GC(826) Concurrent Mark From Roots 695.682ms
[3565.249s][info][gc,marking     ] GC(826) Concurrent Preclean
[3565.249s][info][gc,marking     ] GC(826) Concurrent Preclean 0.125ms
[3565.249s][info][gc,start       ] GC(826) Pause Remark
[3565.255s][info][gc             ] GC(826) Pause Remark 2061M->2061M(4096M) 5.475ms
[3565.255s][info][gc,cpu         ] GC(826) User=0.03s Sys=0.00s Real=0.01s
[3565.255s][info][gc,marking     ] GC(826) Concurrent Mark 701.561ms
[3565.255s][info][gc,marking     ] GC(826) Concurrent Rebuild Remembered Sets and Scrub Regions
[3565.551s][info][gc,marking     ] GC(826) Concurrent Rebuild Remembered Sets and Scrub Regions 296.429ms
[3565.551s][info][gc,start       ] GC(826) Pause Cleanup
[3565.552s][info][gc             ] GC(826) Pause Cleanup 2275M->2275M(4096M) 0.111ms
[3565.552s][info][gc,cpu         ] GC(826) User=0.00s Sys=0.00s Real=0.00s
[3565.552s][info][gc,marking     ] GC(826) Concurrent Clear Claimed Marks
[3565.552s][info][gc,marking     ] GC(826) Concurrent Clear Claimed Marks 0.025ms
[3565.552s][info][gc,marking     ] GC(826) Concurrent Cleanup for Next Mark
[3565.555s][info][gc,marking     ] GC(826) Concurrent Cleanup for Next Mark 3.741ms
[3565.555s][info][gc             ] GC(826) Concurrent Mark Cycle 1139.630ms
..[3567.330s][info][gc,start       ] GC(827) Pause Young (Prepare Mixed) (G1 Evacuation Pause)
[3567.330s][info][gc,task        ] GC(827) Using 6 workers of 6 for evacuation
[3567.448s][info][gc,phases      ] GC(827)   Pre Evacuate Collection Set: 0.38ms
[3567.448s][info][gc,phases      ] GC(827)   Merge Heap Roots: 0.56ms
[3567.448s][info][gc,phases      ] GC(827)   Evacuate Collection Set: 116.47ms
[3567.448s][info][gc,phases      ] GC(827)   Post Evacuate Collection Set: 0.93ms
[3567.448s][info][gc,phases      ] GC(827)   Other: 0.08ms
[3567.448s][info][gc,heap        ] GC(827) Eden regions: 1118->0(1107)
[3567.448s][info][gc,heap        ] GC(827) Survivor regions: 110->110(154)
[3567.448s][info][gc,heap        ] GC(827) Old regions: 506->538
[3567.448s][info][gc,heap        ] GC(827) Humongous regions: 80->80
[3567.448s][info][gc,metaspace   ] GC(827) Metaspace: 28909K(29312K)->28909K(29312K) NonClass: 24041K(24256K)->24041K(24256K) Class: 4868K(5056K)->4868K(5056K)
[3567.448s][info][gc             ] GC(827) Pause Young (Prepare Mixed) (G1 Evacuation Pause) 3625M->1453M(4096M) 118.549ms
[3567.448s][info][gc,cpu         ] GC(827) User=0.70s Sys=0.00s Real=0.12s
...[3570.289s][info][gc,start       ] GC(828) Pause Young (Mixed) (G1 Evacuation Pause)
[3570.289s][info][gc,task        ] GC(828) Using 6 workers of 6 for evacuation
[3570.422s][info][gc,phases      ] GC(828)   Pre Evacuate Collection Set: 0.37ms
[3570.422s][info][gc,phases      ] GC(828)   Merge Heap Roots: 0.70ms
[3570.422s][info][gc,phases      ] GC(828)   Evacuate Collection Set: 130.78ms
[3570.422s][info][gc,phases      ] GC(828)   Post Evacuate Collection Set: 0.98ms
[3570.422s][info][gc,phases      ] GC(828)   Other: 0.09ms
[3570.422s][info][gc,heap        ] GC(828) Eden regions: 1107->0(1115)
[3570.422s][info][gc,heap        ] GC(828) Survivor regions: 110->113(153)
[3570.422s][info][gc,heap        ] GC(828) Old regions: 538->473
[3570.422s][info][gc,heap        ] GC(828) Humongous regions: 80->80
[3570.422s][info][gc,metaspace   ] GC(828) Metaspace: 28909K(29312K)->28909K(29312K) NonClass: 24041K(24256K)->24041K(24256K) Class: 4868K(5056K)->4868K(5056K)
[3570.422s][info][gc             ] GC(828) Pause Young (Mixed) (G1 Evacuation Pause) 3667M->1329M(4096M) 133.062ms
[3570.422s][info][gc,cpu         ] GC(828) User=0.79s Sys=0.00s Real=0.13s
...[3573.221s][info][gc,start       ] GC(829) Pause Young (Concurrent Start) (G1 Evacuation Pause)
[3573.221s][info][gc,task        ] GC(829) Using 6 workers of 6 for evacuation
[3573.341s][info][gc,phases      ] GC(829)   Pre Evacuate Collection Set: 0.39ms
[3573.341s][info][gc,phases      ] GC(829)   Merge Heap Roots: 0.48ms
[3573.341s][info][gc,phases      ] GC(829)   Evacuate Collection Set: 118.07ms
[3573.341s][info][gc,phases      ] GC(829)   Post Evacuate Collection Set: 0.87ms
[3573.341s][info][gc,phases      ] GC(829)   Other: 0.12ms
[3573.341s][info][gc,heap        ] GC(829) Eden regions: 1115->0(1116)
[3573.341s][info][gc,heap        ] GC(829) Survivor regions: 113->112(154)
[3573.341s][info][gc,heap        ] GC(829) Old regions: 473->506
[3573.341s][info][gc,heap        ] GC(829) Humongous regions: 80->80
[3573.341s][info][gc,metaspace   ] GC(829) Metaspace: 28909K(29312K)->28909K(29312K) NonClass: 24041K(24256K)->24041K(24256K) Class: 4868K(5056K)->4868K(5056K)
[3573.341s][info][gc             ] GC(829) Pause Young (Concurrent Start) (G1 Evacuation Pause) 3559M->1393M(4096M) 120.063ms
[3573.341s][info][gc             ] GC(830) Concurrent Mark Cycle
[3573.341s][info][gc,marking     ] GC(830) Concurrent Scan Root Regions
[3573.341s][info][gc,cpu         ] GC(829) User=0.71s Sys=0.00s Real=0.12s
[3573.478s][info][gc,marking     ] GC(830) Concurrent Scan Root Regions 136.808ms
[3573.478s][info][gc,marking     ] GC(830) Concurrent Mark
[3573.478s][info][gc,marking     ] GC(830) Concurrent Mark From Roots
[3573.478s][info][gc,task        ] GC(830) Using 2 workers of 2 for marking
.[3574.182s][info][gc,marking     ] GC(830) Concurrent Mark From Roots 704.030ms
[3574.182s][info][gc,marking     ] GC(830) Concurrent Preclean
[3574.182s][info][gc,marking     ] GC(830) Concurrent Preclean 0.115ms
[3574.184s][info][gc,start       ] GC(830) Pause Remark
[3574.190s][info][gc             ] GC(830) Pause Remark 2073M->2073M(4096M) 5.781ms
[3574.190s][info][gc,cpu         ] GC(830) User=0.03s Sys=0.00s Real=0.00s
[3574.191s][info][gc,marking     ] GC(830) Concurrent Mark 713.232ms
[3574.191s][info][gc,marking     ] GC(830) Concurrent Rebuild Remembered Sets and Scrub Regions
[3574.459s][info][gc,marking     ] GC(830) Concurrent Rebuild Remembered Sets and Scrub Regions 268.376ms
[3574.459s][info][gc,start       ] GC(830) Pause Cleanup
[3574.460s][info][gc             ] GC(830) Pause Cleanup 2288M->2288M(4096M) 0.111ms
[3574.460s][info][gc,cpu         ] GC(830) User=0.00s Sys=0.00s Real=0.00s
[3574.461s][info][gc,marking     ] GC(830) Concurrent Clear Claimed Marks
[3574.461s][info][gc,marking     ] GC(830) Concurrent Clear Claimed Marks 0.037ms
[3574.461s][info][gc,marking     ] GC(830) Concurrent Cleanup for Next Mark
[3574.466s][info][gc,marking     ] GC(830) Concurrent Cleanup for Next Mark 5.808ms
[3574.467s][info][gc             ] GC(830) Concurrent Mark Cycle 1125.761ms
..[3576.227s][info][gc,start       ] GC(831) Pause Young (Prepare Mixed) (G1 Evacuation Pause)
[3576.227s][info][gc,task        ] GC(831) Using 6 workers of 6 for evacuation
[3576.344s][info][gc,phases      ] GC(831)   Pre Evacuate Collection Set: 0.36ms
[3576.344s][info][gc,phases      ] GC(831)   Merge Heap Roots: 0.55ms
[3576.344s][info][gc,phases      ] GC(831)   Evacuate Collection Set: 115.75ms
[3576.344s][info][gc,phases      ] GC(831)   Post Evacuate Collection Set: 0.95ms
[3576.344s][info][gc,phases      ] GC(831)   Other: 0.10ms
[3576.344s][info][gc,heap        ] GC(831) Eden regions: 1116->0(1107)
[3576.344s][info][gc,heap        ] GC(831) Survivor regions: 112->110(154)
[3576.344s][info][gc,heap        ] GC(831) Old regions: 506->538
[3576.344s][info][gc,heap        ] GC(831) Humongous regions: 80->80
[3576.344s][info][gc,metaspace   ] GC(831) Metaspace: 28909K(29312K)->28909K(29312K) NonClass: 24041K(24256K)->24041K(24256K) Class: 4868K(5056K)->4868K(5056K)
[3576.344s][info][gc             ] GC(831) Pause Young (Prepare Mixed) (G1 Evacuation Pause) 3625M->1454M(4096M) 117.847ms
[3576.344s][info][gc,cpu         ] GC(831) User=0.70s Sys=0.00s Real=0.12s
...[3579.170s][info][gc,start       ] GC(832) Pause Young (Mixed) (G1 Evacuation Pause)
[3579.170s][info][gc,task        ] GC(832) Using 6 workers of 6 for evacuation
[3579.305s][info][gc,phases      ] GC(832)   Pre Evacuate Collection Set: 0.38ms
[3579.305s][info][gc,phases      ] GC(832)   Merge Heap Roots: 0.76ms
[3579.305s][info][gc,phases      ] GC(832)   Evacuate Collection Set: 133.14ms
[3579.305s][info][gc,phases      ] GC(832)   Post Evacuate Collection Set: 0.95ms
[3579.305s][info][gc,phases      ] GC(832)   Other: 0.09ms
[3579.305s][info][gc,heap        ] GC(832) Eden regions: 1107->0(1117)
[3579.305s][info][gc,heap        ] GC(832) Survivor regions: 110->111(153)
[3579.305s][info][gc,heap        ] GC(832) Old regions: 538->474
[3579.305s][info][gc,heap        ] GC(832) Humongous regions: 80->80
[3579.305s][info][gc,metaspace   ] GC(832) Metaspace: 28909K(29312K)->28909K(29312K) NonClass: 24041K(24256K)->24041K(24256K) Class: 4868K(5056K)->4868K(5056K)
[3579.306s][info][gc             ] GC(832) Pause Young (Mixed) (G1 Evacuation Pause) 3668M->1328M(4096M) 135.456ms
[3579.306s][info][gc,cpu         ] GC(832) User=0.80s Sys=0.00s Real=0.14s
...[3582.101s][info][gc,start       ] GC(833) Pause Young (Concurrent Start) (G1 Evacuation Pause)
[3582.102s][info][gc,task        ] GC(833) Using 6 workers of 6 for evacuation
[3582.222s][info][gc,phases      ] GC(833)   Pre Evacuate Collection Set: 0.38ms
[3582.222s][info][gc,phases      ] GC(833)   Merge Heap Roots: 0.56ms
[3582.222s][info][gc,phases      ] GC(833)   Evacuate Collection Set: 118.17ms
[3582.222s][info][gc,phases      ] GC(833)   Post Evacuate Collection Set: 0.86ms
[3582.222s][info][gc,phases      ] GC(833)   Other: 0.11ms
[3582.222s][info][gc,heap        ] GC(833) Eden regions: 1117->0(1118)
[3582.222s][info][gc,heap        ] GC(833) Survivor regions: 111->110(154)
[3582.222s][info][gc,heap        ] GC(833) Old regions: 474->506
[3582.222s][info][gc,heap        ] GC(833) Humongous regions: 80->80
[3582.222s][info][gc,metaspace   ] GC(833) Metaspace: 28909K(29312K)->28909K(29312K) NonClass: 24041K(24256K)->24041K(24256K) Class: 4868K(5056K)->4868K(5056K)
[3582.222s][info][gc             ] GC(833) Pause Young (Concurrent Start) (G1 Evacuation Pause) 3562M->1390M(4096M) 120.229ms
[3582.222s][info][gc             ] GC(834) Concurrent Mark Cycle
[3582.222s][info][gc,marking     ] GC(834) Concurrent Scan Root Regions
[3582.222s][info][gc,cpu         ] GC(833) User=0.71s Sys=0.00s Real=0.12s
[3582.356s][info][gc,marking     ] GC(834) Concurrent Scan Root Regions 134.132ms
[3582.356s][info][gc,marking     ] GC(834) Concurrent Mark
[3582.356s][info][gc,marking     ] GC(834) Concurrent Mark From Roots
[3582.356s][info][gc,task        ] GC(834) Using 2 workers of 2 for marking
.[3583.063s][info][gc,marking     ] GC(834) Concurrent Mark From Roots 707.223ms
[3583.063s][info][gc,marking     ] GC(834) Concurrent Preclean
[3583.063s][info][gc,marking     ] GC(834) Concurrent Preclean 0.087ms
[3583.063s][info][gc,start       ] GC(834) Pause Remark
[3583.068s][info][gc             ] GC(834) Pause Remark 2098M->2098M(4096M) 5.060ms
[3583.069s][info][gc,cpu         ] GC(834) User=0.03s Sys=0.00s Real=0.00s
[3583.069s][info][gc,marking     ] GC(834) Concurrent Mark 712.617ms
[3583.069s][info][gc,marking     ] GC(834) Concurrent Rebuild Remembered Sets and Scrub Regions
[3583.345s][info][gc,marking     ] GC(834) Concurrent Rebuild Remembered Sets and Scrub Regions 276.479ms
[3583.346s][info][gc,start       ] GC(834) Pause Cleanup
[3583.346s][info][gc             ] GC(834) Pause Cleanup 2320M->2320M(4096M) 0.135ms
[3583.346s][info][gc,cpu         ] GC(834) User=0.00s Sys=0.00s Real=0.00s
[3583.346s][info][gc,marking     ] GC(834) Concurrent Clear Claimed Marks
[3583.346s][info][gc,marking     ] GC(834) Concurrent Clear Claimed Marks 0.047ms
[3583.346s][info][gc,marking     ] GC(834) Concurrent Cleanup for Next Mark
[3583.354s][info][gc,marking     ] GC(834) Concurrent Cleanup for Next Mark 7.769ms
[3583.354s][info][gc             ] GC(834) Concurrent Mark Cycle 1132.242ms
..[3585.127s][info][gc,start       ] GC(835) Pause Young (Prepare Mixed) (G1 Evacuation Pause)
[3585.128s][info][gc,task        ] GC(835) Using 6 workers of 6 for evacuation
[3585.248s][info][gc,phases      ] GC(835)   Pre Evacuate Collection Set: 0.35ms
[3585.248s][info][gc,phases      ] GC(835)   Merge Heap Roots: 0.59ms
[3585.248s][info][gc,phases      ] GC(835)   Evacuate Collection Set: 118.14ms
[3585.248s][info][gc,phases      ] GC(835)   Post Evacuate Collection Set: 0.93ms
[3585.248s][info][gc,phases      ] GC(835)   Other: 0.10ms
[3585.248s][info][gc,heap        ] GC(835) Eden regions: 1118->0(1104)
[3585.248s][info][gc,heap        ] GC(835) Survivor regions: 110->112(154)
[3585.248s][info][gc,heap        ] GC(835) Old regions: 506->537
[3585.248s][info][gc,heap        ] GC(835) Humongous regions: 80->80
[3585.248s][info][gc,metaspace   ] GC(835) Metaspace: 28909K(29312K)->28909K(29312K) NonClass: 24041K(24256K)->24041K(24256K) Class: 4868K(5056K)->4868K(5056K)
[3585.248s][info][gc             ] GC(835) Pause Young (Prepare Mixed) (G1 Evacuation Pause) 3626M->1456M(4096M) 120.238ms
[3585.248s][info][gc,cpu         ] GC(835) User=0.71s Sys=0.00s Real=0.12s
...[3588.022s][info][gc,start       ] GC(836) Pause Young (Mixed) (G1 Evacuation Pause)
[3588.022s][info][gc,task        ] GC(836) Using 6 workers of 6 for evacuation
[3588.157s][info][gc,phases      ] GC(836)   Pre Evacuate Collection Set: 0.37ms
[3588.157s][info][gc,phases      ] GC(836)   Merge Heap Roots: 0.74ms
[3588.157s][info][gc,phases      ] GC(836)   Evacuate Collection Set: 133.15ms
[3588.157s][info][gc,phases      ] GC(836)   Post Evacuate Collection Set: 0.93ms
[3588.157s][info][gc,phases      ] GC(836)   Other: 0.09ms
[3588.157s][info][gc,heap        ] GC(836) Eden regions: 1104->0(1118)
[3588.157s][info][gc,heap        ] GC(836) Survivor regions: 112->110(152)
[3588.157s][info][gc,heap        ] GC(836) Old regions: 537->473
[3588.157s][info][gc,heap        ] GC(836) Humongous regions: 80->80
[3588.157s][info][gc,metaspace   ] GC(836) Metaspace: 28909K(29312K)->28909K(29312K) NonClass: 24041K(24256K)->24041K(24256K) Class: 4868K(5056K)->4868K(5056K)
[3588.157s][info][gc             ] GC(836) Pause Young (Mixed) (G1 Evacuation Pause) 3664M->1324M(4096M) 135.407ms
[3588.157s][info][gc,cpu         ] GC(836) User=0.80s Sys=0.00s Real=0.14s
...[3591.053s][info][gc,start       ] GC(837) Pause Young (Concurrent Start) (G1 Evacuation Pause)
[3591.053s][info][gc,task        ] GC(837) Using 6 workers of 6 for evacuation
[3591.172s][info][gc,phases      ] GC(837)   Pre Evacuate Collection Set: 0.38ms
[3591.172s][info][gc,phases      ] GC(837)   Merge Heap Roots: 0.44ms
[3591.172s][info][gc,phases      ] GC(837)   Evacuate Collection Set: 117.16ms
[3591.172s][info][gc,phases      ] GC(837)   Post Evacuate Collection Set: 0.89ms
[3591.172s][info][gc,phases      ] GC(837)   Other: 0.11ms
[3591.172s][info][gc,heap        ] GC(837) Eden regions: 1118->0(1116)
[3591.173s][info][gc,heap        ] GC(837) Survivor regions: 110->112(154)
[3591.173s][info][gc,heap        ] GC(837) Old regions: 473->505
[3591.173s][info][gc,heap        ] GC(837) Humongous regions: 80->80
[3591.173s][info][gc,metaspace   ] GC(837) Metaspace: 28909K(29312K)->28909K(29312K) NonClass: 24041K(24256K)->24041K(24256K) Class: 4868K(5056K)->4868K(5056K)
[3591.173s][info][gc             ] GC(837) Pause Young (Concurrent Start) (G1 Evacuation Pause) 3560M->1392M(4096M) 119.113ms
[3591.173s][info][gc             ] GC(838) Concurrent Mark Cycle
[3591.173s][info][gc,marking     ] GC(838) Concurrent Scan Root Regions
[3591.173s][info][gc,cpu         ] GC(837) User=0.70s Sys=0.00s Real=0.11s
[3591.347s][info][gc,marking     ] GC(838) Concurrent Scan Root Regions 174.137ms
[3591.347s][info][gc,marking     ] GC(838) Concurrent Mark
[3591.347s][info][gc,marking     ] GC(838) Concurrent Mark From Roots
[3591.347s][info][gc,task        ] GC(838) Using 2 workers of 2 for marking
.[3592.303s][info][gc,marking     ] GC(838) Concurrent Mark From Roots 956.065ms
[3592.303s][info][gc,marking     ] GC(838) Concurrent Preclean
[3592.303s][info][gc,marking     ] GC(838) Concurrent Preclean 0.164ms
[3592.304s][info][gc,start       ] GC(838) Pause Remark
[3592.311s][info][gc             ] GC(838) Pause Remark 2338M->2338M(4096M) 6.323ms
[3592.311s][info][gc,cpu         ] GC(838) User=0.04s Sys=0.00s Real=0.00s
[3592.312s][info][gc,marking     ] GC(838) Concurrent Mark 964.756ms
[3592.312s][info][gc,marking     ] GC(838) Concurrent Rebuild Remembered Sets and Scrub Regions
[3592.713s][info][gc,marking     ] GC(838) Concurrent Rebuild Remembered Sets and Scrub Regions 401.227ms
[3592.714s][info][gc,start       ] GC(838) Pause Cleanup
[3592.715s][info][gc             ] GC(838) Pause Cleanup 2674M->2674M(4096M) 0.128ms
[3592.715s][info][gc,cpu         ] GC(838) User=0.00s Sys=0.00s Real=0.00s
[3592.715s][info][gc,marking     ] GC(838) Concurrent Clear Claimed Marks
[3592.715s][info][gc,marking     ] GC(838) Concurrent Clear Claimed Marks 0.041ms
[3592.715s][info][gc,marking     ] GC(838) Concurrent Cleanup for Next Mark
[3592.720s][info][gc,marking     ] GC(838) Concurrent Cleanup for Next Mark 5.015ms
[3592.721s][info][gc             ] GC(838) Concurrent Mark Cycle 1547.984ms
.[3593.962s][info][gc,start       ] GC(839) Pause Young (Prepare Mixed) (G1 Evacuation Pause)
[3593.962s][info][gc,task        ] GC(839) Using 6 workers of 6 for evacuation
[3594.083s][info][gc,phases      ] GC(839)   Pre Evacuate Collection Set: 0.35ms
[3594.083s][info][gc,phases      ] GC(839)   Merge Heap Roots: 0.58ms
[3594.083s][info][gc,phases      ] GC(839)   Evacuate Collection Set: 118.97ms
[3594.083s][info][gc,phases      ] GC(839)   Post Evacuate Collection Set: 0.92ms
[3594.083s][info][gc,phases      ] GC(839)   Other: 0.10ms
[3594.083s][info][gc,heap        ] GC(839) Eden regions: 1116->0(1103)
[3594.083s][info][gc,heap        ] GC(839) Survivor regions: 112->113(154)
[3594.083s][info][gc,heap        ] GC(839) Old regions: 505->536
[3594.083s][info][gc,heap        ] GC(839) Humongous regions: 80->80
[3594.083s][info][gc,metaspace   ] GC(839) Metaspace: 28909K(29312K)->28909K(29312K) NonClass: 24041K(24256K)->24041K(24256K) Class: 4868K(5056K)->4868K(5056K)
[3594.083s][info][gc             ] GC(839) Pause Young (Prepare Mixed) (G1 Evacuation Pause) 3624M->1456M(4096M) 121.060ms
[3594.083s][info][gc,cpu         ] GC(839) User=0.71s Sys=0.00s Real=0.12s
...[3596.922s][info][gc,start       ] GC(840) Pause Young (Mixed) (G1 Evacuation Pause)
[3596.922s][info][gc,task        ] GC(840) Using 6 workers of 6 for evacuation
[3597.056s][info][gc,phases      ] GC(840)   Pre Evacuate Collection Set: 0.36ms
[3597.056s][info][gc,phases      ] GC(840)   Merge Heap Roots: 0.66ms
[3597.056s][info][gc,phases      ] GC(840)   Evacuate Collection Set: 132.43ms
[3597.056s][info][gc,phases      ] GC(840)   Post Evacuate Collection Set: 0.95ms
[3597.056s][info][gc,phases      ] GC(840)   Other: 0.09ms
[3597.056s][info][gc,heap        ] GC(840) Eden regions: 1103->0(1118)
[3597.056s][info][gc,heap        ] GC(840) Survivor regions: 113->110(152)
[3597.056s][info][gc,heap        ] GC(840) Old regions: 536->473
[3597.056s][info][gc,heap        ] GC(840) Humongous regions: 80->80
[3597.056s][info][gc,metaspace   ] GC(840) Metaspace: 28909K(29312K)->28909K(29312K) NonClass: 24041K(24256K)->24041K(24256K) Class: 4868K(5056K)->4868K(5056K)
[3597.056s][info][gc             ] GC(840) Pause Young (Mixed) (G1 Evacuation Pause) 3662M->1325M(4096M) 134.643ms
[3597.056s][info][gc,cpu         ] GC(840) User=0.79s Sys=0.00s Real=0.14s
...[3599.935s][info][gc,start       ] GC(841) Pause Young (Concurrent Start) (G1 Evacuation Pause)
[3599.935s][info][gc,task        ] GC(841) Using 6 workers of 6 for evacuation
[3600.055s][info][gc,phases      ] GC(841)   Pre Evacuate Collection Set: 0.39ms
[3600.055s][info][gc,phases      ] GC(841)   Merge Heap Roots: 0.48ms
[3600.055s][info][gc,phases      ] GC(841)   Evacuate Collection Set: 117.62ms
[3600.055s][info][gc,phases      ] GC(841)   Post Evacuate Collection Set: 0.88ms
[3600.055s][info][gc,phases      ] GC(841)   Other: 0.11ms
[3600.055s][info][gc,heap        ] GC(841) Eden regions: 1118->0(1116)
[3600.055s][info][gc,heap        ] GC(841) Survivor regions: 110->112(154)
[3600.055s][info][gc,heap        ] GC(841) Old regions: 473->504
[3600.055s][info][gc,heap        ] GC(841) Humongous regions: 80->80
[3600.055s][info][gc,metaspace   ] GC(841) Metaspace: 28909K(29312K)->28909K(29312K) NonClass: 24041K(24256K)->24041K(24256K) Class: 4868K(5056K)->4868K(5056K)
[3600.055s][info][gc             ] GC(841) Pause Young (Concurrent Start) (G1 Evacuation Pause) 3561M->1391M(4096M) 119.606ms
[3600.055s][info][gc             ] GC(842) Concurrent Mark Cycle
[3600.055s][info][gc,marking     ] GC(842) Concurrent Scan Root Regions
[3600.055s][info][gc,cpu         ] GC(841) User=0.70s Sys=0.01s Real=0.12s
.[3600.229s][info][gc,marking     ] GC(842) Concurrent Scan Root Regions 173.985ms
[3600.229s][info][gc,marking     ] GC(842) Concurrent Mark
[3600.229s][info][gc,marking     ] GC(842) Concurrent Mark From Roots
[3600.229s][info][gc,task        ] GC(842) Using 2 workers of 2 for marking
.[3601.185s][info][gc,marking     ] GC(842) Concurrent Mark From Roots 956.488ms
[3601.186s][info][gc,marking     ] GC(842) Concurrent Preclean
[3601.186s][info][gc,marking     ] GC(842) Concurrent Preclean 0.145ms
[3601.187s][info][gc,start       ] GC(842) Pause Remark
[3601.194s][info][gc             ] GC(842) Pause Remark 2328M->2328M(4096M) 6.314ms
[3601.194s][info][gc,cpu         ] GC(842) User=0.04s Sys=0.00s Real=0.01s
[3601.194s][info][gc,marking     ] GC(842) Concurrent Mark 965.025ms
[3601.194s][info][gc,marking     ] GC(842) Concurrent Rebuild Remembered Sets and Scrub Regions
[3601.515s][info][gc,marking     ] GC(842) Concurrent Rebuild Remembered Sets and Scrub Regions 321.383ms
[3601.516s][info][gc,start       ] GC(842) Pause Cleanup
[3601.516s][info][gc             ] GC(842) Pause Cleanup 2572M->2572M(4096M) 0.109ms
[3601.516s][info][gc,cpu         ] GC(842) User=0.00s Sys=0.00s Real=0.00s
[3601.516s][info][gc,marking     ] GC(842) Concurrent Clear Claimed Marks
[3601.516s][info][gc,marking     ] GC(842) Concurrent Clear Claimed Marks 0.025ms
[3601.516s][info][gc,marking     ] GC(842) Concurrent Cleanup for Next Mark
[3601.520s][info][gc,marking     ] GC(842) Concurrent Cleanup for Next Mark 4.276ms
[3601.520s][info][gc             ] GC(842) Concurrent Mark Cycle 1465.156ms
.[3602.869s][info][gc,start       ] GC(843) Pause Young (Prepare Mixed) (G1 Evacuation Pause)
[3602.870s][info][gc,task        ] GC(843) Using 6 workers of 6 for evacuation
[3602.987s][info][gc,phases      ] GC(843)   Pre Evacuate Collection Set: 0.33ms
[3602.987s][info][gc,phases      ] GC(843)   Merge Heap Roots: 0.54ms
[3602.987s][info][gc,phases      ] GC(843)   Evacuate Collection Set: 115.43ms
[3602.987s][info][gc,phases      ] GC(843)   Post Evacuate Collection Set: 0.92ms
[3602.987s][info][gc,phases      ] GC(843)   Other: 0.09ms
[3602.987s][info][gc,heap        ] GC(843) Eden regions: 1116->0(1109)
[3602.987s][info][gc,heap        ] GC(843) Survivor regions: 112->110(154)
[3602.987s][info][gc,heap        ] GC(843) Old regions: 504->536
[3602.987s][info][gc,heap        ] GC(843) Humongous regions: 80->80
[3602.987s][info][gc,metaspace   ] GC(843) Metaspace: 28909K(29312K)->28909K(29312K) NonClass: 24041K(24256K)->24041K(24256K) Class: 4868K(5056K)->4868K(5056K)
[3602.987s][info][gc             ] GC(843) Pause Young (Prepare Mixed) (G1 Evacuation Pause) 3623M->1450M(4096M) 117.441ms
[3602.987s][info][gc,cpu         ] GC(843) User=0.69s Sys=0.00s Real=0.12s
...[3605.861s][info][gc,start       ] GC(844) Pause Young (Mixed) (G1 Evacuation Pause)
[3605.861s][info][gc,task        ] GC(844) Using 6 workers of 6 for evacuation
[3605.995s][info][gc,phases      ] GC(844)   Pre Evacuate Collection Set: 0.38ms
[3605.995s][info][gc,phases      ] GC(844)   Merge Heap Roots: 0.69ms
[3605.995s][info][gc,phases      ] GC(844)   Evacuate Collection Set: 131.79ms
[3605.995s][info][gc,phases      ] GC(844)   Post Evacuate Collection Set: 0.98ms
[3605.995s][info][gc,phases      ] GC(844)   Other: 0.09ms
[3605.995s][info][gc,heap        ] GC(844) Eden regions: 1109->0(1118)
[3605.995s][info][gc,heap        ] GC(844) Survivor regions: 110->110(153)
[3605.995s][info][gc,heap        ] GC(844) Old regions: 536->473
[3605.995s][info][gc,heap        ] GC(844) Humongous regions: 80->80
[3605.995s][info][gc,metaspace   ] GC(844) Metaspace: 28909K(29312K)->28909K(29312K) NonClass: 24041K(24256K)->24041K(24256K) Class: 4868K(5056K)->4868K(5056K)
[3605.995s][info][gc             ] GC(844) Pause Young (Mixed) (G1 Evacuation Pause) 3668M->1325M(4096M) 134.051ms
[3605.995s][info][gc,cpu         ] GC(844) User=0.80s Sys=0.00s Real=0.14s
...[3608.828s][info][gc,start       ] GC(845) Pause Young (Concurrent Start) (G1 Evacuation Pause)
[3608.828s][info][gc,task        ] GC(845) Using 6 workers of 6 for evacuation
[3608.946s][info][gc,phases      ] GC(845)   Pre Evacuate Collection Set: 0.35ms
[3608.946s][info][gc,phases      ] GC(845)   Merge Heap Roots: 0.53ms
[3608.946s][info][gc,phases      ] GC(845)   Evacuate Collection Set: 116.00ms
[3608.946s][info][gc,phases      ] GC(845)   Post Evacuate Collection Set: 0.90ms
[3608.946s][info][gc,phases      ] GC(845)   Other: 0.11ms
[3608.946s][info][gc,heap        ] GC(845) Eden regions: 1118->0(1119)
[3608.946s][info][gc,heap        ] GC(845) Survivor regions: 110->109(154)
[3608.946s][info][gc,heap        ] GC(845) Old regions: 473->504
[3608.946s][info][gc,heap        ] GC(845) Humongous regions: 80->80
[3608.946s][info][gc,metaspace   ] GC(845) Metaspace: 28909K(29312K)->28909K(29312K) NonClass: 24041K(24256K)->24041K(24256K) Class: 4868K(5056K)->4868K(5056K)
[3608.946s][info][gc             ] GC(845) Pause Young (Concurrent Start) (G1 Evacuation Pause) 3561M->1384M(4096M) 118.049ms
[3608.946s][info][gc             ] GC(846) Concurrent Mark Cycle
[3608.946s][info][gc,marking     ] GC(846) Concurrent Scan Root Regions
[3608.946s][info][gc,cpu         ] GC(845) User=0.70s Sys=0.00s Real=0.12s
[3609.127s][info][gc,marking     ] GC(846) Concurrent Scan Root Regions 181.583ms
[3609.127s][info][gc,marking     ] GC(846) Concurrent Mark
[3609.127s][info][gc,marking     ] GC(846) Concurrent Mark From Roots
[3609.127s][info][gc,task        ] GC(846) Using 2 workers of 2 for marking
.[3609.941s][info][gc,marking     ] GC(846) Concurrent Mark From Roots 813.903ms
[3609.941s][info][gc,marking     ] GC(846) Concurrent Preclean
[3609.941s][info][gc,marking     ] GC(846) Concurrent Preclean 0.156ms
[3609.942s][info][gc,start       ] GC(846) Pause Remark
[3609.946s][info][gc             ] GC(846) Pause Remark 2148M->2148M(4096M) 4.508ms
[3609.946s][info][gc,cpu         ] GC(846) User=0.02s Sys=0.00s Real=0.01s
[3609.946s][info][gc,marking     ] GC(846) Concurrent Mark 819.033ms
[3609.946s][info][gc,marking     ] GC(846) Concurrent Rebuild Remembered Sets and Scrub Regions
.[3610.256s][info][gc,marking     ] GC(846) Concurrent Rebuild Remembered Sets and Scrub Regions 309.663ms
[3610.256s][info][gc,start       ] GC(846) Pause Cleanup
[3610.256s][info][gc             ] GC(846) Pause Cleanup 2392M->2392M(4096M) 0.125ms
[3610.256s][info][gc,cpu         ] GC(846) User=0.00s Sys=0.00s Real=0.00s
[3610.256s][info][gc,marking     ] GC(846) Concurrent Clear Claimed Marks
[3610.256s][info][gc,marking     ] GC(846) Concurrent Clear Claimed Marks 0.027ms
[3610.256s][info][gc,marking     ] GC(846) Concurrent Cleanup for Next Mark
[3610.261s][info][gc,marking     ] GC(846) Concurrent Cleanup for Next Mark 4.905ms
[3610.261s][info][gc             ] GC(846) Concurrent Mark Cycle 1315.712ms
.[3611.782s][info][gc,start       ] GC(847) Pause Young (Prepare Mixed) (G1 Evacuation Pause)
[3611.782s][info][gc,task        ] GC(847) Using 6 workers of 6 for evacuation
[3611.902s][info][gc,phases      ] GC(847)   Pre Evacuate Collection Set: 0.36ms
[3611.902s][info][gc,phases      ] GC(847)   Merge Heap Roots: 0.56ms
[3611.902s][info][gc,phases      ] GC(847)   Evacuate Collection Set: 118.61ms
[3611.902s][info][gc,phases      ] GC(847)   Post Evacuate Collection Set: 0.94ms
[3611.902s][info][gc,phases      ] GC(847)   Other: 0.09ms
[3611.902s][info][gc,heap        ] GC(847) Eden regions: 1119->0(1108)
[3611.902s][info][gc,heap        ] GC(847) Survivor regions: 109->110(154)
[3611.902s][info][gc,heap        ] GC(847) Old regions: 504->537
[3611.902s][info][gc,heap        ] GC(847) Humongous regions: 80->80
[3611.902s][info][gc,metaspace   ] GC(847) Metaspace: 28909K(29312K)->28909K(29312K) NonClass: 24041K(24256K)->24041K(24256K) Class: 4868K(5056K)->4868K(5056K)
[3611.902s][info][gc             ] GC(847) Pause Young (Prepare Mixed) (G1 Evacuation Pause) 3622M->1452M(4096M) 120.701ms
[3611.903s][info][gc,cpu         ] GC(847) User=0.71s Sys=0.00s Real=0.12s
...[3614.747s][info][gc,start       ] GC(848) Pause Young (Mixed) (G1 Evacuation Pause)
[3614.747s][info][gc,task        ] GC(848) Using 6 workers of 6 for evacuation
[3614.878s][info][gc,phases      ] GC(848)   Pre Evacuate Collection Set: 0.36ms
[3614.878s][info][gc,phases      ] GC(848)   Merge Heap Roots: 0.73ms
[3614.878s][info][gc,phases      ] GC(848)   Evacuate Collection Set: 129.00ms
[3614.878s][info][gc,phases      ] GC(848)   Post Evacuate Collection Set: 0.93ms
[3614.878s][info][gc,phases      ] GC(848)   Other: 0.09ms
[3614.878s][info][gc,heap        ] GC(848) Eden regions: 1108->0(1119)
[3614.878s][info][gc,heap        ] GC(848) Survivor regions: 110->109(153)
[3614.878s][info][gc,heap        ] GC(848) Old regions: 537->472
[3614.878s][info][gc,heap        ] GC(848) Humongous regions: 80->80
[3614.878s][info][gc,metaspace   ] GC(848) Metaspace: 28909K(29312K)->28909K(29312K) NonClass: 24041K(24256K)->24041K(24256K) Class: 4868K(5056K)->4868K(5056K)
[3614.878s][info][gc             ] GC(848) Pause Young (Mixed) (G1 Evacuation Pause) 3668M->1319M(4096M) 131.252ms
[3614.878s][info][gc,cpu         ] GC(848) User=0.78s Sys=0.00s Real=0.13s
...[3617.735s][info][gc,start       ] GC(849) Pause Young (Concurrent Start) (G1 Evacuation Pause)
[3617.735s][info][gc,task        ] GC(849) Using 6 workers of 6 for evacuation
[3617.855s][info][gc,phases      ] GC(849)   Pre Evacuate Collection Set: 0.41ms
[3617.855s][info][gc,phases      ] GC(849)   Merge Heap Roots: 0.51ms
[3617.855s][info][gc,phases      ] GC(849)   Evacuate Collection Set: 118.11ms
[3617.855s][info][gc,phases      ] GC(849)   Post Evacuate Collection Set: 0.88ms
[3617.855s][info][gc,phases      ] GC(849)   Other: 0.14ms
[3617.855s][info][gc,heap        ] GC(849) Eden regions: 1119->0(1115)
[3617.855s][info][gc,heap        ] GC(849) Survivor regions: 109->113(154)
[3617.855s][info][gc,heap        ] GC(849) Old regions: 472->504
[3617.855s][info][gc,heap        ] GC(849) Humongous regions: 80->80
[3617.855s][info][gc,metaspace   ] GC(849) Metaspace: 28909K(29312K)->28909K(29312K) NonClass: 24041K(24256K)->24041K(24256K) Class: 4868K(5056K)->4868K(5056K)
[3617.855s][info][gc             ] GC(849) Pause Young (Concurrent Start) (G1 Evacuation Pause) 3557M->1391M(4096M) 120.186ms
[3617.855s][info][gc             ] GC(850) Concurrent Mark Cycle
[3617.855s][info][gc,marking     ] GC(850) Concurrent Scan Root Regions
[3617.855s][info][gc,cpu         ] GC(849) User=0.71s Sys=0.00s Real=0.12s
[3618.035s][info][gc,marking     ] GC(850) Concurrent Scan Root Regions 179.983ms
[3618.035s][info][gc,marking     ] GC(850) Concurrent Mark
[3618.035s][info][gc,marking     ] GC(850) Concurrent Mark From Roots
[3618.035s][info][gc,task        ] GC(850) Using 2 workers of 2 for marking
.[3618.895s][info][gc,marking     ] GC(850) Concurrent Mark From Roots 859.777ms
[3618.895s][info][gc,marking     ] GC(850) Concurrent Preclean
[3618.895s][info][gc,marking     ] GC(850) Concurrent Preclean 0.091ms
[3618.895s][info][gc,start       ] GC(850) Pause Remark
[3618.902s][info][gc             ] GC(850) Pause Remark 2236M->2236M(4096M) 6.763ms
[3618.902s][info][gc,cpu         ] GC(850) User=0.04s Sys=0.00s Real=0.00s
[3618.902s][info][gc,marking     ] GC(850) Concurrent Mark 866.912ms
[3618.902s][info][gc,marking     ] GC(850) Concurrent Rebuild Remembered Sets and Scrub Regions
[3619.159s][info][gc,marking     ] GC(850) Concurrent Rebuild Remembered Sets and Scrub Regions 257.054ms
[3619.160s][info][gc,start       ] GC(850) Pause Cleanup
[3619.160s][info][gc             ] GC(850) Pause Cleanup 2429M->2429M(4096M) 0.119ms
[3619.160s][info][gc,cpu         ] GC(850) User=0.00s Sys=0.00s Real=0.00s
[3619.160s][info][gc,marking     ] GC(850) Concurrent Clear Claimed Marks
[3619.160s][info][gc,marking     ] GC(850) Concurrent Clear Claimed Marks 0.036ms
[3619.160s][info][gc,marking     ] GC(850) Concurrent Cleanup for Next Mark
[3619.165s][info][gc,marking     ] GC(850) Concurrent Cleanup for Next Mark 4.923ms
[3619.165s][info][gc             ] GC(850) Concurrent Mark Cycle 1309.831ms
..[3620.784s][info][gc,start       ] GC(851) Pause Young (Prepare Mixed) (G1 Evacuation Pause)
[3620.784s][info][gc,task        ] GC(851) Using 6 workers of 6 for evacuation
[3620.901s][info][gc,phases      ] GC(851)   Pre Evacuate Collection Set: 0.33ms
[3620.901s][info][gc,phases      ] GC(851)   Merge Heap Roots: 0.65ms
[3620.901s][info][gc,phases      ] GC(851)   Evacuate Collection Set: 115.26ms
[3620.901s][info][gc,phases      ] GC(851)   Post Evacuate Collection Set: 0.91ms
[3620.901s][info][gc,phases      ] GC(851)   Other: 0.09ms
[3620.901s][info][gc,heap        ] GC(851) Eden regions: 1115->0(1110)
[3620.901s][info][gc,heap        ] GC(851) Survivor regions: 113->110(154)
[3620.901s][info][gc,heap        ] GC(851) Old regions: 504->535
[3620.901s][info][gc,heap        ] GC(851) Humongous regions: 80->80
[3620.901s][info][gc,metaspace   ] GC(851) Metaspace: 28909K(29312K)->28909K(29312K) NonClass: 24041K(24256K)->24041K(24256K) Class: 4868K(5056K)->4868K(5056K)
[3620.901s][info][gc             ] GC(851) Pause Young (Prepare Mixed) (G1 Evacuation Pause) 3621M->1448M(4096M) 117.365ms
[3620.901s][info][gc,cpu         ] GC(851) User=0.69s Sys=0.00s Real=0.11s
...[3623.694s][info][gc,start       ] GC(852) Pause Young (Mixed) (G1 Evacuation Pause)
[3623.694s][info][gc,task        ] GC(852) Using 6 workers of 6 for evacuation
[3623.825s][info][gc,phases      ] GC(852)   Pre Evacuate Collection Set: 0.35ms
[3623.825s][info][gc,phases      ] GC(852)   Merge Heap Roots: 0.76ms
[3623.825s][info][gc,phases      ] GC(852)   Evacuate Collection Set: 128.52ms
[3623.825s][info][gc,phases      ] GC(852)   Post Evacuate Collection Set: 0.94ms
[3623.825s][info][gc,phases      ] GC(852)   Other: 0.09ms
[3623.825s][info][gc,heap        ] GC(852) Eden regions: 1110->0(1120)
[3623.825s][info][gc,heap        ] GC(852) Survivor regions: 110->108(153)
[3623.825s][info][gc,heap        ] GC(852) Old regions: 535->473
[3623.825s][info][gc,heap        ] GC(852) Humongous regions: 80->80
[3623.825s][info][gc,metaspace   ] GC(852) Metaspace: 28909K(29312K)->28909K(29312K) NonClass: 24041K(24256K)->24041K(24256K) Class: 4868K(5056K)->4868K(5056K)
[3623.825s][info][gc             ] GC(852) Pause Young (Mixed) (G1 Evacuation Pause) 3668M->1319M(4096M) 130.790ms
[3623.825s][info][gc,cpu         ] GC(852) User=0.78s Sys=0.00s Real=0.13s
. (rIR:aIR:PR = 6365:6366:6366) (tPR = 94864) [OK] 
  3624s: Performance info:
         Transaction,    Success,    Partial,     Failed,   Receipts, AvgBarcode, 
             Overall,     383610,          0,          0,     364425,      59.47, 
         Response times:
             Request,    Success,    Partial,     Failed,   SkipFail,     Probes,    Samples,      min,      p50,      p90,      p95,      p99,      max, 
       TotalPurchase,     364429,          0,          0,          0,     355996,     383152,      300,     5600,    23000,    50000,   107000,   262000,
     InStorePurchase,     191792,          0,          0,          0,     187533,     201446,      300,     5600,    23000,    50000,   107000,   262000,
      OnlinePurchase,     134259,          0,          0,          0,     131110,     141253,      300,     5500,    22000,    49000,   106000,   261000,
        InstPurchase,      38378,          0,          0,          0,      37353,      40453,      400,     5900,    24000,    51000,   111000,   207000,
          AssocOfCat,        384,          0,          0,          0,        306,        392,    23000,    39000,    97700,   134150,   164070,   184000,
      AssocOfProduct,       3834,          0,          0,          0,       3587,       4043,      600,     6000,    26000,    49800,   114000,   188000,
      BusinessReport,        959,          0,          0,          0,        834,        997,    25000,    45000,    78000,   112300,   184120,   230000,
          CustBuyBeh,       3848,          0,          0,          0,       3669,       4143,      300,     6400,    23000,    51000,   111560,   198000,
       ProductReturn,      10173,          0,          0,          0,       9714,      10620,      200,     5500,    22000,    45000,   103000,   176000,

  3624s: (47%)   IR =   6503 ..[3626.648s][info][gc,start       ] GC(853) Pause Young (Concurrent Start) (G1 Evacuation Pause)
[3626.648s][info][gc,task        ] GC(853) Using 6 workers of 6 for evacuation
[3626.764s][info][gc,phases      ] GC(853)   Pre Evacuate Collection Set: 0.40ms
[3626.764s][info][gc,phases      ] GC(853)   Merge Heap Roots: 0.45ms
[3626.764s][info][gc,phases      ] GC(853)   Evacuate Collection Set: 113.73ms
[3626.764s][info][gc,phases      ] GC(853)   Post Evacuate Collection Set: 0.90ms
[3626.764s][info][gc,phases      ] GC(853)   Other: 0.12ms
[3626.764s][info][gc,heap        ] GC(853) Eden regions: 1120->0(1120)
[3626.764s][info][gc,heap        ] GC(853) Survivor regions: 108->108(154)
[3626.764s][info][gc,heap        ] GC(853) Old regions: 473->506
[3626.764s][info][gc,heap        ] GC(853) Humongous regions: 80->80
[3626.764s][info][gc,metaspace   ] GC(853) Metaspace: 28910K(29312K)->28910K(29312K) NonClass: 24042K(24256K)->24042K(24256K) Class: 4868K(5056K)->4868K(5056K)
[3626.764s][info][gc             ] GC(853) Pause Young (Concurrent Start) (G1 Evacuation Pause) 3559M->1385M(4096M) 115.723ms
[3626.764s][info][gc             ] GC(854) Concurrent Mark Cycle
[3626.764s][info][gc,marking     ] GC(854) Concurrent Scan Root Regions
[3626.764s][info][gc,cpu         ] GC(853) User=0.68s Sys=0.00s Real=0.12s
[3626.899s][info][gc,marking     ] GC(854) Concurrent Scan Root Regions 135.001ms
[3626.899s][info][gc,marking     ] GC(854) Concurrent Mark
[3626.899s][info][gc,marking     ] GC(854) Concurrent Mark From Roots
[3626.899s][info][gc,task        ] GC(854) Using 2 workers of 2 for marking
.[3627.630s][info][gc,marking     ] GC(854) Concurrent Mark From Roots 730.992ms
[3627.630s][info][gc,marking     ] GC(854) Concurrent Preclean
[3627.630s][info][gc,marking     ] GC(854) Concurrent Preclean 0.110ms
[3627.630s][info][gc,start       ] GC(854) Pause Remark
[3627.635s][info][gc             ] GC(854) Pause Remark 2122M->2122M(4096M) 4.899ms
[3627.635s][info][gc,cpu         ] GC(854) User=0.03s Sys=0.00s Real=0.01s
[3627.636s][info][gc,marking     ] GC(854) Concurrent Mark 736.937ms
[3627.636s][info][gc,marking     ] GC(854) Concurrent Rebuild Remembered Sets and Scrub Regions
[3627.901s][info][gc,marking     ] GC(854) Concurrent Rebuild Remembered Sets and Scrub Regions 264.960ms
[3627.901s][info][gc,start       ] GC(854) Pause Cleanup
[3627.901s][info][gc             ] GC(854) Pause Cleanup 2355M->2355M(4096M) 0.127ms
[3627.901s][info][gc,cpu         ] GC(854) User=0.00s Sys=0.00s Real=0.00s
[3627.902s][info][gc,marking     ] GC(854) Concurrent Clear Claimed Marks
[3627.902s][info][gc,marking     ] GC(854) Concurrent Clear Claimed Marks 0.041ms
[3627.902s][info][gc,marking     ] GC(854) Concurrent Cleanup for Next Mark
[3627.906s][info][gc,marking     ] GC(854) Concurrent Cleanup for Next Mark 3.799ms
[3627.906s][info][gc             ] GC(854) Concurrent Mark Cycle 1141.991ms
..|[3629.564s][info][gc,start       ] GC(855) Pause Young (Prepare Mixed) (G1 Evacuation Pause)
[3629.564s][info][gc,task        ] GC(855) Using 6 workers of 6 for evacuation
[3629.686s][info][gc,phases      ] GC(855)   Pre Evacuate Collection Set: 0.32ms
[3629.686s][info][gc,phases      ] GC(855)   Merge Heap Roots: 0.59ms
[3629.686s][info][gc,phases      ] GC(855)   Evacuate Collection Set: 120.17ms
[3629.686s][info][gc,phases      ] GC(855)   Post Evacuate Collection Set: 0.95ms
[3629.686s][info][gc,phases      ] GC(855)   Other: 0.09ms
[3629.686s][info][gc,heap        ] GC(855) Eden regions: 1120->0(1102)
[3629.686s][info][gc,heap        ] GC(855) Survivor regions: 108->113(154)
[3629.686s][info][gc,heap        ] GC(855) Old regions: 506->537
[3629.686s][info][gc,heap        ] GC(855) Humongous regions: 80->80
[3629.686s][info][gc,metaspace   ] GC(855) Metaspace: 28910K(29312K)->28910K(29312K) NonClass: 24042K(24256K)->24042K(24256K) Class: 4868K(5056K)->4868K(5056K)
[3629.686s][info][gc             ] GC(855) Pause Young (Prepare Mixed) (G1 Evacuation Pause) 3625M->1459M(4096M) 122.269ms
[3629.686s][info][gc,cpu         ] GC(855) User=0.73s Sys=0.00s Real=0.12s
...[3632.463s][info][gc,start       ] GC(856) Pause Young (Mixed) (G1 Evacuation Pause)
[3632.463s][info][gc,task        ] GC(856) Using 6 workers of 6 for evacuation
[3632.596s][info][gc,phases      ] GC(856)   Pre Evacuate Collection Set: 0.38ms
[3632.596s][info][gc,phases      ] GC(856)   Merge Heap Roots: 0.64ms
[3632.596s][info][gc,phases      ] GC(856)   Evacuate Collection Set: 131.15ms
[3632.596s][info][gc,phases      ] GC(856)   Post Evacuate Collection Set: 0.94ms
[3632.596s][info][gc,phases      ] GC(856)   Other: 0.10ms
[3632.596s][info][gc,heap        ] GC(856) Eden regions: 1102->0(1117)
[3632.596s][info][gc,heap        ] GC(856) Survivor regions: 113->111(152)
[3632.596s][info][gc,heap        ] GC(856) Old regions: 537->475
[3632.596s][info][gc,heap        ] GC(856) Humongous regions: 80->80
[3632.596s][info][gc,metaspace   ] GC(856) Metaspace: 28911K(29312K)->28911K(29312K) NonClass: 24043K(24256K)->24043K(24256K) Class: 4868K(5056K)->4868K(5056K)
[3632.596s][info][gc             ] GC(856) Pause Young (Mixed) (G1 Evacuation Pause) 3663M->1329M(4096M) 133.336ms
[3632.596s][info][gc,cpu         ] GC(856) User=0.79s Sys=0.00s Real=0.13s
...[3635.367s][info][gc,start       ] GC(857) Pause Young (Concurrent Start) (G1 Evacuation Pause)
[3635.367s][info][gc,task        ] GC(857) Using 6 workers of 6 for evacuation
[3635.485s][info][gc,phases      ] GC(857)   Pre Evacuate Collection Set: 0.38ms
[3635.485s][info][gc,phases      ] GC(857)   Merge Heap Roots: 0.47ms
[3635.485s][info][gc,phases      ] GC(857)   Evacuate Collection Set: 116.61ms
[3635.485s][info][gc,phases      ] GC(857)   Post Evacuate Collection Set: 0.91ms
[3635.485s][info][gc,phases      ] GC(857)   Other: 0.12ms
[3635.485s][info][gc,heap        ] GC(857) Eden regions: 1117->0(1116)
[3635.485s][info][gc,heap        ] GC(857) Survivor regions: 111->112(154)
[3635.485s][info][gc,heap        ] GC(857) Old regions: 475->507
[3635.485s][info][gc,heap        ] GC(857) Humongous regions: 80->80
[3635.485s][info][gc,metaspace   ] GC(857) Metaspace: 28911K(29312K)->28911K(29312K) NonClass: 24043K(24256K)->24043K(24256K) Class: 4868K(5056K)->4868K(5056K)
[3635.485s][info][gc             ] GC(857) Pause Young (Concurrent Start) (G1 Evacuation Pause) 3563M->1395M(4096M) 118.619ms
[3635.485s][info][gc             ] GC(858) Concurrent Mark Cycle
[3635.486s][info][gc,marking     ] GC(858) Concurrent Scan Root Regions
[3635.486s][info][gc,cpu         ] GC(857) User=0.71s Sys=0.00s Real=0.12s
[3635.613s][info][gc,marking     ] GC(858) Concurrent Scan Root Regions 127.878ms
[3635.613s][info][gc,marking     ] GC(858) Concurrent Mark
[3635.613s][info][gc,marking     ] GC(858) Concurrent Mark From Roots
[3635.613s][info][gc,task        ] GC(858) Using 2 workers of 2 for marking
[3636.201s][info][gc,marking     ] GC(858) Concurrent Mark From Roots 587.918ms
[3636.201s][info][gc,marking     ] GC(858) Concurrent Preclean
[3636.202s][info][gc,marking     ] GC(858) Concurrent Preclean 0.140ms
[3636.204s][info][gc,start       ] GC(858) Pause Remark
[3636.208s][info][gc             ] GC(858) Pause Remark 1953M->1953M(4096M) 4.004ms
[3636.208s][info][gc,cpu         ] GC(858) User=0.02s Sys=0.00s Real=0.00s
[3636.208s][info][gc,marking     ] GC(858) Concurrent Mark 594.810ms
[3636.208s][info][gc,marking     ] GC(858) Concurrent Rebuild Remembered Sets and Scrub Regions
.[3636.544s][info][gc,marking     ] GC(858) Concurrent Rebuild Remembered Sets and Scrub Regions 335.785ms
[3636.544s][info][gc,start       ] GC(858) Pause Cleanup
[3636.545s][info][gc             ] GC(858) Pause Cleanup 2274M->2274M(4096M) 0.133ms
[3636.545s][info][gc,cpu         ] GC(858) User=0.00s Sys=0.00s Real=0.00s
[3636.547s][info][gc,marking     ] GC(858) Concurrent Clear Claimed Marks
[3636.547s][info][gc,marking     ] GC(858) Concurrent Clear Claimed Marks 0.076ms
[3636.547s][info][gc,marking     ] GC(858) Concurrent Cleanup for Next Mark
[3636.554s][info][gc,marking     ] GC(858) Concurrent Cleanup for Next Mark 6.700ms
[3636.554s][info][gc             ] GC(858) Concurrent Mark Cycle 1068.437ms
.[3638.274s][info][gc,start       ] GC(859) Pause Young (Prepare Mixed) (G1 Evacuation Pause)
[3638.274s][info][gc,task        ] GC(859) Using 6 workers of 6 for evacuation
[3638.394s][info][gc,phases      ] GC(859)   Pre Evacuate Collection Set: 0.35ms
[3638.394s][info][gc,phases      ] GC(859)   Merge Heap Roots: 0.56ms
[3638.394s][info][gc,phases      ] GC(859)   Evacuate Collection Set: 117.48ms
[3638.394s][info][gc,phases      ] GC(859)   Post Evacuate Collection Set: 0.96ms
[3638.394s][info][gc,phases      ] GC(859)   Other: 0.09ms
[3638.394s][info][gc,heap        ] GC(859) Eden regions: 1116->0(1104)
[3638.394s][info][gc,heap        ] GC(859) Survivor regions: 112->111(154)
[3638.394s][info][gc,heap        ] GC(859) Old regions: 507->539
[3638.394s][info][gc,heap        ] GC(859) Humongous regions: 80->80
[3638.394s][info][gc,metaspace   ] GC(859) Metaspace: 28911K(29312K)->28911K(29312K) NonClass: 24043K(24256K)->24043K(24256K) Class: 4868K(5056K)->4868K(5056K)
[3638.394s][info][gc             ] GC(859) Pause Young (Prepare Mixed) (G1 Evacuation Pause) 3627M->1457M(4096M) 119.592ms
[3638.394s][info][gc,cpu         ] GC(859) User=0.71s Sys=0.00s Real=0.12s
...[3641.099s][info][gc,start       ] GC(860) Pause Young (Mixed) (G1 Evacuation Pause)
[3641.099s][info][gc,task        ] GC(860) Using 6 workers of 6 for evacuation
[3641.235s][info][gc,phases      ] GC(860)   Pre Evacuate Collection Set: 0.39ms
[3641.235s][info][gc,phases      ] GC(860)   Merge Heap Roots: 0.80ms
[3641.235s][info][gc,phases      ] GC(860)   Evacuate Collection Set: 133.57ms
[3641.235s][info][gc,phases      ] GC(860)   Post Evacuate Collection Set: 0.95ms
[3641.235s][info][gc,phases      ] GC(860)   Other: 0.08ms
[3641.235s][info][gc,heap        ] GC(860) Eden regions: 1104->0(1119)
[3641.235s][info][gc,heap        ] GC(860) Survivor regions: 111->109(152)
[3641.235s][info][gc,heap        ] GC(860) Old regions: 539->473
[3641.235s][info][gc,heap        ] GC(860) Humongous regions: 80->80
[3641.235s][info][gc,metaspace   ] GC(860) Metaspace: 28911K(29312K)->28911K(29312K) NonClass: 24043K(24256K)->24043K(24256K) Class: 4868K(5056K)->4868K(5056K)
[3641.235s][info][gc             ] GC(860) Pause Young (Mixed) (G1 Evacuation Pause) 3665M->1322M(4096M) 135.940ms
[3641.235s][info][gc,cpu         ] GC(860) User=0.80s Sys=0.00s Real=0.14s
...[3644.100s][info][gc,start       ] GC(861) Pause Young (Concurrent Start) (G1 Evacuation Pause)
[3644.100s][info][gc,task        ] GC(861) Using 6 workers of 6 for evacuation
[3644.219s][info][gc,phases      ] GC(861)   Pre Evacuate Collection Set: 0.39ms
[3644.219s][info][gc,phases      ] GC(861)   Merge Heap Roots: 0.54ms
[3644.219s][info][gc,phases      ] GC(861)   Evacuate Collection Set: 117.31ms
[3644.219s][info][gc,phases      ] GC(861)   Post Evacuate Collection Set: 0.90ms
[3644.219s][info][gc,phases      ] GC(861)   Other: 0.13ms
[3644.219s][info][gc,heap        ] GC(861) Eden regions: 1119->0(1118)
[3644.219s][info][gc,heap        ] GC(861) Survivor regions: 109->110(154)
[3644.219s][info][gc,heap        ] GC(861) Old regions: 473->505
[3644.219s][info][gc,heap        ] GC(861) Humongous regions: 80->80
[3644.219s][info][gc,metaspace   ] GC(861) Metaspace: 28911K(29312K)->28911K(29312K) NonClass: 24043K(24256K)->24043K(24256K) Class: 4868K(5056K)->4868K(5056K)
[3644.219s][info][gc             ] GC(861) Pause Young (Concurrent Start) (G1 Evacuation Pause) 3560M->1388M(4096M) 119.449ms
[3644.219s][info][gc             ] GC(862) Concurrent Mark Cycle
[3644.219s][info][gc,marking     ] GC(862) Concurrent Scan Root Regions
[3644.219s][info][gc,cpu         ] GC(861) User=0.71s Sys=0.00s Real=0.12s
[3644.359s][info][gc,marking     ] GC(862) Concurrent Scan Root Regions 139.860ms
[3644.359s][info][gc,marking     ] GC(862) Concurrent Mark
[3644.359s][info][gc,marking     ] GC(862) Concurrent Mark From Roots
[3644.359s][info][gc,task        ] GC(862) Using 2 workers of 2 for marking
.[3645.100s][info][gc,marking     ] GC(862) Concurrent Mark From Roots 740.917ms
[3645.100s][info][gc,marking     ] GC(862) Concurrent Preclean
[3645.101s][info][gc,marking     ] GC(862) Concurrent Preclean 0.133ms
[3645.101s][info][gc,start       ] GC(862) Pause Remark
[3645.106s][info][gc             ] GC(862) Pause Remark 2167M->2167M(4096M) 5.125ms
[3645.106s][info][gc,cpu         ] GC(862) User=0.03s Sys=0.00s Real=0.01s
[3645.106s][info][gc,marking     ] GC(862) Concurrent Mark 746.756ms
[3645.106s][info][gc,marking     ] GC(862) Concurrent Rebuild Remembered Sets and Scrub Regions
[3645.338s][info][gc,marking     ] GC(862) Concurrent Rebuild Remembered Sets and Scrub Regions 232.192ms
[3645.339s][info][gc,start       ] GC(862) Pause Cleanup
[3645.339s][info][gc             ] GC(862) Pause Cleanup 2348M->2348M(4096M) 0.126ms
[3645.339s][info][gc,cpu         ] GC(862) User=0.00s Sys=0.00s Real=0.00s
[3645.339s][info][gc,marking     ] GC(862) Concurrent Clear Claimed Marks
[3645.339s][info][gc,marking     ] GC(862) Concurrent Clear Claimed Marks 0.047ms
[3645.339s][info][gc,marking     ] GC(862) Concurrent Cleanup for Next Mark
[3645.344s][info][gc,marking     ] GC(862) Concurrent Cleanup for Next Mark 4.522ms
[3645.344s][info][gc             ] GC(862) Concurrent Mark Cycle 1124.392ms
..[3646.964s][info][gc,start       ] GC(863) Pause Young (Prepare Mixed) (G1 Evacuation Pause)
[3646.964s][info][gc,task        ] GC(863) Using 6 workers of 6 for evacuation
[3647.083s][info][gc,phases      ] GC(863)   Pre Evacuate Collection Set: 0.33ms
[3647.083s][info][gc,phases      ] GC(863)   Merge Heap Roots: 0.55ms
[3647.083s][info][gc,phases      ] GC(863)   Evacuate Collection Set: 117.24ms
[3647.083s][info][gc,phases      ] GC(863)   Post Evacuate Collection Set: 0.91ms
[3647.083s][info][gc,phases      ] GC(863)   Other: 0.09ms
[3647.083s][info][gc,heap        ] GC(863) Eden regions: 1118->0(1104)
[3647.083s][info][gc,heap        ] GC(863) Survivor regions: 110->112(154)
[3647.083s][info][gc,heap        ] GC(863) Old regions: 505->537
[3647.083s][info][gc,heap        ] GC(863) Humongous regions: 80->80
[3647.083s][info][gc,metaspace   ] GC(863) Metaspace: 28911K(29312K)->28911K(29312K) NonClass: 24043K(24256K)->24043K(24256K) Class: 4868K(5056K)->4868K(5056K)
[3647.084s][info][gc             ] GC(863) Pause Young (Prepare Mixed) (G1 Evacuation Pause) 3624M->1455M(4096M) 119.250ms
[3647.084s][info][gc,cpu         ] GC(863) User=0.70s Sys=0.00s Real=0.12s
...[3649.870s][info][gc,start       ] GC(864) Pause Young (Mixed) (G1 Evacuation Pause)
[3649.870s][info][gc,task        ] GC(864) Using 6 workers of 6 for evacuation
[3650.008s][info][gc,phases      ] GC(864)   Pre Evacuate Collection Set: 0.39ms
[3650.008s][info][gc,phases      ] GC(864)   Merge Heap Roots: 0.63ms
[3650.008s][info][gc,phases      ] GC(864)   Evacuate Collection Set: 136.14ms
[3650.008s][info][gc,phases      ] GC(864)   Post Evacuate Collection Set: 0.97ms
[3650.008s][info][gc,phases      ] GC(864)   Other: 0.09ms
[3650.008s][info][gc,heap        ] GC(864) Eden regions: 1104->0(1115)
[3650.008s][info][gc,heap        ] GC(864) Survivor regions: 112->113(152)
[3650.008s][info][gc,heap        ] GC(864) Old regions: 537->475
[3650.008s][info][gc,heap        ] GC(864) Humongous regions: 80->80
[3650.008s][info][gc,metaspace   ] GC(864) Metaspace: 28911K(29312K)->28911K(29312K) NonClass: 24043K(24256K)->24043K(24256K) Class: 4868K(5056K)->4868K(5056K)
[3650.008s][info][gc             ] GC(864) Pause Young (Mixed) (G1 Evacuation Pause) 3663M->1334M(4096M) 138.354ms
[3650.008s][info][gc,cpu         ] GC(864) User=0.82s Sys=0.00s Real=0.14s
...[3652.760s][info][gc,start       ] GC(865) Pause Young (Concurrent Start) (G1 Evacuation Pause)
[3652.760s][info][gc,task        ] GC(865) Using 6 workers of 6 for evacuation
[3652.876s][info][gc,phases      ] GC(865)   Pre Evacuate Collection Set: 0.37ms
[3652.876s][info][gc,phases      ] GC(865)   Merge Heap Roots: 0.48ms
[3652.876s][info][gc,phases      ] GC(865)   Evacuate Collection Set: 113.76ms
[3652.876s][info][gc,phases      ] GC(865)   Post Evacuate Collection Set: 0.88ms
[3652.876s][info][gc,phases      ] GC(865)   Other: 0.12ms
[3652.876s][info][gc,heap        ] GC(865) Eden regions: 1115->0(1120)
[3652.876s][info][gc,heap        ] GC(865) Survivor regions: 113->108(154)
[3652.876s][info][gc,heap        ] GC(865) Old regions: 475->507
[3652.876s][info][gc,heap        ] GC(865) Humongous regions: 80->80
[3652.876s][info][gc,metaspace   ] GC(865) Metaspace: 28911K(29312K)->28911K(29312K) NonClass: 24043K(24256K)->24043K(24256K) Class: 4868K(5056K)->4868K(5056K)
[3652.876s][info][gc             ] GC(865) Pause Young (Concurrent Start) (G1 Evacuation Pause) 3564M->1387M(4096M) 115.743ms
[3652.876s][info][gc             ] GC(866) Concurrent Mark Cycle
[3652.876s][info][gc,marking     ] GC(866) Concurrent Scan Root Regions
[3652.876s][info][gc,cpu         ] GC(865) User=0.69s Sys=0.00s Real=0.12s
[3653.013s][info][gc,marking     ] GC(866) Concurrent Scan Root Regions 136.618ms
[3653.013s][info][gc,marking     ] GC(866) Concurrent Mark
[3653.013s][info][gc,marking     ] GC(866) Concurrent Mark From Roots
[3653.013s][info][gc,task        ] GC(866) Using 2 workers of 2 for marking
.[3653.745s][info][gc,marking     ] GC(866) Concurrent Mark From Roots 732.064ms
[3653.745s][info][gc,marking     ] GC(866) Concurrent Preclean
[3653.745s][info][gc,marking     ] GC(866) Concurrent Preclean 0.163ms
[3653.746s][info][gc,start       ] GC(866) Pause Remark
[3653.752s][info][gc             ] GC(866) Pause Remark 2107M->2107M(4096M) 5.351ms
[3653.752s][info][gc,cpu         ] GC(866) User=0.03s Sys=0.00s Real=0.00s
[3653.752s][info][gc,marking     ] GC(866) Concurrent Mark 739.096ms
[3653.752s][info][gc,marking     ] GC(866) Concurrent Rebuild Remembered Sets and Scrub Regions
[3654.004s][info][gc,marking     ] GC(866) Concurrent Rebuild Remembered Sets and Scrub Regions 252.458ms
[3654.005s][info][gc,start       ] GC(866) Pause Cleanup
[3654.005s][info][gc             ] GC(866) Pause Cleanup 2301M->2301M(4096M) 0.122ms
[3654.005s][info][gc,cpu         ] GC(866) User=0.01s Sys=0.00s Real=0.00s
[3654.005s][info][gc,marking     ] GC(866) Concurrent Clear Claimed Marks
[3654.005s][info][gc,marking     ] GC(866) Concurrent Clear Claimed Marks 0.028ms
[3654.005s][info][gc,marking     ] GC(866) Concurrent Cleanup for Next Mark
[3654.009s][info][gc,marking     ] GC(866) Concurrent Cleanup for Next Mark 4.463ms
[3654.009s][info][gc             ] GC(866) Concurrent Mark Cycle 1133.209ms
..[3655.646s][info][gc,start       ] GC(867) Pause Young (Prepare Mixed) (G1 Evacuation Pause)
[3655.646s][info][gc,task        ] GC(867) Using 6 workers of 6 for evacuation
[3655.762s][info][gc,phases      ] GC(867)   Pre Evacuate Collection Set: 0.37ms
[3655.762s][info][gc,phases      ] GC(867)   Merge Heap Roots: 0.55ms
[3655.762s][info][gc,phases      ] GC(867)   Evacuate Collection Set: 113.60ms
[3655.762s][info][gc,phases      ] GC(867)   Post Evacuate Collection Set: 0.93ms
[3655.762s][info][gc,phases      ] GC(867)   Other: 0.09ms
[3655.762s][info][gc,heap        ] GC(867) Eden regions: 1120->0(1110)
[3655.762s][info][gc,heap        ] GC(867) Survivor regions: 108->108(154)
[3655.762s][info][gc,heap        ] GC(867) Old regions: 507->539
[3655.762s][info][gc,heap        ] GC(867) Humongous regions: 80->80
[3655.762s][info][gc,metaspace   ] GC(867) Metaspace: 28911K(29312K)->28911K(29312K) NonClass: 24043K(24256K)->24043K(24256K) Class: 4868K(5056K)->4868K(5056K)
[3655.762s][info][gc             ] GC(867) Pause Young (Prepare Mixed) (G1 Evacuation Pause) 3627M->1451M(4096M) 115.691ms
[3655.762s][info][gc,cpu         ] GC(867) User=0.68s Sys=0.00s Real=0.11s
...[3658.533s][info][gc,start       ] GC(868) Pause Young (Mixed) (G1 Evacuation Pause)
[3658.533s][info][gc,task        ] GC(868) Using 6 workers of 6 for evacuation
[3658.666s][info][gc,phases      ] GC(868)   Pre Evacuate Collection Set: 0.39ms
[3658.666s][info][gc,phases      ] GC(868)   Merge Heap Roots: 0.69ms
[3658.666s][info][gc,phases      ] GC(868)   Evacuate Collection Set: 130.89ms
[3658.666s][info][gc,phases      ] GC(868)   Post Evacuate Collection Set: 0.95ms
[3658.666s][info][gc,phases      ] GC(868)   Other: 0.09ms
[3658.666s][info][gc,heap        ] GC(868) Eden regions: 1110->0(1117)
[3658.666s][info][gc,heap        ] GC(868) Survivor regions: 108->111(153)
[3658.666s][info][gc,heap        ] GC(868) Old regions: 539->474
[3658.666s][info][gc,heap        ] GC(868) Humongous regions: 80->80
[3658.666s][info][gc,metaspace   ] GC(868) Metaspace: 28911K(29312K)->28911K(29312K) NonClass: 24043K(24256K)->24043K(24256K) Class: 4868K(5056K)->4868K(5056K)
[3658.666s][info][gc             ] GC(868) Pause Young (Mixed) (G1 Evacuation Pause) 3671M->1329M(4096M) 133.152ms
[3658.666s][info][gc,cpu         ] GC(868) User=0.79s Sys=0.00s Real=0.14s
...[3661.486s][info][gc,start       ] GC(869) Pause Young (Concurrent Start) (G1 Evacuation Pause)
[3661.486s][info][gc,task        ] GC(869) Using 6 workers of 6 for evacuation
[3661.605s][info][gc,phases      ] GC(869)   Pre Evacuate Collection Set: 0.40ms
[3661.605s][info][gc,phases      ] GC(869)   Merge Heap Roots: 0.45ms
[3661.605s][info][gc,phases      ] GC(869)   Evacuate Collection Set: 117.25ms
[3661.605s][info][gc,phases      ] GC(869)   Post Evacuate Collection Set: 0.88ms
[3661.605s][info][gc,phases      ] GC(869)   Other: 0.10ms
[3661.605s][info][gc,heap        ] GC(869) Eden regions: 1117->0(1115)
[3661.605s][info][gc,heap        ] GC(869) Survivor regions: 111->113(154)
[3661.605s][info][gc,heap        ] GC(869) Old regions: 474->506
[3661.605s][info][gc,heap        ] GC(869) Humongous regions: 80->80
[3661.605s][info][gc,metaspace   ] GC(869) Metaspace: 28911K(29312K)->28911K(29312K) NonClass: 24043K(24256K)->24043K(24256K) Class: 4868K(5056K)->4868K(5056K)
[3661.605s][info][gc             ] GC(869) Pause Young (Concurrent Start) (G1 Evacuation Pause) 3563M->1395M(4096M) 119.218ms
[3661.605s][info][gc             ] GC(870) Concurrent Mark Cycle
[3661.605s][info][gc,marking     ] GC(870) Concurrent Scan Root Regions
[3661.605s][info][gc,cpu         ] GC(869) User=0.71s Sys=0.00s Real=0.12s
[3661.746s][info][gc,marking     ] GC(870) Concurrent Scan Root Regions 141.170ms
[3661.746s][info][gc,marking     ] GC(870) Concurrent Mark
[3661.746s][info][gc,marking     ] GC(870) Concurrent Mark From Roots
[3661.746s][info][gc,task        ] GC(870) Using 2 workers of 2 for marking
[3662.462s][info][gc,marking     ] GC(870) Concurrent Mark From Roots 715.193ms
[3662.462s][info][gc,marking     ] GC(870) Concurrent Preclean
[3662.462s][info][gc,marking     ] GC(870) Concurrent Preclean 0.120ms
[3662.462s][info][gc,start       ] GC(870) Pause Remark
[3662.468s][info][gc             ] GC(870) Pause Remark 2107M->2107M(4096M) 5.605ms
[3662.468s][info][gc,cpu         ] GC(870) User=0.03s Sys=0.00s Real=0.01s
[3662.468s][info][gc,marking     ] GC(870) Concurrent Mark 721.261ms
[3662.468s][info][gc,marking     ] GC(870) Concurrent Rebuild Remembered Sets and Scrub Regions
.[3662.729s][info][gc,marking     ] GC(870) Concurrent Rebuild Remembered Sets and Scrub Regions 260.909ms
[3662.729s][info][gc,start       ] GC(870) Pause Cleanup
[3662.729s][info][gc             ] GC(870) Pause Cleanup 2325M->2325M(4096M) 0.111ms
[3662.729s][info][gc,cpu         ] GC(870) User=0.00s Sys=0.00s Real=0.00s
[3662.729s][info][gc,marking     ] GC(870) Concurrent Clear Claimed Marks
[3662.729s][info][gc,marking     ] GC(870) Concurrent Clear Claimed Marks 0.026ms
[3662.729s][info][gc,marking     ] GC(870) Concurrent Cleanup for Next Mark
[3662.734s][info][gc,marking     ] GC(870) Concurrent Cleanup for Next Mark 4.599ms
[3662.734s][info][gc             ] GC(870) Concurrent Mark Cycle 1128.452ms
.[3664.401s][info][gc,start       ] GC(871) Pause Young (Prepare Mixed) (G1 Evacuation Pause)
[3664.401s][info][gc,task        ] GC(871) Using 6 workers of 6 for evacuation
[3664.522s][info][gc,phases      ] GC(871)   Pre Evacuate Collection Set: 0.34ms
[3664.522s][info][gc,phases      ] GC(871)   Merge Heap Roots: 0.56ms
[3664.522s][info][gc,phases      ] GC(871)   Evacuate Collection Set: 118.77ms
[3664.522s][info][gc,phases      ] GC(871)   Post Evacuate Collection Set: 0.93ms
[3664.522s][info][gc,phases      ] GC(871)   Other: 0.10ms
[3664.522s][info][gc,heap        ] GC(871) Eden regions: 1115->0(1101)
[3664.522s][info][gc,heap        ] GC(871) Survivor regions: 113->113(154)
[3664.522s][info][gc,heap        ] GC(871) Old regions: 506->538
[3664.522s][info][gc,heap        ] GC(871) Humongous regions: 80->80
[3664.522s][info][gc,metaspace   ] GC(871) Metaspace: 28911K(29312K)->28911K(29312K) NonClass: 24043K(24256K)->24043K(24256K) Class: 4868K(5056K)->4868K(5056K)
[3664.522s][info][gc             ] GC(871) Pause Young (Prepare Mixed) (G1 Evacuation Pause) 3625M->1461M(4096M) 120.823ms
[3664.522s][info][gc,cpu         ] GC(871) User=0.71s Sys=0.00s Real=0.12s
...[3667.276s][info][gc,start       ] GC(872) Pause Young (Mixed) (G1 Evacuation Pause)
[3667.276s][info][gc,task        ] GC(872) Using 6 workers of 6 for evacuation
[3667.408s][info][gc,phases      ] GC(872)   Pre Evacuate Collection Set: 0.38ms
[3667.408s][info][gc,phases      ] GC(872)   Merge Heap Roots: 0.72ms
[3667.408s][info][gc,phases      ] GC(872)   Evacuate Collection Set: 130.15ms
[3667.408s][info][gc,phases      ] GC(872)   Post Evacuate Collection Set: 0.94ms
[3667.408s][info][gc,phases      ] GC(872)   Other: 0.10ms
[3667.408s][info][gc,heap        ] GC(872) Eden regions: 1101->0(1119)
[3667.408s][info][gc,heap        ] GC(872) Survivor regions: 113->109(152)
[3667.408s][info][gc,heap        ] GC(872) Old regions: 538->474
[3667.408s][info][gc,heap        ] GC(872) Humongous regions: 80->80
[3667.408s][info][gc,metaspace   ] GC(872) Metaspace: 28911K(29312K)->28911K(29312K) NonClass: 24043K(24256K)->24043K(24256K) Class: 4868K(5056K)->4868K(5056K)
[3667.408s][info][gc             ] GC(872) Pause Young (Mixed) (G1 Evacuation Pause) 3663M->1324M(4096M) 132.408ms
[3667.408s][info][gc,cpu         ] GC(872) User=0.79s Sys=0.00s Real=0.13s
...[3670.205s][info][gc,start       ] GC(873) Pause Young (Concurrent Start) (G1 Evacuation Pause)
[3670.205s][info][gc,task        ] GC(873) Using 6 workers of 6 for evacuation
[3670.322s][info][gc,phases      ] GC(873)   Pre Evacuate Collection Set: 0.44ms
[3670.322s][info][gc,phases      ] GC(873)   Merge Heap Roots: 0.49ms
[3670.322s][info][gc,phases      ] GC(873)   Evacuate Collection Set: 115.45ms
[3670.322s][info][gc,phases      ] GC(873)   Post Evacuate Collection Set: 0.92ms
[3670.322s][info][gc,phases      ] GC(873)   Other: 0.10ms
[3670.322s][info][gc,heap        ] GC(873) Eden regions: 1119->0(1118)
[3670.322s][info][gc,heap        ] GC(873) Survivor regions: 109->110(154)
[3670.322s][info][gc,heap        ] GC(873) Old regions: 474->506
[3670.322s][info][gc,heap        ] GC(873) Humongous regions: 80->80
[3670.322s][info][gc,metaspace   ] GC(873) Metaspace: 28911K(29312K)->28911K(29312K) NonClass: 24043K(24256K)->24043K(24256K) Class: 4868K(5056K)->4868K(5056K)
[3670.322s][info][gc             ] GC(873) Pause Young (Concurrent Start) (G1 Evacuation Pause) 3562M->1389M(4096M) 117.550ms
[3670.322s][info][gc             ] GC(874) Concurrent Mark Cycle
[3670.322s][info][gc,marking     ] GC(874) Concurrent Scan Root Regions
[3670.322s][info][gc,cpu         ] GC(873) User=0.70s Sys=0.00s Real=0.11s
[3670.502s][info][gc,marking     ] GC(874) Concurrent Scan Root Regions 179.216ms
[3670.502s][info][gc,marking     ] GC(874) Concurrent Mark
[3670.502s][info][gc,marking     ] GC(874) Concurrent Mark From Roots
[3670.502s][info][gc,task        ] GC(874) Using 2 workers of 2 for marking
.[3671.365s][info][gc,marking     ] GC(874) Concurrent Mark From Roots 863.709ms
[3671.366s][info][gc,marking     ] GC(874) Concurrent Preclean
[3671.366s][info][gc,marking     ] GC(874) Concurrent Preclean 0.096ms
[3671.366s][info][gc,start       ] GC(874) Pause Remark
[3671.372s][info][gc             ] GC(874) Pause Remark 2263M->2263M(4096M) 5.821ms
[3671.372s][info][gc,cpu         ] GC(874) User=0.03s Sys=0.00s Real=0.00s
[3671.372s][info][gc,marking     ] GC(874) Concurrent Mark 869.896ms
[3671.372s][info][gc,marking     ] GC(874) Concurrent Rebuild Remembered Sets and Scrub Regions
.[3671.738s][info][gc,marking     ] GC(874) Concurrent Rebuild Remembered Sets and Scrub Regions 366.283ms
[3671.738s][info][gc,start       ] GC(874) Pause Cleanup
[3671.738s][info][gc             ] GC(874) Pause Cleanup 2555M->2555M(4096M) 0.130ms
[3671.738s][info][gc,cpu         ] GC(874) User=0.00s Sys=0.00s Real=0.00s
[3671.739s][info][gc,marking     ] GC(874) Concurrent Clear Claimed Marks
[3671.739s][info][gc,marking     ] GC(874) Concurrent Clear Claimed Marks 0.037ms
[3671.739s][info][gc,marking     ] GC(874) Concurrent Cleanup for Next Mark
[3671.744s][info][gc,marking     ] GC(874) Concurrent Cleanup for Next Mark 4.861ms
[3671.744s][info][gc             ] GC(874) Concurrent Mark Cycle 1421.946ms
.[3673.096s][info][gc,start       ] GC(875) Pause Young (Prepare Mixed) (G1 Evacuation Pause)
[3673.096s][info][gc,task        ] GC(875) Using 6 workers of 6 for evacuation
[3673.215s][info][gc,phases      ] GC(875)   Pre Evacuate Collection Set: 0.33ms
[3673.215s][info][gc,phases      ] GC(875)   Merge Heap Roots: 0.53ms
[3673.215s][info][gc,phases      ] GC(875)   Evacuate Collection Set: 117.61ms
[3673.215s][info][gc,phases      ] GC(875)   Post Evacuate Collection Set: 0.96ms
[3673.215s][info][gc,phases      ] GC(875)   Other: 0.09ms
[3673.215s][info][gc,heap        ] GC(875) Eden regions: 1118->0(1108)
[3673.215s][info][gc,heap        ] GC(875) Survivor regions: 110->110(154)
[3673.215s][info][gc,heap        ] GC(875) Old regions: 506->537
[3673.215s][info][gc,heap        ] GC(875) Humongous regions: 80->80
[3673.215s][info][gc,metaspace   ] GC(875) Metaspace: 28911K(29312K)->28911K(29312K) NonClass: 24043K(24256K)->24043K(24256K) Class: 4868K(5056K)->4868K(5056K)
[3673.216s][info][gc             ] GC(875) Pause Young (Prepare Mixed) (G1 Evacuation Pause) 3625M->1453M(4096M) 119.652ms
[3673.216s][info][gc,cpu         ] GC(875) User=0.71s Sys=0.00s Real=0.12s
...[3675.956s][info][gc,start       ] GC(876) Pause Young (Mixed) (G1 Evacuation Pause)
[3675.956s][info][gc,task        ] GC(876) Using 6 workers of 6 for evacuation
[3676.089s][info][gc,phases      ] GC(876)   Pre Evacuate Collection Set: 0.38ms
[3676.089s][info][gc,phases      ] GC(876)   Merge Heap Roots: 0.75ms
[3676.089s][info][gc,phases      ] GC(876)   Evacuate Collection Set: 131.03ms
[3676.089s][info][gc,phases      ] GC(876)   Post Evacuate Collection Set: 0.93ms
[3676.089s][info][gc,phases      ] GC(876)   Other: 0.09ms
[3676.089s][info][gc,heap        ] GC(876) Eden regions: 1108->0(1119)
[3676.089s][info][gc,heap        ] GC(876) Survivor regions: 110->109(153)
[3676.089s][info][gc,heap        ] GC(876) Old regions: 537->474
[3676.089s][info][gc,heap        ] GC(876) Humongous regions: 80->80
[3676.089s][info][gc,metaspace   ] GC(876) Metaspace: 28911K(29312K)->28911K(29312K) NonClass: 24043K(24256K)->24043K(24256K) Class: 4868K(5056K)->4868K(5056K)
[3676.089s][info][gc             ] GC(876) Pause Young (Mixed) (G1 Evacuation Pause) 3669M->1324M(4096M) 133.317ms
[3676.089s][info][gc,cpu         ] GC(876) User=0.79s Sys=0.00s Real=0.13s
...[3678.863s][info][gc,start       ] GC(877) Pause Young (Concurrent Start) (G1 Evacuation Pause)
[3678.863s][info][gc,task        ] GC(877) Using 6 workers of 6 for evacuation
[3678.984s][info][gc,phases      ] GC(877)   Pre Evacuate Collection Set: 0.37ms
[3678.984s][info][gc,phases      ] GC(877)   Merge Heap Roots: 0.47ms
[3678.984s][info][gc,phases      ] GC(877)   Evacuate Collection Set: 118.18ms
[3678.984s][info][gc,phases      ] GC(877)   Post Evacuate Collection Set: 0.88ms
[3678.984s][info][gc,phases      ] GC(877)   Other: 0.12ms
[3678.984s][info][gc,heap        ] GC(877) Eden regions: 1119->0(1117)
[3678.984s][info][gc,heap        ] GC(877) Survivor regions: 109->111(154)
[3678.984s][info][gc,heap        ] GC(877) Old regions: 474->506
[3678.984s][info][gc,heap        ] GC(877) Humongous regions: 80->80
[3678.984s][info][gc,metaspace   ] GC(877) Metaspace: 28911K(29312K)->28911K(29312K) NonClass: 24043K(24256K)->24043K(24256K) Class: 4868K(5056K)->4868K(5056K)
[3678.984s][info][gc             ] GC(877) Pause Young (Concurrent Start) (G1 Evacuation Pause) 3562M->1391M(4096M) 120.166ms
[3678.984s][info][gc             ] GC(878) Concurrent Mark Cycle
[3678.984s][info][gc,marking     ] GC(878) Concurrent Scan Root Regions
[3678.984s][info][gc,cpu         ] GC(877) User=0.71s Sys=0.00s Real=0.12s
[3679.183s][info][gc,marking     ] GC(878) Concurrent Scan Root Regions 199.741ms
[3679.183s][info][gc,marking     ] GC(878) Concurrent Mark
[3679.183s][info][gc,marking     ] GC(878) Concurrent Mark From Roots
[3679.183s][info][gc,task        ] GC(878) Using 2 workers of 2 for marking
.[3680.164s][info][gc,marking     ] GC(878) Concurrent Mark From Roots 980.023ms
[3680.164s][info][gc,marking     ] GC(878) Concurrent Preclean
[3680.164s][info][gc,marking     ] GC(878) Concurrent Preclean 0.121ms
[3680.166s][info][gc,start       ] GC(878) Pause Remark
[3680.173s][info][gc             ] GC(878) Pause Remark 2345M->2345M(4096M) 6.584ms
[3680.173s][info][gc,cpu         ] GC(878) User=0.04s Sys=0.00s Real=0.00s
[3680.174s][info][gc,marking     ] GC(878) Concurrent Mark 990.110ms
[3680.174s][info][gc,marking     ] GC(878) Concurrent Rebuild Remembered Sets and Scrub Regions
[3680.460s][info][gc,marking     ] GC(878) Concurrent Rebuild Remembered Sets and Scrub Regions 286.019ms
[3680.461s][info][gc,start       ] GC(878) Pause Cleanup
[3680.461s][info][gc             ] GC(878) Pause Cleanup 2601M->2601M(4096M) 0.129ms
[3680.461s][info][gc,cpu         ] GC(878) User=0.00s Sys=0.00s Real=0.00s
[3680.461s][info][gc,marking     ] GC(878) Concurrent Clear Claimed Marks
[3680.461s][info][gc,marking     ] GC(878) Concurrent Clear Claimed Marks 0.042ms
[3680.461s][info][gc,marking     ] GC(878) Concurrent Cleanup for Next Mark
[3680.466s][info][gc,marking     ] GC(878) Concurrent Cleanup for Next Mark 4.996ms
[3680.466s][info][gc             ] GC(878) Concurrent Mark Cycle 1482.569ms
..[3681.794s][info][gc,start       ] GC(879) Pause Young (Prepare Mixed) (G1 Evacuation Pause)
[3681.794s][info][gc,task        ] GC(879) Using 6 workers of 6 for evacuation
[3681.912s][info][gc,phases      ] GC(879)   Pre Evacuate Collection Set: 0.34ms
[3681.912s][info][gc,phases      ] GC(879)   Merge Heap Roots: 0.57ms
[3681.912s][info][gc,phases      ] GC(879)   Evacuate Collection Set: 116.32ms
[3681.912s][info][gc,phases      ] GC(879)   Post Evacuate Collection Set: 0.93ms
[3681.912s][info][gc,phases      ] GC(879)   Other: 0.08ms
[3681.912s][info][gc,heap        ] GC(879) Eden regions: 1117->0(1111)
[3681.912s][info][gc,heap        ] GC(879) Survivor regions: 111->109(154)
[3681.912s][info][gc,heap        ] GC(879) Old regions: 506->536
[3681.912s][info][gc,heap        ] GC(879) Humongous regions: 80->80
[3681.912s][info][gc,metaspace   ] GC(879) Metaspace: 28911K(29312K)->28911K(29312K) NonClass: 24043K(24256K)->24043K(24256K) Class: 4868K(5056K)->4868K(5056K)
[3681.912s][info][gc             ] GC(879) Pause Young (Prepare Mixed) (G1 Evacuation Pause) 3625M->1448M(4096M) 118.380ms
[3681.912s][info][gc,cpu         ] GC(879) User=0.70s Sys=0.00s Real=0.11s
...[3684.714s][info][gc,start       ] GC(880) Pause Young (Mixed) (G1 Evacuation Pause)
[3684.714s][info][gc,task        ] GC(880) Using 6 workers of 6 for evacuation
[3684.848s][info][gc,phases      ] GC(880)   Pre Evacuate Collection Set: 0.43ms
[3684.848s][info][gc,phases      ] GC(880)   Merge Heap Roots: 0.85ms
[3684.848s][info][gc,phases      ] GC(880)   Evacuate Collection Set: 131.63ms
[3684.848s][info][gc,phases      ] GC(880)   Post Evacuate Collection Set: 0.96ms
[3684.848s][info][gc,phases      ] GC(880)   Other: 0.10ms
[3684.848s][info][gc,heap        ] GC(880) Eden regions: 1111->0(1120)
[3684.848s][info][gc,heap        ] GC(880) Survivor regions: 109->108(153)
[3684.848s][info][gc,heap        ] GC(880) Old regions: 536->472
[3684.848s][info][gc,heap        ] GC(880) Humongous regions: 80->80
[3684.848s][info][gc,metaspace   ] GC(880) Metaspace: 28911K(29312K)->28911K(29312K) NonClass: 24043K(24256K)->24043K(24256K) Class: 4868K(5056K)->4868K(5056K)
[3684.848s][info][gc             ] GC(880) Pause Young (Mixed) (G1 Evacuation Pause) 3670M->1319M(4096M) 134.109ms
[3684.848s][info][gc,cpu         ] GC(880) User=0.79s Sys=0.00s Real=0.13s
...[3687.632s][info][gc,start       ] GC(881) Pause Young (Concurrent Start) (G1 Evacuation Pause)
[3687.632s][info][gc,task        ] GC(881) Using 6 workers of 6 for evacuation
[3687.751s][info][gc,phases      ] GC(881)   Pre Evacuate Collection Set: 0.38ms
[3687.751s][info][gc,phases      ] GC(881)   Merge Heap Roots: 0.55ms
[3687.751s][info][gc,phases      ] GC(881)   Evacuate Collection Set: 116.70ms
[3687.751s][info][gc,phases      ] GC(881)   Post Evacuate Collection Set: 0.91ms
[3687.751s][info][gc,phases      ] GC(881)   Other: 0.12ms
[3687.751s][info][gc,heap        ] GC(881) Eden regions: 1120->0(1118)
[3687.751s][info][gc,heap        ] GC(881) Survivor regions: 108->110(154)
[3687.751s][info][gc,heap        ] GC(881) Old regions: 472->505
[3687.751s][info][gc,heap        ] GC(881) Humongous regions: 80->80
[3687.751s][info][gc,metaspace   ] GC(881) Metaspace: 28911K(29312K)->28911K(29312K) NonClass: 24043K(24256K)->24043K(24256K) Class: 4868K(5056K)->4868K(5056K)
[3687.751s][info][gc             ] GC(881) Pause Young (Concurrent Start) (G1 Evacuation Pause) 3559M->1387M(4096M) 118.806ms
[3687.751s][info][gc             ] GC(882) Concurrent Mark Cycle
[3687.751s][info][gc,marking     ] GC(882) Concurrent Scan Root Regions
[3687.751s][info][gc,cpu         ] GC(881) User=0.70s Sys=0.01s Real=0.12s
[3687.925s][info][gc,marking     ] GC(882) Concurrent Scan Root Regions 173.949ms
[3687.925s][info][gc,marking     ] GC(882) Concurrent Mark
[3687.925s][info][gc,marking     ] GC(882) Concurrent Mark From Roots
[3687.925s][info][gc,task        ] GC(882) Using 2 workers of 2 for marking
.[3688.828s][info][gc,marking     ] GC(882) Concurrent Mark From Roots 902.510ms
[3688.828s][info][gc,marking     ] GC(882) Concurrent Preclean
[3688.828s][info][gc,marking     ] GC(882) Concurrent Preclean 0.120ms
[3688.828s][info][gc,start       ] GC(882) Pause Remark
[3688.834s][info][gc             ] GC(882) Pause Remark 2309M->2309M(4096M) 5.853ms
[3688.834s][info][gc,cpu         ] GC(882) User=0.03s Sys=0.00s Real=0.01s
[3688.834s][info][gc,marking     ] GC(882) Concurrent Mark 908.973ms
[3688.834s][info][gc,marking     ] GC(882) Concurrent Rebuild Remembered Sets and Scrub Regions
[3689.095s][info][gc,marking     ] GC(882) Concurrent Rebuild Remembered Sets and Scrub Regions 260.869ms
[3689.097s][info][gc,start       ] GC(882) Pause Cleanup
[3689.097s][info][gc             ] GC(882) Pause Cleanup 2525M->2525M(4096M) 0.121ms
[3689.097s][info][gc,cpu         ] GC(882) User=0.00s Sys=0.00s Real=0.00s
[3689.097s][info][gc,marking     ] GC(882) Concurrent Clear Claimed Marks
[3689.097s][info][gc,marking     ] GC(882) Concurrent Clear Claimed Marks 0.046ms
[3689.097s][info][gc,marking     ] GC(882) Concurrent Cleanup for Next Mark
[3689.107s][info][gc,marking     ] GC(882) Concurrent Cleanup for Next Mark 9.277ms
[3689.107s][info][gc             ] GC(882) Concurrent Mark Cycle 1355.708ms
. (rIR:aIR:PR = 6503:6505:6505) (tPR = 96431) [OK] 
  3689s: Performance info:
         Transaction,    Success,    Partial,     Failed,   Receipts, AvgBarcode, 
             Overall,     392317,          0,          0,     372691,      59.48, 
         Response times:
             Request,    Success,    Partial,     Failed,   SkipFail,     Probes,    Samples,      min,      p50,      p90,      p95,      p99,      max, 
       TotalPurchase,     372680,          0,          0,          0,     361304,     394271,      300,     5900,    32000,    64000,   154000,   397000,
     InStorePurchase,     196202,          0,          0,          0,     189813,     206896,      300,     5800,    31000,    62000,   152000,   349000,
      OnlinePurchase,     137288,          0,          0,          0,     133413,     145352,      300,     6100,    33000,    65000,   159000,   397000,
        InstPurchase,      39190,          0,          0,          0,      38078,      42023,      400,     5900,    32000,    65000,   159000,   330000,
          AssocOfCat,        395,          0,          0,          0,        308,        408,    21000,    37000,    63000,    97650,   156640,   265000,
      AssocOfProduct,       3931,          0,          0,          0,       3670,       4161,      600,     6600,    33000,    61000,   151520,   324000,
      BusinessReport,        983,          0,          0,          0,        875,       1081,    26000,    44000,    82000,   128900,   237080,   369000,
          CustBuyBeh,       3927,          0,          0,          0,       3677,       4159,      600,     5500,    33000,    62000,   175400,   288000,
       ProductReturn,      10399,          0,          0,          0,       9833,      10885,      200,     5800,    31000,    61000,   153000,   320000,

  3689s: (48%)   IR =   6642 [3690.562s][info][gc,start       ] GC(883) Pause Young (Prepare Mixed) (G1 Evacuation Pause)
[3690.562s][info][gc,task        ] GC(883) Using 6 workers of 6 for evacuation
[3690.680s][info][gc,phases      ] GC(883)   Pre Evacuate Collection Set: 0.34ms
[3690.680s][info][gc,phases      ] GC(883)   Merge Heap Roots: 0.48ms
[3690.680s][info][gc,phases      ] GC(883)   Evacuate Collection Set: 116.31ms
[3690.680s][info][gc,phases      ] GC(883)   Post Evacuate Collection Set: 0.93ms
[3690.680s][info][gc,phases      ] GC(883)   Other: 0.08ms
[3690.680s][info][gc,heap        ] GC(883) Eden regions: 1118->0(1106)
[3690.680s][info][gc,heap        ] GC(883) Survivor regions: 110->111(154)
[3690.680s][info][gc,heap        ] GC(883) Old regions: 505->537
[3690.680s][info][gc,heap        ] GC(883) Humongous regions: 80->80
[3690.680s][info][gc,metaspace   ] GC(883) Metaspace: 28911K(29312K)->28911K(29312K) NonClass: 24043K(24256K)->24043K(24256K) Class: 4868K(5056K)->4868K(5056K)
[3690.680s][info][gc             ] GC(883) Pause Young (Prepare Mixed) (G1 Evacuation Pause) 3623M->1454M(4096M) 118.285ms
[3690.680s][info][gc,cpu         ] GC(883) User=0.70s Sys=0.00s Real=0.12s
...[3693.356s][info][gc,start       ] GC(884) Pause Young (Mixed) (G1 Evacuation Pause)
[3693.356s][info][gc,task        ] GC(884) Using 6 workers of 6 for evacuation
[3693.488s][info][gc,phases      ] GC(884)   Pre Evacuate Collection Set: 0.38ms
[3693.488s][info][gc,phases      ] GC(884)   Merge Heap Roots: 0.69ms
[3693.488s][info][gc,phases      ] GC(884)   Evacuate Collection Set: 130.00ms
[3693.488s][info][gc,phases      ] GC(884)   Post Evacuate Collection Set: 0.94ms
[3693.488s][info][gc,phases      ] GC(884)   Other: 0.09ms
[3693.488s][info][gc,heap        ] GC(884) Eden regions: 1106->0(1118)
[3693.488s][info][gc,heap        ] GC(884) Survivor regions: 111->110(153)
[3693.488s][info][gc,heap        ] GC(884) Old regions: 537->473
[3693.488s][info][gc,heap        ] GC(884) Humongous regions: 80->80
[3693.488s][info][gc,metaspace   ] GC(884) Metaspace: 28911K(29312K)->28911K(29312K) NonClass: 24043K(24256K)->24043K(24256K) Class: 4868K(5056K)->4868K(5056K)
[3693.488s][info][gc             ] GC(884) Pause Young (Mixed) (G1 Evacuation Pause) 3666M->1325M(4096M) 132.241ms
[3693.488s][info][gc,cpu         ] GC(884) User=0.78s Sys=0.00s Real=0.13s
...[3696.264s][info][gc,start       ] GC(885) Pause Young (Concurrent Start) (G1 Evacuation Pause)
[3696.264s][info][gc,task        ] GC(885) Using 6 workers of 6 for evacuation
[3696.387s][info][gc,phases      ] GC(885)   Pre Evacuate Collection Set: 0.38ms
[3696.387s][info][gc,phases      ] GC(885)   Merge Heap Roots: 0.48ms
[3696.387s][info][gc,phases      ] GC(885)   Evacuate Collection Set: 120.23ms
[3696.387s][info][gc,phases      ] GC(885)   Post Evacuate Collection Set: 0.90ms
[3696.387s][info][gc,phases      ] GC(885)   Other: 0.11ms
[3696.387s][info][gc,heap        ] GC(885) Eden regions: 1118->0(1116)
[3696.387s][info][gc,heap        ] GC(885) Survivor regions: 110->112(154)
[3696.387s][info][gc,heap        ] GC(885) Old regions: 473->506
[3696.387s][info][gc,heap        ] GC(885) Humongous regions: 80->80
[3696.387s][info][gc,metaspace   ] GC(885) Metaspace: 28911K(29312K)->28911K(29312K) NonClass: 24043K(24256K)->24043K(24256K) Class: 4868K(5056K)->4868K(5056K)
[3696.387s][info][gc             ] GC(885) Pause Young (Concurrent Start) (G1 Evacuation Pause) 3561M->1395M(4096M) 122.229ms
[3696.387s][info][gc             ] GC(886) Concurrent Mark Cycle
[3696.387s][info][gc,marking     ] GC(886) Concurrent Scan Root Regions
[3696.387s][info][gc,cpu         ] GC(885) User=0.72s Sys=0.00s Real=0.12s
[3696.571s][info][gc,marking     ] GC(886) Concurrent Scan Root Regions 184.014ms
[3696.571s][info][gc,marking     ] GC(886) Concurrent Mark
[3696.571s][info][gc,marking     ] GC(886) Concurrent Mark From Roots
[3696.571s][info][gc,task        ] GC(886) Using 2 workers of 2 for marking
.[3697.525s][info][gc,marking     ] GC(886) Concurrent Mark From Roots 954.719ms
[3697.526s][info][gc,marking     ] GC(886) Concurrent Preclean
[3697.526s][info][gc,marking     ] GC(886) Concurrent Preclean 0.138ms
[3697.526s][info][gc,start       ] GC(886) Pause Remark
[3697.532s][info][gc             ] GC(886) Pause Remark 2386M->2386M(4096M) 6.339ms
[3697.532s][info][gc,cpu         ] GC(886) User=0.03s Sys=0.00s Real=0.00s
[3697.532s][info][gc,marking     ] GC(886) Concurrent Mark 961.516ms
[3697.532s][info][gc,marking     ] GC(886) Concurrent Rebuild Remembered Sets and Scrub Regions
.[3697.866s][info][gc,marking     ] GC(886) Concurrent Rebuild Remembered Sets and Scrub Regions 334.102ms
[3697.866s][info][gc,start       ] GC(886) Pause Cleanup
[3697.867s][info][gc             ] GC(886) Pause Cleanup 2657M->2657M(4096M) 0.121ms
[3697.867s][info][gc,cpu         ] GC(886) User=0.00s Sys=0.00s Real=0.00s
[3697.867s][info][gc,marking     ] GC(886) Concurrent Clear Claimed Marks
[3697.867s][info][gc,marking     ] GC(886) Concurrent Clear Claimed Marks 0.027ms
[3697.867s][info][gc,marking     ] GC(886) Concurrent Cleanup for Next Mark
[3697.871s][info][gc,marking     ] GC(886) Concurrent Cleanup for Next Mark 4.487ms
[3697.871s][info][gc             ] GC(886) Concurrent Mark Cycle 1484.598ms
.[3699.111s][info][gc,start       ] GC(887) Pause Young (Prepare Mixed) (G1 Evacuation Pause)
[3699.111s][info][gc,task        ] GC(887) Using 6 workers of 6 for evacuation
[3699.227s][info][gc,phases      ] GC(887)   Pre Evacuate Collection Set: 0.34ms
[3699.227s][info][gc,phases      ] GC(887)   Merge Heap Roots: 0.53ms
[3699.227s][info][gc,phases      ] GC(887)   Evacuate Collection Set: 113.53ms
[3699.227s][info][gc,phases      ] GC(887)   Post Evacuate Collection Set: 0.93ms
[3699.227s][info][gc,phases      ] GC(887)   Other: 0.09ms
[3699.227s][info][gc,heap        ] GC(887) Eden regions: 1116->0(1108)
[3699.227s][info][gc,heap        ] GC(887) Survivor regions: 112->110(154)
[3699.227s][info][gc,heap        ] GC(887) Old regions: 506->537
[3699.227s][info][gc,heap        ] GC(887) Humongous regions: 80->80
[3699.227s][info][gc,metaspace   ] GC(887) Metaspace: 28911K(29312K)->28911K(29312K) NonClass: 24043K(24256K)->24043K(24256K) Class: 4868K(5056K)->4868K(5056K)
[3699.227s][info][gc             ] GC(887) Pause Young (Prepare Mixed) (G1 Evacuation Pause) 3627M->1452M(4096M) 115.573ms
[3699.227s][info][gc,cpu         ] GC(887) User=0.69s Sys=0.00s Real=0.12s
...[3701.903s][info][gc,start       ] GC(888) Pause Young (Mixed) (G1 Evacuation Pause)
[3701.904s][info][gc,task        ] GC(888) Using 6 workers of 6 for evacuation
[3702.043s][info][gc,phases      ] GC(888)   Pre Evacuate Collection Set: 0.38ms
[3702.043s][info][gc,phases      ] GC(888)   Merge Heap Roots: 0.78ms
[3702.043s][info][gc,phases      ] GC(888)   Evacuate Collection Set: 137.49ms
[3702.043s][info][gc,phases      ] GC(888)   Post Evacuate Collection Set: 0.96ms
[3702.043s][info][gc,phases      ] GC(888)   Other: 0.10ms
[3702.043s][info][gc,heap        ] GC(888) Eden regions: 1108->0(1115)
[3702.043s][info][gc,heap        ] GC(888) Survivor regions: 110->113(153)
[3702.043s][info][gc,heap        ] GC(888) Old regions: 537->474
[3702.043s][info][gc,heap        ] GC(888) Humongous regions: 80->80
[3702.043s][info][gc,metaspace   ] GC(888) Metaspace: 28911K(29312K)->28911K(29312K) NonClass: 24043K(24256K)->24043K(24256K) Class: 4868K(5056K)->4868K(5056K)
[3702.043s][info][gc             ] GC(888) Pause Young (Mixed) (G1 Evacuation Pause) 3668M->1332M(4096M) 139.838ms
[3702.043s][info][gc,cpu         ] GC(888) User=0.83s Sys=0.00s Real=0.14s
.|..[3704.827s][info][gc,start       ] GC(889) Pause Young (Concurrent Start) (G1 Evacuation Pause)
[3704.827s][info][gc,task        ] GC(889) Using 6 workers of 6 for evacuation
[3704.943s][info][gc,phases      ] GC(889)   Pre Evacuate Collection Set: 0.40ms
[3704.943s][info][gc,phases      ] GC(889)   Merge Heap Roots: 0.53ms
[3704.943s][info][gc,phases      ] GC(889)   Evacuate Collection Set: 114.17ms
[3704.943s][info][gc,phases      ] GC(889)   Post Evacuate Collection Set: 0.90ms
[3704.943s][info][gc,phases      ] GC(889)   Other: 0.11ms
[3704.943s][info][gc,heap        ] GC(889) Eden regions: 1115->0(1120)
[3704.943s][info][gc,heap        ] GC(889) Survivor regions: 113->108(154)
[3704.943s][info][gc,heap        ] GC(889) Old regions: 474->506
[3704.943s][info][gc,heap        ] GC(889) Humongous regions: 80->80
[3704.943s][info][gc,metaspace   ] GC(889) Metaspace: 28911K(29312K)->28911K(29312K) NonClass: 24043K(24256K)->24043K(24256K) Class: 4868K(5056K)->4868K(5056K)
[3704.943s][info][gc             ] GC(889) Pause Young (Concurrent Start) (G1 Evacuation Pause) 3562M->1387M(4096M) 116.246ms
[3704.943s][info][gc             ] GC(890) Concurrent Mark Cycle
[3704.943s][info][gc,marking     ] GC(890) Concurrent Scan Root Regions
[3704.943s][info][gc,cpu         ] GC(889) User=0.68s Sys=0.01s Real=0.12s
[3705.164s][info][gc,marking     ] GC(890) Concurrent Scan Root Regions 220.542ms
[3705.164s][info][gc,marking     ] GC(890) Concurrent Mark
[3705.164s][info][gc,marking     ] GC(890) Concurrent Mark From Roots
[3705.164s][info][gc,task        ] GC(890) Using 2 workers of 2 for marking
.[3706.095s][info][gc,marking     ] GC(890) Concurrent Mark From Roots 931.017ms
[3706.095s][info][gc,marking     ] GC(890) Concurrent Preclean
[3706.095s][info][gc,marking     ] GC(890) Concurrent Preclean 0.130ms
[3706.097s][info][gc,start       ] GC(890) Pause Remark
[3706.103s][info][gc             ] GC(890) Pause Remark 2407M->2407M(4096M) 5.366ms
[3706.103s][info][gc,cpu         ] GC(890) User=0.03s Sys=0.00s Real=0.00s
[3706.103s][info][gc,marking     ] GC(890) Concurrent Mark 939.635ms
[3706.103s][info][gc,marking     ] GC(890) Concurrent Rebuild Remembered Sets and Scrub Regions
[3706.466s][info][gc,marking     ] GC(890) Concurrent Rebuild Remembered Sets and Scrub Regions 363.125ms
[3706.467s][info][gc,start       ] GC(890) Pause Cleanup
[3706.467s][info][gc             ] GC(890) Pause Cleanup 2710M->2710M(4096M) 0.116ms
[3706.467s][info][gc,cpu         ] GC(890) User=0.00s Sys=0.00s Real=0.00s
[3706.467s][info][gc,marking     ] GC(890) Concurrent Clear Claimed Marks
[3706.467s][info][gc,marking     ] GC(890) Concurrent Clear Claimed Marks 0.039ms
[3706.467s][info][gc,marking     ] GC(890) Concurrent Cleanup for Next Mark
[3706.472s][info][gc,marking     ] GC(890) Concurrent Cleanup for Next Mark 5.020ms
[3706.472s][info][gc             ] GC(890) Concurrent Mark Cycle 1528.989ms
.[3707.618s][info][gc,start       ] GC(891) Pause Young (Prepare Mixed) (G1 Evacuation Pause)
[3707.618s][info][gc,task        ] GC(891) Using 6 workers of 6 for evacuation
[3707.736s][info][gc,phases      ] GC(891)   Pre Evacuate Collection Set: 0.33ms
[3707.736s][info][gc,phases      ] GC(891)   Merge Heap Roots: 0.56ms
[3707.736s][info][gc,phases      ] GC(891)   Evacuate Collection Set: 116.57ms
[3707.736s][info][gc,phases      ] GC(891)   Post Evacuate Collection Set: 0.92ms
[3707.736s][info][gc,phases      ] GC(891)   Other: 0.09ms
[3707.736s][info][gc,heap        ] GC(891) Eden regions: 1120->0(1109)
[3707.736s][info][gc,heap        ] GC(891) Survivor regions: 108->109(154)
[3707.736s][info][gc,heap        ] GC(891) Old regions: 506->538
[3707.736s][info][gc,heap        ] GC(891) Humongous regions: 80->80
[3707.736s][info][gc,metaspace   ] GC(891) Metaspace: 28911K(29312K)->28911K(29312K) NonClass: 24043K(24256K)->24043K(24256K) Class: 4868K(5056K)->4868K(5056K)
[3707.736s][info][gc             ] GC(891) Pause Young (Prepare Mixed) (G1 Evacuation Pause) 3627M->1453M(4096M) 118.633ms
[3707.736s][info][gc,cpu         ] GC(891) User=0.70s Sys=0.00s Real=0.12s
...[3710.470s][info][gc,start       ] GC(892) Pause Young (Mixed) (G1 Evacuation Pause)
[3710.470s][info][gc,task        ] GC(892) Using 6 workers of 6 for evacuation
[3710.604s][info][gc,phases      ] GC(892)   Pre Evacuate Collection Set: 0.38ms
[3710.604s][info][gc,phases      ] GC(892)   Merge Heap Roots: 0.72ms
[3710.604s][info][gc,phases      ] GC(892)   Evacuate Collection Set: 131.61ms
[3710.604s][info][gc,phases      ] GC(892)   Post Evacuate Collection Set: 0.94ms
[3710.604s][info][gc,phases      ] GC(892)   Other: 0.09ms
[3710.604s][info][gc,heap        ] GC(892) Eden regions: 1109->0(1117)
[3710.604s][info][gc,heap        ] GC(892) Survivor regions: 109->111(153)
[3710.604s][info][gc,heap        ] GC(892) Old regions: 538->474
[3710.604s][info][gc,heap        ] GC(892) Humongous regions: 80->80
[3710.604s][info][gc,metaspace   ] GC(892) Metaspace: 28911K(29312K)->28911K(29312K) NonClass: 24043K(24256K)->24043K(24256K) Class: 4868K(5056K)->4868K(5056K)
[3710.604s][info][gc             ] GC(892) Pause Young (Mixed) (G1 Evacuation Pause) 3671M->1327M(4096M) 133.868ms
[3710.604s][info][gc,cpu         ] GC(892) User=0.79s Sys=0.00s Real=0.14s
...[3713.322s][info][gc,start       ] GC(893) Pause Young (Concurrent Start) (G1 Evacuation Pause)
[3713.323s][info][gc,task        ] GC(893) Using 6 workers of 6 for evacuation
[3713.441s][info][gc,phases      ] GC(893)   Pre Evacuate Collection Set: 0.37ms
[3713.441s][info][gc,phases      ] GC(893)   Merge Heap Roots: 0.52ms
[3713.441s][info][gc,phases      ] GC(893)   Evacuate Collection Set: 116.37ms
[3713.441s][info][gc,phases      ] GC(893)   Post Evacuate Collection Set: 0.91ms
[3713.441s][info][gc,phases      ] GC(893)   Other: 0.11ms
[3713.441s][info][gc,heap        ] GC(893) Eden regions: 1117->0(1117)
[3713.441s][info][gc,heap        ] GC(893) Survivor regions: 111->111(154)
[3713.441s][info][gc,heap        ] GC(893) Old regions: 474->505
[3713.441s][info][gc,heap        ] GC(893) Humongous regions: 80->80
[3713.441s][info][gc,metaspace   ] GC(893) Metaspace: 28911K(29312K)->28911K(29312K) NonClass: 24043K(24256K)->24043K(24256K) Class: 4868K(5056K)->4868K(5056K)
[3713.441s][info][gc             ] GC(893) Pause Young (Concurrent Start) (G1 Evacuation Pause) 3561M->1391M(4096M) 118.407ms
[3713.441s][info][gc             ] GC(894) Concurrent Mark Cycle
[3713.441s][info][gc,marking     ] GC(894) Concurrent Scan Root Regions
[3713.441s][info][gc,cpu         ] GC(893) User=0.70s Sys=0.01s Real=0.12s
[3713.607s][info][gc,marking     ] GC(894) Concurrent Scan Root Regions 165.705ms
[3713.607s][info][gc,marking     ] GC(894) Concurrent Mark
[3713.607s][info][gc,marking     ] GC(894) Concurrent Mark From Roots
[3713.607s][info][gc,task        ] GC(894) Using 2 workers of 2 for marking
.[3714.445s][info][gc,marking     ] GC(894) Concurrent Mark From Roots 837.914ms
[3714.445s][info][gc,marking     ] GC(894) Concurrent Preclean
[3714.445s][info][gc,marking     ] GC(894) Concurrent Preclean 0.133ms
[3714.447s][info][gc,start       ] GC(894) Pause Remark
[3714.451s][info][gc             ] GC(894) Pause Remark 2251M->2251M(4096M) 4.706ms
[3714.451s][info][gc,cpu         ] GC(894) User=0.02s Sys=0.00s Real=0.00s
[3714.451s][info][gc,marking     ] GC(894) Concurrent Mark 844.743ms
[3714.451s][info][gc,marking     ] GC(894) Concurrent Rebuild Remembered Sets and Scrub Regions
[3714.723s][info][gc,marking     ] GC(894) Concurrent Rebuild Remembered Sets and Scrub Regions 271.704ms
[3714.723s][info][gc,start       ] GC(894) Pause Cleanup
[3714.723s][info][gc             ] GC(894) Pause Cleanup 2494M->2494M(4096M) 0.117ms
[3714.724s][info][gc,cpu         ] GC(894) User=0.00s Sys=0.00s Real=0.00s
[3714.724s][info][gc,marking     ] GC(894) Concurrent Clear Claimed Marks
[3714.724s][info][gc,marking     ] GC(894) Concurrent Clear Claimed Marks 0.031ms
[3714.724s][info][gc,marking     ] GC(894) Concurrent Cleanup for Next Mark
[3714.728s][info][gc,marking     ] GC(894) Concurrent Cleanup for Next Mark 4.031ms
[3714.728s][info][gc             ] GC(894) Concurrent Mark Cycle 1286.726ms
..[3716.158s][info][gc,start       ] GC(895) Pause Young (Prepare Mixed) (G1 Evacuation Pause)
[3716.158s][info][gc,task        ] GC(895) Using 6 workers of 6 for evacuation
[3716.279s][info][gc,phases      ] GC(895)   Pre Evacuate Collection Set: 0.33ms
[3716.279s][info][gc,phases      ] GC(895)   Merge Heap Roots: 0.60ms
[3716.279s][info][gc,phases      ] GC(895)   Evacuate Collection Set: 118.82ms
[3716.279s][info][gc,phases      ] GC(895)   Post Evacuate Collection Set: 0.94ms
[3716.279s][info][gc,phases      ] GC(895)   Other: 0.10ms
[3716.279s][info][gc,heap        ] GC(895) Eden regions: 1117->0(1105)
[3716.279s][info][gc,heap        ] GC(895) Survivor regions: 111->112(154)
[3716.279s][info][gc,heap        ] GC(895) Old regions: 505->536
[3716.279s][info][gc,heap        ] GC(895) Humongous regions: 80->80
[3716.279s][info][gc,metaspace   ] GC(895) Metaspace: 28911K(29312K)->28911K(29312K) NonClass: 24043K(24256K)->24043K(24256K) Class: 4868K(5056K)->4868K(5056K)
[3716.279s][info][gc             ] GC(895) Pause Young (Prepare Mixed) (G1 Evacuation Pause) 3625M->1455M(4096M) 120.926ms
[3716.279s][info][gc,cpu         ] GC(895) User=0.71s Sys=0.00s Real=0.12s
..[3718.999s][info][gc,start       ] GC(896) Pause Young (Mixed) (G1 Evacuation Pause)
[3718.999s][info][gc,task        ] GC(896) Using 6 workers of 6 for evacuation
[3719.134s][info][gc,phases      ] GC(896)   Pre Evacuate Collection Set: 0.39ms
[3719.134s][info][gc,phases      ] GC(896)   Merge Heap Roots: 0.72ms
[3719.134s][info][gc,phases      ] GC(896)   Evacuate Collection Set: 132.96ms
[3719.134s][info][gc,phases      ] GC(896)   Post Evacuate Collection Set: 0.95ms
[3719.134s][info][gc,phases      ] GC(896)   Other: 0.09ms
[3719.134s][info][gc,heap        ] GC(896) Eden regions: 1105->0(1119)
[3719.134s][info][gc,heap        ] GC(896) Survivor regions: 112->109(153)
[3719.134s][info][gc,heap        ] GC(896) Old regions: 536->473
[3719.134s][info][gc,heap        ] GC(896) Humongous regions: 80->80
[3719.134s][info][gc,metaspace   ] GC(896) Metaspace: 28911K(29312K)->28911K(29312K) NonClass: 24043K(24256K)->24043K(24256K) Class: 4868K(5056K)->4868K(5056K)
[3719.134s][info][gc             ] GC(896) Pause Young (Mixed) (G1 Evacuation Pause) 3665M->1323M(4096M) 135.239ms
[3719.135s][info][gc,cpu         ] GC(896) User=0.80s Sys=0.00s Real=0.14s
...[3721.794s][info][gc,start       ] GC(897) Pause Young (Concurrent Start) (G1 Evacuation Pause)
[3721.794s][info][gc,task        ] GC(897) Using 6 workers of 6 for evacuation
[3721.916s][info][gc,phases      ] GC(897)   Pre Evacuate Collection Set: 0.41ms
[3721.916s][info][gc,phases      ] GC(897)   Merge Heap Roots: 0.56ms
[3721.916s][info][gc,phases      ] GC(897)   Evacuate Collection Set: 119.48ms
[3721.916s][info][gc,phases      ] GC(897)   Post Evacuate Collection Set: 0.90ms
[3721.916s][info][gc,phases      ] GC(897)   Other: 0.14ms
[3721.916s][info][gc,heap        ] GC(897) Eden regions: 1119->0(1116)
[3721.916s][info][gc,heap        ] GC(897) Survivor regions: 109->112(154)
[3721.916s][info][gc,heap        ] GC(897) Old regions: 473->505
[3721.916s][info][gc,heap        ] GC(897) Humongous regions: 80->80
[3721.916s][info][gc,metaspace   ] GC(897) Metaspace: 28911K(29312K)->28911K(29312K) NonClass: 24043K(24256K)->24043K(24256K) Class: 4868K(5056K)->4868K(5056K)
[3721.916s][info][gc             ] GC(897) Pause Young (Concurrent Start) (G1 Evacuation Pause) 3561M->1393M(4096M) 121.623ms
[3721.916s][info][gc             ] GC(898) Concurrent Mark Cycle
[3721.916s][info][gc,marking     ] GC(898) Concurrent Scan Root Regions
[3721.916s][info][gc,cpu         ] GC(897) User=0.72s Sys=0.00s Real=0.12s
[3722.121s][info][gc,marking     ] GC(898) Concurrent Scan Root Regions 205.121ms
[3722.121s][info][gc,marking     ] GC(898) Concurrent Mark
[3722.121s][info][gc,marking     ] GC(898) Concurrent Mark From Roots
[3722.121s][info][gc,task        ] GC(898) Using 2 workers of 2 for marking
.[3722.968s][info][gc,marking     ] GC(898) Concurrent Mark From Roots 847.268ms
[3722.968s][info][gc,marking     ] GC(898) Concurrent Preclean
[3722.968s][info][gc,marking     ] GC(898) Concurrent Preclean 0.126ms
[3722.969s][info][gc,start       ] GC(898) Pause Remark
[3722.975s][info][gc             ] GC(898) Pause Remark 2276M->2276M(4096M) 5.399ms
[3722.975s][info][gc,cpu         ] GC(898) User=0.03s Sys=0.00s Real=0.01s
[3722.975s][info][gc,marking     ] GC(898) Concurrent Mark 853.751ms
[3722.975s][info][gc,marking     ] GC(898) Concurrent Rebuild Remembered Sets and Scrub Regions
.[3723.284s][info][gc,marking     ] GC(898) Concurrent Rebuild Remembered Sets and Scrub Regions 309.380ms
[3723.285s][info][gc,start       ] GC(898) Pause Cleanup
[3723.285s][info][gc             ] GC(898) Pause Cleanup 2529M->2529M(4096M) 0.128ms
[3723.285s][info][gc,cpu         ] GC(898) User=0.00s Sys=0.00s Real=0.00s
[3723.285s][info][gc,marking     ] GC(898) Concurrent Clear Claimed Marks
[3723.285s][info][gc,marking     ] GC(898) Concurrent Clear Claimed Marks 0.033ms
[3723.285s][info][gc,marking     ] GC(898) Concurrent Cleanup for Next Mark
[3723.289s][info][gc,marking     ] GC(898) Concurrent Cleanup for Next Mark 3.809ms
[3723.289s][info][gc             ] GC(898) Concurrent Mark Cycle 1373.449ms
.[3724.692s][info][gc,start       ] GC(899) Pause Young (Prepare Mixed) (G1 Evacuation Pause)
[3724.692s][info][gc,task        ] GC(899) Using 6 workers of 6 for evacuation
[3724.809s][info][gc,phases      ] GC(899)   Pre Evacuate Collection Set: 0.33ms
[3724.809s][info][gc,phases      ] GC(899)   Merge Heap Roots: 0.46ms
[3724.809s][info][gc,phases      ] GC(899)   Evacuate Collection Set: 115.77ms
[3724.809s][info][gc,phases      ] GC(899)   Post Evacuate Collection Set: 0.94ms
[3724.809s][info][gc,phases      ] GC(899)   Other: 0.09ms
[3724.809s][info][gc,heap        ] GC(899) Eden regions: 1116->0(1109)
[3724.809s][info][gc,heap        ] GC(899) Survivor regions: 112->109(154)
[3724.809s][info][gc,heap        ] GC(899) Old regions: 505->538
[3724.809s][info][gc,heap        ] GC(899) Humongous regions: 80->80
[3724.809s][info][gc,metaspace   ] GC(899) Metaspace: 28911K(29312K)->28911K(29312K) NonClass: 24043K(24256K)->24043K(24256K) Class: 4868K(5056K)->4868K(5056K)
[3724.809s][info][gc             ] GC(899) Pause Young (Prepare Mixed) (G1 Evacuation Pause) 3625M->1451M(4096M) 117.736ms
[3724.810s][info][gc,cpu         ] GC(899) User=0.70s Sys=0.00s Real=0.12s
...[3727.522s][info][gc,start       ] GC(900) Pause Young (Mixed) (G1 Evacuation Pause)
[3727.522s][info][gc,task        ] GC(900) Using 6 workers of 6 for evacuation
[3727.658s][info][gc,phases      ] GC(900)   Pre Evacuate Collection Set: 0.38ms
[3727.658s][info][gc,phases      ] GC(900)   Merge Heap Roots: 0.58ms
[3727.658s][info][gc,phases      ] GC(900)   Evacuate Collection Set: 133.43ms
[3727.658s][info][gc,phases      ] GC(900)   Post Evacuate Collection Set: 0.99ms
[3727.658s][info][gc,phases      ] GC(900)   Other: 0.14ms
[3727.658s][info][gc,heap        ] GC(900) Eden regions: 1109->0(1114)
[3727.658s][info][gc,heap        ] GC(900) Survivor regions: 109->114(153)
[3727.658s][info][gc,heap        ] GC(900) Old regions: 538->473
[3727.658s][info][gc,heap        ] GC(900) Humongous regions: 80->80
[3727.658s][info][gc,metaspace   ] GC(900) Metaspace: 28911K(29312K)->28911K(29312K) NonClass: 24043K(24256K)->24043K(24256K) Class: 4868K(5056K)->4868K(5056K)
[3727.658s][info][gc             ] GC(900) Pause Young (Mixed) (G1 Evacuation Pause) 3669M->1332M(4096M) 135.640ms
[3727.658s][info][gc,cpu         ] GC(900) User=0.80s Sys=0.00s Real=0.14s
...[3730.332s][info][gc,start       ] GC(901) Pause Young (Concurrent Start) (G1 Evacuation Pause)
[3730.332s][info][gc,task        ] GC(901) Using 6 workers of 6 for evacuation
[3730.454s][info][gc,phases      ] GC(901)   Pre Evacuate Collection Set: 0.37ms
[3730.454s][info][gc,phases      ] GC(901)   Merge Heap Roots: 0.49ms
[3730.454s][info][gc,phases      ] GC(901)   Evacuate Collection Set: 119.54ms
[3730.454s][info][gc,phases      ] GC(901)   Post Evacuate Collection Set: 0.89ms
[3730.454s][info][gc,phases      ] GC(901)   Other: 0.11ms
[3730.454s][info][gc,heap        ] GC(901) Eden regions: 1114->0(1116)
[3730.454s][info][gc,heap        ] GC(901) Survivor regions: 114->112(154)
[3730.454s][info][gc,heap        ] GC(901) Old regions: 473->505
[3730.454s][info][gc,heap        ] GC(901) Humongous regions: 80->80
[3730.454s][info][gc,metaspace   ] GC(901) Metaspace: 28911K(29312K)->28911K(29312K) NonClass: 24043K(24256K)->24043K(24256K) Class: 4868K(5056K)->4868K(5056K)
[3730.454s][info][gc             ] GC(901) Pause Young (Concurrent Start) (G1 Evacuation Pause) 3560M->1391M(4096M) 121.542ms
[3730.454s][info][gc             ] GC(902) Concurrent Mark Cycle
[3730.454s][info][gc,marking     ] GC(902) Concurrent Scan Root Regions
[3730.454s][info][gc,cpu         ] GC(901) User=0.72s Sys=0.00s Real=0.13s
[3730.630s][info][gc,marking     ] GC(902) Concurrent Scan Root Regions 176.352ms
[3730.630s][info][gc,marking     ] GC(902) Concurrent Mark
[3730.630s][info][gc,marking     ] GC(902) Concurrent Mark From Roots
[3730.630s][info][gc,task        ] GC(902) Using 2 workers of 2 for marking
.[3731.632s][info][gc,marking     ] GC(902) Concurrent Mark From Roots 1001.373ms
[3731.632s][info][gc,marking     ] GC(902) Concurrent Preclean
[3731.632s][info][gc,marking     ] GC(902) Concurrent Preclean 0.117ms
[3731.632s][info][gc,start       ] GC(902) Pause Remark
[3731.638s][info][gc             ] GC(902) Pause Remark 2401M->2401M(4096M) 6.167ms
[3731.638s][info][gc,cpu         ] GC(902) User=0.03s Sys=0.00s Real=0.01s
[3731.639s][info][gc,marking     ] GC(902) Concurrent Mark 1008.790ms
[3731.639s][info][gc,marking     ] GC(902) Concurrent Rebuild Remembered Sets and Scrub Regions
[3731.891s][info][gc,marking     ] GC(902) Concurrent Rebuild Remembered Sets and Scrub Regions 251.537ms
[3731.891s][info][gc,start       ] GC(902) Pause Cleanup
[3731.891s][info][gc             ] GC(902) Pause Cleanup 2595M->2595M(4096M) 0.126ms
[3731.891s][info][gc,cpu         ] GC(902) User=0.00s Sys=0.00s Real=0.00s
[3731.891s][info][gc,marking     ] GC(902) Concurrent Clear Claimed Marks
[3731.891s][info][gc,marking     ] GC(902) Concurrent Clear Claimed Marks 0.026ms
[3731.891s][info][gc,marking     ] GC(902) Concurrent Cleanup for Next Mark
[3731.896s][info][gc,marking     ] GC(902) Concurrent Cleanup for Next Mark 4.468ms
[3731.896s][info][gc             ] GC(902) Concurrent Mark Cycle 1441.698ms
.[3733.204s][info][gc,start       ] GC(903) Pause Young (Prepare Mixed) (G1 Evacuation Pause)
[3733.204s][info][gc,task        ] GC(903) Using 6 workers of 6 for evacuation
[3733.331s][info][gc,phases      ] GC(903)   Pre Evacuate Collection Set: 0.36ms
[3733.331s][info][gc,phases      ] GC(903)   Merge Heap Roots: 0.60ms
[3733.331s][info][gc,phases      ] GC(903)   Evacuate Collection Set: 125.50ms
[3733.331s][info][gc,phases      ] GC(903)   Post Evacuate Collection Set: 0.96ms
[3733.331s][info][gc,phases      ] GC(903)   Other: 0.11ms
[3733.331s][info][gc,heap        ] GC(903) Eden regions: 1116->0(1098)
[3733.331s][info][gc,heap        ] GC(903) Survivor regions: 112->115(154)
[3733.331s][info][gc,heap        ] GC(903) Old regions: 505->537
[3733.331s][info][gc,heap        ] GC(903) Humongous regions: 80->80
[3733.331s][info][gc,metaspace   ] GC(903) Metaspace: 28911K(29312K)->28911K(29312K) NonClass: 24043K(24256K)->24043K(24256K) Class: 4868K(5056K)->4868K(5056K)
[3733.332s][info][gc             ] GC(903) Pause Young (Prepare Mixed) (G1 Evacuation Pause) 3623M->1463M(4096M) 127.670ms
[3733.332s][info][gc,cpu         ] GC(903) User=0.75s Sys=0.00s Real=0.12s
...[3736.049s][info][gc,start       ] GC(904) Pause Young (Mixed) (G1 Evacuation Pause)
[3736.049s][info][gc,task        ] GC(904) Using 6 workers of 6 for evacuation
[3736.182s][info][gc,phases      ] GC(904)   Pre Evacuate Collection Set: 0.39ms
[3736.182s][info][gc,phases      ] GC(904)   Merge Heap Roots: 0.75ms
[3736.182s][info][gc,phases      ] GC(904)   Evacuate Collection Set: 131.11ms
[3736.182s][info][gc,phases      ] GC(904)   Post Evacuate Collection Set: 0.94ms
[3736.182s][info][gc,phases      ] GC(904)   Other: 0.09ms
[3736.182s][info][gc,heap        ] GC(904) Eden regions: 1098->0(1119)
[3736.182s][info][gc,heap        ] GC(904) Survivor regions: 115->109(152)
[3736.182s][info][gc,heap        ] GC(904) Old regions: 537->473
[3736.182s][info][gc,heap        ] GC(904) Humongous regions: 80->80
[3736.182s][info][gc,metaspace   ] GC(904) Metaspace: 28911K(29312K)->28911K(29312K) NonClass: 24043K(24256K)->24043K(24256K) Class: 4868K(5056K)->4868K(5056K)
[3736.182s][info][gc             ] GC(904) Pause Young (Mixed) (G1 Evacuation Pause) 3659M->1323M(4096M) 133.410ms
[3736.182s][info][gc,cpu         ] GC(904) User=0.79s Sys=0.01s Real=0.13s
...[3738.833s][info][gc,start       ] GC(905) Pause Young (Concurrent Start) (G1 Evacuation Pause)
[3738.833s][info][gc,task        ] GC(905) Using 6 workers of 6 for evacuation
[3738.951s][info][gc,phases      ] GC(905)   Pre Evacuate Collection Set: 0.36ms
[3738.951s][info][gc,phases      ] GC(905)   Merge Heap Roots: 0.50ms
[3738.951s][info][gc,phases      ] GC(905)   Evacuate Collection Set: 115.49ms
[3738.951s][info][gc,phases      ] GC(905)   Post Evacuate Collection Set: 0.86ms
[3738.951s][info][gc,phases      ] GC(905)   Other: 0.13ms
[3738.951s][info][gc,heap        ] GC(905) Eden regions: 1119->0(1118)
[3738.951s][info][gc,heap        ] GC(905) Survivor regions: 109->110(154)
[3738.951s][info][gc,heap        ] GC(905) Old regions: 473->506
[3738.951s][info][gc,heap        ] GC(905) Humongous regions: 80->80
[3738.951s][info][gc,metaspace   ] GC(905) Metaspace: 28911K(29312K)->28911K(29312K) NonClass: 24043K(24256K)->24043K(24256K) Class: 4868K(5056K)->4868K(5056K)
[3738.951s][info][gc             ] GC(905) Pause Young (Concurrent Start) (G1 Evacuation Pause) 3561M->1389M(4096M) 117.485ms
[3738.951s][info][gc             ] GC(906) Concurrent Mark Cycle
[3738.951s][info][gc,marking     ] GC(906) Concurrent Scan Root Regions
[3738.951s][info][gc,cpu         ] GC(905) User=0.69s Sys=0.00s Real=0.11s
[3739.085s][info][gc,marking     ] GC(906) Concurrent Scan Root Regions 134.600ms
[3739.085s][info][gc,marking     ] GC(906) Concurrent Mark
[3739.085s][info][gc,marking     ] GC(906) Concurrent Mark From Roots
[3739.085s][info][gc,task        ] GC(906) Using 2 workers of 2 for marking
.[3739.762s][info][gc,marking     ] GC(906) Concurrent Mark From Roots 676.463ms
[3739.762s][info][gc,marking     ] GC(906) Concurrent Preclean
[3739.762s][info][gc,marking     ] GC(906) Concurrent Preclean 0.096ms
[3739.763s][info][gc,start       ] GC(906) Pause Remark
[3739.768s][info][gc             ] GC(906) Pause Remark 2063M->2063M(4096M) 5.198ms
[3739.768s][info][gc,cpu         ] GC(906) User=0.03s Sys=0.00s Real=0.01s
[3739.768s][info][gc,marking     ] GC(906) Concurrent Mark 682.886ms
[3739.768s][info][gc,marking     ] GC(906) Concurrent Rebuild Remembered Sets and Scrub Regions
[3740.026s][info][gc,marking     ] GC(906) Concurrent Rebuild Remembered Sets and Scrub Regions 257.445ms
[3740.026s][info][gc,start       ] GC(906) Pause Cleanup
[3740.026s][info][gc             ] GC(906) Pause Cleanup 2255M->2255M(4096M) 0.118ms
[3740.026s][info][gc,cpu         ] GC(906) User=0.00s Sys=0.00s Real=0.00s
[3740.026s][info][gc,marking     ] GC(906) Concurrent Clear Claimed Marks
[3740.026s][info][gc,marking     ] GC(906) Concurrent Clear Claimed Marks 0.026ms
[3740.026s][info][gc,marking     ] GC(906) Concurrent Cleanup for Next Mark
[3740.031s][info][gc,marking     ] GC(906) Concurrent Cleanup for Next Mark 4.588ms
[3740.031s][info][gc             ] GC(906) Concurrent Mark Cycle 1079.985ms
..[3741.758s][info][gc,start       ] GC(907) Pause Young (Prepare Mixed) (G1 Evacuation Pause)
[3741.758s][info][gc,task        ] GC(907) Using 6 workers of 6 for evacuation
[3741.877s][info][gc,phases      ] GC(907)   Pre Evacuate Collection Set: 0.33ms
[3741.877s][info][gc,phases      ] GC(907)   Merge Heap Roots: 0.60ms
[3741.877s][info][gc,phases      ] GC(907)   Evacuate Collection Set: 116.73ms
[3741.877s][info][gc,phases      ] GC(907)   Post Evacuate Collection Set: 0.92ms
[3741.877s][info][gc,phases      ] GC(907)   Other: 0.08ms
[3741.877s][info][gc,heap        ] GC(907) Eden regions: 1118->0(1107)
[3741.877s][info][gc,heap        ] GC(907) Survivor regions: 110->110(154)
[3741.877s][info][gc,heap        ] GC(907) Old regions: 506->538
[3741.877s][info][gc,heap        ] GC(907) Humongous regions: 80->80
[3741.877s][info][gc,metaspace   ] GC(907) Metaspace: 28911K(29312K)->28911K(29312K) NonClass: 24043K(24256K)->24043K(24256K) Class: 4868K(5056K)->4868K(5056K)
[3741.877s][info][gc             ] GC(907) Pause Young (Prepare Mixed) (G1 Evacuation Pause) 3625M->1453M(4096M) 118.796ms
[3741.877s][info][gc,cpu         ] GC(907) User=0.71s Sys=0.00s Real=0.12s
...[3744.565s][info][gc,start       ] GC(908) Pause Young (Mixed) (G1 Evacuation Pause)
[3744.565s][info][gc,task        ] GC(908) Using 6 workers of 6 for evacuation
[3744.705s][info][gc,phases      ] GC(908)   Pre Evacuate Collection Set: 0.37ms
[3744.705s][info][gc,phases      ] GC(908)   Merge Heap Roots: 0.77ms
[3744.705s][info][gc,phases      ] GC(908)   Evacuate Collection Set: 137.04ms
[3744.705s][info][gc,phases      ] GC(908)   Post Evacuate Collection Set: 0.95ms
[3744.705s][info][gc,phases      ] GC(908)   Other: 0.09ms
[3744.705s][info][gc,heap        ] GC(908) Eden regions: 1107->0(1113)
[3744.705s][info][gc,heap        ] GC(908) Survivor regions: 110->115(153)
[3744.705s][info][gc,heap        ] GC(908) Old regions: 538->474
[3744.705s][info][gc,heap        ] GC(908) Humongous regions: 80->80
[3744.705s][info][gc,metaspace   ] GC(908) Metaspace: 28911K(29312K)->28911K(29312K) NonClass: 24043K(24256K)->24043K(24256K) Class: 4868K(5056K)->4868K(5056K)
[3744.705s][info][gc             ] GC(908) Pause Young (Mixed) (G1 Evacuation Pause) 3667M->1335M(4096M) 139.355ms
[3744.705s][info][gc,cpu         ] GC(908) User=0.83s Sys=0.00s Real=0.14s
..[3747.345s][info][gc,start       ] GC(909) Pause Young (Concurrent Start) (G1 Evacuation Pause)
[3747.345s][info][gc,task        ] GC(909) Using 6 workers of 6 for evacuation
[3747.464s][info][gc,phases      ] GC(909)   Pre Evacuate Collection Set: 0.38ms
[3747.464s][info][gc,phases      ] GC(909)   Merge Heap Roots: 0.51ms
[3747.464s][info][gc,phases      ] GC(909)   Evacuate Collection Set: 117.05ms
[3747.464s][info][gc,phases      ] GC(909)   Post Evacuate Collection Set: 0.89ms
[3747.464s][info][gc,phases      ] GC(909)   Other: 0.12ms
[3747.464s][info][gc,heap        ] GC(909) Eden regions: 1113->0(1118)
[3747.464s][info][gc,heap        ] GC(909) Survivor regions: 115->110(154)
[3747.464s][info][gc,heap        ] GC(909) Old regions: 474->507
[3747.464s][info][gc,heap        ] GC(909) Humongous regions: 80->80
[3747.464s][info][gc,metaspace   ] GC(909) Metaspace: 28911K(29312K)->28911K(29312K) NonClass: 24043K(24256K)->24043K(24256K) Class: 4868K(5056K)->4868K(5056K)
[3747.464s][info][gc             ] GC(909) Pause Young (Concurrent Start) (G1 Evacuation Pause) 3561M->1392M(4096M) 119.106ms
[3747.464s][info][gc             ] GC(910) Concurrent Mark Cycle
[3747.464s][info][gc,marking     ] GC(910) Concurrent Scan Root Regions
[3747.464s][info][gc,cpu         ] GC(909) User=0.70s Sys=0.00s Real=0.12s
.[3747.635s][info][gc,marking     ] GC(910) Concurrent Scan Root Regions 170.375ms
[3747.635s][info][gc,marking     ] GC(910) Concurrent Mark
[3747.635s][info][gc,marking     ] GC(910) Concurrent Mark From Roots
[3747.635s][info][gc,task        ] GC(910) Using 2 workers of 2 for marking
[3748.473s][info][gc,marking     ] GC(910) Concurrent Mark From Roots 838.162ms
[3748.473s][info][gc,marking     ] GC(910) Concurrent Preclean
[3748.473s][info][gc,marking     ] GC(910) Concurrent Preclean 0.097ms
[3748.473s][info][gc,start       ] GC(910) Pause Remark
[3748.478s][info][gc             ] GC(910) Pause Remark 2185M->2185M(4096M) 4.518ms
[3748.478s][info][gc,cpu         ] GC(910) User=0.02s Sys=0.00s Real=0.00s
[3748.478s][info][gc,marking     ] GC(910) Concurrent Mark 843.043ms
[3748.478s][info][gc,marking     ] GC(910) Concurrent Rebuild Remembered Sets and Scrub Regions
.[3748.744s][info][gc,marking     ] GC(910) Concurrent Rebuild Remembered Sets and Scrub Regions 266.137ms
[3748.744s][info][gc,start       ] GC(910) Pause Cleanup
[3748.744s][info][gc             ] GC(910) Pause Cleanup 2402M->2402M(4096M) 0.118ms
[3748.744s][info][gc,cpu         ] GC(910) User=0.00s Sys=0.00s Real=0.00s
[3748.744s][info][gc,marking     ] GC(910) Concurrent Clear Claimed Marks
[3748.744s][info][gc,marking     ] GC(910) Concurrent Clear Claimed Marks 0.028ms
[3748.744s][info][gc,marking     ] GC(910) Concurrent Cleanup for Next Mark
[3748.750s][info][gc,marking     ] GC(910) Concurrent Cleanup for Next Mark 5.408ms
[3748.750s][info][gc             ] GC(910) Concurrent Mark Cycle 1285.554ms
.[3750.269s][info][gc,start       ] GC(911) Pause Young (Prepare Mixed) (G1 Evacuation Pause)
[3750.269s][info][gc,task        ] GC(911) Using 6 workers of 6 for evacuation
[3750.386s][info][gc,phases      ] GC(911)   Pre Evacuate Collection Set: 0.31ms
[3750.386s][info][gc,phases      ] GC(911)   Merge Heap Roots: 0.58ms
[3750.386s][info][gc,phases      ] GC(911)   Evacuate Collection Set: 114.98ms
[3750.386s][info][gc,phases      ] GC(911)   Post Evacuate Collection Set: 0.92ms
[3750.386s][info][gc,phases      ] GC(911)   Other: 0.11ms
[3750.386s][info][gc,heap        ] GC(911) Eden regions: 1118->0(1107)
[3750.386s][info][gc,heap        ] GC(911) Survivor regions: 110->110(154)
[3750.386s][info][gc,heap        ] GC(911) Old regions: 507->538
[3750.386s][info][gc,heap        ] GC(911) Humongous regions: 80->80
[3750.386s][info][gc,metaspace   ] GC(911) Metaspace: 28911K(29312K)->28911K(29312K) NonClass: 24043K(24256K)->24043K(24256K) Class: 4868K(5056K)->4868K(5056K)
[3750.386s][info][gc             ] GC(911) Pause Young (Prepare Mixed) (G1 Evacuation Pause) 3628M->1455M(4096M) 117.049ms
[3750.386s][info][gc,cpu         ] GC(911) User=0.69s Sys=0.00s Real=0.12s
...[3753.088s][info][gc,start       ] GC(912) Pause Young (Mixed) (G1 Evacuation Pause)
[3753.088s][info][gc,task        ] GC(912) Using 6 workers of 6 for evacuation
[3753.222s][info][gc,phases      ] GC(912)   Pre Evacuate Collection Set: 0.38ms
[3753.222s][info][gc,phases      ] GC(912)   Merge Heap Roots: 0.70ms
[3753.222s][info][gc,phases      ] GC(912)   Evacuate Collection Set: 131.97ms
[3753.222s][info][gc,phases      ] GC(912)   Post Evacuate Collection Set: 0.96ms
[3753.222s][info][gc,phases      ] GC(912)   Other: 0.09ms
[3753.222s][info][gc,heap        ] GC(912) Eden regions: 1107->0(1116)
[3753.222s][info][gc,heap        ] GC(912) Survivor regions: 110->112(153)
[3753.222s][info][gc,heap        ] GC(912) Old regions: 538->474
[3753.222s][info][gc,heap        ] GC(912) Humongous regions: 80->80
[3753.222s][info][gc,metaspace   ] GC(912) Metaspace: 28911K(29312K)->28911K(29312K) NonClass: 24043K(24256K)->24043K(24256K) Class: 4868K(5056K)->4868K(5056K)
[3753.222s][info][gc             ] GC(912) Pause Young (Mixed) (G1 Evacuation Pause) 3669M->1329M(4096M) 134.251ms
[3753.222s][info][gc,cpu         ] GC(912) User=0.79s Sys=0.00s Real=0.13s
...[3755.969s][info][gc,start       ] GC(913) Pause Young (Concurrent Start) (G1 Evacuation Pause)
[3755.969s][info][gc,task        ] GC(913) Using 6 workers of 6 for evacuation
[3756.090s][info][gc,phases      ] GC(913)   Pre Evacuate Collection Set: 0.38ms
[3756.090s][info][gc,phases      ] GC(913)   Merge Heap Roots: 0.45ms
[3756.090s][info][gc,phases      ] GC(913)   Evacuate Collection Set: 118.97ms
[3756.090s][info][gc,phases      ] GC(913)   Post Evacuate Collection Set: 0.89ms
[3756.090s][info][gc,phases      ] GC(913)   Other: 0.10ms
[3756.090s][info][gc,heap        ] GC(913) Eden regions: 1116->0(1115)
[3756.090s][info][gc,heap        ] GC(913) Survivor regions: 112->113(154)
[3756.090s][info][gc,heap        ] GC(913) Old regions: 474->506
[3756.090s][info][gc,heap        ] GC(913) Humongous regions: 80->80
[3756.090s][info][gc,metaspace   ] GC(913) Metaspace: 28911K(29312K)->28911K(29312K) NonClass: 24043K(24256K)->24043K(24256K) Class: 4868K(5056K)->4868K(5056K)
[3756.090s][info][gc             ] GC(913) Pause Young (Concurrent Start) (G1 Evacuation Pause) 3561M->1396M(4096M) 120.921ms
[3756.090s][info][gc             ] GC(914) Concurrent Mark Cycle
[3756.090s][info][gc,marking     ] GC(914) Concurrent Scan Root Regions
[3756.090s][info][gc,cpu         ] GC(913) User=0.72s Sys=0.00s Real=0.12s
[3756.227s][info][gc,marking     ] GC(914) Concurrent Scan Root Regions 137.038ms
[3756.227s][info][gc,marking     ] GC(914) Concurrent Mark
[3756.227s][info][gc,marking     ] GC(914) Concurrent Mark From Roots
[3756.227s][info][gc,task        ] GC(914) Using 2 workers of 2 for marking
.[3756.937s][info][gc,marking     ] GC(914) Concurrent Mark From Roots 709.839ms
[3756.937s][info][gc,marking     ] GC(914) Concurrent Preclean
[3756.937s][info][gc,marking     ] GC(914) Concurrent Preclean 0.132ms
[3756.937s][info][gc,start       ] GC(914) Pause Remark
[3756.943s][info][gc             ] GC(914) Pause Remark 2158M->2158M(4096M) 5.523ms
[3756.943s][info][gc,cpu         ] GC(914) User=0.03s Sys=0.00s Real=0.00s
[3756.943s][info][gc,marking     ] GC(914) Concurrent Mark 716.329ms
[3756.943s][info][gc,marking     ] GC(914) Concurrent Rebuild Remembered Sets and Scrub Regions
[3757.203s][info][gc,marking     ] GC(914) Concurrent Rebuild Remembered Sets and Scrub Regions 260.080ms
[3757.203s][info][gc,start       ] GC(914) Pause Cleanup
[3757.204s][info][gc             ] GC(914) Pause Cleanup 2369M->2369M(4096M) 0.112ms
[3757.204s][info][gc,cpu         ] GC(914) User=0.00s Sys=0.00s Real=0.00s
[3757.204s][info][gc,marking     ] GC(914) Concurrent Clear Claimed Marks
[3757.204s][info][gc,marking     ] GC(914) Concurrent Clear Claimed Marks 0.026ms
[3757.204s][info][gc,marking     ] GC(914) Concurrent Cleanup for Next Mark
[3757.208s][info][gc,marking     ] GC(914) Concurrent Cleanup for Next Mark 4.466ms
[3757.208s][info][gc             ] GC(914) Concurrent Mark Cycle 1118.399ms
..[3758.779s][info][gc,start       ] GC(915) Pause Young (Prepare Mixed) (G1 Evacuation Pause)
[3758.779s][info][gc,task        ] GC(915) Using 6 workers of 6 for evacuation
[3758.895s][info][gc,phases      ] GC(915)   Pre Evacuate Collection Set: 0.33ms
[3758.895s][info][gc,phases      ] GC(915)   Merge Heap Roots: 0.55ms
[3758.895s][info][gc,phases      ] GC(915)   Evacuate Collection Set: 113.91ms
[3758.895s][info][gc,phases      ] GC(915)   Post Evacuate Collection Set: 0.93ms
[3758.895s][info][gc,phases      ] GC(915)   Other: 0.09ms
[3758.895s][info][gc,heap        ] GC(915) Eden regions: 1115->0(1111)
[3758.895s][info][gc,heap        ] GC(915) Survivor regions: 113->108(154)
[3758.895s][info][gc,heap        ] GC(915) Old regions: 506->538
[3758.895s][info][gc,heap        ] GC(915) Humongous regions: 80->80
[3758.895s][info][gc,metaspace   ] GC(915) Metaspace: 28911K(29312K)->28911K(29312K) NonClass: 24043K(24256K)->24043K(24256K) Class: 4868K(5056K)->4868K(5056K)
[3758.895s][info][gc             ] GC(915) Pause Young (Prepare Mixed) (G1 Evacuation Pause) 3626M->1451M(4096M) 115.954ms
[3758.895s][info][gc,cpu         ] GC(915) User=0.69s Sys=0.00s Real=0.12s
...[3761.624s][info][gc,start       ] GC(916) Pause Young (Mixed) (G1 Evacuation Pause)
[3761.624s][info][gc,task        ] GC(916) Using 6 workers of 6 for evacuation
[3761.759s][info][gc,phases      ] GC(916)   Pre Evacuate Collection Set: 0.39ms
[3761.759s][info][gc,phases      ] GC(916)   Merge Heap Roots: 0.78ms
[3761.759s][info][gc,phases      ] GC(916)   Evacuate Collection Set: 133.28ms
[3761.759s][info][gc,phases      ] GC(916)   Post Evacuate Collection Set: 0.98ms
[3761.759s][info][gc,phases      ] GC(916)   Other: 0.09ms
[3761.759s][info][gc,heap        ] GC(916) Eden regions: 1111->0(1117)
[3761.759s][info][gc,heap        ] GC(916) Survivor regions: 108->111(153)
[3761.759s][info][gc,heap        ] GC(916) Old regions: 538->473
[3761.759s][info][gc,heap        ] GC(916) Humongous regions: 80->80
[3761.759s][info][gc,metaspace   ] GC(916) Metaspace: 28911K(29312K)->28911K(29312K) NonClass: 24043K(24256K)->24043K(24256K) Class: 4868K(5056K)->4868K(5056K)
[3761.759s][info][gc             ] GC(916) Pause Young (Mixed) (G1 Evacuation Pause) 3673M->1326M(4096M) 135.655ms
[3761.759s][info][gc,cpu         ] GC(916) User=0.80s Sys=0.00s Real=0.13s
.. (rIR:aIR:PR = 6642:6640:6639) (tPR = 98081) [OK] 
  3763s: Performance info:
         Transaction,    Success,    Partial,     Failed,   Receipts, AvgBarcode, 
             Overall,     403800,          0,          0,     383589,      59.47, 
         Response times:
             Request,    Success,    Partial,     Failed,   SkipFail,     Probes,    Samples,      min,      p50,      p90,      p95,      p99,      max, 
       TotalPurchase,     383658,          0,          0,          0,     361938,     444196,      300,     5900,    28000,    60000,   121000,   232000,
     InStorePurchase,     201949,          0,          0,          0,     190149,     233235,      300,     5800,    27000,    59000,   121000,   232000,
      OnlinePurchase,     141314,          0,          0,          0,     133691,     164000,      300,     6000,    28000,    60000,   121000,   232000,
        InstPurchase,      40395,          0,          0,          0,      38098,      46961,      400,     6000,    28000,    61000,   121000,   231000,
          AssocOfCat,        404,          0,          0,          0,        324,        472,    24000,    39000,    73700,   110050,   176620,   194000,
      AssocOfProduct,       4046,          0,          0,          0,       3755,       4864,     1200,     6700,    29000,    58000,   110000,   161000,
      BusinessReport,       1014,          0,          0,          0,        897,       1196,    27000,    45000,    79300,   119150,   190030,   250000,
          CustBuyBeh,       4044,          0,          0,          0,       3811,       4953,      300,     6900,    29000,    64000,   121000,   238000,
       ProductReturn,      10700,          0,          0,          0,      10217,      12838,      300,     5000,    27000,    57050,   121000,   232000,

  3763s: (49%)   IR =   6780 [3764.511s][info][gc,start       ] GC(917) Pause Young (Concurrent Start) (G1 Evacuation Pause)
[3764.511s][info][gc,task        ] GC(917) Using 6 workers of 6 for evacuation
[3764.634s][info][gc,phases      ] GC(917)   Pre Evacuate Collection Set: 0.36ms
[3764.634s][info][gc,phases      ] GC(917)   Merge Heap Roots: 0.50ms
[3764.634s][info][gc,phases      ] GC(917)   Evacuate Collection Set: 121.43ms
[3764.634s][info][gc,phases      ] GC(917)   Post Evacuate Collection Set: 0.88ms
[3764.634s][info][gc,phases      ] GC(917)   Other: 0.10ms
[3764.634s][info][gc,heap        ] GC(917) Eden regions: 1117->0(1113)
[3764.634s][info][gc,heap        ] GC(917) Survivor regions: 111->115(154)
[3764.634s][info][gc,heap        ] GC(917) Old regions: 473->505
[3764.634s][info][gc,heap        ] GC(917) Humongous regions: 80->80
[3764.634s][info][gc,metaspace   ] GC(917) Metaspace: 28911K(29312K)->28911K(29312K) NonClass: 24043K(24256K)->24043K(24256K) Class: 4868K(5056K)->4868K(5056K)
[3764.634s][info][gc             ] GC(917) Pause Young (Concurrent Start) (G1 Evacuation Pause) 3560M->1399M(4096M) 123.422ms
[3764.634s][info][gc             ] GC(918) Concurrent Mark Cycle
[3764.634s][info][gc,marking     ] GC(918) Concurrent Scan Root Regions
[3764.634s][info][gc,cpu         ] GC(917) User=0.73s Sys=0.01s Real=0.13s
.[3764.851s][info][gc,marking     ] GC(918) Concurrent Scan Root Regions 217.064ms
[3764.851s][info][gc,marking     ] GC(918) Concurrent Mark
[3764.851s][info][gc,marking     ] GC(918) Concurrent Mark From Roots
[3764.851s][info][gc,task        ] GC(918) Using 2 workers of 2 for marking
.[3765.782s][info][gc,marking     ] GC(918) Concurrent Mark From Roots 930.518ms
[3765.782s][info][gc,marking     ] GC(918) Concurrent Preclean
[3765.782s][info][gc,marking     ] GC(918) Concurrent Preclean 0.115ms
[3765.783s][info][gc,start       ] GC(918) Pause Remark
[3765.789s][info][gc             ] GC(918) Pause Remark 2424M->2424M(4096M) 5.490ms
[3765.789s][info][gc,cpu         ] GC(918) User=0.03s Sys=0.00s Real=0.00s
[3765.789s][info][gc,marking     ] GC(918) Concurrent Mark 937.304ms
[3765.789s][info][gc,marking     ] GC(918) Concurrent Rebuild Remembered Sets and Scrub Regions
[3766.001s][info][gc,marking     ] GC(918) Concurrent Rebuild Remembered Sets and Scrub Regions 212.551ms
[3766.001s][info][gc,start       ] GC(918) Pause Cleanup
[3766.001s][info][gc             ] GC(918) Pause Cleanup 2586M->2586M(4096M) 0.112ms
[3766.002s][info][gc,cpu         ] GC(918) User=0.00s Sys=0.00s Real=0.00s
[3766.002s][info][gc,marking     ] GC(918) Concurrent Clear Claimed Marks
[3766.002s][info][gc,marking     ] GC(918) Concurrent Clear Claimed Marks 0.040ms
[3766.002s][info][gc,marking     ] GC(918) Concurrent Cleanup for Next Mark
[3766.007s][info][gc,marking     ] GC(918) Concurrent Cleanup for Next Mark 5.381ms
[3766.008s][info][gc             ] GC(918) Concurrent Mark Cycle 1373.327ms
.[3767.272s][info][gc,start       ] GC(919) Pause Young (Prepare Mixed) (G1 Evacuation Pause)
[3767.272s][info][gc,task        ] GC(919) Using 6 workers of 6 for evacuation
[3767.395s][info][gc,phases      ] GC(919)   Pre Evacuate Collection Set: 0.36ms
[3767.395s][info][gc,phases      ] GC(919)   Merge Heap Roots: 0.53ms
[3767.395s][info][gc,phases      ] GC(919)   Evacuate Collection Set: 121.18ms
[3767.395s][info][gc,phases      ] GC(919)   Post Evacuate Collection Set: 0.95ms
[3767.395s][info][gc,phases      ] GC(919)   Other: 0.09ms
[3767.395s][info][gc,heap        ] GC(919) Eden regions: 1113->0(1096)
[3767.395s][info][gc,heap        ] GC(919) Survivor regions: 115->116(154)
[3767.395s][info][gc,heap        ] GC(919) Old regions: 505->537
[3767.395s][info][gc,heap        ] GC(919) Humongous regions: 80->80
[3767.395s][info][gc,metaspace   ] GC(919) Metaspace: 28911K(29312K)->28911K(29312K) NonClass: 24043K(24256K)->24043K(24256K) Class: 4868K(5056K)->4868K(5056K)
[3767.395s][info][gc             ] GC(919) Pause Young (Prepare Mixed) (G1 Evacuation Pause) 3625M->1464M(4096M) 123.252ms
[3767.395s][info][gc,cpu         ] GC(919) User=0.73s Sys=0.00s Real=0.13s
...[3770.043s][info][gc,start       ] GC(920) Pause Young (Mixed) (G1 Evacuation Pause)
[3770.043s][info][gc,task        ] GC(920) Using 6 workers of 6 for evacuation
[3770.179s][info][gc,phases      ] GC(920)   Pre Evacuate Collection Set: 0.37ms
[3770.179s][info][gc,phases      ] GC(920)   Merge Heap Roots: 0.70ms
[3770.179s][info][gc,phases      ] GC(920)   Evacuate Collection Set: 134.20ms
[3770.179s][info][gc,phases      ] GC(920)   Post Evacuate Collection Set: 0.95ms
[3770.179s][info][gc,phases      ] GC(920)   Other: 0.09ms
[3770.179s][info][gc,heap        ] GC(920) Eden regions: 1096->0(1116)
[3770.179s][info][gc,heap        ] GC(920) Survivor regions: 116->112(152)
[3770.179s][info][gc,heap        ] GC(920) Old regions: 537->475
[3770.179s][info][gc,heap        ] GC(920) Humongous regions: 80->80
[3770.179s][info][gc,metaspace   ] GC(920) Metaspace: 28911K(29312K)->28911K(29312K) NonClass: 24043K(24256K)->24043K(24256K) Class: 4868K(5056K)->4868K(5056K)
[3770.179s][info][gc             ] GC(920) Pause Young (Mixed) (G1 Evacuation Pause) 3656M->1331M(4096M) 136.454ms
[3770.179s][info][gc,cpu         ] GC(920) User=0.81s Sys=0.00s Real=0.14s
...[3772.751s][info][gc,start       ] GC(921) Pause Young (Concurrent Start) (G1 Evacuation Pause)
[3772.751s][info][gc,task        ] GC(921) Using 6 workers of 6 for evacuation
[3772.866s][info][gc,phases      ] GC(921)   Pre Evacuate Collection Set: 0.37ms
[3772.866s][info][gc,phases      ] GC(921)   Merge Heap Roots: 0.50ms
[3772.866s][info][gc,phases      ] GC(921)   Evacuate Collection Set: 113.35ms
[3772.866s][info][gc,phases      ] GC(921)   Post Evacuate Collection Set: 0.90ms
[3772.866s][info][gc,phases      ] GC(921)   Other: 0.11ms
[3772.866s][info][gc,heap        ] GC(921) Eden regions: 1116->0(1121)
[3772.866s][info][gc,heap        ] GC(921) Survivor regions: 112->107(154)
[3772.866s][info][gc,heap        ] GC(921) Old regions: 475->506
[3772.866s][info][gc,heap        ] GC(921) Humongous regions: 80->80
[3772.866s][info][gc,metaspace   ] GC(921) Metaspace: 28911K(29312K)->28911K(29312K) NonClass: 24043K(24256K)->24043K(24256K) Class: 4868K(5056K)->4868K(5056K)
[3772.866s][info][gc             ] GC(921) Pause Young (Concurrent Start) (G1 Evacuation Pause) 3563M->1385M(4096M) 115.361ms
[3772.866s][info][gc             ] GC(922) Concurrent Mark Cycle
[3772.866s][info][gc,marking     ] GC(922) Concurrent Scan Root Regions
[3772.866s][info][gc,cpu         ] GC(921) User=0.69s Sys=0.00s Real=0.12s
[3773.002s][info][gc,marking     ] GC(922) Concurrent Scan Root Regions 135.149ms
[3773.002s][info][gc,marking     ] GC(922) Concurrent Mark
[3773.002s][info][gc,marking     ] GC(922) Concurrent Mark From Roots
[3773.002s][info][gc,task        ] GC(922) Using 2 workers of 2 for marking
.[3773.716s][info][gc,marking     ] GC(922) Concurrent Mark From Roots 714.335ms
[3773.716s][info][gc,marking     ] GC(922) Concurrent Preclean
[3773.716s][info][gc,marking     ] GC(922) Concurrent Preclean 0.102ms
[3773.716s][info][gc,start       ] GC(922) Pause Remark
[3773.722s][info][gc             ] GC(922) Pause Remark 2121M->2121M(4096M) 5.667ms
[3773.722s][info][gc,cpu         ] GC(922) User=0.03s Sys=0.00s Real=0.00s
[3773.722s][info][gc,marking     ] GC(922) Concurrent Mark 720.438ms
[3773.722s][info][gc,marking     ] GC(922) Concurrent Rebuild Remembered Sets and Scrub Regions
[3773.941s][info][gc,marking     ] GC(922) Concurrent Rebuild Remembered Sets and Scrub Regions 218.973ms
[3773.941s][info][gc,start       ] GC(922) Pause Cleanup
[3773.941s][info][gc             ] GC(922) Pause Cleanup 2293M->2293M(4096M) 0.121ms
[3773.941s][info][gc,cpu         ] GC(922) User=0.00s Sys=0.00s Real=0.00s
[3773.941s][info][gc,marking     ] GC(922) Concurrent Clear Claimed Marks
[3773.941s][info][gc,marking     ] GC(922) Concurrent Clear Claimed Marks 0.028ms
[3773.941s][info][gc,marking     ] GC(922) Concurrent Cleanup for Next Mark
[3773.946s][info][gc,marking     ] GC(922) Concurrent Cleanup for Next Mark 4.262ms
[3773.946s][info][gc             ] GC(922) Concurrent Mark Cycle 1079.295ms
.[3775.618s][info][gc,start       ] GC(923) Pause Young (Prepare Mixed) (G1 Evacuation Pause)
[3775.618s][info][gc,task        ] GC(923) Using 6 workers of 6 for evacuation
[3775.734s][info][gc,phases      ] GC(923)   Pre Evacuate Collection Set: 0.34ms
[3775.734s][info][gc,phases      ] GC(923)   Merge Heap Roots: 0.56ms
[3775.734s][info][gc,phases      ] GC(923)   Evacuate Collection Set: 114.30ms
[3775.734s][info][gc,phases      ] GC(923)   Post Evacuate Collection Set: 0.91ms
[3775.734s][info][gc,phases      ] GC(923)   Other: 0.09ms
[3775.734s][info][gc,heap        ] GC(923) Eden regions: 1121->0(1111)
[3775.734s][info][gc,heap        ] GC(923) Survivor regions: 107->108(154)
[3775.734s][info][gc,heap        ] GC(923) Old regions: 506->538
[3775.734s][info][gc,heap        ] GC(923) Humongous regions: 80->80
[3775.734s][info][gc,metaspace   ] GC(923) Metaspace: 28911K(29312K)->28911K(29312K) NonClass: 24043K(24256K)->24043K(24256K) Class: 4868K(5056K)->4868K(5056K)
[3775.734s][info][gc             ] GC(923) Pause Young (Prepare Mixed) (G1 Evacuation Pause) 3627M->1449M(4096M) 116.367ms
[3775.734s][info][gc,cpu         ] GC(923) User=0.69s Sys=0.00s Real=0.12s
...[3778.381s][info][gc,start       ] GC(924) Pause Young (Mixed) (G1 Evacuation Pause)
[3778.381s][info][gc,task        ] GC(924) Using 6 workers of 6 for evacuation
[3778.520s][info][gc,phases      ] GC(924)   Pre Evacuate Collection Set: 0.38ms
[3778.520s][info][gc,phases      ] GC(924)   Merge Heap Roots: 0.77ms
[3778.520s][info][gc,phases      ] GC(924)   Evacuate Collection Set: 136.45ms
[3778.520s][info][gc,phases      ] GC(924)   Post Evacuate Collection Set: 0.98ms
[3778.520s][info][gc,phases      ] GC(924)   Other: 0.09ms
[3778.520s][info][gc,heap        ] GC(924) Eden regions: 1111->0(1114)
[3778.520s][info][gc,heap        ] GC(924) Survivor regions: 108->114(153)
[3778.520s][info][gc,heap        ] GC(924) Old regions: 538->471
[3778.520s][info][gc,heap        ] GC(924) Humongous regions: 80->80
[3778.520s][info][gc,metaspace   ] GC(924) Metaspace: 28911K(29312K)->28911K(29312K) NonClass: 24043K(24256K)->24043K(24256K) Class: 4868K(5056K)->4868K(5056K)
[3778.520s][info][gc             ] GC(924) Pause Young (Mixed) (G1 Evacuation Pause) 3671M->1327M(4096M) 138.796ms
[3778.520s][info][gc,cpu         ] GC(924) User=0.82s Sys=0.00s Real=0.14s
...[3781.132s][info][gc,start       ] GC(925) Pause Young (Concurrent Start) (G1 Evacuation Pause)
[3781.132s][info][gc,task        ] GC(925) Using 6 workers of 6 for evacuation
[3781.252s][info][gc,phases      ] GC(925)   Pre Evacuate Collection Set: 0.38ms
[3781.252s][info][gc,phases      ] GC(925)   Merge Heap Roots: 0.42ms
[3781.252s][info][gc,phases      ] GC(925)   Evacuate Collection Set: 117.84ms
[3781.252s][info][gc,phases      ] GC(925)   Post Evacuate Collection Set: 0.89ms
[3781.252s][info][gc,phases      ] GC(925)   Other: 0.12ms
[3781.252s][info][gc,heap        ] GC(925) Eden regions: 1114->0(1116)
[3781.252s][info][gc,heap        ] GC(925) Survivor regions: 114->112(154)
[3781.252s][info][gc,heap        ] GC(925) Old regions: 471->503
[3781.252s][info][gc,heap        ] GC(925) Humongous regions: 80->80
[3781.252s][info][gc,metaspace   ] GC(925) Metaspace: 28911K(29312K)->28911K(29312K) NonClass: 24043K(24256K)->24043K(24256K) Class: 4868K(5056K)->4868K(5056K)
[3781.252s][info][gc             ] GC(925) Pause Young (Concurrent Start) (G1 Evacuation Pause) 3555M->1388M(4096M) 119.793ms
[3781.252s][info][gc             ] GC(926) Concurrent Mark Cycle
[3781.252s][info][gc,marking     ] GC(926) Concurrent Scan Root Regions
[3781.252s][info][gc,cpu         ] GC(925) User=0.71s Sys=0.00s Real=0.12s
[3781.392s][info][gc,marking     ] GC(926) Concurrent Scan Root Regions 140.010ms
[3781.392s][info][gc,marking     ] GC(926) Concurrent Mark
[3781.392s][info][gc,marking     ] GC(926) Concurrent Mark From Roots
[3781.392s][info][gc,task        ] GC(926) Using 2 workers of 2 for marking
.[3782.093s][info][gc,marking     ] GC(926) Concurrent Mark From Roots 701.086ms
[3782.094s][info][gc,marking     ] GC(926) Concurrent Preclean
[3782.094s][info][gc,marking     ] GC(926) Concurrent Preclean 0.094ms
[3782.095s][info][gc,start       ] GC(926) Pause Remark
[3782.100s][info][gc             ] GC(926) Pause Remark 2100M->2100M(4096M) 5.241ms
[3782.101s][info][gc,cpu         ] GC(926) User=0.03s Sys=0.00s Real=0.00s
[3782.101s][info][gc,marking     ] GC(926) Concurrent Mark 709.068ms
[3782.101s][info][gc,marking     ] GC(926) Concurrent Rebuild Remembered Sets and Scrub Regions
[3782.370s][info][gc,marking     ] GC(926) Concurrent Rebuild Remembered Sets and Scrub Regions 268.181ms
[3782.371s][info][gc,start       ] GC(926) Pause Cleanup
[3782.371s][info][gc             ] GC(926) Pause Cleanup 2343M->2343M(4096M) 0.127ms
[3782.371s][info][gc,cpu         ] GC(926) User=0.00s Sys=0.00s Real=0.00s
[3782.372s][info][gc,marking     ] GC(926) Concurrent Clear Claimed Marks
[3782.372s][info][gc,marking     ] GC(926) Concurrent Clear Claimed Marks 0.036ms
[3782.372s][info][gc,marking     ] GC(926) Concurrent Cleanup for Next Mark
[3782.378s][info][gc,marking     ] GC(926) Concurrent Cleanup for Next Mark 5.138ms
[3782.378s][info][gc             ] GC(926) Concurrent Mark Cycle 1125.315ms
.|.[3783.941s][info][gc,start       ] GC(927) Pause Young (Prepare Mixed) (G1 Evacuation Pause)
[3783.941s][info][gc,task        ] GC(927) Using 6 workers of 6 for evacuation
[3784.062s][info][gc,phases      ] GC(927)   Pre Evacuate Collection Set: 0.34ms
[3784.062s][info][gc,phases      ] GC(927)   Merge Heap Roots: 0.58ms
[3784.062s][info][gc,phases      ] GC(927)   Evacuate Collection Set: 119.72ms
[3784.063s][info][gc,phases      ] GC(927)   Post Evacuate Collection Set: 0.94ms
[3784.063s][info][gc,phases      ] GC(927)   Other: 0.09ms
[3784.063s][info][gc,heap        ] GC(927) Eden regions: 1116->0(1104)
[3784.063s][info][gc,heap        ] GC(927) Survivor regions: 112->113(154)
[3784.063s][info][gc,heap        ] GC(927) Old regions: 503->535
[3784.063s][info][gc,heap        ] GC(927) Humongous regions: 80->80
[3784.063s][info][gc,metaspace   ] GC(927) Metaspace: 28911K(29312K)->28911K(29312K) NonClass: 24043K(24256K)->24043K(24256K) Class: 4868K(5056K)->4868K(5056K)
[3784.063s][info][gc             ] GC(927) Pause Young (Prepare Mixed) (G1 Evacuation Pause) 3620M->1454M(4096M) 121.794ms
[3784.063s][info][gc,cpu         ] GC(927) User=0.72s Sys=0.00s Real=0.12s
..[3786.702s][info][gc,start       ] GC(928) Pause Young (Mixed) (G1 Evacuation Pause)
[3786.702s][info][gc,task        ] GC(928) Using 6 workers of 6 for evacuation
[3786.837s][info][gc,phases      ] GC(928)   Pre Evacuate Collection Set: 0.40ms
[3786.837s][info][gc,phases      ] GC(928)   Merge Heap Roots: 0.78ms
[3786.837s][info][gc,phases      ] GC(928)   Evacuate Collection Set: 133.09ms
[3786.837s][info][gc,phases      ] GC(928)   Post Evacuate Collection Set: 1.06ms
[3786.837s][info][gc,phases      ] GC(928)   Other: 0.09ms
[3786.837s][info][gc,heap        ] GC(928) Eden regions: 1104->0(1116)
[3786.837s][info][gc,heap        ] GC(928) Survivor regions: 113->112(153)
[3786.837s][info][gc,heap        ] GC(928) Old regions: 535->473
[3786.837s][info][gc,heap        ] GC(928) Humongous regions: 80->80
[3786.837s][info][gc,metaspace   ] GC(928) Metaspace: 28911K(29312K)->28911K(29312K) NonClass: 24043K(24256K)->24043K(24256K) Class: 4868K(5056K)->4868K(5056K)
[3786.837s][info][gc             ] GC(928) Pause Young (Mixed) (G1 Evacuation Pause) 3662M->1327M(4096M) 135.585ms
[3786.837s][info][gc,cpu         ] GC(928) User=0.80s Sys=0.00s Real=0.14s
...[3789.534s][info][gc,start       ] GC(929) Pause Young (Concurrent Start) (G1 Evacuation Pause)
[3789.534s][info][gc,task        ] GC(929) Using 6 workers of 6 for evacuation
[3789.654s][info][gc,phases      ] GC(929)   Pre Evacuate Collection Set: 0.39ms
[3789.654s][info][gc,phases      ] GC(929)   Merge Heap Roots: 0.45ms
[3789.654s][info][gc,phases      ] GC(929)   Evacuate Collection Set: 118.45ms
[3789.654s][info][gc,phases      ] GC(929)   Post Evacuate Collection Set: 0.88ms
[3789.654s][info][gc,phases      ] GC(929)   Other: 0.11ms
[3789.654s][info][gc,heap        ] GC(929) Eden regions: 1116->0(1116)
[3789.654s][info][gc,heap        ] GC(929) Survivor regions: 112->112(154)
[3789.654s][info][gc,heap        ] GC(929) Old regions: 473->505
[3789.654s][info][gc,heap        ] GC(929) Humongous regions: 80->80
[3789.654s][info][gc,metaspace   ] GC(929) Metaspace: 28911K(29312K)->28911K(29312K) NonClass: 24043K(24256K)->24043K(24256K) Class: 4868K(5056K)->4868K(5056K)
[3789.654s][info][gc             ] GC(929) Pause Young (Concurrent Start) (G1 Evacuation Pause) 3559M->1393M(4096M) 120.402ms
[3789.654s][info][gc             ] GC(930) Concurrent Mark Cycle
[3789.654s][info][gc,marking     ] GC(930) Concurrent Scan Root Regions
[3789.654s][info][gc,cpu         ] GC(929) User=0.71s Sys=0.01s Real=0.12s
[3789.814s][info][gc,marking     ] GC(930) Concurrent Scan Root Regions 160.177ms
[3789.814s][info][gc,marking     ] GC(930) Concurrent Mark
[3789.814s][info][gc,marking     ] GC(930) Concurrent Mark From Roots
[3789.814s][info][gc,task        ] GC(930) Using 2 workers of 2 for marking
.[3790.509s][info][gc,marking     ] GC(930) Concurrent Mark From Roots 694.997ms
[3790.509s][info][gc,marking     ] GC(930) Concurrent Preclean
[3790.509s][info][gc,marking     ] GC(930) Concurrent Preclean 0.131ms
[3790.513s][info][gc,start       ] GC(930) Pause Remark
[3790.519s][info][gc             ] GC(930) Pause Remark 2105M->2105M(4096M) 5.175ms
[3790.519s][info][gc,cpu         ] GC(930) User=0.03s Sys=0.00s Real=0.00s
[3790.519s][info][gc,marking     ] GC(930) Concurrent Mark 704.515ms
[3790.519s][info][gc,marking     ] GC(930) Concurrent Rebuild Remembered Sets and Scrub Regions
.[3790.871s][info][gc,marking     ] GC(930) Concurrent Rebuild Remembered Sets and Scrub Regions 352.376ms
[3790.871s][info][gc,start       ] GC(930) Pause Cleanup
[3790.871s][info][gc             ] GC(930) Pause Cleanup 2475M->2475M(4096M) 0.110ms
[3790.871s][info][gc,cpu         ] GC(930) User=0.00s Sys=0.00s Real=0.00s
[3790.871s][info][gc,marking     ] GC(930) Concurrent Clear Claimed Marks
[3790.871s][info][gc,marking     ] GC(930) Concurrent Clear Claimed Marks 0.021ms
[3790.871s][info][gc,marking     ] GC(930) Concurrent Cleanup for Next Mark
[3790.875s][info][gc,marking     ] GC(930) Concurrent Cleanup for Next Mark 3.257ms
[3790.875s][info][gc             ] GC(930) Concurrent Mark Cycle 1220.743ms
.[3792.327s][info][gc,start       ] GC(931) Pause Young (Prepare Mixed) (G1 Evacuation Pause)
[3792.327s][info][gc,task        ] GC(931) Using 6 workers of 6 for evacuation
[3792.445s][info][gc,phases      ] GC(931)   Pre Evacuate Collection Set: 0.38ms
[3792.445s][info][gc,phases      ] GC(931)   Merge Heap Roots: 0.54ms
[3792.445s][info][gc,phases      ] GC(931)   Evacuate Collection Set: 116.17ms
[3792.445s][info][gc,phases      ] GC(931)   Post Evacuate Collection Set: 0.93ms
[3792.445s][info][gc,phases      ] GC(931)   Other: 0.09ms
[3792.445s][info][gc,heap        ] GC(931) Eden regions: 1116->0(1108)
[3792.445s][info][gc,heap        ] GC(931) Survivor regions: 112->110(154)
[3792.445s][info][gc,heap        ] GC(931) Old regions: 505->537
[3792.445s][info][gc,heap        ] GC(931) Humongous regions: 80->80
[3792.445s][info][gc,metaspace   ] GC(931) Metaspace: 28911K(29312K)->28911K(29312K) NonClass: 24043K(24256K)->24043K(24256K) Class: 4868K(5056K)->4868K(5056K)
[3792.445s][info][gc             ] GC(931) Pause Young (Prepare Mixed) (G1 Evacuation Pause) 3625M->1452M(4096M) 118.251ms
[3792.445s][info][gc,cpu         ] GC(931) User=0.70s Sys=0.00s Real=0.12s
...[3795.086s][info][gc,start       ] GC(932) Pause Young (Mixed) (G1 Evacuation Pause)
[3795.086s][info][gc,task        ] GC(932) Using 6 workers of 6 for evacuation
[3795.223s][info][gc,phases      ] GC(932)   Pre Evacuate Collection Set: 0.39ms
[3795.223s][info][gc,phases      ] GC(932)   Merge Heap Roots: 0.70ms
[3795.223s][info][gc,phases      ] GC(932)   Evacuate Collection Set: 134.77ms
[3795.223s][info][gc,phases      ] GC(932)   Post Evacuate Collection Set: 0.96ms
[3795.223s][info][gc,phases      ] GC(932)   Other: 0.09ms
[3795.223s][info][gc,heap        ] GC(932) Eden regions: 1108->0(1118)
[3795.223s][info][gc,heap        ] GC(932) Survivor regions: 110->110(153)
[3795.223s][info][gc,heap        ] GC(932) Old regions: 537->472
[3795.223s][info][gc,heap        ] GC(932) Humongous regions: 80->80
[3795.223s][info][gc,metaspace   ] GC(932) Metaspace: 28911K(29312K)->28911K(29312K) NonClass: 24043K(24256K)->24043K(24256K) Class: 4868K(5056K)->4868K(5056K)
[3795.223s][info][gc             ] GC(932) Pause Young (Mixed) (G1 Evacuation Pause) 3668M->1323M(4096M) 137.047ms
[3795.224s][info][gc,cpu         ] GC(932) User=0.81s Sys=0.00s Real=0.14s
..[3797.875s][info][gc,start       ] GC(933) Pause Young (Concurrent Start) (G1 Evacuation Pause)
[3797.875s][info][gc,task        ] GC(933) Using 6 workers of 6 for evacuation
[3797.991s][info][gc,phases      ] GC(933)   Pre Evacuate Collection Set: 0.41ms
[3797.991s][info][gc,phases      ] GC(933)   Merge Heap Roots: 0.50ms
[3797.991s][info][gc,phases      ] GC(933)   Evacuate Collection Set: 114.26ms
[3797.991s][info][gc,phases      ] GC(933)   Post Evacuate Collection Set: 0.88ms
[3797.991s][info][gc,phases      ] GC(933)   Other: 0.09ms
[3797.991s][info][gc,heap        ] GC(933) Eden regions: 1118->0(1120)
[3797.991s][info][gc,heap        ] GC(933) Survivor regions: 110->108(154)
[3797.991s][info][gc,heap        ] GC(933) Old regions: 472->505
[3797.991s][info][gc,heap        ] GC(933) Humongous regions: 80->80
[3797.991s][info][gc,metaspace   ] GC(933) Metaspace: 28911K(29312K)->28911K(29312K) NonClass: 24043K(24256K)->24043K(24256K) Class: 4868K(5056K)->4868K(5056K)
[3797.991s][info][gc             ] GC(933) Pause Young (Concurrent Start) (G1 Evacuation Pause) 3559M->1383M(4096M) 116.276ms
[3797.991s][info][gc             ] GC(934) Concurrent Mark Cycle
[3797.991s][info][gc,marking     ] GC(934) Concurrent Scan Root Regions
[3797.991s][info][gc,cpu         ] GC(933) User=0.69s Sys=0.00s Real=0.11s
.[3798.200s][info][gc,marking     ] GC(934) Concurrent Scan Root Regions 208.412ms
[3798.200s][info][gc,marking     ] GC(934) Concurrent Mark
[3798.200s][info][gc,marking     ] GC(934) Concurrent Mark From Roots
[3798.200s][info][gc,task        ] GC(934) Using 2 workers of 2 for marking
.[3799.095s][info][gc,marking     ] GC(934) Concurrent Mark From Roots 894.783ms
[3799.095s][info][gc,marking     ] GC(934) Concurrent Preclean
[3799.095s][info][gc,marking     ] GC(934) Concurrent Preclean 0.089ms
[3799.095s][info][gc,start       ] GC(934) Pause Remark
[3799.100s][info][gc             ] GC(934) Pause Remark 2331M->2331M(4096M) 4.910ms
[3799.100s][info][gc,cpu         ] GC(934) User=0.03s Sys=0.00s Real=0.00s
[3799.100s][info][gc,marking     ] GC(934) Concurrent Mark 900.041ms
[3799.100s][info][gc,marking     ] GC(934) Concurrent Rebuild Remembered Sets and Scrub Regions
[3799.473s][info][gc,marking     ] GC(934) Concurrent Rebuild Remembered Sets and Scrub Regions 372.732ms
[3799.473s][info][gc,start       ] GC(934) Pause Cleanup
[3799.473s][info][gc             ] GC(934) Pause Cleanup 2635M->2635M(4096M) 0.120ms
[3799.473s][info][gc,cpu         ] GC(934) User=0.00s Sys=0.00s Real=0.00s
[3799.473s][info][gc,marking     ] GC(934) Concurrent Clear Claimed Marks
[3799.473s][info][gc,marking     ] GC(934) Concurrent Clear Claimed Marks 0.032ms
[3799.473s][info][gc,marking     ] GC(934) Concurrent Cleanup for Next Mark
[3799.478s][info][gc,marking     ] GC(934) Concurrent Cleanup for Next Mark 4.726ms
[3799.478s][info][gc             ] GC(934) Concurrent Mark Cycle 1486.958ms
.[3800.693s][info][gc,start       ] GC(935) Pause Young (Prepare Mixed) (G1 Evacuation Pause)
[3800.693s][info][gc,task        ] GC(935) Using 6 workers of 6 for evacuation
[3800.811s][info][gc,phases      ] GC(935)   Pre Evacuate Collection Set: 0.35ms
[3800.811s][info][gc,phases      ] GC(935)   Merge Heap Roots: 0.49ms
[3800.811s][info][gc,phases      ] GC(935)   Evacuate Collection Set: 116.06ms
[3800.811s][info][gc,phases      ] GC(935)   Post Evacuate Collection Set: 0.95ms
[3800.811s][info][gc,phases      ] GC(935)   Other: 0.09ms
[3800.811s][info][gc,heap        ] GC(935) Eden regions: 1120->0(1108)
[3800.811s][info][gc,heap        ] GC(935) Survivor regions: 108->110(154)
[3800.811s][info][gc,heap        ] GC(935) Old regions: 505->537
[3800.811s][info][gc,heap        ] GC(935) Humongous regions: 80->80
[3800.811s][info][gc,metaspace   ] GC(935) Metaspace: 28911K(29312K)->28911K(29312K) NonClass: 24043K(24256K)->24043K(24256K) Class: 4868K(5056K)->4868K(5056K)
[3800.811s][info][gc             ] GC(935) Pause Young (Prepare Mixed) (G1 Evacuation Pause) 3623M->1452M(4096M) 118.064ms
[3800.811s][info][gc,cpu         ] GC(935) User=0.70s Sys=0.00s Real=0.11s
...[3803.401s][info][gc,start       ] GC(936) Pause Young (Mixed) (G1 Evacuation Pause)
[3803.401s][info][gc,task        ] GC(936) Using 6 workers of 6 for evacuation
[3803.543s][info][gc,phases      ] GC(936)   Pre Evacuate Collection Set: 0.36ms
[3803.543s][info][gc,phases      ] GC(936)   Merge Heap Roots: 0.84ms
[3803.543s][info][gc,phases      ] GC(936)   Evacuate Collection Set: 139.81ms
[3803.543s][info][gc,phases      ] GC(936)   Post Evacuate Collection Set: 0.96ms
[3803.543s][info][gc,phases      ] GC(936)   Other: 0.09ms
[3803.543s][info][gc,heap        ] GC(936) Eden regions: 1108->0(1114)
[3803.543s][info][gc,heap        ] GC(936) Survivor regions: 110->114(153)
[3803.543s][info][gc,heap        ] GC(936) Old regions: 537->476
[3803.543s][info][gc,heap        ] GC(936) Humongous regions: 80->80
[3803.543s][info][gc,metaspace   ] GC(936) Metaspace: 28911K(29312K)->28911K(29312K) NonClass: 24043K(24256K)->24043K(24256K) Class: 4868K(5056K)->4868K(5056K)
[3803.543s][info][gc             ] GC(936) Pause Young (Mixed) (G1 Evacuation Pause) 3668M->1338M(4096M) 142.198ms
[3803.543s][info][gc,cpu         ] GC(936) User=0.84s Sys=0.00s Real=0.15s
...[3806.208s][info][gc,start       ] GC(937) Pause Young (Concurrent Start) (G1 Evacuation Pause)
[3806.209s][info][gc,task        ] GC(937) Using 6 workers of 6 for evacuation
[3806.326s][info][gc,phases      ] GC(937)   Pre Evacuate Collection Set: 0.39ms
[3806.326s][info][gc,phases      ] GC(937)   Merge Heap Roots: 0.46ms
[3806.326s][info][gc,phases      ] GC(937)   Evacuate Collection Set: 115.55ms
[3806.326s][info][gc,phases      ] GC(937)   Post Evacuate Collection Set: 0.89ms
[3806.326s][info][gc,phases      ] GC(937)   Other: 0.13ms
[3806.326s][info][gc,heap        ] GC(937) Eden regions: 1114->0(1119)
[3806.326s][info][gc,heap        ] GC(937) Survivor regions: 114->109(154)
[3806.326s][info][gc,heap        ] GC(937) Old regions: 476->508
[3806.326s][info][gc,heap        ] GC(937) Humongous regions: 80->80
[3806.326s][info][gc,metaspace   ] GC(937) Metaspace: 28911K(29312K)->28911K(29312K) NonClass: 24043K(24256K)->24043K(24256K) Class: 4868K(5056K)->4868K(5056K)
[3806.326s][info][gc             ] GC(937) Pause Young (Concurrent Start) (G1 Evacuation Pause) 3566M->1392M(4096M) 117.550ms
[3806.326s][info][gc             ] GC(938) Concurrent Mark Cycle
[3806.326s][info][gc,marking     ] GC(938) Concurrent Scan Root Regions
[3806.326s][info][gc,cpu         ] GC(937) User=0.69s Sys=0.00s Real=0.12s
[3806.498s][info][gc,marking     ] GC(938) Concurrent Scan Root Regions 172.259ms
[3806.498s][info][gc,marking     ] GC(938) Concurrent Mark
[3806.498s][info][gc,marking     ] GC(938) Concurrent Mark From Roots
[3806.498s][info][gc,task        ] GC(938) Using 2 workers of 2 for marking
.[3807.497s][info][gc,marking     ] GC(938) Concurrent Mark From Roots 998.574ms
[3807.497s][info][gc,marking     ] GC(938) Concurrent Preclean
[3807.497s][info][gc,marking     ] GC(938) Concurrent Preclean 0.116ms
[3807.498s][info][gc,start       ] GC(938) Pause Remark
[3807.504s][info][gc             ] GC(938) Pause Remark 2391M->2391M(4096M) 6.719ms
[3807.504s][info][gc,cpu         ] GC(938) User=0.03s Sys=0.00s Real=0.01s
[3807.504s][info][gc,marking     ] GC(938) Concurrent Mark 1006.019ms
[3807.504s][info][gc,marking     ] GC(938) Concurrent Rebuild Remembered Sets and Scrub Regions
[3807.868s][info][gc,marking     ] GC(938) Concurrent Rebuild Remembered Sets and Scrub Regions 363.883ms
[3807.869s][info][gc,start       ] GC(938) Pause Cleanup
[3807.869s][info][gc             ] GC(938) Pause Cleanup 2688M->2688M(4096M) 0.124ms
[3807.869s][info][gc,cpu         ] GC(938) User=0.00s Sys=0.00s Real=0.00s
[3807.869s][info][gc,marking     ] GC(938) Concurrent Clear Claimed Marks
[3807.869s][info][gc,marking     ] GC(938) Concurrent Clear Claimed Marks 0.033ms
[3807.869s][info][gc,marking     ] GC(938) Concurrent Cleanup for Next Mark
[3807.874s][info][gc,marking     ] GC(938) Concurrent Cleanup for Next Mark 4.534ms
[3807.874s][info][gc             ] GC(938) Concurrent Mark Cycle 1547.969ms
.[3809.007s][info][gc,start       ] GC(939) Pause Young (Prepare Mixed) (G1 Evacuation Pause)
[3809.007s][info][gc,task        ] GC(939) Using 6 workers of 6 for evacuation
[3809.127s][info][gc,phases      ] GC(939)   Pre Evacuate Collection Set: 0.35ms
[3809.127s][info][gc,phases      ] GC(939)   Merge Heap Roots: 0.54ms
[3809.127s][info][gc,phases      ] GC(939)   Evacuate Collection Set: 117.81ms
[3809.127s][info][gc,phases      ] GC(939)   Post Evacuate Collection Set: 0.93ms
[3809.127s][info][gc,phases      ] GC(939)   Other: 0.09ms
[3809.127s][info][gc,heap        ] GC(939) Eden regions: 1119->0(1102)
[3809.127s][info][gc,heap        ] GC(939) Survivor regions: 109->112(154)
[3809.127s][info][gc,heap        ] GC(939) Old regions: 508->539
[3809.127s][info][gc,heap        ] GC(939) Humongous regions: 80->80
[3809.127s][info][gc,metaspace   ] GC(939) Metaspace: 28911K(29312K)->28911K(29312K) NonClass: 24043K(24256K)->24043K(24256K) Class: 4868K(5056K)->4868K(5056K)
[3809.127s][info][gc             ] GC(939) Pause Young (Prepare Mixed) (G1 Evacuation Pause) 3630M->1460M(4096M) 119.877ms
[3809.127s][info][gc,cpu         ] GC(939) User=0.71s Sys=0.00s Real=0.12s
...[3811.776s][info][gc,start       ] GC(940) Pause Young (Mixed) (G1 Evacuation Pause)
[3811.776s][info][gc,task        ] GC(940) Using 6 workers of 6 for evacuation
[3811.910s][info][gc,phases      ] GC(940)   Pre Evacuate Collection Set: 0.41ms
[3811.910s][info][gc,phases      ] GC(940)   Merge Heap Roots: 0.70ms
[3811.910s][info][gc,phases      ] GC(940)   Evacuate Collection Set: 131.30ms
[3811.910s][info][gc,phases      ] GC(940)   Post Evacuate Collection Set: 0.96ms
[3811.910s][info][gc,phases      ] GC(940)   Other: 0.09ms
[3811.910s][info][gc,heap        ] GC(940) Eden regions: 1102->0(1118)
[3811.910s][info][gc,heap        ] GC(940) Survivor regions: 112->110(152)
[3811.910s][info][gc,heap        ] GC(940) Old regions: 539->473
[3811.910s][info][gc,heap        ] GC(940) Humongous regions: 80->80
[3811.910s][info][gc,metaspace   ] GC(940) Metaspace: 28911K(29312K)->28911K(29312K) NonClass: 24043K(24256K)->24043K(24256K) Class: 4868K(5056K)->4868K(5056K)
[3811.910s][info][gc             ] GC(940) Pause Young (Mixed) (G1 Evacuation Pause) 3664M->1324M(4096M) 133.592ms
[3811.910s][info][gc,cpu         ] GC(940) User=0.79s Sys=0.00s Real=0.13s
...[3814.564s][info][gc,start       ] GC(941) Pause Young (Concurrent Start) (G1 Evacuation Pause)
[3814.564s][info][gc,task        ] GC(941) Using 6 workers of 6 for evacuation
[3814.683s][info][gc,phases      ] GC(941)   Pre Evacuate Collection Set: 0.38ms
[3814.683s][info][gc,phases      ] GC(941)   Merge Heap Roots: 0.53ms
[3814.683s][info][gc,phases      ] GC(941)   Evacuate Collection Set: 116.57ms
[3814.683s][info][gc,phases      ] GC(941)   Post Evacuate Collection Set: 0.89ms
[3814.683s][info][gc,phases      ] GC(941)   Other: 0.13ms
[3814.683s][info][gc,heap        ] GC(941) Eden regions: 1118->0(1116)
[3814.683s][info][gc,heap        ] GC(941) Survivor regions: 110->112(154)
[3814.683s][info][gc,heap        ] GC(941) Old regions: 473->504
[3814.683s][info][gc,heap        ] GC(941) Humongous regions: 80->80
[3814.683s][info][gc,metaspace   ] GC(941) Metaspace: 28911K(29312K)->28911K(29312K) NonClass: 24043K(24256K)->24043K(24256K) Class: 4868K(5056K)->4868K(5056K)
[3814.683s][info][gc             ] GC(941) Pause Young (Concurrent Start) (G1 Evacuation Pause) 3560M->1389M(4096M) 118.647ms
[3814.683s][info][gc             ] GC(942) Concurrent Mark Cycle
[3814.683s][info][gc,marking     ] GC(942) Concurrent Scan Root Regions
[3814.683s][info][gc,cpu         ] GC(941) User=0.70s Sys=0.00s Real=0.11s
[3814.856s][info][gc,marking     ] GC(942) Concurrent Scan Root Regions 173.554ms
[3814.856s][info][gc,marking     ] GC(942) Concurrent Mark
[3814.856s][info][gc,marking     ] GC(942) Concurrent Mark From Roots
[3814.856s][info][gc,task        ] GC(942) Using 2 workers of 2 for marking
.[3815.751s][info][gc,marking     ] GC(942) Concurrent Mark From Roots 894.662ms
[3815.751s][info][gc,marking     ] GC(942) Concurrent Preclean
[3815.751s][info][gc,marking     ] GC(942) Concurrent Preclean 0.116ms
[3815.751s][info][gc,start       ] GC(942) Pause Remark
[3815.757s][info][gc             ] GC(942) Pause Remark 2282M->2282M(4096M) 6.002ms
[3815.757s][info][gc,cpu         ] GC(942) User=0.04s Sys=0.00s Real=0.01s
[3815.757s][info][gc,marking     ] GC(942) Concurrent Mark 901.040ms
[3815.757s][info][gc,marking     ] GC(942) Concurrent Rebuild Remembered Sets and Scrub Regions
[3816.028s][info][gc,marking     ] GC(942) Concurrent Rebuild Remembered Sets and Scrub Regions 270.429ms
[3816.029s][info][gc,start       ] GC(942) Pause Cleanup
[3816.029s][info][gc             ] GC(942) Pause Cleanup 2511M->2511M(4096M) 0.121ms
[3816.029s][info][gc,cpu         ] GC(942) User=0.00s Sys=0.00s Real=0.00s
[3816.030s][info][gc,marking     ] GC(942) Concurrent Clear Claimed Marks
[3816.030s][info][gc,marking     ] GC(942) Concurrent Clear Claimed Marks 0.034ms
[3816.030s][info][gc,marking     ] GC(942) Concurrent Cleanup for Next Mark
[3816.040s][info][gc,marking     ] GC(942) Concurrent Cleanup for Next Mark 9.554ms
[3816.040s][info][gc             ] GC(942) Concurrent Mark Cycle 1356.830ms
..[3817.377s][info][gc,start       ] GC(943) Pause Young (Prepare Mixed) (G1 Evacuation Pause)
[3817.377s][info][gc,task        ] GC(943) Using 6 workers of 6 for evacuation
[3817.495s][info][gc,phases      ] GC(943)   Pre Evacuate Collection Set: 0.32ms
[3817.495s][info][gc,phases      ] GC(943)   Merge Heap Roots: 0.52ms
[3817.495s][info][gc,phases      ] GC(943)   Evacuate Collection Set: 116.00ms
[3817.495s][info][gc,phases      ] GC(943)   Post Evacuate Collection Set: 0.95ms
[3817.495s][info][gc,phases      ] GC(943)   Other: 0.08ms
[3817.495s][info][gc,heap        ] GC(943) Eden regions: 1116->0(1107)
[3817.495s][info][gc,heap        ] GC(943) Survivor regions: 112->111(154)
[3817.495s][info][gc,heap        ] GC(943) Old regions: 504->536
[3817.495s][info][gc,heap        ] GC(943) Humongous regions: 80->80
[3817.495s][info][gc,metaspace   ] GC(943) Metaspace: 28911K(29312K)->28911K(29312K) NonClass: 24043K(24256K)->24043K(24256K) Class: 4868K(5056K)->4868K(5056K)
[3817.495s][info][gc             ] GC(943) Pause Young (Prepare Mixed) (G1 Evacuation Pause) 3621M->1451M(4096M) 118.016ms
[3817.495s][info][gc,cpu         ] GC(943) User=0.69s Sys=0.00s Real=0.12s
..[3820.163s][info][gc,start       ] GC(944) Pause Young (Mixed) (G1 Evacuation Pause)
[3820.163s][info][gc,task        ] GC(944) Using 6 workers of 6 for evacuation
[3820.306s][info][gc,phases      ] GC(944)   Pre Evacuate Collection Set: 0.40ms
[3820.306s][info][gc,phases      ] GC(944)   Merge Heap Roots: 0.76ms
[3820.306s][info][gc,phases      ] GC(944)   Evacuate Collection Set: 139.85ms
[3820.306s][info][gc,phases      ] GC(944)   Post Evacuate Collection Set: 0.99ms
[3820.306s][info][gc,phases      ] GC(944)   Other: 0.10ms
[3820.306s][info][gc,heap        ] GC(944) Eden regions: 1107->0(1113)
[3820.306s][info][gc,heap        ] GC(944) Survivor regions: 111->115(153)
[3820.306s][info][gc,heap        ] GC(944) Old regions: 536->474
[3820.306s][info][gc,heap        ] GC(944) Humongous regions: 80->80
[3820.306s][info][gc,metaspace   ] GC(944) Metaspace: 28911K(29312K)->28911K(29312K) NonClass: 24043K(24256K)->24043K(24256K) Class: 4868K(5056K)->4868K(5056K)
[3820.306s][info][gc             ] GC(944) Pause Young (Mixed) (G1 Evacuation Pause) 3665M->1336M(4096M) 142.222ms
[3820.306s][info][gc,cpu         ] GC(944) User=0.84s Sys=0.00s Real=0.14s
...[3822.922s][info][gc,start       ] GC(945) Pause Young (Concurrent Start) (G1 Evacuation Pause)
[3822.922s][info][gc,task        ] GC(945) Using 6 workers of 6 for evacuation
[3823.045s][info][gc,phases      ] GC(945)   Pre Evacuate Collection Set: 0.39ms
[3823.045s][info][gc,phases      ] GC(945)   Merge Heap Roots: 0.55ms
[3823.045s][info][gc,phases      ] GC(945)   Evacuate Collection Set: 120.43ms
[3823.045s][info][gc,phases      ] GC(945)   Post Evacuate Collection Set: 0.86ms
[3823.045s][info][gc,phases      ] GC(945)   Other: 0.12ms
[3823.045s][info][gc,heap        ] GC(945) Eden regions: 1113->0(1115)
[3823.045s][info][gc,heap        ] GC(945) Survivor regions: 115->113(154)
[3823.045s][info][gc,heap        ] GC(945) Old regions: 474->507
[3823.045s][info][gc,heap        ] GC(945) Humongous regions: 80->80
[3823.045s][info][gc,metaspace   ] GC(945) Metaspace: 28911K(29312K)->28911K(29312K) NonClass: 24043K(24256K)->24043K(24256K) Class: 4868K(5056K)->4868K(5056K)
[3823.045s][info][gc             ] GC(945) Pause Young (Concurrent Start) (G1 Evacuation Pause) 3562M->1397M(4096M) 122.498ms
[3823.045s][info][gc             ] GC(946) Concurrent Mark Cycle
[3823.045s][info][gc,marking     ] GC(946) Concurrent Scan Root Regions
[3823.045s][info][gc,cpu         ] GC(945) User=0.72s Sys=0.00s Real=0.13s
[3823.183s][info][gc,marking     ] GC(946) Concurrent Scan Root Regions 138.164ms
[3823.183s][info][gc,marking     ] GC(946) Concurrent Mark
[3823.183s][info][gc,marking     ] GC(946) Concurrent Mark From Roots
[3823.183s][info][gc,task        ] GC(946) Using 2 workers of 2 for marking
.[3823.904s][info][gc,marking     ] GC(946) Concurrent Mark From Roots 721.455ms
[3823.905s][info][gc,marking     ] GC(946) Concurrent Preclean
[3823.905s][info][gc,marking     ] GC(946) Concurrent Preclean 0.117ms
[3823.906s][info][gc,start       ] GC(946) Pause Remark
[3823.911s][info][gc             ] GC(946) Pause Remark 2118M->2118M(4096M) 4.967ms
[3823.911s][info][gc,cpu         ] GC(946) User=0.02s Sys=0.00s Real=0.00s
[3823.914s][info][gc,marking     ] GC(946) Concurrent Mark 730.721ms
[3823.914s][info][gc,marking     ] GC(946) Concurrent Rebuild Remembered Sets and Scrub Regions
[3824.186s][info][gc,marking     ] GC(946) Concurrent Rebuild Remembered Sets and Scrub Regions 272.565ms
[3824.187s][info][gc,start       ] GC(946) Pause Cleanup
[3824.187s][info][gc             ] GC(946) Pause Cleanup 2388M->2388M(4096M) 0.119ms
[3824.187s][info][gc,cpu         ] GC(946) User=0.00s Sys=0.00s Real=0.00s
[3824.188s][info][gc,marking     ] GC(946) Concurrent Clear Claimed Marks
[3824.188s][info][gc,marking     ] GC(946) Concurrent Clear Claimed Marks 0.029ms
[3824.188s][info][gc,marking     ] GC(946) Concurrent Cleanup for Next Mark
[3824.192s][info][gc,marking     ] GC(946) Concurrent Cleanup for Next Mark 4.662ms
[3824.192s][info][gc             ] GC(946) Concurrent Mark Cycle 1147.579ms
..[3825.674s][info][gc,start       ] GC(947) Pause Young (Prepare Mixed) (G1 Evacuation Pause)
[3825.674s][info][gc,task        ] GC(947) Using 6 workers of 6 for evacuation
[3825.789s][info][gc,phases      ] GC(947)   Pre Evacuate Collection Set: 0.35ms
[3825.789s][info][gc,phases      ] GC(947)   Merge Heap Roots: 0.52ms
[3825.789s][info][gc,phases      ] GC(947)   Evacuate Collection Set: 112.96ms
[3825.789s][info][gc,phases      ] GC(947)   Post Evacuate Collection Set: 0.91ms
[3825.789s][info][gc,phases      ] GC(947)   Other: 0.08ms
[3825.789s][info][gc,heap        ] GC(947) Eden regions: 1115->0(1110)
[3825.789s][info][gc,heap        ] GC(947) Survivor regions: 113->108(154)
[3825.789s][info][gc,heap        ] GC(947) Old regions: 507->539
[3825.789s][info][gc,heap        ] GC(947) Humongous regions: 80->80
[3825.789s][info][gc,metaspace   ] GC(947) Metaspace: 28911K(29312K)->28911K(29312K) NonClass: 24043K(24256K)->24043K(24256K) Class: 4868K(5056K)->4868K(5056K)
[3825.789s][info][gc             ] GC(947) Pause Young (Prepare Mixed) (G1 Evacuation Pause) 3627M->1451M(4096M) 114.957ms
[3825.789s][info][gc,cpu         ] GC(947) User=0.68s Sys=0.00s Real=0.11s
...[3828.448s][info][gc,start       ] GC(948) Pause Young (Mixed) (G1 Evacuation Pause)
[3828.448s][info][gc,task        ] GC(948) Using 6 workers of 6 for evacuation
[3828.583s][info][gc,phases      ] GC(948)   Pre Evacuate Collection Set: 0.36ms
[3828.583s][info][gc,phases      ] GC(948)   Merge Heap Roots: 0.67ms
[3828.583s][info][gc,phases      ] GC(948)   Evacuate Collection Set: 132.34ms
[3828.583s][info][gc,phases      ] GC(948)   Post Evacuate Collection Set: 0.96ms
[3828.583s][info][gc,phases      ] GC(948)   Other: 0.09ms
[3828.583s][info][gc,heap        ] GC(948) Eden regions: 1110->0(1117)
[3828.583s][info][gc,heap        ] GC(948) Survivor regions: 108->111(153)
[3828.583s][info][gc,heap        ] GC(948) Old regions: 539->474
[3828.583s][info][gc,heap        ] GC(948) Humongous regions: 80->80
[3828.583s][info][gc,metaspace   ] GC(948) Metaspace: 28911K(29312K)->28911K(29312K) NonClass: 24043K(24256K)->24043K(24256K) Class: 4868K(5056K)->4868K(5056K)
[3828.583s][info][gc             ] GC(948) Pause Young (Mixed) (G1 Evacuation Pause) 3671M->1328M(4096M) 134.572ms
[3828.583s][info][gc,cpu         ] GC(948) User=0.80s Sys=0.00s Real=0.14s
..[3831.276s][info][gc,start       ] GC(949) Pause Young (Concurrent Start) (G1 Evacuation Pause)
[3831.276s][info][gc,task        ] GC(949) Using 6 workers of 6 for evacuation
[3831.394s][info][gc,phases      ] GC(949)   Pre Evacuate Collection Set: 0.37ms
[3831.394s][info][gc,phases      ] GC(949)   Merge Heap Roots: 0.49ms
[3831.394s][info][gc,phases      ] GC(949)   Evacuate Collection Set: 116.49ms
[3831.394s][info][gc,phases      ] GC(949)   Post Evacuate Collection Set: 0.90ms
[3831.394s][info][gc,phases      ] GC(949)   Other: 0.10ms
[3831.394s][info][gc,heap        ] GC(949) Eden regions: 1117->0(1116)
[3831.394s][info][gc,heap        ] GC(949) Survivor regions: 111->112(154)
[3831.394s][info][gc,heap        ] GC(949) Old regions: 474->506
[3831.394s][info][gc,heap        ] GC(949) Humongous regions: 80->80
[3831.394s][info][gc,metaspace   ] GC(949) Metaspace: 28911K(29312K)->28911K(29312K) NonClass: 24043K(24256K)->24043K(24256K) Class: 4868K(5056K)->4868K(5056K)
[3831.394s][info][gc             ] GC(949) Pause Young (Concurrent Start) (G1 Evacuation Pause) 3562M->1393M(4096M) 118.492ms
[3831.394s][info][gc             ] GC(950) Concurrent Mark Cycle
[3831.394s][info][gc,marking     ] GC(950) Concurrent Scan Root Regions
[3831.394s][info][gc,cpu         ] GC(949) User=0.70s Sys=0.00s Real=0.12s
.[3831.567s][info][gc,marking     ] GC(950) Concurrent Scan Root Regions 173.245ms
[3831.567s][info][gc,marking     ] GC(950) Concurrent Mark
[3831.567s][info][gc,marking     ] GC(950) Concurrent Mark From Roots
[3831.567s][info][gc,task        ] GC(950) Using 2 workers of 2 for marking
.[3832.519s][info][gc,marking     ] GC(950) Concurrent Mark From Roots 951.722ms
[3832.519s][info][gc,marking     ] GC(950) Concurrent Preclean
[3832.519s][info][gc,marking     ] GC(950) Concurrent Preclean 0.073ms
[3832.519s][info][gc,start       ] GC(950) Pause Remark
[3832.525s][info][gc             ] GC(950) Pause Remark 2396M->2396M(4096M) 5.805ms
[3832.525s][info][gc,cpu         ] GC(950) User=0.03s Sys=0.00s Real=0.01s
[3832.525s][info][gc,marking     ] GC(950) Concurrent Mark 957.861ms
[3832.525s][info][gc,marking     ] GC(950) Concurrent Rebuild Remembered Sets and Scrub Regions
[3832.833s][info][gc,marking     ] GC(950) Concurrent Rebuild Remembered Sets and Scrub Regions 307.617ms
[3832.833s][info][gc,start       ] GC(950) Pause Cleanup
[3832.833s][info][gc             ] GC(950) Pause Cleanup 2634M->2634M(4096M) 0.123ms
[3832.833s][info][gc,cpu         ] GC(950) User=0.00s Sys=0.00s Real=0.00s
[3832.834s][info][gc,marking     ] GC(950) Concurrent Clear Claimed Marks
[3832.834s][info][gc,marking     ] GC(950) Concurrent Clear Claimed Marks 0.032ms
[3832.834s][info][gc,marking     ] GC(950) Concurrent Cleanup for Next Mark
[3832.839s][info][gc,marking     ] GC(950) Concurrent Cleanup for Next Mark 5.162ms
[3832.839s][info][gc             ] GC(950) Concurrent Mark Cycle 1444.803ms
.[3834.047s][info][gc,start       ] GC(951) Pause Young (Prepare Mixed) (G1 Evacuation Pause)
[3834.047s][info][gc,task        ] GC(951) Using 6 workers of 6 for evacuation
[3834.170s][info][gc,phases      ] GC(951)   Pre Evacuate Collection Set: 0.34ms
[3834.170s][info][gc,phases      ] GC(951)   Merge Heap Roots: 0.54ms
[3834.170s][info][gc,phases      ] GC(951)   Evacuate Collection Set: 120.48ms
[3834.170s][info][gc,phases      ] GC(951)   Post Evacuate Collection Set: 0.93ms
[3834.170s][info][gc,phases      ] GC(951)   Other: 0.10ms
[3834.170s][info][gc,heap        ] GC(951) Eden regions: 1116->0(1098)
[3834.170s][info][gc,heap        ] GC(951) Survivor regions: 112->115(154)
[3834.170s][info][gc,heap        ] GC(951) Old regions: 506->537
[3834.170s][info][gc,heap        ] GC(951) Humongous regions: 80->80
[3834.170s][info][gc,metaspace   ] GC(951) Metaspace: 28911K(29312K)->28911K(29312K) NonClass: 24043K(24256K)->24043K(24256K) Class: 4868K(5056K)->4868K(5056K)
[3834.170s][info][gc             ] GC(951) Pause Young (Prepare Mixed) (G1 Evacuation Pause) 3625M->1461M(4096M) 122.535ms
[3834.170s][info][gc,cpu         ] GC(951) User=0.73s Sys=0.00s Real=0.12s
...[3836.851s][info][gc,start       ] GC(952) Pause Young (Mixed) (G1 Evacuation Pause)
[3836.851s][info][gc,task        ] GC(952) Using 6 workers of 6 for evacuation
[3836.985s][info][gc,phases      ] GC(952)   Pre Evacuate Collection Set: 0.37ms
[3836.985s][info][gc,phases      ] GC(952)   Merge Heap Roots: 0.69ms
[3836.985s][info][gc,phases      ] GC(952)   Evacuate Collection Set: 132.04ms
[3836.985s][info][gc,phases      ] GC(952)   Post Evacuate Collection Set: 0.96ms
[3836.985s][info][gc,phases      ] GC(952)   Other: 0.08ms
[3836.985s][info][gc,heap        ] GC(952) Eden regions: 1098->0(1117)
[3836.985s][info][gc,heap        ] GC(952) Survivor regions: 115->111(152)
[3836.985s][info][gc,heap        ] GC(952) Old regions: 537->473
[3836.985s][info][gc,heap        ] GC(952) Humongous regions: 80->80
[3836.985s][info][gc,metaspace   ] GC(952) Metaspace: 28911K(29312K)->28911K(29312K) NonClass: 24043K(24256K)->24043K(24256K) Class: 4868K(5056K)->4868K(5056K)
[3836.985s][info][gc             ] GC(952) Pause Young (Mixed) (G1 Evacuation Pause) 3657M->1326M(4096M) 134.287ms
[3836.986s][info][gc,cpu         ] GC(952) User=0.80s Sys=0.00s Real=0.14s
...[3839.646s][info][gc,start       ] GC(953) Pause Young (Concurrent Start) (G1 Evacuation Pause)
[3839.646s][info][gc,task        ] GC(953) Using 6 workers of 6 for evacuation
[3839.762s][info][gc,phases      ] GC(953)   Pre Evacuate Collection Set: 0.37ms
[3839.762s][info][gc,phases      ] GC(953)   Merge Heap Roots: 0.47ms
[3839.762s][info][gc,phases      ] GC(953)   Evacuate Collection Set: 114.24ms
[3839.762s][info][gc,phases      ] GC(953)   Post Evacuate Collection Set: 0.92ms
[3839.762s][info][gc,phases      ] GC(953)   Other: 0.09ms
[3839.762s][info][gc,heap        ] GC(953) Eden regions: 1117->0(1119)
[3839.762s][info][gc,heap        ] GC(953) Survivor regions: 111->109(154)
[3839.762s][info][gc,heap        ] GC(953) Old regions: 473->505
[3839.762s][info][gc,heap        ] GC(953) Humongous regions: 80->80
[3839.762s][info][gc,metaspace   ] GC(953) Metaspace: 28911K(29312K)->28911K(29312K) NonClass: 24043K(24256K)->24043K(24256K) Class: 4868K(5056K)->4868K(5056K)
[3839.762s][info][gc             ] GC(953) Pause Young (Concurrent Start) (G1 Evacuation Pause) 3560M->1386M(4096M) 116.259ms
[3839.762s][info][gc             ] GC(954) Concurrent Mark Cycle
[3839.762s][info][gc,marking     ] GC(954) Concurrent Scan Root Regions
[3839.762s][info][gc,cpu         ] GC(953) User=0.68s Sys=0.00s Real=0.11s
[3839.974s][info][gc,marking     ] GC(954) Concurrent Scan Root Regions 211.654ms
[3839.974s][info][gc,marking     ] GC(954) Concurrent Mark
[3839.974s][info][gc,marking     ] GC(954) Concurrent Mark From Roots
[3839.974s][info][gc,task        ] GC(954) Using 2 workers of 2 for marking
.[3840.935s][info][gc,marking     ] GC(954) Concurrent Mark From Roots 961.265ms
[3840.935s][info][gc,marking     ] GC(954) Concurrent Preclean
[3840.936s][info][gc,marking     ] GC(954) Concurrent Preclean 0.141ms
[3840.936s][info][gc,start       ] GC(954) Pause Remark
[3840.942s][info][gc             ] GC(954) Pause Remark 2432M->2432M(4096M) 6.570ms
[3840.942s][info][gc,cpu         ] GC(954) User=0.04s Sys=0.00s Real=0.00s
[3840.942s][info][gc,marking     ] GC(954) Concurrent Mark 968.300ms
[3840.942s][info][gc,marking     ] GC(954) Concurrent Rebuild Remembered Sets and Scrub Regions
[3841.194s][info][gc,marking     ] GC(954) Concurrent Rebuild Remembered Sets and Scrub Regions 251.533ms
[3841.194s][info][gc,start       ] GC(954) Pause Cleanup
[3841.194s][info][gc             ] GC(954) Pause Cleanup 2625M->2625M(4096M) 0.122ms
[3841.194s][info][gc,cpu         ] GC(954) User=0.00s Sys=0.00s Real=0.00s
[3841.195s][info][gc,marking     ] GC(954) Concurrent Clear Claimed Marks
[3841.195s][info][gc,marking     ] GC(954) Concurrent Clear Claimed Marks 0.040ms
[3841.195s][info][gc,marking     ] GC(954) Concurrent Cleanup for Next Mark
[3841.199s][info][gc,marking     ] GC(954) Concurrent Cleanup for Next Mark 3.609ms
[3841.199s][info][gc             ] GC(954) Concurrent Mark Cycle 1436.388ms
.[3842.388s][info][gc,start       ] GC(955) Pause Young (Prepare Mixed) (G1 Evacuation Pause)
[3842.388s][info][gc,task        ] GC(955) Using 6 workers of 6 for evacuation
[3842.511s][info][gc,phases      ] GC(955)   Pre Evacuate Collection Set: 0.32ms
[3842.511s][info][gc,phases      ] GC(955)   Merge Heap Roots: 0.53ms
[3842.511s][info][gc,phases      ] GC(955)   Evacuate Collection Set: 121.11ms
[3842.511s][info][gc,phases      ] GC(955)   Post Evacuate Collection Set: 0.91ms
[3842.511s][info][gc,phases      ] GC(955)   Other: 0.08ms
[3842.511s][info][gc,heap        ] GC(955) Eden regions: 1119->0(1100)
[3842.511s][info][gc,heap        ] GC(955) Survivor regions: 109->114(154)
[3842.511s][info][gc,heap        ] GC(955) Old regions: 505->537
[3842.511s][info][gc,heap        ] GC(955) Humongous regions: 80->80
[3842.511s][info][gc,metaspace   ] GC(955) Metaspace: 28911K(29312K)->28911K(29312K) NonClass: 24043K(24256K)->24043K(24256K) Class: 4868K(5056K)->4868K(5056K)
[3842.511s][info][gc             ] GC(955) Pause Young (Prepare Mixed) (G1 Evacuation Pause) 3624M->1461M(4096M) 123.102ms
[3842.511s][info][gc,cpu         ] GC(955) User=0.73s Sys=0.00s Real=0.12s
.. (rIR:aIR:PR = 6780:6788:6788) (tPR = 100422) [OK] 
  3843s: Performance info:
         Transaction,    Success,    Partial,     Failed,   Receipts, AvgBarcode, 
             Overall,     412304,          0,          0,     391703,      59.47, 
         Response times:
             Request,    Success,    Partial,     Failed,   SkipFail,     Probes,    Samples,      min,      p50,      p90,      p95,      p99,      max, 
       TotalPurchase,     391712,          0,          0,          0,     364796,     484056,      300,     6000,    37000,    67000,   124000,   337000,
     InStorePurchase,     206625,          0,          0,          0,     191653,     253999,      300,     6100,    37000,    68000,   124000,   337000,
      OnlinePurchase,     143877,          0,          0,          0,     134246,     178112,      300,     6000,    37000,    67000,   124000,   266000,
        InstPurchase,      41210,          0,          0,          0,      38897,      51945,      400,     6100,    38000,    68000,   125000,   312000,
          AssocOfCat,        413,          0,          0,          0,        330,        508,    28000,    43000,   111300,   151550,   185730,   250000,
      AssocOfProduct,       4123,          0,          0,          0,       3820,       5349,     1200,     7900,    48000,    81000,   130500,   181000,
      BusinessReport,       1028,          0,          0,          0,        889,       1306,    23000,    46000,    91000,   127300,   210000,   271000,
          CustBuyBeh,       4120,          0,          0,          0,       3838,       5365,      800,     6500,    40000,    69000,   125000,   212000,
       ProductReturn,      10935,          0,          0,          0,      10389,      14241,      200,     4400,    29000,    57000,   115580,   179000,

  3843s: (50%)   IR =   6918 .[3845.196s][info][gc,start       ] GC(956) Pause Young (Mixed) (G1 Evacuation Pause)
[3845.196s][info][gc,task        ] GC(956) Using 6 workers of 6 for evacuation
[3845.333s][info][gc,phases      ] GC(956)   Pre Evacuate Collection Set: 0.36ms
[3845.333s][info][gc,phases      ] GC(956)   Merge Heap Roots: 0.67ms
[3845.333s][info][gc,phases      ] GC(956)   Evacuate Collection Set: 134.72ms
[3845.333s][info][gc,phases      ] GC(956)   Post Evacuate Collection Set: 1.01ms
[3845.333s][info][gc,phases      ] GC(956)   Other: 0.09ms
[3845.333s][info][gc,heap        ] GC(956) Eden regions: 1100->0(1116)
[3845.333s][info][gc,heap        ] GC(956) Survivor regions: 114->112(152)
[3845.333s][info][gc,heap        ] GC(956) Old regions: 537->474
[3845.333s][info][gc,heap        ] GC(956) Humongous regions: 80->80
[3845.333s][info][gc,metaspace   ] GC(956) Metaspace: 28911K(29312K)->28911K(29312K) NonClass: 24043K(24256K)->24043K(24256K) Class: 4868K(5056K)->4868K(5056K)
[3845.333s][info][gc             ] GC(956) Pause Young (Mixed) (G1 Evacuation Pause) 3661M->1331M(4096M) 136.992ms
[3845.333s][info][gc,cpu         ] GC(956) User=0.81s Sys=0.00s Real=0.14s
...|[3847.899s][info][gc,start       ] GC(957) Pause Young (Concurrent Start) (G1 Evacuation Pause)
[3847.899s][info][gc,task        ] GC(957) Using 6 workers of 6 for evacuation
[3848.019s][info][gc,phases      ] GC(957)   Pre Evacuate Collection Set: 0.36ms
[3848.019s][info][gc,phases      ] GC(957)   Merge Heap Roots: 0.48ms
[3848.019s][info][gc,phases      ] GC(957)   Evacuate Collection Set: 117.98ms
[3848.019s][info][gc,phases      ] GC(957)   Post Evacuate Collection Set: 0.88ms
[3848.019s][info][gc,phases      ] GC(957)   Other: 0.13ms
[3848.019s][info][gc,heap        ] GC(957) Eden regions: 1116->0(1118)
[3848.019s][info][gc,heap        ] GC(957) Survivor regions: 112->110(154)
[3848.019s][info][gc,heap        ] GC(957) Old regions: 474->506
[3848.019s][info][gc,heap        ] GC(957) Humongous regions: 80->80
[3848.019s][info][gc,metaspace   ] GC(957) Metaspace: 28911K(29312K)->28911K(29312K) NonClass: 24043K(24256K)->24043K(24256K) Class: 4868K(5056K)->4868K(5056K)
[3848.019s][info][gc             ] GC(957) Pause Young (Concurrent Start) (G1 Evacuation Pause) 3563M->1390M(4096M) 119.963ms
[3848.019s][info][gc             ] GC(958) Concurrent Mark Cycle
[3848.019s][info][gc,marking     ] GC(958) Concurrent Scan Root Regions
[3848.019s][info][gc,cpu         ] GC(957) User=0.71s Sys=0.00s Real=0.12s
[3848.195s][info][gc,marking     ] GC(958) Concurrent Scan Root Regions 176.331ms
[3848.195s][info][gc,marking     ] GC(958) Concurrent Mark
[3848.195s][info][gc,marking     ] GC(958) Concurrent Mark From Roots
[3848.195s][info][gc,task        ] GC(958) Using 2 workers of 2 for marking
.[3849.158s][info][gc,marking     ] GC(958) Concurrent Mark From Roots 962.657ms
[3849.158s][info][gc,marking     ] GC(958) Concurrent Preclean
[3849.158s][info][gc,marking     ] GC(958) Concurrent Preclean 0.145ms
[3849.159s][info][gc,start       ] GC(958) Pause Remark
[3849.166s][info][gc             ] GC(958) Pause Remark 2386M->2386M(4096M) 6.970ms
[3849.166s][info][gc,cpu         ] GC(958) User=0.03s Sys=0.00s Real=0.01s
[3849.166s][info][gc,marking     ] GC(958) Concurrent Mark 970.816ms
[3849.166s][info][gc,marking     ] GC(958) Concurrent Rebuild Remembered Sets and Scrub Regions
[3849.438s][info][gc,marking     ] GC(958) Concurrent Rebuild Remembered Sets and Scrub Regions 272.055ms
[3849.438s][info][gc,start       ] GC(958) Pause Cleanup
[3849.438s][info][gc             ] GC(958) Pause Cleanup 2602M->2602M(4096M) 0.124ms
[3849.438s][info][gc,cpu         ] GC(958) User=0.00s Sys=0.00s Real=0.00s
[3849.438s][info][gc,marking     ] GC(958) Concurrent Clear Claimed Marks
[3849.438s][info][gc,marking     ] GC(958) Concurrent Clear Claimed Marks 0.026ms
[3849.438s][info][gc,marking     ] GC(958) Concurrent Cleanup for Next Mark
[3849.444s][info][gc,marking     ] GC(958) Concurrent Cleanup for Next Mark 5.651ms
[3849.444s][info][gc             ] GC(958) Concurrent Mark Cycle 1425.441ms
..[3850.670s][info][gc,start       ] GC(959) Pause Young (Prepare Mixed) (G1 Evacuation Pause)
[3850.670s][info][gc,task        ] GC(959) Using 6 workers of 6 for evacuation
[3850.790s][info][gc,phases      ] GC(959)   Pre Evacuate Collection Set: 0.36ms
[3850.790s][info][gc,phases      ] GC(959)   Merge Heap Roots: 0.55ms
[3850.790s][info][gc,phases      ] GC(959)   Evacuate Collection Set: 118.16ms
[3850.790s][info][gc,phases      ] GC(959)   Post Evacuate Collection Set: 0.92ms
[3850.790s][info][gc,phases      ] GC(959)   Other: 0.10ms
[3850.790s][info][gc,heap        ] GC(959) Eden regions: 1118->0(1111)
[3850.790s][info][gc,heap        ] GC(959) Survivor regions: 110->108(154)
[3850.790s][info][gc,heap        ] GC(959) Old regions: 506->538
[3850.790s][info][gc,heap        ] GC(959) Humongous regions: 80->80
[3850.790s][info][gc,metaspace   ] GC(959) Metaspace: 28911K(29312K)->28911K(29312K) NonClass: 24043K(24256K)->24043K(24256K) Class: 4868K(5056K)->4868K(5056K)
[3850.790s][info][gc             ] GC(959) Pause Young (Prepare Mixed) (G1 Evacuation Pause) 3626M->1450M(4096M) 120.226ms
[3850.790s][info][gc,cpu         ] GC(959) User=0.71s Sys=0.00s Real=0.12s
..[3853.413s][info][gc,start       ] GC(960) Pause Young (Mixed) (G1 Evacuation Pause)
[3853.413s][info][gc,task        ] GC(960) Using 6 workers of 6 for evacuation
[3853.552s][info][gc,phases      ] GC(960)   Pre Evacuate Collection Set: 0.40ms
[3853.552s][info][gc,phases      ] GC(960)   Merge Heap Roots: 0.75ms
[3853.552s][info][gc,phases      ] GC(960)   Evacuate Collection Set: 136.47ms
[3853.552s][info][gc,phases      ] GC(960)   Post Evacuate Collection Set: 0.95ms
[3853.552s][info][gc,phases      ] GC(960)   Other: 0.10ms
[3853.552s][info][gc,heap        ] GC(960) Eden regions: 1111->0(1113)
[3853.552s][info][gc,heap        ] GC(960) Survivor regions: 108->115(153)
[3853.552s][info][gc,heap        ] GC(960) Old regions: 538->474
[3853.552s][info][gc,heap        ] GC(960) Humongous regions: 80->80
[3853.552s][info][gc,metaspace   ] GC(960) Metaspace: 28911K(29312K)->28911K(29312K) NonClass: 24043K(24256K)->24043K(24256K) Class: 4868K(5056K)->4868K(5056K)
[3853.552s][info][gc             ] GC(960) Pause Young (Mixed) (G1 Evacuation Pause) 3672M->1337M(4096M) 138.802ms
[3853.552s][info][gc,cpu         ] GC(960) User=0.82s Sys=0.00s Real=0.14s
...[3856.102s][info][gc,start       ] GC(961) Pause Young (Concurrent Start) (G1 Evacuation Pause)
[3856.102s][info][gc,task        ] GC(961) Using 6 workers of 6 for evacuation
[3856.223s][info][gc,phases      ] GC(961)   Pre Evacuate Collection Set: 0.38ms
[3856.223s][info][gc,phases      ] GC(961)   Merge Heap Roots: 0.49ms
[3856.223s][info][gc,phases      ] GC(961)   Evacuate Collection Set: 118.80ms
[3856.223s][info][gc,phases      ] GC(961)   Post Evacuate Collection Set: 0.87ms
[3856.223s][info][gc,phases      ] GC(961)   Other: 0.11ms
[3856.223s][info][gc,heap        ] GC(961) Eden regions: 1113->0(1116)
[3856.223s][info][gc,heap        ] GC(961) Survivor regions: 115->112(154)
[3856.223s][info][gc,heap        ] GC(961) Old regions: 474->506
[3856.223s][info][gc,heap        ] GC(961) Humongous regions: 80->80
[3856.223s][info][gc,metaspace   ] GC(961) Metaspace: 28911K(29312K)->28911K(29312K) NonClass: 24043K(24256K)->24043K(24256K) Class: 4868K(5056K)->4868K(5056K)
[3856.223s][info][gc             ] GC(961) Pause Young (Concurrent Start) (G1 Evacuation Pause) 3563M->1393M(4096M) 120.795ms
[3856.223s][info][gc             ] GC(962) Concurrent Mark Cycle
[3856.223s][info][gc,marking     ] GC(962) Concurrent Scan Root Regions
[3856.223s][info][gc,cpu         ] GC(961) User=0.72s Sys=0.01s Real=0.12s
[3856.399s][info][gc,marking     ] GC(962) Concurrent Scan Root Regions 176.444ms
[3856.399s][info][gc,marking     ] GC(962) Concurrent Mark
[3856.399s][info][gc,marking     ] GC(962) Concurrent Mark From Roots
[3856.399s][info][gc,task        ] GC(962) Using 2 workers of 2 for marking
.[3857.358s][info][gc,marking     ] GC(962) Concurrent Mark From Roots 958.337ms
[3857.358s][info][gc,marking     ] GC(962) Concurrent Preclean
[3857.358s][info][gc,marking     ] GC(962) Concurrent Preclean 0.108ms
[3857.359s][info][gc,start       ] GC(962) Pause Remark
[3857.366s][info][gc             ] GC(962) Pause Remark 2395M->2395M(4096M) 6.555ms
[3857.366s][info][gc,cpu         ] GC(962) User=0.04s Sys=0.00s Real=0.01s
[3857.367s][info][gc,marking     ] GC(962) Concurrent Mark 967.376ms
[3857.367s][info][gc,marking     ] GC(962) Concurrent Rebuild Remembered Sets and Scrub Regions
.[3857.771s][info][gc,marking     ] GC(962) Concurrent Rebuild Remembered Sets and Scrub Regions 404.028ms
[3857.771s][info][gc,start       ] GC(962) Pause Cleanup
[3857.771s][info][gc             ] GC(962) Pause Cleanup 2753M->2753M(4096M) 0.121ms
[3857.771s][info][gc,cpu         ] GC(962) User=0.00s Sys=0.00s Real=0.00s
[3857.772s][info][gc,marking     ] GC(962) Concurrent Clear Claimed Marks
[3857.772s][info][gc,marking     ] GC(962) Concurrent Clear Claimed Marks 0.033ms
[3857.772s][info][gc,marking     ] GC(962) Concurrent Cleanup for Next Mark
[3857.777s][info][gc,marking     ] GC(962) Concurrent Cleanup for Next Mark 4.722ms
[3857.777s][info][gc             ] GC(962) Concurrent Mark Cycle 1553.755ms
.[3858.884s][info][gc,start       ] GC(963) Pause Young (Prepare Mixed) (G1 Evacuation Pause)
[3858.884s][info][gc,task        ] GC(963) Using 6 workers of 6 for evacuation
[3859.000s][info][gc,phases      ] GC(963)   Pre Evacuate Collection Set: 0.35ms
[3859.000s][info][gc,phases      ] GC(963)   Merge Heap Roots: 0.49ms
[3859.000s][info][gc,phases      ] GC(963)   Evacuate Collection Set: 114.81ms
[3859.000s][info][gc,phases      ] GC(963)   Post Evacuate Collection Set: 0.90ms
[3859.000s][info][gc,phases      ] GC(963)   Other: 0.09ms
[3859.000s][info][gc,heap        ] GC(963) Eden regions: 1116->0(1109)
[3859.000s][info][gc,heap        ] GC(963) Survivor regions: 112->109(154)
[3859.000s][info][gc,heap        ] GC(963) Old regions: 506->538
[3859.000s][info][gc,heap        ] GC(963) Humongous regions: 80->80
[3859.000s][info][gc,metaspace   ] GC(963) Metaspace: 28911K(29312K)->28911K(29312K) NonClass: 24043K(24256K)->24043K(24256K) Class: 4868K(5056K)->4868K(5056K)
[3859.000s][info][gc             ] GC(963) Pause Young (Prepare Mixed) (G1 Evacuation Pause) 3625M->1452M(4096M) 116.762ms
[3859.000s][info][gc,cpu         ] GC(963) User=0.69s Sys=0.00s Real=0.11s
..[3861.550s][info][gc,start       ] GC(964) Pause Young (Mixed) (G1 Evacuation Pause)
[3861.550s][info][gc,task        ] GC(964) Using 6 workers of 6 for evacuation
[3861.687s][info][gc,phases      ] GC(964)   Pre Evacuate Collection Set: 0.41ms
[3861.687s][info][gc,phases      ] GC(964)   Merge Heap Roots: 0.84ms
[3861.687s][info][gc,phases      ] GC(964)   Evacuate Collection Set: 134.28ms
[3861.687s][info][gc,phases      ] GC(964)   Post Evacuate Collection Set: 0.99ms
[3861.687s][info][gc,phases      ] GC(964)   Other: 0.09ms
[3861.687s][info][gc,heap        ] GC(964) Eden regions: 1109->0(1116)
[3861.687s][info][gc,heap        ] GC(964) Survivor regions: 109->112(153)
[3861.687s][info][gc,heap        ] GC(964) Old regions: 538->473
[3861.687s][info][gc,heap        ] GC(964) Humongous regions: 80->80
[3861.687s][info][gc,metaspace   ] GC(964) Metaspace: 28911K(29312K)->28911K(29312K) NonClass: 24043K(24256K)->24043K(24256K) Class: 4868K(5056K)->4868K(5056K)
[3861.687s][info][gc             ] GC(964) Pause Young (Mixed) (G1 Evacuation Pause) 3670M->1329M(4096M) 136.751ms
[3861.687s][info][gc,cpu         ] GC(964) User=0.80s Sys=0.00s Real=0.14s
...[3864.327s][info][gc,start       ] GC(965) Pause Young (Concurrent Start) (G1 Evacuation Pause)
[3864.327s][info][gc,task        ] GC(965) Using 6 workers of 6 for evacuation
[3864.444s][info][gc,phases      ] GC(965)   Pre Evacuate Collection Set: 0.39ms
[3864.444s][info][gc,phases      ] GC(965)   Merge Heap Roots: 0.49ms
[3864.444s][info][gc,phases      ] GC(965)   Evacuate Collection Set: 115.68ms
[3864.444s][info][gc,phases      ] GC(965)   Post Evacuate Collection Set: 0.88ms
[3864.444s][info][gc,phases      ] GC(965)   Other: 0.10ms
[3864.444s][info][gc,heap        ] GC(965) Eden regions: 1116->0(1118)
[3864.444s][info][gc,heap        ] GC(965) Survivor regions: 112->110(154)
[3864.444s][info][gc,heap        ] GC(965) Old regions: 473->505
[3864.444s][info][gc,heap        ] GC(965) Humongous regions: 80->80
[3864.444s][info][gc,metaspace   ] GC(965) Metaspace: 28911K(29312K)->28911K(29312K) NonClass: 24043K(24256K)->24043K(24256K) Class: 4868K(5056K)->4868K(5056K)
[3864.444s][info][gc             ] GC(965) Pause Young (Concurrent Start) (G1 Evacuation Pause) 3561M->1388M(4096M) 117.669ms
[3864.444s][info][gc             ] GC(966) Concurrent Mark Cycle
[3864.444s][info][gc,marking     ] GC(966) Concurrent Scan Root Regions
[3864.444s][info][gc,cpu         ] GC(965) User=0.69s Sys=0.00s Real=0.12s
[3864.625s][info][gc,marking     ] GC(966) Concurrent Scan Root Regions 180.106ms
[3864.625s][info][gc,marking     ] GC(966) Concurrent Mark
[3864.625s][info][gc,marking     ] GC(966) Concurrent Mark From Roots
[3864.625s][info][gc,task        ] GC(966) Using 2 workers of 2 for marking
.[3865.603s][info][gc,marking     ] GC(966) Concurrent Mark From Roots 977.974ms
[3865.603s][info][gc,marking     ] GC(966) Concurrent Preclean
[3865.603s][info][gc,marking     ] GC(966) Concurrent Preclean 0.082ms
[3865.603s][info][gc,start       ] GC(966) Pause Remark
[3865.610s][info][gc             ] GC(966) Pause Remark 2430M->2430M(4096M) 6.701ms
[3865.610s][info][gc,cpu         ] GC(966) User=0.04s Sys=0.00s Real=0.01s
[3865.610s][info][gc,marking     ] GC(966) Concurrent Mark 985.048ms
[3865.610s][info][gc,marking     ] GC(966) Concurrent Rebuild Remembered Sets and Scrub Regions
.[3865.956s][info][gc,marking     ] GC(966) Concurrent Rebuild Remembered Sets and Scrub Regions 346.456ms
[3865.958s][info][gc,start       ] GC(966) Pause Cleanup
[3865.958s][info][gc             ] GC(966) Pause Cleanup 2748M->2748M(4096M) 0.125ms
[3865.958s][info][gc,cpu         ] GC(966) User=0.00s Sys=0.00s Real=0.00s
[3865.958s][info][gc,marking     ] GC(966) Concurrent Clear Claimed Marks
[3865.958s][info][gc,marking     ] GC(966) Concurrent Clear Claimed Marks 0.027ms
[3865.958s][info][gc,marking     ] GC(966) Concurrent Cleanup for Next Mark
[3865.964s][info][gc,marking     ] GC(966) Concurrent Cleanup for Next Mark 5.677ms
[3865.964s][info][gc             ] GC(966) Concurrent Mark Cycle 1519.573ms
.[3866.990s][info][gc,start       ] GC(967) Pause Young (Prepare Mixed) (G1 Evacuation Pause)
[3866.990s][info][gc,task        ] GC(967) Using 6 workers of 6 for evacuation
[3867.107s][info][gc,phases      ] GC(967)   Pre Evacuate Collection Set: 0.32ms
[3867.107s][info][gc,phases      ] GC(967)   Merge Heap Roots: 0.51ms
[3867.107s][info][gc,phases      ] GC(967)   Evacuate Collection Set: 114.42ms
[3867.107s][info][gc,phases      ] GC(967)   Post Evacuate Collection Set: 0.92ms
[3867.107s][info][gc,phases      ] GC(967)   Other: 0.09ms
[3867.107s][info][gc,heap        ] GC(967) Eden regions: 1118->0(1113)
[3867.107s][info][gc,heap        ] GC(967) Survivor regions: 110->108(154)
[3867.107s][info][gc,heap        ] GC(967) Old regions: 505->536
[3867.107s][info][gc,heap        ] GC(967) Humongous regions: 80->80
[3867.107s][info][gc,metaspace   ] GC(967) Metaspace: 28911K(29312K)->28911K(29312K) NonClass: 24043K(24256K)->24043K(24256K) Class: 4868K(5056K)->4868K(5056K)
[3867.107s][info][gc             ] GC(967) Pause Young (Prepare Mixed) (G1 Evacuation Pause) 3624M->1447M(4096M) 116.384ms
[3867.107s][info][gc,cpu         ] GC(967) User=0.69s Sys=0.00s Real=0.12s
..[3869.739s][info][gc,start       ] GC(968) Pause Young (Mixed) (G1 Evacuation Pause)
[3869.739s][info][gc,task        ] GC(968) Using 6 workers of 6 for evacuation
[3869.881s][info][gc,phases      ] GC(968)   Pre Evacuate Collection Set: 0.38ms
[3869.881s][info][gc,phases      ] GC(968)   Merge Heap Roots: 0.73ms
[3869.881s][info][gc,phases      ] GC(968)   Evacuate Collection Set: 139.66ms
[3869.881s][info][gc,phases      ] GC(968)   Post Evacuate Collection Set: 0.94ms
[3869.881s][info][gc,phases      ] GC(968)   Other: 0.09ms
[3869.881s][info][gc,heap        ] GC(968) Eden regions: 1113->0(1112)
[3869.881s][info][gc,heap        ] GC(968) Survivor regions: 108->116(153)
[3869.881s][info][gc,heap        ] GC(968) Old regions: 536->472
[3869.881s][info][gc,heap        ] GC(968) Humongous regions: 80->80
[3869.881s][info][gc,metaspace   ] GC(968) Metaspace: 28911K(29312K)->28911K(29312K) NonClass: 24043K(24256K)->24043K(24256K) Class: 4868K(5056K)->4868K(5056K)
[3869.881s][info][gc             ] GC(968) Pause Young (Mixed) (G1 Evacuation Pause) 3673M->1335M(4096M) 141.922ms
[3869.881s][info][gc,cpu         ] GC(968) User=0.84s Sys=0.00s Real=0.14s
...[3872.464s][info][gc,start       ] GC(969) Pause Young (Concurrent Start) (G1 Evacuation Pause)
[3872.464s][info][gc,task        ] GC(969) Using 6 workers of 6 for evacuation
[3872.582s][info][gc,phases      ] GC(969)   Pre Evacuate Collection Set: 0.38ms
[3872.582s][info][gc,phases      ] GC(969)   Merge Heap Roots: 0.53ms
[3872.582s][info][gc,phases      ] GC(969)   Evacuate Collection Set: 115.45ms
[3872.582s][info][gc,phases      ] GC(969)   Post Evacuate Collection Set: 0.89ms
[3872.582s][info][gc,phases      ] GC(969)   Other: 0.11ms
[3872.582s][info][gc,heap        ] GC(969) Eden regions: 1112->0(1116)
[3872.582s][info][gc,heap        ] GC(969) Survivor regions: 116->112(154)
[3872.582s][info][gc,heap        ] GC(969) Old regions: 472->503
[3872.582s][info][gc,heap        ] GC(969) Humongous regions: 80->80
[3872.582s][info][gc,metaspace   ] GC(969) Metaspace: 28911K(29312K)->28911K(29312K) NonClass: 24043K(24256K)->24043K(24256K) Class: 4868K(5056K)->4868K(5056K)
[3872.582s][info][gc             ] GC(969) Pause Young (Concurrent Start) (G1 Evacuation Pause) 3559M->1388M(4096M) 117.508ms
[3872.582s][info][gc             ] GC(970) Concurrent Mark Cycle
[3872.582s][info][gc,marking     ] GC(970) Concurrent Scan Root Regions
[3872.582s][info][gc,cpu         ] GC(969) User=0.70s Sys=0.00s Real=0.11s
[3872.719s][info][gc,marking     ] GC(970) Concurrent Scan Root Regions 136.639ms
[3872.719s][info][gc,marking     ] GC(970) Concurrent Mark
[3872.719s][info][gc,marking     ] GC(970) Concurrent Mark From Roots
[3872.719s][info][gc,task        ] GC(970) Using 2 workers of 2 for marking
.[3873.439s][info][gc,marking     ] GC(970) Concurrent Mark From Roots 720.005ms
[3873.439s][info][gc,marking     ] GC(970) Concurrent Preclean
[3873.439s][info][gc,marking     ] GC(970) Concurrent Preclean 0.101ms
[3873.440s][info][gc,start       ] GC(970) Pause Remark
[3873.445s][info][gc             ] GC(970) Pause Remark 2082M->2082M(4096M) 4.683ms
[3873.445s][info][gc,cpu         ] GC(970) User=0.03s Sys=0.00s Real=0.01s
[3873.445s][info][gc,marking     ] GC(970) Concurrent Mark 726.118ms
[3873.445s][info][gc,marking     ] GC(970) Concurrent Rebuild Remembered Sets and Scrub Regions
[3873.719s][info][gc,marking     ] GC(970) Concurrent Rebuild Remembered Sets and Scrub Regions 274.007ms
[3873.720s][info][gc,start       ] GC(970) Pause Cleanup
[3873.720s][info][gc             ] GC(970) Pause Cleanup 2344M->2344M(4096M) 0.125ms
[3873.720s][info][gc,cpu         ] GC(970) User=0.00s Sys=0.00s Real=0.00s
[3873.720s][info][gc,marking     ] GC(970) Concurrent Clear Claimed Marks
[3873.720s][info][gc,marking     ] GC(970) Concurrent Clear Claimed Marks 0.035ms
[3873.720s][info][gc,marking     ] GC(970) Concurrent Cleanup for Next Mark
[3873.727s][info][gc,marking     ] GC(970) Concurrent Cleanup for Next Mark 6.617ms
[3873.727s][info][gc             ] GC(970) Concurrent Mark Cycle 1145.225ms
..[3875.236s][info][gc,start       ] GC(971) Pause Young (Prepare Mixed) (G1 Evacuation Pause)
[3875.236s][info][gc,task        ] GC(971) Using 6 workers of 6 for evacuation
[3875.360s][info][gc,phases      ] GC(971)   Pre Evacuate Collection Set: 0.35ms
[3875.360s][info][gc,phases      ] GC(971)   Merge Heap Roots: 0.51ms
[3875.360s][info][gc,phases      ] GC(971)   Evacuate Collection Set: 122.53ms
[3875.360s][info][gc,phases      ] GC(971)   Post Evacuate Collection Set: 0.93ms
[3875.360s][info][gc,phases      ] GC(971)   Other: 0.09ms
[3875.360s][info][gc,heap        ] GC(971) Eden regions: 1116->0(1102)
[3875.360s][info][gc,heap        ] GC(971) Survivor regions: 112->114(154)
[3875.360s][info][gc,heap        ] GC(971) Old regions: 503->535
[3875.360s][info][gc,heap        ] GC(971) Humongous regions: 80->80
[3875.360s][info][gc,metaspace   ] GC(971) Metaspace: 28911K(29312K)->28911K(29312K) NonClass: 24043K(24256K)->24043K(24256K) Class: 4868K(5056K)->4868K(5056K)
[3875.360s][info][gc             ] GC(971) Pause Young (Prepare Mixed) (G1 Evacuation Pause) 3620M->1456M(4096M) 124.528ms
[3875.360s][info][gc,cpu         ] GC(971) User=0.74s Sys=0.00s Real=0.12s
...[3877.934s][info][gc,start       ] GC(972) Pause Young (Mixed) (G1 Evacuation Pause)
[3877.934s][info][gc,task        ] GC(972) Using 6 workers of 6 for evacuation
[3878.066s][info][gc,phases      ] GC(972)   Pre Evacuate Collection Set: 0.37ms
[3878.066s][info][gc,phases      ] GC(972)   Merge Heap Roots: 0.71ms
[3878.066s][info][gc,phases      ] GC(972)   Evacuate Collection Set: 129.85ms
[3878.066s][info][gc,phases      ] GC(972)   Post Evacuate Collection Set: 0.96ms
[3878.066s][info][gc,phases      ] GC(972)   Other: 0.09ms
[3878.066s][info][gc,heap        ] GC(972) Eden regions: 1102->0(1120)
[3878.066s][info][gc,heap        ] GC(972) Survivor regions: 114->108(152)
[3878.066s][info][gc,heap        ] GC(972) Old regions: 535->473
[3878.066s][info][gc,heap        ] GC(972) Humongous regions: 80->80
[3878.066s][info][gc,metaspace   ] GC(972) Metaspace: 28911K(29312K)->28911K(29312K) NonClass: 24043K(24256K)->24043K(24256K) Class: 4868K(5056K)->4868K(5056K)
[3878.066s][info][gc             ] GC(972) Pause Young (Mixed) (G1 Evacuation Pause) 3660M->1321M(4096M) 132.111ms
[3878.066s][info][gc,cpu         ] GC(972) User=0.78s Sys=0.00s Real=0.13s
..[3880.597s][info][gc,start       ] GC(973) Pause Young (Concurrent Start) (G1 Evacuation Pause)
[3880.597s][info][gc,task        ] GC(973) Using 6 workers of 6 for evacuation
[3880.721s][info][gc,phases      ] GC(973)   Pre Evacuate Collection Set: 0.39ms
[3880.721s][info][gc,phases      ] GC(973)   Merge Heap Roots: 0.54ms
[3880.721s][info][gc,phases      ] GC(973)   Evacuate Collection Set: 121.80ms
[3880.721s][info][gc,phases      ] GC(973)   Post Evacuate Collection Set: 0.96ms
[3880.721s][info][gc,phases      ] GC(973)   Other: 0.13ms
[3880.721s][info][gc,heap        ] GC(973) Eden regions: 1120->0(1114)
[3880.721s][info][gc,heap        ] GC(973) Survivor regions: 108->114(154)
[3880.721s][info][gc,heap        ] GC(973) Old regions: 473->506
[3880.721s][info][gc,heap        ] GC(973) Humongous regions: 80->80
[3880.721s][info][gc,metaspace   ] GC(973) Metaspace: 28911K(29312K)->28911K(29312K) NonClass: 24043K(24256K)->24043K(24256K) Class: 4868K(5056K)->4868K(5056K)
[3880.721s][info][gc             ] GC(973) Pause Young (Concurrent Start) (G1 Evacuation Pause) 3561M->1397M(4096M) 123.951ms
[3880.721s][info][gc             ] GC(974) Concurrent Mark Cycle
[3880.721s][info][gc,marking     ] GC(974) Concurrent Scan Root Regions
[3880.721s][info][gc,cpu         ] GC(973) User=0.73s Sys=0.00s Real=0.12s
[3880.879s][info][gc,marking     ] GC(974) Concurrent Scan Root Regions 157.430ms
[3880.879s][info][gc,marking     ] GC(974) Concurrent Mark
[3880.879s][info][gc,marking     ] GC(974) Concurrent Mark From Roots
[3880.879s][info][gc,task        ] GC(974) Using 2 workers of 2 for marking
.[3881.585s][info][gc,marking     ] GC(974) Concurrent Mark From Roots 706.565ms
[3881.585s][info][gc,marking     ] GC(974) Concurrent Preclean
[3881.586s][info][gc,marking     ] GC(974) Concurrent Preclean 0.134ms
[3881.588s][info][gc,start       ] GC(974) Pause Remark
[3881.593s][info][gc             ] GC(974) Pause Remark 2143M->2143M(4096M) 5.834ms
[3881.594s][info][gc,cpu         ] GC(974) User=0.03s Sys=0.00s Real=0.01s
[3881.595s][info][gc,marking     ] GC(974) Concurrent Mark 715.788ms
[3881.595s][info][gc,marking     ] GC(974) Concurrent Rebuild Remembered Sets and Scrub Regions
[3881.850s][info][gc,marking     ] GC(974) Concurrent Rebuild Remembered Sets and Scrub Regions 255.844ms
[3881.851s][info][gc,start       ] GC(974) Pause Cleanup
[3881.851s][info][gc             ] GC(974) Pause Cleanup 2334M->2334M(4096M) 0.111ms
[3881.851s][info][gc,cpu         ] GC(974) User=0.00s Sys=0.00s Real=0.00s
[3881.851s][info][gc,marking     ] GC(974) Concurrent Clear Claimed Marks
[3881.851s][info][gc,marking     ] GC(974) Concurrent Clear Claimed Marks 0.027ms
[3881.851s][info][gc,marking     ] GC(974) Concurrent Cleanup for Next Mark
[3881.855s][info][gc,marking     ] GC(974) Concurrent Cleanup for Next Mark 4.478ms
[3881.855s][info][gc             ] GC(974) Concurrent Mark Cycle 1134.037ms
..[3883.369s][info][gc,start       ] GC(975) Pause Young (Prepare Mixed) (G1 Evacuation Pause)
[3883.369s][info][gc,task        ] GC(975) Using 6 workers of 6 for evacuation
[3883.490s][info][gc,phases      ] GC(975)   Pre Evacuate Collection Set: 0.33ms
[3883.490s][info][gc,phases      ] GC(975)   Merge Heap Roots: 0.59ms
[3883.490s][info][gc,phases      ] GC(975)   Evacuate Collection Set: 118.94ms
[3883.490s][info][gc,phases      ] GC(975)   Post Evacuate Collection Set: 0.99ms
[3883.490s][info][gc,phases      ] GC(975)   Other: 0.09ms
[3883.490s][info][gc,heap        ] GC(975) Eden regions: 1114->0(1102)
[3883.490s][info][gc,heap        ] GC(975) Survivor regions: 114->113(154)
[3883.490s][info][gc,heap        ] GC(975) Old regions: 506->537
[3883.490s][info][gc,heap        ] GC(975) Humongous regions: 80->80
[3883.490s][info][gc,metaspace   ] GC(975) Metaspace: 28911K(29312K)->28911K(29312K) NonClass: 24043K(24256K)->24043K(24256K) Class: 4868K(5056K)->4868K(5056K)
[3883.490s][info][gc             ] GC(975) Pause Young (Prepare Mixed) (G1 Evacuation Pause) 3625M->1458M(4096M) 121.088ms
[3883.490s][info][gc,cpu         ] GC(975) User=0.71s Sys=0.00s Real=0.12s
...[3886.109s][info][gc,start       ] GC(976) Pause Young (Mixed) (G1 Evacuation Pause)
[3886.109s][info][gc,task        ] GC(976) Using 6 workers of 6 for evacuation
[3886.240s][info][gc,phases      ] GC(976)   Pre Evacuate Collection Set: 0.40ms
[3886.240s][info][gc,phases      ] GC(976)   Merge Heap Roots: 0.64ms
[3886.240s][info][gc,phases      ] GC(976)   Evacuate Collection Set: 128.72ms
[3886.240s][info][gc,phases      ] GC(976)   Post Evacuate Collection Set: 0.94ms
[3886.240s][info][gc,phases      ] GC(976)   Other: 0.09ms
[3886.240s][info][gc,heap        ] GC(976) Eden regions: 1102->0(1118)
[3886.240s][info][gc,heap        ] GC(976) Survivor regions: 113->110(152)
[3886.240s][info][gc,heap        ] GC(976) Old regions: 537->475
[3886.240s][info][gc,heap        ] GC(976) Humongous regions: 80->80
[3886.240s][info][gc,metaspace   ] GC(976) Metaspace: 28911K(29312K)->28911K(29312K) NonClass: 24043K(24256K)->24043K(24256K) Class: 4868K(5056K)->4868K(5056K)
[3886.240s][info][gc             ] GC(976) Pause Young (Mixed) (G1 Evacuation Pause) 3662M->1327M(4096M) 130.926ms
[3886.240s][info][gc,cpu         ] GC(976) User=0.77s Sys=0.00s Real=0.13s
..[3888.768s][info][gc,start       ] GC(977) Pause Young (Concurrent Start) (G1 Evacuation Pause)
[3888.768s][info][gc,task        ] GC(977) Using 6 workers of 6 for evacuation
[3888.886s][info][gc,phases      ] GC(977)   Pre Evacuate Collection Set: 0.39ms
[3888.886s][info][gc,phases      ] GC(977)   Merge Heap Roots: 0.52ms
[3888.886s][info][gc,phases      ] GC(977)   Evacuate Collection Set: 115.91ms
[3888.886s][info][gc,phases      ] GC(977)   Post Evacuate Collection Set: 0.89ms
[3888.886s][info][gc,phases      ] GC(977)   Other: 0.11ms
[3888.886s][info][gc,heap        ] GC(977) Eden regions: 1118->0(1118)
[3888.886s][info][gc,heap        ] GC(977) Survivor regions: 110->110(154)
[3888.886s][info][gc,heap        ] GC(977) Old regions: 475->506
[3888.886s][info][gc,heap        ] GC(977) Humongous regions: 80->80
[3888.886s][info][gc,metaspace   ] GC(977) Metaspace: 28911K(29312K)->28911K(29312K) NonClass: 24043K(24256K)->24043K(24256K) Class: 4868K(5056K)->4868K(5056K)
[3888.886s][info][gc             ] GC(977) Pause Young (Concurrent Start) (G1 Evacuation Pause) 3563M->1390M(4096M) 117.957ms
[3888.886s][info][gc             ] GC(978) Concurrent Mark Cycle
[3888.886s][info][gc,marking     ] GC(978) Concurrent Scan Root Regions
[3888.886s][info][gc,cpu         ] GC(977) User=0.70s Sys=0.00s Real=0.12s
.[3889.070s][info][gc,marking     ] GC(978) Concurrent Scan Root Regions 183.220ms
[3889.070s][info][gc,marking     ] GC(978) Concurrent Mark
[3889.070s][info][gc,marking     ] GC(978) Concurrent Mark From Roots
[3889.070s][info][gc,task        ] GC(978) Using 2 workers of 2 for marking
[3889.983s][info][gc,marking     ] GC(978) Concurrent Mark From Roots 913.513ms
[3889.983s][info][gc,marking     ] GC(978) Concurrent Preclean
[3889.983s][info][gc,marking     ] GC(978) Concurrent Preclean 0.079ms
[3889.983s][info][gc,start       ] GC(978) Pause Remark
[3889.990s][info][gc             ] GC(978) Pause Remark 2361M->2361M(4096M) 6.692ms
[3889.990s][info][gc,cpu         ] GC(978) User=0.04s Sys=0.00s Real=0.00s
[3889.990s][info][gc,marking     ] GC(978) Concurrent Mark 920.538ms
[3889.990s][info][gc,marking     ] GC(978) Concurrent Rebuild Remembered Sets and Scrub Regions
.[3890.324s][info][gc,marking     ] GC(978) Concurrent Rebuild Remembered Sets and Scrub Regions 333.783ms
[3890.324s][info][gc,start       ] GC(978) Pause Cleanup
[3890.324s][info][gc             ] GC(978) Pause Cleanup 2630M->2630M(4096M) 0.112ms
[3890.324s][info][gc,cpu         ] GC(978) User=0.00s Sys=0.00s Real=0.00s
[3890.324s][info][gc,marking     ] GC(978) Concurrent Clear Claimed Marks
[3890.324s][info][gc,marking     ] GC(978) Concurrent Clear Claimed Marks 0.034ms
[3890.325s][info][gc,marking     ] GC(978) Concurrent Cleanup for Next Mark
[3890.330s][info][gc,marking     ] GC(978) Concurrent Cleanup for Next Mark 5.003ms
[3890.330s][info][gc             ] GC(978) Concurrent Mark Cycle 1443.266ms
.[3891.575s][info][gc,start       ] GC(979) Pause Young (Prepare Mixed) (G1 Evacuation Pause)
[3891.575s][info][gc,task        ] GC(979) Using 6 workers of 6 for evacuation
[3891.696s][info][gc,phases      ] GC(979)   Pre Evacuate Collection Set: 0.33ms
[3891.696s][info][gc,phases      ] GC(979)   Merge Heap Roots: 0.49ms
[3891.696s][info][gc,phases      ] GC(979)   Evacuate Collection Set: 118.74ms
[3891.696s][info][gc,phases      ] GC(979)   Post Evacuate Collection Set: 0.92ms
[3891.696s][info][gc,phases      ] GC(979)   Other: 0.09ms
[3891.696s][info][gc,heap        ] GC(979) Eden regions: 1118->0(1103)
[3891.696s][info][gc,heap        ] GC(979) Survivor regions: 110->112(154)
[3891.696s][info][gc,heap        ] GC(979) Old regions: 506->538
[3891.696s][info][gc,heap        ] GC(979) Humongous regions: 80->80
[3891.696s][info][gc,metaspace   ] GC(979) Metaspace: 28911K(29312K)->28911K(29312K) NonClass: 24043K(24256K)->24043K(24256K) Class: 4868K(5056K)->4868K(5056K)
[3891.696s][info][gc             ] GC(979) Pause Young (Prepare Mixed) (G1 Evacuation Pause) 3626M->1458M(4096M) 120.710ms
[3891.696s][info][gc,cpu         ] GC(979) User=0.71s Sys=0.00s Real=0.12s
...[3894.248s][info][gc,start       ] GC(980) Pause Young (Mixed) (G1 Evacuation Pause)
[3894.248s][info][gc,task        ] GC(980) Using 6 workers of 6 for evacuation
[3894.382s][info][gc,phases      ] GC(980)   Pre Evacuate Collection Set: 0.38ms
[3894.382s][info][gc,phases      ] GC(980)   Merge Heap Roots: 0.79ms
[3894.382s][info][gc,phases      ] GC(980)   Evacuate Collection Set: 131.86ms
[3894.382s][info][gc,phases      ] GC(980)   Post Evacuate Collection Set: 0.95ms
[3894.382s][info][gc,phases      ] GC(980)   Other: 0.09ms
[3894.382s][info][gc,heap        ] GC(980) Eden regions: 1103->0(1118)
[3894.382s][info][gc,heap        ] GC(980) Survivor regions: 112->110(152)
[3894.382s][info][gc,heap        ] GC(980) Old regions: 538->474
[3894.382s][info][gc,heap        ] GC(980) Humongous regions: 80->80
[3894.382s][info][gc,metaspace   ] GC(980) Metaspace: 28911K(29312K)->28911K(29312K) NonClass: 24043K(24256K)->24043K(24256K) Class: 4868K(5056K)->4868K(5056K)
[3894.382s][info][gc             ] GC(980) Pause Young (Mixed) (G1 Evacuation Pause) 3664M->1325M(4096M) 134.195ms
[3894.382s][info][gc,cpu         ] GC(980) User=0.80s Sys=0.00s Real=0.13s
..[3897.022s][info][gc,start       ] GC(981) Pause Young (Concurrent Start) (G1 Evacuation Pause)
[3897.022s][info][gc,task        ] GC(981) Using 6 workers of 6 for evacuation
[3897.140s][info][gc,phases      ] GC(981)   Pre Evacuate Collection Set: 0.40ms
[3897.140s][info][gc,phases      ] GC(981)   Merge Heap Roots: 0.52ms
[3897.140s][info][gc,phases      ] GC(981)   Evacuate Collection Set: 116.04ms
[3897.140s][info][gc,phases      ] GC(981)   Post Evacuate Collection Set: 0.88ms
[3897.140s][info][gc,phases      ] GC(981)   Other: 0.12ms
[3897.140s][info][gc,heap        ] GC(981) Eden regions: 1118->0(1119)
[3897.140s][info][gc,heap        ] GC(981) Survivor regions: 110->109(154)
[3897.140s][info][gc,heap        ] GC(981) Old regions: 474->506
[3897.140s][info][gc,heap        ] GC(981) Humongous regions: 80->80
[3897.140s][info][gc,metaspace   ] GC(981) Metaspace: 28911K(29312K)->28911K(29312K) NonClass: 24043K(24256K)->24043K(24256K) Class: 4868K(5056K)->4868K(5056K)
[3897.140s][info][gc             ] GC(981) Pause Young (Concurrent Start) (G1 Evacuation Pause) 3561M->1388M(4096M) 118.103ms
[3897.140s][info][gc             ] GC(982) Concurrent Mark Cycle
[3897.140s][info][gc,marking     ] GC(982) Concurrent Scan Root Regions
[3897.140s][info][gc,cpu         ] GC(981) User=0.69s Sys=0.00s Real=0.12s
.[3897.302s][info][gc,marking     ] GC(982) Concurrent Scan Root Regions 161.777ms
[3897.302s][info][gc,marking     ] GC(982) Concurrent Mark
[3897.302s][info][gc,marking     ] GC(982) Concurrent Mark From Roots
[3897.302s][info][gc,task        ] GC(982) Using 2 workers of 2 for marking
[3898.006s][info][gc,marking     ] GC(982) Concurrent Mark From Roots 704.280ms
[3898.006s][info][gc,marking     ] GC(982) Concurrent Preclean
[3898.006s][info][gc,marking     ] GC(982) Concurrent Preclean 0.128ms
[3898.006s][info][gc,start       ] GC(982) Pause Remark
[3898.011s][info][gc             ] GC(982) Pause Remark 2139M->2139M(4096M) 4.948ms
[3898.011s][info][gc,cpu         ] GC(982) User=0.03s Sys=0.00s Real=0.00s
[3898.012s][info][gc,marking     ] GC(982) Concurrent Mark 710.305ms
[3898.012s][info][gc,marking     ] GC(982) Concurrent Rebuild Remembered Sets and Scrub Regions
[3898.281s][info][gc,marking     ] GC(982) Concurrent Rebuild Remembered Sets and Scrub Regions 268.682ms
[3898.286s][info][gc,start       ] GC(982) Pause Cleanup
[3898.286s][info][gc             ] GC(982) Pause Cleanup 2366M->2366M(4096M) 0.152ms
[3898.286s][info][gc,cpu         ] GC(982) User=0.00s Sys=0.00s Real=0.00s
[3898.286s][info][gc,marking     ] GC(982) Concurrent Clear Claimed Marks
[3898.286s][info][gc,marking     ] GC(982) Concurrent Clear Claimed Marks 0.044ms
[3898.286s][info][gc,marking     ] GC(982) Concurrent Cleanup for Next Mark
[3898.294s][info][gc,marking     ] GC(982) Concurrent Cleanup for Next Mark 7.774ms
[3898.294s][info][gc             ] GC(982) Concurrent Mark Cycle 1154.262ms
..[3899.758s][info][gc,start       ] GC(983) Pause Young (Prepare Mixed) (G1 Evacuation Pause)
[3899.758s][info][gc,task        ] GC(983) Using 6 workers of 6 for evacuation
[3899.881s][info][gc,phases      ] GC(983)   Pre Evacuate Collection Set: 0.34ms
[3899.881s][info][gc,phases      ] GC(983)   Merge Heap Roots: 0.64ms
[3899.881s][info][gc,phases      ] GC(983)   Evacuate Collection Set: 120.56ms
[3899.881s][info][gc,phases      ] GC(983)   Post Evacuate Collection Set: 0.92ms
[3899.881s][info][gc,phases      ] GC(983)   Other: 0.09ms
[3899.881s][info][gc,heap        ] GC(983) Eden regions: 1119->0(1104)
[3899.881s][info][gc,heap        ] GC(983) Survivor regions: 109->112(154)
[3899.881s][info][gc,heap        ] GC(983) Old regions: 506->537
[3899.881s][info][gc,heap        ] GC(983) Humongous regions: 80->80
[3899.881s][info][gc,metaspace   ] GC(983) Metaspace: 28911K(29312K)->28911K(29312K) NonClass: 24043K(24256K)->24043K(24256K) Class: 4868K(5056K)->4868K(5056K)
[3899.881s][info][gc             ] GC(983) Pause Young (Prepare Mixed) (G1 Evacuation Pause) 3626M->1457M(4096M) 122.679ms
[3899.881s][info][gc,cpu         ] GC(983) User=0.73s Sys=0.00s Real=0.12s
...[3902.462s][info][gc,start       ] GC(984) Pause Young (Mixed) (G1 Evacuation Pause)
[3902.462s][info][gc,task        ] GC(984) Using 6 workers of 6 for evacuation
[3902.597s][info][gc,phases      ] GC(984)   Pre Evacuate Collection Set: 0.40ms
[3902.597s][info][gc,phases      ] GC(984)   Merge Heap Roots: 0.73ms
[3902.597s][info][gc,phases      ] GC(984)   Evacuate Collection Set: 132.81ms
[3902.597s][info][gc,phases      ] GC(984)   Post Evacuate Collection Set: 0.96ms
[3902.597s][info][gc,phases      ] GC(984)   Other: 0.09ms
[3902.597s][info][gc,heap        ] GC(984) Eden regions: 1104->0(1116)
[3902.597s][info][gc,heap        ] GC(984) Survivor regions: 112->112(152)
[3902.597s][info][gc,heap        ] GC(984) Old regions: 537->474
[3902.597s][info][gc,heap        ] GC(984) Humongous regions: 80->80
[3902.597s][info][gc,metaspace   ] GC(984) Metaspace: 28911K(29312K)->28911K(29312K) NonClass: 24043K(24256K)->24043K(24256K) Class: 4868K(5056K)->4868K(5056K)
[3902.597s][info][gc             ] GC(984) Pause Young (Mixed) (G1 Evacuation Pause) 3665M->1329M(4096M) 135.133ms
[3902.597s][info][gc,cpu         ] GC(984) User=0.80s Sys=0.00s Real=0.14s
..[3905.201s][info][gc,start       ] GC(985) Pause Young (Concurrent Start) (G1 Evacuation Pause)
[3905.201s][info][gc,task        ] GC(985) Using 6 workers of 6 for evacuation
[3905.327s][info][gc,phases      ] GC(985)   Pre Evacuate Collection Set: 0.39ms
[3905.327s][info][gc,phases      ] GC(985)   Merge Heap Roots: 0.47ms
[3905.327s][info][gc,phases      ] GC(985)   Evacuate Collection Set: 124.18ms
[3905.327s][info][gc,phases      ] GC(985)   Post Evacuate Collection Set: 0.88ms
[3905.327s][info][gc,phases      ] GC(985)   Other: 0.10ms
[3905.327s][info][gc,heap        ] GC(985) Eden regions: 1116->0(1114)
[3905.327s][info][gc,heap        ] GC(985) Survivor regions: 112->114(154)
[3905.327s][info][gc,heap        ] GC(985) Old regions: 474->506
[3905.327s][info][gc,heap        ] GC(985) Humongous regions: 80->80
[3905.327s][info][gc,metaspace   ] GC(985) Metaspace: 28911K(29312K)->28911K(29312K) NonClass: 24043K(24256K)->24043K(24256K) Class: 4868K(5056K)->4868K(5056K)
[3905.327s][info][gc             ] GC(985) Pause Young (Concurrent Start) (G1 Evacuation Pause) 3561M->1397M(4096M) 126.148ms
[3905.327s][info][gc             ] GC(986) Concurrent Mark Cycle
[3905.327s][info][gc,marking     ] GC(986) Concurrent Scan Root Regions
[3905.327s][info][gc,cpu         ] GC(985) User=0.75s Sys=0.00s Real=0.13s
.[3905.469s][info][gc,marking     ] GC(986) Concurrent Scan Root Regions 141.671ms
[3905.469s][info][gc,marking     ] GC(986) Concurrent Mark
[3905.469s][info][gc,marking     ] GC(986) Concurrent Mark From Roots
[3905.469s][info][gc,task        ] GC(986) Using 2 workers of 2 for marking
[3906.176s][info][gc,marking     ] GC(986) Concurrent Mark From Roots 706.937ms
[3906.176s][info][gc,marking     ] GC(986) Concurrent Preclean
[3906.176s][info][gc,marking     ] GC(986) Concurrent Preclean 0.128ms
[3906.176s][info][gc,start       ] GC(986) Pause Remark
[3906.181s][info][gc             ] GC(986) Pause Remark 2140M->2140M(4096M) 4.607ms
[3906.181s][info][gc,cpu         ] GC(986) User=0.03s Sys=0.00s Real=0.00s
[3906.181s][info][gc,marking     ] GC(986) Concurrent Mark 712.040ms
[3906.181s][info][gc,marking     ] GC(986) Concurrent Rebuild Remembered Sets and Scrub Regions
.[3906.492s][info][gc,marking     ] GC(986) Concurrent Rebuild Remembered Sets and Scrub Regions 311.192ms
[3906.492s][info][gc,start       ] GC(986) Pause Cleanup
[3906.492s][info][gc             ] GC(986) Pause Cleanup 2381M->2381M(4096M) 0.115ms
[3906.492s][info][gc,cpu         ] GC(986) User=0.00s Sys=0.00s Real=0.00s
[3906.494s][info][gc,marking     ] GC(986) Concurrent Clear Claimed Marks
[3906.494s][info][gc,marking     ] GC(986) Concurrent Clear Claimed Marks 0.037ms
[3906.494s][info][gc,marking     ] GC(986) Concurrent Cleanup for Next Mark
[3906.501s][info][gc,marking     ] GC(986) Concurrent Cleanup for Next Mark 6.752ms
[3906.501s][info][gc             ] GC(986) Concurrent Mark Cycle 1174.073ms
.[3907.892s][info][gc,start       ] GC(987) Pause Young (Prepare Mixed) (G1 Evacuation Pause)
[3907.892s][info][gc,task        ] GC(987) Using 6 workers of 6 for evacuation
[3908.008s][info][gc,phases      ] GC(987)   Pre Evacuate Collection Set: 0.34ms
[3908.008s][info][gc,phases      ] GC(987)   Merge Heap Roots: 0.56ms
[3908.008s][info][gc,phases      ] GC(987)   Evacuate Collection Set: 113.87ms
[3908.008s][info][gc,phases      ] GC(987)   Post Evacuate Collection Set: 0.92ms
[3908.008s][info][gc,phases      ] GC(987)   Other: 0.10ms
[3908.008s][info][gc,heap        ] GC(987) Eden regions: 1114->0(1112)
[3908.008s][info][gc,heap        ] GC(987) Survivor regions: 114->108(154)
[3908.008s][info][gc,heap        ] GC(987) Old regions: 506->537
[3908.008s][info][gc,heap        ] GC(987) Humongous regions: 80->80
[3908.008s][info][gc,metaspace   ] GC(987) Metaspace: 28911K(29312K)->28911K(29312K) NonClass: 24043K(24256K)->24043K(24256K) Class: 4868K(5056K)->4868K(5056K)
[3908.008s][info][gc             ] GC(987) Pause Young (Prepare Mixed) (G1 Evacuation Pause) 3625M->1449M(4096M) 115.949ms
[3908.008s][info][gc,cpu         ] GC(987) User=0.68s Sys=0.00s Real=0.12s
. (rIR:aIR:PR = 6918:6920:6920) (tPR = 102882) [OK] 
  3908s: Performance info:
         Transaction,    Success,    Partial,     Failed,   Receipts, AvgBarcode, 
             Overall,     421003,          0,          0,     399951,      59.48, 
         Response times:
             Request,    Success,    Partial,     Failed,   SkipFail,     Probes,    Samples,      min,      p50,      p90,      p95,      p99,      max, 
       TotalPurchase,     399952,          0,          0,          0,     360795,     390166,      300,     6400,    42000,    72000,   136000,   284000,
     InStorePurchase,     210397,          0,          0,          0,     190290,     205553,      300,     6300,    41000,    73000,   137000,   279000,
      OnlinePurchase,     147436,          0,          0,          0,     132270,     143001,      300,     6300,    42000,    72000,   134000,   284000,
        InstPurchase,      42119,          0,          0,          0,      38235,      41612,      300,     6500,    40000,    72000,   136000,   259000,
          AssocOfCat,        416,          0,          0,          0,        330,        441,    19200,    38000,    66600,    90900,   239880,   320000,
      AssocOfProduct,       4209,          0,          0,          0,       3911,       4419,      600,     7100,    42000,    71000,   123800,   270000,
      BusinessReport,       1055,          0,          0,          0,        925,       1123,    26000,    44000,    81000,   110600,   193040,   339000,
          CustBuyBeh,       4211,          0,          0,          0,       3983,       4539,      200,     4200,    38000,    63000,   122600,   237000,
       ProductReturn,      11162,          0,          0,          0,       9461,      10427,      300,     5900,    41000,    71000,   126000,   259000,

  3908s: (51%)   IR =   7057 ..[3910.586s][info][gc,start       ] GC(988) Pause Young (Mixed) (G1 Evacuation Pause)
[3910.586s][info][gc,task        ] GC(988) Using 6 workers of 6 for evacuation
[3910.721s][info][gc,phases      ] GC(988)   Pre Evacuate Collection Set: 0.37ms
[3910.721s][info][gc,phases      ] GC(988)   Merge Heap Roots: 0.75ms
[3910.721s][info][gc,phases      ] GC(988)   Evacuate Collection Set: 133.30ms
[3910.721s][info][gc,phases      ] GC(988)   Post Evacuate Collection Set: 1.01ms
[3910.721s][info][gc,phases      ] GC(988)   Other: 0.09ms
[3910.721s][info][gc,heap        ] GC(988) Eden regions: 1112->0(1116)
[3910.721s][info][gc,heap        ] GC(988) Survivor regions: 108->112(153)
[3910.721s][info][gc,heap        ] GC(988) Old regions: 537->473
[3910.721s][info][gc,heap        ] GC(988) Humongous regions: 80->80
[3910.721s][info][gc,metaspace   ] GC(988) Metaspace: 28911K(29312K)->28911K(29312K) NonClass: 24043K(24256K)->24043K(24256K) Class: 4868K(5056K)->4868K(5056K)
[3910.721s][info][gc             ] GC(988) Pause Young (Mixed) (G1 Evacuation Pause) 3673M->1327M(4096M) 135.653ms
[3910.721s][info][gc,cpu         ] GC(988) User=0.81s Sys=0.00s Real=0.13s
..[3913.324s][info][gc,start       ] GC(989) Pause Young (Concurrent Start) (G1 Evacuation Pause)
[3913.324s][info][gc,task        ] GC(989) Using 6 workers of 6 for evacuation
[3913.442s][info][gc,phases      ] GC(989)   Pre Evacuate Collection Set: 0.41ms
[3913.442s][info][gc,phases      ] GC(989)   Merge Heap Roots: 0.54ms
[3913.442s][info][gc,phases      ] GC(989)   Evacuate Collection Set: 115.94ms
[3913.442s][info][gc,phases      ] GC(989)   Post Evacuate Collection Set: 0.93ms
[3913.442s][info][gc,phases      ] GC(989)   Other: 0.14ms
[3913.442s][info][gc,heap        ] GC(989) Eden regions: 1116->0(1117)
[3913.442s][info][gc,heap        ] GC(989) Survivor regions: 112->111(154)
[3913.442s][info][gc,heap        ] GC(989) Old regions: 473->504
[3913.442s][info][gc,heap        ] GC(989) Humongous regions: 80->80
[3913.442s][info][gc,metaspace   ] GC(989) Metaspace: 28911K(29312K)->28911K(29312K) NonClass: 24043K(24256K)->24043K(24256K) Class: 4868K(5056K)->4868K(5056K)
[3913.442s][info][gc             ] GC(989) Pause Young (Concurrent Start) (G1 Evacuation Pause) 3559M->1388M(4096M) 118.116ms
[3913.442s][info][gc             ] GC(990) Concurrent Mark Cycle
[3913.442s][info][gc,marking     ] GC(990) Concurrent Scan Root Regions
[3913.442s][info][gc,cpu         ] GC(989) User=0.69s Sys=0.00s Real=0.11s
.[3913.623s][info][gc,marking     ] GC(990) Concurrent Scan Root Regions 180.801ms
[3913.623s][info][gc,marking     ] GC(990) Concurrent Mark
[3913.623s][info][gc,marking     ] GC(990) Concurrent Mark From Roots
[3913.623s][info][gc,task        ] GC(990) Using 2 workers of 2 for marking
.[3914.624s][info][gc,marking     ] GC(990) Concurrent Mark From Roots 1000.882ms
[3914.624s][info][gc,marking     ] GC(990) Concurrent Preclean
[3914.624s][info][gc,marking     ] GC(990) Concurrent Preclean 0.117ms
[3914.626s][info][gc,start       ] GC(990) Pause Remark
[3914.632s][info][gc             ] GC(990) Pause Remark 2424M->2424M(4096M) 6.062ms
[3914.632s][info][gc,cpu         ] GC(990) User=0.03s Sys=0.00s Real=0.00s
[3914.632s][info][gc,marking     ] GC(990) Concurrent Mark 1009.131ms
[3914.632s][info][gc,marking     ] GC(990) Concurrent Rebuild Remembered Sets and Scrub Regions
[3914.966s][info][gc,marking     ] GC(990) Concurrent Rebuild Remembered Sets and Scrub Regions 333.699ms
[3914.966s][info][gc,start       ] GC(990) Pause Cleanup
[3914.966s][info][gc             ] GC(990) Pause Cleanup 2722M->2722M(4096M) 0.139ms
[3914.966s][info][gc,cpu         ] GC(990) User=0.00s Sys=0.00s Real=0.00s
[3914.966s][info][gc,marking     ] GC(990) Concurrent Clear Claimed Marks
[3914.966s][info][gc,marking     ] GC(990) Concurrent Clear Claimed Marks 0.033ms
[3914.966s][info][gc,marking     ] GC(990) Concurrent Cleanup for Next Mark
[3914.970s][info][gc,marking     ] GC(990) Concurrent Cleanup for Next Mark 4.157ms
[3914.970s][info][gc             ] GC(990) Concurrent Mark Cycle 1528.317ms
.[3915.969s][info][gc,start       ] GC(991) Pause Young (Prepare Mixed) (G1 Evacuation Pause)
[3915.969s][info][gc,task        ] GC(991) Using 6 workers of 6 for evacuation
[3916.086s][info][gc,phases      ] GC(991)   Pre Evacuate Collection Set: 0.35ms
[3916.086s][info][gc,phases      ] GC(991)   Merge Heap Roots: 0.49ms
[3916.086s][info][gc,phases      ] GC(991)   Evacuate Collection Set: 115.12ms
[3916.086s][info][gc,phases      ] GC(991)   Post Evacuate Collection Set: 0.94ms
[3916.086s][info][gc,phases      ] GC(991)   Other: 0.09ms
[3916.086s][info][gc,heap        ] GC(991) Eden regions: 1117->0(1112)
[3916.086s][info][gc,heap        ] GC(991) Survivor regions: 111->109(154)
[3916.086s][info][gc,heap        ] GC(991) Old regions: 504->535
[3916.086s][info][gc,heap        ] GC(991) Humongous regions: 80->80
[3916.086s][info][gc,metaspace   ] GC(991) Metaspace: 28911K(29312K)->28911K(29312K) NonClass: 24043K(24256K)->24043K(24256K) Class: 4868K(5056K)->4868K(5056K)
[3916.086s][info][gc             ] GC(991) Pause Young (Prepare Mixed) (G1 Evacuation Pause) 3622M->1447M(4096M) 117.127ms
[3916.087s][info][gc,cpu         ] GC(991) User=0.69s Sys=0.00s Real=0.12s
...|[3918.666s][info][gc,start       ] GC(992) Pause Young (Mixed) (G1 Evacuation Pause)
[3918.666s][info][gc,task        ] GC(992) Using 6 workers of 6 for evacuation
[3918.804s][info][gc,phases      ] GC(992)   Pre Evacuate Collection Set: 0.35ms
[3918.804s][info][gc,phases      ] GC(992)   Merge Heap Roots: 0.66ms
[3918.804s][info][gc,phases      ] GC(992)   Evacuate Collection Set: 135.93ms
[3918.804s][info][gc,phases      ] GC(992)   Post Evacuate Collection Set: 0.95ms
[3918.804s][info][gc,phases      ] GC(992)   Other: 0.09ms
[3918.804s][info][gc,heap        ] GC(992) Eden regions: 1112->0(1116)
[3918.804s][info][gc,heap        ] GC(992) Survivor regions: 109->112(153)
[3918.804s][info][gc,heap        ] GC(992) Old regions: 535->473
[3918.804s][info][gc,heap        ] GC(992) Humongous regions: 80->80
[3918.804s][info][gc,metaspace   ] GC(992) Metaspace: 28911K(29312K)->28911K(29312K) NonClass: 24043K(24256K)->24043K(24256K) Class: 4868K(5056K)->4868K(5056K)
[3918.804s][info][gc             ] GC(992) Pause Young (Mixed) (G1 Evacuation Pause) 3671M->1328M(4096M) 138.137ms
[3918.804s][info][gc,cpu         ] GC(992) User=0.81s Sys=0.00s Real=0.14s
..[3921.285s][info][gc,start       ] GC(993) Pause Young (Concurrent Start) (G1 Evacuation Pause)
[3921.285s][info][gc,task        ] GC(993) Using 6 workers of 6 for evacuation
[3921.403s][info][gc,phases      ] GC(993)   Pre Evacuate Collection Set: 0.39ms
[3921.403s][info][gc,phases      ] GC(993)   Merge Heap Roots: 0.50ms
[3921.403s][info][gc,phases      ] GC(993)   Evacuate Collection Set: 115.88ms
[3921.403s][info][gc,phases      ] GC(993)   Post Evacuate Collection Set: 0.89ms
[3921.403s][info][gc,phases      ] GC(993)   Other: 0.13ms
[3921.403s][info][gc,heap        ] GC(993) Eden regions: 1116->0(1118)
[3921.403s][info][gc,heap        ] GC(993) Survivor regions: 112->110(154)
[3921.403s][info][gc,heap        ] GC(993) Old regions: 473->505
[3921.403s][info][gc,heap        ] GC(993) Humongous regions: 80->80
[3921.403s][info][gc,metaspace   ] GC(993) Metaspace: 28911K(29312K)->28911K(29312K) NonClass: 24043K(24256K)->24043K(24256K) Class: 4868K(5056K)->4868K(5056K)
[3921.403s][info][gc             ] GC(993) Pause Young (Concurrent Start) (G1 Evacuation Pause) 3560M->1387M(4096M) 117.938ms
[3921.403s][info][gc             ] GC(994) Concurrent Mark Cycle
[3921.403s][info][gc,marking     ] GC(994) Concurrent Scan Root Regions
[3921.403s][info][gc,cpu         ] GC(993) User=0.70s Sys=0.00s Real=0.12s
.[3921.580s][info][gc,marking     ] GC(994) Concurrent Scan Root Regions 176.506ms
[3921.580s][info][gc,marking     ] GC(994) Concurrent Mark
[3921.580s][info][gc,marking     ] GC(994) Concurrent Mark From Roots
[3921.580s][info][gc,task        ] GC(994) Using 2 workers of 2 for marking
[3922.435s][info][gc,marking     ] GC(994) Concurrent Mark From Roots 855.039ms
[3922.435s][info][gc,marking     ] GC(994) Concurrent Preclean
[3922.435s][info][gc,marking     ] GC(994) Concurrent Preclean 0.141ms
[3922.436s][info][gc,start       ] GC(994) Pause Remark
[3922.441s][info][gc             ] GC(994) Pause Remark 2201M->2201M(4096M) 5.507ms
[3922.441s][info][gc,cpu         ] GC(994) User=0.03s Sys=0.00s Real=0.00s
[3922.442s][info][gc,marking     ] GC(994) Concurrent Mark 861.846ms
[3922.442s][info][gc,marking     ] GC(994) Concurrent Rebuild Remembered Sets and Scrub Regions
.[3922.808s][info][gc,marking     ] GC(994) Concurrent Rebuild Remembered Sets and Scrub Regions 366.270ms
[3922.809s][info][gc,start       ] GC(994) Pause Cleanup
[3922.809s][info][gc             ] GC(994) Pause Cleanup 2573M->2573M(4096M) 0.129ms
[3922.809s][info][gc,cpu         ] GC(994) User=0.00s Sys=0.00s Real=0.00s
[3922.809s][info][gc,marking     ] GC(994) Concurrent Clear Claimed Marks
[3922.810s][info][gc,marking     ] GC(994) Concurrent Clear Claimed Marks 0.035ms
[3922.810s][info][gc,marking     ] GC(994) Concurrent Cleanup for Next Mark
[3922.816s][info][gc,marking     ] GC(994) Concurrent Cleanup for Next Mark 6.098ms
[3922.816s][info][gc             ] GC(994) Concurrent Mark Cycle 1412.590ms
.[3924.015s][info][gc,start       ] GC(995) Pause Young (Prepare Mixed) (G1 Evacuation Pause)
[3924.015s][info][gc,task        ] GC(995) Using 6 workers of 6 for evacuation
[3924.132s][info][gc,phases      ] GC(995)   Pre Evacuate Collection Set: 0.33ms
[3924.132s][info][gc,phases      ] GC(995)   Merge Heap Roots: 0.54ms
[3924.132s][info][gc,phases      ] GC(995)   Evacuate Collection Set: 115.00ms
[3924.132s][info][gc,phases      ] GC(995)   Post Evacuate Collection Set: 0.95ms
[3924.132s][info][gc,phases      ] GC(995)   Other: 0.09ms
[3924.132s][info][gc,heap        ] GC(995) Eden regions: 1118->0(1110)
[3924.132s][info][gc,heap        ] GC(995) Survivor regions: 110->109(154)
[3924.132s][info][gc,heap        ] GC(995) Old regions: 505->537
[3924.132s][info][gc,heap        ] GC(995) Humongous regions: 80->80
[3924.132s][info][gc,metaspace   ] GC(995) Metaspace: 28911K(29312K)->28911K(29312K) NonClass: 24043K(24256K)->24043K(24256K) Class: 4868K(5056K)->4868K(5056K)
[3924.132s][info][gc             ] GC(995) Pause Young (Prepare Mixed) (G1 Evacuation Pause) 3623M->1450M(4096M) 117.073ms
[3924.132s][info][gc,cpu         ] GC(995) User=0.69s Sys=0.00s Real=0.11s
...[3926.741s][info][gc,start       ] GC(996) Pause Young (Mixed) (G1 Evacuation Pause)
[3926.741s][info][gc,task        ] GC(996) Using 6 workers of 6 for evacuation
[3926.878s][info][gc,phases      ] GC(996)   Pre Evacuate Collection Set: 0.35ms
[3926.878s][info][gc,phases      ] GC(996)   Merge Heap Roots: 0.69ms
[3926.878s][info][gc,phases      ] GC(996)   Evacuate Collection Set: 134.97ms
[3926.878s][info][gc,phases      ] GC(996)   Post Evacuate Collection Set: 0.98ms
[3926.878s][info][gc,phases      ] GC(996)   Other: 0.09ms
[3926.878s][info][gc,heap        ] GC(996) Eden regions: 1110->0(1117)
[3926.878s][info][gc,heap        ] GC(996) Survivor regions: 109->111(153)
[3926.878s][info][gc,heap        ] GC(996) Old regions: 537->474
[3926.878s][info][gc,heap        ] GC(996) Humongous regions: 80->80
[3926.878s][info][gc,metaspace   ] GC(996) Metaspace: 28911K(29312K)->28911K(29312K) NonClass: 24043K(24256K)->24043K(24256K) Class: 4868K(5056K)->4868K(5056K)
[3926.878s][info][gc             ] GC(996) Pause Young (Mixed) (G1 Evacuation Pause) 3670M->1328M(4096M) 137.221ms
[3926.878s][info][gc,cpu         ] GC(996) User=0.81s Sys=0.00s Real=0.14s
..[3929.342s][info][gc,start       ] GC(997) Pause Young (Concurrent Start) (G1 Evacuation Pause)
[3929.342s][info][gc,task        ] GC(997) Using 6 workers of 6 for evacuation
[3929.463s][info][gc,phases      ] GC(997)   Pre Evacuate Collection Set: 0.41ms
[3929.463s][info][gc,phases      ] GC(997)   Merge Heap Roots: 0.53ms
[3929.463s][info][gc,phases      ] GC(997)   Evacuate Collection Set: 119.27ms
[3929.463s][info][gc,phases      ] GC(997)   Post Evacuate Collection Set: 0.90ms
[3929.463s][info][gc,phases      ] GC(997)   Other: 0.12ms
[3929.463s][info][gc,heap        ] GC(997) Eden regions: 1117->0(1115)
[3929.463s][info][gc,heap        ] GC(997) Survivor regions: 111->113(154)
[3929.463s][info][gc,heap        ] GC(997) Old regions: 474->506
[3929.463s][info][gc,heap        ] GC(997) Humongous regions: 80->80
[3929.463s][info][gc,metaspace   ] GC(997) Metaspace: 28911K(29312K)->28911K(29312K) NonClass: 24043K(24256K)->24043K(24256K) Class: 4868K(5056K)->4868K(5056K)
[3929.463s][info][gc             ] GC(997) Pause Young (Concurrent Start) (G1 Evacuation Pause) 3562M->1395M(4096M) 121.347ms
[3929.464s][info][gc             ] GC(998) Concurrent Mark Cycle
[3929.464s][info][gc,marking     ] GC(998) Concurrent Scan Root Regions
[3929.464s][info][gc,cpu         ] GC(997) User=0.72s Sys=0.00s Real=0.13s
.[3929.652s][info][gc,marking     ] GC(998) Concurrent Scan Root Regions 188.439ms
[3929.652s][info][gc,marking     ] GC(998) Concurrent Mark
[3929.652s][info][gc,marking     ] GC(998) Concurrent Mark From Roots
[3929.652s][info][gc,task        ] GC(998) Using 2 workers of 2 for marking
[3930.570s][info][gc,marking     ] GC(998) Concurrent Mark From Roots 917.815ms
[3930.570s][info][gc,marking     ] GC(998) Concurrent Preclean
[3930.570s][info][gc,marking     ] GC(998) Concurrent Preclean 0.150ms
[3930.570s][info][gc,start       ] GC(998) Pause Remark
[3930.577s][info][gc             ] GC(998) Pause Remark 2342M->2342M(4096M) 6.922ms
[3930.577s][info][gc,cpu         ] GC(998) User=0.04s Sys=0.00s Real=0.01s
[3930.577s][info][gc,marking     ] GC(998) Concurrent Mark 925.250ms
[3930.577s][info][gc,marking     ] GC(998) Concurrent Rebuild Remembered Sets and Scrub Regions
.[3930.870s][info][gc,marking     ] GC(998) Concurrent Rebuild Remembered Sets and Scrub Regions 292.703ms
[3930.871s][info][gc,start       ] GC(998) Pause Cleanup
[3930.871s][info][gc             ] GC(998) Pause Cleanup 2623M->2623M(4096M) 0.130ms
[3930.871s][info][gc,cpu         ] GC(998) User=0.00s Sys=0.00s Real=0.00s
[3930.871s][info][gc,marking     ] GC(998) Concurrent Clear Claimed Marks
[3930.871s][info][gc,marking     ] GC(998) Concurrent Clear Claimed Marks 0.032ms
[3930.871s][info][gc,marking     ] GC(998) Concurrent Cleanup for Next Mark
[3930.876s][info][gc,marking     ] GC(998) Concurrent Cleanup for Next Mark 4.543ms
[3930.876s][info][gc             ] GC(998) Concurrent Mark Cycle 1412.524ms
.[3932.064s][info][gc,start       ] GC(999) Pause Young (Prepare Mixed) (G1 Evacuation Pause)
[3932.064s][info][gc,task        ] GC(999) Using 6 workers of 6 for evacuation
[3932.183s][info][gc,phases      ] GC(999)   Pre Evacuate Collection Set: 0.35ms
[3932.183s][info][gc,phases      ] GC(999)   Merge Heap Roots: 0.66ms
[3932.183s][info][gc,phases      ] GC(999)   Evacuate Collection Set: 117.41ms
[3932.183s][info][gc,phases      ] GC(999)   Post Evacuate Collection Set: 0.93ms
[3932.183s][info][gc,phases      ] GC(999)   Other: 0.09ms
[3932.183s][info][gc,heap        ] GC(999) Eden regions: 1115->0(1105)
[3932.183s][info][gc,heap        ] GC(999) Survivor regions: 113->111(154)
[3932.183s][info][gc,heap        ] GC(999) Old regions: 506->538
[3932.183s][info][gc,heap        ] GC(999) Humongous regions: 80->80
[3932.183s][info][gc,metaspace   ] GC(999) Metaspace: 28911K(29312K)->28911K(29312K) NonClass: 24043K(24256K)->24043K(24256K) Class: 4868K(5056K)->4868K(5056K)
[3932.183s][info][gc             ] GC(999) Pause Young (Prepare Mixed) (G1 Evacuation Pause) 3625M->1457M(4096M) 119.583ms
[3932.183s][info][gc,cpu         ] GC(999) User=0.71s Sys=0.00s Real=0.12s
...[3934.642s][info][gc,start       ] GC(1000) Pause Young (Mixed) (G1 Evacuation Pause)
[3934.642s][info][gc,task        ] GC(1000) Using 6 workers of 6 for evacuation
[3934.779s][info][gc,phases      ] GC(1000)   Pre Evacuate Collection Set: 0.36ms
[3934.779s][info][gc,phases      ] GC(1000)   Merge Heap Roots: 0.73ms
[3934.779s][info][gc,phases      ] GC(1000)   Evacuate Collection Set: 134.53ms
[3934.779s][info][gc,phases      ] GC(1000)   Post Evacuate Collection Set: 0.95ms
[3934.779s][info][gc,phases      ] GC(1000)   Other: 0.09ms
[3934.779s][info][gc,heap        ] GC(1000) Eden regions: 1105->0(1118)
[3934.779s][info][gc,heap        ] GC(1000) Survivor regions: 111->110(152)
[3934.779s][info][gc,heap        ] GC(1000) Old regions: 538->473
[3934.779s][info][gc,heap        ] GC(1000) Humongous regions: 80->80
[3934.779s][info][gc,metaspace   ] GC(1000) Metaspace: 28911K(29312K)->28911K(29312K) NonClass: 24043K(24256K)->24043K(24256K) Class: 4868K(5056K)->4868K(5056K)
[3934.779s][info][gc             ] GC(1000) Pause Young (Mixed) (G1 Evacuation Pause) 3667M->1324M(4096M) 136.788ms
[3934.779s][info][gc,cpu         ] GC(1000) User=0.81s Sys=0.00s Real=0.14s
..[3937.381s][info][gc,start       ] GC(1001) Pause Young (Concurrent Start) (G1 Evacuation Pause)
[3937.381s][info][gc,task        ] GC(1001) Using 6 workers of 6 for evacuation
[3937.498s][info][gc,phases      ] GC(1001)   Pre Evacuate Collection Set: 0.38ms
[3937.498s][info][gc,phases      ] GC(1001)   Merge Heap Roots: 0.47ms
[3937.498s][info][gc,phases      ] GC(1001)   Evacuate Collection Set: 115.30ms
[3937.498s][info][gc,phases      ] GC(1001)   Post Evacuate Collection Set: 0.89ms
[3937.498s][info][gc,phases      ] GC(1001)   Other: 0.14ms
[3937.498s][info][gc,heap        ] GC(1001) Eden regions: 1118->0(1118)
[3937.498s][info][gc,heap        ] GC(1001) Survivor regions: 110->110(154)
[3937.498s][info][gc,heap        ] GC(1001) Old regions: 473->505
[3937.498s][info][gc,heap        ] GC(1001) Humongous regions: 80->80
[3937.498s][info][gc,metaspace   ] GC(1001) Metaspace: 28911K(29312K)->28911K(29312K) NonClass: 24043K(24256K)->24043K(24256K) Class: 4868K(5056K)->4868K(5056K)
[3937.498s][info][gc             ] GC(1001) Pause Young (Concurrent Start) (G1 Evacuation Pause) 3560M->1388M(4096M) 117.330ms
[3937.498s][info][gc             ] GC(1002) Concurrent Mark Cycle
[3937.498s][info][gc,marking     ] GC(1002) Concurrent Scan Root Regions
[3937.498s][info][gc,cpu         ] GC(1001) User=0.70s Sys=0.00s Real=0.12s
.[3937.632s][info][gc,marking     ] GC(1002) Concurrent Scan Root Regions 133.097ms
[3937.632s][info][gc,marking     ] GC(1002) Concurrent Mark
[3937.632s][info][gc,marking     ] GC(1002) Concurrent Mark From Roots
[3937.632s][info][gc,task        ] GC(1002) Using 2 workers of 2 for marking
[3938.590s][info][gc,marking     ] GC(1002) Concurrent Mark From Roots 958.434ms
[3938.590s][info][gc,marking     ] GC(1002) Concurrent Preclean
[3938.590s][info][gc,marking     ] GC(1002) Concurrent Preclean 0.110ms
[3938.591s][info][gc,start       ] GC(1002) Pause Remark
[3938.597s][info][gc             ] GC(1002) Pause Remark 2320M->2320M(4096M) 6.296ms
[3938.597s][info][gc,cpu         ] GC(1002) User=0.04s Sys=0.00s Real=0.01s
[3938.598s][info][gc,marking     ] GC(1002) Concurrent Mark 966.646ms
[3938.598s][info][gc,marking     ] GC(1002) Concurrent Rebuild Remembered Sets and Scrub Regions
.[3938.923s][info][gc,marking     ] GC(1002) Concurrent Rebuild Remembered Sets and Scrub Regions 324.357ms
[3938.923s][info][gc,start       ] GC(1002) Pause Cleanup
[3938.923s][info][gc             ] GC(1002) Pause Cleanup 2624M->2624M(4096M) 0.108ms
[3938.923s][info][gc,cpu         ] GC(1002) User=0.00s Sys=0.00s Real=0.00s
[3938.923s][info][gc,marking     ] GC(1002) Concurrent Clear Claimed Marks
[3938.923s][info][gc,marking     ] GC(1002) Concurrent Clear Claimed Marks 0.026ms
[3938.923s][info][gc,marking     ] GC(1002) Concurrent Cleanup for Next Mark
[3938.927s][info][gc,marking     ] GC(1002) Concurrent Cleanup for Next Mark 4.315ms
[3938.927s][info][gc             ] GC(1002) Concurrent Mark Cycle 1428.923ms
.[3940.104s][info][gc,start       ] GC(1003) Pause Young (Prepare Mixed) (G1 Evacuation Pause)
[3940.104s][info][gc,task        ] GC(1003) Using 6 workers of 6 for evacuation
[3940.223s][info][gc,phases      ] GC(1003)   Pre Evacuate Collection Set: 0.35ms
[3940.223s][info][gc,phases      ] GC(1003)   Merge Heap Roots: 0.52ms
[3940.223s][info][gc,phases      ] GC(1003)   Evacuate Collection Set: 116.85ms
[3940.223s][info][gc,phases      ] GC(1003)   Post Evacuate Collection Set: 0.95ms
[3940.223s][info][gc,phases      ] GC(1003)   Other: 0.09ms
[3940.223s][info][gc,heap        ] GC(1003) Eden regions: 1118->0(1104)
[3940.223s][info][gc,heap        ] GC(1003) Survivor regions: 110->113(154)
[3940.223s][info][gc,heap        ] GC(1003) Old regions: 505->535
[3940.223s][info][gc,heap        ] GC(1003) Humongous regions: 80->80
[3940.223s][info][gc,metaspace   ] GC(1003) Metaspace: 28911K(29312K)->28911K(29312K) NonClass: 24043K(24256K)->24043K(24256K) Class: 4868K(5056K)->4868K(5056K)
[3940.223s][info][gc             ] GC(1003) Pause Young (Prepare Mixed) (G1 Evacuation Pause) 3624M->1454M(4096M) 118.881ms
[3940.223s][info][gc,cpu         ] GC(1003) User=0.71s Sys=0.00s Real=0.11s
...[3942.731s][info][gc,start       ] GC(1004) Pause Young (Mixed) (G1 Evacuation Pause)
[3942.731s][info][gc,task        ] GC(1004) Using 6 workers of 6 for evacuation
[3942.860s][info][gc,phases      ] GC(1004)   Pre Evacuate Collection Set: 0.38ms
[3942.860s][info][gc,phases      ] GC(1004)   Merge Heap Roots: 0.70ms
[3942.860s][info][gc,phases      ] GC(1004)   Evacuate Collection Set: 126.92ms
[3942.860s][info][gc,phases      ] GC(1004)   Post Evacuate Collection Set: 0.97ms
[3942.860s][info][gc,phases      ] GC(1004)   Other: 0.09ms
[3942.860s][info][gc,heap        ] GC(1004) Eden regions: 1104->0(1121)
[3942.860s][info][gc,heap        ] GC(1004) Survivor regions: 113->107(153)
[3942.860s][info][gc,heap        ] GC(1004) Old regions: 535->473
[3942.860s][info][gc,heap        ] GC(1004) Humongous regions: 80->80
[3942.860s][info][gc,metaspace   ] GC(1004) Metaspace: 28911K(29312K)->28911K(29312K) NonClass: 24043K(24256K)->24043K(24256K) Class: 4868K(5056K)->4868K(5056K)
[3942.860s][info][gc             ] GC(1004) Pause Young (Mixed) (G1 Evacuation Pause) 3662M->1319M(4096M) 129.200ms
[3942.860s][info][gc,cpu         ] GC(1004) User=0.76s Sys=0.00s Real=0.13s
..[3945.424s][info][gc,start       ] GC(1005) Pause Young (Concurrent Start) (G1 Evacuation Pause)
[3945.424s][info][gc,task        ] GC(1005) Using 6 workers of 6 for evacuation
[3945.541s][info][gc,phases      ] GC(1005)   Pre Evacuate Collection Set: 0.38ms
[3945.541s][info][gc,phases      ] GC(1005)   Merge Heap Roots: 0.51ms
[3945.541s][info][gc,phases      ] GC(1005)   Evacuate Collection Set: 115.18ms
[3945.541s][info][gc,phases      ] GC(1005)   Post Evacuate Collection Set: 0.89ms
[3945.541s][info][gc,phases      ] GC(1005)   Other: 0.11ms
[3945.541s][info][gc,heap        ] GC(1005) Eden regions: 1121->0(1118)
[3945.541s][info][gc,heap        ] GC(1005) Survivor regions: 107->110(154)
[3945.541s][info][gc,heap        ] GC(1005) Old regions: 473->505
[3945.541s][info][gc,heap        ] GC(1005) Humongous regions: 80->80
[3945.541s][info][gc,metaspace   ] GC(1005) Metaspace: 28911K(29312K)->28911K(29312K) NonClass: 24043K(24256K)->24043K(24256K) Class: 4868K(5056K)->4868K(5056K)
[3945.541s][info][gc             ] GC(1005) Pause Young (Concurrent Start) (G1 Evacuation Pause) 3561M->1389M(4096M) 117.220ms
[3945.541s][info][gc             ] GC(1006) Concurrent Mark Cycle
[3945.541s][info][gc,marking     ] GC(1006) Concurrent Scan Root Regions
[3945.541s][info][gc,cpu         ] GC(1005) User=0.70s Sys=0.00s Real=0.11s
[3945.715s][info][gc,marking     ] GC(1006) Concurrent Scan Root Regions 174.279ms
[3945.715s][info][gc,marking     ] GC(1006) Concurrent Mark
[3945.716s][info][gc,marking     ] GC(1006) Concurrent Mark From Roots
[3945.716s][info][gc,task        ] GC(1006) Using 2 workers of 2 for marking
.[3946.686s][info][gc,marking     ] GC(1006) Concurrent Mark From Roots 970.350ms
[3946.686s][info][gc,marking     ] GC(1006) Concurrent Preclean
[3946.686s][info][gc,marking     ] GC(1006) Concurrent Preclean 0.116ms
[3946.687s][info][gc,start       ] GC(1006) Pause Remark
[3946.694s][info][gc             ] GC(1006) Pause Remark 2397M->2397M(4096M) 6.838ms
[3946.694s][info][gc,cpu         ] GC(1006) User=0.04s Sys=0.00s Real=0.01s
[3946.696s][info][gc,marking     ] GC(1006) Concurrent Mark 980.200ms
[3946.696s][info][gc,marking     ] GC(1006) Concurrent Rebuild Remembered Sets and Scrub Regions
.[3946.999s][info][gc,marking     ] GC(1006) Concurrent Rebuild Remembered Sets and Scrub Regions 303.205ms
[3946.999s][info][gc,start       ] GC(1006) Pause Cleanup
[3946.999s][info][gc             ] GC(1006) Pause Cleanup 2640M->2640M(4096M) 0.116ms
[3946.999s][info][gc,cpu         ] GC(1006) User=0.00s Sys=0.00s Real=0.00s
[3946.999s][info][gc,marking     ] GC(1006) Concurrent Clear Claimed Marks
[3946.999s][info][gc,marking     ] GC(1006) Concurrent Clear Claimed Marks 0.027ms
[3946.999s][info][gc,marking     ] GC(1006) Concurrent Cleanup for Next Mark
[3947.003s][info][gc,marking     ] GC(1006) Concurrent Cleanup for Next Mark 3.428ms
[3947.003s][info][gc             ] GC(1006) Concurrent Mark Cycle 1461.667ms
.[3948.137s][info][gc,start       ] GC(1007) Pause Young (Prepare Mixed) (G1 Evacuation Pause)
[3948.137s][info][gc,task        ] GC(1007) Using 6 workers of 6 for evacuation
[3948.258s][info][gc,phases      ] GC(1007)   Pre Evacuate Collection Set: 0.36ms
[3948.258s][info][gc,phases      ] GC(1007)   Merge Heap Roots: 0.56ms
[3948.258s][info][gc,phases      ] GC(1007)   Evacuate Collection Set: 119.05ms
[3948.258s][info][gc,phases      ] GC(1007)   Post Evacuate Collection Set: 0.97ms
[3948.258s][info][gc,phases      ] GC(1007)   Other: 0.09ms
[3948.258s][info][gc,heap        ] GC(1007) Eden regions: 1118->0(1105)
[3948.258s][info][gc,heap        ] GC(1007) Survivor regions: 110->112(154)
[3948.258s][info][gc,heap        ] GC(1007) Old regions: 505->536
[3948.258s][info][gc,heap        ] GC(1007) Humongous regions: 80->80
[3948.258s][info][gc,metaspace   ] GC(1007) Metaspace: 28911K(29312K)->28911K(29312K) NonClass: 24043K(24256K)->24043K(24256K) Class: 4868K(5056K)->4868K(5056K)
[3948.258s][info][gc             ] GC(1007) Pause Young (Prepare Mixed) (G1 Evacuation Pause) 3625M->1454M(4096M) 121.182ms
[3948.258s][info][gc,cpu         ] GC(1007) User=0.72s Sys=0.00s Real=0.12s
..[3950.726s][info][gc,start       ] GC(1008) Pause Young (Mixed) (G1 Evacuation Pause)
[3950.726s][info][gc,task        ] GC(1008) Using 6 workers of 6 for evacuation
[3950.864s][info][gc,phases      ] GC(1008)   Pre Evacuate Collection Set: 0.37ms
[3950.864s][info][gc,phases      ] GC(1008)   Merge Heap Roots: 0.78ms
[3950.864s][info][gc,phases      ] GC(1008)   Evacuate Collection Set: 135.56ms
[3950.864s][info][gc,phases      ] GC(1008)   Post Evacuate Collection Set: 0.88ms
[3950.864s][info][gc,phases      ] GC(1008)   Other: 0.09ms
[3950.864s][info][gc,heap        ] GC(1008) Eden regions: 1105->0(1119)
[3950.864s][info][gc,heap        ] GC(1008) Survivor regions: 112->109(153)
[3950.864s][info][gc,heap        ] GC(1008) Old regions: 536->474
[3950.864s][info][gc,heap        ] GC(1008) Humongous regions: 80->80
[3950.864s][info][gc,metaspace   ] GC(1008) Metaspace: 28911K(29312K)->28911K(29312K) NonClass: 24043K(24256K)->24043K(24256K) Class: 4868K(5056K)->4868K(5056K)
[3950.864s][info][gc             ] GC(1008) Pause Young (Mixed) (G1 Evacuation Pause) 3664M->1325M(4096M) 137.809ms
[3950.864s][info][gc,cpu         ] GC(1008) User=0.82s Sys=0.00s Real=0.14s
...[3953.531s][info][gc,start       ] GC(1009) Pause Young (Concurrent Start) (G1 Evacuation Pause)
[3953.531s][info][gc,task        ] GC(1009) Using 6 workers of 6 for evacuation
[3953.650s][info][gc,phases      ] GC(1009)   Pre Evacuate Collection Set: 0.44ms
[3953.650s][info][gc,phases      ] GC(1009)   Merge Heap Roots: 0.53ms
[3953.650s][info][gc,phases      ] GC(1009)   Evacuate Collection Set: 117.05ms
[3953.650s][info][gc,phases      ] GC(1009)   Post Evacuate Collection Set: 0.88ms
[3953.650s][info][gc,phases      ] GC(1009)   Other: 0.12ms
[3953.650s][info][gc,heap        ] GC(1009) Eden regions: 1119->0(1116)
[3953.650s][info][gc,heap        ] GC(1009) Survivor regions: 109->112(154)
[3953.650s][info][gc,heap        ] GC(1009) Old regions: 474->506
[3953.650s][info][gc,heap        ] GC(1009) Humongous regions: 80->80
[3953.650s][info][gc,metaspace   ] GC(1009) Metaspace: 28911K(29312K)->28911K(29312K) NonClass: 24043K(24256K)->24043K(24256K) Class: 4868K(5056K)->4868K(5056K)
[3953.650s][info][gc             ] GC(1009) Pause Young (Concurrent Start) (G1 Evacuation Pause) 3563M->1394M(4096M) 119.150ms
[3953.650s][info][gc             ] GC(1010) Concurrent Mark Cycle
[3953.650s][info][gc,marking     ] GC(1010) Concurrent Scan Root Regions
[3953.650s][info][gc,cpu         ] GC(1009) User=0.71s Sys=0.00s Real=0.12s
[3953.835s][info][gc,marking     ] GC(1010) Concurrent Scan Root Regions 185.250ms
[3953.838s][info][gc,marking     ] GC(1010) Concurrent Mark
[3953.838s][info][gc,marking     ] GC(1010) Concurrent Mark From Roots
[3953.838s][info][gc,task        ] GC(1010) Using 2 workers of 2 for marking
.[3954.888s][info][gc,marking     ] GC(1010) Concurrent Mark From Roots 1050.197ms
[3954.888s][info][gc,marking     ] GC(1010) Concurrent Preclean
[3954.888s][info][gc,marking     ] GC(1010) Concurrent Preclean 0.117ms
[3954.889s][info][gc,start       ] GC(1010) Pause Remark
[3954.893s][info][gc             ] GC(1010) Pause Remark 2518M->2518M(4096M) 3.885ms
[3954.893s][info][gc,cpu         ] GC(1010) User=0.02s Sys=0.00s Real=0.00s
[3954.894s][info][gc,marking     ] GC(1010) Concurrent Mark 1056.512ms
[3954.894s][info][gc,marking     ] GC(1010) Concurrent Rebuild Remembered Sets and Scrub Regions
.[3955.259s][info][gc,marking     ] GC(1010) Concurrent Rebuild Remembered Sets and Scrub Regions 364.358ms
[3955.259s][info][gc,start       ] GC(1010) Pause Cleanup
[3955.259s][info][gc             ] GC(1010) Pause Cleanup 2894M->2894M(4096M) 0.122ms
[3955.259s][info][gc,cpu         ] GC(1010) User=0.00s Sys=0.00s Real=0.00s
[3955.259s][info][gc,marking     ] GC(1010) Concurrent Clear Claimed Marks
[3955.259s][info][gc,marking     ] GC(1010) Concurrent Clear Claimed Marks 0.034ms
[3955.259s][info][gc,marking     ] GC(1010) Concurrent Cleanup for Next Mark
[3955.264s][info][gc,marking     ] GC(1010) Concurrent Cleanup for Next Mark 4.550ms
[3955.264s][info][gc             ] GC(1010) Concurrent Mark Cycle 1614.033ms
.[3956.144s][info][gc,start       ] GC(1011) Pause Young (Prepare Mixed) (G1 Evacuation Pause)
[3956.144s][info][gc,task        ] GC(1011) Using 6 workers of 6 for evacuation
[3956.263s][info][gc,phases      ] GC(1011)   Pre Evacuate Collection Set: 0.36ms
[3956.264s][info][gc,phases      ] GC(1011)   Merge Heap Roots: 0.56ms
[3956.264s][info][gc,phases      ] GC(1011)   Evacuate Collection Set: 117.08ms
[3956.264s][info][gc,phases      ] GC(1011)   Post Evacuate Collection Set: 0.91ms
[3956.264s][info][gc,phases      ] GC(1011)   Other: 0.09ms
[3956.264s][info][gc,heap        ] GC(1011) Eden regions: 1116->0(1107)
[3956.264s][info][gc,heap        ] GC(1011) Survivor regions: 112->111(154)
[3956.264s][info][gc,heap        ] GC(1011) Old regions: 506->536
[3956.264s][info][gc,heap        ] GC(1011) Humongous regions: 80->80
[3956.264s][info][gc,metaspace   ] GC(1011) Metaspace: 28911K(29312K)->28911K(29312K) NonClass: 24043K(24256K)->24043K(24256K) Class: 4868K(5056K)->4868K(5056K)
[3956.264s][info][gc             ] GC(1011) Pause Young (Prepare Mixed) (G1 Evacuation Pause) 3626M->1453M(4096M) 119.145ms
[3956.264s][info][gc,cpu         ] GC(1011) User=0.70s Sys=0.00s Real=0.12s
..[3958.843s][info][gc,start       ] GC(1012) Pause Young (Mixed) (G1 Evacuation Pause)
[3958.843s][info][gc,task        ] GC(1012) Using 6 workers of 6 for evacuation
[3958.975s][info][gc,phases      ] GC(1012)   Pre Evacuate Collection Set: 0.43ms
[3958.975s][info][gc,phases      ] GC(1012)   Merge Heap Roots: 0.80ms
[3958.975s][info][gc,phases      ] GC(1012)   Evacuate Collection Set: 128.70ms
[3958.975s][info][gc,phases      ] GC(1012)   Post Evacuate Collection Set: 0.92ms
[3958.975s][info][gc,phases      ] GC(1012)   Other: 0.87ms
[3958.975s][info][gc,heap        ] GC(1012) Eden regions: 1107->0(1121)
[3958.975s][info][gc,heap        ] GC(1012) Survivor regions: 111->107(153)
[3958.975s][info][gc,heap        ] GC(1012) Old regions: 536->473
[3958.975s][info][gc,heap        ] GC(1012) Humongous regions: 80->80
[3958.975s][info][gc,metaspace   ] GC(1012) Metaspace: 28911K(29312K)->28911K(29312K) NonClass: 24043K(24256K)->24043K(24256K) Class: 4868K(5056K)->4868K(5056K)
[3958.975s][info][gc             ] GC(1012) Pause Young (Mixed) (G1 Evacuation Pause) 3667M->1319M(4096M) 131.862ms
[3958.975s][info][gc,cpu         ] GC(1012) User=0.78s Sys=0.00s Real=0.13s
...[3961.496s][info][gc,start       ] GC(1013) Pause Young (Concurrent Start) (G1 Evacuation Pause)
[3961.496s][info][gc,task        ] GC(1013) Using 6 workers of 6 for evacuation
[3961.617s][info][gc,phases      ] GC(1013)   Pre Evacuate Collection Set: 0.39ms
[3961.617s][info][gc,phases      ] GC(1013)   Merge Heap Roots: 0.48ms
[3961.617s][info][gc,phases      ] GC(1013)   Evacuate Collection Set: 118.81ms
[3961.617s][info][gc,phases      ] GC(1013)   Post Evacuate Collection Set: 0.87ms
[3961.617s][info][gc,phases      ] GC(1013)   Other: 0.10ms
[3961.617s][info][gc,heap        ] GC(1013) Eden regions: 1121->0(1114)
[3961.617s][info][gc,heap        ] GC(1013) Survivor regions: 107->114(154)
[3961.617s][info][gc,heap        ] GC(1013) Old regions: 473->505
[3961.617s][info][gc,heap        ] GC(1013) Humongous regions: 80->80
[3961.617s][info][gc,metaspace   ] GC(1013) Metaspace: 28911K(29312K)->28911K(29312K) NonClass: 24043K(24256K)->24043K(24256K) Class: 4868K(5056K)->4868K(5056K)
[3961.617s][info][gc             ] GC(1013) Pause Young (Concurrent Start) (G1 Evacuation Pause) 3561M->1395M(4096M) 120.791ms
[3961.617s][info][gc             ] GC(1014) Concurrent Mark Cycle
[3961.617s][info][gc,marking     ] GC(1014) Concurrent Scan Root Regions
[3961.617s][info][gc,cpu         ] GC(1013) User=0.72s Sys=0.01s Real=0.12s
[3961.793s][info][gc,marking     ] GC(1014) Concurrent Scan Root Regions 176.700ms
[3961.794s][info][gc,marking     ] GC(1014) Concurrent Mark
[3961.794s][info][gc,marking     ] GC(1014) Concurrent Mark From Roots
[3961.794s][info][gc,task        ] GC(1014) Using 2 workers of 2 for marking
.[3962.527s][info][gc,marking     ] GC(1014) Concurrent Mark From Roots 733.529ms
[3962.527s][info][gc,marking     ] GC(1014) Concurrent Preclean
[3962.527s][info][gc,marking     ] GC(1014) Concurrent Preclean 0.137ms
[3962.528s][info][gc,start       ] GC(1014) Pause Remark
[3962.533s][info][gc             ] GC(1014) Pause Remark 2169M->2169M(4096M) 4.710ms
[3962.533s][info][gc,cpu         ] GC(1014) User=0.02s Sys=0.00s Real=0.00s
[3962.533s][info][gc,marking     ] GC(1014) Concurrent Mark 739.219ms
[3962.533s][info][gc,marking     ] GC(1014) Concurrent Rebuild Remembered Sets and Scrub Regions
[3962.894s][info][gc,marking     ] GC(1014) Concurrent Rebuild Remembered Sets and Scrub Regions 360.949ms
[3962.894s][info][gc,start       ] GC(1014) Pause Cleanup
[3962.894s][info][gc             ] GC(1014) Pause Cleanup 2549M->2549M(4096M) 0.122ms
[3962.894s][info][gc,cpu         ] GC(1014) User=0.00s Sys=0.00s Real=0.00s
[3962.894s][info][gc,marking     ] GC(1014) Concurrent Clear Claimed Marks
[3962.894s][info][gc,marking     ] GC(1014) Concurrent Clear Claimed Marks 0.027ms
[3962.894s][info][gc,marking     ] GC(1014) Concurrent Cleanup for Next Mark
[3962.899s][info][gc,marking     ] GC(1014) Concurrent Cleanup for Next Mark 4.527ms
[3962.899s][info][gc             ] GC(1014) Concurrent Mark Cycle 1281.961ms
..[3964.175s][info][gc,start       ] GC(1015) Pause Young (Prepare Mixed) (G1 Evacuation Pause)
[3964.175s][info][gc,task        ] GC(1015) Using 6 workers of 6 for evacuation
[3964.292s][info][gc,phases      ] GC(1015)   Pre Evacuate Collection Set: 0.34ms
[3964.292s][info][gc,phases      ] GC(1015)   Merge Heap Roots: 0.54ms
[3964.292s][info][gc,phases      ] GC(1015)   Evacuate Collection Set: 115.11ms
[3964.292s][info][gc,phases      ] GC(1015)   Post Evacuate Collection Set: 0.95ms
[3964.292s][info][gc,phases      ] GC(1015)   Other: 0.09ms
[3964.292s][info][gc,heap        ] GC(1015) Eden regions: 1114->0(1110)
[3964.292s][info][gc,heap        ] GC(1015) Survivor regions: 114->109(154)
[3964.292s][info][gc,heap        ] GC(1015) Old regions: 505->537
[3964.292s][info][gc,heap        ] GC(1015) Humongous regions: 80->80
[3964.292s][info][gc,metaspace   ] GC(1015) Metaspace: 28911K(29312K)->28911K(29312K) NonClass: 24043K(24256K)->24043K(24256K) Class: 4868K(5056K)->4868K(5056K)
[3964.293s][info][gc             ] GC(1015) Pause Young (Prepare Mixed) (G1 Evacuation Pause) 3623M->1450M(4096M) 117.172ms
[3964.293s][info][gc,cpu         ] GC(1015) User=0.69s Sys=0.00s Real=0.11s
..[3966.898s][info][gc,start       ] GC(1016) Pause Young (Mixed) (G1 Evacuation Pause)
[3966.898s][info][gc,task        ] GC(1016) Using 6 workers of 6 for evacuation
[3967.035s][info][gc,phases      ] GC(1016)   Pre Evacuate Collection Set: 0.37ms
[3967.035s][info][gc,phases      ] GC(1016)   Merge Heap Roots: 0.74ms
[3967.035s][info][gc,phases      ] GC(1016)   Evacuate Collection Set: 134.54ms
[3967.035s][info][gc,phases      ] GC(1016)   Post Evacuate Collection Set: 0.97ms
[3967.035s][info][gc,phases      ] GC(1016)   Other: 0.09ms
[3967.035s][info][gc,heap        ] GC(1016) Eden regions: 1110->0(1117)
[3967.035s][info][gc,heap        ] GC(1016) Survivor regions: 109->111(153)
[3967.035s][info][gc,heap        ] GC(1016) Old regions: 537->474
[3967.035s][info][gc,heap        ] GC(1016) Humongous regions: 80->80
[3967.035s][info][gc,metaspace   ] GC(1016) Metaspace: 28911K(29312K)->28911K(29312K) NonClass: 24043K(24256K)->24043K(24256K) Class: 4868K(5056K)->4868K(5056K)
[3967.035s][info][gc             ] GC(1016) Pause Young (Mixed) (G1 Evacuation Pause) 3670M->1328M(4096M) 136.845ms
[3967.035s][info][gc,cpu         ] GC(1016) User=0.81s Sys=0.00s Real=0.14s
...[3969.518s][info][gc,start       ] GC(1017) Pause Young (Concurrent Start) (G1 Evacuation Pause)
[3969.518s][info][gc,task        ] GC(1017) Using 6 workers of 6 for evacuation
[3969.635s][info][gc,phases      ] GC(1017)   Pre Evacuate Collection Set: 0.39ms
[3969.635s][info][gc,phases      ] GC(1017)   Merge Heap Roots: 0.48ms
[3969.635s][info][gc,phases      ] GC(1017)   Evacuate Collection Set: 114.86ms
[3969.635s][info][gc,phases      ] GC(1017)   Post Evacuate Collection Set: 0.90ms
[3969.635s][info][gc,phases      ] GC(1017)   Other: 0.11ms
[3969.635s][info][gc,heap        ] GC(1017) Eden regions: 1117->0(1117)
[3969.635s][info][gc,heap        ] GC(1017) Survivor regions: 111->111(154)
[3969.635s][info][gc,heap        ] GC(1017) Old regions: 474->507
[3969.635s][info][gc,heap        ] GC(1017) Humongous regions: 80->80
[3969.635s][info][gc,metaspace   ] GC(1017) Metaspace: 28911K(29312K)->28911K(29312K) NonClass: 24043K(24256K)->24043K(24256K) Class: 4868K(5056K)->4868K(5056K)
[3969.635s][info][gc             ] GC(1017) Pause Young (Concurrent Start) (G1 Evacuation Pause) 3562M->1393M(4096M) 116.876ms
[3969.635s][info][gc             ] GC(1018) Concurrent Mark Cycle
[3969.635s][info][gc,marking     ] GC(1018) Concurrent Scan Root Regions
[3969.635s][info][gc,cpu         ] GC(1017) User=0.69s Sys=0.00s Real=0.12s
[3969.814s][info][gc,marking     ] GC(1018) Concurrent Scan Root Regions 179.308ms
[3969.814s][info][gc,marking     ] GC(1018) Concurrent Mark
[3969.814s][info][gc,marking     ] GC(1018) Concurrent Mark From Roots
[3969.814s][info][gc,task        ] GC(1018) Using 2 workers of 2 for marking
.[3970.708s][info][gc,marking     ] GC(1018) Concurrent Mark From Roots 893.701ms
[3970.708s][info][gc,marking     ] GC(1018) Concurrent Preclean
[3970.708s][info][gc,marking     ] GC(1018) Concurrent Preclean 0.084ms
[3970.708s][info][gc,start       ] GC(1018) Pause Remark
[3970.715s][info][gc             ] GC(1018) Pause Remark 2355M->2355M(4096M) 6.848ms
[3970.715s][info][gc,cpu         ] GC(1018) User=0.03s Sys=0.01s Real=0.01s
[3970.715s][info][gc,marking     ] GC(1018) Concurrent Mark 900.923ms
[3970.715s][info][gc,marking     ] GC(1018) Concurrent Rebuild Remembered Sets and Scrub Regions
[3971.052s][info][gc,marking     ] GC(1018) Concurrent Rebuild Remembered Sets and Scrub Regions 336.784ms
[3971.052s][info][gc,start       ] GC(1018) Pause Cleanup
[3971.052s][info][gc             ] GC(1018) Pause Cleanup 2654M->2654M(4096M) 0.133ms
[3971.052s][info][gc,cpu         ] GC(1018) User=0.00s Sys=0.00s Real=0.00s
[3971.052s][info][gc,marking     ] GC(1018) Concurrent Clear Claimed Marks
[3971.052s][info][gc,marking     ] GC(1018) Concurrent Clear Claimed Marks 0.031ms
[3971.052s][info][gc,marking     ] GC(1018) Concurrent Cleanup for Next Mark
[3971.057s][info][gc,marking     ] GC(1018) Concurrent Cleanup for Next Mark 4.932ms
[3971.057s][info][gc             ] GC(1018) Concurrent Mark Cycle 1422.736ms
..[3972.214s][info][gc,start       ] GC(1019) Pause Young (Prepare Mixed) (G1 Evacuation Pause)
[3972.214s][info][gc,task        ] GC(1019) Using 6 workers of 6 for evacuation
[3972.330s][info][gc,phases      ] GC(1019)   Pre Evacuate Collection Set: 0.34ms
[3972.330s][info][gc,phases      ] GC(1019)   Merge Heap Roots: 0.49ms
[3972.330s][info][gc,phases      ] GC(1019)   Evacuate Collection Set: 113.91ms
[3972.330s][info][gc,phases      ] GC(1019)   Post Evacuate Collection Set: 0.92ms
[3972.330s][info][gc,phases      ] GC(1019)   Other: 0.08ms
[3972.330s][info][gc,heap        ] GC(1019) Eden regions: 1117->0(1106)
[3972.330s][info][gc,heap        ] GC(1019) Survivor regions: 111->110(154)
[3972.330s][info][gc,heap        ] GC(1019) Old regions: 507->539
[3972.330s][info][gc,heap        ] GC(1019) Humongous regions: 80->80
[3972.330s][info][gc,metaspace   ] GC(1019) Metaspace: 28911K(29312K)->28911K(29312K) NonClass: 24043K(24256K)->24043K(24256K) Class: 4868K(5056K)->4868K(5056K)
[3972.330s][info][gc             ] GC(1019) Pause Young (Prepare Mixed) (G1 Evacuation Pause) 3627M->1455M(4096M) 115.880ms
[3972.330s][info][gc,cpu         ] GC(1019) User=0.68s Sys=0.00s Real=0.11s
..[3974.866s][info][gc,start       ] GC(1020) Pause Young (Mixed) (G1 Evacuation Pause)
[3974.866s][info][gc,task        ] GC(1020) Using 6 workers of 6 for evacuation
[3975.001s][info][gc,phases      ] GC(1020)   Pre Evacuate Collection Set: 0.38ms
[3975.001s][info][gc,phases      ] GC(1020)   Merge Heap Roots: 0.72ms
[3975.001s][info][gc,phases      ] GC(1020)   Evacuate Collection Set: 133.21ms
[3975.001s][info][gc,phases      ] GC(1020)   Post Evacuate Collection Set: 0.93ms
[3975.001s][info][gc,phases      ] GC(1020)   Other: 0.10ms
[3975.001s][info][gc,heap        ] GC(1020) Eden regions: 1106->0(1115)
[3975.001s][info][gc,heap        ] GC(1020) Survivor regions: 110->113(152)
[3975.001s][info][gc,heap        ] GC(1020) Old regions: 539->474
[3975.001s][info][gc,heap        ] GC(1020) Humongous regions: 80->80
[3975.001s][info][gc,metaspace   ] GC(1020) Metaspace: 28911K(29312K)->28911K(29312K) NonClass: 24043K(24256K)->24043K(24256K) Class: 4868K(5056K)->4868K(5056K)
[3975.001s][info][gc             ] GC(1020) Pause Young (Mixed) (G1 Evacuation Pause) 3667M->1331M(4096M) 135.472ms
[3975.001s][info][gc,cpu         ] GC(1020) User=0.80s Sys=0.00s Real=0.13s
...[3977.500s][info][gc,start       ] GC(1021) Pause Young (Concurrent Start) (G1 Evacuation Pause)
[3977.500s][info][gc,task        ] GC(1021) Using 6 workers of 6 for evacuation
[3977.622s][info][gc,phases      ] GC(1021)   Pre Evacuate Collection Set: 0.37ms
[3977.622s][info][gc,phases      ] GC(1021)   Merge Heap Roots: 0.48ms
[3977.622s][info][gc,phases      ] GC(1021)   Evacuate Collection Set: 119.80ms
[3977.622s][info][gc,phases      ] GC(1021)   Post Evacuate Collection Set: 0.91ms
[3977.622s][info][gc,phases      ] GC(1021)   Other: 0.11ms
[3977.622s][info][gc,heap        ] GC(1021) Eden regions: 1115->0(1116)
[3977.622s][info][gc,heap        ] GC(1021) Survivor regions: 113->112(154)
[3977.622s][info][gc,heap        ] GC(1021) Old regions: 474->506
[3977.622s][info][gc,heap        ] GC(1021) Humongous regions: 80->80
[3977.622s][info][gc,metaspace   ] GC(1021) Metaspace: 28911K(29312K)->28911K(29312K) NonClass: 24043K(24256K)->24043K(24256K) Class: 4868K(5056K)->4868K(5056K)
[3977.622s][info][gc             ] GC(1021) Pause Young (Concurrent Start) (G1 Evacuation Pause) 3561M->1395M(4096M) 121.800ms
[3977.622s][info][gc             ] GC(1022) Concurrent Mark Cycle
[3977.622s][info][gc,marking     ] GC(1022) Concurrent Scan Root Regions
[3977.622s][info][gc,cpu         ] GC(1021) User=0.72s Sys=0.00s Real=0.12s
[3977.800s][info][gc,marking     ] GC(1022) Concurrent Scan Root Regions 177.330ms
[3977.800s][info][gc,marking     ] GC(1022) Concurrent Mark
[3977.800s][info][gc,marking     ] GC(1022) Concurrent Mark From Roots
[3977.800s][info][gc,task        ] GC(1022) Using 2 workers of 2 for marking
.[3978.767s][info][gc,marking     ] GC(1022) Concurrent Mark From Roots 967.326ms
[3978.767s][info][gc,marking     ] GC(1022) Concurrent Preclean
[3978.767s][info][gc,marking     ] GC(1022) Concurrent Preclean 0.108ms
[3978.767s][info][gc,start       ] GC(1022) Pause Remark
[3978.774s][info][gc             ] GC(1022) Pause Remark 2431M->2431M(4096M) 6.958ms
[3978.774s][info][gc,cpu         ] GC(1022) User=0.04s Sys=0.00s Real=0.01s
[3978.774s][info][gc,marking     ] GC(1022) Concurrent Mark 974.819ms
[3978.774s][info][gc,marking     ] GC(1022) Concurrent Rebuild Remembered Sets and Scrub Regions
[3979.147s][info][gc,marking     ] GC(1022) Concurrent Rebuild Remembered Sets and Scrub Regions 372.636ms
.[3979.154s][info][gc,start       ] GC(1022) Pause Cleanup
[3979.154s][info][gc             ] GC(1022) Pause Cleanup 2771M->2771M(4096M) 0.137ms
[3979.154s][info][gc,cpu         ] GC(1022) User=0.00s Sys=0.00s Real=0.00s
[3979.154s][info][gc,marking     ] GC(1022) Concurrent Clear Claimed Marks
[3979.154s][info][gc,marking     ] GC(1022) Concurrent Clear Claimed Marks 0.036ms
[3979.154s][info][gc,marking     ] GC(1022) Concurrent Cleanup for Next Mark
[3979.161s][info][gc,marking     ] GC(1022) Concurrent Cleanup for Next Mark 6.862ms
[3979.161s][info][gc             ] GC(1022) Concurrent Mark Cycle 1538.704ms
 (rIR:aIR:PR = 7057:7058:7058) (tPR = 104631) [OK] 
  3979s: Performance info:
         Transaction,    Success,    Partial,     Failed,   Receipts, AvgBarcode, 
             Overall,     427701,          0,          0,     406362,      59.47, 
         Response times:
             Request,    Success,    Partial,     Failed,   SkipFail,     Probes,    Samples,      min,      p50,      p90,      p95,      p99,      max, 
       TotalPurchase,     406372,          0,          0,          0,     361033,     425021,      300,     6300,    45000,    73000,   130000,   294000,
     InStorePurchase,     214501,          0,          0,          0,     189895,     223366,      300,     6300,    45000,    73000,   130000,   294000,
      OnlinePurchase,     149133,          0,          0,          0,     133208,     156655,      300,     6300,    44000,    74000,   130000,   294000,
        InstPurchase,      42738,          0,          0,          0,      37930,      45000,      300,     6400,    45000,    73950,   130000,   285000,
          AssocOfCat,        429,          0,          0,          0,        331,        500,    25000,    41000,    93000,   119000,   205980,   232000,
      AssocOfProduct,       4267,          0,          0,          0,       3994,       5019,      300,     6200,    43000,    77000,   137800,   220000,
      BusinessReport,       1068,          0,          0,          0,        948,       1254,    27000,    48500,   116500,   149000,   199450,   238000,
          CustBuyBeh,       4262,          0,          0,          0,       3957,       4884,      300,     5100,    43000,    72750,   129150,   247000,
       ProductReturn,      11313,          0,          0,          0,       9631,      11691,      300,     6000,    44000,    69000,   128000,   194000,

  3979s: (52%)   IR =   7195 .[3980.237s][info][gc,start       ] GC(1023) Pause Young (Prepare Mixed) (G1 Evacuation Pause)
[3980.237s][info][gc,task        ] GC(1023) Using 6 workers of 6 for evacuation
[3980.356s][info][gc,phases      ] GC(1023)   Pre Evacuate Collection Set: 0.32ms
[3980.356s][info][gc,phases      ] GC(1023)   Merge Heap Roots: 0.57ms
[3980.356s][info][gc,phases      ] GC(1023)   Evacuate Collection Set: 117.10ms
[3980.356s][info][gc,phases      ] GC(1023)   Post Evacuate Collection Set: 0.95ms
[3980.356s][info][gc,phases      ] GC(1023)   Other: 0.09ms
[3980.356s][info][gc,heap        ] GC(1023) Eden regions: 1116->0(1106)
[3980.356s][info][gc,heap        ] GC(1023) Survivor regions: 112->111(154)
[3980.356s][info][gc,heap        ] GC(1023) Old regions: 506->537
[3980.356s][info][gc,heap        ] GC(1023) Humongous regions: 80->80
[3980.356s][info][gc,metaspace   ] GC(1023) Metaspace: 28911K(29312K)->28911K(29312K) NonClass: 24043K(24256K)->24043K(24256K) Class: 4868K(5056K)->4868K(5056K)
[3980.356s][info][gc             ] GC(1023) Pause Young (Prepare Mixed) (G1 Evacuation Pause) 3627M->1455M(4096M) 119.154ms
[3980.356s][info][gc,cpu         ] GC(1023) User=0.71s Sys=0.00s Real=0.12s
..[3982.826s][info][gc,start       ] GC(1024) Pause Young (Mixed) (G1 Evacuation Pause)
[3982.826s][info][gc,task        ] GC(1024) Using 6 workers of 6 for evacuation
[3982.967s][info][gc,phases      ] GC(1024)   Pre Evacuate Collection Set: 0.36ms
[3982.967s][info][gc,phases      ] GC(1024)   Merge Heap Roots: 0.79ms
[3982.967s][info][gc,phases      ] GC(1024)   Evacuate Collection Set: 138.32ms
[3982.967s][info][gc,phases      ] GC(1024)   Post Evacuate Collection Set: 0.96ms
[3982.967s][info][gc,phases      ] GC(1024)   Other: 0.09ms
[3982.967s][info][gc,heap        ] GC(1024) Eden regions: 1106->0(1114)
[3982.967s][info][gc,heap        ] GC(1024) Survivor regions: 111->114(153)
[3982.967s][info][gc,heap        ] GC(1024) Old regions: 537->474
[3982.967s][info][gc,heap        ] GC(1024) Humongous regions: 80->80
[3982.967s][info][gc,metaspace   ] GC(1024) Metaspace: 28911K(29312K)->28911K(29312K) NonClass: 24043K(24256K)->24043K(24256K) Class: 4868K(5056K)->4868K(5056K)
[3982.967s][info][gc             ] GC(1024) Pause Young (Mixed) (G1 Evacuation Pause) 3667M->1333M(4096M) 140.685ms
[3982.967s][info][gc,cpu         ] GC(1024) User=0.83s Sys=0.00s Real=0.14s
...|[3985.476s][info][gc,start       ] GC(1025) Pause Young (Concurrent Start) (G1 Evacuation Pause)
[3985.476s][info][gc,task        ] GC(1025) Using 6 workers of 6 for evacuation
[3985.596s][info][gc,phases      ] GC(1025)   Pre Evacuate Collection Set: 0.42ms
[3985.596s][info][gc,phases      ] GC(1025)   Merge Heap Roots: 0.53ms
[3985.596s][info][gc,phases      ] GC(1025)   Evacuate Collection Set: 117.90ms
[3985.596s][info][gc,phases      ] GC(1025)   Post Evacuate Collection Set: 0.89ms
[3985.596s][info][gc,phases      ] GC(1025)   Other: 0.13ms
[3985.596s][info][gc,heap        ] GC(1025) Eden regions: 1114->0(1117)
[3985.596s][info][gc,heap        ] GC(1025) Survivor regions: 114->111(154)
[3985.596s][info][gc,heap        ] GC(1025) Old regions: 474->506
[3985.596s][info][gc,heap        ] GC(1025) Humongous regions: 80->80
[3985.596s][info][gc,metaspace   ] GC(1025) Metaspace: 28911K(29312K)->28911K(29312K) NonClass: 24043K(24256K)->24043K(24256K) Class: 4868K(5056K)->4868K(5056K)
[3985.596s][info][gc             ] GC(1025) Pause Young (Concurrent Start) (G1 Evacuation Pause) 3561M->1391M(4096M) 120.029ms
[3985.596s][info][gc             ] GC(1026) Concurrent Mark Cycle
[3985.596s][info][gc,marking     ] GC(1026) Concurrent Scan Root Regions
[3985.596s][info][gc,cpu         ] GC(1025) User=0.71s Sys=0.00s Real=0.12s
[3985.738s][info][gc,marking     ] GC(1026) Concurrent Scan Root Regions 141.915ms
[3985.738s][info][gc,marking     ] GC(1026) Concurrent Mark
[3985.738s][info][gc,marking     ] GC(1026) Concurrent Mark From Roots
[3985.738s][info][gc,task        ] GC(1026) Using 2 workers of 2 for marking
.[3986.480s][info][gc,marking     ] GC(1026) Concurrent Mark From Roots 742.148ms
[3986.480s][info][gc,marking     ] GC(1026) Concurrent Preclean
[3986.481s][info][gc,marking     ] GC(1026) Concurrent Preclean 0.153ms
[3986.481s][info][gc,start       ] GC(1026) Pause Remark
[3986.487s][info][gc             ] GC(1026) Pause Remark 2126M->2126M(4096M) 5.745ms
[3986.487s][info][gc,cpu         ] GC(1026) User=0.03s Sys=0.00s Real=0.01s
[3986.489s][info][gc,marking     ] GC(1026) Concurrent Mark 750.647ms
[3986.489s][info][gc,marking     ] GC(1026) Concurrent Rebuild Remembered Sets and Scrub Regions
[3986.790s][info][gc,marking     ] GC(1026) Concurrent Rebuild Remembered Sets and Scrub Regions 301.445ms
[3986.792s][info][gc,start       ] GC(1026) Pause Cleanup
[3986.793s][info][gc             ] GC(1026) Pause Cleanup 2439M->2439M(4096M) 0.134ms
[3986.793s][info][gc,cpu         ] GC(1026) User=0.00s Sys=0.00s Real=0.00s
[3986.793s][info][gc,marking     ] GC(1026) Concurrent Clear Claimed Marks
[3986.793s][info][gc,marking     ] GC(1026) Concurrent Clear Claimed Marks 0.037ms
[3986.793s][info][gc,marking     ] GC(1026) Concurrent Cleanup for Next Mark
[3986.805s][info][gc,marking     ] GC(1026) Concurrent Cleanup for Next Mark 11.590ms
[3986.805s][info][gc             ] GC(1026) Concurrent Mark Cycle 1208.473ms
.[3988.083s][info][gc,start       ] GC(1027) Pause Young (Prepare Mixed) (G1 Evacuation Pause)
[3988.083s][info][gc,task        ] GC(1027) Using 6 workers of 6 for evacuation
[3988.200s][info][gc,phases      ] GC(1027)   Pre Evacuate Collection Set: 0.35ms
[3988.200s][info][gc,phases      ] GC(1027)   Merge Heap Roots: 0.49ms
[3988.200s][info][gc,phases      ] GC(1027)   Evacuate Collection Set: 115.22ms
[3988.200s][info][gc,phases      ] GC(1027)   Post Evacuate Collection Set: 0.92ms
[3988.200s][info][gc,phases      ] GC(1027)   Other: 0.08ms
[3988.200s][info][gc,heap        ] GC(1027) Eden regions: 1117->0(1108)
[3988.200s][info][gc,heap        ] GC(1027) Survivor regions: 111->110(154)
[3988.200s][info][gc,heap        ] GC(1027) Old regions: 506->537
[3988.200s][info][gc,heap        ] GC(1027) Humongous regions: 80->80
[3988.200s][info][gc,metaspace   ] GC(1027) Metaspace: 28911K(29312K)->28911K(29312K) NonClass: 24043K(24256K)->24043K(24256K) Class: 4868K(5056K)->4868K(5056K)
[3988.200s][info][gc             ] GC(1027) Pause Young (Prepare Mixed) (G1 Evacuation Pause) 3625M->1452M(4096M) 117.217ms
[3988.200s][info][gc,cpu         ] GC(1027) User=0.69s Sys=0.00s Real=0.12s
...[3990.680s][info][gc,start       ] GC(1028) Pause Young (Mixed) (G1 Evacuation Pause)
[3990.680s][info][gc,task        ] GC(1028) Using 6 workers of 6 for evacuation
[3990.810s][info][gc,phases      ] GC(1028)   Pre Evacuate Collection Set: 0.40ms
[3990.810s][info][gc,phases      ] GC(1028)   Merge Heap Roots: 0.75ms
[3990.810s][info][gc,phases      ] GC(1028)   Evacuate Collection Set: 127.87ms
[3990.810s][info][gc,phases      ] GC(1028)   Post Evacuate Collection Set: 0.95ms
[3990.810s][info][gc,phases      ] GC(1028)   Other: 0.09ms
[3990.810s][info][gc,heap        ] GC(1028) Eden regions: 1108->0(1120)
[3990.810s][info][gc,heap        ] GC(1028) Survivor regions: 110->108(153)
[3990.810s][info][gc,heap        ] GC(1028) Old regions: 537->474
[3990.810s][info][gc,heap        ] GC(1028) Humongous regions: 80->80
[3990.810s][info][gc,metaspace   ] GC(1028) Metaspace: 28911K(29312K)->28911K(29312K) NonClass: 24043K(24256K)->24043K(24256K) Class: 4868K(5056K)->4868K(5056K)
[3990.810s][info][gc             ] GC(1028) Pause Young (Mixed) (G1 Evacuation Pause) 3668M->1322M(4096M) 130.202ms
[3990.810s][info][gc,cpu         ] GC(1028) User=0.77s Sys=0.00s Real=0.13s
..[3993.358s][info][gc,start       ] GC(1029) Pause Young (Concurrent Start) (G1 Evacuation Pause)
[3993.358s][info][gc,task        ] GC(1029) Using 6 workers of 6 for evacuation
[3993.477s][info][gc,phases      ] GC(1029)   Pre Evacuate Collection Set: 0.38ms
[3993.477s][info][gc,phases      ] GC(1029)   Merge Heap Roots: 0.49ms
[3993.477s][info][gc,phases      ] GC(1029)   Evacuate Collection Set: 116.92ms
[3993.477s][info][gc,phases      ] GC(1029)   Post Evacuate Collection Set: 0.89ms
[3993.477s][info][gc,phases      ] GC(1029)   Other: 0.11ms
[3993.477s][info][gc,heap        ] GC(1029) Eden regions: 1120->0(1117)
[3993.477s][info][gc,heap        ] GC(1029) Survivor regions: 108->111(154)
[3993.477s][info][gc,heap        ] GC(1029) Old regions: 474->506
[3993.477s][info][gc,heap        ] GC(1029) Humongous regions: 80->80
[3993.477s][info][gc,metaspace   ] GC(1029) Metaspace: 28911K(29312K)->28911K(29312K) NonClass: 24043K(24256K)->24043K(24256K) Class: 4868K(5056K)->4868K(5056K)
[3993.477s][info][gc             ] GC(1029) Pause Young (Concurrent Start) (G1 Evacuation Pause) 3562M->1392M(4096M) 118.917ms
[3993.477s][info][gc             ] GC(1030) Concurrent Mark Cycle
[3993.477s][info][gc,marking     ] GC(1030) Concurrent Scan Root Regions
[3993.477s][info][gc,cpu         ] GC(1029) User=0.71s Sys=0.00s Real=0.12s
.[3993.619s][info][gc,marking     ] GC(1030) Concurrent Scan Root Regions 142.063ms
[3993.619s][info][gc,marking     ] GC(1030) Concurrent Mark
[3993.619s][info][gc,marking     ] GC(1030) Concurrent Mark From Roots
[3993.619s][info][gc,task        ] GC(1030) Using 2 workers of 2 for marking
[3994.325s][info][gc,marking     ] GC(1030) Concurrent Mark From Roots 706.032ms
[3994.325s][info][gc,marking     ] GC(1030) Concurrent Preclean
[3994.325s][info][gc,marking     ] GC(1030) Concurrent Preclean 0.131ms
[3994.327s][info][gc,start       ] GC(1030) Pause Remark
[3994.332s][info][gc             ] GC(1030) Pause Remark 2168M->2168M(4096M) 5.305ms
[3994.332s][info][gc,cpu         ] GC(1030) User=0.03s Sys=0.00s Real=0.00s
[3994.332s][info][gc,marking     ] GC(1030) Concurrent Mark 713.122ms
[3994.332s][info][gc,marking     ] GC(1030) Concurrent Rebuild Remembered Sets and Scrub Regions
.[3994.609s][info][gc,marking     ] GC(1030) Concurrent Rebuild Remembered Sets and Scrub Regions 277.221ms
[3994.610s][info][gc,start       ] GC(1030) Pause Cleanup
[3994.610s][info][gc             ] GC(1030) Pause Cleanup 2418M->2418M(4096M) 0.131ms
[3994.610s][info][gc,cpu         ] GC(1030) User=0.00s Sys=0.00s Real=0.00s
[3994.611s][info][gc,marking     ] GC(1030) Concurrent Clear Claimed Marks
[3994.611s][info][gc,marking     ] GC(1030) Concurrent Clear Claimed Marks 0.064ms
[3994.611s][info][gc,marking     ] GC(1030) Concurrent Cleanup for Next Mark
[3994.616s][info][gc,marking     ] GC(1030) Concurrent Cleanup for Next Mark 4.528ms
[3994.616s][info][gc             ] GC(1030) Concurrent Mark Cycle 1139.261ms
.[3995.941s][info][gc,start       ] GC(1031) Pause Young (Prepare Mixed) (G1 Evacuation Pause)
[3995.941s][info][gc,task        ] GC(1031) Using 6 workers of 6 for evacuation
[3996.057s][info][gc,phases      ] GC(1031)   Pre Evacuate Collection Set: 0.34ms
[3996.057s][info][gc,phases      ] GC(1031)   Merge Heap Roots: 0.51ms
[3996.057s][info][gc,phases      ] GC(1031)   Evacuate Collection Set: 114.93ms
[3996.057s][info][gc,phases      ] GC(1031)   Post Evacuate Collection Set: 0.95ms
[3996.057s][info][gc,phases      ] GC(1031)   Other: 0.09ms
[3996.057s][info][gc,heap        ] GC(1031) Eden regions: 1117->0(1110)
[3996.057s][info][gc,heap        ] GC(1031) Survivor regions: 111->109(154)
[3996.058s][info][gc,heap        ] GC(1031) Old regions: 506->537
[3996.058s][info][gc,heap        ] GC(1031) Humongous regions: 80->80
[3996.058s][info][gc,metaspace   ] GC(1031) Metaspace: 28911K(29312K)->28911K(29312K) NonClass: 24043K(24256K)->24043K(24256K) Class: 4868K(5056K)->4868K(5056K)
[3996.058s][info][gc             ] GC(1031) Pause Young (Prepare Mixed) (G1 Evacuation Pause) 3626M->1451M(4096M) 116.956ms
[3996.058s][info][gc,cpu         ] GC(1031) User=0.69s Sys=0.00s Real=0.12s
...[3998.609s][info][gc,start       ] GC(1032) Pause Young (Mixed) (G1 Evacuation Pause)
[3998.609s][info][gc,task        ] GC(1032) Using 6 workers of 6 for evacuation
[3998.742s][info][gc,phases      ] GC(1032)   Pre Evacuate Collection Set: 0.39ms
[3998.742s][info][gc,phases      ] GC(1032)   Merge Heap Roots: 0.75ms
[3998.742s][info][gc,phases      ] GC(1032)   Evacuate Collection Set: 130.54ms
[3998.742s][info][gc,phases      ] GC(1032)   Post Evacuate Collection Set: 0.93ms
[3998.742s][info][gc,phases      ] GC(1032)   Other: 0.09ms
[3998.742s][info][gc,heap        ] GC(1032) Eden regions: 1110->0(1120)
[3998.742s][info][gc,heap        ] GC(1032) Survivor regions: 109->108(153)
[3998.742s][info][gc,heap        ] GC(1032) Old regions: 537->472
[3998.742s][info][gc,heap        ] GC(1032) Humongous regions: 80->80
[3998.742s][info][gc,metaspace   ] GC(1032) Metaspace: 28911K(29312K)->28911K(29312K) NonClass: 24043K(24256K)->24043K(24256K) Class: 4868K(5056K)->4868K(5056K)
[3998.742s][info][gc             ] GC(1032) Pause Young (Mixed) (G1 Evacuation Pause) 3671M->1318M(4096M) 132.832ms
[3998.742s][info][gc,cpu         ] GC(1032) User=0.79s Sys=0.00s Real=0.13s
..[4001.231s][info][gc,start       ] GC(1033) Pause Young (Concurrent Start) (G1 Evacuation Pause)
[4001.231s][info][gc,task        ] GC(1033) Using 6 workers of 6 for evacuation
[4001.348s][info][gc,phases      ] GC(1033)   Pre Evacuate Collection Set: 0.40ms
[4001.348s][info][gc,phases      ] GC(1033)   Merge Heap Roots: 0.47ms
[4001.348s][info][gc,phases      ] GC(1033)   Evacuate Collection Set: 115.10ms
[4001.348s][info][gc,phases      ] GC(1033)   Post Evacuate Collection Set: 0.91ms
[4001.348s][info][gc,phases      ] GC(1033)   Other: 0.10ms
[4001.348s][info][gc,heap        ] GC(1033) Eden regions: 1120->0(1118)
[4001.348s][info][gc,heap        ] GC(1033) Survivor regions: 108->110(154)
[4001.348s][info][gc,heap        ] GC(1033) Old regions: 472->504
[4001.348s][info][gc,heap        ] GC(1033) Humongous regions: 80->80
[4001.348s][info][gc,metaspace   ] GC(1033) Metaspace: 28911K(29312K)->28911K(29312K) NonClass: 24043K(24256K)->24043K(24256K) Class: 4868K(5056K)->4868K(5056K)
[4001.348s][info][gc             ] GC(1033) Pause Young (Concurrent Start) (G1 Evacuation Pause) 3558M->1386M(4096M) 117.108ms
[4001.348s][info][gc             ] GC(1034) Concurrent Mark Cycle
[4001.348s][info][gc,marking     ] GC(1034) Concurrent Scan Root Regions
[4001.348s][info][gc,cpu         ] GC(1033) User=0.69s Sys=0.00s Real=0.12s
[4001.502s][info][gc,marking     ] GC(1034) Concurrent Scan Root Regions 153.613ms
[4001.502s][info][gc,marking     ] GC(1034) Concurrent Mark
[4001.502s][info][gc,marking     ] GC(1034) Concurrent Mark From Roots
[4001.502s][info][gc,task        ] GC(1034) Using 2 workers of 2 for marking
.[4002.199s][info][gc,marking     ] GC(1034) Concurrent Mark From Roots 697.285ms
[4002.199s][info][gc,marking     ] GC(1034) Concurrent Preclean
[4002.199s][info][gc,marking     ] GC(1034) Concurrent Preclean 0.131ms
[4002.200s][info][gc,start       ] GC(1034) Pause Remark
[4002.205s][info][gc             ] GC(1034) Pause Remark 2082M->2082M(4096M) 4.995ms
[4002.205s][info][gc,cpu         ] GC(1034) User=0.02s Sys=0.00s Real=0.01s
[4002.208s][info][gc,marking     ] GC(1034) Concurrent Mark 706.648ms
[4002.209s][info][gc,marking     ] GC(1034) Concurrent Rebuild Remembered Sets and Scrub Regions
[4002.501s][info][gc,marking     ] GC(1034) Concurrent Rebuild Remembered Sets and Scrub Regions 292.084ms
[4002.501s][info][gc,start       ] GC(1034) Pause Cleanup
[4002.501s][info][gc             ] GC(1034) Pause Cleanup 2381M->2381M(4096M) 0.132ms
[4002.501s][info][gc,cpu         ] GC(1034) User=0.00s Sys=0.00s Real=0.00s
[4002.501s][info][gc,marking     ] GC(1034) Concurrent Clear Claimed Marks
[4002.501s][info][gc,marking     ] GC(1034) Concurrent Clear Claimed Marks 0.031ms
[4002.501s][info][gc,marking     ] GC(1034) Concurrent Cleanup for Next Mark
[4002.506s][info][gc,marking     ] GC(1034) Concurrent Cleanup for Next Mark 4.510ms
[4002.506s][info][gc             ] GC(1034) Concurrent Mark Cycle 1157.508ms
..[4003.799s][info][gc,start       ] GC(1035) Pause Young (Prepare Mixed) (G1 Evacuation Pause)
[4003.799s][info][gc,task        ] GC(1035) Using 6 workers of 6 for evacuation
[4003.915s][info][gc,phases      ] GC(1035)   Pre Evacuate Collection Set: 0.34ms
[4003.915s][info][gc,phases      ] GC(1035)   Merge Heap Roots: 0.53ms
[4003.915s][info][gc,phases      ] GC(1035)   Evacuate Collection Set: 113.94ms
[4003.915s][info][gc,phases      ] GC(1035)   Post Evacuate Collection Set: 0.97ms
[4003.915s][info][gc,phases      ] GC(1035)   Other: 0.09ms
[4003.915s][info][gc,heap        ] GC(1035) Eden regions: 1118->0(1112)
[4003.915s][info][gc,heap        ] GC(1035) Survivor regions: 110->108(154)
[4003.915s][info][gc,heap        ] GC(1035) Old regions: 504->537
[4003.915s][info][gc,heap        ] GC(1035) Humongous regions: 80->80
[4003.915s][info][gc,metaspace   ] GC(1035) Metaspace: 28911K(29312K)->28911K(29312K) NonClass: 24043K(24256K)->24043K(24256K) Class: 4868K(5056K)->4868K(5056K)
[4003.915s][info][gc             ] GC(1035) Pause Young (Prepare Mixed) (G1 Evacuation Pause) 3622M->1448M(4096M) 115.995ms
[4003.915s][info][gc,cpu         ] GC(1035) User=0.69s Sys=0.00s Real=0.12s
..[4006.460s][info][gc,start       ] GC(1036) Pause Young (Mixed) (G1 Evacuation Pause)
[4006.460s][info][gc,task        ] GC(1036) Using 6 workers of 6 for evacuation
[4006.599s][info][gc,phases      ] GC(1036)   Pre Evacuate Collection Set: 0.37ms
[4006.599s][info][gc,phases      ] GC(1036)   Merge Heap Roots: 0.83ms
[4006.599s][info][gc,phases      ] GC(1036)   Evacuate Collection Set: 136.82ms
[4006.599s][info][gc,phases      ] GC(1036)   Post Evacuate Collection Set: 0.94ms
[4006.599s][info][gc,phases      ] GC(1036)   Other: 0.09ms
[4006.599s][info][gc,heap        ] GC(1036) Eden regions: 1112->0(1115)
[4006.599s][info][gc,heap        ] GC(1036) Survivor regions: 108->113(153)
[4006.599s][info][gc,heap        ] GC(1036) Old regions: 537->474
[4006.599s][info][gc,heap        ] GC(1036) Humongous regions: 80->80
[4006.599s][info][gc,metaspace   ] GC(1036) Metaspace: 28911K(29312K)->28911K(29312K) NonClass: 24043K(24256K)->24043K(24256K) Class: 4868K(5056K)->4868K(5056K)
[4006.599s][info][gc             ] GC(1036) Pause Young (Mixed) (G1 Evacuation Pause) 3672M->1332M(4096M) 139.181ms
[4006.599s][info][gc,cpu         ] GC(1036) User=0.82s Sys=0.00s Real=0.14s
...[4009.056s][info][gc,start       ] GC(1037) Pause Young (Concurrent Start) (G1 Evacuation Pause)
[4009.056s][info][gc,task        ] GC(1037) Using 6 workers of 6 for evacuation
[4009.175s][info][gc,phases      ] GC(1037)   Pre Evacuate Collection Set: 0.40ms
[4009.175s][info][gc,phases      ] GC(1037)   Merge Heap Roots: 0.43ms
[4009.175s][info][gc,phases      ] GC(1037)   Evacuate Collection Set: 116.94ms
[4009.175s][info][gc,phases      ] GC(1037)   Post Evacuate Collection Set: 0.82ms
[4009.175s][info][gc,phases      ] GC(1037)   Other: 0.12ms
[4009.175s][info][gc,heap        ] GC(1037) Eden regions: 1115->0(1117)
[4009.175s][info][gc,heap        ] GC(1037) Survivor regions: 113->111(154)
[4009.175s][info][gc,heap        ] GC(1037) Old regions: 474->506
[4009.175s][info][gc,heap        ] GC(1037) Humongous regions: 80->80
[4009.175s][info][gc,metaspace   ] GC(1037) Metaspace: 28911K(29312K)->28911K(29312K) NonClass: 24043K(24256K)->24043K(24256K) Class: 4868K(5056K)->4868K(5056K)
[4009.175s][info][gc             ] GC(1037) Pause Young (Concurrent Start) (G1 Evacuation Pause) 3562M->1392M(4096M) 118.844ms
[4009.175s][info][gc             ] GC(1038) Concurrent Mark Cycle
[4009.175s][info][gc,marking     ] GC(1038) Concurrent Scan Root Regions
[4009.175s][info][gc,cpu         ] GC(1037) User=0.70s Sys=0.00s Real=0.12s
[4009.322s][info][gc,marking     ] GC(1038) Concurrent Scan Root Regions 146.615ms
[4009.322s][info][gc,marking     ] GC(1038) Concurrent Mark
[4009.322s][info][gc,marking     ] GC(1038) Concurrent Mark From Roots
[4009.322s][info][gc,task        ] GC(1038) Using 2 workers of 2 for marking
.[4010.021s][info][gc,marking     ] GC(1038) Concurrent Mark From Roots 698.750ms
[4010.021s][info][gc,marking     ] GC(1038) Concurrent Preclean
[4010.021s][info][gc,marking     ] GC(1038) Concurrent Preclean 0.105ms
[4010.022s][info][gc,start       ] GC(1038) Pause Remark
[4010.027s][info][gc             ] GC(1038) Pause Remark 2146M->2146M(4096M) 5.310ms
[4010.027s][info][gc,cpu         ] GC(1038) User=0.03s Sys=0.00s Real=0.01s
[4010.027s][info][gc,marking     ] GC(1038) Concurrent Mark 705.336ms
[4010.027s][info][gc,marking     ] GC(1038) Concurrent Rebuild Remembered Sets and Scrub Regions
[4010.294s][info][gc,marking     ] GC(1038) Concurrent Rebuild Remembered Sets and Scrub Regions 267.036ms
[4010.295s][info][gc,start       ] GC(1038) Pause Cleanup
[4010.295s][info][gc             ] GC(1038) Pause Cleanup 2403M->2403M(4096M) 0.123ms
[4010.295s][info][gc,cpu         ] GC(1038) User=0.00s Sys=0.00s Real=0.00s
[4010.295s][info][gc,marking     ] GC(1038) Concurrent Clear Claimed Marks
[4010.295s][info][gc,marking     ] GC(1038) Concurrent Clear Claimed Marks 0.036ms
[4010.295s][info][gc,marking     ] GC(1038) Concurrent Cleanup for Next Mark
[4010.301s][info][gc,marking     ] GC(1038) Concurrent Cleanup for Next Mark 5.705ms
[4010.301s][info][gc             ] GC(1038) Concurrent Mark Cycle 1125.831ms
.[4011.683s][info][gc,start       ] GC(1039) Pause Young (Prepare Mixed) (G1 Evacuation Pause)
[4011.683s][info][gc,task        ] GC(1039) Using 6 workers of 6 for evacuation
[4011.804s][info][gc,phases      ] GC(1039)   Pre Evacuate Collection Set: 0.33ms
[4011.804s][info][gc,phases      ] GC(1039)   Merge Heap Roots: 0.59ms
[4011.804s][info][gc,phases      ] GC(1039)   Evacuate Collection Set: 118.70ms
[4011.804s][info][gc,phases      ] GC(1039)   Post Evacuate Collection Set: 0.98ms
[4011.804s][info][gc,phases      ] GC(1039)   Other: 0.09ms
[4011.804s][info][gc,heap        ] GC(1039) Eden regions: 1117->0(1105)
[4011.804s][info][gc,heap        ] GC(1039) Survivor regions: 111->111(154)
[4011.804s][info][gc,heap        ] GC(1039) Old regions: 506->538
[4011.804s][info][gc,heap        ] GC(1039) Humongous regions: 80->80
[4011.804s][info][gc,metaspace   ] GC(1039) Metaspace: 28911K(29312K)->28911K(29312K) NonClass: 24043K(24256K)->24043K(24256K) Class: 4868K(5056K)->4868K(5056K)
[4011.804s][info][gc             ] GC(1039) Pause Young (Prepare Mixed) (G1 Evacuation Pause) 3626M->1456M(4096M) 120.830ms
[4011.804s][info][gc,cpu         ] GC(1039) User=0.71s Sys=0.00s Real=0.12s
...[4014.342s][info][gc,start       ] GC(1040) Pause Young (Mixed) (G1 Evacuation Pause)
[4014.342s][info][gc,task        ] GC(1040) Using 6 workers of 6 for evacuation
[4014.474s][info][gc,phases      ] GC(1040)   Pre Evacuate Collection Set: 0.39ms
[4014.474s][info][gc,phases      ] GC(1040)   Merge Heap Roots: 0.67ms
[4014.474s][info][gc,phases      ] GC(1040)   Evacuate Collection Set: 129.99ms
[4014.474s][info][gc,phases      ] GC(1040)   Post Evacuate Collection Set: 0.95ms
[4014.474s][info][gc,phases      ] GC(1040)   Other: 0.09ms
[4014.474s][info][gc,heap        ] GC(1040) Eden regions: 1105->0(1118)
[4014.474s][info][gc,heap        ] GC(1040) Survivor regions: 111->110(152)
[4014.474s][info][gc,heap        ] GC(1040) Old regions: 538->473
[4014.474s][info][gc,heap        ] GC(1040) Humongous regions: 80->80
[4014.474s][info][gc,metaspace   ] GC(1040) Metaspace: 28911K(29312K)->28911K(29312K) NonClass: 24043K(24256K)->24043K(24256K) Class: 4868K(5056K)->4868K(5056K)
[4014.474s][info][gc             ] GC(1040) Pause Young (Mixed) (G1 Evacuation Pause) 3666M->1325M(4096M) 132.248ms
[4014.474s][info][gc,cpu         ] GC(1040) User=0.79s Sys=0.00s Real=0.14s
...[4016.939s][info][gc,start       ] GC(1041) Pause Young (Concurrent Start) (G1 Evacuation Pause)
[4016.939s][info][gc,task        ] GC(1041) Using 6 workers of 6 for evacuation
[4017.057s][info][gc,phases      ] GC(1041)   Pre Evacuate Collection Set: 0.41ms
[4017.057s][info][gc,phases      ] GC(1041)   Merge Heap Roots: 0.46ms
[4017.057s][info][gc,phases      ] GC(1041)   Evacuate Collection Set: 116.19ms
[4017.057s][info][gc,phases      ] GC(1041)   Post Evacuate Collection Set: 0.90ms
[4017.057s][info][gc,phases      ] GC(1041)   Other: 0.13ms
[4017.057s][info][gc,heap        ] GC(1041) Eden regions: 1118->0(1117)
[4017.057s][info][gc,heap        ] GC(1041) Survivor regions: 110->111(154)
[4017.057s][info][gc,heap        ] GC(1041) Old regions: 473->505
[4017.057s][info][gc,heap        ] GC(1041) Humongous regions: 80->80
[4017.057s][info][gc,metaspace   ] GC(1041) Metaspace: 28911K(29312K)->28911K(29312K) NonClass: 24043K(24256K)->24043K(24256K) Class: 4868K(5056K)->4868K(5056K)
[4017.057s][info][gc             ] GC(1041) Pause Young (Concurrent Start) (G1 Evacuation Pause) 3561M->1390M(4096M) 118.229ms
[4017.057s][info][gc             ] GC(1042) Concurrent Mark Cycle
[4017.057s][info][gc,marking     ] GC(1042) Concurrent Scan Root Regions
[4017.057s][info][gc,cpu         ] GC(1041) User=0.70s Sys=0.00s Real=0.12s
[4017.230s][info][gc,marking     ] GC(1042) Concurrent Scan Root Regions 172.831ms
[4017.230s][info][gc,marking     ] GC(1042) Concurrent Mark
[4017.230s][info][gc,marking     ] GC(1042) Concurrent Mark From Roots
[4017.230s][info][gc,task        ] GC(1042) Using 2 workers of 2 for marking
.[4018.192s][info][gc,marking     ] GC(1042) Concurrent Mark From Roots 961.756ms
[4018.192s][info][gc,marking     ] GC(1042) Concurrent Preclean
[4018.192s][info][gc,marking     ] GC(1042) Concurrent Preclean 0.141ms
[4018.193s][info][gc,start       ] GC(1042) Pause Remark
[4018.199s][info][gc             ] GC(1042) Pause Remark 2451M->2451M(4096M) 6.076ms
[4018.199s][info][gc,cpu         ] GC(1042) User=0.04s Sys=0.00s Real=0.00s
[4018.202s][info][gc,marking     ] GC(1042) Concurrent Mark 971.235ms
[4018.202s][info][gc,marking     ] GC(1042) Concurrent Rebuild Remembered Sets and Scrub Regions
[4018.556s][info][gc,marking     ] GC(1042) Concurrent Rebuild Remembered Sets and Scrub Regions 354.156ms
[4018.556s][info][gc,start       ] GC(1042) Pause Cleanup
[4018.556s][info][gc             ] GC(1042) Pause Cleanup 2762M->2762M(4096M) 0.121ms
[4018.556s][info][gc,cpu         ] GC(1042) User=0.00s Sys=0.00s Real=0.00s
[4018.556s][info][gc,marking     ] GC(1042) Concurrent Clear Claimed Marks
[4018.556s][info][gc,marking     ] GC(1042) Concurrent Clear Claimed Marks 0.027ms
[4018.556s][info][gc,marking     ] GC(1042) Concurrent Cleanup for Next Mark
[4018.562s][info][gc,marking     ] GC(1042) Concurrent Cleanup for Next Mark 5.467ms
[4018.562s][info][gc             ] GC(1042) Concurrent Mark Cycle 1504.251ms
.[4019.561s][info][gc,start       ] GC(1043) Pause Young (Prepare Mixed) (G1 Evacuation Pause)
[4019.561s][info][gc,task        ] GC(1043) Using 6 workers of 6 for evacuation
[4019.682s][info][gc,phases      ] GC(1043)   Pre Evacuate Collection Set: 0.33ms
[4019.682s][info][gc,phases      ] GC(1043)   Merge Heap Roots: 0.54ms
[4019.682s][info][gc,phases      ] GC(1043)   Evacuate Collection Set: 119.63ms
[4019.682s][info][gc,phases      ] GC(1043)   Post Evacuate Collection Set: 0.93ms
[4019.682s][info][gc,phases      ] GC(1043)   Other: 0.10ms
[4019.682s][info][gc,heap        ] GC(1043) Eden regions: 1117->0(1103)
[4019.682s][info][gc,heap        ] GC(1043) Survivor regions: 111->113(154)
[4019.682s][info][gc,heap        ] GC(1043) Old regions: 505->536
[4019.682s][info][gc,heap        ] GC(1043) Humongous regions: 80->80
[4019.682s][info][gc,metaspace   ] GC(1043) Metaspace: 28911K(29312K)->28911K(29312K) NonClass: 24043K(24256K)->24043K(24256K) Class: 4868K(5056K)->4868K(5056K)
[4019.682s][info][gc             ] GC(1043) Pause Young (Prepare Mixed) (G1 Evacuation Pause) 3624M->1457M(4096M) 121.668ms
[4019.682s][info][gc,cpu         ] GC(1043) User=0.72s Sys=0.00s Real=0.12s
...[4022.127s][info][gc,start       ] GC(1044) Pause Young (Mixed) (G1 Evacuation Pause)
[4022.127s][info][gc,task        ] GC(1044) Using 6 workers of 6 for evacuation
[4022.260s][info][gc,phases      ] GC(1044)   Pre Evacuate Collection Set: 0.41ms
[4022.260s][info][gc,phases      ] GC(1044)   Merge Heap Roots: 0.72ms
[4022.260s][info][gc,phases      ] GC(1044)   Evacuate Collection Set: 131.48ms
[4022.260s][info][gc,phases      ] GC(1044)   Post Evacuate Collection Set: 0.98ms
[4022.260s][info][gc,phases      ] GC(1044)   Other: 0.09ms
[4022.260s][info][gc,heap        ] GC(1044) Eden regions: 1103->0(1119)
[4022.260s][info][gc,heap        ] GC(1044) Survivor regions: 113->109(152)
[4022.260s][info][gc,heap        ] GC(1044) Old regions: 536->474
[4022.260s][info][gc,heap        ] GC(1044) Humongous regions: 80->80
[4022.261s][info][gc,metaspace   ] GC(1044) Metaspace: 28911K(29312K)->28911K(29312K) NonClass: 24043K(24256K)->24043K(24256K) Class: 4868K(5056K)->4868K(5056K)
[4022.261s][info][gc             ] GC(1044) Pause Young (Mixed) (G1 Evacuation Pause) 3663M->1323M(4096M) 133.814ms
[4022.261s][info][gc,cpu         ] GC(1044) User=0.79s Sys=0.00s Real=0.13s
..[4024.767s][info][gc,start       ] GC(1045) Pause Young (Concurrent Start) (G1 Evacuation Pause)
[4024.767s][info][gc,task        ] GC(1045) Using 6 workers of 6 for evacuation
[4024.883s][info][gc,phases      ] GC(1045)   Pre Evacuate Collection Set: 0.37ms
[4024.883s][info][gc,phases      ] GC(1045)   Merge Heap Roots: 0.48ms
[4024.883s][info][gc,phases      ] GC(1045)   Evacuate Collection Set: 113.99ms
[4024.883s][info][gc,phases      ] GC(1045)   Post Evacuate Collection Set: 0.86ms
[4024.883s][info][gc,phases      ] GC(1045)   Other: 0.10ms
[4024.883s][info][gc,heap        ] GC(1045) Eden regions: 1119->0(1120)
[4024.883s][info][gc,heap        ] GC(1045) Survivor regions: 109->108(154)
[4024.883s][info][gc,heap        ] GC(1045) Old regions: 474->505
[4024.883s][info][gc,heap        ] GC(1045) Humongous regions: 80->80
[4024.883s][info][gc,metaspace   ] GC(1045) Metaspace: 28911K(29312K)->28911K(29312K) NonClass: 24043K(24256K)->24043K(24256K) Class: 4868K(5056K)->4868K(5056K)
[4024.883s][info][gc             ] GC(1045) Pause Young (Concurrent Start) (G1 Evacuation Pause) 3561M->1384M(4096M) 115.939ms
[4024.883s][info][gc             ] GC(1046) Concurrent Mark Cycle
[4024.883s][info][gc,marking     ] GC(1046) Concurrent Scan Root Regions
[4024.883s][info][gc,cpu         ] GC(1045) User=0.69s Sys=0.00s Real=0.11s
[4025.060s][info][gc,marking     ] GC(1046) Concurrent Scan Root Regions 177.117ms
[4025.061s][info][gc,marking     ] GC(1046) Concurrent Mark
[4025.061s][info][gc,marking     ] GC(1046) Concurrent Mark From Roots
[4025.061s][info][gc,task        ] GC(1046) Using 2 workers of 2 for marking
.[4026.011s][info][gc,marking     ] GC(1046) Concurrent Mark From Roots 950.136ms
[4026.011s][info][gc,marking     ] GC(1046) Concurrent Preclean
[4026.011s][info][gc,marking     ] GC(1046) Concurrent Preclean 0.126ms
[4026.015s][info][gc,start       ] GC(1046) Pause Remark
[4026.021s][info][gc             ] GC(1046) Pause Remark 2402M->2402M(4096M) 6.743ms
[4026.021s][info][gc,cpu         ] GC(1046) User=0.04s Sys=0.00s Real=0.00s
[4026.022s][info][gc,marking     ] GC(1046) Concurrent Mark 960.775ms
[4026.022s][info][gc,marking     ] GC(1046) Concurrent Rebuild Remembered Sets and Scrub Regions
.[4026.337s][info][gc,marking     ] GC(1046) Concurrent Rebuild Remembered Sets and Scrub Regions 315.187ms
[4026.337s][info][gc,start       ] GC(1046) Pause Cleanup
[4026.337s][info][gc             ] GC(1046) Pause Cleanup 2687M->2687M(4096M) 0.121ms
[4026.337s][info][gc,cpu         ] GC(1046) User=0.00s Sys=0.00s Real=0.00s
[4026.337s][info][gc,marking     ] GC(1046) Concurrent Clear Claimed Marks
[4026.337s][info][gc,marking     ] GC(1046) Concurrent Clear Claimed Marks 0.023ms
[4026.337s][info][gc,marking     ] GC(1046) Concurrent Cleanup for Next Mark
[4026.341s][info][gc,marking     ] GC(1046) Concurrent Cleanup for Next Mark 4.314ms
[4026.341s][info][gc             ] GC(1046) Concurrent Mark Cycle 1458.696ms
.[4027.440s][info][gc,start       ] GC(1047) Pause Young (Prepare Mixed) (G1 Evacuation Pause)
[4027.440s][info][gc,task        ] GC(1047) Using 6 workers of 6 for evacuation
[4027.565s][info][gc,phases      ] GC(1047)   Pre Evacuate Collection Set: 0.36ms
[4027.565s][info][gc,phases      ] GC(1047)   Merge Heap Roots: 0.57ms
[4027.565s][info][gc,phases      ] GC(1047)   Evacuate Collection Set: 123.22ms
[4027.565s][info][gc,phases      ] GC(1047)   Post Evacuate Collection Set: 0.93ms
[4027.565s][info][gc,phases      ] GC(1047)   Other: 0.09ms
[4027.565s][info][gc,heap        ] GC(1047) Eden regions: 1120->0(1097)
[4027.565s][info][gc,heap        ] GC(1047) Survivor regions: 108->116(154)
[4027.565s][info][gc,heap        ] GC(1047) Old regions: 505->536
[4027.565s][info][gc,heap        ] GC(1047) Humongous regions: 80->80
[4027.565s][info][gc,metaspace   ] GC(1047) Metaspace: 28911K(29312K)->28911K(29312K) NonClass: 24043K(24256K)->24043K(24256K) Class: 4868K(5056K)->4868K(5056K)
[4027.565s][info][gc             ] GC(1047) Pause Young (Prepare Mixed) (G1 Evacuation Pause) 3624M->1463M(4096M) 125.308ms
[4027.565s][info][gc,cpu         ] GC(1047) User=0.74s Sys=0.00s Real=0.13s
..[4030.077s][info][gc,start       ] GC(1048) Pause Young (Mixed) (G1 Evacuation Pause)
[4030.077s][info][gc,task        ] GC(1048) Using 6 workers of 6 for evacuation
[4030.213s][info][gc,phases      ] GC(1048)   Pre Evacuate Collection Set: 0.38ms
[4030.213s][info][gc,phases      ] GC(1048)   Merge Heap Roots: 0.68ms
[4030.213s][info][gc,phases      ] GC(1048)   Evacuate Collection Set: 133.61ms
[4030.213s][info][gc,phases      ] GC(1048)   Post Evacuate Collection Set: 0.93ms
[4030.213s][info][gc,phases      ] GC(1048)   Other: 0.84ms
[4030.213s][info][gc,heap        ] GC(1048) Eden regions: 1097->0(1114)
[4030.213s][info][gc,heap        ] GC(1048) Survivor regions: 116->114(152)
[4030.213s][info][gc,heap        ] GC(1048) Old regions: 536->473
[4030.213s][info][gc,heap        ] GC(1048) Humongous regions: 80->80
[4030.213s][info][gc,metaspace   ] GC(1048) Metaspace: 28911K(29312K)->28911K(29312K) NonClass: 24043K(24256K)->24043K(24256K) Class: 4868K(5056K)->4868K(5056K)
[4030.213s][info][gc             ] GC(1048) Pause Young (Mixed) (G1 Evacuation Pause) 3657M->1331M(4096M) 136.573ms
[4030.213s][info][gc,cpu         ] GC(1048) User=0.81s Sys=0.00s Real=0.14s
...[4032.691s][info][gc,start       ] GC(1049) Pause Young (Concurrent Start) (G1 Evacuation Pause)
[4032.691s][info][gc,task        ] GC(1049) Using 6 workers of 6 for evacuation
[4032.805s][info][gc,phases      ] GC(1049)   Pre Evacuate Collection Set: 0.39ms
[4032.805s][info][gc,phases      ] GC(1049)   Merge Heap Roots: 0.48ms
[4032.805s][info][gc,phases      ] GC(1049)   Evacuate Collection Set: 112.20ms
[4032.805s][info][gc,phases      ] GC(1049)   Post Evacuate Collection Set: 0.89ms
[4032.805s][info][gc,phases      ] GC(1049)   Other: 0.12ms
[4032.805s][info][gc,heap        ] GC(1049) Eden regions: 1114->0(1120)
[4032.805s][info][gc,heap        ] GC(1049) Survivor regions: 114->108(154)
[4032.805s][info][gc,heap        ] GC(1049) Old regions: 473->504
[4032.805s][info][gc,heap        ] GC(1049) Humongous regions: 80->80
[4032.805s][info][gc,metaspace   ] GC(1049) Metaspace: 28911K(29312K)->28911K(29312K) NonClass: 24043K(24256K)->24043K(24256K) Class: 4868K(5056K)->4868K(5056K)
[4032.805s][info][gc             ] GC(1049) Pause Young (Concurrent Start) (G1 Evacuation Pause) 3559M->1382M(4096M) 114.248ms
[4032.805s][info][gc             ] GC(1050) Concurrent Mark Cycle
[4032.805s][info][gc,marking     ] GC(1050) Concurrent Scan Root Regions
[4032.805s][info][gc,cpu         ] GC(1049) User=0.67s Sys=0.00s Real=0.12s
[4032.978s][info][gc,marking     ] GC(1050) Concurrent Scan Root Regions 172.141ms
[4032.978s][info][gc,marking     ] GC(1050) Concurrent Mark
[4032.978s][info][gc,marking     ] GC(1050) Concurrent Mark From Roots
[4032.978s][info][gc,task        ] GC(1050) Using 2 workers of 2 for marking
.[4033.934s][info][gc,marking     ] GC(1050) Concurrent Mark From Roots 956.011ms
[4033.934s][info][gc,marking     ] GC(1050) Concurrent Preclean
[4033.934s][info][gc,marking     ] GC(1050) Concurrent Preclean 0.126ms
[4033.937s][info][gc,start       ] GC(1050) Pause Remark
[4033.944s][info][gc             ] GC(1050) Pause Remark 2458M->2458M(4096M) 6.703ms
[4033.944s][info][gc,cpu         ] GC(1050) User=0.04s Sys=0.00s Real=0.01s
[4033.944s][info][gc,marking     ] GC(1050) Concurrent Mark 966.042ms
[4033.944s][info][gc,marking     ] GC(1050) Concurrent Rebuild Remembered Sets and Scrub Regions
.[4034.298s][info][gc,marking     ] GC(1050) Concurrent Rebuild Remembered Sets and Scrub Regions 354.135ms
[4034.298s][info][gc,start       ] GC(1050) Pause Cleanup
[4034.298s][info][gc             ] GC(1050) Pause Cleanup 2785M->2785M(4096M) 0.111ms
[4034.298s][info][gc,cpu         ] GC(1050) User=0.00s Sys=0.00s Real=0.00s
[4034.298s][info][gc,marking     ] GC(1050) Concurrent Clear Claimed Marks
[4034.298s][info][gc,marking     ] GC(1050) Concurrent Clear Claimed Marks 0.021ms
[4034.298s][info][gc,marking     ] GC(1050) Concurrent Cleanup for Next Mark
[4034.302s][info][gc,marking     ] GC(1050) Concurrent Cleanup for Next Mark 4.051ms
[4034.302s][info][gc             ] GC(1050) Concurrent Mark Cycle 1496.889ms
.[4035.318s][info][gc,start       ] GC(1051) Pause Young (Prepare Mixed) (G1 Evacuation Pause)
[4035.318s][info][gc,task        ] GC(1051) Using 6 workers of 6 for evacuation
[4035.444s][info][gc,phases      ] GC(1051)   Pre Evacuate Collection Set: 0.32ms
[4035.444s][info][gc,phases      ] GC(1051)   Merge Heap Roots: 0.52ms
[4035.444s][info][gc,phases      ] GC(1051)   Evacuate Collection Set: 124.52ms
[4035.444s][info][gc,phases      ] GC(1051)   Post Evacuate Collection Set: 0.95ms
[4035.444s][info][gc,phases      ] GC(1051)   Other: 0.09ms
[4035.444s][info][gc,heap        ] GC(1051) Eden regions: 1120->0(1096)
[4035.444s][info][gc,heap        ] GC(1051) Survivor regions: 108->116(154)
[4035.444s][info][gc,heap        ] GC(1051) Old regions: 504->537
[4035.444s][info][gc,heap        ] GC(1051) Humongous regions: 80->80
[4035.444s][info][gc,metaspace   ] GC(1051) Metaspace: 28911K(29312K)->28911K(29312K) NonClass: 24043K(24256K)->24043K(24256K) Class: 4868K(5056K)->4868K(5056K)
[4035.444s][info][gc             ] GC(1051) Pause Young (Prepare Mixed) (G1 Evacuation Pause) 3622M->1464M(4096M) 126.511ms
[4035.444s][info][gc,cpu         ] GC(1051) User=0.75s Sys=0.00s Real=0.13s
..[4037.953s][info][gc,start       ] GC(1052) Pause Young (Mixed) (G1 Evacuation Pause)
[4037.953s][info][gc,task        ] GC(1052) Using 6 workers of 6 for evacuation
[4038.089s][info][gc,phases      ] GC(1052)   Pre Evacuate Collection Set: 0.38ms
[4038.089s][info][gc,phases      ] GC(1052)   Merge Heap Roots: 0.76ms
[4038.089s][info][gc,phases      ] GC(1052)   Evacuate Collection Set: 133.65ms
[4038.089s][info][gc,phases      ] GC(1052)   Post Evacuate Collection Set: 0.96ms
[4038.089s][info][gc,phases      ] GC(1052)   Other: 0.09ms
[4038.089s][info][gc,heap        ] GC(1052) Eden regions: 1096->0(1119)
[4038.089s][info][gc,heap        ] GC(1052) Survivor regions: 116->109(152)
[4038.089s][info][gc,heap        ] GC(1052) Old regions: 537->474
[4038.089s][info][gc,heap        ] GC(1052) Humongous regions: 80->80
[4038.089s][info][gc,metaspace   ] GC(1052) Metaspace: 28911K(29312K)->28911K(29312K) NonClass: 24043K(24256K)->24043K(24256K) Class: 4868K(5056K)->4868K(5056K)
[4038.089s][info][gc             ] GC(1052) Pause Young (Mixed) (G1 Evacuation Pause) 3656M->1325M(4096M) 135.971ms
[4038.089s][info][gc,cpu         ] GC(1052) User=0.81s Sys=0.00s Real=0.13s
...[4040.564s][info][gc,start       ] GC(1053) Pause Young (Concurrent Start) (G1 Evacuation Pause)
[4040.564s][info][gc,task        ] GC(1053) Using 6 workers of 6 for evacuation
[4040.688s][info][gc,phases      ] GC(1053)   Pre Evacuate Collection Set: 0.42ms
[4040.688s][info][gc,phases      ] GC(1053)   Merge Heap Roots: 0.52ms
[4040.688s][info][gc,phases      ] GC(1053)   Evacuate Collection Set: 121.56ms
[4040.688s][info][gc,phases      ] GC(1053)   Post Evacuate Collection Set: 0.90ms
[4040.688s][info][gc,phases      ] GC(1053)   Other: 0.14ms
[4040.688s][info][gc,heap        ] GC(1053) Eden regions: 1119->0(1113)
[4040.688s][info][gc,heap        ] GC(1053) Survivor regions: 109->115(154)
[4040.688s][info][gc,heap        ] GC(1053) Old regions: 474->506
[4040.688s][info][gc,heap        ] GC(1053) Humongous regions: 80->80
[4040.688s][info][gc,metaspace   ] GC(1053) Metaspace: 28911K(29312K)->28911K(29312K) NonClass: 24043K(24256K)->24043K(24256K) Class: 4868K(5056K)->4868K(5056K)
[4040.688s][info][gc             ] GC(1053) Pause Young (Concurrent Start) (G1 Evacuation Pause) 3563M->1401M(4096M) 123.690ms
[4040.688s][info][gc             ] GC(1054) Concurrent Mark Cycle
[4040.688s][info][gc,marking     ] GC(1054) Concurrent Scan Root Regions
[4040.688s][info][gc,cpu         ] GC(1053) User=0.73s Sys=0.00s Real=0.12s
[4040.826s][info][gc,marking     ] GC(1054) Concurrent Scan Root Regions 137.566ms
[4040.826s][info][gc,marking     ] GC(1054) Concurrent Mark
[4040.826s][info][gc,marking     ] GC(1054) Concurrent Mark From Roots
[4040.826s][info][gc,task        ] GC(1054) Using 2 workers of 2 for marking
.[4041.542s][info][gc,marking     ] GC(1054) Concurrent Mark From Roots 716.323ms
[4041.542s][info][gc,marking     ] GC(1054) Concurrent Preclean
[4041.542s][info][gc,marking     ] GC(1054) Concurrent Preclean 0.145ms
[4041.542s][info][gc,start       ] GC(1054) Pause Remark
[4041.547s][info][gc             ] GC(1054) Pause Remark 2151M->2151M(4096M) 4.765ms
[4041.547s][info][gc,cpu         ] GC(1054) User=0.03s Sys=0.00s Real=0.01s
[4041.548s][info][gc,marking     ] GC(1054) Concurrent Mark 721.725ms
[4041.548s][info][gc,marking     ] GC(1054) Concurrent Rebuild Remembered Sets and Scrub Regions
[4041.820s][info][gc,marking     ] GC(1054) Concurrent Rebuild Remembered Sets and Scrub Regions 272.715ms
[4041.820s][info][gc,start       ] GC(1054) Pause Cleanup
[4041.821s][info][gc             ] GC(1054) Pause Cleanup 2405M->2405M(4096M) 0.112ms
[4041.821s][info][gc,cpu         ] GC(1054) User=0.01s Sys=0.00s Real=0.00s
[4041.821s][info][gc,marking     ] GC(1054) Concurrent Clear Claimed Marks
[4041.821s][info][gc,marking     ] GC(1054) Concurrent Clear Claimed Marks 0.028ms
[4041.821s][info][gc,marking     ] GC(1054) Concurrent Cleanup for Next Mark
[4041.826s][info][gc,marking     ] GC(1054) Concurrent Cleanup for Next Mark 5.331ms
[4041.826s][info][gc             ] GC(1054) Concurrent Mark Cycle 1137.870ms
.[4043.138s][info][gc,start       ] GC(1055) Pause Young (Prepare Mixed) (G1 Evacuation Pause)
[4043.138s][info][gc,task        ] GC(1055) Using 6 workers of 6 for evacuation
[4043.255s][info][gc,phases      ] GC(1055)   Pre Evacuate Collection Set: 0.33ms
[4043.255s][info][gc,phases      ] GC(1055)   Merge Heap Roots: 0.53ms
[4043.255s][info][gc,phases      ] GC(1055)   Evacuate Collection Set: 115.91ms
[4043.255s][info][gc,phases      ] GC(1055)   Post Evacuate Collection Set: 0.91ms
[4043.255s][info][gc,phases      ] GC(1055)   Other: 0.08ms
[4043.255s][info][gc,heap        ] GC(1055) Eden regions: 1113->0(1106)
[4043.255s][info][gc,heap        ] GC(1055) Survivor regions: 115->110(154)
[4043.255s][info][gc,heap        ] GC(1055) Old regions: 506->539
[4043.255s][info][gc,heap        ] GC(1055) Humongous regions: 80->80
[4043.255s][info][gc,metaspace   ] GC(1055) Metaspace: 28911K(29312K)->28911K(29312K) NonClass: 24043K(24256K)->24043K(24256K) Class: 4868K(5056K)->4868K(5056K)
[4043.255s][info][gc             ] GC(1055) Pause Young (Prepare Mixed) (G1 Evacuation Pause) 3627M->1455M(4096M) 117.899ms
[4043.255s][info][gc,cpu         ] GC(1055) User=0.70s Sys=0.00s Real=0.12s
... (rIR:aIR:PR = 7195:7196:7196) (tPR = 106905) [OK] 
  4045s: Performance info:
         Transaction,    Success,    Partial,     Failed,   Receipts, AvgBarcode, 
             Overall,     432223,          0,          0,     410574,      59.48, 
         Response times:
             Request,    Success,    Partial,     Failed,   SkipFail,     Probes,    Samples,      min,      p50,      p90,      p95,      p99,      max, 
       TotalPurchase,     410574,          0,          0,          0,     357485,     399236,      300,     6600,    64000,    95000,   167000,   357000,
     InStorePurchase,     215782,          0,          0,          0,     187681,     209724,      300,     6400,    63000,    94000,   166000,   328000,
      OnlinePurchase,     151668,          0,          0,          0,     131706,     146925,      300,     6800,    66000,    97000,   167000,   357000,
        InstPurchase,      43124,          0,          0,          0,      38098,      42587,      500,     6300,    63000,    94000,   165000,   279000,
          AssocOfCat,        436,          0,          0,          0,        353,        512,    25000,    38000,   113900,   156700,   217000,   243000,
      AssocOfProduct,       4325,          0,          0,          0,       4001,       4659,     1000,     5500,    63000,    94000,   150400,   192000,
      BusinessReport,       1079,          0,          0,          0,        940,       1152,    27000,    46000,    94000,   136350,   193940,   261000,
          CustBuyBeh,       4319,          0,          0,          0,       4106,       4862,      200,     6300,    64000,    91000,   159740,   278000,
       ProductReturn,      11490,          0,          0,          0,       9764,      11171,      200,     6700,    64800,    96000,   163000,   209000,

  4045s: (53%)   IR =   7334 [4045.770s][info][gc,start       ] GC(1056) Pause Young (Mixed) (G1 Evacuation Pause)
[4045.770s][info][gc,task        ] GC(1056) Using 6 workers of 6 for evacuation
[4045.900s][info][gc,phases      ] GC(1056)   Pre Evacuate Collection Set: 0.36ms
[4045.900s][info][gc,phases      ] GC(1056)   Merge Heap Roots: 0.66ms
[4045.900s][info][gc,phases      ] GC(1056)   Evacuate Collection Set: 127.45ms
[4045.900s][info][gc,phases      ] GC(1056)   Post Evacuate Collection Set: 0.96ms
[4045.900s][info][gc,phases      ] GC(1056)   Other: 0.09ms
[4045.900s][info][gc,heap        ] GC(1056) Eden regions: 1106->0(1120)
[4045.900s][info][gc,heap        ] GC(1056) Survivor regions: 110->108(152)
[4045.900s][info][gc,heap        ] GC(1056) Old regions: 539->475
[4045.900s][info][gc,heap        ] GC(1056) Humongous regions: 80->80
[4045.900s][info][gc,metaspace   ] GC(1056) Metaspace: 28911K(29312K)->28911K(29312K) NonClass: 24043K(24256K)->24043K(24256K) Class: 4868K(5056K)->4868K(5056K)
[4045.900s][info][gc             ] GC(1056) Pause Young (Mixed) (G1 Evacuation Pause) 3667M->1324M(4096M) 129.651ms
[4045.900s][info][gc,cpu         ] GC(1056) User=0.77s Sys=0.00s Real=0.13s
..[4048.291s][info][gc,start       ] GC(1057) Pause Young (Concurrent Start) (G1 Evacuation Pause)
[4048.291s][info][gc,task        ] GC(1057) Using 6 workers of 6 for evacuation
[4048.410s][info][gc,phases      ] GC(1057)   Pre Evacuate Collection Set: 0.42ms
[4048.410s][info][gc,phases      ] GC(1057)   Merge Heap Roots: 0.50ms
[4048.410s][info][gc,phases      ] GC(1057)   Evacuate Collection Set: 117.38ms
[4048.410s][info][gc,phases      ] GC(1057)   Post Evacuate Collection Set: 0.97ms
[4048.410s][info][gc,phases      ] GC(1057)   Other: 0.11ms
[4048.410s][info][gc,heap        ] GC(1057) Eden regions: 1120->0(1116)
[4048.410s][info][gc,heap        ] GC(1057) Survivor regions: 108->112(154)
[4048.410s][info][gc,heap        ] GC(1057) Old regions: 475->507
[4048.410s][info][gc,heap        ] GC(1057) Humongous regions: 80->80
[4048.410s][info][gc,metaspace   ] GC(1057) Metaspace: 28911K(29312K)->28911K(29312K) NonClass: 24043K(24256K)->24043K(24256K) Class: 4868K(5056K)->4868K(5056K)
[4048.410s][info][gc             ] GC(1057) Pause Young (Concurrent Start) (G1 Evacuation Pause) 3564M->1396M(4096M) 119.548ms
[4048.411s][info][gc             ] GC(1058) Concurrent Mark Cycle
[4048.411s][info][gc,marking     ] GC(1058) Concurrent Scan Root Regions
[4048.411s][info][gc,cpu         ] GC(1057) User=0.71s Sys=0.00s Real=0.12s
.[4048.586s][info][gc,marking     ] GC(1058) Concurrent Scan Root Regions 175.889ms
[4048.586s][info][gc,marking     ] GC(1058) Concurrent Mark
[4048.586s][info][gc,marking     ] GC(1058) Concurrent Mark From Roots
[4048.586s][info][gc,task        ] GC(1058) Using 2 workers of 2 for marking
[4049.309s][info][gc,marking     ] GC(1058) Concurrent Mark From Roots 722.191ms
[4049.309s][info][gc,marking     ] GC(1058) Concurrent Preclean
[4049.309s][info][gc,marking     ] GC(1058) Concurrent Preclean 0.133ms
[4049.309s][info][gc,start       ] GC(1058) Pause Remark
[4049.314s][info][gc             ] GC(1058) Pause Remark 2185M->2185M(4096M) 4.668ms
[4049.314s][info][gc,cpu         ] GC(1058) User=0.03s Sys=0.00s Real=0.01s
[4049.314s][info][gc,marking     ] GC(1058) Concurrent Mark 727.339ms
[4049.314s][info][gc,marking     ] GC(1058) Concurrent Rebuild Remembered Sets and Scrub Regions
.[4049.644s][info][gc,marking     ] GC(1058) Concurrent Rebuild Remembered Sets and Scrub Regions 329.827ms
[4049.644s][info][gc,start       ] GC(1058) Pause Cleanup
[4049.644s][info][gc             ] GC(1058) Pause Cleanup 2511M->2511M(4096M) 0.132ms
[4049.644s][info][gc,cpu         ] GC(1058) User=0.00s Sys=0.00s Real=0.00s
[4049.644s][info][gc,marking     ] GC(1058) Concurrent Clear Claimed Marks
[4049.644s][info][gc,marking     ] GC(1058) Concurrent Clear Claimed Marks 0.039ms
[4049.644s][info][gc,marking     ] GC(1058) Concurrent Cleanup for Next Mark
[4049.669s][info][gc,marking     ] GC(1058) Concurrent Cleanup for Next Mark 24.480ms
[4049.669s][info][gc             ] GC(1058) Concurrent Mark Cycle 1258.151ms
.[4050.857s][info][gc,start       ] GC(1059) Pause Young (Prepare Mixed) (G1 Evacuation Pause)
[4050.857s][info][gc,task        ] GC(1059) Using 6 workers of 6 for evacuation
[4050.977s][info][gc,phases      ] GC(1059)   Pre Evacuate Collection Set: 0.33ms
[4050.977s][info][gc,phases      ] GC(1059)   Merge Heap Roots: 0.54ms
[4050.977s][info][gc,phases      ] GC(1059)   Evacuate Collection Set: 118.12ms
[4050.977s][info][gc,phases      ] GC(1059)   Post Evacuate Collection Set: 0.93ms
[4050.977s][info][gc,phases      ] GC(1059)   Other: 0.09ms
[4050.977s][info][gc,heap        ] GC(1059) Eden regions: 1116->0(1102)
[4050.977s][info][gc,heap        ] GC(1059) Survivor regions: 112->112(154)
[4050.977s][info][gc,heap        ] GC(1059) Old regions: 507->539
[4050.977s][info][gc,heap        ] GC(1059) Humongous regions: 80->80
[4050.977s][info][gc,metaspace   ] GC(1059) Metaspace: 28911K(29312K)->28911K(29312K) NonClass: 24043K(24256K)->24043K(24256K) Class: 4868K(5056K)->4868K(5056K)
[4050.977s][info][gc             ] GC(1059) Pause Young (Prepare Mixed) (G1 Evacuation Pause) 3628M->1459M(4096M) 120.141ms
[4050.977s][info][gc,cpu         ] GC(1059) User=0.71s Sys=0.00s Real=0.12s
..[4053.388s][info][gc,start       ] GC(1060) Pause Young (Mixed) (G1 Evacuation Pause)
[4053.388s][info][gc,task        ] GC(1060) Using 6 workers of 6 for evacuation
[4053.524s][info][gc,phases      ] GC(1060)   Pre Evacuate Collection Set: 0.41ms
[4053.524s][info][gc,phases      ] GC(1060)   Merge Heap Roots: 0.73ms
[4053.524s][info][gc,phases      ] GC(1060)   Evacuate Collection Set: 133.75ms
[4053.524s][info][gc,phases      ] GC(1060)   Post Evacuate Collection Set: 0.97ms
[4053.524s][info][gc,phases      ] GC(1060)   Other: 0.09ms
[4053.524s][info][gc,heap        ] GC(1060) Eden regions: 1102->0(1117)
[4053.524s][info][gc,heap        ] GC(1060) Survivor regions: 112->111(152)
[4053.524s][info][gc,heap        ] GC(1060) Old regions: 539->476
[4053.524s][info][gc,heap        ] GC(1060) Humongous regions: 80->80
[4053.524s][info][gc,metaspace   ] GC(1060) Metaspace: 28911K(29312K)->28911K(29312K) NonClass: 24043K(24256K)->24043K(24256K) Class: 4868K(5056K)->4868K(5056K)
[4053.524s][info][gc             ] GC(1060) Pause Young (Mixed) (G1 Evacuation Pause) 3663M->1333M(4096M) 136.103ms
[4053.524s][info][gc,cpu         ] GC(1060) User=0.80s Sys=0.00s Real=0.14s
...[4055.978s][info][gc,start       ] GC(1061) Pause Young (Concurrent Start) (G1 Evacuation Pause)
[4055.978s][info][gc,task        ] GC(1061) Using 6 workers of 6 for evacuation
[4056.095s][info][gc,phases      ] GC(1061)   Pre Evacuate Collection Set: 0.40ms
[4056.095s][info][gc,phases      ] GC(1061)   Merge Heap Roots: 0.47ms
[4056.095s][info][gc,phases      ] GC(1061)   Evacuate Collection Set: 115.11ms
[4056.095s][info][gc,phases      ] GC(1061)   Post Evacuate Collection Set: 0.89ms
[4056.095s][info][gc,phases      ] GC(1061)   Other: 0.09ms
[4056.095s][info][gc,heap        ] GC(1061) Eden regions: 1117->0(1119)
[4056.095s][info][gc,heap        ] GC(1061) Survivor regions: 111->109(154)
[4056.095s][info][gc,heap        ] GC(1061) Old regions: 476->509
[4056.095s][info][gc,heap        ] GC(1061) Humongous regions: 80->80
[4056.095s][info][gc,metaspace   ] GC(1061) Metaspace: 28911K(29312K)->28911K(29312K) NonClass: 24043K(24256K)->24043K(24256K) Class: 4868K(5056K)->4868K(5056K)
[4056.095s][info][gc             ] GC(1061) Pause Young (Concurrent Start) (G1 Evacuation Pause) 3567M->1393M(4096M) 117.102ms
[4056.095s][info][gc             ] GC(1062) Concurrent Mark Cycle
[4056.095s][info][gc,marking     ] GC(1062) Concurrent Scan Root Regions
[4056.095s][info][gc,cpu         ] GC(1061) User=0.69s Sys=0.00s Real=0.12s
[4056.232s][info][gc,marking     ] GC(1062) Concurrent Scan Root Regions 136.546ms
[4056.232s][info][gc,marking     ] GC(1062) Concurrent Mark
[4056.232s][info][gc,marking     ] GC(1062) Concurrent Mark From Roots
[4056.232s][info][gc,task        ] GC(1062) Using 2 workers of 2 for marking
.|[4056.944s][info][gc,marking     ] GC(1062) Concurrent Mark From Roots 712.230ms
[4056.944s][info][gc,marking     ] GC(1062) Concurrent Preclean
[4056.944s][info][gc,marking     ] GC(1062) Concurrent Preclean 0.097ms
[4056.948s][info][gc,start       ] GC(1062) Pause Remark
[4056.953s][info][gc             ] GC(1062) Pause Remark 2133M->2133M(4096M) 5.050ms
[4056.953s][info][gc,cpu         ] GC(1062) User=0.03s Sys=0.00s Real=0.00s
[4056.953s][info][gc,marking     ] GC(1062) Concurrent Mark 721.495ms
[4056.953s][info][gc,marking     ] GC(1062) Concurrent Rebuild Remembered Sets and Scrub Regions
[4057.298s][info][gc,marking     ] GC(1062) Concurrent Rebuild Remembered Sets and Scrub Regions 344.956ms
[4057.298s][info][gc,start       ] GC(1062) Pause Cleanup
[4057.298s][info][gc             ] GC(1062) Pause Cleanup 2470M->2470M(4096M) 0.110ms
[4057.298s][info][gc,cpu         ] GC(1062) User=0.00s Sys=0.00s Real=0.00s
[4057.298s][info][gc,marking     ] GC(1062) Concurrent Clear Claimed Marks
[4057.298s][info][gc,marking     ] GC(1062) Concurrent Clear Claimed Marks 0.024ms
[4057.298s][info][gc,marking     ] GC(1062) Concurrent Cleanup for Next Mark
[4057.302s][info][gc,marking     ] GC(1062) Concurrent Cleanup for Next Mark 3.539ms
[4057.302s][info][gc             ] GC(1062) Concurrent Mark Cycle 1206.984ms
.[4058.629s][info][gc,start       ] GC(1063) Pause Young (Prepare Mixed) (G1 Evacuation Pause)
[4058.629s][info][gc,task        ] GC(1063) Using 6 workers of 6 for evacuation
[4058.748s][info][gc,phases      ] GC(1063)   Pre Evacuate Collection Set: 0.34ms
[4058.748s][info][gc,phases      ] GC(1063)   Merge Heap Roots: 0.59ms
[4058.748s][info][gc,phases      ] GC(1063)   Evacuate Collection Set: 116.78ms
[4058.748s][info][gc,phases      ] GC(1063)   Post Evacuate Collection Set: 0.93ms
[4058.748s][info][gc,phases      ] GC(1063)   Other: 0.11ms
[4058.748s][info][gc,heap        ] GC(1063) Eden regions: 1119->0(1103)
[4058.748s][info][gc,heap        ] GC(1063) Survivor regions: 109->111(154)
[4058.748s][info][gc,heap        ] GC(1063) Old regions: 509->540
[4058.748s][info][gc,heap        ] GC(1063) Humongous regions: 80->80
[4058.748s][info][gc,metaspace   ] GC(1063) Metaspace: 28911K(29312K)->28911K(29312K) NonClass: 24043K(24256K)->24043K(24256K) Class: 4868K(5056K)->4868K(5056K)
[4058.748s][info][gc             ] GC(1063) Pause Young (Prepare Mixed) (G1 Evacuation Pause) 3631M->1460M(4096M) 118.911ms
[4058.748s][info][gc,cpu         ] GC(1063) User=0.70s Sys=0.00s Real=0.12s
...[4061.154s][info][gc,start       ] GC(1064) Pause Young (Mixed) (G1 Evacuation Pause)
[4061.155s][info][gc,task        ] GC(1064) Using 6 workers of 6 for evacuation
[4061.295s][info][gc,phases      ] GC(1064)   Pre Evacuate Collection Set: 0.39ms
[4061.295s][info][gc,phases      ] GC(1064)   Merge Heap Roots: 0.71ms
[4061.295s][info][gc,phases      ] GC(1064)   Evacuate Collection Set: 138.25ms
[4061.295s][info][gc,phases      ] GC(1064)   Post Evacuate Collection Set: 0.95ms
[4061.295s][info][gc,phases      ] GC(1064)   Other: 0.09ms
[4061.295s][info][gc,heap        ] GC(1064) Eden regions: 1103->0(1111)
[4061.295s][info][gc,heap        ] GC(1064) Survivor regions: 111->117(152)
[4061.295s][info][gc,heap        ] GC(1064) Old regions: 540->475
[4061.295s][info][gc,heap        ] GC(1064) Humongous regions: 80->80
[4061.295s][info][gc,metaspace   ] GC(1064) Metaspace: 28911K(29312K)->28911K(29312K) NonClass: 24043K(24256K)->24043K(24256K) Class: 4868K(5056K)->4868K(5056K)
[4061.295s][info][gc             ] GC(1064) Pause Young (Mixed) (G1 Evacuation Pause) 3666M->1343M(4096M) 140.517ms
[4061.295s][info][gc,cpu         ] GC(1064) User=0.83s Sys=0.00s Real=0.14s
...[4063.788s][info][gc,start       ] GC(1065) Pause Young (Concurrent Start) (G1 Evacuation Pause)
[4063.788s][info][gc,task        ] GC(1065) Using 6 workers of 6 for evacuation
[4063.906s][info][gc,phases      ] GC(1065)   Pre Evacuate Collection Set: 0.39ms
[4063.906s][info][gc,phases      ] GC(1065)   Merge Heap Roots: 0.48ms
[4063.906s][info][gc,phases      ] GC(1065)   Evacuate Collection Set: 116.21ms
[4063.906s][info][gc,phases      ] GC(1065)   Post Evacuate Collection Set: 0.91ms
[4063.906s][info][gc,phases      ] GC(1065)   Other: 0.12ms
[4063.906s][info][gc,heap        ] GC(1065) Eden regions: 1111->0(1119)
[4063.906s][info][gc,heap        ] GC(1065) Survivor regions: 117->109(154)
[4063.906s][info][gc,heap        ] GC(1065) Old regions: 475->508
[4063.906s][info][gc,heap        ] GC(1065) Humongous regions: 80->80
[4063.906s][info][gc,metaspace   ] GC(1065) Metaspace: 28911K(29312K)->28911K(29312K) NonClass: 24043K(24256K)->24043K(24256K) Class: 4868K(5056K)->4868K(5056K)
[4063.906s][info][gc             ] GC(1065) Pause Young (Concurrent Start) (G1 Evacuation Pause) 3565M->1391M(4096M) 118.241ms
[4063.906s][info][gc             ] GC(1066) Concurrent Mark Cycle
[4063.906s][info][gc,marking     ] GC(1066) Concurrent Scan Root Regions
[4063.906s][info][gc,cpu         ] GC(1065) User=0.70s Sys=0.00s Real=0.12s
[4064.083s][info][gc,marking     ] GC(1066) Concurrent Scan Root Regions 177.453ms
[4064.083s][info][gc,marking     ] GC(1066) Concurrent Mark
[4064.083s][info][gc,marking     ] GC(1066) Concurrent Mark From Roots
[4064.083s][info][gc,task        ] GC(1066) Using 2 workers of 2 for marking
.[4064.923s][info][gc,marking     ] GC(1066) Concurrent Mark From Roots 839.885ms
[4064.923s][info][gc,marking     ] GC(1066) Concurrent Preclean
[4064.923s][info][gc,marking     ] GC(1066) Concurrent Preclean 0.121ms
[4064.925s][info][gc,start       ] GC(1066) Pause Remark
[4064.930s][info][gc             ] GC(1066) Pause Remark 2297M->2297M(4096M) 5.863ms
[4064.931s][info][gc,cpu         ] GC(1066) User=0.03s Sys=0.00s Real=0.00s
[4064.931s][info][gc,marking     ] GC(1066) Concurrent Mark 847.231ms
[4064.931s][info][gc,marking     ] GC(1066) Concurrent Rebuild Remembered Sets and Scrub Regions
[4065.194s][info][gc,marking     ] GC(1066) Concurrent Rebuild Remembered Sets and Scrub Regions 263.647ms
[4065.194s][info][gc,start       ] GC(1066) Pause Cleanup
[4065.195s][info][gc             ] GC(1066) Pause Cleanup 2497M->2497M(4096M) 0.109ms
[4065.195s][info][gc,cpu         ] GC(1066) User=0.00s Sys=0.00s Real=0.00s
[4065.196s][info][gc,marking     ] GC(1066) Concurrent Clear Claimed Marks
[4065.197s][info][gc,marking     ] GC(1066) Concurrent Clear Claimed Marks 0.041ms
[4065.197s][info][gc,marking     ] GC(1066) Concurrent Cleanup for Next Mark
[4065.203s][info][gc,marking     ] GC(1066) Concurrent Cleanup for Next Mark 6.328ms
[4065.203s][info][gc             ] GC(1066) Concurrent Mark Cycle 1297.113ms
.[4066.382s][info][gc,start       ] GC(1067) Pause Young (Prepare Mixed) (G1 Evacuation Pause)
[4066.382s][info][gc,task        ] GC(1067) Using 6 workers of 6 for evacuation
[4066.502s][info][gc,phases      ] GC(1067)   Pre Evacuate Collection Set: 0.33ms
[4066.502s][info][gc,phases      ] GC(1067)   Merge Heap Roots: 0.51ms
[4066.502s][info][gc,phases      ] GC(1067)   Evacuate Collection Set: 118.27ms
[4066.502s][info][gc,phases      ] GC(1067)   Post Evacuate Collection Set: 0.94ms
[4066.502s][info][gc,phases      ] GC(1067)   Other: 0.10ms
[4066.502s][info][gc,heap        ] GC(1067) Eden regions: 1119->0(1101)
[4066.502s][info][gc,heap        ] GC(1067) Survivor regions: 109->113(154)
[4066.502s][info][gc,heap        ] GC(1067) Old regions: 508->538
[4066.502s][info][gc,heap        ] GC(1067) Humongous regions: 80->80
[4066.502s][info][gc,metaspace   ] GC(1067) Metaspace: 28911K(29312K)->28911K(29312K) NonClass: 24043K(24256K)->24043K(24256K) Class: 4868K(5056K)->4868K(5056K)
[4066.502s][info][gc             ] GC(1067) Pause Young (Prepare Mixed) (G1 Evacuation Pause) 3629M->1461M(4096M) 120.278ms
[4066.502s][info][gc,cpu         ] GC(1067) User=0.71s Sys=0.01s Real=0.12s
...[4068.922s][info][gc,start       ] GC(1068) Pause Young (Mixed) (G1 Evacuation Pause)
[4068.922s][info][gc,task        ] GC(1068) Using 6 workers of 6 for evacuation
[4069.055s][info][gc,phases      ] GC(1068)   Pre Evacuate Collection Set: 0.36ms
[4069.055s][info][gc,phases      ] GC(1068)   Merge Heap Roots: 0.74ms
[4069.055s][info][gc,phases      ] GC(1068)   Evacuate Collection Set: 130.13ms
[4069.055s][info][gc,phases      ] GC(1068)   Post Evacuate Collection Set: 0.94ms
[4069.055s][info][gc,phases      ] GC(1068)   Other: 0.09ms
[4069.055s][info][gc,heap        ] GC(1068) Eden regions: 1101->0(1119)
[4069.055s][info][gc,heap        ] GC(1068) Survivor regions: 113->109(152)
[4069.055s][info][gc,heap        ] GC(1068) Old regions: 538->473
[4069.055s][info][gc,heap        ] GC(1068) Humongous regions: 80->80
[4069.055s][info][gc,metaspace   ] GC(1068) Metaspace: 28911K(29312K)->28911K(29312K) NonClass: 24043K(24256K)->24043K(24256K) Class: 4868K(5056K)->4868K(5056K)
[4069.055s][info][gc             ] GC(1068) Pause Young (Mixed) (G1 Evacuation Pause) 3663M->1322M(4096M) 132.396ms
[4069.055s][info][gc,cpu         ] GC(1068) User=0.78s Sys=0.00s Real=0.14s
..[4071.519s][info][gc,start       ] GC(1069) Pause Young (Concurrent Start) (G1 Evacuation Pause)
[4071.519s][info][gc,task        ] GC(1069) Using 6 workers of 6 for evacuation
[4071.636s][info][gc,phases      ] GC(1069)   Pre Evacuate Collection Set: 0.40ms
[4071.636s][info][gc,phases      ] GC(1069)   Merge Heap Roots: 0.48ms
[4071.636s][info][gc,phases      ] GC(1069)   Evacuate Collection Set: 115.04ms
[4071.636s][info][gc,phases      ] GC(1069)   Post Evacuate Collection Set: 0.88ms
[4071.636s][info][gc,phases      ] GC(1069)   Other: 0.13ms
[4071.636s][info][gc,heap        ] GC(1069) Eden regions: 1119->0(1117)
[4071.636s][info][gc,heap        ] GC(1069) Survivor regions: 109->111(154)
[4071.636s][info][gc,heap        ] GC(1069) Old regions: 473->505
[4071.636s][info][gc,heap        ] GC(1069) Humongous regions: 80->80
[4071.636s][info][gc,metaspace   ] GC(1069) Metaspace: 28911K(29312K)->28911K(29312K) NonClass: 24043K(24256K)->24043K(24256K) Class: 4868K(5056K)->4868K(5056K)
[4071.636s][info][gc             ] GC(1069) Pause Young (Concurrent Start) (G1 Evacuation Pause) 3560M->1391M(4096M) 117.069ms
[4071.636s][info][gc             ] GC(1070) Concurrent Mark Cycle
[4071.636s][info][gc,marking     ] GC(1070) Concurrent Scan Root Regions
[4071.636s][info][gc,cpu         ] GC(1069) User=0.69s Sys=0.00s Real=0.12s
[4071.777s][info][gc,marking     ] GC(1070) Concurrent Scan Root Regions 140.486ms
[4071.777s][info][gc,marking     ] GC(1070) Concurrent Mark
[4071.777s][info][gc,marking     ] GC(1070) Concurrent Mark From Roots
[4071.777s][info][gc,task        ] GC(1070) Using 2 workers of 2 for marking
.[4072.508s][info][gc,marking     ] GC(1070) Concurrent Mark From Roots 731.029ms
[4072.508s][info][gc,marking     ] GC(1070) Concurrent Preclean
[4072.508s][info][gc,marking     ] GC(1070) Concurrent Preclean 0.125ms
[4072.511s][info][gc,start       ] GC(1070) Pause Remark
[4072.516s][info][gc             ] GC(1070) Pause Remark 2165M->2165M(4096M) 4.948ms
[4072.516s][info][gc,cpu         ] GC(1070) User=0.03s Sys=0.00s Real=0.01s
[4072.516s][info][gc,marking     ] GC(1070) Concurrent Mark 738.754ms
[4072.516s][info][gc,marking     ] GC(1070) Concurrent Rebuild Remembered Sets and Scrub Regions
[4072.785s][info][gc,marking     ] GC(1070) Concurrent Rebuild Remembered Sets and Scrub Regions 269.335ms
[4072.787s][info][gc,start       ] GC(1070) Pause Cleanup
[4072.787s][info][gc             ] GC(1070) Pause Cleanup 2413M->2413M(4096M) 0.135ms
[4072.787s][info][gc,cpu         ] GC(1070) User=0.00s Sys=0.00s Real=0.00s
[4072.788s][info][gc,marking     ] GC(1070) Concurrent Clear Claimed Marks
[4072.788s][info][gc,marking     ] GC(1070) Concurrent Clear Claimed Marks 0.041ms
[4072.788s][info][gc,marking     ] GC(1070) Concurrent Cleanup for Next Mark
[4072.794s][info][gc,marking     ] GC(1070) Concurrent Cleanup for Next Mark 6.157ms
[4072.794s][info][gc             ] GC(1070) Concurrent Mark Cycle 1157.594ms
..[4074.104s][info][gc,start       ] GC(1071) Pause Young (Prepare Mixed) (G1 Evacuation Pause)
[4074.104s][info][gc,task        ] GC(1071) Using 6 workers of 6 for evacuation
[4074.226s][info][gc,phases      ] GC(1071)   Pre Evacuate Collection Set: 0.35ms
[4074.226s][info][gc,phases      ] GC(1071)   Merge Heap Roots: 0.74ms
[4074.226s][info][gc,phases      ] GC(1071)   Evacuate Collection Set: 120.14ms
[4074.226s][info][gc,phases      ] GC(1071)   Post Evacuate Collection Set: 0.93ms
[4074.226s][info][gc,phases      ] GC(1071)   Other: 0.10ms
[4074.226s][info][gc,heap        ] GC(1071) Eden regions: 1117->0(1102)
[4074.226s][info][gc,heap        ] GC(1071) Survivor regions: 111->113(154)
[4074.226s][info][gc,heap        ] GC(1071) Old regions: 505->537
[4074.226s][info][gc,heap        ] GC(1071) Humongous regions: 80->80
[4074.226s][info][gc,metaspace   ] GC(1071) Metaspace: 28911K(29312K)->28911K(29312K) NonClass: 24043K(24256K)->24043K(24256K) Class: 4868K(5056K)->4868K(5056K)
[4074.226s][info][gc             ] GC(1071) Pause Young (Prepare Mixed) (G1 Evacuation Pause) 3625M->1458M(4096M) 122.392ms
[4074.226s][info][gc,cpu         ] GC(1071) User=0.72s Sys=0.00s Real=0.12s
..[4076.628s][info][gc,start       ] GC(1072) Pause Young (Mixed) (G1 Evacuation Pause)
[4076.628s][info][gc,task        ] GC(1072) Using 6 workers of 6 for evacuation
[4076.758s][info][gc,phases      ] GC(1072)   Pre Evacuate Collection Set: 0.41ms
[4076.758s][info][gc,phases      ] GC(1072)   Merge Heap Roots: 0.78ms
[4076.758s][info][gc,phases      ] GC(1072)   Evacuate Collection Set: 127.50ms
[4076.758s][info][gc,phases      ] GC(1072)   Post Evacuate Collection Set: 0.99ms
[4076.758s][info][gc,phases      ] GC(1072)   Other: 0.09ms
[4076.758s][info][gc,heap        ] GC(1072) Eden regions: 1102->0(1122)
[4076.758s][info][gc,heap        ] GC(1072) Survivor regions: 113->106(152)
[4076.758s][info][gc,heap        ] GC(1072) Old regions: 537->474
[4076.758s][info][gc,heap        ] GC(1072) Humongous regions: 80->80
[4076.758s][info][gc,metaspace   ] GC(1072) Metaspace: 28911K(29312K)->28911K(29312K) NonClass: 24043K(24256K)->24043K(24256K) Class: 4868K(5056K)->4868K(5056K)
[4076.758s][info][gc             ] GC(1072) Pause Young (Mixed) (G1 Evacuation Pause) 3662M->1318M(4096M) 129.930ms
[4076.758s][info][gc,cpu         ] GC(1072) User=0.77s Sys=0.00s Real=0.13s
...[4079.243s][info][gc,start       ] GC(1073) Pause Young (Concurrent Start) (G1 Evacuation Pause)
[4079.243s][info][gc,task        ] GC(1073) Using 6 workers of 6 for evacuation
[4079.365s][info][gc,phases      ] GC(1073)   Pre Evacuate Collection Set: 0.39ms
[4079.365s][info][gc,phases      ] GC(1073)   Merge Heap Roots: 0.52ms
[4079.365s][info][gc,phases      ] GC(1073)   Evacuate Collection Set: 120.10ms
[4079.365s][info][gc,phases      ] GC(1073)   Post Evacuate Collection Set: 0.89ms
[4079.365s][info][gc,phases      ] GC(1073)   Other: 0.13ms
[4079.365s][info][gc,heap        ] GC(1073) Eden regions: 1122->0(1115)
[4079.365s][info][gc,heap        ] GC(1073) Survivor regions: 106->113(154)
[4079.365s][info][gc,heap        ] GC(1073) Old regions: 474->506
[4079.365s][info][gc,heap        ] GC(1073) Humongous regions: 80->80
[4079.365s][info][gc,metaspace   ] GC(1073) Metaspace: 28911K(29312K)->28911K(29312K) NonClass: 24043K(24256K)->24043K(24256K) Class: 4868K(5056K)->4868K(5056K)
[4079.365s][info][gc             ] GC(1073) Pause Young (Concurrent Start) (G1 Evacuation Pause) 3562M->1396M(4096M) 122.158ms
[4079.365s][info][gc             ] GC(1074) Concurrent Mark Cycle
[4079.365s][info][gc,marking     ] GC(1074) Concurrent Scan Root Regions
[4079.365s][info][gc,cpu         ] GC(1073) User=0.72s Sys=0.00s Real=0.12s
[4079.552s][info][gc,marking     ] GC(1074) Concurrent Scan Root Regions 186.890ms
[4079.552s][info][gc,marking     ] GC(1074) Concurrent Mark
[4079.552s][info][gc,marking     ] GC(1074) Concurrent Mark From Roots
[4079.552s][info][gc,task        ] GC(1074) Using 2 workers of 2 for marking
.[4080.331s][info][gc,marking     ] GC(1074) Concurrent Mark From Roots 778.235ms
[4080.331s][info][gc,marking     ] GC(1074) Concurrent Preclean
[4080.331s][info][gc,marking     ] GC(1074) Concurrent Preclean 0.133ms
[4080.333s][info][gc,start       ] GC(1074) Pause Remark
[4080.337s][info][gc             ] GC(1074) Pause Remark 2280M->2280M(4096M) 3.763ms
[4080.337s][info][gc,cpu         ] GC(1074) User=0.02s Sys=0.00s Real=0.01s
[4080.337s][info][gc,marking     ] GC(1074) Concurrent Mark 784.473ms
[4080.337s][info][gc,marking     ] GC(1074) Concurrent Rebuild Remembered Sets and Scrub Regions
[4080.655s][info][gc,marking     ] GC(1074) Concurrent Rebuild Remembered Sets and Scrub Regions 318.249ms
[4080.659s][info][gc,start       ] GC(1074) Pause Cleanup
[4080.659s][info][gc             ] GC(1074) Pause Cleanup 2548M->2548M(4096M) 0.133ms
[4080.659s][info][gc,cpu         ] GC(1074) User=0.00s Sys=0.00s Real=0.00s
[4080.659s][info][gc,marking     ] GC(1074) Concurrent Clear Claimed Marks
[4080.659s][info][gc,marking     ] GC(1074) Concurrent Clear Claimed Marks 0.038ms
[4080.659s][info][gc,marking     ] GC(1074) Concurrent Cleanup for Next Mark
[4080.664s][info][gc,marking     ] GC(1074) Concurrent Cleanup for Next Mark 4.903ms
[4080.664s][info][gc             ] GC(1074) Concurrent Mark Cycle 1298.661ms
.[4081.815s][info][gc,start       ] GC(1075) Pause Young (Prepare Mixed) (G1 Evacuation Pause)
[4081.815s][info][gc,task        ] GC(1075) Using 6 workers of 6 for evacuation
[4081.931s][info][gc,phases      ] GC(1075)   Pre Evacuate Collection Set: 0.33ms
[4081.931s][info][gc,phases      ] GC(1075)   Merge Heap Roots: 0.54ms
[4081.931s][info][gc,phases      ] GC(1075)   Evacuate Collection Set: 114.49ms
[4081.931s][info][gc,phases      ] GC(1075)   Post Evacuate Collection Set: 0.93ms
[4081.931s][info][gc,phases      ] GC(1075)   Other: 0.09ms
[4081.931s][info][gc,heap        ] GC(1075) Eden regions: 1115->0(1106)
[4081.931s][info][gc,heap        ] GC(1075) Survivor regions: 113->111(154)
[4081.931s][info][gc,heap        ] GC(1075) Old regions: 506->537
[4081.931s][info][gc,heap        ] GC(1075) Humongous regions: 80->80
[4081.931s][info][gc,metaspace   ] GC(1075) Metaspace: 28911K(29312K)->28911K(29312K) NonClass: 24043K(24256K)->24043K(24256K) Class: 4868K(5056K)->4868K(5056K)
[4081.931s][info][gc             ] GC(1075) Pause Young (Prepare Mixed) (G1 Evacuation Pause) 3626M->1454M(4096M) 116.552ms
[4081.931s][info][gc,cpu         ] GC(1075) User=0.69s Sys=0.00s Real=0.11s
...[4084.359s][info][gc,start       ] GC(1076) Pause Young (Mixed) (G1 Evacuation Pause)
[4084.359s][info][gc,task        ] GC(1076) Using 6 workers of 6 for evacuation
[4084.493s][info][gc,phases      ] GC(1076)   Pre Evacuate Collection Set: 0.40ms
[4084.493s][info][gc,phases      ] GC(1076)   Merge Heap Roots: 0.69ms
[4084.493s][info][gc,phases      ] GC(1076)   Evacuate Collection Set: 131.14ms
[4084.493s][info][gc,phases      ] GC(1076)   Post Evacuate Collection Set: 0.94ms
[4084.493s][info][gc,phases      ] GC(1076)   Other: 0.09ms
[4084.493s][info][gc,heap        ] GC(1076) Eden regions: 1106->0(1117)
[4084.493s][info][gc,heap        ] GC(1076) Survivor regions: 111->111(153)
[4084.493s][info][gc,heap        ] GC(1076) Old regions: 537->474
[4084.493s][info][gc,heap        ] GC(1076) Humongous regions: 80->80
[4084.493s][info][gc,metaspace   ] GC(1076) Metaspace: 28911K(29312K)->28911K(29312K) NonClass: 24043K(24256K)->24043K(24256K) Class: 4868K(5056K)->4868K(5056K)
[4084.493s][info][gc             ] GC(1076) Pause Young (Mixed) (G1 Evacuation Pause) 3666M->1328M(4096M) 133.391ms
[4084.493s][info][gc,cpu         ] GC(1076) User=0.79s Sys=0.00s Real=0.13s
..[4086.861s][info][gc,start       ] GC(1077) Pause Young (Concurrent Start) (G1 Evacuation Pause)
[4086.862s][info][gc,task        ] GC(1077) Using 6 workers of 6 for evacuation
[4086.981s][info][gc,phases      ] GC(1077)   Pre Evacuate Collection Set: 0.41ms
[4086.981s][info][gc,phases      ] GC(1077)   Merge Heap Roots: 0.48ms
[4086.981s][info][gc,phases      ] GC(1077)   Evacuate Collection Set: 117.14ms
[4086.981s][info][gc,phases      ] GC(1077)   Post Evacuate Collection Set: 0.91ms
[4086.981s][info][gc,phases      ] GC(1077)   Other: 0.14ms
[4086.981s][info][gc,heap        ] GC(1077) Eden regions: 1117->0(1118)
[4086.981s][info][gc,heap        ] GC(1077) Survivor regions: 111->110(154)
[4086.981s][info][gc,heap        ] GC(1077) Old regions: 474->507
[4086.981s][info][gc,heap        ] GC(1077) Humongous regions: 80->80
[4086.981s][info][gc,metaspace   ] GC(1077) Metaspace: 28911K(29312K)->28911K(29312K) NonClass: 24043K(24256K)->24043K(24256K) Class: 4868K(5056K)->4868K(5056K)
[4086.981s][info][gc             ] GC(1077) Pause Young (Concurrent Start) (G1 Evacuation Pause) 3562M->1392M(4096M) 119.208ms
[4086.981s][info][gc             ] GC(1078) Concurrent Mark Cycle
[4086.981s][info][gc,marking     ] GC(1078) Concurrent Scan Root Regions
[4086.981s][info][gc,cpu         ] GC(1077) User=0.70s Sys=0.00s Real=0.12s
.[4087.114s][info][gc,marking     ] GC(1078) Concurrent Scan Root Regions 132.901ms
[4087.114s][info][gc,marking     ] GC(1078) Concurrent Mark
[4087.114s][info][gc,marking     ] GC(1078) Concurrent Mark From Roots
[4087.114s][info][gc,task        ] GC(1078) Using 2 workers of 2 for marking
[4087.833s][info][gc,marking     ] GC(1078) Concurrent Mark From Roots 719.136ms
[4087.833s][info][gc,marking     ] GC(1078) Concurrent Preclean
[4087.833s][info][gc,marking     ] GC(1078) Concurrent Preclean 0.117ms
[4087.834s][info][gc,start       ] GC(1078) Pause Remark
[4087.840s][info][gc             ] GC(1078) Pause Remark 2152M->2152M(4096M) 5.569ms
[4087.840s][info][gc,cpu         ] GC(1078) User=0.03s Sys=0.00s Real=0.00s
[4087.840s][info][gc,marking     ] GC(1078) Concurrent Mark 726.659ms
[4087.840s][info][gc,marking     ] GC(1078) Concurrent Rebuild Remembered Sets and Scrub Regions
.[4088.115s][info][gc,marking     ] GC(1078) Concurrent Rebuild Remembered Sets and Scrub Regions 275.073ms
[4088.116s][info][gc,start       ] GC(1078) Pause Cleanup
[4088.116s][info][gc             ] GC(1078) Pause Cleanup 2393M->2393M(4096M) 0.134ms
[4088.116s][info][gc,cpu         ] GC(1078) User=0.00s Sys=0.00s Real=0.00s
[4088.116s][info][gc,marking     ] GC(1078) Concurrent Clear Claimed Marks
[4088.116s][info][gc,marking     ] GC(1078) Concurrent Clear Claimed Marks 0.033ms
[4088.116s][info][gc,marking     ] GC(1078) Concurrent Cleanup for Next Mark
[4088.123s][info][gc,marking     ] GC(1078) Concurrent Cleanup for Next Mark 7.084ms
[4088.123s][info][gc             ] GC(1078) Concurrent Mark Cycle 1142.659ms
.[4089.434s][info][gc,start       ] GC(1079) Pause Young (Prepare Mixed) (G1 Evacuation Pause)
[4089.434s][info][gc,task        ] GC(1079) Using 6 workers of 6 for evacuation
[4089.561s][info][gc,phases      ] GC(1079)   Pre Evacuate Collection Set: 0.34ms
[4089.561s][info][gc,phases      ] GC(1079)   Merge Heap Roots: 0.56ms
[4089.561s][info][gc,phases      ] GC(1079)   Evacuate Collection Set: 124.55ms
[4089.561s][info][gc,phases      ] GC(1079)   Post Evacuate Collection Set: 0.94ms
[4089.561s][info][gc,phases      ] GC(1079)   Other: 0.09ms
[4089.561s][info][gc,heap        ] GC(1079) Eden regions: 1118->0(1092)
[4089.561s][info][gc,heap        ] GC(1079) Survivor regions: 110->117(154)
[4089.561s][info][gc,heap        ] GC(1079) Old regions: 507->539
[4089.561s][info][gc,heap        ] GC(1079) Humongous regions: 80->80
[4089.561s][info][gc,metaspace   ] GC(1079) Metaspace: 28911K(29312K)->28911K(29312K) NonClass: 24043K(24256K)->24043K(24256K) Class: 4868K(5056K)->4868K(5056K)
[4089.561s][info][gc             ] GC(1079) Pause Young (Prepare Mixed) (G1 Evacuation Pause) 3628M->1470M(4096M) 126.628ms
[4089.561s][info][gc,cpu         ] GC(1079) User=0.75s Sys=0.00s Real=0.12s
..[4092.014s][info][gc,start       ] GC(1080) Pause Young (Mixed) (G1 Evacuation Pause)
[4092.014s][info][gc,task        ] GC(1080) Using 6 workers of 6 for evacuation
[4092.148s][info][gc,phases      ] GC(1080)   Pre Evacuate Collection Set: 0.39ms
[4092.148s][info][gc,phases      ] GC(1080)   Merge Heap Roots: 0.73ms
[4092.148s][info][gc,phases      ] GC(1080)   Evacuate Collection Set: 131.21ms
[4092.148s][info][gc,phases      ] GC(1080)   Post Evacuate Collection Set: 0.94ms
[4092.148s][info][gc,phases      ] GC(1080)   Other: 0.08ms
[4092.148s][info][gc,heap        ] GC(1080) Eden regions: 1092->0(1117)
[4092.148s][info][gc,heap        ] GC(1080) Survivor regions: 117->111(152)
[4092.148s][info][gc,heap        ] GC(1080) Old regions: 539->475
[4092.148s][info][gc,heap        ] GC(1080) Humongous regions: 80->80
[4092.148s][info][gc,metaspace   ] GC(1080) Metaspace: 28911K(29312K)->28911K(29312K) NonClass: 24043K(24256K)->24043K(24256K) Class: 4868K(5056K)->4868K(5056K)
[4092.148s][info][gc             ] GC(1080) Pause Young (Mixed) (G1 Evacuation Pause) 3654M->1330M(4096M) 133.491ms
[4092.148s][info][gc,cpu         ] GC(1080) User=0.79s Sys=0.00s Real=0.13s
...[4094.546s][info][gc,start       ] GC(1081) Pause Young (Concurrent Start) (G1 Evacuation Pause)
[4094.546s][info][gc,task        ] GC(1081) Using 6 workers of 6 for evacuation
[4094.668s][info][gc,phases      ] GC(1081)   Pre Evacuate Collection Set: 0.40ms
[4094.668s][info][gc,phases      ] GC(1081)   Merge Heap Roots: 0.51ms
[4094.668s][info][gc,phases      ] GC(1081)   Evacuate Collection Set: 119.87ms
[4094.668s][info][gc,phases      ] GC(1081)   Post Evacuate Collection Set: 0.88ms
[4094.668s][info][gc,phases      ] GC(1081)   Other: 0.12ms
[4094.668s][info][gc,heap        ] GC(1081) Eden regions: 1117->0(1115)
[4094.668s][info][gc,heap        ] GC(1081) Survivor regions: 111->113(154)
[4094.668s][info][gc,heap        ] GC(1081) Old regions: 475->506
[4094.668s][info][gc,heap        ] GC(1081) Humongous regions: 80->80
[4094.668s][info][gc,metaspace   ] GC(1081) Metaspace: 28911K(29312K)->28911K(29312K) NonClass: 24043K(24256K)->24043K(24256K) Class: 4868K(5056K)->4868K(5056K)
[4094.668s][info][gc             ] GC(1081) Pause Young (Concurrent Start) (G1 Evacuation Pause) 3564M->1397M(4096M) 121.938ms
[4094.668s][info][gc             ] GC(1082) Concurrent Mark Cycle
[4094.668s][info][gc,marking     ] GC(1082) Concurrent Scan Root Regions
[4094.668s][info][gc,cpu         ] GC(1081) User=0.72s Sys=0.00s Real=0.12s
[4094.810s][info][gc,marking     ] GC(1082) Concurrent Scan Root Regions 142.112ms
[4094.810s][info][gc,marking     ] GC(1082) Concurrent Mark
[4094.810s][info][gc,marking     ] GC(1082) Concurrent Mark From Roots
[4094.810s][info][gc,task        ] GC(1082) Using 2 workers of 2 for marking
.[4095.566s][info][gc,marking     ] GC(1082) Concurrent Mark From Roots 755.881ms
[4095.566s][info][gc,marking     ] GC(1082) Concurrent Preclean
[4095.567s][info][gc,marking     ] GC(1082) Concurrent Preclean 0.124ms
[4095.567s][info][gc,start       ] GC(1082) Pause Remark
[4095.572s][info][gc             ] GC(1082) Pause Remark 2216M->2216M(4096M) 5.432ms
[4095.572s][info][gc,cpu         ] GC(1082) User=0.03s Sys=0.00s Real=0.00s
[4095.573s][info][gc,marking     ] GC(1082) Concurrent Mark 762.977ms
[4095.573s][info][gc,marking     ] GC(1082) Concurrent Rebuild Remembered Sets and Scrub Regions
[4095.870s][info][gc,marking     ] GC(1082) Concurrent Rebuild Remembered Sets and Scrub Regions 296.482ms
[4095.872s][info][gc,start       ] GC(1082) Pause Cleanup
[4095.872s][info][gc             ] GC(1082) Pause Cleanup 2481M->2481M(4096M) 0.135ms
[4095.872s][info][gc,cpu         ] GC(1082) User=0.00s Sys=0.00s Real=0.00s
[4095.872s][info][gc,marking     ] GC(1082) Concurrent Clear Claimed Marks
[4095.872s][info][gc,marking     ] GC(1082) Concurrent Clear Claimed Marks 0.035ms
[4095.872s][info][gc,marking     ] GC(1082) Concurrent Cleanup for Next Mark
[4095.880s][info][gc,marking     ] GC(1082) Concurrent Cleanup for Next Mark 8.337ms
[4095.880s][info][gc             ] GC(1082) Concurrent Mark Cycle 1212.078ms
.[4097.118s][info][gc,start       ] GC(1083) Pause Young (Prepare Mixed) (G1 Evacuation Pause)
[4097.118s][info][gc,task        ] GC(1083) Using 6 workers of 6 for evacuation
[4097.238s][info][gc,phases      ] GC(1083)   Pre Evacuate Collection Set: 0.33ms
[4097.238s][info][gc,phases      ] GC(1083)   Merge Heap Roots: 0.57ms
[4097.238s][info][gc,phases      ] GC(1083)   Evacuate Collection Set: 118.06ms
[4097.238s][info][gc,phases      ] GC(1083)   Post Evacuate Collection Set: 0.94ms
[4097.238s][info][gc,phases      ] GC(1083)   Other: 0.10ms
[4097.238s][info][gc,heap        ] GC(1083) Eden regions: 1115->0(1107)
[4097.238s][info][gc,heap        ] GC(1083) Survivor regions: 113->110(154)
[4097.238s][info][gc,heap        ] GC(1083) Old regions: 506->538
[4097.238s][info][gc,heap        ] GC(1083) Humongous regions: 80->80
[4097.238s][info][gc,metaspace   ] GC(1083) Metaspace: 28911K(29312K)->28911K(29312K) NonClass: 24043K(24256K)->24043K(24256K) Class: 4868K(5056K)->4868K(5056K)
[4097.238s][info][gc             ] GC(1083) Pause Young (Prepare Mixed) (G1 Evacuation Pause) 3627M->1455M(4096M) 120.134ms
[4097.238s][info][gc,cpu         ] GC(1083) User=0.71s Sys=0.00s Real=0.12s
...[4099.646s][info][gc,start       ] GC(1084) Pause Young (Mixed) (G1 Evacuation Pause)
[4099.646s][info][gc,task        ] GC(1084) Using 6 workers of 6 for evacuation
[4099.776s][info][gc,phases      ] GC(1084)   Pre Evacuate Collection Set: 0.39ms
[4099.776s][info][gc,phases      ] GC(1084)   Merge Heap Roots: 0.63ms
[4099.776s][info][gc,phases      ] GC(1084)   Evacuate Collection Set: 127.89ms
[4099.776s][info][gc,phases      ] GC(1084)   Post Evacuate Collection Set: 0.92ms
[4099.776s][info][gc,phases      ] GC(1084)   Other: 0.09ms
[4099.776s][info][gc,heap        ] GC(1084) Eden regions: 1107->0(1121)
[4099.776s][info][gc,heap        ] GC(1084) Survivor regions: 110->107(153)
[4099.776s][info][gc,heap        ] GC(1084) Old regions: 538->473
[4099.776s][info][gc,heap        ] GC(1084) Humongous regions: 80->80
[4099.776s][info][gc,metaspace   ] GC(1084) Metaspace: 28911K(29312K)->28911K(29312K) NonClass: 24043K(24256K)->24043K(24256K) Class: 4868K(5056K)->4868K(5056K)
[4099.776s][info][gc             ] GC(1084) Pause Young (Mixed) (G1 Evacuation Pause) 3669M->1318M(4096M) 130.080ms
[4099.776s][info][gc,cpu         ] GC(1084) User=0.77s Sys=0.00s Real=0.13s
..[4102.282s][info][gc,start       ] GC(1085) Pause Young (Concurrent Start) (G1 Evacuation Pause)
[4102.282s][info][gc,task        ] GC(1085) Using 6 workers of 6 for evacuation
[4102.406s][info][gc,phases      ] GC(1085)   Pre Evacuate Collection Set: 0.36ms
[4102.406s][info][gc,phases      ] GC(1085)   Merge Heap Roots: 0.52ms
[4102.406s][info][gc,phases      ] GC(1085)   Evacuate Collection Set: 122.07ms
[4102.406s][info][gc,phases      ] GC(1085)   Post Evacuate Collection Set: 0.91ms
[4102.406s][info][gc,phases      ] GC(1085)   Other: 0.12ms
[4102.406s][info][gc,heap        ] GC(1085) Eden regions: 1121->0(1113)
[4102.406s][info][gc,heap        ] GC(1085) Survivor regions: 107->115(154)
[4102.406s][info][gc,heap        ] GC(1085) Old regions: 473->504
[4102.406s][info][gc,heap        ] GC(1085) Humongous regions: 80->80
[4102.406s][info][gc,metaspace   ] GC(1085) Metaspace: 28911K(29312K)->28911K(29312K) NonClass: 24043K(24256K)->24043K(24256K) Class: 4868K(5056K)->4868K(5056K)
[4102.406s][info][gc             ] GC(1085) Pause Young (Concurrent Start) (G1 Evacuation Pause) 3560M->1396M(4096M) 124.103ms
[4102.406s][info][gc             ] GC(1086) Concurrent Mark Cycle
[4102.406s][info][gc,marking     ] GC(1086) Concurrent Scan Root Regions
[4102.407s][info][gc,cpu         ] GC(1085) User=0.74s Sys=0.00s Real=0.13s
.[4102.587s][info][gc,marking     ] GC(1086) Concurrent Scan Root Regions 180.112ms
[4102.587s][info][gc,marking     ] GC(1086) Concurrent Mark
[4102.587s][info][gc,marking     ] GC(1086) Concurrent Mark From Roots
[4102.587s][info][gc,task        ] GC(1086) Using 2 workers of 2 for marking
.[4103.590s][info][gc,marking     ] GC(1086) Concurrent Mark From Roots 1002.870ms
[4103.590s][info][gc,marking     ] GC(1086) Concurrent Preclean
[4103.590s][info][gc,marking     ] GC(1086) Concurrent Preclean 0.118ms
[4103.590s][info][gc,start       ] GC(1086) Pause Remark
[4103.597s][info][gc             ] GC(1086) Pause Remark 2434M->2434M(4096M) 6.899ms
[4103.597s][info][gc,cpu         ] GC(1086) User=0.04s Sys=0.00s Real=0.01s
[4103.597s][info][gc,marking     ] GC(1086) Concurrent Mark 1010.279ms
[4103.597s][info][gc,marking     ] GC(1086) Concurrent Rebuild Remembered Sets and Scrub Regions
[4103.979s][info][gc,marking     ] GC(1086) Concurrent Rebuild Remembered Sets and Scrub Regions 381.649ms
[4103.981s][info][gc,start       ] GC(1086) Pause Cleanup
[4103.981s][info][gc             ] GC(1086) Pause Cleanup 2798M->2798M(4096M) 0.143ms
[4103.981s][info][gc,cpu         ] GC(1086) User=0.00s Sys=0.00s Real=0.00s
[4103.981s][info][gc,marking     ] GC(1086) Concurrent Clear Claimed Marks
[4103.982s][info][gc,marking     ] GC(1086) Concurrent Clear Claimed Marks 0.031ms
[4103.982s][info][gc,marking     ] GC(1086) Concurrent Cleanup for Next Mark
[4104.001s][info][gc,marking     ] GC(1086) Concurrent Cleanup for Next Mark 19.114ms
[4104.001s][info][gc             ] GC(1086) Concurrent Mark Cycle 1594.263ms
.[4104.795s][info][gc,start       ] GC(1087) Pause Young (Prepare Mixed) (G1 Evacuation Pause)
[4104.795s][info][gc,task        ] GC(1087) Using 6 workers of 6 for evacuation
[4104.914s][info][gc,phases      ] GC(1087)   Pre Evacuate Collection Set: 0.35ms
[4104.914s][info][gc,phases      ] GC(1087)   Merge Heap Roots: 0.63ms
[4104.914s][info][gc,phases      ] GC(1087)   Evacuate Collection Set: 116.44ms
[4104.914s][info][gc,phases      ] GC(1087)   Post Evacuate Collection Set: 0.92ms
[4104.914s][info][gc,phases      ] GC(1087)   Other: 0.09ms
[4104.914s][info][gc,heap        ] GC(1087) Eden regions: 1113->0(1108)
[4104.914s][info][gc,heap        ] GC(1087) Survivor regions: 115->111(154)
[4104.914s][info][gc,heap        ] GC(1087) Old regions: 504->535
[4104.914s][info][gc,heap        ] GC(1087) Humongous regions: 80->80
[4104.914s][info][gc,metaspace   ] GC(1087) Metaspace: 28911K(29312K)->28911K(29312K) NonClass: 24043K(24256K)->24043K(24256K) Class: 4868K(5056K)->4868K(5056K)
[4104.914s][info][gc             ] GC(1087) Pause Young (Prepare Mixed) (G1 Evacuation Pause) 3622M->1450M(4096M) 118.581ms
[4104.914s][info][gc,cpu         ] GC(1087) User=0.70s Sys=0.00s Real=0.12s
..[4107.387s][info][gc,start       ] GC(1088) Pause Young (Mixed) (G1 Evacuation Pause)
[4107.387s][info][gc,task        ] GC(1088) Using 6 workers of 6 for evacuation
[4107.526s][info][gc,phases      ] GC(1088)   Pre Evacuate Collection Set: 0.39ms
[4107.526s][info][gc,phases      ] GC(1088)   Merge Heap Roots: 0.69ms
[4107.526s][info][gc,phases      ] GC(1088)   Evacuate Collection Set: 136.91ms
[4107.526s][info][gc,phases      ] GC(1088)   Post Evacuate Collection Set: 0.94ms
[4107.526s][info][gc,phases      ] GC(1088)   Other: 0.09ms
[4107.526s][info][gc,heap        ] GC(1088) Eden regions: 1108->0(1116)
[4107.526s][info][gc,heap        ] GC(1088) Survivor regions: 111->112(153)
[4107.526s][info][gc,heap        ] GC(1088) Old regions: 535->474
[4107.526s][info][gc,heap        ] GC(1088) Humongous regions: 80->80
[4107.526s][info][gc,metaspace   ] GC(1088) Metaspace: 28911K(29312K)->28911K(29312K) NonClass: 24043K(24256K)->24043K(24256K) Class: 4868K(5056K)->4868K(5056K)
[4107.526s][info][gc             ] GC(1088) Pause Young (Mixed) (G1 Evacuation Pause) 3666M->1330M(4096M) 139.156ms
[4107.526s][info][gc,cpu         ] GC(1088) User=0.82s Sys=0.00s Real=0.14s
...[4109.955s][info][gc,start       ] GC(1089) Pause Young (Concurrent Start) (G1 Evacuation Pause)
[4109.955s][info][gc,task        ] GC(1089) Using 6 workers of 6 for evacuation
[4110.071s][info][gc,phases      ] GC(1089)   Pre Evacuate Collection Set: 0.40ms
[4110.071s][info][gc,phases      ] GC(1089)   Merge Heap Roots: 0.48ms
[4110.071s][info][gc,phases      ] GC(1089)   Evacuate Collection Set: 114.25ms
[4110.071s][info][gc,phases      ] GC(1089)   Post Evacuate Collection Set: 0.90ms
[4110.071s][info][gc,phases      ] GC(1089)   Other: 0.10ms
[4110.071s][info][gc,heap        ] GC(1089) Eden regions: 1116->0(1118)
[4110.071s][info][gc,heap        ] GC(1089) Survivor regions: 112->110(154)
[4110.071s][info][gc,heap        ] GC(1089) Old regions: 474->504
[4110.071s][info][gc,heap        ] GC(1089) Humongous regions: 80->80
[4110.071s][info][gc,metaspace   ] GC(1089) Metaspace: 28911K(29312K)->28911K(29312K) NonClass: 24043K(24256K)->24043K(24256K) Class: 4868K(5056K)->4868K(5056K)
[4110.071s][info][gc             ] GC(1089) Pause Young (Concurrent Start) (G1 Evacuation Pause) 3562M->1386M(4096M) 116.263ms
[4110.071s][info][gc             ] GC(1090) Concurrent Mark Cycle
[4110.071s][info][gc,marking     ] GC(1090) Concurrent Scan Root Regions
[4110.071s][info][gc,cpu         ] GC(1089) User=0.68s Sys=0.00s Real=0.11s
[4110.250s][info][gc,marking     ] GC(1090) Concurrent Scan Root Regions 178.635ms
[4110.250s][info][gc,marking     ] GC(1090) Concurrent Mark
[4110.250s][info][gc,marking     ] GC(1090) Concurrent Mark From Roots
[4110.250s][info][gc,task        ] GC(1090) Using 2 workers of 2 for marking
.[4111.241s][info][gc,marking     ] GC(1090) Concurrent Mark From Roots 990.848ms
[4111.241s][info][gc,marking     ] GC(1090) Concurrent Preclean
[4111.241s][info][gc,marking     ] GC(1090) Concurrent Preclean 0.149ms
[4111.243s][info][gc,start       ] GC(1090) Pause Remark
[4111.250s][info][gc             ] GC(1090) Pause Remark 2446M->2446M(4096M) 6.749ms
[4111.250s][info][gc,cpu         ] GC(1090) User=0.03s Sys=0.00s Real=0.00s
[4111.251s][info][gc,marking     ] GC(1090) Concurrent Mark 1001.246ms
[4111.251s][info][gc,marking     ] GC(1090) Concurrent Rebuild Remembered Sets and Scrub Regions
[4111.635s][info][gc,marking     ] GC(1090) Concurrent Rebuild Remembered Sets and Scrub Regions 383.423ms
[4111.635s][info][gc,start       ] GC(1090) Pause Cleanup
[4111.635s][info][gc             ] GC(1090) Pause Cleanup 2830M->2830M(4096M) 0.113ms
[4111.635s][info][gc,cpu         ] GC(1090) User=0.00s Sys=0.00s Real=0.00s
[4111.635s][info][gc,marking     ] GC(1090) Concurrent Clear Claimed Marks
[4111.635s][info][gc,marking     ] GC(1090) Concurrent Clear Claimed Marks 0.033ms
[4111.635s][info][gc,marking     ] GC(1090) Concurrent Cleanup for Next Mark
[4111.638s][info][gc,marking     ] GC(1090) Concurrent Cleanup for Next Mark 3.457ms
[4111.638s][info][gc             ] GC(1090) Concurrent Mark Cycle 1567.271ms
.[4112.477s][info][gc,start       ] GC(1091) Pause Young (Prepare Mixed) (G1 Evacuation Pause)
[4112.477s][info][gc,task        ] GC(1091) Using 6 workers of 6 for evacuation
[4112.600s][info][gc,phases      ] GC(1091)   Pre Evacuate Collection Set: 0.33ms
[4112.600s][info][gc,phases      ] GC(1091)   Merge Heap Roots: 0.56ms
[4112.600s][info][gc,phases      ] GC(1091)   Evacuate Collection Set: 120.99ms
[4112.600s][info][gc,phases      ] GC(1091)   Post Evacuate Collection Set: 0.91ms
[4112.600s][info][gc,phases      ] GC(1091)   Other: 0.10ms
[4112.600s][info][gc,heap        ] GC(1091) Eden regions: 1118->0(1102)
[4112.600s][info][gc,heap        ] GC(1091) Survivor regions: 110->113(154)
[4112.600s][info][gc,heap        ] GC(1091) Old regions: 504->537
[4112.600s][info][gc,heap        ] GC(1091) Humongous regions: 80->80
[4112.600s][info][gc,metaspace   ] GC(1091) Metaspace: 28911K(29312K)->28911K(29312K) NonClass: 24043K(24256K)->24043K(24256K) Class: 4868K(5056K)->4868K(5056K)
[4112.600s][info][gc             ] GC(1091) Pause Young (Prepare Mixed) (G1 Evacuation Pause) 3622M->1458M(4096M) 123.020ms
[4112.600s][info][gc,cpu         ] GC(1091) User=0.72s Sys=0.00s Real=0.12s
...[4115.045s][info][gc,start       ] GC(1092) Pause Young (Mixed) (G1 Evacuation Pause)
[4115.045s][info][gc,task        ] GC(1092) Using 6 workers of 6 for evacuation
[4115.178s][info][gc,phases      ] GC(1092)   Pre Evacuate Collection Set: 0.36ms
[4115.178s][info][gc,phases      ] GC(1092)   Merge Heap Roots: 0.70ms
[4115.178s][info][gc,phases      ] GC(1092)   Evacuate Collection Set: 130.81ms
[4115.178s][info][gc,phases      ] GC(1092)   Post Evacuate Collection Set: 0.95ms
[4115.178s][info][gc,phases      ] GC(1092)   Other: 0.09ms
[4115.178s][info][gc,heap        ] GC(1092) Eden regions: 1102->0(1118)
[4115.178s][info][gc,heap        ] GC(1092) Survivor regions: 113->110(152)
[4115.178s][info][gc,heap        ] GC(1092) Old regions: 537->474
[4115.178s][info][gc,heap        ] GC(1092) Humongous regions: 80->80
[4115.178s][info][gc,metaspace   ] GC(1092) Metaspace: 28911K(29312K)->28911K(29312K) NonClass: 24043K(24256K)->24043K(24256K) Class: 4868K(5056K)->4868K(5056K)
[4115.178s][info][gc             ] GC(1092) Pause Young (Mixed) (G1 Evacuation Pause) 3662M->1327M(4096M) 133.053ms
[4115.178s][info][gc,cpu         ] GC(1092) User=0.79s Sys=0.00s Real=0.13s
.. (rIR:aIR:PR = 7334:7365:7366) (tPR = 109715) [OK] 
  4116s: Performance info:
         Transaction,    Success,    Partial,     Failed,   Receipts, AvgBarcode, 
             Overall,     442784,          0,          0,     420722,      59.48, 
         Response times:
             Request,    Success,    Partial,     Failed,   SkipFail,     Probes,    Samples,      min,      p50,      p90,      p95,      p99,      max, 
       TotalPurchase,     420653,          0,          0,          0,     357923,     430692,      300,     6800,    60000,    91000,   140000,   422000,
     InStorePurchase,     221475,          0,          0,          0,     188235,     226236,      300,     6800,    60000,    91000,   139000,   422000,
      OnlinePurchase,     154902,          0,          0,          0,     131654,     158385,      300,     6600,    59000,    89000,   139000,   398000,
        InstPurchase,      44276,          0,          0,          0,      38034,      46071,      400,     7000,    61000,    93000,   142000,   262000,
          AssocOfCat,        443,          0,          0,          0,        355,        512,    24000,    44500,   124000,   157000,   202740,   298000,
      AssocOfProduct,       4423,          0,          0,          0,       4129,       5186,     1000,     6450,    59000,    91000,   141000,   288000,
      BusinessReport,       1102,          0,          0,          0,        957,       1282,    28000,    47000,   107000,   147850,   193170,   249000,
          CustBuyBeh,       4402,          0,          0,          0,       4163,       5293,      400,     6700,    59000,    91000,   139000,   215000,
       ProductReturn,      11693,          0,          0,          0,      10009,      12342,      200,     6700,    58000,    90000,   135000,   262000,

  4116s: (54%)   IR =   7472 [4117.554s][info][gc,start       ] GC(1093) Pause Young (Concurrent Start) (G1 Evacuation Pause)
[4117.554s][info][gc,task        ] GC(1093) Using 6 workers of 6 for evacuation
[4117.672s][info][gc,phases      ] GC(1093)   Pre Evacuate Collection Set: 0.41ms
[4117.672s][info][gc,phases      ] GC(1093)   Merge Heap Roots: 0.50ms
[4117.672s][info][gc,phases      ] GC(1093)   Evacuate Collection Set: 116.27ms
[4117.672s][info][gc,phases      ] GC(1093)   Post Evacuate Collection Set: 0.90ms
[4117.672s][info][gc,phases      ] GC(1093)   Other: 0.10ms
[4117.672s][info][gc,heap        ] GC(1093) Eden regions: 1118->0(1116)
[4117.672s][info][gc,heap        ] GC(1093) Survivor regions: 110->112(154)
[4117.672s][info][gc,heap        ] GC(1093) Old regions: 474->505
[4117.672s][info][gc,heap        ] GC(1093) Humongous regions: 80->80
[4117.672s][info][gc,metaspace   ] GC(1093) Metaspace: 28911K(29312K)->28911K(29312K) NonClass: 24043K(24256K)->24043K(24256K) Class: 4868K(5056K)->4868K(5056K)
[4117.672s][info][gc             ] GC(1093) Pause Young (Concurrent Start) (G1 Evacuation Pause) 3563M->1393M(4096M) 118.304ms
[4117.672s][info][gc             ] GC(1094) Concurrent Mark Cycle
[4117.672s][info][gc,marking     ] GC(1094) Concurrent Scan Root Regions
[4117.672s][info][gc,cpu         ] GC(1093) User=0.70s Sys=0.00s Real=0.11s
[4117.911s][info][gc,marking     ] GC(1094) Concurrent Scan Root Regions 238.718ms
[4117.911s][info][gc,marking     ] GC(1094) Concurrent Mark
[4117.911s][info][gc,marking     ] GC(1094) Concurrent Mark From Roots
[4117.911s][info][gc,task        ] GC(1094) Using 2 workers of 2 for marking
.[4118.856s][info][gc,marking     ] GC(1094) Concurrent Mark From Roots 945.383ms
[4118.856s][info][gc,marking     ] GC(1094) Concurrent Preclean
[4118.857s][info][gc,marking     ] GC(1094) Concurrent Preclean 0.144ms
[4118.857s][info][gc,start       ] GC(1094) Pause Remark
[4118.864s][info][gc             ] GC(1094) Pause Remark 2497M->2497M(4096M) 7.604ms
[4118.864s][info][gc,cpu         ] GC(1094) User=0.04s Sys=0.00s Real=0.01s
[4118.866s][info][gc,marking     ] GC(1094) Concurrent Mark 954.801ms
[4118.866s][info][gc,marking     ] GC(1094) Concurrent Rebuild Remembered Sets and Scrub Regions
.[4119.225s][info][gc,marking     ] GC(1094) Concurrent Rebuild Remembered Sets and Scrub Regions 358.942ms
[4119.225s][info][gc,start       ] GC(1094) Pause Cleanup
[4119.225s][info][gc             ] GC(1094) Pause Cleanup 2843M->2843M(4096M) 0.128ms
[4119.225s][info][gc,cpu         ] GC(1094) User=0.00s Sys=0.00s Real=0.00s
[4119.226s][info][gc,marking     ] GC(1094) Concurrent Clear Claimed Marks
[4119.226s][info][gc,marking     ] GC(1094) Concurrent Clear Claimed Marks 0.040ms
[4119.226s][info][gc,marking     ] GC(1094) Concurrent Cleanup for Next Mark
[4119.236s][info][gc,marking     ] GC(1094) Concurrent Cleanup for Next Mark 9.115ms
[4119.236s][info][gc             ] GC(1094) Concurrent Mark Cycle 1563.519ms
.[4120.100s][info][gc,start       ] GC(1095) Pause Young (Prepare Mixed) (G1 Evacuation Pause)
[4120.100s][info][gc,task        ] GC(1095) Using 6 workers of 6 for evacuation
[4120.222s][info][gc,phases      ] GC(1095)   Pre Evacuate Collection Set: 0.33ms
[4120.222s][info][gc,phases      ] GC(1095)   Merge Heap Roots: 0.58ms
[4120.222s][info][gc,phases      ] GC(1095)   Evacuate Collection Set: 119.94ms
[4120.222s][info][gc,phases      ] GC(1095)   Post Evacuate Collection Set: 0.98ms
[4120.222s][info][gc,phases      ] GC(1095)   Other: 0.09ms
[4120.222s][info][gc,heap        ] GC(1095) Eden regions: 1116->0(1102)
[4120.222s][info][gc,heap        ] GC(1095) Survivor regions: 112->112(154)
[4120.222s][info][gc,heap        ] GC(1095) Old regions: 505->539
[4120.222s][info][gc,heap        ] GC(1095) Humongous regions: 80->80
[4120.222s][info][gc,metaspace   ] GC(1095) Metaspace: 28911K(29312K)->28911K(29312K) NonClass: 24043K(24256K)->24043K(24256K) Class: 4868K(5056K)->4868K(5056K)
[4120.222s][info][gc             ] GC(1095) Pause Young (Prepare Mixed) (G1 Evacuation Pause) 3625M->1460M(4096M) 122.077ms
[4120.222s][info][gc,cpu         ] GC(1095) User=0.72s Sys=0.00s Real=0.12s
..[4122.590s][info][gc,start       ] GC(1096) Pause Young (Mixed) (G1 Evacuation Pause)
[4122.590s][info][gc,task        ] GC(1096) Using 6 workers of 6 for evacuation
[4122.729s][info][gc,phases      ] GC(1096)   Pre Evacuate Collection Set: 0.36ms
[4122.729s][info][gc,phases      ] GC(1096)   Merge Heap Roots: 0.72ms
[4122.729s][info][gc,phases      ] GC(1096)   Evacuate Collection Set: 136.98ms
[4122.729s][info][gc,phases      ] GC(1096)   Post Evacuate Collection Set: 0.96ms
[4122.729s][info][gc,phases      ] GC(1096)   Other: 0.08ms
[4122.729s][info][gc,heap        ] GC(1096) Eden regions: 1102->0(1114)
[4122.729s][info][gc,heap        ] GC(1096) Survivor regions: 112->114(152)
[4122.729s][info][gc,heap        ] GC(1096) Old regions: 539->474
[4122.729s][info][gc,heap        ] GC(1096) Humongous regions: 80->80
[4122.729s][info][gc,metaspace   ] GC(1096) Metaspace: 28911K(29312K)->28911K(29312K) NonClass: 24043K(24256K)->24043K(24256K) Class: 4868K(5056K)->4868K(5056K)
[4122.729s][info][gc             ] GC(1096) Pause Young (Mixed) (G1 Evacuation Pause) 3664M->1334M(4096M) 139.232ms
[4122.729s][info][gc,cpu         ] GC(1096) User=0.82s Sys=0.01s Real=0.14s
...[4125.196s][info][gc,start       ] GC(1097) Pause Young (Concurrent Start) (G1 Evacuation Pause)
[4125.196s][info][gc,task        ] GC(1097) Using 6 workers of 6 for evacuation
[4125.313s][info][gc,phases      ] GC(1097)   Pre Evacuate Collection Set: 0.37ms
[4125.313s][info][gc,phases      ] GC(1097)   Merge Heap Roots: 0.45ms
[4125.313s][info][gc,phases      ] GC(1097)   Evacuate Collection Set: 114.43ms
[4125.313s][info][gc,phases      ] GC(1097)   Post Evacuate Collection Set: 0.88ms
[4125.313s][info][gc,phases      ] GC(1097)   Other: 0.11ms
[4125.313s][info][gc,heap        ] GC(1097) Eden regions: 1114->0(1118)
[4125.313s][info][gc,heap        ] GC(1097) Survivor regions: 114->110(154)
[4125.313s][info][gc,heap        ] GC(1097) Old regions: 474->506
[4125.313s][info][gc,heap        ] GC(1097) Humongous regions: 80->80
[4125.313s][info][gc,metaspace   ] GC(1097) Metaspace: 28911K(29312K)->28911K(29312K) NonClass: 24043K(24256K)->24043K(24256K) Class: 4868K(5056K)->4868K(5056K)
[4125.313s][info][gc             ] GC(1097) Pause Young (Concurrent Start) (G1 Evacuation Pause) 3562M->1391M(4096M) 116.386ms
[4125.313s][info][gc             ] GC(1098) Concurrent Mark Cycle
[4125.313s][info][gc,marking     ] GC(1098) Concurrent Scan Root Regions
[4125.313s][info][gc,cpu         ] GC(1097) User=0.69s Sys=0.00s Real=0.11s
[4125.493s][info][gc,marking     ] GC(1098) Concurrent Scan Root Regions 179.849ms
[4125.493s][info][gc,marking     ] GC(1098) Concurrent Mark
[4125.493s][info][gc,marking     ] GC(1098) Concurrent Mark From Roots
[4125.493s][info][gc,task        ] GC(1098) Using 2 workers of 2 for marking
.[4126.505s][info][gc,marking     ] GC(1098) Concurrent Mark From Roots 1011.897ms
[4126.505s][info][gc,marking     ] GC(1098) Concurrent Preclean
[4126.505s][info][gc,marking     ] GC(1098) Concurrent Preclean 0.166ms
[4126.507s][info][gc,start       ] GC(1098) Pause Remark
[4126.513s][info][gc             ] GC(1098) Pause Remark 2481M->2481M(4096M) 5.962ms
[4126.513s][info][gc,cpu         ] GC(1098) User=0.03s Sys=0.00s Real=0.01s
[4126.514s][info][gc,marking     ] GC(1098) Concurrent Mark 1021.206ms
[4126.514s][info][gc,marking     ] GC(1098) Concurrent Rebuild Remembered Sets and Scrub Regions
[4126.877s][info][gc,marking     ] GC(1098) Concurrent Rebuild Remembered Sets and Scrub Regions 362.527ms
[4126.877s][info][gc,start       ] GC(1098) Pause Cleanup
[4126.877s][info][gc             ] GC(1098) Pause Cleanup 2841M->2841M(4096M) 0.128ms
[4126.877s][info][gc,cpu         ] GC(1098) User=0.00s Sys=0.00s Real=0.00s
[4126.877s][info][gc,marking     ] GC(1098) Concurrent Clear Claimed Marks
[4126.877s][info][gc,marking     ] GC(1098) Concurrent Clear Claimed Marks 0.025ms
[4126.877s][info][gc,marking     ] GC(1098) Concurrent Cleanup for Next Mark
[4126.883s][info][gc,marking     ] GC(1098) Concurrent Cleanup for Next Mark 6.236ms
[4126.883s][info][gc             ] GC(1098) Concurrent Mark Cycle 1570.322ms
.[4127.779s][info][gc,start       ] GC(1099) Pause Young (Prepare Mixed) (G1 Evacuation Pause)
[4127.779s][info][gc,task        ] GC(1099) Using 6 workers of 6 for evacuation
[4127.905s][info][gc,phases      ] GC(1099)   Pre Evacuate Collection Set: 0.33ms
[4127.905s][info][gc,phases      ] GC(1099)   Merge Heap Roots: 0.60ms
[4127.905s][info][gc,phases      ] GC(1099)   Evacuate Collection Set: 123.81ms
[4127.905s][info][gc,phases      ] GC(1099)   Post Evacuate Collection Set: 0.94ms
[4127.905s][info][gc,phases      ] GC(1099)   Other: 0.10ms
[4127.905s][info][gc,heap        ] GC(1099) Eden regions: 1118->0(1098)
[4127.905s][info][gc,heap        ] GC(1099) Survivor regions: 110->115(154)
[4127.905s][info][gc,heap        ] GC(1099) Old regions: 506->537
[4127.905s][info][gc,heap        ] GC(1099) Humongous regions: 80->80
[4127.905s][info][gc,metaspace   ] GC(1099) Metaspace: 28911K(29312K)->28911K(29312K) NonClass: 24043K(24256K)->24043K(24256K) Class: 4868K(5056K)->4868K(5056K)
[4127.905s][info][gc             ] GC(1099) Pause Young (Prepare Mixed) (G1 Evacuation Pause) 3627M->1462M(4096M) 125.906ms
[4127.905s][info][gc,cpu         ] GC(1099) User=0.75s Sys=0.00s Real=0.13s
..|.[4130.240s][info][gc,start       ] GC(1100) Pause Young (Mixed) (G1 Evacuation Pause)
[4130.240s][info][gc,task        ] GC(1100) Using 6 workers of 6 for evacuation
[4130.379s][info][gc,phases      ] GC(1100)   Pre Evacuate Collection Set: 0.39ms
[4130.379s][info][gc,phases      ] GC(1100)   Merge Heap Roots: 0.76ms
[4130.379s][info][gc,phases      ] GC(1100)   Evacuate Collection Set: 136.46ms
[4130.379s][info][gc,phases      ] GC(1100)   Post Evacuate Collection Set: 0.95ms
[4130.379s][info][gc,phases      ] GC(1100)   Other: 0.09ms
[4130.379s][info][gc,heap        ] GC(1100) Eden regions: 1098->0(1116)
[4130.379s][info][gc,heap        ] GC(1100) Survivor regions: 115->112(152)
[4130.379s][info][gc,heap        ] GC(1100) Old regions: 537->474
[4130.379s][info][gc,heap        ] GC(1100) Humongous regions: 80->80
[4130.379s][info][gc,metaspace   ] GC(1100) Metaspace: 28911K(29312K)->28911K(29312K) NonClass: 24043K(24256K)->24043K(24256K) Class: 4868K(5056K)->4868K(5056K)
[4130.379s][info][gc             ] GC(1100) Pause Young (Mixed) (G1 Evacuation Pause) 3658M->1329M(4096M) 138.785ms
[4130.379s][info][gc,cpu         ] GC(1100) User=0.82s Sys=0.00s Real=0.14s
..[4132.795s][info][gc,start       ] GC(1101) Pause Young (Concurrent Start) (G1 Evacuation Pause)
[4132.795s][info][gc,task        ] GC(1101) Using 6 workers of 6 for evacuation
[4132.911s][info][gc,phases      ] GC(1101)   Pre Evacuate Collection Set: 0.39ms
[4132.911s][info][gc,phases      ] GC(1101)   Merge Heap Roots: 0.49ms
[4132.911s][info][gc,phases      ] GC(1101)   Evacuate Collection Set: 113.83ms
[4132.911s][info][gc,phases      ] GC(1101)   Post Evacuate Collection Set: 0.89ms
[4132.911s][info][gc,phases      ] GC(1101)   Other: 0.13ms
[4132.911s][info][gc,heap        ] GC(1101) Eden regions: 1116->0(1120)
[4132.911s][info][gc,heap        ] GC(1101) Survivor regions: 112->108(154)
[4132.911s][info][gc,heap        ] GC(1101) Old regions: 474->506
[4132.911s][info][gc,heap        ] GC(1101) Humongous regions: 80->80
[4132.911s][info][gc,metaspace   ] GC(1101) Metaspace: 28911K(29312K)->28911K(29312K) NonClass: 24043K(24256K)->24043K(24256K) Class: 4868K(5056K)->4868K(5056K)
[4132.911s][info][gc             ] GC(1101) Pause Young (Concurrent Start) (G1 Evacuation Pause) 3561M->1386M(4096M) 115.847ms
[4132.911s][info][gc             ] GC(1102) Concurrent Mark Cycle
[4132.911s][info][gc,marking     ] GC(1102) Concurrent Scan Root Regions
[4132.911s][info][gc,cpu         ] GC(1101) User=0.69s Sys=0.00s Real=0.11s
.[4133.081s][info][gc,marking     ] GC(1102) Concurrent Scan Root Regions 169.918ms
[4133.081s][info][gc,marking     ] GC(1102) Concurrent Mark
[4133.081s][info][gc,marking     ] GC(1102) Concurrent Mark From Roots
[4133.081s][info][gc,task        ] GC(1102) Using 2 workers of 2 for marking
[4134.029s][info][gc,marking     ] GC(1102) Concurrent Mark From Roots 948.489ms
[4134.029s][info][gc,marking     ] GC(1102) Concurrent Preclean
[4134.030s][info][gc,marking     ] GC(1102) Concurrent Preclean 0.167ms
[4134.031s][info][gc,start       ] GC(1102) Pause Remark
[4134.037s][info][gc             ] GC(1102) Pause Remark 2440M->2440M(4096M) 6.500ms
[4134.038s][info][gc,cpu         ] GC(1102) User=0.04s Sys=0.00s Real=0.01s
[4134.038s][info][gc,marking     ] GC(1102) Concurrent Mark 957.107ms
[4134.038s][info][gc,marking     ] GC(1102) Concurrent Rebuild Remembered Sets and Scrub Regions
.[4134.305s][info][gc,marking     ] GC(1102) Concurrent Rebuild Remembered Sets and Scrub Regions 266.701ms
[4134.306s][info][gc,start       ] GC(1102) Pause Cleanup
[4134.306s][info][gc             ] GC(1102) Pause Cleanup 2698M->2698M(4096M) 0.124ms
[4134.306s][info][gc,cpu         ] GC(1102) User=0.00s Sys=0.00s Real=0.00s
[4134.306s][info][gc,marking     ] GC(1102) Concurrent Clear Claimed Marks
[4134.306s][info][gc,marking     ] GC(1102) Concurrent Clear Claimed Marks 0.032ms
[4134.306s][info][gc,marking     ] GC(1102) Concurrent Cleanup for Next Mark
[4134.317s][info][gc,marking     ] GC(1102) Concurrent Cleanup for Next Mark 11.417ms
[4134.317s][info][gc             ] GC(1102) Concurrent Mark Cycle 1406.624ms
.[4135.314s][info][gc,start       ] GC(1103) Pause Young (Prepare Mixed) (G1 Evacuation Pause)
[4135.314s][info][gc,task        ] GC(1103) Using 6 workers of 6 for evacuation
[4135.430s][info][gc,phases      ] GC(1103)   Pre Evacuate Collection Set: 0.34ms
[4135.430s][info][gc,phases      ] GC(1103)   Merge Heap Roots: 0.50ms
[4135.430s][info][gc,phases      ] GC(1103)   Evacuate Collection Set: 113.90ms
[4135.430s][info][gc,phases      ] GC(1103)   Post Evacuate Collection Set: 0.94ms
[4135.430s][info][gc,phases      ] GC(1103)   Other: 0.08ms
[4135.430s][info][gc,heap        ] GC(1103) Eden regions: 1120->0(1108)
[4135.430s][info][gc,heap        ] GC(1103) Survivor regions: 108->110(154)
[4135.430s][info][gc,heap        ] GC(1103) Old regions: 506->537
[4135.430s][info][gc,heap        ] GC(1103) Humongous regions: 80->80
[4135.430s][info][gc,metaspace   ] GC(1103) Metaspace: 28911K(29312K)->28911K(29312K) NonClass: 24043K(24256K)->24043K(24256K) Class: 4868K(5056K)->4868K(5056K)
[4135.430s][info][gc             ] GC(1103) Pause Young (Prepare Mixed) (G1 Evacuation Pause) 3626M->1453M(4096M) 115.907ms
[4135.430s][info][gc,cpu         ] GC(1103) User=0.69s Sys=0.00s Real=0.11s
..[4137.856s][info][gc,start       ] GC(1104) Pause Young (Mixed) (G1 Evacuation Pause)
[4137.856s][info][gc,task        ] GC(1104) Using 6 workers of 6 for evacuation
[4137.987s][info][gc,phases      ] GC(1104)   Pre Evacuate Collection Set: 0.38ms
[4137.987s][info][gc,phases      ] GC(1104)   Merge Heap Roots: 0.67ms
[4137.987s][info][gc,phases      ] GC(1104)   Evacuate Collection Set: 129.20ms
[4137.987s][info][gc,phases      ] GC(1104)   Post Evacuate Collection Set: 0.93ms
[4137.987s][info][gc,phases      ] GC(1104)   Other: 0.09ms
[4137.987s][info][gc,heap        ] GC(1104) Eden regions: 1108->0(1118)
[4137.987s][info][gc,heap        ] GC(1104) Survivor regions: 110->110(153)
[4137.987s][info][gc,heap        ] GC(1104) Old regions: 537->474
[4137.987s][info][gc,heap        ] GC(1104) Humongous regions: 80->80
[4137.987s][info][gc,metaspace   ] GC(1104) Metaspace: 28911K(29312K)->28911K(29312K) NonClass: 24043K(24256K)->24043K(24256K) Class: 4868K(5056K)->4868K(5056K)
[4137.987s][info][gc             ] GC(1104) Pause Young (Mixed) (G1 Evacuation Pause) 3669M->1327M(4096M) 131.416ms
[4137.987s][info][gc,cpu         ] GC(1104) User=0.78s Sys=0.00s Real=0.13s
...[4140.377s][info][gc,start       ] GC(1105) Pause Young (Concurrent Start) (G1 Evacuation Pause)
[4140.378s][info][gc,task        ] GC(1105) Using 6 workers of 6 for evacuation
[4140.498s][info][gc,phases      ] GC(1105)   Pre Evacuate Collection Set: 0.38ms
[4140.498s][info][gc,phases      ] GC(1105)   Merge Heap Roots: 0.50ms
[4140.498s][info][gc,phases      ] GC(1105)   Evacuate Collection Set: 118.87ms
[4140.498s][info][gc,phases      ] GC(1105)   Post Evacuate Collection Set: 0.92ms
[4140.498s][info][gc,phases      ] GC(1105)   Other: 0.12ms
[4140.498s][info][gc,heap        ] GC(1105) Eden regions: 1118->0(1115)
[4140.498s][info][gc,heap        ] GC(1105) Survivor regions: 110->113(154)
[4140.498s][info][gc,heap        ] GC(1105) Old regions: 474->506
[4140.498s][info][gc,heap        ] GC(1105) Humongous regions: 80->80
[4140.498s][info][gc,metaspace   ] GC(1105) Metaspace: 28911K(29312K)->28911K(29312K) NonClass: 24043K(24256K)->24043K(24256K) Class: 4868K(5056K)->4868K(5056K)
[4140.498s][info][gc             ] GC(1105) Pause Young (Concurrent Start) (G1 Evacuation Pause) 3563M->1396M(4096M) 120.945ms
[4140.498s][info][gc             ] GC(1106) Concurrent Mark Cycle
[4140.498s][info][gc,marking     ] GC(1106) Concurrent Scan Root Regions
[4140.498s][info][gc,cpu         ] GC(1105) User=0.71s Sys=0.00s Real=0.12s
[4140.641s][info][gc,marking     ] GC(1106) Concurrent Scan Root Regions 142.761ms
[4140.641s][info][gc,marking     ] GC(1106) Concurrent Mark
[4140.641s][info][gc,marking     ] GC(1106) Concurrent Mark From Roots
[4140.641s][info][gc,task        ] GC(1106) Using 2 workers of 2 for marking
.[4141.547s][info][gc,marking     ] GC(1106) Concurrent Mark From Roots 905.661ms
[4141.547s][info][gc,marking     ] GC(1106) Concurrent Preclean
[4141.547s][info][gc,marking     ] GC(1106) Concurrent Preclean 0.140ms
[4141.548s][info][gc,start       ] GC(1106) Pause Remark
[4141.553s][info][gc             ] GC(1106) Pause Remark 2304M->2304M(4096M) 4.756ms
[4141.553s][info][gc,cpu         ] GC(1106) User=0.02s Sys=0.00s Real=0.01s
[4141.553s][info][gc,marking     ] GC(1106) Concurrent Mark 911.881ms
[4141.553s][info][gc,marking     ] GC(1106) Concurrent Rebuild Remembered Sets and Scrub Regions
[4141.838s][info][gc,marking     ] GC(1106) Concurrent Rebuild Remembered Sets and Scrub Regions 284.533ms
[4141.840s][info][gc,start       ] GC(1106) Pause Cleanup
[4141.840s][info][gc             ] GC(1106) Pause Cleanup 2584M->2584M(4096M) 0.137ms
[4141.840s][info][gc,cpu         ] GC(1106) User=0.00s Sys=0.00s Real=0.00s
[4141.840s][info][gc,marking     ] GC(1106) Concurrent Clear Claimed Marks
[4141.840s][info][gc,marking     ] GC(1106) Concurrent Clear Claimed Marks 0.028ms
[4141.840s][info][gc,marking     ] GC(1106) Concurrent Cleanup for Next Mark
[4141.847s][info][gc,marking     ] GC(1106) Concurrent Cleanup for Next Mark 6.675ms
[4141.847s][info][gc             ] GC(1106) Concurrent Mark Cycle 1348.418ms
.[4142.856s][info][gc,start       ] GC(1107) Pause Young (Prepare Mixed) (G1 Evacuation Pause)
[4142.856s][info][gc,task        ] GC(1107) Using 6 workers of 6 for evacuation
[4142.978s][info][gc,phases      ] GC(1107)   Pre Evacuate Collection Set: 0.35ms
[4142.978s][info][gc,phases      ] GC(1107)   Merge Heap Roots: 0.54ms
[4142.978s][info][gc,phases      ] GC(1107)   Evacuate Collection Set: 119.46ms
[4142.978s][info][gc,phases      ] GC(1107)   Post Evacuate Collection Set: 0.94ms
[4142.978s][info][gc,phases      ] GC(1107)   Other: 0.09ms
[4142.978s][info][gc,heap        ] GC(1107) Eden regions: 1115->0(1103)
[4142.978s][info][gc,heap        ] GC(1107) Survivor regions: 113->112(154)
[4142.978s][info][gc,heap        ] GC(1107) Old regions: 506->538
[4142.978s][info][gc,heap        ] GC(1107) Humongous regions: 80->80
[4142.978s][info][gc,metaspace   ] GC(1107) Metaspace: 28911K(29312K)->28911K(29312K) NonClass: 24043K(24256K)->24043K(24256K) Class: 4868K(5056K)->4868K(5056K)
[4142.978s][info][gc             ] GC(1107) Pause Young (Prepare Mixed) (G1 Evacuation Pause) 3626M->1458M(4096M) 121.521ms
[4142.978s][info][gc,cpu         ] GC(1107) User=0.72s Sys=0.00s Real=0.12s
..[4145.298s][info][gc,start       ] GC(1108) Pause Young (Mixed) (G1 Evacuation Pause)
[4145.298s][info][gc,task        ] GC(1108) Using 6 workers of 6 for evacuation
[4145.438s][info][gc,phases      ] GC(1108)   Pre Evacuate Collection Set: 0.37ms
[4145.438s][info][gc,phases      ] GC(1108)   Merge Heap Roots: 0.71ms
[4145.438s][info][gc,phases      ] GC(1108)   Evacuate Collection Set: 138.16ms
[4145.438s][info][gc,phases      ] GC(1108)   Post Evacuate Collection Set: 0.90ms
[4145.438s][info][gc,phases      ] GC(1108)   Other: 0.09ms
[4145.438s][info][gc,heap        ] GC(1108) Eden regions: 1103->0(1116)
[4145.438s][info][gc,heap        ] GC(1108) Survivor regions: 112->112(152)
[4145.438s][info][gc,heap        ] GC(1108) Old regions: 538->474
[4145.438s][info][gc,heap        ] GC(1108) Humongous regions: 80->80
[4145.438s][info][gc,metaspace   ] GC(1108) Metaspace: 28911K(29312K)->28911K(29312K) NonClass: 24043K(24256K)->24043K(24256K) Class: 4868K(5056K)->4868K(5056K)
[4145.438s][info][gc             ] GC(1108) Pause Young (Mixed) (G1 Evacuation Pause) 3664M->1331M(4096M) 140.362ms
[4145.438s][info][gc,cpu         ] GC(1108) User=0.83s Sys=0.00s Real=0.14s
...[4147.867s][info][gc,start       ] GC(1109) Pause Young (Concurrent Start) (G1 Evacuation Pause)
[4147.867s][info][gc,task        ] GC(1109) Using 6 workers of 6 for evacuation
[4147.984s][info][gc,phases      ] GC(1109)   Pre Evacuate Collection Set: 0.38ms
[4147.984s][info][gc,phases      ] GC(1109)   Merge Heap Roots: 0.46ms
[4147.984s][info][gc,phases      ] GC(1109)   Evacuate Collection Set: 114.78ms
[4147.984s][info][gc,phases      ] GC(1109)   Post Evacuate Collection Set: 0.87ms
[4147.984s][info][gc,phases      ] GC(1109)   Other: 0.11ms
[4147.984s][info][gc,heap        ] GC(1109) Eden regions: 1116->0(1118)
[4147.984s][info][gc,heap        ] GC(1109) Survivor regions: 112->110(154)
[4147.984s][info][gc,heap        ] GC(1109) Old regions: 474->505
[4147.984s][info][gc,heap        ] GC(1109) Humongous regions: 80->80
[4147.984s][info][gc,metaspace   ] GC(1109) Metaspace: 28911K(29312K)->28911K(29312K) NonClass: 24043K(24256K)->24043K(24256K) Class: 4868K(5056K)->4868K(5056K)
[4147.984s][info][gc             ] GC(1109) Pause Young (Concurrent Start) (G1 Evacuation Pause) 3563M->1389M(4096M) 116.732ms
[4147.984s][info][gc             ] GC(1110) Concurrent Mark Cycle
[4147.984s][info][gc,marking     ] GC(1110) Concurrent Scan Root Regions
[4147.984s][info][gc,cpu         ] GC(1109) User=0.69s Sys=0.00s Real=0.12s
[4148.123s][info][gc,marking     ] GC(1110) Concurrent Scan Root Regions 138.947ms
[4148.123s][info][gc,marking     ] GC(1110) Concurrent Mark
[4148.123s][info][gc,marking     ] GC(1110) Concurrent Mark From Roots
[4148.123s][info][gc,task        ] GC(1110) Using 2 workers of 2 for marking
.[4148.832s][info][gc,marking     ] GC(1110) Concurrent Mark From Roots 709.043ms
[4148.832s][info][gc,marking     ] GC(1110) Concurrent Preclean
[4148.832s][info][gc,marking     ] GC(1110) Concurrent Preclean 0.138ms
[4148.834s][info][gc,start       ] GC(1110) Pause Remark
[4148.839s][info][gc             ] GC(1110) Pause Remark 2109M->2109M(4096M) 4.977ms
[4148.839s][info][gc,cpu         ] GC(1110) User=0.02s Sys=0.00s Real=0.00s
[4148.839s][info][gc,marking     ] GC(1110) Concurrent Mark 716.506ms
[4148.839s][info][gc,marking     ] GC(1110) Concurrent Rebuild Remembered Sets and Scrub Regions
[4149.119s][info][gc,marking     ] GC(1110) Concurrent Rebuild Remembered Sets and Scrub Regions 279.681ms
[4149.120s][info][gc,start       ] GC(1110) Pause Cleanup
[4149.120s][info][gc             ] GC(1110) Pause Cleanup 2385M->2385M(4096M) 0.129ms
[4149.121s][info][gc,cpu         ] GC(1110) User=0.00s Sys=0.00s Real=0.00s
[4149.121s][info][gc,marking     ] GC(1110) Concurrent Clear Claimed Marks
[4149.121s][info][gc,marking     ] GC(1110) Concurrent Clear Claimed Marks 0.028ms
[4149.121s][info][gc,marking     ] GC(1110) Concurrent Cleanup for Next Mark
[4149.128s][info][gc,marking     ] GC(1110) Concurrent Cleanup for Next Mark 7.151ms
[4149.128s][info][gc             ] GC(1110) Concurrent Mark Cycle 1143.946ms
.[4150.374s][info][gc,start       ] GC(1111) Pause Young (Prepare Mixed) (G1 Evacuation Pause)
[4150.374s][info][gc,task        ] GC(1111) Using 6 workers of 6 for evacuation
[4150.497s][info][gc,phases      ] GC(1111)   Pre Evacuate Collection Set: 0.33ms
[4150.497s][info][gc,phases      ] GC(1111)   Merge Heap Roots: 0.60ms
[4150.497s][info][gc,phases      ] GC(1111)   Evacuate Collection Set: 120.90ms
[4150.497s][info][gc,phases      ] GC(1111)   Post Evacuate Collection Set: 0.94ms
[4150.497s][info][gc,phases      ] GC(1111)   Other: 0.09ms
[4150.497s][info][gc,heap        ] GC(1111) Eden regions: 1118->0(1098)
[4150.497s][info][gc,heap        ] GC(1111) Survivor regions: 110->115(154)
[4150.497s][info][gc,heap        ] GC(1111) Old regions: 505->537
[4150.497s][info][gc,heap        ] GC(1111) Humongous regions: 80->80
[4150.497s][info][gc,metaspace   ] GC(1111) Metaspace: 28911K(29312K)->28911K(29312K) NonClass: 24043K(24256K)->24043K(24256K) Class: 4868K(5056K)->4868K(5056K)
[4150.497s][info][gc             ] GC(1111) Pause Young (Prepare Mixed) (G1 Evacuation Pause) 3625M->1461M(4096M) 123.003ms
[4150.497s][info][gc,cpu         ] GC(1111) User=0.73s Sys=0.00s Real=0.12s
...[4152.913s][info][gc,start       ] GC(1112) Pause Young (Mixed) (G1 Evacuation Pause)
[4152.913s][info][gc,task        ] GC(1112) Using 6 workers of 6 for evacuation
[4153.051s][info][gc,phases      ] GC(1112)   Pre Evacuate Collection Set: 0.36ms
[4153.051s][info][gc,phases      ] GC(1112)   Merge Heap Roots: 0.69ms
[4153.051s][info][gc,phases      ] GC(1112)   Evacuate Collection Set: 135.13ms
[4153.051s][info][gc,phases      ] GC(1112)   Post Evacuate Collection Set: 0.94ms
[4153.051s][info][gc,phases      ] GC(1112)   Other: 0.09ms
[4153.051s][info][gc,heap        ] GC(1112) Eden regions: 1098->0(1115)
[4153.051s][info][gc,heap        ] GC(1112) Survivor regions: 115->113(152)
[4153.051s][info][gc,heap        ] GC(1112) Old regions: 537->474
[4153.051s][info][gc,heap        ] GC(1112) Humongous regions: 80->80
[4153.051s][info][gc,metaspace   ] GC(1112) Metaspace: 28911K(29312K)->28911K(29312K) NonClass: 24043K(24256K)->24043K(24256K) Class: 4868K(5056K)->4868K(5056K)
[4153.051s][info][gc             ] GC(1112) Pause Young (Mixed) (G1 Evacuation Pause) 3657M->1332M(4096M) 137.347ms
[4153.051s][info][gc,cpu         ] GC(1112) User=0.81s Sys=0.00s Real=0.13s
..[4155.466s][info][gc,start       ] GC(1113) Pause Young (Concurrent Start) (G1 Evacuation Pause)
[4155.466s][info][gc,task        ] GC(1113) Using 6 workers of 6 for evacuation
[4155.590s][info][gc,phases      ] GC(1113)   Pre Evacuate Collection Set: 0.42ms
[4155.590s][info][gc,phases      ] GC(1113)   Merge Heap Roots: 0.57ms
[4155.590s][info][gc,phases      ] GC(1113)   Evacuate Collection Set: 121.42ms
[4155.590s][info][gc,phases      ] GC(1113)   Post Evacuate Collection Set: 0.89ms
[4155.590s][info][gc,phases      ] GC(1113)   Other: 0.12ms
[4155.590s][info][gc,heap        ] GC(1113) Eden regions: 1115->0(1113)
[4155.590s][info][gc,heap        ] GC(1113) Survivor regions: 113->115(154)
[4155.590s][info][gc,heap        ] GC(1113) Old regions: 474->506
[4155.590s][info][gc,heap        ] GC(1113) Humongous regions: 80->80
[4155.590s][info][gc,metaspace   ] GC(1113) Metaspace: 28911K(29312K)->28911K(29312K) NonClass: 24043K(24256K)->24043K(24256K) Class: 4868K(5056K)->4868K(5056K)
[4155.590s][info][gc             ] GC(1113) Pause Young (Concurrent Start) (G1 Evacuation Pause) 3562M->1399M(4096M) 123.563ms
[4155.590s][info][gc             ] GC(1114) Concurrent Mark Cycle
[4155.590s][info][gc,marking     ] GC(1114) Concurrent Scan Root Regions
[4155.590s][info][gc,cpu         ] GC(1113) User=0.73s Sys=0.00s Real=0.12s
.[4155.727s][info][gc,marking     ] GC(1114) Concurrent Scan Root Regions 137.256ms
[4155.727s][info][gc,marking     ] GC(1114) Concurrent Mark
[4155.727s][info][gc,marking     ] GC(1114) Concurrent Mark From Roots
[4155.727s][info][gc,task        ] GC(1114) Using 2 workers of 2 for marking
[4156.532s][info][gc,marking     ] GC(1114) Concurrent Mark From Roots 805.203ms
[4156.532s][info][gc,marking     ] GC(1114) Concurrent Preclean
[4156.532s][info][gc,marking     ] GC(1114) Concurrent Preclean 0.147ms
[4156.535s][info][gc,start       ] GC(1114) Pause Remark
[4156.540s][info][gc             ] GC(1114) Pause Remark 2229M->2229M(4096M) 5.522ms
[4156.540s][info][gc,cpu         ] GC(1114) User=0.03s Sys=0.00s Real=0.00s
[4156.540s][info][gc,marking     ] GC(1114) Concurrent Mark 813.386ms
[4156.540s][info][gc,marking     ] GC(1114) Concurrent Rebuild Remembered Sets and Scrub Regions
.[4156.806s][info][gc,marking     ] GC(1114) Concurrent Rebuild Remembered Sets and Scrub Regions 265.160ms
[4156.806s][info][gc,start       ] GC(1114) Pause Cleanup
[4156.806s][info][gc             ] GC(1114) Pause Cleanup 2456M->2456M(4096M) 0.141ms
[4156.806s][info][gc,cpu         ] GC(1114) User=0.00s Sys=0.00s Real=0.00s
[4156.806s][info][gc,marking     ] GC(1114) Concurrent Clear Claimed Marks
[4156.806s][info][gc,marking     ] GC(1114) Concurrent Clear Claimed Marks 0.031ms
[4156.806s][info][gc,marking     ] GC(1114) Concurrent Cleanup for Next Mark
[4156.811s][info][gc,marking     ] GC(1114) Concurrent Cleanup for Next Mark 5.322ms
[4156.811s][info][gc             ] GC(1114) Concurrent Mark Cycle 1221.702ms
.[4157.947s][info][gc,start       ] GC(1115) Pause Young (Prepare Mixed) (G1 Evacuation Pause)
[4157.947s][info][gc,task        ] GC(1115) Using 6 workers of 6 for evacuation
[4158.065s][info][gc,phases      ] GC(1115)   Pre Evacuate Collection Set: 0.36ms
[4158.065s][info][gc,phases      ] GC(1115)   Merge Heap Roots: 0.61ms
[4158.065s][info][gc,phases      ] GC(1115)   Evacuate Collection Set: 116.38ms
[4158.065s][info][gc,phases      ] GC(1115)   Post Evacuate Collection Set: 0.90ms
[4158.065s][info][gc,phases      ] GC(1115)   Other: 0.10ms
[4158.065s][info][gc,heap        ] GC(1115) Eden regions: 1113->0(1108)
[4158.065s][info][gc,heap        ] GC(1115) Survivor regions: 115->110(154)
[4158.065s][info][gc,heap        ] GC(1115) Old regions: 506->537
[4158.065s][info][gc,heap        ] GC(1115) Humongous regions: 80->80
[4158.065s][info][gc,metaspace   ] GC(1115) Metaspace: 28911K(29312K)->28911K(29312K) NonClass: 24043K(24256K)->24043K(24256K) Class: 4868K(5056K)->4868K(5056K)
[4158.065s][info][gc             ] GC(1115) Pause Young (Prepare Mixed) (G1 Evacuation Pause) 3625M->1453M(4096M) 118.488ms
[4158.065s][info][gc,cpu         ] GC(1115) User=0.71s Sys=0.00s Real=0.12s
..[4160.508s][info][gc,start       ] GC(1116) Pause Young (Mixed) (G1 Evacuation Pause)
[4160.508s][info][gc,task        ] GC(1116) Using 6 workers of 6 for evacuation
[4160.643s][info][gc,phases      ] GC(1116)   Pre Evacuate Collection Set: 0.38ms
[4160.643s][info][gc,phases      ] GC(1116)   Merge Heap Roots: 0.72ms
[4160.643s][info][gc,phases      ] GC(1116)   Evacuate Collection Set: 132.65ms
[4160.643s][info][gc,phases      ] GC(1116)   Post Evacuate Collection Set: 0.95ms
[4160.643s][info][gc,phases      ] GC(1116)   Other: 0.09ms
[4160.643s][info][gc,heap        ] GC(1116) Eden regions: 1108->0(1118)
[4160.643s][info][gc,heap        ] GC(1116) Survivor regions: 110->110(153)
[4160.643s][info][gc,heap        ] GC(1116) Old regions: 537->476
[4160.643s][info][gc,heap        ] GC(1116) Humongous regions: 80->80
[4160.643s][info][gc,metaspace   ] GC(1116) Metaspace: 28911K(29312K)->28911K(29312K) NonClass: 24043K(24256K)->24043K(24256K) Class: 4868K(5056K)->4868K(5056K)
[4160.643s][info][gc             ] GC(1116) Pause Young (Mixed) (G1 Evacuation Pause) 3669M->1329M(4096M) 134.921ms
[4160.643s][info][gc,cpu         ] GC(1116) User=0.80s Sys=0.00s Real=0.13s
...[4163.057s][info][gc,start       ] GC(1117) Pause Young (Concurrent Start) (G1 Evacuation Pause)
[4163.057s][info][gc,task        ] GC(1117) Using 6 workers of 6 for evacuation
[4163.177s][info][gc,phases      ] GC(1117)   Pre Evacuate Collection Set: 0.38ms
[4163.177s][info][gc,phases      ] GC(1117)   Merge Heap Roots: 0.48ms
[4163.177s][info][gc,phases      ] GC(1117)   Evacuate Collection Set: 118.18ms
[4163.177s][info][gc,phases      ] GC(1117)   Post Evacuate Collection Set: 0.94ms
[4163.177s][info][gc,phases      ] GC(1117)   Other: 0.11ms
[4163.177s][info][gc,heap        ] GC(1117) Eden regions: 1118->0(1115)
[4163.177s][info][gc,heap        ] GC(1117) Survivor regions: 110->113(154)
[4163.177s][info][gc,heap        ] GC(1117) Old regions: 476->506
[4163.177s][info][gc,heap        ] GC(1117) Humongous regions: 80->80
[4163.177s][info][gc,metaspace   ] GC(1117) Metaspace: 28911K(29312K)->28911K(29312K) NonClass: 24043K(24256K)->24043K(24256K) Class: 4868K(5056K)->4868K(5056K)
[4163.177s][info][gc             ] GC(1117) Pause Young (Concurrent Start) (G1 Evacuation Pause) 3565M->1396M(4096M) 120.239ms
[4163.177s][info][gc             ] GC(1118) Concurrent Mark Cycle
[4163.177s][info][gc,marking     ] GC(1118) Concurrent Scan Root Regions
[4163.177s][info][gc,cpu         ] GC(1117) User=0.71s Sys=0.01s Real=0.12s
[4163.350s][info][gc,marking     ] GC(1118) Concurrent Scan Root Regions 172.481ms
[4163.350s][info][gc,marking     ] GC(1118) Concurrent Mark
[4163.350s][info][gc,marking     ] GC(1118) Concurrent Mark From Roots
[4163.350s][info][gc,task        ] GC(1118) Using 2 workers of 2 for marking
.[4164.202s][info][gc,marking     ] GC(1118) Concurrent Mark From Roots 852.367ms
[4164.202s][info][gc,marking     ] GC(1118) Concurrent Preclean
[4164.202s][info][gc,marking     ] GC(1118) Concurrent Preclean 0.174ms
[4164.203s][info][gc,start       ] GC(1118) Pause Remark
[4164.208s][info][gc             ] GC(1118) Pause Remark 2324M->2324M(4096M) 4.397ms
[4164.208s][info][gc,cpu         ] GC(1118) User=0.03s Sys=0.00s Real=0.00s
[4164.208s][info][gc,marking     ] GC(1118) Concurrent Mark 858.052ms
[4164.208s][info][gc,marking     ] GC(1118) Concurrent Rebuild Remembered Sets and Scrub Regions
[4164.520s][info][gc,marking     ] GC(1118) Concurrent Rebuild Remembered Sets and Scrub Regions 311.994ms
[4164.520s][info][gc,start       ] GC(1118) Pause Cleanup
[4164.520s][info][gc             ] GC(1118) Pause Cleanup 2559M->2559M(4096M) 0.122ms
[4164.520s][info][gc,cpu         ] GC(1118) User=0.00s Sys=0.00s Real=0.00s
[4164.520s][info][gc,marking     ] GC(1118) Concurrent Clear Claimed Marks
[4164.520s][info][gc,marking     ] GC(1118) Concurrent Clear Claimed Marks 0.031ms
[4164.520s][info][gc,marking     ] GC(1118) Concurrent Cleanup for Next Mark
[4164.525s][info][gc,marking     ] GC(1118) Concurrent Cleanup for Next Mark 4.459ms
[4164.525s][info][gc             ] GC(1118) Concurrent Mark Cycle 1347.661ms
.[4165.588s][info][gc,start       ] GC(1119) Pause Young (Prepare Mixed) (G1 Evacuation Pause)
[4165.588s][info][gc,task        ] GC(1119) Using 6 workers of 6 for evacuation
[4165.708s][info][gc,phases      ] GC(1119)   Pre Evacuate Collection Set: 0.37ms
[4165.708s][info][gc,phases      ] GC(1119)   Merge Heap Roots: 0.55ms
[4165.708s][info][gc,phases      ] GC(1119)   Evacuate Collection Set: 118.55ms
[4165.708s][info][gc,phases      ] GC(1119)   Post Evacuate Collection Set: 0.95ms
[4165.708s][info][gc,phases      ] GC(1119)   Other: 0.09ms
[4165.708s][info][gc,heap        ] GC(1119) Eden regions: 1115->0(1102)
[4165.708s][info][gc,heap        ] GC(1119) Survivor regions: 113->112(154)
[4165.708s][info][gc,heap        ] GC(1119) Old regions: 506->539
[4165.708s][info][gc,heap        ] GC(1119) Humongous regions: 80->80
[4165.708s][info][gc,metaspace   ] GC(1119) Metaspace: 28911K(29312K)->28911K(29312K) NonClass: 24043K(24256K)->24043K(24256K) Class: 4868K(5056K)->4868K(5056K)
[4165.708s][info][gc             ] GC(1119) Pause Young (Prepare Mixed) (G1 Evacuation Pause) 3626M->1459M(4096M) 120.632ms
[4165.709s][info][gc,cpu         ] GC(1119) User=0.71s Sys=0.00s Real=0.12s
...[4168.065s][info][gc,start       ] GC(1120) Pause Young (Mixed) (G1 Evacuation Pause)
[4168.066s][info][gc,task        ] GC(1120) Using 6 workers of 6 for evacuation
[4168.198s][info][gc,phases      ] GC(1120)   Pre Evacuate Collection Set: 0.38ms
[4168.198s][info][gc,phases      ] GC(1120)   Merge Heap Roots: 0.69ms
[4168.198s][info][gc,phases      ] GC(1120)   Evacuate Collection Set: 130.27ms
[4168.198s][info][gc,phases      ] GC(1120)   Post Evacuate Collection Set: 0.94ms
[4168.198s][info][gc,phases      ] GC(1120)   Other: 0.10ms
[4168.198s][info][gc,heap        ] GC(1120) Eden regions: 1102->0(1119)
[4168.198s][info][gc,heap        ] GC(1120) Survivor regions: 112->109(152)
[4168.198s][info][gc,heap        ] GC(1120) Old regions: 539->474
[4168.198s][info][gc,heap        ] GC(1120) Humongous regions: 80->80
[4168.198s][info][gc,metaspace   ] GC(1120) Metaspace: 28911K(29312K)->28911K(29312K) NonClass: 24043K(24256K)->24043K(24256K) Class: 4868K(5056K)->4868K(5056K)
[4168.198s][info][gc             ] GC(1120) Pause Young (Mixed) (G1 Evacuation Pause) 3663M->1324M(4096M) 132.526ms
[4168.198s][info][gc,cpu         ] GC(1120) User=0.79s Sys=0.00s Real=0.13s
..[4170.618s][info][gc,start       ] GC(1121) Pause Young (Concurrent Start) (G1 Evacuation Pause)
[4170.618s][info][gc,task        ] GC(1121) Using 6 workers of 6 for evacuation
[4170.735s][info][gc,phases      ] GC(1121)   Pre Evacuate Collection Set: 0.42ms
[4170.735s][info][gc,phases      ] GC(1121)   Merge Heap Roots: 0.53ms
[4170.735s][info][gc,phases      ] GC(1121)   Evacuate Collection Set: 114.53ms
[4170.735s][info][gc,phases      ] GC(1121)   Post Evacuate Collection Set: 0.89ms
[4170.735s][info][gc,phases      ] GC(1121)   Other: 0.11ms
[4170.735s][info][gc,heap        ] GC(1121) Eden regions: 1119->0(1120)
[4170.735s][info][gc,heap        ] GC(1121) Survivor regions: 109->108(154)
[4170.735s][info][gc,heap        ] GC(1121) Old regions: 474->506
[4170.735s][info][gc,heap        ] GC(1121) Humongous regions: 80->80
[4170.735s][info][gc,metaspace   ] GC(1121) Metaspace: 28911K(29312K)->28911K(29312K) NonClass: 24043K(24256K)->24043K(24256K) Class: 4868K(5056K)->4868K(5056K)
[4170.735s][info][gc             ] GC(1121) Pause Young (Concurrent Start) (G1 Evacuation Pause) 3562M->1387M(4096M) 116.620ms
[4170.735s][info][gc             ] GC(1122) Concurrent Mark Cycle
[4170.735s][info][gc,marking     ] GC(1122) Concurrent Scan Root Regions
[4170.735s][info][gc,cpu         ] GC(1121) User=0.69s Sys=0.00s Real=0.12s
[4170.906s][info][gc,marking     ] GC(1122) Concurrent Scan Root Regions 170.792ms
[4170.906s][info][gc,marking     ] GC(1122) Concurrent Mark
[4170.906s][info][gc,marking     ] GC(1122) Concurrent Mark From Roots
[4170.906s][info][gc,task        ] GC(1122) Using 2 workers of 2 for marking
.[4171.835s][info][gc,marking     ] GC(1122) Concurrent Mark From Roots 929.462ms
[4171.836s][info][gc,marking     ] GC(1122) Concurrent Preclean
[4171.836s][info][gc,marking     ] GC(1122) Concurrent Preclean 0.161ms
[4171.836s][info][gc,start       ] GC(1122) Pause Remark
[4171.842s][info][gc             ] GC(1122) Pause Remark 2384M->2384M(4096M) 6.597ms
[4171.843s][info][gc,cpu         ] GC(1122) User=0.04s Sys=0.00s Real=0.00s
[4171.843s][info][gc,marking     ] GC(1122) Concurrent Mark 937.426ms
[4171.843s][info][gc,marking     ] GC(1122) Concurrent Rebuild Remembered Sets and Scrub Regions
.[4172.201s][info][gc,marking     ] GC(1122) Concurrent Rebuild Remembered Sets and Scrub Regions 357.642ms
[4172.201s][info][gc,start       ] GC(1122) Pause Cleanup
[4172.201s][info][gc             ] GC(1122) Pause Cleanup 2736M->2736M(4096M) 0.118ms
[4172.201s][info][gc,cpu         ] GC(1122) User=0.00s Sys=0.00s Real=0.00s
[4172.201s][info][gc,marking     ] GC(1122) Concurrent Clear Claimed Marks
[4172.202s][info][gc,marking     ] GC(1122) Concurrent Clear Claimed Marks 0.027ms
[4172.202s][info][gc,marking     ] GC(1122) Concurrent Cleanup for Next Mark
[4172.207s][info][gc,marking     ] GC(1122) Concurrent Cleanup for Next Mark 5.847ms
[4172.207s][info][gc             ] GC(1122) Concurrent Mark Cycle 1472.337ms
.[4173.228s][info][gc,start       ] GC(1123) Pause Young (Prepare Mixed) (G1 Evacuation Pause)
[4173.228s][info][gc,task        ] GC(1123) Using 6 workers of 6 for evacuation
[4173.347s][info][gc,phases      ] GC(1123)   Pre Evacuate Collection Set: 0.33ms
[4173.347s][info][gc,phases      ] GC(1123)   Merge Heap Roots: 0.57ms
[4173.347s][info][gc,phases      ] GC(1123)   Evacuate Collection Set: 117.43ms
[4173.347s][info][gc,phases      ] GC(1123)   Post Evacuate Collection Set: 0.93ms
[4173.348s][info][gc,phases      ] GC(1123)   Other: 0.11ms
[4173.348s][info][gc,heap        ] GC(1123) Eden regions: 1120->0(1103)
[4173.348s][info][gc,heap        ] GC(1123) Survivor regions: 108->112(154)
[4173.348s][info][gc,heap        ] GC(1123) Old regions: 506->538
[4173.348s][info][gc,heap        ] GC(1123) Humongous regions: 80->80
[4173.348s][info][gc,metaspace   ] GC(1123) Metaspace: 28911K(29312K)->28911K(29312K) NonClass: 24043K(24256K)->24043K(24256K) Class: 4868K(5056K)->4868K(5056K)
[4173.348s][info][gc             ] GC(1123) Pause Young (Prepare Mixed) (G1 Evacuation Pause) 3627M->1457M(4096M) 119.506ms
[4173.348s][info][gc,cpu         ] GC(1123) User=0.71s Sys=0.00s Real=0.12s
..[4175.737s][info][gc,start       ] GC(1124) Pause Young (Mixed) (G1 Evacuation Pause)
[4175.737s][info][gc,task        ] GC(1124) Using 6 workers of 6 for evacuation
[4175.873s][info][gc,phases      ] GC(1124)   Pre Evacuate Collection Set: 0.38ms
[4175.873s][info][gc,phases      ] GC(1124)   Merge Heap Roots: 0.78ms
[4175.873s][info][gc,phases      ] GC(1124)   Evacuate Collection Set: 133.38ms
[4175.873s][info][gc,phases      ] GC(1124)   Post Evacuate Collection Set: 0.96ms
[4175.873s][info][gc,phases      ] GC(1124)   Other: 0.10ms
[4175.873s][info][gc,heap        ] GC(1124) Eden regions: 1103->0(1117)
[4175.873s][info][gc,heap        ] GC(1124) Survivor regions: 112->111(152)
[4175.873s][info][gc,heap        ] GC(1124) Old regions: 538->475
[4175.873s][info][gc,heap        ] GC(1124) Humongous regions: 80->80
[4175.873s][info][gc,metaspace   ] GC(1124) Metaspace: 28911K(29312K)->28911K(29312K) NonClass: 24043K(24256K)->24043K(24256K) Class: 4868K(5056K)->4868K(5056K)
[4175.873s][info][gc             ] GC(1124) Pause Young (Mixed) (G1 Evacuation Pause) 3663M->1331M(4096M) 135.723ms
[4175.873s][info][gc,cpu         ] GC(1124) User=0.80s Sys=0.00s Real=0.13s
...[4178.262s][info][gc,start       ] GC(1125) Pause Young (Concurrent Start) (G1 Evacuation Pause)
[4178.262s][info][gc,task        ] GC(1125) Using 6 workers of 6 for evacuation
[4178.381s][info][gc,phases      ] GC(1125)   Pre Evacuate Collection Set: 0.38ms
[4178.381s][info][gc,phases      ] GC(1125)   Merge Heap Roots: 0.51ms
[4178.381s][info][gc,phases      ] GC(1125)   Evacuate Collection Set: 116.97ms
[4178.381s][info][gc,phases      ] GC(1125)   Post Evacuate Collection Set: 0.88ms
[4178.381s][info][gc,phases      ] GC(1125)   Other: 0.11ms
[4178.381s][info][gc,heap        ] GC(1125) Eden regions: 1117->0(1118)
[4178.381s][info][gc,heap        ] GC(1125) Survivor regions: 111->110(154)
[4178.381s][info][gc,heap        ] GC(1125) Old regions: 475->507
[4178.381s][info][gc,heap        ] GC(1125) Humongous regions: 80->80
[4178.381s][info][gc,metaspace   ] GC(1125) Metaspace: 28911K(29312K)->28911K(29312K) NonClass: 24043K(24256K)->24043K(24256K) Class: 4868K(5056K)->4868K(5056K)
[4178.381s][info][gc             ] GC(1125) Pause Young (Concurrent Start) (G1 Evacuation Pause) 3565M->1392M(4096M) 118.988ms
[4178.381s][info][gc             ] GC(1126) Concurrent Mark Cycle
[4178.381s][info][gc,marking     ] GC(1126) Concurrent Scan Root Regions
[4178.381s][info][gc,cpu         ] GC(1125) User=0.70s Sys=0.00s Real=0.12s
[4178.557s][info][gc,marking     ] GC(1126) Concurrent Scan Root Regions 176.266ms
[4178.557s][info][gc,marking     ] GC(1126) Concurrent Mark
[4178.557s][info][gc,marking     ] GC(1126) Concurrent Mark From Roots
[4178.557s][info][gc,task        ] GC(1126) Using 2 workers of 2 for marking
.[4179.544s][info][gc,marking     ] GC(1126) Concurrent Mark From Roots 986.949ms
[4179.544s][info][gc,marking     ] GC(1126) Concurrent Preclean
[4179.544s][info][gc,marking     ] GC(1126) Concurrent Preclean 0.134ms
[4179.546s][info][gc,start       ] GC(1126) Pause Remark
[4179.552s][info][gc             ] GC(1126) Pause Remark 2460M->2460M(4096M) 5.555ms
[4179.552s][info][gc,cpu         ] GC(1126) User=0.03s Sys=0.00s Real=0.00s
[4179.553s][info][gc,marking     ] GC(1126) Concurrent Mark 995.939ms
[4179.553s][info][gc,marking     ] GC(1126) Concurrent Rebuild Remembered Sets and Scrub Regions
[4179.952s][info][gc,marking     ] GC(1126) Concurrent Rebuild Remembered Sets and Scrub Regions 398.648ms
[4179.953s][info][gc,start       ] GC(1126) Pause Cleanup
[4179.953s][info][gc             ] GC(1126) Pause Cleanup 2836M->2836M(4096M) 0.116ms
[4179.953s][info][gc,cpu         ] GC(1126) User=0.00s Sys=0.00s Real=0.00s
[4179.953s][info][gc,marking     ] GC(1126) Concurrent Clear Claimed Marks
[4179.953s][info][gc,marking     ] GC(1126) Concurrent Clear Claimed Marks 0.043ms
[4179.953s][info][gc,marking     ] GC(1126) Concurrent Cleanup for Next Mark
[4179.958s][info][gc,marking     ] GC(1126) Concurrent Cleanup for Next Mark 5.072ms
[4179.958s][info][gc             ] GC(1126) Concurrent Mark Cycle 1577.513ms
.[4180.913s][info][gc,start       ] GC(1127) Pause Young (Prepare Mixed) (G1 Evacuation Pause)
[4180.913s][info][gc,task        ] GC(1127) Using 6 workers of 6 for evacuation
[4181.030s][info][gc,phases      ] GC(1127)   Pre Evacuate Collection Set: 0.34ms
[4181.030s][info][gc,phases      ] GC(1127)   Merge Heap Roots: 0.54ms
[4181.030s][info][gc,phases      ] GC(1127)   Evacuate Collection Set: 115.54ms
[4181.030s][info][gc,phases      ] GC(1127)   Post Evacuate Collection Set: 0.95ms
[4181.030s][info][gc,phases      ] GC(1127)   Other: 0.08ms
[4181.030s][info][gc,heap        ] GC(1127) Eden regions: 1118->0(1108)
[4181.030s][info][gc,heap        ] GC(1127) Survivor regions: 110->109(154)
[4181.030s][info][gc,heap        ] GC(1127) Old regions: 507->539
[4181.030s][info][gc,heap        ] GC(1127) Humongous regions: 80->80
[4181.030s][info][gc,metaspace   ] GC(1127) Metaspace: 28911K(29312K)->28911K(29312K) NonClass: 24043K(24256K)->24043K(24256K) Class: 4868K(5056K)->4868K(5056K)
[4181.030s][info][gc             ] GC(1127) Pause Young (Prepare Mixed) (G1 Evacuation Pause) 3628M->1454M(4096M) 117.576ms
[4181.030s][info][gc,cpu         ] GC(1127) User=0.69s Sys=0.00s Real=0.12s
...[4183.389s][info][gc,start       ] GC(1128) Pause Young (Mixed) (G1 Evacuation Pause)
[4183.389s][info][gc,task        ] GC(1128) Using 6 workers of 6 for evacuation
[4183.521s][info][gc,phases      ] GC(1128)   Pre Evacuate Collection Set: 0.40ms
[4183.521s][info][gc,phases      ] GC(1128)   Merge Heap Roots: 0.72ms
[4183.521s][info][gc,phases      ] GC(1128)   Evacuate Collection Set: 130.00ms
[4183.521s][info][gc,phases      ] GC(1128)   Post Evacuate Collection Set: 0.98ms
[4183.521s][info][gc,phases      ] GC(1128)   Other: 0.10ms
[4183.521s][info][gc,heap        ] GC(1128) Eden regions: 1108->0(1117)
[4183.521s][info][gc,heap        ] GC(1128) Survivor regions: 109->111(153)
[4183.521s][info][gc,heap        ] GC(1128) Old regions: 539->474
[4183.521s][info][gc,heap        ] GC(1128) Humongous regions: 80->80
[4183.521s][info][gc,metaspace   ] GC(1128) Metaspace: 28911K(29312K)->28911K(29312K) NonClass: 24043K(24256K)->24043K(24256K) Class: 4868K(5056K)->4868K(5056K)
[4183.521s][info][gc             ] GC(1128) Pause Young (Mixed) (G1 Evacuation Pause) 3670M->1329M(4096M) 132.340ms
[4183.521s][info][gc,cpu         ] GC(1128) User=0.78s Sys=0.00s Real=0.13s
..[4185.921s][info][gc,start       ] GC(1129) Pause Young (Concurrent Start) (G1 Evacuation Pause)
[4185.921s][info][gc,task        ] GC(1129) Using 6 workers of 6 for evacuation
[4186.041s][info][gc,phases      ] GC(1129)   Pre Evacuate Collection Set: 0.37ms
[4186.041s][info][gc,phases      ] GC(1129)   Merge Heap Roots: 0.52ms
[4186.041s][info][gc,phases      ] GC(1129)   Evacuate Collection Set: 117.25ms
[4186.041s][info][gc,phases      ] GC(1129)   Post Evacuate Collection Set: 0.87ms
[4186.041s][info][gc,phases      ] GC(1129)   Other: 0.11ms
[4186.041s][info][gc,heap        ] GC(1129) Eden regions: 1117->0(1117)
[4186.041s][info][gc,heap        ] GC(1129) Survivor regions: 111->111(154)
[4186.041s][info][gc,heap        ] GC(1129) Old regions: 474->507
[4186.041s][info][gc,heap        ] GC(1129) Humongous regions: 80->80
[4186.041s][info][gc,metaspace   ] GC(1129) Metaspace: 28911K(29312K)->28911K(29312K) NonClass: 24043K(24256K)->24043K(24256K) Class: 4868K(5056K)->4868K(5056K)
[4186.041s][info][gc             ] GC(1129) Pause Young (Concurrent Start) (G1 Evacuation Pause) 3563M->1394M(4096M) 119.270ms
[4186.041s][info][gc             ] GC(1130) Concurrent Mark Cycle
[4186.041s][info][gc,marking     ] GC(1130) Concurrent Scan Root Regions
[4186.041s][info][gc,cpu         ] GC(1129) User=0.70s Sys=0.00s Real=0.12s
[4186.219s][info][gc,marking     ] GC(1130) Concurrent Scan Root Regions 178.701ms
[4186.219s][info][gc,marking     ] GC(1130) Concurrent Mark
[4186.219s][info][gc,marking     ] GC(1130) Concurrent Mark From Roots
[4186.219s][info][gc,task        ] GC(1130) Using 2 workers of 2 for marking
.[4187.207s][info][gc,marking     ] GC(1130) Concurrent Mark From Roots 987.970ms
[4187.208s][info][gc,marking     ] GC(1130) Concurrent Preclean
[4187.208s][info][gc,marking     ] GC(1130) Concurrent Preclean 0.162ms
[4187.211s][info][gc,start       ] GC(1130) Pause Remark
[4187.218s][info][gc             ] GC(1130) Pause Remark 2472M->2472M(4096M) 6.914ms
[4187.218s][info][gc,cpu         ] GC(1130) User=0.03s Sys=0.00s Real=0.01s
[4187.218s][info][gc,marking     ] GC(1130) Concurrent Mark 998.609ms
[4187.218s][info][gc,marking     ] GC(1130) Concurrent Rebuild Remembered Sets and Scrub Regions
.[4187.625s][info][gc,marking     ] GC(1130) Concurrent Rebuild Remembered Sets and Scrub Regions 407.019ms
[4187.625s][info][gc,start       ] GC(1130) Pause Cleanup
[4187.626s][info][gc             ] GC(1130) Pause Cleanup 2887M->2887M(4096M) 0.116ms
[4187.626s][info][gc,cpu         ] GC(1130) User=0.00s Sys=0.00s Real=0.00s
[4187.626s][info][gc,marking     ] GC(1130) Concurrent Clear Claimed Marks
[4187.626s][info][gc,marking     ] GC(1130) Concurrent Clear Claimed Marks 0.031ms
[4187.626s][info][gc,marking     ] GC(1130) Concurrent Cleanup for Next Mark
[4187.639s][info][gc,marking     ] GC(1130) Concurrent Cleanup for Next Mark 13.473ms
[4187.639s][info][gc             ] GC(1130) Concurrent Mark Cycle 1598.478ms
.[4188.466s][info][gc,start       ] GC(1131) Pause Young (Prepare Mixed) (G1 Evacuation Pause)
[4188.466s][info][gc,task        ] GC(1131) Using 6 workers of 6 for evacuation
[4188.585s][info][gc,phases      ] GC(1131)   Pre Evacuate Collection Set: 0.36ms
[4188.585s][info][gc,phases      ] GC(1131)   Merge Heap Roots: 0.54ms
[4188.585s][info][gc,phases      ] GC(1131)   Evacuate Collection Set: 116.47ms
[4188.585s][info][gc,phases      ] GC(1131)   Post Evacuate Collection Set: 0.91ms
[4188.585s][info][gc,phases      ] GC(1131)   Other: 0.10ms
[4188.585s][info][gc,heap        ] GC(1131) Eden regions: 1117->0(1103)
[4188.585s][info][gc,heap        ] GC(1131) Survivor regions: 111->112(154)
[4188.585s][info][gc,heap        ] GC(1131) Old regions: 507->538
[4188.585s][info][gc,heap        ] GC(1131) Humongous regions: 80->80
[4188.585s][info][gc,metaspace   ] GC(1131) Metaspace: 28911K(29312K)->28911K(29312K) NonClass: 24043K(24256K)->24043K(24256K) Class: 4868K(5056K)->4868K(5056K)
[4188.585s][info][gc             ] GC(1131) Pause Young (Prepare Mixed) (G1 Evacuation Pause) 3628M->1458M(4096M) 118.510ms
[4188.585s][info][gc,cpu         ] GC(1131) User=0.70s Sys=0.00s Real=0.12s
. (rIR:aIR:PR = 7472:7455:7455) (tPR = 110675) [OK] 
  4189s: Performance info:
         Transaction,    Success,    Partial,     Failed,   Receipts, AvgBarcode, 
             Overall,     450427,          0,          0,     427926,      59.47, 
         Response times:
             Request,    Success,    Partial,     Failed,   SkipFail,     Probes,    Samples,      min,      p50,      p90,      p95,      p99,      max, 
       TotalPurchase,     427908,          0,          0,          0,     357148,     437710,      200,     6800,    78000,   123000,   186000,   344000,
     InStorePurchase,     225059,          0,          0,          0,     187879,     230029,      300,     6900,    79000,   125000,   192000,   327000,
      OnlinePurchase,     157459,          0,          0,          0,     131660,     161397,      200,     6800,    78000,   123000,   182000,   344000,
        InstPurchase,      45390,          0,          0,          0,      37609,      46284,      400,     6500,    77000,   120000,   184000,   327000,
          AssocOfCat,        449,          0,          0,          0,        368,        564,    23000,    46000,   150000,   188500,   267700,   295000,
      AssocOfProduct,       4522,          0,          0,          0,       4150,       5288,      600,     7500,    84000,   127000,   178110,   298000,
      BusinessReport,       1129,          0,          0,          0,        989,       1336,    29000,    52000,   166000,   207150,   285890,   366000,
          CustBuyBeh,       4523,          0,          0,          0,       4193,       5358,      300,     6500,    71000,   116000,   181000,   350000,
       ProductReturn,      11876,          0,          0,          0,      10077,      12642,      300,     6700,    83000,   125000,   177570,   305000,

  4189s: (55%)   IR =   7610 .[4190.925s][info][gc,start       ] GC(1132) Pause Young (Mixed) (G1 Evacuation Pause)
[4190.925s][info][gc,task        ] GC(1132) Using 6 workers of 6 for evacuation
[4191.059s][info][gc,phases      ] GC(1132)   Pre Evacuate Collection Set: 0.37ms
[4191.059s][info][gc,phases      ] GC(1132)   Merge Heap Roots: 0.67ms
[4191.059s][info][gc,phases      ] GC(1132)   Evacuate Collection Set: 131.56ms
[4191.059s][info][gc,phases      ] GC(1132)   Post Evacuate Collection Set: 0.96ms
[4191.059s][info][gc,phases      ] GC(1132)   Other: 0.09ms
[4191.059s][info][gc,heap        ] GC(1132) Eden regions: 1103->0(1118)
[4191.059s][info][gc,heap        ] GC(1132) Survivor regions: 112->110(152)
[4191.059s][info][gc,heap        ] GC(1132) Old regions: 538->474
[4191.059s][info][gc,heap        ] GC(1132) Humongous regions: 80->80
[4191.059s][info][gc,metaspace   ] GC(1132) Metaspace: 28911K(29312K)->28911K(29312K) NonClass: 24043K(24256K)->24043K(24256K) Class: 4868K(5056K)->4868K(5056K)
[4191.059s][info][gc             ] GC(1132) Pause Young (Mixed) (G1 Evacuation Pause) 3664M->1326M(4096M) 133.787ms
[4191.059s][info][gc,cpu         ] GC(1132) User=0.79s Sys=0.00s Real=0.13s
..[4193.436s][info][gc,start       ] GC(1133) Pause Young (Concurrent Start) (G1 Evacuation Pause)
[4193.437s][info][gc,task        ] GC(1133) Using 6 workers of 6 for evacuation
[4193.555s][info][gc,phases      ] GC(1133)   Pre Evacuate Collection Set: 0.43ms
[4193.555s][info][gc,phases      ] GC(1133)   Merge Heap Roots: 0.49ms
[4193.555s][info][gc,phases      ] GC(1133)   Evacuate Collection Set: 116.18ms
[4193.555s][info][gc,phases      ] GC(1133)   Post Evacuate Collection Set: 0.95ms
[4193.555s][info][gc,phases      ] GC(1133)   Other: 0.11ms
[4193.555s][info][gc,heap        ] GC(1133) Eden regions: 1118->0(1117)
[4193.555s][info][gc,heap        ] GC(1133) Survivor regions: 110->111(154)
[4193.555s][info][gc,heap        ] GC(1133) Old regions: 474->505
[4193.555s][info][gc,heap        ] GC(1133) Humongous regions: 80->80
[4193.555s][info][gc,metaspace   ] GC(1133) Metaspace: 28911K(29312K)->28911K(29312K) NonClass: 24043K(24256K)->24043K(24256K) Class: 4868K(5056K)->4868K(5056K)
[4193.555s][info][gc             ] GC(1133) Pause Young (Concurrent Start) (G1 Evacuation Pause) 3562M->1390M(4096M) 118.296ms
[4193.555s][info][gc             ] GC(1134) Concurrent Mark Cycle
[4193.555s][info][gc,marking     ] GC(1134) Concurrent Scan Root Regions
[4193.555s][info][gc,cpu         ] GC(1133) User=0.70s Sys=0.00s Real=0.12s
.[4193.726s][info][gc,marking     ] GC(1134) Concurrent Scan Root Regions 171.467ms
[4193.726s][info][gc,marking     ] GC(1134) Concurrent Mark
[4193.726s][info][gc,marking     ] GC(1134) Concurrent Mark From Roots
[4193.726s][info][gc,task        ] GC(1134) Using 2 workers of 2 for marking
[4194.478s][info][gc,marking     ] GC(1134) Concurrent Mark From Roots 751.929ms
[4194.478s][info][gc,marking     ] GC(1134) Concurrent Preclean
[4194.478s][info][gc,marking     ] GC(1134) Concurrent Preclean 0.117ms
[4194.479s][info][gc,start       ] GC(1134) Pause Remark
[4194.483s][info][gc             ] GC(1134) Pause Remark 2226M->2226M(4096M) 4.933ms
[4194.484s][info][gc,cpu         ] GC(1134) User=0.03s Sys=0.00s Real=0.01s
[4194.484s][info][gc,marking     ] GC(1134) Concurrent Mark 757.303ms
[4194.484s][info][gc,marking     ] GC(1134) Concurrent Rebuild Remembered Sets and Scrub Regions
.[4194.762s][info][gc,marking     ] GC(1134) Concurrent Rebuild Remembered Sets and Scrub Regions 278.811ms
[4194.764s][info][gc,start       ] GC(1134) Pause Cleanup
[4194.765s][info][gc             ] GC(1134) Pause Cleanup 2512M->2512M(4096M) 0.131ms
[4194.765s][info][gc,cpu         ] GC(1134) User=0.00s Sys=0.00s Real=0.00s
[4194.765s][info][gc,marking     ] GC(1134) Concurrent Clear Claimed Marks
[4194.765s][info][gc,marking     ] GC(1134) Concurrent Clear Claimed Marks 0.030ms
[4194.765s][info][gc,marking     ] GC(1134) Concurrent Cleanup for Next Mark
[4194.770s][info][gc,marking     ] GC(1134) Concurrent Cleanup for Next Mark 5.090ms
[4194.770s][info][gc             ] GC(1134) Concurrent Mark Cycle 1215.027ms
.[4195.925s][info][gc,start       ] GC(1135) Pause Young (Prepare Mixed) (G1 Evacuation Pause)
[4195.925s][info][gc,task        ] GC(1135) Using 6 workers of 6 for evacuation
[4196.048s][info][gc,phases      ] GC(1135)   Pre Evacuate Collection Set: 0.35ms
[4196.048s][info][gc,phases      ] GC(1135)   Merge Heap Roots: 0.58ms
[4196.048s][info][gc,phases      ] GC(1135)   Evacuate Collection Set: 121.16ms
[4196.048s][info][gc,phases      ] GC(1135)   Post Evacuate Collection Set: 0.94ms
[4196.048s][info][gc,phases      ] GC(1135)   Other: 0.09ms
[4196.048s][info][gc,heap        ] GC(1135) Eden regions: 1117->0(1101)
[4196.048s][info][gc,heap        ] GC(1135) Survivor regions: 111->114(154)
[4196.048s][info][gc,heap        ] GC(1135) Old regions: 505->536
[4196.048s][info][gc,heap        ] GC(1135) Humongous regions: 80->80
[4196.048s][info][gc,metaspace   ] GC(1135) Metaspace: 28911K(29312K)->28911K(29312K) NonClass: 24043K(24256K)->24043K(24256K) Class: 4868K(5056K)->4868K(5056K)
[4196.048s][info][gc             ] GC(1135) Pause Young (Prepare Mixed) (G1 Evacuation Pause) 3624M->1459M(4096M) 123.262ms
[4196.048s][info][gc,cpu         ] GC(1135) User=0.73s Sys=0.00s Real=0.12s
..[4198.327s][info][gc,start       ] GC(1136) Pause Young (Mixed) (G1 Evacuation Pause)
[4198.327s][info][gc,task        ] GC(1136) Using 6 workers of 6 for evacuation
[4198.467s][info][gc,phases      ] GC(1136)   Pre Evacuate Collection Set: 0.38ms
[4198.467s][info][gc,phases      ] GC(1136)   Merge Heap Roots: 0.81ms
[4198.467s][info][gc,phases      ] GC(1136)   Evacuate Collection Set: 137.94ms
[4198.467s][info][gc,phases      ] GC(1136)   Post Evacuate Collection Set: 1.01ms
[4198.467s][info][gc,phases      ] GC(1136)   Other: 0.09ms
[4198.467s][info][gc,heap        ] GC(1136) Eden regions: 1101->0(1113)
[4198.467s][info][gc,heap        ] GC(1136) Survivor regions: 114->115(152)
[4198.467s][info][gc,heap        ] GC(1136) Old regions: 536->474
[4198.467s][info][gc,heap        ] GC(1136) Humongous regions: 80->80
[4198.467s][info][gc,metaspace   ] GC(1136) Metaspace: 28911K(29312K)->28911K(29312K) NonClass: 24043K(24256K)->24043K(24256K) Class: 4868K(5056K)->4868K(5056K)
[4198.467s][info][gc             ] GC(1136) Pause Young (Mixed) (G1 Evacuation Pause) 3661M->1335M(4096M) 140.361ms
[4198.468s][info][gc,cpu         ] GC(1136) User=0.83s Sys=0.00s Real=0.14s
...|[4200.875s][info][gc,start       ] GC(1137) Pause Young (Concurrent Start) (G1 Evacuation Pause)
[4200.875s][info][gc,task        ] GC(1137) Using 6 workers of 6 for evacuation
[4200.996s][info][gc,phases      ] GC(1137)   Pre Evacuate Collection Set: 0.41ms
[4200.996s][info][gc,phases      ] GC(1137)   Merge Heap Roots: 0.50ms
[4200.996s][info][gc,phases      ] GC(1137)   Evacuate Collection Set: 119.70ms
[4200.996s][info][gc,phases      ] GC(1137)   Post Evacuate Collection Set: 0.92ms
[4200.996s][info][gc,phases      ] GC(1137)   Other: 0.11ms
[4200.996s][info][gc,heap        ] GC(1137) Eden regions: 1113->0(1117)
[4200.996s][info][gc,heap        ] GC(1137) Survivor regions: 115->111(154)
[4200.996s][info][gc,heap        ] GC(1137) Old regions: 474->506
[4200.996s][info][gc,heap        ] GC(1137) Humongous regions: 80->80
[4200.996s][info][gc,metaspace   ] GC(1137) Metaspace: 28911K(29312K)->28911K(29312K) NonClass: 24043K(24256K)->24043K(24256K) Class: 4868K(5056K)->4868K(5056K)
[4200.996s][info][gc             ] GC(1137) Pause Young (Concurrent Start) (G1 Evacuation Pause) 3561M->1391M(4096M) 121.804ms
[4200.996s][info][gc             ] GC(1138) Concurrent Mark Cycle
[4200.996s][info][gc,marking     ] GC(1138) Concurrent Scan Root Regions
[4200.996s][info][gc,cpu         ] GC(1137) User=0.72s Sys=0.00s Real=0.12s
[4201.132s][info][gc,marking     ] GC(1138) Concurrent Scan Root Regions 136.021ms
[4201.133s][info][gc,marking     ] GC(1138) Concurrent Mark
[4201.133s][info][gc,marking     ] GC(1138) Concurrent Mark From Roots
[4201.133s][info][gc,task        ] GC(1138) Using 2 workers of 2 for marking
.[4201.849s][info][gc,marking     ] GC(1138) Concurrent Mark From Roots 716.210ms
[4201.849s][info][gc,marking     ] GC(1138) Concurrent Preclean
[4201.849s][info][gc,marking     ] GC(1138) Concurrent Preclean 0.156ms
[4201.849s][info][gc,start       ] GC(1138) Pause Remark
[4201.854s][info][gc             ] GC(1138) Pause Remark 2132M->2132M(4096M) 4.403ms
[4201.854s][info][gc,cpu         ] GC(1138) User=0.03s Sys=0.00s Real=0.01s
[4201.856s][info][gc,marking     ] GC(1138) Concurrent Mark 723.492ms
[4201.856s][info][gc,marking     ] GC(1138) Concurrent Rebuild Remembered Sets and Scrub Regions
[4202.236s][info][gc,marking     ] GC(1138) Concurrent Rebuild Remembered Sets and Scrub Regions 380.364ms
[4202.238s][info][gc,start       ] GC(1138) Pause Cleanup
[4202.238s][info][gc             ] GC(1138) Pause Cleanup 2541M->2541M(4096M) 0.139ms
[4202.238s][info][gc,cpu         ] GC(1138) User=0.00s Sys=0.00s Real=0.00s
[4202.238s][info][gc,marking     ] GC(1138) Concurrent Clear Claimed Marks
[4202.238s][info][gc,marking     ] GC(1138) Concurrent Clear Claimed Marks 0.028ms
[4202.238s][info][gc,marking     ] GC(1138) Concurrent Cleanup for Next Mark
[4202.254s][info][gc,marking     ] GC(1138) Concurrent Cleanup for Next Mark 16.240ms
[4202.254s][info][gc             ] GC(1138) Concurrent Mark Cycle 1258.035ms
.[4203.334s][info][gc,start       ] GC(1139) Pause Young (Prepare Mixed) (G1 Evacuation Pause)
[4203.334s][info][gc,task        ] GC(1139) Using 6 workers of 6 for evacuation
[4203.453s][info][gc,phases      ] GC(1139)   Pre Evacuate Collection Set: 0.35ms
[4203.453s][info][gc,phases      ] GC(1139)   Merge Heap Roots: 0.61ms
[4203.453s][info][gc,phases      ] GC(1139)   Evacuate Collection Set: 116.57ms
[4203.453s][info][gc,phases      ] GC(1139)   Post Evacuate Collection Set: 0.92ms
[4203.453s][info][gc,phases      ] GC(1139)   Other: 0.09ms
[4203.453s][info][gc,heap        ] GC(1139) Eden regions: 1117->0(1107)
[4203.453s][info][gc,heap        ] GC(1139) Survivor regions: 111->110(154)
[4203.453s][info][gc,heap        ] GC(1139) Old regions: 506->538
[4203.453s][info][gc,heap        ] GC(1139) Humongous regions: 80->80
[4203.453s][info][gc,metaspace   ] GC(1139) Metaspace: 28911K(29312K)->28911K(29312K) NonClass: 24043K(24256K)->24043K(24256K) Class: 4868K(5056K)->4868K(5056K)
[4203.453s][info][gc             ] GC(1139) Pause Young (Prepare Mixed) (G1 Evacuation Pause) 3625M->1455M(4096M) 118.671ms
[4203.453s][info][gc,cpu         ] GC(1139) User=0.70s Sys=0.00s Real=0.12s
...[4205.810s][info][gc,start       ] GC(1140) Pause Young (Mixed) (G1 Evacuation Pause)
[4205.810s][info][gc,task        ] GC(1140) Using 6 workers of 6 for evacuation
[4205.944s][info][gc,phases      ] GC(1140)   Pre Evacuate Collection Set: 0.43ms
[4205.944s][info][gc,phases      ] GC(1140)   Merge Heap Roots: 0.81ms
[4205.944s][info][gc,phases      ] GC(1140)   Evacuate Collection Set: 132.20ms
[4205.944s][info][gc,phases      ] GC(1140)   Post Evacuate Collection Set: 0.99ms
[4205.944s][info][gc,phases      ] GC(1140)   Other: 0.09ms
[4205.944s][info][gc,heap        ] GC(1140) Eden regions: 1107->0(1119)
[4205.944s][info][gc,heap        ] GC(1140) Survivor regions: 110->109(153)
[4205.944s][info][gc,heap        ] GC(1140) Old regions: 538->475
[4205.944s][info][gc,heap        ] GC(1140) Humongous regions: 80->80
[4205.944s][info][gc,metaspace   ] GC(1140) Metaspace: 28911K(29312K)->28911K(29312K) NonClass: 24043K(24256K)->24043K(24256K) Class: 4868K(5056K)->4868K(5056K)
[4205.944s][info][gc             ] GC(1140) Pause Young (Mixed) (G1 Evacuation Pause) 3669M->1327M(4096M) 134.664ms
[4205.944s][info][gc,cpu         ] GC(1140) User=0.80s Sys=0.00s Real=0.14s
..[4208.292s][info][gc,start       ] GC(1141) Pause Young (Concurrent Start) (G1 Evacuation Pause)
[4208.292s][info][gc,task        ] GC(1141) Using 6 workers of 6 for evacuation
[4208.412s][info][gc,phases      ] GC(1141)   Pre Evacuate Collection Set: 0.38ms
[4208.412s][info][gc,phases      ] GC(1141)   Merge Heap Roots: 0.49ms
[4208.412s][info][gc,phases      ] GC(1141)   Evacuate Collection Set: 118.35ms
[4208.412s][info][gc,phases      ] GC(1141)   Post Evacuate Collection Set: 0.86ms
[4208.412s][info][gc,phases      ] GC(1141)   Other: 0.13ms
[4208.412s][info][gc,heap        ] GC(1141) Eden regions: 1119->0(1115)
[4208.412s][info][gc,heap        ] GC(1141) Survivor regions: 109->113(154)
[4208.412s][info][gc,heap        ] GC(1141) Old regions: 475->506
[4208.412s][info][gc,heap        ] GC(1141) Humongous regions: 80->80
[4208.412s][info][gc,metaspace   ] GC(1141) Metaspace: 28911K(29312K)->28911K(29312K) NonClass: 24043K(24256K)->24043K(24256K) Class: 4868K(5056K)->4868K(5056K)
[4208.412s][info][gc             ] GC(1141) Pause Young (Concurrent Start) (G1 Evacuation Pause) 3565M->1396M(4096M) 120.327ms
[4208.412s][info][gc             ] GC(1142) Concurrent Mark Cycle
[4208.413s][info][gc,marking     ] GC(1142) Concurrent Scan Root Regions
[4208.413s][info][gc,cpu         ] GC(1141) User=0.72s Sys=0.00s Real=0.12s
[4208.597s][info][gc,marking     ] GC(1142) Concurrent Scan Root Regions 184.319ms
[4208.597s][info][gc,marking     ] GC(1142) Concurrent Mark
[4208.597s][info][gc,marking     ] GC(1142) Concurrent Mark From Roots
[4208.597s][info][gc,task        ] GC(1142) Using 2 workers of 2 for marking
.[4209.558s][info][gc,marking     ] GC(1142) Concurrent Mark From Roots 961.033ms
[4209.558s][info][gc,marking     ] GC(1142) Concurrent Preclean
[4209.558s][info][gc,marking     ] GC(1142) Concurrent Preclean 0.135ms
[4209.558s][info][gc,start       ] GC(1142) Pause Remark
[4209.565s][info][gc             ] GC(1142) Pause Remark 2435M->2435M(4096M) 6.906ms
[4209.565s][info][gc,cpu         ] GC(1142) User=0.04s Sys=0.00s Real=0.01s
[4209.565s][info][gc,marking     ] GC(1142) Concurrent Mark 968.343ms
[4209.565s][info][gc,marking     ] GC(1142) Concurrent Rebuild Remembered Sets and Scrub Regions
.[4209.852s][info][gc,marking     ] GC(1142) Concurrent Rebuild Remembered Sets and Scrub Regions 287.001ms
[4209.852s][info][gc,start       ] GC(1142) Pause Cleanup
[4209.853s][info][gc             ] GC(1142) Pause Cleanup 2684M->2684M(4096M) 0.119ms
[4209.853s][info][gc,cpu         ] GC(1142) User=0.00s Sys=0.00s Real=0.00s
[4209.853s][info][gc,marking     ] GC(1142) Concurrent Clear Claimed Marks
[4209.853s][info][gc,marking     ] GC(1142) Concurrent Clear Claimed Marks 0.049ms
[4209.853s][info][gc,marking     ] GC(1142) Concurrent Cleanup for Next Mark
[4209.859s][info][gc,marking     ] GC(1142) Concurrent Cleanup for Next Mark 5.977ms
[4209.859s][info][gc             ] GC(1142) Concurrent Mark Cycle 1446.816ms
.[4210.830s][info][gc,start       ] GC(1143) Pause Young (Prepare Mixed) (G1 Evacuation Pause)
[4210.830s][info][gc,task        ] GC(1143) Using 6 workers of 6 for evacuation
[4210.946s][info][gc,phases      ] GC(1143)   Pre Evacuate Collection Set: 0.34ms
[4210.946s][info][gc,phases      ] GC(1143)   Merge Heap Roots: 0.56ms
[4210.946s][info][gc,phases      ] GC(1143)   Evacuate Collection Set: 114.04ms
[4210.946s][info][gc,phases      ] GC(1143)   Post Evacuate Collection Set: 0.93ms
[4210.946s][info][gc,phases      ] GC(1143)   Other: 0.09ms
[4210.946s][info][gc,heap        ] GC(1143) Eden regions: 1115->0(1108)
[4210.946s][info][gc,heap        ] GC(1143) Survivor regions: 113->110(154)
[4210.946s][info][gc,heap        ] GC(1143) Old regions: 506->537
[4210.946s][info][gc,heap        ] GC(1143) Humongous regions: 80->80
[4210.946s][info][gc,metaspace   ] GC(1143) Metaspace: 28911K(29312K)->28911K(29312K) NonClass: 24043K(24256K)->24043K(24256K) Class: 4868K(5056K)->4868K(5056K)
[4210.946s][info][gc             ] GC(1143) Pause Young (Prepare Mixed) (G1 Evacuation Pause) 3626M->1452M(4096M) 116.097ms
[4210.947s][info][gc,cpu         ] GC(1143) User=0.69s Sys=0.00s Real=0.12s
..[4213.250s][info][gc,start       ] GC(1144) Pause Young (Mixed) (G1 Evacuation Pause)
[4213.250s][info][gc,task        ] GC(1144) Using 6 workers of 6 for evacuation
[4213.389s][info][gc,phases      ] GC(1144)   Pre Evacuate Collection Set: 0.39ms
[4213.389s][info][gc,phases      ] GC(1144)   Merge Heap Roots: 0.81ms
[4213.389s][info][gc,phases      ] GC(1144)   Evacuate Collection Set: 136.82ms
[4213.389s][info][gc,phases      ] GC(1144)   Post Evacuate Collection Set: 0.89ms
[4213.389s][info][gc,phases      ] GC(1144)   Other: 0.10ms
[4213.389s][info][gc,heap        ] GC(1144) Eden regions: 1108->0(1114)
[4213.389s][info][gc,heap        ] GC(1144) Survivor regions: 110->114(153)
[4213.389s][info][gc,heap        ] GC(1144) Old regions: 537->474
[4213.389s][info][gc,heap        ] GC(1144) Humongous regions: 80->80
[4213.389s][info][gc,metaspace   ] GC(1144) Metaspace: 28911K(29312K)->28911K(29312K) NonClass: 24043K(24256K)->24043K(24256K) Class: 4868K(5056K)->4868K(5056K)
[4213.389s][info][gc             ] GC(1144) Pause Young (Mixed) (G1 Evacuation Pause) 3668M->1333M(4096M) 139.148ms
[4213.389s][info][gc,cpu         ] GC(1144) User=0.83s Sys=0.00s Real=0.14s
..[4215.686s][info][gc,start       ] GC(1145) Pause Young (Concurrent Start) (G1 Evacuation Pause)
[4215.686s][info][gc,task        ] GC(1145) Using 6 workers of 6 for evacuation
[4215.802s][info][gc,phases      ] GC(1145)   Pre Evacuate Collection Set: 0.41ms
[4215.802s][info][gc,phases      ] GC(1145)   Merge Heap Roots: 0.54ms
[4215.802s][info][gc,phases      ] GC(1145)   Evacuate Collection Set: 113.95ms
[4215.802s][info][gc,phases      ] GC(1145)   Post Evacuate Collection Set: 0.92ms
[4215.802s][info][gc,phases      ] GC(1145)   Other: 0.10ms
[4215.802s][info][gc,heap        ] GC(1145) Eden regions: 1114->0(1121)
[4215.802s][info][gc,heap        ] GC(1145) Survivor regions: 114->107(154)
[4215.802s][info][gc,heap        ] GC(1145) Old regions: 474->506
[4215.802s][info][gc,heap        ] GC(1145) Humongous regions: 80->80
[4215.802s][info][gc,metaspace   ] GC(1145) Metaspace: 28911K(29312K)->28911K(29312K) NonClass: 24043K(24256K)->24043K(24256K) Class: 4868K(5056K)->4868K(5056K)
[4215.802s][info][gc             ] GC(1145) Pause Young (Concurrent Start) (G1 Evacuation Pause) 3561M->1384M(4096M) 116.054ms
[4215.802s][info][gc             ] GC(1146) Concurrent Mark Cycle
[4215.802s][info][gc,marking     ] GC(1146) Concurrent Scan Root Regions
[4215.802s][info][gc,cpu         ] GC(1145) User=0.69s Sys=0.00s Real=0.11s
.[4215.937s][info][gc,marking     ] GC(1146) Concurrent Scan Root Regions 134.228ms
[4215.937s][info][gc,marking     ] GC(1146) Concurrent Mark
[4215.937s][info][gc,marking     ] GC(1146) Concurrent Mark From Roots
[4215.937s][info][gc,task        ] GC(1146) Using 2 workers of 2 for marking
[4216.685s][info][gc,marking     ] GC(1146) Concurrent Mark From Roots 748.478ms
[4216.685s][info][gc,marking     ] GC(1146) Concurrent Preclean
[4216.685s][info][gc,marking     ] GC(1146) Concurrent Preclean 0.160ms
[4216.686s][info][gc,start       ] GC(1146) Pause Remark
[4216.690s][info][gc             ] GC(1146) Pause Remark 2214M->2214M(4096M) 3.783ms
[4216.690s][info][gc,cpu         ] GC(1146) User=0.02s Sys=0.00s Real=0.00s
[4216.690s][info][gc,marking     ] GC(1146) Concurrent Mark 753.669ms
[4216.690s][info][gc,marking     ] GC(1146) Concurrent Rebuild Remembered Sets and Scrub Regions
[4216.955s][info][gc,marking     ] GC(1146) Concurrent Rebuild Remembered Sets and Scrub Regions 264.869ms
.[4216.958s][info][gc,start       ] GC(1146) Pause Cleanup
[4216.958s][info][gc             ] GC(1146) Pause Cleanup 2456M->2456M(4096M) 0.135ms
[4216.959s][info][gc,cpu         ] GC(1146) User=0.00s Sys=0.00s Real=0.00s
[4216.959s][info][gc,marking     ] GC(1146) Concurrent Clear Claimed Marks
[4216.959s][info][gc,marking     ] GC(1146) Concurrent Clear Claimed Marks 0.041ms
[4216.959s][info][gc,marking     ] GC(1146) Concurrent Cleanup for Next Mark
[4216.965s][info][gc,marking     ] GC(1146) Concurrent Cleanup for Next Mark 5.984ms
[4216.965s][info][gc             ] GC(1146) Concurrent Mark Cycle 1162.390ms
.[4218.169s][info][gc,start       ] GC(1147) Pause Young (Prepare Mixed) (G1 Evacuation Pause)
[4218.169s][info][gc,task        ] GC(1147) Using 6 workers of 6 for evacuation
[4218.290s][info][gc,phases      ] GC(1147)   Pre Evacuate Collection Set: 0.33ms
[4218.290s][info][gc,phases      ] GC(1147)   Merge Heap Roots: 0.56ms
[4218.290s][info][gc,phases      ] GC(1147)   Evacuate Collection Set: 118.88ms
[4218.290s][info][gc,phases      ] GC(1147)   Post Evacuate Collection Set: 0.93ms
[4218.290s][info][gc,phases      ] GC(1147)   Other: 0.09ms
[4218.290s][info][gc,heap        ] GC(1147) Eden regions: 1121->0(1102)
[4218.290s][info][gc,heap        ] GC(1147) Survivor regions: 107->113(154)
[4218.290s][info][gc,heap        ] GC(1147) Old regions: 506->537
[4218.290s][info][gc,heap        ] GC(1147) Humongous regions: 80->80
[4218.290s][info][gc,metaspace   ] GC(1147) Metaspace: 28911K(29312K)->28911K(29312K) NonClass: 24043K(24256K)->24043K(24256K) Class: 4868K(5056K)->4868K(5056K)
[4218.290s][info][gc             ] GC(1147) Pause Young (Prepare Mixed) (G1 Evacuation Pause) 3626M->1458M(4096M) 120.954ms
[4218.290s][info][gc,cpu         ] GC(1147) User=0.72s Sys=0.00s Real=0.12s
..[4220.579s][info][gc,start       ] GC(1148) Pause Young (Mixed) (G1 Evacuation Pause)
[4220.579s][info][gc,task        ] GC(1148) Using 6 workers of 6 for evacuation
[4220.715s][info][gc,phases      ] GC(1148)   Pre Evacuate Collection Set: 0.42ms
[4220.715s][info][gc,phases      ] GC(1148)   Merge Heap Roots: 0.72ms
[4220.715s][info][gc,phases      ] GC(1148)   Evacuate Collection Set: 134.42ms
[4220.715s][info][gc,phases      ] GC(1148)   Post Evacuate Collection Set: 0.94ms
[4220.715s][info][gc,phases      ] GC(1148)   Other: 0.10ms
[4220.716s][info][gc,heap        ] GC(1148) Eden regions: 1102->0(1117)
[4220.716s][info][gc,heap        ] GC(1148) Survivor regions: 113->111(152)
[4220.716s][info][gc,heap        ] GC(1148) Old regions: 537->475
[4220.716s][info][gc,heap        ] GC(1148) Humongous regions: 80->80
[4220.716s][info][gc,metaspace   ] GC(1148) Metaspace: 28911K(29312K)->28911K(29312K) NonClass: 24043K(24256K)->24043K(24256K) Class: 4868K(5056K)->4868K(5056K)
[4220.716s][info][gc             ] GC(1148) Pause Young (Mixed) (G1 Evacuation Pause) 3662M->1331M(4096M) 136.725ms
[4220.716s][info][gc,cpu         ] GC(1148) User=0.81s Sys=0.00s Real=0.14s
...[4223.072s][info][gc,start       ] GC(1149) Pause Young (Concurrent Start) (G1 Evacuation Pause)
[4223.072s][info][gc,task        ] GC(1149) Using 6 workers of 6 for evacuation
[4223.187s][info][gc,phases      ] GC(1149)   Pre Evacuate Collection Set: 0.39ms
[4223.187s][info][gc,phases      ] GC(1149)   Merge Heap Roots: 0.46ms
[4223.187s][info][gc,phases      ] GC(1149)   Evacuate Collection Set: 113.48ms
[4223.187s][info][gc,phases      ] GC(1149)   Post Evacuate Collection Set: 0.90ms
[4223.187s][info][gc,phases      ] GC(1149)   Other: 0.12ms
[4223.187s][info][gc,heap        ] GC(1149) Eden regions: 1117->0(1118)
[4223.187s][info][gc,heap        ] GC(1149) Survivor regions: 111->110(154)
[4223.187s][info][gc,heap        ] GC(1149) Old regions: 475->507
[4223.187s][info][gc,heap        ] GC(1149) Humongous regions: 80->80
[4223.187s][info][gc,metaspace   ] GC(1149) Metaspace: 28911K(29312K)->28911K(29312K) NonClass: 24043K(24256K)->24043K(24256K) Class: 4868K(5056K)->4868K(5056K)
[4223.187s][info][gc             ] GC(1149) Pause Young (Concurrent Start) (G1 Evacuation Pause) 3565M->1392M(4096M) 115.515ms
[4223.187s][info][gc             ] GC(1150) Concurrent Mark Cycle
[4223.187s][info][gc,marking     ] GC(1150) Concurrent Scan Root Regions
[4223.187s][info][gc,cpu         ] GC(1149) User=0.68s Sys=0.00s Real=0.12s
[4223.336s][info][gc,marking     ] GC(1150) Concurrent Scan Root Regions 149.073ms
[4223.336s][info][gc,marking     ] GC(1150) Concurrent Mark
[4223.336s][info][gc,marking     ] GC(1150) Concurrent Mark From Roots
[4223.336s][info][gc,task        ] GC(1150) Using 2 workers of 2 for marking
.[4224.292s][info][gc,marking     ] GC(1150) Concurrent Mark From Roots 956.167ms
[4224.293s][info][gc,marking     ] GC(1150) Concurrent Preclean
[4224.293s][info][gc,marking     ] GC(1150) Concurrent Preclean 0.105ms
[4224.293s][info][gc,start       ] GC(1150) Pause Remark
[4224.300s][info][gc             ] GC(1150) Pause Remark 2468M->2468M(4096M) 7.121ms
[4224.300s][info][gc,cpu         ] GC(1150) User=0.04s Sys=0.00s Real=0.01s
[4224.300s][info][gc,marking     ] GC(1150) Concurrent Mark 963.663ms
[4224.300s][info][gc,marking     ] GC(1150) Concurrent Rebuild Remembered Sets and Scrub Regions
[4224.595s][info][gc,marking     ] GC(1150) Concurrent Rebuild Remembered Sets and Scrub Regions 294.587ms
[4224.598s][info][gc,start       ] GC(1150) Pause Cleanup
[4224.598s][info][gc             ] GC(1150) Pause Cleanup 2698M->2698M(4096M) 0.151ms
[4224.598s][info][gc,cpu         ] GC(1150) User=0.00s Sys=0.00s Real=0.00s
[4224.598s][info][gc,marking     ] GC(1150) Concurrent Clear Claimed Marks
[4224.598s][info][gc,marking     ] GC(1150) Concurrent Clear Claimed Marks 0.038ms
[4224.598s][info][gc,marking     ] GC(1150) Concurrent Cleanup for Next Mark
[4224.604s][info][gc,marking     ] GC(1150) Concurrent Cleanup for Next Mark 5.226ms
[4224.604s][info][gc             ] GC(1150) Concurrent Mark Cycle 1416.590ms
.[4225.573s][info][gc,start       ] GC(1151) Pause Young (Prepare Mixed) (G1 Evacuation Pause)
[4225.573s][info][gc,task        ] GC(1151) Using 6 workers of 6 for evacuation
[4225.696s][info][gc,phases      ] GC(1151)   Pre Evacuate Collection Set: 0.34ms
[4225.696s][info][gc,phases      ] GC(1151)   Merge Heap Roots: 0.54ms
[4225.696s][info][gc,phases      ] GC(1151)   Evacuate Collection Set: 121.44ms
[4225.696s][info][gc,phases      ] GC(1151)   Post Evacuate Collection Set: 0.98ms
[4225.696s][info][gc,phases      ] GC(1151)   Other: 0.10ms
[4225.696s][info][gc,heap        ] GC(1151) Eden regions: 1118->0(1092)
[4225.696s][info][gc,heap        ] GC(1151) Survivor regions: 110->117(154)
[4225.696s][info][gc,heap        ] GC(1151) Old regions: 507->539
[4225.696s][info][gc,heap        ] GC(1151) Humongous regions: 80->80
[4225.696s][info][gc,metaspace   ] GC(1151) Metaspace: 28911K(29312K)->28911K(29312K) NonClass: 24043K(24256K)->24043K(24256K) Class: 4868K(5056K)->4868K(5056K)
[4225.696s][info][gc             ] GC(1151) Pause Young (Prepare Mixed) (G1 Evacuation Pause) 3628M->1470M(4096M) 123.526ms
[4225.696s][info][gc,cpu         ] GC(1151) User=0.73s Sys=0.00s Real=0.13s
..[4227.943s][info][gc,start       ] GC(1152) Pause Young (Mixed) (G1 Evacuation Pause)
[4227.943s][info][gc,task        ] GC(1152) Using 6 workers of 6 for evacuation
[4228.076s][info][gc,phases      ] GC(1152)   Pre Evacuate Collection Set: 0.42ms
[4228.076s][info][gc,phases      ] GC(1152)   Merge Heap Roots: 0.81ms
[4228.076s][info][gc,phases      ] GC(1152)   Evacuate Collection Set: 130.52ms
[4228.076s][info][gc,phases      ] GC(1152)   Post Evacuate Collection Set: 0.93ms
[4228.076s][info][gc,phases      ] GC(1152)   Other: 0.10ms
[4228.076s][info][gc,heap        ] GC(1152) Eden regions: 1092->0(1120)
[4228.076s][info][gc,heap        ] GC(1152) Survivor regions: 117->108(152)
[4228.076s][info][gc,heap        ] GC(1152) Old regions: 539->475
[4228.076s][info][gc,heap        ] GC(1152) Humongous regions: 80->80
[4228.076s][info][gc,metaspace   ] GC(1152) Metaspace: 28911K(29312K)->28911K(29312K) NonClass: 24043K(24256K)->24043K(24256K) Class: 4868K(5056K)->4868K(5056K)
[4228.076s][info][gc             ] GC(1152) Pause Young (Mixed) (G1 Evacuation Pause) 3654M->1324M(4096M) 132.943ms
[4228.076s][info][gc,cpu         ] GC(1152) User=0.79s Sys=0.00s Real=0.13s
...[4230.392s][info][gc,start       ] GC(1153) Pause Young (Concurrent Start) (G1 Evacuation Pause)
[4230.392s][info][gc,task        ] GC(1153) Using 6 workers of 6 for evacuation
[4230.512s][info][gc,phases      ] GC(1153)   Pre Evacuate Collection Set: 0.39ms
[4230.512s][info][gc,phases      ] GC(1153)   Merge Heap Roots: 0.59ms
[4230.512s][info][gc,phases      ] GC(1153)   Evacuate Collection Set: 118.31ms
[4230.512s][info][gc,phases      ] GC(1153)   Post Evacuate Collection Set: 0.88ms
[4230.512s][info][gc,phases      ] GC(1153)   Other: 0.09ms
[4230.512s][info][gc,heap        ] GC(1153) Eden regions: 1120->0(1116)
[4230.512s][info][gc,heap        ] GC(1153) Survivor regions: 108->112(154)
[4230.512s][info][gc,heap        ] GC(1153) Old regions: 475->507
[4230.512s][info][gc,heap        ] GC(1153) Humongous regions: 80->80
[4230.512s][info][gc,metaspace   ] GC(1153) Metaspace: 28911K(29312K)->28911K(29312K) NonClass: 24043K(24256K)->24043K(24256K) Class: 4868K(5056K)->4868K(5056K)
[4230.512s][info][gc             ] GC(1153) Pause Young (Concurrent Start) (G1 Evacuation Pause) 3564M->1397M(4096M) 120.402ms
[4230.512s][info][gc             ] GC(1154) Concurrent Mark Cycle
[4230.512s][info][gc,marking     ] GC(1154) Concurrent Scan Root Regions
[4230.512s][info][gc,cpu         ] GC(1153) User=0.71s Sys=0.00s Real=0.12s
[4230.652s][info][gc,marking     ] GC(1154) Concurrent Scan Root Regions 139.505ms
[4230.652s][info][gc,marking     ] GC(1154) Concurrent Mark
[4230.652s][info][gc,marking     ] GC(1154) Concurrent Mark From Roots
[4230.652s][info][gc,task        ] GC(1154) Using 2 workers of 2 for marking
.[4231.442s][info][gc,marking     ] GC(1154) Concurrent Mark From Roots 790.395ms
[4231.443s][info][gc,marking     ] GC(1154) Concurrent Preclean
[4231.443s][info][gc,marking     ] GC(1154) Concurrent Preclean 0.149ms
[4231.443s][info][gc,start       ] GC(1154) Pause Remark
[4231.449s][info][gc             ] GC(1154) Pause Remark 2205M->2205M(4096M) 5.686ms
[4231.449s][info][gc,cpu         ] GC(1154) User=0.03s Sys=0.00s Real=0.01s
[4231.449s][info][gc,marking     ] GC(1154) Concurrent Mark 796.675ms
[4231.449s][info][gc,marking     ] GC(1154) Concurrent Rebuild Remembered Sets and Scrub Regions
[4231.727s][info][gc,marking     ] GC(1154) Concurrent Rebuild Remembered Sets and Scrub Regions 277.799ms
[4231.727s][info][gc,start       ] GC(1154) Pause Cleanup
[4231.727s][info][gc             ] GC(1154) Pause Cleanup 2487M->2487M(4096M) 0.112ms
[4231.727s][info][gc,cpu         ] GC(1154) User=0.00s Sys=0.00s Real=0.00s
[4231.727s][info][gc,marking     ] GC(1154) Concurrent Clear Claimed Marks
[4231.727s][info][gc,marking     ] GC(1154) Concurrent Clear Claimed Marks 0.030ms
[4231.727s][info][gc,marking     ] GC(1154) Concurrent Cleanup for Next Mark
[4231.732s][info][gc,marking     ] GC(1154) Concurrent Cleanup for Next Mark 5.280ms
[4231.732s][info][gc             ] GC(1154) Concurrent Mark Cycle 1219.822ms
.[4232.859s][info][gc,start       ] GC(1155) Pause Young (Prepare Mixed) (G1 Evacuation Pause)
[4232.859s][info][gc,task        ] GC(1155) Using 6 workers of 6 for evacuation
[4232.981s][info][gc,phases      ] GC(1155)   Pre Evacuate Collection Set: 0.33ms
[4232.981s][info][gc,phases      ] GC(1155)   Merge Heap Roots: 0.52ms
[4232.981s][info][gc,phases      ] GC(1155)   Evacuate Collection Set: 119.59ms
[4232.981s][info][gc,phases      ] GC(1155)   Post Evacuate Collection Set: 0.97ms
[4232.981s][info][gc,phases      ] GC(1155)   Other: 0.09ms
[4232.981s][info][gc,heap        ] GC(1155) Eden regions: 1116->0(1099)
[4232.981s][info][gc,heap        ] GC(1155) Survivor regions: 112->114(154)
[4232.981s][info][gc,heap        ] GC(1155) Old regions: 507->538
[4232.981s][info][gc,heap        ] GC(1155) Humongous regions: 80->80
[4232.981s][info][gc,metaspace   ] GC(1155) Metaspace: 28911K(29312K)->28911K(29312K) NonClass: 24043K(24256K)->24043K(24256K) Class: 4868K(5056K)->4868K(5056K)
[4232.981s][info][gc             ] GC(1155) Pause Young (Prepare Mixed) (G1 Evacuation Pause) 3629M->1462M(4096M) 121.657ms
[4232.981s][info][gc,cpu         ] GC(1155) User=0.72s Sys=0.01s Real=0.12s
...[4235.326s][info][gc,start       ] GC(1156) Pause Young (Mixed) (G1 Evacuation Pause)
[4235.326s][info][gc,task        ] GC(1156) Using 6 workers of 6 for evacuation
[4235.464s][info][gc,phases      ] GC(1156)   Pre Evacuate Collection Set: 0.36ms
[4235.464s][info][gc,phases      ] GC(1156)   Merge Heap Roots: 0.73ms
[4235.464s][info][gc,phases      ] GC(1156)   Evacuate Collection Set: 136.04ms
[4235.464s][info][gc,phases      ] GC(1156)   Post Evacuate Collection Set: 0.96ms
[4235.464s][info][gc,phases      ] GC(1156)   Other: 0.09ms
[4235.464s][info][gc,heap        ] GC(1156) Eden regions: 1099->0(1116)
[4235.464s][info][gc,heap        ] GC(1156) Survivor regions: 114->112(152)
[4235.464s][info][gc,heap        ] GC(1156) Old regions: 538->475
[4235.464s][info][gc,heap        ] GC(1156) Humongous regions: 80->80
[4235.464s][info][gc,metaspace   ] GC(1156) Metaspace: 28911K(29312K)->28911K(29312K) NonClass: 24043K(24256K)->24043K(24256K) Class: 4868K(5056K)->4868K(5056K)
[4235.464s][info][gc             ] GC(1156) Pause Young (Mixed) (G1 Evacuation Pause) 3660M->1333M(4096M) 138.300ms
[4235.464s][info][gc,cpu         ] GC(1156) User=0.82s Sys=0.00s Real=0.14s
..[4237.817s][info][gc,start       ] GC(1157) Pause Young (Concurrent Start) (G1 Evacuation Pause)
[4237.817s][info][gc,task        ] GC(1157) Using 6 workers of 6 for evacuation
[4237.931s][info][gc,phases      ] GC(1157)   Pre Evacuate Collection Set: 0.39ms
[4237.931s][info][gc,phases      ] GC(1157)   Merge Heap Roots: 0.48ms
[4237.931s][info][gc,phases      ] GC(1157)   Evacuate Collection Set: 112.15ms
[4237.931s][info][gc,phases      ] GC(1157)   Post Evacuate Collection Set: 0.90ms
[4237.931s][info][gc,phases      ] GC(1157)   Other: 0.10ms
[4237.931s][info][gc,heap        ] GC(1157) Eden regions: 1116->0(1120)
[4237.931s][info][gc,heap        ] GC(1157) Survivor regions: 112->108(154)
[4237.931s][info][gc,heap        ] GC(1157) Old regions: 475->507
[4237.931s][info][gc,heap        ] GC(1157) Humongous regions: 80->80
[4237.931s][info][gc,metaspace   ] GC(1157) Metaspace: 28911K(29312K)->28911K(29312K) NonClass: 24043K(24256K)->24043K(24256K) Class: 4868K(5056K)->4868K(5056K)
[4237.931s][info][gc             ] GC(1157) Pause Young (Concurrent Start) (G1 Evacuation Pause) 3565M->1388M(4096M) 114.139ms
[4237.931s][info][gc             ] GC(1158) Concurrent Mark Cycle
[4237.931s][info][gc,marking     ] GC(1158) Concurrent Scan Root Regions
[4237.931s][info][gc,cpu         ] GC(1157) User=0.67s Sys=0.00s Real=0.11s
[4238.064s][info][gc,marking     ] GC(1158) Concurrent Scan Root Regions 132.593ms
[4238.064s][info][gc,marking     ] GC(1158) Concurrent Mark
[4238.064s][info][gc,marking     ] GC(1158) Concurrent Mark From Roots
[4238.064s][info][gc,task        ] GC(1158) Using 2 workers of 2 for marking
.[4238.786s][info][gc,marking     ] GC(1158) Concurrent Mark From Roots 721.954ms
[4238.786s][info][gc,marking     ] GC(1158) Concurrent Preclean
[4238.786s][info][gc,marking     ] GC(1158) Concurrent Preclean 0.117ms
[4238.788s][info][gc,start       ] GC(1158) Pause Remark
[4238.793s][info][gc             ] GC(1158) Pause Remark 2160M->2160M(4096M) 5.077ms
[4238.793s][info][gc,cpu         ] GC(1158) User=0.02s Sys=0.01s Real=0.01s
[4238.793s][info][gc,marking     ] GC(1158) Concurrent Mark 729.384ms
[4238.793s][info][gc,marking     ] GC(1158) Concurrent Rebuild Remembered Sets and Scrub Regions
[4239.058s][info][gc,marking     ] GC(1158) Concurrent Rebuild Remembered Sets and Scrub Regions 264.637ms
[4239.060s][info][gc,start       ] GC(1158) Pause Cleanup
[4239.060s][info][gc             ] GC(1158) Pause Cleanup 2418M->2418M(4096M) 0.144ms
[4239.060s][info][gc,cpu         ] GC(1158) User=0.00s Sys=0.00s Real=0.00s
[4239.060s][info][gc,marking     ] GC(1158) Concurrent Clear Claimed Marks
[4239.060s][info][gc,marking     ] GC(1158) Concurrent Clear Claimed Marks 0.027ms
[4239.060s][info][gc,marking     ] GC(1158) Concurrent Cleanup for Next Mark
[4239.065s][info][gc,marking     ] GC(1158) Concurrent Cleanup for Next Mark 4.548ms
[4239.065s][info][gc             ] GC(1158) Concurrent Mark Cycle 1133.565ms
..[4240.300s][info][gc,start       ] GC(1159) Pause Young (Prepare Mixed) (G1 Evacuation Pause)
[4240.300s][info][gc,task        ] GC(1159) Using 6 workers of 6 for evacuation
[4240.421s][info][gc,phases      ] GC(1159)   Pre Evacuate Collection Set: 0.33ms
[4240.421s][info][gc,phases      ] GC(1159)   Merge Heap Roots: 0.58ms
[4240.421s][info][gc,phases      ] GC(1159)   Evacuate Collection Set: 119.05ms
[4240.421s][info][gc,phases      ] GC(1159)   Post Evacuate Collection Set: 0.93ms
[4240.421s][info][gc,phases      ] GC(1159)   Other: 0.09ms
[4240.421s][info][gc,heap        ] GC(1159) Eden regions: 1120->0(1103)
[4240.421s][info][gc,heap        ] GC(1159) Survivor regions: 108->112(154)
[4240.421s][info][gc,heap        ] GC(1159) Old regions: 507->538
[4240.421s][info][gc,heap        ] GC(1159) Humongous regions: 80->80
[4240.421s][info][gc,metaspace   ] GC(1159) Metaspace: 28911K(29312K)->28911K(29312K) NonClass: 24043K(24256K)->24043K(24256K) Class: 4868K(5056K)->4868K(5056K)
[4240.421s][info][gc             ] GC(1159) Pause Young (Prepare Mixed) (G1 Evacuation Pause) 3628M->1458M(4096M) 121.120ms
[4240.421s][info][gc,cpu         ] GC(1159) User=0.71s Sys=0.00s Real=0.12s
..[4242.738s][info][gc,start       ] GC(1160) Pause Young (Mixed) (G1 Evacuation Pause)
[4242.738s][info][gc,task        ] GC(1160) Using 6 workers of 6 for evacuation
[4242.868s][info][gc,phases      ] GC(1160)   Pre Evacuate Collection Set: 0.40ms
[4242.868s][info][gc,phases      ] GC(1160)   Merge Heap Roots: 0.63ms
[4242.868s][info][gc,phases      ] GC(1160)   Evacuate Collection Set: 128.05ms
[4242.868s][info][gc,phases      ] GC(1160)   Post Evacuate Collection Set: 0.93ms
[4242.868s][info][gc,phases      ] GC(1160)   Other: 0.09ms
[4242.868s][info][gc,heap        ] GC(1160) Eden regions: 1103->0(1120)
[4242.868s][info][gc,heap        ] GC(1160) Survivor regions: 112->108(152)
[4242.868s][info][gc,heap        ] GC(1160) Old regions: 538->475
[4242.868s][info][gc,heap        ] GC(1160) Humongous regions: 80->80
[4242.868s][info][gc,metaspace   ] GC(1160) Metaspace: 28911K(29312K)->28911K(29312K) NonClass: 24043K(24256K)->24043K(24256K) Class: 4868K(5056K)->4868K(5056K)
[4242.868s][info][gc             ] GC(1160) Pause Young (Mixed) (G1 Evacuation Pause) 3664M->1324M(4096M) 130.237ms
[4242.868s][info][gc,cpu         ] GC(1160) User=0.77s Sys=0.00s Real=0.13s
...[4245.266s][info][gc,start       ] GC(1161) Pause Young (Concurrent Start) (G1 Evacuation Pause)
[4245.266s][info][gc,task        ] GC(1161) Using 6 workers of 6 for evacuation
[4245.389s][info][gc,phases      ] GC(1161)   Pre Evacuate Collection Set: 0.37ms
[4245.389s][info][gc,phases      ] GC(1161)   Merge Heap Roots: 0.45ms
[4245.389s][info][gc,phases      ] GC(1161)   Evacuate Collection Set: 120.84ms
[4245.389s][info][gc,phases      ] GC(1161)   Post Evacuate Collection Set: 0.88ms
[4245.389s][info][gc,phases      ] GC(1161)   Other: 0.11ms
[4245.389s][info][gc,heap        ] GC(1161) Eden regions: 1120->0(1114)
[4245.389s][info][gc,heap        ] GC(1161) Survivor regions: 108->114(154)
[4245.389s][info][gc,heap        ] GC(1161) Old regions: 475->507
[4245.389s][info][gc,heap        ] GC(1161) Humongous regions: 80->80
[4245.389s][info][gc,metaspace   ] GC(1161) Metaspace: 28911K(29312K)->28911K(29312K) NonClass: 24043K(24256K)->24043K(24256K) Class: 4868K(5056K)->4868K(5056K)
[4245.389s][info][gc             ] GC(1161) Pause Young (Concurrent Start) (G1 Evacuation Pause) 3564M->1400M(4096M) 122.776ms
[4245.389s][info][gc             ] GC(1162) Concurrent Mark Cycle
[4245.389s][info][gc,marking     ] GC(1162) Concurrent Scan Root Regions
[4245.389s][info][gc,cpu         ] GC(1161) User=0.73s Sys=0.00s Real=0.12s
[4245.567s][info][gc,marking     ] GC(1162) Concurrent Scan Root Regions 177.451ms
[4245.567s][info][gc,marking     ] GC(1162) Concurrent Mark
[4245.567s][info][gc,marking     ] GC(1162) Concurrent Mark From Roots
[4245.567s][info][gc,task        ] GC(1162) Using 2 workers of 2 for marking
.[4246.613s][info][gc,marking     ] GC(1162) Concurrent Mark From Roots 1046.491ms
[4246.613s][info][gc,marking     ] GC(1162) Concurrent Preclean
[4246.613s][info][gc,marking     ] GC(1162) Concurrent Preclean 0.147ms
[4246.614s][info][gc,start       ] GC(1162) Pause Remark
[4246.618s][info][gc             ] GC(1162) Pause Remark 2514M->2514M(4096M) 4.297ms
[4246.618s][info][gc,cpu         ] GC(1162) User=0.02s Sys=0.00s Real=0.00s
[4246.618s][info][gc,marking     ] GC(1162) Concurrent Mark 1051.594ms
[4246.618s][info][gc,marking     ] GC(1162) Concurrent Rebuild Remembered Sets and Scrub Regions
[4247.004s][info][gc,marking     ] GC(1162) Concurrent Rebuild Remembered Sets and Scrub Regions 385.400ms
[4247.007s][info][gc,start       ] GC(1162) Pause Cleanup
[4247.007s][info][gc             ] GC(1162) Pause Cleanup 2962M->2962M(4096M) 0.134ms
[4247.007s][info][gc,cpu         ] GC(1162) User=0.00s Sys=0.00s Real=0.00s
[4247.007s][info][gc,marking     ] GC(1162) Concurrent Clear Claimed Marks
[4247.007s][info][gc,marking     ] GC(1162) Concurrent Clear Claimed Marks 0.037ms
[4247.007s][info][gc,marking     ] GC(1162) Concurrent Cleanup for Next Mark
[4247.011s][info][gc,marking     ] GC(1162) Concurrent Cleanup for Next Mark 4.526ms
[4247.012s][info][gc             ] GC(1162) Concurrent Mark Cycle 1622.289ms
.[4247.674s][info][gc,start       ] GC(1163) Pause Young (Prepare Mixed) (G1 Evacuation Pause)
[4247.674s][info][gc,task        ] GC(1163) Using 6 workers of 6 for evacuation
[4247.794s][info][gc,phases      ] GC(1163)   Pre Evacuate Collection Set: 0.34ms
[4247.794s][info][gc,phases      ] GC(1163)   Merge Heap Roots: 0.53ms
[4247.794s][info][gc,phases      ] GC(1163)   Evacuate Collection Set: 117.79ms
[4247.794s][info][gc,phases      ] GC(1163)   Post Evacuate Collection Set: 0.93ms
[4247.794s][info][gc,phases      ] GC(1163)   Other: 0.09ms
[4247.794s][info][gc,heap        ] GC(1163) Eden regions: 1114->0(1103)
[4247.794s][info][gc,heap        ] GC(1163) Survivor regions: 114->112(154)
[4247.794s][info][gc,heap        ] GC(1163) Old regions: 507->538
[4247.794s][info][gc,heap        ] GC(1163) Humongous regions: 80->80
[4247.794s][info][gc,metaspace   ] GC(1163) Metaspace: 28911K(29312K)->28911K(29312K) NonClass: 24043K(24256K)->24043K(24256K) Class: 4868K(5056K)->4868K(5056K)
[4247.794s][info][gc             ] GC(1163) Pause Young (Prepare Mixed) (G1 Evacuation Pause) 3628M->1458M(4096M) 119.810ms
[4247.794s][info][gc,cpu         ] GC(1163) User=0.71s Sys=0.00s Real=0.12s
..[4250.126s][info][gc,start       ] GC(1164) Pause Young (Mixed) (G1 Evacuation Pause)
[4250.126s][info][gc,task        ] GC(1164) Using 6 workers of 6 for evacuation
[4250.263s][info][gc,phases      ] GC(1164)   Pre Evacuate Collection Set: 0.37ms
[4250.263s][info][gc,phases      ] GC(1164)   Merge Heap Roots: 0.73ms
[4250.263s][info][gc,phases      ] GC(1164)   Evacuate Collection Set: 134.54ms
[4250.263s][info][gc,phases      ] GC(1164)   Post Evacuate Collection Set: 0.94ms
[4250.263s][info][gc,phases      ] GC(1164)   Other: 0.10ms
[4250.263s][info][gc,heap        ] GC(1164) Eden regions: 1103->0(1119)
[4250.263s][info][gc,heap        ] GC(1164) Survivor regions: 112->109(152)
[4250.263s][info][gc,heap        ] GC(1164) Old regions: 538->473
[4250.263s][info][gc,heap        ] GC(1164) Humongous regions: 80->80
[4250.263s][info][gc,metaspace   ] GC(1164) Metaspace: 28911K(29312K)->28911K(29312K) NonClass: 24043K(24256K)->24043K(24256K) Class: 4868K(5056K)->4868K(5056K)
[4250.263s][info][gc             ] GC(1164) Pause Young (Mixed) (G1 Evacuation Pause) 3664M->1322M(4096M) 136.799ms
[4250.263s][info][gc,cpu         ] GC(1164) User=0.81s Sys=0.00s Real=0.13s
...[4252.611s][info][gc,start       ] GC(1165) Pause Young (Concurrent Start) (G1 Evacuation Pause)
[4252.611s][info][gc,task        ] GC(1165) Using 6 workers of 6 for evacuation
[4252.728s][info][gc,phases      ] GC(1165)   Pre Evacuate Collection Set: 0.40ms
[4252.728s][info][gc,phases      ] GC(1165)   Merge Heap Roots: 0.52ms
[4252.728s][info][gc,phases      ] GC(1165)   Evacuate Collection Set: 114.74ms
[4252.728s][info][gc,phases      ] GC(1165)   Post Evacuate Collection Set: 0.89ms
[4252.728s][info][gc,phases      ] GC(1165)   Other: 0.10ms
[4252.728s][info][gc,heap        ] GC(1165) Eden regions: 1119->0(1119)
[4252.728s][info][gc,heap        ] GC(1165) Survivor regions: 109->109(154)
[4252.728s][info][gc,heap        ] GC(1165) Old regions: 473->505
[4252.728s][info][gc,heap        ] GC(1165) Humongous regions: 80->80
[4252.728s][info][gc,metaspace   ] GC(1165) Metaspace: 28911K(29312K)->28911K(29312K) NonClass: 24043K(24256K)->24043K(24256K) Class: 4868K(5056K)->4868K(5056K)
[4252.728s][info][gc             ] GC(1165) Pause Young (Concurrent Start) (G1 Evacuation Pause) 3560M->1386M(4096M) 116.770ms
[4252.728s][info][gc             ] GC(1166) Concurrent Mark Cycle
[4252.728s][info][gc,marking     ] GC(1166) Concurrent Scan Root Regions
[4252.728s][info][gc,cpu         ] GC(1165) User=0.69s Sys=0.00s Real=0.12s
[4252.863s][info][gc,marking     ] GC(1166) Concurrent Scan Root Regions 134.781ms
[4252.863s][info][gc,marking     ] GC(1166) Concurrent Mark
[4252.863s][info][gc,marking     ] GC(1166) Concurrent Mark From Roots
[4252.863s][info][gc,task        ] GC(1166) Using 2 workers of 2 for marking
.[4253.614s][info][gc,marking     ] GC(1166) Concurrent Mark From Roots 751.505ms
[4253.614s][info][gc,marking     ] GC(1166) Concurrent Preclean
[4253.614s][info][gc,marking     ] GC(1166) Concurrent Preclean 0.137ms
[4253.616s][info][gc,start       ] GC(1166) Pause Remark
[4253.621s][info][gc             ] GC(1166) Pause Remark 2154M->2154M(4096M) 4.663ms
[4253.621s][info][gc,cpu         ] GC(1166) User=0.02s Sys=0.00s Real=0.00s
[4253.621s][info][gc,marking     ] GC(1166) Concurrent Mark 758.570ms
[4253.621s][info][gc,marking     ] GC(1166) Concurrent Rebuild Remembered Sets and Scrub Regions
[4253.902s][info][gc,marking     ] GC(1166) Concurrent Rebuild Remembered Sets and Scrub Regions 280.798ms
[4253.903s][info][gc,start       ] GC(1166) Pause Cleanup
[4253.903s][info][gc             ] GC(1166) Pause Cleanup 2442M->2442M(4096M) 0.133ms
[4253.903s][info][gc,cpu         ] GC(1166) User=0.00s Sys=0.00s Real=0.00s
[4253.904s][info][gc,marking     ] GC(1166) Concurrent Clear Claimed Marks
[4253.904s][info][gc,marking     ] GC(1166) Concurrent Clear Claimed Marks 0.042ms
[4253.904s][info][gc,marking     ] GC(1166) Concurrent Cleanup for Next Mark
[4253.910s][info][gc,marking     ] GC(1166) Concurrent Cleanup for Next Mark 5.412ms
[4253.910s][info][gc             ] GC(1166) Concurrent Mark Cycle 1181.975ms
.[4255.073s][info][gc,start       ] GC(1167) Pause Young (Prepare Mixed) (G1 Evacuation Pause)
[4255.073s][info][gc,task        ] GC(1167) Using 6 workers of 6 for evacuation
[4255.199s][info][gc,phases      ] GC(1167)   Pre Evacuate Collection Set: 0.32ms
[4255.199s][info][gc,phases      ] GC(1167)   Merge Heap Roots: 0.55ms
[4255.199s][info][gc,phases      ] GC(1167)   Evacuate Collection Set: 123.41ms
[4255.199s][info][gc,phases      ] GC(1167)   Post Evacuate Collection Set: 0.79ms
[4255.199s][info][gc,phases      ] GC(1167)   Other: 0.08ms
[4255.199s][info][gc,heap        ] GC(1167) Eden regions: 1119->0(1095)
[4255.199s][info][gc,heap        ] GC(1167) Survivor regions: 109->117(154)
[4255.199s][info][gc,heap        ] GC(1167) Old regions: 505->536
[4255.199s][info][gc,heap        ] GC(1167) Humongous regions: 80->80
[4255.199s][info][gc,metaspace   ] GC(1167) Metaspace: 28911K(29312K)->28911K(29312K) NonClass: 24043K(24256K)->24043K(24256K) Class: 4868K(5056K)->4868K(5056K)
[4255.199s][info][gc             ] GC(1167) Pause Young (Prepare Mixed) (G1 Evacuation Pause) 3624M->1465M(4096M) 125.279ms
[4255.199s][info][gc,cpu         ] GC(1167) User=0.74s Sys=0.00s Real=0.12s
...[4257.564s][info][gc,start       ] GC(1168) Pause Young (Mixed) (G1 Evacuation Pause)
[4257.564s][info][gc,task        ] GC(1168) Using 6 workers of 6 for evacuation
[4257.700s][info][gc,phases      ] GC(1168)   Pre Evacuate Collection Set: 0.36ms
[4257.700s][info][gc,phases      ] GC(1168)   Merge Heap Roots: 0.71ms
[4257.700s][info][gc,phases      ] GC(1168)   Evacuate Collection Set: 133.76ms
[4257.700s][info][gc,phases      ] GC(1168)   Post Evacuate Collection Set: 0.95ms
[4257.700s][info][gc,phases      ] GC(1168)   Other: 0.09ms
[4257.700s][info][gc,heap        ] GC(1168) Eden regions: 1095->0(1116)
[4257.700s][info][gc,heap        ] GC(1168) Survivor regions: 117->112(152)
[4257.700s][info][gc,heap        ] GC(1168) Old regions: 536->474
[4257.700s][info][gc,heap        ] GC(1168) Humongous regions: 80->80
[4257.700s][info][gc,metaspace   ] GC(1168) Metaspace: 28911K(29312K)->28911K(29312K) NonClass: 24043K(24256K)->24043K(24256K) Class: 4868K(5056K)->4868K(5056K)
[4257.700s][info][gc             ] GC(1168) Pause Young (Mixed) (G1 Evacuation Pause) 3655M->1330M(4096M) 135.992ms
[4257.700s][info][gc,cpu         ] GC(1168) User=0.81s Sys=0.00s Real=0.13s
..[4260.082s][info][gc,start       ] GC(1169) Pause Young (Concurrent Start) (G1 Evacuation Pause)
[4260.082s][info][gc,task        ] GC(1169) Using 6 workers of 6 for evacuation
[4260.205s][info][gc,phases      ] GC(1169)   Pre Evacuate Collection Set: 0.38ms
[4260.205s][info][gc,phases      ] GC(1169)   Merge Heap Roots: 0.48ms
[4260.205s][info][gc,phases      ] GC(1169)   Evacuate Collection Set: 120.56ms
[4260.205s][info][gc,phases      ] GC(1169)   Post Evacuate Collection Set: 0.87ms
[4260.205s][info][gc,phases      ] GC(1169)   Other: 0.11ms
[4260.205s][info][gc,heap        ] GC(1169) Eden regions: 1116->0(1113)
[4260.205s][info][gc,heap        ] GC(1169) Survivor regions: 112->115(154)
[4260.205s][info][gc,heap        ] GC(1169) Old regions: 474->505
[4260.205s][info][gc,heap        ] GC(1169) Humongous regions: 80->80
[4260.205s][info][gc,metaspace   ] GC(1169) Metaspace: 28911K(29312K)->28911K(29312K) NonClass: 24043K(24256K)->24043K(24256K) Class: 4868K(5056K)->4868K(5056K)
[4260.205s][info][gc             ] GC(1169) Pause Young (Concurrent Start) (G1 Evacuation Pause) 3562M->1398M(4096M) 122.543ms
[4260.205s][info][gc             ] GC(1170) Concurrent Mark Cycle
[4260.205s][info][gc,marking     ] GC(1170) Concurrent Scan Root Regions
[4260.205s][info][gc,cpu         ] GC(1169) User=0.73s Sys=0.00s Real=0.13s
[4260.376s][info][gc,marking     ] GC(1170) Concurrent Scan Root Regions 171.663ms
[4260.376s][info][gc,marking     ] GC(1170) Concurrent Mark
[4260.376s][info][gc,marking     ] GC(1170) Concurrent Mark From Roots
[4260.376s][info][gc,task        ] GC(1170) Using 2 workers of 2 for marking
.[4261.420s][info][gc,marking     ] GC(1170) Concurrent Mark From Roots 1044.095ms
[4261.421s][info][gc,marking     ] GC(1170) Concurrent Preclean
[4261.421s][info][gc,marking     ] GC(1170) Concurrent Preclean 0.147ms
[4261.425s][info][gc,start       ] GC(1170) Pause Remark
[4261.431s][info][gc             ] GC(1170) Pause Remark 2500M->2500M(4096M) 6.513ms
[4261.431s][info][gc,cpu         ] GC(1170) User=0.04s Sys=0.00s Real=0.00s
[4261.431s][info][gc,marking     ] GC(1170) Concurrent Mark 1054.969ms
[4261.431s][info][gc,marking     ] GC(1170) Concurrent Rebuild Remembered Sets and Scrub Regions
. (rIR:aIR:PR = 7610:7633:7633) (tPR = 113630) [OK] 
  4261s: Performance info:
         Transaction,    Success,    Partial,     Failed,   Receipts, AvgBarcode, 
             Overall,     465198,          0,          0,     442053,      59.47, 
         Response times:
             Request,    Success,    Partial,     Failed,   SkipFail,     Probes,    Samples,      min,      p50,      p90,      p95,      p99,      max, 
       TotalPurchase,     442162,          0,          0,          0,     357108,     432478,      300,     6900,    78000,   123000,   199000,   430000,
     InStorePurchase,     233330,          0,          0,          0,     187936,     227724,      300,     6800,    78000,   123000,   200000,   430000,
      OnlinePurchase,     162470,          0,          0,          0,     131560,     159028,      300,     7000,    79000,   124000,   195000,   366000,
        InstPurchase,      46362,          0,          0,          0,      37612,      45726,      400,     6900,    77000,   122000,   211000,   405000,
          AssocOfCat,        464,          0,          0,          0,        372,        530,    19300,    44500,   139600,   188250,   290040,   325000,
      AssocOfProduct,       4627,          0,          0,          0,       4278,       5399,      600,     6800,    74000,   119000,   210000,   354000,
      BusinessReport,       1161,          0,          0,          0,       1018,       1352,    29000,    53000,   162000,   227700,   319000,   660000,
          CustBuyBeh,       4611,          0,          0,          0,       4259,       5352,      200,     6100,    73000,   113000,   201000,   293000,
       ProductReturn,      12282,          0,          0,          0,       9395,      11690,      200,     6400,    75000,   119000,   213000,   405000,

  4261s: (56%)   IR =   7749 [4261.797s][info][gc,marking     ] GC(1170) Concurrent Rebuild Remembered Sets and Scrub Regions 365.882ms
[4261.797s][info][gc,start       ] GC(1170) Pause Cleanup
[4261.798s][info][gc             ] GC(1170) Pause Cleanup 2853M->2853M(4096M) 0.118ms
[4261.798s][info][gc,cpu         ] GC(1170) User=0.00s Sys=0.00s Real=0.00s
[4261.798s][info][gc,marking     ] GC(1170) Concurrent Clear Claimed Marks
[4261.798s][info][gc,marking     ] GC(1170) Concurrent Clear Claimed Marks 0.024ms
[4261.798s][info][gc,marking     ] GC(1170) Concurrent Cleanup for Next Mark
[4261.801s][info][gc,marking     ] GC(1170) Concurrent Cleanup for Next Mark 3.292ms
[4261.801s][info][gc             ] GC(1170) Concurrent Mark Cycle 1596.292ms
[4262.625s][info][gc,start       ] GC(1171) Pause Young (Prepare Mixed) (G1 Evacuation Pause)
[4262.625s][info][gc,task        ] GC(1171) Using 6 workers of 6 for evacuation
[4262.742s][info][gc,phases      ] GC(1171)   Pre Evacuate Collection Set: 0.39ms
[4262.742s][info][gc,phases      ] GC(1171)   Merge Heap Roots: 0.63ms
[4262.742s][info][gc,phases      ] GC(1171)   Evacuate Collection Set: 114.58ms
[4262.742s][info][gc,phases      ] GC(1171)   Post Evacuate Collection Set: 0.94ms
[4262.742s][info][gc,phases      ] GC(1171)   Other: 0.09ms
[4262.742s][info][gc,heap        ] GC(1171) Eden regions: 1113->0(1110)
[4262.742s][info][gc,heap        ] GC(1171) Survivor regions: 115->109(154)
[4262.742s][info][gc,heap        ] GC(1171) Old regions: 505->537
[4262.742s][info][gc,heap        ] GC(1171) Humongous regions: 80->80
[4262.742s][info][gc,metaspace   ] GC(1171) Metaspace: 28911K(29312K)->28911K(29312K) NonClass: 24043K(24256K)->24043K(24256K) Class: 4868K(5056K)->4868K(5056K)
[4262.742s][info][gc             ] GC(1171) Pause Young (Prepare Mixed) (G1 Evacuation Pause) 3624M->1449M(4096M) 116.754ms
[4262.742s][info][gc,cpu         ] GC(1171) User=0.69s Sys=0.00s Real=0.11s
...[4265.012s][info][gc,start       ] GC(1172) Pause Young (Mixed) (G1 Evacuation Pause)
[4265.012s][info][gc,task        ] GC(1172) Using 6 workers of 6 for evacuation
[4265.149s][info][gc,phases      ] GC(1172)   Pre Evacuate Collection Set: 0.40ms
[4265.149s][info][gc,phases      ] GC(1172)   Merge Heap Roots: 0.75ms
[4265.149s][info][gc,phases      ] GC(1172)   Evacuate Collection Set: 134.93ms
[4265.149s][info][gc,phases      ] GC(1172)   Post Evacuate Collection Set: 0.99ms
[4265.149s][info][gc,phases      ] GC(1172)   Other: 0.09ms
[4265.149s][info][gc,heap        ] GC(1172) Eden regions: 1110->0(1116)
[4265.149s][info][gc,heap        ] GC(1172) Survivor regions: 109->112(153)
[4265.149s][info][gc,heap        ] GC(1172) Old regions: 537->475
[4265.149s][info][gc,heap        ] GC(1172) Humongous regions: 80->80
[4265.149s][info][gc,metaspace   ] GC(1172) Metaspace: 28911K(29312K)->28911K(29312K) NonClass: 24043K(24256K)->24043K(24256K) Class: 4868K(5056K)->4868K(5056K)
[4265.150s][info][gc             ] GC(1172) Pause Young (Mixed) (G1 Evacuation Pause) 3669M->1331M(4096M) 137.317ms
[4265.150s][info][gc,cpu         ] GC(1172) User=0.81s Sys=0.00s Real=0.14s
..[4267.477s][info][gc,start       ] GC(1173) Pause Young (Concurrent Start) (G1 Evacuation Pause)
[4267.477s][info][gc,task        ] GC(1173) Using 6 workers of 6 for evacuation
[4267.596s][info][gc,phases      ] GC(1173)   Pre Evacuate Collection Set: 0.39ms
[4267.596s][info][gc,phases      ] GC(1173)   Merge Heap Roots: 0.64ms
[4267.596s][info][gc,phases      ] GC(1173)   Evacuate Collection Set: 117.45ms
[4267.596s][info][gc,phases      ] GC(1173)   Post Evacuate Collection Set: 0.87ms
[4267.596s][info][gc,phases      ] GC(1173)   Other: 0.11ms
[4267.596s][info][gc,heap        ] GC(1173) Eden regions: 1116->0(1115)
[4267.596s][info][gc,heap        ] GC(1173) Survivor regions: 112->113(154)
[4267.596s][info][gc,heap        ] GC(1173) Old regions: 475->506
[4267.596s][info][gc,heap        ] GC(1173) Humongous regions: 80->80
[4267.596s][info][gc,metaspace   ] GC(1173) Metaspace: 28911K(29312K)->28911K(29312K) NonClass: 24043K(24256K)->24043K(24256K) Class: 4868K(5056K)->4868K(5056K)
[4267.596s][info][gc             ] GC(1173) Pause Young (Concurrent Start) (G1 Evacuation Pause) 3563M->1396M(4096M) 119.576ms
[4267.596s][info][gc             ] GC(1174) Concurrent Mark Cycle
[4267.596s][info][gc,marking     ] GC(1174) Concurrent Scan Root Regions
[4267.596s][info][gc,cpu         ] GC(1173) User=0.71s Sys=0.00s Real=0.12s
[4267.774s][info][gc,marking     ] GC(1174) Concurrent Scan Root Regions 177.402ms
[4267.774s][info][gc,marking     ] GC(1174) Concurrent Mark
[4267.774s][info][gc,marking     ] GC(1174) Concurrent Mark From Roots
[4267.774s][info][gc,task        ] GC(1174) Using 2 workers of 2 for marking
.[4268.760s][info][gc,marking     ] GC(1174) Concurrent Mark From Roots 986.216ms
[4268.760s][info][gc,marking     ] GC(1174) Concurrent Preclean
[4268.760s][info][gc,marking     ] GC(1174) Concurrent Preclean 0.152ms
[4268.762s][info][gc,start       ] GC(1174) Pause Remark
[4268.770s][info][gc             ] GC(1174) Pause Remark 2554M->2554M(4096M) 8.098ms
[4268.770s][info][gc,cpu         ] GC(1174) User=0.04s Sys=0.00s Real=0.01s
[4268.770s][info][gc,marking     ] GC(1174) Concurrent Mark 996.125ms
[4268.770s][info][gc,marking     ] GC(1174) Concurrent Rebuild Remembered Sets and Scrub Regions
.[4269.115s][info][gc,marking     ] GC(1174) Concurrent Rebuild Remembered Sets and Scrub Regions 344.622ms
[4269.115s][info][gc,start       ] GC(1174) Pause Cleanup
[4269.115s][info][gc             ] GC(1174) Pause Cleanup 2864M->2864M(4096M) 0.108ms
[4269.115s][info][gc,cpu         ] GC(1174) User=0.00s Sys=0.00s Real=0.00s
[4269.115s][info][gc,marking     ] GC(1174) Concurrent Clear Claimed Marks
[4269.115s][info][gc,marking     ] GC(1174) Concurrent Clear Claimed Marks 0.030ms
[4269.115s][info][gc,marking     ] GC(1174) Concurrent Cleanup for Next Mark
[4269.121s][info][gc,marking     ] GC(1174) Concurrent Cleanup for Next Mark 5.982ms
[4269.121s][info][gc             ] GC(1174) Concurrent Mark Cycle 1525.015ms
.[4269.907s][info][gc,start       ] GC(1175) Pause Young (Prepare Mixed) (G1 Evacuation Pause)
[4269.907s][info][gc,task        ] GC(1175) Using 6 workers of 6 for evacuation
[4270.022s][info][gc,phases      ] GC(1175)   Pre Evacuate Collection Set: 0.38ms
[4270.022s][info][gc,phases      ] GC(1175)   Merge Heap Roots: 0.55ms
[4270.022s][info][gc,phases      ] GC(1175)   Evacuate Collection Set: 113.70ms
[4270.022s][info][gc,phases      ] GC(1175)   Post Evacuate Collection Set: 0.95ms
[4270.022s][info][gc,phases      ] GC(1175)   Other: 0.09ms
[4270.022s][info][gc,heap        ] GC(1175) Eden regions: 1115->0(1109)
[4270.022s][info][gc,heap        ] GC(1175) Survivor regions: 113->109(154)
[4270.022s][info][gc,heap        ] GC(1175) Old regions: 506->538
[4270.022s][info][gc,heap        ] GC(1175) Humongous regions: 80->80
[4270.022s][info][gc,metaspace   ] GC(1175) Metaspace: 28911K(29312K)->28911K(29312K) NonClass: 24043K(24256K)->24043K(24256K) Class: 4868K(5056K)->4868K(5056K)
[4270.022s][info][gc             ] GC(1175) Pause Young (Prepare Mixed) (G1 Evacuation Pause) 3626M->1452M(4096M) 115.805ms
[4270.023s][info][gc,cpu         ] GC(1175) User=0.69s Sys=0.00s Real=0.11s
..[4272.318s][info][gc,start       ] GC(1176) Pause Young (Mixed) (G1 Evacuation Pause)
[4272.318s][info][gc,task        ] GC(1176) Using 6 workers of 6 for evacuation
[4272.452s][info][gc,phases      ] GC(1176)   Pre Evacuate Collection Set: 0.41ms
[4272.452s][info][gc,phases      ] GC(1176)   Merge Heap Roots: 0.66ms
[4272.452s][info][gc,phases      ] GC(1176)   Evacuate Collection Set: 131.26ms
[4272.452s][info][gc,phases      ] GC(1176)   Post Evacuate Collection Set: 0.94ms
[4272.452s][info][gc,phases      ] GC(1176)   Other: 0.09ms
[4272.452s][info][gc,heap        ] GC(1176) Eden regions: 1109->0(1117)
[4272.452s][info][gc,heap        ] GC(1176) Survivor regions: 109->111(153)
[4272.452s][info][gc,heap        ] GC(1176) Old regions: 538->474
[4272.452s][info][gc,heap        ] GC(1176) Humongous regions: 80->80
[4272.452s][info][gc,metaspace   ] GC(1176) Metaspace: 28911K(29312K)->28911K(29312K) NonClass: 24043K(24256K)->24043K(24256K) Class: 4868K(5056K)->4868K(5056K)
[4272.452s][info][gc             ] GC(1176) Pause Young (Mixed) (G1 Evacuation Pause) 3670M->1327M(4096M) 133.505ms
[4272.452s][info][gc,cpu         ] GC(1176) User=0.79s Sys=0.00s Real=0.13s
..[4274.782s][info][gc,start       ] GC(1177) Pause Young (Concurrent Start) (G1 Evacuation Pause)
[4274.782s][info][gc,task        ] GC(1177) Using 6 workers of 6 for evacuation
[4274.900s][info][gc,phases      ] GC(1177)   Pre Evacuate Collection Set: 0.37ms
[4274.900s][info][gc,phases      ] GC(1177)   Merge Heap Roots: 0.47ms
[4274.900s][info][gc,phases      ] GC(1177)   Evacuate Collection Set: 116.86ms
[4274.900s][info][gc,phases      ] GC(1177)   Post Evacuate Collection Set: 0.91ms
[4274.900s][info][gc,phases      ] GC(1177)   Other: 0.11ms
[4274.900s][info][gc,heap        ] GC(1177) Eden regions: 1117->0(1119)
[4274.900s][info][gc,heap        ] GC(1177) Survivor regions: 111->109(154)
[4274.900s][info][gc,heap        ] GC(1177) Old regions: 474->507
[4274.900s][info][gc,heap        ] GC(1177) Humongous regions: 80->80
[4274.900s][info][gc,metaspace   ] GC(1177) Metaspace: 28911K(29312K)->28911K(29312K) NonClass: 24043K(24256K)->24043K(24256K) Class: 4868K(5056K)->4868K(5056K)
[4274.900s][info][gc             ] GC(1177) Pause Young (Concurrent Start) (G1 Evacuation Pause) 3561M->1390M(4096M) 118.857ms
[4274.900s][info][gc             ] GC(1178) Concurrent Mark Cycle
[4274.900s][info][gc,marking     ] GC(1178) Concurrent Scan Root Regions
[4274.901s][info][gc,cpu         ] GC(1177) User=0.70s Sys=0.00s Real=0.12s
.[4275.073s][info][gc,marking     ] GC(1178) Concurrent Scan Root Regions 172.339ms
[4275.073s][info][gc,marking     ] GC(1178) Concurrent Mark
[4275.073s][info][gc,marking     ] GC(1178) Concurrent Mark From Roots
[4275.073s][info][gc,task        ] GC(1178) Using 2 workers of 2 for marking
.|[4276.048s][info][gc,marking     ] GC(1178) Concurrent Mark From Roots 975.396ms
[4276.048s][info][gc,marking     ] GC(1178) Concurrent Preclean
[4276.048s][info][gc,marking     ] GC(1178) Concurrent Preclean 0.117ms
[4276.050s][info][gc,start       ] GC(1178) Pause Remark
[4276.056s][info][gc             ] GC(1178) Pause Remark 2464M->2464M(4096M) 5.948ms
[4276.056s][info][gc,cpu         ] GC(1178) User=0.04s Sys=0.00s Real=0.01s
[4276.056s][info][gc,marking     ] GC(1178) Concurrent Mark 983.170ms
[4276.056s][info][gc,marking     ] GC(1178) Concurrent Rebuild Remembered Sets and Scrub Regions
[4276.324s][info][gc,marking     ] GC(1178) Concurrent Rebuild Remembered Sets and Scrub Regions 268.128ms
[4276.326s][info][gc,start       ] GC(1178) Pause Cleanup
[4276.326s][info][gc             ] GC(1178) Pause Cleanup 2728M->2728M(4096M) 0.126ms
[4276.326s][info][gc,cpu         ] GC(1178) User=0.00s Sys=0.00s Real=0.00s
[4276.326s][info][gc,marking     ] GC(1178) Concurrent Clear Claimed Marks
[4276.326s][info][gc,marking     ] GC(1178) Concurrent Clear Claimed Marks 0.041ms
[4276.326s][info][gc,marking     ] GC(1178) Concurrent Cleanup for Next Mark
[4276.331s][info][gc,marking     ] GC(1178) Concurrent Cleanup for Next Mark 4.899ms
[4276.331s][info][gc             ] GC(1178) Concurrent Mark Cycle 1430.599ms
.[4277.303s][info][gc,start       ] GC(1179) Pause Young (Prepare Mixed) (G1 Evacuation Pause)
[4277.303s][info][gc,task        ] GC(1179) Using 6 workers of 6 for evacuation
[4277.423s][info][gc,phases      ] GC(1179)   Pre Evacuate Collection Set: 0.33ms
[4277.423s][info][gc,phases      ] GC(1179)   Merge Heap Roots: 0.58ms
[4277.423s][info][gc,phases      ] GC(1179)   Evacuate Collection Set: 118.66ms
[4277.423s][info][gc,phases      ] GC(1179)   Post Evacuate Collection Set: 0.91ms
[4277.423s][info][gc,phases      ] GC(1179)   Other: 0.10ms
[4277.423s][info][gc,heap        ] GC(1179) Eden regions: 1119->0(1102)
[4277.423s][info][gc,heap        ] GC(1179) Survivor regions: 109->112(154)
[4277.423s][info][gc,heap        ] GC(1179) Old regions: 507->539
[4277.423s][info][gc,heap        ] GC(1179) Humongous regions: 80->80
[4277.423s][info][gc,metaspace   ] GC(1179) Metaspace: 28911K(29312K)->28911K(29312K) NonClass: 24043K(24256K)->24043K(24256K) Class: 4868K(5056K)->4868K(5056K)
[4277.423s][info][gc             ] GC(1179) Pause Young (Prepare Mixed) (G1 Evacuation Pause) 3628M->1459M(4096M) 120.728ms
[4277.423s][info][gc,cpu         ] GC(1179) User=0.72s Sys=0.00s Real=0.13s
..[4279.717s][info][gc,start       ] GC(1180) Pause Young (Mixed) (G1 Evacuation Pause)
[4279.717s][info][gc,task        ] GC(1180) Using 6 workers of 6 for evacuation
[4279.852s][info][gc,phases      ] GC(1180)   Pre Evacuate Collection Set: 0.41ms
[4279.852s][info][gc,phases      ] GC(1180)   Merge Heap Roots: 0.71ms
[4279.852s][info][gc,phases      ] GC(1180)   Evacuate Collection Set: 132.98ms
[4279.852s][info][gc,phases      ] GC(1180)   Post Evacuate Collection Set: 0.97ms
[4279.852s][info][gc,phases      ] GC(1180)   Other: 0.09ms
[4279.852s][info][gc,heap        ] GC(1180) Eden regions: 1102->0(1118)
[4279.852s][info][gc,heap        ] GC(1180) Survivor regions: 112->110(152)
[4279.852s][info][gc,heap        ] GC(1180) Old regions: 539->474
[4279.852s][info][gc,heap        ] GC(1180) Humongous regions: 80->80
[4279.852s][info][gc,metaspace   ] GC(1180) Metaspace: 28911K(29312K)->28911K(29312K) NonClass: 24043K(24256K)->24043K(24256K) Class: 4868K(5056K)->4868K(5056K)
[4279.852s][info][gc             ] GC(1180) Pause Young (Mixed) (G1 Evacuation Pause) 3663M->1326M(4096M) 135.300ms
[4279.852s][info][gc,cpu         ] GC(1180) User=0.80s Sys=0.00s Real=0.13s
...[4282.109s][info][gc,start       ] GC(1181) Pause Young (Concurrent Start) (G1 Evacuation Pause)
[4282.109s][info][gc,task        ] GC(1181) Using 6 workers of 6 for evacuation
[4282.228s][info][gc,phases      ] GC(1181)   Pre Evacuate Collection Set: 0.40ms
[4282.228s][info][gc,phases      ] GC(1181)   Merge Heap Roots: 0.45ms
[4282.228s][info][gc,phases      ] GC(1181)   Evacuate Collection Set: 117.24ms
[4282.228s][info][gc,phases      ] GC(1181)   Post Evacuate Collection Set: 0.88ms
[4282.228s][info][gc,phases      ] GC(1181)   Other: 0.11ms
[4282.228s][info][gc,heap        ] GC(1181) Eden regions: 1118->0(1117)
[4282.228s][info][gc,heap        ] GC(1181) Survivor regions: 110->111(154)
[4282.228s][info][gc,heap        ] GC(1181) Old regions: 474->506
[4282.228s][info][gc,heap        ] GC(1181) Humongous regions: 80->80
[4282.228s][info][gc,metaspace   ] GC(1181) Metaspace: 28911K(29312K)->28911K(29312K) NonClass: 24043K(24256K)->24043K(24256K) Class: 4868K(5056K)->4868K(5056K)
[4282.228s][info][gc             ] GC(1181) Pause Young (Concurrent Start) (G1 Evacuation Pause) 3562M->1393M(4096M) 119.204ms
[4282.228s][info][gc             ] GC(1182) Concurrent Mark Cycle
[4282.228s][info][gc,marking     ] GC(1182) Concurrent Scan Root Regions
[4282.228s][info][gc,cpu         ] GC(1181) User=0.71s Sys=0.00s Real=0.12s
[4282.438s][info][gc,marking     ] GC(1182) Concurrent Scan Root Regions 210.557ms
[4282.439s][info][gc,marking     ] GC(1182) Concurrent Mark
[4282.439s][info][gc,marking     ] GC(1182) Concurrent Mark From Roots
[4282.439s][info][gc,task        ] GC(1182) Using 2 workers of 2 for marking
.[4283.454s][info][gc,marking     ] GC(1182) Concurrent Mark From Roots 1015.117ms
[4283.454s][info][gc,marking     ] GC(1182) Concurrent Preclean
[4283.454s][info][gc,marking     ] GC(1182) Concurrent Preclean 0.132ms
[4283.457s][info][gc,start       ] GC(1182) Pause Remark
[4283.464s][info][gc             ] GC(1182) Pause Remark 2549M->2549M(4096M) 7.452ms
[4283.465s][info][gc,cpu         ] GC(1182) User=0.04s Sys=0.00s Real=0.01s
[4283.465s][info][gc,marking     ] GC(1182) Concurrent Mark 1026.067ms
[4283.465s][info][gc,marking     ] GC(1182) Concurrent Rebuild Remembered Sets and Scrub Regions
[4283.752s][info][gc,marking     ] GC(1182) Concurrent Rebuild Remembered Sets and Scrub Regions 286.886ms
[4283.752s][info][gc,start       ] GC(1182) Pause Cleanup
[4283.752s][info][gc             ] GC(1182) Pause Cleanup 2819M->2819M(4096M) 0.125ms
[4283.752s][info][gc,cpu         ] GC(1182) User=0.00s Sys=0.00s Real=0.00s
[4283.752s][info][gc,marking     ] GC(1182) Concurrent Clear Claimed Marks
[4283.752s][info][gc,marking     ] GC(1182) Concurrent Clear Claimed Marks 0.025ms
[4283.752s][info][gc,marking     ] GC(1182) Concurrent Cleanup for Next Mark
[4283.760s][info][gc,marking     ] GC(1182) Concurrent Cleanup for Next Mark 7.860ms
[4283.760s][info][gc             ] GC(1182) Concurrent Mark Cycle 1532.084ms
.[4284.621s][info][gc,start       ] GC(1183) Pause Young (Prepare Mixed) (G1 Evacuation Pause)
[4284.621s][info][gc,task        ] GC(1183) Using 6 workers of 6 for evacuation
[4284.737s][info][gc,phases      ] GC(1183)   Pre Evacuate Collection Set: 0.34ms
[4284.737s][info][gc,phases      ] GC(1183)   Merge Heap Roots: 0.59ms
[4284.737s][info][gc,phases      ] GC(1183)   Evacuate Collection Set: 113.95ms
[4284.737s][info][gc,phases      ] GC(1183)   Post Evacuate Collection Set: 0.93ms
[4284.737s][info][gc,phases      ] GC(1183)   Other: 0.10ms
[4284.737s][info][gc,heap        ] GC(1183) Eden regions: 1117->0(1109)
[4284.737s][info][gc,heap        ] GC(1183) Survivor regions: 111->109(154)
[4284.737s][info][gc,heap        ] GC(1183) Old regions: 506->538
[4284.737s][info][gc,heap        ] GC(1183) Humongous regions: 80->80
[4284.737s][info][gc,metaspace   ] GC(1183) Metaspace: 28911K(29312K)->28911K(29312K) NonClass: 24043K(24256K)->24043K(24256K) Class: 4868K(5056K)->4868K(5056K)
[4284.737s][info][gc             ] GC(1183) Pause Young (Prepare Mixed) (G1 Evacuation Pause) 3627M->1451M(4096M) 116.023ms
[4284.737s][info][gc,cpu         ] GC(1183) User=0.69s Sys=0.00s Real=0.12s
..[4287.018s][info][gc,start       ] GC(1184) Pause Young (Mixed) (G1 Evacuation Pause)
[4287.018s][info][gc,task        ] GC(1184) Using 6 workers of 6 for evacuation
[4287.162s][info][gc,phases      ] GC(1184)   Pre Evacuate Collection Set: 0.37ms
[4287.162s][info][gc,phases      ] GC(1184)   Merge Heap Roots: 0.74ms
[4287.162s][info][gc,phases      ] GC(1184)   Evacuate Collection Set: 141.95ms
[4287.162s][info][gc,phases      ] GC(1184)   Post Evacuate Collection Set: 0.96ms
[4287.162s][info][gc,phases      ] GC(1184)   Other: 0.09ms
[4287.162s][info][gc,heap        ] GC(1184) Eden regions: 1109->0(1114)
[4287.162s][info][gc,heap        ] GC(1184) Survivor regions: 109->114(153)
[4287.162s][info][gc,heap        ] GC(1184) Old regions: 538->474
[4287.162s][info][gc,heap        ] GC(1184) Humongous regions: 80->80
[4287.162s][info][gc,metaspace   ] GC(1184) Metaspace: 28911K(29312K)->28911K(29312K) NonClass: 24043K(24256K)->24043K(24256K) Class: 4868K(5056K)->4868K(5056K)
[4287.162s][info][gc             ] GC(1184) Pause Young (Mixed) (G1 Evacuation Pause) 3669M->1334M(4096M) 144.242ms
[4287.162s][info][gc,cpu         ] GC(1184) User=0.85s Sys=0.00s Real=0.14s
...[4289.406s][info][gc,start       ] GC(1185) Pause Young (Concurrent Start) (G1 Evacuation Pause)
[4289.406s][info][gc,task        ] GC(1185) Using 6 workers of 6 for evacuation
[4289.527s][info][gc,phases      ] GC(1185)   Pre Evacuate Collection Set: 0.38ms
[4289.527s][info][gc,phases      ] GC(1185)   Merge Heap Roots: 0.47ms
[4289.527s][info][gc,phases      ] GC(1185)   Evacuate Collection Set: 118.91ms
[4289.527s][info][gc,phases      ] GC(1185)   Post Evacuate Collection Set: 0.87ms
[4289.527s][info][gc,phases      ] GC(1185)   Other: 0.13ms
[4289.527s][info][gc,heap        ] GC(1185) Eden regions: 1114->0(1115)
[4289.527s][info][gc,heap        ] GC(1185) Survivor regions: 114->113(154)
[4289.527s][info][gc,heap        ] GC(1185) Old regions: 474->505
[4289.527s][info][gc,heap        ] GC(1185) Humongous regions: 80->80
[4289.527s][info][gc,metaspace   ] GC(1185) Metaspace: 28911K(29312K)->28911K(29312K) NonClass: 24043K(24256K)->24043K(24256K) Class: 4868K(5056K)->4868K(5056K)
[4289.527s][info][gc             ] GC(1185) Pause Young (Concurrent Start) (G1 Evacuation Pause) 3562M->1394M(4096M) 120.902ms
[4289.527s][info][gc             ] GC(1186) Concurrent Mark Cycle
[4289.527s][info][gc,marking     ] GC(1186) Concurrent Scan Root Regions
[4289.527s][info][gc,cpu         ] GC(1185) User=0.72s Sys=0.00s Real=0.12s
[4289.702s][info][gc,marking     ] GC(1186) Concurrent Scan Root Regions 174.419ms
[4289.702s][info][gc,marking     ] GC(1186) Concurrent Mark
[4289.702s][info][gc,marking     ] GC(1186) Concurrent Mark From Roots
[4289.702s][info][gc,task        ] GC(1186) Using 2 workers of 2 for marking
.[4290.697s][info][gc,marking     ] GC(1186) Concurrent Mark From Roots 995.115ms
[4290.697s][info][gc,marking     ] GC(1186) Concurrent Preclean
[4290.697s][info][gc,marking     ] GC(1186) Concurrent Preclean 0.152ms
[4290.699s][info][gc,start       ] GC(1186) Pause Remark
[4290.704s][info][gc             ] GC(1186) Pause Remark 2464M->2464M(4096M) 4.728ms
[4290.704s][info][gc,cpu         ] GC(1186) User=0.03s Sys=0.00s Real=0.01s
[4290.705s][info][gc,marking     ] GC(1186) Concurrent Mark 1003.140ms
[4290.705s][info][gc,marking     ] GC(1186) Concurrent Rebuild Remembered Sets and Scrub Regions
[4291.074s][info][gc,marking     ] GC(1186) Concurrent Rebuild Remembered Sets and Scrub Regions 369.223ms
[4291.075s][info][gc,start       ] GC(1186) Pause Cleanup
[4291.075s][info][gc             ] GC(1186) Pause Cleanup 2862M->2862M(4096M) 0.119ms
[4291.075s][info][gc,cpu         ] GC(1186) User=0.00s Sys=0.00s Real=0.00s
[4291.075s][info][gc,marking     ] GC(1186) Concurrent Clear Claimed Marks
[4291.075s][info][gc,marking     ] GC(1186) Concurrent Clear Claimed Marks 0.034ms
[4291.075s][info][gc,marking     ] GC(1186) Concurrent Cleanup for Next Mark
[4291.080s][info][gc,marking     ] GC(1186) Concurrent Cleanup for Next Mark 4.602ms
[4291.080s][info][gc             ] GC(1186) Concurrent Mark Cycle 1552.705ms
.[4291.830s][info][gc,start       ] GC(1187) Pause Young (Prepare Mixed) (G1 Evacuation Pause)
[4291.830s][info][gc,task        ] GC(1187) Using 6 workers of 6 for evacuation
[4291.951s][info][gc,phases      ] GC(1187)   Pre Evacuate Collection Set: 0.33ms
[4291.951s][info][gc,phases      ] GC(1187)   Merge Heap Roots: 0.55ms
[4291.951s][info][gc,phases      ] GC(1187)   Evacuate Collection Set: 119.27ms
[4291.951s][info][gc,phases      ] GC(1187)   Post Evacuate Collection Set: 0.94ms
[4291.951s][info][gc,phases      ] GC(1187)   Other: 0.10ms
[4291.951s][info][gc,heap        ] GC(1187) Eden regions: 1115->0(1107)
[4291.951s][info][gc,heap        ] GC(1187) Survivor regions: 113->111(154)
[4291.951s][info][gc,heap        ] GC(1187) Old regions: 505->536
[4291.951s][info][gc,heap        ] GC(1187) Humongous regions: 80->80
[4291.951s][info][gc,metaspace   ] GC(1187) Metaspace: 28911K(29312K)->28911K(29312K) NonClass: 24043K(24256K)->24043K(24256K) Class: 4868K(5056K)->4868K(5056K)
[4291.951s][info][gc             ] GC(1187) Pause Young (Prepare Mixed) (G1 Evacuation Pause) 3624M->1452M(4096M) 121.313ms
[4291.952s][info][gc,cpu         ] GC(1187) User=0.72s Sys=0.00s Real=0.12s
...[4294.248s][info][gc,start       ] GC(1188) Pause Young (Mixed) (G1 Evacuation Pause)
[4294.248s][info][gc,task        ] GC(1188) Using 6 workers of 6 for evacuation
[4294.381s][info][gc,phases      ] GC(1188)   Pre Evacuate Collection Set: 0.39ms
[4294.381s][info][gc,phases      ] GC(1188)   Merge Heap Roots: 0.68ms
[4294.381s][info][gc,phases      ] GC(1188)   Evacuate Collection Set: 131.50ms
[4294.381s][info][gc,phases      ] GC(1188)   Post Evacuate Collection Set: 0.94ms
[4294.381s][info][gc,phases      ] GC(1188)   Other: 0.09ms
[4294.381s][info][gc,heap        ] GC(1188) Eden regions: 1107->0(1118)
[4294.381s][info][gc,heap        ] GC(1188) Survivor regions: 111->110(153)
[4294.381s][info][gc,heap        ] GC(1188) Old regions: 536->473
[4294.381s][info][gc,heap        ] GC(1188) Humongous regions: 80->80
[4294.381s][info][gc,metaspace   ] GC(1188) Metaspace: 28911K(29312K)->28911K(29312K) NonClass: 24043K(24256K)->24043K(24256K) Class: 4868K(5056K)->4868K(5056K)
[4294.381s][info][gc             ] GC(1188) Pause Young (Mixed) (G1 Evacuation Pause) 3666M->1324M(4096M) 133.739ms
[4294.382s][info][gc,cpu         ] GC(1188) User=0.79s Sys=0.00s Real=0.13s
..[4296.705s][info][gc,start       ] GC(1189) Pause Young (Concurrent Start) (G1 Evacuation Pause)
[4296.705s][info][gc,task        ] GC(1189) Using 6 workers of 6 for evacuation
[4296.822s][info][gc,phases      ] GC(1189)   Pre Evacuate Collection Set: 0.42ms
[4296.822s][info][gc,phases      ] GC(1189)   Merge Heap Roots: 0.52ms
[4296.822s][info][gc,phases      ] GC(1189)   Evacuate Collection Set: 114.64ms
[4296.822s][info][gc,phases      ] GC(1189)   Post Evacuate Collection Set: 0.91ms
[4296.822s][info][gc,phases      ] GC(1189)   Other: 0.12ms
[4296.822s][info][gc,heap        ] GC(1189) Eden regions: 1118->0(1120)
[4296.822s][info][gc,heap        ] GC(1189) Survivor regions: 110->108(154)
[4296.822s][info][gc,heap        ] GC(1189) Old regions: 473->504
[4296.822s][info][gc,heap        ] GC(1189) Humongous regions: 80->80
[4296.822s][info][gc,metaspace   ] GC(1189) Metaspace: 28911K(29312K)->28911K(29312K) NonClass: 24043K(24256K)->24043K(24256K) Class: 4868K(5056K)->4868K(5056K)
[4296.822s][info][gc             ] GC(1189) Pause Young (Concurrent Start) (G1 Evacuation Pause) 3560M->1381M(4096M) 116.741ms
[4296.822s][info][gc             ] GC(1190) Concurrent Mark Cycle
[4296.822s][info][gc,marking     ] GC(1190) Concurrent Scan Root Regions
[4296.822s][info][gc,cpu         ] GC(1189) User=0.69s Sys=0.00s Real=0.11s
[4296.996s][info][gc,marking     ] GC(1190) Concurrent Scan Root Regions 173.938ms
[4296.996s][info][gc,marking     ] GC(1190) Concurrent Mark
[4296.996s][info][gc,marking     ] GC(1190) Concurrent Mark From Roots
[4296.996s][info][gc,task        ] GC(1190) Using 2 workers of 2 for marking
.[4298.037s][info][gc,marking     ] GC(1190) Concurrent Mark From Roots 1041.060ms
[4298.037s][info][gc,marking     ] GC(1190) Concurrent Preclean
[4298.037s][info][gc,marking     ] GC(1190) Concurrent Preclean 0.099ms
[4298.038s][info][gc,start       ] GC(1190) Pause Remark
[4298.042s][info][gc             ] GC(1190) Pause Remark 2591M->2591M(4096M) 4.371ms
[4298.042s][info][gc,cpu         ] GC(1190) User=0.02s Sys=0.00s Real=0.00s
[4298.042s][info][gc,marking     ] GC(1190) Concurrent Mark 1045.805ms
[4298.042s][info][gc,marking     ] GC(1190) Concurrent Rebuild Remembered Sets and Scrub Regions
.[4298.427s][info][gc,marking     ] GC(1190) Concurrent Rebuild Remembered Sets and Scrub Regions 385.288ms
[4298.428s][info][gc,start       ] GC(1190) Pause Cleanup
[4298.428s][info][gc             ] GC(1190) Pause Cleanup 2939M->2939M(4096M) 0.125ms
[4298.429s][info][gc,cpu         ] GC(1190) User=0.01s Sys=0.00s Real=0.00s
[4298.429s][info][gc,marking     ] GC(1190) Concurrent Clear Claimed Marks
[4298.429s][info][gc,marking     ] GC(1190) Concurrent Clear Claimed Marks 0.036ms
[4298.429s][info][gc,marking     ] GC(1190) Concurrent Cleanup for Next Mark
[4298.434s][info][gc,marking     ] GC(1190) Concurrent Cleanup for Next Mark 5.201ms
[4298.434s][info][gc             ] GC(1190) Concurrent Mark Cycle 1611.743ms
[4299.074s][info][gc,start       ] GC(1191) Pause Young (Prepare Mixed) (G1 Evacuation Pause)
[4299.074s][info][gc,task        ] GC(1191) Using 6 workers of 6 for evacuation
[4299.191s][info][gc,phases      ] GC(1191)   Pre Evacuate Collection Set: 0.34ms
[4299.191s][info][gc,phases      ] GC(1191)   Merge Heap Roots: 0.54ms
[4299.191s][info][gc,phases      ] GC(1191)   Evacuate Collection Set: 114.89ms
[4299.191s][info][gc,phases      ] GC(1191)   Post Evacuate Collection Set: 0.93ms
[4299.191s][info][gc,phases      ] GC(1191)   Other: 0.09ms
[4299.191s][info][gc,heap        ] GC(1191) Eden regions: 1120->0(1108)
[4299.191s][info][gc,heap        ] GC(1191) Survivor regions: 108->111(154)
[4299.191s][info][gc,heap        ] GC(1191) Old regions: 504->535
[4299.191s][info][gc,heap        ] GC(1191) Humongous regions: 80->80
[4299.191s][info][gc,metaspace   ] GC(1191) Metaspace: 28911K(29312K)->28911K(29312K) NonClass: 24043K(24256K)->24043K(24256K) Class: 4868K(5056K)->4868K(5056K)
[4299.191s][info][gc             ] GC(1191) Pause Young (Prepare Mixed) (G1 Evacuation Pause) 3621M->1451M(4096M) 116.926ms
[4299.191s][info][gc,cpu         ] GC(1191) User=0.69s Sys=0.00s Real=0.11s
...[4301.542s][info][gc,start       ] GC(1192) Pause Young (Mixed) (G1 Evacuation Pause)
[4301.542s][info][gc,task        ] GC(1192) Using 6 workers of 6 for evacuation
[4301.678s][info][gc,phases      ] GC(1192)   Pre Evacuate Collection Set: 0.38ms
[4301.678s][info][gc,phases      ] GC(1192)   Merge Heap Roots: 0.82ms
[4301.678s][info][gc,phases      ] GC(1192)   Evacuate Collection Set: 134.17ms
[4301.678s][info][gc,phases      ] GC(1192)   Post Evacuate Collection Set: 0.96ms
[4301.678s][info][gc,phases      ] GC(1192)   Other: 0.09ms
[4301.678s][info][gc,heap        ] GC(1192) Eden regions: 1108->0(1116)
[4301.678s][info][gc,heap        ] GC(1192) Survivor regions: 111->112(153)
[4301.678s][info][gc,heap        ] GC(1192) Old regions: 535->473
[4301.678s][info][gc,heap        ] GC(1192) Humongous regions: 80->80
[4301.678s][info][gc,metaspace   ] GC(1192) Metaspace: 28911K(29312K)->28911K(29312K) NonClass: 24043K(24256K)->24043K(24256K) Class: 4868K(5056K)->4868K(5056K)
[4301.678s][info][gc             ] GC(1192) Pause Young (Mixed) (G1 Evacuation Pause) 3667M->1329M(4096M) 136.551ms
[4301.679s][info][gc,cpu         ] GC(1192) User=0.81s Sys=0.00s Real=0.14s
..[4303.997s][info][gc,start       ] GC(1193) Pause Young (Concurrent Start) (G1 Evacuation Pause)
[4303.997s][info][gc,task        ] GC(1193) Using 6 workers of 6 for evacuation
[4304.115s][info][gc,phases      ] GC(1193)   Pre Evacuate Collection Set: 0.40ms
[4304.115s][info][gc,phases      ] GC(1193)   Merge Heap Roots: 0.49ms
[4304.115s][info][gc,phases      ] GC(1193)   Evacuate Collection Set: 116.59ms
[4304.115s][info][gc,phases      ] GC(1193)   Post Evacuate Collection Set: 0.90ms
[4304.115s][info][gc,phases      ] GC(1193)   Other: 0.10ms
[4304.115s][info][gc,heap        ] GC(1193) Eden regions: 1116->0(1119)
[4304.115s][info][gc,heap        ] GC(1193) Survivor regions: 112->109(154)
[4304.115s][info][gc,heap        ] GC(1193) Old regions: 473->505
[4304.115s][info][gc,heap        ] GC(1193) Humongous regions: 80->80
[4304.115s][info][gc,metaspace   ] GC(1193) Metaspace: 28911K(29312K)->28911K(29312K) NonClass: 24043K(24256K)->24043K(24256K) Class: 4868K(5056K)->4868K(5056K)
[4304.115s][info][gc             ] GC(1193) Pause Young (Concurrent Start) (G1 Evacuation Pause) 3561M->1387M(4096M) 118.627ms
[4304.115s][info][gc             ] GC(1194) Concurrent Mark Cycle
[4304.115s][info][gc,marking     ] GC(1194) Concurrent Scan Root Regions
[4304.115s][info][gc,cpu         ] GC(1193) User=0.70s Sys=0.00s Real=0.12s
[4304.288s][info][gc,marking     ] GC(1194) Concurrent Scan Root Regions 172.487ms
[4304.288s][info][gc,marking     ] GC(1194) Concurrent Mark
[4304.288s][info][gc,marking     ] GC(1194) Concurrent Mark From Roots
[4304.288s][info][gc,task        ] GC(1194) Using 2 workers of 2 for marking
.[4305.243s][info][gc,marking     ] GC(1194) Concurrent Mark From Roots 955.060ms
[4305.243s][info][gc,marking     ] GC(1194) Concurrent Preclean
[4305.243s][info][gc,marking     ] GC(1194) Concurrent Preclean 0.150ms
[4305.243s][info][gc,start       ] GC(1194) Pause Remark
[4305.250s][info][gc             ] GC(1194) Pause Remark 2467M->2467M(4096M) 6.453ms
[4305.250s][info][gc,cpu         ] GC(1194) User=0.04s Sys=0.00s Real=0.00s
[4305.250s][info][gc,marking     ] GC(1194) Concurrent Mark 962.094ms
[4305.250s][info][gc,marking     ] GC(1194) Concurrent Rebuild Remembered Sets and Scrub Regions
.[4305.663s][info][gc,marking     ] GC(1194) Concurrent Rebuild Remembered Sets and Scrub Regions 412.506ms
[4305.664s][info][gc,start       ] GC(1194) Pause Cleanup
[4305.665s][info][gc             ] GC(1194) Pause Cleanup 2873M->2873M(4096M) 0.121ms
[4305.665s][info][gc,cpu         ] GC(1194) User=0.00s Sys=0.00s Real=0.00s
[4305.665s][info][gc,marking     ] GC(1194) Concurrent Clear Claimed Marks
[4305.665s][info][gc,marking     ] GC(1194) Concurrent Clear Claimed Marks 0.034ms
[4305.665s][info][gc,marking     ] GC(1194) Concurrent Cleanup for Next Mark
[4305.704s][info][gc,marking     ] GC(1194) Concurrent Cleanup for Next Mark 38.970ms
[4305.704s][info][gc             ] GC(1194) Concurrent Mark Cycle 1588.580ms
[4306.372s][info][gc,start       ] GC(1195) Pause Young (Prepare Mixed) (G1 Evacuation Pause)
[4306.372s][info][gc,task        ] GC(1195) Using 6 workers of 6 for evacuation
[4306.498s][info][gc,phases      ] GC(1195)   Pre Evacuate Collection Set: 0.34ms
[4306.498s][info][gc,phases      ] GC(1195)   Merge Heap Roots: 0.52ms
[4306.498s][info][gc,phases      ] GC(1195)   Evacuate Collection Set: 123.65ms
[4306.498s][info][gc,phases      ] GC(1195)   Post Evacuate Collection Set: 0.94ms
[4306.498s][info][gc,phases      ] GC(1195)   Other: 0.09ms
[4306.498s][info][gc,heap        ] GC(1195) Eden regions: 1119->0(1098)
[4306.498s][info][gc,heap        ] GC(1195) Survivor regions: 109->115(154)
[4306.498s][info][gc,heap        ] GC(1195) Old regions: 505->537
[4306.498s][info][gc,heap        ] GC(1195) Humongous regions: 80->80
[4306.498s][info][gc,metaspace   ] GC(1195) Metaspace: 28911K(29312K)->28911K(29312K) NonClass: 24043K(24256K)->24043K(24256K) Class: 4868K(5056K)->4868K(5056K)
[4306.498s][info][gc             ] GC(1195) Pause Young (Prepare Mixed) (G1 Evacuation Pause) 3625M->1463M(4096M) 125.663ms
[4306.498s][info][gc,cpu         ] GC(1195) User=0.74s Sys=0.00s Real=0.13s
...[4308.789s][info][gc,start       ] GC(1196) Pause Young (Mixed) (G1 Evacuation Pause)
[4308.789s][info][gc,task        ] GC(1196) Using 6 workers of 6 for evacuation
[4308.920s][info][gc,phases      ] GC(1196)   Pre Evacuate Collection Set: 0.40ms
[4308.920s][info][gc,phases      ] GC(1196)   Merge Heap Roots: 0.75ms
[4308.920s][info][gc,phases      ] GC(1196)   Evacuate Collection Set: 128.97ms
[4308.920s][info][gc,phases      ] GC(1196)   Post Evacuate Collection Set: 0.94ms
[4308.920s][info][gc,phases      ] GC(1196)   Other: 0.09ms
[4308.920s][info][gc,heap        ] GC(1196) Eden regions: 1098->0(1120)
[4308.920s][info][gc,heap        ] GC(1196) Survivor regions: 115->108(152)
[4308.920s][info][gc,heap        ] GC(1196) Old regions: 537->475
[4308.920s][info][gc,heap        ] GC(1196) Humongous regions: 80->80
[4308.920s][info][gc,metaspace   ] GC(1196) Metaspace: 28911K(29312K)->28911K(29312K) NonClass: 24043K(24256K)->24043K(24256K) Class: 4868K(5056K)->4868K(5056K)
[4308.920s][info][gc             ] GC(1196) Pause Young (Mixed) (G1 Evacuation Pause) 3659M->1323M(4096M) 131.296ms
[4308.920s][info][gc,cpu         ] GC(1196) User=0.77s Sys=0.00s Real=0.13s
..[4311.234s][info][gc,start       ] GC(1197) Pause Young (Concurrent Start) (G1 Evacuation Pause)
[4311.234s][info][gc,task        ] GC(1197) Using 6 workers of 6 for evacuation
[4311.351s][info][gc,phases      ] GC(1197)   Pre Evacuate Collection Set: 0.42ms
[4311.351s][info][gc,phases      ] GC(1197)   Merge Heap Roots: 0.56ms
[4311.351s][info][gc,phases      ] GC(1197)   Evacuate Collection Set: 114.68ms
[4311.351s][info][gc,phases      ] GC(1197)   Post Evacuate Collection Set: 0.88ms
[4311.351s][info][gc,phases      ] GC(1197)   Other: 0.13ms
[4311.351s][info][gc,heap        ] GC(1197) Eden regions: 1120->0(1117)
[4311.351s][info][gc,heap        ] GC(1197) Survivor regions: 108->111(154)
[4311.351s][info][gc,heap        ] GC(1197) Old regions: 475->506
[4311.351s][info][gc,heap        ] GC(1197) Humongous regions: 80->80
[4311.351s][info][gc,metaspace   ] GC(1197) Metaspace: 28911K(29312K)->28911K(29312K) NonClass: 24043K(24256K)->24043K(24256K) Class: 4868K(5056K)->4868K(5056K)
[4311.351s][info][gc             ] GC(1197) Pause Young (Concurrent Start) (G1 Evacuation Pause) 3563M->1391M(4096M) 116.832ms
[4311.351s][info][gc             ] GC(1198) Concurrent Mark Cycle
[4311.351s][info][gc,marking     ] GC(1198) Concurrent Scan Root Regions
[4311.351s][info][gc,cpu         ] GC(1197) User=0.69s Sys=0.00s Real=0.11s
[4311.530s][info][gc,marking     ] GC(1198) Concurrent Scan Root Regions 178.592ms
[4311.530s][info][gc,marking     ] GC(1198) Concurrent Mark
[4311.530s][info][gc,marking     ] GC(1198) Concurrent Mark From Roots
[4311.530s][info][gc,task        ] GC(1198) Using 2 workers of 2 for marking
.[4312.572s][info][gc,marking     ] GC(1198) Concurrent Mark From Roots 1042.100ms
[4312.572s][info][gc,marking     ] GC(1198) Concurrent Preclean
[4312.572s][info][gc,marking     ] GC(1198) Concurrent Preclean 0.161ms
[4312.572s][info][gc,start       ] GC(1198) Pause Remark
[4312.578s][info][gc             ] GC(1198) Pause Remark 2540M->2540M(4096M) 5.664ms
[4312.578s][info][gc,cpu         ] GC(1198) User=0.03s Sys=0.01s Real=0.01s
[4312.578s][info][gc,marking     ] GC(1198) Concurrent Mark 1048.256ms
[4312.578s][info][gc,marking     ] GC(1198) Concurrent Rebuild Remembered Sets and Scrub Regions
.[4312.940s][info][gc,marking     ] GC(1198) Concurrent Rebuild Remembered Sets and Scrub Regions 362.151ms
[4312.940s][info][gc,start       ] GC(1198) Pause Cleanup
[4312.941s][info][gc             ] GC(1198) Pause Cleanup 2927M->2927M(4096M) 0.118ms
[4312.941s][info][gc,cpu         ] GC(1198) User=0.00s Sys=0.00s Real=0.00s
[4312.941s][info][gc,marking     ] GC(1198) Concurrent Clear Claimed Marks
[4312.941s][info][gc,marking     ] GC(1198) Concurrent Clear Claimed Marks 0.029ms
[4312.941s][info][gc,marking     ] GC(1198) Concurrent Cleanup for Next Mark
[4312.945s][info][gc,marking     ] GC(1198) Concurrent Cleanup for Next Mark 4.740ms
[4312.945s][info][gc             ] GC(1198) Concurrent Mark Cycle 1594.348ms
[4313.661s][info][gc,start       ] GC(1199) Pause Young (Prepare Mixed) (G1 Evacuation Pause)
[4313.661s][info][gc,task        ] GC(1199) Using 6 workers of 6 for evacuation
[4313.778s][info][gc,phases      ] GC(1199)   Pre Evacuate Collection Set: 0.36ms
[4313.778s][info][gc,phases      ] GC(1199)   Merge Heap Roots: 0.65ms
[4313.778s][info][gc,phases      ] GC(1199)   Evacuate Collection Set: 114.42ms
[4313.778s][info][gc,phases      ] GC(1199)   Post Evacuate Collection Set: 0.92ms
[4313.778s][info][gc,phases      ] GC(1199)   Other: 0.10ms
[4313.778s][info][gc,heap        ] GC(1199) Eden regions: 1117->0(1111)
[4313.778s][info][gc,heap        ] GC(1199) Survivor regions: 111->108(154)
[4313.778s][info][gc,heap        ] GC(1199) Old regions: 506->538
[4313.778s][info][gc,heap        ] GC(1199) Humongous regions: 80->80
[4313.778s][info][gc,metaspace   ] GC(1199) Metaspace: 28911K(29312K)->28911K(29312K) NonClass: 24043K(24256K)->24043K(24256K) Class: 4868K(5056K)->4868K(5056K)
[4313.778s][info][gc             ] GC(1199) Pause Young (Prepare Mixed) (G1 Evacuation Pause) 3625M->1450M(4096M) 116.591ms
[4313.778s][info][gc,cpu         ] GC(1199) User=0.69s Sys=0.00s Real=0.12s
...[4316.112s][info][gc,start       ] GC(1200) Pause Young (Mixed) (G1 Evacuation Pause)
[4316.112s][info][gc,task        ] GC(1200) Using 6 workers of 6 for evacuation
[4316.247s][info][gc,phases      ] GC(1200)   Pre Evacuate Collection Set: 0.37ms
[4316.247s][info][gc,phases      ] GC(1200)   Merge Heap Roots: 0.70ms
[4316.248s][info][gc,phases      ] GC(1200)   Evacuate Collection Set: 133.12ms
[4316.248s][info][gc,phases      ] GC(1200)   Post Evacuate Collection Set: 0.93ms
[4316.248s][info][gc,phases      ] GC(1200)   Other: 0.09ms
[4316.248s][info][gc,heap        ] GC(1200) Eden regions: 1111->0(1117)
[4316.248s][info][gc,heap        ] GC(1200) Survivor regions: 108->111(153)
[4316.248s][info][gc,heap        ] GC(1200) Old regions: 538->475
[4316.248s][info][gc,heap        ] GC(1200) Humongous regions: 80->80
[4316.248s][info][gc,metaspace   ] GC(1200) Metaspace: 28911K(29312K)->28911K(29312K) NonClass: 24043K(24256K)->24043K(24256K) Class: 4868K(5056K)->4868K(5056K)
[4316.248s][info][gc             ] GC(1200) Pause Young (Mixed) (G1 Evacuation Pause) 3672M->1329M(4096M) 135.370ms
[4316.248s][info][gc,cpu         ] GC(1200) User=0.81s Sys=0.00s Real=0.14s
..[4318.563s][info][gc,start       ] GC(1201) Pause Young (Concurrent Start) (G1 Evacuation Pause)
[4318.563s][info][gc,task        ] GC(1201) Using 6 workers of 6 for evacuation
[4318.690s][info][gc,phases      ] GC(1201)   Pre Evacuate Collection Set: 0.39ms
[4318.690s][info][gc,phases      ] GC(1201)   Merge Heap Roots: 0.50ms
[4318.690s][info][gc,phases      ] GC(1201)   Evacuate Collection Set: 125.71ms
[4318.690s][info][gc,phases      ] GC(1201)   Post Evacuate Collection Set: 0.90ms
[4318.690s][info][gc,phases      ] GC(1201)   Other: 0.11ms
[4318.690s][info][gc,heap        ] GC(1201) Eden regions: 1117->0(1109)
[4318.690s][info][gc,heap        ] GC(1201) Survivor regions: 111->119(154)
[4318.690s][info][gc,heap        ] GC(1201) Old regions: 475->506
[4318.690s][info][gc,heap        ] GC(1201) Humongous regions: 80->80
[4318.690s][info][gc,metaspace   ] GC(1201) Metaspace: 28911K(29312K)->28911K(29312K) NonClass: 24043K(24256K)->24043K(24256K) Class: 4868K(5056K)->4868K(5056K)
[4318.691s][info][gc             ] GC(1201) Pause Young (Concurrent Start) (G1 Evacuation Pause) 3563M->1408M(4096M) 127.738ms
[4318.691s][info][gc             ] GC(1202) Concurrent Mark Cycle
[4318.691s][info][gc,marking     ] GC(1202) Concurrent Scan Root Regions
[4318.691s][info][gc,cpu         ] GC(1201) User=0.76s Sys=0.00s Real=0.13s
.[4318.871s][info][gc,marking     ] GC(1202) Concurrent Scan Root Regions 179.941ms
[4318.871s][info][gc,marking     ] GC(1202) Concurrent Mark
[4318.871s][info][gc,marking     ] GC(1202) Concurrent Mark From Roots
[4318.871s][info][gc,task        ] GC(1202) Using 2 workers of 2 for marking
.[4319.857s][info][gc,marking     ] GC(1202) Concurrent Mark From Roots 986.181ms
[4319.857s][info][gc,marking     ] GC(1202) Concurrent Preclean
[4319.857s][info][gc,marking     ] GC(1202) Concurrent Preclean 0.162ms
[4319.857s][info][gc,start       ] GC(1202) Pause Remark
[4319.865s][info][gc             ] GC(1202) Pause Remark 2562M->2562M(4096M) 7.828ms
[4319.865s][info][gc,cpu         ] GC(1202) User=0.05s Sys=0.00s Real=0.01s
[4319.865s][info][gc,marking     ] GC(1202) Concurrent Mark 994.805ms
[4319.865s][info][gc,marking     ] GC(1202) Concurrent Rebuild Remembered Sets and Scrub Regions
[4320.231s][info][gc,marking     ] GC(1202) Concurrent Rebuild Remembered Sets and Scrub Regions 365.279ms
[4320.231s][info][gc,start       ] GC(1202) Pause Cleanup
[4320.231s][info][gc             ] GC(1202) Pause Cleanup 2910M->2910M(4096M) 0.120ms
[4320.231s][info][gc,cpu         ] GC(1202) User=0.00s Sys=0.00s Real=0.00s
[4320.232s][info][gc,marking     ] GC(1202) Concurrent Clear Claimed Marks
[4320.232s][info][gc,marking     ] GC(1202) Concurrent Clear Claimed Marks 0.034ms
[4320.232s][info][gc,marking     ] GC(1202) Concurrent Cleanup for Next Mark
[4320.239s][info][gc,marking     ] GC(1202) Concurrent Cleanup for Next Mark 7.118ms
[4320.239s][info][gc             ] GC(1202) Concurrent Mark Cycle 1548.397ms
.[4320.982s][info][gc,start       ] GC(1203) Pause Young (Prepare Mixed) (G1 Evacuation Pause)
[4320.982s][info][gc,task        ] GC(1203) Using 6 workers of 6 for evacuation
[4321.102s][info][gc,phases      ] GC(1203)   Pre Evacuate Collection Set: 0.36ms
[4321.102s][info][gc,phases      ] GC(1203)   Merge Heap Roots: 0.60ms
[4321.102s][info][gc,phases      ] GC(1203)   Evacuate Collection Set: 117.99ms
[4321.102s][info][gc,phases      ] GC(1203)   Post Evacuate Collection Set: 0.94ms
[4321.102s][info][gc,phases      ] GC(1203)   Other: 0.09ms
[4321.102s][info][gc,heap        ] GC(1203) Eden regions: 1109->0(1102)
[4321.102s][info][gc,heap        ] GC(1203) Survivor regions: 119->113(154)
[4321.102s][info][gc,heap        ] GC(1203) Old regions: 506->537
[4321.102s][info][gc,heap        ] GC(1203) Humongous regions: 80->80
[4321.102s][info][gc,metaspace   ] GC(1203) Metaspace: 28911K(29312K)->28911K(29312K) NonClass: 24043K(24256K)->24043K(24256K) Class: 4868K(5056K)->4868K(5056K)
[4321.102s][info][gc             ] GC(1203) Pause Young (Prepare Mixed) (G1 Evacuation Pause) 3626M->1459M(4096M) 120.136ms
[4321.102s][info][gc,cpu         ] GC(1203) User=0.71s Sys=0.00s Real=0.12s
..[4323.414s][info][gc,start       ] GC(1204) Pause Young (Mixed) (G1 Evacuation Pause)
[4323.414s][info][gc,task        ] GC(1204) Using 6 workers of 6 for evacuation
[4323.548s][info][gc,phases      ] GC(1204)   Pre Evacuate Collection Set: 0.38ms
[4323.548s][info][gc,phases      ] GC(1204)   Merge Heap Roots: 0.72ms
[4323.548s][info][gc,phases      ] GC(1204)   Evacuate Collection Set: 131.58ms
[4323.548s][info][gc,phases      ] GC(1204)   Post Evacuate Collection Set: 0.97ms
[4323.548s][info][gc,phases      ] GC(1204)   Other: 0.09ms
[4323.548s][info][gc,heap        ] GC(1204) Eden regions: 1102->0(1118)
[4323.548s][info][gc,heap        ] GC(1204) Survivor regions: 113->110(152)
[4323.548s][info][gc,heap        ] GC(1204) Old regions: 537->473
[4323.548s][info][gc,heap        ] GC(1204) Humongous regions: 80->80
[4323.548s][info][gc,metaspace   ] GC(1204) Metaspace: 28911K(29312K)->28911K(29312K) NonClass: 24043K(24256K)->24043K(24256K) Class: 4868K(5056K)->4868K(5056K)
[4323.548s][info][gc             ] GC(1204) Pause Young (Mixed) (G1 Evacuation Pause) 3663M->1325M(4096M) 133.880ms
[4323.548s][info][gc,cpu         ] GC(1204) User=0.79s Sys=0.00s Real=0.13s
...[4325.872s][info][gc,start       ] GC(1205) Pause Young (Concurrent Start) (G1 Evacuation Pause)
[4325.872s][info][gc,task        ] GC(1205) Using 6 workers of 6 for evacuation
[4325.994s][info][gc,phases      ] GC(1205)   Pre Evacuate Collection Set: 0.38ms
[4325.994s][info][gc,phases      ] GC(1205)   Merge Heap Roots: 0.48ms
[4325.994s][info][gc,phases      ] GC(1205)   Evacuate Collection Set: 120.45ms
[4325.994s][info][gc,phases      ] GC(1205)   Post Evacuate Collection Set: 0.80ms
[4325.994s][info][gc,phases      ] GC(1205)   Other: 0.11ms
[4325.994s][info][gc,heap        ] GC(1205) Eden regions: 1118->0(1115)
[4325.994s][info][gc,heap        ] GC(1205) Survivor regions: 110->113(154)
[4325.994s][info][gc,heap        ] GC(1205) Old regions: 473->504
[4325.994s][info][gc,heap        ] GC(1205) Humongous regions: 80->80
[4325.994s][info][gc,metaspace   ] GC(1205) Metaspace: 28911K(29312K)->28911K(29312K) NonClass: 24043K(24256K)->24043K(24256K) Class: 4868K(5056K)->4868K(5056K)
[4325.994s][info][gc             ] GC(1205) Pause Young (Concurrent Start) (G1 Evacuation Pause) 3561M->1393M(4096M) 122.344ms
[4325.994s][info][gc             ] GC(1206) Concurrent Mark Cycle
[4325.994s][info][gc,marking     ] GC(1206) Concurrent Scan Root Regions
[4325.994s][info][gc,cpu         ] GC(1205) User=0.73s Sys=0.00s Real=0.13s
[4326.181s][info][gc,marking     ] GC(1206) Concurrent Scan Root Regions 187.447ms
[4326.181s][info][gc,marking     ] GC(1206) Concurrent Mark
[4326.181s][info][gc,marking     ] GC(1206) Concurrent Mark From Roots
[4326.181s][info][gc,task        ] GC(1206) Using 2 workers of 2 for marking
.[4327.161s][info][gc,marking     ] GC(1206) Concurrent Mark From Roots 979.468ms
[4327.161s][info][gc,marking     ] GC(1206) Concurrent Preclean
[4327.161s][info][gc,marking     ] GC(1206) Concurrent Preclean 0.148ms
[4327.163s][info][gc,start       ] GC(1206) Pause Remark
[4327.168s][info][gc             ] GC(1206) Pause Remark 2543M->2543M(4096M) 5.647ms
[4327.168s][info][gc,cpu         ] GC(1206) User=0.04s Sys=0.00s Real=0.01s
[4327.169s][info][gc,marking     ] GC(1206) Concurrent Mark 987.056ms
[4327.169s][info][gc,marking     ] GC(1206) Concurrent Rebuild Remembered Sets and Scrub Regions
[4327.487s][info][gc,marking     ] GC(1206) Concurrent Rebuild Remembered Sets and Scrub Regions 318.690ms
[4327.489s][info][gc,start       ] GC(1206) Pause Cleanup
[4327.489s][info][gc             ] GC(1206) Pause Cleanup 2825M->2825M(4096M) 0.148ms
[4327.489s][info][gc,cpu         ] GC(1206) User=0.00s Sys=0.00s Real=0.00s
[4327.490s][info][gc,marking     ] GC(1206) Concurrent Clear Claimed Marks
[4327.490s][info][gc,marking     ] GC(1206) Concurrent Clear Claimed Marks 0.036ms
[4327.490s][info][gc,marking     ] GC(1206) Concurrent Cleanup for Next Mark
[4327.503s][info][gc,marking     ] GC(1206) Concurrent Cleanup for Next Mark 13.092ms
[4327.503s][info][gc             ] GC(1206) Concurrent Mark Cycle 1508.949ms
.[4328.257s][info][gc,start       ] GC(1207) Pause Young (Prepare Mixed) (G1 Evacuation Pause)
[4328.258s][info][gc,task        ] GC(1207) Using 6 workers of 6 for evacuation
[4328.376s][info][gc,phases      ] GC(1207)   Pre Evacuate Collection Set: 0.33ms
[4328.376s][info][gc,phases      ] GC(1207)   Merge Heap Roots: 0.59ms
[4328.376s][info][gc,phases      ] GC(1207)   Evacuate Collection Set: 116.62ms
[4328.376s][info][gc,phases      ] GC(1207)   Post Evacuate Collection Set: 0.93ms
[4328.376s][info][gc,phases      ] GC(1207)   Other: 0.09ms
[4328.376s][info][gc,heap        ] GC(1207) Eden regions: 1115->0(1107)
[4328.376s][info][gc,heap        ] GC(1207) Survivor regions: 113->111(154)
[4328.376s][info][gc,heap        ] GC(1207) Old regions: 504->536
[4328.376s][info][gc,heap        ] GC(1207) Humongous regions: 80->80
[4328.376s][info][gc,metaspace   ] GC(1207) Metaspace: 28911K(29312K)->28911K(29312K) NonClass: 24043K(24256K)->24043K(24256K) Class: 4868K(5056K)->4868K(5056K)
[4328.376s][info][gc             ] GC(1207) Pause Young (Prepare Mixed) (G1 Evacuation Pause) 3623M->1452M(4096M) 118.682ms
[4328.376s][info][gc,cpu         ] GC(1207) User=0.70s Sys=0.00s Real=0.12s
..[4330.669s][info][gc,start       ] GC(1208) Pause Young (Mixed) (G1 Evacuation Pause)
[4330.669s][info][gc,task        ] GC(1208) Using 6 workers of 6 for evacuation
[4330.798s][info][gc,phases      ] GC(1208)   Pre Evacuate Collection Set: 0.37ms
[4330.798s][info][gc,phases      ] GC(1208)   Merge Heap Roots: 0.73ms
[4330.798s][info][gc,phases      ] GC(1208)   Evacuate Collection Set: 127.47ms
[4330.798s][info][gc,phases      ] GC(1208)   Post Evacuate Collection Set: 0.95ms
[4330.798s][info][gc,phases      ] GC(1208)   Other: 0.09ms
[4330.798s][info][gc,heap        ] GC(1208) Eden regions: 1107->0(1119)
[4330.798s][info][gc,heap        ] GC(1208) Survivor regions: 111->109(153)
[4330.798s][info][gc,heap        ] GC(1208) Old regions: 536->474
[4330.798s][info][gc,heap        ] GC(1208) Humongous regions: 80->80
[4330.798s][info][gc,metaspace   ] GC(1208) Metaspace: 28911K(29312K)->28911K(29312K) NonClass: 24043K(24256K)->24043K(24256K) Class: 4868K(5056K)->4868K(5056K)
[4330.798s][info][gc             ] GC(1208) Pause Young (Mixed) (G1 Evacuation Pause) 3666M->1323M(4096M) 129.733ms
[4330.798s][info][gc,cpu         ] GC(1208) User=0.76s Sys=0.00s Real=0.13s
...[4333.161s][info][gc,start       ] GC(1209) Pause Young (Concurrent Start) (G1 Evacuation Pause)
[4333.161s][info][gc,task        ] GC(1209) Using 6 workers of 6 for evacuation
[4333.282s][info][gc,phases      ] GC(1209)   Pre Evacuate Collection Set: 0.41ms
[4333.282s][info][gc,phases      ] GC(1209)   Merge Heap Roots: 0.53ms
[4333.282s][info][gc,phases      ] GC(1209)   Evacuate Collection Set: 118.43ms
[4333.282s][info][gc,phases      ] GC(1209)   Post Evacuate Collection Set: 0.88ms
[4333.282s][info][gc,phases      ] GC(1209)   Other: 0.12ms
[4333.282s][info][gc,heap        ] GC(1209) Eden regions: 1119->0(1115)
[4333.282s][info][gc,heap        ] GC(1209) Survivor regions: 109->113(154)
[4333.282s][info][gc,heap        ] GC(1209) Old regions: 474->506
[4333.282s][info][gc,heap        ] GC(1209) Humongous regions: 80->80
[4333.282s][info][gc,metaspace   ] GC(1209) Metaspace: 28911K(29312K)->28911K(29312K) NonClass: 24043K(24256K)->24043K(24256K) Class: 4868K(5056K)->4868K(5056K)
[4333.282s][info][gc             ] GC(1209) Pause Young (Concurrent Start) (G1 Evacuation Pause) 3561M->1397M(4096M) 120.514ms
[4333.282s][info][gc             ] GC(1210) Concurrent Mark Cycle
[4333.282s][info][gc,marking     ] GC(1210) Concurrent Scan Root Regions
[4333.282s][info][gc,cpu         ] GC(1209) User=0.72s Sys=0.00s Real=0.12s
[4333.424s][info][gc,marking     ] GC(1210) Concurrent Scan Root Regions 142.603ms
[4333.424s][info][gc,marking     ] GC(1210) Concurrent Mark
[4333.424s][info][gc,marking     ] GC(1210) Concurrent Mark From Roots
[4333.424s][info][gc,task        ] GC(1210) Using 2 workers of 2 for marking
.[4334.214s][info][gc,marking     ] GC(1210) Concurrent Mark From Roots 789.898ms
[4334.214s][info][gc,marking     ] GC(1210) Concurrent Preclean
[4334.214s][info][gc,marking     ] GC(1210) Concurrent Preclean 0.159ms
[4334.221s][info][gc,start       ] GC(1210) Pause Remark
[4334.226s][info][gc             ] GC(1210) Pause Remark 2259M->2259M(4096M) 5.231ms
[4334.226s][info][gc,cpu         ] GC(1210) User=0.02s Sys=0.00s Real=0.01s
[4334.226s][info][gc,marking     ] GC(1210) Concurrent Mark 801.689ms
[4334.226s][info][gc,marking     ] GC(1210) Concurrent Rebuild Remembered Sets and Scrub Regions
[4334.574s][info][gc,marking     ] GC(1210) Concurrent Rebuild Remembered Sets and Scrub Regions 348.097ms
[4334.576s][info][gc,start       ] GC(1210) Pause Cleanup
[4334.577s][info][gc             ] GC(1210) Pause Cleanup 2553M->2553M(4096M) 0.127ms
[4334.577s][info][gc,cpu         ] GC(1210) User=0.00s Sys=0.00s Real=0.00s
[4334.577s][info][gc,marking     ] GC(1210) Concurrent Clear Claimed Marks
[4334.577s][info][gc,marking     ] GC(1210) Concurrent Clear Claimed Marks 0.027ms
[4334.577s][info][gc,marking     ] GC(1210) Concurrent Cleanup for Next Mark
[4334.587s][info][gc,marking     ] GC(1210) Concurrent Cleanup for Next Mark 10.209ms
[4334.587s][info][gc             ] GC(1210) Concurrent Mark Cycle 1305.296ms
.[4335.577s][info][gc,start       ] GC(1211) Pause Young (Prepare Mixed) (G1 Evacuation Pause)
[4335.577s][info][gc,task        ] GC(1211) Using 6 workers of 6 for evacuation
[4335.697s][info][gc,phases      ] GC(1211)   Pre Evacuate Collection Set: 0.34ms
[4335.697s][info][gc,phases      ] GC(1211)   Merge Heap Roots: 0.59ms
[4335.697s][info][gc,phases      ] GC(1211)   Evacuate Collection Set: 117.51ms
[4335.697s][info][gc,phases      ] GC(1211)   Post Evacuate Collection Set: 0.92ms
[4335.697s][info][gc,phases      ] GC(1211)   Other: 0.09ms
[4335.697s][info][gc,heap        ] GC(1211) Eden regions: 1115->0(1104)
[4335.697s][info][gc,heap        ] GC(1211) Survivor regions: 113->112(154)
[4335.697s][info][gc,heap        ] GC(1211) Old regions: 506->537
[4335.697s][info][gc,heap        ] GC(1211) Humongous regions: 80->80
[4335.697s][info][gc,metaspace   ] GC(1211) Metaspace: 28911K(29312K)->28911K(29312K) NonClass: 24043K(24256K)->24043K(24256K) Class: 4868K(5056K)->4868K(5056K)
[4335.697s][info][gc             ] GC(1211) Pause Young (Prepare Mixed) (G1 Evacuation Pause) 3627M->1455M(4096M) 119.585ms
[4335.697s][info][gc,cpu         ] GC(1211) User=0.71s Sys=0.00s Real=0.12s
. (rIR:aIR:PR = 7749:7792:7793) (tPR = 116051) [OK] 
  4335s: Performance info:
         Transaction,    Success,    Partial,     Failed,   Receipts, AvgBarcode, 
             Overall,     468668,          0,          0,     445253,      59.48, 
         Response times:
             Request,    Success,    Partial,     Failed,   SkipFail,     Probes,    Samples,      min,      p50,      p90,      p95,      p99,      max, 
       TotalPurchase,     444991,          0,          0,          0,     353404,     448883,      300,     7300,    84000,   133000,   198000,   495000,
     InStorePurchase,     234712,          0,          0,          0,     185712,     235728,      300,     7300,    84000,   133000,   197000,   407000,
      OnlinePurchase,     163520,          0,          0,          0,     130006,     165213,      300,     7300,    84000,   132000,   198000,   495000,
        InstPurchase,      46759,          0,          0,          0,      37686,      47942,      400,     7700,    85000,   137000,   208000,   372000,
          AssocOfCat,        465,          0,          0,          0,        376,        563,    20000,    44000,   140600,   186600,   245840,   324000,
      AssocOfProduct,       4668,          0,          0,          0,       4318,       5688,     1100,     9600,   100000,   147000,   199000,   281000,
      BusinessReport,       1164,          0,          0,          0,       1053,       1467,    26000,    52000,   135000,   177600,   237640,   292000,
          CustBuyBeh,       4654,          0,          0,          0,       4327,       5685,      200,     6500,    76000,   124000,   185280,   312000,
       ProductReturn,      12442,          0,          0,          0,       9402,      12137,      200,     7600,    85000,   134000,   197620,   315000,

  4335s: (57%)   IR =   7887 .[4337.910s][info][gc,start       ] GC(1212) Pause Young (Mixed) (G1 Evacuation Pause)
[4337.910s][info][gc,task        ] GC(1212) Using 6 workers of 6 for evacuation
[4338.048s][info][gc,phases      ] GC(1212)   Pre Evacuate Collection Set: 0.39ms
[4338.048s][info][gc,phases      ] GC(1212)   Merge Heap Roots: 0.75ms
[4338.048s][info][gc,phases      ] GC(1212)   Evacuate Collection Set: 135.70ms
[4338.048s][info][gc,phases      ] GC(1212)   Post Evacuate Collection Set: 0.96ms
[4338.048s][info][gc,phases      ] GC(1212)   Other: 0.09ms
[4338.048s][info][gc,heap        ] GC(1212) Eden regions: 1104->0(1116)
[4338.048s][info][gc,heap        ] GC(1212) Survivor regions: 112->112(152)
[4338.048s][info][gc,heap        ] GC(1212) Old regions: 537->472
[4338.048s][info][gc,heap        ] GC(1212) Humongous regions: 80->80
[4338.048s][info][gc,metaspace   ] GC(1212) Metaspace: 28911K(29312K)->28911K(29312K) NonClass: 24043K(24256K)->24043K(24256K) Class: 4868K(5056K)->4868K(5056K)
[4338.048s][info][gc             ] GC(1212) Pause Young (Mixed) (G1 Evacuation Pause) 3663M->1327M(4096M) 138.020ms
[4338.048s][info][gc,cpu         ] GC(1212) User=0.82s Sys=0.00s Real=0.14s
...[4340.375s][info][gc,start       ] GC(1213) Pause Young (Concurrent Start) (G1 Evacuation Pause)
[4340.375s][info][gc,task        ] GC(1213) Using 6 workers of 6 for evacuation
[4340.495s][info][gc,phases      ] GC(1213)   Pre Evacuate Collection Set: 0.39ms
[4340.495s][info][gc,phases      ] GC(1213)   Merge Heap Roots: 0.44ms
[4340.495s][info][gc,phases      ] GC(1213)   Evacuate Collection Set: 118.04ms
[4340.495s][info][gc,phases      ] GC(1213)   Post Evacuate Collection Set: 0.94ms
[4340.495s][info][gc,phases      ] GC(1213)   Other: 0.09ms
[4340.495s][info][gc,heap        ] GC(1213) Eden regions: 1116->0(1117)
[4340.495s][info][gc,heap        ] GC(1213) Survivor regions: 112->111(154)
[4340.495s][info][gc,heap        ] GC(1213) Old regions: 472->504
[4340.495s][info][gc,heap        ] GC(1213) Humongous regions: 80->80
[4340.495s][info][gc,metaspace   ] GC(1213) Metaspace: 28911K(29312K)->28911K(29312K) NonClass: 24043K(24256K)->24043K(24256K) Class: 4868K(5056K)->4868K(5056K)
[4340.495s][info][gc             ] GC(1213) Pause Young (Concurrent Start) (G1 Evacuation Pause) 3559M->1388M(4096M) 120.033ms
[4340.495s][info][gc             ] GC(1214) Concurrent Mark Cycle
[4340.495s][info][gc,marking     ] GC(1214) Concurrent Scan Root Regions
[4340.495s][info][gc,cpu         ] GC(1213) User=0.71s Sys=0.00s Real=0.12s
[4340.696s][info][gc,marking     ] GC(1214) Concurrent Scan Root Regions 200.797ms
[4340.696s][info][gc,marking     ] GC(1214) Concurrent Mark
[4340.696s][info][gc,marking     ] GC(1214) Concurrent Mark From Roots
[4340.696s][info][gc,task        ] GC(1214) Using 2 workers of 2 for marking
.[4341.555s][info][gc,marking     ] GC(1214) Concurrent Mark From Roots 858.912ms
[4341.555s][info][gc,marking     ] GC(1214) Concurrent Preclean
[4341.555s][info][gc,marking     ] GC(1214) Concurrent Preclean 0.188ms
[4341.556s][info][gc,start       ] GC(1214) Pause Remark
[4341.562s][info][gc             ] GC(1214) Pause Remark 2358M->2358M(4096M) 5.823ms
[4341.562s][info][gc,cpu         ] GC(1214) User=0.03s Sys=0.00s Real=0.00s
[4341.563s][info][gc,marking     ] GC(1214) Concurrent Mark 867.078ms
[4341.563s][info][gc,marking     ] GC(1214) Concurrent Rebuild Remembered Sets and Scrub Regions
[4341.843s][info][gc,marking     ] GC(1214) Concurrent Rebuild Remembered Sets and Scrub Regions 280.480ms
[4341.846s][info][gc,start       ] GC(1214) Pause Cleanup
[4341.846s][info][gc             ] GC(1214) Pause Cleanup 2622M->2622M(4096M) 0.146ms
[4341.846s][info][gc,cpu         ] GC(1214) User=0.00s Sys=0.00s Real=0.00s
[4341.847s][info][gc,marking     ] GC(1214) Concurrent Clear Claimed Marks
[4341.847s][info][gc,marking     ] GC(1214) Concurrent Clear Claimed Marks 0.039ms
[4341.847s][info][gc,marking     ] GC(1214) Concurrent Cleanup for Next Mark
[4341.857s][info][gc,marking     ] GC(1214) Concurrent Cleanup for Next Mark 10.077ms
[4341.857s][info][gc             ] GC(1214) Concurrent Mark Cycle 1362.242ms
.[4342.699s][info][gc,start       ] GC(1215) Pause Young (Prepare Mixed) (G1 Evacuation Pause)
[4342.699s][info][gc,task        ] GC(1215) Using 6 workers of 6 for evacuation
[4342.814s][info][gc,phases      ] GC(1215)   Pre Evacuate Collection Set: 0.34ms
[4342.814s][info][gc,phases      ] GC(1215)   Merge Heap Roots: 0.56ms
[4342.814s][info][gc,phases      ] GC(1215)   Evacuate Collection Set: 113.11ms
[4342.814s][info][gc,phases      ] GC(1215)   Post Evacuate Collection Set: 0.93ms
[4342.814s][info][gc,phases      ] GC(1215)   Other: 0.09ms
[4342.814s][info][gc,heap        ] GC(1215) Eden regions: 1117->0(1114)
[4342.814s][info][gc,heap        ] GC(1215) Survivor regions: 111->108(154)
[4342.814s][info][gc,heap        ] GC(1215) Old regions: 504->535
[4342.814s][info][gc,heap        ] GC(1215) Humongous regions: 80->80
[4342.814s][info][gc,metaspace   ] GC(1215) Metaspace: 28911K(29312K)->28911K(29312K) NonClass: 24043K(24256K)->24043K(24256K) Class: 4868K(5056K)->4868K(5056K)
[4342.814s][info][gc             ] GC(1215) Pause Young (Prepare Mixed) (G1 Evacuation Pause) 3622M->1444M(4096M) 115.159ms
[4342.814s][info][gc,cpu         ] GC(1215) User=0.68s Sys=0.00s Real=0.12s
..[4345.141s][info][gc,start       ] GC(1216) Pause Young (Mixed) (G1 Evacuation Pause)
[4345.141s][info][gc,task        ] GC(1216) Using 6 workers of 6 for evacuation
[4345.277s][info][gc,phases      ] GC(1216)   Pre Evacuate Collection Set: 0.38ms
[4345.277s][info][gc,phases      ] GC(1216)   Merge Heap Roots: 0.80ms
[4345.277s][info][gc,phases      ] GC(1216)   Evacuate Collection Set: 133.70ms
[4345.277s][info][gc,phases      ] GC(1216)   Post Evacuate Collection Set: 0.95ms
[4345.277s][info][gc,phases      ] GC(1216)   Other: 0.09ms
[4345.277s][info][gc,heap        ] GC(1216) Eden regions: 1114->0(1116)
[4345.277s][info][gc,heap        ] GC(1216) Survivor regions: 108->112(153)
[4345.277s][info][gc,heap        ] GC(1216) Old regions: 535->473
[4345.277s][info][gc,heap        ] GC(1216) Humongous regions: 80->80
[4345.277s][info][gc,metaspace   ] GC(1216) Metaspace: 28911K(29312K)->28911K(29312K) NonClass: 24043K(24256K)->24043K(24256K) Class: 4868K(5056K)->4868K(5056K)
[4345.277s][info][gc             ] GC(1216) Pause Young (Mixed) (G1 Evacuation Pause) 3672M->1328M(4096M) 136.063ms
[4345.277s][info][gc,cpu         ] GC(1216) User=0.80s Sys=0.01s Real=0.14s
...[4347.507s][info][gc,start       ] GC(1217) Pause Young (Concurrent Start) (G1 Evacuation Pause)
[4347.507s][info][gc,task        ] GC(1217) Using 6 workers of 6 for evacuation
[4347.628s][info][gc,phases      ] GC(1217)   Pre Evacuate Collection Set: 0.39ms
[4347.628s][info][gc,phases      ] GC(1217)   Merge Heap Roots: 0.49ms
[4347.628s][info][gc,phases      ] GC(1217)   Evacuate Collection Set: 119.15ms
[4347.628s][info][gc,phases      ] GC(1217)   Post Evacuate Collection Set: 0.91ms
[4347.628s][info][gc,phases      ] GC(1217)   Other: 0.12ms
[4347.628s][info][gc,heap        ] GC(1217) Eden regions: 1116->0(1113)
[4347.628s][info][gc,heap        ] GC(1217) Survivor regions: 112->115(154)
[4347.628s][info][gc,heap        ] GC(1217) Old regions: 473->504
[4347.628s][info][gc,heap        ] GC(1217) Humongous regions: 80->80
[4347.628s][info][gc,metaspace   ] GC(1217) Metaspace: 28911K(29312K)->28911K(29312K) NonClass: 24043K(24256K)->24043K(24256K) Class: 4868K(5056K)->4868K(5056K)
[4347.628s][info][gc             ] GC(1217) Pause Young (Concurrent Start) (G1 Evacuation Pause) 3560M->1397M(4096M) 121.221ms
[4347.628s][info][gc             ] GC(1218) Concurrent Mark Cycle
[4347.628s][info][gc,marking     ] GC(1218) Concurrent Scan Root Regions
[4347.629s][info][gc,cpu         ] GC(1217) User=0.72s Sys=0.00s Real=0.12s
[4347.808s][info][gc,marking     ] GC(1218) Concurrent Scan Root Regions 178.989ms
[4347.808s][info][gc,marking     ] GC(1218) Concurrent Mark
[4347.808s][info][gc,marking     ] GC(1218) Concurrent Mark From Roots
[4347.808s][info][gc,task        ] GC(1218) Using 2 workers of 2 for marking
.[4348.791s][info][gc,marking     ] GC(1218) Concurrent Mark From Roots 983.320ms
[4348.791s][info][gc,marking     ] GC(1218) Concurrent Preclean
[4348.791s][info][gc,marking     ] GC(1218) Concurrent Preclean 0.110ms
[4348.796s][info][gc,start       ] GC(1218) Pause Remark
[4348.801s][info][gc             ] GC(1218) Pause Remark 2487M->2487M(4096M) 4.819ms
[4348.801s][info][gc,cpu         ] GC(1218) User=0.03s Sys=0.00s Real=0.00s
[4348.801s][info][gc,marking     ] GC(1218) Concurrent Mark 993.344ms
[4348.801s][info][gc,marking     ] GC(1218) Concurrent Rebuild Remembered Sets and Scrub Regions
[4349.156s][info][gc,marking     ] GC(1218) Concurrent Rebuild Remembered Sets and Scrub Regions 354.619ms
[4349.156s][info][gc,start       ] GC(1218) Pause Cleanup
[4349.156s][info][gc             ] GC(1218) Pause Cleanup 2863M->2863M(4096M) 0.114ms
[4349.156s][info][gc,cpu         ] GC(1218) User=0.00s Sys=0.00s Real=0.00s
[4349.156s][info][gc,marking     ] GC(1218) Concurrent Clear Claimed Marks
[4349.156s][info][gc,marking     ] GC(1218) Concurrent Clear Claimed Marks 0.024ms
[4349.156s][info][gc,marking     ] GC(1218) Concurrent Cleanup for Next Mark
[4349.160s][info][gc,marking     ] GC(1218) Concurrent Cleanup for Next Mark 3.877ms
[4349.160s][info][gc             ] GC(1218) Concurrent Mark Cycle 1531.313ms
.[4349.958s][info][gc,start       ] GC(1219) Pause Young (Prepare Mixed) (G1 Evacuation Pause)
[4349.958s][info][gc,task        ] GC(1219) Using 6 workers of 6 for evacuation
[4350.081s][info][gc,phases      ] GC(1219)   Pre Evacuate Collection Set: 0.35ms
[4350.081s][info][gc,phases      ] GC(1219)   Merge Heap Roots: 0.59ms
[4350.081s][info][gc,phases      ] GC(1219)   Evacuate Collection Set: 120.99ms
[4350.081s][info][gc,phases      ] GC(1219)   Post Evacuate Collection Set: 0.87ms
[4350.081s][info][gc,phases      ] GC(1219)   Other: 0.09ms
[4350.081s][info][gc,heap        ] GC(1219) Eden regions: 1113->0(1105)
[4350.081s][info][gc,heap        ] GC(1219) Survivor regions: 115->112(154)
[4350.081s][info][gc,heap        ] GC(1219) Old regions: 504->536
[4350.081s][info][gc,heap        ] GC(1219) Humongous regions: 80->80
[4350.081s][info][gc,metaspace   ] GC(1219) Metaspace: 28911K(29312K)->28911K(29312K) NonClass: 24043K(24256K)->24043K(24256K) Class: 4868K(5056K)->4868K(5056K)
[4350.081s][info][gc             ] GC(1219) Pause Young (Prepare Mixed) (G1 Evacuation Pause) 3623M->1453M(4096M) 123.030ms
[4350.081s][info][gc,cpu         ] GC(1219) User=0.73s Sys=0.00s Real=0.12s
...[4352.410s][info][gc,start       ] GC(1220) Pause Young (Mixed) (G1 Evacuation Pause)
[4352.410s][info][gc,task        ] GC(1220) Using 6 workers of 6 for evacuation
[4352.547s][info][gc,phases      ] GC(1220)   Pre Evacuate Collection Set: 0.37ms
[4352.547s][info][gc,phases      ] GC(1220)   Merge Heap Roots: 0.72ms
[4352.547s][info][gc,phases      ] GC(1220)   Evacuate Collection Set: 134.63ms
[4352.547s][info][gc,phases      ] GC(1220)   Post Evacuate Collection Set: 0.93ms
[4352.547s][info][gc,phases      ] GC(1220)   Other: 0.09ms
[4352.547s][info][gc,heap        ] GC(1220) Eden regions: 1105->0(1114)
[4352.547s][info][gc,heap        ] GC(1220) Survivor regions: 112->114(153)
[4352.547s][info][gc,heap        ] GC(1220) Old regions: 536->472
[4352.547s][info][gc,heap        ] GC(1220) Humongous regions: 80->80
[4352.547s][info][gc,metaspace   ] GC(1220) Metaspace: 28911K(29312K)->28911K(29312K) NonClass: 24043K(24256K)->24043K(24256K) Class: 4868K(5056K)->4868K(5056K)
[4352.547s][info][gc             ] GC(1220) Pause Young (Mixed) (G1 Evacuation Pause) 3663M->1330M(4096M) 136.883ms
[4352.547s][info][gc,cpu         ] GC(1220) User=0.81s Sys=0.00s Real=0.14s
.|.[4354.739s][info][gc,start       ] GC(1221) Pause Young (Concurrent Start) (G1 Evacuation Pause)
[4354.739s][info][gc,task        ] GC(1221) Using 6 workers of 6 for evacuation
[4354.858s][info][gc,phases      ] GC(1221)   Pre Evacuate Collection Set: 0.36ms
[4354.858s][info][gc,phases      ] GC(1221)   Merge Heap Roots: 0.51ms
[4354.858s][info][gc,phases      ] GC(1221)   Evacuate Collection Set: 117.22ms
[4354.858s][info][gc,phases      ] GC(1221)   Post Evacuate Collection Set: 0.89ms
[4354.858s][info][gc,phases      ] GC(1221)   Other: 0.13ms
[4354.858s][info][gc,heap        ] GC(1221) Eden regions: 1114->0(1118)
[4354.858s][info][gc,heap        ] GC(1221) Survivor regions: 114->110(154)
[4354.858s][info][gc,heap        ] GC(1221) Old regions: 472->504
[4354.858s][info][gc,heap        ] GC(1221) Humongous regions: 80->80
[4354.858s][info][gc,metaspace   ] GC(1221) Metaspace: 28911K(29312K)->28911K(29312K) NonClass: 24043K(24256K)->24043K(24256K) Class: 4868K(5056K)->4868K(5056K)
[4354.858s][info][gc             ] GC(1221) Pause Young (Concurrent Start) (G1 Evacuation Pause) 3558M->1387M(4096M) 119.231ms
[4354.858s][info][gc             ] GC(1222) Concurrent Mark Cycle
[4354.858s][info][gc,marking     ] GC(1222) Concurrent Scan Root Regions
[4354.858s][info][gc,cpu         ] GC(1221) User=0.71s Sys=0.00s Real=0.12s
[4355.038s][info][gc,marking     ] GC(1222) Concurrent Scan Root Regions 180.089ms
[4355.039s][info][gc,marking     ] GC(1222) Concurrent Mark
[4355.039s][info][gc,marking     ] GC(1222) Concurrent Mark From Roots
[4355.039s][info][gc,task        ] GC(1222) Using 2 workers of 2 for marking
.[4356.019s][info][gc,marking     ] GC(1222) Concurrent Mark From Roots 980.793ms
[4356.019s][info][gc,marking     ] GC(1222) Concurrent Preclean
[4356.020s][info][gc,marking     ] GC(1222) Concurrent Preclean 0.126ms
[4356.023s][info][gc,start       ] GC(1222) Pause Remark
[4356.030s][info][gc             ] GC(1222) Pause Remark 2495M->2495M(4096M) 6.688ms
[4356.030s][info][gc,cpu         ] GC(1222) User=0.04s Sys=0.00s Real=0.00s
[4356.030s][info][gc,marking     ] GC(1222) Concurrent Mark 991.880ms
[4356.030s][info][gc,marking     ] GC(1222) Concurrent Rebuild Remembered Sets and Scrub Regions
[4356.336s][info][gc,marking     ] GC(1222) Concurrent Rebuild Remembered Sets and Scrub Regions 306.012ms
[4356.337s][info][gc,start       ] GC(1222) Pause Cleanup
[4356.337s][info][gc             ] GC(1222) Pause Cleanup 2825M->2825M(4096M) 0.514ms
[4356.337s][info][gc,cpu         ] GC(1222) User=0.00s Sys=0.00s Real=0.00s
[4356.338s][info][gc,marking     ] GC(1222) Concurrent Clear Claimed Marks
[4356.338s][info][gc,marking     ] GC(1222) Concurrent Clear Claimed Marks 0.040ms
[4356.338s][info][gc,marking     ] GC(1222) Concurrent Cleanup for Next Mark
[4356.348s][info][gc,marking     ] GC(1222) Concurrent Cleanup for Next Mark 10.429ms
[4356.348s][info][gc             ] GC(1222) Concurrent Mark Cycle 1489.725ms
.[4357.170s][info][gc,start       ] GC(1223) Pause Young (Prepare Mixed) (G1 Evacuation Pause)
[4357.170s][info][gc,task        ] GC(1223) Using 6 workers of 6 for evacuation
[4357.285s][info][gc,phases      ] GC(1223)   Pre Evacuate Collection Set: 0.38ms
[4357.285s][info][gc,phases      ] GC(1223)   Merge Heap Roots: 0.51ms
[4357.285s][info][gc,phases      ] GC(1223)   Evacuate Collection Set: 113.76ms
[4357.285s][info][gc,phases      ] GC(1223)   Post Evacuate Collection Set: 0.94ms
[4357.285s][info][gc,phases      ] GC(1223)   Other: 0.09ms
[4357.285s][info][gc,heap        ] GC(1223) Eden regions: 1118->0(1109)
[4357.285s][info][gc,heap        ] GC(1223) Survivor regions: 110->110(154)
[4357.285s][info][gc,heap        ] GC(1223) Old regions: 504->536
[4357.285s][info][gc,heap        ] GC(1223) Humongous regions: 80->80
[4357.285s][info][gc,metaspace   ] GC(1223) Metaspace: 28911K(29312K)->28911K(29312K) NonClass: 24043K(24256K)->24043K(24256K) Class: 4868K(5056K)->4868K(5056K)
[4357.285s][info][gc             ] GC(1223) Pause Young (Prepare Mixed) (G1 Evacuation Pause) 3623M->1449M(4096M) 115.822ms
[4357.285s][info][gc,cpu         ] GC(1223) User=0.69s Sys=0.00s Real=0.12s
..[4359.517s][info][gc,start       ] GC(1224) Pause Young (Mixed) (G1 Evacuation Pause)
[4359.517s][info][gc,task        ] GC(1224) Using 6 workers of 6 for evacuation
[4359.655s][info][gc,phases      ] GC(1224)   Pre Evacuate Collection Set: 0.41ms
[4359.655s][info][gc,phases      ] GC(1224)   Merge Heap Roots: 0.78ms
[4359.655s][info][gc,phases      ] GC(1224)   Evacuate Collection Set: 135.97ms
[4359.655s][info][gc,phases      ] GC(1224)   Post Evacuate Collection Set: 0.94ms
[4359.655s][info][gc,phases      ] GC(1224)   Other: 0.09ms
[4359.655s][info][gc,heap        ] GC(1224) Eden regions: 1109->0(1113)
[4359.655s][info][gc,heap        ] GC(1224) Survivor regions: 110->115(153)
[4359.655s][info][gc,heap        ] GC(1224) Old regions: 536->474
[4359.655s][info][gc,heap        ] GC(1224) Humongous regions: 80->80
[4359.655s][info][gc,metaspace   ] GC(1224) Metaspace: 28911K(29312K)->28911K(29312K) NonClass: 24043K(24256K)->24043K(24256K) Class: 4868K(5056K)->4868K(5056K)
[4359.655s][info][gc             ] GC(1224) Pause Young (Mixed) (G1 Evacuation Pause) 3667M->1335M(4096M) 138.326ms
[4359.655s][info][gc,cpu         ] GC(1224) User=0.82s Sys=0.00s Real=0.14s
...[4361.869s][info][gc,start       ] GC(1225) Pause Young (Concurrent Start) (G1 Evacuation Pause)
[4361.869s][info][gc,task        ] GC(1225) Using 6 workers of 6 for evacuation
[4361.988s][info][gc,phases      ] GC(1225)   Pre Evacuate Collection Set: 0.38ms
[4361.988s][info][gc,phases      ] GC(1225)   Merge Heap Roots: 0.55ms
[4361.988s][info][gc,phases      ] GC(1225)   Evacuate Collection Set: 116.57ms
[4361.988s][info][gc,phases      ] GC(1225)   Post Evacuate Collection Set: 0.90ms
[4361.988s][info][gc,phases      ] GC(1225)   Other: 0.13ms
[4361.988s][info][gc,heap        ] GC(1225) Eden regions: 1113->0(1118)
[4361.988s][info][gc,heap        ] GC(1225) Survivor regions: 115->110(154)
[4361.988s][info][gc,heap        ] GC(1225) Old regions: 474->505
[4361.988s][info][gc,heap        ] GC(1225) Humongous regions: 80->80
[4361.988s][info][gc,metaspace   ] GC(1225) Metaspace: 28911K(29312K)->28911K(29312K) NonClass: 24043K(24256K)->24043K(24256K) Class: 4868K(5056K)->4868K(5056K)
[4361.988s][info][gc             ] GC(1225) Pause Young (Concurrent Start) (G1 Evacuation Pause) 3561M->1387M(4096M) 118.659ms
[4361.988s][info][gc             ] GC(1226) Concurrent Mark Cycle
[4361.988s][info][gc,marking     ] GC(1226) Concurrent Scan Root Regions
[4361.988s][info][gc,cpu         ] GC(1225) User=0.70s Sys=0.00s Real=0.12s
[4362.166s][info][gc,marking     ] GC(1226) Concurrent Scan Root Regions 178.194ms
[4362.166s][info][gc,marking     ] GC(1226) Concurrent Mark
[4362.166s][info][gc,marking     ] GC(1226) Concurrent Mark From Roots
[4362.166s][info][gc,task        ] GC(1226) Using 2 workers of 2 for marking
.[4362.881s][info][gc,marking     ] GC(1226) Concurrent Mark From Roots 715.164ms
[4362.881s][info][gc,marking     ] GC(1226) Concurrent Preclean
[4362.882s][info][gc,marking     ] GC(1226) Concurrent Preclean 0.124ms
[4362.882s][info][gc,start       ] GC(1226) Pause Remark
[4362.887s][info][gc             ] GC(1226) Pause Remark 2177M->2177M(4096M) 5.645ms
[4362.887s][info][gc,cpu         ] GC(1226) User=0.03s Sys=0.00s Real=0.01s
[4362.889s][info][gc,marking     ] GC(1226) Concurrent Mark 722.326ms
[4362.889s][info][gc,marking     ] GC(1226) Concurrent Rebuild Remembered Sets and Scrub Regions
[4363.166s][info][gc,marking     ] GC(1226) Concurrent Rebuild Remembered Sets and Scrub Regions 277.011ms
[4363.167s][info][gc,start       ] GC(1226) Pause Cleanup
[4363.167s][info][gc             ] GC(1226) Pause Cleanup 2463M->2463M(4096M) 0.140ms
[4363.167s][info][gc,cpu         ] GC(1226) User=0.00s Sys=0.00s Real=0.00s
[4363.168s][info][gc,marking     ] GC(1226) Concurrent Clear Claimed Marks
[4363.168s][info][gc,marking     ] GC(1226) Concurrent Clear Claimed Marks 0.036ms
[4363.168s][info][gc,marking     ] GC(1226) Concurrent Cleanup for Next Mark
[4363.176s][info][gc,marking     ] GC(1226) Concurrent Cleanup for Next Mark 8.764ms
[4363.177s][info][gc             ] GC(1226) Concurrent Mark Cycle 1188.629ms
.[4364.263s][info][gc,start       ] GC(1227) Pause Young (Prepare Mixed) (G1 Evacuation Pause)
[4364.263s][info][gc,task        ] GC(1227) Using 6 workers of 6 for evacuation
[4364.383s][info][gc,phases      ] GC(1227)   Pre Evacuate Collection Set: 0.35ms
[4364.383s][info][gc,phases      ] GC(1227)   Merge Heap Roots: 0.55ms
[4364.383s][info][gc,phases      ] GC(1227)   Evacuate Collection Set: 117.90ms
[4364.383s][info][gc,phases      ] GC(1227)   Post Evacuate Collection Set: 0.94ms
[4364.383s][info][gc,phases      ] GC(1227)   Other: 0.10ms
[4364.383s][info][gc,heap        ] GC(1227) Eden regions: 1118->0(1104)
[4364.383s][info][gc,heap        ] GC(1227) Survivor regions: 110->112(154)
[4364.383s][info][gc,heap        ] GC(1227) Old regions: 505->537
[4364.383s][info][gc,heap        ] GC(1227) Humongous regions: 80->80
[4364.383s][info][gc,metaspace   ] GC(1227) Metaspace: 28911K(29312K)->28911K(29312K) NonClass: 24043K(24256K)->24043K(24256K) Class: 4868K(5056K)->4868K(5056K)
[4364.383s][info][gc             ] GC(1227) Pause Young (Prepare Mixed) (G1 Evacuation Pause) 3623M->1456M(4096M) 119.972ms
[4364.383s][info][gc,cpu         ] GC(1227) User=0.71s Sys=0.00s Real=0.12s
..[4366.672s][info][gc,start       ] GC(1228) Pause Young (Mixed) (G1 Evacuation Pause)
[4366.672s][info][gc,task        ] GC(1228) Using 6 workers of 6 for evacuation
[4366.809s][info][gc,phases      ] GC(1228)   Pre Evacuate Collection Set: 0.41ms
[4366.809s][info][gc,phases      ] GC(1228)   Merge Heap Roots: 0.75ms
[4366.809s][info][gc,phases      ] GC(1228)   Evacuate Collection Set: 133.70ms
[4366.809s][info][gc,phases      ] GC(1228)   Post Evacuate Collection Set: 0.96ms
[4366.809s][info][gc,phases      ] GC(1228)   Other: 0.84ms
[4366.809s][info][gc,heap        ] GC(1228) Eden regions: 1104->0(1117)
[4366.809s][info][gc,heap        ] GC(1228) Survivor regions: 112->111(152)
[4366.809s][info][gc,heap        ] GC(1228) Old regions: 537->472
[4366.809s][info][gc,heap        ] GC(1228) Humongous regions: 80->80
[4366.809s][info][gc,metaspace   ] GC(1228) Metaspace: 28911K(29312K)->28911K(29312K) NonClass: 24043K(24256K)->24043K(24256K) Class: 4868K(5056K)->4868K(5056K)
[4366.809s][info][gc             ] GC(1228) Pause Young (Mixed) (G1 Evacuation Pause) 3664M->1325M(4096M) 136.791ms
[4366.809s][info][gc,cpu         ] GC(1228) User=0.80s Sys=0.00s Real=0.14s
...[4369.047s][info][gc,start       ] GC(1229) Pause Young (Concurrent Start) (G1 Evacuation Pause)
[4369.047s][info][gc,task        ] GC(1229) Using 6 workers of 6 for evacuation
[4369.170s][info][gc,phases      ] GC(1229)   Pre Evacuate Collection Set: 0.39ms
[4369.170s][info][gc,phases      ] GC(1229)   Merge Heap Roots: 0.53ms
[4369.170s][info][gc,phases      ] GC(1229)   Evacuate Collection Set: 120.89ms
[4369.170s][info][gc,phases      ] GC(1229)   Post Evacuate Collection Set: 0.88ms
[4369.170s][info][gc,phases      ] GC(1229)   Other: 0.11ms
[4369.170s][info][gc,heap        ] GC(1229) Eden regions: 1117->0(1116)
[4369.170s][info][gc,heap        ] GC(1229) Survivor regions: 111->112(154)
[4369.170s][info][gc,heap        ] GC(1229) Old regions: 472->505
[4369.170s][info][gc,heap        ] GC(1229) Humongous regions: 80->80
[4369.170s][info][gc,metaspace   ] GC(1229) Metaspace: 28911K(29312K)->28911K(29312K) NonClass: 24043K(24256K)->24043K(24256K) Class: 4868K(5056K)->4868K(5056K)
[4369.170s][info][gc             ] GC(1229) Pause Young (Concurrent Start) (G1 Evacuation Pause) 3559M->1392M(4096M) 122.942ms
[4369.170s][info][gc             ] GC(1230) Concurrent Mark Cycle
[4369.170s][info][gc,marking     ] GC(1230) Concurrent Scan Root Regions
[4369.170s][info][gc,cpu         ] GC(1229) User=0.73s Sys=0.00s Real=0.12s
[4369.353s][info][gc,marking     ] GC(1230) Concurrent Scan Root Regions 183.754ms
[4369.354s][info][gc,marking     ] GC(1230) Concurrent Mark
[4369.354s][info][gc,marking     ] GC(1230) Concurrent Mark From Roots
[4369.354s][info][gc,task        ] GC(1230) Using 2 workers of 2 for marking
.[4370.370s][info][gc,marking     ] GC(1230) Concurrent Mark From Roots 1016.359ms
[4370.370s][info][gc,marking     ] GC(1230) Concurrent Preclean
[4370.370s][info][gc,marking     ] GC(1230) Concurrent Preclean 0.129ms
[4370.375s][info][gc,start       ] GC(1230) Pause Remark
[4370.423s][info][gc             ] GC(1230) Pause Remark 2560M->2560M(4096M) 48.372ms
[4370.423s][info][gc,cpu         ] GC(1230) User=0.04s Sys=0.00s Real=0.05s
[4370.425s][info][gc,marking     ] GC(1230) Concurrent Mark 1071.367ms
[4370.425s][info][gc,marking     ] GC(1230) Concurrent Rebuild Remembered Sets and Scrub Regions
[4370.795s][info][gc,marking     ] GC(1230) Concurrent Rebuild Remembered Sets and Scrub Regions 370.424ms
[4370.796s][info][gc,start       ] GC(1230) Pause Cleanup
[4370.796s][info][gc             ] GC(1230) Pause Cleanup 3010M->3010M(4096M) 0.112ms
[4370.796s][info][gc,cpu         ] GC(1230) User=0.00s Sys=0.00s Real=0.00s
[4370.796s][info][gc,marking     ] GC(1230) Concurrent Clear Claimed Marks
[4370.796s][info][gc,marking     ] GC(1230) Concurrent Clear Claimed Marks 0.024ms
[4370.796s][info][gc,marking     ] GC(1230) Concurrent Cleanup for Next Mark
[4370.800s][info][gc,marking     ] GC(1230) Concurrent Cleanup for Next Mark 4.109ms
[4370.800s][info][gc             ] GC(1230) Concurrent Mark Cycle 1630.176ms
.[4371.436s][info][gc,start       ] GC(1231) Pause Young (Prepare Mixed) (G1 Evacuation Pause)
[4371.436s][info][gc,task        ] GC(1231) Using 6 workers of 6 for evacuation
[4371.557s][info][gc,phases      ] GC(1231)   Pre Evacuate Collection Set: 0.35ms
[4371.557s][info][gc,phases      ] GC(1231)   Merge Heap Roots: 0.60ms
[4371.557s][info][gc,phases      ] GC(1231)   Evacuate Collection Set: 118.90ms
[4371.557s][info][gc,phases      ] GC(1231)   Post Evacuate Collection Set: 0.97ms
[4371.557s][info][gc,phases      ] GC(1231)   Other: 0.08ms
[4371.557s][info][gc,heap        ] GC(1231) Eden regions: 1116->0(1105)
[4371.557s][info][gc,heap        ] GC(1231) Survivor regions: 112->112(154)
[4371.557s][info][gc,heap        ] GC(1231) Old regions: 505->536
[4371.557s][info][gc,heap        ] GC(1231) Humongous regions: 80->80
[4371.557s][info][gc,metaspace   ] GC(1231) Metaspace: 28911K(29312K)->28911K(29312K) NonClass: 24043K(24256K)->24043K(24256K) Class: 4868K(5056K)->4868K(5056K)
[4371.557s][info][gc             ] GC(1231) Pause Young (Prepare Mixed) (G1 Evacuation Pause) 3624M->1455M(4096M) 121.036ms
[4371.557s][info][gc,cpu         ] GC(1231) User=0.72s Sys=0.00s Real=0.12s
..[4373.793s][info][gc,start       ] GC(1232) Pause Young (Mixed) (G1 Evacuation Pause)
[4373.793s][info][gc,task        ] GC(1232) Using 6 workers of 6 for evacuation
[4373.929s][info][gc,phases      ] GC(1232)   Pre Evacuate Collection Set: 0.39ms
[4373.929s][info][gc,phases      ] GC(1232)   Merge Heap Roots: 0.76ms
[4373.929s][info][gc,phases      ] GC(1232)   Evacuate Collection Set: 133.39ms
[4373.929s][info][gc,phases      ] GC(1232)   Post Evacuate Collection Set: 0.96ms
[4373.929s][info][gc,phases      ] GC(1232)   Other: 0.09ms
[4373.929s][info][gc,heap        ] GC(1232) Eden regions: 1105->0(1116)
[4373.929s][info][gc,heap        ] GC(1232) Survivor regions: 112->112(153)
[4373.929s][info][gc,heap        ] GC(1232) Old regions: 536->474
[4373.929s][info][gc,heap        ] GC(1232) Humongous regions: 80->80
[4373.929s][info][gc,metaspace   ] GC(1232) Metaspace: 28911K(29312K)->28911K(29312K) NonClass: 24043K(24256K)->24043K(24256K) Class: 4868K(5056K)->4868K(5056K)
[4373.929s][info][gc             ] GC(1232) Pause Young (Mixed) (G1 Evacuation Pause) 3665M->1329M(4096M) 135.717ms
[4373.929s][info][gc,cpu         ] GC(1232) User=0.81s Sys=0.00s Real=0.13s
...[4376.179s][info][gc,start       ] GC(1233) Pause Young (Concurrent Start) (G1 Evacuation Pause)
[4376.179s][info][gc,task        ] GC(1233) Using 6 workers of 6 for evacuation
[4376.297s][info][gc,phases      ] GC(1233)   Pre Evacuate Collection Set: 0.39ms
[4376.297s][info][gc,phases      ] GC(1233)   Merge Heap Roots: 0.51ms
[4376.297s][info][gc,phases      ] GC(1233)   Evacuate Collection Set: 116.13ms
[4376.297s][info][gc,phases      ] GC(1233)   Post Evacuate Collection Set: 0.89ms
[4376.297s][info][gc,phases      ] GC(1233)   Other: 0.12ms
[4376.297s][info][gc,heap        ] GC(1233) Eden regions: 1116->0(1118)
[4376.297s][info][gc,heap        ] GC(1233) Survivor regions: 112->110(154)
[4376.297s][info][gc,heap        ] GC(1233) Old regions: 474->507
[4376.297s][info][gc,heap        ] GC(1233) Humongous regions: 80->80
[4376.297s][info][gc,metaspace   ] GC(1233) Metaspace: 28911K(29312K)->28911K(29312K) NonClass: 24043K(24256K)->24043K(24256K) Class: 4868K(5056K)->4868K(5056K)
[4376.297s][info][gc             ] GC(1233) Pause Young (Concurrent Start) (G1 Evacuation Pause) 3561M->1392M(4096M) 118.184ms
[4376.297s][info][gc             ] GC(1234) Concurrent Mark Cycle
[4376.297s][info][gc,marking     ] GC(1234) Concurrent Scan Root Regions
[4376.297s][info][gc,cpu         ] GC(1233) User=0.70s Sys=0.00s Real=0.12s
[4376.469s][info][gc,marking     ] GC(1234) Concurrent Scan Root Regions 171.359ms
[4376.469s][info][gc,marking     ] GC(1234) Concurrent Mark
[4376.469s][info][gc,marking     ] GC(1234) Concurrent Mark From Roots
[4376.469s][info][gc,task        ] GC(1234) Using 2 workers of 2 for marking
.[4377.521s][info][gc,marking     ] GC(1234) Concurrent Mark From Roots 1051.798ms
[4377.521s][info][gc,marking     ] GC(1234) Concurrent Preclean
[4377.521s][info][gc,marking     ] GC(1234) Concurrent Preclean 0.149ms
[4377.525s][info][gc,start       ] GC(1234) Pause Remark
[4377.532s][info][gc             ] GC(1234) Pause Remark 2504M->2504M(4096M) 6.864ms
[4377.532s][info][gc,cpu         ] GC(1234) User=0.04s Sys=0.00s Real=0.00s
[4377.532s][info][gc,marking     ] GC(1234) Concurrent Mark 1063.638ms
[4377.532s][info][gc,marking     ] GC(1234) Concurrent Rebuild Remembered Sets and Scrub Regions
[4377.899s][info][gc,marking     ] GC(1234) Concurrent Rebuild Remembered Sets and Scrub Regions 366.728ms
[4377.900s][info][gc,start       ] GC(1234) Pause Cleanup
[4377.900s][info][gc             ] GC(1234) Pause Cleanup 2946M->2946M(4096M) 0.131ms
[4377.900s][info][gc,cpu         ] GC(1234) User=0.00s Sys=0.00s Real=0.00s
[4377.900s][info][gc,marking     ] GC(1234) Concurrent Clear Claimed Marks
[4377.900s][info][gc,marking     ] GC(1234) Concurrent Clear Claimed Marks 0.028ms
[4377.900s][info][gc,marking     ] GC(1234) Concurrent Cleanup for Next Mark
[4377.906s][info][gc,marking     ] GC(1234) Concurrent Cleanup for Next Mark 6.140ms
[4377.906s][info][gc             ] GC(1234) Concurrent Mark Cycle 1608.957ms
.[4378.571s][info][gc,start       ] GC(1235) Pause Young (Prepare Mixed) (G1 Evacuation Pause)
[4378.571s][info][gc,task        ] GC(1235) Using 6 workers of 6 for evacuation
[4378.695s][info][gc,phases      ] GC(1235)   Pre Evacuate Collection Set: 0.36ms
[4378.695s][info][gc,phases      ] GC(1235)   Merge Heap Roots: 0.57ms
[4378.695s][info][gc,phases      ] GC(1235)   Evacuate Collection Set: 121.31ms
[4378.695s][info][gc,phases      ] GC(1235)   Post Evacuate Collection Set: 0.92ms
[4378.695s][info][gc,phases      ] GC(1235)   Other: 0.09ms
[4378.695s][info][gc,heap        ] GC(1235) Eden regions: 1118->0(1097)
[4378.695s][info][gc,heap        ] GC(1235) Survivor regions: 110->115(154)
[4378.695s][info][gc,heap        ] GC(1235) Old regions: 507->538
[4378.695s][info][gc,heap        ] GC(1235) Humongous regions: 80->80
[4378.695s][info][gc,metaspace   ] GC(1235) Metaspace: 28911K(29312K)->28911K(29312K) NonClass: 24043K(24256K)->24043K(24256K) Class: 4868K(5056K)->4868K(5056K)
[4378.695s][info][gc             ] GC(1235) Pause Young (Prepare Mixed) (G1 Evacuation Pause) 3628M->1465M(4096M) 123.405ms
[4378.695s][info][gc,cpu         ] GC(1235) User=0.73s Sys=0.00s Real=0.13s
..[4380.962s][info][gc,start       ] GC(1236) Pause Young (Mixed) (G1 Evacuation Pause)
[4380.962s][info][gc,task        ] GC(1236) Using 6 workers of 6 for evacuation
[4381.097s][info][gc,phases      ] GC(1236)   Pre Evacuate Collection Set: 0.38ms
[4381.097s][info][gc,phases      ] GC(1236)   Merge Heap Roots: 0.67ms
[4381.097s][info][gc,phases      ] GC(1236)   Evacuate Collection Set: 132.84ms
[4381.097s][info][gc,phases      ] GC(1236)   Post Evacuate Collection Set: 0.94ms
[4381.097s][info][gc,phases      ] GC(1236)   Other: 0.09ms
[4381.097s][info][gc,heap        ] GC(1236) Eden regions: 1097->0(1117)
[4381.097s][info][gc,heap        ] GC(1236) Survivor regions: 115->111(152)
[4381.097s][info][gc,heap        ] GC(1236) Old regions: 538->473
[4381.097s][info][gc,heap        ] GC(1236) Humongous regions: 80->80
[4381.097s][info][gc,metaspace   ] GC(1236) Metaspace: 28911K(29312K)->28911K(29312K) NonClass: 24043K(24256K)->24043K(24256K) Class: 4868K(5056K)->4868K(5056K)
[4381.097s][info][gc             ] GC(1236) Pause Young (Mixed) (G1 Evacuation Pause) 3659M->1326M(4096M) 135.057ms
[4381.097s][info][gc,cpu         ] GC(1236) User=0.80s Sys=0.00s Real=0.14s
..[4383.280s][info][gc,start       ] GC(1237) Pause Young (Concurrent Start) (G1 Evacuation Pause)
[4383.280s][info][gc,task        ] GC(1237) Using 6 workers of 6 for evacuation
[4383.402s][info][gc,phases      ] GC(1237)   Pre Evacuate Collection Set: 0.36ms
[4383.402s][info][gc,phases      ] GC(1237)   Merge Heap Roots: 0.46ms
[4383.402s][info][gc,phases      ] GC(1237)   Evacuate Collection Set: 120.29ms
[4383.402s][info][gc,phases      ] GC(1237)   Post Evacuate Collection Set: 0.88ms
[4383.402s][info][gc,phases      ] GC(1237)   Other: 0.11ms
[4383.402s][info][gc,heap        ] GC(1237) Eden regions: 1117->0(1116)
[4383.402s][info][gc,heap        ] GC(1237) Survivor regions: 111->112(154)
[4383.402s][info][gc,heap        ] GC(1237) Old regions: 473->506
[4383.402s][info][gc,heap        ] GC(1237) Humongous regions: 80->80
[4383.402s][info][gc,metaspace   ] GC(1237) Metaspace: 28911K(29312K)->28911K(29312K) NonClass: 24043K(24256K)->24043K(24256K) Class: 4868K(5056K)->4868K(5056K)
[4383.402s][info][gc             ] GC(1237) Pause Young (Concurrent Start) (G1 Evacuation Pause) 3560M->1395M(4096M) 122.227ms
[4383.402s][info][gc             ] GC(1238) Concurrent Mark Cycle
[4383.402s][info][gc,marking     ] GC(1238) Concurrent Scan Root Regions
[4383.402s][info][gc,cpu         ] GC(1237) User=0.72s Sys=0.00s Real=0.12s
.[4383.583s][info][gc,marking     ] GC(1238) Concurrent Scan Root Regions 180.638ms
[4383.583s][info][gc,marking     ] GC(1238) Concurrent Mark
[4383.583s][info][gc,marking     ] GC(1238) Concurrent Mark From Roots
[4383.583s][info][gc,task        ] GC(1238) Using 2 workers of 2 for marking
.[4384.552s][info][gc,marking     ] GC(1238) Concurrent Mark From Roots 969.401ms
[4384.552s][info][gc,marking     ] GC(1238) Concurrent Preclean
[4384.552s][info][gc,marking     ] GC(1238) Concurrent Preclean 0.154ms
[4384.555s][info][gc,start       ] GC(1238) Pause Remark
[4384.560s][info][gc             ] GC(1238) Pause Remark 2483M->2483M(4096M) 5.501ms
[4384.561s][info][gc,cpu         ] GC(1238) User=0.03s Sys=0.00s Real=0.00s
[4384.561s][info][gc,marking     ] GC(1238) Concurrent Mark 978.537ms
[4384.561s][info][gc,marking     ] GC(1238) Concurrent Rebuild Remembered Sets and Scrub Regions
[4384.838s][info][gc,marking     ] GC(1238) Concurrent Rebuild Remembered Sets and Scrub Regions 276.659ms
[4384.838s][info][gc,start       ] GC(1238) Pause Cleanup
[4384.838s][info][gc             ] GC(1238) Pause Cleanup 2751M->2751M(4096M) 0.137ms
[4384.838s][info][gc,cpu         ] GC(1238) User=0.00s Sys=0.00s Real=0.00s
[4384.839s][info][gc,marking     ] GC(1238) Concurrent Clear Claimed Marks
[4384.839s][info][gc,marking     ] GC(1238) Concurrent Clear Claimed Marks 0.035ms
[4384.839s][info][gc,marking     ] GC(1238) Concurrent Cleanup for Next Mark
[4384.844s][info][gc,marking     ] GC(1238) Concurrent Cleanup for Next Mark 4.798ms
[4384.844s][info][gc             ] GC(1238) Concurrent Mark Cycle 1441.876ms
.[4385.717s][info][gc,start       ] GC(1239) Pause Young (Prepare Mixed) (G1 Evacuation Pause)
[4385.717s][info][gc,task        ] GC(1239) Using 6 workers of 6 for evacuation
[4385.837s][info][gc,phases      ] GC(1239)   Pre Evacuate Collection Set: 0.36ms
[4385.837s][info][gc,phases      ] GC(1239)   Merge Heap Roots: 0.59ms
[4385.837s][info][gc,phases      ] GC(1239)   Evacuate Collection Set: 117.30ms
[4385.837s][info][gc,phases      ] GC(1239)   Post Evacuate Collection Set: 0.93ms
[4385.837s][info][gc,phases      ] GC(1239)   Other: 0.08ms
[4385.837s][info][gc,heap        ] GC(1239) Eden regions: 1116->0(1106)
[4385.837s][info][gc,heap        ] GC(1239) Survivor regions: 112->111(154)
[4385.837s][info][gc,heap        ] GC(1239) Old regions: 506->537
[4385.837s][info][gc,heap        ] GC(1239) Humongous regions: 80->80
[4385.837s][info][gc,metaspace   ] GC(1239) Metaspace: 28911K(29312K)->28911K(29312K) NonClass: 24043K(24256K)->24043K(24256K) Class: 4868K(5056K)->4868K(5056K)
[4385.837s][info][gc             ] GC(1239) Pause Young (Prepare Mixed) (G1 Evacuation Pause) 3627M->1455M(4096M) 119.410ms
[4385.837s][info][gc,cpu         ] GC(1239) User=0.71s Sys=0.00s Real=0.12s
..[4388.123s][info][gc,start       ] GC(1240) Pause Young (Mixed) (G1 Evacuation Pause)
[4388.123s][info][gc,task        ] GC(1240) Using 6 workers of 6 for evacuation
[4388.255s][info][gc,phases      ] GC(1240)   Pre Evacuate Collection Set: 0.42ms
[4388.255s][info][gc,phases      ] GC(1240)   Merge Heap Roots: 0.77ms
[4388.255s][info][gc,phases      ] GC(1240)   Evacuate Collection Set: 129.65ms
[4388.255s][info][gc,phases      ] GC(1240)   Post Evacuate Collection Set: 0.99ms
[4388.255s][info][gc,phases      ] GC(1240)   Other: 0.09ms
[4388.255s][info][gc,heap        ] GC(1240) Eden regions: 1106->0(1118)
[4388.255s][info][gc,heap        ] GC(1240) Survivor regions: 111->110(153)
[4388.255s][info][gc,heap        ] GC(1240) Old regions: 537->475
[4388.255s][info][gc,heap        ] GC(1240) Humongous regions: 80->80
[4388.255s][info][gc,metaspace   ] GC(1240) Metaspace: 28911K(29312K)->28911K(29312K) NonClass: 24043K(24256K)->24043K(24256K) Class: 4868K(5056K)->4868K(5056K)
[4388.255s][info][gc             ] GC(1240) Pause Young (Mixed) (G1 Evacuation Pause) 3667M->1327M(4096M) 132.071ms
[4388.255s][info][gc,cpu         ] GC(1240) User=0.78s Sys=0.00s Real=0.13s
..[4390.485s][info][gc,start       ] GC(1241) Pause Young (Concurrent Start) (G1 Evacuation Pause)
[4390.485s][info][gc,task        ] GC(1241) Using 6 workers of 6 for evacuation
[4390.612s][info][gc,phases      ] GC(1241)   Pre Evacuate Collection Set: 0.41ms
[4390.612s][info][gc,phases      ] GC(1241)   Merge Heap Roots: 0.48ms
[4390.612s][info][gc,phases      ] GC(1241)   Evacuate Collection Set: 125.04ms
[4390.612s][info][gc,phases      ] GC(1241)   Post Evacuate Collection Set: 0.91ms
[4390.612s][info][gc,phases      ] GC(1241)   Other: 0.10ms
[4390.612s][info][gc,heap        ] GC(1241) Eden regions: 1118->0(1111)
[4390.612s][info][gc,heap        ] GC(1241) Survivor regions: 110->117(154)
[4390.612s][info][gc,heap        ] GC(1241) Old regions: 475->507
[4390.612s][info][gc,heap        ] GC(1241) Humongous regions: 80->80
[4390.612s][info][gc,metaspace   ] GC(1241) Metaspace: 28911K(29312K)->28911K(29312K) NonClass: 24043K(24256K)->24043K(24256K) Class: 4868K(5056K)->4868K(5056K)
[4390.612s][info][gc             ] GC(1241) Pause Young (Concurrent Start) (G1 Evacuation Pause) 3563M->1407M(4096M) 127.078ms
[4390.612s][info][gc             ] GC(1242) Concurrent Mark Cycle
[4390.612s][info][gc,marking     ] GC(1242) Concurrent Scan Root Regions
[4390.612s][info][gc,cpu         ] GC(1241) User=0.75s Sys=0.00s Real=0.12s
.[4390.762s][info][gc,marking     ] GC(1242) Concurrent Scan Root Regions 150.282ms
[4390.762s][info][gc,marking     ] GC(1242) Concurrent Mark
[4390.762s][info][gc,marking     ] GC(1242) Concurrent Mark From Roots
[4390.762s][info][gc,task        ] GC(1242) Using 2 workers of 2 for marking
[4391.530s][info][gc,marking     ] GC(1242) Concurrent Mark From Roots 768.092ms
[4391.530s][info][gc,marking     ] GC(1242) Concurrent Preclean
[4391.531s][info][gc,marking     ] GC(1242) Concurrent Preclean 0.131ms
[4391.533s][info][gc,start       ] GC(1242) Pause Remark
[4391.538s][info][gc             ] GC(1242) Pause Remark 2189M->2189M(4096M) 4.775ms
[4391.538s][info][gc,cpu         ] GC(1242) User=0.03s Sys=0.00s Real=0.01s
[4391.538s][info][gc,marking     ] GC(1242) Concurrent Mark 775.543ms
[4391.538s][info][gc,marking     ] GC(1242) Concurrent Rebuild Remembered Sets and Scrub Regions
.[4391.922s][info][gc,marking     ] GC(1242) Concurrent Rebuild Remembered Sets and Scrub Regions 384.372ms
[4391.924s][info][gc,start       ] GC(1242) Pause Cleanup
[4391.924s][info][gc             ] GC(1242) Pause Cleanup 2597M->2597M(4096M) 0.126ms
[4391.924s][info][gc,cpu         ] GC(1242) User=0.00s Sys=0.00s Real=0.00s
[4391.924s][info][gc,marking     ] GC(1242) Concurrent Clear Claimed Marks
[4391.924s][info][gc,marking     ] GC(1242) Concurrent Clear Claimed Marks 0.028ms
[4391.924s][info][gc,marking     ] GC(1242) Concurrent Cleanup for Next Mark
[4391.932s][info][gc,marking     ] GC(1242) Concurrent Cleanup for Next Mark 7.782ms
[4391.932s][info][gc             ] GC(1242) Concurrent Mark Cycle 1319.809ms
.[4392.871s][info][gc,start       ] GC(1243) Pause Young (Prepare Mixed) (G1 Evacuation Pause)
[4392.871s][info][gc,task        ] GC(1243) Using 6 workers of 6 for evacuation
[4392.988s][info][gc,phases      ] GC(1243)   Pre Evacuate Collection Set: 0.35ms
[4392.988s][info][gc,phases      ] GC(1243)   Merge Heap Roots: 0.60ms
[4392.988s][info][gc,phases      ] GC(1243)   Evacuate Collection Set: 115.36ms
[4392.988s][info][gc,phases      ] GC(1243)   Post Evacuate Collection Set: 0.93ms
[4392.988s][info][gc,phases      ] GC(1243)   Other: 0.08ms
[4392.988s][info][gc,heap        ] GC(1243) Eden regions: 1111->0(1109)
[4392.988s][info][gc,heap        ] GC(1243) Survivor regions: 117->109(154)
[4392.988s][info][gc,heap        ] GC(1243) Old regions: 507->538
[4392.988s][info][gc,heap        ] GC(1243) Humongous regions: 80->80
[4392.988s][info][gc,metaspace   ] GC(1243) Metaspace: 28911K(29312K)->28911K(29312K) NonClass: 24043K(24256K)->24043K(24256K) Class: 4868K(5056K)->4868K(5056K)
[4392.988s][info][gc             ] GC(1243) Pause Young (Prepare Mixed) (G1 Evacuation Pause) 3629M->1453M(4096M) 117.484ms
[4392.988s][info][gc,cpu         ] GC(1243) User=0.69s Sys=0.00s Real=0.12s
..[4395.253s][info][gc,start       ] GC(1244) Pause Young (Mixed) (G1 Evacuation Pause)
[4395.253s][info][gc,task        ] GC(1244) Using 6 workers of 6 for evacuation
[4395.389s][info][gc,phases      ] GC(1244)   Pre Evacuate Collection Set: 0.38ms
[4395.389s][info][gc,phases      ] GC(1244)   Merge Heap Roots: 0.71ms
[4395.389s][info][gc,phases      ] GC(1244)   Evacuate Collection Set: 133.43ms
[4395.389s][info][gc,phases      ] GC(1244)   Post Evacuate Collection Set: 0.95ms
[4395.389s][info][gc,phases      ] GC(1244)   Other: 0.09ms
[4395.389s][info][gc,heap        ] GC(1244) Eden regions: 1109->0(1117)
[4395.389s][info][gc,heap        ] GC(1244) Survivor regions: 109->111(153)
[4395.389s][info][gc,heap        ] GC(1244) Old regions: 538->472
[4395.389s][info][gc,heap        ] GC(1244) Humongous regions: 80->80
[4395.389s][info][gc,metaspace   ] GC(1244) Metaspace: 28911K(29312K)->28911K(29312K) NonClass: 24043K(24256K)->24043K(24256K) Class: 4868K(5056K)->4868K(5056K)
[4395.389s][info][gc             ] GC(1244) Pause Young (Mixed) (G1 Evacuation Pause) 3671M->1324M(4096M) 135.693ms
[4395.389s][info][gc,cpu         ] GC(1244) User=0.80s Sys=0.01s Real=0.14s
..[4397.632s][info][gc,start       ] GC(1245) Pause Young (Concurrent Start) (G1 Evacuation Pause)
[4397.632s][info][gc,task        ] GC(1245) Using 6 workers of 6 for evacuation
[4397.746s][info][gc,phases      ] GC(1245)   Pre Evacuate Collection Set: 0.38ms
[4397.746s][info][gc,phases      ] GC(1245)   Merge Heap Roots: 0.46ms
[4397.746s][info][gc,phases      ] GC(1245)   Evacuate Collection Set: 112.09ms
[4397.746s][info][gc,phases      ] GC(1245)   Post Evacuate Collection Set: 0.89ms
[4397.746s][info][gc,phases      ] GC(1245)   Other: 0.11ms
[4397.746s][info][gc,heap        ] GC(1245) Eden regions: 1117->0(1121)
[4397.746s][info][gc,heap        ] GC(1245) Survivor regions: 111->107(154)
[4397.746s][info][gc,heap        ] GC(1245) Old regions: 472->504
[4397.746s][info][gc,heap        ] GC(1245) Humongous regions: 80->80
[4397.746s][info][gc,metaspace   ] GC(1245) Metaspace: 28911K(29312K)->28911K(29312K) NonClass: 24043K(24256K)->24043K(24256K) Class: 4868K(5056K)->4868K(5056K)
[4397.746s][info][gc             ] GC(1245) Pause Young (Concurrent Start) (G1 Evacuation Pause) 3558M->1379M(4096M) 114.066ms
[4397.746s][info][gc             ] GC(1246) Concurrent Mark Cycle
[4397.746s][info][gc,marking     ] GC(1246) Concurrent Scan Root Regions
[4397.746s][info][gc,cpu         ] GC(1245) User=0.67s Sys=0.00s Real=0.12s
.[4397.891s][info][gc,marking     ] GC(1246) Concurrent Scan Root Regions 144.411ms
[4397.891s][info][gc,marking     ] GC(1246) Concurrent Mark
[4397.891s][info][gc,marking     ] GC(1246) Concurrent Mark From Roots
[4397.891s][info][gc,task        ] GC(1246) Using 2 workers of 2 for marking
[4398.622s][info][gc,marking     ] GC(1246) Concurrent Mark From Roots 730.777ms
[4398.622s][info][gc,marking     ] GC(1246) Concurrent Preclean
[4398.622s][info][gc,marking     ] GC(1246) Concurrent Preclean 0.162ms
[4398.623s][info][gc,start       ] GC(1246) Pause Remark
[4398.628s][info][gc             ] GC(1246) Pause Remark 2139M->2139M(4096M) 4.987ms
[4398.628s][info][gc,cpu         ] GC(1246) User=0.03s Sys=0.00s Real=0.01s
[4398.628s][info][gc,marking     ] GC(1246) Concurrent Mark 737.128ms
[4398.628s][info][gc,marking     ] GC(1246) Concurrent Rebuild Remembered Sets and Scrub Regions
.[4398.897s][info][gc,marking     ] GC(1246) Concurrent Rebuild Remembered Sets and Scrub Regions 269.260ms
[4398.897s][info][gc,start       ] GC(1246) Pause Cleanup
[4398.898s][info][gc             ] GC(1246) Pause Cleanup 2406M->2406M(4096M) 0.110ms
[4398.898s][info][gc,cpu         ] GC(1246) User=0.00s Sys=0.00s Real=0.00s
[4398.900s][info][gc,marking     ] GC(1246) Concurrent Clear Claimed Marks
[4398.900s][info][gc,marking     ] GC(1246) Concurrent Clear Claimed Marks 0.041ms
[4398.900s][info][gc,marking     ] GC(1246) Concurrent Cleanup for Next Mark
[4398.908s][info][gc,marking     ] GC(1246) Concurrent Cleanup for Next Mark 7.415ms
[4398.908s][info][gc             ] GC(1246) Concurrent Mark Cycle 1161.379ms
.[4400.149s][info][gc,start       ] GC(1247) Pause Young (Prepare Mixed) (G1 Evacuation Pause)
[4400.149s][info][gc,task        ] GC(1247) Using 6 workers of 6 for evacuation
[4400.267s][info][gc,phases      ] GC(1247)   Pre Evacuate Collection Set: 0.31ms
[4400.267s][info][gc,phases      ] GC(1247)   Merge Heap Roots: 0.55ms
[4400.267s][info][gc,phases      ] GC(1247)   Evacuate Collection Set: 115.80ms
[4400.267s][info][gc,phases      ] GC(1247)   Post Evacuate Collection Set: 0.91ms
[4400.267s][info][gc,phases      ] GC(1247)   Other: 0.09ms
[4400.267s][info][gc,heap        ] GC(1247) Eden regions: 1121->0(1109)
[4400.267s][info][gc,heap        ] GC(1247) Survivor regions: 107->110(154)
[4400.267s][info][gc,heap        ] GC(1247) Old regions: 504->536
[4400.267s][info][gc,heap        ] GC(1247) Humongous regions: 80->80
[4400.267s][info][gc,metaspace   ] GC(1247) Metaspace: 28911K(29312K)->28911K(29312K) NonClass: 24043K(24256K)->24043K(24256K) Class: 4868K(5056K)->4868K(5056K)
[4400.267s][info][gc             ] GC(1247) Pause Young (Prepare Mixed) (G1 Evacuation Pause) 3621M->1450M(4096M) 117.794ms
[4400.267s][info][gc,cpu         ] GC(1247) User=0.69s Sys=0.00s Real=0.12s
..[4402.486s][info][gc,start       ] GC(1248) Pause Young (Mixed) (G1 Evacuation Pause)
[4402.486s][info][gc,task        ] GC(1248) Using 6 workers of 6 for evacuation
[4402.621s][info][gc,phases      ] GC(1248)   Pre Evacuate Collection Set: 0.39ms
[4402.622s][info][gc,phases      ] GC(1248)   Merge Heap Roots: 0.64ms
[4402.622s][info][gc,phases      ] GC(1248)   Evacuate Collection Set: 132.96ms
[4402.622s][info][gc,phases      ] GC(1248)   Post Evacuate Collection Set: 0.97ms
[4402.622s][info][gc,phases      ] GC(1248)   Other: 0.09ms
[4402.622s][info][gc,heap        ] GC(1248) Eden regions: 1109->0(1115)
[4402.622s][info][gc,heap        ] GC(1248) Survivor regions: 110->113(153)
[4402.622s][info][gc,heap        ] GC(1248) Old regions: 536->474
[4402.622s][info][gc,heap        ] GC(1248) Humongous regions: 80->80
[4402.622s][info][gc,metaspace   ] GC(1248) Metaspace: 28911K(29312K)->28911K(29312K) NonClass: 24043K(24256K)->24043K(24256K) Class: 4868K(5056K)->4868K(5056K)
[4402.622s][info][gc             ] GC(1248) Pause Young (Mixed) (G1 Evacuation Pause) 3668M->1332M(4096M) 135.175ms
[4402.622s][info][gc,cpu         ] GC(1248) User=0.80s Sys=0.00s Real=0.13s
...[4404.934s][info][gc,start       ] GC(1249) Pause Young (Concurrent Start) (G1 Evacuation Pause)
[4404.934s][info][gc,task        ] GC(1249) Using 6 workers of 6 for evacuation
[4405.052s][info][gc,phases      ] GC(1249)   Pre Evacuate Collection Set: 0.37ms
[4405.052s][info][gc,phases      ] GC(1249)   Merge Heap Roots: 0.46ms
[4405.052s][info][gc,phases      ] GC(1249)   Evacuate Collection Set: 116.15ms
[4405.052s][info][gc,phases      ] GC(1249)   Post Evacuate Collection Set: 0.87ms
[4405.052s][info][gc,phases      ] GC(1249)   Other: 0.12ms
[4405.052s][info][gc,heap        ] GC(1249) Eden regions: 1115->0(1118)
[4405.052s][info][gc,heap        ] GC(1249) Survivor regions: 113->110(154)
[4405.052s][info][gc,heap        ] GC(1249) Old regions: 474->506
[4405.052s][info][gc,heap        ] GC(1249) Humongous regions: 80->80
[4405.052s][info][gc,metaspace   ] GC(1249) Metaspace: 28911K(29312K)->28911K(29312K) NonClass: 24043K(24256K)->24043K(24256K) Class: 4868K(5056K)->4868K(5056K)
[4405.052s][info][gc             ] GC(1249) Pause Young (Concurrent Start) (G1 Evacuation Pause) 3562M->1390M(4096M) 118.099ms
[4405.052s][info][gc             ] GC(1250) Concurrent Mark Cycle
[4405.052s][info][gc,marking     ] GC(1250) Concurrent Scan Root Regions
[4405.052s][info][gc,cpu         ] GC(1249) User=0.70s Sys=0.00s Real=0.11s
[4405.229s][info][gc,marking     ] GC(1250) Concurrent Scan Root Regions 177.478ms
[4405.229s][info][gc,marking     ] GC(1250) Concurrent Mark
[4405.229s][info][gc,marking     ] GC(1250) Concurrent Mark From Roots
[4405.229s][info][gc,task        ] GC(1250) Using 2 workers of 2 for marking
.[4406.153s][info][gc,marking     ] GC(1250) Concurrent Mark From Roots 923.992ms
[4406.153s][info][gc,marking     ] GC(1250) Concurrent Preclean
[4406.154s][info][gc,marking     ] GC(1250) Concurrent Preclean 0.149ms
[4406.154s][info][gc,start       ] GC(1250) Pause Remark
[4406.161s][info][gc             ] GC(1250) Pause Remark 2424M->2424M(4096M) 6.942ms
[4406.161s][info][gc,cpu         ] GC(1250) User=0.04s Sys=0.00s Real=0.00s
[4406.161s][info][gc,marking     ] GC(1250) Concurrent Mark 931.457ms
[4406.161s][info][gc,marking     ] GC(1250) Concurrent Rebuild Remembered Sets and Scrub Regions
[4406.550s][info][gc,marking     ] GC(1250) Concurrent Rebuild Remembered Sets and Scrub Regions 389.610ms
[4406.551s][info][gc,start       ] GC(1250) Pause Cleanup
[4406.551s][info][gc             ] GC(1250) Pause Cleanup 2789M->2789M(4096M) 0.108ms
[4406.551s][info][gc,cpu         ] GC(1250) User=0.00s Sys=0.00s Real=0.00s
[4406.553s][info][gc,marking     ] GC(1250) Concurrent Clear Claimed Marks
[4406.553s][info][gc,marking     ] GC(1250) Concurrent Clear Claimed Marks 0.064ms
[4406.553s][info][gc,marking     ] GC(1250) Concurrent Cleanup for Next Mark
[4406.560s][info][gc,marking     ] GC(1250) Concurrent Cleanup for Next Mark 7.106ms
[4406.560s][info][gc             ] GC(1250) Concurrent Mark Cycle 1508.094ms
.[4407.388s][info][gc,start       ] GC(1251) Pause Young (Prepare Mixed) (G1 Evacuation Pause)
[4407.388s][info][gc,task        ] GC(1251) Using 6 workers of 6 for evacuation
[4407.510s][info][gc,phases      ] GC(1251)   Pre Evacuate Collection Set: 0.34ms
[4407.510s][info][gc,phases      ] GC(1251)   Merge Heap Roots: 0.55ms
[4407.510s][info][gc,phases      ] GC(1251)   Evacuate Collection Set: 120.15ms
[4407.510s][info][gc,phases      ] GC(1251)   Post Evacuate Collection Set: 0.94ms
[4407.510s][info][gc,phases      ] GC(1251)   Other: 0.09ms
[4407.510s][info][gc,heap        ] GC(1251) Eden regions: 1118->0(1099)
[4407.510s][info][gc,heap        ] GC(1251) Survivor regions: 110->115(154)
[4407.510s][info][gc,heap        ] GC(1251) Old regions: 506->536
[4407.510s][info][gc,heap        ] GC(1251) Humongous regions: 80->80
[4407.510s][info][gc,metaspace   ] GC(1251) Metaspace: 28911K(29312K)->28911K(29312K) NonClass: 24043K(24256K)->24043K(24256K) Class: 4868K(5056K)->4868K(5056K)
[4407.510s][info][gc             ] GC(1251) Pause Young (Prepare Mixed) (G1 Evacuation Pause) 3626M->1460M(4096M) 122.197ms
[4407.510s][info][gc,cpu         ] GC(1251) User=0.72s Sys=0.01s Real=0.12s
..[4409.681s][info][gc,start       ] GC(1252) Pause Young (Mixed) (G1 Evacuation Pause)
[4409.681s][info][gc,task        ] GC(1252) Using 6 workers of 6 for evacuation
[4409.818s][info][gc,phases      ] GC(1252)   Pre Evacuate Collection Set: 0.39ms
[4409.818s][info][gc,phases      ] GC(1252)   Merge Heap Roots: 0.80ms
[4409.818s][info][gc,phases      ] GC(1252)   Evacuate Collection Set: 135.09ms
[4409.818s][info][gc,phases      ] GC(1252)   Post Evacuate Collection Set: 0.95ms
[4409.818s][info][gc,phases      ] GC(1252)   Other: 0.08ms
[4409.818s][info][gc,heap        ] GC(1252) Eden regions: 1099->0(1119)
[4409.818s][info][gc,heap        ] GC(1252) Survivor regions: 115->109(152)
[4409.818s][info][gc,heap        ] GC(1252) Old regions: 536->473
[4409.818s][info][gc,heap        ] GC(1252) Humongous regions: 80->80
[4409.818s][info][gc,metaspace   ] GC(1252) Metaspace: 28911K(29312K)->28911K(29312K) NonClass: 24043K(24256K)->24043K(24256K) Class: 4868K(5056K)->4868K(5056K)
[4409.818s][info][gc             ] GC(1252) Pause Young (Mixed) (G1 Evacuation Pause) 3658M->1323M(4096M) 137.446ms
[4409.818s][info][gc,cpu         ] GC(1252) User=0.82s Sys=0.00s Real=0.14s
...[4412.118s][info][gc,start       ] GC(1253) Pause Young (Concurrent Start) (G1 Evacuation Pause)
[4412.118s][info][gc,task        ] GC(1253) Using 6 workers of 6 for evacuation
[4412.236s][info][gc,phases      ] GC(1253)   Pre Evacuate Collection Set: 0.42ms
[4412.236s][info][gc,phases      ] GC(1253)   Merge Heap Roots: 0.49ms
[4412.236s][info][gc,phases      ] GC(1253)   Evacuate Collection Set: 116.45ms
[4412.236s][info][gc,phases      ] GC(1253)   Post Evacuate Collection Set: 0.88ms
[4412.236s][info][gc,phases      ] GC(1253)   Other: 0.11ms
[4412.236s][info][gc,heap        ] GC(1253) Eden regions: 1119->0(1118)
[4412.236s][info][gc,heap        ] GC(1253) Survivor regions: 109->110(154)
[4412.236s][info][gc,heap        ] GC(1253) Old regions: 473->506
[4412.236s][info][gc,heap        ] GC(1253) Humongous regions: 80->80
[4412.236s][info][gc,metaspace   ] GC(1253) Metaspace: 28911K(29312K)->28911K(29312K) NonClass: 24043K(24256K)->24043K(24256K) Class: 4868K(5056K)->4868K(5056K)
[4412.236s][info][gc             ] GC(1253) Pause Young (Concurrent Start) (G1 Evacuation Pause) 3561M->1390M(4096M) 118.491ms
[4412.236s][info][gc             ] GC(1254) Concurrent Mark Cycle
[4412.236s][info][gc,marking     ] GC(1254) Concurrent Scan Root Regions
[4412.236s][info][gc,cpu         ] GC(1253) User=0.70s Sys=0.00s Real=0.12s
[4412.420s][info][gc,marking     ] GC(1254) Concurrent Scan Root Regions 183.670ms
[4412.420s][info][gc,marking     ] GC(1254) Concurrent Mark
[4412.420s][info][gc,marking     ] GC(1254) Concurrent Mark From Roots
[4412.420s][info][gc,task        ] GC(1254) Using 2 workers of 2 for marking
.[4413.187s][info][gc,marking     ] GC(1254) Concurrent Mark From Roots 767.100ms
[4413.187s][info][gc,marking     ] GC(1254) Concurrent Preclean
[4413.187s][info][gc,marking     ] GC(1254) Concurrent Preclean 0.143ms
[4413.189s][info][gc,start       ] GC(1254) Pause Remark
[4413.193s][info][gc             ] GC(1254) Pause Remark 2250M->2250M(4096M) 3.124ms
[4413.193s][info][gc,cpu         ] GC(1254) User=0.01s Sys=0.00s Real=0.00s
[4413.193s][info][gc,marking     ] GC(1254) Concurrent Mark 772.696ms
[4413.193s][info][gc,marking     ] GC(1254) Concurrent Rebuild Remembered Sets and Scrub Regions
[4413.603s][info][gc,marking     ] GC(1254) Concurrent Rebuild Remembered Sets and Scrub Regions 410.368ms
[4413.605s][info][gc,start       ] GC(1254) Pause Cleanup
[4413.605s][info][gc             ] GC(1254) Pause Cleanup 2638M->2638M(4096M) 0.127ms
[4413.605s][info][gc,cpu         ] GC(1254) User=0.00s Sys=0.00s Real=0.00s
[4413.606s][info][gc,marking     ] GC(1254) Concurrent Clear Claimed Marks
[4413.606s][info][gc,marking     ] GC(1254) Concurrent Clear Claimed Marks 0.036ms
[4413.606s][info][gc,marking     ] GC(1254) Concurrent Cleanup for Next Mark
[4413.613s][info][gc,marking     ] GC(1254) Concurrent Cleanup for Next Mark 7.541ms
[4413.613s][info][gc             ] GC(1254) Concurrent Mark Cycle 1376.819ms
. (rIR:aIR:PR = 7887:7896:7896) (tPR = 117953) [OK] 
  4413s: Performance info:
         Transaction,    Success,    Partial,     Failed,   Receipts, AvgBarcode, 
             Overall,     478761,          0,          0,     454856,      59.47, 
         Response times:
             Request,    Success,    Partial,     Failed,   SkipFail,     Probes,    Samples,      min,      p50,      p90,      p95,      p99,      max, 
       TotalPurchase,     454841,          0,          0,          0,     357173,     468378,      300,     7200,    91000,   142000,   225000,   610000,
     InStorePurchase,     238960,          0,          0,          0,     188051,     246433,      300,     7000,    90000,   141000,   225000,   586000,
      OnlinePurchase,     168107,          0,          0,          0,     131452,     172342,      300,     7400,    94000,   145000,   227000,   610000,
        InstPurchase,      47774,          0,          0,          0,      37670,      49603,      400,     7000,    89000,   142000,   220000,   424000,
          AssocOfCat,        477,          0,          0,          0,        383,        598,    26000,    48000,   170000,   224000,   297040,   562000,
      AssocOfProduct,       4786,          0,          0,          0,       4425,       5977,      700,     7700,    94000,   143000,   227220,   343000,
      BusinessReport,       1196,          0,          0,          0,       1075,       1571,    31000,    54000,   177000,   228400,   293400,   550000,
          CustBuyBeh,       4774,          0,          0,          0,       4404,       5981,      200,     6300,    88000,   140000,   216180,   390000,
       ProductReturn,      12672,          0,          0,          0,       9588,      12891,      300,     6700,    86800,   138000,   225000,   390000,

  4413s: (58%)   IR =   8025 [4414.529s][info][gc,start       ] GC(1255) Pause Young (Prepare Mixed) (G1 Evacuation Pause)
[4414.529s][info][gc,task        ] GC(1255) Using 6 workers of 6 for evacuation
[4414.649s][info][gc,phases      ] GC(1255)   Pre Evacuate Collection Set: 0.33ms
[4414.649s][info][gc,phases      ] GC(1255)   Merge Heap Roots: 0.60ms
[4414.649s][info][gc,phases      ] GC(1255)   Evacuate Collection Set: 117.84ms
[4414.649s][info][gc,phases      ] GC(1255)   Post Evacuate Collection Set: 0.97ms
[4414.649s][info][gc,phases      ] GC(1255)   Other: 0.09ms
[4414.649s][info][gc,heap        ] GC(1255) Eden regions: 1118->0(1103)
[4414.649s][info][gc,heap        ] GC(1255) Survivor regions: 110->113(154)
[4414.649s][info][gc,heap        ] GC(1255) Old regions: 506->536
[4414.649s][info][gc,heap        ] GC(1255) Humongous regions: 80->80
[4414.649s][info][gc,metaspace   ] GC(1255) Metaspace: 28911K(29312K)->28911K(29312K) NonClass: 24043K(24256K)->24043K(24256K) Class: 4868K(5056K)->4868K(5056K)
[4414.649s][info][gc             ] GC(1255) Pause Young (Prepare Mixed) (G1 Evacuation Pause) 3626M->1456M(4096M) 119.989ms
[4414.649s][info][gc,cpu         ] GC(1255) User=0.71s Sys=0.00s Real=0.12s
..[4416.853s][info][gc,start       ] GC(1256) Pause Young (Mixed) (G1 Evacuation Pause)
[4416.853s][info][gc,task        ] GC(1256) Using 6 workers of 6 for evacuation
[4416.987s][info][gc,phases      ] GC(1256)   Pre Evacuate Collection Set: 0.37ms
[4416.987s][info][gc,phases      ] GC(1256)   Merge Heap Roots: 0.58ms
[4416.987s][info][gc,phases      ] GC(1256)   Evacuate Collection Set: 132.34ms
[4416.987s][info][gc,phases      ] GC(1256)   Post Evacuate Collection Set: 1.02ms
[4416.987s][info][gc,phases      ] GC(1256)   Other: 0.09ms
[4416.987s][info][gc,heap        ] GC(1256) Eden regions: 1103->0(1116)
[4416.987s][info][gc,heap        ] GC(1256) Survivor regions: 113->112(152)
[4416.987s][info][gc,heap        ] GC(1256) Old regions: 536->473
[4416.987s][info][gc,heap        ] GC(1256) Humongous regions: 80->80
[4416.987s][info][gc,metaspace   ] GC(1256) Metaspace: 28911K(29312K)->28911K(29312K) NonClass: 24043K(24256K)->24043K(24256K) Class: 4868K(5056K)->4868K(5056K)
[4416.987s][info][gc             ] GC(1256) Pause Young (Mixed) (G1 Evacuation Pause) 3662M->1329M(4096M) 134.526ms
[4416.987s][info][gc,cpu         ] GC(1256) User=0.80s Sys=0.00s Real=0.14s
...[4419.202s][info][gc,start       ] GC(1257) Pause Young (Concurrent Start) (G1 Evacuation Pause)
[4419.202s][info][gc,task        ] GC(1257) Using 6 workers of 6 for evacuation
[4419.326s][info][gc,phases      ] GC(1257)   Pre Evacuate Collection Set: 0.40ms
[4419.326s][info][gc,phases      ] GC(1257)   Merge Heap Roots: 0.52ms
[4419.326s][info][gc,phases      ] GC(1257)   Evacuate Collection Set: 122.40ms
[4419.326s][info][gc,phases      ] GC(1257)   Post Evacuate Collection Set: 0.89ms
[4419.326s][info][gc,phases      ] GC(1257)   Other: 0.12ms
[4419.326s][info][gc,heap        ] GC(1257) Eden regions: 1116->0(1114)
[4419.326s][info][gc,heap        ] GC(1257) Survivor regions: 112->114(154)
[4419.326s][info][gc,heap        ] GC(1257) Old regions: 473->505
[4419.326s][info][gc,heap        ] GC(1257) Humongous regions: 80->80
[4419.326s][info][gc,metaspace   ] GC(1257) Metaspace: 28911K(29312K)->28911K(29312K) NonClass: 24043K(24256K)->24043K(24256K) Class: 4868K(5056K)->4868K(5056K)
[4419.326s][info][gc             ] GC(1257) Pause Young (Concurrent Start) (G1 Evacuation Pause) 3561M->1397M(4096M) 124.468ms
[4419.326s][info][gc             ] GC(1258) Concurrent Mark Cycle
[4419.326s][info][gc,marking     ] GC(1258) Concurrent Scan Root Regions
[4419.326s][info][gc,cpu         ] GC(1257) User=0.74s Sys=0.00s Real=0.13s
[4419.516s][info][gc,marking     ] GC(1258) Concurrent Scan Root Regions 189.871ms
[4419.516s][info][gc,marking     ] GC(1258) Concurrent Mark
[4419.516s][info][gc,marking     ] GC(1258) Concurrent Mark From Roots
[4419.516s][info][gc,task        ] GC(1258) Using 2 workers of 2 for marking
[4420.228s][info][gc,marking     ] GC(1258) Concurrent Mark From Roots 712.083ms
[4420.228s][info][gc,marking     ] GC(1258) Concurrent Preclean
[4420.228s][info][gc,marking     ] GC(1258) Concurrent Preclean 0.161ms
[4420.230s][info][gc,start       ] GC(1258) Pause Remark
[4420.235s][info][gc             ] GC(1258) Pause Remark 2157M->2157M(4096M) 4.925ms
[4420.235s][info][gc,cpu         ] GC(1258) User=0.02s Sys=0.00s Real=0.01s
[4420.236s][info][gc,marking     ] GC(1258) Concurrent Mark 720.136ms
[4420.236s][info][gc,marking     ] GC(1258) Concurrent Rebuild Remembered Sets and Scrub Regions
.[4420.579s][info][gc,marking     ] GC(1258) Concurrent Rebuild Remembered Sets and Scrub Regions 342.660ms
[4420.583s][info][gc,start       ] GC(1258) Pause Cleanup
[4420.583s][info][gc             ] GC(1258) Pause Cleanup 2483M->2483M(4096M) 0.149ms
[4420.583s][info][gc,cpu         ] GC(1258) User=0.00s Sys=0.00s Real=0.00s
[4420.583s][info][gc,marking     ] GC(1258) Concurrent Clear Claimed Marks
[4420.583s][info][gc,marking     ] GC(1258) Concurrent Clear Claimed Marks 0.044ms
[4420.583s][info][gc,marking     ] GC(1258) Concurrent Cleanup for Next Mark
[4420.591s][info][gc,marking     ] GC(1258) Concurrent Cleanup for Next Mark 7.359ms
[4420.591s][info][gc             ] GC(1258) Concurrent Mark Cycle 1264.857ms
.[4421.558s][info][gc,start       ] GC(1259) Pause Young (Prepare Mixed) (G1 Evacuation Pause)
[4421.558s][info][gc,task        ] GC(1259) Using 6 workers of 6 for evacuation
[4421.681s][info][gc,phases      ] GC(1259)   Pre Evacuate Collection Set: 0.34ms
[4421.681s][info][gc,phases      ] GC(1259)   Merge Heap Roots: 0.55ms
[4421.681s][info][gc,phases      ] GC(1259)   Evacuate Collection Set: 121.34ms
[4421.681s][info][gc,phases      ] GC(1259)   Post Evacuate Collection Set: 0.92ms
[4421.681s][info][gc,phases      ] GC(1259)   Other: 0.09ms
[4421.681s][info][gc,heap        ] GC(1259) Eden regions: 1114->0(1099)
[4421.681s][info][gc,heap        ] GC(1259) Survivor regions: 114->115(154)
[4421.681s][info][gc,heap        ] GC(1259) Old regions: 505->536
[4421.681s][info][gc,heap        ] GC(1259) Humongous regions: 80->80
[4421.681s][info][gc,metaspace   ] GC(1259) Metaspace: 28911K(29312K)->28911K(29312K) NonClass: 24043K(24256K)->24043K(24256K) Class: 4868K(5056K)->4868K(5056K)
[4421.681s][info][gc             ] GC(1259) Pause Young (Prepare Mixed) (G1 Evacuation Pause) 3625M->1461M(4096M) 123.380ms
[4421.681s][info][gc,cpu         ] GC(1259) User=0.73s Sys=0.00s Real=0.12s
..|[4423.867s][info][gc,start       ] GC(1260) Pause Young (Mixed) (G1 Evacuation Pause)
[4423.867s][info][gc,task        ] GC(1260) Using 6 workers of 6 for evacuation
[4424.006s][info][gc,phases      ] GC(1260)   Pre Evacuate Collection Set: 0.39ms
[4424.006s][info][gc,phases      ] GC(1260)   Merge Heap Roots: 0.76ms
[4424.006s][info][gc,phases      ] GC(1260)   Evacuate Collection Set: 136.62ms
[4424.006s][info][gc,phases      ] GC(1260)   Post Evacuate Collection Set: 0.99ms
[4424.006s][info][gc,phases      ] GC(1260)   Other: 0.09ms
[4424.006s][info][gc,heap        ] GC(1260) Eden regions: 1099->0(1115)
[4424.006s][info][gc,heap        ] GC(1260) Survivor regions: 115->113(152)
[4424.006s][info][gc,heap        ] GC(1260) Old regions: 536->472
[4424.006s][info][gc,heap        ] GC(1260) Humongous regions: 80->80
[4424.006s][info][gc,metaspace   ] GC(1260) Metaspace: 28911K(29312K)->28911K(29312K) NonClass: 24043K(24256K)->24043K(24256K) Class: 4868K(5056K)->4868K(5056K)
[4424.006s][info][gc             ] GC(1260) Pause Young (Mixed) (G1 Evacuation Pause) 3659M->1328M(4096M) 138.982ms
[4424.006s][info][gc,cpu         ] GC(1260) User=0.82s Sys=0.00s Real=0.14s
..[4426.239s][info][gc,start       ] GC(1261) Pause Young (Concurrent Start) (G1 Evacuation Pause)
[4426.239s][info][gc,task        ] GC(1261) Using 6 workers of 6 for evacuation
[4426.354s][info][gc,phases      ] GC(1261)   Pre Evacuate Collection Set: 0.38ms
[4426.354s][info][gc,phases      ] GC(1261)   Merge Heap Roots: 0.46ms
[4426.354s][info][gc,phases      ] GC(1261)   Evacuate Collection Set: 113.36ms
[4426.354s][info][gc,phases      ] GC(1261)   Post Evacuate Collection Set: 0.88ms
[4426.354s][info][gc,phases      ] GC(1261)   Other: 0.11ms
[4426.354s][info][gc,heap        ] GC(1261) Eden regions: 1115->0(1118)
[4426.354s][info][gc,heap        ] GC(1261) Survivor regions: 113->110(154)
[4426.354s][info][gc,heap        ] GC(1261) Old regions: 472->504
[4426.354s][info][gc,heap        ] GC(1261) Humongous regions: 80->80
[4426.354s][info][gc,metaspace   ] GC(1261) Metaspace: 28911K(29312K)->28911K(29312K) NonClass: 24043K(24256K)->24043K(24256K) Class: 4868K(5056K)->4868K(5056K)
[4426.354s][info][gc             ] GC(1261) Pause Young (Concurrent Start) (G1 Evacuation Pause) 3558M->1386M(4096M) 115.321ms
[4426.354s][info][gc             ] GC(1262) Concurrent Mark Cycle
[4426.354s][info][gc,marking     ] GC(1262) Concurrent Scan Root Regions
[4426.354s][info][gc,cpu         ] GC(1261) User=0.68s Sys=0.00s Real=0.12s
.[4426.542s][info][gc,marking     ] GC(1262) Concurrent Scan Root Regions 187.929ms
[4426.542s][info][gc,marking     ] GC(1262) Concurrent Mark
[4426.542s][info][gc,marking     ] GC(1262) Concurrent Mark From Roots
[4426.542s][info][gc,task        ] GC(1262) Using 2 workers of 2 for marking
[4427.280s][info][gc,marking     ] GC(1262) Concurrent Mark From Roots 737.954ms
[4427.280s][info][gc,marking     ] GC(1262) Concurrent Preclean
[4427.280s][info][gc,marking     ] GC(1262) Concurrent Preclean 0.098ms
[4427.280s][info][gc,start       ] GC(1262) Pause Remark
[4427.285s][info][gc             ] GC(1262) Pause Remark 2196M->2196M(4096M) 4.588ms
[4427.285s][info][gc,cpu         ] GC(1262) User=0.03s Sys=0.00s Real=0.01s
[4427.286s][info][gc,marking     ] GC(1262) Concurrent Mark 743.880ms
[4427.286s][info][gc,marking     ] GC(1262) Concurrent Rebuild Remembered Sets and Scrub Regions
.[4427.612s][info][gc,marking     ] GC(1262) Concurrent Rebuild Remembered Sets and Scrub Regions 326.667ms
[4427.615s][info][gc,start       ] GC(1262) Pause Cleanup
[4427.616s][info][gc             ] GC(1262) Pause Cleanup 2488M->2488M(4096M) 0.131ms
[4427.616s][info][gc,cpu         ] GC(1262) User=0.00s Sys=0.00s Real=0.00s
[4427.616s][info][gc,marking     ] GC(1262) Concurrent Clear Claimed Marks
[4427.616s][info][gc,marking     ] GC(1262) Concurrent Clear Claimed Marks 0.030ms
[4427.616s][info][gc,marking     ] GC(1262) Concurrent Cleanup for Next Mark
[4427.621s][info][gc,marking     ] GC(1262) Concurrent Cleanup for Next Mark 4.871ms
[4427.621s][info][gc             ] GC(1262) Concurrent Mark Cycle 1266.834ms
.[4428.630s][info][gc,start       ] GC(1263) Pause Young (Prepare Mixed) (G1 Evacuation Pause)
[4428.630s][info][gc,task        ] GC(1263) Using 6 workers of 6 for evacuation
[4428.747s][info][gc,phases      ] GC(1263)   Pre Evacuate Collection Set: 0.35ms
[4428.747s][info][gc,phases      ] GC(1263)   Merge Heap Roots: 0.55ms
[4428.747s][info][gc,phases      ] GC(1263)   Evacuate Collection Set: 114.76ms
[4428.747s][info][gc,phases      ] GC(1263)   Post Evacuate Collection Set: 0.94ms
[4428.747s][info][gc,phases      ] GC(1263)   Other: 0.09ms
[4428.747s][info][gc,heap        ] GC(1263) Eden regions: 1118->0(1114)
[4428.747s][info][gc,heap        ] GC(1263) Survivor regions: 110->108(154)
[4428.747s][info][gc,heap        ] GC(1263) Old regions: 504->535
[4428.747s][info][gc,heap        ] GC(1263) Humongous regions: 80->80
[4428.747s][info][gc,metaspace   ] GC(1263) Metaspace: 28911K(29312K)->28911K(29312K) NonClass: 24043K(24256K)->24043K(24256K) Class: 4868K(5056K)->4868K(5056K)
[4428.747s][info][gc             ] GC(1263) Pause Young (Prepare Mixed) (G1 Evacuation Pause) 3622M->1445M(4096M) 116.852ms
[4428.747s][info][gc,cpu         ] GC(1263) User=0.69s Sys=0.00s Real=0.12s
..[4430.887s][info][gc,start       ] GC(1264) Pause Young (Mixed) (G1 Evacuation Pause)
[4430.887s][info][gc,task        ] GC(1264) Using 6 workers of 6 for evacuation
[4431.024s][info][gc,phases      ] GC(1264)   Pre Evacuate Collection Set: 0.36ms
[4431.024s][info][gc,phases      ] GC(1264)   Merge Heap Roots: 0.82ms
[4431.024s][info][gc,phases      ] GC(1264)   Evacuate Collection Set: 134.62ms
[4431.024s][info][gc,phases      ] GC(1264)   Post Evacuate Collection Set: 0.94ms
[4431.024s][info][gc,phases      ] GC(1264)   Other: 0.10ms
[4431.024s][info][gc,heap        ] GC(1264) Eden regions: 1114->0(1116)
[4431.024s][info][gc,heap        ] GC(1264) Survivor regions: 108->112(153)
[4431.024s][info][gc,heap        ] GC(1264) Old regions: 535->473
[4431.024s][info][gc,heap        ] GC(1264) Humongous regions: 80->80
[4431.024s][info][gc,metaspace   ] GC(1264) Metaspace: 28911K(29312K)->28911K(29312K) NonClass: 24043K(24256K)->24043K(24256K) Class: 4868K(5056K)->4868K(5056K)
[4431.024s][info][gc             ] GC(1264) Pause Young (Mixed) (G1 Evacuation Pause) 3673M->1328M(4096M) 136.963ms
[4431.024s][info][gc,cpu         ] GC(1264) User=0.81s Sys=0.00s Real=0.14s
..[4433.197s][info][gc,start       ] GC(1265) Pause Young (Concurrent Start) (G1 Evacuation Pause)
[4433.197s][info][gc,task        ] GC(1265) Using 6 workers of 6 for evacuation
[4433.316s][info][gc,phases      ] GC(1265)   Pre Evacuate Collection Set: 0.40ms
[4433.316s][info][gc,phases      ] GC(1265)   Merge Heap Roots: 0.54ms
[4433.316s][info][gc,phases      ] GC(1265)   Evacuate Collection Set: 116.99ms
[4433.316s][info][gc,phases      ] GC(1265)   Post Evacuate Collection Set: 0.91ms
[4433.316s][info][gc,phases      ] GC(1265)   Other: 0.13ms
[4433.316s][info][gc,heap        ] GC(1265) Eden regions: 1116->0(1118)
[4433.316s][info][gc,heap        ] GC(1265) Survivor regions: 112->110(154)
[4433.316s][info][gc,heap        ] GC(1265) Old regions: 473->505
[4433.316s][info][gc,heap        ] GC(1265) Humongous regions: 80->80
[4433.316s][info][gc,metaspace   ] GC(1265) Metaspace: 28911K(29312K)->28911K(29312K) NonClass: 24043K(24256K)->24043K(24256K) Class: 4868K(5056K)->4868K(5056K)
[4433.316s][info][gc             ] GC(1265) Pause Young (Concurrent Start) (G1 Evacuation Pause) 3560M->1389M(4096M) 119.098ms
[4433.316s][info][gc             ] GC(1266) Concurrent Mark Cycle
[4433.316s][info][gc,marking     ] GC(1266) Concurrent Scan Root Regions
[4433.316s][info][gc,cpu         ] GC(1265) User=0.70s Sys=0.00s Real=0.12s
.[4433.490s][info][gc,marking     ] GC(1266) Concurrent Scan Root Regions 173.942ms
[4433.490s][info][gc,marking     ] GC(1266) Concurrent Mark
[4433.490s][info][gc,marking     ] GC(1266) Concurrent Mark From Roots
[4433.490s][info][gc,task        ] GC(1266) Using 2 workers of 2 for marking
.[4434.485s][info][gc,marking     ] GC(1266) Concurrent Mark From Roots 995.663ms
[4434.485s][info][gc,marking     ] GC(1266) Concurrent Preclean
[4434.485s][info][gc,marking     ] GC(1266) Concurrent Preclean 0.110ms
[4434.486s][info][gc,start       ] GC(1266) Pause Remark
[4434.494s][info][gc             ] GC(1266) Pause Remark 2498M->2498M(4096M) 7.881ms
[4434.494s][info][gc,cpu         ] GC(1266) User=0.04s Sys=0.00s Real=0.01s
[4434.495s][info][gc,marking     ] GC(1266) Concurrent Mark 1005.570ms
[4434.495s][info][gc,marking     ] GC(1266) Concurrent Rebuild Remembered Sets and Scrub Regions
[4434.770s][info][gc,marking     ] GC(1266) Concurrent Rebuild Remembered Sets and Scrub Regions 274.792ms
[4434.770s][info][gc,start       ] GC(1266) Pause Cleanup
[4434.771s][info][gc             ] GC(1266) Pause Cleanup 2767M->2767M(4096M) 0.125ms
[4434.771s][info][gc,cpu         ] GC(1266) User=0.00s Sys=0.00s Real=0.00s
[4434.771s][info][gc,marking     ] GC(1266) Concurrent Clear Claimed Marks
[4434.771s][info][gc,marking     ] GC(1266) Concurrent Clear Claimed Marks 0.025ms
[4434.771s][info][gc,marking     ] GC(1266) Concurrent Cleanup for Next Mark
[4434.777s][info][gc,marking     ] GC(1266) Concurrent Cleanup for Next Mark 5.863ms
[4434.777s][info][gc             ] GC(1266) Concurrent Mark Cycle 1460.919ms
.[4435.572s][info][gc,start       ] GC(1267) Pause Young (Prepare Mixed) (G1 Evacuation Pause)
[4435.572s][info][gc,task        ] GC(1267) Using 6 workers of 6 for evacuation
[4435.695s][info][gc,phases      ] GC(1267)   Pre Evacuate Collection Set: 0.34ms
[4435.695s][info][gc,phases      ] GC(1267)   Merge Heap Roots: 0.62ms
[4435.695s][info][gc,phases      ] GC(1267)   Evacuate Collection Set: 121.24ms
[4435.695s][info][gc,phases      ] GC(1267)   Post Evacuate Collection Set: 0.93ms
[4435.695s][info][gc,phases      ] GC(1267)   Other: 0.09ms
[4435.695s][info][gc,heap        ] GC(1267) Eden regions: 1118->0(1101)
[4435.695s][info][gc,heap        ] GC(1267) Survivor regions: 110->113(154)
[4435.695s][info][gc,heap        ] GC(1267) Old regions: 505->538
[4435.695s][info][gc,heap        ] GC(1267) Humongous regions: 80->80
[4435.695s][info][gc,metaspace   ] GC(1267) Metaspace: 28911K(29312K)->28911K(29312K) NonClass: 24043K(24256K)->24043K(24256K) Class: 4868K(5056K)->4868K(5056K)
[4435.695s][info][gc             ] GC(1267) Pause Young (Prepare Mixed) (G1 Evacuation Pause) 3625M->1459M(4096M) 123.350ms
[4435.695s][info][gc,cpu         ] GC(1267) User=0.73s Sys=0.00s Real=0.13s
..[4437.974s][info][gc,start       ] GC(1268) Pause Young (Mixed) (G1 Evacuation Pause)
[4437.974s][info][gc,task        ] GC(1268) Using 6 workers of 6 for evacuation
[4438.106s][info][gc,phases      ] GC(1268)   Pre Evacuate Collection Set: 0.40ms
[4438.106s][info][gc,phases      ] GC(1268)   Merge Heap Roots: 0.68ms
[4438.106s][info][gc,phases      ] GC(1268)   Evacuate Collection Set: 129.71ms
[4438.106s][info][gc,phases      ] GC(1268)   Post Evacuate Collection Set: 0.95ms
[4438.106s][info][gc,phases      ] GC(1268)   Other: 0.09ms
[4438.106s][info][gc,heap        ] GC(1268) Eden regions: 1101->0(1118)
[4438.106s][info][gc,heap        ] GC(1268) Survivor regions: 113->110(152)
[4438.106s][info][gc,heap        ] GC(1268) Old regions: 538->473
[4438.106s][info][gc,heap        ] GC(1268) Humongous regions: 80->80
[4438.106s][info][gc,metaspace   ] GC(1268) Metaspace: 28911K(29312K)->28911K(29312K) NonClass: 24043K(24256K)->24043K(24256K) Class: 4868K(5056K)->4868K(5056K)
[4438.106s][info][gc             ] GC(1268) Pause Young (Mixed) (G1 Evacuation Pause) 3661M->1325M(4096M) 131.979ms
[4438.106s][info][gc,cpu         ] GC(1268) User=0.78s Sys=0.00s Real=0.13s
..[4440.355s][info][gc,start       ] GC(1269) Pause Young (Concurrent Start) (G1 Evacuation Pause)
[4440.355s][info][gc,task        ] GC(1269) Using 6 workers of 6 for evacuation
[4440.479s][info][gc,phases      ] GC(1269)   Pre Evacuate Collection Set: 0.38ms
[4440.479s][info][gc,phases      ] GC(1269)   Merge Heap Roots: 0.54ms
[4440.479s][info][gc,phases      ] GC(1269)   Evacuate Collection Set: 121.89ms
[4440.479s][info][gc,phases      ] GC(1269)   Post Evacuate Collection Set: 0.88ms
[4440.479s][info][gc,phases      ] GC(1269)   Other: 0.13ms
[4440.479s][info][gc,heap        ] GC(1269) Eden regions: 1118->0(1114)
[4440.479s][info][gc,heap        ] GC(1269) Survivor regions: 110->114(154)
[4440.479s][info][gc,heap        ] GC(1269) Old regions: 473->505
[4440.479s][info][gc,heap        ] GC(1269) Humongous regions: 80->80
[4440.479s][info][gc,metaspace   ] GC(1269) Metaspace: 28911K(29312K)->28911K(29312K) NonClass: 24043K(24256K)->24043K(24256K) Class: 4868K(5056K)->4868K(5056K)
[4440.479s][info][gc             ] GC(1269) Pause Young (Concurrent Start) (G1 Evacuation Pause) 3561M->1396M(4096M) 123.953ms
[4440.479s][info][gc             ] GC(1270) Concurrent Mark Cycle
[4440.479s][info][gc,marking     ] GC(1270) Concurrent Scan Root Regions
[4440.479s][info][gc,cpu         ] GC(1269) User=0.73s Sys=0.00s Real=0.12s
.[4440.658s][info][gc,marking     ] GC(1270) Concurrent Scan Root Regions 178.893ms
[4440.658s][info][gc,marking     ] GC(1270) Concurrent Mark
[4440.658s][info][gc,marking     ] GC(1270) Concurrent Mark From Roots
[4440.658s][info][gc,task        ] GC(1270) Using 2 workers of 2 for marking
.[4441.656s][info][gc,marking     ] GC(1270) Concurrent Mark From Roots 998.143ms
[4441.656s][info][gc,marking     ] GC(1270) Concurrent Preclean
[4441.656s][info][gc,marking     ] GC(1270) Concurrent Preclean 0.142ms
[4441.660s][info][gc,start       ] GC(1270) Pause Remark
[4441.667s][info][gc             ] GC(1270) Pause Remark 2468M->2468M(4096M) 6.772ms
[4441.667s][info][gc,cpu         ] GC(1270) User=0.04s Sys=0.01s Real=0.01s
[4441.667s][info][gc,marking     ] GC(1270) Concurrent Mark 1008.653ms
[4441.667s][info][gc,marking     ] GC(1270) Concurrent Rebuild Remembered Sets and Scrub Regions
[4441.895s][info][gc,marking     ] GC(1270) Concurrent Rebuild Remembered Sets and Scrub Regions 227.847ms
[4441.896s][info][gc,start       ] GC(1270) Pause Cleanup
[4441.896s][info][gc             ] GC(1270) Pause Cleanup 2676M->2676M(4096M) 0.135ms
[4441.896s][info][gc,cpu         ] GC(1270) User=0.00s Sys=0.00s Real=0.00s
[4441.898s][info][gc,marking     ] GC(1270) Concurrent Clear Claimed Marks
[4441.898s][info][gc,marking     ] GC(1270) Concurrent Clear Claimed Marks 0.046ms
[4441.898s][info][gc,marking     ] GC(1270) Concurrent Cleanup for Next Mark
[4441.908s][info][gc,marking     ] GC(1270) Concurrent Cleanup for Next Mark 10.123ms
[4441.908s][info][gc             ] GC(1270) Concurrent Mark Cycle 1429.253ms
.[4442.732s][info][gc,start       ] GC(1271) Pause Young (Prepare Mixed) (G1 Evacuation Pause)
[4442.732s][info][gc,task        ] GC(1271) Using 6 workers of 6 for evacuation
[4442.857s][info][gc,phases      ] GC(1271)   Pre Evacuate Collection Set: 0.35ms
[4442.857s][info][gc,phases      ] GC(1271)   Merge Heap Roots: 0.59ms
[4442.857s][info][gc,phases      ] GC(1271)   Evacuate Collection Set: 122.39ms
[4442.857s][info][gc,phases      ] GC(1271)   Post Evacuate Collection Set: 0.84ms
[4442.857s][info][gc,phases      ] GC(1271)   Other: 0.09ms
[4442.857s][info][gc,heap        ] GC(1271) Eden regions: 1114->0(1098)
[4442.857s][info][gc,heap        ] GC(1271) Survivor regions: 114->115(154)
[4442.857s][info][gc,heap        ] GC(1271) Old regions: 505->537
[4442.857s][info][gc,heap        ] GC(1271) Humongous regions: 80->80
[4442.857s][info][gc,metaspace   ] GC(1271) Metaspace: 28911K(29312K)->28911K(29312K) NonClass: 24043K(24256K)->24043K(24256K) Class: 4868K(5056K)->4868K(5056K)
[4442.857s][info][gc             ] GC(1271) Pause Young (Prepare Mixed) (G1 Evacuation Pause) 3624M->1462M(4096M) 124.389ms
[4442.857s][info][gc,cpu         ] GC(1271) User=0.73s Sys=0.00s Real=0.13s
..[4445.036s][info][gc,start       ] GC(1272) Pause Young (Mixed) (G1 Evacuation Pause)
[4445.036s][info][gc,task        ] GC(1272) Using 6 workers of 6 for evacuation
[4445.174s][info][gc,phases      ] GC(1272)   Pre Evacuate Collection Set: 0.36ms
[4445.174s][info][gc,phases      ] GC(1272)   Merge Heap Roots: 0.75ms
[4445.174s][info][gc,phases      ] GC(1272)   Evacuate Collection Set: 135.57ms
[4445.174s][info][gc,phases      ] GC(1272)   Post Evacuate Collection Set: 0.96ms
[4445.174s][info][gc,phases      ] GC(1272)   Other: 0.09ms
[4445.174s][info][gc,heap        ] GC(1272) Eden regions: 1098->0(1118)
[4445.174s][info][gc,heap        ] GC(1272) Survivor regions: 115->110(152)
[4445.174s][info][gc,heap        ] GC(1272) Old regions: 537->473
[4445.174s][info][gc,heap        ] GC(1272) Humongous regions: 80->80
[4445.174s][info][gc,metaspace   ] GC(1272) Metaspace: 28911K(29312K)->28911K(29312K) NonClass: 24043K(24256K)->24043K(24256K) Class: 4868K(5056K)->4868K(5056K)
[4445.174s][info][gc             ] GC(1272) Pause Young (Mixed) (G1 Evacuation Pause) 3658M->1325M(4096M) 137.873ms
[4445.174s][info][gc,cpu         ] GC(1272) User=0.82s Sys=0.00s Real=0.14s
..[4447.422s][info][gc,start       ] GC(1273) Pause Young (Concurrent Start) (G1 Evacuation Pause)
[4447.423s][info][gc,task        ] GC(1273) Using 6 workers of 6 for evacuation
[4447.542s][info][gc,phases      ] GC(1273)   Pre Evacuate Collection Set: 0.40ms
[4447.542s][info][gc,phases      ] GC(1273)   Merge Heap Roots: 0.52ms
[4447.542s][info][gc,phases      ] GC(1273)   Evacuate Collection Set: 117.77ms
[4447.542s][info][gc,phases      ] GC(1273)   Post Evacuate Collection Set: 0.89ms
[4447.542s][info][gc,phases      ] GC(1273)   Other: 0.13ms
[4447.542s][info][gc,heap        ] GC(1273) Eden regions: 1118->0(1116)
[4447.542s][info][gc,heap        ] GC(1273) Survivor regions: 110->112(154)
[4447.542s][info][gc,heap        ] GC(1273) Old regions: 473->505
[4447.542s][info][gc,heap        ] GC(1273) Humongous regions: 80->80
[4447.542s][info][gc,metaspace   ] GC(1273) Metaspace: 28911K(29312K)->28911K(29312K) NonClass: 24043K(24256K)->24043K(24256K) Class: 4868K(5056K)->4868K(5056K)
[4447.542s][info][gc             ] GC(1273) Pause Young (Concurrent Start) (G1 Evacuation Pause) 3561M->1392M(4096M) 119.862ms
[4447.542s][info][gc             ] GC(1274) Concurrent Mark Cycle
[4447.542s][info][gc,marking     ] GC(1274) Concurrent Scan Root Regions
[4447.542s][info][gc,cpu         ] GC(1273) User=0.71s Sys=0.00s Real=0.12s
.[4447.753s][info][gc,marking     ] GC(1274) Concurrent Scan Root Regions 210.668ms
[4447.753s][info][gc,marking     ] GC(1274) Concurrent Mark
[4447.753s][info][gc,marking     ] GC(1274) Concurrent Mark From Roots
[4447.753s][info][gc,task        ] GC(1274) Using 2 workers of 2 for marking
.[4448.794s][info][gc,marking     ] GC(1274) Concurrent Mark From Roots 1041.255ms
[4448.794s][info][gc,marking     ] GC(1274) Concurrent Preclean
[4448.795s][info][gc,marking     ] GC(1274) Concurrent Preclean 0.181ms
[4448.798s][info][gc,start       ] GC(1274) Pause Remark
[4448.801s][info][gc             ] GC(1274) Pause Remark 2480M->2480M(4096M) 3.774ms
[4448.801s][info][gc,cpu         ] GC(1274) User=0.01s Sys=0.00s Real=0.00s
[4448.802s][info][gc,marking     ] GC(1274) Concurrent Mark 1048.368ms
[4448.802s][info][gc,marking     ] GC(1274) Concurrent Rebuild Remembered Sets and Scrub Regions
[4449.174s][info][gc,marking     ] GC(1274) Concurrent Rebuild Remembered Sets and Scrub Regions 372.705ms
[4449.177s][info][gc,start       ] GC(1274) Pause Cleanup
[4449.177s][info][gc             ] GC(1274) Pause Cleanup 2898M->2898M(4096M) 0.129ms
[4449.177s][info][gc,cpu         ] GC(1274) User=0.00s Sys=0.00s Real=0.00s
[4449.177s][info][gc,marking     ] GC(1274) Concurrent Clear Claimed Marks
[4449.177s][info][gc,marking     ] GC(1274) Concurrent Clear Claimed Marks 0.047ms
[4449.177s][info][gc,marking     ] GC(1274) Concurrent Cleanup for Next Mark
[4449.203s][info][gc,marking     ] GC(1274) Concurrent Cleanup for Next Mark 25.467ms
[4449.203s][info][gc             ] GC(1274) Concurrent Mark Cycle 1660.227ms
.[4449.861s][info][gc,start       ] GC(1275) Pause Young (Prepare Mixed) (G1 Evacuation Pause)
[4449.861s][info][gc,task        ] GC(1275) Using 6 workers of 6 for evacuation
[4449.986s][info][gc,phases      ] GC(1275)   Pre Evacuate Collection Set: 0.33ms
[4449.986s][info][gc,phases      ] GC(1275)   Merge Heap Roots: 0.59ms
[4449.986s][info][gc,phases      ] GC(1275)   Evacuate Collection Set: 122.40ms
[4449.986s][info][gc,phases      ] GC(1275)   Post Evacuate Collection Set: 0.94ms
[4449.986s][info][gc,phases      ] GC(1275)   Other: 0.08ms
[4449.986s][info][gc,heap        ] GC(1275) Eden regions: 1116->0(1099)
[4449.986s][info][gc,heap        ] GC(1275) Survivor regions: 112->115(154)
[4449.986s][info][gc,heap        ] GC(1275) Old regions: 505->536
[4449.986s][info][gc,heap        ] GC(1275) Humongous regions: 80->80
[4449.986s][info][gc,metaspace   ] GC(1275) Metaspace: 28911K(29312K)->28911K(29312K) NonClass: 24043K(24256K)->24043K(24256K) Class: 4868K(5056K)->4868K(5056K)
[4449.986s][info][gc             ] GC(1275) Pause Young (Prepare Mixed) (G1 Evacuation Pause) 3624M->1461M(4096M) 124.481ms
[4449.986s][info][gc,cpu         ] GC(1275) User=0.73s Sys=0.00s Real=0.13s
..[4452.061s][info][gc,start       ] GC(1276) Pause Young (Mixed) (G1 Evacuation Pause)
[4452.061s][info][gc,task        ] GC(1276) Using 6 workers of 6 for evacuation
[4452.200s][info][gc,phases      ] GC(1276)   Pre Evacuate Collection Set: 0.41ms
[4452.200s][info][gc,phases      ] GC(1276)   Merge Heap Roots: 0.78ms
[4452.200s][info][gc,phases      ] GC(1276)   Evacuate Collection Set: 136.79ms
[4452.200s][info][gc,phases      ] GC(1276)   Post Evacuate Collection Set: 0.97ms
[4452.200s][info][gc,phases      ] GC(1276)   Other: 0.09ms
[4452.200s][info][gc,heap        ] GC(1276) Eden regions: 1099->0(1117)
[4452.200s][info][gc,heap        ] GC(1276) Survivor regions: 115->111(152)
[4452.200s][info][gc,heap        ] GC(1276) Old regions: 536->474
[4452.200s][info][gc,heap        ] GC(1276) Humongous regions: 80->80
[4452.200s][info][gc,metaspace   ] GC(1276) Metaspace: 28911K(29312K)->28911K(29312K) NonClass: 24043K(24256K)->24043K(24256K) Class: 4868K(5056K)->4868K(5056K)
[4452.200s][info][gc             ] GC(1276) Pause Young (Mixed) (G1 Evacuation Pause) 3659M->1329M(4096M) 139.175ms
[4452.200s][info][gc,cpu         ] GC(1276) User=0.82s Sys=0.00s Real=0.14s
..[4454.522s][info][gc,start       ] GC(1277) Pause Young (Concurrent Start) (G1 Evacuation Pause)
[4454.522s][info][gc,task        ] GC(1277) Using 6 workers of 6 for evacuation
[4454.647s][info][gc,phases      ] GC(1277)   Pre Evacuate Collection Set: 0.41ms
[4454.647s][info][gc,phases      ] GC(1277)   Merge Heap Roots: 0.54ms
[4454.647s][info][gc,phases      ] GC(1277)   Evacuate Collection Set: 122.30ms
[4454.647s][info][gc,phases      ] GC(1277)   Post Evacuate Collection Set: 0.92ms
[4454.647s][info][gc,phases      ] GC(1277)   Other: 0.11ms
[4454.647s][info][gc,heap        ] GC(1277) Eden regions: 1117->0(1111)
[4454.647s][info][gc,heap        ] GC(1277) Survivor regions: 111->117(154)
[4454.647s][info][gc,heap        ] GC(1277) Old regions: 474->506
[4454.647s][info][gc,heap        ] GC(1277) Humongous regions: 80->80
[4454.647s][info][gc,metaspace   ] GC(1277) Metaspace: 28911K(29312K)->28911K(29312K) NonClass: 24043K(24256K)->24043K(24256K) Class: 4868K(5056K)->4868K(5056K)
[4454.647s][info][gc             ] GC(1277) Pause Young (Concurrent Start) (G1 Evacuation Pause) 3563M->1403M(4096M) 124.417ms
[4454.647s][info][gc             ] GC(1278) Concurrent Mark Cycle
[4454.647s][info][gc,marking     ] GC(1278) Concurrent Scan Root Regions
[4454.647s][info][gc,cpu         ] GC(1277) User=0.74s Sys=0.00s Real=0.13s
.[4454.843s][info][gc,marking     ] GC(1278) Concurrent Scan Root Regions 196.126ms
[4454.843s][info][gc,marking     ] GC(1278) Concurrent Mark
[4454.843s][info][gc,marking     ] GC(1278) Concurrent Mark From Roots
[4454.843s][info][gc,task        ] GC(1278) Using 2 workers of 2 for marking
.[4455.924s][info][gc,marking     ] GC(1278) Concurrent Mark From Roots 1081.337ms
[4455.924s][info][gc,marking     ] GC(1278) Concurrent Preclean
[4455.925s][info][gc,marking     ] GC(1278) Concurrent Preclean 0.154ms
[4455.927s][info][gc,start       ] GC(1278) Pause Remark
[4455.934s][info][gc             ] GC(1278) Pause Remark 2703M->2703M(4096M) 7.277ms
[4455.934s][info][gc,cpu         ] GC(1278) User=0.04s Sys=0.00s Real=0.01s
[4455.936s][info][gc,marking     ] GC(1278) Concurrent Mark 1092.427ms
[4455.936s][info][gc,marking     ] GC(1278) Concurrent Rebuild Remembered Sets and Scrub Regions
[4456.301s][info][gc,marking     ] GC(1278) Concurrent Rebuild Remembered Sets and Scrub Regions 365.505ms
[4456.301s][info][gc,start       ] GC(1278) Pause Cleanup
[4456.301s][info][gc             ] GC(1278) Pause Cleanup 3089M->3089M(4096M) 0.118ms
[4456.301s][info][gc,cpu         ] GC(1278) User=0.00s Sys=0.00s Real=0.00s
[4456.301s][info][gc,marking     ] GC(1278) Concurrent Clear Claimed Marks
[4456.301s][info][gc,marking     ] GC(1278) Concurrent Clear Claimed Marks 0.027ms
[4456.302s][info][gc,marking     ] GC(1278) Concurrent Cleanup for Next Mark
[4456.307s][info][gc,marking     ] GC(1278) Concurrent Cleanup for Next Mark 5.423ms
[4456.307s][info][gc             ] GC(1278) Concurrent Mark Cycle 1660.113ms
[4456.773s][info][gc,start       ] GC(1279) Pause Young (Prepare Mixed) (G1 Evacuation Pause)
[4456.773s][info][gc,task        ] GC(1279) Using 6 workers of 6 for evacuation
[4456.891s][info][gc,phases      ] GC(1279)   Pre Evacuate Collection Set: 0.34ms
[4456.891s][info][gc,phases      ] GC(1279)   Merge Heap Roots: 0.53ms
[4456.891s][info][gc,phases      ] GC(1279)   Evacuate Collection Set: 115.95ms
[4456.891s][info][gc,phases      ] GC(1279)   Post Evacuate Collection Set: 0.92ms
[4456.891s][info][gc,phases      ] GC(1279)   Other: 0.09ms
[4456.891s][info][gc,heap        ] GC(1279) Eden regions: 1111->0(1108)
[4456.891s][info][gc,heap        ] GC(1279) Survivor regions: 117->110(154)
[4456.891s][info][gc,heap        ] GC(1279) Old regions: 506->537
[4456.891s][info][gc,heap        ] GC(1279) Humongous regions: 80->80
[4456.891s][info][gc,metaspace   ] GC(1279) Metaspace: 28911K(29312K)->28911K(29312K) NonClass: 24043K(24256K)->24043K(24256K) Class: 4868K(5056K)->4868K(5056K)
[4456.891s][info][gc             ] GC(1279) Pause Young (Prepare Mixed) (G1 Evacuation Pause) 3625M->1453M(4096M) 117.962ms
[4456.891s][info][gc,cpu         ] GC(1279) User=0.70s Sys=0.00s Real=0.12s
...[4459.130s][info][gc,start       ] GC(1280) Pause Young (Mixed) (G1 Evacuation Pause)
[4459.130s][info][gc,task        ] GC(1280) Using 6 workers of 6 for evacuation
[4459.267s][info][gc,phases      ] GC(1280)   Pre Evacuate Collection Set: 0.40ms
[4459.267s][info][gc,phases      ] GC(1280)   Merge Heap Roots: 0.77ms
[4459.267s][info][gc,phases      ] GC(1280)   Evacuate Collection Set: 134.18ms
[4459.267s][info][gc,phases      ] GC(1280)   Post Evacuate Collection Set: 0.96ms
[4459.267s][info][gc,phases      ] GC(1280)   Other: 0.09ms
[4459.267s][info][gc,heap        ] GC(1280) Eden regions: 1108->0(1117)
[4459.267s][info][gc,heap        ] GC(1280) Survivor regions: 110->111(153)
[4459.267s][info][gc,heap        ] GC(1280) Old regions: 537->474
[4459.267s][info][gc,heap        ] GC(1280) Humongous regions: 80->80
[4459.267s][info][gc,metaspace   ] GC(1280) Metaspace: 28911K(29312K)->28911K(29312K) NonClass: 24043K(24256K)->24043K(24256K) Class: 4868K(5056K)->4868K(5056K)
[4459.267s][info][gc             ] GC(1280) Pause Young (Mixed) (G1 Evacuation Pause) 3669M->1327M(4096M) 136.543ms
[4459.267s][info][gc,cpu         ] GC(1280) User=0.81s Sys=0.00s Real=0.14s
..[4461.506s][info][gc,start       ] GC(1281) Pause Young (Concurrent Start) (G1 Evacuation Pause)
[4461.506s][info][gc,task        ] GC(1281) Using 6 workers of 6 for evacuation
[4461.630s][info][gc,phases      ] GC(1281)   Pre Evacuate Collection Set: 0.40ms
[4461.630s][info][gc,phases      ] GC(1281)   Merge Heap Roots: 0.54ms
[4461.630s][info][gc,phases      ] GC(1281)   Evacuate Collection Set: 121.33ms
[4461.630s][info][gc,phases      ] GC(1281)   Post Evacuate Collection Set: 0.89ms
[4461.630s][info][gc,phases      ] GC(1281)   Other: 0.12ms
[4461.630s][info][gc,heap        ] GC(1281) Eden regions: 1117->0(1113)
[4461.630s][info][gc,heap        ] GC(1281) Survivor regions: 111->115(154)
[4461.630s][info][gc,heap        ] GC(1281) Old regions: 474->505
[4461.630s][info][gc,heap        ] GC(1281) Humongous regions: 80->80
[4461.630s][info][gc,metaspace   ] GC(1281) Metaspace: 28911K(29312K)->28911K(29312K) NonClass: 24043K(24256K)->24043K(24256K) Class: 4868K(5056K)->4868K(5056K)
[4461.630s][info][gc             ] GC(1281) Pause Young (Concurrent Start) (G1 Evacuation Pause) 3561M->1398M(4096M) 123.425ms
[4461.630s][info][gc             ] GC(1282) Concurrent Mark Cycle
[4461.630s][info][gc,marking     ] GC(1282) Concurrent Scan Root Regions
[4461.630s][info][gc,cpu         ] GC(1281) User=0.73s Sys=0.00s Real=0.12s
[4461.767s][info][gc,marking     ] GC(1282) Concurrent Scan Root Regions 136.835ms
[4461.767s][info][gc,marking     ] GC(1282) Concurrent Mark
[4461.767s][info][gc,marking     ] GC(1282) Concurrent Mark From Roots
[4461.767s][info][gc,task        ] GC(1282) Using 2 workers of 2 for marking
.[4462.513s][info][gc,marking     ] GC(1282) Concurrent Mark From Roots 746.280ms
[4462.513s][info][gc,marking     ] GC(1282) Concurrent Preclean
[4462.513s][info][gc,marking     ] GC(1282) Concurrent Preclean 0.194ms
[4462.516s][info][gc,start       ] GC(1282) Pause Remark
[4462.520s][info][gc             ] GC(1282) Pause Remark 2168M->2168M(4096M) 4.620ms
[4462.521s][info][gc,cpu         ] GC(1282) User=0.03s Sys=0.00s Real=0.00s
[4462.521s][info][gc,marking     ] GC(1282) Concurrent Mark 754.299ms
[4462.521s][info][gc,marking     ] GC(1282) Concurrent Rebuild Remembered Sets and Scrub Regions
[4462.807s][info][gc,marking     ] GC(1282) Concurrent Rebuild Remembered Sets and Scrub Regions 285.525ms
[4462.807s][info][gc,start       ] GC(1282) Pause Cleanup
[4462.808s][info][gc             ] GC(1282) Pause Cleanup 2459M->2459M(4096M) 0.127ms
[4462.808s][info][gc,cpu         ] GC(1282) User=0.00s Sys=0.00s Real=0.00s
[4462.810s][info][gc,marking     ] GC(1282) Concurrent Clear Claimed Marks
[4462.810s][info][gc,marking     ] GC(1282) Concurrent Clear Claimed Marks 0.043ms
[4462.810s][info][gc,marking     ] GC(1282) Concurrent Cleanup for Next Mark
[4462.820s][info][gc,marking     ] GC(1282) Concurrent Cleanup for Next Mark 10.545ms
[4462.820s][info][gc             ] GC(1282) Concurrent Mark Cycle 1190.427ms
.[4463.920s][info][gc,start       ] GC(1283) Pause Young (Prepare Mixed) (G1 Evacuation Pause)
[4463.920s][info][gc,task        ] GC(1283) Using 6 workers of 6 for evacuation
[4464.036s][info][gc,phases      ] GC(1283)   Pre Evacuate Collection Set: 0.39ms
[4464.036s][info][gc,phases      ] GC(1283)   Merge Heap Roots: 0.65ms
[4464.036s][info][gc,phases      ] GC(1283)   Evacuate Collection Set: 113.59ms
[4464.036s][info][gc,phases      ] GC(1283)   Post Evacuate Collection Set: 0.97ms
[4464.036s][info][gc,phases      ] GC(1283)   Other: 0.84ms
[4464.036s][info][gc,heap        ] GC(1283) Eden regions: 1113->0(1110)
[4464.036s][info][gc,heap        ] GC(1283) Survivor regions: 115->109(154)
[4464.036s][info][gc,heap        ] GC(1283) Old regions: 505->537
[4464.036s][info][gc,heap        ] GC(1283) Humongous regions: 80->80
[4464.036s][info][gc,metaspace   ] GC(1283) Metaspace: 28911K(29312K)->28911K(29312K) NonClass: 24043K(24256K)->24043K(24256K) Class: 4868K(5056K)->4868K(5056K)
[4464.036s][info][gc             ] GC(1283) Pause Young (Prepare Mixed) (G1 Evacuation Pause) 3624M->1450M(4096M) 116.590ms
[4464.037s][info][gc,cpu         ] GC(1283) User=0.69s Sys=0.00s Real=0.12s
...[4466.254s][info][gc,start       ] GC(1284) Pause Young (Mixed) (G1 Evacuation Pause)
[4466.254s][info][gc,task        ] GC(1284) Using 6 workers of 6 for evacuation
[4466.392s][info][gc,phases      ] GC(1284)   Pre Evacuate Collection Set: 0.40ms
[4466.392s][info][gc,phases      ] GC(1284)   Merge Heap Roots: 0.78ms
[4466.392s][info][gc,phases      ] GC(1284)   Evacuate Collection Set: 134.85ms
[4466.392s][info][gc,phases      ] GC(1284)   Post Evacuate Collection Set: 0.95ms
[4466.392s][info][gc,phases      ] GC(1284)   Other: 0.09ms
[4466.392s][info][gc,heap        ] GC(1284) Eden regions: 1110->0(1116)
[4466.392s][info][gc,heap        ] GC(1284) Survivor regions: 109->112(153)
[4466.392s][info][gc,heap        ] GC(1284) Old regions: 537->474
[4466.392s][info][gc,heap        ] GC(1284) Humongous regions: 80->80
[4466.392s][info][gc,metaspace   ] GC(1284) Metaspace: 28911K(29312K)->28911K(29312K) NonClass: 24043K(24256K)->24043K(24256K) Class: 4868K(5056K)->4868K(5056K)
[4466.392s][info][gc             ] GC(1284) Pause Young (Mixed) (G1 Evacuation Pause) 3670M->1331M(4096M) 137.192ms
[4466.392s][info][gc,cpu         ] GC(1284) User=0.81s Sys=0.01s Real=0.13s
..[4468.564s][info][gc,start       ] GC(1285) Pause Young (Concurrent Start) (G1 Evacuation Pause)
[4468.564s][info][gc,task        ] GC(1285) Using 6 workers of 6 for evacuation
[4468.688s][info][gc,phases      ] GC(1285)   Pre Evacuate Collection Set: 0.38ms
[4468.688s][info][gc,phases      ] GC(1285)   Merge Heap Roots: 0.51ms
[4468.688s][info][gc,phases      ] GC(1285)   Evacuate Collection Set: 122.17ms
[4468.688s][info][gc,phases      ] GC(1285)   Post Evacuate Collection Set: 0.89ms
[4468.688s][info][gc,phases      ] GC(1285)   Other: 0.12ms
[4468.688s][info][gc,heap        ] GC(1285) Eden regions: 1116->0(1113)
[4468.688s][info][gc,heap        ] GC(1285) Survivor regions: 112->115(154)
[4468.688s][info][gc,heap        ] GC(1285) Old regions: 474->506
[4468.688s][info][gc,heap        ] GC(1285) Humongous regions: 80->80
[4468.688s][info][gc,metaspace   ] GC(1285) Metaspace: 28911K(29312K)->28911K(29312K) NonClass: 24043K(24256K)->24043K(24256K) Class: 4868K(5056K)->4868K(5056K)
[4468.688s][info][gc             ] GC(1285) Pause Young (Concurrent Start) (G1 Evacuation Pause) 3563M->1401M(4096M) 124.206ms
[4468.688s][info][gc             ] GC(1286) Concurrent Mark Cycle
[4468.688s][info][gc,marking     ] GC(1286) Concurrent Scan Root Regions
[4468.688s][info][gc,cpu         ] GC(1285) User=0.74s Sys=0.00s Real=0.12s
[4468.827s][info][gc,marking     ] GC(1286) Concurrent Scan Root Regions 139.103ms
[4468.827s][info][gc,marking     ] GC(1286) Concurrent Mark
[4468.827s][info][gc,marking     ] GC(1286) Concurrent Mark From Roots
[4468.827s][info][gc,task        ] GC(1286) Using 2 workers of 2 for marking
.[4469.547s][info][gc,marking     ] GC(1286) Concurrent Mark From Roots 719.747ms
[4469.547s][info][gc,marking     ] GC(1286) Concurrent Preclean
[4469.547s][info][gc,marking     ] GC(1286) Concurrent Preclean 0.129ms
[4469.548s][info][gc,start       ] GC(1286) Pause Remark
[4469.553s][info][gc             ] GC(1286) Pause Remark 2165M->2165M(4096M) 4.921ms
[4469.553s][info][gc,cpu         ] GC(1286) User=0.02s Sys=0.00s Real=0.00s
[4469.553s][info][gc,marking     ] GC(1286) Concurrent Mark 725.155ms
[4469.553s][info][gc,marking     ] GC(1286) Concurrent Rebuild Remembered Sets and Scrub Regions
[4469.833s][info][gc,marking     ] GC(1286) Concurrent Rebuild Remembered Sets and Scrub Regions 280.233ms
[4469.833s][info][gc,start       ] GC(1286) Pause Cleanup
[4469.833s][info][gc             ] GC(1286) Pause Cleanup 2479M->2479M(4096M) 0.128ms
[4469.833s][info][gc,cpu         ] GC(1286) User=0.00s Sys=0.00s Real=0.00s
[4469.833s][info][gc,marking     ] GC(1286) Concurrent Clear Claimed Marks
[4469.833s][info][gc,marking     ] GC(1286) Concurrent Clear Claimed Marks 0.023ms
[4469.833s][info][gc,marking     ] GC(1286) Concurrent Cleanup for Next Mark
[4469.839s][info][gc,marking     ] GC(1286) Concurrent Cleanup for Next Mark 5.305ms
[4469.839s][info][gc             ] GC(1286) Concurrent Mark Cycle 1150.354ms
.[4470.889s][info][gc,start       ] GC(1287) Pause Young (Prepare Mixed) (G1 Evacuation Pause)
[4470.889s][info][gc,task        ] GC(1287) Using 6 workers of 6 for evacuation
[4471.009s][info][gc,phases      ] GC(1287)   Pre Evacuate Collection Set: 0.36ms
[4471.009s][info][gc,phases      ] GC(1287)   Merge Heap Roots: 0.55ms
[4471.009s][info][gc,phases      ] GC(1287)   Evacuate Collection Set: 118.29ms
[4471.009s][info][gc,phases      ] GC(1287)   Post Evacuate Collection Set: 0.92ms
[4471.009s][info][gc,phases      ] GC(1287)   Other: 0.09ms
[4471.009s][info][gc,heap        ] GC(1287) Eden regions: 1113->0(1103)
[4471.009s][info][gc,heap        ] GC(1287) Survivor regions: 115->112(154)
[4471.009s][info][gc,heap        ] GC(1287) Old regions: 506->538
[4471.009s][info][gc,heap        ] GC(1287) Humongous regions: 80->80
[4471.009s][info][gc,metaspace   ] GC(1287) Metaspace: 28911K(29312K)->28911K(29312K) NonClass: 24043K(24256K)->24043K(24256K) Class: 4868K(5056K)->4868K(5056K)
[4471.009s][info][gc             ] GC(1287) Pause Young (Prepare Mixed) (G1 Evacuation Pause) 3627M->1458M(4096M) 120.341ms
[4471.009s][info][gc,cpu         ] GC(1287) User=0.72s Sys=0.00s Real=0.12s
...[4473.262s][info][gc,start       ] GC(1288) Pause Young (Mixed) (G1 Evacuation Pause)
[4473.262s][info][gc,task        ] GC(1288) Using 6 workers of 6 for evacuation
[4473.398s][info][gc,phases      ] GC(1288)   Pre Evacuate Collection Set: 0.39ms
[4473.398s][info][gc,phases      ] GC(1288)   Merge Heap Roots: 0.73ms
[4473.398s][info][gc,phases      ] GC(1288)   Evacuate Collection Set: 133.70ms
[4473.398s][info][gc,phases      ] GC(1288)   Post Evacuate Collection Set: 0.94ms
[4473.398s][info][gc,phases      ] GC(1288)   Other: 0.09ms
[4473.398s][info][gc,heap        ] GC(1288) Eden regions: 1103->0(1115)
[4473.398s][info][gc,heap        ] GC(1288) Survivor regions: 112->113(152)
[4473.398s][info][gc,heap        ] GC(1288) Old regions: 538->474
[4473.398s][info][gc,heap        ] GC(1288) Humongous regions: 80->80
[4473.398s][info][gc,metaspace   ] GC(1288) Metaspace: 28911K(29312K)->28911K(29312K) NonClass: 24043K(24256K)->24043K(24256K) Class: 4868K(5056K)->4868K(5056K)
[4473.398s][info][gc             ] GC(1288) Pause Young (Mixed) (G1 Evacuation Pause) 3664M->1331M(4096M) 135.966ms
[4473.398s][info][gc,cpu         ] GC(1288) User=0.80s Sys=0.00s Real=0.14s
..[4475.589s][info][gc,start       ] GC(1289) Pause Young (Concurrent Start) (G1 Evacuation Pause)
[4475.589s][info][gc,task        ] GC(1289) Using 6 workers of 6 for evacuation
[4475.717s][info][gc,phases      ] GC(1289)   Pre Evacuate Collection Set: 0.39ms
[4475.717s][info][gc,phases      ] GC(1289)   Merge Heap Roots: 0.51ms
[4475.717s][info][gc,phases      ] GC(1289)   Evacuate Collection Set: 125.59ms
[4475.717s][info][gc,phases      ] GC(1289)   Post Evacuate Collection Set: 0.88ms
[4475.717s][info][gc,phases      ] GC(1289)   Other: 0.12ms
[4475.717s][info][gc,heap        ] GC(1289) Eden regions: 1115->0(1110)
[4475.717s][info][gc,heap        ] GC(1289) Survivor regions: 113->118(154)
[4475.717s][info][gc,heap        ] GC(1289) Old regions: 474->507
[4475.717s][info][gc,heap        ] GC(1289) Humongous regions: 80->80
[4475.717s][info][gc,metaspace   ] GC(1289) Metaspace: 28911K(29312K)->28911K(29312K) NonClass: 24043K(24256K)->24043K(24256K) Class: 4868K(5056K)->4868K(5056K)
[4475.717s][info][gc             ] GC(1289) Pause Young (Concurrent Start) (G1 Evacuation Pause) 3561M->1407M(4096M) 127.631ms
[4475.717s][info][gc             ] GC(1290) Concurrent Mark Cycle
[4475.717s][info][gc,marking     ] GC(1290) Concurrent Scan Root Regions
[4475.717s][info][gc,cpu         ] GC(1289) User=0.75s Sys=0.00s Real=0.13s
[4475.931s][info][gc,marking     ] GC(1290) Concurrent Scan Root Regions 213.934ms
[4475.931s][info][gc,marking     ] GC(1290) Concurrent Mark
[4475.931s][info][gc,marking     ] GC(1290) Concurrent Mark From Roots
[4475.931s][info][gc,task        ] GC(1290) Using 2 workers of 2 for marking
.[4476.996s][info][gc,marking     ] GC(1290) Concurrent Mark From Roots 1064.593ms
[4476.996s][info][gc,marking     ] GC(1290) Concurrent Preclean
[4476.996s][info][gc,marking     ] GC(1290) Concurrent Preclean 0.117ms
[4476.999s][info][gc,start       ] GC(1290) Pause Remark
[4477.003s][info][gc             ] GC(1290) Pause Remark 2663M->2663M(4096M) 4.912ms
[4477.004s][info][gc,cpu         ] GC(1290) User=0.03s Sys=0.00s Real=0.01s
[4477.004s][info][gc,marking     ] GC(1290) Concurrent Mark 1072.624ms
[4477.004s][info][gc,marking     ] GC(1290) Concurrent Rebuild Remembered Sets and Scrub Regions
.[4477.376s][info][gc,marking     ] GC(1290) Concurrent Rebuild Remembered Sets and Scrub Regions 372.201ms
[4477.376s][info][gc,start       ] GC(1290) Pause Cleanup
[4477.376s][info][gc             ] GC(1290) Pause Cleanup 3066M->3066M(4096M) 0.107ms
[4477.376s][info][gc,cpu         ] GC(1290) User=0.00s Sys=0.00s Real=0.00s
[4477.376s][info][gc,marking     ] GC(1290) Concurrent Clear Claimed Marks
[4477.376s][info][gc,marking     ] GC(1290) Concurrent Clear Claimed Marks 0.022ms
[4477.376s][info][gc,marking     ] GC(1290) Concurrent Cleanup for Next Mark
[4477.380s][info][gc,marking     ] GC(1290) Concurrent Cleanup for Next Mark 3.731ms
[4477.380s][info][gc             ] GC(1290) Concurrent Mark Cycle 1662.905ms
[4477.969s][info][gc,start       ] GC(1291) Pause Young (Prepare Mixed) (G1 Evacuation Pause)
[4477.969s][info][gc,task        ] GC(1291) Using 6 workers of 6 for evacuation
[4478.085s][info][gc,phases      ] GC(1291)   Pre Evacuate Collection Set: 0.36ms
[4478.086s][info][gc,phases      ] GC(1291)   Merge Heap Roots: 0.55ms
[4478.086s][info][gc,phases      ] GC(1291)   Evacuate Collection Set: 114.31ms
[4478.086s][info][gc,phases      ] GC(1291)   Post Evacuate Collection Set: 0.95ms
[4478.086s][info][gc,phases      ] GC(1291)   Other: 0.09ms
[4478.086s][info][gc,heap        ] GC(1291) Eden regions: 1110->0(1109)
[4478.086s][info][gc,heap        ] GC(1291) Survivor regions: 118->109(154)
[4478.086s][info][gc,heap        ] GC(1291) Old regions: 507->538
[4478.086s][info][gc,heap        ] GC(1291) Humongous regions: 80->80
[4478.086s][info][gc,metaspace   ] GC(1291) Metaspace: 28911K(29312K)->28911K(29312K) NonClass: 24043K(24256K)->24043K(24256K) Class: 4868K(5056K)->4868K(5056K)
[4478.086s][info][gc             ] GC(1291) Pause Young (Prepare Mixed) (G1 Evacuation Pause) 3627M->1452M(4096M) 116.393ms
[4478.086s][info][gc,cpu         ] GC(1291) User=0.69s Sys=0.00s Real=0.12s
..[4480.340s][info][gc,start       ] GC(1292) Pause Young (Mixed) (G1 Evacuation Pause)
[4480.341s][info][gc,task        ] GC(1292) Using 6 workers of 6 for evacuation
[4480.479s][info][gc,phases      ] GC(1292)   Pre Evacuate Collection Set: 0.41ms
[4480.479s][info][gc,phases      ] GC(1292)   Merge Heap Roots: 0.67ms
[4480.479s][info][gc,phases      ] GC(1292)   Evacuate Collection Set: 136.39ms
[4480.479s][info][gc,phases      ] GC(1292)   Post Evacuate Collection Set: 0.98ms
[4480.479s][info][gc,phases      ] GC(1292)   Other: 0.09ms
[4480.479s][info][gc,heap        ] GC(1292) Eden regions: 1109->0(1113)
[4480.479s][info][gc,heap        ] GC(1292) Survivor regions: 109->115(153)
[4480.479s][info][gc,heap        ] GC(1292) Old regions: 538->474
[4480.479s][info][gc,heap        ] GC(1292) Humongous regions: 80->80
[4480.479s][info][gc,metaspace   ] GC(1292) Metaspace: 28911K(29312K)->28911K(29312K) NonClass: 24043K(24256K)->24043K(24256K) Class: 4868K(5056K)->4868K(5056K)
[4480.479s][info][gc             ] GC(1292) Pause Young (Mixed) (G1 Evacuation Pause) 3670M->1335M(4096M) 138.692ms
[4480.479s][info][gc,cpu         ] GC(1292) User=0.82s Sys=0.00s Real=0.14s
...[4482.668s][info][gc,start       ] GC(1293) Pause Young (Concurrent Start) (G1 Evacuation Pause)
[4482.668s][info][gc,task        ] GC(1293) Using 6 workers of 6 for evacuation
[4482.782s][info][gc,phases      ] GC(1293)   Pre Evacuate Collection Set: 0.39ms
[4482.782s][info][gc,phases      ] GC(1293)   Merge Heap Roots: 0.53ms
[4482.782s][info][gc,phases      ] GC(1293)   Evacuate Collection Set: 112.12ms
[4482.782s][info][gc,phases      ] GC(1293)   Post Evacuate Collection Set: 0.88ms
[4482.782s][info][gc,phases      ] GC(1293)   Other: 0.12ms
[4482.782s][info][gc,heap        ] GC(1293) Eden regions: 1113->0(1121)
[4482.782s][info][gc,heap        ] GC(1293) Survivor regions: 115->107(154)
[4482.782s][info][gc,heap        ] GC(1293) Old regions: 474->506
[4482.782s][info][gc,heap        ] GC(1293) Humongous regions: 80->80
[4482.782s][info][gc,metaspace   ] GC(1293) Metaspace: 28911K(29312K)->28911K(29312K) NonClass: 24043K(24256K)->24043K(24256K) Class: 4868K(5056K)->4868K(5056K)
[4482.782s][info][gc             ] GC(1293) Pause Young (Concurrent Start) (G1 Evacuation Pause) 3561M->1383M(4096M) 114.181ms
[4482.782s][info][gc             ] GC(1294) Concurrent Mark Cycle
[4482.782s][info][gc,marking     ] GC(1294) Concurrent Scan Root Regions
[4482.782s][info][gc,cpu         ] GC(1293) User=0.67s Sys=0.00s Real=0.11s
[4482.979s][info][gc,marking     ] GC(1294) Concurrent Scan Root Regions 197.051ms
[4482.979s][info][gc,marking     ] GC(1294) Concurrent Mark
[4482.979s][info][gc,marking     ] GC(1294) Concurrent Mark From Roots
[4482.979s][info][gc,task        ] GC(1294) Using 2 workers of 2 for marking
. (rIR:aIR:PR = 8025:8004:8004) (tPR = 119492) [OK] 
  4483s: Performance info:
         Transaction,    Success,    Partial,     Failed,   Receipts, AvgBarcode, 
             Overall,     481770,          0,          0,     457691,      59.47, 
         Response times:
             Request,    Success,    Partial,     Failed,   SkipFail,     Probes,    Samples,      min,      p50,      p90,      p95,      p99,      max, 
       TotalPurchase,     457691,          0,          0,          0,     346557,     418048,      300,     7800,   154000,   198000,   280000,   587000,
     InStorePurchase,     240282,          0,          0,          0,     182223,     220161,      300,     7900,   155000,   197000,   280000,   459000,
      OnlinePurchase,     169121,          0,          0,          0,     127782,     153937,      300,     7800,   153000,   198000,   281000,   587000,
        InstPurchase,      48288,          0,          0,          0,      36552,      43950,      400,     7300,   153000,   197000,   277490,   427000,
          AssocOfCat,        485,          0,          0,          0,        394,        546,    24000,    52000,   209000,   256000,   308530,   364000,
      AssocOfProduct,       4841,          0,          0,          0,       3315,       4138,      600,     7900,   148000,   193050,   264000,   362000,
      BusinessReport,       1210,          0,          0,          0,       1071,       1372,    27000,    55000,   199000,   249350,   323540,   420000,
          CustBuyBeh,       4849,          0,          0,          0,       3296,       4230,      200,     7800,   153000,   198000,   283690,   358000,
       ProductReturn,      12694,          0,          0,          0,       9775,      11951,      200,     6800,   145000,   192000,   274480,   378000,

  4483s: (59%)   IR =   8164 [4483.995s][info][gc,marking     ] GC(1294) Concurrent Mark From Roots 1015.749ms
[4483.995s][info][gc,marking     ] GC(1294) Concurrent Preclean
[4483.995s][info][gc,marking     ] GC(1294) Concurrent Preclean 0.140ms
[4483.996s][info][gc,start       ] GC(1294) Pause Remark
[4484.002s][info][gc             ] GC(1294) Pause Remark 2549M->2549M(4096M) 5.934ms
[4484.002s][info][gc,cpu         ] GC(1294) User=0.03s Sys=0.00s Real=0.00s
[4484.004s][info][gc,marking     ] GC(1294) Concurrent Mark 1024.573ms
[4484.004s][info][gc,marking     ] GC(1294) Concurrent Rebuild Remembered Sets and Scrub Regions
[4484.286s][info][gc,marking     ] GC(1294) Concurrent Rebuild Remembered Sets and Scrub Regions 282.633ms
[4484.287s][info][gc,start       ] GC(1294) Pause Cleanup
[4484.287s][info][gc             ] GC(1294) Pause Cleanup 2829M->2829M(4096M) 0.114ms
[4484.287s][info][gc,cpu         ] GC(1294) User=0.00s Sys=0.00s Real=0.00s
[4484.289s][info][gc,marking     ] GC(1294) Concurrent Clear Claimed Marks
[4484.289s][info][gc,marking     ] GC(1294) Concurrent Clear Claimed Marks 0.048ms
[4484.289s][info][gc,marking     ] GC(1294) Concurrent Cleanup for Next Mark
[4484.295s][info][gc,marking     ] GC(1294) Concurrent Cleanup for Next Mark 6.158ms
[4484.295s][info][gc             ] GC(1294) Concurrent Mark Cycle 1513.166ms
.[4485.095s][info][gc,start       ] GC(1295) Pause Young (Prepare Mixed) (G1 Evacuation Pause)
[4485.095s][info][gc,task        ] GC(1295) Using 6 workers of 6 for evacuation
[4485.217s][info][gc,phases      ] GC(1295)   Pre Evacuate Collection Set: 0.33ms
[4485.217s][info][gc,phases      ] GC(1295)   Merge Heap Roots: 0.61ms
[4485.217s][info][gc,phases      ] GC(1295)   Evacuate Collection Set: 119.98ms
[4485.217s][info][gc,phases      ] GC(1295)   Post Evacuate Collection Set: 0.98ms
[4485.217s][info][gc,phases      ] GC(1295)   Other: 0.09ms
[4485.217s][info][gc,heap        ] GC(1295) Eden regions: 1121->0(1102)
[4485.217s][info][gc,heap        ] GC(1295) Survivor regions: 107->112(154)
[4485.217s][info][gc,heap        ] GC(1295) Old regions: 506->539
[4485.217s][info][gc,heap        ] GC(1295) Humongous regions: 80->80
[4485.217s][info][gc,metaspace   ] GC(1295) Metaspace: 28913K(29312K)->28913K(29312K) NonClass: 24044K(24256K)->24044K(24256K) Class: 4868K(5056K)->4868K(5056K)
[4485.217s][info][gc             ] GC(1295) Pause Young (Prepare Mixed) (G1 Evacuation Pause) 3625M->1460M(4096M) 122.121ms
[4485.217s][info][gc,cpu         ] GC(1295) User=0.73s Sys=0.00s Real=0.12s
..[4487.372s][info][gc,start       ] GC(1296) Pause Young (Mixed) (G1 Evacuation Pause)
[4487.372s][info][gc,task        ] GC(1296) Using 6 workers of 6 for evacuation
[4487.508s][info][gc,phases      ] GC(1296)   Pre Evacuate Collection Set: 0.36ms
[4487.508s][info][gc,phases      ] GC(1296)   Merge Heap Roots: 0.71ms
[4487.508s][info][gc,phases      ] GC(1296)   Evacuate Collection Set: 133.62ms
[4487.508s][info][gc,phases      ] GC(1296)   Post Evacuate Collection Set: 0.99ms
[4487.508s][info][gc,phases      ] GC(1296)   Other: 0.08ms
[4487.508s][info][gc,heap        ] GC(1296) Eden regions: 1102->0(1117)
[4487.508s][info][gc,heap        ] GC(1296) Survivor regions: 112->111(152)
[4487.508s][info][gc,heap        ] GC(1296) Old regions: 539->474
[4487.508s][info][gc,heap        ] GC(1296) Humongous regions: 80->80
[4487.508s][info][gc,metaspace   ] GC(1296) Metaspace: 28913K(29312K)->28913K(29312K) NonClass: 24044K(24256K)->24044K(24256K) Class: 4868K(5056K)->4868K(5056K)
[4487.508s][info][gc             ] GC(1296) Pause Young (Mixed) (G1 Evacuation Pause) 3664M->1329M(4096M) 135.919ms
[4487.508s][info][gc,cpu         ] GC(1296) User=0.81s Sys=0.00s Real=0.14s
...[4489.714s][info][gc,start       ] GC(1297) Pause Young (Concurrent Start) (G1 Evacuation Pause)
[4489.714s][info][gc,task        ] GC(1297) Using 6 workers of 6 for evacuation
[4489.832s][info][gc,phases      ] GC(1297)   Pre Evacuate Collection Set: 0.37ms
[4489.832s][info][gc,phases      ] GC(1297)   Merge Heap Roots: 0.53ms
[4489.832s][info][gc,phases      ] GC(1297)   Evacuate Collection Set: 116.76ms
[4489.832s][info][gc,phases      ] GC(1297)   Post Evacuate Collection Set: 0.88ms
[4489.832s][info][gc,phases      ] GC(1297)   Other: 0.12ms
[4489.832s][info][gc,heap        ] GC(1297) Eden regions: 1117->0(1118)
[4489.832s][info][gc,heap        ] GC(1297) Survivor regions: 111->110(154)
[4489.832s][info][gc,heap        ] GC(1297) Old regions: 474->506
[4489.832s][info][gc,heap        ] GC(1297) Humongous regions: 80->80
[4489.832s][info][gc,metaspace   ] GC(1297) Metaspace: 28913K(29312K)->28913K(29312K) NonClass: 24044K(24256K)->24044K(24256K) Class: 4868K(5056K)->4868K(5056K)
[4489.832s][info][gc             ] GC(1297) Pause Young (Concurrent Start) (G1 Evacuation Pause) 3563M->1391M(4096M) 118.800ms
[4489.832s][info][gc             ] GC(1298) Concurrent Mark Cycle
[4489.832s][info][gc,marking     ] GC(1298) Concurrent Scan Root Regions
[4489.833s][info][gc,cpu         ] GC(1297) User=0.70s Sys=0.00s Real=0.11s
[4489.990s][info][gc,marking     ] GC(1298) Concurrent Scan Root Regions 157.669ms
[4489.990s][info][gc,marking     ] GC(1298) Concurrent Mark
[4489.990s][info][gc,marking     ] GC(1298) Concurrent Mark From Roots
[4489.990s][info][gc,task        ] GC(1298) Using 2 workers of 2 for marking
[4490.824s][info][gc,marking     ] GC(1298) Concurrent Mark From Roots 833.756ms
[4490.824s][info][gc,marking     ] GC(1298) Concurrent Preclean
[4490.824s][info][gc,marking     ] GC(1298) Concurrent Preclean 0.153ms
[4490.825s][info][gc,start       ] GC(1298) Pause Remark
[4490.830s][info][gc             ] GC(1298) Pause Remark 2291M->2291M(4096M) 5.015ms
[4490.830s][info][gc,cpu         ] GC(1298) User=0.02s Sys=0.00s Real=0.00s
[4490.830s][info][gc,marking     ] GC(1298) Concurrent Mark 840.153ms
[4490.830s][info][gc,marking     ] GC(1298) Concurrent Rebuild Remembered Sets and Scrub Regions
.[4491.158s][info][gc,marking     ] GC(1298) Concurrent Rebuild Remembered Sets and Scrub Regions 327.219ms
[4491.161s][info][gc,start       ] GC(1298) Pause Cleanup
[4491.161s][info][gc             ] GC(1298) Pause Cleanup 2675M->2675M(4096M) 0.142ms
[4491.161s][info][gc,cpu         ] GC(1298) User=0.00s Sys=0.00s Real=0.00s
[4491.161s][info][gc,marking     ] GC(1298) Concurrent Clear Claimed Marks
[4491.162s][info][gc,marking     ] GC(1298) Concurrent Clear Claimed Marks 0.034ms
[4491.162s][info][gc,marking     ] GC(1298) Concurrent Cleanup for Next Mark
[4491.167s][info][gc,marking     ] GC(1298) Concurrent Cleanup for Next Mark 5.938ms
[4491.167s][info][gc             ] GC(1298) Concurrent Mark Cycle 1335.014ms
.[4492.047s][info][gc,start       ] GC(1299) Pause Young (Prepare Mixed) (G1 Evacuation Pause)
[4492.047s][info][gc,task        ] GC(1299) Using 6 workers of 6 for evacuation
[4492.165s][info][gc,phases      ] GC(1299)   Pre Evacuate Collection Set: 0.36ms
[4492.165s][info][gc,phases      ] GC(1299)   Merge Heap Roots: 0.58ms
[4492.165s][info][gc,phases      ] GC(1299)   Evacuate Collection Set: 116.13ms
[4492.165s][info][gc,phases      ] GC(1299)   Post Evacuate Collection Set: 0.91ms
[4492.165s][info][gc,phases      ] GC(1299)   Other: 0.09ms
[4492.165s][info][gc,heap        ] GC(1299) Eden regions: 1118->0(1106)
[4492.165s][info][gc,heap        ] GC(1299) Survivor regions: 110->111(154)
[4492.165s][info][gc,heap        ] GC(1299) Old regions: 506->537
[4492.165s][info][gc,heap        ] GC(1299) Humongous regions: 80->80
[4492.165s][info][gc,metaspace   ] GC(1299) Metaspace: 28913K(29312K)->28913K(29312K) NonClass: 24044K(24256K)->24044K(24256K) Class: 4868K(5056K)->4868K(5056K)
[4492.165s][info][gc             ] GC(1299) Pause Young (Prepare Mixed) (G1 Evacuation Pause) 3627M->1455M(4096M) 118.201ms
[4492.165s][info][gc,cpu         ] GC(1299) User=0.70s Sys=0.00s Real=0.12s
..|[4494.304s][info][gc,start       ] GC(1300) Pause Young (Mixed) (G1 Evacuation Pause)
[4494.304s][info][gc,task        ] GC(1300) Using 6 workers of 6 for evacuation
[4494.439s][info][gc,phases      ] GC(1300)   Pre Evacuate Collection Set: 0.39ms
[4494.439s][info][gc,phases      ] GC(1300)   Merge Heap Roots: 0.69ms
[4494.439s][info][gc,phases      ] GC(1300)   Evacuate Collection Set: 132.77ms
[4494.439s][info][gc,phases      ] GC(1300)   Post Evacuate Collection Set: 0.95ms
[4494.439s][info][gc,phases      ] GC(1300)   Other: 0.09ms
[4494.439s][info][gc,heap        ] GC(1300) Eden regions: 1106->0(1116)
[4494.439s][info][gc,heap        ] GC(1300) Survivor regions: 111->112(153)
[4494.439s][info][gc,heap        ] GC(1300) Old regions: 537->473
[4494.439s][info][gc,heap        ] GC(1300) Humongous regions: 80->80
[4494.439s][info][gc,metaspace   ] GC(1300) Metaspace: 28913K(29312K)->28913K(29312K) NonClass: 24044K(24256K)->24044K(24256K) Class: 4868K(5056K)->4868K(5056K)
[4494.439s][info][gc             ] GC(1300) Pause Young (Mixed) (G1 Evacuation Pause) 3667M->1328M(4096M) 135.044ms
[4494.439s][info][gc,cpu         ] GC(1300) User=0.79s Sys=0.01s Real=0.13s
..[4496.651s][info][gc,start       ] GC(1301) Pause Young (Concurrent Start) (G1 Evacuation Pause)
[4496.651s][info][gc,task        ] GC(1301) Using 6 workers of 6 for evacuation
[4496.769s][info][gc,phases      ] GC(1301)   Pre Evacuate Collection Set: 0.41ms
[4496.769s][info][gc,phases      ] GC(1301)   Merge Heap Roots: 0.48ms
[4496.769s][info][gc,phases      ] GC(1301)   Evacuate Collection Set: 115.99ms
[4496.769s][info][gc,phases      ] GC(1301)   Post Evacuate Collection Set: 0.91ms
[4496.769s][info][gc,phases      ] GC(1301)   Other: 0.13ms
[4496.769s][info][gc,heap        ] GC(1301) Eden regions: 1116->0(1118)
[4496.769s][info][gc,heap        ] GC(1301) Survivor regions: 112->110(154)
[4496.769s][info][gc,heap        ] GC(1301) Old regions: 473->505
[4496.769s][info][gc,heap        ] GC(1301) Humongous regions: 80->80
[4496.769s][info][gc,metaspace   ] GC(1301) Metaspace: 28913K(29312K)->28913K(29312K) NonClass: 24044K(24256K)->24044K(24256K) Class: 4868K(5056K)->4868K(5056K)
[4496.770s][info][gc             ] GC(1301) Pause Young (Concurrent Start) (G1 Evacuation Pause) 3560M->1388M(4096M) 118.061ms
[4496.770s][info][gc             ] GC(1302) Concurrent Mark Cycle
[4496.770s][info][gc,marking     ] GC(1302) Concurrent Scan Root Regions
[4496.770s][info][gc,cpu         ] GC(1301) User=0.70s Sys=0.00s Real=0.12s
.[4496.977s][info][gc,marking     ] GC(1302) Concurrent Scan Root Regions 207.159ms
[4496.977s][info][gc,marking     ] GC(1302) Concurrent Mark
[4496.977s][info][gc,marking     ] GC(1302) Concurrent Mark From Roots
[4496.977s][info][gc,task        ] GC(1302) Using 2 workers of 2 for marking
[4497.954s][info][gc,marking     ] GC(1302) Concurrent Mark From Roots 977.430ms
[4497.954s][info][gc,marking     ] GC(1302) Concurrent Preclean
[4497.954s][info][gc,marking     ] GC(1302) Concurrent Preclean 0.119ms
[4497.957s][info][gc,start       ] GC(1302) Pause Remark
[4497.964s][info][gc             ] GC(1302) Pause Remark 2514M->2514M(4096M) 6.958ms
[4497.964s][info][gc,cpu         ] GC(1302) User=0.04s Sys=0.00s Real=0.01s
[4497.964s][info][gc,marking     ] GC(1302) Concurrent Mark 987.661ms
[4497.964s][info][gc,marking     ] GC(1302) Concurrent Rebuild Remembered Sets and Scrub Regions
.[4498.372s][info][gc,marking     ] GC(1302) Concurrent Rebuild Remembered Sets and Scrub Regions 407.262ms
[4498.372s][info][gc,start       ] GC(1302) Pause Cleanup
[4498.372s][info][gc             ] GC(1302) Pause Cleanup 2950M->2950M(4096M) 0.148ms
[4498.372s][info][gc,cpu         ] GC(1302) User=0.00s Sys=0.00s Real=0.00s
[4498.376s][info][gc,marking     ] GC(1302) Concurrent Clear Claimed Marks
[4498.376s][info][gc,marking     ] GC(1302) Concurrent Clear Claimed Marks 0.050ms
[4498.376s][info][gc,marking     ] GC(1302) Concurrent Cleanup for Next Mark
[4498.421s][info][gc,marking     ] GC(1302) Concurrent Cleanup for Next Mark 45.194ms
[4498.422s][info][gc             ] GC(1302) Concurrent Mark Cycle 1651.960ms
[4498.943s][info][gc,start       ] GC(1303) Pause Young (Prepare Mixed) (G1 Evacuation Pause)
[4498.943s][info][gc,task        ] GC(1303) Using 6 workers of 6 for evacuation
[4499.059s][info][gc,phases      ] GC(1303)   Pre Evacuate Collection Set: 0.33ms
[4499.059s][info][gc,phases      ] GC(1303)   Merge Heap Roots: 0.56ms
[4499.059s][info][gc,phases      ] GC(1303)   Evacuate Collection Set: 114.34ms
[4499.059s][info][gc,phases      ] GC(1303)   Post Evacuate Collection Set: 0.93ms
[4499.059s][info][gc,phases      ] GC(1303)   Other: 0.09ms
[4499.059s][info][gc,heap        ] GC(1303) Eden regions: 1118->0(1110)
[4499.059s][info][gc,heap        ] GC(1303) Survivor regions: 110->109(154)
[4499.059s][info][gc,heap        ] GC(1303) Old regions: 505->537
[4499.059s][info][gc,heap        ] GC(1303) Humongous regions: 80->80
[4499.059s][info][gc,metaspace   ] GC(1303) Metaspace: 28913K(29312K)->28913K(29312K) NonClass: 24044K(24256K)->24044K(24256K) Class: 4868K(5056K)->4868K(5056K)
[4499.059s][info][gc             ] GC(1303) Pause Young (Prepare Mixed) (G1 Evacuation Pause) 3624M->1450M(4096M) 116.403ms
[4499.059s][info][gc,cpu         ] GC(1303) User=0.69s Sys=0.00s Real=0.12s
...[4501.258s][info][gc,start       ] GC(1304) Pause Young (Mixed) (G1 Evacuation Pause)
[4501.258s][info][gc,task        ] GC(1304) Using 6 workers of 6 for evacuation
[4501.399s][info][gc,phases      ] GC(1304)   Pre Evacuate Collection Set: 0.39ms
[4501.399s][info][gc,phases      ] GC(1304)   Merge Heap Roots: 0.89ms
[4501.399s][info][gc,phases      ] GC(1304)   Evacuate Collection Set: 139.14ms
[4501.399s][info][gc,phases      ] GC(1304)   Post Evacuate Collection Set: 0.95ms
[4501.399s][info][gc,phases      ] GC(1304)   Other: 0.10ms
[4501.399s][info][gc,heap        ] GC(1304) Eden regions: 1110->0(1115)
[4501.399s][info][gc,heap        ] GC(1304) Survivor regions: 109->113(153)
[4501.399s][info][gc,heap        ] GC(1304) Old regions: 537->474
[4501.399s][info][gc,heap        ] GC(1304) Humongous regions: 80->80
[4501.399s][info][gc,metaspace   ] GC(1304) Metaspace: 28913K(29312K)->28913K(29312K) NonClass: 24044K(24256K)->24044K(24256K) Class: 4868K(5056K)->4868K(5056K)
[4501.399s][info][gc             ] GC(1304) Pause Young (Mixed) (G1 Evacuation Pause) 3670M->1333M(4096M) 141.607ms
[4501.399s][info][gc,cpu         ] GC(1304) User=0.84s Sys=0.00s Real=0.14s
..[4503.574s][info][gc,start       ] GC(1305) Pause Young (Concurrent Start) (G1 Evacuation Pause)
[4503.574s][info][gc,task        ] GC(1305) Using 6 workers of 6 for evacuation
[4503.693s][info][gc,phases      ] GC(1305)   Pre Evacuate Collection Set: 0.40ms
[4503.693s][info][gc,phases      ] GC(1305)   Merge Heap Roots: 0.56ms
[4503.693s][info][gc,phases      ] GC(1305)   Evacuate Collection Set: 117.06ms
[4503.693s][info][gc,phases      ] GC(1305)   Post Evacuate Collection Set: 0.90ms
[4503.693s][info][gc,phases      ] GC(1305)   Other: 0.09ms
[4503.693s][info][gc,heap        ] GC(1305) Eden regions: 1115->0(1115)
[4503.693s][info][gc,heap        ] GC(1305) Survivor regions: 113->113(154)
[4503.693s][info][gc,heap        ] GC(1305) Old regions: 474->505
[4503.693s][info][gc,heap        ] GC(1305) Humongous regions: 80->80
[4503.693s][info][gc,metaspace   ] GC(1305) Metaspace: 28913K(29312K)->28913K(29312K) NonClass: 24044K(24256K)->24044K(24256K) Class: 4868K(5056K)->4868K(5056K)
[4503.693s][info][gc             ] GC(1305) Pause Young (Concurrent Start) (G1 Evacuation Pause) 3563M->1394M(4096M) 119.154ms
[4503.693s][info][gc             ] GC(1306) Concurrent Mark Cycle
[4503.693s][info][gc,marking     ] GC(1306) Concurrent Scan Root Regions
[4503.693s][info][gc,cpu         ] GC(1305) User=0.71s Sys=0.00s Real=0.12s
[4503.870s][info][gc,marking     ] GC(1306) Concurrent Scan Root Regions 177.132ms
[4503.870s][info][gc,marking     ] GC(1306) Concurrent Mark
[4503.870s][info][gc,marking     ] GC(1306) Concurrent Mark From Roots
[4503.870s][info][gc,task        ] GC(1306) Using 2 workers of 2 for marking
.[4504.836s][info][gc,marking     ] GC(1306) Concurrent Mark From Roots 965.546ms
[4504.836s][info][gc,marking     ] GC(1306) Concurrent Preclean
[4504.836s][info][gc,marking     ] GC(1306) Concurrent Preclean 0.153ms
[4504.839s][info][gc,start       ] GC(1306) Pause Remark
[4504.846s][info][gc             ] GC(1306) Pause Remark 2484M->2484M(4096M) 7.353ms
[4504.846s][info][gc,cpu         ] GC(1306) User=0.04s Sys=0.00s Real=0.01s
[4504.846s][info][gc,marking     ] GC(1306) Concurrent Mark 976.131ms
[4504.846s][info][gc,marking     ] GC(1306) Concurrent Rebuild Remembered Sets and Scrub Regions
.[4505.217s][info][gc,marking     ] GC(1306) Concurrent Rebuild Remembered Sets and Scrub Regions 370.446ms
[4505.220s][info][gc,start       ] GC(1306) Pause Cleanup
[4505.220s][info][gc             ] GC(1306) Pause Cleanup 2864M->2864M(4096M) 0.137ms
[4505.220s][info][gc,cpu         ] GC(1306) User=0.00s Sys=0.00s Real=0.00s
[4505.220s][info][gc,marking     ] GC(1306) Concurrent Clear Claimed Marks
[4505.220s][info][gc,marking     ] GC(1306) Concurrent Clear Claimed Marks 0.035ms
[4505.220s][info][gc,marking     ] GC(1306) Concurrent Cleanup for Next Mark
[4505.229s][info][gc,marking     ] GC(1306) Concurrent Cleanup for Next Mark 9.037ms
[4505.229s][info][gc             ] GC(1306) Concurrent Mark Cycle 1536.040ms
[4505.868s][info][gc,start       ] GC(1307) Pause Young (Prepare Mixed) (G1 Evacuation Pause)
[4505.868s][info][gc,task        ] GC(1307) Using 6 workers of 6 for evacuation
[4505.985s][info][gc,phases      ] GC(1307)   Pre Evacuate Collection Set: 0.34ms
[4505.985s][info][gc,phases      ] GC(1307)   Merge Heap Roots: 0.52ms
[4505.985s][info][gc,phases      ] GC(1307)   Evacuate Collection Set: 115.26ms
[4505.985s][info][gc,phases      ] GC(1307)   Post Evacuate Collection Set: 0.95ms
[4505.985s][info][gc,phases      ] GC(1307)   Other: 0.09ms
[4505.985s][info][gc,heap        ] GC(1307) Eden regions: 1115->0(1111)
[4505.985s][info][gc,heap        ] GC(1307) Survivor regions: 113->108(154)
[4505.985s][info][gc,heap        ] GC(1307) Old regions: 505->538
[4505.985s][info][gc,heap        ] GC(1307) Humongous regions: 80->80
[4505.985s][info][gc,metaspace   ] GC(1307) Metaspace: 28913K(29312K)->28913K(29312K) NonClass: 24044K(24256K)->24044K(24256K) Class: 4868K(5056K)->4868K(5056K)
[4505.985s][info][gc             ] GC(1307) Pause Young (Prepare Mixed) (G1 Evacuation Pause) 3624M->1450M(4096M) 117.294ms
[4505.985s][info][gc,cpu         ] GC(1307) User=0.69s Sys=0.00s Real=0.12s
...[4508.198s][info][gc,start       ] GC(1308) Pause Young (Mixed) (G1 Evacuation Pause)
[4508.198s][info][gc,task        ] GC(1308) Using 6 workers of 6 for evacuation
[4508.341s][info][gc,phases      ] GC(1308)   Pre Evacuate Collection Set: 0.38ms
[4508.341s][info][gc,phases      ] GC(1308)   Merge Heap Roots: 0.81ms
[4508.341s][info][gc,phases      ] GC(1308)   Evacuate Collection Set: 141.33ms
[4508.341s][info][gc,phases      ] GC(1308)   Post Evacuate Collection Set: 0.94ms
[4508.341s][info][gc,phases      ] GC(1308)   Other: 0.09ms
[4508.341s][info][gc,heap        ] GC(1308) Eden regions: 1111->0(1112)
[4508.341s][info][gc,heap        ] GC(1308) Survivor regions: 108->116(153)
[4508.341s][info][gc,heap        ] GC(1308) Old regions: 538->475
[4508.341s][info][gc,heap        ] GC(1308) Humongous regions: 80->80
[4508.341s][info][gc,metaspace   ] GC(1308) Metaspace: 28913K(29312K)->28913K(29312K) NonClass: 24044K(24256K)->24044K(24256K) Class: 4868K(5056K)->4868K(5056K)
[4508.341s][info][gc             ] GC(1308) Pause Young (Mixed) (G1 Evacuation Pause) 3672M->1340M(4096M) 143.670ms
[4508.341s][info][gc,cpu         ] GC(1308) User=0.85s Sys=0.00s Real=0.14s
..[4510.515s][info][gc,start       ] GC(1309) Pause Young (Concurrent Start) (G1 Evacuation Pause)
[4510.515s][info][gc,task        ] GC(1309) Using 6 workers of 6 for evacuation
[4510.634s][info][gc,phases      ] GC(1309)   Pre Evacuate Collection Set: 0.40ms
[4510.634s][info][gc,phases      ] GC(1309)   Merge Heap Roots: 0.56ms
[4510.634s][info][gc,phases      ] GC(1309)   Evacuate Collection Set: 116.73ms
[4510.634s][info][gc,phases      ] GC(1309)   Post Evacuate Collection Set: 0.87ms
[4510.634s][info][gc,phases      ] GC(1309)   Other: 0.13ms
[4510.634s][info][gc,heap        ] GC(1309) Eden regions: 1112->0(1115)
[4510.634s][info][gc,heap        ] GC(1309) Survivor regions: 116->113(154)
[4510.634s][info][gc,heap        ] GC(1309) Old regions: 475->507
[4510.634s][info][gc,heap        ] GC(1309) Humongous regions: 80->80
[4510.634s][info][gc,metaspace   ] GC(1309) Metaspace: 28913K(29312K)->28913K(29312K) NonClass: 24044K(24256K)->24044K(24256K) Class: 4868K(5056K)->4868K(5056K)
[4510.634s][info][gc             ] GC(1309) Pause Young (Concurrent Start) (G1 Evacuation Pause) 3564M->1397M(4096M) 118.832ms
[4510.634s][info][gc             ] GC(1310) Concurrent Mark Cycle
[4510.634s][info][gc,marking     ] GC(1310) Concurrent Scan Root Regions
[4510.634s][info][gc,cpu         ] GC(1309) User=0.71s Sys=0.00s Real=0.12s
[4510.805s][info][gc,marking     ] GC(1310) Concurrent Scan Root Regions 171.122ms
[4510.805s][info][gc,marking     ] GC(1310) Concurrent Mark
[4510.805s][info][gc,marking     ] GC(1310) Concurrent Mark From Roots
[4510.805s][info][gc,task        ] GC(1310) Using 2 workers of 2 for marking
.[4511.743s][info][gc,marking     ] GC(1310) Concurrent Mark From Roots 937.144ms
[4511.743s][info][gc,marking     ] GC(1310) Concurrent Preclean
[4511.743s][info][gc,marking     ] GC(1310) Concurrent Preclean 0.150ms
[4511.743s][info][gc,start       ] GC(1310) Pause Remark
[4511.750s][info][gc             ] GC(1310) Pause Remark 2446M->2446M(4096M) 7.011ms
[4511.750s][info][gc,cpu         ] GC(1310) User=0.04s Sys=0.00s Real=0.01s
[4511.752s][info][gc,marking     ] GC(1310) Concurrent Mark 946.172ms
[4511.752s][info][gc,marking     ] GC(1310) Concurrent Rebuild Remembered Sets and Scrub Regions
[4512.026s][info][gc,marking     ] GC(1310) Concurrent Rebuild Remembered Sets and Scrub Regions 274.290ms
[4512.027s][info][gc,start       ] GC(1310) Pause Cleanup
[4512.027s][info][gc             ] GC(1310) Pause Cleanup 2751M->2751M(4096M) 0.130ms
[4512.027s][info][gc,cpu         ] GC(1310) User=0.00s Sys=0.00s Real=0.00s
[4512.027s][info][gc,marking     ] GC(1310) Concurrent Clear Claimed Marks
[4512.027s][info][gc,marking     ] GC(1310) Concurrent Clear Claimed Marks 0.025ms
[4512.027s][info][gc,marking     ] GC(1310) Concurrent Cleanup for Next Mark
[4512.036s][info][gc,marking     ] GC(1310) Concurrent Cleanup for Next Mark 8.763ms
[4512.036s][info][gc             ] GC(1310) Concurrent Mark Cycle 1401.693ms
.[4512.903s][info][gc,start       ] GC(1311) Pause Young (Prepare Mixed) (G1 Evacuation Pause)
[4512.903s][info][gc,task        ] GC(1311) Using 6 workers of 6 for evacuation
[4513.023s][info][gc,phases      ] GC(1311)   Pre Evacuate Collection Set: 0.33ms
[4513.023s][info][gc,phases      ] GC(1311)   Merge Heap Roots: 0.64ms
[4513.023s][info][gc,phases      ] GC(1311)   Evacuate Collection Set: 117.81ms
[4513.023s][info][gc,phases      ] GC(1311)   Post Evacuate Collection Set: 0.92ms
[4513.023s][info][gc,phases      ] GC(1311)   Other: 0.08ms
[4513.023s][info][gc,heap        ] GC(1311) Eden regions: 1115->0(1104)
[4513.023s][info][gc,heap        ] GC(1311) Survivor regions: 113->111(154)
[4513.023s][info][gc,heap        ] GC(1311) Old regions: 507->539
[4513.023s][info][gc,heap        ] GC(1311) Humongous regions: 80->80
[4513.023s][info][gc,metaspace   ] GC(1311) Metaspace: 28913K(29312K)->28913K(29312K) NonClass: 24044K(24256K)->24044K(24256K) Class: 4868K(5056K)->4868K(5056K)
[4513.023s][info][gc             ] GC(1311) Pause Young (Prepare Mixed) (G1 Evacuation Pause) 3627M->1458M(4096M) 119.923ms
[4513.023s][info][gc,cpu         ] GC(1311) User=0.70s Sys=0.00s Real=0.12s
..[4515.139s][info][gc,start       ] GC(1312) Pause Young (Mixed) (G1 Evacuation Pause)
[4515.139s][info][gc,task        ] GC(1312) Using 6 workers of 6 for evacuation
[4515.277s][info][gc,phases      ] GC(1312)   Pre Evacuate Collection Set: 0.36ms
[4515.277s][info][gc,phases      ] GC(1312)   Merge Heap Roots: 0.66ms
[4515.277s][info][gc,phases      ] GC(1312)   Evacuate Collection Set: 135.91ms
[4515.277s][info][gc,phases      ] GC(1312)   Post Evacuate Collection Set: 0.96ms
[4515.277s][info][gc,phases      ] GC(1312)   Other: 0.09ms
[4515.277s][info][gc,heap        ] GC(1312) Eden regions: 1104->0(1115)
[4515.277s][info][gc,heap        ] GC(1312) Survivor regions: 111->113(152)
[4515.277s][info][gc,heap        ] GC(1312) Old regions: 539->475
[4515.277s][info][gc,heap        ] GC(1312) Humongous regions: 80->80
[4515.277s][info][gc,metaspace   ] GC(1312) Metaspace: 28913K(29312K)->28913K(29312K) NonClass: 24044K(24256K)->24044K(24256K) Class: 4868K(5056K)->4868K(5056K)
[4515.277s][info][gc             ] GC(1312) Pause Young (Mixed) (G1 Evacuation Pause) 3666M->1335M(4096M) 138.129ms
[4515.277s][info][gc,cpu         ] GC(1312) User=0.82s Sys=0.01s Real=0.14s
...[4517.473s][info][gc,start       ] GC(1313) Pause Young (Concurrent Start) (G1 Evacuation Pause)
[4517.473s][info][gc,task        ] GC(1313) Using 6 workers of 6 for evacuation
[4517.592s][info][gc,phases      ] GC(1313)   Pre Evacuate Collection Set: 0.38ms
[4517.592s][info][gc,phases      ] GC(1313)   Merge Heap Roots: 0.53ms
[4517.592s][info][gc,phases      ] GC(1313)   Evacuate Collection Set: 117.25ms
[4517.592s][info][gc,phases      ] GC(1313)   Post Evacuate Collection Set: 0.88ms
[4517.592s][info][gc,phases      ] GC(1313)   Other: 0.12ms
[4517.592s][info][gc,heap        ] GC(1313) Eden regions: 1115->0(1116)
[4517.592s][info][gc,heap        ] GC(1313) Survivor regions: 113->112(154)
[4517.592s][info][gc,heap        ] GC(1313) Old regions: 475->507
[4517.592s][info][gc,heap        ] GC(1313) Humongous regions: 80->80
[4517.592s][info][gc,metaspace   ] GC(1313) Metaspace: 28913K(29312K)->28913K(29312K) NonClass: 24044K(24256K)->24044K(24256K) Class: 4868K(5056K)->4868K(5056K)
[4517.592s][info][gc             ] GC(1313) Pause Young (Concurrent Start) (G1 Evacuation Pause) 3565M->1396M(4096M) 119.312ms
[4517.592s][info][gc             ] GC(1314) Concurrent Mark Cycle
[4517.592s][info][gc,marking     ] GC(1314) Concurrent Scan Root Regions
[4517.592s][info][gc,cpu         ] GC(1313) User=0.70s Sys=0.00s Real=0.11s
[4517.766s][info][gc,marking     ] GC(1314) Concurrent Scan Root Regions 173.938ms
[4517.766s][info][gc,marking     ] GC(1314) Concurrent Mark
[4517.766s][info][gc,marking     ] GC(1314) Concurrent Mark From Roots
[4517.766s][info][gc,task        ] GC(1314) Using 2 workers of 2 for marking
.[4518.803s][info][gc,marking     ] GC(1314) Concurrent Mark From Roots 1036.767ms
[4518.803s][info][gc,marking     ] GC(1314) Concurrent Preclean
[4518.803s][info][gc,marking     ] GC(1314) Concurrent Preclean 0.152ms
[4518.807s][info][gc,start       ] GC(1314) Pause Remark
[4518.814s][info][gc             ] GC(1314) Pause Remark 2594M->2594M(4096M) 7.026ms
[4518.814s][info][gc,cpu         ] GC(1314) User=0.03s Sys=0.00s Real=0.01s
[4518.814s][info][gc,marking     ] GC(1314) Concurrent Mark 1047.801ms
[4518.814s][info][gc,marking     ] GC(1314) Concurrent Rebuild Remembered Sets and Scrub Regions
[4519.090s][info][gc,marking     ] GC(1314) Concurrent Rebuild Remembered Sets and Scrub Regions 275.762ms
[4519.092s][info][gc,start       ] GC(1314) Pause Cleanup
[4519.092s][info][gc             ] GC(1314) Pause Cleanup 2870M->2870M(4096M) 0.138ms
[4519.092s][info][gc,cpu         ] GC(1314) User=0.00s Sys=0.00s Real=0.00s
[4519.094s][info][gc,marking     ] GC(1314) Concurrent Clear Claimed Marks
[4519.094s][info][gc,marking     ] GC(1314) Concurrent Clear Claimed Marks 0.034ms
[4519.094s][info][gc,marking     ] GC(1314) Concurrent Cleanup for Next Mark
[4519.098s][info][gc,marking     ] GC(1314) Concurrent Cleanup for Next Mark 4.526ms
[4519.098s][info][gc             ] GC(1314) Concurrent Mark Cycle 1505.743ms
.[4519.817s][info][gc,start       ] GC(1315) Pause Young (Prepare Mixed) (G1 Evacuation Pause)
[4519.817s][info][gc,task        ] GC(1315) Using 6 workers of 6 for evacuation
[4519.937s][info][gc,phases      ] GC(1315)   Pre Evacuate Collection Set: 0.34ms
[4519.937s][info][gc,phases      ] GC(1315)   Merge Heap Roots: 0.53ms
[4519.937s][info][gc,phases      ] GC(1315)   Evacuate Collection Set: 118.30ms
[4519.937s][info][gc,phases      ] GC(1315)   Post Evacuate Collection Set: 0.82ms
[4519.937s][info][gc,phases      ] GC(1315)   Other: 0.09ms
[4519.937s][info][gc,heap        ] GC(1315) Eden regions: 1116->0(1102)
[4519.937s][info][gc,heap        ] GC(1315) Survivor regions: 112->112(154)
[4519.937s][info][gc,heap        ] GC(1315) Old regions: 507->539
[4519.937s][info][gc,heap        ] GC(1315) Humongous regions: 80->80
[4519.937s][info][gc,metaspace   ] GC(1315) Metaspace: 28913K(29312K)->28913K(29312K) NonClass: 24044K(24256K)->24044K(24256K) Class: 4868K(5056K)->4868K(5056K)
[4519.937s][info][gc             ] GC(1315) Pause Young (Prepare Mixed) (G1 Evacuation Pause) 3628M->1459M(4096M) 120.225ms
[4519.937s][info][gc,cpu         ] GC(1315) User=0.71s Sys=0.00s Real=0.12s
..[4522.050s][info][gc,start       ] GC(1316) Pause Young (Mixed) (G1 Evacuation Pause)
[4522.050s][info][gc,task        ] GC(1316) Using 6 workers of 6 for evacuation
[4522.182s][info][gc,phases      ] GC(1316)   Pre Evacuate Collection Set: 0.40ms
[4522.182s][info][gc,phases      ] GC(1316)   Merge Heap Roots: 0.78ms
[4522.182s][info][gc,phases      ] GC(1316)   Evacuate Collection Set: 129.16ms
[4522.182s][info][gc,phases      ] GC(1316)   Post Evacuate Collection Set: 1.00ms
[4522.182s][info][gc,phases      ] GC(1316)   Other: 0.09ms
[4522.182s][info][gc,heap        ] GC(1316) Eden regions: 1102->0(1120)
[4522.182s][info][gc,heap        ] GC(1316) Survivor regions: 112->108(152)
[4522.182s][info][gc,heap        ] GC(1316) Old regions: 539->475
[4522.182s][info][gc,heap        ] GC(1316) Humongous regions: 80->80
[4522.182s][info][gc,metaspace   ] GC(1316) Metaspace: 28913K(29312K)->28913K(29312K) NonClass: 24044K(24256K)->24044K(24256K) Class: 4868K(5056K)->4868K(5056K)
[4522.182s][info][gc             ] GC(1316) Pause Young (Mixed) (G1 Evacuation Pause) 3663M->1324M(4096M) 131.558ms
[4522.182s][info][gc,cpu         ] GC(1316) User=0.78s Sys=0.00s Real=0.13s
...[4524.453s][info][gc,start       ] GC(1317) Pause Young (Concurrent Start) (G1 Evacuation Pause)
[4524.453s][info][gc,task        ] GC(1317) Using 6 workers of 6 for evacuation
[4524.574s][info][gc,phases      ] GC(1317)   Pre Evacuate Collection Set: 0.36ms
[4524.574s][info][gc,phases      ] GC(1317)   Merge Heap Roots: 0.47ms
[4524.574s][info][gc,phases      ] GC(1317)   Evacuate Collection Set: 119.01ms
[4524.574s][info][gc,phases      ] GC(1317)   Post Evacuate Collection Set: 0.89ms
[4524.574s][info][gc,phases      ] GC(1317)   Other: 0.10ms
[4524.574s][info][gc,heap        ] GC(1317) Eden regions: 1120->0(1115)
[4524.574s][info][gc,heap        ] GC(1317) Survivor regions: 108->113(154)
[4524.574s][info][gc,heap        ] GC(1317) Old regions: 475->506
[4524.574s][info][gc,heap        ] GC(1317) Humongous regions: 80->80
[4524.574s][info][gc,metaspace   ] GC(1317) Metaspace: 28913K(29312K)->28913K(29312K) NonClass: 24044K(24256K)->24044K(24256K) Class: 4868K(5056K)->4868K(5056K)
[4524.574s][info][gc             ] GC(1317) Pause Young (Concurrent Start) (G1 Evacuation Pause) 3564M->1395M(4096M) 120.948ms
[4524.574s][info][gc             ] GC(1318) Concurrent Mark Cycle
[4524.574s][info][gc,marking     ] GC(1318) Concurrent Scan Root Regions
[4524.574s][info][gc,cpu         ] GC(1317) User=0.72s Sys=0.00s Real=0.13s
[4524.750s][info][gc,marking     ] GC(1318) Concurrent Scan Root Regions 175.940ms
[4524.750s][info][gc,marking     ] GC(1318) Concurrent Mark
[4524.750s][info][gc,marking     ] GC(1318) Concurrent Mark From Roots
[4524.750s][info][gc,task        ] GC(1318) Using 2 workers of 2 for marking
.[4525.748s][info][gc,marking     ] GC(1318) Concurrent Mark From Roots 997.801ms
[4525.748s][info][gc,marking     ] GC(1318) Concurrent Preclean
[4525.748s][info][gc,marking     ] GC(1318) Concurrent Preclean 0.163ms
[4525.749s][info][gc,start       ] GC(1318) Pause Remark
[4525.756s][info][gc             ] GC(1318) Pause Remark 2521M->2521M(4096M) 7.286ms
[4525.756s][info][gc,cpu         ] GC(1318) User=0.04s Sys=0.00s Real=0.01s
[4525.758s][info][gc,marking     ] GC(1318) Concurrent Mark 1008.049ms
[4525.758s][info][gc,marking     ] GC(1318) Concurrent Rebuild Remembered Sets and Scrub Regions
[4526.143s][info][gc,marking     ] GC(1318) Concurrent Rebuild Remembered Sets and Scrub Regions 385.491ms
[4526.144s][info][gc,start       ] GC(1318) Pause Cleanup
[4526.144s][info][gc             ] GC(1318) Pause Cleanup 2925M->2925M(4096M) 0.131ms
[4526.145s][info][gc,cpu         ] GC(1318) User=0.00s Sys=0.00s Real=0.00s
[4526.145s][info][gc,marking     ] GC(1318) Concurrent Clear Claimed Marks
[4526.145s][info][gc,marking     ] GC(1318) Concurrent Clear Claimed Marks 0.053ms
[4526.145s][info][gc,marking     ] GC(1318) Concurrent Cleanup for Next Mark
[4526.150s][info][gc,marking     ] GC(1318) Concurrent Cleanup for Next Mark 5.337ms
[4526.150s][info][gc             ] GC(1318) Concurrent Mark Cycle 1576.243ms
.[4526.811s][info][gc,start       ] GC(1319) Pause Young (Prepare Mixed) (G1 Evacuation Pause)
[4526.811s][info][gc,task        ] GC(1319) Using 6 workers of 6 for evacuation
[4526.936s][info][gc,phases      ] GC(1319)   Pre Evacuate Collection Set: 0.32ms
[4526.936s][info][gc,phases      ] GC(1319)   Merge Heap Roots: 0.60ms
[4526.936s][info][gc,phases      ] GC(1319)   Evacuate Collection Set: 123.62ms
[4526.936s][info][gc,phases      ] GC(1319)   Post Evacuate Collection Set: 0.93ms
[4526.936s][info][gc,phases      ] GC(1319)   Other: 0.09ms
[4526.936s][info][gc,heap        ] GC(1319) Eden regions: 1115->0(1096)
[4526.936s][info][gc,heap        ] GC(1319) Survivor regions: 113->116(154)
[4526.936s][info][gc,heap        ] GC(1319) Old regions: 506->537
[4526.936s][info][gc,heap        ] GC(1319) Humongous regions: 80->80
[4526.936s][info][gc,metaspace   ] GC(1319) Metaspace: 28913K(29312K)->28913K(29312K) NonClass: 24044K(24256K)->24044K(24256K) Class: 4868K(5056K)->4868K(5056K)
[4526.936s][info][gc             ] GC(1319) Pause Young (Prepare Mixed) (G1 Evacuation Pause) 3625M->1463M(4096M) 125.700ms
[4526.936s][info][gc,cpu         ] GC(1319) User=0.74s Sys=0.00s Real=0.13s
..[4529.024s][info][gc,start       ] GC(1320) Pause Young (Mixed) (G1 Evacuation Pause)
[4529.024s][info][gc,task        ] GC(1320) Using 6 workers of 6 for evacuation
[4529.164s][info][gc,phases      ] GC(1320)   Pre Evacuate Collection Set: 0.39ms
[4529.164s][info][gc,phases      ] GC(1320)   Merge Heap Roots: 0.78ms
[4529.164s][info][gc,phases      ] GC(1320)   Evacuate Collection Set: 137.39ms
[4529.164s][info][gc,phases      ] GC(1320)   Post Evacuate Collection Set: 0.95ms
[4529.164s][info][gc,phases      ] GC(1320)   Other: 0.09ms
[4529.164s][info][gc,heap        ] GC(1320) Eden regions: 1096->0(1117)
[4529.164s][info][gc,heap        ] GC(1320) Survivor regions: 116->111(152)
[4529.164s][info][gc,heap        ] GC(1320) Old regions: 537->473
[4529.164s][info][gc,heap        ] GC(1320) Humongous regions: 80->80
[4529.164s][info][gc,metaspace   ] GC(1320) Metaspace: 28913K(29312K)->28913K(29312K) NonClass: 24044K(24256K)->24044K(24256K) Class: 4868K(5056K)->4868K(5056K)
[4529.164s][info][gc             ] GC(1320) Pause Young (Mixed) (G1 Evacuation Pause) 3655M->1326M(4096M) 139.724ms
[4529.164s][info][gc,cpu         ] GC(1320) User=0.83s Sys=0.00s Real=0.14s
..[4531.358s][info][gc,start       ] GC(1321) Pause Young (Concurrent Start) (G1 Evacuation Pause)
[4531.358s][info][gc,task        ] GC(1321) Using 6 workers of 6 for evacuation
[4531.481s][info][gc,phases      ] GC(1321)   Pre Evacuate Collection Set: 0.38ms
[4531.481s][info][gc,phases      ] GC(1321)   Merge Heap Roots: 0.56ms
[4531.481s][info][gc,phases      ] GC(1321)   Evacuate Collection Set: 121.08ms
[4531.481s][info][gc,phases      ] GC(1321)   Post Evacuate Collection Set: 0.87ms
[4531.481s][info][gc,phases      ] GC(1321)   Other: 0.11ms
[4531.481s][info][gc,heap        ] GC(1321) Eden regions: 1117->0(1114)
[4531.481s][info][gc,heap        ] GC(1321) Survivor regions: 111->114(154)
[4531.481s][info][gc,heap        ] GC(1321) Old regions: 473->504
[4531.481s][info][gc,heap        ] GC(1321) Humongous regions: 80->80
[4531.481s][info][gc,metaspace   ] GC(1321) Metaspace: 28913K(29312K)->28913K(29312K) NonClass: 24044K(24256K)->24044K(24256K) Class: 4868K(5056K)->4868K(5056K)
[4531.481s][info][gc             ] GC(1321) Pause Young (Concurrent Start) (G1 Evacuation Pause) 3560M->1395M(4096M) 123.125ms
[4531.481s][info][gc             ] GC(1322) Concurrent Mark Cycle
[4531.481s][info][gc,marking     ] GC(1322) Concurrent Scan Root Regions
[4531.481s][info][gc,cpu         ] GC(1321) User=0.73s Sys=0.00s Real=0.12s
[4531.677s][info][gc,marking     ] GC(1322) Concurrent Scan Root Regions 196.568ms
[4531.677s][info][gc,marking     ] GC(1322) Concurrent Mark
[4531.677s][info][gc,marking     ] GC(1322) Concurrent Mark From Roots
[4531.677s][info][gc,task        ] GC(1322) Using 2 workers of 2 for marking
.[4532.504s][info][gc,marking     ] GC(1322) Concurrent Mark From Roots 827.014ms
[4532.504s][info][gc,marking     ] GC(1322) Concurrent Preclean
[4532.505s][info][gc,marking     ] GC(1322) Concurrent Preclean 0.155ms
[4532.506s][info][gc,start       ] GC(1322) Pause Remark
[4532.511s][info][gc             ] GC(1322) Pause Remark 2281M->2281M(4096M) 4.763ms
[4532.511s][info][gc,cpu         ] GC(1322) User=0.03s Sys=0.00s Real=0.00s
[4532.512s][info][gc,marking     ] GC(1322) Concurrent Mark 834.312ms
[4532.512s][info][gc,marking     ] GC(1322) Concurrent Rebuild Remembered Sets and Scrub Regions
[4532.795s][info][gc,marking     ] GC(1322) Concurrent Rebuild Remembered Sets and Scrub Regions 283.545ms
[4532.796s][info][gc,start       ] GC(1322) Pause Cleanup
[4532.796s][info][gc             ] GC(1322) Pause Cleanup 2573M->2573M(4096M) 0.136ms
[4532.796s][info][gc,cpu         ] GC(1322) User=0.00s Sys=0.00s Real=0.00s
[4532.797s][info][gc,marking     ] GC(1322) Concurrent Clear Claimed Marks
[4532.797s][info][gc,marking     ] GC(1322) Concurrent Clear Claimed Marks 0.039ms
[4532.797s][info][gc,marking     ] GC(1322) Concurrent Cleanup for Next Mark
[4532.802s][info][gc,marking     ] GC(1322) Concurrent Cleanup for Next Mark 4.545ms
[4532.802s][info][gc             ] GC(1322) Concurrent Mark Cycle 1321.046ms
.[4533.632s][info][gc,start       ] GC(1323) Pause Young (Prepare Mixed) (G1 Evacuation Pause)
[4533.632s][info][gc,task        ] GC(1323) Using 6 workers of 6 for evacuation
[4533.750s][info][gc,phases      ] GC(1323)   Pre Evacuate Collection Set: 0.35ms
[4533.751s][info][gc,phases      ] GC(1323)   Merge Heap Roots: 0.57ms
[4533.751s][info][gc,phases      ] GC(1323)   Evacuate Collection Set: 116.60ms
[4533.751s][info][gc,phases      ] GC(1323)   Post Evacuate Collection Set: 0.95ms
[4533.751s][info][gc,phases      ] GC(1323)   Other: 0.09ms
[4533.751s][info][gc,heap        ] GC(1323) Eden regions: 1114->0(1110)
[4533.751s][info][gc,heap        ] GC(1323) Survivor regions: 114->110(154)
[4533.751s][info][gc,heap        ] GC(1323) Old regions: 504->535
[4533.751s][info][gc,heap        ] GC(1323) Humongous regions: 80->80
[4533.751s][info][gc,metaspace   ] GC(1323) Metaspace: 28913K(29312K)->28913K(29312K) NonClass: 24044K(24256K)->24044K(24256K) Class: 4868K(5056K)->4868K(5056K)
[4533.751s][info][gc             ] GC(1323) Pause Young (Prepare Mixed) (G1 Evacuation Pause) 3623M->1448M(4096M) 118.685ms
[4533.751s][info][gc,cpu         ] GC(1323) User=0.70s Sys=0.00s Real=0.12s
...[4535.935s][info][gc,start       ] GC(1324) Pause Young (Mixed) (G1 Evacuation Pause)
[4535.935s][info][gc,task        ] GC(1324) Using 6 workers of 6 for evacuation
[4536.068s][info][gc,phases      ] GC(1324)   Pre Evacuate Collection Set: 0.39ms
[4536.068s][info][gc,phases      ] GC(1324)   Merge Heap Roots: 0.78ms
[4536.068s][info][gc,phases      ] GC(1324)   Evacuate Collection Set: 130.41ms
[4536.068s][info][gc,phases      ] GC(1324)   Post Evacuate Collection Set: 0.97ms
[4536.068s][info][gc,phases      ] GC(1324)   Other: 0.09ms
[4536.068s][info][gc,heap        ] GC(1324) Eden regions: 1110->0(1120)
[4536.068s][info][gc,heap        ] GC(1324) Survivor regions: 110->108(153)
[4536.068s][info][gc,heap        ] GC(1324) Old regions: 535->474
[4536.068s][info][gc,heap        ] GC(1324) Humongous regions: 80->80
[4536.068s][info][gc,metaspace   ] GC(1324) Metaspace: 28913K(29312K)->28913K(29312K) NonClass: 24044K(24256K)->24044K(24256K) Class: 4868K(5056K)->4868K(5056K)
[4536.068s][info][gc             ] GC(1324) Pause Young (Mixed) (G1 Evacuation Pause) 3668M->1321M(4096M) 132.769ms
[4536.068s][info][gc,cpu         ] GC(1324) User=0.78s Sys=0.00s Real=0.13s
..[4538.290s][info][gc,start       ] GC(1325) Pause Young (Concurrent Start) (G1 Evacuation Pause)
[4538.290s][info][gc,task        ] GC(1325) Using 6 workers of 6 for evacuation
[4538.408s][info][gc,phases      ] GC(1325)   Pre Evacuate Collection Set: 0.40ms
[4538.408s][info][gc,phases      ] GC(1325)   Merge Heap Roots: 0.50ms
[4538.408s][info][gc,phases      ] GC(1325)   Evacuate Collection Set: 115.60ms
[4538.408s][info][gc,phases      ] GC(1325)   Post Evacuate Collection Set: 0.88ms
[4538.408s][info][gc,phases      ] GC(1325)   Other: 0.14ms
[4538.408s][info][gc,heap        ] GC(1325) Eden regions: 1120->0(1117)
[4538.408s][info][gc,heap        ] GC(1325) Survivor regions: 108->111(154)
[4538.408s][info][gc,heap        ] GC(1325) Old regions: 474->505
[4538.408s][info][gc,heap        ] GC(1325) Humongous regions: 80->80
[4538.408s][info][gc,metaspace   ] GC(1325) Metaspace: 28913K(29312K)->28913K(29312K) NonClass: 24044K(24256K)->24044K(24256K) Class: 4868K(5056K)->4868K(5056K)
[4538.408s][info][gc             ] GC(1325) Pause Young (Concurrent Start) (G1 Evacuation Pause) 3561M->1390M(4096M) 117.645ms
[4538.408s][info][gc             ] GC(1326) Concurrent Mark Cycle
[4538.408s][info][gc,marking     ] GC(1326) Concurrent Scan Root Regions
[4538.408s][info][gc,cpu         ] GC(1325) User=0.70s Sys=0.00s Real=0.12s
[4538.592s][info][gc,marking     ] GC(1326) Concurrent Scan Root Regions 184.301ms
[4538.592s][info][gc,marking     ] GC(1326) Concurrent Mark
[4538.592s][info][gc,marking     ] GC(1326) Concurrent Mark From Roots
[4538.592s][info][gc,task        ] GC(1326) Using 2 workers of 2 for marking
.[4539.313s][info][gc,marking     ] GC(1326) Concurrent Mark From Roots 721.078ms
[4539.313s][info][gc,marking     ] GC(1326) Concurrent Preclean
[4539.313s][info][gc,marking     ] GC(1326) Concurrent Preclean 0.131ms
[4539.317s][info][gc,start       ] GC(1326) Pause Remark
[4539.322s][info][gc             ] GC(1326) Pause Remark 2192M->2192M(4096M) 5.129ms
[4539.322s][info][gc,cpu         ] GC(1326) User=0.03s Sys=0.00s Real=0.00s
[4539.322s][info][gc,marking     ] GC(1326) Concurrent Mark 730.127ms
[4539.322s][info][gc,marking     ] GC(1326) Concurrent Rebuild Remembered Sets and Scrub Regions
[4539.642s][info][gc,marking     ] GC(1326) Concurrent Rebuild Remembered Sets and Scrub Regions 319.525ms
[4539.644s][info][gc,start       ] GC(1326) Pause Cleanup
[4539.644s][info][gc             ] GC(1326) Pause Cleanup 2474M->2474M(4096M) 0.132ms
[4539.644s][info][gc,cpu         ] GC(1326) User=0.00s Sys=0.00s Real=0.00s
[4539.644s][info][gc,marking     ] GC(1326) Concurrent Clear Claimed Marks
[4539.644s][info][gc,marking     ] GC(1326) Concurrent Clear Claimed Marks 0.035ms
[4539.644s][info][gc,marking     ] GC(1326) Concurrent Cleanup for Next Mark
[4539.651s][info][gc,marking     ] GC(1326) Concurrent Cleanup for Next Mark 6.810ms
[4539.651s][info][gc             ] GC(1326) Concurrent Mark Cycle 1243.034ms
.[4540.608s][info][gc,start       ] GC(1327) Pause Young (Prepare Mixed) (G1 Evacuation Pause)
[4540.608s][info][gc,task        ] GC(1327) Using 6 workers of 6 for evacuation
[4540.725s][info][gc,phases      ] GC(1327)   Pre Evacuate Collection Set: 0.33ms
[4540.725s][info][gc,phases      ] GC(1327)   Merge Heap Roots: 0.58ms
[4540.725s][info][gc,phases      ] GC(1327)   Evacuate Collection Set: 114.76ms
[4540.725s][info][gc,phases      ] GC(1327)   Post Evacuate Collection Set: 0.95ms
[4540.725s][info][gc,phases      ] GC(1327)   Other: 0.09ms
[4540.725s][info][gc,heap        ] GC(1327) Eden regions: 1117->0(1111)
[4540.725s][info][gc,heap        ] GC(1327) Survivor regions: 111->109(154)
[4540.725s][info][gc,heap        ] GC(1327) Old regions: 505->536
[4540.725s][info][gc,heap        ] GC(1327) Humongous regions: 80->80
[4540.725s][info][gc,metaspace   ] GC(1327) Metaspace: 28913K(29312K)->28913K(29312K) NonClass: 24044K(24256K)->24044K(24256K) Class: 4868K(5056K)->4868K(5056K)
[4540.725s][info][gc             ] GC(1327) Pause Young (Prepare Mixed) (G1 Evacuation Pause) 3624M->1448M(4096M) 116.853ms
[4540.725s][info][gc,cpu         ] GC(1327) User=0.69s Sys=0.00s Real=0.12s
..[4542.851s][info][gc,start       ] GC(1328) Pause Young (Mixed) (G1 Evacuation Pause)
[4542.851s][info][gc,task        ] GC(1328) Using 6 workers of 6 for evacuation
[4542.988s][info][gc,phases      ] GC(1328)   Pre Evacuate Collection Set: 0.40ms
[4542.988s][info][gc,phases      ] GC(1328)   Merge Heap Roots: 0.80ms
[4542.988s][info][gc,phases      ] GC(1328)   Evacuate Collection Set: 134.31ms
[4542.988s][info][gc,phases      ] GC(1328)   Post Evacuate Collection Set: 0.97ms
[4542.988s][info][gc,phases      ] GC(1328)   Other: 0.09ms
[4542.988s][info][gc,heap        ] GC(1328) Eden regions: 1111->0(1116)
[4542.988s][info][gc,heap        ] GC(1328) Survivor regions: 109->112(153)
[4542.988s][info][gc,heap        ] GC(1328) Old regions: 536->473
[4542.988s][info][gc,heap        ] GC(1328) Humongous regions: 80->80
[4542.988s][info][gc,metaspace   ] GC(1328) Metaspace: 28913K(29312K)->28913K(29312K) NonClass: 24044K(24256K)->24044K(24256K) Class: 4868K(5056K)->4868K(5056K)
[4542.988s][info][gc             ] GC(1328) Pause Young (Mixed) (G1 Evacuation Pause) 3670M->1328M(4096M) 136.731ms
[4542.988s][info][gc,cpu         ] GC(1328) User=0.81s Sys=0.00s Real=0.14s
...[4545.161s][info][gc,start       ] GC(1329) Pause Young (Concurrent Start) (G1 Evacuation Pause)
[4545.161s][info][gc,task        ] GC(1329) Using 6 workers of 6 for evacuation
[4545.279s][info][gc,phases      ] GC(1329)   Pre Evacuate Collection Set: 0.42ms
[4545.279s][info][gc,phases      ] GC(1329)   Merge Heap Roots: 0.49ms
[4545.279s][info][gc,phases      ] GC(1329)   Evacuate Collection Set: 115.78ms
[4545.279s][info][gc,phases      ] GC(1329)   Post Evacuate Collection Set: 0.87ms
[4545.279s][info][gc,phases      ] GC(1329)   Other: 0.12ms
[4545.279s][info][gc,heap        ] GC(1329) Eden regions: 1116->0(1118)
[4545.279s][info][gc,heap        ] GC(1329) Survivor regions: 112->110(154)
[4545.279s][info][gc,heap        ] GC(1329) Old regions: 473->505
[4545.279s][info][gc,heap        ] GC(1329) Humongous regions: 80->80
[4545.279s][info][gc,metaspace   ] GC(1329) Metaspace: 28913K(29312K)->28913K(29312K) NonClass: 24044K(24256K)->24044K(24256K) Class: 4868K(5056K)->4868K(5056K)
[4545.279s][info][gc             ] GC(1329) Pause Young (Concurrent Start) (G1 Evacuation Pause) 3560M->1389M(4096M) 117.843ms
[4545.279s][info][gc             ] GC(1330) Concurrent Mark Cycle
[4545.279s][info][gc,marking     ] GC(1330) Concurrent Scan Root Regions
[4545.279s][info][gc,cpu         ] GC(1329) User=0.70s Sys=0.01s Real=0.12s
[4545.457s][info][gc,marking     ] GC(1330) Concurrent Scan Root Regions 178.168ms
[4545.457s][info][gc,marking     ] GC(1330) Concurrent Mark
[4545.457s][info][gc,marking     ] GC(1330) Concurrent Mark From Roots
[4545.457s][info][gc,task        ] GC(1330) Using 2 workers of 2 for marking
.[4546.479s][info][gc,marking     ] GC(1330) Concurrent Mark From Roots 1021.782ms
[4546.479s][info][gc,marking     ] GC(1330) Concurrent Preclean
[4546.479s][info][gc,marking     ] GC(1330) Concurrent Preclean 0.147ms
[4546.481s][info][gc,start       ] GC(1330) Pause Remark
[4546.484s][info][gc             ] GC(1330) Pause Remark 2483M->2483M(4096M) 3.479ms
[4546.484s][info][gc,cpu         ] GC(1330) User=0.02s Sys=0.00s Real=0.01s
[4546.484s][info][gc,marking     ] GC(1330) Concurrent Mark 1027.410ms
[4546.484s][info][gc,marking     ] GC(1330) Concurrent Rebuild Remembered Sets and Scrub Regions
[4546.857s][info][gc,marking     ] GC(1330) Concurrent Rebuild Remembered Sets and Scrub Regions 372.926ms
[4546.858s][info][gc,start       ] GC(1330) Pause Cleanup
[4546.858s][info][gc             ] GC(1330) Pause Cleanup 2835M->2835M(4096M) 0.126ms
[4546.858s][info][gc,cpu         ] GC(1330) User=0.00s Sys=0.00s Real=0.00s
[4546.859s][info][gc,marking     ] GC(1330) Concurrent Clear Claimed Marks
[4546.859s][info][gc,marking     ] GC(1330) Concurrent Clear Claimed Marks 0.037ms
[4546.859s][info][gc,marking     ] GC(1330) Concurrent Cleanup for Next Mark
[4546.865s][info][gc,marking     ] GC(1330) Concurrent Cleanup for Next Mark 5.716ms
[4546.865s][info][gc             ] GC(1330) Concurrent Mark Cycle 1585.772ms
.[4547.538s][info][gc,start       ] GC(1331) Pause Young (Prepare Mixed) (G1 Evacuation Pause)
[4547.538s][info][gc,task        ] GC(1331) Using 6 workers of 6 for evacuation
[4547.657s][info][gc,phases      ] GC(1331)   Pre Evacuate Collection Set: 0.34ms
[4547.657s][info][gc,phases      ] GC(1331)   Merge Heap Roots: 0.54ms
[4547.657s][info][gc,phases      ] GC(1331)   Evacuate Collection Set: 117.76ms
[4547.657s][info][gc,phases      ] GC(1331)   Post Evacuate Collection Set: 0.94ms
[4547.657s][info][gc,phases      ] GC(1331)   Other: 0.09ms
[4547.657s][info][gc,heap        ] GC(1331) Eden regions: 1118->0(1101)
[4547.657s][info][gc,heap        ] GC(1331) Survivor regions: 110->113(154)
[4547.657s][info][gc,heap        ] GC(1331) Old regions: 505->538
[4547.657s][info][gc,heap        ] GC(1331) Humongous regions: 80->80
[4547.657s][info][gc,metaspace   ] GC(1331) Metaspace: 28913K(29312K)->28913K(29312K) NonClass: 24044K(24256K)->24044K(24256K) Class: 4868K(5056K)->4868K(5056K)
[4547.657s][info][gc             ] GC(1331) Pause Young (Prepare Mixed) (G1 Evacuation Pause) 3625M->1460M(4096M) 119.829ms
[4547.657s][info][gc,cpu         ] GC(1331) User=0.71s Sys=0.00s Real=0.12s
..[4549.788s][info][gc,start       ] GC(1332) Pause Young (Mixed) (G1 Evacuation Pause)
[4549.788s][info][gc,task        ] GC(1332) Using 6 workers of 6 for evacuation
[4549.922s][info][gc,phases      ] GC(1332)   Pre Evacuate Collection Set: 0.36ms
[4549.922s][info][gc,phases      ] GC(1332)   Merge Heap Roots: 0.65ms
[4549.922s][info][gc,phases      ] GC(1332)   Evacuate Collection Set: 131.72ms
[4549.922s][info][gc,phases      ] GC(1332)   Post Evacuate Collection Set: 0.98ms
[4549.922s][info][gc,phases      ] GC(1332)   Other: 0.09ms
[4549.922s][info][gc,heap        ] GC(1332) Eden regions: 1101->0(1118)
[4549.922s][info][gc,heap        ] GC(1332) Survivor regions: 113->110(152)
[4549.922s][info][gc,heap        ] GC(1332) Old regions: 538->474
[4549.922s][info][gc,heap        ] GC(1332) Humongous regions: 80->80
[4549.922s][info][gc,metaspace   ] GC(1332) Metaspace: 28913K(29312K)->28913K(29312K) NonClass: 24044K(24256K)->24044K(24256K) Class: 4868K(5056K)->4868K(5056K)
[4549.922s][info][gc             ] GC(1332) Pause Young (Mixed) (G1 Evacuation Pause) 3662M->1326M(4096M) 133.928ms
[4549.922s][info][gc,cpu         ] GC(1332) User=0.79s Sys=0.00s Real=0.13s
..[4552.106s][info][gc,start       ] GC(1333) Pause Young (Concurrent Start) (G1 Evacuation Pause)
[4552.106s][info][gc,task        ] GC(1333) Using 6 workers of 6 for evacuation
[4552.225s][info][gc,phases      ] GC(1333)   Pre Evacuate Collection Set: 0.38ms
[4552.225s][info][gc,phases      ] GC(1333)   Merge Heap Roots: 0.48ms
[4552.225s][info][gc,phases      ] GC(1333)   Evacuate Collection Set: 117.54ms
[4552.225s][info][gc,phases      ] GC(1333)   Post Evacuate Collection Set: 0.88ms
[4552.225s][info][gc,phases      ] GC(1333)   Other: 0.10ms
[4552.225s][info][gc,heap        ] GC(1333) Eden regions: 1118->0(1118)
[4552.225s][info][gc,heap        ] GC(1333) Survivor regions: 110->110(154)
[4552.225s][info][gc,heap        ] GC(1333) Old regions: 474->506
[4552.225s][info][gc,heap        ] GC(1333) Humongous regions: 80->80
[4552.225s][info][gc,metaspace   ] GC(1333) Metaspace: 28913K(29312K)->28913K(29312K) NonClass: 24044K(24256K)->24044K(24256K) Class: 4868K(5056K)->4868K(5056K)
[4552.225s][info][gc             ] GC(1333) Pause Young (Concurrent Start) (G1 Evacuation Pause) 3562M->1390M(4096M) 119.539ms
[4552.225s][info][gc             ] GC(1334) Concurrent Mark Cycle
[4552.225s][info][gc,marking     ] GC(1334) Concurrent Scan Root Regions
[4552.225s][info][gc,cpu         ] GC(1333) User=0.70s Sys=0.00s Real=0.12s
[4552.361s][info][gc,marking     ] GC(1334) Concurrent Scan Root Regions 136.023ms
.[4552.361s][info][gc,marking     ] GC(1334) Concurrent Mark
[4552.361s][info][gc,marking     ] GC(1334) Concurrent Mark From Roots
[4552.361s][info][gc,task        ] GC(1334) Using 2 workers of 2 for marking
[4553.100s][info][gc,marking     ] GC(1334) Concurrent Mark From Roots 738.972ms
[4553.100s][info][gc,marking     ] GC(1334) Concurrent Preclean
[4553.101s][info][gc,marking     ] GC(1334) Concurrent Preclean 0.167ms
[4553.102s][info][gc,start       ] GC(1334) Pause Remark
[4553.106s][info][gc             ] GC(1334) Pause Remark 2156M->2156M(4096M) 4.423ms
[4553.107s][info][gc,cpu         ] GC(1334) User=0.02s Sys=0.00s Real=0.01s
[4553.107s][info][gc,marking     ] GC(1334) Concurrent Mark 745.198ms
[4553.107s][info][gc,marking     ] GC(1334) Concurrent Rebuild Remembered Sets and Scrub Regions
.[4553.534s][info][gc,marking     ] GC(1334) Concurrent Rebuild Remembered Sets and Scrub Regions 427.758ms
[4553.535s][info][gc,start       ] GC(1334) Pause Cleanup
[4553.535s][info][gc             ] GC(1334) Pause Cleanup 2606M->2606M(4096M) 0.128ms
[4553.535s][info][gc,cpu         ] GC(1334) User=0.00s Sys=0.00s Real=0.00s
[4553.536s][info][gc,marking     ] GC(1334) Concurrent Clear Claimed Marks
[4553.536s][info][gc,marking     ] GC(1334) Concurrent Clear Claimed Marks 0.034ms
[4553.536s][info][gc,marking     ] GC(1334) Concurrent Cleanup for Next Mark
[4553.543s][info][gc,marking     ] GC(1334) Concurrent Cleanup for Next Mark 6.871ms
[4553.543s][info][gc             ] GC(1334) Concurrent Mark Cycle 1317.744ms
[4554.375s][info][gc,start       ] GC(1335) Pause Young (Prepare Mixed) (G1 Evacuation Pause)
[4554.375s][info][gc,task        ] GC(1335) Using 6 workers of 6 for evacuation
[4554.499s][info][gc,phases      ] GC(1335)   Pre Evacuate Collection Set: 0.35ms
[4554.499s][info][gc,phases      ] GC(1335)   Merge Heap Roots: 0.54ms
[4554.499s][info][gc,phases      ] GC(1335)   Evacuate Collection Set: 121.33ms
[4554.499s][info][gc,phases      ] GC(1335)   Post Evacuate Collection Set: 0.94ms
[4554.499s][info][gc,phases      ] GC(1335)   Other: 0.09ms
[4554.499s][info][gc,heap        ] GC(1335) Eden regions: 1118->0(1098)
[4554.499s][info][gc,heap        ] GC(1335) Survivor regions: 110->115(154)
[4554.499s][info][gc,heap        ] GC(1335) Old regions: 506->537
[4554.499s][info][gc,heap        ] GC(1335) Humongous regions: 80->80
[4554.499s][info][gc,metaspace   ] GC(1335) Metaspace: 28913K(29312K)->28913K(29312K) NonClass: 24044K(24256K)->24044K(24256K) Class: 4868K(5056K)->4868K(5056K)
[4554.499s][info][gc             ] GC(1335) Pause Young (Prepare Mixed) (G1 Evacuation Pause) 3626M->1462M(4096M) 123.374ms
[4554.499s][info][gc,cpu         ] GC(1335) User=0.73s Sys=0.00s Real=0.12s
. (rIR:aIR:PR = 8164:8160:8160) (tPR = 120715) [OK] 
  4554s: Performance info:
         Transaction,    Success,    Partial,     Failed,   Receipts, AvgBarcode, 
             Overall,     494898,          0,          0,     470164,      59.47, 
         Response times:
             Request,    Success,    Partial,     Failed,   SkipFail,     Probes,    Samples,      min,      p50,      p90,      p95,      p99,      max, 
       TotalPurchase,     470244,          0,          0,          0,     353259,     427366,      300,     8300,   141000,   179000,   250000,   598000,
     InStorePurchase,     247844,          0,          0,          0,     184886,     223397,      300,     8500,   142000,   180000,   249000,   598000,
      OnlinePurchase,     172764,          0,          0,          0,     130371,     157963,      300,     8100,   141000,   179000,   253000,   575000,
        InstPurchase,      49636,          0,          0,          0,      38002,      46006,      300,     7900,   135000,   171000,   239000,   398000,
          AssocOfCat,        491,          0,          0,          0,        411,        609,    24000,    45000,   179000,   201000,   287900,   341000,
      AssocOfProduct,       4957,          0,          0,          0,       3345,       4208,      800,     7400,   129000,   167000,   236000,   387000,
      BusinessReport,       1235,          0,          0,          0,       1061,       1395,    31000,    58000,   205000,   247000,   299000,   366000,
          CustBuyBeh,       4969,          0,          0,          0,       3383,       4305,      200,     7900,   135000,   172700,   233000,   309000,
       ProductReturn,      13065,          0,          0,          0,       9858,      12301,      300,     6200,   128000,   168000,   237980,   398000,

  4554s: (60%)   IR =   8302 .[4556.658s][info][gc,start       ] GC(1336) Pause Young (Mixed) (G1 Evacuation Pause)
[4556.658s][info][gc,task        ] GC(1336) Using 6 workers of 6 for evacuation
[4556.796s][info][gc,phases      ] GC(1336)   Pre Evacuate Collection Set: 0.40ms
[4556.796s][info][gc,phases      ] GC(1336)   Merge Heap Roots: 0.78ms
[4556.796s][info][gc,phases      ] GC(1336)   Evacuate Collection Set: 134.81ms
[4556.796s][info][gc,phases      ] GC(1336)   Post Evacuate Collection Set: 1.00ms
[4556.796s][info][gc,phases      ] GC(1336)   Other: 0.85ms
[4556.796s][info][gc,heap        ] GC(1336) Eden regions: 1098->0(1119)
[4556.796s][info][gc,heap        ] GC(1336) Survivor regions: 115->109(152)
[4556.796s][info][gc,heap        ] GC(1336) Old regions: 537->473
[4556.796s][info][gc,heap        ] GC(1336) Humongous regions: 80->80
[4556.796s][info][gc,metaspace   ] GC(1336) Metaspace: 28917K(29312K)->28917K(29312K) NonClass: 24049K(24256K)->24049K(24256K) Class: 4868K(5056K)->4868K(5056K)
[4556.796s][info][gc             ] GC(1336) Pause Young (Mixed) (G1 Evacuation Pause) 3658M->1322M(4096M) 137.988ms
[4556.796s][info][gc,cpu         ] GC(1336) User=0.81s Sys=0.00s Real=0.14s
...[4558.972s][info][gc,start       ] GC(1337) Pause Young (Concurrent Start) (G1 Evacuation Pause)
[4558.972s][info][gc,task        ] GC(1337) Using 6 workers of 6 for evacuation
[4559.090s][info][gc,phases      ] GC(1337)   Pre Evacuate Collection Set: 0.35ms
[4559.090s][info][gc,phases      ] GC(1337)   Merge Heap Roots: 0.46ms
[4559.090s][info][gc,phases      ] GC(1337)   Evacuate Collection Set: 116.35ms
[4559.090s][info][gc,phases      ] GC(1337)   Post Evacuate Collection Set: 0.93ms
[4559.090s][info][gc,phases      ] GC(1337)   Other: 0.10ms
[4559.090s][info][gc,heap        ] GC(1337) Eden regions: 1119->0(1117)
[4559.090s][info][gc,heap        ] GC(1337) Survivor regions: 109->111(154)
[4559.090s][info][gc,heap        ] GC(1337) Old regions: 473->505
[4559.090s][info][gc,heap        ] GC(1337) Humongous regions: 80->80
[4559.090s][info][gc,metaspace   ] GC(1337) Metaspace: 28917K(29312K)->28917K(29312K) NonClass: 24049K(24256K)->24049K(24256K) Class: 4868K(5056K)->4868K(5056K)
[4559.090s][info][gc             ] GC(1337) Pause Young (Concurrent Start) (G1 Evacuation Pause) 3560M->1391M(4096M) 118.319ms
[4559.090s][info][gc             ] GC(1338) Concurrent Mark Cycle
[4559.090s][info][gc,marking     ] GC(1338) Concurrent Scan Root Regions
[4559.090s][info][gc,cpu         ] GC(1337) User=0.70s Sys=0.00s Real=0.12s
[4559.294s][info][gc,marking     ] GC(1338) Concurrent Scan Root Regions 203.385ms
[4559.294s][info][gc,marking     ] GC(1338) Concurrent Mark
[4559.294s][info][gc,marking     ] GC(1338) Concurrent Mark From Roots
[4559.294s][info][gc,task        ] GC(1338) Using 2 workers of 2 for marking
.[4560.282s][info][gc,marking     ] GC(1338) Concurrent Mark From Roots 988.630ms
[4560.283s][info][gc,marking     ] GC(1338) Concurrent Preclean
[4560.283s][info][gc,marking     ] GC(1338) Concurrent Preclean 0.161ms
[4560.283s][info][gc,start       ] GC(1338) Pause Remark
[4560.289s][info][gc             ] GC(1338) Pause Remark 2591M->2591M(4096M) 5.774ms
[4560.289s][info][gc,cpu         ] GC(1338) User=0.03s Sys=0.01s Real=0.01s
[4560.289s][info][gc,marking     ] GC(1338) Concurrent Mark 995.013ms
[4560.289s][info][gc,marking     ] GC(1338) Concurrent Rebuild Remembered Sets and Scrub Regions
[4560.746s][info][gc,marking     ] GC(1338) Concurrent Rebuild Remembered Sets and Scrub Regions 457.640ms
[4560.747s][info][gc,start       ] GC(1338) Pause Cleanup
[4560.747s][info][gc             ] GC(1338) Pause Cleanup 3056M->3056M(4096M) 0.130ms
[4560.747s][info][gc,cpu         ] GC(1338) User=0.01s Sys=0.00s Real=0.00s
[4560.748s][info][gc,marking     ] GC(1338) Concurrent Clear Claimed Marks
[4560.748s][info][gc,marking     ] GC(1338) Concurrent Clear Claimed Marks 0.039ms
[4560.748s][info][gc,marking     ] GC(1338) Concurrent Cleanup for Next Mark
[4560.779s][info][gc,marking     ] GC(1338) Concurrent Cleanup for Next Mark 30.837ms
[4560.779s][info][gc             ] GC(1338) Concurrent Mark Cycle 1688.754ms
.[4561.267s][info][gc,start       ] GC(1339) Pause Young (Prepare Mixed) (G1 Evacuation Pause)
[4561.267s][info][gc,task        ] GC(1339) Using 6 workers of 6 for evacuation
[4561.388s][info][gc,phases      ] GC(1339)   Pre Evacuate Collection Set: 0.32ms
[4561.388s][info][gc,phases      ] GC(1339)   Merge Heap Roots: 0.56ms
[4561.388s][info][gc,phases      ] GC(1339)   Evacuate Collection Set: 118.80ms
[4561.388s][info][gc,phases      ] GC(1339)   Post Evacuate Collection Set: 0.94ms
[4561.388s][info][gc,phases      ] GC(1339)   Other: 0.10ms
[4561.388s][info][gc,heap        ] GC(1339) Eden regions: 1117->0(1103)
[4561.388s][info][gc,heap        ] GC(1339) Survivor regions: 111->113(154)
[4561.388s][info][gc,heap        ] GC(1339) Old regions: 505->536
[4561.388s][info][gc,heap        ] GC(1339) Humongous regions: 80->80
[4561.388s][info][gc,metaspace   ] GC(1339) Metaspace: 28917K(29312K)->28917K(29312K) NonClass: 24049K(24256K)->24049K(24256K) Class: 4868K(5056K)->4868K(5056K)
[4561.388s][info][gc             ] GC(1339) Pause Young (Prepare Mixed) (G1 Evacuation Pause) 3625M->1456M(4096M) 120.887ms
[4561.388s][info][gc,cpu         ] GC(1339) User=0.71s Sys=0.01s Real=0.12s
..[4563.409s][info][gc,start       ] GC(1340) Pause Young (Mixed) (G1 Evacuation Pause)
[4563.409s][info][gc,task        ] GC(1340) Using 6 workers of 6 for evacuation
[4563.548s][info][gc,phases      ] GC(1340)   Pre Evacuate Collection Set: 0.38ms
[4563.548s][info][gc,phases      ] GC(1340)   Merge Heap Roots: 0.65ms
[4563.548s][info][gc,phases      ] GC(1340)   Evacuate Collection Set: 137.52ms
[4563.548s][info][gc,phases      ] GC(1340)   Post Evacuate Collection Set: 0.99ms
[4563.548s][info][gc,phases      ] GC(1340)   Other: 0.09ms
[4563.548s][info][gc,heap        ] GC(1340) Eden regions: 1103->0(1110)
[4563.548s][info][gc,heap        ] GC(1340) Survivor regions: 113->118(152)
[4563.548s][info][gc,heap        ] GC(1340) Old regions: 536->472
[4563.548s][info][gc,heap        ] GC(1340) Humongous regions: 80->80
[4563.548s][info][gc,metaspace   ] GC(1340) Metaspace: 28917K(29312K)->28917K(29312K) NonClass: 24049K(24256K)->24049K(24256K) Class: 4868K(5056K)->4868K(5056K)
[4563.548s][info][gc             ] GC(1340) Pause Young (Mixed) (G1 Evacuation Pause) 3662M->1338M(4096M) 139.761ms
[4563.548s][info][gc,cpu         ] GC(1340) User=0.83s Sys=0.00s Real=0.14s
..[4565.724s][info][gc,start       ] GC(1341) Pause Young (Concurrent Start) (G1 Evacuation Pause)
[4565.724s][info][gc,task        ] GC(1341) Using 6 workers of 6 for evacuation
[4565.845s][info][gc,phases      ] GC(1341)   Pre Evacuate Collection Set: 0.41ms
[4565.845s][info][gc,phases      ] GC(1341)   Merge Heap Roots: 0.54ms
[4565.845s][info][gc,phases      ] GC(1341)   Evacuate Collection Set: 118.94ms
[4565.845s][info][gc,phases      ] GC(1341)   Post Evacuate Collection Set: 0.91ms
[4565.845s][info][gc,phases      ] GC(1341)   Other: 0.10ms
[4565.845s][info][gc,heap        ] GC(1341) Eden regions: 1110->0(1118)
[4565.845s][info][gc,heap        ] GC(1341) Survivor regions: 118->110(154)
[4565.845s][info][gc,heap        ] GC(1341) Old regions: 472->505
[4565.845s][info][gc,heap        ] GC(1341) Humongous regions: 80->80
[4565.845s][info][gc,metaspace   ] GC(1341) Metaspace: 28917K(29312K)->28917K(29312K) NonClass: 24049K(24256K)->24049K(24256K) Class: 4868K(5056K)->4868K(5056K)
[4565.845s][info][gc             ] GC(1341) Pause Young (Concurrent Start) (G1 Evacuation Pause) 3558M->1388M(4096M) 121.043ms
[4565.845s][info][gc             ] GC(1342) Concurrent Mark Cycle
[4565.845s][info][gc,marking     ] GC(1342) Concurrent Scan Root Regions
[4565.845s][info][gc,cpu         ] GC(1341) User=0.71s Sys=0.01s Real=0.12s
.[4566.023s][info][gc,marking     ] GC(1342) Concurrent Scan Root Regions 177.895ms
[4566.023s][info][gc,marking     ] GC(1342) Concurrent Mark
[4566.023s][info][gc,marking     ] GC(1342) Concurrent Mark From Roots
[4566.023s][info][gc,task        ] GC(1342) Using 2 workers of 2 for marking
.|[4566.955s][info][gc,marking     ] GC(1342) Concurrent Mark From Roots 932.212ms
[4566.955s][info][gc,marking     ] GC(1342) Concurrent Preclean
[4566.955s][info][gc,marking     ] GC(1342) Concurrent Preclean 0.115ms
[4566.957s][info][gc,start       ] GC(1342) Pause Remark
[4566.965s][info][gc             ] GC(1342) Pause Remark 2458M->2458M(4096M) 7.861ms
[4566.965s][info][gc,cpu         ] GC(1342) User=0.04s Sys=0.00s Real=0.01s
[4566.966s][info][gc,marking     ] GC(1342) Concurrent Mark 942.998ms
[4566.966s][info][gc,marking     ] GC(1342) Concurrent Rebuild Remembered Sets and Scrub Regions
[4567.342s][info][gc,marking     ] GC(1342) Concurrent Rebuild Remembered Sets and Scrub Regions 375.887ms
[4567.343s][info][gc,start       ] GC(1342) Pause Cleanup
[4567.344s][info][gc             ] GC(1342) Pause Cleanup 2842M->2842M(4096M) 0.124ms
[4567.344s][info][gc,cpu         ] GC(1342) User=0.00s Sys=0.00s Real=0.00s
[4567.344s][info][gc,marking     ] GC(1342) Concurrent Clear Claimed Marks
[4567.344s][info][gc,marking     ] GC(1342) Concurrent Clear Claimed Marks 0.031ms
[4567.344s][info][gc,marking     ] GC(1342) Concurrent Cleanup for Next Mark
[4567.352s][info][gc,marking     ] GC(1342) Concurrent Cleanup for Next Mark 8.344ms
[4567.352s][info][gc             ] GC(1342) Concurrent Mark Cycle 1507.156ms
.[4568.041s][info][gc,start       ] GC(1343) Pause Young (Prepare Mixed) (G1 Evacuation Pause)
[4568.041s][info][gc,task        ] GC(1343) Using 6 workers of 6 for evacuation
[4568.159s][info][gc,phases      ] GC(1343)   Pre Evacuate Collection Set: 0.32ms
[4568.159s][info][gc,phases      ] GC(1343)   Merge Heap Roots: 0.58ms
[4568.159s][info][gc,phases      ] GC(1343)   Evacuate Collection Set: 116.46ms
[4568.159s][info][gc,phases      ] GC(1343)   Post Evacuate Collection Set: 0.92ms
[4568.159s][info][gc,phases      ] GC(1343)   Other: 0.10ms
[4568.159s][info][gc,heap        ] GC(1343) Eden regions: 1118->0(1109)
[4568.159s][info][gc,heap        ] GC(1343) Survivor regions: 110->110(154)
[4568.159s][info][gc,heap        ] GC(1343) Old regions: 505->536
[4568.159s][info][gc,heap        ] GC(1343) Humongous regions: 80->80
[4568.159s][info][gc,metaspace   ] GC(1343) Metaspace: 28917K(29312K)->28917K(29312K) NonClass: 24049K(24256K)->24049K(24256K) Class: 4868K(5056K)->4868K(5056K)
[4568.159s][info][gc             ] GC(1343) Pause Young (Prepare Mixed) (G1 Evacuation Pause) 3624M->1450M(4096M) 118.529ms
[4568.159s][info][gc,cpu         ] GC(1343) User=0.70s Sys=0.00s Real=0.12s
..[4570.356s][info][gc,start       ] GC(1344) Pause Young (Mixed) (G1 Evacuation Pause)
[4570.356s][info][gc,task        ] GC(1344) Using 6 workers of 6 for evacuation
[4570.493s][info][gc,phases      ] GC(1344)   Pre Evacuate Collection Set: 0.37ms
[4570.493s][info][gc,phases      ] GC(1344)   Merge Heap Roots: 0.82ms
[4570.493s][info][gc,phases      ] GC(1344)   Evacuate Collection Set: 134.63ms
[4570.493s][info][gc,phases      ] GC(1344)   Post Evacuate Collection Set: 0.97ms
[4570.493s][info][gc,phases      ] GC(1344)   Other: 0.09ms
[4570.493s][info][gc,heap        ] GC(1344) Eden regions: 1109->0(1115)
[4570.493s][info][gc,heap        ] GC(1344) Survivor regions: 110->113(153)
[4570.493s][info][gc,heap        ] GC(1344) Old regions: 536->473
[4570.493s][info][gc,heap        ] GC(1344) Humongous regions: 80->80
[4570.493s][info][gc,metaspace   ] GC(1344) Metaspace: 28917K(29312K)->28917K(29312K) NonClass: 24049K(24256K)->24049K(24256K) Class: 4868K(5056K)->4868K(5056K)
[4570.493s][info][gc             ] GC(1344) Pause Young (Mixed) (G1 Evacuation Pause) 3668M->1330M(4096M) 137.029ms
[4570.493s][info][gc,cpu         ] GC(1344) User=0.81s Sys=0.00s Real=0.14s
..[4572.615s][info][gc,start       ] GC(1345) Pause Young (Concurrent Start) (G1 Evacuation Pause)
[4572.615s][info][gc,task        ] GC(1345) Using 6 workers of 6 for evacuation
[4572.733s][info][gc,phases      ] GC(1345)   Pre Evacuate Collection Set: 0.40ms
[4572.733s][info][gc,phases      ] GC(1345)   Merge Heap Roots: 0.51ms
[4572.733s][info][gc,phases      ] GC(1345)   Evacuate Collection Set: 116.10ms
[4572.733s][info][gc,phases      ] GC(1345)   Post Evacuate Collection Set: 0.91ms
[4572.733s][info][gc,phases      ] GC(1345)   Other: 0.11ms
[4572.733s][info][gc,heap        ] GC(1345) Eden regions: 1115->0(1118)
[4572.733s][info][gc,heap        ] GC(1345) Survivor regions: 113->110(154)
[4572.733s][info][gc,heap        ] GC(1345) Old regions: 473->505
[4572.733s][info][gc,heap        ] GC(1345) Humongous regions: 80->80
[4572.733s][info][gc,metaspace   ] GC(1345) Metaspace: 28917K(29312K)->28917K(29312K) NonClass: 24049K(24256K)->24049K(24256K) Class: 4868K(5056K)->4868K(5056K)
[4572.733s][info][gc             ] GC(1345) Pause Young (Concurrent Start) (G1 Evacuation Pause) 3560M->1387M(4096M) 118.188ms
[4572.733s][info][gc             ] GC(1346) Concurrent Mark Cycle
[4572.733s][info][gc,marking     ] GC(1346) Concurrent Scan Root Regions
[4572.733s][info][gc,cpu         ] GC(1345) User=0.70s Sys=0.00s Real=0.12s
[4572.909s][info][gc,marking     ] GC(1346) Concurrent Scan Root Regions 175.849ms
[4572.909s][info][gc,marking     ] GC(1346) Concurrent Mark
[4572.909s][info][gc,marking     ] GC(1346) Concurrent Mark From Roots
[4572.909s][info][gc,task        ] GC(1346) Using 2 workers of 2 for marking
.[4573.883s][info][gc,marking     ] GC(1346) Concurrent Mark From Roots 973.817ms
[4573.883s][info][gc,marking     ] GC(1346) Concurrent Preclean
[4573.883s][info][gc,marking     ] GC(1346) Concurrent Preclean 0.092ms
[4573.886s][info][gc,start       ] GC(1346) Pause Remark
[4573.893s][info][gc             ] GC(1346) Pause Remark 2491M->2491M(4096M) 6.533ms
[4573.893s][info][gc,cpu         ] GC(1346) User=0.03s Sys=0.00s Real=0.01s
[4573.893s][info][gc,marking     ] GC(1346) Concurrent Mark 984.156ms
[4573.893s][info][gc,marking     ] GC(1346) Concurrent Rebuild Remembered Sets and Scrub Regions
.[4574.265s][info][gc,marking     ] GC(1346) Concurrent Rebuild Remembered Sets and Scrub Regions 371.587ms
[4574.265s][info][gc,start       ] GC(1346) Pause Cleanup
[4574.265s][info][gc             ] GC(1346) Pause Cleanup 2875M->2875M(4096M) 0.112ms
[4574.265s][info][gc,cpu         ] GC(1346) User=0.00s Sys=0.00s Real=0.00s
[4574.265s][info][gc,marking     ] GC(1346) Concurrent Clear Claimed Marks
[4574.265s][info][gc,marking     ] GC(1346) Concurrent Clear Claimed Marks 0.034ms
[4574.265s][info][gc,marking     ] GC(1346) Concurrent Cleanup for Next Mark
[4574.275s][info][gc,marking     ] GC(1346) Concurrent Cleanup for Next Mark 10.043ms
[4574.275s][info][gc             ] GC(1346) Concurrent Mark Cycle 1542.197ms
[4574.986s][info][gc,start       ] GC(1347) Pause Young (Prepare Mixed) (G1 Evacuation Pause)
[4574.986s][info][gc,task        ] GC(1347) Using 6 workers of 6 for evacuation
[4575.106s][info][gc,phases      ] GC(1347)   Pre Evacuate Collection Set: 0.35ms
[4575.106s][info][gc,phases      ] GC(1347)   Merge Heap Roots: 0.54ms
[4575.106s][info][gc,phases      ] GC(1347)   Evacuate Collection Set: 118.09ms
[4575.106s][info][gc,phases      ] GC(1347)   Post Evacuate Collection Set: 0.94ms
[4575.106s][info][gc,phases      ] GC(1347)   Other: 0.09ms
[4575.106s][info][gc,heap        ] GC(1347) Eden regions: 1118->0(1106)
[4575.106s][info][gc,heap        ] GC(1347) Survivor regions: 110->111(154)
[4575.106s][info][gc,heap        ] GC(1347) Old regions: 505->537
[4575.106s][info][gc,heap        ] GC(1347) Humongous regions: 80->80
[4575.106s][info][gc,metaspace   ] GC(1347) Metaspace: 28917K(29312K)->28917K(29312K) NonClass: 24049K(24256K)->24049K(24256K) Class: 4868K(5056K)->4868K(5056K)
[4575.106s][info][gc             ] GC(1347) Pause Young (Prepare Mixed) (G1 Evacuation Pause) 3623M->1455M(4096M) 120.130ms
[4575.106s][info][gc,cpu         ] GC(1347) User=0.71s Sys=0.00s Real=0.12s
...[4577.269s][info][gc,start       ] GC(1348) Pause Young (Mixed) (G1 Evacuation Pause)
[4577.269s][info][gc,task        ] GC(1348) Using 6 workers of 6 for evacuation
[4577.401s][info][gc,phases      ] GC(1348)   Pre Evacuate Collection Set: 0.39ms
[4577.401s][info][gc,phases      ] GC(1348)   Merge Heap Roots: 0.74ms
[4577.401s][info][gc,phases      ] GC(1348)   Evacuate Collection Set: 130.03ms
[4577.401s][info][gc,phases      ] GC(1348)   Post Evacuate Collection Set: 0.96ms
[4577.401s][info][gc,phases      ] GC(1348)   Other: 0.09ms
[4577.401s][info][gc,heap        ] GC(1348) Eden regions: 1106->0(1118)
[4577.401s][info][gc,heap        ] GC(1348) Survivor regions: 111->110(153)
[4577.401s][info][gc,heap        ] GC(1348) Old regions: 537->474
[4577.401s][info][gc,heap        ] GC(1348) Humongous regions: 80->80
[4577.401s][info][gc,metaspace   ] GC(1348) Metaspace: 28917K(29312K)->28917K(29312K) NonClass: 24049K(24256K)->24049K(24256K) Class: 4868K(5056K)->4868K(5056K)
[4577.401s][info][gc             ] GC(1348) Pause Young (Mixed) (G1 Evacuation Pause) 3667M->1326M(4096M) 132.383ms
[4577.401s][info][gc,cpu         ] GC(1348) User=0.79s Sys=0.00s Real=0.13s
..[4579.529s][info][gc,start       ] GC(1349) Pause Young (Concurrent Start) (G1 Evacuation Pause)
[4579.529s][info][gc,task        ] GC(1349) Using 6 workers of 6 for evacuation
[4579.648s][info][gc,phases      ] GC(1349)   Pre Evacuate Collection Set: 0.41ms
[4579.648s][info][gc,phases      ] GC(1349)   Merge Heap Roots: 0.53ms
[4579.648s][info][gc,phases      ] GC(1349)   Evacuate Collection Set: 117.09ms
[4579.648s][info][gc,phases      ] GC(1349)   Post Evacuate Collection Set: 0.92ms
[4579.648s][info][gc,phases      ] GC(1349)   Other: 0.11ms
[4579.648s][info][gc,heap        ] GC(1349) Eden regions: 1118->0(1116)
[4579.648s][info][gc,heap        ] GC(1349) Survivor regions: 110->112(154)
[4579.648s][info][gc,heap        ] GC(1349) Old regions: 474->505
[4579.648s][info][gc,heap        ] GC(1349) Humongous regions: 80->80
[4579.648s][info][gc,metaspace   ] GC(1349) Metaspace: 28917K(29312K)->28917K(29312K) NonClass: 24049K(24256K)->24049K(24256K) Class: 4868K(5056K)->4868K(5056K)
[4579.648s][info][gc             ] GC(1349) Pause Young (Concurrent Start) (G1 Evacuation Pause) 3562M->1392M(4096M) 119.180ms
[4579.648s][info][gc             ] GC(1350) Concurrent Mark Cycle
[4579.648s][info][gc,marking     ] GC(1350) Concurrent Scan Root Regions
[4579.648s][info][gc,cpu         ] GC(1349) User=0.71s Sys=0.00s Real=0.12s
[4579.843s][info][gc,marking     ] GC(1350) Concurrent Scan Root Regions 194.774ms
[4579.843s][info][gc,marking     ] GC(1350) Concurrent Mark
[4579.843s][info][gc,marking     ] GC(1350) Concurrent Mark From Roots
[4579.843s][info][gc,task        ] GC(1350) Using 2 workers of 2 for marking
.[4580.828s][info][gc,marking     ] GC(1350) Concurrent Mark From Roots 985.121ms
[4580.828s][info][gc,marking     ] GC(1350) Concurrent Preclean
[4580.828s][info][gc,marking     ] GC(1350) Concurrent Preclean 0.136ms
[4580.829s][info][gc,start       ] GC(1350) Pause Remark
[4580.836s][info][gc             ] GC(1350) Pause Remark 2551M->2551M(4096M) 7.158ms
[4580.836s][info][gc,cpu         ] GC(1350) User=0.04s Sys=0.00s Real=0.01s
[4580.838s][info][gc,marking     ] GC(1350) Concurrent Mark 995.079ms
[4580.838s][info][gc,marking     ] GC(1350) Concurrent Rebuild Remembered Sets and Scrub Regions
[4581.227s][info][gc,marking     ] GC(1350) Concurrent Rebuild Remembered Sets and Scrub Regions 388.914ms
[4581.227s][info][gc,start       ] GC(1350) Pause Cleanup
[4581.227s][info][gc             ] GC(1350) Pause Cleanup 3000M->3000M(4096M) 0.117ms
[4581.227s][info][gc,cpu         ] GC(1350) User=0.00s Sys=0.00s Real=0.00s
[4581.229s][info][gc,marking     ] GC(1350) Concurrent Clear Claimed Marks
[4581.229s][info][gc,marking     ] GC(1350) Concurrent Clear Claimed Marks 0.042ms
[4581.229s][info][gc,marking     ] GC(1350) Concurrent Cleanup for Next Mark
[4581.241s][info][gc,marking     ] GC(1350) Concurrent Cleanup for Next Mark 11.754ms
[4581.241s][info][gc             ] GC(1350) Concurrent Mark Cycle 1592.884ms
.[4581.810s][info][gc,start       ] GC(1351) Pause Young (Prepare Mixed) (G1 Evacuation Pause)
[4581.810s][info][gc,task        ] GC(1351) Using 6 workers of 6 for evacuation
[4581.930s][info][gc,phases      ] GC(1351)   Pre Evacuate Collection Set: 0.36ms
[4581.930s][info][gc,phases      ] GC(1351)   Merge Heap Roots: 0.58ms
[4581.930s][info][gc,phases      ] GC(1351)   Evacuate Collection Set: 117.45ms
[4581.930s][info][gc,phases      ] GC(1351)   Post Evacuate Collection Set: 0.93ms
[4581.930s][info][gc,phases      ] GC(1351)   Other: 0.10ms
[4581.930s][info][gc,heap        ] GC(1351) Eden regions: 1116->0(1104)
[4581.930s][info][gc,heap        ] GC(1351) Survivor regions: 112->112(154)
[4581.930s][info][gc,heap        ] GC(1351) Old regions: 505->537
[4581.930s][info][gc,heap        ] GC(1351) Humongous regions: 80->80
[4581.930s][info][gc,metaspace   ] GC(1351) Metaspace: 28917K(29312K)->28917K(29312K) NonClass: 24049K(24256K)->24049K(24256K) Class: 4868K(5056K)->4868K(5056K)
[4581.930s][info][gc             ] GC(1351) Pause Young (Prepare Mixed) (G1 Evacuation Pause) 3624M->1456M(4096M) 119.557ms
[4581.930s][info][gc,cpu         ] GC(1351) User=0.70s Sys=0.00s Real=0.12s
..[4584.078s][info][gc,start       ] GC(1352) Pause Young (Mixed) (G1 Evacuation Pause)
[4584.078s][info][gc,task        ] GC(1352) Using 6 workers of 6 for evacuation
[4584.215s][info][gc,phases      ] GC(1352)   Pre Evacuate Collection Set: 0.36ms
[4584.215s][info][gc,phases      ] GC(1352)   Merge Heap Roots: 0.70ms
[4584.215s][info][gc,phases      ] GC(1352)   Evacuate Collection Set: 135.00ms
[4584.215s][info][gc,phases      ] GC(1352)   Post Evacuate Collection Set: 0.84ms
[4584.215s][info][gc,phases      ] GC(1352)   Other: 0.09ms
[4584.215s][info][gc,heap        ] GC(1352) Eden regions: 1104->0(1114)
[4584.215s][info][gc,heap        ] GC(1352) Survivor regions: 112->114(152)
[4584.215s][info][gc,heap        ] GC(1352) Old regions: 537->474
[4584.215s][info][gc,heap        ] GC(1352) Humongous regions: 80->80
[4584.215s][info][gc,metaspace   ] GC(1352) Metaspace: 28917K(29312K)->28917K(29312K) NonClass: 24049K(24256K)->24049K(24256K) Class: 4868K(5056K)->4868K(5056K)
[4584.215s][info][gc             ] GC(1352) Pause Young (Mixed) (G1 Evacuation Pause) 3664M->1334M(4096M) 137.138ms
[4584.215s][info][gc,cpu         ] GC(1352) User=0.81s Sys=0.00s Real=0.14s
...[4586.408s][info][gc,start       ] GC(1353) Pause Young (Concurrent Start) (G1 Evacuation Pause)
[4586.408s][info][gc,task        ] GC(1353) Using 6 workers of 6 for evacuation
[4586.527s][info][gc,phases      ] GC(1353)   Pre Evacuate Collection Set: 0.36ms
[4586.527s][info][gc,phases      ] GC(1353)   Merge Heap Roots: 0.46ms
[4586.527s][info][gc,phases      ] GC(1353)   Evacuate Collection Set: 117.09ms
[4586.527s][info][gc,phases      ] GC(1353)   Post Evacuate Collection Set: 0.88ms
[4586.527s][info][gc,phases      ] GC(1353)   Other: 0.12ms
[4586.527s][info][gc,heap        ] GC(1353) Eden regions: 1114->0(1117)
[4586.527s][info][gc,heap        ] GC(1353) Survivor regions: 114->111(154)
[4586.527s][info][gc,heap        ] GC(1353) Old regions: 474->505
[4586.527s][info][gc,heap        ] GC(1353) Humongous regions: 80->80
[4586.527s][info][gc,metaspace   ] GC(1353) Metaspace: 28917K(29312K)->28917K(29312K) NonClass: 24049K(24256K)->24049K(24256K) Class: 4868K(5056K)->4868K(5056K)
[4586.527s][info][gc             ] GC(1353) Pause Young (Concurrent Start) (G1 Evacuation Pause) 3562M->1390M(4096M) 119.031ms
[4586.527s][info][gc             ] GC(1354) Concurrent Mark Cycle
[4586.527s][info][gc,marking     ] GC(1354) Concurrent Scan Root Regions
[4586.527s][info][gc,cpu         ] GC(1353) User=0.71s Sys=0.00s Real=0.12s
[4586.703s][info][gc,marking     ] GC(1354) Concurrent Scan Root Regions 175.885ms
[4586.703s][info][gc,marking     ] GC(1354) Concurrent Mark
[4586.703s][info][gc,marking     ] GC(1354) Concurrent Mark From Roots
[4586.703s][info][gc,task        ] GC(1354) Using 2 workers of 2 for marking
.[4587.709s][info][gc,marking     ] GC(1354) Concurrent Mark From Roots 1006.184ms
[4587.709s][info][gc,marking     ] GC(1354) Concurrent Preclean
[4587.709s][info][gc,marking     ] GC(1354) Concurrent Preclean 0.153ms
[4587.713s][info][gc,start       ] GC(1354) Pause Remark
[4587.720s][info][gc             ] GC(1354) Pause Remark 2478M->2478M(4096M) 6.852ms
[4587.720s][info][gc,cpu         ] GC(1354) User=0.04s Sys=0.00s Real=0.00s
[4587.720s][info][gc,marking     ] GC(1354) Concurrent Mark 1017.279ms
[4587.720s][info][gc,marking     ] GC(1354) Concurrent Rebuild Remembered Sets and Scrub Regions
[4588.017s][info][gc,marking     ] GC(1354) Concurrent Rebuild Remembered Sets and Scrub Regions 296.370ms
[4588.018s][info][gc,start       ] GC(1354) Pause Cleanup
[4588.018s][info][gc             ] GC(1354) Pause Cleanup 2782M->2782M(4096M) 0.130ms
[4588.018s][info][gc,cpu         ] GC(1354) User=0.00s Sys=0.00s Real=0.00s
[4588.018s][info][gc,marking     ] GC(1354) Concurrent Clear Claimed Marks
[4588.018s][info][gc,marking     ] GC(1354) Concurrent Clear Claimed Marks 0.042ms
[4588.018s][info][gc,marking     ] GC(1354) Concurrent Cleanup for Next Mark
[4588.024s][info][gc,marking     ] GC(1354) Concurrent Cleanup for Next Mark 5.713ms
[4588.024s][info][gc             ] GC(1354) Concurrent Mark Cycle 1496.674ms
.[4588.782s][info][gc,start       ] GC(1355) Pause Young (Prepare Mixed) (G1 Evacuation Pause)
[4588.782s][info][gc,task        ] GC(1355) Using 6 workers of 6 for evacuation
[4588.900s][info][gc,phases      ] GC(1355)   Pre Evacuate Collection Set: 0.36ms
[4588.900s][info][gc,phases      ] GC(1355)   Merge Heap Roots: 0.65ms
[4588.900s][info][gc,phases      ] GC(1355)   Evacuate Collection Set: 115.92ms
[4588.900s][info][gc,phases      ] GC(1355)   Post Evacuate Collection Set: 0.94ms
[4588.900s][info][gc,phases      ] GC(1355)   Other: 0.10ms
[4588.900s][info][gc,heap        ] GC(1355) Eden regions: 1117->0(1109)
[4588.900s][info][gc,heap        ] GC(1355) Survivor regions: 111->110(154)
[4588.900s][info][gc,heap        ] GC(1355) Old regions: 505->536
[4588.900s][info][gc,heap        ] GC(1355) Humongous regions: 80->80
[4588.900s][info][gc,metaspace   ] GC(1355) Metaspace: 28917K(29312K)->28917K(29312K) NonClass: 24049K(24256K)->24049K(24256K) Class: 4868K(5056K)->4868K(5056K)
[4588.900s][info][gc             ] GC(1355) Pause Young (Prepare Mixed) (G1 Evacuation Pause) 3624M->1449M(4096M) 118.108ms
[4588.900s][info][gc,cpu         ] GC(1355) User=0.70s Sys=0.00s Real=0.12s
..[4591.065s][info][gc,start       ] GC(1356) Pause Young (Mixed) (G1 Evacuation Pause)
[4591.065s][info][gc,task        ] GC(1356) Using 6 workers of 6 for evacuation
[4591.207s][info][gc,phases      ] GC(1356)   Pre Evacuate Collection Set: 0.37ms
[4591.207s][info][gc,phases      ] GC(1356)   Merge Heap Roots: 0.68ms
[4591.207s][info][gc,phases      ] GC(1356)   Evacuate Collection Set: 139.17ms
[4591.207s][info][gc,phases      ] GC(1356)   Post Evacuate Collection Set: 0.95ms
[4591.207s][info][gc,phases      ] GC(1356)   Other: 0.09ms
[4591.207s][info][gc,heap        ] GC(1356) Eden regions: 1109->0(1112)
[4591.207s][info][gc,heap        ] GC(1356) Survivor regions: 110->116(153)
[4591.207s][info][gc,heap        ] GC(1356) Old regions: 536->471
[4591.207s][info][gc,heap        ] GC(1356) Humongous regions: 80->80
[4591.207s][info][gc,metaspace   ] GC(1356) Metaspace: 28917K(29312K)->28917K(29312K) NonClass: 24049K(24256K)->24049K(24256K) Class: 4868K(5056K)->4868K(5056K)
[4591.207s][info][gc             ] GC(1356) Pause Young (Mixed) (G1 Evacuation Pause) 3667M->1332M(4096M) 141.398ms
[4591.207s][info][gc,cpu         ] GC(1356) User=0.84s Sys=0.00s Real=0.14s
..[4593.314s][info][gc,start       ] GC(1357) Pause Young (Concurrent Start) (G1 Evacuation Pause)
[4593.314s][info][gc,task        ] GC(1357) Using 6 workers of 6 for evacuation
[4593.434s][info][gc,phases      ] GC(1357)   Pre Evacuate Collection Set: 0.39ms
[4593.434s][info][gc,phases      ] GC(1357)   Merge Heap Roots: 0.62ms
[4593.434s][info][gc,phases      ] GC(1357)   Evacuate Collection Set: 118.14ms
[4593.434s][info][gc,phases      ] GC(1357)   Post Evacuate Collection Set: 0.91ms
[4593.434s][info][gc,phases      ] GC(1357)   Other: 0.12ms
[4593.434s][info][gc,heap        ] GC(1357) Eden regions: 1112->0(1115)
[4593.434s][info][gc,heap        ] GC(1357) Survivor regions: 116->113(154)
[4593.434s][info][gc,heap        ] GC(1357) Old regions: 471->503
[4593.434s][info][gc,heap        ] GC(1357) Humongous regions: 80->80
[4593.434s][info][gc,metaspace   ] GC(1357) Metaspace: 28917K(29312K)->28917K(29312K) NonClass: 24049K(24256K)->24049K(24256K) Class: 4868K(5056K)->4868K(5056K)
[4593.434s][info][gc             ] GC(1357) Pause Young (Concurrent Start) (G1 Evacuation Pause) 3556M->1389M(4096M) 120.330ms
[4593.434s][info][gc             ] GC(1358) Concurrent Mark Cycle
[4593.434s][info][gc,marking     ] GC(1358) Concurrent Scan Root Regions
[4593.434s][info][gc,cpu         ] GC(1357) User=0.71s Sys=0.00s Real=0.12s
.[4593.613s][info][gc,marking     ] GC(1358) Concurrent Scan Root Regions 179.026ms
[4593.613s][info][gc,marking     ] GC(1358) Concurrent Mark
[4593.613s][info][gc,marking     ] GC(1358) Concurrent Mark From Roots
[4593.613s][info][gc,task        ] GC(1358) Using 2 workers of 2 for marking
[4594.350s][info][gc,marking     ] GC(1358) Concurrent Mark From Roots 736.676ms
[4594.350s][info][gc,marking     ] GC(1358) Concurrent Preclean
[4594.350s][info][gc,marking     ] GC(1358) Concurrent Preclean 0.132ms
[4594.352s][info][gc,start       ] GC(1358) Pause Remark
[4594.355s][info][gc             ] GC(1358) Pause Remark 2181M->2181M(4096M) 2.939ms
[4594.355s][info][gc,cpu         ] GC(1358) User=0.01s Sys=0.00s Real=0.01s
[4594.356s][info][gc,marking     ] GC(1358) Concurrent Mark 742.351ms
[4594.356s][info][gc,marking     ] GC(1358) Concurrent Rebuild Remembered Sets and Scrub Regions
.[4594.687s][info][gc,marking     ] GC(1358) Concurrent Rebuild Remembered Sets and Scrub Regions 331.695ms
[4594.688s][info][gc,start       ] GC(1358) Pause Cleanup
[4594.688s][info][gc             ] GC(1358) Pause Cleanup 2515M->2515M(4096M) 0.122ms
[4594.688s][info][gc,cpu         ] GC(1358) User=0.00s Sys=0.00s Real=0.00s
[4594.689s][info][gc,marking     ] GC(1358) Concurrent Clear Claimed Marks
[4594.689s][info][gc,marking     ] GC(1358) Concurrent Clear Claimed Marks 0.039ms
[4594.689s][info][gc,marking     ] GC(1358) Concurrent Cleanup for Next Mark
[4594.695s][info][gc,marking     ] GC(1358) Concurrent Cleanup for Next Mark 5.857ms
[4594.695s][info][gc             ] GC(1358) Concurrent Mark Cycle 1260.570ms
.[4595.590s][info][gc,start       ] GC(1359) Pause Young (Prepare Mixed) (G1 Evacuation Pause)
[4595.590s][info][gc,task        ] GC(1359) Using 6 workers of 6 for evacuation
[4595.711s][info][gc,phases      ] GC(1359)   Pre Evacuate Collection Set: 0.37ms
[4595.712s][info][gc,phases      ] GC(1359)   Merge Heap Roots: 0.57ms
[4595.712s][info][gc,phases      ] GC(1359)   Evacuate Collection Set: 119.23ms
[4595.712s][info][gc,phases      ] GC(1359)   Post Evacuate Collection Set: 0.92ms
[4595.712s][info][gc,phases      ] GC(1359)   Other: 0.09ms
[4595.712s][info][gc,heap        ] GC(1359) Eden regions: 1115->0(1105)
[4595.712s][info][gc,heap        ] GC(1359) Survivor regions: 113->113(154)
[4595.712s][info][gc,heap        ] GC(1359) Old regions: 503->534
[4595.712s][info][gc,heap        ] GC(1359) Humongous regions: 80->80
[4595.712s][info][gc,metaspace   ] GC(1359) Metaspace: 28917K(29312K)->28917K(29312K) NonClass: 24049K(24256K)->24049K(24256K) Class: 4868K(5056K)->4868K(5056K)
[4595.712s][info][gc             ] GC(1359) Pause Young (Prepare Mixed) (G1 Evacuation Pause) 3619M->1453M(4096M) 121.300ms
[4595.712s][info][gc,cpu         ] GC(1359) User=0.72s Sys=0.00s Real=0.12s
..[4597.810s][info][gc,start       ] GC(1360) Pause Young (Mixed) (G1 Evacuation Pause)
[4597.810s][info][gc,task        ] GC(1360) Using 6 workers of 6 for evacuation
[4597.948s][info][gc,phases      ] GC(1360)   Pre Evacuate Collection Set: 0.37ms
[4597.949s][info][gc,phases      ] GC(1360)   Merge Heap Roots: 0.73ms
[4597.949s][info][gc,phases      ] GC(1360)   Evacuate Collection Set: 136.03ms
[4597.949s][info][gc,phases      ] GC(1360)   Post Evacuate Collection Set: 0.94ms
[4597.949s][info][gc,phases      ] GC(1360)   Other: 0.08ms
[4597.949s][info][gc,heap        ] GC(1360) Eden regions: 1105->0(1116)
[4597.949s][info][gc,heap        ] GC(1360) Survivor regions: 113->112(153)
[4597.949s][info][gc,heap        ] GC(1360) Old regions: 534->474
[4597.949s][info][gc,heap        ] GC(1360) Humongous regions: 80->80
[4597.949s][info][gc,metaspace   ] GC(1360) Metaspace: 28917K(29312K)->28917K(29312K) NonClass: 24049K(24256K)->24049K(24256K) Class: 4868K(5056K)->4868K(5056K)
[4597.949s][info][gc             ] GC(1360) Pause Young (Mixed) (G1 Evacuation Pause) 3663M->1331M(4096M) 138.293ms
[4597.949s][info][gc,cpu         ] GC(1360) User=0.82s Sys=0.00s Real=0.14s
..[4600.057s][info][gc,start       ] GC(1361) Pause Young (Concurrent Start) (G1 Evacuation Pause)
[4600.057s][info][gc,task        ] GC(1361) Using 6 workers of 6 for evacuation
[4600.173s][info][gc,phases      ] GC(1361)   Pre Evacuate Collection Set: 0.39ms
[4600.173s][info][gc,phases      ] GC(1361)   Merge Heap Roots: 0.49ms
[4600.173s][info][gc,phases      ] GC(1361)   Evacuate Collection Set: 114.82ms
[4600.173s][info][gc,phases      ] GC(1361)   Post Evacuate Collection Set: 0.89ms
[4600.173s][info][gc,phases      ] GC(1361)   Other: 0.11ms
[4600.173s][info][gc,heap        ] GC(1361) Eden regions: 1116->0(1117)
[4600.173s][info][gc,heap        ] GC(1361) Survivor regions: 112->111(154)
[4600.173s][info][gc,heap        ] GC(1361) Old regions: 474->505
[4600.173s][info][gc,heap        ] GC(1361) Humongous regions: 80->80
[4600.173s][info][gc,metaspace   ] GC(1361) Metaspace: 28917K(29312K)->28917K(29312K) NonClass: 24049K(24256K)->24049K(24256K) Class: 4868K(5056K)->4868K(5056K)
[4600.173s][info][gc             ] GC(1361) Pause Young (Concurrent Start) (G1 Evacuation Pause) 3563M->1389M(4096M) 116.832ms
[4600.173s][info][gc             ] GC(1362) Concurrent Mark Cycle
[4600.173s][info][gc,marking     ] GC(1362) Concurrent Scan Root Regions
[4600.173s][info][gc,cpu         ] GC(1361) User=0.69s Sys=0.00s Real=0.12s
[4600.309s][info][gc,marking     ] GC(1362) Concurrent Scan Root Regions 135.486ms
[4600.309s][info][gc,marking     ] GC(1362) Concurrent Mark
[4600.309s][info][gc,marking     ] GC(1362) Concurrent Mark From Roots
[4600.309s][info][gc,task        ] GC(1362) Using 2 workers of 2 for marking
.[4601.076s][info][gc,marking     ] GC(1362) Concurrent Mark From Roots 767.027ms
[4601.076s][info][gc,marking     ] GC(1362) Concurrent Preclean
[4601.076s][info][gc,marking     ] GC(1362) Concurrent Preclean 0.151ms
[4601.077s][info][gc,start       ] GC(1362) Pause Remark
[4601.083s][info][gc             ] GC(1362) Pause Remark 2227M->2227M(4096M) 5.697ms
[4601.083s][info][gc,cpu         ] GC(1362) User=0.03s Sys=0.00s Real=0.01s
[4601.083s][info][gc,marking     ] GC(1362) Concurrent Mark 774.489ms
[4601.084s][info][gc,marking     ] GC(1362) Concurrent Rebuild Remembered Sets and Scrub Regions
[4601.462s][info][gc,marking     ] GC(1362) Concurrent Rebuild Remembered Sets and Scrub Regions 378.912ms
[4601.463s][info][gc,start       ] GC(1362) Pause Cleanup
[4601.463s][info][gc             ] GC(1362) Pause Cleanup 2597M->2597M(4096M) 0.125ms
[4601.463s][info][gc,cpu         ] GC(1362) User=0.00s Sys=0.00s Real=0.00s
[4601.463s][info][gc,marking     ] GC(1362) Concurrent Clear Claimed Marks
[4601.463s][info][gc,marking     ] GC(1362) Concurrent Clear Claimed Marks 0.030ms
[4601.463s][info][gc,marking     ] GC(1362) Concurrent Cleanup for Next Mark
[4601.470s][info][gc,marking     ] GC(1362) Concurrent Cleanup for Next Mark 6.846ms
[4601.470s][info][gc             ] GC(1362) Concurrent Mark Cycle 1296.466ms
.[4602.342s][info][gc,start       ] GC(1363) Pause Young (Prepare Mixed) (G1 Evacuation Pause)
[4602.342s][info][gc,task        ] GC(1363) Using 6 workers of 6 for evacuation
[4602.464s][info][gc,phases      ] GC(1363)   Pre Evacuate Collection Set: 0.33ms
[4602.464s][info][gc,phases      ] GC(1363)   Merge Heap Roots: 0.61ms
[4602.464s][info][gc,phases      ] GC(1363)   Evacuate Collection Set: 120.67ms
[4602.464s][info][gc,phases      ] GC(1363)   Post Evacuate Collection Set: 0.95ms
[4602.464s][info][gc,phases      ] GC(1363)   Other: 0.09ms
[4602.464s][info][gc,heap        ] GC(1363) Eden regions: 1117->0(1102)
[4602.464s][info][gc,heap        ] GC(1363) Survivor regions: 111->113(154)
[4602.464s][info][gc,heap        ] GC(1363) Old regions: 505->537
[4602.464s][info][gc,heap        ] GC(1363) Humongous regions: 80->80
[4602.464s][info][gc,metaspace   ] GC(1363) Metaspace: 28917K(29312K)->28917K(29312K) NonClass: 24049K(24256K)->24049K(24256K) Class: 4868K(5056K)->4868K(5056K)
[4602.464s][info][gc             ] GC(1363) Pause Young (Prepare Mixed) (G1 Evacuation Pause) 3623M->1458M(4096M) 122.783ms
[4602.465s][info][gc,cpu         ] GC(1363) User=0.72s Sys=0.01s Real=0.13s
..[4604.598s][info][gc,start       ] GC(1364) Pause Young (Mixed) (G1 Evacuation Pause)
[4604.598s][info][gc,task        ] GC(1364) Using 6 workers of 6 for evacuation
[4604.742s][info][gc,phases      ] GC(1364)   Pre Evacuate Collection Set: 0.36ms
[4604.742s][info][gc,phases      ] GC(1364)   Merge Heap Roots: 0.78ms
[4604.742s][info][gc,phases      ] GC(1364)   Evacuate Collection Set: 141.58ms
[4604.742s][info][gc,phases      ] GC(1364)   Post Evacuate Collection Set: 0.93ms
[4604.742s][info][gc,phases      ] GC(1364)   Other: 0.09ms
[4604.742s][info][gc,heap        ] GC(1364) Eden regions: 1102->0(1109)
[4604.742s][info][gc,heap        ] GC(1364) Survivor regions: 113->119(152)
[4604.742s][info][gc,heap        ] GC(1364) Old regions: 537->473
[4604.742s][info][gc,heap        ] GC(1364) Humongous regions: 80->80
[4604.742s][info][gc,metaspace   ] GC(1364) Metaspace: 28917K(29312K)->28917K(29312K) NonClass: 24049K(24256K)->24049K(24256K) Class: 4868K(5056K)->4868K(5056K)
[4604.742s][info][gc             ] GC(1364) Pause Young (Mixed) (G1 Evacuation Pause) 3662M->1341M(4096M) 143.871ms
[4604.742s][info][gc,cpu         ] GC(1364) User=0.85s Sys=0.00s Real=0.14s
...[4606.905s][info][gc,start       ] GC(1365) Pause Young (Concurrent Start) (G1 Evacuation Pause)
[4606.905s][info][gc,task        ] GC(1365) Using 6 workers of 6 for evacuation
[4607.024s][info][gc,phases      ] GC(1365)   Pre Evacuate Collection Set: 0.37ms
[4607.024s][info][gc,phases      ] GC(1365)   Merge Heap Roots: 0.52ms
[4607.024s][info][gc,phases      ] GC(1365)   Evacuate Collection Set: 117.43ms
[4607.024s][info][gc,phases      ] GC(1365)   Post Evacuate Collection Set: 0.89ms
[4607.024s][info][gc,phases      ] GC(1365)   Other: 0.10ms
[4607.024s][info][gc,heap        ] GC(1365) Eden regions: 1109->0(1116)
[4607.024s][info][gc,heap        ] GC(1365) Survivor regions: 119->112(154)
[4607.024s][info][gc,heap        ] GC(1365) Old regions: 473->505
[4607.024s][info][gc,heap        ] GC(1365) Humongous regions: 80->80
[4607.024s][info][gc,metaspace   ] GC(1365) Metaspace: 28917K(29312K)->28917K(29312K) NonClass: 24049K(24256K)->24049K(24256K) Class: 4868K(5056K)->4868K(5056K)
[4607.024s][info][gc             ] GC(1365) Pause Young (Concurrent Start) (G1 Evacuation Pause) 3559M->1392M(4096M) 119.435ms
[4607.024s][info][gc             ] GC(1366) Concurrent Mark Cycle
[4607.024s][info][gc,marking     ] GC(1366) Concurrent Scan Root Regions
[4607.024s][info][gc,cpu         ] GC(1365) User=0.71s Sys=0.00s Real=0.12s
[4607.175s][info][gc,marking     ] GC(1366) Concurrent Scan Root Regions 150.319ms
[4607.175s][info][gc,marking     ] GC(1366) Concurrent Mark
[4607.175s][info][gc,marking     ] GC(1366) Concurrent Mark From Roots
[4607.175s][info][gc,task        ] GC(1366) Using 2 workers of 2 for marking
.[4607.931s][info][gc,marking     ] GC(1366) Concurrent Mark From Roots 756.128ms
[4607.931s][info][gc,marking     ] GC(1366) Concurrent Preclean
[4607.931s][info][gc,marking     ] GC(1366) Concurrent Preclean 0.118ms
[4607.931s][info][gc,start       ] GC(1366) Pause Remark
[4607.937s][info][gc             ] GC(1366) Pause Remark 2209M->2209M(4096M) 5.417ms
[4607.937s][info][gc,cpu         ] GC(1366) User=0.03s Sys=0.00s Real=0.01s
[4607.937s][info][gc,marking     ] GC(1366) Concurrent Mark 762.047ms
[4607.937s][info][gc,marking     ] GC(1366) Concurrent Rebuild Remembered Sets and Scrub Regions
[4608.210s][info][gc,marking     ] GC(1366) Concurrent Rebuild Remembered Sets and Scrub Regions 273.098ms
[4608.210s][info][gc,start       ] GC(1366) Pause Cleanup
[4608.210s][info][gc             ] GC(1366) Pause Cleanup 2481M->2481M(4096M) 0.125ms
[4608.210s][info][gc,cpu         ] GC(1366) User=0.00s Sys=0.00s Real=0.00s
[4608.210s][info][gc,marking     ] GC(1366) Concurrent Clear Claimed Marks
[4608.210s][info][gc,marking     ] GC(1366) Concurrent Clear Claimed Marks 0.023ms
[4608.210s][info][gc,marking     ] GC(1366) Concurrent Cleanup for Next Mark
[4608.216s][info][gc,marking     ] GC(1366) Concurrent Cleanup for Next Mark 5.259ms
[4608.216s][info][gc             ] GC(1366) Concurrent Mark Cycle 1191.279ms
.[4609.192s][info][gc,start       ] GC(1367) Pause Young (Prepare Mixed) (G1 Evacuation Pause)
[4609.192s][info][gc,task        ] GC(1367) Using 6 workers of 6 for evacuation
[4609.311s][info][gc,phases      ] GC(1367)   Pre Evacuate Collection Set: 0.34ms
[4609.311s][info][gc,phases      ] GC(1367)   Merge Heap Roots: 0.53ms
[4609.311s][info][gc,phases      ] GC(1367)   Evacuate Collection Set: 117.20ms
[4609.311s][info][gc,phases      ] GC(1367)   Post Evacuate Collection Set: 0.96ms
[4609.311s][info][gc,phases      ] GC(1367)   Other: 0.10ms
[4609.311s][info][gc,heap        ] GC(1367) Eden regions: 1116->0(1104)
[4609.311s][info][gc,heap        ] GC(1367) Survivor regions: 112->112(154)
[4609.311s][info][gc,heap        ] GC(1367) Old regions: 505->537
[4609.311s][info][gc,heap        ] GC(1367) Humongous regions: 80->80
[4609.311s][info][gc,metaspace   ] GC(1367) Metaspace: 28917K(29312K)->28917K(29312K) NonClass: 24049K(24256K)->24049K(24256K) Class: 4868K(5056K)->4868K(5056K)
[4609.311s][info][gc             ] GC(1367) Pause Young (Prepare Mixed) (G1 Evacuation Pause) 3624M->1456M(4096M) 119.278ms
[4609.311s][info][gc,cpu         ] GC(1367) User=0.71s Sys=0.00s Real=0.12s
..[4611.465s][info][gc,start       ] GC(1368) Pause Young (Mixed) (G1 Evacuation Pause)
[4611.465s][info][gc,task        ] GC(1368) Using 6 workers of 6 for evacuation
[4611.604s][info][gc,phases      ] GC(1368)   Pre Evacuate Collection Set: 0.39ms
[4611.604s][info][gc,phases      ] GC(1368)   Merge Heap Roots: 0.72ms
[4611.604s][info][gc,phases      ] GC(1368)   Evacuate Collection Set: 137.28ms
[4611.604s][info][gc,phases      ] GC(1368)   Post Evacuate Collection Set: 1.00ms
[4611.604s][info][gc,phases      ] GC(1368)   Other: 0.09ms
[4611.604s][info][gc,heap        ] GC(1368) Eden regions: 1104->0(1114)
[4611.604s][info][gc,heap        ] GC(1368) Survivor regions: 112->114(152)
[4611.604s][info][gc,heap        ] GC(1368) Old regions: 537->475
[4611.604s][info][gc,heap        ] GC(1368) Humongous regions: 80->80
[4611.604s][info][gc,metaspace   ] GC(1368) Metaspace: 28917K(29312K)->28917K(29312K) NonClass: 24049K(24256K)->24049K(24256K) Class: 4868K(5056K)->4868K(5056K)
[4611.604s][info][gc             ] GC(1368) Pause Young (Mixed) (G1 Evacuation Pause) 3664M->1336M(4096M) 139.611ms
[4611.604s][info][gc,cpu         ] GC(1368) User=0.82s Sys=0.00s Real=0.14s
..[4613.759s][info][gc,start       ] GC(1369) Pause Young (Concurrent Start) (G1 Evacuation Pause)
[4613.759s][info][gc,task        ] GC(1369) Using 6 workers of 6 for evacuation
[4613.874s][info][gc,phases      ] GC(1369)   Pre Evacuate Collection Set: 0.41ms
[4613.874s][info][gc,phases      ] GC(1369)   Merge Heap Roots: 0.51ms
[4613.874s][info][gc,phases      ] GC(1369)   Evacuate Collection Set: 113.07ms
[4613.874s][info][gc,phases      ] GC(1369)   Post Evacuate Collection Set: 0.89ms
[4613.874s][info][gc,phases      ] GC(1369)   Other: 0.13ms
[4613.874s][info][gc,heap        ] GC(1369) Eden regions: 1114->0(1119)
[4613.874s][info][gc,heap        ] GC(1369) Survivor regions: 114->109(154)
[4613.874s][info][gc,heap        ] GC(1369) Old regions: 475->506
[4613.874s][info][gc,heap        ] GC(1369) Humongous regions: 80->80
[4613.874s][info][gc,metaspace   ] GC(1369) Metaspace: 28917K(29312K)->28917K(29312K) NonClass: 24049K(24256K)->24049K(24256K) Class: 4868K(5056K)->4868K(5056K)
[4613.874s][info][gc             ] GC(1369) Pause Young (Concurrent Start) (G1 Evacuation Pause) 3564M->1388M(4096M) 115.170ms
[4613.874s][info][gc             ] GC(1370) Concurrent Mark Cycle
[4613.874s][info][gc,marking     ] GC(1370) Concurrent Scan Root Regions
[4613.874s][info][gc,cpu         ] GC(1369) User=0.68s Sys=0.00s Real=0.12s
.[4614.093s][info][gc,marking     ] GC(1370) Concurrent Scan Root Regions 218.427ms
[4614.093s][info][gc,marking     ] GC(1370) Concurrent Mark
[4614.093s][info][gc,marking     ] GC(1370) Concurrent Mark From Roots
[4614.093s][info][gc,task        ] GC(1370) Using 2 workers of 2 for marking
.[4615.154s][info][gc,marking     ] GC(1370) Concurrent Mark From Roots 1060.929ms
[4615.154s][info][gc,marking     ] GC(1370) Concurrent Preclean
[4615.154s][info][gc,marking     ] GC(1370) Concurrent Preclean 0.154ms
[4615.155s][info][gc,start       ] GC(1370) Pause Remark
[4615.161s][info][gc             ] GC(1370) Pause Remark 2654M->2654M(4096M) 5.901ms
[4615.161s][info][gc,cpu         ] GC(1370) User=0.04s Sys=0.00s Real=0.00s
[4615.162s][info][gc,marking     ] GC(1370) Concurrent Mark 1069.306ms
[4615.162s][info][gc,marking     ] GC(1370) Concurrent Rebuild Remembered Sets and Scrub Regions
[4615.630s][info][gc,marking     ] GC(1370) Concurrent Rebuild Remembered Sets and Scrub Regions 467.644ms
[4615.631s][info][gc,start       ] GC(1370) Pause Cleanup
[4615.631s][info][gc             ] GC(1370) Pause Cleanup 3126M->3126M(4096M) 0.131ms
[4615.631s][info][gc,cpu         ] GC(1370) User=0.00s Sys=0.00s Real=0.00s
[4615.632s][info][gc,marking     ] GC(1370) Concurrent Clear Claimed Marks
[4615.632s][info][gc,marking     ] GC(1370) Concurrent Clear Claimed Marks 0.040ms
[4615.632s][info][gc,marking     ] GC(1370) Concurrent Cleanup for Next Mark
[4615.638s][info][gc,marking     ] GC(1370) Concurrent Cleanup for Next Mark 5.878ms
[4615.638s][info][gc             ] GC(1370) Concurrent Mark Cycle 1763.391ms
.[4616.025s][info][gc,start       ] GC(1371) Pause Young (Prepare Mixed) (G1 Evacuation Pause)
[4616.025s][info][gc,task        ] GC(1371) Using 6 workers of 6 for evacuation
[4616.145s][info][gc,phases      ] GC(1371)   Pre Evacuate Collection Set: 0.36ms
[4616.145s][info][gc,phases      ] GC(1371)   Merge Heap Roots: 0.55ms
[4616.145s][info][gc,phases      ] GC(1371)   Evacuate Collection Set: 118.62ms
[4616.145s][info][gc,phases      ] GC(1371)   Post Evacuate Collection Set: 0.93ms
[4616.145s][info][gc,phases      ] GC(1371)   Other: 0.09ms
[4616.145s][info][gc,heap        ] GC(1371) Eden regions: 1119->0(1103)
[4616.145s][info][gc,heap        ] GC(1371) Survivor regions: 109->112(154)
[4616.145s][info][gc,heap        ] GC(1371) Old regions: 506->538
[4616.145s][info][gc,heap        ] GC(1371) Humongous regions: 80->80
[4616.145s][info][gc,metaspace   ] GC(1371) Metaspace: 28917K(29312K)->28917K(29312K) NonClass: 24049K(24256K)->24049K(24256K) Class: 4868K(5056K)->4868K(5056K)
[4616.145s][info][gc             ] GC(1371) Pause Young (Prepare Mixed) (G1 Evacuation Pause) 3626M->1458M(4096M) 120.699ms
[4616.145s][info][gc,cpu         ] GC(1371) User=0.71s Sys=0.00s Real=0.12s
..[4618.328s][info][gc,start       ] GC(1372) Pause Young (Mixed) (G1 Evacuation Pause)
[4618.328s][info][gc,task        ] GC(1372) Using 6 workers of 6 for evacuation
[4618.464s][info][gc,phases      ] GC(1372)   Pre Evacuate Collection Set: 0.39ms
[4618.464s][info][gc,phases      ] GC(1372)   Merge Heap Roots: 0.74ms
[4618.464s][info][gc,phases      ] GC(1372)   Evacuate Collection Set: 133.74ms
[4618.464s][info][gc,phases      ] GC(1372)   Post Evacuate Collection Set: 0.95ms
[4618.464s][info][gc,phases      ] GC(1372)   Other: 0.10ms
[4618.464s][info][gc,heap        ] GC(1372) Eden regions: 1103->0(1115)
[4618.464s][info][gc,heap        ] GC(1372) Survivor regions: 112->113(152)
[4618.464s][info][gc,heap        ] GC(1372) Old regions: 538->473
[4618.464s][info][gc,heap        ] GC(1372) Humongous regions: 80->80
[4618.464s][info][gc,metaspace   ] GC(1372) Metaspace: 28917K(29312K)->28917K(29312K) NonClass: 24049K(24256K)->24049K(24256K) Class: 4868K(5056K)->4868K(5056K)
[4618.464s][info][gc             ] GC(1372) Pause Young (Mixed) (G1 Evacuation Pause) 3664M->1330M(4096M) 136.072ms
[4618.464s][info][gc,cpu         ] GC(1372) User=0.80s Sys=0.00s Real=0.14s
..[4620.626s][info][gc,start       ] GC(1373) Pause Young (Concurrent Start) (G1 Evacuation Pause)
[4620.626s][info][gc,task        ] GC(1373) Using 6 workers of 6 for evacuation
[4620.746s][info][gc,phases      ] GC(1373)   Pre Evacuate Collection Set: 0.42ms
[4620.746s][info][gc,phases      ] GC(1373)   Merge Heap Roots: 0.47ms
[4620.746s][info][gc,phases      ] GC(1373)   Evacuate Collection Set: 118.26ms
[4620.746s][info][gc,phases      ] GC(1373)   Post Evacuate Collection Set: 0.88ms
[4620.746s][info][gc,phases      ] GC(1373)   Other: 0.13ms
[4620.746s][info][gc,heap        ] GC(1373) Eden regions: 1115->0(1117)
[4620.746s][info][gc,heap        ] GC(1373) Survivor regions: 113->111(154)
[4620.746s][info][gc,heap        ] GC(1373) Old regions: 473->505
[4620.746s][info][gc,heap        ] GC(1373) Humongous regions: 80->80
[4620.746s][info][gc,metaspace   ] GC(1373) Metaspace: 28917K(29312K)->28917K(29312K) NonClass: 24049K(24256K)->24049K(24256K) Class: 4868K(5056K)->4868K(5056K)
[4620.746s][info][gc             ] GC(1373) Pause Young (Concurrent Start) (G1 Evacuation Pause) 3560M->1390M(4096M) 120.287ms
[4620.746s][info][gc             ] GC(1374) Concurrent Mark Cycle
[4620.747s][info][gc,marking     ] GC(1374) Concurrent Scan Root Regions
[4620.747s][info][gc,cpu         ] GC(1373) User=0.71s Sys=0.00s Real=0.12s
[4620.922s][info][gc,marking     ] GC(1374) Concurrent Scan Root Regions 175.617ms
[4620.922s][info][gc,marking     ] GC(1374) Concurrent Mark
[4620.922s][info][gc,marking     ] GC(1374) Concurrent Mark From Roots
[4620.922s][info][gc,task        ] GC(1374) Using 2 workers of 2 for marking
.[4621.899s][info][gc,marking     ] GC(1374) Concurrent Mark From Roots 977.111ms
[4621.899s][info][gc,marking     ] GC(1374) Concurrent Preclean
[4621.900s][info][gc,marking     ] GC(1374) Concurrent Preclean 0.144ms
[4621.900s][info][gc,start       ] GC(1374) Pause Remark
[4621.905s][info][gc             ] GC(1374) Pause Remark 2496M->2496M(4096M) 5.355ms
[4621.905s][info][gc,cpu         ] GC(1374) User=0.03s Sys=0.00s Real=0.01s
[4621.906s][info][gc,marking     ] GC(1374) Concurrent Mark 983.803ms
[4621.906s][info][gc,marking     ] GC(1374) Concurrent Rebuild Remembered Sets and Scrub Regions
.[4622.183s][info][gc,marking     ] GC(1374) Concurrent Rebuild Remembered Sets and Scrub Regions 277.114ms
[4622.185s][info][gc,start       ] GC(1374) Pause Cleanup
[4622.186s][info][gc             ] GC(1374) Pause Cleanup 2772M->2772M(4096M) 0.138ms
[4622.186s][info][gc,cpu         ] GC(1374) User=0.00s Sys=0.00s Real=0.00s
[4622.186s][info][gc,marking     ] GC(1374) Concurrent Clear Claimed Marks
[4622.186s][info][gc,marking     ] GC(1374) Concurrent Clear Claimed Marks 0.034ms
[4622.186s][info][gc,marking     ] GC(1374) Concurrent Cleanup for Next Mark
[4622.195s][info][gc,marking     ] GC(1374) Concurrent Cleanup for Next Mark 9.258ms
[4622.195s][info][gc             ] GC(1374) Concurrent Mark Cycle 1448.788ms
[4622.954s][info][gc,start       ] GC(1375) Pause Young (Prepare Mixed) (G1 Evacuation Pause)
[4622.954s][info][gc,task        ] GC(1375) Using 6 workers of 6 for evacuation
[4623.077s][info][gc,phases      ] GC(1375)   Pre Evacuate Collection Set: 0.37ms
[4623.077s][info][gc,phases      ] GC(1375)   Merge Heap Roots: 0.61ms
[4623.077s][info][gc,phases      ] GC(1375)   Evacuate Collection Set: 120.38ms
[4623.077s][info][gc,phases      ] GC(1375)   Post Evacuate Collection Set: 0.94ms
[4623.077s][info][gc,phases      ] GC(1375)   Other: 0.84ms
[4623.077s][info][gc,heap        ] GC(1375) Eden regions: 1117->0(1100)
[4623.077s][info][gc,heap        ] GC(1375) Survivor regions: 111->114(154)
[4623.077s][info][gc,heap        ] GC(1375) Old regions: 505->537
[4623.077s][info][gc,heap        ] GC(1375) Humongous regions: 80->80
[4623.077s][info][gc,metaspace   ] GC(1375) Metaspace: 28917K(29312K)->28917K(29312K) NonClass: 24049K(24256K)->24049K(24256K) Class: 4868K(5056K)->4868K(5056K)
[4623.077s][info][gc             ] GC(1375) Pause Young (Prepare Mixed) (G1 Evacuation Pause) 3624M->1459M(4096M) 123.282ms
[4623.077s][info][gc,cpu         ] GC(1375) User=0.72s Sys=0.00s Real=0.12s
...[4625.208s][info][gc,start       ] GC(1376) Pause Young (Mixed) (G1 Evacuation Pause)
[4625.208s][info][gc,task        ] GC(1376) Using 6 workers of 6 for evacuation
[4625.348s][info][gc,phases      ] GC(1376)   Pre Evacuate Collection Set: 0.37ms
[4625.348s][info][gc,phases      ] GC(1376)   Merge Heap Roots: 0.71ms
[4625.348s][info][gc,phases      ] GC(1376)   Evacuate Collection Set: 137.87ms
[4625.348s][info][gc,phases      ] GC(1376)   Post Evacuate Collection Set: 0.96ms
[4625.348s][info][gc,phases      ] GC(1376)   Other: 0.09ms
[4625.348s][info][gc,heap        ] GC(1376) Eden regions: 1100->0(1112)
[4625.348s][info][gc,heap        ] GC(1376) Survivor regions: 114->116(152)
[4625.348s][info][gc,heap        ] GC(1376) Old regions: 537->472
[4625.348s][info][gc,heap        ] GC(1376) Humongous regions: 80->80
[4625.348s][info][gc,metaspace   ] GC(1376) Metaspace: 28917K(29312K)->28917K(29312K) NonClass: 24049K(24256K)->24049K(24256K) Class: 4868K(5056K)->4868K(5056K)
[4625.348s][info][gc             ] GC(1376) Pause Young (Mixed) (G1 Evacuation Pause) 3659M->1333M(4096M) 140.135ms
[4625.348s][info][gc,cpu         ] GC(1376) User=0.83s Sys=0.00s Real=0.14s
.. (rIR:aIR:PR = 8302:8249:8249) (tPR = 122114) [OK] 
  4626s: Performance info:
         Transaction,    Success,    Partial,     Failed,   Receipts, AvgBarcode, 
             Overall,     496270,          0,          0,     471270,      59.47, 
         Response times:
             Request,    Success,    Partial,     Failed,   SkipFail,     Probes,    Samples,      min,      p50,      p90,      p95,      p99,      max, 
       TotalPurchase,     471275,          0,          0,          0,     351838,     436480,      200,     8300,   113000,   146000,   216000,   441000,
     InStorePurchase,     248230,          0,          0,          0,     184987,     229469,      200,     8200,   113000,   148000,   218000,   420000,
      OnlinePurchase,     172941,          0,          0,          0,     129311,     160516,      300,     8400,   113000,   145000,   213000,   441000,
        InstPurchase,      50104,          0,          0,          0,      37540,      46495,      400,     8000,   109000,   145000,   217000,   352000,
          AssocOfCat,        500,          0,          0,          0,        397,        595,    25000,    47000,   144000,   183200,   254040,   296000,
      AssocOfProduct,       5003,          0,          0,          0,       3433,       4489,      800,     7200,   104000,   137000,   207300,   278000,
      BusinessReport,       1254,          0,          0,          0,       1089,       1469,    28000,    55000,   166000,   201000,   276000,   351000,
          CustBuyBeh,       4980,          0,          0,          0,       3412,       4425,      200,     7800,   105400,   139000,   217220,   276000,
       ProductReturn,      13265,          0,          0,          0,       8906,      11375,      200,     8000,   108000,   142000,   219000,   338000,

  4626s: (61%)   IR =   8441 [4627.493s][info][gc,start       ] GC(1377) Pause Young (Concurrent Start) (G1 Evacuation Pause)
[4627.493s][info][gc,task        ] GC(1377) Using 6 workers of 6 for evacuation
[4627.611s][info][gc,phases      ] GC(1377)   Pre Evacuate Collection Set: 0.44ms
[4627.611s][info][gc,phases      ] GC(1377)   Merge Heap Roots: 0.52ms
[4627.611s][info][gc,phases      ] GC(1377)   Evacuate Collection Set: 115.86ms
[4627.611s][info][gc,phases      ] GC(1377)   Post Evacuate Collection Set: 0.92ms
[4627.611s][info][gc,phases      ] GC(1377)   Other: 0.14ms
[4627.611s][info][gc,heap        ] GC(1377) Eden regions: 1112->0(1117)
[4627.611s][info][gc,heap        ] GC(1377) Survivor regions: 116->111(154)
[4627.611s][info][gc,heap        ] GC(1377) Old regions: 472->503
[4627.611s][info][gc,heap        ] GC(1377) Humongous regions: 80->80
[4627.611s][info][gc,metaspace   ] GC(1377) Metaspace: 28917K(29312K)->28917K(29312K) NonClass: 24049K(24256K)->24049K(24256K) Class: 4868K(5056K)->4868K(5056K)
[4627.611s][info][gc             ] GC(1377) Pause Young (Concurrent Start) (G1 Evacuation Pause) 3557M->1387M(4096M) 118.021ms
[4627.611s][info][gc             ] GC(1378) Concurrent Mark Cycle
[4627.611s][info][gc,marking     ] GC(1378) Concurrent Scan Root Regions
[4627.611s][info][gc,cpu         ] GC(1377) User=0.70s Sys=0.00s Real=0.11s
[4627.774s][info][gc,marking     ] GC(1378) Concurrent Scan Root Regions 162.180ms
[4627.774s][info][gc,marking     ] GC(1378) Concurrent Mark
[4627.774s][info][gc,marking     ] GC(1378) Concurrent Mark From Roots
[4627.774s][info][gc,task        ] GC(1378) Using 2 workers of 2 for marking
.[4628.742s][info][gc,marking     ] GC(1378) Concurrent Mark From Roots 968.392ms
[4628.742s][info][gc,marking     ] GC(1378) Concurrent Preclean
[4628.742s][info][gc,marking     ] GC(1378) Concurrent Preclean 0.174ms
[4628.743s][info][gc,start       ] GC(1378) Pause Remark
[4628.751s][info][gc             ] GC(1378) Pause Remark 2483M->2483M(4096M) 7.688ms
[4628.751s][info][gc,cpu         ] GC(1378) User=0.05s Sys=0.00s Real=0.00s
[4628.751s][info][gc,marking     ] GC(1378) Concurrent Mark 977.492ms
[4628.751s][info][gc,marking     ] GC(1378) Concurrent Rebuild Remembered Sets and Scrub Regions
[4629.146s][info][gc,marking     ] GC(1378) Concurrent Rebuild Remembered Sets and Scrub Regions 394.571ms
[4629.147s][info][gc,start       ] GC(1378) Pause Cleanup
[4629.147s][info][gc             ] GC(1378) Pause Cleanup 2898M->2898M(4096M) 0.122ms
[4629.147s][info][gc,cpu         ] GC(1378) User=0.00s Sys=0.00s Real=0.00s
[4629.147s][info][gc,marking     ] GC(1378) Concurrent Clear Claimed Marks
[4629.147s][info][gc,marking     ] GC(1378) Concurrent Clear Claimed Marks 0.032ms
[4629.147s][info][gc,marking     ] GC(1378) Concurrent Cleanup for Next Mark
[4629.152s][info][gc,marking     ] GC(1378) Concurrent Cleanup for Next Mark 4.805ms
[4629.152s][info][gc             ] GC(1378) Concurrent Mark Cycle 1540.416ms
.[4629.714s][info][gc,start       ] GC(1379) Pause Young (Prepare Mixed) (G1 Evacuation Pause)
[4629.714s][info][gc,task        ] GC(1379) Using 6 workers of 6 for evacuation
[4629.832s][info][gc,phases      ] GC(1379)   Pre Evacuate Collection Set: 0.35ms
[4629.832s][info][gc,phases      ] GC(1379)   Merge Heap Roots: 0.59ms
[4629.832s][info][gc,phases      ] GC(1379)   Evacuate Collection Set: 116.27ms
[4629.832s][info][gc,phases      ] GC(1379)   Post Evacuate Collection Set: 1.02ms
[4629.832s][info][gc,phases      ] GC(1379)   Other: 0.09ms
[4629.832s][info][gc,heap        ] GC(1379) Eden regions: 1117->0(1111)
[4629.832s][info][gc,heap        ] GC(1379) Survivor regions: 111->109(154)
[4629.832s][info][gc,heap        ] GC(1379) Old regions: 503->536
[4629.832s][info][gc,heap        ] GC(1379) Humongous regions: 80->80
[4629.832s][info][gc,metaspace   ] GC(1379) Metaspace: 28917K(29312K)->28917K(29312K) NonClass: 24049K(24256K)->24049K(24256K) Class: 4868K(5056K)->4868K(5056K)
[4629.832s][info][gc             ] GC(1379) Pause Young (Prepare Mixed) (G1 Evacuation Pause) 3621M->1448M(4096M) 118.454ms
[4629.832s][info][gc,cpu         ] GC(1379) User=0.70s Sys=0.00s Real=0.11s
..[4631.909s][info][gc,start       ] GC(1380) Pause Young (Mixed) (G1 Evacuation Pause)
[4631.909s][info][gc,task        ] GC(1380) Using 6 workers of 6 for evacuation
[4632.044s][info][gc,phases      ] GC(1380)   Pre Evacuate Collection Set: 0.41ms
[4632.044s][info][gc,phases      ] GC(1380)   Merge Heap Roots: 0.83ms
[4632.044s][info][gc,phases      ] GC(1380)   Evacuate Collection Set: 132.40ms
[4632.044s][info][gc,phases      ] GC(1380)   Post Evacuate Collection Set: 0.96ms
[4632.044s][info][gc,phases      ] GC(1380)   Other: 0.10ms
[4632.044s][info][gc,heap        ] GC(1380) Eden regions: 1111->0(1119)
[4632.044s][info][gc,heap        ] GC(1380) Survivor regions: 109->109(153)
[4632.044s][info][gc,heap        ] GC(1380) Old regions: 536->474
[4632.044s][info][gc,heap        ] GC(1380) Humongous regions: 80->80
[4632.044s][info][gc,metaspace   ] GC(1380) Metaspace: 28917K(29312K)->28917K(29312K) NonClass: 24049K(24256K)->24049K(24256K) Class: 4868K(5056K)->4868K(5056K)
[4632.044s][info][gc             ] GC(1380) Pause Young (Mixed) (G1 Evacuation Pause) 3670M->1323M(4096M) 134.849ms
[4632.044s][info][gc,cpu         ] GC(1380) User=0.79s Sys=0.00s Real=0.14s
..[4634.149s][info][gc,start       ] GC(1381) Pause Young (Concurrent Start) (G1 Evacuation Pause)
[4634.149s][info][gc,task        ] GC(1381) Using 6 workers of 6 for evacuation
[4634.266s][info][gc,phases      ] GC(1381)   Pre Evacuate Collection Set: 0.37ms
[4634.267s][info][gc,phases      ] GC(1381)   Merge Heap Roots: 0.48ms
[4634.267s][info][gc,phases      ] GC(1381)   Evacuate Collection Set: 115.77ms
[4634.267s][info][gc,phases      ] GC(1381)   Post Evacuate Collection Set: 0.87ms
[4634.267s][info][gc,phases      ] GC(1381)   Other: 0.10ms
[4634.267s][info][gc,heap        ] GC(1381) Eden regions: 1119->0(1117)
[4634.267s][info][gc,heap        ] GC(1381) Survivor regions: 109->111(154)
[4634.267s][info][gc,heap        ] GC(1381) Old regions: 474->506
[4634.267s][info][gc,heap        ] GC(1381) Humongous regions: 80->80
[4634.267s][info][gc,metaspace   ] GC(1381) Metaspace: 28917K(29312K)->28917K(29312K) NonClass: 24049K(24256K)->24049K(24256K) Class: 4868K(5056K)->4868K(5056K)
[4634.267s][info][gc             ] GC(1381) Pause Young (Concurrent Start) (G1 Evacuation Pause) 3561M->1391M(4096M) 117.708ms
[4634.267s][info][gc             ] GC(1382) Concurrent Mark Cycle
[4634.267s][info][gc,marking     ] GC(1382) Concurrent Scan Root Regions
[4634.267s][info][gc,cpu         ] GC(1381) User=0.69s Sys=0.00s Real=0.12s
.[4634.385s][info][gc,marking     ] GC(1382) Concurrent Scan Root Regions 118.353ms
[4634.385s][info][gc,marking     ] GC(1382) Concurrent Mark
[4634.385s][info][gc,marking     ] GC(1382) Concurrent Mark From Roots
[4634.385s][info][gc,task        ] GC(1382) Using 2 workers of 2 for marking
[4635.113s][info][gc,marking     ] GC(1382) Concurrent Mark From Roots 728.214ms
[4635.113s][info][gc,marking     ] GC(1382) Concurrent Preclean
[4635.113s][info][gc,marking     ] GC(1382) Concurrent Preclean 0.138ms
[4635.115s][info][gc,start       ] GC(1382) Pause Remark
[4635.120s][info][gc             ] GC(1382) Pause Remark 2141M->2141M(4096M) 4.839ms
[4635.120s][info][gc,cpu         ] GC(1382) User=0.03s Sys=0.00s Real=0.00s
[4635.121s][info][gc,marking     ] GC(1382) Concurrent Mark 735.562ms
[4635.121s][info][gc,marking     ] GC(1382) Concurrent Rebuild Remembered Sets and Scrub Regions
.[4635.482s][info][gc,marking     ] GC(1382) Concurrent Rebuild Remembered Sets and Scrub Regions 361.064ms
[4635.485s][info][gc,start       ] GC(1382) Pause Cleanup
[4635.485s][info][gc             ] GC(1382) Pause Cleanup 2493M->2493M(4096M) 0.129ms
[4635.485s][info][gc,cpu         ] GC(1382) User=0.00s Sys=0.00s Real=0.00s
[4635.485s][info][gc,marking     ] GC(1382) Concurrent Clear Claimed Marks
[4635.485s][info][gc,marking     ] GC(1382) Concurrent Clear Claimed Marks 0.033ms
[4635.485s][info][gc,marking     ] GC(1382) Concurrent Cleanup for Next Mark
[4635.490s][info][gc,marking     ] GC(1382) Concurrent Cleanup for Next Mark 4.819ms
[4635.490s][info][gc             ] GC(1382) Concurrent Mark Cycle 1223.324ms
[4636.410s][info][gc,start       ] GC(1383) Pause Young (Prepare Mixed) (G1 Evacuation Pause)
[4636.410s][info][gc,task        ] GC(1383) Using 6 workers of 6 for evacuation
[4636.537s][info][gc,phases      ] GC(1383)   Pre Evacuate Collection Set: 0.32ms
[4636.537s][info][gc,phases      ] GC(1383)   Merge Heap Roots: 0.54ms
[4636.537s][info][gc,phases      ] GC(1383)   Evacuate Collection Set: 124.90ms
[4636.537s][info][gc,phases      ] GC(1383)   Post Evacuate Collection Set: 0.96ms
[4636.537s][info][gc,phases      ] GC(1383)   Other: 0.09ms
[4636.537s][info][gc,heap        ] GC(1383) Eden regions: 1117->0(1093)
[4636.537s][info][gc,heap        ] GC(1383) Survivor regions: 111->118(154)
[4636.537s][info][gc,heap        ] GC(1383) Old regions: 506->536
[4636.537s][info][gc,heap        ] GC(1383) Humongous regions: 80->80
[4636.537s][info][gc,metaspace   ] GC(1383) Metaspace: 28917K(29312K)->28917K(29312K) NonClass: 24049K(24256K)->24049K(24256K) Class: 4868K(5056K)->4868K(5056K)
[4636.537s][info][gc             ] GC(1383) Pause Young (Prepare Mixed) (G1 Evacuation Pause) 3625M->1467M(4096M) 126.954ms
[4636.537s][info][gc,cpu         ] GC(1383) User=0.75s Sys=0.00s Real=0.13s
..[4638.525s][info][gc,start       ] GC(1384) Pause Young (Mixed) (G1 Evacuation Pause)
[4638.525s][info][gc,task        ] GC(1384) Using 6 workers of 6 for evacuation
[4638.660s][info][gc,phases      ] GC(1384)   Pre Evacuate Collection Set: 0.46ms
[4638.660s][info][gc,phases      ] GC(1384)   Merge Heap Roots: 0.72ms
[4638.660s][info][gc,phases      ] GC(1384)   Evacuate Collection Set: 131.75ms
[4638.660s][info][gc,phases      ] GC(1384)   Post Evacuate Collection Set: 0.96ms
[4638.660s][info][gc,phases      ] GC(1384)   Other: 0.83ms
[4638.660s][info][gc,heap        ] GC(1384) Eden regions: 1093->0(1117)
[4638.660s][info][gc,heap        ] GC(1384) Survivor regions: 118->111(152)
[4638.660s][info][gc,heap        ] GC(1384) Old regions: 536->471
[4638.660s][info][gc,heap        ] GC(1384) Humongous regions: 80->80
[4638.660s][info][gc,metaspace   ] GC(1384) Metaspace: 28917K(29312K)->28917K(29312K) NonClass: 24049K(24256K)->24049K(24256K) Class: 4868K(5056K)->4868K(5056K)
[4638.660s][info][gc             ] GC(1384) Pause Young (Mixed) (G1 Evacuation Pause) 3653M->1322M(4096M) 134.860ms
[4638.660s][info][gc,cpu         ] GC(1384) User=0.79s Sys=0.00s Real=0.13s
...[4640.844s][info][gc,start       ] GC(1385) Pause Young (Concurrent Start) (G1 Evacuation Pause)
[4640.844s][info][gc,task        ] GC(1385) Using 6 workers of 6 for evacuation
[4640.965s][info][gc,phases      ] GC(1385)   Pre Evacuate Collection Set: 0.38ms
[4640.965s][info][gc,phases      ] GC(1385)   Merge Heap Roots: 0.56ms
[4640.965s][info][gc,phases      ] GC(1385)   Evacuate Collection Set: 119.82ms
[4640.965s][info][gc,phases      ] GC(1385)   Post Evacuate Collection Set: 0.88ms
[4640.965s][info][gc,phases      ] GC(1385)   Other: 0.14ms
[4640.965s][info][gc,heap        ] GC(1385) Eden regions: 1117->0(1117)
[4640.965s][info][gc,heap        ] GC(1385) Survivor regions: 111->111(154)
[4640.965s][info][gc,heap        ] GC(1385) Old regions: 471->503
[4640.965s][info][gc,heap        ] GC(1385) Humongous regions: 80->80
[4640.965s][info][gc,metaspace   ] GC(1385) Metaspace: 28917K(29312K)->28917K(29312K) NonClass: 24049K(24256K)->24049K(24256K) Class: 4868K(5056K)->4868K(5056K)
[4640.965s][info][gc             ] GC(1385) Pause Young (Concurrent Start) (G1 Evacuation Pause) 3556M->1387M(4096M) 121.909ms
[4640.966s][info][gc             ] GC(1386) Concurrent Mark Cycle
[4640.966s][info][gc,marking     ] GC(1386) Concurrent Scan Root Regions
[4640.966s][info][gc,cpu         ] GC(1385) User=0.72s Sys=0.00s Real=0.12s
[4641.109s][info][gc,marking     ] GC(1386) Concurrent Scan Root Regions 143.473ms
[4641.109s][info][gc,marking     ] GC(1386) Concurrent Mark
[4641.109s][info][gc,marking     ] GC(1386) Concurrent Mark From Roots
[4641.109s][info][gc,task        ] GC(1386) Using 2 workers of 2 for marking
.[4641.873s][info][gc,marking     ] GC(1386) Concurrent Mark From Roots 763.871ms
[4641.873s][info][gc,marking     ] GC(1386) Concurrent Preclean
[4641.873s][info][gc,marking     ] GC(1386) Concurrent Preclean 0.162ms
[4641.875s][info][gc,start       ] GC(1386) Pause Remark
[4641.879s][info][gc             ] GC(1386) Pause Remark 2229M->2229M(4096M) 4.126ms
[4641.879s][info][gc,cpu         ] GC(1386) User=0.02s Sys=0.00s Real=0.00s
[4641.881s][info][gc,marking     ] GC(1386) Concurrent Mark 771.851ms
[4641.881s][info][gc,marking     ] GC(1386) Concurrent Rebuild Remembered Sets and Scrub Regions
[4642.197s][info][gc,marking     ] GC(1386) Concurrent Rebuild Remembered Sets and Scrub Regions 316.375ms
[4642.200s][info][gc,start       ] GC(1386) Pause Cleanup
[4642.200s][info][gc             ] GC(1386) Pause Cleanup 2529M->2529M(4096M) 0.153ms
[4642.200s][info][gc,cpu         ] GC(1386) User=0.00s Sys=0.00s Real=0.00s
[4642.200s][info][gc,marking     ] GC(1386) Concurrent Clear Claimed Marks
[4642.200s][info][gc,marking     ] GC(1386) Concurrent Clear Claimed Marks 0.036ms
[4642.200s][info][gc,marking     ] GC(1386) Concurrent Cleanup for Next Mark
[4642.205s][info][gc,marking     ] GC(1386) Concurrent Cleanup for Next Mark 5.312ms
[4642.205s][info][gc             ] GC(1386) Concurrent Mark Cycle 1239.826ms
.[4643.155s][info][gc,start       ] GC(1387) Pause Young (Prepare Mixed) (G1 Evacuation Pause)
[4643.155s][info][gc,task        ] GC(1387) Using 6 workers of 6 for evacuation
[4643.272s][info][gc,phases      ] GC(1387)   Pre Evacuate Collection Set: 0.34ms
[4643.272s][info][gc,phases      ] GC(1387)   Merge Heap Roots: 0.54ms
[4643.272s][info][gc,phases      ] GC(1387)   Evacuate Collection Set: 115.30ms
[4643.272s][info][gc,phases      ] GC(1387)   Post Evacuate Collection Set: 0.91ms
[4643.272s][info][gc,phases      ] GC(1387)   Other: 0.09ms
[4643.272s][info][gc,heap        ] GC(1387) Eden regions: 1117->0(1111)
[4643.272s][info][gc,heap        ] GC(1387) Survivor regions: 111->110(154)
[4643.272s][info][gc,heap        ] GC(1387) Old regions: 503->534
[4643.272s][info][gc,heap        ] GC(1387) Humongous regions: 80->80
[4643.272s][info][gc,metaspace   ] GC(1387) Metaspace: 28917K(29312K)->28917K(29312K) NonClass: 24049K(24256K)->24049K(24256K) Class: 4868K(5056K)->4868K(5056K)
[4643.272s][info][gc             ] GC(1387) Pause Young (Prepare Mixed) (G1 Evacuation Pause) 3621M->1446M(4096M) 117.306ms
[4643.272s][info][gc,cpu         ] GC(1387) User=0.70s Sys=0.01s Real=0.11s
.|.[4645.385s][info][gc,start       ] GC(1388) Pause Young (Mixed) (G1 Evacuation Pause)
[4645.385s][info][gc,task        ] GC(1388) Using 6 workers of 6 for evacuation
[4645.520s][info][gc,phases      ] GC(1388)   Pre Evacuate Collection Set: 0.38ms
[4645.520s][info][gc,phases      ] GC(1388)   Merge Heap Roots: 0.66ms
[4645.520s][info][gc,phases      ] GC(1388)   Evacuate Collection Set: 132.81ms
[4645.520s][info][gc,phases      ] GC(1388)   Post Evacuate Collection Set: 0.94ms
[4645.520s][info][gc,phases      ] GC(1388)   Other: 0.09ms
[4645.520s][info][gc,heap        ] GC(1388) Eden regions: 1111->0(1116)
[4645.520s][info][gc,heap        ] GC(1388) Survivor regions: 110->112(153)
[4645.520s][info][gc,heap        ] GC(1388) Old regions: 534->474
[4645.520s][info][gc,heap        ] GC(1388) Humongous regions: 80->80
[4645.520s][info][gc,metaspace   ] GC(1388) Metaspace: 28917K(29312K)->28917K(29312K) NonClass: 24049K(24256K)->24049K(24256K) Class: 4868K(5056K)->4868K(5056K)
[4645.520s][info][gc             ] GC(1388) Pause Young (Mixed) (G1 Evacuation Pause) 3668M->1330M(4096M) 135.006ms
[4645.520s][info][gc,cpu         ] GC(1388) User=0.80s Sys=0.00s Real=0.13s
..[4647.625s][info][gc,start       ] GC(1389) Pause Young (Concurrent Start) (G1 Evacuation Pause)
[4647.625s][info][gc,task        ] GC(1389) Using 6 workers of 6 for evacuation
[4647.739s][info][gc,phases      ] GC(1389)   Pre Evacuate Collection Set: 0.41ms
[4647.739s][info][gc,phases      ] GC(1389)   Merge Heap Roots: 0.45ms
[4647.739s][info][gc,phases      ] GC(1389)   Evacuate Collection Set: 111.94ms
[4647.739s][info][gc,phases      ] GC(1389)   Post Evacuate Collection Set: 0.89ms
[4647.739s][info][gc,phases      ] GC(1389)   Other: 0.12ms
[4647.739s][info][gc,heap        ] GC(1389) Eden regions: 1116->0(1120)
[4647.739s][info][gc,heap        ] GC(1389) Survivor regions: 112->108(154)
[4647.739s][info][gc,heap        ] GC(1389) Old regions: 474->505
[4647.739s][info][gc,heap        ] GC(1389) Humongous regions: 80->80
[4647.739s][info][gc,metaspace   ] GC(1389) Metaspace: 28917K(29312K)->28917K(29312K) NonClass: 24049K(24256K)->24049K(24256K) Class: 4868K(5056K)->4868K(5056K)
[4647.739s][info][gc             ] GC(1389) Pause Young (Concurrent Start) (G1 Evacuation Pause) 3562M->1383M(4096M) 113.950ms
[4647.739s][info][gc             ] GC(1390) Concurrent Mark Cycle
[4647.739s][info][gc,cpu         ] GC(1389) User=0.67s Sys=0.00s Real=0.11s
[4647.739s][info][gc,marking     ] GC(1390) Concurrent Scan Root Regions
.[4647.951s][info][gc,marking     ] GC(1390) Concurrent Scan Root Regions 211.772ms
[4647.951s][info][gc,marking     ] GC(1390) Concurrent Mark
[4647.951s][info][gc,marking     ] GC(1390) Concurrent Mark From Roots
[4647.951s][info][gc,task        ] GC(1390) Using 2 workers of 2 for marking
.[4648.950s][info][gc,marking     ] GC(1390) Concurrent Mark From Roots 998.387ms
[4648.950s][info][gc,marking     ] GC(1390) Concurrent Preclean
[4648.950s][info][gc,marking     ] GC(1390) Concurrent Preclean 0.153ms
[4648.950s][info][gc,start       ] GC(1390) Pause Remark
[4648.955s][info][gc             ] GC(1390) Pause Remark 2563M->2563M(4096M) 5.220ms
[4648.955s][info][gc,cpu         ] GC(1390) User=0.03s Sys=0.00s Real=0.01s
[4648.957s][info][gc,marking     ] GC(1390) Concurrent Mark 1005.712ms
[4648.957s][info][gc,marking     ] GC(1390) Concurrent Rebuild Remembered Sets and Scrub Regions
[4649.321s][info][gc,marking     ] GC(1390) Concurrent Rebuild Remembered Sets and Scrub Regions 364.412ms
[4649.324s][info][gc,start       ] GC(1390) Pause Cleanup
[4649.324s][info][gc             ] GC(1390) Pause Cleanup 2921M->2921M(4096M) 0.145ms
[4649.324s][info][gc,cpu         ] GC(1390) User=0.00s Sys=0.00s Real=0.00s
[4649.325s][info][gc,marking     ] GC(1390) Concurrent Clear Claimed Marks
[4649.325s][info][gc,marking     ] GC(1390) Concurrent Clear Claimed Marks 0.037ms
[4649.325s][info][gc,marking     ] GC(1390) Concurrent Cleanup for Next Mark
[4649.330s][info][gc,marking     ] GC(1390) Concurrent Cleanup for Next Mark 5.567ms
[4649.330s][info][gc             ] GC(1390) Concurrent Mark Cycle 1590.787ms
[4649.900s][info][gc,start       ] GC(1391) Pause Young (Prepare Mixed) (G1 Evacuation Pause)
[4649.900s][info][gc,task        ] GC(1391) Using 6 workers of 6 for evacuation
[4650.016s][info][gc,phases      ] GC(1391)   Pre Evacuate Collection Set: 0.33ms
[4650.016s][info][gc,phases      ] GC(1391)   Merge Heap Roots: 0.52ms
[4650.016s][info][gc,phases      ] GC(1391)   Evacuate Collection Set: 114.01ms
[4650.016s][info][gc,phases      ] GC(1391)   Post Evacuate Collection Set: 0.95ms
[4650.016s][info][gc,phases      ] GC(1391)   Other: 0.10ms
[4650.016s][info][gc,heap        ] GC(1391) Eden regions: 1120->0(1111)
[4650.016s][info][gc,heap        ] GC(1391) Survivor regions: 108->109(154)
[4650.016s][info][gc,heap        ] GC(1391) Old regions: 505->536
[4650.016s][info][gc,heap        ] GC(1391) Humongous regions: 80->80
[4650.016s][info][gc,metaspace   ] GC(1391) Metaspace: 28917K(29312K)->28917K(29312K) NonClass: 24049K(24256K)->24049K(24256K) Class: 4868K(5056K)->4868K(5056K)
[4650.016s][info][gc             ] GC(1391) Pause Young (Prepare Mixed) (G1 Evacuation Pause) 3623M->1449M(4096M) 116.040ms
[4650.016s][info][gc,cpu         ] GC(1391) User=0.69s Sys=0.00s Real=0.12s
...[4652.072s][info][gc,start       ] GC(1392) Pause Young (Mixed) (G1 Evacuation Pause)
[4652.072s][info][gc,task        ] GC(1392) Using 6 workers of 6 for evacuation
[4652.208s][info][gc,phases      ] GC(1392)   Pre Evacuate Collection Set: 0.43ms
[4652.208s][info][gc,phases      ] GC(1392)   Merge Heap Roots: 0.78ms
[4652.208s][info][gc,phases      ] GC(1392)   Evacuate Collection Set: 133.13ms
[4652.208s][info][gc,phases      ] GC(1392)   Post Evacuate Collection Set: 0.94ms
[4652.208s][info][gc,phases      ] GC(1392)   Other: 0.09ms
[4652.208s][info][gc,heap        ] GC(1392) Eden regions: 1111->0(1118)
[4652.208s][info][gc,heap        ] GC(1392) Survivor regions: 109->110(153)
[4652.208s][info][gc,heap        ] GC(1392) Old regions: 536->473
[4652.208s][info][gc,heap        ] GC(1392) Humongous regions: 80->80
[4652.208s][info][gc,metaspace   ] GC(1392) Metaspace: 28917K(29312K)->28917K(29312K) NonClass: 24049K(24256K)->24049K(24256K) Class: 4868K(5056K)->4868K(5056K)
[4652.208s][info][gc             ] GC(1392) Pause Young (Mixed) (G1 Evacuation Pause) 3671M->1324M(4096M) 135.525ms
[4652.208s][info][gc,cpu         ] GC(1392) User=0.80s Sys=0.00s Real=0.14s
..[4654.370s][info][gc,start       ] GC(1393) Pause Young (Concurrent Start) (G1 Evacuation Pause)
[4654.370s][info][gc,task        ] GC(1393) Using 6 workers of 6 for evacuation
[4654.492s][info][gc,phases      ] GC(1393)   Pre Evacuate Collection Set: 0.40ms
[4654.492s][info][gc,phases      ] GC(1393)   Merge Heap Roots: 0.50ms
[4654.492s][info][gc,phases      ] GC(1393)   Evacuate Collection Set: 120.44ms
[4654.492s][info][gc,phases      ] GC(1393)   Post Evacuate Collection Set: 0.90ms
[4654.492s][info][gc,phases      ] GC(1393)   Other: 0.11ms
[4654.492s][info][gc,heap        ] GC(1393) Eden regions: 1118->0(1113)
[4654.492s][info][gc,heap        ] GC(1393) Survivor regions: 110->115(154)
[4654.492s][info][gc,heap        ] GC(1393) Old regions: 473->505
[4654.492s][info][gc,heap        ] GC(1393) Humongous regions: 80->80
[4654.492s][info][gc,metaspace   ] GC(1393) Metaspace: 28917K(29312K)->28917K(29312K) NonClass: 24049K(24256K)->24049K(24256K) Class: 4868K(5056K)->4868K(5056K)
[4654.492s][info][gc             ] GC(1393) Pause Young (Concurrent Start) (G1 Evacuation Pause) 3560M->1398M(4096M) 122.481ms
[4654.492s][info][gc             ] GC(1394) Concurrent Mark Cycle
[4654.492s][info][gc,marking     ] GC(1394) Concurrent Scan Root Regions
[4654.492s][info][gc,cpu         ] GC(1393) User=0.72s Sys=0.00s Real=0.12s
[4654.688s][info][gc,marking     ] GC(1394) Concurrent Scan Root Regions 195.979ms
[4654.688s][info][gc,marking     ] GC(1394) Concurrent Mark
[4654.688s][info][gc,marking     ] GC(1394) Concurrent Mark From Roots
[4654.688s][info][gc,task        ] GC(1394) Using 2 workers of 2 for marking
.[4655.816s][info][gc,marking     ] GC(1394) Concurrent Mark From Roots 1127.354ms
[4655.816s][info][gc,marking     ] GC(1394) Concurrent Preclean
[4655.816s][info][gc,marking     ] GC(1394) Concurrent Preclean 0.143ms
[4655.818s][info][gc,start       ] GC(1394) Pause Remark
[4655.821s][info][gc             ] GC(1394) Pause Remark 2704M->2704M(4096M) 3.176ms
[4655.821s][info][gc,cpu         ] GC(1394) User=0.02s Sys=0.00s Real=0.00s
[4655.822s][info][gc,marking     ] GC(1394) Concurrent Mark 1133.576ms
[4655.822s][info][gc,marking     ] GC(1394) Concurrent Rebuild Remembered Sets and Scrub Regions
.[4656.222s][info][gc,marking     ] GC(1394) Concurrent Rebuild Remembered Sets and Scrub Regions 399.526ms
[4656.224s][info][gc,start       ] GC(1394) Pause Cleanup
[4656.224s][info][gc             ] GC(1394) Pause Cleanup 3092M->3092M(4096M) 0.140ms
[4656.224s][info][gc,cpu         ] GC(1394) User=0.01s Sys=0.00s Real=0.00s
[4656.224s][info][gc,marking     ] GC(1394) Concurrent Clear Claimed Marks
[4656.225s][info][gc,marking     ] GC(1394) Concurrent Clear Claimed Marks 0.039ms
[4656.225s][info][gc,marking     ] GC(1394) Concurrent Cleanup for Next Mark
[4656.240s][info][gc,marking     ] GC(1394) Concurrent Cleanup for Next Mark 15.865ms
[4656.241s][info][gc             ] GC(1394) Concurrent Mark Cycle 1748.100ms
[4656.616s][info][gc,start       ] GC(1395) Pause Young (Prepare Mixed) (G1 Evacuation Pause)
[4656.616s][info][gc,task        ] GC(1395) Using 6 workers of 6 for evacuation
[4656.740s][info][gc,phases      ] GC(1395)   Pre Evacuate Collection Set: 0.33ms
[4656.740s][info][gc,phases      ] GC(1395)   Merge Heap Roots: 0.52ms
[4656.740s][info][gc,phases      ] GC(1395)   Evacuate Collection Set: 121.74ms
[4656.740s][info][gc,phases      ] GC(1395)   Post Evacuate Collection Set: 0.94ms
[4656.740s][info][gc,phases      ] GC(1395)   Other: 0.09ms
[4656.740s][info][gc,heap        ] GC(1395) Eden regions: 1113->0(1096)
[4656.740s][info][gc,heap        ] GC(1395) Survivor regions: 115->116(154)
[4656.740s][info][gc,heap        ] GC(1395) Old regions: 505->537
[4656.740s][info][gc,heap        ] GC(1395) Humongous regions: 80->80
[4656.740s][info][gc,metaspace   ] GC(1395) Metaspace: 28917K(29312K)->28917K(29312K) NonClass: 24049K(24256K)->24049K(24256K) Class: 4868K(5056K)->4868K(5056K)
[4656.740s][info][gc             ] GC(1395) Pause Young (Prepare Mixed) (G1 Evacuation Pause) 3624M->1463M(4096M) 123.793ms
[4656.740s][info][gc,cpu         ] GC(1395) User=0.73s Sys=0.00s Real=0.12s
..[4658.735s][info][gc,start       ] GC(1396) Pause Young (Mixed) (G1 Evacuation Pause)
[4658.735s][info][gc,task        ] GC(1396) Using 6 workers of 6 for evacuation
[4658.871s][info][gc,phases      ] GC(1396)   Pre Evacuate Collection Set: 0.39ms
[4658.871s][info][gc,phases      ] GC(1396)   Merge Heap Roots: 0.76ms
[4658.871s][info][gc,phases      ] GC(1396)   Evacuate Collection Set: 133.28ms
[4658.871s][info][gc,phases      ] GC(1396)   Post Evacuate Collection Set: 0.97ms
[4658.871s][info][gc,phases      ] GC(1396)   Other: 0.08ms
[4658.871s][info][gc,heap        ] GC(1396) Eden regions: 1096->0(1116)
[4658.871s][info][gc,heap        ] GC(1396) Survivor regions: 116->112(152)
[4658.871s][info][gc,heap        ] GC(1396) Old regions: 537->474
[4658.871s][info][gc,heap        ] GC(1396) Humongous regions: 80->80
[4658.871s][info][gc,metaspace   ] GC(1396) Metaspace: 28917K(29312K)->28917K(29312K) NonClass: 24049K(24256K)->24049K(24256K) Class: 4868K(5056K)->4868K(5056K)
[4658.871s][info][gc             ] GC(1396) Pause Young (Mixed) (G1 Evacuation Pause) 3655M->1329M(4096M) 135.615ms
[4658.871s][info][gc,cpu         ] GC(1396) User=0.80s Sys=0.00s Real=0.13s
..[4661.010s][info][gc,start       ] GC(1397) Pause Young (Concurrent Start) (G1 Evacuation Pause)
[4661.010s][info][gc,task        ] GC(1397) Using 6 workers of 6 for evacuation
[4661.127s][info][gc,phases      ] GC(1397)   Pre Evacuate Collection Set: 0.38ms
[4661.127s][info][gc,phases      ] GC(1397)   Merge Heap Roots: 0.45ms
[4661.127s][info][gc,phases      ] GC(1397)   Evacuate Collection Set: 115.18ms
[4661.127s][info][gc,phases      ] GC(1397)   Post Evacuate Collection Set: 0.90ms
[4661.127s][info][gc,phases      ] GC(1397)   Other: 0.12ms
[4661.127s][info][gc,heap        ] GC(1397) Eden regions: 1116->0(1120)
[4661.127s][info][gc,heap        ] GC(1397) Survivor regions: 112->108(154)
[4661.127s][info][gc,heap        ] GC(1397) Old regions: 474->506
[4661.127s][info][gc,heap        ] GC(1397) Humongous regions: 80->80
[4661.127s][info][gc,metaspace   ] GC(1397) Metaspace: 28917K(29312K)->28917K(29312K) NonClass: 24049K(24256K)->24049K(24256K) Class: 4868K(5056K)->4868K(5056K)
[4661.127s][info][gc             ] GC(1397) Pause Young (Concurrent Start) (G1 Evacuation Pause) 3561M->1386M(4096M) 117.174ms
[4661.127s][info][gc             ] GC(1398) Concurrent Mark Cycle
[4661.127s][info][gc,marking     ] GC(1398) Concurrent Scan Root Regions
[4661.127s][info][gc,cpu         ] GC(1397) User=0.70s Sys=0.00s Real=0.12s
.[4661.331s][info][gc,marking     ] GC(1398) Concurrent Scan Root Regions 204.152ms
[4661.331s][info][gc,marking     ] GC(1398) Concurrent Mark
[4661.331s][info][gc,marking     ] GC(1398) Concurrent Mark From Roots
[4661.331s][info][gc,task        ] GC(1398) Using 2 workers of 2 for marking
[4662.367s][info][gc,marking     ] GC(1398) Concurrent Mark From Roots 1036.037ms
[4662.367s][info][gc,marking     ] GC(1398) Concurrent Preclean
[4662.367s][info][gc,marking     ] GC(1398) Concurrent Preclean 0.161ms
[4662.368s][info][gc,start       ] GC(1398) Pause Remark
[4662.376s][info][gc             ] GC(1398) Pause Remark 2620M->2620M(4096M) 7.468ms
[4662.376s][info][gc,cpu         ] GC(1398) User=0.04s Sys=0.00s Real=0.01s
[4662.376s][info][gc,marking     ] GC(1398) Concurrent Mark 1045.304ms
[4662.376s][info][gc,marking     ] GC(1398) Concurrent Rebuild Remembered Sets and Scrub Regions
.[4662.817s][info][gc,marking     ] GC(1398) Concurrent Rebuild Remembered Sets and Scrub Regions 441.007ms
[4662.819s][info][gc,start       ] GC(1398) Pause Cleanup
[4662.820s][info][gc             ] GC(1398) Pause Cleanup 3060M->3060M(4096M) 0.132ms
[4662.820s][info][gc,cpu         ] GC(1398) User=0.00s Sys=0.00s Real=0.00s
[4662.820s][info][gc,marking     ] GC(1398) Concurrent Clear Claimed Marks
[4662.820s][info][gc,marking     ] GC(1398) Concurrent Clear Claimed Marks 0.039ms
[4662.820s][info][gc,marking     ] GC(1398) Concurrent Cleanup for Next Mark
[4662.827s][info][gc,marking     ] GC(1398) Concurrent Cleanup for Next Mark 6.369ms
[4662.827s][info][gc             ] GC(1398) Concurrent Mark Cycle 1699.805ms
[4663.299s][info][gc,start       ] GC(1399) Pause Young (Prepare Mixed) (G1 Evacuation Pause)
[4663.299s][info][gc,task        ] GC(1399) Using 6 workers of 6 for evacuation
[4663.418s][info][gc,phases      ] GC(1399)   Pre Evacuate Collection Set: 0.34ms
[4663.418s][info][gc,phases      ] GC(1399)   Merge Heap Roots: 0.53ms
[4663.418s][info][gc,phases      ] GC(1399)   Evacuate Collection Set: 117.15ms
[4663.418s][info][gc,phases      ] GC(1399)   Post Evacuate Collection Set: 0.92ms
[4663.418s][info][gc,phases      ] GC(1399)   Other: 0.09ms
[4663.418s][info][gc,heap        ] GC(1399) Eden regions: 1120->0(1099)
[4663.418s][info][gc,heap        ] GC(1399) Survivor regions: 108->114(154)
[4663.418s][info][gc,heap        ] GC(1399) Old regions: 506->538
[4663.418s][info][gc,heap        ] GC(1399) Humongous regions: 80->80
[4663.418s][info][gc,metaspace   ] GC(1399) Metaspace: 28917K(29312K)->28917K(29312K) NonClass: 24049K(24256K)->24049K(24256K) Class: 4868K(5056K)->4868K(5056K)
[4663.418s][info][gc             ] GC(1399) Pause Young (Prepare Mixed) (G1 Evacuation Pause) 3626M->1462M(4096M) 119.155ms
[4663.418s][info][gc,cpu         ] GC(1399) User=0.71s Sys=0.00s Real=0.12s
...[4665.564s][info][gc,start       ] GC(1400) Pause Young (Mixed) (G1 Evacuation Pause)
[4665.564s][info][gc,task        ] GC(1400) Using 6 workers of 6 for evacuation
[4665.699s][info][gc,phases      ] GC(1400)   Pre Evacuate Collection Set: 0.36ms
[4665.699s][info][gc,phases      ] GC(1400)   Merge Heap Roots: 0.67ms
[4665.699s][info][gc,phases      ] GC(1400)   Evacuate Collection Set: 133.23ms
[4665.699s][info][gc,phases      ] GC(1400)   Post Evacuate Collection Set: 0.99ms
[4665.699s][info][gc,phases      ] GC(1400)   Other: 0.09ms
[4665.699s][info][gc,heap        ] GC(1400) Eden regions: 1099->0(1117)
[4665.699s][info][gc,heap        ] GC(1400) Survivor regions: 114->111(152)
[4665.699s][info][gc,heap        ] GC(1400) Old regions: 538->475
[4665.699s][info][gc,heap        ] GC(1400) Humongous regions: 80->80
[4665.699s][info][gc,metaspace   ] GC(1400) Metaspace: 28917K(29312K)->28917K(29312K) NonClass: 24049K(24256K)->24049K(24256K) Class: 4868K(5056K)->4868K(5056K)
[4665.699s][info][gc             ] GC(1400) Pause Young (Mixed) (G1 Evacuation Pause) 3660M->1330M(4096M) 135.476ms
[4665.699s][info][gc,cpu         ] GC(1400) User=0.80s Sys=0.00s Real=0.13s
..[4667.754s][info][gc,start       ] GC(1401) Pause Young (Concurrent Start) (G1 Evacuation Pause)
[4667.754s][info][gc,task        ] GC(1401) Using 6 workers of 6 for evacuation
[4667.873s][info][gc,phases      ] GC(1401)   Pre Evacuate Collection Set: 0.40ms
[4667.873s][info][gc,phases      ] GC(1401)   Merge Heap Roots: 0.55ms
[4667.873s][info][gc,phases      ] GC(1401)   Evacuate Collection Set: 116.17ms
[4667.873s][info][gc,phases      ] GC(1401)   Post Evacuate Collection Set: 0.88ms
[4667.873s][info][gc,phases      ] GC(1401)   Other: 0.11ms
[4667.873s][info][gc,heap        ] GC(1401) Eden regions: 1117->0(1118)
[4667.873s][info][gc,heap        ] GC(1401) Survivor regions: 111->110(154)
[4667.873s][info][gc,heap        ] GC(1401) Old regions: 475->507
[4667.873s][info][gc,heap        ] GC(1401) Humongous regions: 80->80
[4667.873s][info][gc,metaspace   ] GC(1401) Metaspace: 28917K(29312K)->28917K(29312K) NonClass: 24049K(24256K)->24049K(24256K) Class: 4868K(5056K)->4868K(5056K)
[4667.873s][info][gc             ] GC(1401) Pause Young (Concurrent Start) (G1 Evacuation Pause) 3564M->1392M(4096M) 118.246ms
[4667.873s][info][gc             ] GC(1402) Concurrent Mark Cycle
[4667.873s][info][gc,marking     ] GC(1402) Concurrent Scan Root Regions
[4667.873s][info][gc,cpu         ] GC(1401) User=0.70s Sys=0.00s Real=0.11s
[4668.066s][info][gc,marking     ] GC(1402) Concurrent Scan Root Regions 193.206ms
[4668.066s][info][gc,marking     ] GC(1402) Concurrent Mark
[4668.066s][info][gc,marking     ] GC(1402) Concurrent Mark From Roots
[4668.066s][info][gc,task        ] GC(1402) Using 2 workers of 2 for marking
.[4669.106s][info][gc,marking     ] GC(1402) Concurrent Mark From Roots 1040.433ms
[4669.106s][info][gc,marking     ] GC(1402) Concurrent Preclean
[4669.107s][info][gc,marking     ] GC(1402) Concurrent Preclean 0.154ms
[4669.108s][info][gc,start       ] GC(1402) Pause Remark
[4669.114s][info][gc             ] GC(1402) Pause Remark 2666M->2666M(4096M) 5.697ms
[4669.114s][info][gc,cpu         ] GC(1402) User=0.03s Sys=0.00s Real=0.01s
[4669.115s][info][gc,marking     ] GC(1402) Concurrent Mark 1049.236ms
[4669.115s][info][gc,marking     ] GC(1402) Concurrent Rebuild Remembered Sets and Scrub Regions
[4669.545s][info][gc,marking     ] GC(1402) Concurrent Rebuild Remembered Sets and Scrub Regions 429.642ms
[4669.545s][info][gc,start       ] GC(1402) Pause Cleanup
[4669.546s][info][gc             ] GC(1402) Pause Cleanup 3050M->3050M(4096M) 0.437ms
[4669.546s][info][gc,cpu         ] GC(1402) User=0.00s Sys=0.00s Real=0.00s
[4669.546s][info][gc,marking     ] GC(1402) Concurrent Clear Claimed Marks
[4669.546s][info][gc,marking     ] GC(1402) Concurrent Clear Claimed Marks 0.035ms
[4669.546s][info][gc,marking     ] GC(1402) Concurrent Cleanup for Next Mark
.[4669.554s][info][gc,marking     ] GC(1402) Concurrent Cleanup for Next Mark 7.370ms
[4669.554s][info][gc             ] GC(1402) Concurrent Mark Cycle 1680.912ms
[4670.032s][info][gc,start       ] GC(1403) Pause Young (Prepare Mixed) (G1 Evacuation Pause)
[4670.032s][info][gc,task        ] GC(1403) Using 6 workers of 6 for evacuation
[4670.153s][info][gc,phases      ] GC(1403)   Pre Evacuate Collection Set: 0.36ms
[4670.153s][info][gc,phases      ] GC(1403)   Merge Heap Roots: 0.55ms
[4670.153s][info][gc,phases      ] GC(1403)   Evacuate Collection Set: 118.82ms
[4670.153s][info][gc,phases      ] GC(1403)   Post Evacuate Collection Set: 0.96ms
[4670.153s][info][gc,phases      ] GC(1403)   Other: 0.08ms
[4670.153s][info][gc,heap        ] GC(1403) Eden regions: 1118->0(1101)
[4670.153s][info][gc,heap        ] GC(1403) Survivor regions: 110->113(154)
[4670.153s][info][gc,heap        ] GC(1403) Old regions: 507->538
[4670.153s][info][gc,heap        ] GC(1403) Humongous regions: 80->80
[4670.153s][info][gc,metaspace   ] GC(1403) Metaspace: 28917K(29312K)->28917K(29312K) NonClass: 24049K(24256K)->24049K(24256K) Class: 4868K(5056K)->4868K(5056K)
[4670.153s][info][gc             ] GC(1403) Pause Young (Prepare Mixed) (G1 Evacuation Pause) 3628M->1459M(4096M) 120.902ms
[4670.153s][info][gc,cpu         ] GC(1403) User=0.71s Sys=0.00s Real=0.13s
..[4672.251s][info][gc,start       ] GC(1404) Pause Young (Mixed) (G1 Evacuation Pause)
[4672.251s][info][gc,task        ] GC(1404) Using 6 workers of 6 for evacuation
[4672.389s][info][gc,phases      ] GC(1404)   Pre Evacuate Collection Set: 0.37ms
[4672.389s][info][gc,phases      ] GC(1404)   Merge Heap Roots: 0.83ms
[4672.390s][info][gc,phases      ] GC(1404)   Evacuate Collection Set: 136.45ms
[4672.390s][info][gc,phases      ] GC(1404)   Post Evacuate Collection Set: 0.94ms
[4672.390s][info][gc,phases      ] GC(1404)   Other: 0.10ms
[4672.390s][info][gc,heap        ] GC(1404) Eden regions: 1101->0(1116)
[4672.390s][info][gc,heap        ] GC(1404) Survivor regions: 113->112(152)
[4672.390s][info][gc,heap        ] GC(1404) Old regions: 538->473
[4672.390s][info][gc,heap        ] GC(1404) Humongous regions: 80->80
[4672.390s][info][gc,metaspace   ] GC(1404) Metaspace: 28917K(29312K)->28917K(29312K) NonClass: 24049K(24256K)->24049K(24256K) Class: 4868K(5056K)->4868K(5056K)
[4672.390s][info][gc             ] GC(1404) Pause Young (Mixed) (G1 Evacuation Pause) 3661M->1329M(4096M) 138.817ms
[4672.390s][info][gc,cpu         ] GC(1404) User=0.82s Sys=0.00s Real=0.14s
..[4674.418s][info][gc,start       ] GC(1405) Pause Young (Concurrent Start) (G1 Evacuation Pause)
[4674.418s][info][gc,task        ] GC(1405) Using 6 workers of 6 for evacuation
[4674.542s][info][gc,phases      ] GC(1405)   Pre Evacuate Collection Set: 0.36ms
[4674.542s][info][gc,phases      ] GC(1405)   Merge Heap Roots: 0.50ms
[4674.542s][info][gc,phases      ] GC(1405)   Evacuate Collection Set: 121.85ms
[4674.542s][info][gc,phases      ] GC(1405)   Post Evacuate Collection Set: 0.86ms
[4674.542s][info][gc,phases      ] GC(1405)   Other: 0.12ms
[4674.542s][info][gc,heap        ] GC(1405) Eden regions: 1116->0(1113)
[4674.542s][info][gc,heap        ] GC(1405) Survivor regions: 112->115(154)
[4674.542s][info][gc,heap        ] GC(1405) Old regions: 473->506
[4674.542s][info][gc,heap        ] GC(1405) Humongous regions: 80->80
[4674.542s][info][gc,metaspace   ] GC(1405) Metaspace: 28917K(29312K)->28917K(29312K) NonClass: 24049K(24256K)->24049K(24256K) Class: 4868K(5056K)->4868K(5056K)
[4674.542s][info][gc             ] GC(1405) Pause Young (Concurrent Start) (G1 Evacuation Pause) 3561M->1400M(4096M) 123.820ms
[4674.542s][info][gc             ] GC(1406) Concurrent Mark Cycle
[4674.542s][info][gc,marking     ] GC(1406) Concurrent Scan Root Regions
[4674.542s][info][gc,cpu         ] GC(1405) User=0.73s Sys=0.00s Real=0.12s
.[4674.740s][info][gc,marking     ] GC(1406) Concurrent Scan Root Regions 197.774ms
[4674.748s][info][gc,marking     ] GC(1406) Concurrent Mark
[4674.748s][info][gc,marking     ] GC(1406) Concurrent Mark From Roots
[4674.748s][info][gc,task        ] GC(1406) Using 2 workers of 2 for marking
[4675.874s][info][gc,marking     ] GC(1406) Concurrent Mark From Roots 1126.464ms
[4675.874s][info][gc,marking     ] GC(1406) Concurrent Preclean
[4675.874s][info][gc,marking     ] GC(1406) Concurrent Preclean 0.158ms
[4675.877s][info][gc,start       ] GC(1406) Pause Remark
[4675.885s][info][gc             ] GC(1406) Pause Remark 2720M->2720M(4096M) 7.998ms
[4675.885s][info][gc,cpu         ] GC(1406) User=0.05s Sys=0.00s Real=0.01s
[4675.885s][info][gc,marking     ] GC(1406) Concurrent Mark 1137.643ms
[4675.885s][info][gc,marking     ] GC(1406) Concurrent Rebuild Remembered Sets and Scrub Regions
.[4676.273s][info][gc,marking     ] GC(1406) Concurrent Rebuild Remembered Sets and Scrub Regions 388.074ms
[4676.276s][info][gc,start       ] GC(1406) Pause Cleanup
[4676.276s][info][gc             ] GC(1406) Pause Cleanup 3104M->3104M(4096M) 0.133ms
[4676.277s][info][gc,cpu         ] GC(1406) User=0.00s Sys=0.00s Real=0.00s
[4676.277s][info][gc,marking     ] GC(1406) Concurrent Clear Claimed Marks
[4676.277s][info][gc,marking     ] GC(1406) Concurrent Clear Claimed Marks 0.043ms
[4676.277s][info][gc,marking     ] GC(1406) Concurrent Cleanup for Next Mark
[4676.283s][info][gc,marking     ] GC(1406) Concurrent Cleanup for Next Mark 5.657ms
[4676.283s][info][gc             ] GC(1406) Concurrent Mark Cycle 1740.810ms
[4676.719s][info][gc,start       ] GC(1407) Pause Young (Prepare Mixed) (G1 Evacuation Pause)
[4676.719s][info][gc,task        ] GC(1407) Using 6 workers of 6 for evacuation
[4676.839s][info][gc,phases      ] GC(1407)   Pre Evacuate Collection Set: 0.32ms
[4676.839s][info][gc,phases      ] GC(1407)   Merge Heap Roots: 0.59ms
[4676.839s][info][gc,phases      ] GC(1407)   Evacuate Collection Set: 117.55ms
[4676.839s][info][gc,phases      ] GC(1407)   Post Evacuate Collection Set: 1.02ms
[4676.839s][info][gc,phases      ] GC(1407)   Other: 0.09ms
[4676.839s][info][gc,heap        ] GC(1407) Eden regions: 1113->0(1104)
[4676.839s][info][gc,heap        ] GC(1407) Survivor regions: 115->112(154)
[4676.839s][info][gc,heap        ] GC(1407) Old regions: 506->537
[4676.839s][info][gc,heap        ] GC(1407) Humongous regions: 80->80
[4676.839s][info][gc,metaspace   ] GC(1407) Metaspace: 28917K(29312K)->28917K(29312K) NonClass: 24049K(24256K)->24049K(24256K) Class: 4868K(5056K)->4868K(5056K)
[4676.839s][info][gc             ] GC(1407) Pause Young (Prepare Mixed) (G1 Evacuation Pause) 3626M->1457M(4096M) 119.719ms
[4676.839s][info][gc,cpu         ] GC(1407) User=0.71s Sys=0.01s Real=0.12s
..[4678.883s][info][gc,start       ] GC(1408) Pause Young (Mixed) (G1 Evacuation Pause)
[4678.883s][info][gc,task        ] GC(1408) Using 6 workers of 6 for evacuation
[4679.020s][info][gc,phases      ] GC(1408)   Pre Evacuate Collection Set: 0.37ms
[4679.020s][info][gc,phases      ] GC(1408)   Merge Heap Roots: 0.72ms
[4679.020s][info][gc,phases      ] GC(1408)   Evacuate Collection Set: 135.24ms
[4679.020s][info][gc,phases      ] GC(1408)   Post Evacuate Collection Set: 0.97ms
[4679.020s][info][gc,phases      ] GC(1408)   Other: 0.09ms
[4679.020s][info][gc,heap        ] GC(1408) Eden regions: 1104->0(1116)
[4679.020s][info][gc,heap        ] GC(1408) Survivor regions: 112->112(152)
[4679.020s][info][gc,heap        ] GC(1408) Old regions: 537->474
[4679.020s][info][gc,heap        ] GC(1408) Humongous regions: 80->80
[4679.020s][info][gc,metaspace   ] GC(1408) Metaspace: 28917K(29312K)->28917K(29312K) NonClass: 24049K(24256K)->24049K(24256K) Class: 4868K(5056K)->4868K(5056K)
[4679.020s][info][gc             ] GC(1408) Pause Young (Mixed) (G1 Evacuation Pause) 3665M->1331M(4096M) 137.535ms
[4679.021s][info][gc,cpu         ] GC(1408) User=0.81s Sys=0.00s Real=0.13s
...[4681.109s][info][gc,start       ] GC(1409) Pause Young (Concurrent Start) (G1 Evacuation Pause)
[4681.109s][info][gc,task        ] GC(1409) Using 6 workers of 6 for evacuation
[4681.228s][info][gc,phases      ] GC(1409)   Pre Evacuate Collection Set: 0.40ms
[4681.228s][info][gc,phases      ] GC(1409)   Merge Heap Roots: 0.48ms
[4681.228s][info][gc,phases      ] GC(1409)   Evacuate Collection Set: 116.81ms
[4681.228s][info][gc,phases      ] GC(1409)   Post Evacuate Collection Set: 0.90ms
[4681.228s][info][gc,phases      ] GC(1409)   Other: 0.13ms
[4681.228s][info][gc,heap        ] GC(1409) Eden regions: 1116->0(1117)
[4681.228s][info][gc,heap        ] GC(1409) Survivor regions: 112->111(154)
[4681.228s][info][gc,heap        ] GC(1409) Old regions: 474->506
[4681.228s][info][gc,heap        ] GC(1409) Humongous regions: 80->80
[4681.228s][info][gc,metaspace   ] GC(1409) Metaspace: 28917K(29312K)->28917K(29312K) NonClass: 24049K(24256K)->24049K(24256K) Class: 4868K(5056K)->4868K(5056K)
[4681.228s][info][gc             ] GC(1409) Pause Young (Concurrent Start) (G1 Evacuation Pause) 3563M->1393M(4096M) 118.861ms
[4681.228s][info][gc             ] GC(1410) Concurrent Mark Cycle
[4681.228s][info][gc,marking     ] GC(1410) Concurrent Scan Root Regions
[4681.228s][info][gc,cpu         ] GC(1409) User=0.71s Sys=0.00s Real=0.12s
[4681.452s][info][gc,marking     ] GC(1410) Concurrent Scan Root Regions 223.911ms
[4681.452s][info][gc,marking     ] GC(1410) Concurrent Mark
[4681.452s][info][gc,marking     ] GC(1410) Concurrent Mark From Roots
[4681.452s][info][gc,task        ] GC(1410) Using 2 workers of 2 for marking
.[4682.564s][info][gc,marking     ] GC(1410) Concurrent Mark From Roots 1112.447ms
[4682.564s][info][gc,marking     ] GC(1410) Concurrent Preclean
[4682.565s][info][gc,marking     ] GC(1410) Concurrent Preclean 0.123ms
[4682.566s][info][gc,start       ] GC(1410) Pause Remark
[4682.571s][info][gc             ] GC(1410) Pause Remark 2648M->2648M(4096M) 4.954ms
[4682.571s][info][gc,cpu         ] GC(1410) User=0.03s Sys=0.00s Real=0.00s
[4682.571s][info][gc,marking     ] GC(1410) Concurrent Mark 1118.922ms
[4682.571s][info][gc,marking     ] GC(1410) Concurrent Rebuild Remembered Sets and Scrub Regions
[4682.959s][info][gc,marking     ] GC(1410) Concurrent Rebuild Remembered Sets and Scrub Regions 387.654ms
[4682.961s][info][gc,start       ] GC(1410) Pause Cleanup
[4682.961s][info][gc             ] GC(1410) Pause Cleanup 3073M->3073M(4096M) 0.142ms
[4682.961s][info][gc,cpu         ] GC(1410) User=0.00s Sys=0.00s Real=0.00s
[4682.961s][info][gc,marking     ] GC(1410) Concurrent Clear Claimed Marks
[4682.961s][info][gc,marking     ] GC(1410) Concurrent Clear Claimed Marks 0.030ms
[4682.962s][info][gc,marking     ] GC(1410) Concurrent Cleanup for Next Mark
[4682.978s][info][gc,marking     ] GC(1410) Concurrent Cleanup for Next Mark 16.977ms
[4682.979s][info][gc             ] GC(1410) Concurrent Mark Cycle 1750.620ms
.[4683.374s][info][gc,start       ] GC(1411) Pause Young (Prepare Mixed) (G1 Evacuation Pause)
[4683.374s][info][gc,task        ] GC(1411) Using 6 workers of 6 for evacuation
[4683.502s][info][gc,phases      ] GC(1411)   Pre Evacuate Collection Set: 0.34ms
[4683.502s][info][gc,phases      ] GC(1411)   Merge Heap Roots: 0.55ms
[4683.502s][info][gc,phases      ] GC(1411)   Evacuate Collection Set: 125.93ms
[4683.502s][info][gc,phases      ] GC(1411)   Post Evacuate Collection Set: 0.89ms
[4683.502s][info][gc,phases      ] GC(1411)   Other: 0.10ms
[4683.502s][info][gc,heap        ] GC(1411) Eden regions: 1117->0(1093)
[4683.502s][info][gc,heap        ] GC(1411) Survivor regions: 111->117(154)
[4683.502s][info][gc,heap        ] GC(1411) Old regions: 506->538
[4683.502s][info][gc,heap        ] GC(1411) Humongous regions: 80->80
[4683.502s][info][gc,metaspace   ] GC(1411) Metaspace: 28917K(29312K)->28917K(29312K) NonClass: 24049K(24256K)->24049K(24256K) Class: 4868K(5056K)->4868K(5056K)
[4683.502s][info][gc             ] GC(1411) Pause Young (Prepare Mixed) (G1 Evacuation Pause) 3627M->1469M(4096M) 127.931ms
[4683.502s][info][gc,cpu         ] GC(1411) User=0.74s Sys=0.00s Real=0.12s
..[4685.510s][info][gc,start       ] GC(1412) Pause Young (Mixed) (G1 Evacuation Pause)
[4685.510s][info][gc,task        ] GC(1412) Using 6 workers of 6 for evacuation
[4685.645s][info][gc,phases      ] GC(1412)   Pre Evacuate Collection Set: 0.39ms
[4685.645s][info][gc,phases      ] GC(1412)   Merge Heap Roots: 0.67ms
[4685.645s][info][gc,phases      ] GC(1412)   Evacuate Collection Set: 132.12ms
[4685.645s][info][gc,phases      ] GC(1412)   Post Evacuate Collection Set: 0.96ms
[4685.645s][info][gc,phases      ] GC(1412)   Other: 0.09ms
[4685.645s][info][gc,heap        ] GC(1412) Eden regions: 1093->0(1116)
[4685.645s][info][gc,heap        ] GC(1412) Survivor regions: 117->112(152)
[4685.645s][info][gc,heap        ] GC(1412) Old regions: 538->474
[4685.645s][info][gc,heap        ] GC(1412) Humongous regions: 80->80
[4685.645s][info][gc,metaspace   ] GC(1412) Metaspace: 28917K(29312K)->28917K(29312K) NonClass: 24049K(24256K)->24049K(24256K) Class: 4868K(5056K)->4868K(5056K)
[4685.645s][info][gc             ] GC(1412) Pause Young (Mixed) (G1 Evacuation Pause) 3655M->1331M(4096M) 134.363ms
[4685.645s][info][gc,cpu         ] GC(1412) User=0.80s Sys=0.00s Real=0.14s
..[4687.638s][info][gc,start       ] GC(1413) Pause Young (Concurrent Start) (G1 Evacuation Pause)
[4687.638s][info][gc,task        ] GC(1413) Using 6 workers of 6 for evacuation
[4687.752s][info][gc,phases      ] GC(1413)   Pre Evacuate Collection Set: 0.40ms
[4687.752s][info][gc,phases      ] GC(1413)   Merge Heap Roots: 0.48ms
[4687.752s][info][gc,phases      ] GC(1413)   Evacuate Collection Set: 112.29ms
[4687.752s][info][gc,phases      ] GC(1413)   Post Evacuate Collection Set: 0.88ms
[4687.752s][info][gc,phases      ] GC(1413)   Other: 0.10ms
[4687.752s][info][gc,heap        ] GC(1413) Eden regions: 1116->0(1120)
[4687.752s][info][gc,heap        ] GC(1413) Survivor regions: 112->108(154)
[4687.752s][info][gc,heap        ] GC(1413) Old regions: 474->507
[4687.752s][info][gc,heap        ] GC(1413) Humongous regions: 80->80
[4687.752s][info][gc,metaspace   ] GC(1413) Metaspace: 28917K(29312K)->28917K(29312K) NonClass: 24049K(24256K)->24049K(24256K) Class: 4868K(5056K)->4868K(5056K)
[4687.752s][info][gc             ] GC(1413) Pause Young (Concurrent Start) (G1 Evacuation Pause) 3563M->1387M(4096M) 114.296ms
[4687.752s][info][gc             ] GC(1414) Concurrent Mark Cycle
[4687.752s][info][gc,marking     ] GC(1414) Concurrent Scan Root Regions
[4687.752s][info][gc,cpu         ] GC(1413) User=0.68s Sys=0.00s Real=0.11s
[4687.950s][info][gc,marking     ] GC(1414) Concurrent Scan Root Regions 198.341ms
[4687.950s][info][gc,marking     ] GC(1414) Concurrent Mark
[4687.950s][info][gc,marking     ] GC(1414) Concurrent Mark From Roots
[4687.950s][info][gc,task        ] GC(1414) Using 2 workers of 2 for marking
.[4688.947s][info][gc,marking     ] GC(1414) Concurrent Mark From Roots 997.003ms
[4688.947s][info][gc,marking     ] GC(1414) Concurrent Preclean
[4688.948s][info][gc,marking     ] GC(1414) Concurrent Preclean 0.163ms
[4688.948s][info][gc,start       ] GC(1414) Pause Remark
[4688.954s][info][gc             ] GC(1414) Pause Remark 2571M->2571M(4096M) 6.170ms
[4688.954s][info][gc,cpu         ] GC(1414) User=0.03s Sys=0.00s Real=0.01s
[4688.954s][info][gc,marking     ] GC(1414) Concurrent Mark 1003.766ms
[4688.954s][info][gc,marking     ] GC(1414) Concurrent Rebuild Remembered Sets and Scrub Regions
[4689.419s][info][gc,marking     ] GC(1414) Concurrent Rebuild Remembered Sets and Scrub Regions 465.070ms
[4689.422s][info][gc,start       ] GC(1414) Pause Cleanup
[4689.422s][info][gc             ] GC(1414) Pause Cleanup 2967M->2967M(4096M) 0.139ms
[4689.422s][info][gc,cpu         ] GC(1414) User=0.00s Sys=0.00s Real=0.00s
[4689.423s][info][gc,marking     ] GC(1414) Concurrent Clear Claimed Marks
[4689.423s][info][gc,marking     ] GC(1414) Concurrent Clear Claimed Marks 0.039ms
[4689.423s][info][gc,marking     ] GC(1414) Concurrent Cleanup for Next Mark
.[4689.428s][info][gc,marking     ] GC(1414) Concurrent Cleanup for Next Mark 4.795ms
[4689.428s][info][gc             ] GC(1414) Concurrent Mark Cycle 1676.063ms
[4689.969s][info][gc,start       ] GC(1415) Pause Young (Prepare Mixed) (G1 Evacuation Pause)
[4689.969s][info][gc,task        ] GC(1415) Using 6 workers of 6 for evacuation
[4690.087s][info][gc,phases      ] GC(1415)   Pre Evacuate Collection Set: 0.36ms
[4690.087s][info][gc,phases      ] GC(1415)   Merge Heap Roots: 0.54ms
[4690.087s][info][gc,phases      ] GC(1415)   Evacuate Collection Set: 115.72ms
[4690.087s][info][gc,phases      ] GC(1415)   Post Evacuate Collection Set: 0.93ms
[4690.087s][info][gc,phases      ] GC(1415)   Other: 0.09ms
[4690.087s][info][gc,heap        ] GC(1415) Eden regions: 1120->0(1107)
[4690.087s][info][gc,heap        ] GC(1415) Survivor regions: 108->110(154)
[4690.087s][info][gc,heap        ] GC(1415) Old regions: 507->538
[4690.087s][info][gc,heap        ] GC(1415) Humongous regions: 80->80
[4690.087s][info][gc,metaspace   ] GC(1415) Metaspace: 28917K(29312K)->28917K(29312K) NonClass: 24049K(24256K)->24049K(24256K) Class: 4868K(5056K)->4868K(5056K)
[4690.087s][info][gc             ] GC(1415) Pause Young (Prepare Mixed) (G1 Evacuation Pause) 3627M->1455M(4096M) 117.784ms
[4690.087s][info][gc,cpu         ] GC(1415) User=0.70s Sys=0.01s Real=0.12s
..[4692.085s][info][gc,start       ] GC(1416) Pause Young (Mixed) (G1 Evacuation Pause)
[4692.085s][info][gc,task        ] GC(1416) Using 6 workers of 6 for evacuation
[4692.219s][info][gc,phases      ] GC(1416)   Pre Evacuate Collection Set: 0.42ms
[4692.219s][info][gc,phases      ] GC(1416)   Merge Heap Roots: 0.70ms
[4692.219s][info][gc,phases      ] GC(1416)   Evacuate Collection Set: 131.19ms
[4692.219s][info][gc,phases      ] GC(1416)   Post Evacuate Collection Set: 0.97ms
[4692.219s][info][gc,phases      ] GC(1416)   Other: 0.09ms
[4692.219s][info][gc,heap        ] GC(1416) Eden regions: 1107->0(1118)
[4692.219s][info][gc,heap        ] GC(1416) Survivor regions: 110->110(153)
[4692.219s][info][gc,heap        ] GC(1416) Old regions: 538->474
[4692.219s][info][gc,heap        ] GC(1416) Humongous regions: 80->80
[4692.219s][info][gc,metaspace   ] GC(1416) Metaspace: 28917K(29312K)->28917K(29312K) NonClass: 24049K(24256K)->24049K(24256K) Class: 4868K(5056K)->4868K(5056K)
[4692.219s][info][gc             ] GC(1416) Pause Young (Mixed) (G1 Evacuation Pause) 3669M->1326M(4096M) 133.520ms
[4692.219s][info][gc,cpu         ] GC(1416) User=0.79s Sys=0.00s Real=0.13s
..[4694.421s][info][gc,start       ] GC(1417) Pause Young (Concurrent Start) (G1 Evacuation Pause)
[4694.421s][info][gc,task        ] GC(1417) Using 6 workers of 6 for evacuation
[4694.541s][info][gc,phases      ] GC(1417)   Pre Evacuate Collection Set: 0.39ms
[4694.541s][info][gc,phases      ] GC(1417)   Merge Heap Roots: 0.48ms
[4694.541s][info][gc,phases      ] GC(1417)   Evacuate Collection Set: 118.53ms
[4694.541s][info][gc,phases      ] GC(1417)   Post Evacuate Collection Set: 0.90ms
[4694.541s][info][gc,phases      ] GC(1417)   Other: 0.12ms
[4694.541s][info][gc,heap        ] GC(1417) Eden regions: 1118->0(1115)
[4694.541s][info][gc,heap        ] GC(1417) Survivor regions: 110->113(154)
[4694.541s][info][gc,heap        ] GC(1417) Old regions: 474->507
[4694.541s][info][gc,heap        ] GC(1417) Humongous regions: 80->80
[4694.541s][info][gc,metaspace   ] GC(1417) Metaspace: 28917K(29312K)->28917K(29312K) NonClass: 24049K(24256K)->24049K(24256K) Class: 4868K(5056K)->4868K(5056K)
[4694.541s][info][gc             ] GC(1417) Pause Young (Concurrent Start) (G1 Evacuation Pause) 3562M->1397M(4096M) 120.563ms
[4694.541s][info][gc             ] GC(1418) Concurrent Mark Cycle
[4694.541s][info][gc,marking     ] GC(1418) Concurrent Scan Root Regions
[4694.541s][info][gc,cpu         ] GC(1417) User=0.72s Sys=0.00s Real=0.12s
.[4694.717s][info][gc,marking     ] GC(1418) Concurrent Scan Root Regions 175.773ms
[4694.717s][info][gc,marking     ] GC(1418) Concurrent Mark
[4694.717s][info][gc,marking     ] GC(1418) Concurrent Mark From Roots
[4694.717s][info][gc,task        ] GC(1418) Using 2 workers of 2 for marking
[4695.613s][info][gc,marking     ] GC(1418) Concurrent Mark From Roots 895.846ms
[4695.645s][info][gc,marking     ] GC(1418) Concurrent Preclean
[4695.645s][info][gc,marking     ] GC(1418) Concurrent Preclean 0.202ms
[4695.646s][info][gc,start       ] GC(1418) Pause Remark
[4695.649s][info][gc             ] GC(1418) Pause Remark 2419M->2419M(4096M) 3.138ms
[4695.649s][info][gc,cpu         ] GC(1418) User=0.01s Sys=0.00s Real=0.00s
.[4695.651s][info][gc,marking     ] GC(1418) Concurrent Mark 933.684ms
[4695.651s][info][gc,marking     ] GC(1418) Concurrent Rebuild Remembered Sets and Scrub Regions
[4695.990s][info][gc,marking     ] GC(1418) Concurrent Rebuild Remembered Sets and Scrub Regions 339.173ms
[4695.993s][info][gc,start       ] GC(1418) Pause Cleanup
[4695.993s][info][gc             ] GC(1418) Pause Cleanup 2769M->2769M(4096M) 0.154ms
[4695.993s][info][gc,cpu         ] GC(1418) User=0.00s Sys=0.00s Real=0.00s
[4695.993s][info][gc,marking     ] GC(1418) Concurrent Clear Claimed Marks
[4695.993s][info][gc,marking     ] GC(1418) Concurrent Clear Claimed Marks 0.030ms
[4695.993s][info][gc,marking     ] GC(1418) Concurrent Cleanup for Next Mark
[4696.002s][info][gc,marking     ] GC(1418) Concurrent Cleanup for Next Mark 8.780ms
[4696.002s][info][gc             ] GC(1418) Concurrent Mark Cycle 1461.061ms
[4696.605s][info][gc,start       ] GC(1419) Pause Young (Prepare Mixed) (G1 Evacuation Pause)
[4696.605s][info][gc,task        ] GC(1419) Using 6 workers of 6 for evacuation
[4696.725s][info][gc,phases      ] GC(1419)   Pre Evacuate Collection Set: 0.35ms
[4696.725s][info][gc,phases      ] GC(1419)   Merge Heap Roots: 0.57ms
[4696.725s][info][gc,phases      ] GC(1419)   Evacuate Collection Set: 118.12ms
[4696.725s][info][gc,phases      ] GC(1419)   Post Evacuate Collection Set: 0.92ms
[4696.725s][info][gc,phases      ] GC(1419)   Other: 0.09ms
[4696.725s][info][gc,heap        ] GC(1419) Eden regions: 1115->0(1102)
[4696.725s][info][gc,heap        ] GC(1419) Survivor regions: 113->112(154)
[4696.725s][info][gc,heap        ] GC(1419) Old regions: 507->539
[4696.725s][info][gc,heap        ] GC(1419) Humongous regions: 80->80
[4696.725s][info][gc,metaspace   ] GC(1419) Metaspace: 28917K(29312K)->28917K(29312K) NonClass: 24049K(24256K)->24049K(24256K) Class: 4868K(5056K)->4868K(5056K)
[4696.725s][info][gc             ] GC(1419) Pause Young (Prepare Mixed) (G1 Evacuation Pause) 3627M->1460M(4096M) 120.178ms
[4696.725s][info][gc,cpu         ] GC(1419) User=0.71s Sys=0.00s Real=0.12s
...[4698.852s][info][gc,start       ] GC(1420) Pause Young (Mixed) (G1 Evacuation Pause)
[4698.852s][info][gc,task        ] GC(1420) Using 6 workers of 6 for evacuation
[4698.989s][info][gc,phases      ] GC(1420)   Pre Evacuate Collection Set: 0.40ms
[4698.989s][info][gc,phases      ] GC(1420)   Merge Heap Roots: 0.65ms
[4698.989s][info][gc,phases      ] GC(1420)   Evacuate Collection Set: 135.23ms
[4698.989s][info][gc,phases      ] GC(1420)   Post Evacuate Collection Set: 0.95ms
[4698.989s][info][gc,phases      ] GC(1420)   Other: 0.09ms
[4698.989s][info][gc,heap        ] GC(1420) Eden regions: 1102->0(1117)
[4698.989s][info][gc,heap        ] GC(1420) Survivor regions: 112->111(152)
[4698.989s][info][gc,heap        ] GC(1420) Old regions: 539->475
[4698.989s][info][gc,heap        ] GC(1420) Humongous regions: 80->80
[4698.989s][info][gc,metaspace   ] GC(1420) Metaspace: 28917K(29312K)->28917K(29312K) NonClass: 24049K(24256K)->24049K(24256K) Class: 4868K(5056K)->4868K(5056K)
[4698.989s][info][gc             ] GC(1420) Pause Young (Mixed) (G1 Evacuation Pause) 3664M->1331M(4096M) 137.470ms
[4698.989s][info][gc,cpu         ] GC(1420) User=0.81s Sys=0.00s Real=0.14s
..[4701.106s][info][gc,start       ] GC(1421) Pause Young (Concurrent Start) (G1 Evacuation Pause)
[4701.106s][info][gc,task        ] GC(1421) Using 6 workers of 6 for evacuation
[4701.228s][info][gc,phases      ] GC(1421)   Pre Evacuate Collection Set: 0.38ms
[4701.228s][info][gc,phases      ] GC(1421)   Merge Heap Roots: 0.49ms
[4701.228s][info][gc,phases      ] GC(1421)   Evacuate Collection Set: 119.65ms
[4701.228s][info][gc,phases      ] GC(1421)   Post Evacuate Collection Set: 0.90ms
[4701.228s][info][gc,phases      ] GC(1421)   Other: 0.12ms
[4701.228s][info][gc,heap        ] GC(1421) Eden regions: 1117->0(1115)
[4701.228s][info][gc,heap        ] GC(1421) Survivor regions: 111->113(154)
[4701.228s][info][gc,heap        ] GC(1421) Old regions: 475->507
[4701.228s][info][gc,heap        ] GC(1421) Humongous regions: 80->80
[4701.228s][info][gc,metaspace   ] GC(1421) Metaspace: 28917K(29312K)->28917K(29312K) NonClass: 24049K(24256K)->24049K(24256K) Class: 4868K(5056K)->4868K(5056K)
[4701.228s][info][gc             ] GC(1421) Pause Young (Concurrent Start) (G1 Evacuation Pause) 3565M->1398M(4096M) 121.675ms
[4701.228s][info][gc             ] GC(1422) Concurrent Mark Cycle
[4701.228s][info][gc,marking     ] GC(1422) Concurrent Scan Root Regions
[4701.228s][info][gc,cpu         ] GC(1421) User=0.72s Sys=0.00s Real=0.12s
[4701.411s][info][gc,marking     ] GC(1422) Concurrent Scan Root Regions 183.452ms
[4701.411s][info][gc,marking     ] GC(1422) Concurrent Mark
[4701.411s][info][gc,marking     ] GC(1422) Concurrent Mark From Roots
[4701.411s][info][gc,task        ] GC(1422) Using 2 workers of 2 for marking
.[4702.431s][info][gc,marking     ] GC(1422) Concurrent Mark From Roots 1019.816ms
[4702.431s][info][gc,marking     ] GC(1422) Concurrent Preclean
[4702.431s][info][gc,marking     ] GC(1422) Concurrent Preclean 0.138ms
[4702.434s][info][gc,start       ] GC(1422) Pause Remark
[4702.439s][info][gc             ] GC(1422) Pause Remark 2508M->2508M(4096M) 5.125ms
[4702.439s][info][gc,cpu         ] GC(1422) User=0.03s Sys=0.00s Real=0.00s
[4702.440s][info][gc,marking     ] GC(1422) Concurrent Mark 1028.072ms
[4702.440s][info][gc,marking     ] GC(1422) Concurrent Rebuild Remembered Sets and Scrub Regions
[4702.811s][info][gc,marking     ] GC(1422) Concurrent Rebuild Remembered Sets and Scrub Regions 371.388ms
[4702.814s][info][gc,start       ] GC(1422) Pause Cleanup
[4702.814s][info][gc             ] GC(1422) Pause Cleanup 2932M->2932M(4096M) 0.135ms
[4702.814s][info][gc,cpu         ] GC(1422) User=0.00s Sys=0.00s Real=0.00s
[4702.814s][info][gc,marking     ] GC(1422) Concurrent Clear Claimed Marks
[4702.814s][info][gc,marking     ] GC(1422) Concurrent Clear Claimed Marks 0.026ms
[4702.814s][info][gc,marking     ] GC(1422) Concurrent Cleanup for Next Mark
[4702.819s][info][gc,marking     ] GC(1422) Concurrent Cleanup for Next Mark 5.277ms
[4702.819s][info][gc             ] GC(1422) Concurrent Mark Cycle 1591.451ms
.[4703.319s][info][gc,start       ] GC(1423) Pause Young (Prepare Mixed) (G1 Evacuation Pause)
[4703.319s][info][gc,task        ] GC(1423) Using 6 workers of 6 for evacuation
[4703.477s][info][gc,phases      ] GC(1423)   Pre Evacuate Collection Set: 0.33ms
[4703.477s][info][gc,phases      ] GC(1423)   Merge Heap Roots: 0.51ms
[4703.477s][info][gc,phases      ] GC(1423)   Evacuate Collection Set: 155.80ms
[4703.477s][info][gc,phases      ] GC(1423)   Post Evacuate Collection Set: 0.96ms
[4703.477s][info][gc,phases      ] GC(1423)   Other: 0.09ms
[4703.477s][info][gc,heap        ] GC(1423) Eden regions: 1115->0(1102)
[4703.477s][info][gc,heap        ] GC(1423) Survivor regions: 113->112(154)
[4703.477s][info][gc,heap        ] GC(1423) Old regions: 507->539
[4703.477s][info][gc,heap        ] GC(1423) Humongous regions: 80->80
[4703.477s][info][gc,metaspace   ] GC(1423) Metaspace: 28917K(29312K)->28917K(29312K) NonClass: 24049K(24256K)->24049K(24256K) Class: 4868K(5056K)->4868K(5056K)
[4703.477s][info][gc             ] GC(1423) Pause Young (Prepare Mixed) (G1 Evacuation Pause) 3628M->1459M(4096M) 157.832ms
[4703.477s][info][gc,cpu         ] GC(1423) User=0.70s Sys=0.00s Real=0.16s
. (rIR:aIR:PR = 8441:8471:8471) (tPR = 125351) [OK] 
  4703s: Performance info:
         Transaction,    Success,    Partial,     Failed,   Receipts, AvgBarcode, 
             Overall,     509832,          0,          0,     484416,      59.48, 
         Response times:
             Request,    Success,    Partial,     Failed,   SkipFail,     Probes,    Samples,      min,      p50,      p90,      p95,      p99,      max, 
       TotalPurchase,     484416,          0,          0,          0,     348306,     462470,      300,     9300,   144000,   185000,   253000,   630000,
     InStorePurchase,     255523,          0,          0,          0,     183008,     242855,      300,     9200,   145000,   184000,   248000,   484000,
      OnlinePurchase,     178026,          0,          0,          0,     128855,     170911,      300,     9300,   143000,   184000,   257000,   630000,
        InstPurchase,      50867,          0,          0,          0,      36443,      48704,      300,     9500,   143000,   187000,   262000,   494000,
          AssocOfCat,        509,          0,          0,          0,        425,        667,    26000,    54000,   208200,   252600,   343000,   387000,
      AssocOfProduct,       5095,          0,          0,          0,       3452,       4844,      600,    11550,   152000,   205000,   283000,   389000,
      BusinessReport,       1281,          0,          0,          0,       1145,       1690,    29000,    66000,   221900,   255000,   362180,   515000,
          CustBuyBeh,       5029,          0,          0,          0,       3502,       4882,      200,     7300,   136000,   178000,   248000,   376000,
       ProductReturn,      13503,          0,          0,          0,       9154,      12264,      200,     9300,   141000,   183000,   254350,   401000,

  4703s: (62%)   IR =   8579 .[4705.497s][info][gc,start       ] GC(1424) Pause Young (Mixed) (G1 Evacuation Pause)
[4705.497s][info][gc,task        ] GC(1424) Using 6 workers of 6 for evacuation
[4705.630s][info][gc,phases      ] GC(1424)   Pre Evacuate Collection Set: 0.38ms
[4705.630s][info][gc,phases      ] GC(1424)   Merge Heap Roots: 0.64ms
[4705.630s][info][gc,phases      ] GC(1424)   Evacuate Collection Set: 130.98ms
[4705.630s][info][gc,phases      ] GC(1424)   Post Evacuate Collection Set: 0.94ms
[4705.630s][info][gc,phases      ] GC(1424)   Other: 0.09ms
[4705.630s][info][gc,heap        ] GC(1424) Eden regions: 1102->0(1118)
[4705.630s][info][gc,heap        ] GC(1424) Survivor regions: 112->110(152)
[4705.630s][info][gc,heap        ] GC(1424) Old regions: 539->475
[4705.630s][info][gc,heap        ] GC(1424) Humongous regions: 80->80
[4705.630s][info][gc,metaspace   ] GC(1424) Metaspace: 28917K(29312K)->28917K(29312K) NonClass: 24049K(24256K)->24049K(24256K) Class: 4868K(5056K)->4868K(5056K)
[4705.630s][info][gc             ] GC(1424) Pause Young (Mixed) (G1 Evacuation Pause) 3663M->1327M(4096M) 133.185ms
[4705.630s][info][gc,cpu         ] GC(1424) User=0.78s Sys=0.00s Real=0.13s
..[4707.694s][info][gc,start       ] GC(1425) Pause Young (Concurrent Start) (G1 Evacuation Pause)
[4707.694s][info][gc,task        ] GC(1425) Using 6 workers of 6 for evacuation
[4707.815s][info][gc,phases      ] GC(1425)   Pre Evacuate Collection Set: 0.38ms
[4707.815s][info][gc,phases      ] GC(1425)   Merge Heap Roots: 0.49ms
[4707.815s][info][gc,phases      ] GC(1425)   Evacuate Collection Set: 118.92ms
[4707.815s][info][gc,phases      ] GC(1425)   Post Evacuate Collection Set: 0.85ms
[4707.815s][info][gc,phases      ] GC(1425)   Other: 0.11ms
[4707.815s][info][gc,heap        ] GC(1425) Eden regions: 1118->0(1117)
[4707.815s][info][gc,heap        ] GC(1425) Survivor regions: 110->111(154)
[4707.815s][info][gc,heap        ] GC(1425) Old regions: 475->506
[4707.815s][info][gc,heap        ] GC(1425) Humongous regions: 80->80
[4707.815s][info][gc,metaspace   ] GC(1425) Metaspace: 28917K(29312K)->28917K(29312K) NonClass: 24049K(24256K)->24049K(24256K) Class: 4868K(5056K)->4868K(5056K)
[4707.815s][info][gc             ] GC(1425) Pause Young (Concurrent Start) (G1 Evacuation Pause) 3563M->1393M(4096M) 120.943ms
[4707.815s][info][gc             ] GC(1426) Concurrent Mark Cycle
[4707.815s][info][gc,marking     ] GC(1426) Concurrent Scan Root Regions
[4707.815s][info][gc,cpu         ] GC(1425) User=0.71s Sys=0.00s Real=0.12s
[4708.005s][info][gc,marking     ] GC(1426) Concurrent Scan Root Regions 190.014ms
[4708.005s][info][gc,marking     ] GC(1426) Concurrent Mark
[4708.005s][info][gc,marking     ] GC(1426) Concurrent Mark From Roots
[4708.005s][info][gc,task        ] GC(1426) Using 2 workers of 2 for marking
.[4708.951s][info][gc,marking     ] GC(1426) Concurrent Mark From Roots 946.314ms
[4708.951s][info][gc,marking     ] GC(1426) Concurrent Preclean
[4708.951s][info][gc,marking     ] GC(1426) Concurrent Preclean 0.174ms
[4708.952s][info][gc,start       ] GC(1426) Pause Remark
[4708.960s][info][gc             ] GC(1426) Pause Remark 2513M->2513M(4096M) 7.248ms
[4708.960s][info][gc,cpu         ] GC(1426) User=0.04s Sys=0.00s Real=0.01s
[4708.960s][info][gc,marking     ] GC(1426) Concurrent Mark 955.102ms
[4708.960s][info][gc,marking     ] GC(1426) Concurrent Rebuild Remembered Sets and Scrub Regions
.[4709.586s][info][gc,marking     ] GC(1426) Concurrent Rebuild Remembered Sets and Scrub Regions 626.148ms
[4709.586s][info][gc,start       ] GC(1426) Pause Cleanup
[4709.586s][info][gc             ] GC(1426) Pause Cleanup 3172M->3172M(4096M) 0.125ms
[4709.586s][info][gc,cpu         ] GC(1426) User=0.00s Sys=0.00s Real=0.00s
[4709.587s][info][gc,marking     ] GC(1426) Concurrent Clear Claimed Marks
[4709.587s][info][gc,marking     ] GC(1426) Concurrent Clear Claimed Marks 0.037ms
[4709.587s][info][gc,marking     ] GC(1426) Concurrent Cleanup for Next Mark
[4709.598s][info][gc,marking     ] GC(1426) Concurrent Cleanup for Next Mark 11.727ms
[4709.598s][info][gc             ] GC(1426) Concurrent Mark Cycle 1783.661ms
[4709.894s][info][gc,start       ] GC(1427) Pause Young (Prepare Mixed) (G1 Evacuation Pause)
[4709.894s][info][gc,task        ] GC(1427) Using 6 workers of 6 for evacuation
[4710.012s][info][gc,phases      ] GC(1427)   Pre Evacuate Collection Set: 0.33ms
[4710.012s][info][gc,phases      ] GC(1427)   Merge Heap Roots: 0.48ms
[4710.012s][info][gc,phases      ] GC(1427)   Evacuate Collection Set: 116.20ms
[4710.012s][info][gc,phases      ] GC(1427)   Post Evacuate Collection Set: 0.95ms
[4710.012s][info][gc,phases      ] GC(1427)   Other: 0.09ms
[4710.012s][info][gc,heap        ] GC(1427) Eden regions: 1117->0(1104)
[4710.012s][info][gc,heap        ] GC(1427) Survivor regions: 111->112(154)
[4710.012s][info][gc,heap        ] GC(1427) Old regions: 506->537
[4710.012s][info][gc,heap        ] GC(1427) Humongous regions: 80->80
[4710.012s][info][gc,metaspace   ] GC(1427) Metaspace: 28917K(29312K)->28917K(29312K) NonClass: 24049K(24256K)->24049K(24256K) Class: 4868K(5056K)->4868K(5056K)
[4710.012s][info][gc             ] GC(1427) Pause Young (Prepare Mixed) (G1 Evacuation Pause) 3627M->1456M(4096M) 118.188ms
[4710.012s][info][gc,cpu         ] GC(1427) User=0.70s Sys=0.00s Real=0.11s
..[4712.074s][info][gc,start       ] GC(1428) Pause Young (Mixed) (G1 Evacuation Pause)
[4712.074s][info][gc,task        ] GC(1428) Using 6 workers of 6 for evacuation
[4712.208s][info][gc,phases      ] GC(1428)   Pre Evacuate Collection Set: 0.39ms
[4712.208s][info][gc,phases      ] GC(1428)   Merge Heap Roots: 0.71ms
[4712.208s][info][gc,phases      ] GC(1428)   Evacuate Collection Set: 131.59ms
[4712.208s][info][gc,phases      ] GC(1428)   Post Evacuate Collection Set: 0.95ms
[4712.208s][info][gc,phases      ] GC(1428)   Other: 0.09ms
[4712.208s][info][gc,heap        ] GC(1428) Eden regions: 1104->0(1117)
[4712.208s][info][gc,heap        ] GC(1428) Survivor regions: 112->111(152)
[4712.208s][info][gc,heap        ] GC(1428) Old regions: 537->473
[4712.208s][info][gc,heap        ] GC(1428) Humongous regions: 80->80
[4712.208s][info][gc,metaspace   ] GC(1428) Metaspace: 28917K(29312K)->28917K(29312K) NonClass: 24049K(24256K)->24049K(24256K) Class: 4868K(5056K)->4868K(5056K)
[4712.208s][info][gc             ] GC(1428) Pause Young (Mixed) (G1 Evacuation Pause) 3664M->1326M(4096M) 133.879ms
[4712.208s][info][gc,cpu         ] GC(1428) User=0.79s Sys=0.00s Real=0.13s
.|.[4714.300s][info][gc,start       ] GC(1429) Pause Young (Concurrent Start) (G1 Evacuation Pause)
[4714.300s][info][gc,task        ] GC(1429) Using 6 workers of 6 for evacuation
[4714.419s][info][gc,phases      ] GC(1429)   Pre Evacuate Collection Set: 0.40ms
